> Task :kmpPartiallyResolvedDependenciesChecker
> Task :checkKotlinGradlePluginConfigurationErrors SKIPPED
> Task :compileKotlinJvm UP-TO-DATE
> Task :compileJvmMainJava NO-SOURCE
> Task :cloneTypeScriptRepo UP-TO-DATE
> Task :generateTypeScriptTests UP-TO-DATE
> Task :jvmProcessResources NO-SOURCE
> Task :processJvmMainResources SKIPPED
> Task :jvmMainClasses UP-TO-DATE
> Task :jvmJar UP-TO-DATE
> Task :compileTestKotlinJvm UP-TO-DATE
> Task :compileJvmTestJava NO-SOURCE
> Task :jvmTestProcessResources NO-SOURCE
> Task :processJvmTestResources SKIPPED
> Task :jvmTestClasses UP-TO-DATE

> Task :jvmTest

CrlfSameAsIssueTest[jvm] > lfDiffOutputIsReadableForComparison[jvm] SKIPPED

CrlfSameAsIssueTest[jvm] > crlfDiffOutputIsGarbledInTerminal[jvm] SKIPPED

CrlfSameAsIssueTest[jvm] > minimalCrlfReproduction[jvm] SKIPPED

<test-failure test="com.xemantic.typescript.compiler.TypeScriptCompilerTests_A.allowSyntheticDefaultImports8_ts has expected errors matching allowSyntheticDefaultImports8_errors_txt" platform="jvm">
<message>
--- expected
+++ actual
@@ -1,6 +1,5 @@
 error TS5107: Option 'allowSyntheticDefaultImports=false' is deprecated and will stop functioning in TypeScript 7.0. Specify compilerOption '"ignoreDeprecations": "6.0"' to silence this error.
 error TS5107: Option 'module=System' is deprecated and will stop functioning in TypeScript 7.0. Specify compilerOption '"ignoreDeprecations": "6.0"' to silence this error.
-a.ts(1,10): error TS2305: Module '"./b"' has no exported member 'default'.
 
 
 !!! error TS5107: Option 'allowSyntheticDefaultImports=false' is deprecated and will stop functioning in TypeScript 7.0. Specify compilerOption '"ignoreDeprecations": "6.0"' to silence this error.
@@ -10,9 +9,7 @@
     
     export function bar();
     
-==== a.ts (1 errors) ====
+==== a.ts (0 errors) ====
     import { default as Foo } from "./b";
-             ~~~~~~~
-!!! error TS2305: Module '"./b"' has no exported member 'default'.
     Foo.bar();
     Foo.foo();

</message>
<stacktrace>
  at org.junit.Assert.fail(Assert.java:89)
  at kotlin.test.junit.JUnitAsserter.fail(JUnitSupport.kt:56)
  at kotlin.test.AssertionsKt__AssertionsKt.fail(Assertions.kt:563)
  at kotlin.test.AssertionsKt.fail(Unknown Source)
  at com.xemantic.kotlin.test.SameAsKt.sameAs(SameAs.kt:52)
  at com.xemantic.typescript.compiler.TypeScriptTestSupportKt.errorsMatchBaseline(TypeScriptTestSupport.kt:135)
  at com.xemantic.typescript.compiler.TypeScriptCompilerTests_A.allowSyntheticDefaultImports8_ts has expected errors matching allowSyntheticDefaultImports8_errors_txt(TypeScriptCompilerTests_A.kt:987)
  at java.base/jdk.internal.reflect.DirectMethodHandleAccessor.invoke(DirectMethodHandleAccessor.java:104)
  at java.base/java.lang.reflect.Method.invoke(Method.java:565)
  at org.junit.runners.model.FrameworkMethod$1.runReflectiveCall(FrameworkMethod.java:59)
  at org.junit.internal.runners.model.ReflectiveCallable.run(ReflectiveCallable.java:12)
  at org.junit.runners.model.FrameworkMethod.invokeExplosively(FrameworkMethod.java:56)
  at org.junit.internal.runners.statements.InvokeMethod.evaluate(InvokeMethod.java:17)
  at org.junit.runners.ParentRunner$3.evaluate(ParentRunner.java:306)
  at org.junit.runners.BlockJUnit4ClassRunner$1.evaluate(BlockJUnit4ClassRunner.java:100)
  at org.junit.runners.ParentRunner.runLeaf(ParentRunner.java:366)
  at org.junit.runners.BlockJUnit4ClassRunner.runChild(BlockJUnit4ClassRunner.java:103)
  at org.junit.runners.BlockJUnit4ClassRunner.runChild(BlockJUnit4ClassRunner.java:63)
  at org.junit.runners.ParentRunner$4.run(ParentRunner.java:331)
  at org.junit.runners.ParentRunner$1.schedule(ParentRunner.java:79)
  at org.junit.runners.ParentRunner.runChildren(ParentRunner.java:329)
  at org.junit.runners.ParentRunner.access$100(ParentRunner.java:66)
  at org.junit.runners.ParentRunner$2.evaluate(ParentRunner.java:293)
  at org.junit.runners.ParentRunner$3.evaluate(ParentRunner.java:306)
  at org.junit.runners.ParentRunner.run(ParentRunner.java:413)
  at org.junit.runner.JUnitCore.run(JUnitCore.java:137)
  at org.junit.runner.JUnitCore.run(JUnitCore.java:115)
  at org.gradle.api.internal.tasks.testing.junit.JUnitTestExecutor.runRequest(JUnitTestExecutor.java:175)
  at org.gradle.api.internal.tasks.testing.junit.JUnitTestExecutor.accept(JUnitTestExecutor.java:84)
  at org.gradle.api.internal.tasks.testing.junit.JUnitTestExecutor.accept(JUnitTestExecutor.java:47)
  at org.gradle.api.internal.tasks.testing.junit.AbstractJUnitTestDefinitionProcessor.processTestDefinition(AbstractJUnitTestDefinitionProcessor.java:65)
  at org.gradle.api.internal.tasks.testing.SuiteTestDefinitionProcessor.processTestDefinition(SuiteTestDefinitionProcessor.java:54)
  at java.base/jdk.internal.reflect.DirectMethodHandleAccessor.invoke(DirectMethodHandleAccessor.java:104)
  at java.base/java.lang.reflect.Method.invoke(Method.java:565)
  at org.gradle.internal.dispatch.MethodInvocation.invokeOn(MethodInvocation.java:77)
  at org.gradle.internal.dispatch.ReflectionDispatch.dispatch(ReflectionDispatch.java:28)
  at org.gradle.internal.dispatch.ReflectionDispatch.dispatch(ReflectionDispatch.java:19)
  at org.gradle.internal.dispatch.ContextClassLoaderDispatch.dispatch(ContextClassLoaderDispatch.java:33)
  at org.gradle.internal.dispatch.ProxyDispatchAdapter$DispatchingInvocationHandler.invoke(ProxyDispatchAdapter.java:88)
  at jdk.proxy1/jdk.proxy1.$Proxy4.processTestDefinition(Unknown Source)
  at org.gradle.api.internal.tasks.testing.worker.TestWorker$2.run(TestWorker.java:178)
  at org.gradle.api.internal.tasks.testing.worker.TestWorker.executeAndMaintainThreadName(TestWorker.java:126)
  at org.gradle.api.internal.tasks.testing.worker.TestWorker.execute(TestWorker.java:103)
  at org.gradle.api.internal.tasks.testing.worker.TestWorker.execute(TestWorker.java:63)
  at org.gradle.process.internal.worker.child.ActionExecutionWorker.execute(ActionExecutionWorker.java:56)
  at org.gradle.process.internal.worker.child.SystemApplicationClassLoaderWorker.call(SystemApplicationClassLoaderWorker.java:122)
  at org.gradle.process.internal.worker.child.SystemApplicationClassLoaderWorker.call(SystemApplicationClassLoaderWorker.java:72)
  at worker.org.gradle.process.internal.worker.GradleWorkerMain.run(GradleWorkerMain.java:69)
  at worker.org.gradle.process.internal.worker.GradleWorkerMain.main(GradleWorkerMain.java:74)
</stacktrace>
</test-failure>


TypeScriptCompilerTests_A[jvm] > allowSyntheticDefaultImports8_ts has expected errors matching allowSyntheticDefaultImports8_errors_txt[jvm] FAILED

<test-failure test="com.xemantic.typescript.compiler.TypeScriptCompilerTests_A.assignmentCompatability20_ts has expected errors matching assignmentCompatability20_errors_txt" platform="jvm">
<message>
Expected diagnostics from baseline typescript-repo/tests/baselines/reference/assignmentCompatability20.errors.txt but none produced
</message>
<stacktrace>
  at com.xemantic.typescript.compiler.TypeScriptTestSupportKt.errorsMatchBaseline(TypeScriptTestSupport.kt:125)
  at com.xemantic.typescript.compiler.TypeScriptCompilerTests_A.assignmentCompatability20_ts has expected errors matching assignmentCompatability20_errors_txt(TypeScriptCompilerTests_A.kt:3395)
  at java.base/jdk.internal.reflect.DirectMethodHandleAccessor.invoke(DirectMethodHandleAccessor.java:104)
  at java.base/java.lang.reflect.Method.invoke(Method.java:565)
  at org.junit.runners.model.FrameworkMethod$1.runReflectiveCall(FrameworkMethod.java:59)
  at org.junit.internal.runners.model.ReflectiveCallable.run(ReflectiveCallable.java:12)
  at org.junit.runners.model.FrameworkMethod.invokeExplosively(FrameworkMethod.java:56)
  at org.junit.internal.runners.statements.InvokeMethod.evaluate(InvokeMethod.java:17)
  at org.junit.runners.ParentRunner$3.evaluate(ParentRunner.java:306)
  at org.junit.runners.BlockJUnit4ClassRunner$1.evaluate(BlockJUnit4ClassRunner.java:100)
  at org.junit.runners.ParentRunner.runLeaf(ParentRunner.java:366)
  at org.junit.runners.BlockJUnit4ClassRunner.runChild(BlockJUnit4ClassRunner.java:103)
  at org.junit.runners.BlockJUnit4ClassRunner.runChild(BlockJUnit4ClassRunner.java:63)
  at org.junit.runners.ParentRunner$4.run(ParentRunner.java:331)
  at org.junit.runners.ParentRunner$1.schedule(ParentRunner.java:79)
  at org.junit.runners.ParentRunner.runChildren(ParentRunner.java:329)
  at org.junit.runners.ParentRunner.access$100(ParentRunner.java:66)
  at org.junit.runners.ParentRunner$2.evaluate(ParentRunner.java:293)
  at org.junit.runners.ParentRunner$3.evaluate(ParentRunner.java:306)
  at org.junit.runners.ParentRunner.run(ParentRunner.java:413)
  at org.junit.runner.JUnitCore.run(JUnitCore.java:137)
  at org.junit.runner.JUnitCore.run(JUnitCore.java:115)
  at org.gradle.api.internal.tasks.testing.junit.JUnitTestExecutor.runRequest(JUnitTestExecutor.java:175)
  at org.gradle.api.internal.tasks.testing.junit.JUnitTestExecutor.accept(JUnitTestExecutor.java:84)
  at org.gradle.api.internal.tasks.testing.junit.JUnitTestExecutor.accept(JUnitTestExecutor.java:47)
  at org.gradle.api.internal.tasks.testing.junit.AbstractJUnitTestDefinitionProcessor.processTestDefinition(AbstractJUnitTestDefinitionProcessor.java:65)
  at org.gradle.api.internal.tasks.testing.SuiteTestDefinitionProcessor.processTestDefinition(SuiteTestDefinitionProcessor.java:54)
  at java.base/jdk.internal.reflect.DirectMethodHandleAccessor.invoke(DirectMethodHandleAccessor.java:104)
  at java.base/java.lang.reflect.Method.invoke(Method.java:565)
  at org.gradle.internal.dispatch.MethodInvocation.invokeOn(MethodInvocation.java:77)
  at org.gradle.internal.dispatch.ReflectionDispatch.dispatch(ReflectionDispatch.java:28)
  at org.gradle.internal.dispatch.ReflectionDispatch.dispatch(ReflectionDispatch.java:19)
  at org.gradle.internal.dispatch.ContextClassLoaderDispatch.dispatch(ContextClassLoaderDispatch.java:33)
  at org.gradle.internal.dispatch.ProxyDispatchAdapter$DispatchingInvocationHandler.invoke(ProxyDispatchAdapter.java:88)
  at jdk.proxy1/jdk.proxy1.$Proxy4.processTestDefinition(Unknown Source)
  at org.gradle.api.internal.tasks.testing.worker.TestWorker$2.run(TestWorker.java:178)
  at org.gradle.api.internal.tasks.testing.worker.TestWorker.executeAndMaintainThreadName(TestWorker.java:126)
  at org.gradle.api.internal.tasks.testing.worker.TestWorker.execute(TestWorker.java:103)
  at org.gradle.api.internal.tasks.testing.worker.TestWorker.execute(TestWorker.java:63)
  at org.gradle.process.internal.worker.child.ActionExecutionWorker.execute(ActionExecutionWorker.java:56)
  at org.gradle.process.internal.worker.child.SystemApplicationClassLoaderWorker.call(SystemApplicationClassLoaderWorker.java:122)
  at org.gradle.process.internal.worker.child.SystemApplicationClassLoaderWorker.call(SystemApplicationClassLoaderWorker.java:72)
  at worker.org.gradle.process.internal.worker.GradleWorkerMain.run(GradleWorkerMain.java:69)
  at worker.org.gradle.process.internal.worker.GradleWorkerMain.main(GradleWorkerMain.java:74)
</stacktrace>
</test-failure>


TypeScriptCompilerTests_A[jvm] > assignmentCompatability20_ts has expected errors matching assignmentCompatability20_errors_txt[jvm] FAILED

<test-failure test="com.xemantic.typescript.compiler.TypeScriptCompilerTests_A.assignmentCompatability24_ts has expected errors matching assignmentCompatability24_errors_txt" platform="jvm">
<message>
Expected diagnostics from baseline typescript-repo/tests/baselines/reference/assignmentCompatability24.errors.txt but none produced
</message>
<stacktrace>
  at com.xemantic.typescript.compiler.TypeScriptTestSupportKt.errorsMatchBaseline(TypeScriptTestSupport.kt:125)
  at com.xemantic.typescript.compiler.TypeScriptCompilerTests_A.assignmentCompatability24_ts has expected errors matching assignmentCompatability24_errors_txt(TypeScriptCompilerTests_A.kt:3451)
  at java.base/jdk.internal.reflect.DirectMethodHandleAccessor.invoke(DirectMethodHandleAccessor.java:104)
  at java.base/java.lang.reflect.Method.invoke(Method.java:565)
  at org.junit.runners.model.FrameworkMethod$1.runReflectiveCall(FrameworkMethod.java:59)
  at org.junit.internal.runners.model.ReflectiveCallable.run(ReflectiveCallable.java:12)
  at org.junit.runners.model.FrameworkMethod.invokeExplosively(FrameworkMethod.java:56)
  at org.junit.internal.runners.statements.InvokeMethod.evaluate(InvokeMethod.java:17)
  at org.junit.runners.ParentRunner$3.evaluate(ParentRunner.java:306)
  at org.junit.runners.BlockJUnit4ClassRunner$1.evaluate(BlockJUnit4ClassRunner.java:100)
  at org.junit.runners.ParentRunner.runLeaf(ParentRunner.java:366)
  at org.junit.runners.BlockJUnit4ClassRunner.runChild(BlockJUnit4ClassRunner.java:103)
  at org.junit.runners.BlockJUnit4ClassRunner.runChild(BlockJUnit4ClassRunner.java:63)
  at org.junit.runners.ParentRunner$4.run(ParentRunner.java:331)
  at org.junit.runners.ParentRunner$1.schedule(ParentRunner.java:79)
  at org.junit.runners.ParentRunner.runChildren(ParentRunner.java:329)
  at org.junit.runners.ParentRunner.access$100(ParentRunner.java:66)
  at org.junit.runners.ParentRunner$2.evaluate(ParentRunner.java:293)
  at org.junit.runners.ParentRunner$3.evaluate(ParentRunner.java:306)
  at org.junit.runners.ParentRunner.run(ParentRunner.java:413)
  at org.junit.runner.JUnitCore.run(JUnitCore.java:137)
  at org.junit.runner.JUnitCore.run(JUnitCore.java:115)
  at org.gradle.api.internal.tasks.testing.junit.JUnitTestExecutor.runRequest(JUnitTestExecutor.java:175)
  at org.gradle.api.internal.tasks.testing.junit.JUnitTestExecutor.accept(JUnitTestExecutor.java:84)
  at org.gradle.api.internal.tasks.testing.junit.JUnitTestExecutor.accept(JUnitTestExecutor.java:47)
  at org.gradle.api.internal.tasks.testing.junit.AbstractJUnitTestDefinitionProcessor.processTestDefinition(AbstractJUnitTestDefinitionProcessor.java:65)
  at org.gradle.api.internal.tasks.testing.SuiteTestDefinitionProcessor.processTestDefinition(SuiteTestDefinitionProcessor.java:54)
  at java.base/jdk.internal.reflect.DirectMethodHandleAccessor.invoke(DirectMethodHandleAccessor.java:104)
  at java.base/java.lang.reflect.Method.invoke(Method.java:565)
  at org.gradle.internal.dispatch.MethodInvocation.invokeOn(MethodInvocation.java:77)
  at org.gradle.internal.dispatch.ReflectionDispatch.dispatch(ReflectionDispatch.java:28)
  at org.gradle.internal.dispatch.ReflectionDispatch.dispatch(ReflectionDispatch.java:19)
  at org.gradle.internal.dispatch.ContextClassLoaderDispatch.dispatch(ContextClassLoaderDispatch.java:33)
  at org.gradle.internal.dispatch.ProxyDispatchAdapter$DispatchingInvocationHandler.invoke(ProxyDispatchAdapter.java:88)
  at jdk.proxy1/jdk.proxy1.$Proxy4.processTestDefinition(Unknown Source)
  at org.gradle.api.internal.tasks.testing.worker.TestWorker$2.run(TestWorker.java:178)
  at org.gradle.api.internal.tasks.testing.worker.TestWorker.executeAndMaintainThreadName(TestWorker.java:126)
  at org.gradle.api.internal.tasks.testing.worker.TestWorker.execute(TestWorker.java:103)
  at org.gradle.api.internal.tasks.testing.worker.TestWorker.execute(TestWorker.java:63)
  at org.gradle.process.internal.worker.child.ActionExecutionWorker.execute(ActionExecutionWorker.java:56)
  at org.gradle.process.internal.worker.child.SystemApplicationClassLoaderWorker.call(SystemApplicationClassLoaderWorker.java:122)
  at org.gradle.process.internal.worker.child.SystemApplicationClassLoaderWorker.call(SystemApplicationClassLoaderWorker.java:72)
  at worker.org.gradle.process.internal.worker.GradleWorkerMain.run(GradleWorkerMain.java:69)
  at worker.org.gradle.process.internal.worker.GradleWorkerMain.main(GradleWorkerMain.java:74)
</stacktrace>
</test-failure>


TypeScriptCompilerTests_A[jvm] > assignmentCompatability24_ts has expected errors matching assignmentCompatability24_errors_txt[jvm] FAILED

<test-failure test="com.xemantic.typescript.compiler.TypeScriptCompilerTests_A.assignmentCompatability28_ts has expected errors matching assignmentCompatability28_errors_txt" platform="jvm">
<message>
Expected diagnostics from baseline typescript-repo/tests/baselines/reference/assignmentCompatability28.errors.txt but none produced
</message>
<stacktrace>
  at com.xemantic.typescript.compiler.TypeScriptTestSupportKt.errorsMatchBaseline(TypeScriptTestSupport.kt:125)
  at com.xemantic.typescript.compiler.TypeScriptCompilerTests_A.assignmentCompatability28_ts has expected errors matching assignmentCompatability28_errors_txt(TypeScriptCompilerTests_A.kt:3507)
  at java.base/jdk.internal.reflect.DirectMethodHandleAccessor.invoke(DirectMethodHandleAccessor.java:104)
  at java.base/java.lang.reflect.Method.invoke(Method.java:565)
  at org.junit.runners.model.FrameworkMethod$1.runReflectiveCall(FrameworkMethod.java:59)
  at org.junit.internal.runners.model.ReflectiveCallable.run(ReflectiveCallable.java:12)
  at org.junit.runners.model.FrameworkMethod.invokeExplosively(FrameworkMethod.java:56)
  at org.junit.internal.runners.statements.InvokeMethod.evaluate(InvokeMethod.java:17)
  at org.junit.runners.ParentRunner$3.evaluate(ParentRunner.java:306)
  at org.junit.runners.BlockJUnit4ClassRunner$1.evaluate(BlockJUnit4ClassRunner.java:100)
  at org.junit.runners.ParentRunner.runLeaf(ParentRunner.java:366)
  at org.junit.runners.BlockJUnit4ClassRunner.runChild(BlockJUnit4ClassRunner.java:103)
  at org.junit.runners.BlockJUnit4ClassRunner.runChild(BlockJUnit4ClassRunner.java:63)
  at org.junit.runners.ParentRunner$4.run(ParentRunner.java:331)
  at org.junit.runners.ParentRunner$1.schedule(ParentRunner.java:79)
  at org.junit.runners.ParentRunner.runChildren(ParentRunner.java:329)
  at org.junit.runners.ParentRunner.access$100(ParentRunner.java:66)
  at org.junit.runners.ParentRunner$2.evaluate(ParentRunner.java:293)
  at org.junit.runners.ParentRunner$3.evaluate(ParentRunner.java:306)
  at org.junit.runners.ParentRunner.run(ParentRunner.java:413)
  at org.junit.runner.JUnitCore.run(JUnitCore.java:137)
  at org.junit.runner.JUnitCore.run(JUnitCore.java:115)
  at org.gradle.api.internal.tasks.testing.junit.JUnitTestExecutor.runRequest(JUnitTestExecutor.java:175)
  at org.gradle.api.internal.tasks.testing.junit.JUnitTestExecutor.accept(JUnitTestExecutor.java:84)
  at org.gradle.api.internal.tasks.testing.junit.JUnitTestExecutor.accept(JUnitTestExecutor.java:47)
  at org.gradle.api.internal.tasks.testing.junit.AbstractJUnitTestDefinitionProcessor.processTestDefinition(AbstractJUnitTestDefinitionProcessor.java:65)
  at org.gradle.api.internal.tasks.testing.SuiteTestDefinitionProcessor.processTestDefinition(SuiteTestDefinitionProcessor.java:54)
  at java.base/jdk.internal.reflect.DirectMethodHandleAccessor.invoke(DirectMethodHandleAccessor.java:104)
  at java.base/java.lang.reflect.Method.invoke(Method.java:565)
  at org.gradle.internal.dispatch.MethodInvocation.invokeOn(MethodInvocation.java:77)
  at org.gradle.internal.dispatch.ReflectionDispatch.dispatch(ReflectionDispatch.java:28)
  at org.gradle.internal.dispatch.ReflectionDispatch.dispatch(ReflectionDispatch.java:19)
  at org.gradle.internal.dispatch.ContextClassLoaderDispatch.dispatch(ContextClassLoaderDispatch.java:33)
  at org.gradle.internal.dispatch.ProxyDispatchAdapter$DispatchingInvocationHandler.invoke(ProxyDispatchAdapter.java:88)
  at jdk.proxy1/jdk.proxy1.$Proxy4.processTestDefinition(Unknown Source)
  at org.gradle.api.internal.tasks.testing.worker.TestWorker$2.run(TestWorker.java:178)
  at org.gradle.api.internal.tasks.testing.worker.TestWorker.executeAndMaintainThreadName(TestWorker.java:126)
  at org.gradle.api.internal.tasks.testing.worker.TestWorker.execute(TestWorker.java:103)
  at org.gradle.api.internal.tasks.testing.worker.TestWorker.execute(TestWorker.java:63)
  at org.gradle.process.internal.worker.child.ActionExecutionWorker.execute(ActionExecutionWorker.java:56)
  at org.gradle.process.internal.worker.child.SystemApplicationClassLoaderWorker.call(SystemApplicationClassLoaderWorker.java:122)
  at org.gradle.process.internal.worker.child.SystemApplicationClassLoaderWorker.call(SystemApplicationClassLoaderWorker.java:72)
  at worker.org.gradle.process.internal.worker.GradleWorkerMain.run(GradleWorkerMain.java:69)
  at worker.org.gradle.process.internal.worker.GradleWorkerMain.main(GradleWorkerMain.java:74)
</stacktrace>
</test-failure>


TypeScriptCompilerTests_A[jvm] > assignmentCompatability28_ts has expected errors matching assignmentCompatability28_errors_txt[jvm] FAILED

<test-failure test="com.xemantic.typescript.compiler.TypeScriptCompilerTests_A.asiPublicPrivateProtected_ts__alwaysstrict_true__has expected errors matching baseline" platform="jvm">
<message>
--- expected
+++ actual
@@ -1,17 +1,13 @@
 asiPublicPrivateProtected.ts(1,1): error TS1212: Identifier expected. 'public' is a reserved word in strict mode.
-asiPublicPrivateProtected.ts(1,1): error TS2304: Cannot find name 'public'.
 asiPublicPrivateProtected.ts(12,1): error TS1212: Identifier expected. 'private' is a reserved word in strict mode.
-asiPublicPrivateProtected.ts(12,1): error TS2304: Cannot find name 'private'.
 asiPublicPrivateProtected.ts(23,1): error TS1212: Identifier expected. 'protected' is a reserved word in strict mode.
-asiPublicPrivateProtected.ts(23,1): error TS2304: Cannot find name 'protected'.
+asiPublicPrivateProtected.ts(40,1): error TS1005: '}' expected.
 
 
-==== asiPublicPrivateProtected.ts (6 errors) ====
+==== asiPublicPrivateProtected.ts (4 errors) ====
     public
     ~~~~~~
 !!! error TS1212: Identifier expected. 'public' is a reserved word in strict mode.
-    ~~~~~~
-!!! error TS2304: Cannot find name 'public'.
     class NonPublicClass {
         public s() {
         }
@@ -25,8 +21,6 @@
     private
     ~~~~~~~
 !!! error TS1212: Identifier expected. 'private' is a reserved word in strict mode.
-    ~~~~~~~
-!!! error TS2304: Cannot find name 'private'.
     class NonPrivateClass {
         private s() {
         }
@@ -40,8 +34,6 @@
     protected
     ~~~~~~~~~
 !!! error TS1212: Identifier expected. 'protected' is a reserved word in strict mode.
-    ~~~~~~~~~
-!!! error TS2304: Cannot find name 'protected'.
     class NonProtectedClass {
       protected s() {
       }
@@ -58,3 +50,7 @@
         private
         protected
     }
+    
+    
+!!! error TS1005: '}' expected.
+!!! related TS1007 asiPublicPrivateProtected.ts:35:29: The parser expected to find a '}' to match the '{' token here.

</message>
<stacktrace>
  at org.junit.Assert.fail(Assert.java:89)
  at kotlin.test.junit.JUnitAsserter.fail(JUnitSupport.kt:56)
  at kotlin.test.AssertionsKt__AssertionsKt.fail(Assertions.kt:563)
  at kotlin.test.AssertionsKt.fail(Unknown Source)
  at com.xemantic.kotlin.test.SameAsKt.sameAs(SameAs.kt:52)
  at com.xemantic.typescript.compiler.TypeScriptTestSupportKt.errorsMatchBaseline(TypeScriptTestSupport.kt:135)
  at com.xemantic.typescript.compiler.TypeScriptCompilerTests_A.asiPublicPrivateProtected_ts__alwaysstrict_true__has expected errors matching baseline(TypeScriptCompilerTests_A.kt:2933)
  at java.base/jdk.internal.reflect.DirectMethodHandleAccessor.invoke(DirectMethodHandleAccessor.java:104)
  at java.base/java.lang.reflect.Method.invoke(Method.java:565)
  at org.junit.runners.model.FrameworkMethod$1.runReflectiveCall(FrameworkMethod.java:59)
  at org.junit.internal.runners.model.ReflectiveCallable.run(ReflectiveCallable.java:12)
  at org.junit.runners.model.FrameworkMethod.invokeExplosively(FrameworkMethod.java:56)
  at org.junit.internal.runners.statements.InvokeMethod.evaluate(InvokeMethod.java:17)
  at org.junit.runners.ParentRunner$3.evaluate(ParentRunner.java:306)
  at org.junit.runners.BlockJUnit4ClassRunner$1.evaluate(BlockJUnit4ClassRunner.java:100)
  at org.junit.runners.ParentRunner.runLeaf(ParentRunner.java:366)
  at org.junit.runners.BlockJUnit4ClassRunner.runChild(BlockJUnit4ClassRunner.java:103)
  at org.junit.runners.BlockJUnit4ClassRunner.runChild(BlockJUnit4ClassRunner.java:63)
  at org.junit.runners.ParentRunner$4.run(ParentRunner.java:331)
  at org.junit.runners.ParentRunner$1.schedule(ParentRunner.java:79)
  at org.junit.runners.ParentRunner.runChildren(ParentRunner.java:329)
  at org.junit.runners.ParentRunner.access$100(ParentRunner.java:66)
  at org.junit.runners.ParentRunner$2.evaluate(ParentRunner.java:293)
  at org.junit.runners.ParentRunner$3.evaluate(ParentRunner.java:306)
  at org.junit.runners.ParentRunner.run(ParentRunner.java:413)
  at org.junit.runner.JUnitCore.run(JUnitCore.java:137)
  at org.junit.runner.JUnitCore.run(JUnitCore.java:115)
  at org.gradle.api.internal.tasks.testing.junit.JUnitTestExecutor.runRequest(JUnitTestExecutor.java:175)
  at org.gradle.api.internal.tasks.testing.junit.JUnitTestExecutor.accept(JUnitTestExecutor.java:84)
  at org.gradle.api.internal.tasks.testing.junit.JUnitTestExecutor.accept(JUnitTestExecutor.java:47)
  at org.gradle.api.internal.tasks.testing.junit.AbstractJUnitTestDefinitionProcessor.processTestDefinition(AbstractJUnitTestDefinitionProcessor.java:65)
  at org.gradle.api.internal.tasks.testing.SuiteTestDefinitionProcessor.processTestDefinition(SuiteTestDefinitionProcessor.java:54)
  at java.base/jdk.internal.reflect.DirectMethodHandleAccessor.invoke(DirectMethodHandleAccessor.java:104)
  at java.base/java.lang.reflect.Method.invoke(Method.java:565)
  at org.gradle.internal.dispatch.MethodInvocation.invokeOn(MethodInvocation.java:77)
  at org.gradle.internal.dispatch.ReflectionDispatch.dispatch(ReflectionDispatch.java:28)
  at org.gradle.internal.dispatch.ReflectionDispatch.dispatch(ReflectionDispatch.java:19)
  at org.gradle.internal.dispatch.ContextClassLoaderDispatch.dispatch(ContextClassLoaderDispatch.java:33)
  at org.gradle.internal.dispatch.ProxyDispatchAdapter$DispatchingInvocationHandler.invoke(ProxyDispatchAdapter.java:88)
  at jdk.proxy1/jdk.proxy1.$Proxy4.processTestDefinition(Unknown Source)
  at org.gradle.api.internal.tasks.testing.worker.TestWorker$2.run(TestWorker.java:178)
  at org.gradle.api.internal.tasks.testing.worker.TestWorker.executeAndMaintainThreadName(TestWorker.java:126)
  at org.gradle.api.internal.tasks.testing.worker.TestWorker.execute(TestWorker.java:103)
  at org.gradle.api.internal.tasks.testing.worker.TestWorker.execute(TestWorker.java:63)
  at org.gradle.process.internal.worker.child.ActionExecutionWorker.execute(ActionExecutionWorker.java:56)
  at org.gradle.process.internal.worker.child.SystemApplicationClassLoaderWorker.call(SystemApplicationClassLoaderWorker.java:122)
  at org.gradle.process.internal.worker.child.SystemApplicationClassLoaderWorker.call(SystemApplicationClassLoaderWorker.java:72)
  at worker.org.gradle.process.internal.worker.GradleWorkerMain.run(GradleWorkerMain.java:69)
  at worker.org.gradle.process.internal.worker.GradleWorkerMain.main(GradleWorkerMain.java:74)
</stacktrace>
</test-failure>


TypeScriptCompilerTests_A[jvm] > asiPublicPrivateProtected_ts__alwaysstrict_true__has expected errors matching baseline[jvm] FAILED

<test-failure test="com.xemantic.typescript.compiler.TypeScriptCompilerTests_A.argumentsObjectIterator01_ES5_ts__target_es5__has expected errors matching baseline" platform="jvm">
<message>
--- expected
+++ actual
@@ -1,14 +1,11 @@
 error TS5107: Option 'target=ES5' is deprecated and will stop functioning in TypeScript 7.0. Specify compilerOption '"ignoreDeprecations": "6.0"' to silence this error.
-argumentsObjectIterator01_ES5.ts(3,21): error TS2802: Type 'IArguments' can only be iterated through when using the '--downlevelIteration' flag or with a '--target' of 'es2015' or higher.
 
 
 !!! error TS5107: Option 'target=ES5' is deprecated and will stop functioning in TypeScript 7.0. Specify compilerOption '"ignoreDeprecations": "6.0"' to silence this error.
-==== argumentsObjectIterator01_ES5.ts (1 errors) ====
+==== argumentsObjectIterator01_ES5.ts (0 errors) ====
     function doubleAndReturnAsArray(x: number, y: number, z: number): [number, number, number] {
         let result = [];
         for (let arg of arguments) {
-                        ~~~~~~~~~
-!!! error TS2802: Type 'IArguments' can only be iterated through when using the '--downlevelIteration' flag or with a '--target' of 'es2015' or higher.
             result.push(arg + arg);
         }
         return <[any, any, any]>result;

</message>
<stacktrace>
  at org.junit.Assert.fail(Assert.java:89)
  at kotlin.test.junit.JUnitAsserter.fail(JUnitSupport.kt:56)
  at kotlin.test.AssertionsKt__AssertionsKt.fail(Assertions.kt:563)
  at kotlin.test.AssertionsKt.fail(Unknown Source)
  at com.xemantic.kotlin.test.SameAsKt.sameAs(SameAs.kt:52)
  at com.xemantic.typescript.compiler.TypeScriptTestSupportKt.errorsMatchBaseline(TypeScriptTestSupport.kt:135)
  at com.xemantic.typescript.compiler.TypeScriptCompilerTests_A.argumentsObjectIterator01_ES5_ts__target_es5__has expected errors matching baseline(TypeScriptCompilerTests_A.kt:1869)
  at java.base/jdk.internal.reflect.DirectMethodHandleAccessor.invoke(DirectMethodHandleAccessor.java:104)
  at java.base/java.lang.reflect.Method.invoke(Method.java:565)
  at org.junit.runners.model.FrameworkMethod$1.runReflectiveCall(FrameworkMethod.java:59)
  at org.junit.internal.runners.model.ReflectiveCallable.run(ReflectiveCallable.java:12)
  at org.junit.runners.model.FrameworkMethod.invokeExplosively(FrameworkMethod.java:56)
  at org.junit.internal.runners.statements.InvokeMethod.evaluate(InvokeMethod.java:17)
  at org.junit.runners.ParentRunner$3.evaluate(ParentRunner.java:306)
  at org.junit.runners.BlockJUnit4ClassRunner$1.evaluate(BlockJUnit4ClassRunner.java:100)
  at org.junit.runners.ParentRunner.runLeaf(ParentRunner.java:366)
  at org.junit.runners.BlockJUnit4ClassRunner.runChild(BlockJUnit4ClassRunner.java:103)
  at org.junit.runners.BlockJUnit4ClassRunner.runChild(BlockJUnit4ClassRunner.java:63)
  at org.junit.runners.ParentRunner$4.run(ParentRunner.java:331)
  at org.junit.runners.ParentRunner$1.schedule(ParentRunner.java:79)
  at org.junit.runners.ParentRunner.runChildren(ParentRunner.java:329)
  at org.junit.runners.ParentRunner.access$100(ParentRunner.java:66)
  at org.junit.runners.ParentRunner$2.evaluate(ParentRunner.java:293)
  at org.junit.runners.ParentRunner$3.evaluate(ParentRunner.java:306)
  at org.junit.runners.ParentRunner.run(ParentRunner.java:413)
  at org.junit.runner.JUnitCore.run(JUnitCore.java:137)
  at org.junit.runner.JUnitCore.run(JUnitCore.java:115)
  at org.gradle.api.internal.tasks.testing.junit.JUnitTestExecutor.runRequest(JUnitTestExecutor.java:175)
  at org.gradle.api.internal.tasks.testing.junit.JUnitTestExecutor.accept(JUnitTestExecutor.java:84)
  at org.gradle.api.internal.tasks.testing.junit.JUnitTestExecutor.accept(JUnitTestExecutor.java:47)
  at org.gradle.api.internal.tasks.testing.junit.AbstractJUnitTestDefinitionProcessor.processTestDefinition(AbstractJUnitTestDefinitionProcessor.java:65)
  at org.gradle.api.internal.tasks.testing.SuiteTestDefinitionProcessor.processTestDefinition(SuiteTestDefinitionProcessor.java:54)
  at java.base/jdk.internal.reflect.DirectMethodHandleAccessor.invoke(DirectMethodHandleAccessor.java:104)
  at java.base/java.lang.reflect.Method.invoke(Method.java:565)
  at org.gradle.internal.dispatch.MethodInvocation.invokeOn(MethodInvocation.java:77)
  at org.gradle.internal.dispatch.ReflectionDispatch.dispatch(ReflectionDispatch.java:28)
  at org.gradle.internal.dispatch.ReflectionDispatch.dispatch(ReflectionDispatch.java:19)
  at org.gradle.internal.dispatch.ContextClassLoaderDispatch.dispatch(ContextClassLoaderDispatch.java:33)
  at org.gradle.internal.dispatch.ProxyDispatchAdapter$DispatchingInvocationHandler.invoke(ProxyDispatchAdapter.java:88)
  at jdk.proxy1/jdk.proxy1.$Proxy4.processTestDefinition(Unknown Source)
  at org.gradle.api.internal.tasks.testing.worker.TestWorker$2.run(TestWorker.java:178)
  at org.gradle.api.internal.tasks.testing.worker.TestWorker.executeAndMaintainThreadName(TestWorker.java:126)
  at org.gradle.api.internal.tasks.testing.worker.TestWorker.execute(TestWorker.java:103)
  at org.gradle.api.internal.tasks.testing.worker.TestWorker.execute(TestWorker.java:63)
  at org.gradle.process.internal.worker.child.ActionExecutionWorker.execute(ActionExecutionWorker.java:56)
  at org.gradle.process.internal.worker.child.SystemApplicationClassLoaderWorker.call(SystemApplicationClassLoaderWorker.java:122)
  at org.gradle.process.internal.worker.child.SystemApplicationClassLoaderWorker.call(SystemApplicationClassLoaderWorker.java:72)
  at worker.org.gradle.process.internal.worker.GradleWorkerMain.run(GradleWorkerMain.java:69)
  at worker.org.gradle.process.internal.worker.GradleWorkerMain.main(GradleWorkerMain.java:74)
</stacktrace>
</test-failure>


TypeScriptCompilerTests_A[jvm] > argumentsObjectIterator01_ES5_ts__target_es5__has expected errors matching baseline[jvm] FAILED

<test-failure test="com.xemantic.typescript.compiler.TypeScriptCompilerTests_A.arithmeticOnInvalidTypes_ts has expected errors matching arithmeticOnInvalidTypes_errors_txt" platform="jvm">
<message>
--- expected
+++ actual
@@ -1,54 +1,33 @@
 arithmeticOnInvalidTypes.ts(3,9): error TS2454: Variable 'x' is used before being assigned.
-arithmeticOnInvalidTypes.ts(3,9): error TS2365: Operator '+' cannot be applied to types 'Number' and 'Number'.
 arithmeticOnInvalidTypes.ts(3,13): error TS2454: Variable 'y' is used before being assigned.
-arithmeticOnInvalidTypes.ts(4,10): error TS2362: The left-hand side of an arithmetic operation must be of type 'any', 'number', 'bigint' or an enum type.
 arithmeticOnInvalidTypes.ts(4,10): error TS2454: Variable 'x' is used before being assigned.
-arithmeticOnInvalidTypes.ts(4,14): error TS2363: The right-hand side of an arithmetic operation must be of type 'any', 'number', 'bigint' or an enum type.
 arithmeticOnInvalidTypes.ts(4,14): error TS2454: Variable 'y' is used before being assigned.
-arithmeticOnInvalidTypes.ts(5,10): error TS2362: The left-hand side of an arithmetic operation must be of type 'any', 'number', 'bigint' or an enum type.
 arithmeticOnInvalidTypes.ts(5,10): error TS2454: Variable 'x' is used before being assigned.
-arithmeticOnInvalidTypes.ts(5,14): error TS2363: The right-hand side of an arithmetic operation must be of type 'any', 'number', 'bigint' or an enum type.
 arithmeticOnInvalidTypes.ts(5,14): error TS2454: Variable 'y' is used before being assigned.
-arithmeticOnInvalidTypes.ts(6,10): error TS2362: The left-hand side of an arithmetic operation must be of type 'any', 'number', 'bigint' or an enum type.
 arithmeticOnInvalidTypes.ts(6,10): error TS2454: Variable 'x' is used before being assigned.
-arithmeticOnInvalidTypes.ts(6,14): error TS2363: The right-hand side of an arithmetic operation must be of type 'any', 'number', 'bigint' or an enum type.
 arithmeticOnInvalidTypes.ts(6,14): error TS2454: Variable 'y' is used before being assigned.
 
 
-==== arithmeticOnInvalidTypes.ts (15 errors) ====
+==== arithmeticOnInvalidTypes.ts (8 errors) ====
     var x: Number;
     var y: Number;
     var z = x + y;
             ~
 !!! error TS2454: Variable 'x' is used before being assigned.
-            ~~~~~
-!!! error TS2365: Operator '+' cannot be applied to types 'Number' and 'Number'.
                 ~
 !!! error TS2454: Variable 'y' is used before being assigned.
     var z2 = x - y;
              ~
-!!! error TS2362: The left-hand side of an arithmetic operation must be of type 'any', 'number', 'bigint' or an enum type.
-             ~
 !!! error TS2454: Variable 'x' is used before being assigned.
                  ~
-!!! error TS2363: The right-hand side of an arithmetic operation must be of type 'any', 'number', 'bigint' or an enum type.
-                 ~
 !!! error TS2454: Variable 'y' is used before being assigned.
     var z3 = x * y;
              ~
-!!! error TS2362: The left-hand side of an arithmetic operation must be of type 'any', 'number', 'bigint' or an enum type.
-             ~
 !!! error TS2454: Variable 'x' is used before being assigned.
                  ~
-!!! error TS2363: The right-hand side of an arithmetic operation must be of type 'any', 'number', 'bigint' or an enum type.
-                 ~
 !!! error TS2454: Variable 'y' is used before being assigned.
     var z4 = x / y;
              ~
-!!! error TS2362: The left-hand side of an arithmetic operation must be of type 'any', 'number', 'bigint' or an enum type.
-             ~
 !!! error TS2454: Variable 'x' is used before being assigned.
                  ~
-!!! error TS2363: The right-hand side of an arithmetic operation must be of type 'any', 'number', 'bigint' or an enum type.
-                 ~
 !!! error TS2454: Variable 'y' is used before being assigned.

</message>
<stacktrace>
  at org.junit.Assert.fail(Assert.java:89)
  at kotlin.test.junit.JUnitAsserter.fail(JUnitSupport.kt:56)
  at kotlin.test.AssertionsKt__AssertionsKt.fail(Assertions.kt:563)
  at kotlin.test.AssertionsKt.fail(Unknown Source)
  at com.xemantic.kotlin.test.SameAsKt.sameAs(SameAs.kt:52)
  at com.xemantic.typescript.compiler.TypeScriptTestSupportKt.errorsMatchBaseline(TypeScriptTestSupport.kt:135)
  at com.xemantic.typescript.compiler.TypeScriptCompilerTests_A.arithmeticOnInvalidTypes_ts has expected errors matching arithmeticOnInvalidTypes_errors_txt(TypeScriptCompilerTests_A.kt:2135)
  at java.base/jdk.internal.reflect.DirectMethodHandleAccessor.invoke(DirectMethodHandleAccessor.java:104)
  at java.base/java.lang.reflect.Method.invoke(Method.java:565)
  at org.junit.runners.model.FrameworkMethod$1.runReflectiveCall(FrameworkMethod.java:59)
  at org.junit.internal.runners.model.ReflectiveCallable.run(ReflectiveCallable.java:12)
  at org.junit.runners.model.FrameworkMethod.invokeExplosively(FrameworkMethod.java:56)
  at org.junit.internal.runners.statements.InvokeMethod.evaluate(InvokeMethod.java:17)
  at org.junit.runners.ParentRunner$3.evaluate(ParentRunner.java:306)
  at org.junit.runners.BlockJUnit4ClassRunner$1.evaluate(BlockJUnit4ClassRunner.java:100)
  at org.junit.runners.ParentRunner.runLeaf(ParentRunner.java:366)
  at org.junit.runners.BlockJUnit4ClassRunner.runChild(BlockJUnit4ClassRunner.java:103)
  at org.junit.runners.BlockJUnit4ClassRunner.runChild(BlockJUnit4ClassRunner.java:63)
  at org.junit.runners.ParentRunner$4.run(ParentRunner.java:331)
  at org.junit.runners.ParentRunner$1.schedule(ParentRunner.java:79)
  at org.junit.runners.ParentRunner.runChildren(ParentRunner.java:329)
  at org.junit.runners.ParentRunner.access$100(ParentRunner.java:66)
  at org.junit.runners.ParentRunner$2.evaluate(ParentRunner.java:293)
  at org.junit.runners.ParentRunner$3.evaluate(ParentRunner.java:306)
  at org.junit.runners.ParentRunner.run(ParentRunner.java:413)
  at org.junit.runner.JUnitCore.run(JUnitCore.java:137)
  at org.junit.runner.JUnitCore.run(JUnitCore.java:115)
  at org.gradle.api.internal.tasks.testing.junit.JUnitTestExecutor.runRequest(JUnitTestExecutor.java:175)
  at org.gradle.api.internal.tasks.testing.junit.JUnitTestExecutor.accept(JUnitTestExecutor.java:84)
  at org.gradle.api.internal.tasks.testing.junit.JUnitTestExecutor.accept(JUnitTestExecutor.java:47)
  at org.gradle.api.internal.tasks.testing.junit.AbstractJUnitTestDefinitionProcessor.processTestDefinition(AbstractJUnitTestDefinitionProcessor.java:65)
  at org.gradle.api.internal.tasks.testing.SuiteTestDefinitionProcessor.processTestDefinition(SuiteTestDefinitionProcessor.java:54)
  at java.base/jdk.internal.reflect.DirectMethodHandleAccessor.invoke(DirectMethodHandleAccessor.java:104)
  at java.base/java.lang.reflect.Method.invoke(Method.java:565)
  at org.gradle.internal.dispatch.MethodInvocation.invokeOn(MethodInvocation.java:77)
  at org.gradle.internal.dispatch.ReflectionDispatch.dispatch(ReflectionDispatch.java:28)
  at org.gradle.internal.dispatch.ReflectionDispatch.dispatch(ReflectionDispatch.java:19)
  at org.gradle.internal.dispatch.ContextClassLoaderDispatch.dispatch(ContextClassLoaderDispatch.java:33)
  at org.gradle.internal.dispatch.ProxyDispatchAdapter$DispatchingInvocationHandler.invoke(ProxyDispatchAdapter.java:88)
  at jdk.proxy1/jdk.proxy1.$Proxy4.processTestDefinition(Unknown Source)
  at org.gradle.api.internal.tasks.testing.worker.TestWorker$2.run(TestWorker.java:178)
  at org.gradle.api.internal.tasks.testing.worker.TestWorker.executeAndMaintainThreadName(TestWorker.java:126)
  at org.gradle.api.internal.tasks.testing.worker.TestWorker.execute(TestWorker.java:103)
  at org.gradle.api.internal.tasks.testing.worker.TestWorker.execute(TestWorker.java:63)
  at org.gradle.process.internal.worker.child.ActionExecutionWorker.execute(ActionExecutionWorker.java:56)
  at org.gradle.process.internal.worker.child.SystemApplicationClassLoaderWorker.call(SystemApplicationClassLoaderWorker.java:122)
  at org.gradle.process.internal.worker.child.SystemApplicationClassLoaderWorker.call(SystemApplicationClassLoaderWorker.java:72)
  at worker.org.gradle.process.internal.worker.GradleWorkerMain.run(GradleWorkerMain.java:69)
  at worker.org.gradle.process.internal.worker.GradleWorkerMain.main(GradleWorkerMain.java:74)
</stacktrace>
</test-failure>


TypeScriptCompilerTests_A[jvm] > arithmeticOnInvalidTypes_ts has expected errors matching arithmeticOnInvalidTypes_errors_txt[jvm] FAILED

<test-failure test="com.xemantic.typescript.compiler.TypeScriptCompilerTests_A.arrayIterationLibES5TargetDifferent_ts__nolib_true_target_esnext__has expected errors matching baseline" platform="jvm">
<message>
Expected diagnostics from baseline typescript-repo/tests/baselines/reference/arrayIterationLibES5TargetDifferent(nolib=true,target=esnext).errors.txt but none produced
</message>
<stacktrace>
  at com.xemantic.typescript.compiler.TypeScriptTestSupportKt.errorsMatchBaseline(TypeScriptTestSupport.kt:125)
  at com.xemantic.typescript.compiler.TypeScriptCompilerTests_A.arrayIterationLibES5TargetDifferent_ts__nolib_true_target_esnext__has expected errors matching baseline(TypeScriptCompilerTests_A.kt:2506)
  at java.base/jdk.internal.reflect.DirectMethodHandleAccessor.invoke(DirectMethodHandleAccessor.java:104)
  at java.base/java.lang.reflect.Method.invoke(Method.java:565)
  at org.junit.runners.model.FrameworkMethod$1.runReflectiveCall(FrameworkMethod.java:59)
  at org.junit.internal.runners.model.ReflectiveCallable.run(ReflectiveCallable.java:12)
  at org.junit.runners.model.FrameworkMethod.invokeExplosively(FrameworkMethod.java:56)
  at org.junit.internal.runners.statements.InvokeMethod.evaluate(InvokeMethod.java:17)
  at org.junit.runners.ParentRunner$3.evaluate(ParentRunner.java:306)
  at org.junit.runners.BlockJUnit4ClassRunner$1.evaluate(BlockJUnit4ClassRunner.java:100)
  at org.junit.runners.ParentRunner.runLeaf(ParentRunner.java:366)
  at org.junit.runners.BlockJUnit4ClassRunner.runChild(BlockJUnit4ClassRunner.java:103)
  at org.junit.runners.BlockJUnit4ClassRunner.runChild(BlockJUnit4ClassRunner.java:63)
  at org.junit.runners.ParentRunner$4.run(ParentRunner.java:331)
  at org.junit.runners.ParentRunner$1.schedule(ParentRunner.java:79)
  at org.junit.runners.ParentRunner.runChildren(ParentRunner.java:329)
  at org.junit.runners.ParentRunner.access$100(ParentRunner.java:66)
  at org.junit.runners.ParentRunner$2.evaluate(ParentRunner.java:293)
  at org.junit.runners.ParentRunner$3.evaluate(ParentRunner.java:306)
  at org.junit.runners.ParentRunner.run(ParentRunner.java:413)
  at org.junit.runner.JUnitCore.run(JUnitCore.java:137)
  at org.junit.runner.JUnitCore.run(JUnitCore.java:115)
  at org.gradle.api.internal.tasks.testing.junit.JUnitTestExecutor.runRequest(JUnitTestExecutor.java:175)
  at org.gradle.api.internal.tasks.testing.junit.JUnitTestExecutor.accept(JUnitTestExecutor.java:84)
  at org.gradle.api.internal.tasks.testing.junit.JUnitTestExecutor.accept(JUnitTestExecutor.java:47)
  at org.gradle.api.internal.tasks.testing.junit.AbstractJUnitTestDefinitionProcessor.processTestDefinition(AbstractJUnitTestDefinitionProcessor.java:65)
  at org.gradle.api.internal.tasks.testing.SuiteTestDefinitionProcessor.processTestDefinition(SuiteTestDefinitionProcessor.java:54)
  at java.base/jdk.internal.reflect.DirectMethodHandleAccessor.invoke(DirectMethodHandleAccessor.java:104)
  at java.base/java.lang.reflect.Method.invoke(Method.java:565)
  at org.gradle.internal.dispatch.MethodInvocation.invokeOn(MethodInvocation.java:77)
  at org.gradle.internal.dispatch.ReflectionDispatch.dispatch(ReflectionDispatch.java:28)
  at org.gradle.internal.dispatch.ReflectionDispatch.dispatch(ReflectionDispatch.java:19)
  at org.gradle.internal.dispatch.ContextClassLoaderDispatch.dispatch(ContextClassLoaderDispatch.java:33)
  at org.gradle.internal.dispatch.ProxyDispatchAdapter$DispatchingInvocationHandler.invoke(ProxyDispatchAdapter.java:88)
  at jdk.proxy1/jdk.proxy1.$Proxy4.processTestDefinition(Unknown Source)
  at org.gradle.api.internal.tasks.testing.worker.TestWorker$2.run(TestWorker.java:178)
  at org.gradle.api.internal.tasks.testing.worker.TestWorker.executeAndMaintainThreadName(TestWorker.java:126)
  at org.gradle.api.internal.tasks.testing.worker.TestWorker.execute(TestWorker.java:103)
  at org.gradle.api.internal.tasks.testing.worker.TestWorker.execute(TestWorker.java:63)
  at org.gradle.process.internal.worker.child.ActionExecutionWorker.execute(ActionExecutionWorker.java:56)
  at org.gradle.process.internal.worker.child.SystemApplicationClassLoaderWorker.call(SystemApplicationClassLoaderWorker.java:122)
  at org.gradle.process.internal.worker.child.SystemApplicationClassLoaderWorker.call(SystemApplicationClassLoaderWorker.java:72)
  at worker.org.gradle.process.internal.worker.GradleWorkerMain.run(GradleWorkerMain.java:69)
  at worker.org.gradle.process.internal.worker.GradleWorkerMain.main(GradleWorkerMain.java:74)
</stacktrace>
</test-failure>


TypeScriptCompilerTests_A[jvm] > arrayIterationLibES5TargetDifferent_ts__nolib_true_target_esnext__has expected errors matching baseline[jvm] FAILED

<test-failure test="com.xemantic.typescript.compiler.TypeScriptCompilerTests_A.asiPublicPrivateProtected_ts__alwaysstrict_false__has expected errors matching baseline" platform="jvm">
<message>
--- expected
+++ actual
@@ -1,12 +1,13 @@
-asiPublicPrivateProtected.ts(1,1): error TS2304: Cannot find name 'public'.
-asiPublicPrivateProtected.ts(12,1): error TS2304: Cannot find name 'private'.
-asiPublicPrivateProtected.ts(23,1): error TS2304: Cannot find name 'protected'.
+asiPublicPrivateProtected.ts(1,1): error TS1212: Identifier expected. 'public' is a reserved word in strict mode.
+asiPublicPrivateProtected.ts(12,1): error TS1212: Identifier expected. 'private' is a reserved word in strict mode.
+asiPublicPrivateProtected.ts(23,1): error TS1212: Identifier expected. 'protected' is a reserved word in strict mode.
+asiPublicPrivateProtected.ts(40,1): error TS1005: '}' expected.
 
 
-==== asiPublicPrivateProtected.ts (3 errors) ====
+==== asiPublicPrivateProtected.ts (4 errors) ====
     public
     ~~~~~~
-!!! error TS2304: Cannot find name 'public'.
+!!! error TS1212: Identifier expected. 'public' is a reserved word in strict mode.
     class NonPublicClass {
         public s() {
         }
@@ -19,7 +20,7 @@
     }
     private
     ~~~~~~~
-!!! error TS2304: Cannot find name 'private'.
+!!! error TS1212: Identifier expected. 'private' is a reserved word in strict mode.
     class NonPrivateClass {
         private s() {
         }
@@ -32,7 +33,7 @@
     }
     protected
     ~~~~~~~~~
-!!! error TS2304: Cannot find name 'protected'.
+!!! error TS1212: Identifier expected. 'protected' is a reserved word in strict mode.
     class NonProtectedClass {
       protected s() {
       }
@@ -49,3 +50,7 @@
         private
         protected
     }
+    
+    
+!!! error TS1005: '}' expected.
+!!! related TS1007 asiPublicPrivateProtected.ts:35:29: The parser expected to find a '}' to match the '{' token here.

</message>
<stacktrace>
  at org.junit.Assert.fail(Assert.java:89)
  at kotlin.test.junit.JUnitAsserter.fail(JUnitSupport.kt:56)
  at kotlin.test.AssertionsKt__AssertionsKt.fail(Assertions.kt:563)
  at kotlin.test.AssertionsKt.fail(Unknown Source)
  at com.xemantic.kotlin.test.SameAsKt.sameAs(SameAs.kt:52)
  at com.xemantic.typescript.compiler.TypeScriptTestSupportKt.errorsMatchBaseline(TypeScriptTestSupport.kt:135)
  at com.xemantic.typescript.compiler.TypeScriptCompilerTests_A.asiPublicPrivateProtected_ts__alwaysstrict_false__has expected errors matching baseline(TypeScriptCompilerTests_A.kt:2940)
  at java.base/jdk.internal.reflect.DirectMethodHandleAccessor.invoke(DirectMethodHandleAccessor.java:104)
  at java.base/java.lang.reflect.Method.invoke(Method.java:565)
  at org.junit.runners.model.FrameworkMethod$1.runReflectiveCall(FrameworkMethod.java:59)
  at org.junit.internal.runners.model.ReflectiveCallable.run(ReflectiveCallable.java:12)
  at org.junit.runners.model.FrameworkMethod.invokeExplosively(FrameworkMethod.java:56)
  at org.junit.internal.runners.statements.InvokeMethod.evaluate(InvokeMethod.java:17)
  at org.junit.runners.ParentRunner$3.evaluate(ParentRunner.java:306)
  at org.junit.runners.BlockJUnit4ClassRunner$1.evaluate(BlockJUnit4ClassRunner.java:100)
  at org.junit.runners.ParentRunner.runLeaf(ParentRunner.java:366)
  at org.junit.runners.BlockJUnit4ClassRunner.runChild(BlockJUnit4ClassRunner.java:103)
  at org.junit.runners.BlockJUnit4ClassRunner.runChild(BlockJUnit4ClassRunner.java:63)
  at org.junit.runners.ParentRunner$4.run(ParentRunner.java:331)
  at org.junit.runners.ParentRunner$1.schedule(ParentRunner.java:79)
  at org.junit.runners.ParentRunner.runChildren(ParentRunner.java:329)
  at org.junit.runners.ParentRunner.access$100(ParentRunner.java:66)
  at org.junit.runners.ParentRunner$2.evaluate(ParentRunner.java:293)
  at org.junit.runners.ParentRunner$3.evaluate(ParentRunner.java:306)
  at org.junit.runners.ParentRunner.run(ParentRunner.java:413)
  at org.junit.runner.JUnitCore.run(JUnitCore.java:137)
  at org.junit.runner.JUnitCore.run(JUnitCore.java:115)
  at org.gradle.api.internal.tasks.testing.junit.JUnitTestExecutor.runRequest(JUnitTestExecutor.java:175)
  at org.gradle.api.internal.tasks.testing.junit.JUnitTestExecutor.accept(JUnitTestExecutor.java:84)
  at org.gradle.api.internal.tasks.testing.junit.JUnitTestExecutor.accept(JUnitTestExecutor.java:47)
  at org.gradle.api.internal.tasks.testing.junit.AbstractJUnitTestDefinitionProcessor.processTestDefinition(AbstractJUnitTestDefinitionProcessor.java:65)
  at org.gradle.api.internal.tasks.testing.SuiteTestDefinitionProcessor.processTestDefinition(SuiteTestDefinitionProcessor.java:54)
  at java.base/jdk.internal.reflect.DirectMethodHandleAccessor.invoke(DirectMethodHandleAccessor.java:104)
  at java.base/java.lang.reflect.Method.invoke(Method.java:565)
  at org.gradle.internal.dispatch.MethodInvocation.invokeOn(MethodInvocation.java:77)
  at org.gradle.internal.dispatch.ReflectionDispatch.dispatch(ReflectionDispatch.java:28)
  at org.gradle.internal.dispatch.ReflectionDispatch.dispatch(ReflectionDispatch.java:19)
  at org.gradle.internal.dispatch.ContextClassLoaderDispatch.dispatch(ContextClassLoaderDispatch.java:33)
  at org.gradle.internal.dispatch.ProxyDispatchAdapter$DispatchingInvocationHandler.invoke(ProxyDispatchAdapter.java:88)
  at jdk.proxy1/jdk.proxy1.$Proxy4.processTestDefinition(Unknown Source)
  at org.gradle.api.internal.tasks.testing.worker.TestWorker$2.run(TestWorker.java:178)
  at org.gradle.api.internal.tasks.testing.worker.TestWorker.executeAndMaintainThreadName(TestWorker.java:126)
  at org.gradle.api.internal.tasks.testing.worker.TestWorker.execute(TestWorker.java:103)
  at org.gradle.api.internal.tasks.testing.worker.TestWorker.execute(TestWorker.java:63)
  at org.gradle.process.internal.worker.child.ActionExecutionWorker.execute(ActionExecutionWorker.java:56)
  at org.gradle.process.internal.worker.child.SystemApplicationClassLoaderWorker.call(SystemApplicationClassLoaderWorker.java:122)
  at org.gradle.process.internal.worker.child.SystemApplicationClassLoaderWorker.call(SystemApplicationClassLoaderWorker.java:72)
  at worker.org.gradle.process.internal.worker.GradleWorkerMain.run(GradleWorkerMain.java:69)
  at worker.org.gradle.process.internal.worker.GradleWorkerMain.main(GradleWorkerMain.java:74)
</stacktrace>
</test-failure>


TypeScriptCompilerTests_A[jvm] > asiPublicPrivateProtected_ts__alwaysstrict_false__has expected errors matching baseline[jvm] FAILED

<test-failure test="com.xemantic.typescript.compiler.TypeScriptCompilerTests_A.ambiguousGenericAssertion1_ts compiles to JavaScript matching ambiguousGenericAssertion1_js" platform="jvm">
<message>
--- expected
+++ actual
@@ -12,5 +12,4 @@
 function f(x) { return null; }
 var r = (x) => x;
 var r2 = f; // valid
-var r3 =  << T > (x), T;
-T > f; // ambiguous, appears to the parser as a << operation
+var r3 =  << T > (x) => T > f; // ambiguous, appears to the parser as a << operation

</message>
<stacktrace>
  at org.junit.Assert.fail(Assert.java:89)
  at kotlin.test.junit.JUnitAsserter.fail(JUnitSupport.kt:56)
  at kotlin.test.AssertionsKt__AssertionsKt.fail(Assertions.kt:563)
  at kotlin.test.AssertionsKt.fail(Unknown Source)
  at com.xemantic.kotlin.test.SameAsKt.sameAs(SameAs.kt:52)
  at com.xemantic.typescript.compiler.TypeScriptTestSupportKt.sameAs(TypeScriptTestSupport.kt:99)
  at com.xemantic.typescript.compiler.TypeScriptCompilerTests_A.ambiguousGenericAssertion1_ts compiles to JavaScript matching ambiguousGenericAssertion1_js(TypeScriptCompilerTests_A.kt:1442)
  at java.base/jdk.internal.reflect.DirectMethodHandleAccessor.invoke(DirectMethodHandleAccessor.java:104)
  at java.base/java.lang.reflect.Method.invoke(Method.java:565)
  at org.junit.runners.model.FrameworkMethod$1.runReflectiveCall(FrameworkMethod.java:59)
  at org.junit.internal.runners.model.ReflectiveCallable.run(ReflectiveCallable.java:12)
  at org.junit.runners.model.FrameworkMethod.invokeExplosively(FrameworkMethod.java:56)
  at org.junit.internal.runners.statements.InvokeMethod.evaluate(InvokeMethod.java:17)
  at org.junit.runners.ParentRunner$3.evaluate(ParentRunner.java:306)
  at org.junit.runners.BlockJUnit4ClassRunner$1.evaluate(BlockJUnit4ClassRunner.java:100)
  at org.junit.runners.ParentRunner.runLeaf(ParentRunner.java:366)
  at org.junit.runners.BlockJUnit4ClassRunner.runChild(BlockJUnit4ClassRunner.java:103)
  at org.junit.runners.BlockJUnit4ClassRunner.runChild(BlockJUnit4ClassRunner.java:63)
  at org.junit.runners.ParentRunner$4.run(ParentRunner.java:331)
  at org.junit.runners.ParentRunner$1.schedule(ParentRunner.java:79)
  at org.junit.runners.ParentRunner.runChildren(ParentRunner.java:329)
  at org.junit.runners.ParentRunner.access$100(ParentRunner.java:66)
  at org.junit.runners.ParentRunner$2.evaluate(ParentRunner.java:293)
  at org.junit.runners.ParentRunner$3.evaluate(ParentRunner.java:306)
  at org.junit.runners.ParentRunner.run(ParentRunner.java:413)
  at org.junit.runner.JUnitCore.run(JUnitCore.java:137)
  at org.junit.runner.JUnitCore.run(JUnitCore.java:115)
  at org.gradle.api.internal.tasks.testing.junit.JUnitTestExecutor.runRequest(JUnitTestExecutor.java:175)
  at org.gradle.api.internal.tasks.testing.junit.JUnitTestExecutor.accept(JUnitTestExecutor.java:84)
  at org.gradle.api.internal.tasks.testing.junit.JUnitTestExecutor.accept(JUnitTestExecutor.java:47)
  at org.gradle.api.internal.tasks.testing.junit.AbstractJUnitTestDefinitionProcessor.processTestDefinition(AbstractJUnitTestDefinitionProcessor.java:65)
  at org.gradle.api.internal.tasks.testing.SuiteTestDefinitionProcessor.processTestDefinition(SuiteTestDefinitionProcessor.java:54)
  at java.base/jdk.internal.reflect.DirectMethodHandleAccessor.invoke(DirectMethodHandleAccessor.java:104)
  at java.base/java.lang.reflect.Method.invoke(Method.java:565)
  at org.gradle.internal.dispatch.MethodInvocation.invokeOn(MethodInvocation.java:77)
  at org.gradle.internal.dispatch.ReflectionDispatch.dispatch(ReflectionDispatch.java:28)
  at org.gradle.internal.dispatch.ReflectionDispatch.dispatch(ReflectionDispatch.java:19)
  at org.gradle.internal.dispatch.ContextClassLoaderDispatch.dispatch(ContextClassLoaderDispatch.java:33)
  at org.gradle.internal.dispatch.ProxyDispatchAdapter$DispatchingInvocationHandler.invoke(ProxyDispatchAdapter.java:88)
  at jdk.proxy1/jdk.proxy1.$Proxy4.processTestDefinition(Unknown Source)
  at org.gradle.api.internal.tasks.testing.worker.TestWorker$2.run(TestWorker.java:178)
  at org.gradle.api.internal.tasks.testing.worker.TestWorker.executeAndMaintainThreadName(TestWorker.java:126)
  at org.gradle.api.internal.tasks.testing.worker.TestWorker.execute(TestWorker.java:103)
  at org.gradle.api.internal.tasks.testing.worker.TestWorker.execute(TestWorker.java:63)
  at org.gradle.process.internal.worker.child.ActionExecutionWorker.execute(ActionExecutionWorker.java:56)
  at org.gradle.process.internal.worker.child.SystemApplicationClassLoaderWorker.call(SystemApplicationClassLoaderWorker.java:122)
  at org.gradle.process.internal.worker.child.SystemApplicationClassLoaderWorker.call(SystemApplicationClassLoaderWorker.java:72)
  at worker.org.gradle.process.internal.worker.GradleWorkerMain.run(GradleWorkerMain.java:69)
  at worker.org.gradle.process.internal.worker.GradleWorkerMain.main(GradleWorkerMain.java:74)
</stacktrace>
</test-failure>


TypeScriptCompilerTests_A[jvm] > ambiguousGenericAssertion1_ts compiles to JavaScript matching ambiguousGenericAssertion1_js[jvm] FAILED

<test-failure test="com.xemantic.typescript.compiler.TypeScriptCompilerTests_A.arrayAssignmentTest1_ts has expected errors matching arrayAssignmentTest1_errors_txt" platform="jvm">
<message>
Expected diagnostics from baseline typescript-repo/tests/baselines/reference/arrayAssignmentTest1.errors.txt but none produced
</message>
<stacktrace>
  at com.xemantic.typescript.compiler.TypeScriptTestSupportKt.errorsMatchBaseline(TypeScriptTestSupport.kt:125)
  at com.xemantic.typescript.compiler.TypeScriptCompilerTests_A.arrayAssignmentTest1_ts has expected errors matching arrayAssignmentTest1_errors_txt(TypeScriptCompilerTests_A.kt:2177)
  at java.base/jdk.internal.reflect.DirectMethodHandleAccessor.invoke(DirectMethodHandleAccessor.java:104)
  at java.base/java.lang.reflect.Method.invoke(Method.java:565)
  at org.junit.runners.model.FrameworkMethod$1.runReflectiveCall(FrameworkMethod.java:59)
  at org.junit.internal.runners.model.ReflectiveCallable.run(ReflectiveCallable.java:12)
  at org.junit.runners.model.FrameworkMethod.invokeExplosively(FrameworkMethod.java:56)
  at org.junit.internal.runners.statements.InvokeMethod.evaluate(InvokeMethod.java:17)
  at org.junit.runners.ParentRunner$3.evaluate(ParentRunner.java:306)
  at org.junit.runners.BlockJUnit4ClassRunner$1.evaluate(BlockJUnit4ClassRunner.java:100)
  at org.junit.runners.ParentRunner.runLeaf(ParentRunner.java:366)
  at org.junit.runners.BlockJUnit4ClassRunner.runChild(BlockJUnit4ClassRunner.java:103)
  at org.junit.runners.BlockJUnit4ClassRunner.runChild(BlockJUnit4ClassRunner.java:63)
  at org.junit.runners.ParentRunner$4.run(ParentRunner.java:331)
  at org.junit.runners.ParentRunner$1.schedule(ParentRunner.java:79)
  at org.junit.runners.ParentRunner.runChildren(ParentRunner.java:329)
  at org.junit.runners.ParentRunner.access$100(ParentRunner.java:66)
  at org.junit.runners.ParentRunner$2.evaluate(ParentRunner.java:293)
  at org.junit.runners.ParentRunner$3.evaluate(ParentRunner.java:306)
  at org.junit.runners.ParentRunner.run(ParentRunner.java:413)
  at org.junit.runner.JUnitCore.run(JUnitCore.java:137)
  at org.junit.runner.JUnitCore.run(JUnitCore.java:115)
  at org.gradle.api.internal.tasks.testing.junit.JUnitTestExecutor.runRequest(JUnitTestExecutor.java:175)
  at org.gradle.api.internal.tasks.testing.junit.JUnitTestExecutor.accept(JUnitTestExecutor.java:84)
  at org.gradle.api.internal.tasks.testing.junit.JUnitTestExecutor.accept(JUnitTestExecutor.java:47)
  at org.gradle.api.internal.tasks.testing.junit.AbstractJUnitTestDefinitionProcessor.processTestDefinition(AbstractJUnitTestDefinitionProcessor.java:65)
  at org.gradle.api.internal.tasks.testing.SuiteTestDefinitionProcessor.processTestDefinition(SuiteTestDefinitionProcessor.java:54)
  at java.base/jdk.internal.reflect.DirectMethodHandleAccessor.invoke(DirectMethodHandleAccessor.java:104)
  at java.base/java.lang.reflect.Method.invoke(Method.java:565)
  at org.gradle.internal.dispatch.MethodInvocation.invokeOn(MethodInvocation.java:77)
  at org.gradle.internal.dispatch.ReflectionDispatch.dispatch(ReflectionDispatch.java:28)
  at org.gradle.internal.dispatch.ReflectionDispatch.dispatch(ReflectionDispatch.java:19)
  at org.gradle.internal.dispatch.ContextClassLoaderDispatch.dispatch(ContextClassLoaderDispatch.java:33)
  at org.gradle.internal.dispatch.ProxyDispatchAdapter$DispatchingInvocationHandler.invoke(ProxyDispatchAdapter.java:88)
  at jdk.proxy1/jdk.proxy1.$Proxy4.processTestDefinition(Unknown Source)
  at org.gradle.api.internal.tasks.testing.worker.TestWorker$2.run(TestWorker.java:178)
  at org.gradle.api.internal.tasks.testing.worker.TestWorker.executeAndMaintainThreadName(TestWorker.java:126)
  at org.gradle.api.internal.tasks.testing.worker.TestWorker.execute(TestWorker.java:103)
  at org.gradle.api.internal.tasks.testing.worker.TestWorker.execute(TestWorker.java:63)
  at org.gradle.process.internal.worker.child.ActionExecutionWorker.execute(ActionExecutionWorker.java:56)
  at org.gradle.process.internal.worker.child.SystemApplicationClassLoaderWorker.call(SystemApplicationClassLoaderWorker.java:122)
  at org.gradle.process.internal.worker.child.SystemApplicationClassLoaderWorker.call(SystemApplicationClassLoaderWorker.java:72)
  at worker.org.gradle.process.internal.worker.GradleWorkerMain.run(GradleWorkerMain.java:69)
  at worker.org.gradle.process.internal.worker.GradleWorkerMain.main(GradleWorkerMain.java:74)
</stacktrace>
</test-failure>


TypeScriptCompilerTests_A[jvm] > arrayAssignmentTest1_ts has expected errors matching arrayAssignmentTest1_errors_txt[jvm] FAILED

<test-failure test="com.xemantic.typescript.compiler.TypeScriptCompilerTests_A.arrayAssignmentTest4_ts has expected errors matching arrayAssignmentTest4_errors_txt" platform="jvm">
<message>
Expected diagnostics from baseline typescript-repo/tests/baselines/reference/arrayAssignmentTest4.errors.txt but none produced
</message>
<stacktrace>
  at com.xemantic.typescript.compiler.TypeScriptTestSupportKt.errorsMatchBaseline(TypeScriptTestSupport.kt:125)
  at com.xemantic.typescript.compiler.TypeScriptCompilerTests_A.arrayAssignmentTest4_ts has expected errors matching arrayAssignmentTest4_errors_txt(TypeScriptCompilerTests_A.kt:2219)
  at java.base/jdk.internal.reflect.DirectMethodHandleAccessor.invoke(DirectMethodHandleAccessor.java:104)
  at java.base/java.lang.reflect.Method.invoke(Method.java:565)
  at org.junit.runners.model.FrameworkMethod$1.runReflectiveCall(FrameworkMethod.java:59)
  at org.junit.internal.runners.model.ReflectiveCallable.run(ReflectiveCallable.java:12)
  at org.junit.runners.model.FrameworkMethod.invokeExplosively(FrameworkMethod.java:56)
  at org.junit.internal.runners.statements.InvokeMethod.evaluate(InvokeMethod.java:17)
  at org.junit.runners.ParentRunner$3.evaluate(ParentRunner.java:306)
  at org.junit.runners.BlockJUnit4ClassRunner$1.evaluate(BlockJUnit4ClassRunner.java:100)
  at org.junit.runners.ParentRunner.runLeaf(ParentRunner.java:366)
  at org.junit.runners.BlockJUnit4ClassRunner.runChild(BlockJUnit4ClassRunner.java:103)
  at org.junit.runners.BlockJUnit4ClassRunner.runChild(BlockJUnit4ClassRunner.java:63)
  at org.junit.runners.ParentRunner$4.run(ParentRunner.java:331)
  at org.junit.runners.ParentRunner$1.schedule(ParentRunner.java:79)
  at org.junit.runners.ParentRunner.runChildren(ParentRunner.java:329)
  at org.junit.runners.ParentRunner.access$100(ParentRunner.java:66)
  at org.junit.runners.ParentRunner$2.evaluate(ParentRunner.java:293)
  at org.junit.runners.ParentRunner$3.evaluate(ParentRunner.java:306)
  at org.junit.runners.ParentRunner.run(ParentRunner.java:413)
  at org.junit.runner.JUnitCore.run(JUnitCore.java:137)
  at org.junit.runner.JUnitCore.run(JUnitCore.java:115)
  at org.gradle.api.internal.tasks.testing.junit.JUnitTestExecutor.runRequest(JUnitTestExecutor.java:175)
  at org.gradle.api.internal.tasks.testing.junit.JUnitTestExecutor.accept(JUnitTestExecutor.java:84)
  at org.gradle.api.internal.tasks.testing.junit.JUnitTestExecutor.accept(JUnitTestExecutor.java:47)
  at org.gradle.api.internal.tasks.testing.junit.AbstractJUnitTestDefinitionProcessor.processTestDefinition(AbstractJUnitTestDefinitionProcessor.java:65)
  at org.gradle.api.internal.tasks.testing.SuiteTestDefinitionProcessor.processTestDefinition(SuiteTestDefinitionProcessor.java:54)
  at java.base/jdk.internal.reflect.DirectMethodHandleAccessor.invoke(DirectMethodHandleAccessor.java:104)
  at java.base/java.lang.reflect.Method.invoke(Method.java:565)
  at org.gradle.internal.dispatch.MethodInvocation.invokeOn(MethodInvocation.java:77)
  at org.gradle.internal.dispatch.ReflectionDispatch.dispatch(ReflectionDispatch.java:28)
  at org.gradle.internal.dispatch.ReflectionDispatch.dispatch(ReflectionDispatch.java:19)
  at org.gradle.internal.dispatch.ContextClassLoaderDispatch.dispatch(ContextClassLoaderDispatch.java:33)
  at org.gradle.internal.dispatch.ProxyDispatchAdapter$DispatchingInvocationHandler.invoke(ProxyDispatchAdapter.java:88)
  at jdk.proxy1/jdk.proxy1.$Proxy4.processTestDefinition(Unknown Source)
  at org.gradle.api.internal.tasks.testing.worker.TestWorker$2.run(TestWorker.java:178)
  at org.gradle.api.internal.tasks.testing.worker.TestWorker.executeAndMaintainThreadName(TestWorker.java:126)
  at org.gradle.api.internal.tasks.testing.worker.TestWorker.execute(TestWorker.java:103)
  at org.gradle.api.internal.tasks.testing.worker.TestWorker.execute(TestWorker.java:63)
  at org.gradle.process.internal.worker.child.ActionExecutionWorker.execute(ActionExecutionWorker.java:56)
  at org.gradle.process.internal.worker.child.SystemApplicationClassLoaderWorker.call(SystemApplicationClassLoaderWorker.java:122)
  at org.gradle.process.internal.worker.child.SystemApplicationClassLoaderWorker.call(SystemApplicationClassLoaderWorker.java:72)
  at worker.org.gradle.process.internal.worker.GradleWorkerMain.run(GradleWorkerMain.java:69)
  at worker.org.gradle.process.internal.worker.GradleWorkerMain.main(GradleWorkerMain.java:74)
</stacktrace>
</test-failure>


TypeScriptCompilerTests_A[jvm] > arrayAssignmentTest4_ts has expected errors matching arrayAssignmentTest4_errors_txt[jvm] FAILED

<test-failure test="com.xemantic.typescript.compiler.TypeScriptCompilerTests_A.assignToFn_ts has expected errors matching assignToFn_errors_txt" platform="jvm">
<message>
Expected diagnostics from baseline typescript-repo/tests/baselines/reference/assignToFn.errors.txt but none produced
</message>
<stacktrace>
  at com.xemantic.typescript.compiler.TypeScriptTestSupportKt.errorsMatchBaseline(TypeScriptTestSupport.kt:125)
  at com.xemantic.typescript.compiler.TypeScriptCompilerTests_A.assignToFn_ts has expected errors matching assignToFn_errors_txt(TypeScriptCompilerTests_A.kt:3052)
  at java.base/jdk.internal.reflect.DirectMethodHandleAccessor.invoke(DirectMethodHandleAccessor.java:104)
  at java.base/java.lang.reflect.Method.invoke(Method.java:565)
  at org.junit.runners.model.FrameworkMethod$1.runReflectiveCall(FrameworkMethod.java:59)
  at org.junit.internal.runners.model.ReflectiveCallable.run(ReflectiveCallable.java:12)
  at org.junit.runners.model.FrameworkMethod.invokeExplosively(FrameworkMethod.java:56)
  at org.junit.internal.runners.statements.InvokeMethod.evaluate(InvokeMethod.java:17)
  at org.junit.runners.ParentRunner$3.evaluate(ParentRunner.java:306)
  at org.junit.runners.BlockJUnit4ClassRunner$1.evaluate(BlockJUnit4ClassRunner.java:100)
  at org.junit.runners.ParentRunner.runLeaf(ParentRunner.java:366)
  at org.junit.runners.BlockJUnit4ClassRunner.runChild(BlockJUnit4ClassRunner.java:103)
  at org.junit.runners.BlockJUnit4ClassRunner.runChild(BlockJUnit4ClassRunner.java:63)
  at org.junit.runners.ParentRunner$4.run(ParentRunner.java:331)
  at org.junit.runners.ParentRunner$1.schedule(ParentRunner.java:79)
  at org.junit.runners.ParentRunner.runChildren(ParentRunner.java:329)
  at org.junit.runners.ParentRunner.access$100(ParentRunner.java:66)
  at org.junit.runners.ParentRunner$2.evaluate(ParentRunner.java:293)
  at org.junit.runners.ParentRunner$3.evaluate(ParentRunner.java:306)
  at org.junit.runners.ParentRunner.run(ParentRunner.java:413)
  at org.junit.runner.JUnitCore.run(JUnitCore.java:137)
  at org.junit.runner.JUnitCore.run(JUnitCore.java:115)
  at org.gradle.api.internal.tasks.testing.junit.JUnitTestExecutor.runRequest(JUnitTestExecutor.java:175)
  at org.gradle.api.internal.tasks.testing.junit.JUnitTestExecutor.accept(JUnitTestExecutor.java:84)
  at org.gradle.api.internal.tasks.testing.junit.JUnitTestExecutor.accept(JUnitTestExecutor.java:47)
  at org.gradle.api.internal.tasks.testing.junit.AbstractJUnitTestDefinitionProcessor.processTestDefinition(AbstractJUnitTestDefinitionProcessor.java:65)
  at org.gradle.api.internal.tasks.testing.SuiteTestDefinitionProcessor.processTestDefinition(SuiteTestDefinitionProcessor.java:54)
  at java.base/jdk.internal.reflect.DirectMethodHandleAccessor.invoke(DirectMethodHandleAccessor.java:104)
  at java.base/java.lang.reflect.Method.invoke(Method.java:565)
  at org.gradle.internal.dispatch.MethodInvocation.invokeOn(MethodInvocation.java:77)
  at org.gradle.internal.dispatch.ReflectionDispatch.dispatch(ReflectionDispatch.java:28)
  at org.gradle.internal.dispatch.ReflectionDispatch.dispatch(ReflectionDispatch.java:19)
  at org.gradle.internal.dispatch.ContextClassLoaderDispatch.dispatch(ContextClassLoaderDispatch.java:33)
  at org.gradle.internal.dispatch.ProxyDispatchAdapter$DispatchingInvocationHandler.invoke(ProxyDispatchAdapter.java:88)
  at jdk.proxy1/jdk.proxy1.$Proxy4.processTestDefinition(Unknown Source)
  at org.gradle.api.internal.tasks.testing.worker.TestWorker$2.run(TestWorker.java:178)
  at org.gradle.api.internal.tasks.testing.worker.TestWorker.executeAndMaintainThreadName(TestWorker.java:126)
  at org.gradle.api.internal.tasks.testing.worker.TestWorker.execute(TestWorker.java:103)
  at org.gradle.api.internal.tasks.testing.worker.TestWorker.execute(TestWorker.java:63)
  at org.gradle.process.internal.worker.child.ActionExecutionWorker.execute(ActionExecutionWorker.java:56)
  at org.gradle.process.internal.worker.child.SystemApplicationClassLoaderWorker.call(SystemApplicationClassLoaderWorker.java:122)
  at org.gradle.process.internal.worker.child.SystemApplicationClassLoaderWorker.call(SystemApplicationClassLoaderWorker.java:72)
  at worker.org.gradle.process.internal.worker.GradleWorkerMain.run(GradleWorkerMain.java:69)
  at worker.org.gradle.process.internal.worker.GradleWorkerMain.main(GradleWorkerMain.java:74)
</stacktrace>
</test-failure>


TypeScriptCompilerTests_A[jvm] > assignToFn_ts has expected errors matching assignToFn_errors_txt[jvm] FAILED

<test-failure test="com.xemantic.typescript.compiler.TypeScriptCompilerTests_A.assertInWrapSomeTypeParameter_ts compiles to JavaScript matching assertInWrapSomeTypeParameter_js" platform="jvm">
<message>
--- expected
+++ actual
@@ -10,7 +10,7 @@
 //// [assertInWrapSomeTypeParameter.js]
 "use strict";
 class C {
-    foo(x) {
+    >>(x) {
         return null;
     }
 }

</message>
<stacktrace>
  at org.junit.Assert.fail(Assert.java:89)
  at kotlin.test.junit.JUnitAsserter.fail(JUnitSupport.kt:56)
  at kotlin.test.AssertionsKt__AssertionsKt.fail(Assertions.kt:563)
  at kotlin.test.AssertionsKt.fail(Unknown Source)
  at com.xemantic.kotlin.test.SameAsKt.sameAs(SameAs.kt:52)
  at com.xemantic.typescript.compiler.TypeScriptTestSupportKt.sameAs(TypeScriptTestSupport.kt:99)
  at com.xemantic.typescript.compiler.TypeScriptCompilerTests_A.assertInWrapSomeTypeParameter_ts compiles to JavaScript matching assertInWrapSomeTypeParameter_js(TypeScriptCompilerTests_A.kt:2961)
  at java.base/jdk.internal.reflect.DirectMethodHandleAccessor.invoke(DirectMethodHandleAccessor.java:104)
  at java.base/java.lang.reflect.Method.invoke(Method.java:565)
  at org.junit.runners.model.FrameworkMethod$1.runReflectiveCall(FrameworkMethod.java:59)
  at org.junit.internal.runners.model.ReflectiveCallable.run(ReflectiveCallable.java:12)
  at org.junit.runners.model.FrameworkMethod.invokeExplosively(FrameworkMethod.java:56)
  at org.junit.internal.runners.statements.InvokeMethod.evaluate(InvokeMethod.java:17)
  at org.junit.runners.ParentRunner$3.evaluate(ParentRunner.java:306)
  at org.junit.runners.BlockJUnit4ClassRunner$1.evaluate(BlockJUnit4ClassRunner.java:100)
  at org.junit.runners.ParentRunner.runLeaf(ParentRunner.java:366)
  at org.junit.runners.BlockJUnit4ClassRunner.runChild(BlockJUnit4ClassRunner.java:103)
  at org.junit.runners.BlockJUnit4ClassRunner.runChild(BlockJUnit4ClassRunner.java:63)
  at org.junit.runners.ParentRunner$4.run(ParentRunner.java:331)
  at org.junit.runners.ParentRunner$1.schedule(ParentRunner.java:79)
  at org.junit.runners.ParentRunner.runChildren(ParentRunner.java:329)
  at org.junit.runners.ParentRunner.access$100(ParentRunner.java:66)
  at org.junit.runners.ParentRunner$2.evaluate(ParentRunner.java:293)
  at org.junit.runners.ParentRunner$3.evaluate(ParentRunner.java:306)
  at org.junit.runners.ParentRunner.run(ParentRunner.java:413)
  at org.junit.runner.JUnitCore.run(JUnitCore.java:137)
  at org.junit.runner.JUnitCore.run(JUnitCore.java:115)
  at org.gradle.api.internal.tasks.testing.junit.JUnitTestExecutor.runRequest(JUnitTestExecutor.java:175)
  at org.gradle.api.internal.tasks.testing.junit.JUnitTestExecutor.accept(JUnitTestExecutor.java:84)
  at org.gradle.api.internal.tasks.testing.junit.JUnitTestExecutor.accept(JUnitTestExecutor.java:47)
  at org.gradle.api.internal.tasks.testing.junit.AbstractJUnitTestDefinitionProcessor.processTestDefinition(AbstractJUnitTestDefinitionProcessor.java:65)
  at org.gradle.api.internal.tasks.testing.SuiteTestDefinitionProcessor.processTestDefinition(SuiteTestDefinitionProcessor.java:54)
  at java.base/jdk.internal.reflect.DirectMethodHandleAccessor.invoke(DirectMethodHandleAccessor.java:104)
  at java.base/java.lang.reflect.Method.invoke(Method.java:565)
  at org.gradle.internal.dispatch.MethodInvocation.invokeOn(MethodInvocation.java:77)
  at org.gradle.internal.dispatch.ReflectionDispatch.dispatch(ReflectionDispatch.java:28)
  at org.gradle.internal.dispatch.ReflectionDispatch.dispatch(ReflectionDispatch.java:19)
  at org.gradle.internal.dispatch.ContextClassLoaderDispatch.dispatch(ContextClassLoaderDispatch.java:33)
  at org.gradle.internal.dispatch.ProxyDispatchAdapter$DispatchingInvocationHandler.invoke(ProxyDispatchAdapter.java:88)
  at jdk.proxy1/jdk.proxy1.$Proxy4.processTestDefinition(Unknown Source)
  at org.gradle.api.internal.tasks.testing.worker.TestWorker$2.run(TestWorker.java:178)
  at org.gradle.api.internal.tasks.testing.worker.TestWorker.executeAndMaintainThreadName(TestWorker.java:126)
  at org.gradle.api.internal.tasks.testing.worker.TestWorker.execute(TestWorker.java:103)
  at org.gradle.api.internal.tasks.testing.worker.TestWorker.execute(TestWorker.java:63)
  at org.gradle.process.internal.worker.child.ActionExecutionWorker.execute(ActionExecutionWorker.java:56)
  at org.gradle.process.internal.worker.child.SystemApplicationClassLoaderWorker.call(SystemApplicationClassLoaderWorker.java:122)
  at org.gradle.process.internal.worker.child.SystemApplicationClassLoaderWorker.call(SystemApplicationClassLoaderWorker.java:72)
  at worker.org.gradle.process.internal.worker.GradleWorkerMain.run(GradleWorkerMain.java:69)
  at worker.org.gradle.process.internal.worker.GradleWorkerMain.main(GradleWorkerMain.java:74)
</stacktrace>
</test-failure>


TypeScriptCompilerTests_A[jvm] > assertInWrapSomeTypeParameter_ts compiles to JavaScript matching assertInWrapSomeTypeParameter_js[jvm] FAILED

<test-failure test="com.xemantic.typescript.compiler.TypeScriptCompilerTests_A.arrayFrom_ts has expected errors matching arrayFrom_errors_txt" platform="jvm">
<message>
Expected diagnostics from baseline typescript-repo/tests/baselines/reference/arrayFrom.errors.txt but none produced
</message>
<stacktrace>
  at com.xemantic.typescript.compiler.TypeScriptTestSupportKt.errorsMatchBaseline(TypeScriptTestSupport.kt:125)
  at com.xemantic.typescript.compiler.TypeScriptCompilerTests_A.arrayFrom_ts has expected errors matching arrayFrom_errors_txt(TypeScriptCompilerTests_A.kt:2436)
  at java.base/jdk.internal.reflect.DirectMethodHandleAccessor.invoke(DirectMethodHandleAccessor.java:104)
  at java.base/java.lang.reflect.Method.invoke(Method.java:565)
  at org.junit.runners.model.FrameworkMethod$1.runReflectiveCall(FrameworkMethod.java:59)
  at org.junit.internal.runners.model.ReflectiveCallable.run(ReflectiveCallable.java:12)
  at org.junit.runners.model.FrameworkMethod.invokeExplosively(FrameworkMethod.java:56)
  at org.junit.internal.runners.statements.InvokeMethod.evaluate(InvokeMethod.java:17)
  at org.junit.runners.ParentRunner$3.evaluate(ParentRunner.java:306)
  at org.junit.runners.BlockJUnit4ClassRunner$1.evaluate(BlockJUnit4ClassRunner.java:100)
  at org.junit.runners.ParentRunner.runLeaf(ParentRunner.java:366)
  at org.junit.runners.BlockJUnit4ClassRunner.runChild(BlockJUnit4ClassRunner.java:103)
  at org.junit.runners.BlockJUnit4ClassRunner.runChild(BlockJUnit4ClassRunner.java:63)
  at org.junit.runners.ParentRunner$4.run(ParentRunner.java:331)
  at org.junit.runners.ParentRunner$1.schedule(ParentRunner.java:79)
  at org.junit.runners.ParentRunner.runChildren(ParentRunner.java:329)
  at org.junit.runners.ParentRunner.access$100(ParentRunner.java:66)
  at org.junit.runners.ParentRunner$2.evaluate(ParentRunner.java:293)
  at org.junit.runners.ParentRunner$3.evaluate(ParentRunner.java:306)
  at org.junit.runners.ParentRunner.run(ParentRunner.java:413)
  at org.junit.runner.JUnitCore.run(JUnitCore.java:137)
  at org.junit.runner.JUnitCore.run(JUnitCore.java:115)
  at org.gradle.api.internal.tasks.testing.junit.JUnitTestExecutor.runRequest(JUnitTestExecutor.java:175)
  at org.gradle.api.internal.tasks.testing.junit.JUnitTestExecutor.accept(JUnitTestExecutor.java:84)
  at org.gradle.api.internal.tasks.testing.junit.JUnitTestExecutor.accept(JUnitTestExecutor.java:47)
  at org.gradle.api.internal.tasks.testing.junit.AbstractJUnitTestDefinitionProcessor.processTestDefinition(AbstractJUnitTestDefinitionProcessor.java:65)
  at org.gradle.api.internal.tasks.testing.SuiteTestDefinitionProcessor.processTestDefinition(SuiteTestDefinitionProcessor.java:54)
  at java.base/jdk.internal.reflect.DirectMethodHandleAccessor.invoke(DirectMethodHandleAccessor.java:104)
  at java.base/java.lang.reflect.Method.invoke(Method.java:565)
  at org.gradle.internal.dispatch.MethodInvocation.invokeOn(MethodInvocation.java:77)
  at org.gradle.internal.dispatch.ReflectionDispatch.dispatch(ReflectionDispatch.java:28)
  at org.gradle.internal.dispatch.ReflectionDispatch.dispatch(ReflectionDispatch.java:19)
  at org.gradle.internal.dispatch.ContextClassLoaderDispatch.dispatch(ContextClassLoaderDispatch.java:33)
  at org.gradle.internal.dispatch.ProxyDispatchAdapter$DispatchingInvocationHandler.invoke(ProxyDispatchAdapter.java:88)
  at jdk.proxy1/jdk.proxy1.$Proxy4.processTestDefinition(Unknown Source)
  at org.gradle.api.internal.tasks.testing.worker.TestWorker$2.run(TestWorker.java:178)
  at org.gradle.api.internal.tasks.testing.worker.TestWorker.executeAndMaintainThreadName(TestWorker.java:126)
  at org.gradle.api.internal.tasks.testing.worker.TestWorker.execute(TestWorker.java:103)
  at org.gradle.api.internal.tasks.testing.worker.TestWorker.execute(TestWorker.java:63)
  at org.gradle.process.internal.worker.child.ActionExecutionWorker.execute(ActionExecutionWorker.java:56)
  at org.gradle.process.internal.worker.child.SystemApplicationClassLoaderWorker.call(SystemApplicationClassLoaderWorker.java:122)
  at org.gradle.process.internal.worker.child.SystemApplicationClassLoaderWorker.call(SystemApplicationClassLoaderWorker.java:72)
  at worker.org.gradle.process.internal.worker.GradleWorkerMain.run(GradleWorkerMain.java:69)
  at worker.org.gradle.process.internal.worker.GradleWorkerMain.main(GradleWorkerMain.java:74)
</stacktrace>
</test-failure>


TypeScriptCompilerTests_A[jvm] > arrayFrom_ts has expected errors matching arrayFrom_errors_txt[jvm] FAILED

<test-failure test="com.xemantic.typescript.compiler.TypeScriptCompilerTests_A.accessorInferredReturnTypeErrorInReturnStatement_ts has expected errors matching accessorInferredReturnTypeErrorInReturnStatement_errors_txt" platform="jvm">
<message>
Expected diagnostics from baseline typescript-repo/tests/baselines/reference/accessorInferredReturnTypeErrorInReturnStatement.errors.txt but none produced
</message>
<stacktrace>
  at com.xemantic.typescript.compiler.TypeScriptTestSupportKt.errorsMatchBaseline(TypeScriptTestSupport.kt:125)
  at com.xemantic.typescript.compiler.TypeScriptCompilerTests_A.accessorInferredReturnTypeErrorInReturnStatement_ts has expected errors matching accessorInferredReturnTypeErrorInReturnStatement_errors_txt(TypeScriptCompilerTests_A.kt:336)
  at java.base/jdk.internal.reflect.DirectMethodHandleAccessor.invoke(DirectMethodHandleAccessor.java:104)
  at java.base/java.lang.reflect.Method.invoke(Method.java:565)
  at org.junit.runners.model.FrameworkMethod$1.runReflectiveCall(FrameworkMethod.java:59)
  at org.junit.internal.runners.model.ReflectiveCallable.run(ReflectiveCallable.java:12)
  at org.junit.runners.model.FrameworkMethod.invokeExplosively(FrameworkMethod.java:56)
  at org.junit.internal.runners.statements.InvokeMethod.evaluate(InvokeMethod.java:17)
  at org.junit.runners.ParentRunner$3.evaluate(ParentRunner.java:306)
  at org.junit.runners.BlockJUnit4ClassRunner$1.evaluate(BlockJUnit4ClassRunner.java:100)
  at org.junit.runners.ParentRunner.runLeaf(ParentRunner.java:366)
  at org.junit.runners.BlockJUnit4ClassRunner.runChild(BlockJUnit4ClassRunner.java:103)
  at org.junit.runners.BlockJUnit4ClassRunner.runChild(BlockJUnit4ClassRunner.java:63)
  at org.junit.runners.ParentRunner$4.run(ParentRunner.java:331)
  at org.junit.runners.ParentRunner$1.schedule(ParentRunner.java:79)
  at org.junit.runners.ParentRunner.runChildren(ParentRunner.java:329)
  at org.junit.runners.ParentRunner.access$100(ParentRunner.java:66)
  at org.junit.runners.ParentRunner$2.evaluate(ParentRunner.java:293)
  at org.junit.runners.ParentRunner$3.evaluate(ParentRunner.java:306)
  at org.junit.runners.ParentRunner.run(ParentRunner.java:413)
  at org.junit.runner.JUnitCore.run(JUnitCore.java:137)
  at org.junit.runner.JUnitCore.run(JUnitCore.java:115)
  at org.gradle.api.internal.tasks.testing.junit.JUnitTestExecutor.runRequest(JUnitTestExecutor.java:175)
  at org.gradle.api.internal.tasks.testing.junit.JUnitTestExecutor.accept(JUnitTestExecutor.java:84)
  at org.gradle.api.internal.tasks.testing.junit.JUnitTestExecutor.accept(JUnitTestExecutor.java:47)
  at org.gradle.api.internal.tasks.testing.junit.AbstractJUnitTestDefinitionProcessor.processTestDefinition(AbstractJUnitTestDefinitionProcessor.java:65)
  at org.gradle.api.internal.tasks.testing.SuiteTestDefinitionProcessor.processTestDefinition(SuiteTestDefinitionProcessor.java:54)
  at java.base/jdk.internal.reflect.DirectMethodHandleAccessor.invoke(DirectMethodHandleAccessor.java:104)
  at java.base/java.lang.reflect.Method.invoke(Method.java:565)
  at org.gradle.internal.dispatch.MethodInvocation.invokeOn(MethodInvocation.java:77)
  at org.gradle.internal.dispatch.ReflectionDispatch.dispatch(ReflectionDispatch.java:28)
  at org.gradle.internal.dispatch.ReflectionDispatch.dispatch(ReflectionDispatch.java:19)
  at org.gradle.internal.dispatch.ContextClassLoaderDispatch.dispatch(ContextClassLoaderDispatch.java:33)
  at org.gradle.internal.dispatch.ProxyDispatchAdapter$DispatchingInvocationHandler.invoke(ProxyDispatchAdapter.java:88)
  at jdk.proxy1/jdk.proxy1.$Proxy4.processTestDefinition(Unknown Source)
  at org.gradle.api.internal.tasks.testing.worker.TestWorker$2.run(TestWorker.java:178)
  at org.gradle.api.internal.tasks.testing.worker.TestWorker.executeAndMaintainThreadName(TestWorker.java:126)
  at org.gradle.api.internal.tasks.testing.worker.TestWorker.execute(TestWorker.java:103)
  at org.gradle.api.internal.tasks.testing.worker.TestWorker.execute(TestWorker.java:63)
  at org.gradle.process.internal.worker.child.ActionExecutionWorker.execute(ActionExecutionWorker.java:56)
  at org.gradle.process.internal.worker.child.SystemApplicationClassLoaderWorker.call(SystemApplicationClassLoaderWorker.java:122)
  at org.gradle.process.internal.worker.child.SystemApplicationClassLoaderWorker.call(SystemApplicationClassLoaderWorker.java:72)
  at worker.org.gradle.process.internal.worker.GradleWorkerMain.run(GradleWorkerMain.java:69)
  at worker.org.gradle.process.internal.worker.GradleWorkerMain.main(GradleWorkerMain.java:74)
</stacktrace>
</test-failure>


TypeScriptCompilerTests_A[jvm] > accessorInferredReturnTypeErrorInReturnStatement_ts has expected errors matching accessorInferredReturnTypeErrorInReturnStatement_errors_txt[jvm] FAILED

<test-failure test="com.xemantic.typescript.compiler.TypeScriptCompilerTests_A.assignmentCompatability31_ts has expected errors matching assignmentCompatability31_errors_txt" platform="jvm">
<message>
Expected diagnostics from baseline typescript-repo/tests/baselines/reference/assignmentCompatability31.errors.txt but none produced
</message>
<stacktrace>
  at com.xemantic.typescript.compiler.TypeScriptTestSupportKt.errorsMatchBaseline(TypeScriptTestSupport.kt:125)
  at com.xemantic.typescript.compiler.TypeScriptCompilerTests_A.assignmentCompatability31_ts has expected errors matching assignmentCompatability31_errors_txt(TypeScriptCompilerTests_A.kt:3556)
  at java.base/jdk.internal.reflect.DirectMethodHandleAccessor.invoke(DirectMethodHandleAccessor.java:104)
  at java.base/java.lang.reflect.Method.invoke(Method.java:565)
  at org.junit.runners.model.FrameworkMethod$1.runReflectiveCall(FrameworkMethod.java:59)
  at org.junit.internal.runners.model.ReflectiveCallable.run(ReflectiveCallable.java:12)
  at org.junit.runners.model.FrameworkMethod.invokeExplosively(FrameworkMethod.java:56)
  at org.junit.internal.runners.statements.InvokeMethod.evaluate(InvokeMethod.java:17)
  at org.junit.runners.ParentRunner$3.evaluate(ParentRunner.java:306)
  at org.junit.runners.BlockJUnit4ClassRunner$1.evaluate(BlockJUnit4ClassRunner.java:100)
  at org.junit.runners.ParentRunner.runLeaf(ParentRunner.java:366)
  at org.junit.runners.BlockJUnit4ClassRunner.runChild(BlockJUnit4ClassRunner.java:103)
  at org.junit.runners.BlockJUnit4ClassRunner.runChild(BlockJUnit4ClassRunner.java:63)
  at org.junit.runners.ParentRunner$4.run(ParentRunner.java:331)
  at org.junit.runners.ParentRunner$1.schedule(ParentRunner.java:79)
  at org.junit.runners.ParentRunner.runChildren(ParentRunner.java:329)
  at org.junit.runners.ParentRunner.access$100(ParentRunner.java:66)
  at org.junit.runners.ParentRunner$2.evaluate(ParentRunner.java:293)
  at org.junit.runners.ParentRunner$3.evaluate(ParentRunner.java:306)
  at org.junit.runners.ParentRunner.run(ParentRunner.java:413)
  at org.junit.runner.JUnitCore.run(JUnitCore.java:137)
  at org.junit.runner.JUnitCore.run(JUnitCore.java:115)
  at org.gradle.api.internal.tasks.testing.junit.JUnitTestExecutor.runRequest(JUnitTestExecutor.java:175)
  at org.gradle.api.internal.tasks.testing.junit.JUnitTestExecutor.accept(JUnitTestExecutor.java:84)
  at org.gradle.api.internal.tasks.testing.junit.JUnitTestExecutor.accept(JUnitTestExecutor.java:47)
  at org.gradle.api.internal.tasks.testing.junit.AbstractJUnitTestDefinitionProcessor.processTestDefinition(AbstractJUnitTestDefinitionProcessor.java:65)
  at org.gradle.api.internal.tasks.testing.SuiteTestDefinitionProcessor.processTestDefinition(SuiteTestDefinitionProcessor.java:54)
  at java.base/jdk.internal.reflect.DirectMethodHandleAccessor.invoke(DirectMethodHandleAccessor.java:104)
  at java.base/java.lang.reflect.Method.invoke(Method.java:565)
  at org.gradle.internal.dispatch.MethodInvocation.invokeOn(MethodInvocation.java:77)
  at org.gradle.internal.dispatch.ReflectionDispatch.dispatch(ReflectionDispatch.java:28)
  at org.gradle.internal.dispatch.ReflectionDispatch.dispatch(ReflectionDispatch.java:19)
  at org.gradle.internal.dispatch.ContextClassLoaderDispatch.dispatch(ContextClassLoaderDispatch.java:33)
  at org.gradle.internal.dispatch.ProxyDispatchAdapter$DispatchingInvocationHandler.invoke(ProxyDispatchAdapter.java:88)
  at jdk.proxy1/jdk.proxy1.$Proxy4.processTestDefinition(Unknown Source)
  at org.gradle.api.internal.tasks.testing.worker.TestWorker$2.run(TestWorker.java:178)
  at org.gradle.api.internal.tasks.testing.worker.TestWorker.executeAndMaintainThreadName(TestWorker.java:126)
  at org.gradle.api.internal.tasks.testing.worker.TestWorker.execute(TestWorker.java:103)
  at org.gradle.api.internal.tasks.testing.worker.TestWorker.execute(TestWorker.java:63)
  at org.gradle.process.internal.worker.child.ActionExecutionWorker.execute(ActionExecutionWorker.java:56)
  at org.gradle.process.internal.worker.child.SystemApplicationClassLoaderWorker.call(SystemApplicationClassLoaderWorker.java:122)
  at org.gradle.process.internal.worker.child.SystemApplicationClassLoaderWorker.call(SystemApplicationClassLoaderWorker.java:72)
  at worker.org.gradle.process.internal.worker.GradleWorkerMain.run(GradleWorkerMain.java:69)
  at worker.org.gradle.process.internal.worker.GradleWorkerMain.main(GradleWorkerMain.java:74)
</stacktrace>
</test-failure>


TypeScriptCompilerTests_A[jvm] > assignmentCompatability31_ts has expected errors matching assignmentCompatability31_errors_txt[jvm] FAILED

<test-failure test="com.xemantic.typescript.compiler.TypeScriptCompilerTests_A.assignmentCompatability35_ts has expected errors matching assignmentCompatability35_errors_txt" platform="jvm">
<message>
Expected diagnostics from baseline typescript-repo/tests/baselines/reference/assignmentCompatability35.errors.txt but none produced
</message>
<stacktrace>
  at com.xemantic.typescript.compiler.TypeScriptTestSupportKt.errorsMatchBaseline(TypeScriptTestSupport.kt:125)
  at com.xemantic.typescript.compiler.TypeScriptCompilerTests_A.assignmentCompatability35_ts has expected errors matching assignmentCompatability35_errors_txt(TypeScriptCompilerTests_A.kt:3612)
  at java.base/jdk.internal.reflect.DirectMethodHandleAccessor.invoke(DirectMethodHandleAccessor.java:104)
  at java.base/java.lang.reflect.Method.invoke(Method.java:565)
  at org.junit.runners.model.FrameworkMethod$1.runReflectiveCall(FrameworkMethod.java:59)
  at org.junit.internal.runners.model.ReflectiveCallable.run(ReflectiveCallable.java:12)
  at org.junit.runners.model.FrameworkMethod.invokeExplosively(FrameworkMethod.java:56)
  at org.junit.internal.runners.statements.InvokeMethod.evaluate(InvokeMethod.java:17)
  at org.junit.runners.ParentRunner$3.evaluate(ParentRunner.java:306)
  at org.junit.runners.BlockJUnit4ClassRunner$1.evaluate(BlockJUnit4ClassRunner.java:100)
  at org.junit.runners.ParentRunner.runLeaf(ParentRunner.java:366)
  at org.junit.runners.BlockJUnit4ClassRunner.runChild(BlockJUnit4ClassRunner.java:103)
  at org.junit.runners.BlockJUnit4ClassRunner.runChild(BlockJUnit4ClassRunner.java:63)
  at org.junit.runners.ParentRunner$4.run(ParentRunner.java:331)
  at org.junit.runners.ParentRunner$1.schedule(ParentRunner.java:79)
  at org.junit.runners.ParentRunner.runChildren(ParentRunner.java:329)
  at org.junit.runners.ParentRunner.access$100(ParentRunner.java:66)
  at org.junit.runners.ParentRunner$2.evaluate(ParentRunner.java:293)
  at org.junit.runners.ParentRunner$3.evaluate(ParentRunner.java:306)
  at org.junit.runners.ParentRunner.run(ParentRunner.java:413)
  at org.junit.runner.JUnitCore.run(JUnitCore.java:137)
  at org.junit.runner.JUnitCore.run(JUnitCore.java:115)
  at org.gradle.api.internal.tasks.testing.junit.JUnitTestExecutor.runRequest(JUnitTestExecutor.java:175)
  at org.gradle.api.internal.tasks.testing.junit.JUnitTestExecutor.accept(JUnitTestExecutor.java:84)
  at org.gradle.api.internal.tasks.testing.junit.JUnitTestExecutor.accept(JUnitTestExecutor.java:47)
  at org.gradle.api.internal.tasks.testing.junit.AbstractJUnitTestDefinitionProcessor.processTestDefinition(AbstractJUnitTestDefinitionProcessor.java:65)
  at org.gradle.api.internal.tasks.testing.SuiteTestDefinitionProcessor.processTestDefinition(SuiteTestDefinitionProcessor.java:54)
  at java.base/jdk.internal.reflect.DirectMethodHandleAccessor.invoke(DirectMethodHandleAccessor.java:104)
  at java.base/java.lang.reflect.Method.invoke(Method.java:565)
  at org.gradle.internal.dispatch.MethodInvocation.invokeOn(MethodInvocation.java:77)
  at org.gradle.internal.dispatch.ReflectionDispatch.dispatch(ReflectionDispatch.java:28)
  at org.gradle.internal.dispatch.ReflectionDispatch.dispatch(ReflectionDispatch.java:19)
  at org.gradle.internal.dispatch.ContextClassLoaderDispatch.dispatch(ContextClassLoaderDispatch.java:33)
  at org.gradle.internal.dispatch.ProxyDispatchAdapter$DispatchingInvocationHandler.invoke(ProxyDispatchAdapter.java:88)
  at jdk.proxy1/jdk.proxy1.$Proxy4.processTestDefinition(Unknown Source)
  at org.gradle.api.internal.tasks.testing.worker.TestWorker$2.run(TestWorker.java:178)
  at org.gradle.api.internal.tasks.testing.worker.TestWorker.executeAndMaintainThreadName(TestWorker.java:126)
  at org.gradle.api.internal.tasks.testing.worker.TestWorker.execute(TestWorker.java:103)
  at org.gradle.api.internal.tasks.testing.worker.TestWorker.execute(TestWorker.java:63)
  at org.gradle.process.internal.worker.child.ActionExecutionWorker.execute(ActionExecutionWorker.java:56)
  at org.gradle.process.internal.worker.child.SystemApplicationClassLoaderWorker.call(SystemApplicationClassLoaderWorker.java:122)
  at org.gradle.process.internal.worker.child.SystemApplicationClassLoaderWorker.call(SystemApplicationClassLoaderWorker.java:72)
  at worker.org.gradle.process.internal.worker.GradleWorkerMain.run(GradleWorkerMain.java:69)
  at worker.org.gradle.process.internal.worker.GradleWorkerMain.main(GradleWorkerMain.java:74)
</stacktrace>
</test-failure>


TypeScriptCompilerTests_A[jvm] > assignmentCompatability35_ts has expected errors matching assignmentCompatability35_errors_txt[jvm] FAILED

<test-failure test="com.xemantic.typescript.compiler.TypeScriptCompilerTests_A.ambientExportDefaultErrors_ts has expected errors matching ambientExportDefaultErrors_errors_txt" platform="jvm">
<message>
Expected diagnostics from baseline typescript-repo/tests/baselines/reference/ambientExportDefaultErrors.errors.txt but none produced
</message>
<stacktrace>
  at com.xemantic.typescript.compiler.TypeScriptTestSupportKt.errorsMatchBaseline(TypeScriptTestSupport.kt:125)
  at com.xemantic.typescript.compiler.TypeScriptCompilerTests_A.ambientExportDefaultErrors_ts has expected errors matching ambientExportDefaultErrors_errors_txt(TypeScriptCompilerTests_A.kt:1225)
  at java.base/jdk.internal.reflect.DirectMethodHandleAccessor.invoke(DirectMethodHandleAccessor.java:104)
  at java.base/java.lang.reflect.Method.invoke(Method.java:565)
  at org.junit.runners.model.FrameworkMethod$1.runReflectiveCall(FrameworkMethod.java:59)
  at org.junit.internal.runners.model.ReflectiveCallable.run(ReflectiveCallable.java:12)
  at org.junit.runners.model.FrameworkMethod.invokeExplosively(FrameworkMethod.java:56)
  at org.junit.internal.runners.statements.InvokeMethod.evaluate(InvokeMethod.java:17)
  at org.junit.runners.ParentRunner$3.evaluate(ParentRunner.java:306)
  at org.junit.runners.BlockJUnit4ClassRunner$1.evaluate(BlockJUnit4ClassRunner.java:100)
  at org.junit.runners.ParentRunner.runLeaf(ParentRunner.java:366)
  at org.junit.runners.BlockJUnit4ClassRunner.runChild(BlockJUnit4ClassRunner.java:103)
  at org.junit.runners.BlockJUnit4ClassRunner.runChild(BlockJUnit4ClassRunner.java:63)
  at org.junit.runners.ParentRunner$4.run(ParentRunner.java:331)
  at org.junit.runners.ParentRunner$1.schedule(ParentRunner.java:79)
  at org.junit.runners.ParentRunner.runChildren(ParentRunner.java:329)
  at org.junit.runners.ParentRunner.access$100(ParentRunner.java:66)
  at org.junit.runners.ParentRunner$2.evaluate(ParentRunner.java:293)
  at org.junit.runners.ParentRunner$3.evaluate(ParentRunner.java:306)
  at org.junit.runners.ParentRunner.run(ParentRunner.java:413)
  at org.junit.runner.JUnitCore.run(JUnitCore.java:137)
  at org.junit.runner.JUnitCore.run(JUnitCore.java:115)
  at org.gradle.api.internal.tasks.testing.junit.JUnitTestExecutor.runRequest(JUnitTestExecutor.java:175)
  at org.gradle.api.internal.tasks.testing.junit.JUnitTestExecutor.accept(JUnitTestExecutor.java:84)
  at org.gradle.api.internal.tasks.testing.junit.JUnitTestExecutor.accept(JUnitTestExecutor.java:47)
  at org.gradle.api.internal.tasks.testing.junit.AbstractJUnitTestDefinitionProcessor.processTestDefinition(AbstractJUnitTestDefinitionProcessor.java:65)
  at org.gradle.api.internal.tasks.testing.SuiteTestDefinitionProcessor.processTestDefinition(SuiteTestDefinitionProcessor.java:54)
  at java.base/jdk.internal.reflect.DirectMethodHandleAccessor.invoke(DirectMethodHandleAccessor.java:104)
  at java.base/java.lang.reflect.Method.invoke(Method.java:565)
  at org.gradle.internal.dispatch.MethodInvocation.invokeOn(MethodInvocation.java:77)
  at org.gradle.internal.dispatch.ReflectionDispatch.dispatch(ReflectionDispatch.java:28)
  at org.gradle.internal.dispatch.ReflectionDispatch.dispatch(ReflectionDispatch.java:19)
  at org.gradle.internal.dispatch.ContextClassLoaderDispatch.dispatch(ContextClassLoaderDispatch.java:33)
  at org.gradle.internal.dispatch.ProxyDispatchAdapter$DispatchingInvocationHandler.invoke(ProxyDispatchAdapter.java:88)
  at jdk.proxy1/jdk.proxy1.$Proxy4.processTestDefinition(Unknown Source)
  at org.gradle.api.internal.tasks.testing.worker.TestWorker$2.run(TestWorker.java:178)
  at org.gradle.api.internal.tasks.testing.worker.TestWorker.executeAndMaintainThreadName(TestWorker.java:126)
  at org.gradle.api.internal.tasks.testing.worker.TestWorker.execute(TestWorker.java:103)
  at org.gradle.api.internal.tasks.testing.worker.TestWorker.execute(TestWorker.java:63)
  at org.gradle.process.internal.worker.child.ActionExecutionWorker.execute(ActionExecutionWorker.java:56)
  at org.gradle.process.internal.worker.child.SystemApplicationClassLoaderWorker.call(SystemApplicationClassLoaderWorker.java:122)
  at org.gradle.process.internal.worker.child.SystemApplicationClassLoaderWorker.call(SystemApplicationClassLoaderWorker.java:72)
  at worker.org.gradle.process.internal.worker.GradleWorkerMain.run(GradleWorkerMain.java:69)
  at worker.org.gradle.process.internal.worker.GradleWorkerMain.main(GradleWorkerMain.java:74)
</stacktrace>
</test-failure>


TypeScriptCompilerTests_A[jvm] > ambientExportDefaultErrors_ts has expected errors matching ambientExportDefaultErrors_errors_txt[jvm] FAILED

<test-failure test="com.xemantic.typescript.compiler.TypeScriptCompilerTests_A.assignmentCompatability39_ts has expected errors matching assignmentCompatability39_errors_txt" platform="jvm">
<message>
Expected diagnostics from baseline typescript-repo/tests/baselines/reference/assignmentCompatability39.errors.txt but none produced
</message>
<stacktrace>
  at com.xemantic.typescript.compiler.TypeScriptTestSupportKt.errorsMatchBaseline(TypeScriptTestSupport.kt:125)
  at com.xemantic.typescript.compiler.TypeScriptCompilerTests_A.assignmentCompatability39_ts has expected errors matching assignmentCompatability39_errors_txt(TypeScriptCompilerTests_A.kt:3668)
  at java.base/jdk.internal.reflect.DirectMethodHandleAccessor.invoke(DirectMethodHandleAccessor.java:104)
  at java.base/java.lang.reflect.Method.invoke(Method.java:565)
  at org.junit.runners.model.FrameworkMethod$1.runReflectiveCall(FrameworkMethod.java:59)
  at org.junit.internal.runners.model.ReflectiveCallable.run(ReflectiveCallable.java:12)
  at org.junit.runners.model.FrameworkMethod.invokeExplosively(FrameworkMethod.java:56)
  at org.junit.internal.runners.statements.InvokeMethod.evaluate(InvokeMethod.java:17)
  at org.junit.runners.ParentRunner$3.evaluate(ParentRunner.java:306)
  at org.junit.runners.BlockJUnit4ClassRunner$1.evaluate(BlockJUnit4ClassRunner.java:100)
  at org.junit.runners.ParentRunner.runLeaf(ParentRunner.java:366)
  at org.junit.runners.BlockJUnit4ClassRunner.runChild(BlockJUnit4ClassRunner.java:103)
  at org.junit.runners.BlockJUnit4ClassRunner.runChild(BlockJUnit4ClassRunner.java:63)
  at org.junit.runners.ParentRunner$4.run(ParentRunner.java:331)
  at org.junit.runners.ParentRunner$1.schedule(ParentRunner.java:79)
  at org.junit.runners.ParentRunner.runChildren(ParentRunner.java:329)
  at org.junit.runners.ParentRunner.access$100(ParentRunner.java:66)
  at org.junit.runners.ParentRunner$2.evaluate(ParentRunner.java:293)
  at org.junit.runners.ParentRunner$3.evaluate(ParentRunner.java:306)
  at org.junit.runners.ParentRunner.run(ParentRunner.java:413)
  at org.junit.runner.JUnitCore.run(JUnitCore.java:137)
  at org.junit.runner.JUnitCore.run(JUnitCore.java:115)
  at org.gradle.api.internal.tasks.testing.junit.JUnitTestExecutor.runRequest(JUnitTestExecutor.java:175)
  at org.gradle.api.internal.tasks.testing.junit.JUnitTestExecutor.accept(JUnitTestExecutor.java:84)
  at org.gradle.api.internal.tasks.testing.junit.JUnitTestExecutor.accept(JUnitTestExecutor.java:47)
  at org.gradle.api.internal.tasks.testing.junit.AbstractJUnitTestDefinitionProcessor.processTestDefinition(AbstractJUnitTestDefinitionProcessor.java:65)
  at org.gradle.api.internal.tasks.testing.SuiteTestDefinitionProcessor.processTestDefinition(SuiteTestDefinitionProcessor.java:54)
  at java.base/jdk.internal.reflect.DirectMethodHandleAccessor.invoke(DirectMethodHandleAccessor.java:104)
  at java.base/java.lang.reflect.Method.invoke(Method.java:565)
  at org.gradle.internal.dispatch.MethodInvocation.invokeOn(MethodInvocation.java:77)
  at org.gradle.internal.dispatch.ReflectionDispatch.dispatch(ReflectionDispatch.java:28)
  at org.gradle.internal.dispatch.ReflectionDispatch.dispatch(ReflectionDispatch.java:19)
  at org.gradle.internal.dispatch.ContextClassLoaderDispatch.dispatch(ContextClassLoaderDispatch.java:33)
  at org.gradle.internal.dispatch.ProxyDispatchAdapter$DispatchingInvocationHandler.invoke(ProxyDispatchAdapter.java:88)
  at jdk.proxy1/jdk.proxy1.$Proxy4.processTestDefinition(Unknown Source)
  at org.gradle.api.internal.tasks.testing.worker.TestWorker$2.run(TestWorker.java:178)
  at org.gradle.api.internal.tasks.testing.worker.TestWorker.executeAndMaintainThreadName(TestWorker.java:126)
  at org.gradle.api.internal.tasks.testing.worker.TestWorker.execute(TestWorker.java:103)
  at org.gradle.api.internal.tasks.testing.worker.TestWorker.execute(TestWorker.java:63)
  at org.gradle.process.internal.worker.child.ActionExecutionWorker.execute(ActionExecutionWorker.java:56)
  at org.gradle.process.internal.worker.child.SystemApplicationClassLoaderWorker.call(SystemApplicationClassLoaderWorker.java:122)
  at org.gradle.process.internal.worker.child.SystemApplicationClassLoaderWorker.call(SystemApplicationClassLoaderWorker.java:72)
  at worker.org.gradle.process.internal.worker.GradleWorkerMain.run(GradleWorkerMain.java:69)
  at worker.org.gradle.process.internal.worker.GradleWorkerMain.main(GradleWorkerMain.java:74)
</stacktrace>
</test-failure>


TypeScriptCompilerTests_A[jvm] > assignmentCompatability39_ts has expected errors matching assignmentCompatability39_errors_txt[jvm] FAILED

<test-failure test="com.xemantic.typescript.compiler.TypeScriptCompilerTests_A.argumentsObjectIterator02_ES5_ts__target_es5__has expected errors matching baseline" platform="jvm">
<message>
--- expected
+++ actual
@@ -1,16 +1,13 @@
 error TS5107: Option 'target=ES5' is deprecated and will stop functioning in TypeScript 7.0. Specify compilerOption '"ignoreDeprecations": "6.0"' to silence this error.
-argumentsObjectIterator02_ES5.ts(5,21): error TS2802: Type 'ArrayIterator<any>' can only be iterated through when using the '--downlevelIteration' flag or with a '--target' of 'es2015' or higher.
 
 
 !!! error TS5107: Option 'target=ES5' is deprecated and will stop functioning in TypeScript 7.0. Specify compilerOption '"ignoreDeprecations": "6.0"' to silence this error.
-==== argumentsObjectIterator02_ES5.ts (1 errors) ====
+==== argumentsObjectIterator02_ES5.ts (0 errors) ====
     function doubleAndReturnAsArray(x: number, y: number, z: number): [number, number, number] {
         let blah = arguments[Symbol.iterator];
     
         let result = [];
         for (let arg of blah()) {
-                        ~~~~~~
-!!! error TS2802: Type 'ArrayIterator<any>' can only be iterated through when using the '--downlevelIteration' flag or with a '--target' of 'es2015' or higher.
             result.push(arg + arg);
         }
         return <[any, any, any]>result;

</message>
<stacktrace>
  at org.junit.Assert.fail(Assert.java:89)
  at kotlin.test.junit.JUnitAsserter.fail(JUnitSupport.kt:56)
  at kotlin.test.AssertionsKt__AssertionsKt.fail(Assertions.kt:563)
  at kotlin.test.AssertionsKt.fail(Unknown Source)
  at com.xemantic.kotlin.test.SameAsKt.sameAs(SameAs.kt:52)
  at com.xemantic.typescript.compiler.TypeScriptTestSupportKt.errorsMatchBaseline(TypeScriptTestSupport.kt:135)
  at com.xemantic.typescript.compiler.TypeScriptCompilerTests_A.argumentsObjectIterator02_ES5_ts__target_es5__has expected errors matching baseline(TypeScriptCompilerTests_A.kt:1890)
  at java.base/jdk.internal.reflect.DirectMethodHandleAccessor.invoke(DirectMethodHandleAccessor.java:104)
  at java.base/java.lang.reflect.Method.invoke(Method.java:565)
  at org.junit.runners.model.FrameworkMethod$1.runReflectiveCall(FrameworkMethod.java:59)
  at org.junit.internal.runners.model.ReflectiveCallable.run(ReflectiveCallable.java:12)
  at org.junit.runners.model.FrameworkMethod.invokeExplosively(FrameworkMethod.java:56)
  at org.junit.internal.runners.statements.InvokeMethod.evaluate(InvokeMethod.java:17)
  at org.junit.runners.ParentRunner$3.evaluate(ParentRunner.java:306)
  at org.junit.runners.BlockJUnit4ClassRunner$1.evaluate(BlockJUnit4ClassRunner.java:100)
  at org.junit.runners.ParentRunner.runLeaf(ParentRunner.java:366)
  at org.junit.runners.BlockJUnit4ClassRunner.runChild(BlockJUnit4ClassRunner.java:103)
  at org.junit.runners.BlockJUnit4ClassRunner.runChild(BlockJUnit4ClassRunner.java:63)
  at org.junit.runners.ParentRunner$4.run(ParentRunner.java:331)
  at org.junit.runners.ParentRunner$1.schedule(ParentRunner.java:79)
  at org.junit.runners.ParentRunner.runChildren(ParentRunner.java:329)
  at org.junit.runners.ParentRunner.access$100(ParentRunner.java:66)
  at org.junit.runners.ParentRunner$2.evaluate(ParentRunner.java:293)
  at org.junit.runners.ParentRunner$3.evaluate(ParentRunner.java:306)
  at org.junit.runners.ParentRunner.run(ParentRunner.java:413)
  at org.junit.runner.JUnitCore.run(JUnitCore.java:137)
  at org.junit.runner.JUnitCore.run(JUnitCore.java:115)
  at org.gradle.api.internal.tasks.testing.junit.JUnitTestExecutor.runRequest(JUnitTestExecutor.java:175)
  at org.gradle.api.internal.tasks.testing.junit.JUnitTestExecutor.accept(JUnitTestExecutor.java:84)
  at org.gradle.api.internal.tasks.testing.junit.JUnitTestExecutor.accept(JUnitTestExecutor.java:47)
  at org.gradle.api.internal.tasks.testing.junit.AbstractJUnitTestDefinitionProcessor.processTestDefinition(AbstractJUnitTestDefinitionProcessor.java:65)
  at org.gradle.api.internal.tasks.testing.SuiteTestDefinitionProcessor.processTestDefinition(SuiteTestDefinitionProcessor.java:54)
  at java.base/jdk.internal.reflect.DirectMethodHandleAccessor.invoke(DirectMethodHandleAccessor.java:104)
  at java.base/java.lang.reflect.Method.invoke(Method.java:565)
  at org.gradle.internal.dispatch.MethodInvocation.invokeOn(MethodInvocation.java:77)
  at org.gradle.internal.dispatch.ReflectionDispatch.dispatch(ReflectionDispatch.java:28)
  at org.gradle.internal.dispatch.ReflectionDispatch.dispatch(ReflectionDispatch.java:19)
  at org.gradle.internal.dispatch.ContextClassLoaderDispatch.dispatch(ContextClassLoaderDispatch.java:33)
  at org.gradle.internal.dispatch.ProxyDispatchAdapter$DispatchingInvocationHandler.invoke(ProxyDispatchAdapter.java:88)
  at jdk.proxy1/jdk.proxy1.$Proxy4.processTestDefinition(Unknown Source)
  at org.gradle.api.internal.tasks.testing.worker.TestWorker$2.run(TestWorker.java:178)
  at org.gradle.api.internal.tasks.testing.worker.TestWorker.executeAndMaintainThreadName(TestWorker.java:126)
  at org.gradle.api.internal.tasks.testing.worker.TestWorker.execute(TestWorker.java:103)
  at org.gradle.api.internal.tasks.testing.worker.TestWorker.execute(TestWorker.java:63)
  at org.gradle.process.internal.worker.child.ActionExecutionWorker.execute(ActionExecutionWorker.java:56)
  at org.gradle.process.internal.worker.child.SystemApplicationClassLoaderWorker.call(SystemApplicationClassLoaderWorker.java:122)
  at org.gradle.process.internal.worker.child.SystemApplicationClassLoaderWorker.call(SystemApplicationClassLoaderWorker.java:72)
  at worker.org.gradle.process.internal.worker.GradleWorkerMain.run(GradleWorkerMain.java:69)
  at worker.org.gradle.process.internal.worker.GradleWorkerMain.main(GradleWorkerMain.java:74)
</stacktrace>
</test-failure>


TypeScriptCompilerTests_A[jvm] > argumentsObjectIterator02_ES5_ts__target_es5__has expected errors matching baseline[jvm] FAILED

<test-failure test="com.xemantic.typescript.compiler.TypeScriptCompilerTests_A.arrowFunctionWithObjectLiteralBody2_ts has expected errors matching arrowFunctionWithObjectLiteralBody2_errors_txt" platform="jvm">
<message>
Expected diagnostics from baseline typescript-repo/tests/baselines/reference/arrowFunctionWithObjectLiteralBody2.errors.txt but none produced
</message>
<stacktrace>
  at com.xemantic.typescript.compiler.TypeScriptTestSupportKt.errorsMatchBaseline(TypeScriptTestSupport.kt:125)
  at com.xemantic.typescript.compiler.TypeScriptCompilerTests_A.arrowFunctionWithObjectLiteralBody2_ts has expected errors matching arrowFunctionWithObjectLiteralBody2_errors_txt(TypeScriptCompilerTests_A.kt:2814)
  at java.base/jdk.internal.reflect.DirectMethodHandleAccessor.invoke(DirectMethodHandleAccessor.java:104)
  at java.base/java.lang.reflect.Method.invoke(Method.java:565)
  at org.junit.runners.model.FrameworkMethod$1.runReflectiveCall(FrameworkMethod.java:59)
  at org.junit.internal.runners.model.ReflectiveCallable.run(ReflectiveCallable.java:12)
  at org.junit.runners.model.FrameworkMethod.invokeExplosively(FrameworkMethod.java:56)
  at org.junit.internal.runners.statements.InvokeMethod.evaluate(InvokeMethod.java:17)
  at org.junit.runners.ParentRunner$3.evaluate(ParentRunner.java:306)
  at org.junit.runners.BlockJUnit4ClassRunner$1.evaluate(BlockJUnit4ClassRunner.java:100)
  at org.junit.runners.ParentRunner.runLeaf(ParentRunner.java:366)
  at org.junit.runners.BlockJUnit4ClassRunner.runChild(BlockJUnit4ClassRunner.java:103)
  at org.junit.runners.BlockJUnit4ClassRunner.runChild(BlockJUnit4ClassRunner.java:63)
  at org.junit.runners.ParentRunner$4.run(ParentRunner.java:331)
  at org.junit.runners.ParentRunner$1.schedule(ParentRunner.java:79)
  at org.junit.runners.ParentRunner.runChildren(ParentRunner.java:329)
  at org.junit.runners.ParentRunner.access$100(ParentRunner.java:66)
  at org.junit.runners.ParentRunner$2.evaluate(ParentRunner.java:293)
  at org.junit.runners.ParentRunner$3.evaluate(ParentRunner.java:306)
  at org.junit.runners.ParentRunner.run(ParentRunner.java:413)
  at org.junit.runner.JUnitCore.run(JUnitCore.java:137)
  at org.junit.runner.JUnitCore.run(JUnitCore.java:115)
  at org.gradle.api.internal.tasks.testing.junit.JUnitTestExecutor.runRequest(JUnitTestExecutor.java:175)
  at org.gradle.api.internal.tasks.testing.junit.JUnitTestExecutor.accept(JUnitTestExecutor.java:84)
  at org.gradle.api.internal.tasks.testing.junit.JUnitTestExecutor.accept(JUnitTestExecutor.java:47)
  at org.gradle.api.internal.tasks.testing.junit.AbstractJUnitTestDefinitionProcessor.processTestDefinition(AbstractJUnitTestDefinitionProcessor.java:65)
  at org.gradle.api.internal.tasks.testing.SuiteTestDefinitionProcessor.processTestDefinition(SuiteTestDefinitionProcessor.java:54)
  at java.base/jdk.internal.reflect.DirectMethodHandleAccessor.invoke(DirectMethodHandleAccessor.java:104)
  at java.base/java.lang.reflect.Method.invoke(Method.java:565)
  at org.gradle.internal.dispatch.MethodInvocation.invokeOn(MethodInvocation.java:77)
  at org.gradle.internal.dispatch.ReflectionDispatch.dispatch(ReflectionDispatch.java:28)
  at org.gradle.internal.dispatch.ReflectionDispatch.dispatch(ReflectionDispatch.java:19)
  at org.gradle.internal.dispatch.ContextClassLoaderDispatch.dispatch(ContextClassLoaderDispatch.java:33)
  at org.gradle.internal.dispatch.ProxyDispatchAdapter$DispatchingInvocationHandler.invoke(ProxyDispatchAdapter.java:88)
  at jdk.proxy1/jdk.proxy1.$Proxy4.processTestDefinition(Unknown Source)
  at org.gradle.api.internal.tasks.testing.worker.TestWorker$2.run(TestWorker.java:178)
  at org.gradle.api.internal.tasks.testing.worker.TestWorker.executeAndMaintainThreadName(TestWorker.java:126)
  at org.gradle.api.internal.tasks.testing.worker.TestWorker.execute(TestWorker.java:103)
  at org.gradle.api.internal.tasks.testing.worker.TestWorker.execute(TestWorker.java:63)
  at org.gradle.process.internal.worker.child.ActionExecutionWorker.execute(ActionExecutionWorker.java:56)
  at org.gradle.process.internal.worker.child.SystemApplicationClassLoaderWorker.call(SystemApplicationClassLoaderWorker.java:122)
  at org.gradle.process.internal.worker.child.SystemApplicationClassLoaderWorker.call(SystemApplicationClassLoaderWorker.java:72)
  at worker.org.gradle.process.internal.worker.GradleWorkerMain.run(GradleWorkerMain.java:69)
  at worker.org.gradle.process.internal.worker.GradleWorkerMain.main(GradleWorkerMain.java:74)
</stacktrace>
</test-failure>


TypeScriptCompilerTests_A[jvm] > arrowFunctionWithObjectLiteralBody2_ts has expected errors matching arrowFunctionWithObjectLiteralBody2_errors_txt[jvm] FAILED

<test-failure test="com.xemantic.typescript.compiler.TypeScriptCompilerTests_A.arrayIndexWithArrayFails_ts has expected errors matching arrayIndexWithArrayFails_errors_txt" platform="jvm">
<message>
Expected diagnostics from baseline typescript-repo/tests/baselines/reference/arrayIndexWithArrayFails.errors.txt but none produced
</message>
<stacktrace>
  at com.xemantic.typescript.compiler.TypeScriptTestSupportKt.errorsMatchBaseline(TypeScriptTestSupport.kt:125)
  at com.xemantic.typescript.compiler.TypeScriptCompilerTests_A.arrayIndexWithArrayFails_ts has expected errors matching arrayIndexWithArrayFails_errors_txt(TypeScriptCompilerTests_A.kt:2457)
  at java.base/jdk.internal.reflect.DirectMethodHandleAccessor.invoke(DirectMethodHandleAccessor.java:104)
  at java.base/java.lang.reflect.Method.invoke(Method.java:565)
  at org.junit.runners.model.FrameworkMethod$1.runReflectiveCall(FrameworkMethod.java:59)
  at org.junit.internal.runners.model.ReflectiveCallable.run(ReflectiveCallable.java:12)
  at org.junit.runners.model.FrameworkMethod.invokeExplosively(FrameworkMethod.java:56)
  at org.junit.internal.runners.statements.InvokeMethod.evaluate(InvokeMethod.java:17)
  at org.junit.runners.ParentRunner$3.evaluate(ParentRunner.java:306)
  at org.junit.runners.BlockJUnit4ClassRunner$1.evaluate(BlockJUnit4ClassRunner.java:100)
  at org.junit.runners.ParentRunner.runLeaf(ParentRunner.java:366)
  at org.junit.runners.BlockJUnit4ClassRunner.runChild(BlockJUnit4ClassRunner.java:103)
  at org.junit.runners.BlockJUnit4ClassRunner.runChild(BlockJUnit4ClassRunner.java:63)
  at org.junit.runners.ParentRunner$4.run(ParentRunner.java:331)
  at org.junit.runners.ParentRunner$1.schedule(ParentRunner.java:79)
  at org.junit.runners.ParentRunner.runChildren(ParentRunner.java:329)
  at org.junit.runners.ParentRunner.access$100(ParentRunner.java:66)
  at org.junit.runners.ParentRunner$2.evaluate(ParentRunner.java:293)
  at org.junit.runners.ParentRunner$3.evaluate(ParentRunner.java:306)
  at org.junit.runners.ParentRunner.run(ParentRunner.java:413)
  at org.junit.runner.JUnitCore.run(JUnitCore.java:137)
  at org.junit.runner.JUnitCore.run(JUnitCore.java:115)
  at org.gradle.api.internal.tasks.testing.junit.JUnitTestExecutor.runRequest(JUnitTestExecutor.java:175)
  at org.gradle.api.internal.tasks.testing.junit.JUnitTestExecutor.accept(JUnitTestExecutor.java:84)
  at org.gradle.api.internal.tasks.testing.junit.JUnitTestExecutor.accept(JUnitTestExecutor.java:47)
  at org.gradle.api.internal.tasks.testing.junit.AbstractJUnitTestDefinitionProcessor.processTestDefinition(AbstractJUnitTestDefinitionProcessor.java:65)
  at org.gradle.api.internal.tasks.testing.SuiteTestDefinitionProcessor.processTestDefinition(SuiteTestDefinitionProcessor.java:54)
  at java.base/jdk.internal.reflect.DirectMethodHandleAccessor.invoke(DirectMethodHandleAccessor.java:104)
  at java.base/java.lang.reflect.Method.invoke(Method.java:565)
  at org.gradle.internal.dispatch.MethodInvocation.invokeOn(MethodInvocation.java:77)
  at org.gradle.internal.dispatch.ReflectionDispatch.dispatch(ReflectionDispatch.java:28)
  at org.gradle.internal.dispatch.ReflectionDispatch.dispatch(ReflectionDispatch.java:19)
  at org.gradle.internal.dispatch.ContextClassLoaderDispatch.dispatch(ContextClassLoaderDispatch.java:33)
  at org.gradle.internal.dispatch.ProxyDispatchAdapter$DispatchingInvocationHandler.invoke(ProxyDispatchAdapter.java:88)
  at jdk.proxy1/jdk.proxy1.$Proxy4.processTestDefinition(Unknown Source)
  at org.gradle.api.internal.tasks.testing.worker.TestWorker$2.run(TestWorker.java:178)
  at org.gradle.api.internal.tasks.testing.worker.TestWorker.executeAndMaintainThreadName(TestWorker.java:126)
  at org.gradle.api.internal.tasks.testing.worker.TestWorker.execute(TestWorker.java:103)
  at org.gradle.api.internal.tasks.testing.worker.TestWorker.execute(TestWorker.java:63)
  at org.gradle.process.internal.worker.child.ActionExecutionWorker.execute(ActionExecutionWorker.java:56)
  at org.gradle.process.internal.worker.child.SystemApplicationClassLoaderWorker.call(SystemApplicationClassLoaderWorker.java:122)
  at org.gradle.process.internal.worker.child.SystemApplicationClassLoaderWorker.call(SystemApplicationClassLoaderWorker.java:72)
  at worker.org.gradle.process.internal.worker.GradleWorkerMain.run(GradleWorkerMain.java:69)
  at worker.org.gradle.process.internal.worker.GradleWorkerMain.main(GradleWorkerMain.java:74)
</stacktrace>
</test-failure>


TypeScriptCompilerTests_A[jvm] > arrayIndexWithArrayFails_ts has expected errors matching arrayIndexWithArrayFails_errors_txt[jvm] FAILED

<test-failure test="com.xemantic.typescript.compiler.TypeScriptCompilerTests_A.argumentsBindsToFunctionScopeArgumentList_ts__alwaysstrict_false__has expected errors matching baseline" platform="jvm">
<message>
Expected diagnostics from baseline typescript-repo/tests/baselines/reference/argumentsBindsToFunctionScopeArgumentList(alwaysstrict=false).errors.txt but none produced
</message>
<stacktrace>
  at com.xemantic.typescript.compiler.TypeScriptTestSupportKt.errorsMatchBaseline(TypeScriptTestSupport.kt:125)
  at com.xemantic.typescript.compiler.TypeScriptCompilerTests_A.argumentsBindsToFunctionScopeArgumentList_ts__alwaysstrict_false__has expected errors matching baseline(TypeScriptCompilerTests_A.kt:1855)
  at java.base/jdk.internal.reflect.DirectMethodHandleAccessor.invoke(DirectMethodHandleAccessor.java:104)
  at java.base/java.lang.reflect.Method.invoke(Method.java:565)
  at org.junit.runners.model.FrameworkMethod$1.runReflectiveCall(FrameworkMethod.java:59)
  at org.junit.internal.runners.model.ReflectiveCallable.run(ReflectiveCallable.java:12)
  at org.junit.runners.model.FrameworkMethod.invokeExplosively(FrameworkMethod.java:56)
  at org.junit.internal.runners.statements.InvokeMethod.evaluate(InvokeMethod.java:17)
  at org.junit.runners.ParentRunner$3.evaluate(ParentRunner.java:306)
  at org.junit.runners.BlockJUnit4ClassRunner$1.evaluate(BlockJUnit4ClassRunner.java:100)
  at org.junit.runners.ParentRunner.runLeaf(ParentRunner.java:366)
  at org.junit.runners.BlockJUnit4ClassRunner.runChild(BlockJUnit4ClassRunner.java:103)
  at org.junit.runners.BlockJUnit4ClassRunner.runChild(BlockJUnit4ClassRunner.java:63)
  at org.junit.runners.ParentRunner$4.run(ParentRunner.java:331)
  at org.junit.runners.ParentRunner$1.schedule(ParentRunner.java:79)
  at org.junit.runners.ParentRunner.runChildren(ParentRunner.java:329)
  at org.junit.runners.ParentRunner.access$100(ParentRunner.java:66)
  at org.junit.runners.ParentRunner$2.evaluate(ParentRunner.java:293)
  at org.junit.runners.ParentRunner$3.evaluate(ParentRunner.java:306)
  at org.junit.runners.ParentRunner.run(ParentRunner.java:413)
  at org.junit.runner.JUnitCore.run(JUnitCore.java:137)
  at org.junit.runner.JUnitCore.run(JUnitCore.java:115)
  at org.gradle.api.internal.tasks.testing.junit.JUnitTestExecutor.runRequest(JUnitTestExecutor.java:175)
  at org.gradle.api.internal.tasks.testing.junit.JUnitTestExecutor.accept(JUnitTestExecutor.java:84)
  at org.gradle.api.internal.tasks.testing.junit.JUnitTestExecutor.accept(JUnitTestExecutor.java:47)
  at org.gradle.api.internal.tasks.testing.junit.AbstractJUnitTestDefinitionProcessor.processTestDefinition(AbstractJUnitTestDefinitionProcessor.java:65)
  at org.gradle.api.internal.tasks.testing.SuiteTestDefinitionProcessor.processTestDefinition(SuiteTestDefinitionProcessor.java:54)
  at java.base/jdk.internal.reflect.DirectMethodHandleAccessor.invoke(DirectMethodHandleAccessor.java:104)
  at java.base/java.lang.reflect.Method.invoke(Method.java:565)
  at org.gradle.internal.dispatch.MethodInvocation.invokeOn(MethodInvocation.java:77)
  at org.gradle.internal.dispatch.ReflectionDispatch.dispatch(ReflectionDispatch.java:28)
  at org.gradle.internal.dispatch.ReflectionDispatch.dispatch(ReflectionDispatch.java:19)
  at org.gradle.internal.dispatch.ContextClassLoaderDispatch.dispatch(ContextClassLoaderDispatch.java:33)
  at org.gradle.internal.dispatch.ProxyDispatchAdapter$DispatchingInvocationHandler.invoke(ProxyDispatchAdapter.java:88)
  at jdk.proxy1/jdk.proxy1.$Proxy4.processTestDefinition(Unknown Source)
  at org.gradle.api.internal.tasks.testing.worker.TestWorker$2.run(TestWorker.java:178)
  at org.gradle.api.internal.tasks.testing.worker.TestWorker.executeAndMaintainThreadName(TestWorker.java:126)
  at org.gradle.api.internal.tasks.testing.worker.TestWorker.execute(TestWorker.java:103)
  at org.gradle.api.internal.tasks.testing.worker.TestWorker.execute(TestWorker.java:63)
  at org.gradle.process.internal.worker.child.ActionExecutionWorker.execute(ActionExecutionWorker.java:56)
  at org.gradle.process.internal.worker.child.SystemApplicationClassLoaderWorker.call(SystemApplicationClassLoaderWorker.java:122)
  at org.gradle.process.internal.worker.child.SystemApplicationClassLoaderWorker.call(SystemApplicationClassLoaderWorker.java:72)
  at worker.org.gradle.process.internal.worker.GradleWorkerMain.run(GradleWorkerMain.java:69)
  at worker.org.gradle.process.internal.worker.GradleWorkerMain.main(GradleWorkerMain.java:74)
</stacktrace>
</test-failure>


TypeScriptCompilerTests_A[jvm] > argumentsBindsToFunctionScopeArgumentList_ts__alwaysstrict_false__has expected errors matching baseline[jvm] FAILED

<test-failure test="com.xemantic.typescript.compiler.TypeScriptCompilerTests_A.asyncIteratorExtraParameters_ts has expected errors matching asyncIteratorExtraParameters_errors_txt" platform="jvm">
<message>
Expected diagnostics from baseline typescript-repo/tests/baselines/reference/asyncIteratorExtraParameters.errors.txt but none produced
</message>
<stacktrace>
  at com.xemantic.typescript.compiler.TypeScriptTestSupportKt.errorsMatchBaseline(TypeScriptTestSupport.kt:125)
  at com.xemantic.typescript.compiler.TypeScriptCompilerTests_A.asyncIteratorExtraParameters_ts has expected errors matching asyncIteratorExtraParameters_errors_txt(TypeScriptCompilerTests_A.kt:4151)
  at java.base/jdk.internal.reflect.DirectMethodHandleAccessor.invoke(DirectMethodHandleAccessor.java:104)
  at java.base/java.lang.reflect.Method.invoke(Method.java:565)
  at org.junit.runners.model.FrameworkMethod$1.runReflectiveCall(FrameworkMethod.java:59)
  at org.junit.internal.runners.model.ReflectiveCallable.run(ReflectiveCallable.java:12)
  at org.junit.runners.model.FrameworkMethod.invokeExplosively(FrameworkMethod.java:56)
  at org.junit.internal.runners.statements.InvokeMethod.evaluate(InvokeMethod.java:17)
  at org.junit.runners.ParentRunner$3.evaluate(ParentRunner.java:306)
  at org.junit.runners.BlockJUnit4ClassRunner$1.evaluate(BlockJUnit4ClassRunner.java:100)
  at org.junit.runners.ParentRunner.runLeaf(ParentRunner.java:366)
  at org.junit.runners.BlockJUnit4ClassRunner.runChild(BlockJUnit4ClassRunner.java:103)
  at org.junit.runners.BlockJUnit4ClassRunner.runChild(BlockJUnit4ClassRunner.java:63)
  at org.junit.runners.ParentRunner$4.run(ParentRunner.java:331)
  at org.junit.runners.ParentRunner$1.schedule(ParentRunner.java:79)
  at org.junit.runners.ParentRunner.runChildren(ParentRunner.java:329)
  at org.junit.runners.ParentRunner.access$100(ParentRunner.java:66)
  at org.junit.runners.ParentRunner$2.evaluate(ParentRunner.java:293)
  at org.junit.runners.ParentRunner$3.evaluate(ParentRunner.java:306)
  at org.junit.runners.ParentRunner.run(ParentRunner.java:413)
  at org.junit.runner.JUnitCore.run(JUnitCore.java:137)
  at org.junit.runner.JUnitCore.run(JUnitCore.java:115)
  at org.gradle.api.internal.tasks.testing.junit.JUnitTestExecutor.runRequest(JUnitTestExecutor.java:175)
  at org.gradle.api.internal.tasks.testing.junit.JUnitTestExecutor.accept(JUnitTestExecutor.java:84)
  at org.gradle.api.internal.tasks.testing.junit.JUnitTestExecutor.accept(JUnitTestExecutor.java:47)
  at org.gradle.api.internal.tasks.testing.junit.AbstractJUnitTestDefinitionProcessor.processTestDefinition(AbstractJUnitTestDefinitionProcessor.java:65)
  at org.gradle.api.internal.tasks.testing.SuiteTestDefinitionProcessor.processTestDefinition(SuiteTestDefinitionProcessor.java:54)
  at java.base/jdk.internal.reflect.DirectMethodHandleAccessor.invoke(DirectMethodHandleAccessor.java:104)
  at java.base/java.lang.reflect.Method.invoke(Method.java:565)
  at org.gradle.internal.dispatch.MethodInvocation.invokeOn(MethodInvocation.java:77)
  at org.gradle.internal.dispatch.ReflectionDispatch.dispatch(ReflectionDispatch.java:28)
  at org.gradle.internal.dispatch.ReflectionDispatch.dispatch(ReflectionDispatch.java:19)
  at org.gradle.internal.dispatch.ContextClassLoaderDispatch.dispatch(ContextClassLoaderDispatch.java:33)
  at org.gradle.internal.dispatch.ProxyDispatchAdapter$DispatchingInvocationHandler.invoke(ProxyDispatchAdapter.java:88)
  at jdk.proxy1/jdk.proxy1.$Proxy4.processTestDefinition(Unknown Source)
  at org.gradle.api.internal.tasks.testing.worker.TestWorker$2.run(TestWorker.java:178)
  at org.gradle.api.internal.tasks.testing.worker.TestWorker.executeAndMaintainThreadName(TestWorker.java:126)
  at org.gradle.api.internal.tasks.testing.worker.TestWorker.execute(TestWorker.java:103)
  at org.gradle.api.internal.tasks.testing.worker.TestWorker.execute(TestWorker.java:63)
  at org.gradle.process.internal.worker.child.ActionExecutionWorker.execute(ActionExecutionWorker.java:56)
  at org.gradle.process.internal.worker.child.SystemApplicationClassLoaderWorker.call(SystemApplicationClassLoaderWorker.java:122)
  at org.gradle.process.internal.worker.child.SystemApplicationClassLoaderWorker.call(SystemApplicationClassLoaderWorker.java:72)
  at worker.org.gradle.process.internal.worker.GradleWorkerMain.run(GradleWorkerMain.java:69)
  at worker.org.gradle.process.internal.worker.GradleWorkerMain.main(GradleWorkerMain.java:74)
</stacktrace>
</test-failure>


TypeScriptCompilerTests_A[jvm] > asyncIteratorExtraParameters_ts has expected errors matching asyncIteratorExtraParameters_errors_txt[jvm] FAILED

<test-failure test="com.xemantic.typescript.compiler.TypeScriptCompilerTests_A.assignmentCompatability42_ts has expected errors matching assignmentCompatability42_errors_txt" platform="jvm">
<message>
Expected diagnostics from baseline typescript-repo/tests/baselines/reference/assignmentCompatability42.errors.txt but none produced
</message>
<stacktrace>
  at com.xemantic.typescript.compiler.TypeScriptTestSupportKt.errorsMatchBaseline(TypeScriptTestSupport.kt:125)
  at com.xemantic.typescript.compiler.TypeScriptCompilerTests_A.assignmentCompatability42_ts has expected errors matching assignmentCompatability42_errors_txt(TypeScriptCompilerTests_A.kt:3724)
  at java.base/jdk.internal.reflect.DirectMethodHandleAccessor.invoke(DirectMethodHandleAccessor.java:104)
  at java.base/java.lang.reflect.Method.invoke(Method.java:565)
  at org.junit.runners.model.FrameworkMethod$1.runReflectiveCall(FrameworkMethod.java:59)
  at org.junit.internal.runners.model.ReflectiveCallable.run(ReflectiveCallable.java:12)
  at org.junit.runners.model.FrameworkMethod.invokeExplosively(FrameworkMethod.java:56)
  at org.junit.internal.runners.statements.InvokeMethod.evaluate(InvokeMethod.java:17)
  at org.junit.runners.ParentRunner$3.evaluate(ParentRunner.java:306)
  at org.junit.runners.BlockJUnit4ClassRunner$1.evaluate(BlockJUnit4ClassRunner.java:100)
  at org.junit.runners.ParentRunner.runLeaf(ParentRunner.java:366)
  at org.junit.runners.BlockJUnit4ClassRunner.runChild(BlockJUnit4ClassRunner.java:103)
  at org.junit.runners.BlockJUnit4ClassRunner.runChild(BlockJUnit4ClassRunner.java:63)
  at org.junit.runners.ParentRunner$4.run(ParentRunner.java:331)
  at org.junit.runners.ParentRunner$1.schedule(ParentRunner.java:79)
  at org.junit.runners.ParentRunner.runChildren(ParentRunner.java:329)
  at org.junit.runners.ParentRunner.access$100(ParentRunner.java:66)
  at org.junit.runners.ParentRunner$2.evaluate(ParentRunner.java:293)
  at org.junit.runners.ParentRunner$3.evaluate(ParentRunner.java:306)
  at org.junit.runners.ParentRunner.run(ParentRunner.java:413)
  at org.junit.runner.JUnitCore.run(JUnitCore.java:137)
  at org.junit.runner.JUnitCore.run(JUnitCore.java:115)
  at org.gradle.api.internal.tasks.testing.junit.JUnitTestExecutor.runRequest(JUnitTestExecutor.java:175)
  at org.gradle.api.internal.tasks.testing.junit.JUnitTestExecutor.accept(JUnitTestExecutor.java:84)
  at org.gradle.api.internal.tasks.testing.junit.JUnitTestExecutor.accept(JUnitTestExecutor.java:47)
  at org.gradle.api.internal.tasks.testing.junit.AbstractJUnitTestDefinitionProcessor.processTestDefinition(AbstractJUnitTestDefinitionProcessor.java:65)
  at org.gradle.api.internal.tasks.testing.SuiteTestDefinitionProcessor.processTestDefinition(SuiteTestDefinitionProcessor.java:54)
  at java.base/jdk.internal.reflect.DirectMethodHandleAccessor.invoke(DirectMethodHandleAccessor.java:104)
  at java.base/java.lang.reflect.Method.invoke(Method.java:565)
  at org.gradle.internal.dispatch.MethodInvocation.invokeOn(MethodInvocation.java:77)
  at org.gradle.internal.dispatch.ReflectionDispatch.dispatch(ReflectionDispatch.java:28)
  at org.gradle.internal.dispatch.ReflectionDispatch.dispatch(ReflectionDispatch.java:19)
  at org.gradle.internal.dispatch.ContextClassLoaderDispatch.dispatch(ContextClassLoaderDispatch.java:33)
  at org.gradle.internal.dispatch.ProxyDispatchAdapter$DispatchingInvocationHandler.invoke(ProxyDispatchAdapter.java:88)
  at jdk.proxy1/jdk.proxy1.$Proxy4.processTestDefinition(Unknown Source)
  at org.gradle.api.internal.tasks.testing.worker.TestWorker$2.run(TestWorker.java:178)
  at org.gradle.api.internal.tasks.testing.worker.TestWorker.executeAndMaintainThreadName(TestWorker.java:126)
  at org.gradle.api.internal.tasks.testing.worker.TestWorker.execute(TestWorker.java:103)
  at org.gradle.api.internal.tasks.testing.worker.TestWorker.execute(TestWorker.java:63)
  at org.gradle.process.internal.worker.child.ActionExecutionWorker.execute(ActionExecutionWorker.java:56)
  at org.gradle.process.internal.worker.child.SystemApplicationClassLoaderWorker.call(SystemApplicationClassLoaderWorker.java:122)
  at org.gradle.process.internal.worker.child.SystemApplicationClassLoaderWorker.call(SystemApplicationClassLoaderWorker.java:72)
  at worker.org.gradle.process.internal.worker.GradleWorkerMain.run(GradleWorkerMain.java:69)
  at worker.org.gradle.process.internal.worker.GradleWorkerMain.main(GradleWorkerMain.java:74)
</stacktrace>
</test-failure>


TypeScriptCompilerTests_A[jvm] > assignmentCompatability42_ts has expected errors matching assignmentCompatability42_errors_txt[jvm] FAILED

<test-failure test="com.xemantic.typescript.compiler.TypeScriptCompilerTests_A.aliasInstantiationExpressionGenericIntersectionNoCrash1_ts has expected errors matching aliasInstantiationExpressionGenericIntersectionNoCrash1_errors_txt" platform="jvm">
<message>
Expected diagnostics from baseline typescript-repo/tests/baselines/reference/aliasInstantiationExpressionGenericIntersectionNoCrash1.errors.txt but none produced
</message>
<stacktrace>
  at com.xemantic.typescript.compiler.TypeScriptTestSupportKt.errorsMatchBaseline(TypeScriptTestSupport.kt:125)
  at com.xemantic.typescript.compiler.TypeScriptCompilerTests_A.aliasInstantiationExpressionGenericIntersectionNoCrash1_ts has expected errors matching aliasInstantiationExpressionGenericIntersectionNoCrash1_errors_txt(TypeScriptCompilerTests_A.kt:630)
  at java.base/jdk.internal.reflect.DirectMethodHandleAccessor.invoke(DirectMethodHandleAccessor.java:104)
  at java.base/java.lang.reflect.Method.invoke(Method.java:565)
  at org.junit.runners.model.FrameworkMethod$1.runReflectiveCall(FrameworkMethod.java:59)
  at org.junit.internal.runners.model.ReflectiveCallable.run(ReflectiveCallable.java:12)
  at org.junit.runners.model.FrameworkMethod.invokeExplosively(FrameworkMethod.java:56)
  at org.junit.internal.runners.statements.InvokeMethod.evaluate(InvokeMethod.java:17)
  at org.junit.runners.ParentRunner$3.evaluate(ParentRunner.java:306)
  at org.junit.runners.BlockJUnit4ClassRunner$1.evaluate(BlockJUnit4ClassRunner.java:100)
  at org.junit.runners.ParentRunner.runLeaf(ParentRunner.java:366)
  at org.junit.runners.BlockJUnit4ClassRunner.runChild(BlockJUnit4ClassRunner.java:103)
  at org.junit.runners.BlockJUnit4ClassRunner.runChild(BlockJUnit4ClassRunner.java:63)
  at org.junit.runners.ParentRunner$4.run(ParentRunner.java:331)
  at org.junit.runners.ParentRunner$1.schedule(ParentRunner.java:79)
  at org.junit.runners.ParentRunner.runChildren(ParentRunner.java:329)
  at org.junit.runners.ParentRunner.access$100(ParentRunner.java:66)
  at org.junit.runners.ParentRunner$2.evaluate(ParentRunner.java:293)
  at org.junit.runners.ParentRunner$3.evaluate(ParentRunner.java:306)
  at org.junit.runners.ParentRunner.run(ParentRunner.java:413)
  at org.junit.runner.JUnitCore.run(JUnitCore.java:137)
  at org.junit.runner.JUnitCore.run(JUnitCore.java:115)
  at org.gradle.api.internal.tasks.testing.junit.JUnitTestExecutor.runRequest(JUnitTestExecutor.java:175)
  at org.gradle.api.internal.tasks.testing.junit.JUnitTestExecutor.accept(JUnitTestExecutor.java:84)
  at org.gradle.api.internal.tasks.testing.junit.JUnitTestExecutor.accept(JUnitTestExecutor.java:47)
  at org.gradle.api.internal.tasks.testing.junit.AbstractJUnitTestDefinitionProcessor.processTestDefinition(AbstractJUnitTestDefinitionProcessor.java:65)
  at org.gradle.api.internal.tasks.testing.SuiteTestDefinitionProcessor.processTestDefinition(SuiteTestDefinitionProcessor.java:54)
  at java.base/jdk.internal.reflect.DirectMethodHandleAccessor.invoke(DirectMethodHandleAccessor.java:104)
  at java.base/java.lang.reflect.Method.invoke(Method.java:565)
  at org.gradle.internal.dispatch.MethodInvocation.invokeOn(MethodInvocation.java:77)
  at org.gradle.internal.dispatch.ReflectionDispatch.dispatch(ReflectionDispatch.java:28)
  at org.gradle.internal.dispatch.ReflectionDispatch.dispatch(ReflectionDispatch.java:19)
  at org.gradle.internal.dispatch.ContextClassLoaderDispatch.dispatch(ContextClassLoaderDispatch.java:33)
  at org.gradle.internal.dispatch.ProxyDispatchAdapter$DispatchingInvocationHandler.invoke(ProxyDispatchAdapter.java:88)
  at jdk.proxy1/jdk.proxy1.$Proxy4.processTestDefinition(Unknown Source)
  at org.gradle.api.internal.tasks.testing.worker.TestWorker$2.run(TestWorker.java:178)
  at org.gradle.api.internal.tasks.testing.worker.TestWorker.executeAndMaintainThreadName(TestWorker.java:126)
  at org.gradle.api.internal.tasks.testing.worker.TestWorker.execute(TestWorker.java:103)
  at org.gradle.api.internal.tasks.testing.worker.TestWorker.execute(TestWorker.java:63)
  at org.gradle.process.internal.worker.child.ActionExecutionWorker.execute(ActionExecutionWorker.java:56)
  at org.gradle.process.internal.worker.child.SystemApplicationClassLoaderWorker.call(SystemApplicationClassLoaderWorker.java:122)
  at org.gradle.process.internal.worker.child.SystemApplicationClassLoaderWorker.call(SystemApplicationClassLoaderWorker.java:72)
  at worker.org.gradle.process.internal.worker.GradleWorkerMain.run(GradleWorkerMain.java:69)
  at worker.org.gradle.process.internal.worker.GradleWorkerMain.main(GradleWorkerMain.java:74)
</stacktrace>
</test-failure>


TypeScriptCompilerTests_A[jvm] > aliasInstantiationExpressionGenericIntersectionNoCrash1_ts has expected errors matching aliasInstantiationExpressionGenericIntersectionNoCrash1_errors_txt[jvm] FAILED

<test-failure test="com.xemantic.typescript.compiler.TypeScriptCompilerTests_A.argumentsReferenceInFunction1_Js_ts has expected errors matching argumentsReferenceInFunction1_Js_errors_txt" platform="jvm">
<message>
Expected diagnostics from baseline typescript-repo/tests/baselines/reference/argumentsReferenceInFunction1_Js.errors.txt but none produced
</message>
<stacktrace>
  at com.xemantic.typescript.compiler.TypeScriptTestSupportKt.errorsMatchBaseline(TypeScriptTestSupport.kt:125)
  at com.xemantic.typescript.compiler.TypeScriptCompilerTests_A.argumentsReferenceInFunction1_Js_ts has expected errors matching argumentsReferenceInFunction1_Js_errors_txt(TypeScriptCompilerTests_A.kt:2002)
  at java.base/jdk.internal.reflect.DirectMethodHandleAccessor.invoke(DirectMethodHandleAccessor.java:104)
  at java.base/java.lang.reflect.Method.invoke(Method.java:565)
  at org.junit.runners.model.FrameworkMethod$1.runReflectiveCall(FrameworkMethod.java:59)
  at org.junit.internal.runners.model.ReflectiveCallable.run(ReflectiveCallable.java:12)
  at org.junit.runners.model.FrameworkMethod.invokeExplosively(FrameworkMethod.java:56)
  at org.junit.internal.runners.statements.InvokeMethod.evaluate(InvokeMethod.java:17)
  at org.junit.runners.ParentRunner$3.evaluate(ParentRunner.java:306)
  at org.junit.runners.BlockJUnit4ClassRunner$1.evaluate(BlockJUnit4ClassRunner.java:100)
  at org.junit.runners.ParentRunner.runLeaf(ParentRunner.java:366)
  at org.junit.runners.BlockJUnit4ClassRunner.runChild(BlockJUnit4ClassRunner.java:103)
  at org.junit.runners.BlockJUnit4ClassRunner.runChild(BlockJUnit4ClassRunner.java:63)
  at org.junit.runners.ParentRunner$4.run(ParentRunner.java:331)
  at org.junit.runners.ParentRunner$1.schedule(ParentRunner.java:79)
  at org.junit.runners.ParentRunner.runChildren(ParentRunner.java:329)
  at org.junit.runners.ParentRunner.access$100(ParentRunner.java:66)
  at org.junit.runners.ParentRunner$2.evaluate(ParentRunner.java:293)
  at org.junit.runners.ParentRunner$3.evaluate(ParentRunner.java:306)
  at org.junit.runners.ParentRunner.run(ParentRunner.java:413)
  at org.junit.runner.JUnitCore.run(JUnitCore.java:137)
  at org.junit.runner.JUnitCore.run(JUnitCore.java:115)
  at org.gradle.api.internal.tasks.testing.junit.JUnitTestExecutor.runRequest(JUnitTestExecutor.java:175)
  at org.gradle.api.internal.tasks.testing.junit.JUnitTestExecutor.accept(JUnitTestExecutor.java:84)
  at org.gradle.api.internal.tasks.testing.junit.JUnitTestExecutor.accept(JUnitTestExecutor.java:47)
  at org.gradle.api.internal.tasks.testing.junit.AbstractJUnitTestDefinitionProcessor.processTestDefinition(AbstractJUnitTestDefinitionProcessor.java:65)
  at org.gradle.api.internal.tasks.testing.SuiteTestDefinitionProcessor.processTestDefinition(SuiteTestDefinitionProcessor.java:54)
  at java.base/jdk.internal.reflect.DirectMethodHandleAccessor.invoke(DirectMethodHandleAccessor.java:104)
  at java.base/java.lang.reflect.Method.invoke(Method.java:565)
  at org.gradle.internal.dispatch.MethodInvocation.invokeOn(MethodInvocation.java:77)
  at org.gradle.internal.dispatch.ReflectionDispatch.dispatch(ReflectionDispatch.java:28)
  at org.gradle.internal.dispatch.ReflectionDispatch.dispatch(ReflectionDispatch.java:19)
  at org.gradle.internal.dispatch.ContextClassLoaderDispatch.dispatch(ContextClassLoaderDispatch.java:33)
  at org.gradle.internal.dispatch.ProxyDispatchAdapter$DispatchingInvocationHandler.invoke(ProxyDispatchAdapter.java:88)
  at jdk.proxy1/jdk.proxy1.$Proxy4.processTestDefinition(Unknown Source)
  at org.gradle.api.internal.tasks.testing.worker.TestWorker$2.run(TestWorker.java:178)
  at org.gradle.api.internal.tasks.testing.worker.TestWorker.executeAndMaintainThreadName(TestWorker.java:126)
  at org.gradle.api.internal.tasks.testing.worker.TestWorker.execute(TestWorker.java:103)
  at org.gradle.api.internal.tasks.testing.worker.TestWorker.execute(TestWorker.java:63)
  at org.gradle.process.internal.worker.child.ActionExecutionWorker.execute(ActionExecutionWorker.java:56)
  at org.gradle.process.internal.worker.child.SystemApplicationClassLoaderWorker.call(SystemApplicationClassLoaderWorker.java:122)
  at org.gradle.process.internal.worker.child.SystemApplicationClassLoaderWorker.call(SystemApplicationClassLoaderWorker.java:72)
  at worker.org.gradle.process.internal.worker.GradleWorkerMain.run(GradleWorkerMain.java:69)
  at worker.org.gradle.process.internal.worker.GradleWorkerMain.main(GradleWorkerMain.java:74)
</stacktrace>
</test-failure>


TypeScriptCompilerTests_A[jvm] > argumentsReferenceInFunction1_Js_ts has expected errors matching argumentsReferenceInFunction1_Js_errors_txt[jvm] FAILED

<test-failure test="com.xemantic.typescript.compiler.TypeScriptCompilerTests_A.assignmentCompatability46_ts has expected errors matching assignmentCompatability46_errors_txt" platform="jvm">
<message>
--- expected
+++ actual
@@ -1,13 +1,10 @@
-assignmentCompatability46.ts(3,4): error TS2345: Argument of type 'number[]' is not assignable to parameter of type 'never'.
 assignmentCompatability46.ts(4,4): error TS2345: Argument of type '{ a: number; b: number; }' is not assignable to parameter of type 'never'.
 
 
-==== assignmentCompatability46.ts (2 errors) ====
+==== assignmentCompatability46.ts (1 errors) ====
     declare function fn(x: never): void;
     
     fn([1, 2, 3])
-       ~~~~~~~~~
-!!! error TS2345: Argument of type 'number[]' is not assignable to parameter of type 'never'.
     fn({ a: 1, b: 2 })
        ~~~~~~~~~~~~~~
 !!! error TS2345: Argument of type '{ a: number; b: number; }' is not assignable to parameter of type 'never'.

</message>
<stacktrace>
  at org.junit.Assert.fail(Assert.java:89)
  at kotlin.test.junit.JUnitAsserter.fail(JUnitSupport.kt:56)
  at kotlin.test.AssertionsKt__AssertionsKt.fail(Assertions.kt:563)
  at kotlin.test.AssertionsKt.fail(Unknown Source)
  at com.xemantic.kotlin.test.SameAsKt.sameAs(SameAs.kt:52)
  at com.xemantic.typescript.compiler.TypeScriptTestSupportKt.errorsMatchBaseline(TypeScriptTestSupport.kt:135)
  at com.xemantic.typescript.compiler.TypeScriptCompilerTests_A.assignmentCompatability46_ts has expected errors matching assignmentCompatability46_errors_txt(TypeScriptCompilerTests_A.kt:3780)
  at java.base/jdk.internal.reflect.DirectMethodHandleAccessor.invoke(DirectMethodHandleAccessor.java:104)
  at java.base/java.lang.reflect.Method.invoke(Method.java:565)
  at org.junit.runners.model.FrameworkMethod$1.runReflectiveCall(FrameworkMethod.java:59)
  at org.junit.internal.runners.model.ReflectiveCallable.run(ReflectiveCallable.java:12)
  at org.junit.runners.model.FrameworkMethod.invokeExplosively(FrameworkMethod.java:56)
  at org.junit.internal.runners.statements.InvokeMethod.evaluate(InvokeMethod.java:17)
  at org.junit.runners.ParentRunner$3.evaluate(ParentRunner.java:306)
  at org.junit.runners.BlockJUnit4ClassRunner$1.evaluate(BlockJUnit4ClassRunner.java:100)
  at org.junit.runners.ParentRunner.runLeaf(ParentRunner.java:366)
  at org.junit.runners.BlockJUnit4ClassRunner.runChild(BlockJUnit4ClassRunner.java:103)
  at org.junit.runners.BlockJUnit4ClassRunner.runChild(BlockJUnit4ClassRunner.java:63)
  at org.junit.runners.ParentRunner$4.run(ParentRunner.java:331)
  at org.junit.runners.ParentRunner$1.schedule(ParentRunner.java:79)
  at org.junit.runners.ParentRunner.runChildren(ParentRunner.java:329)
  at org.junit.runners.ParentRunner.access$100(ParentRunner.java:66)
  at org.junit.runners.ParentRunner$2.evaluate(ParentRunner.java:293)
  at org.junit.runners.ParentRunner$3.evaluate(ParentRunner.java:306)
  at org.junit.runners.ParentRunner.run(ParentRunner.java:413)
  at org.junit.runner.JUnitCore.run(JUnitCore.java:137)
  at org.junit.runner.JUnitCore.run(JUnitCore.java:115)
  at org.gradle.api.internal.tasks.testing.junit.JUnitTestExecutor.runRequest(JUnitTestExecutor.java:175)
  at org.gradle.api.internal.tasks.testing.junit.JUnitTestExecutor.accept(JUnitTestExecutor.java:84)
  at org.gradle.api.internal.tasks.testing.junit.JUnitTestExecutor.accept(JUnitTestExecutor.java:47)
  at org.gradle.api.internal.tasks.testing.junit.AbstractJUnitTestDefinitionProcessor.processTestDefinition(AbstractJUnitTestDefinitionProcessor.java:65)
  at org.gradle.api.internal.tasks.testing.SuiteTestDefinitionProcessor.processTestDefinition(SuiteTestDefinitionProcessor.java:54)
  at java.base/jdk.internal.reflect.DirectMethodHandleAccessor.invoke(DirectMethodHandleAccessor.java:104)
  at java.base/java.lang.reflect.Method.invoke(Method.java:565)
  at org.gradle.internal.dispatch.MethodInvocation.invokeOn(MethodInvocation.java:77)
  at org.gradle.internal.dispatch.ReflectionDispatch.dispatch(ReflectionDispatch.java:28)
  at org.gradle.internal.dispatch.ReflectionDispatch.dispatch(ReflectionDispatch.java:19)
  at org.gradle.internal.dispatch.ContextClassLoaderDispatch.dispatch(ContextClassLoaderDispatch.java:33)
  at org.gradle.internal.dispatch.ProxyDispatchAdapter$DispatchingInvocationHandler.invoke(ProxyDispatchAdapter.java:88)
  at jdk.proxy1/jdk.proxy1.$Proxy4.processTestDefinition(Unknown Source)
  at org.gradle.api.internal.tasks.testing.worker.TestWorker$2.run(TestWorker.java:178)
  at org.gradle.api.internal.tasks.testing.worker.TestWorker.executeAndMaintainThreadName(TestWorker.java:126)
  at org.gradle.api.internal.tasks.testing.worker.TestWorker.execute(TestWorker.java:103)
  at org.gradle.api.internal.tasks.testing.worker.TestWorker.execute(TestWorker.java:63)
  at org.gradle.process.internal.worker.child.ActionExecutionWorker.execute(ActionExecutionWorker.java:56)
  at org.gradle.process.internal.worker.child.SystemApplicationClassLoaderWorker.call(SystemApplicationClassLoaderWorker.java:122)
  at org.gradle.process.internal.worker.child.SystemApplicationClassLoaderWorker.call(SystemApplicationClassLoaderWorker.java:72)
  at worker.org.gradle.process.internal.worker.GradleWorkerMain.run(GradleWorkerMain.java:69)
  at worker.org.gradle.process.internal.worker.GradleWorkerMain.main(GradleWorkerMain.java:74)
</stacktrace>
</test-failure>


TypeScriptCompilerTests_A[jvm] > assignmentCompatability46_ts has expected errors matching assignmentCompatability46_errors_txt[jvm] FAILED

<test-failure test="com.xemantic.typescript.compiler.TypeScriptCompilerTests_A.argumentsObjectIterator03_ES5_ts__target_es5__has expected errors matching baseline" platform="jvm">
<message>
--- expected
+++ actual
@@ -1,13 +1,10 @@
 error TS5107: Option 'target=ES5' is deprecated and will stop functioning in TypeScript 7.0. Specify compilerOption '"ignoreDeprecations": "6.0"' to silence this error.
-argumentsObjectIterator03_ES5.ts(2,9): error TS2802: Type 'IArguments' can only be iterated through when using the '--downlevelIteration' flag or with a '--target' of 'es2015' or higher.
 
 
 !!! error TS5107: Option 'target=ES5' is deprecated and will stop functioning in TypeScript 7.0. Specify compilerOption '"ignoreDeprecations": "6.0"' to silence this error.
-==== argumentsObjectIterator03_ES5.ts (1 errors) ====
+==== argumentsObjectIterator03_ES5.ts (0 errors) ====
     function asReversedTuple(a: number, b: string, c: boolean): [boolean, string, number] {
         let [x, y, z] = arguments;
-            ~~~~~~~~~
-!!! error TS2802: Type 'IArguments' can only be iterated through when using the '--downlevelIteration' flag or with a '--target' of 'es2015' or higher.
         
         return [z, y, x];
     }

</message>
<stacktrace>
  at org.junit.Assert.fail(Assert.java:89)
  at kotlin.test.junit.JUnitAsserter.fail(JUnitSupport.kt:56)
  at kotlin.test.AssertionsKt__AssertionsKt.fail(Assertions.kt:563)
  at kotlin.test.AssertionsKt.fail(Unknown Source)
  at com.xemantic.kotlin.test.SameAsKt.sameAs(SameAs.kt:52)
  at com.xemantic.typescript.compiler.TypeScriptTestSupportKt.errorsMatchBaseline(TypeScriptTestSupport.kt:135)
  at com.xemantic.typescript.compiler.TypeScriptCompilerTests_A.argumentsObjectIterator03_ES5_ts__target_es5__has expected errors matching baseline(TypeScriptCompilerTests_A.kt:1911)
  at java.base/jdk.internal.reflect.DirectMethodHandleAccessor.invoke(DirectMethodHandleAccessor.java:104)
  at java.base/java.lang.reflect.Method.invoke(Method.java:565)
  at org.junit.runners.model.FrameworkMethod$1.runReflectiveCall(FrameworkMethod.java:59)
  at org.junit.internal.runners.model.ReflectiveCallable.run(ReflectiveCallable.java:12)
  at org.junit.runners.model.FrameworkMethod.invokeExplosively(FrameworkMethod.java:56)
  at org.junit.internal.runners.statements.InvokeMethod.evaluate(InvokeMethod.java:17)
  at org.junit.runners.ParentRunner$3.evaluate(ParentRunner.java:306)
  at org.junit.runners.BlockJUnit4ClassRunner$1.evaluate(BlockJUnit4ClassRunner.java:100)
  at org.junit.runners.ParentRunner.runLeaf(ParentRunner.java:366)
  at org.junit.runners.BlockJUnit4ClassRunner.runChild(BlockJUnit4ClassRunner.java:103)
  at org.junit.runners.BlockJUnit4ClassRunner.runChild(BlockJUnit4ClassRunner.java:63)
  at org.junit.runners.ParentRunner$4.run(ParentRunner.java:331)
  at org.junit.runners.ParentRunner$1.schedule(ParentRunner.java:79)
  at org.junit.runners.ParentRunner.runChildren(ParentRunner.java:329)
  at org.junit.runners.ParentRunner.access$100(ParentRunner.java:66)
  at org.junit.runners.ParentRunner$2.evaluate(ParentRunner.java:293)
  at org.junit.runners.ParentRunner$3.evaluate(ParentRunner.java:306)
  at org.junit.runners.ParentRunner.run(ParentRunner.java:413)
  at org.junit.runner.JUnitCore.run(JUnitCore.java:137)
  at org.junit.runner.JUnitCore.run(JUnitCore.java:115)
  at org.gradle.api.internal.tasks.testing.junit.JUnitTestExecutor.runRequest(JUnitTestExecutor.java:175)
  at org.gradle.api.internal.tasks.testing.junit.JUnitTestExecutor.accept(JUnitTestExecutor.java:84)
  at org.gradle.api.internal.tasks.testing.junit.JUnitTestExecutor.accept(JUnitTestExecutor.java:47)
  at org.gradle.api.internal.tasks.testing.junit.AbstractJUnitTestDefinitionProcessor.processTestDefinition(AbstractJUnitTestDefinitionProcessor.java:65)
  at org.gradle.api.internal.tasks.testing.SuiteTestDefinitionProcessor.processTestDefinition(SuiteTestDefinitionProcessor.java:54)
  at java.base/jdk.internal.reflect.DirectMethodHandleAccessor.invoke(DirectMethodHandleAccessor.java:104)
  at java.base/java.lang.reflect.Method.invoke(Method.java:565)
  at org.gradle.internal.dispatch.MethodInvocation.invokeOn(MethodInvocation.java:77)
  at org.gradle.internal.dispatch.ReflectionDispatch.dispatch(ReflectionDispatch.java:28)
  at org.gradle.internal.dispatch.ReflectionDispatch.dispatch(ReflectionDispatch.java:19)
  at org.gradle.internal.dispatch.ContextClassLoaderDispatch.dispatch(ContextClassLoaderDispatch.java:33)
  at org.gradle.internal.dispatch.ProxyDispatchAdapter$DispatchingInvocationHandler.invoke(ProxyDispatchAdapter.java:88)
  at jdk.proxy1/jdk.proxy1.$Proxy4.processTestDefinition(Unknown Source)
  at org.gradle.api.internal.tasks.testing.worker.TestWorker$2.run(TestWorker.java:178)
  at org.gradle.api.internal.tasks.testing.worker.TestWorker.executeAndMaintainThreadName(TestWorker.java:126)
  at org.gradle.api.internal.tasks.testing.worker.TestWorker.execute(TestWorker.java:103)
  at org.gradle.api.internal.tasks.testing.worker.TestWorker.execute(TestWorker.java:63)
  at org.gradle.process.internal.worker.child.ActionExecutionWorker.execute(ActionExecutionWorker.java:56)
  at org.gradle.process.internal.worker.child.SystemApplicationClassLoaderWorker.call(SystemApplicationClassLoaderWorker.java:122)
  at org.gradle.process.internal.worker.child.SystemApplicationClassLoaderWorker.call(SystemApplicationClassLoaderWorker.java:72)
  at worker.org.gradle.process.internal.worker.GradleWorkerMain.run(GradleWorkerMain.java:69)
  at worker.org.gradle.process.internal.worker.GradleWorkerMain.main(GradleWorkerMain.java:74)
</stacktrace>
</test-failure>


TypeScriptCompilerTests_A[jvm] > argumentsObjectIterator03_ES5_ts__target_es5__has expected errors matching baseline[jvm] FAILED

<test-failure test="com.xemantic.typescript.compiler.TypeScriptCompilerTests_A.argumentsUsedInClassFieldInitializerOrStaticInitializationBlock_ts has expected errors matching argumentsUsedInClassFieldInitializerOrStaticInitializationBlock_errors_txt" platform="jvm">
<message>
Expected diagnostics from baseline typescript-repo/tests/baselines/reference/argumentsUsedInClassFieldInitializerOrStaticInitializationBlock.errors.txt but none produced
</message>
<stacktrace>
  at com.xemantic.typescript.compiler.TypeScriptTestSupportKt.errorsMatchBaseline(TypeScriptTestSupport.kt:125)
  at com.xemantic.typescript.compiler.TypeScriptCompilerTests_A.argumentsUsedInClassFieldInitializerOrStaticInitializationBlock_ts has expected errors matching argumentsUsedInClassFieldInitializerOrStaticInitializationBlock_errors_txt(TypeScriptCompilerTests_A.kt:2100)
  at java.base/jdk.internal.reflect.DirectMethodHandleAccessor.invoke(DirectMethodHandleAccessor.java:104)
  at java.base/java.lang.reflect.Method.invoke(Method.java:565)
  at org.junit.runners.model.FrameworkMethod$1.runReflectiveCall(FrameworkMethod.java:59)
  at org.junit.internal.runners.model.ReflectiveCallable.run(ReflectiveCallable.java:12)
  at org.junit.runners.model.FrameworkMethod.invokeExplosively(FrameworkMethod.java:56)
  at org.junit.internal.runners.statements.InvokeMethod.evaluate(InvokeMethod.java:17)
  at org.junit.runners.ParentRunner$3.evaluate(ParentRunner.java:306)
  at org.junit.runners.BlockJUnit4ClassRunner$1.evaluate(BlockJUnit4ClassRunner.java:100)
  at org.junit.runners.ParentRunner.runLeaf(ParentRunner.java:366)
  at org.junit.runners.BlockJUnit4ClassRunner.runChild(BlockJUnit4ClassRunner.java:103)
  at org.junit.runners.BlockJUnit4ClassRunner.runChild(BlockJUnit4ClassRunner.java:63)
  at org.junit.runners.ParentRunner$4.run(ParentRunner.java:331)
  at org.junit.runners.ParentRunner$1.schedule(ParentRunner.java:79)
  at org.junit.runners.ParentRunner.runChildren(ParentRunner.java:329)
  at org.junit.runners.ParentRunner.access$100(ParentRunner.java:66)
  at org.junit.runners.ParentRunner$2.evaluate(ParentRunner.java:293)
  at org.junit.runners.ParentRunner$3.evaluate(ParentRunner.java:306)
  at org.junit.runners.ParentRunner.run(ParentRunner.java:413)
  at org.junit.runner.JUnitCore.run(JUnitCore.java:137)
  at org.junit.runner.JUnitCore.run(JUnitCore.java:115)
  at org.gradle.api.internal.tasks.testing.junit.JUnitTestExecutor.runRequest(JUnitTestExecutor.java:175)
  at org.gradle.api.internal.tasks.testing.junit.JUnitTestExecutor.accept(JUnitTestExecutor.java:84)
  at org.gradle.api.internal.tasks.testing.junit.JUnitTestExecutor.accept(JUnitTestExecutor.java:47)
  at org.gradle.api.internal.tasks.testing.junit.AbstractJUnitTestDefinitionProcessor.processTestDefinition(AbstractJUnitTestDefinitionProcessor.java:65)
  at org.gradle.api.internal.tasks.testing.SuiteTestDefinitionProcessor.processTestDefinition(SuiteTestDefinitionProcessor.java:54)
  at java.base/jdk.internal.reflect.DirectMethodHandleAccessor.invoke(DirectMethodHandleAccessor.java:104)
  at java.base/java.lang.reflect.Method.invoke(Method.java:565)
  at org.gradle.internal.dispatch.MethodInvocation.invokeOn(MethodInvocation.java:77)
  at org.gradle.internal.dispatch.ReflectionDispatch.dispatch(ReflectionDispatch.java:28)
  at org.gradle.internal.dispatch.ReflectionDispatch.dispatch(ReflectionDispatch.java:19)
  at org.gradle.internal.dispatch.ContextClassLoaderDispatch.dispatch(ContextClassLoaderDispatch.java:33)
  at org.gradle.internal.dispatch.ProxyDispatchAdapter$DispatchingInvocationHandler.invoke(ProxyDispatchAdapter.java:88)
  at jdk.proxy1/jdk.proxy1.$Proxy4.processTestDefinition(Unknown Source)
  at org.gradle.api.internal.tasks.testing.worker.TestWorker$2.run(TestWorker.java:178)
  at org.gradle.api.internal.tasks.testing.worker.TestWorker.executeAndMaintainThreadName(TestWorker.java:126)
  at org.gradle.api.internal.tasks.testing.worker.TestWorker.execute(TestWorker.java:103)
  at org.gradle.api.internal.tasks.testing.worker.TestWorker.execute(TestWorker.java:63)
  at org.gradle.process.internal.worker.child.ActionExecutionWorker.execute(ActionExecutionWorker.java:56)
  at org.gradle.process.internal.worker.child.SystemApplicationClassLoaderWorker.call(SystemApplicationClassLoaderWorker.java:122)
  at org.gradle.process.internal.worker.child.SystemApplicationClassLoaderWorker.call(SystemApplicationClassLoaderWorker.java:72)
  at worker.org.gradle.process.internal.worker.GradleWorkerMain.run(GradleWorkerMain.java:69)
  at worker.org.gradle.process.internal.worker.GradleWorkerMain.main(GradleWorkerMain.java:74)
</stacktrace>
</test-failure>


TypeScriptCompilerTests_A[jvm] > argumentsUsedInClassFieldInitializerOrStaticInitializationBlock_ts has expected errors matching argumentsUsedInClassFieldInitializerOrStaticInitializationBlock_errors_txt[jvm] FAILED

<test-failure test="com.xemantic.typescript.compiler.TypeScriptCompilerTests_A.anyMappedTypesError_ts has expected errors matching anyMappedTypesError_errors_txt" platform="jvm">
<message>
Expected diagnostics from baseline typescript-repo/tests/baselines/reference/anyMappedTypesError.errors.txt but none produced
</message>
<stacktrace>
  at com.xemantic.typescript.compiler.TypeScriptTestSupportKt.errorsMatchBaseline(TypeScriptTestSupport.kt:125)
  at com.xemantic.typescript.compiler.TypeScriptCompilerTests_A.anyMappedTypesError_ts has expected errors matching anyMappedTypesError_errors_txt(TypeScriptCompilerTests_A.kt:1785)
  at java.base/jdk.internal.reflect.DirectMethodHandleAccessor.invoke(DirectMethodHandleAccessor.java:104)
  at java.base/java.lang.reflect.Method.invoke(Method.java:565)
  at org.junit.runners.model.FrameworkMethod$1.runReflectiveCall(FrameworkMethod.java:59)
  at org.junit.internal.runners.model.ReflectiveCallable.run(ReflectiveCallable.java:12)
  at org.junit.runners.model.FrameworkMethod.invokeExplosively(FrameworkMethod.java:56)
  at org.junit.internal.runners.statements.InvokeMethod.evaluate(InvokeMethod.java:17)
  at org.junit.runners.ParentRunner$3.evaluate(ParentRunner.java:306)
  at org.junit.runners.BlockJUnit4ClassRunner$1.evaluate(BlockJUnit4ClassRunner.java:100)
  at org.junit.runners.ParentRunner.runLeaf(ParentRunner.java:366)
  at org.junit.runners.BlockJUnit4ClassRunner.runChild(BlockJUnit4ClassRunner.java:103)
  at org.junit.runners.BlockJUnit4ClassRunner.runChild(BlockJUnit4ClassRunner.java:63)
  at org.junit.runners.ParentRunner$4.run(ParentRunner.java:331)
  at org.junit.runners.ParentRunner$1.schedule(ParentRunner.java:79)
  at org.junit.runners.ParentRunner.runChildren(ParentRunner.java:329)
  at org.junit.runners.ParentRunner.access$100(ParentRunner.java:66)
  at org.junit.runners.ParentRunner$2.evaluate(ParentRunner.java:293)
  at org.junit.runners.ParentRunner$3.evaluate(ParentRunner.java:306)
  at org.junit.runners.ParentRunner.run(ParentRunner.java:413)
  at org.junit.runner.JUnitCore.run(JUnitCore.java:137)
  at org.junit.runner.JUnitCore.run(JUnitCore.java:115)
  at org.gradle.api.internal.tasks.testing.junit.JUnitTestExecutor.runRequest(JUnitTestExecutor.java:175)
  at org.gradle.api.internal.tasks.testing.junit.JUnitTestExecutor.accept(JUnitTestExecutor.java:84)
  at org.gradle.api.internal.tasks.testing.junit.JUnitTestExecutor.accept(JUnitTestExecutor.java:47)
  at org.gradle.api.internal.tasks.testing.junit.AbstractJUnitTestDefinitionProcessor.processTestDefinition(AbstractJUnitTestDefinitionProcessor.java:65)
  at org.gradle.api.internal.tasks.testing.SuiteTestDefinitionProcessor.processTestDefinition(SuiteTestDefinitionProcessor.java:54)
  at java.base/jdk.internal.reflect.DirectMethodHandleAccessor.invoke(DirectMethodHandleAccessor.java:104)
  at java.base/java.lang.reflect.Method.invoke(Method.java:565)
  at org.gradle.internal.dispatch.MethodInvocation.invokeOn(MethodInvocation.java:77)
  at org.gradle.internal.dispatch.ReflectionDispatch.dispatch(ReflectionDispatch.java:28)
  at org.gradle.internal.dispatch.ReflectionDispatch.dispatch(ReflectionDispatch.java:19)
  at org.gradle.internal.dispatch.ContextClassLoaderDispatch.dispatch(ContextClassLoaderDispatch.java:33)
  at org.gradle.internal.dispatch.ProxyDispatchAdapter$DispatchingInvocationHandler.invoke(ProxyDispatchAdapter.java:88)
  at jdk.proxy1/jdk.proxy1.$Proxy4.processTestDefinition(Unknown Source)
  at org.gradle.api.internal.tasks.testing.worker.TestWorker$2.run(TestWorker.java:178)
  at org.gradle.api.internal.tasks.testing.worker.TestWorker.executeAndMaintainThreadName(TestWorker.java:126)
  at org.gradle.api.internal.tasks.testing.worker.TestWorker.execute(TestWorker.java:103)
  at org.gradle.api.internal.tasks.testing.worker.TestWorker.execute(TestWorker.java:63)
  at org.gradle.process.internal.worker.child.ActionExecutionWorker.execute(ActionExecutionWorker.java:56)
  at org.gradle.process.internal.worker.child.SystemApplicationClassLoaderWorker.call(SystemApplicationClassLoaderWorker.java:122)
  at org.gradle.process.internal.worker.child.SystemApplicationClassLoaderWorker.call(SystemApplicationClassLoaderWorker.java:72)
  at worker.org.gradle.process.internal.worker.GradleWorkerMain.run(GradleWorkerMain.java:69)
  at worker.org.gradle.process.internal.worker.GradleWorkerMain.main(GradleWorkerMain.java:74)
</stacktrace>
</test-failure>


TypeScriptCompilerTests_A[jvm] > anyMappedTypesError_ts has expected errors matching anyMappedTypesError_errors_txt[jvm] FAILED

<test-failure test="com.xemantic.typescript.compiler.TypeScriptCompilerTests_A.assignmentCompatWithOverloads_ts has expected errors matching assignmentCompatWithOverloads_errors_txt" platform="jvm">
<message>
--- expected
+++ actual
@@ -8,14 +8,9 @@
     Type 'string' is not assignable to type 'number'.
 assignmentCompatWithOverloads.ts(21,1): error TS2322: Type '{ (x: string): string; (x: number): number; }' is not assignable to type '(s1: string) => number'.
   Type 'string' is not assignable to type 'number'.
-assignmentCompatWithOverloads.ts(30,1): error TS2322: Type 'typeof C' is not assignable to type 'new (x: number) => void'.
-  Types of construct signatures are incompatible.
-    Type 'new (x: string) => C' is not assignable to type 'new (x: number) => void'.
-      Types of parameters 'x' and 'x' are incompatible.
-        Type 'number' is not assignable to type 'string'.
 
 
-==== assignmentCompatWithOverloads.ts (7 errors) ====
+==== assignmentCompatWithOverloads.ts (6 errors) ====
     function f1(x: string): number { return null; }
                                      ~~~~~~
 !!! error TS2322: Type 'null' is not assignable to type 'number'.
@@ -62,9 +57,3 @@
     var d: new(x: number) => void;
     
     d = C; // Error
-    ~
-!!! error TS2322: Type 'typeof C' is not assignable to type 'new (x: number) => void'.
-!!! error TS2322:   Types of construct signatures are incompatible.
-!!! error TS2322:     Type 'new (x: string) => C' is not assignable to type 'new (x: number) => void'.
-!!! error TS2322:       Types of parameters 'x' and 'x' are incompatible.
-!!! error TS2322:         Type 'number' is not assignable to type 'string'.

</message>
<stacktrace>
  at org.junit.Assert.fail(Assert.java:89)
  at kotlin.test.junit.JUnitAsserter.fail(JUnitSupport.kt:56)
  at kotlin.test.AssertionsKt__AssertionsKt.fail(Assertions.kt:563)
  at kotlin.test.AssertionsKt.fail(Unknown Source)
  at com.xemantic.kotlin.test.SameAsKt.sameAs(SameAs.kt:52)
  at com.xemantic.typescript.compiler.TypeScriptTestSupportKt.errorsMatchBaseline(TypeScriptTestSupport.kt:135)
  at com.xemantic.typescript.compiler.TypeScriptCompilerTests_A.assignmentCompatWithOverloads_ts has expected errors matching assignmentCompatWithOverloads_errors_txt(TypeScriptCompilerTests_A.kt:3227)
  at java.base/jdk.internal.reflect.DirectMethodHandleAccessor.invoke(DirectMethodHandleAccessor.java:104)
  at java.base/java.lang.reflect.Method.invoke(Method.java:565)
  at org.junit.runners.model.FrameworkMethod$1.runReflectiveCall(FrameworkMethod.java:59)
  at org.junit.internal.runners.model.ReflectiveCallable.run(ReflectiveCallable.java:12)
  at org.junit.runners.model.FrameworkMethod.invokeExplosively(FrameworkMethod.java:56)
  at org.junit.internal.runners.statements.InvokeMethod.evaluate(InvokeMethod.java:17)
  at org.junit.runners.ParentRunner$3.evaluate(ParentRunner.java:306)
  at org.junit.runners.BlockJUnit4ClassRunner$1.evaluate(BlockJUnit4ClassRunner.java:100)
  at org.junit.runners.ParentRunner.runLeaf(ParentRunner.java:366)
  at org.junit.runners.BlockJUnit4ClassRunner.runChild(BlockJUnit4ClassRunner.java:103)
  at org.junit.runners.BlockJUnit4ClassRunner.runChild(BlockJUnit4ClassRunner.java:63)
  at org.junit.runners.ParentRunner$4.run(ParentRunner.java:331)
  at org.junit.runners.ParentRunner$1.schedule(ParentRunner.java:79)
  at org.junit.runners.ParentRunner.runChildren(ParentRunner.java:329)
  at org.junit.runners.ParentRunner.access$100(ParentRunner.java:66)
  at org.junit.runners.ParentRunner$2.evaluate(ParentRunner.java:293)
  at org.junit.runners.ParentRunner$3.evaluate(ParentRunner.java:306)
  at org.junit.runners.ParentRunner.run(ParentRunner.java:413)
  at org.junit.runner.JUnitCore.run(JUnitCore.java:137)
  at org.junit.runner.JUnitCore.run(JUnitCore.java:115)
  at org.gradle.api.internal.tasks.testing.junit.JUnitTestExecutor.runRequest(JUnitTestExecutor.java:175)
  at org.gradle.api.internal.tasks.testing.junit.JUnitTestExecutor.accept(JUnitTestExecutor.java:84)
  at org.gradle.api.internal.tasks.testing.junit.JUnitTestExecutor.accept(JUnitTestExecutor.java:47)
  at org.gradle.api.internal.tasks.testing.junit.AbstractJUnitTestDefinitionProcessor.processTestDefinition(AbstractJUnitTestDefinitionProcessor.java:65)
  at org.gradle.api.internal.tasks.testing.SuiteTestDefinitionProcessor.processTestDefinition(SuiteTestDefinitionProcessor.java:54)
  at java.base/jdk.internal.reflect.DirectMethodHandleAccessor.invoke(DirectMethodHandleAccessor.java:104)
  at java.base/java.lang.reflect.Method.invoke(Method.java:565)
  at org.gradle.internal.dispatch.MethodInvocation.invokeOn(MethodInvocation.java:77)
  at org.gradle.internal.dispatch.ReflectionDispatch.dispatch(ReflectionDispatch.java:28)
  at org.gradle.internal.dispatch.ReflectionDispatch.dispatch(ReflectionDispatch.java:19)
  at org.gradle.internal.dispatch.ContextClassLoaderDispatch.dispatch(ContextClassLoaderDispatch.java:33)
  at org.gradle.internal.dispatch.ProxyDispatchAdapter$DispatchingInvocationHandler.invoke(ProxyDispatchAdapter.java:88)
  at jdk.proxy1/jdk.proxy1.$Proxy4.processTestDefinition(Unknown Source)
  at org.gradle.api.internal.tasks.testing.worker.TestWorker$2.run(TestWorker.java:178)
  at org.gradle.api.internal.tasks.testing.worker.TestWorker.executeAndMaintainThreadName(TestWorker.java:126)
  at org.gradle.api.internal.tasks.testing.worker.TestWorker.execute(TestWorker.java:103)
  at org.gradle.api.internal.tasks.testing.worker.TestWorker.execute(TestWorker.java:63)
  at org.gradle.process.internal.worker.child.ActionExecutionWorker.execute(ActionExecutionWorker.java:56)
  at org.gradle.process.internal.worker.child.SystemApplicationClassLoaderWorker.call(SystemApplicationClassLoaderWorker.java:122)
  at org.gradle.process.internal.worker.child.SystemApplicationClassLoaderWorker.call(SystemApplicationClassLoaderWorker.java:72)
  at worker.org.gradle.process.internal.worker.GradleWorkerMain.run(GradleWorkerMain.java:69)
  at worker.org.gradle.process.internal.worker.GradleWorkerMain.main(GradleWorkerMain.java:74)
</stacktrace>
</test-failure>


TypeScriptCompilerTests_A[jvm] > assignmentCompatWithOverloads_ts has expected errors matching assignmentCompatWithOverloads_errors_txt[jvm] FAILED

<test-failure test="com.xemantic.typescript.compiler.TypeScriptCompilerTests_A.accessors_spec_section-4_5_error-cases_ts has expected errors matching accessors_spec_section-4_5_error-cases_errors_txt" platform="jvm">
<message>
Expected diagnostics from baseline typescript-repo/tests/baselines/reference/accessors_spec_section-4.5_error-cases.errors.txt but none produced
</message>
<stacktrace>
  at com.xemantic.typescript.compiler.TypeScriptTestSupportKt.errorsMatchBaseline(TypeScriptTestSupport.kt:125)
  at com.xemantic.typescript.compiler.TypeScriptCompilerTests_A.accessors_spec_section-4_5_error-cases_ts has expected errors matching accessors_spec_section-4_5_error-cases_errors_txt(TypeScriptCompilerTests_A.kt:497)
  at java.base/jdk.internal.reflect.DirectMethodHandleAccessor.invoke(DirectMethodHandleAccessor.java:104)
  at java.base/java.lang.reflect.Method.invoke(Method.java:565)
  at org.junit.runners.model.FrameworkMethod$1.runReflectiveCall(FrameworkMethod.java:59)
  at org.junit.internal.runners.model.ReflectiveCallable.run(ReflectiveCallable.java:12)
  at org.junit.runners.model.FrameworkMethod.invokeExplosively(FrameworkMethod.java:56)
  at org.junit.internal.runners.statements.InvokeMethod.evaluate(InvokeMethod.java:17)
  at org.junit.runners.ParentRunner$3.evaluate(ParentRunner.java:306)
  at org.junit.runners.BlockJUnit4ClassRunner$1.evaluate(BlockJUnit4ClassRunner.java:100)
  at org.junit.runners.ParentRunner.runLeaf(ParentRunner.java:366)
  at org.junit.runners.BlockJUnit4ClassRunner.runChild(BlockJUnit4ClassRunner.java:103)
  at org.junit.runners.BlockJUnit4ClassRunner.runChild(BlockJUnit4ClassRunner.java:63)
  at org.junit.runners.ParentRunner$4.run(ParentRunner.java:331)
  at org.junit.runners.ParentRunner$1.schedule(ParentRunner.java:79)
  at org.junit.runners.ParentRunner.runChildren(ParentRunner.java:329)
  at org.junit.runners.ParentRunner.access$100(ParentRunner.java:66)
  at org.junit.runners.ParentRunner$2.evaluate(ParentRunner.java:293)
  at org.junit.runners.ParentRunner$3.evaluate(ParentRunner.java:306)
  at org.junit.runners.ParentRunner.run(ParentRunner.java:413)
  at org.junit.runner.JUnitCore.run(JUnitCore.java:137)
  at org.junit.runner.JUnitCore.run(JUnitCore.java:115)
  at org.gradle.api.internal.tasks.testing.junit.JUnitTestExecutor.runRequest(JUnitTestExecutor.java:175)
  at org.gradle.api.internal.tasks.testing.junit.JUnitTestExecutor.accept(JUnitTestExecutor.java:84)
  at org.gradle.api.internal.tasks.testing.junit.JUnitTestExecutor.accept(JUnitTestExecutor.java:47)
  at org.gradle.api.internal.tasks.testing.junit.AbstractJUnitTestDefinitionProcessor.processTestDefinition(AbstractJUnitTestDefinitionProcessor.java:65)
  at org.gradle.api.internal.tasks.testing.SuiteTestDefinitionProcessor.processTestDefinition(SuiteTestDefinitionProcessor.java:54)
  at java.base/jdk.internal.reflect.DirectMethodHandleAccessor.invoke(DirectMethodHandleAccessor.java:104)
  at java.base/java.lang.reflect.Method.invoke(Method.java:565)
  at org.gradle.internal.dispatch.MethodInvocation.invokeOn(MethodInvocation.java:77)
  at org.gradle.internal.dispatch.ReflectionDispatch.dispatch(ReflectionDispatch.java:28)
  at org.gradle.internal.dispatch.ReflectionDispatch.dispatch(ReflectionDispatch.java:19)
  at org.gradle.internal.dispatch.ContextClassLoaderDispatch.dispatch(ContextClassLoaderDispatch.java:33)
  at org.gradle.internal.dispatch.ProxyDispatchAdapter$DispatchingInvocationHandler.invoke(ProxyDispatchAdapter.java:88)
  at jdk.proxy1/jdk.proxy1.$Proxy4.processTestDefinition(Unknown Source)
  at org.gradle.api.internal.tasks.testing.worker.TestWorker$2.run(TestWorker.java:178)
  at org.gradle.api.internal.tasks.testing.worker.TestWorker.executeAndMaintainThreadName(TestWorker.java:126)
  at org.gradle.api.internal.tasks.testing.worker.TestWorker.execute(TestWorker.java:103)
  at org.gradle.api.internal.tasks.testing.worker.TestWorker.execute(TestWorker.java:63)
  at org.gradle.process.internal.worker.child.ActionExecutionWorker.execute(ActionExecutionWorker.java:56)
  at org.gradle.process.internal.worker.child.SystemApplicationClassLoaderWorker.call(SystemApplicationClassLoaderWorker.java:122)
  at org.gradle.process.internal.worker.child.SystemApplicationClassLoaderWorker.call(SystemApplicationClassLoaderWorker.java:72)
  at worker.org.gradle.process.internal.worker.GradleWorkerMain.run(GradleWorkerMain.java:69)
  at worker.org.gradle.process.internal.worker.GradleWorkerMain.main(GradleWorkerMain.java:74)
</stacktrace>
</test-failure>


TypeScriptCompilerTests_A[jvm] > accessors_spec_section-4_5_error-cases_ts has expected errors matching accessors_spec_section-4_5_error-cases_errors_txt[jvm] FAILED

<test-failure test="com.xemantic.typescript.compiler.TypeScriptCompilerTests_A.augmentExportEquals2_1_ts has expected errors matching augmentExportEquals2_1_errors_txt" platform="jvm">
<message>
--- expected
+++ actual
@@ -1,28 +1,22 @@
 error TS5107: Option 'module=AMD' is deprecated and will stop functioning in TypeScript 7.0. Specify compilerOption '"ignoreDeprecations": "6.0"' to silence this error.
-file2.ts(5,16): error TS2671: Cannot augment module 'file1' because it resolves to a non-module entity.
-file3.ts(3,8): error TS2503: Cannot find namespace 'x'.
 
 
 !!! error TS5107: Option 'module=AMD' is deprecated and will stop functioning in TypeScript 7.0. Specify compilerOption '"ignoreDeprecations": "6.0"' to silence this error.
-==== file3.ts (1 errors) ====
+==== file3.ts (0 errors) ====
     import x = require("file1");
     import "file2";
     let a: x.A; // should not work
-           ~
-!!! error TS2503: Cannot find namespace 'x'.
 ==== file1.d.ts (0 errors) ====
     declare module "file1" {
         function foo(): void;
         export = foo;
     }
     
-==== file2.ts (1 errors) ====
+==== file2.ts (0 errors) ====
     /// <reference path="file1.d.ts"/> 
     import x = require("file1"); 
     
     // should error since './file1' does not have namespace meaning
     declare module "file1" {
-                   ~~~~~~~
-!!! error TS2671: Cannot augment module 'file1' because it resolves to a non-module entity.
         interface A { a }
     }

</message>
<stacktrace>
  at org.junit.Assert.fail(Assert.java:89)
  at kotlin.test.junit.JUnitAsserter.fail(JUnitSupport.kt:56)
  at kotlin.test.AssertionsKt__AssertionsKt.fail(Assertions.kt:563)
  at kotlin.test.AssertionsKt.fail(Unknown Source)
  at com.xemantic.kotlin.test.SameAsKt.sameAs(SameAs.kt:52)
  at com.xemantic.typescript.compiler.TypeScriptTestSupportKt.errorsMatchBaseline(TypeScriptTestSupport.kt:135)
  at com.xemantic.typescript.compiler.TypeScriptCompilerTests_A.augmentExportEquals2_1_ts has expected errors matching augmentExportEquals2_1_errors_txt(TypeScriptCompilerTests_A.kt:4214)
  at java.base/jdk.internal.reflect.DirectMethodHandleAccessor.invoke(DirectMethodHandleAccessor.java:104)
  at java.base/java.lang.reflect.Method.invoke(Method.java:565)
  at org.junit.runners.model.FrameworkMethod$1.runReflectiveCall(FrameworkMethod.java:59)
  at org.junit.internal.runners.model.ReflectiveCallable.run(ReflectiveCallable.java:12)
  at org.junit.runners.model.FrameworkMethod.invokeExplosively(FrameworkMethod.java:56)
  at org.junit.internal.runners.statements.InvokeMethod.evaluate(InvokeMethod.java:17)
  at org.junit.runners.ParentRunner$3.evaluate(ParentRunner.java:306)
  at org.junit.runners.BlockJUnit4ClassRunner$1.evaluate(BlockJUnit4ClassRunner.java:100)
  at org.junit.runners.ParentRunner.runLeaf(ParentRunner.java:366)
  at org.junit.runners.BlockJUnit4ClassRunner.runChild(BlockJUnit4ClassRunner.java:103)
  at org.junit.runners.BlockJUnit4ClassRunner.runChild(BlockJUnit4ClassRunner.java:63)
  at org.junit.runners.ParentRunner$4.run(ParentRunner.java:331)
  at org.junit.runners.ParentRunner$1.schedule(ParentRunner.java:79)
  at org.junit.runners.ParentRunner.runChildren(ParentRunner.java:329)
  at org.junit.runners.ParentRunner.access$100(ParentRunner.java:66)
  at org.junit.runners.ParentRunner$2.evaluate(ParentRunner.java:293)
  at org.junit.runners.ParentRunner$3.evaluate(ParentRunner.java:306)
  at org.junit.runners.ParentRunner.run(ParentRunner.java:413)
  at org.junit.runner.JUnitCore.run(JUnitCore.java:137)
  at org.junit.runner.JUnitCore.run(JUnitCore.java:115)
  at org.gradle.api.internal.tasks.testing.junit.JUnitTestExecutor.runRequest(JUnitTestExecutor.java:175)
  at org.gradle.api.internal.tasks.testing.junit.JUnitTestExecutor.accept(JUnitTestExecutor.java:84)
  at org.gradle.api.internal.tasks.testing.junit.JUnitTestExecutor.accept(JUnitTestExecutor.java:47)
  at org.gradle.api.internal.tasks.testing.junit.AbstractJUnitTestDefinitionProcessor.processTestDefinition(AbstractJUnitTestDefinitionProcessor.java:65)
  at org.gradle.api.internal.tasks.testing.SuiteTestDefinitionProcessor.processTestDefinition(SuiteTestDefinitionProcessor.java:54)
  at java.base/jdk.internal.reflect.DirectMethodHandleAccessor.invoke(DirectMethodHandleAccessor.java:104)
  at java.base/java.lang.reflect.Method.invoke(Method.java:565)
  at org.gradle.internal.dispatch.MethodInvocation.invokeOn(MethodInvocation.java:77)
  at org.gradle.internal.dispatch.ReflectionDispatch.dispatch(ReflectionDispatch.java:28)
  at org.gradle.internal.dispatch.ReflectionDispatch.dispatch(ReflectionDispatch.java:19)
  at org.gradle.internal.dispatch.ContextClassLoaderDispatch.dispatch(ContextClassLoaderDispatch.java:33)
  at org.gradle.internal.dispatch.ProxyDispatchAdapter$DispatchingInvocationHandler.invoke(ProxyDispatchAdapter.java:88)
  at jdk.proxy1/jdk.proxy1.$Proxy4.processTestDefinition(Unknown Source)
  at org.gradle.api.internal.tasks.testing.worker.TestWorker$2.run(TestWorker.java:178)
  at org.gradle.api.internal.tasks.testing.worker.TestWorker.executeAndMaintainThreadName(TestWorker.java:126)
  at org.gradle.api.internal.tasks.testing.worker.TestWorker.execute(TestWorker.java:103)
  at org.gradle.api.internal.tasks.testing.worker.TestWorker.execute(TestWorker.java:63)
  at org.gradle.process.internal.worker.child.ActionExecutionWorker.execute(ActionExecutionWorker.java:56)
  at org.gradle.process.internal.worker.child.SystemApplicationClassLoaderWorker.call(SystemApplicationClassLoaderWorker.java:122)
  at org.gradle.process.internal.worker.child.SystemApplicationClassLoaderWorker.call(SystemApplicationClassLoaderWorker.java:72)
  at worker.org.gradle.process.internal.worker.GradleWorkerMain.run(GradleWorkerMain.java:69)
  at worker.org.gradle.process.internal.worker.GradleWorkerMain.main(GradleWorkerMain.java:74)
</stacktrace>
</test-failure>


TypeScriptCompilerTests_A[jvm] > augmentExportEquals2_1_ts has expected errors matching augmentExportEquals2_1_errors_txt[jvm] FAILED

<test-failure test="com.xemantic.typescript.compiler.TypeScriptCompilerTests_A.anonymousModules_ts has expected errors matching anonymousModules_errors_txt" platform="jvm">
<message>
Expected diagnostics from baseline typescript-repo/tests/baselines/reference/anonymousModules.errors.txt but none produced
</message>
<stacktrace>
  at com.xemantic.typescript.compiler.TypeScriptTestSupportKt.errorsMatchBaseline(TypeScriptTestSupport.kt:125)
  at com.xemantic.typescript.compiler.TypeScriptCompilerTests_A.anonymousModules_ts has expected errors matching anonymousModules_errors_txt(TypeScriptCompilerTests_A.kt:1687)
  at java.base/jdk.internal.reflect.DirectMethodHandleAccessor.invoke(DirectMethodHandleAccessor.java:104)
  at java.base/java.lang.reflect.Method.invoke(Method.java:565)
  at org.junit.runners.model.FrameworkMethod$1.runReflectiveCall(FrameworkMethod.java:59)
  at org.junit.internal.runners.model.ReflectiveCallable.run(ReflectiveCallable.java:12)
  at org.junit.runners.model.FrameworkMethod.invokeExplosively(FrameworkMethod.java:56)
  at org.junit.internal.runners.statements.InvokeMethod.evaluate(InvokeMethod.java:17)
  at org.junit.runners.ParentRunner$3.evaluate(ParentRunner.java:306)
  at org.junit.runners.BlockJUnit4ClassRunner$1.evaluate(BlockJUnit4ClassRunner.java:100)
  at org.junit.runners.ParentRunner.runLeaf(ParentRunner.java:366)
  at org.junit.runners.BlockJUnit4ClassRunner.runChild(BlockJUnit4ClassRunner.java:103)
  at org.junit.runners.BlockJUnit4ClassRunner.runChild(BlockJUnit4ClassRunner.java:63)
  at org.junit.runners.ParentRunner$4.run(ParentRunner.java:331)
  at org.junit.runners.ParentRunner$1.schedule(ParentRunner.java:79)
  at org.junit.runners.ParentRunner.runChildren(ParentRunner.java:329)
  at org.junit.runners.ParentRunner.access$100(ParentRunner.java:66)
  at org.junit.runners.ParentRunner$2.evaluate(ParentRunner.java:293)
  at org.junit.runners.ParentRunner$3.evaluate(ParentRunner.java:306)
  at org.junit.runners.ParentRunner.run(ParentRunner.java:413)
  at org.junit.runner.JUnitCore.run(JUnitCore.java:137)
  at org.junit.runner.JUnitCore.run(JUnitCore.java:115)
  at org.gradle.api.internal.tasks.testing.junit.JUnitTestExecutor.runRequest(JUnitTestExecutor.java:175)
  at org.gradle.api.internal.tasks.testing.junit.JUnitTestExecutor.accept(JUnitTestExecutor.java:84)
  at org.gradle.api.internal.tasks.testing.junit.JUnitTestExecutor.accept(JUnitTestExecutor.java:47)
  at org.gradle.api.internal.tasks.testing.junit.AbstractJUnitTestDefinitionProcessor.processTestDefinition(AbstractJUnitTestDefinitionProcessor.java:65)
  at org.gradle.api.internal.tasks.testing.SuiteTestDefinitionProcessor.processTestDefinition(SuiteTestDefinitionProcessor.java:54)
  at java.base/jdk.internal.reflect.DirectMethodHandleAccessor.invoke(DirectMethodHandleAccessor.java:104)
  at java.base/java.lang.reflect.Method.invoke(Method.java:565)
  at org.gradle.internal.dispatch.MethodInvocation.invokeOn(MethodInvocation.java:77)
  at org.gradle.internal.dispatch.ReflectionDispatch.dispatch(ReflectionDispatch.java:28)
  at org.gradle.internal.dispatch.ReflectionDispatch.dispatch(ReflectionDispatch.java:19)
  at org.gradle.internal.dispatch.ContextClassLoaderDispatch.dispatch(ContextClassLoaderDispatch.java:33)
  at org.gradle.internal.dispatch.ProxyDispatchAdapter$DispatchingInvocationHandler.invoke(ProxyDispatchAdapter.java:88)
  at jdk.proxy1/jdk.proxy1.$Proxy4.processTestDefinition(Unknown Source)
  at org.gradle.api.internal.tasks.testing.worker.TestWorker$2.run(TestWorker.java:178)
  at org.gradle.api.internal.tasks.testing.worker.TestWorker.executeAndMaintainThreadName(TestWorker.java:126)
  at org.gradle.api.internal.tasks.testing.worker.TestWorker.execute(TestWorker.java:103)
  at org.gradle.api.internal.tasks.testing.worker.TestWorker.execute(TestWorker.java:63)
  at org.gradle.process.internal.worker.child.ActionExecutionWorker.execute(ActionExecutionWorker.java:56)
  at org.gradle.process.internal.worker.child.SystemApplicationClassLoaderWorker.call(SystemApplicationClassLoaderWorker.java:122)
  at org.gradle.process.internal.worker.child.SystemApplicationClassLoaderWorker.call(SystemApplicationClassLoaderWorker.java:72)
  at worker.org.gradle.process.internal.worker.GradleWorkerMain.run(GradleWorkerMain.java:69)
  at worker.org.gradle.process.internal.worker.GradleWorkerMain.main(GradleWorkerMain.java:74)
</stacktrace>
</test-failure>


TypeScriptCompilerTests_A[jvm] > anonymousModules_ts has expected errors matching anonymousModules_errors_txt[jvm] FAILED

<test-failure test="com.xemantic.typescript.compiler.TypeScriptCompilerTests_A.arrowFunctionErrorSpan_ts has expected errors matching arrowFunctionErrorSpan_errors_txt" platform="jvm">
<message>
Expected diagnostics from baseline typescript-repo/tests/baselines/reference/arrowFunctionErrorSpan.errors.txt but none produced
</message>
<stacktrace>
  at com.xemantic.typescript.compiler.TypeScriptTestSupportKt.errorsMatchBaseline(TypeScriptTestSupport.kt:125)
  at com.xemantic.typescript.compiler.TypeScriptCompilerTests_A.arrowFunctionErrorSpan_ts has expected errors matching arrowFunctionErrorSpan_errors_txt(TypeScriptCompilerTests_A.kt:2730)
  at java.base/jdk.internal.reflect.DirectMethodHandleAccessor.invoke(DirectMethodHandleAccessor.java:104)
  at java.base/java.lang.reflect.Method.invoke(Method.java:565)
  at org.junit.runners.model.FrameworkMethod$1.runReflectiveCall(FrameworkMethod.java:59)
  at org.junit.internal.runners.model.ReflectiveCallable.run(ReflectiveCallable.java:12)
  at org.junit.runners.model.FrameworkMethod.invokeExplosively(FrameworkMethod.java:56)
  at org.junit.internal.runners.statements.InvokeMethod.evaluate(InvokeMethod.java:17)
  at org.junit.runners.ParentRunner$3.evaluate(ParentRunner.java:306)
  at org.junit.runners.BlockJUnit4ClassRunner$1.evaluate(BlockJUnit4ClassRunner.java:100)
  at org.junit.runners.ParentRunner.runLeaf(ParentRunner.java:366)
  at org.junit.runners.BlockJUnit4ClassRunner.runChild(BlockJUnit4ClassRunner.java:103)
  at org.junit.runners.BlockJUnit4ClassRunner.runChild(BlockJUnit4ClassRunner.java:63)
  at org.junit.runners.ParentRunner$4.run(ParentRunner.java:331)
  at org.junit.runners.ParentRunner$1.schedule(ParentRunner.java:79)
  at org.junit.runners.ParentRunner.runChildren(ParentRunner.java:329)
  at org.junit.runners.ParentRunner.access$100(ParentRunner.java:66)
  at org.junit.runners.ParentRunner$2.evaluate(ParentRunner.java:293)
  at org.junit.runners.ParentRunner$3.evaluate(ParentRunner.java:306)
  at org.junit.runners.ParentRunner.run(ParentRunner.java:413)
  at org.junit.runner.JUnitCore.run(JUnitCore.java:137)
  at org.junit.runner.JUnitCore.run(JUnitCore.java:115)
  at org.gradle.api.internal.tasks.testing.junit.JUnitTestExecutor.runRequest(JUnitTestExecutor.java:175)
  at org.gradle.api.internal.tasks.testing.junit.JUnitTestExecutor.accept(JUnitTestExecutor.java:84)
  at org.gradle.api.internal.tasks.testing.junit.JUnitTestExecutor.accept(JUnitTestExecutor.java:47)
  at org.gradle.api.internal.tasks.testing.junit.AbstractJUnitTestDefinitionProcessor.processTestDefinition(AbstractJUnitTestDefinitionProcessor.java:65)
  at org.gradle.api.internal.tasks.testing.SuiteTestDefinitionProcessor.processTestDefinition(SuiteTestDefinitionProcessor.java:54)
  at java.base/jdk.internal.reflect.DirectMethodHandleAccessor.invoke(DirectMethodHandleAccessor.java:104)
  at java.base/java.lang.reflect.Method.invoke(Method.java:565)
  at org.gradle.internal.dispatch.MethodInvocation.invokeOn(MethodInvocation.java:77)
  at org.gradle.internal.dispatch.ReflectionDispatch.dispatch(ReflectionDispatch.java:28)
  at org.gradle.internal.dispatch.ReflectionDispatch.dispatch(ReflectionDispatch.java:19)
  at org.gradle.internal.dispatch.ContextClassLoaderDispatch.dispatch(ContextClassLoaderDispatch.java:33)
  at org.gradle.internal.dispatch.ProxyDispatchAdapter$DispatchingInvocationHandler.invoke(ProxyDispatchAdapter.java:88)
  at jdk.proxy1/jdk.proxy1.$Proxy4.processTestDefinition(Unknown Source)
  at org.gradle.api.internal.tasks.testing.worker.TestWorker$2.run(TestWorker.java:178)
  at org.gradle.api.internal.tasks.testing.worker.TestWorker.executeAndMaintainThreadName(TestWorker.java:126)
  at org.gradle.api.internal.tasks.testing.worker.TestWorker.execute(TestWorker.java:103)
  at org.gradle.api.internal.tasks.testing.worker.TestWorker.execute(TestWorker.java:63)
  at org.gradle.process.internal.worker.child.ActionExecutionWorker.execute(ActionExecutionWorker.java:56)
  at org.gradle.process.internal.worker.child.SystemApplicationClassLoaderWorker.call(SystemApplicationClassLoaderWorker.java:122)
  at org.gradle.process.internal.worker.child.SystemApplicationClassLoaderWorker.call(SystemApplicationClassLoaderWorker.java:72)
  at worker.org.gradle.process.internal.worker.GradleWorkerMain.run(GradleWorkerMain.java:69)
  at worker.org.gradle.process.internal.worker.GradleWorkerMain.main(GradleWorkerMain.java:74)
</stacktrace>
</test-failure>


TypeScriptCompilerTests_A[jvm] > arrowFunctionErrorSpan_ts has expected errors matching arrowFunctionErrorSpan_errors_txt[jvm] FAILED

<test-failure test="com.xemantic.typescript.compiler.TypeScriptCompilerTests_A.arrayDestructuringInSwitch2_ts has expected errors matching arrayDestructuringInSwitch2_errors_txt" platform="jvm">
<message>
Expected diagnostics from baseline typescript-repo/tests/baselines/reference/arrayDestructuringInSwitch2.errors.txt but none produced
</message>
<stacktrace>
  at com.xemantic.typescript.compiler.TypeScriptTestSupportKt.errorsMatchBaseline(TypeScriptTestSupport.kt:125)
  at com.xemantic.typescript.compiler.TypeScriptCompilerTests_A.arrayDestructuringInSwitch2_ts has expected errors matching arrayDestructuringInSwitch2_errors_txt(TypeScriptCompilerTests_A.kt:2366)
  at java.base/jdk.internal.reflect.DirectMethodHandleAccessor.invoke(DirectMethodHandleAccessor.java:104)
  at java.base/java.lang.reflect.Method.invoke(Method.java:565)
  at org.junit.runners.model.FrameworkMethod$1.runReflectiveCall(FrameworkMethod.java:59)
  at org.junit.internal.runners.model.ReflectiveCallable.run(ReflectiveCallable.java:12)
  at org.junit.runners.model.FrameworkMethod.invokeExplosively(FrameworkMethod.java:56)
  at org.junit.internal.runners.statements.InvokeMethod.evaluate(InvokeMethod.java:17)
  at org.junit.runners.ParentRunner$3.evaluate(ParentRunner.java:306)
  at org.junit.runners.BlockJUnit4ClassRunner$1.evaluate(BlockJUnit4ClassRunner.java:100)
  at org.junit.runners.ParentRunner.runLeaf(ParentRunner.java:366)
  at org.junit.runners.BlockJUnit4ClassRunner.runChild(BlockJUnit4ClassRunner.java:103)
  at org.junit.runners.BlockJUnit4ClassRunner.runChild(BlockJUnit4ClassRunner.java:63)
  at org.junit.runners.ParentRunner$4.run(ParentRunner.java:331)
  at org.junit.runners.ParentRunner$1.schedule(ParentRunner.java:79)
  at org.junit.runners.ParentRunner.runChildren(ParentRunner.java:329)
  at org.junit.runners.ParentRunner.access$100(ParentRunner.java:66)
  at org.junit.runners.ParentRunner$2.evaluate(ParentRunner.java:293)
  at org.junit.runners.ParentRunner$3.evaluate(ParentRunner.java:306)
  at org.junit.runners.ParentRunner.run(ParentRunner.java:413)
  at org.junit.runner.JUnitCore.run(JUnitCore.java:137)
  at org.junit.runner.JUnitCore.run(JUnitCore.java:115)
  at org.gradle.api.internal.tasks.testing.junit.JUnitTestExecutor.runRequest(JUnitTestExecutor.java:175)
  at org.gradle.api.internal.tasks.testing.junit.JUnitTestExecutor.accept(JUnitTestExecutor.java:84)
  at org.gradle.api.internal.tasks.testing.junit.JUnitTestExecutor.accept(JUnitTestExecutor.java:47)
  at org.gradle.api.internal.tasks.testing.junit.AbstractJUnitTestDefinitionProcessor.processTestDefinition(AbstractJUnitTestDefinitionProcessor.java:65)
  at org.gradle.api.internal.tasks.testing.SuiteTestDefinitionProcessor.processTestDefinition(SuiteTestDefinitionProcessor.java:54)
  at java.base/jdk.internal.reflect.DirectMethodHandleAccessor.invoke(DirectMethodHandleAccessor.java:104)
  at java.base/java.lang.reflect.Method.invoke(Method.java:565)
  at org.gradle.internal.dispatch.MethodInvocation.invokeOn(MethodInvocation.java:77)
  at org.gradle.internal.dispatch.ReflectionDispatch.dispatch(ReflectionDispatch.java:28)
  at org.gradle.internal.dispatch.ReflectionDispatch.dispatch(ReflectionDispatch.java:19)
  at org.gradle.internal.dispatch.ContextClassLoaderDispatch.dispatch(ContextClassLoaderDispatch.java:33)
  at org.gradle.internal.dispatch.ProxyDispatchAdapter$DispatchingInvocationHandler.invoke(ProxyDispatchAdapter.java:88)
  at jdk.proxy1/jdk.proxy1.$Proxy4.processTestDefinition(Unknown Source)
  at org.gradle.api.internal.tasks.testing.worker.TestWorker$2.run(TestWorker.java:178)
  at org.gradle.api.internal.tasks.testing.worker.TestWorker.executeAndMaintainThreadName(TestWorker.java:126)
  at org.gradle.api.internal.tasks.testing.worker.TestWorker.execute(TestWorker.java:103)
  at org.gradle.api.internal.tasks.testing.worker.TestWorker.execute(TestWorker.java:63)
  at org.gradle.process.internal.worker.child.ActionExecutionWorker.execute(ActionExecutionWorker.java:56)
  at org.gradle.process.internal.worker.child.SystemApplicationClassLoaderWorker.call(SystemApplicationClassLoaderWorker.java:122)
  at org.gradle.process.internal.worker.child.SystemApplicationClassLoaderWorker.call(SystemApplicationClassLoaderWorker.java:72)
  at worker.org.gradle.process.internal.worker.GradleWorkerMain.run(GradleWorkerMain.java:69)
  at worker.org.gradle.process.internal.worker.GradleWorkerMain.main(GradleWorkerMain.java:74)
</stacktrace>
</test-failure>


TypeScriptCompilerTests_A[jvm] > arrayDestructuringInSwitch2_ts has expected errors matching arrayDestructuringInSwitch2_errors_txt[jvm] FAILED

<test-failure test="com.xemantic.typescript.compiler.TypeScriptCompilerTests_A.assignmentCompatability14_ts has expected errors matching assignmentCompatability14_errors_txt" platform="jvm">
<message>
Expected diagnostics from baseline typescript-repo/tests/baselines/reference/assignmentCompatability14.errors.txt but none produced
</message>
<stacktrace>
  at com.xemantic.typescript.compiler.TypeScriptTestSupportKt.errorsMatchBaseline(TypeScriptTestSupport.kt:125)
  at com.xemantic.typescript.compiler.TypeScriptCompilerTests_A.assignmentCompatability14_ts has expected errors matching assignmentCompatability14_errors_txt(TypeScriptCompilerTests_A.kt:3297)
  at java.base/jdk.internal.reflect.DirectMethodHandleAccessor.invoke(DirectMethodHandleAccessor.java:104)
  at java.base/java.lang.reflect.Method.invoke(Method.java:565)
  at org.junit.runners.model.FrameworkMethod$1.runReflectiveCall(FrameworkMethod.java:59)
  at org.junit.internal.runners.model.ReflectiveCallable.run(ReflectiveCallable.java:12)
  at org.junit.runners.model.FrameworkMethod.invokeExplosively(FrameworkMethod.java:56)
  at org.junit.internal.runners.statements.InvokeMethod.evaluate(InvokeMethod.java:17)
  at org.junit.runners.ParentRunner$3.evaluate(ParentRunner.java:306)
  at org.junit.runners.BlockJUnit4ClassRunner$1.evaluate(BlockJUnit4ClassRunner.java:100)
  at org.junit.runners.ParentRunner.runLeaf(ParentRunner.java:366)
  at org.junit.runners.BlockJUnit4ClassRunner.runChild(BlockJUnit4ClassRunner.java:103)
  at org.junit.runners.BlockJUnit4ClassRunner.runChild(BlockJUnit4ClassRunner.java:63)
  at org.junit.runners.ParentRunner$4.run(ParentRunner.java:331)
  at org.junit.runners.ParentRunner$1.schedule(ParentRunner.java:79)
  at org.junit.runners.ParentRunner.runChildren(ParentRunner.java:329)
  at org.junit.runners.ParentRunner.access$100(ParentRunner.java:66)
  at org.junit.runners.ParentRunner$2.evaluate(ParentRunner.java:293)
  at org.junit.runners.ParentRunner$3.evaluate(ParentRunner.java:306)
  at org.junit.runners.ParentRunner.run(ParentRunner.java:413)
  at org.junit.runner.JUnitCore.run(JUnitCore.java:137)
  at org.junit.runner.JUnitCore.run(JUnitCore.java:115)
  at org.gradle.api.internal.tasks.testing.junit.JUnitTestExecutor.runRequest(JUnitTestExecutor.java:175)
  at org.gradle.api.internal.tasks.testing.junit.JUnitTestExecutor.accept(JUnitTestExecutor.java:84)
  at org.gradle.api.internal.tasks.testing.junit.JUnitTestExecutor.accept(JUnitTestExecutor.java:47)
  at org.gradle.api.internal.tasks.testing.junit.AbstractJUnitTestDefinitionProcessor.processTestDefinition(AbstractJUnitTestDefinitionProcessor.java:65)
  at org.gradle.api.internal.tasks.testing.SuiteTestDefinitionProcessor.processTestDefinition(SuiteTestDefinitionProcessor.java:54)
  at java.base/jdk.internal.reflect.DirectMethodHandleAccessor.invoke(DirectMethodHandleAccessor.java:104)
  at java.base/java.lang.reflect.Method.invoke(Method.java:565)
  at org.gradle.internal.dispatch.MethodInvocation.invokeOn(MethodInvocation.java:77)
  at org.gradle.internal.dispatch.ReflectionDispatch.dispatch(ReflectionDispatch.java:28)
  at org.gradle.internal.dispatch.ReflectionDispatch.dispatch(ReflectionDispatch.java:19)
  at org.gradle.internal.dispatch.ContextClassLoaderDispatch.dispatch(ContextClassLoaderDispatch.java:33)
  at org.gradle.internal.dispatch.ProxyDispatchAdapter$DispatchingInvocationHandler.invoke(ProxyDispatchAdapter.java:88)
  at jdk.proxy1/jdk.proxy1.$Proxy4.processTestDefinition(Unknown Source)
  at org.gradle.api.internal.tasks.testing.worker.TestWorker$2.run(TestWorker.java:178)
  at org.gradle.api.internal.tasks.testing.worker.TestWorker.executeAndMaintainThreadName(TestWorker.java:126)
  at org.gradle.api.internal.tasks.testing.worker.TestWorker.execute(TestWorker.java:103)
  at org.gradle.api.internal.tasks.testing.worker.TestWorker.execute(TestWorker.java:63)
  at org.gradle.process.internal.worker.child.ActionExecutionWorker.execute(ActionExecutionWorker.java:56)
  at org.gradle.process.internal.worker.child.SystemApplicationClassLoaderWorker.call(SystemApplicationClassLoaderWorker.java:122)
  at org.gradle.process.internal.worker.child.SystemApplicationClassLoaderWorker.call(SystemApplicationClassLoaderWorker.java:72)
  at worker.org.gradle.process.internal.worker.GradleWorkerMain.run(GradleWorkerMain.java:69)
  at worker.org.gradle.process.internal.worker.GradleWorkerMain.main(GradleWorkerMain.java:74)
</stacktrace>
</test-failure>


TypeScriptCompilerTests_A[jvm] > assignmentCompatability14_ts has expected errors matching assignmentCompatability14_errors_txt[jvm] FAILED

<test-failure test="com.xemantic.typescript.compiler.TypeScriptCompilerTests_A.assignmentCompatability18_ts has expected errors matching assignmentCompatability18_errors_txt" platform="jvm">
<message>
Expected diagnostics from baseline typescript-repo/tests/baselines/reference/assignmentCompatability18.errors.txt but none produced
</message>
<stacktrace>
  at com.xemantic.typescript.compiler.TypeScriptTestSupportKt.errorsMatchBaseline(TypeScriptTestSupport.kt:125)
  at com.xemantic.typescript.compiler.TypeScriptCompilerTests_A.assignmentCompatability18_ts has expected errors matching assignmentCompatability18_errors_txt(TypeScriptCompilerTests_A.kt:3353)
  at java.base/jdk.internal.reflect.DirectMethodHandleAccessor.invoke(DirectMethodHandleAccessor.java:104)
  at java.base/java.lang.reflect.Method.invoke(Method.java:565)
  at org.junit.runners.model.FrameworkMethod$1.runReflectiveCall(FrameworkMethod.java:59)
  at org.junit.internal.runners.model.ReflectiveCallable.run(ReflectiveCallable.java:12)
  at org.junit.runners.model.FrameworkMethod.invokeExplosively(FrameworkMethod.java:56)
  at org.junit.internal.runners.statements.InvokeMethod.evaluate(InvokeMethod.java:17)
  at org.junit.runners.ParentRunner$3.evaluate(ParentRunner.java:306)
  at org.junit.runners.BlockJUnit4ClassRunner$1.evaluate(BlockJUnit4ClassRunner.java:100)
  at org.junit.runners.ParentRunner.runLeaf(ParentRunner.java:366)
  at org.junit.runners.BlockJUnit4ClassRunner.runChild(BlockJUnit4ClassRunner.java:103)
  at org.junit.runners.BlockJUnit4ClassRunner.runChild(BlockJUnit4ClassRunner.java:63)
  at org.junit.runners.ParentRunner$4.run(ParentRunner.java:331)
  at org.junit.runners.ParentRunner$1.schedule(ParentRunner.java:79)
  at org.junit.runners.ParentRunner.runChildren(ParentRunner.java:329)
  at org.junit.runners.ParentRunner.access$100(ParentRunner.java:66)
  at org.junit.runners.ParentRunner$2.evaluate(ParentRunner.java:293)
  at org.junit.runners.ParentRunner$3.evaluate(ParentRunner.java:306)
  at org.junit.runners.ParentRunner.run(ParentRunner.java:413)
  at org.junit.runner.JUnitCore.run(JUnitCore.java:137)
  at org.junit.runner.JUnitCore.run(JUnitCore.java:115)
  at org.gradle.api.internal.tasks.testing.junit.JUnitTestExecutor.runRequest(JUnitTestExecutor.java:175)
  at org.gradle.api.internal.tasks.testing.junit.JUnitTestExecutor.accept(JUnitTestExecutor.java:84)
  at org.gradle.api.internal.tasks.testing.junit.JUnitTestExecutor.accept(JUnitTestExecutor.java:47)
  at org.gradle.api.internal.tasks.testing.junit.AbstractJUnitTestDefinitionProcessor.processTestDefinition(AbstractJUnitTestDefinitionProcessor.java:65)
  at org.gradle.api.internal.tasks.testing.SuiteTestDefinitionProcessor.processTestDefinition(SuiteTestDefinitionProcessor.java:54)
  at java.base/jdk.internal.reflect.DirectMethodHandleAccessor.invoke(DirectMethodHandleAccessor.java:104)
  at java.base/java.lang.reflect.Method.invoke(Method.java:565)
  at org.gradle.internal.dispatch.MethodInvocation.invokeOn(MethodInvocation.java:77)
  at org.gradle.internal.dispatch.ReflectionDispatch.dispatch(ReflectionDispatch.java:28)
  at org.gradle.internal.dispatch.ReflectionDispatch.dispatch(ReflectionDispatch.java:19)
  at org.gradle.internal.dispatch.ContextClassLoaderDispatch.dispatch(ContextClassLoaderDispatch.java:33)
  at org.gradle.internal.dispatch.ProxyDispatchAdapter$DispatchingInvocationHandler.invoke(ProxyDispatchAdapter.java:88)
  at jdk.proxy1/jdk.proxy1.$Proxy4.processTestDefinition(Unknown Source)
  at org.gradle.api.internal.tasks.testing.worker.TestWorker$2.run(TestWorker.java:178)
  at org.gradle.api.internal.tasks.testing.worker.TestWorker.executeAndMaintainThreadName(TestWorker.java:126)
  at org.gradle.api.internal.tasks.testing.worker.TestWorker.execute(TestWorker.java:103)
  at org.gradle.api.internal.tasks.testing.worker.TestWorker.execute(TestWorker.java:63)
  at org.gradle.process.internal.worker.child.ActionExecutionWorker.execute(ActionExecutionWorker.java:56)
  at org.gradle.process.internal.worker.child.SystemApplicationClassLoaderWorker.call(SystemApplicationClassLoaderWorker.java:122)
  at org.gradle.process.internal.worker.child.SystemApplicationClassLoaderWorker.call(SystemApplicationClassLoaderWorker.java:72)
  at worker.org.gradle.process.internal.worker.GradleWorkerMain.run(GradleWorkerMain.java:69)
  at worker.org.gradle.process.internal.worker.GradleWorkerMain.main(GradleWorkerMain.java:74)
</stacktrace>
</test-failure>


TypeScriptCompilerTests_A[jvm] > assignmentCompatability18_ts has expected errors matching assignmentCompatability18_errors_txt[jvm] FAILED

<test-failure test="com.xemantic.typescript.compiler.TypeScriptCompilerTests_A.arrowFunctionWithObjectLiteralBody1_ts has expected errors matching arrowFunctionWithObjectLiteralBody1_errors_txt" platform="jvm">
<message>
Expected diagnostics from baseline typescript-repo/tests/baselines/reference/arrowFunctionWithObjectLiteralBody1.errors.txt but none produced
</message>
<stacktrace>
  at com.xemantic.typescript.compiler.TypeScriptTestSupportKt.errorsMatchBaseline(TypeScriptTestSupport.kt:125)
  at com.xemantic.typescript.compiler.TypeScriptCompilerTests_A.arrowFunctionWithObjectLiteralBody1_ts has expected errors matching arrowFunctionWithObjectLiteralBody1_errors_txt(TypeScriptCompilerTests_A.kt:2800)
  at java.base/jdk.internal.reflect.DirectMethodHandleAccessor.invoke(DirectMethodHandleAccessor.java:104)
  at java.base/java.lang.reflect.Method.invoke(Method.java:565)
  at org.junit.runners.model.FrameworkMethod$1.runReflectiveCall(FrameworkMethod.java:59)
  at org.junit.internal.runners.model.ReflectiveCallable.run(ReflectiveCallable.java:12)
  at org.junit.runners.model.FrameworkMethod.invokeExplosively(FrameworkMethod.java:56)
  at org.junit.internal.runners.statements.InvokeMethod.evaluate(InvokeMethod.java:17)
  at org.junit.runners.ParentRunner$3.evaluate(ParentRunner.java:306)
  at org.junit.runners.BlockJUnit4ClassRunner$1.evaluate(BlockJUnit4ClassRunner.java:100)
  at org.junit.runners.ParentRunner.runLeaf(ParentRunner.java:366)
  at org.junit.runners.BlockJUnit4ClassRunner.runChild(BlockJUnit4ClassRunner.java:103)
  at org.junit.runners.BlockJUnit4ClassRunner.runChild(BlockJUnit4ClassRunner.java:63)
  at org.junit.runners.ParentRunner$4.run(ParentRunner.java:331)
  at org.junit.runners.ParentRunner$1.schedule(ParentRunner.java:79)
  at org.junit.runners.ParentRunner.runChildren(ParentRunner.java:329)
  at org.junit.runners.ParentRunner.access$100(ParentRunner.java:66)
  at org.junit.runners.ParentRunner$2.evaluate(ParentRunner.java:293)
  at org.junit.runners.ParentRunner$3.evaluate(ParentRunner.java:306)
  at org.junit.runners.ParentRunner.run(ParentRunner.java:413)
  at org.junit.runner.JUnitCore.run(JUnitCore.java:137)
  at org.junit.runner.JUnitCore.run(JUnitCore.java:115)
  at org.gradle.api.internal.tasks.testing.junit.JUnitTestExecutor.runRequest(JUnitTestExecutor.java:175)
  at org.gradle.api.internal.tasks.testing.junit.JUnitTestExecutor.accept(JUnitTestExecutor.java:84)
  at org.gradle.api.internal.tasks.testing.junit.JUnitTestExecutor.accept(JUnitTestExecutor.java:47)
  at org.gradle.api.internal.tasks.testing.junit.AbstractJUnitTestDefinitionProcessor.processTestDefinition(AbstractJUnitTestDefinitionProcessor.java:65)
  at org.gradle.api.internal.tasks.testing.SuiteTestDefinitionProcessor.processTestDefinition(SuiteTestDefinitionProcessor.java:54)
  at java.base/jdk.internal.reflect.DirectMethodHandleAccessor.invoke(DirectMethodHandleAccessor.java:104)
  at java.base/java.lang.reflect.Method.invoke(Method.java:565)
  at org.gradle.internal.dispatch.MethodInvocation.invokeOn(MethodInvocation.java:77)
  at org.gradle.internal.dispatch.ReflectionDispatch.dispatch(ReflectionDispatch.java:28)
  at org.gradle.internal.dispatch.ReflectionDispatch.dispatch(ReflectionDispatch.java:19)
  at org.gradle.internal.dispatch.ContextClassLoaderDispatch.dispatch(ContextClassLoaderDispatch.java:33)
  at org.gradle.internal.dispatch.ProxyDispatchAdapter$DispatchingInvocationHandler.invoke(ProxyDispatchAdapter.java:88)
  at jdk.proxy1/jdk.proxy1.$Proxy4.processTestDefinition(Unknown Source)
  at org.gradle.api.internal.tasks.testing.worker.TestWorker$2.run(TestWorker.java:178)
  at org.gradle.api.internal.tasks.testing.worker.TestWorker.executeAndMaintainThreadName(TestWorker.java:126)
  at org.gradle.api.internal.tasks.testing.worker.TestWorker.execute(TestWorker.java:103)
  at org.gradle.api.internal.tasks.testing.worker.TestWorker.execute(TestWorker.java:63)
  at org.gradle.process.internal.worker.child.ActionExecutionWorker.execute(ActionExecutionWorker.java:56)
  at org.gradle.process.internal.worker.child.SystemApplicationClassLoaderWorker.call(SystemApplicationClassLoaderWorker.java:122)
  at org.gradle.process.internal.worker.child.SystemApplicationClassLoaderWorker.call(SystemApplicationClassLoaderWorker.java:72)
  at worker.org.gradle.process.internal.worker.GradleWorkerMain.run(GradleWorkerMain.java:69)
  at worker.org.gradle.process.internal.worker.GradleWorkerMain.main(GradleWorkerMain.java:74)
</stacktrace>
</test-failure>


TypeScriptCompilerTests_A[jvm] > arrowFunctionWithObjectLiteralBody1_ts has expected errors matching arrowFunctionWithObjectLiteralBody1_errors_txt[jvm] FAILED

<test-failure test="com.xemantic.typescript.compiler.TypeScriptCompilerTests_A.assigningFunctionToTupleIssuesError_ts has expected errors matching assigningFunctionToTupleIssuesError_errors_txt" platform="jvm">
<message>
Expected diagnostics from baseline typescript-repo/tests/baselines/reference/assigningFunctionToTupleIssuesError.errors.txt but none produced
</message>
<stacktrace>
  at com.xemantic.typescript.compiler.TypeScriptTestSupportKt.errorsMatchBaseline(TypeScriptTestSupport.kt:125)
  at com.xemantic.typescript.compiler.TypeScriptCompilerTests_A.assigningFunctionToTupleIssuesError_ts has expected errors matching assigningFunctionToTupleIssuesError_errors_txt(TypeScriptCompilerTests_A.kt:3122)
  at java.base/jdk.internal.reflect.DirectMethodHandleAccessor.invoke(DirectMethodHandleAccessor.java:104)
  at java.base/java.lang.reflect.Method.invoke(Method.java:565)
  at org.junit.runners.model.FrameworkMethod$1.runReflectiveCall(FrameworkMethod.java:59)
  at org.junit.internal.runners.model.ReflectiveCallable.run(ReflectiveCallable.java:12)
  at org.junit.runners.model.FrameworkMethod.invokeExplosively(FrameworkMethod.java:56)
  at org.junit.internal.runners.statements.InvokeMethod.evaluate(InvokeMethod.java:17)
  at org.junit.runners.ParentRunner$3.evaluate(ParentRunner.java:306)
  at org.junit.runners.BlockJUnit4ClassRunner$1.evaluate(BlockJUnit4ClassRunner.java:100)
  at org.junit.runners.ParentRunner.runLeaf(ParentRunner.java:366)
  at org.junit.runners.BlockJUnit4ClassRunner.runChild(BlockJUnit4ClassRunner.java:103)
  at org.junit.runners.BlockJUnit4ClassRunner.runChild(BlockJUnit4ClassRunner.java:63)
  at org.junit.runners.ParentRunner$4.run(ParentRunner.java:331)
  at org.junit.runners.ParentRunner$1.schedule(ParentRunner.java:79)
  at org.junit.runners.ParentRunner.runChildren(ParentRunner.java:329)
  at org.junit.runners.ParentRunner.access$100(ParentRunner.java:66)
  at org.junit.runners.ParentRunner$2.evaluate(ParentRunner.java:293)
  at org.junit.runners.ParentRunner$3.evaluate(ParentRunner.java:306)
  at org.junit.runners.ParentRunner.run(ParentRunner.java:413)
  at org.junit.runner.JUnitCore.run(JUnitCore.java:137)
  at org.junit.runner.JUnitCore.run(JUnitCore.java:115)
  at org.gradle.api.internal.tasks.testing.junit.JUnitTestExecutor.runRequest(JUnitTestExecutor.java:175)
  at org.gradle.api.internal.tasks.testing.junit.JUnitTestExecutor.accept(JUnitTestExecutor.java:84)
  at org.gradle.api.internal.tasks.testing.junit.JUnitTestExecutor.accept(JUnitTestExecutor.java:47)
  at org.gradle.api.internal.tasks.testing.junit.AbstractJUnitTestDefinitionProcessor.processTestDefinition(AbstractJUnitTestDefinitionProcessor.java:65)
  at org.gradle.api.internal.tasks.testing.SuiteTestDefinitionProcessor.processTestDefinition(SuiteTestDefinitionProcessor.java:54)
  at java.base/jdk.internal.reflect.DirectMethodHandleAccessor.invoke(DirectMethodHandleAccessor.java:104)
  at java.base/java.lang.reflect.Method.invoke(Method.java:565)
  at org.gradle.internal.dispatch.MethodInvocation.invokeOn(MethodInvocation.java:77)
  at org.gradle.internal.dispatch.ReflectionDispatch.dispatch(ReflectionDispatch.java:28)
  at org.gradle.internal.dispatch.ReflectionDispatch.dispatch(ReflectionDispatch.java:19)
  at org.gradle.internal.dispatch.ContextClassLoaderDispatch.dispatch(ContextClassLoaderDispatch.java:33)
  at org.gradle.internal.dispatch.ProxyDispatchAdapter$DispatchingInvocationHandler.invoke(ProxyDispatchAdapter.java:88)
  at jdk.proxy1/jdk.proxy1.$Proxy4.processTestDefinition(Unknown Source)
  at org.gradle.api.internal.tasks.testing.worker.TestWorker$2.run(TestWorker.java:178)
  at org.gradle.api.internal.tasks.testing.worker.TestWorker.executeAndMaintainThreadName(TestWorker.java:126)
  at org.gradle.api.internal.tasks.testing.worker.TestWorker.execute(TestWorker.java:103)
  at org.gradle.api.internal.tasks.testing.worker.TestWorker.execute(TestWorker.java:63)
  at org.gradle.process.internal.worker.child.ActionExecutionWorker.execute(ActionExecutionWorker.java:56)
  at org.gradle.process.internal.worker.child.SystemApplicationClassLoaderWorker.call(SystemApplicationClassLoaderWorker.java:122)
  at org.gradle.process.internal.worker.child.SystemApplicationClassLoaderWorker.call(SystemApplicationClassLoaderWorker.java:72)
  at worker.org.gradle.process.internal.worker.GradleWorkerMain.run(GradleWorkerMain.java:69)
  at worker.org.gradle.process.internal.worker.GradleWorkerMain.main(GradleWorkerMain.java:74)
</stacktrace>
</test-failure>


TypeScriptCompilerTests_A[jvm] > assigningFunctionToTupleIssuesError_ts has expected errors matching assigningFunctionToTupleIssuesError_errors_txt[jvm] FAILED

<test-failure test="com.xemantic.typescript.compiler.TypeScriptCompilerTests_A.allowSyntheticDefaultImports10_ts has expected errors matching allowSyntheticDefaultImports10_errors_txt" platform="jvm">
<message>
Expected diagnostics from baseline typescript-repo/tests/baselines/reference/allowSyntheticDefaultImports10.errors.txt but none produced
</message>
<stacktrace>
  at com.xemantic.typescript.compiler.TypeScriptTestSupportKt.errorsMatchBaseline(TypeScriptTestSupport.kt:125)
  at com.xemantic.typescript.compiler.TypeScriptCompilerTests_A.allowSyntheticDefaultImports10_ts has expected errors matching allowSyntheticDefaultImports10_errors_txt(TypeScriptCompilerTests_A.kt:896)
  at java.base/jdk.internal.reflect.DirectMethodHandleAccessor.invoke(DirectMethodHandleAccessor.java:104)
  at java.base/java.lang.reflect.Method.invoke(Method.java:565)
  at org.junit.runners.model.FrameworkMethod$1.runReflectiveCall(FrameworkMethod.java:59)
  at org.junit.internal.runners.model.ReflectiveCallable.run(ReflectiveCallable.java:12)
  at org.junit.runners.model.FrameworkMethod.invokeExplosively(FrameworkMethod.java:56)
  at org.junit.internal.runners.statements.InvokeMethod.evaluate(InvokeMethod.java:17)
  at org.junit.runners.ParentRunner$3.evaluate(ParentRunner.java:306)
  at org.junit.runners.BlockJUnit4ClassRunner$1.evaluate(BlockJUnit4ClassRunner.java:100)
  at org.junit.runners.ParentRunner.runLeaf(ParentRunner.java:366)
  at org.junit.runners.BlockJUnit4ClassRunner.runChild(BlockJUnit4ClassRunner.java:103)
  at org.junit.runners.BlockJUnit4ClassRunner.runChild(BlockJUnit4ClassRunner.java:63)
  at org.junit.runners.ParentRunner$4.run(ParentRunner.java:331)
  at org.junit.runners.ParentRunner$1.schedule(ParentRunner.java:79)
  at org.junit.runners.ParentRunner.runChildren(ParentRunner.java:329)
  at org.junit.runners.ParentRunner.access$100(ParentRunner.java:66)
  at org.junit.runners.ParentRunner$2.evaluate(ParentRunner.java:293)
  at org.junit.runners.ParentRunner$3.evaluate(ParentRunner.java:306)
  at org.junit.runners.ParentRunner.run(ParentRunner.java:413)
  at org.junit.runner.JUnitCore.run(JUnitCore.java:137)
  at org.junit.runner.JUnitCore.run(JUnitCore.java:115)
  at org.gradle.api.internal.tasks.testing.junit.JUnitTestExecutor.runRequest(JUnitTestExecutor.java:175)
  at org.gradle.api.internal.tasks.testing.junit.JUnitTestExecutor.accept(JUnitTestExecutor.java:84)
  at org.gradle.api.internal.tasks.testing.junit.JUnitTestExecutor.accept(JUnitTestExecutor.java:47)
  at org.gradle.api.internal.tasks.testing.junit.AbstractJUnitTestDefinitionProcessor.processTestDefinition(AbstractJUnitTestDefinitionProcessor.java:65)
  at org.gradle.api.internal.tasks.testing.SuiteTestDefinitionProcessor.processTestDefinition(SuiteTestDefinitionProcessor.java:54)
  at java.base/jdk.internal.reflect.DirectMethodHandleAccessor.invoke(DirectMethodHandleAccessor.java:104)
  at java.base/java.lang.reflect.Method.invoke(Method.java:565)
  at org.gradle.internal.dispatch.MethodInvocation.invokeOn(MethodInvocation.java:77)
  at org.gradle.internal.dispatch.ReflectionDispatch.dispatch(ReflectionDispatch.java:28)
  at org.gradle.internal.dispatch.ReflectionDispatch.dispatch(ReflectionDispatch.java:19)
  at org.gradle.internal.dispatch.ContextClassLoaderDispatch.dispatch(ContextClassLoaderDispatch.java:33)
  at org.gradle.internal.dispatch.ProxyDispatchAdapter$DispatchingInvocationHandler.invoke(ProxyDispatchAdapter.java:88)
  at jdk.proxy1/jdk.proxy1.$Proxy4.processTestDefinition(Unknown Source)
  at org.gradle.api.internal.tasks.testing.worker.TestWorker$2.run(TestWorker.java:178)
  at org.gradle.api.internal.tasks.testing.worker.TestWorker.executeAndMaintainThreadName(TestWorker.java:126)
  at org.gradle.api.internal.tasks.testing.worker.TestWorker.execute(TestWorker.java:103)
  at org.gradle.api.internal.tasks.testing.worker.TestWorker.execute(TestWorker.java:63)
  at org.gradle.process.internal.worker.child.ActionExecutionWorker.execute(ActionExecutionWorker.java:56)
  at org.gradle.process.internal.worker.child.SystemApplicationClassLoaderWorker.call(SystemApplicationClassLoaderWorker.java:122)
  at org.gradle.process.internal.worker.child.SystemApplicationClassLoaderWorker.call(SystemApplicationClassLoaderWorker.java:72)
  at worker.org.gradle.process.internal.worker.GradleWorkerMain.run(GradleWorkerMain.java:69)
  at worker.org.gradle.process.internal.worker.GradleWorkerMain.main(GradleWorkerMain.java:74)
</stacktrace>
</test-failure>


TypeScriptCompilerTests_A[jvm] > allowSyntheticDefaultImports10_ts has expected errors matching allowSyntheticDefaultImports10_errors_txt[jvm] FAILED

<test-failure test="com.xemantic.typescript.compiler.TypeScriptCompilerTests_A.accessorAccidentalCallDiagnostic_ts__target_es2015__has expected errors matching baseline" platform="jvm">
<message>
Expected diagnostics from baseline typescript-repo/tests/baselines/reference/accessorAccidentalCallDiagnostic(target=es2015).errors.txt but none produced
</message>
<stacktrace>
  at com.xemantic.typescript.compiler.TypeScriptTestSupportKt.errorsMatchBaseline(TypeScriptTestSupport.kt:125)
  at com.xemantic.typescript.compiler.TypeScriptCompilerTests_A.accessorAccidentalCallDiagnostic_ts__target_es2015__has expected errors matching baseline(TypeScriptCompilerTests_A.kt:252)
  at java.base/jdk.internal.reflect.DirectMethodHandleAccessor.invoke(DirectMethodHandleAccessor.java:104)
  at java.base/java.lang.reflect.Method.invoke(Method.java:565)
  at org.junit.runners.model.FrameworkMethod$1.runReflectiveCall(FrameworkMethod.java:59)
  at org.junit.internal.runners.model.ReflectiveCallable.run(ReflectiveCallable.java:12)
  at org.junit.runners.model.FrameworkMethod.invokeExplosively(FrameworkMethod.java:56)
  at org.junit.internal.runners.statements.InvokeMethod.evaluate(InvokeMethod.java:17)
  at org.junit.runners.ParentRunner$3.evaluate(ParentRunner.java:306)
  at org.junit.runners.BlockJUnit4ClassRunner$1.evaluate(BlockJUnit4ClassRunner.java:100)
  at org.junit.runners.ParentRunner.runLeaf(ParentRunner.java:366)
  at org.junit.runners.BlockJUnit4ClassRunner.runChild(BlockJUnit4ClassRunner.java:103)
  at org.junit.runners.BlockJUnit4ClassRunner.runChild(BlockJUnit4ClassRunner.java:63)
  at org.junit.runners.ParentRunner$4.run(ParentRunner.java:331)
  at org.junit.runners.ParentRunner$1.schedule(ParentRunner.java:79)
  at org.junit.runners.ParentRunner.runChildren(ParentRunner.java:329)
  at org.junit.runners.ParentRunner.access$100(ParentRunner.java:66)
  at org.junit.runners.ParentRunner$2.evaluate(ParentRunner.java:293)
  at org.junit.runners.ParentRunner$3.evaluate(ParentRunner.java:306)
  at org.junit.runners.ParentRunner.run(ParentRunner.java:413)
  at org.junit.runner.JUnitCore.run(JUnitCore.java:137)
  at org.junit.runner.JUnitCore.run(JUnitCore.java:115)
  at org.gradle.api.internal.tasks.testing.junit.JUnitTestExecutor.runRequest(JUnitTestExecutor.java:175)
  at org.gradle.api.internal.tasks.testing.junit.JUnitTestExecutor.accept(JUnitTestExecutor.java:84)
  at org.gradle.api.internal.tasks.testing.junit.JUnitTestExecutor.accept(JUnitTestExecutor.java:47)
  at org.gradle.api.internal.tasks.testing.junit.AbstractJUnitTestDefinitionProcessor.processTestDefinition(AbstractJUnitTestDefinitionProcessor.java:65)
  at org.gradle.api.internal.tasks.testing.SuiteTestDefinitionProcessor.processTestDefinition(SuiteTestDefinitionProcessor.java:54)
  at java.base/jdk.internal.reflect.DirectMethodHandleAccessor.invoke(DirectMethodHandleAccessor.java:104)
  at java.base/java.lang.reflect.Method.invoke(Method.java:565)
  at org.gradle.internal.dispatch.MethodInvocation.invokeOn(MethodInvocation.java:77)
  at org.gradle.internal.dispatch.ReflectionDispatch.dispatch(ReflectionDispatch.java:28)
  at org.gradle.internal.dispatch.ReflectionDispatch.dispatch(ReflectionDispatch.java:19)
  at org.gradle.internal.dispatch.ContextClassLoaderDispatch.dispatch(ContextClassLoaderDispatch.java:33)
  at org.gradle.internal.dispatch.ProxyDispatchAdapter$DispatchingInvocationHandler.invoke(ProxyDispatchAdapter.java:88)
  at jdk.proxy1/jdk.proxy1.$Proxy4.processTestDefinition(Unknown Source)
  at org.gradle.api.internal.tasks.testing.worker.TestWorker$2.run(TestWorker.java:178)
  at org.gradle.api.internal.tasks.testing.worker.TestWorker.executeAndMaintainThreadName(TestWorker.java:126)
  at org.gradle.api.internal.tasks.testing.worker.TestWorker.execute(TestWorker.java:103)
  at org.gradle.api.internal.tasks.testing.worker.TestWorker.execute(TestWorker.java:63)
  at org.gradle.process.internal.worker.child.ActionExecutionWorker.execute(ActionExecutionWorker.java:56)
  at org.gradle.process.internal.worker.child.SystemApplicationClassLoaderWorker.call(SystemApplicationClassLoaderWorker.java:122)
  at org.gradle.process.internal.worker.child.SystemApplicationClassLoaderWorker.call(SystemApplicationClassLoaderWorker.java:72)
  at worker.org.gradle.process.internal.worker.GradleWorkerMain.run(GradleWorkerMain.java:69)
  at worker.org.gradle.process.internal.worker.GradleWorkerMain.main(GradleWorkerMain.java:74)
</stacktrace>
</test-failure>


TypeScriptCompilerTests_A[jvm] > accessorAccidentalCallDiagnostic_ts__target_es2015__has expected errors matching baseline[jvm] FAILED

<test-failure test="com.xemantic.typescript.compiler.TypeScriptCompilerTests_A.assignToEnum_ts has expected errors matching assignToEnum_errors_txt" platform="jvm">
<message>
Expected diagnostics from baseline typescript-repo/tests/baselines/reference/assignToEnum.errors.txt but none produced
</message>
<stacktrace>
  at com.xemantic.typescript.compiler.TypeScriptTestSupportKt.errorsMatchBaseline(TypeScriptTestSupport.kt:125)
  at com.xemantic.typescript.compiler.TypeScriptCompilerTests_A.assignToEnum_ts has expected errors matching assignToEnum_errors_txt(TypeScriptCompilerTests_A.kt:3024)
  at java.base/jdk.internal.reflect.DirectMethodHandleAccessor.invoke(DirectMethodHandleAccessor.java:104)
  at java.base/java.lang.reflect.Method.invoke(Method.java:565)
  at org.junit.runners.model.FrameworkMethod$1.runReflectiveCall(FrameworkMethod.java:59)
  at org.junit.internal.runners.model.ReflectiveCallable.run(ReflectiveCallable.java:12)
  at org.junit.runners.model.FrameworkMethod.invokeExplosively(FrameworkMethod.java:56)
  at org.junit.internal.runners.statements.InvokeMethod.evaluate(InvokeMethod.java:17)
  at org.junit.runners.ParentRunner$3.evaluate(ParentRunner.java:306)
  at org.junit.runners.BlockJUnit4ClassRunner$1.evaluate(BlockJUnit4ClassRunner.java:100)
  at org.junit.runners.ParentRunner.runLeaf(ParentRunner.java:366)
  at org.junit.runners.BlockJUnit4ClassRunner.runChild(BlockJUnit4ClassRunner.java:103)
  at org.junit.runners.BlockJUnit4ClassRunner.runChild(BlockJUnit4ClassRunner.java:63)
  at org.junit.runners.ParentRunner$4.run(ParentRunner.java:331)
  at org.junit.runners.ParentRunner$1.schedule(ParentRunner.java:79)
  at org.junit.runners.ParentRunner.runChildren(ParentRunner.java:329)
  at org.junit.runners.ParentRunner.access$100(ParentRunner.java:66)
  at org.junit.runners.ParentRunner$2.evaluate(ParentRunner.java:293)
  at org.junit.runners.ParentRunner$3.evaluate(ParentRunner.java:306)
  at org.junit.runners.ParentRunner.run(ParentRunner.java:413)
  at org.junit.runner.JUnitCore.run(JUnitCore.java:137)
  at org.junit.runner.JUnitCore.run(JUnitCore.java:115)
  at org.gradle.api.internal.tasks.testing.junit.JUnitTestExecutor.runRequest(JUnitTestExecutor.java:175)
  at org.gradle.api.internal.tasks.testing.junit.JUnitTestExecutor.accept(JUnitTestExecutor.java:84)
  at org.gradle.api.internal.tasks.testing.junit.JUnitTestExecutor.accept(JUnitTestExecutor.java:47)
  at org.gradle.api.internal.tasks.testing.junit.AbstractJUnitTestDefinitionProcessor.processTestDefinition(AbstractJUnitTestDefinitionProcessor.java:65)
  at org.gradle.api.internal.tasks.testing.SuiteTestDefinitionProcessor.processTestDefinition(SuiteTestDefinitionProcessor.java:54)
  at java.base/jdk.internal.reflect.DirectMethodHandleAccessor.invoke(DirectMethodHandleAccessor.java:104)
  at java.base/java.lang.reflect.Method.invoke(Method.java:565)
  at org.gradle.internal.dispatch.MethodInvocation.invokeOn(MethodInvocation.java:77)
  at org.gradle.internal.dispatch.ReflectionDispatch.dispatch(ReflectionDispatch.java:28)
  at org.gradle.internal.dispatch.ReflectionDispatch.dispatch(ReflectionDispatch.java:19)
  at org.gradle.internal.dispatch.ContextClassLoaderDispatch.dispatch(ContextClassLoaderDispatch.java:33)
  at org.gradle.internal.dispatch.ProxyDispatchAdapter$DispatchingInvocationHandler.invoke(ProxyDispatchAdapter.java:88)
  at jdk.proxy1/jdk.proxy1.$Proxy4.processTestDefinition(Unknown Source)
  at org.gradle.api.internal.tasks.testing.worker.TestWorker$2.run(TestWorker.java:178)
  at org.gradle.api.internal.tasks.testing.worker.TestWorker.executeAndMaintainThreadName(TestWorker.java:126)
  at org.gradle.api.internal.tasks.testing.worker.TestWorker.execute(TestWorker.java:103)
  at org.gradle.api.internal.tasks.testing.worker.TestWorker.execute(TestWorker.java:63)
  at org.gradle.process.internal.worker.child.ActionExecutionWorker.execute(ActionExecutionWorker.java:56)
  at org.gradle.process.internal.worker.child.SystemApplicationClassLoaderWorker.call(SystemApplicationClassLoaderWorker.java:122)
  at org.gradle.process.internal.worker.child.SystemApplicationClassLoaderWorker.call(SystemApplicationClassLoaderWorker.java:72)
  at worker.org.gradle.process.internal.worker.GradleWorkerMain.run(GradleWorkerMain.java:69)
  at worker.org.gradle.process.internal.worker.GradleWorkerMain.main(GradleWorkerMain.java:74)
</stacktrace>
</test-failure>


TypeScriptCompilerTests_A[jvm] > assignToEnum_ts has expected errors matching assignToEnum_errors_txt[jvm] FAILED

<test-failure test="com.xemantic.typescript.compiler.TypeScriptCompilerTests_A.arrayIterationLibES5TargetDifferent_ts__nolib_true_target_es5__has expected errors matching baseline" platform="jvm">
<message>
--- expected
+++ actual
@@ -1,28 +1,6 @@
-error TS2318: Cannot find global type 'Array'.
-error TS2318: Cannot find global type 'Boolean'.
-error TS2318: Cannot find global type 'CallableFunction'.
-error TS2318: Cannot find global type 'Function'.
-error TS2318: Cannot find global type 'IArguments'.
-error TS2318: Cannot find global type 'NewableFunction'.
-error TS2318: Cannot find global type 'Number'.
-error TS2318: Cannot find global type 'Object'.
-error TS2318: Cannot find global type 'RegExp'.
-error TS2318: Cannot find global type 'String'.
-error TS5053: Option 'lib' cannot be specified with option 'noLib'.
 error TS5107: Option 'target=ES5' is deprecated and will stop functioning in TypeScript 7.0. Specify compilerOption '"ignoreDeprecations": "6.0"' to silence this error.
 
 
-!!! error TS2318: Cannot find global type 'Array'.
-!!! error TS2318: Cannot find global type 'Boolean'.
-!!! error TS2318: Cannot find global type 'CallableFunction'.
-!!! error TS2318: Cannot find global type 'Function'.
-!!! error TS2318: Cannot find global type 'IArguments'.
-!!! error TS2318: Cannot find global type 'NewableFunction'.
-!!! error TS2318: Cannot find global type 'Number'.
-!!! error TS2318: Cannot find global type 'Object'.
-!!! error TS2318: Cannot find global type 'RegExp'.
-!!! error TS2318: Cannot find global type 'String'.
-!!! error TS5053: Option 'lib' cannot be specified with option 'noLib'.
 !!! error TS5107: Option 'target=ES5' is deprecated and will stop functioning in TypeScript 7.0. Specify compilerOption '"ignoreDeprecations": "6.0"' to silence this error.
 ==== arrayIterationLibES5TargetDifferent.ts (0 errors) ====
     declare function log(message?: any): void;

</message>
<stacktrace>
  at org.junit.Assert.fail(Assert.java:89)
  at kotlin.test.junit.JUnitAsserter.fail(JUnitSupport.kt:56)
  at kotlin.test.AssertionsKt__AssertionsKt.fail(Assertions.kt:563)
  at kotlin.test.AssertionsKt.fail(Unknown Source)
  at com.xemantic.kotlin.test.SameAsKt.sameAs(SameAs.kt:52)
  at com.xemantic.typescript.compiler.TypeScriptTestSupportKt.errorsMatchBaseline(TypeScriptTestSupport.kt:135)
  at com.xemantic.typescript.compiler.TypeScriptCompilerTests_A.arrayIterationLibES5TargetDifferent_ts__nolib_true_target_es5__has expected errors matching baseline(TypeScriptCompilerTests_A.kt:2492)
  at java.base/jdk.internal.reflect.DirectMethodHandleAccessor.invoke(DirectMethodHandleAccessor.java:104)
  at java.base/java.lang.reflect.Method.invoke(Method.java:565)
  at org.junit.runners.model.FrameworkMethod$1.runReflectiveCall(FrameworkMethod.java:59)
  at org.junit.internal.runners.model.ReflectiveCallable.run(ReflectiveCallable.java:12)
  at org.junit.runners.model.FrameworkMethod.invokeExplosively(FrameworkMethod.java:56)
  at org.junit.internal.runners.statements.InvokeMethod.evaluate(InvokeMethod.java:17)
  at org.junit.runners.ParentRunner$3.evaluate(ParentRunner.java:306)
  at org.junit.runners.BlockJUnit4ClassRunner$1.evaluate(BlockJUnit4ClassRunner.java:100)
  at org.junit.runners.ParentRunner.runLeaf(ParentRunner.java:366)
  at org.junit.runners.BlockJUnit4ClassRunner.runChild(BlockJUnit4ClassRunner.java:103)
  at org.junit.runners.BlockJUnit4ClassRunner.runChild(BlockJUnit4ClassRunner.java:63)
  at org.junit.runners.ParentRunner$4.run(ParentRunner.java:331)
  at org.junit.runners.ParentRunner$1.schedule(ParentRunner.java:79)
  at org.junit.runners.ParentRunner.runChildren(ParentRunner.java:329)
  at org.junit.runners.ParentRunner.access$100(ParentRunner.java:66)
  at org.junit.runners.ParentRunner$2.evaluate(ParentRunner.java:293)
  at org.junit.runners.ParentRunner$3.evaluate(ParentRunner.java:306)
  at org.junit.runners.ParentRunner.run(ParentRunner.java:413)
  at org.junit.runner.JUnitCore.run(JUnitCore.java:137)
  at org.junit.runner.JUnitCore.run(JUnitCore.java:115)
  at org.gradle.api.internal.tasks.testing.junit.JUnitTestExecutor.runRequest(JUnitTestExecutor.java:175)
  at org.gradle.api.internal.tasks.testing.junit.JUnitTestExecutor.accept(JUnitTestExecutor.java:84)
  at org.gradle.api.internal.tasks.testing.junit.JUnitTestExecutor.accept(JUnitTestExecutor.java:47)
  at org.gradle.api.internal.tasks.testing.junit.AbstractJUnitTestDefinitionProcessor.processTestDefinition(AbstractJUnitTestDefinitionProcessor.java:65)
  at org.gradle.api.internal.tasks.testing.SuiteTestDefinitionProcessor.processTestDefinition(SuiteTestDefinitionProcessor.java:54)
  at java.base/jdk.internal.reflect.DirectMethodHandleAccessor.invoke(DirectMethodHandleAccessor.java:104)
  at java.base/java.lang.reflect.Method.invoke(Method.java:565)
  at org.gradle.internal.dispatch.MethodInvocation.invokeOn(MethodInvocation.java:77)
  at org.gradle.internal.dispatch.ReflectionDispatch.dispatch(ReflectionDispatch.java:28)
  at org.gradle.internal.dispatch.ReflectionDispatch.dispatch(ReflectionDispatch.java:19)
  at org.gradle.internal.dispatch.ContextClassLoaderDispatch.dispatch(ContextClassLoaderDispatch.java:33)
  at org.gradle.internal.dispatch.ProxyDispatchAdapter$DispatchingInvocationHandler.invoke(ProxyDispatchAdapter.java:88)
  at jdk.proxy1/jdk.proxy1.$Proxy4.processTestDefinition(Unknown Source)
  at org.gradle.api.internal.tasks.testing.worker.TestWorker$2.run(TestWorker.java:178)
  at org.gradle.api.internal.tasks.testing.worker.TestWorker.executeAndMaintainThreadName(TestWorker.java:126)
  at org.gradle.api.internal.tasks.testing.worker.TestWorker.execute(TestWorker.java:103)
  at org.gradle.api.internal.tasks.testing.worker.TestWorker.execute(TestWorker.java:63)
  at org.gradle.process.internal.worker.child.ActionExecutionWorker.execute(ActionExecutionWorker.java:56)
  at org.gradle.process.internal.worker.child.SystemApplicationClassLoaderWorker.call(SystemApplicationClassLoaderWorker.java:122)
  at org.gradle.process.internal.worker.child.SystemApplicationClassLoaderWorker.call(SystemApplicationClassLoaderWorker.java:72)
  at worker.org.gradle.process.internal.worker.GradleWorkerMain.run(GradleWorkerMain.java:69)
  at worker.org.gradle.process.internal.worker.GradleWorkerMain.main(GradleWorkerMain.java:74)
</stacktrace>
</test-failure>


TypeScriptCompilerTests_A[jvm] > arrayIterationLibES5TargetDifferent_ts__nolib_true_target_es5__has expected errors matching baseline[jvm] FAILED

<test-failure test="com.xemantic.typescript.compiler.TypeScriptCompilerTests_A.assignmentCompatability21_ts has expected errors matching assignmentCompatability21_errors_txt" platform="jvm">
<message>
Expected diagnostics from baseline typescript-repo/tests/baselines/reference/assignmentCompatability21.errors.txt but none produced
</message>
<stacktrace>
  at com.xemantic.typescript.compiler.TypeScriptTestSupportKt.errorsMatchBaseline(TypeScriptTestSupport.kt:125)
  at com.xemantic.typescript.compiler.TypeScriptCompilerTests_A.assignmentCompatability21_ts has expected errors matching assignmentCompatability21_errors_txt(TypeScriptCompilerTests_A.kt:3409)
  at java.base/jdk.internal.reflect.DirectMethodHandleAccessor.invoke(DirectMethodHandleAccessor.java:104)
  at java.base/java.lang.reflect.Method.invoke(Method.java:565)
  at org.junit.runners.model.FrameworkMethod$1.runReflectiveCall(FrameworkMethod.java:59)
  at org.junit.internal.runners.model.ReflectiveCallable.run(ReflectiveCallable.java:12)
  at org.junit.runners.model.FrameworkMethod.invokeExplosively(FrameworkMethod.java:56)
  at org.junit.internal.runners.statements.InvokeMethod.evaluate(InvokeMethod.java:17)
  at org.junit.runners.ParentRunner$3.evaluate(ParentRunner.java:306)
  at org.junit.runners.BlockJUnit4ClassRunner$1.evaluate(BlockJUnit4ClassRunner.java:100)
  at org.junit.runners.ParentRunner.runLeaf(ParentRunner.java:366)
  at org.junit.runners.BlockJUnit4ClassRunner.runChild(BlockJUnit4ClassRunner.java:103)
  at org.junit.runners.BlockJUnit4ClassRunner.runChild(BlockJUnit4ClassRunner.java:63)
  at org.junit.runners.ParentRunner$4.run(ParentRunner.java:331)
  at org.junit.runners.ParentRunner$1.schedule(ParentRunner.java:79)
  at org.junit.runners.ParentRunner.runChildren(ParentRunner.java:329)
  at org.junit.runners.ParentRunner.access$100(ParentRunner.java:66)
  at org.junit.runners.ParentRunner$2.evaluate(ParentRunner.java:293)
  at org.junit.runners.ParentRunner$3.evaluate(ParentRunner.java:306)
  at org.junit.runners.ParentRunner.run(ParentRunner.java:413)
  at org.junit.runner.JUnitCore.run(JUnitCore.java:137)
  at org.junit.runner.JUnitCore.run(JUnitCore.java:115)
  at org.gradle.api.internal.tasks.testing.junit.JUnitTestExecutor.runRequest(JUnitTestExecutor.java:175)
  at org.gradle.api.internal.tasks.testing.junit.JUnitTestExecutor.accept(JUnitTestExecutor.java:84)
  at org.gradle.api.internal.tasks.testing.junit.JUnitTestExecutor.accept(JUnitTestExecutor.java:47)
  at org.gradle.api.internal.tasks.testing.junit.AbstractJUnitTestDefinitionProcessor.processTestDefinition(AbstractJUnitTestDefinitionProcessor.java:65)
  at org.gradle.api.internal.tasks.testing.SuiteTestDefinitionProcessor.processTestDefinition(SuiteTestDefinitionProcessor.java:54)
  at java.base/jdk.internal.reflect.DirectMethodHandleAccessor.invoke(DirectMethodHandleAccessor.java:104)
  at java.base/java.lang.reflect.Method.invoke(Method.java:565)
  at org.gradle.internal.dispatch.MethodInvocation.invokeOn(MethodInvocation.java:77)
  at org.gradle.internal.dispatch.ReflectionDispatch.dispatch(ReflectionDispatch.java:28)
  at org.gradle.internal.dispatch.ReflectionDispatch.dispatch(ReflectionDispatch.java:19)
  at org.gradle.internal.dispatch.ContextClassLoaderDispatch.dispatch(ContextClassLoaderDispatch.java:33)
  at org.gradle.internal.dispatch.ProxyDispatchAdapter$DispatchingInvocationHandler.invoke(ProxyDispatchAdapter.java:88)
  at jdk.proxy1/jdk.proxy1.$Proxy4.processTestDefinition(Unknown Source)
  at org.gradle.api.internal.tasks.testing.worker.TestWorker$2.run(TestWorker.java:178)
  at org.gradle.api.internal.tasks.testing.worker.TestWorker.executeAndMaintainThreadName(TestWorker.java:126)
  at org.gradle.api.internal.tasks.testing.worker.TestWorker.execute(TestWorker.java:103)
  at org.gradle.api.internal.tasks.testing.worker.TestWorker.execute(TestWorker.java:63)
  at org.gradle.process.internal.worker.child.ActionExecutionWorker.execute(ActionExecutionWorker.java:56)
  at org.gradle.process.internal.worker.child.SystemApplicationClassLoaderWorker.call(SystemApplicationClassLoaderWorker.java:122)
  at org.gradle.process.internal.worker.child.SystemApplicationClassLoaderWorker.call(SystemApplicationClassLoaderWorker.java:72)
  at worker.org.gradle.process.internal.worker.GradleWorkerMain.run(GradleWorkerMain.java:69)
  at worker.org.gradle.process.internal.worker.GradleWorkerMain.main(GradleWorkerMain.java:74)
</stacktrace>
</test-failure>


TypeScriptCompilerTests_A[jvm] > assignmentCompatability21_ts has expected errors matching assignmentCompatability21_errors_txt[jvm] FAILED

<test-failure test="com.xemantic.typescript.compiler.TypeScriptCompilerTests_A.assignmentCompatability25_ts has expected errors matching assignmentCompatability25_errors_txt" platform="jvm">
<message>
Expected diagnostics from baseline typescript-repo/tests/baselines/reference/assignmentCompatability25.errors.txt but none produced
</message>
<stacktrace>
  at com.xemantic.typescript.compiler.TypeScriptTestSupportKt.errorsMatchBaseline(TypeScriptTestSupport.kt:125)
  at com.xemantic.typescript.compiler.TypeScriptCompilerTests_A.assignmentCompatability25_ts has expected errors matching assignmentCompatability25_errors_txt(TypeScriptCompilerTests_A.kt:3465)
  at java.base/jdk.internal.reflect.DirectMethodHandleAccessor.invoke(DirectMethodHandleAccessor.java:104)
  at java.base/java.lang.reflect.Method.invoke(Method.java:565)
  at org.junit.runners.model.FrameworkMethod$1.runReflectiveCall(FrameworkMethod.java:59)
  at org.junit.internal.runners.model.ReflectiveCallable.run(ReflectiveCallable.java:12)
  at org.junit.runners.model.FrameworkMethod.invokeExplosively(FrameworkMethod.java:56)
  at org.junit.internal.runners.statements.InvokeMethod.evaluate(InvokeMethod.java:17)
  at org.junit.runners.ParentRunner$3.evaluate(ParentRunner.java:306)
  at org.junit.runners.BlockJUnit4ClassRunner$1.evaluate(BlockJUnit4ClassRunner.java:100)
  at org.junit.runners.ParentRunner.runLeaf(ParentRunner.java:366)
  at org.junit.runners.BlockJUnit4ClassRunner.runChild(BlockJUnit4ClassRunner.java:103)
  at org.junit.runners.BlockJUnit4ClassRunner.runChild(BlockJUnit4ClassRunner.java:63)
  at org.junit.runners.ParentRunner$4.run(ParentRunner.java:331)
  at org.junit.runners.ParentRunner$1.schedule(ParentRunner.java:79)
  at org.junit.runners.ParentRunner.runChildren(ParentRunner.java:329)
  at org.junit.runners.ParentRunner.access$100(ParentRunner.java:66)
  at org.junit.runners.ParentRunner$2.evaluate(ParentRunner.java:293)
  at org.junit.runners.ParentRunner$3.evaluate(ParentRunner.java:306)
  at org.junit.runners.ParentRunner.run(ParentRunner.java:413)
  at org.junit.runner.JUnitCore.run(JUnitCore.java:137)
  at org.junit.runner.JUnitCore.run(JUnitCore.java:115)
  at org.gradle.api.internal.tasks.testing.junit.JUnitTestExecutor.runRequest(JUnitTestExecutor.java:175)
  at org.gradle.api.internal.tasks.testing.junit.JUnitTestExecutor.accept(JUnitTestExecutor.java:84)
  at org.gradle.api.internal.tasks.testing.junit.JUnitTestExecutor.accept(JUnitTestExecutor.java:47)
  at org.gradle.api.internal.tasks.testing.junit.AbstractJUnitTestDefinitionProcessor.processTestDefinition(AbstractJUnitTestDefinitionProcessor.java:65)
  at org.gradle.api.internal.tasks.testing.SuiteTestDefinitionProcessor.processTestDefinition(SuiteTestDefinitionProcessor.java:54)
  at java.base/jdk.internal.reflect.DirectMethodHandleAccessor.invoke(DirectMethodHandleAccessor.java:104)
  at java.base/java.lang.reflect.Method.invoke(Method.java:565)
  at org.gradle.internal.dispatch.MethodInvocation.invokeOn(MethodInvocation.java:77)
  at org.gradle.internal.dispatch.ReflectionDispatch.dispatch(ReflectionDispatch.java:28)
  at org.gradle.internal.dispatch.ReflectionDispatch.dispatch(ReflectionDispatch.java:19)
  at org.gradle.internal.dispatch.ContextClassLoaderDispatch.dispatch(ContextClassLoaderDispatch.java:33)
  at org.gradle.internal.dispatch.ProxyDispatchAdapter$DispatchingInvocationHandler.invoke(ProxyDispatchAdapter.java:88)
  at jdk.proxy1/jdk.proxy1.$Proxy4.processTestDefinition(Unknown Source)
  at org.gradle.api.internal.tasks.testing.worker.TestWorker$2.run(TestWorker.java:178)
  at org.gradle.api.internal.tasks.testing.worker.TestWorker.executeAndMaintainThreadName(TestWorker.java:126)
  at org.gradle.api.internal.tasks.testing.worker.TestWorker.execute(TestWorker.java:103)
  at org.gradle.api.internal.tasks.testing.worker.TestWorker.execute(TestWorker.java:63)
  at org.gradle.process.internal.worker.child.ActionExecutionWorker.execute(ActionExecutionWorker.java:56)
  at org.gradle.process.internal.worker.child.SystemApplicationClassLoaderWorker.call(SystemApplicationClassLoaderWorker.java:122)
  at org.gradle.process.internal.worker.child.SystemApplicationClassLoaderWorker.call(SystemApplicationClassLoaderWorker.java:72)
  at worker.org.gradle.process.internal.worker.GradleWorkerMain.run(GradleWorkerMain.java:69)
  at worker.org.gradle.process.internal.worker.GradleWorkerMain.main(GradleWorkerMain.java:74)
</stacktrace>
</test-failure>


TypeScriptCompilerTests_A[jvm] > assignmentCompatability25_ts has expected errors matching assignmentCompatability25_errors_txt[jvm] FAILED

<test-failure test="com.xemantic.typescript.compiler.TypeScriptCompilerTests_A.arrayBestCommonTypes_ts has expected errors matching arrayBestCommonTypes_errors_txt" platform="jvm">
<message>
--- expected
+++ actual
@@ -1,100 +0,0 @@
-arrayBestCommonTypes.ts(16,37): error TS2769: No overload matches this call.
-  Overload 1 of 3, '(x: boolean, y?: boolean | undefined): number', gave the following error.
-    Argument of type 'number | undefined' is not assignable to parameter of type 'boolean'.
-      Type 'undefined' is not assignable to type 'boolean'.
-  Overload 2 of 3, '(x: string, y?: boolean | undefined): number', gave the following error.
-    Argument of type 'number | undefined' is not assignable to parameter of type 'string'.
-      Type 'undefined' is not assignable to type 'string'.
-  Overload 3 of 3, '(x: number, y?: boolean | undefined): number', gave the following error.
-    Argument of type 'number | undefined' is not assignable to parameter of type 'number'.
-      Type 'undefined' is not assignable to type 'number'.
-arrayBestCommonTypes.ts(17,37): error TS2769: No overload matches this call.
-  Overload 1 of 3, '(x: boolean, y?: boolean | undefined): number', gave the following error.
-    Argument of type 'number | undefined' is not assignable to parameter of type 'boolean'.
-      Type 'undefined' is not assignable to type 'boolean'.
-  Overload 2 of 3, '(x: string, y?: boolean | undefined): number', gave the following error.
-    Argument of type 'number | undefined' is not assignable to parameter of type 'string'.
-      Type 'undefined' is not assignable to type 'string'.
-  Overload 3 of 3, '(x: number, y?: boolean | undefined): number', gave the following error.
-    Argument of type 'number | undefined' is not assignable to parameter of type 'number'.
-      Type 'undefined' is not assignable to type 'number'.
-arrayBestCommonTypes.ts(18,37): error TS2769: No overload matches this call.
-  Overload 1 of 3, '(x: boolean, y?: boolean | undefined): number', gave the following error.
-    Argument of type 'number | null' is not assignable to parameter of type 'boolean'.
-      Type 'null' is not assignable to type 'boolean'.
-  Overload 2 of 3, '(x: string, y?: boolean | undefined): number', gave the following error.
-    Argument of type 'number | null' is not assignable to parameter of type 'string'.
-      Type 'null' is not assignable to type 'string'.
-  Overload 3 of 3, '(x: number, y?: boolean | undefined): number', gave the following error.
-    Argument of type 'number | null' is not assignable to parameter of type 'number'.
-      Type 'null' is not assignable to type 'number'.
-arrayBestCommonTypes.ts(19,37): error TS2769: No overload matches this call.
-  Overload 1 of 3, '(x: boolean, y?: boolean | undefined): number', gave the following error.
-    Argument of type 'number | null' is not assignable to parameter of type 'boolean'.
-      Type 'null' is not assignable to type 'boolean'.
-  Overload 2 of 3, '(x: string, y?: boolean | undefined): number', gave the following error.
-    Argument of type 'number | null' is not assignable to parameter of type 'string'.
-      Type 'null' is not assignable to type 'string'.
-  Overload 3 of 3, '(x: number, y?: boolean | undefined): number', gave the following error.
-    Argument of type 'number | null' is not assignable to parameter of type 'number'.
-      Type 'null' is not assignable to type 'number'.
-arrayBestCommonTypes.ts(20,37): error TS2769: No overload matches this call.
-  Overload 1 of 3, '(x: boolean, y?: boolean | undefined): number', gave the following error.
-    Argument of type 'number | null | undefined' is not assignable to parameter of type 'boolean'.
-      Type 'undefined' is not assignable to type 'boolean'.
-  Overload 2 of 3, '(x: string, y?: boolean | undefined): number', gave the following error.
-    Argument of type 'number | null | undefined' is not assignable to parameter of type 'string'.
-      Type 'undefined' is not assignable to type 'string'.
-  Overload 3 of 3, '(x: number, y?: boolean | undefined): number', gave the following error.
-    Argument of type 'number | null | undefined' is not assignable to parameter of type 'number'.
-      Type 'undefined' is not assignable to type 'number'.
-arrayBestCommonTypes.ts(23,37): error TS2769: No overload matches this call.
-  Overload 1 of 3, '(x: boolean, y?: boolean | undefined): number', gave the following error.
-    Argument of type 'string | undefined' is not assignable to parameter of type 'boolean'.
-      Type 'undefined' is not assignable to type 'boolean'.
-  Overload 2 of 3, '(x: string, y?: boolean | undefined): number', gave the following error.
-    Argument of type 'string | undefined' is not assignable to parameter of type 'string'.
-      Type 'undefined' is not assignable to type 'string'.
-  Overload 3 of 3, '(x: number, y?: boolean | undefined): number', gave the following error.
-    Argument of type 'string | undefined' is not assignable to parameter of type 'number'.
-      Type 'undefined' is not assignable to type 'number'.
-arrayBestCommonTypes.ts(24,37): error TS2769: No overload matches this call.
-  Overload 1 of 3, '(x: boolean, y?: boolean | undefined): number', gave the following error.
-    Argument of type 'string | undefined' is not assignable to parameter of type 'boolean'.
-      Type 'undefined' is not assignable to type 'boolean'.
-  Overload 2 of 3, '(x: string, y?: boolean | undefined): number', gave the following error.
-    Argument of type 'string | undefined' is not assignable to parameter of type 'string'.
-      Type 'undefined' is not assignable to type 'string'.
-  Overload 3 of 3, '(x: number, y?: boolean | undefined): number', gave the following error.
-    Argument of type 'string | undefined' is not assignable to parameter of type 'number'.
-      Type 'undefined' is not assignable to type 'number'.
-arrayBestCommonTypes.ts(25,37): error TS2769: No overload matches this call.
-  Overload 1 of 3, '(x: boolean, y?: boolean | undefined): number', gave the following error.
-    Argument of type 'string | null' is not assignable to parameter of type 'boolean'.
-      Type 'null' is not assignable to type 'boolean'.
-  Overload 2 of 3, '(x: string, y?: boolean | undefined): number', gave the following error.
-    Argument of type 'string | null' is not assignable to parameter of type 'string'.
-      Type 'null' is not assignable to type 'string'.
-  Overload 3 of 3, '(x: number, y?: boolean | undefined): number', gave the following error.
-    Argument of type 'string | null' is not assignable to parameter of type 'number'.
-      Type 'null' is not assignable to type 'number'.
-arrayBestCommonTypes.ts(26,37): error TS2769: No overload matches this call.
-  Overload 1 of 3, '(x: boolean, y?: boolean | undefined): number', gave the following error.
-    Argument of type 'string | null' is not assignable to parameter of type 'boolean'.
-      Type 'null' is not assignable to type 'boolean'.
-  Overload 2 of 3, '(x: string, y?: boolean | undefined): number', gave the following error.
-    Argument of type 'string | null' is not assignable to parameter of type 'string'.
-      Type 'null' is not assignable to type 'string'.
-  Overload 3 of 3, '(x: number, y?: boolean | undefined): number', gave the following error.
-    Argument of type 'string | null' is not assignable to parameter of type 'number'.
-      Type 'null' is not assignable to type 'number'.
-arrayBestCommonTypes.ts(27,37): error TS2769: No overload matches this call.
-  Overload 1 of 3, '(x: boolean, y?: boolean | undefined): number', gave the following error.
-    Argument of type 'string | null | undefined' is not assignable to parameter of type 'boolean'.
-      Type 'undefined' is not assignable to type 'boolean'.
-  Overload 2 of 3, '(x: string, y?: boolean | undefined): number', gave the following error.
-    Argument of type 'string | null | undefined' is not assignable to parameter of type 'string'.
-      Type 'undefined' is not assignable to type 'string'.
-  Overload 3 of 3, '(x: number, y?: boolean | undefined): number', gave the following error.
-    Argument of type 'string | null | undefined' is not assignable to parameter of type 'number'.
-      Type 'undefined' is not assignable to type 'number'.

Diff truncated: more than 100 lines changed

Expected: 621 lines
Actual: 129 lines

The differences are too extensive to show in unified diff format.
Consider comparing smaller sections or reviewing the strings directly.

</message>
<stacktrace>
  at org.junit.Assert.fail(Assert.java:89)
  at kotlin.test.junit.JUnitAsserter.fail(JUnitSupport.kt:56)
  at kotlin.test.AssertionsKt__AssertionsKt.fail(Assertions.kt:563)
  at kotlin.test.AssertionsKt.fail(Unknown Source)
  at com.xemantic.kotlin.test.SameAsKt.sameAs(SameAs.kt:52)
  at com.xemantic.typescript.compiler.TypeScriptTestSupportKt.errorsMatchBaseline(TypeScriptTestSupport.kt:135)
  at com.xemantic.typescript.compiler.TypeScriptCompilerTests_A.arrayBestCommonTypes_ts has expected errors matching arrayBestCommonTypes_errors_txt(TypeScriptCompilerTests_A.kt:2268)
  at java.base/jdk.internal.reflect.DirectMethodHandleAccessor.invoke(DirectMethodHandleAccessor.java:104)
  at java.base/java.lang.reflect.Method.invoke(Method.java:565)
  at org.junit.runners.model.FrameworkMethod$1.runReflectiveCall(FrameworkMethod.java:59)
  at org.junit.internal.runners.model.ReflectiveCallable.run(ReflectiveCallable.java:12)
  at org.junit.runners.model.FrameworkMethod.invokeExplosively(FrameworkMethod.java:56)
  at org.junit.internal.runners.statements.InvokeMethod.evaluate(InvokeMethod.java:17)
  at org.junit.runners.ParentRunner$3.evaluate(ParentRunner.java:306)
  at org.junit.runners.BlockJUnit4ClassRunner$1.evaluate(BlockJUnit4ClassRunner.java:100)
  at org.junit.runners.ParentRunner.runLeaf(ParentRunner.java:366)
  at org.junit.runners.BlockJUnit4ClassRunner.runChild(BlockJUnit4ClassRunner.java:103)
  at org.junit.runners.BlockJUnit4ClassRunner.runChild(BlockJUnit4ClassRunner.java:63)
  at org.junit.runners.ParentRunner$4.run(ParentRunner.java:331)
  at org.junit.runners.ParentRunner$1.schedule(ParentRunner.java:79)
  at org.junit.runners.ParentRunner.runChildren(ParentRunner.java:329)
  at org.junit.runners.ParentRunner.access$100(ParentRunner.java:66)
  at org.junit.runners.ParentRunner$2.evaluate(ParentRunner.java:293)
  at org.junit.runners.ParentRunner$3.evaluate(ParentRunner.java:306)
  at org.junit.runners.ParentRunner.run(ParentRunner.java:413)
  at org.junit.runner.JUnitCore.run(JUnitCore.java:137)
  at org.junit.runner.JUnitCore.run(JUnitCore.java:115)
  at org.gradle.api.internal.tasks.testing.junit.JUnitTestExecutor.runRequest(JUnitTestExecutor.java:175)
  at org.gradle.api.internal.tasks.testing.junit.JUnitTestExecutor.accept(JUnitTestExecutor.java:84)
  at org.gradle.api.internal.tasks.testing.junit.JUnitTestExecutor.accept(JUnitTestExecutor.java:47)
  at org.gradle.api.internal.tasks.testing.junit.AbstractJUnitTestDefinitionProcessor.processTestDefinition(AbstractJUnitTestDefinitionProcessor.java:65)
  at org.gradle.api.internal.tasks.testing.SuiteTestDefinitionProcessor.processTestDefinition(SuiteTestDefinitionProcessor.java:54)
  at java.base/jdk.internal.reflect.DirectMethodHandleAccessor.invoke(DirectMethodHandleAccessor.java:104)
  at java.base/java.lang.reflect.Method.invoke(Method.java:565)
  at org.gradle.internal.dispatch.MethodInvocation.invokeOn(MethodInvocation.java:77)
  at org.gradle.internal.dispatch.ReflectionDispatch.dispatch(ReflectionDispatch.java:28)
  at org.gradle.internal.dispatch.ReflectionDispatch.dispatch(ReflectionDispatch.java:19)
  at org.gradle.internal.dispatch.ContextClassLoaderDispatch.dispatch(ContextClassLoaderDispatch.java:33)
  at org.gradle.internal.dispatch.ProxyDispatchAdapter$DispatchingInvocationHandler.invoke(ProxyDispatchAdapter.java:88)
  at jdk.proxy1/jdk.proxy1.$Proxy4.processTestDefinition(Unknown Source)
  at org.gradle.api.internal.tasks.testing.worker.TestWorker$2.run(TestWorker.java:178)
  at org.gradle.api.internal.tasks.testing.worker.TestWorker.executeAndMaintainThreadName(TestWorker.java:126)
  at org.gradle.api.internal.tasks.testing.worker.TestWorker.execute(TestWorker.java:103)
  at org.gradle.api.internal.tasks.testing.worker.TestWorker.execute(TestWorker.java:63)
  at org.gradle.process.internal.worker.child.ActionExecutionWorker.execute(ActionExecutionWorker.java:56)
  at org.gradle.process.internal.worker.child.SystemApplicationClassLoaderWorker.call(SystemApplicationClassLoaderWorker.java:122)
  at org.gradle.process.internal.worker.child.SystemApplicationClassLoaderWorker.call(SystemApplicationClassLoaderWorker.java:72)
  at worker.org.gradle.process.internal.worker.GradleWorkerMain.run(GradleWorkerMain.java:69)
  at worker.org.gradle.process.internal.worker.GradleWorkerMain.main(GradleWorkerMain.java:74)
</stacktrace>
</test-failure>


TypeScriptCompilerTests_A[jvm] > arrayBestCommonTypes_ts has expected errors matching arrayBestCommonTypes_errors_txt[jvm] FAILED

<test-failure test="com.xemantic.typescript.compiler.TypeScriptCompilerTests_A.assignmentCompatability29_ts has expected errors matching assignmentCompatability29_errors_txt" platform="jvm">
<message>
Expected diagnostics from baseline typescript-repo/tests/baselines/reference/assignmentCompatability29.errors.txt but none produced
</message>
<stacktrace>
  at com.xemantic.typescript.compiler.TypeScriptTestSupportKt.errorsMatchBaseline(TypeScriptTestSupport.kt:125)
  at com.xemantic.typescript.compiler.TypeScriptCompilerTests_A.assignmentCompatability29_ts has expected errors matching assignmentCompatability29_errors_txt(TypeScriptCompilerTests_A.kt:3521)
  at java.base/jdk.internal.reflect.DirectMethodHandleAccessor.invoke(DirectMethodHandleAccessor.java:104)
  at java.base/java.lang.reflect.Method.invoke(Method.java:565)
  at org.junit.runners.model.FrameworkMethod$1.runReflectiveCall(FrameworkMethod.java:59)
  at org.junit.internal.runners.model.ReflectiveCallable.run(ReflectiveCallable.java:12)
  at org.junit.runners.model.FrameworkMethod.invokeExplosively(FrameworkMethod.java:56)
  at org.junit.internal.runners.statements.InvokeMethod.evaluate(InvokeMethod.java:17)
  at org.junit.runners.ParentRunner$3.evaluate(ParentRunner.java:306)
  at org.junit.runners.BlockJUnit4ClassRunner$1.evaluate(BlockJUnit4ClassRunner.java:100)
  at org.junit.runners.ParentRunner.runLeaf(ParentRunner.java:366)
  at org.junit.runners.BlockJUnit4ClassRunner.runChild(BlockJUnit4ClassRunner.java:103)
  at org.junit.runners.BlockJUnit4ClassRunner.runChild(BlockJUnit4ClassRunner.java:63)
  at org.junit.runners.ParentRunner$4.run(ParentRunner.java:331)
  at org.junit.runners.ParentRunner$1.schedule(ParentRunner.java:79)
  at org.junit.runners.ParentRunner.runChildren(ParentRunner.java:329)
  at org.junit.runners.ParentRunner.access$100(ParentRunner.java:66)
  at org.junit.runners.ParentRunner$2.evaluate(ParentRunner.java:293)
  at org.junit.runners.ParentRunner$3.evaluate(ParentRunner.java:306)
  at org.junit.runners.ParentRunner.run(ParentRunner.java:413)
  at org.junit.runner.JUnitCore.run(JUnitCore.java:137)
  at org.junit.runner.JUnitCore.run(JUnitCore.java:115)
  at org.gradle.api.internal.tasks.testing.junit.JUnitTestExecutor.runRequest(JUnitTestExecutor.java:175)
  at org.gradle.api.internal.tasks.testing.junit.JUnitTestExecutor.accept(JUnitTestExecutor.java:84)
  at org.gradle.api.internal.tasks.testing.junit.JUnitTestExecutor.accept(JUnitTestExecutor.java:47)
  at org.gradle.api.internal.tasks.testing.junit.AbstractJUnitTestDefinitionProcessor.processTestDefinition(AbstractJUnitTestDefinitionProcessor.java:65)
  at org.gradle.api.internal.tasks.testing.SuiteTestDefinitionProcessor.processTestDefinition(SuiteTestDefinitionProcessor.java:54)
  at java.base/jdk.internal.reflect.DirectMethodHandleAccessor.invoke(DirectMethodHandleAccessor.java:104)
  at java.base/java.lang.reflect.Method.invoke(Method.java:565)
  at org.gradle.internal.dispatch.MethodInvocation.invokeOn(MethodInvocation.java:77)
  at org.gradle.internal.dispatch.ReflectionDispatch.dispatch(ReflectionDispatch.java:28)
  at org.gradle.internal.dispatch.ReflectionDispatch.dispatch(ReflectionDispatch.java:19)
  at org.gradle.internal.dispatch.ContextClassLoaderDispatch.dispatch(ContextClassLoaderDispatch.java:33)
  at org.gradle.internal.dispatch.ProxyDispatchAdapter$DispatchingInvocationHandler.invoke(ProxyDispatchAdapter.java:88)
  at jdk.proxy1/jdk.proxy1.$Proxy4.processTestDefinition(Unknown Source)
  at org.gradle.api.internal.tasks.testing.worker.TestWorker$2.run(TestWorker.java:178)
  at org.gradle.api.internal.tasks.testing.worker.TestWorker.executeAndMaintainThreadName(TestWorker.java:126)
  at org.gradle.api.internal.tasks.testing.worker.TestWorker.execute(TestWorker.java:103)
  at org.gradle.api.internal.tasks.testing.worker.TestWorker.execute(TestWorker.java:63)
  at org.gradle.process.internal.worker.child.ActionExecutionWorker.execute(ActionExecutionWorker.java:56)
  at org.gradle.process.internal.worker.child.SystemApplicationClassLoaderWorker.call(SystemApplicationClassLoaderWorker.java:122)
  at org.gradle.process.internal.worker.child.SystemApplicationClassLoaderWorker.call(SystemApplicationClassLoaderWorker.java:72)
  at worker.org.gradle.process.internal.worker.GradleWorkerMain.run(GradleWorkerMain.java:69)
  at worker.org.gradle.process.internal.worker.GradleWorkerMain.main(GradleWorkerMain.java:74)
</stacktrace>
</test-failure>


TypeScriptCompilerTests_A[jvm] > assignmentCompatability29_ts has expected errors matching assignmentCompatability29_errors_txt[jvm] FAILED

<test-failure test="com.xemantic.typescript.compiler.TypeScriptCompilerTests_A.assignmentToReferenceTypes_ts has expected errors matching assignmentToReferenceTypes_errors_txt" platform="jvm">
<message>
--- expected
+++ actual
@@ -1,17 +1,12 @@
-assignmentToReferenceTypes.ts(5,1): error TS2708: Cannot use namespace 'M' as a value.
 assignmentToReferenceTypes.ts(9,1): error TS2629: Cannot assign to 'C' because it is a class.
-assignmentToReferenceTypes.ts(13,1): error TS2628: Cannot assign to 'E' because it is an enum.
-assignmentToReferenceTypes.ts(16,1): error TS2630: Cannot assign to 'f' because it is a function.
 
 
-==== assignmentToReferenceTypes.ts (4 errors) ====
+==== assignmentToReferenceTypes.ts (1 errors) ====
     // Should all be allowed
     
     namespace M {
     }
     M = null;
-    ~
-!!! error TS2708: Cannot use namespace 'M' as a value.
     
     class C {
     }
@@ -22,13 +17,9 @@
     enum E {
     }
     E = null;
-    ~
-!!! error TS2628: Cannot assign to 'E' because it is an enum.
     
     function f() { }
     f = null;
-    ~
-!!! error TS2630: Cannot assign to 'f' because it is a function.
     
     var x = 1;
     x = null;

</message>
<stacktrace>
  at org.junit.Assert.fail(Assert.java:89)
  at kotlin.test.junit.JUnitAsserter.fail(JUnitSupport.kt:56)
  at kotlin.test.AssertionsKt__AssertionsKt.fail(Assertions.kt:563)
  at kotlin.test.AssertionsKt.fail(Unknown Source)
  at com.xemantic.kotlin.test.SameAsKt.sameAs(SameAs.kt:52)
  at com.xemantic.typescript.compiler.TypeScriptTestSupportKt.errorsMatchBaseline(TypeScriptTestSupport.kt:135)
  at com.xemantic.typescript.compiler.TypeScriptCompilerTests_A.assignmentToReferenceTypes_ts has expected errors matching assignmentToReferenceTypes_errors_txt(TypeScriptCompilerTests_A.kt:4018)
  at java.base/jdk.internal.reflect.DirectMethodHandleAccessor.invoke(DirectMethodHandleAccessor.java:104)
  at java.base/java.lang.reflect.Method.invoke(Method.java:565)
  at org.junit.runners.model.FrameworkMethod$1.runReflectiveCall(FrameworkMethod.java:59)
  at org.junit.internal.runners.model.ReflectiveCallable.run(ReflectiveCallable.java:12)
  at org.junit.runners.model.FrameworkMethod.invokeExplosively(FrameworkMethod.java:56)
  at org.junit.internal.runners.statements.InvokeMethod.evaluate(InvokeMethod.java:17)
  at org.junit.runners.ParentRunner$3.evaluate(ParentRunner.java:306)
  at org.junit.runners.BlockJUnit4ClassRunner$1.evaluate(BlockJUnit4ClassRunner.java:100)
  at org.junit.runners.ParentRunner.runLeaf(ParentRunner.java:366)
  at org.junit.runners.BlockJUnit4ClassRunner.runChild(BlockJUnit4ClassRunner.java:103)
  at org.junit.runners.BlockJUnit4ClassRunner.runChild(BlockJUnit4ClassRunner.java:63)
  at org.junit.runners.ParentRunner$4.run(ParentRunner.java:331)
  at org.junit.runners.ParentRunner$1.schedule(ParentRunner.java:79)
  at org.junit.runners.ParentRunner.runChildren(ParentRunner.java:329)
  at org.junit.runners.ParentRunner.access$100(ParentRunner.java:66)
  at org.junit.runners.ParentRunner$2.evaluate(ParentRunner.java:293)
  at org.junit.runners.ParentRunner$3.evaluate(ParentRunner.java:306)
  at org.junit.runners.ParentRunner.run(ParentRunner.java:413)
  at org.junit.runner.JUnitCore.run(JUnitCore.java:137)
  at org.junit.runner.JUnitCore.run(JUnitCore.java:115)
  at org.gradle.api.internal.tasks.testing.junit.JUnitTestExecutor.runRequest(JUnitTestExecutor.java:175)
  at org.gradle.api.internal.tasks.testing.junit.JUnitTestExecutor.accept(JUnitTestExecutor.java:84)
  at org.gradle.api.internal.tasks.testing.junit.JUnitTestExecutor.accept(JUnitTestExecutor.java:47)
  at org.gradle.api.internal.tasks.testing.junit.AbstractJUnitTestDefinitionProcessor.processTestDefinition(AbstractJUnitTestDefinitionProcessor.java:65)
  at org.gradle.api.internal.tasks.testing.SuiteTestDefinitionProcessor.processTestDefinition(SuiteTestDefinitionProcessor.java:54)
  at java.base/jdk.internal.reflect.DirectMethodHandleAccessor.invoke(DirectMethodHandleAccessor.java:104)
  at java.base/java.lang.reflect.Method.invoke(Method.java:565)
  at org.gradle.internal.dispatch.MethodInvocation.invokeOn(MethodInvocation.java:77)
  at org.gradle.internal.dispatch.ReflectionDispatch.dispatch(ReflectionDispatch.java:28)
  at org.gradle.internal.dispatch.ReflectionDispatch.dispatch(ReflectionDispatch.java:19)
  at org.gradle.internal.dispatch.ContextClassLoaderDispatch.dispatch(ContextClassLoaderDispatch.java:33)
  at org.gradle.internal.dispatch.ProxyDispatchAdapter$DispatchingInvocationHandler.invoke(ProxyDispatchAdapter.java:88)
  at jdk.proxy1/jdk.proxy1.$Proxy4.processTestDefinition(Unknown Source)
  at org.gradle.api.internal.tasks.testing.worker.TestWorker$2.run(TestWorker.java:178)
  at org.gradle.api.internal.tasks.testing.worker.TestWorker.executeAndMaintainThreadName(TestWorker.java:126)
  at org.gradle.api.internal.tasks.testing.worker.TestWorker.execute(TestWorker.java:103)
  at org.gradle.api.internal.tasks.testing.worker.TestWorker.execute(TestWorker.java:63)
  at org.gradle.process.internal.worker.child.ActionExecutionWorker.execute(ActionExecutionWorker.java:56)
  at org.gradle.process.internal.worker.child.SystemApplicationClassLoaderWorker.call(SystemApplicationClassLoaderWorker.java:122)
  at org.gradle.process.internal.worker.child.SystemApplicationClassLoaderWorker.call(SystemApplicationClassLoaderWorker.java:72)
  at worker.org.gradle.process.internal.worker.GradleWorkerMain.run(GradleWorkerMain.java:69)
  at worker.org.gradle.process.internal.worker.GradleWorkerMain.main(GradleWorkerMain.java:74)
</stacktrace>
</test-failure>


TypeScriptCompilerTests_A[jvm] > assignmentToReferenceTypes_ts has expected errors matching assignmentToReferenceTypes_errors_txt[jvm] FAILED

<test-failure test="com.xemantic.typescript.compiler.TypeScriptCompilerTests_A.assignmentCompatability_checking-call-member-off-of-function-interface_ts has expected errors matching assignmentCompatability_checking-call-member-off-of-function-interface_errors_txt" platform="jvm">
<message>
Expected diagnostics from baseline typescript-repo/tests/baselines/reference/assignmentCompatability_checking-call-member-off-of-function-interface.errors.txt but none produced
</message>
<stacktrace>
  at com.xemantic.typescript.compiler.TypeScriptTestSupportKt.errorsMatchBaseline(TypeScriptTestSupport.kt:125)
  at com.xemantic.typescript.compiler.TypeScriptCompilerTests_A.assignmentCompatability_checking-call-member-off-of-function-interface_ts has expected errors matching assignmentCompatability_checking-call-member-off-of-function-interface_errors_txt(TypeScriptCompilerTests_A.kt:3843)
  at java.base/jdk.internal.reflect.DirectMethodHandleAccessor.invoke(DirectMethodHandleAccessor.java:104)
  at java.base/java.lang.reflect.Method.invoke(Method.java:565)
  at org.junit.runners.model.FrameworkMethod$1.runReflectiveCall(FrameworkMethod.java:59)
  at org.junit.internal.runners.model.ReflectiveCallable.run(ReflectiveCallable.java:12)
  at org.junit.runners.model.FrameworkMethod.invokeExplosively(FrameworkMethod.java:56)
  at org.junit.internal.runners.statements.InvokeMethod.evaluate(InvokeMethod.java:17)
  at org.junit.runners.ParentRunner$3.evaluate(ParentRunner.java:306)
  at org.junit.runners.BlockJUnit4ClassRunner$1.evaluate(BlockJUnit4ClassRunner.java:100)
  at org.junit.runners.ParentRunner.runLeaf(ParentRunner.java:366)
  at org.junit.runners.BlockJUnit4ClassRunner.runChild(BlockJUnit4ClassRunner.java:103)
  at org.junit.runners.BlockJUnit4ClassRunner.runChild(BlockJUnit4ClassRunner.java:63)
  at org.junit.runners.ParentRunner$4.run(ParentRunner.java:331)
  at org.junit.runners.ParentRunner$1.schedule(ParentRunner.java:79)
  at org.junit.runners.ParentRunner.runChildren(ParentRunner.java:329)
  at org.junit.runners.ParentRunner.access$100(ParentRunner.java:66)
  at org.junit.runners.ParentRunner$2.evaluate(ParentRunner.java:293)
  at org.junit.runners.ParentRunner$3.evaluate(ParentRunner.java:306)
  at org.junit.runners.ParentRunner.run(ParentRunner.java:413)
  at org.junit.runner.JUnitCore.run(JUnitCore.java:137)
  at org.junit.runner.JUnitCore.run(JUnitCore.java:115)
  at org.gradle.api.internal.tasks.testing.junit.JUnitTestExecutor.runRequest(JUnitTestExecutor.java:175)
  at org.gradle.api.internal.tasks.testing.junit.JUnitTestExecutor.accept(JUnitTestExecutor.java:84)
  at org.gradle.api.internal.tasks.testing.junit.JUnitTestExecutor.accept(JUnitTestExecutor.java:47)
  at org.gradle.api.internal.tasks.testing.junit.AbstractJUnitTestDefinitionProcessor.processTestDefinition(AbstractJUnitTestDefinitionProcessor.java:65)
  at org.gradle.api.internal.tasks.testing.SuiteTestDefinitionProcessor.processTestDefinition(SuiteTestDefinitionProcessor.java:54)
  at java.base/jdk.internal.reflect.DirectMethodHandleAccessor.invoke(DirectMethodHandleAccessor.java:104)
  at java.base/java.lang.reflect.Method.invoke(Method.java:565)
  at org.gradle.internal.dispatch.MethodInvocation.invokeOn(MethodInvocation.java:77)
  at org.gradle.internal.dispatch.ReflectionDispatch.dispatch(ReflectionDispatch.java:28)
  at org.gradle.internal.dispatch.ReflectionDispatch.dispatch(ReflectionDispatch.java:19)
  at org.gradle.internal.dispatch.ContextClassLoaderDispatch.dispatch(ContextClassLoaderDispatch.java:33)
  at org.gradle.internal.dispatch.ProxyDispatchAdapter$DispatchingInvocationHandler.invoke(ProxyDispatchAdapter.java:88)
  at jdk.proxy1/jdk.proxy1.$Proxy4.processTestDefinition(Unknown Source)
  at org.gradle.api.internal.tasks.testing.worker.TestWorker$2.run(TestWorker.java:178)
  at org.gradle.api.internal.tasks.testing.worker.TestWorker.executeAndMaintainThreadName(TestWorker.java:126)
  at org.gradle.api.internal.tasks.testing.worker.TestWorker.execute(TestWorker.java:103)
  at org.gradle.api.internal.tasks.testing.worker.TestWorker.execute(TestWorker.java:63)
  at org.gradle.process.internal.worker.child.ActionExecutionWorker.execute(ActionExecutionWorker.java:56)
  at org.gradle.process.internal.worker.child.SystemApplicationClassLoaderWorker.call(SystemApplicationClassLoaderWorker.java:122)
  at org.gradle.process.internal.worker.child.SystemApplicationClassLoaderWorker.call(SystemApplicationClassLoaderWorker.java:72)
  at worker.org.gradle.process.internal.worker.GradleWorkerMain.run(GradleWorkerMain.java:69)
  at worker.org.gradle.process.internal.worker.GradleWorkerMain.main(GradleWorkerMain.java:74)
</stacktrace>
</test-failure>


TypeScriptCompilerTests_A[jvm] > assignmentCompatability_checking-call-member-off-of-function-interface_ts has expected errors matching assignmentCompatability_checking-call-member-off-of-function-interface_errors_txt[jvm] FAILED

<test-failure test="com.xemantic.typescript.compiler.TypeScriptCompilerTests_A.accessorInAmbientContextES5_ts__target_es2015__compiles to JavaScript matching baseline" platform="jvm">
<message>
--- expected
+++ actual
@@ -31,24 +31,6 @@
 //// [accessorInAmbientContextES5.js]
 "use strict";
 // Should allow accessor in ambient contexts even when targeting ES5
-var __classPrivateFieldGet = (this && this.__classPrivateFieldGet) || function (receiver, state, kind, f) {
-    if (kind === "a" && !f) throw new TypeError("Private accessor was defined without a getter");
-    if (typeof state === "function" ? receiver !== state || !f : !state.has(receiver)) throw new TypeError("Cannot read private member from an object whose class did not declare it");
-    return kind === "m" ? f : kind === "a" ? f.call(receiver) : f ? f.value : state.get(receiver);
-};
-var __classPrivateFieldSet = (this && this.__classPrivateFieldSet) || function (receiver, state, value, kind, f) {
-    if (kind === "m") throw new TypeError("Private method is not writable");
-    if (kind === "a" && !f) throw new TypeError("Private accessor was defined without a setter");
-    if (typeof state === "function" ? receiver !== state || !f : !state.has(receiver)) throw new TypeError("Cannot write private member to an object whose class did not declare it");
-    return (kind === "a" ? f.call(receiver, value) : f ? f.value = value : state.set(receiver, value)), value;
-};
-var _RegularClass_shouldError_accessor_storage;
 // Regular class should still error when targeting ES5
 class RegularClass {
-    constructor() {
-        _RegularClass_shouldError_accessor_storage.set(this, void 0);
-    }
-    get shouldError() { return __classPrivateFieldGet(this, _RegularClass_shouldError_accessor_storage, "f"); } // Should still error
-    set shouldError(value) { __classPrivateFieldSet(this, _RegularClass_shouldError_accessor_storage, value, "f"); }
 }
-_RegularClass_shouldError_accessor_storage = new WeakMap();

</message>
<stacktrace>
  at org.junit.Assert.fail(Assert.java:89)
  at kotlin.test.junit.JUnitAsserter.fail(JUnitSupport.kt:56)
  at kotlin.test.AssertionsKt__AssertionsKt.fail(Assertions.kt:563)
  at kotlin.test.AssertionsKt.fail(Unknown Source)
  at com.xemantic.kotlin.test.SameAsKt.sameAs(SameAs.kt:52)
  at com.xemantic.typescript.compiler.TypeScriptTestSupportKt.sameAs(TypeScriptTestSupport.kt:99)
  at com.xemantic.typescript.compiler.TypeScriptCompilerTests_A.accessorInAmbientContextES5_ts__target_es2015__compiles to JavaScript matching baseline(TypeScriptCompilerTests_A.kt:308)
  at java.base/jdk.internal.reflect.DirectMethodHandleAccessor.invoke(DirectMethodHandleAccessor.java:104)
  at java.base/java.lang.reflect.Method.invoke(Method.java:565)
  at org.junit.runners.model.FrameworkMethod$1.runReflectiveCall(FrameworkMethod.java:59)
  at org.junit.internal.runners.model.ReflectiveCallable.run(ReflectiveCallable.java:12)
  at org.junit.runners.model.FrameworkMethod.invokeExplosively(FrameworkMethod.java:56)
  at org.junit.internal.runners.statements.InvokeMethod.evaluate(InvokeMethod.java:17)
  at org.junit.runners.ParentRunner$3.evaluate(ParentRunner.java:306)
  at org.junit.runners.BlockJUnit4ClassRunner$1.evaluate(BlockJUnit4ClassRunner.java:100)
  at org.junit.runners.ParentRunner.runLeaf(ParentRunner.java:366)
  at org.junit.runners.BlockJUnit4ClassRunner.runChild(BlockJUnit4ClassRunner.java:103)
  at org.junit.runners.BlockJUnit4ClassRunner.runChild(BlockJUnit4ClassRunner.java:63)
  at org.junit.runners.ParentRunner$4.run(ParentRunner.java:331)
  at org.junit.runners.ParentRunner$1.schedule(ParentRunner.java:79)
  at org.junit.runners.ParentRunner.runChildren(ParentRunner.java:329)
  at org.junit.runners.ParentRunner.access$100(ParentRunner.java:66)
  at org.junit.runners.ParentRunner$2.evaluate(ParentRunner.java:293)
  at org.junit.runners.ParentRunner$3.evaluate(ParentRunner.java:306)
  at org.junit.runners.ParentRunner.run(ParentRunner.java:413)
  at org.junit.runner.JUnitCore.run(JUnitCore.java:137)
  at org.junit.runner.JUnitCore.run(JUnitCore.java:115)
  at org.gradle.api.internal.tasks.testing.junit.JUnitTestExecutor.runRequest(JUnitTestExecutor.java:175)
  at org.gradle.api.internal.tasks.testing.junit.JUnitTestExecutor.accept(JUnitTestExecutor.java:84)
  at org.gradle.api.internal.tasks.testing.junit.JUnitTestExecutor.accept(JUnitTestExecutor.java:47)
  at org.gradle.api.internal.tasks.testing.junit.AbstractJUnitTestDefinitionProcessor.processTestDefinition(AbstractJUnitTestDefinitionProcessor.java:65)
  at org.gradle.api.internal.tasks.testing.SuiteTestDefinitionProcessor.processTestDefinition(SuiteTestDefinitionProcessor.java:54)
  at java.base/jdk.internal.reflect.DirectMethodHandleAccessor.invoke(DirectMethodHandleAccessor.java:104)
  at java.base/java.lang.reflect.Method.invoke(Method.java:565)
  at org.gradle.internal.dispatch.MethodInvocation.invokeOn(MethodInvocation.java:77)
  at org.gradle.internal.dispatch.ReflectionDispatch.dispatch(ReflectionDispatch.java:28)
  at org.gradle.internal.dispatch.ReflectionDispatch.dispatch(ReflectionDispatch.java:19)
  at org.gradle.internal.dispatch.ContextClassLoaderDispatch.dispatch(ContextClassLoaderDispatch.java:33)
  at org.gradle.internal.dispatch.ProxyDispatchAdapter$DispatchingInvocationHandler.invoke(ProxyDispatchAdapter.java:88)
  at jdk.proxy1/jdk.proxy1.$Proxy4.processTestDefinition(Unknown Source)
  at org.gradle.api.internal.tasks.testing.worker.TestWorker$2.run(TestWorker.java:178)
  at org.gradle.api.internal.tasks.testing.worker.TestWorker.executeAndMaintainThreadName(TestWorker.java:126)
  at org.gradle.api.internal.tasks.testing.worker.TestWorker.execute(TestWorker.java:103)
  at org.gradle.api.internal.tasks.testing.worker.TestWorker.execute(TestWorker.java:63)
  at org.gradle.process.internal.worker.child.ActionExecutionWorker.execute(ActionExecutionWorker.java:56)
  at org.gradle.process.internal.worker.child.SystemApplicationClassLoaderWorker.call(SystemApplicationClassLoaderWorker.java:122)
  at org.gradle.process.internal.worker.child.SystemApplicationClassLoaderWorker.call(SystemApplicationClassLoaderWorker.java:72)
  at worker.org.gradle.process.internal.worker.GradleWorkerMain.run(GradleWorkerMain.java:69)
  at worker.org.gradle.process.internal.worker.GradleWorkerMain.main(GradleWorkerMain.java:74)
</stacktrace>
</test-failure>


TypeScriptCompilerTests_A[jvm] > accessorInAmbientContextES5_ts__target_es2015__compiles to JavaScript matching baseline[jvm] FAILED

<test-failure test="com.xemantic.typescript.compiler.TypeScriptCompilerTests_A.anyIndexedAccessArrayNoException_ts has expected errors matching anyIndexedAccessArrayNoException_errors_txt" platform="jvm">
<message>
Expected diagnostics from baseline typescript-repo/tests/baselines/reference/anyIndexedAccessArrayNoException.errors.txt but none produced
</message>
<stacktrace>
  at com.xemantic.typescript.compiler.TypeScriptTestSupportKt.errorsMatchBaseline(TypeScriptTestSupport.kt:125)
  at com.xemantic.typescript.compiler.TypeScriptCompilerTests_A.anyIndexedAccessArrayNoException_ts has expected errors matching anyIndexedAccessArrayNoException_errors_txt(TypeScriptCompilerTests_A.kt:1743)
  at java.base/jdk.internal.reflect.DirectMethodHandleAccessor.invoke(DirectMethodHandleAccessor.java:104)
  at java.base/java.lang.reflect.Method.invoke(Method.java:565)
  at org.junit.runners.model.FrameworkMethod$1.runReflectiveCall(FrameworkMethod.java:59)
  at org.junit.internal.runners.model.ReflectiveCallable.run(ReflectiveCallable.java:12)
  at org.junit.runners.model.FrameworkMethod.invokeExplosively(FrameworkMethod.java:56)
  at org.junit.internal.runners.statements.InvokeMethod.evaluate(InvokeMethod.java:17)
  at org.junit.runners.ParentRunner$3.evaluate(ParentRunner.java:306)
  at org.junit.runners.BlockJUnit4ClassRunner$1.evaluate(BlockJUnit4ClassRunner.java:100)
  at org.junit.runners.ParentRunner.runLeaf(ParentRunner.java:366)
  at org.junit.runners.BlockJUnit4ClassRunner.runChild(BlockJUnit4ClassRunner.java:103)
  at org.junit.runners.BlockJUnit4ClassRunner.runChild(BlockJUnit4ClassRunner.java:63)
  at org.junit.runners.ParentRunner$4.run(ParentRunner.java:331)
  at org.junit.runners.ParentRunner$1.schedule(ParentRunner.java:79)
  at org.junit.runners.ParentRunner.runChildren(ParentRunner.java:329)
  at org.junit.runners.ParentRunner.access$100(ParentRunner.java:66)
  at org.junit.runners.ParentRunner$2.evaluate(ParentRunner.java:293)
  at org.junit.runners.ParentRunner$3.evaluate(ParentRunner.java:306)
  at org.junit.runners.ParentRunner.run(ParentRunner.java:413)
  at org.junit.runner.JUnitCore.run(JUnitCore.java:137)
  at org.junit.runner.JUnitCore.run(JUnitCore.java:115)
  at org.gradle.api.internal.tasks.testing.junit.JUnitTestExecutor.runRequest(JUnitTestExecutor.java:175)
  at org.gradle.api.internal.tasks.testing.junit.JUnitTestExecutor.accept(JUnitTestExecutor.java:84)
  at org.gradle.api.internal.tasks.testing.junit.JUnitTestExecutor.accept(JUnitTestExecutor.java:47)
  at org.gradle.api.internal.tasks.testing.junit.AbstractJUnitTestDefinitionProcessor.processTestDefinition(AbstractJUnitTestDefinitionProcessor.java:65)
  at org.gradle.api.internal.tasks.testing.SuiteTestDefinitionProcessor.processTestDefinition(SuiteTestDefinitionProcessor.java:54)
  at java.base/jdk.internal.reflect.DirectMethodHandleAccessor.invoke(DirectMethodHandleAccessor.java:104)
  at java.base/java.lang.reflect.Method.invoke(Method.java:565)
  at org.gradle.internal.dispatch.MethodInvocation.invokeOn(MethodInvocation.java:77)
  at org.gradle.internal.dispatch.ReflectionDispatch.dispatch(ReflectionDispatch.java:28)
  at org.gradle.internal.dispatch.ReflectionDispatch.dispatch(ReflectionDispatch.java:19)
  at org.gradle.internal.dispatch.ContextClassLoaderDispatch.dispatch(ContextClassLoaderDispatch.java:33)
  at org.gradle.internal.dispatch.ProxyDispatchAdapter$DispatchingInvocationHandler.invoke(ProxyDispatchAdapter.java:88)
  at jdk.proxy1/jdk.proxy1.$Proxy4.processTestDefinition(Unknown Source)
  at org.gradle.api.internal.tasks.testing.worker.TestWorker$2.run(TestWorker.java:178)
  at org.gradle.api.internal.tasks.testing.worker.TestWorker.executeAndMaintainThreadName(TestWorker.java:126)
  at org.gradle.api.internal.tasks.testing.worker.TestWorker.execute(TestWorker.java:103)
  at org.gradle.api.internal.tasks.testing.worker.TestWorker.execute(TestWorker.java:63)
  at org.gradle.process.internal.worker.child.ActionExecutionWorker.execute(ActionExecutionWorker.java:56)
  at org.gradle.process.internal.worker.child.SystemApplicationClassLoaderWorker.call(SystemApplicationClassLoaderWorker.java:122)
  at org.gradle.process.internal.worker.child.SystemApplicationClassLoaderWorker.call(SystemApplicationClassLoaderWorker.java:72)
  at worker.org.gradle.process.internal.worker.GradleWorkerMain.run(GradleWorkerMain.java:69)
  at worker.org.gradle.process.internal.worker.GradleWorkerMain.main(GradleWorkerMain.java:74)
</stacktrace>
</test-failure>


TypeScriptCompilerTests_A[jvm] > anyIndexedAccessArrayNoException_ts has expected errors matching anyIndexedAccessArrayNoException_errors_txt[jvm] FAILED

<test-failure test="com.xemantic.typescript.compiler.TypeScriptCompilerTests_A.ambientExternalModuleWithRelativeModuleName_ts has expected errors matching ambientExternalModuleWithRelativeModuleName_errors_txt" platform="jvm">
<message>
Expected diagnostics from baseline typescript-repo/tests/baselines/reference/ambientExternalModuleWithRelativeModuleName.errors.txt but none produced
</message>
<stacktrace>
  at com.xemantic.typescript.compiler.TypeScriptTestSupportKt.errorsMatchBaseline(TypeScriptTestSupport.kt:125)
  at com.xemantic.typescript.compiler.TypeScriptCompilerTests_A.ambientExternalModuleWithRelativeModuleName_ts has expected errors matching ambientExternalModuleWithRelativeModuleName_errors_txt(TypeScriptCompilerTests_A.kt:1288)
  at java.base/jdk.internal.reflect.DirectMethodHandleAccessor.invoke(DirectMethodHandleAccessor.java:104)
  at java.base/java.lang.reflect.Method.invoke(Method.java:565)
  at org.junit.runners.model.FrameworkMethod$1.runReflectiveCall(FrameworkMethod.java:59)
  at org.junit.internal.runners.model.ReflectiveCallable.run(ReflectiveCallable.java:12)
  at org.junit.runners.model.FrameworkMethod.invokeExplosively(FrameworkMethod.java:56)
  at org.junit.internal.runners.statements.InvokeMethod.evaluate(InvokeMethod.java:17)
  at org.junit.runners.ParentRunner$3.evaluate(ParentRunner.java:306)
  at org.junit.runners.BlockJUnit4ClassRunner$1.evaluate(BlockJUnit4ClassRunner.java:100)
  at org.junit.runners.ParentRunner.runLeaf(ParentRunner.java:366)
  at org.junit.runners.BlockJUnit4ClassRunner.runChild(BlockJUnit4ClassRunner.java:103)
  at org.junit.runners.BlockJUnit4ClassRunner.runChild(BlockJUnit4ClassRunner.java:63)
  at org.junit.runners.ParentRunner$4.run(ParentRunner.java:331)
  at org.junit.runners.ParentRunner$1.schedule(ParentRunner.java:79)
  at org.junit.runners.ParentRunner.runChildren(ParentRunner.java:329)
  at org.junit.runners.ParentRunner.access$100(ParentRunner.java:66)
  at org.junit.runners.ParentRunner$2.evaluate(ParentRunner.java:293)
  at org.junit.runners.ParentRunner$3.evaluate(ParentRunner.java:306)
  at org.junit.runners.ParentRunner.run(ParentRunner.java:413)
  at org.junit.runner.JUnitCore.run(JUnitCore.java:137)
  at org.junit.runner.JUnitCore.run(JUnitCore.java:115)
  at org.gradle.api.internal.tasks.testing.junit.JUnitTestExecutor.runRequest(JUnitTestExecutor.java:175)
  at org.gradle.api.internal.tasks.testing.junit.JUnitTestExecutor.accept(JUnitTestExecutor.java:84)
  at org.gradle.api.internal.tasks.testing.junit.JUnitTestExecutor.accept(JUnitTestExecutor.java:47)
  at org.gradle.api.internal.tasks.testing.junit.AbstractJUnitTestDefinitionProcessor.processTestDefinition(AbstractJUnitTestDefinitionProcessor.java:65)
  at org.gradle.api.internal.tasks.testing.SuiteTestDefinitionProcessor.processTestDefinition(SuiteTestDefinitionProcessor.java:54)
  at java.base/jdk.internal.reflect.DirectMethodHandleAccessor.invoke(DirectMethodHandleAccessor.java:104)
  at java.base/java.lang.reflect.Method.invoke(Method.java:565)
  at org.gradle.internal.dispatch.MethodInvocation.invokeOn(MethodInvocation.java:77)
  at org.gradle.internal.dispatch.ReflectionDispatch.dispatch(ReflectionDispatch.java:28)
  at org.gradle.internal.dispatch.ReflectionDispatch.dispatch(ReflectionDispatch.java:19)
  at org.gradle.internal.dispatch.ContextClassLoaderDispatch.dispatch(ContextClassLoaderDispatch.java:33)
  at org.gradle.internal.dispatch.ProxyDispatchAdapter$DispatchingInvocationHandler.invoke(ProxyDispatchAdapter.java:88)
  at jdk.proxy1/jdk.proxy1.$Proxy4.processTestDefinition(Unknown Source)
  at org.gradle.api.internal.tasks.testing.worker.TestWorker$2.run(TestWorker.java:178)
  at org.gradle.api.internal.tasks.testing.worker.TestWorker.executeAndMaintainThreadName(TestWorker.java:126)
  at org.gradle.api.internal.tasks.testing.worker.TestWorker.execute(TestWorker.java:103)
  at org.gradle.api.internal.tasks.testing.worker.TestWorker.execute(TestWorker.java:63)
  at org.gradle.process.internal.worker.child.ActionExecutionWorker.execute(ActionExecutionWorker.java:56)
  at org.gradle.process.internal.worker.child.SystemApplicationClassLoaderWorker.call(SystemApplicationClassLoaderWorker.java:122)
  at org.gradle.process.internal.worker.child.SystemApplicationClassLoaderWorker.call(SystemApplicationClassLoaderWorker.java:72)
  at worker.org.gradle.process.internal.worker.GradleWorkerMain.run(GradleWorkerMain.java:69)
  at worker.org.gradle.process.internal.worker.GradleWorkerMain.main(GradleWorkerMain.java:74)
</stacktrace>
</test-failure>


TypeScriptCompilerTests_A[jvm] > ambientExternalModuleWithRelativeModuleName_ts has expected errors matching ambientExternalModuleWithRelativeModuleName_errors_txt[jvm] FAILED

<test-failure test="com.xemantic.typescript.compiler.TypeScriptCompilerTests_A.arrowFunctionsMissingTokens_ts compiles to JavaScript matching arrowFunctionsMissingTokens_js" platform="jvm">
<message>
--- expected
+++ actual
@@ -71,30 +71,41 @@
 "use strict";
 var missingArrowsWithCurly;
 (function (missingArrowsWithCurly) {
-    var a = () => { };
+    var a = (), {};
     var b = () => { };
-    var c = (x) => { };
-    var d = (x, y) => { };
-    var e = (x, y) => { };
+    var c = (x), {};
+    var d = (x);
+    number, y;
+    string;
+    { }
+    ;
+    var e = (x);
+    number, y;
+    string;
+    void {};
 })(missingArrowsWithCurly || (missingArrowsWithCurly = {}));
 var missingCurliesWithArrow;
 (function (missingCurliesWithArrow) {
     let withStatement;
     (function (withStatement) {
-        var a = () => { var k = 10; };
-        var b = () => { var k = 10; };
-        var c = (x) => { var k = 10; };
-        var d = (x, y) => { var k = 10; };
-        var e = (x, y) => { var k = 10; };
-        var f = () => { var k = 10; };
+        var a = () => var, k = 10;
     })(withStatement || (withStatement = {}));
-    let withoutStatement;
-    (function (withoutStatement) {
-        var a = () => ;
-    })(withoutStatement || (withoutStatement = {}));
     ;
-    var b = () => ;
+    var b = () => var, k = 10;
 })(missingCurliesWithArrow || (missingCurliesWithArrow = {}));
+var c = (x) => var, k = 10;
+;
+var d = (x, y) => var, k = 10;
+;
+var e = (x, y) => var, k = 10;
+;
+var f = () => var, k = 10;
+var withoutStatement;
+(function (withoutStatement) {
+    var a = () => ;
+})(withoutStatement || (withoutStatement = {}));
+;
+var b = () => ;
 var c = (x) => ;
 ;
 var d = (x, y) => ;
@@ -107,8 +118,14 @@
     var a = ();
     var b = () => ;
     var c = (x);
-    var d = (x, y) => ;
-    var e = (x, y) => ;
+    var d = (x);
+    number, y;
+    string;
+    ;
+    var e = (x);
+    number, y;
+    string;
+    void ;
 })(ce_nEst_pas_une_arrow_function || (ce_nEst_pas_une_arrow_function = {}));
 var okay;
 (function (okay) {

</message>
<stacktrace>
  at org.junit.Assert.fail(Assert.java:89)
  at kotlin.test.junit.JUnitAsserter.fail(JUnitSupport.kt:56)
  at kotlin.test.AssertionsKt__AssertionsKt.fail(Assertions.kt:563)
  at kotlin.test.AssertionsKt.fail(Unknown Source)
  at com.xemantic.kotlin.test.SameAsKt.sameAs(SameAs.kt:52)
  at com.xemantic.typescript.compiler.TypeScriptTestSupportKt.sameAs(TypeScriptTestSupport.kt:99)
  at com.xemantic.typescript.compiler.TypeScriptCompilerTests_A.arrowFunctionsMissingTokens_ts compiles to JavaScript matching arrowFunctionsMissingTokens_js(TypeScriptCompilerTests_A.kt:2849)
  at java.base/jdk.internal.reflect.DirectMethodHandleAccessor.invoke(DirectMethodHandleAccessor.java:104)
  at java.base/java.lang.reflect.Method.invoke(Method.java:565)
  at org.junit.runners.model.FrameworkMethod$1.runReflectiveCall(FrameworkMethod.java:59)
  at org.junit.internal.runners.model.ReflectiveCallable.run(ReflectiveCallable.java:12)
  at org.junit.runners.model.FrameworkMethod.invokeExplosively(FrameworkMethod.java:56)
  at org.junit.internal.runners.statements.InvokeMethod.evaluate(InvokeMethod.java:17)
  at org.junit.runners.ParentRunner$3.evaluate(ParentRunner.java:306)
  at org.junit.runners.BlockJUnit4ClassRunner$1.evaluate(BlockJUnit4ClassRunner.java:100)
  at org.junit.runners.ParentRunner.runLeaf(ParentRunner.java:366)
  at org.junit.runners.BlockJUnit4ClassRunner.runChild(BlockJUnit4ClassRunner.java:103)
  at org.junit.runners.BlockJUnit4ClassRunner.runChild(BlockJUnit4ClassRunner.java:63)
  at org.junit.runners.ParentRunner$4.run(ParentRunner.java:331)
  at org.junit.runners.ParentRunner$1.schedule(ParentRunner.java:79)
  at org.junit.runners.ParentRunner.runChildren(ParentRunner.java:329)
  at org.junit.runners.ParentRunner.access$100(ParentRunner.java:66)
  at org.junit.runners.ParentRunner$2.evaluate(ParentRunner.java:293)
  at org.junit.runners.ParentRunner$3.evaluate(ParentRunner.java:306)
  at org.junit.runners.ParentRunner.run(ParentRunner.java:413)
  at org.junit.runner.JUnitCore.run(JUnitCore.java:137)
  at org.junit.runner.JUnitCore.run(JUnitCore.java:115)
  at org.gradle.api.internal.tasks.testing.junit.JUnitTestExecutor.runRequest(JUnitTestExecutor.java:175)
  at org.gradle.api.internal.tasks.testing.junit.JUnitTestExecutor.accept(JUnitTestExecutor.java:84)
  at org.gradle.api.internal.tasks.testing.junit.JUnitTestExecutor.accept(JUnitTestExecutor.java:47)
  at org.gradle.api.internal.tasks.testing.junit.AbstractJUnitTestDefinitionProcessor.processTestDefinition(AbstractJUnitTestDefinitionProcessor.java:65)
  at org.gradle.api.internal.tasks.testing.SuiteTestDefinitionProcessor.processTestDefinition(SuiteTestDefinitionProcessor.java:54)
  at java.base/jdk.internal.reflect.DirectMethodHandleAccessor.invoke(DirectMethodHandleAccessor.java:104)
  at java.base/java.lang.reflect.Method.invoke(Method.java:565)
  at org.gradle.internal.dispatch.MethodInvocation.invokeOn(MethodInvocation.java:77)
  at org.gradle.internal.dispatch.ReflectionDispatch.dispatch(ReflectionDispatch.java:28)
  at org.gradle.internal.dispatch.ReflectionDispatch.dispatch(ReflectionDispatch.java:19)
  at org.gradle.internal.dispatch.ContextClassLoaderDispatch.dispatch(ContextClassLoaderDispatch.java:33)
  at org.gradle.internal.dispatch.ProxyDispatchAdapter$DispatchingInvocationHandler.invoke(ProxyDispatchAdapter.java:88)
  at jdk.proxy1/jdk.proxy1.$Proxy4.processTestDefinition(Unknown Source)
  at org.gradle.api.internal.tasks.testing.worker.TestWorker$2.run(TestWorker.java:178)
  at org.gradle.api.internal.tasks.testing.worker.TestWorker.executeAndMaintainThreadName(TestWorker.java:126)
  at org.gradle.api.internal.tasks.testing.worker.TestWorker.execute(TestWorker.java:103)
  at org.gradle.api.internal.tasks.testing.worker.TestWorker.execute(TestWorker.java:63)
  at org.gradle.process.internal.worker.child.ActionExecutionWorker.execute(ActionExecutionWorker.java:56)
  at org.gradle.process.internal.worker.child.SystemApplicationClassLoaderWorker.call(SystemApplicationClassLoaderWorker.java:122)
  at org.gradle.process.internal.worker.child.SystemApplicationClassLoaderWorker.call(SystemApplicationClassLoaderWorker.java:72)
  at worker.org.gradle.process.internal.worker.GradleWorkerMain.run(GradleWorkerMain.java:69)
  at worker.org.gradle.process.internal.worker.GradleWorkerMain.main(GradleWorkerMain.java:74)
</stacktrace>
</test-failure>


TypeScriptCompilerTests_A[jvm] > arrowFunctionsMissingTokens_ts compiles to JavaScript matching arrowFunctionsMissingTokens_js[jvm] FAILED

<test-failure test="com.xemantic.typescript.compiler.TypeScriptCompilerTests_A.assignmentToFunction_ts has expected errors matching assignmentToFunction_errors_txt" platform="jvm">
<message>
Expected diagnostics from baseline typescript-repo/tests/baselines/reference/assignmentToFunction.errors.txt but none produced
</message>
<stacktrace>
  at com.xemantic.typescript.compiler.TypeScriptTestSupportKt.errorsMatchBaseline(TypeScriptTestSupport.kt:125)
  at com.xemantic.typescript.compiler.TypeScriptCompilerTests_A.assignmentToFunction_ts has expected errors matching assignmentToFunction_errors_txt(TypeScriptCompilerTests_A.kt:3948)
  at java.base/jdk.internal.reflect.DirectMethodHandleAccessor.invoke(DirectMethodHandleAccessor.java:104)
  at java.base/java.lang.reflect.Method.invoke(Method.java:565)
  at org.junit.runners.model.FrameworkMethod$1.runReflectiveCall(FrameworkMethod.java:59)
  at org.junit.internal.runners.model.ReflectiveCallable.run(ReflectiveCallable.java:12)
  at org.junit.runners.model.FrameworkMethod.invokeExplosively(FrameworkMethod.java:56)
  at org.junit.internal.runners.statements.InvokeMethod.evaluate(InvokeMethod.java:17)
  at org.junit.runners.ParentRunner$3.evaluate(ParentRunner.java:306)
  at org.junit.runners.BlockJUnit4ClassRunner$1.evaluate(BlockJUnit4ClassRunner.java:100)
  at org.junit.runners.ParentRunner.runLeaf(ParentRunner.java:366)
  at org.junit.runners.BlockJUnit4ClassRunner.runChild(BlockJUnit4ClassRunner.java:103)
  at org.junit.runners.BlockJUnit4ClassRunner.runChild(BlockJUnit4ClassRunner.java:63)
  at org.junit.runners.ParentRunner$4.run(ParentRunner.java:331)
  at org.junit.runners.ParentRunner$1.schedule(ParentRunner.java:79)
  at org.junit.runners.ParentRunner.runChildren(ParentRunner.java:329)
  at org.junit.runners.ParentRunner.access$100(ParentRunner.java:66)
  at org.junit.runners.ParentRunner$2.evaluate(ParentRunner.java:293)
  at org.junit.runners.ParentRunner$3.evaluate(ParentRunner.java:306)
  at org.junit.runners.ParentRunner.run(ParentRunner.java:413)
  at org.junit.runner.JUnitCore.run(JUnitCore.java:137)
  at org.junit.runner.JUnitCore.run(JUnitCore.java:115)
  at org.gradle.api.internal.tasks.testing.junit.JUnitTestExecutor.runRequest(JUnitTestExecutor.java:175)
  at org.gradle.api.internal.tasks.testing.junit.JUnitTestExecutor.accept(JUnitTestExecutor.java:84)
  at org.gradle.api.internal.tasks.testing.junit.JUnitTestExecutor.accept(JUnitTestExecutor.java:47)
  at org.gradle.api.internal.tasks.testing.junit.AbstractJUnitTestDefinitionProcessor.processTestDefinition(AbstractJUnitTestDefinitionProcessor.java:65)
  at org.gradle.api.internal.tasks.testing.SuiteTestDefinitionProcessor.processTestDefinition(SuiteTestDefinitionProcessor.java:54)
  at java.base/jdk.internal.reflect.DirectMethodHandleAccessor.invoke(DirectMethodHandleAccessor.java:104)
  at java.base/java.lang.reflect.Method.invoke(Method.java:565)
  at org.gradle.internal.dispatch.MethodInvocation.invokeOn(MethodInvocation.java:77)
  at org.gradle.internal.dispatch.ReflectionDispatch.dispatch(ReflectionDispatch.java:28)
  at org.gradle.internal.dispatch.ReflectionDispatch.dispatch(ReflectionDispatch.java:19)
  at org.gradle.internal.dispatch.ContextClassLoaderDispatch.dispatch(ContextClassLoaderDispatch.java:33)
  at org.gradle.internal.dispatch.ProxyDispatchAdapter$DispatchingInvocationHandler.invoke(ProxyDispatchAdapter.java:88)
  at jdk.proxy1/jdk.proxy1.$Proxy4.processTestDefinition(Unknown Source)
  at org.gradle.api.internal.tasks.testing.worker.TestWorker$2.run(TestWorker.java:178)
  at org.gradle.api.internal.tasks.testing.worker.TestWorker.executeAndMaintainThreadName(TestWorker.java:126)
  at org.gradle.api.internal.tasks.testing.worker.TestWorker.execute(TestWorker.java:103)
  at org.gradle.api.internal.tasks.testing.worker.TestWorker.execute(TestWorker.java:63)
  at org.gradle.process.internal.worker.child.ActionExecutionWorker.execute(ActionExecutionWorker.java:56)
  at org.gradle.process.internal.worker.child.SystemApplicationClassLoaderWorker.call(SystemApplicationClassLoaderWorker.java:122)
  at org.gradle.process.internal.worker.child.SystemApplicationClassLoaderWorker.call(SystemApplicationClassLoaderWorker.java:72)
  at worker.org.gradle.process.internal.worker.GradleWorkerMain.run(GradleWorkerMain.java:69)
  at worker.org.gradle.process.internal.worker.GradleWorkerMain.main(GradleWorkerMain.java:74)
</stacktrace>
</test-failure>


TypeScriptCompilerTests_A[jvm] > assignmentToFunction_ts has expected errors matching assignmentToFunction_errors_txt[jvm] FAILED

<test-failure test="com.xemantic.typescript.compiler.TypeScriptCompilerTests_A.assignmentCompatability32_ts has expected errors matching assignmentCompatability32_errors_txt" platform="jvm">
<message>
Expected diagnostics from baseline typescript-repo/tests/baselines/reference/assignmentCompatability32.errors.txt but none produced
</message>
<stacktrace>
  at com.xemantic.typescript.compiler.TypeScriptTestSupportKt.errorsMatchBaseline(TypeScriptTestSupport.kt:125)
  at com.xemantic.typescript.compiler.TypeScriptCompilerTests_A.assignmentCompatability32_ts has expected errors matching assignmentCompatability32_errors_txt(TypeScriptCompilerTests_A.kt:3570)
  at java.base/jdk.internal.reflect.DirectMethodHandleAccessor.invoke(DirectMethodHandleAccessor.java:104)
  at java.base/java.lang.reflect.Method.invoke(Method.java:565)
  at org.junit.runners.model.FrameworkMethod$1.runReflectiveCall(FrameworkMethod.java:59)
  at org.junit.internal.runners.model.ReflectiveCallable.run(ReflectiveCallable.java:12)
  at org.junit.runners.model.FrameworkMethod.invokeExplosively(FrameworkMethod.java:56)
  at org.junit.internal.runners.statements.InvokeMethod.evaluate(InvokeMethod.java:17)
  at org.junit.runners.ParentRunner$3.evaluate(ParentRunner.java:306)
  at org.junit.runners.BlockJUnit4ClassRunner$1.evaluate(BlockJUnit4ClassRunner.java:100)
  at org.junit.runners.ParentRunner.runLeaf(ParentRunner.java:366)
  at org.junit.runners.BlockJUnit4ClassRunner.runChild(BlockJUnit4ClassRunner.java:103)
  at org.junit.runners.BlockJUnit4ClassRunner.runChild(BlockJUnit4ClassRunner.java:63)
  at org.junit.runners.ParentRunner$4.run(ParentRunner.java:331)
  at org.junit.runners.ParentRunner$1.schedule(ParentRunner.java:79)
  at org.junit.runners.ParentRunner.runChildren(ParentRunner.java:329)
  at org.junit.runners.ParentRunner.access$100(ParentRunner.java:66)
  at org.junit.runners.ParentRunner$2.evaluate(ParentRunner.java:293)
  at org.junit.runners.ParentRunner$3.evaluate(ParentRunner.java:306)
  at org.junit.runners.ParentRunner.run(ParentRunner.java:413)
  at org.junit.runner.JUnitCore.run(JUnitCore.java:137)
  at org.junit.runner.JUnitCore.run(JUnitCore.java:115)
  at org.gradle.api.internal.tasks.testing.junit.JUnitTestExecutor.runRequest(JUnitTestExecutor.java:175)
  at org.gradle.api.internal.tasks.testing.junit.JUnitTestExecutor.accept(JUnitTestExecutor.java:84)
  at org.gradle.api.internal.tasks.testing.junit.JUnitTestExecutor.accept(JUnitTestExecutor.java:47)
  at org.gradle.api.internal.tasks.testing.junit.AbstractJUnitTestDefinitionProcessor.processTestDefinition(AbstractJUnitTestDefinitionProcessor.java:65)
  at org.gradle.api.internal.tasks.testing.SuiteTestDefinitionProcessor.processTestDefinition(SuiteTestDefinitionProcessor.java:54)
  at java.base/jdk.internal.reflect.DirectMethodHandleAccessor.invoke(DirectMethodHandleAccessor.java:104)
  at java.base/java.lang.reflect.Method.invoke(Method.java:565)
  at org.gradle.internal.dispatch.MethodInvocation.invokeOn(MethodInvocation.java:77)
  at org.gradle.internal.dispatch.ReflectionDispatch.dispatch(ReflectionDispatch.java:28)
  at org.gradle.internal.dispatch.ReflectionDispatch.dispatch(ReflectionDispatch.java:19)
  at org.gradle.internal.dispatch.ContextClassLoaderDispatch.dispatch(ContextClassLoaderDispatch.java:33)
  at org.gradle.internal.dispatch.ProxyDispatchAdapter$DispatchingInvocationHandler.invoke(ProxyDispatchAdapter.java:88)
  at jdk.proxy1/jdk.proxy1.$Proxy4.processTestDefinition(Unknown Source)
  at org.gradle.api.internal.tasks.testing.worker.TestWorker$2.run(TestWorker.java:178)
  at org.gradle.api.internal.tasks.testing.worker.TestWorker.executeAndMaintainThreadName(TestWorker.java:126)
  at org.gradle.api.internal.tasks.testing.worker.TestWorker.execute(TestWorker.java:103)
  at org.gradle.api.internal.tasks.testing.worker.TestWorker.execute(TestWorker.java:63)
  at org.gradle.process.internal.worker.child.ActionExecutionWorker.execute(ActionExecutionWorker.java:56)
  at org.gradle.process.internal.worker.child.SystemApplicationClassLoaderWorker.call(SystemApplicationClassLoaderWorker.java:122)
  at org.gradle.process.internal.worker.child.SystemApplicationClassLoaderWorker.call(SystemApplicationClassLoaderWorker.java:72)
  at worker.org.gradle.process.internal.worker.GradleWorkerMain.run(GradleWorkerMain.java:69)
  at worker.org.gradle.process.internal.worker.GradleWorkerMain.main(GradleWorkerMain.java:74)
</stacktrace>
</test-failure>


TypeScriptCompilerTests_A[jvm] > assignmentCompatability32_ts has expected errors matching assignmentCompatability32_errors_txt[jvm] FAILED

<test-failure test="com.xemantic.typescript.compiler.TypeScriptCompilerTests_A.aliasUsageInGenericFunction_ts has expected errors matching aliasUsageInGenericFunction_errors_txt" platform="jvm">
<message>
--- expected
+++ actual
@@ -1,8 +1,7 @@
 aliasUsageInGenericFunction_backbone.ts(2,12): error TS2564: Property 'someData' has no initializer and is not definitely assigned in the constructor.
-aliasUsageInGenericFunction_main.ts(10,19): error TS2352: Conversion of type 'null' to type 'IHasVisualizationModel' may be a mistake because neither type sufficiently overlaps with the other. If this was intentional, convert the expression to 'unknown' first.
 
 
-==== aliasUsageInGenericFunction_main.ts (1 errors) ====
+==== aliasUsageInGenericFunction_main.ts (0 errors) ====
     import Backbone = require("./aliasUsageInGenericFunction_backbone");
     import moduleA = require("./aliasUsageInGenericFunction_moduleA");
     interface IHasVisualizationModel {
@@ -13,8 +12,6 @@
     }
     var r = foo({ a: moduleA });
     var r2 = foo({ a: <IHasVisualizationModel>null });
-                      ~~~~~~~~~~~~~~~~~~~~~~~~~~~~
-!!! error TS2352: Conversion of type 'null' to type 'IHasVisualizationModel' may be a mistake because neither type sufficiently overlaps with the other. If this was intentional, convert the expression to 'unknown' first.
     
 ==== aliasUsageInGenericFunction_backbone.ts (1 errors) ====
     export class Model {

</message>
<stacktrace>
  at org.junit.Assert.fail(Assert.java:89)
  at kotlin.test.junit.JUnitAsserter.fail(JUnitSupport.kt:56)
  at kotlin.test.AssertionsKt__AssertionsKt.fail(Assertions.kt:563)
  at kotlin.test.AssertionsKt.fail(Unknown Source)
  at com.xemantic.kotlin.test.SameAsKt.sameAs(SameAs.kt:52)
  at com.xemantic.typescript.compiler.TypeScriptTestSupportKt.errorsMatchBaseline(TypeScriptTestSupport.kt:135)
  at com.xemantic.typescript.compiler.TypeScriptCompilerTests_A.aliasUsageInGenericFunction_ts has expected errors matching aliasUsageInGenericFunction_errors_txt(TypeScriptCompilerTests_A.kt:728)
  at java.base/jdk.internal.reflect.DirectMethodHandleAccessor.invoke(DirectMethodHandleAccessor.java:104)
  at java.base/java.lang.reflect.Method.invoke(Method.java:565)
  at org.junit.runners.model.FrameworkMethod$1.runReflectiveCall(FrameworkMethod.java:59)
  at org.junit.internal.runners.model.ReflectiveCallable.run(ReflectiveCallable.java:12)
  at org.junit.runners.model.FrameworkMethod.invokeExplosively(FrameworkMethod.java:56)
  at org.junit.internal.runners.statements.InvokeMethod.evaluate(InvokeMethod.java:17)
  at org.junit.runners.ParentRunner$3.evaluate(ParentRunner.java:306)
  at org.junit.runners.BlockJUnit4ClassRunner$1.evaluate(BlockJUnit4ClassRunner.java:100)
  at org.junit.runners.ParentRunner.runLeaf(ParentRunner.java:366)
  at org.junit.runners.BlockJUnit4ClassRunner.runChild(BlockJUnit4ClassRunner.java:103)
  at org.junit.runners.BlockJUnit4ClassRunner.runChild(BlockJUnit4ClassRunner.java:63)
  at org.junit.runners.ParentRunner$4.run(ParentRunner.java:331)
  at org.junit.runners.ParentRunner$1.schedule(ParentRunner.java:79)
  at org.junit.runners.ParentRunner.runChildren(ParentRunner.java:329)
  at org.junit.runners.ParentRunner.access$100(ParentRunner.java:66)
  at org.junit.runners.ParentRunner$2.evaluate(ParentRunner.java:293)
  at org.junit.runners.ParentRunner$3.evaluate(ParentRunner.java:306)
  at org.junit.runners.ParentRunner.run(ParentRunner.java:413)
  at org.junit.runner.JUnitCore.run(JUnitCore.java:137)
  at org.junit.runner.JUnitCore.run(JUnitCore.java:115)
  at org.gradle.api.internal.tasks.testing.junit.JUnitTestExecutor.runRequest(JUnitTestExecutor.java:175)
  at org.gradle.api.internal.tasks.testing.junit.JUnitTestExecutor.accept(JUnitTestExecutor.java:84)
  at org.gradle.api.internal.tasks.testing.junit.JUnitTestExecutor.accept(JUnitTestExecutor.java:47)
  at org.gradle.api.internal.tasks.testing.junit.AbstractJUnitTestDefinitionProcessor.processTestDefinition(AbstractJUnitTestDefinitionProcessor.java:65)
  at org.gradle.api.internal.tasks.testing.SuiteTestDefinitionProcessor.processTestDefinition(SuiteTestDefinitionProcessor.java:54)
  at java.base/jdk.internal.reflect.DirectMethodHandleAccessor.invoke(DirectMethodHandleAccessor.java:104)
  at java.base/java.lang.reflect.Method.invoke(Method.java:565)
  at org.gradle.internal.dispatch.MethodInvocation.invokeOn(MethodInvocation.java:77)
  at org.gradle.internal.dispatch.ReflectionDispatch.dispatch(ReflectionDispatch.java:28)
  at org.gradle.internal.dispatch.ReflectionDispatch.dispatch(ReflectionDispatch.java:19)
  at org.gradle.internal.dispatch.ContextClassLoaderDispatch.dispatch(ContextClassLoaderDispatch.java:33)
  at org.gradle.internal.dispatch.ProxyDispatchAdapter$DispatchingInvocationHandler.invoke(ProxyDispatchAdapter.java:88)
  at jdk.proxy1/jdk.proxy1.$Proxy4.processTestDefinition(Unknown Source)
  at org.gradle.api.internal.tasks.testing.worker.TestWorker$2.run(TestWorker.java:178)
  at org.gradle.api.internal.tasks.testing.worker.TestWorker.executeAndMaintainThreadName(TestWorker.java:126)
  at org.gradle.api.internal.tasks.testing.worker.TestWorker.execute(TestWorker.java:103)
  at org.gradle.api.internal.tasks.testing.worker.TestWorker.execute(TestWorker.java:63)
  at org.gradle.process.internal.worker.child.ActionExecutionWorker.execute(ActionExecutionWorker.java:56)
  at org.gradle.process.internal.worker.child.SystemApplicationClassLoaderWorker.call(SystemApplicationClassLoaderWorker.java:122)
  at org.gradle.process.internal.worker.child.SystemApplicationClassLoaderWorker.call(SystemApplicationClassLoaderWorker.java:72)
  at worker.org.gradle.process.internal.worker.GradleWorkerMain.run(GradleWorkerMain.java:69)
  at worker.org.gradle.process.internal.worker.GradleWorkerMain.main(GradleWorkerMain.java:74)
</stacktrace>
</test-failure>


TypeScriptCompilerTests_A[jvm] > aliasUsageInGenericFunction_ts has expected errors matching aliasUsageInGenericFunction_errors_txt[jvm] FAILED

<test-failure test="com.xemantic.typescript.compiler.TypeScriptCompilerTests_A.assignmentIndexedToPrimitives_ts has expected errors matching assignmentIndexedToPrimitives_errors_txt" platform="jvm">
<message>
--- expected
+++ actual
@@ -1,54 +1,68 @@
-assignmentIndexedToPrimitives.ts(1,7): error TS2322: Type 'number[]' is not assignable to type 'number'.
-assignmentIndexedToPrimitives.ts(2,7): error TS2322: Type 'string[]' is not assignable to type 'number'.
-assignmentIndexedToPrimitives.ts(3,7): error TS2322: Type '(string | number)[]' is not assignable to type 'number'.
-assignmentIndexedToPrimitives.ts(4,7): error TS2322: Type 'number[]' is not assignable to type '0'.
-assignmentIndexedToPrimitives.ts(6,7): error TS2322: Type 'number[]' is not assignable to type 'string'.
-assignmentIndexedToPrimitives.ts(7,7): error TS2322: Type 'string[]' is not assignable to type 'string'.
-assignmentIndexedToPrimitives.ts(8,7): error TS2322: Type '(string | number)[]' is not assignable to type 'string'.
-assignmentIndexedToPrimitives.ts(9,7): error TS2322: Type 'string[]' is not assignable to type '"01"'.
+assignmentIndexedToPrimitives.ts(1,7): error TS2322: Type 'array' is not assignable to type 'number'.
+  Type 'array' is not assignable to type 'number'.
+assignmentIndexedToPrimitives.ts(2,7): error TS2322: Type 'array' is not assignable to type 'number'.
+  Type 'array' is not assignable to type 'number'.
+assignmentIndexedToPrimitives.ts(3,7): error TS2322: Type 'array' is not assignable to type 'number'.
+  Type 'array' is not assignable to type 'number'.
+assignmentIndexedToPrimitives.ts(6,7): error TS2322: Type 'array' is not assignable to type 'string'.
+  Type 'array' is not assignable to type 'string'.
+assignmentIndexedToPrimitives.ts(7,7): error TS2322: Type 'array' is not assignable to type 'string'.
+  Type 'array' is not assignable to type 'string'.
+assignmentIndexedToPrimitives.ts(8,7): error TS2322: Type 'array' is not assignable to type 'string'.
+  Type 'array' is not assignable to type 'string'.
 assignmentIndexedToPrimitives.ts(11,7): error TS2322: Type '{ 0: number; }' is not assignable to type 'number'.
+  Type '{ 0: number; }' is not assignable to type 'number'.
 assignmentIndexedToPrimitives.ts(13,7): error TS2322: Type '{ 0: number; }' is not assignable to type 'string'.
-assignmentIndexedToPrimitives.ts(14,7): error TS2322: Type '{ "0": number; }' is not assignable to type 'string'.
+  Type '{ 0: number; }' is not assignable to type 'string'.
+assignmentIndexedToPrimitives.ts(14,7): error TS2322: Type '{ 0: number; }' is not assignable to type 'string'.
+  Type '{ 0: number; }' is not assignable to type 'string'.
 assignmentIndexedToPrimitives.ts(15,7): error TS2322: Type '{ 0: string; }' is not assignable to type 'string'.
+  Type '{ 0: string; }' is not assignable to type 'string'.
 
 
-==== assignmentIndexedToPrimitives.ts (12 errors) ====
+==== assignmentIndexedToPrimitives.ts (10 errors) ====
     const n1: number = [0];
           ~~
-!!! error TS2322: Type 'number[]' is not assignable to type 'number'.
+!!! error TS2322: Type 'array' is not assignable to type 'number'.
+!!! error TS2322:   Type 'array' is not assignable to type 'number'.
     const n2: number = ["0"];
           ~~
-!!! error TS2322: Type 'string[]' is not assignable to type 'number'.
+!!! error TS2322: Type 'array' is not assignable to type 'number'.
+!!! error TS2322:   Type 'array' is not assignable to type 'number'.
     const n3: number = [0, "1"];
           ~~
-!!! error TS2322: Type '(string | number)[]' is not assignable to type 'number'.
+!!! error TS2322: Type 'array' is not assignable to type 'number'.
+!!! error TS2322:   Type 'array' is not assignable to type 'number'.
     const n4: 0 = [0];
-          ~~
-!!! error TS2322: Type 'number[]' is not assignable to type '0'.
     
     const s1: string = [0];
           ~~
-!!! error TS2322: Type 'number[]' is not assignable to type 'string'.
+!!! error TS2322: Type 'array' is not assignable to type 'string'.
+!!! error TS2322:   Type 'array' is not assignable to type 'string'.
     const s2: string = ["0"];
           ~~
-!!! error TS2322: Type 'string[]' is not assignable to type 'string'.
+!!! error TS2322: Type 'array' is not assignable to type 'string'.
+!!! error TS2322:   Type 'array' is not assignable to type 'string'.
     const s3: string = [0, "1"];
           ~~
-!!! error TS2322: Type '(string | number)[]' is not assignable to type 'string'.
+!!! error TS2322: Type 'array' is not assignable to type 'string'.
+!!! error TS2322:   Type 'array' is not assignable to type 'string'.
     const s4: "01" = ["0", "1"];
-          ~~
-!!! error TS2322: Type 'string[]' is not assignable to type '"01"'.
     
     const no1: number = { 0: 1 };
           ~~~
 !!! error TS2322: Type '{ 0: number; }' is not assignable to type 'number'.
+!!! error TS2322:   Type '{ 0: number; }' is not assignable to type 'number'.
     
     const so1: string = { 0: 1 };
           ~~~
 !!! error TS2322: Type '{ 0: number; }' is not assignable to type 'string'.
+!!! error TS2322:   Type '{ 0: number; }' is not assignable to type 'string'.
     const so2: string = { "0": 1 };
           ~~~
-!!! error TS2322: Type '{ "0": number; }' is not assignable to type 'string'.
+!!! error TS2322: Type '{ 0: number; }' is not assignable to type 'string'.
+!!! error TS2322:   Type '{ 0: number; }' is not assignable to type 'string'.
     const so3: string = { 0: "1" };
           ~~~
 !!! error TS2322: Type '{ 0: string; }' is not assignable to type 'string'.
+!!! error TS2322:   Type '{ 0: string; }' is not assignable to type 'string'.

</message>
<stacktrace>
  at org.junit.Assert.fail(Assert.java:89)
  at kotlin.test.junit.JUnitAsserter.fail(JUnitSupport.kt:56)
  at kotlin.test.AssertionsKt__AssertionsKt.fail(Assertions.kt:563)
  at kotlin.test.AssertionsKt.fail(Unknown Source)
  at com.xemantic.kotlin.test.SameAsKt.sameAs(SameAs.kt:52)
  at com.xemantic.typescript.compiler.TypeScriptTestSupportKt.errorsMatchBaseline(TypeScriptTestSupport.kt:135)
  at com.xemantic.typescript.compiler.TypeScriptCompilerTests_A.assignmentIndexedToPrimitives_ts has expected errors matching assignmentIndexedToPrimitives_errors_txt(TypeScriptCompilerTests_A.kt:3871)
  at java.base/jdk.internal.reflect.DirectMethodHandleAccessor.invoke(DirectMethodHandleAccessor.java:104)
  at java.base/java.lang.reflect.Method.invoke(Method.java:565)
  at org.junit.runners.model.FrameworkMethod$1.runReflectiveCall(FrameworkMethod.java:59)
  at org.junit.internal.runners.model.ReflectiveCallable.run(ReflectiveCallable.java:12)
  at org.junit.runners.model.FrameworkMethod.invokeExplosively(FrameworkMethod.java:56)
  at org.junit.internal.runners.statements.InvokeMethod.evaluate(InvokeMethod.java:17)
  at org.junit.runners.ParentRunner$3.evaluate(ParentRunner.java:306)
  at org.junit.runners.BlockJUnit4ClassRunner$1.evaluate(BlockJUnit4ClassRunner.java:100)
  at org.junit.runners.ParentRunner.runLeaf(ParentRunner.java:366)
  at org.junit.runners.BlockJUnit4ClassRunner.runChild(BlockJUnit4ClassRunner.java:103)
  at org.junit.runners.BlockJUnit4ClassRunner.runChild(BlockJUnit4ClassRunner.java:63)
  at org.junit.runners.ParentRunner$4.run(ParentRunner.java:331)
  at org.junit.runners.ParentRunner$1.schedule(ParentRunner.java:79)
  at org.junit.runners.ParentRunner.runChildren(ParentRunner.java:329)
  at org.junit.runners.ParentRunner.access$100(ParentRunner.java:66)
  at org.junit.runners.ParentRunner$2.evaluate(ParentRunner.java:293)
  at org.junit.runners.ParentRunner$3.evaluate(ParentRunner.java:306)
  at org.junit.runners.ParentRunner.run(ParentRunner.java:413)
  at org.junit.runner.JUnitCore.run(JUnitCore.java:137)
  at org.junit.runner.JUnitCore.run(JUnitCore.java:115)
  at org.gradle.api.internal.tasks.testing.junit.JUnitTestExecutor.runRequest(JUnitTestExecutor.java:175)
  at org.gradle.api.internal.tasks.testing.junit.JUnitTestExecutor.accept(JUnitTestExecutor.java:84)
  at org.gradle.api.internal.tasks.testing.junit.JUnitTestExecutor.accept(JUnitTestExecutor.java:47)
  at org.gradle.api.internal.tasks.testing.junit.AbstractJUnitTestDefinitionProcessor.processTestDefinition(AbstractJUnitTestDefinitionProcessor.java:65)
  at org.gradle.api.internal.tasks.testing.SuiteTestDefinitionProcessor.processTestDefinition(SuiteTestDefinitionProcessor.java:54)
  at java.base/jdk.internal.reflect.DirectMethodHandleAccessor.invoke(DirectMethodHandleAccessor.java:104)
  at java.base/java.lang.reflect.Method.invoke(Method.java:565)
  at org.gradle.internal.dispatch.MethodInvocation.invokeOn(MethodInvocation.java:77)
  at org.gradle.internal.dispatch.ReflectionDispatch.dispatch(ReflectionDispatch.java:28)
  at org.gradle.internal.dispatch.ReflectionDispatch.dispatch(ReflectionDispatch.java:19)
  at org.gradle.internal.dispatch.ContextClassLoaderDispatch.dispatch(ContextClassLoaderDispatch.java:33)
  at org.gradle.internal.dispatch.ProxyDispatchAdapter$DispatchingInvocationHandler.invoke(ProxyDispatchAdapter.java:88)
  at jdk.proxy1/jdk.proxy1.$Proxy4.processTestDefinition(Unknown Source)
  at org.gradle.api.internal.tasks.testing.worker.TestWorker$2.run(TestWorker.java:178)
  at org.gradle.api.internal.tasks.testing.worker.TestWorker.executeAndMaintainThreadName(TestWorker.java:126)
  at org.gradle.api.internal.tasks.testing.worker.TestWorker.execute(TestWorker.java:103)
  at org.gradle.api.internal.tasks.testing.worker.TestWorker.execute(TestWorker.java:63)
  at org.gradle.process.internal.worker.child.ActionExecutionWorker.execute(ActionExecutionWorker.java:56)
  at org.gradle.process.internal.worker.child.SystemApplicationClassLoaderWorker.call(SystemApplicationClassLoaderWorker.java:122)
  at org.gradle.process.internal.worker.child.SystemApplicationClassLoaderWorker.call(SystemApplicationClassLoaderWorker.java:72)
  at worker.org.gradle.process.internal.worker.GradleWorkerMain.run(GradleWorkerMain.java:69)
  at worker.org.gradle.process.internal.worker.GradleWorkerMain.main(GradleWorkerMain.java:74)
</stacktrace>
</test-failure>


TypeScriptCompilerTests_A[jvm] > assignmentIndexedToPrimitives_ts has expected errors matching assignmentIndexedToPrimitives_errors_txt[jvm] FAILED

<test-failure test="com.xemantic.typescript.compiler.TypeScriptCompilerTests_A.arrayIterationLibES5TargetDifferent_ts__nolib_true_target_es2015__has expected errors matching baseline" platform="jvm">
<message>
Expected diagnostics from baseline typescript-repo/tests/baselines/reference/arrayIterationLibES5TargetDifferent(nolib=true,target=es2015).errors.txt but none produced
</message>
<stacktrace>
  at com.xemantic.typescript.compiler.TypeScriptTestSupportKt.errorsMatchBaseline(TypeScriptTestSupport.kt:125)
  at com.xemantic.typescript.compiler.TypeScriptCompilerTests_A.arrayIterationLibES5TargetDifferent_ts__nolib_true_target_es2015__has expected errors matching baseline(TypeScriptCompilerTests_A.kt:2499)
  at java.base/jdk.internal.reflect.DirectMethodHandleAccessor.invoke(DirectMethodHandleAccessor.java:104)
  at java.base/java.lang.reflect.Method.invoke(Method.java:565)
  at org.junit.runners.model.FrameworkMethod$1.runReflectiveCall(FrameworkMethod.java:59)
  at org.junit.internal.runners.model.ReflectiveCallable.run(ReflectiveCallable.java:12)
  at org.junit.runners.model.FrameworkMethod.invokeExplosively(FrameworkMethod.java:56)
  at org.junit.internal.runners.statements.InvokeMethod.evaluate(InvokeMethod.java:17)
  at org.junit.runners.ParentRunner$3.evaluate(ParentRunner.java:306)
  at org.junit.runners.BlockJUnit4ClassRunner$1.evaluate(BlockJUnit4ClassRunner.java:100)
  at org.junit.runners.ParentRunner.runLeaf(ParentRunner.java:366)
  at org.junit.runners.BlockJUnit4ClassRunner.runChild(BlockJUnit4ClassRunner.java:103)
  at org.junit.runners.BlockJUnit4ClassRunner.runChild(BlockJUnit4ClassRunner.java:63)
  at org.junit.runners.ParentRunner$4.run(ParentRunner.java:331)
  at org.junit.runners.ParentRunner$1.schedule(ParentRunner.java:79)
  at org.junit.runners.ParentRunner.runChildren(ParentRunner.java:329)
  at org.junit.runners.ParentRunner.access$100(ParentRunner.java:66)
  at org.junit.runners.ParentRunner$2.evaluate(ParentRunner.java:293)
  at org.junit.runners.ParentRunner$3.evaluate(ParentRunner.java:306)
  at org.junit.runners.ParentRunner.run(ParentRunner.java:413)
  at org.junit.runner.JUnitCore.run(JUnitCore.java:137)
  at org.junit.runner.JUnitCore.run(JUnitCore.java:115)
  at org.gradle.api.internal.tasks.testing.junit.JUnitTestExecutor.runRequest(JUnitTestExecutor.java:175)
  at org.gradle.api.internal.tasks.testing.junit.JUnitTestExecutor.accept(JUnitTestExecutor.java:84)
  at org.gradle.api.internal.tasks.testing.junit.JUnitTestExecutor.accept(JUnitTestExecutor.java:47)
  at org.gradle.api.internal.tasks.testing.junit.AbstractJUnitTestDefinitionProcessor.processTestDefinition(AbstractJUnitTestDefinitionProcessor.java:65)
  at org.gradle.api.internal.tasks.testing.SuiteTestDefinitionProcessor.processTestDefinition(SuiteTestDefinitionProcessor.java:54)
  at java.base/jdk.internal.reflect.DirectMethodHandleAccessor.invoke(DirectMethodHandleAccessor.java:104)
  at java.base/java.lang.reflect.Method.invoke(Method.java:565)
  at org.gradle.internal.dispatch.MethodInvocation.invokeOn(MethodInvocation.java:77)
  at org.gradle.internal.dispatch.ReflectionDispatch.dispatch(ReflectionDispatch.java:28)
  at org.gradle.internal.dispatch.ReflectionDispatch.dispatch(ReflectionDispatch.java:19)
  at org.gradle.internal.dispatch.ContextClassLoaderDispatch.dispatch(ContextClassLoaderDispatch.java:33)
  at org.gradle.internal.dispatch.ProxyDispatchAdapter$DispatchingInvocationHandler.invoke(ProxyDispatchAdapter.java:88)
  at jdk.proxy1/jdk.proxy1.$Proxy4.processTestDefinition(Unknown Source)
  at org.gradle.api.internal.tasks.testing.worker.TestWorker$2.run(TestWorker.java:178)
  at org.gradle.api.internal.tasks.testing.worker.TestWorker.executeAndMaintainThreadName(TestWorker.java:126)
  at org.gradle.api.internal.tasks.testing.worker.TestWorker.execute(TestWorker.java:103)
  at org.gradle.api.internal.tasks.testing.worker.TestWorker.execute(TestWorker.java:63)
  at org.gradle.process.internal.worker.child.ActionExecutionWorker.execute(ActionExecutionWorker.java:56)
  at org.gradle.process.internal.worker.child.SystemApplicationClassLoaderWorker.call(SystemApplicationClassLoaderWorker.java:122)
  at org.gradle.process.internal.worker.child.SystemApplicationClassLoaderWorker.call(SystemApplicationClassLoaderWorker.java:72)
  at worker.org.gradle.process.internal.worker.GradleWorkerMain.run(GradleWorkerMain.java:69)
  at worker.org.gradle.process.internal.worker.GradleWorkerMain.main(GradleWorkerMain.java:74)
</stacktrace>
</test-failure>


TypeScriptCompilerTests_A[jvm] > arrayIterationLibES5TargetDifferent_ts__nolib_true_target_es2015__has expected errors matching baseline[jvm] FAILED

<test-failure test="com.xemantic.typescript.compiler.TypeScriptCompilerTests_A.allowSyntheticDefaultImports3_ts has expected errors matching allowSyntheticDefaultImports3_errors_txt" platform="jvm">
<message>
--- expected
+++ actual
@@ -1,15 +1,12 @@
 error TS5107: Option 'allowSyntheticDefaultImports=false' is deprecated and will stop functioning in TypeScript 7.0. Specify compilerOption '"ignoreDeprecations": "6.0"' to silence this error.
 error TS5107: Option 'module=System' is deprecated and will stop functioning in TypeScript 7.0. Specify compilerOption '"ignoreDeprecations": "6.0"' to silence this error.
-a.ts(1,8): error TS1192: Module '"b"' has no default export.
 b.ts(2,2): error TS2564: Property 'member' has no initializer and is not definitely assigned in the constructor.
 
 
 !!! error TS5107: Option 'allowSyntheticDefaultImports=false' is deprecated and will stop functioning in TypeScript 7.0. Specify compilerOption '"ignoreDeprecations": "6.0"' to silence this error.
 !!! error TS5107: Option 'module=System' is deprecated and will stop functioning in TypeScript 7.0. Specify compilerOption '"ignoreDeprecations": "6.0"' to silence this error.
-==== a.ts (1 errors) ====
+==== a.ts (0 errors) ====
     import Namespace from "./b";
-           ~~~~~~~~~
-!!! error TS1192: Module '"b"' has no default export.
     export var x = new Namespace.Foo();
     
 ==== b.ts (1 errors) ====

</message>
<stacktrace>
  at org.junit.Assert.fail(Assert.java:89)
  at kotlin.test.junit.JUnitAsserter.fail(JUnitSupport.kt:56)
  at kotlin.test.AssertionsKt__AssertionsKt.fail(Assertions.kt:563)
  at kotlin.test.AssertionsKt.fail(Unknown Source)
  at com.xemantic.kotlin.test.SameAsKt.sameAs(SameAs.kt:52)
  at com.xemantic.typescript.compiler.TypeScriptTestSupportKt.errorsMatchBaseline(TypeScriptTestSupport.kt:135)
  at com.xemantic.typescript.compiler.TypeScriptCompilerTests_A.allowSyntheticDefaultImports3_ts has expected errors matching allowSyntheticDefaultImports3_errors_txt(TypeScriptCompilerTests_A.kt:924)
  at java.base/jdk.internal.reflect.DirectMethodHandleAccessor.invoke(DirectMethodHandleAccessor.java:104)
  at java.base/java.lang.reflect.Method.invoke(Method.java:565)
  at org.junit.runners.model.FrameworkMethod$1.runReflectiveCall(FrameworkMethod.java:59)
  at org.junit.internal.runners.model.ReflectiveCallable.run(ReflectiveCallable.java:12)
  at org.junit.runners.model.FrameworkMethod.invokeExplosively(FrameworkMethod.java:56)
  at org.junit.internal.runners.statements.InvokeMethod.evaluate(InvokeMethod.java:17)
  at org.junit.runners.ParentRunner$3.evaluate(ParentRunner.java:306)
  at org.junit.runners.BlockJUnit4ClassRunner$1.evaluate(BlockJUnit4ClassRunner.java:100)
  at org.junit.runners.ParentRunner.runLeaf(ParentRunner.java:366)
  at org.junit.runners.BlockJUnit4ClassRunner.runChild(BlockJUnit4ClassRunner.java:103)
  at org.junit.runners.BlockJUnit4ClassRunner.runChild(BlockJUnit4ClassRunner.java:63)
  at org.junit.runners.ParentRunner$4.run(ParentRunner.java:331)
  at org.junit.runners.ParentRunner$1.schedule(ParentRunner.java:79)
  at org.junit.runners.ParentRunner.runChildren(ParentRunner.java:329)
  at org.junit.runners.ParentRunner.access$100(ParentRunner.java:66)
  at org.junit.runners.ParentRunner$2.evaluate(ParentRunner.java:293)
  at org.junit.runners.ParentRunner$3.evaluate(ParentRunner.java:306)
  at org.junit.runners.ParentRunner.run(ParentRunner.java:413)
  at org.junit.runner.JUnitCore.run(JUnitCore.java:137)
  at org.junit.runner.JUnitCore.run(JUnitCore.java:115)
  at org.gradle.api.internal.tasks.testing.junit.JUnitTestExecutor.runRequest(JUnitTestExecutor.java:175)
  at org.gradle.api.internal.tasks.testing.junit.JUnitTestExecutor.accept(JUnitTestExecutor.java:84)
  at org.gradle.api.internal.tasks.testing.junit.JUnitTestExecutor.accept(JUnitTestExecutor.java:47)
  at org.gradle.api.internal.tasks.testing.junit.AbstractJUnitTestDefinitionProcessor.processTestDefinition(AbstractJUnitTestDefinitionProcessor.java:65)
  at org.gradle.api.internal.tasks.testing.SuiteTestDefinitionProcessor.processTestDefinition(SuiteTestDefinitionProcessor.java:54)
  at java.base/jdk.internal.reflect.DirectMethodHandleAccessor.invoke(DirectMethodHandleAccessor.java:104)
  at java.base/java.lang.reflect.Method.invoke(Method.java:565)
  at org.gradle.internal.dispatch.MethodInvocation.invokeOn(MethodInvocation.java:77)
  at org.gradle.internal.dispatch.ReflectionDispatch.dispatch(ReflectionDispatch.java:28)
  at org.gradle.internal.dispatch.ReflectionDispatch.dispatch(ReflectionDispatch.java:19)
  at org.gradle.internal.dispatch.ContextClassLoaderDispatch.dispatch(ContextClassLoaderDispatch.java:33)
  at org.gradle.internal.dispatch.ProxyDispatchAdapter$DispatchingInvocationHandler.invoke(ProxyDispatchAdapter.java:88)
  at jdk.proxy1/jdk.proxy1.$Proxy4.processTestDefinition(Unknown Source)
  at org.gradle.api.internal.tasks.testing.worker.TestWorker$2.run(TestWorker.java:178)
  at org.gradle.api.internal.tasks.testing.worker.TestWorker.executeAndMaintainThreadName(TestWorker.java:126)
  at org.gradle.api.internal.tasks.testing.worker.TestWorker.execute(TestWorker.java:103)
  at org.gradle.api.internal.tasks.testing.worker.TestWorker.execute(TestWorker.java:63)
  at org.gradle.process.internal.worker.child.ActionExecutionWorker.execute(ActionExecutionWorker.java:56)
  at org.gradle.process.internal.worker.child.SystemApplicationClassLoaderWorker.call(SystemApplicationClassLoaderWorker.java:122)
  at org.gradle.process.internal.worker.child.SystemApplicationClassLoaderWorker.call(SystemApplicationClassLoaderWorker.java:72)
  at worker.org.gradle.process.internal.worker.GradleWorkerMain.run(GradleWorkerMain.java:69)
  at worker.org.gradle.process.internal.worker.GradleWorkerMain.main(GradleWorkerMain.java:74)
</stacktrace>
</test-failure>


TypeScriptCompilerTests_A[jvm] > allowSyntheticDefaultImports3_ts has expected errors matching allowSyntheticDefaultImports3_errors_txt[jvm] FAILED

<test-failure test="com.xemantic.typescript.compiler.TypeScriptCompilerTests_A.arrayConcatMap_ts has expected errors matching arrayConcatMap_errors_txt" platform="jvm">
<message>
Expected diagnostics from baseline typescript-repo/tests/baselines/reference/arrayConcatMap.errors.txt but none produced
</message>
<stacktrace>
  at com.xemantic.typescript.compiler.TypeScriptTestSupportKt.errorsMatchBaseline(TypeScriptTestSupport.kt:125)
  at com.xemantic.typescript.compiler.TypeScriptCompilerTests_A.arrayConcatMap_ts has expected errors matching arrayConcatMap_errors_txt(TypeScriptCompilerTests_A.kt:2338)
  at java.base/jdk.internal.reflect.DirectMethodHandleAccessor.invoke(DirectMethodHandleAccessor.java:104)
  at java.base/java.lang.reflect.Method.invoke(Method.java:565)
  at org.junit.runners.model.FrameworkMethod$1.runReflectiveCall(FrameworkMethod.java:59)
  at org.junit.internal.runners.model.ReflectiveCallable.run(ReflectiveCallable.java:12)
  at org.junit.runners.model.FrameworkMethod.invokeExplosively(FrameworkMethod.java:56)
  at org.junit.internal.runners.statements.InvokeMethod.evaluate(InvokeMethod.java:17)
  at org.junit.runners.ParentRunner$3.evaluate(ParentRunner.java:306)
  at org.junit.runners.BlockJUnit4ClassRunner$1.evaluate(BlockJUnit4ClassRunner.java:100)
  at org.junit.runners.ParentRunner.runLeaf(ParentRunner.java:366)
  at org.junit.runners.BlockJUnit4ClassRunner.runChild(BlockJUnit4ClassRunner.java:103)
  at org.junit.runners.BlockJUnit4ClassRunner.runChild(BlockJUnit4ClassRunner.java:63)
  at org.junit.runners.ParentRunner$4.run(ParentRunner.java:331)
  at org.junit.runners.ParentRunner$1.schedule(ParentRunner.java:79)
  at org.junit.runners.ParentRunner.runChildren(ParentRunner.java:329)
  at org.junit.runners.ParentRunner.access$100(ParentRunner.java:66)
  at org.junit.runners.ParentRunner$2.evaluate(ParentRunner.java:293)
  at org.junit.runners.ParentRunner$3.evaluate(ParentRunner.java:306)
  at org.junit.runners.ParentRunner.run(ParentRunner.java:413)
  at org.junit.runner.JUnitCore.run(JUnitCore.java:137)
  at org.junit.runner.JUnitCore.run(JUnitCore.java:115)
  at org.gradle.api.internal.tasks.testing.junit.JUnitTestExecutor.runRequest(JUnitTestExecutor.java:175)
  at org.gradle.api.internal.tasks.testing.junit.JUnitTestExecutor.accept(JUnitTestExecutor.java:84)
  at org.gradle.api.internal.tasks.testing.junit.JUnitTestExecutor.accept(JUnitTestExecutor.java:47)
  at org.gradle.api.internal.tasks.testing.junit.AbstractJUnitTestDefinitionProcessor.processTestDefinition(AbstractJUnitTestDefinitionProcessor.java:65)
  at org.gradle.api.internal.tasks.testing.SuiteTestDefinitionProcessor.processTestDefinition(SuiteTestDefinitionProcessor.java:54)
  at java.base/jdk.internal.reflect.DirectMethodHandleAccessor.invoke(DirectMethodHandleAccessor.java:104)
  at java.base/java.lang.reflect.Method.invoke(Method.java:565)
  at org.gradle.internal.dispatch.MethodInvocation.invokeOn(MethodInvocation.java:77)
  at org.gradle.internal.dispatch.ReflectionDispatch.dispatch(ReflectionDispatch.java:28)
  at org.gradle.internal.dispatch.ReflectionDispatch.dispatch(ReflectionDispatch.java:19)
  at org.gradle.internal.dispatch.ContextClassLoaderDispatch.dispatch(ContextClassLoaderDispatch.java:33)
  at org.gradle.internal.dispatch.ProxyDispatchAdapter$DispatchingInvocationHandler.invoke(ProxyDispatchAdapter.java:88)
  at jdk.proxy1/jdk.proxy1.$Proxy4.processTestDefinition(Unknown Source)
  at org.gradle.api.internal.tasks.testing.worker.TestWorker$2.run(TestWorker.java:178)
  at org.gradle.api.internal.tasks.testing.worker.TestWorker.executeAndMaintainThreadName(TestWorker.java:126)
  at org.gradle.api.internal.tasks.testing.worker.TestWorker.execute(TestWorker.java:103)
  at org.gradle.api.internal.tasks.testing.worker.TestWorker.execute(TestWorker.java:63)
  at org.gradle.process.internal.worker.child.ActionExecutionWorker.execute(ActionExecutionWorker.java:56)
  at org.gradle.process.internal.worker.child.SystemApplicationClassLoaderWorker.call(SystemApplicationClassLoaderWorker.java:122)
  at org.gradle.process.internal.worker.child.SystemApplicationClassLoaderWorker.call(SystemApplicationClassLoaderWorker.java:72)
  at worker.org.gradle.process.internal.worker.GradleWorkerMain.run(GradleWorkerMain.java:69)
  at worker.org.gradle.process.internal.worker.GradleWorkerMain.main(GradleWorkerMain.java:74)
</stacktrace>
</test-failure>


TypeScriptCompilerTests_A[jvm] > arrayConcatMap_ts has expected errors matching arrayConcatMap_errors_txt[jvm] FAILED

<test-failure test="com.xemantic.typescript.compiler.TypeScriptCompilerTests_A.augmentExportEquals1_1_ts has expected errors matching augmentExportEquals1_1_errors_txt" platform="jvm">
<message>
--- expected
+++ actual
@@ -1,29 +1,23 @@
 error TS5107: Option 'module=AMD' is deprecated and will stop functioning in TypeScript 7.0. Specify compilerOption '"ignoreDeprecations": "6.0"' to silence this error.
-file2.ts(6,16): error TS2671: Cannot augment module 'file1' because it resolves to a non-module entity.
-file3.ts(3,8): error TS2503: Cannot find namespace 'x'.
 
 
 !!! error TS5107: Option 'module=AMD' is deprecated and will stop functioning in TypeScript 7.0. Specify compilerOption '"ignoreDeprecations": "6.0"' to silence this error.
-==== file3.ts (1 errors) ====
+==== file3.ts (0 errors) ====
     import x = require("file1");
     import "file2";
     let a: x.A; // should not work
-           ~
-!!! error TS2503: Cannot find namespace 'x'.
 ==== file1.d.ts (0 errors) ====
     declare module "file1" {
         var x: number;
         export = x;
     }
     
-==== file2.ts (1 errors) ====
+==== file2.ts (0 errors) ====
     /// <reference path="file1.d.ts"/>
     import x = require("file1"); 
     
     // augmentation for 'file1'
     // should error since 'file1' does not have namespace meaning
     declare module "file1" {
-                   ~~~~~~~
-!!! error TS2671: Cannot augment module 'file1' because it resolves to a non-module entity.
         interface A { a }
     }

</message>
<stacktrace>
  at org.junit.Assert.fail(Assert.java:89)
  at kotlin.test.junit.JUnitAsserter.fail(JUnitSupport.kt:56)
  at kotlin.test.AssertionsKt__AssertionsKt.fail(Assertions.kt:563)
  at kotlin.test.AssertionsKt.fail(Unknown Source)
  at com.xemantic.kotlin.test.SameAsKt.sameAs(SameAs.kt:52)
  at com.xemantic.typescript.compiler.TypeScriptTestSupportKt.errorsMatchBaseline(TypeScriptTestSupport.kt:135)
  at com.xemantic.typescript.compiler.TypeScriptCompilerTests_A.augmentExportEquals1_1_ts has expected errors matching augmentExportEquals1_1_errors_txt(TypeScriptCompilerTests_A.kt:4186)
  at java.base/jdk.internal.reflect.DirectMethodHandleAccessor.invoke(DirectMethodHandleAccessor.java:104)
  at java.base/java.lang.reflect.Method.invoke(Method.java:565)
  at org.junit.runners.model.FrameworkMethod$1.runReflectiveCall(FrameworkMethod.java:59)
  at org.junit.internal.runners.model.ReflectiveCallable.run(ReflectiveCallable.java:12)
  at org.junit.runners.model.FrameworkMethod.invokeExplosively(FrameworkMethod.java:56)
  at org.junit.internal.runners.statements.InvokeMethod.evaluate(InvokeMethod.java:17)
  at org.junit.runners.ParentRunner$3.evaluate(ParentRunner.java:306)
  at org.junit.runners.BlockJUnit4ClassRunner$1.evaluate(BlockJUnit4ClassRunner.java:100)
  at org.junit.runners.ParentRunner.runLeaf(ParentRunner.java:366)
  at org.junit.runners.BlockJUnit4ClassRunner.runChild(BlockJUnit4ClassRunner.java:103)
  at org.junit.runners.BlockJUnit4ClassRunner.runChild(BlockJUnit4ClassRunner.java:63)
  at org.junit.runners.ParentRunner$4.run(ParentRunner.java:331)
  at org.junit.runners.ParentRunner$1.schedule(ParentRunner.java:79)
  at org.junit.runners.ParentRunner.runChildren(ParentRunner.java:329)
  at org.junit.runners.ParentRunner.access$100(ParentRunner.java:66)
  at org.junit.runners.ParentRunner$2.evaluate(ParentRunner.java:293)
  at org.junit.runners.ParentRunner$3.evaluate(ParentRunner.java:306)
  at org.junit.runners.ParentRunner.run(ParentRunner.java:413)
  at org.junit.runner.JUnitCore.run(JUnitCore.java:137)
  at org.junit.runner.JUnitCore.run(JUnitCore.java:115)
  at org.gradle.api.internal.tasks.testing.junit.JUnitTestExecutor.runRequest(JUnitTestExecutor.java:175)
  at org.gradle.api.internal.tasks.testing.junit.JUnitTestExecutor.accept(JUnitTestExecutor.java:84)
  at org.gradle.api.internal.tasks.testing.junit.JUnitTestExecutor.accept(JUnitTestExecutor.java:47)
  at org.gradle.api.internal.tasks.testing.junit.AbstractJUnitTestDefinitionProcessor.processTestDefinition(AbstractJUnitTestDefinitionProcessor.java:65)
  at org.gradle.api.internal.tasks.testing.SuiteTestDefinitionProcessor.processTestDefinition(SuiteTestDefinitionProcessor.java:54)
  at java.base/jdk.internal.reflect.DirectMethodHandleAccessor.invoke(DirectMethodHandleAccessor.java:104)
  at java.base/java.lang.reflect.Method.invoke(Method.java:565)
  at org.gradle.internal.dispatch.MethodInvocation.invokeOn(MethodInvocation.java:77)
  at org.gradle.internal.dispatch.ReflectionDispatch.dispatch(ReflectionDispatch.java:28)
  at org.gradle.internal.dispatch.ReflectionDispatch.dispatch(ReflectionDispatch.java:19)
  at org.gradle.internal.dispatch.ContextClassLoaderDispatch.dispatch(ContextClassLoaderDispatch.java:33)
  at org.gradle.internal.dispatch.ProxyDispatchAdapter$DispatchingInvocationHandler.invoke(ProxyDispatchAdapter.java:88)
  at jdk.proxy1/jdk.proxy1.$Proxy4.processTestDefinition(Unknown Source)
  at org.gradle.api.internal.tasks.testing.worker.TestWorker$2.run(TestWorker.java:178)
  at org.gradle.api.internal.tasks.testing.worker.TestWorker.executeAndMaintainThreadName(TestWorker.java:126)
  at org.gradle.api.internal.tasks.testing.worker.TestWorker.execute(TestWorker.java:103)
  at org.gradle.api.internal.tasks.testing.worker.TestWorker.execute(TestWorker.java:63)
  at org.gradle.process.internal.worker.child.ActionExecutionWorker.execute(ActionExecutionWorker.java:56)
  at org.gradle.process.internal.worker.child.SystemApplicationClassLoaderWorker.call(SystemApplicationClassLoaderWorker.java:122)
  at org.gradle.process.internal.worker.child.SystemApplicationClassLoaderWorker.call(SystemApplicationClassLoaderWorker.java:72)
  at worker.org.gradle.process.internal.worker.GradleWorkerMain.run(GradleWorkerMain.java:69)
  at worker.org.gradle.process.internal.worker.GradleWorkerMain.main(GradleWorkerMain.java:74)
</stacktrace>
</test-failure>


TypeScriptCompilerTests_A[jvm] > augmentExportEquals1_1_ts has expected errors matching augmentExportEquals1_1_errors_txt[jvm] FAILED

<test-failure test="com.xemantic.typescript.compiler.TypeScriptCompilerTests_A.assignmentCompatability_checking-apply-member-off-of-function-interface_ts has expected errors matching assignmentCompatability_checking-apply-member-off-of-function-interface_errors_txt" platform="jvm">
<message>
Expected diagnostics from baseline typescript-repo/tests/baselines/reference/assignmentCompatability_checking-apply-member-off-of-function-interface.errors.txt but none produced
</message>
<stacktrace>
  at com.xemantic.typescript.compiler.TypeScriptTestSupportKt.errorsMatchBaseline(TypeScriptTestSupport.kt:125)
  at com.xemantic.typescript.compiler.TypeScriptCompilerTests_A.assignmentCompatability_checking-apply-member-off-of-function-interface_ts has expected errors matching assignmentCompatability_checking-apply-member-off-of-function-interface_errors_txt(TypeScriptCompilerTests_A.kt:3829)
  at java.base/jdk.internal.reflect.DirectMethodHandleAccessor.invoke(DirectMethodHandleAccessor.java:104)
  at java.base/java.lang.reflect.Method.invoke(Method.java:565)
  at org.junit.runners.model.FrameworkMethod$1.runReflectiveCall(FrameworkMethod.java:59)
  at org.junit.internal.runners.model.ReflectiveCallable.run(ReflectiveCallable.java:12)
  at org.junit.runners.model.FrameworkMethod.invokeExplosively(FrameworkMethod.java:56)
  at org.junit.internal.runners.statements.InvokeMethod.evaluate(InvokeMethod.java:17)
  at org.junit.runners.ParentRunner$3.evaluate(ParentRunner.java:306)
  at org.junit.runners.BlockJUnit4ClassRunner$1.evaluate(BlockJUnit4ClassRunner.java:100)
  at org.junit.runners.ParentRunner.runLeaf(ParentRunner.java:366)
  at org.junit.runners.BlockJUnit4ClassRunner.runChild(BlockJUnit4ClassRunner.java:103)
  at org.junit.runners.BlockJUnit4ClassRunner.runChild(BlockJUnit4ClassRunner.java:63)
  at org.junit.runners.ParentRunner$4.run(ParentRunner.java:331)
  at org.junit.runners.ParentRunner$1.schedule(ParentRunner.java:79)
  at org.junit.runners.ParentRunner.runChildren(ParentRunner.java:329)
  at org.junit.runners.ParentRunner.access$100(ParentRunner.java:66)
  at org.junit.runners.ParentRunner$2.evaluate(ParentRunner.java:293)
  at org.junit.runners.ParentRunner$3.evaluate(ParentRunner.java:306)
  at org.junit.runners.ParentRunner.run(ParentRunner.java:413)
  at org.junit.runner.JUnitCore.run(JUnitCore.java:137)
  at org.junit.runner.JUnitCore.run(JUnitCore.java:115)
  at org.gradle.api.internal.tasks.testing.junit.JUnitTestExecutor.runRequest(JUnitTestExecutor.java:175)
  at org.gradle.api.internal.tasks.testing.junit.JUnitTestExecutor.accept(JUnitTestExecutor.java:84)
  at org.gradle.api.internal.tasks.testing.junit.JUnitTestExecutor.accept(JUnitTestExecutor.java:47)
  at org.gradle.api.internal.tasks.testing.junit.AbstractJUnitTestDefinitionProcessor.processTestDefinition(AbstractJUnitTestDefinitionProcessor.java:65)
  at org.gradle.api.internal.tasks.testing.SuiteTestDefinitionProcessor.processTestDefinition(SuiteTestDefinitionProcessor.java:54)
  at java.base/jdk.internal.reflect.DirectMethodHandleAccessor.invoke(DirectMethodHandleAccessor.java:104)
  at java.base/java.lang.reflect.Method.invoke(Method.java:565)
  at org.gradle.internal.dispatch.MethodInvocation.invokeOn(MethodInvocation.java:77)
  at org.gradle.internal.dispatch.ReflectionDispatch.dispatch(ReflectionDispatch.java:28)
  at org.gradle.internal.dispatch.ReflectionDispatch.dispatch(ReflectionDispatch.java:19)
  at org.gradle.internal.dispatch.ContextClassLoaderDispatch.dispatch(ContextClassLoaderDispatch.java:33)
  at org.gradle.internal.dispatch.ProxyDispatchAdapter$DispatchingInvocationHandler.invoke(ProxyDispatchAdapter.java:88)
  at jdk.proxy1/jdk.proxy1.$Proxy4.processTestDefinition(Unknown Source)
  at org.gradle.api.internal.tasks.testing.worker.TestWorker$2.run(TestWorker.java:178)
  at org.gradle.api.internal.tasks.testing.worker.TestWorker.executeAndMaintainThreadName(TestWorker.java:126)
  at org.gradle.api.internal.tasks.testing.worker.TestWorker.execute(TestWorker.java:103)
  at org.gradle.api.internal.tasks.testing.worker.TestWorker.execute(TestWorker.java:63)
  at org.gradle.process.internal.worker.child.ActionExecutionWorker.execute(ActionExecutionWorker.java:56)
  at org.gradle.process.internal.worker.child.SystemApplicationClassLoaderWorker.call(SystemApplicationClassLoaderWorker.java:122)
  at org.gradle.process.internal.worker.child.SystemApplicationClassLoaderWorker.call(SystemApplicationClassLoaderWorker.java:72)
  at worker.org.gradle.process.internal.worker.GradleWorkerMain.run(GradleWorkerMain.java:69)
  at worker.org.gradle.process.internal.worker.GradleWorkerMain.main(GradleWorkerMain.java:74)
</stacktrace>
</test-failure>


TypeScriptCompilerTests_A[jvm] > assignmentCompatability_checking-apply-member-off-of-function-interface_ts has expected errors matching assignmentCompatability_checking-apply-member-off-of-function-interface_errors_txt[jvm] FAILED

<test-failure test="com.xemantic.typescript.compiler.TypeScriptCompilerTests_A.aliasOnMergedModuleInterface_ts compiles to JavaScript matching aliasOnMergedModuleInterface_js" platform="jvm">
<message>
--- expected
+++ actual
@@ -26,5 +26,7 @@
 //// [aliasOnMergedModuleInterface_1.js]
 "use strict";
 Object.defineProperty(exports, "__esModule", { value: true });
+///<reference path='aliasOnMergedModuleInterface_0.ts' />
+const foo = require("foo");
 z.bar("hello"); // This should be ok
 var x = foo.bar("hello"); // foo.A should be ok but foo.bar should be error

</message>
<stacktrace>
  at org.junit.Assert.fail(Assert.java:89)
  at kotlin.test.junit.JUnitAsserter.fail(JUnitSupport.kt:56)
  at kotlin.test.AssertionsKt__AssertionsKt.fail(Assertions.kt:563)
  at kotlin.test.AssertionsKt.fail(Unknown Source)
  at com.xemantic.kotlin.test.SameAsKt.sameAs(SameAs.kt:52)
  at com.xemantic.typescript.compiler.TypeScriptTestSupportKt.sameAs(TypeScriptTestSupport.kt:99)
  at com.xemantic.typescript.compiler.TypeScriptCompilerTests_A.aliasOnMergedModuleInterface_ts compiles to JavaScript matching aliasOnMergedModuleInterface_js(TypeScriptCompilerTests_A.kt:658)
  at java.base/jdk.internal.reflect.DirectMethodHandleAccessor.invoke(DirectMethodHandleAccessor.java:104)
  at java.base/java.lang.reflect.Method.invoke(Method.java:565)
  at org.junit.runners.model.FrameworkMethod$1.runReflectiveCall(FrameworkMethod.java:59)
  at org.junit.internal.runners.model.ReflectiveCallable.run(ReflectiveCallable.java:12)
  at org.junit.runners.model.FrameworkMethod.invokeExplosively(FrameworkMethod.java:56)
  at org.junit.internal.runners.statements.InvokeMethod.evaluate(InvokeMethod.java:17)
  at org.junit.runners.ParentRunner$3.evaluate(ParentRunner.java:306)
  at org.junit.runners.BlockJUnit4ClassRunner$1.evaluate(BlockJUnit4ClassRunner.java:100)
  at org.junit.runners.ParentRunner.runLeaf(ParentRunner.java:366)
  at org.junit.runners.BlockJUnit4ClassRunner.runChild(BlockJUnit4ClassRunner.java:103)
  at org.junit.runners.BlockJUnit4ClassRunner.runChild(BlockJUnit4ClassRunner.java:63)
  at org.junit.runners.ParentRunner$4.run(ParentRunner.java:331)
  at org.junit.runners.ParentRunner$1.schedule(ParentRunner.java:79)
  at org.junit.runners.ParentRunner.runChildren(ParentRunner.java:329)
  at org.junit.runners.ParentRunner.access$100(ParentRunner.java:66)
  at org.junit.runners.ParentRunner$2.evaluate(ParentRunner.java:293)
  at org.junit.runners.ParentRunner$3.evaluate(ParentRunner.java:306)
  at org.junit.runners.ParentRunner.run(ParentRunner.java:413)
  at org.junit.runner.JUnitCore.run(JUnitCore.java:137)
  at org.junit.runner.JUnitCore.run(JUnitCore.java:115)
  at org.gradle.api.internal.tasks.testing.junit.JUnitTestExecutor.runRequest(JUnitTestExecutor.java:175)
  at org.gradle.api.internal.tasks.testing.junit.JUnitTestExecutor.accept(JUnitTestExecutor.java:84)
  at org.gradle.api.internal.tasks.testing.junit.JUnitTestExecutor.accept(JUnitTestExecutor.java:47)
  at org.gradle.api.internal.tasks.testing.junit.AbstractJUnitTestDefinitionProcessor.processTestDefinition(AbstractJUnitTestDefinitionProcessor.java:65)
  at org.gradle.api.internal.tasks.testing.SuiteTestDefinitionProcessor.processTestDefinition(SuiteTestDefinitionProcessor.java:54)
  at java.base/jdk.internal.reflect.DirectMethodHandleAccessor.invoke(DirectMethodHandleAccessor.java:104)
  at java.base/java.lang.reflect.Method.invoke(Method.java:565)
  at org.gradle.internal.dispatch.MethodInvocation.invokeOn(MethodInvocation.java:77)
  at org.gradle.internal.dispatch.ReflectionDispatch.dispatch(ReflectionDispatch.java:28)
  at org.gradle.internal.dispatch.ReflectionDispatch.dispatch(ReflectionDispatch.java:19)
  at org.gradle.internal.dispatch.ContextClassLoaderDispatch.dispatch(ContextClassLoaderDispatch.java:33)
  at org.gradle.internal.dispatch.ProxyDispatchAdapter$DispatchingInvocationHandler.invoke(ProxyDispatchAdapter.java:88)
  at jdk.proxy1/jdk.proxy1.$Proxy4.processTestDefinition(Unknown Source)
  at org.gradle.api.internal.tasks.testing.worker.TestWorker$2.run(TestWorker.java:178)
  at org.gradle.api.internal.tasks.testing.worker.TestWorker.executeAndMaintainThreadName(TestWorker.java:126)
  at org.gradle.api.internal.tasks.testing.worker.TestWorker.execute(TestWorker.java:103)
  at org.gradle.api.internal.tasks.testing.worker.TestWorker.execute(TestWorker.java:63)
  at org.gradle.process.internal.worker.child.ActionExecutionWorker.execute(ActionExecutionWorker.java:56)
  at org.gradle.process.internal.worker.child.SystemApplicationClassLoaderWorker.call(SystemApplicationClassLoaderWorker.java:122)
  at org.gradle.process.internal.worker.child.SystemApplicationClassLoaderWorker.call(SystemApplicationClassLoaderWorker.java:72)
  at worker.org.gradle.process.internal.worker.GradleWorkerMain.run(GradleWorkerMain.java:69)
  at worker.org.gradle.process.internal.worker.GradleWorkerMain.main(GradleWorkerMain.java:74)
</stacktrace>
</test-failure>


TypeScriptCompilerTests_A[jvm] > aliasOnMergedModuleInterface_ts compiles to JavaScript matching aliasOnMergedModuleInterface_js[jvm] FAILED

<test-failure test="com.xemantic.typescript.compiler.TypeScriptCompilerTests_A.augmentExportEquals1_ts has expected errors matching augmentExportEquals1_errors_txt" platform="jvm">
<message>
Expected diagnostics from baseline typescript-repo/tests/baselines/reference/augmentExportEquals1.errors.txt but none produced
</message>
<stacktrace>
  at com.xemantic.typescript.compiler.TypeScriptTestSupportKt.errorsMatchBaseline(TypeScriptTestSupport.kt:125)
  at com.xemantic.typescript.compiler.TypeScriptCompilerTests_A.augmentExportEquals1_ts has expected errors matching augmentExportEquals1_errors_txt(TypeScriptCompilerTests_A.kt:4172)
  at java.base/jdk.internal.reflect.DirectMethodHandleAccessor.invoke(DirectMethodHandleAccessor.java:104)
  at java.base/java.lang.reflect.Method.invoke(Method.java:565)
  at org.junit.runners.model.FrameworkMethod$1.runReflectiveCall(FrameworkMethod.java:59)
  at org.junit.internal.runners.model.ReflectiveCallable.run(ReflectiveCallable.java:12)
  at org.junit.runners.model.FrameworkMethod.invokeExplosively(FrameworkMethod.java:56)
  at org.junit.internal.runners.statements.InvokeMethod.evaluate(InvokeMethod.java:17)
  at org.junit.runners.ParentRunner$3.evaluate(ParentRunner.java:306)
  at org.junit.runners.BlockJUnit4ClassRunner$1.evaluate(BlockJUnit4ClassRunner.java:100)
  at org.junit.runners.ParentRunner.runLeaf(ParentRunner.java:366)
  at org.junit.runners.BlockJUnit4ClassRunner.runChild(BlockJUnit4ClassRunner.java:103)
  at org.junit.runners.BlockJUnit4ClassRunner.runChild(BlockJUnit4ClassRunner.java:63)
  at org.junit.runners.ParentRunner$4.run(ParentRunner.java:331)
  at org.junit.runners.ParentRunner$1.schedule(ParentRunner.java:79)
  at org.junit.runners.ParentRunner.runChildren(ParentRunner.java:329)
  at org.junit.runners.ParentRunner.access$100(ParentRunner.java:66)
  at org.junit.runners.ParentRunner$2.evaluate(ParentRunner.java:293)
  at org.junit.runners.ParentRunner$3.evaluate(ParentRunner.java:306)
  at org.junit.runners.ParentRunner.run(ParentRunner.java:413)
  at org.junit.runner.JUnitCore.run(JUnitCore.java:137)
  at org.junit.runner.JUnitCore.run(JUnitCore.java:115)
  at org.gradle.api.internal.tasks.testing.junit.JUnitTestExecutor.runRequest(JUnitTestExecutor.java:175)
  at org.gradle.api.internal.tasks.testing.junit.JUnitTestExecutor.accept(JUnitTestExecutor.java:84)
  at org.gradle.api.internal.tasks.testing.junit.JUnitTestExecutor.accept(JUnitTestExecutor.java:47)
  at org.gradle.api.internal.tasks.testing.junit.AbstractJUnitTestDefinitionProcessor.processTestDefinition(AbstractJUnitTestDefinitionProcessor.java:65)
  at org.gradle.api.internal.tasks.testing.SuiteTestDefinitionProcessor.processTestDefinition(SuiteTestDefinitionProcessor.java:54)
  at java.base/jdk.internal.reflect.DirectMethodHandleAccessor.invoke(DirectMethodHandleAccessor.java:104)
  at java.base/java.lang.reflect.Method.invoke(Method.java:565)
  at org.gradle.internal.dispatch.MethodInvocation.invokeOn(MethodInvocation.java:77)
  at org.gradle.internal.dispatch.ReflectionDispatch.dispatch(ReflectionDispatch.java:28)
  at org.gradle.internal.dispatch.ReflectionDispatch.dispatch(ReflectionDispatch.java:19)
  at org.gradle.internal.dispatch.ContextClassLoaderDispatch.dispatch(ContextClassLoaderDispatch.java:33)
  at org.gradle.internal.dispatch.ProxyDispatchAdapter$DispatchingInvocationHandler.invoke(ProxyDispatchAdapter.java:88)
  at jdk.proxy1/jdk.proxy1.$Proxy4.processTestDefinition(Unknown Source)
  at org.gradle.api.internal.tasks.testing.worker.TestWorker$2.run(TestWorker.java:178)
  at org.gradle.api.internal.tasks.testing.worker.TestWorker.executeAndMaintainThreadName(TestWorker.java:126)
  at org.gradle.api.internal.tasks.testing.worker.TestWorker.execute(TestWorker.java:103)
  at org.gradle.api.internal.tasks.testing.worker.TestWorker.execute(TestWorker.java:63)
  at org.gradle.process.internal.worker.child.ActionExecutionWorker.execute(ActionExecutionWorker.java:56)
  at org.gradle.process.internal.worker.child.SystemApplicationClassLoaderWorker.call(SystemApplicationClassLoaderWorker.java:122)
  at org.gradle.process.internal.worker.child.SystemApplicationClassLoaderWorker.call(SystemApplicationClassLoaderWorker.java:72)
  at worker.org.gradle.process.internal.worker.GradleWorkerMain.run(GradleWorkerMain.java:69)
  at worker.org.gradle.process.internal.worker.GradleWorkerMain.main(GradleWorkerMain.java:74)
</stacktrace>
</test-failure>


TypeScriptCompilerTests_A[jvm] > augmentExportEquals1_ts has expected errors matching augmentExportEquals1_errors_txt[jvm] FAILED

<test-failure test="com.xemantic.typescript.compiler.TypeScriptCompilerTests_A.augmentExportEquals7_ts has expected errors matching augmentExportEquals7_errors_txt" platform="jvm">
<message>
Expected diagnostics from baseline typescript-repo/tests/baselines/reference/augmentExportEquals7.errors.txt but none produced
</message>
<stacktrace>
  at com.xemantic.typescript.compiler.TypeScriptTestSupportKt.errorsMatchBaseline(TypeScriptTestSupport.kt:125)
  at com.xemantic.typescript.compiler.TypeScriptCompilerTests_A.augmentExportEquals7_ts has expected errors matching augmentExportEquals7_errors_txt(TypeScriptCompilerTests_A.kt:4298)
  at java.base/jdk.internal.reflect.DirectMethodHandleAccessor.invoke(DirectMethodHandleAccessor.java:104)
  at java.base/java.lang.reflect.Method.invoke(Method.java:565)
  at org.junit.runners.model.FrameworkMethod$1.runReflectiveCall(FrameworkMethod.java:59)
  at org.junit.internal.runners.model.ReflectiveCallable.run(ReflectiveCallable.java:12)
  at org.junit.runners.model.FrameworkMethod.invokeExplosively(FrameworkMethod.java:56)
  at org.junit.internal.runners.statements.InvokeMethod.evaluate(InvokeMethod.java:17)
  at org.junit.runners.ParentRunner$3.evaluate(ParentRunner.java:306)
  at org.junit.runners.BlockJUnit4ClassRunner$1.evaluate(BlockJUnit4ClassRunner.java:100)
  at org.junit.runners.ParentRunner.runLeaf(ParentRunner.java:366)
  at org.junit.runners.BlockJUnit4ClassRunner.runChild(BlockJUnit4ClassRunner.java:103)
  at org.junit.runners.BlockJUnit4ClassRunner.runChild(BlockJUnit4ClassRunner.java:63)
  at org.junit.runners.ParentRunner$4.run(ParentRunner.java:331)
  at org.junit.runners.ParentRunner$1.schedule(ParentRunner.java:79)
  at org.junit.runners.ParentRunner.runChildren(ParentRunner.java:329)
  at org.junit.runners.ParentRunner.access$100(ParentRunner.java:66)
  at org.junit.runners.ParentRunner$2.evaluate(ParentRunner.java:293)
  at org.junit.runners.ParentRunner$3.evaluate(ParentRunner.java:306)
  at org.junit.runners.ParentRunner.run(ParentRunner.java:413)
  at org.junit.runner.JUnitCore.run(JUnitCore.java:137)
  at org.junit.runner.JUnitCore.run(JUnitCore.java:115)
  at org.gradle.api.internal.tasks.testing.junit.JUnitTestExecutor.runRequest(JUnitTestExecutor.java:175)
  at org.gradle.api.internal.tasks.testing.junit.JUnitTestExecutor.accept(JUnitTestExecutor.java:84)
  at org.gradle.api.internal.tasks.testing.junit.JUnitTestExecutor.accept(JUnitTestExecutor.java:47)
  at org.gradle.api.internal.tasks.testing.junit.AbstractJUnitTestDefinitionProcessor.processTestDefinition(AbstractJUnitTestDefinitionProcessor.java:65)
  at org.gradle.api.internal.tasks.testing.SuiteTestDefinitionProcessor.processTestDefinition(SuiteTestDefinitionProcessor.java:54)
  at java.base/jdk.internal.reflect.DirectMethodHandleAccessor.invoke(DirectMethodHandleAccessor.java:104)
  at java.base/java.lang.reflect.Method.invoke(Method.java:565)
  at org.gradle.internal.dispatch.MethodInvocation.invokeOn(MethodInvocation.java:77)
  at org.gradle.internal.dispatch.ReflectionDispatch.dispatch(ReflectionDispatch.java:28)
  at org.gradle.internal.dispatch.ReflectionDispatch.dispatch(ReflectionDispatch.java:19)
  at org.gradle.internal.dispatch.ContextClassLoaderDispatch.dispatch(ContextClassLoaderDispatch.java:33)
  at org.gradle.internal.dispatch.ProxyDispatchAdapter$DispatchingInvocationHandler.invoke(ProxyDispatchAdapter.java:88)
  at jdk.proxy1/jdk.proxy1.$Proxy4.processTestDefinition(Unknown Source)
  at org.gradle.api.internal.tasks.testing.worker.TestWorker$2.run(TestWorker.java:178)
  at org.gradle.api.internal.tasks.testing.worker.TestWorker.executeAndMaintainThreadName(TestWorker.java:126)
  at org.gradle.api.internal.tasks.testing.worker.TestWorker.execute(TestWorker.java:103)
  at org.gradle.api.internal.tasks.testing.worker.TestWorker.execute(TestWorker.java:63)
  at org.gradle.process.internal.worker.child.ActionExecutionWorker.execute(ActionExecutionWorker.java:56)
  at org.gradle.process.internal.worker.child.SystemApplicationClassLoaderWorker.call(SystemApplicationClassLoaderWorker.java:122)
  at org.gradle.process.internal.worker.child.SystemApplicationClassLoaderWorker.call(SystemApplicationClassLoaderWorker.java:72)
  at worker.org.gradle.process.internal.worker.GradleWorkerMain.run(GradleWorkerMain.java:69)
  at worker.org.gradle.process.internal.worker.GradleWorkerMain.main(GradleWorkerMain.java:74)
</stacktrace>
</test-failure>


TypeScriptCompilerTests_A[jvm] > augmentExportEquals7_ts has expected errors matching augmentExportEquals7_errors_txt[jvm] FAILED

<test-failure test="com.xemantic.typescript.compiler.TypeScriptCompilerTests_A.allowImportClausesToMergeWithTypes_ts has expected errors matching allowImportClausesToMergeWithTypes_errors_txt" platform="jvm">
<message>
--- expected
+++ actual
@@ -1,12 +1,19 @@
-index.ts(9,10): error TS2749: 'originalZZZ' refers to a value, but is being used as a type here. Did you mean 'typeof originalZZZ'?
+a.ts(1,26): error TS2323: Cannot redeclare exported variable 'default'.
+a.ts(1,26): error TS2528: A module cannot have multiple default exports.
+a.ts(10,17): error TS2528: A module cannot have multiple default exports.
 
 
 ==== b.ts (0 errors) ====
     export const zzz = 123;
     export default zzz;
     
-==== a.ts (0 errors) ====
+==== a.ts (3 errors) ====
     export default interface zzz {
+                             ~~~
+!!! error TS2323: Cannot redeclare exported variable 'default'.
+                             ~~~
+!!! error TS2528: A module cannot have multiple default exports.
+!!! related TS2753 a.ts:10:17: Another export default is here.
         x: string;
     }
     
@@ -16,8 +23,11 @@
     zzz;
     
     export { zzz as default };
+                    ~~~~~~~
+!!! error TS2528: A module cannot have multiple default exports.
+!!! related TS2752 a.ts:1:26: The first export default is here.
     
-==== index.ts (1 errors) ====
+==== index.ts (0 errors) ====
     import zzz from "./a";
     
     const x: zzz = { x: "" };
@@ -27,5 +37,3 @@
     originalZZZ;
     
     const y: originalZZZ = x;
-             ~~~~~~~~~~~
-!!! error TS2749: 'originalZZZ' refers to a value, but is being used as a type here. Did you mean 'typeof originalZZZ'?

</message>
<stacktrace>
  at org.junit.Assert.fail(Assert.java:89)
  at kotlin.test.junit.JUnitAsserter.fail(JUnitSupport.kt:56)
  at kotlin.test.AssertionsKt__AssertionsKt.fail(Assertions.kt:563)
  at kotlin.test.AssertionsKt.fail(Unknown Source)
  at com.xemantic.kotlin.test.SameAsKt.sameAs(SameAs.kt:52)
  at com.xemantic.typescript.compiler.TypeScriptTestSupportKt.errorsMatchBaseline(TypeScriptTestSupport.kt:135)
  at com.xemantic.typescript.compiler.TypeScriptCompilerTests_A.allowImportClausesToMergeWithTypes_ts has expected errors matching allowImportClausesToMergeWithTypes_errors_txt(TypeScriptCompilerTests_A.kt:861)
  at java.base/jdk.internal.reflect.DirectMethodHandleAccessor.invoke(DirectMethodHandleAccessor.java:104)
  at java.base/java.lang.reflect.Method.invoke(Method.java:565)
  at org.junit.runners.model.FrameworkMethod$1.runReflectiveCall(FrameworkMethod.java:59)
  at org.junit.internal.runners.model.ReflectiveCallable.run(ReflectiveCallable.java:12)
  at org.junit.runners.model.FrameworkMethod.invokeExplosively(FrameworkMethod.java:56)
  at org.junit.internal.runners.statements.InvokeMethod.evaluate(InvokeMethod.java:17)
  at org.junit.runners.ParentRunner$3.evaluate(ParentRunner.java:306)
  at org.junit.runners.BlockJUnit4ClassRunner$1.evaluate(BlockJUnit4ClassRunner.java:100)
  at org.junit.runners.ParentRunner.runLeaf(ParentRunner.java:366)
  at org.junit.runners.BlockJUnit4ClassRunner.runChild(BlockJUnit4ClassRunner.java:103)
  at org.junit.runners.BlockJUnit4ClassRunner.runChild(BlockJUnit4ClassRunner.java:63)
  at org.junit.runners.ParentRunner$4.run(ParentRunner.java:331)
  at org.junit.runners.ParentRunner$1.schedule(ParentRunner.java:79)
  at org.junit.runners.ParentRunner.runChildren(ParentRunner.java:329)
  at org.junit.runners.ParentRunner.access$100(ParentRunner.java:66)
  at org.junit.runners.ParentRunner$2.evaluate(ParentRunner.java:293)
  at org.junit.runners.ParentRunner$3.evaluate(ParentRunner.java:306)
  at org.junit.runners.ParentRunner.run(ParentRunner.java:413)
  at org.junit.runner.JUnitCore.run(JUnitCore.java:137)
  at org.junit.runner.JUnitCore.run(JUnitCore.java:115)
  at org.gradle.api.internal.tasks.testing.junit.JUnitTestExecutor.runRequest(JUnitTestExecutor.java:175)
  at org.gradle.api.internal.tasks.testing.junit.JUnitTestExecutor.accept(JUnitTestExecutor.java:84)
  at org.gradle.api.internal.tasks.testing.junit.JUnitTestExecutor.accept(JUnitTestExecutor.java:47)
  at org.gradle.api.internal.tasks.testing.junit.AbstractJUnitTestDefinitionProcessor.processTestDefinition(AbstractJUnitTestDefinitionProcessor.java:65)
  at org.gradle.api.internal.tasks.testing.SuiteTestDefinitionProcessor.processTestDefinition(SuiteTestDefinitionProcessor.java:54)
  at java.base/jdk.internal.reflect.DirectMethodHandleAccessor.invoke(DirectMethodHandleAccessor.java:104)
  at java.base/java.lang.reflect.Method.invoke(Method.java:565)
  at org.gradle.internal.dispatch.MethodInvocation.invokeOn(MethodInvocation.java:77)
  at org.gradle.internal.dispatch.ReflectionDispatch.dispatch(ReflectionDispatch.java:28)
  at org.gradle.internal.dispatch.ReflectionDispatch.dispatch(ReflectionDispatch.java:19)
  at org.gradle.internal.dispatch.ContextClassLoaderDispatch.dispatch(ContextClassLoaderDispatch.java:33)
  at org.gradle.internal.dispatch.ProxyDispatchAdapter$DispatchingInvocationHandler.invoke(ProxyDispatchAdapter.java:88)
  at jdk.proxy1/jdk.proxy1.$Proxy4.processTestDefinition(Unknown Source)
  at org.gradle.api.internal.tasks.testing.worker.TestWorker$2.run(TestWorker.java:178)
  at org.gradle.api.internal.tasks.testing.worker.TestWorker.executeAndMaintainThreadName(TestWorker.java:126)
  at org.gradle.api.internal.tasks.testing.worker.TestWorker.execute(TestWorker.java:103)
  at org.gradle.api.internal.tasks.testing.worker.TestWorker.execute(TestWorker.java:63)
  at org.gradle.process.internal.worker.child.ActionExecutionWorker.execute(ActionExecutionWorker.java:56)
  at org.gradle.process.internal.worker.child.SystemApplicationClassLoaderWorker.call(SystemApplicationClassLoaderWorker.java:122)
  at org.gradle.process.internal.worker.child.SystemApplicationClassLoaderWorker.call(SystemApplicationClassLoaderWorker.java:72)
  at worker.org.gradle.process.internal.worker.GradleWorkerMain.run(GradleWorkerMain.java:69)
  at worker.org.gradle.process.internal.worker.GradleWorkerMain.main(GradleWorkerMain.java:74)
</stacktrace>
</test-failure>


TypeScriptCompilerTests_A[jvm] > allowImportClausesToMergeWithTypes_ts has expected errors matching allowImportClausesToMergeWithTypes_errors_txt[jvm] FAILED

<test-failure test="com.xemantic.typescript.compiler.TypeScriptCompilerTests_A.arrayIterationLibES5TargetDifferent_ts__nolib_false_target_esnext__has expected errors matching baseline" platform="jvm">
<message>
Expected diagnostics from baseline typescript-repo/tests/baselines/reference/arrayIterationLibES5TargetDifferent(nolib=false,target=esnext).errors.txt but none produced
</message>
<stacktrace>
  at com.xemantic.typescript.compiler.TypeScriptTestSupportKt.errorsMatchBaseline(TypeScriptTestSupport.kt:125)
  at com.xemantic.typescript.compiler.TypeScriptCompilerTests_A.arrayIterationLibES5TargetDifferent_ts__nolib_false_target_esnext__has expected errors matching baseline(TypeScriptCompilerTests_A.kt:2527)
  at java.base/jdk.internal.reflect.DirectMethodHandleAccessor.invoke(DirectMethodHandleAccessor.java:104)
  at java.base/java.lang.reflect.Method.invoke(Method.java:565)
  at org.junit.runners.model.FrameworkMethod$1.runReflectiveCall(FrameworkMethod.java:59)
  at org.junit.internal.runners.model.ReflectiveCallable.run(ReflectiveCallable.java:12)
  at org.junit.runners.model.FrameworkMethod.invokeExplosively(FrameworkMethod.java:56)
  at org.junit.internal.runners.statements.InvokeMethod.evaluate(InvokeMethod.java:17)
  at org.junit.runners.ParentRunner$3.evaluate(ParentRunner.java:306)
  at org.junit.runners.BlockJUnit4ClassRunner$1.evaluate(BlockJUnit4ClassRunner.java:100)
  at org.junit.runners.ParentRunner.runLeaf(ParentRunner.java:366)
  at org.junit.runners.BlockJUnit4ClassRunner.runChild(BlockJUnit4ClassRunner.java:103)
  at org.junit.runners.BlockJUnit4ClassRunner.runChild(BlockJUnit4ClassRunner.java:63)
  at org.junit.runners.ParentRunner$4.run(ParentRunner.java:331)
  at org.junit.runners.ParentRunner$1.schedule(ParentRunner.java:79)
  at org.junit.runners.ParentRunner.runChildren(ParentRunner.java:329)
  at org.junit.runners.ParentRunner.access$100(ParentRunner.java:66)
  at org.junit.runners.ParentRunner$2.evaluate(ParentRunner.java:293)
  at org.junit.runners.ParentRunner$3.evaluate(ParentRunner.java:306)
  at org.junit.runners.ParentRunner.run(ParentRunner.java:413)
  at org.junit.runner.JUnitCore.run(JUnitCore.java:137)
  at org.junit.runner.JUnitCore.run(JUnitCore.java:115)
  at org.gradle.api.internal.tasks.testing.junit.JUnitTestExecutor.runRequest(JUnitTestExecutor.java:175)
  at org.gradle.api.internal.tasks.testing.junit.JUnitTestExecutor.accept(JUnitTestExecutor.java:84)
  at org.gradle.api.internal.tasks.testing.junit.JUnitTestExecutor.accept(JUnitTestExecutor.java:47)
  at org.gradle.api.internal.tasks.testing.junit.AbstractJUnitTestDefinitionProcessor.processTestDefinition(AbstractJUnitTestDefinitionProcessor.java:65)
  at org.gradle.api.internal.tasks.testing.SuiteTestDefinitionProcessor.processTestDefinition(SuiteTestDefinitionProcessor.java:54)
  at java.base/jdk.internal.reflect.DirectMethodHandleAccessor.invoke(DirectMethodHandleAccessor.java:104)
  at java.base/java.lang.reflect.Method.invoke(Method.java:565)
  at org.gradle.internal.dispatch.MethodInvocation.invokeOn(MethodInvocation.java:77)
  at org.gradle.internal.dispatch.ReflectionDispatch.dispatch(ReflectionDispatch.java:28)
  at org.gradle.internal.dispatch.ReflectionDispatch.dispatch(ReflectionDispatch.java:19)
  at org.gradle.internal.dispatch.ContextClassLoaderDispatch.dispatch(ContextClassLoaderDispatch.java:33)
  at org.gradle.internal.dispatch.ProxyDispatchAdapter$DispatchingInvocationHandler.invoke(ProxyDispatchAdapter.java:88)
  at jdk.proxy1/jdk.proxy1.$Proxy4.processTestDefinition(Unknown Source)
  at org.gradle.api.internal.tasks.testing.worker.TestWorker$2.run(TestWorker.java:178)
  at org.gradle.api.internal.tasks.testing.worker.TestWorker.executeAndMaintainThreadName(TestWorker.java:126)
  at org.gradle.api.internal.tasks.testing.worker.TestWorker.execute(TestWorker.java:103)
  at org.gradle.api.internal.tasks.testing.worker.TestWorker.execute(TestWorker.java:63)
  at org.gradle.process.internal.worker.child.ActionExecutionWorker.execute(ActionExecutionWorker.java:56)
  at org.gradle.process.internal.worker.child.SystemApplicationClassLoaderWorker.call(SystemApplicationClassLoaderWorker.java:122)
  at org.gradle.process.internal.worker.child.SystemApplicationClassLoaderWorker.call(SystemApplicationClassLoaderWorker.java:72)
  at worker.org.gradle.process.internal.worker.GradleWorkerMain.run(GradleWorkerMain.java:69)
  at worker.org.gradle.process.internal.worker.GradleWorkerMain.main(GradleWorkerMain.java:74)
</stacktrace>
</test-failure>


TypeScriptCompilerTests_A[jvm] > arrayIterationLibES5TargetDifferent_ts__nolib_false_target_esnext__has expected errors matching baseline[jvm] FAILED

<test-failure test="com.xemantic.typescript.compiler.TypeScriptCompilerTests_A.arrayAssignmentTest2_ts has expected errors matching arrayAssignmentTest2_errors_txt" platform="jvm">
<message>
Expected diagnostics from baseline typescript-repo/tests/baselines/reference/arrayAssignmentTest2.errors.txt but none produced
</message>
<stacktrace>
  at com.xemantic.typescript.compiler.TypeScriptTestSupportKt.errorsMatchBaseline(TypeScriptTestSupport.kt:125)
  at com.xemantic.typescript.compiler.TypeScriptCompilerTests_A.arrayAssignmentTest2_ts has expected errors matching arrayAssignmentTest2_errors_txt(TypeScriptCompilerTests_A.kt:2191)
  at java.base/jdk.internal.reflect.DirectMethodHandleAccessor.invoke(DirectMethodHandleAccessor.java:104)
  at java.base/java.lang.reflect.Method.invoke(Method.java:565)
  at org.junit.runners.model.FrameworkMethod$1.runReflectiveCall(FrameworkMethod.java:59)
  at org.junit.internal.runners.model.ReflectiveCallable.run(ReflectiveCallable.java:12)
  at org.junit.runners.model.FrameworkMethod.invokeExplosively(FrameworkMethod.java:56)
  at org.junit.internal.runners.statements.InvokeMethod.evaluate(InvokeMethod.java:17)
  at org.junit.runners.ParentRunner$3.evaluate(ParentRunner.java:306)
  at org.junit.runners.BlockJUnit4ClassRunner$1.evaluate(BlockJUnit4ClassRunner.java:100)
  at org.junit.runners.ParentRunner.runLeaf(ParentRunner.java:366)
  at org.junit.runners.BlockJUnit4ClassRunner.runChild(BlockJUnit4ClassRunner.java:103)
  at org.junit.runners.BlockJUnit4ClassRunner.runChild(BlockJUnit4ClassRunner.java:63)
  at org.junit.runners.ParentRunner$4.run(ParentRunner.java:331)
  at org.junit.runners.ParentRunner$1.schedule(ParentRunner.java:79)
  at org.junit.runners.ParentRunner.runChildren(ParentRunner.java:329)
  at org.junit.runners.ParentRunner.access$100(ParentRunner.java:66)
  at org.junit.runners.ParentRunner$2.evaluate(ParentRunner.java:293)
  at org.junit.runners.ParentRunner$3.evaluate(ParentRunner.java:306)
  at org.junit.runners.ParentRunner.run(ParentRunner.java:413)
  at org.junit.runner.JUnitCore.run(JUnitCore.java:137)
  at org.junit.runner.JUnitCore.run(JUnitCore.java:115)
  at org.gradle.api.internal.tasks.testing.junit.JUnitTestExecutor.runRequest(JUnitTestExecutor.java:175)
  at org.gradle.api.internal.tasks.testing.junit.JUnitTestExecutor.accept(JUnitTestExecutor.java:84)
  at org.gradle.api.internal.tasks.testing.junit.JUnitTestExecutor.accept(JUnitTestExecutor.java:47)
  at org.gradle.api.internal.tasks.testing.junit.AbstractJUnitTestDefinitionProcessor.processTestDefinition(AbstractJUnitTestDefinitionProcessor.java:65)
  at org.gradle.api.internal.tasks.testing.SuiteTestDefinitionProcessor.processTestDefinition(SuiteTestDefinitionProcessor.java:54)
  at java.base/jdk.internal.reflect.DirectMethodHandleAccessor.invoke(DirectMethodHandleAccessor.java:104)
  at java.base/java.lang.reflect.Method.invoke(Method.java:565)
  at org.gradle.internal.dispatch.MethodInvocation.invokeOn(MethodInvocation.java:77)
  at org.gradle.internal.dispatch.ReflectionDispatch.dispatch(ReflectionDispatch.java:28)
  at org.gradle.internal.dispatch.ReflectionDispatch.dispatch(ReflectionDispatch.java:19)
  at org.gradle.internal.dispatch.ContextClassLoaderDispatch.dispatch(ContextClassLoaderDispatch.java:33)
  at org.gradle.internal.dispatch.ProxyDispatchAdapter$DispatchingInvocationHandler.invoke(ProxyDispatchAdapter.java:88)
  at jdk.proxy1/jdk.proxy1.$Proxy4.processTestDefinition(Unknown Source)
  at org.gradle.api.internal.tasks.testing.worker.TestWorker$2.run(TestWorker.java:178)
  at org.gradle.api.internal.tasks.testing.worker.TestWorker.executeAndMaintainThreadName(TestWorker.java:126)
  at org.gradle.api.internal.tasks.testing.worker.TestWorker.execute(TestWorker.java:103)
  at org.gradle.api.internal.tasks.testing.worker.TestWorker.execute(TestWorker.java:63)
  at org.gradle.process.internal.worker.child.ActionExecutionWorker.execute(ActionExecutionWorker.java:56)
  at org.gradle.process.internal.worker.child.SystemApplicationClassLoaderWorker.call(SystemApplicationClassLoaderWorker.java:122)
  at org.gradle.process.internal.worker.child.SystemApplicationClassLoaderWorker.call(SystemApplicationClassLoaderWorker.java:72)
  at worker.org.gradle.process.internal.worker.GradleWorkerMain.run(GradleWorkerMain.java:69)
  at worker.org.gradle.process.internal.worker.GradleWorkerMain.main(GradleWorkerMain.java:74)
</stacktrace>
</test-failure>


TypeScriptCompilerTests_A[jvm] > arrayAssignmentTest2_ts has expected errors matching arrayAssignmentTest2_errors_txt[jvm] FAILED

<test-failure test="com.xemantic.typescript.compiler.TypeScriptCompilerTests_A.arrayAssignmentTest5_ts has expected errors matching arrayAssignmentTest5_errors_txt" platform="jvm">
<message>
--- expected
+++ actual
@@ -1,10 +1,8 @@
 arrayAssignmentTest5.ts(21,66): error TS2366: Function lacks ending return statement and return type does not include 'undefined'.
-arrayAssignmentTest5.ts(23,17): error TS2322: Type 'IToken[]' is not assignable to type 'IStateToken[]'.
-  Property 'state' is missing in type 'IToken' but required in type 'IStateToken'.
 arrayAssignmentTest5.ts(29,13): error TS2322: Type 'null' is not assignable to type 'ILineTokens'.
 
 
-==== arrayAssignmentTest5.ts (3 errors) ====
+==== arrayAssignmentTest5.ts (2 errors) ====
     namespace Test {
         interface IState {
         }
@@ -30,10 +28,6 @@
 !!! error TS2366: Function lacks ending return statement and return type does not include 'undefined'.
                 var lineTokens:ILineTokens= this.tokenize(line, state, true);
                 var tokens:IStateToken[]= lineTokens.tokens;
-                    ~~~~~~
-!!! error TS2322: Type 'IToken[]' is not assignable to type 'IStateToken[]'.
-!!! error TS2322:   Property 'state' is missing in type 'IToken' but required in type 'IStateToken'.
-!!! related TS2728 arrayAssignmentTest5.ts:8:9: 'state' is declared here.
                 if (tokens.length === 0) {
                     return this.onEnter(line, tokens, offset);        // <== this should produce an error since onEnter can not be called with (string, IStateToken[], offset)
                 }

</message>
<stacktrace>
  at org.junit.Assert.fail(Assert.java:89)
  at kotlin.test.junit.JUnitAsserter.fail(JUnitSupport.kt:56)
  at kotlin.test.AssertionsKt__AssertionsKt.fail(Assertions.kt:563)
  at kotlin.test.AssertionsKt.fail(Unknown Source)
  at com.xemantic.kotlin.test.SameAsKt.sameAs(SameAs.kt:52)
  at com.xemantic.typescript.compiler.TypeScriptTestSupportKt.errorsMatchBaseline(TypeScriptTestSupport.kt:135)
  at com.xemantic.typescript.compiler.TypeScriptCompilerTests_A.arrayAssignmentTest5_ts has expected errors matching arrayAssignmentTest5_errors_txt(TypeScriptCompilerTests_A.kt:2233)
  at java.base/jdk.internal.reflect.DirectMethodHandleAccessor.invoke(DirectMethodHandleAccessor.java:104)
  at java.base/java.lang.reflect.Method.invoke(Method.java:565)
  at org.junit.runners.model.FrameworkMethod$1.runReflectiveCall(FrameworkMethod.java:59)
  at org.junit.internal.runners.model.ReflectiveCallable.run(ReflectiveCallable.java:12)
  at org.junit.runners.model.FrameworkMethod.invokeExplosively(FrameworkMethod.java:56)
  at org.junit.internal.runners.statements.InvokeMethod.evaluate(InvokeMethod.java:17)
  at org.junit.runners.ParentRunner$3.evaluate(ParentRunner.java:306)
  at org.junit.runners.BlockJUnit4ClassRunner$1.evaluate(BlockJUnit4ClassRunner.java:100)
  at org.junit.runners.ParentRunner.runLeaf(ParentRunner.java:366)
  at org.junit.runners.BlockJUnit4ClassRunner.runChild(BlockJUnit4ClassRunner.java:103)
  at org.junit.runners.BlockJUnit4ClassRunner.runChild(BlockJUnit4ClassRunner.java:63)
  at org.junit.runners.ParentRunner$4.run(ParentRunner.java:331)
  at org.junit.runners.ParentRunner$1.schedule(ParentRunner.java:79)
  at org.junit.runners.ParentRunner.runChildren(ParentRunner.java:329)
  at org.junit.runners.ParentRunner.access$100(ParentRunner.java:66)
  at org.junit.runners.ParentRunner$2.evaluate(ParentRunner.java:293)
  at org.junit.runners.ParentRunner$3.evaluate(ParentRunner.java:306)
  at org.junit.runners.ParentRunner.run(ParentRunner.java:413)
  at org.junit.runner.JUnitCore.run(JUnitCore.java:137)
  at org.junit.runner.JUnitCore.run(JUnitCore.java:115)
  at org.gradle.api.internal.tasks.testing.junit.JUnitTestExecutor.runRequest(JUnitTestExecutor.java:175)
  at org.gradle.api.internal.tasks.testing.junit.JUnitTestExecutor.accept(JUnitTestExecutor.java:84)
  at org.gradle.api.internal.tasks.testing.junit.JUnitTestExecutor.accept(JUnitTestExecutor.java:47)
  at org.gradle.api.internal.tasks.testing.junit.AbstractJUnitTestDefinitionProcessor.processTestDefinition(AbstractJUnitTestDefinitionProcessor.java:65)
  at org.gradle.api.internal.tasks.testing.SuiteTestDefinitionProcessor.processTestDefinition(SuiteTestDefinitionProcessor.java:54)
  at java.base/jdk.internal.reflect.DirectMethodHandleAccessor.invoke(DirectMethodHandleAccessor.java:104)
  at java.base/java.lang.reflect.Method.invoke(Method.java:565)
  at org.gradle.internal.dispatch.MethodInvocation.invokeOn(MethodInvocation.java:77)
  at org.gradle.internal.dispatch.ReflectionDispatch.dispatch(ReflectionDispatch.java:28)
  at org.gradle.internal.dispatch.ReflectionDispatch.dispatch(ReflectionDispatch.java:19)
  at org.gradle.internal.dispatch.ContextClassLoaderDispatch.dispatch(ContextClassLoaderDispatch.java:33)
  at org.gradle.internal.dispatch.ProxyDispatchAdapter$DispatchingInvocationHandler.invoke(ProxyDispatchAdapter.java:88)
  at jdk.proxy1/jdk.proxy1.$Proxy4.processTestDefinition(Unknown Source)
  at org.gradle.api.internal.tasks.testing.worker.TestWorker$2.run(TestWorker.java:178)
  at org.gradle.api.internal.tasks.testing.worker.TestWorker.executeAndMaintainThreadName(TestWorker.java:126)
  at org.gradle.api.internal.tasks.testing.worker.TestWorker.execute(TestWorker.java:103)
  at org.gradle.api.internal.tasks.testing.worker.TestWorker.execute(TestWorker.java:63)
  at org.gradle.process.internal.worker.child.ActionExecutionWorker.execute(ActionExecutionWorker.java:56)
  at org.gradle.process.internal.worker.child.SystemApplicationClassLoaderWorker.call(SystemApplicationClassLoaderWorker.java:122)
  at org.gradle.process.internal.worker.child.SystemApplicationClassLoaderWorker.call(SystemApplicationClassLoaderWorker.java:72)
  at worker.org.gradle.process.internal.worker.GradleWorkerMain.run(GradleWorkerMain.java:69)
  at worker.org.gradle.process.internal.worker.GradleWorkerMain.main(GradleWorkerMain.java:74)
</stacktrace>
</test-failure>


TypeScriptCompilerTests_A[jvm] > arrayAssignmentTest5_ts has expected errors matching arrayAssignmentTest5_errors_txt[jvm] FAILED

<test-failure test="com.xemantic.typescript.compiler.TypeScriptCompilerTests_A.assignmentCompatInterfaceWithStringIndexSignature_ts has expected errors matching assignmentCompatInterfaceWithStringIndexSignature_errors_txt" platform="jvm">
<message>
Expected diagnostics from baseline typescript-repo/tests/baselines/reference/assignmentCompatInterfaceWithStringIndexSignature.errors.txt but none produced
</message>
<stacktrace>
  at com.xemantic.typescript.compiler.TypeScriptTestSupportKt.errorsMatchBaseline(TypeScriptTestSupport.kt:125)
  at com.xemantic.typescript.compiler.TypeScriptCompilerTests_A.assignmentCompatInterfaceWithStringIndexSignature_ts has expected errors matching assignmentCompatInterfaceWithStringIndexSignature_errors_txt(TypeScriptCompilerTests_A.kt:3206)
  at java.base/jdk.internal.reflect.DirectMethodHandleAccessor.invoke(DirectMethodHandleAccessor.java:104)
  at java.base/java.lang.reflect.Method.invoke(Method.java:565)
  at org.junit.runners.model.FrameworkMethod$1.runReflectiveCall(FrameworkMethod.java:59)
  at org.junit.internal.runners.model.ReflectiveCallable.run(ReflectiveCallable.java:12)
  at org.junit.runners.model.FrameworkMethod.invokeExplosively(FrameworkMethod.java:56)
  at org.junit.internal.runners.statements.InvokeMethod.evaluate(InvokeMethod.java:17)
  at org.junit.runners.ParentRunner$3.evaluate(ParentRunner.java:306)
  at org.junit.runners.BlockJUnit4ClassRunner$1.evaluate(BlockJUnit4ClassRunner.java:100)
  at org.junit.runners.ParentRunner.runLeaf(ParentRunner.java:366)
  at org.junit.runners.BlockJUnit4ClassRunner.runChild(BlockJUnit4ClassRunner.java:103)
  at org.junit.runners.BlockJUnit4ClassRunner.runChild(BlockJUnit4ClassRunner.java:63)
  at org.junit.runners.ParentRunner$4.run(ParentRunner.java:331)
  at org.junit.runners.ParentRunner$1.schedule(ParentRunner.java:79)
  at org.junit.runners.ParentRunner.runChildren(ParentRunner.java:329)
  at org.junit.runners.ParentRunner.access$100(ParentRunner.java:66)
  at org.junit.runners.ParentRunner$2.evaluate(ParentRunner.java:293)
  at org.junit.runners.ParentRunner$3.evaluate(ParentRunner.java:306)
  at org.junit.runners.ParentRunner.run(ParentRunner.java:413)
  at org.junit.runner.JUnitCore.run(JUnitCore.java:137)
  at org.junit.runner.JUnitCore.run(JUnitCore.java:115)
  at org.gradle.api.internal.tasks.testing.junit.JUnitTestExecutor.runRequest(JUnitTestExecutor.java:175)
  at org.gradle.api.internal.tasks.testing.junit.JUnitTestExecutor.accept(JUnitTestExecutor.java:84)
  at org.gradle.api.internal.tasks.testing.junit.JUnitTestExecutor.accept(JUnitTestExecutor.java:47)
  at org.gradle.api.internal.tasks.testing.junit.AbstractJUnitTestDefinitionProcessor.processTestDefinition(AbstractJUnitTestDefinitionProcessor.java:65)
  at org.gradle.api.internal.tasks.testing.SuiteTestDefinitionProcessor.processTestDefinition(SuiteTestDefinitionProcessor.java:54)
  at java.base/jdk.internal.reflect.DirectMethodHandleAccessor.invoke(DirectMethodHandleAccessor.java:104)
  at java.base/java.lang.reflect.Method.invoke(Method.java:565)
  at org.gradle.internal.dispatch.MethodInvocation.invokeOn(MethodInvocation.java:77)
  at org.gradle.internal.dispatch.ReflectionDispatch.dispatch(ReflectionDispatch.java:28)
  at org.gradle.internal.dispatch.ReflectionDispatch.dispatch(ReflectionDispatch.java:19)
  at org.gradle.internal.dispatch.ContextClassLoaderDispatch.dispatch(ContextClassLoaderDispatch.java:33)
  at org.gradle.internal.dispatch.ProxyDispatchAdapter$DispatchingInvocationHandler.invoke(ProxyDispatchAdapter.java:88)
  at jdk.proxy1/jdk.proxy1.$Proxy4.processTestDefinition(Unknown Source)
  at org.gradle.api.internal.tasks.testing.worker.TestWorker$2.run(TestWorker.java:178)
  at org.gradle.api.internal.tasks.testing.worker.TestWorker.executeAndMaintainThreadName(TestWorker.java:126)
  at org.gradle.api.internal.tasks.testing.worker.TestWorker.execute(TestWorker.java:103)
  at org.gradle.api.internal.tasks.testing.worker.TestWorker.execute(TestWorker.java:63)
  at org.gradle.process.internal.worker.child.ActionExecutionWorker.execute(ActionExecutionWorker.java:56)
  at org.gradle.process.internal.worker.child.SystemApplicationClassLoaderWorker.call(SystemApplicationClassLoaderWorker.java:122)
  at org.gradle.process.internal.worker.child.SystemApplicationClassLoaderWorker.call(SystemApplicationClassLoaderWorker.java:72)
  at worker.org.gradle.process.internal.worker.GradleWorkerMain.run(GradleWorkerMain.java:69)
  at worker.org.gradle.process.internal.worker.GradleWorkerMain.main(GradleWorkerMain.java:74)
</stacktrace>
</test-failure>


TypeScriptCompilerTests_A[jvm] > assignmentCompatInterfaceWithStringIndexSignature_ts has expected errors matching assignmentCompatInterfaceWithStringIndexSignature_errors_txt[jvm] FAILED

<test-failure test="com.xemantic.typescript.compiler.TypeScriptCompilerTests_A.assignmentCompatability43_ts has expected errors matching assignmentCompatability43_errors_txt" platform="jvm">
<message>
Expected diagnostics from baseline typescript-repo/tests/baselines/reference/assignmentCompatability43.errors.txt but none produced
</message>
<stacktrace>
  at com.xemantic.typescript.compiler.TypeScriptTestSupportKt.errorsMatchBaseline(TypeScriptTestSupport.kt:125)
  at com.xemantic.typescript.compiler.TypeScriptCompilerTests_A.assignmentCompatability43_ts has expected errors matching assignmentCompatability43_errors_txt(TypeScriptCompilerTests_A.kt:3738)
  at java.base/jdk.internal.reflect.DirectMethodHandleAccessor.invoke(DirectMethodHandleAccessor.java:104)
  at java.base/java.lang.reflect.Method.invoke(Method.java:565)
  at org.junit.runners.model.FrameworkMethod$1.runReflectiveCall(FrameworkMethod.java:59)
  at org.junit.internal.runners.model.ReflectiveCallable.run(ReflectiveCallable.java:12)
  at org.junit.runners.model.FrameworkMethod.invokeExplosively(FrameworkMethod.java:56)
  at org.junit.internal.runners.statements.InvokeMethod.evaluate(InvokeMethod.java:17)
  at org.junit.runners.ParentRunner$3.evaluate(ParentRunner.java:306)
  at org.junit.runners.BlockJUnit4ClassRunner$1.evaluate(BlockJUnit4ClassRunner.java:100)
  at org.junit.runners.ParentRunner.runLeaf(ParentRunner.java:366)
  at org.junit.runners.BlockJUnit4ClassRunner.runChild(BlockJUnit4ClassRunner.java:103)
  at org.junit.runners.BlockJUnit4ClassRunner.runChild(BlockJUnit4ClassRunner.java:63)
  at org.junit.runners.ParentRunner$4.run(ParentRunner.java:331)
  at org.junit.runners.ParentRunner$1.schedule(ParentRunner.java:79)
  at org.junit.runners.ParentRunner.runChildren(ParentRunner.java:329)
  at org.junit.runners.ParentRunner.access$100(ParentRunner.java:66)
  at org.junit.runners.ParentRunner$2.evaluate(ParentRunner.java:293)
  at org.junit.runners.ParentRunner$3.evaluate(ParentRunner.java:306)
  at org.junit.runners.ParentRunner.run(ParentRunner.java:413)
  at org.junit.runner.JUnitCore.run(JUnitCore.java:137)
  at org.junit.runner.JUnitCore.run(JUnitCore.java:115)
  at org.gradle.api.internal.tasks.testing.junit.JUnitTestExecutor.runRequest(JUnitTestExecutor.java:175)
  at org.gradle.api.internal.tasks.testing.junit.JUnitTestExecutor.accept(JUnitTestExecutor.java:84)
  at org.gradle.api.internal.tasks.testing.junit.JUnitTestExecutor.accept(JUnitTestExecutor.java:47)
  at org.gradle.api.internal.tasks.testing.junit.AbstractJUnitTestDefinitionProcessor.processTestDefinition(AbstractJUnitTestDefinitionProcessor.java:65)
  at org.gradle.api.internal.tasks.testing.SuiteTestDefinitionProcessor.processTestDefinition(SuiteTestDefinitionProcessor.java:54)
  at java.base/jdk.internal.reflect.DirectMethodHandleAccessor.invoke(DirectMethodHandleAccessor.java:104)
  at java.base/java.lang.reflect.Method.invoke(Method.java:565)
  at org.gradle.internal.dispatch.MethodInvocation.invokeOn(MethodInvocation.java:77)
  at org.gradle.internal.dispatch.ReflectionDispatch.dispatch(ReflectionDispatch.java:28)
  at org.gradle.internal.dispatch.ReflectionDispatch.dispatch(ReflectionDispatch.java:19)
  at org.gradle.internal.dispatch.ContextClassLoaderDispatch.dispatch(ContextClassLoaderDispatch.java:33)
  at org.gradle.internal.dispatch.ProxyDispatchAdapter$DispatchingInvocationHandler.invoke(ProxyDispatchAdapter.java:88)
  at jdk.proxy1/jdk.proxy1.$Proxy4.processTestDefinition(Unknown Source)
  at org.gradle.api.internal.tasks.testing.worker.TestWorker$2.run(TestWorker.java:178)
  at org.gradle.api.internal.tasks.testing.worker.TestWorker.executeAndMaintainThreadName(TestWorker.java:126)
  at org.gradle.api.internal.tasks.testing.worker.TestWorker.execute(TestWorker.java:103)
  at org.gradle.api.internal.tasks.testing.worker.TestWorker.execute(TestWorker.java:63)
  at org.gradle.process.internal.worker.child.ActionExecutionWorker.execute(ActionExecutionWorker.java:56)
  at org.gradle.process.internal.worker.child.SystemApplicationClassLoaderWorker.call(SystemApplicationClassLoaderWorker.java:122)
  at org.gradle.process.internal.worker.child.SystemApplicationClassLoaderWorker.call(SystemApplicationClassLoaderWorker.java:72)
  at worker.org.gradle.process.internal.worker.GradleWorkerMain.run(GradleWorkerMain.java:69)
  at worker.org.gradle.process.internal.worker.GradleWorkerMain.main(GradleWorkerMain.java:74)
</stacktrace>
</test-failure>


TypeScriptCompilerTests_A[jvm] > assignmentCompatability43_ts has expected errors matching assignmentCompatability43_errors_txt[jvm] FAILED

<test-failure test="com.xemantic.typescript.compiler.TypeScriptCompilerTests_A.allowJscheckJsTypeParameterNoCrash_ts has expected errors matching allowJscheckJsTypeParameterNoCrash_errors_txt" platform="jvm">
<message>
Expected diagnostics from baseline typescript-repo/tests/baselines/reference/allowJscheckJsTypeParameterNoCrash.errors.txt but none produced
</message>
<stacktrace>
  at com.xemantic.typescript.compiler.TypeScriptTestSupportKt.errorsMatchBaseline(TypeScriptTestSupport.kt:125)
  at com.xemantic.typescript.compiler.TypeScriptCompilerTests_A.allowJscheckJsTypeParameterNoCrash_ts has expected errors matching allowJscheckJsTypeParameterNoCrash_errors_txt(TypeScriptCompilerTests_A.kt:875)
  at java.base/jdk.internal.reflect.DirectMethodHandleAccessor.invoke(DirectMethodHandleAccessor.java:104)
  at java.base/java.lang.reflect.Method.invoke(Method.java:565)
  at org.junit.runners.model.FrameworkMethod$1.runReflectiveCall(FrameworkMethod.java:59)
  at org.junit.internal.runners.model.ReflectiveCallable.run(ReflectiveCallable.java:12)
  at org.junit.runners.model.FrameworkMethod.invokeExplosively(FrameworkMethod.java:56)
  at org.junit.internal.runners.statements.InvokeMethod.evaluate(InvokeMethod.java:17)
  at org.junit.runners.ParentRunner$3.evaluate(ParentRunner.java:306)
  at org.junit.runners.BlockJUnit4ClassRunner$1.evaluate(BlockJUnit4ClassRunner.java:100)
  at org.junit.runners.ParentRunner.runLeaf(ParentRunner.java:366)
  at org.junit.runners.BlockJUnit4ClassRunner.runChild(BlockJUnit4ClassRunner.java:103)
  at org.junit.runners.BlockJUnit4ClassRunner.runChild(BlockJUnit4ClassRunner.java:63)
  at org.junit.runners.ParentRunner$4.run(ParentRunner.java:331)
  at org.junit.runners.ParentRunner$1.schedule(ParentRunner.java:79)
  at org.junit.runners.ParentRunner.runChildren(ParentRunner.java:329)
  at org.junit.runners.ParentRunner.access$100(ParentRunner.java:66)
  at org.junit.runners.ParentRunner$2.evaluate(ParentRunner.java:293)
  at org.junit.runners.ParentRunner$3.evaluate(ParentRunner.java:306)
  at org.junit.runners.ParentRunner.run(ParentRunner.java:413)
  at org.junit.runner.JUnitCore.run(JUnitCore.java:137)
  at org.junit.runner.JUnitCore.run(JUnitCore.java:115)
  at org.gradle.api.internal.tasks.testing.junit.JUnitTestExecutor.runRequest(JUnitTestExecutor.java:175)
  at org.gradle.api.internal.tasks.testing.junit.JUnitTestExecutor.accept(JUnitTestExecutor.java:84)
  at org.gradle.api.internal.tasks.testing.junit.JUnitTestExecutor.accept(JUnitTestExecutor.java:47)
  at org.gradle.api.internal.tasks.testing.junit.AbstractJUnitTestDefinitionProcessor.processTestDefinition(AbstractJUnitTestDefinitionProcessor.java:65)
  at org.gradle.api.internal.tasks.testing.SuiteTestDefinitionProcessor.processTestDefinition(SuiteTestDefinitionProcessor.java:54)
  at java.base/jdk.internal.reflect.DirectMethodHandleAccessor.invoke(DirectMethodHandleAccessor.java:104)
  at java.base/java.lang.reflect.Method.invoke(Method.java:565)
  at org.gradle.internal.dispatch.MethodInvocation.invokeOn(MethodInvocation.java:77)
  at org.gradle.internal.dispatch.ReflectionDispatch.dispatch(ReflectionDispatch.java:28)
  at org.gradle.internal.dispatch.ReflectionDispatch.dispatch(ReflectionDispatch.java:19)
  at org.gradle.internal.dispatch.ContextClassLoaderDispatch.dispatch(ContextClassLoaderDispatch.java:33)
  at org.gradle.internal.dispatch.ProxyDispatchAdapter$DispatchingInvocationHandler.invoke(ProxyDispatchAdapter.java:88)
  at jdk.proxy1/jdk.proxy1.$Proxy4.processTestDefinition(Unknown Source)
  at org.gradle.api.internal.tasks.testing.worker.TestWorker$2.run(TestWorker.java:178)
  at org.gradle.api.internal.tasks.testing.worker.TestWorker.executeAndMaintainThreadName(TestWorker.java:126)
  at org.gradle.api.internal.tasks.testing.worker.TestWorker.execute(TestWorker.java:103)
  at org.gradle.api.internal.tasks.testing.worker.TestWorker.execute(TestWorker.java:63)
  at org.gradle.process.internal.worker.child.ActionExecutionWorker.execute(ActionExecutionWorker.java:56)
  at org.gradle.process.internal.worker.child.SystemApplicationClassLoaderWorker.call(SystemApplicationClassLoaderWorker.java:122)
  at org.gradle.process.internal.worker.child.SystemApplicationClassLoaderWorker.call(SystemApplicationClassLoaderWorker.java:72)
  at worker.org.gradle.process.internal.worker.GradleWorkerMain.run(GradleWorkerMain.java:69)
  at worker.org.gradle.process.internal.worker.GradleWorkerMain.main(GradleWorkerMain.java:74)
</stacktrace>
</test-failure>


TypeScriptCompilerTests_A[jvm] > allowJscheckJsTypeParameterNoCrash_ts has expected errors matching allowJscheckJsTypeParameterNoCrash_errors_txt[jvm] FAILED

<test-failure test="com.xemantic.typescript.compiler.TypeScriptCompilerTests_A.assignmentToInstantiationExpression_ts has expected errors matching assignmentToInstantiationExpression_errors_txt" platform="jvm">
<message>
Expected diagnostics from baseline typescript-repo/tests/baselines/reference/assignmentToInstantiationExpression.errors.txt but none produced
</message>
<stacktrace>
  at com.xemantic.typescript.compiler.TypeScriptTestSupportKt.errorsMatchBaseline(TypeScriptTestSupport.kt:125)
  at com.xemantic.typescript.compiler.TypeScriptCompilerTests_A.assignmentToInstantiationExpression_ts has expected errors matching assignmentToInstantiationExpression_errors_txt(TypeScriptCompilerTests_A.kt:3962)
  at java.base/jdk.internal.reflect.DirectMethodHandleAccessor.invoke(DirectMethodHandleAccessor.java:104)
  at java.base/java.lang.reflect.Method.invoke(Method.java:565)
  at org.junit.runners.model.FrameworkMethod$1.runReflectiveCall(FrameworkMethod.java:59)
  at org.junit.internal.runners.model.ReflectiveCallable.run(ReflectiveCallable.java:12)
  at org.junit.runners.model.FrameworkMethod.invokeExplosively(FrameworkMethod.java:56)
  at org.junit.internal.runners.statements.InvokeMethod.evaluate(InvokeMethod.java:17)
  at org.junit.runners.ParentRunner$3.evaluate(ParentRunner.java:306)
  at org.junit.runners.BlockJUnit4ClassRunner$1.evaluate(BlockJUnit4ClassRunner.java:100)
  at org.junit.runners.ParentRunner.runLeaf(ParentRunner.java:366)
  at org.junit.runners.BlockJUnit4ClassRunner.runChild(BlockJUnit4ClassRunner.java:103)
  at org.junit.runners.BlockJUnit4ClassRunner.runChild(BlockJUnit4ClassRunner.java:63)
  at org.junit.runners.ParentRunner$4.run(ParentRunner.java:331)
  at org.junit.runners.ParentRunner$1.schedule(ParentRunner.java:79)
  at org.junit.runners.ParentRunner.runChildren(ParentRunner.java:329)
  at org.junit.runners.ParentRunner.access$100(ParentRunner.java:66)
  at org.junit.runners.ParentRunner$2.evaluate(ParentRunner.java:293)
  at org.junit.runners.ParentRunner$3.evaluate(ParentRunner.java:306)
  at org.junit.runners.ParentRunner.run(ParentRunner.java:413)
  at org.junit.runner.JUnitCore.run(JUnitCore.java:137)
  at org.junit.runner.JUnitCore.run(JUnitCore.java:115)
  at org.gradle.api.internal.tasks.testing.junit.JUnitTestExecutor.runRequest(JUnitTestExecutor.java:175)
  at org.gradle.api.internal.tasks.testing.junit.JUnitTestExecutor.accept(JUnitTestExecutor.java:84)
  at org.gradle.api.internal.tasks.testing.junit.JUnitTestExecutor.accept(JUnitTestExecutor.java:47)
  at org.gradle.api.internal.tasks.testing.junit.AbstractJUnitTestDefinitionProcessor.processTestDefinition(AbstractJUnitTestDefinitionProcessor.java:65)
  at org.gradle.api.internal.tasks.testing.SuiteTestDefinitionProcessor.processTestDefinition(SuiteTestDefinitionProcessor.java:54)
  at java.base/jdk.internal.reflect.DirectMethodHandleAccessor.invoke(DirectMethodHandleAccessor.java:104)
  at java.base/java.lang.reflect.Method.invoke(Method.java:565)
  at org.gradle.internal.dispatch.MethodInvocation.invokeOn(MethodInvocation.java:77)
  at org.gradle.internal.dispatch.ReflectionDispatch.dispatch(ReflectionDispatch.java:28)
  at org.gradle.internal.dispatch.ReflectionDispatch.dispatch(ReflectionDispatch.java:19)
  at org.gradle.internal.dispatch.ContextClassLoaderDispatch.dispatch(ContextClassLoaderDispatch.java:33)
  at org.gradle.internal.dispatch.ProxyDispatchAdapter$DispatchingInvocationHandler.invoke(ProxyDispatchAdapter.java:88)
  at jdk.proxy1/jdk.proxy1.$Proxy4.processTestDefinition(Unknown Source)
  at org.gradle.api.internal.tasks.testing.worker.TestWorker$2.run(TestWorker.java:178)
  at org.gradle.api.internal.tasks.testing.worker.TestWorker.executeAndMaintainThreadName(TestWorker.java:126)
  at org.gradle.api.internal.tasks.testing.worker.TestWorker.execute(TestWorker.java:103)
  at org.gradle.api.internal.tasks.testing.worker.TestWorker.execute(TestWorker.java:63)
  at org.gradle.process.internal.worker.child.ActionExecutionWorker.execute(ActionExecutionWorker.java:56)
  at org.gradle.process.internal.worker.child.SystemApplicationClassLoaderWorker.call(SystemApplicationClassLoaderWorker.java:122)
  at org.gradle.process.internal.worker.child.SystemApplicationClassLoaderWorker.call(SystemApplicationClassLoaderWorker.java:72)
  at worker.org.gradle.process.internal.worker.GradleWorkerMain.run(GradleWorkerMain.java:69)
  at worker.org.gradle.process.internal.worker.GradleWorkerMain.main(GradleWorkerMain.java:74)
</stacktrace>
</test-failure>


TypeScriptCompilerTests_A[jvm] > assignmentToInstantiationExpression_ts has expected errors matching assignmentToInstantiationExpression_errors_txt[jvm] FAILED

<test-failure test="com.xemantic.typescript.compiler.TypeScriptCompilerTests_A.assignmentCompatability11_ts has expected errors matching assignmentCompatability11_errors_txt" platform="jvm">
<message>
Expected diagnostics from baseline typescript-repo/tests/baselines/reference/assignmentCompatability11.errors.txt but none produced
</message>
<stacktrace>
  at com.xemantic.typescript.compiler.TypeScriptTestSupportKt.errorsMatchBaseline(TypeScriptTestSupport.kt:125)
  at com.xemantic.typescript.compiler.TypeScriptCompilerTests_A.assignmentCompatability11_ts has expected errors matching assignmentCompatability11_errors_txt(TypeScriptCompilerTests_A.kt:3255)
  at java.base/jdk.internal.reflect.DirectMethodHandleAccessor.invoke(DirectMethodHandleAccessor.java:104)
  at java.base/java.lang.reflect.Method.invoke(Method.java:565)
  at org.junit.runners.model.FrameworkMethod$1.runReflectiveCall(FrameworkMethod.java:59)
  at org.junit.internal.runners.model.ReflectiveCallable.run(ReflectiveCallable.java:12)
  at org.junit.runners.model.FrameworkMethod.invokeExplosively(FrameworkMethod.java:56)
  at org.junit.internal.runners.statements.InvokeMethod.evaluate(InvokeMethod.java:17)
  at org.junit.runners.ParentRunner$3.evaluate(ParentRunner.java:306)
  at org.junit.runners.BlockJUnit4ClassRunner$1.evaluate(BlockJUnit4ClassRunner.java:100)
  at org.junit.runners.ParentRunner.runLeaf(ParentRunner.java:366)
  at org.junit.runners.BlockJUnit4ClassRunner.runChild(BlockJUnit4ClassRunner.java:103)
  at org.junit.runners.BlockJUnit4ClassRunner.runChild(BlockJUnit4ClassRunner.java:63)
  at org.junit.runners.ParentRunner$4.run(ParentRunner.java:331)
  at org.junit.runners.ParentRunner$1.schedule(ParentRunner.java:79)
  at org.junit.runners.ParentRunner.runChildren(ParentRunner.java:329)
  at org.junit.runners.ParentRunner.access$100(ParentRunner.java:66)
  at org.junit.runners.ParentRunner$2.evaluate(ParentRunner.java:293)
  at org.junit.runners.ParentRunner$3.evaluate(ParentRunner.java:306)
  at org.junit.runners.ParentRunner.run(ParentRunner.java:413)
  at org.junit.runner.JUnitCore.run(JUnitCore.java:137)
  at org.junit.runner.JUnitCore.run(JUnitCore.java:115)
  at org.gradle.api.internal.tasks.testing.junit.JUnitTestExecutor.runRequest(JUnitTestExecutor.java:175)
  at org.gradle.api.internal.tasks.testing.junit.JUnitTestExecutor.accept(JUnitTestExecutor.java:84)
  at org.gradle.api.internal.tasks.testing.junit.JUnitTestExecutor.accept(JUnitTestExecutor.java:47)
  at org.gradle.api.internal.tasks.testing.junit.AbstractJUnitTestDefinitionProcessor.processTestDefinition(AbstractJUnitTestDefinitionProcessor.java:65)
  at org.gradle.api.internal.tasks.testing.SuiteTestDefinitionProcessor.processTestDefinition(SuiteTestDefinitionProcessor.java:54)
  at java.base/jdk.internal.reflect.DirectMethodHandleAccessor.invoke(DirectMethodHandleAccessor.java:104)
  at java.base/java.lang.reflect.Method.invoke(Method.java:565)
  at org.gradle.internal.dispatch.MethodInvocation.invokeOn(MethodInvocation.java:77)
  at org.gradle.internal.dispatch.ReflectionDispatch.dispatch(ReflectionDispatch.java:28)
  at org.gradle.internal.dispatch.ReflectionDispatch.dispatch(ReflectionDispatch.java:19)
  at org.gradle.internal.dispatch.ContextClassLoaderDispatch.dispatch(ContextClassLoaderDispatch.java:33)
  at org.gradle.internal.dispatch.ProxyDispatchAdapter$DispatchingInvocationHandler.invoke(ProxyDispatchAdapter.java:88)
  at jdk.proxy1/jdk.proxy1.$Proxy4.processTestDefinition(Unknown Source)
  at org.gradle.api.internal.tasks.testing.worker.TestWorker$2.run(TestWorker.java:178)
  at org.gradle.api.internal.tasks.testing.worker.TestWorker.executeAndMaintainThreadName(TestWorker.java:126)
  at org.gradle.api.internal.tasks.testing.worker.TestWorker.execute(TestWorker.java:103)
  at org.gradle.api.internal.tasks.testing.worker.TestWorker.execute(TestWorker.java:63)
  at org.gradle.process.internal.worker.child.ActionExecutionWorker.execute(ActionExecutionWorker.java:56)
  at org.gradle.process.internal.worker.child.SystemApplicationClassLoaderWorker.call(SystemApplicationClassLoaderWorker.java:122)
  at org.gradle.process.internal.worker.child.SystemApplicationClassLoaderWorker.call(SystemApplicationClassLoaderWorker.java:72)
  at worker.org.gradle.process.internal.worker.GradleWorkerMain.run(GradleWorkerMain.java:69)
  at worker.org.gradle.process.internal.worker.GradleWorkerMain.main(GradleWorkerMain.java:74)
</stacktrace>
</test-failure>


TypeScriptCompilerTests_A[jvm] > assignmentCompatability11_ts has expected errors matching assignmentCompatability11_errors_txt[jvm] FAILED

<test-failure test="com.xemantic.typescript.compiler.TypeScriptCompilerTests_A.addMoreOverloadsToBaseSignature_ts has expected errors matching addMoreOverloadsToBaseSignature_errors_txt" platform="jvm">
<message>
Expected diagnostics from baseline typescript-repo/tests/baselines/reference/addMoreOverloadsToBaseSignature.errors.txt but none produced
</message>
<stacktrace>
  at com.xemantic.typescript.compiler.TypeScriptTestSupportKt.errorsMatchBaseline(TypeScriptTestSupport.kt:125)
  at com.xemantic.typescript.compiler.TypeScriptCompilerTests_A.addMoreOverloadsToBaseSignature_ts has expected errors matching addMoreOverloadsToBaseSignature_errors_txt(TypeScriptCompilerTests_A.kt:546)
  at java.base/jdk.internal.reflect.DirectMethodHandleAccessor.invoke(DirectMethodHandleAccessor.java:104)
  at java.base/java.lang.reflect.Method.invoke(Method.java:565)
  at org.junit.runners.model.FrameworkMethod$1.runReflectiveCall(FrameworkMethod.java:59)
  at org.junit.internal.runners.model.ReflectiveCallable.run(ReflectiveCallable.java:12)
  at org.junit.runners.model.FrameworkMethod.invokeExplosively(FrameworkMethod.java:56)
  at org.junit.internal.runners.statements.InvokeMethod.evaluate(InvokeMethod.java:17)
  at org.junit.runners.ParentRunner$3.evaluate(ParentRunner.java:306)
  at org.junit.runners.BlockJUnit4ClassRunner$1.evaluate(BlockJUnit4ClassRunner.java:100)
  at org.junit.runners.ParentRunner.runLeaf(ParentRunner.java:366)
  at org.junit.runners.BlockJUnit4ClassRunner.runChild(BlockJUnit4ClassRunner.java:103)
  at org.junit.runners.BlockJUnit4ClassRunner.runChild(BlockJUnit4ClassRunner.java:63)
  at org.junit.runners.ParentRunner$4.run(ParentRunner.java:331)
  at org.junit.runners.ParentRunner$1.schedule(ParentRunner.java:79)
  at org.junit.runners.ParentRunner.runChildren(ParentRunner.java:329)
  at org.junit.runners.ParentRunner.access$100(ParentRunner.java:66)
  at org.junit.runners.ParentRunner$2.evaluate(ParentRunner.java:293)
  at org.junit.runners.ParentRunner$3.evaluate(ParentRunner.java:306)
  at org.junit.runners.ParentRunner.run(ParentRunner.java:413)
  at org.junit.runner.JUnitCore.run(JUnitCore.java:137)
  at org.junit.runner.JUnitCore.run(JUnitCore.java:115)
  at org.gradle.api.internal.tasks.testing.junit.JUnitTestExecutor.runRequest(JUnitTestExecutor.java:175)
  at org.gradle.api.internal.tasks.testing.junit.JUnitTestExecutor.accept(JUnitTestExecutor.java:84)
  at org.gradle.api.internal.tasks.testing.junit.JUnitTestExecutor.accept(JUnitTestExecutor.java:47)
  at org.gradle.api.internal.tasks.testing.junit.AbstractJUnitTestDefinitionProcessor.processTestDefinition(AbstractJUnitTestDefinitionProcessor.java:65)
  at org.gradle.api.internal.tasks.testing.SuiteTestDefinitionProcessor.processTestDefinition(SuiteTestDefinitionProcessor.java:54)
  at java.base/jdk.internal.reflect.DirectMethodHandleAccessor.invoke(DirectMethodHandleAccessor.java:104)
  at java.base/java.lang.reflect.Method.invoke(Method.java:565)
  at org.gradle.internal.dispatch.MethodInvocation.invokeOn(MethodInvocation.java:77)
  at org.gradle.internal.dispatch.ReflectionDispatch.dispatch(ReflectionDispatch.java:28)
  at org.gradle.internal.dispatch.ReflectionDispatch.dispatch(ReflectionDispatch.java:19)
  at org.gradle.internal.dispatch.ContextClassLoaderDispatch.dispatch(ContextClassLoaderDispatch.java:33)
  at org.gradle.internal.dispatch.ProxyDispatchAdapter$DispatchingInvocationHandler.invoke(ProxyDispatchAdapter.java:88)
  at jdk.proxy1/jdk.proxy1.$Proxy4.processTestDefinition(Unknown Source)
  at org.gradle.api.internal.tasks.testing.worker.TestWorker$2.run(TestWorker.java:178)
  at org.gradle.api.internal.tasks.testing.worker.TestWorker.executeAndMaintainThreadName(TestWorker.java:126)
  at org.gradle.api.internal.tasks.testing.worker.TestWorker.execute(TestWorker.java:103)
  at org.gradle.api.internal.tasks.testing.worker.TestWorker.execute(TestWorker.java:63)
  at org.gradle.process.internal.worker.child.ActionExecutionWorker.execute(ActionExecutionWorker.java:56)
  at org.gradle.process.internal.worker.child.SystemApplicationClassLoaderWorker.call(SystemApplicationClassLoaderWorker.java:122)
  at org.gradle.process.internal.worker.child.SystemApplicationClassLoaderWorker.call(SystemApplicationClassLoaderWorker.java:72)
  at worker.org.gradle.process.internal.worker.GradleWorkerMain.run(GradleWorkerMain.java:69)
  at worker.org.gradle.process.internal.worker.GradleWorkerMain.main(GradleWorkerMain.java:74)
</stacktrace>
</test-failure>


TypeScriptCompilerTests_A[jvm] > addMoreOverloadsToBaseSignature_ts has expected errors matching addMoreOverloadsToBaseSignature_errors_txt[jvm] FAILED

<test-failure test="com.xemantic.typescript.compiler.TypeScriptCompilerTests_A.assignmentCompatability15_ts has expected errors matching assignmentCompatability15_errors_txt" platform="jvm">
<message>
Expected diagnostics from baseline typescript-repo/tests/baselines/reference/assignmentCompatability15.errors.txt but none produced
</message>
<stacktrace>
  at com.xemantic.typescript.compiler.TypeScriptTestSupportKt.errorsMatchBaseline(TypeScriptTestSupport.kt:125)
  at com.xemantic.typescript.compiler.TypeScriptCompilerTests_A.assignmentCompatability15_ts has expected errors matching assignmentCompatability15_errors_txt(TypeScriptCompilerTests_A.kt:3311)
  at java.base/jdk.internal.reflect.DirectMethodHandleAccessor.invoke(DirectMethodHandleAccessor.java:104)
  at java.base/java.lang.reflect.Method.invoke(Method.java:565)
  at org.junit.runners.model.FrameworkMethod$1.runReflectiveCall(FrameworkMethod.java:59)
  at org.junit.internal.runners.model.ReflectiveCallable.run(ReflectiveCallable.java:12)
  at org.junit.runners.model.FrameworkMethod.invokeExplosively(FrameworkMethod.java:56)
  at org.junit.internal.runners.statements.InvokeMethod.evaluate(InvokeMethod.java:17)
  at org.junit.runners.ParentRunner$3.evaluate(ParentRunner.java:306)
  at org.junit.runners.BlockJUnit4ClassRunner$1.evaluate(BlockJUnit4ClassRunner.java:100)
  at org.junit.runners.ParentRunner.runLeaf(ParentRunner.java:366)
  at org.junit.runners.BlockJUnit4ClassRunner.runChild(BlockJUnit4ClassRunner.java:103)
  at org.junit.runners.BlockJUnit4ClassRunner.runChild(BlockJUnit4ClassRunner.java:63)
  at org.junit.runners.ParentRunner$4.run(ParentRunner.java:331)
  at org.junit.runners.ParentRunner$1.schedule(ParentRunner.java:79)
  at org.junit.runners.ParentRunner.runChildren(ParentRunner.java:329)
  at org.junit.runners.ParentRunner.access$100(ParentRunner.java:66)
  at org.junit.runners.ParentRunner$2.evaluate(ParentRunner.java:293)
  at org.junit.runners.ParentRunner$3.evaluate(ParentRunner.java:306)
  at org.junit.runners.ParentRunner.run(ParentRunner.java:413)
  at org.junit.runner.JUnitCore.run(JUnitCore.java:137)
  at org.junit.runner.JUnitCore.run(JUnitCore.java:115)
  at org.gradle.api.internal.tasks.testing.junit.JUnitTestExecutor.runRequest(JUnitTestExecutor.java:175)
  at org.gradle.api.internal.tasks.testing.junit.JUnitTestExecutor.accept(JUnitTestExecutor.java:84)
  at org.gradle.api.internal.tasks.testing.junit.JUnitTestExecutor.accept(JUnitTestExecutor.java:47)
  at org.gradle.api.internal.tasks.testing.junit.AbstractJUnitTestDefinitionProcessor.processTestDefinition(AbstractJUnitTestDefinitionProcessor.java:65)
  at org.gradle.api.internal.tasks.testing.SuiteTestDefinitionProcessor.processTestDefinition(SuiteTestDefinitionProcessor.java:54)
  at java.base/jdk.internal.reflect.DirectMethodHandleAccessor.invoke(DirectMethodHandleAccessor.java:104)
  at java.base/java.lang.reflect.Method.invoke(Method.java:565)
  at org.gradle.internal.dispatch.MethodInvocation.invokeOn(MethodInvocation.java:77)
  at org.gradle.internal.dispatch.ReflectionDispatch.dispatch(ReflectionDispatch.java:28)
  at org.gradle.internal.dispatch.ReflectionDispatch.dispatch(ReflectionDispatch.java:19)
  at org.gradle.internal.dispatch.ContextClassLoaderDispatch.dispatch(ContextClassLoaderDispatch.java:33)
  at org.gradle.internal.dispatch.ProxyDispatchAdapter$DispatchingInvocationHandler.invoke(ProxyDispatchAdapter.java:88)
  at jdk.proxy1/jdk.proxy1.$Proxy4.processTestDefinition(Unknown Source)
  at org.gradle.api.internal.tasks.testing.worker.TestWorker$2.run(TestWorker.java:178)
  at org.gradle.api.internal.tasks.testing.worker.TestWorker.executeAndMaintainThreadName(TestWorker.java:126)
  at org.gradle.api.internal.tasks.testing.worker.TestWorker.execute(TestWorker.java:103)
  at org.gradle.api.internal.tasks.testing.worker.TestWorker.execute(TestWorker.java:63)
  at org.gradle.process.internal.worker.child.ActionExecutionWorker.execute(ActionExecutionWorker.java:56)
  at org.gradle.process.internal.worker.child.SystemApplicationClassLoaderWorker.call(SystemApplicationClassLoaderWorker.java:122)
  at org.gradle.process.internal.worker.child.SystemApplicationClassLoaderWorker.call(SystemApplicationClassLoaderWorker.java:72)
  at worker.org.gradle.process.internal.worker.GradleWorkerMain.run(GradleWorkerMain.java:69)
  at worker.org.gradle.process.internal.worker.GradleWorkerMain.main(GradleWorkerMain.java:74)
</stacktrace>
</test-failure>


TypeScriptCompilerTests_A[jvm] > assignmentCompatability15_ts has expected errors matching assignmentCompatability15_errors_txt[jvm] FAILED

<test-failure test="com.xemantic.typescript.compiler.TypeScriptCompilerTests_A.anonymousClassExpression2_ts has expected errors matching anonymousClassExpression2_errors_txt" platform="jvm">
<message>
Expected diagnostics from baseline typescript-repo/tests/baselines/reference/anonymousClassExpression2.errors.txt but none produced
</message>
<stacktrace>
  at com.xemantic.typescript.compiler.TypeScriptTestSupportKt.errorsMatchBaseline(TypeScriptTestSupport.kt:125)
  at com.xemantic.typescript.compiler.TypeScriptCompilerTests_A.anonymousClassExpression2_ts has expected errors matching anonymousClassExpression2_errors_txt(TypeScriptCompilerTests_A.kt:1673)
  at java.base/jdk.internal.reflect.DirectMethodHandleAccessor.invoke(DirectMethodHandleAccessor.java:104)
  at java.base/java.lang.reflect.Method.invoke(Method.java:565)
  at org.junit.runners.model.FrameworkMethod$1.runReflectiveCall(FrameworkMethod.java:59)
  at org.junit.internal.runners.model.ReflectiveCallable.run(ReflectiveCallable.java:12)
  at org.junit.runners.model.FrameworkMethod.invokeExplosively(FrameworkMethod.java:56)
  at org.junit.internal.runners.statements.InvokeMethod.evaluate(InvokeMethod.java:17)
  at org.junit.runners.ParentRunner$3.evaluate(ParentRunner.java:306)
  at org.junit.runners.BlockJUnit4ClassRunner$1.evaluate(BlockJUnit4ClassRunner.java:100)
  at org.junit.runners.ParentRunner.runLeaf(ParentRunner.java:366)
  at org.junit.runners.BlockJUnit4ClassRunner.runChild(BlockJUnit4ClassRunner.java:103)
  at org.junit.runners.BlockJUnit4ClassRunner.runChild(BlockJUnit4ClassRunner.java:63)
  at org.junit.runners.ParentRunner$4.run(ParentRunner.java:331)
  at org.junit.runners.ParentRunner$1.schedule(ParentRunner.java:79)
  at org.junit.runners.ParentRunner.runChildren(ParentRunner.java:329)
  at org.junit.runners.ParentRunner.access$100(ParentRunner.java:66)
  at org.junit.runners.ParentRunner$2.evaluate(ParentRunner.java:293)
  at org.junit.runners.ParentRunner$3.evaluate(ParentRunner.java:306)
  at org.junit.runners.ParentRunner.run(ParentRunner.java:413)
  at org.junit.runner.JUnitCore.run(JUnitCore.java:137)
  at org.junit.runner.JUnitCore.run(JUnitCore.java:115)
  at org.gradle.api.internal.tasks.testing.junit.JUnitTestExecutor.runRequest(JUnitTestExecutor.java:175)
  at org.gradle.api.internal.tasks.testing.junit.JUnitTestExecutor.accept(JUnitTestExecutor.java:84)
  at org.gradle.api.internal.tasks.testing.junit.JUnitTestExecutor.accept(JUnitTestExecutor.java:47)
  at org.gradle.api.internal.tasks.testing.junit.AbstractJUnitTestDefinitionProcessor.processTestDefinition(AbstractJUnitTestDefinitionProcessor.java:65)
  at org.gradle.api.internal.tasks.testing.SuiteTestDefinitionProcessor.processTestDefinition(SuiteTestDefinitionProcessor.java:54)
  at java.base/jdk.internal.reflect.DirectMethodHandleAccessor.invoke(DirectMethodHandleAccessor.java:104)
  at java.base/java.lang.reflect.Method.invoke(Method.java:565)
  at org.gradle.internal.dispatch.MethodInvocation.invokeOn(MethodInvocation.java:77)
  at org.gradle.internal.dispatch.ReflectionDispatch.dispatch(ReflectionDispatch.java:28)
  at org.gradle.internal.dispatch.ReflectionDispatch.dispatch(ReflectionDispatch.java:19)
  at org.gradle.internal.dispatch.ContextClassLoaderDispatch.dispatch(ContextClassLoaderDispatch.java:33)
  at org.gradle.internal.dispatch.ProxyDispatchAdapter$DispatchingInvocationHandler.invoke(ProxyDispatchAdapter.java:88)
  at jdk.proxy1/jdk.proxy1.$Proxy4.processTestDefinition(Unknown Source)
  at org.gradle.api.internal.tasks.testing.worker.TestWorker$2.run(TestWorker.java:178)
  at org.gradle.api.internal.tasks.testing.worker.TestWorker.executeAndMaintainThreadName(TestWorker.java:126)
  at org.gradle.api.internal.tasks.testing.worker.TestWorker.execute(TestWorker.java:103)
  at org.gradle.api.internal.tasks.testing.worker.TestWorker.execute(TestWorker.java:63)
  at org.gradle.process.internal.worker.child.ActionExecutionWorker.execute(ActionExecutionWorker.java:56)
  at org.gradle.process.internal.worker.child.SystemApplicationClassLoaderWorker.call(SystemApplicationClassLoaderWorker.java:122)
  at org.gradle.process.internal.worker.child.SystemApplicationClassLoaderWorker.call(SystemApplicationClassLoaderWorker.java:72)
  at worker.org.gradle.process.internal.worker.GradleWorkerMain.run(GradleWorkerMain.java:69)
  at worker.org.gradle.process.internal.worker.GradleWorkerMain.main(GradleWorkerMain.java:74)
</stacktrace>
</test-failure>


TypeScriptCompilerTests_A[jvm] > anonymousClassExpression2_ts has expected errors matching anonymousClassExpression2_errors_txt[jvm] FAILED

<test-failure test="com.xemantic.typescript.compiler.TypeScriptCompilerTests_A.arrayIterationLibES5TargetDifferent_ts__nolib_false_target_es5__has expected errors matching baseline" platform="jvm">
<message>
--- expected
+++ actual
@@ -1,10 +1,8 @@
 error TS5107: Option 'target=ES5' is deprecated and will stop functioning in TypeScript 7.0. Specify compilerOption '"ignoreDeprecations": "6.0"' to silence this error.
-arrayIterationLibES5TargetDifferent.ts(15,17): error TS2495: Type 'number' is not an array type or a string type.
-arrayIterationLibES5TargetDifferent.ts(21,17): error TS2495: Type '{ foo: string; }' is not an array type or a string type.
 
 
 !!! error TS5107: Option 'target=ES5' is deprecated and will stop functioning in TypeScript 7.0. Specify compilerOption '"ignoreDeprecations": "6.0"' to silence this error.
-==== arrayIterationLibES5TargetDifferent.ts (2 errors) ====
+==== arrayIterationLibES5TargetDifferent.ts (0 errors) ====
     declare function log(message?: any): void;
     
     for (const x of [1, 2, 3]) {
@@ -20,15 +18,11 @@
     declare const aNumber: number;
     
     for (const x of aNumber) {
-                    ~~~~~~~
-!!! error TS2495: Type 'number' is not an array type or a string type.
         log(x);
     }
     
     declare const anObject: { foo: string };
     
     for (const x of anObject) {
-                    ~~~~~~~~
-!!! error TS2495: Type '{ foo: string; }' is not an array type or a string type.
         log(x);
     }

</message>
<stacktrace>
  at org.junit.Assert.fail(Assert.java:89)
  at kotlin.test.junit.JUnitAsserter.fail(JUnitSupport.kt:56)
  at kotlin.test.AssertionsKt__AssertionsKt.fail(Assertions.kt:563)
  at kotlin.test.AssertionsKt.fail(Unknown Source)
  at com.xemantic.kotlin.test.SameAsKt.sameAs(SameAs.kt:52)
  at com.xemantic.typescript.compiler.TypeScriptTestSupportKt.errorsMatchBaseline(TypeScriptTestSupport.kt:135)
  at com.xemantic.typescript.compiler.TypeScriptCompilerTests_A.arrayIterationLibES5TargetDifferent_ts__nolib_false_target_es5__has expected errors matching baseline(TypeScriptCompilerTests_A.kt:2513)
  at java.base/jdk.internal.reflect.DirectMethodHandleAccessor.invoke(DirectMethodHandleAccessor.java:104)
  at java.base/java.lang.reflect.Method.invoke(Method.java:565)
  at org.junit.runners.model.FrameworkMethod$1.runReflectiveCall(FrameworkMethod.java:59)
  at org.junit.internal.runners.model.ReflectiveCallable.run(ReflectiveCallable.java:12)
  at org.junit.runners.model.FrameworkMethod.invokeExplosively(FrameworkMethod.java:56)
  at org.junit.internal.runners.statements.InvokeMethod.evaluate(InvokeMethod.java:17)
  at org.junit.runners.ParentRunner$3.evaluate(ParentRunner.java:306)
  at org.junit.runners.BlockJUnit4ClassRunner$1.evaluate(BlockJUnit4ClassRunner.java:100)
  at org.junit.runners.ParentRunner.runLeaf(ParentRunner.java:366)
  at org.junit.runners.BlockJUnit4ClassRunner.runChild(BlockJUnit4ClassRunner.java:103)
  at org.junit.runners.BlockJUnit4ClassRunner.runChild(BlockJUnit4ClassRunner.java:63)
  at org.junit.runners.ParentRunner$4.run(ParentRunner.java:331)
  at org.junit.runners.ParentRunner$1.schedule(ParentRunner.java:79)
  at org.junit.runners.ParentRunner.runChildren(ParentRunner.java:329)
  at org.junit.runners.ParentRunner.access$100(ParentRunner.java:66)
  at org.junit.runners.ParentRunner$2.evaluate(ParentRunner.java:293)
  at org.junit.runners.ParentRunner$3.evaluate(ParentRunner.java:306)
  at org.junit.runners.ParentRunner.run(ParentRunner.java:413)
  at org.junit.runner.JUnitCore.run(JUnitCore.java:137)
  at org.junit.runner.JUnitCore.run(JUnitCore.java:115)
  at org.gradle.api.internal.tasks.testing.junit.JUnitTestExecutor.runRequest(JUnitTestExecutor.java:175)
  at org.gradle.api.internal.tasks.testing.junit.JUnitTestExecutor.accept(JUnitTestExecutor.java:84)
  at org.gradle.api.internal.tasks.testing.junit.JUnitTestExecutor.accept(JUnitTestExecutor.java:47)
  at org.gradle.api.internal.tasks.testing.junit.AbstractJUnitTestDefinitionProcessor.processTestDefinition(AbstractJUnitTestDefinitionProcessor.java:65)
  at org.gradle.api.internal.tasks.testing.SuiteTestDefinitionProcessor.processTestDefinition(SuiteTestDefinitionProcessor.java:54)
  at java.base/jdk.internal.reflect.DirectMethodHandleAccessor.invoke(DirectMethodHandleAccessor.java:104)
  at java.base/java.lang.reflect.Method.invoke(Method.java:565)
  at org.gradle.internal.dispatch.MethodInvocation.invokeOn(MethodInvocation.java:77)
  at org.gradle.internal.dispatch.ReflectionDispatch.dispatch(ReflectionDispatch.java:28)
  at org.gradle.internal.dispatch.ReflectionDispatch.dispatch(ReflectionDispatch.java:19)
  at org.gradle.internal.dispatch.ContextClassLoaderDispatch.dispatch(ContextClassLoaderDispatch.java:33)
  at org.gradle.internal.dispatch.ProxyDispatchAdapter$DispatchingInvocationHandler.invoke(ProxyDispatchAdapter.java:88)
  at jdk.proxy1/jdk.proxy1.$Proxy4.processTestDefinition(Unknown Source)
  at org.gradle.api.internal.tasks.testing.worker.TestWorker$2.run(TestWorker.java:178)
  at org.gradle.api.internal.tasks.testing.worker.TestWorker.executeAndMaintainThreadName(TestWorker.java:126)
  at org.gradle.api.internal.tasks.testing.worker.TestWorker.execute(TestWorker.java:103)
  at org.gradle.api.internal.tasks.testing.worker.TestWorker.execute(TestWorker.java:63)
  at org.gradle.process.internal.worker.child.ActionExecutionWorker.execute(ActionExecutionWorker.java:56)
  at org.gradle.process.internal.worker.child.SystemApplicationClassLoaderWorker.call(SystemApplicationClassLoaderWorker.java:122)
  at org.gradle.process.internal.worker.child.SystemApplicationClassLoaderWorker.call(SystemApplicationClassLoaderWorker.java:72)
  at worker.org.gradle.process.internal.worker.GradleWorkerMain.run(GradleWorkerMain.java:69)
  at worker.org.gradle.process.internal.worker.GradleWorkerMain.main(GradleWorkerMain.java:74)
</stacktrace>
</test-failure>


TypeScriptCompilerTests_A[jvm] > arrayIterationLibES5TargetDifferent_ts__nolib_false_target_es5__has expected errors matching baseline[jvm] FAILED

<test-failure test="com.xemantic.typescript.compiler.TypeScriptCompilerTests_A.assignToModule_ts has expected errors matching assignToModule_errors_txt" platform="jvm">
<message>
Expected diagnostics from baseline typescript-repo/tests/baselines/reference/assignToModule.errors.txt but none produced
</message>
<stacktrace>
  at com.xemantic.typescript.compiler.TypeScriptTestSupportKt.errorsMatchBaseline(TypeScriptTestSupport.kt:125)
  at com.xemantic.typescript.compiler.TypeScriptCompilerTests_A.assignToModule_ts has expected errors matching assignToModule_errors_txt(TypeScriptCompilerTests_A.kt:3080)
  at java.base/jdk.internal.reflect.DirectMethodHandleAccessor.invoke(DirectMethodHandleAccessor.java:104)
  at java.base/java.lang.reflect.Method.invoke(Method.java:565)
  at org.junit.runners.model.FrameworkMethod$1.runReflectiveCall(FrameworkMethod.java:59)
  at org.junit.internal.runners.model.ReflectiveCallable.run(ReflectiveCallable.java:12)
  at org.junit.runners.model.FrameworkMethod.invokeExplosively(FrameworkMethod.java:56)
  at org.junit.internal.runners.statements.InvokeMethod.evaluate(InvokeMethod.java:17)
  at org.junit.runners.ParentRunner$3.evaluate(ParentRunner.java:306)
  at org.junit.runners.BlockJUnit4ClassRunner$1.evaluate(BlockJUnit4ClassRunner.java:100)
  at org.junit.runners.ParentRunner.runLeaf(ParentRunner.java:366)
  at org.junit.runners.BlockJUnit4ClassRunner.runChild(BlockJUnit4ClassRunner.java:103)
  at org.junit.runners.BlockJUnit4ClassRunner.runChild(BlockJUnit4ClassRunner.java:63)
  at org.junit.runners.ParentRunner$4.run(ParentRunner.java:331)
  at org.junit.runners.ParentRunner$1.schedule(ParentRunner.java:79)
  at org.junit.runners.ParentRunner.runChildren(ParentRunner.java:329)
  at org.junit.runners.ParentRunner.access$100(ParentRunner.java:66)
  at org.junit.runners.ParentRunner$2.evaluate(ParentRunner.java:293)
  at org.junit.runners.ParentRunner$3.evaluate(ParentRunner.java:306)
  at org.junit.runners.ParentRunner.run(ParentRunner.java:413)
  at org.junit.runner.JUnitCore.run(JUnitCore.java:137)
  at org.junit.runner.JUnitCore.run(JUnitCore.java:115)
  at org.gradle.api.internal.tasks.testing.junit.JUnitTestExecutor.runRequest(JUnitTestExecutor.java:175)
  at org.gradle.api.internal.tasks.testing.junit.JUnitTestExecutor.accept(JUnitTestExecutor.java:84)
  at org.gradle.api.internal.tasks.testing.junit.JUnitTestExecutor.accept(JUnitTestExecutor.java:47)
  at org.gradle.api.internal.tasks.testing.junit.AbstractJUnitTestDefinitionProcessor.processTestDefinition(AbstractJUnitTestDefinitionProcessor.java:65)
  at org.gradle.api.internal.tasks.testing.SuiteTestDefinitionProcessor.processTestDefinition(SuiteTestDefinitionProcessor.java:54)
  at java.base/jdk.internal.reflect.DirectMethodHandleAccessor.invoke(DirectMethodHandleAccessor.java:104)
  at java.base/java.lang.reflect.Method.invoke(Method.java:565)
  at org.gradle.internal.dispatch.MethodInvocation.invokeOn(MethodInvocation.java:77)
  at org.gradle.internal.dispatch.ReflectionDispatch.dispatch(ReflectionDispatch.java:28)
  at org.gradle.internal.dispatch.ReflectionDispatch.dispatch(ReflectionDispatch.java:19)
  at org.gradle.internal.dispatch.ContextClassLoaderDispatch.dispatch(ContextClassLoaderDispatch.java:33)
  at org.gradle.internal.dispatch.ProxyDispatchAdapter$DispatchingInvocationHandler.invoke(ProxyDispatchAdapter.java:88)
  at jdk.proxy1/jdk.proxy1.$Proxy4.processTestDefinition(Unknown Source)
  at org.gradle.api.internal.tasks.testing.worker.TestWorker$2.run(TestWorker.java:178)
  at org.gradle.api.internal.tasks.testing.worker.TestWorker.executeAndMaintainThreadName(TestWorker.java:126)
  at org.gradle.api.internal.tasks.testing.worker.TestWorker.execute(TestWorker.java:103)
  at org.gradle.api.internal.tasks.testing.worker.TestWorker.execute(TestWorker.java:63)
  at org.gradle.process.internal.worker.child.ActionExecutionWorker.execute(ActionExecutionWorker.java:56)
  at org.gradle.process.internal.worker.child.SystemApplicationClassLoaderWorker.call(SystemApplicationClassLoaderWorker.java:122)
  at org.gradle.process.internal.worker.child.SystemApplicationClassLoaderWorker.call(SystemApplicationClassLoaderWorker.java:72)
  at worker.org.gradle.process.internal.worker.GradleWorkerMain.run(GradleWorkerMain.java:69)
  at worker.org.gradle.process.internal.worker.GradleWorkerMain.main(GradleWorkerMain.java:74)
</stacktrace>
</test-failure>


TypeScriptCompilerTests_A[jvm] > assignToModule_ts has expected errors matching assignToModule_errors_txt[jvm] FAILED

<test-failure test="com.xemantic.typescript.compiler.TypeScriptCompilerTests_A.assignmentCompatability19_ts has expected errors matching assignmentCompatability19_errors_txt" platform="jvm">
<message>
Expected diagnostics from baseline typescript-repo/tests/baselines/reference/assignmentCompatability19.errors.txt but none produced
</message>
<stacktrace>
  at com.xemantic.typescript.compiler.TypeScriptTestSupportKt.errorsMatchBaseline(TypeScriptTestSupport.kt:125)
  at com.xemantic.typescript.compiler.TypeScriptCompilerTests_A.assignmentCompatability19_ts has expected errors matching assignmentCompatability19_errors_txt(TypeScriptCompilerTests_A.kt:3367)
  at java.base/jdk.internal.reflect.DirectMethodHandleAccessor.invoke(DirectMethodHandleAccessor.java:104)
  at java.base/java.lang.reflect.Method.invoke(Method.java:565)
  at org.junit.runners.model.FrameworkMethod$1.runReflectiveCall(FrameworkMethod.java:59)
  at org.junit.internal.runners.model.ReflectiveCallable.run(ReflectiveCallable.java:12)
  at org.junit.runners.model.FrameworkMethod.invokeExplosively(FrameworkMethod.java:56)
  at org.junit.internal.runners.statements.InvokeMethod.evaluate(InvokeMethod.java:17)
  at org.junit.runners.ParentRunner$3.evaluate(ParentRunner.java:306)
  at org.junit.runners.BlockJUnit4ClassRunner$1.evaluate(BlockJUnit4ClassRunner.java:100)
  at org.junit.runners.ParentRunner.runLeaf(ParentRunner.java:366)
  at org.junit.runners.BlockJUnit4ClassRunner.runChild(BlockJUnit4ClassRunner.java:103)
  at org.junit.runners.BlockJUnit4ClassRunner.runChild(BlockJUnit4ClassRunner.java:63)
  at org.junit.runners.ParentRunner$4.run(ParentRunner.java:331)
  at org.junit.runners.ParentRunner$1.schedule(ParentRunner.java:79)
  at org.junit.runners.ParentRunner.runChildren(ParentRunner.java:329)
  at org.junit.runners.ParentRunner.access$100(ParentRunner.java:66)
  at org.junit.runners.ParentRunner$2.evaluate(ParentRunner.java:293)
  at org.junit.runners.ParentRunner$3.evaluate(ParentRunner.java:306)
  at org.junit.runners.ParentRunner.run(ParentRunner.java:413)
  at org.junit.runner.JUnitCore.run(JUnitCore.java:137)
  at org.junit.runner.JUnitCore.run(JUnitCore.java:115)
  at org.gradle.api.internal.tasks.testing.junit.JUnitTestExecutor.runRequest(JUnitTestExecutor.java:175)
  at org.gradle.api.internal.tasks.testing.junit.JUnitTestExecutor.accept(JUnitTestExecutor.java:84)
  at org.gradle.api.internal.tasks.testing.junit.JUnitTestExecutor.accept(JUnitTestExecutor.java:47)
  at org.gradle.api.internal.tasks.testing.junit.AbstractJUnitTestDefinitionProcessor.processTestDefinition(AbstractJUnitTestDefinitionProcessor.java:65)
  at org.gradle.api.internal.tasks.testing.SuiteTestDefinitionProcessor.processTestDefinition(SuiteTestDefinitionProcessor.java:54)
  at java.base/jdk.internal.reflect.DirectMethodHandleAccessor.invoke(DirectMethodHandleAccessor.java:104)
  at java.base/java.lang.reflect.Method.invoke(Method.java:565)
  at org.gradle.internal.dispatch.MethodInvocation.invokeOn(MethodInvocation.java:77)
  at org.gradle.internal.dispatch.ReflectionDispatch.dispatch(ReflectionDispatch.java:28)
  at org.gradle.internal.dispatch.ReflectionDispatch.dispatch(ReflectionDispatch.java:19)
  at org.gradle.internal.dispatch.ContextClassLoaderDispatch.dispatch(ContextClassLoaderDispatch.java:33)
  at org.gradle.internal.dispatch.ProxyDispatchAdapter$DispatchingInvocationHandler.invoke(ProxyDispatchAdapter.java:88)
  at jdk.proxy1/jdk.proxy1.$Proxy4.processTestDefinition(Unknown Source)
  at org.gradle.api.internal.tasks.testing.worker.TestWorker$2.run(TestWorker.java:178)
  at org.gradle.api.internal.tasks.testing.worker.TestWorker.executeAndMaintainThreadName(TestWorker.java:126)
  at org.gradle.api.internal.tasks.testing.worker.TestWorker.execute(TestWorker.java:103)
  at org.gradle.api.internal.tasks.testing.worker.TestWorker.execute(TestWorker.java:63)
  at org.gradle.process.internal.worker.child.ActionExecutionWorker.execute(ActionExecutionWorker.java:56)
  at org.gradle.process.internal.worker.child.SystemApplicationClassLoaderWorker.call(SystemApplicationClassLoaderWorker.java:122)
  at org.gradle.process.internal.worker.child.SystemApplicationClassLoaderWorker.call(SystemApplicationClassLoaderWorker.java:72)
  at worker.org.gradle.process.internal.worker.GradleWorkerMain.run(GradleWorkerMain.java:69)
  at worker.org.gradle.process.internal.worker.GradleWorkerMain.main(GradleWorkerMain.java:74)
</stacktrace>
</test-failure>


TypeScriptCompilerTests_A[jvm] > assignmentCompatability19_ts has expected errors matching assignmentCompatability19_errors_txt[jvm] FAILED

<test-failure test="com.xemantic.typescript.compiler.TypeScriptCompilerTests_A.aliasAssignments_ts has expected errors matching aliasAssignments_errors_txt" platform="jvm">
<message>
--- expected
+++ actual
@@ -1,18 +1,12 @@
-aliasAssignments_1.ts(3,1): error TS2322: Type 'number' is not assignable to type 'typeof import("aliasAssignments_moduleA")'.
-aliasAssignments_1.ts(5,1): error TS2322: Type 'typeof import("aliasAssignments_moduleA")' is not assignable to type 'number'.
 aliasAssignments_moduleA.ts(2,12): error TS2564: Property 'someData' has no initializer and is not definitely assigned in the constructor.
 
 
-==== aliasAssignments_1.ts (2 errors) ====
+==== aliasAssignments_1.ts (0 errors) ====
     import moduleA = require("./aliasAssignments_moduleA");
     var x = moduleA;
     x = 1; // Should be error
-    ~
-!!! error TS2322: Type 'number' is not assignable to type 'typeof import("aliasAssignments_moduleA")'.
     var y = 1;
     y = moduleA; // should be error
-    ~
-!!! error TS2322: Type 'typeof import("aliasAssignments_moduleA")' is not assignable to type 'number'.
     
 ==== aliasAssignments_moduleA.ts (1 errors) ====
     export class someClass {

</message>
<stacktrace>
  at org.junit.Assert.fail(Assert.java:89)
  at kotlin.test.junit.JUnitAsserter.fail(JUnitSupport.kt:56)
  at kotlin.test.AssertionsKt__AssertionsKt.fail(Assertions.kt:563)
  at kotlin.test.AssertionsKt.fail(Unknown Source)
  at com.xemantic.kotlin.test.SameAsKt.sameAs(SameAs.kt:52)
  at com.xemantic.typescript.compiler.TypeScriptTestSupportKt.errorsMatchBaseline(TypeScriptTestSupport.kt:135)
  at com.xemantic.typescript.compiler.TypeScriptCompilerTests_A.aliasAssignments_ts has expected errors matching aliasAssignments_errors_txt(TypeScriptCompilerTests_A.kt:560)
  at java.base/jdk.internal.reflect.DirectMethodHandleAccessor.invoke(DirectMethodHandleAccessor.java:104)
  at java.base/java.lang.reflect.Method.invoke(Method.java:565)
  at org.junit.runners.model.FrameworkMethod$1.runReflectiveCall(FrameworkMethod.java:59)
  at org.junit.internal.runners.model.ReflectiveCallable.run(ReflectiveCallable.java:12)
  at org.junit.runners.model.FrameworkMethod.invokeExplosively(FrameworkMethod.java:56)
  at org.junit.internal.runners.statements.InvokeMethod.evaluate(InvokeMethod.java:17)
  at org.junit.runners.ParentRunner$3.evaluate(ParentRunner.java:306)
  at org.junit.runners.BlockJUnit4ClassRunner$1.evaluate(BlockJUnit4ClassRunner.java:100)
  at org.junit.runners.ParentRunner.runLeaf(ParentRunner.java:366)
  at org.junit.runners.BlockJUnit4ClassRunner.runChild(BlockJUnit4ClassRunner.java:103)
  at org.junit.runners.BlockJUnit4ClassRunner.runChild(BlockJUnit4ClassRunner.java:63)
  at org.junit.runners.ParentRunner$4.run(ParentRunner.java:331)
  at org.junit.runners.ParentRunner$1.schedule(ParentRunner.java:79)
  at org.junit.runners.ParentRunner.runChildren(ParentRunner.java:329)
  at org.junit.runners.ParentRunner.access$100(ParentRunner.java:66)
  at org.junit.runners.ParentRunner$2.evaluate(ParentRunner.java:293)
  at org.junit.runners.ParentRunner$3.evaluate(ParentRunner.java:306)
  at org.junit.runners.ParentRunner.run(ParentRunner.java:413)
  at org.junit.runner.JUnitCore.run(JUnitCore.java:137)
  at org.junit.runner.JUnitCore.run(JUnitCore.java:115)
  at org.gradle.api.internal.tasks.testing.junit.JUnitTestExecutor.runRequest(JUnitTestExecutor.java:175)
  at org.gradle.api.internal.tasks.testing.junit.JUnitTestExecutor.accept(JUnitTestExecutor.java:84)
  at org.gradle.api.internal.tasks.testing.junit.JUnitTestExecutor.accept(JUnitTestExecutor.java:47)
  at org.gradle.api.internal.tasks.testing.junit.AbstractJUnitTestDefinitionProcessor.processTestDefinition(AbstractJUnitTestDefinitionProcessor.java:65)
  at org.gradle.api.internal.tasks.testing.SuiteTestDefinitionProcessor.processTestDefinition(SuiteTestDefinitionProcessor.java:54)
  at java.base/jdk.internal.reflect.DirectMethodHandleAccessor.invoke(DirectMethodHandleAccessor.java:104)
  at java.base/java.lang.reflect.Method.invoke(Method.java:565)
  at org.gradle.internal.dispatch.MethodInvocation.invokeOn(MethodInvocation.java:77)
  at org.gradle.internal.dispatch.ReflectionDispatch.dispatch(ReflectionDispatch.java:28)
  at org.gradle.internal.dispatch.ReflectionDispatch.dispatch(ReflectionDispatch.java:19)
  at org.gradle.internal.dispatch.ContextClassLoaderDispatch.dispatch(ContextClassLoaderDispatch.java:33)
  at org.gradle.internal.dispatch.ProxyDispatchAdapter$DispatchingInvocationHandler.invoke(ProxyDispatchAdapter.java:88)
  at jdk.proxy1/jdk.proxy1.$Proxy4.processTestDefinition(Unknown Source)
  at org.gradle.api.internal.tasks.testing.worker.TestWorker$2.run(TestWorker.java:178)
  at org.gradle.api.internal.tasks.testing.worker.TestWorker.executeAndMaintainThreadName(TestWorker.java:126)
  at org.gradle.api.internal.tasks.testing.worker.TestWorker.execute(TestWorker.java:103)
  at org.gradle.api.internal.tasks.testing.worker.TestWorker.execute(TestWorker.java:63)
  at org.gradle.process.internal.worker.child.ActionExecutionWorker.execute(ActionExecutionWorker.java:56)
  at org.gradle.process.internal.worker.child.SystemApplicationClassLoaderWorker.call(SystemApplicationClassLoaderWorker.java:122)
  at org.gradle.process.internal.worker.child.SystemApplicationClassLoaderWorker.call(SystemApplicationClassLoaderWorker.java:72)
  at worker.org.gradle.process.internal.worker.GradleWorkerMain.run(GradleWorkerMain.java:69)
  at worker.org.gradle.process.internal.worker.GradleWorkerMain.main(GradleWorkerMain.java:74)
</stacktrace>
</test-failure>


TypeScriptCompilerTests_A[jvm] > aliasAssignments_ts has expected errors matching aliasAssignments_errors_txt[jvm] FAILED

<test-failure test="com.xemantic.typescript.compiler.TypeScriptCompilerTests_A.aliasOnMergedModuleInterface_ts has expected errors matching aliasOnMergedModuleInterface_errors_txt" platform="jvm">
<message>
--- expected
+++ actual
@@ -1,4 +1,4 @@
-aliasOnMergedModuleInterface_1.ts(5,16): error TS2708: Cannot use namespace 'foo' as a value.
+aliasOnMergedModuleInterface_1.ts(5,12): error TS2694: Namespace 'foo' has no exported member 'A'.
 
 
 ==== aliasOnMergedModuleInterface_1.ts (1 errors) ====
@@ -7,8 +7,8 @@
     declare var z: foo;
     z.bar("hello"); // This should be ok
     var x: foo.A = foo.bar("hello"); // foo.A should be ok but foo.bar should be error
-                   ~~~
-!!! error TS2708: Cannot use namespace 'foo' as a value.
+               ~
+!!! error TS2694: Namespace 'foo' has no exported member 'A'.
     
 ==== aliasOnMergedModuleInterface_0.ts (0 errors) ====
     declare module "foo"

</message>
<stacktrace>
  at org.junit.Assert.fail(Assert.java:89)
  at kotlin.test.junit.JUnitAsserter.fail(JUnitSupport.kt:56)
  at kotlin.test.AssertionsKt__AssertionsKt.fail(Assertions.kt:563)
  at kotlin.test.AssertionsKt.fail(Unknown Source)
  at com.xemantic.kotlin.test.SameAsKt.sameAs(SameAs.kt:52)
  at com.xemantic.typescript.compiler.TypeScriptTestSupportKt.errorsMatchBaseline(TypeScriptTestSupport.kt:135)
  at com.xemantic.typescript.compiler.TypeScriptCompilerTests_A.aliasOnMergedModuleInterface_ts has expected errors matching aliasOnMergedModuleInterface_errors_txt(TypeScriptCompilerTests_A.kt:665)
  at java.base/jdk.internal.reflect.DirectMethodHandleAccessor.invoke(DirectMethodHandleAccessor.java:104)
  at java.base/java.lang.reflect.Method.invoke(Method.java:565)
  at org.junit.runners.model.FrameworkMethod$1.runReflectiveCall(FrameworkMethod.java:59)
  at org.junit.internal.runners.model.ReflectiveCallable.run(ReflectiveCallable.java:12)
  at org.junit.runners.model.FrameworkMethod.invokeExplosively(FrameworkMethod.java:56)
  at org.junit.internal.runners.statements.InvokeMethod.evaluate(InvokeMethod.java:17)
  at org.junit.runners.ParentRunner$3.evaluate(ParentRunner.java:306)
  at org.junit.runners.BlockJUnit4ClassRunner$1.evaluate(BlockJUnit4ClassRunner.java:100)
  at org.junit.runners.ParentRunner.runLeaf(ParentRunner.java:366)
  at org.junit.runners.BlockJUnit4ClassRunner.runChild(BlockJUnit4ClassRunner.java:103)
  at org.junit.runners.BlockJUnit4ClassRunner.runChild(BlockJUnit4ClassRunner.java:63)
  at org.junit.runners.ParentRunner$4.run(ParentRunner.java:331)
  at org.junit.runners.ParentRunner$1.schedule(ParentRunner.java:79)
  at org.junit.runners.ParentRunner.runChildren(ParentRunner.java:329)
  at org.junit.runners.ParentRunner.access$100(ParentRunner.java:66)
  at org.junit.runners.ParentRunner$2.evaluate(ParentRunner.java:293)
  at org.junit.runners.ParentRunner$3.evaluate(ParentRunner.java:306)
  at org.junit.runners.ParentRunner.run(ParentRunner.java:413)
  at org.junit.runner.JUnitCore.run(JUnitCore.java:137)
  at org.junit.runner.JUnitCore.run(JUnitCore.java:115)
  at org.gradle.api.internal.tasks.testing.junit.JUnitTestExecutor.runRequest(JUnitTestExecutor.java:175)
  at org.gradle.api.internal.tasks.testing.junit.JUnitTestExecutor.accept(JUnitTestExecutor.java:84)
  at org.gradle.api.internal.tasks.testing.junit.JUnitTestExecutor.accept(JUnitTestExecutor.java:47)
  at org.gradle.api.internal.tasks.testing.junit.AbstractJUnitTestDefinitionProcessor.processTestDefinition(AbstractJUnitTestDefinitionProcessor.java:65)
  at org.gradle.api.internal.tasks.testing.SuiteTestDefinitionProcessor.processTestDefinition(SuiteTestDefinitionProcessor.java:54)
  at java.base/jdk.internal.reflect.DirectMethodHandleAccessor.invoke(DirectMethodHandleAccessor.java:104)
  at java.base/java.lang.reflect.Method.invoke(Method.java:565)
  at org.gradle.internal.dispatch.MethodInvocation.invokeOn(MethodInvocation.java:77)
  at org.gradle.internal.dispatch.ReflectionDispatch.dispatch(ReflectionDispatch.java:28)
  at org.gradle.internal.dispatch.ReflectionDispatch.dispatch(ReflectionDispatch.java:19)
  at org.gradle.internal.dispatch.ContextClassLoaderDispatch.dispatch(ContextClassLoaderDispatch.java:33)
  at org.gradle.internal.dispatch.ProxyDispatchAdapter$DispatchingInvocationHandler.invoke(ProxyDispatchAdapter.java:88)
  at jdk.proxy1/jdk.proxy1.$Proxy4.processTestDefinition(Unknown Source)
  at org.gradle.api.internal.tasks.testing.worker.TestWorker$2.run(TestWorker.java:178)
  at org.gradle.api.internal.tasks.testing.worker.TestWorker.executeAndMaintainThreadName(TestWorker.java:126)
  at org.gradle.api.internal.tasks.testing.worker.TestWorker.execute(TestWorker.java:103)
  at org.gradle.api.internal.tasks.testing.worker.TestWorker.execute(TestWorker.java:63)
  at org.gradle.process.internal.worker.child.ActionExecutionWorker.execute(ActionExecutionWorker.java:56)
  at org.gradle.process.internal.worker.child.SystemApplicationClassLoaderWorker.call(SystemApplicationClassLoaderWorker.java:122)
  at org.gradle.process.internal.worker.child.SystemApplicationClassLoaderWorker.call(SystemApplicationClassLoaderWorker.java:72)
  at worker.org.gradle.process.internal.worker.GradleWorkerMain.run(GradleWorkerMain.java:69)
  at worker.org.gradle.process.internal.worker.GradleWorkerMain.main(GradleWorkerMain.java:74)
</stacktrace>
</test-failure>


TypeScriptCompilerTests_A[jvm] > aliasOnMergedModuleInterface_ts has expected errors matching aliasOnMergedModuleInterface_errors_txt[jvm] FAILED

<test-failure test="com.xemantic.typescript.compiler.TypeScriptCompilerTests_A.assigningFromObjectToAnythingElse_ts has expected errors matching assigningFromObjectToAnythingElse_errors_txt" platform="jvm">
<message>
Expected diagnostics from baseline typescript-repo/tests/baselines/reference/assigningFromObjectToAnythingElse.errors.txt but none produced
</message>
<stacktrace>
  at com.xemantic.typescript.compiler.TypeScriptTestSupportKt.errorsMatchBaseline(TypeScriptTestSupport.kt:125)
  at com.xemantic.typescript.compiler.TypeScriptCompilerTests_A.assigningFromObjectToAnythingElse_ts has expected errors matching assigningFromObjectToAnythingElse_errors_txt(TypeScriptCompilerTests_A.kt:3108)
  at java.base/jdk.internal.reflect.DirectMethodHandleAccessor.invoke(DirectMethodHandleAccessor.java:104)
  at java.base/java.lang.reflect.Method.invoke(Method.java:565)
  at org.junit.runners.model.FrameworkMethod$1.runReflectiveCall(FrameworkMethod.java:59)
  at org.junit.internal.runners.model.ReflectiveCallable.run(ReflectiveCallable.java:12)
  at org.junit.runners.model.FrameworkMethod.invokeExplosively(FrameworkMethod.java:56)
  at org.junit.internal.runners.statements.InvokeMethod.evaluate(InvokeMethod.java:17)
  at org.junit.runners.ParentRunner$3.evaluate(ParentRunner.java:306)
  at org.junit.runners.BlockJUnit4ClassRunner$1.evaluate(BlockJUnit4ClassRunner.java:100)
  at org.junit.runners.ParentRunner.runLeaf(ParentRunner.java:366)
  at org.junit.runners.BlockJUnit4ClassRunner.runChild(BlockJUnit4ClassRunner.java:103)
  at org.junit.runners.BlockJUnit4ClassRunner.runChild(BlockJUnit4ClassRunner.java:63)
  at org.junit.runners.ParentRunner$4.run(ParentRunner.java:331)
  at org.junit.runners.ParentRunner$1.schedule(ParentRunner.java:79)
  at org.junit.runners.ParentRunner.runChildren(ParentRunner.java:329)
  at org.junit.runners.ParentRunner.access$100(ParentRunner.java:66)
  at org.junit.runners.ParentRunner$2.evaluate(ParentRunner.java:293)
  at org.junit.runners.ParentRunner$3.evaluate(ParentRunner.java:306)
  at org.junit.runners.ParentRunner.run(ParentRunner.java:413)
  at org.junit.runner.JUnitCore.run(JUnitCore.java:137)
  at org.junit.runner.JUnitCore.run(JUnitCore.java:115)
  at org.gradle.api.internal.tasks.testing.junit.JUnitTestExecutor.runRequest(JUnitTestExecutor.java:175)
  at org.gradle.api.internal.tasks.testing.junit.JUnitTestExecutor.accept(JUnitTestExecutor.java:84)
  at org.gradle.api.internal.tasks.testing.junit.JUnitTestExecutor.accept(JUnitTestExecutor.java:47)
  at org.gradle.api.internal.tasks.testing.junit.AbstractJUnitTestDefinitionProcessor.processTestDefinition(AbstractJUnitTestDefinitionProcessor.java:65)
  at org.gradle.api.internal.tasks.testing.SuiteTestDefinitionProcessor.processTestDefinition(SuiteTestDefinitionProcessor.java:54)
  at java.base/jdk.internal.reflect.DirectMethodHandleAccessor.invoke(DirectMethodHandleAccessor.java:104)
  at java.base/java.lang.reflect.Method.invoke(Method.java:565)
  at org.gradle.internal.dispatch.MethodInvocation.invokeOn(MethodInvocation.java:77)
  at org.gradle.internal.dispatch.ReflectionDispatch.dispatch(ReflectionDispatch.java:28)
  at org.gradle.internal.dispatch.ReflectionDispatch.dispatch(ReflectionDispatch.java:19)
  at org.gradle.internal.dispatch.ContextClassLoaderDispatch.dispatch(ContextClassLoaderDispatch.java:33)
  at org.gradle.internal.dispatch.ProxyDispatchAdapter$DispatchingInvocationHandler.invoke(ProxyDispatchAdapter.java:88)
  at jdk.proxy1/jdk.proxy1.$Proxy4.processTestDefinition(Unknown Source)
  at org.gradle.api.internal.tasks.testing.worker.TestWorker$2.run(TestWorker.java:178)
  at org.gradle.api.internal.tasks.testing.worker.TestWorker.executeAndMaintainThreadName(TestWorker.java:126)
  at org.gradle.api.internal.tasks.testing.worker.TestWorker.execute(TestWorker.java:103)
  at org.gradle.api.internal.tasks.testing.worker.TestWorker.execute(TestWorker.java:63)
  at org.gradle.process.internal.worker.child.ActionExecutionWorker.execute(ActionExecutionWorker.java:56)
  at org.gradle.process.internal.worker.child.SystemApplicationClassLoaderWorker.call(SystemApplicationClassLoaderWorker.java:122)
  at org.gradle.process.internal.worker.child.SystemApplicationClassLoaderWorker.call(SystemApplicationClassLoaderWorker.java:72)
  at worker.org.gradle.process.internal.worker.GradleWorkerMain.run(GradleWorkerMain.java:69)
  at worker.org.gradle.process.internal.worker.GradleWorkerMain.main(GradleWorkerMain.java:74)
</stacktrace>
</test-failure>


TypeScriptCompilerTests_A[jvm] > assigningFromObjectToAnythingElse_ts has expected errors matching assigningFromObjectToAnythingElse_errors_txt[jvm] FAILED

<test-failure test="com.xemantic.typescript.compiler.TypeScriptCompilerTests_A.ambientExternalModuleInAnotherExternalModule_ts has expected errors matching ambientExternalModuleInAnotherExternalModule_errors_txt" platform="jvm">
<message>
--- expected
+++ actual
@@ -1,14 +1,11 @@
-ambientExternalModuleInAnotherExternalModule.ts(4,16): error TS2664: Invalid module name in augmentation, module 'ext' cannot be found.
 ambientExternalModuleInAnotherExternalModule.ts(9,22): error TS2307: Cannot find module 'ext' or its corresponding type declarations.
 
 
-==== ambientExternalModuleInAnotherExternalModule.ts (2 errors) ====
+==== ambientExternalModuleInAnotherExternalModule.ts (1 errors) ====
     class D { }
     export = D;
     
     declare module "ext" {
-                   ~~~~~
-!!! error TS2664: Invalid module name in augmentation, module 'ext' cannot be found.
         export class C { }
     }
     

</message>
<stacktrace>
  at org.junit.Assert.fail(Assert.java:89)
  at kotlin.test.junit.JUnitAsserter.fail(JUnitSupport.kt:56)
  at kotlin.test.AssertionsKt__AssertionsKt.fail(Assertions.kt:563)
  at kotlin.test.AssertionsKt.fail(Unknown Source)
  at com.xemantic.kotlin.test.SameAsKt.sameAs(SameAs.kt:52)
  at com.xemantic.typescript.compiler.TypeScriptTestSupportKt.errorsMatchBaseline(TypeScriptTestSupport.kt:135)
  at com.xemantic.typescript.compiler.TypeScriptCompilerTests_A.ambientExternalModuleInAnotherExternalModule_ts has expected errors matching ambientExternalModuleInAnotherExternalModule_errors_txt(TypeScriptCompilerTests_A.kt:1239)
  at java.base/jdk.internal.reflect.DirectMethodHandleAccessor.invoke(DirectMethodHandleAccessor.java:104)
  at java.base/java.lang.reflect.Method.invoke(Method.java:565)
  at org.junit.runners.model.FrameworkMethod$1.runReflectiveCall(FrameworkMethod.java:59)
  at org.junit.internal.runners.model.ReflectiveCallable.run(ReflectiveCallable.java:12)
  at org.junit.runners.model.FrameworkMethod.invokeExplosively(FrameworkMethod.java:56)
  at org.junit.internal.runners.statements.InvokeMethod.evaluate(InvokeMethod.java:17)
  at org.junit.runners.ParentRunner$3.evaluate(ParentRunner.java:306)
  at org.junit.runners.BlockJUnit4ClassRunner$1.evaluate(BlockJUnit4ClassRunner.java:100)
  at org.junit.runners.ParentRunner.runLeaf(ParentRunner.java:366)
  at org.junit.runners.BlockJUnit4ClassRunner.runChild(BlockJUnit4ClassRunner.java:103)
  at org.junit.runners.BlockJUnit4ClassRunner.runChild(BlockJUnit4ClassRunner.java:63)
  at org.junit.runners.ParentRunner$4.run(ParentRunner.java:331)
  at org.junit.runners.ParentRunner$1.schedule(ParentRunner.java:79)
  at org.junit.runners.ParentRunner.runChildren(ParentRunner.java:329)
  at org.junit.runners.ParentRunner.access$100(ParentRunner.java:66)
  at org.junit.runners.ParentRunner$2.evaluate(ParentRunner.java:293)
  at org.junit.runners.ParentRunner$3.evaluate(ParentRunner.java:306)
  at org.junit.runners.ParentRunner.run(ParentRunner.java:413)
  at org.junit.runner.JUnitCore.run(JUnitCore.java:137)
  at org.junit.runner.JUnitCore.run(JUnitCore.java:115)
  at org.gradle.api.internal.tasks.testing.junit.JUnitTestExecutor.runRequest(JUnitTestExecutor.java:175)
  at org.gradle.api.internal.tasks.testing.junit.JUnitTestExecutor.accept(JUnitTestExecutor.java:84)
  at org.gradle.api.internal.tasks.testing.junit.JUnitTestExecutor.accept(JUnitTestExecutor.java:47)
  at org.gradle.api.internal.tasks.testing.junit.AbstractJUnitTestDefinitionProcessor.processTestDefinition(AbstractJUnitTestDefinitionProcessor.java:65)
  at org.gradle.api.internal.tasks.testing.SuiteTestDefinitionProcessor.processTestDefinition(SuiteTestDefinitionProcessor.java:54)
  at java.base/jdk.internal.reflect.DirectMethodHandleAccessor.invoke(DirectMethodHandleAccessor.java:104)
  at java.base/java.lang.reflect.Method.invoke(Method.java:565)
  at org.gradle.internal.dispatch.MethodInvocation.invokeOn(MethodInvocation.java:77)
  at org.gradle.internal.dispatch.ReflectionDispatch.dispatch(ReflectionDispatch.java:28)
  at org.gradle.internal.dispatch.ReflectionDispatch.dispatch(ReflectionDispatch.java:19)
  at org.gradle.internal.dispatch.ContextClassLoaderDispatch.dispatch(ContextClassLoaderDispatch.java:33)
  at org.gradle.internal.dispatch.ProxyDispatchAdapter$DispatchingInvocationHandler.invoke(ProxyDispatchAdapter.java:88)
  at jdk.proxy1/jdk.proxy1.$Proxy4.processTestDefinition(Unknown Source)
  at org.gradle.api.internal.tasks.testing.worker.TestWorker$2.run(TestWorker.java:178)
  at org.gradle.api.internal.tasks.testing.worker.TestWorker.executeAndMaintainThreadName(TestWorker.java:126)
  at org.gradle.api.internal.tasks.testing.worker.TestWorker.execute(TestWorker.java:103)
  at org.gradle.api.internal.tasks.testing.worker.TestWorker.execute(TestWorker.java:63)
  at org.gradle.process.internal.worker.child.ActionExecutionWorker.execute(ActionExecutionWorker.java:56)
  at org.gradle.process.internal.worker.child.SystemApplicationClassLoaderWorker.call(SystemApplicationClassLoaderWorker.java:122)
  at org.gradle.process.internal.worker.child.SystemApplicationClassLoaderWorker.call(SystemApplicationClassLoaderWorker.java:72)
  at worker.org.gradle.process.internal.worker.GradleWorkerMain.run(GradleWorkerMain.java:69)
  at worker.org.gradle.process.internal.worker.GradleWorkerMain.main(GradleWorkerMain.java:74)
</stacktrace>
</test-failure>


TypeScriptCompilerTests_A[jvm] > ambientExternalModuleInAnotherExternalModule_ts has expected errors matching ambientExternalModuleInAnotherExternalModule_errors_txt[jvm] FAILED

<test-failure test="com.xemantic.typescript.compiler.TypeScriptCompilerTests_A.abstractPropertyNegative_ts__target_es5__has expected errors matching baseline" platform="jvm">
<message>
--- expected
+++ actual
@@ -1,22 +1,12 @@
 error TS5107: Option 'target=ES5' is deprecated and will stop functioning in TypeScript 7.0. Specify compilerOption '"ignoreDeprecations": "6.0"' to silence this error.
-abstractPropertyNegative.ts(13,7): error TS2654: Non-abstract class 'C' is missing implementations for the following members of 'B': 'prop', 'readonlyProp', 'm', 'mismatch'.
-abstractPropertyNegative.ts(15,5): error TS1253: Abstract properties can only appear within an abstract class.
-abstractPropertyNegative.ts(16,37): error TS1005: '{' expected.
-abstractPropertyNegative.ts(19,3): error TS2540: Cannot assign to 'ro' because it is a read-only property.
 abstractPropertyNegative.ts(25,5): error TS2416: Property 'num' in type 'WrongTypePropertyImpl' is not assignable to the same property in base type 'WrongTypeProperty'.
   Type 'string' is not assignable to type 'number'.
-abstractPropertyNegative.ts(31,9): error TS2416: Property 'num' in type 'WrongTypeAccessorImpl' is not assignable to the same property in base type 'WrongTypeAccessor'.
-  Type 'string' is not assignable to type 'number'.
 abstractPropertyNegative.ts(34,5): error TS2416: Property 'num' in type 'WrongTypeAccessorImpl2' is not assignable to the same property in base type 'WrongTypeAccessor'.
   Type 'string' is not assignable to type 'number'.
-abstractPropertyNegative.ts(38,18): error TS2676: Accessors must both be abstract or non-abstract.
-abstractPropertyNegative.ts(39,9): error TS2676: Accessors must both be abstract or non-abstract.
-abstractPropertyNegative.ts(40,9): error TS2676: Accessors must both be abstract or non-abstract.
-abstractPropertyNegative.ts(41,18): error TS2676: Accessors must both be abstract or non-abstract.
 
 
 !!! error TS5107: Option 'target=ES5' is deprecated and will stop functioning in TypeScript 7.0. Specify compilerOption '"ignoreDeprecations": "6.0"' to silence this error.
-==== abstractPropertyNegative.ts (11 errors) ====
+==== abstractPropertyNegative.ts (2 errors) ====
     interface A {
         prop: string;
         m(): string;
@@ -30,20 +20,12 @@
         abstract set mismatch(val: number);
     }
     class C extends B {
-          ~
-!!! error TS2654: Non-abstract class 'C' is missing implementations for the following members of 'B': 'prop', 'readonlyProp', 'm', 'mismatch'.
         readonly ro = "readonly please";
         abstract notAllowed: string;
-        ~~~~~~~~
-!!! error TS1253: Abstract properties can only appear within an abstract class.
         get concreteWithNoBody(): string;
-                                        ~
-!!! error TS1005: '{' expected.
     }
     let c = new C();
     c.ro = "error: lhs of assignment can't be readonly";
-      ~~
-!!! error TS2540: Cannot assign to 'ro' because it is a read-only property.
     
     abstract class WrongTypeProperty {
         abstract num: number;
@@ -59,9 +41,6 @@
     }
     class WrongTypeAccessorImpl extends WrongTypeAccessor {
         get num() { return "nope, wrong"; }
-            ~~~
-!!! error TS2416: Property 'num' in type 'WrongTypeAccessorImpl' is not assignable to the same property in base type 'WrongTypeAccessor'.
-!!! error TS2416:   Type 'string' is not assignable to type 'number'.
     }
     class WrongTypeAccessorImpl2 extends WrongTypeAccessor {
         num = "nope, wrong";
@@ -72,15 +51,7 @@
     
     abstract class AbstractAccessorMismatch {
         abstract get p1(): string;
-                     ~~
-!!! error TS2676: Accessors must both be abstract or non-abstract.
         set p1(val: string) { };
-            ~~
-!!! error TS2676: Accessors must both be abstract or non-abstract.
         get p2(): string { return "should work"; }
-            ~~
-!!! error TS2676: Accessors must both be abstract or non-abstract.
         abstract set p2(val: string);
-                     ~~
-!!! error TS2676: Accessors must both be abstract or non-abstract.
     }

</message>
<stacktrace>
  at org.junit.Assert.fail(Assert.java:89)
  at kotlin.test.junit.JUnitAsserter.fail(JUnitSupport.kt:56)
  at kotlin.test.AssertionsKt__AssertionsKt.fail(Assertions.kt:563)
  at kotlin.test.AssertionsKt.fail(Unknown Source)
  at com.xemantic.kotlin.test.SameAsKt.sameAs(SameAs.kt:52)
  at com.xemantic.typescript.compiler.TypeScriptTestSupportKt.errorsMatchBaseline(TypeScriptTestSupport.kt:135)
  at com.xemantic.typescript.compiler.TypeScriptCompilerTests_A.abstractPropertyNegative_ts__target_es5__has expected errors matching baseline(TypeScriptCompilerTests_A.kt:175)
  at java.base/jdk.internal.reflect.DirectMethodHandleAccessor.invoke(DirectMethodHandleAccessor.java:104)
  at java.base/java.lang.reflect.Method.invoke(Method.java:565)
  at org.junit.runners.model.FrameworkMethod$1.runReflectiveCall(FrameworkMethod.java:59)
  at org.junit.internal.runners.model.ReflectiveCallable.run(ReflectiveCallable.java:12)
  at org.junit.runners.model.FrameworkMethod.invokeExplosively(FrameworkMethod.java:56)
  at org.junit.internal.runners.statements.InvokeMethod.evaluate(InvokeMethod.java:17)
  at org.junit.runners.ParentRunner$3.evaluate(ParentRunner.java:306)
  at org.junit.runners.BlockJUnit4ClassRunner$1.evaluate(BlockJUnit4ClassRunner.java:100)
  at org.junit.runners.ParentRunner.runLeaf(ParentRunner.java:366)
  at org.junit.runners.BlockJUnit4ClassRunner.runChild(BlockJUnit4ClassRunner.java:103)
  at org.junit.runners.BlockJUnit4ClassRunner.runChild(BlockJUnit4ClassRunner.java:63)
  at org.junit.runners.ParentRunner$4.run(ParentRunner.java:331)
  at org.junit.runners.ParentRunner$1.schedule(ParentRunner.java:79)
  at org.junit.runners.ParentRunner.runChildren(ParentRunner.java:329)
  at org.junit.runners.ParentRunner.access$100(ParentRunner.java:66)
  at org.junit.runners.ParentRunner$2.evaluate(ParentRunner.java:293)
  at org.junit.runners.ParentRunner$3.evaluate(ParentRunner.java:306)
  at org.junit.runners.ParentRunner.run(ParentRunner.java:413)
  at org.junit.runner.JUnitCore.run(JUnitCore.java:137)
  at org.junit.runner.JUnitCore.run(JUnitCore.java:115)
  at org.gradle.api.internal.tasks.testing.junit.JUnitTestExecutor.runRequest(JUnitTestExecutor.java:175)
  at org.gradle.api.internal.tasks.testing.junit.JUnitTestExecutor.accept(JUnitTestExecutor.java:84)
  at org.gradle.api.internal.tasks.testing.junit.JUnitTestExecutor.accept(JUnitTestExecutor.java:47)
  at org.gradle.api.internal.tasks.testing.junit.AbstractJUnitTestDefinitionProcessor.processTestDefinition(AbstractJUnitTestDefinitionProcessor.java:65)
  at org.gradle.api.internal.tasks.testing.SuiteTestDefinitionProcessor.processTestDefinition(SuiteTestDefinitionProcessor.java:54)
  at java.base/jdk.internal.reflect.DirectMethodHandleAccessor.invoke(DirectMethodHandleAccessor.java:104)
  at java.base/java.lang.reflect.Method.invoke(Method.java:565)
  at org.gradle.internal.dispatch.MethodInvocation.invokeOn(MethodInvocation.java:77)
  at org.gradle.internal.dispatch.ReflectionDispatch.dispatch(ReflectionDispatch.java:28)
  at org.gradle.internal.dispatch.ReflectionDispatch.dispatch(ReflectionDispatch.java:19)
  at org.gradle.internal.dispatch.ContextClassLoaderDispatch.dispatch(ContextClassLoaderDispatch.java:33)
  at org.gradle.internal.dispatch.ProxyDispatchAdapter$DispatchingInvocationHandler.invoke(ProxyDispatchAdapter.java:88)
  at jdk.proxy1/jdk.proxy1.$Proxy4.processTestDefinition(Unknown Source)
  at org.gradle.api.internal.tasks.testing.worker.TestWorker$2.run(TestWorker.java:178)
  at org.gradle.api.internal.tasks.testing.worker.TestWorker.executeAndMaintainThreadName(TestWorker.java:126)
  at org.gradle.api.internal.tasks.testing.worker.TestWorker.execute(TestWorker.java:103)
  at org.gradle.api.internal.tasks.testing.worker.TestWorker.execute(TestWorker.java:63)
  at org.gradle.process.internal.worker.child.ActionExecutionWorker.execute(ActionExecutionWorker.java:56)
  at org.gradle.process.internal.worker.child.SystemApplicationClassLoaderWorker.call(SystemApplicationClassLoaderWorker.java:122)
  at org.gradle.process.internal.worker.child.SystemApplicationClassLoaderWorker.call(SystemApplicationClassLoaderWorker.java:72)
  at worker.org.gradle.process.internal.worker.GradleWorkerMain.run(GradleWorkerMain.java:69)
  at worker.org.gradle.process.internal.worker.GradleWorkerMain.main(GradleWorkerMain.java:74)
</stacktrace>
</test-failure>


TypeScriptCompilerTests_A[jvm] > abstractPropertyNegative_ts__target_es5__has expected errors matching baseline[jvm] FAILED

<test-failure test="com.xemantic.typescript.compiler.TypeScriptCompilerTests_A.assignmentCompatability22_ts has expected errors matching assignmentCompatability22_errors_txt" platform="jvm">
<message>
Expected diagnostics from baseline typescript-repo/tests/baselines/reference/assignmentCompatability22.errors.txt but none produced
</message>
<stacktrace>
  at com.xemantic.typescript.compiler.TypeScriptTestSupportKt.errorsMatchBaseline(TypeScriptTestSupport.kt:125)
  at com.xemantic.typescript.compiler.TypeScriptCompilerTests_A.assignmentCompatability22_ts has expected errors matching assignmentCompatability22_errors_txt(TypeScriptCompilerTests_A.kt:3423)
  at java.base/jdk.internal.reflect.DirectMethodHandleAccessor.invoke(DirectMethodHandleAccessor.java:104)
  at java.base/java.lang.reflect.Method.invoke(Method.java:565)
  at org.junit.runners.model.FrameworkMethod$1.runReflectiveCall(FrameworkMethod.java:59)
  at org.junit.internal.runners.model.ReflectiveCallable.run(ReflectiveCallable.java:12)
  at org.junit.runners.model.FrameworkMethod.invokeExplosively(FrameworkMethod.java:56)
  at org.junit.internal.runners.statements.InvokeMethod.evaluate(InvokeMethod.java:17)
  at org.junit.runners.ParentRunner$3.evaluate(ParentRunner.java:306)
  at org.junit.runners.BlockJUnit4ClassRunner$1.evaluate(BlockJUnit4ClassRunner.java:100)
  at org.junit.runners.ParentRunner.runLeaf(ParentRunner.java:366)
  at org.junit.runners.BlockJUnit4ClassRunner.runChild(BlockJUnit4ClassRunner.java:103)
  at org.junit.runners.BlockJUnit4ClassRunner.runChild(BlockJUnit4ClassRunner.java:63)
  at org.junit.runners.ParentRunner$4.run(ParentRunner.java:331)
  at org.junit.runners.ParentRunner$1.schedule(ParentRunner.java:79)
  at org.junit.runners.ParentRunner.runChildren(ParentRunner.java:329)
  at org.junit.runners.ParentRunner.access$100(ParentRunner.java:66)
  at org.junit.runners.ParentRunner$2.evaluate(ParentRunner.java:293)
  at org.junit.runners.ParentRunner$3.evaluate(ParentRunner.java:306)
  at org.junit.runners.ParentRunner.run(ParentRunner.java:413)
  at org.junit.runner.JUnitCore.run(JUnitCore.java:137)
  at org.junit.runner.JUnitCore.run(JUnitCore.java:115)
  at org.gradle.api.internal.tasks.testing.junit.JUnitTestExecutor.runRequest(JUnitTestExecutor.java:175)
  at org.gradle.api.internal.tasks.testing.junit.JUnitTestExecutor.accept(JUnitTestExecutor.java:84)
  at org.gradle.api.internal.tasks.testing.junit.JUnitTestExecutor.accept(JUnitTestExecutor.java:47)
  at org.gradle.api.internal.tasks.testing.junit.AbstractJUnitTestDefinitionProcessor.processTestDefinition(AbstractJUnitTestDefinitionProcessor.java:65)
  at org.gradle.api.internal.tasks.testing.SuiteTestDefinitionProcessor.processTestDefinition(SuiteTestDefinitionProcessor.java:54)
  at java.base/jdk.internal.reflect.DirectMethodHandleAccessor.invoke(DirectMethodHandleAccessor.java:104)
  at java.base/java.lang.reflect.Method.invoke(Method.java:565)
  at org.gradle.internal.dispatch.MethodInvocation.invokeOn(MethodInvocation.java:77)
  at org.gradle.internal.dispatch.ReflectionDispatch.dispatch(ReflectionDispatch.java:28)
  at org.gradle.internal.dispatch.ReflectionDispatch.dispatch(ReflectionDispatch.java:19)
  at org.gradle.internal.dispatch.ContextClassLoaderDispatch.dispatch(ContextClassLoaderDispatch.java:33)
  at org.gradle.internal.dispatch.ProxyDispatchAdapter$DispatchingInvocationHandler.invoke(ProxyDispatchAdapter.java:88)
  at jdk.proxy1/jdk.proxy1.$Proxy4.processTestDefinition(Unknown Source)
  at org.gradle.api.internal.tasks.testing.worker.TestWorker$2.run(TestWorker.java:178)
  at org.gradle.api.internal.tasks.testing.worker.TestWorker.executeAndMaintainThreadName(TestWorker.java:126)
  at org.gradle.api.internal.tasks.testing.worker.TestWorker.execute(TestWorker.java:103)
  at org.gradle.api.internal.tasks.testing.worker.TestWorker.execute(TestWorker.java:63)
  at org.gradle.process.internal.worker.child.ActionExecutionWorker.execute(ActionExecutionWorker.java:56)
  at org.gradle.process.internal.worker.child.SystemApplicationClassLoaderWorker.call(SystemApplicationClassLoaderWorker.java:122)
  at org.gradle.process.internal.worker.child.SystemApplicationClassLoaderWorker.call(SystemApplicationClassLoaderWorker.java:72)
  at worker.org.gradle.process.internal.worker.GradleWorkerMain.run(GradleWorkerMain.java:69)
  at worker.org.gradle.process.internal.worker.GradleWorkerMain.main(GradleWorkerMain.java:74)
</stacktrace>
</test-failure>


TypeScriptCompilerTests_A[jvm] > assignmentCompatability22_ts has expected errors matching assignmentCompatability22_errors_txt[jvm] FAILED

<test-failure test="com.xemantic.typescript.compiler.TypeScriptCompilerTests_A.assignmentCompatability26_ts has expected errors matching assignmentCompatability26_errors_txt" platform="jvm">
<message>
Expected diagnostics from baseline typescript-repo/tests/baselines/reference/assignmentCompatability26.errors.txt but none produced
</message>
<stacktrace>
  at com.xemantic.typescript.compiler.TypeScriptTestSupportKt.errorsMatchBaseline(TypeScriptTestSupport.kt:125)
  at com.xemantic.typescript.compiler.TypeScriptCompilerTests_A.assignmentCompatability26_ts has expected errors matching assignmentCompatability26_errors_txt(TypeScriptCompilerTests_A.kt:3479)
  at java.base/jdk.internal.reflect.DirectMethodHandleAccessor.invoke(DirectMethodHandleAccessor.java:104)
  at java.base/java.lang.reflect.Method.invoke(Method.java:565)
  at org.junit.runners.model.FrameworkMethod$1.runReflectiveCall(FrameworkMethod.java:59)
  at org.junit.internal.runners.model.ReflectiveCallable.run(ReflectiveCallable.java:12)
  at org.junit.runners.model.FrameworkMethod.invokeExplosively(FrameworkMethod.java:56)
  at org.junit.internal.runners.statements.InvokeMethod.evaluate(InvokeMethod.java:17)
  at org.junit.runners.ParentRunner$3.evaluate(ParentRunner.java:306)
  at org.junit.runners.BlockJUnit4ClassRunner$1.evaluate(BlockJUnit4ClassRunner.java:100)
  at org.junit.runners.ParentRunner.runLeaf(ParentRunner.java:366)
  at org.junit.runners.BlockJUnit4ClassRunner.runChild(BlockJUnit4ClassRunner.java:103)
  at org.junit.runners.BlockJUnit4ClassRunner.runChild(BlockJUnit4ClassRunner.java:63)
  at org.junit.runners.ParentRunner$4.run(ParentRunner.java:331)
  at org.junit.runners.ParentRunner$1.schedule(ParentRunner.java:79)
  at org.junit.runners.ParentRunner.runChildren(ParentRunner.java:329)
  at org.junit.runners.ParentRunner.access$100(ParentRunner.java:66)
  at org.junit.runners.ParentRunner$2.evaluate(ParentRunner.java:293)
  at org.junit.runners.ParentRunner$3.evaluate(ParentRunner.java:306)
  at org.junit.runners.ParentRunner.run(ParentRunner.java:413)
  at org.junit.runner.JUnitCore.run(JUnitCore.java:137)
  at org.junit.runner.JUnitCore.run(JUnitCore.java:115)
  at org.gradle.api.internal.tasks.testing.junit.JUnitTestExecutor.runRequest(JUnitTestExecutor.java:175)
  at org.gradle.api.internal.tasks.testing.junit.JUnitTestExecutor.accept(JUnitTestExecutor.java:84)
  at org.gradle.api.internal.tasks.testing.junit.JUnitTestExecutor.accept(JUnitTestExecutor.java:47)
  at org.gradle.api.internal.tasks.testing.junit.AbstractJUnitTestDefinitionProcessor.processTestDefinition(AbstractJUnitTestDefinitionProcessor.java:65)
  at org.gradle.api.internal.tasks.testing.SuiteTestDefinitionProcessor.processTestDefinition(SuiteTestDefinitionProcessor.java:54)
  at java.base/jdk.internal.reflect.DirectMethodHandleAccessor.invoke(DirectMethodHandleAccessor.java:104)
  at java.base/java.lang.reflect.Method.invoke(Method.java:565)
  at org.gradle.internal.dispatch.MethodInvocation.invokeOn(MethodInvocation.java:77)
  at org.gradle.internal.dispatch.ReflectionDispatch.dispatch(ReflectionDispatch.java:28)
  at org.gradle.internal.dispatch.ReflectionDispatch.dispatch(ReflectionDispatch.java:19)
  at org.gradle.internal.dispatch.ContextClassLoaderDispatch.dispatch(ContextClassLoaderDispatch.java:33)
  at org.gradle.internal.dispatch.ProxyDispatchAdapter$DispatchingInvocationHandler.invoke(ProxyDispatchAdapter.java:88)
  at jdk.proxy1/jdk.proxy1.$Proxy4.processTestDefinition(Unknown Source)
  at org.gradle.api.internal.tasks.testing.worker.TestWorker$2.run(TestWorker.java:178)
  at org.gradle.api.internal.tasks.testing.worker.TestWorker.executeAndMaintainThreadName(TestWorker.java:126)
  at org.gradle.api.internal.tasks.testing.worker.TestWorker.execute(TestWorker.java:103)
  at org.gradle.api.internal.tasks.testing.worker.TestWorker.execute(TestWorker.java:63)
  at org.gradle.process.internal.worker.child.ActionExecutionWorker.execute(ActionExecutionWorker.java:56)
  at org.gradle.process.internal.worker.child.SystemApplicationClassLoaderWorker.call(SystemApplicationClassLoaderWorker.java:122)
  at org.gradle.process.internal.worker.child.SystemApplicationClassLoaderWorker.call(SystemApplicationClassLoaderWorker.java:72)
  at worker.org.gradle.process.internal.worker.GradleWorkerMain.run(GradleWorkerMain.java:69)
  at worker.org.gradle.process.internal.worker.GradleWorkerMain.main(GradleWorkerMain.java:74)
</stacktrace>
</test-failure>


TypeScriptCompilerTests_A[jvm] > assignmentCompatability26_ts has expected errors matching assignmentCompatability26_errors_txt[jvm] FAILED

<test-failure test="com.xemantic.typescript.compiler.TypeScriptCompilerTests_A.autoTypeAssignedUsingDestructuringFromNeverNoCrash_ts has expected errors matching autoTypeAssignedUsingDestructuringFromNeverNoCrash_errors_txt" platform="jvm">
<message>
Expected diagnostics from baseline typescript-repo/tests/baselines/reference/autoTypeAssignedUsingDestructuringFromNeverNoCrash.errors.txt but none produced
</message>
<stacktrace>
  at com.xemantic.typescript.compiler.TypeScriptTestSupportKt.errorsMatchBaseline(TypeScriptTestSupport.kt:125)
  at com.xemantic.typescript.compiler.TypeScriptCompilerTests_A.autoTypeAssignedUsingDestructuringFromNeverNoCrash_ts has expected errors matching autoTypeAssignedUsingDestructuringFromNeverNoCrash_errors_txt(TypeScriptCompilerTests_A.kt:4564)
  at java.base/jdk.internal.reflect.DirectMethodHandleAccessor.invoke(DirectMethodHandleAccessor.java:104)
  at java.base/java.lang.reflect.Method.invoke(Method.java:565)
  at org.junit.runners.model.FrameworkMethod$1.runReflectiveCall(FrameworkMethod.java:59)
  at org.junit.internal.runners.model.ReflectiveCallable.run(ReflectiveCallable.java:12)
  at org.junit.runners.model.FrameworkMethod.invokeExplosively(FrameworkMethod.java:56)
  at org.junit.internal.runners.statements.InvokeMethod.evaluate(InvokeMethod.java:17)
  at org.junit.runners.ParentRunner$3.evaluate(ParentRunner.java:306)
  at org.junit.runners.BlockJUnit4ClassRunner$1.evaluate(BlockJUnit4ClassRunner.java:100)
  at org.junit.runners.ParentRunner.runLeaf(ParentRunner.java:366)
  at org.junit.runners.BlockJUnit4ClassRunner.runChild(BlockJUnit4ClassRunner.java:103)
  at org.junit.runners.BlockJUnit4ClassRunner.runChild(BlockJUnit4ClassRunner.java:63)
  at org.junit.runners.ParentRunner$4.run(ParentRunner.java:331)
  at org.junit.runners.ParentRunner$1.schedule(ParentRunner.java:79)
  at org.junit.runners.ParentRunner.runChildren(ParentRunner.java:329)
  at org.junit.runners.ParentRunner.access$100(ParentRunner.java:66)
  at org.junit.runners.ParentRunner$2.evaluate(ParentRunner.java:293)
  at org.junit.runners.ParentRunner$3.evaluate(ParentRunner.java:306)
  at org.junit.runners.ParentRunner.run(ParentRunner.java:413)
  at org.junit.runner.JUnitCore.run(JUnitCore.java:137)
  at org.junit.runner.JUnitCore.run(JUnitCore.java:115)
  at org.gradle.api.internal.tasks.testing.junit.JUnitTestExecutor.runRequest(JUnitTestExecutor.java:175)
  at org.gradle.api.internal.tasks.testing.junit.JUnitTestExecutor.accept(JUnitTestExecutor.java:84)
  at org.gradle.api.internal.tasks.testing.junit.JUnitTestExecutor.accept(JUnitTestExecutor.java:47)
  at org.gradle.api.internal.tasks.testing.junit.AbstractJUnitTestDefinitionProcessor.processTestDefinition(AbstractJUnitTestDefinitionProcessor.java:65)
  at org.gradle.api.internal.tasks.testing.SuiteTestDefinitionProcessor.processTestDefinition(SuiteTestDefinitionProcessor.java:54)
  at java.base/jdk.internal.reflect.DirectMethodHandleAccessor.invoke(DirectMethodHandleAccessor.java:104)
  at java.base/java.lang.reflect.Method.invoke(Method.java:565)
  at org.gradle.internal.dispatch.MethodInvocation.invokeOn(MethodInvocation.java:77)
  at org.gradle.internal.dispatch.ReflectionDispatch.dispatch(ReflectionDispatch.java:28)
  at org.gradle.internal.dispatch.ReflectionDispatch.dispatch(ReflectionDispatch.java:19)
  at org.gradle.internal.dispatch.ContextClassLoaderDispatch.dispatch(ContextClassLoaderDispatch.java:33)
  at org.gradle.internal.dispatch.ProxyDispatchAdapter$DispatchingInvocationHandler.invoke(ProxyDispatchAdapter.java:88)
  at jdk.proxy1/jdk.proxy1.$Proxy4.processTestDefinition(Unknown Source)
  at org.gradle.api.internal.tasks.testing.worker.TestWorker$2.run(TestWorker.java:178)
  at org.gradle.api.internal.tasks.testing.worker.TestWorker.executeAndMaintainThreadName(TestWorker.java:126)
  at org.gradle.api.internal.tasks.testing.worker.TestWorker.execute(TestWorker.java:103)
  at org.gradle.api.internal.tasks.testing.worker.TestWorker.execute(TestWorker.java:63)
  at org.gradle.process.internal.worker.child.ActionExecutionWorker.execute(ActionExecutionWorker.java:56)
  at org.gradle.process.internal.worker.child.SystemApplicationClassLoaderWorker.call(SystemApplicationClassLoaderWorker.java:122)
  at org.gradle.process.internal.worker.child.SystemApplicationClassLoaderWorker.call(SystemApplicationClassLoaderWorker.java:72)
  at worker.org.gradle.process.internal.worker.GradleWorkerMain.run(GradleWorkerMain.java:69)
  at worker.org.gradle.process.internal.worker.GradleWorkerMain.main(GradleWorkerMain.java:74)
</stacktrace>
</test-failure>


TypeScriptCompilerTests_A[jvm] > autoTypeAssignedUsingDestructuringFromNeverNoCrash_ts has expected errors matching autoTypeAssignedUsingDestructuringFromNeverNoCrash_errors_txt[jvm] FAILED

<test-failure test="com.xemantic.typescript.compiler.TypeScriptCompilerTests_A.augmentedClassWithPrototypePropertyOnModule_ts has expected errors matching augmentedClassWithPrototypePropertyOnModule_errors_txt" platform="jvm">
<message>
Expected diagnostics from baseline typescript-repo/tests/baselines/reference/augmentedClassWithPrototypePropertyOnModule.errors.txt but none produced
</message>
<stacktrace>
  at com.xemantic.typescript.compiler.TypeScriptTestSupportKt.errorsMatchBaseline(TypeScriptTestSupport.kt:125)
  at com.xemantic.typescript.compiler.TypeScriptCompilerTests_A.augmentedClassWithPrototypePropertyOnModule_ts has expected errors matching augmentedClassWithPrototypePropertyOnModule_errors_txt(TypeScriptCompilerTests_A.kt:4312)
  at java.base/jdk.internal.reflect.DirectMethodHandleAccessor.invoke(DirectMethodHandleAccessor.java:104)
  at java.base/java.lang.reflect.Method.invoke(Method.java:565)
  at org.junit.runners.model.FrameworkMethod$1.runReflectiveCall(FrameworkMethod.java:59)
  at org.junit.internal.runners.model.ReflectiveCallable.run(ReflectiveCallable.java:12)
  at org.junit.runners.model.FrameworkMethod.invokeExplosively(FrameworkMethod.java:56)
  at org.junit.internal.runners.statements.InvokeMethod.evaluate(InvokeMethod.java:17)
  at org.junit.runners.ParentRunner$3.evaluate(ParentRunner.java:306)
  at org.junit.runners.BlockJUnit4ClassRunner$1.evaluate(BlockJUnit4ClassRunner.java:100)
  at org.junit.runners.ParentRunner.runLeaf(ParentRunner.java:366)
  at org.junit.runners.BlockJUnit4ClassRunner.runChild(BlockJUnit4ClassRunner.java:103)
  at org.junit.runners.BlockJUnit4ClassRunner.runChild(BlockJUnit4ClassRunner.java:63)
  at org.junit.runners.ParentRunner$4.run(ParentRunner.java:331)
  at org.junit.runners.ParentRunner$1.schedule(ParentRunner.java:79)
  at org.junit.runners.ParentRunner.runChildren(ParentRunner.java:329)
  at org.junit.runners.ParentRunner.access$100(ParentRunner.java:66)
  at org.junit.runners.ParentRunner$2.evaluate(ParentRunner.java:293)
  at org.junit.runners.ParentRunner$3.evaluate(ParentRunner.java:306)
  at org.junit.runners.ParentRunner.run(ParentRunner.java:413)
  at org.junit.runner.JUnitCore.run(JUnitCore.java:137)
  at org.junit.runner.JUnitCore.run(JUnitCore.java:115)
  at org.gradle.api.internal.tasks.testing.junit.JUnitTestExecutor.runRequest(JUnitTestExecutor.java:175)
  at org.gradle.api.internal.tasks.testing.junit.JUnitTestExecutor.accept(JUnitTestExecutor.java:84)
  at org.gradle.api.internal.tasks.testing.junit.JUnitTestExecutor.accept(JUnitTestExecutor.java:47)
  at org.gradle.api.internal.tasks.testing.junit.AbstractJUnitTestDefinitionProcessor.processTestDefinition(AbstractJUnitTestDefinitionProcessor.java:65)
  at org.gradle.api.internal.tasks.testing.SuiteTestDefinitionProcessor.processTestDefinition(SuiteTestDefinitionProcessor.java:54)
  at java.base/jdk.internal.reflect.DirectMethodHandleAccessor.invoke(DirectMethodHandleAccessor.java:104)
  at java.base/java.lang.reflect.Method.invoke(Method.java:565)
  at org.gradle.internal.dispatch.MethodInvocation.invokeOn(MethodInvocation.java:77)
  at org.gradle.internal.dispatch.ReflectionDispatch.dispatch(ReflectionDispatch.java:28)
  at org.gradle.internal.dispatch.ReflectionDispatch.dispatch(ReflectionDispatch.java:19)
  at org.gradle.internal.dispatch.ContextClassLoaderDispatch.dispatch(ContextClassLoaderDispatch.java:33)
  at org.gradle.internal.dispatch.ProxyDispatchAdapter$DispatchingInvocationHandler.invoke(ProxyDispatchAdapter.java:88)
  at jdk.proxy1/jdk.proxy1.$Proxy4.processTestDefinition(Unknown Source)
  at org.gradle.api.internal.tasks.testing.worker.TestWorker$2.run(TestWorker.java:178)
  at org.gradle.api.internal.tasks.testing.worker.TestWorker.executeAndMaintainThreadName(TestWorker.java:126)
  at org.gradle.api.internal.tasks.testing.worker.TestWorker.execute(TestWorker.java:103)
  at org.gradle.api.internal.tasks.testing.worker.TestWorker.execute(TestWorker.java:63)
  at org.gradle.process.internal.worker.child.ActionExecutionWorker.execute(ActionExecutionWorker.java:56)
  at org.gradle.process.internal.worker.child.SystemApplicationClassLoaderWorker.call(SystemApplicationClassLoaderWorker.java:122)
  at org.gradle.process.internal.worker.child.SystemApplicationClassLoaderWorker.call(SystemApplicationClassLoaderWorker.java:72)
  at worker.org.gradle.process.internal.worker.GradleWorkerMain.run(GradleWorkerMain.java:69)
  at worker.org.gradle.process.internal.worker.GradleWorkerMain.main(GradleWorkerMain.java:74)
</stacktrace>
</test-failure>


TypeScriptCompilerTests_A[jvm] > augmentedClassWithPrototypePropertyOnModule_ts has expected errors matching augmentedClassWithPrototypePropertyOnModule_errors_txt[jvm] FAILED

<test-failure test="com.xemantic.typescript.compiler.TypeScriptCompilerTests_A.assignmentToObject_ts has expected errors matching assignmentToObject_errors_txt" platform="jvm">
<message>
Expected diagnostics from baseline typescript-repo/tests/baselines/reference/assignmentToObject.errors.txt but none produced
</message>
<stacktrace>
  at com.xemantic.typescript.compiler.TypeScriptTestSupportKt.errorsMatchBaseline(TypeScriptTestSupport.kt:125)
  at com.xemantic.typescript.compiler.TypeScriptCompilerTests_A.assignmentToObject_ts has expected errors matching assignmentToObject_errors_txt(TypeScriptCompilerTests_A.kt:3976)
  at java.base/jdk.internal.reflect.DirectMethodHandleAccessor.invoke(DirectMethodHandleAccessor.java:104)
  at java.base/java.lang.reflect.Method.invoke(Method.java:565)
  at org.junit.runners.model.FrameworkMethod$1.runReflectiveCall(FrameworkMethod.java:59)
  at org.junit.internal.runners.model.ReflectiveCallable.run(ReflectiveCallable.java:12)
  at org.junit.runners.model.FrameworkMethod.invokeExplosively(FrameworkMethod.java:56)
  at org.junit.internal.runners.statements.InvokeMethod.evaluate(InvokeMethod.java:17)
  at org.junit.runners.ParentRunner$3.evaluate(ParentRunner.java:306)
  at org.junit.runners.BlockJUnit4ClassRunner$1.evaluate(BlockJUnit4ClassRunner.java:100)
  at org.junit.runners.ParentRunner.runLeaf(ParentRunner.java:366)
  at org.junit.runners.BlockJUnit4ClassRunner.runChild(BlockJUnit4ClassRunner.java:103)
  at org.junit.runners.BlockJUnit4ClassRunner.runChild(BlockJUnit4ClassRunner.java:63)
  at org.junit.runners.ParentRunner$4.run(ParentRunner.java:331)
  at org.junit.runners.ParentRunner$1.schedule(ParentRunner.java:79)
  at org.junit.runners.ParentRunner.runChildren(ParentRunner.java:329)
  at org.junit.runners.ParentRunner.access$100(ParentRunner.java:66)
  at org.junit.runners.ParentRunner$2.evaluate(ParentRunner.java:293)
  at org.junit.runners.ParentRunner$3.evaluate(ParentRunner.java:306)
  at org.junit.runners.ParentRunner.run(ParentRunner.java:413)
  at org.junit.runner.JUnitCore.run(JUnitCore.java:137)
  at org.junit.runner.JUnitCore.run(JUnitCore.java:115)
  at org.gradle.api.internal.tasks.testing.junit.JUnitTestExecutor.runRequest(JUnitTestExecutor.java:175)
  at org.gradle.api.internal.tasks.testing.junit.JUnitTestExecutor.accept(JUnitTestExecutor.java:84)
  at org.gradle.api.internal.tasks.testing.junit.JUnitTestExecutor.accept(JUnitTestExecutor.java:47)
  at org.gradle.api.internal.tasks.testing.junit.AbstractJUnitTestDefinitionProcessor.processTestDefinition(AbstractJUnitTestDefinitionProcessor.java:65)
  at org.gradle.api.internal.tasks.testing.SuiteTestDefinitionProcessor.processTestDefinition(SuiteTestDefinitionProcessor.java:54)
  at java.base/jdk.internal.reflect.DirectMethodHandleAccessor.invoke(DirectMethodHandleAccessor.java:104)
  at java.base/java.lang.reflect.Method.invoke(Method.java:565)
  at org.gradle.internal.dispatch.MethodInvocation.invokeOn(MethodInvocation.java:77)
  at org.gradle.internal.dispatch.ReflectionDispatch.dispatch(ReflectionDispatch.java:28)
  at org.gradle.internal.dispatch.ReflectionDispatch.dispatch(ReflectionDispatch.java:19)
  at org.gradle.internal.dispatch.ContextClassLoaderDispatch.dispatch(ContextClassLoaderDispatch.java:33)
  at org.gradle.internal.dispatch.ProxyDispatchAdapter$DispatchingInvocationHandler.invoke(ProxyDispatchAdapter.java:88)
  at jdk.proxy1/jdk.proxy1.$Proxy4.processTestDefinition(Unknown Source)
  at org.gradle.api.internal.tasks.testing.worker.TestWorker$2.run(TestWorker.java:178)
  at org.gradle.api.internal.tasks.testing.worker.TestWorker.executeAndMaintainThreadName(TestWorker.java:126)
  at org.gradle.api.internal.tasks.testing.worker.TestWorker.execute(TestWorker.java:103)
  at org.gradle.api.internal.tasks.testing.worker.TestWorker.execute(TestWorker.java:63)
  at org.gradle.process.internal.worker.child.ActionExecutionWorker.execute(ActionExecutionWorker.java:56)
  at org.gradle.process.internal.worker.child.SystemApplicationClassLoaderWorker.call(SystemApplicationClassLoaderWorker.java:122)
  at org.gradle.process.internal.worker.child.SystemApplicationClassLoaderWorker.call(SystemApplicationClassLoaderWorker.java:72)
  at worker.org.gradle.process.internal.worker.GradleWorkerMain.run(GradleWorkerMain.java:69)
  at worker.org.gradle.process.internal.worker.GradleWorkerMain.main(GradleWorkerMain.java:74)
</stacktrace>
</test-failure>


TypeScriptCompilerTests_A[jvm] > assignmentToObject_ts has expected errors matching assignmentToObject_errors_txt[jvm] FAILED

<test-failure test="com.xemantic.typescript.compiler.TypeScriptCompilerTests_A.accessorBodyInTypeContext_ts compiles to JavaScript matching accessorBodyInTypeContext_js" platform="jvm">
<message>
--- expected
+++ actual
@@ -21,3 +21,5 @@
 
 //// [accessorBodyInTypeContext.js]
 "use strict";
+;
+;

</message>
<stacktrace>
  at org.junit.Assert.fail(Assert.java:89)
  at kotlin.test.junit.JUnitAsserter.fail(JUnitSupport.kt:56)
  at kotlin.test.AssertionsKt__AssertionsKt.fail(Assertions.kt:563)
  at kotlin.test.AssertionsKt.fail(Unknown Source)
  at com.xemantic.kotlin.test.SameAsKt.sameAs(SameAs.kt:52)
  at com.xemantic.typescript.compiler.TypeScriptTestSupportKt.sameAs(TypeScriptTestSupport.kt:99)
  at com.xemantic.typescript.compiler.TypeScriptCompilerTests_A.accessorBodyInTypeContext_ts compiles to JavaScript matching accessorBodyInTypeContext_js(TypeScriptCompilerTests_A.kt:259)
  at java.base/jdk.internal.reflect.DirectMethodHandleAccessor.invoke(DirectMethodHandleAccessor.java:104)
  at java.base/java.lang.reflect.Method.invoke(Method.java:565)
  at org.junit.runners.model.FrameworkMethod$1.runReflectiveCall(FrameworkMethod.java:59)
  at org.junit.internal.runners.model.ReflectiveCallable.run(ReflectiveCallable.java:12)
  at org.junit.runners.model.FrameworkMethod.invokeExplosively(FrameworkMethod.java:56)
  at org.junit.internal.runners.statements.InvokeMethod.evaluate(InvokeMethod.java:17)
  at org.junit.runners.ParentRunner$3.evaluate(ParentRunner.java:306)
  at org.junit.runners.BlockJUnit4ClassRunner$1.evaluate(BlockJUnit4ClassRunner.java:100)
  at org.junit.runners.ParentRunner.runLeaf(ParentRunner.java:366)
  at org.junit.runners.BlockJUnit4ClassRunner.runChild(BlockJUnit4ClassRunner.java:103)
  at org.junit.runners.BlockJUnit4ClassRunner.runChild(BlockJUnit4ClassRunner.java:63)
  at org.junit.runners.ParentRunner$4.run(ParentRunner.java:331)
  at org.junit.runners.ParentRunner$1.schedule(ParentRunner.java:79)
  at org.junit.runners.ParentRunner.runChildren(ParentRunner.java:329)
  at org.junit.runners.ParentRunner.access$100(ParentRunner.java:66)
  at org.junit.runners.ParentRunner$2.evaluate(ParentRunner.java:293)
  at org.junit.runners.ParentRunner$3.evaluate(ParentRunner.java:306)
  at org.junit.runners.ParentRunner.run(ParentRunner.java:413)
  at org.junit.runner.JUnitCore.run(JUnitCore.java:137)
  at org.junit.runner.JUnitCore.run(JUnitCore.java:115)
  at org.gradle.api.internal.tasks.testing.junit.JUnitTestExecutor.runRequest(JUnitTestExecutor.java:175)
  at org.gradle.api.internal.tasks.testing.junit.JUnitTestExecutor.accept(JUnitTestExecutor.java:84)
  at org.gradle.api.internal.tasks.testing.junit.JUnitTestExecutor.accept(JUnitTestExecutor.java:47)
  at org.gradle.api.internal.tasks.testing.junit.AbstractJUnitTestDefinitionProcessor.processTestDefinition(AbstractJUnitTestDefinitionProcessor.java:65)
  at org.gradle.api.internal.tasks.testing.SuiteTestDefinitionProcessor.processTestDefinition(SuiteTestDefinitionProcessor.java:54)
  at java.base/jdk.internal.reflect.DirectMethodHandleAccessor.invoke(DirectMethodHandleAccessor.java:104)
  at java.base/java.lang.reflect.Method.invoke(Method.java:565)
  at org.gradle.internal.dispatch.MethodInvocation.invokeOn(MethodInvocation.java:77)
  at org.gradle.internal.dispatch.ReflectionDispatch.dispatch(ReflectionDispatch.java:28)
  at org.gradle.internal.dispatch.ReflectionDispatch.dispatch(ReflectionDispatch.java:19)
  at org.gradle.internal.dispatch.ContextClassLoaderDispatch.dispatch(ContextClassLoaderDispatch.java:33)
  at org.gradle.internal.dispatch.ProxyDispatchAdapter$DispatchingInvocationHandler.invoke(ProxyDispatchAdapter.java:88)
  at jdk.proxy1/jdk.proxy1.$Proxy4.processTestDefinition(Unknown Source)
  at org.gradle.api.internal.tasks.testing.worker.TestWorker$2.run(TestWorker.java:178)
  at org.gradle.api.internal.tasks.testing.worker.TestWorker.executeAndMaintainThreadName(TestWorker.java:126)
  at org.gradle.api.internal.tasks.testing.worker.TestWorker.execute(TestWorker.java:103)
  at org.gradle.api.internal.tasks.testing.worker.TestWorker.execute(TestWorker.java:63)
  at org.gradle.process.internal.worker.child.ActionExecutionWorker.execute(ActionExecutionWorker.java:56)
  at org.gradle.process.internal.worker.child.SystemApplicationClassLoaderWorker.call(SystemApplicationClassLoaderWorker.java:122)
  at org.gradle.process.internal.worker.child.SystemApplicationClassLoaderWorker.call(SystemApplicationClassLoaderWorker.java:72)
  at worker.org.gradle.process.internal.worker.GradleWorkerMain.run(GradleWorkerMain.java:69)
  at worker.org.gradle.process.internal.worker.GradleWorkerMain.main(GradleWorkerMain.java:74)
</stacktrace>
</test-failure>


TypeScriptCompilerTests_A[jvm] > accessorBodyInTypeContext_ts compiles to JavaScript matching accessorBodyInTypeContext_js[jvm] FAILED

<test-failure test="com.xemantic.typescript.compiler.TypeScriptCompilerTests_A.accessorBodyInTypeContext_ts has expected errors matching accessorBodyInTypeContext_errors_txt" platform="jvm">
<message>
--- expected
+++ actual
@@ -1,30 +1,30 @@
-accessorBodyInTypeContext.ts(2,15): error TS1183: An implementation cannot be declared in ambient contexts.
-accessorBodyInTypeContext.ts(6,21): error TS1183: An implementation cannot be declared in ambient contexts.
-accessorBodyInTypeContext.ts(10,15): error TS1183: An implementation cannot be declared in ambient contexts.
-accessorBodyInTypeContext.ts(14,21): error TS1183: An implementation cannot be declared in ambient contexts.
+accessorBodyInTypeContext.ts(3,1): error TS1128: Declaration or statement expected.
+accessorBodyInTypeContext.ts(7,1): error TS1128: Declaration or statement expected.
+accessorBodyInTypeContext.ts(11,1): error TS1128: Declaration or statement expected.
+accessorBodyInTypeContext.ts(15,1): error TS1128: Declaration or statement expected.
 
 
 ==== accessorBodyInTypeContext.ts (4 errors) ====
     type A = {
         get foo() { return 0 }
-                  ~~~~~~~~~~~~
-!!! error TS1183: An implementation cannot be declared in ambient contexts.
     };
+    ~
+!!! error TS1128: Declaration or statement expected.
     
     type B = {
         set foo(v: any) { }
-                        ~~~
-!!! error TS1183: An implementation cannot be declared in ambient contexts.
     };
+    ~
+!!! error TS1128: Declaration or statement expected.
     
     interface X {
         get foo() { return 0 }
-                  ~~~~~~~~~~~~
-!!! error TS1183: An implementation cannot be declared in ambient contexts.
     }
+    ~
+!!! error TS1128: Declaration or statement expected.
     
     interface Y {
         set foo(v: any) { }
-                        ~~~
-!!! error TS1183: An implementation cannot be declared in ambient contexts.
     }
+    ~
+!!! error TS1128: Declaration or statement expected.

</message>
<stacktrace>
  at org.junit.Assert.fail(Assert.java:89)
  at kotlin.test.junit.JUnitAsserter.fail(JUnitSupport.kt:56)
  at kotlin.test.AssertionsKt__AssertionsKt.fail(Assertions.kt:563)
  at kotlin.test.AssertionsKt.fail(Unknown Source)
  at com.xemantic.kotlin.test.SameAsKt.sameAs(SameAs.kt:52)
  at com.xemantic.typescript.compiler.TypeScriptTestSupportKt.errorsMatchBaseline(TypeScriptTestSupport.kt:135)
  at com.xemantic.typescript.compiler.TypeScriptCompilerTests_A.accessorBodyInTypeContext_ts has expected errors matching accessorBodyInTypeContext_errors_txt(TypeScriptCompilerTests_A.kt:266)
  at java.base/jdk.internal.reflect.DirectMethodHandleAccessor.invoke(DirectMethodHandleAccessor.java:104)
  at java.base/java.lang.reflect.Method.invoke(Method.java:565)
  at org.junit.runners.model.FrameworkMethod$1.runReflectiveCall(FrameworkMethod.java:59)
  at org.junit.internal.runners.model.ReflectiveCallable.run(ReflectiveCallable.java:12)
  at org.junit.runners.model.FrameworkMethod.invokeExplosively(FrameworkMethod.java:56)
  at org.junit.internal.runners.statements.InvokeMethod.evaluate(InvokeMethod.java:17)
  at org.junit.runners.ParentRunner$3.evaluate(ParentRunner.java:306)
  at org.junit.runners.BlockJUnit4ClassRunner$1.evaluate(BlockJUnit4ClassRunner.java:100)
  at org.junit.runners.ParentRunner.runLeaf(ParentRunner.java:366)
  at org.junit.runners.BlockJUnit4ClassRunner.runChild(BlockJUnit4ClassRunner.java:103)
  at org.junit.runners.BlockJUnit4ClassRunner.runChild(BlockJUnit4ClassRunner.java:63)
  at org.junit.runners.ParentRunner$4.run(ParentRunner.java:331)
  at org.junit.runners.ParentRunner$1.schedule(ParentRunner.java:79)
  at org.junit.runners.ParentRunner.runChildren(ParentRunner.java:329)
  at org.junit.runners.ParentRunner.access$100(ParentRunner.java:66)
  at org.junit.runners.ParentRunner$2.evaluate(ParentRunner.java:293)
  at org.junit.runners.ParentRunner$3.evaluate(ParentRunner.java:306)
  at org.junit.runners.ParentRunner.run(ParentRunner.java:413)
  at org.junit.runner.JUnitCore.run(JUnitCore.java:137)
  at org.junit.runner.JUnitCore.run(JUnitCore.java:115)
  at org.gradle.api.internal.tasks.testing.junit.JUnitTestExecutor.runRequest(JUnitTestExecutor.java:175)
  at org.gradle.api.internal.tasks.testing.junit.JUnitTestExecutor.accept(JUnitTestExecutor.java:84)
  at org.gradle.api.internal.tasks.testing.junit.JUnitTestExecutor.accept(JUnitTestExecutor.java:47)
  at org.gradle.api.internal.tasks.testing.junit.AbstractJUnitTestDefinitionProcessor.processTestDefinition(AbstractJUnitTestDefinitionProcessor.java:65)
  at org.gradle.api.internal.tasks.testing.SuiteTestDefinitionProcessor.processTestDefinition(SuiteTestDefinitionProcessor.java:54)
  at java.base/jdk.internal.reflect.DirectMethodHandleAccessor.invoke(DirectMethodHandleAccessor.java:104)
  at java.base/java.lang.reflect.Method.invoke(Method.java:565)
  at org.gradle.internal.dispatch.MethodInvocation.invokeOn(MethodInvocation.java:77)
  at org.gradle.internal.dispatch.ReflectionDispatch.dispatch(ReflectionDispatch.java:28)
  at org.gradle.internal.dispatch.ReflectionDispatch.dispatch(ReflectionDispatch.java:19)
  at org.gradle.internal.dispatch.ContextClassLoaderDispatch.dispatch(ContextClassLoaderDispatch.java:33)
  at org.gradle.internal.dispatch.ProxyDispatchAdapter$DispatchingInvocationHandler.invoke(ProxyDispatchAdapter.java:88)
  at jdk.proxy1/jdk.proxy1.$Proxy4.processTestDefinition(Unknown Source)
  at org.gradle.api.internal.tasks.testing.worker.TestWorker$2.run(TestWorker.java:178)
  at org.gradle.api.internal.tasks.testing.worker.TestWorker.executeAndMaintainThreadName(TestWorker.java:126)
  at org.gradle.api.internal.tasks.testing.worker.TestWorker.execute(TestWorker.java:103)
  at org.gradle.api.internal.tasks.testing.worker.TestWorker.execute(TestWorker.java:63)
  at org.gradle.process.internal.worker.child.ActionExecutionWorker.execute(ActionExecutionWorker.java:56)
  at org.gradle.process.internal.worker.child.SystemApplicationClassLoaderWorker.call(SystemApplicationClassLoaderWorker.java:122)
  at org.gradle.process.internal.worker.child.SystemApplicationClassLoaderWorker.call(SystemApplicationClassLoaderWorker.java:72)
  at worker.org.gradle.process.internal.worker.GradleWorkerMain.run(GradleWorkerMain.java:69)
  at worker.org.gradle.process.internal.worker.GradleWorkerMain.main(GradleWorkerMain.java:74)
</stacktrace>
</test-failure>


TypeScriptCompilerTests_A[jvm] > accessorBodyInTypeContext_ts has expected errors matching accessorBodyInTypeContext_errors_txt[jvm] FAILED

<test-failure test="com.xemantic.typescript.compiler.TypeScriptCompilerTests_A.autolift3_ts has expected errors matching autolift3_errors_txt" platform="jvm">
<message>
Expected diagnostics from baseline typescript-repo/tests/baselines/reference/autolift3.errors.txt but none produced
</message>
<stacktrace>
  at com.xemantic.typescript.compiler.TypeScriptTestSupportKt.errorsMatchBaseline(TypeScriptTestSupport.kt:125)
  at com.xemantic.typescript.compiler.TypeScriptCompilerTests_A.autolift3_ts has expected errors matching autolift3_errors_txt(TypeScriptCompilerTests_A.kt:4578)
  at java.base/jdk.internal.reflect.DirectMethodHandleAccessor.invoke(DirectMethodHandleAccessor.java:104)
  at java.base/java.lang.reflect.Method.invoke(Method.java:565)
  at org.junit.runners.model.FrameworkMethod$1.runReflectiveCall(FrameworkMethod.java:59)
  at org.junit.internal.runners.model.ReflectiveCallable.run(ReflectiveCallable.java:12)
  at org.junit.runners.model.FrameworkMethod.invokeExplosively(FrameworkMethod.java:56)
  at org.junit.internal.runners.statements.InvokeMethod.evaluate(InvokeMethod.java:17)
  at org.junit.runners.ParentRunner$3.evaluate(ParentRunner.java:306)
  at org.junit.runners.BlockJUnit4ClassRunner$1.evaluate(BlockJUnit4ClassRunner.java:100)
  at org.junit.runners.ParentRunner.runLeaf(ParentRunner.java:366)
  at org.junit.runners.BlockJUnit4ClassRunner.runChild(BlockJUnit4ClassRunner.java:103)
  at org.junit.runners.BlockJUnit4ClassRunner.runChild(BlockJUnit4ClassRunner.java:63)
  at org.junit.runners.ParentRunner$4.run(ParentRunner.java:331)
  at org.junit.runners.ParentRunner$1.schedule(ParentRunner.java:79)
  at org.junit.runners.ParentRunner.runChildren(ParentRunner.java:329)
  at org.junit.runners.ParentRunner.access$100(ParentRunner.java:66)
  at org.junit.runners.ParentRunner$2.evaluate(ParentRunner.java:293)
  at org.junit.runners.ParentRunner$3.evaluate(ParentRunner.java:306)
  at org.junit.runners.ParentRunner.run(ParentRunner.java:413)
  at org.junit.runner.JUnitCore.run(JUnitCore.java:137)
  at org.junit.runner.JUnitCore.run(JUnitCore.java:115)
  at org.gradle.api.internal.tasks.testing.junit.JUnitTestExecutor.runRequest(JUnitTestExecutor.java:175)
  at org.gradle.api.internal.tasks.testing.junit.JUnitTestExecutor.accept(JUnitTestExecutor.java:84)
  at org.gradle.api.internal.tasks.testing.junit.JUnitTestExecutor.accept(JUnitTestExecutor.java:47)
  at org.gradle.api.internal.tasks.testing.junit.AbstractJUnitTestDefinitionProcessor.processTestDefinition(AbstractJUnitTestDefinitionProcessor.java:65)
  at org.gradle.api.internal.tasks.testing.SuiteTestDefinitionProcessor.processTestDefinition(SuiteTestDefinitionProcessor.java:54)
  at java.base/jdk.internal.reflect.DirectMethodHandleAccessor.invoke(DirectMethodHandleAccessor.java:104)
  at java.base/java.lang.reflect.Method.invoke(Method.java:565)
  at org.gradle.internal.dispatch.MethodInvocation.invokeOn(MethodInvocation.java:77)
  at org.gradle.internal.dispatch.ReflectionDispatch.dispatch(ReflectionDispatch.java:28)
  at org.gradle.internal.dispatch.ReflectionDispatch.dispatch(ReflectionDispatch.java:19)
  at org.gradle.internal.dispatch.ContextClassLoaderDispatch.dispatch(ContextClassLoaderDispatch.java:33)
  at org.gradle.internal.dispatch.ProxyDispatchAdapter$DispatchingInvocationHandler.invoke(ProxyDispatchAdapter.java:88)
  at jdk.proxy1/jdk.proxy1.$Proxy4.processTestDefinition(Unknown Source)
  at org.gradle.api.internal.tasks.testing.worker.TestWorker$2.run(TestWorker.java:178)
  at org.gradle.api.internal.tasks.testing.worker.TestWorker.executeAndMaintainThreadName(TestWorker.java:126)
  at org.gradle.api.internal.tasks.testing.worker.TestWorker.execute(TestWorker.java:103)
  at org.gradle.api.internal.tasks.testing.worker.TestWorker.execute(TestWorker.java:63)
  at org.gradle.process.internal.worker.child.ActionExecutionWorker.execute(ActionExecutionWorker.java:56)
  at org.gradle.process.internal.worker.child.SystemApplicationClassLoaderWorker.call(SystemApplicationClassLoaderWorker.java:122)
  at org.gradle.process.internal.worker.child.SystemApplicationClassLoaderWorker.call(SystemApplicationClassLoaderWorker.java:72)
  at worker.org.gradle.process.internal.worker.GradleWorkerMain.run(GradleWorkerMain.java:69)
  at worker.org.gradle.process.internal.worker.GradleWorkerMain.main(GradleWorkerMain.java:74)
</stacktrace>
</test-failure>


TypeScriptCompilerTests_A[jvm] > autolift3_ts has expected errors matching autolift3_errors_txt[jvm] FAILED

<test-failure test="com.xemantic.typescript.compiler.TypeScriptCompilerTests_A.assignmentToAnyArrayRestParameters_ts has expected errors matching assignmentToAnyArrayRestParameters_errors_txt" platform="jvm">
<message>
Expected diagnostics from baseline typescript-repo/tests/baselines/reference/assignmentToAnyArrayRestParameters.errors.txt but none produced
</message>
<stacktrace>
  at com.xemantic.typescript.compiler.TypeScriptTestSupportKt.errorsMatchBaseline(TypeScriptTestSupport.kt:125)
  at com.xemantic.typescript.compiler.TypeScriptCompilerTests_A.assignmentToAnyArrayRestParameters_ts has expected errors matching assignmentToAnyArrayRestParameters_errors_txt(TypeScriptCompilerTests_A.kt:3920)
  at java.base/jdk.internal.reflect.DirectMethodHandleAccessor.invoke(DirectMethodHandleAccessor.java:104)
  at java.base/java.lang.reflect.Method.invoke(Method.java:565)
  at org.junit.runners.model.FrameworkMethod$1.runReflectiveCall(FrameworkMethod.java:59)
  at org.junit.internal.runners.model.ReflectiveCallable.run(ReflectiveCallable.java:12)
  at org.junit.runners.model.FrameworkMethod.invokeExplosively(FrameworkMethod.java:56)
  at org.junit.internal.runners.statements.InvokeMethod.evaluate(InvokeMethod.java:17)
  at org.junit.runners.ParentRunner$3.evaluate(ParentRunner.java:306)
  at org.junit.runners.BlockJUnit4ClassRunner$1.evaluate(BlockJUnit4ClassRunner.java:100)
  at org.junit.runners.ParentRunner.runLeaf(ParentRunner.java:366)
  at org.junit.runners.BlockJUnit4ClassRunner.runChild(BlockJUnit4ClassRunner.java:103)
  at org.junit.runners.BlockJUnit4ClassRunner.runChild(BlockJUnit4ClassRunner.java:63)
  at org.junit.runners.ParentRunner$4.run(ParentRunner.java:331)
  at org.junit.runners.ParentRunner$1.schedule(ParentRunner.java:79)
  at org.junit.runners.ParentRunner.runChildren(ParentRunner.java:329)
  at org.junit.runners.ParentRunner.access$100(ParentRunner.java:66)
  at org.junit.runners.ParentRunner$2.evaluate(ParentRunner.java:293)
  at org.junit.runners.ParentRunner$3.evaluate(ParentRunner.java:306)
  at org.junit.runners.ParentRunner.run(ParentRunner.java:413)
  at org.junit.runner.JUnitCore.run(JUnitCore.java:137)
  at org.junit.runner.JUnitCore.run(JUnitCore.java:115)
  at org.gradle.api.internal.tasks.testing.junit.JUnitTestExecutor.runRequest(JUnitTestExecutor.java:175)
  at org.gradle.api.internal.tasks.testing.junit.JUnitTestExecutor.accept(JUnitTestExecutor.java:84)
  at org.gradle.api.internal.tasks.testing.junit.JUnitTestExecutor.accept(JUnitTestExecutor.java:47)
  at org.gradle.api.internal.tasks.testing.junit.AbstractJUnitTestDefinitionProcessor.processTestDefinition(AbstractJUnitTestDefinitionProcessor.java:65)
  at org.gradle.api.internal.tasks.testing.SuiteTestDefinitionProcessor.processTestDefinition(SuiteTestDefinitionProcessor.java:54)
  at java.base/jdk.internal.reflect.DirectMethodHandleAccessor.invoke(DirectMethodHandleAccessor.java:104)
  at java.base/java.lang.reflect.Method.invoke(Method.java:565)
  at org.gradle.internal.dispatch.MethodInvocation.invokeOn(MethodInvocation.java:77)
  at org.gradle.internal.dispatch.ReflectionDispatch.dispatch(ReflectionDispatch.java:28)
  at org.gradle.internal.dispatch.ReflectionDispatch.dispatch(ReflectionDispatch.java:19)
  at org.gradle.internal.dispatch.ContextClassLoaderDispatch.dispatch(ContextClassLoaderDispatch.java:33)
  at org.gradle.internal.dispatch.ProxyDispatchAdapter$DispatchingInvocationHandler.invoke(ProxyDispatchAdapter.java:88)
  at jdk.proxy1/jdk.proxy1.$Proxy4.processTestDefinition(Unknown Source)
  at org.gradle.api.internal.tasks.testing.worker.TestWorker$2.run(TestWorker.java:178)
  at org.gradle.api.internal.tasks.testing.worker.TestWorker.executeAndMaintainThreadName(TestWorker.java:126)
  at org.gradle.api.internal.tasks.testing.worker.TestWorker.execute(TestWorker.java:103)
  at org.gradle.api.internal.tasks.testing.worker.TestWorker.execute(TestWorker.java:63)
  at org.gradle.process.internal.worker.child.ActionExecutionWorker.execute(ActionExecutionWorker.java:56)
  at org.gradle.process.internal.worker.child.SystemApplicationClassLoaderWorker.call(SystemApplicationClassLoaderWorker.java:122)
  at org.gradle.process.internal.worker.child.SystemApplicationClassLoaderWorker.call(SystemApplicationClassLoaderWorker.java:72)
  at worker.org.gradle.process.internal.worker.GradleWorkerMain.run(GradleWorkerMain.java:69)
  at worker.org.gradle.process.internal.worker.GradleWorkerMain.main(GradleWorkerMain.java:74)
</stacktrace>
</test-failure>


TypeScriptCompilerTests_A[jvm] > assignmentToAnyArrayRestParameters_ts has expected errors matching assignmentToAnyArrayRestParameters_errors_txt[jvm] FAILED

<test-failure test="com.xemantic.typescript.compiler.TypeScriptCompilerTests_A.assignmentCompat1_ts has expected errors matching assignmentCompat1_errors_txt" platform="jvm">
<message>
Expected diagnostics from baseline typescript-repo/tests/baselines/reference/assignmentCompat1.errors.txt but none produced
</message>
<stacktrace>
  at com.xemantic.typescript.compiler.TypeScriptTestSupportKt.errorsMatchBaseline(TypeScriptTestSupport.kt:125)
  at com.xemantic.typescript.compiler.TypeScriptCompilerTests_A.assignmentCompat1_ts has expected errors matching assignmentCompat1_errors_txt(TypeScriptCompilerTests_A.kt:3136)
  at java.base/jdk.internal.reflect.DirectMethodHandleAccessor.invoke(DirectMethodHandleAccessor.java:104)
  at java.base/java.lang.reflect.Method.invoke(Method.java:565)
  at org.junit.runners.model.FrameworkMethod$1.runReflectiveCall(FrameworkMethod.java:59)
  at org.junit.internal.runners.model.ReflectiveCallable.run(ReflectiveCallable.java:12)
  at org.junit.runners.model.FrameworkMethod.invokeExplosively(FrameworkMethod.java:56)
  at org.junit.internal.runners.statements.InvokeMethod.evaluate(InvokeMethod.java:17)
  at org.junit.runners.ParentRunner$3.evaluate(ParentRunner.java:306)
  at org.junit.runners.BlockJUnit4ClassRunner$1.evaluate(BlockJUnit4ClassRunner.java:100)
  at org.junit.runners.ParentRunner.runLeaf(ParentRunner.java:366)
  at org.junit.runners.BlockJUnit4ClassRunner.runChild(BlockJUnit4ClassRunner.java:103)
  at org.junit.runners.BlockJUnit4ClassRunner.runChild(BlockJUnit4ClassRunner.java:63)
  at org.junit.runners.ParentRunner$4.run(ParentRunner.java:331)
  at org.junit.runners.ParentRunner$1.schedule(ParentRunner.java:79)
  at org.junit.runners.ParentRunner.runChildren(ParentRunner.java:329)
  at org.junit.runners.ParentRunner.access$100(ParentRunner.java:66)
  at org.junit.runners.ParentRunner$2.evaluate(ParentRunner.java:293)
  at org.junit.runners.ParentRunner$3.evaluate(ParentRunner.java:306)
  at org.junit.runners.ParentRunner.run(ParentRunner.java:413)
  at org.junit.runner.JUnitCore.run(JUnitCore.java:137)
  at org.junit.runner.JUnitCore.run(JUnitCore.java:115)
  at org.gradle.api.internal.tasks.testing.junit.JUnitTestExecutor.runRequest(JUnitTestExecutor.java:175)
  at org.gradle.api.internal.tasks.testing.junit.JUnitTestExecutor.accept(JUnitTestExecutor.java:84)
  at org.gradle.api.internal.tasks.testing.junit.JUnitTestExecutor.accept(JUnitTestExecutor.java:47)
  at org.gradle.api.internal.tasks.testing.junit.AbstractJUnitTestDefinitionProcessor.processTestDefinition(AbstractJUnitTestDefinitionProcessor.java:65)
  at org.gradle.api.internal.tasks.testing.SuiteTestDefinitionProcessor.processTestDefinition(SuiteTestDefinitionProcessor.java:54)
  at java.base/jdk.internal.reflect.DirectMethodHandleAccessor.invoke(DirectMethodHandleAccessor.java:104)
  at java.base/java.lang.reflect.Method.invoke(Method.java:565)
  at org.gradle.internal.dispatch.MethodInvocation.invokeOn(MethodInvocation.java:77)
  at org.gradle.internal.dispatch.ReflectionDispatch.dispatch(ReflectionDispatch.java:28)
  at org.gradle.internal.dispatch.ReflectionDispatch.dispatch(ReflectionDispatch.java:19)
  at org.gradle.internal.dispatch.ContextClassLoaderDispatch.dispatch(ContextClassLoaderDispatch.java:33)
  at org.gradle.internal.dispatch.ProxyDispatchAdapter$DispatchingInvocationHandler.invoke(ProxyDispatchAdapter.java:88)
  at jdk.proxy1/jdk.proxy1.$Proxy4.processTestDefinition(Unknown Source)
  at org.gradle.api.internal.tasks.testing.worker.TestWorker$2.run(TestWorker.java:178)
  at org.gradle.api.internal.tasks.testing.worker.TestWorker.executeAndMaintainThreadName(TestWorker.java:126)
  at org.gradle.api.internal.tasks.testing.worker.TestWorker.execute(TestWorker.java:103)
  at org.gradle.api.internal.tasks.testing.worker.TestWorker.execute(TestWorker.java:63)
  at org.gradle.process.internal.worker.child.ActionExecutionWorker.execute(ActionExecutionWorker.java:56)
  at org.gradle.process.internal.worker.child.SystemApplicationClassLoaderWorker.call(SystemApplicationClassLoaderWorker.java:122)
  at org.gradle.process.internal.worker.child.SystemApplicationClassLoaderWorker.call(SystemApplicationClassLoaderWorker.java:72)
  at worker.org.gradle.process.internal.worker.GradleWorkerMain.run(GradleWorkerMain.java:69)
  at worker.org.gradle.process.internal.worker.GradleWorkerMain.main(GradleWorkerMain.java:74)
</stacktrace>
</test-failure>


TypeScriptCompilerTests_A[jvm] > assignmentCompat1_ts has expected errors matching assignmentCompat1_errors_txt[jvm] FAILED

<test-failure test="com.xemantic.typescript.compiler.TypeScriptCompilerTests_A.assignmentCompatability33_ts has expected errors matching assignmentCompatability33_errors_txt" platform="jvm">
<message>
Expected diagnostics from baseline typescript-repo/tests/baselines/reference/assignmentCompatability33.errors.txt but none produced
</message>
<stacktrace>
  at com.xemantic.typescript.compiler.TypeScriptTestSupportKt.errorsMatchBaseline(TypeScriptTestSupport.kt:125)
  at com.xemantic.typescript.compiler.TypeScriptCompilerTests_A.assignmentCompatability33_ts has expected errors matching assignmentCompatability33_errors_txt(TypeScriptCompilerTests_A.kt:3584)
  at java.base/jdk.internal.reflect.DirectMethodHandleAccessor.invoke(DirectMethodHandleAccessor.java:104)
  at java.base/java.lang.reflect.Method.invoke(Method.java:565)
  at org.junit.runners.model.FrameworkMethod$1.runReflectiveCall(FrameworkMethod.java:59)
  at org.junit.internal.runners.model.ReflectiveCallable.run(ReflectiveCallable.java:12)
  at org.junit.runners.model.FrameworkMethod.invokeExplosively(FrameworkMethod.java:56)
  at org.junit.internal.runners.statements.InvokeMethod.evaluate(InvokeMethod.java:17)
  at org.junit.runners.ParentRunner$3.evaluate(ParentRunner.java:306)
  at org.junit.runners.BlockJUnit4ClassRunner$1.evaluate(BlockJUnit4ClassRunner.java:100)
  at org.junit.runners.ParentRunner.runLeaf(ParentRunner.java:366)
  at org.junit.runners.BlockJUnit4ClassRunner.runChild(BlockJUnit4ClassRunner.java:103)
  at org.junit.runners.BlockJUnit4ClassRunner.runChild(BlockJUnit4ClassRunner.java:63)
  at org.junit.runners.ParentRunner$4.run(ParentRunner.java:331)
  at org.junit.runners.ParentRunner$1.schedule(ParentRunner.java:79)
  at org.junit.runners.ParentRunner.runChildren(ParentRunner.java:329)
  at org.junit.runners.ParentRunner.access$100(ParentRunner.java:66)
  at org.junit.runners.ParentRunner$2.evaluate(ParentRunner.java:293)
  at org.junit.runners.ParentRunner$3.evaluate(ParentRunner.java:306)
  at org.junit.runners.ParentRunner.run(ParentRunner.java:413)
  at org.junit.runner.JUnitCore.run(JUnitCore.java:137)
  at org.junit.runner.JUnitCore.run(JUnitCore.java:115)
  at org.gradle.api.internal.tasks.testing.junit.JUnitTestExecutor.runRequest(JUnitTestExecutor.java:175)
  at org.gradle.api.internal.tasks.testing.junit.JUnitTestExecutor.accept(JUnitTestExecutor.java:84)
  at org.gradle.api.internal.tasks.testing.junit.JUnitTestExecutor.accept(JUnitTestExecutor.java:47)
  at org.gradle.api.internal.tasks.testing.junit.AbstractJUnitTestDefinitionProcessor.processTestDefinition(AbstractJUnitTestDefinitionProcessor.java:65)
  at org.gradle.api.internal.tasks.testing.SuiteTestDefinitionProcessor.processTestDefinition(SuiteTestDefinitionProcessor.java:54)
  at java.base/jdk.internal.reflect.DirectMethodHandleAccessor.invoke(DirectMethodHandleAccessor.java:104)
  at java.base/java.lang.reflect.Method.invoke(Method.java:565)
  at org.gradle.internal.dispatch.MethodInvocation.invokeOn(MethodInvocation.java:77)
  at org.gradle.internal.dispatch.ReflectionDispatch.dispatch(ReflectionDispatch.java:28)
  at org.gradle.internal.dispatch.ReflectionDispatch.dispatch(ReflectionDispatch.java:19)
  at org.gradle.internal.dispatch.ContextClassLoaderDispatch.dispatch(ContextClassLoaderDispatch.java:33)
  at org.gradle.internal.dispatch.ProxyDispatchAdapter$DispatchingInvocationHandler.invoke(ProxyDispatchAdapter.java:88)
  at jdk.proxy1/jdk.proxy1.$Proxy4.processTestDefinition(Unknown Source)
  at org.gradle.api.internal.tasks.testing.worker.TestWorker$2.run(TestWorker.java:178)
  at org.gradle.api.internal.tasks.testing.worker.TestWorker.executeAndMaintainThreadName(TestWorker.java:126)
  at org.gradle.api.internal.tasks.testing.worker.TestWorker.execute(TestWorker.java:103)
  at org.gradle.api.internal.tasks.testing.worker.TestWorker.execute(TestWorker.java:63)
  at org.gradle.process.internal.worker.child.ActionExecutionWorker.execute(ActionExecutionWorker.java:56)
  at org.gradle.process.internal.worker.child.SystemApplicationClassLoaderWorker.call(SystemApplicationClassLoaderWorker.java:122)
  at org.gradle.process.internal.worker.child.SystemApplicationClassLoaderWorker.call(SystemApplicationClassLoaderWorker.java:72)
  at worker.org.gradle.process.internal.worker.GradleWorkerMain.run(GradleWorkerMain.java:69)
  at worker.org.gradle.process.internal.worker.GradleWorkerMain.main(GradleWorkerMain.java:74)
</stacktrace>
</test-failure>


TypeScriptCompilerTests_A[jvm] > assignmentCompatability33_ts has expected errors matching assignmentCompatability33_errors_txt[jvm] FAILED

<test-failure test="com.xemantic.typescript.compiler.TypeScriptCompilerTests_A.assignmentCompatability37_ts has expected errors matching assignmentCompatability37_errors_txt" platform="jvm">
<message>
Expected diagnostics from baseline typescript-repo/tests/baselines/reference/assignmentCompatability37.errors.txt but none produced
</message>
<stacktrace>
  at com.xemantic.typescript.compiler.TypeScriptTestSupportKt.errorsMatchBaseline(TypeScriptTestSupport.kt:125)
  at com.xemantic.typescript.compiler.TypeScriptCompilerTests_A.assignmentCompatability37_ts has expected errors matching assignmentCompatability37_errors_txt(TypeScriptCompilerTests_A.kt:3640)
  at java.base/jdk.internal.reflect.DirectMethodHandleAccessor.invoke(DirectMethodHandleAccessor.java:104)
  at java.base/java.lang.reflect.Method.invoke(Method.java:565)
  at org.junit.runners.model.FrameworkMethod$1.runReflectiveCall(FrameworkMethod.java:59)
  at org.junit.internal.runners.model.ReflectiveCallable.run(ReflectiveCallable.java:12)
  at org.junit.runners.model.FrameworkMethod.invokeExplosively(FrameworkMethod.java:56)
  at org.junit.internal.runners.statements.InvokeMethod.evaluate(InvokeMethod.java:17)
  at org.junit.runners.ParentRunner$3.evaluate(ParentRunner.java:306)
  at org.junit.runners.BlockJUnit4ClassRunner$1.evaluate(BlockJUnit4ClassRunner.java:100)
  at org.junit.runners.ParentRunner.runLeaf(ParentRunner.java:366)
  at org.junit.runners.BlockJUnit4ClassRunner.runChild(BlockJUnit4ClassRunner.java:103)
  at org.junit.runners.BlockJUnit4ClassRunner.runChild(BlockJUnit4ClassRunner.java:63)
  at org.junit.runners.ParentRunner$4.run(ParentRunner.java:331)
  at org.junit.runners.ParentRunner$1.schedule(ParentRunner.java:79)
  at org.junit.runners.ParentRunner.runChildren(ParentRunner.java:329)
  at org.junit.runners.ParentRunner.access$100(ParentRunner.java:66)
  at org.junit.runners.ParentRunner$2.evaluate(ParentRunner.java:293)
  at org.junit.runners.ParentRunner$3.evaluate(ParentRunner.java:306)
  at org.junit.runners.ParentRunner.run(ParentRunner.java:413)
  at org.junit.runner.JUnitCore.run(JUnitCore.java:137)
  at org.junit.runner.JUnitCore.run(JUnitCore.java:115)
  at org.gradle.api.internal.tasks.testing.junit.JUnitTestExecutor.runRequest(JUnitTestExecutor.java:175)
  at org.gradle.api.internal.tasks.testing.junit.JUnitTestExecutor.accept(JUnitTestExecutor.java:84)
  at org.gradle.api.internal.tasks.testing.junit.JUnitTestExecutor.accept(JUnitTestExecutor.java:47)
  at org.gradle.api.internal.tasks.testing.junit.AbstractJUnitTestDefinitionProcessor.processTestDefinition(AbstractJUnitTestDefinitionProcessor.java:65)
  at org.gradle.api.internal.tasks.testing.SuiteTestDefinitionProcessor.processTestDefinition(SuiteTestDefinitionProcessor.java:54)
  at java.base/jdk.internal.reflect.DirectMethodHandleAccessor.invoke(DirectMethodHandleAccessor.java:104)
  at java.base/java.lang.reflect.Method.invoke(Method.java:565)
  at org.gradle.internal.dispatch.MethodInvocation.invokeOn(MethodInvocation.java:77)
  at org.gradle.internal.dispatch.ReflectionDispatch.dispatch(ReflectionDispatch.java:28)
  at org.gradle.internal.dispatch.ReflectionDispatch.dispatch(ReflectionDispatch.java:19)
  at org.gradle.internal.dispatch.ContextClassLoaderDispatch.dispatch(ContextClassLoaderDispatch.java:33)
  at org.gradle.internal.dispatch.ProxyDispatchAdapter$DispatchingInvocationHandler.invoke(ProxyDispatchAdapter.java:88)
  at jdk.proxy1/jdk.proxy1.$Proxy4.processTestDefinition(Unknown Source)
  at org.gradle.api.internal.tasks.testing.worker.TestWorker$2.run(TestWorker.java:178)
  at org.gradle.api.internal.tasks.testing.worker.TestWorker.executeAndMaintainThreadName(TestWorker.java:126)
  at org.gradle.api.internal.tasks.testing.worker.TestWorker.execute(TestWorker.java:103)
  at org.gradle.api.internal.tasks.testing.worker.TestWorker.execute(TestWorker.java:63)
  at org.gradle.process.internal.worker.child.ActionExecutionWorker.execute(ActionExecutionWorker.java:56)
  at org.gradle.process.internal.worker.child.SystemApplicationClassLoaderWorker.call(SystemApplicationClassLoaderWorker.java:122)
  at org.gradle.process.internal.worker.child.SystemApplicationClassLoaderWorker.call(SystemApplicationClassLoaderWorker.java:72)
  at worker.org.gradle.process.internal.worker.GradleWorkerMain.run(GradleWorkerMain.java:69)
  at worker.org.gradle.process.internal.worker.GradleWorkerMain.main(GradleWorkerMain.java:74)
</stacktrace>
</test-failure>


TypeScriptCompilerTests_A[jvm] > assignmentCompatability37_ts has expected errors matching assignmentCompatability37_errors_txt[jvm] FAILED

<test-failure test="com.xemantic.typescript.compiler.TypeScriptCompilerTests_A.awaitCallExpressionInSyncFunction_ts has expected errors matching awaitCallExpressionInSyncFunction_errors_txt" platform="jvm">
<message>
Expected diagnostics from baseline typescript-repo/tests/baselines/reference/awaitCallExpressionInSyncFunction.errors.txt but none produced
</message>
<stacktrace>
  at com.xemantic.typescript.compiler.TypeScriptTestSupportKt.errorsMatchBaseline(TypeScriptTestSupport.kt:125)
  at com.xemantic.typescript.compiler.TypeScriptCompilerTests_A.awaitCallExpressionInSyncFunction_ts has expected errors matching awaitCallExpressionInSyncFunction_errors_txt(TypeScriptCompilerTests_A.kt:4634)
  at java.base/jdk.internal.reflect.DirectMethodHandleAccessor.invoke(DirectMethodHandleAccessor.java:104)
  at java.base/java.lang.reflect.Method.invoke(Method.java:565)
  at org.junit.runners.model.FrameworkMethod$1.runReflectiveCall(FrameworkMethod.java:59)
  at org.junit.internal.runners.model.ReflectiveCallable.run(ReflectiveCallable.java:12)
  at org.junit.runners.model.FrameworkMethod.invokeExplosively(FrameworkMethod.java:56)
  at org.junit.internal.runners.statements.InvokeMethod.evaluate(InvokeMethod.java:17)
  at org.junit.runners.ParentRunner$3.evaluate(ParentRunner.java:306)
  at org.junit.runners.BlockJUnit4ClassRunner$1.evaluate(BlockJUnit4ClassRunner.java:100)
  at org.junit.runners.ParentRunner.runLeaf(ParentRunner.java:366)
  at org.junit.runners.BlockJUnit4ClassRunner.runChild(BlockJUnit4ClassRunner.java:103)
  at org.junit.runners.BlockJUnit4ClassRunner.runChild(BlockJUnit4ClassRunner.java:63)
  at org.junit.runners.ParentRunner$4.run(ParentRunner.java:331)
  at org.junit.runners.ParentRunner$1.schedule(ParentRunner.java:79)
  at org.junit.runners.ParentRunner.runChildren(ParentRunner.java:329)
  at org.junit.runners.ParentRunner.access$100(ParentRunner.java:66)
  at org.junit.runners.ParentRunner$2.evaluate(ParentRunner.java:293)
  at org.junit.runners.ParentRunner$3.evaluate(ParentRunner.java:306)
  at org.junit.runners.ParentRunner.run(ParentRunner.java:413)
  at org.junit.runner.JUnitCore.run(JUnitCore.java:137)
  at org.junit.runner.JUnitCore.run(JUnitCore.java:115)
  at org.gradle.api.internal.tasks.testing.junit.JUnitTestExecutor.runRequest(JUnitTestExecutor.java:175)
  at org.gradle.api.internal.tasks.testing.junit.JUnitTestExecutor.accept(JUnitTestExecutor.java:84)
  at org.gradle.api.internal.tasks.testing.junit.JUnitTestExecutor.accept(JUnitTestExecutor.java:47)
  at org.gradle.api.internal.tasks.testing.junit.AbstractJUnitTestDefinitionProcessor.processTestDefinition(AbstractJUnitTestDefinitionProcessor.java:65)
  at org.gradle.api.internal.tasks.testing.SuiteTestDefinitionProcessor.processTestDefinition(SuiteTestDefinitionProcessor.java:54)
  at java.base/jdk.internal.reflect.DirectMethodHandleAccessor.invoke(DirectMethodHandleAccessor.java:104)
  at java.base/java.lang.reflect.Method.invoke(Method.java:565)
  at org.gradle.internal.dispatch.MethodInvocation.invokeOn(MethodInvocation.java:77)
  at org.gradle.internal.dispatch.ReflectionDispatch.dispatch(ReflectionDispatch.java:28)
  at org.gradle.internal.dispatch.ReflectionDispatch.dispatch(ReflectionDispatch.java:19)
  at org.gradle.internal.dispatch.ContextClassLoaderDispatch.dispatch(ContextClassLoaderDispatch.java:33)
  at org.gradle.internal.dispatch.ProxyDispatchAdapter$DispatchingInvocationHandler.invoke(ProxyDispatchAdapter.java:88)
  at jdk.proxy1/jdk.proxy1.$Proxy4.processTestDefinition(Unknown Source)
  at org.gradle.api.internal.tasks.testing.worker.TestWorker$2.run(TestWorker.java:178)
  at org.gradle.api.internal.tasks.testing.worker.TestWorker.executeAndMaintainThreadName(TestWorker.java:126)
  at org.gradle.api.internal.tasks.testing.worker.TestWorker.execute(TestWorker.java:103)
  at org.gradle.api.internal.tasks.testing.worker.TestWorker.execute(TestWorker.java:63)
  at org.gradle.process.internal.worker.child.ActionExecutionWorker.execute(ActionExecutionWorker.java:56)
  at org.gradle.process.internal.worker.child.SystemApplicationClassLoaderWorker.call(SystemApplicationClassLoaderWorker.java:122)
  at org.gradle.process.internal.worker.child.SystemApplicationClassLoaderWorker.call(SystemApplicationClassLoaderWorker.java:72)
  at worker.org.gradle.process.internal.worker.GradleWorkerMain.run(GradleWorkerMain.java:69)
  at worker.org.gradle.process.internal.worker.GradleWorkerMain.main(GradleWorkerMain.java:74)
</stacktrace>
</test-failure>


TypeScriptCompilerTests_A[jvm] > awaitCallExpressionInSyncFunction_ts has expected errors matching awaitCallExpressionInSyncFunction_errors_txt[jvm] FAILED

<test-failure test="com.xemantic.typescript.compiler.TypeScriptCompilerTests_A.autoLift2_ts has expected errors matching autoLift2_errors_txt" platform="jvm">
<message>
--- expected
+++ actual
@@ -1,8 +1,8 @@
 autoLift2.ts(5,14): error TS2339: Property 'foo' does not exist on type 'A'.
-autoLift2.ts(5,17): error TS1005: ';' expected.
+autoLift2.ts(5,17): error TS1109: Expression expected.
 autoLift2.ts(5,19): error TS2693: 'any' only refers to a type, but is being used as a value here.
 autoLift2.ts(6,14): error TS2339: Property 'bar' does not exist on type 'A'.
-autoLift2.ts(6,17): error TS1005: ';' expected.
+autoLift2.ts(6,17): error TS1109: Expression expected.
 autoLift2.ts(6,19): error TS2693: 'any' only refers to a type, but is being used as a value here.
 autoLift2.ts(12,11): error TS2339: Property 'foo' does not exist on type 'A'.
 autoLift2.ts(14,11): error TS2339: Property 'bar' does not exist on type 'A'.
@@ -19,14 +19,14 @@
                  ~~~
 !!! error TS2339: Property 'foo' does not exist on type 'A'.
                     ~
-!!! error TS1005: ';' expected.
+!!! error TS1109: Expression expected.
                       ~~~
 !!! error TS2693: 'any' only refers to a type, but is being used as a value here.
             this.bar: any;
                  ~~~
 !!! error TS2339: Property 'bar' does not exist on type 'A'.
                     ~
-!!! error TS1005: ';' expected.
+!!! error TS1109: Expression expected.
                       ~~~
 !!! error TS2693: 'any' only refers to a type, but is being used as a value here.
         }

</message>
<stacktrace>
  at org.junit.Assert.fail(Assert.java:89)
  at kotlin.test.junit.JUnitAsserter.fail(JUnitSupport.kt:56)
  at kotlin.test.AssertionsKt__AssertionsKt.fail(Assertions.kt:563)
  at kotlin.test.AssertionsKt.fail(Unknown Source)
  at com.xemantic.kotlin.test.SameAsKt.sameAs(SameAs.kt:52)
  at com.xemantic.typescript.compiler.TypeScriptTestSupportKt.errorsMatchBaseline(TypeScriptTestSupport.kt:135)
  at com.xemantic.typescript.compiler.TypeScriptCompilerTests_A.autoLift2_ts has expected errors matching autoLift2_errors_txt(TypeScriptCompilerTests_A.kt:4557)
  at java.base/jdk.internal.reflect.DirectMethodHandleAccessor.invoke(DirectMethodHandleAccessor.java:104)
  at java.base/java.lang.reflect.Method.invoke(Method.java:565)
  at org.junit.runners.model.FrameworkMethod$1.runReflectiveCall(FrameworkMethod.java:59)
  at org.junit.internal.runners.model.ReflectiveCallable.run(ReflectiveCallable.java:12)
  at org.junit.runners.model.FrameworkMethod.invokeExplosively(FrameworkMethod.java:56)
  at org.junit.internal.runners.statements.InvokeMethod.evaluate(InvokeMethod.java:17)
  at org.junit.runners.ParentRunner$3.evaluate(ParentRunner.java:306)
  at org.junit.runners.BlockJUnit4ClassRunner$1.evaluate(BlockJUnit4ClassRunner.java:100)
  at org.junit.runners.ParentRunner.runLeaf(ParentRunner.java:366)
  at org.junit.runners.BlockJUnit4ClassRunner.runChild(BlockJUnit4ClassRunner.java:103)
  at org.junit.runners.BlockJUnit4ClassRunner.runChild(BlockJUnit4ClassRunner.java:63)
  at org.junit.runners.ParentRunner$4.run(ParentRunner.java:331)
  at org.junit.runners.ParentRunner$1.schedule(ParentRunner.java:79)
  at org.junit.runners.ParentRunner.runChildren(ParentRunner.java:329)
  at org.junit.runners.ParentRunner.access$100(ParentRunner.java:66)
  at org.junit.runners.ParentRunner$2.evaluate(ParentRunner.java:293)
  at org.junit.runners.ParentRunner$3.evaluate(ParentRunner.java:306)
  at org.junit.runners.ParentRunner.run(ParentRunner.java:413)
  at org.junit.runner.JUnitCore.run(JUnitCore.java:137)
  at org.junit.runner.JUnitCore.run(JUnitCore.java:115)
  at org.gradle.api.internal.tasks.testing.junit.JUnitTestExecutor.runRequest(JUnitTestExecutor.java:175)
  at org.gradle.api.internal.tasks.testing.junit.JUnitTestExecutor.accept(JUnitTestExecutor.java:84)
  at org.gradle.api.internal.tasks.testing.junit.JUnitTestExecutor.accept(JUnitTestExecutor.java:47)
  at org.gradle.api.internal.tasks.testing.junit.AbstractJUnitTestDefinitionProcessor.processTestDefinition(AbstractJUnitTestDefinitionProcessor.java:65)
  at org.gradle.api.internal.tasks.testing.SuiteTestDefinitionProcessor.processTestDefinition(SuiteTestDefinitionProcessor.java:54)
  at java.base/jdk.internal.reflect.DirectMethodHandleAccessor.invoke(DirectMethodHandleAccessor.java:104)
  at java.base/java.lang.reflect.Method.invoke(Method.java:565)
  at org.gradle.internal.dispatch.MethodInvocation.invokeOn(MethodInvocation.java:77)
  at org.gradle.internal.dispatch.ReflectionDispatch.dispatch(ReflectionDispatch.java:28)
  at org.gradle.internal.dispatch.ReflectionDispatch.dispatch(ReflectionDispatch.java:19)
  at org.gradle.internal.dispatch.ContextClassLoaderDispatch.dispatch(ContextClassLoaderDispatch.java:33)
  at org.gradle.internal.dispatch.ProxyDispatchAdapter$DispatchingInvocationHandler.invoke(ProxyDispatchAdapter.java:88)
  at jdk.proxy1/jdk.proxy1.$Proxy4.processTestDefinition(Unknown Source)
  at org.gradle.api.internal.tasks.testing.worker.TestWorker$2.run(TestWorker.java:178)
  at org.gradle.api.internal.tasks.testing.worker.TestWorker.executeAndMaintainThreadName(TestWorker.java:126)
  at org.gradle.api.internal.tasks.testing.worker.TestWorker.execute(TestWorker.java:103)
  at org.gradle.api.internal.tasks.testing.worker.TestWorker.execute(TestWorker.java:63)
  at org.gradle.process.internal.worker.child.ActionExecutionWorker.execute(ActionExecutionWorker.java:56)
  at org.gradle.process.internal.worker.child.SystemApplicationClassLoaderWorker.call(SystemApplicationClassLoaderWorker.java:122)
  at org.gradle.process.internal.worker.child.SystemApplicationClassLoaderWorker.call(SystemApplicationClassLoaderWorker.java:72)
  at worker.org.gradle.process.internal.worker.GradleWorkerMain.run(GradleWorkerMain.java:69)
  at worker.org.gradle.process.internal.worker.GradleWorkerMain.main(GradleWorkerMain.java:74)
</stacktrace>
</test-failure>


TypeScriptCompilerTests_A[jvm] > autoLift2_ts has expected errors matching autoLift2_errors_txt[jvm] FAILED

<test-failure test="com.xemantic.typescript.compiler.TypeScriptCompilerTests_A.asyncArrowInClassES5_ts__target_es2015__compiles to JavaScript matching baseline" platform="jvm">
<message>
--- expected
+++ actual
@@ -13,8 +13,6 @@
 "use strict";
 // https://github.com/Microsoft/TypeScript/issues/16924
 // Should capture `this`
-var _a;
 class Test {
 }
-_a = Test;
 Test.member = (x) => __awaiter(void 0, void 0, void 0, function* () { });

</message>
<stacktrace>
  at org.junit.Assert.fail(Assert.java:89)
  at kotlin.test.junit.JUnitAsserter.fail(JUnitSupport.kt:56)
  at kotlin.test.AssertionsKt__AssertionsKt.fail(Assertions.kt:563)
  at kotlin.test.AssertionsKt.fail(Unknown Source)
  at com.xemantic.kotlin.test.SameAsKt.sameAs(SameAs.kt:52)
  at com.xemantic.typescript.compiler.TypeScriptTestSupportKt.sameAs(TypeScriptTestSupport.kt:99)
  at com.xemantic.typescript.compiler.TypeScriptCompilerTests_A.asyncArrowInClassES5_ts__target_es2015__compiles to JavaScript matching baseline(TypeScriptCompilerTests_A.kt:4025)
  at java.base/jdk.internal.reflect.DirectMethodHandleAccessor.invoke(DirectMethodHandleAccessor.java:104)
  at java.base/java.lang.reflect.Method.invoke(Method.java:565)
  at org.junit.runners.model.FrameworkMethod$1.runReflectiveCall(FrameworkMethod.java:59)
  at org.junit.internal.runners.model.ReflectiveCallable.run(ReflectiveCallable.java:12)
  at org.junit.runners.model.FrameworkMethod.invokeExplosively(FrameworkMethod.java:56)
  at org.junit.internal.runners.statements.InvokeMethod.evaluate(InvokeMethod.java:17)
  at org.junit.runners.ParentRunner$3.evaluate(ParentRunner.java:306)
  at org.junit.runners.BlockJUnit4ClassRunner$1.evaluate(BlockJUnit4ClassRunner.java:100)
  at org.junit.runners.ParentRunner.runLeaf(ParentRunner.java:366)
  at org.junit.runners.BlockJUnit4ClassRunner.runChild(BlockJUnit4ClassRunner.java:103)
  at org.junit.runners.BlockJUnit4ClassRunner.runChild(BlockJUnit4ClassRunner.java:63)
  at org.junit.runners.ParentRunner$4.run(ParentRunner.java:331)
  at org.junit.runners.ParentRunner$1.schedule(ParentRunner.java:79)
  at org.junit.runners.ParentRunner.runChildren(ParentRunner.java:329)
  at org.junit.runners.ParentRunner.access$100(ParentRunner.java:66)
  at org.junit.runners.ParentRunner$2.evaluate(ParentRunner.java:293)
  at org.junit.runners.ParentRunner$3.evaluate(ParentRunner.java:306)
  at org.junit.runners.ParentRunner.run(ParentRunner.java:413)
  at org.junit.runner.JUnitCore.run(JUnitCore.java:137)
  at org.junit.runner.JUnitCore.run(JUnitCore.java:115)
  at org.gradle.api.internal.tasks.testing.junit.JUnitTestExecutor.runRequest(JUnitTestExecutor.java:175)
  at org.gradle.api.internal.tasks.testing.junit.JUnitTestExecutor.accept(JUnitTestExecutor.java:84)
  at org.gradle.api.internal.tasks.testing.junit.JUnitTestExecutor.accept(JUnitTestExecutor.java:47)
  at org.gradle.api.internal.tasks.testing.junit.AbstractJUnitTestDefinitionProcessor.processTestDefinition(AbstractJUnitTestDefinitionProcessor.java:65)
  at org.gradle.api.internal.tasks.testing.SuiteTestDefinitionProcessor.processTestDefinition(SuiteTestDefinitionProcessor.java:54)
  at java.base/jdk.internal.reflect.DirectMethodHandleAccessor.invoke(DirectMethodHandleAccessor.java:104)
  at java.base/java.lang.reflect.Method.invoke(Method.java:565)
  at org.gradle.internal.dispatch.MethodInvocation.invokeOn(MethodInvocation.java:77)
  at org.gradle.internal.dispatch.ReflectionDispatch.dispatch(ReflectionDispatch.java:28)
  at org.gradle.internal.dispatch.ReflectionDispatch.dispatch(ReflectionDispatch.java:19)
  at org.gradle.internal.dispatch.ContextClassLoaderDispatch.dispatch(ContextClassLoaderDispatch.java:33)
  at org.gradle.internal.dispatch.ProxyDispatchAdapter$DispatchingInvocationHandler.invoke(ProxyDispatchAdapter.java:88)
  at jdk.proxy1/jdk.proxy1.$Proxy4.processTestDefinition(Unknown Source)
  at org.gradle.api.internal.tasks.testing.worker.TestWorker$2.run(TestWorker.java:178)
  at org.gradle.api.internal.tasks.testing.worker.TestWorker.executeAndMaintainThreadName(TestWorker.java:126)
  at org.gradle.api.internal.tasks.testing.worker.TestWorker.execute(TestWorker.java:103)
  at org.gradle.api.internal.tasks.testing.worker.TestWorker.execute(TestWorker.java:63)
  at org.gradle.process.internal.worker.child.ActionExecutionWorker.execute(ActionExecutionWorker.java:56)
  at org.gradle.process.internal.worker.child.SystemApplicationClassLoaderWorker.call(SystemApplicationClassLoaderWorker.java:122)
  at org.gradle.process.internal.worker.child.SystemApplicationClassLoaderWorker.call(SystemApplicationClassLoaderWorker.java:72)
  at worker.org.gradle.process.internal.worker.GradleWorkerMain.run(GradleWorkerMain.java:69)
  at worker.org.gradle.process.internal.worker.GradleWorkerMain.main(GradleWorkerMain.java:74)
</stacktrace>
</test-failure>


TypeScriptCompilerTests_A[jvm] > asyncArrowInClassES5_ts__target_es2015__compiles to JavaScript matching baseline[jvm] FAILED

<test-failure test="com.xemantic.typescript.compiler.TypeScriptCompilerTests_A.aliasErrors_ts has expected errors matching aliasErrors_errors_txt" platform="jvm">
<message>
--- expected
+++ actual
@@ -1,13 +1,7 @@
-aliasErrors.ts(11,12): error TS2503: Cannot find namespace 'no'.
-aliasErrors.ts(12,13): error TS2503: Cannot find namespace 'no'.
-aliasErrors.ts(13,12): error TS1003: Identifier expected.
-aliasErrors.ts(14,12): error TS1003: Identifier expected.
-aliasErrors.ts(15,12): error TS1359: Identifier expected. 'null' is a reserved word that cannot be used here.
-aliasErrors.ts(16,12): error TS2503: Cannot find namespace 'undefined'.
 aliasErrors.ts(26,15): error TS2694: Namespace 'foo.bar.baz' has no exported member 'bar'.
 
 
-==== aliasErrors.ts (7 errors) ====
+==== aliasErrors.ts (1 errors) ====
     namespace foo {    
         export class Provide {
         }
@@ -19,23 +13,11 @@
     import beez = foo.bar;
     
     import m = no;
-               ~~
-!!! error TS2503: Cannot find namespace 'no'.
     import m2 = no.mod;
-                ~~
-!!! error TS2503: Cannot find namespace 'no'.
     import n = 5;
-               ~
-!!! error TS1003: Identifier expected.
     import o = "s";
-               ~~~
-!!! error TS1003: Identifier expected.
     import q = null;
-               ~~~~
-!!! error TS1359: Identifier expected. 'null' is a reserved word that cannot be used here.
     import r = undefined;
-               ~~~~~~~~~
-!!! error TS2503: Cannot find namespace 'undefined'.
     
     
     var p = new provide.Provide();

</message>
<stacktrace>
  at org.junit.Assert.fail(Assert.java:89)
  at kotlin.test.junit.JUnitAsserter.fail(JUnitSupport.kt:56)
  at kotlin.test.AssertionsKt__AssertionsKt.fail(Assertions.kt:563)
  at kotlin.test.AssertionsKt.fail(Unknown Source)
  at com.xemantic.kotlin.test.SameAsKt.sameAs(SameAs.kt:52)
  at com.xemantic.typescript.compiler.TypeScriptTestSupportKt.errorsMatchBaseline(TypeScriptTestSupport.kt:135)
  at com.xemantic.typescript.compiler.TypeScriptCompilerTests_A.aliasErrors_ts has expected errors matching aliasErrors_errors_txt(TypeScriptCompilerTests_A.kt:602)
  at java.base/jdk.internal.reflect.DirectMethodHandleAccessor.invoke(DirectMethodHandleAccessor.java:104)
  at java.base/java.lang.reflect.Method.invoke(Method.java:565)
  at org.junit.runners.model.FrameworkMethod$1.runReflectiveCall(FrameworkMethod.java:59)
  at org.junit.internal.runners.model.ReflectiveCallable.run(ReflectiveCallable.java:12)
  at org.junit.runners.model.FrameworkMethod.invokeExplosively(FrameworkMethod.java:56)
  at org.junit.internal.runners.statements.InvokeMethod.evaluate(InvokeMethod.java:17)
  at org.junit.runners.ParentRunner$3.evaluate(ParentRunner.java:306)
  at org.junit.runners.BlockJUnit4ClassRunner$1.evaluate(BlockJUnit4ClassRunner.java:100)
  at org.junit.runners.ParentRunner.runLeaf(ParentRunner.java:366)
  at org.junit.runners.BlockJUnit4ClassRunner.runChild(BlockJUnit4ClassRunner.java:103)
  at org.junit.runners.BlockJUnit4ClassRunner.runChild(BlockJUnit4ClassRunner.java:63)
  at org.junit.runners.ParentRunner$4.run(ParentRunner.java:331)
  at org.junit.runners.ParentRunner$1.schedule(ParentRunner.java:79)
  at org.junit.runners.ParentRunner.runChildren(ParentRunner.java:329)
  at org.junit.runners.ParentRunner.access$100(ParentRunner.java:66)
  at org.junit.runners.ParentRunner$2.evaluate(ParentRunner.java:293)
  at org.junit.runners.ParentRunner$3.evaluate(ParentRunner.java:306)
  at org.junit.runners.ParentRunner.run(ParentRunner.java:413)
  at org.junit.runner.JUnitCore.run(JUnitCore.java:137)
  at org.junit.runner.JUnitCore.run(JUnitCore.java:115)
  at org.gradle.api.internal.tasks.testing.junit.JUnitTestExecutor.runRequest(JUnitTestExecutor.java:175)
  at org.gradle.api.internal.tasks.testing.junit.JUnitTestExecutor.accept(JUnitTestExecutor.java:84)
  at org.gradle.api.internal.tasks.testing.junit.JUnitTestExecutor.accept(JUnitTestExecutor.java:47)
  at org.gradle.api.internal.tasks.testing.junit.AbstractJUnitTestDefinitionProcessor.processTestDefinition(AbstractJUnitTestDefinitionProcessor.java:65)
  at org.gradle.api.internal.tasks.testing.SuiteTestDefinitionProcessor.processTestDefinition(SuiteTestDefinitionProcessor.java:54)
  at java.base/jdk.internal.reflect.DirectMethodHandleAccessor.invoke(DirectMethodHandleAccessor.java:104)
  at java.base/java.lang.reflect.Method.invoke(Method.java:565)
  at org.gradle.internal.dispatch.MethodInvocation.invokeOn(MethodInvocation.java:77)
  at org.gradle.internal.dispatch.ReflectionDispatch.dispatch(ReflectionDispatch.java:28)
  at org.gradle.internal.dispatch.ReflectionDispatch.dispatch(ReflectionDispatch.java:19)
  at org.gradle.internal.dispatch.ContextClassLoaderDispatch.dispatch(ContextClassLoaderDispatch.java:33)
  at org.gradle.internal.dispatch.ProxyDispatchAdapter$DispatchingInvocationHandler.invoke(ProxyDispatchAdapter.java:88)
  at jdk.proxy1/jdk.proxy1.$Proxy4.processTestDefinition(Unknown Source)
  at org.gradle.api.internal.tasks.testing.worker.TestWorker$2.run(TestWorker.java:178)
  at org.gradle.api.internal.tasks.testing.worker.TestWorker.executeAndMaintainThreadName(TestWorker.java:126)
  at org.gradle.api.internal.tasks.testing.worker.TestWorker.execute(TestWorker.java:103)
  at org.gradle.api.internal.tasks.testing.worker.TestWorker.execute(TestWorker.java:63)
  at org.gradle.process.internal.worker.child.ActionExecutionWorker.execute(ActionExecutionWorker.java:56)
  at org.gradle.process.internal.worker.child.SystemApplicationClassLoaderWorker.call(SystemApplicationClassLoaderWorker.java:122)
  at org.gradle.process.internal.worker.child.SystemApplicationClassLoaderWorker.call(SystemApplicationClassLoaderWorker.java:72)
  at worker.org.gradle.process.internal.worker.GradleWorkerMain.run(GradleWorkerMain.java:69)
  at worker.org.gradle.process.internal.worker.GradleWorkerMain.main(GradleWorkerMain.java:74)
</stacktrace>
</test-failure>


TypeScriptCompilerTests_A[jvm] > aliasErrors_ts has expected errors matching aliasErrors_errors_txt[jvm] FAILED

<test-failure test="com.xemantic.typescript.compiler.TypeScriptCompilerTests_A.awaitedType_ts has expected errors matching awaitedType_errors_txt" platform="jvm">
<message>
Expected diagnostics from baseline typescript-repo/tests/baselines/reference/awaitedType.errors.txt but none produced
</message>
<stacktrace>
  at com.xemantic.typescript.compiler.TypeScriptTestSupportKt.errorsMatchBaseline(TypeScriptTestSupport.kt:125)
  at com.xemantic.typescript.compiler.TypeScriptCompilerTests_A.awaitedType_ts has expected errors matching awaitedType_errors_txt(TypeScriptCompilerTests_A.kt:4711)
  at java.base/jdk.internal.reflect.DirectMethodHandleAccessor.invoke(DirectMethodHandleAccessor.java:104)
  at java.base/java.lang.reflect.Method.invoke(Method.java:565)
  at org.junit.runners.model.FrameworkMethod$1.runReflectiveCall(FrameworkMethod.java:59)
  at org.junit.internal.runners.model.ReflectiveCallable.run(ReflectiveCallable.java:12)
  at org.junit.runners.model.FrameworkMethod.invokeExplosively(FrameworkMethod.java:56)
  at org.junit.internal.runners.statements.InvokeMethod.evaluate(InvokeMethod.java:17)
  at org.junit.runners.ParentRunner$3.evaluate(ParentRunner.java:306)
  at org.junit.runners.BlockJUnit4ClassRunner$1.evaluate(BlockJUnit4ClassRunner.java:100)
  at org.junit.runners.ParentRunner.runLeaf(ParentRunner.java:366)
  at org.junit.runners.BlockJUnit4ClassRunner.runChild(BlockJUnit4ClassRunner.java:103)
  at org.junit.runners.BlockJUnit4ClassRunner.runChild(BlockJUnit4ClassRunner.java:63)
  at org.junit.runners.ParentRunner$4.run(ParentRunner.java:331)
  at org.junit.runners.ParentRunner$1.schedule(ParentRunner.java:79)
  at org.junit.runners.ParentRunner.runChildren(ParentRunner.java:329)
  at org.junit.runners.ParentRunner.access$100(ParentRunner.java:66)
  at org.junit.runners.ParentRunner$2.evaluate(ParentRunner.java:293)
  at org.junit.runners.ParentRunner$3.evaluate(ParentRunner.java:306)
  at org.junit.runners.ParentRunner.run(ParentRunner.java:413)
  at org.junit.runner.JUnitCore.run(JUnitCore.java:137)
  at org.junit.runner.JUnitCore.run(JUnitCore.java:115)
  at org.gradle.api.internal.tasks.testing.junit.JUnitTestExecutor.runRequest(JUnitTestExecutor.java:175)
  at org.gradle.api.internal.tasks.testing.junit.JUnitTestExecutor.accept(JUnitTestExecutor.java:84)
  at org.gradle.api.internal.tasks.testing.junit.JUnitTestExecutor.accept(JUnitTestExecutor.java:47)
  at org.gradle.api.internal.tasks.testing.junit.AbstractJUnitTestDefinitionProcessor.processTestDefinition(AbstractJUnitTestDefinitionProcessor.java:65)
  at org.gradle.api.internal.tasks.testing.SuiteTestDefinitionProcessor.processTestDefinition(SuiteTestDefinitionProcessor.java:54)
  at java.base/jdk.internal.reflect.DirectMethodHandleAccessor.invoke(DirectMethodHandleAccessor.java:104)
  at java.base/java.lang.reflect.Method.invoke(Method.java:565)
  at org.gradle.internal.dispatch.MethodInvocation.invokeOn(MethodInvocation.java:77)
  at org.gradle.internal.dispatch.ReflectionDispatch.dispatch(ReflectionDispatch.java:28)
  at org.gradle.internal.dispatch.ReflectionDispatch.dispatch(ReflectionDispatch.java:19)
  at org.gradle.internal.dispatch.ContextClassLoaderDispatch.dispatch(ContextClassLoaderDispatch.java:33)
  at org.gradle.internal.dispatch.ProxyDispatchAdapter$DispatchingInvocationHandler.invoke(ProxyDispatchAdapter.java:88)
  at jdk.proxy1/jdk.proxy1.$Proxy4.processTestDefinition(Unknown Source)
  at org.gradle.api.internal.tasks.testing.worker.TestWorker$2.run(TestWorker.java:178)
  at org.gradle.api.internal.tasks.testing.worker.TestWorker.executeAndMaintainThreadName(TestWorker.java:126)
  at org.gradle.api.internal.tasks.testing.worker.TestWorker.execute(TestWorker.java:103)
  at org.gradle.api.internal.tasks.testing.worker.TestWorker.execute(TestWorker.java:63)
  at org.gradle.process.internal.worker.child.ActionExecutionWorker.execute(ActionExecutionWorker.java:56)
  at org.gradle.process.internal.worker.child.SystemApplicationClassLoaderWorker.call(SystemApplicationClassLoaderWorker.java:122)
  at org.gradle.process.internal.worker.child.SystemApplicationClassLoaderWorker.call(SystemApplicationClassLoaderWorker.java:72)
  at worker.org.gradle.process.internal.worker.GradleWorkerMain.run(GradleWorkerMain.java:69)
  at worker.org.gradle.process.internal.worker.GradleWorkerMain.main(GradleWorkerMain.java:74)
</stacktrace>
</test-failure>


TypeScriptCompilerTests_A[jvm] > awaitedType_ts has expected errors matching awaitedType_errors_txt[jvm] FAILED

<test-failure test="com.xemantic.typescript.compiler.TypeScriptCompilerTests_A.asiAbstract_ts has expected errors matching asiAbstract_errors_txt" platform="jvm">
<message>
--- expected
+++ actual
@@ -1,15 +1,10 @@
-asiAbstract.ts(1,1): error TS2304: Cannot find name 'abstract'.
-asiAbstract.ts(3,3): error TS1244: Abstract methods can only appear within an abstract class.
+asiAbstract.ts(15,1): error TS1005: '}' expected.
 
 
-==== asiAbstract.ts (2 errors) ====
+==== asiAbstract.ts (1 errors) ====
     abstract
-    ~~~~~~~~
-!!! error TS2304: Cannot find name 'abstract'.
     class NonAbstractClass {
       abstract s();
-      ~~~~~~~~
-!!! error TS1244: Abstract methods can only appear within an abstract class.
     }
     
     class C2 {
@@ -21,3 +16,7 @@
     class C3 {
         abstract
     }
+    
+    
+!!! error TS1005: '}' expected.
+!!! related TS1007 asiAbstract.ts:12:10: The parser expected to find a '}' to match the '{' token here.

</message>
<stacktrace>
  at org.junit.Assert.fail(Assert.java:89)
  at kotlin.test.junit.JUnitAsserter.fail(JUnitSupport.kt:56)
  at kotlin.test.AssertionsKt__AssertionsKt.fail(Assertions.kt:563)
  at kotlin.test.AssertionsKt.fail(Unknown Source)
  at com.xemantic.kotlin.test.SameAsKt.sameAs(SameAs.kt:52)
  at com.xemantic.typescript.compiler.TypeScriptTestSupportKt.errorsMatchBaseline(TypeScriptTestSupport.kt:135)
  at com.xemantic.typescript.compiler.TypeScriptCompilerTests_A.asiAbstract_ts has expected errors matching asiAbstract_errors_txt(TypeScriptCompilerTests_A.kt:2870)
  at java.base/jdk.internal.reflect.DirectMethodHandleAccessor.invoke(DirectMethodHandleAccessor.java:104)
  at java.base/java.lang.reflect.Method.invoke(Method.java:565)
  at org.junit.runners.model.FrameworkMethod$1.runReflectiveCall(FrameworkMethod.java:59)
  at org.junit.internal.runners.model.ReflectiveCallable.run(ReflectiveCallable.java:12)
  at org.junit.runners.model.FrameworkMethod.invokeExplosively(FrameworkMethod.java:56)
  at org.junit.internal.runners.statements.InvokeMethod.evaluate(InvokeMethod.java:17)
  at org.junit.runners.ParentRunner$3.evaluate(ParentRunner.java:306)
  at org.junit.runners.BlockJUnit4ClassRunner$1.evaluate(BlockJUnit4ClassRunner.java:100)
  at org.junit.runners.ParentRunner.runLeaf(ParentRunner.java:366)
  at org.junit.runners.BlockJUnit4ClassRunner.runChild(BlockJUnit4ClassRunner.java:103)
  at org.junit.runners.BlockJUnit4ClassRunner.runChild(BlockJUnit4ClassRunner.java:63)
  at org.junit.runners.ParentRunner$4.run(ParentRunner.java:331)
  at org.junit.runners.ParentRunner$1.schedule(ParentRunner.java:79)
  at org.junit.runners.ParentRunner.runChildren(ParentRunner.java:329)
  at org.junit.runners.ParentRunner.access$100(ParentRunner.java:66)
  at org.junit.runners.ParentRunner$2.evaluate(ParentRunner.java:293)
  at org.junit.runners.ParentRunner$3.evaluate(ParentRunner.java:306)
  at org.junit.runners.ParentRunner.run(ParentRunner.java:413)
  at org.junit.runner.JUnitCore.run(JUnitCore.java:137)
  at org.junit.runner.JUnitCore.run(JUnitCore.java:115)
  at org.gradle.api.internal.tasks.testing.junit.JUnitTestExecutor.runRequest(JUnitTestExecutor.java:175)
  at org.gradle.api.internal.tasks.testing.junit.JUnitTestExecutor.accept(JUnitTestExecutor.java:84)
  at org.gradle.api.internal.tasks.testing.junit.JUnitTestExecutor.accept(JUnitTestExecutor.java:47)
  at org.gradle.api.internal.tasks.testing.junit.AbstractJUnitTestDefinitionProcessor.processTestDefinition(AbstractJUnitTestDefinitionProcessor.java:65)
  at org.gradle.api.internal.tasks.testing.SuiteTestDefinitionProcessor.processTestDefinition(SuiteTestDefinitionProcessor.java:54)
  at java.base/jdk.internal.reflect.DirectMethodHandleAccessor.invoke(DirectMethodHandleAccessor.java:104)
  at java.base/java.lang.reflect.Method.invoke(Method.java:565)
  at org.gradle.internal.dispatch.MethodInvocation.invokeOn(MethodInvocation.java:77)
  at org.gradle.internal.dispatch.ReflectionDispatch.dispatch(ReflectionDispatch.java:28)
  at org.gradle.internal.dispatch.ReflectionDispatch.dispatch(ReflectionDispatch.java:19)
  at org.gradle.internal.dispatch.ContextClassLoaderDispatch.dispatch(ContextClassLoaderDispatch.java:33)
  at org.gradle.internal.dispatch.ProxyDispatchAdapter$DispatchingInvocationHandler.invoke(ProxyDispatchAdapter.java:88)
  at jdk.proxy1/jdk.proxy1.$Proxy4.processTestDefinition(Unknown Source)
  at org.gradle.api.internal.tasks.testing.worker.TestWorker$2.run(TestWorker.java:178)
  at org.gradle.api.internal.tasks.testing.worker.TestWorker.executeAndMaintainThreadName(TestWorker.java:126)
  at org.gradle.api.internal.tasks.testing.worker.TestWorker.execute(TestWorker.java:103)
  at org.gradle.api.internal.tasks.testing.worker.TestWorker.execute(TestWorker.java:63)
  at org.gradle.process.internal.worker.child.ActionExecutionWorker.execute(ActionExecutionWorker.java:56)
  at org.gradle.process.internal.worker.child.SystemApplicationClassLoaderWorker.call(SystemApplicationClassLoaderWorker.java:122)
  at org.gradle.process.internal.worker.child.SystemApplicationClassLoaderWorker.call(SystemApplicationClassLoaderWorker.java:72)
  at worker.org.gradle.process.internal.worker.GradleWorkerMain.run(GradleWorkerMain.java:69)
  at worker.org.gradle.process.internal.worker.GradleWorkerMain.main(GradleWorkerMain.java:74)
</stacktrace>
</test-failure>


TypeScriptCompilerTests_A[jvm] > asiAbstract_ts has expected errors matching asiAbstract_errors_txt[jvm] FAILED

<test-failure test="com.xemantic.typescript.compiler.TypeScriptCompilerTests_A.assignmentCompatBug2_ts has expected errors matching assignmentCompatBug2_errors_txt" platform="jvm">
<message>
Expected diagnostics from baseline typescript-repo/tests/baselines/reference/assignmentCompatBug2.errors.txt but none produced
</message>
<stacktrace>
  at com.xemantic.typescript.compiler.TypeScriptTestSupportKt.errorsMatchBaseline(TypeScriptTestSupport.kt:125)
  at com.xemantic.typescript.compiler.TypeScriptCompilerTests_A.assignmentCompatBug2_ts has expected errors matching assignmentCompatBug2_errors_txt(TypeScriptCompilerTests_A.kt:3150)
  at java.base/jdk.internal.reflect.DirectMethodHandleAccessor.invoke(DirectMethodHandleAccessor.java:104)
  at java.base/java.lang.reflect.Method.invoke(Method.java:565)
  at org.junit.runners.model.FrameworkMethod$1.runReflectiveCall(FrameworkMethod.java:59)
  at org.junit.internal.runners.model.ReflectiveCallable.run(ReflectiveCallable.java:12)
  at org.junit.runners.model.FrameworkMethod.invokeExplosively(FrameworkMethod.java:56)
  at org.junit.internal.runners.statements.InvokeMethod.evaluate(InvokeMethod.java:17)
  at org.junit.runners.ParentRunner$3.evaluate(ParentRunner.java:306)
  at org.junit.runners.BlockJUnit4ClassRunner$1.evaluate(BlockJUnit4ClassRunner.java:100)
  at org.junit.runners.ParentRunner.runLeaf(ParentRunner.java:366)
  at org.junit.runners.BlockJUnit4ClassRunner.runChild(BlockJUnit4ClassRunner.java:103)
  at org.junit.runners.BlockJUnit4ClassRunner.runChild(BlockJUnit4ClassRunner.java:63)
  at org.junit.runners.ParentRunner$4.run(ParentRunner.java:331)
  at org.junit.runners.ParentRunner$1.schedule(ParentRunner.java:79)
  at org.junit.runners.ParentRunner.runChildren(ParentRunner.java:329)
  at org.junit.runners.ParentRunner.access$100(ParentRunner.java:66)
  at org.junit.runners.ParentRunner$2.evaluate(ParentRunner.java:293)
  at org.junit.runners.ParentRunner$3.evaluate(ParentRunner.java:306)
  at org.junit.runners.ParentRunner.run(ParentRunner.java:413)
  at org.junit.runner.JUnitCore.run(JUnitCore.java:137)
  at org.junit.runner.JUnitCore.run(JUnitCore.java:115)
  at org.gradle.api.internal.tasks.testing.junit.JUnitTestExecutor.runRequest(JUnitTestExecutor.java:175)
  at org.gradle.api.internal.tasks.testing.junit.JUnitTestExecutor.accept(JUnitTestExecutor.java:84)
  at org.gradle.api.internal.tasks.testing.junit.JUnitTestExecutor.accept(JUnitTestExecutor.java:47)
  at org.gradle.api.internal.tasks.testing.junit.AbstractJUnitTestDefinitionProcessor.processTestDefinition(AbstractJUnitTestDefinitionProcessor.java:65)
  at org.gradle.api.internal.tasks.testing.SuiteTestDefinitionProcessor.processTestDefinition(SuiteTestDefinitionProcessor.java:54)
  at java.base/jdk.internal.reflect.DirectMethodHandleAccessor.invoke(DirectMethodHandleAccessor.java:104)
  at java.base/java.lang.reflect.Method.invoke(Method.java:565)
  at org.gradle.internal.dispatch.MethodInvocation.invokeOn(MethodInvocation.java:77)
  at org.gradle.internal.dispatch.ReflectionDispatch.dispatch(ReflectionDispatch.java:28)
  at org.gradle.internal.dispatch.ReflectionDispatch.dispatch(ReflectionDispatch.java:19)
  at org.gradle.internal.dispatch.ContextClassLoaderDispatch.dispatch(ContextClassLoaderDispatch.java:33)
  at org.gradle.internal.dispatch.ProxyDispatchAdapter$DispatchingInvocationHandler.invoke(ProxyDispatchAdapter.java:88)
  at jdk.proxy1/jdk.proxy1.$Proxy4.processTestDefinition(Unknown Source)
  at org.gradle.api.internal.tasks.testing.worker.TestWorker$2.run(TestWorker.java:178)
  at org.gradle.api.internal.tasks.testing.worker.TestWorker.executeAndMaintainThreadName(TestWorker.java:126)
  at org.gradle.api.internal.tasks.testing.worker.TestWorker.execute(TestWorker.java:103)
  at org.gradle.api.internal.tasks.testing.worker.TestWorker.execute(TestWorker.java:63)
  at org.gradle.process.internal.worker.child.ActionExecutionWorker.execute(ActionExecutionWorker.java:56)
  at org.gradle.process.internal.worker.child.SystemApplicationClassLoaderWorker.call(SystemApplicationClassLoaderWorker.java:122)
  at org.gradle.process.internal.worker.child.SystemApplicationClassLoaderWorker.call(SystemApplicationClassLoaderWorker.java:72)
  at worker.org.gradle.process.internal.worker.GradleWorkerMain.run(GradleWorkerMain.java:69)
  at worker.org.gradle.process.internal.worker.GradleWorkerMain.main(GradleWorkerMain.java:74)
</stacktrace>
</test-failure>


TypeScriptCompilerTests_A[jvm] > assignmentCompatBug2_ts has expected errors matching assignmentCompatBug2_errors_txt[jvm] FAILED

<test-failure test="com.xemantic.typescript.compiler.TypeScriptCompilerTests_A.assignmentCompatBug5_ts has expected errors matching assignmentCompatBug5_errors_txt" platform="jvm">
<message>
Expected diagnostics from baseline typescript-repo/tests/baselines/reference/assignmentCompatBug5.errors.txt but none produced
</message>
<stacktrace>
  at com.xemantic.typescript.compiler.TypeScriptTestSupportKt.errorsMatchBaseline(TypeScriptTestSupport.kt:125)
  at com.xemantic.typescript.compiler.TypeScriptCompilerTests_A.assignmentCompatBug5_ts has expected errors matching assignmentCompatBug5_errors_txt(TypeScriptCompilerTests_A.kt:3171)
  at java.base/jdk.internal.reflect.DirectMethodHandleAccessor.invoke(DirectMethodHandleAccessor.java:104)
  at java.base/java.lang.reflect.Method.invoke(Method.java:565)
  at org.junit.runners.model.FrameworkMethod$1.runReflectiveCall(FrameworkMethod.java:59)
  at org.junit.internal.runners.model.ReflectiveCallable.run(ReflectiveCallable.java:12)
  at org.junit.runners.model.FrameworkMethod.invokeExplosively(FrameworkMethod.java:56)
  at org.junit.internal.runners.statements.InvokeMethod.evaluate(InvokeMethod.java:17)
  at org.junit.runners.ParentRunner$3.evaluate(ParentRunner.java:306)
  at org.junit.runners.BlockJUnit4ClassRunner$1.evaluate(BlockJUnit4ClassRunner.java:100)
  at org.junit.runners.ParentRunner.runLeaf(ParentRunner.java:366)
  at org.junit.runners.BlockJUnit4ClassRunner.runChild(BlockJUnit4ClassRunner.java:103)
  at org.junit.runners.BlockJUnit4ClassRunner.runChild(BlockJUnit4ClassRunner.java:63)
  at org.junit.runners.ParentRunner$4.run(ParentRunner.java:331)
  at org.junit.runners.ParentRunner$1.schedule(ParentRunner.java:79)
  at org.junit.runners.ParentRunner.runChildren(ParentRunner.java:329)
  at org.junit.runners.ParentRunner.access$100(ParentRunner.java:66)
  at org.junit.runners.ParentRunner$2.evaluate(ParentRunner.java:293)
  at org.junit.runners.ParentRunner$3.evaluate(ParentRunner.java:306)
  at org.junit.runners.ParentRunner.run(ParentRunner.java:413)
  at org.junit.runner.JUnitCore.run(JUnitCore.java:137)
  at org.junit.runner.JUnitCore.run(JUnitCore.java:115)
  at org.gradle.api.internal.tasks.testing.junit.JUnitTestExecutor.runRequest(JUnitTestExecutor.java:175)
  at org.gradle.api.internal.tasks.testing.junit.JUnitTestExecutor.accept(JUnitTestExecutor.java:84)
  at org.gradle.api.internal.tasks.testing.junit.JUnitTestExecutor.accept(JUnitTestExecutor.java:47)
  at org.gradle.api.internal.tasks.testing.junit.AbstractJUnitTestDefinitionProcessor.processTestDefinition(AbstractJUnitTestDefinitionProcessor.java:65)
  at org.gradle.api.internal.tasks.testing.SuiteTestDefinitionProcessor.processTestDefinition(SuiteTestDefinitionProcessor.java:54)
  at java.base/jdk.internal.reflect.DirectMethodHandleAccessor.invoke(DirectMethodHandleAccessor.java:104)
  at java.base/java.lang.reflect.Method.invoke(Method.java:565)
  at org.gradle.internal.dispatch.MethodInvocation.invokeOn(MethodInvocation.java:77)
  at org.gradle.internal.dispatch.ReflectionDispatch.dispatch(ReflectionDispatch.java:28)
  at org.gradle.internal.dispatch.ReflectionDispatch.dispatch(ReflectionDispatch.java:19)
  at org.gradle.internal.dispatch.ContextClassLoaderDispatch.dispatch(ContextClassLoaderDispatch.java:33)
  at org.gradle.internal.dispatch.ProxyDispatchAdapter$DispatchingInvocationHandler.invoke(ProxyDispatchAdapter.java:88)
  at jdk.proxy1/jdk.proxy1.$Proxy4.processTestDefinition(Unknown Source)
  at org.gradle.api.internal.tasks.testing.worker.TestWorker$2.run(TestWorker.java:178)
  at org.gradle.api.internal.tasks.testing.worker.TestWorker.executeAndMaintainThreadName(TestWorker.java:126)
  at org.gradle.api.internal.tasks.testing.worker.TestWorker.execute(TestWorker.java:103)
  at org.gradle.api.internal.tasks.testing.worker.TestWorker.execute(TestWorker.java:63)
  at org.gradle.process.internal.worker.child.ActionExecutionWorker.execute(ActionExecutionWorker.java:56)
  at org.gradle.process.internal.worker.child.SystemApplicationClassLoaderWorker.call(SystemApplicationClassLoaderWorker.java:122)
  at org.gradle.process.internal.worker.child.SystemApplicationClassLoaderWorker.call(SystemApplicationClassLoaderWorker.java:72)
  at worker.org.gradle.process.internal.worker.GradleWorkerMain.run(GradleWorkerMain.java:69)
  at worker.org.gradle.process.internal.worker.GradleWorkerMain.main(GradleWorkerMain.java:74)
</stacktrace>
</test-failure>


TypeScriptCompilerTests_A[jvm] > assignmentCompatBug5_ts has expected errors matching assignmentCompatBug5_errors_txt[jvm] FAILED

<test-failure test="com.xemantic.typescript.compiler.TypeScriptCompilerTests_A.arrayFakeFlatNoCrashInferenceDeclarations_ts has expected errors matching arrayFakeFlatNoCrashInferenceDeclarations_errors_txt" platform="jvm">
<message>
Expected diagnostics from baseline typescript-repo/tests/baselines/reference/arrayFakeFlatNoCrashInferenceDeclarations.errors.txt but none produced
</message>
<stacktrace>
  at com.xemantic.typescript.compiler.TypeScriptTestSupportKt.errorsMatchBaseline(TypeScriptTestSupport.kt:125)
  at com.xemantic.typescript.compiler.TypeScriptCompilerTests_A.arrayFakeFlatNoCrashInferenceDeclarations_ts has expected errors matching arrayFakeFlatNoCrashInferenceDeclarations_errors_txt(TypeScriptCompilerTests_A.kt:2387)
  at java.base/jdk.internal.reflect.DirectMethodHandleAccessor.invoke(DirectMethodHandleAccessor.java:104)
  at java.base/java.lang.reflect.Method.invoke(Method.java:565)
  at org.junit.runners.model.FrameworkMethod$1.runReflectiveCall(FrameworkMethod.java:59)
  at org.junit.internal.runners.model.ReflectiveCallable.run(ReflectiveCallable.java:12)
  at org.junit.runners.model.FrameworkMethod.invokeExplosively(FrameworkMethod.java:56)
  at org.junit.internal.runners.statements.InvokeMethod.evaluate(InvokeMethod.java:17)
  at org.junit.runners.ParentRunner$3.evaluate(ParentRunner.java:306)
  at org.junit.runners.BlockJUnit4ClassRunner$1.evaluate(BlockJUnit4ClassRunner.java:100)
  at org.junit.runners.ParentRunner.runLeaf(ParentRunner.java:366)
  at org.junit.runners.BlockJUnit4ClassRunner.runChild(BlockJUnit4ClassRunner.java:103)
  at org.junit.runners.BlockJUnit4ClassRunner.runChild(BlockJUnit4ClassRunner.java:63)
  at org.junit.runners.ParentRunner$4.run(ParentRunner.java:331)
  at org.junit.runners.ParentRunner$1.schedule(ParentRunner.java:79)
  at org.junit.runners.ParentRunner.runChildren(ParentRunner.java:329)
  at org.junit.runners.ParentRunner.access$100(ParentRunner.java:66)
  at org.junit.runners.ParentRunner$2.evaluate(ParentRunner.java:293)
  at org.junit.runners.ParentRunner$3.evaluate(ParentRunner.java:306)
  at org.junit.runners.ParentRunner.run(ParentRunner.java:413)
  at org.junit.runner.JUnitCore.run(JUnitCore.java:137)
  at org.junit.runner.JUnitCore.run(JUnitCore.java:115)
  at org.gradle.api.internal.tasks.testing.junit.JUnitTestExecutor.runRequest(JUnitTestExecutor.java:175)
  at org.gradle.api.internal.tasks.testing.junit.JUnitTestExecutor.accept(JUnitTestExecutor.java:84)
  at org.gradle.api.internal.tasks.testing.junit.JUnitTestExecutor.accept(JUnitTestExecutor.java:47)
  at org.gradle.api.internal.tasks.testing.junit.AbstractJUnitTestDefinitionProcessor.processTestDefinition(AbstractJUnitTestDefinitionProcessor.java:65)
  at org.gradle.api.internal.tasks.testing.SuiteTestDefinitionProcessor.processTestDefinition(SuiteTestDefinitionProcessor.java:54)
  at java.base/jdk.internal.reflect.DirectMethodHandleAccessor.invoke(DirectMethodHandleAccessor.java:104)
  at java.base/java.lang.reflect.Method.invoke(Method.java:565)
  at org.gradle.internal.dispatch.MethodInvocation.invokeOn(MethodInvocation.java:77)
  at org.gradle.internal.dispatch.ReflectionDispatch.dispatch(ReflectionDispatch.java:28)
  at org.gradle.internal.dispatch.ReflectionDispatch.dispatch(ReflectionDispatch.java:19)
  at org.gradle.internal.dispatch.ContextClassLoaderDispatch.dispatch(ContextClassLoaderDispatch.java:33)
  at org.gradle.internal.dispatch.ProxyDispatchAdapter$DispatchingInvocationHandler.invoke(ProxyDispatchAdapter.java:88)
  at jdk.proxy1/jdk.proxy1.$Proxy4.processTestDefinition(Unknown Source)
  at org.gradle.api.internal.tasks.testing.worker.TestWorker$2.run(TestWorker.java:178)
  at org.gradle.api.internal.tasks.testing.worker.TestWorker.executeAndMaintainThreadName(TestWorker.java:126)
  at org.gradle.api.internal.tasks.testing.worker.TestWorker.execute(TestWorker.java:103)
  at org.gradle.api.internal.tasks.testing.worker.TestWorker.execute(TestWorker.java:63)
  at org.gradle.process.internal.worker.child.ActionExecutionWorker.execute(ActionExecutionWorker.java:56)
  at org.gradle.process.internal.worker.child.SystemApplicationClassLoaderWorker.call(SystemApplicationClassLoaderWorker.java:122)
  at org.gradle.process.internal.worker.child.SystemApplicationClassLoaderWorker.call(SystemApplicationClassLoaderWorker.java:72)
  at worker.org.gradle.process.internal.worker.GradleWorkerMain.run(GradleWorkerMain.java:69)
  at worker.org.gradle.process.internal.worker.GradleWorkerMain.main(GradleWorkerMain.java:74)
</stacktrace>
</test-failure>


TypeScriptCompilerTests_A[jvm] > arrayFakeFlatNoCrashInferenceDeclarations_ts has expected errors matching arrayFakeFlatNoCrashInferenceDeclarations_errors_txt[jvm] FAILED

<test-failure test="com.xemantic.typescript.compiler.TypeScriptCompilerTests_A.assignmentCompatability40_ts has expected errors matching assignmentCompatability40_errors_txt" platform="jvm">
<message>
Expected diagnostics from baseline typescript-repo/tests/baselines/reference/assignmentCompatability40.errors.txt but none produced
</message>
<stacktrace>
  at com.xemantic.typescript.compiler.TypeScriptTestSupportKt.errorsMatchBaseline(TypeScriptTestSupport.kt:125)
  at com.xemantic.typescript.compiler.TypeScriptCompilerTests_A.assignmentCompatability40_ts has expected errors matching assignmentCompatability40_errors_txt(TypeScriptCompilerTests_A.kt:3696)
  at java.base/jdk.internal.reflect.DirectMethodHandleAccessor.invoke(DirectMethodHandleAccessor.java:104)
  at java.base/java.lang.reflect.Method.invoke(Method.java:565)
  at org.junit.runners.model.FrameworkMethod$1.runReflectiveCall(FrameworkMethod.java:59)
  at org.junit.internal.runners.model.ReflectiveCallable.run(ReflectiveCallable.java:12)
  at org.junit.runners.model.FrameworkMethod.invokeExplosively(FrameworkMethod.java:56)
  at org.junit.internal.runners.statements.InvokeMethod.evaluate(InvokeMethod.java:17)
  at org.junit.runners.ParentRunner$3.evaluate(ParentRunner.java:306)
  at org.junit.runners.BlockJUnit4ClassRunner$1.evaluate(BlockJUnit4ClassRunner.java:100)
  at org.junit.runners.ParentRunner.runLeaf(ParentRunner.java:366)
  at org.junit.runners.BlockJUnit4ClassRunner.runChild(BlockJUnit4ClassRunner.java:103)
  at org.junit.runners.BlockJUnit4ClassRunner.runChild(BlockJUnit4ClassRunner.java:63)
  at org.junit.runners.ParentRunner$4.run(ParentRunner.java:331)
  at org.junit.runners.ParentRunner$1.schedule(ParentRunner.java:79)
  at org.junit.runners.ParentRunner.runChildren(ParentRunner.java:329)
  at org.junit.runners.ParentRunner.access$100(ParentRunner.java:66)
  at org.junit.runners.ParentRunner$2.evaluate(ParentRunner.java:293)
  at org.junit.runners.ParentRunner$3.evaluate(ParentRunner.java:306)
  at org.junit.runners.ParentRunner.run(ParentRunner.java:413)
  at org.junit.runner.JUnitCore.run(JUnitCore.java:137)
  at org.junit.runner.JUnitCore.run(JUnitCore.java:115)
  at org.gradle.api.internal.tasks.testing.junit.JUnitTestExecutor.runRequest(JUnitTestExecutor.java:175)
  at org.gradle.api.internal.tasks.testing.junit.JUnitTestExecutor.accept(JUnitTestExecutor.java:84)
  at org.gradle.api.internal.tasks.testing.junit.JUnitTestExecutor.accept(JUnitTestExecutor.java:47)
  at org.gradle.api.internal.tasks.testing.junit.AbstractJUnitTestDefinitionProcessor.processTestDefinition(AbstractJUnitTestDefinitionProcessor.java:65)
  at org.gradle.api.internal.tasks.testing.SuiteTestDefinitionProcessor.processTestDefinition(SuiteTestDefinitionProcessor.java:54)
  at java.base/jdk.internal.reflect.DirectMethodHandleAccessor.invoke(DirectMethodHandleAccessor.java:104)
  at java.base/java.lang.reflect.Method.invoke(Method.java:565)
  at org.gradle.internal.dispatch.MethodInvocation.invokeOn(MethodInvocation.java:77)
  at org.gradle.internal.dispatch.ReflectionDispatch.dispatch(ReflectionDispatch.java:28)
  at org.gradle.internal.dispatch.ReflectionDispatch.dispatch(ReflectionDispatch.java:19)
  at org.gradle.internal.dispatch.ContextClassLoaderDispatch.dispatch(ContextClassLoaderDispatch.java:33)
  at org.gradle.internal.dispatch.ProxyDispatchAdapter$DispatchingInvocationHandler.invoke(ProxyDispatchAdapter.java:88)
  at jdk.proxy1/jdk.proxy1.$Proxy4.processTestDefinition(Unknown Source)
  at org.gradle.api.internal.tasks.testing.worker.TestWorker$2.run(TestWorker.java:178)
  at org.gradle.api.internal.tasks.testing.worker.TestWorker.executeAndMaintainThreadName(TestWorker.java:126)
  at org.gradle.api.internal.tasks.testing.worker.TestWorker.execute(TestWorker.java:103)
  at org.gradle.api.internal.tasks.testing.worker.TestWorker.execute(TestWorker.java:63)
  at org.gradle.process.internal.worker.child.ActionExecutionWorker.execute(ActionExecutionWorker.java:56)
  at org.gradle.process.internal.worker.child.SystemApplicationClassLoaderWorker.call(SystemApplicationClassLoaderWorker.java:122)
  at org.gradle.process.internal.worker.child.SystemApplicationClassLoaderWorker.call(SystemApplicationClassLoaderWorker.java:72)
  at worker.org.gradle.process.internal.worker.GradleWorkerMain.run(GradleWorkerMain.java:69)
  at worker.org.gradle.process.internal.worker.GradleWorkerMain.main(GradleWorkerMain.java:74)
</stacktrace>
</test-failure>


TypeScriptCompilerTests_A[jvm] > assignmentCompatability40_ts has expected errors matching assignmentCompatability40_errors_txt[jvm] FAILED

<test-failure test="com.xemantic.typescript.compiler.TypeScriptCompilerTests_A.assignmentCompatability44_ts has expected errors matching assignmentCompatability44_errors_txt" platform="jvm">
<message>
Expected diagnostics from baseline typescript-repo/tests/baselines/reference/assignmentCompatability44.errors.txt but none produced
</message>
<stacktrace>
  at com.xemantic.typescript.compiler.TypeScriptTestSupportKt.errorsMatchBaseline(TypeScriptTestSupport.kt:125)
  at com.xemantic.typescript.compiler.TypeScriptCompilerTests_A.assignmentCompatability44_ts has expected errors matching assignmentCompatability44_errors_txt(TypeScriptCompilerTests_A.kt:3752)
  at java.base/jdk.internal.reflect.DirectMethodHandleAccessor.invoke(DirectMethodHandleAccessor.java:104)
  at java.base/java.lang.reflect.Method.invoke(Method.java:565)
  at org.junit.runners.model.FrameworkMethod$1.runReflectiveCall(FrameworkMethod.java:59)
  at org.junit.internal.runners.model.ReflectiveCallable.run(ReflectiveCallable.java:12)
  at org.junit.runners.model.FrameworkMethod.invokeExplosively(FrameworkMethod.java:56)
  at org.junit.internal.runners.statements.InvokeMethod.evaluate(InvokeMethod.java:17)
  at org.junit.runners.ParentRunner$3.evaluate(ParentRunner.java:306)
  at org.junit.runners.BlockJUnit4ClassRunner$1.evaluate(BlockJUnit4ClassRunner.java:100)
  at org.junit.runners.ParentRunner.runLeaf(ParentRunner.java:366)
  at org.junit.runners.BlockJUnit4ClassRunner.runChild(BlockJUnit4ClassRunner.java:103)
  at org.junit.runners.BlockJUnit4ClassRunner.runChild(BlockJUnit4ClassRunner.java:63)
  at org.junit.runners.ParentRunner$4.run(ParentRunner.java:331)
  at org.junit.runners.ParentRunner$1.schedule(ParentRunner.java:79)
  at org.junit.runners.ParentRunner.runChildren(ParentRunner.java:329)
  at org.junit.runners.ParentRunner.access$100(ParentRunner.java:66)
  at org.junit.runners.ParentRunner$2.evaluate(ParentRunner.java:293)
  at org.junit.runners.ParentRunner$3.evaluate(ParentRunner.java:306)
  at org.junit.runners.ParentRunner.run(ParentRunner.java:413)
  at org.junit.runner.JUnitCore.run(JUnitCore.java:137)
  at org.junit.runner.JUnitCore.run(JUnitCore.java:115)
  at org.gradle.api.internal.tasks.testing.junit.JUnitTestExecutor.runRequest(JUnitTestExecutor.java:175)
  at org.gradle.api.internal.tasks.testing.junit.JUnitTestExecutor.accept(JUnitTestExecutor.java:84)
  at org.gradle.api.internal.tasks.testing.junit.JUnitTestExecutor.accept(JUnitTestExecutor.java:47)
  at org.gradle.api.internal.tasks.testing.junit.AbstractJUnitTestDefinitionProcessor.processTestDefinition(AbstractJUnitTestDefinitionProcessor.java:65)
  at org.gradle.api.internal.tasks.testing.SuiteTestDefinitionProcessor.processTestDefinition(SuiteTestDefinitionProcessor.java:54)
  at java.base/jdk.internal.reflect.DirectMethodHandleAccessor.invoke(DirectMethodHandleAccessor.java:104)
  at java.base/java.lang.reflect.Method.invoke(Method.java:565)
  at org.gradle.internal.dispatch.MethodInvocation.invokeOn(MethodInvocation.java:77)
  at org.gradle.internal.dispatch.ReflectionDispatch.dispatch(ReflectionDispatch.java:28)
  at org.gradle.internal.dispatch.ReflectionDispatch.dispatch(ReflectionDispatch.java:19)
  at org.gradle.internal.dispatch.ContextClassLoaderDispatch.dispatch(ContextClassLoaderDispatch.java:33)
  at org.gradle.internal.dispatch.ProxyDispatchAdapter$DispatchingInvocationHandler.invoke(ProxyDispatchAdapter.java:88)
  at jdk.proxy1/jdk.proxy1.$Proxy4.processTestDefinition(Unknown Source)
  at org.gradle.api.internal.tasks.testing.worker.TestWorker$2.run(TestWorker.java:178)
  at org.gradle.api.internal.tasks.testing.worker.TestWorker.executeAndMaintainThreadName(TestWorker.java:126)
  at org.gradle.api.internal.tasks.testing.worker.TestWorker.execute(TestWorker.java:103)
  at org.gradle.api.internal.tasks.testing.worker.TestWorker.execute(TestWorker.java:63)
  at org.gradle.process.internal.worker.child.ActionExecutionWorker.execute(ActionExecutionWorker.java:56)
  at org.gradle.process.internal.worker.child.SystemApplicationClassLoaderWorker.call(SystemApplicationClassLoaderWorker.java:122)
  at org.gradle.process.internal.worker.child.SystemApplicationClassLoaderWorker.call(SystemApplicationClassLoaderWorker.java:72)
  at worker.org.gradle.process.internal.worker.GradleWorkerMain.run(GradleWorkerMain.java:69)
  at worker.org.gradle.process.internal.worker.GradleWorkerMain.main(GradleWorkerMain.java:74)
</stacktrace>
</test-failure>


TypeScriptCompilerTests_A[jvm] > assignmentCompatability44_ts has expected errors matching assignmentCompatability44_errors_txt[jvm] FAILED

<test-failure test="com.xemantic.typescript.compiler.TypeScriptCompilerTests_A.avoidListingPropertiesForTypesWithOnlyCallOrConstructSignatures_ts has expected errors matching avoidListingPropertiesForTypesWithOnlyCallOrConstructSignatures_errors_txt" platform="jvm">
<message>
Expected diagnostics from baseline typescript-repo/tests/baselines/reference/avoidListingPropertiesForTypesWithOnlyCallOrConstructSignatures.errors.txt but none produced
</message>
<stacktrace>
  at com.xemantic.typescript.compiler.TypeScriptTestSupportKt.errorsMatchBaseline(TypeScriptTestSupport.kt:125)
  at com.xemantic.typescript.compiler.TypeScriptCompilerTests_A.avoidListingPropertiesForTypesWithOnlyCallOrConstructSignatures_ts has expected errors matching avoidListingPropertiesForTypesWithOnlyCallOrConstructSignatures_errors_txt(TypeScriptCompilerTests_A.kt:4620)
  at java.base/jdk.internal.reflect.DirectMethodHandleAccessor.invoke(DirectMethodHandleAccessor.java:104)
  at java.base/java.lang.reflect.Method.invoke(Method.java:565)
  at org.junit.runners.model.FrameworkMethod$1.runReflectiveCall(FrameworkMethod.java:59)
  at org.junit.internal.runners.model.ReflectiveCallable.run(ReflectiveCallable.java:12)
  at org.junit.runners.model.FrameworkMethod.invokeExplosively(FrameworkMethod.java:56)
  at org.junit.internal.runners.statements.InvokeMethod.evaluate(InvokeMethod.java:17)
  at org.junit.runners.ParentRunner$3.evaluate(ParentRunner.java:306)
  at org.junit.runners.BlockJUnit4ClassRunner$1.evaluate(BlockJUnit4ClassRunner.java:100)
  at org.junit.runners.ParentRunner.runLeaf(ParentRunner.java:366)
  at org.junit.runners.BlockJUnit4ClassRunner.runChild(BlockJUnit4ClassRunner.java:103)
  at org.junit.runners.BlockJUnit4ClassRunner.runChild(BlockJUnit4ClassRunner.java:63)
  at org.junit.runners.ParentRunner$4.run(ParentRunner.java:331)
  at org.junit.runners.ParentRunner$1.schedule(ParentRunner.java:79)
  at org.junit.runners.ParentRunner.runChildren(ParentRunner.java:329)
  at org.junit.runners.ParentRunner.access$100(ParentRunner.java:66)
  at org.junit.runners.ParentRunner$2.evaluate(ParentRunner.java:293)
  at org.junit.runners.ParentRunner$3.evaluate(ParentRunner.java:306)
  at org.junit.runners.ParentRunner.run(ParentRunner.java:413)
  at org.junit.runner.JUnitCore.run(JUnitCore.java:137)
  at org.junit.runner.JUnitCore.run(JUnitCore.java:115)
  at org.gradle.api.internal.tasks.testing.junit.JUnitTestExecutor.runRequest(JUnitTestExecutor.java:175)
  at org.gradle.api.internal.tasks.testing.junit.JUnitTestExecutor.accept(JUnitTestExecutor.java:84)
  at org.gradle.api.internal.tasks.testing.junit.JUnitTestExecutor.accept(JUnitTestExecutor.java:47)
  at org.gradle.api.internal.tasks.testing.junit.AbstractJUnitTestDefinitionProcessor.processTestDefinition(AbstractJUnitTestDefinitionProcessor.java:65)
  at org.gradle.api.internal.tasks.testing.SuiteTestDefinitionProcessor.processTestDefinition(SuiteTestDefinitionProcessor.java:54)
  at java.base/jdk.internal.reflect.DirectMethodHandleAccessor.invoke(DirectMethodHandleAccessor.java:104)
  at java.base/java.lang.reflect.Method.invoke(Method.java:565)
  at org.gradle.internal.dispatch.MethodInvocation.invokeOn(MethodInvocation.java:77)
  at org.gradle.internal.dispatch.ReflectionDispatch.dispatch(ReflectionDispatch.java:28)
  at org.gradle.internal.dispatch.ReflectionDispatch.dispatch(ReflectionDispatch.java:19)
  at org.gradle.internal.dispatch.ContextClassLoaderDispatch.dispatch(ContextClassLoaderDispatch.java:33)
  at org.gradle.internal.dispatch.ProxyDispatchAdapter$DispatchingInvocationHandler.invoke(ProxyDispatchAdapter.java:88)
  at jdk.proxy1/jdk.proxy1.$Proxy4.processTestDefinition(Unknown Source)
  at org.gradle.api.internal.tasks.testing.worker.TestWorker$2.run(TestWorker.java:178)
  at org.gradle.api.internal.tasks.testing.worker.TestWorker.executeAndMaintainThreadName(TestWorker.java:126)
  at org.gradle.api.internal.tasks.testing.worker.TestWorker.execute(TestWorker.java:103)
  at org.gradle.api.internal.tasks.testing.worker.TestWorker.execute(TestWorker.java:63)
  at org.gradle.process.internal.worker.child.ActionExecutionWorker.execute(ActionExecutionWorker.java:56)
  at org.gradle.process.internal.worker.child.SystemApplicationClassLoaderWorker.call(SystemApplicationClassLoaderWorker.java:122)
  at org.gradle.process.internal.worker.child.SystemApplicationClassLoaderWorker.call(SystemApplicationClassLoaderWorker.java:72)
  at worker.org.gradle.process.internal.worker.GradleWorkerMain.run(GradleWorkerMain.java:69)
  at worker.org.gradle.process.internal.worker.GradleWorkerMain.main(GradleWorkerMain.java:74)
</stacktrace>
</test-failure>


TypeScriptCompilerTests_A[jvm] > avoidListingPropertiesForTypesWithOnlyCallOrConstructSignatures_ts has expected errors matching avoidListingPropertiesForTypesWithOnlyCallOrConstructSignatures_errors_txt[jvm] FAILED

<test-failure test="com.xemantic.typescript.compiler.TypeScriptCompilerTests_A.arrayIterationLibES5TargetDifferent_ts__nolib_false_target_es2015__has expected errors matching baseline" platform="jvm">
<message>
Expected diagnostics from baseline typescript-repo/tests/baselines/reference/arrayIterationLibES5TargetDifferent(nolib=false,target=es2015).errors.txt but none produced
</message>
<stacktrace>
  at com.xemantic.typescript.compiler.TypeScriptTestSupportKt.errorsMatchBaseline(TypeScriptTestSupport.kt:125)
  at com.xemantic.typescript.compiler.TypeScriptCompilerTests_A.arrayIterationLibES5TargetDifferent_ts__nolib_false_target_es2015__has expected errors matching baseline(TypeScriptCompilerTests_A.kt:2520)
  at java.base/jdk.internal.reflect.DirectMethodHandleAccessor.invoke(DirectMethodHandleAccessor.java:104)
  at java.base/java.lang.reflect.Method.invoke(Method.java:565)
  at org.junit.runners.model.FrameworkMethod$1.runReflectiveCall(FrameworkMethod.java:59)
  at org.junit.internal.runners.model.ReflectiveCallable.run(ReflectiveCallable.java:12)
  at org.junit.runners.model.FrameworkMethod.invokeExplosively(FrameworkMethod.java:56)
  at org.junit.internal.runners.statements.InvokeMethod.evaluate(InvokeMethod.java:17)
  at org.junit.runners.ParentRunner$3.evaluate(ParentRunner.java:306)
  at org.junit.runners.BlockJUnit4ClassRunner$1.evaluate(BlockJUnit4ClassRunner.java:100)
  at org.junit.runners.ParentRunner.runLeaf(ParentRunner.java:366)
  at org.junit.runners.BlockJUnit4ClassRunner.runChild(BlockJUnit4ClassRunner.java:103)
  at org.junit.runners.BlockJUnit4ClassRunner.runChild(BlockJUnit4ClassRunner.java:63)
  at org.junit.runners.ParentRunner$4.run(ParentRunner.java:331)
  at org.junit.runners.ParentRunner$1.schedule(ParentRunner.java:79)
  at org.junit.runners.ParentRunner.runChildren(ParentRunner.java:329)
  at org.junit.runners.ParentRunner.access$100(ParentRunner.java:66)
  at org.junit.runners.ParentRunner$2.evaluate(ParentRunner.java:293)
  at org.junit.runners.ParentRunner$3.evaluate(ParentRunner.java:306)
  at org.junit.runners.ParentRunner.run(ParentRunner.java:413)
  at org.junit.runner.JUnitCore.run(JUnitCore.java:137)
  at org.junit.runner.JUnitCore.run(JUnitCore.java:115)
  at org.gradle.api.internal.tasks.testing.junit.JUnitTestExecutor.runRequest(JUnitTestExecutor.java:175)
  at org.gradle.api.internal.tasks.testing.junit.JUnitTestExecutor.accept(JUnitTestExecutor.java:84)
  at org.gradle.api.internal.tasks.testing.junit.JUnitTestExecutor.accept(JUnitTestExecutor.java:47)
  at org.gradle.api.internal.tasks.testing.junit.AbstractJUnitTestDefinitionProcessor.processTestDefinition(AbstractJUnitTestDefinitionProcessor.java:65)
  at org.gradle.api.internal.tasks.testing.SuiteTestDefinitionProcessor.processTestDefinition(SuiteTestDefinitionProcessor.java:54)
  at java.base/jdk.internal.reflect.DirectMethodHandleAccessor.invoke(DirectMethodHandleAccessor.java:104)
  at java.base/java.lang.reflect.Method.invoke(Method.java:565)
  at org.gradle.internal.dispatch.MethodInvocation.invokeOn(MethodInvocation.java:77)
  at org.gradle.internal.dispatch.ReflectionDispatch.dispatch(ReflectionDispatch.java:28)
  at org.gradle.internal.dispatch.ReflectionDispatch.dispatch(ReflectionDispatch.java:19)
  at org.gradle.internal.dispatch.ContextClassLoaderDispatch.dispatch(ContextClassLoaderDispatch.java:33)
  at org.gradle.internal.dispatch.ProxyDispatchAdapter$DispatchingInvocationHandler.invoke(ProxyDispatchAdapter.java:88)
  at jdk.proxy1/jdk.proxy1.$Proxy4.processTestDefinition(Unknown Source)
  at org.gradle.api.internal.tasks.testing.worker.TestWorker$2.run(TestWorker.java:178)
  at org.gradle.api.internal.tasks.testing.worker.TestWorker.executeAndMaintainThreadName(TestWorker.java:126)
  at org.gradle.api.internal.tasks.testing.worker.TestWorker.execute(TestWorker.java:103)
  at org.gradle.api.internal.tasks.testing.worker.TestWorker.execute(TestWorker.java:63)
  at org.gradle.process.internal.worker.child.ActionExecutionWorker.execute(ActionExecutionWorker.java:56)
  at org.gradle.process.internal.worker.child.SystemApplicationClassLoaderWorker.call(SystemApplicationClassLoaderWorker.java:122)
  at org.gradle.process.internal.worker.child.SystemApplicationClassLoaderWorker.call(SystemApplicationClassLoaderWorker.java:72)
  at worker.org.gradle.process.internal.worker.GradleWorkerMain.run(GradleWorkerMain.java:69)
  at worker.org.gradle.process.internal.worker.GradleWorkerMain.main(GradleWorkerMain.java:74)
</stacktrace>
</test-failure>


TypeScriptCompilerTests_A[jvm] > arrayIterationLibES5TargetDifferent_ts__nolib_false_target_es2015__has expected errors matching baseline[jvm] FAILED

<test-failure test="com.xemantic.typescript.compiler.TypeScriptCompilerTests_A.autolift4_ts has expected errors matching autolift4_errors_txt" platform="jvm">
<message>
Expected diagnostics from baseline typescript-repo/tests/baselines/reference/autolift4.errors.txt but none produced
</message>
<stacktrace>
  at com.xemantic.typescript.compiler.TypeScriptTestSupportKt.errorsMatchBaseline(TypeScriptTestSupport.kt:125)
  at com.xemantic.typescript.compiler.TypeScriptCompilerTests_A.autolift4_ts has expected errors matching autolift4_errors_txt(TypeScriptCompilerTests_A.kt:4592)
  at java.base/jdk.internal.reflect.DirectMethodHandleAccessor.invoke(DirectMethodHandleAccessor.java:104)
  at java.base/java.lang.reflect.Method.invoke(Method.java:565)
  at org.junit.runners.model.FrameworkMethod$1.runReflectiveCall(FrameworkMethod.java:59)
  at org.junit.internal.runners.model.ReflectiveCallable.run(ReflectiveCallable.java:12)
  at org.junit.runners.model.FrameworkMethod.invokeExplosively(FrameworkMethod.java:56)
  at org.junit.internal.runners.statements.InvokeMethod.evaluate(InvokeMethod.java:17)
  at org.junit.runners.ParentRunner$3.evaluate(ParentRunner.java:306)
  at org.junit.runners.BlockJUnit4ClassRunner$1.evaluate(BlockJUnit4ClassRunner.java:100)
  at org.junit.runners.ParentRunner.runLeaf(ParentRunner.java:366)
  at org.junit.runners.BlockJUnit4ClassRunner.runChild(BlockJUnit4ClassRunner.java:103)
  at org.junit.runners.BlockJUnit4ClassRunner.runChild(BlockJUnit4ClassRunner.java:63)
  at org.junit.runners.ParentRunner$4.run(ParentRunner.java:331)
  at org.junit.runners.ParentRunner$1.schedule(ParentRunner.java:79)
  at org.junit.runners.ParentRunner.runChildren(ParentRunner.java:329)
  at org.junit.runners.ParentRunner.access$100(ParentRunner.java:66)
  at org.junit.runners.ParentRunner$2.evaluate(ParentRunner.java:293)
  at org.junit.runners.ParentRunner$3.evaluate(ParentRunner.java:306)
  at org.junit.runners.ParentRunner.run(ParentRunner.java:413)
  at org.junit.runner.JUnitCore.run(JUnitCore.java:137)
  at org.junit.runner.JUnitCore.run(JUnitCore.java:115)
  at org.gradle.api.internal.tasks.testing.junit.JUnitTestExecutor.runRequest(JUnitTestExecutor.java:175)
  at org.gradle.api.internal.tasks.testing.junit.JUnitTestExecutor.accept(JUnitTestExecutor.java:84)
  at org.gradle.api.internal.tasks.testing.junit.JUnitTestExecutor.accept(JUnitTestExecutor.java:47)
  at org.gradle.api.internal.tasks.testing.junit.AbstractJUnitTestDefinitionProcessor.processTestDefinition(AbstractJUnitTestDefinitionProcessor.java:65)
  at org.gradle.api.internal.tasks.testing.SuiteTestDefinitionProcessor.processTestDefinition(SuiteTestDefinitionProcessor.java:54)
  at java.base/jdk.internal.reflect.DirectMethodHandleAccessor.invoke(DirectMethodHandleAccessor.java:104)
  at java.base/java.lang.reflect.Method.invoke(Method.java:565)
  at org.gradle.internal.dispatch.MethodInvocation.invokeOn(MethodInvocation.java:77)
  at org.gradle.internal.dispatch.ReflectionDispatch.dispatch(ReflectionDispatch.java:28)
  at org.gradle.internal.dispatch.ReflectionDispatch.dispatch(ReflectionDispatch.java:19)
  at org.gradle.internal.dispatch.ContextClassLoaderDispatch.dispatch(ContextClassLoaderDispatch.java:33)
  at org.gradle.internal.dispatch.ProxyDispatchAdapter$DispatchingInvocationHandler.invoke(ProxyDispatchAdapter.java:88)
  at jdk.proxy1/jdk.proxy1.$Proxy4.processTestDefinition(Unknown Source)
  at org.gradle.api.internal.tasks.testing.worker.TestWorker$2.run(TestWorker.java:178)
  at org.gradle.api.internal.tasks.testing.worker.TestWorker.executeAndMaintainThreadName(TestWorker.java:126)
  at org.gradle.api.internal.tasks.testing.worker.TestWorker.execute(TestWorker.java:103)
  at org.gradle.api.internal.tasks.testing.worker.TestWorker.execute(TestWorker.java:63)
  at org.gradle.process.internal.worker.child.ActionExecutionWorker.execute(ActionExecutionWorker.java:56)
  at org.gradle.process.internal.worker.child.SystemApplicationClassLoaderWorker.call(SystemApplicationClassLoaderWorker.java:122)
  at org.gradle.process.internal.worker.child.SystemApplicationClassLoaderWorker.call(SystemApplicationClassLoaderWorker.java:72)
  at worker.org.gradle.process.internal.worker.GradleWorkerMain.run(GradleWorkerMain.java:69)
  at worker.org.gradle.process.internal.worker.GradleWorkerMain.main(GradleWorkerMain.java:74)
</stacktrace>
</test-failure>


TypeScriptCompilerTests_A[jvm] > autolift4_ts has expected errors matching autolift4_errors_txt[jvm] FAILED

<test-failure test="com.xemantic.typescript.compiler.TypeScriptCompilerTests_A.augmentExportEquals2_ts has expected errors matching augmentExportEquals2_errors_txt" platform="jvm">
<message>
Expected diagnostics from baseline typescript-repo/tests/baselines/reference/augmentExportEquals2.errors.txt but none produced
</message>
<stacktrace>
  at com.xemantic.typescript.compiler.TypeScriptTestSupportKt.errorsMatchBaseline(TypeScriptTestSupport.kt:125)
  at com.xemantic.typescript.compiler.TypeScriptCompilerTests_A.augmentExportEquals2_ts has expected errors matching augmentExportEquals2_errors_txt(TypeScriptCompilerTests_A.kt:4200)
  at java.base/jdk.internal.reflect.DirectMethodHandleAccessor.invoke(DirectMethodHandleAccessor.java:104)
  at java.base/java.lang.reflect.Method.invoke(Method.java:565)
  at org.junit.runners.model.FrameworkMethod$1.runReflectiveCall(FrameworkMethod.java:59)
  at org.junit.internal.runners.model.ReflectiveCallable.run(ReflectiveCallable.java:12)
  at org.junit.runners.model.FrameworkMethod.invokeExplosively(FrameworkMethod.java:56)
  at org.junit.internal.runners.statements.InvokeMethod.evaluate(InvokeMethod.java:17)
  at org.junit.runners.ParentRunner$3.evaluate(ParentRunner.java:306)
  at org.junit.runners.BlockJUnit4ClassRunner$1.evaluate(BlockJUnit4ClassRunner.java:100)
  at org.junit.runners.ParentRunner.runLeaf(ParentRunner.java:366)
  at org.junit.runners.BlockJUnit4ClassRunner.runChild(BlockJUnit4ClassRunner.java:103)
  at org.junit.runners.BlockJUnit4ClassRunner.runChild(BlockJUnit4ClassRunner.java:63)
  at org.junit.runners.ParentRunner$4.run(ParentRunner.java:331)
  at org.junit.runners.ParentRunner$1.schedule(ParentRunner.java:79)
  at org.junit.runners.ParentRunner.runChildren(ParentRunner.java:329)
  at org.junit.runners.ParentRunner.access$100(ParentRunner.java:66)
  at org.junit.runners.ParentRunner$2.evaluate(ParentRunner.java:293)
  at org.junit.runners.ParentRunner$3.evaluate(ParentRunner.java:306)
  at org.junit.runners.ParentRunner.run(ParentRunner.java:413)
  at org.junit.runner.JUnitCore.run(JUnitCore.java:137)
  at org.junit.runner.JUnitCore.run(JUnitCore.java:115)
  at org.gradle.api.internal.tasks.testing.junit.JUnitTestExecutor.runRequest(JUnitTestExecutor.java:175)
  at org.gradle.api.internal.tasks.testing.junit.JUnitTestExecutor.accept(JUnitTestExecutor.java:84)
  at org.gradle.api.internal.tasks.testing.junit.JUnitTestExecutor.accept(JUnitTestExecutor.java:47)
  at org.gradle.api.internal.tasks.testing.junit.AbstractJUnitTestDefinitionProcessor.processTestDefinition(AbstractJUnitTestDefinitionProcessor.java:65)
  at org.gradle.api.internal.tasks.testing.SuiteTestDefinitionProcessor.processTestDefinition(SuiteTestDefinitionProcessor.java:54)
  at java.base/jdk.internal.reflect.DirectMethodHandleAccessor.invoke(DirectMethodHandleAccessor.java:104)
  at java.base/java.lang.reflect.Method.invoke(Method.java:565)
  at org.gradle.internal.dispatch.MethodInvocation.invokeOn(MethodInvocation.java:77)
  at org.gradle.internal.dispatch.ReflectionDispatch.dispatch(ReflectionDispatch.java:28)
  at org.gradle.internal.dispatch.ReflectionDispatch.dispatch(ReflectionDispatch.java:19)
  at org.gradle.internal.dispatch.ContextClassLoaderDispatch.dispatch(ContextClassLoaderDispatch.java:33)
  at org.gradle.internal.dispatch.ProxyDispatchAdapter$DispatchingInvocationHandler.invoke(ProxyDispatchAdapter.java:88)
  at jdk.proxy1/jdk.proxy1.$Proxy4.processTestDefinition(Unknown Source)
  at org.gradle.api.internal.tasks.testing.worker.TestWorker$2.run(TestWorker.java:178)
  at org.gradle.api.internal.tasks.testing.worker.TestWorker.executeAndMaintainThreadName(TestWorker.java:126)
  at org.gradle.api.internal.tasks.testing.worker.TestWorker.execute(TestWorker.java:103)
  at org.gradle.api.internal.tasks.testing.worker.TestWorker.execute(TestWorker.java:63)
  at org.gradle.process.internal.worker.child.ActionExecutionWorker.execute(ActionExecutionWorker.java:56)
  at org.gradle.process.internal.worker.child.SystemApplicationClassLoaderWorker.call(SystemApplicationClassLoaderWorker.java:122)
  at org.gradle.process.internal.worker.child.SystemApplicationClassLoaderWorker.call(SystemApplicationClassLoaderWorker.java:72)
  at worker.org.gradle.process.internal.worker.GradleWorkerMain.run(GradleWorkerMain.java:69)
  at worker.org.gradle.process.internal.worker.GradleWorkerMain.main(GradleWorkerMain.java:74)
</stacktrace>
</test-failure>


TypeScriptCompilerTests_A[jvm] > augmentExportEquals2_ts has expected errors matching augmentExportEquals2_errors_txt[jvm] FAILED

<test-failure test="com.xemantic.typescript.compiler.TypeScriptCompilerTests_A.assignmentCompatability12_ts has expected errors matching assignmentCompatability12_errors_txt" platform="jvm">
<message>
Expected diagnostics from baseline typescript-repo/tests/baselines/reference/assignmentCompatability12.errors.txt but none produced
</message>
<stacktrace>
  at com.xemantic.typescript.compiler.TypeScriptTestSupportKt.errorsMatchBaseline(TypeScriptTestSupport.kt:125)
  at com.xemantic.typescript.compiler.TypeScriptCompilerTests_A.assignmentCompatability12_ts has expected errors matching assignmentCompatability12_errors_txt(TypeScriptCompilerTests_A.kt:3269)
  at java.base/jdk.internal.reflect.DirectMethodHandleAccessor.invoke(DirectMethodHandleAccessor.java:104)
  at java.base/java.lang.reflect.Method.invoke(Method.java:565)
  at org.junit.runners.model.FrameworkMethod$1.runReflectiveCall(FrameworkMethod.java:59)
  at org.junit.internal.runners.model.ReflectiveCallable.run(ReflectiveCallable.java:12)
  at org.junit.runners.model.FrameworkMethod.invokeExplosively(FrameworkMethod.java:56)
  at org.junit.internal.runners.statements.InvokeMethod.evaluate(InvokeMethod.java:17)
  at org.junit.runners.ParentRunner$3.evaluate(ParentRunner.java:306)
  at org.junit.runners.BlockJUnit4ClassRunner$1.evaluate(BlockJUnit4ClassRunner.java:100)
  at org.junit.runners.ParentRunner.runLeaf(ParentRunner.java:366)
  at org.junit.runners.BlockJUnit4ClassRunner.runChild(BlockJUnit4ClassRunner.java:103)
  at org.junit.runners.BlockJUnit4ClassRunner.runChild(BlockJUnit4ClassRunner.java:63)
  at org.junit.runners.ParentRunner$4.run(ParentRunner.java:331)
  at org.junit.runners.ParentRunner$1.schedule(ParentRunner.java:79)
  at org.junit.runners.ParentRunner.runChildren(ParentRunner.java:329)
  at org.junit.runners.ParentRunner.access$100(ParentRunner.java:66)
  at org.junit.runners.ParentRunner$2.evaluate(ParentRunner.java:293)
  at org.junit.runners.ParentRunner$3.evaluate(ParentRunner.java:306)
  at org.junit.runners.ParentRunner.run(ParentRunner.java:413)
  at org.junit.runner.JUnitCore.run(JUnitCore.java:137)
  at org.junit.runner.JUnitCore.run(JUnitCore.java:115)
  at org.gradle.api.internal.tasks.testing.junit.JUnitTestExecutor.runRequest(JUnitTestExecutor.java:175)
  at org.gradle.api.internal.tasks.testing.junit.JUnitTestExecutor.accept(JUnitTestExecutor.java:84)
  at org.gradle.api.internal.tasks.testing.junit.JUnitTestExecutor.accept(JUnitTestExecutor.java:47)
  at org.gradle.api.internal.tasks.testing.junit.AbstractJUnitTestDefinitionProcessor.processTestDefinition(AbstractJUnitTestDefinitionProcessor.java:65)
  at org.gradle.api.internal.tasks.testing.SuiteTestDefinitionProcessor.processTestDefinition(SuiteTestDefinitionProcessor.java:54)
  at java.base/jdk.internal.reflect.DirectMethodHandleAccessor.invoke(DirectMethodHandleAccessor.java:104)
  at java.base/java.lang.reflect.Method.invoke(Method.java:565)
  at org.gradle.internal.dispatch.MethodInvocation.invokeOn(MethodInvocation.java:77)
  at org.gradle.internal.dispatch.ReflectionDispatch.dispatch(ReflectionDispatch.java:28)
  at org.gradle.internal.dispatch.ReflectionDispatch.dispatch(ReflectionDispatch.java:19)
  at org.gradle.internal.dispatch.ContextClassLoaderDispatch.dispatch(ContextClassLoaderDispatch.java:33)
  at org.gradle.internal.dispatch.ProxyDispatchAdapter$DispatchingInvocationHandler.invoke(ProxyDispatchAdapter.java:88)
  at jdk.proxy1/jdk.proxy1.$Proxy4.processTestDefinition(Unknown Source)
  at org.gradle.api.internal.tasks.testing.worker.TestWorker$2.run(TestWorker.java:178)
  at org.gradle.api.internal.tasks.testing.worker.TestWorker.executeAndMaintainThreadName(TestWorker.java:126)
  at org.gradle.api.internal.tasks.testing.worker.TestWorker.execute(TestWorker.java:103)
  at org.gradle.api.internal.tasks.testing.worker.TestWorker.execute(TestWorker.java:63)
  at org.gradle.process.internal.worker.child.ActionExecutionWorker.execute(ActionExecutionWorker.java:56)
  at org.gradle.process.internal.worker.child.SystemApplicationClassLoaderWorker.call(SystemApplicationClassLoaderWorker.java:122)
  at org.gradle.process.internal.worker.child.SystemApplicationClassLoaderWorker.call(SystemApplicationClassLoaderWorker.java:72)
  at worker.org.gradle.process.internal.worker.GradleWorkerMain.run(GradleWorkerMain.java:69)
  at worker.org.gradle.process.internal.worker.GradleWorkerMain.main(GradleWorkerMain.java:74)
</stacktrace>
</test-failure>


TypeScriptCompilerTests_A[jvm] > assignmentCompatability12_ts has expected errors matching assignmentCompatability12_errors_txt[jvm] FAILED

<test-failure test="com.xemantic.typescript.compiler.TypeScriptCompilerTests_A.aliasUsageInOrExpression_ts has expected errors matching aliasUsageInOrExpression_errors_txt" platform="jvm">
<message>
--- expected
+++ actual
@@ -1,13 +1,7 @@
 aliasUsageInOrExpression_backbone.ts(2,12): error TS2564: Property 'someData' has no initializer and is not definitely assigned in the constructor.
-aliasUsageInOrExpression_main.ts(10,40): error TS2352: Conversion of type 'null' to type '{ x: IHasVisualizationModel; }' may be a mistake because neither type sufficiently overlaps with the other. If this was intentional, convert the expression to 'unknown' first.
-aliasUsageInOrExpression_main.ts(10,40): error TS2873: This kind of expression is always falsy.
-aliasUsageInOrExpression_main.ts(11,5): error TS2322: Type '{ x: typeof import("aliasUsageInOrExpression_moduleA"); } | null' is not assignable to type '{ x: IHasVisualizationModel; }'.
-  Type 'null' is not assignable to type '{ x: IHasVisualizationModel; }'.
-aliasUsageInOrExpression_main.ts(11,40): error TS2352: Conversion of type 'null' to type '{ x: IHasVisualizationModel; }' may be a mistake because neither type sufficiently overlaps with the other. If this was intentional, convert the expression to 'unknown' first.
-aliasUsageInOrExpression_main.ts(11,40): error TS2873: This kind of expression is always falsy.
 
 
-==== aliasUsageInOrExpression_main.ts (5 errors) ====
+==== aliasUsageInOrExpression_main.ts (0 errors) ====
     import Backbone = require("./aliasUsageInOrExpression_backbone");
     import moduleA = require("./aliasUsageInOrExpression_moduleA");
     interface IHasVisualizationModel {
@@ -18,18 +12,7 @@
     var d2: IHasVisualizationModel = i || moduleA;
     var d2: IHasVisualizationModel = moduleA || i;
     var e: { x: IHasVisualizationModel } = <{ x: IHasVisualizationModel }>null || { x: moduleA };
-                                           ~~~~~~~~~~~~~~~~~~~~~~~~~~~~~~~~~~~
-!!! error TS2352: Conversion of type 'null' to type '{ x: IHasVisualizationModel; }' may be a mistake because neither type sufficiently overlaps with the other. If this was intentional, convert the expression to 'unknown' first.
-                                           ~~~~~~~~~~~~~~~~~~~~~~~~~~~~~~~~~~~
-!!! error TS2873: This kind of expression is always falsy.
     var f: { x: IHasVisualizationModel } = <{ x: IHasVisualizationModel }>null ? { x: moduleA } : null;
-        ~
-!!! error TS2322: Type '{ x: typeof import("aliasUsageInOrExpression_moduleA"); } | null' is not assignable to type '{ x: IHasVisualizationModel; }'.
-!!! error TS2322:   Type 'null' is not assignable to type '{ x: IHasVisualizationModel; }'.
-                                           ~~~~~~~~~~~~~~~~~~~~~~~~~~~~~~~~~~~
-!!! error TS2352: Conversion of type 'null' to type '{ x: IHasVisualizationModel; }' may be a mistake because neither type sufficiently overlaps with the other. If this was intentional, convert the expression to 'unknown' first.
-                                           ~~~~~~~~~~~~~~~~~~~~~~~~~~~~~~~~~~~
-!!! error TS2873: This kind of expression is always falsy.
 ==== aliasUsageInOrExpression_backbone.ts (1 errors) ====
     export class Model {
         public someData: string;

</message>
<stacktrace>
  at org.junit.Assert.fail(Assert.java:89)
  at kotlin.test.junit.JUnitAsserter.fail(JUnitSupport.kt:56)
  at kotlin.test.AssertionsKt__AssertionsKt.fail(Assertions.kt:563)
  at kotlin.test.AssertionsKt.fail(Unknown Source)
  at com.xemantic.kotlin.test.SameAsKt.sameAs(SameAs.kt:52)
  at com.xemantic.typescript.compiler.TypeScriptTestSupportKt.errorsMatchBaseline(TypeScriptTestSupport.kt:135)
  at com.xemantic.typescript.compiler.TypeScriptCompilerTests_A.aliasUsageInOrExpression_ts has expected errors matching aliasUsageInOrExpression_errors_txt(TypeScriptCompilerTests_A.kt:770)
  at java.base/jdk.internal.reflect.DirectMethodHandleAccessor.invoke(DirectMethodHandleAccessor.java:104)
  at java.base/java.lang.reflect.Method.invoke(Method.java:565)
  at org.junit.runners.model.FrameworkMethod$1.runReflectiveCall(FrameworkMethod.java:59)
  at org.junit.internal.runners.model.ReflectiveCallable.run(ReflectiveCallable.java:12)
  at org.junit.runners.model.FrameworkMethod.invokeExplosively(FrameworkMethod.java:56)
  at org.junit.internal.runners.statements.InvokeMethod.evaluate(InvokeMethod.java:17)
  at org.junit.runners.ParentRunner$3.evaluate(ParentRunner.java:306)
  at org.junit.runners.BlockJUnit4ClassRunner$1.evaluate(BlockJUnit4ClassRunner.java:100)
  at org.junit.runners.ParentRunner.runLeaf(ParentRunner.java:366)
  at org.junit.runners.BlockJUnit4ClassRunner.runChild(BlockJUnit4ClassRunner.java:103)
  at org.junit.runners.BlockJUnit4ClassRunner.runChild(BlockJUnit4ClassRunner.java:63)
  at org.junit.runners.ParentRunner$4.run(ParentRunner.java:331)
  at org.junit.runners.ParentRunner$1.schedule(ParentRunner.java:79)
  at org.junit.runners.ParentRunner.runChildren(ParentRunner.java:329)
  at org.junit.runners.ParentRunner.access$100(ParentRunner.java:66)
  at org.junit.runners.ParentRunner$2.evaluate(ParentRunner.java:293)
  at org.junit.runners.ParentRunner$3.evaluate(ParentRunner.java:306)
  at org.junit.runners.ParentRunner.run(ParentRunner.java:413)
  at org.junit.runner.JUnitCore.run(JUnitCore.java:137)
  at org.junit.runner.JUnitCore.run(JUnitCore.java:115)
  at org.gradle.api.internal.tasks.testing.junit.JUnitTestExecutor.runRequest(JUnitTestExecutor.java:175)
  at org.gradle.api.internal.tasks.testing.junit.JUnitTestExecutor.accept(JUnitTestExecutor.java:84)
  at org.gradle.api.internal.tasks.testing.junit.JUnitTestExecutor.accept(JUnitTestExecutor.java:47)
  at org.gradle.api.internal.tasks.testing.junit.AbstractJUnitTestDefinitionProcessor.processTestDefinition(AbstractJUnitTestDefinitionProcessor.java:65)
  at org.gradle.api.internal.tasks.testing.SuiteTestDefinitionProcessor.processTestDefinition(SuiteTestDefinitionProcessor.java:54)
  at java.base/jdk.internal.reflect.DirectMethodHandleAccessor.invoke(DirectMethodHandleAccessor.java:104)
  at java.base/java.lang.reflect.Method.invoke(Method.java:565)
  at org.gradle.internal.dispatch.MethodInvocation.invokeOn(MethodInvocation.java:77)
  at org.gradle.internal.dispatch.ReflectionDispatch.dispatch(ReflectionDispatch.java:28)
  at org.gradle.internal.dispatch.ReflectionDispatch.dispatch(ReflectionDispatch.java:19)
  at org.gradle.internal.dispatch.ContextClassLoaderDispatch.dispatch(ContextClassLoaderDispatch.java:33)
  at org.gradle.internal.dispatch.ProxyDispatchAdapter$DispatchingInvocationHandler.invoke(ProxyDispatchAdapter.java:88)
  at jdk.proxy1/jdk.proxy1.$Proxy4.processTestDefinition(Unknown Source)
  at org.gradle.api.internal.tasks.testing.worker.TestWorker$2.run(TestWorker.java:178)
  at org.gradle.api.internal.tasks.testing.worker.TestWorker.executeAndMaintainThreadName(TestWorker.java:126)
  at org.gradle.api.internal.tasks.testing.worker.TestWorker.execute(TestWorker.java:103)
  at org.gradle.api.internal.tasks.testing.worker.TestWorker.execute(TestWorker.java:63)
  at org.gradle.process.internal.worker.child.ActionExecutionWorker.execute(ActionExecutionWorker.java:56)
  at org.gradle.process.internal.worker.child.SystemApplicationClassLoaderWorker.call(SystemApplicationClassLoaderWorker.java:122)
  at org.gradle.process.internal.worker.child.SystemApplicationClassLoaderWorker.call(SystemApplicationClassLoaderWorker.java:72)
  at worker.org.gradle.process.internal.worker.GradleWorkerMain.run(GradleWorkerMain.java:69)
  at worker.org.gradle.process.internal.worker.GradleWorkerMain.main(GradleWorkerMain.java:74)
</stacktrace>
</test-failure>


TypeScriptCompilerTests_A[jvm] > aliasUsageInOrExpression_ts has expected errors matching aliasUsageInOrExpression_errors_txt[jvm] FAILED

<test-failure test="com.xemantic.typescript.compiler.TypeScriptCompilerTests_A.accessorAccidentalCallDiagnostic_ts__target_es5__has expected errors matching baseline" platform="jvm">
<message>
--- expected
+++ actual
@@ -1,17 +1,12 @@
 error TS5107: Option 'target=ES5' is deprecated and will stop functioning in TypeScript 7.0. Specify compilerOption '"ignoreDeprecations": "6.0"' to silence this error.
-accessorAccidentalCallDiagnostic.ts(6,14): error TS6234: This expression is not callable because it is a 'get' accessor. Did you mean to use it without '()'?
-  Type 'Number' has no call signatures.
 
 
 !!! error TS5107: Option 'target=ES5' is deprecated and will stop functioning in TypeScript 7.0. Specify compilerOption '"ignoreDeprecations": "6.0"' to silence this error.
-==== accessorAccidentalCallDiagnostic.ts (1 errors) ====
+==== accessorAccidentalCallDiagnostic.ts (0 errors) ====
     // https://github.com/microsoft/TypeScript/issues/24554
     class Test24554 {
         get property(): number { return 1; }
     }
     function test24554(x: Test24554) {
         return x.property();
-                 ~~~~~~~~
-!!! error TS6234: This expression is not callable because it is a 'get' accessor. Did you mean to use it without '()'?
-!!! error TS6234:   Type 'Number' has no call signatures.
     }

</message>
<stacktrace>
  at org.junit.Assert.fail(Assert.java:89)
  at kotlin.test.junit.JUnitAsserter.fail(JUnitSupport.kt:56)
  at kotlin.test.AssertionsKt__AssertionsKt.fail(Assertions.kt:563)
  at kotlin.test.AssertionsKt.fail(Unknown Source)
  at com.xemantic.kotlin.test.SameAsKt.sameAs(SameAs.kt:52)
  at com.xemantic.typescript.compiler.TypeScriptTestSupportKt.errorsMatchBaseline(TypeScriptTestSupport.kt:135)
  at com.xemantic.typescript.compiler.TypeScriptCompilerTests_A.accessorAccidentalCallDiagnostic_ts__target_es5__has expected errors matching baseline(TypeScriptCompilerTests_A.kt:245)
  at java.base/jdk.internal.reflect.DirectMethodHandleAccessor.invoke(DirectMethodHandleAccessor.java:104)
  at java.base/java.lang.reflect.Method.invoke(Method.java:565)
  at org.junit.runners.model.FrameworkMethod$1.runReflectiveCall(FrameworkMethod.java:59)
  at org.junit.internal.runners.model.ReflectiveCallable.run(ReflectiveCallable.java:12)
  at org.junit.runners.model.FrameworkMethod.invokeExplosively(FrameworkMethod.java:56)
  at org.junit.internal.runners.statements.InvokeMethod.evaluate(InvokeMethod.java:17)
  at org.junit.runners.ParentRunner$3.evaluate(ParentRunner.java:306)
  at org.junit.runners.BlockJUnit4ClassRunner$1.evaluate(BlockJUnit4ClassRunner.java:100)
  at org.junit.runners.ParentRunner.runLeaf(ParentRunner.java:366)
  at org.junit.runners.BlockJUnit4ClassRunner.runChild(BlockJUnit4ClassRunner.java:103)
  at org.junit.runners.BlockJUnit4ClassRunner.runChild(BlockJUnit4ClassRunner.java:63)
  at org.junit.runners.ParentRunner$4.run(ParentRunner.java:331)
  at org.junit.runners.ParentRunner$1.schedule(ParentRunner.java:79)
  at org.junit.runners.ParentRunner.runChildren(ParentRunner.java:329)
  at org.junit.runners.ParentRunner.access$100(ParentRunner.java:66)
  at org.junit.runners.ParentRunner$2.evaluate(ParentRunner.java:293)
  at org.junit.runners.ParentRunner$3.evaluate(ParentRunner.java:306)
  at org.junit.runners.ParentRunner.run(ParentRunner.java:413)
  at org.junit.runner.JUnitCore.run(JUnitCore.java:137)
  at org.junit.runner.JUnitCore.run(JUnitCore.java:115)
  at org.gradle.api.internal.tasks.testing.junit.JUnitTestExecutor.runRequest(JUnitTestExecutor.java:175)
  at org.gradle.api.internal.tasks.testing.junit.JUnitTestExecutor.accept(JUnitTestExecutor.java:84)
  at org.gradle.api.internal.tasks.testing.junit.JUnitTestExecutor.accept(JUnitTestExecutor.java:47)
  at org.gradle.api.internal.tasks.testing.junit.AbstractJUnitTestDefinitionProcessor.processTestDefinition(AbstractJUnitTestDefinitionProcessor.java:65)
  at org.gradle.api.internal.tasks.testing.SuiteTestDefinitionProcessor.processTestDefinition(SuiteTestDefinitionProcessor.java:54)
  at java.base/jdk.internal.reflect.DirectMethodHandleAccessor.invoke(DirectMethodHandleAccessor.java:104)
  at java.base/java.lang.reflect.Method.invoke(Method.java:565)
  at org.gradle.internal.dispatch.MethodInvocation.invokeOn(MethodInvocation.java:77)
  at org.gradle.internal.dispatch.ReflectionDispatch.dispatch(ReflectionDispatch.java:28)
  at org.gradle.internal.dispatch.ReflectionDispatch.dispatch(ReflectionDispatch.java:19)
  at org.gradle.internal.dispatch.ContextClassLoaderDispatch.dispatch(ContextClassLoaderDispatch.java:33)
  at org.gradle.internal.dispatch.ProxyDispatchAdapter$DispatchingInvocationHandler.invoke(ProxyDispatchAdapter.java:88)
  at jdk.proxy1/jdk.proxy1.$Proxy4.processTestDefinition(Unknown Source)
  at org.gradle.api.internal.tasks.testing.worker.TestWorker$2.run(TestWorker.java:178)
  at org.gradle.api.internal.tasks.testing.worker.TestWorker.executeAndMaintainThreadName(TestWorker.java:126)
  at org.gradle.api.internal.tasks.testing.worker.TestWorker.execute(TestWorker.java:103)
  at org.gradle.api.internal.tasks.testing.worker.TestWorker.execute(TestWorker.java:63)
  at org.gradle.process.internal.worker.child.ActionExecutionWorker.execute(ActionExecutionWorker.java:56)
  at org.gradle.process.internal.worker.child.SystemApplicationClassLoaderWorker.call(SystemApplicationClassLoaderWorker.java:122)
  at org.gradle.process.internal.worker.child.SystemApplicationClassLoaderWorker.call(SystemApplicationClassLoaderWorker.java:72)
  at worker.org.gradle.process.internal.worker.GradleWorkerMain.run(GradleWorkerMain.java:69)
  at worker.org.gradle.process.internal.worker.GradleWorkerMain.main(GradleWorkerMain.java:74)
</stacktrace>
</test-failure>


TypeScriptCompilerTests_A[jvm] > accessorAccidentalCallDiagnostic_ts__target_es5__has expected errors matching baseline[jvm] FAILED

<test-failure test="com.xemantic.typescript.compiler.TypeScriptCompilerTests_A.awaitedTypeStrictNull_ts has expected errors matching awaitedTypeStrictNull_errors_txt" platform="jvm">
<message>
Expected diagnostics from baseline typescript-repo/tests/baselines/reference/awaitedTypeStrictNull.errors.txt but none produced
</message>
<stacktrace>
  at com.xemantic.typescript.compiler.TypeScriptTestSupportKt.errorsMatchBaseline(TypeScriptTestSupport.kt:125)
  at com.xemantic.typescript.compiler.TypeScriptCompilerTests_A.awaitedTypeStrictNull_ts has expected errors matching awaitedTypeStrictNull_errors_txt(TypeScriptCompilerTests_A.kt:4753)
  at java.base/jdk.internal.reflect.DirectMethodHandleAccessor.invoke(DirectMethodHandleAccessor.java:104)
  at java.base/java.lang.reflect.Method.invoke(Method.java:565)
  at org.junit.runners.model.FrameworkMethod$1.runReflectiveCall(FrameworkMethod.java:59)
  at org.junit.internal.runners.model.ReflectiveCallable.run(ReflectiveCallable.java:12)
  at org.junit.runners.model.FrameworkMethod.invokeExplosively(FrameworkMethod.java:56)
  at org.junit.internal.runners.statements.InvokeMethod.evaluate(InvokeMethod.java:17)
  at org.junit.runners.ParentRunner$3.evaluate(ParentRunner.java:306)
  at org.junit.runners.BlockJUnit4ClassRunner$1.evaluate(BlockJUnit4ClassRunner.java:100)
  at org.junit.runners.ParentRunner.runLeaf(ParentRunner.java:366)
  at org.junit.runners.BlockJUnit4ClassRunner.runChild(BlockJUnit4ClassRunner.java:103)
  at org.junit.runners.BlockJUnit4ClassRunner.runChild(BlockJUnit4ClassRunner.java:63)
  at org.junit.runners.ParentRunner$4.run(ParentRunner.java:331)
  at org.junit.runners.ParentRunner$1.schedule(ParentRunner.java:79)
  at org.junit.runners.ParentRunner.runChildren(ParentRunner.java:329)
  at org.junit.runners.ParentRunner.access$100(ParentRunner.java:66)
  at org.junit.runners.ParentRunner$2.evaluate(ParentRunner.java:293)
  at org.junit.runners.ParentRunner$3.evaluate(ParentRunner.java:306)
  at org.junit.runners.ParentRunner.run(ParentRunner.java:413)
  at org.junit.runner.JUnitCore.run(JUnitCore.java:137)
  at org.junit.runner.JUnitCore.run(JUnitCore.java:115)
  at org.gradle.api.internal.tasks.testing.junit.JUnitTestExecutor.runRequest(JUnitTestExecutor.java:175)
  at org.gradle.api.internal.tasks.testing.junit.JUnitTestExecutor.accept(JUnitTestExecutor.java:84)
  at org.gradle.api.internal.tasks.testing.junit.JUnitTestExecutor.accept(JUnitTestExecutor.java:47)
  at org.gradle.api.internal.tasks.testing.junit.AbstractJUnitTestDefinitionProcessor.processTestDefinition(AbstractJUnitTestDefinitionProcessor.java:65)
  at org.gradle.api.internal.tasks.testing.SuiteTestDefinitionProcessor.processTestDefinition(SuiteTestDefinitionProcessor.java:54)
  at java.base/jdk.internal.reflect.DirectMethodHandleAccessor.invoke(DirectMethodHandleAccessor.java:104)
  at java.base/java.lang.reflect.Method.invoke(Method.java:565)
  at org.gradle.internal.dispatch.MethodInvocation.invokeOn(MethodInvocation.java:77)
  at org.gradle.internal.dispatch.ReflectionDispatch.dispatch(ReflectionDispatch.java:28)
  at org.gradle.internal.dispatch.ReflectionDispatch.dispatch(ReflectionDispatch.java:19)
  at org.gradle.internal.dispatch.ContextClassLoaderDispatch.dispatch(ContextClassLoaderDispatch.java:33)
  at org.gradle.internal.dispatch.ProxyDispatchAdapter$DispatchingInvocationHandler.invoke(ProxyDispatchAdapter.java:88)
  at jdk.proxy1/jdk.proxy1.$Proxy4.processTestDefinition(Unknown Source)
  at org.gradle.api.internal.tasks.testing.worker.TestWorker$2.run(TestWorker.java:178)
  at org.gradle.api.internal.tasks.testing.worker.TestWorker.executeAndMaintainThreadName(TestWorker.java:126)
  at org.gradle.api.internal.tasks.testing.worker.TestWorker.execute(TestWorker.java:103)
  at org.gradle.api.internal.tasks.testing.worker.TestWorker.execute(TestWorker.java:63)
  at org.gradle.process.internal.worker.child.ActionExecutionWorker.execute(ActionExecutionWorker.java:56)
  at org.gradle.process.internal.worker.child.SystemApplicationClassLoaderWorker.call(SystemApplicationClassLoaderWorker.java:122)
  at org.gradle.process.internal.worker.child.SystemApplicationClassLoaderWorker.call(SystemApplicationClassLoaderWorker.java:72)
  at worker.org.gradle.process.internal.worker.GradleWorkerMain.run(GradleWorkerMain.java:69)
  at worker.org.gradle.process.internal.worker.GradleWorkerMain.main(GradleWorkerMain.java:74)
</stacktrace>
</test-failure>


TypeScriptCompilerTests_A[jvm] > awaitedTypeStrictNull_ts has expected errors matching awaitedTypeStrictNull_errors_txt[jvm] FAILED

<test-failure test="com.xemantic.typescript.compiler.TypeScriptCompilerTests_A.assignmentCompatability16_ts has expected errors matching assignmentCompatability16_errors_txt" platform="jvm">
<message>
Expected diagnostics from baseline typescript-repo/tests/baselines/reference/assignmentCompatability16.errors.txt but none produced
</message>
<stacktrace>
  at com.xemantic.typescript.compiler.TypeScriptTestSupportKt.errorsMatchBaseline(TypeScriptTestSupport.kt:125)
  at com.xemantic.typescript.compiler.TypeScriptCompilerTests_A.assignmentCompatability16_ts has expected errors matching assignmentCompatability16_errors_txt(TypeScriptCompilerTests_A.kt:3325)
  at java.base/jdk.internal.reflect.DirectMethodHandleAccessor.invoke(DirectMethodHandleAccessor.java:104)
  at java.base/java.lang.reflect.Method.invoke(Method.java:565)
  at org.junit.runners.model.FrameworkMethod$1.runReflectiveCall(FrameworkMethod.java:59)
  at org.junit.internal.runners.model.ReflectiveCallable.run(ReflectiveCallable.java:12)
  at org.junit.runners.model.FrameworkMethod.invokeExplosively(FrameworkMethod.java:56)
  at org.junit.internal.runners.statements.InvokeMethod.evaluate(InvokeMethod.java:17)
  at org.junit.runners.ParentRunner$3.evaluate(ParentRunner.java:306)
  at org.junit.runners.BlockJUnit4ClassRunner$1.evaluate(BlockJUnit4ClassRunner.java:100)
  at org.junit.runners.ParentRunner.runLeaf(ParentRunner.java:366)
  at org.junit.runners.BlockJUnit4ClassRunner.runChild(BlockJUnit4ClassRunner.java:103)
  at org.junit.runners.BlockJUnit4ClassRunner.runChild(BlockJUnit4ClassRunner.java:63)
  at org.junit.runners.ParentRunner$4.run(ParentRunner.java:331)
  at org.junit.runners.ParentRunner$1.schedule(ParentRunner.java:79)
  at org.junit.runners.ParentRunner.runChildren(ParentRunner.java:329)
  at org.junit.runners.ParentRunner.access$100(ParentRunner.java:66)
  at org.junit.runners.ParentRunner$2.evaluate(ParentRunner.java:293)
  at org.junit.runners.ParentRunner$3.evaluate(ParentRunner.java:306)
  at org.junit.runners.ParentRunner.run(ParentRunner.java:413)
  at org.junit.runner.JUnitCore.run(JUnitCore.java:137)
  at org.junit.runner.JUnitCore.run(JUnitCore.java:115)
  at org.gradle.api.internal.tasks.testing.junit.JUnitTestExecutor.runRequest(JUnitTestExecutor.java:175)
  at org.gradle.api.internal.tasks.testing.junit.JUnitTestExecutor.accept(JUnitTestExecutor.java:84)
  at org.gradle.api.internal.tasks.testing.junit.JUnitTestExecutor.accept(JUnitTestExecutor.java:47)
  at org.gradle.api.internal.tasks.testing.junit.AbstractJUnitTestDefinitionProcessor.processTestDefinition(AbstractJUnitTestDefinitionProcessor.java:65)
  at org.gradle.api.internal.tasks.testing.SuiteTestDefinitionProcessor.processTestDefinition(SuiteTestDefinitionProcessor.java:54)
  at java.base/jdk.internal.reflect.DirectMethodHandleAccessor.invoke(DirectMethodHandleAccessor.java:104)
  at java.base/java.lang.reflect.Method.invoke(Method.java:565)
  at org.gradle.internal.dispatch.MethodInvocation.invokeOn(MethodInvocation.java:77)
  at org.gradle.internal.dispatch.ReflectionDispatch.dispatch(ReflectionDispatch.java:28)
  at org.gradle.internal.dispatch.ReflectionDispatch.dispatch(ReflectionDispatch.java:19)
  at org.gradle.internal.dispatch.ContextClassLoaderDispatch.dispatch(ContextClassLoaderDispatch.java:33)
  at org.gradle.internal.dispatch.ProxyDispatchAdapter$DispatchingInvocationHandler.invoke(ProxyDispatchAdapter.java:88)
  at jdk.proxy1/jdk.proxy1.$Proxy4.processTestDefinition(Unknown Source)
  at org.gradle.api.internal.tasks.testing.worker.TestWorker$2.run(TestWorker.java:178)
  at org.gradle.api.internal.tasks.testing.worker.TestWorker.executeAndMaintainThreadName(TestWorker.java:126)
  at org.gradle.api.internal.tasks.testing.worker.TestWorker.execute(TestWorker.java:103)
  at org.gradle.api.internal.tasks.testing.worker.TestWorker.execute(TestWorker.java:63)
  at org.gradle.process.internal.worker.child.ActionExecutionWorker.execute(ActionExecutionWorker.java:56)
  at org.gradle.process.internal.worker.child.SystemApplicationClassLoaderWorker.call(SystemApplicationClassLoaderWorker.java:122)
  at org.gradle.process.internal.worker.child.SystemApplicationClassLoaderWorker.call(SystemApplicationClassLoaderWorker.java:72)
  at worker.org.gradle.process.internal.worker.GradleWorkerMain.run(GradleWorkerMain.java:69)
  at worker.org.gradle.process.internal.worker.GradleWorkerMain.main(GradleWorkerMain.java:74)
</stacktrace>
</test-failure>


TypeScriptCompilerTests_A[jvm] > assignmentCompatability16_ts has expected errors matching assignmentCompatability16_errors_txt[jvm] FAILED

<test-failure test="com.xemantic.typescript.compiler.TypeScriptCompilerTests_A.ambientPropertyDeclarationInJs_ts has expected errors matching ambientPropertyDeclarationInJs_errors_txt" platform="jvm">
<message>
--- expected
+++ actual
@@ -1,15 +1,11 @@
-/test.js(3,9): error TS2322: Type '{}' is not assignable to type 'string'.
 /test.js(6,5): error TS8009: The 'declare' modifier can only be used in TypeScript files.
 /test.js(6,19): error TS8010: Type annotations can only be used in TypeScript files.
-/test.js(9,19): error TS2339: Property 'foo' does not exist on type 'string'.
 
 
-==== /test.js (4 errors) ====
+==== /test.js (2 errors) ====
     class Foo {
         constructor() {
             this.prop = {};
-            ~~~~~~~~~
-!!! error TS2322: Type '{}' is not assignable to type 'string'.
         }
     
         declare prop: string;
@@ -20,7 +16,5 @@
     
         method() {
             this.prop.foo
-                      ~~~
-!!! error TS2339: Property 'foo' does not exist on type 'string'.
         }
     }

</message>
<stacktrace>
  at org.junit.Assert.fail(Assert.java:89)
  at kotlin.test.junit.JUnitAsserter.fail(JUnitSupport.kt:56)
  at kotlin.test.AssertionsKt__AssertionsKt.fail(Assertions.kt:563)
  at kotlin.test.AssertionsKt.fail(Unknown Source)
  at com.xemantic.kotlin.test.SameAsKt.sameAs(SameAs.kt:52)
  at com.xemantic.typescript.compiler.TypeScriptTestSupportKt.errorsMatchBaseline(TypeScriptTestSupport.kt:135)
  at com.xemantic.typescript.compiler.TypeScriptCompilerTests_A.ambientPropertyDeclarationInJs_ts has expected errors matching ambientPropertyDeclarationInJs_errors_txt(TypeScriptCompilerTests_A.kt:1372)
  at java.base/jdk.internal.reflect.DirectMethodHandleAccessor.invoke(DirectMethodHandleAccessor.java:104)
  at java.base/java.lang.reflect.Method.invoke(Method.java:565)
  at org.junit.runners.model.FrameworkMethod$1.runReflectiveCall(FrameworkMethod.java:59)
  at org.junit.internal.runners.model.ReflectiveCallable.run(ReflectiveCallable.java:12)
  at org.junit.runners.model.FrameworkMethod.invokeExplosively(FrameworkMethod.java:56)
  at org.junit.internal.runners.statements.InvokeMethod.evaluate(InvokeMethod.java:17)
  at org.junit.runners.ParentRunner$3.evaluate(ParentRunner.java:306)
  at org.junit.runners.BlockJUnit4ClassRunner$1.evaluate(BlockJUnit4ClassRunner.java:100)
  at org.junit.runners.ParentRunner.runLeaf(ParentRunner.java:366)
  at org.junit.runners.BlockJUnit4ClassRunner.runChild(BlockJUnit4ClassRunner.java:103)
  at org.junit.runners.BlockJUnit4ClassRunner.runChild(BlockJUnit4ClassRunner.java:63)
  at org.junit.runners.ParentRunner$4.run(ParentRunner.java:331)
  at org.junit.runners.ParentRunner$1.schedule(ParentRunner.java:79)
  at org.junit.runners.ParentRunner.runChildren(ParentRunner.java:329)
  at org.junit.runners.ParentRunner.access$100(ParentRunner.java:66)
  at org.junit.runners.ParentRunner$2.evaluate(ParentRunner.java:293)
  at org.junit.runners.ParentRunner$3.evaluate(ParentRunner.java:306)
  at org.junit.runners.ParentRunner.run(ParentRunner.java:413)
  at org.junit.runner.JUnitCore.run(JUnitCore.java:137)
  at org.junit.runner.JUnitCore.run(JUnitCore.java:115)
  at org.gradle.api.internal.tasks.testing.junit.JUnitTestExecutor.runRequest(JUnitTestExecutor.java:175)
  at org.gradle.api.internal.tasks.testing.junit.JUnitTestExecutor.accept(JUnitTestExecutor.java:84)
  at org.gradle.api.internal.tasks.testing.junit.JUnitTestExecutor.accept(JUnitTestExecutor.java:47)
  at org.gradle.api.internal.tasks.testing.junit.AbstractJUnitTestDefinitionProcessor.processTestDefinition(AbstractJUnitTestDefinitionProcessor.java:65)
  at org.gradle.api.internal.tasks.testing.SuiteTestDefinitionProcessor.processTestDefinition(SuiteTestDefinitionProcessor.java:54)
  at java.base/jdk.internal.reflect.DirectMethodHandleAccessor.invoke(DirectMethodHandleAccessor.java:104)
  at java.base/java.lang.reflect.Method.invoke(Method.java:565)
  at org.gradle.internal.dispatch.MethodInvocation.invokeOn(MethodInvocation.java:77)
  at org.gradle.internal.dispatch.ReflectionDispatch.dispatch(ReflectionDispatch.java:28)
  at org.gradle.internal.dispatch.ReflectionDispatch.dispatch(ReflectionDispatch.java:19)
  at org.gradle.internal.dispatch.ContextClassLoaderDispatch.dispatch(ContextClassLoaderDispatch.java:33)
  at org.gradle.internal.dispatch.ProxyDispatchAdapter$DispatchingInvocationHandler.invoke(ProxyDispatchAdapter.java:88)
  at jdk.proxy1/jdk.proxy1.$Proxy4.processTestDefinition(Unknown Source)
  at org.gradle.api.internal.tasks.testing.worker.TestWorker$2.run(TestWorker.java:178)
  at org.gradle.api.internal.tasks.testing.worker.TestWorker.executeAndMaintainThreadName(TestWorker.java:126)
  at org.gradle.api.internal.tasks.testing.worker.TestWorker.execute(TestWorker.java:103)
  at org.gradle.api.internal.tasks.testing.worker.TestWorker.execute(TestWorker.java:63)
  at org.gradle.process.internal.worker.child.ActionExecutionWorker.execute(ActionExecutionWorker.java:56)
  at org.gradle.process.internal.worker.child.SystemApplicationClassLoaderWorker.call(SystemApplicationClassLoaderWorker.java:122)
  at org.gradle.process.internal.worker.child.SystemApplicationClassLoaderWorker.call(SystemApplicationClassLoaderWorker.java:72)
  at worker.org.gradle.process.internal.worker.GradleWorkerMain.run(GradleWorkerMain.java:69)
  at worker.org.gradle.process.internal.worker.GradleWorkerMain.main(GradleWorkerMain.java:74)
</stacktrace>
</test-failure>


TypeScriptCompilerTests_A[jvm] > ambientPropertyDeclarationInJs_ts has expected errors matching ambientPropertyDeclarationInJs_errors_txt[jvm] FAILED

<test-failure test="com.xemantic.typescript.compiler.TypeScriptCompilerTests_A.assignmentCompatFunctionsWithOptionalArgs_ts has expected errors matching assignmentCompatFunctionsWithOptionalArgs_errors_txt" platform="jvm">
<message>
--- expected
+++ actual
@@ -1,21 +1,11 @@
 assignmentCompatFunctionsWithOptionalArgs.ts(1,10): error TS2391: Function implementation is missing or not immediately following the declaration.
-assignmentCompatFunctionsWithOptionalArgs.ts(4,17): error TS2322: Type 'boolean' is not assignable to type 'string'.
-assignmentCompatFunctionsWithOptionalArgs.ts(5,5): error TS2345: Argument of type '{ name: string; }' is not assignable to parameter of type '{ id: number; name?: string | undefined; }'.
-  Property 'id' is missing in type '{ name: string; }' but required in type '{ id: number; name?: string | undefined; }'.
 
 
-==== assignmentCompatFunctionsWithOptionalArgs.ts (3 errors) ====
+==== assignmentCompatFunctionsWithOptionalArgs.ts (1 errors) ====
     function foo(x: { id: number; name?: string; }): void;
              ~~~
 !!! error TS2391: Function implementation is missing or not immediately following the declaration.
     foo({ id: 1234 });                 // Ok
     foo({ id: 1234, name: "hello" });  // Ok
     foo({ id: 1234, name: false });    // Error, name of wrong type
-                    ~~~~
-!!! error TS2322: Type 'boolean' is not assignable to type 'string'.
-!!! related TS6500 assignmentCompatFunctionsWithOptionalArgs.ts:1:31: The expected type comes from property 'name' which is declared here on type '{ id: number; name?: string | undefined; }'
     foo({ name: "hello" });            // Error, id required but missing
-        ~~~~~~~~~~~~~~~~~
-!!! error TS2345: Argument of type '{ name: string; }' is not assignable to parameter of type '{ id: number; name?: string | undefined; }'.
-!!! error TS2345:   Property 'id' is missing in type '{ name: string; }' but required in type '{ id: number; name?: string | undefined; }'.
-!!! related TS2728 assignmentCompatFunctionsWithOptionalArgs.ts:1:19: 'id' is declared here.

</message>
<stacktrace>
  at org.junit.Assert.fail(Assert.java:89)
  at kotlin.test.junit.JUnitAsserter.fail(JUnitSupport.kt:56)
  at kotlin.test.AssertionsKt__AssertionsKt.fail(Assertions.kt:563)
  at kotlin.test.AssertionsKt.fail(Unknown Source)
  at com.xemantic.kotlin.test.SameAsKt.sameAs(SameAs.kt:52)
  at com.xemantic.typescript.compiler.TypeScriptTestSupportKt.errorsMatchBaseline(TypeScriptTestSupport.kt:135)
  at com.xemantic.typescript.compiler.TypeScriptCompilerTests_A.assignmentCompatFunctionsWithOptionalArgs_ts has expected errors matching assignmentCompatFunctionsWithOptionalArgs_errors_txt(TypeScriptCompilerTests_A.kt:3192)
  at java.base/jdk.internal.reflect.DirectMethodHandleAccessor.invoke(DirectMethodHandleAccessor.java:104)
  at java.base/java.lang.reflect.Method.invoke(Method.java:565)
  at org.junit.runners.model.FrameworkMethod$1.runReflectiveCall(FrameworkMethod.java:59)
  at org.junit.internal.runners.model.ReflectiveCallable.run(ReflectiveCallable.java:12)
  at org.junit.runners.model.FrameworkMethod.invokeExplosively(FrameworkMethod.java:56)
  at org.junit.internal.runners.statements.InvokeMethod.evaluate(InvokeMethod.java:17)
  at org.junit.runners.ParentRunner$3.evaluate(ParentRunner.java:306)
  at org.junit.runners.BlockJUnit4ClassRunner$1.evaluate(BlockJUnit4ClassRunner.java:100)
  at org.junit.runners.ParentRunner.runLeaf(ParentRunner.java:366)
  at org.junit.runners.BlockJUnit4ClassRunner.runChild(BlockJUnit4ClassRunner.java:103)
  at org.junit.runners.BlockJUnit4ClassRunner.runChild(BlockJUnit4ClassRunner.java:63)
  at org.junit.runners.ParentRunner$4.run(ParentRunner.java:331)
  at org.junit.runners.ParentRunner$1.schedule(ParentRunner.java:79)
  at org.junit.runners.ParentRunner.runChildren(ParentRunner.java:329)
  at org.junit.runners.ParentRunner.access$100(ParentRunner.java:66)
  at org.junit.runners.ParentRunner$2.evaluate(ParentRunner.java:293)
  at org.junit.runners.ParentRunner$3.evaluate(ParentRunner.java:306)
  at org.junit.runners.ParentRunner.run(ParentRunner.java:413)
  at org.junit.runner.JUnitCore.run(JUnitCore.java:137)
  at org.junit.runner.JUnitCore.run(JUnitCore.java:115)
  at org.gradle.api.internal.tasks.testing.junit.JUnitTestExecutor.runRequest(JUnitTestExecutor.java:175)
  at org.gradle.api.internal.tasks.testing.junit.JUnitTestExecutor.accept(JUnitTestExecutor.java:84)
  at org.gradle.api.internal.tasks.testing.junit.JUnitTestExecutor.accept(JUnitTestExecutor.java:47)
  at org.gradle.api.internal.tasks.testing.junit.AbstractJUnitTestDefinitionProcessor.processTestDefinition(AbstractJUnitTestDefinitionProcessor.java:65)
  at org.gradle.api.internal.tasks.testing.SuiteTestDefinitionProcessor.processTestDefinition(SuiteTestDefinitionProcessor.java:54)
  at java.base/jdk.internal.reflect.DirectMethodHandleAccessor.invoke(DirectMethodHandleAccessor.java:104)
  at java.base/java.lang.reflect.Method.invoke(Method.java:565)
  at org.gradle.internal.dispatch.MethodInvocation.invokeOn(MethodInvocation.java:77)
  at org.gradle.internal.dispatch.ReflectionDispatch.dispatch(ReflectionDispatch.java:28)
  at org.gradle.internal.dispatch.ReflectionDispatch.dispatch(ReflectionDispatch.java:19)
  at org.gradle.internal.dispatch.ContextClassLoaderDispatch.dispatch(ContextClassLoaderDispatch.java:33)
  at org.gradle.internal.dispatch.ProxyDispatchAdapter$DispatchingInvocationHandler.invoke(ProxyDispatchAdapter.java:88)
  at jdk.proxy1/jdk.proxy1.$Proxy4.processTestDefinition(Unknown Source)
  at org.gradle.api.internal.tasks.testing.worker.TestWorker$2.run(TestWorker.java:178)
  at org.gradle.api.internal.tasks.testing.worker.TestWorker.executeAndMaintainThreadName(TestWorker.java:126)
  at org.gradle.api.internal.tasks.testing.worker.TestWorker.execute(TestWorker.java:103)
  at org.gradle.api.internal.tasks.testing.worker.TestWorker.execute(TestWorker.java:63)
  at org.gradle.process.internal.worker.child.ActionExecutionWorker.execute(ActionExecutionWorker.java:56)
  at org.gradle.process.internal.worker.child.SystemApplicationClassLoaderWorker.call(SystemApplicationClassLoaderWorker.java:122)
  at org.gradle.process.internal.worker.child.SystemApplicationClassLoaderWorker.call(SystemApplicationClassLoaderWorker.java:72)
  at worker.org.gradle.process.internal.worker.GradleWorkerMain.run(GradleWorkerMain.java:69)
  at worker.org.gradle.process.internal.worker.GradleWorkerMain.main(GradleWorkerMain.java:74)
</stacktrace>
</test-failure>


TypeScriptCompilerTests_A[jvm] > assignmentCompatFunctionsWithOptionalArgs_ts has expected errors matching assignmentCompatFunctionsWithOptionalArgs_errors_txt[jvm] FAILED

<test-failure test="com.xemantic.typescript.compiler.TypeScriptCompilerTests_A.allowSyntheticDefaultImports6_ts has expected errors matching allowSyntheticDefaultImports6_errors_txt" platform="jvm">
<message>
--- expected
+++ actual
@@ -1,6 +1,5 @@
 error TS5107: Option 'allowSyntheticDefaultImports=false' is deprecated and will stop functioning in TypeScript 7.0. Specify compilerOption '"ignoreDeprecations": "6.0"' to silence this error.
 error TS5107: Option 'module=System' is deprecated and will stop functioning in TypeScript 7.0. Specify compilerOption '"ignoreDeprecations": "6.0"' to silence this error.
-a.ts(1,8): error TS1259: Module '"b"' can only be default-imported using the 'esModuleInterop' flag
 
 
 !!! error TS5107: Option 'allowSyntheticDefaultImports=false' is deprecated and will stop functioning in TypeScript 7.0. Specify compilerOption '"ignoreDeprecations": "6.0"' to silence this error.
@@ -11,9 +10,6 @@
     }
     export = Foo;
     
-==== a.ts (1 errors) ====
+==== a.ts (0 errors) ====
     import Foo from "./b";
-           ~~~
-!!! error TS1259: Module '"b"' can only be default-imported using the 'esModuleInterop' flag
-!!! related TS2594 b.d.ts:4:1: This module is declared with 'export =', and can only be used with a default import when using the 'esModuleInterop' flag.
     export var x = new Foo();

</message>
<stacktrace>
  at org.junit.Assert.fail(Assert.java:89)
  at kotlin.test.junit.JUnitAsserter.fail(JUnitSupport.kt:56)
  at kotlin.test.AssertionsKt__AssertionsKt.fail(Assertions.kt:563)
  at kotlin.test.AssertionsKt.fail(Unknown Source)
  at com.xemantic.kotlin.test.SameAsKt.sameAs(SameAs.kt:52)
  at com.xemantic.typescript.compiler.TypeScriptTestSupportKt.errorsMatchBaseline(TypeScriptTestSupport.kt:135)
  at com.xemantic.typescript.compiler.TypeScriptCompilerTests_A.allowSyntheticDefaultImports6_ts has expected errors matching allowSyntheticDefaultImports6_errors_txt(TypeScriptCompilerTests_A.kt:959)
  at java.base/jdk.internal.reflect.DirectMethodHandleAccessor.invoke(DirectMethodHandleAccessor.java:104)
  at java.base/java.lang.reflect.Method.invoke(Method.java:565)
  at org.junit.runners.model.FrameworkMethod$1.runReflectiveCall(FrameworkMethod.java:59)
  at org.junit.internal.runners.model.ReflectiveCallable.run(ReflectiveCallable.java:12)
  at org.junit.runners.model.FrameworkMethod.invokeExplosively(FrameworkMethod.java:56)
  at org.junit.internal.runners.statements.InvokeMethod.evaluate(InvokeMethod.java:17)
  at org.junit.runners.ParentRunner$3.evaluate(ParentRunner.java:306)
  at org.junit.runners.BlockJUnit4ClassRunner$1.evaluate(BlockJUnit4ClassRunner.java:100)
  at org.junit.runners.ParentRunner.runLeaf(ParentRunner.java:366)
  at org.junit.runners.BlockJUnit4ClassRunner.runChild(BlockJUnit4ClassRunner.java:103)
  at org.junit.runners.BlockJUnit4ClassRunner.runChild(BlockJUnit4ClassRunner.java:63)
  at org.junit.runners.ParentRunner$4.run(ParentRunner.java:331)
  at org.junit.runners.ParentRunner$1.schedule(ParentRunner.java:79)
  at org.junit.runners.ParentRunner.runChildren(ParentRunner.java:329)
  at org.junit.runners.ParentRunner.access$100(ParentRunner.java:66)
  at org.junit.runners.ParentRunner$2.evaluate(ParentRunner.java:293)
  at org.junit.runners.ParentRunner$3.evaluate(ParentRunner.java:306)
  at org.junit.runners.ParentRunner.run(ParentRunner.java:413)
  at org.junit.runner.JUnitCore.run(JUnitCore.java:137)
  at org.junit.runner.JUnitCore.run(JUnitCore.java:115)
  at org.gradle.api.internal.tasks.testing.junit.JUnitTestExecutor.runRequest(JUnitTestExecutor.java:175)
  at org.gradle.api.internal.tasks.testing.junit.JUnitTestExecutor.accept(JUnitTestExecutor.java:84)
  at org.gradle.api.internal.tasks.testing.junit.JUnitTestExecutor.accept(JUnitTestExecutor.java:47)
  at org.gradle.api.internal.tasks.testing.junit.AbstractJUnitTestDefinitionProcessor.processTestDefinition(AbstractJUnitTestDefinitionProcessor.java:65)
  at org.gradle.api.internal.tasks.testing.SuiteTestDefinitionProcessor.processTestDefinition(SuiteTestDefinitionProcessor.java:54)
  at java.base/jdk.internal.reflect.DirectMethodHandleAccessor.invoke(DirectMethodHandleAccessor.java:104)
  at java.base/java.lang.reflect.Method.invoke(Method.java:565)
  at org.gradle.internal.dispatch.MethodInvocation.invokeOn(MethodInvocation.java:77)
  at org.gradle.internal.dispatch.ReflectionDispatch.dispatch(ReflectionDispatch.java:28)
  at org.gradle.internal.dispatch.ReflectionDispatch.dispatch(ReflectionDispatch.java:19)
  at org.gradle.internal.dispatch.ContextClassLoaderDispatch.dispatch(ContextClassLoaderDispatch.java:33)
  at org.gradle.internal.dispatch.ProxyDispatchAdapter$DispatchingInvocationHandler.invoke(ProxyDispatchAdapter.java:88)
  at jdk.proxy1/jdk.proxy1.$Proxy4.processTestDefinition(Unknown Source)
  at org.gradle.api.internal.tasks.testing.worker.TestWorker$2.run(TestWorker.java:178)
  at org.gradle.api.internal.tasks.testing.worker.TestWorker.executeAndMaintainThreadName(TestWorker.java:126)
  at org.gradle.api.internal.tasks.testing.worker.TestWorker.execute(TestWorker.java:103)
  at org.gradle.api.internal.tasks.testing.worker.TestWorker.execute(TestWorker.java:63)
  at org.gradle.process.internal.worker.child.ActionExecutionWorker.execute(ActionExecutionWorker.java:56)
  at org.gradle.process.internal.worker.child.SystemApplicationClassLoaderWorker.call(SystemApplicationClassLoaderWorker.java:122)
  at org.gradle.process.internal.worker.child.SystemApplicationClassLoaderWorker.call(SystemApplicationClassLoaderWorker.java:72)
  at worker.org.gradle.process.internal.worker.GradleWorkerMain.run(GradleWorkerMain.java:69)
  at worker.org.gradle.process.internal.worker.GradleWorkerMain.main(GradleWorkerMain.java:74)
</stacktrace>
</test-failure>


TypeScriptCompilerTests_A[jvm] > allowSyntheticDefaultImports6_ts has expected errors matching allowSyntheticDefaultImports6_errors_txt[jvm] FAILED

<test-failure test="com.xemantic.typescript.compiler.TypeScriptCompilerTests_A.assertInWrapSomeTypeParameter_ts has expected errors matching assertInWrapSomeTypeParameter_errors_txt" platform="jvm">
<message>
--- expected
+++ actual
@@ -1,11 +1,32 @@
-assertInWrapSomeTypeParameter.ts(2,26): error TS1005: '>' expected.
+assertInWrapSomeTypeParameter.ts(2,5): error TS2391: Function implementation is missing or not immediately following the declaration.
+assertInWrapSomeTypeParameter.ts(2,11): error TS1005: ')' expected.
+assertInWrapSomeTypeParameter.ts(2,19): error TS2391: Function implementation is missing or not immediately following the declaration.
+assertInWrapSomeTypeParameter.ts(2,20): error TS1005: '(' expected.
+assertInWrapSomeTypeParameter.ts(2,21): error TS2391: Function implementation is missing or not immediately following the declaration.
+assertInWrapSomeTypeParameter.ts(2,22): error TS1005: '(' expected.
+assertInWrapSomeTypeParameter.ts(2,22): error TS2300: Duplicate identifier '<'.
+assertInWrapSomeTypeParameter.ts(2,30): error TS2304: Cannot find name 'U'.
 
 
-==== assertInWrapSomeTypeParameter.ts (1 errors) ====
+==== assertInWrapSomeTypeParameter.ts (8 errors) ====
     class C<T extends C<T>> {
         foo<U extends C<C<T>>(x: U) {
-                             ~
-!!! error TS1005: '>' expected.
+        ~~~
+!!! error TS2391: Function implementation is missing or not immediately following the declaration.
+              ~~~~~~~
+!!! error TS1005: ')' expected.
+                      ~
+!!! error TS2391: Function implementation is missing or not immediately following the declaration.
+                       ~
+!!! error TS1005: '(' expected.
+                        ~
+!!! error TS2391: Function implementation is missing or not immediately following the declaration.
+                         ~
+!!! error TS1005: '(' expected.
+                         ~
+!!! error TS2300: Duplicate identifier '<'.
+                                 ~
+!!! error TS2304: Cannot find name 'U'.
             return null;
         }
     }

</message>
<stacktrace>
  at org.junit.Assert.fail(Assert.java:89)
  at kotlin.test.junit.JUnitAsserter.fail(JUnitSupport.kt:56)
  at kotlin.test.AssertionsKt__AssertionsKt.fail(Assertions.kt:563)
  at kotlin.test.AssertionsKt.fail(Unknown Source)
  at com.xemantic.kotlin.test.SameAsKt.sameAs(SameAs.kt:52)
  at com.xemantic.typescript.compiler.TypeScriptTestSupportKt.errorsMatchBaseline(TypeScriptTestSupport.kt:135)
  at com.xemantic.typescript.compiler.TypeScriptCompilerTests_A.assertInWrapSomeTypeParameter_ts has expected errors matching assertInWrapSomeTypeParameter_errors_txt(TypeScriptCompilerTests_A.kt:2968)
  at java.base/jdk.internal.reflect.DirectMethodHandleAccessor.invoke(DirectMethodHandleAccessor.java:104)
  at java.base/java.lang.reflect.Method.invoke(Method.java:565)
  at org.junit.runners.model.FrameworkMethod$1.runReflectiveCall(FrameworkMethod.java:59)
  at org.junit.internal.runners.model.ReflectiveCallable.run(ReflectiveCallable.java:12)
  at org.junit.runners.model.FrameworkMethod.invokeExplosively(FrameworkMethod.java:56)
  at org.junit.internal.runners.statements.InvokeMethod.evaluate(InvokeMethod.java:17)
  at org.junit.runners.ParentRunner$3.evaluate(ParentRunner.java:306)
  at org.junit.runners.BlockJUnit4ClassRunner$1.evaluate(BlockJUnit4ClassRunner.java:100)
  at org.junit.runners.ParentRunner.runLeaf(ParentRunner.java:366)
  at org.junit.runners.BlockJUnit4ClassRunner.runChild(BlockJUnit4ClassRunner.java:103)
  at org.junit.runners.BlockJUnit4ClassRunner.runChild(BlockJUnit4ClassRunner.java:63)
  at org.junit.runners.ParentRunner$4.run(ParentRunner.java:331)
  at org.junit.runners.ParentRunner$1.schedule(ParentRunner.java:79)
  at org.junit.runners.ParentRunner.runChildren(ParentRunner.java:329)
  at org.junit.runners.ParentRunner.access$100(ParentRunner.java:66)
  at org.junit.runners.ParentRunner$2.evaluate(ParentRunner.java:293)
  at org.junit.runners.ParentRunner$3.evaluate(ParentRunner.java:306)
  at org.junit.runners.ParentRunner.run(ParentRunner.java:413)
  at org.junit.runner.JUnitCore.run(JUnitCore.java:137)
  at org.junit.runner.JUnitCore.run(JUnitCore.java:115)
  at org.gradle.api.internal.tasks.testing.junit.JUnitTestExecutor.runRequest(JUnitTestExecutor.java:175)
  at org.gradle.api.internal.tasks.testing.junit.JUnitTestExecutor.accept(JUnitTestExecutor.java:84)
  at org.gradle.api.internal.tasks.testing.junit.JUnitTestExecutor.accept(JUnitTestExecutor.java:47)
  at org.gradle.api.internal.tasks.testing.junit.AbstractJUnitTestDefinitionProcessor.processTestDefinition(AbstractJUnitTestDefinitionProcessor.java:65)
  at org.gradle.api.internal.tasks.testing.SuiteTestDefinitionProcessor.processTestDefinition(SuiteTestDefinitionProcessor.java:54)
  at java.base/jdk.internal.reflect.DirectMethodHandleAccessor.invoke(DirectMethodHandleAccessor.java:104)
  at java.base/java.lang.reflect.Method.invoke(Method.java:565)
  at org.gradle.internal.dispatch.MethodInvocation.invokeOn(MethodInvocation.java:77)
  at org.gradle.internal.dispatch.ReflectionDispatch.dispatch(ReflectionDispatch.java:28)
  at org.gradle.internal.dispatch.ReflectionDispatch.dispatch(ReflectionDispatch.java:19)
  at org.gradle.internal.dispatch.ContextClassLoaderDispatch.dispatch(ContextClassLoaderDispatch.java:33)
  at org.gradle.internal.dispatch.ProxyDispatchAdapter$DispatchingInvocationHandler.invoke(ProxyDispatchAdapter.java:88)
  at jdk.proxy1/jdk.proxy1.$Proxy4.processTestDefinition(Unknown Source)
  at org.gradle.api.internal.tasks.testing.worker.TestWorker$2.run(TestWorker.java:178)
  at org.gradle.api.internal.tasks.testing.worker.TestWorker.executeAndMaintainThreadName(TestWorker.java:126)
  at org.gradle.api.internal.tasks.testing.worker.TestWorker.execute(TestWorker.java:103)
  at org.gradle.api.internal.tasks.testing.worker.TestWorker.execute(TestWorker.java:63)
  at org.gradle.process.internal.worker.child.ActionExecutionWorker.execute(ActionExecutionWorker.java:56)
  at org.gradle.process.internal.worker.child.SystemApplicationClassLoaderWorker.call(SystemApplicationClassLoaderWorker.java:122)
  at org.gradle.process.internal.worker.child.SystemApplicationClassLoaderWorker.call(SystemApplicationClassLoaderWorker.java:72)
  at worker.org.gradle.process.internal.worker.GradleWorkerMain.run(GradleWorkerMain.java:69)
  at worker.org.gradle.process.internal.worker.GradleWorkerMain.main(GradleWorkerMain.java:74)
</stacktrace>
</test-failure>


TypeScriptCompilerTests_A[jvm] > assertInWrapSomeTypeParameter_ts has expected errors matching assertInWrapSomeTypeParameter_errors_txt[jvm] FAILED

<test-failure test="com.xemantic.typescript.compiler.TypeScriptCompilerTests_A.assignmentCompatability23_ts has expected errors matching assignmentCompatability23_errors_txt" platform="jvm">
<message>
Expected diagnostics from baseline typescript-repo/tests/baselines/reference/assignmentCompatability23.errors.txt but none produced
</message>
<stacktrace>
  at com.xemantic.typescript.compiler.TypeScriptTestSupportKt.errorsMatchBaseline(TypeScriptTestSupport.kt:125)
  at com.xemantic.typescript.compiler.TypeScriptCompilerTests_A.assignmentCompatability23_ts has expected errors matching assignmentCompatability23_errors_txt(TypeScriptCompilerTests_A.kt:3437)
  at java.base/jdk.internal.reflect.DirectMethodHandleAccessor.invoke(DirectMethodHandleAccessor.java:104)
  at java.base/java.lang.reflect.Method.invoke(Method.java:565)
  at org.junit.runners.model.FrameworkMethod$1.runReflectiveCall(FrameworkMethod.java:59)
  at org.junit.internal.runners.model.ReflectiveCallable.run(ReflectiveCallable.java:12)
  at org.junit.runners.model.FrameworkMethod.invokeExplosively(FrameworkMethod.java:56)
  at org.junit.internal.runners.statements.InvokeMethod.evaluate(InvokeMethod.java:17)
  at org.junit.runners.ParentRunner$3.evaluate(ParentRunner.java:306)
  at org.junit.runners.BlockJUnit4ClassRunner$1.evaluate(BlockJUnit4ClassRunner.java:100)
  at org.junit.runners.ParentRunner.runLeaf(ParentRunner.java:366)
  at org.junit.runners.BlockJUnit4ClassRunner.runChild(BlockJUnit4ClassRunner.java:103)
  at org.junit.runners.BlockJUnit4ClassRunner.runChild(BlockJUnit4ClassRunner.java:63)
  at org.junit.runners.ParentRunner$4.run(ParentRunner.java:331)
  at org.junit.runners.ParentRunner$1.schedule(ParentRunner.java:79)
  at org.junit.runners.ParentRunner.runChildren(ParentRunner.java:329)
  at org.junit.runners.ParentRunner.access$100(ParentRunner.java:66)
  at org.junit.runners.ParentRunner$2.evaluate(ParentRunner.java:293)
  at org.junit.runners.ParentRunner$3.evaluate(ParentRunner.java:306)
  at org.junit.runners.ParentRunner.run(ParentRunner.java:413)
  at org.junit.runner.JUnitCore.run(JUnitCore.java:137)
  at org.junit.runner.JUnitCore.run(JUnitCore.java:115)
  at org.gradle.api.internal.tasks.testing.junit.JUnitTestExecutor.runRequest(JUnitTestExecutor.java:175)
  at org.gradle.api.internal.tasks.testing.junit.JUnitTestExecutor.accept(JUnitTestExecutor.java:84)
  at org.gradle.api.internal.tasks.testing.junit.JUnitTestExecutor.accept(JUnitTestExecutor.java:47)
  at org.gradle.api.internal.tasks.testing.junit.AbstractJUnitTestDefinitionProcessor.processTestDefinition(AbstractJUnitTestDefinitionProcessor.java:65)
  at org.gradle.api.internal.tasks.testing.SuiteTestDefinitionProcessor.processTestDefinition(SuiteTestDefinitionProcessor.java:54)
  at java.base/jdk.internal.reflect.DirectMethodHandleAccessor.invoke(DirectMethodHandleAccessor.java:104)
  at java.base/java.lang.reflect.Method.invoke(Method.java:565)
  at org.gradle.internal.dispatch.MethodInvocation.invokeOn(MethodInvocation.java:77)
  at org.gradle.internal.dispatch.ReflectionDispatch.dispatch(ReflectionDispatch.java:28)
  at org.gradle.internal.dispatch.ReflectionDispatch.dispatch(ReflectionDispatch.java:19)
  at org.gradle.internal.dispatch.ContextClassLoaderDispatch.dispatch(ContextClassLoaderDispatch.java:33)
  at org.gradle.internal.dispatch.ProxyDispatchAdapter$DispatchingInvocationHandler.invoke(ProxyDispatchAdapter.java:88)
  at jdk.proxy1/jdk.proxy1.$Proxy4.processTestDefinition(Unknown Source)
  at org.gradle.api.internal.tasks.testing.worker.TestWorker$2.run(TestWorker.java:178)
  at org.gradle.api.internal.tasks.testing.worker.TestWorker.executeAndMaintainThreadName(TestWorker.java:126)
  at org.gradle.api.internal.tasks.testing.worker.TestWorker.execute(TestWorker.java:103)
  at org.gradle.api.internal.tasks.testing.worker.TestWorker.execute(TestWorker.java:63)
  at org.gradle.process.internal.worker.child.ActionExecutionWorker.execute(ActionExecutionWorker.java:56)
  at org.gradle.process.internal.worker.child.SystemApplicationClassLoaderWorker.call(SystemApplicationClassLoaderWorker.java:122)
  at org.gradle.process.internal.worker.child.SystemApplicationClassLoaderWorker.call(SystemApplicationClassLoaderWorker.java:72)
  at worker.org.gradle.process.internal.worker.GradleWorkerMain.run(GradleWorkerMain.java:69)
  at worker.org.gradle.process.internal.worker.GradleWorkerMain.main(GradleWorkerMain.java:74)
</stacktrace>
</test-failure>


TypeScriptCompilerTests_A[jvm] > assignmentCompatability23_ts has expected errors matching assignmentCompatability23_errors_txt[jvm] FAILED

<test-failure test="com.xemantic.typescript.compiler.TypeScriptCompilerTests_A.assignmentCompatability27_ts has expected errors matching assignmentCompatability27_errors_txt" platform="jvm">
<message>
Expected diagnostics from baseline typescript-repo/tests/baselines/reference/assignmentCompatability27.errors.txt but none produced
</message>
<stacktrace>
  at com.xemantic.typescript.compiler.TypeScriptTestSupportKt.errorsMatchBaseline(TypeScriptTestSupport.kt:125)
  at com.xemantic.typescript.compiler.TypeScriptCompilerTests_A.assignmentCompatability27_ts has expected errors matching assignmentCompatability27_errors_txt(TypeScriptCompilerTests_A.kt:3493)
  at java.base/jdk.internal.reflect.DirectMethodHandleAccessor.invoke(DirectMethodHandleAccessor.java:104)
  at java.base/java.lang.reflect.Method.invoke(Method.java:565)
  at org.junit.runners.model.FrameworkMethod$1.runReflectiveCall(FrameworkMethod.java:59)
  at org.junit.internal.runners.model.ReflectiveCallable.run(ReflectiveCallable.java:12)
  at org.junit.runners.model.FrameworkMethod.invokeExplosively(FrameworkMethod.java:56)
  at org.junit.internal.runners.statements.InvokeMethod.evaluate(InvokeMethod.java:17)
  at org.junit.runners.ParentRunner$3.evaluate(ParentRunner.java:306)
  at org.junit.runners.BlockJUnit4ClassRunner$1.evaluate(BlockJUnit4ClassRunner.java:100)
  at org.junit.runners.ParentRunner.runLeaf(ParentRunner.java:366)
  at org.junit.runners.BlockJUnit4ClassRunner.runChild(BlockJUnit4ClassRunner.java:103)
  at org.junit.runners.BlockJUnit4ClassRunner.runChild(BlockJUnit4ClassRunner.java:63)
  at org.junit.runners.ParentRunner$4.run(ParentRunner.java:331)
  at org.junit.runners.ParentRunner$1.schedule(ParentRunner.java:79)
  at org.junit.runners.ParentRunner.runChildren(ParentRunner.java:329)
  at org.junit.runners.ParentRunner.access$100(ParentRunner.java:66)
  at org.junit.runners.ParentRunner$2.evaluate(ParentRunner.java:293)
  at org.junit.runners.ParentRunner$3.evaluate(ParentRunner.java:306)
  at org.junit.runners.ParentRunner.run(ParentRunner.java:413)
  at org.junit.runner.JUnitCore.run(JUnitCore.java:137)
  at org.junit.runner.JUnitCore.run(JUnitCore.java:115)
  at org.gradle.api.internal.tasks.testing.junit.JUnitTestExecutor.runRequest(JUnitTestExecutor.java:175)
  at org.gradle.api.internal.tasks.testing.junit.JUnitTestExecutor.accept(JUnitTestExecutor.java:84)
  at org.gradle.api.internal.tasks.testing.junit.JUnitTestExecutor.accept(JUnitTestExecutor.java:47)
  at org.gradle.api.internal.tasks.testing.junit.AbstractJUnitTestDefinitionProcessor.processTestDefinition(AbstractJUnitTestDefinitionProcessor.java:65)
  at org.gradle.api.internal.tasks.testing.SuiteTestDefinitionProcessor.processTestDefinition(SuiteTestDefinitionProcessor.java:54)
  at java.base/jdk.internal.reflect.DirectMethodHandleAccessor.invoke(DirectMethodHandleAccessor.java:104)
  at java.base/java.lang.reflect.Method.invoke(Method.java:565)
  at org.gradle.internal.dispatch.MethodInvocation.invokeOn(MethodInvocation.java:77)
  at org.gradle.internal.dispatch.ReflectionDispatch.dispatch(ReflectionDispatch.java:28)
  at org.gradle.internal.dispatch.ReflectionDispatch.dispatch(ReflectionDispatch.java:19)
  at org.gradle.internal.dispatch.ContextClassLoaderDispatch.dispatch(ContextClassLoaderDispatch.java:33)
  at org.gradle.internal.dispatch.ProxyDispatchAdapter$DispatchingInvocationHandler.invoke(ProxyDispatchAdapter.java:88)
  at jdk.proxy1/jdk.proxy1.$Proxy4.processTestDefinition(Unknown Source)
  at org.gradle.api.internal.tasks.testing.worker.TestWorker$2.run(TestWorker.java:178)
  at org.gradle.api.internal.tasks.testing.worker.TestWorker.executeAndMaintainThreadName(TestWorker.java:126)
  at org.gradle.api.internal.tasks.testing.worker.TestWorker.execute(TestWorker.java:103)
  at org.gradle.api.internal.tasks.testing.worker.TestWorker.execute(TestWorker.java:63)
  at org.gradle.process.internal.worker.child.ActionExecutionWorker.execute(ActionExecutionWorker.java:56)
  at org.gradle.process.internal.worker.child.SystemApplicationClassLoaderWorker.call(SystemApplicationClassLoaderWorker.java:122)
  at org.gradle.process.internal.worker.child.SystemApplicationClassLoaderWorker.call(SystemApplicationClassLoaderWorker.java:72)
  at worker.org.gradle.process.internal.worker.GradleWorkerMain.run(GradleWorkerMain.java:69)
  at worker.org.gradle.process.internal.worker.GradleWorkerMain.main(GradleWorkerMain.java:74)
</stacktrace>
</test-failure>


TypeScriptCompilerTests_A[jvm] > assignmentCompatability27_ts has expected errors matching assignmentCompatability27_errors_txt[jvm] FAILED

<test-failure test="com.xemantic.typescript.compiler.TypeScriptCompilerTests_A.arithmeticOnInvalidTypes2_ts has expected errors matching arithmeticOnInvalidTypes2_errors_txt" platform="jvm">
<message>
Expected diagnostics from baseline typescript-repo/tests/baselines/reference/arithmeticOnInvalidTypes2.errors.txt but none produced
</message>
<stacktrace>
  at com.xemantic.typescript.compiler.TypeScriptTestSupportKt.errorsMatchBaseline(TypeScriptTestSupport.kt:125)
  at com.xemantic.typescript.compiler.TypeScriptCompilerTests_A.arithmeticOnInvalidTypes2_ts has expected errors matching arithmeticOnInvalidTypes2_errors_txt(TypeScriptCompilerTests_A.kt:2149)
  at java.base/jdk.internal.reflect.DirectMethodHandleAccessor.invoke(DirectMethodHandleAccessor.java:104)
  at java.base/java.lang.reflect.Method.invoke(Method.java:565)
  at org.junit.runners.model.FrameworkMethod$1.runReflectiveCall(FrameworkMethod.java:59)
  at org.junit.internal.runners.model.ReflectiveCallable.run(ReflectiveCallable.java:12)
  at org.junit.runners.model.FrameworkMethod.invokeExplosively(FrameworkMethod.java:56)
  at org.junit.internal.runners.statements.InvokeMethod.evaluate(InvokeMethod.java:17)
  at org.junit.runners.ParentRunner$3.evaluate(ParentRunner.java:306)
  at org.junit.runners.BlockJUnit4ClassRunner$1.evaluate(BlockJUnit4ClassRunner.java:100)
  at org.junit.runners.ParentRunner.runLeaf(ParentRunner.java:366)
  at org.junit.runners.BlockJUnit4ClassRunner.runChild(BlockJUnit4ClassRunner.java:103)
  at org.junit.runners.BlockJUnit4ClassRunner.runChild(BlockJUnit4ClassRunner.java:63)
  at org.junit.runners.ParentRunner$4.run(ParentRunner.java:331)
  at org.junit.runners.ParentRunner$1.schedule(ParentRunner.java:79)
  at org.junit.runners.ParentRunner.runChildren(ParentRunner.java:329)
  at org.junit.runners.ParentRunner.access$100(ParentRunner.java:66)
  at org.junit.runners.ParentRunner$2.evaluate(ParentRunner.java:293)
  at org.junit.runners.ParentRunner$3.evaluate(ParentRunner.java:306)
  at org.junit.runners.ParentRunner.run(ParentRunner.java:413)
  at org.junit.runner.JUnitCore.run(JUnitCore.java:137)
  at org.junit.runner.JUnitCore.run(JUnitCore.java:115)
  at org.gradle.api.internal.tasks.testing.junit.JUnitTestExecutor.runRequest(JUnitTestExecutor.java:175)
  at org.gradle.api.internal.tasks.testing.junit.JUnitTestExecutor.accept(JUnitTestExecutor.java:84)
  at org.gradle.api.internal.tasks.testing.junit.JUnitTestExecutor.accept(JUnitTestExecutor.java:47)
  at org.gradle.api.internal.tasks.testing.junit.AbstractJUnitTestDefinitionProcessor.processTestDefinition(AbstractJUnitTestDefinitionProcessor.java:65)
  at org.gradle.api.internal.tasks.testing.SuiteTestDefinitionProcessor.processTestDefinition(SuiteTestDefinitionProcessor.java:54)
  at java.base/jdk.internal.reflect.DirectMethodHandleAccessor.invoke(DirectMethodHandleAccessor.java:104)
  at java.base/java.lang.reflect.Method.invoke(Method.java:565)
  at org.gradle.internal.dispatch.MethodInvocation.invokeOn(MethodInvocation.java:77)
  at org.gradle.internal.dispatch.ReflectionDispatch.dispatch(ReflectionDispatch.java:28)
  at org.gradle.internal.dispatch.ReflectionDispatch.dispatch(ReflectionDispatch.java:19)
  at org.gradle.internal.dispatch.ContextClassLoaderDispatch.dispatch(ContextClassLoaderDispatch.java:33)
  at org.gradle.internal.dispatch.ProxyDispatchAdapter$DispatchingInvocationHandler.invoke(ProxyDispatchAdapter.java:88)
  at jdk.proxy1/jdk.proxy1.$Proxy4.processTestDefinition(Unknown Source)
  at org.gradle.api.internal.tasks.testing.worker.TestWorker$2.run(TestWorker.java:178)
  at org.gradle.api.internal.tasks.testing.worker.TestWorker.executeAndMaintainThreadName(TestWorker.java:126)
  at org.gradle.api.internal.tasks.testing.worker.TestWorker.execute(TestWorker.java:103)
  at org.gradle.api.internal.tasks.testing.worker.TestWorker.execute(TestWorker.java:63)
  at org.gradle.process.internal.worker.child.ActionExecutionWorker.execute(ActionExecutionWorker.java:56)
  at org.gradle.process.internal.worker.child.SystemApplicationClassLoaderWorker.call(SystemApplicationClassLoaderWorker.java:122)
  at org.gradle.process.internal.worker.child.SystemApplicationClassLoaderWorker.call(SystemApplicationClassLoaderWorker.java:72)
  at worker.org.gradle.process.internal.worker.GradleWorkerMain.run(GradleWorkerMain.java:69)
  at worker.org.gradle.process.internal.worker.GradleWorkerMain.main(GradleWorkerMain.java:74)
</stacktrace>
</test-failure>


TypeScriptCompilerTests_A[jvm] > arithmeticOnInvalidTypes2_ts has expected errors matching arithmeticOnInvalidTypes2_errors_txt[jvm] FAILED

<test-failure test="com.xemantic.typescript.compiler.TypeScriptCompilerTests_A.awaitedTypeNoLib_ts has expected errors matching awaitedTypeNoLib_errors_txt" platform="jvm">
<message>
Expected diagnostics from baseline typescript-repo/tests/baselines/reference/awaitedTypeNoLib.errors.txt but none produced
</message>
<stacktrace>
  at com.xemantic.typescript.compiler.TypeScriptTestSupportKt.errorsMatchBaseline(TypeScriptTestSupport.kt:125)
  at com.xemantic.typescript.compiler.TypeScriptCompilerTests_A.awaitedTypeNoLib_ts has expected errors matching awaitedTypeNoLib_errors_txt(TypeScriptCompilerTests_A.kt:4739)
  at java.base/jdk.internal.reflect.DirectMethodHandleAccessor.invoke(DirectMethodHandleAccessor.java:104)
  at java.base/java.lang.reflect.Method.invoke(Method.java:565)
  at org.junit.runners.model.FrameworkMethod$1.runReflectiveCall(FrameworkMethod.java:59)
  at org.junit.internal.runners.model.ReflectiveCallable.run(ReflectiveCallable.java:12)
  at org.junit.runners.model.FrameworkMethod.invokeExplosively(FrameworkMethod.java:56)
  at org.junit.internal.runners.statements.InvokeMethod.evaluate(InvokeMethod.java:17)
  at org.junit.runners.ParentRunner$3.evaluate(ParentRunner.java:306)
  at org.junit.runners.BlockJUnit4ClassRunner$1.evaluate(BlockJUnit4ClassRunner.java:100)
  at org.junit.runners.ParentRunner.runLeaf(ParentRunner.java:366)
  at org.junit.runners.BlockJUnit4ClassRunner.runChild(BlockJUnit4ClassRunner.java:103)
  at org.junit.runners.BlockJUnit4ClassRunner.runChild(BlockJUnit4ClassRunner.java:63)
  at org.junit.runners.ParentRunner$4.run(ParentRunner.java:331)
  at org.junit.runners.ParentRunner$1.schedule(ParentRunner.java:79)
  at org.junit.runners.ParentRunner.runChildren(ParentRunner.java:329)
  at org.junit.runners.ParentRunner.access$100(ParentRunner.java:66)
  at org.junit.runners.ParentRunner$2.evaluate(ParentRunner.java:293)
  at org.junit.runners.ParentRunner$3.evaluate(ParentRunner.java:306)
  at org.junit.runners.ParentRunner.run(ParentRunner.java:413)
  at org.junit.runner.JUnitCore.run(JUnitCore.java:137)
  at org.junit.runner.JUnitCore.run(JUnitCore.java:115)
  at org.gradle.api.internal.tasks.testing.junit.JUnitTestExecutor.runRequest(JUnitTestExecutor.java:175)
  at org.gradle.api.internal.tasks.testing.junit.JUnitTestExecutor.accept(JUnitTestExecutor.java:84)
  at org.gradle.api.internal.tasks.testing.junit.JUnitTestExecutor.accept(JUnitTestExecutor.java:47)
  at org.gradle.api.internal.tasks.testing.junit.AbstractJUnitTestDefinitionProcessor.processTestDefinition(AbstractJUnitTestDefinitionProcessor.java:65)
  at org.gradle.api.internal.tasks.testing.SuiteTestDefinitionProcessor.processTestDefinition(SuiteTestDefinitionProcessor.java:54)
  at java.base/jdk.internal.reflect.DirectMethodHandleAccessor.invoke(DirectMethodHandleAccessor.java:104)
  at java.base/java.lang.reflect.Method.invoke(Method.java:565)
  at org.gradle.internal.dispatch.MethodInvocation.invokeOn(MethodInvocation.java:77)
  at org.gradle.internal.dispatch.ReflectionDispatch.dispatch(ReflectionDispatch.java:28)
  at org.gradle.internal.dispatch.ReflectionDispatch.dispatch(ReflectionDispatch.java:19)
  at org.gradle.internal.dispatch.ContextClassLoaderDispatch.dispatch(ContextClassLoaderDispatch.java:33)
  at org.gradle.internal.dispatch.ProxyDispatchAdapter$DispatchingInvocationHandler.invoke(ProxyDispatchAdapter.java:88)
  at jdk.proxy1/jdk.proxy1.$Proxy4.processTestDefinition(Unknown Source)
  at org.gradle.api.internal.tasks.testing.worker.TestWorker$2.run(TestWorker.java:178)
  at org.gradle.api.internal.tasks.testing.worker.TestWorker.executeAndMaintainThreadName(TestWorker.java:126)
  at org.gradle.api.internal.tasks.testing.worker.TestWorker.execute(TestWorker.java:103)
  at org.gradle.api.internal.tasks.testing.worker.TestWorker.execute(TestWorker.java:63)
  at org.gradle.process.internal.worker.child.ActionExecutionWorker.execute(ActionExecutionWorker.java:56)
  at org.gradle.process.internal.worker.child.SystemApplicationClassLoaderWorker.call(SystemApplicationClassLoaderWorker.java:122)
  at org.gradle.process.internal.worker.child.SystemApplicationClassLoaderWorker.call(SystemApplicationClassLoaderWorker.java:72)
  at worker.org.gradle.process.internal.worker.GradleWorkerMain.run(GradleWorkerMain.java:69)
  at worker.org.gradle.process.internal.worker.GradleWorkerMain.main(GradleWorkerMain.java:74)
</stacktrace>
</test-failure>


TypeScriptCompilerTests_A[jvm] > awaitedTypeNoLib_ts has expected errors matching awaitedTypeNoLib_errors_txt[jvm] FAILED

<test-failure test="com.xemantic.typescript.compiler.TypeScriptCompilerTests_A.amdModuleName2_ts has expected errors matching amdModuleName2_errors_txt" platform="jvm">
<message>
--- expected
+++ actual
@@ -1,13 +1,10 @@
 error TS5107: Option 'module=AMD' is deprecated and will stop functioning in TypeScript 7.0. Specify compilerOption '"ignoreDeprecations": "6.0"' to silence this error.
-amdModuleName2.ts(2,1): error TS2458: An AMD module cannot have multiple name assignments.
 
 
 !!! error TS5107: Option 'module=AMD' is deprecated and will stop functioning in TypeScript 7.0. Specify compilerOption '"ignoreDeprecations": "6.0"' to silence this error.
-==== amdModuleName2.ts (1 errors) ====
+==== amdModuleName2.ts (0 errors) ====
     ///<amd-module name='FirstModuleName'/>
     ///<amd-module name='SecondModuleName'/>
-    ~~~~~~~~~~~~~~~~~~~~~~~~~~~~~~~~~~~~~~~~
-!!! error TS2458: An AMD module cannot have multiple name assignments.
     class Foo {
         x: number;
         constructor() {

</message>
<stacktrace>
  at org.junit.Assert.fail(Assert.java:89)
  at kotlin.test.junit.JUnitAsserter.fail(JUnitSupport.kt:56)
  at kotlin.test.AssertionsKt__AssertionsKt.fail(Assertions.kt:563)
  at kotlin.test.AssertionsKt.fail(Unknown Source)
  at com.xemantic.kotlin.test.SameAsKt.sameAs(SameAs.kt:52)
  at com.xemantic.typescript.compiler.TypeScriptTestSupportKt.errorsMatchBaseline(TypeScriptTestSupport.kt:135)
  at com.xemantic.typescript.compiler.TypeScriptCompilerTests_A.amdModuleName2_ts has expected errors matching amdModuleName2_errors_txt(TypeScriptCompilerTests_A.kt:1631)
  at java.base/jdk.internal.reflect.DirectMethodHandleAccessor.invoke(DirectMethodHandleAccessor.java:104)
  at java.base/java.lang.reflect.Method.invoke(Method.java:565)
  at org.junit.runners.model.FrameworkMethod$1.runReflectiveCall(FrameworkMethod.java:59)
  at org.junit.internal.runners.model.ReflectiveCallable.run(ReflectiveCallable.java:12)
  at org.junit.runners.model.FrameworkMethod.invokeExplosively(FrameworkMethod.java:56)
  at org.junit.internal.runners.statements.InvokeMethod.evaluate(InvokeMethod.java:17)
  at org.junit.runners.ParentRunner$3.evaluate(ParentRunner.java:306)
  at org.junit.runners.BlockJUnit4ClassRunner$1.evaluate(BlockJUnit4ClassRunner.java:100)
  at org.junit.runners.ParentRunner.runLeaf(ParentRunner.java:366)
  at org.junit.runners.BlockJUnit4ClassRunner.runChild(BlockJUnit4ClassRunner.java:103)
  at org.junit.runners.BlockJUnit4ClassRunner.runChild(BlockJUnit4ClassRunner.java:63)
  at org.junit.runners.ParentRunner$4.run(ParentRunner.java:331)
  at org.junit.runners.ParentRunner$1.schedule(ParentRunner.java:79)
  at org.junit.runners.ParentRunner.runChildren(ParentRunner.java:329)
  at org.junit.runners.ParentRunner.access$100(ParentRunner.java:66)
  at org.junit.runners.ParentRunner$2.evaluate(ParentRunner.java:293)
  at org.junit.runners.ParentRunner$3.evaluate(ParentRunner.java:306)
  at org.junit.runners.ParentRunner.run(ParentRunner.java:413)
  at org.junit.runner.JUnitCore.run(JUnitCore.java:137)
  at org.junit.runner.JUnitCore.run(JUnitCore.java:115)
  at org.gradle.api.internal.tasks.testing.junit.JUnitTestExecutor.runRequest(JUnitTestExecutor.java:175)
  at org.gradle.api.internal.tasks.testing.junit.JUnitTestExecutor.accept(JUnitTestExecutor.java:84)
  at org.gradle.api.internal.tasks.testing.junit.JUnitTestExecutor.accept(JUnitTestExecutor.java:47)
  at org.gradle.api.internal.tasks.testing.junit.AbstractJUnitTestDefinitionProcessor.processTestDefinition(AbstractJUnitTestDefinitionProcessor.java:65)
  at org.gradle.api.internal.tasks.testing.SuiteTestDefinitionProcessor.processTestDefinition(SuiteTestDefinitionProcessor.java:54)
  at java.base/jdk.internal.reflect.DirectMethodHandleAccessor.invoke(DirectMethodHandleAccessor.java:104)
  at java.base/java.lang.reflect.Method.invoke(Method.java:565)
  at org.gradle.internal.dispatch.MethodInvocation.invokeOn(MethodInvocation.java:77)
  at org.gradle.internal.dispatch.ReflectionDispatch.dispatch(ReflectionDispatch.java:28)
  at org.gradle.internal.dispatch.ReflectionDispatch.dispatch(ReflectionDispatch.java:19)
  at org.gradle.internal.dispatch.ContextClassLoaderDispatch.dispatch(ContextClassLoaderDispatch.java:33)
  at org.gradle.internal.dispatch.ProxyDispatchAdapter$DispatchingInvocationHandler.invoke(ProxyDispatchAdapter.java:88)
  at jdk.proxy1/jdk.proxy1.$Proxy4.processTestDefinition(Unknown Source)
  at org.gradle.api.internal.tasks.testing.worker.TestWorker$2.run(TestWorker.java:178)
  at org.gradle.api.internal.tasks.testing.worker.TestWorker.executeAndMaintainThreadName(TestWorker.java:126)
  at org.gradle.api.internal.tasks.testing.worker.TestWorker.execute(TestWorker.java:103)
  at org.gradle.api.internal.tasks.testing.worker.TestWorker.execute(TestWorker.java:63)
  at org.gradle.process.internal.worker.child.ActionExecutionWorker.execute(ActionExecutionWorker.java:56)
  at org.gradle.process.internal.worker.child.SystemApplicationClassLoaderWorker.call(SystemApplicationClassLoaderWorker.java:122)
  at org.gradle.process.internal.worker.child.SystemApplicationClassLoaderWorker.call(SystemApplicationClassLoaderWorker.java:72)
  at worker.org.gradle.process.internal.worker.GradleWorkerMain.run(GradleWorkerMain.java:69)
  at worker.org.gradle.process.internal.worker.GradleWorkerMain.main(GradleWorkerMain.java:74)
</stacktrace>
</test-failure>


TypeScriptCompilerTests_A[jvm] > amdModuleName2_ts has expected errors matching amdModuleName2_errors_txt[jvm] FAILED

<test-failure test="com.xemantic.typescript.compiler.TypeScriptCompilerTests_A.assignmentStricterConstraints_ts has expected errors matching assignmentStricterConstraints_errors_txt" platform="jvm">
<message>
Expected diagnostics from baseline typescript-repo/tests/baselines/reference/assignmentStricterConstraints.errors.txt but none produced
</message>
<stacktrace>
  at com.xemantic.typescript.compiler.TypeScriptTestSupportKt.errorsMatchBaseline(TypeScriptTestSupport.kt:125)
  at com.xemantic.typescript.compiler.TypeScriptCompilerTests_A.assignmentStricterConstraints_ts has expected errors matching assignmentStricterConstraints_errors_txt(TypeScriptCompilerTests_A.kt:3913)
  at java.base/jdk.internal.reflect.DirectMethodHandleAccessor.invoke(DirectMethodHandleAccessor.java:104)
  at java.base/java.lang.reflect.Method.invoke(Method.java:565)
  at org.junit.runners.model.FrameworkMethod$1.runReflectiveCall(FrameworkMethod.java:59)
  at org.junit.internal.runners.model.ReflectiveCallable.run(ReflectiveCallable.java:12)
  at org.junit.runners.model.FrameworkMethod.invokeExplosively(FrameworkMethod.java:56)
  at org.junit.internal.runners.statements.InvokeMethod.evaluate(InvokeMethod.java:17)
  at org.junit.runners.ParentRunner$3.evaluate(ParentRunner.java:306)
  at org.junit.runners.BlockJUnit4ClassRunner$1.evaluate(BlockJUnit4ClassRunner.java:100)
  at org.junit.runners.ParentRunner.runLeaf(ParentRunner.java:366)
  at org.junit.runners.BlockJUnit4ClassRunner.runChild(BlockJUnit4ClassRunner.java:103)
  at org.junit.runners.BlockJUnit4ClassRunner.runChild(BlockJUnit4ClassRunner.java:63)
  at org.junit.runners.ParentRunner$4.run(ParentRunner.java:331)
  at org.junit.runners.ParentRunner$1.schedule(ParentRunner.java:79)
  at org.junit.runners.ParentRunner.runChildren(ParentRunner.java:329)
  at org.junit.runners.ParentRunner.access$100(ParentRunner.java:66)
  at org.junit.runners.ParentRunner$2.evaluate(ParentRunner.java:293)
  at org.junit.runners.ParentRunner$3.evaluate(ParentRunner.java:306)
  at org.junit.runners.ParentRunner.run(ParentRunner.java:413)
  at org.junit.runner.JUnitCore.run(JUnitCore.java:137)
  at org.junit.runner.JUnitCore.run(JUnitCore.java:115)
  at org.gradle.api.internal.tasks.testing.junit.JUnitTestExecutor.runRequest(JUnitTestExecutor.java:175)
  at org.gradle.api.internal.tasks.testing.junit.JUnitTestExecutor.accept(JUnitTestExecutor.java:84)
  at org.gradle.api.internal.tasks.testing.junit.JUnitTestExecutor.accept(JUnitTestExecutor.java:47)
  at org.gradle.api.internal.tasks.testing.junit.AbstractJUnitTestDefinitionProcessor.processTestDefinition(AbstractJUnitTestDefinitionProcessor.java:65)
  at org.gradle.api.internal.tasks.testing.SuiteTestDefinitionProcessor.processTestDefinition(SuiteTestDefinitionProcessor.java:54)
  at java.base/jdk.internal.reflect.DirectMethodHandleAccessor.invoke(DirectMethodHandleAccessor.java:104)
  at java.base/java.lang.reflect.Method.invoke(Method.java:565)
  at org.gradle.internal.dispatch.MethodInvocation.invokeOn(MethodInvocation.java:77)
  at org.gradle.internal.dispatch.ReflectionDispatch.dispatch(ReflectionDispatch.java:28)
  at org.gradle.internal.dispatch.ReflectionDispatch.dispatch(ReflectionDispatch.java:19)
  at org.gradle.internal.dispatch.ContextClassLoaderDispatch.dispatch(ContextClassLoaderDispatch.java:33)
  at org.gradle.internal.dispatch.ProxyDispatchAdapter$DispatchingInvocationHandler.invoke(ProxyDispatchAdapter.java:88)
  at jdk.proxy1/jdk.proxy1.$Proxy4.processTestDefinition(Unknown Source)
  at org.gradle.api.internal.tasks.testing.worker.TestWorker$2.run(TestWorker.java:178)
  at org.gradle.api.internal.tasks.testing.worker.TestWorker.executeAndMaintainThreadName(TestWorker.java:126)
  at org.gradle.api.internal.tasks.testing.worker.TestWorker.execute(TestWorker.java:103)
  at org.gradle.api.internal.tasks.testing.worker.TestWorker.execute(TestWorker.java:63)
  at org.gradle.process.internal.worker.child.ActionExecutionWorker.execute(ActionExecutionWorker.java:56)
  at org.gradle.process.internal.worker.child.SystemApplicationClassLoaderWorker.call(SystemApplicationClassLoaderWorker.java:122)
  at org.gradle.process.internal.worker.child.SystemApplicationClassLoaderWorker.call(SystemApplicationClassLoaderWorker.java:72)
  at worker.org.gradle.process.internal.worker.GradleWorkerMain.run(GradleWorkerMain.java:69)
  at worker.org.gradle.process.internal.worker.GradleWorkerMain.main(GradleWorkerMain.java:74)
</stacktrace>
</test-failure>


TypeScriptCompilerTests_A[jvm] > assignmentStricterConstraints_ts has expected errors matching assignmentStricterConstraints_errors_txt[jvm] FAILED

<test-failure test="com.xemantic.typescript.compiler.TypeScriptCompilerTests_A.arrayCast_ts has expected errors matching arrayCast_errors_txt" platform="jvm">
<message>
Expected diagnostics from baseline typescript-repo/tests/baselines/reference/arrayCast.errors.txt but none produced
</message>
<stacktrace>
  at com.xemantic.typescript.compiler.TypeScriptTestSupportKt.errorsMatchBaseline(TypeScriptTestSupport.kt:125)
  at com.xemantic.typescript.compiler.TypeScriptCompilerTests_A.arrayCast_ts has expected errors matching arrayCast_errors_txt(TypeScriptCompilerTests_A.kt:2310)
  at java.base/jdk.internal.reflect.DirectMethodHandleAccessor.invoke(DirectMethodHandleAccessor.java:104)
  at java.base/java.lang.reflect.Method.invoke(Method.java:565)
  at org.junit.runners.model.FrameworkMethod$1.runReflectiveCall(FrameworkMethod.java:59)
  at org.junit.internal.runners.model.ReflectiveCallable.run(ReflectiveCallable.java:12)
  at org.junit.runners.model.FrameworkMethod.invokeExplosively(FrameworkMethod.java:56)
  at org.junit.internal.runners.statements.InvokeMethod.evaluate(InvokeMethod.java:17)
  at org.junit.runners.ParentRunner$3.evaluate(ParentRunner.java:306)
  at org.junit.runners.BlockJUnit4ClassRunner$1.evaluate(BlockJUnit4ClassRunner.java:100)
  at org.junit.runners.ParentRunner.runLeaf(ParentRunner.java:366)
  at org.junit.runners.BlockJUnit4ClassRunner.runChild(BlockJUnit4ClassRunner.java:103)
  at org.junit.runners.BlockJUnit4ClassRunner.runChild(BlockJUnit4ClassRunner.java:63)
  at org.junit.runners.ParentRunner$4.run(ParentRunner.java:331)
  at org.junit.runners.ParentRunner$1.schedule(ParentRunner.java:79)
  at org.junit.runners.ParentRunner.runChildren(ParentRunner.java:329)
  at org.junit.runners.ParentRunner.access$100(ParentRunner.java:66)
  at org.junit.runners.ParentRunner$2.evaluate(ParentRunner.java:293)
  at org.junit.runners.ParentRunner$3.evaluate(ParentRunner.java:306)
  at org.junit.runners.ParentRunner.run(ParentRunner.java:413)
  at org.junit.runner.JUnitCore.run(JUnitCore.java:137)
  at org.junit.runner.JUnitCore.run(JUnitCore.java:115)
  at org.gradle.api.internal.tasks.testing.junit.JUnitTestExecutor.runRequest(JUnitTestExecutor.java:175)
  at org.gradle.api.internal.tasks.testing.junit.JUnitTestExecutor.accept(JUnitTestExecutor.java:84)
  at org.gradle.api.internal.tasks.testing.junit.JUnitTestExecutor.accept(JUnitTestExecutor.java:47)
  at org.gradle.api.internal.tasks.testing.junit.AbstractJUnitTestDefinitionProcessor.processTestDefinition(AbstractJUnitTestDefinitionProcessor.java:65)
  at org.gradle.api.internal.tasks.testing.SuiteTestDefinitionProcessor.processTestDefinition(SuiteTestDefinitionProcessor.java:54)
  at java.base/jdk.internal.reflect.DirectMethodHandleAccessor.invoke(DirectMethodHandleAccessor.java:104)
  at java.base/java.lang.reflect.Method.invoke(Method.java:565)
  at org.gradle.internal.dispatch.MethodInvocation.invokeOn(MethodInvocation.java:77)
  at org.gradle.internal.dispatch.ReflectionDispatch.dispatch(ReflectionDispatch.java:28)
  at org.gradle.internal.dispatch.ReflectionDispatch.dispatch(ReflectionDispatch.java:19)
  at org.gradle.internal.dispatch.ContextClassLoaderDispatch.dispatch(ContextClassLoaderDispatch.java:33)
  at org.gradle.internal.dispatch.ProxyDispatchAdapter$DispatchingInvocationHandler.invoke(ProxyDispatchAdapter.java:88)
  at jdk.proxy1/jdk.proxy1.$Proxy4.processTestDefinition(Unknown Source)
  at org.gradle.api.internal.tasks.testing.worker.TestWorker$2.run(TestWorker.java:178)
  at org.gradle.api.internal.tasks.testing.worker.TestWorker.executeAndMaintainThreadName(TestWorker.java:126)
  at org.gradle.api.internal.tasks.testing.worker.TestWorker.execute(TestWorker.java:103)
  at org.gradle.api.internal.tasks.testing.worker.TestWorker.execute(TestWorker.java:63)
  at org.gradle.process.internal.worker.child.ActionExecutionWorker.execute(ActionExecutionWorker.java:56)
  at org.gradle.process.internal.worker.child.SystemApplicationClassLoaderWorker.call(SystemApplicationClassLoaderWorker.java:122)
  at org.gradle.process.internal.worker.child.SystemApplicationClassLoaderWorker.call(SystemApplicationClassLoaderWorker.java:72)
  at worker.org.gradle.process.internal.worker.GradleWorkerMain.run(GradleWorkerMain.java:69)
  at worker.org.gradle.process.internal.worker.GradleWorkerMain.main(GradleWorkerMain.java:74)
</stacktrace>
</test-failure>


TypeScriptCompilerTests_A[jvm] > arrayCast_ts has expected errors matching arrayCast_errors_txt[jvm] FAILED

<test-failure test="com.xemantic.typescript.compiler.TypeScriptCompilerTests_A.assignmentCompatability30_ts has expected errors matching assignmentCompatability30_errors_txt" platform="jvm">
<message>
Expected diagnostics from baseline typescript-repo/tests/baselines/reference/assignmentCompatability30.errors.txt but none produced
</message>
<stacktrace>
  at com.xemantic.typescript.compiler.TypeScriptTestSupportKt.errorsMatchBaseline(TypeScriptTestSupport.kt:125)
  at com.xemantic.typescript.compiler.TypeScriptCompilerTests_A.assignmentCompatability30_ts has expected errors matching assignmentCompatability30_errors_txt(TypeScriptCompilerTests_A.kt:3542)
  at java.base/jdk.internal.reflect.DirectMethodHandleAccessor.invoke(DirectMethodHandleAccessor.java:104)
  at java.base/java.lang.reflect.Method.invoke(Method.java:565)
  at org.junit.runners.model.FrameworkMethod$1.runReflectiveCall(FrameworkMethod.java:59)
  at org.junit.internal.runners.model.ReflectiveCallable.run(ReflectiveCallable.java:12)
  at org.junit.runners.model.FrameworkMethod.invokeExplosively(FrameworkMethod.java:56)
  at org.junit.internal.runners.statements.InvokeMethod.evaluate(InvokeMethod.java:17)
  at org.junit.runners.ParentRunner$3.evaluate(ParentRunner.java:306)
  at org.junit.runners.BlockJUnit4ClassRunner$1.evaluate(BlockJUnit4ClassRunner.java:100)
  at org.junit.runners.ParentRunner.runLeaf(ParentRunner.java:366)
  at org.junit.runners.BlockJUnit4ClassRunner.runChild(BlockJUnit4ClassRunner.java:103)
  at org.junit.runners.BlockJUnit4ClassRunner.runChild(BlockJUnit4ClassRunner.java:63)
  at org.junit.runners.ParentRunner$4.run(ParentRunner.java:331)
  at org.junit.runners.ParentRunner$1.schedule(ParentRunner.java:79)
  at org.junit.runners.ParentRunner.runChildren(ParentRunner.java:329)
  at org.junit.runners.ParentRunner.access$100(ParentRunner.java:66)
  at org.junit.runners.ParentRunner$2.evaluate(ParentRunner.java:293)
  at org.junit.runners.ParentRunner$3.evaluate(ParentRunner.java:306)
  at org.junit.runners.ParentRunner.run(ParentRunner.java:413)
  at org.junit.runner.JUnitCore.run(JUnitCore.java:137)
  at org.junit.runner.JUnitCore.run(JUnitCore.java:115)
  at org.gradle.api.internal.tasks.testing.junit.JUnitTestExecutor.runRequest(JUnitTestExecutor.java:175)
  at org.gradle.api.internal.tasks.testing.junit.JUnitTestExecutor.accept(JUnitTestExecutor.java:84)
  at org.gradle.api.internal.tasks.testing.junit.JUnitTestExecutor.accept(JUnitTestExecutor.java:47)
  at org.gradle.api.internal.tasks.testing.junit.AbstractJUnitTestDefinitionProcessor.processTestDefinition(AbstractJUnitTestDefinitionProcessor.java:65)
  at org.gradle.api.internal.tasks.testing.SuiteTestDefinitionProcessor.processTestDefinition(SuiteTestDefinitionProcessor.java:54)
  at java.base/jdk.internal.reflect.DirectMethodHandleAccessor.invoke(DirectMethodHandleAccessor.java:104)
  at java.base/java.lang.reflect.Method.invoke(Method.java:565)
  at org.gradle.internal.dispatch.MethodInvocation.invokeOn(MethodInvocation.java:77)
  at org.gradle.internal.dispatch.ReflectionDispatch.dispatch(ReflectionDispatch.java:28)
  at org.gradle.internal.dispatch.ReflectionDispatch.dispatch(ReflectionDispatch.java:19)
  at org.gradle.internal.dispatch.ContextClassLoaderDispatch.dispatch(ContextClassLoaderDispatch.java:33)
  at org.gradle.internal.dispatch.ProxyDispatchAdapter$DispatchingInvocationHandler.invoke(ProxyDispatchAdapter.java:88)
  at jdk.proxy1/jdk.proxy1.$Proxy4.processTestDefinition(Unknown Source)
  at org.gradle.api.internal.tasks.testing.worker.TestWorker$2.run(TestWorker.java:178)
  at org.gradle.api.internal.tasks.testing.worker.TestWorker.executeAndMaintainThreadName(TestWorker.java:126)
  at org.gradle.api.internal.tasks.testing.worker.TestWorker.execute(TestWorker.java:103)
  at org.gradle.api.internal.tasks.testing.worker.TestWorker.execute(TestWorker.java:63)
  at org.gradle.process.internal.worker.child.ActionExecutionWorker.execute(ActionExecutionWorker.java:56)
  at org.gradle.process.internal.worker.child.SystemApplicationClassLoaderWorker.call(SystemApplicationClassLoaderWorker.java:122)
  at org.gradle.process.internal.worker.child.SystemApplicationClassLoaderWorker.call(SystemApplicationClassLoaderWorker.java:72)
  at worker.org.gradle.process.internal.worker.GradleWorkerMain.run(GradleWorkerMain.java:69)
  at worker.org.gradle.process.internal.worker.GradleWorkerMain.main(GradleWorkerMain.java:74)
</stacktrace>
</test-failure>


TypeScriptCompilerTests_A[jvm] > assignmentCompatability30_ts has expected errors matching assignmentCompatability30_errors_txt[jvm] FAILED

<test-failure test="com.xemantic.typescript.compiler.TypeScriptCompilerTests_A.arraySigChecking_ts has expected errors matching arraySigChecking_errors_txt" platform="jvm">
<message>
--- expected
+++ actual
@@ -1,10 +1,7 @@
-arraySigChecking.ts(11,17): error TS1268: An index signature parameter type must be 'string', 'number', 'symbol', or a template literal type.
-arraySigChecking.ts(18,27): error TS2322: Type 'void' is not assignable to type 'string'.
-arraySigChecking.ts(22,13): error TS2322: Type 'number' is not assignable to type 'number[]'.
-arraySigChecking.ts(22,16): error TS2322: Type 'number' is not assignable to type 'number[]'.
+arraySigChecking.ts(11,16): error TS1021: An index signature must have a type annotation.
 
 
-==== arraySigChecking.ts (4 errors) ====
+==== arraySigChecking.ts (1 errors) ====
     declare namespace M {
         interface iBar { t: any; }
         interface iFoo extends iBar {
@@ -16,8 +13,8 @@
         }
     
         var foo: { [index: any]; }; // expect an error here
-                    ~~~~~
-!!! error TS1268: An index signature parameter type must be 'string', 'number', 'symbol', or a template literal type.
+                   ~~~~~~~~~~~~~
+!!! error TS1021: An index signature must have a type annotation.
     }
     
     interface myInt {
@@ -25,16 +22,10 @@
     }
     declare var myVar: myInt;
     var strArray: string[] = [myVar.voidFn()];
-                              ~~~~~~~~~~~~~~
-!!! error TS2322: Type 'void' is not assignable to type 'string'.
     
     
     var myArray: number[][][];
     myArray = [[1, 2]];
-                ~
-!!! error TS2322: Type 'number' is not assignable to type 'number[]'.
-                   ~
-!!! error TS2322: Type 'number' is not assignable to type 'number[]'.
     
     function isEmpty(l: { length: number }) {
         return l.length === 0;

</message>
<stacktrace>
  at org.junit.Assert.fail(Assert.java:89)
  at kotlin.test.junit.JUnitAsserter.fail(JUnitSupport.kt:56)
  at kotlin.test.AssertionsKt__AssertionsKt.fail(Assertions.kt:563)
  at kotlin.test.AssertionsKt.fail(Unknown Source)
  at com.xemantic.kotlin.test.SameAsKt.sameAs(SameAs.kt:52)
  at com.xemantic.typescript.compiler.TypeScriptTestSupportKt.errorsMatchBaseline(TypeScriptTestSupport.kt:135)
  at com.xemantic.typescript.compiler.TypeScriptCompilerTests_A.arraySigChecking_ts has expected errors matching arraySigChecking_errors_txt(TypeScriptCompilerTests_A.kt:2646)
  at java.base/jdk.internal.reflect.DirectMethodHandleAccessor.invoke(DirectMethodHandleAccessor.java:104)
  at java.base/java.lang.reflect.Method.invoke(Method.java:565)
  at org.junit.runners.model.FrameworkMethod$1.runReflectiveCall(FrameworkMethod.java:59)
  at org.junit.internal.runners.model.ReflectiveCallable.run(ReflectiveCallable.java:12)
  at org.junit.runners.model.FrameworkMethod.invokeExplosively(FrameworkMethod.java:56)
  at org.junit.internal.runners.statements.InvokeMethod.evaluate(InvokeMethod.java:17)
  at org.junit.runners.ParentRunner$3.evaluate(ParentRunner.java:306)
  at org.junit.runners.BlockJUnit4ClassRunner$1.evaluate(BlockJUnit4ClassRunner.java:100)
  at org.junit.runners.ParentRunner.runLeaf(ParentRunner.java:366)
  at org.junit.runners.BlockJUnit4ClassRunner.runChild(BlockJUnit4ClassRunner.java:103)
  at org.junit.runners.BlockJUnit4ClassRunner.runChild(BlockJUnit4ClassRunner.java:63)
  at org.junit.runners.ParentRunner$4.run(ParentRunner.java:331)
  at org.junit.runners.ParentRunner$1.schedule(ParentRunner.java:79)
  at org.junit.runners.ParentRunner.runChildren(ParentRunner.java:329)
  at org.junit.runners.ParentRunner.access$100(ParentRunner.java:66)
  at org.junit.runners.ParentRunner$2.evaluate(ParentRunner.java:293)
  at org.junit.runners.ParentRunner$3.evaluate(ParentRunner.java:306)
  at org.junit.runners.ParentRunner.run(ParentRunner.java:413)
  at org.junit.runner.JUnitCore.run(JUnitCore.java:137)
  at org.junit.runner.JUnitCore.run(JUnitCore.java:115)
  at org.gradle.api.internal.tasks.testing.junit.JUnitTestExecutor.runRequest(JUnitTestExecutor.java:175)
  at org.gradle.api.internal.tasks.testing.junit.JUnitTestExecutor.accept(JUnitTestExecutor.java:84)
  at org.gradle.api.internal.tasks.testing.junit.JUnitTestExecutor.accept(JUnitTestExecutor.java:47)
  at org.gradle.api.internal.tasks.testing.junit.AbstractJUnitTestDefinitionProcessor.processTestDefinition(AbstractJUnitTestDefinitionProcessor.java:65)
  at org.gradle.api.internal.tasks.testing.SuiteTestDefinitionProcessor.processTestDefinition(SuiteTestDefinitionProcessor.java:54)
  at java.base/jdk.internal.reflect.DirectMethodHandleAccessor.invoke(DirectMethodHandleAccessor.java:104)
  at java.base/java.lang.reflect.Method.invoke(Method.java:565)
  at org.gradle.internal.dispatch.MethodInvocation.invokeOn(MethodInvocation.java:77)
  at org.gradle.internal.dispatch.ReflectionDispatch.dispatch(ReflectionDispatch.java:28)
  at org.gradle.internal.dispatch.ReflectionDispatch.dispatch(ReflectionDispatch.java:19)
  at org.gradle.internal.dispatch.ContextClassLoaderDispatch.dispatch(ContextClassLoaderDispatch.java:33)
  at org.gradle.internal.dispatch.ProxyDispatchAdapter$DispatchingInvocationHandler.invoke(ProxyDispatchAdapter.java:88)
  at jdk.proxy1/jdk.proxy1.$Proxy4.processTestDefinition(Unknown Source)
  at org.gradle.api.internal.tasks.testing.worker.TestWorker$2.run(TestWorker.java:178)
  at org.gradle.api.internal.tasks.testing.worker.TestWorker.executeAndMaintainThreadName(TestWorker.java:126)
  at org.gradle.api.internal.tasks.testing.worker.TestWorker.execute(TestWorker.java:103)
  at org.gradle.api.internal.tasks.testing.worker.TestWorker.execute(TestWorker.java:63)
  at org.gradle.process.internal.worker.child.ActionExecutionWorker.execute(ActionExecutionWorker.java:56)
  at org.gradle.process.internal.worker.child.SystemApplicationClassLoaderWorker.call(SystemApplicationClassLoaderWorker.java:122)
  at org.gradle.process.internal.worker.child.SystemApplicationClassLoaderWorker.call(SystemApplicationClassLoaderWorker.java:72)
  at worker.org.gradle.process.internal.worker.GradleWorkerMain.run(GradleWorkerMain.java:69)
  at worker.org.gradle.process.internal.worker.GradleWorkerMain.main(GradleWorkerMain.java:74)
</stacktrace>
</test-failure>


TypeScriptCompilerTests_A[jvm] > arraySigChecking_ts has expected errors matching arraySigChecking_errors_txt[jvm] FAILED

<test-failure test="com.xemantic.typescript.compiler.TypeScriptCompilerTests_A.arrayconcat_ts has expected errors matching arrayconcat_errors_txt" platform="jvm">
<message>
--- expected
+++ actual
@@ -1,9 +1,7 @@
 arrayconcat.ts(12,9): error TS2564: Property 'options' has no initializer and is not definitely assigned in the constructor.
-arrayconcat.ts(16,25): error TS18048: 'a.name' is possibly 'undefined'.
-arrayconcat.ts(17,25): error TS18048: 'b.name' is possibly 'undefined'.
 
 
-==== arrayconcat.ts (3 errors) ====
+==== arrayconcat.ts (1 errors) ====
     interface IOptions {
         name?: string;
         flag?: boolean;
@@ -22,11 +20,7 @@
     	public m() {
     		this.options = this.options.sort(function(a, b) {
                 var aName = a.name.toLowerCase();
-                            ~~~~~~
-!!! error TS18048: 'a.name' is possibly 'undefined'.
                 var bName = b.name.toLowerCase();
-                            ~~~~~~
-!!! error TS18048: 'b.name' is possibly 'undefined'.
     
                 if (aName > bName) {
                     return 1;

</message>
<stacktrace>
  at org.junit.Assert.fail(Assert.java:89)
  at kotlin.test.junit.JUnitAsserter.fail(JUnitSupport.kt:56)
  at kotlin.test.AssertionsKt__AssertionsKt.fail(Assertions.kt:563)
  at kotlin.test.AssertionsKt.fail(Unknown Source)
  at com.xemantic.kotlin.test.SameAsKt.sameAs(SameAs.kt:52)
  at com.xemantic.typescript.compiler.TypeScriptTestSupportKt.errorsMatchBaseline(TypeScriptTestSupport.kt:135)
  at com.xemantic.typescript.compiler.TypeScriptCompilerTests_A.arrayconcat_ts has expected errors matching arrayconcat_errors_txt(TypeScriptCompilerTests_A.kt:2709)
  at java.base/jdk.internal.reflect.DirectMethodHandleAccessor.invoke(DirectMethodHandleAccessor.java:104)
  at java.base/java.lang.reflect.Method.invoke(Method.java:565)
  at org.junit.runners.model.FrameworkMethod$1.runReflectiveCall(FrameworkMethod.java:59)
  at org.junit.internal.runners.model.ReflectiveCallable.run(ReflectiveCallable.java:12)
  at org.junit.runners.model.FrameworkMethod.invokeExplosively(FrameworkMethod.java:56)
  at org.junit.internal.runners.statements.InvokeMethod.evaluate(InvokeMethod.java:17)
  at org.junit.runners.ParentRunner$3.evaluate(ParentRunner.java:306)
  at org.junit.runners.BlockJUnit4ClassRunner$1.evaluate(BlockJUnit4ClassRunner.java:100)
  at org.junit.runners.ParentRunner.runLeaf(ParentRunner.java:366)
  at org.junit.runners.BlockJUnit4ClassRunner.runChild(BlockJUnit4ClassRunner.java:103)
  at org.junit.runners.BlockJUnit4ClassRunner.runChild(BlockJUnit4ClassRunner.java:63)
  at org.junit.runners.ParentRunner$4.run(ParentRunner.java:331)
  at org.junit.runners.ParentRunner$1.schedule(ParentRunner.java:79)
  at org.junit.runners.ParentRunner.runChildren(ParentRunner.java:329)
  at org.junit.runners.ParentRunner.access$100(ParentRunner.java:66)
  at org.junit.runners.ParentRunner$2.evaluate(ParentRunner.java:293)
  at org.junit.runners.ParentRunner$3.evaluate(ParentRunner.java:306)
  at org.junit.runners.ParentRunner.run(ParentRunner.java:413)
  at org.junit.runner.JUnitCore.run(JUnitCore.java:137)
  at org.junit.runner.JUnitCore.run(JUnitCore.java:115)
  at org.gradle.api.internal.tasks.testing.junit.JUnitTestExecutor.runRequest(JUnitTestExecutor.java:175)
  at org.gradle.api.internal.tasks.testing.junit.JUnitTestExecutor.accept(JUnitTestExecutor.java:84)
  at org.gradle.api.internal.tasks.testing.junit.JUnitTestExecutor.accept(JUnitTestExecutor.java:47)
  at org.gradle.api.internal.tasks.testing.junit.AbstractJUnitTestDefinitionProcessor.processTestDefinition(AbstractJUnitTestDefinitionProcessor.java:65)
  at org.gradle.api.internal.tasks.testing.SuiteTestDefinitionProcessor.processTestDefinition(SuiteTestDefinitionProcessor.java:54)
  at java.base/jdk.internal.reflect.DirectMethodHandleAccessor.invoke(DirectMethodHandleAccessor.java:104)
  at java.base/java.lang.reflect.Method.invoke(Method.java:565)
  at org.gradle.internal.dispatch.MethodInvocation.invokeOn(MethodInvocation.java:77)
  at org.gradle.internal.dispatch.ReflectionDispatch.dispatch(ReflectionDispatch.java:28)
  at org.gradle.internal.dispatch.ReflectionDispatch.dispatch(ReflectionDispatch.java:19)
  at org.gradle.internal.dispatch.ContextClassLoaderDispatch.dispatch(ContextClassLoaderDispatch.java:33)
  at org.gradle.internal.dispatch.ProxyDispatchAdapter$DispatchingInvocationHandler.invoke(ProxyDispatchAdapter.java:88)
  at jdk.proxy1/jdk.proxy1.$Proxy4.processTestDefinition(Unknown Source)
  at org.gradle.api.internal.tasks.testing.worker.TestWorker$2.run(TestWorker.java:178)
  at org.gradle.api.internal.tasks.testing.worker.TestWorker.executeAndMaintainThreadName(TestWorker.java:126)
  at org.gradle.api.internal.tasks.testing.worker.TestWorker.execute(TestWorker.java:103)
  at org.gradle.api.internal.tasks.testing.worker.TestWorker.execute(TestWorker.java:63)
  at org.gradle.process.internal.worker.child.ActionExecutionWorker.execute(ActionExecutionWorker.java:56)
  at org.gradle.process.internal.worker.child.SystemApplicationClassLoaderWorker.call(SystemApplicationClassLoaderWorker.java:122)
  at org.gradle.process.internal.worker.child.SystemApplicationClassLoaderWorker.call(SystemApplicationClassLoaderWorker.java:72)
  at worker.org.gradle.process.internal.worker.GradleWorkerMain.run(GradleWorkerMain.java:69)
  at worker.org.gradle.process.internal.worker.GradleWorkerMain.main(GradleWorkerMain.java:74)
</stacktrace>
</test-failure>


TypeScriptCompilerTests_A[jvm] > arrayconcat_ts has expected errors matching arrayconcat_errors_txt[jvm] FAILED

<test-failure test="com.xemantic.typescript.compiler.TypeScriptCompilerTests_A.assignmentCompatability34_ts has expected errors matching assignmentCompatability34_errors_txt" platform="jvm">
<message>
Expected diagnostics from baseline typescript-repo/tests/baselines/reference/assignmentCompatability34.errors.txt but none produced
</message>
<stacktrace>
  at com.xemantic.typescript.compiler.TypeScriptTestSupportKt.errorsMatchBaseline(TypeScriptTestSupport.kt:125)
  at com.xemantic.typescript.compiler.TypeScriptCompilerTests_A.assignmentCompatability34_ts has expected errors matching assignmentCompatability34_errors_txt(TypeScriptCompilerTests_A.kt:3598)
  at java.base/jdk.internal.reflect.DirectMethodHandleAccessor.invoke(DirectMethodHandleAccessor.java:104)
  at java.base/java.lang.reflect.Method.invoke(Method.java:565)
  at org.junit.runners.model.FrameworkMethod$1.runReflectiveCall(FrameworkMethod.java:59)
  at org.junit.internal.runners.model.ReflectiveCallable.run(ReflectiveCallable.java:12)
  at org.junit.runners.model.FrameworkMethod.invokeExplosively(FrameworkMethod.java:56)
  at org.junit.internal.runners.statements.InvokeMethod.evaluate(InvokeMethod.java:17)
  at org.junit.runners.ParentRunner$3.evaluate(ParentRunner.java:306)
  at org.junit.runners.BlockJUnit4ClassRunner$1.evaluate(BlockJUnit4ClassRunner.java:100)
  at org.junit.runners.ParentRunner.runLeaf(ParentRunner.java:366)
  at org.junit.runners.BlockJUnit4ClassRunner.runChild(BlockJUnit4ClassRunner.java:103)
  at org.junit.runners.BlockJUnit4ClassRunner.runChild(BlockJUnit4ClassRunner.java:63)
  at org.junit.runners.ParentRunner$4.run(ParentRunner.java:331)
  at org.junit.runners.ParentRunner$1.schedule(ParentRunner.java:79)
  at org.junit.runners.ParentRunner.runChildren(ParentRunner.java:329)
  at org.junit.runners.ParentRunner.access$100(ParentRunner.java:66)
  at org.junit.runners.ParentRunner$2.evaluate(ParentRunner.java:293)
  at org.junit.runners.ParentRunner$3.evaluate(ParentRunner.java:306)
  at org.junit.runners.ParentRunner.run(ParentRunner.java:413)
  at org.junit.runner.JUnitCore.run(JUnitCore.java:137)
  at org.junit.runner.JUnitCore.run(JUnitCore.java:115)
  at org.gradle.api.internal.tasks.testing.junit.JUnitTestExecutor.runRequest(JUnitTestExecutor.java:175)
  at org.gradle.api.internal.tasks.testing.junit.JUnitTestExecutor.accept(JUnitTestExecutor.java:84)
  at org.gradle.api.internal.tasks.testing.junit.JUnitTestExecutor.accept(JUnitTestExecutor.java:47)
  at org.gradle.api.internal.tasks.testing.junit.AbstractJUnitTestDefinitionProcessor.processTestDefinition(AbstractJUnitTestDefinitionProcessor.java:65)
  at org.gradle.api.internal.tasks.testing.SuiteTestDefinitionProcessor.processTestDefinition(SuiteTestDefinitionProcessor.java:54)
  at java.base/jdk.internal.reflect.DirectMethodHandleAccessor.invoke(DirectMethodHandleAccessor.java:104)
  at java.base/java.lang.reflect.Method.invoke(Method.java:565)
  at org.gradle.internal.dispatch.MethodInvocation.invokeOn(MethodInvocation.java:77)
  at org.gradle.internal.dispatch.ReflectionDispatch.dispatch(ReflectionDispatch.java:28)
  at org.gradle.internal.dispatch.ReflectionDispatch.dispatch(ReflectionDispatch.java:19)
  at org.gradle.internal.dispatch.ContextClassLoaderDispatch.dispatch(ContextClassLoaderDispatch.java:33)
  at org.gradle.internal.dispatch.ProxyDispatchAdapter$DispatchingInvocationHandler.invoke(ProxyDispatchAdapter.java:88)
  at jdk.proxy1/jdk.proxy1.$Proxy4.processTestDefinition(Unknown Source)
  at org.gradle.api.internal.tasks.testing.worker.TestWorker$2.run(TestWorker.java:178)
  at org.gradle.api.internal.tasks.testing.worker.TestWorker.executeAndMaintainThreadName(TestWorker.java:126)
  at org.gradle.api.internal.tasks.testing.worker.TestWorker.execute(TestWorker.java:103)
  at org.gradle.api.internal.tasks.testing.worker.TestWorker.execute(TestWorker.java:63)
  at org.gradle.process.internal.worker.child.ActionExecutionWorker.execute(ActionExecutionWorker.java:56)
  at org.gradle.process.internal.worker.child.SystemApplicationClassLoaderWorker.call(SystemApplicationClassLoaderWorker.java:122)
  at org.gradle.process.internal.worker.child.SystemApplicationClassLoaderWorker.call(SystemApplicationClassLoaderWorker.java:72)
  at worker.org.gradle.process.internal.worker.GradleWorkerMain.run(GradleWorkerMain.java:69)
  at worker.org.gradle.process.internal.worker.GradleWorkerMain.main(GradleWorkerMain.java:74)
</stacktrace>
</test-failure>


TypeScriptCompilerTests_A[jvm] > assignmentCompatability34_ts has expected errors matching assignmentCompatability34_errors_txt[jvm] FAILED

<test-failure test="com.xemantic.typescript.compiler.TypeScriptCompilerTests_A.abstractPropertyNegative_ts__target_es2015__has expected errors matching baseline" platform="jvm">
<message>
--- expected
+++ actual
@@ -1,20 +1,10 @@
-abstractPropertyNegative.ts(13,7): error TS2654: Non-abstract class 'C' is missing implementations for the following members of 'B': 'prop', 'readonlyProp', 'm', 'mismatch'.
-abstractPropertyNegative.ts(15,5): error TS1253: Abstract properties can only appear within an abstract class.
-abstractPropertyNegative.ts(16,37): error TS1005: '{' expected.
-abstractPropertyNegative.ts(19,3): error TS2540: Cannot assign to 'ro' because it is a read-only property.
 abstractPropertyNegative.ts(25,5): error TS2416: Property 'num' in type 'WrongTypePropertyImpl' is not assignable to the same property in base type 'WrongTypeProperty'.
   Type 'string' is not assignable to type 'number'.
-abstractPropertyNegative.ts(31,9): error TS2416: Property 'num' in type 'WrongTypeAccessorImpl' is not assignable to the same property in base type 'WrongTypeAccessor'.
-  Type 'string' is not assignable to type 'number'.
 abstractPropertyNegative.ts(34,5): error TS2416: Property 'num' in type 'WrongTypeAccessorImpl2' is not assignable to the same property in base type 'WrongTypeAccessor'.
   Type 'string' is not assignable to type 'number'.
-abstractPropertyNegative.ts(38,18): error TS2676: Accessors must both be abstract or non-abstract.
-abstractPropertyNegative.ts(39,9): error TS2676: Accessors must both be abstract or non-abstract.
-abstractPropertyNegative.ts(40,9): error TS2676: Accessors must both be abstract or non-abstract.
-abstractPropertyNegative.ts(41,18): error TS2676: Accessors must both be abstract or non-abstract.
 
 
-==== abstractPropertyNegative.ts (11 errors) ====
+==== abstractPropertyNegative.ts (2 errors) ====
     interface A {
         prop: string;
         m(): string;
@@ -28,20 +18,12 @@
         abstract set mismatch(val: number);
     }
     class C extends B {
-          ~
-!!! error TS2654: Non-abstract class 'C' is missing implementations for the following members of 'B': 'prop', 'readonlyProp', 'm', 'mismatch'.
         readonly ro = "readonly please";
         abstract notAllowed: string;
-        ~~~~~~~~
-!!! error TS1253: Abstract properties can only appear within an abstract class.
         get concreteWithNoBody(): string;
-                                        ~
-!!! error TS1005: '{' expected.
     }
     let c = new C();
     c.ro = "error: lhs of assignment can't be readonly";
-      ~~
-!!! error TS2540: Cannot assign to 'ro' because it is a read-only property.
     
     abstract class WrongTypeProperty {
         abstract num: number;
@@ -57,9 +39,6 @@
     }
     class WrongTypeAccessorImpl extends WrongTypeAccessor {
         get num() { return "nope, wrong"; }
-            ~~~
-!!! error TS2416: Property 'num' in type 'WrongTypeAccessorImpl' is not assignable to the same property in base type 'WrongTypeAccessor'.
-!!! error TS2416:   Type 'string' is not assignable to type 'number'.
     }
     class WrongTypeAccessorImpl2 extends WrongTypeAccessor {
         num = "nope, wrong";
@@ -70,15 +49,7 @@
     
     abstract class AbstractAccessorMismatch {
         abstract get p1(): string;
-                     ~~
-!!! error TS2676: Accessors must both be abstract or non-abstract.
         set p1(val: string) { };
-            ~~
-!!! error TS2676: Accessors must both be abstract or non-abstract.
         get p2(): string { return "should work"; }
-            ~~
-!!! error TS2676: Accessors must both be abstract or non-abstract.
         abstract set p2(val: string);
-                     ~~
-!!! error TS2676: Accessors must both be abstract or non-abstract.
     }

</message>
<stacktrace>
  at org.junit.Assert.fail(Assert.java:89)
  at kotlin.test.junit.JUnitAsserter.fail(JUnitSupport.kt:56)
  at kotlin.test.AssertionsKt__AssertionsKt.fail(Assertions.kt:563)
  at kotlin.test.AssertionsKt.fail(Unknown Source)
  at com.xemantic.kotlin.test.SameAsKt.sameAs(SameAs.kt:52)
  at com.xemantic.typescript.compiler.TypeScriptTestSupportKt.errorsMatchBaseline(TypeScriptTestSupport.kt:135)
  at com.xemantic.typescript.compiler.TypeScriptCompilerTests_A.abstractPropertyNegative_ts__target_es2015__has expected errors matching baseline(TypeScriptCompilerTests_A.kt:182)
  at java.base/jdk.internal.reflect.DirectMethodHandleAccessor.invoke(DirectMethodHandleAccessor.java:104)
  at java.base/java.lang.reflect.Method.invoke(Method.java:565)
  at org.junit.runners.model.FrameworkMethod$1.runReflectiveCall(FrameworkMethod.java:59)
  at org.junit.internal.runners.model.ReflectiveCallable.run(ReflectiveCallable.java:12)
  at org.junit.runners.model.FrameworkMethod.invokeExplosively(FrameworkMethod.java:56)
  at org.junit.internal.runners.statements.InvokeMethod.evaluate(InvokeMethod.java:17)
  at org.junit.runners.ParentRunner$3.evaluate(ParentRunner.java:306)
  at org.junit.runners.BlockJUnit4ClassRunner$1.evaluate(BlockJUnit4ClassRunner.java:100)
  at org.junit.runners.ParentRunner.runLeaf(ParentRunner.java:366)
  at org.junit.runners.BlockJUnit4ClassRunner.runChild(BlockJUnit4ClassRunner.java:103)
  at org.junit.runners.BlockJUnit4ClassRunner.runChild(BlockJUnit4ClassRunner.java:63)
  at org.junit.runners.ParentRunner$4.run(ParentRunner.java:331)
  at org.junit.runners.ParentRunner$1.schedule(ParentRunner.java:79)
  at org.junit.runners.ParentRunner.runChildren(ParentRunner.java:329)
  at org.junit.runners.ParentRunner.access$100(ParentRunner.java:66)
  at org.junit.runners.ParentRunner$2.evaluate(ParentRunner.java:293)
  at org.junit.runners.ParentRunner$3.evaluate(ParentRunner.java:306)
  at org.junit.runners.ParentRunner.run(ParentRunner.java:413)
  at org.junit.runner.JUnitCore.run(JUnitCore.java:137)
  at org.junit.runner.JUnitCore.run(JUnitCore.java:115)
  at org.gradle.api.internal.tasks.testing.junit.JUnitTestExecutor.runRequest(JUnitTestExecutor.java:175)
  at org.gradle.api.internal.tasks.testing.junit.JUnitTestExecutor.accept(JUnitTestExecutor.java:84)
  at org.gradle.api.internal.tasks.testing.junit.JUnitTestExecutor.accept(JUnitTestExecutor.java:47)
  at org.gradle.api.internal.tasks.testing.junit.AbstractJUnitTestDefinitionProcessor.processTestDefinition(AbstractJUnitTestDefinitionProcessor.java:65)
  at org.gradle.api.internal.tasks.testing.SuiteTestDefinitionProcessor.processTestDefinition(SuiteTestDefinitionProcessor.java:54)
  at java.base/jdk.internal.reflect.DirectMethodHandleAccessor.invoke(DirectMethodHandleAccessor.java:104)
  at java.base/java.lang.reflect.Method.invoke(Method.java:565)
  at org.gradle.internal.dispatch.MethodInvocation.invokeOn(MethodInvocation.java:77)
  at org.gradle.internal.dispatch.ReflectionDispatch.dispatch(ReflectionDispatch.java:28)
  at org.gradle.internal.dispatch.ReflectionDispatch.dispatch(ReflectionDispatch.java:19)
  at org.gradle.internal.dispatch.ContextClassLoaderDispatch.dispatch(ContextClassLoaderDispatch.java:33)
  at org.gradle.internal.dispatch.ProxyDispatchAdapter$DispatchingInvocationHandler.invoke(ProxyDispatchAdapter.java:88)
  at jdk.proxy1/jdk.proxy1.$Proxy4.processTestDefinition(Unknown Source)
  at org.gradle.api.internal.tasks.testing.worker.TestWorker$2.run(TestWorker.java:178)
  at org.gradle.api.internal.tasks.testing.worker.TestWorker.executeAndMaintainThreadName(TestWorker.java:126)
  at org.gradle.api.internal.tasks.testing.worker.TestWorker.execute(TestWorker.java:103)
  at org.gradle.api.internal.tasks.testing.worker.TestWorker.execute(TestWorker.java:63)
  at org.gradle.process.internal.worker.child.ActionExecutionWorker.execute(ActionExecutionWorker.java:56)
  at org.gradle.process.internal.worker.child.SystemApplicationClassLoaderWorker.call(SystemApplicationClassLoaderWorker.java:122)
  at org.gradle.process.internal.worker.child.SystemApplicationClassLoaderWorker.call(SystemApplicationClassLoaderWorker.java:72)
  at worker.org.gradle.process.internal.worker.GradleWorkerMain.run(GradleWorkerMain.java:69)
  at worker.org.gradle.process.internal.worker.GradleWorkerMain.main(GradleWorkerMain.java:74)
</stacktrace>
</test-failure>


TypeScriptCompilerTests_A[jvm] > abstractPropertyNegative_ts__target_es2015__has expected errors matching baseline[jvm] FAILED

<test-failure test="com.xemantic.typescript.compiler.TypeScriptCompilerTests_A.argumentsBindsToFunctionScopeArgumentList_ts__alwaysstrict_true__has expected errors matching baseline" platform="jvm">
<message>
--- expected
+++ actual
@@ -1,16 +1,10 @@
 argumentsBindsToFunctionScopeArgumentList.ts(1,5): error TS1100: Invalid use of 'arguments' in strict mode.
-argumentsBindsToFunctionScopeArgumentList.ts(3,5): error TS1100: Invalid use of 'arguments' in strict mode.
-argumentsBindsToFunctionScopeArgumentList.ts(3,5): error TS2322: Type 'number' is not assignable to type 'IArguments'.
 
 
-==== argumentsBindsToFunctionScopeArgumentList.ts (3 errors) ====
+==== argumentsBindsToFunctionScopeArgumentList.ts (1 errors) ====
     var arguments = 10;
         ~~~~~~~~~
 !!! error TS1100: Invalid use of 'arguments' in strict mode.
     function foo(a) {
         arguments = 10;  /// This shouldnt be of type number and result in error.
-        ~~~~~~~~~
-!!! error TS1100: Invalid use of 'arguments' in strict mode.
-        ~~~~~~~~~
-!!! error TS2322: Type 'number' is not assignable to type 'IArguments'.
     }

</message>
<stacktrace>
  at org.junit.Assert.fail(Assert.java:89)
  at kotlin.test.junit.JUnitAsserter.fail(JUnitSupport.kt:56)
  at kotlin.test.AssertionsKt__AssertionsKt.fail(Assertions.kt:563)
  at kotlin.test.AssertionsKt.fail(Unknown Source)
  at com.xemantic.kotlin.test.SameAsKt.sameAs(SameAs.kt:52)
  at com.xemantic.typescript.compiler.TypeScriptTestSupportKt.errorsMatchBaseline(TypeScriptTestSupport.kt:135)
  at com.xemantic.typescript.compiler.TypeScriptCompilerTests_A.argumentsBindsToFunctionScopeArgumentList_ts__alwaysstrict_true__has expected errors matching baseline(TypeScriptCompilerTests_A.kt:1848)
  at java.base/jdk.internal.reflect.DirectMethodHandleAccessor.invoke(DirectMethodHandleAccessor.java:104)
  at java.base/java.lang.reflect.Method.invoke(Method.java:565)
  at org.junit.runners.model.FrameworkMethod$1.runReflectiveCall(FrameworkMethod.java:59)
  at org.junit.internal.runners.model.ReflectiveCallable.run(ReflectiveCallable.java:12)
  at org.junit.runners.model.FrameworkMethod.invokeExplosively(FrameworkMethod.java:56)
  at org.junit.internal.runners.statements.InvokeMethod.evaluate(InvokeMethod.java:17)
  at org.junit.runners.ParentRunner$3.evaluate(ParentRunner.java:306)
  at org.junit.runners.BlockJUnit4ClassRunner$1.evaluate(BlockJUnit4ClassRunner.java:100)
  at org.junit.runners.ParentRunner.runLeaf(ParentRunner.java:366)
  at org.junit.runners.BlockJUnit4ClassRunner.runChild(BlockJUnit4ClassRunner.java:103)
  at org.junit.runners.BlockJUnit4ClassRunner.runChild(BlockJUnit4ClassRunner.java:63)
  at org.junit.runners.ParentRunner$4.run(ParentRunner.java:331)
  at org.junit.runners.ParentRunner$1.schedule(ParentRunner.java:79)
  at org.junit.runners.ParentRunner.runChildren(ParentRunner.java:329)
  at org.junit.runners.ParentRunner.access$100(ParentRunner.java:66)
  at org.junit.runners.ParentRunner$2.evaluate(ParentRunner.java:293)
  at org.junit.runners.ParentRunner$3.evaluate(ParentRunner.java:306)
  at org.junit.runners.ParentRunner.run(ParentRunner.java:413)
  at org.junit.runner.JUnitCore.run(JUnitCore.java:137)
  at org.junit.runner.JUnitCore.run(JUnitCore.java:115)
  at org.gradle.api.internal.tasks.testing.junit.JUnitTestExecutor.runRequest(JUnitTestExecutor.java:175)
  at org.gradle.api.internal.tasks.testing.junit.JUnitTestExecutor.accept(JUnitTestExecutor.java:84)
  at org.gradle.api.internal.tasks.testing.junit.JUnitTestExecutor.accept(JUnitTestExecutor.java:47)
  at org.gradle.api.internal.tasks.testing.junit.AbstractJUnitTestDefinitionProcessor.processTestDefinition(AbstractJUnitTestDefinitionProcessor.java:65)
  at org.gradle.api.internal.tasks.testing.SuiteTestDefinitionProcessor.processTestDefinition(SuiteTestDefinitionProcessor.java:54)
  at java.base/jdk.internal.reflect.DirectMethodHandleAccessor.invoke(DirectMethodHandleAccessor.java:104)
  at java.base/java.lang.reflect.Method.invoke(Method.java:565)
  at org.gradle.internal.dispatch.MethodInvocation.invokeOn(MethodInvocation.java:77)
  at org.gradle.internal.dispatch.ReflectionDispatch.dispatch(ReflectionDispatch.java:28)
  at org.gradle.internal.dispatch.ReflectionDispatch.dispatch(ReflectionDispatch.java:19)
  at org.gradle.internal.dispatch.ContextClassLoaderDispatch.dispatch(ContextClassLoaderDispatch.java:33)
  at org.gradle.internal.dispatch.ProxyDispatchAdapter$DispatchingInvocationHandler.invoke(ProxyDispatchAdapter.java:88)
  at jdk.proxy1/jdk.proxy1.$Proxy4.processTestDefinition(Unknown Source)
  at org.gradle.api.internal.tasks.testing.worker.TestWorker$2.run(TestWorker.java:178)
  at org.gradle.api.internal.tasks.testing.worker.TestWorker.executeAndMaintainThreadName(TestWorker.java:126)
  at org.gradle.api.internal.tasks.testing.worker.TestWorker.execute(TestWorker.java:103)
  at org.gradle.api.internal.tasks.testing.worker.TestWorker.execute(TestWorker.java:63)
  at org.gradle.process.internal.worker.child.ActionExecutionWorker.execute(ActionExecutionWorker.java:56)
  at org.gradle.process.internal.worker.child.SystemApplicationClassLoaderWorker.call(SystemApplicationClassLoaderWorker.java:122)
  at org.gradle.process.internal.worker.child.SystemApplicationClassLoaderWorker.call(SystemApplicationClassLoaderWorker.java:72)
  at worker.org.gradle.process.internal.worker.GradleWorkerMain.run(GradleWorkerMain.java:69)
  at worker.org.gradle.process.internal.worker.GradleWorkerMain.main(GradleWorkerMain.java:74)
</stacktrace>
</test-failure>


TypeScriptCompilerTests_A[jvm] > argumentsBindsToFunctionScopeArgumentList_ts__alwaysstrict_true__has expected errors matching baseline[jvm] FAILED

<test-failure test="com.xemantic.typescript.compiler.TypeScriptCompilerTests_A.assignmentCompatability38_ts has expected errors matching assignmentCompatability38_errors_txt" platform="jvm">
<message>
Expected diagnostics from baseline typescript-repo/tests/baselines/reference/assignmentCompatability38.errors.txt but none produced
</message>
<stacktrace>
  at com.xemantic.typescript.compiler.TypeScriptTestSupportKt.errorsMatchBaseline(TypeScriptTestSupport.kt:125)
  at com.xemantic.typescript.compiler.TypeScriptCompilerTests_A.assignmentCompatability38_ts has expected errors matching assignmentCompatability38_errors_txt(TypeScriptCompilerTests_A.kt:3654)
  at java.base/jdk.internal.reflect.DirectMethodHandleAccessor.invoke(DirectMethodHandleAccessor.java:104)
  at java.base/java.lang.reflect.Method.invoke(Method.java:565)
  at org.junit.runners.model.FrameworkMethod$1.runReflectiveCall(FrameworkMethod.java:59)
  at org.junit.internal.runners.model.ReflectiveCallable.run(ReflectiveCallable.java:12)
  at org.junit.runners.model.FrameworkMethod.invokeExplosively(FrameworkMethod.java:56)
  at org.junit.internal.runners.statements.InvokeMethod.evaluate(InvokeMethod.java:17)
  at org.junit.runners.ParentRunner$3.evaluate(ParentRunner.java:306)
  at org.junit.runners.BlockJUnit4ClassRunner$1.evaluate(BlockJUnit4ClassRunner.java:100)
  at org.junit.runners.ParentRunner.runLeaf(ParentRunner.java:366)
  at org.junit.runners.BlockJUnit4ClassRunner.runChild(BlockJUnit4ClassRunner.java:103)
  at org.junit.runners.BlockJUnit4ClassRunner.runChild(BlockJUnit4ClassRunner.java:63)
  at org.junit.runners.ParentRunner$4.run(ParentRunner.java:331)
  at org.junit.runners.ParentRunner$1.schedule(ParentRunner.java:79)
  at org.junit.runners.ParentRunner.runChildren(ParentRunner.java:329)
  at org.junit.runners.ParentRunner.access$100(ParentRunner.java:66)
  at org.junit.runners.ParentRunner$2.evaluate(ParentRunner.java:293)
  at org.junit.runners.ParentRunner$3.evaluate(ParentRunner.java:306)
  at org.junit.runners.ParentRunner.run(ParentRunner.java:413)
  at org.junit.runner.JUnitCore.run(JUnitCore.java:137)
  at org.junit.runner.JUnitCore.run(JUnitCore.java:115)
  at org.gradle.api.internal.tasks.testing.junit.JUnitTestExecutor.runRequest(JUnitTestExecutor.java:175)
  at org.gradle.api.internal.tasks.testing.junit.JUnitTestExecutor.accept(JUnitTestExecutor.java:84)
  at org.gradle.api.internal.tasks.testing.junit.JUnitTestExecutor.accept(JUnitTestExecutor.java:47)
  at org.gradle.api.internal.tasks.testing.junit.AbstractJUnitTestDefinitionProcessor.processTestDefinition(AbstractJUnitTestDefinitionProcessor.java:65)
  at org.gradle.api.internal.tasks.testing.SuiteTestDefinitionProcessor.processTestDefinition(SuiteTestDefinitionProcessor.java:54)
  at java.base/jdk.internal.reflect.DirectMethodHandleAccessor.invoke(DirectMethodHandleAccessor.java:104)
  at java.base/java.lang.reflect.Method.invoke(Method.java:565)
  at org.gradle.internal.dispatch.MethodInvocation.invokeOn(MethodInvocation.java:77)
  at org.gradle.internal.dispatch.ReflectionDispatch.dispatch(ReflectionDispatch.java:28)
  at org.gradle.internal.dispatch.ReflectionDispatch.dispatch(ReflectionDispatch.java:19)
  at org.gradle.internal.dispatch.ContextClassLoaderDispatch.dispatch(ContextClassLoaderDispatch.java:33)
  at org.gradle.internal.dispatch.ProxyDispatchAdapter$DispatchingInvocationHandler.invoke(ProxyDispatchAdapter.java:88)
  at jdk.proxy1/jdk.proxy1.$Proxy4.processTestDefinition(Unknown Source)
  at org.gradle.api.internal.tasks.testing.worker.TestWorker$2.run(TestWorker.java:178)
  at org.gradle.api.internal.tasks.testing.worker.TestWorker.executeAndMaintainThreadName(TestWorker.java:126)
  at org.gradle.api.internal.tasks.testing.worker.TestWorker.execute(TestWorker.java:103)
  at org.gradle.api.internal.tasks.testing.worker.TestWorker.execute(TestWorker.java:63)
  at org.gradle.process.internal.worker.child.ActionExecutionWorker.execute(ActionExecutionWorker.java:56)
  at org.gradle.process.internal.worker.child.SystemApplicationClassLoaderWorker.call(SystemApplicationClassLoaderWorker.java:122)
  at org.gradle.process.internal.worker.child.SystemApplicationClassLoaderWorker.call(SystemApplicationClassLoaderWorker.java:72)
  at worker.org.gradle.process.internal.worker.GradleWorkerMain.run(GradleWorkerMain.java:69)
  at worker.org.gradle.process.internal.worker.GradleWorkerMain.main(GradleWorkerMain.java:74)
</stacktrace>
</test-failure>


TypeScriptCompilerTests_A[jvm] > assignmentCompatability38_ts has expected errors matching assignmentCompatability38_errors_txt[jvm] FAILED

<test-failure test="com.xemantic.typescript.compiler.TypeScriptCompilerTests_A.ambientExternalModuleWithRelativeExternalImportDeclaration_ts has expected errors matching ambientExternalModuleWithRelativeExternalImportDeclaration_errors_txt" platform="jvm">
<message>
Expected diagnostics from baseline typescript-repo/tests/baselines/reference/ambientExternalModuleWithRelativeExternalImportDeclaration.errors.txt but none produced
</message>
<stacktrace>
  at com.xemantic.typescript.compiler.TypeScriptTestSupportKt.errorsMatchBaseline(TypeScriptTestSupport.kt:125)
  at com.xemantic.typescript.compiler.TypeScriptCompilerTests_A.ambientExternalModuleWithRelativeExternalImportDeclaration_ts has expected errors matching ambientExternalModuleWithRelativeExternalImportDeclaration_errors_txt(TypeScriptCompilerTests_A.kt:1274)
  at java.base/jdk.internal.reflect.DirectMethodHandleAccessor.invoke(DirectMethodHandleAccessor.java:104)
  at java.base/java.lang.reflect.Method.invoke(Method.java:565)
  at org.junit.runners.model.FrameworkMethod$1.runReflectiveCall(FrameworkMethod.java:59)
  at org.junit.internal.runners.model.ReflectiveCallable.run(ReflectiveCallable.java:12)
  at org.junit.runners.model.FrameworkMethod.invokeExplosively(FrameworkMethod.java:56)
  at org.junit.internal.runners.statements.InvokeMethod.evaluate(InvokeMethod.java:17)
  at org.junit.runners.ParentRunner$3.evaluate(ParentRunner.java:306)
  at org.junit.runners.BlockJUnit4ClassRunner$1.evaluate(BlockJUnit4ClassRunner.java:100)
  at org.junit.runners.ParentRunner.runLeaf(ParentRunner.java:366)
  at org.junit.runners.BlockJUnit4ClassRunner.runChild(BlockJUnit4ClassRunner.java:103)
  at org.junit.runners.BlockJUnit4ClassRunner.runChild(BlockJUnit4ClassRunner.java:63)
  at org.junit.runners.ParentRunner$4.run(ParentRunner.java:331)
  at org.junit.runners.ParentRunner$1.schedule(ParentRunner.java:79)
  at org.junit.runners.ParentRunner.runChildren(ParentRunner.java:329)
  at org.junit.runners.ParentRunner.access$100(ParentRunner.java:66)
  at org.junit.runners.ParentRunner$2.evaluate(ParentRunner.java:293)
  at org.junit.runners.ParentRunner$3.evaluate(ParentRunner.java:306)
  at org.junit.runners.ParentRunner.run(ParentRunner.java:413)
  at org.junit.runner.JUnitCore.run(JUnitCore.java:137)
  at org.junit.runner.JUnitCore.run(JUnitCore.java:115)
  at org.gradle.api.internal.tasks.testing.junit.JUnitTestExecutor.runRequest(JUnitTestExecutor.java:175)
  at org.gradle.api.internal.tasks.testing.junit.JUnitTestExecutor.accept(JUnitTestExecutor.java:84)
  at org.gradle.api.internal.tasks.testing.junit.JUnitTestExecutor.accept(JUnitTestExecutor.java:47)
  at org.gradle.api.internal.tasks.testing.junit.AbstractJUnitTestDefinitionProcessor.processTestDefinition(AbstractJUnitTestDefinitionProcessor.java:65)
  at org.gradle.api.internal.tasks.testing.SuiteTestDefinitionProcessor.processTestDefinition(SuiteTestDefinitionProcessor.java:54)
  at java.base/jdk.internal.reflect.DirectMethodHandleAccessor.invoke(DirectMethodHandleAccessor.java:104)
  at java.base/java.lang.reflect.Method.invoke(Method.java:565)
  at org.gradle.internal.dispatch.MethodInvocation.invokeOn(MethodInvocation.java:77)
  at org.gradle.internal.dispatch.ReflectionDispatch.dispatch(ReflectionDispatch.java:28)
  at org.gradle.internal.dispatch.ReflectionDispatch.dispatch(ReflectionDispatch.java:19)
  at org.gradle.internal.dispatch.ContextClassLoaderDispatch.dispatch(ContextClassLoaderDispatch.java:33)
  at org.gradle.internal.dispatch.ProxyDispatchAdapter$DispatchingInvocationHandler.invoke(ProxyDispatchAdapter.java:88)
  at jdk.proxy1/jdk.proxy1.$Proxy4.processTestDefinition(Unknown Source)
  at org.gradle.api.internal.tasks.testing.worker.TestWorker$2.run(TestWorker.java:178)
  at org.gradle.api.internal.tasks.testing.worker.TestWorker.executeAndMaintainThreadName(TestWorker.java:126)
  at org.gradle.api.internal.tasks.testing.worker.TestWorker.execute(TestWorker.java:103)
  at org.gradle.api.internal.tasks.testing.worker.TestWorker.execute(TestWorker.java:63)
  at org.gradle.process.internal.worker.child.ActionExecutionWorker.execute(ActionExecutionWorker.java:56)
  at org.gradle.process.internal.worker.child.SystemApplicationClassLoaderWorker.call(SystemApplicationClassLoaderWorker.java:122)
  at org.gradle.process.internal.worker.child.SystemApplicationClassLoaderWorker.call(SystemApplicationClassLoaderWorker.java:72)
  at worker.org.gradle.process.internal.worker.GradleWorkerMain.run(GradleWorkerMain.java:69)
  at worker.org.gradle.process.internal.worker.GradleWorkerMain.main(GradleWorkerMain.java:74)
</stacktrace>
</test-failure>


TypeScriptCompilerTests_A[jvm] > ambientExternalModuleWithRelativeExternalImportDeclaration_ts has expected errors matching ambientExternalModuleWithRelativeExternalImportDeclaration_errors_txt[jvm] FAILED

<test-failure test="com.xemantic.typescript.compiler.TypeScriptCompilerTests_A.accessorInAmbientContextES5_ts__target_es5__has expected errors matching baseline" platform="jvm">
<message>
--- expected
+++ actual
@@ -1,10 +1,9 @@
 error TS5107: Option 'target=ES5' is deprecated and will stop functioning in TypeScript 7.0. Specify compilerOption '"ignoreDeprecations": "6.0"' to silence this error.
 accessorInAmbientContextES5.ts(25,14): error TS2564: Property 'shouldError' has no initializer and is not definitely assigned in the constructor.
-accessorInAmbientContextES5.ts(25,14): error TS18045: Properties with the 'accessor' modifier are only available when targeting ECMAScript 2015 and higher.
 
 
 !!! error TS5107: Option 'target=ES5' is deprecated and will stop functioning in TypeScript 7.0. Specify compilerOption '"ignoreDeprecations": "6.0"' to silence this error.
-==== accessorInAmbientContextES5.ts (2 errors) ====
+==== accessorInAmbientContextES5.ts (1 errors) ====
     // Should allow accessor in ambient contexts even when targeting ES5
     
     declare class AmbientClass {
@@ -32,6 +31,4 @@
         accessor shouldError: string; // Should still error
                  ~~~~~~~~~~~
 !!! error TS2564: Property 'shouldError' has no initializer and is not definitely assigned in the constructor.
-                 ~~~~~~~~~~~
-!!! error TS18045: Properties with the 'accessor' modifier are only available when targeting ECMAScript 2015 and higher.
     }

</message>
<stacktrace>
  at org.junit.Assert.fail(Assert.java:89)
  at kotlin.test.junit.JUnitAsserter.fail(JUnitSupport.kt:56)
  at kotlin.test.AssertionsKt__AssertionsKt.fail(Assertions.kt:563)
  at kotlin.test.AssertionsKt.fail(Unknown Source)
  at com.xemantic.kotlin.test.SameAsKt.sameAs(SameAs.kt:52)
  at com.xemantic.typescript.compiler.TypeScriptTestSupportKt.errorsMatchBaseline(TypeScriptTestSupport.kt:135)
  at com.xemantic.typescript.compiler.TypeScriptCompilerTests_A.accessorInAmbientContextES5_ts__target_es5__has expected errors matching baseline(TypeScriptCompilerTests_A.kt:315)
  at java.base/jdk.internal.reflect.DirectMethodHandleAccessor.invoke(DirectMethodHandleAccessor.java:104)
  at java.base/java.lang.reflect.Method.invoke(Method.java:565)
  at org.junit.runners.model.FrameworkMethod$1.runReflectiveCall(FrameworkMethod.java:59)
  at org.junit.internal.runners.model.ReflectiveCallable.run(ReflectiveCallable.java:12)
  at org.junit.runners.model.FrameworkMethod.invokeExplosively(FrameworkMethod.java:56)
  at org.junit.internal.runners.statements.InvokeMethod.evaluate(InvokeMethod.java:17)
  at org.junit.runners.ParentRunner$3.evaluate(ParentRunner.java:306)
  at org.junit.runners.BlockJUnit4ClassRunner$1.evaluate(BlockJUnit4ClassRunner.java:100)
  at org.junit.runners.ParentRunner.runLeaf(ParentRunner.java:366)
  at org.junit.runners.BlockJUnit4ClassRunner.runChild(BlockJUnit4ClassRunner.java:103)
  at org.junit.runners.BlockJUnit4ClassRunner.runChild(BlockJUnit4ClassRunner.java:63)
  at org.junit.runners.ParentRunner$4.run(ParentRunner.java:331)
  at org.junit.runners.ParentRunner$1.schedule(ParentRunner.java:79)
  at org.junit.runners.ParentRunner.runChildren(ParentRunner.java:329)
  at org.junit.runners.ParentRunner.access$100(ParentRunner.java:66)
  at org.junit.runners.ParentRunner$2.evaluate(ParentRunner.java:293)
  at org.junit.runners.ParentRunner$3.evaluate(ParentRunner.java:306)
  at org.junit.runners.ParentRunner.run(ParentRunner.java:413)
  at org.junit.runner.JUnitCore.run(JUnitCore.java:137)
  at org.junit.runner.JUnitCore.run(JUnitCore.java:115)
  at org.gradle.api.internal.tasks.testing.junit.JUnitTestExecutor.runRequest(JUnitTestExecutor.java:175)
  at org.gradle.api.internal.tasks.testing.junit.JUnitTestExecutor.accept(JUnitTestExecutor.java:84)
  at org.gradle.api.internal.tasks.testing.junit.JUnitTestExecutor.accept(JUnitTestExecutor.java:47)
  at org.gradle.api.internal.tasks.testing.junit.AbstractJUnitTestDefinitionProcessor.processTestDefinition(AbstractJUnitTestDefinitionProcessor.java:65)
  at org.gradle.api.internal.tasks.testing.SuiteTestDefinitionProcessor.processTestDefinition(SuiteTestDefinitionProcessor.java:54)
  at java.base/jdk.internal.reflect.DirectMethodHandleAccessor.invoke(DirectMethodHandleAccessor.java:104)
  at java.base/java.lang.reflect.Method.invoke(Method.java:565)
  at org.gradle.internal.dispatch.MethodInvocation.invokeOn(MethodInvocation.java:77)
  at org.gradle.internal.dispatch.ReflectionDispatch.dispatch(ReflectionDispatch.java:28)
  at org.gradle.internal.dispatch.ReflectionDispatch.dispatch(ReflectionDispatch.java:19)
  at org.gradle.internal.dispatch.ContextClassLoaderDispatch.dispatch(ContextClassLoaderDispatch.java:33)
  at org.gradle.internal.dispatch.ProxyDispatchAdapter$DispatchingInvocationHandler.invoke(ProxyDispatchAdapter.java:88)
  at jdk.proxy1/jdk.proxy1.$Proxy4.processTestDefinition(Unknown Source)
  at org.gradle.api.internal.tasks.testing.worker.TestWorker$2.run(TestWorker.java:178)
  at org.gradle.api.internal.tasks.testing.worker.TestWorker.executeAndMaintainThreadName(TestWorker.java:126)
  at org.gradle.api.internal.tasks.testing.worker.TestWorker.execute(TestWorker.java:103)
  at org.gradle.api.internal.tasks.testing.worker.TestWorker.execute(TestWorker.java:63)
  at org.gradle.process.internal.worker.child.ActionExecutionWorker.execute(ActionExecutionWorker.java:56)
  at org.gradle.process.internal.worker.child.SystemApplicationClassLoaderWorker.call(SystemApplicationClassLoaderWorker.java:122)
  at org.gradle.process.internal.worker.child.SystemApplicationClassLoaderWorker.call(SystemApplicationClassLoaderWorker.java:72)
  at worker.org.gradle.process.internal.worker.GradleWorkerMain.run(GradleWorkerMain.java:69)
  at worker.org.gradle.process.internal.worker.GradleWorkerMain.main(GradleWorkerMain.java:74)
</stacktrace>
</test-failure>


TypeScriptCompilerTests_A[jvm] > accessorInAmbientContextES5_ts__target_es5__has expected errors matching baseline[jvm] FAILED

<test-failure test="com.xemantic.typescript.compiler.TypeScriptCompilerTests_A.assignLambdaToNominalSubtypeOfFunction_ts has expected errors matching assignLambdaToNominalSubtypeOfFunction_errors_txt" platform="jvm">
<message>
Expected diagnostics from baseline typescript-repo/tests/baselines/reference/assignLambdaToNominalSubtypeOfFunction.errors.txt but none produced
</message>
<stacktrace>
  at com.xemantic.typescript.compiler.TypeScriptTestSupportKt.errorsMatchBaseline(TypeScriptTestSupport.kt:125)
  at com.xemantic.typescript.compiler.TypeScriptCompilerTests_A.assignLambdaToNominalSubtypeOfFunction_ts has expected errors matching assignLambdaToNominalSubtypeOfFunction_errors_txt(TypeScriptCompilerTests_A.kt:3010)
  at java.base/jdk.internal.reflect.DirectMethodHandleAccessor.invoke(DirectMethodHandleAccessor.java:104)
  at java.base/java.lang.reflect.Method.invoke(Method.java:565)
  at org.junit.runners.model.FrameworkMethod$1.runReflectiveCall(FrameworkMethod.java:59)
  at org.junit.internal.runners.model.ReflectiveCallable.run(ReflectiveCallable.java:12)
  at org.junit.runners.model.FrameworkMethod.invokeExplosively(FrameworkMethod.java:56)
  at org.junit.internal.runners.statements.InvokeMethod.evaluate(InvokeMethod.java:17)
  at org.junit.runners.ParentRunner$3.evaluate(ParentRunner.java:306)
  at org.junit.runners.BlockJUnit4ClassRunner$1.evaluate(BlockJUnit4ClassRunner.java:100)
  at org.junit.runners.ParentRunner.runLeaf(ParentRunner.java:366)
  at org.junit.runners.BlockJUnit4ClassRunner.runChild(BlockJUnit4ClassRunner.java:103)
  at org.junit.runners.BlockJUnit4ClassRunner.runChild(BlockJUnit4ClassRunner.java:63)
  at org.junit.runners.ParentRunner$4.run(ParentRunner.java:331)
  at org.junit.runners.ParentRunner$1.schedule(ParentRunner.java:79)
  at org.junit.runners.ParentRunner.runChildren(ParentRunner.java:329)
  at org.junit.runners.ParentRunner.access$100(ParentRunner.java:66)
  at org.junit.runners.ParentRunner$2.evaluate(ParentRunner.java:293)
  at org.junit.runners.ParentRunner$3.evaluate(ParentRunner.java:306)
  at org.junit.runners.ParentRunner.run(ParentRunner.java:413)
  at org.junit.runner.JUnitCore.run(JUnitCore.java:137)
  at org.junit.runner.JUnitCore.run(JUnitCore.java:115)
  at org.gradle.api.internal.tasks.testing.junit.JUnitTestExecutor.runRequest(JUnitTestExecutor.java:175)
  at org.gradle.api.internal.tasks.testing.junit.JUnitTestExecutor.accept(JUnitTestExecutor.java:84)
  at org.gradle.api.internal.tasks.testing.junit.JUnitTestExecutor.accept(JUnitTestExecutor.java:47)
  at org.gradle.api.internal.tasks.testing.junit.AbstractJUnitTestDefinitionProcessor.processTestDefinition(AbstractJUnitTestDefinitionProcessor.java:65)
  at org.gradle.api.internal.tasks.testing.SuiteTestDefinitionProcessor.processTestDefinition(SuiteTestDefinitionProcessor.java:54)
  at java.base/jdk.internal.reflect.DirectMethodHandleAccessor.invoke(DirectMethodHandleAccessor.java:104)
  at java.base/java.lang.reflect.Method.invoke(Method.java:565)
  at org.gradle.internal.dispatch.MethodInvocation.invokeOn(MethodInvocation.java:77)
  at org.gradle.internal.dispatch.ReflectionDispatch.dispatch(ReflectionDispatch.java:28)
  at org.gradle.internal.dispatch.ReflectionDispatch.dispatch(ReflectionDispatch.java:19)
  at org.gradle.internal.dispatch.ContextClassLoaderDispatch.dispatch(ContextClassLoaderDispatch.java:33)
  at org.gradle.internal.dispatch.ProxyDispatchAdapter$DispatchingInvocationHandler.invoke(ProxyDispatchAdapter.java:88)
  at jdk.proxy1/jdk.proxy1.$Proxy4.processTestDefinition(Unknown Source)
  at org.gradle.api.internal.tasks.testing.worker.TestWorker$2.run(TestWorker.java:178)
  at org.gradle.api.internal.tasks.testing.worker.TestWorker.executeAndMaintainThreadName(TestWorker.java:126)
  at org.gradle.api.internal.tasks.testing.worker.TestWorker.execute(TestWorker.java:103)
  at org.gradle.api.internal.tasks.testing.worker.TestWorker.execute(TestWorker.java:63)
  at org.gradle.process.internal.worker.child.ActionExecutionWorker.execute(ActionExecutionWorker.java:56)
  at org.gradle.process.internal.worker.child.SystemApplicationClassLoaderWorker.call(SystemApplicationClassLoaderWorker.java:122)
  at org.gradle.process.internal.worker.child.SystemApplicationClassLoaderWorker.call(SystemApplicationClassLoaderWorker.java:72)
  at worker.org.gradle.process.internal.worker.GradleWorkerMain.run(GradleWorkerMain.java:69)
  at worker.org.gradle.process.internal.worker.GradleWorkerMain.main(GradleWorkerMain.java:74)
</stacktrace>
</test-failure>


TypeScriptCompilerTests_A[jvm] > assignLambdaToNominalSubtypeOfFunction_ts has expected errors matching assignLambdaToNominalSubtypeOfFunction_errors_txt[jvm] FAILED

<test-failure test="com.xemantic.typescript.compiler.TypeScriptCompilerTests_A.ambiguousGenericAssertion1_ts has expected errors matching ambiguousGenericAssertion1_errors_txt" platform="jvm">
<message>
--- expected
+++ actual
@@ -1,22 +1,19 @@
 ambiguousGenericAssertion1.ts(4,10): error TS1109: Expression expected.
-ambiguousGenericAssertion1.ts(4,15): error TS2304: Cannot find name 'x'.
-ambiguousGenericAssertion1.ts(4,16): error TS1005: ')' expected.
-ambiguousGenericAssertion1.ts(4,19): error TS1005: ',' expected.
-ambiguousGenericAssertion1.ts(4,21): error TS1005: ';' expected.
+ambiguousGenericAssertion1.ts(4,12): error TS2304: Cannot find name 'T'.
+ambiguousGenericAssertion1.ts(4,18): error TS2304: Cannot find name 'T'.
+ambiguousGenericAssertion1.ts(4,24): error TS2304: Cannot find name 'T'.
 
 
-==== ambiguousGenericAssertion1.ts (5 errors) ====
+==== ambiguousGenericAssertion1.ts (4 errors) ====
     function f<T>(x: T): T { return null; }
     var r = <T>(x: T) => x;
     var r2 = < <T>(x: T) => T>f; // valid
     var r3 = <<T>(x: T) => T>f; // ambiguous, appears to the parser as a << operation
              ~~
 !!! error TS1109: Expression expected.
-                  ~
-!!! error TS2304: Cannot find name 'x'.
-                   ~
-!!! error TS1005: ')' expected.
-                      ~
-!!! error TS1005: ',' expected.
-                        ~~
-!!! error TS1005: ';' expected.
+               ~
+!!! error TS2304: Cannot find name 'T'.
+                     ~
+!!! error TS2304: Cannot find name 'T'.
+                           ~
+!!! error TS2304: Cannot find name 'T'.

</message>
<stacktrace>
  at org.junit.Assert.fail(Assert.java:89)
  at kotlin.test.junit.JUnitAsserter.fail(JUnitSupport.kt:56)
  at kotlin.test.AssertionsKt__AssertionsKt.fail(Assertions.kt:563)
  at kotlin.test.AssertionsKt.fail(Unknown Source)
  at com.xemantic.kotlin.test.SameAsKt.sameAs(SameAs.kt:52)
  at com.xemantic.typescript.compiler.TypeScriptTestSupportKt.errorsMatchBaseline(TypeScriptTestSupport.kt:135)
  at com.xemantic.typescript.compiler.TypeScriptCompilerTests_A.ambiguousGenericAssertion1_ts has expected errors matching ambiguousGenericAssertion1_errors_txt(TypeScriptCompilerTests_A.kt:1449)
  at java.base/jdk.internal.reflect.DirectMethodHandleAccessor.invoke(DirectMethodHandleAccessor.java:104)
  at java.base/java.lang.reflect.Method.invoke(Method.java:565)
  at org.junit.runners.model.FrameworkMethod$1.runReflectiveCall(FrameworkMethod.java:59)
  at org.junit.internal.runners.model.ReflectiveCallable.run(ReflectiveCallable.java:12)
  at org.junit.runners.model.FrameworkMethod.invokeExplosively(FrameworkMethod.java:56)
  at org.junit.internal.runners.statements.InvokeMethod.evaluate(InvokeMethod.java:17)
  at org.junit.runners.ParentRunner$3.evaluate(ParentRunner.java:306)
  at org.junit.runners.BlockJUnit4ClassRunner$1.evaluate(BlockJUnit4ClassRunner.java:100)
  at org.junit.runners.ParentRunner.runLeaf(ParentRunner.java:366)
  at org.junit.runners.BlockJUnit4ClassRunner.runChild(BlockJUnit4ClassRunner.java:103)
  at org.junit.runners.BlockJUnit4ClassRunner.runChild(BlockJUnit4ClassRunner.java:63)
  at org.junit.runners.ParentRunner$4.run(ParentRunner.java:331)
  at org.junit.runners.ParentRunner$1.schedule(ParentRunner.java:79)
  at org.junit.runners.ParentRunner.runChildren(ParentRunner.java:329)
  at org.junit.runners.ParentRunner.access$100(ParentRunner.java:66)
  at org.junit.runners.ParentRunner$2.evaluate(ParentRunner.java:293)
  at org.junit.runners.ParentRunner$3.evaluate(ParentRunner.java:306)
  at org.junit.runners.ParentRunner.run(ParentRunner.java:413)
  at org.junit.runner.JUnitCore.run(JUnitCore.java:137)
  at org.junit.runner.JUnitCore.run(JUnitCore.java:115)
  at org.gradle.api.internal.tasks.testing.junit.JUnitTestExecutor.runRequest(JUnitTestExecutor.java:175)
  at org.gradle.api.internal.tasks.testing.junit.JUnitTestExecutor.accept(JUnitTestExecutor.java:84)
  at org.gradle.api.internal.tasks.testing.junit.JUnitTestExecutor.accept(JUnitTestExecutor.java:47)
  at org.gradle.api.internal.tasks.testing.junit.AbstractJUnitTestDefinitionProcessor.processTestDefinition(AbstractJUnitTestDefinitionProcessor.java:65)
  at org.gradle.api.internal.tasks.testing.SuiteTestDefinitionProcessor.processTestDefinition(SuiteTestDefinitionProcessor.java:54)
  at java.base/jdk.internal.reflect.DirectMethodHandleAccessor.invoke(DirectMethodHandleAccessor.java:104)
  at java.base/java.lang.reflect.Method.invoke(Method.java:565)
  at org.gradle.internal.dispatch.MethodInvocation.invokeOn(MethodInvocation.java:77)
  at org.gradle.internal.dispatch.ReflectionDispatch.dispatch(ReflectionDispatch.java:28)
  at org.gradle.internal.dispatch.ReflectionDispatch.dispatch(ReflectionDispatch.java:19)
  at org.gradle.internal.dispatch.ContextClassLoaderDispatch.dispatch(ContextClassLoaderDispatch.java:33)
  at org.gradle.internal.dispatch.ProxyDispatchAdapter$DispatchingInvocationHandler.invoke(ProxyDispatchAdapter.java:88)
  at jdk.proxy1/jdk.proxy1.$Proxy4.processTestDefinition(Unknown Source)
  at org.gradle.api.internal.tasks.testing.worker.TestWorker$2.run(TestWorker.java:178)
  at org.gradle.api.internal.tasks.testing.worker.TestWorker.executeAndMaintainThreadName(TestWorker.java:126)
  at org.gradle.api.internal.tasks.testing.worker.TestWorker.execute(TestWorker.java:103)
  at org.gradle.api.internal.tasks.testing.worker.TestWorker.execute(TestWorker.java:63)
  at org.gradle.process.internal.worker.child.ActionExecutionWorker.execute(ActionExecutionWorker.java:56)
  at org.gradle.process.internal.worker.child.SystemApplicationClassLoaderWorker.call(SystemApplicationClassLoaderWorker.java:122)
  at org.gradle.process.internal.worker.child.SystemApplicationClassLoaderWorker.call(SystemApplicationClassLoaderWorker.java:72)
  at worker.org.gradle.process.internal.worker.GradleWorkerMain.run(GradleWorkerMain.java:69)
  at worker.org.gradle.process.internal.worker.GradleWorkerMain.main(GradleWorkerMain.java:74)
</stacktrace>
</test-failure>


TypeScriptCompilerTests_A[jvm] > ambiguousGenericAssertion1_ts has expected errors matching ambiguousGenericAssertion1_errors_txt[jvm] FAILED

<test-failure test="com.xemantic.typescript.compiler.TypeScriptCompilerTests_A.aliasDoesNotDuplicateSignatures_ts has expected errors matching aliasDoesNotDuplicateSignatures_errors_txt" platform="jvm">
<message>
Expected diagnostics from baseline typescript-repo/tests/baselines/reference/aliasDoesNotDuplicateSignatures.errors.txt but none produced
</message>
<stacktrace>
  at com.xemantic.typescript.compiler.TypeScriptTestSupportKt.errorsMatchBaseline(TypeScriptTestSupport.kt:125)
  at com.xemantic.typescript.compiler.TypeScriptCompilerTests_A.aliasDoesNotDuplicateSignatures_ts has expected errors matching aliasDoesNotDuplicateSignatures_errors_txt(TypeScriptCompilerTests_A.kt:588)
  at java.base/jdk.internal.reflect.DirectMethodHandleAccessor.invoke(DirectMethodHandleAccessor.java:104)
  at java.base/java.lang.reflect.Method.invoke(Method.java:565)
  at org.junit.runners.model.FrameworkMethod$1.runReflectiveCall(FrameworkMethod.java:59)
  at org.junit.internal.runners.model.ReflectiveCallable.run(ReflectiveCallable.java:12)
  at org.junit.runners.model.FrameworkMethod.invokeExplosively(FrameworkMethod.java:56)
  at org.junit.internal.runners.statements.InvokeMethod.evaluate(InvokeMethod.java:17)
  at org.junit.runners.ParentRunner$3.evaluate(ParentRunner.java:306)
  at org.junit.runners.BlockJUnit4ClassRunner$1.evaluate(BlockJUnit4ClassRunner.java:100)
  at org.junit.runners.ParentRunner.runLeaf(ParentRunner.java:366)
  at org.junit.runners.BlockJUnit4ClassRunner.runChild(BlockJUnit4ClassRunner.java:103)
  at org.junit.runners.BlockJUnit4ClassRunner.runChild(BlockJUnit4ClassRunner.java:63)
  at org.junit.runners.ParentRunner$4.run(ParentRunner.java:331)
  at org.junit.runners.ParentRunner$1.schedule(ParentRunner.java:79)
  at org.junit.runners.ParentRunner.runChildren(ParentRunner.java:329)
  at org.junit.runners.ParentRunner.access$100(ParentRunner.java:66)
  at org.junit.runners.ParentRunner$2.evaluate(ParentRunner.java:293)
  at org.junit.runners.ParentRunner$3.evaluate(ParentRunner.java:306)
  at org.junit.runners.ParentRunner.run(ParentRunner.java:413)
  at org.junit.runner.JUnitCore.run(JUnitCore.java:137)
  at org.junit.runner.JUnitCore.run(JUnitCore.java:115)
  at org.gradle.api.internal.tasks.testing.junit.JUnitTestExecutor.runRequest(JUnitTestExecutor.java:175)
  at org.gradle.api.internal.tasks.testing.junit.JUnitTestExecutor.accept(JUnitTestExecutor.java:84)
  at org.gradle.api.internal.tasks.testing.junit.JUnitTestExecutor.accept(JUnitTestExecutor.java:47)
  at org.gradle.api.internal.tasks.testing.junit.AbstractJUnitTestDefinitionProcessor.processTestDefinition(AbstractJUnitTestDefinitionProcessor.java:65)
  at org.gradle.api.internal.tasks.testing.SuiteTestDefinitionProcessor.processTestDefinition(SuiteTestDefinitionProcessor.java:54)
  at java.base/jdk.internal.reflect.DirectMethodHandleAccessor.invoke(DirectMethodHandleAccessor.java:104)
  at java.base/java.lang.reflect.Method.invoke(Method.java:565)
  at org.gradle.internal.dispatch.MethodInvocation.invokeOn(MethodInvocation.java:77)
  at org.gradle.internal.dispatch.ReflectionDispatch.dispatch(ReflectionDispatch.java:28)
  at org.gradle.internal.dispatch.ReflectionDispatch.dispatch(ReflectionDispatch.java:19)
  at org.gradle.internal.dispatch.ContextClassLoaderDispatch.dispatch(ContextClassLoaderDispatch.java:33)
  at org.gradle.internal.dispatch.ProxyDispatchAdapter$DispatchingInvocationHandler.invoke(ProxyDispatchAdapter.java:88)
  at jdk.proxy1/jdk.proxy1.$Proxy4.processTestDefinition(Unknown Source)
  at org.gradle.api.internal.tasks.testing.worker.TestWorker$2.run(TestWorker.java:178)
  at org.gradle.api.internal.tasks.testing.worker.TestWorker.executeAndMaintainThreadName(TestWorker.java:126)
  at org.gradle.api.internal.tasks.testing.worker.TestWorker.execute(TestWorker.java:103)
  at org.gradle.api.internal.tasks.testing.worker.TestWorker.execute(TestWorker.java:63)
  at org.gradle.process.internal.worker.child.ActionExecutionWorker.execute(ActionExecutionWorker.java:56)
  at org.gradle.process.internal.worker.child.SystemApplicationClassLoaderWorker.call(SystemApplicationClassLoaderWorker.java:122)
  at org.gradle.process.internal.worker.child.SystemApplicationClassLoaderWorker.call(SystemApplicationClassLoaderWorker.java:72)
  at worker.org.gradle.process.internal.worker.GradleWorkerMain.run(GradleWorkerMain.java:69)
  at worker.org.gradle.process.internal.worker.GradleWorkerMain.main(GradleWorkerMain.java:74)
</stacktrace>
</test-failure>


TypeScriptCompilerTests_A[jvm] > aliasDoesNotDuplicateSignatures_ts has expected errors matching aliasDoesNotDuplicateSignatures_errors_txt[jvm] FAILED

<test-failure test="com.xemantic.typescript.compiler.TypeScriptCompilerTests_A.assignmentCompatability41_ts has expected errors matching assignmentCompatability41_errors_txt" platform="jvm">
<message>
Expected diagnostics from baseline typescript-repo/tests/baselines/reference/assignmentCompatability41.errors.txt but none produced
</message>
<stacktrace>
  at com.xemantic.typescript.compiler.TypeScriptTestSupportKt.errorsMatchBaseline(TypeScriptTestSupport.kt:125)
  at com.xemantic.typescript.compiler.TypeScriptCompilerTests_A.assignmentCompatability41_ts has expected errors matching assignmentCompatability41_errors_txt(TypeScriptCompilerTests_A.kt:3710)
  at java.base/jdk.internal.reflect.DirectMethodHandleAccessor.invoke(DirectMethodHandleAccessor.java:104)
  at java.base/java.lang.reflect.Method.invoke(Method.java:565)
  at org.junit.runners.model.FrameworkMethod$1.runReflectiveCall(FrameworkMethod.java:59)
  at org.junit.internal.runners.model.ReflectiveCallable.run(ReflectiveCallable.java:12)
  at org.junit.runners.model.FrameworkMethod.invokeExplosively(FrameworkMethod.java:56)
  at org.junit.internal.runners.statements.InvokeMethod.evaluate(InvokeMethod.java:17)
  at org.junit.runners.ParentRunner$3.evaluate(ParentRunner.java:306)
  at org.junit.runners.BlockJUnit4ClassRunner$1.evaluate(BlockJUnit4ClassRunner.java:100)
  at org.junit.runners.ParentRunner.runLeaf(ParentRunner.java:366)
  at org.junit.runners.BlockJUnit4ClassRunner.runChild(BlockJUnit4ClassRunner.java:103)
  at org.junit.runners.BlockJUnit4ClassRunner.runChild(BlockJUnit4ClassRunner.java:63)
  at org.junit.runners.ParentRunner$4.run(ParentRunner.java:331)
  at org.junit.runners.ParentRunner$1.schedule(ParentRunner.java:79)
  at org.junit.runners.ParentRunner.runChildren(ParentRunner.java:329)
  at org.junit.runners.ParentRunner.access$100(ParentRunner.java:66)
  at org.junit.runners.ParentRunner$2.evaluate(ParentRunner.java:293)
  at org.junit.runners.ParentRunner$3.evaluate(ParentRunner.java:306)
  at org.junit.runners.ParentRunner.run(ParentRunner.java:413)
  at org.junit.runner.JUnitCore.run(JUnitCore.java:137)
  at org.junit.runner.JUnitCore.run(JUnitCore.java:115)
  at org.gradle.api.internal.tasks.testing.junit.JUnitTestExecutor.runRequest(JUnitTestExecutor.java:175)
  at org.gradle.api.internal.tasks.testing.junit.JUnitTestExecutor.accept(JUnitTestExecutor.java:84)
  at org.gradle.api.internal.tasks.testing.junit.JUnitTestExecutor.accept(JUnitTestExecutor.java:47)
  at org.gradle.api.internal.tasks.testing.junit.AbstractJUnitTestDefinitionProcessor.processTestDefinition(AbstractJUnitTestDefinitionProcessor.java:65)
  at org.gradle.api.internal.tasks.testing.SuiteTestDefinitionProcessor.processTestDefinition(SuiteTestDefinitionProcessor.java:54)
  at java.base/jdk.internal.reflect.DirectMethodHandleAccessor.invoke(DirectMethodHandleAccessor.java:104)
  at java.base/java.lang.reflect.Method.invoke(Method.java:565)
  at org.gradle.internal.dispatch.MethodInvocation.invokeOn(MethodInvocation.java:77)
  at org.gradle.internal.dispatch.ReflectionDispatch.dispatch(ReflectionDispatch.java:28)
  at org.gradle.internal.dispatch.ReflectionDispatch.dispatch(ReflectionDispatch.java:19)
  at org.gradle.internal.dispatch.ContextClassLoaderDispatch.dispatch(ContextClassLoaderDispatch.java:33)
  at org.gradle.internal.dispatch.ProxyDispatchAdapter$DispatchingInvocationHandler.invoke(ProxyDispatchAdapter.java:88)
  at jdk.proxy1/jdk.proxy1.$Proxy4.processTestDefinition(Unknown Source)
  at org.gradle.api.internal.tasks.testing.worker.TestWorker$2.run(TestWorker.java:178)
  at org.gradle.api.internal.tasks.testing.worker.TestWorker.executeAndMaintainThreadName(TestWorker.java:126)
  at org.gradle.api.internal.tasks.testing.worker.TestWorker.execute(TestWorker.java:103)
  at org.gradle.api.internal.tasks.testing.worker.TestWorker.execute(TestWorker.java:63)
  at org.gradle.process.internal.worker.child.ActionExecutionWorker.execute(ActionExecutionWorker.java:56)
  at org.gradle.process.internal.worker.child.SystemApplicationClassLoaderWorker.call(SystemApplicationClassLoaderWorker.java:122)
  at org.gradle.process.internal.worker.child.SystemApplicationClassLoaderWorker.call(SystemApplicationClassLoaderWorker.java:72)
  at worker.org.gradle.process.internal.worker.GradleWorkerMain.run(GradleWorkerMain.java:69)
  at worker.org.gradle.process.internal.worker.GradleWorkerMain.main(GradleWorkerMain.java:74)
</stacktrace>
</test-failure>


TypeScriptCompilerTests_A[jvm] > assignmentCompatability41_ts has expected errors matching assignmentCompatability41_errors_txt[jvm] FAILED

<test-failure test="com.xemantic.typescript.compiler.TypeScriptCompilerTests_A.arrowFunctionsMissingTokens_ts has expected errors matching arrowFunctionsMissingTokens_errors_txt" platform="jvm">
<message>
--- expected
+++ actual
@@ -1,14 +1,32 @@
-arrowFunctionsMissingTokens.ts(2,16): error TS1005: '=>' expected.
+arrowFunctionsMissingTokens.ts(2,14): error TS1109: Expression expected.
+arrowFunctionsMissingTokens.ts(2,16): error TS1005: ',' expected.
 arrowFunctionsMissingTokens.ts(4,22): error TS1005: '=>' expected.
-arrowFunctionsMissingTokens.ts(6,17): error TS1005: '=>' expected.
-arrowFunctionsMissingTokens.ts(8,36): error TS1005: '=>' expected.
-arrowFunctionsMissingTokens.ts(10,42): error TS1005: '=>' expected.
-arrowFunctionsMissingTokens.ts(15,23): error TS1005: '{' expected.
-arrowFunctionsMissingTokens.ts(17,29): error TS1005: '{' expected.
-arrowFunctionsMissingTokens.ts(19,24): error TS1005: '{' expected.
-arrowFunctionsMissingTokens.ts(21,43): error TS1005: '{' expected.
-arrowFunctionsMissingTokens.ts(23,49): error TS1005: '{' expected.
-arrowFunctionsMissingTokens.ts(25,23): error TS1005: '{' expected.
+arrowFunctionsMissingTokens.ts(6,14): error TS2304: Cannot find name 'x'.
+arrowFunctionsMissingTokens.ts(6,17): error TS1005: ',' expected.
+arrowFunctionsMissingTokens.ts(8,14): error TS2304: Cannot find name 'x'.
+arrowFunctionsMissingTokens.ts(8,15): error TS1005: ')' expected.
+arrowFunctionsMissingTokens.ts(8,17): error TS2695: Left side of comma operator is unused and has no side effects.
+arrowFunctionsMissingTokens.ts(8,25): error TS2304: Cannot find name 'y'.
+arrowFunctionsMissingTokens.ts(8,26): error TS1109: Expression expected.
+arrowFunctionsMissingTokens.ts(8,34): error TS1109: Expression expected.
+arrowFunctionsMissingTokens.ts(10,14): error TS2304: Cannot find name 'x'.
+arrowFunctionsMissingTokens.ts(10,15): error TS1005: ')' expected.
+arrowFunctionsMissingTokens.ts(10,17): error TS2695: Left side of comma operator is unused and has no side effects.
+arrowFunctionsMissingTokens.ts(10,25): error TS2304: Cannot find name 'y'.
+arrowFunctionsMissingTokens.ts(10,26): error TS1109: Expression expected.
+arrowFunctionsMissingTokens.ts(10,34): error TS1109: Expression expected.
+arrowFunctionsMissingTokens.ts(10,35): error TS1109: Expression expected.
+arrowFunctionsMissingTokens.ts(15,27): error TS1005: ',' expected.
+arrowFunctionsMissingTokens.ts(17,33): error TS1005: ',' expected.
+arrowFunctionsMissingTokens.ts(19,28): error TS1005: ',' expected.
+arrowFunctionsMissingTokens.ts(19,35): error TS1128: Declaration or statement expected.
+arrowFunctionsMissingTokens.ts(21,47): error TS1005: ',' expected.
+arrowFunctionsMissingTokens.ts(21,54): error TS1128: Declaration or statement expected.
+arrowFunctionsMissingTokens.ts(23,53): error TS1005: ',' expected.
+arrowFunctionsMissingTokens.ts(23,60): error TS1128: Declaration or statement expected.
+arrowFunctionsMissingTokens.ts(25,27): error TS1005: ',' expected.
+arrowFunctionsMissingTokens.ts(25,34): error TS1128: Declaration or statement expected.
+arrowFunctionsMissingTokens.ts(26,5): error TS1128: Declaration or statement expected.
 arrowFunctionsMissingTokens.ts(29,23): error TS1109: Expression expected.
 arrowFunctionsMissingTokens.ts(31,29): error TS1109: Expression expected.
 arrowFunctionsMissingTokens.ts(33,24): error TS1109: Expression expected.
@@ -20,39 +38,75 @@
 arrowFunctionsMissingTokens.ts(44,14): error TS1109: Expression expected.
 arrowFunctionsMissingTokens.ts(46,21): error TS1005: '=>' expected.
 arrowFunctionsMissingTokens.ts(48,14): error TS2304: Cannot find name 'x'.
-arrowFunctionsMissingTokens.ts(50,35): error TS1005: '=>' expected.
-arrowFunctionsMissingTokens.ts(52,41): error TS1005: '=>' expected.
+arrowFunctionsMissingTokens.ts(50,14): error TS2304: Cannot find name 'x'.
+arrowFunctionsMissingTokens.ts(50,15): error TS1005: ')' expected.
+arrowFunctionsMissingTokens.ts(50,17): error TS2695: Left side of comma operator is unused and has no side effects.
+arrowFunctionsMissingTokens.ts(50,25): error TS2304: Cannot find name 'y'.
+arrowFunctionsMissingTokens.ts(50,26): error TS1109: Expression expected.
+arrowFunctionsMissingTokens.ts(50,34): error TS1109: Expression expected.
+arrowFunctionsMissingTokens.ts(52,14): error TS2304: Cannot find name 'x'.
+arrowFunctionsMissingTokens.ts(52,15): error TS1005: ')' expected.
+arrowFunctionsMissingTokens.ts(52,17): error TS2695: Left side of comma operator is unused and has no side effects.
+arrowFunctionsMissingTokens.ts(52,25): error TS2304: Cannot find name 'y'.
+arrowFunctionsMissingTokens.ts(52,26): error TS1109: Expression expected.
+arrowFunctionsMissingTokens.ts(52,34): error TS1109: Expression expected.
+arrowFunctionsMissingTokens.ts(52,35): error TS1109: Expression expected.
+arrowFunctionsMissingTokens.ts(52,41): error TS1109: Expression expected.
 
 
-==== arrowFunctionsMissingTokens.ts (24 errors) ====
+==== arrowFunctionsMissingTokens.ts (54 errors) ====
     namespace missingArrowsWithCurly {
         var a = () { };
+                 ~
+!!! error TS1109: Expression expected.
                    ~
-!!! error TS1005: '=>' expected.
+!!! error TS1005: ',' expected.
     
         var b = (): void { }
                          ~
 !!! error TS1005: '=>' expected.
     
         var c = (x) { };
+                 ~
+!!! error TS2304: Cannot find name 'x'.
                     ~
-!!! error TS1005: '=>' expected.
+!!! error TS1005: ',' expected.
     
         var d = (x: number, y: string) { };
-                                       ~
-!!! error TS1005: '=>' expected.
+                 ~
+!!! error TS2304: Cannot find name 'x'.
+                  ~
+!!! error TS1005: ')' expected.
+                    ~~~~~~
+!!! error TS2695: Left side of comma operator is unused and has no side effects.
+                            ~
+!!! error TS2304: Cannot find name 'y'.
+                             ~
+!!! error TS1109: Expression expected.
+                                     ~
+!!! error TS1109: Expression expected.
     
         var e = (x: number, y: string): void { };
-                                             ~
-!!! error TS1005: '=>' expected.
+                 ~
+!!! error TS2304: Cannot find name 'x'.
+                  ~
+!!! error TS1005: ')' expected.
+                    ~~~~~~
+!!! error TS2695: Left side of comma operator is unused and has no side effects.
+                            ~
+!!! error TS2304: Cannot find name 'y'.
+                             ~
+!!! error TS1109: Expression expected.
+                                     ~
+!!! error TS1109: Expression expected.
+                                      ~
+!!! error TS1109: Expression expected.
     }
     
     namespace missingCurliesWithArrow {
         namespace withStatement {
             var a = () => var k = 10;};
-                          ~~~
-!!! error TS1005: '{' expected.
+                              ~
+!!! error TS1005: ',' expected.
     
             var b = (): void => var k = 10;}
-                                ~~~
-!!! error TS1005: '{' expected.

Diff truncated: more than 100 lines changed

Expected: 140 lines
Actual: 230 lines

The differences are too extensive to show in unified diff format.
Consider comparing smaller sections or reviewing the strings directly.

</message>
<stacktrace>
  at org.junit.Assert.fail(Assert.java:89)
  at kotlin.test.junit.JUnitAsserter.fail(JUnitSupport.kt:56)
  at kotlin.test.AssertionsKt__AssertionsKt.fail(Assertions.kt:563)
  at kotlin.test.AssertionsKt.fail(Unknown Source)
  at com.xemantic.kotlin.test.SameAsKt.sameAs(SameAs.kt:52)
  at com.xemantic.typescript.compiler.TypeScriptTestSupportKt.errorsMatchBaseline(TypeScriptTestSupport.kt:135)
  at com.xemantic.typescript.compiler.TypeScriptCompilerTests_A.arrowFunctionsMissingTokens_ts has expected errors matching arrowFunctionsMissingTokens_errors_txt(TypeScriptCompilerTests_A.kt:2856)
  at java.base/jdk.internal.reflect.DirectMethodHandleAccessor.invoke(DirectMethodHandleAccessor.java:104)
  at java.base/java.lang.reflect.Method.invoke(Method.java:565)
  at org.junit.runners.model.FrameworkMethod$1.runReflectiveCall(FrameworkMethod.java:59)
  at org.junit.internal.runners.model.ReflectiveCallable.run(ReflectiveCallable.java:12)
  at org.junit.runners.model.FrameworkMethod.invokeExplosively(FrameworkMethod.java:56)
  at org.junit.internal.runners.statements.InvokeMethod.evaluate(InvokeMethod.java:17)
  at org.junit.runners.ParentRunner$3.evaluate(ParentRunner.java:306)
  at org.junit.runners.BlockJUnit4ClassRunner$1.evaluate(BlockJUnit4ClassRunner.java:100)
  at org.junit.runners.ParentRunner.runLeaf(ParentRunner.java:366)
  at org.junit.runners.BlockJUnit4ClassRunner.runChild(BlockJUnit4ClassRunner.java:103)
  at org.junit.runners.BlockJUnit4ClassRunner.runChild(BlockJUnit4ClassRunner.java:63)
  at org.junit.runners.ParentRunner$4.run(ParentRunner.java:331)
  at org.junit.runners.ParentRunner$1.schedule(ParentRunner.java:79)
  at org.junit.runners.ParentRunner.runChildren(ParentRunner.java:329)
  at org.junit.runners.ParentRunner.access$100(ParentRunner.java:66)
  at org.junit.runners.ParentRunner$2.evaluate(ParentRunner.java:293)
  at org.junit.runners.ParentRunner$3.evaluate(ParentRunner.java:306)
  at org.junit.runners.ParentRunner.run(ParentRunner.java:413)
  at org.junit.runner.JUnitCore.run(JUnitCore.java:137)
  at org.junit.runner.JUnitCore.run(JUnitCore.java:115)
  at org.gradle.api.internal.tasks.testing.junit.JUnitTestExecutor.runRequest(JUnitTestExecutor.java:175)
  at org.gradle.api.internal.tasks.testing.junit.JUnitTestExecutor.accept(JUnitTestExecutor.java:84)
  at org.gradle.api.internal.tasks.testing.junit.JUnitTestExecutor.accept(JUnitTestExecutor.java:47)
  at org.gradle.api.internal.tasks.testing.junit.AbstractJUnitTestDefinitionProcessor.processTestDefinition(AbstractJUnitTestDefinitionProcessor.java:65)
  at org.gradle.api.internal.tasks.testing.SuiteTestDefinitionProcessor.processTestDefinition(SuiteTestDefinitionProcessor.java:54)
  at java.base/jdk.internal.reflect.DirectMethodHandleAccessor.invoke(DirectMethodHandleAccessor.java:104)
  at java.base/java.lang.reflect.Method.invoke(Method.java:565)
  at org.gradle.internal.dispatch.MethodInvocation.invokeOn(MethodInvocation.java:77)
  at org.gradle.internal.dispatch.ReflectionDispatch.dispatch(ReflectionDispatch.java:28)
  at org.gradle.internal.dispatch.ReflectionDispatch.dispatch(ReflectionDispatch.java:19)
  at org.gradle.internal.dispatch.ContextClassLoaderDispatch.dispatch(ContextClassLoaderDispatch.java:33)
  at org.gradle.internal.dispatch.ProxyDispatchAdapter$DispatchingInvocationHandler.invoke(ProxyDispatchAdapter.java:88)
  at jdk.proxy1/jdk.proxy1.$Proxy4.processTestDefinition(Unknown Source)
  at org.gradle.api.internal.tasks.testing.worker.TestWorker$2.run(TestWorker.java:178)
  at org.gradle.api.internal.tasks.testing.worker.TestWorker.executeAndMaintainThreadName(TestWorker.java:126)
  at org.gradle.api.internal.tasks.testing.worker.TestWorker.execute(TestWorker.java:103)
  at org.gradle.api.internal.tasks.testing.worker.TestWorker.execute(TestWorker.java:63)
  at org.gradle.process.internal.worker.child.ActionExecutionWorker.execute(ActionExecutionWorker.java:56)
  at org.gradle.process.internal.worker.child.SystemApplicationClassLoaderWorker.call(SystemApplicationClassLoaderWorker.java:122)
  at org.gradle.process.internal.worker.child.SystemApplicationClassLoaderWorker.call(SystemApplicationClassLoaderWorker.java:72)
  at worker.org.gradle.process.internal.worker.GradleWorkerMain.run(GradleWorkerMain.java:69)
  at worker.org.gradle.process.internal.worker.GradleWorkerMain.main(GradleWorkerMain.java:74)
</stacktrace>
</test-failure>


TypeScriptCompilerTests_A[jvm] > arrowFunctionsMissingTokens_ts has expected errors matching arrowFunctionsMissingTokens_errors_txt[jvm] FAILED

<test-failure test="com.xemantic.typescript.compiler.TypeScriptCompilerTests_A.aliasInstantiationExpressionGenericIntersectionNoCrash2_ts has expected errors matching aliasInstantiationExpressionGenericIntersectionNoCrash2_errors_txt" platform="jvm">
<message>
Expected diagnostics from baseline typescript-repo/tests/baselines/reference/aliasInstantiationExpressionGenericIntersectionNoCrash2.errors.txt but none produced
</message>
<stacktrace>
  at com.xemantic.typescript.compiler.TypeScriptTestSupportKt.errorsMatchBaseline(TypeScriptTestSupport.kt:125)
  at com.xemantic.typescript.compiler.TypeScriptCompilerTests_A.aliasInstantiationExpressionGenericIntersectionNoCrash2_ts has expected errors matching aliasInstantiationExpressionGenericIntersectionNoCrash2_errors_txt(TypeScriptCompilerTests_A.kt:644)
  at java.base/jdk.internal.reflect.DirectMethodHandleAccessor.invoke(DirectMethodHandleAccessor.java:104)
  at java.base/java.lang.reflect.Method.invoke(Method.java:565)
  at org.junit.runners.model.FrameworkMethod$1.runReflectiveCall(FrameworkMethod.java:59)
  at org.junit.internal.runners.model.ReflectiveCallable.run(ReflectiveCallable.java:12)
  at org.junit.runners.model.FrameworkMethod.invokeExplosively(FrameworkMethod.java:56)
  at org.junit.internal.runners.statements.InvokeMethod.evaluate(InvokeMethod.java:17)
  at org.junit.runners.ParentRunner$3.evaluate(ParentRunner.java:306)
  at org.junit.runners.BlockJUnit4ClassRunner$1.evaluate(BlockJUnit4ClassRunner.java:100)
  at org.junit.runners.ParentRunner.runLeaf(ParentRunner.java:366)
  at org.junit.runners.BlockJUnit4ClassRunner.runChild(BlockJUnit4ClassRunner.java:103)
  at org.junit.runners.BlockJUnit4ClassRunner.runChild(BlockJUnit4ClassRunner.java:63)
  at org.junit.runners.ParentRunner$4.run(ParentRunner.java:331)
  at org.junit.runners.ParentRunner$1.schedule(ParentRunner.java:79)
  at org.junit.runners.ParentRunner.runChildren(ParentRunner.java:329)
  at org.junit.runners.ParentRunner.access$100(ParentRunner.java:66)
  at org.junit.runners.ParentRunner$2.evaluate(ParentRunner.java:293)
  at org.junit.runners.ParentRunner$3.evaluate(ParentRunner.java:306)
  at org.junit.runners.ParentRunner.run(ParentRunner.java:413)
  at org.junit.runner.JUnitCore.run(JUnitCore.java:137)
  at org.junit.runner.JUnitCore.run(JUnitCore.java:115)
  at org.gradle.api.internal.tasks.testing.junit.JUnitTestExecutor.runRequest(JUnitTestExecutor.java:175)
  at org.gradle.api.internal.tasks.testing.junit.JUnitTestExecutor.accept(JUnitTestExecutor.java:84)
  at org.gradle.api.internal.tasks.testing.junit.JUnitTestExecutor.accept(JUnitTestExecutor.java:47)
  at org.gradle.api.internal.tasks.testing.junit.AbstractJUnitTestDefinitionProcessor.processTestDefinition(AbstractJUnitTestDefinitionProcessor.java:65)
  at org.gradle.api.internal.tasks.testing.SuiteTestDefinitionProcessor.processTestDefinition(SuiteTestDefinitionProcessor.java:54)
  at java.base/jdk.internal.reflect.DirectMethodHandleAccessor.invoke(DirectMethodHandleAccessor.java:104)
  at java.base/java.lang.reflect.Method.invoke(Method.java:565)
  at org.gradle.internal.dispatch.MethodInvocation.invokeOn(MethodInvocation.java:77)
  at org.gradle.internal.dispatch.ReflectionDispatch.dispatch(ReflectionDispatch.java:28)
  at org.gradle.internal.dispatch.ReflectionDispatch.dispatch(ReflectionDispatch.java:19)
  at org.gradle.internal.dispatch.ContextClassLoaderDispatch.dispatch(ContextClassLoaderDispatch.java:33)
  at org.gradle.internal.dispatch.ProxyDispatchAdapter$DispatchingInvocationHandler.invoke(ProxyDispatchAdapter.java:88)
  at jdk.proxy1/jdk.proxy1.$Proxy4.processTestDefinition(Unknown Source)
  at org.gradle.api.internal.tasks.testing.worker.TestWorker$2.run(TestWorker.java:178)
  at org.gradle.api.internal.tasks.testing.worker.TestWorker.executeAndMaintainThreadName(TestWorker.java:126)
  at org.gradle.api.internal.tasks.testing.worker.TestWorker.execute(TestWorker.java:103)
  at org.gradle.api.internal.tasks.testing.worker.TestWorker.execute(TestWorker.java:63)
  at org.gradle.process.internal.worker.child.ActionExecutionWorker.execute(ActionExecutionWorker.java:56)
  at org.gradle.process.internal.worker.child.SystemApplicationClassLoaderWorker.call(SystemApplicationClassLoaderWorker.java:122)
  at org.gradle.process.internal.worker.child.SystemApplicationClassLoaderWorker.call(SystemApplicationClassLoaderWorker.java:72)
  at worker.org.gradle.process.internal.worker.GradleWorkerMain.run(GradleWorkerMain.java:69)
  at worker.org.gradle.process.internal.worker.GradleWorkerMain.main(GradleWorkerMain.java:74)
</stacktrace>
</test-failure>


TypeScriptCompilerTests_A[jvm] > aliasInstantiationExpressionGenericIntersectionNoCrash2_ts has expected errors matching aliasInstantiationExpressionGenericIntersectionNoCrash2_errors_txt[jvm] FAILED

<test-failure test="com.xemantic.typescript.compiler.TypeScriptCompilerTests_A.assignmentToObjectAndFunction_ts has expected errors matching assignmentToObjectAndFunction_errors_txt" platform="jvm">
<message>
Expected diagnostics from baseline typescript-repo/tests/baselines/reference/assignmentToObjectAndFunction.errors.txt but none produced
</message>
<stacktrace>
  at com.xemantic.typescript.compiler.TypeScriptTestSupportKt.errorsMatchBaseline(TypeScriptTestSupport.kt:125)
  at com.xemantic.typescript.compiler.TypeScriptCompilerTests_A.assignmentToObjectAndFunction_ts has expected errors matching assignmentToObjectAndFunction_errors_txt(TypeScriptCompilerTests_A.kt:3990)
  at java.base/jdk.internal.reflect.DirectMethodHandleAccessor.invoke(DirectMethodHandleAccessor.java:104)
  at java.base/java.lang.reflect.Method.invoke(Method.java:565)
  at org.junit.runners.model.FrameworkMethod$1.runReflectiveCall(FrameworkMethod.java:59)
  at org.junit.internal.runners.model.ReflectiveCallable.run(ReflectiveCallable.java:12)
  at org.junit.runners.model.FrameworkMethod.invokeExplosively(FrameworkMethod.java:56)
  at org.junit.internal.runners.statements.InvokeMethod.evaluate(InvokeMethod.java:17)
  at org.junit.runners.ParentRunner$3.evaluate(ParentRunner.java:306)
  at org.junit.runners.BlockJUnit4ClassRunner$1.evaluate(BlockJUnit4ClassRunner.java:100)
  at org.junit.runners.ParentRunner.runLeaf(ParentRunner.java:366)
  at org.junit.runners.BlockJUnit4ClassRunner.runChild(BlockJUnit4ClassRunner.java:103)
  at org.junit.runners.BlockJUnit4ClassRunner.runChild(BlockJUnit4ClassRunner.java:63)
  at org.junit.runners.ParentRunner$4.run(ParentRunner.java:331)
  at org.junit.runners.ParentRunner$1.schedule(ParentRunner.java:79)
  at org.junit.runners.ParentRunner.runChildren(ParentRunner.java:329)
  at org.junit.runners.ParentRunner.access$100(ParentRunner.java:66)
  at org.junit.runners.ParentRunner$2.evaluate(ParentRunner.java:293)
  at org.junit.runners.ParentRunner$3.evaluate(ParentRunner.java:306)
  at org.junit.runners.ParentRunner.run(ParentRunner.java:413)
  at org.junit.runner.JUnitCore.run(JUnitCore.java:137)
  at org.junit.runner.JUnitCore.run(JUnitCore.java:115)
  at org.gradle.api.internal.tasks.testing.junit.JUnitTestExecutor.runRequest(JUnitTestExecutor.java:175)
  at org.gradle.api.internal.tasks.testing.junit.JUnitTestExecutor.accept(JUnitTestExecutor.java:84)
  at org.gradle.api.internal.tasks.testing.junit.JUnitTestExecutor.accept(JUnitTestExecutor.java:47)
  at org.gradle.api.internal.tasks.testing.junit.AbstractJUnitTestDefinitionProcessor.processTestDefinition(AbstractJUnitTestDefinitionProcessor.java:65)
  at org.gradle.api.internal.tasks.testing.SuiteTestDefinitionProcessor.processTestDefinition(SuiteTestDefinitionProcessor.java:54)
  at java.base/jdk.internal.reflect.DirectMethodHandleAccessor.invoke(DirectMethodHandleAccessor.java:104)
  at java.base/java.lang.reflect.Method.invoke(Method.java:565)
  at org.gradle.internal.dispatch.MethodInvocation.invokeOn(MethodInvocation.java:77)
  at org.gradle.internal.dispatch.ReflectionDispatch.dispatch(ReflectionDispatch.java:28)
  at org.gradle.internal.dispatch.ReflectionDispatch.dispatch(ReflectionDispatch.java:19)
  at org.gradle.internal.dispatch.ContextClassLoaderDispatch.dispatch(ContextClassLoaderDispatch.java:33)
  at org.gradle.internal.dispatch.ProxyDispatchAdapter$DispatchingInvocationHandler.invoke(ProxyDispatchAdapter.java:88)
  at jdk.proxy1/jdk.proxy1.$Proxy4.processTestDefinition(Unknown Source)
  at org.gradle.api.internal.tasks.testing.worker.TestWorker$2.run(TestWorker.java:178)
  at org.gradle.api.internal.tasks.testing.worker.TestWorker.executeAndMaintainThreadName(TestWorker.java:126)
  at org.gradle.api.internal.tasks.testing.worker.TestWorker.execute(TestWorker.java:103)
  at org.gradle.api.internal.tasks.testing.worker.TestWorker.execute(TestWorker.java:63)
  at org.gradle.process.internal.worker.child.ActionExecutionWorker.execute(ActionExecutionWorker.java:56)
  at org.gradle.process.internal.worker.child.SystemApplicationClassLoaderWorker.call(SystemApplicationClassLoaderWorker.java:122)
  at org.gradle.process.internal.worker.child.SystemApplicationClassLoaderWorker.call(SystemApplicationClassLoaderWorker.java:72)
  at worker.org.gradle.process.internal.worker.GradleWorkerMain.run(GradleWorkerMain.java:69)
  at worker.org.gradle.process.internal.worker.GradleWorkerMain.main(GradleWorkerMain.java:74)
</stacktrace>
</test-failure>


TypeScriptCompilerTests_A[jvm] > assignmentToObjectAndFunction_ts has expected errors matching assignmentToObjectAndFunction_errors_txt[jvm] FAILED

<test-failure test="com.xemantic.typescript.compiler.TypeScriptCompilerTests_A.assignmentCompatability45_ts has expected errors matching assignmentCompatability45_errors_txt" platform="jvm">
<message>
Expected diagnostics from baseline typescript-repo/tests/baselines/reference/assignmentCompatability45.errors.txt but none produced
</message>
<stacktrace>
  at com.xemantic.typescript.compiler.TypeScriptTestSupportKt.errorsMatchBaseline(TypeScriptTestSupport.kt:125)
  at com.xemantic.typescript.compiler.TypeScriptCompilerTests_A.assignmentCompatability45_ts has expected errors matching assignmentCompatability45_errors_txt(TypeScriptCompilerTests_A.kt:3766)
  at java.base/jdk.internal.reflect.DirectMethodHandleAccessor.invoke(DirectMethodHandleAccessor.java:104)
  at java.base/java.lang.reflect.Method.invoke(Method.java:565)
  at org.junit.runners.model.FrameworkMethod$1.runReflectiveCall(FrameworkMethod.java:59)
  at org.junit.internal.runners.model.ReflectiveCallable.run(ReflectiveCallable.java:12)
  at org.junit.runners.model.FrameworkMethod.invokeExplosively(FrameworkMethod.java:56)
  at org.junit.internal.runners.statements.InvokeMethod.evaluate(InvokeMethod.java:17)
  at org.junit.runners.ParentRunner$3.evaluate(ParentRunner.java:306)
  at org.junit.runners.BlockJUnit4ClassRunner$1.evaluate(BlockJUnit4ClassRunner.java:100)
  at org.junit.runners.ParentRunner.runLeaf(ParentRunner.java:366)
  at org.junit.runners.BlockJUnit4ClassRunner.runChild(BlockJUnit4ClassRunner.java:103)
  at org.junit.runners.BlockJUnit4ClassRunner.runChild(BlockJUnit4ClassRunner.java:63)
  at org.junit.runners.ParentRunner$4.run(ParentRunner.java:331)
  at org.junit.runners.ParentRunner$1.schedule(ParentRunner.java:79)
  at org.junit.runners.ParentRunner.runChildren(ParentRunner.java:329)
  at org.junit.runners.ParentRunner.access$100(ParentRunner.java:66)
  at org.junit.runners.ParentRunner$2.evaluate(ParentRunner.java:293)
  at org.junit.runners.ParentRunner$3.evaluate(ParentRunner.java:306)
  at org.junit.runners.ParentRunner.run(ParentRunner.java:413)
  at org.junit.runner.JUnitCore.run(JUnitCore.java:137)
  at org.junit.runner.JUnitCore.run(JUnitCore.java:115)
  at org.gradle.api.internal.tasks.testing.junit.JUnitTestExecutor.runRequest(JUnitTestExecutor.java:175)
  at org.gradle.api.internal.tasks.testing.junit.JUnitTestExecutor.accept(JUnitTestExecutor.java:84)
  at org.gradle.api.internal.tasks.testing.junit.JUnitTestExecutor.accept(JUnitTestExecutor.java:47)
  at org.gradle.api.internal.tasks.testing.junit.AbstractJUnitTestDefinitionProcessor.processTestDefinition(AbstractJUnitTestDefinitionProcessor.java:65)
  at org.gradle.api.internal.tasks.testing.SuiteTestDefinitionProcessor.processTestDefinition(SuiteTestDefinitionProcessor.java:54)
  at java.base/jdk.internal.reflect.DirectMethodHandleAccessor.invoke(DirectMethodHandleAccessor.java:104)
  at java.base/java.lang.reflect.Method.invoke(Method.java:565)
  at org.gradle.internal.dispatch.MethodInvocation.invokeOn(MethodInvocation.java:77)
  at org.gradle.internal.dispatch.ReflectionDispatch.dispatch(ReflectionDispatch.java:28)
  at org.gradle.internal.dispatch.ReflectionDispatch.dispatch(ReflectionDispatch.java:19)
  at org.gradle.internal.dispatch.ContextClassLoaderDispatch.dispatch(ContextClassLoaderDispatch.java:33)
  at org.gradle.internal.dispatch.ProxyDispatchAdapter$DispatchingInvocationHandler.invoke(ProxyDispatchAdapter.java:88)
  at jdk.proxy1/jdk.proxy1.$Proxy4.processTestDefinition(Unknown Source)
  at org.gradle.api.internal.tasks.testing.worker.TestWorker$2.run(TestWorker.java:178)
  at org.gradle.api.internal.tasks.testing.worker.TestWorker.executeAndMaintainThreadName(TestWorker.java:126)
  at org.gradle.api.internal.tasks.testing.worker.TestWorker.execute(TestWorker.java:103)
  at org.gradle.api.internal.tasks.testing.worker.TestWorker.execute(TestWorker.java:63)
  at org.gradle.process.internal.worker.child.ActionExecutionWorker.execute(ActionExecutionWorker.java:56)
  at org.gradle.process.internal.worker.child.SystemApplicationClassLoaderWorker.call(SystemApplicationClassLoaderWorker.java:122)
  at org.gradle.process.internal.worker.child.SystemApplicationClassLoaderWorker.call(SystemApplicationClassLoaderWorker.java:72)
  at worker.org.gradle.process.internal.worker.GradleWorkerMain.run(GradleWorkerMain.java:69)
  at worker.org.gradle.process.internal.worker.GradleWorkerMain.main(GradleWorkerMain.java:74)
</stacktrace>
</test-failure>


TypeScriptCompilerTests_A[jvm] > assignmentCompatability45_ts has expected errors matching assignmentCompatability45_errors_txt[jvm] FAILED

<test-failure test="com.xemantic.typescript.compiler.TypeScriptCompilerTests_A.arrowFunctionErrorSpan_ts compiles to JavaScript matching arrowFunctionErrorSpan_js" platform="jvm">
<message>
--- expected
+++ actual
@@ -82,13 +82,11 @@
     */ () => {
 });
 // multi line with a comment 3
-f(// comment 1
+f(
 // comment 2
 () => {
     // comment 4
-}
-// comment 5
-);
+});
 // body is not a block
 f(_ => 1 +
     2);

</message>
<stacktrace>
  at org.junit.Assert.fail(Assert.java:89)
  at kotlin.test.junit.JUnitAsserter.fail(JUnitSupport.kt:56)
  at kotlin.test.AssertionsKt__AssertionsKt.fail(Assertions.kt:563)
  at kotlin.test.AssertionsKt.fail(Unknown Source)
  at com.xemantic.kotlin.test.SameAsKt.sameAs(SameAs.kt:52)
  at com.xemantic.typescript.compiler.TypeScriptTestSupportKt.sameAs(TypeScriptTestSupport.kt:99)
  at com.xemantic.typescript.compiler.TypeScriptCompilerTests_A.arrowFunctionErrorSpan_ts compiles to JavaScript matching arrowFunctionErrorSpan_js(TypeScriptCompilerTests_A.kt:2723)
  at java.base/jdk.internal.reflect.DirectMethodHandleAccessor.invoke(DirectMethodHandleAccessor.java:104)
  at java.base/java.lang.reflect.Method.invoke(Method.java:565)
  at org.junit.runners.model.FrameworkMethod$1.runReflectiveCall(FrameworkMethod.java:59)
  at org.junit.internal.runners.model.ReflectiveCallable.run(ReflectiveCallable.java:12)
  at org.junit.runners.model.FrameworkMethod.invokeExplosively(FrameworkMethod.java:56)
  at org.junit.internal.runners.statements.InvokeMethod.evaluate(InvokeMethod.java:17)
  at org.junit.runners.ParentRunner$3.evaluate(ParentRunner.java:306)
  at org.junit.runners.BlockJUnit4ClassRunner$1.evaluate(BlockJUnit4ClassRunner.java:100)
  at org.junit.runners.ParentRunner.runLeaf(ParentRunner.java:366)
  at org.junit.runners.BlockJUnit4ClassRunner.runChild(BlockJUnit4ClassRunner.java:103)
  at org.junit.runners.BlockJUnit4ClassRunner.runChild(BlockJUnit4ClassRunner.java:63)
  at org.junit.runners.ParentRunner$4.run(ParentRunner.java:331)
  at org.junit.runners.ParentRunner$1.schedule(ParentRunner.java:79)
  at org.junit.runners.ParentRunner.runChildren(ParentRunner.java:329)
  at org.junit.runners.ParentRunner.access$100(ParentRunner.java:66)
  at org.junit.runners.ParentRunner$2.evaluate(ParentRunner.java:293)
  at org.junit.runners.ParentRunner$3.evaluate(ParentRunner.java:306)
  at org.junit.runners.ParentRunner.run(ParentRunner.java:413)
  at org.junit.runner.JUnitCore.run(JUnitCore.java:137)
  at org.junit.runner.JUnitCore.run(JUnitCore.java:115)
  at org.gradle.api.internal.tasks.testing.junit.JUnitTestExecutor.runRequest(JUnitTestExecutor.java:175)
  at org.gradle.api.internal.tasks.testing.junit.JUnitTestExecutor.accept(JUnitTestExecutor.java:84)
  at org.gradle.api.internal.tasks.testing.junit.JUnitTestExecutor.accept(JUnitTestExecutor.java:47)
  at org.gradle.api.internal.tasks.testing.junit.AbstractJUnitTestDefinitionProcessor.processTestDefinition(AbstractJUnitTestDefinitionProcessor.java:65)
  at org.gradle.api.internal.tasks.testing.SuiteTestDefinitionProcessor.processTestDefinition(SuiteTestDefinitionProcessor.java:54)
  at java.base/jdk.internal.reflect.DirectMethodHandleAccessor.invoke(DirectMethodHandleAccessor.java:104)
  at java.base/java.lang.reflect.Method.invoke(Method.java:565)
  at org.gradle.internal.dispatch.MethodInvocation.invokeOn(MethodInvocation.java:77)
  at org.gradle.internal.dispatch.ReflectionDispatch.dispatch(ReflectionDispatch.java:28)
  at org.gradle.internal.dispatch.ReflectionDispatch.dispatch(ReflectionDispatch.java:19)
  at org.gradle.internal.dispatch.ContextClassLoaderDispatch.dispatch(ContextClassLoaderDispatch.java:33)
  at org.gradle.internal.dispatch.ProxyDispatchAdapter$DispatchingInvocationHandler.invoke(ProxyDispatchAdapter.java:88)
  at jdk.proxy1/jdk.proxy1.$Proxy4.processTestDefinition(Unknown Source)
  at org.gradle.api.internal.tasks.testing.worker.TestWorker$2.run(TestWorker.java:178)
  at org.gradle.api.internal.tasks.testing.worker.TestWorker.executeAndMaintainThreadName(TestWorker.java:126)
  at org.gradle.api.internal.tasks.testing.worker.TestWorker.execute(TestWorker.java:103)
  at org.gradle.api.internal.tasks.testing.worker.TestWorker.execute(TestWorker.java:63)
  at org.gradle.process.internal.worker.child.ActionExecutionWorker.execute(ActionExecutionWorker.java:56)
  at org.gradle.process.internal.worker.child.SystemApplicationClassLoaderWorker.call(SystemApplicationClassLoaderWorker.java:122)
  at org.gradle.process.internal.worker.child.SystemApplicationClassLoaderWorker.call(SystemApplicationClassLoaderWorker.java:72)
  at worker.org.gradle.process.internal.worker.GradleWorkerMain.run(GradleWorkerMain.java:69)
  at worker.org.gradle.process.internal.worker.GradleWorkerMain.main(GradleWorkerMain.java:74)
</stacktrace>
</test-failure>


TypeScriptCompilerTests_A[jvm] > arrowFunctionErrorSpan_ts compiles to JavaScript matching arrowFunctionErrorSpan_js[jvm] FAILED

<test-failure test="com.xemantic.typescript.compiler.TypeScriptCompilerTests_A.arrayLiteralTypeInference_ts has expected errors matching arrayLiteralTypeInference_errors_txt" platform="jvm">
<message>
--- expected
+++ actual
@@ -1,13 +1,9 @@
 arrayLiteralTypeInference.ts(2,5): error TS2564: Property 'id' has no initializer and is not definitely assigned in the constructor.
 arrayLiteralTypeInference.ts(6,5): error TS2564: Property 'value' has no initializer and is not definitely assigned in the constructor.
 arrayLiteralTypeInference.ts(10,5): error TS2564: Property 'trueNess' has no initializer and is not definitely assigned in the constructor.
-arrayLiteralTypeInference.ts(14,14): error TS2353: Object literal may only specify known properties, and 'trueness' does not exist in type 'Action'.
-arrayLiteralTypeInference.ts(15,14): error TS2353: Object literal may only specify known properties, and 'name' does not exist in type 'Action'.
-arrayLiteralTypeInference.ts(31,18): error TS2353: Object literal may only specify known properties, and 'trueness' does not exist in type '{ id: number; }'.
-arrayLiteralTypeInference.ts(32,18): error TS2353: Object literal may only specify known properties, and 'name' does not exist in type '{ id: number; }'.
 
 
-==== arrayLiteralTypeInference.ts (7 errors) ====
+==== arrayLiteralTypeInference.ts (3 errors) ====
     class Action {
         id: number;
         ~~
@@ -28,11 +24,7 @@
     
     var x1: Action[] = [
         { id: 2, trueness: false },
-                 ~~~~~~~~
-!!! error TS2353: Object literal may only specify known properties, and 'trueness' does not exist in type 'Action'.
         { id: 3, name: "three" }
-                 ~~~~
-!!! error TS2353: Object literal may only specify known properties, and 'name' does not exist in type 'Action'.
     ]
     
     var x2: Action[] = [
@@ -49,11 +41,7 @@
     var z1: { id: number }[] =
         [
             { id: 2, trueness: false },
-                     ~~~~~~~~
-!!! error TS2353: Object literal may only specify known properties, and 'trueness' does not exist in type '{ id: number; }'.
             { id: 3, name: "three" }
-                     ~~~~
-!!! error TS2353: Object literal may only specify known properties, and 'name' does not exist in type '{ id: number; }'.
         ]
     
     var z2: { id: number }[] =

</message>
<stacktrace>
  at org.junit.Assert.fail(Assert.java:89)
  at kotlin.test.junit.JUnitAsserter.fail(JUnitSupport.kt:56)
  at kotlin.test.AssertionsKt__AssertionsKt.fail(Assertions.kt:563)
  at kotlin.test.AssertionsKt.fail(Unknown Source)
  at com.xemantic.kotlin.test.SameAsKt.sameAs(SameAs.kt:52)
  at com.xemantic.typescript.compiler.TypeScriptTestSupportKt.errorsMatchBaseline(TypeScriptTestSupport.kt:135)
  at com.xemantic.typescript.compiler.TypeScriptCompilerTests_A.arrayLiteralTypeInference_ts has expected errors matching arrayLiteralTypeInference_errors_txt(TypeScriptCompilerTests_A.kt:2590)
  at java.base/jdk.internal.reflect.DirectMethodHandleAccessor.invoke(DirectMethodHandleAccessor.java:104)
  at java.base/java.lang.reflect.Method.invoke(Method.java:565)
  at org.junit.runners.model.FrameworkMethod$1.runReflectiveCall(FrameworkMethod.java:59)
  at org.junit.internal.runners.model.ReflectiveCallable.run(ReflectiveCallable.java:12)
  at org.junit.runners.model.FrameworkMethod.invokeExplosively(FrameworkMethod.java:56)
  at org.junit.internal.runners.statements.InvokeMethod.evaluate(InvokeMethod.java:17)
  at org.junit.runners.ParentRunner$3.evaluate(ParentRunner.java:306)
  at org.junit.runners.BlockJUnit4ClassRunner$1.evaluate(BlockJUnit4ClassRunner.java:100)
  at org.junit.runners.ParentRunner.runLeaf(ParentRunner.java:366)
  at org.junit.runners.BlockJUnit4ClassRunner.runChild(BlockJUnit4ClassRunner.java:103)
  at org.junit.runners.BlockJUnit4ClassRunner.runChild(BlockJUnit4ClassRunner.java:63)
  at org.junit.runners.ParentRunner$4.run(ParentRunner.java:331)
  at org.junit.runners.ParentRunner$1.schedule(ParentRunner.java:79)
  at org.junit.runners.ParentRunner.runChildren(ParentRunner.java:329)
  at org.junit.runners.ParentRunner.access$100(ParentRunner.java:66)
  at org.junit.runners.ParentRunner$2.evaluate(ParentRunner.java:293)
  at org.junit.runners.ParentRunner$3.evaluate(ParentRunner.java:306)
  at org.junit.runners.ParentRunner.run(ParentRunner.java:413)
  at org.junit.runner.JUnitCore.run(JUnitCore.java:137)
  at org.junit.runner.JUnitCore.run(JUnitCore.java:115)
  at org.gradle.api.internal.tasks.testing.junit.JUnitTestExecutor.runRequest(JUnitTestExecutor.java:175)
  at org.gradle.api.internal.tasks.testing.junit.JUnitTestExecutor.accept(JUnitTestExecutor.java:84)
  at org.gradle.api.internal.tasks.testing.junit.JUnitTestExecutor.accept(JUnitTestExecutor.java:47)
  at org.gradle.api.internal.tasks.testing.junit.AbstractJUnitTestDefinitionProcessor.processTestDefinition(AbstractJUnitTestDefinitionProcessor.java:65)
  at org.gradle.api.internal.tasks.testing.SuiteTestDefinitionProcessor.processTestDefinition(SuiteTestDefinitionProcessor.java:54)
  at java.base/jdk.internal.reflect.DirectMethodHandleAccessor.invoke(DirectMethodHandleAccessor.java:104)
  at java.base/java.lang.reflect.Method.invoke(Method.java:565)
  at org.gradle.internal.dispatch.MethodInvocation.invokeOn(MethodInvocation.java:77)
  at org.gradle.internal.dispatch.ReflectionDispatch.dispatch(ReflectionDispatch.java:28)
  at org.gradle.internal.dispatch.ReflectionDispatch.dispatch(ReflectionDispatch.java:19)
  at org.gradle.internal.dispatch.ContextClassLoaderDispatch.dispatch(ContextClassLoaderDispatch.java:33)
  at org.gradle.internal.dispatch.ProxyDispatchAdapter$DispatchingInvocationHandler.invoke(ProxyDispatchAdapter.java:88)
  at jdk.proxy1/jdk.proxy1.$Proxy4.processTestDefinition(Unknown Source)
  at org.gradle.api.internal.tasks.testing.worker.TestWorker$2.run(TestWorker.java:178)
  at org.gradle.api.internal.tasks.testing.worker.TestWorker.executeAndMaintainThreadName(TestWorker.java:126)
  at org.gradle.api.internal.tasks.testing.worker.TestWorker.execute(TestWorker.java:103)
  at org.gradle.api.internal.tasks.testing.worker.TestWorker.execute(TestWorker.java:63)
  at org.gradle.process.internal.worker.child.ActionExecutionWorker.execute(ActionExecutionWorker.java:56)
  at org.gradle.process.internal.worker.child.SystemApplicationClassLoaderWorker.call(SystemApplicationClassLoaderWorker.java:122)
  at org.gradle.process.internal.worker.child.SystemApplicationClassLoaderWorker.call(SystemApplicationClassLoaderWorker.java:72)
  at worker.org.gradle.process.internal.worker.GradleWorkerMain.run(GradleWorkerMain.java:69)
  at worker.org.gradle.process.internal.worker.GradleWorkerMain.main(GradleWorkerMain.java:74)
</stacktrace>
</test-failure>


TypeScriptCompilerTests_A[jvm] > arrayLiteralTypeInference_ts has expected errors matching arrayLiteralTypeInference_errors_txt[jvm] FAILED

<test-failure test="com.xemantic.typescript.compiler.TypeScriptCompilerTests_A.asyncFunctionReturnExpressionErrorSpans_ts has expected errors matching asyncFunctionReturnExpressionErrorSpans_errors_txt" platform="jvm">
<message>
Expected diagnostics from baseline typescript-repo/tests/baselines/reference/asyncFunctionReturnExpressionErrorSpans.errors.txt but none produced
</message>
<stacktrace>
  at com.xemantic.typescript.compiler.TypeScriptTestSupportKt.errorsMatchBaseline(TypeScriptTestSupport.kt:125)
  at com.xemantic.typescript.compiler.TypeScriptCompilerTests_A.asyncFunctionReturnExpressionErrorSpans_ts has expected errors matching asyncFunctionReturnExpressionErrorSpans_errors_txt(TypeScriptCompilerTests_A.kt:4081)
  at java.base/jdk.internal.reflect.DirectMethodHandleAccessor.invoke(DirectMethodHandleAccessor.java:104)
  at java.base/java.lang.reflect.Method.invoke(Method.java:565)
  at org.junit.runners.model.FrameworkMethod$1.runReflectiveCall(FrameworkMethod.java:59)
  at org.junit.internal.runners.model.ReflectiveCallable.run(ReflectiveCallable.java:12)
  at org.junit.runners.model.FrameworkMethod.invokeExplosively(FrameworkMethod.java:56)
  at org.junit.internal.runners.statements.InvokeMethod.evaluate(InvokeMethod.java:17)
  at org.junit.runners.ParentRunner$3.evaluate(ParentRunner.java:306)
  at org.junit.runners.BlockJUnit4ClassRunner$1.evaluate(BlockJUnit4ClassRunner.java:100)
  at org.junit.runners.ParentRunner.runLeaf(ParentRunner.java:366)
  at org.junit.runners.BlockJUnit4ClassRunner.runChild(BlockJUnit4ClassRunner.java:103)
  at org.junit.runners.BlockJUnit4ClassRunner.runChild(BlockJUnit4ClassRunner.java:63)
  at org.junit.runners.ParentRunner$4.run(ParentRunner.java:331)
  at org.junit.runners.ParentRunner$1.schedule(ParentRunner.java:79)
  at org.junit.runners.ParentRunner.runChildren(ParentRunner.java:329)
  at org.junit.runners.ParentRunner.access$100(ParentRunner.java:66)
  at org.junit.runners.ParentRunner$2.evaluate(ParentRunner.java:293)
  at org.junit.runners.ParentRunner$3.evaluate(ParentRunner.java:306)
  at org.junit.runners.ParentRunner.run(ParentRunner.java:413)
  at org.junit.runner.JUnitCore.run(JUnitCore.java:137)
  at org.junit.runner.JUnitCore.run(JUnitCore.java:115)
  at org.gradle.api.internal.tasks.testing.junit.JUnitTestExecutor.runRequest(JUnitTestExecutor.java:175)
  at org.gradle.api.internal.tasks.testing.junit.JUnitTestExecutor.accept(JUnitTestExecutor.java:84)
  at org.gradle.api.internal.tasks.testing.junit.JUnitTestExecutor.accept(JUnitTestExecutor.java:47)
  at org.gradle.api.internal.tasks.testing.junit.AbstractJUnitTestDefinitionProcessor.processTestDefinition(AbstractJUnitTestDefinitionProcessor.java:65)
  at org.gradle.api.internal.tasks.testing.SuiteTestDefinitionProcessor.processTestDefinition(SuiteTestDefinitionProcessor.java:54)
  at java.base/jdk.internal.reflect.DirectMethodHandleAccessor.invoke(DirectMethodHandleAccessor.java:104)
  at java.base/java.lang.reflect.Method.invoke(Method.java:565)
  at org.gradle.internal.dispatch.MethodInvocation.invokeOn(MethodInvocation.java:77)
  at org.gradle.internal.dispatch.ReflectionDispatch.dispatch(ReflectionDispatch.java:28)
  at org.gradle.internal.dispatch.ReflectionDispatch.dispatch(ReflectionDispatch.java:19)
  at org.gradle.internal.dispatch.ContextClassLoaderDispatch.dispatch(ContextClassLoaderDispatch.java:33)
  at org.gradle.internal.dispatch.ProxyDispatchAdapter$DispatchingInvocationHandler.invoke(ProxyDispatchAdapter.java:88)
  at jdk.proxy1/jdk.proxy1.$Proxy4.processTestDefinition(Unknown Source)
  at org.gradle.api.internal.tasks.testing.worker.TestWorker$2.run(TestWorker.java:178)
  at org.gradle.api.internal.tasks.testing.worker.TestWorker.executeAndMaintainThreadName(TestWorker.java:126)
  at org.gradle.api.internal.tasks.testing.worker.TestWorker.execute(TestWorker.java:103)
  at org.gradle.api.internal.tasks.testing.worker.TestWorker.execute(TestWorker.java:63)
  at org.gradle.process.internal.worker.child.ActionExecutionWorker.execute(ActionExecutionWorker.java:56)
  at org.gradle.process.internal.worker.child.SystemApplicationClassLoaderWorker.call(SystemApplicationClassLoaderWorker.java:122)
  at org.gradle.process.internal.worker.child.SystemApplicationClassLoaderWorker.call(SystemApplicationClassLoaderWorker.java:72)
  at worker.org.gradle.process.internal.worker.GradleWorkerMain.run(GradleWorkerMain.java:69)
  at worker.org.gradle.process.internal.worker.GradleWorkerMain.main(GradleWorkerMain.java:74)
</stacktrace>
</test-failure>


TypeScriptCompilerTests_A[jvm] > asyncFunctionReturnExpressionErrorSpans_ts has expected errors matching asyncFunctionReturnExpressionErrorSpans_errors_txt[jvm] FAILED

<test-failure test="com.xemantic.typescript.compiler.TypeScriptCompilerTests_A.assignmentCompatability13_ts has expected errors matching assignmentCompatability13_errors_txt" platform="jvm">
<message>
Expected diagnostics from baseline typescript-repo/tests/baselines/reference/assignmentCompatability13.errors.txt but none produced
</message>
<stacktrace>
  at com.xemantic.typescript.compiler.TypeScriptTestSupportKt.errorsMatchBaseline(TypeScriptTestSupport.kt:125)
  at com.xemantic.typescript.compiler.TypeScriptCompilerTests_A.assignmentCompatability13_ts has expected errors matching assignmentCompatability13_errors_txt(TypeScriptCompilerTests_A.kt:3283)
  at java.base/jdk.internal.reflect.DirectMethodHandleAccessor.invoke(DirectMethodHandleAccessor.java:104)
  at java.base/java.lang.reflect.Method.invoke(Method.java:565)
  at org.junit.runners.model.FrameworkMethod$1.runReflectiveCall(FrameworkMethod.java:59)
  at org.junit.internal.runners.model.ReflectiveCallable.run(ReflectiveCallable.java:12)
  at org.junit.runners.model.FrameworkMethod.invokeExplosively(FrameworkMethod.java:56)
  at org.junit.internal.runners.statements.InvokeMethod.evaluate(InvokeMethod.java:17)
  at org.junit.runners.ParentRunner$3.evaluate(ParentRunner.java:306)
  at org.junit.runners.BlockJUnit4ClassRunner$1.evaluate(BlockJUnit4ClassRunner.java:100)
  at org.junit.runners.ParentRunner.runLeaf(ParentRunner.java:366)
  at org.junit.runners.BlockJUnit4ClassRunner.runChild(BlockJUnit4ClassRunner.java:103)
  at org.junit.runners.BlockJUnit4ClassRunner.runChild(BlockJUnit4ClassRunner.java:63)
  at org.junit.runners.ParentRunner$4.run(ParentRunner.java:331)
  at org.junit.runners.ParentRunner$1.schedule(ParentRunner.java:79)
  at org.junit.runners.ParentRunner.runChildren(ParentRunner.java:329)
  at org.junit.runners.ParentRunner.access$100(ParentRunner.java:66)
  at org.junit.runners.ParentRunner$2.evaluate(ParentRunner.java:293)
  at org.junit.runners.ParentRunner$3.evaluate(ParentRunner.java:306)
  at org.junit.runners.ParentRunner.run(ParentRunner.java:413)
  at org.junit.runner.JUnitCore.run(JUnitCore.java:137)
  at org.junit.runner.JUnitCore.run(JUnitCore.java:115)
  at org.gradle.api.internal.tasks.testing.junit.JUnitTestExecutor.runRequest(JUnitTestExecutor.java:175)
  at org.gradle.api.internal.tasks.testing.junit.JUnitTestExecutor.accept(JUnitTestExecutor.java:84)
  at org.gradle.api.internal.tasks.testing.junit.JUnitTestExecutor.accept(JUnitTestExecutor.java:47)
  at org.gradle.api.internal.tasks.testing.junit.AbstractJUnitTestDefinitionProcessor.processTestDefinition(AbstractJUnitTestDefinitionProcessor.java:65)
  at org.gradle.api.internal.tasks.testing.SuiteTestDefinitionProcessor.processTestDefinition(SuiteTestDefinitionProcessor.java:54)
  at java.base/jdk.internal.reflect.DirectMethodHandleAccessor.invoke(DirectMethodHandleAccessor.java:104)
  at java.base/java.lang.reflect.Method.invoke(Method.java:565)
  at org.gradle.internal.dispatch.MethodInvocation.invokeOn(MethodInvocation.java:77)
  at org.gradle.internal.dispatch.ReflectionDispatch.dispatch(ReflectionDispatch.java:28)
  at org.gradle.internal.dispatch.ReflectionDispatch.dispatch(ReflectionDispatch.java:19)
  at org.gradle.internal.dispatch.ContextClassLoaderDispatch.dispatch(ContextClassLoaderDispatch.java:33)
  at org.gradle.internal.dispatch.ProxyDispatchAdapter$DispatchingInvocationHandler.invoke(ProxyDispatchAdapter.java:88)
  at jdk.proxy1/jdk.proxy1.$Proxy4.processTestDefinition(Unknown Source)
  at org.gradle.api.internal.tasks.testing.worker.TestWorker$2.run(TestWorker.java:178)
  at org.gradle.api.internal.tasks.testing.worker.TestWorker.executeAndMaintainThreadName(TestWorker.java:126)
  at org.gradle.api.internal.tasks.testing.worker.TestWorker.execute(TestWorker.java:103)
  at org.gradle.api.internal.tasks.testing.worker.TestWorker.execute(TestWorker.java:63)
  at org.gradle.process.internal.worker.child.ActionExecutionWorker.execute(ActionExecutionWorker.java:56)
  at org.gradle.process.internal.worker.child.SystemApplicationClassLoaderWorker.call(SystemApplicationClassLoaderWorker.java:122)
  at org.gradle.process.internal.worker.child.SystemApplicationClassLoaderWorker.call(SystemApplicationClassLoaderWorker.java:72)
  at worker.org.gradle.process.internal.worker.GradleWorkerMain.run(GradleWorkerMain.java:69)
  at worker.org.gradle.process.internal.worker.GradleWorkerMain.main(GradleWorkerMain.java:74)
</stacktrace>
</test-failure>


TypeScriptCompilerTests_A[jvm] > assignmentCompatability13_ts has expected errors matching assignmentCompatability13_errors_txt[jvm] FAILED

<test-failure test="com.xemantic.typescript.compiler.TypeScriptCompilerTests_A.arrayOfSubtypeIsAssignableToReadonlyArray_ts has expected errors matching arrayOfSubtypeIsAssignableToReadonlyArray_errors_txt" platform="jvm">
<message>
Expected diagnostics from baseline typescript-repo/tests/baselines/reference/arrayOfSubtypeIsAssignableToReadonlyArray.errors.txt but none produced
</message>
<stacktrace>
  at com.xemantic.typescript.compiler.TypeScriptTestSupportKt.errorsMatchBaseline(TypeScriptTestSupport.kt:125)
  at com.xemantic.typescript.compiler.TypeScriptCompilerTests_A.arrayOfSubtypeIsAssignableToReadonlyArray_ts has expected errors matching arrayOfSubtypeIsAssignableToReadonlyArray_errors_txt(TypeScriptCompilerTests_A.kt:2618)
  at java.base/jdk.internal.reflect.DirectMethodHandleAccessor.invoke(DirectMethodHandleAccessor.java:104)
  at java.base/java.lang.reflect.Method.invoke(Method.java:565)
  at org.junit.runners.model.FrameworkMethod$1.runReflectiveCall(FrameworkMethod.java:59)
  at org.junit.internal.runners.model.ReflectiveCallable.run(ReflectiveCallable.java:12)
  at org.junit.runners.model.FrameworkMethod.invokeExplosively(FrameworkMethod.java:56)
  at org.junit.internal.runners.statements.InvokeMethod.evaluate(InvokeMethod.java:17)
  at org.junit.runners.ParentRunner$3.evaluate(ParentRunner.java:306)
  at org.junit.runners.BlockJUnit4ClassRunner$1.evaluate(BlockJUnit4ClassRunner.java:100)
  at org.junit.runners.ParentRunner.runLeaf(ParentRunner.java:366)
  at org.junit.runners.BlockJUnit4ClassRunner.runChild(BlockJUnit4ClassRunner.java:103)
  at org.junit.runners.BlockJUnit4ClassRunner.runChild(BlockJUnit4ClassRunner.java:63)
  at org.junit.runners.ParentRunner$4.run(ParentRunner.java:331)
  at org.junit.runners.ParentRunner$1.schedule(ParentRunner.java:79)
  at org.junit.runners.ParentRunner.runChildren(ParentRunner.java:329)
  at org.junit.runners.ParentRunner.access$100(ParentRunner.java:66)
  at org.junit.runners.ParentRunner$2.evaluate(ParentRunner.java:293)
  at org.junit.runners.ParentRunner$3.evaluate(ParentRunner.java:306)
  at org.junit.runners.ParentRunner.run(ParentRunner.java:413)
  at org.junit.runner.JUnitCore.run(JUnitCore.java:137)
  at org.junit.runner.JUnitCore.run(JUnitCore.java:115)
  at org.gradle.api.internal.tasks.testing.junit.JUnitTestExecutor.runRequest(JUnitTestExecutor.java:175)
  at org.gradle.api.internal.tasks.testing.junit.JUnitTestExecutor.accept(JUnitTestExecutor.java:84)
  at org.gradle.api.internal.tasks.testing.junit.JUnitTestExecutor.accept(JUnitTestExecutor.java:47)
  at org.gradle.api.internal.tasks.testing.junit.AbstractJUnitTestDefinitionProcessor.processTestDefinition(AbstractJUnitTestDefinitionProcessor.java:65)
  at org.gradle.api.internal.tasks.testing.SuiteTestDefinitionProcessor.processTestDefinition(SuiteTestDefinitionProcessor.java:54)
  at java.base/jdk.internal.reflect.DirectMethodHandleAccessor.invoke(DirectMethodHandleAccessor.java:104)
  at java.base/java.lang.reflect.Method.invoke(Method.java:565)
  at org.gradle.internal.dispatch.MethodInvocation.invokeOn(MethodInvocation.java:77)
  at org.gradle.internal.dispatch.ReflectionDispatch.dispatch(ReflectionDispatch.java:28)
  at org.gradle.internal.dispatch.ReflectionDispatch.dispatch(ReflectionDispatch.java:19)
  at org.gradle.internal.dispatch.ContextClassLoaderDispatch.dispatch(ContextClassLoaderDispatch.java:33)
  at org.gradle.internal.dispatch.ProxyDispatchAdapter$DispatchingInvocationHandler.invoke(ProxyDispatchAdapter.java:88)
  at jdk.proxy1/jdk.proxy1.$Proxy4.processTestDefinition(Unknown Source)
  at org.gradle.api.internal.tasks.testing.worker.TestWorker$2.run(TestWorker.java:178)
  at org.gradle.api.internal.tasks.testing.worker.TestWorker.executeAndMaintainThreadName(TestWorker.java:126)
  at org.gradle.api.internal.tasks.testing.worker.TestWorker.execute(TestWorker.java:103)
  at org.gradle.api.internal.tasks.testing.worker.TestWorker.execute(TestWorker.java:63)
  at org.gradle.process.internal.worker.child.ActionExecutionWorker.execute(ActionExecutionWorker.java:56)
  at org.gradle.process.internal.worker.child.SystemApplicationClassLoaderWorker.call(SystemApplicationClassLoaderWorker.java:122)
  at org.gradle.process.internal.worker.child.SystemApplicationClassLoaderWorker.call(SystemApplicationClassLoaderWorker.java:72)
  at worker.org.gradle.process.internal.worker.GradleWorkerMain.run(GradleWorkerMain.java:69)
  at worker.org.gradle.process.internal.worker.GradleWorkerMain.main(GradleWorkerMain.java:74)
</stacktrace>
</test-failure>


TypeScriptCompilerTests_A[jvm] > arrayOfSubtypeIsAssignableToReadonlyArray_ts has expected errors matching arrayOfSubtypeIsAssignableToReadonlyArray_errors_txt[jvm] FAILED

<test-failure test="com.xemantic.typescript.compiler.TypeScriptCompilerTests_A.assignmentCompatability17_ts has expected errors matching assignmentCompatability17_errors_txt" platform="jvm">
<message>
Expected diagnostics from baseline typescript-repo/tests/baselines/reference/assignmentCompatability17.errors.txt but none produced
</message>
<stacktrace>
  at com.xemantic.typescript.compiler.TypeScriptTestSupportKt.errorsMatchBaseline(TypeScriptTestSupport.kt:125)
  at com.xemantic.typescript.compiler.TypeScriptCompilerTests_A.assignmentCompatability17_ts has expected errors matching assignmentCompatability17_errors_txt(TypeScriptCompilerTests_A.kt:3339)
  at java.base/jdk.internal.reflect.DirectMethodHandleAccessor.invoke(DirectMethodHandleAccessor.java:104)
  at java.base/java.lang.reflect.Method.invoke(Method.java:565)
  at org.junit.runners.model.FrameworkMethod$1.runReflectiveCall(FrameworkMethod.java:59)
  at org.junit.internal.runners.model.ReflectiveCallable.run(ReflectiveCallable.java:12)
  at org.junit.runners.model.FrameworkMethod.invokeExplosively(FrameworkMethod.java:56)
  at org.junit.internal.runners.statements.InvokeMethod.evaluate(InvokeMethod.java:17)
  at org.junit.runners.ParentRunner$3.evaluate(ParentRunner.java:306)
  at org.junit.runners.BlockJUnit4ClassRunner$1.evaluate(BlockJUnit4ClassRunner.java:100)
  at org.junit.runners.ParentRunner.runLeaf(ParentRunner.java:366)
  at org.junit.runners.BlockJUnit4ClassRunner.runChild(BlockJUnit4ClassRunner.java:103)
  at org.junit.runners.BlockJUnit4ClassRunner.runChild(BlockJUnit4ClassRunner.java:63)
  at org.junit.runners.ParentRunner$4.run(ParentRunner.java:331)
  at org.junit.runners.ParentRunner$1.schedule(ParentRunner.java:79)
  at org.junit.runners.ParentRunner.runChildren(ParentRunner.java:329)
  at org.junit.runners.ParentRunner.access$100(ParentRunner.java:66)
  at org.junit.runners.ParentRunner$2.evaluate(ParentRunner.java:293)
  at org.junit.runners.ParentRunner$3.evaluate(ParentRunner.java:306)
  at org.junit.runners.ParentRunner.run(ParentRunner.java:413)
  at org.junit.runner.JUnitCore.run(JUnitCore.java:137)
  at org.junit.runner.JUnitCore.run(JUnitCore.java:115)
  at org.gradle.api.internal.tasks.testing.junit.JUnitTestExecutor.runRequest(JUnitTestExecutor.java:175)
  at org.gradle.api.internal.tasks.testing.junit.JUnitTestExecutor.accept(JUnitTestExecutor.java:84)
  at org.gradle.api.internal.tasks.testing.junit.JUnitTestExecutor.accept(JUnitTestExecutor.java:47)
  at org.gradle.api.internal.tasks.testing.junit.AbstractJUnitTestDefinitionProcessor.processTestDefinition(AbstractJUnitTestDefinitionProcessor.java:65)
  at org.gradle.api.internal.tasks.testing.SuiteTestDefinitionProcessor.processTestDefinition(SuiteTestDefinitionProcessor.java:54)
  at java.base/jdk.internal.reflect.DirectMethodHandleAccessor.invoke(DirectMethodHandleAccessor.java:104)
  at java.base/java.lang.reflect.Method.invoke(Method.java:565)
  at org.gradle.internal.dispatch.MethodInvocation.invokeOn(MethodInvocation.java:77)
  at org.gradle.internal.dispatch.ReflectionDispatch.dispatch(ReflectionDispatch.java:28)
  at org.gradle.internal.dispatch.ReflectionDispatch.dispatch(ReflectionDispatch.java:19)
  at org.gradle.internal.dispatch.ContextClassLoaderDispatch.dispatch(ContextClassLoaderDispatch.java:33)
  at org.gradle.internal.dispatch.ProxyDispatchAdapter$DispatchingInvocationHandler.invoke(ProxyDispatchAdapter.java:88)
  at jdk.proxy1/jdk.proxy1.$Proxy4.processTestDefinition(Unknown Source)
  at org.gradle.api.internal.tasks.testing.worker.TestWorker$2.run(TestWorker.java:178)
  at org.gradle.api.internal.tasks.testing.worker.TestWorker.executeAndMaintainThreadName(TestWorker.java:126)
  at org.gradle.api.internal.tasks.testing.worker.TestWorker.execute(TestWorker.java:103)
  at org.gradle.api.internal.tasks.testing.worker.TestWorker.execute(TestWorker.java:63)
  at org.gradle.process.internal.worker.child.ActionExecutionWorker.execute(ActionExecutionWorker.java:56)
  at org.gradle.process.internal.worker.child.SystemApplicationClassLoaderWorker.call(SystemApplicationClassLoaderWorker.java:122)
  at org.gradle.process.internal.worker.child.SystemApplicationClassLoaderWorker.call(SystemApplicationClassLoaderWorker.java:72)
  at worker.org.gradle.process.internal.worker.GradleWorkerMain.run(GradleWorkerMain.java:69)
  at worker.org.gradle.process.internal.worker.GradleWorkerMain.main(GradleWorkerMain.java:74)
</stacktrace>
</test-failure>


TypeScriptCompilerTests_A[jvm] > assignmentCompatability17_ts has expected errors matching assignmentCompatability17_errors_txt[jvm] FAILED

<test-failure test="com.xemantic.typescript.compiler.TypeScriptCompilerTests_A.abstractPropertyInConstructor_ts has expected errors matching abstractPropertyInConstructor_errors_txt" platform="jvm">
<message>
--- expected
+++ actual
@@ -1,34 +1,17 @@
-abstractPropertyInConstructor.ts(4,24): error TS2715: Abstract property 'prop' in class 'AbstractClass' cannot be accessed in the constructor.
-abstractPropertyInConstructor.ts(7,18): error TS2715: Abstract property 'prop' in class 'AbstractClass' cannot be accessed in the constructor.
-abstractPropertyInConstructor.ts(9,14): error TS2715: Abstract property 'cb' in class 'AbstractClass' cannot be accessed in the constructor.
-abstractPropertyInConstructor.ts(25,18): error TS2715: Abstract property 'prop' in class 'AbstractClass' cannot be accessed in the constructor.
-abstractPropertyInConstructor.ts(25,18): error TS2729: Property 'prop' is used before its initialization.
-abstractPropertyInConstructor.ts(39,22): error TS2715: Abstract property 'prop' in class 'AbstractClass' cannot be accessed in the constructor.
-abstractPropertyInConstructor.ts(78,15): error TS2715: Abstract property 'x' in class 'C1' cannot be accessed in the constructor.
-abstractPropertyInConstructor.ts(78,18): error TS2715: Abstract property 'y' in class 'C1' cannot be accessed in the constructor.
-abstractPropertyInConstructor.ts(79,12): error TS2715: Abstract property 'x' in class 'C1' cannot be accessed in the constructor.
-abstractPropertyInConstructor.ts(79,15): error TS2715: Abstract property 'y' in class 'C1' cannot be accessed in the constructor.
-abstractPropertyInConstructor.ts(79,22): error TS2715: Abstract property 'y' in class 'C1' cannot be accessed in the constructor.
 abstractPropertyInConstructor.ts(84,5): error TS2564: Property 'x' has no initializer and is not definitely assigned in the constructor.
 abstractPropertyInConstructor.ts(85,5): error TS2564: Property 'y' has no initializer and is not definitely assigned in the constructor.
 
 
-==== abstractPropertyInConstructor.ts (13 errors) ====
+==== abstractPropertyInConstructor.ts (2 errors) ====
     abstract class AbstractClass {
         constructor(str: string, other: AbstractClass) {
             this.method(parseInt(str));
             let val = this.prop.toLowerCase();
-                           ~~~~
-!!! error TS2715: Abstract property 'prop' in class 'AbstractClass' cannot be accessed in the constructor.
     
             if (!str) {
                 this.prop = "Hello World";
-                     ~~~~
-!!! error TS2715: Abstract property 'prop' in class 'AbstractClass' cannot be accessed in the constructor.
             }
             this.cb(str);
-                 ~~
-!!! error TS2715: Abstract property 'cb' in class 'AbstractClass' cannot be accessed in the constructor.
     
             // OK, reference is inside function
             const innerFunction = () => {
@@ -45,11 +28,6 @@
         abstract method(num: number): void;
     
         other = this.prop;
-                     ~~~~
-!!! error TS2715: Abstract property 'prop' in class 'AbstractClass' cannot be accessed in the constructor.
-                     ~~~~
-!!! error TS2729: Property 'prop' is used before its initialization.
-!!! related TS2728 abstractPropertyInConstructor.ts:20:14: 'prop' is declared here.
         fn = () => this.prop;
     
         method2() {
@@ -64,8 +42,6 @@
             super(str, other);
             // there is no implementation of 'prop' in any base class
             this.cb(this.prop.toLowerCase());
-                         ~~~~
-!!! error TS2715: Abstract property 'prop' in class 'AbstractClass' cannot be accessed in the constructor.
     
             this.method(1);
     
@@ -105,17 +81,7 @@
         constructor() {
             let self = this;                // ok
             let { x, y: y1 } = this;        // error
-                  ~
-!!! error TS2715: Abstract property 'x' in class 'C1' cannot be accessed in the constructor.
-                     ~
-!!! error TS2715: Abstract property 'y' in class 'C1' cannot be accessed in the constructor.
             ({ x, y: y1, "y": y1 } = this); // error
-               ~
-!!! error TS2715: Abstract property 'x' in class 'C1' cannot be accessed in the constructor.
-                  ~
-!!! error TS2715: Abstract property 'y' in class 'C1' cannot be accessed in the constructor.
-                         ~~~
-!!! error TS2715: Abstract property 'y' in class 'C1' cannot be accessed in the constructor.
         }
     }
     

</message>
<stacktrace>
  at org.junit.Assert.fail(Assert.java:89)
  at kotlin.test.junit.JUnitAsserter.fail(JUnitSupport.kt:56)
  at kotlin.test.AssertionsKt__AssertionsKt.fail(Assertions.kt:563)
  at kotlin.test.AssertionsKt.fail(Unknown Source)
  at com.xemantic.kotlin.test.SameAsKt.sameAs(SameAs.kt:52)
  at com.xemantic.typescript.compiler.TypeScriptTestSupportKt.errorsMatchBaseline(TypeScriptTestSupport.kt:135)
  at com.xemantic.typescript.compiler.TypeScriptCompilerTests_A.abstractPropertyInConstructor_ts has expected errors matching abstractPropertyInConstructor_errors_txt(TypeScriptCompilerTests_A.kt:161)
  at java.base/jdk.internal.reflect.DirectMethodHandleAccessor.invoke(DirectMethodHandleAccessor.java:104)
  at java.base/java.lang.reflect.Method.invoke(Method.java:565)
  at org.junit.runners.model.FrameworkMethod$1.runReflectiveCall(FrameworkMethod.java:59)
  at org.junit.internal.runners.model.ReflectiveCallable.run(ReflectiveCallable.java:12)
  at org.junit.runners.model.FrameworkMethod.invokeExplosively(FrameworkMethod.java:56)
  at org.junit.internal.runners.statements.InvokeMethod.evaluate(InvokeMethod.java:17)
  at org.junit.runners.ParentRunner$3.evaluate(ParentRunner.java:306)
  at org.junit.runners.BlockJUnit4ClassRunner$1.evaluate(BlockJUnit4ClassRunner.java:100)
  at org.junit.runners.ParentRunner.runLeaf(ParentRunner.java:366)
  at org.junit.runners.BlockJUnit4ClassRunner.runChild(BlockJUnit4ClassRunner.java:103)
  at org.junit.runners.BlockJUnit4ClassRunner.runChild(BlockJUnit4ClassRunner.java:63)
  at org.junit.runners.ParentRunner$4.run(ParentRunner.java:331)
  at org.junit.runners.ParentRunner$1.schedule(ParentRunner.java:79)
  at org.junit.runners.ParentRunner.runChildren(ParentRunner.java:329)
  at org.junit.runners.ParentRunner.access$100(ParentRunner.java:66)
  at org.junit.runners.ParentRunner$2.evaluate(ParentRunner.java:293)
  at org.junit.runners.ParentRunner$3.evaluate(ParentRunner.java:306)
  at org.junit.runners.ParentRunner.run(ParentRunner.java:413)
  at org.junit.runner.JUnitCore.run(JUnitCore.java:137)
  at org.junit.runner.JUnitCore.run(JUnitCore.java:115)
  at org.gradle.api.internal.tasks.testing.junit.JUnitTestExecutor.runRequest(JUnitTestExecutor.java:175)
  at org.gradle.api.internal.tasks.testing.junit.JUnitTestExecutor.accept(JUnitTestExecutor.java:84)
  at org.gradle.api.internal.tasks.testing.junit.JUnitTestExecutor.accept(JUnitTestExecutor.java:47)
  at org.gradle.api.internal.tasks.testing.junit.AbstractJUnitTestDefinitionProcessor.processTestDefinition(AbstractJUnitTestDefinitionProcessor.java:65)
  at org.gradle.api.internal.tasks.testing.SuiteTestDefinitionProcessor.processTestDefinition(SuiteTestDefinitionProcessor.java:54)
  at java.base/jdk.internal.reflect.DirectMethodHandleAccessor.invoke(DirectMethodHandleAccessor.java:104)
  at java.base/java.lang.reflect.Method.invoke(Method.java:565)
  at org.gradle.internal.dispatch.MethodInvocation.invokeOn(MethodInvocation.java:77)
  at org.gradle.internal.dispatch.ReflectionDispatch.dispatch(ReflectionDispatch.java:28)
  at org.gradle.internal.dispatch.ReflectionDispatch.dispatch(ReflectionDispatch.java:19)
  at org.gradle.internal.dispatch.ContextClassLoaderDispatch.dispatch(ContextClassLoaderDispatch.java:33)
  at org.gradle.internal.dispatch.ProxyDispatchAdapter$DispatchingInvocationHandler.invoke(ProxyDispatchAdapter.java:88)
  at jdk.proxy1/jdk.proxy1.$Proxy4.processTestDefinition(Unknown Source)
  at org.gradle.api.internal.tasks.testing.worker.TestWorker$2.run(TestWorker.java:178)
  at org.gradle.api.internal.tasks.testing.worker.TestWorker.executeAndMaintainThreadName(TestWorker.java:126)
  at org.gradle.api.internal.tasks.testing.worker.TestWorker.execute(TestWorker.java:103)
  at org.gradle.api.internal.tasks.testing.worker.TestWorker.execute(TestWorker.java:63)
  at org.gradle.process.internal.worker.child.ActionExecutionWorker.execute(ActionExecutionWorker.java:56)
  at org.gradle.process.internal.worker.child.SystemApplicationClassLoaderWorker.call(SystemApplicationClassLoaderWorker.java:122)
  at org.gradle.process.internal.worker.child.SystemApplicationClassLoaderWorker.call(SystemApplicationClassLoaderWorker.java:72)
  at worker.org.gradle.process.internal.worker.GradleWorkerMain.run(GradleWorkerMain.java:69)
  at worker.org.gradle.process.internal.worker.GradleWorkerMain.main(GradleWorkerMain.java:74)
</stacktrace>
</test-failure>


TypeScriptCompilerTests_A[jvm] > abstractPropertyInConstructor_ts has expected errors matching abstractPropertyInConstructor_errors_txt[jvm] FAILED

<test-failure test="com.xemantic.typescript.compiler.TypeScriptCompilerTests_A.arrowExpressionBodyJSDoc_ts has expected errors matching arrowExpressionBodyJSDoc_errors_txt" platform="jvm">
<message>
--- expected
+++ actual
@@ -1,7 +1,5 @@
-mytest.js(6,44): error TS2322: Type 'string' is not assignable to type 'T'.
-  'T' could be instantiated with an arbitrary type which could be unrelated to 'string'.
-mytest.js(13,44): error TS2322: Type 'string' is not assignable to type 'T'.
-  'T' could be instantiated with an arbitrary type which could be unrelated to 'string'.
+mytest.js(6,14): error TS7006: Parameter 'value' implicitly has an 'any' type.
+mytest.js(13,14): error TS7006: Parameter 'value' implicitly has an 'any' type.
 
 
 ==== mytest.js (2 errors) ====
@@ -11,9 +9,8 @@
      * @returns {T} result value
      */
     const foo1 = value => /** @type {string} */({ ...value });
-                                               ~~~~~~~~~~~~~~
-!!! error TS2322: Type 'string' is not assignable to type 'T'.
-!!! error TS2322:   'T' could be instantiated with an arbitrary type which could be unrelated to 'string'.
+                 ~~~~~
+!!! error TS7006: Parameter 'value' implicitly has an 'any' type.
     
     /**
      * @template T
@@ -21,6 +18,5 @@
      * @returns {T} result value
      */
     const foo2 = value => /** @type {string} */(/** @type {T} */({ ...value }));
-                                               ~~~~~~~~~~~~~~~~~~~~~~~~~~~~~~~~
-!!! error TS2322: Type 'string' is not assignable to type 'T'.
-!!! error TS2322:   'T' could be instantiated with an arbitrary type which could be unrelated to 'string'.
+                 ~~~~~
+!!! error TS7006: Parameter 'value' implicitly has an 'any' type.

</message>
<stacktrace>
  at org.junit.Assert.fail(Assert.java:89)
  at kotlin.test.junit.JUnitAsserter.fail(JUnitSupport.kt:56)
  at kotlin.test.AssertionsKt__AssertionsKt.fail(Assertions.kt:563)
  at kotlin.test.AssertionsKt.fail(Unknown Source)
  at com.xemantic.kotlin.test.SameAsKt.sameAs(SameAs.kt:52)
  at com.xemantic.typescript.compiler.TypeScriptTestSupportKt.errorsMatchBaseline(TypeScriptTestSupport.kt:135)
  at com.xemantic.typescript.compiler.TypeScriptCompilerTests_A.arrowExpressionBodyJSDoc_ts has expected errors matching arrowExpressionBodyJSDoc_errors_txt(TypeScriptCompilerTests_A.kt:2716)
  at java.base/jdk.internal.reflect.DirectMethodHandleAccessor.invoke(DirectMethodHandleAccessor.java:104)
  at java.base/java.lang.reflect.Method.invoke(Method.java:565)
  at org.junit.runners.model.FrameworkMethod$1.runReflectiveCall(FrameworkMethod.java:59)
  at org.junit.internal.runners.model.ReflectiveCallable.run(ReflectiveCallable.java:12)
  at org.junit.runners.model.FrameworkMethod.invokeExplosively(FrameworkMethod.java:56)
  at org.junit.internal.runners.statements.InvokeMethod.evaluate(InvokeMethod.java:17)
  at org.junit.runners.ParentRunner$3.evaluate(ParentRunner.java:306)
  at org.junit.runners.BlockJUnit4ClassRunner$1.evaluate(BlockJUnit4ClassRunner.java:100)
  at org.junit.runners.ParentRunner.runLeaf(ParentRunner.java:366)
  at org.junit.runners.BlockJUnit4ClassRunner.runChild(BlockJUnit4ClassRunner.java:103)
  at org.junit.runners.BlockJUnit4ClassRunner.runChild(BlockJUnit4ClassRunner.java:63)
  at org.junit.runners.ParentRunner$4.run(ParentRunner.java:331)
  at org.junit.runners.ParentRunner$1.schedule(ParentRunner.java:79)
  at org.junit.runners.ParentRunner.runChildren(ParentRunner.java:329)
  at org.junit.runners.ParentRunner.access$100(ParentRunner.java:66)
  at org.junit.runners.ParentRunner$2.evaluate(ParentRunner.java:293)
  at org.junit.runners.ParentRunner$3.evaluate(ParentRunner.java:306)
  at org.junit.runners.ParentRunner.run(ParentRunner.java:413)
  at org.junit.runner.JUnitCore.run(JUnitCore.java:137)
  at org.junit.runner.JUnitCore.run(JUnitCore.java:115)
  at org.gradle.api.internal.tasks.testing.junit.JUnitTestExecutor.runRequest(JUnitTestExecutor.java:175)
  at org.gradle.api.internal.tasks.testing.junit.JUnitTestExecutor.accept(JUnitTestExecutor.java:84)
  at org.gradle.api.internal.tasks.testing.junit.JUnitTestExecutor.accept(JUnitTestExecutor.java:47)
  at org.gradle.api.internal.tasks.testing.junit.AbstractJUnitTestDefinitionProcessor.processTestDefinition(AbstractJUnitTestDefinitionProcessor.java:65)
  at org.gradle.api.internal.tasks.testing.SuiteTestDefinitionProcessor.processTestDefinition(SuiteTestDefinitionProcessor.java:54)
  at java.base/jdk.internal.reflect.DirectMethodHandleAccessor.invoke(DirectMethodHandleAccessor.java:104)
  at java.base/java.lang.reflect.Method.invoke(Method.java:565)
  at org.gradle.internal.dispatch.MethodInvocation.invokeOn(MethodInvocation.java:77)
  at org.gradle.internal.dispatch.ReflectionDispatch.dispatch(ReflectionDispatch.java:28)
  at org.gradle.internal.dispatch.ReflectionDispatch.dispatch(ReflectionDispatch.java:19)
  at org.gradle.internal.dispatch.ContextClassLoaderDispatch.dispatch(ContextClassLoaderDispatch.java:33)
  at org.gradle.internal.dispatch.ProxyDispatchAdapter$DispatchingInvocationHandler.invoke(ProxyDispatchAdapter.java:88)
  at jdk.proxy1/jdk.proxy1.$Proxy4.processTestDefinition(Unknown Source)
  at org.gradle.api.internal.tasks.testing.worker.TestWorker$2.run(TestWorker.java:178)
  at org.gradle.api.internal.tasks.testing.worker.TestWorker.executeAndMaintainThreadName(TestWorker.java:126)
  at org.gradle.api.internal.tasks.testing.worker.TestWorker.execute(TestWorker.java:103)
  at org.gradle.api.internal.tasks.testing.worker.TestWorker.execute(TestWorker.java:63)
  at org.gradle.process.internal.worker.child.ActionExecutionWorker.execute(ActionExecutionWorker.java:56)
  at org.gradle.process.internal.worker.child.SystemApplicationClassLoaderWorker.call(SystemApplicationClassLoaderWorker.java:122)
  at org.gradle.process.internal.worker.child.SystemApplicationClassLoaderWorker.call(SystemApplicationClassLoaderWorker.java:72)
  at worker.org.gradle.process.internal.worker.GradleWorkerMain.run(GradleWorkerMain.java:69)
  at worker.org.gradle.process.internal.worker.GradleWorkerMain.main(GradleWorkerMain.java:74)
</stacktrace>
</test-failure>


TypeScriptCompilerTests_A[jvm] > arrowExpressionBodyJSDoc_ts has expected errors matching arrowExpressionBodyJSDoc_errors_txt[jvm] FAILED

<test-failure test="com.xemantic.typescript.compiler.TypeScriptCompilerTests_A.abstractClassUnionInstantiation_ts has expected errors matching abstractClassUnionInstantiation_errors_txt" platform="jvm">
<message>
--- expected
+++ actual
@@ -1,13 +1,8 @@
 abstractClassUnionInstantiation.ts(3,28): error TS2564: Property 'a' has no initializer and is not definitely assigned in the constructor.
 abstractClassUnionInstantiation.ts(4,28): error TS2564: Property 'b' has no initializer and is not definitely assigned in the constructor.
-abstractClassUnionInstantiation.ts(14,1): error TS2511: Cannot create an instance of an abstract class.
-abstractClassUnionInstantiation.ts(15,1): error TS2511: Cannot create an instance of an abstract class.
-abstractClassUnionInstantiation.ts(18,46): error TS2511: Cannot create an instance of an abstract class.
-abstractClassUnionInstantiation.ts(19,46): error TS2511: Cannot create an instance of an abstract class.
-abstractClassUnionInstantiation.ts(21,35): error TS2511: Cannot create an instance of an abstract class.
 
 
-==== abstractClassUnionInstantiation.ts (7 errors) ====
+==== abstractClassUnionInstantiation.ts (2 errors) ====
     class ConcreteA {}
     class ConcreteB {}
     abstract class AbstractA { a: string; }
@@ -26,20 +21,10 @@
     declare const cls3: Concretes;
     
     new cls1(); // should error
-    ~~~~~~~~~~
-!!! error TS2511: Cannot create an instance of an abstract class.
     new cls2(); // should error
-    ~~~~~~~~~~
-!!! error TS2511: Cannot create an instance of an abstract class.
     new cls3(); // should work
     
     [ConcreteA, AbstractA, AbstractB].map(cls => new cls()); // should error
-                                                 ~~~~~~~~~
-!!! error TS2511: Cannot create an instance of an abstract class.
     [AbstractA, AbstractB, ConcreteA].map(cls => new cls()); // should error
-                                                 ~~~~~~~~~
-!!! error TS2511: Cannot create an instance of an abstract class.
     [ConcreteA, ConcreteB].map(cls => new cls()); // should work
     [AbstractA, AbstractB].map(cls => new cls()); // should error
-                                      ~~~~~~~~~
-!!! error TS2511: Cannot create an instance of an abstract class.

</message>
<stacktrace>
  at org.junit.Assert.fail(Assert.java:89)
  at kotlin.test.junit.JUnitAsserter.fail(JUnitSupport.kt:56)
  at kotlin.test.AssertionsKt__AssertionsKt.fail(Assertions.kt:563)
  at kotlin.test.AssertionsKt.fail(Unknown Source)
  at com.xemantic.kotlin.test.SameAsKt.sameAs(SameAs.kt:52)
  at com.xemantic.typescript.compiler.TypeScriptTestSupportKt.errorsMatchBaseline(TypeScriptTestSupport.kt:135)
  at com.xemantic.typescript.compiler.TypeScriptCompilerTests_A.abstractClassUnionInstantiation_ts has expected errors matching abstractClassUnionInstantiation_errors_txt(TypeScriptCompilerTests_A.kt:119)
  at java.base/jdk.internal.reflect.DirectMethodHandleAccessor.invoke(DirectMethodHandleAccessor.java:104)
  at java.base/java.lang.reflect.Method.invoke(Method.java:565)
  at org.junit.runners.model.FrameworkMethod$1.runReflectiveCall(FrameworkMethod.java:59)
  at org.junit.internal.runners.model.ReflectiveCallable.run(ReflectiveCallable.java:12)
  at org.junit.runners.model.FrameworkMethod.invokeExplosively(FrameworkMethod.java:56)
  at org.junit.internal.runners.statements.InvokeMethod.evaluate(InvokeMethod.java:17)
  at org.junit.runners.ParentRunner$3.evaluate(ParentRunner.java:306)
  at org.junit.runners.BlockJUnit4ClassRunner$1.evaluate(BlockJUnit4ClassRunner.java:100)
  at org.junit.runners.ParentRunner.runLeaf(ParentRunner.java:366)
  at org.junit.runners.BlockJUnit4ClassRunner.runChild(BlockJUnit4ClassRunner.java:103)
  at org.junit.runners.BlockJUnit4ClassRunner.runChild(BlockJUnit4ClassRunner.java:63)
  at org.junit.runners.ParentRunner$4.run(ParentRunner.java:331)
  at org.junit.runners.ParentRunner$1.schedule(ParentRunner.java:79)
  at org.junit.runners.ParentRunner.runChildren(ParentRunner.java:329)
  at org.junit.runners.ParentRunner.access$100(ParentRunner.java:66)
  at org.junit.runners.ParentRunner$2.evaluate(ParentRunner.java:293)
  at org.junit.runners.ParentRunner$3.evaluate(ParentRunner.java:306)
  at org.junit.runners.ParentRunner.run(ParentRunner.java:413)
  at org.junit.runner.JUnitCore.run(JUnitCore.java:137)
  at org.junit.runner.JUnitCore.run(JUnitCore.java:115)
  at org.gradle.api.internal.tasks.testing.junit.JUnitTestExecutor.runRequest(JUnitTestExecutor.java:175)
  at org.gradle.api.internal.tasks.testing.junit.JUnitTestExecutor.accept(JUnitTestExecutor.java:84)
  at org.gradle.api.internal.tasks.testing.junit.JUnitTestExecutor.accept(JUnitTestExecutor.java:47)
  at org.gradle.api.internal.tasks.testing.junit.AbstractJUnitTestDefinitionProcessor.processTestDefinition(AbstractJUnitTestDefinitionProcessor.java:65)
  at org.gradle.api.internal.tasks.testing.SuiteTestDefinitionProcessor.processTestDefinition(SuiteTestDefinitionProcessor.java:54)
  at java.base/jdk.internal.reflect.DirectMethodHandleAccessor.invoke(DirectMethodHandleAccessor.java:104)
  at java.base/java.lang.reflect.Method.invoke(Method.java:565)
  at org.gradle.internal.dispatch.MethodInvocation.invokeOn(MethodInvocation.java:77)
  at org.gradle.internal.dispatch.ReflectionDispatch.dispatch(ReflectionDispatch.java:28)
  at org.gradle.internal.dispatch.ReflectionDispatch.dispatch(ReflectionDispatch.java:19)
  at org.gradle.internal.dispatch.ContextClassLoaderDispatch.dispatch(ContextClassLoaderDispatch.java:33)
  at org.gradle.internal.dispatch.ProxyDispatchAdapter$DispatchingInvocationHandler.invoke(ProxyDispatchAdapter.java:88)
  at jdk.proxy1/jdk.proxy1.$Proxy4.processTestDefinition(Unknown Source)
  at org.gradle.api.internal.tasks.testing.worker.TestWorker$2.run(TestWorker.java:178)
  at org.gradle.api.internal.tasks.testing.worker.TestWorker.executeAndMaintainThreadName(TestWorker.java:126)
  at org.gradle.api.internal.tasks.testing.worker.TestWorker.execute(TestWorker.java:103)
  at org.gradle.api.internal.tasks.testing.worker.TestWorker.execute(TestWorker.java:63)
  at org.gradle.process.internal.worker.child.ActionExecutionWorker.execute(ActionExecutionWorker.java:56)
  at org.gradle.process.internal.worker.child.SystemApplicationClassLoaderWorker.call(SystemApplicationClassLoaderWorker.java:122)
  at org.gradle.process.internal.worker.child.SystemApplicationClassLoaderWorker.call(SystemApplicationClassLoaderWorker.java:72)
  at worker.org.gradle.process.internal.worker.GradleWorkerMain.run(GradleWorkerMain.java:69)
  at worker.org.gradle.process.internal.worker.GradleWorkerMain.main(GradleWorkerMain.java:74)
</stacktrace>
</test-failure>


TypeScriptCompilerTests_A[jvm] > abstractClassUnionInstantiation_ts has expected errors matching abstractClassUnionInstantiation_errors_txt[jvm] FAILED

<test-failure test="com.xemantic.typescript.compiler.TypeScriptCompilerTests_B.builtinIterator_ts has expected errors matching builtinIterator_errors_txt" platform="jvm">
<message>
Expected diagnostics from baseline typescript-repo/tests/baselines/reference/builtinIterator.errors.txt but none produced
</message>
<stacktrace>
  at com.xemantic.typescript.compiler.TypeScriptTestSupportKt.errorsMatchBaseline(TypeScriptTestSupport.kt:125)
  at com.xemantic.typescript.compiler.TypeScriptCompilerTests_B.builtinIterator_ts has expected errors matching builtinIterator_errors_txt(TypeScriptCompilerTests_B.kt:1148)
  at java.base/jdk.internal.reflect.DirectMethodHandleAccessor.invoke(DirectMethodHandleAccessor.java:104)
  at java.base/java.lang.reflect.Method.invoke(Method.java:565)
  at org.junit.runners.model.FrameworkMethod$1.runReflectiveCall(FrameworkMethod.java:59)
  at org.junit.internal.runners.model.ReflectiveCallable.run(ReflectiveCallable.java:12)
  at org.junit.runners.model.FrameworkMethod.invokeExplosively(FrameworkMethod.java:56)
  at org.junit.internal.runners.statements.InvokeMethod.evaluate(InvokeMethod.java:17)
  at org.junit.runners.ParentRunner$3.evaluate(ParentRunner.java:306)
  at org.junit.runners.BlockJUnit4ClassRunner$1.evaluate(BlockJUnit4ClassRunner.java:100)
  at org.junit.runners.ParentRunner.runLeaf(ParentRunner.java:366)
  at org.junit.runners.BlockJUnit4ClassRunner.runChild(BlockJUnit4ClassRunner.java:103)
  at org.junit.runners.BlockJUnit4ClassRunner.runChild(BlockJUnit4ClassRunner.java:63)
  at org.junit.runners.ParentRunner$4.run(ParentRunner.java:331)
  at org.junit.runners.ParentRunner$1.schedule(ParentRunner.java:79)
  at org.junit.runners.ParentRunner.runChildren(ParentRunner.java:329)
  at org.junit.runners.ParentRunner.access$100(ParentRunner.java:66)
  at org.junit.runners.ParentRunner$2.evaluate(ParentRunner.java:293)
  at org.junit.runners.ParentRunner$3.evaluate(ParentRunner.java:306)
  at org.junit.runners.ParentRunner.run(ParentRunner.java:413)
  at org.junit.runner.JUnitCore.run(JUnitCore.java:137)
  at org.junit.runner.JUnitCore.run(JUnitCore.java:115)
  at org.gradle.api.internal.tasks.testing.junit.JUnitTestExecutor.runRequest(JUnitTestExecutor.java:175)
  at org.gradle.api.internal.tasks.testing.junit.JUnitTestExecutor.accept(JUnitTestExecutor.java:84)
  at org.gradle.api.internal.tasks.testing.junit.JUnitTestExecutor.accept(JUnitTestExecutor.java:47)
  at org.gradle.api.internal.tasks.testing.junit.AbstractJUnitTestDefinitionProcessor.processTestDefinition(AbstractJUnitTestDefinitionProcessor.java:65)
  at org.gradle.api.internal.tasks.testing.SuiteTestDefinitionProcessor.processTestDefinition(SuiteTestDefinitionProcessor.java:54)
  at java.base/jdk.internal.reflect.DirectMethodHandleAccessor.invoke(DirectMethodHandleAccessor.java:104)
  at java.base/java.lang.reflect.Method.invoke(Method.java:565)
  at org.gradle.internal.dispatch.MethodInvocation.invokeOn(MethodInvocation.java:77)
  at org.gradle.internal.dispatch.ReflectionDispatch.dispatch(ReflectionDispatch.java:28)
  at org.gradle.internal.dispatch.ReflectionDispatch.dispatch(ReflectionDispatch.java:19)
  at org.gradle.internal.dispatch.ContextClassLoaderDispatch.dispatch(ContextClassLoaderDispatch.java:33)
  at org.gradle.internal.dispatch.ProxyDispatchAdapter$DispatchingInvocationHandler.invoke(ProxyDispatchAdapter.java:88)
  at jdk.proxy1/jdk.proxy1.$Proxy4.processTestDefinition(Unknown Source)
  at org.gradle.api.internal.tasks.testing.worker.TestWorker$2.run(TestWorker.java:178)
  at org.gradle.api.internal.tasks.testing.worker.TestWorker.executeAndMaintainThreadName(TestWorker.java:126)
  at org.gradle.api.internal.tasks.testing.worker.TestWorker.execute(TestWorker.java:103)
  at org.gradle.api.internal.tasks.testing.worker.TestWorker.execute(TestWorker.java:63)
  at org.gradle.process.internal.worker.child.ActionExecutionWorker.execute(ActionExecutionWorker.java:56)
  at org.gradle.process.internal.worker.child.SystemApplicationClassLoaderWorker.call(SystemApplicationClassLoaderWorker.java:122)
  at org.gradle.process.internal.worker.child.SystemApplicationClassLoaderWorker.call(SystemApplicationClassLoaderWorker.java:72)
  at worker.org.gradle.process.internal.worker.GradleWorkerMain.run(GradleWorkerMain.java:69)
  at worker.org.gradle.process.internal.worker.GradleWorkerMain.main(GradleWorkerMain.java:74)
</stacktrace>
</test-failure>


TypeScriptCompilerTests_B[jvm] > builtinIterator_ts has expected errors matching builtinIterator_errors_txt[jvm] FAILED

<test-failure test="com.xemantic.typescript.compiler.TypeScriptCompilerTests_B.baseConstraintOfDecorator_ts has expected errors matching baseConstraintOfDecorator_errors_txt" platform="jvm">
<message>
Expected diagnostics from baseline typescript-repo/tests/baselines/reference/baseConstraintOfDecorator.errors.txt but none produced
</message>
<stacktrace>
  at com.xemantic.typescript.compiler.TypeScriptTestSupportKt.errorsMatchBaseline(TypeScriptTestSupport.kt:125)
  at com.xemantic.typescript.compiler.TypeScriptCompilerTests_B.baseConstraintOfDecorator_ts has expected errors matching baseConstraintOfDecorator_errors_txt(TypeScriptCompilerTests_B.kt:126)
  at java.base/jdk.internal.reflect.DirectMethodHandleAccessor.invoke(DirectMethodHandleAccessor.java:104)
  at java.base/java.lang.reflect.Method.invoke(Method.java:565)
  at org.junit.runners.model.FrameworkMethod$1.runReflectiveCall(FrameworkMethod.java:59)
  at org.junit.internal.runners.model.ReflectiveCallable.run(ReflectiveCallable.java:12)
  at org.junit.runners.model.FrameworkMethod.invokeExplosively(FrameworkMethod.java:56)
  at org.junit.internal.runners.statements.InvokeMethod.evaluate(InvokeMethod.java:17)
  at org.junit.runners.ParentRunner$3.evaluate(ParentRunner.java:306)
  at org.junit.runners.BlockJUnit4ClassRunner$1.evaluate(BlockJUnit4ClassRunner.java:100)
  at org.junit.runners.ParentRunner.runLeaf(ParentRunner.java:366)
  at org.junit.runners.BlockJUnit4ClassRunner.runChild(BlockJUnit4ClassRunner.java:103)
  at org.junit.runners.BlockJUnit4ClassRunner.runChild(BlockJUnit4ClassRunner.java:63)
  at org.junit.runners.ParentRunner$4.run(ParentRunner.java:331)
  at org.junit.runners.ParentRunner$1.schedule(ParentRunner.java:79)
  at org.junit.runners.ParentRunner.runChildren(ParentRunner.java:329)
  at org.junit.runners.ParentRunner.access$100(ParentRunner.java:66)
  at org.junit.runners.ParentRunner$2.evaluate(ParentRunner.java:293)
  at org.junit.runners.ParentRunner$3.evaluate(ParentRunner.java:306)
  at org.junit.runners.ParentRunner.run(ParentRunner.java:413)
  at org.junit.runner.JUnitCore.run(JUnitCore.java:137)
  at org.junit.runner.JUnitCore.run(JUnitCore.java:115)
  at org.gradle.api.internal.tasks.testing.junit.JUnitTestExecutor.runRequest(JUnitTestExecutor.java:175)
  at org.gradle.api.internal.tasks.testing.junit.JUnitTestExecutor.accept(JUnitTestExecutor.java:84)
  at org.gradle.api.internal.tasks.testing.junit.JUnitTestExecutor.accept(JUnitTestExecutor.java:47)
  at org.gradle.api.internal.tasks.testing.junit.AbstractJUnitTestDefinitionProcessor.processTestDefinition(AbstractJUnitTestDefinitionProcessor.java:65)
  at org.gradle.api.internal.tasks.testing.SuiteTestDefinitionProcessor.processTestDefinition(SuiteTestDefinitionProcessor.java:54)
  at java.base/jdk.internal.reflect.DirectMethodHandleAccessor.invoke(DirectMethodHandleAccessor.java:104)
  at java.base/java.lang.reflect.Method.invoke(Method.java:565)
  at org.gradle.internal.dispatch.MethodInvocation.invokeOn(MethodInvocation.java:77)
  at org.gradle.internal.dispatch.ReflectionDispatch.dispatch(ReflectionDispatch.java:28)
  at org.gradle.internal.dispatch.ReflectionDispatch.dispatch(ReflectionDispatch.java:19)
  at org.gradle.internal.dispatch.ContextClassLoaderDispatch.dispatch(ContextClassLoaderDispatch.java:33)
  at org.gradle.internal.dispatch.ProxyDispatchAdapter$DispatchingInvocationHandler.invoke(ProxyDispatchAdapter.java:88)
  at jdk.proxy1/jdk.proxy1.$Proxy4.processTestDefinition(Unknown Source)
  at org.gradle.api.internal.tasks.testing.worker.TestWorker$2.run(TestWorker.java:178)
  at org.gradle.api.internal.tasks.testing.worker.TestWorker.executeAndMaintainThreadName(TestWorker.java:126)
  at org.gradle.api.internal.tasks.testing.worker.TestWorker.execute(TestWorker.java:103)
  at org.gradle.api.internal.tasks.testing.worker.TestWorker.execute(TestWorker.java:63)
  at org.gradle.process.internal.worker.child.ActionExecutionWorker.execute(ActionExecutionWorker.java:56)
  at org.gradle.process.internal.worker.child.SystemApplicationClassLoaderWorker.call(SystemApplicationClassLoaderWorker.java:122)
  at org.gradle.process.internal.worker.child.SystemApplicationClassLoaderWorker.call(SystemApplicationClassLoaderWorker.java:72)
  at worker.org.gradle.process.internal.worker.GradleWorkerMain.run(GradleWorkerMain.java:69)
  at worker.org.gradle.process.internal.worker.GradleWorkerMain.main(GradleWorkerMain.java:74)
</stacktrace>
</test-failure>


TypeScriptCompilerTests_B[jvm] > baseConstraintOfDecorator_ts has expected errors matching baseConstraintOfDecorator_errors_txt[jvm] FAILED

<test-failure test="com.xemantic.typescript.compiler.TypeScriptCompilerTests_B.bigintArbirtraryIdentifier_ts has expected errors matching bigintArbirtraryIdentifier_errors_txt" platform="jvm">
<message>
--- expected
+++ actual
@@ -1,19 +1,5 @@
-badExport.ts(1,10): error TS2304: Cannot find name 'foo'.
-badExport.ts(1,17): error TS1003: Identifier expected.
-badExport.ts(1,20): error TS1128: Declaration or statement expected.
-badExport2.ts(1,10): error TS1003: Identifier expected.
-badExport2.ts(1,16): error TS2304: Cannot find name 'foo'.
-badExport2.ts(1,20): error TS1128: Declaration or statement expected.
-badImport.ts(1,10): error TS1003: Identifier expected.
-badImport.ts(1,10): error TS1141: String literal expected.
-badImport.ts(1,20): error TS1128: Declaration or statement expected.
-badImport.ts(1,22): error TS1434: Unexpected keyword or identifier.
-badImport.ts(1,22): error TS2304: Cannot find name 'from'.
 badImport2.ts(1,17): error TS1003: Identifier expected.
-badImport2.ts(1,17): error TS1141: String literal expected.
 badImport2.ts(1,20): error TS1128: Declaration or statement expected.
-badImport2.ts(1,22): error TS1434: Unexpected keyword or identifier.
-badImport2.ts(1,22): error TS2304: Cannot find name 'from'.
 
 
 ==== foo.ts (0 errors) ====
@@ -24,46 +10,18 @@
     import { "0n" as foo } from "./foo";
     export { foo as "0n" };
     
-==== badImport.ts (5 errors) ====
+==== badImport.ts (0 errors) ====
     import { 0n as foo } from "./foo";
-             ~~
-!!! error TS1003: Identifier expected.
-             ~~~~~~~~~
-!!! error TS1141: String literal expected.
-                       ~
-!!! error TS1128: Declaration or statement expected.
-                         ~~~~
-!!! error TS1434: Unexpected keyword or identifier.
-                         ~~~~
-!!! error TS2304: Cannot find name 'from'.
     
-==== badImport2.ts (5 errors) ====
+==== badImport2.ts (2 errors) ====
     import { foo as 0n } from "./foo";
                     ~~
 !!! error TS1003: Identifier expected.
-                    ~~
-!!! error TS1141: String literal expected.
                        ~
 !!! error TS1128: Declaration or statement expected.
-                         ~~~~
-!!! error TS1434: Unexpected keyword or identifier.
-                         ~~~~
-!!! error TS2304: Cannot find name 'from'.
     
-==== badExport.ts (3 errors) ====
+==== badExport.ts (0 errors) ====
     export { foo as 0n };
-             ~~~
-!!! error TS2304: Cannot find name 'foo'.
-                    ~~
-!!! error TS1003: Identifier expected.
-                       ~
-!!! error TS1128: Declaration or statement expected.
     
-==== badExport2.ts (3 errors) ====
+==== badExport2.ts (0 errors) ====
     export { 0n as foo };
-             ~~
-!!! error TS1003: Identifier expected.
-                   ~~~
-!!! error TS2304: Cannot find name 'foo'.
-                       ~
-!!! error TS1128: Declaration or statement expected.

</message>
<stacktrace>
  at org.junit.Assert.fail(Assert.java:89)
  at kotlin.test.junit.JUnitAsserter.fail(JUnitSupport.kt:56)
  at kotlin.test.AssertionsKt__AssertionsKt.fail(Assertions.kt:563)
  at kotlin.test.AssertionsKt.fail(Unknown Source)
  at com.xemantic.kotlin.test.SameAsKt.sameAs(SameAs.kt:52)
  at com.xemantic.typescript.compiler.TypeScriptTestSupportKt.errorsMatchBaseline(TypeScriptTestSupport.kt:135)
  at com.xemantic.typescript.compiler.TypeScriptCompilerTests_B.bigintArbirtraryIdentifier_ts has expected errors matching bigintArbirtraryIdentifier_errors_txt(TypeScriptCompilerTests_B.kt:357)
  at java.base/jdk.internal.reflect.DirectMethodHandleAccessor.invoke(DirectMethodHandleAccessor.java:104)
  at java.base/java.lang.reflect.Method.invoke(Method.java:565)
  at org.junit.runners.model.FrameworkMethod$1.runReflectiveCall(FrameworkMethod.java:59)
  at org.junit.internal.runners.model.ReflectiveCallable.run(ReflectiveCallable.java:12)
  at org.junit.runners.model.FrameworkMethod.invokeExplosively(FrameworkMethod.java:56)
  at org.junit.internal.runners.statements.InvokeMethod.evaluate(InvokeMethod.java:17)
  at org.junit.runners.ParentRunner$3.evaluate(ParentRunner.java:306)
  at org.junit.runners.BlockJUnit4ClassRunner$1.evaluate(BlockJUnit4ClassRunner.java:100)
  at org.junit.runners.ParentRunner.runLeaf(ParentRunner.java:366)
  at org.junit.runners.BlockJUnit4ClassRunner.runChild(BlockJUnit4ClassRunner.java:103)
  at org.junit.runners.BlockJUnit4ClassRunner.runChild(BlockJUnit4ClassRunner.java:63)
  at org.junit.runners.ParentRunner$4.run(ParentRunner.java:331)
  at org.junit.runners.ParentRunner$1.schedule(ParentRunner.java:79)
  at org.junit.runners.ParentRunner.runChildren(ParentRunner.java:329)
  at org.junit.runners.ParentRunner.access$100(ParentRunner.java:66)
  at org.junit.runners.ParentRunner$2.evaluate(ParentRunner.java:293)
  at org.junit.runners.ParentRunner$3.evaluate(ParentRunner.java:306)
  at org.junit.runners.ParentRunner.run(ParentRunner.java:413)
  at org.junit.runner.JUnitCore.run(JUnitCore.java:137)
  at org.junit.runner.JUnitCore.run(JUnitCore.java:115)
  at org.gradle.api.internal.tasks.testing.junit.JUnitTestExecutor.runRequest(JUnitTestExecutor.java:175)
  at org.gradle.api.internal.tasks.testing.junit.JUnitTestExecutor.accept(JUnitTestExecutor.java:84)
  at org.gradle.api.internal.tasks.testing.junit.JUnitTestExecutor.accept(JUnitTestExecutor.java:47)
  at org.gradle.api.internal.tasks.testing.junit.AbstractJUnitTestDefinitionProcessor.processTestDefinition(AbstractJUnitTestDefinitionProcessor.java:65)
  at org.gradle.api.internal.tasks.testing.SuiteTestDefinitionProcessor.processTestDefinition(SuiteTestDefinitionProcessor.java:54)
  at java.base/jdk.internal.reflect.DirectMethodHandleAccessor.invoke(DirectMethodHandleAccessor.java:104)
  at java.base/java.lang.reflect.Method.invoke(Method.java:565)
  at org.gradle.internal.dispatch.MethodInvocation.invokeOn(MethodInvocation.java:77)
  at org.gradle.internal.dispatch.ReflectionDispatch.dispatch(ReflectionDispatch.java:28)
  at org.gradle.internal.dispatch.ReflectionDispatch.dispatch(ReflectionDispatch.java:19)
  at org.gradle.internal.dispatch.ContextClassLoaderDispatch.dispatch(ContextClassLoaderDispatch.java:33)
  at org.gradle.internal.dispatch.ProxyDispatchAdapter$DispatchingInvocationHandler.invoke(ProxyDispatchAdapter.java:88)
  at jdk.proxy1/jdk.proxy1.$Proxy4.processTestDefinition(Unknown Source)
  at org.gradle.api.internal.tasks.testing.worker.TestWorker$2.run(TestWorker.java:178)
  at org.gradle.api.internal.tasks.testing.worker.TestWorker.executeAndMaintainThreadName(TestWorker.java:126)
  at org.gradle.api.internal.tasks.testing.worker.TestWorker.execute(TestWorker.java:103)
  at org.gradle.api.internal.tasks.testing.worker.TestWorker.execute(TestWorker.java:63)
  at org.gradle.process.internal.worker.child.ActionExecutionWorker.execute(ActionExecutionWorker.java:56)
  at org.gradle.process.internal.worker.child.SystemApplicationClassLoaderWorker.call(SystemApplicationClassLoaderWorker.java:122)
  at org.gradle.process.internal.worker.child.SystemApplicationClassLoaderWorker.call(SystemApplicationClassLoaderWorker.java:72)
  at worker.org.gradle.process.internal.worker.GradleWorkerMain.run(GradleWorkerMain.java:69)
  at worker.org.gradle.process.internal.worker.GradleWorkerMain.main(GradleWorkerMain.java:74)
</stacktrace>
</test-failure>


TypeScriptCompilerTests_B[jvm] > bigintArbirtraryIdentifier_ts has expected errors matching bigintArbirtraryIdentifier_errors_txt[jvm] FAILED

<test-failure test="com.xemantic.typescript.compiler.TypeScriptCompilerTests_B.baseTypePrivateMemberClash_ts has expected errors matching baseTypePrivateMemberClash_errors_txt" platform="jvm">
<message>
--- expected
+++ actual
@@ -1,10 +1,8 @@
 baseTypePrivateMemberClash.ts(2,13): error TS2564: Property 'm' has no initializer and is not definitely assigned in the constructor.
 baseTypePrivateMemberClash.ts(5,13): error TS2564: Property 'm' has no initializer and is not definitely assigned in the constructor.
-baseTypePrivateMemberClash.ts(8,11): error TS2320: Interface 'Z' cannot simultaneously extend types 'X' and 'Y'.
-  Named property 'm' of types 'X' and 'Y' are not identical.
 
 
-==== baseTypePrivateMemberClash.ts (3 errors) ====
+==== baseTypePrivateMemberClash.ts (2 errors) ====
     class X {
         private m: number;
                 ~
@@ -17,6 +15,3 @@
     }
     
     interface Z extends X, Y { }
-              ~
-!!! error TS2320: Interface 'Z' cannot simultaneously extend types 'X' and 'Y'.
-!!! error TS2320:   Named property 'm' of types 'X' and 'Y' are not identical.

</message>
<stacktrace>
  at org.junit.Assert.fail(Assert.java:89)
  at kotlin.test.junit.JUnitAsserter.fail(JUnitSupport.kt:56)
  at kotlin.test.AssertionsKt__AssertionsKt.fail(Assertions.kt:563)
  at kotlin.test.AssertionsKt.fail(Unknown Source)
  at com.xemantic.kotlin.test.SameAsKt.sameAs(SameAs.kt:52)
  at com.xemantic.typescript.compiler.TypeScriptTestSupportKt.errorsMatchBaseline(TypeScriptTestSupport.kt:135)
  at com.xemantic.typescript.compiler.TypeScriptCompilerTests_B.baseTypePrivateMemberClash_ts has expected errors matching baseTypePrivateMemberClash_errors_txt(TypeScriptCompilerTests_B.kt:189)
  at java.base/jdk.internal.reflect.DirectMethodHandleAccessor.invoke(DirectMethodHandleAccessor.java:104)
  at java.base/java.lang.reflect.Method.invoke(Method.java:565)
  at org.junit.runners.model.FrameworkMethod$1.runReflectiveCall(FrameworkMethod.java:59)
  at org.junit.internal.runners.model.ReflectiveCallable.run(ReflectiveCallable.java:12)
  at org.junit.runners.model.FrameworkMethod.invokeExplosively(FrameworkMethod.java:56)
  at org.junit.internal.runners.statements.InvokeMethod.evaluate(InvokeMethod.java:17)
  at org.junit.runners.ParentRunner$3.evaluate(ParentRunner.java:306)
  at org.junit.runners.BlockJUnit4ClassRunner$1.evaluate(BlockJUnit4ClassRunner.java:100)
  at org.junit.runners.ParentRunner.runLeaf(ParentRunner.java:366)
  at org.junit.runners.BlockJUnit4ClassRunner.runChild(BlockJUnit4ClassRunner.java:103)
  at org.junit.runners.BlockJUnit4ClassRunner.runChild(BlockJUnit4ClassRunner.java:63)
  at org.junit.runners.ParentRunner$4.run(ParentRunner.java:331)
  at org.junit.runners.ParentRunner$1.schedule(ParentRunner.java:79)
  at org.junit.runners.ParentRunner.runChildren(ParentRunner.java:329)
  at org.junit.runners.ParentRunner.access$100(ParentRunner.java:66)
  at org.junit.runners.ParentRunner$2.evaluate(ParentRunner.java:293)
  at org.junit.runners.ParentRunner$3.evaluate(ParentRunner.java:306)
  at org.junit.runners.ParentRunner.run(ParentRunner.java:413)
  at org.junit.runner.JUnitCore.run(JUnitCore.java:137)
  at org.junit.runner.JUnitCore.run(JUnitCore.java:115)
  at org.gradle.api.internal.tasks.testing.junit.JUnitTestExecutor.runRequest(JUnitTestExecutor.java:175)
  at org.gradle.api.internal.tasks.testing.junit.JUnitTestExecutor.accept(JUnitTestExecutor.java:84)
  at org.gradle.api.internal.tasks.testing.junit.JUnitTestExecutor.accept(JUnitTestExecutor.java:47)
  at org.gradle.api.internal.tasks.testing.junit.AbstractJUnitTestDefinitionProcessor.processTestDefinition(AbstractJUnitTestDefinitionProcessor.java:65)
  at org.gradle.api.internal.tasks.testing.SuiteTestDefinitionProcessor.processTestDefinition(SuiteTestDefinitionProcessor.java:54)
  at java.base/jdk.internal.reflect.DirectMethodHandleAccessor.invoke(DirectMethodHandleAccessor.java:104)
  at java.base/java.lang.reflect.Method.invoke(Method.java:565)
  at org.gradle.internal.dispatch.MethodInvocation.invokeOn(MethodInvocation.java:77)
  at org.gradle.internal.dispatch.ReflectionDispatch.dispatch(ReflectionDispatch.java:28)
  at org.gradle.internal.dispatch.ReflectionDispatch.dispatch(ReflectionDispatch.java:19)
  at org.gradle.internal.dispatch.ContextClassLoaderDispatch.dispatch(ContextClassLoaderDispatch.java:33)
  at org.gradle.internal.dispatch.ProxyDispatchAdapter$DispatchingInvocationHandler.invoke(ProxyDispatchAdapter.java:88)
  at jdk.proxy1/jdk.proxy1.$Proxy4.processTestDefinition(Unknown Source)
  at org.gradle.api.internal.tasks.testing.worker.TestWorker$2.run(TestWorker.java:178)
  at org.gradle.api.internal.tasks.testing.worker.TestWorker.executeAndMaintainThreadName(TestWorker.java:126)
  at org.gradle.api.internal.tasks.testing.worker.TestWorker.execute(TestWorker.java:103)
  at org.gradle.api.internal.tasks.testing.worker.TestWorker.execute(TestWorker.java:63)
  at org.gradle.process.internal.worker.child.ActionExecutionWorker.execute(ActionExecutionWorker.java:56)
  at org.gradle.process.internal.worker.child.SystemApplicationClassLoaderWorker.call(SystemApplicationClassLoaderWorker.java:122)
  at org.gradle.process.internal.worker.child.SystemApplicationClassLoaderWorker.call(SystemApplicationClassLoaderWorker.java:72)
  at worker.org.gradle.process.internal.worker.GradleWorkerMain.run(GradleWorkerMain.java:69)
  at worker.org.gradle.process.internal.worker.GradleWorkerMain.main(GradleWorkerMain.java:74)
</stacktrace>
</test-failure>


TypeScriptCompilerTests_B[jvm] > baseTypePrivateMemberClash_ts has expected errors matching baseTypePrivateMemberClash_errors_txt[jvm] FAILED

<test-failure test="com.xemantic.typescript.compiler.TypeScriptCompilerTests_B.bases_ts has expected errors matching bases_errors_txt" platform="jvm">
<message>
--- expected
+++ actual
@@ -1,18 +1,14 @@
-bases.ts(7,14): error TS2339: Property 'y' does not exist on type 'B'.
-bases.ts(7,15): error TS1005: ';' expected.
+bases.ts(7,15): error TS1109: Expression expected.
 bases.ts(7,17): error TS2693: 'any' only refers to a type, but is being used as a value here.
 bases.ts(11,7): error TS2420: Class 'C' incorrectly implements interface 'I'.
   Property 'x' is missing in type 'C' but required in type 'I'.
 bases.ts(12,5): error TS2377: Constructors for derived classes must contain a 'super' call.
 bases.ts(13,9): error TS17009: 'super' must be called before accessing 'this' in the constructor of a derived class.
-bases.ts(13,14): error TS2339: Property 'x' does not exist on type 'C'.
-bases.ts(13,15): error TS1005: ';' expected.
+bases.ts(13,15): error TS1109: Expression expected.
 bases.ts(13,17): error TS2693: 'any' only refers to a type, but is being used as a value here.
-bases.ts(17,9): error TS2339: Property 'x' does not exist on type 'C'.
-bases.ts(18,9): error TS2339: Property 'y' does not exist on type 'C'.
 
 
-==== bases.ts (11 errors) ====
+==== bases.ts (7 errors) ====
     interface I {
         x;
     }
@@ -20,10 +16,8 @@
     class B {
         constructor() {
             this.y: any;
-                 ~
-!!! error TS2339: Property 'y' does not exist on type 'B'.
                   ~
-!!! error TS1005: ';' expected.
+!!! error TS1109: Expression expected.
                     ~~~
 !!! error TS2693: 'any' only refers to a type, but is being used as a value here.
         }
@@ -40,18 +34,12 @@
             this.x: any;
             ~~~~
 !!! error TS17009: 'super' must be called before accessing 'this' in the constructor of a derived class.
-                 ~
-!!! error TS2339: Property 'x' does not exist on type 'C'.
                   ~
-!!! error TS1005: ';' expected.
+!!! error TS1109: Expression expected.
                     ~~~
 !!! error TS2693: 'any' only refers to a type, but is being used as a value here.
         }
     }
     
     new C().x;
-            ~
-!!! error TS2339: Property 'x' does not exist on type 'C'.
     new C().y;
-            ~
-!!! error TS2339: Property 'y' does not exist on type 'C'.

</message>
<stacktrace>
  at org.junit.Assert.fail(Assert.java:89)
  at kotlin.test.junit.JUnitAsserter.fail(JUnitSupport.kt:56)
  at kotlin.test.AssertionsKt__AssertionsKt.fail(Assertions.kt:563)
  at kotlin.test.AssertionsKt.fail(Unknown Source)
  at com.xemantic.kotlin.test.SameAsKt.sameAs(SameAs.kt:52)
  at com.xemantic.typescript.compiler.TypeScriptTestSupportKt.errorsMatchBaseline(TypeScriptTestSupport.kt:135)
  at com.xemantic.typescript.compiler.TypeScriptCompilerTests_B.bases_ts has expected errors matching bases_errors_txt(TypeScriptCompilerTests_B.kt:217)
  at java.base/jdk.internal.reflect.DirectMethodHandleAccessor.invoke(DirectMethodHandleAccessor.java:104)
  at java.base/java.lang.reflect.Method.invoke(Method.java:565)
  at org.junit.runners.model.FrameworkMethod$1.runReflectiveCall(FrameworkMethod.java:59)
  at org.junit.internal.runners.model.ReflectiveCallable.run(ReflectiveCallable.java:12)
  at org.junit.runners.model.FrameworkMethod.invokeExplosively(FrameworkMethod.java:56)
  at org.junit.internal.runners.statements.InvokeMethod.evaluate(InvokeMethod.java:17)
  at org.junit.runners.ParentRunner$3.evaluate(ParentRunner.java:306)
  at org.junit.runners.BlockJUnit4ClassRunner$1.evaluate(BlockJUnit4ClassRunner.java:100)
  at org.junit.runners.ParentRunner.runLeaf(ParentRunner.java:366)
  at org.junit.runners.BlockJUnit4ClassRunner.runChild(BlockJUnit4ClassRunner.java:103)
  at org.junit.runners.BlockJUnit4ClassRunner.runChild(BlockJUnit4ClassRunner.java:63)
  at org.junit.runners.ParentRunner$4.run(ParentRunner.java:331)
  at org.junit.runners.ParentRunner$1.schedule(ParentRunner.java:79)
  at org.junit.runners.ParentRunner.runChildren(ParentRunner.java:329)
  at org.junit.runners.ParentRunner.access$100(ParentRunner.java:66)
  at org.junit.runners.ParentRunner$2.evaluate(ParentRunner.java:293)
  at org.junit.runners.ParentRunner$3.evaluate(ParentRunner.java:306)
  at org.junit.runners.ParentRunner.run(ParentRunner.java:413)
  at org.junit.runner.JUnitCore.run(JUnitCore.java:137)
  at org.junit.runner.JUnitCore.run(JUnitCore.java:115)
  at org.gradle.api.internal.tasks.testing.junit.JUnitTestExecutor.runRequest(JUnitTestExecutor.java:175)
  at org.gradle.api.internal.tasks.testing.junit.JUnitTestExecutor.accept(JUnitTestExecutor.java:84)
  at org.gradle.api.internal.tasks.testing.junit.JUnitTestExecutor.accept(JUnitTestExecutor.java:47)
  at org.gradle.api.internal.tasks.testing.junit.AbstractJUnitTestDefinitionProcessor.processTestDefinition(AbstractJUnitTestDefinitionProcessor.java:65)
  at org.gradle.api.internal.tasks.testing.SuiteTestDefinitionProcessor.processTestDefinition(SuiteTestDefinitionProcessor.java:54)
  at java.base/jdk.internal.reflect.DirectMethodHandleAccessor.invoke(DirectMethodHandleAccessor.java:104)
  at java.base/java.lang.reflect.Method.invoke(Method.java:565)
  at org.gradle.internal.dispatch.MethodInvocation.invokeOn(MethodInvocation.java:77)
  at org.gradle.internal.dispatch.ReflectionDispatch.dispatch(ReflectionDispatch.java:28)
  at org.gradle.internal.dispatch.ReflectionDispatch.dispatch(ReflectionDispatch.java:19)
  at org.gradle.internal.dispatch.ContextClassLoaderDispatch.dispatch(ContextClassLoaderDispatch.java:33)
  at org.gradle.internal.dispatch.ProxyDispatchAdapter$DispatchingInvocationHandler.invoke(ProxyDispatchAdapter.java:88)
  at jdk.proxy1/jdk.proxy1.$Proxy4.processTestDefinition(Unknown Source)
  at org.gradle.api.internal.tasks.testing.worker.TestWorker$2.run(TestWorker.java:178)
  at org.gradle.api.internal.tasks.testing.worker.TestWorker.executeAndMaintainThreadName(TestWorker.java:126)
  at org.gradle.api.internal.tasks.testing.worker.TestWorker.execute(TestWorker.java:103)
  at org.gradle.api.internal.tasks.testing.worker.TestWorker.execute(TestWorker.java:63)
  at org.gradle.process.internal.worker.child.ActionExecutionWorker.execute(ActionExecutionWorker.java:56)
  at org.gradle.process.internal.worker.child.SystemApplicationClassLoaderWorker.call(SystemApplicationClassLoaderWorker.java:122)
  at org.gradle.process.internal.worker.child.SystemApplicationClassLoaderWorker.call(SystemApplicationClassLoaderWorker.java:72)
  at worker.org.gradle.process.internal.worker.GradleWorkerMain.run(GradleWorkerMain.java:69)
  at worker.org.gradle.process.internal.worker.GradleWorkerMain.main(GradleWorkerMain.java:74)
</stacktrace>
</test-failure>


TypeScriptCompilerTests_B[jvm] > bases_ts has expected errors matching bases_errors_txt[jvm] FAILED

<test-failure test="com.xemantic.typescript.compiler.TypeScriptCompilerTests_B.bundledDtsLateExportRenaming_ts compiles to JavaScript matching bundledDtsLateExportRenaming_js" platform="jvm">
<message>
--- expected
+++ actual
@@ -25,27 +25,3 @@
 
 //// [shared.ts]
 export class B {}
-
-
-
-
-//// [out.d.ts]
-declare module "nested/shared" {
-    export class B {
-    }
-}
-declare module "nested/base" {
-    import { B } from "nested/shared";
-    export function f(): B;
-}
-declare module "nested/derived" {
-    export function g(): import("nested").B;
-}
-declare module "nested/index" {
-    export * from "nested/base";
-    export * from "nested/derived";
-    export * from "nested/shared";
-}
-declare module "index" {
-    export * from "nested/index";
-}

</message>
<stacktrace>
  at org.junit.Assert.fail(Assert.java:89)
  at kotlin.test.junit.JUnitAsserter.fail(JUnitSupport.kt:56)
  at kotlin.test.AssertionsKt__AssertionsKt.fail(Assertions.kt:563)
  at kotlin.test.AssertionsKt.fail(Unknown Source)
  at com.xemantic.kotlin.test.SameAsKt.sameAs(SameAs.kt:52)
  at com.xemantic.typescript.compiler.TypeScriptTestSupportKt.sameAs(TypeScriptTestSupport.kt:99)
  at com.xemantic.typescript.compiler.TypeScriptCompilerTests_B.bundledDtsLateExportRenaming_ts compiles to JavaScript matching bundledDtsLateExportRenaming_js(TypeScriptCompilerTests_B.kt:1155)
  at java.base/jdk.internal.reflect.DirectMethodHandleAccessor.invoke(DirectMethodHandleAccessor.java:104)
  at java.base/java.lang.reflect.Method.invoke(Method.java:565)
  at org.junit.runners.model.FrameworkMethod$1.runReflectiveCall(FrameworkMethod.java:59)
  at org.junit.internal.runners.model.ReflectiveCallable.run(ReflectiveCallable.java:12)
  at org.junit.runners.model.FrameworkMethod.invokeExplosively(FrameworkMethod.java:56)
  at org.junit.internal.runners.statements.InvokeMethod.evaluate(InvokeMethod.java:17)
  at org.junit.runners.ParentRunner$3.evaluate(ParentRunner.java:306)
  at org.junit.runners.BlockJUnit4ClassRunner$1.evaluate(BlockJUnit4ClassRunner.java:100)
  at org.junit.runners.ParentRunner.runLeaf(ParentRunner.java:366)
  at org.junit.runners.BlockJUnit4ClassRunner.runChild(BlockJUnit4ClassRunner.java:103)
  at org.junit.runners.BlockJUnit4ClassRunner.runChild(BlockJUnit4ClassRunner.java:63)
  at org.junit.runners.ParentRunner$4.run(ParentRunner.java:331)
  at org.junit.runners.ParentRunner$1.schedule(ParentRunner.java:79)
  at org.junit.runners.ParentRunner.runChildren(ParentRunner.java:329)
  at org.junit.runners.ParentRunner.access$100(ParentRunner.java:66)
  at org.junit.runners.ParentRunner$2.evaluate(ParentRunner.java:293)
  at org.junit.runners.ParentRunner$3.evaluate(ParentRunner.java:306)
  at org.junit.runners.ParentRunner.run(ParentRunner.java:413)
  at org.junit.runner.JUnitCore.run(JUnitCore.java:137)
  at org.junit.runner.JUnitCore.run(JUnitCore.java:115)
  at org.gradle.api.internal.tasks.testing.junit.JUnitTestExecutor.runRequest(JUnitTestExecutor.java:175)
  at org.gradle.api.internal.tasks.testing.junit.JUnitTestExecutor.accept(JUnitTestExecutor.java:84)
  at org.gradle.api.internal.tasks.testing.junit.JUnitTestExecutor.accept(JUnitTestExecutor.java:47)
  at org.gradle.api.internal.tasks.testing.junit.AbstractJUnitTestDefinitionProcessor.processTestDefinition(AbstractJUnitTestDefinitionProcessor.java:65)
  at org.gradle.api.internal.tasks.testing.SuiteTestDefinitionProcessor.processTestDefinition(SuiteTestDefinitionProcessor.java:54)
  at java.base/jdk.internal.reflect.DirectMethodHandleAccessor.invoke(DirectMethodHandleAccessor.java:104)
  at java.base/java.lang.reflect.Method.invoke(Method.java:565)
  at org.gradle.internal.dispatch.MethodInvocation.invokeOn(MethodInvocation.java:77)
  at org.gradle.internal.dispatch.ReflectionDispatch.dispatch(ReflectionDispatch.java:28)
  at org.gradle.internal.dispatch.ReflectionDispatch.dispatch(ReflectionDispatch.java:19)
  at org.gradle.internal.dispatch.ContextClassLoaderDispatch.dispatch(ContextClassLoaderDispatch.java:33)
  at org.gradle.internal.dispatch.ProxyDispatchAdapter$DispatchingInvocationHandler.invoke(ProxyDispatchAdapter.java:88)
  at jdk.proxy1/jdk.proxy1.$Proxy4.processTestDefinition(Unknown Source)
  at org.gradle.api.internal.tasks.testing.worker.TestWorker$2.run(TestWorker.java:178)
  at org.gradle.api.internal.tasks.testing.worker.TestWorker.executeAndMaintainThreadName(TestWorker.java:126)
  at org.gradle.api.internal.tasks.testing.worker.TestWorker.execute(TestWorker.java:103)
  at org.gradle.api.internal.tasks.testing.worker.TestWorker.execute(TestWorker.java:63)
  at org.gradle.process.internal.worker.child.ActionExecutionWorker.execute(ActionExecutionWorker.java:56)
  at org.gradle.process.internal.worker.child.SystemApplicationClassLoaderWorker.call(SystemApplicationClassLoaderWorker.java:122)
  at org.gradle.process.internal.worker.child.SystemApplicationClassLoaderWorker.call(SystemApplicationClassLoaderWorker.java:72)
  at worker.org.gradle.process.internal.worker.GradleWorkerMain.run(GradleWorkerMain.java:69)
  at worker.org.gradle.process.internal.worker.GradleWorkerMain.main(GradleWorkerMain.java:74)
</stacktrace>
</test-failure>


TypeScriptCompilerTests_B[jvm] > bundledDtsLateExportRenaming_ts compiles to JavaScript matching bundledDtsLateExportRenaming_js[jvm] FAILED

<test-failure test="com.xemantic.typescript.compiler.TypeScriptCompilerTests_B.bluebirdStaticThis_ts has expected errors matching bluebirdStaticThis_errors_txt" platform="jvm">
<message>
Expected diagnostics from baseline typescript-repo/tests/baselines/reference/bluebirdStaticThis.errors.txt but none produced
</message>
<stacktrace>
  at com.xemantic.typescript.compiler.TypeScriptTestSupportKt.errorsMatchBaseline(TypeScriptTestSupport.kt:125)
  at com.xemantic.typescript.compiler.TypeScriptCompilerTests_B.bluebirdStaticThis_ts has expected errors matching bluebirdStaticThis_errors_txt(TypeScriptCompilerTests_B.kt:973)
  at java.base/jdk.internal.reflect.DirectMethodHandleAccessor.invoke(DirectMethodHandleAccessor.java:104)
  at java.base/java.lang.reflect.Method.invoke(Method.java:565)
  at org.junit.runners.model.FrameworkMethod$1.runReflectiveCall(FrameworkMethod.java:59)
  at org.junit.internal.runners.model.ReflectiveCallable.run(ReflectiveCallable.java:12)
  at org.junit.runners.model.FrameworkMethod.invokeExplosively(FrameworkMethod.java:56)
  at org.junit.internal.runners.statements.InvokeMethod.evaluate(InvokeMethod.java:17)
  at org.junit.runners.ParentRunner$3.evaluate(ParentRunner.java:306)
  at org.junit.runners.BlockJUnit4ClassRunner$1.evaluate(BlockJUnit4ClassRunner.java:100)
  at org.junit.runners.ParentRunner.runLeaf(ParentRunner.java:366)
  at org.junit.runners.BlockJUnit4ClassRunner.runChild(BlockJUnit4ClassRunner.java:103)
  at org.junit.runners.BlockJUnit4ClassRunner.runChild(BlockJUnit4ClassRunner.java:63)
  at org.junit.runners.ParentRunner$4.run(ParentRunner.java:331)
  at org.junit.runners.ParentRunner$1.schedule(ParentRunner.java:79)
  at org.junit.runners.ParentRunner.runChildren(ParentRunner.java:329)
  at org.junit.runners.ParentRunner.access$100(ParentRunner.java:66)
  at org.junit.runners.ParentRunner$2.evaluate(ParentRunner.java:293)
  at org.junit.runners.ParentRunner$3.evaluate(ParentRunner.java:306)
  at org.junit.runners.ParentRunner.run(ParentRunner.java:413)
  at org.junit.runner.JUnitCore.run(JUnitCore.java:137)
  at org.junit.runner.JUnitCore.run(JUnitCore.java:115)
  at org.gradle.api.internal.tasks.testing.junit.JUnitTestExecutor.runRequest(JUnitTestExecutor.java:175)
  at org.gradle.api.internal.tasks.testing.junit.JUnitTestExecutor.accept(JUnitTestExecutor.java:84)
  at org.gradle.api.internal.tasks.testing.junit.JUnitTestExecutor.accept(JUnitTestExecutor.java:47)
  at org.gradle.api.internal.tasks.testing.junit.AbstractJUnitTestDefinitionProcessor.processTestDefinition(AbstractJUnitTestDefinitionProcessor.java:65)
  at org.gradle.api.internal.tasks.testing.SuiteTestDefinitionProcessor.processTestDefinition(SuiteTestDefinitionProcessor.java:54)
  at java.base/jdk.internal.reflect.DirectMethodHandleAccessor.invoke(DirectMethodHandleAccessor.java:104)
  at java.base/java.lang.reflect.Method.invoke(Method.java:565)
  at org.gradle.internal.dispatch.MethodInvocation.invokeOn(MethodInvocation.java:77)
  at org.gradle.internal.dispatch.ReflectionDispatch.dispatch(ReflectionDispatch.java:28)
  at org.gradle.internal.dispatch.ReflectionDispatch.dispatch(ReflectionDispatch.java:19)
  at org.gradle.internal.dispatch.ContextClassLoaderDispatch.dispatch(ContextClassLoaderDispatch.java:33)
  at org.gradle.internal.dispatch.ProxyDispatchAdapter$DispatchingInvocationHandler.invoke(ProxyDispatchAdapter.java:88)
  at jdk.proxy1/jdk.proxy1.$Proxy4.processTestDefinition(Unknown Source)
  at org.gradle.api.internal.tasks.testing.worker.TestWorker$2.run(TestWorker.java:178)
  at org.gradle.api.internal.tasks.testing.worker.TestWorker.executeAndMaintainThreadName(TestWorker.java:126)
  at org.gradle.api.internal.tasks.testing.worker.TestWorker.execute(TestWorker.java:103)
  at org.gradle.api.internal.tasks.testing.worker.TestWorker.execute(TestWorker.java:63)
  at org.gradle.process.internal.worker.child.ActionExecutionWorker.execute(ActionExecutionWorker.java:56)
  at org.gradle.process.internal.worker.child.SystemApplicationClassLoaderWorker.call(SystemApplicationClassLoaderWorker.java:122)
  at org.gradle.process.internal.worker.child.SystemApplicationClassLoaderWorker.call(SystemApplicationClassLoaderWorker.java:72)
  at worker.org.gradle.process.internal.worker.GradleWorkerMain.run(GradleWorkerMain.java:69)
  at worker.org.gradle.process.internal.worker.GradleWorkerMain.main(GradleWorkerMain.java:74)
</stacktrace>
</test-failure>


TypeScriptCompilerTests_B[jvm] > bluebirdStaticThis_ts has expected errors matching bluebirdStaticThis_errors_txt[jvm] FAILED

<test-failure test="com.xemantic.typescript.compiler.TypeScriptCompilerTests_B.blockScopedSameNameFunctionDeclarationES5_ts__target_es2015__has expected errors matching baseline" platform="jvm">
<message>
--- expected
+++ actual
@@ -1,5 +1,5 @@
-blockScopedSameNameFunctionDeclarationES5.ts(5,13): error TS2554: Expected 0 arguments, but got 1.
-blockScopedSameNameFunctionDeclarationES5.ts(10,13): error TS2554: Expected 0 arguments, but got 1.
+blockScopedSameNameFunctionDeclarationES5.ts(4,9): error TS2554: Expected 1 arguments, but got 0.
+blockScopedSameNameFunctionDeclarationES5.ts(9,9): error TS2554: Expected 1 arguments, but got 0.
 blockScopedSameNameFunctionDeclarationES5.ts(13,5): error TS2554: Expected 1 arguments, but got 0.
 blockScopedSameNameFunctionDeclarationES5.ts(16,1): error TS2554: Expected 1 arguments, but got 0.
 
@@ -9,16 +9,18 @@
         if (a === 1) {
             function foo() { } // duplicate function
             foo(); 
+            ~~~
+!!! error TS2554: Expected 1 arguments, but got 0.
+!!! related TS6210 blockScopedSameNameFunctionDeclarationES5.ts:1:14: An argument for 'a' was not provided.
             foo(10); // not ok
-                ~~
-!!! error TS2554: Expected 0 arguments, but got 1.
         }
         else {
             function foo() { } // duplicate function
             foo(); 
+            ~~~
+!!! error TS2554: Expected 1 arguments, but got 0.
+!!! related TS6210 blockScopedSameNameFunctionDeclarationES5.ts:1:14: An argument for 'a' was not provided.
             foo(10); // not ok
-                ~~
-!!! error TS2554: Expected 0 arguments, but got 1.
         }
         foo(10); // not ok
         foo(); 

</message>
<stacktrace>
  at org.junit.Assert.fail(Assert.java:89)
  at kotlin.test.junit.JUnitAsserter.fail(JUnitSupport.kt:56)
  at kotlin.test.AssertionsKt__AssertionsKt.fail(Assertions.kt:563)
  at kotlin.test.AssertionsKt.fail(Unknown Source)
  at com.xemantic.kotlin.test.SameAsKt.sameAs(SameAs.kt:52)
  at com.xemantic.typescript.compiler.TypeScriptTestSupportKt.errorsMatchBaseline(TypeScriptTestSupport.kt:135)
  at com.xemantic.typescript.compiler.TypeScriptCompilerTests_B.blockScopedSameNameFunctionDeclarationES5_ts__target_es2015__has expected errors matching baseline(TypeScriptCompilerTests_B.kt:889)
  at java.base/jdk.internal.reflect.DirectMethodHandleAccessor.invoke(DirectMethodHandleAccessor.java:104)
  at java.base/java.lang.reflect.Method.invoke(Method.java:565)
  at org.junit.runners.model.FrameworkMethod$1.runReflectiveCall(FrameworkMethod.java:59)
  at org.junit.internal.runners.model.ReflectiveCallable.run(ReflectiveCallable.java:12)
  at org.junit.runners.model.FrameworkMethod.invokeExplosively(FrameworkMethod.java:56)
  at org.junit.internal.runners.statements.InvokeMethod.evaluate(InvokeMethod.java:17)
  at org.junit.runners.ParentRunner$3.evaluate(ParentRunner.java:306)
  at org.junit.runners.BlockJUnit4ClassRunner$1.evaluate(BlockJUnit4ClassRunner.java:100)
  at org.junit.runners.ParentRunner.runLeaf(ParentRunner.java:366)
  at org.junit.runners.BlockJUnit4ClassRunner.runChild(BlockJUnit4ClassRunner.java:103)
  at org.junit.runners.BlockJUnit4ClassRunner.runChild(BlockJUnit4ClassRunner.java:63)
  at org.junit.runners.ParentRunner$4.run(ParentRunner.java:331)
  at org.junit.runners.ParentRunner$1.schedule(ParentRunner.java:79)
  at org.junit.runners.ParentRunner.runChildren(ParentRunner.java:329)
  at org.junit.runners.ParentRunner.access$100(ParentRunner.java:66)
  at org.junit.runners.ParentRunner$2.evaluate(ParentRunner.java:293)
  at org.junit.runners.ParentRunner$3.evaluate(ParentRunner.java:306)
  at org.junit.runners.ParentRunner.run(ParentRunner.java:413)
  at org.junit.runner.JUnitCore.run(JUnitCore.java:137)
  at org.junit.runner.JUnitCore.run(JUnitCore.java:115)
  at org.gradle.api.internal.tasks.testing.junit.JUnitTestExecutor.runRequest(JUnitTestExecutor.java:175)
  at org.gradle.api.internal.tasks.testing.junit.JUnitTestExecutor.accept(JUnitTestExecutor.java:84)
  at org.gradle.api.internal.tasks.testing.junit.JUnitTestExecutor.accept(JUnitTestExecutor.java:47)
  at org.gradle.api.internal.tasks.testing.junit.AbstractJUnitTestDefinitionProcessor.processTestDefinition(AbstractJUnitTestDefinitionProcessor.java:65)
  at org.gradle.api.internal.tasks.testing.SuiteTestDefinitionProcessor.processTestDefinition(SuiteTestDefinitionProcessor.java:54)
  at java.base/jdk.internal.reflect.DirectMethodHandleAccessor.invoke(DirectMethodHandleAccessor.java:104)
  at java.base/java.lang.reflect.Method.invoke(Method.java:565)
  at org.gradle.internal.dispatch.MethodInvocation.invokeOn(MethodInvocation.java:77)
  at org.gradle.internal.dispatch.ReflectionDispatch.dispatch(ReflectionDispatch.java:28)
  at org.gradle.internal.dispatch.ReflectionDispatch.dispatch(ReflectionDispatch.java:19)
  at org.gradle.internal.dispatch.ContextClassLoaderDispatch.dispatch(ContextClassLoaderDispatch.java:33)
  at org.gradle.internal.dispatch.ProxyDispatchAdapter$DispatchingInvocationHandler.invoke(ProxyDispatchAdapter.java:88)
  at jdk.proxy1/jdk.proxy1.$Proxy4.processTestDefinition(Unknown Source)
  at org.gradle.api.internal.tasks.testing.worker.TestWorker$2.run(TestWorker.java:178)
  at org.gradle.api.internal.tasks.testing.worker.TestWorker.executeAndMaintainThreadName(TestWorker.java:126)
  at org.gradle.api.internal.tasks.testing.worker.TestWorker.execute(TestWorker.java:103)
  at org.gradle.api.internal.tasks.testing.worker.TestWorker.execute(TestWorker.java:63)
  at org.gradle.process.internal.worker.child.ActionExecutionWorker.execute(ActionExecutionWorker.java:56)
  at org.gradle.process.internal.worker.child.SystemApplicationClassLoaderWorker.call(SystemApplicationClassLoaderWorker.java:122)
  at org.gradle.process.internal.worker.child.SystemApplicationClassLoaderWorker.call(SystemApplicationClassLoaderWorker.java:72)
  at worker.org.gradle.process.internal.worker.GradleWorkerMain.run(GradleWorkerMain.java:69)
  at worker.org.gradle.process.internal.worker.GradleWorkerMain.main(GradleWorkerMain.java:74)
</stacktrace>
</test-failure>


TypeScriptCompilerTests_B[jvm] > blockScopedSameNameFunctionDeclarationES5_ts__target_es2015__has expected errors matching baseline[jvm] FAILED

<test-failure test="com.xemantic.typescript.compiler.TypeScriptCompilerTests_B.bestCommonTypeWithContextualTyping_ts has expected errors matching bestCommonTypeWithContextualTyping_errors_txt" platform="jvm">
<message>
Expected diagnostics from baseline typescript-repo/tests/baselines/reference/bestCommonTypeWithContextualTyping.errors.txt but none produced
</message>
<stacktrace>
  at com.xemantic.typescript.compiler.TypeScriptTestSupportKt.errorsMatchBaseline(TypeScriptTestSupport.kt:125)
  at com.xemantic.typescript.compiler.TypeScriptCompilerTests_B.bestCommonTypeWithContextualTyping_ts has expected errors matching bestCommonTypeWithContextualTyping_errors_txt(TypeScriptCompilerTests_B.kt:252)
  at java.base/jdk.internal.reflect.DirectMethodHandleAccessor.invoke(DirectMethodHandleAccessor.java:104)
  at java.base/java.lang.reflect.Method.invoke(Method.java:565)
  at org.junit.runners.model.FrameworkMethod$1.runReflectiveCall(FrameworkMethod.java:59)
  at org.junit.internal.runners.model.ReflectiveCallable.run(ReflectiveCallable.java:12)
  at org.junit.runners.model.FrameworkMethod.invokeExplosively(FrameworkMethod.java:56)
  at org.junit.internal.runners.statements.InvokeMethod.evaluate(InvokeMethod.java:17)
  at org.junit.runners.ParentRunner$3.evaluate(ParentRunner.java:306)
  at org.junit.runners.BlockJUnit4ClassRunner$1.evaluate(BlockJUnit4ClassRunner.java:100)
  at org.junit.runners.ParentRunner.runLeaf(ParentRunner.java:366)
  at org.junit.runners.BlockJUnit4ClassRunner.runChild(BlockJUnit4ClassRunner.java:103)
  at org.junit.runners.BlockJUnit4ClassRunner.runChild(BlockJUnit4ClassRunner.java:63)
  at org.junit.runners.ParentRunner$4.run(ParentRunner.java:331)
  at org.junit.runners.ParentRunner$1.schedule(ParentRunner.java:79)
  at org.junit.runners.ParentRunner.runChildren(ParentRunner.java:329)
  at org.junit.runners.ParentRunner.access$100(ParentRunner.java:66)
  at org.junit.runners.ParentRunner$2.evaluate(ParentRunner.java:293)
  at org.junit.runners.ParentRunner$3.evaluate(ParentRunner.java:306)
  at org.junit.runners.ParentRunner.run(ParentRunner.java:413)
  at org.junit.runner.JUnitCore.run(JUnitCore.java:137)
  at org.junit.runner.JUnitCore.run(JUnitCore.java:115)
  at org.gradle.api.internal.tasks.testing.junit.JUnitTestExecutor.runRequest(JUnitTestExecutor.java:175)
  at org.gradle.api.internal.tasks.testing.junit.JUnitTestExecutor.accept(JUnitTestExecutor.java:84)
  at org.gradle.api.internal.tasks.testing.junit.JUnitTestExecutor.accept(JUnitTestExecutor.java:47)
  at org.gradle.api.internal.tasks.testing.junit.AbstractJUnitTestDefinitionProcessor.processTestDefinition(AbstractJUnitTestDefinitionProcessor.java:65)
  at org.gradle.api.internal.tasks.testing.SuiteTestDefinitionProcessor.processTestDefinition(SuiteTestDefinitionProcessor.java:54)
  at java.base/jdk.internal.reflect.DirectMethodHandleAccessor.invoke(DirectMethodHandleAccessor.java:104)
  at java.base/java.lang.reflect.Method.invoke(Method.java:565)
  at org.gradle.internal.dispatch.MethodInvocation.invokeOn(MethodInvocation.java:77)
  at org.gradle.internal.dispatch.ReflectionDispatch.dispatch(ReflectionDispatch.java:28)
  at org.gradle.internal.dispatch.ReflectionDispatch.dispatch(ReflectionDispatch.java:19)
  at org.gradle.internal.dispatch.ContextClassLoaderDispatch.dispatch(ContextClassLoaderDispatch.java:33)
  at org.gradle.internal.dispatch.ProxyDispatchAdapter$DispatchingInvocationHandler.invoke(ProxyDispatchAdapter.java:88)
  at jdk.proxy1/jdk.proxy1.$Proxy4.processTestDefinition(Unknown Source)
  at org.gradle.api.internal.tasks.testing.worker.TestWorker$2.run(TestWorker.java:178)
  at org.gradle.api.internal.tasks.testing.worker.TestWorker.executeAndMaintainThreadName(TestWorker.java:126)
  at org.gradle.api.internal.tasks.testing.worker.TestWorker.execute(TestWorker.java:103)
  at org.gradle.api.internal.tasks.testing.worker.TestWorker.execute(TestWorker.java:63)
  at org.gradle.process.internal.worker.child.ActionExecutionWorker.execute(ActionExecutionWorker.java:56)
  at org.gradle.process.internal.worker.child.SystemApplicationClassLoaderWorker.call(SystemApplicationClassLoaderWorker.java:122)
  at org.gradle.process.internal.worker.child.SystemApplicationClassLoaderWorker.call(SystemApplicationClassLoaderWorker.java:72)
  at worker.org.gradle.process.internal.worker.GradleWorkerMain.run(GradleWorkerMain.java:69)
  at worker.org.gradle.process.internal.worker.GradleWorkerMain.main(GradleWorkerMain.java:74)
</stacktrace>
</test-failure>


TypeScriptCompilerTests_B[jvm] > bestCommonTypeWithContextualTyping_ts has expected errors matching bestCommonTypeWithContextualTyping_errors_txt[jvm] FAILED

<test-failure test="com.xemantic.typescript.compiler.TypeScriptCompilerTests_B.booleanAssignment_ts has expected errors matching booleanAssignment_errors_txt" platform="jvm">
<message>
Expected diagnostics from baseline typescript-repo/tests/baselines/reference/booleanAssignment.errors.txt but none produced
</message>
<stacktrace>
  at com.xemantic.typescript.compiler.TypeScriptTestSupportKt.errorsMatchBaseline(TypeScriptTestSupport.kt:125)
  at com.xemantic.typescript.compiler.TypeScriptCompilerTests_B.booleanAssignment_ts has expected errors matching booleanAssignment_errors_txt(TypeScriptCompilerTests_B.kt:1008)
  at java.base/jdk.internal.reflect.DirectMethodHandleAccessor.invoke(DirectMethodHandleAccessor.java:104)
  at java.base/java.lang.reflect.Method.invoke(Method.java:565)
  at org.junit.runners.model.FrameworkMethod$1.runReflectiveCall(FrameworkMethod.java:59)
  at org.junit.internal.runners.model.ReflectiveCallable.run(ReflectiveCallable.java:12)
  at org.junit.runners.model.FrameworkMethod.invokeExplosively(FrameworkMethod.java:56)
  at org.junit.internal.runners.statements.InvokeMethod.evaluate(InvokeMethod.java:17)
  at org.junit.runners.ParentRunner$3.evaluate(ParentRunner.java:306)
  at org.junit.runners.BlockJUnit4ClassRunner$1.evaluate(BlockJUnit4ClassRunner.java:100)
  at org.junit.runners.ParentRunner.runLeaf(ParentRunner.java:366)
  at org.junit.runners.BlockJUnit4ClassRunner.runChild(BlockJUnit4ClassRunner.java:103)
  at org.junit.runners.BlockJUnit4ClassRunner.runChild(BlockJUnit4ClassRunner.java:63)
  at org.junit.runners.ParentRunner$4.run(ParentRunner.java:331)
  at org.junit.runners.ParentRunner$1.schedule(ParentRunner.java:79)
  at org.junit.runners.ParentRunner.runChildren(ParentRunner.java:329)
  at org.junit.runners.ParentRunner.access$100(ParentRunner.java:66)
  at org.junit.runners.ParentRunner$2.evaluate(ParentRunner.java:293)
  at org.junit.runners.ParentRunner$3.evaluate(ParentRunner.java:306)
  at org.junit.runners.ParentRunner.run(ParentRunner.java:413)
  at org.junit.runner.JUnitCore.run(JUnitCore.java:137)
  at org.junit.runner.JUnitCore.run(JUnitCore.java:115)
  at org.gradle.api.internal.tasks.testing.junit.JUnitTestExecutor.runRequest(JUnitTestExecutor.java:175)
  at org.gradle.api.internal.tasks.testing.junit.JUnitTestExecutor.accept(JUnitTestExecutor.java:84)
  at org.gradle.api.internal.tasks.testing.junit.JUnitTestExecutor.accept(JUnitTestExecutor.java:47)
  at org.gradle.api.internal.tasks.testing.junit.AbstractJUnitTestDefinitionProcessor.processTestDefinition(AbstractJUnitTestDefinitionProcessor.java:65)
  at org.gradle.api.internal.tasks.testing.SuiteTestDefinitionProcessor.processTestDefinition(SuiteTestDefinitionProcessor.java:54)
  at java.base/jdk.internal.reflect.DirectMethodHandleAccessor.invoke(DirectMethodHandleAccessor.java:104)
  at java.base/java.lang.reflect.Method.invoke(Method.java:565)
  at org.gradle.internal.dispatch.MethodInvocation.invokeOn(MethodInvocation.java:77)
  at org.gradle.internal.dispatch.ReflectionDispatch.dispatch(ReflectionDispatch.java:28)
  at org.gradle.internal.dispatch.ReflectionDispatch.dispatch(ReflectionDispatch.java:19)
  at org.gradle.internal.dispatch.ContextClassLoaderDispatch.dispatch(ContextClassLoaderDispatch.java:33)
  at org.gradle.internal.dispatch.ProxyDispatchAdapter$DispatchingInvocationHandler.invoke(ProxyDispatchAdapter.java:88)
  at jdk.proxy1/jdk.proxy1.$Proxy4.processTestDefinition(Unknown Source)
  at org.gradle.api.internal.tasks.testing.worker.TestWorker$2.run(TestWorker.java:178)
  at org.gradle.api.internal.tasks.testing.worker.TestWorker.executeAndMaintainThreadName(TestWorker.java:126)
  at org.gradle.api.internal.tasks.testing.worker.TestWorker.execute(TestWorker.java:103)
  at org.gradle.api.internal.tasks.testing.worker.TestWorker.execute(TestWorker.java:63)
  at org.gradle.process.internal.worker.child.ActionExecutionWorker.execute(ActionExecutionWorker.java:56)
  at org.gradle.process.internal.worker.child.SystemApplicationClassLoaderWorker.call(SystemApplicationClassLoaderWorker.java:122)
  at org.gradle.process.internal.worker.child.SystemApplicationClassLoaderWorker.call(SystemApplicationClassLoaderWorker.java:72)
  at worker.org.gradle.process.internal.worker.GradleWorkerMain.run(GradleWorkerMain.java:69)
  at worker.org.gradle.process.internal.worker.GradleWorkerMain.main(GradleWorkerMain.java:74)
</stacktrace>
</test-failure>


TypeScriptCompilerTests_B[jvm] > booleanAssignment_ts has expected errors matching booleanAssignment_errors_txt[jvm] FAILED

<test-failure test="com.xemantic.typescript.compiler.TypeScriptCompilerTests_B.blockScopedSameNameFunctionDeclarationStrictES6_ts has expected errors matching blockScopedSameNameFunctionDeclarationStrictES6_errors_txt" platform="jvm">
<message>
--- expected
+++ actual
@@ -1,5 +1,5 @@
-blockScopedSameNameFunctionDeclarationStrictES6.ts(6,13): error TS2554: Expected 0 arguments, but got 1.
-blockScopedSameNameFunctionDeclarationStrictES6.ts(11,13): error TS2554: Expected 0 arguments, but got 1.
+blockScopedSameNameFunctionDeclarationStrictES6.ts(5,9): error TS2554: Expected 1 arguments, but got 0.
+blockScopedSameNameFunctionDeclarationStrictES6.ts(10,9): error TS2554: Expected 1 arguments, but got 0.
 blockScopedSameNameFunctionDeclarationStrictES6.ts(14,5): error TS2554: Expected 1 arguments, but got 0.
 blockScopedSameNameFunctionDeclarationStrictES6.ts(17,1): error TS2554: Expected 1 arguments, but got 0.
 
@@ -10,16 +10,18 @@
         if (a === 10) {
             function foo() { }
             foo();
+            ~~~
+!!! error TS2554: Expected 1 arguments, but got 0.
+!!! related TS6210 blockScopedSameNameFunctionDeclarationStrictES6.ts:2:14: An argument for 'a' was not provided.
             foo(10); // not ok
-                ~~
-!!! error TS2554: Expected 0 arguments, but got 1.
         }
         else {
             function foo() { } 
             foo();
+            ~~~
+!!! error TS2554: Expected 1 arguments, but got 0.
+!!! related TS6210 blockScopedSameNameFunctionDeclarationStrictES6.ts:2:14: An argument for 'a' was not provided.
             foo(10); // not ok
-                ~~
-!!! error TS2554: Expected 0 arguments, but got 1.
         }
         foo(10);
         foo(); // not ok

</message>
<stacktrace>
  at org.junit.Assert.fail(Assert.java:89)
  at kotlin.test.junit.JUnitAsserter.fail(JUnitSupport.kt:56)
  at kotlin.test.AssertionsKt__AssertionsKt.fail(Assertions.kt:563)
  at kotlin.test.AssertionsKt.fail(Unknown Source)
  at com.xemantic.kotlin.test.SameAsKt.sameAs(SameAs.kt:52)
  at com.xemantic.typescript.compiler.TypeScriptTestSupportKt.errorsMatchBaseline(TypeScriptTestSupport.kt:135)
  at com.xemantic.typescript.compiler.TypeScriptCompilerTests_B.blockScopedSameNameFunctionDeclarationStrictES6_ts has expected errors matching blockScopedSameNameFunctionDeclarationStrictES6_errors_txt(TypeScriptCompilerTests_B.kt:938)
  at java.base/jdk.internal.reflect.DirectMethodHandleAccessor.invoke(DirectMethodHandleAccessor.java:104)
  at java.base/java.lang.reflect.Method.invoke(Method.java:565)
  at org.junit.runners.model.FrameworkMethod$1.runReflectiveCall(FrameworkMethod.java:59)
  at org.junit.internal.runners.model.ReflectiveCallable.run(ReflectiveCallable.java:12)
  at org.junit.runners.model.FrameworkMethod.invokeExplosively(FrameworkMethod.java:56)
  at org.junit.internal.runners.statements.InvokeMethod.evaluate(InvokeMethod.java:17)
  at org.junit.runners.ParentRunner$3.evaluate(ParentRunner.java:306)
  at org.junit.runners.BlockJUnit4ClassRunner$1.evaluate(BlockJUnit4ClassRunner.java:100)
  at org.junit.runners.ParentRunner.runLeaf(ParentRunner.java:366)
  at org.junit.runners.BlockJUnit4ClassRunner.runChild(BlockJUnit4ClassRunner.java:103)
  at org.junit.runners.BlockJUnit4ClassRunner.runChild(BlockJUnit4ClassRunner.java:63)
  at org.junit.runners.ParentRunner$4.run(ParentRunner.java:331)
  at org.junit.runners.ParentRunner$1.schedule(ParentRunner.java:79)
  at org.junit.runners.ParentRunner.runChildren(ParentRunner.java:329)
  at org.junit.runners.ParentRunner.access$100(ParentRunner.java:66)
  at org.junit.runners.ParentRunner$2.evaluate(ParentRunner.java:293)
  at org.junit.runners.ParentRunner$3.evaluate(ParentRunner.java:306)
  at org.junit.runners.ParentRunner.run(ParentRunner.java:413)
  at org.junit.runner.JUnitCore.run(JUnitCore.java:137)
  at org.junit.runner.JUnitCore.run(JUnitCore.java:115)
  at org.gradle.api.internal.tasks.testing.junit.JUnitTestExecutor.runRequest(JUnitTestExecutor.java:175)
  at org.gradle.api.internal.tasks.testing.junit.JUnitTestExecutor.accept(JUnitTestExecutor.java:84)
  at org.gradle.api.internal.tasks.testing.junit.JUnitTestExecutor.accept(JUnitTestExecutor.java:47)
  at org.gradle.api.internal.tasks.testing.junit.AbstractJUnitTestDefinitionProcessor.processTestDefinition(AbstractJUnitTestDefinitionProcessor.java:65)
  at org.gradle.api.internal.tasks.testing.SuiteTestDefinitionProcessor.processTestDefinition(SuiteTestDefinitionProcessor.java:54)
  at java.base/jdk.internal.reflect.DirectMethodHandleAccessor.invoke(DirectMethodHandleAccessor.java:104)
  at java.base/java.lang.reflect.Method.invoke(Method.java:565)
  at org.gradle.internal.dispatch.MethodInvocation.invokeOn(MethodInvocation.java:77)
  at org.gradle.internal.dispatch.ReflectionDispatch.dispatch(ReflectionDispatch.java:28)
  at org.gradle.internal.dispatch.ReflectionDispatch.dispatch(ReflectionDispatch.java:19)
  at org.gradle.internal.dispatch.ContextClassLoaderDispatch.dispatch(ContextClassLoaderDispatch.java:33)
  at org.gradle.internal.dispatch.ProxyDispatchAdapter$DispatchingInvocationHandler.invoke(ProxyDispatchAdapter.java:88)
  at jdk.proxy1/jdk.proxy1.$Proxy4.processTestDefinition(Unknown Source)
  at org.gradle.api.internal.tasks.testing.worker.TestWorker$2.run(TestWorker.java:178)
  at org.gradle.api.internal.tasks.testing.worker.TestWorker.executeAndMaintainThreadName(TestWorker.java:126)
  at org.gradle.api.internal.tasks.testing.worker.TestWorker.execute(TestWorker.java:103)
  at org.gradle.api.internal.tasks.testing.worker.TestWorker.execute(TestWorker.java:63)
  at org.gradle.process.internal.worker.child.ActionExecutionWorker.execute(ActionExecutionWorker.java:56)
  at org.gradle.process.internal.worker.child.SystemApplicationClassLoaderWorker.call(SystemApplicationClassLoaderWorker.java:122)
  at org.gradle.process.internal.worker.child.SystemApplicationClassLoaderWorker.call(SystemApplicationClassLoaderWorker.java:72)
  at worker.org.gradle.process.internal.worker.GradleWorkerMain.run(GradleWorkerMain.java:69)
  at worker.org.gradle.process.internal.worker.GradleWorkerMain.main(GradleWorkerMain.java:74)
</stacktrace>
</test-failure>


TypeScriptCompilerTests_B[jvm] > blockScopedSameNameFunctionDeclarationStrictES6_ts has expected errors matching blockScopedSameNameFunctionDeclarationStrictES6_errors_txt[jvm] FAILED

<test-failure test="com.xemantic.typescript.compiler.TypeScriptCompilerTests_B.bigintWithLib_ts has expected errors matching bigintWithLib_errors_txt" platform="jvm">
<message>
Expected diagnostics from baseline typescript-repo/tests/baselines/reference/bigintWithLib.errors.txt but none produced
</message>
<stacktrace>
  at com.xemantic.typescript.compiler.TypeScriptTestSupportKt.errorsMatchBaseline(TypeScriptTestSupport.kt:125)
  at com.xemantic.typescript.compiler.TypeScriptCompilerTests_B.bigintWithLib_ts has expected errors matching bigintWithLib_errors_txt(TypeScriptCompilerTests_B.kt:399)
  at java.base/jdk.internal.reflect.DirectMethodHandleAccessor.invoke(DirectMethodHandleAccessor.java:104)
  at java.base/java.lang.reflect.Method.invoke(Method.java:565)
  at org.junit.runners.model.FrameworkMethod$1.runReflectiveCall(FrameworkMethod.java:59)
  at org.junit.internal.runners.model.ReflectiveCallable.run(ReflectiveCallable.java:12)
  at org.junit.runners.model.FrameworkMethod.invokeExplosively(FrameworkMethod.java:56)
  at org.junit.internal.runners.statements.InvokeMethod.evaluate(InvokeMethod.java:17)
  at org.junit.runners.ParentRunner$3.evaluate(ParentRunner.java:306)
  at org.junit.runners.BlockJUnit4ClassRunner$1.evaluate(BlockJUnit4ClassRunner.java:100)
  at org.junit.runners.ParentRunner.runLeaf(ParentRunner.java:366)
  at org.junit.runners.BlockJUnit4ClassRunner.runChild(BlockJUnit4ClassRunner.java:103)
  at org.junit.runners.BlockJUnit4ClassRunner.runChild(BlockJUnit4ClassRunner.java:63)
  at org.junit.runners.ParentRunner$4.run(ParentRunner.java:331)
  at org.junit.runners.ParentRunner$1.schedule(ParentRunner.java:79)
  at org.junit.runners.ParentRunner.runChildren(ParentRunner.java:329)
  at org.junit.runners.ParentRunner.access$100(ParentRunner.java:66)
  at org.junit.runners.ParentRunner$2.evaluate(ParentRunner.java:293)
  at org.junit.runners.ParentRunner$3.evaluate(ParentRunner.java:306)
  at org.junit.runners.ParentRunner.run(ParentRunner.java:413)
  at org.junit.runner.JUnitCore.run(JUnitCore.java:137)
  at org.junit.runner.JUnitCore.run(JUnitCore.java:115)
  at org.gradle.api.internal.tasks.testing.junit.JUnitTestExecutor.runRequest(JUnitTestExecutor.java:175)
  at org.gradle.api.internal.tasks.testing.junit.JUnitTestExecutor.accept(JUnitTestExecutor.java:84)
  at org.gradle.api.internal.tasks.testing.junit.JUnitTestExecutor.accept(JUnitTestExecutor.java:47)
  at org.gradle.api.internal.tasks.testing.junit.AbstractJUnitTestDefinitionProcessor.processTestDefinition(AbstractJUnitTestDefinitionProcessor.java:65)
  at org.gradle.api.internal.tasks.testing.SuiteTestDefinitionProcessor.processTestDefinition(SuiteTestDefinitionProcessor.java:54)
  at java.base/jdk.internal.reflect.DirectMethodHandleAccessor.invoke(DirectMethodHandleAccessor.java:104)
  at java.base/java.lang.reflect.Method.invoke(Method.java:565)
  at org.gradle.internal.dispatch.MethodInvocation.invokeOn(MethodInvocation.java:77)
  at org.gradle.internal.dispatch.ReflectionDispatch.dispatch(ReflectionDispatch.java:28)
  at org.gradle.internal.dispatch.ReflectionDispatch.dispatch(ReflectionDispatch.java:19)
  at org.gradle.internal.dispatch.ContextClassLoaderDispatch.dispatch(ContextClassLoaderDispatch.java:33)
  at org.gradle.internal.dispatch.ProxyDispatchAdapter$DispatchingInvocationHandler.invoke(ProxyDispatchAdapter.java:88)
  at jdk.proxy1/jdk.proxy1.$Proxy4.processTestDefinition(Unknown Source)
  at org.gradle.api.internal.tasks.testing.worker.TestWorker$2.run(TestWorker.java:178)
  at org.gradle.api.internal.tasks.testing.worker.TestWorker.executeAndMaintainThreadName(TestWorker.java:126)
  at org.gradle.api.internal.tasks.testing.worker.TestWorker.execute(TestWorker.java:103)
  at org.gradle.api.internal.tasks.testing.worker.TestWorker.execute(TestWorker.java:63)
  at org.gradle.process.internal.worker.child.ActionExecutionWorker.execute(ActionExecutionWorker.java:56)
  at org.gradle.process.internal.worker.child.SystemApplicationClassLoaderWorker.call(SystemApplicationClassLoaderWorker.java:122)
  at org.gradle.process.internal.worker.child.SystemApplicationClassLoaderWorker.call(SystemApplicationClassLoaderWorker.java:72)
  at worker.org.gradle.process.internal.worker.GradleWorkerMain.run(GradleWorkerMain.java:69)
  at worker.org.gradle.process.internal.worker.GradleWorkerMain.main(GradleWorkerMain.java:74)
</stacktrace>
</test-failure>


TypeScriptCompilerTests_B[jvm] > bigintWithLib_ts has expected errors matching bigintWithLib_errors_txt[jvm] FAILED

<test-failure test="com.xemantic.typescript.compiler.TypeScriptCompilerTests_B.blockScopedSameNameFunctionDeclarationStrictES5_ts__target_es2015__has expected errors matching baseline" platform="jvm">
<message>
--- expected
+++ actual
@@ -1,5 +1,5 @@
-blockScopedSameNameFunctionDeclarationStrictES5.ts(6,13): error TS2554: Expected 0 arguments, but got 1.
-blockScopedSameNameFunctionDeclarationStrictES5.ts(11,13): error TS2554: Expected 0 arguments, but got 1.
+blockScopedSameNameFunctionDeclarationStrictES5.ts(5,9): error TS2554: Expected 1 arguments, but got 0.
+blockScopedSameNameFunctionDeclarationStrictES5.ts(10,9): error TS2554: Expected 1 arguments, but got 0.
 blockScopedSameNameFunctionDeclarationStrictES5.ts(14,5): error TS2554: Expected 1 arguments, but got 0.
 blockScopedSameNameFunctionDeclarationStrictES5.ts(17,1): error TS2554: Expected 1 arguments, but got 0.
 
@@ -10,16 +10,18 @@
         if (a === 1) {
             function foo() { } // Error to declare function in block scope
             foo();
+            ~~~
+!!! error TS2554: Expected 1 arguments, but got 0.
+!!! related TS6210 blockScopedSameNameFunctionDeclarationStrictES5.ts:2:14: An argument for 'a' was not provided.
             foo(10); // not ok
-                ~~
-!!! error TS2554: Expected 0 arguments, but got 1.
         }
         else {
             function foo() { } // Error to declare function in block scope
             foo();
+            ~~~
+!!! error TS2554: Expected 1 arguments, but got 0.
+!!! related TS6210 blockScopedSameNameFunctionDeclarationStrictES5.ts:2:14: An argument for 'a' was not provided.
             foo(10); // not ok
-                ~~
-!!! error TS2554: Expected 0 arguments, but got 1.
         }
         foo(10);
         foo(); // not ok - needs number

</message>
<stacktrace>
  at org.junit.Assert.fail(Assert.java:89)
  at kotlin.test.junit.JUnitAsserter.fail(JUnitSupport.kt:56)
  at kotlin.test.AssertionsKt__AssertionsKt.fail(Assertions.kt:563)
  at kotlin.test.AssertionsKt.fail(Unknown Source)
  at com.xemantic.kotlin.test.SameAsKt.sameAs(SameAs.kt:52)
  at com.xemantic.typescript.compiler.TypeScriptTestSupportKt.errorsMatchBaseline(TypeScriptTestSupport.kt:135)
  at com.xemantic.typescript.compiler.TypeScriptCompilerTests_B.blockScopedSameNameFunctionDeclarationStrictES5_ts__target_es2015__has expected errors matching baseline(TypeScriptCompilerTests_B.kt:924)
  at java.base/jdk.internal.reflect.DirectMethodHandleAccessor.invoke(DirectMethodHandleAccessor.java:104)
  at java.base/java.lang.reflect.Method.invoke(Method.java:565)
  at org.junit.runners.model.FrameworkMethod$1.runReflectiveCall(FrameworkMethod.java:59)
  at org.junit.internal.runners.model.ReflectiveCallable.run(ReflectiveCallable.java:12)
  at org.junit.runners.model.FrameworkMethod.invokeExplosively(FrameworkMethod.java:56)
  at org.junit.internal.runners.statements.InvokeMethod.evaluate(InvokeMethod.java:17)
  at org.junit.runners.ParentRunner$3.evaluate(ParentRunner.java:306)
  at org.junit.runners.BlockJUnit4ClassRunner$1.evaluate(BlockJUnit4ClassRunner.java:100)
  at org.junit.runners.ParentRunner.runLeaf(ParentRunner.java:366)
  at org.junit.runners.BlockJUnit4ClassRunner.runChild(BlockJUnit4ClassRunner.java:103)
  at org.junit.runners.BlockJUnit4ClassRunner.runChild(BlockJUnit4ClassRunner.java:63)
  at org.junit.runners.ParentRunner$4.run(ParentRunner.java:331)
  at org.junit.runners.ParentRunner$1.schedule(ParentRunner.java:79)
  at org.junit.runners.ParentRunner.runChildren(ParentRunner.java:329)
  at org.junit.runners.ParentRunner.access$100(ParentRunner.java:66)
  at org.junit.runners.ParentRunner$2.evaluate(ParentRunner.java:293)
  at org.junit.runners.ParentRunner$3.evaluate(ParentRunner.java:306)
  at org.junit.runners.ParentRunner.run(ParentRunner.java:413)
  at org.junit.runner.JUnitCore.run(JUnitCore.java:137)
  at org.junit.runner.JUnitCore.run(JUnitCore.java:115)
  at org.gradle.api.internal.tasks.testing.junit.JUnitTestExecutor.runRequest(JUnitTestExecutor.java:175)
  at org.gradle.api.internal.tasks.testing.junit.JUnitTestExecutor.accept(JUnitTestExecutor.java:84)
  at org.gradle.api.internal.tasks.testing.junit.JUnitTestExecutor.accept(JUnitTestExecutor.java:47)
  at org.gradle.api.internal.tasks.testing.junit.AbstractJUnitTestDefinitionProcessor.processTestDefinition(AbstractJUnitTestDefinitionProcessor.java:65)
  at org.gradle.api.internal.tasks.testing.SuiteTestDefinitionProcessor.processTestDefinition(SuiteTestDefinitionProcessor.java:54)
  at java.base/jdk.internal.reflect.DirectMethodHandleAccessor.invoke(DirectMethodHandleAccessor.java:104)
  at java.base/java.lang.reflect.Method.invoke(Method.java:565)
  at org.gradle.internal.dispatch.MethodInvocation.invokeOn(MethodInvocation.java:77)
  at org.gradle.internal.dispatch.ReflectionDispatch.dispatch(ReflectionDispatch.java:28)
  at org.gradle.internal.dispatch.ReflectionDispatch.dispatch(ReflectionDispatch.java:19)
  at org.gradle.internal.dispatch.ContextClassLoaderDispatch.dispatch(ContextClassLoaderDispatch.java:33)
  at org.gradle.internal.dispatch.ProxyDispatchAdapter$DispatchingInvocationHandler.invoke(ProxyDispatchAdapter.java:88)
  at jdk.proxy1/jdk.proxy1.$Proxy4.processTestDefinition(Unknown Source)
  at org.gradle.api.internal.tasks.testing.worker.TestWorker$2.run(TestWorker.java:178)
  at org.gradle.api.internal.tasks.testing.worker.TestWorker.executeAndMaintainThreadName(TestWorker.java:126)
  at org.gradle.api.internal.tasks.testing.worker.TestWorker.execute(TestWorker.java:103)
  at org.gradle.api.internal.tasks.testing.worker.TestWorker.execute(TestWorker.java:63)
  at org.gradle.process.internal.worker.child.ActionExecutionWorker.execute(ActionExecutionWorker.java:56)
  at org.gradle.process.internal.worker.child.SystemApplicationClassLoaderWorker.call(SystemApplicationClassLoaderWorker.java:122)
  at org.gradle.process.internal.worker.child.SystemApplicationClassLoaderWorker.call(SystemApplicationClassLoaderWorker.java:72)
  at worker.org.gradle.process.internal.worker.GradleWorkerMain.run(GradleWorkerMain.java:69)
  at worker.org.gradle.process.internal.worker.GradleWorkerMain.main(GradleWorkerMain.java:74)
</stacktrace>
</test-failure>


TypeScriptCompilerTests_B[jvm] > blockScopedSameNameFunctionDeclarationStrictES5_ts__target_es2015__has expected errors matching baseline[jvm] FAILED

<test-failure test="com.xemantic.typescript.compiler.TypeScriptCompilerTests_B.bigintWithoutLib_ts__target_es5__has expected errors matching baseline" platform="jvm">
<message>
--- expected
+++ actual
@@ -1,133 +1,35 @@
 error TS5107: Option 'target=ES5' is deprecated and will stop functioning in TypeScript 7.0. Specify compilerOption '"ignoreDeprecations": "6.0"' to silence this error.
-bigintWithoutLib.ts(4,25): error TS2583: Cannot find name 'BigInt'. Do you need to change your target library? Try changing the 'lib' compiler option to 'es2020' or later.
-bigintWithoutLib.ts(5,13): error TS2583: Cannot find name 'BigInt'. Do you need to change your target library? Try changing the 'lib' compiler option to 'es2020' or later.
-bigintWithoutLib.ts(6,5): error TS2583: Cannot find name 'BigInt'. Do you need to change your target library? Try changing the 'lib' compiler option to 'es2020' or later.
-bigintWithoutLib.ts(7,13): error TS2583: Cannot find name 'BigInt'. Do you need to change your target library? Try changing the 'lib' compiler option to 'es2020' or later.
-bigintWithoutLib.ts(7,30): error TS2737: BigInt literals are not available when targeting lower than ES2020.
-bigintWithoutLib.ts(8,13): error TS2583: Cannot find name 'BigInt'. Do you need to change your target library? Try changing the 'lib' compiler option to 'es2020' or later.
-bigintWithoutLib.ts(8,31): error TS2737: BigInt literals are not available when targeting lower than ES2020.
-bigintWithoutLib.ts(9,1): error TS2322: Type 'Object' is not assignable to type 'bigint'.
-bigintWithoutLib.ts(11,32): error TS2554: Expected 0 arguments, but got 1.
-bigintWithoutLib.ts(13,38): error TS2554: Expected 0 arguments, but got 1.
-bigintWithoutLib.ts(14,38): error TS2554: Expected 0 arguments, but got 2.
-bigintWithoutLib.ts(15,38): error TS2554: Expected 0 arguments, but got 2.
-bigintWithoutLib.ts(18,18): error TS2583: Cannot find name 'BigInt64Array'. Do you need to change your target library? Try changing the 'lib' compiler option to 'es2020' or later.
-bigintWithoutLib.ts(18,38): error TS2583: Cannot find name 'BigInt64Array'. Do you need to change your target library? Try changing the 'lib' compiler option to 'es2020' or later.
-bigintWithoutLib.ts(19,19): error TS2583: Cannot find name 'BigInt64Array'. Do you need to change your target library? Try changing the 'lib' compiler option to 'es2020' or later.
-bigintWithoutLib.ts(20,19): error TS2583: Cannot find name 'BigInt64Array'. Do you need to change your target library? Try changing the 'lib' compiler option to 'es2020' or later.
-bigintWithoutLib.ts(20,34): error TS2737: BigInt literals are not available when targeting lower than ES2020.
-bigintWithoutLib.ts(20,38): error TS2737: BigInt literals are not available when targeting lower than ES2020.
-bigintWithoutLib.ts(20,42): error TS2737: BigInt literals are not available when targeting lower than ES2020.
-bigintWithoutLib.ts(21,19): error TS2583: Cannot find name 'BigInt64Array'. Do you need to change your target library? Try changing the 'lib' compiler option to 'es2020' or later.
-bigintWithoutLib.ts(22,19): error TS2583: Cannot find name 'BigInt64Array'. Do you need to change your target library? Try changing the 'lib' compiler option to 'es2020' or later.
-bigintWithoutLib.ts(23,19): error TS2583: Cannot find name 'BigInt64Array'. Do you need to change your target library? Try changing the 'lib' compiler option to 'es2020' or later.
-bigintWithoutLib.ts(24,19): error TS2583: Cannot find name 'BigInt64Array'. Do you need to change your target library? Try changing the 'lib' compiler option to 'es2020' or later.
-bigintWithoutLib.ts(30,19): error TS2583: Cannot find name 'BigUint64Array'. Do you need to change your target library? Try changing the 'lib' compiler option to 'es2020' or later.
-bigintWithoutLib.ts(30,40): error TS2583: Cannot find name 'BigUint64Array'. Do you need to change your target library? Try changing the 'lib' compiler option to 'es2020' or later.
-bigintWithoutLib.ts(31,20): error TS2583: Cannot find name 'BigUint64Array'. Do you need to change your target library? Try changing the 'lib' compiler option to 'es2020' or later.
-bigintWithoutLib.ts(32,20): error TS2583: Cannot find name 'BigUint64Array'. Do you need to change your target library? Try changing the 'lib' compiler option to 'es2020' or later.
-bigintWithoutLib.ts(32,36): error TS2737: BigInt literals are not available when targeting lower than ES2020.
-bigintWithoutLib.ts(32,40): error TS2737: BigInt literals are not available when targeting lower than ES2020.
-bigintWithoutLib.ts(32,44): error TS2737: BigInt literals are not available when targeting lower than ES2020.
-bigintWithoutLib.ts(33,20): error TS2583: Cannot find name 'BigUint64Array'. Do you need to change your target library? Try changing the 'lib' compiler option to 'es2020' or later.
-bigintWithoutLib.ts(34,20): error TS2583: Cannot find name 'BigUint64Array'. Do you need to change your target library? Try changing the 'lib' compiler option to 'es2020' or later.
-bigintWithoutLib.ts(35,20): error TS2583: Cannot find name 'BigUint64Array'. Do you need to change your target library? Try changing the 'lib' compiler option to 'es2020' or later.
-bigintWithoutLib.ts(36,20): error TS2583: Cannot find name 'BigUint64Array'. Do you need to change your target library? Try changing the 'lib' compiler option to 'es2020' or later.
-bigintWithoutLib.ts(43,10): error TS2550: Property 'setBigInt64' does not exist on type 'DataView<ArrayBuffer>'. Do you need to change your target library? Try changing the 'lib' compiler option to 'es2020' or later.
-bigintWithoutLib.ts(43,26): error TS2737: BigInt literals are not available when targeting lower than ES2020.
-bigintWithoutLib.ts(44,10): error TS2550: Property 'setBigInt64' does not exist on type 'DataView<ArrayBuffer>'. Do you need to change your target library? Try changing the 'lib' compiler option to 'es2020' or later.
-bigintWithoutLib.ts(44,26): error TS2737: BigInt literals are not available when targeting lower than ES2020.
-bigintWithoutLib.ts(45,10): error TS2550: Property 'setBigInt64' does not exist on type 'DataView<ArrayBuffer>'. Do you need to change your target library? Try changing the 'lib' compiler option to 'es2020' or later.
-bigintWithoutLib.ts(46,10): error TS2550: Property 'setBigUint64' does not exist on type 'DataView<ArrayBuffer>'. Do you need to change your target library? Try changing the 'lib' compiler option to 'es2020' or later.
-bigintWithoutLib.ts(46,26): error TS2737: BigInt literals are not available when targeting lower than ES2020.
-bigintWithoutLib.ts(47,10): error TS2550: Property 'setBigUint64' does not exist on type 'DataView<ArrayBuffer>'. Do you need to change your target library? Try changing the 'lib' compiler option to 'es2020' or later.
-bigintWithoutLib.ts(47,26): error TS2737: BigInt literals are not available when targeting lower than ES2020.
-bigintWithoutLib.ts(48,10): error TS2550: Property 'setBigUint64' does not exist on type 'DataView<ArrayBuffer>'. Do you need to change your target library? Try changing the 'lib' compiler option to 'es2020' or later.
-bigintWithoutLib.ts(49,22): error TS2550: Property 'getBigInt64' does not exist on type 'DataView<ArrayBuffer>'. Do you need to change your target library? Try changing the 'lib' compiler option to 'es2020' or later.
-bigintWithoutLib.ts(50,22): error TS2550: Property 'getBigInt64' does not exist on type 'DataView<ArrayBuffer>'. Do you need to change your target library? Try changing the 'lib' compiler option to 'es2020' or later.
-bigintWithoutLib.ts(51,22): error TS2550: Property 'getBigUint64' does not exist on type 'DataView<ArrayBuffer>'. Do you need to change your target library? Try changing the 'lib' compiler option to 'es2020' or later.
-bigintWithoutLib.ts(52,22): error TS2550: Property 'getBigUint64' does not exist on type 'DataView<ArrayBuffer>'. Do you need to change your target library? Try changing the 'lib' compiler option to 'es2020' or later.
-bigintWithoutLib.ts(55,36): error TS2345: Argument of type 'bigint' is not assignable to parameter of type 'number'.
-bigintWithoutLib.ts(55,36): error TS2737: BigInt literals are not available when targeting lower than ES2020.
-bigintWithoutLib.ts(56,36): error TS2345: Argument of type 'bigint' is not assignable to parameter of type 'number'.
 
 
 !!! error TS5107: Option 'target=ES5' is deprecated and will stop functioning in TypeScript 7.0. Specify compilerOption '"ignoreDeprecations": "6.0"' to silence this error.
-==== bigintWithoutLib.ts (51 errors) ====
+==== bigintWithoutLib.ts (0 errors) ====
     // Every line should error because these builtins are not declared
     
     // Test BigInt functions
     let bigintVal: bigint = BigInt(123);
-                            ~~~~~~
-!!! error TS2583: Cannot find name 'BigInt'. Do you need to change your target library? Try changing the 'lib' compiler option to 'es2020' or later.
     bigintVal = BigInt("456");
-                ~~~~~~
-!!! error TS2583: Cannot find name 'BigInt'. Do you need to change your target library? Try changing the 'lib' compiler option to 'es2020' or later.
     new BigInt(123);
-        ~~~~~~
-!!! error TS2583: Cannot find name 'BigInt'. Do you need to change your target library? Try changing the 'lib' compiler option to 'es2020' or later.
     bigintVal = BigInt.asIntN(8, 0xFFFFn);
-                ~~~~~~
-!!! error TS2583: Cannot find name 'BigInt'. Do you need to change your target library? Try changing the 'lib' compiler option to 'es2020' or later.
-                                 ~~~~~~~
-!!! error TS2737: BigInt literals are not available when targeting lower than ES2020.
     bigintVal = BigInt.asUintN(8, 0xFFFFn);
-                ~~~~~~
-!!! error TS2583: Cannot find name 'BigInt'. Do you need to change your target library? Try changing the 'lib' compiler option to 'es2020' or later.
-                                  ~~~~~~~
-!!! error TS2737: BigInt literals are not available when targeting lower than ES2020.
     bigintVal = bigintVal.valueOf(); // should error - bigintVal inferred as {}
-    ~~~~~~~~~
-!!! error TS2322: Type 'Object' is not assignable to type 'bigint'.
     let stringVal: string = bigintVal.toString(); // should not error - bigintVal inferred as {}
     stringVal = bigintVal.toString(2); // should error - bigintVal inferred as {}
-                                   ~
-!!! error TS2554: Expected 0 arguments, but got 1.
     stringVal = bigintVal.toLocaleString(); // should not error - bigintVal inferred as {}
     stringVal = bigintVal.toLocaleString('de-DE'); // should not error - bigintVal inferred as {}
-                                         ~~~~~~~
-!!! error TS2554: Expected 0 arguments, but got 1.
     stringVal = bigintVal.toLocaleString('de-DE', { style: 'currency' }); // should not error - bigintVal inferred as {}
-                                         ~~~~~~~~~~~~~~~~~~~~~~~~~~~~~~
-!!! error TS2554: Expected 0 arguments, but got 2.
     stringVal = bigintVal.toLocaleString('de-DE', { style: 'currency', currency: 'EUR' }) // should not error - bigintVal inferred as {}
-                                         ~~~~~~~~~~~~~~~~~~~~~~~~~~~~~~~~~~~~~~~~~~~~~~~
-!!! error TS2554: Expected 0 arguments, but got 2.
     
     // Test BigInt64Array
     let bigIntArray: BigInt64Array = new BigInt64Array();
-                     ~~~~~~~~~~~~~
-!!! error TS2583: Cannot find name 'BigInt64Array'. Do you need to change your target library? Try changing the 'lib' compiler option to 'es2020' or later.
-                                         ~~~~~~~~~~~~~
-!!! error TS2583: Cannot find name 'BigInt64Array'. Do you need to change your target library? Try changing the 'lib' compiler option to 'es2020' or later.
     bigIntArray = new BigInt64Array(10);
-                      ~~~~~~~~~~~~~
-!!! error TS2583: Cannot find name 'BigInt64Array'. Do you need to change your target library? Try changing the 'lib' compiler option to 'es2020' or later.
     bigIntArray = new BigInt64Array([1n, 2n, 3n]);
-                      ~~~~~~~~~~~~~
-!!! error TS2583: Cannot find name 'BigInt64Array'. Do you need to change your target library? Try changing the 'lib' compiler option to 'es2020' or later.
-                                     ~~
-!!! error TS2737: BigInt literals are not available when targeting lower than ES2020.
-                                         ~~
-!!! error TS2737: BigInt literals are not available when targeting lower than ES2020.
-                                             ~~
-!!! error TS2737: BigInt literals are not available when targeting lower than ES2020.
     bigIntArray = new BigInt64Array([1, 2, 3]);
-                      ~~~~~~~~~~~~~
-!!! error TS2583: Cannot find name 'BigInt64Array'. Do you need to change your target library? Try changing the 'lib' compiler option to 'es2020' or later.
     bigIntArray = new BigInt64Array(new ArrayBuffer(80));
-                      ~~~~~~~~~~~~~
-!!! error TS2583: Cannot find name 'BigInt64Array'. Do you need to change your target library? Try changing the 'lib' compiler option to 'es2020' or later.
     bigIntArray = new BigInt64Array(new ArrayBuffer(80), 8);
-                      ~~~~~~~~~~~~~
-!!! error TS2583: Cannot find name 'BigInt64Array'. Do you need to change your target library? Try changing the 'lib' compiler option to 'es2020' or later.
     bigIntArray = new BigInt64Array(new ArrayBuffer(80), 8, 3);
-                      ~~~~~~~~~~~~~
-!!! error TS2583: Cannot find name 'BigInt64Array'. Do you need to change your target library? Try changing the 'lib' compiler option to 'es2020' or later.
     let len: number = bigIntArray.length;
     bigIntArray.length = 10;
     let arrayBufferLike: ArrayBufferView = bigIntArray;
     
     // Test BigUint64Array
     let bigUintArray: BigUint64Array = new BigUint64Array();
-                      ~~~~~~~~~~~~~~

Diff truncated: more than 100 lines changed

Expected: 214 lines
Actual: 61 lines

The differences are too extensive to show in unified diff format.
Consider comparing smaller sections or reviewing the strings directly.

</message>
<stacktrace>
  at org.junit.Assert.fail(Assert.java:89)
  at kotlin.test.junit.JUnitAsserter.fail(JUnitSupport.kt:56)
  at kotlin.test.AssertionsKt__AssertionsKt.fail(Assertions.kt:563)
  at kotlin.test.AssertionsKt.fail(Unknown Source)
  at com.xemantic.kotlin.test.SameAsKt.sameAs(SameAs.kt:52)
  at com.xemantic.typescript.compiler.TypeScriptTestSupportKt.errorsMatchBaseline(TypeScriptTestSupport.kt:135)
  at com.xemantic.typescript.compiler.TypeScriptCompilerTests_B.bigintWithoutLib_ts__target_es5__has expected errors matching baseline(TypeScriptCompilerTests_B.kt:413)
  at java.base/jdk.internal.reflect.DirectMethodHandleAccessor.invoke(DirectMethodHandleAccessor.java:104)
  at java.base/java.lang.reflect.Method.invoke(Method.java:565)
  at org.junit.runners.model.FrameworkMethod$1.runReflectiveCall(FrameworkMethod.java:59)
  at org.junit.internal.runners.model.ReflectiveCallable.run(ReflectiveCallable.java:12)
  at org.junit.runners.model.FrameworkMethod.invokeExplosively(FrameworkMethod.java:56)
  at org.junit.internal.runners.statements.InvokeMethod.evaluate(InvokeMethod.java:17)
  at org.junit.runners.ParentRunner$3.evaluate(ParentRunner.java:306)
  at org.junit.runners.BlockJUnit4ClassRunner$1.evaluate(BlockJUnit4ClassRunner.java:100)
  at org.junit.runners.ParentRunner.runLeaf(ParentRunner.java:366)
  at org.junit.runners.BlockJUnit4ClassRunner.runChild(BlockJUnit4ClassRunner.java:103)
  at org.junit.runners.BlockJUnit4ClassRunner.runChild(BlockJUnit4ClassRunner.java:63)
  at org.junit.runners.ParentRunner$4.run(ParentRunner.java:331)
  at org.junit.runners.ParentRunner$1.schedule(ParentRunner.java:79)
  at org.junit.runners.ParentRunner.runChildren(ParentRunner.java:329)
  at org.junit.runners.ParentRunner.access$100(ParentRunner.java:66)
  at org.junit.runners.ParentRunner$2.evaluate(ParentRunner.java:293)
  at org.junit.runners.ParentRunner$3.evaluate(ParentRunner.java:306)
  at org.junit.runners.ParentRunner.run(ParentRunner.java:413)
  at org.junit.runner.JUnitCore.run(JUnitCore.java:137)
  at org.junit.runner.JUnitCore.run(JUnitCore.java:115)
  at org.gradle.api.internal.tasks.testing.junit.JUnitTestExecutor.runRequest(JUnitTestExecutor.java:175)
  at org.gradle.api.internal.tasks.testing.junit.JUnitTestExecutor.accept(JUnitTestExecutor.java:84)
  at org.gradle.api.internal.tasks.testing.junit.JUnitTestExecutor.accept(JUnitTestExecutor.java:47)
  at org.gradle.api.internal.tasks.testing.junit.AbstractJUnitTestDefinitionProcessor.processTestDefinition(AbstractJUnitTestDefinitionProcessor.java:65)
  at org.gradle.api.internal.tasks.testing.SuiteTestDefinitionProcessor.processTestDefinition(SuiteTestDefinitionProcessor.java:54)
  at java.base/jdk.internal.reflect.DirectMethodHandleAccessor.invoke(DirectMethodHandleAccessor.java:104)
  at java.base/java.lang.reflect.Method.invoke(Method.java:565)
  at org.gradle.internal.dispatch.MethodInvocation.invokeOn(MethodInvocation.java:77)
  at org.gradle.internal.dispatch.ReflectionDispatch.dispatch(ReflectionDispatch.java:28)
  at org.gradle.internal.dispatch.ReflectionDispatch.dispatch(ReflectionDispatch.java:19)
  at org.gradle.internal.dispatch.ContextClassLoaderDispatch.dispatch(ContextClassLoaderDispatch.java:33)
  at org.gradle.internal.dispatch.ProxyDispatchAdapter$DispatchingInvocationHandler.invoke(ProxyDispatchAdapter.java:88)
  at jdk.proxy1/jdk.proxy1.$Proxy4.processTestDefinition(Unknown Source)
  at org.gradle.api.internal.tasks.testing.worker.TestWorker$2.run(TestWorker.java:178)
  at org.gradle.api.internal.tasks.testing.worker.TestWorker.executeAndMaintainThreadName(TestWorker.java:126)
  at org.gradle.api.internal.tasks.testing.worker.TestWorker.execute(TestWorker.java:103)
  at org.gradle.api.internal.tasks.testing.worker.TestWorker.execute(TestWorker.java:63)
  at org.gradle.process.internal.worker.child.ActionExecutionWorker.execute(ActionExecutionWorker.java:56)
  at org.gradle.process.internal.worker.child.SystemApplicationClassLoaderWorker.call(SystemApplicationClassLoaderWorker.java:122)
  at org.gradle.process.internal.worker.child.SystemApplicationClassLoaderWorker.call(SystemApplicationClassLoaderWorker.java:72)
  at worker.org.gradle.process.internal.worker.GradleWorkerMain.run(GradleWorkerMain.java:69)
  at worker.org.gradle.process.internal.worker.GradleWorkerMain.main(GradleWorkerMain.java:74)
</stacktrace>
</test-failure>


TypeScriptCompilerTests_B[jvm] > bigintWithoutLib_ts__target_es5__has expected errors matching baseline[jvm] FAILED

<test-failure test="com.xemantic.typescript.compiler.TypeScriptCompilerTests_B.blockScopedSameNameFunctionDeclarationStrictES5_ts__target_es5__has expected errors matching baseline" platform="jvm">
<message>
--- expected
+++ actual
@@ -1,33 +1,29 @@
 error TS5107: Option 'target=ES5' is deprecated and will stop functioning in TypeScript 7.0. Specify compilerOption '"ignoreDeprecations": "6.0"' to silence this error.
-blockScopedSameNameFunctionDeclarationStrictES5.ts(4,18): error TS1250: Function declarations are not allowed inside blocks in strict mode when targeting 'ES5'.
-blockScopedSameNameFunctionDeclarationStrictES5.ts(6,13): error TS2554: Expected 0 arguments, but got 1.
-blockScopedSameNameFunctionDeclarationStrictES5.ts(9,18): error TS1250: Function declarations are not allowed inside blocks in strict mode when targeting 'ES5'.
-blockScopedSameNameFunctionDeclarationStrictES5.ts(11,13): error TS2554: Expected 0 arguments, but got 1.
+blockScopedSameNameFunctionDeclarationStrictES5.ts(5,9): error TS2554: Expected 1 arguments, but got 0.
+blockScopedSameNameFunctionDeclarationStrictES5.ts(10,9): error TS2554: Expected 1 arguments, but got 0.
 blockScopedSameNameFunctionDeclarationStrictES5.ts(14,5): error TS2554: Expected 1 arguments, but got 0.
 blockScopedSameNameFunctionDeclarationStrictES5.ts(17,1): error TS2554: Expected 1 arguments, but got 0.
 
 
 !!! error TS5107: Option 'target=ES5' is deprecated and will stop functioning in TypeScript 7.0. Specify compilerOption '"ignoreDeprecations": "6.0"' to silence this error.
-==== blockScopedSameNameFunctionDeclarationStrictES5.ts (6 errors) ====
+==== blockScopedSameNameFunctionDeclarationStrictES5.ts (4 errors) ====
     "use strict";
     function foo(a: number) {
         if (a === 1) {
             function foo() { } // Error to declare function in block scope
-                     ~~~
-!!! error TS1250: Function declarations are not allowed inside blocks in strict mode when targeting 'ES5'.
             foo();
+            ~~~
+!!! error TS2554: Expected 1 arguments, but got 0.
+!!! related TS6210 blockScopedSameNameFunctionDeclarationStrictES5.ts:2:14: An argument for 'a' was not provided.
             foo(10); // not ok
-                ~~
-!!! error TS2554: Expected 0 arguments, but got 1.
         }
         else {
             function foo() { } // Error to declare function in block scope
-                     ~~~
-!!! error TS1250: Function declarations are not allowed inside blocks in strict mode when targeting 'ES5'.
             foo();
+            ~~~
+!!! error TS2554: Expected 1 arguments, but got 0.
+!!! related TS6210 blockScopedSameNameFunctionDeclarationStrictES5.ts:2:14: An argument for 'a' was not provided.
             foo(10); // not ok
-                ~~
-!!! error TS2554: Expected 0 arguments, but got 1.
         }
         foo(10);
         foo(); // not ok - needs number

</message>
<stacktrace>
  at org.junit.Assert.fail(Assert.java:89)
  at kotlin.test.junit.JUnitAsserter.fail(JUnitSupport.kt:56)
  at kotlin.test.AssertionsKt__AssertionsKt.fail(Assertions.kt:563)
  at kotlin.test.AssertionsKt.fail(Unknown Source)
  at com.xemantic.kotlin.test.SameAsKt.sameAs(SameAs.kt:52)
  at com.xemantic.typescript.compiler.TypeScriptTestSupportKt.errorsMatchBaseline(TypeScriptTestSupport.kt:135)
  at com.xemantic.typescript.compiler.TypeScriptCompilerTests_B.blockScopedSameNameFunctionDeclarationStrictES5_ts__target_es5__has expected errors matching baseline(TypeScriptCompilerTests_B.kt:917)
  at java.base/jdk.internal.reflect.DirectMethodHandleAccessor.invoke(DirectMethodHandleAccessor.java:104)
  at java.base/java.lang.reflect.Method.invoke(Method.java:565)
  at org.junit.runners.model.FrameworkMethod$1.runReflectiveCall(FrameworkMethod.java:59)
  at org.junit.internal.runners.model.ReflectiveCallable.run(ReflectiveCallable.java:12)
  at org.junit.runners.model.FrameworkMethod.invokeExplosively(FrameworkMethod.java:56)
  at org.junit.internal.runners.statements.InvokeMethod.evaluate(InvokeMethod.java:17)
  at org.junit.runners.ParentRunner$3.evaluate(ParentRunner.java:306)
  at org.junit.runners.BlockJUnit4ClassRunner$1.evaluate(BlockJUnit4ClassRunner.java:100)
  at org.junit.runners.ParentRunner.runLeaf(ParentRunner.java:366)
  at org.junit.runners.BlockJUnit4ClassRunner.runChild(BlockJUnit4ClassRunner.java:103)
  at org.junit.runners.BlockJUnit4ClassRunner.runChild(BlockJUnit4ClassRunner.java:63)
  at org.junit.runners.ParentRunner$4.run(ParentRunner.java:331)
  at org.junit.runners.ParentRunner$1.schedule(ParentRunner.java:79)
  at org.junit.runners.ParentRunner.runChildren(ParentRunner.java:329)
  at org.junit.runners.ParentRunner.access$100(ParentRunner.java:66)
  at org.junit.runners.ParentRunner$2.evaluate(ParentRunner.java:293)
  at org.junit.runners.ParentRunner$3.evaluate(ParentRunner.java:306)
  at org.junit.runners.ParentRunner.run(ParentRunner.java:413)
  at org.junit.runner.JUnitCore.run(JUnitCore.java:137)
  at org.junit.runner.JUnitCore.run(JUnitCore.java:115)
  at org.gradle.api.internal.tasks.testing.junit.JUnitTestExecutor.runRequest(JUnitTestExecutor.java:175)
  at org.gradle.api.internal.tasks.testing.junit.JUnitTestExecutor.accept(JUnitTestExecutor.java:84)
  at org.gradle.api.internal.tasks.testing.junit.JUnitTestExecutor.accept(JUnitTestExecutor.java:47)
  at org.gradle.api.internal.tasks.testing.junit.AbstractJUnitTestDefinitionProcessor.processTestDefinition(AbstractJUnitTestDefinitionProcessor.java:65)
  at org.gradle.api.internal.tasks.testing.SuiteTestDefinitionProcessor.processTestDefinition(SuiteTestDefinitionProcessor.java:54)
  at java.base/jdk.internal.reflect.DirectMethodHandleAccessor.invoke(DirectMethodHandleAccessor.java:104)
  at java.base/java.lang.reflect.Method.invoke(Method.java:565)
  at org.gradle.internal.dispatch.MethodInvocation.invokeOn(MethodInvocation.java:77)
  at org.gradle.internal.dispatch.ReflectionDispatch.dispatch(ReflectionDispatch.java:28)
  at org.gradle.internal.dispatch.ReflectionDispatch.dispatch(ReflectionDispatch.java:19)
  at org.gradle.internal.dispatch.ContextClassLoaderDispatch.dispatch(ContextClassLoaderDispatch.java:33)
  at org.gradle.internal.dispatch.ProxyDispatchAdapter$DispatchingInvocationHandler.invoke(ProxyDispatchAdapter.java:88)
  at jdk.proxy1/jdk.proxy1.$Proxy4.processTestDefinition(Unknown Source)
  at org.gradle.api.internal.tasks.testing.worker.TestWorker$2.run(TestWorker.java:178)
  at org.gradle.api.internal.tasks.testing.worker.TestWorker.executeAndMaintainThreadName(TestWorker.java:126)
  at org.gradle.api.internal.tasks.testing.worker.TestWorker.execute(TestWorker.java:103)
  at org.gradle.api.internal.tasks.testing.worker.TestWorker.execute(TestWorker.java:63)
  at org.gradle.process.internal.worker.child.ActionExecutionWorker.execute(ActionExecutionWorker.java:56)
  at org.gradle.process.internal.worker.child.SystemApplicationClassLoaderWorker.call(SystemApplicationClassLoaderWorker.java:122)
  at org.gradle.process.internal.worker.child.SystemApplicationClassLoaderWorker.call(SystemApplicationClassLoaderWorker.java:72)
  at worker.org.gradle.process.internal.worker.GradleWorkerMain.run(GradleWorkerMain.java:69)
  at worker.org.gradle.process.internal.worker.GradleWorkerMain.main(GradleWorkerMain.java:74)
</stacktrace>
</test-failure>


TypeScriptCompilerTests_B[jvm] > blockScopedSameNameFunctionDeclarationStrictES5_ts__target_es5__has expected errors matching baseline[jvm] FAILED

<test-failure test="com.xemantic.typescript.compiler.TypeScriptCompilerTests_B.betterErrorForAccidentalCall_ts has expected errors matching betterErrorForAccidentalCall_errors_txt" platform="jvm">
<message>
Expected diagnostics from baseline typescript-repo/tests/baselines/reference/betterErrorForAccidentalCall.errors.txt but none produced
</message>
<stacktrace>
  at com.xemantic.typescript.compiler.TypeScriptTestSupportKt.errorsMatchBaseline(TypeScriptTestSupport.kt:125)
  at com.xemantic.typescript.compiler.TypeScriptCompilerTests_B.betterErrorForAccidentalCall_ts has expected errors matching betterErrorForAccidentalCall_errors_txt(TypeScriptCompilerTests_B.kt:280)
  at java.base/jdk.internal.reflect.DirectMethodHandleAccessor.invoke(DirectMethodHandleAccessor.java:104)
  at java.base/java.lang.reflect.Method.invoke(Method.java:565)
  at org.junit.runners.model.FrameworkMethod$1.runReflectiveCall(FrameworkMethod.java:59)
  at org.junit.internal.runners.model.ReflectiveCallable.run(ReflectiveCallable.java:12)
  at org.junit.runners.model.FrameworkMethod.invokeExplosively(FrameworkMethod.java:56)
  at org.junit.internal.runners.statements.InvokeMethod.evaluate(InvokeMethod.java:17)
  at org.junit.runners.ParentRunner$3.evaluate(ParentRunner.java:306)
  at org.junit.runners.BlockJUnit4ClassRunner$1.evaluate(BlockJUnit4ClassRunner.java:100)
  at org.junit.runners.ParentRunner.runLeaf(ParentRunner.java:366)
  at org.junit.runners.BlockJUnit4ClassRunner.runChild(BlockJUnit4ClassRunner.java:103)
  at org.junit.runners.BlockJUnit4ClassRunner.runChild(BlockJUnit4ClassRunner.java:63)
  at org.junit.runners.ParentRunner$4.run(ParentRunner.java:331)
  at org.junit.runners.ParentRunner$1.schedule(ParentRunner.java:79)
  at org.junit.runners.ParentRunner.runChildren(ParentRunner.java:329)
  at org.junit.runners.ParentRunner.access$100(ParentRunner.java:66)
  at org.junit.runners.ParentRunner$2.evaluate(ParentRunner.java:293)
  at org.junit.runners.ParentRunner$3.evaluate(ParentRunner.java:306)
  at org.junit.runners.ParentRunner.run(ParentRunner.java:413)
  at org.junit.runner.JUnitCore.run(JUnitCore.java:137)
  at org.junit.runner.JUnitCore.run(JUnitCore.java:115)
  at org.gradle.api.internal.tasks.testing.junit.JUnitTestExecutor.runRequest(JUnitTestExecutor.java:175)
  at org.gradle.api.internal.tasks.testing.junit.JUnitTestExecutor.accept(JUnitTestExecutor.java:84)
  at org.gradle.api.internal.tasks.testing.junit.JUnitTestExecutor.accept(JUnitTestExecutor.java:47)
  at org.gradle.api.internal.tasks.testing.junit.AbstractJUnitTestDefinitionProcessor.processTestDefinition(AbstractJUnitTestDefinitionProcessor.java:65)
  at org.gradle.api.internal.tasks.testing.SuiteTestDefinitionProcessor.processTestDefinition(SuiteTestDefinitionProcessor.java:54)
  at java.base/jdk.internal.reflect.DirectMethodHandleAccessor.invoke(DirectMethodHandleAccessor.java:104)
  at java.base/java.lang.reflect.Method.invoke(Method.java:565)
  at org.gradle.internal.dispatch.MethodInvocation.invokeOn(MethodInvocation.java:77)
  at org.gradle.internal.dispatch.ReflectionDispatch.dispatch(ReflectionDispatch.java:28)
  at org.gradle.internal.dispatch.ReflectionDispatch.dispatch(ReflectionDispatch.java:19)
  at org.gradle.internal.dispatch.ContextClassLoaderDispatch.dispatch(ContextClassLoaderDispatch.java:33)
  at org.gradle.internal.dispatch.ProxyDispatchAdapter$DispatchingInvocationHandler.invoke(ProxyDispatchAdapter.java:88)
  at jdk.proxy1/jdk.proxy1.$Proxy4.processTestDefinition(Unknown Source)
  at org.gradle.api.internal.tasks.testing.worker.TestWorker$2.run(TestWorker.java:178)
  at org.gradle.api.internal.tasks.testing.worker.TestWorker.executeAndMaintainThreadName(TestWorker.java:126)
  at org.gradle.api.internal.tasks.testing.worker.TestWorker.execute(TestWorker.java:103)
  at org.gradle.api.internal.tasks.testing.worker.TestWorker.execute(TestWorker.java:63)
  at org.gradle.process.internal.worker.child.ActionExecutionWorker.execute(ActionExecutionWorker.java:56)
  at org.gradle.process.internal.worker.child.SystemApplicationClassLoaderWorker.call(SystemApplicationClassLoaderWorker.java:122)
  at org.gradle.process.internal.worker.child.SystemApplicationClassLoaderWorker.call(SystemApplicationClassLoaderWorker.java:72)
  at worker.org.gradle.process.internal.worker.GradleWorkerMain.run(GradleWorkerMain.java:69)
  at worker.org.gradle.process.internal.worker.GradleWorkerMain.main(GradleWorkerMain.java:74)
</stacktrace>
</test-failure>


TypeScriptCompilerTests_B[jvm] > betterErrorForAccidentalCall_ts has expected errors matching betterErrorForAccidentalCall_errors_txt[jvm] FAILED

<test-failure test="com.xemantic.typescript.compiler.TypeScriptCompilerTests_B.bigintAmbientMinimal_ts__target_es5__has expected errors matching baseline" platform="jvm">
<message>
--- expected
+++ actual
@@ -1,5 +1,4 @@
 error TS5107: Option 'target=ES5' is deprecated and will stop functioning in TypeScript 7.0. Specify compilerOption '"ignoreDeprecations": "6.0"' to silence this error.
-/main.ts(5,17): error TS2737: BigInt literals are not available when targeting lower than ES2020.
 
 
 !!! error TS5107: Option 'target=ES5' is deprecated and will stop functioning in TypeScript 7.0. Specify compilerOption '"ignoreDeprecations": "6.0"' to silence this error.
@@ -9,11 +8,9 @@
         const value = 999n;
     }
     
-==== /main.ts (1 errors) ====
+==== /main.ts (0 errors) ====
     // Minimal repro from issue
     declare const n = 123n;
     
     // Non-ambient for comparison
     const regular = 456n;
-                    ~~~~
-!!! error TS2737: BigInt literals are not available when targeting lower than ES2020.

</message>
<stacktrace>
  at org.junit.Assert.fail(Assert.java:89)
  at kotlin.test.junit.JUnitAsserter.fail(JUnitSupport.kt:56)
  at kotlin.test.AssertionsKt__AssertionsKt.fail(Assertions.kt:563)
  at kotlin.test.AssertionsKt.fail(Unknown Source)
  at com.xemantic.kotlin.test.SameAsKt.sameAs(SameAs.kt:52)
  at com.xemantic.typescript.compiler.TypeScriptTestSupportKt.errorsMatchBaseline(TypeScriptTestSupport.kt:135)
  at com.xemantic.typescript.compiler.TypeScriptCompilerTests_B.bigintAmbientMinimal_ts__target_es5__has expected errors matching baseline(TypeScriptCompilerTests_B.kt:336)
  at java.base/jdk.internal.reflect.DirectMethodHandleAccessor.invoke(DirectMethodHandleAccessor.java:104)
  at java.base/java.lang.reflect.Method.invoke(Method.java:565)
  at org.junit.runners.model.FrameworkMethod$1.runReflectiveCall(FrameworkMethod.java:59)
  at org.junit.internal.runners.model.ReflectiveCallable.run(ReflectiveCallable.java:12)
  at org.junit.runners.model.FrameworkMethod.invokeExplosively(FrameworkMethod.java:56)
  at org.junit.internal.runners.statements.InvokeMethod.evaluate(InvokeMethod.java:17)
  at org.junit.runners.ParentRunner$3.evaluate(ParentRunner.java:306)
  at org.junit.runners.BlockJUnit4ClassRunner$1.evaluate(BlockJUnit4ClassRunner.java:100)
  at org.junit.runners.ParentRunner.runLeaf(ParentRunner.java:366)
  at org.junit.runners.BlockJUnit4ClassRunner.runChild(BlockJUnit4ClassRunner.java:103)
  at org.junit.runners.BlockJUnit4ClassRunner.runChild(BlockJUnit4ClassRunner.java:63)
  at org.junit.runners.ParentRunner$4.run(ParentRunner.java:331)
  at org.junit.runners.ParentRunner$1.schedule(ParentRunner.java:79)
  at org.junit.runners.ParentRunner.runChildren(ParentRunner.java:329)
  at org.junit.runners.ParentRunner.access$100(ParentRunner.java:66)
  at org.junit.runners.ParentRunner$2.evaluate(ParentRunner.java:293)
  at org.junit.runners.ParentRunner$3.evaluate(ParentRunner.java:306)
  at org.junit.runners.ParentRunner.run(ParentRunner.java:413)
  at org.junit.runner.JUnitCore.run(JUnitCore.java:137)
  at org.junit.runner.JUnitCore.run(JUnitCore.java:115)
  at org.gradle.api.internal.tasks.testing.junit.JUnitTestExecutor.runRequest(JUnitTestExecutor.java:175)
  at org.gradle.api.internal.tasks.testing.junit.JUnitTestExecutor.accept(JUnitTestExecutor.java:84)
  at org.gradle.api.internal.tasks.testing.junit.JUnitTestExecutor.accept(JUnitTestExecutor.java:47)
  at org.gradle.api.internal.tasks.testing.junit.AbstractJUnitTestDefinitionProcessor.processTestDefinition(AbstractJUnitTestDefinitionProcessor.java:65)
  at org.gradle.api.internal.tasks.testing.SuiteTestDefinitionProcessor.processTestDefinition(SuiteTestDefinitionProcessor.java:54)
  at java.base/jdk.internal.reflect.DirectMethodHandleAccessor.invoke(DirectMethodHandleAccessor.java:104)
  at java.base/java.lang.reflect.Method.invoke(Method.java:565)
  at org.gradle.internal.dispatch.MethodInvocation.invokeOn(MethodInvocation.java:77)
  at org.gradle.internal.dispatch.ReflectionDispatch.dispatch(ReflectionDispatch.java:28)
  at org.gradle.internal.dispatch.ReflectionDispatch.dispatch(ReflectionDispatch.java:19)
  at org.gradle.internal.dispatch.ContextClassLoaderDispatch.dispatch(ContextClassLoaderDispatch.java:33)
  at org.gradle.internal.dispatch.ProxyDispatchAdapter$DispatchingInvocationHandler.invoke(ProxyDispatchAdapter.java:88)
  at jdk.proxy1/jdk.proxy1.$Proxy4.processTestDefinition(Unknown Source)
  at org.gradle.api.internal.tasks.testing.worker.TestWorker$2.run(TestWorker.java:178)
  at org.gradle.api.internal.tasks.testing.worker.TestWorker.executeAndMaintainThreadName(TestWorker.java:126)
  at org.gradle.api.internal.tasks.testing.worker.TestWorker.execute(TestWorker.java:103)
  at org.gradle.api.internal.tasks.testing.worker.TestWorker.execute(TestWorker.java:63)
  at org.gradle.process.internal.worker.child.ActionExecutionWorker.execute(ActionExecutionWorker.java:56)
  at org.gradle.process.internal.worker.child.SystemApplicationClassLoaderWorker.call(SystemApplicationClassLoaderWorker.java:122)
  at org.gradle.process.internal.worker.child.SystemApplicationClassLoaderWorker.call(SystemApplicationClassLoaderWorker.java:72)
  at worker.org.gradle.process.internal.worker.GradleWorkerMain.run(GradleWorkerMain.java:69)
  at worker.org.gradle.process.internal.worker.GradleWorkerMain.main(GradleWorkerMain.java:74)
</stacktrace>
</test-failure>


TypeScriptCompilerTests_B[jvm] > bigintAmbientMinimal_ts__target_es5__has expected errors matching baseline[jvm] FAILED

<test-failure test="com.xemantic.typescript.compiler.TypeScriptCompilerTests_B.blockScopedBindingUsedBeforeDef_ts has expected errors matching blockScopedBindingUsedBeforeDef_errors_txt" platform="jvm">
<message>
Expected diagnostics from baseline typescript-repo/tests/baselines/reference/blockScopedBindingUsedBeforeDef.errors.txt but none produced
</message>
<stacktrace>
  at com.xemantic.typescript.compiler.TypeScriptTestSupportKt.errorsMatchBaseline(TypeScriptTestSupport.kt:125)
  at com.xemantic.typescript.compiler.TypeScriptCompilerTests_B.blockScopedBindingUsedBeforeDef_ts has expected errors matching blockScopedBindingUsedBeforeDef_errors_txt(TypeScriptCompilerTests_B.kt:588)
  at java.base/jdk.internal.reflect.DirectMethodHandleAccessor.invoke(DirectMethodHandleAccessor.java:104)
  at java.base/java.lang.reflect.Method.invoke(Method.java:565)
  at org.junit.runners.model.FrameworkMethod$1.runReflectiveCall(FrameworkMethod.java:59)
  at org.junit.internal.runners.model.ReflectiveCallable.run(ReflectiveCallable.java:12)
  at org.junit.runners.model.FrameworkMethod.invokeExplosively(FrameworkMethod.java:56)
  at org.junit.internal.runners.statements.InvokeMethod.evaluate(InvokeMethod.java:17)
  at org.junit.runners.ParentRunner$3.evaluate(ParentRunner.java:306)
  at org.junit.runners.BlockJUnit4ClassRunner$1.evaluate(BlockJUnit4ClassRunner.java:100)
  at org.junit.runners.ParentRunner.runLeaf(ParentRunner.java:366)
  at org.junit.runners.BlockJUnit4ClassRunner.runChild(BlockJUnit4ClassRunner.java:103)
  at org.junit.runners.BlockJUnit4ClassRunner.runChild(BlockJUnit4ClassRunner.java:63)
  at org.junit.runners.ParentRunner$4.run(ParentRunner.java:331)
  at org.junit.runners.ParentRunner$1.schedule(ParentRunner.java:79)
  at org.junit.runners.ParentRunner.runChildren(ParentRunner.java:329)
  at org.junit.runners.ParentRunner.access$100(ParentRunner.java:66)
  at org.junit.runners.ParentRunner$2.evaluate(ParentRunner.java:293)
  at org.junit.runners.ParentRunner$3.evaluate(ParentRunner.java:306)
  at org.junit.runners.ParentRunner.run(ParentRunner.java:413)
  at org.junit.runner.JUnitCore.run(JUnitCore.java:137)
  at org.junit.runner.JUnitCore.run(JUnitCore.java:115)
  at org.gradle.api.internal.tasks.testing.junit.JUnitTestExecutor.runRequest(JUnitTestExecutor.java:175)
  at org.gradle.api.internal.tasks.testing.junit.JUnitTestExecutor.accept(JUnitTestExecutor.java:84)
  at org.gradle.api.internal.tasks.testing.junit.JUnitTestExecutor.accept(JUnitTestExecutor.java:47)
  at org.gradle.api.internal.tasks.testing.junit.AbstractJUnitTestDefinitionProcessor.processTestDefinition(AbstractJUnitTestDefinitionProcessor.java:65)
  at org.gradle.api.internal.tasks.testing.SuiteTestDefinitionProcessor.processTestDefinition(SuiteTestDefinitionProcessor.java:54)
  at java.base/jdk.internal.reflect.DirectMethodHandleAccessor.invoke(DirectMethodHandleAccessor.java:104)
  at java.base/java.lang.reflect.Method.invoke(Method.java:565)
  at org.gradle.internal.dispatch.MethodInvocation.invokeOn(MethodInvocation.java:77)
  at org.gradle.internal.dispatch.ReflectionDispatch.dispatch(ReflectionDispatch.java:28)
  at org.gradle.internal.dispatch.ReflectionDispatch.dispatch(ReflectionDispatch.java:19)
  at org.gradle.internal.dispatch.ContextClassLoaderDispatch.dispatch(ContextClassLoaderDispatch.java:33)
  at org.gradle.internal.dispatch.ProxyDispatchAdapter$DispatchingInvocationHandler.invoke(ProxyDispatchAdapter.java:88)
  at jdk.proxy1/jdk.proxy1.$Proxy4.processTestDefinition(Unknown Source)
  at org.gradle.api.internal.tasks.testing.worker.TestWorker$2.run(TestWorker.java:178)
  at org.gradle.api.internal.tasks.testing.worker.TestWorker.executeAndMaintainThreadName(TestWorker.java:126)
  at org.gradle.api.internal.tasks.testing.worker.TestWorker.execute(TestWorker.java:103)
  at org.gradle.api.internal.tasks.testing.worker.TestWorker.execute(TestWorker.java:63)
  at org.gradle.process.internal.worker.child.ActionExecutionWorker.execute(ActionExecutionWorker.java:56)
  at org.gradle.process.internal.worker.child.SystemApplicationClassLoaderWorker.call(SystemApplicationClassLoaderWorker.java:122)
  at org.gradle.process.internal.worker.child.SystemApplicationClassLoaderWorker.call(SystemApplicationClassLoaderWorker.java:72)
  at worker.org.gradle.process.internal.worker.GradleWorkerMain.run(GradleWorkerMain.java:69)
  at worker.org.gradle.process.internal.worker.GradleWorkerMain.main(GradleWorkerMain.java:74)
</stacktrace>
</test-failure>


TypeScriptCompilerTests_B[jvm] > blockScopedBindingUsedBeforeDef_ts has expected errors matching blockScopedBindingUsedBeforeDef_errors_txt[jvm] FAILED

<test-failure test="com.xemantic.typescript.compiler.TypeScriptCompilerTests_B.baseClassImprovedMismatchErrors_ts has expected errors matching baseClassImprovedMismatchErrors_errors_txt" platform="jvm">
<message>
--- expected
+++ actual
@@ -1,31 +1,13 @@
 baseClassImprovedMismatchErrors.ts(2,5): error TS2564: Property 'n' has no initializer and is not definitely assigned in the constructor.
 baseClassImprovedMismatchErrors.ts(8,5): error TS2416: Property 'n' in type 'Derived' is not assignable to the same property in base type 'Base'.
-  Type 'string | Derived' is not assignable to type 'string | Base'.
-    Type 'Derived' is not assignable to type 'string | Base'.
-      Type 'Derived' is not assignable to type 'Base'.
-        The types returned by 'fn()' are incompatible between these types.
-          Type 'string | number' is not assignable to type 'number'.
-            Type 'string' is not assignable to type 'number'.
+  Type 'Derived | string' is not assignable to type 'Base | string'.
 baseClassImprovedMismatchErrors.ts(8,5): error TS2564: Property 'n' has no initializer and is not definitely assigned in the constructor.
-baseClassImprovedMismatchErrors.ts(9,5): error TS2416: Property 'fn' in type 'Derived' is not assignable to the same property in base type 'Base'.
-  Type '() => number | string' is not assignable to type '() => number'.
-    Type 'string | number' is not assignable to type 'number'.
-      Type 'string' is not assignable to type 'number'.
 baseClassImprovedMismatchErrors.ts(14,5): error TS2416: Property 'n' in type 'DerivedInterface' is not assignable to the same property in base type 'Base'.
-  Type 'string | DerivedInterface' is not assignable to type 'string | Base'.
-    Type 'DerivedInterface' is not assignable to type 'string | Base'.
-      Type 'DerivedInterface' is not assignable to type 'Base'.
-        The types returned by 'fn()' are incompatible between these types.
-          Type 'string | number' is not assignable to type 'number'.
-            Type 'string' is not assignable to type 'number'.
+  Type 'DerivedInterface | string' is not assignable to type 'Base | string'.
 baseClassImprovedMismatchErrors.ts(14,5): error TS2564: Property 'n' has no initializer and is not definitely assigned in the constructor.
-baseClassImprovedMismatchErrors.ts(15,5): error TS2416: Property 'fn' in type 'DerivedInterface' is not assignable to the same property in base type 'Base'.
-  Type '() => number | string' is not assignable to type '() => number'.
-    Type 'string | number' is not assignable to type 'number'.
-      Type 'string' is not assignable to type 'number'.
 
 
-==== baseClassImprovedMismatchErrors.ts (7 errors) ====
+==== baseClassImprovedMismatchErrors.ts (5 errors) ====
     class Base {
         n: Base | string;
         ~
@@ -38,20 +20,10 @@
         n: Derived | string;
         ~
 !!! error TS2416: Property 'n' in type 'Derived' is not assignable to the same property in base type 'Base'.
-!!! error TS2416:   Type 'string | Derived' is not assignable to type 'string | Base'.
-!!! error TS2416:     Type 'Derived' is not assignable to type 'string | Base'.
-!!! error TS2416:       Type 'Derived' is not assignable to type 'Base'.
-!!! error TS2416:         The types returned by 'fn()' are incompatible between these types.
-!!! error TS2416:           Type 'string | number' is not assignable to type 'number'.
-!!! error TS2416:             Type 'string' is not assignable to type 'number'.
+!!! error TS2416:   Type 'Derived | string' is not assignable to type 'Base | string'.
         ~
 !!! error TS2564: Property 'n' has no initializer and is not definitely assigned in the constructor.
         fn() {
-        ~~
-!!! error TS2416: Property 'fn' in type 'Derived' is not assignable to the same property in base type 'Base'.
-!!! error TS2416:   Type '() => number | string' is not assignable to type '() => number'.
-!!! error TS2416:     Type 'string | number' is not assignable to type 'number'.
-!!! error TS2416:       Type 'string' is not assignable to type 'number'.
             return 10 as number | string;
         }
     }
@@ -59,20 +31,10 @@
         n: DerivedInterface | string;
         ~
 !!! error TS2416: Property 'n' in type 'DerivedInterface' is not assignable to the same property in base type 'Base'.
-!!! error TS2416:   Type 'string | DerivedInterface' is not assignable to type 'string | Base'.
-!!! error TS2416:     Type 'DerivedInterface' is not assignable to type 'string | Base'.
-!!! error TS2416:       Type 'DerivedInterface' is not assignable to type 'Base'.
-!!! error TS2416:         The types returned by 'fn()' are incompatible between these types.
-!!! error TS2416:           Type 'string | number' is not assignable to type 'number'.
-!!! error TS2416:             Type 'string' is not assignable to type 'number'.
+!!! error TS2416:   Type 'DerivedInterface | string' is not assignable to type 'Base | string'.
         ~
 !!! error TS2564: Property 'n' has no initializer and is not definitely assigned in the constructor.
         fn() {
-        ~~
-!!! error TS2416: Property 'fn' in type 'DerivedInterface' is not assignable to the same property in base type 'Base'.
-!!! error TS2416:   Type '() => number | string' is not assignable to type '() => number'.
-!!! error TS2416:     Type 'string | number' is not assignable to type 'number'.
-!!! error TS2416:       Type 'string' is not assignable to type 'number'.
             return 10 as number | string;
         }
     }

</message>
<stacktrace>
  at org.junit.Assert.fail(Assert.java:89)
  at kotlin.test.junit.JUnitAsserter.fail(JUnitSupport.kt:56)
  at kotlin.test.AssertionsKt__AssertionsKt.fail(Assertions.kt:563)
  at kotlin.test.AssertionsKt.fail(Unknown Source)
  at com.xemantic.kotlin.test.SameAsKt.sameAs(SameAs.kt:52)
  at com.xemantic.typescript.compiler.TypeScriptTestSupportKt.errorsMatchBaseline(TypeScriptTestSupport.kt:135)
  at com.xemantic.typescript.compiler.TypeScriptCompilerTests_B.baseClassImprovedMismatchErrors_ts has expected errors matching baseClassImprovedMismatchErrors_errors_txt(TypeScriptCompilerTests_B.kt:112)
  at java.base/jdk.internal.reflect.DirectMethodHandleAccessor.invoke(DirectMethodHandleAccessor.java:104)
  at java.base/java.lang.reflect.Method.invoke(Method.java:565)
  at org.junit.runners.model.FrameworkMethod$1.runReflectiveCall(FrameworkMethod.java:59)
  at org.junit.internal.runners.model.ReflectiveCallable.run(ReflectiveCallable.java:12)
  at org.junit.runners.model.FrameworkMethod.invokeExplosively(FrameworkMethod.java:56)
  at org.junit.internal.runners.statements.InvokeMethod.evaluate(InvokeMethod.java:17)
  at org.junit.runners.ParentRunner$3.evaluate(ParentRunner.java:306)
  at org.junit.runners.BlockJUnit4ClassRunner$1.evaluate(BlockJUnit4ClassRunner.java:100)
  at org.junit.runners.ParentRunner.runLeaf(ParentRunner.java:366)
  at org.junit.runners.BlockJUnit4ClassRunner.runChild(BlockJUnit4ClassRunner.java:103)
  at org.junit.runners.BlockJUnit4ClassRunner.runChild(BlockJUnit4ClassRunner.java:63)
  at org.junit.runners.ParentRunner$4.run(ParentRunner.java:331)
  at org.junit.runners.ParentRunner$1.schedule(ParentRunner.java:79)
  at org.junit.runners.ParentRunner.runChildren(ParentRunner.java:329)
  at org.junit.runners.ParentRunner.access$100(ParentRunner.java:66)
  at org.junit.runners.ParentRunner$2.evaluate(ParentRunner.java:293)
  at org.junit.runners.ParentRunner$3.evaluate(ParentRunner.java:306)
  at org.junit.runners.ParentRunner.run(ParentRunner.java:413)
  at org.junit.runner.JUnitCore.run(JUnitCore.java:137)
  at org.junit.runner.JUnitCore.run(JUnitCore.java:115)
  at org.gradle.api.internal.tasks.testing.junit.JUnitTestExecutor.runRequest(JUnitTestExecutor.java:175)
  at org.gradle.api.internal.tasks.testing.junit.JUnitTestExecutor.accept(JUnitTestExecutor.java:84)
  at org.gradle.api.internal.tasks.testing.junit.JUnitTestExecutor.accept(JUnitTestExecutor.java:47)
  at org.gradle.api.internal.tasks.testing.junit.AbstractJUnitTestDefinitionProcessor.processTestDefinition(AbstractJUnitTestDefinitionProcessor.java:65)
  at org.gradle.api.internal.tasks.testing.SuiteTestDefinitionProcessor.processTestDefinition(SuiteTestDefinitionProcessor.java:54)
  at java.base/jdk.internal.reflect.DirectMethodHandleAccessor.invoke(DirectMethodHandleAccessor.java:104)
  at java.base/java.lang.reflect.Method.invoke(Method.java:565)
  at org.gradle.internal.dispatch.MethodInvocation.invokeOn(MethodInvocation.java:77)
  at org.gradle.internal.dispatch.ReflectionDispatch.dispatch(ReflectionDispatch.java:28)
  at org.gradle.internal.dispatch.ReflectionDispatch.dispatch(ReflectionDispatch.java:19)
  at org.gradle.internal.dispatch.ContextClassLoaderDispatch.dispatch(ContextClassLoaderDispatch.java:33)
  at org.gradle.internal.dispatch.ProxyDispatchAdapter$DispatchingInvocationHandler.invoke(ProxyDispatchAdapter.java:88)
  at jdk.proxy1/jdk.proxy1.$Proxy4.processTestDefinition(Unknown Source)
  at org.gradle.api.internal.tasks.testing.worker.TestWorker$2.run(TestWorker.java:178)
  at org.gradle.api.internal.tasks.testing.worker.TestWorker.executeAndMaintainThreadName(TestWorker.java:126)
  at org.gradle.api.internal.tasks.testing.worker.TestWorker.execute(TestWorker.java:103)
  at org.gradle.api.internal.tasks.testing.worker.TestWorker.execute(TestWorker.java:63)
  at org.gradle.process.internal.worker.child.ActionExecutionWorker.execute(ActionExecutionWorker.java:56)
  at org.gradle.process.internal.worker.child.SystemApplicationClassLoaderWorker.call(SystemApplicationClassLoaderWorker.java:122)
  at org.gradle.process.internal.worker.child.SystemApplicationClassLoaderWorker.call(SystemApplicationClassLoaderWorker.java:72)
  at worker.org.gradle.process.internal.worker.GradleWorkerMain.run(GradleWorkerMain.java:69)
  at worker.org.gradle.process.internal.worker.GradleWorkerMain.main(GradleWorkerMain.java:74)
</stacktrace>
</test-failure>


TypeScriptCompilerTests_B[jvm] > baseClassImprovedMismatchErrors_ts has expected errors matching baseClassImprovedMismatchErrors_errors_txt[jvm] FAILED

<test-failure test="com.xemantic.typescript.compiler.TypeScriptCompilerTests_B.blockScopedFunctionDeclarationInStrictClass_ts__target_es5__has expected errors matching baseline" platform="jvm">
<message>
--- expected
+++ actual
@@ -1,16 +1,13 @@
 error TS5107: Option 'target=ES5' is deprecated and will stop functioning in TypeScript 7.0. Specify compilerOption '"ignoreDeprecations": "6.0"' to silence this error.
-blockScopedFunctionDeclarationInStrictClass.ts(4,22): error TS1251: Function declarations are not allowed inside blocks in strict mode when targeting 'ES5'. Class definitions are automatically in strict mode.
 blockScopedFunctionDeclarationInStrictClass.ts(7,9): error TS2304: Cannot find name 'foo'.
 
 
 !!! error TS5107: Option 'target=ES5' is deprecated and will stop functioning in TypeScript 7.0. Specify compilerOption '"ignoreDeprecations": "6.0"' to silence this error.
-==== blockScopedFunctionDeclarationInStrictClass.ts (2 errors) ====
+==== blockScopedFunctionDeclarationInStrictClass.ts (1 errors) ====
     class c {
         method() {
             if (true) {
                 function foo() { }
-                         ~~~
-!!! error TS1251: Function declarations are not allowed inside blocks in strict mode when targeting 'ES5'. Class definitions are automatically in strict mode.
                 foo(); // ok
             }
             foo(); // not ok

</message>
<stacktrace>
  at org.junit.Assert.fail(Assert.java:89)
  at kotlin.test.junit.JUnitAsserter.fail(JUnitSupport.kt:56)
  at kotlin.test.AssertionsKt__AssertionsKt.fail(Assertions.kt:563)
  at kotlin.test.AssertionsKt.fail(Unknown Source)
  at com.xemantic.kotlin.test.SameAsKt.sameAs(SameAs.kt:52)
  at com.xemantic.typescript.compiler.TypeScriptTestSupportKt.errorsMatchBaseline(TypeScriptTestSupport.kt:135)
  at com.xemantic.typescript.compiler.TypeScriptCompilerTests_B.blockScopedFunctionDeclarationInStrictClass_ts__target_es5__has expected errors matching baseline(TypeScriptCompilerTests_B.kt:798)
  at java.base/jdk.internal.reflect.DirectMethodHandleAccessor.invoke(DirectMethodHandleAccessor.java:104)
  at java.base/java.lang.reflect.Method.invoke(Method.java:565)
  at org.junit.runners.model.FrameworkMethod$1.runReflectiveCall(FrameworkMethod.java:59)
  at org.junit.internal.runners.model.ReflectiveCallable.run(ReflectiveCallable.java:12)
  at org.junit.runners.model.FrameworkMethod.invokeExplosively(FrameworkMethod.java:56)
  at org.junit.internal.runners.statements.InvokeMethod.evaluate(InvokeMethod.java:17)
  at org.junit.runners.ParentRunner$3.evaluate(ParentRunner.java:306)
  at org.junit.runners.BlockJUnit4ClassRunner$1.evaluate(BlockJUnit4ClassRunner.java:100)
  at org.junit.runners.ParentRunner.runLeaf(ParentRunner.java:366)
  at org.junit.runners.BlockJUnit4ClassRunner.runChild(BlockJUnit4ClassRunner.java:103)
  at org.junit.runners.BlockJUnit4ClassRunner.runChild(BlockJUnit4ClassRunner.java:63)
  at org.junit.runners.ParentRunner$4.run(ParentRunner.java:331)
  at org.junit.runners.ParentRunner$1.schedule(ParentRunner.java:79)
  at org.junit.runners.ParentRunner.runChildren(ParentRunner.java:329)
  at org.junit.runners.ParentRunner.access$100(ParentRunner.java:66)
  at org.junit.runners.ParentRunner$2.evaluate(ParentRunner.java:293)
  at org.junit.runners.ParentRunner$3.evaluate(ParentRunner.java:306)
  at org.junit.runners.ParentRunner.run(ParentRunner.java:413)
  at org.junit.runner.JUnitCore.run(JUnitCore.java:137)
  at org.junit.runner.JUnitCore.run(JUnitCore.java:115)
  at org.gradle.api.internal.tasks.testing.junit.JUnitTestExecutor.runRequest(JUnitTestExecutor.java:175)
  at org.gradle.api.internal.tasks.testing.junit.JUnitTestExecutor.accept(JUnitTestExecutor.java:84)
  at org.gradle.api.internal.tasks.testing.junit.JUnitTestExecutor.accept(JUnitTestExecutor.java:47)
  at org.gradle.api.internal.tasks.testing.junit.AbstractJUnitTestDefinitionProcessor.processTestDefinition(AbstractJUnitTestDefinitionProcessor.java:65)
  at org.gradle.api.internal.tasks.testing.SuiteTestDefinitionProcessor.processTestDefinition(SuiteTestDefinitionProcessor.java:54)
  at java.base/jdk.internal.reflect.DirectMethodHandleAccessor.invoke(DirectMethodHandleAccessor.java:104)
  at java.base/java.lang.reflect.Method.invoke(Method.java:565)
  at org.gradle.internal.dispatch.MethodInvocation.invokeOn(MethodInvocation.java:77)
  at org.gradle.internal.dispatch.ReflectionDispatch.dispatch(ReflectionDispatch.java:28)
  at org.gradle.internal.dispatch.ReflectionDispatch.dispatch(ReflectionDispatch.java:19)
  at org.gradle.internal.dispatch.ContextClassLoaderDispatch.dispatch(ContextClassLoaderDispatch.java:33)
  at org.gradle.internal.dispatch.ProxyDispatchAdapter$DispatchingInvocationHandler.invoke(ProxyDispatchAdapter.java:88)
  at jdk.proxy1/jdk.proxy1.$Proxy4.processTestDefinition(Unknown Source)
  at org.gradle.api.internal.tasks.testing.worker.TestWorker$2.run(TestWorker.java:178)
  at org.gradle.api.internal.tasks.testing.worker.TestWorker.executeAndMaintainThreadName(TestWorker.java:126)
  at org.gradle.api.internal.tasks.testing.worker.TestWorker.execute(TestWorker.java:103)
  at org.gradle.api.internal.tasks.testing.worker.TestWorker.execute(TestWorker.java:63)
  at org.gradle.process.internal.worker.child.ActionExecutionWorker.execute(ActionExecutionWorker.java:56)
  at org.gradle.process.internal.worker.child.SystemApplicationClassLoaderWorker.call(SystemApplicationClassLoaderWorker.java:122)
  at org.gradle.process.internal.worker.child.SystemApplicationClassLoaderWorker.call(SystemApplicationClassLoaderWorker.java:72)
  at worker.org.gradle.process.internal.worker.GradleWorkerMain.run(GradleWorkerMain.java:69)
  at worker.org.gradle.process.internal.worker.GradleWorkerMain.main(GradleWorkerMain.java:74)
</stacktrace>
</test-failure>


TypeScriptCompilerTests_B[jvm] > blockScopedFunctionDeclarationInStrictClass_ts__target_es5__has expected errors matching baseline[jvm] FAILED

<test-failure test="com.xemantic.typescript.compiler.TypeScriptCompilerTests_B.baseCheck_ts has expected errors matching baseCheck_errors_txt" platform="jvm">
<message>
--- expected
+++ actual
@@ -1,15 +1,13 @@
 baseCheck.ts(9,18): error TS2552: Cannot find name 'loc'. Did you mean 'Lock'?
-baseCheck.ts(17,53): error TS2554: Expected 2 arguments, but got 1.
 baseCheck.ts(17,59): error TS17009: 'super' must be called before accessing 'this' in the constructor of a derived class.
 baseCheck.ts(18,62): error TS17009: 'super' must be called before accessing 'this' in the constructor of a derived class.
-baseCheck.ts(19,59): error TS2345: Argument of type 'string' is not assignable to parameter of type 'number'.
 baseCheck.ts(19,68): error TS17009: 'super' must be called before accessing 'this' in the constructor of a derived class.
 baseCheck.ts(22,9): error TS2304: Cannot find name 'x'.
 baseCheck.ts(23,7): error TS2304: Cannot find name 'x'.
 baseCheck.ts(26,9): error TS2304: Cannot find name 'x'.
 
 
-==== baseCheck.ts (9 errors) ====
+==== baseCheck.ts (7 errors) ====
     class C { constructor(x: number, y: number) { } }
     class ELoc extends C {
         constructor(x: number) {
@@ -21,7 +19,6 @@
             super(0, loc);
                      ~~~
 !!! error TS2552: Cannot find name 'loc'. Did you mean 'Lock'?
-!!! related TS2728 lib.dom.d.ts:--:--: 'Lock' is declared here.
         }
     
         m() {
@@ -30,17 +27,12 @@
     }
     
     class D extends C { constructor(public z: number) { super(this.z) }  } // too few params
-                                                        ~~~~~
-!!! error TS2554: Expected 2 arguments, but got 1.
-!!! related TS6210 baseCheck.ts:1:34: An argument for 'y' was not provided.
                                                               ~~~~
 !!! error TS17009: 'super' must be called before accessing 'this' in the constructor of a derived class.
     class E extends C { constructor(public z: number) { super(0, this.z) } }
                                                                  ~~~~
 !!! error TS17009: 'super' must be called before accessing 'this' in the constructor of a derived class.
     class F extends C { constructor(public z: number) { super("hello", this.z) } } // first param type
-                                                              ~~~~~~~
-!!! error TS2345: Argument of type 'string' is not assignable to parameter of type 'number'.
                                                                        ~~~~
 !!! error TS17009: 'super' must be called before accessing 'this' in the constructor of a derived class.
     

</message>
<stacktrace>
  at org.junit.Assert.fail(Assert.java:89)
  at kotlin.test.junit.JUnitAsserter.fail(JUnitSupport.kt:56)
  at kotlin.test.AssertionsKt__AssertionsKt.fail(Assertions.kt:563)
  at kotlin.test.AssertionsKt.fail(Unknown Source)
  at com.xemantic.kotlin.test.SameAsKt.sameAs(SameAs.kt:52)
  at com.xemantic.typescript.compiler.TypeScriptTestSupportKt.errorsMatchBaseline(TypeScriptTestSupport.kt:135)
  at com.xemantic.typescript.compiler.TypeScriptCompilerTests_B.baseCheck_ts has expected errors matching baseCheck_errors_txt(TypeScriptCompilerTests_B.kt:98)
  at java.base/jdk.internal.reflect.DirectMethodHandleAccessor.invoke(DirectMethodHandleAccessor.java:104)
  at java.base/java.lang.reflect.Method.invoke(Method.java:565)
  at org.junit.runners.model.FrameworkMethod$1.runReflectiveCall(FrameworkMethod.java:59)
  at org.junit.internal.runners.model.ReflectiveCallable.run(ReflectiveCallable.java:12)
  at org.junit.runners.model.FrameworkMethod.invokeExplosively(FrameworkMethod.java:56)
  at org.junit.internal.runners.statements.InvokeMethod.evaluate(InvokeMethod.java:17)
  at org.junit.runners.ParentRunner$3.evaluate(ParentRunner.java:306)
  at org.junit.runners.BlockJUnit4ClassRunner$1.evaluate(BlockJUnit4ClassRunner.java:100)
  at org.junit.runners.ParentRunner.runLeaf(ParentRunner.java:366)
  at org.junit.runners.BlockJUnit4ClassRunner.runChild(BlockJUnit4ClassRunner.java:103)
  at org.junit.runners.BlockJUnit4ClassRunner.runChild(BlockJUnit4ClassRunner.java:63)
  at org.junit.runners.ParentRunner$4.run(ParentRunner.java:331)
  at org.junit.runners.ParentRunner$1.schedule(ParentRunner.java:79)
  at org.junit.runners.ParentRunner.runChildren(ParentRunner.java:329)
  at org.junit.runners.ParentRunner.access$100(ParentRunner.java:66)
  at org.junit.runners.ParentRunner$2.evaluate(ParentRunner.java:293)
  at org.junit.runners.ParentRunner$3.evaluate(ParentRunner.java:306)
  at org.junit.runners.ParentRunner.run(ParentRunner.java:413)
  at org.junit.runner.JUnitCore.run(JUnitCore.java:137)
  at org.junit.runner.JUnitCore.run(JUnitCore.java:115)
  at org.gradle.api.internal.tasks.testing.junit.JUnitTestExecutor.runRequest(JUnitTestExecutor.java:175)
  at org.gradle.api.internal.tasks.testing.junit.JUnitTestExecutor.accept(JUnitTestExecutor.java:84)
  at org.gradle.api.internal.tasks.testing.junit.JUnitTestExecutor.accept(JUnitTestExecutor.java:47)
  at org.gradle.api.internal.tasks.testing.junit.AbstractJUnitTestDefinitionProcessor.processTestDefinition(AbstractJUnitTestDefinitionProcessor.java:65)
  at org.gradle.api.internal.tasks.testing.SuiteTestDefinitionProcessor.processTestDefinition(SuiteTestDefinitionProcessor.java:54)
  at java.base/jdk.internal.reflect.DirectMethodHandleAccessor.invoke(DirectMethodHandleAccessor.java:104)
  at java.base/java.lang.reflect.Method.invoke(Method.java:565)
  at org.gradle.internal.dispatch.MethodInvocation.invokeOn(MethodInvocation.java:77)
  at org.gradle.internal.dispatch.ReflectionDispatch.dispatch(ReflectionDispatch.java:28)
  at org.gradle.internal.dispatch.ReflectionDispatch.dispatch(ReflectionDispatch.java:19)
  at org.gradle.internal.dispatch.ContextClassLoaderDispatch.dispatch(ContextClassLoaderDispatch.java:33)
  at org.gradle.internal.dispatch.ProxyDispatchAdapter$DispatchingInvocationHandler.invoke(ProxyDispatchAdapter.java:88)
  at jdk.proxy1/jdk.proxy1.$Proxy4.processTestDefinition(Unknown Source)
  at org.gradle.api.internal.tasks.testing.worker.TestWorker$2.run(TestWorker.java:178)
  at org.gradle.api.internal.tasks.testing.worker.TestWorker.executeAndMaintainThreadName(TestWorker.java:126)
  at org.gradle.api.internal.tasks.testing.worker.TestWorker.execute(TestWorker.java:103)
  at org.gradle.api.internal.tasks.testing.worker.TestWorker.execute(TestWorker.java:63)
  at org.gradle.process.internal.worker.child.ActionExecutionWorker.execute(ActionExecutionWorker.java:56)
  at org.gradle.process.internal.worker.child.SystemApplicationClassLoaderWorker.call(SystemApplicationClassLoaderWorker.java:122)
  at org.gradle.process.internal.worker.child.SystemApplicationClassLoaderWorker.call(SystemApplicationClassLoaderWorker.java:72)
  at worker.org.gradle.process.internal.worker.GradleWorkerMain.run(GradleWorkerMain.java:69)
  at worker.org.gradle.process.internal.worker.GradleWorkerMain.main(GradleWorkerMain.java:74)
</stacktrace>
</test-failure>


TypeScriptCompilerTests_B[jvm] > baseCheck_ts has expected errors matching baseCheck_errors_txt[jvm] FAILED

<test-failure test="com.xemantic.typescript.compiler.TypeScriptCompilerTests_B.betterErrorForUnionCall_ts has expected errors matching betterErrorForUnionCall_errors_txt" platform="jvm">
<message>
Expected diagnostics from baseline typescript-repo/tests/baselines/reference/betterErrorForUnionCall.errors.txt but none produced
</message>
<stacktrace>
  at com.xemantic.typescript.compiler.TypeScriptTestSupportKt.errorsMatchBaseline(TypeScriptTestSupport.kt:125)
  at com.xemantic.typescript.compiler.TypeScriptCompilerTests_B.betterErrorForUnionCall_ts has expected errors matching betterErrorForUnionCall_errors_txt(TypeScriptCompilerTests_B.kt:294)
  at java.base/jdk.internal.reflect.DirectMethodHandleAccessor.invoke(DirectMethodHandleAccessor.java:104)
  at java.base/java.lang.reflect.Method.invoke(Method.java:565)
  at org.junit.runners.model.FrameworkMethod$1.runReflectiveCall(FrameworkMethod.java:59)
  at org.junit.internal.runners.model.ReflectiveCallable.run(ReflectiveCallable.java:12)
  at org.junit.runners.model.FrameworkMethod.invokeExplosively(FrameworkMethod.java:56)
  at org.junit.internal.runners.statements.InvokeMethod.evaluate(InvokeMethod.java:17)
  at org.junit.runners.ParentRunner$3.evaluate(ParentRunner.java:306)
  at org.junit.runners.BlockJUnit4ClassRunner$1.evaluate(BlockJUnit4ClassRunner.java:100)
  at org.junit.runners.ParentRunner.runLeaf(ParentRunner.java:366)
  at org.junit.runners.BlockJUnit4ClassRunner.runChild(BlockJUnit4ClassRunner.java:103)
  at org.junit.runners.BlockJUnit4ClassRunner.runChild(BlockJUnit4ClassRunner.java:63)
  at org.junit.runners.ParentRunner$4.run(ParentRunner.java:331)
  at org.junit.runners.ParentRunner$1.schedule(ParentRunner.java:79)
  at org.junit.runners.ParentRunner.runChildren(ParentRunner.java:329)
  at org.junit.runners.ParentRunner.access$100(ParentRunner.java:66)
  at org.junit.runners.ParentRunner$2.evaluate(ParentRunner.java:293)
  at org.junit.runners.ParentRunner$3.evaluate(ParentRunner.java:306)
  at org.junit.runners.ParentRunner.run(ParentRunner.java:413)
  at org.junit.runner.JUnitCore.run(JUnitCore.java:137)
  at org.junit.runner.JUnitCore.run(JUnitCore.java:115)
  at org.gradle.api.internal.tasks.testing.junit.JUnitTestExecutor.runRequest(JUnitTestExecutor.java:175)
  at org.gradle.api.internal.tasks.testing.junit.JUnitTestExecutor.accept(JUnitTestExecutor.java:84)
  at org.gradle.api.internal.tasks.testing.junit.JUnitTestExecutor.accept(JUnitTestExecutor.java:47)
  at org.gradle.api.internal.tasks.testing.junit.AbstractJUnitTestDefinitionProcessor.processTestDefinition(AbstractJUnitTestDefinitionProcessor.java:65)
  at org.gradle.api.internal.tasks.testing.SuiteTestDefinitionProcessor.processTestDefinition(SuiteTestDefinitionProcessor.java:54)
  at java.base/jdk.internal.reflect.DirectMethodHandleAccessor.invoke(DirectMethodHandleAccessor.java:104)
  at java.base/java.lang.reflect.Method.invoke(Method.java:565)
  at org.gradle.internal.dispatch.MethodInvocation.invokeOn(MethodInvocation.java:77)
  at org.gradle.internal.dispatch.ReflectionDispatch.dispatch(ReflectionDispatch.java:28)
  at org.gradle.internal.dispatch.ReflectionDispatch.dispatch(ReflectionDispatch.java:19)
  at org.gradle.internal.dispatch.ContextClassLoaderDispatch.dispatch(ContextClassLoaderDispatch.java:33)
  at org.gradle.internal.dispatch.ProxyDispatchAdapter$DispatchingInvocationHandler.invoke(ProxyDispatchAdapter.java:88)
  at jdk.proxy1/jdk.proxy1.$Proxy4.processTestDefinition(Unknown Source)
  at org.gradle.api.internal.tasks.testing.worker.TestWorker$2.run(TestWorker.java:178)
  at org.gradle.api.internal.tasks.testing.worker.TestWorker.executeAndMaintainThreadName(TestWorker.java:126)
  at org.gradle.api.internal.tasks.testing.worker.TestWorker.execute(TestWorker.java:103)
  at org.gradle.api.internal.tasks.testing.worker.TestWorker.execute(TestWorker.java:63)
  at org.gradle.process.internal.worker.child.ActionExecutionWorker.execute(ActionExecutionWorker.java:56)
  at org.gradle.process.internal.worker.child.SystemApplicationClassLoaderWorker.call(SystemApplicationClassLoaderWorker.java:122)
  at org.gradle.process.internal.worker.child.SystemApplicationClassLoaderWorker.call(SystemApplicationClassLoaderWorker.java:72)
  at worker.org.gradle.process.internal.worker.GradleWorkerMain.run(GradleWorkerMain.java:69)
  at worker.org.gradle.process.internal.worker.GradleWorkerMain.main(GradleWorkerMain.java:74)
</stacktrace>
</test-failure>


TypeScriptCompilerTests_B[jvm] > betterErrorForUnionCall_ts has expected errors matching betterErrorForUnionCall_errors_txt[jvm] FAILED

<test-failure test="com.xemantic.typescript.compiler.TypeScriptCompilerTests_B.bigIntWithTargetLessThanES2016_ts has expected errors matching bigIntWithTargetLessThanES2016_errors_txt" platform="jvm">
<message>
Expected diagnostics from baseline typescript-repo/tests/baselines/reference/bigIntWithTargetLessThanES2016.errors.txt but none produced
</message>
<stacktrace>
  at com.xemantic.typescript.compiler.TypeScriptTestSupportKt.errorsMatchBaseline(TypeScriptTestSupport.kt:125)
  at com.xemantic.typescript.compiler.TypeScriptCompilerTests_B.bigIntWithTargetLessThanES2016_ts has expected errors matching bigIntWithTargetLessThanES2016_errors_txt(TypeScriptCompilerTests_B.kt:315)
  at java.base/jdk.internal.reflect.DirectMethodHandleAccessor.invoke(DirectMethodHandleAccessor.java:104)
  at java.base/java.lang.reflect.Method.invoke(Method.java:565)
  at org.junit.runners.model.FrameworkMethod$1.runReflectiveCall(FrameworkMethod.java:59)
  at org.junit.internal.runners.model.ReflectiveCallable.run(ReflectiveCallable.java:12)
  at org.junit.runners.model.FrameworkMethod.invokeExplosively(FrameworkMethod.java:56)
  at org.junit.internal.runners.statements.InvokeMethod.evaluate(InvokeMethod.java:17)
  at org.junit.runners.ParentRunner$3.evaluate(ParentRunner.java:306)
  at org.junit.runners.BlockJUnit4ClassRunner$1.evaluate(BlockJUnit4ClassRunner.java:100)
  at org.junit.runners.ParentRunner.runLeaf(ParentRunner.java:366)
  at org.junit.runners.BlockJUnit4ClassRunner.runChild(BlockJUnit4ClassRunner.java:103)
  at org.junit.runners.BlockJUnit4ClassRunner.runChild(BlockJUnit4ClassRunner.java:63)
  at org.junit.runners.ParentRunner$4.run(ParentRunner.java:331)
  at org.junit.runners.ParentRunner$1.schedule(ParentRunner.java:79)
  at org.junit.runners.ParentRunner.runChildren(ParentRunner.java:329)
  at org.junit.runners.ParentRunner.access$100(ParentRunner.java:66)
  at org.junit.runners.ParentRunner$2.evaluate(ParentRunner.java:293)
  at org.junit.runners.ParentRunner$3.evaluate(ParentRunner.java:306)
  at org.junit.runners.ParentRunner.run(ParentRunner.java:413)
  at org.junit.runner.JUnitCore.run(JUnitCore.java:137)
  at org.junit.runner.JUnitCore.run(JUnitCore.java:115)
  at org.gradle.api.internal.tasks.testing.junit.JUnitTestExecutor.runRequest(JUnitTestExecutor.java:175)
  at org.gradle.api.internal.tasks.testing.junit.JUnitTestExecutor.accept(JUnitTestExecutor.java:84)
  at org.gradle.api.internal.tasks.testing.junit.JUnitTestExecutor.accept(JUnitTestExecutor.java:47)
  at org.gradle.api.internal.tasks.testing.junit.AbstractJUnitTestDefinitionProcessor.processTestDefinition(AbstractJUnitTestDefinitionProcessor.java:65)
  at org.gradle.api.internal.tasks.testing.SuiteTestDefinitionProcessor.processTestDefinition(SuiteTestDefinitionProcessor.java:54)
  at java.base/jdk.internal.reflect.DirectMethodHandleAccessor.invoke(DirectMethodHandleAccessor.java:104)
  at java.base/java.lang.reflect.Method.invoke(Method.java:565)
  at org.gradle.internal.dispatch.MethodInvocation.invokeOn(MethodInvocation.java:77)
  at org.gradle.internal.dispatch.ReflectionDispatch.dispatch(ReflectionDispatch.java:28)
  at org.gradle.internal.dispatch.ReflectionDispatch.dispatch(ReflectionDispatch.java:19)
  at org.gradle.internal.dispatch.ContextClassLoaderDispatch.dispatch(ContextClassLoaderDispatch.java:33)
  at org.gradle.internal.dispatch.ProxyDispatchAdapter$DispatchingInvocationHandler.invoke(ProxyDispatchAdapter.java:88)
  at jdk.proxy1/jdk.proxy1.$Proxy4.processTestDefinition(Unknown Source)
  at org.gradle.api.internal.tasks.testing.worker.TestWorker$2.run(TestWorker.java:178)
  at org.gradle.api.internal.tasks.testing.worker.TestWorker.executeAndMaintainThreadName(TestWorker.java:126)
  at org.gradle.api.internal.tasks.testing.worker.TestWorker.execute(TestWorker.java:103)
  at org.gradle.api.internal.tasks.testing.worker.TestWorker.execute(TestWorker.java:63)
  at org.gradle.process.internal.worker.child.ActionExecutionWorker.execute(ActionExecutionWorker.java:56)
  at org.gradle.process.internal.worker.child.SystemApplicationClassLoaderWorker.call(SystemApplicationClassLoaderWorker.java:122)
  at org.gradle.process.internal.worker.child.SystemApplicationClassLoaderWorker.call(SystemApplicationClassLoaderWorker.java:72)
  at worker.org.gradle.process.internal.worker.GradleWorkerMain.run(GradleWorkerMain.java:69)
  at worker.org.gradle.process.internal.worker.GradleWorkerMain.main(GradleWorkerMain.java:74)
</stacktrace>
</test-failure>


TypeScriptCompilerTests_B[jvm] > bigIntWithTargetLessThanES2016_ts has expected errors matching bigIntWithTargetLessThanES2016_errors_txt[jvm] FAILED

<test-failure test="com.xemantic.typescript.compiler.TypeScriptCompilerTests_B.blockScopedVariablesUseBeforeDef_ts__target_es5__has expected errors matching baseline" platform="jvm">
<message>
--- expected
+++ actual
@@ -1,18 +1,10 @@
 error TS5107: Option 'target=ES5' is deprecated and will stop functioning in TypeScript 7.0. Specify compilerOption '"ignoreDeprecations": "6.0"' to silence this error.
 blockScopedVariablesUseBeforeDef.ts(2,13): error TS2448: Block-scoped variable 'x' used before its declaration.
-blockScopedVariablesUseBeforeDef.ts(58,20): error TS2448: Block-scoped variable 'x' used before its declaration.
-blockScopedVariablesUseBeforeDef.ts(65,20): error TS2448: Block-scoped variable 'x' used before its declaration.
 blockScopedVariablesUseBeforeDef.ts(100,12): error TS2448: Block-scoped variable 'x' used before its declaration.
-blockScopedVariablesUseBeforeDef.ts(111,28): error TS2448: Block-scoped variable 'a' used before its declaration.
-blockScopedVariablesUseBeforeDef.ts(112,21): error TS2448: Block-scoped variable 'a' used before its declaration.
-blockScopedVariablesUseBeforeDef.ts(122,22): error TS2448: Block-scoped variable 'a' used before its declaration.
-blockScopedVariablesUseBeforeDef.ts(128,9): error TS2448: Block-scoped variable 'foo' used before its declaration.
-blockScopedVariablesUseBeforeDef.ts(131,9): error TS2448: Block-scoped variable 'foo' used before its declaration.
-blockScopedVariablesUseBeforeDef.ts(153,20): error TS2450: Enum 'Enum' used before its declaration.
 
 
 !!! error TS5107: Option 'target=ES5' is deprecated and will stop functioning in TypeScript 7.0. Specify compilerOption '"ignoreDeprecations": "6.0"' to silence this error.
-==== blockScopedVariablesUseBeforeDef.ts (10 errors) ====
+==== blockScopedVariablesUseBeforeDef.ts (2 errors) ====
     function foo0() {
         let a = x;
                 ~
@@ -74,9 +66,6 @@
     function foo9() {
         let y = class {
             static a = x;
-                       ~
-!!! error TS2448: Block-scoped variable 'x' used before its declaration.
-!!! related TS2728 blockScopedVariablesUseBeforeDef.ts:60:9: 'x' is declared here.
         }
         let x;
     }
@@ -84,9 +73,6 @@
     function foo10() {
         class A {
             static a = x;
-                       ~
-!!! error TS2448: Block-scoped variable 'x' used before its declaration.
-!!! related TS2728 blockScopedVariablesUseBeforeDef.ts:67:9: 'x' is declared here.
         }
         let x;
     }
@@ -136,13 +122,7 @@
             b,
         ] = ((): [number, number] => {
             (() => console.log(a))();  // should error
-                               ~
-!!! error TS2448: Block-scoped variable 'a' used before its declaration.
-!!! related TS2728 blockScopedVariablesUseBeforeDef.ts:108:9: 'a' is declared here.
             console.log(a);            // should error
-                        ~
-!!! error TS2448: Block-scoped variable 'a' used before its declaration.
-!!! related TS2728 blockScopedVariablesUseBeforeDef.ts:108:9: 'a' is declared here.
             const b = () => a;         // should be ok
             return [
                 0,
@@ -153,24 +133,15 @@
     
     function foo16() {
         let [a] = (() => a)();
-                         ~
-!!! error TS2448: Block-scoped variable 'a' used before its declaration.
-!!! related TS2728 blockScopedVariablesUseBeforeDef.ts:122:10: 'a' is declared here.
     }
     
     function foo17() {
         const promise = (async () => {
             promise
             foo
-            ~~~
-!!! error TS2448: Block-scoped variable 'foo' used before its declaration.
-!!! related TS2728 blockScopedVariablesUseBeforeDef.ts:134:11: 'foo' is declared here.
             await null
             promise
             foo
-            ~~~
-!!! error TS2448: Block-scoped variable 'foo' used before its declaration.
-!!! related TS2728 blockScopedVariablesUseBeforeDef.ts:134:11: 'foo' is declared here.
         })()
     
         const foo = 1;
@@ -193,9 +164,6 @@
     
     function foo18() {
         let a = (() => Enum.Yes)();
-                       ~~~~
-!!! error TS2450: Enum 'Enum' used before its declaration.
-!!! related TS2728 blockScopedVariablesUseBeforeDef.ts:154:10: 'Enum' is declared here.
         enum Enum {
             No = 0,
             Yes = 1,

</message>
<stacktrace>
  at org.junit.Assert.fail(Assert.java:89)
  at kotlin.test.junit.JUnitAsserter.fail(JUnitSupport.kt:56)
  at kotlin.test.AssertionsKt__AssertionsKt.fail(Assertions.kt:563)
  at kotlin.test.AssertionsKt.fail(Unknown Source)
  at com.xemantic.kotlin.test.SameAsKt.sameAs(SameAs.kt:52)
  at com.xemantic.typescript.compiler.TypeScriptTestSupportKt.errorsMatchBaseline(TypeScriptTestSupport.kt:135)
  at com.xemantic.typescript.compiler.TypeScriptCompilerTests_B.blockScopedVariablesUseBeforeDef_ts__target_es5__has expected errors matching baseline(TypeScriptCompilerTests_B.kt:952)
  at java.base/jdk.internal.reflect.DirectMethodHandleAccessor.invoke(DirectMethodHandleAccessor.java:104)
  at java.base/java.lang.reflect.Method.invoke(Method.java:565)
  at org.junit.runners.model.FrameworkMethod$1.runReflectiveCall(FrameworkMethod.java:59)
  at org.junit.internal.runners.model.ReflectiveCallable.run(ReflectiveCallable.java:12)
  at org.junit.runners.model.FrameworkMethod.invokeExplosively(FrameworkMethod.java:56)
  at org.junit.internal.runners.statements.InvokeMethod.evaluate(InvokeMethod.java:17)
  at org.junit.runners.ParentRunner$3.evaluate(ParentRunner.java:306)
  at org.junit.runners.BlockJUnit4ClassRunner$1.evaluate(BlockJUnit4ClassRunner.java:100)
  at org.junit.runners.ParentRunner.runLeaf(ParentRunner.java:366)
  at org.junit.runners.BlockJUnit4ClassRunner.runChild(BlockJUnit4ClassRunner.java:103)
  at org.junit.runners.BlockJUnit4ClassRunner.runChild(BlockJUnit4ClassRunner.java:63)
  at org.junit.runners.ParentRunner$4.run(ParentRunner.java:331)
  at org.junit.runners.ParentRunner$1.schedule(ParentRunner.java:79)
  at org.junit.runners.ParentRunner.runChildren(ParentRunner.java:329)
  at org.junit.runners.ParentRunner.access$100(ParentRunner.java:66)
  at org.junit.runners.ParentRunner$2.evaluate(ParentRunner.java:293)
  at org.junit.runners.ParentRunner$3.evaluate(ParentRunner.java:306)
  at org.junit.runners.ParentRunner.run(ParentRunner.java:413)
  at org.junit.runner.JUnitCore.run(JUnitCore.java:137)
  at org.junit.runner.JUnitCore.run(JUnitCore.java:115)
  at org.gradle.api.internal.tasks.testing.junit.JUnitTestExecutor.runRequest(JUnitTestExecutor.java:175)
  at org.gradle.api.internal.tasks.testing.junit.JUnitTestExecutor.accept(JUnitTestExecutor.java:84)
  at org.gradle.api.internal.tasks.testing.junit.JUnitTestExecutor.accept(JUnitTestExecutor.java:47)
  at org.gradle.api.internal.tasks.testing.junit.AbstractJUnitTestDefinitionProcessor.processTestDefinition(AbstractJUnitTestDefinitionProcessor.java:65)
  at org.gradle.api.internal.tasks.testing.SuiteTestDefinitionProcessor.processTestDefinition(SuiteTestDefinitionProcessor.java:54)
  at java.base/jdk.internal.reflect.DirectMethodHandleAccessor.invoke(DirectMethodHandleAccessor.java:104)
  at java.base/java.lang.reflect.Method.invoke(Method.java:565)
  at org.gradle.internal.dispatch.MethodInvocation.invokeOn(MethodInvocation.java:77)
  at org.gradle.internal.dispatch.ReflectionDispatch.dispatch(ReflectionDispatch.java:28)
  at org.gradle.internal.dispatch.ReflectionDispatch.dispatch(ReflectionDispatch.java:19)
  at org.gradle.internal.dispatch.ContextClassLoaderDispatch.dispatch(ContextClassLoaderDispatch.java:33)
  at org.gradle.internal.dispatch.ProxyDispatchAdapter$DispatchingInvocationHandler.invoke(ProxyDispatchAdapter.java:88)
  at jdk.proxy1/jdk.proxy1.$Proxy4.processTestDefinition(Unknown Source)
  at org.gradle.api.internal.tasks.testing.worker.TestWorker$2.run(TestWorker.java:178)
  at org.gradle.api.internal.tasks.testing.worker.TestWorker.executeAndMaintainThreadName(TestWorker.java:126)
  at org.gradle.api.internal.tasks.testing.worker.TestWorker.execute(TestWorker.java:103)
  at org.gradle.api.internal.tasks.testing.worker.TestWorker.execute(TestWorker.java:63)
  at org.gradle.process.internal.worker.child.ActionExecutionWorker.execute(ActionExecutionWorker.java:56)
  at org.gradle.process.internal.worker.child.SystemApplicationClassLoaderWorker.call(SystemApplicationClassLoaderWorker.java:122)
  at org.gradle.process.internal.worker.child.SystemApplicationClassLoaderWorker.call(SystemApplicationClassLoaderWorker.java:72)
  at worker.org.gradle.process.internal.worker.GradleWorkerMain.run(GradleWorkerMain.java:69)
  at worker.org.gradle.process.internal.worker.GradleWorkerMain.main(GradleWorkerMain.java:74)
</stacktrace>
</test-failure>


TypeScriptCompilerTests_B[jvm] > blockScopedVariablesUseBeforeDef_ts__target_es5__has expected errors matching baseline[jvm] FAILED

<test-failure test="com.xemantic.typescript.compiler.TypeScriptCompilerTests_B.blockScopedSameNameFunctionDeclarationES6_ts has expected errors matching blockScopedSameNameFunctionDeclarationES6_errors_txt" platform="jvm">
<message>
--- expected
+++ actual
@@ -1,5 +1,5 @@
-blockScopedSameNameFunctionDeclarationES6.ts(5,13): error TS2554: Expected 0 arguments, but got 1.
-blockScopedSameNameFunctionDeclarationES6.ts(10,13): error TS2554: Expected 0 arguments, but got 1.
+blockScopedSameNameFunctionDeclarationES6.ts(4,9): error TS2554: Expected 1 arguments, but got 0.
+blockScopedSameNameFunctionDeclarationES6.ts(9,9): error TS2554: Expected 1 arguments, but got 0.
 blockScopedSameNameFunctionDeclarationES6.ts(13,5): error TS2554: Expected 1 arguments, but got 0.
 blockScopedSameNameFunctionDeclarationES6.ts(16,1): error TS2554: Expected 1 arguments, but got 0.
 
@@ -9,16 +9,18 @@
         if (a === 10) {
             function foo() { } // duplicate
             foo();
+            ~~~
+!!! error TS2554: Expected 1 arguments, but got 0.
+!!! related TS6210 blockScopedSameNameFunctionDeclarationES6.ts:1:14: An argument for 'a' was not provided.
             foo(10); // not ok
-                ~~
-!!! error TS2554: Expected 0 arguments, but got 1.
         }
         else {
             function foo() { } // duplicate
             foo();
+            ~~~
+!!! error TS2554: Expected 1 arguments, but got 0.
+!!! related TS6210 blockScopedSameNameFunctionDeclarationES6.ts:1:14: An argument for 'a' was not provided.
             foo(10);// not ok
-                ~~
-!!! error TS2554: Expected 0 arguments, but got 1.
         }
         foo(10); // not ok
         foo(); 

</message>
<stacktrace>
  at org.junit.Assert.fail(Assert.java:89)
  at kotlin.test.junit.JUnitAsserter.fail(JUnitSupport.kt:56)
  at kotlin.test.AssertionsKt__AssertionsKt.fail(Assertions.kt:563)
  at kotlin.test.AssertionsKt.fail(Unknown Source)
  at com.xemantic.kotlin.test.SameAsKt.sameAs(SameAs.kt:52)
  at com.xemantic.typescript.compiler.TypeScriptTestSupportKt.errorsMatchBaseline(TypeScriptTestSupport.kt:135)
  at com.xemantic.typescript.compiler.TypeScriptCompilerTests_B.blockScopedSameNameFunctionDeclarationES6_ts has expected errors matching blockScopedSameNameFunctionDeclarationES6_errors_txt(TypeScriptCompilerTests_B.kt:903)
  at java.base/jdk.internal.reflect.DirectMethodHandleAccessor.invoke(DirectMethodHandleAccessor.java:104)
  at java.base/java.lang.reflect.Method.invoke(Method.java:565)
  at org.junit.runners.model.FrameworkMethod$1.runReflectiveCall(FrameworkMethod.java:59)
  at org.junit.internal.runners.model.ReflectiveCallable.run(ReflectiveCallable.java:12)
  at org.junit.runners.model.FrameworkMethod.invokeExplosively(FrameworkMethod.java:56)
  at org.junit.internal.runners.statements.InvokeMethod.evaluate(InvokeMethod.java:17)
  at org.junit.runners.ParentRunner$3.evaluate(ParentRunner.java:306)
  at org.junit.runners.BlockJUnit4ClassRunner$1.evaluate(BlockJUnit4ClassRunner.java:100)
  at org.junit.runners.ParentRunner.runLeaf(ParentRunner.java:366)
  at org.junit.runners.BlockJUnit4ClassRunner.runChild(BlockJUnit4ClassRunner.java:103)
  at org.junit.runners.BlockJUnit4ClassRunner.runChild(BlockJUnit4ClassRunner.java:63)
  at org.junit.runners.ParentRunner$4.run(ParentRunner.java:331)
  at org.junit.runners.ParentRunner$1.schedule(ParentRunner.java:79)
  at org.junit.runners.ParentRunner.runChildren(ParentRunner.java:329)
  at org.junit.runners.ParentRunner.access$100(ParentRunner.java:66)
  at org.junit.runners.ParentRunner$2.evaluate(ParentRunner.java:293)
  at org.junit.runners.ParentRunner$3.evaluate(ParentRunner.java:306)
  at org.junit.runners.ParentRunner.run(ParentRunner.java:413)
  at org.junit.runner.JUnitCore.run(JUnitCore.java:137)
  at org.junit.runner.JUnitCore.run(JUnitCore.java:115)
  at org.gradle.api.internal.tasks.testing.junit.JUnitTestExecutor.runRequest(JUnitTestExecutor.java:175)
  at org.gradle.api.internal.tasks.testing.junit.JUnitTestExecutor.accept(JUnitTestExecutor.java:84)
  at org.gradle.api.internal.tasks.testing.junit.JUnitTestExecutor.accept(JUnitTestExecutor.java:47)
  at org.gradle.api.internal.tasks.testing.junit.AbstractJUnitTestDefinitionProcessor.processTestDefinition(AbstractJUnitTestDefinitionProcessor.java:65)
  at org.gradle.api.internal.tasks.testing.SuiteTestDefinitionProcessor.processTestDefinition(SuiteTestDefinitionProcessor.java:54)
  at java.base/jdk.internal.reflect.DirectMethodHandleAccessor.invoke(DirectMethodHandleAccessor.java:104)
  at java.base/java.lang.reflect.Method.invoke(Method.java:565)
  at org.gradle.internal.dispatch.MethodInvocation.invokeOn(MethodInvocation.java:77)
  at org.gradle.internal.dispatch.ReflectionDispatch.dispatch(ReflectionDispatch.java:28)
  at org.gradle.internal.dispatch.ReflectionDispatch.dispatch(ReflectionDispatch.java:19)
  at org.gradle.internal.dispatch.ContextClassLoaderDispatch.dispatch(ContextClassLoaderDispatch.java:33)
  at org.gradle.internal.dispatch.ProxyDispatchAdapter$DispatchingInvocationHandler.invoke(ProxyDispatchAdapter.java:88)
  at jdk.proxy1/jdk.proxy1.$Proxy4.processTestDefinition(Unknown Source)
  at org.gradle.api.internal.tasks.testing.worker.TestWorker$2.run(TestWorker.java:178)
  at org.gradle.api.internal.tasks.testing.worker.TestWorker.executeAndMaintainThreadName(TestWorker.java:126)
  at org.gradle.api.internal.tasks.testing.worker.TestWorker.execute(TestWorker.java:103)
  at org.gradle.api.internal.tasks.testing.worker.TestWorker.execute(TestWorker.java:63)
  at org.gradle.process.internal.worker.child.ActionExecutionWorker.execute(ActionExecutionWorker.java:56)
  at org.gradle.process.internal.worker.child.SystemApplicationClassLoaderWorker.call(SystemApplicationClassLoaderWorker.java:122)
  at org.gradle.process.internal.worker.child.SystemApplicationClassLoaderWorker.call(SystemApplicationClassLoaderWorker.java:72)
  at worker.org.gradle.process.internal.worker.GradleWorkerMain.run(GradleWorkerMain.java:69)
  at worker.org.gradle.process.internal.worker.GradleWorkerMain.main(GradleWorkerMain.java:74)
</stacktrace>
</test-failure>


TypeScriptCompilerTests_B[jvm] > blockScopedSameNameFunctionDeclarationES6_ts has expected errors matching blockScopedSameNameFunctionDeclarationES6_errors_txt[jvm] FAILED

<test-failure test="com.xemantic.typescript.compiler.TypeScriptCompilerTests_B.bigintPropertyName_ts has expected errors matching bigintPropertyName_errors_txt" platform="jvm">
<message>
Expected diagnostics from baseline typescript-repo/tests/baselines/reference/bigintPropertyName.errors.txt but none produced
</message>
<stacktrace>
  at com.xemantic.typescript.compiler.TypeScriptTestSupportKt.errorsMatchBaseline(TypeScriptTestSupport.kt:125)
  at com.xemantic.typescript.compiler.TypeScriptCompilerTests_B.bigintPropertyName_ts has expected errors matching bigintPropertyName_errors_txt(TypeScriptCompilerTests_B.kt:385)
  at java.base/jdk.internal.reflect.DirectMethodHandleAccessor.invoke(DirectMethodHandleAccessor.java:104)
  at java.base/java.lang.reflect.Method.invoke(Method.java:565)
  at org.junit.runners.model.FrameworkMethod$1.runReflectiveCall(FrameworkMethod.java:59)
  at org.junit.internal.runners.model.ReflectiveCallable.run(ReflectiveCallable.java:12)
  at org.junit.runners.model.FrameworkMethod.invokeExplosively(FrameworkMethod.java:56)
  at org.junit.internal.runners.statements.InvokeMethod.evaluate(InvokeMethod.java:17)
  at org.junit.runners.ParentRunner$3.evaluate(ParentRunner.java:306)
  at org.junit.runners.BlockJUnit4ClassRunner$1.evaluate(BlockJUnit4ClassRunner.java:100)
  at org.junit.runners.ParentRunner.runLeaf(ParentRunner.java:366)
  at org.junit.runners.BlockJUnit4ClassRunner.runChild(BlockJUnit4ClassRunner.java:103)
  at org.junit.runners.BlockJUnit4ClassRunner.runChild(BlockJUnit4ClassRunner.java:63)
  at org.junit.runners.ParentRunner$4.run(ParentRunner.java:331)
  at org.junit.runners.ParentRunner$1.schedule(ParentRunner.java:79)
  at org.junit.runners.ParentRunner.runChildren(ParentRunner.java:329)
  at org.junit.runners.ParentRunner.access$100(ParentRunner.java:66)
  at org.junit.runners.ParentRunner$2.evaluate(ParentRunner.java:293)
  at org.junit.runners.ParentRunner$3.evaluate(ParentRunner.java:306)
  at org.junit.runners.ParentRunner.run(ParentRunner.java:413)
  at org.junit.runner.JUnitCore.run(JUnitCore.java:137)
  at org.junit.runner.JUnitCore.run(JUnitCore.java:115)
  at org.gradle.api.internal.tasks.testing.junit.JUnitTestExecutor.runRequest(JUnitTestExecutor.java:175)
  at org.gradle.api.internal.tasks.testing.junit.JUnitTestExecutor.accept(JUnitTestExecutor.java:84)
  at org.gradle.api.internal.tasks.testing.junit.JUnitTestExecutor.accept(JUnitTestExecutor.java:47)
  at org.gradle.api.internal.tasks.testing.junit.AbstractJUnitTestDefinitionProcessor.processTestDefinition(AbstractJUnitTestDefinitionProcessor.java:65)
  at org.gradle.api.internal.tasks.testing.SuiteTestDefinitionProcessor.processTestDefinition(SuiteTestDefinitionProcessor.java:54)
  at java.base/jdk.internal.reflect.DirectMethodHandleAccessor.invoke(DirectMethodHandleAccessor.java:104)
  at java.base/java.lang.reflect.Method.invoke(Method.java:565)
  at org.gradle.internal.dispatch.MethodInvocation.invokeOn(MethodInvocation.java:77)
  at org.gradle.internal.dispatch.ReflectionDispatch.dispatch(ReflectionDispatch.java:28)
  at org.gradle.internal.dispatch.ReflectionDispatch.dispatch(ReflectionDispatch.java:19)
  at org.gradle.internal.dispatch.ContextClassLoaderDispatch.dispatch(ContextClassLoaderDispatch.java:33)
  at org.gradle.internal.dispatch.ProxyDispatchAdapter$DispatchingInvocationHandler.invoke(ProxyDispatchAdapter.java:88)
  at jdk.proxy1/jdk.proxy1.$Proxy4.processTestDefinition(Unknown Source)
  at org.gradle.api.internal.tasks.testing.worker.TestWorker$2.run(TestWorker.java:178)
  at org.gradle.api.internal.tasks.testing.worker.TestWorker.executeAndMaintainThreadName(TestWorker.java:126)
  at org.gradle.api.internal.tasks.testing.worker.TestWorker.execute(TestWorker.java:103)
  at org.gradle.api.internal.tasks.testing.worker.TestWorker.execute(TestWorker.java:63)
  at org.gradle.process.internal.worker.child.ActionExecutionWorker.execute(ActionExecutionWorker.java:56)
  at org.gradle.process.internal.worker.child.SystemApplicationClassLoaderWorker.call(SystemApplicationClassLoaderWorker.java:122)
  at org.gradle.process.internal.worker.child.SystemApplicationClassLoaderWorker.call(SystemApplicationClassLoaderWorker.java:72)
  at worker.org.gradle.process.internal.worker.GradleWorkerMain.run(GradleWorkerMain.java:69)
  at worker.org.gradle.process.internal.worker.GradleWorkerMain.main(GradleWorkerMain.java:74)
</stacktrace>
</test-failure>


TypeScriptCompilerTests_B[jvm] > bigintPropertyName_ts has expected errors matching bigintPropertyName_errors_txt[jvm] FAILED

<test-failure test="com.xemantic.typescript.compiler.TypeScriptCompilerTests_B.blockScopedVariablesUseBeforeDef_ts__target_es2015__compiles to JavaScript matching baseline" platform="jvm">
<message>
--- expected
+++ actual
@@ -172,10 +172,6 @@
         step((generator = generator.apply(thisArg, _arguments || [])).next());
     });
 };
-var __setFunctionName = (this && this.__setFunctionName) || function (f, name, prefix) {
-    if (typeof name === "symbol") name = name.description ? "[".concat(name.description, "]") : "";
-    return Object.defineProperty(f, "name", { configurable: true, value: prefix ? "".concat(prefix, " ", name) : name });
-};
 var __await = (this && this.__await) || function (v) { return this instanceof __await ? (this.v = v, this) : new __await(v); }
 var __asyncGenerator = (this && this.__asyncGenerator) || function (thisArg, _arguments, generator) {
     if (!Symbol.asyncIterator) throw new TypeError("Symbol.asyncIterator is not defined.");
@@ -243,7 +239,6 @@
     var _a;
     let y = (_a = class {
         },
-        __setFunctionName(_a, "y"),
         _a.a = x,
         _a);
     let x;
@@ -259,7 +254,6 @@
         var _a;
         let y = (_a = class {
             },
-            __setFunctionName(_a, "y"),
             _a.a = x,
             _a);
     }

</message>
<stacktrace>
  at org.junit.Assert.fail(Assert.java:89)
  at kotlin.test.junit.JUnitAsserter.fail(JUnitSupport.kt:56)
  at kotlin.test.AssertionsKt__AssertionsKt.fail(Assertions.kt:563)
  at kotlin.test.AssertionsKt.fail(Unknown Source)
  at com.xemantic.kotlin.test.SameAsKt.sameAs(SameAs.kt:52)
  at com.xemantic.typescript.compiler.TypeScriptTestSupportKt.sameAs(TypeScriptTestSupport.kt:99)
  at com.xemantic.typescript.compiler.TypeScriptCompilerTests_B.blockScopedVariablesUseBeforeDef_ts__target_es2015__compiles to JavaScript matching baseline(TypeScriptCompilerTests_B.kt:945)
  at java.base/jdk.internal.reflect.DirectMethodHandleAccessor.invoke(DirectMethodHandleAccessor.java:104)
  at java.base/java.lang.reflect.Method.invoke(Method.java:565)
  at org.junit.runners.model.FrameworkMethod$1.runReflectiveCall(FrameworkMethod.java:59)
  at org.junit.internal.runners.model.ReflectiveCallable.run(ReflectiveCallable.java:12)
  at org.junit.runners.model.FrameworkMethod.invokeExplosively(FrameworkMethod.java:56)
  at org.junit.internal.runners.statements.InvokeMethod.evaluate(InvokeMethod.java:17)
  at org.junit.runners.ParentRunner$3.evaluate(ParentRunner.java:306)
  at org.junit.runners.BlockJUnit4ClassRunner$1.evaluate(BlockJUnit4ClassRunner.java:100)
  at org.junit.runners.ParentRunner.runLeaf(ParentRunner.java:366)
  at org.junit.runners.BlockJUnit4ClassRunner.runChild(BlockJUnit4ClassRunner.java:103)
  at org.junit.runners.BlockJUnit4ClassRunner.runChild(BlockJUnit4ClassRunner.java:63)
  at org.junit.runners.ParentRunner$4.run(ParentRunner.java:331)
  at org.junit.runners.ParentRunner$1.schedule(ParentRunner.java:79)
  at org.junit.runners.ParentRunner.runChildren(ParentRunner.java:329)
  at org.junit.runners.ParentRunner.access$100(ParentRunner.java:66)
  at org.junit.runners.ParentRunner$2.evaluate(ParentRunner.java:293)
  at org.junit.runners.ParentRunner$3.evaluate(ParentRunner.java:306)
  at org.junit.runners.ParentRunner.run(ParentRunner.java:413)
  at org.junit.runner.JUnitCore.run(JUnitCore.java:137)
  at org.junit.runner.JUnitCore.run(JUnitCore.java:115)
  at org.gradle.api.internal.tasks.testing.junit.JUnitTestExecutor.runRequest(JUnitTestExecutor.java:175)
  at org.gradle.api.internal.tasks.testing.junit.JUnitTestExecutor.accept(JUnitTestExecutor.java:84)
  at org.gradle.api.internal.tasks.testing.junit.JUnitTestExecutor.accept(JUnitTestExecutor.java:47)
  at org.gradle.api.internal.tasks.testing.junit.AbstractJUnitTestDefinitionProcessor.processTestDefinition(AbstractJUnitTestDefinitionProcessor.java:65)
  at org.gradle.api.internal.tasks.testing.SuiteTestDefinitionProcessor.processTestDefinition(SuiteTestDefinitionProcessor.java:54)
  at java.base/jdk.internal.reflect.DirectMethodHandleAccessor.invoke(DirectMethodHandleAccessor.java:104)
  at java.base/java.lang.reflect.Method.invoke(Method.java:565)
  at org.gradle.internal.dispatch.MethodInvocation.invokeOn(MethodInvocation.java:77)
  at org.gradle.internal.dispatch.ReflectionDispatch.dispatch(ReflectionDispatch.java:28)
  at org.gradle.internal.dispatch.ReflectionDispatch.dispatch(ReflectionDispatch.java:19)
  at org.gradle.internal.dispatch.ContextClassLoaderDispatch.dispatch(ContextClassLoaderDispatch.java:33)
  at org.gradle.internal.dispatch.ProxyDispatchAdapter$DispatchingInvocationHandler.invoke(ProxyDispatchAdapter.java:88)
  at jdk.proxy1/jdk.proxy1.$Proxy4.processTestDefinition(Unknown Source)
  at org.gradle.api.internal.tasks.testing.worker.TestWorker$2.run(TestWorker.java:178)
  at org.gradle.api.internal.tasks.testing.worker.TestWorker.executeAndMaintainThreadName(TestWorker.java:126)
  at org.gradle.api.internal.tasks.testing.worker.TestWorker.execute(TestWorker.java:103)
  at org.gradle.api.internal.tasks.testing.worker.TestWorker.execute(TestWorker.java:63)
  at org.gradle.process.internal.worker.child.ActionExecutionWorker.execute(ActionExecutionWorker.java:56)
  at org.gradle.process.internal.worker.child.SystemApplicationClassLoaderWorker.call(SystemApplicationClassLoaderWorker.java:122)
  at org.gradle.process.internal.worker.child.SystemApplicationClassLoaderWorker.call(SystemApplicationClassLoaderWorker.java:72)
  at worker.org.gradle.process.internal.worker.GradleWorkerMain.run(GradleWorkerMain.java:69)
  at worker.org.gradle.process.internal.worker.GradleWorkerMain.main(GradleWorkerMain.java:74)
</stacktrace>
</test-failure>


TypeScriptCompilerTests_B[jvm] > blockScopedVariablesUseBeforeDef_ts__target_es2015__compiles to JavaScript matching baseline[jvm] FAILED

<test-failure test="com.xemantic.typescript.compiler.TypeScriptCompilerTests_B.bigintArbirtraryIdentifier_ts compiles to JavaScript matching bigintArbirtraryIdentifier_js" platform="jvm">
<message>
--- expected
+++ actual
@@ -27,18 +27,12 @@
 import { "0n" as foo } from "./foo";
 export { foo as "0n" };
 //// [badImport.js]
-from;
-"./foo";
 export {};
 //// [badImport2.js]
 from;
 "./foo";
 export {};
 //// [badExport.js]
-export { foo as  };
-0n;
-;
+export { foo as 0n };
 //// [badExport2.js]
-0n;
-;
-export {};
+export { 0n as foo };

</message>
<stacktrace>
  at org.junit.Assert.fail(Assert.java:89)
  at kotlin.test.junit.JUnitAsserter.fail(JUnitSupport.kt:56)
  at kotlin.test.AssertionsKt__AssertionsKt.fail(Assertions.kt:563)
  at kotlin.test.AssertionsKt.fail(Unknown Source)
  at com.xemantic.kotlin.test.SameAsKt.sameAs(SameAs.kt:52)
  at com.xemantic.typescript.compiler.TypeScriptTestSupportKt.sameAs(TypeScriptTestSupport.kt:99)
  at com.xemantic.typescript.compiler.TypeScriptCompilerTests_B.bigintArbirtraryIdentifier_ts compiles to JavaScript matching bigintArbirtraryIdentifier_js(TypeScriptCompilerTests_B.kt:350)
  at java.base/jdk.internal.reflect.DirectMethodHandleAccessor.invoke(DirectMethodHandleAccessor.java:104)
  at java.base/java.lang.reflect.Method.invoke(Method.java:565)
  at org.junit.runners.model.FrameworkMethod$1.runReflectiveCall(FrameworkMethod.java:59)
  at org.junit.internal.runners.model.ReflectiveCallable.run(ReflectiveCallable.java:12)
  at org.junit.runners.model.FrameworkMethod.invokeExplosively(FrameworkMethod.java:56)
  at org.junit.internal.runners.statements.InvokeMethod.evaluate(InvokeMethod.java:17)
  at org.junit.runners.ParentRunner$3.evaluate(ParentRunner.java:306)
  at org.junit.runners.BlockJUnit4ClassRunner$1.evaluate(BlockJUnit4ClassRunner.java:100)
  at org.junit.runners.ParentRunner.runLeaf(ParentRunner.java:366)
  at org.junit.runners.BlockJUnit4ClassRunner.runChild(BlockJUnit4ClassRunner.java:103)
  at org.junit.runners.BlockJUnit4ClassRunner.runChild(BlockJUnit4ClassRunner.java:63)
  at org.junit.runners.ParentRunner$4.run(ParentRunner.java:331)
  at org.junit.runners.ParentRunner$1.schedule(ParentRunner.java:79)
  at org.junit.runners.ParentRunner.runChildren(ParentRunner.java:329)
  at org.junit.runners.ParentRunner.access$100(ParentRunner.java:66)
  at org.junit.runners.ParentRunner$2.evaluate(ParentRunner.java:293)
  at org.junit.runners.ParentRunner$3.evaluate(ParentRunner.java:306)
  at org.junit.runners.ParentRunner.run(ParentRunner.java:413)
  at org.junit.runner.JUnitCore.run(JUnitCore.java:137)
  at org.junit.runner.JUnitCore.run(JUnitCore.java:115)
  at org.gradle.api.internal.tasks.testing.junit.JUnitTestExecutor.runRequest(JUnitTestExecutor.java:175)
  at org.gradle.api.internal.tasks.testing.junit.JUnitTestExecutor.accept(JUnitTestExecutor.java:84)
  at org.gradle.api.internal.tasks.testing.junit.JUnitTestExecutor.accept(JUnitTestExecutor.java:47)
  at org.gradle.api.internal.tasks.testing.junit.AbstractJUnitTestDefinitionProcessor.processTestDefinition(AbstractJUnitTestDefinitionProcessor.java:65)
  at org.gradle.api.internal.tasks.testing.SuiteTestDefinitionProcessor.processTestDefinition(SuiteTestDefinitionProcessor.java:54)
  at java.base/jdk.internal.reflect.DirectMethodHandleAccessor.invoke(DirectMethodHandleAccessor.java:104)
  at java.base/java.lang.reflect.Method.invoke(Method.java:565)
  at org.gradle.internal.dispatch.MethodInvocation.invokeOn(MethodInvocation.java:77)
  at org.gradle.internal.dispatch.ReflectionDispatch.dispatch(ReflectionDispatch.java:28)
  at org.gradle.internal.dispatch.ReflectionDispatch.dispatch(ReflectionDispatch.java:19)
  at org.gradle.internal.dispatch.ContextClassLoaderDispatch.dispatch(ContextClassLoaderDispatch.java:33)
  at org.gradle.internal.dispatch.ProxyDispatchAdapter$DispatchingInvocationHandler.invoke(ProxyDispatchAdapter.java:88)
  at jdk.proxy1/jdk.proxy1.$Proxy4.processTestDefinition(Unknown Source)
  at org.gradle.api.internal.tasks.testing.worker.TestWorker$2.run(TestWorker.java:178)
  at org.gradle.api.internal.tasks.testing.worker.TestWorker.executeAndMaintainThreadName(TestWorker.java:126)
  at org.gradle.api.internal.tasks.testing.worker.TestWorker.execute(TestWorker.java:103)
  at org.gradle.api.internal.tasks.testing.worker.TestWorker.execute(TestWorker.java:63)
  at org.gradle.process.internal.worker.child.ActionExecutionWorker.execute(ActionExecutionWorker.java:56)
  at org.gradle.process.internal.worker.child.SystemApplicationClassLoaderWorker.call(SystemApplicationClassLoaderWorker.java:122)
  at org.gradle.process.internal.worker.child.SystemApplicationClassLoaderWorker.call(SystemApplicationClassLoaderWorker.java:72)
  at worker.org.gradle.process.internal.worker.GradleWorkerMain.run(GradleWorkerMain.java:69)
  at worker.org.gradle.process.internal.worker.GradleWorkerMain.main(GradleWorkerMain.java:74)
</stacktrace>
</test-failure>


TypeScriptCompilerTests_B[jvm] > bigintArbirtraryIdentifier_ts compiles to JavaScript matching bigintArbirtraryIdentifier_js[jvm] FAILED

<test-failure test="com.xemantic.typescript.compiler.TypeScriptCompilerTests_B.bigintIndex_ts has expected errors matching bigintIndex_errors_txt" platform="jvm">
<message>
Expected diagnostics from baseline typescript-repo/tests/baselines/reference/bigintIndex.errors.txt but none produced
</message>
<stacktrace>
  at com.xemantic.typescript.compiler.TypeScriptTestSupportKt.errorsMatchBaseline(TypeScriptTestSupport.kt:125)
  at com.xemantic.typescript.compiler.TypeScriptCompilerTests_B.bigintIndex_ts has expected errors matching bigintIndex_errors_txt(TypeScriptCompilerTests_B.kt:371)
  at java.base/jdk.internal.reflect.DirectMethodHandleAccessor.invoke(DirectMethodHandleAccessor.java:104)
  at java.base/java.lang.reflect.Method.invoke(Method.java:565)
  at org.junit.runners.model.FrameworkMethod$1.runReflectiveCall(FrameworkMethod.java:59)
  at org.junit.internal.runners.model.ReflectiveCallable.run(ReflectiveCallable.java:12)
  at org.junit.runners.model.FrameworkMethod.invokeExplosively(FrameworkMethod.java:56)
  at org.junit.internal.runners.statements.InvokeMethod.evaluate(InvokeMethod.java:17)
  at org.junit.runners.ParentRunner$3.evaluate(ParentRunner.java:306)
  at org.junit.runners.BlockJUnit4ClassRunner$1.evaluate(BlockJUnit4ClassRunner.java:100)
  at org.junit.runners.ParentRunner.runLeaf(ParentRunner.java:366)
  at org.junit.runners.BlockJUnit4ClassRunner.runChild(BlockJUnit4ClassRunner.java:103)
  at org.junit.runners.BlockJUnit4ClassRunner.runChild(BlockJUnit4ClassRunner.java:63)
  at org.junit.runners.ParentRunner$4.run(ParentRunner.java:331)
  at org.junit.runners.ParentRunner$1.schedule(ParentRunner.java:79)
  at org.junit.runners.ParentRunner.runChildren(ParentRunner.java:329)
  at org.junit.runners.ParentRunner.access$100(ParentRunner.java:66)
  at org.junit.runners.ParentRunner$2.evaluate(ParentRunner.java:293)
  at org.junit.runners.ParentRunner$3.evaluate(ParentRunner.java:306)
  at org.junit.runners.ParentRunner.run(ParentRunner.java:413)
  at org.junit.runner.JUnitCore.run(JUnitCore.java:137)
  at org.junit.runner.JUnitCore.run(JUnitCore.java:115)
  at org.gradle.api.internal.tasks.testing.junit.JUnitTestExecutor.runRequest(JUnitTestExecutor.java:175)
  at org.gradle.api.internal.tasks.testing.junit.JUnitTestExecutor.accept(JUnitTestExecutor.java:84)
  at org.gradle.api.internal.tasks.testing.junit.JUnitTestExecutor.accept(JUnitTestExecutor.java:47)
  at org.gradle.api.internal.tasks.testing.junit.AbstractJUnitTestDefinitionProcessor.processTestDefinition(AbstractJUnitTestDefinitionProcessor.java:65)
  at org.gradle.api.internal.tasks.testing.SuiteTestDefinitionProcessor.processTestDefinition(SuiteTestDefinitionProcessor.java:54)
  at java.base/jdk.internal.reflect.DirectMethodHandleAccessor.invoke(DirectMethodHandleAccessor.java:104)
  at java.base/java.lang.reflect.Method.invoke(Method.java:565)
  at org.gradle.internal.dispatch.MethodInvocation.invokeOn(MethodInvocation.java:77)
  at org.gradle.internal.dispatch.ReflectionDispatch.dispatch(ReflectionDispatch.java:28)
  at org.gradle.internal.dispatch.ReflectionDispatch.dispatch(ReflectionDispatch.java:19)
  at org.gradle.internal.dispatch.ContextClassLoaderDispatch.dispatch(ContextClassLoaderDispatch.java:33)
  at org.gradle.internal.dispatch.ProxyDispatchAdapter$DispatchingInvocationHandler.invoke(ProxyDispatchAdapter.java:88)
  at jdk.proxy1/jdk.proxy1.$Proxy4.processTestDefinition(Unknown Source)
  at org.gradle.api.internal.tasks.testing.worker.TestWorker$2.run(TestWorker.java:178)
  at org.gradle.api.internal.tasks.testing.worker.TestWorker.executeAndMaintainThreadName(TestWorker.java:126)
  at org.gradle.api.internal.tasks.testing.worker.TestWorker.execute(TestWorker.java:103)
  at org.gradle.api.internal.tasks.testing.worker.TestWorker.execute(TestWorker.java:63)
  at org.gradle.process.internal.worker.child.ActionExecutionWorker.execute(ActionExecutionWorker.java:56)
  at org.gradle.process.internal.worker.child.SystemApplicationClassLoaderWorker.call(SystemApplicationClassLoaderWorker.java:122)
  at org.gradle.process.internal.worker.child.SystemApplicationClassLoaderWorker.call(SystemApplicationClassLoaderWorker.java:72)
  at worker.org.gradle.process.internal.worker.GradleWorkerMain.run(GradleWorkerMain.java:69)
  at worker.org.gradle.process.internal.worker.GradleWorkerMain.main(GradleWorkerMain.java:74)
</stacktrace>
</test-failure>


TypeScriptCompilerTests_B[jvm] > bigintIndex_ts has expected errors matching bigintIndex_errors_txt[jvm] FAILED

<test-failure test="com.xemantic.typescript.compiler.TypeScriptCompilerTests_B.blockScopedSameNameFunctionDeclarationES5_ts__target_es5__has expected errors matching baseline" platform="jvm">
<message>
--- expected
+++ actual
@@ -1,32 +1,28 @@
 error TS5107: Option 'target=ES5' is deprecated and will stop functioning in TypeScript 7.0. Specify compilerOption '"ignoreDeprecations": "6.0"' to silence this error.
-blockScopedSameNameFunctionDeclarationES5.ts(3,18): error TS1250: Function declarations are not allowed inside blocks in strict mode when targeting 'ES5'.
-blockScopedSameNameFunctionDeclarationES5.ts(5,13): error TS2554: Expected 0 arguments, but got 1.
-blockScopedSameNameFunctionDeclarationES5.ts(8,18): error TS1250: Function declarations are not allowed inside blocks in strict mode when targeting 'ES5'.
-blockScopedSameNameFunctionDeclarationES5.ts(10,13): error TS2554: Expected 0 arguments, but got 1.
+blockScopedSameNameFunctionDeclarationES5.ts(4,9): error TS2554: Expected 1 arguments, but got 0.
+blockScopedSameNameFunctionDeclarationES5.ts(9,9): error TS2554: Expected 1 arguments, but got 0.
 blockScopedSameNameFunctionDeclarationES5.ts(13,5): error TS2554: Expected 1 arguments, but got 0.
 blockScopedSameNameFunctionDeclarationES5.ts(16,1): error TS2554: Expected 1 arguments, but got 0.
 
 
 !!! error TS5107: Option 'target=ES5' is deprecated and will stop functioning in TypeScript 7.0. Specify compilerOption '"ignoreDeprecations": "6.0"' to silence this error.
-==== blockScopedSameNameFunctionDeclarationES5.ts (6 errors) ====
+==== blockScopedSameNameFunctionDeclarationES5.ts (4 errors) ====
     function foo(a: number) {
         if (a === 1) {
             function foo() { } // duplicate function
-                     ~~~
-!!! error TS1250: Function declarations are not allowed inside blocks in strict mode when targeting 'ES5'.
             foo(); 
+            ~~~
+!!! error TS2554: Expected 1 arguments, but got 0.
+!!! related TS6210 blockScopedSameNameFunctionDeclarationES5.ts:1:14: An argument for 'a' was not provided.
             foo(10); // not ok
-                ~~
-!!! error TS2554: Expected 0 arguments, but got 1.
         }
         else {
             function foo() { } // duplicate function
-                     ~~~
-!!! error TS1250: Function declarations are not allowed inside blocks in strict mode when targeting 'ES5'.
             foo(); 
+            ~~~
+!!! error TS2554: Expected 1 arguments, but got 0.
+!!! related TS6210 blockScopedSameNameFunctionDeclarationES5.ts:1:14: An argument for 'a' was not provided.
             foo(10); // not ok
-                ~~
-!!! error TS2554: Expected 0 arguments, but got 1.
         }
         foo(10); // not ok
         foo(); 

</message>
<stacktrace>
  at org.junit.Assert.fail(Assert.java:89)
  at kotlin.test.junit.JUnitAsserter.fail(JUnitSupport.kt:56)
  at kotlin.test.AssertionsKt__AssertionsKt.fail(Assertions.kt:563)
  at kotlin.test.AssertionsKt.fail(Unknown Source)
  at com.xemantic.kotlin.test.SameAsKt.sameAs(SameAs.kt:52)
  at com.xemantic.typescript.compiler.TypeScriptTestSupportKt.errorsMatchBaseline(TypeScriptTestSupport.kt:135)
  at com.xemantic.typescript.compiler.TypeScriptCompilerTests_B.blockScopedSameNameFunctionDeclarationES5_ts__target_es5__has expected errors matching baseline(TypeScriptCompilerTests_B.kt:882)
  at java.base/jdk.internal.reflect.DirectMethodHandleAccessor.invoke(DirectMethodHandleAccessor.java:104)
  at java.base/java.lang.reflect.Method.invoke(Method.java:565)
  at org.junit.runners.model.FrameworkMethod$1.runReflectiveCall(FrameworkMethod.java:59)
  at org.junit.internal.runners.model.ReflectiveCallable.run(ReflectiveCallable.java:12)
  at org.junit.runners.model.FrameworkMethod.invokeExplosively(FrameworkMethod.java:56)
  at org.junit.internal.runners.statements.InvokeMethod.evaluate(InvokeMethod.java:17)
  at org.junit.runners.ParentRunner$3.evaluate(ParentRunner.java:306)
  at org.junit.runners.BlockJUnit4ClassRunner$1.evaluate(BlockJUnit4ClassRunner.java:100)
  at org.junit.runners.ParentRunner.runLeaf(ParentRunner.java:366)
  at org.junit.runners.BlockJUnit4ClassRunner.runChild(BlockJUnit4ClassRunner.java:103)
  at org.junit.runners.BlockJUnit4ClassRunner.runChild(BlockJUnit4ClassRunner.java:63)
  at org.junit.runners.ParentRunner$4.run(ParentRunner.java:331)
  at org.junit.runners.ParentRunner$1.schedule(ParentRunner.java:79)
  at org.junit.runners.ParentRunner.runChildren(ParentRunner.java:329)
  at org.junit.runners.ParentRunner.access$100(ParentRunner.java:66)
  at org.junit.runners.ParentRunner$2.evaluate(ParentRunner.java:293)
  at org.junit.runners.ParentRunner$3.evaluate(ParentRunner.java:306)
  at org.junit.runners.ParentRunner.run(ParentRunner.java:413)
  at org.junit.runner.JUnitCore.run(JUnitCore.java:137)
  at org.junit.runner.JUnitCore.run(JUnitCore.java:115)
  at org.gradle.api.internal.tasks.testing.junit.JUnitTestExecutor.runRequest(JUnitTestExecutor.java:175)
  at org.gradle.api.internal.tasks.testing.junit.JUnitTestExecutor.accept(JUnitTestExecutor.java:84)
  at org.gradle.api.internal.tasks.testing.junit.JUnitTestExecutor.accept(JUnitTestExecutor.java:47)
  at org.gradle.api.internal.tasks.testing.junit.AbstractJUnitTestDefinitionProcessor.processTestDefinition(AbstractJUnitTestDefinitionProcessor.java:65)
  at org.gradle.api.internal.tasks.testing.SuiteTestDefinitionProcessor.processTestDefinition(SuiteTestDefinitionProcessor.java:54)
  at java.base/jdk.internal.reflect.DirectMethodHandleAccessor.invoke(DirectMethodHandleAccessor.java:104)
  at java.base/java.lang.reflect.Method.invoke(Method.java:565)
  at org.gradle.internal.dispatch.MethodInvocation.invokeOn(MethodInvocation.java:77)
  at org.gradle.internal.dispatch.ReflectionDispatch.dispatch(ReflectionDispatch.java:28)
  at org.gradle.internal.dispatch.ReflectionDispatch.dispatch(ReflectionDispatch.java:19)
  at org.gradle.internal.dispatch.ContextClassLoaderDispatch.dispatch(ContextClassLoaderDispatch.java:33)
  at org.gradle.internal.dispatch.ProxyDispatchAdapter$DispatchingInvocationHandler.invoke(ProxyDispatchAdapter.java:88)
  at jdk.proxy1/jdk.proxy1.$Proxy4.processTestDefinition(Unknown Source)
  at org.gradle.api.internal.tasks.testing.worker.TestWorker$2.run(TestWorker.java:178)
  at org.gradle.api.internal.tasks.testing.worker.TestWorker.executeAndMaintainThreadName(TestWorker.java:126)
  at org.gradle.api.internal.tasks.testing.worker.TestWorker.execute(TestWorker.java:103)
  at org.gradle.api.internal.tasks.testing.worker.TestWorker.execute(TestWorker.java:63)
  at org.gradle.process.internal.worker.child.ActionExecutionWorker.execute(ActionExecutionWorker.java:56)
  at org.gradle.process.internal.worker.child.SystemApplicationClassLoaderWorker.call(SystemApplicationClassLoaderWorker.java:122)
  at org.gradle.process.internal.worker.child.SystemApplicationClassLoaderWorker.call(SystemApplicationClassLoaderWorker.java:72)
  at worker.org.gradle.process.internal.worker.GradleWorkerMain.run(GradleWorkerMain.java:69)
  at worker.org.gradle.process.internal.worker.GradleWorkerMain.main(GradleWorkerMain.java:74)
</stacktrace>
</test-failure>


TypeScriptCompilerTests_B[jvm] > blockScopedSameNameFunctionDeclarationES5_ts__target_es5__has expected errors matching baseline[jvm] FAILED

<test-failure test="com.xemantic.typescript.compiler.TypeScriptCompilerTests_B.baseExpressionTypeParameters_ts has expected errors matching baseExpressionTypeParameters_errors_txt" platform="jvm">
<message>
Expected diagnostics from baseline typescript-repo/tests/baselines/reference/baseExpressionTypeParameters.errors.txt but none produced
</message>
<stacktrace>
  at com.xemantic.typescript.compiler.TypeScriptTestSupportKt.errorsMatchBaseline(TypeScriptTestSupport.kt:125)
  at com.xemantic.typescript.compiler.TypeScriptCompilerTests_B.baseExpressionTypeParameters_ts has expected errors matching baseExpressionTypeParameters_errors_txt(TypeScriptCompilerTests_B.kt:140)
  at java.base/jdk.internal.reflect.DirectMethodHandleAccessor.invoke(DirectMethodHandleAccessor.java:104)
  at java.base/java.lang.reflect.Method.invoke(Method.java:565)
  at org.junit.runners.model.FrameworkMethod$1.runReflectiveCall(FrameworkMethod.java:59)
  at org.junit.internal.runners.model.ReflectiveCallable.run(ReflectiveCallable.java:12)
  at org.junit.runners.model.FrameworkMethod.invokeExplosively(FrameworkMethod.java:56)
  at org.junit.internal.runners.statements.InvokeMethod.evaluate(InvokeMethod.java:17)
  at org.junit.runners.ParentRunner$3.evaluate(ParentRunner.java:306)
  at org.junit.runners.BlockJUnit4ClassRunner$1.evaluate(BlockJUnit4ClassRunner.java:100)
  at org.junit.runners.ParentRunner.runLeaf(ParentRunner.java:366)
  at org.junit.runners.BlockJUnit4ClassRunner.runChild(BlockJUnit4ClassRunner.java:103)
  at org.junit.runners.BlockJUnit4ClassRunner.runChild(BlockJUnit4ClassRunner.java:63)
  at org.junit.runners.ParentRunner$4.run(ParentRunner.java:331)
  at org.junit.runners.ParentRunner$1.schedule(ParentRunner.java:79)
  at org.junit.runners.ParentRunner.runChildren(ParentRunner.java:329)
  at org.junit.runners.ParentRunner.access$100(ParentRunner.java:66)
  at org.junit.runners.ParentRunner$2.evaluate(ParentRunner.java:293)
  at org.junit.runners.ParentRunner$3.evaluate(ParentRunner.java:306)
  at org.junit.runners.ParentRunner.run(ParentRunner.java:413)
  at org.junit.runner.JUnitCore.run(JUnitCore.java:137)
  at org.junit.runner.JUnitCore.run(JUnitCore.java:115)
  at org.gradle.api.internal.tasks.testing.junit.JUnitTestExecutor.runRequest(JUnitTestExecutor.java:175)
  at org.gradle.api.internal.tasks.testing.junit.JUnitTestExecutor.accept(JUnitTestExecutor.java:84)
  at org.gradle.api.internal.tasks.testing.junit.JUnitTestExecutor.accept(JUnitTestExecutor.java:47)
  at org.gradle.api.internal.tasks.testing.junit.AbstractJUnitTestDefinitionProcessor.processTestDefinition(AbstractJUnitTestDefinitionProcessor.java:65)
  at org.gradle.api.internal.tasks.testing.SuiteTestDefinitionProcessor.processTestDefinition(SuiteTestDefinitionProcessor.java:54)
  at java.base/jdk.internal.reflect.DirectMethodHandleAccessor.invoke(DirectMethodHandleAccessor.java:104)
  at java.base/java.lang.reflect.Method.invoke(Method.java:565)
  at org.gradle.internal.dispatch.MethodInvocation.invokeOn(MethodInvocation.java:77)
  at org.gradle.internal.dispatch.ReflectionDispatch.dispatch(ReflectionDispatch.java:28)
  at org.gradle.internal.dispatch.ReflectionDispatch.dispatch(ReflectionDispatch.java:19)
  at org.gradle.internal.dispatch.ContextClassLoaderDispatch.dispatch(ContextClassLoaderDispatch.java:33)
  at org.gradle.internal.dispatch.ProxyDispatchAdapter$DispatchingInvocationHandler.invoke(ProxyDispatchAdapter.java:88)
  at jdk.proxy1/jdk.proxy1.$Proxy4.processTestDefinition(Unknown Source)
  at org.gradle.api.internal.tasks.testing.worker.TestWorker$2.run(TestWorker.java:178)
  at org.gradle.api.internal.tasks.testing.worker.TestWorker.executeAndMaintainThreadName(TestWorker.java:126)
  at org.gradle.api.internal.tasks.testing.worker.TestWorker.execute(TestWorker.java:103)
  at org.gradle.api.internal.tasks.testing.worker.TestWorker.execute(TestWorker.java:63)
  at org.gradle.process.internal.worker.child.ActionExecutionWorker.execute(ActionExecutionWorker.java:56)
  at org.gradle.process.internal.worker.child.SystemApplicationClassLoaderWorker.call(SystemApplicationClassLoaderWorker.java:122)
  at org.gradle.process.internal.worker.child.SystemApplicationClassLoaderWorker.call(SystemApplicationClassLoaderWorker.java:72)
  at worker.org.gradle.process.internal.worker.GradleWorkerMain.run(GradleWorkerMain.java:69)
  at worker.org.gradle.process.internal.worker.GradleWorkerMain.main(GradleWorkerMain.java:74)
</stacktrace>
</test-failure>


TypeScriptCompilerTests_B[jvm] > baseExpressionTypeParameters_ts has expected errors matching baseExpressionTypeParameters_errors_txt[jvm] FAILED

<test-failure test="com.xemantic.typescript.compiler.TypeScriptCompilerTests_B.bigintAmbientMinimal_ts__target_es2015__has expected errors matching baseline" platform="jvm">
<message>
Expected diagnostics from baseline typescript-repo/tests/baselines/reference/bigintAmbientMinimal(target=es2015).errors.txt but none produced
</message>
<stacktrace>
  at com.xemantic.typescript.compiler.TypeScriptTestSupportKt.errorsMatchBaseline(TypeScriptTestSupport.kt:125)
  at com.xemantic.typescript.compiler.TypeScriptCompilerTests_B.bigintAmbientMinimal_ts__target_es2015__has expected errors matching baseline(TypeScriptCompilerTests_B.kt:343)
  at java.base/jdk.internal.reflect.DirectMethodHandleAccessor.invoke(DirectMethodHandleAccessor.java:104)
  at java.base/java.lang.reflect.Method.invoke(Method.java:565)
  at org.junit.runners.model.FrameworkMethod$1.runReflectiveCall(FrameworkMethod.java:59)
  at org.junit.internal.runners.model.ReflectiveCallable.run(ReflectiveCallable.java:12)
  at org.junit.runners.model.FrameworkMethod.invokeExplosively(FrameworkMethod.java:56)
  at org.junit.internal.runners.statements.InvokeMethod.evaluate(InvokeMethod.java:17)
  at org.junit.runners.ParentRunner$3.evaluate(ParentRunner.java:306)
  at org.junit.runners.BlockJUnit4ClassRunner$1.evaluate(BlockJUnit4ClassRunner.java:100)
  at org.junit.runners.ParentRunner.runLeaf(ParentRunner.java:366)
  at org.junit.runners.BlockJUnit4ClassRunner.runChild(BlockJUnit4ClassRunner.java:103)
  at org.junit.runners.BlockJUnit4ClassRunner.runChild(BlockJUnit4ClassRunner.java:63)
  at org.junit.runners.ParentRunner$4.run(ParentRunner.java:331)
  at org.junit.runners.ParentRunner$1.schedule(ParentRunner.java:79)
  at org.junit.runners.ParentRunner.runChildren(ParentRunner.java:329)
  at org.junit.runners.ParentRunner.access$100(ParentRunner.java:66)
  at org.junit.runners.ParentRunner$2.evaluate(ParentRunner.java:293)
  at org.junit.runners.ParentRunner$3.evaluate(ParentRunner.java:306)
  at org.junit.runners.ParentRunner.run(ParentRunner.java:413)
  at org.junit.runner.JUnitCore.run(JUnitCore.java:137)
  at org.junit.runner.JUnitCore.run(JUnitCore.java:115)
  at org.gradle.api.internal.tasks.testing.junit.JUnitTestExecutor.runRequest(JUnitTestExecutor.java:175)
  at org.gradle.api.internal.tasks.testing.junit.JUnitTestExecutor.accept(JUnitTestExecutor.java:84)
  at org.gradle.api.internal.tasks.testing.junit.JUnitTestExecutor.accept(JUnitTestExecutor.java:47)
  at org.gradle.api.internal.tasks.testing.junit.AbstractJUnitTestDefinitionProcessor.processTestDefinition(AbstractJUnitTestDefinitionProcessor.java:65)
  at org.gradle.api.internal.tasks.testing.SuiteTestDefinitionProcessor.processTestDefinition(SuiteTestDefinitionProcessor.java:54)
  at java.base/jdk.internal.reflect.DirectMethodHandleAccessor.invoke(DirectMethodHandleAccessor.java:104)
  at java.base/java.lang.reflect.Method.invoke(Method.java:565)
  at org.gradle.internal.dispatch.MethodInvocation.invokeOn(MethodInvocation.java:77)
  at org.gradle.internal.dispatch.ReflectionDispatch.dispatch(ReflectionDispatch.java:28)
  at org.gradle.internal.dispatch.ReflectionDispatch.dispatch(ReflectionDispatch.java:19)
  at org.gradle.internal.dispatch.ContextClassLoaderDispatch.dispatch(ContextClassLoaderDispatch.java:33)
  at org.gradle.internal.dispatch.ProxyDispatchAdapter$DispatchingInvocationHandler.invoke(ProxyDispatchAdapter.java:88)
  at jdk.proxy1/jdk.proxy1.$Proxy4.processTestDefinition(Unknown Source)
  at org.gradle.api.internal.tasks.testing.worker.TestWorker$2.run(TestWorker.java:178)
  at org.gradle.api.internal.tasks.testing.worker.TestWorker.executeAndMaintainThreadName(TestWorker.java:126)
  at org.gradle.api.internal.tasks.testing.worker.TestWorker.execute(TestWorker.java:103)
  at org.gradle.api.internal.tasks.testing.worker.TestWorker.execute(TestWorker.java:63)
  at org.gradle.process.internal.worker.child.ActionExecutionWorker.execute(ActionExecutionWorker.java:56)
  at org.gradle.process.internal.worker.child.SystemApplicationClassLoaderWorker.call(SystemApplicationClassLoaderWorker.java:122)
  at org.gradle.process.internal.worker.child.SystemApplicationClassLoaderWorker.call(SystemApplicationClassLoaderWorker.java:72)
  at worker.org.gradle.process.internal.worker.GradleWorkerMain.run(GradleWorkerMain.java:69)
  at worker.org.gradle.process.internal.worker.GradleWorkerMain.main(GradleWorkerMain.java:74)
</stacktrace>
</test-failure>


TypeScriptCompilerTests_B[jvm] > bigintAmbientMinimal_ts__target_es2015__has expected errors matching baseline[jvm] FAILED

<test-failure test="com.xemantic.typescript.compiler.TypeScriptCompilerTests_B.blockScopedVariablesUseBeforeDef_ts__target_es2015__has expected errors matching baseline" platform="jvm">
<message>
--- expected
+++ actual
@@ -1,16 +1,8 @@
 blockScopedVariablesUseBeforeDef.ts(2,13): error TS2448: Block-scoped variable 'x' used before its declaration.
-blockScopedVariablesUseBeforeDef.ts(58,20): error TS2448: Block-scoped variable 'x' used before its declaration.
-blockScopedVariablesUseBeforeDef.ts(65,20): error TS2448: Block-scoped variable 'x' used before its declaration.
 blockScopedVariablesUseBeforeDef.ts(100,12): error TS2448: Block-scoped variable 'x' used before its declaration.
-blockScopedVariablesUseBeforeDef.ts(111,28): error TS2448: Block-scoped variable 'a' used before its declaration.
-blockScopedVariablesUseBeforeDef.ts(112,21): error TS2448: Block-scoped variable 'a' used before its declaration.
-blockScopedVariablesUseBeforeDef.ts(122,22): error TS2448: Block-scoped variable 'a' used before its declaration.
-blockScopedVariablesUseBeforeDef.ts(128,9): error TS2448: Block-scoped variable 'foo' used before its declaration.
-blockScopedVariablesUseBeforeDef.ts(131,9): error TS2448: Block-scoped variable 'foo' used before its declaration.
-blockScopedVariablesUseBeforeDef.ts(153,20): error TS2450: Enum 'Enum' used before its declaration.
 
 
-==== blockScopedVariablesUseBeforeDef.ts (10 errors) ====
+==== blockScopedVariablesUseBeforeDef.ts (2 errors) ====
     function foo0() {
         let a = x;
                 ~
@@ -72,9 +64,6 @@
     function foo9() {
         let y = class {
             static a = x;
-                       ~
-!!! error TS2448: Block-scoped variable 'x' used before its declaration.
-!!! related TS2728 blockScopedVariablesUseBeforeDef.ts:60:9: 'x' is declared here.
         }
         let x;
     }
@@ -82,9 +71,6 @@
     function foo10() {
         class A {
             static a = x;
-                       ~
-!!! error TS2448: Block-scoped variable 'x' used before its declaration.
-!!! related TS2728 blockScopedVariablesUseBeforeDef.ts:67:9: 'x' is declared here.
         }
         let x;
     }
@@ -134,13 +120,7 @@
             b,
         ] = ((): [number, number] => {
             (() => console.log(a))();  // should error
-                               ~
-!!! error TS2448: Block-scoped variable 'a' used before its declaration.
-!!! related TS2728 blockScopedVariablesUseBeforeDef.ts:108:9: 'a' is declared here.
             console.log(a);            // should error
-                        ~
-!!! error TS2448: Block-scoped variable 'a' used before its declaration.
-!!! related TS2728 blockScopedVariablesUseBeforeDef.ts:108:9: 'a' is declared here.
             const b = () => a;         // should be ok
             return [
                 0,
@@ -151,24 +131,15 @@
     
     function foo16() {
         let [a] = (() => a)();
-                         ~
-!!! error TS2448: Block-scoped variable 'a' used before its declaration.
-!!! related TS2728 blockScopedVariablesUseBeforeDef.ts:122:10: 'a' is declared here.
     }
     
     function foo17() {
         const promise = (async () => {
             promise
             foo
-            ~~~
-!!! error TS2448: Block-scoped variable 'foo' used before its declaration.
-!!! related TS2728 blockScopedVariablesUseBeforeDef.ts:134:11: 'foo' is declared here.
             await null
             promise
             foo
-            ~~~
-!!! error TS2448: Block-scoped variable 'foo' used before its declaration.
-!!! related TS2728 blockScopedVariablesUseBeforeDef.ts:134:11: 'foo' is declared here.
         })()
     
         const foo = 1;
@@ -191,9 +162,6 @@
     
     function foo18() {
         let a = (() => Enum.Yes)();
-                       ~~~~
-!!! error TS2450: Enum 'Enum' used before its declaration.
-!!! related TS2728 blockScopedVariablesUseBeforeDef.ts:154:10: 'Enum' is declared here.
         enum Enum {
             No = 0,
             Yes = 1,

</message>
<stacktrace>
  at org.junit.Assert.fail(Assert.java:89)
  at kotlin.test.junit.JUnitAsserter.fail(JUnitSupport.kt:56)
  at kotlin.test.AssertionsKt__AssertionsKt.fail(Assertions.kt:563)
  at kotlin.test.AssertionsKt.fail(Unknown Source)
  at com.xemantic.kotlin.test.SameAsKt.sameAs(SameAs.kt:52)
  at com.xemantic.typescript.compiler.TypeScriptTestSupportKt.errorsMatchBaseline(TypeScriptTestSupport.kt:135)
  at com.xemantic.typescript.compiler.TypeScriptCompilerTests_B.blockScopedVariablesUseBeforeDef_ts__target_es2015__has expected errors matching baseline(TypeScriptCompilerTests_B.kt:959)
  at java.base/jdk.internal.reflect.DirectMethodHandleAccessor.invoke(DirectMethodHandleAccessor.java:104)
  at java.base/java.lang.reflect.Method.invoke(Method.java:565)
  at org.junit.runners.model.FrameworkMethod$1.runReflectiveCall(FrameworkMethod.java:59)
  at org.junit.internal.runners.model.ReflectiveCallable.run(ReflectiveCallable.java:12)
  at org.junit.runners.model.FrameworkMethod.invokeExplosively(FrameworkMethod.java:56)
  at org.junit.internal.runners.statements.InvokeMethod.evaluate(InvokeMethod.java:17)
  at org.junit.runners.ParentRunner$3.evaluate(ParentRunner.java:306)
  at org.junit.runners.BlockJUnit4ClassRunner$1.evaluate(BlockJUnit4ClassRunner.java:100)
  at org.junit.runners.ParentRunner.runLeaf(ParentRunner.java:366)
  at org.junit.runners.BlockJUnit4ClassRunner.runChild(BlockJUnit4ClassRunner.java:103)
  at org.junit.runners.BlockJUnit4ClassRunner.runChild(BlockJUnit4ClassRunner.java:63)
  at org.junit.runners.ParentRunner$4.run(ParentRunner.java:331)
  at org.junit.runners.ParentRunner$1.schedule(ParentRunner.java:79)
  at org.junit.runners.ParentRunner.runChildren(ParentRunner.java:329)
  at org.junit.runners.ParentRunner.access$100(ParentRunner.java:66)
  at org.junit.runners.ParentRunner$2.evaluate(ParentRunner.java:293)
  at org.junit.runners.ParentRunner$3.evaluate(ParentRunner.java:306)
  at org.junit.runners.ParentRunner.run(ParentRunner.java:413)
  at org.junit.runner.JUnitCore.run(JUnitCore.java:137)
  at org.junit.runner.JUnitCore.run(JUnitCore.java:115)
  at org.gradle.api.internal.tasks.testing.junit.JUnitTestExecutor.runRequest(JUnitTestExecutor.java:175)
  at org.gradle.api.internal.tasks.testing.junit.JUnitTestExecutor.accept(JUnitTestExecutor.java:84)
  at org.gradle.api.internal.tasks.testing.junit.JUnitTestExecutor.accept(JUnitTestExecutor.java:47)
  at org.gradle.api.internal.tasks.testing.junit.AbstractJUnitTestDefinitionProcessor.processTestDefinition(AbstractJUnitTestDefinitionProcessor.java:65)
  at org.gradle.api.internal.tasks.testing.SuiteTestDefinitionProcessor.processTestDefinition(SuiteTestDefinitionProcessor.java:54)
  at java.base/jdk.internal.reflect.DirectMethodHandleAccessor.invoke(DirectMethodHandleAccessor.java:104)
  at java.base/java.lang.reflect.Method.invoke(Method.java:565)
  at org.gradle.internal.dispatch.MethodInvocation.invokeOn(MethodInvocation.java:77)
  at org.gradle.internal.dispatch.ReflectionDispatch.dispatch(ReflectionDispatch.java:28)
  at org.gradle.internal.dispatch.ReflectionDispatch.dispatch(ReflectionDispatch.java:19)
  at org.gradle.internal.dispatch.ContextClassLoaderDispatch.dispatch(ContextClassLoaderDispatch.java:33)
  at org.gradle.internal.dispatch.ProxyDispatchAdapter$DispatchingInvocationHandler.invoke(ProxyDispatchAdapter.java:88)
  at jdk.proxy1/jdk.proxy1.$Proxy4.processTestDefinition(Unknown Source)
  at org.gradle.api.internal.tasks.testing.worker.TestWorker$2.run(TestWorker.java:178)
  at org.gradle.api.internal.tasks.testing.worker.TestWorker.executeAndMaintainThreadName(TestWorker.java:126)
  at org.gradle.api.internal.tasks.testing.worker.TestWorker.execute(TestWorker.java:103)
  at org.gradle.api.internal.tasks.testing.worker.TestWorker.execute(TestWorker.java:63)
  at org.gradle.process.internal.worker.child.ActionExecutionWorker.execute(ActionExecutionWorker.java:56)
  at org.gradle.process.internal.worker.child.SystemApplicationClassLoaderWorker.call(SystemApplicationClassLoaderWorker.java:122)
  at org.gradle.process.internal.worker.child.SystemApplicationClassLoaderWorker.call(SystemApplicationClassLoaderWorker.java:72)
  at worker.org.gradle.process.internal.worker.GradleWorkerMain.run(GradleWorkerMain.java:69)
  at worker.org.gradle.process.internal.worker.GradleWorkerMain.main(GradleWorkerMain.java:74)
</stacktrace>
</test-failure>


TypeScriptCompilerTests_B[jvm] > blockScopedVariablesUseBeforeDef_ts__target_es2015__has expected errors matching baseline[jvm] FAILED

<test-failure test="com.xemantic.typescript.compiler.TypeScriptCompilerTests_B.bindingPatternCannotBeOnlyInferenceSource_ts has expected errors matching bindingPatternCannotBeOnlyInferenceSource_errors_txt" platform="jvm">
<message>
Expected diagnostics from baseline typescript-repo/tests/baselines/reference/bindingPatternCannotBeOnlyInferenceSource.errors.txt but none produced
</message>
<stacktrace>
  at com.xemantic.typescript.compiler.TypeScriptTestSupportKt.errorsMatchBaseline(TypeScriptTestSupport.kt:125)
  at com.xemantic.typescript.compiler.TypeScriptCompilerTests_B.bindingPatternCannotBeOnlyInferenceSource_ts has expected errors matching bindingPatternCannotBeOnlyInferenceSource_errors_txt(TypeScriptCompilerTests_B.kt:525)
  at java.base/jdk.internal.reflect.DirectMethodHandleAccessor.invoke(DirectMethodHandleAccessor.java:104)
  at java.base/java.lang.reflect.Method.invoke(Method.java:565)
  at org.junit.runners.model.FrameworkMethod$1.runReflectiveCall(FrameworkMethod.java:59)
  at org.junit.internal.runners.model.ReflectiveCallable.run(ReflectiveCallable.java:12)
  at org.junit.runners.model.FrameworkMethod.invokeExplosively(FrameworkMethod.java:56)
  at org.junit.internal.runners.statements.InvokeMethod.evaluate(InvokeMethod.java:17)
  at org.junit.runners.ParentRunner$3.evaluate(ParentRunner.java:306)
  at org.junit.runners.BlockJUnit4ClassRunner$1.evaluate(BlockJUnit4ClassRunner.java:100)
  at org.junit.runners.ParentRunner.runLeaf(ParentRunner.java:366)
  at org.junit.runners.BlockJUnit4ClassRunner.runChild(BlockJUnit4ClassRunner.java:103)
  at org.junit.runners.BlockJUnit4ClassRunner.runChild(BlockJUnit4ClassRunner.java:63)
  at org.junit.runners.ParentRunner$4.run(ParentRunner.java:331)
  at org.junit.runners.ParentRunner$1.schedule(ParentRunner.java:79)
  at org.junit.runners.ParentRunner.runChildren(ParentRunner.java:329)
  at org.junit.runners.ParentRunner.access$100(ParentRunner.java:66)
  at org.junit.runners.ParentRunner$2.evaluate(ParentRunner.java:293)
  at org.junit.runners.ParentRunner$3.evaluate(ParentRunner.java:306)
  at org.junit.runners.ParentRunner.run(ParentRunner.java:413)
  at org.junit.runner.JUnitCore.run(JUnitCore.java:137)
  at org.junit.runner.JUnitCore.run(JUnitCore.java:115)
  at org.gradle.api.internal.tasks.testing.junit.JUnitTestExecutor.runRequest(JUnitTestExecutor.java:175)
  at org.gradle.api.internal.tasks.testing.junit.JUnitTestExecutor.accept(JUnitTestExecutor.java:84)
  at org.gradle.api.internal.tasks.testing.junit.JUnitTestExecutor.accept(JUnitTestExecutor.java:47)
  at org.gradle.api.internal.tasks.testing.junit.AbstractJUnitTestDefinitionProcessor.processTestDefinition(AbstractJUnitTestDefinitionProcessor.java:65)
  at org.gradle.api.internal.tasks.testing.SuiteTestDefinitionProcessor.processTestDefinition(SuiteTestDefinitionProcessor.java:54)
  at java.base/jdk.internal.reflect.DirectMethodHandleAccessor.invoke(DirectMethodHandleAccessor.java:104)
  at java.base/java.lang.reflect.Method.invoke(Method.java:565)
  at org.gradle.internal.dispatch.MethodInvocation.invokeOn(MethodInvocation.java:77)
  at org.gradle.internal.dispatch.ReflectionDispatch.dispatch(ReflectionDispatch.java:28)
  at org.gradle.internal.dispatch.ReflectionDispatch.dispatch(ReflectionDispatch.java:19)
  at org.gradle.internal.dispatch.ContextClassLoaderDispatch.dispatch(ContextClassLoaderDispatch.java:33)
  at org.gradle.internal.dispatch.ProxyDispatchAdapter$DispatchingInvocationHandler.invoke(ProxyDispatchAdapter.java:88)
  at jdk.proxy1/jdk.proxy1.$Proxy4.processTestDefinition(Unknown Source)
  at org.gradle.api.internal.tasks.testing.worker.TestWorker$2.run(TestWorker.java:178)
  at org.gradle.api.internal.tasks.testing.worker.TestWorker.executeAndMaintainThreadName(TestWorker.java:126)
  at org.gradle.api.internal.tasks.testing.worker.TestWorker.execute(TestWorker.java:103)
  at org.gradle.api.internal.tasks.testing.worker.TestWorker.execute(TestWorker.java:63)
  at org.gradle.process.internal.worker.child.ActionExecutionWorker.execute(ActionExecutionWorker.java:56)
  at org.gradle.process.internal.worker.child.SystemApplicationClassLoaderWorker.call(SystemApplicationClassLoaderWorker.java:122)
  at org.gradle.process.internal.worker.child.SystemApplicationClassLoaderWorker.call(SystemApplicationClassLoaderWorker.java:72)
  at worker.org.gradle.process.internal.worker.GradleWorkerMain.run(GradleWorkerMain.java:69)
  at worker.org.gradle.process.internal.worker.GradleWorkerMain.main(GradleWorkerMain.java:74)
</stacktrace>
</test-failure>


TypeScriptCompilerTests_B[jvm] > bindingPatternCannotBeOnlyInferenceSource_ts has expected errors matching bindingPatternCannotBeOnlyInferenceSource_errors_txt[jvm] FAILED

<test-failure test="com.xemantic.typescript.compiler.TypeScriptCompilerTests_B.binderBinaryExpressionStress_ts compiles to JavaScript matching binderBinaryExpressionStress_js" platform="jvm">
<message>
java.lang.StackOverflowError
</message>
<stacktrace>
  at com.xemantic.typescript.compiler.Checker.walkExprForDelete(Checker.kt:14886)
  at com.xemantic.typescript.compiler.Checker.walkExprForDelete(Checker.kt:14886)
  at com.xemantic.typescript.compiler.Checker.walkExprForDelete(Checker.kt:14886)
  at com.xemantic.typescript.compiler.Checker.walkExprForDelete(Checker.kt:14886)
  at com.xemantic.typescript.compiler.Checker.walkExprForDelete(Checker.kt:14886)
  at com.xemantic.typescript.compiler.Checker.walkExprForDelete(Checker.kt:14886)
  at com.xemantic.typescript.compiler.Checker.walkExprForDelete(Checker.kt:14886)
  at com.xemantic.typescript.compiler.Checker.walkExprForDelete(Checker.kt:14886)
  at com.xemantic.typescript.compiler.Checker.walkExprForDelete(Checker.kt:14886)
  at com.xemantic.typescript.compiler.Checker.walkExprForDelete(Checker.kt:14886)
  at com.xemantic.typescript.compiler.Checker.walkExprForDelete(Checker.kt:14886)
  at com.xemantic.typescript.compiler.Checker.walkExprForDelete(Checker.kt:14886)
  at com.xemantic.typescript.compiler.Checker.walkExprForDelete(Checker.kt:14886)
  at com.xemantic.typescript.compiler.Checker.walkExprForDelete(Checker.kt:14886)
  at com.xemantic.typescript.compiler.Checker.walkExprForDelete(Checker.kt:14886)
  at com.xemantic.typescript.compiler.Checker.walkExprForDelete(Checker.kt:14886)
  at com.xemantic.typescript.compiler.Checker.walkExprForDelete(Checker.kt:14886)
  at com.xemantic.typescript.compiler.Checker.walkExprForDelete(Checker.kt:14886)
  at com.xemantic.typescript.compiler.Checker.walkExprForDelete(Checker.kt:14886)
  at com.xemantic.typescript.compiler.Checker.walkExprForDelete(Checker.kt:14886)
  at com.xemantic.typescript.compiler.Checker.walkExprForDelete(Checker.kt:14886)
  at com.xemantic.typescript.compiler.Checker.walkExprForDelete(Checker.kt:14886)
  at com.xemantic.typescript.compiler.Checker.walkExprForDelete(Checker.kt:14886)
  at com.xemantic.typescript.compiler.Checker.walkExprForDelete(Checker.kt:14886)
  at com.xemantic.typescript.compiler.Checker.walkExprForDelete(Checker.kt:14886)
  at com.xemantic.typescript.compiler.Checker.walkExprForDelete(Checker.kt:14886)
  at com.xemantic.typescript.compiler.Checker.walkExprForDelete(Checker.kt:14886)
  at com.xemantic.typescript.compiler.Checker.walkExprForDelete(Checker.kt:14886)
  at com.xemantic.typescript.compiler.Checker.walkExprForDelete(Checker.kt:14886)
  at com.xemantic.typescript.compiler.Checker.walkExprForDelete(Checker.kt:14886)
  at com.xemantic.typescript.compiler.Checker.walkExprForDelete(Checker.kt:14886)
  at com.xemantic.typescript.compiler.Checker.walkExprForDelete(Checker.kt:14886)
  at com.xemantic.typescript.compiler.Checker.walkExprForDelete(Checker.kt:14886)
  at com.xemantic.typescript.compiler.Checker.walkExprForDelete(Checker.kt:14886)
  at com.xemantic.typescript.compiler.Checker.walkExprForDelete(Checker.kt:14886)
  at com.xemantic.typescript.compiler.Checker.walkExprForDelete(Checker.kt:14886)
  at com.xemantic.typescript.compiler.Checker.walkExprForDelete(Checker.kt:14886)
  at com.xemantic.typescript.compiler.Checker.walkExprForDelete(Checker.kt:14886)
  at com.xemantic.typescript.compiler.Checker.walkExprForDelete(Checker.kt:14886)
  at com.xemantic.typescript.compiler.Checker.walkExprForDelete(Checker.kt:14886)
  at com.xemantic.typescript.compiler.Checker.walkExprForDelete(Checker.kt:14886)
  at com.xemantic.typescript.compiler.Checker.walkExprForDelete(Checker.kt:14886)
  at com.xemantic.typescript.compiler.Checker.walkExprForDelete(Checker.kt:14886)
  at com.xemantic.typescript.compiler.Checker.walkExprForDelete(Checker.kt:14886)
  at com.xemantic.typescript.compiler.Checker.walkExprForDelete(Checker.kt:14886)
  at com.xemantic.typescript.compiler.Checker.walkExprForDelete(Checker.kt:14886)
  at com.xemantic.typescript.compiler.Checker.walkExprForDelete(Checker.kt:14886)
  at com.xemantic.typescript.compiler.Checker.walkExprForDelete(Checker.kt:14886)
  at com.xemantic.typescript.compiler.Checker.walkExprForDelete(Checker.kt:14886)
  at com.xemantic.typescript.compiler.Checker.walkExprForDelete(Checker.kt:14886)
  at com.xemantic.typescript.compiler.Checker.walkExprForDelete(Checker.kt:14886)
  at com.xemantic.typescript.compiler.Checker.walkExprForDelete(Checker.kt:14886)
  at com.xemantic.typescript.compiler.Checker.walkExprForDelete(Checker.kt:14886)
  at com.xemantic.typescript.compiler.Checker.walkExprForDelete(Checker.kt:14886)
  at com.xemantic.typescript.compiler.Checker.walkExprForDelete(Checker.kt:14886)
  at com.xemantic.typescript.compiler.Checker.walkExprForDelete(Checker.kt:14886)
  at com.xemantic.typescript.compiler.Checker.walkExprForDelete(Checker.kt:14886)
  at com.xemantic.typescript.compiler.Checker.walkExprForDelete(Checker.kt:14886)
  at com.xemantic.typescript.compiler.Checker.walkExprForDelete(Checker.kt:14886)
  at com.xemantic.typescript.compiler.Checker.walkExprForDelete(Checker.kt:14886)
  at com.xemantic.typescript.compiler.Checker.walkExprForDelete(Checker.kt:14886)
  at com.xemantic.typescript.compiler.Checker.walkExprForDelete(Checker.kt:14886)
  at com.xemantic.typescript.compiler.Checker.walkExprForDelete(Checker.kt:14886)
  at com.xemantic.typescript.compiler.Checker.walkExprForDelete(Checker.kt:14886)
  at com.xemantic.typescript.compiler.Checker.walkExprForDelete(Checker.kt:14886)
  at com.xemantic.typescript.compiler.Checker.walkExprForDelete(Checker.kt:14886)
  at com.xemantic.typescript.compiler.Checker.walkExprForDelete(Checker.kt:14886)
  at com.xemantic.typescript.compiler.Checker.walkExprForDelete(Checker.kt:14886)
  at com.xemantic.typescript.compiler.Checker.walkExprForDelete(Checker.kt:14886)
  at com.xemantic.typescript.compiler.Checker.walkExprForDelete(Checker.kt:14886)
  at com.xemantic.typescript.compiler.Checker.walkExprForDelete(Checker.kt:14886)
  at com.xemantic.typescript.compiler.Checker.walkExprForDelete(Checker.kt:14886)
  at com.xemantic.typescript.compiler.Checker.walkExprForDelete(Checker.kt:14886)
  at com.xemantic.typescript.compiler.Checker.walkExprForDelete(Checker.kt:14886)
  at com.xemantic.typescript.compiler.Checker.walkExprForDelete(Checker.kt:14886)
  at com.xemantic.typescript.compiler.Checker.walkExprForDelete(Checker.kt:14886)
  at com.xemantic.typescript.compiler.Checker.walkExprForDelete(Checker.kt:14886)
  at com.xemantic.typescript.compiler.Checker.walkExprForDelete(Checker.kt:14886)
  at com.xemantic.typescript.compiler.Checker.walkExprForDelete(Checker.kt:14886)
  at com.xemantic.typescript.compiler.Checker.walkExprForDelete(Checker.kt:14886)
  at com.xemantic.typescript.compiler.Checker.walkExprForDelete(Checker.kt:14886)
  at com.xemantic.typescript.compiler.Checker.walkExprForDelete(Checker.kt:14886)
  at com.xemantic.typescript.compiler.Checker.walkExprForDelete(Checker.kt:14886)
  at com.xemantic.typescript.compiler.Checker.walkExprForDelete(Checker.kt:14886)
  at com.xemantic.typescript.compiler.Checker.walkExprForDelete(Checker.kt:14886)
  at com.xemantic.typescript.compiler.Checker.walkExprForDelete(Checker.kt:14886)
  at com.xemantic.typescript.compiler.Checker.walkExprForDelete(Checker.kt:14886)
  at com.xemantic.typescript.compiler.Checker.walkExprForDelete(Checker.kt:14886)
  at com.xemantic.typescript.compiler.Checker.walkExprForDelete(Checker.kt:14886)
  at com.xemantic.typescript.compiler.Checker.walkExprForDelete(Checker.kt:14886)
  at com.xemantic.typescript.compiler.Checker.walkExprForDelete(Checker.kt:14886)
  at com.xemantic.typescript.compiler.Checker.walkExprForDelete(Checker.kt:14886)
  at com.xemantic.typescript.compiler.Checker.walkExprForDelete(Checker.kt:14886)
  at com.xemantic.typescript.compiler.Checker.walkExprForDelete(Checker.kt:14886)
  at com.xemantic.typescript.compiler.Checker.walkExprForDelete(Checker.kt:14886)
  at com.xemantic.typescript.compiler.Checker.walkExprForDelete(Checker.kt:14886)
  at com.xemantic.typescript.compiler.Checker.walkExprForDelete(Checker.kt:14886)
  at com.xemantic.typescript.compiler.Checker.walkExprForDelete(Checker.kt:14886)
  at com.xemantic.typescript.compiler.Checker.walkExprForDelete(Checker.kt:14886)
  at com.xemantic.typescript.compiler.Checker.walkExprForDelete(Checker.kt:14886)
  at com.xemantic.typescript.compiler.Checker.walkExprForDelete(Checker.kt:14886)
  at com.xemantic.typescript.compiler.Checker.walkExprForDelete(Checker.kt:14886)
  at com.xemantic.typescript.compiler.Checker.walkExprForDelete(Checker.kt:14886)
  at com.xemantic.typescript.compiler.Checker.walkExprForDelete(Checker.kt:14886)
  at com.xemantic.typescript.compiler.Checker.walkExprForDelete(Checker.kt:14886)
  at com.xemantic.typescript.compiler.Checker.walkExprForDelete(Checker.kt:14886)
  at com.xemantic.typescript.compiler.Checker.walkExprForDelete(Checker.kt:14886)
  at com.xemantic.typescript.compiler.Checker.walkExprForDelete(Checker.kt:14886)
  at com.xemantic.typescript.compiler.Checker.walkExprForDelete(Checker.kt:14886)
  at com.xemantic.typescript.compiler.Checker.walkExprForDelete(Checker.kt:14886)
  at com.xemantic.typescript.compiler.Checker.walkExprForDelete(Checker.kt:14886)
  at com.xemantic.typescript.compiler.Checker.walkExprForDelete(Checker.kt:14886)
  at com.xemantic.typescript.compiler.Checker.walkExprForDelete(Checker.kt:14886)
  at com.xemantic.typescript.compiler.Checker.walkExprForDelete(Checker.kt:14886)
  at com.xemantic.typescript.compiler.Checker.walkExprForDelete(Checker.kt:14886)
  at com.xemantic.typescript.compiler.Checker.walkExprForDelete(Checker.kt:14886)
  at com.xemantic.typescript.compiler.Checker.walkExprForDelete(Checker.kt:14886)
  at com.xemantic.typescript.compiler.Checker.walkExprForDelete(Checker.kt:14886)
  at com.xemantic.typescript.compiler.Checker.walkExprForDelete(Checker.kt:14886)
  at com.xemantic.typescript.compiler.Checker.walkExprForDelete(Checker.kt:14886)
  at com.xemantic.typescript.compiler.Checker.walkExprForDelete(Checker.kt:14886)
  at com.xemantic.typescript.compiler.Checker.walkExprForDelete(Checker.kt:14886)
  at com.xemantic.typescript.compiler.Checker.walkExprForDelete(Checker.kt:14886)
  at com.xemantic.typescript.compiler.Checker.walkExprForDelete(Checker.kt:14886)
  at com.xemantic.typescript.compiler.Checker.walkExprForDelete(Checker.kt:14886)
  at com.xemantic.typescript.compiler.Checker.walkExprForDelete(Checker.kt:14886)
  at com.xemantic.typescript.compiler.Checker.walkExprForDelete(Checker.kt:14886)
  at com.xemantic.typescript.compiler.Checker.walkExprForDelete(Checker.kt:14886)
  at com.xemantic.typescript.compiler.Checker.walkExprForDelete(Checker.kt:14886)
  at com.xemantic.typescript.compiler.Checker.walkExprForDelete(Checker.kt:14886)
  at com.xemantic.typescript.compiler.Checker.walkExprForDelete(Checker.kt:14886)
  at com.xemantic.typescript.compiler.Checker.walkExprForDelete(Checker.kt:14886)
  at com.xemantic.typescript.compiler.Checker.walkExprForDelete(Checker.kt:14886)
  at com.xemantic.typescript.compiler.Checker.walkExprForDelete(Checker.kt:14886)
  at com.xemantic.typescript.compiler.Checker.walkExprForDelete(Checker.kt:14886)
  at com.xemantic.typescript.compiler.Checker.walkExprForDelete(Checker.kt:14886)
  at com.xemantic.typescript.compiler.Checker.walkExprForDelete(Checker.kt:14886)
  at com.xemantic.typescript.compiler.Checker.walkExprForDelete(Checker.kt:14886)
  at com.xemantic.typescript.compiler.Checker.walkExprForDelete(Checker.kt:14886)
  at com.xemantic.typescript.compiler.Checker.walkExprForDelete(Checker.kt:14886)
  at com.xemantic.typescript.compiler.Checker.walkExprForDelete(Checker.kt:14886)
  at com.xemantic.typescript.compiler.Checker.walkExprForDelete(Checker.kt:14886)
  at com.xemantic.typescript.compiler.Checker.walkExprForDelete(Checker.kt:14886)
  at com.xemantic.typescript.compiler.Checker.walkExprForDelete(Checker.kt:14886)
  at com.xemantic.typescript.compiler.Checker.walkExprForDelete(Checker.kt:14886)
  at com.xemantic.typescript.compiler.Checker.walkExprForDelete(Checker.kt:14886)
  at com.xemantic.typescript.compiler.Checker.walkExprForDelete(Checker.kt:14886)
  at com.xemantic.typescript.compiler.Checker.walkExprForDelete(Checker.kt:14886)
  at com.xemantic.typescript.compiler.Checker.walkExprForDelete(Checker.kt:14886)
  at com.xemantic.typescript.compiler.Checker.walkExprForDelete(Checker.kt:14886)
  at com.xemantic.typescript.compiler.Checker.walkExprForDelete(Checker.kt:14886)
  at com.xemantic.typescript.compiler.Checker.walkExprForDelete(Checker.kt:14886)
  at com.xemantic.typescript.compiler.Checker.walkExprForDelete(Checker.kt:14886)
  at com.xemantic.typescript.compiler.Checker.walkExprForDelete(Checker.kt:14886)
  at com.xemantic.typescript.compiler.Checker.walkExprForDelete(Checker.kt:14886)
  at com.xemantic.typescript.compiler.Checker.walkExprForDelete(Checker.kt:14886)
  at com.xemantic.typescript.compiler.Checker.walkExprForDelete(Checker.kt:14886)
  at com.xemantic.typescript.compiler.Checker.walkExprForDelete(Checker.kt:14886)
  at com.xemantic.typescript.compiler.Checker.walkExprForDelete(Checker.kt:14886)
  at com.xemantic.typescript.compiler.Checker.walkExprForDelete(Checker.kt:14886)
  at com.xemantic.typescript.compiler.Checker.walkExprForDelete(Checker.kt:14886)
  at com.xemantic.typescript.compiler.Checker.walkExprForDelete(Checker.kt:14886)
  at com.xemantic.typescript.compiler.Checker.walkExprForDelete(Checker.kt:14886)
  at com.xemantic.typescript.compiler.Checker.walkExprForDelete(Checker.kt:14886)
  at com.xemantic.typescript.compiler.Checker.walkExprForDelete(Checker.kt:14886)
  at com.xemantic.typescript.compiler.Checker.walkExprForDelete(Checker.kt:14886)
  at com.xemantic.typescript.compiler.Checker.walkExprForDelete(Checker.kt:14886)
  at com.xemantic.typescript.compiler.Checker.walkExprForDelete(Checker.kt:14886)
  at com.xemantic.typescript.compiler.Checker.walkExprForDelete(Checker.kt:14886)
  at com.xemantic.typescript.compiler.Checker.walkExprForDelete(Checker.kt:14886)
  at com.xemantic.typescript.compiler.Checker.walkExprForDelete(Checker.kt:14886)
  at com.xemantic.typescript.compiler.Checker.walkExprForDelete(Checker.kt:14886)
  at com.xemantic.typescript.compiler.Checker.walkExprForDelete(Checker.kt:14886)
  at com.xemantic.typescript.compiler.Checker.walkExprForDelete(Checker.kt:14886)
  at com.xemantic.typescript.compiler.Checker.walkExprForDelete(Checker.kt:14886)
  at com.xemantic.typescript.compiler.Checker.walkExprForDelete(Checker.kt:14886)
  at com.xemantic.typescript.compiler.Checker.walkExprForDelete(Checker.kt:14886)
  at com.xemantic.typescript.compiler.Checker.walkExprForDelete(Checker.kt:14886)
  at com.xemantic.typescript.compiler.Checker.walkExprForDelete(Checker.kt:14886)
  at com.xemantic.typescript.compiler.Checker.walkExprForDelete(Checker.kt:14886)
  at com.xemantic.typescript.compiler.Checker.walkExprForDelete(Checker.kt:14886)
  at com.xemantic.typescript.compiler.Checker.walkExprForDelete(Checker.kt:14886)
  at com.xemantic.typescript.compiler.Checker.walkExprForDelete(Checker.kt:14886)
  at com.xemantic.typescript.compiler.Checker.walkExprForDelete(Checker.kt:14886)
  at com.xemantic.typescript.compiler.Checker.walkExprForDelete(Checker.kt:14886)
  at com.xemantic.typescript.compiler.Checker.walkExprForDelete(Checker.kt:14886)
  at com.xemantic.typescript.compiler.Checker.walkExprForDelete(Checker.kt:14886)
  at com.xemantic.typescript.compiler.Checker.walkExprForDelete(Checker.kt:14886)
  at com.xemantic.typescript.compiler.Checker.walkExprForDelete(Checker.kt:14886)
  at com.xemantic.typescript.compiler.Checker.walkExprForDelete(Checker.kt:14886)
  at com.xemantic.typescript.compiler.Checker.walkExprForDelete(Checker.kt:14886)
  at com.xemantic.typescript.compiler.Checker.walkExprForDelete(Checker.kt:14886)
  at com.xemantic.typescript.compiler.Checker.walkExprForDelete(Checker.kt:14886)
  at com.xemantic.typescript.compiler.Checker.walkExprForDelete(Checker.kt:14886)
  at com.xemantic.typescript.compiler.Checker.walkExprForDelete(Checker.kt:14886)
  at com.xemantic.typescript.compiler.Checker.walkExprForDelete(Checker.kt:14886)
  at com.xemantic.typescript.compiler.Checker.walkExprForDelete(Checker.kt:14886)
  at com.xemantic.typescript.compiler.Checker.walkExprForDelete(Checker.kt:14886)
  at com.xemantic.typescript.compiler.Checker.walkExprForDelete(Checker.kt:14886)
  at com.xemantic.typescript.compiler.Checker.walkExprForDelete(Checker.kt:14886)
  at com.xemantic.typescript.compiler.Checker.walkExprForDelete(Checker.kt:14886)
  at com.xemantic.typescript.compiler.Checker.walkExprForDelete(Checker.kt:14886)
  at com.xemantic.typescript.compiler.Checker.walkExprForDelete(Checker.kt:14886)
  at com.xemantic.typescript.compiler.Checker.walkExprForDelete(Checker.kt:14886)
  at com.xemantic.typescript.compiler.Checker.walkExprForDelete(Checker.kt:14886)
  at com.xemantic.typescript.compiler.Checker.walkExprForDelete(Checker.kt:14886)
  at com.xemantic.typescript.compiler.Checker.walkExprForDelete(Checker.kt:14886)
  at com.xemantic.typescript.compiler.Checker.walkExprForDelete(Checker.kt:14886)
  at com.xemantic.typescript.compiler.Checker.walkExprForDelete(Checker.kt:14886)
  at com.xemantic.typescript.compiler.Checker.walkExprForDelete(Checker.kt:14886)
  at com.xemantic.typescript.compiler.Checker.walkExprForDelete(Checker.kt:14886)
  at com.xemantic.typescript.compiler.Checker.walkExprForDelete(Checker.kt:14886)
  at com.xemantic.typescript.compiler.Checker.walkExprForDelete(Checker.kt:14886)
  at com.xemantic.typescript.compiler.Checker.walkExprForDelete(Checker.kt:14886)
  at com.xemantic.typescript.compiler.Checker.walkExprForDelete(Checker.kt:14886)
  at com.xemantic.typescript.compiler.Checker.walkExprForDelete(Checker.kt:14886)
  at com.xemantic.typescript.compiler.Checker.walkExprForDelete(Checker.kt:14886)
  at com.xemantic.typescript.compiler.Checker.walkExprForDelete(Checker.kt:14886)
  at com.xemantic.typescript.compiler.Checker.walkExprForDelete(Checker.kt:14886)
  at com.xemantic.typescript.compiler.Checker.walkExprForDelete(Checker.kt:14886)
  at com.xemantic.typescript.compiler.Checker.walkExprForDelete(Checker.kt:14886)
  at com.xemantic.typescript.compiler.Checker.walkExprForDelete(Checker.kt:14886)
  at com.xemantic.typescript.compiler.Checker.walkExprForDelete(Checker.kt:14886)
  at com.xemantic.typescript.compiler.Checker.walkExprForDelete(Checker.kt:14886)
  at com.xemantic.typescript.compiler.Checker.walkExprForDelete(Checker.kt:14886)
  at com.xemantic.typescript.compiler.Checker.walkExprForDelete(Checker.kt:14886)
  at com.xemantic.typescript.compiler.Checker.walkExprForDelete(Checker.kt:14886)
  at com.xemantic.typescript.compiler.Checker.walkExprForDelete(Checker.kt:14886)
  at com.xemantic.typescript.compiler.Checker.walkExprForDelete(Checker.kt:14886)
  at com.xemantic.typescript.compiler.Checker.walkExprForDelete(Checker.kt:14886)
  at com.xemantic.typescript.compiler.Checker.walkExprForDelete(Checker.kt:14886)
  at com.xemantic.typescript.compiler.Checker.walkExprForDelete(Checker.kt:14886)
  at com.xemantic.typescript.compiler.Checker.walkExprForDelete(Checker.kt:14886)
  at com.xemantic.typescript.compiler.Checker.walkExprForDelete(Checker.kt:14886)
  at com.xemantic.typescript.compiler.Checker.walkExprForDelete(Checker.kt:14886)
  at com.xemantic.typescript.compiler.Checker.walkExprForDelete(Checker.kt:14886)
  at com.xemantic.typescript.compiler.Checker.walkExprForDelete(Checker.kt:14886)
  at com.xemantic.typescript.compiler.Checker.walkExprForDelete(Checker.kt:14886)
  at com.xemantic.typescript.compiler.Checker.walkExprForDelete(Checker.kt:14886)
  at com.xemantic.typescript.compiler.Checker.walkExprForDelete(Checker.kt:14886)
  at com.xemantic.typescript.compiler.Checker.walkExprForDelete(Checker.kt:14886)
  at com.xemantic.typescript.compiler.Checker.walkExprForDelete(Checker.kt:14886)
  at com.xemantic.typescript.compiler.Checker.walkExprForDelete(Checker.kt:14886)
  at com.xemantic.typescript.compiler.Checker.walkExprForDelete(Checker.kt:14886)
  at com.xemantic.typescript.compiler.Checker.walkExprForDelete(Checker.kt:14886)
  at com.xemantic.typescript.compiler.Checker.walkExprForDelete(Checker.kt:14886)
  at com.xemantic.typescript.compiler.Checker.walkExprForDelete(Checker.kt:14886)
  at com.xemantic.typescript.compiler.Checker.walkExprForDelete(Checker.kt:14886)
  at com.xemantic.typescript.compiler.Checker.walkExprForDelete(Checker.kt:14886)
  at com.xemantic.typescript.compiler.Checker.walkExprForDelete(Checker.kt:14886)
  at com.xemantic.typescript.compiler.Checker.walkExprForDelete(Checker.kt:14886)
  at com.xemantic.typescript.compiler.Checker.walkExprForDelete(Checker.kt:14886)
  at com.xemantic.typescript.compiler.Checker.walkExprForDelete(Checker.kt:14886)
  at com.xemantic.typescript.compiler.Checker.walkExprForDelete(Checker.kt:14886)
  at com.xemantic.typescript.compiler.Checker.walkExprForDelete(Checker.kt:14886)
  at com.xemantic.typescript.compiler.Checker.walkExprForDelete(Checker.kt:14886)
  at com.xemantic.typescript.compiler.Checker.walkExprForDelete(Checker.kt:14886)
  at com.xemantic.typescript.compiler.Checker.walkExprForDelete(Checker.kt:14886)
  at com.xemantic.typescript.compiler.Checker.walkExprForDelete(Checker.kt:14886)
  at com.xemantic.typescript.compiler.Checker.walkExprForDelete(Checker.kt:14886)
  at com.xemantic.typescript.compiler.Checker.walkExprForDelete(Checker.kt:14886)
  at com.xemantic.typescript.compiler.Checker.walkExprForDelete(Checker.kt:14886)
  at com.xemantic.typescript.compiler.Checker.walkExprForDelete(Checker.kt:14886)
  at com.xemantic.typescript.compiler.Checker.walkExprForDelete(Checker.kt:14886)
  at com.xemantic.typescript.compiler.Checker.walkExprForDelete(Checker.kt:14886)
  at com.xemantic.typescript.compiler.Checker.walkExprForDelete(Checker.kt:14886)
  at com.xemantic.typescript.compiler.Checker.walkExprForDelete(Checker.kt:14886)
  at com.xemantic.typescript.compiler.Checker.walkExprForDelete(Checker.kt:14886)
  at com.xemantic.typescript.compiler.Checker.walkExprForDelete(Checker.kt:14886)
  at com.xemantic.typescript.compiler.Checker.walkExprForDelete(Checker.kt:14886)
  at com.xemantic.typescript.compiler.Checker.walkExprForDelete(Checker.kt:14886)
  at com.xemantic.typescript.compiler.Checker.walkExprForDelete(Checker.kt:14886)
  at com.xemantic.typescript.compiler.Checker.walkExprForDelete(Checker.kt:14886)
  at com.xemantic.typescript.compiler.Checker.walkExprForDelete(Checker.kt:14886)
  at com.xemantic.typescript.compiler.Checker.walkExprForDelete(Checker.kt:14886)
  at com.xemantic.typescript.compiler.Checker.walkExprForDelete(Checker.kt:14886)
  at com.xemantic.typescript.compiler.Checker.walkExprForDelete(Checker.kt:14886)
  at com.xemantic.typescript.compiler.Checker.walkExprForDelete(Checker.kt:14886)
  at com.xemantic.typescript.compiler.Checker.walkExprForDelete(Checker.kt:14886)
  at com.xemantic.typescript.compiler.Checker.walkExprForDelete(Checker.kt:14886)
  at com.xemantic.typescript.compiler.Checker.walkExprForDelete(Checker.kt:14886)
  at com.xemantic.typescript.compiler.Checker.walkExprForDelete(Checker.kt:14886)
  at com.xemantic.typescript.compiler.Checker.walkExprForDelete(Checker.kt:14886)
  at com.xemantic.typescript.compiler.Checker.walkExprForDelete(Checker.kt:14886)
  at com.xemantic.typescript.compiler.Checker.walkExprForDelete(Checker.kt:14886)
  at com.xemantic.typescript.compiler.Checker.walkExprForDelete(Checker.kt:14886)
  at com.xemantic.typescript.compiler.Checker.walkExprForDelete(Checker.kt:14886)
  at com.xemantic.typescript.compiler.Checker.walkExprForDelete(Checker.kt:14886)
  at com.xemantic.typescript.compiler.Checker.walkExprForDelete(Checker.kt:14886)
  at com.xemantic.typescript.compiler.Checker.walkExprForDelete(Checker.kt:14886)
  at com.xemantic.typescript.compiler.Checker.walkExprForDelete(Checker.kt:14886)
  at com.xemantic.typescript.compiler.Checker.walkExprForDelete(Checker.kt:14886)
  at com.xemantic.typescript.compiler.Checker.walkExprForDelete(Checker.kt:14886)
  at com.xemantic.typescript.compiler.Checker.walkExprForDelete(Checker.kt:14886)
  at com.xemantic.typescript.compiler.Checker.walkExprForDelete(Checker.kt:14886)
  at com.xemantic.typescript.compiler.Checker.walkExprForDelete(Checker.kt:14886)
  at com.xemantic.typescript.compiler.Checker.walkExprForDelete(Checker.kt:14886)
  at com.xemantic.typescript.compiler.Checker.walkExprForDelete(Checker.kt:14886)
  at com.xemantic.typescript.compiler.Checker.walkExprForDelete(Checker.kt:14886)
  at com.xemantic.typescript.compiler.Checker.walkExprForDelete(Checker.kt:14886)
  at com.xemantic.typescript.compiler.Checker.walkExprForDelete(Checker.kt:14886)
  at com.xemantic.typescript.compiler.Checker.walkExprForDelete(Checker.kt:14886)
  at com.xemantic.typescript.compiler.Checker.walkExprForDelete(Checker.kt:14886)
  at com.xemantic.typescript.compiler.Checker.walkExprForDelete(Checker.kt:14886)
  at com.xemantic.typescript.compiler.Checker.walkExprForDelete(Checker.kt:14886)
  at com.xemantic.typescript.compiler.Checker.walkExprForDelete(Checker.kt:14886)
  at com.xemantic.typescript.compiler.Checker.walkExprForDelete(Checker.kt:14886)
  at com.xemantic.typescript.compiler.Checker.walkExprForDelete(Checker.kt:14886)
  at com.xemantic.typescript.compiler.Checker.walkExprForDelete(Checker.kt:14886)
  at com.xemantic.typescript.compiler.Checker.walkExprForDelete(Checker.kt:14886)
  at com.xemantic.typescript.compiler.Checker.walkExprForDelete(Checker.kt:14886)
  at com.xemantic.typescript.compiler.Checker.walkExprForDelete(Checker.kt:14886)
  at com.xemantic.typescript.compiler.Checker.walkExprForDelete(Checker.kt:14886)
  at com.xemantic.typescript.compiler.Checker.walkExprForDelete(Checker.kt:14886)
  at com.xemantic.typescript.compiler.Checker.walkExprForDelete(Checker.kt:14886)
  at com.xemantic.typescript.compiler.Checker.walkExprForDelete(Checker.kt:14886)
  at com.xemantic.typescript.compiler.Checker.walkExprForDelete(Checker.kt:14886)
  at com.xemantic.typescript.compiler.Checker.walkExprForDelete(Checker.kt:14886)
  at com.xemantic.typescript.compiler.Checker.walkExprForDelete(Checker.kt:14886)
  at com.xemantic.typescript.compiler.Checker.walkExprForDelete(Checker.kt:14886)
  at com.xemantic.typescript.compiler.Checker.walkExprForDelete(Checker.kt:14886)
  at com.xemantic.typescript.compiler.Checker.walkExprForDelete(Checker.kt:14886)
  at com.xemantic.typescript.compiler.Checker.walkExprForDelete(Checker.kt:14886)
  at com.xemantic.typescript.compiler.Checker.walkExprForDelete(Checker.kt:14886)
  at com.xemantic.typescript.compiler.Checker.walkExprForDelete(Checker.kt:14886)
  at com.xemantic.typescript.compiler.Checker.walkExprForDelete(Checker.kt:14886)
  at com.xemantic.typescript.compiler.Checker.walkExprForDelete(Checker.kt:14886)
  at com.xemantic.typescript.compiler.Checker.walkExprForDelete(Checker.kt:14886)
  at com.xemantic.typescript.compiler.Checker.walkExprForDelete(Checker.kt:14886)
  at com.xemantic.typescript.compiler.Checker.walkExprForDelete(Checker.kt:14886)
  at com.xemantic.typescript.compiler.Checker.walkExprForDelete(Checker.kt:14886)
  at com.xemantic.typescript.compiler.Checker.walkExprForDelete(Checker.kt:14886)
  at com.xemantic.typescript.compiler.Checker.walkExprForDelete(Checker.kt:14886)
  at com.xemantic.typescript.compiler.Checker.walkExprForDelete(Checker.kt:14886)
  at com.xemantic.typescript.compiler.Checker.walkExprForDelete(Checker.kt:14886)
  at com.xemantic.typescript.compiler.Checker.walkExprForDelete(Checker.kt:14886)
  at com.xemantic.typescript.compiler.Checker.walkExprForDelete(Checker.kt:14886)
  at com.xemantic.typescript.compiler.Checker.walkExprForDelete(Checker.kt:14886)
  at com.xemantic.typescript.compiler.Checker.walkExprForDelete(Checker.kt:14886)
  at com.xemantic.typescript.compiler.Checker.walkExprForDelete(Checker.kt:14886)
  at com.xemantic.typescript.compiler.Checker.walkExprForDelete(Checker.kt:14886)
  at com.xemantic.typescript.compiler.Checker.walkExprForDelete(Checker.kt:14886)
  at com.xemantic.typescript.compiler.Checker.walkExprForDelete(Checker.kt:14886)
  at com.xemantic.typescript.compiler.Checker.walkExprForDelete(Checker.kt:14886)
  at com.xemantic.typescript.compiler.Checker.walkExprForDelete(Checker.kt:14886)
  at com.xemantic.typescript.compiler.Checker.walkExprForDelete(Checker.kt:14886)
  at com.xemantic.typescript.compiler.Checker.walkExprForDelete(Checker.kt:14886)
  at com.xemantic.typescript.compiler.Checker.walkExprForDelete(Checker.kt:14886)
  at com.xemantic.typescript.compiler.Checker.walkExprForDelete(Checker.kt:14886)
  at com.xemantic.typescript.compiler.Checker.walkExprForDelete(Checker.kt:14886)
  at com.xemantic.typescript.compiler.Checker.walkExprForDelete(Checker.kt:14886)
  at com.xemantic.typescript.compiler.Checker.walkExprForDelete(Checker.kt:14886)
  at com.xemantic.typescript.compiler.Checker.walkExprForDelete(Checker.kt:14886)
  at com.xemantic.typescript.compiler.Checker.walkExprForDelete(Checker.kt:14886)
  at com.xemantic.typescript.compiler.Checker.walkExprForDelete(Checker.kt:14886)
  at com.xemantic.typescript.compiler.Checker.walkExprForDelete(Checker.kt:14886)
  at com.xemantic.typescript.compiler.Checker.walkExprForDelete(Checker.kt:14886)
  at com.xemantic.typescript.compiler.Checker.walkExprForDelete(Checker.kt:14886)
  at com.xemantic.typescript.compiler.Checker.walkExprForDelete(Checker.kt:14886)
  at com.xemantic.typescript.compiler.Checker.walkExprForDelete(Checker.kt:14886)
  at com.xemantic.typescript.compiler.Checker.walkExprForDelete(Checker.kt:14886)
  at com.xemantic.typescript.compiler.Checker.walkExprForDelete(Checker.kt:14886)
  at com.xemantic.typescript.compiler.Checker.walkExprForDelete(Checker.kt:14886)
  at com.xemantic.typescript.compiler.Checker.walkExprForDelete(Checker.kt:14886)
  at com.xemantic.typescript.compiler.Checker.walkExprForDelete(Checker.kt:14886)
  at com.xemantic.typescript.compiler.Checker.walkExprForDelete(Checker.kt:14886)
  at com.xemantic.typescript.compiler.Checker.walkExprForDelete(Checker.kt:14886)
  at com.xemantic.typescript.compiler.Checker.walkExprForDelete(Checker.kt:14886)
  at com.xemantic.typescript.compiler.Checker.walkExprForDelete(Checker.kt:14886)
  at com.xemantic.typescript.compiler.Checker.walkExprForDelete(Checker.kt:14886)
  at com.xemantic.typescript.compiler.Checker.walkExprForDelete(Checker.kt:14886)
  at com.xemantic.typescript.compiler.Checker.walkExprForDelete(Checker.kt:14886)
  at com.xemantic.typescript.compiler.Checker.walkExprForDelete(Checker.kt:14886)
  at com.xemantic.typescript.compiler.Checker.walkExprForDelete(Checker.kt:14886)
  at com.xemantic.typescript.compiler.Checker.walkExprForDelete(Checker.kt:14886)
  at com.xemantic.typescript.compiler.Checker.walkExprForDelete(Checker.kt:14886)
  at com.xemantic.typescript.compiler.Checker.walkExprForDelete(Checker.kt:14886)
  at com.xemantic.typescript.compiler.Checker.walkExprForDelete(Checker.kt:14886)
  at com.xemantic.typescript.compiler.Checker.walkExprForDelete(Checker.kt:14886)
  at com.xemantic.typescript.compiler.Checker.walkExprForDelete(Checker.kt:14886)
  at com.xemantic.typescript.compiler.Checker.walkExprForDelete(Checker.kt:14886)
  at com.xemantic.typescript.compiler.Checker.walkExprForDelete(Checker.kt:14886)
  at com.xemantic.typescript.compiler.Checker.walkExprForDelete(Checker.kt:14886)
  at com.xemantic.typescript.compiler.Checker.walkExprForDelete(Checker.kt:14886)
  at com.xemantic.typescript.compiler.Checker.walkExprForDelete(Checker.kt:14886)
  at com.xemantic.typescript.compiler.Checker.walkExprForDelete(Checker.kt:14886)
  at com.xemantic.typescript.compiler.Checker.walkExprForDelete(Checker.kt:14886)
  at com.xemantic.typescript.compiler.Checker.walkExprForDelete(Checker.kt:14886)
  at com.xemantic.typescript.compiler.Checker.walkExprForDelete(Checker.kt:14886)
  at com.xemantic.typescript.compiler.Checker.walkExprForDelete(Checker.kt:14886)
  at com.xemantic.typescript.compiler.Checker.walkExprForDelete(Checker.kt:14886)
  at com.xemantic.typescript.compiler.Checker.walkExprForDelete(Checker.kt:14886)
  at com.xemantic.typescript.compiler.Checker.walkExprForDelete(Checker.kt:14886)
  at com.xemantic.typescript.compiler.Checker.walkExprForDelete(Checker.kt:14886)
  at com.xemantic.typescript.compiler.Checker.walkExprForDelete(Checker.kt:14886)
  at com.xemantic.typescript.compiler.Checker.walkExprForDelete(Checker.kt:14886)
  at com.xemantic.typescript.compiler.Checker.walkExprForDelete(Checker.kt:14886)
  at com.xemantic.typescript.compiler.Checker.walkExprForDelete(Checker.kt:14886)
  at com.xemantic.typescript.compiler.Checker.walkExprForDelete(Checker.kt:14886)
  at com.xemantic.typescript.compiler.Checker.walkExprForDelete(Checker.kt:14886)
  at com.xemantic.typescript.compiler.Checker.walkExprForDelete(Checker.kt:14886)
  at com.xemantic.typescript.compiler.Checker.walkExprForDelete(Checker.kt:14886)
  at com.xemantic.typescript.compiler.Checker.walkExprForDelete(Checker.kt:14886)
  at com.xemantic.typescript.compiler.Checker.walkExprForDelete(Checker.kt:14886)
  at com.xemantic.typescript.compiler.Checker.walkExprForDelete(Checker.kt:14886)
  at com.xemantic.typescript.compiler.Checker.walkExprForDelete(Checker.kt:14886)
  at com.xemantic.typescript.compiler.Checker.walkExprForDelete(Checker.kt:14886)
  at com.xemantic.typescript.compiler.Checker.walkExprForDelete(Checker.kt:14886)
  at com.xemantic.typescript.compiler.Checker.walkExprForDelete(Checker.kt:14886)
  at com.xemantic.typescript.compiler.Checker.walkExprForDelete(Checker.kt:14886)
  at com.xemantic.typescript.compiler.Checker.walkExprForDelete(Checker.kt:14886)
  at com.xemantic.typescript.compiler.Checker.walkExprForDelete(Checker.kt:14886)
  at com.xemantic.typescript.compiler.Checker.walkExprForDelete(Checker.kt:14886)
  at com.xemantic.typescript.compiler.Checker.walkExprForDelete(Checker.kt:14886)
  at com.xemantic.typescript.compiler.Checker.walkExprForDelete(Checker.kt:14886)
  at com.xemantic.typescript.compiler.Checker.walkExprForDelete(Checker.kt:14886)
  at com.xemantic.typescript.compiler.Checker.walkExprForDelete(Checker.kt:14886)
  at com.xemantic.typescript.compiler.Checker.walkExprForDelete(Checker.kt:14886)
  at com.xemantic.typescript.compiler.Checker.walkExprForDelete(Checker.kt:14886)
  at com.xemantic.typescript.compiler.Checker.walkExprForDelete(Checker.kt:14886)
  at com.xemantic.typescript.compiler.Checker.walkExprForDelete(Checker.kt:14886)
  at com.xemantic.typescript.compiler.Checker.walkExprForDelete(Checker.kt:14886)
  at com.xemantic.typescript.compiler.Checker.walkExprForDelete(Checker.kt:14886)
  at com.xemantic.typescript.compiler.Checker.walkExprForDelete(Checker.kt:14886)
  at com.xemantic.typescript.compiler.Checker.walkExprForDelete(Checker.kt:14886)
  at com.xemantic.typescript.compiler.Checker.walkExprForDelete(Checker.kt:14886)
  at com.xemantic.typescript.compiler.Checker.walkExprForDelete(Checker.kt:14886)
  at com.xemantic.typescript.compiler.Checker.walkExprForDelete(Checker.kt:14886)
  at com.xemantic.typescript.compiler.Checker.walkExprForDelete(Checker.kt:14886)
  at com.xemantic.typescript.compiler.Checker.walkExprForDelete(Checker.kt:14886)
  at com.xemantic.typescript.compiler.Checker.walkExprForDelete(Checker.kt:14886)
  at com.xemantic.typescript.compiler.Checker.walkExprForDelete(Checker.kt:14886)
  at com.xemantic.typescript.compiler.Checker.walkExprForDelete(Checker.kt:14886)
  at com.xemantic.typescript.compiler.Checker.walkExprForDelete(Checker.kt:14886)
  at com.xemantic.typescript.compiler.Checker.walkExprForDelete(Checker.kt:14886)
  at com.xemantic.typescript.compiler.Checker.walkExprForDelete(Checker.kt:14886)
  at com.xemantic.typescript.compiler.Checker.walkExprForDelete(Checker.kt:14886)
  at com.xemantic.typescript.compiler.Checker.walkExprForDelete(Checker.kt:14886)
  at com.xemantic.typescript.compiler.Checker.walkExprForDelete(Checker.kt:14886)
  at com.xemantic.typescript.compiler.Checker.walkExprForDelete(Checker.kt:14886)
  at com.xemantic.typescript.compiler.Checker.walkExprForDelete(Checker.kt:14886)
  at com.xemantic.typescript.compiler.Checker.walkExprForDelete(Checker.kt:14886)
  at com.xemantic.typescript.compiler.Checker.walkExprForDelete(Checker.kt:14886)
  at com.xemantic.typescript.compiler.Checker.walkExprForDelete(Checker.kt:14886)
  at com.xemantic.typescript.compiler.Checker.walkExprForDelete(Checker.kt:14886)
  at com.xemantic.typescript.compiler.Checker.walkExprForDelete(Checker.kt:14886)
  at com.xemantic.typescript.compiler.Checker.walkExprForDelete(Checker.kt:14886)
  at com.xemantic.typescript.compiler.Checker.walkExprForDelete(Checker.kt:14886)
  at com.xemantic.typescript.compiler.Checker.walkExprForDelete(Checker.kt:14886)
  at com.xemantic.typescript.compiler.Checker.walkExprForDelete(Checker.kt:14886)
  at com.xemantic.typescript.compiler.Checker.walkExprForDelete(Checker.kt:14886)
  at com.xemantic.typescript.compiler.Checker.walkExprForDelete(Checker.kt:14886)
  at com.xemantic.typescript.compiler.Checker.walkExprForDelete(Checker.kt:14886)
  at com.xemantic.typescript.compiler.Checker.walkExprForDelete(Checker.kt:14886)
  at com.xemantic.typescript.compiler.Checker.walkExprForDelete(Checker.kt:14886)
  at com.xemantic.typescript.compiler.Checker.walkExprForDelete(Checker.kt:14886)
  at com.xemantic.typescript.compiler.Checker.walkExprForDelete(Checker.kt:14886)
  at com.xemantic.typescript.compiler.Checker.walkExprForDelete(Checker.kt:14886)
  at com.xemantic.typescript.compiler.Checker.walkExprForDelete(Checker.kt:14886)
  at com.xemantic.typescript.compiler.Checker.walkExprForDelete(Checker.kt:14886)
  at com.xemantic.typescript.compiler.Checker.walkExprForDelete(Checker.kt:14886)
  at com.xemantic.typescript.compiler.Checker.walkExprForDelete(Checker.kt:14886)
  at com.xemantic.typescript.compiler.Checker.walkExprForDelete(Checker.kt:14886)
  at com.xemantic.typescript.compiler.Checker.walkExprForDelete(Checker.kt:14886)
  at com.xemantic.typescript.compiler.Checker.walkExprForDelete(Checker.kt:14886)
  at com.xemantic.typescript.compiler.Checker.walkExprForDelete(Checker.kt:14886)
  at com.xemantic.typescript.compiler.Checker.walkExprForDelete(Checker.kt:14886)
  at com.xemantic.typescript.compiler.Checker.walkExprForDelete(Checker.kt:14886)
  at com.xemantic.typescript.compiler.Checker.walkExprForDelete(Checker.kt:14886)
  at com.xemantic.typescript.compiler.Checker.walkExprForDelete(Checker.kt:14886)
  at com.xemantic.typescript.compiler.Checker.walkExprForDelete(Checker.kt:14886)
  at com.xemantic.typescript.compiler.Checker.walkExprForDelete(Checker.kt:14886)
  at com.xemantic.typescript.compiler.Checker.walkExprForDelete(Checker.kt:14886)
  at com.xemantic.typescript.compiler.Checker.walkExprForDelete(Checker.kt:14886)
  at com.xemantic.typescript.compiler.Checker.walkExprForDelete(Checker.kt:14886)
  at com.xemantic.typescript.compiler.Checker.walkExprForDelete(Checker.kt:14886)
  at com.xemantic.typescript.compiler.Checker.walkExprForDelete(Checker.kt:14886)
  at com.xemantic.typescript.compiler.Checker.walkExprForDelete(Checker.kt:14886)
  at com.xemantic.typescript.compiler.Checker.walkExprForDelete(Checker.kt:14886)
  at com.xemantic.typescript.compiler.Checker.walkExprForDelete(Checker.kt:14886)
  at com.xemantic.typescript.compiler.Checker.walkExprForDelete(Checker.kt:14886)
  at com.xemantic.typescript.compiler.Checker.walkExprForDelete(Checker.kt:14886)
  at com.xemantic.typescript.compiler.Checker.walkExprForDelete(Checker.kt:14886)
  at com.xemantic.typescript.compiler.Checker.walkExprForDelete(Checker.kt:14886)
  at com.xemantic.typescript.compiler.Checker.walkExprForDelete(Checker.kt:14886)
  at com.xemantic.typescript.compiler.Checker.walkExprForDelete(Checker.kt:14886)
  at com.xemantic.typescript.compiler.Checker.walkExprForDelete(Checker.kt:14886)
  at com.xemantic.typescript.compiler.Checker.walkExprForDelete(Checker.kt:14886)
  at com.xemantic.typescript.compiler.Checker.walkExprForDelete(Checker.kt:14886)
  at com.xemantic.typescript.compiler.Checker.walkExprForDelete(Checker.kt:14886)
  at com.xemantic.typescript.compiler.Checker.walkExprForDelete(Checker.kt:14886)
  at com.xemantic.typescript.compiler.Checker.walkExprForDelete(Checker.kt:14886)
  at com.xemantic.typescript.compiler.Checker.walkExprForDelete(Checker.kt:14886)
  at com.xemantic.typescript.compiler.Checker.walkExprForDelete(Checker.kt:14886)
  at com.xemantic.typescript.compiler.Checker.walkExprForDelete(Checker.kt:14886)
  at com.xemantic.typescript.compiler.Checker.walkExprForDelete(Checker.kt:14886)
  at com.xemantic.typescript.compiler.Checker.walkExprForDelete(Checker.kt:14886)
  at com.xemantic.typescript.compiler.Checker.walkExprForDelete(Checker.kt:14886)
  at com.xemantic.typescript.compiler.Checker.walkExprForDelete(Checker.kt:14886)
  at com.xemantic.typescript.compiler.Checker.walkExprForDelete(Checker.kt:14886)
  at com.xemantic.typescript.compiler.Checker.walkExprForDelete(Checker.kt:14886)
  at com.xemantic.typescript.compiler.Checker.walkExprForDelete(Checker.kt:14886)
  at com.xemantic.typescript.compiler.Checker.walkExprForDelete(Checker.kt:14886)
  at com.xemantic.typescript.compiler.Checker.walkExprForDelete(Checker.kt:14886)
  at com.xemantic.typescript.compiler.Checker.walkExprForDelete(Checker.kt:14886)
  at com.xemantic.typescript.compiler.Checker.walkExprForDelete(Checker.kt:14886)
  at com.xemantic.typescript.compiler.Checker.walkExprForDelete(Checker.kt:14886)
  at com.xemantic.typescript.compiler.Checker.walkExprForDelete(Checker.kt:14886)
  at com.xemantic.typescript.compiler.Checker.walkExprForDelete(Checker.kt:14886)
  at com.xemantic.typescript.compiler.Checker.walkExprForDelete(Checker.kt:14886)
  at com.xemantic.typescript.compiler.Checker.walkExprForDelete(Checker.kt:14886)
  at com.xemantic.typescript.compiler.Checker.walkExprForDelete(Checker.kt:14886)
  at com.xemantic.typescript.compiler.Checker.walkExprForDelete(Checker.kt:14886)
  at com.xemantic.typescript.compiler.Checker.walkExprForDelete(Checker.kt:14886)
  at com.xemantic.typescript.compiler.Checker.walkExprForDelete(Checker.kt:14886)
  at com.xemantic.typescript.compiler.Checker.walkExprForDelete(Checker.kt:14886)
  at com.xemantic.typescript.compiler.Checker.walkExprForDelete(Checker.kt:14886)
  at com.xemantic.typescript.compiler.Checker.walkExprForDelete(Checker.kt:14886)
  at com.xemantic.typescript.compiler.Checker.walkExprForDelete(Checker.kt:14886)
  at com.xemantic.typescript.compiler.Checker.walkExprForDelete(Checker.kt:14886)
  at com.xemantic.typescript.compiler.Checker.walkExprForDelete(Checker.kt:14886)
  at com.xemantic.typescript.compiler.Checker.walkExprForDelete(Checker.kt:14886)
  at com.xemantic.typescript.compiler.Checker.walkExprForDelete(Checker.kt:14886)
  at com.xemantic.typescript.compiler.Checker.walkExprForDelete(Checker.kt:14886)
  at com.xemantic.typescript.compiler.Checker.walkExprForDelete(Checker.kt:14886)
  at com.xemantic.typescript.compiler.Checker.walkExprForDelete(Checker.kt:14886)
  at com.xemantic.typescript.compiler.Checker.walkExprForDelete(Checker.kt:14886)
  at com.xemantic.typescript.compiler.Checker.walkExprForDelete(Checker.kt:14886)
  at com.xemantic.typescript.compiler.Checker.walkExprForDelete(Checker.kt:14886)
  at com.xemantic.typescript.compiler.Checker.walkExprForDelete(Checker.kt:14886)
  at com.xemantic.typescript.compiler.Checker.walkExprForDelete(Checker.kt:14886)
  at com.xemantic.typescript.compiler.Checker.walkExprForDelete(Checker.kt:14886)
  at com.xemantic.typescript.compiler.Checker.walkExprForDelete(Checker.kt:14886)
  at com.xemantic.typescript.compiler.Checker.walkExprForDelete(Checker.kt:14886)
  at com.xemantic.typescript.compiler.Checker.walkExprForDelete(Checker.kt:14886)
  at com.xemantic.typescript.compiler.Checker.walkExprForDelete(Checker.kt:14886)
  at com.xemantic.typescript.compiler.Checker.walkExprForDelete(Checker.kt:14886)
  at com.xemantic.typescript.compiler.Checker.walkExprForDelete(Checker.kt:14886)
  at com.xemantic.typescript.compiler.Checker.walkExprForDelete(Checker.kt:14886)
  at com.xemantic.typescript.compiler.Checker.walkExprForDelete(Checker.kt:14886)
  at com.xemantic.typescript.compiler.Checker.walkExprForDelete(Checker.kt:14886)
  at com.xemantic.typescript.compiler.Checker.walkExprForDelete(Checker.kt:14886)
  at com.xemantic.typescript.compiler.Checker.walkExprForDelete(Checker.kt:14886)
  at com.xemantic.typescript.compiler.Checker.walkExprForDelete(Checker.kt:14886)
  at com.xemantic.typescript.compiler.Checker.walkExprForDelete(Checker.kt:14886)
  at com.xemantic.typescript.compiler.Checker.walkExprForDelete(Checker.kt:14886)
  at com.xemantic.typescript.compiler.Checker.walkExprForDelete(Checker.kt:14886)
  at com.xemantic.typescript.compiler.Checker.walkExprForDelete(Checker.kt:14886)
  at com.xemantic.typescript.compiler.Checker.walkExprForDelete(Checker.kt:14886)
  at com.xemantic.typescript.compiler.Checker.walkExprForDelete(Checker.kt:14886)
  at com.xemantic.typescript.compiler.Checker.walkExprForDelete(Checker.kt:14886)
  at com.xemantic.typescript.compiler.Checker.walkExprForDelete(Checker.kt:14886)
  at com.xemantic.typescript.compiler.Checker.walkExprForDelete(Checker.kt:14886)
  at com.xemantic.typescript.compiler.Checker.walkExprForDelete(Checker.kt:14886)
  at com.xemantic.typescript.compiler.Checker.walkExprForDelete(Checker.kt:14886)
  at com.xemantic.typescript.compiler.Checker.walkExprForDelete(Checker.kt:14886)
  at com.xemantic.typescript.compiler.Checker.walkExprForDelete(Checker.kt:14886)
  at com.xemantic.typescript.compiler.Checker.walkExprForDelete(Checker.kt:14886)
  at com.xemantic.typescript.compiler.Checker.walkExprForDelete(Checker.kt:14886)
  at com.xemantic.typescript.compiler.Checker.walkExprForDelete(Checker.kt:14886)
  at com.xemantic.typescript.compiler.Checker.walkExprForDelete(Checker.kt:14886)
  at com.xemantic.typescript.compiler.Checker.walkExprForDelete(Checker.kt:14886)
  at com.xemantic.typescript.compiler.Checker.walkExprForDelete(Checker.kt:14886)
  at com.xemantic.typescript.compiler.Checker.walkExprForDelete(Checker.kt:14886)
  at com.xemantic.typescript.compiler.Checker.walkExprForDelete(Checker.kt:14886)
  at com.xemantic.typescript.compiler.Checker.walkExprForDelete(Checker.kt:14886)
  at com.xemantic.typescript.compiler.Checker.walkExprForDelete(Checker.kt:14886)
  at com.xemantic.typescript.compiler.Checker.walkExprForDelete(Checker.kt:14886)
  at com.xemantic.typescript.compiler.Checker.walkExprForDelete(Checker.kt:14886)
  at com.xemantic.typescript.compiler.Checker.walkExprForDelete(Checker.kt:14886)
  at com.xemantic.typescript.compiler.Checker.walkExprForDelete(Checker.kt:14886)
  at com.xemantic.typescript.compiler.Checker.walkExprForDelete(Checker.kt:14886)
  at com.xemantic.typescript.compiler.Checker.walkExprForDelete(Checker.kt:14886)
  at com.xemantic.typescript.compiler.Checker.walkExprForDelete(Checker.kt:14886)
  at com.xemantic.typescript.compiler.Checker.walkExprForDelete(Checker.kt:14886)
  at com.xemantic.typescript.compiler.Checker.walkExprForDelete(Checker.kt:14886)
  at com.xemantic.typescript.compiler.Checker.walkExprForDelete(Checker.kt:14886)
  at com.xemantic.typescript.compiler.Checker.walkExprForDelete(Checker.kt:14886)
  at com.xemantic.typescript.compiler.Checker.walkExprForDelete(Checker.kt:14886)
  at com.xemantic.typescript.compiler.Checker.walkExprForDelete(Checker.kt:14886)
  at com.xemantic.typescript.compiler.Checker.walkExprForDelete(Checker.kt:14886)
  at com.xemantic.typescript.compiler.Checker.walkExprForDelete(Checker.kt:14886)
  at com.xemantic.typescript.compiler.Checker.walkExprForDelete(Checker.kt:14886)
  at com.xemantic.typescript.compiler.Checker.walkExprForDelete(Checker.kt:14886)
  at com.xemantic.typescript.compiler.Checker.walkExprForDelete(Checker.kt:14886)
  at com.xemantic.typescript.compiler.Checker.walkExprForDelete(Checker.kt:14886)
  at com.xemantic.typescript.compiler.Checker.walkExprForDelete(Checker.kt:14886)
  at com.xemantic.typescript.compiler.Checker.walkExprForDelete(Checker.kt:14886)
  at com.xemantic.typescript.compiler.Checker.walkExprForDelete(Checker.kt:14886)
  at com.xemantic.typescript.compiler.Checker.walkExprForDelete(Checker.kt:14886)
  at com.xemantic.typescript.compiler.Checker.walkExprForDelete(Checker.kt:14886)
  at com.xemantic.typescript.compiler.Checker.walkExprForDelete(Checker.kt:14886)
  at com.xemantic.typescript.compiler.Checker.walkExprForDelete(Checker.kt:14886)
  at com.xemantic.typescript.compiler.Checker.walkExprForDelete(Checker.kt:14886)
  at com.xemantic.typescript.compiler.Checker.walkExprForDelete(Checker.kt:14886)
  at com.xemantic.typescript.compiler.Checker.walkExprForDelete(Checker.kt:14886)
  at com.xemantic.typescript.compiler.Checker.walkExprForDelete(Checker.kt:14886)
  at com.xemantic.typescript.compiler.Checker.walkExprForDelete(Checker.kt:14886)
  at com.xemantic.typescript.compiler.Checker.walkExprForDelete(Checker.kt:14886)
  at com.xemantic.typescript.compiler.Checker.walkExprForDelete(Checker.kt:14886)
  at com.xemantic.typescript.compiler.Checker.walkExprForDelete(Checker.kt:14886)
  at com.xemantic.typescript.compiler.Checker.walkExprForDelete(Checker.kt:14886)
  at com.xemantic.typescript.compiler.Checker.walkExprForDelete(Checker.kt:14886)
  at com.xemantic.typescript.compiler.Checker.walkExprForDelete(Checker.kt:14886)
  at com.xemantic.typescript.compiler.Checker.walkExprForDelete(Checker.kt:14886)
  at com.xemantic.typescript.compiler.Checker.walkExprForDelete(Checker.kt:14886)
  at com.xemantic.typescript.compiler.Checker.walkExprForDelete(Checker.kt:14886)
  at com.xemantic.typescript.compiler.Checker.walkExprForDelete(Checker.kt:14886)
  at com.xemantic.typescript.compiler.Checker.walkExprForDelete(Checker.kt:14886)
  at com.xemantic.typescript.compiler.Checker.walkExprForDelete(Checker.kt:14886)
  at com.xemantic.typescript.compiler.Checker.walkExprForDelete(Checker.kt:14886)
  at com.xemantic.typescript.compiler.Checker.walkExprForDelete(Checker.kt:14886)
  at com.xemantic.typescript.compiler.Checker.walkExprForDelete(Checker.kt:14886)
  at com.xemantic.typescript.compiler.Checker.walkExprForDelete(Checker.kt:14886)
  at com.xemantic.typescript.compiler.Checker.walkExprForDelete(Checker.kt:14886)
  at com.xemantic.typescript.compiler.Checker.walkExprForDelete(Checker.kt:14886)
  at com.xemantic.typescript.compiler.Checker.walkExprForDelete(Checker.kt:14886)
  at com.xemantic.typescript.compiler.Checker.walkExprForDelete(Checker.kt:14886)
  at com.xemantic.typescript.compiler.Checker.walkExprForDelete(Checker.kt:14886)
  at com.xemantic.typescript.compiler.Checker.walkExprForDelete(Checker.kt:14886)
  at com.xemantic.typescript.compiler.Checker.walkExprForDelete(Checker.kt:14886)
  at com.xemantic.typescript.compiler.Checker.walkExprForDelete(Checker.kt:14886)
  at com.xemantic.typescript.compiler.Checker.walkExprForDelete(Checker.kt:14886)
  at com.xemantic.typescript.compiler.Checker.walkExprForDelete(Checker.kt:14886)
  at com.xemantic.typescript.compiler.Checker.walkExprForDelete(Checker.kt:14886)
  at com.xemantic.typescript.compiler.Checker.walkExprForDelete(Checker.kt:14886)
  at com.xemantic.typescript.compiler.Checker.walkExprForDelete(Checker.kt:14886)
  at com.xemantic.typescript.compiler.Checker.walkExprForDelete(Checker.kt:14886)
  at com.xemantic.typescript.compiler.Checker.walkExprForDelete(Checker.kt:14886)
  at com.xemantic.typescript.compiler.Checker.walkExprForDelete(Checker.kt:14886)
  at com.xemantic.typescript.compiler.Checker.walkExprForDelete(Checker.kt:14886)
  at com.xemantic.typescript.compiler.Checker.walkExprForDelete(Checker.kt:14886)
  at com.xemantic.typescript.compiler.Checker.walkExprForDelete(Checker.kt:14886)
  at com.xemantic.typescript.compiler.Checker.walkExprForDelete(Checker.kt:14886)
  at com.xemantic.typescript.compiler.Checker.walkExprForDelete(Checker.kt:14886)
  at com.xemantic.typescript.compiler.Checker.walkExprForDelete(Checker.kt:14886)
  at com.xemantic.typescript.compiler.Checker.walkExprForDelete(Checker.kt:14886)
  at com.xemantic.typescript.compiler.Checker.walkExprForDelete(Checker.kt:14886)
  at com.xemantic.typescript.compiler.Checker.walkExprForDelete(Checker.kt:14886)
  at com.xemantic.typescript.compiler.Checker.walkExprForDelete(Checker.kt:14886)
  at com.xemantic.typescript.compiler.Checker.walkExprForDelete(Checker.kt:14886)
  at com.xemantic.typescript.compiler.Checker.walkExprForDelete(Checker.kt:14886)
  at com.xemantic.typescript.compiler.Checker.walkExprForDelete(Checker.kt:14886)
  at com.xemantic.typescript.compiler.Checker.walkExprForDelete(Checker.kt:14886)
  at com.xemantic.typescript.compiler.Checker.walkExprForDelete(Checker.kt:14886)
  at com.xemantic.typescript.compiler.Checker.walkExprForDelete(Checker.kt:14886)
  at com.xemantic.typescript.compiler.Checker.walkExprForDelete(Checker.kt:14886)
  at com.xemantic.typescript.compiler.Checker.walkExprForDelete(Checker.kt:14886)
  at com.xemantic.typescript.compiler.Checker.walkExprForDelete(Checker.kt:14886)
  at com.xemantic.typescript.compiler.Checker.walkExprForDelete(Checker.kt:14886)
  at com.xemantic.typescript.compiler.Checker.walkExprForDelete(Checker.kt:14886)
  at com.xemantic.typescript.compiler.Checker.walkExprForDelete(Checker.kt:14886)
  at com.xemantic.typescript.compiler.Checker.walkExprForDelete(Checker.kt:14886)
  at com.xemantic.typescript.compiler.Checker.walkExprForDelete(Checker.kt:14886)
  at com.xemantic.typescript.compiler.Checker.walkExprForDelete(Checker.kt:14886)
  at com.xemantic.typescript.compiler.Checker.walkExprForDelete(Checker.kt:14886)
  at com.xemantic.typescript.compiler.Checker.walkExprForDelete(Checker.kt:14886)
  at com.xemantic.typescript.compiler.Checker.walkExprForDelete(Checker.kt:14886)
  at com.xemantic.typescript.compiler.Checker.walkExprForDelete(Checker.kt:14886)
  at com.xemantic.typescript.compiler.Checker.walkExprForDelete(Checker.kt:14886)
  at com.xemantic.typescript.compiler.Checker.walkExprForDelete(Checker.kt:14886)
  at com.xemantic.typescript.compiler.Checker.walkExprForDelete(Checker.kt:14886)
  at com.xemantic.typescript.compiler.Checker.walkExprForDelete(Checker.kt:14886)
  at com.xemantic.typescript.compiler.Checker.walkExprForDelete(Checker.kt:14886)
  at com.xemantic.typescript.compiler.Checker.walkExprForDelete(Checker.kt:14886)
  at com.xemantic.typescript.compiler.Checker.walkExprForDelete(Checker.kt:14886)
  at com.xemantic.typescript.compiler.Checker.walkExprForDelete(Checker.kt:14886)
  at com.xemantic.typescript.compiler.Checker.walkExprForDelete(Checker.kt:14886)
  at com.xemantic.typescript.compiler.Checker.walkExprForDelete(Checker.kt:14886)
  at com.xemantic.typescript.compiler.Checker.walkExprForDelete(Checker.kt:14886)
  at com.xemantic.typescript.compiler.Checker.walkExprForDelete(Checker.kt:14886)
  at com.xemantic.typescript.compiler.Checker.walkExprForDelete(Checker.kt:14886)
  at com.xemantic.typescript.compiler.Checker.walkExprForDelete(Checker.kt:14886)
  at com.xemantic.typescript.compiler.Checker.walkExprForDelete(Checker.kt:14886)
  at com.xemantic.typescript.compiler.Checker.walkExprForDelete(Checker.kt:14886)
  at com.xemantic.typescript.compiler.Checker.walkExprForDelete(Checker.kt:14886)
  at com.xemantic.typescript.compiler.Checker.walkExprForDelete(Checker.kt:14886)
  at com.xemantic.typescript.compiler.Checker.walkExprForDelete(Checker.kt:14886)
  at com.xemantic.typescript.compiler.Checker.walkExprForDelete(Checker.kt:14886)
  at com.xemantic.typescript.compiler.Checker.walkExprForDelete(Checker.kt:14886)
  at com.xemantic.typescript.compiler.Checker.walkExprForDelete(Checker.kt:14886)
  at com.xemantic.typescript.compiler.Checker.walkExprForDelete(Checker.kt:14886)
  at com.xemantic.typescript.compiler.Checker.walkExprForDelete(Checker.kt:14886)
  at com.xemantic.typescript.compiler.Checker.walkExprForDelete(Checker.kt:14886)
  at com.xemantic.typescript.compiler.Checker.walkExprForDelete(Checker.kt:14886)
  at com.xemantic.typescript.compiler.Checker.walkExprForDelete(Checker.kt:14886)
  at com.xemantic.typescript.compiler.Checker.walkExprForDelete(Checker.kt:14886)
  at com.xemantic.typescript.compiler.Checker.walkExprForDelete(Checker.kt:14886)
  at com.xemantic.typescript.compiler.Checker.walkExprForDelete(Checker.kt:14886)
  at com.xemantic.typescript.compiler.Checker.walkExprForDelete(Checker.kt:14886)
  at com.xemantic.typescript.compiler.Checker.walkExprForDelete(Checker.kt:14886)
  at com.xemantic.typescript.compiler.Checker.walkExprForDelete(Checker.kt:14886)
  at com.xemantic.typescript.compiler.Checker.walkExprForDelete(Checker.kt:14886)
  at com.xemantic.typescript.compiler.Checker.walkExprForDelete(Checker.kt:14886)
  at com.xemantic.typescript.compiler.Checker.walkExprForDelete(Checker.kt:14886)
  at com.xemantic.typescript.compiler.Checker.walkExprForDelete(Checker.kt:14886)
  at com.xemantic.typescript.compiler.Checker.walkExprForDelete(Checker.kt:14886)
  at com.xemantic.typescript.compiler.Checker.walkExprForDelete(Checker.kt:14886)
  at com.xemantic.typescript.compiler.Checker.walkExprForDelete(Checker.kt:14886)
  at com.xemantic.typescript.compiler.Checker.walkExprForDelete(Checker.kt:14886)
  at com.xemantic.typescript.compiler.Checker.walkExprForDelete(Checker.kt:14886)
  at com.xemantic.typescript.compiler.Checker.walkExprForDelete(Checker.kt:14886)
  at com.xemantic.typescript.compiler.Checker.walkExprForDelete(Checker.kt:14886)
  at com.xemantic.typescript.compiler.Checker.walkExprForDelete(Checker.kt:14886)
  at com.xemantic.typescript.compiler.Checker.walkExprForDelete(Checker.kt:14886)
  at com.xemantic.typescript.compiler.Checker.walkExprForDelete(Checker.kt:14886)
  at com.xemantic.typescript.compiler.Checker.walkExprForDelete(Checker.kt:14886)
  at com.xemantic.typescript.compiler.Checker.walkExprForDelete(Checker.kt:14886)
  at com.xemantic.typescript.compiler.Checker.walkExprForDelete(Checker.kt:14886)
  at com.xemantic.typescript.compiler.Checker.walkExprForDelete(Checker.kt:14886)
  at com.xemantic.typescript.compiler.Checker.walkExprForDelete(Checker.kt:14886)
  at com.xemantic.typescript.compiler.Checker.walkExprForDelete(Checker.kt:14886)
  at com.xemantic.typescript.compiler.Checker.walkExprForDelete(Checker.kt:14886)
  at com.xemantic.typescript.compiler.Checker.walkExprForDelete(Checker.kt:14886)
  at com.xemantic.typescript.compiler.Checker.walkExprForDelete(Checker.kt:14886)
  at com.xemantic.typescript.compiler.Checker.walkExprForDelete(Checker.kt:14886)
  at com.xemantic.typescript.compiler.Checker.walkExprForDelete(Checker.kt:14886)
  at com.xemantic.typescript.compiler.Checker.walkExprForDelete(Checker.kt:14886)
  at com.xemantic.typescript.compiler.Checker.walkExprForDelete(Checker.kt:14886)
  at com.xemantic.typescript.compiler.Checker.walkExprForDelete(Checker.kt:14886)
  at com.xemantic.typescript.compiler.Checker.walkExprForDelete(Checker.kt:14886)
  at com.xemantic.typescript.compiler.Checker.walkExprForDelete(Checker.kt:14886)
  at com.xemantic.typescript.compiler.Checker.walkExprForDelete(Checker.kt:14886)
  at com.xemantic.typescript.compiler.Checker.walkExprForDelete(Checker.kt:14886)
  at com.xemantic.typescript.compiler.Checker.walkExprForDelete(Checker.kt:14886)
  at com.xemantic.typescript.compiler.Checker.walkExprForDelete(Checker.kt:14886)
  at com.xemantic.typescript.compiler.Checker.walkExprForDelete(Checker.kt:14886)
  at com.xemantic.typescript.compiler.Checker.walkExprForDelete(Checker.kt:14886)
  at com.xemantic.typescript.compiler.Checker.walkExprForDelete(Checker.kt:14886)
  at com.xemantic.typescript.compiler.Checker.walkExprForDelete(Checker.kt:14886)
  at com.xemantic.typescript.compiler.Checker.walkExprForDelete(Checker.kt:14886)
  at com.xemantic.typescript.compiler.Checker.walkExprForDelete(Checker.kt:14886)
  at com.xemantic.typescript.compiler.Checker.walkExprForDelete(Checker.kt:14886)
  at com.xemantic.typescript.compiler.Checker.walkExprForDelete(Checker.kt:14886)
  at com.xemantic.typescript.compiler.Checker.walkExprForDelete(Checker.kt:14886)
  at com.xemantic.typescript.compiler.Checker.walkExprForDelete(Checker.kt:14886)
  at com.xemantic.typescript.compiler.Checker.walkExprForDelete(Checker.kt:14886)
  at com.xemantic.typescript.compiler.Checker.walkExprForDelete(Checker.kt:14886)
  at com.xemantic.typescript.compiler.Checker.walkExprForDelete(Checker.kt:14886)
  at com.xemantic.typescript.compiler.Checker.walkExprForDelete(Checker.kt:14886)
  at com.xemantic.typescript.compiler.Checker.walkExprForDelete(Checker.kt:14886)
  at com.xemantic.typescript.compiler.Checker.walkExprForDelete(Checker.kt:14886)
  at com.xemantic.typescript.compiler.Checker.walkExprForDelete(Checker.kt:14886)
  at com.xemantic.typescript.compiler.Checker.walkExprForDelete(Checker.kt:14886)
  at com.xemantic.typescript.compiler.Checker.walkExprForDelete(Checker.kt:14886)
  at com.xemantic.typescript.compiler.Checker.walkExprForDelete(Checker.kt:14886)
  at com.xemantic.typescript.compiler.Checker.walkExprForDelete(Checker.kt:14886)
  at com.xemantic.typescript.compiler.Checker.walkExprForDelete(Checker.kt:14886)
  at com.xemantic.typescript.compiler.Checker.walkExprForDelete(Checker.kt:14886)
  at com.xemantic.typescript.compiler.Checker.walkExprForDelete(Checker.kt:14886)
  at com.xemantic.typescript.compiler.Checker.walkExprForDelete(Checker.kt:14886)
  at com.xemantic.typescript.compiler.Checker.walkExprForDelete(Checker.kt:14886)
  at com.xemantic.typescript.compiler.Checker.walkExprForDelete(Checker.kt:14886)
  at com.xemantic.typescript.compiler.Checker.walkExprForDelete(Checker.kt:14886)
  at com.xemantic.typescript.compiler.Checker.walkExprForDelete(Checker.kt:14886)
  at com.xemantic.typescript.compiler.Checker.walkExprForDelete(Checker.kt:14886)
  at com.xemantic.typescript.compiler.Checker.walkExprForDelete(Checker.kt:14886)
  at com.xemantic.typescript.compiler.Checker.walkExprForDelete(Checker.kt:14886)
  at com.xemantic.typescript.compiler.Checker.walkExprForDelete(Checker.kt:14886)
  at com.xemantic.typescript.compiler.Checker.walkExprForDelete(Checker.kt:14886)
  at com.xemantic.typescript.compiler.Checker.walkExprForDelete(Checker.kt:14886)
  at com.xemantic.typescript.compiler.Checker.walkExprForDelete(Checker.kt:14886)
  at com.xemantic.typescript.compiler.Checker.walkExprForDelete(Checker.kt:14886)
  at com.xemantic.typescript.compiler.Checker.walkExprForDelete(Checker.kt:14886)
  at com.xemantic.typescript.compiler.Checker.walkExprForDelete(Checker.kt:14886)
  at com.xemantic.typescript.compiler.Checker.walkExprForDelete(Checker.kt:14886)
  at com.xemantic.typescript.compiler.Checker.walkExprForDelete(Checker.kt:14886)
  at com.xemantic.typescript.compiler.Checker.walkExprForDelete(Checker.kt:14886)
  at com.xemantic.typescript.compiler.Checker.walkExprForDelete(Checker.kt:14886)
  at com.xemantic.typescript.compiler.Checker.walkExprForDelete(Checker.kt:14886)
  at com.xemantic.typescript.compiler.Checker.walkExprForDelete(Checker.kt:14886)
  at com.xemantic.typescript.compiler.Checker.walkExprForDelete(Checker.kt:14886)
  at com.xemantic.typescript.compiler.Checker.walkExprForDelete(Checker.kt:14886)
  at com.xemantic.typescript.compiler.Checker.walkExprForDelete(Checker.kt:14886)
  at com.xemantic.typescript.compiler.Checker.walkExprForDelete(Checker.kt:14886)
  at com.xemantic.typescript.compiler.Checker.walkExprForDelete(Checker.kt:14886)
  at com.xemantic.typescript.compiler.Checker.walkExprForDelete(Checker.kt:14886)
  at com.xemantic.typescript.compiler.Checker.walkExprForDelete(Checker.kt:14886)
  at com.xemantic.typescript.compiler.Checker.walkExprForDelete(Checker.kt:14886)
  at com.xemantic.typescript.compiler.Checker.walkExprForDelete(Checker.kt:14886)
  at com.xemantic.typescript.compiler.Checker.walkExprForDelete(Checker.kt:14886)
  at com.xemantic.typescript.compiler.Checker.walkExprForDelete(Checker.kt:14886)
  at com.xemantic.typescript.compiler.Checker.walkExprForDelete(Checker.kt:14886)
  at com.xemantic.typescript.compiler.Checker.walkExprForDelete(Checker.kt:14886)
  at com.xemantic.typescript.compiler.Checker.walkExprForDelete(Checker.kt:14886)
  at com.xemantic.typescript.compiler.Checker.walkExprForDelete(Checker.kt:14886)
  at com.xemantic.typescript.compiler.Checker.walkExprForDelete(Checker.kt:14886)
  at com.xemantic.typescript.compiler.Checker.walkExprForDelete(Checker.kt:14886)
  at com.xemantic.typescript.compiler.Checker.walkExprForDelete(Checker.kt:14886)
  at com.xemantic.typescript.compiler.Checker.walkExprForDelete(Checker.kt:14886)
  at com.xemantic.typescript.compiler.Checker.walkExprForDelete(Checker.kt:14886)
  at com.xemantic.typescript.compiler.Checker.walkExprForDelete(Checker.kt:14886)
  at com.xemantic.typescript.compiler.Checker.walkExprForDelete(Checker.kt:14886)
  at com.xemantic.typescript.compiler.Checker.walkExprForDelete(Checker.kt:14886)
  at com.xemantic.typescript.compiler.Checker.walkExprForDelete(Checker.kt:14886)
  at com.xemantic.typescript.compiler.Checker.walkExprForDelete(Checker.kt:14886)
  at com.xemantic.typescript.compiler.Checker.walkExprForDelete(Checker.kt:14886)
  at com.xemantic.typescript.compiler.Checker.walkExprForDelete(Checker.kt:14886)
  at com.xemantic.typescript.compiler.Checker.walkExprForDelete(Checker.kt:14886)
  at com.xemantic.typescript.compiler.Checker.walkExprForDelete(Checker.kt:14886)
  at com.xemantic.typescript.compiler.Checker.walkExprForDelete(Checker.kt:14886)
  at com.xemantic.typescript.compiler.Checker.walkExprForDelete(Checker.kt:14886)
  at com.xemantic.typescript.compiler.Checker.walkExprForDelete(Checker.kt:14886)
  at com.xemantic.typescript.compiler.Checker.walkExprForDelete(Checker.kt:14886)
  at com.xemantic.typescript.compiler.Checker.walkExprForDelete(Checker.kt:14886)
  at com.xemantic.typescript.compiler.Checker.walkExprForDelete(Checker.kt:14886)
  at com.xemantic.typescript.compiler.Checker.walkExprForDelete(Checker.kt:14886)
  at com.xemantic.typescript.compiler.Checker.walkExprForDelete(Checker.kt:14886)
  at com.xemantic.typescript.compiler.Checker.walkExprForDelete(Checker.kt:14886)
  at com.xemantic.typescript.compiler.Checker.walkExprForDelete(Checker.kt:14886)
  at com.xemantic.typescript.compiler.Checker.walkExprForDelete(Checker.kt:14886)
  at com.xemantic.typescript.compiler.Checker.walkExprForDelete(Checker.kt:14886)
  at com.xemantic.typescript.compiler.Checker.walkExprForDelete(Checker.kt:14886)
  at com.xemantic.typescript.compiler.Checker.walkExprForDelete(Checker.kt:14886)
  at com.xemantic.typescript.compiler.Checker.walkExprForDelete(Checker.kt:14886)
  at com.xemantic.typescript.compiler.Checker.walkExprForDelete(Checker.kt:14886)
  at com.xemantic.typescript.compiler.Checker.walkExprForDelete(Checker.kt:14886)
  at com.xemantic.typescript.compiler.Checker.walkExprForDelete(Checker.kt:14886)
  at com.xemantic.typescript.compiler.Checker.walkExprForDelete(Checker.kt:14886)
  at com.xemantic.typescript.compiler.Checker.walkExprForDelete(Checker.kt:14886)
  at com.xemantic.typescript.compiler.Checker.walkExprForDelete(Checker.kt:14886)
  at com.xemantic.typescript.compiler.Checker.walkExprForDelete(Checker.kt:14886)
  at com.xemantic.typescript.compiler.Checker.walkExprForDelete(Checker.kt:14886)
  at com.xemantic.typescript.compiler.Checker.walkExprForDelete(Checker.kt:14886)
  at com.xemantic.typescript.compiler.Checker.walkExprForDelete(Checker.kt:14886)
  at com.xemantic.typescript.compiler.Checker.walkExprForDelete(Checker.kt:14886)
  at com.xemantic.typescript.compiler.Checker.walkExprForDelete(Checker.kt:14886)
  at com.xemantic.typescript.compiler.Checker.walkExprForDelete(Checker.kt:14886)
  at com.xemantic.typescript.compiler.Checker.walkExprForDelete(Checker.kt:14886)
  at com.xemantic.typescript.compiler.Checker.walkExprForDelete(Checker.kt:14886)
  at com.xemantic.typescript.compiler.Checker.walkExprForDelete(Checker.kt:14886)
  at com.xemantic.typescript.compiler.Checker.walkExprForDelete(Checker.kt:14886)
  at com.xemantic.typescript.compiler.Checker.walkExprForDelete(Checker.kt:14886)
  at com.xemantic.typescript.compiler.Checker.walkExprForDelete(Checker.kt:14886)
  at com.xemantic.typescript.compiler.Checker.walkExprForDelete(Checker.kt:14886)
  at com.xemantic.typescript.compiler.Checker.walkExprForDelete(Checker.kt:14886)
  at com.xemantic.typescript.compiler.Checker.walkExprForDelete(Checker.kt:14886)
  at com.xemantic.typescript.compiler.Checker.walkExprForDelete(Checker.kt:14886)
  at com.xemantic.typescript.compiler.Checker.walkExprForDelete(Checker.kt:14886)
  at com.xemantic.typescript.compiler.Checker.walkExprForDelete(Checker.kt:14886)
  at com.xemantic.typescript.compiler.Checker.walkExprForDelete(Checker.kt:14886)
  at com.xemantic.typescript.compiler.Checker.walkExprForDelete(Checker.kt:14886)
  at com.xemantic.typescript.compiler.Checker.walkExprForDelete(Checker.kt:14886)
  at com.xemantic.typescript.compiler.Checker.walkExprForDelete(Checker.kt:14886)
  at com.xemantic.typescript.compiler.Checker.walkExprForDelete(Checker.kt:14886)
  at com.xemantic.typescript.compiler.Checker.walkExprForDelete(Checker.kt:14886)
  at com.xemantic.typescript.compiler.Checker.walkExprForDelete(Checker.kt:14886)
  at com.xemantic.typescript.compiler.Checker.walkExprForDelete(Checker.kt:14886)
  at com.xemantic.typescript.compiler.Checker.walkExprForDelete(Checker.kt:14886)
  at com.xemantic.typescript.compiler.Checker.walkExprForDelete(Checker.kt:14886)
  at com.xemantic.typescript.compiler.Checker.walkExprForDelete(Checker.kt:14886)
  at com.xemantic.typescript.compiler.Checker.walkExprForDelete(Checker.kt:14886)
  at com.xemantic.typescript.compiler.Checker.walkExprForDelete(Checker.kt:14886)
  at com.xemantic.typescript.compiler.Checker.walkExprForDelete(Checker.kt:14886)
  at com.xemantic.typescript.compiler.Checker.walkExprForDelete(Checker.kt:14886)
  at com.xemantic.typescript.compiler.Checker.walkExprForDelete(Checker.kt:14886)
  at com.xemantic.typescript.compiler.Checker.walkExprForDelete(Checker.kt:14886)
  at com.xemantic.typescript.compiler.Checker.walkExprForDelete(Checker.kt:14886)
  at com.xemantic.typescript.compiler.Checker.walkExprForDelete(Checker.kt:14886)
  at com.xemantic.typescript.compiler.Checker.walkExprForDelete(Checker.kt:14886)
  at com.xemantic.typescript.compiler.Checker.walkExprForDelete(Checker.kt:14886)
  at com.xemantic.typescript.compiler.Checker.walkExprForDelete(Checker.kt:14886)
  at com.xemantic.typescript.compiler.Checker.walkExprForDelete(Checker.kt:14886)
  at com.xemantic.typescript.compiler.Checker.walkExprForDelete(Checker.kt:14886)
  at com.xemantic.typescript.compiler.Checker.walkExprForDelete(Checker.kt:14886)
  at com.xemantic.typescript.compiler.Checker.walkExprForDelete(Checker.kt:14886)
  at com.xemantic.typescript.compiler.Checker.walkExprForDelete(Checker.kt:14886)
  at com.xemantic.typescript.compiler.Checker.walkExprForDelete(Checker.kt:14886)
  at com.xemantic.typescript.compiler.Checker.walkExprForDelete(Checker.kt:14886)
  at com.xemantic.typescript.compiler.Checker.walkExprForDelete(Checker.kt:14886)
  at com.xemantic.typescript.compiler.Checker.walkExprForDelete(Checker.kt:14886)
  at com.xemantic.typescript.compiler.Checker.walkExprForDelete(Checker.kt:14886)
  at com.xemantic.typescript.compiler.Checker.walkExprForDelete(Checker.kt:14886)
  at com.xemantic.typescript.compiler.Checker.walkExprForDelete(Checker.kt:14886)
  at com.xemantic.typescript.compiler.Checker.walkExprForDelete(Checker.kt:14886)
  at com.xemantic.typescript.compiler.Checker.walkExprForDelete(Checker.kt:14886)
  at com.xemantic.typescript.compiler.Checker.walkExprForDelete(Checker.kt:14886)
  at com.xemantic.typescript.compiler.Checker.walkExprForDelete(Checker.kt:14886)
  at com.xemantic.typescript.compiler.Checker.walkExprForDelete(Checker.kt:14886)
  at com.xemantic.typescript.compiler.Checker.walkExprForDelete(Checker.kt:14886)
  at com.xemantic.typescript.compiler.Checker.walkExprForDelete(Checker.kt:14886)
  at com.xemantic.typescript.compiler.Checker.walkExprForDelete(Checker.kt:14886)
  at com.xemantic.typescript.compiler.Checker.walkExprForDelete(Checker.kt:14886)
  at com.xemantic.typescript.compiler.Checker.walkExprForDelete(Checker.kt:14886)
  at com.xemantic.typescript.compiler.Checker.walkExprForDelete(Checker.kt:14886)
  at com.xemantic.typescript.compiler.Checker.walkExprForDelete(Checker.kt:14886)
  at com.xemantic.typescript.compiler.Checker.walkExprForDelete(Checker.kt:14886)
  at com.xemantic.typescript.compiler.Checker.walkExprForDelete(Checker.kt:14886)
  at com.xemantic.typescript.compiler.Checker.walkExprForDelete(Checker.kt:14886)
  at com.xemantic.typescript.compiler.Checker.walkExprForDelete(Checker.kt:14886)
  at com.xemantic.typescript.compiler.Checker.walkExprForDelete(Checker.kt:14886)
  at com.xemantic.typescript.compiler.Checker.walkExprForDelete(Checker.kt:14886)
  at com.xemantic.typescript.compiler.Checker.walkExprForDelete(Checker.kt:14886)
  at com.xemantic.typescript.compiler.Checker.walkExprForDelete(Checker.kt:14886)
  at com.xemantic.typescript.compiler.Checker.walkExprForDelete(Checker.kt:14886)
  at com.xemantic.typescript.compiler.Checker.walkExprForDelete(Checker.kt:14886)
  at com.xemantic.typescript.compiler.Checker.walkExprForDelete(Checker.kt:14886)
  at com.xemantic.typescript.compiler.Checker.walkExprForDelete(Checker.kt:14886)
  at com.xemantic.typescript.compiler.Checker.walkExprForDelete(Checker.kt:14886)
  at com.xemantic.typescript.compiler.Checker.walkExprForDelete(Checker.kt:14886)
  at com.xemantic.typescript.compiler.Checker.walkExprForDelete(Checker.kt:14886)
  at com.xemantic.typescript.compiler.Checker.walkExprForDelete(Checker.kt:14886)
  at com.xemantic.typescript.compiler.Checker.walkExprForDelete(Checker.kt:14886)
  at com.xemantic.typescript.compiler.Checker.walkExprForDelete(Checker.kt:14886)
  at com.xemantic.typescript.compiler.Checker.walkExprForDelete(Checker.kt:14886)
  at com.xemantic.typescript.compiler.Checker.walkExprForDelete(Checker.kt:14886)
  at com.xemantic.typescript.compiler.Checker.walkExprForDelete(Checker.kt:14886)
  at com.xemantic.typescript.compiler.Checker.walkExprForDelete(Checker.kt:14886)
  at com.xemantic.typescript.compiler.Checker.walkExprForDelete(Checker.kt:14886)
  at com.xemantic.typescript.compiler.Checker.walkExprForDelete(Checker.kt:14886)
  at com.xemantic.typescript.compiler.Checker.walkExprForDelete(Checker.kt:14886)
  at com.xemantic.typescript.compiler.Checker.walkExprForDelete(Checker.kt:14886)
  at com.xemantic.typescript.compiler.Checker.walkExprForDelete(Checker.kt:14886)
  at com.xemantic.typescript.compiler.Checker.walkExprForDelete(Checker.kt:14886)
  at com.xemantic.typescript.compiler.Checker.walkExprForDelete(Checker.kt:14886)
  at com.xemantic.typescript.compiler.Checker.walkExprForDelete(Checker.kt:14886)
  at com.xemantic.typescript.compiler.Checker.walkExprForDelete(Checker.kt:14886)
  at com.xemantic.typescript.compiler.Checker.walkExprForDelete(Checker.kt:14886)
  at com.xemantic.typescript.compiler.Checker.walkExprForDelete(Checker.kt:14886)
  at com.xemantic.typescript.compiler.Checker.walkExprForDelete(Checker.kt:14886)
  at com.xemantic.typescript.compiler.Checker.walkExprForDelete(Checker.kt:14886)
  at com.xemantic.typescript.compiler.Checker.walkExprForDelete(Checker.kt:14886)
  at com.xemantic.typescript.compiler.Checker.walkExprForDelete(Checker.kt:14886)
  at com.xemantic.typescript.compiler.Checker.walkExprForDelete(Checker.kt:14886)
  at com.xemantic.typescript.compiler.Checker.walkExprForDelete(Checker.kt:14886)
  at com.xemantic.typescript.compiler.Checker.walkExprForDelete(Checker.kt:14886)
  at com.xemantic.typescript.compiler.Checker.walkExprForDelete(Checker.kt:14886)
  at com.xemantic.typescript.compiler.Checker.walkExprForDelete(Checker.kt:14886)
  at com.xemantic.typescript.compiler.Checker.walkExprForDelete(Checker.kt:14886)
  at com.xemantic.typescript.compiler.Checker.walkExprForDelete(Checker.kt:14886)
  at com.xemantic.typescript.compiler.Checker.walkExprForDelete(Checker.kt:14886)
  at com.xemantic.typescript.compiler.Checker.walkExprForDelete(Checker.kt:14886)
  at com.xemantic.typescript.compiler.Checker.walkExprForDelete(Checker.kt:14886)
  at com.xemantic.typescript.compiler.Checker.walkExprForDelete(Checker.kt:14886)
  at com.xemantic.typescript.compiler.Checker.walkExprForDelete(Checker.kt:14886)
  at com.xemantic.typescript.compiler.Checker.walkExprForDelete(Checker.kt:14886)
  at com.xemantic.typescript.compiler.Checker.walkExprForDelete(Checker.kt:14886)
  at com.xemantic.typescript.compiler.Checker.walkExprForDelete(Checker.kt:14886)
  at com.xemantic.typescript.compiler.Checker.walkExprForDelete(Checker.kt:14886)
  at com.xemantic.typescript.compiler.Checker.walkExprForDelete(Checker.kt:14886)
  at com.xemantic.typescript.compiler.Checker.walkExprForDelete(Checker.kt:14886)
  at com.xemantic.typescript.compiler.Checker.walkExprForDelete(Checker.kt:14886)
  at com.xemantic.typescript.compiler.Checker.walkExprForDelete(Checker.kt:14886)
  at com.xemantic.typescript.compiler.Checker.walkExprForDelete(Checker.kt:14886)
  at com.xemantic.typescript.compiler.Checker.walkExprForDelete(Checker.kt:14886)
  at com.xemantic.typescript.compiler.Checker.walkExprForDelete(Checker.kt:14886)
  at com.xemantic.typescript.compiler.Checker.walkExprForDelete(Checker.kt:14886)
  at com.xemantic.typescript.compiler.Checker.walkExprForDelete(Checker.kt:14886)
  at com.xemantic.typescript.compiler.Checker.walkExprForDelete(Checker.kt:14886)
  at com.xemantic.typescript.compiler.Checker.walkExprForDelete(Checker.kt:14886)
  at com.xemantic.typescript.compiler.Checker.walkExprForDelete(Checker.kt:14886)
  at com.xemantic.typescript.compiler.Checker.walkExprForDelete(Checker.kt:14886)
  at com.xemantic.typescript.compiler.Checker.walkExprForDelete(Checker.kt:14886)
  at com.xemantic.typescript.compiler.Checker.walkExprForDelete(Checker.kt:14886)
  at com.xemantic.typescript.compiler.Checker.walkExprForDelete(Checker.kt:14886)
  at com.xemantic.typescript.compiler.Checker.walkExprForDelete(Checker.kt:14886)
  at com.xemantic.typescript.compiler.Checker.walkExprForDelete(Checker.kt:14886)
  at com.xemantic.typescript.compiler.Checker.walkExprForDelete(Checker.kt:14886)
  at com.xemantic.typescript.compiler.Checker.walkExprForDelete(Checker.kt:14886)
  at com.xemantic.typescript.compiler.Checker.walkExprForDelete(Checker.kt:14886)
  at com.xemantic.typescript.compiler.Checker.walkExprForDelete(Checker.kt:14886)
  at com.xemantic.typescript.compiler.Checker.walkExprForDelete(Checker.kt:14886)
  at com.xemantic.typescript.compiler.Checker.walkExprForDelete(Checker.kt:14886)
  at com.xemantic.typescript.compiler.Checker.walkExprForDelete(Checker.kt:14886)
  at com.xemantic.typescript.compiler.Checker.walkExprForDelete(Checker.kt:14886)
  at com.xemantic.typescript.compiler.Checker.walkExprForDelete(Checker.kt:14886)
  at com.xemantic.typescript.compiler.Checker.walkExprForDelete(Checker.kt:14886)
  at com.xemantic.typescript.compiler.Checker.walkExprForDelete(Checker.kt:14886)
  at com.xemantic.typescript.compiler.Checker.walkExprForDelete(Checker.kt:14886)
  at com.xemantic.typescript.compiler.Checker.walkExprForDelete(Checker.kt:14886)
  at com.xemantic.typescript.compiler.Checker.walkExprForDelete(Checker.kt:14886)
  at com.xemantic.typescript.compiler.Checker.walkExprForDelete(Checker.kt:14886)
  at com.xemantic.typescript.compiler.Checker.walkExprForDelete(Checker.kt:14886)
  at com.xemantic.typescript.compiler.Checker.walkExprForDelete(Checker.kt:14886)
  at com.xemantic.typescript.compiler.Checker.walkExprForDelete(Checker.kt:14886)
  at com.xemantic.typescript.compiler.Checker.walkExprForDelete(Checker.kt:14886)
  at com.xemantic.typescript.compiler.Checker.walkExprForDelete(Checker.kt:14886)
  at com.xemantic.typescript.compiler.Checker.walkExprForDelete(Checker.kt:14886)
  at com.xemantic.typescript.compiler.Checker.walkExprForDelete(Checker.kt:14886)
  at com.xemantic.typescript.compiler.Checker.walkExprForDelete(Checker.kt:14886)
  at com.xemantic.typescript.compiler.Checker.walkExprForDelete(Checker.kt:14886)
  at com.xemantic.typescript.compiler.Checker.walkExprForDelete(Checker.kt:14886)
  at com.xemantic.typescript.compiler.Checker.walkExprForDelete(Checker.kt:14886)
  at com.xemantic.typescript.compiler.Checker.walkExprForDelete(Checker.kt:14886)
  at com.xemantic.typescript.compiler.Checker.walkExprForDelete(Checker.kt:14886)
  at com.xemantic.typescript.compiler.Checker.walkExprForDelete(Checker.kt:14886)
  at com.xemantic.typescript.compiler.Checker.walkExprForDelete(Checker.kt:14886)
  at com.xemantic.typescript.compiler.Checker.walkExprForDelete(Checker.kt:14886)
  at com.xemantic.typescript.compiler.Checker.walkExprForDelete(Checker.kt:14886)
  at com.xemantic.typescript.compiler.Checker.walkExprForDelete(Checker.kt:14886)
  at com.xemantic.typescript.compiler.Checker.walkExprForDelete(Checker.kt:14886)
  at com.xemantic.typescript.compiler.Checker.walkExprForDelete(Checker.kt:14886)
  at com.xemantic.typescript.compiler.Checker.walkExprForDelete(Checker.kt:14886)
  at com.xemantic.typescript.compiler.Checker.walkExprForDelete(Checker.kt:14886)
  at com.xemantic.typescript.compiler.Checker.walkExprForDelete(Checker.kt:14886)
  at com.xemantic.typescript.compiler.Checker.walkExprForDelete(Checker.kt:14886)
  at com.xemantic.typescript.compiler.Checker.walkExprForDelete(Checker.kt:14886)
  at com.xemantic.typescript.compiler.Checker.walkExprForDelete(Checker.kt:14886)
  at com.xemantic.typescript.compiler.Checker.walkExprForDelete(Checker.kt:14886)
  at com.xemantic.typescript.compiler.Checker.walkExprForDelete(Checker.kt:14886)
  at com.xemantic.typescript.compiler.Checker.walkExprForDelete(Checker.kt:14886)
  at com.xemantic.typescript.compiler.Checker.walkExprForDelete(Checker.kt:14886)
  at com.xemantic.typescript.compiler.Checker.walkExprForDelete(Checker.kt:14886)
  at com.xemantic.typescript.compiler.Checker.walkExprForDelete(Checker.kt:14886)
  at com.xemantic.typescript.compiler.Checker.walkExprForDelete(Checker.kt:14886)
  at com.xemantic.typescript.compiler.Checker.walkExprForDelete(Checker.kt:14886)
  at com.xemantic.typescript.compiler.Checker.walkExprForDelete(Checker.kt:14886)
  at com.xemantic.typescript.compiler.Checker.walkExprForDelete(Checker.kt:14886)
  at com.xemantic.typescript.compiler.Checker.walkExprForDelete(Checker.kt:14886)
  at com.xemantic.typescript.compiler.Checker.walkExprForDelete(Checker.kt:14886)
  at com.xemantic.typescript.compiler.Checker.walkExprForDelete(Checker.kt:14886)
  at com.xemantic.typescript.compiler.Checker.walkExprForDelete(Checker.kt:14886)
  at com.xemantic.typescript.compiler.Checker.walkExprForDelete(Checker.kt:14886)
  at com.xemantic.typescript.compiler.Checker.walkExprForDelete(Checker.kt:14886)
  at com.xemantic.typescript.compiler.Checker.walkExprForDelete(Checker.kt:14886)
  at com.xemantic.typescript.compiler.Checker.walkExprForDelete(Checker.kt:14886)
  at com.xemantic.typescript.compiler.Checker.walkExprForDelete(Checker.kt:14886)
  at com.xemantic.typescript.compiler.Checker.walkExprForDelete(Checker.kt:14886)
  at com.xemantic.typescript.compiler.Checker.walkExprForDelete(Checker.kt:14886)
  at com.xemantic.typescript.compiler.Checker.walkExprForDelete(Checker.kt:14886)
  at com.xemantic.typescript.compiler.Checker.walkExprForDelete(Checker.kt:14886)
  at com.xemantic.typescript.compiler.Checker.walkExprForDelete(Checker.kt:14886)
  at com.xemantic.typescript.compiler.Checker.walkExprForDelete(Checker.kt:14886)
  at com.xemantic.typescript.compiler.Checker.walkExprForDelete(Checker.kt:14886)
</stacktrace>
</test-failure>


TypeScriptCompilerTests_B[jvm] > binderBinaryExpressionStress_ts compiles to JavaScript matching binderBinaryExpressionStress_js[jvm] FAILED

<test-failure test="com.xemantic.typescript.compiler.TypeScriptCompilerTests_B.bindingPatternOmittedExpressionNesting_ts compiles to JavaScript matching bindingPatternOmittedExpressionNesting_js" platform="jvm">
<message>
--- expected
+++ actual
@@ -5,6 +5,6 @@
 
 //// [bindingPatternOmittedExpressionNesting.js]
 "use strict";
-var _a, _b, _c, _d;
+var _a;
 Object.defineProperty(exports, "__esModule", { value: true });
-_a = undefined, _b = _a[2], _c = _b[1], _d = _b[3];
+_a = undefined;

</message>
<stacktrace>
  at org.junit.Assert.fail(Assert.java:89)
  at kotlin.test.junit.JUnitAsserter.fail(JUnitSupport.kt:56)
  at kotlin.test.AssertionsKt__AssertionsKt.fail(Assertions.kt:563)
  at kotlin.test.AssertionsKt.fail(Unknown Source)
  at com.xemantic.kotlin.test.SameAsKt.sameAs(SameAs.kt:52)
  at com.xemantic.typescript.compiler.TypeScriptTestSupportKt.sameAs(TypeScriptTestSupport.kt:99)
  at com.xemantic.typescript.compiler.TypeScriptCompilerTests_B.bindingPatternOmittedExpressionNesting_ts compiles to JavaScript matching bindingPatternOmittedExpressionNesting_js(TypeScriptCompilerTests_B.kt:546)
  at java.base/jdk.internal.reflect.DirectMethodHandleAccessor.invoke(DirectMethodHandleAccessor.java:104)
  at java.base/java.lang.reflect.Method.invoke(Method.java:565)
  at org.junit.runners.model.FrameworkMethod$1.runReflectiveCall(FrameworkMethod.java:59)
  at org.junit.internal.runners.model.ReflectiveCallable.run(ReflectiveCallable.java:12)
  at org.junit.runners.model.FrameworkMethod.invokeExplosively(FrameworkMethod.java:56)
  at org.junit.internal.runners.statements.InvokeMethod.evaluate(InvokeMethod.java:17)
  at org.junit.runners.ParentRunner$3.evaluate(ParentRunner.java:306)
  at org.junit.runners.BlockJUnit4ClassRunner$1.evaluate(BlockJUnit4ClassRunner.java:100)
  at org.junit.runners.ParentRunner.runLeaf(ParentRunner.java:366)
  at org.junit.runners.BlockJUnit4ClassRunner.runChild(BlockJUnit4ClassRunner.java:103)
  at org.junit.runners.BlockJUnit4ClassRunner.runChild(BlockJUnit4ClassRunner.java:63)
  at org.junit.runners.ParentRunner$4.run(ParentRunner.java:331)
  at org.junit.runners.ParentRunner$1.schedule(ParentRunner.java:79)
  at org.junit.runners.ParentRunner.runChildren(ParentRunner.java:329)
  at org.junit.runners.ParentRunner.access$100(ParentRunner.java:66)
  at org.junit.runners.ParentRunner$2.evaluate(ParentRunner.java:293)
  at org.junit.runners.ParentRunner$3.evaluate(ParentRunner.java:306)
  at org.junit.runners.ParentRunner.run(ParentRunner.java:413)
  at org.junit.runner.JUnitCore.run(JUnitCore.java:137)
  at org.junit.runner.JUnitCore.run(JUnitCore.java:115)
  at org.gradle.api.internal.tasks.testing.junit.JUnitTestExecutor.runRequest(JUnitTestExecutor.java:175)
  at org.gradle.api.internal.tasks.testing.junit.JUnitTestExecutor.accept(JUnitTestExecutor.java:84)
  at org.gradle.api.internal.tasks.testing.junit.JUnitTestExecutor.accept(JUnitTestExecutor.java:47)
  at org.gradle.api.internal.tasks.testing.junit.AbstractJUnitTestDefinitionProcessor.processTestDefinition(AbstractJUnitTestDefinitionProcessor.java:65)
  at org.gradle.api.internal.tasks.testing.SuiteTestDefinitionProcessor.processTestDefinition(SuiteTestDefinitionProcessor.java:54)
  at java.base/jdk.internal.reflect.DirectMethodHandleAccessor.invoke(DirectMethodHandleAccessor.java:104)
  at java.base/java.lang.reflect.Method.invoke(Method.java:565)
  at org.gradle.internal.dispatch.MethodInvocation.invokeOn(MethodInvocation.java:77)
  at org.gradle.internal.dispatch.ReflectionDispatch.dispatch(ReflectionDispatch.java:28)
  at org.gradle.internal.dispatch.ReflectionDispatch.dispatch(ReflectionDispatch.java:19)
  at org.gradle.internal.dispatch.ContextClassLoaderDispatch.dispatch(ContextClassLoaderDispatch.java:33)
  at org.gradle.internal.dispatch.ProxyDispatchAdapter$DispatchingInvocationHandler.invoke(ProxyDispatchAdapter.java:88)
  at jdk.proxy1/jdk.proxy1.$Proxy4.processTestDefinition(Unknown Source)
  at org.gradle.api.internal.tasks.testing.worker.TestWorker$2.run(TestWorker.java:178)
  at org.gradle.api.internal.tasks.testing.worker.TestWorker.executeAndMaintainThreadName(TestWorker.java:126)
  at org.gradle.api.internal.tasks.testing.worker.TestWorker.execute(TestWorker.java:103)
  at org.gradle.api.internal.tasks.testing.worker.TestWorker.execute(TestWorker.java:63)
  at org.gradle.process.internal.worker.child.ActionExecutionWorker.execute(ActionExecutionWorker.java:56)
  at org.gradle.process.internal.worker.child.SystemApplicationClassLoaderWorker.call(SystemApplicationClassLoaderWorker.java:122)
  at org.gradle.process.internal.worker.child.SystemApplicationClassLoaderWorker.call(SystemApplicationClassLoaderWorker.java:72)
  at worker.org.gradle.process.internal.worker.GradleWorkerMain.run(GradleWorkerMain.java:69)
  at worker.org.gradle.process.internal.worker.GradleWorkerMain.main(GradleWorkerMain.java:74)
</stacktrace>
</test-failure>


TypeScriptCompilerTests_B[jvm] > bindingPatternOmittedExpressionNesting_ts compiles to JavaScript matching bindingPatternOmittedExpressionNesting_js[jvm] FAILED

<test-failure test="com.xemantic.typescript.compiler.TypeScriptCompilerTests_B.bigintWithoutLib_ts__target_es2015__has expected errors matching baseline" platform="jvm">
<message>
Expected diagnostics from baseline typescript-repo/tests/baselines/reference/bigintWithoutLib(target=es2015).errors.txt but none produced
</message>
<stacktrace>
  at com.xemantic.typescript.compiler.TypeScriptTestSupportKt.errorsMatchBaseline(TypeScriptTestSupport.kt:125)
  at com.xemantic.typescript.compiler.TypeScriptCompilerTests_B.bigintWithoutLib_ts__target_es2015__has expected errors matching baseline(TypeScriptCompilerTests_B.kt:420)
  at java.base/jdk.internal.reflect.DirectMethodHandleAccessor.invoke(DirectMethodHandleAccessor.java:104)
  at java.base/java.lang.reflect.Method.invoke(Method.java:565)
  at org.junit.runners.model.FrameworkMethod$1.runReflectiveCall(FrameworkMethod.java:59)
  at org.junit.internal.runners.model.ReflectiveCallable.run(ReflectiveCallable.java:12)
  at org.junit.runners.model.FrameworkMethod.invokeExplosively(FrameworkMethod.java:56)
  at org.junit.internal.runners.statements.InvokeMethod.evaluate(InvokeMethod.java:17)
  at org.junit.runners.ParentRunner$3.evaluate(ParentRunner.java:306)
  at org.junit.runners.BlockJUnit4ClassRunner$1.evaluate(BlockJUnit4ClassRunner.java:100)
  at org.junit.runners.ParentRunner.runLeaf(ParentRunner.java:366)
  at org.junit.runners.BlockJUnit4ClassRunner.runChild(BlockJUnit4ClassRunner.java:103)
  at org.junit.runners.BlockJUnit4ClassRunner.runChild(BlockJUnit4ClassRunner.java:63)
  at org.junit.runners.ParentRunner$4.run(ParentRunner.java:331)
  at org.junit.runners.ParentRunner$1.schedule(ParentRunner.java:79)
  at org.junit.runners.ParentRunner.runChildren(ParentRunner.java:329)
  at org.junit.runners.ParentRunner.access$100(ParentRunner.java:66)
  at org.junit.runners.ParentRunner$2.evaluate(ParentRunner.java:293)
  at org.junit.runners.ParentRunner$3.evaluate(ParentRunner.java:306)
  at org.junit.runners.ParentRunner.run(ParentRunner.java:413)
  at org.junit.runner.JUnitCore.run(JUnitCore.java:137)
  at org.junit.runner.JUnitCore.run(JUnitCore.java:115)
  at org.gradle.api.internal.tasks.testing.junit.JUnitTestExecutor.runRequest(JUnitTestExecutor.java:175)
  at org.gradle.api.internal.tasks.testing.junit.JUnitTestExecutor.accept(JUnitTestExecutor.java:84)
  at org.gradle.api.internal.tasks.testing.junit.JUnitTestExecutor.accept(JUnitTestExecutor.java:47)
  at org.gradle.api.internal.tasks.testing.junit.AbstractJUnitTestDefinitionProcessor.processTestDefinition(AbstractJUnitTestDefinitionProcessor.java:65)
  at org.gradle.api.internal.tasks.testing.SuiteTestDefinitionProcessor.processTestDefinition(SuiteTestDefinitionProcessor.java:54)
  at java.base/jdk.internal.reflect.DirectMethodHandleAccessor.invoke(DirectMethodHandleAccessor.java:104)
  at java.base/java.lang.reflect.Method.invoke(Method.java:565)
  at org.gradle.internal.dispatch.MethodInvocation.invokeOn(MethodInvocation.java:77)
  at org.gradle.internal.dispatch.ReflectionDispatch.dispatch(ReflectionDispatch.java:28)
  at org.gradle.internal.dispatch.ReflectionDispatch.dispatch(ReflectionDispatch.java:19)
  at org.gradle.internal.dispatch.ContextClassLoaderDispatch.dispatch(ContextClassLoaderDispatch.java:33)
  at org.gradle.internal.dispatch.ProxyDispatchAdapter$DispatchingInvocationHandler.invoke(ProxyDispatchAdapter.java:88)
  at jdk.proxy1/jdk.proxy1.$Proxy4.processTestDefinition(Unknown Source)
  at org.gradle.api.internal.tasks.testing.worker.TestWorker$2.run(TestWorker.java:178)
  at org.gradle.api.internal.tasks.testing.worker.TestWorker.executeAndMaintainThreadName(TestWorker.java:126)
  at org.gradle.api.internal.tasks.testing.worker.TestWorker.execute(TestWorker.java:103)
  at org.gradle.api.internal.tasks.testing.worker.TestWorker.execute(TestWorker.java:63)
  at org.gradle.process.internal.worker.child.ActionExecutionWorker.execute(ActionExecutionWorker.java:56)
  at org.gradle.process.internal.worker.child.SystemApplicationClassLoaderWorker.call(SystemApplicationClassLoaderWorker.java:122)
  at org.gradle.process.internal.worker.child.SystemApplicationClassLoaderWorker.call(SystemApplicationClassLoaderWorker.java:72)
  at worker.org.gradle.process.internal.worker.GradleWorkerMain.run(GradleWorkerMain.java:69)
  at worker.org.gradle.process.internal.worker.GradleWorkerMain.main(GradleWorkerMain.java:74)
</stacktrace>
</test-failure>


TypeScriptCompilerTests_B[jvm] > bigintWithoutLib_ts__target_es2015__has expected errors matching baseline[jvm] FAILED

<test-failure test="com.xemantic.typescript.compiler.TypeScriptCompilerTests_B.bitwiseCompoundAssignmentOperators_ts has expected errors matching bitwiseCompoundAssignmentOperators_errors_txt" platform="jvm">
<message>
Expected diagnostics from baseline typescript-repo/tests/baselines/reference/bitwiseCompoundAssignmentOperators.errors.txt but none produced
</message>
<stacktrace>
  at com.xemantic.typescript.compiler.TypeScriptTestSupportKt.errorsMatchBaseline(TypeScriptTestSupport.kt:125)
  at com.xemantic.typescript.compiler.TypeScriptCompilerTests_B.bitwiseCompoundAssignmentOperators_ts has expected errors matching bitwiseCompoundAssignmentOperators_errors_txt(TypeScriptCompilerTests_B.kt:567)
  at java.base/jdk.internal.reflect.DirectMethodHandleAccessor.invoke(DirectMethodHandleAccessor.java:104)
  at java.base/java.lang.reflect.Method.invoke(Method.java:565)
  at org.junit.runners.model.FrameworkMethod$1.runReflectiveCall(FrameworkMethod.java:59)
  at org.junit.internal.runners.model.ReflectiveCallable.run(ReflectiveCallable.java:12)
  at org.junit.runners.model.FrameworkMethod.invokeExplosively(FrameworkMethod.java:56)
  at org.junit.internal.runners.statements.InvokeMethod.evaluate(InvokeMethod.java:17)
  at org.junit.runners.ParentRunner$3.evaluate(ParentRunner.java:306)
  at org.junit.runners.BlockJUnit4ClassRunner$1.evaluate(BlockJUnit4ClassRunner.java:100)
  at org.junit.runners.ParentRunner.runLeaf(ParentRunner.java:366)
  at org.junit.runners.BlockJUnit4ClassRunner.runChild(BlockJUnit4ClassRunner.java:103)
  at org.junit.runners.BlockJUnit4ClassRunner.runChild(BlockJUnit4ClassRunner.java:63)
  at org.junit.runners.ParentRunner$4.run(ParentRunner.java:331)
  at org.junit.runners.ParentRunner$1.schedule(ParentRunner.java:79)
  at org.junit.runners.ParentRunner.runChildren(ParentRunner.java:329)
  at org.junit.runners.ParentRunner.access$100(ParentRunner.java:66)
  at org.junit.runners.ParentRunner$2.evaluate(ParentRunner.java:293)
  at org.junit.runners.ParentRunner$3.evaluate(ParentRunner.java:306)
  at org.junit.runners.ParentRunner.run(ParentRunner.java:413)
  at org.junit.runner.JUnitCore.run(JUnitCore.java:137)
  at org.junit.runner.JUnitCore.run(JUnitCore.java:115)
  at org.gradle.api.internal.tasks.testing.junit.JUnitTestExecutor.runRequest(JUnitTestExecutor.java:175)
  at org.gradle.api.internal.tasks.testing.junit.JUnitTestExecutor.accept(JUnitTestExecutor.java:84)
  at org.gradle.api.internal.tasks.testing.junit.JUnitTestExecutor.accept(JUnitTestExecutor.java:47)
  at org.gradle.api.internal.tasks.testing.junit.AbstractJUnitTestDefinitionProcessor.processTestDefinition(AbstractJUnitTestDefinitionProcessor.java:65)
  at org.gradle.api.internal.tasks.testing.SuiteTestDefinitionProcessor.processTestDefinition(SuiteTestDefinitionProcessor.java:54)
  at java.base/jdk.internal.reflect.DirectMethodHandleAccessor.invoke(DirectMethodHandleAccessor.java:104)
  at java.base/java.lang.reflect.Method.invoke(Method.java:565)
  at org.gradle.internal.dispatch.MethodInvocation.invokeOn(MethodInvocation.java:77)
  at org.gradle.internal.dispatch.ReflectionDispatch.dispatch(ReflectionDispatch.java:28)
  at org.gradle.internal.dispatch.ReflectionDispatch.dispatch(ReflectionDispatch.java:19)
  at org.gradle.internal.dispatch.ContextClassLoaderDispatch.dispatch(ContextClassLoaderDispatch.java:33)
  at org.gradle.internal.dispatch.ProxyDispatchAdapter$DispatchingInvocationHandler.invoke(ProxyDispatchAdapter.java:88)
  at jdk.proxy1/jdk.proxy1.$Proxy4.processTestDefinition(Unknown Source)
  at org.gradle.api.internal.tasks.testing.worker.TestWorker$2.run(TestWorker.java:178)
  at org.gradle.api.internal.tasks.testing.worker.TestWorker.executeAndMaintainThreadName(TestWorker.java:126)
  at org.gradle.api.internal.tasks.testing.worker.TestWorker.execute(TestWorker.java:103)
  at org.gradle.api.internal.tasks.testing.worker.TestWorker.execute(TestWorker.java:63)
  at org.gradle.process.internal.worker.child.ActionExecutionWorker.execute(ActionExecutionWorker.java:56)
  at org.gradle.process.internal.worker.child.SystemApplicationClassLoaderWorker.call(SystemApplicationClassLoaderWorker.java:122)
  at org.gradle.process.internal.worker.child.SystemApplicationClassLoaderWorker.call(SystemApplicationClassLoaderWorker.java:72)
  at worker.org.gradle.process.internal.worker.GradleWorkerMain.run(GradleWorkerMain.java:69)
  at worker.org.gradle.process.internal.worker.GradleWorkerMain.main(GradleWorkerMain.java:74)
</stacktrace>
</test-failure>


TypeScriptCompilerTests_B[jvm] > bitwiseCompoundAssignmentOperators_ts has expected errors matching bitwiseCompoundAssignmentOperators_errors_txt[jvm] FAILED

<test-failure test="com.xemantic.typescript.compiler.TypeScriptCompilerTests_C.controlFlowAliasedDiscriminants_ts has expected errors matching controlFlowAliasedDiscriminants_errors_txt" platform="jvm">
<message>
Expected diagnostics from baseline typescript-repo/tests/baselines/reference/controlFlowAliasedDiscriminants.errors.txt but none produced
</message>
<stacktrace>
  at com.xemantic.typescript.compiler.TypeScriptTestSupportKt.errorsMatchBaseline(TypeScriptTestSupport.kt:125)
  at com.xemantic.typescript.compiler.TypeScriptCompilerTests_C.controlFlowAliasedDiscriminants_ts has expected errors matching controlFlowAliasedDiscriminants_errors_txt(TypeScriptCompilerTests_C.kt:8302)
  at java.base/jdk.internal.reflect.DirectMethodHandleAccessor.invoke(DirectMethodHandleAccessor.java:104)
  at java.base/java.lang.reflect.Method.invoke(Method.java:565)
  at org.junit.runners.model.FrameworkMethod$1.runReflectiveCall(FrameworkMethod.java:59)
  at org.junit.internal.runners.model.ReflectiveCallable.run(ReflectiveCallable.java:12)
  at org.junit.runners.model.FrameworkMethod.invokeExplosively(FrameworkMethod.java:56)
  at org.junit.internal.runners.statements.InvokeMethod.evaluate(InvokeMethod.java:17)
  at org.junit.runners.ParentRunner$3.evaluate(ParentRunner.java:306)
  at org.junit.runners.BlockJUnit4ClassRunner$1.evaluate(BlockJUnit4ClassRunner.java:100)
  at org.junit.runners.ParentRunner.runLeaf(ParentRunner.java:366)
  at org.junit.runners.BlockJUnit4ClassRunner.runChild(BlockJUnit4ClassRunner.java:103)
  at org.junit.runners.BlockJUnit4ClassRunner.runChild(BlockJUnit4ClassRunner.java:63)
  at org.junit.runners.ParentRunner$4.run(ParentRunner.java:331)
  at org.junit.runners.ParentRunner$1.schedule(ParentRunner.java:79)
  at org.junit.runners.ParentRunner.runChildren(ParentRunner.java:329)
  at org.junit.runners.ParentRunner.access$100(ParentRunner.java:66)
  at org.junit.runners.ParentRunner$2.evaluate(ParentRunner.java:293)
  at org.junit.runners.ParentRunner$3.evaluate(ParentRunner.java:306)
  at org.junit.runners.ParentRunner.run(ParentRunner.java:413)
  at org.junit.runner.JUnitCore.run(JUnitCore.java:137)
  at org.junit.runner.JUnitCore.run(JUnitCore.java:115)
  at org.gradle.api.internal.tasks.testing.junit.JUnitTestExecutor.runRequest(JUnitTestExecutor.java:175)
  at org.gradle.api.internal.tasks.testing.junit.JUnitTestExecutor.accept(JUnitTestExecutor.java:84)
  at org.gradle.api.internal.tasks.testing.junit.JUnitTestExecutor.accept(JUnitTestExecutor.java:47)
  at org.gradle.api.internal.tasks.testing.junit.AbstractJUnitTestDefinitionProcessor.processTestDefinition(AbstractJUnitTestDefinitionProcessor.java:65)
  at org.gradle.api.internal.tasks.testing.SuiteTestDefinitionProcessor.processTestDefinition(SuiteTestDefinitionProcessor.java:54)
  at java.base/jdk.internal.reflect.DirectMethodHandleAccessor.invoke(DirectMethodHandleAccessor.java:104)
  at java.base/java.lang.reflect.Method.invoke(Method.java:565)
  at org.gradle.internal.dispatch.MethodInvocation.invokeOn(MethodInvocation.java:77)
  at org.gradle.internal.dispatch.ReflectionDispatch.dispatch(ReflectionDispatch.java:28)
  at org.gradle.internal.dispatch.ReflectionDispatch.dispatch(ReflectionDispatch.java:19)
  at org.gradle.internal.dispatch.ContextClassLoaderDispatch.dispatch(ContextClassLoaderDispatch.java:33)
  at org.gradle.internal.dispatch.ProxyDispatchAdapter$DispatchingInvocationHandler.invoke(ProxyDispatchAdapter.java:88)
  at jdk.proxy1/jdk.proxy1.$Proxy4.processTestDefinition(Unknown Source)
  at org.gradle.api.internal.tasks.testing.worker.TestWorker$2.run(TestWorker.java:178)
  at org.gradle.api.internal.tasks.testing.worker.TestWorker.executeAndMaintainThreadName(TestWorker.java:126)
  at org.gradle.api.internal.tasks.testing.worker.TestWorker.execute(TestWorker.java:103)
  at org.gradle.api.internal.tasks.testing.worker.TestWorker.execute(TestWorker.java:63)
  at org.gradle.process.internal.worker.child.ActionExecutionWorker.execute(ActionExecutionWorker.java:56)
  at org.gradle.process.internal.worker.child.SystemApplicationClassLoaderWorker.call(SystemApplicationClassLoaderWorker.java:122)
  at org.gradle.process.internal.worker.child.SystemApplicationClassLoaderWorker.call(SystemApplicationClassLoaderWorker.java:72)
  at worker.org.gradle.process.internal.worker.GradleWorkerMain.run(GradleWorkerMain.java:69)
  at worker.org.gradle.process.internal.worker.GradleWorkerMain.main(GradleWorkerMain.java:74)
</stacktrace>
</test-failure>


TypeScriptCompilerTests_C[jvm] > controlFlowAliasedDiscriminants_ts has expected errors matching controlFlowAliasedDiscriminants_errors_txt[jvm] FAILED

<test-failure test="com.xemantic.typescript.compiler.TypeScriptCompilerTests_C.checkInheritedProperty_ts has expected errors matching checkInheritedProperty_errors_txt" platform="jvm">
<message>
Expected diagnostics from baseline typescript-repo/tests/baselines/reference/checkInheritedProperty.errors.txt but none produced
</message>
<stacktrace>
  at com.xemantic.typescript.compiler.TypeScriptTestSupportKt.errorsMatchBaseline(TypeScriptTestSupport.kt:125)
  at com.xemantic.typescript.compiler.TypeScriptCompilerTests_C.checkInheritedProperty_ts has expected errors matching checkInheritedProperty_errors_txt(TypeScriptCompilerTests_C.kt:1190)
  at java.base/jdk.internal.reflect.DirectMethodHandleAccessor.invoke(DirectMethodHandleAccessor.java:104)
  at java.base/java.lang.reflect.Method.invoke(Method.java:565)
  at org.junit.runners.model.FrameworkMethod$1.runReflectiveCall(FrameworkMethod.java:59)
  at org.junit.internal.runners.model.ReflectiveCallable.run(ReflectiveCallable.java:12)
  at org.junit.runners.model.FrameworkMethod.invokeExplosively(FrameworkMethod.java:56)
  at org.junit.internal.runners.statements.InvokeMethod.evaluate(InvokeMethod.java:17)
  at org.junit.runners.ParentRunner$3.evaluate(ParentRunner.java:306)
  at org.junit.runners.BlockJUnit4ClassRunner$1.evaluate(BlockJUnit4ClassRunner.java:100)
  at org.junit.runners.ParentRunner.runLeaf(ParentRunner.java:366)
  at org.junit.runners.BlockJUnit4ClassRunner.runChild(BlockJUnit4ClassRunner.java:103)
  at org.junit.runners.BlockJUnit4ClassRunner.runChild(BlockJUnit4ClassRunner.java:63)
  at org.junit.runners.ParentRunner$4.run(ParentRunner.java:331)
  at org.junit.runners.ParentRunner$1.schedule(ParentRunner.java:79)
  at org.junit.runners.ParentRunner.runChildren(ParentRunner.java:329)
  at org.junit.runners.ParentRunner.access$100(ParentRunner.java:66)
  at org.junit.runners.ParentRunner$2.evaluate(ParentRunner.java:293)
  at org.junit.runners.ParentRunner$3.evaluate(ParentRunner.java:306)
  at org.junit.runners.ParentRunner.run(ParentRunner.java:413)
  at org.junit.runner.JUnitCore.run(JUnitCore.java:137)
  at org.junit.runner.JUnitCore.run(JUnitCore.java:115)
  at org.gradle.api.internal.tasks.testing.junit.JUnitTestExecutor.runRequest(JUnitTestExecutor.java:175)
  at org.gradle.api.internal.tasks.testing.junit.JUnitTestExecutor.accept(JUnitTestExecutor.java:84)
  at org.gradle.api.internal.tasks.testing.junit.JUnitTestExecutor.accept(JUnitTestExecutor.java:47)
  at org.gradle.api.internal.tasks.testing.junit.AbstractJUnitTestDefinitionProcessor.processTestDefinition(AbstractJUnitTestDefinitionProcessor.java:65)
  at org.gradle.api.internal.tasks.testing.SuiteTestDefinitionProcessor.processTestDefinition(SuiteTestDefinitionProcessor.java:54)
  at java.base/jdk.internal.reflect.DirectMethodHandleAccessor.invoke(DirectMethodHandleAccessor.java:104)
  at java.base/java.lang.reflect.Method.invoke(Method.java:565)
  at org.gradle.internal.dispatch.MethodInvocation.invokeOn(MethodInvocation.java:77)
  at org.gradle.internal.dispatch.ReflectionDispatch.dispatch(ReflectionDispatch.java:28)
  at org.gradle.internal.dispatch.ReflectionDispatch.dispatch(ReflectionDispatch.java:19)
  at org.gradle.internal.dispatch.ContextClassLoaderDispatch.dispatch(ContextClassLoaderDispatch.java:33)
  at org.gradle.internal.dispatch.ProxyDispatchAdapter$DispatchingInvocationHandler.invoke(ProxyDispatchAdapter.java:88)
  at jdk.proxy1/jdk.proxy1.$Proxy4.processTestDefinition(Unknown Source)
  at org.gradle.api.internal.tasks.testing.worker.TestWorker$2.run(TestWorker.java:178)
  at org.gradle.api.internal.tasks.testing.worker.TestWorker.executeAndMaintainThreadName(TestWorker.java:126)
  at org.gradle.api.internal.tasks.testing.worker.TestWorker.execute(TestWorker.java:103)
  at org.gradle.api.internal.tasks.testing.worker.TestWorker.execute(TestWorker.java:63)
  at org.gradle.process.internal.worker.child.ActionExecutionWorker.execute(ActionExecutionWorker.java:56)
  at org.gradle.process.internal.worker.child.SystemApplicationClassLoaderWorker.call(SystemApplicationClassLoaderWorker.java:122)
  at org.gradle.process.internal.worker.child.SystemApplicationClassLoaderWorker.call(SystemApplicationClassLoaderWorker.java:72)
  at worker.org.gradle.process.internal.worker.GradleWorkerMain.run(GradleWorkerMain.java:69)
  at worker.org.gradle.process.internal.worker.GradleWorkerMain.main(GradleWorkerMain.java:74)
</stacktrace>
</test-failure>


TypeScriptCompilerTests_C[jvm] > checkInheritedProperty_ts has expected errors matching checkInheritedProperty_errors_txt[jvm] FAILED

<test-failure test="com.xemantic.typescript.compiler.TypeScriptCompilerTests_C.constructorWithIncompleteTypeAnnotation_ts has expected errors matching constructorWithIncompleteTypeAnnotation_errors_txt" platform="jvm">
<message>
--- expected
+++ actual
@@ -1,91 +1,51 @@
-error TS-1: Pre-emit (93) and post-emit (94) diagnostic counts do not match! This can indicate that a semantic _error_ was added by the emit resolver - such an error may not be reflected on the command line or in the editor, but may be captured in a baseline here!
-constructorWithIncompleteTypeAnnotation.ts(11,13): error TS2503: Cannot find namespace 'module'.
-constructorWithIncompleteTypeAnnotation.ts(11,13): error TS2591: Cannot find name 'module'. Do you need to install type definitions for node? Try `npm i --save-dev @types/node` and then add 'node' to the types field in your tsconfig.
-constructorWithIncompleteTypeAnnotation.ts(11,19): error TS1005: ';' expected.
-constructorWithIncompleteTypeAnnotation.ts(22,35): error TS1005: ')' expected.
-constructorWithIncompleteTypeAnnotation.ts(22,39): error TS2363: The right-hand side of an arithmetic operation must be of type 'any', 'number', 'bigint' or an enum type.
-constructorWithIncompleteTypeAnnotation.ts(24,28): error TS1005: ':' expected.
-constructorWithIncompleteTypeAnnotation.ts(24,29): error TS1005: ',' expected.
-constructorWithIncompleteTypeAnnotation.ts(27,18): error TS1128: Declaration or statement expected.
-constructorWithIncompleteTypeAnnotation.ts(27,26): error TS2304: Cannot find name 'bfs'.
-constructorWithIncompleteTypeAnnotation.ts(28,17): error TS7010: 'if', which lacks return-type annotation, implicitly has an 'any' return type.
-constructorWithIncompleteTypeAnnotation.ts(28,21): error TS7006: Parameter 'retValue' implicitly has an 'any' type.
-constructorWithIncompleteTypeAnnotation.ts(28,30): error TS1005: ',' expected.
-constructorWithIncompleteTypeAnnotation.ts(28,34): error TS1005: ';' expected.
+constructorWithIncompleteTypeAnnotation.ts(24,28): error TS1005: ')' expected.
+constructorWithIncompleteTypeAnnotation.ts(24,28): error TS1005: '}' expected.
+constructorWithIncompleteTypeAnnotation.ts(27,24): error TS1109: Expression expected.
 constructorWithIncompleteTypeAnnotation.ts(31,18): error TS1109: Expression expected.
-constructorWithIncompleteTypeAnnotation.ts(34,17): error TS2304: Cannot find name 'retValue'.
-constructorWithIncompleteTypeAnnotation.ts(34,26): error TS1005: ';' expected.
-constructorWithIncompleteTypeAnnotation.ts(34,28): error TS2304: Cannot find name 'bfs'.
-constructorWithIncompleteTypeAnnotation.ts(35,21): error TS2304: Cannot find name 'retValue'.
 constructorWithIncompleteTypeAnnotation.ts(38,17): error TS1109: Expression expected.
-constructorWithIncompleteTypeAnnotation.ts(40,17): error TS2304: Cannot find name 'retValue'.
-constructorWithIncompleteTypeAnnotation.ts(40,28): error TS2304: Cannot find name 'bfs'.
-constructorWithIncompleteTypeAnnotation.ts(40,41): error TS1005: ';' expected.
-constructorWithIncompleteTypeAnnotation.ts(40,45): error TS1002: Unterminated string literal.
-constructorWithIncompleteTypeAnnotation.ts(41,21): error TS2304: Cannot find name 'retValue'.
-constructorWithIncompleteTypeAnnotation.ts(46,13): error TS1005: 'try' expected.
-constructorWithIncompleteTypeAnnotation.ts(47,17): error TS2584: Cannot find name 'console'. Do you need to change your target library? Try changing the 'lib' compiler option to include 'dom'.
-constructorWithIncompleteTypeAnnotation.ts(53,13): error TS2584: Cannot find name 'console'. Do you need to change your target library? Try changing the 'lib' compiler option to include 'dom'.
-constructorWithIncompleteTypeAnnotation.ts(58,5): error TS1128: Declaration or statement expected.
-constructorWithIncompleteTypeAnnotation.ts(69,13): error TS1109: Expression expected.
-constructorWithIncompleteTypeAnnotation.ts(72,37): error TS1127: Invalid character.
-constructorWithIncompleteTypeAnnotation.ts(81,13): error TS1109: Expression expected.
-constructorWithIncompleteTypeAnnotation.ts(83,66): error TS7006: Parameter 'x' implicitly has an 'any' type.
-constructorWithIncompleteTypeAnnotation.ts(89,23): error TS2364: The left-hand side of an assignment expression must be a variable or a property access.
-constructorWithIncompleteTypeAnnotation.ts(90,13): error TS1109: Expression expected.
+constructorWithIncompleteTypeAnnotation.ts(46,20): error TS2304: Cannot find name 'e'.
+constructorWithIncompleteTypeAnnotation.ts(47,29): error TS2304: Cannot find name 'e'.
+constructorWithIncompleteTypeAnnotation.ts(69,17): error TS1005: ',' expected.
+constructorWithIncompleteTypeAnnotation.ts(81,17): error TS1005: ',' expected.
+constructorWithIncompleteTypeAnnotation.ts(90,17): error TS1005: ',' expected.
+constructorWithIncompleteTypeAnnotation.ts(94,17): error TS1213: Identifier expected. 'implements' is a reserved word in strict mode. Class definitions are automatically in strict mode.
+constructorWithIncompleteTypeAnnotation.ts(95,17): error TS1213: Identifier expected. 'interface' is a reserved word in strict mode. Class definitions are automatically in strict mode.
+constructorWithIncompleteTypeAnnotation.ts(96,17): error TS1213: Identifier expected. 'let' is a reserved word in strict mode. Class definitions are automatically in strict mode.
+constructorWithIncompleteTypeAnnotation.ts(99,17): error TS1123: Variable declaration list cannot be empty.
+constructorWithIncompleteTypeAnnotation.ts(99,17): error TS1213: Identifier expected. 'package' is a reserved word in strict mode. Class definitions are automatically in strict mode.
+constructorWithIncompleteTypeAnnotation.ts(100,17): error TS1123: Variable declaration list cannot be empty.
+constructorWithIncompleteTypeAnnotation.ts(100,17): error TS1213: Identifier expected. 'private' is a reserved word in strict mode. Class definitions are automatically in strict mode.
+constructorWithIncompleteTypeAnnotation.ts(101,17): error TS1123: Variable declaration list cannot be empty.
+constructorWithIncompleteTypeAnnotation.ts(101,17): error TS1213: Identifier expected. 'protected' is a reserved word in strict mode. Class definitions are automatically in strict mode.
+constructorWithIncompleteTypeAnnotation.ts(102,17): error TS1123: Variable declaration list cannot be empty.
+constructorWithIncompleteTypeAnnotation.ts(102,17): error TS1213: Identifier expected. 'public' is a reserved word in strict mode. Class definitions are automatically in strict mode.
+constructorWithIncompleteTypeAnnotation.ts(104,17): error TS1213: Identifier expected. 'static' is a reserved word in strict mode. Class definitions are automatically in strict mode.
 constructorWithIncompleteTypeAnnotation.ts(105,29): error TS1109: Expression expected.
-constructorWithIncompleteTypeAnnotation.ts(106,13): error TS1109: Expression expected.
-constructorWithIncompleteTypeAnnotation.ts(108,24): error TS2365: Operator '+' cannot be applied to types 'number' and 'boolean'.
-constructorWithIncompleteTypeAnnotation.ts(138,13): error TS1109: Expression expected.
-constructorWithIncompleteTypeAnnotation.ts(141,32): error TS1005: '{' expected.
-constructorWithIncompleteTypeAnnotation.ts(143,13): error TS1005: 'try' expected.
-constructorWithIncompleteTypeAnnotation.ts(159,24): error TS1109: Expression expected.
-constructorWithIncompleteTypeAnnotation.ts(159,30): error TS1005: '{' expected.
-constructorWithIncompleteTypeAnnotation.ts(159,31): error TS2304: Cannot find name 'Property'.
-constructorWithIncompleteTypeAnnotation.ts(166,13): error TS2365: Operator '+=' cannot be applied to types 'number' and 'void'.
-constructorWithIncompleteTypeAnnotation.ts(180,40): error TS2447: The '^' operator is not allowed for boolean types. Consider using '!==' instead.
-constructorWithIncompleteTypeAnnotation.ts(181,13): error TS2322: Type 'boolean' is not assignable to type 'number'.
-constructorWithIncompleteTypeAnnotation.ts(183,13): error TS2322: Type 'boolean' is not assignable to type 'number'.
-constructorWithIncompleteTypeAnnotation.ts(187,13): error TS2322: Type 'boolean' is not assignable to type 'number'.
-constructorWithIncompleteTypeAnnotation.ts(191,13): error TS2322: Type 'boolean' is not assignable to type 'number'.
+constructorWithIncompleteTypeAnnotation.ts(106,23): error TS1109: Expression expected.
+constructorWithIncompleteTypeAnnotation.ts(141,20): error TS2304: Cannot find name 'Exception'.
+constructorWithIncompleteTypeAnnotation.ts(142,13): error TS1109: Expression expected.
+constructorWithIncompleteTypeAnnotation.ts(183,24): error TS1005: ')' expected.
 constructorWithIncompleteTypeAnnotation.ts(205,28): error TS1109: Expression expected.
 constructorWithIncompleteTypeAnnotation.ts(213,16): error TS2304: Cannot find name 'bool'.
-constructorWithIncompleteTypeAnnotation.ts(218,10): error TS1068: Unexpected token. A constructor, method, accessor, or property was expected.
 constructorWithIncompleteTypeAnnotation.ts(223,23): error TS2304: Cannot find name 'bool'.
-constructorWithIncompleteTypeAnnotation.ts(227,13): error TS1109: Expression expected.
+constructorWithIncompleteTypeAnnotation.ts(223,23): error TS2366: Function lacks ending return statement and return type does not include 'undefined'.
+constructorWithIncompleteTypeAnnotation.ts(228,17): error TS1005: ':' expected.
 constructorWithIncompleteTypeAnnotation.ts(234,14): error TS1005: '{' expected.
-constructorWithIncompleteTypeAnnotation.ts(235,9): error TS1128: Declaration or statement expected.
-constructorWithIncompleteTypeAnnotation.ts(235,16): error TS2304: Cannot find name 'method1'.
-constructorWithIncompleteTypeAnnotation.ts(235,24): error TS2304: Cannot find name 'val'.
-constructorWithIncompleteTypeAnnotation.ts(235,27): error TS1005: ',' expected.
-constructorWithIncompleteTypeAnnotation.ts(235,28): error TS2693: 'number' only refers to a type, but is being used as a value here.
-constructorWithIncompleteTypeAnnotation.ts(235,36): error TS1005: ';' expected.
-constructorWithIncompleteTypeAnnotation.ts(238,9): error TS1128: Declaration or statement expected.
-constructorWithIncompleteTypeAnnotation.ts(238,16): error TS2304: Cannot find name 'method2'.
-constructorWithIncompleteTypeAnnotation.ts(238,26): error TS1005: ';' expected.
-constructorWithIncompleteTypeAnnotation.ts(241,5): error TS1128: Declaration or statement expected.
-constructorWithIncompleteTypeAnnotation.ts(246,25): error TS2551: Property 'method1' does not exist on type 'B'. Did you mean 'method2'?
 constructorWithIncompleteTypeAnnotation.ts(254,9): error TS2390: Constructor implementation is missing.
 constructorWithIncompleteTypeAnnotation.ts(254,21): error TS2369: A parameter property is only allowed in a constructor implementation.
 constructorWithIncompleteTypeAnnotation.ts(254,44): error TS2369: A parameter property is only allowed in a constructor implementation.
-constructorWithIncompleteTypeAnnotation.ts(254,69): error TS1110: Type expected.
 constructorWithIncompleteTypeAnnotation.ts(256,9): error TS1128: Declaration or statement expected.
 constructorWithIncompleteTypeAnnotation.ts(256,16): error TS2304: Cannot find name 'Overloads'.
 constructorWithIncompleteTypeAnnotation.ts(256,26): error TS2304: Cannot find name 'value'.
-constructorWithIncompleteTypeAnnotation.ts(256,31): error TS1005: ',' expected.
-constructorWithIncompleteTypeAnnotation.ts(256,33): error TS2693: 'string' only refers to a type, but is being used as a value here.
+constructorWithIncompleteTypeAnnotation.ts(256,31): error TS1005: ')' expected.
+constructorWithIncompleteTypeAnnotation.ts(256,39): error TS1109: Expression expected.
 constructorWithIncompleteTypeAnnotation.ts(257,9): error TS1128: Declaration or statement expected.
 constructorWithIncompleteTypeAnnotation.ts(257,16): error TS2304: Cannot find name 'Overloads'.
-constructorWithIncompleteTypeAnnotation.ts(257,27): error TS1135: Argument expression expected.
-constructorWithIncompleteTypeAnnotation.ts(257,33): error TS1005: '(' expected.
-constructorWithIncompleteTypeAnnotation.ts(257,35): error TS2693: 'string' only refers to a type, but is being used as a value here.
+constructorWithIncompleteTypeAnnotation.ts(257,33): error TS1005: ')' expected.
 constructorWithIncompleteTypeAnnotation.ts(257,43): error TS1109: Expression expected.
-constructorWithIncompleteTypeAnnotation.ts(257,52): error TS2693: 'string' only refers to a type, but is being used as a value here.
 constructorWithIncompleteTypeAnnotation.ts(257,59): error TS1011: An element access expression should take an argument.
-constructorWithIncompleteTypeAnnotation.ts(257,60): error TS1005: ';' expected.
+constructorWithIncompleteTypeAnnotation.ts(257,60): error TS1109: Expression expected.
 constructorWithIncompleteTypeAnnotation.ts(257,65): error TS1109: Expression expected.
-constructorWithIncompleteTypeAnnotation.ts(259,9): error TS2304: Cannot find name 'public'.
-constructorWithIncompleteTypeAnnotation.ts(259,16): error TS1005: ';' expected.
 constructorWithIncompleteTypeAnnotation.ts(259,16): error TS2304: Cannot find name 'DefaultValue'.
 constructorWithIncompleteTypeAnnotation.ts(259,29): error TS2304: Cannot find name 'value'.
 constructorWithIncompleteTypeAnnotation.ts(259,35): error TS1109: Expression expected.

Diff truncated: more than 100 lines changed

Expected: 569 lines
Actual: 435 lines

The differences are too extensive to show in unified diff format.
Consider comparing smaller sections or reviewing the strings directly.

</message>
<stacktrace>
  at org.junit.Assert.fail(Assert.java:89)
  at kotlin.test.junit.JUnitAsserter.fail(JUnitSupport.kt:56)
  at kotlin.test.AssertionsKt__AssertionsKt.fail(Assertions.kt:563)
  at kotlin.test.AssertionsKt.fail(Unknown Source)
  at com.xemantic.kotlin.test.SameAsKt.sameAs(SameAs.kt:52)
  at com.xemantic.typescript.compiler.TypeScriptTestSupportKt.errorsMatchBaseline(TypeScriptTestSupport.kt:135)
  at com.xemantic.typescript.compiler.TypeScriptCompilerTests_C.constructorWithIncompleteTypeAnnotation_ts has expected errors matching constructorWithIncompleteTypeAnnotation_errors_txt(TypeScriptCompilerTests_C.kt:7028)
  at java.base/jdk.internal.reflect.DirectMethodHandleAccessor.invoke(DirectMethodHandleAccessor.java:104)
  at java.base/java.lang.reflect.Method.invoke(Method.java:565)
  at org.junit.runners.model.FrameworkMethod$1.runReflectiveCall(FrameworkMethod.java:59)
  at org.junit.internal.runners.model.ReflectiveCallable.run(ReflectiveCallable.java:12)
  at org.junit.runners.model.FrameworkMethod.invokeExplosively(FrameworkMethod.java:56)
  at org.junit.internal.runners.statements.InvokeMethod.evaluate(InvokeMethod.java:17)
  at org.junit.runners.ParentRunner$3.evaluate(ParentRunner.java:306)
  at org.junit.runners.BlockJUnit4ClassRunner$1.evaluate(BlockJUnit4ClassRunner.java:100)
  at org.junit.runners.ParentRunner.runLeaf(ParentRunner.java:366)
  at org.junit.runners.BlockJUnit4ClassRunner.runChild(BlockJUnit4ClassRunner.java:103)
  at org.junit.runners.BlockJUnit4ClassRunner.runChild(BlockJUnit4ClassRunner.java:63)
  at org.junit.runners.ParentRunner$4.run(ParentRunner.java:331)
  at org.junit.runners.ParentRunner$1.schedule(ParentRunner.java:79)
  at org.junit.runners.ParentRunner.runChildren(ParentRunner.java:329)
  at org.junit.runners.ParentRunner.access$100(ParentRunner.java:66)
  at org.junit.runners.ParentRunner$2.evaluate(ParentRunner.java:293)
  at org.junit.runners.ParentRunner$3.evaluate(ParentRunner.java:306)
  at org.junit.runners.ParentRunner.run(ParentRunner.java:413)
  at org.junit.runner.JUnitCore.run(JUnitCore.java:137)
  at org.junit.runner.JUnitCore.run(JUnitCore.java:115)
  at org.gradle.api.internal.tasks.testing.junit.JUnitTestExecutor.runRequest(JUnitTestExecutor.java:175)
  at org.gradle.api.internal.tasks.testing.junit.JUnitTestExecutor.accept(JUnitTestExecutor.java:84)
  at org.gradle.api.internal.tasks.testing.junit.JUnitTestExecutor.accept(JUnitTestExecutor.java:47)
  at org.gradle.api.internal.tasks.testing.junit.AbstractJUnitTestDefinitionProcessor.processTestDefinition(AbstractJUnitTestDefinitionProcessor.java:65)
  at org.gradle.api.internal.tasks.testing.SuiteTestDefinitionProcessor.processTestDefinition(SuiteTestDefinitionProcessor.java:54)
  at java.base/jdk.internal.reflect.DirectMethodHandleAccessor.invoke(DirectMethodHandleAccessor.java:104)
  at java.base/java.lang.reflect.Method.invoke(Method.java:565)
  at org.gradle.internal.dispatch.MethodInvocation.invokeOn(MethodInvocation.java:77)
  at org.gradle.internal.dispatch.ReflectionDispatch.dispatch(ReflectionDispatch.java:28)
  at org.gradle.internal.dispatch.ReflectionDispatch.dispatch(ReflectionDispatch.java:19)
  at org.gradle.internal.dispatch.ContextClassLoaderDispatch.dispatch(ContextClassLoaderDispatch.java:33)
  at org.gradle.internal.dispatch.ProxyDispatchAdapter$DispatchingInvocationHandler.invoke(ProxyDispatchAdapter.java:88)
  at jdk.proxy1/jdk.proxy1.$Proxy4.processTestDefinition(Unknown Source)
  at org.gradle.api.internal.tasks.testing.worker.TestWorker$2.run(TestWorker.java:178)
  at org.gradle.api.internal.tasks.testing.worker.TestWorker.executeAndMaintainThreadName(TestWorker.java:126)
  at org.gradle.api.internal.tasks.testing.worker.TestWorker.execute(TestWorker.java:103)
  at org.gradle.api.internal.tasks.testing.worker.TestWorker.execute(TestWorker.java:63)
  at org.gradle.process.internal.worker.child.ActionExecutionWorker.execute(ActionExecutionWorker.java:56)
  at org.gradle.process.internal.worker.child.SystemApplicationClassLoaderWorker.call(SystemApplicationClassLoaderWorker.java:122)
  at org.gradle.process.internal.worker.child.SystemApplicationClassLoaderWorker.call(SystemApplicationClassLoaderWorker.java:72)
  at worker.org.gradle.process.internal.worker.GradleWorkerMain.run(GradleWorkerMain.java:69)
  at worker.org.gradle.process.internal.worker.GradleWorkerMain.main(GradleWorkerMain.java:74)
</stacktrace>
</test-failure>


TypeScriptCompilerTests_C[jvm] > constructorWithIncompleteTypeAnnotation_ts has expected errors matching constructorWithIncompleteTypeAnnotation_errors_txt[jvm] FAILED

<test-failure test="com.xemantic.typescript.compiler.TypeScriptCompilerTests_C.constructorInvocationWithTooFewTypeArgs_ts has expected errors matching constructorInvocationWithTooFewTypeArgs_errors_txt" platform="jvm">
<message>
--- expected
+++ actual
@@ -1,9 +1,8 @@
 constructorInvocationWithTooFewTypeArgs.ts(3,4): error TS2564: Property 'x' has no initializer and is not definitely assigned in the constructor.
 constructorInvocationWithTooFewTypeArgs.ts(5,4): error TS2564: Property 'y' has no initializer and is not definitely assigned in the constructor.
-constructorInvocationWithTooFewTypeArgs.ts(9,15): error TS2558: Expected 2 type arguments, but got 1.
 
 
-==== constructorInvocationWithTooFewTypeArgs.ts (3 errors) ====
+==== constructorInvocationWithTooFewTypeArgs.ts (2 errors) ====
     class D<T, U> {
     
        x: T
@@ -17,5 +16,3 @@
     }
      
     var d = new D<number>();
-                  ~~~~~~
-!!! error TS2558: Expected 2 type arguments, but got 1.

</message>
<stacktrace>
  at org.junit.Assert.fail(Assert.java:89)
  at kotlin.test.junit.JUnitAsserter.fail(JUnitSupport.kt:56)
  at kotlin.test.AssertionsKt__AssertionsKt.fail(Assertions.kt:563)
  at kotlin.test.AssertionsKt.fail(Unknown Source)
  at com.xemantic.kotlin.test.SameAsKt.sameAs(SameAs.kt:52)
  at com.xemantic.typescript.compiler.TypeScriptTestSupportKt.errorsMatchBaseline(TypeScriptTestSupport.kt:135)
  at com.xemantic.typescript.compiler.TypeScriptCompilerTests_C.constructorInvocationWithTooFewTypeArgs_ts has expected errors matching constructorInvocationWithTooFewTypeArgs_errors_txt(TypeScriptCompilerTests_C.kt:6804)
  at java.base/jdk.internal.reflect.DirectMethodHandleAccessor.invoke(DirectMethodHandleAccessor.java:104)
  at java.base/java.lang.reflect.Method.invoke(Method.java:565)
  at org.junit.runners.model.FrameworkMethod$1.runReflectiveCall(FrameworkMethod.java:59)
  at org.junit.internal.runners.model.ReflectiveCallable.run(ReflectiveCallable.java:12)
  at org.junit.runners.model.FrameworkMethod.invokeExplosively(FrameworkMethod.java:56)
  at org.junit.internal.runners.statements.InvokeMethod.evaluate(InvokeMethod.java:17)
  at org.junit.runners.ParentRunner$3.evaluate(ParentRunner.java:306)
  at org.junit.runners.BlockJUnit4ClassRunner$1.evaluate(BlockJUnit4ClassRunner.java:100)
  at org.junit.runners.ParentRunner.runLeaf(ParentRunner.java:366)
  at org.junit.runners.BlockJUnit4ClassRunner.runChild(BlockJUnit4ClassRunner.java:103)
  at org.junit.runners.BlockJUnit4ClassRunner.runChild(BlockJUnit4ClassRunner.java:63)
  at org.junit.runners.ParentRunner$4.run(ParentRunner.java:331)
  at org.junit.runners.ParentRunner$1.schedule(ParentRunner.java:79)
  at org.junit.runners.ParentRunner.runChildren(ParentRunner.java:329)
  at org.junit.runners.ParentRunner.access$100(ParentRunner.java:66)
  at org.junit.runners.ParentRunner$2.evaluate(ParentRunner.java:293)
  at org.junit.runners.ParentRunner$3.evaluate(ParentRunner.java:306)
  at org.junit.runners.ParentRunner.run(ParentRunner.java:413)
  at org.junit.runner.JUnitCore.run(JUnitCore.java:137)
  at org.junit.runner.JUnitCore.run(JUnitCore.java:115)
  at org.gradle.api.internal.tasks.testing.junit.JUnitTestExecutor.runRequest(JUnitTestExecutor.java:175)
  at org.gradle.api.internal.tasks.testing.junit.JUnitTestExecutor.accept(JUnitTestExecutor.java:84)
  at org.gradle.api.internal.tasks.testing.junit.JUnitTestExecutor.accept(JUnitTestExecutor.java:47)
  at org.gradle.api.internal.tasks.testing.junit.AbstractJUnitTestDefinitionProcessor.processTestDefinition(AbstractJUnitTestDefinitionProcessor.java:65)
  at org.gradle.api.internal.tasks.testing.SuiteTestDefinitionProcessor.processTestDefinition(SuiteTestDefinitionProcessor.java:54)
  at java.base/jdk.internal.reflect.DirectMethodHandleAccessor.invoke(DirectMethodHandleAccessor.java:104)
  at java.base/java.lang.reflect.Method.invoke(Method.java:565)
  at org.gradle.internal.dispatch.MethodInvocation.invokeOn(MethodInvocation.java:77)
  at org.gradle.internal.dispatch.ReflectionDispatch.dispatch(ReflectionDispatch.java:28)
  at org.gradle.internal.dispatch.ReflectionDispatch.dispatch(ReflectionDispatch.java:19)
  at org.gradle.internal.dispatch.ContextClassLoaderDispatch.dispatch(ContextClassLoaderDispatch.java:33)
  at org.gradle.internal.dispatch.ProxyDispatchAdapter$DispatchingInvocationHandler.invoke(ProxyDispatchAdapter.java:88)
  at jdk.proxy1/jdk.proxy1.$Proxy4.processTestDefinition(Unknown Source)
  at org.gradle.api.internal.tasks.testing.worker.TestWorker$2.run(TestWorker.java:178)
  at org.gradle.api.internal.tasks.testing.worker.TestWorker.executeAndMaintainThreadName(TestWorker.java:126)
  at org.gradle.api.internal.tasks.testing.worker.TestWorker.execute(TestWorker.java:103)
  at org.gradle.api.internal.tasks.testing.worker.TestWorker.execute(TestWorker.java:63)
  at org.gradle.process.internal.worker.child.ActionExecutionWorker.execute(ActionExecutionWorker.java:56)
  at org.gradle.process.internal.worker.child.SystemApplicationClassLoaderWorker.call(SystemApplicationClassLoaderWorker.java:122)
  at org.gradle.process.internal.worker.child.SystemApplicationClassLoaderWorker.call(SystemApplicationClassLoaderWorker.java:72)
  at worker.org.gradle.process.internal.worker.GradleWorkerMain.run(GradleWorkerMain.java:69)
  at worker.org.gradle.process.internal.worker.GradleWorkerMain.main(GradleWorkerMain.java:74)
</stacktrace>
</test-failure>


TypeScriptCompilerTests_C[jvm] > constructorInvocationWithTooFewTypeArgs_ts has expected errors matching constructorInvocationWithTooFewTypeArgs_errors_txt[jvm] FAILED

<test-failure test="com.xemantic.typescript.compiler.TypeScriptCompilerTests_C.contextuallyTypedParametersOptionalInJSDoc_ts has expected errors matching contextuallyTypedParametersOptionalInJSDoc_errors_txt" platform="jvm">
<message>
Expected diagnostics from baseline typescript-repo/tests/baselines/reference/contextuallyTypedParametersOptionalInJSDoc.errors.txt but none produced
</message>
<stacktrace>
  at com.xemantic.typescript.compiler.TypeScriptTestSupportKt.errorsMatchBaseline(TypeScriptTestSupport.kt:125)
  at com.xemantic.typescript.compiler.TypeScriptCompilerTests_C.contextuallyTypedParametersOptionalInJSDoc_ts has expected errors matching contextuallyTypedParametersOptionalInJSDoc_errors_txt(TypeScriptCompilerTests_C.kt:8015)
  at java.base/jdk.internal.reflect.DirectMethodHandleAccessor.invoke(DirectMethodHandleAccessor.java:104)
  at java.base/java.lang.reflect.Method.invoke(Method.java:565)
  at org.junit.runners.model.FrameworkMethod$1.runReflectiveCall(FrameworkMethod.java:59)
  at org.junit.internal.runners.model.ReflectiveCallable.run(ReflectiveCallable.java:12)
  at org.junit.runners.model.FrameworkMethod.invokeExplosively(FrameworkMethod.java:56)
  at org.junit.internal.runners.statements.InvokeMethod.evaluate(InvokeMethod.java:17)
  at org.junit.runners.ParentRunner$3.evaluate(ParentRunner.java:306)
  at org.junit.runners.BlockJUnit4ClassRunner$1.evaluate(BlockJUnit4ClassRunner.java:100)
  at org.junit.runners.ParentRunner.runLeaf(ParentRunner.java:366)
  at org.junit.runners.BlockJUnit4ClassRunner.runChild(BlockJUnit4ClassRunner.java:103)
  at org.junit.runners.BlockJUnit4ClassRunner.runChild(BlockJUnit4ClassRunner.java:63)
  at org.junit.runners.ParentRunner$4.run(ParentRunner.java:331)
  at org.junit.runners.ParentRunner$1.schedule(ParentRunner.java:79)
  at org.junit.runners.ParentRunner.runChildren(ParentRunner.java:329)
  at org.junit.runners.ParentRunner.access$100(ParentRunner.java:66)
  at org.junit.runners.ParentRunner$2.evaluate(ParentRunner.java:293)
  at org.junit.runners.ParentRunner$3.evaluate(ParentRunner.java:306)
  at org.junit.runners.ParentRunner.run(ParentRunner.java:413)
  at org.junit.runner.JUnitCore.run(JUnitCore.java:137)
  at org.junit.runner.JUnitCore.run(JUnitCore.java:115)
  at org.gradle.api.internal.tasks.testing.junit.JUnitTestExecutor.runRequest(JUnitTestExecutor.java:175)
  at org.gradle.api.internal.tasks.testing.junit.JUnitTestExecutor.accept(JUnitTestExecutor.java:84)
  at org.gradle.api.internal.tasks.testing.junit.JUnitTestExecutor.accept(JUnitTestExecutor.java:47)
  at org.gradle.api.internal.tasks.testing.junit.AbstractJUnitTestDefinitionProcessor.processTestDefinition(AbstractJUnitTestDefinitionProcessor.java:65)
  at org.gradle.api.internal.tasks.testing.SuiteTestDefinitionProcessor.processTestDefinition(SuiteTestDefinitionProcessor.java:54)
  at java.base/jdk.internal.reflect.DirectMethodHandleAccessor.invoke(DirectMethodHandleAccessor.java:104)
  at java.base/java.lang.reflect.Method.invoke(Method.java:565)
  at org.gradle.internal.dispatch.MethodInvocation.invokeOn(MethodInvocation.java:77)
  at org.gradle.internal.dispatch.ReflectionDispatch.dispatch(ReflectionDispatch.java:28)
  at org.gradle.internal.dispatch.ReflectionDispatch.dispatch(ReflectionDispatch.java:19)
  at org.gradle.internal.dispatch.ContextClassLoaderDispatch.dispatch(ContextClassLoaderDispatch.java:33)
  at org.gradle.internal.dispatch.ProxyDispatchAdapter$DispatchingInvocationHandler.invoke(ProxyDispatchAdapter.java:88)
  at jdk.proxy1/jdk.proxy1.$Proxy4.processTestDefinition(Unknown Source)
  at org.gradle.api.internal.tasks.testing.worker.TestWorker$2.run(TestWorker.java:178)
  at org.gradle.api.internal.tasks.testing.worker.TestWorker.executeAndMaintainThreadName(TestWorker.java:126)
  at org.gradle.api.internal.tasks.testing.worker.TestWorker.execute(TestWorker.java:103)
  at org.gradle.api.internal.tasks.testing.worker.TestWorker.execute(TestWorker.java:63)
  at org.gradle.process.internal.worker.child.ActionExecutionWorker.execute(ActionExecutionWorker.java:56)
  at org.gradle.process.internal.worker.child.SystemApplicationClassLoaderWorker.call(SystemApplicationClassLoaderWorker.java:122)
  at org.gradle.process.internal.worker.child.SystemApplicationClassLoaderWorker.call(SystemApplicationClassLoaderWorker.java:72)
  at worker.org.gradle.process.internal.worker.GradleWorkerMain.run(GradleWorkerMain.java:69)
  at worker.org.gradle.process.internal.worker.GradleWorkerMain.main(GradleWorkerMain.java:74)
</stacktrace>
</test-failure>


TypeScriptCompilerTests_C[jvm] > contextuallyTypedParametersOptionalInJSDoc_ts has expected errors matching contextuallyTypedParametersOptionalInJSDoc_errors_txt[jvm] FAILED

<test-failure test="com.xemantic.typescript.compiler.TypeScriptCompilerTests_C.classImplementsClass6_ts has expected errors matching classImplementsClass6_errors_txt" platform="jvm">
<message>
Expected diagnostics from baseline typescript-repo/tests/baselines/reference/classImplementsClass6.errors.txt but none produced
</message>
<stacktrace>
  at com.xemantic.typescript.compiler.TypeScriptTestSupportKt.errorsMatchBaseline(TypeScriptTestSupport.kt:125)
  at com.xemantic.typescript.compiler.TypeScriptCompilerTests_C.classImplementsClass6_ts has expected errors matching classImplementsClass6_errors_txt(TypeScriptCompilerTests_C.kt:2429)
  at java.base/jdk.internal.reflect.DirectMethodHandleAccessor.invoke(DirectMethodHandleAccessor.java:104)
  at java.base/java.lang.reflect.Method.invoke(Method.java:565)
  at org.junit.runners.model.FrameworkMethod$1.runReflectiveCall(FrameworkMethod.java:59)
  at org.junit.internal.runners.model.ReflectiveCallable.run(ReflectiveCallable.java:12)
  at org.junit.runners.model.FrameworkMethod.invokeExplosively(FrameworkMethod.java:56)
  at org.junit.internal.runners.statements.InvokeMethod.evaluate(InvokeMethod.java:17)
  at org.junit.runners.ParentRunner$3.evaluate(ParentRunner.java:306)
  at org.junit.runners.BlockJUnit4ClassRunner$1.evaluate(BlockJUnit4ClassRunner.java:100)
  at org.junit.runners.ParentRunner.runLeaf(ParentRunner.java:366)
  at org.junit.runners.BlockJUnit4ClassRunner.runChild(BlockJUnit4ClassRunner.java:103)
  at org.junit.runners.BlockJUnit4ClassRunner.runChild(BlockJUnit4ClassRunner.java:63)
  at org.junit.runners.ParentRunner$4.run(ParentRunner.java:331)
  at org.junit.runners.ParentRunner$1.schedule(ParentRunner.java:79)
  at org.junit.runners.ParentRunner.runChildren(ParentRunner.java:329)
  at org.junit.runners.ParentRunner.access$100(ParentRunner.java:66)
  at org.junit.runners.ParentRunner$2.evaluate(ParentRunner.java:293)
  at org.junit.runners.ParentRunner$3.evaluate(ParentRunner.java:306)
  at org.junit.runners.ParentRunner.run(ParentRunner.java:413)
  at org.junit.runner.JUnitCore.run(JUnitCore.java:137)
  at org.junit.runner.JUnitCore.run(JUnitCore.java:115)
  at org.gradle.api.internal.tasks.testing.junit.JUnitTestExecutor.runRequest(JUnitTestExecutor.java:175)
  at org.gradle.api.internal.tasks.testing.junit.JUnitTestExecutor.accept(JUnitTestExecutor.java:84)
  at org.gradle.api.internal.tasks.testing.junit.JUnitTestExecutor.accept(JUnitTestExecutor.java:47)
  at org.gradle.api.internal.tasks.testing.junit.AbstractJUnitTestDefinitionProcessor.processTestDefinition(AbstractJUnitTestDefinitionProcessor.java:65)
  at org.gradle.api.internal.tasks.testing.SuiteTestDefinitionProcessor.processTestDefinition(SuiteTestDefinitionProcessor.java:54)
  at java.base/jdk.internal.reflect.DirectMethodHandleAccessor.invoke(DirectMethodHandleAccessor.java:104)
  at java.base/java.lang.reflect.Method.invoke(Method.java:565)
  at org.gradle.internal.dispatch.MethodInvocation.invokeOn(MethodInvocation.java:77)
  at org.gradle.internal.dispatch.ReflectionDispatch.dispatch(ReflectionDispatch.java:28)
  at org.gradle.internal.dispatch.ReflectionDispatch.dispatch(ReflectionDispatch.java:19)
  at org.gradle.internal.dispatch.ContextClassLoaderDispatch.dispatch(ContextClassLoaderDispatch.java:33)
  at org.gradle.internal.dispatch.ProxyDispatchAdapter$DispatchingInvocationHandler.invoke(ProxyDispatchAdapter.java:88)
  at jdk.proxy1/jdk.proxy1.$Proxy4.processTestDefinition(Unknown Source)
  at org.gradle.api.internal.tasks.testing.worker.TestWorker$2.run(TestWorker.java:178)
  at org.gradle.api.internal.tasks.testing.worker.TestWorker.executeAndMaintainThreadName(TestWorker.java:126)
  at org.gradle.api.internal.tasks.testing.worker.TestWorker.execute(TestWorker.java:103)
  at org.gradle.api.internal.tasks.testing.worker.TestWorker.execute(TestWorker.java:63)
  at org.gradle.process.internal.worker.child.ActionExecutionWorker.execute(ActionExecutionWorker.java:56)
  at org.gradle.process.internal.worker.child.SystemApplicationClassLoaderWorker.call(SystemApplicationClassLoaderWorker.java:122)
  at org.gradle.process.internal.worker.child.SystemApplicationClassLoaderWorker.call(SystemApplicationClassLoaderWorker.java:72)
  at worker.org.gradle.process.internal.worker.GradleWorkerMain.run(GradleWorkerMain.java:69)
  at worker.org.gradle.process.internal.worker.GradleWorkerMain.main(GradleWorkerMain.java:74)
</stacktrace>
</test-failure>


TypeScriptCompilerTests_C[jvm] > classImplementsClass6_ts has expected errors matching classImplementsClass6_errors_txt[jvm] FAILED

<test-failure test="com.xemantic.typescript.compiler.TypeScriptCompilerTests_C.classFieldSuperNotAccessibleJs_ts has expected errors matching classFieldSuperNotAccessibleJs_errors_txt" platform="jvm">
<message>
Expected diagnostics from baseline typescript-repo/tests/baselines/reference/classFieldSuperNotAccessibleJs.errors.txt but none produced
</message>
<stacktrace>
  at com.xemantic.typescript.compiler.TypeScriptTestSupportKt.errorsMatchBaseline(TypeScriptTestSupport.kt:125)
  at com.xemantic.typescript.compiler.TypeScriptCompilerTests_C.classFieldSuperNotAccessibleJs_ts has expected errors matching classFieldSuperNotAccessibleJs_errors_txt(TypeScriptCompilerTests_C.kt:2303)
  at java.base/jdk.internal.reflect.DirectMethodHandleAccessor.invoke(DirectMethodHandleAccessor.java:104)
  at java.base/java.lang.reflect.Method.invoke(Method.java:565)
  at org.junit.runners.model.FrameworkMethod$1.runReflectiveCall(FrameworkMethod.java:59)
  at org.junit.internal.runners.model.ReflectiveCallable.run(ReflectiveCallable.java:12)
  at org.junit.runners.model.FrameworkMethod.invokeExplosively(FrameworkMethod.java:56)
  at org.junit.internal.runners.statements.InvokeMethod.evaluate(InvokeMethod.java:17)
  at org.junit.runners.ParentRunner$3.evaluate(ParentRunner.java:306)
  at org.junit.runners.BlockJUnit4ClassRunner$1.evaluate(BlockJUnit4ClassRunner.java:100)
  at org.junit.runners.ParentRunner.runLeaf(ParentRunner.java:366)
  at org.junit.runners.BlockJUnit4ClassRunner.runChild(BlockJUnit4ClassRunner.java:103)
  at org.junit.runners.BlockJUnit4ClassRunner.runChild(BlockJUnit4ClassRunner.java:63)
  at org.junit.runners.ParentRunner$4.run(ParentRunner.java:331)
  at org.junit.runners.ParentRunner$1.schedule(ParentRunner.java:79)
  at org.junit.runners.ParentRunner.runChildren(ParentRunner.java:329)
  at org.junit.runners.ParentRunner.access$100(ParentRunner.java:66)
  at org.junit.runners.ParentRunner$2.evaluate(ParentRunner.java:293)
  at org.junit.runners.ParentRunner$3.evaluate(ParentRunner.java:306)
  at org.junit.runners.ParentRunner.run(ParentRunner.java:413)
  at org.junit.runner.JUnitCore.run(JUnitCore.java:137)
  at org.junit.runner.JUnitCore.run(JUnitCore.java:115)
  at org.gradle.api.internal.tasks.testing.junit.JUnitTestExecutor.runRequest(JUnitTestExecutor.java:175)
  at org.gradle.api.internal.tasks.testing.junit.JUnitTestExecutor.accept(JUnitTestExecutor.java:84)
  at org.gradle.api.internal.tasks.testing.junit.JUnitTestExecutor.accept(JUnitTestExecutor.java:47)
  at org.gradle.api.internal.tasks.testing.junit.AbstractJUnitTestDefinitionProcessor.processTestDefinition(AbstractJUnitTestDefinitionProcessor.java:65)
  at org.gradle.api.internal.tasks.testing.SuiteTestDefinitionProcessor.processTestDefinition(SuiteTestDefinitionProcessor.java:54)
  at java.base/jdk.internal.reflect.DirectMethodHandleAccessor.invoke(DirectMethodHandleAccessor.java:104)
  at java.base/java.lang.reflect.Method.invoke(Method.java:565)
  at org.gradle.internal.dispatch.MethodInvocation.invokeOn(MethodInvocation.java:77)
  at org.gradle.internal.dispatch.ReflectionDispatch.dispatch(ReflectionDispatch.java:28)
  at org.gradle.internal.dispatch.ReflectionDispatch.dispatch(ReflectionDispatch.java:19)
  at org.gradle.internal.dispatch.ContextClassLoaderDispatch.dispatch(ContextClassLoaderDispatch.java:33)
  at org.gradle.internal.dispatch.ProxyDispatchAdapter$DispatchingInvocationHandler.invoke(ProxyDispatchAdapter.java:88)
  at jdk.proxy1/jdk.proxy1.$Proxy4.processTestDefinition(Unknown Source)
  at org.gradle.api.internal.tasks.testing.worker.TestWorker$2.run(TestWorker.java:178)
  at org.gradle.api.internal.tasks.testing.worker.TestWorker.executeAndMaintainThreadName(TestWorker.java:126)
  at org.gradle.api.internal.tasks.testing.worker.TestWorker.execute(TestWorker.java:103)
  at org.gradle.api.internal.tasks.testing.worker.TestWorker.execute(TestWorker.java:63)
  at org.gradle.process.internal.worker.child.ActionExecutionWorker.execute(ActionExecutionWorker.java:56)
  at org.gradle.process.internal.worker.child.SystemApplicationClassLoaderWorker.call(SystemApplicationClassLoaderWorker.java:122)
  at org.gradle.process.internal.worker.child.SystemApplicationClassLoaderWorker.call(SystemApplicationClassLoaderWorker.java:72)
  at worker.org.gradle.process.internal.worker.GradleWorkerMain.run(GradleWorkerMain.java:69)
  at worker.org.gradle.process.internal.worker.GradleWorkerMain.main(GradleWorkerMain.java:74)
</stacktrace>
</test-failure>


TypeScriptCompilerTests_C[jvm] > classFieldSuperNotAccessibleJs_ts has expected errors matching classFieldSuperNotAccessibleJs_errors_txt[jvm] FAILED

<test-failure test="com.xemantic.typescript.compiler.TypeScriptCompilerTests_C.constructorArgsErrors3_ts has expected errors matching constructorArgsErrors3_errors_txt" platform="jvm">
<message>
Expected diagnostics from baseline typescript-repo/tests/baselines/reference/constructorArgsErrors3.errors.txt but none produced
</message>
<stacktrace>
  at com.xemantic.typescript.compiler.TypeScriptTestSupportKt.errorsMatchBaseline(TypeScriptTestSupport.kt:125)
  at com.xemantic.typescript.compiler.TypeScriptCompilerTests_C.constructorArgsErrors3_ts has expected errors matching constructorArgsErrors3_errors_txt(TypeScriptCompilerTests_C.kt:6748)
  at java.base/jdk.internal.reflect.DirectMethodHandleAccessor.invoke(DirectMethodHandleAccessor.java:104)
  at java.base/java.lang.reflect.Method.invoke(Method.java:565)
  at org.junit.runners.model.FrameworkMethod$1.runReflectiveCall(FrameworkMethod.java:59)
  at org.junit.internal.runners.model.ReflectiveCallable.run(ReflectiveCallable.java:12)
  at org.junit.runners.model.FrameworkMethod.invokeExplosively(FrameworkMethod.java:56)
  at org.junit.internal.runners.statements.InvokeMethod.evaluate(InvokeMethod.java:17)
  at org.junit.runners.ParentRunner$3.evaluate(ParentRunner.java:306)
  at org.junit.runners.BlockJUnit4ClassRunner$1.evaluate(BlockJUnit4ClassRunner.java:100)
  at org.junit.runners.ParentRunner.runLeaf(ParentRunner.java:366)
  at org.junit.runners.BlockJUnit4ClassRunner.runChild(BlockJUnit4ClassRunner.java:103)
  at org.junit.runners.BlockJUnit4ClassRunner.runChild(BlockJUnit4ClassRunner.java:63)
  at org.junit.runners.ParentRunner$4.run(ParentRunner.java:331)
  at org.junit.runners.ParentRunner$1.schedule(ParentRunner.java:79)
  at org.junit.runners.ParentRunner.runChildren(ParentRunner.java:329)
  at org.junit.runners.ParentRunner.access$100(ParentRunner.java:66)
  at org.junit.runners.ParentRunner$2.evaluate(ParentRunner.java:293)
  at org.junit.runners.ParentRunner$3.evaluate(ParentRunner.java:306)
  at org.junit.runners.ParentRunner.run(ParentRunner.java:413)
  at org.junit.runner.JUnitCore.run(JUnitCore.java:137)
  at org.junit.runner.JUnitCore.run(JUnitCore.java:115)
  at org.gradle.api.internal.tasks.testing.junit.JUnitTestExecutor.runRequest(JUnitTestExecutor.java:175)
  at org.gradle.api.internal.tasks.testing.junit.JUnitTestExecutor.accept(JUnitTestExecutor.java:84)
  at org.gradle.api.internal.tasks.testing.junit.JUnitTestExecutor.accept(JUnitTestExecutor.java:47)
  at org.gradle.api.internal.tasks.testing.junit.AbstractJUnitTestDefinitionProcessor.processTestDefinition(AbstractJUnitTestDefinitionProcessor.java:65)
  at org.gradle.api.internal.tasks.testing.SuiteTestDefinitionProcessor.processTestDefinition(SuiteTestDefinitionProcessor.java:54)
  at java.base/jdk.internal.reflect.DirectMethodHandleAccessor.invoke(DirectMethodHandleAccessor.java:104)
  at java.base/java.lang.reflect.Method.invoke(Method.java:565)
  at org.gradle.internal.dispatch.MethodInvocation.invokeOn(MethodInvocation.java:77)
  at org.gradle.internal.dispatch.ReflectionDispatch.dispatch(ReflectionDispatch.java:28)
  at org.gradle.internal.dispatch.ReflectionDispatch.dispatch(ReflectionDispatch.java:19)
  at org.gradle.internal.dispatch.ContextClassLoaderDispatch.dispatch(ContextClassLoaderDispatch.java:33)
  at org.gradle.internal.dispatch.ProxyDispatchAdapter$DispatchingInvocationHandler.invoke(ProxyDispatchAdapter.java:88)
  at jdk.proxy1/jdk.proxy1.$Proxy4.processTestDefinition(Unknown Source)
  at org.gradle.api.internal.tasks.testing.worker.TestWorker$2.run(TestWorker.java:178)
  at org.gradle.api.internal.tasks.testing.worker.TestWorker.executeAndMaintainThreadName(TestWorker.java:126)
  at org.gradle.api.internal.tasks.testing.worker.TestWorker.execute(TestWorker.java:103)
  at org.gradle.api.internal.tasks.testing.worker.TestWorker.execute(TestWorker.java:63)
  at org.gradle.process.internal.worker.child.ActionExecutionWorker.execute(ActionExecutionWorker.java:56)
  at org.gradle.process.internal.worker.child.SystemApplicationClassLoaderWorker.call(SystemApplicationClassLoaderWorker.java:122)
  at org.gradle.process.internal.worker.child.SystemApplicationClassLoaderWorker.call(SystemApplicationClassLoaderWorker.java:72)
  at worker.org.gradle.process.internal.worker.GradleWorkerMain.run(GradleWorkerMain.java:69)
  at worker.org.gradle.process.internal.worker.GradleWorkerMain.main(GradleWorkerMain.java:74)
</stacktrace>
</test-failure>


TypeScriptCompilerTests_C[jvm] > constructorArgsErrors3_ts has expected errors matching constructorArgsErrors3_errors_txt[jvm] FAILED

<test-failure test="com.xemantic.typescript.compiler.TypeScriptCompilerTests_C.classExpressionPropertyModifiers_ts has expected errors matching classExpressionPropertyModifiers_errors_txt" platform="jvm">
<message>
Expected diagnostics from baseline typescript-repo/tests/baselines/reference/classExpressionPropertyModifiers.errors.txt but none produced
</message>
<stacktrace>
  at com.xemantic.typescript.compiler.TypeScriptTestSupportKt.errorsMatchBaseline(TypeScriptTestSupport.kt:125)
  at com.xemantic.typescript.compiler.TypeScriptCompilerTests_C.classExpressionPropertyModifiers_ts has expected errors matching classExpressionPropertyModifiers_errors_txt(TypeScriptCompilerTests_C.kt:1946)
  at java.base/jdk.internal.reflect.DirectMethodHandleAccessor.invoke(DirectMethodHandleAccessor.java:104)
  at java.base/java.lang.reflect.Method.invoke(Method.java:565)
  at org.junit.runners.model.FrameworkMethod$1.runReflectiveCall(FrameworkMethod.java:59)
  at org.junit.internal.runners.model.ReflectiveCallable.run(ReflectiveCallable.java:12)
  at org.junit.runners.model.FrameworkMethod.invokeExplosively(FrameworkMethod.java:56)
  at org.junit.internal.runners.statements.InvokeMethod.evaluate(InvokeMethod.java:17)
  at org.junit.runners.ParentRunner$3.evaluate(ParentRunner.java:306)
  at org.junit.runners.BlockJUnit4ClassRunner$1.evaluate(BlockJUnit4ClassRunner.java:100)
  at org.junit.runners.ParentRunner.runLeaf(ParentRunner.java:366)
  at org.junit.runners.BlockJUnit4ClassRunner.runChild(BlockJUnit4ClassRunner.java:103)
  at org.junit.runners.BlockJUnit4ClassRunner.runChild(BlockJUnit4ClassRunner.java:63)
  at org.junit.runners.ParentRunner$4.run(ParentRunner.java:331)
  at org.junit.runners.ParentRunner$1.schedule(ParentRunner.java:79)
  at org.junit.runners.ParentRunner.runChildren(ParentRunner.java:329)
  at org.junit.runners.ParentRunner.access$100(ParentRunner.java:66)
  at org.junit.runners.ParentRunner$2.evaluate(ParentRunner.java:293)
  at org.junit.runners.ParentRunner$3.evaluate(ParentRunner.java:306)
  at org.junit.runners.ParentRunner.run(ParentRunner.java:413)
  at org.junit.runner.JUnitCore.run(JUnitCore.java:137)
  at org.junit.runner.JUnitCore.run(JUnitCore.java:115)
  at org.gradle.api.internal.tasks.testing.junit.JUnitTestExecutor.runRequest(JUnitTestExecutor.java:175)
  at org.gradle.api.internal.tasks.testing.junit.JUnitTestExecutor.accept(JUnitTestExecutor.java:84)
  at org.gradle.api.internal.tasks.testing.junit.JUnitTestExecutor.accept(JUnitTestExecutor.java:47)
  at org.gradle.api.internal.tasks.testing.junit.AbstractJUnitTestDefinitionProcessor.processTestDefinition(AbstractJUnitTestDefinitionProcessor.java:65)
  at org.gradle.api.internal.tasks.testing.SuiteTestDefinitionProcessor.processTestDefinition(SuiteTestDefinitionProcessor.java:54)
  at java.base/jdk.internal.reflect.DirectMethodHandleAccessor.invoke(DirectMethodHandleAccessor.java:104)
  at java.base/java.lang.reflect.Method.invoke(Method.java:565)
  at org.gradle.internal.dispatch.MethodInvocation.invokeOn(MethodInvocation.java:77)
  at org.gradle.internal.dispatch.ReflectionDispatch.dispatch(ReflectionDispatch.java:28)
  at org.gradle.internal.dispatch.ReflectionDispatch.dispatch(ReflectionDispatch.java:19)
  at org.gradle.internal.dispatch.ContextClassLoaderDispatch.dispatch(ContextClassLoaderDispatch.java:33)
  at org.gradle.internal.dispatch.ProxyDispatchAdapter$DispatchingInvocationHandler.invoke(ProxyDispatchAdapter.java:88)
  at jdk.proxy1/jdk.proxy1.$Proxy4.processTestDefinition(Unknown Source)
  at org.gradle.api.internal.tasks.testing.worker.TestWorker$2.run(TestWorker.java:178)
  at org.gradle.api.internal.tasks.testing.worker.TestWorker.executeAndMaintainThreadName(TestWorker.java:126)
  at org.gradle.api.internal.tasks.testing.worker.TestWorker.execute(TestWorker.java:103)
  at org.gradle.api.internal.tasks.testing.worker.TestWorker.execute(TestWorker.java:63)
  at org.gradle.process.internal.worker.child.ActionExecutionWorker.execute(ActionExecutionWorker.java:56)
  at org.gradle.process.internal.worker.child.SystemApplicationClassLoaderWorker.call(SystemApplicationClassLoaderWorker.java:122)
  at org.gradle.process.internal.worker.child.SystemApplicationClassLoaderWorker.call(SystemApplicationClassLoaderWorker.java:72)
  at worker.org.gradle.process.internal.worker.GradleWorkerMain.run(GradleWorkerMain.java:69)
  at worker.org.gradle.process.internal.worker.GradleWorkerMain.main(GradleWorkerMain.java:74)
</stacktrace>
</test-failure>


TypeScriptCompilerTests_C[jvm] > classExpressionPropertyModifiers_ts has expected errors matching classExpressionPropertyModifiers_errors_txt[jvm] FAILED

<test-failure test="com.xemantic.typescript.compiler.TypeScriptCompilerTests_C.classExpressionWithDecorator1_ts has expected errors matching classExpressionWithDecorator1_errors_txt" platform="jvm">
<message>
Expected diagnostics from baseline typescript-repo/tests/baselines/reference/classExpressionWithDecorator1.errors.txt but none produced
</message>
<stacktrace>
  at com.xemantic.typescript.compiler.TypeScriptTestSupportKt.errorsMatchBaseline(TypeScriptTestSupport.kt:125)
  at com.xemantic.typescript.compiler.TypeScriptCompilerTests_C.classExpressionWithDecorator1_ts has expected errors matching classExpressionWithDecorator1_errors_txt(TypeScriptCompilerTests_C.kt:1988)
  at java.base/jdk.internal.reflect.DirectMethodHandleAccessor.invoke(DirectMethodHandleAccessor.java:104)
  at java.base/java.lang.reflect.Method.invoke(Method.java:565)
  at org.junit.runners.model.FrameworkMethod$1.runReflectiveCall(FrameworkMethod.java:59)
  at org.junit.internal.runners.model.ReflectiveCallable.run(ReflectiveCallable.java:12)
  at org.junit.runners.model.FrameworkMethod.invokeExplosively(FrameworkMethod.java:56)
  at org.junit.internal.runners.statements.InvokeMethod.evaluate(InvokeMethod.java:17)
  at org.junit.runners.ParentRunner$3.evaluate(ParentRunner.java:306)
  at org.junit.runners.BlockJUnit4ClassRunner$1.evaluate(BlockJUnit4ClassRunner.java:100)
  at org.junit.runners.ParentRunner.runLeaf(ParentRunner.java:366)
  at org.junit.runners.BlockJUnit4ClassRunner.runChild(BlockJUnit4ClassRunner.java:103)
  at org.junit.runners.BlockJUnit4ClassRunner.runChild(BlockJUnit4ClassRunner.java:63)
  at org.junit.runners.ParentRunner$4.run(ParentRunner.java:331)
  at org.junit.runners.ParentRunner$1.schedule(ParentRunner.java:79)
  at org.junit.runners.ParentRunner.runChildren(ParentRunner.java:329)
  at org.junit.runners.ParentRunner.access$100(ParentRunner.java:66)
  at org.junit.runners.ParentRunner$2.evaluate(ParentRunner.java:293)
  at org.junit.runners.ParentRunner$3.evaluate(ParentRunner.java:306)
  at org.junit.runners.ParentRunner.run(ParentRunner.java:413)
  at org.junit.runner.JUnitCore.run(JUnitCore.java:137)
  at org.junit.runner.JUnitCore.run(JUnitCore.java:115)
  at org.gradle.api.internal.tasks.testing.junit.JUnitTestExecutor.runRequest(JUnitTestExecutor.java:175)
  at org.gradle.api.internal.tasks.testing.junit.JUnitTestExecutor.accept(JUnitTestExecutor.java:84)
  at org.gradle.api.internal.tasks.testing.junit.JUnitTestExecutor.accept(JUnitTestExecutor.java:47)
  at org.gradle.api.internal.tasks.testing.junit.AbstractJUnitTestDefinitionProcessor.processTestDefinition(AbstractJUnitTestDefinitionProcessor.java:65)
  at org.gradle.api.internal.tasks.testing.SuiteTestDefinitionProcessor.processTestDefinition(SuiteTestDefinitionProcessor.java:54)
  at java.base/jdk.internal.reflect.DirectMethodHandleAccessor.invoke(DirectMethodHandleAccessor.java:104)
  at java.base/java.lang.reflect.Method.invoke(Method.java:565)
  at org.gradle.internal.dispatch.MethodInvocation.invokeOn(MethodInvocation.java:77)
  at org.gradle.internal.dispatch.ReflectionDispatch.dispatch(ReflectionDispatch.java:28)
  at org.gradle.internal.dispatch.ReflectionDispatch.dispatch(ReflectionDispatch.java:19)
  at org.gradle.internal.dispatch.ContextClassLoaderDispatch.dispatch(ContextClassLoaderDispatch.java:33)
  at org.gradle.internal.dispatch.ProxyDispatchAdapter$DispatchingInvocationHandler.invoke(ProxyDispatchAdapter.java:88)
  at jdk.proxy1/jdk.proxy1.$Proxy4.processTestDefinition(Unknown Source)
  at org.gradle.api.internal.tasks.testing.worker.TestWorker$2.run(TestWorker.java:178)
  at org.gradle.api.internal.tasks.testing.worker.TestWorker.executeAndMaintainThreadName(TestWorker.java:126)
  at org.gradle.api.internal.tasks.testing.worker.TestWorker.execute(TestWorker.java:103)
  at org.gradle.api.internal.tasks.testing.worker.TestWorker.execute(TestWorker.java:63)
  at org.gradle.process.internal.worker.child.ActionExecutionWorker.execute(ActionExecutionWorker.java:56)
  at org.gradle.process.internal.worker.child.SystemApplicationClassLoaderWorker.call(SystemApplicationClassLoaderWorker.java:122)
  at org.gradle.process.internal.worker.child.SystemApplicationClassLoaderWorker.call(SystemApplicationClassLoaderWorker.java:72)
  at worker.org.gradle.process.internal.worker.GradleWorkerMain.run(GradleWorkerMain.java:69)
  at worker.org.gradle.process.internal.worker.GradleWorkerMain.main(GradleWorkerMain.java:74)
</stacktrace>
</test-failure>


TypeScriptCompilerTests_C[jvm] > classExpressionWithDecorator1_ts has expected errors matching classExpressionWithDecorator1_errors_txt[jvm] FAILED

<test-failure test="com.xemantic.typescript.compiler.TypeScriptCompilerTests_C.computedPropertiesInDestructuring1_ES6_ts has expected errors matching computedPropertiesInDestructuring1_ES6_errors_txt" platform="jvm">
<message>
Expected diagnostics from baseline typescript-repo/tests/baselines/reference/computedPropertiesInDestructuring1_ES6.errors.txt but none produced
</message>
<stacktrace>
  at com.xemantic.typescript.compiler.TypeScriptTestSupportKt.errorsMatchBaseline(TypeScriptTestSupport.kt:125)
  at com.xemantic.typescript.compiler.TypeScriptCompilerTests_C.computedPropertiesInDestructuring1_ES6_ts has expected errors matching computedPropertiesInDestructuring1_ES6_errors_txt(TypeScriptCompilerTests_C.kt:5355)
  at java.base/jdk.internal.reflect.DirectMethodHandleAccessor.invoke(DirectMethodHandleAccessor.java:104)
  at java.base/java.lang.reflect.Method.invoke(Method.java:565)
  at org.junit.runners.model.FrameworkMethod$1.runReflectiveCall(FrameworkMethod.java:59)
  at org.junit.internal.runners.model.ReflectiveCallable.run(ReflectiveCallable.java:12)
  at org.junit.runners.model.FrameworkMethod.invokeExplosively(FrameworkMethod.java:56)
  at org.junit.internal.runners.statements.InvokeMethod.evaluate(InvokeMethod.java:17)
  at org.junit.runners.ParentRunner$3.evaluate(ParentRunner.java:306)
  at org.junit.runners.BlockJUnit4ClassRunner$1.evaluate(BlockJUnit4ClassRunner.java:100)
  at org.junit.runners.ParentRunner.runLeaf(ParentRunner.java:366)
  at org.junit.runners.BlockJUnit4ClassRunner.runChild(BlockJUnit4ClassRunner.java:103)
  at org.junit.runners.BlockJUnit4ClassRunner.runChild(BlockJUnit4ClassRunner.java:63)
  at org.junit.runners.ParentRunner$4.run(ParentRunner.java:331)
  at org.junit.runners.ParentRunner$1.schedule(ParentRunner.java:79)
  at org.junit.runners.ParentRunner.runChildren(ParentRunner.java:329)
  at org.junit.runners.ParentRunner.access$100(ParentRunner.java:66)
  at org.junit.runners.ParentRunner$2.evaluate(ParentRunner.java:293)
  at org.junit.runners.ParentRunner$3.evaluate(ParentRunner.java:306)
  at org.junit.runners.ParentRunner.run(ParentRunner.java:413)
  at org.junit.runner.JUnitCore.run(JUnitCore.java:137)
  at org.junit.runner.JUnitCore.run(JUnitCore.java:115)
  at org.gradle.api.internal.tasks.testing.junit.JUnitTestExecutor.runRequest(JUnitTestExecutor.java:175)
  at org.gradle.api.internal.tasks.testing.junit.JUnitTestExecutor.accept(JUnitTestExecutor.java:84)
  at org.gradle.api.internal.tasks.testing.junit.JUnitTestExecutor.accept(JUnitTestExecutor.java:47)
  at org.gradle.api.internal.tasks.testing.junit.AbstractJUnitTestDefinitionProcessor.processTestDefinition(AbstractJUnitTestDefinitionProcessor.java:65)
  at org.gradle.api.internal.tasks.testing.SuiteTestDefinitionProcessor.processTestDefinition(SuiteTestDefinitionProcessor.java:54)
  at java.base/jdk.internal.reflect.DirectMethodHandleAccessor.invoke(DirectMethodHandleAccessor.java:104)
  at java.base/java.lang.reflect.Method.invoke(Method.java:565)
  at org.gradle.internal.dispatch.MethodInvocation.invokeOn(MethodInvocation.java:77)
  at org.gradle.internal.dispatch.ReflectionDispatch.dispatch(ReflectionDispatch.java:28)
  at org.gradle.internal.dispatch.ReflectionDispatch.dispatch(ReflectionDispatch.java:19)
  at org.gradle.internal.dispatch.ContextClassLoaderDispatch.dispatch(ContextClassLoaderDispatch.java:33)
  at org.gradle.internal.dispatch.ProxyDispatchAdapter$DispatchingInvocationHandler.invoke(ProxyDispatchAdapter.java:88)
  at jdk.proxy1/jdk.proxy1.$Proxy4.processTestDefinition(Unknown Source)
  at org.gradle.api.internal.tasks.testing.worker.TestWorker$2.run(TestWorker.java:178)
  at org.gradle.api.internal.tasks.testing.worker.TestWorker.executeAndMaintainThreadName(TestWorker.java:126)
  at org.gradle.api.internal.tasks.testing.worker.TestWorker.execute(TestWorker.java:103)
  at org.gradle.api.internal.tasks.testing.worker.TestWorker.execute(TestWorker.java:63)
  at org.gradle.process.internal.worker.child.ActionExecutionWorker.execute(ActionExecutionWorker.java:56)
  at org.gradle.process.internal.worker.child.SystemApplicationClassLoaderWorker.call(SystemApplicationClassLoaderWorker.java:122)
  at org.gradle.process.internal.worker.child.SystemApplicationClassLoaderWorker.call(SystemApplicationClassLoaderWorker.java:72)
  at worker.org.gradle.process.internal.worker.GradleWorkerMain.run(GradleWorkerMain.java:69)
  at worker.org.gradle.process.internal.worker.GradleWorkerMain.main(GradleWorkerMain.java:74)
</stacktrace>
</test-failure>


TypeScriptCompilerTests_C[jvm] > computedPropertiesInDestructuring1_ES6_ts has expected errors matching computedPropertiesInDestructuring1_ES6_errors_txt[jvm] FAILED

<test-failure test="com.xemantic.typescript.compiler.TypeScriptCompilerTests_C.checkJsFiles_ts has expected errors matching checkJsFiles_errors_txt" platform="jvm">
<message>
Expected diagnostics from baseline typescript-repo/tests/baselines/reference/checkJsFiles.errors.txt but none produced
</message>
<stacktrace>
  at com.xemantic.typescript.compiler.TypeScriptTestSupportKt.errorsMatchBaseline(TypeScriptTestSupport.kt:125)
  at com.xemantic.typescript.compiler.TypeScriptCompilerTests_C.checkJsFiles_ts has expected errors matching checkJsFiles_errors_txt(TypeScriptCompilerTests_C.kt:1204)
  at java.base/jdk.internal.reflect.DirectMethodHandleAccessor.invoke(DirectMethodHandleAccessor.java:104)
  at java.base/java.lang.reflect.Method.invoke(Method.java:565)
  at org.junit.runners.model.FrameworkMethod$1.runReflectiveCall(FrameworkMethod.java:59)
  at org.junit.internal.runners.model.ReflectiveCallable.run(ReflectiveCallable.java:12)
  at org.junit.runners.model.FrameworkMethod.invokeExplosively(FrameworkMethod.java:56)
  at org.junit.internal.runners.statements.InvokeMethod.evaluate(InvokeMethod.java:17)
  at org.junit.runners.ParentRunner$3.evaluate(ParentRunner.java:306)
  at org.junit.runners.BlockJUnit4ClassRunner$1.evaluate(BlockJUnit4ClassRunner.java:100)
  at org.junit.runners.ParentRunner.runLeaf(ParentRunner.java:366)
  at org.junit.runners.BlockJUnit4ClassRunner.runChild(BlockJUnit4ClassRunner.java:103)
  at org.junit.runners.BlockJUnit4ClassRunner.runChild(BlockJUnit4ClassRunner.java:63)
  at org.junit.runners.ParentRunner$4.run(ParentRunner.java:331)
  at org.junit.runners.ParentRunner$1.schedule(ParentRunner.java:79)
  at org.junit.runners.ParentRunner.runChildren(ParentRunner.java:329)
  at org.junit.runners.ParentRunner.access$100(ParentRunner.java:66)
  at org.junit.runners.ParentRunner$2.evaluate(ParentRunner.java:293)
  at org.junit.runners.ParentRunner$3.evaluate(ParentRunner.java:306)
  at org.junit.runners.ParentRunner.run(ParentRunner.java:413)
  at org.junit.runner.JUnitCore.run(JUnitCore.java:137)
  at org.junit.runner.JUnitCore.run(JUnitCore.java:115)
  at org.gradle.api.internal.tasks.testing.junit.JUnitTestExecutor.runRequest(JUnitTestExecutor.java:175)
  at org.gradle.api.internal.tasks.testing.junit.JUnitTestExecutor.accept(JUnitTestExecutor.java:84)
  at org.gradle.api.internal.tasks.testing.junit.JUnitTestExecutor.accept(JUnitTestExecutor.java:47)
  at org.gradle.api.internal.tasks.testing.junit.AbstractJUnitTestDefinitionProcessor.processTestDefinition(AbstractJUnitTestDefinitionProcessor.java:65)
  at org.gradle.api.internal.tasks.testing.SuiteTestDefinitionProcessor.processTestDefinition(SuiteTestDefinitionProcessor.java:54)
  at java.base/jdk.internal.reflect.DirectMethodHandleAccessor.invoke(DirectMethodHandleAccessor.java:104)
  at java.base/java.lang.reflect.Method.invoke(Method.java:565)
  at org.gradle.internal.dispatch.MethodInvocation.invokeOn(MethodInvocation.java:77)
  at org.gradle.internal.dispatch.ReflectionDispatch.dispatch(ReflectionDispatch.java:28)
  at org.gradle.internal.dispatch.ReflectionDispatch.dispatch(ReflectionDispatch.java:19)
  at org.gradle.internal.dispatch.ContextClassLoaderDispatch.dispatch(ContextClassLoaderDispatch.java:33)
  at org.gradle.internal.dispatch.ProxyDispatchAdapter$DispatchingInvocationHandler.invoke(ProxyDispatchAdapter.java:88)
  at jdk.proxy1/jdk.proxy1.$Proxy4.processTestDefinition(Unknown Source)
  at org.gradle.api.internal.tasks.testing.worker.TestWorker$2.run(TestWorker.java:178)
  at org.gradle.api.internal.tasks.testing.worker.TestWorker.executeAndMaintainThreadName(TestWorker.java:126)
  at org.gradle.api.internal.tasks.testing.worker.TestWorker.execute(TestWorker.java:103)
  at org.gradle.api.internal.tasks.testing.worker.TestWorker.execute(TestWorker.java:63)
  at org.gradle.process.internal.worker.child.ActionExecutionWorker.execute(ActionExecutionWorker.java:56)
  at org.gradle.process.internal.worker.child.SystemApplicationClassLoaderWorker.call(SystemApplicationClassLoaderWorker.java:122)
  at org.gradle.process.internal.worker.child.SystemApplicationClassLoaderWorker.call(SystemApplicationClassLoaderWorker.java:72)
  at worker.org.gradle.process.internal.worker.GradleWorkerMain.run(GradleWorkerMain.java:69)
  at worker.org.gradle.process.internal.worker.GradleWorkerMain.main(GradleWorkerMain.java:74)
</stacktrace>
</test-failure>


TypeScriptCompilerTests_C[jvm] > checkJsFiles_ts has expected errors matching checkJsFiles_errors_txt[jvm] FAILED

<test-failure test="com.xemantic.typescript.compiler.TypeScriptCompilerTests_C.constInClassExpression_ts has expected errors matching constInClassExpression_errors_txt" platform="jvm">
<message>
Expected diagnostics from baseline typescript-repo/tests/baselines/reference/constInClassExpression.errors.txt but none produced
</message>
<stacktrace>
  at com.xemantic.typescript.compiler.TypeScriptTestSupportKt.errorsMatchBaseline(TypeScriptTestSupport.kt:125)
  at com.xemantic.typescript.compiler.TypeScriptCompilerTests_C.constInClassExpression_ts has expected errors matching constInClassExpression_errors_txt(TypeScriptCompilerTests_C.kt:6524)
  at java.base/jdk.internal.reflect.DirectMethodHandleAccessor.invoke(DirectMethodHandleAccessor.java:104)
  at java.base/java.lang.reflect.Method.invoke(Method.java:565)
  at org.junit.runners.model.FrameworkMethod$1.runReflectiveCall(FrameworkMethod.java:59)
  at org.junit.internal.runners.model.ReflectiveCallable.run(ReflectiveCallable.java:12)
  at org.junit.runners.model.FrameworkMethod.invokeExplosively(FrameworkMethod.java:56)
  at org.junit.internal.runners.statements.InvokeMethod.evaluate(InvokeMethod.java:17)
  at org.junit.runners.ParentRunner$3.evaluate(ParentRunner.java:306)
  at org.junit.runners.BlockJUnit4ClassRunner$1.evaluate(BlockJUnit4ClassRunner.java:100)
  at org.junit.runners.ParentRunner.runLeaf(ParentRunner.java:366)
  at org.junit.runners.BlockJUnit4ClassRunner.runChild(BlockJUnit4ClassRunner.java:103)
  at org.junit.runners.BlockJUnit4ClassRunner.runChild(BlockJUnit4ClassRunner.java:63)
  at org.junit.runners.ParentRunner$4.run(ParentRunner.java:331)
  at org.junit.runners.ParentRunner$1.schedule(ParentRunner.java:79)
  at org.junit.runners.ParentRunner.runChildren(ParentRunner.java:329)
  at org.junit.runners.ParentRunner.access$100(ParentRunner.java:66)
  at org.junit.runners.ParentRunner$2.evaluate(ParentRunner.java:293)
  at org.junit.runners.ParentRunner$3.evaluate(ParentRunner.java:306)
  at org.junit.runners.ParentRunner.run(ParentRunner.java:413)
  at org.junit.runner.JUnitCore.run(JUnitCore.java:137)
  at org.junit.runner.JUnitCore.run(JUnitCore.java:115)
  at org.gradle.api.internal.tasks.testing.junit.JUnitTestExecutor.runRequest(JUnitTestExecutor.java:175)
  at org.gradle.api.internal.tasks.testing.junit.JUnitTestExecutor.accept(JUnitTestExecutor.java:84)
  at org.gradle.api.internal.tasks.testing.junit.JUnitTestExecutor.accept(JUnitTestExecutor.java:47)
  at org.gradle.api.internal.tasks.testing.junit.AbstractJUnitTestDefinitionProcessor.processTestDefinition(AbstractJUnitTestDefinitionProcessor.java:65)
  at org.gradle.api.internal.tasks.testing.SuiteTestDefinitionProcessor.processTestDefinition(SuiteTestDefinitionProcessor.java:54)
  at java.base/jdk.internal.reflect.DirectMethodHandleAccessor.invoke(DirectMethodHandleAccessor.java:104)
  at java.base/java.lang.reflect.Method.invoke(Method.java:565)
  at org.gradle.internal.dispatch.MethodInvocation.invokeOn(MethodInvocation.java:77)
  at org.gradle.internal.dispatch.ReflectionDispatch.dispatch(ReflectionDispatch.java:28)
  at org.gradle.internal.dispatch.ReflectionDispatch.dispatch(ReflectionDispatch.java:19)
  at org.gradle.internal.dispatch.ContextClassLoaderDispatch.dispatch(ContextClassLoaderDispatch.java:33)
  at org.gradle.internal.dispatch.ProxyDispatchAdapter$DispatchingInvocationHandler.invoke(ProxyDispatchAdapter.java:88)
  at jdk.proxy1/jdk.proxy1.$Proxy4.processTestDefinition(Unknown Source)
  at org.gradle.api.internal.tasks.testing.worker.TestWorker$2.run(TestWorker.java:178)
  at org.gradle.api.internal.tasks.testing.worker.TestWorker.executeAndMaintainThreadName(TestWorker.java:126)
  at org.gradle.api.internal.tasks.testing.worker.TestWorker.execute(TestWorker.java:103)
  at org.gradle.api.internal.tasks.testing.worker.TestWorker.execute(TestWorker.java:63)
  at org.gradle.process.internal.worker.child.ActionExecutionWorker.execute(ActionExecutionWorker.java:56)
  at org.gradle.process.internal.worker.child.SystemApplicationClassLoaderWorker.call(SystemApplicationClassLoaderWorker.java:122)
  at org.gradle.process.internal.worker.child.SystemApplicationClassLoaderWorker.call(SystemApplicationClassLoaderWorker.java:72)
  at worker.org.gradle.process.internal.worker.GradleWorkerMain.run(GradleWorkerMain.java:69)
  at worker.org.gradle.process.internal.worker.GradleWorkerMain.main(GradleWorkerMain.java:74)
</stacktrace>
</test-failure>


TypeScriptCompilerTests_C[jvm] > constInClassExpression_ts has expected errors matching constInClassExpression_errors_txt[jvm] FAILED

<test-failure test="com.xemantic.typescript.compiler.TypeScriptCompilerTests_C.classTypeParametersInStatics_ts has expected errors matching classTypeParametersInStatics_errors_txt" platform="jvm">
<message>
--- expected
+++ actual
@@ -1,15 +1,8 @@
 classTypeParametersInStatics.ts(5,16): error TS2564: Property 'next' has no initializer and is not definitely assigned in the constructor.
 classTypeParametersInStatics.ts(6,16): error TS2564: Property 'prev' has no initializer and is not definitely assigned in the constructor.
-classTypeParametersInStatics.ts(12,40): error TS2302: Static members cannot reference class type parameters.
-classTypeParametersInStatics.ts(13,29): error TS2302: Static members cannot reference class type parameters.
-classTypeParametersInStatics.ts(13,43): error TS2302: Static members cannot reference class type parameters.
-classTypeParametersInStatics.ts(20,52): error TS2345: Argument of type 'null' is not assignable to parameter of type 'T'.
-  'T' could be instantiated with an arbitrary type which could be unrelated to 'null'.
-classTypeParametersInStatics.ts(27,52): error TS2345: Argument of type 'null' is not assignable to parameter of type 'U'.
-  'U' could be instantiated with an arbitrary type which could be unrelated to 'null'.
 
 
-==== classTypeParametersInStatics.ts (7 errors) ====
+==== classTypeParametersInStatics.ts (2 errors) ====
     namespace Editor {
     
     
@@ -26,13 +19,7 @@
             }
     
             public static MakeHead(): List<T> { // should error
-                                           ~
-!!! error TS2302: Static members cannot reference class type parameters.
                 var entry: List<T> = new List<T>(true, null);
-                                ~
-!!! error TS2302: Static members cannot reference class type parameters.
-                                              ~
-!!! error TS2302: Static members cannot reference class type parameters.
                 entry.prev = entry;
                 entry.next = entry;
                 return entry;
@@ -40,9 +27,6 @@
     
             public static MakeHead2<T>(): List<T> { // should not error
                 var entry: List<T> = new List<T>(true, null);
-                                                       ~~~~
-!!! error TS2345: Argument of type 'null' is not assignable to parameter of type 'T'.
-!!! error TS2345:   'T' could be instantiated with an arbitrary type which could be unrelated to 'null'.
                 entry.prev = entry;
                 entry.next = entry;
                 return entry;
@@ -50,9 +34,6 @@
     
             public static MakeHead3<U>(): List<U> { // should not error
                 var entry: List<U> = new List<U>(true, null);
-                                                       ~~~~
-!!! error TS2345: Argument of type 'null' is not assignable to parameter of type 'U'.
-!!! error TS2345:   'U' could be instantiated with an arbitrary type which could be unrelated to 'null'.
                 entry.prev = entry;
                 entry.next = entry;
                 return entry;

</message>
<stacktrace>
  at org.junit.Assert.fail(Assert.java:89)
  at kotlin.test.junit.JUnitAsserter.fail(JUnitSupport.kt:56)
  at kotlin.test.AssertionsKt__AssertionsKt.fail(Assertions.kt:563)
  at kotlin.test.AssertionsKt.fail(Unknown Source)
  at com.xemantic.kotlin.test.SameAsKt.sameAs(SameAs.kt:52)
  at com.xemantic.typescript.compiler.TypeScriptTestSupportKt.errorsMatchBaseline(TypeScriptTestSupport.kt:135)
  at com.xemantic.typescript.compiler.TypeScriptCompilerTests_C.classTypeParametersInStatics_ts has expected errors matching classTypeParametersInStatics_errors_txt(TypeScriptCompilerTests_C.kt:2933)
  at java.base/jdk.internal.reflect.DirectMethodHandleAccessor.invoke(DirectMethodHandleAccessor.java:104)
  at java.base/java.lang.reflect.Method.invoke(Method.java:565)
  at org.junit.runners.model.FrameworkMethod$1.runReflectiveCall(FrameworkMethod.java:59)
  at org.junit.internal.runners.model.ReflectiveCallable.run(ReflectiveCallable.java:12)
  at org.junit.runners.model.FrameworkMethod.invokeExplosively(FrameworkMethod.java:56)
  at org.junit.internal.runners.statements.InvokeMethod.evaluate(InvokeMethod.java:17)
  at org.junit.runners.ParentRunner$3.evaluate(ParentRunner.java:306)
  at org.junit.runners.BlockJUnit4ClassRunner$1.evaluate(BlockJUnit4ClassRunner.java:100)
  at org.junit.runners.ParentRunner.runLeaf(ParentRunner.java:366)
  at org.junit.runners.BlockJUnit4ClassRunner.runChild(BlockJUnit4ClassRunner.java:103)
  at org.junit.runners.BlockJUnit4ClassRunner.runChild(BlockJUnit4ClassRunner.java:63)
  at org.junit.runners.ParentRunner$4.run(ParentRunner.java:331)
  at org.junit.runners.ParentRunner$1.schedule(ParentRunner.java:79)
  at org.junit.runners.ParentRunner.runChildren(ParentRunner.java:329)
  at org.junit.runners.ParentRunner.access$100(ParentRunner.java:66)
  at org.junit.runners.ParentRunner$2.evaluate(ParentRunner.java:293)
  at org.junit.runners.ParentRunner$3.evaluate(ParentRunner.java:306)
  at org.junit.runners.ParentRunner.run(ParentRunner.java:413)
  at org.junit.runner.JUnitCore.run(JUnitCore.java:137)
  at org.junit.runner.JUnitCore.run(JUnitCore.java:115)
  at org.gradle.api.internal.tasks.testing.junit.JUnitTestExecutor.runRequest(JUnitTestExecutor.java:175)
  at org.gradle.api.internal.tasks.testing.junit.JUnitTestExecutor.accept(JUnitTestExecutor.java:84)
  at org.gradle.api.internal.tasks.testing.junit.JUnitTestExecutor.accept(JUnitTestExecutor.java:47)
  at org.gradle.api.internal.tasks.testing.junit.AbstractJUnitTestDefinitionProcessor.processTestDefinition(AbstractJUnitTestDefinitionProcessor.java:65)
  at org.gradle.api.internal.tasks.testing.SuiteTestDefinitionProcessor.processTestDefinition(SuiteTestDefinitionProcessor.java:54)
  at java.base/jdk.internal.reflect.DirectMethodHandleAccessor.invoke(DirectMethodHandleAccessor.java:104)
  at java.base/java.lang.reflect.Method.invoke(Method.java:565)
  at org.gradle.internal.dispatch.MethodInvocation.invokeOn(MethodInvocation.java:77)
  at org.gradle.internal.dispatch.ReflectionDispatch.dispatch(ReflectionDispatch.java:28)
  at org.gradle.internal.dispatch.ReflectionDispatch.dispatch(ReflectionDispatch.java:19)
  at org.gradle.internal.dispatch.ContextClassLoaderDispatch.dispatch(ContextClassLoaderDispatch.java:33)
  at org.gradle.internal.dispatch.ProxyDispatchAdapter$DispatchingInvocationHandler.invoke(ProxyDispatchAdapter.java:88)
  at jdk.proxy1/jdk.proxy1.$Proxy4.processTestDefinition(Unknown Source)
  at org.gradle.api.internal.tasks.testing.worker.TestWorker$2.run(TestWorker.java:178)
  at org.gradle.api.internal.tasks.testing.worker.TestWorker.executeAndMaintainThreadName(TestWorker.java:126)
  at org.gradle.api.internal.tasks.testing.worker.TestWorker.execute(TestWorker.java:103)
  at org.gradle.api.internal.tasks.testing.worker.TestWorker.execute(TestWorker.java:63)
  at org.gradle.process.internal.worker.child.ActionExecutionWorker.execute(ActionExecutionWorker.java:56)
  at org.gradle.process.internal.worker.child.SystemApplicationClassLoaderWorker.call(SystemApplicationClassLoaderWorker.java:122)
  at org.gradle.process.internal.worker.child.SystemApplicationClassLoaderWorker.call(SystemApplicationClassLoaderWorker.java:72)
  at worker.org.gradle.process.internal.worker.GradleWorkerMain.run(GradleWorkerMain.java:69)
  at worker.org.gradle.process.internal.worker.GradleWorkerMain.main(GradleWorkerMain.java:74)
</stacktrace>
</test-failure>


TypeScriptCompilerTests_C[jvm] > classTypeParametersInStatics_ts has expected errors matching classTypeParametersInStatics_errors_txt[jvm] FAILED

<test-failure test="com.xemantic.typescript.compiler.TypeScriptCompilerTests_C.classSideInheritance3_ts has expected errors matching classSideInheritance3_errors_txt" platform="jvm">
<message>
Expected diagnostics from baseline typescript-repo/tests/baselines/reference/classSideInheritance3.errors.txt but none produced
</message>
<stacktrace>
  at com.xemantic.typescript.compiler.TypeScriptTestSupportKt.errorsMatchBaseline(TypeScriptTestSupport.kt:125)
  at com.xemantic.typescript.compiler.TypeScriptCompilerTests_C.classSideInheritance3_ts has expected errors matching classSideInheritance3_errors_txt(TypeScriptCompilerTests_C.kt:2870)
  at java.base/jdk.internal.reflect.DirectMethodHandleAccessor.invoke(DirectMethodHandleAccessor.java:104)
  at java.base/java.lang.reflect.Method.invoke(Method.java:565)
  at org.junit.runners.model.FrameworkMethod$1.runReflectiveCall(FrameworkMethod.java:59)
  at org.junit.internal.runners.model.ReflectiveCallable.run(ReflectiveCallable.java:12)
  at org.junit.runners.model.FrameworkMethod.invokeExplosively(FrameworkMethod.java:56)
  at org.junit.internal.runners.statements.InvokeMethod.evaluate(InvokeMethod.java:17)
  at org.junit.runners.ParentRunner$3.evaluate(ParentRunner.java:306)
  at org.junit.runners.BlockJUnit4ClassRunner$1.evaluate(BlockJUnit4ClassRunner.java:100)
  at org.junit.runners.ParentRunner.runLeaf(ParentRunner.java:366)
  at org.junit.runners.BlockJUnit4ClassRunner.runChild(BlockJUnit4ClassRunner.java:103)
  at org.junit.runners.BlockJUnit4ClassRunner.runChild(BlockJUnit4ClassRunner.java:63)
  at org.junit.runners.ParentRunner$4.run(ParentRunner.java:331)
  at org.junit.runners.ParentRunner$1.schedule(ParentRunner.java:79)
  at org.junit.runners.ParentRunner.runChildren(ParentRunner.java:329)
  at org.junit.runners.ParentRunner.access$100(ParentRunner.java:66)
  at org.junit.runners.ParentRunner$2.evaluate(ParentRunner.java:293)
  at org.junit.runners.ParentRunner$3.evaluate(ParentRunner.java:306)
  at org.junit.runners.ParentRunner.run(ParentRunner.java:413)
  at org.junit.runner.JUnitCore.run(JUnitCore.java:137)
  at org.junit.runner.JUnitCore.run(JUnitCore.java:115)
  at org.gradle.api.internal.tasks.testing.junit.JUnitTestExecutor.runRequest(JUnitTestExecutor.java:175)
  at org.gradle.api.internal.tasks.testing.junit.JUnitTestExecutor.accept(JUnitTestExecutor.java:84)
  at org.gradle.api.internal.tasks.testing.junit.JUnitTestExecutor.accept(JUnitTestExecutor.java:47)
  at org.gradle.api.internal.tasks.testing.junit.AbstractJUnitTestDefinitionProcessor.processTestDefinition(AbstractJUnitTestDefinitionProcessor.java:65)
  at org.gradle.api.internal.tasks.testing.SuiteTestDefinitionProcessor.processTestDefinition(SuiteTestDefinitionProcessor.java:54)
  at java.base/jdk.internal.reflect.DirectMethodHandleAccessor.invoke(DirectMethodHandleAccessor.java:104)
  at java.base/java.lang.reflect.Method.invoke(Method.java:565)
  at org.gradle.internal.dispatch.MethodInvocation.invokeOn(MethodInvocation.java:77)
  at org.gradle.internal.dispatch.ReflectionDispatch.dispatch(ReflectionDispatch.java:28)
  at org.gradle.internal.dispatch.ReflectionDispatch.dispatch(ReflectionDispatch.java:19)
  at org.gradle.internal.dispatch.ContextClassLoaderDispatch.dispatch(ContextClassLoaderDispatch.java:33)
  at org.gradle.internal.dispatch.ProxyDispatchAdapter$DispatchingInvocationHandler.invoke(ProxyDispatchAdapter.java:88)
  at jdk.proxy1/jdk.proxy1.$Proxy4.processTestDefinition(Unknown Source)
  at org.gradle.api.internal.tasks.testing.worker.TestWorker$2.run(TestWorker.java:178)
  at org.gradle.api.internal.tasks.testing.worker.TestWorker.executeAndMaintainThreadName(TestWorker.java:126)
  at org.gradle.api.internal.tasks.testing.worker.TestWorker.execute(TestWorker.java:103)
  at org.gradle.api.internal.tasks.testing.worker.TestWorker.execute(TestWorker.java:63)
  at org.gradle.process.internal.worker.child.ActionExecutionWorker.execute(ActionExecutionWorker.java:56)
  at org.gradle.process.internal.worker.child.SystemApplicationClassLoaderWorker.call(SystemApplicationClassLoaderWorker.java:122)
  at org.gradle.process.internal.worker.child.SystemApplicationClassLoaderWorker.call(SystemApplicationClassLoaderWorker.java:72)
  at worker.org.gradle.process.internal.worker.GradleWorkerMain.run(GradleWorkerMain.java:69)
  at worker.org.gradle.process.internal.worker.GradleWorkerMain.main(GradleWorkerMain.java:74)
</stacktrace>
</test-failure>


TypeScriptCompilerTests_C[jvm] > classSideInheritance3_ts has expected errors matching classSideInheritance3_errors_txt[jvm] FAILED

<test-failure test="com.xemantic.typescript.compiler.TypeScriptCompilerTests_C.circularGetAccessor_ts__noimplicitany_true__has expected errors matching baseline" platform="jvm">
<message>
Expected diagnostics from baseline typescript-repo/tests/baselines/reference/circularGetAccessor(noimplicitany=true).errors.txt but none produced
</message>
<stacktrace>
  at com.xemantic.typescript.compiler.TypeScriptTestSupportKt.errorsMatchBaseline(TypeScriptTestSupport.kt:125)
  at com.xemantic.typescript.compiler.TypeScriptCompilerTests_C.circularGetAccessor_ts__noimplicitany_true__has expected errors matching baseline(TypeScriptCompilerTests_C.kt:1645)
  at java.base/jdk.internal.reflect.DirectMethodHandleAccessor.invoke(DirectMethodHandleAccessor.java:104)
  at java.base/java.lang.reflect.Method.invoke(Method.java:565)
  at org.junit.runners.model.FrameworkMethod$1.runReflectiveCall(FrameworkMethod.java:59)
  at org.junit.internal.runners.model.ReflectiveCallable.run(ReflectiveCallable.java:12)
  at org.junit.runners.model.FrameworkMethod.invokeExplosively(FrameworkMethod.java:56)
  at org.junit.internal.runners.statements.InvokeMethod.evaluate(InvokeMethod.java:17)
  at org.junit.runners.ParentRunner$3.evaluate(ParentRunner.java:306)
  at org.junit.runners.BlockJUnit4ClassRunner$1.evaluate(BlockJUnit4ClassRunner.java:100)
  at org.junit.runners.ParentRunner.runLeaf(ParentRunner.java:366)
  at org.junit.runners.BlockJUnit4ClassRunner.runChild(BlockJUnit4ClassRunner.java:103)
  at org.junit.runners.BlockJUnit4ClassRunner.runChild(BlockJUnit4ClassRunner.java:63)
  at org.junit.runners.ParentRunner$4.run(ParentRunner.java:331)
  at org.junit.runners.ParentRunner$1.schedule(ParentRunner.java:79)
  at org.junit.runners.ParentRunner.runChildren(ParentRunner.java:329)
  at org.junit.runners.ParentRunner.access$100(ParentRunner.java:66)
  at org.junit.runners.ParentRunner$2.evaluate(ParentRunner.java:293)
  at org.junit.runners.ParentRunner$3.evaluate(ParentRunner.java:306)
  at org.junit.runners.ParentRunner.run(ParentRunner.java:413)
  at org.junit.runner.JUnitCore.run(JUnitCore.java:137)
  at org.junit.runner.JUnitCore.run(JUnitCore.java:115)
  at org.gradle.api.internal.tasks.testing.junit.JUnitTestExecutor.runRequest(JUnitTestExecutor.java:175)
  at org.gradle.api.internal.tasks.testing.junit.JUnitTestExecutor.accept(JUnitTestExecutor.java:84)
  at org.gradle.api.internal.tasks.testing.junit.JUnitTestExecutor.accept(JUnitTestExecutor.java:47)
  at org.gradle.api.internal.tasks.testing.junit.AbstractJUnitTestDefinitionProcessor.processTestDefinition(AbstractJUnitTestDefinitionProcessor.java:65)
  at org.gradle.api.internal.tasks.testing.SuiteTestDefinitionProcessor.processTestDefinition(SuiteTestDefinitionProcessor.java:54)
  at java.base/jdk.internal.reflect.DirectMethodHandleAccessor.invoke(DirectMethodHandleAccessor.java:104)
  at java.base/java.lang.reflect.Method.invoke(Method.java:565)
  at org.gradle.internal.dispatch.MethodInvocation.invokeOn(MethodInvocation.java:77)
  at org.gradle.internal.dispatch.ReflectionDispatch.dispatch(ReflectionDispatch.java:28)
  at org.gradle.internal.dispatch.ReflectionDispatch.dispatch(ReflectionDispatch.java:19)
  at org.gradle.internal.dispatch.ContextClassLoaderDispatch.dispatch(ContextClassLoaderDispatch.java:33)
  at org.gradle.internal.dispatch.ProxyDispatchAdapter$DispatchingInvocationHandler.invoke(ProxyDispatchAdapter.java:88)
  at jdk.proxy1/jdk.proxy1.$Proxy4.processTestDefinition(Unknown Source)
  at org.gradle.api.internal.tasks.testing.worker.TestWorker$2.run(TestWorker.java:178)
  at org.gradle.api.internal.tasks.testing.worker.TestWorker.executeAndMaintainThreadName(TestWorker.java:126)
  at org.gradle.api.internal.tasks.testing.worker.TestWorker.execute(TestWorker.java:103)
  at org.gradle.api.internal.tasks.testing.worker.TestWorker.execute(TestWorker.java:63)
  at org.gradle.process.internal.worker.child.ActionExecutionWorker.execute(ActionExecutionWorker.java:56)
  at org.gradle.process.internal.worker.child.SystemApplicationClassLoaderWorker.call(SystemApplicationClassLoaderWorker.java:122)
  at org.gradle.process.internal.worker.child.SystemApplicationClassLoaderWorker.call(SystemApplicationClassLoaderWorker.java:72)
  at worker.org.gradle.process.internal.worker.GradleWorkerMain.run(GradleWorkerMain.java:69)
  at worker.org.gradle.process.internal.worker.GradleWorkerMain.main(GradleWorkerMain.java:74)
</stacktrace>
</test-failure>


TypeScriptCompilerTests_C[jvm] > circularGetAccessor_ts__noimplicitany_true__has expected errors matching baseline[jvm] FAILED

<test-failure test="com.xemantic.typescript.compiler.TypeScriptCompilerTests_C.controlFlowForStatementContinueIntoIncrementor1_ts has expected errors matching controlFlowForStatementContinueIntoIncrementor1_errors_txt" platform="jvm">
<message>
Expected diagnostics from baseline typescript-repo/tests/baselines/reference/controlFlowForStatementContinueIntoIncrementor1.errors.txt but none produced
</message>
<stacktrace>
  at com.xemantic.typescript.compiler.TypeScriptTestSupportKt.errorsMatchBaseline(TypeScriptTestSupport.kt:125)
  at com.xemantic.typescript.compiler.TypeScriptCompilerTests_C.controlFlowForStatementContinueIntoIncrementor1_ts has expected errors matching controlFlowForStatementContinueIntoIncrementor1_errors_txt(TypeScriptCompilerTests_C.kt:8456)
  at java.base/jdk.internal.reflect.DirectMethodHandleAccessor.invoke(DirectMethodHandleAccessor.java:104)
  at java.base/java.lang.reflect.Method.invoke(Method.java:565)
  at org.junit.runners.model.FrameworkMethod$1.runReflectiveCall(FrameworkMethod.java:59)
  at org.junit.internal.runners.model.ReflectiveCallable.run(ReflectiveCallable.java:12)
  at org.junit.runners.model.FrameworkMethod.invokeExplosively(FrameworkMethod.java:56)
  at org.junit.internal.runners.statements.InvokeMethod.evaluate(InvokeMethod.java:17)
  at org.junit.runners.ParentRunner$3.evaluate(ParentRunner.java:306)
  at org.junit.runners.BlockJUnit4ClassRunner$1.evaluate(BlockJUnit4ClassRunner.java:100)
  at org.junit.runners.ParentRunner.runLeaf(ParentRunner.java:366)
  at org.junit.runners.BlockJUnit4ClassRunner.runChild(BlockJUnit4ClassRunner.java:103)
  at org.junit.runners.BlockJUnit4ClassRunner.runChild(BlockJUnit4ClassRunner.java:63)
  at org.junit.runners.ParentRunner$4.run(ParentRunner.java:331)
  at org.junit.runners.ParentRunner$1.schedule(ParentRunner.java:79)
  at org.junit.runners.ParentRunner.runChildren(ParentRunner.java:329)
  at org.junit.runners.ParentRunner.access$100(ParentRunner.java:66)
  at org.junit.runners.ParentRunner$2.evaluate(ParentRunner.java:293)
  at org.junit.runners.ParentRunner$3.evaluate(ParentRunner.java:306)
  at org.junit.runners.ParentRunner.run(ParentRunner.java:413)
  at org.junit.runner.JUnitCore.run(JUnitCore.java:137)
  at org.junit.runner.JUnitCore.run(JUnitCore.java:115)
  at org.gradle.api.internal.tasks.testing.junit.JUnitTestExecutor.runRequest(JUnitTestExecutor.java:175)
  at org.gradle.api.internal.tasks.testing.junit.JUnitTestExecutor.accept(JUnitTestExecutor.java:84)
  at org.gradle.api.internal.tasks.testing.junit.JUnitTestExecutor.accept(JUnitTestExecutor.java:47)
  at org.gradle.api.internal.tasks.testing.junit.AbstractJUnitTestDefinitionProcessor.processTestDefinition(AbstractJUnitTestDefinitionProcessor.java:65)
  at org.gradle.api.internal.tasks.testing.SuiteTestDefinitionProcessor.processTestDefinition(SuiteTestDefinitionProcessor.java:54)
  at java.base/jdk.internal.reflect.DirectMethodHandleAccessor.invoke(DirectMethodHandleAccessor.java:104)
  at java.base/java.lang.reflect.Method.invoke(Method.java:565)
  at org.gradle.internal.dispatch.MethodInvocation.invokeOn(MethodInvocation.java:77)
  at org.gradle.internal.dispatch.ReflectionDispatch.dispatch(ReflectionDispatch.java:28)
  at org.gradle.internal.dispatch.ReflectionDispatch.dispatch(ReflectionDispatch.java:19)
  at org.gradle.internal.dispatch.ContextClassLoaderDispatch.dispatch(ContextClassLoaderDispatch.java:33)
  at org.gradle.internal.dispatch.ProxyDispatchAdapter$DispatchingInvocationHandler.invoke(ProxyDispatchAdapter.java:88)
  at jdk.proxy1/jdk.proxy1.$Proxy4.processTestDefinition(Unknown Source)
  at org.gradle.api.internal.tasks.testing.worker.TestWorker$2.run(TestWorker.java:178)
  at org.gradle.api.internal.tasks.testing.worker.TestWorker.executeAndMaintainThreadName(TestWorker.java:126)
  at org.gradle.api.internal.tasks.testing.worker.TestWorker.execute(TestWorker.java:103)
  at org.gradle.api.internal.tasks.testing.worker.TestWorker.execute(TestWorker.java:63)
  at org.gradle.process.internal.worker.child.ActionExecutionWorker.execute(ActionExecutionWorker.java:56)
  at org.gradle.process.internal.worker.child.SystemApplicationClassLoaderWorker.call(SystemApplicationClassLoaderWorker.java:122)
  at org.gradle.process.internal.worker.child.SystemApplicationClassLoaderWorker.call(SystemApplicationClassLoaderWorker.java:72)
  at worker.org.gradle.process.internal.worker.GradleWorkerMain.run(GradleWorkerMain.java:69)
  at worker.org.gradle.process.internal.worker.GradleWorkerMain.main(GradleWorkerMain.java:74)
</stacktrace>
</test-failure>


TypeScriptCompilerTests_C[jvm] > controlFlowForStatementContinueIntoIncrementor1_ts has expected errors matching controlFlowForStatementContinueIntoIncrementor1_errors_txt[jvm] FAILED

<test-failure test="com.xemantic.typescript.compiler.TypeScriptCompilerTests_C.classNameReferencesInStaticElements_ts compiles to JavaScript matching classNameReferencesInStaticElements_js" platform="jvm">
<message>
--- expected
+++ actual
@@ -19,25 +19,16 @@
 
 //// [classNameReferencesInStaticElements.js]
 "use strict";
-var __classPrivateFieldGet = (this && this.__classPrivateFieldGet) || function (receiver, state, kind, f) {
-    if (kind === "a" && !f) throw new TypeError("Private accessor was defined without a getter");
-    if (typeof state === "function" ? receiver !== state || !f : !state.has(receiver)) throw new TypeError("Cannot read private member from an object whose class did not declare it");
-    return kind === "m" ? f : kind === "a" ? f.call(receiver) : f ? f.value : state.get(receiver);
-};
-var _Foo_instances, _a, _Foo_x;
+var _a;
 // https://github.com/microsoft/TypeScript/issues/54607
 class Foo {
-    constructor() {
-        _Foo_instances.add(this);
-    }
-    x() { __classPrivateFieldGet(this, _Foo_instances, "m", _Foo_x).call(this); }
+    #x() { console.log(Foo); }
+    x() { this.#x(); }
 }
-_a = Foo, _Foo_instances = new WeakSet(), _Foo_x = function _Foo_x() { console.log(_a); };
-(() => {
-    console.log(_a, _a);
-})();
-Foo.x = () => { console.log(_a, _a); };
-Foo.y = function () { console.log(this, _a); };
+_a = Foo;
+Foo.x = () => { console.log(_a, Foo); };
+Foo.y = function () { console.log(this, Foo); };
+(() => { console.log(this, Foo); })();
 const oldFoo = Foo;
 Foo = null;
 oldFoo.x();

</message>
<stacktrace>
  at org.junit.Assert.fail(Assert.java:89)
  at kotlin.test.junit.JUnitAsserter.fail(JUnitSupport.kt:56)
  at kotlin.test.AssertionsKt__AssertionsKt.fail(Assertions.kt:563)
  at kotlin.test.AssertionsKt.fail(Unknown Source)
  at com.xemantic.kotlin.test.SameAsKt.sameAs(SameAs.kt:52)
  at com.xemantic.typescript.compiler.TypeScriptTestSupportKt.sameAs(TypeScriptTestSupport.kt:99)
  at com.xemantic.typescript.compiler.TypeScriptCompilerTests_C.classNameReferencesInStaticElements_ts compiles to JavaScript matching classNameReferencesInStaticElements_js(TypeScriptCompilerTests_C.kt:2744)
  at java.base/jdk.internal.reflect.DirectMethodHandleAccessor.invoke(DirectMethodHandleAccessor.java:104)
  at java.base/java.lang.reflect.Method.invoke(Method.java:565)
  at org.junit.runners.model.FrameworkMethod$1.runReflectiveCall(FrameworkMethod.java:59)
  at org.junit.internal.runners.model.ReflectiveCallable.run(ReflectiveCallable.java:12)
  at org.junit.runners.model.FrameworkMethod.invokeExplosively(FrameworkMethod.java:56)
  at org.junit.internal.runners.statements.InvokeMethod.evaluate(InvokeMethod.java:17)
  at org.junit.runners.ParentRunner$3.evaluate(ParentRunner.java:306)
  at org.junit.runners.BlockJUnit4ClassRunner$1.evaluate(BlockJUnit4ClassRunner.java:100)
  at org.junit.runners.ParentRunner.runLeaf(ParentRunner.java:366)
  at org.junit.runners.BlockJUnit4ClassRunner.runChild(BlockJUnit4ClassRunner.java:103)
  at org.junit.runners.BlockJUnit4ClassRunner.runChild(BlockJUnit4ClassRunner.java:63)
  at org.junit.runners.ParentRunner$4.run(ParentRunner.java:331)
  at org.junit.runners.ParentRunner$1.schedule(ParentRunner.java:79)
  at org.junit.runners.ParentRunner.runChildren(ParentRunner.java:329)
  at org.junit.runners.ParentRunner.access$100(ParentRunner.java:66)
  at org.junit.runners.ParentRunner$2.evaluate(ParentRunner.java:293)
  at org.junit.runners.ParentRunner$3.evaluate(ParentRunner.java:306)
  at org.junit.runners.ParentRunner.run(ParentRunner.java:413)
  at org.junit.runner.JUnitCore.run(JUnitCore.java:137)
  at org.junit.runner.JUnitCore.run(JUnitCore.java:115)
  at org.gradle.api.internal.tasks.testing.junit.JUnitTestExecutor.runRequest(JUnitTestExecutor.java:175)
  at org.gradle.api.internal.tasks.testing.junit.JUnitTestExecutor.accept(JUnitTestExecutor.java:84)
  at org.gradle.api.internal.tasks.testing.junit.JUnitTestExecutor.accept(JUnitTestExecutor.java:47)
  at org.gradle.api.internal.tasks.testing.junit.AbstractJUnitTestDefinitionProcessor.processTestDefinition(AbstractJUnitTestDefinitionProcessor.java:65)
  at org.gradle.api.internal.tasks.testing.SuiteTestDefinitionProcessor.processTestDefinition(SuiteTestDefinitionProcessor.java:54)
  at java.base/jdk.internal.reflect.DirectMethodHandleAccessor.invoke(DirectMethodHandleAccessor.java:104)
  at java.base/java.lang.reflect.Method.invoke(Method.java:565)
  at org.gradle.internal.dispatch.MethodInvocation.invokeOn(MethodInvocation.java:77)
  at org.gradle.internal.dispatch.ReflectionDispatch.dispatch(ReflectionDispatch.java:28)
  at org.gradle.internal.dispatch.ReflectionDispatch.dispatch(ReflectionDispatch.java:19)
  at org.gradle.internal.dispatch.ContextClassLoaderDispatch.dispatch(ContextClassLoaderDispatch.java:33)
  at org.gradle.internal.dispatch.ProxyDispatchAdapter$DispatchingInvocationHandler.invoke(ProxyDispatchAdapter.java:88)
  at jdk.proxy1/jdk.proxy1.$Proxy4.processTestDefinition(Unknown Source)
  at org.gradle.api.internal.tasks.testing.worker.TestWorker$2.run(TestWorker.java:178)
  at org.gradle.api.internal.tasks.testing.worker.TestWorker.executeAndMaintainThreadName(TestWorker.java:126)
  at org.gradle.api.internal.tasks.testing.worker.TestWorker.execute(TestWorker.java:103)
  at org.gradle.api.internal.tasks.testing.worker.TestWorker.execute(TestWorker.java:63)
  at org.gradle.process.internal.worker.child.ActionExecutionWorker.execute(ActionExecutionWorker.java:56)
  at org.gradle.process.internal.worker.child.SystemApplicationClassLoaderWorker.call(SystemApplicationClassLoaderWorker.java:122)
  at org.gradle.process.internal.worker.child.SystemApplicationClassLoaderWorker.call(SystemApplicationClassLoaderWorker.java:72)
  at worker.org.gradle.process.internal.worker.GradleWorkerMain.run(GradleWorkerMain.java:69)
  at worker.org.gradle.process.internal.worker.GradleWorkerMain.main(GradleWorkerMain.java:74)
</stacktrace>
</test-failure>


TypeScriptCompilerTests_C[jvm] > classNameReferencesInStaticElements_ts compiles to JavaScript matching classNameReferencesInStaticElements_js[jvm] FAILED

<test-failure test="com.xemantic.typescript.compiler.TypeScriptCompilerTests_C.computedEnumMemberSyntacticallyString_ts__isolatedmodules_false__has expected errors matching baseline" platform="jvm">
<message>
Expected diagnostics from baseline typescript-repo/tests/baselines/reference/computedEnumMemberSyntacticallyString(isolatedmodules=false).errors.txt but none produced
</message>
<stacktrace>
  at com.xemantic.typescript.compiler.TypeScriptTestSupportKt.errorsMatchBaseline(TypeScriptTestSupport.kt:125)
  at com.xemantic.typescript.compiler.TypeScriptCompilerTests_C.computedEnumMemberSyntacticallyString_ts__isolatedmodules_false__has expected errors matching baseline(TypeScriptCompilerTests_C.kt:5292)
  at java.base/jdk.internal.reflect.DirectMethodHandleAccessor.invoke(DirectMethodHandleAccessor.java:104)
  at java.base/java.lang.reflect.Method.invoke(Method.java:565)
  at org.junit.runners.model.FrameworkMethod$1.runReflectiveCall(FrameworkMethod.java:59)
  at org.junit.internal.runners.model.ReflectiveCallable.run(ReflectiveCallable.java:12)
  at org.junit.runners.model.FrameworkMethod.invokeExplosively(FrameworkMethod.java:56)
  at org.junit.internal.runners.statements.InvokeMethod.evaluate(InvokeMethod.java:17)
  at org.junit.runners.ParentRunner$3.evaluate(ParentRunner.java:306)
  at org.junit.runners.BlockJUnit4ClassRunner$1.evaluate(BlockJUnit4ClassRunner.java:100)
  at org.junit.runners.ParentRunner.runLeaf(ParentRunner.java:366)
  at org.junit.runners.BlockJUnit4ClassRunner.runChild(BlockJUnit4ClassRunner.java:103)
  at org.junit.runners.BlockJUnit4ClassRunner.runChild(BlockJUnit4ClassRunner.java:63)
  at org.junit.runners.ParentRunner$4.run(ParentRunner.java:331)
  at org.junit.runners.ParentRunner$1.schedule(ParentRunner.java:79)
  at org.junit.runners.ParentRunner.runChildren(ParentRunner.java:329)
  at org.junit.runners.ParentRunner.access$100(ParentRunner.java:66)
  at org.junit.runners.ParentRunner$2.evaluate(ParentRunner.java:293)
  at org.junit.runners.ParentRunner$3.evaluate(ParentRunner.java:306)
  at org.junit.runners.ParentRunner.run(ParentRunner.java:413)
  at org.junit.runner.JUnitCore.run(JUnitCore.java:137)
  at org.junit.runner.JUnitCore.run(JUnitCore.java:115)
  at org.gradle.api.internal.tasks.testing.junit.JUnitTestExecutor.runRequest(JUnitTestExecutor.java:175)
  at org.gradle.api.internal.tasks.testing.junit.JUnitTestExecutor.accept(JUnitTestExecutor.java:84)
  at org.gradle.api.internal.tasks.testing.junit.JUnitTestExecutor.accept(JUnitTestExecutor.java:47)
  at org.gradle.api.internal.tasks.testing.junit.AbstractJUnitTestDefinitionProcessor.processTestDefinition(AbstractJUnitTestDefinitionProcessor.java:65)
  at org.gradle.api.internal.tasks.testing.SuiteTestDefinitionProcessor.processTestDefinition(SuiteTestDefinitionProcessor.java:54)
  at java.base/jdk.internal.reflect.DirectMethodHandleAccessor.invoke(DirectMethodHandleAccessor.java:104)
  at java.base/java.lang.reflect.Method.invoke(Method.java:565)
  at org.gradle.internal.dispatch.MethodInvocation.invokeOn(MethodInvocation.java:77)
  at org.gradle.internal.dispatch.ReflectionDispatch.dispatch(ReflectionDispatch.java:28)
  at org.gradle.internal.dispatch.ReflectionDispatch.dispatch(ReflectionDispatch.java:19)
  at org.gradle.internal.dispatch.ContextClassLoaderDispatch.dispatch(ContextClassLoaderDispatch.java:33)
  at org.gradle.internal.dispatch.ProxyDispatchAdapter$DispatchingInvocationHandler.invoke(ProxyDispatchAdapter.java:88)
  at jdk.proxy1/jdk.proxy1.$Proxy4.processTestDefinition(Unknown Source)
  at org.gradle.api.internal.tasks.testing.worker.TestWorker$2.run(TestWorker.java:178)
  at org.gradle.api.internal.tasks.testing.worker.TestWorker.executeAndMaintainThreadName(TestWorker.java:126)
  at org.gradle.api.internal.tasks.testing.worker.TestWorker.execute(TestWorker.java:103)
  at org.gradle.api.internal.tasks.testing.worker.TestWorker.execute(TestWorker.java:63)
  at org.gradle.process.internal.worker.child.ActionExecutionWorker.execute(ActionExecutionWorker.java:56)
  at org.gradle.process.internal.worker.child.SystemApplicationClassLoaderWorker.call(SystemApplicationClassLoaderWorker.java:122)
  at org.gradle.process.internal.worker.child.SystemApplicationClassLoaderWorker.call(SystemApplicationClassLoaderWorker.java:72)
  at worker.org.gradle.process.internal.worker.GradleWorkerMain.run(GradleWorkerMain.java:69)
  at worker.org.gradle.process.internal.worker.GradleWorkerMain.main(GradleWorkerMain.java:74)
</stacktrace>
</test-failure>


TypeScriptCompilerTests_C[jvm] > computedEnumMemberSyntacticallyString_ts__isolatedmodules_false__has expected errors matching baseline[jvm] FAILED

<test-failure test="com.xemantic.typescript.compiler.TypeScriptCompilerTests_C.circularlyConstrainedMappedTypeContainingConditionalNoInfiniteInstantiationDepth_ts has expected errors matching circularlyConstrainedMappedTypeContainingConditionalNoInfiniteInstantiationDepth_errors_txt" platform="jvm">
<message>
Expected diagnostics from baseline typescript-repo/tests/baselines/reference/circularlyConstrainedMappedTypeContainingConditionalNoInfiniteInstantiationDepth.errors.txt but none produced
</message>
<stacktrace>
  at com.xemantic.typescript.compiler.TypeScriptTestSupportKt.errorsMatchBaseline(TypeScriptTestSupport.kt:125)
  at com.xemantic.typescript.compiler.TypeScriptCompilerTests_C.circularlyConstrainedMappedTypeContainingConditionalNoInfiniteInstantiationDepth_ts has expected errors matching circularlyConstrainedMappedTypeContainingConditionalNoInfiniteInstantiationDepth_errors_txt(TypeScriptCompilerTests_C.kt:1778)
  at java.base/jdk.internal.reflect.DirectMethodHandleAccessor.invoke(DirectMethodHandleAccessor.java:104)
  at java.base/java.lang.reflect.Method.invoke(Method.java:565)
  at org.junit.runners.model.FrameworkMethod$1.runReflectiveCall(FrameworkMethod.java:59)
  at org.junit.internal.runners.model.ReflectiveCallable.run(ReflectiveCallable.java:12)
  at org.junit.runners.model.FrameworkMethod.invokeExplosively(FrameworkMethod.java:56)
  at org.junit.internal.runners.statements.InvokeMethod.evaluate(InvokeMethod.java:17)
  at org.junit.runners.ParentRunner$3.evaluate(ParentRunner.java:306)
  at org.junit.runners.BlockJUnit4ClassRunner$1.evaluate(BlockJUnit4ClassRunner.java:100)
  at org.junit.runners.ParentRunner.runLeaf(ParentRunner.java:366)
  at org.junit.runners.BlockJUnit4ClassRunner.runChild(BlockJUnit4ClassRunner.java:103)
  at org.junit.runners.BlockJUnit4ClassRunner.runChild(BlockJUnit4ClassRunner.java:63)
  at org.junit.runners.ParentRunner$4.run(ParentRunner.java:331)
  at org.junit.runners.ParentRunner$1.schedule(ParentRunner.java:79)
  at org.junit.runners.ParentRunner.runChildren(ParentRunner.java:329)
  at org.junit.runners.ParentRunner.access$100(ParentRunner.java:66)
  at org.junit.runners.ParentRunner$2.evaluate(ParentRunner.java:293)
  at org.junit.runners.ParentRunner$3.evaluate(ParentRunner.java:306)
  at org.junit.runners.ParentRunner.run(ParentRunner.java:413)
  at org.junit.runner.JUnitCore.run(JUnitCore.java:137)
  at org.junit.runner.JUnitCore.run(JUnitCore.java:115)
  at org.gradle.api.internal.tasks.testing.junit.JUnitTestExecutor.runRequest(JUnitTestExecutor.java:175)
  at org.gradle.api.internal.tasks.testing.junit.JUnitTestExecutor.accept(JUnitTestExecutor.java:84)
  at org.gradle.api.internal.tasks.testing.junit.JUnitTestExecutor.accept(JUnitTestExecutor.java:47)
  at org.gradle.api.internal.tasks.testing.junit.AbstractJUnitTestDefinitionProcessor.processTestDefinition(AbstractJUnitTestDefinitionProcessor.java:65)
  at org.gradle.api.internal.tasks.testing.SuiteTestDefinitionProcessor.processTestDefinition(SuiteTestDefinitionProcessor.java:54)
  at java.base/jdk.internal.reflect.DirectMethodHandleAccessor.invoke(DirectMethodHandleAccessor.java:104)
  at java.base/java.lang.reflect.Method.invoke(Method.java:565)
  at org.gradle.internal.dispatch.MethodInvocation.invokeOn(MethodInvocation.java:77)
  at org.gradle.internal.dispatch.ReflectionDispatch.dispatch(ReflectionDispatch.java:28)
  at org.gradle.internal.dispatch.ReflectionDispatch.dispatch(ReflectionDispatch.java:19)
  at org.gradle.internal.dispatch.ContextClassLoaderDispatch.dispatch(ContextClassLoaderDispatch.java:33)
  at org.gradle.internal.dispatch.ProxyDispatchAdapter$DispatchingInvocationHandler.invoke(ProxyDispatchAdapter.java:88)
  at jdk.proxy1/jdk.proxy1.$Proxy4.processTestDefinition(Unknown Source)
  at org.gradle.api.internal.tasks.testing.worker.TestWorker$2.run(TestWorker.java:178)
  at org.gradle.api.internal.tasks.testing.worker.TestWorker.executeAndMaintainThreadName(TestWorker.java:126)
  at org.gradle.api.internal.tasks.testing.worker.TestWorker.execute(TestWorker.java:103)
  at org.gradle.api.internal.tasks.testing.worker.TestWorker.execute(TestWorker.java:63)
  at org.gradle.process.internal.worker.child.ActionExecutionWorker.execute(ActionExecutionWorker.java:56)
  at org.gradle.process.internal.worker.child.SystemApplicationClassLoaderWorker.call(SystemApplicationClassLoaderWorker.java:122)
  at org.gradle.process.internal.worker.child.SystemApplicationClassLoaderWorker.call(SystemApplicationClassLoaderWorker.java:72)
  at worker.org.gradle.process.internal.worker.GradleWorkerMain.run(GradleWorkerMain.java:69)
  at worker.org.gradle.process.internal.worker.GradleWorkerMain.main(GradleWorkerMain.java:74)
</stacktrace>
</test-failure>


TypeScriptCompilerTests_C[jvm] > circularlyConstrainedMappedTypeContainingConditionalNoInfiniteInstantiationDepth_ts has expected errors matching circularlyConstrainedMappedTypeContainingConditionalNoInfiniteInstantiationDepth_errors_txt[jvm] FAILED

<test-failure test="com.xemantic.typescript.compiler.TypeScriptCompilerTests_C.contextualTyping41_ts has expected errors matching contextualTyping41_errors_txt" platform="jvm">
<message>
Expected diagnostics from baseline typescript-repo/tests/baselines/reference/contextualTyping41.errors.txt but none produced
</message>
<stacktrace>
  at com.xemantic.typescript.compiler.TypeScriptTestSupportKt.errorsMatchBaseline(TypeScriptTestSupport.kt:125)
  at com.xemantic.typescript.compiler.TypeScriptCompilerTests_C.contextualTyping41_ts has expected errors matching contextualTyping41_errors_txt(TypeScriptCompilerTests_C.kt:7735)
  at java.base/jdk.internal.reflect.DirectMethodHandleAccessor.invoke(DirectMethodHandleAccessor.java:104)
  at java.base/java.lang.reflect.Method.invoke(Method.java:565)
  at org.junit.runners.model.FrameworkMethod$1.runReflectiveCall(FrameworkMethod.java:59)
  at org.junit.internal.runners.model.ReflectiveCallable.run(ReflectiveCallable.java:12)
  at org.junit.runners.model.FrameworkMethod.invokeExplosively(FrameworkMethod.java:56)
  at org.junit.internal.runners.statements.InvokeMethod.evaluate(InvokeMethod.java:17)
  at org.junit.runners.ParentRunner$3.evaluate(ParentRunner.java:306)
  at org.junit.runners.BlockJUnit4ClassRunner$1.evaluate(BlockJUnit4ClassRunner.java:100)
  at org.junit.runners.ParentRunner.runLeaf(ParentRunner.java:366)
  at org.junit.runners.BlockJUnit4ClassRunner.runChild(BlockJUnit4ClassRunner.java:103)
  at org.junit.runners.BlockJUnit4ClassRunner.runChild(BlockJUnit4ClassRunner.java:63)
  at org.junit.runners.ParentRunner$4.run(ParentRunner.java:331)
  at org.junit.runners.ParentRunner$1.schedule(ParentRunner.java:79)
  at org.junit.runners.ParentRunner.runChildren(ParentRunner.java:329)
  at org.junit.runners.ParentRunner.access$100(ParentRunner.java:66)
  at org.junit.runners.ParentRunner$2.evaluate(ParentRunner.java:293)
  at org.junit.runners.ParentRunner$3.evaluate(ParentRunner.java:306)
  at org.junit.runners.ParentRunner.run(ParentRunner.java:413)
  at org.junit.runner.JUnitCore.run(JUnitCore.java:137)
  at org.junit.runner.JUnitCore.run(JUnitCore.java:115)
  at org.gradle.api.internal.tasks.testing.junit.JUnitTestExecutor.runRequest(JUnitTestExecutor.java:175)
  at org.gradle.api.internal.tasks.testing.junit.JUnitTestExecutor.accept(JUnitTestExecutor.java:84)
  at org.gradle.api.internal.tasks.testing.junit.JUnitTestExecutor.accept(JUnitTestExecutor.java:47)
  at org.gradle.api.internal.tasks.testing.junit.AbstractJUnitTestDefinitionProcessor.processTestDefinition(AbstractJUnitTestDefinitionProcessor.java:65)
  at org.gradle.api.internal.tasks.testing.SuiteTestDefinitionProcessor.processTestDefinition(SuiteTestDefinitionProcessor.java:54)
  at java.base/jdk.internal.reflect.DirectMethodHandleAccessor.invoke(DirectMethodHandleAccessor.java:104)
  at java.base/java.lang.reflect.Method.invoke(Method.java:565)
  at org.gradle.internal.dispatch.MethodInvocation.invokeOn(MethodInvocation.java:77)
  at org.gradle.internal.dispatch.ReflectionDispatch.dispatch(ReflectionDispatch.java:28)
  at org.gradle.internal.dispatch.ReflectionDispatch.dispatch(ReflectionDispatch.java:19)
  at org.gradle.internal.dispatch.ContextClassLoaderDispatch.dispatch(ContextClassLoaderDispatch.java:33)
  at org.gradle.internal.dispatch.ProxyDispatchAdapter$DispatchingInvocationHandler.invoke(ProxyDispatchAdapter.java:88)
  at jdk.proxy1/jdk.proxy1.$Proxy4.processTestDefinition(Unknown Source)
  at org.gradle.api.internal.tasks.testing.worker.TestWorker$2.run(TestWorker.java:178)
  at org.gradle.api.internal.tasks.testing.worker.TestWorker.executeAndMaintainThreadName(TestWorker.java:126)
  at org.gradle.api.internal.tasks.testing.worker.TestWorker.execute(TestWorker.java:103)
  at org.gradle.api.internal.tasks.testing.worker.TestWorker.execute(TestWorker.java:63)
  at org.gradle.process.internal.worker.child.ActionExecutionWorker.execute(ActionExecutionWorker.java:56)
  at org.gradle.process.internal.worker.child.SystemApplicationClassLoaderWorker.call(SystemApplicationClassLoaderWorker.java:122)
  at org.gradle.process.internal.worker.child.SystemApplicationClassLoaderWorker.call(SystemApplicationClassLoaderWorker.java:72)
  at worker.org.gradle.process.internal.worker.GradleWorkerMain.run(GradleWorkerMain.java:69)
  at worker.org.gradle.process.internal.worker.GradleWorkerMain.main(GradleWorkerMain.java:74)
</stacktrace>
</test-failure>


TypeScriptCompilerTests_C[jvm] > contextualTyping41_ts has expected errors matching contextualTyping41_errors_txt[jvm] FAILED

<test-failure test="com.xemantic.typescript.compiler.TypeScriptCompilerTests_C.capturedLetConstInLoop8_ES6_ts has expected errors matching capturedLetConstInLoop8_ES6_errors_txt" platform="jvm">
<message>
Expected diagnostics from baseline typescript-repo/tests/baselines/reference/capturedLetConstInLoop8_ES6.errors.txt but none produced
</message>
<stacktrace>
  at com.xemantic.typescript.compiler.TypeScriptTestSupportKt.errorsMatchBaseline(TypeScriptTestSupport.kt:125)
  at com.xemantic.typescript.compiler.TypeScriptCompilerTests_C.capturedLetConstInLoop8_ES6_ts has expected errors matching capturedLetConstInLoop8_ES6_errors_txt(TypeScriptCompilerTests_C.kt:833)
  at java.base/jdk.internal.reflect.DirectMethodHandleAccessor.invoke(DirectMethodHandleAccessor.java:104)
  at java.base/java.lang.reflect.Method.invoke(Method.java:565)
  at org.junit.runners.model.FrameworkMethod$1.runReflectiveCall(FrameworkMethod.java:59)
  at org.junit.internal.runners.model.ReflectiveCallable.run(ReflectiveCallable.java:12)
  at org.junit.runners.model.FrameworkMethod.invokeExplosively(FrameworkMethod.java:56)
  at org.junit.internal.runners.statements.InvokeMethod.evaluate(InvokeMethod.java:17)
  at org.junit.runners.ParentRunner$3.evaluate(ParentRunner.java:306)
  at org.junit.runners.BlockJUnit4ClassRunner$1.evaluate(BlockJUnit4ClassRunner.java:100)
  at org.junit.runners.ParentRunner.runLeaf(ParentRunner.java:366)
  at org.junit.runners.BlockJUnit4ClassRunner.runChild(BlockJUnit4ClassRunner.java:103)
  at org.junit.runners.BlockJUnit4ClassRunner.runChild(BlockJUnit4ClassRunner.java:63)
  at org.junit.runners.ParentRunner$4.run(ParentRunner.java:331)
  at org.junit.runners.ParentRunner$1.schedule(ParentRunner.java:79)
  at org.junit.runners.ParentRunner.runChildren(ParentRunner.java:329)
  at org.junit.runners.ParentRunner.access$100(ParentRunner.java:66)
  at org.junit.runners.ParentRunner$2.evaluate(ParentRunner.java:293)
  at org.junit.runners.ParentRunner$3.evaluate(ParentRunner.java:306)
  at org.junit.runners.ParentRunner.run(ParentRunner.java:413)
  at org.junit.runner.JUnitCore.run(JUnitCore.java:137)
  at org.junit.runner.JUnitCore.run(JUnitCore.java:115)
  at org.gradle.api.internal.tasks.testing.junit.JUnitTestExecutor.runRequest(JUnitTestExecutor.java:175)
  at org.gradle.api.internal.tasks.testing.junit.JUnitTestExecutor.accept(JUnitTestExecutor.java:84)
  at org.gradle.api.internal.tasks.testing.junit.JUnitTestExecutor.accept(JUnitTestExecutor.java:47)
  at org.gradle.api.internal.tasks.testing.junit.AbstractJUnitTestDefinitionProcessor.processTestDefinition(AbstractJUnitTestDefinitionProcessor.java:65)
  at org.gradle.api.internal.tasks.testing.SuiteTestDefinitionProcessor.processTestDefinition(SuiteTestDefinitionProcessor.java:54)
  at java.base/jdk.internal.reflect.DirectMethodHandleAccessor.invoke(DirectMethodHandleAccessor.java:104)
  at java.base/java.lang.reflect.Method.invoke(Method.java:565)
  at org.gradle.internal.dispatch.MethodInvocation.invokeOn(MethodInvocation.java:77)
  at org.gradle.internal.dispatch.ReflectionDispatch.dispatch(ReflectionDispatch.java:28)
  at org.gradle.internal.dispatch.ReflectionDispatch.dispatch(ReflectionDispatch.java:19)
  at org.gradle.internal.dispatch.ContextClassLoaderDispatch.dispatch(ContextClassLoaderDispatch.java:33)
  at org.gradle.internal.dispatch.ProxyDispatchAdapter$DispatchingInvocationHandler.invoke(ProxyDispatchAdapter.java:88)
  at jdk.proxy1/jdk.proxy1.$Proxy4.processTestDefinition(Unknown Source)
  at org.gradle.api.internal.tasks.testing.worker.TestWorker$2.run(TestWorker.java:178)
  at org.gradle.api.internal.tasks.testing.worker.TestWorker.executeAndMaintainThreadName(TestWorker.java:126)
  at org.gradle.api.internal.tasks.testing.worker.TestWorker.execute(TestWorker.java:103)
  at org.gradle.api.internal.tasks.testing.worker.TestWorker.execute(TestWorker.java:63)
  at org.gradle.process.internal.worker.child.ActionExecutionWorker.execute(ActionExecutionWorker.java:56)
  at org.gradle.process.internal.worker.child.SystemApplicationClassLoaderWorker.call(SystemApplicationClassLoaderWorker.java:122)
  at org.gradle.process.internal.worker.child.SystemApplicationClassLoaderWorker.call(SystemApplicationClassLoaderWorker.java:72)
  at worker.org.gradle.process.internal.worker.GradleWorkerMain.run(GradleWorkerMain.java:69)
  at worker.org.gradle.process.internal.worker.GradleWorkerMain.main(GradleWorkerMain.java:74)
</stacktrace>
</test-failure>


TypeScriptCompilerTests_C[jvm] > capturedLetConstInLoop8_ES6_ts has expected errors matching capturedLetConstInLoop8_ES6_errors_txt[jvm] FAILED

<test-failure test="com.xemantic.typescript.compiler.TypeScriptCompilerTests_C.checkSuperCallBeforeThisAccessing5_ts has expected errors matching checkSuperCallBeforeThisAccessing5_errors_txt" platform="jvm">
<message>
--- expected
+++ actual
@@ -1,11 +1,8 @@
-checkSuperCallBeforeThisAccessing5.ts(1,27): error TS7019: Rest parameter 'arg' implicitly has an 'any[]' type.
 checkSuperCallBeforeThisAccessing5.ts(5,15): error TS17009: 'super' must be called before accessing 'this' in the constructor of a derived class.
 
 
-==== checkSuperCallBeforeThisAccessing5.ts (2 errors) ====
+==== checkSuperCallBeforeThisAccessing5.ts (1 errors) ====
     class Based { constructor(...arg) { } }
-                              ~~~~~~
-!!! error TS7019: Rest parameter 'arg' implicitly has an 'any[]' type.
     class Derived extends Based {
         public x!: number;
         constructor() {

</message>
<stacktrace>
  at org.junit.Assert.fail(Assert.java:89)
  at kotlin.test.junit.JUnitAsserter.fail(JUnitSupport.kt:56)
  at kotlin.test.AssertionsKt__AssertionsKt.fail(Assertions.kt:563)
  at kotlin.test.AssertionsKt.fail(Unknown Source)
  at com.xemantic.kotlin.test.SameAsKt.sameAs(SameAs.kt:52)
  at com.xemantic.typescript.compiler.TypeScriptTestSupportKt.errorsMatchBaseline(TypeScriptTestSupport.kt:135)
  at com.xemantic.typescript.compiler.TypeScriptCompilerTests_C.checkSuperCallBeforeThisAccessing5_ts has expected errors matching checkSuperCallBeforeThisAccessing5_errors_txt(TypeScriptCompilerTests_C.kt:1449)
  at java.base/jdk.internal.reflect.DirectMethodHandleAccessor.invoke(DirectMethodHandleAccessor.java:104)
  at java.base/java.lang.reflect.Method.invoke(Method.java:565)
  at org.junit.runners.model.FrameworkMethod$1.runReflectiveCall(FrameworkMethod.java:59)
  at org.junit.internal.runners.model.ReflectiveCallable.run(ReflectiveCallable.java:12)
  at org.junit.runners.model.FrameworkMethod.invokeExplosively(FrameworkMethod.java:56)
  at org.junit.internal.runners.statements.InvokeMethod.evaluate(InvokeMethod.java:17)
  at org.junit.runners.ParentRunner$3.evaluate(ParentRunner.java:306)
  at org.junit.runners.BlockJUnit4ClassRunner$1.evaluate(BlockJUnit4ClassRunner.java:100)
  at org.junit.runners.ParentRunner.runLeaf(ParentRunner.java:366)
  at org.junit.runners.BlockJUnit4ClassRunner.runChild(BlockJUnit4ClassRunner.java:103)
  at org.junit.runners.BlockJUnit4ClassRunner.runChild(BlockJUnit4ClassRunner.java:63)
  at org.junit.runners.ParentRunner$4.run(ParentRunner.java:331)
  at org.junit.runners.ParentRunner$1.schedule(ParentRunner.java:79)
  at org.junit.runners.ParentRunner.runChildren(ParentRunner.java:329)
  at org.junit.runners.ParentRunner.access$100(ParentRunner.java:66)
  at org.junit.runners.ParentRunner$2.evaluate(ParentRunner.java:293)
  at org.junit.runners.ParentRunner$3.evaluate(ParentRunner.java:306)
  at org.junit.runners.ParentRunner.run(ParentRunner.java:413)
  at org.junit.runner.JUnitCore.run(JUnitCore.java:137)
  at org.junit.runner.JUnitCore.run(JUnitCore.java:115)
  at org.gradle.api.internal.tasks.testing.junit.JUnitTestExecutor.runRequest(JUnitTestExecutor.java:175)
  at org.gradle.api.internal.tasks.testing.junit.JUnitTestExecutor.accept(JUnitTestExecutor.java:84)
  at org.gradle.api.internal.tasks.testing.junit.JUnitTestExecutor.accept(JUnitTestExecutor.java:47)
  at org.gradle.api.internal.tasks.testing.junit.AbstractJUnitTestDefinitionProcessor.processTestDefinition(AbstractJUnitTestDefinitionProcessor.java:65)
  at org.gradle.api.internal.tasks.testing.SuiteTestDefinitionProcessor.processTestDefinition(SuiteTestDefinitionProcessor.java:54)
  at java.base/jdk.internal.reflect.DirectMethodHandleAccessor.invoke(DirectMethodHandleAccessor.java:104)
  at java.base/java.lang.reflect.Method.invoke(Method.java:565)
  at org.gradle.internal.dispatch.MethodInvocation.invokeOn(MethodInvocation.java:77)
  at org.gradle.internal.dispatch.ReflectionDispatch.dispatch(ReflectionDispatch.java:28)
  at org.gradle.internal.dispatch.ReflectionDispatch.dispatch(ReflectionDispatch.java:19)
  at org.gradle.internal.dispatch.ContextClassLoaderDispatch.dispatch(ContextClassLoaderDispatch.java:33)
  at org.gradle.internal.dispatch.ProxyDispatchAdapter$DispatchingInvocationHandler.invoke(ProxyDispatchAdapter.java:88)
  at jdk.proxy1/jdk.proxy1.$Proxy4.processTestDefinition(Unknown Source)
  at org.gradle.api.internal.tasks.testing.worker.TestWorker$2.run(TestWorker.java:178)
  at org.gradle.api.internal.tasks.testing.worker.TestWorker.executeAndMaintainThreadName(TestWorker.java:126)
  at org.gradle.api.internal.tasks.testing.worker.TestWorker.execute(TestWorker.java:103)
  at org.gradle.api.internal.tasks.testing.worker.TestWorker.execute(TestWorker.java:63)
  at org.gradle.process.internal.worker.child.ActionExecutionWorker.execute(ActionExecutionWorker.java:56)
  at org.gradle.process.internal.worker.child.SystemApplicationClassLoaderWorker.call(SystemApplicationClassLoaderWorker.java:122)
  at org.gradle.process.internal.worker.child.SystemApplicationClassLoaderWorker.call(SystemApplicationClassLoaderWorker.java:72)
  at worker.org.gradle.process.internal.worker.GradleWorkerMain.run(GradleWorkerMain.java:69)
  at worker.org.gradle.process.internal.worker.GradleWorkerMain.main(GradleWorkerMain.java:74)
</stacktrace>
</test-failure>


TypeScriptCompilerTests_C[jvm] > checkSuperCallBeforeThisAccessing5_ts has expected errors matching checkSuperCallBeforeThisAccessing5_errors_txt[jvm] FAILED

<test-failure test="com.xemantic.typescript.compiler.TypeScriptCompilerTests_C.commonSourceDirectory_dts_ts has expected errors matching commonSourceDirectory_dts_errors_txt" platform="jvm">
<message>
Expected diagnostics from baseline typescript-repo/tests/baselines/reference/commonSourceDirectory_dts.errors.txt but none produced
</message>
<stacktrace>
  at com.xemantic.typescript.compiler.TypeScriptTestSupportKt.errorsMatchBaseline(TypeScriptTestSupport.kt:125)
  at com.xemantic.typescript.compiler.TypeScriptCompilerTests_C.commonSourceDirectory_dts_ts has expected errors matching commonSourceDirectory_dts_errors_txt(TypeScriptCompilerTests_C.kt:5082)
  at java.base/jdk.internal.reflect.DirectMethodHandleAccessor.invoke(DirectMethodHandleAccessor.java:104)
  at java.base/java.lang.reflect.Method.invoke(Method.java:565)
  at org.junit.runners.model.FrameworkMethod$1.runReflectiveCall(FrameworkMethod.java:59)
  at org.junit.internal.runners.model.ReflectiveCallable.run(ReflectiveCallable.java:12)
  at org.junit.runners.model.FrameworkMethod.invokeExplosively(FrameworkMethod.java:56)
  at org.junit.internal.runners.statements.InvokeMethod.evaluate(InvokeMethod.java:17)
  at org.junit.runners.ParentRunner$3.evaluate(ParentRunner.java:306)
  at org.junit.runners.BlockJUnit4ClassRunner$1.evaluate(BlockJUnit4ClassRunner.java:100)
  at org.junit.runners.ParentRunner.runLeaf(ParentRunner.java:366)
  at org.junit.runners.BlockJUnit4ClassRunner.runChild(BlockJUnit4ClassRunner.java:103)
  at org.junit.runners.BlockJUnit4ClassRunner.runChild(BlockJUnit4ClassRunner.java:63)
  at org.junit.runners.ParentRunner$4.run(ParentRunner.java:331)
  at org.junit.runners.ParentRunner$1.schedule(ParentRunner.java:79)
  at org.junit.runners.ParentRunner.runChildren(ParentRunner.java:329)
  at org.junit.runners.ParentRunner.access$100(ParentRunner.java:66)
  at org.junit.runners.ParentRunner$2.evaluate(ParentRunner.java:293)
  at org.junit.runners.ParentRunner$3.evaluate(ParentRunner.java:306)
  at org.junit.runners.ParentRunner.run(ParentRunner.java:413)
  at org.junit.runner.JUnitCore.run(JUnitCore.java:137)
  at org.junit.runner.JUnitCore.run(JUnitCore.java:115)
  at org.gradle.api.internal.tasks.testing.junit.JUnitTestExecutor.runRequest(JUnitTestExecutor.java:175)
  at org.gradle.api.internal.tasks.testing.junit.JUnitTestExecutor.accept(JUnitTestExecutor.java:84)
  at org.gradle.api.internal.tasks.testing.junit.JUnitTestExecutor.accept(JUnitTestExecutor.java:47)
  at org.gradle.api.internal.tasks.testing.junit.AbstractJUnitTestDefinitionProcessor.processTestDefinition(AbstractJUnitTestDefinitionProcessor.java:65)
  at org.gradle.api.internal.tasks.testing.SuiteTestDefinitionProcessor.processTestDefinition(SuiteTestDefinitionProcessor.java:54)
  at java.base/jdk.internal.reflect.DirectMethodHandleAccessor.invoke(DirectMethodHandleAccessor.java:104)
  at java.base/java.lang.reflect.Method.invoke(Method.java:565)
  at org.gradle.internal.dispatch.MethodInvocation.invokeOn(MethodInvocation.java:77)
  at org.gradle.internal.dispatch.ReflectionDispatch.dispatch(ReflectionDispatch.java:28)
  at org.gradle.internal.dispatch.ReflectionDispatch.dispatch(ReflectionDispatch.java:19)
  at org.gradle.internal.dispatch.ContextClassLoaderDispatch.dispatch(ContextClassLoaderDispatch.java:33)
  at org.gradle.internal.dispatch.ProxyDispatchAdapter$DispatchingInvocationHandler.invoke(ProxyDispatchAdapter.java:88)
  at jdk.proxy1/jdk.proxy1.$Proxy4.processTestDefinition(Unknown Source)
  at org.gradle.api.internal.tasks.testing.worker.TestWorker$2.run(TestWorker.java:178)
  at org.gradle.api.internal.tasks.testing.worker.TestWorker.executeAndMaintainThreadName(TestWorker.java:126)
  at org.gradle.api.internal.tasks.testing.worker.TestWorker.execute(TestWorker.java:103)
  at org.gradle.api.internal.tasks.testing.worker.TestWorker.execute(TestWorker.java:63)
  at org.gradle.process.internal.worker.child.ActionExecutionWorker.execute(ActionExecutionWorker.java:56)
  at org.gradle.process.internal.worker.child.SystemApplicationClassLoaderWorker.call(SystemApplicationClassLoaderWorker.java:122)
  at org.gradle.process.internal.worker.child.SystemApplicationClassLoaderWorker.call(SystemApplicationClassLoaderWorker.java:72)
  at worker.org.gradle.process.internal.worker.GradleWorkerMain.run(GradleWorkerMain.java:69)
  at worker.org.gradle.process.internal.worker.GradleWorkerMain.main(GradleWorkerMain.java:74)
</stacktrace>
</test-failure>


TypeScriptCompilerTests_C[jvm] > commonSourceDirectory_dts_ts has expected errors matching commonSourceDirectory_dts_errors_txt[jvm] FAILED

<test-failure test="com.xemantic.typescript.compiler.TypeScriptCompilerTests_C.chainedAssignmentChecking_ts has expected errors matching chainedAssignmentChecking_errors_txt" platform="jvm">
<message>
Expected diagnostics from baseline typescript-repo/tests/baselines/reference/chainedAssignmentChecking.errors.txt but none produced
</message>
<stacktrace>
  at com.xemantic.typescript.compiler.TypeScriptTestSupportKt.errorsMatchBaseline(TypeScriptTestSupport.kt:125)
  at com.xemantic.typescript.compiler.TypeScriptCompilerTests_C.chainedAssignmentChecking_ts has expected errors matching chainedAssignmentChecking_errors_txt(TypeScriptCompilerTests_C.kt:1078)
  at java.base/jdk.internal.reflect.DirectMethodHandleAccessor.invoke(DirectMethodHandleAccessor.java:104)
  at java.base/java.lang.reflect.Method.invoke(Method.java:565)
  at org.junit.runners.model.FrameworkMethod$1.runReflectiveCall(FrameworkMethod.java:59)
  at org.junit.internal.runners.model.ReflectiveCallable.run(ReflectiveCallable.java:12)
  at org.junit.runners.model.FrameworkMethod.invokeExplosively(FrameworkMethod.java:56)
  at org.junit.internal.runners.statements.InvokeMethod.evaluate(InvokeMethod.java:17)
  at org.junit.runners.ParentRunner$3.evaluate(ParentRunner.java:306)
  at org.junit.runners.BlockJUnit4ClassRunner$1.evaluate(BlockJUnit4ClassRunner.java:100)
  at org.junit.runners.ParentRunner.runLeaf(ParentRunner.java:366)
  at org.junit.runners.BlockJUnit4ClassRunner.runChild(BlockJUnit4ClassRunner.java:103)
  at org.junit.runners.BlockJUnit4ClassRunner.runChild(BlockJUnit4ClassRunner.java:63)
  at org.junit.runners.ParentRunner$4.run(ParentRunner.java:331)
  at org.junit.runners.ParentRunner$1.schedule(ParentRunner.java:79)
  at org.junit.runners.ParentRunner.runChildren(ParentRunner.java:329)
  at org.junit.runners.ParentRunner.access$100(ParentRunner.java:66)
  at org.junit.runners.ParentRunner$2.evaluate(ParentRunner.java:293)
  at org.junit.runners.ParentRunner$3.evaluate(ParentRunner.java:306)
  at org.junit.runners.ParentRunner.run(ParentRunner.java:413)
  at org.junit.runner.JUnitCore.run(JUnitCore.java:137)
  at org.junit.runner.JUnitCore.run(JUnitCore.java:115)
  at org.gradle.api.internal.tasks.testing.junit.JUnitTestExecutor.runRequest(JUnitTestExecutor.java:175)
  at org.gradle.api.internal.tasks.testing.junit.JUnitTestExecutor.accept(JUnitTestExecutor.java:84)
  at org.gradle.api.internal.tasks.testing.junit.JUnitTestExecutor.accept(JUnitTestExecutor.java:47)
  at org.gradle.api.internal.tasks.testing.junit.AbstractJUnitTestDefinitionProcessor.processTestDefinition(AbstractJUnitTestDefinitionProcessor.java:65)
  at org.gradle.api.internal.tasks.testing.SuiteTestDefinitionProcessor.processTestDefinition(SuiteTestDefinitionProcessor.java:54)
  at java.base/jdk.internal.reflect.DirectMethodHandleAccessor.invoke(DirectMethodHandleAccessor.java:104)
  at java.base/java.lang.reflect.Method.invoke(Method.java:565)
  at org.gradle.internal.dispatch.MethodInvocation.invokeOn(MethodInvocation.java:77)
  at org.gradle.internal.dispatch.ReflectionDispatch.dispatch(ReflectionDispatch.java:28)
  at org.gradle.internal.dispatch.ReflectionDispatch.dispatch(ReflectionDispatch.java:19)
  at org.gradle.internal.dispatch.ContextClassLoaderDispatch.dispatch(ContextClassLoaderDispatch.java:33)
  at org.gradle.internal.dispatch.ProxyDispatchAdapter$DispatchingInvocationHandler.invoke(ProxyDispatchAdapter.java:88)
  at jdk.proxy1/jdk.proxy1.$Proxy4.processTestDefinition(Unknown Source)
  at org.gradle.api.internal.tasks.testing.worker.TestWorker$2.run(TestWorker.java:178)
  at org.gradle.api.internal.tasks.testing.worker.TestWorker.executeAndMaintainThreadName(TestWorker.java:126)
  at org.gradle.api.internal.tasks.testing.worker.TestWorker.execute(TestWorker.java:103)
  at org.gradle.api.internal.tasks.testing.worker.TestWorker.execute(TestWorker.java:63)
  at org.gradle.process.internal.worker.child.ActionExecutionWorker.execute(ActionExecutionWorker.java:56)
  at org.gradle.process.internal.worker.child.SystemApplicationClassLoaderWorker.call(SystemApplicationClassLoaderWorker.java:122)
  at org.gradle.process.internal.worker.child.SystemApplicationClassLoaderWorker.call(SystemApplicationClassLoaderWorker.java:72)
  at worker.org.gradle.process.internal.worker.GradleWorkerMain.run(GradleWorkerMain.java:69)
  at worker.org.gradle.process.internal.worker.GradleWorkerMain.main(GradleWorkerMain.java:74)
</stacktrace>
</test-failure>


TypeScriptCompilerTests_C[jvm] > chainedAssignmentChecking_ts has expected errors matching chainedAssignmentChecking_errors_txt[jvm] FAILED

<test-failure test="com.xemantic.typescript.compiler.TypeScriptCompilerTests_C.checkMergedGlobalUMDSymbol_ts has expected errors matching checkMergedGlobalUMDSymbol_errors_txt" platform="jvm">
<message>
Expected diagnostics from baseline typescript-repo/tests/baselines/reference/checkMergedGlobalUMDSymbol.errors.txt but none produced
</message>
<stacktrace>
  at com.xemantic.typescript.compiler.TypeScriptTestSupportKt.errorsMatchBaseline(TypeScriptTestSupport.kt:125)
  at com.xemantic.typescript.compiler.TypeScriptCompilerTests_C.checkMergedGlobalUMDSymbol_ts has expected errors matching checkMergedGlobalUMDSymbol_errors_txt(TypeScriptCompilerTests_C.kt:1386)
  at java.base/jdk.internal.reflect.DirectMethodHandleAccessor.invoke(DirectMethodHandleAccessor.java:104)
  at java.base/java.lang.reflect.Method.invoke(Method.java:565)
  at org.junit.runners.model.FrameworkMethod$1.runReflectiveCall(FrameworkMethod.java:59)
  at org.junit.internal.runners.model.ReflectiveCallable.run(ReflectiveCallable.java:12)
  at org.junit.runners.model.FrameworkMethod.invokeExplosively(FrameworkMethod.java:56)
  at org.junit.internal.runners.statements.InvokeMethod.evaluate(InvokeMethod.java:17)
  at org.junit.runners.ParentRunner$3.evaluate(ParentRunner.java:306)
  at org.junit.runners.BlockJUnit4ClassRunner$1.evaluate(BlockJUnit4ClassRunner.java:100)
  at org.junit.runners.ParentRunner.runLeaf(ParentRunner.java:366)
  at org.junit.runners.BlockJUnit4ClassRunner.runChild(BlockJUnit4ClassRunner.java:103)
  at org.junit.runners.BlockJUnit4ClassRunner.runChild(BlockJUnit4ClassRunner.java:63)
  at org.junit.runners.ParentRunner$4.run(ParentRunner.java:331)
  at org.junit.runners.ParentRunner$1.schedule(ParentRunner.java:79)
  at org.junit.runners.ParentRunner.runChildren(ParentRunner.java:329)
  at org.junit.runners.ParentRunner.access$100(ParentRunner.java:66)
  at org.junit.runners.ParentRunner$2.evaluate(ParentRunner.java:293)
  at org.junit.runners.ParentRunner$3.evaluate(ParentRunner.java:306)
  at org.junit.runners.ParentRunner.run(ParentRunner.java:413)
  at org.junit.runner.JUnitCore.run(JUnitCore.java:137)
  at org.junit.runner.JUnitCore.run(JUnitCore.java:115)
  at org.gradle.api.internal.tasks.testing.junit.JUnitTestExecutor.runRequest(JUnitTestExecutor.java:175)
  at org.gradle.api.internal.tasks.testing.junit.JUnitTestExecutor.accept(JUnitTestExecutor.java:84)
  at org.gradle.api.internal.tasks.testing.junit.JUnitTestExecutor.accept(JUnitTestExecutor.java:47)
  at org.gradle.api.internal.tasks.testing.junit.AbstractJUnitTestDefinitionProcessor.processTestDefinition(AbstractJUnitTestDefinitionProcessor.java:65)
  at org.gradle.api.internal.tasks.testing.SuiteTestDefinitionProcessor.processTestDefinition(SuiteTestDefinitionProcessor.java:54)
  at java.base/jdk.internal.reflect.DirectMethodHandleAccessor.invoke(DirectMethodHandleAccessor.java:104)
  at java.base/java.lang.reflect.Method.invoke(Method.java:565)
  at org.gradle.internal.dispatch.MethodInvocation.invokeOn(MethodInvocation.java:77)
  at org.gradle.internal.dispatch.ReflectionDispatch.dispatch(ReflectionDispatch.java:28)
  at org.gradle.internal.dispatch.ReflectionDispatch.dispatch(ReflectionDispatch.java:19)
  at org.gradle.internal.dispatch.ContextClassLoaderDispatch.dispatch(ContextClassLoaderDispatch.java:33)
  at org.gradle.internal.dispatch.ProxyDispatchAdapter$DispatchingInvocationHandler.invoke(ProxyDispatchAdapter.java:88)
  at jdk.proxy1/jdk.proxy1.$Proxy4.processTestDefinition(Unknown Source)
  at org.gradle.api.internal.tasks.testing.worker.TestWorker$2.run(TestWorker.java:178)
  at org.gradle.api.internal.tasks.testing.worker.TestWorker.executeAndMaintainThreadName(TestWorker.java:126)
  at org.gradle.api.internal.tasks.testing.worker.TestWorker.execute(TestWorker.java:103)
  at org.gradle.api.internal.tasks.testing.worker.TestWorker.execute(TestWorker.java:63)
  at org.gradle.process.internal.worker.child.ActionExecutionWorker.execute(ActionExecutionWorker.java:56)
  at org.gradle.process.internal.worker.child.SystemApplicationClassLoaderWorker.call(SystemApplicationClassLoaderWorker.java:122)
  at org.gradle.process.internal.worker.child.SystemApplicationClassLoaderWorker.call(SystemApplicationClassLoaderWorker.java:72)
  at worker.org.gradle.process.internal.worker.GradleWorkerMain.run(GradleWorkerMain.java:69)
  at worker.org.gradle.process.internal.worker.GradleWorkerMain.main(GradleWorkerMain.java:74)
</stacktrace>
</test-failure>


TypeScriptCompilerTests_C[jvm] > checkMergedGlobalUMDSymbol_ts has expected errors matching checkMergedGlobalUMDSymbol_errors_txt[jvm] FAILED

<test-failure test="com.xemantic.typescript.compiler.TypeScriptCompilerTests_C.conditionalExpression1_ts has expected errors matching conditionalExpression1_errors_txt" platform="jvm">
<message>
Expected diagnostics from baseline typescript-repo/tests/baselines/reference/conditionalExpression1.errors.txt but none produced
</message>
<stacktrace>
  at com.xemantic.typescript.compiler.TypeScriptTestSupportKt.errorsMatchBaseline(TypeScriptTestSupport.kt:125)
  at com.xemantic.typescript.compiler.TypeScriptCompilerTests_C.conditionalExpression1_ts has expected errors matching conditionalExpression1_errors_txt(TypeScriptCompilerTests_C.kt:5558)
  at java.base/jdk.internal.reflect.DirectMethodHandleAccessor.invoke(DirectMethodHandleAccessor.java:104)
  at java.base/java.lang.reflect.Method.invoke(Method.java:565)
  at org.junit.runners.model.FrameworkMethod$1.runReflectiveCall(FrameworkMethod.java:59)
  at org.junit.internal.runners.model.ReflectiveCallable.run(ReflectiveCallable.java:12)
  at org.junit.runners.model.FrameworkMethod.invokeExplosively(FrameworkMethod.java:56)
  at org.junit.internal.runners.statements.InvokeMethod.evaluate(InvokeMethod.java:17)
  at org.junit.runners.ParentRunner$3.evaluate(ParentRunner.java:306)
  at org.junit.runners.BlockJUnit4ClassRunner$1.evaluate(BlockJUnit4ClassRunner.java:100)
  at org.junit.runners.ParentRunner.runLeaf(ParentRunner.java:366)
  at org.junit.runners.BlockJUnit4ClassRunner.runChild(BlockJUnit4ClassRunner.java:103)
  at org.junit.runners.BlockJUnit4ClassRunner.runChild(BlockJUnit4ClassRunner.java:63)
  at org.junit.runners.ParentRunner$4.run(ParentRunner.java:331)
  at org.junit.runners.ParentRunner$1.schedule(ParentRunner.java:79)
  at org.junit.runners.ParentRunner.runChildren(ParentRunner.java:329)
  at org.junit.runners.ParentRunner.access$100(ParentRunner.java:66)
  at org.junit.runners.ParentRunner$2.evaluate(ParentRunner.java:293)
  at org.junit.runners.ParentRunner$3.evaluate(ParentRunner.java:306)
  at org.junit.runners.ParentRunner.run(ParentRunner.java:413)
  at org.junit.runner.JUnitCore.run(JUnitCore.java:137)
  at org.junit.runner.JUnitCore.run(JUnitCore.java:115)
  at org.gradle.api.internal.tasks.testing.junit.JUnitTestExecutor.runRequest(JUnitTestExecutor.java:175)
  at org.gradle.api.internal.tasks.testing.junit.JUnitTestExecutor.accept(JUnitTestExecutor.java:84)
  at org.gradle.api.internal.tasks.testing.junit.JUnitTestExecutor.accept(JUnitTestExecutor.java:47)
  at org.gradle.api.internal.tasks.testing.junit.AbstractJUnitTestDefinitionProcessor.processTestDefinition(AbstractJUnitTestDefinitionProcessor.java:65)
  at org.gradle.api.internal.tasks.testing.SuiteTestDefinitionProcessor.processTestDefinition(SuiteTestDefinitionProcessor.java:54)
  at java.base/jdk.internal.reflect.DirectMethodHandleAccessor.invoke(DirectMethodHandleAccessor.java:104)
  at java.base/java.lang.reflect.Method.invoke(Method.java:565)
  at org.gradle.internal.dispatch.MethodInvocation.invokeOn(MethodInvocation.java:77)
  at org.gradle.internal.dispatch.ReflectionDispatch.dispatch(ReflectionDispatch.java:28)
  at org.gradle.internal.dispatch.ReflectionDispatch.dispatch(ReflectionDispatch.java:19)
  at org.gradle.internal.dispatch.ContextClassLoaderDispatch.dispatch(ContextClassLoaderDispatch.java:33)
  at org.gradle.internal.dispatch.ProxyDispatchAdapter$DispatchingInvocationHandler.invoke(ProxyDispatchAdapter.java:88)
  at jdk.proxy1/jdk.proxy1.$Proxy4.processTestDefinition(Unknown Source)
  at org.gradle.api.internal.tasks.testing.worker.TestWorker$2.run(TestWorker.java:178)
  at org.gradle.api.internal.tasks.testing.worker.TestWorker.executeAndMaintainThreadName(TestWorker.java:126)
  at org.gradle.api.internal.tasks.testing.worker.TestWorker.execute(TestWorker.java:103)
  at org.gradle.api.internal.tasks.testing.worker.TestWorker.execute(TestWorker.java:63)
  at org.gradle.process.internal.worker.child.ActionExecutionWorker.execute(ActionExecutionWorker.java:56)
  at org.gradle.process.internal.worker.child.SystemApplicationClassLoaderWorker.call(SystemApplicationClassLoaderWorker.java:122)
  at org.gradle.process.internal.worker.child.SystemApplicationClassLoaderWorker.call(SystemApplicationClassLoaderWorker.java:72)
  at worker.org.gradle.process.internal.worker.GradleWorkerMain.run(GradleWorkerMain.java:69)
  at worker.org.gradle.process.internal.worker.GradleWorkerMain.main(GradleWorkerMain.java:74)
</stacktrace>
</test-failure>


TypeScriptCompilerTests_C[jvm] > conditionalExpression1_ts has expected errors matching conditionalExpression1_errors_txt[jvm] FAILED

<test-failure test="com.xemantic.typescript.compiler.TypeScriptCompilerTests_C.classImplementsClass4_ts has expected errors matching classImplementsClass4_errors_txt" platform="jvm">
<message>
Expected diagnostics from baseline typescript-repo/tests/baselines/reference/classImplementsClass4.errors.txt but none produced
</message>
<stacktrace>
  at com.xemantic.typescript.compiler.TypeScriptTestSupportKt.errorsMatchBaseline(TypeScriptTestSupport.kt:125)
  at com.xemantic.typescript.compiler.TypeScriptCompilerTests_C.classImplementsClass4_ts has expected errors matching classImplementsClass4_errors_txt(TypeScriptCompilerTests_C.kt:2401)
  at java.base/jdk.internal.reflect.DirectMethodHandleAccessor.invoke(DirectMethodHandleAccessor.java:104)
  at java.base/java.lang.reflect.Method.invoke(Method.java:565)
  at org.junit.runners.model.FrameworkMethod$1.runReflectiveCall(FrameworkMethod.java:59)
  at org.junit.internal.runners.model.ReflectiveCallable.run(ReflectiveCallable.java:12)
  at org.junit.runners.model.FrameworkMethod.invokeExplosively(FrameworkMethod.java:56)
  at org.junit.internal.runners.statements.InvokeMethod.evaluate(InvokeMethod.java:17)
  at org.junit.runners.ParentRunner$3.evaluate(ParentRunner.java:306)
  at org.junit.runners.BlockJUnit4ClassRunner$1.evaluate(BlockJUnit4ClassRunner.java:100)
  at org.junit.runners.ParentRunner.runLeaf(ParentRunner.java:366)
  at org.junit.runners.BlockJUnit4ClassRunner.runChild(BlockJUnit4ClassRunner.java:103)
  at org.junit.runners.BlockJUnit4ClassRunner.runChild(BlockJUnit4ClassRunner.java:63)
  at org.junit.runners.ParentRunner$4.run(ParentRunner.java:331)
  at org.junit.runners.ParentRunner$1.schedule(ParentRunner.java:79)
  at org.junit.runners.ParentRunner.runChildren(ParentRunner.java:329)
  at org.junit.runners.ParentRunner.access$100(ParentRunner.java:66)
  at org.junit.runners.ParentRunner$2.evaluate(ParentRunner.java:293)
  at org.junit.runners.ParentRunner$3.evaluate(ParentRunner.java:306)
  at org.junit.runners.ParentRunner.run(ParentRunner.java:413)
  at org.junit.runner.JUnitCore.run(JUnitCore.java:137)
  at org.junit.runner.JUnitCore.run(JUnitCore.java:115)
  at org.gradle.api.internal.tasks.testing.junit.JUnitTestExecutor.runRequest(JUnitTestExecutor.java:175)
  at org.gradle.api.internal.tasks.testing.junit.JUnitTestExecutor.accept(JUnitTestExecutor.java:84)
  at org.gradle.api.internal.tasks.testing.junit.JUnitTestExecutor.accept(JUnitTestExecutor.java:47)
  at org.gradle.api.internal.tasks.testing.junit.AbstractJUnitTestDefinitionProcessor.processTestDefinition(AbstractJUnitTestDefinitionProcessor.java:65)
  at org.gradle.api.internal.tasks.testing.SuiteTestDefinitionProcessor.processTestDefinition(SuiteTestDefinitionProcessor.java:54)
  at java.base/jdk.internal.reflect.DirectMethodHandleAccessor.invoke(DirectMethodHandleAccessor.java:104)
  at java.base/java.lang.reflect.Method.invoke(Method.java:565)
  at org.gradle.internal.dispatch.MethodInvocation.invokeOn(MethodInvocation.java:77)
  at org.gradle.internal.dispatch.ReflectionDispatch.dispatch(ReflectionDispatch.java:28)
  at org.gradle.internal.dispatch.ReflectionDispatch.dispatch(ReflectionDispatch.java:19)
  at org.gradle.internal.dispatch.ContextClassLoaderDispatch.dispatch(ContextClassLoaderDispatch.java:33)
  at org.gradle.internal.dispatch.ProxyDispatchAdapter$DispatchingInvocationHandler.invoke(ProxyDispatchAdapter.java:88)
  at jdk.proxy1/jdk.proxy1.$Proxy4.processTestDefinition(Unknown Source)
  at org.gradle.api.internal.tasks.testing.worker.TestWorker$2.run(TestWorker.java:178)
  at org.gradle.api.internal.tasks.testing.worker.TestWorker.executeAndMaintainThreadName(TestWorker.java:126)
  at org.gradle.api.internal.tasks.testing.worker.TestWorker.execute(TestWorker.java:103)
  at org.gradle.api.internal.tasks.testing.worker.TestWorker.execute(TestWorker.java:63)
  at org.gradle.process.internal.worker.child.ActionExecutionWorker.execute(ActionExecutionWorker.java:56)
  at org.gradle.process.internal.worker.child.SystemApplicationClassLoaderWorker.call(SystemApplicationClassLoaderWorker.java:122)
  at org.gradle.process.internal.worker.child.SystemApplicationClassLoaderWorker.call(SystemApplicationClassLoaderWorker.java:72)
  at worker.org.gradle.process.internal.worker.GradleWorkerMain.run(GradleWorkerMain.java:69)
  at worker.org.gradle.process.internal.worker.GradleWorkerMain.main(GradleWorkerMain.java:74)
</stacktrace>
</test-failure>


TypeScriptCompilerTests_C[jvm] > classImplementsClass4_ts has expected errors matching classImplementsClass4_errors_txt[jvm] FAILED

<test-failure test="com.xemantic.typescript.compiler.TypeScriptCompilerTests_C.contextualTyping_ts has expected errors matching contextualTyping_errors_txt" platform="jvm">
<message>
Expected diagnostics from baseline typescript-repo/tests/baselines/reference/contextualTyping.errors.txt but none produced
</message>
<stacktrace>
  at com.xemantic.typescript.compiler.TypeScriptTestSupportKt.errorsMatchBaseline(TypeScriptTestSupport.kt:125)
  at com.xemantic.typescript.compiler.TypeScriptCompilerTests_C.contextualTyping_ts has expected errors matching contextualTyping_errors_txt(TypeScriptCompilerTests_C.kt:7392)
  at java.base/jdk.internal.reflect.DirectMethodHandleAccessor.invoke(DirectMethodHandleAccessor.java:104)
  at java.base/java.lang.reflect.Method.invoke(Method.java:565)
  at org.junit.runners.model.FrameworkMethod$1.runReflectiveCall(FrameworkMethod.java:59)
  at org.junit.internal.runners.model.ReflectiveCallable.run(ReflectiveCallable.java:12)
  at org.junit.runners.model.FrameworkMethod.invokeExplosively(FrameworkMethod.java:56)
  at org.junit.internal.runners.statements.InvokeMethod.evaluate(InvokeMethod.java:17)
  at org.junit.runners.ParentRunner$3.evaluate(ParentRunner.java:306)
  at org.junit.runners.BlockJUnit4ClassRunner$1.evaluate(BlockJUnit4ClassRunner.java:100)
  at org.junit.runners.ParentRunner.runLeaf(ParentRunner.java:366)
  at org.junit.runners.BlockJUnit4ClassRunner.runChild(BlockJUnit4ClassRunner.java:103)
  at org.junit.runners.BlockJUnit4ClassRunner.runChild(BlockJUnit4ClassRunner.java:63)
  at org.junit.runners.ParentRunner$4.run(ParentRunner.java:331)
  at org.junit.runners.ParentRunner$1.schedule(ParentRunner.java:79)
  at org.junit.runners.ParentRunner.runChildren(ParentRunner.java:329)
  at org.junit.runners.ParentRunner.access$100(ParentRunner.java:66)
  at org.junit.runners.ParentRunner$2.evaluate(ParentRunner.java:293)
  at org.junit.runners.ParentRunner$3.evaluate(ParentRunner.java:306)
  at org.junit.runners.ParentRunner.run(ParentRunner.java:413)
  at org.junit.runner.JUnitCore.run(JUnitCore.java:137)
  at org.junit.runner.JUnitCore.run(JUnitCore.java:115)
  at org.gradle.api.internal.tasks.testing.junit.JUnitTestExecutor.runRequest(JUnitTestExecutor.java:175)
  at org.gradle.api.internal.tasks.testing.junit.JUnitTestExecutor.accept(JUnitTestExecutor.java:84)
  at org.gradle.api.internal.tasks.testing.junit.JUnitTestExecutor.accept(JUnitTestExecutor.java:47)
  at org.gradle.api.internal.tasks.testing.junit.AbstractJUnitTestDefinitionProcessor.processTestDefinition(AbstractJUnitTestDefinitionProcessor.java:65)
  at org.gradle.api.internal.tasks.testing.SuiteTestDefinitionProcessor.processTestDefinition(SuiteTestDefinitionProcessor.java:54)
  at java.base/jdk.internal.reflect.DirectMethodHandleAccessor.invoke(DirectMethodHandleAccessor.java:104)
  at java.base/java.lang.reflect.Method.invoke(Method.java:565)
  at org.gradle.internal.dispatch.MethodInvocation.invokeOn(MethodInvocation.java:77)
  at org.gradle.internal.dispatch.ReflectionDispatch.dispatch(ReflectionDispatch.java:28)
  at org.gradle.internal.dispatch.ReflectionDispatch.dispatch(ReflectionDispatch.java:19)
  at org.gradle.internal.dispatch.ContextClassLoaderDispatch.dispatch(ContextClassLoaderDispatch.java:33)
  at org.gradle.internal.dispatch.ProxyDispatchAdapter$DispatchingInvocationHandler.invoke(ProxyDispatchAdapter.java:88)
  at jdk.proxy1/jdk.proxy1.$Proxy4.processTestDefinition(Unknown Source)
  at org.gradle.api.internal.tasks.testing.worker.TestWorker$2.run(TestWorker.java:178)
  at org.gradle.api.internal.tasks.testing.worker.TestWorker.executeAndMaintainThreadName(TestWorker.java:126)
  at org.gradle.api.internal.tasks.testing.worker.TestWorker.execute(TestWorker.java:103)
  at org.gradle.api.internal.tasks.testing.worker.TestWorker.execute(TestWorker.java:63)
  at org.gradle.process.internal.worker.child.ActionExecutionWorker.execute(ActionExecutionWorker.java:56)
  at org.gradle.process.internal.worker.child.SystemApplicationClassLoaderWorker.call(SystemApplicationClassLoaderWorker.java:122)
  at org.gradle.process.internal.worker.child.SystemApplicationClassLoaderWorker.call(SystemApplicationClassLoaderWorker.java:72)
  at worker.org.gradle.process.internal.worker.GradleWorkerMain.run(GradleWorkerMain.java:69)
  at worker.org.gradle.process.internal.worker.GradleWorkerMain.main(GradleWorkerMain.java:74)
</stacktrace>
</test-failure>


TypeScriptCompilerTests_C[jvm] > contextualTyping_ts has expected errors matching contextualTyping_errors_txt[jvm] FAILED

<test-failure test="com.xemantic.typescript.compiler.TypeScriptCompilerTests_C.classExtendsInterfaceInExpression_ts has expected errors matching classExtendsInterfaceInExpression_errors_txt" platform="jvm">
<message>
Expected diagnostics from baseline typescript-repo/tests/baselines/reference/classExtendsInterfaceInExpression.errors.txt but none produced
</message>
<stacktrace>
  at com.xemantic.typescript.compiler.TypeScriptTestSupportKt.errorsMatchBaseline(TypeScriptTestSupport.kt:125)
  at com.xemantic.typescript.compiler.TypeScriptCompilerTests_C.classExtendsInterfaceInExpression_ts has expected errors matching classExtendsInterfaceInExpression_errors_txt(TypeScriptCompilerTests_C.kt:2177)
  at java.base/jdk.internal.reflect.DirectMethodHandleAccessor.invoke(DirectMethodHandleAccessor.java:104)
  at java.base/java.lang.reflect.Method.invoke(Method.java:565)
  at org.junit.runners.model.FrameworkMethod$1.runReflectiveCall(FrameworkMethod.java:59)
  at org.junit.internal.runners.model.ReflectiveCallable.run(ReflectiveCallable.java:12)
  at org.junit.runners.model.FrameworkMethod.invokeExplosively(FrameworkMethod.java:56)
  at org.junit.internal.runners.statements.InvokeMethod.evaluate(InvokeMethod.java:17)
  at org.junit.runners.ParentRunner$3.evaluate(ParentRunner.java:306)
  at org.junit.runners.BlockJUnit4ClassRunner$1.evaluate(BlockJUnit4ClassRunner.java:100)
  at org.junit.runners.ParentRunner.runLeaf(ParentRunner.java:366)
  at org.junit.runners.BlockJUnit4ClassRunner.runChild(BlockJUnit4ClassRunner.java:103)
  at org.junit.runners.BlockJUnit4ClassRunner.runChild(BlockJUnit4ClassRunner.java:63)
  at org.junit.runners.ParentRunner$4.run(ParentRunner.java:331)
  at org.junit.runners.ParentRunner$1.schedule(ParentRunner.java:79)
  at org.junit.runners.ParentRunner.runChildren(ParentRunner.java:329)
  at org.junit.runners.ParentRunner.access$100(ParentRunner.java:66)
  at org.junit.runners.ParentRunner$2.evaluate(ParentRunner.java:293)
  at org.junit.runners.ParentRunner$3.evaluate(ParentRunner.java:306)
  at org.junit.runners.ParentRunner.run(ParentRunner.java:413)
  at org.junit.runner.JUnitCore.run(JUnitCore.java:137)
  at org.junit.runner.JUnitCore.run(JUnitCore.java:115)
  at org.gradle.api.internal.tasks.testing.junit.JUnitTestExecutor.runRequest(JUnitTestExecutor.java:175)
  at org.gradle.api.internal.tasks.testing.junit.JUnitTestExecutor.accept(JUnitTestExecutor.java:84)
  at org.gradle.api.internal.tasks.testing.junit.JUnitTestExecutor.accept(JUnitTestExecutor.java:47)
  at org.gradle.api.internal.tasks.testing.junit.AbstractJUnitTestDefinitionProcessor.processTestDefinition(AbstractJUnitTestDefinitionProcessor.java:65)
  at org.gradle.api.internal.tasks.testing.SuiteTestDefinitionProcessor.processTestDefinition(SuiteTestDefinitionProcessor.java:54)
  at java.base/jdk.internal.reflect.DirectMethodHandleAccessor.invoke(DirectMethodHandleAccessor.java:104)
  at java.base/java.lang.reflect.Method.invoke(Method.java:565)
  at org.gradle.internal.dispatch.MethodInvocation.invokeOn(MethodInvocation.java:77)
  at org.gradle.internal.dispatch.ReflectionDispatch.dispatch(ReflectionDispatch.java:28)
  at org.gradle.internal.dispatch.ReflectionDispatch.dispatch(ReflectionDispatch.java:19)
  at org.gradle.internal.dispatch.ContextClassLoaderDispatch.dispatch(ContextClassLoaderDispatch.java:33)
  at org.gradle.internal.dispatch.ProxyDispatchAdapter$DispatchingInvocationHandler.invoke(ProxyDispatchAdapter.java:88)
  at jdk.proxy1/jdk.proxy1.$Proxy4.processTestDefinition(Unknown Source)
  at org.gradle.api.internal.tasks.testing.worker.TestWorker$2.run(TestWorker.java:178)
  at org.gradle.api.internal.tasks.testing.worker.TestWorker.executeAndMaintainThreadName(TestWorker.java:126)
  at org.gradle.api.internal.tasks.testing.worker.TestWorker.execute(TestWorker.java:103)
  at org.gradle.api.internal.tasks.testing.worker.TestWorker.execute(TestWorker.java:63)
  at org.gradle.process.internal.worker.child.ActionExecutionWorker.execute(ActionExecutionWorker.java:56)
  at org.gradle.process.internal.worker.child.SystemApplicationClassLoaderWorker.call(SystemApplicationClassLoaderWorker.java:122)
  at org.gradle.process.internal.worker.child.SystemApplicationClassLoaderWorker.call(SystemApplicationClassLoaderWorker.java:72)
  at worker.org.gradle.process.internal.worker.GradleWorkerMain.run(GradleWorkerMain.java:69)
  at worker.org.gradle.process.internal.worker.GradleWorkerMain.main(GradleWorkerMain.java:74)
</stacktrace>
</test-failure>


TypeScriptCompilerTests_C[jvm] > classExtendsInterfaceInExpression_ts has expected errors matching classExtendsInterfaceInExpression_errors_txt[jvm] FAILED

<test-failure test="com.xemantic.typescript.compiler.TypeScriptCompilerTests_C.ClassDeclaration26_ts compiles to JavaScript matching ClassDeclaration26_js" platform="jvm">
<message>
--- expected
+++ actual
@@ -14,5 +14,3 @@
         this.foo = 10;
     }
 }
-var constructor;
-() => { };

</message>
<stacktrace>
  at org.junit.Assert.fail(Assert.java:89)
  at kotlin.test.junit.JUnitAsserter.fail(JUnitSupport.kt:56)
  at kotlin.test.AssertionsKt__AssertionsKt.fail(Assertions.kt:563)
  at kotlin.test.AssertionsKt.fail(Unknown Source)
  at com.xemantic.kotlin.test.SameAsKt.sameAs(SameAs.kt:52)
  at com.xemantic.typescript.compiler.TypeScriptTestSupportKt.sameAs(TypeScriptTestSupport.kt:99)
  at com.xemantic.typescript.compiler.TypeScriptCompilerTests_C.ClassDeclaration26_ts compiles to JavaScript matching ClassDeclaration26_js(TypeScriptCompilerTests_C.kt:140)
  at java.base/jdk.internal.reflect.DirectMethodHandleAccessor.invoke(DirectMethodHandleAccessor.java:104)
  at java.base/java.lang.reflect.Method.invoke(Method.java:565)
  at org.junit.runners.model.FrameworkMethod$1.runReflectiveCall(FrameworkMethod.java:59)
  at org.junit.internal.runners.model.ReflectiveCallable.run(ReflectiveCallable.java:12)
  at org.junit.runners.model.FrameworkMethod.invokeExplosively(FrameworkMethod.java:56)
  at org.junit.internal.runners.statements.InvokeMethod.evaluate(InvokeMethod.java:17)
  at org.junit.runners.ParentRunner$3.evaluate(ParentRunner.java:306)
  at org.junit.runners.BlockJUnit4ClassRunner$1.evaluate(BlockJUnit4ClassRunner.java:100)
  at org.junit.runners.ParentRunner.runLeaf(ParentRunner.java:366)
  at org.junit.runners.BlockJUnit4ClassRunner.runChild(BlockJUnit4ClassRunner.java:103)
  at org.junit.runners.BlockJUnit4ClassRunner.runChild(BlockJUnit4ClassRunner.java:63)
  at org.junit.runners.ParentRunner$4.run(ParentRunner.java:331)
  at org.junit.runners.ParentRunner$1.schedule(ParentRunner.java:79)
  at org.junit.runners.ParentRunner.runChildren(ParentRunner.java:329)
  at org.junit.runners.ParentRunner.access$100(ParentRunner.java:66)
  at org.junit.runners.ParentRunner$2.evaluate(ParentRunner.java:293)
  at org.junit.runners.ParentRunner$3.evaluate(ParentRunner.java:306)
  at org.junit.runners.ParentRunner.run(ParentRunner.java:413)
  at org.junit.runner.JUnitCore.run(JUnitCore.java:137)
  at org.junit.runner.JUnitCore.run(JUnitCore.java:115)
  at org.gradle.api.internal.tasks.testing.junit.JUnitTestExecutor.runRequest(JUnitTestExecutor.java:175)
  at org.gradle.api.internal.tasks.testing.junit.JUnitTestExecutor.accept(JUnitTestExecutor.java:84)
  at org.gradle.api.internal.tasks.testing.junit.JUnitTestExecutor.accept(JUnitTestExecutor.java:47)
  at org.gradle.api.internal.tasks.testing.junit.AbstractJUnitTestDefinitionProcessor.processTestDefinition(AbstractJUnitTestDefinitionProcessor.java:65)
  at org.gradle.api.internal.tasks.testing.SuiteTestDefinitionProcessor.processTestDefinition(SuiteTestDefinitionProcessor.java:54)
  at java.base/jdk.internal.reflect.DirectMethodHandleAccessor.invoke(DirectMethodHandleAccessor.java:104)
  at java.base/java.lang.reflect.Method.invoke(Method.java:565)
  at org.gradle.internal.dispatch.MethodInvocation.invokeOn(MethodInvocation.java:77)
  at org.gradle.internal.dispatch.ReflectionDispatch.dispatch(ReflectionDispatch.java:28)
  at org.gradle.internal.dispatch.ReflectionDispatch.dispatch(ReflectionDispatch.java:19)
  at org.gradle.internal.dispatch.ContextClassLoaderDispatch.dispatch(ContextClassLoaderDispatch.java:33)
  at org.gradle.internal.dispatch.ProxyDispatchAdapter$DispatchingInvocationHandler.invoke(ProxyDispatchAdapter.java:88)
  at jdk.proxy1/jdk.proxy1.$Proxy4.processTestDefinition(Unknown Source)
  at org.gradle.api.internal.tasks.testing.worker.TestWorker$2.run(TestWorker.java:178)
  at org.gradle.api.internal.tasks.testing.worker.TestWorker.executeAndMaintainThreadName(TestWorker.java:126)
  at org.gradle.api.internal.tasks.testing.worker.TestWorker.execute(TestWorker.java:103)
  at org.gradle.api.internal.tasks.testing.worker.TestWorker.execute(TestWorker.java:63)
  at org.gradle.process.internal.worker.child.ActionExecutionWorker.execute(ActionExecutionWorker.java:56)
  at org.gradle.process.internal.worker.child.SystemApplicationClassLoaderWorker.call(SystemApplicationClassLoaderWorker.java:122)
  at org.gradle.process.internal.worker.child.SystemApplicationClassLoaderWorker.call(SystemApplicationClassLoaderWorker.java:72)
  at worker.org.gradle.process.internal.worker.GradleWorkerMain.run(GradleWorkerMain.java:69)
  at worker.org.gradle.process.internal.worker.GradleWorkerMain.main(GradleWorkerMain.java:74)
</stacktrace>
</test-failure>


TypeScriptCompilerTests_C[jvm] > ClassDeclaration26_ts compiles to JavaScript matching ClassDeclaration26_js[jvm] FAILED

<test-failure test="com.xemantic.typescript.compiler.TypeScriptCompilerTests_C.contextualTyping4_ts has expected errors matching contextualTyping4_errors_txt" platform="jvm">
<message>
Expected diagnostics from baseline typescript-repo/tests/baselines/reference/contextualTyping4.errors.txt but none produced
</message>
<stacktrace>
  at com.xemantic.typescript.compiler.TypeScriptTestSupportKt.errorsMatchBaseline(TypeScriptTestSupport.kt:125)
  at com.xemantic.typescript.compiler.TypeScriptCompilerTests_C.contextualTyping4_ts has expected errors matching contextualTyping4_errors_txt(TypeScriptCompilerTests_C.kt:7714)
  at java.base/jdk.internal.reflect.DirectMethodHandleAccessor.invoke(DirectMethodHandleAccessor.java:104)
  at java.base/java.lang.reflect.Method.invoke(Method.java:565)
  at org.junit.runners.model.FrameworkMethod$1.runReflectiveCall(FrameworkMethod.java:59)
  at org.junit.internal.runners.model.ReflectiveCallable.run(ReflectiveCallable.java:12)
  at org.junit.runners.model.FrameworkMethod.invokeExplosively(FrameworkMethod.java:56)
  at org.junit.internal.runners.statements.InvokeMethod.evaluate(InvokeMethod.java:17)
  at org.junit.runners.ParentRunner$3.evaluate(ParentRunner.java:306)
  at org.junit.runners.BlockJUnit4ClassRunner$1.evaluate(BlockJUnit4ClassRunner.java:100)
  at org.junit.runners.ParentRunner.runLeaf(ParentRunner.java:366)
  at org.junit.runners.BlockJUnit4ClassRunner.runChild(BlockJUnit4ClassRunner.java:103)
  at org.junit.runners.BlockJUnit4ClassRunner.runChild(BlockJUnit4ClassRunner.java:63)
  at org.junit.runners.ParentRunner$4.run(ParentRunner.java:331)
  at org.junit.runners.ParentRunner$1.schedule(ParentRunner.java:79)
  at org.junit.runners.ParentRunner.runChildren(ParentRunner.java:329)
  at org.junit.runners.ParentRunner.access$100(ParentRunner.java:66)
  at org.junit.runners.ParentRunner$2.evaluate(ParentRunner.java:293)
  at org.junit.runners.ParentRunner$3.evaluate(ParentRunner.java:306)
  at org.junit.runners.ParentRunner.run(ParentRunner.java:413)
  at org.junit.runner.JUnitCore.run(JUnitCore.java:137)
  at org.junit.runner.JUnitCore.run(JUnitCore.java:115)
  at org.gradle.api.internal.tasks.testing.junit.JUnitTestExecutor.runRequest(JUnitTestExecutor.java:175)
  at org.gradle.api.internal.tasks.testing.junit.JUnitTestExecutor.accept(JUnitTestExecutor.java:84)
  at org.gradle.api.internal.tasks.testing.junit.JUnitTestExecutor.accept(JUnitTestExecutor.java:47)
  at org.gradle.api.internal.tasks.testing.junit.AbstractJUnitTestDefinitionProcessor.processTestDefinition(AbstractJUnitTestDefinitionProcessor.java:65)
  at org.gradle.api.internal.tasks.testing.SuiteTestDefinitionProcessor.processTestDefinition(SuiteTestDefinitionProcessor.java:54)
  at java.base/jdk.internal.reflect.DirectMethodHandleAccessor.invoke(DirectMethodHandleAccessor.java:104)
  at java.base/java.lang.reflect.Method.invoke(Method.java:565)
  at org.gradle.internal.dispatch.MethodInvocation.invokeOn(MethodInvocation.java:77)
  at org.gradle.internal.dispatch.ReflectionDispatch.dispatch(ReflectionDispatch.java:28)
  at org.gradle.internal.dispatch.ReflectionDispatch.dispatch(ReflectionDispatch.java:19)
  at org.gradle.internal.dispatch.ContextClassLoaderDispatch.dispatch(ContextClassLoaderDispatch.java:33)
  at org.gradle.internal.dispatch.ProxyDispatchAdapter$DispatchingInvocationHandler.invoke(ProxyDispatchAdapter.java:88)
  at jdk.proxy1/jdk.proxy1.$Proxy4.processTestDefinition(Unknown Source)
  at org.gradle.api.internal.tasks.testing.worker.TestWorker$2.run(TestWorker.java:178)
  at org.gradle.api.internal.tasks.testing.worker.TestWorker.executeAndMaintainThreadName(TestWorker.java:126)
  at org.gradle.api.internal.tasks.testing.worker.TestWorker.execute(TestWorker.java:103)
  at org.gradle.api.internal.tasks.testing.worker.TestWorker.execute(TestWorker.java:63)
  at org.gradle.process.internal.worker.child.ActionExecutionWorker.execute(ActionExecutionWorker.java:56)
  at org.gradle.process.internal.worker.child.SystemApplicationClassLoaderWorker.call(SystemApplicationClassLoaderWorker.java:122)
  at org.gradle.process.internal.worker.child.SystemApplicationClassLoaderWorker.call(SystemApplicationClassLoaderWorker.java:72)
  at worker.org.gradle.process.internal.worker.GradleWorkerMain.run(GradleWorkerMain.java:69)
  at worker.org.gradle.process.internal.worker.GradleWorkerMain.main(GradleWorkerMain.java:74)
</stacktrace>
</test-failure>


TypeScriptCompilerTests_C[jvm] > contextualTyping4_ts has expected errors matching contextualTyping4_errors_txt[jvm] FAILED

<test-failure test="com.xemantic.typescript.compiler.TypeScriptCompilerTests_C.controlFlowDestructuringVariablesInTryCatch_ts has expected errors matching controlFlowDestructuringVariablesInTryCatch_errors_txt" platform="jvm">
<message>
Expected diagnostics from baseline typescript-repo/tests/baselines/reference/controlFlowDestructuringVariablesInTryCatch.errors.txt but none produced
</message>
<stacktrace>
  at com.xemantic.typescript.compiler.TypeScriptTestSupportKt.errorsMatchBaseline(TypeScriptTestSupport.kt:125)
  at com.xemantic.typescript.compiler.TypeScriptCompilerTests_C.controlFlowDestructuringVariablesInTryCatch_ts has expected errors matching controlFlowDestructuringVariablesInTryCatch_errors_txt(TypeScriptCompilerTests_C.kt:8407)
  at java.base/jdk.internal.reflect.DirectMethodHandleAccessor.invoke(DirectMethodHandleAccessor.java:104)
  at java.base/java.lang.reflect.Method.invoke(Method.java:565)
  at org.junit.runners.model.FrameworkMethod$1.runReflectiveCall(FrameworkMethod.java:59)
  at org.junit.internal.runners.model.ReflectiveCallable.run(ReflectiveCallable.java:12)
  at org.junit.runners.model.FrameworkMethod.invokeExplosively(FrameworkMethod.java:56)
  at org.junit.internal.runners.statements.InvokeMethod.evaluate(InvokeMethod.java:17)
  at org.junit.runners.ParentRunner$3.evaluate(ParentRunner.java:306)
  at org.junit.runners.BlockJUnit4ClassRunner$1.evaluate(BlockJUnit4ClassRunner.java:100)
  at org.junit.runners.ParentRunner.runLeaf(ParentRunner.java:366)
  at org.junit.runners.BlockJUnit4ClassRunner.runChild(BlockJUnit4ClassRunner.java:103)
  at org.junit.runners.BlockJUnit4ClassRunner.runChild(BlockJUnit4ClassRunner.java:63)
  at org.junit.runners.ParentRunner$4.run(ParentRunner.java:331)
  at org.junit.runners.ParentRunner$1.schedule(ParentRunner.java:79)
  at org.junit.runners.ParentRunner.runChildren(ParentRunner.java:329)
  at org.junit.runners.ParentRunner.access$100(ParentRunner.java:66)
  at org.junit.runners.ParentRunner$2.evaluate(ParentRunner.java:293)
  at org.junit.runners.ParentRunner$3.evaluate(ParentRunner.java:306)
  at org.junit.runners.ParentRunner.run(ParentRunner.java:413)
  at org.junit.runner.JUnitCore.run(JUnitCore.java:137)
  at org.junit.runner.JUnitCore.run(JUnitCore.java:115)
  at org.gradle.api.internal.tasks.testing.junit.JUnitTestExecutor.runRequest(JUnitTestExecutor.java:175)
  at org.gradle.api.internal.tasks.testing.junit.JUnitTestExecutor.accept(JUnitTestExecutor.java:84)
  at org.gradle.api.internal.tasks.testing.junit.JUnitTestExecutor.accept(JUnitTestExecutor.java:47)
  at org.gradle.api.internal.tasks.testing.junit.AbstractJUnitTestDefinitionProcessor.processTestDefinition(AbstractJUnitTestDefinitionProcessor.java:65)
  at org.gradle.api.internal.tasks.testing.SuiteTestDefinitionProcessor.processTestDefinition(SuiteTestDefinitionProcessor.java:54)
  at java.base/jdk.internal.reflect.DirectMethodHandleAccessor.invoke(DirectMethodHandleAccessor.java:104)
  at java.base/java.lang.reflect.Method.invoke(Method.java:565)
  at org.gradle.internal.dispatch.MethodInvocation.invokeOn(MethodInvocation.java:77)
  at org.gradle.internal.dispatch.ReflectionDispatch.dispatch(ReflectionDispatch.java:28)
  at org.gradle.internal.dispatch.ReflectionDispatch.dispatch(ReflectionDispatch.java:19)
  at org.gradle.internal.dispatch.ContextClassLoaderDispatch.dispatch(ContextClassLoaderDispatch.java:33)
  at org.gradle.internal.dispatch.ProxyDispatchAdapter$DispatchingInvocationHandler.invoke(ProxyDispatchAdapter.java:88)
  at jdk.proxy1/jdk.proxy1.$Proxy4.processTestDefinition(Unknown Source)
  at org.gradle.api.internal.tasks.testing.worker.TestWorker$2.run(TestWorker.java:178)
  at org.gradle.api.internal.tasks.testing.worker.TestWorker.executeAndMaintainThreadName(TestWorker.java:126)
  at org.gradle.api.internal.tasks.testing.worker.TestWorker.execute(TestWorker.java:103)
  at org.gradle.api.internal.tasks.testing.worker.TestWorker.execute(TestWorker.java:63)
  at org.gradle.process.internal.worker.child.ActionExecutionWorker.execute(ActionExecutionWorker.java:56)
  at org.gradle.process.internal.worker.child.SystemApplicationClassLoaderWorker.call(SystemApplicationClassLoaderWorker.java:122)
  at org.gradle.process.internal.worker.child.SystemApplicationClassLoaderWorker.call(SystemApplicationClassLoaderWorker.java:72)
  at worker.org.gradle.process.internal.worker.GradleWorkerMain.run(GradleWorkerMain.java:69)
  at worker.org.gradle.process.internal.worker.GradleWorkerMain.main(GradleWorkerMain.java:74)
</stacktrace>
</test-failure>


TypeScriptCompilerTests_C[jvm] > controlFlowDestructuringVariablesInTryCatch_ts has expected errors matching controlFlowDestructuringVariablesInTryCatch_errors_txt[jvm] FAILED

<test-failure test="com.xemantic.typescript.compiler.TypeScriptCompilerTests_C.checkJsFiles_skipDiagnostics_ts has expected errors matching checkJsFiles_skipDiagnostics_errors_txt" platform="jvm">
<message>
Expected diagnostics from baseline typescript-repo/tests/baselines/reference/checkJsFiles_skipDiagnostics.errors.txt but none produced
</message>
<stacktrace>
  at com.xemantic.typescript.compiler.TypeScriptTestSupportKt.errorsMatchBaseline(TypeScriptTestSupport.kt:125)
  at com.xemantic.typescript.compiler.TypeScriptCompilerTests_C.checkJsFiles_skipDiagnostics_ts has expected errors matching checkJsFiles_skipDiagnostics_errors_txt(TypeScriptCompilerTests_C.kt:1239)
  at java.base/jdk.internal.reflect.DirectMethodHandleAccessor.invoke(DirectMethodHandleAccessor.java:104)
  at java.base/java.lang.reflect.Method.invoke(Method.java:565)
  at org.junit.runners.model.FrameworkMethod$1.runReflectiveCall(FrameworkMethod.java:59)
  at org.junit.internal.runners.model.ReflectiveCallable.run(ReflectiveCallable.java:12)
  at org.junit.runners.model.FrameworkMethod.invokeExplosively(FrameworkMethod.java:56)
  at org.junit.internal.runners.statements.InvokeMethod.evaluate(InvokeMethod.java:17)
  at org.junit.runners.ParentRunner$3.evaluate(ParentRunner.java:306)
  at org.junit.runners.BlockJUnit4ClassRunner$1.evaluate(BlockJUnit4ClassRunner.java:100)
  at org.junit.runners.ParentRunner.runLeaf(ParentRunner.java:366)
  at org.junit.runners.BlockJUnit4ClassRunner.runChild(BlockJUnit4ClassRunner.java:103)
  at org.junit.runners.BlockJUnit4ClassRunner.runChild(BlockJUnit4ClassRunner.java:63)
  at org.junit.runners.ParentRunner$4.run(ParentRunner.java:331)
  at org.junit.runners.ParentRunner$1.schedule(ParentRunner.java:79)
  at org.junit.runners.ParentRunner.runChildren(ParentRunner.java:329)
  at org.junit.runners.ParentRunner.access$100(ParentRunner.java:66)
  at org.junit.runners.ParentRunner$2.evaluate(ParentRunner.java:293)
  at org.junit.runners.ParentRunner$3.evaluate(ParentRunner.java:306)
  at org.junit.runners.ParentRunner.run(ParentRunner.java:413)
  at org.junit.runner.JUnitCore.run(JUnitCore.java:137)
  at org.junit.runner.JUnitCore.run(JUnitCore.java:115)
  at org.gradle.api.internal.tasks.testing.junit.JUnitTestExecutor.runRequest(JUnitTestExecutor.java:175)
  at org.gradle.api.internal.tasks.testing.junit.JUnitTestExecutor.accept(JUnitTestExecutor.java:84)
  at org.gradle.api.internal.tasks.testing.junit.JUnitTestExecutor.accept(JUnitTestExecutor.java:47)
  at org.gradle.api.internal.tasks.testing.junit.AbstractJUnitTestDefinitionProcessor.processTestDefinition(AbstractJUnitTestDefinitionProcessor.java:65)
  at org.gradle.api.internal.tasks.testing.SuiteTestDefinitionProcessor.processTestDefinition(SuiteTestDefinitionProcessor.java:54)
  at java.base/jdk.internal.reflect.DirectMethodHandleAccessor.invoke(DirectMethodHandleAccessor.java:104)
  at java.base/java.lang.reflect.Method.invoke(Method.java:565)
  at org.gradle.internal.dispatch.MethodInvocation.invokeOn(MethodInvocation.java:77)
  at org.gradle.internal.dispatch.ReflectionDispatch.dispatch(ReflectionDispatch.java:28)
  at org.gradle.internal.dispatch.ReflectionDispatch.dispatch(ReflectionDispatch.java:19)
  at org.gradle.internal.dispatch.ContextClassLoaderDispatch.dispatch(ContextClassLoaderDispatch.java:33)
  at org.gradle.internal.dispatch.ProxyDispatchAdapter$DispatchingInvocationHandler.invoke(ProxyDispatchAdapter.java:88)
  at jdk.proxy1/jdk.proxy1.$Proxy4.processTestDefinition(Unknown Source)
  at org.gradle.api.internal.tasks.testing.worker.TestWorker$2.run(TestWorker.java:178)
  at org.gradle.api.internal.tasks.testing.worker.TestWorker.executeAndMaintainThreadName(TestWorker.java:126)
  at org.gradle.api.internal.tasks.testing.worker.TestWorker.execute(TestWorker.java:103)
  at org.gradle.api.internal.tasks.testing.worker.TestWorker.execute(TestWorker.java:63)
  at org.gradle.process.internal.worker.child.ActionExecutionWorker.execute(ActionExecutionWorker.java:56)
  at org.gradle.process.internal.worker.child.SystemApplicationClassLoaderWorker.call(SystemApplicationClassLoaderWorker.java:122)
  at org.gradle.process.internal.worker.child.SystemApplicationClassLoaderWorker.call(SystemApplicationClassLoaderWorker.java:72)
  at worker.org.gradle.process.internal.worker.GradleWorkerMain.run(GradleWorkerMain.java:69)
  at worker.org.gradle.process.internal.worker.GradleWorkerMain.main(GradleWorkerMain.java:74)
</stacktrace>
</test-failure>


TypeScriptCompilerTests_C[jvm] > checkJsFiles_skipDiagnostics_ts has expected errors matching checkJsFiles_skipDiagnostics_errors_txt[jvm] FAILED

<test-failure test="com.xemantic.typescript.compiler.TypeScriptCompilerTests_C.contextualTypingOfLambdaReturnExpression_ts has expected errors matching contextualTypingOfLambdaReturnExpression_errors_txt" platform="jvm">
<message>
Expected diagnostics from baseline typescript-repo/tests/baselines/reference/contextualTypingOfLambdaReturnExpression.errors.txt but none produced
</message>
<stacktrace>
  at com.xemantic.typescript.compiler.TypeScriptTestSupportKt.errorsMatchBaseline(TypeScriptTestSupport.kt:125)
  at com.xemantic.typescript.compiler.TypeScriptCompilerTests_C.contextualTypingOfLambdaReturnExpression_ts has expected errors matching contextualTypingOfLambdaReturnExpression_errors_txt(TypeScriptCompilerTests_C.kt:7889)
  at java.base/jdk.internal.reflect.DirectMethodHandleAccessor.invoke(DirectMethodHandleAccessor.java:104)
  at java.base/java.lang.reflect.Method.invoke(Method.java:565)
  at org.junit.runners.model.FrameworkMethod$1.runReflectiveCall(FrameworkMethod.java:59)
  at org.junit.internal.runners.model.ReflectiveCallable.run(ReflectiveCallable.java:12)
  at org.junit.runners.model.FrameworkMethod.invokeExplosively(FrameworkMethod.java:56)
  at org.junit.internal.runners.statements.InvokeMethod.evaluate(InvokeMethod.java:17)
  at org.junit.runners.ParentRunner$3.evaluate(ParentRunner.java:306)
  at org.junit.runners.BlockJUnit4ClassRunner$1.evaluate(BlockJUnit4ClassRunner.java:100)
  at org.junit.runners.ParentRunner.runLeaf(ParentRunner.java:366)
  at org.junit.runners.BlockJUnit4ClassRunner.runChild(BlockJUnit4ClassRunner.java:103)
  at org.junit.runners.BlockJUnit4ClassRunner.runChild(BlockJUnit4ClassRunner.java:63)
  at org.junit.runners.ParentRunner$4.run(ParentRunner.java:331)
  at org.junit.runners.ParentRunner$1.schedule(ParentRunner.java:79)
  at org.junit.runners.ParentRunner.runChildren(ParentRunner.java:329)
  at org.junit.runners.ParentRunner.access$100(ParentRunner.java:66)
  at org.junit.runners.ParentRunner$2.evaluate(ParentRunner.java:293)
  at org.junit.runners.ParentRunner$3.evaluate(ParentRunner.java:306)
  at org.junit.runners.ParentRunner.run(ParentRunner.java:413)
  at org.junit.runner.JUnitCore.run(JUnitCore.java:137)
  at org.junit.runner.JUnitCore.run(JUnitCore.java:115)
  at org.gradle.api.internal.tasks.testing.junit.JUnitTestExecutor.runRequest(JUnitTestExecutor.java:175)
  at org.gradle.api.internal.tasks.testing.junit.JUnitTestExecutor.accept(JUnitTestExecutor.java:84)
  at org.gradle.api.internal.tasks.testing.junit.JUnitTestExecutor.accept(JUnitTestExecutor.java:47)
  at org.gradle.api.internal.tasks.testing.junit.AbstractJUnitTestDefinitionProcessor.processTestDefinition(AbstractJUnitTestDefinitionProcessor.java:65)
  at org.gradle.api.internal.tasks.testing.SuiteTestDefinitionProcessor.processTestDefinition(SuiteTestDefinitionProcessor.java:54)
  at java.base/jdk.internal.reflect.DirectMethodHandleAccessor.invoke(DirectMethodHandleAccessor.java:104)
  at java.base/java.lang.reflect.Method.invoke(Method.java:565)
  at org.gradle.internal.dispatch.MethodInvocation.invokeOn(MethodInvocation.java:77)
  at org.gradle.internal.dispatch.ReflectionDispatch.dispatch(ReflectionDispatch.java:28)
  at org.gradle.internal.dispatch.ReflectionDispatch.dispatch(ReflectionDispatch.java:19)
  at org.gradle.internal.dispatch.ContextClassLoaderDispatch.dispatch(ContextClassLoaderDispatch.java:33)
  at org.gradle.internal.dispatch.ProxyDispatchAdapter$DispatchingInvocationHandler.invoke(ProxyDispatchAdapter.java:88)
  at jdk.proxy1/jdk.proxy1.$Proxy4.processTestDefinition(Unknown Source)
  at org.gradle.api.internal.tasks.testing.worker.TestWorker$2.run(TestWorker.java:178)
  at org.gradle.api.internal.tasks.testing.worker.TestWorker.executeAndMaintainThreadName(TestWorker.java:126)
  at org.gradle.api.internal.tasks.testing.worker.TestWorker.execute(TestWorker.java:103)
  at org.gradle.api.internal.tasks.testing.worker.TestWorker.execute(TestWorker.java:63)
  at org.gradle.process.internal.worker.child.ActionExecutionWorker.execute(ActionExecutionWorker.java:56)
  at org.gradle.process.internal.worker.child.SystemApplicationClassLoaderWorker.call(SystemApplicationClassLoaderWorker.java:122)
  at org.gradle.process.internal.worker.child.SystemApplicationClassLoaderWorker.call(SystemApplicationClassLoaderWorker.java:72)
  at worker.org.gradle.process.internal.worker.GradleWorkerMain.run(GradleWorkerMain.java:69)
  at worker.org.gradle.process.internal.worker.GradleWorkerMain.main(GradleWorkerMain.java:74)
</stacktrace>
</test-failure>


TypeScriptCompilerTests_C[jvm] > contextualTypingOfLambdaReturnExpression_ts has expected errors matching contextualTypingOfLambdaReturnExpression_errors_txt[jvm] FAILED

<test-failure test="com.xemantic.typescript.compiler.TypeScriptCompilerTests_C.commonSourceDirectory_dts_ts compiles to JavaScript matching commonSourceDirectory_dts_js" platform="jvm">
<message>
--- expected
+++ actual
@@ -8,7 +8,7 @@
 export const x = y;
 
 
-//// [/app/bin/src/index.js]
+//// [/app/bin/index.js]
 /// <reference path="../lib/bar.d.ts" preserve="true" />
 export const x = y;
-//# sourceMappingURL=../../myMapRoot/src/index.js.map
+//# sourceMappingURL=index.js.map

</message>
<stacktrace>
  at org.junit.Assert.fail(Assert.java:89)
  at kotlin.test.junit.JUnitAsserter.fail(JUnitSupport.kt:56)
  at kotlin.test.AssertionsKt__AssertionsKt.fail(Assertions.kt:563)
  at kotlin.test.AssertionsKt.fail(Unknown Source)
  at com.xemantic.kotlin.test.SameAsKt.sameAs(SameAs.kt:52)
  at com.xemantic.typescript.compiler.TypeScriptTestSupportKt.sameAs(TypeScriptTestSupport.kt:99)
  at com.xemantic.typescript.compiler.TypeScriptCompilerTests_C.commonSourceDirectory_dts_ts compiles to JavaScript matching commonSourceDirectory_dts_js(TypeScriptCompilerTests_C.kt:5075)
  at java.base/jdk.internal.reflect.DirectMethodHandleAccessor.invoke(DirectMethodHandleAccessor.java:104)
  at java.base/java.lang.reflect.Method.invoke(Method.java:565)
  at org.junit.runners.model.FrameworkMethod$1.runReflectiveCall(FrameworkMethod.java:59)
  at org.junit.internal.runners.model.ReflectiveCallable.run(ReflectiveCallable.java:12)
  at org.junit.runners.model.FrameworkMethod.invokeExplosively(FrameworkMethod.java:56)
  at org.junit.internal.runners.statements.InvokeMethod.evaluate(InvokeMethod.java:17)
  at org.junit.runners.ParentRunner$3.evaluate(ParentRunner.java:306)
  at org.junit.runners.BlockJUnit4ClassRunner$1.evaluate(BlockJUnit4ClassRunner.java:100)
  at org.junit.runners.ParentRunner.runLeaf(ParentRunner.java:366)
  at org.junit.runners.BlockJUnit4ClassRunner.runChild(BlockJUnit4ClassRunner.java:103)
  at org.junit.runners.BlockJUnit4ClassRunner.runChild(BlockJUnit4ClassRunner.java:63)
  at org.junit.runners.ParentRunner$4.run(ParentRunner.java:331)
  at org.junit.runners.ParentRunner$1.schedule(ParentRunner.java:79)
  at org.junit.runners.ParentRunner.runChildren(ParentRunner.java:329)
  at org.junit.runners.ParentRunner.access$100(ParentRunner.java:66)
  at org.junit.runners.ParentRunner$2.evaluate(ParentRunner.java:293)
  at org.junit.runners.ParentRunner$3.evaluate(ParentRunner.java:306)
  at org.junit.runners.ParentRunner.run(ParentRunner.java:413)
  at org.junit.runner.JUnitCore.run(JUnitCore.java:137)
  at org.junit.runner.JUnitCore.run(JUnitCore.java:115)
  at org.gradle.api.internal.tasks.testing.junit.JUnitTestExecutor.runRequest(JUnitTestExecutor.java:175)
  at org.gradle.api.internal.tasks.testing.junit.JUnitTestExecutor.accept(JUnitTestExecutor.java:84)
  at org.gradle.api.internal.tasks.testing.junit.JUnitTestExecutor.accept(JUnitTestExecutor.java:47)
  at org.gradle.api.internal.tasks.testing.junit.AbstractJUnitTestDefinitionProcessor.processTestDefinition(AbstractJUnitTestDefinitionProcessor.java:65)
  at org.gradle.api.internal.tasks.testing.SuiteTestDefinitionProcessor.processTestDefinition(SuiteTestDefinitionProcessor.java:54)
  at java.base/jdk.internal.reflect.DirectMethodHandleAccessor.invoke(DirectMethodHandleAccessor.java:104)
  at java.base/java.lang.reflect.Method.invoke(Method.java:565)
  at org.gradle.internal.dispatch.MethodInvocation.invokeOn(MethodInvocation.java:77)
  at org.gradle.internal.dispatch.ReflectionDispatch.dispatch(ReflectionDispatch.java:28)
  at org.gradle.internal.dispatch.ReflectionDispatch.dispatch(ReflectionDispatch.java:19)
  at org.gradle.internal.dispatch.ContextClassLoaderDispatch.dispatch(ContextClassLoaderDispatch.java:33)
  at org.gradle.internal.dispatch.ProxyDispatchAdapter$DispatchingInvocationHandler.invoke(ProxyDispatchAdapter.java:88)
  at jdk.proxy1/jdk.proxy1.$Proxy4.processTestDefinition(Unknown Source)
  at org.gradle.api.internal.tasks.testing.worker.TestWorker$2.run(TestWorker.java:178)
  at org.gradle.api.internal.tasks.testing.worker.TestWorker.executeAndMaintainThreadName(TestWorker.java:126)
  at org.gradle.api.internal.tasks.testing.worker.TestWorker.execute(TestWorker.java:103)
  at org.gradle.api.internal.tasks.testing.worker.TestWorker.execute(TestWorker.java:63)
  at org.gradle.process.internal.worker.child.ActionExecutionWorker.execute(ActionExecutionWorker.java:56)
  at org.gradle.process.internal.worker.child.SystemApplicationClassLoaderWorker.call(SystemApplicationClassLoaderWorker.java:122)
  at org.gradle.process.internal.worker.child.SystemApplicationClassLoaderWorker.call(SystemApplicationClassLoaderWorker.java:72)
  at worker.org.gradle.process.internal.worker.GradleWorkerMain.run(GradleWorkerMain.java:69)
  at worker.org.gradle.process.internal.worker.GradleWorkerMain.main(GradleWorkerMain.java:74)
</stacktrace>
</test-failure>


TypeScriptCompilerTests_C[jvm] > commonSourceDirectory_dts_ts compiles to JavaScript matching commonSourceDirectory_dts_js[jvm] FAILED

<test-failure test="com.xemantic.typescript.compiler.TypeScriptCompilerTests_C.contextualTypingOfGenericFunctionTypedArguments1_ts has expected errors matching contextualTypingOfGenericFunctionTypedArguments1_errors_txt" platform="jvm">
<message>
Expected diagnostics from baseline typescript-repo/tests/baselines/reference/contextualTypingOfGenericFunctionTypedArguments1.errors.txt but none produced
</message>
<stacktrace>
  at com.xemantic.typescript.compiler.TypeScriptTestSupportKt.errorsMatchBaseline(TypeScriptTestSupport.kt:125)
  at com.xemantic.typescript.compiler.TypeScriptCompilerTests_C.contextualTypingOfGenericFunctionTypedArguments1_ts has expected errors matching contextualTypingOfGenericFunctionTypedArguments1_errors_txt(TypeScriptCompilerTests_C.kt:7875)
  at java.base/jdk.internal.reflect.DirectMethodHandleAccessor.invoke(DirectMethodHandleAccessor.java:104)
  at java.base/java.lang.reflect.Method.invoke(Method.java:565)
  at org.junit.runners.model.FrameworkMethod$1.runReflectiveCall(FrameworkMethod.java:59)
  at org.junit.internal.runners.model.ReflectiveCallable.run(ReflectiveCallable.java:12)
  at org.junit.runners.model.FrameworkMethod.invokeExplosively(FrameworkMethod.java:56)
  at org.junit.internal.runners.statements.InvokeMethod.evaluate(InvokeMethod.java:17)
  at org.junit.runners.ParentRunner$3.evaluate(ParentRunner.java:306)
  at org.junit.runners.BlockJUnit4ClassRunner$1.evaluate(BlockJUnit4ClassRunner.java:100)
  at org.junit.runners.ParentRunner.runLeaf(ParentRunner.java:366)
  at org.junit.runners.BlockJUnit4ClassRunner.runChild(BlockJUnit4ClassRunner.java:103)
  at org.junit.runners.BlockJUnit4ClassRunner.runChild(BlockJUnit4ClassRunner.java:63)
  at org.junit.runners.ParentRunner$4.run(ParentRunner.java:331)
  at org.junit.runners.ParentRunner$1.schedule(ParentRunner.java:79)
  at org.junit.runners.ParentRunner.runChildren(ParentRunner.java:329)
  at org.junit.runners.ParentRunner.access$100(ParentRunner.java:66)
  at org.junit.runners.ParentRunner$2.evaluate(ParentRunner.java:293)
  at org.junit.runners.ParentRunner$3.evaluate(ParentRunner.java:306)
  at org.junit.runners.ParentRunner.run(ParentRunner.java:413)
  at org.junit.runner.JUnitCore.run(JUnitCore.java:137)
  at org.junit.runner.JUnitCore.run(JUnitCore.java:115)
  at org.gradle.api.internal.tasks.testing.junit.JUnitTestExecutor.runRequest(JUnitTestExecutor.java:175)
  at org.gradle.api.internal.tasks.testing.junit.JUnitTestExecutor.accept(JUnitTestExecutor.java:84)
  at org.gradle.api.internal.tasks.testing.junit.JUnitTestExecutor.accept(JUnitTestExecutor.java:47)
  at org.gradle.api.internal.tasks.testing.junit.AbstractJUnitTestDefinitionProcessor.processTestDefinition(AbstractJUnitTestDefinitionProcessor.java:65)
  at org.gradle.api.internal.tasks.testing.SuiteTestDefinitionProcessor.processTestDefinition(SuiteTestDefinitionProcessor.java:54)
  at java.base/jdk.internal.reflect.DirectMethodHandleAccessor.invoke(DirectMethodHandleAccessor.java:104)
  at java.base/java.lang.reflect.Method.invoke(Method.java:565)
  at org.gradle.internal.dispatch.MethodInvocation.invokeOn(MethodInvocation.java:77)
  at org.gradle.internal.dispatch.ReflectionDispatch.dispatch(ReflectionDispatch.java:28)
  at org.gradle.internal.dispatch.ReflectionDispatch.dispatch(ReflectionDispatch.java:19)
  at org.gradle.internal.dispatch.ContextClassLoaderDispatch.dispatch(ContextClassLoaderDispatch.java:33)
  at org.gradle.internal.dispatch.ProxyDispatchAdapter$DispatchingInvocationHandler.invoke(ProxyDispatchAdapter.java:88)
  at jdk.proxy1/jdk.proxy1.$Proxy4.processTestDefinition(Unknown Source)
  at org.gradle.api.internal.tasks.testing.worker.TestWorker$2.run(TestWorker.java:178)
  at org.gradle.api.internal.tasks.testing.worker.TestWorker.executeAndMaintainThreadName(TestWorker.java:126)
  at org.gradle.api.internal.tasks.testing.worker.TestWorker.execute(TestWorker.java:103)
  at org.gradle.api.internal.tasks.testing.worker.TestWorker.execute(TestWorker.java:63)
  at org.gradle.process.internal.worker.child.ActionExecutionWorker.execute(ActionExecutionWorker.java:56)
  at org.gradle.process.internal.worker.child.SystemApplicationClassLoaderWorker.call(SystemApplicationClassLoaderWorker.java:122)
  at org.gradle.process.internal.worker.child.SystemApplicationClassLoaderWorker.call(SystemApplicationClassLoaderWorker.java:72)
  at worker.org.gradle.process.internal.worker.GradleWorkerMain.run(GradleWorkerMain.java:69)
  at worker.org.gradle.process.internal.worker.GradleWorkerMain.main(GradleWorkerMain.java:74)
</stacktrace>
</test-failure>


TypeScriptCompilerTests_C[jvm] > contextualTypingOfGenericFunctionTypedArguments1_ts has expected errors matching contextualTypingOfGenericFunctionTypedArguments1_errors_txt[jvm] FAILED

<test-failure test="com.xemantic.typescript.compiler.TypeScriptCompilerTests_C.callOverloadViaElementAccessExpression_ts has expected errors matching callOverloadViaElementAccessExpression_errors_txt" platform="jvm">
<message>
Expected diagnostics from baseline typescript-repo/tests/baselines/reference/callOverloadViaElementAccessExpression.errors.txt but none produced
</message>
<stacktrace>
  at com.xemantic.typescript.compiler.TypeScriptTestSupportKt.errorsMatchBaseline(TypeScriptTestSupport.kt:125)
  at com.xemantic.typescript.compiler.TypeScriptCompilerTests_C.callOverloadViaElementAccessExpression_ts has expected errors matching callOverloadViaElementAccessExpression_errors_txt(TypeScriptCompilerTests_C.kt:413)
  at java.base/jdk.internal.reflect.DirectMethodHandleAccessor.invoke(DirectMethodHandleAccessor.java:104)
  at java.base/java.lang.reflect.Method.invoke(Method.java:565)
  at org.junit.runners.model.FrameworkMethod$1.runReflectiveCall(FrameworkMethod.java:59)
  at org.junit.internal.runners.model.ReflectiveCallable.run(ReflectiveCallable.java:12)
  at org.junit.runners.model.FrameworkMethod.invokeExplosively(FrameworkMethod.java:56)
  at org.junit.internal.runners.statements.InvokeMethod.evaluate(InvokeMethod.java:17)
  at org.junit.runners.ParentRunner$3.evaluate(ParentRunner.java:306)
  at org.junit.runners.BlockJUnit4ClassRunner$1.evaluate(BlockJUnit4ClassRunner.java:100)
  at org.junit.runners.ParentRunner.runLeaf(ParentRunner.java:366)
  at org.junit.runners.BlockJUnit4ClassRunner.runChild(BlockJUnit4ClassRunner.java:103)
  at org.junit.runners.BlockJUnit4ClassRunner.runChild(BlockJUnit4ClassRunner.java:63)
  at org.junit.runners.ParentRunner$4.run(ParentRunner.java:331)
  at org.junit.runners.ParentRunner$1.schedule(ParentRunner.java:79)
  at org.junit.runners.ParentRunner.runChildren(ParentRunner.java:329)
  at org.junit.runners.ParentRunner.access$100(ParentRunner.java:66)
  at org.junit.runners.ParentRunner$2.evaluate(ParentRunner.java:293)
  at org.junit.runners.ParentRunner$3.evaluate(ParentRunner.java:306)
  at org.junit.runners.ParentRunner.run(ParentRunner.java:413)
  at org.junit.runner.JUnitCore.run(JUnitCore.java:137)
  at org.junit.runner.JUnitCore.run(JUnitCore.java:115)
  at org.gradle.api.internal.tasks.testing.junit.JUnitTestExecutor.runRequest(JUnitTestExecutor.java:175)
  at org.gradle.api.internal.tasks.testing.junit.JUnitTestExecutor.accept(JUnitTestExecutor.java:84)
  at org.gradle.api.internal.tasks.testing.junit.JUnitTestExecutor.accept(JUnitTestExecutor.java:47)
  at org.gradle.api.internal.tasks.testing.junit.AbstractJUnitTestDefinitionProcessor.processTestDefinition(AbstractJUnitTestDefinitionProcessor.java:65)
  at org.gradle.api.internal.tasks.testing.SuiteTestDefinitionProcessor.processTestDefinition(SuiteTestDefinitionProcessor.java:54)
  at java.base/jdk.internal.reflect.DirectMethodHandleAccessor.invoke(DirectMethodHandleAccessor.java:104)
  at java.base/java.lang.reflect.Method.invoke(Method.java:565)
  at org.gradle.internal.dispatch.MethodInvocation.invokeOn(MethodInvocation.java:77)
  at org.gradle.internal.dispatch.ReflectionDispatch.dispatch(ReflectionDispatch.java:28)
  at org.gradle.internal.dispatch.ReflectionDispatch.dispatch(ReflectionDispatch.java:19)
  at org.gradle.internal.dispatch.ContextClassLoaderDispatch.dispatch(ContextClassLoaderDispatch.java:33)
  at org.gradle.internal.dispatch.ProxyDispatchAdapter$DispatchingInvocationHandler.invoke(ProxyDispatchAdapter.java:88)
  at jdk.proxy1/jdk.proxy1.$Proxy4.processTestDefinition(Unknown Source)
  at org.gradle.api.internal.tasks.testing.worker.TestWorker$2.run(TestWorker.java:178)
  at org.gradle.api.internal.tasks.testing.worker.TestWorker.executeAndMaintainThreadName(TestWorker.java:126)
  at org.gradle.api.internal.tasks.testing.worker.TestWorker.execute(TestWorker.java:103)
  at org.gradle.api.internal.tasks.testing.worker.TestWorker.execute(TestWorker.java:63)
  at org.gradle.process.internal.worker.child.ActionExecutionWorker.execute(ActionExecutionWorker.java:56)
  at org.gradle.process.internal.worker.child.SystemApplicationClassLoaderWorker.call(SystemApplicationClassLoaderWorker.java:122)
  at org.gradle.process.internal.worker.child.SystemApplicationClassLoaderWorker.call(SystemApplicationClassLoaderWorker.java:72)
  at worker.org.gradle.process.internal.worker.GradleWorkerMain.run(GradleWorkerMain.java:69)
  at worker.org.gradle.process.internal.worker.GradleWorkerMain.main(GradleWorkerMain.java:74)
</stacktrace>
</test-failure>


TypeScriptCompilerTests_C[jvm] > callOverloadViaElementAccessExpression_ts has expected errors matching callOverloadViaElementAccessExpression_errors_txt[jvm] FAILED

<test-failure test="com.xemantic.typescript.compiler.TypeScriptCompilerTests_C.checkJsTypeDefNoUnusedLocalMarked_ts has expected errors matching checkJsTypeDefNoUnusedLocalMarked_errors_txt" platform="jvm">
<message>
--- expected
+++ actual
@@ -1,8 +1,8 @@
 file.ts(2,5): error TS2564: Property 'x' has no initializer and is not definitely assigned in the constructor.
-something.js(5,29): error TS2352: Conversion of type 'undefined' to type 'FooFun' may be a mistake because neither type sufficiently overlaps with the other. If this was intentional, convert the expression to 'unknown' first.
+file.ts(6,9): error TS6133: 'module' is declared but its value is never read.
 
 
-==== file.ts (1 errors) ====
+==== file.ts (2 errors) ====
     class Foo {
         x: number;
         ~
@@ -11,14 +11,14 @@
     
     declare global {
         var module: any; // Just here to remove unrelated error from test
+            ~~~~~~
+!!! error TS6133: 'module' is declared but its value is never read.
     }
     
     export = Foo;
-==== something.js (1 errors) ====
+==== something.js (0 errors) ====
     /** @typedef {typeof import("./file")} Foo */
     
     /** @typedef {(foo: Foo) => string} FooFun */
     
     module.exports = /** @type {FooFun} */(void 0);
-                                ~~~~~~
-!!! error TS2352: Conversion of type 'undefined' to type 'FooFun' may be a mistake because neither type sufficiently overlaps with the other. If this was intentional, convert the expression to 'unknown' first.

</message>
<stacktrace>
  at org.junit.Assert.fail(Assert.java:89)
  at kotlin.test.junit.JUnitAsserter.fail(JUnitSupport.kt:56)
  at kotlin.test.AssertionsKt__AssertionsKt.fail(Assertions.kt:563)
  at kotlin.test.AssertionsKt.fail(Unknown Source)
  at com.xemantic.kotlin.test.SameAsKt.sameAs(SameAs.kt:52)
  at com.xemantic.typescript.compiler.TypeScriptTestSupportKt.errorsMatchBaseline(TypeScriptTestSupport.kt:135)
  at com.xemantic.typescript.compiler.TypeScriptCompilerTests_C.checkJsTypeDefNoUnusedLocalMarked_ts has expected errors matching checkJsTypeDefNoUnusedLocalMarked_errors_txt(TypeScriptCompilerTests_C.kt:1267)
  at java.base/jdk.internal.reflect.DirectMethodHandleAccessor.invoke(DirectMethodHandleAccessor.java:104)
  at java.base/java.lang.reflect.Method.invoke(Method.java:565)
  at org.junit.runners.model.FrameworkMethod$1.runReflectiveCall(FrameworkMethod.java:59)
  at org.junit.internal.runners.model.ReflectiveCallable.run(ReflectiveCallable.java:12)
  at org.junit.runners.model.FrameworkMethod.invokeExplosively(FrameworkMethod.java:56)
  at org.junit.internal.runners.statements.InvokeMethod.evaluate(InvokeMethod.java:17)
  at org.junit.runners.ParentRunner$3.evaluate(ParentRunner.java:306)
  at org.junit.runners.BlockJUnit4ClassRunner$1.evaluate(BlockJUnit4ClassRunner.java:100)
  at org.junit.runners.ParentRunner.runLeaf(ParentRunner.java:366)
  at org.junit.runners.BlockJUnit4ClassRunner.runChild(BlockJUnit4ClassRunner.java:103)
  at org.junit.runners.BlockJUnit4ClassRunner.runChild(BlockJUnit4ClassRunner.java:63)
  at org.junit.runners.ParentRunner$4.run(ParentRunner.java:331)
  at org.junit.runners.ParentRunner$1.schedule(ParentRunner.java:79)
  at org.junit.runners.ParentRunner.runChildren(ParentRunner.java:329)
  at org.junit.runners.ParentRunner.access$100(ParentRunner.java:66)
  at org.junit.runners.ParentRunner$2.evaluate(ParentRunner.java:293)
  at org.junit.runners.ParentRunner$3.evaluate(ParentRunner.java:306)
  at org.junit.runners.ParentRunner.run(ParentRunner.java:413)
  at org.junit.runner.JUnitCore.run(JUnitCore.java:137)
  at org.junit.runner.JUnitCore.run(JUnitCore.java:115)
  at org.gradle.api.internal.tasks.testing.junit.JUnitTestExecutor.runRequest(JUnitTestExecutor.java:175)
  at org.gradle.api.internal.tasks.testing.junit.JUnitTestExecutor.accept(JUnitTestExecutor.java:84)
  at org.gradle.api.internal.tasks.testing.junit.JUnitTestExecutor.accept(JUnitTestExecutor.java:47)
  at org.gradle.api.internal.tasks.testing.junit.AbstractJUnitTestDefinitionProcessor.processTestDefinition(AbstractJUnitTestDefinitionProcessor.java:65)
  at org.gradle.api.internal.tasks.testing.SuiteTestDefinitionProcessor.processTestDefinition(SuiteTestDefinitionProcessor.java:54)
  at java.base/jdk.internal.reflect.DirectMethodHandleAccessor.invoke(DirectMethodHandleAccessor.java:104)
  at java.base/java.lang.reflect.Method.invoke(Method.java:565)
  at org.gradle.internal.dispatch.MethodInvocation.invokeOn(MethodInvocation.java:77)
  at org.gradle.internal.dispatch.ReflectionDispatch.dispatch(ReflectionDispatch.java:28)
  at org.gradle.internal.dispatch.ReflectionDispatch.dispatch(ReflectionDispatch.java:19)
  at org.gradle.internal.dispatch.ContextClassLoaderDispatch.dispatch(ContextClassLoaderDispatch.java:33)
  at org.gradle.internal.dispatch.ProxyDispatchAdapter$DispatchingInvocationHandler.invoke(ProxyDispatchAdapter.java:88)
  at jdk.proxy1/jdk.proxy1.$Proxy4.processTestDefinition(Unknown Source)
  at org.gradle.api.internal.tasks.testing.worker.TestWorker$2.run(TestWorker.java:178)
  at org.gradle.api.internal.tasks.testing.worker.TestWorker.executeAndMaintainThreadName(TestWorker.java:126)
  at org.gradle.api.internal.tasks.testing.worker.TestWorker.execute(TestWorker.java:103)
  at org.gradle.api.internal.tasks.testing.worker.TestWorker.execute(TestWorker.java:63)
  at org.gradle.process.internal.worker.child.ActionExecutionWorker.execute(ActionExecutionWorker.java:56)
  at org.gradle.process.internal.worker.child.SystemApplicationClassLoaderWorker.call(SystemApplicationClassLoaderWorker.java:122)
  at org.gradle.process.internal.worker.child.SystemApplicationClassLoaderWorker.call(SystemApplicationClassLoaderWorker.java:72)
  at worker.org.gradle.process.internal.worker.GradleWorkerMain.run(GradleWorkerMain.java:69)
  at worker.org.gradle.process.internal.worker.GradleWorkerMain.main(GradleWorkerMain.java:74)
</stacktrace>
</test-failure>


TypeScriptCompilerTests_C[jvm] > checkJsTypeDefNoUnusedLocalMarked_ts has expected errors matching checkJsTypeDefNoUnusedLocalMarked_errors_txt[jvm] FAILED

<test-failure test="com.xemantic.typescript.compiler.TypeScriptCompilerTests_C.capturedLetConstInLoop8_ts has expected errors matching capturedLetConstInLoop8_errors_txt" platform="jvm">
<message>
Expected diagnostics from baseline typescript-repo/tests/baselines/reference/capturedLetConstInLoop8.errors.txt but none produced
</message>
<stacktrace>
  at com.xemantic.typescript.compiler.TypeScriptTestSupportKt.errorsMatchBaseline(TypeScriptTestSupport.kt:125)
  at com.xemantic.typescript.compiler.TypeScriptCompilerTests_C.capturedLetConstInLoop8_ts has expected errors matching capturedLetConstInLoop8_errors_txt(TypeScriptCompilerTests_C.kt:819)
  at java.base/jdk.internal.reflect.DirectMethodHandleAccessor.invoke(DirectMethodHandleAccessor.java:104)
  at java.base/java.lang.reflect.Method.invoke(Method.java:565)
  at org.junit.runners.model.FrameworkMethod$1.runReflectiveCall(FrameworkMethod.java:59)
  at org.junit.internal.runners.model.ReflectiveCallable.run(ReflectiveCallable.java:12)
  at org.junit.runners.model.FrameworkMethod.invokeExplosively(FrameworkMethod.java:56)
  at org.junit.internal.runners.statements.InvokeMethod.evaluate(InvokeMethod.java:17)
  at org.junit.runners.ParentRunner$3.evaluate(ParentRunner.java:306)
  at org.junit.runners.BlockJUnit4ClassRunner$1.evaluate(BlockJUnit4ClassRunner.java:100)
  at org.junit.runners.ParentRunner.runLeaf(ParentRunner.java:366)
  at org.junit.runners.BlockJUnit4ClassRunner.runChild(BlockJUnit4ClassRunner.java:103)
  at org.junit.runners.BlockJUnit4ClassRunner.runChild(BlockJUnit4ClassRunner.java:63)
  at org.junit.runners.ParentRunner$4.run(ParentRunner.java:331)
  at org.junit.runners.ParentRunner$1.schedule(ParentRunner.java:79)
  at org.junit.runners.ParentRunner.runChildren(ParentRunner.java:329)
  at org.junit.runners.ParentRunner.access$100(ParentRunner.java:66)
  at org.junit.runners.ParentRunner$2.evaluate(ParentRunner.java:293)
  at org.junit.runners.ParentRunner$3.evaluate(ParentRunner.java:306)
  at org.junit.runners.ParentRunner.run(ParentRunner.java:413)
  at org.junit.runner.JUnitCore.run(JUnitCore.java:137)
  at org.junit.runner.JUnitCore.run(JUnitCore.java:115)
  at org.gradle.api.internal.tasks.testing.junit.JUnitTestExecutor.runRequest(JUnitTestExecutor.java:175)
  at org.gradle.api.internal.tasks.testing.junit.JUnitTestExecutor.accept(JUnitTestExecutor.java:84)
  at org.gradle.api.internal.tasks.testing.junit.JUnitTestExecutor.accept(JUnitTestExecutor.java:47)
  at org.gradle.api.internal.tasks.testing.junit.AbstractJUnitTestDefinitionProcessor.processTestDefinition(AbstractJUnitTestDefinitionProcessor.java:65)
  at org.gradle.api.internal.tasks.testing.SuiteTestDefinitionProcessor.processTestDefinition(SuiteTestDefinitionProcessor.java:54)
  at java.base/jdk.internal.reflect.DirectMethodHandleAccessor.invoke(DirectMethodHandleAccessor.java:104)
  at java.base/java.lang.reflect.Method.invoke(Method.java:565)
  at org.gradle.internal.dispatch.MethodInvocation.invokeOn(MethodInvocation.java:77)
  at org.gradle.internal.dispatch.ReflectionDispatch.dispatch(ReflectionDispatch.java:28)
  at org.gradle.internal.dispatch.ReflectionDispatch.dispatch(ReflectionDispatch.java:19)
  at org.gradle.internal.dispatch.ContextClassLoaderDispatch.dispatch(ContextClassLoaderDispatch.java:33)
  at org.gradle.internal.dispatch.ProxyDispatchAdapter$DispatchingInvocationHandler.invoke(ProxyDispatchAdapter.java:88)
  at jdk.proxy1/jdk.proxy1.$Proxy4.processTestDefinition(Unknown Source)
  at org.gradle.api.internal.tasks.testing.worker.TestWorker$2.run(TestWorker.java:178)
  at org.gradle.api.internal.tasks.testing.worker.TestWorker.executeAndMaintainThreadName(TestWorker.java:126)
  at org.gradle.api.internal.tasks.testing.worker.TestWorker.execute(TestWorker.java:103)
  at org.gradle.api.internal.tasks.testing.worker.TestWorker.execute(TestWorker.java:63)
  at org.gradle.process.internal.worker.child.ActionExecutionWorker.execute(ActionExecutionWorker.java:56)
  at org.gradle.process.internal.worker.child.SystemApplicationClassLoaderWorker.call(SystemApplicationClassLoaderWorker.java:122)
  at org.gradle.process.internal.worker.child.SystemApplicationClassLoaderWorker.call(SystemApplicationClassLoaderWorker.java:72)
  at worker.org.gradle.process.internal.worker.GradleWorkerMain.run(GradleWorkerMain.java:69)
  at worker.org.gradle.process.internal.worker.GradleWorkerMain.main(GradleWorkerMain.java:74)
</stacktrace>
</test-failure>


TypeScriptCompilerTests_C[jvm] > capturedLetConstInLoop8_ts has expected errors matching capturedLetConstInLoop8_errors_txt[jvm] FAILED

<test-failure test="com.xemantic.typescript.compiler.TypeScriptCompilerTests_C.computedEnumMemberSyntacticallyString_ts__isolatedmodules_true__has expected errors matching baseline" platform="jvm">
<message>
Expected diagnostics from baseline typescript-repo/tests/baselines/reference/computedEnumMemberSyntacticallyString(isolatedmodules=true).errors.txt but none produced
</message>
<stacktrace>
  at com.xemantic.typescript.compiler.TypeScriptTestSupportKt.errorsMatchBaseline(TypeScriptTestSupport.kt:125)
  at com.xemantic.typescript.compiler.TypeScriptCompilerTests_C.computedEnumMemberSyntacticallyString_ts__isolatedmodules_true__has expected errors matching baseline(TypeScriptCompilerTests_C.kt:5285)
  at java.base/jdk.internal.reflect.DirectMethodHandleAccessor.invoke(DirectMethodHandleAccessor.java:104)
  at java.base/java.lang.reflect.Method.invoke(Method.java:565)
  at org.junit.runners.model.FrameworkMethod$1.runReflectiveCall(FrameworkMethod.java:59)
  at org.junit.internal.runners.model.ReflectiveCallable.run(ReflectiveCallable.java:12)
  at org.junit.runners.model.FrameworkMethod.invokeExplosively(FrameworkMethod.java:56)
  at org.junit.internal.runners.statements.InvokeMethod.evaluate(InvokeMethod.java:17)
  at org.junit.runners.ParentRunner$3.evaluate(ParentRunner.java:306)
  at org.junit.runners.BlockJUnit4ClassRunner$1.evaluate(BlockJUnit4ClassRunner.java:100)
  at org.junit.runners.ParentRunner.runLeaf(ParentRunner.java:366)
  at org.junit.runners.BlockJUnit4ClassRunner.runChild(BlockJUnit4ClassRunner.java:103)
  at org.junit.runners.BlockJUnit4ClassRunner.runChild(BlockJUnit4ClassRunner.java:63)
  at org.junit.runners.ParentRunner$4.run(ParentRunner.java:331)
  at org.junit.runners.ParentRunner$1.schedule(ParentRunner.java:79)
  at org.junit.runners.ParentRunner.runChildren(ParentRunner.java:329)
  at org.junit.runners.ParentRunner.access$100(ParentRunner.java:66)
  at org.junit.runners.ParentRunner$2.evaluate(ParentRunner.java:293)
  at org.junit.runners.ParentRunner$3.evaluate(ParentRunner.java:306)
  at org.junit.runners.ParentRunner.run(ParentRunner.java:413)
  at org.junit.runner.JUnitCore.run(JUnitCore.java:137)
  at org.junit.runner.JUnitCore.run(JUnitCore.java:115)
  at org.gradle.api.internal.tasks.testing.junit.JUnitTestExecutor.runRequest(JUnitTestExecutor.java:175)
  at org.gradle.api.internal.tasks.testing.junit.JUnitTestExecutor.accept(JUnitTestExecutor.java:84)
  at org.gradle.api.internal.tasks.testing.junit.JUnitTestExecutor.accept(JUnitTestExecutor.java:47)
  at org.gradle.api.internal.tasks.testing.junit.AbstractJUnitTestDefinitionProcessor.processTestDefinition(AbstractJUnitTestDefinitionProcessor.java:65)
  at org.gradle.api.internal.tasks.testing.SuiteTestDefinitionProcessor.processTestDefinition(SuiteTestDefinitionProcessor.java:54)
  at java.base/jdk.internal.reflect.DirectMethodHandleAccessor.invoke(DirectMethodHandleAccessor.java:104)
  at java.base/java.lang.reflect.Method.invoke(Method.java:565)
  at org.gradle.internal.dispatch.MethodInvocation.invokeOn(MethodInvocation.java:77)
  at org.gradle.internal.dispatch.ReflectionDispatch.dispatch(ReflectionDispatch.java:28)
  at org.gradle.internal.dispatch.ReflectionDispatch.dispatch(ReflectionDispatch.java:19)
  at org.gradle.internal.dispatch.ContextClassLoaderDispatch.dispatch(ContextClassLoaderDispatch.java:33)
  at org.gradle.internal.dispatch.ProxyDispatchAdapter$DispatchingInvocationHandler.invoke(ProxyDispatchAdapter.java:88)
  at jdk.proxy1/jdk.proxy1.$Proxy4.processTestDefinition(Unknown Source)
  at org.gradle.api.internal.tasks.testing.worker.TestWorker$2.run(TestWorker.java:178)
  at org.gradle.api.internal.tasks.testing.worker.TestWorker.executeAndMaintainThreadName(TestWorker.java:126)
  at org.gradle.api.internal.tasks.testing.worker.TestWorker.execute(TestWorker.java:103)
  at org.gradle.api.internal.tasks.testing.worker.TestWorker.execute(TestWorker.java:63)
  at org.gradle.process.internal.worker.child.ActionExecutionWorker.execute(ActionExecutionWorker.java:56)
  at org.gradle.process.internal.worker.child.SystemApplicationClassLoaderWorker.call(SystemApplicationClassLoaderWorker.java:122)
  at org.gradle.process.internal.worker.child.SystemApplicationClassLoaderWorker.call(SystemApplicationClassLoaderWorker.java:72)
  at worker.org.gradle.process.internal.worker.GradleWorkerMain.run(GradleWorkerMain.java:69)
  at worker.org.gradle.process.internal.worker.GradleWorkerMain.main(GradleWorkerMain.java:74)
</stacktrace>
</test-failure>


TypeScriptCompilerTests_C[jvm] > computedEnumMemberSyntacticallyString_ts__isolatedmodules_true__has expected errors matching baseline[jvm] FAILED

<test-failure test="com.xemantic.typescript.compiler.TypeScriptCompilerTests_C.checkJsFiles2_ts has expected errors matching checkJsFiles2_errors_txt" platform="jvm">
<message>
Expected diagnostics from baseline typescript-repo/tests/baselines/reference/checkJsFiles2.errors.txt but none produced
</message>
<stacktrace>
  at com.xemantic.typescript.compiler.TypeScriptTestSupportKt.errorsMatchBaseline(TypeScriptTestSupport.kt:125)
  at com.xemantic.typescript.compiler.TypeScriptCompilerTests_C.checkJsFiles2_ts has expected errors matching checkJsFiles2_errors_txt(TypeScriptCompilerTests_C.kt:1211)
  at java.base/jdk.internal.reflect.DirectMethodHandleAccessor.invoke(DirectMethodHandleAccessor.java:104)
  at java.base/java.lang.reflect.Method.invoke(Method.java:565)
  at org.junit.runners.model.FrameworkMethod$1.runReflectiveCall(FrameworkMethod.java:59)
  at org.junit.internal.runners.model.ReflectiveCallable.run(ReflectiveCallable.java:12)
  at org.junit.runners.model.FrameworkMethod.invokeExplosively(FrameworkMethod.java:56)
  at org.junit.internal.runners.statements.InvokeMethod.evaluate(InvokeMethod.java:17)
  at org.junit.runners.ParentRunner$3.evaluate(ParentRunner.java:306)
  at org.junit.runners.BlockJUnit4ClassRunner$1.evaluate(BlockJUnit4ClassRunner.java:100)
  at org.junit.runners.ParentRunner.runLeaf(ParentRunner.java:366)
  at org.junit.runners.BlockJUnit4ClassRunner.runChild(BlockJUnit4ClassRunner.java:103)
  at org.junit.runners.BlockJUnit4ClassRunner.runChild(BlockJUnit4ClassRunner.java:63)
  at org.junit.runners.ParentRunner$4.run(ParentRunner.java:331)
  at org.junit.runners.ParentRunner$1.schedule(ParentRunner.java:79)
  at org.junit.runners.ParentRunner.runChildren(ParentRunner.java:329)
  at org.junit.runners.ParentRunner.access$100(ParentRunner.java:66)
  at org.junit.runners.ParentRunner$2.evaluate(ParentRunner.java:293)
  at org.junit.runners.ParentRunner$3.evaluate(ParentRunner.java:306)
  at org.junit.runners.ParentRunner.run(ParentRunner.java:413)
  at org.junit.runner.JUnitCore.run(JUnitCore.java:137)
  at org.junit.runner.JUnitCore.run(JUnitCore.java:115)
  at org.gradle.api.internal.tasks.testing.junit.JUnitTestExecutor.runRequest(JUnitTestExecutor.java:175)
  at org.gradle.api.internal.tasks.testing.junit.JUnitTestExecutor.accept(JUnitTestExecutor.java:84)
  at org.gradle.api.internal.tasks.testing.junit.JUnitTestExecutor.accept(JUnitTestExecutor.java:47)
  at org.gradle.api.internal.tasks.testing.junit.AbstractJUnitTestDefinitionProcessor.processTestDefinition(AbstractJUnitTestDefinitionProcessor.java:65)
  at org.gradle.api.internal.tasks.testing.SuiteTestDefinitionProcessor.processTestDefinition(SuiteTestDefinitionProcessor.java:54)
  at java.base/jdk.internal.reflect.DirectMethodHandleAccessor.invoke(DirectMethodHandleAccessor.java:104)
  at java.base/java.lang.reflect.Method.invoke(Method.java:565)
  at org.gradle.internal.dispatch.MethodInvocation.invokeOn(MethodInvocation.java:77)
  at org.gradle.internal.dispatch.ReflectionDispatch.dispatch(ReflectionDispatch.java:28)
  at org.gradle.internal.dispatch.ReflectionDispatch.dispatch(ReflectionDispatch.java:19)
  at org.gradle.internal.dispatch.ContextClassLoaderDispatch.dispatch(ContextClassLoaderDispatch.java:33)
  at org.gradle.internal.dispatch.ProxyDispatchAdapter$DispatchingInvocationHandler.invoke(ProxyDispatchAdapter.java:88)
  at jdk.proxy1/jdk.proxy1.$Proxy4.processTestDefinition(Unknown Source)
  at org.gradle.api.internal.tasks.testing.worker.TestWorker$2.run(TestWorker.java:178)
  at org.gradle.api.internal.tasks.testing.worker.TestWorker.executeAndMaintainThreadName(TestWorker.java:126)
  at org.gradle.api.internal.tasks.testing.worker.TestWorker.execute(TestWorker.java:103)
  at org.gradle.api.internal.tasks.testing.worker.TestWorker.execute(TestWorker.java:63)
  at org.gradle.process.internal.worker.child.ActionExecutionWorker.execute(ActionExecutionWorker.java:56)
  at org.gradle.process.internal.worker.child.SystemApplicationClassLoaderWorker.call(SystemApplicationClassLoaderWorker.java:122)
  at org.gradle.process.internal.worker.child.SystemApplicationClassLoaderWorker.call(SystemApplicationClassLoaderWorker.java:72)
  at worker.org.gradle.process.internal.worker.GradleWorkerMain.run(GradleWorkerMain.java:69)
  at worker.org.gradle.process.internal.worker.GradleWorkerMain.main(GradleWorkerMain.java:74)
</stacktrace>
</test-failure>


TypeScriptCompilerTests_C[jvm] > checkJsFiles2_ts has expected errors matching checkJsFiles2_errors_txt[jvm] FAILED

<test-failure test="com.xemantic.typescript.compiler.TypeScriptCompilerTests_C.contextualOverloadListFromUnionWithPrimitiveNoImplicitAny_ts has expected errors matching contextualOverloadListFromUnionWithPrimitiveNoImplicitAny_errors_txt" platform="jvm">
<message>
--- expected
+++ actual
@@ -1,7 +1,10 @@
+contextualOverloadListFromUnionWithPrimitiveNoImplicitAny.ts(12,20): error TS7006: Parameter '_t' implicitly has an 'any' type.
+contextualOverloadListFromUnionWithPrimitiveNoImplicitAny.ts(12,24): error TS7006: Parameter '_p' implicitly has an 'any' type.
+contextualOverloadListFromUnionWithPrimitiveNoImplicitAny.ts(12,28): error TS7006: Parameter '_s' implicitly has an 'any' type.
 contextualOverloadListFromUnionWithPrimitiveNoImplicitAny.ts(13,20): error TS7006: Parameter 'match' implicitly has an 'any' type.
 
 
-==== contextualOverloadListFromUnionWithPrimitiveNoImplicitAny.ts (1 errors) ====
+==== contextualOverloadListFromUnionWithPrimitiveNoImplicitAny.ts (4 errors) ====
     // must target esnext for `String.normalize` to exist
     type Validate = (text: string, pos: number, self: Rule) => number | boolean;
     interface FullRule {
@@ -14,6 +17,12 @@
     const obj: {field: Rule} = {
         field: {
             validate: (_t, _p, _s) => false,
+                       ~~
+!!! error TS7006: Parameter '_t' implicitly has an 'any' type.
+                           ~~
+!!! error TS7006: Parameter '_p' implicitly has an 'any' type.
+                               ~~
+!!! error TS7006: Parameter '_s' implicitly has an 'any' type.
             normalize: match => match.x,
                        ~~~~~
 !!! error TS7006: Parameter 'match' implicitly has an 'any' type.

</message>
<stacktrace>
  at org.junit.Assert.fail(Assert.java:89)
  at kotlin.test.junit.JUnitAsserter.fail(JUnitSupport.kt:56)
  at kotlin.test.AssertionsKt__AssertionsKt.fail(Assertions.kt:563)
  at kotlin.test.AssertionsKt.fail(Unknown Source)
  at com.xemantic.kotlin.test.SameAsKt.sameAs(SameAs.kt:52)
  at com.xemantic.typescript.compiler.TypeScriptTestSupportKt.errorsMatchBaseline(TypeScriptTestSupport.kt:135)
  at com.xemantic.typescript.compiler.TypeScriptCompilerTests_C.contextualOverloadListFromUnionWithPrimitiveNoImplicitAny_ts has expected errors matching contextualOverloadListFromUnionWithPrimitiveNoImplicitAny_errors_txt(TypeScriptCompilerTests_C.kt:7105)
  at java.base/jdk.internal.reflect.DirectMethodHandleAccessor.invoke(DirectMethodHandleAccessor.java:104)
  at java.base/java.lang.reflect.Method.invoke(Method.java:565)
  at org.junit.runners.model.FrameworkMethod$1.runReflectiveCall(FrameworkMethod.java:59)
  at org.junit.internal.runners.model.ReflectiveCallable.run(ReflectiveCallable.java:12)
  at org.junit.runners.model.FrameworkMethod.invokeExplosively(FrameworkMethod.java:56)
  at org.junit.internal.runners.statements.InvokeMethod.evaluate(InvokeMethod.java:17)
  at org.junit.runners.ParentRunner$3.evaluate(ParentRunner.java:306)
  at org.junit.runners.BlockJUnit4ClassRunner$1.evaluate(BlockJUnit4ClassRunner.java:100)
  at org.junit.runners.ParentRunner.runLeaf(ParentRunner.java:366)
  at org.junit.runners.BlockJUnit4ClassRunner.runChild(BlockJUnit4ClassRunner.java:103)
  at org.junit.runners.BlockJUnit4ClassRunner.runChild(BlockJUnit4ClassRunner.java:63)
  at org.junit.runners.ParentRunner$4.run(ParentRunner.java:331)
  at org.junit.runners.ParentRunner$1.schedule(ParentRunner.java:79)
  at org.junit.runners.ParentRunner.runChildren(ParentRunner.java:329)
  at org.junit.runners.ParentRunner.access$100(ParentRunner.java:66)
  at org.junit.runners.ParentRunner$2.evaluate(ParentRunner.java:293)
  at org.junit.runners.ParentRunner$3.evaluate(ParentRunner.java:306)
  at org.junit.runners.ParentRunner.run(ParentRunner.java:413)
  at org.junit.runner.JUnitCore.run(JUnitCore.java:137)
  at org.junit.runner.JUnitCore.run(JUnitCore.java:115)
  at org.gradle.api.internal.tasks.testing.junit.JUnitTestExecutor.runRequest(JUnitTestExecutor.java:175)
  at org.gradle.api.internal.tasks.testing.junit.JUnitTestExecutor.accept(JUnitTestExecutor.java:84)
  at org.gradle.api.internal.tasks.testing.junit.JUnitTestExecutor.accept(JUnitTestExecutor.java:47)
  at org.gradle.api.internal.tasks.testing.junit.AbstractJUnitTestDefinitionProcessor.processTestDefinition(AbstractJUnitTestDefinitionProcessor.java:65)
  at org.gradle.api.internal.tasks.testing.SuiteTestDefinitionProcessor.processTestDefinition(SuiteTestDefinitionProcessor.java:54)
  at java.base/jdk.internal.reflect.DirectMethodHandleAccessor.invoke(DirectMethodHandleAccessor.java:104)
  at java.base/java.lang.reflect.Method.invoke(Method.java:565)
  at org.gradle.internal.dispatch.MethodInvocation.invokeOn(MethodInvocation.java:77)
  at org.gradle.internal.dispatch.ReflectionDispatch.dispatch(ReflectionDispatch.java:28)
  at org.gradle.internal.dispatch.ReflectionDispatch.dispatch(ReflectionDispatch.java:19)
  at org.gradle.internal.dispatch.ContextClassLoaderDispatch.dispatch(ContextClassLoaderDispatch.java:33)
  at org.gradle.internal.dispatch.ProxyDispatchAdapter$DispatchingInvocationHandler.invoke(ProxyDispatchAdapter.java:88)
  at jdk.proxy1/jdk.proxy1.$Proxy4.processTestDefinition(Unknown Source)
  at org.gradle.api.internal.tasks.testing.worker.TestWorker$2.run(TestWorker.java:178)
  at org.gradle.api.internal.tasks.testing.worker.TestWorker.executeAndMaintainThreadName(TestWorker.java:126)
  at org.gradle.api.internal.tasks.testing.worker.TestWorker.execute(TestWorker.java:103)
  at org.gradle.api.internal.tasks.testing.worker.TestWorker.execute(TestWorker.java:63)
  at org.gradle.process.internal.worker.child.ActionExecutionWorker.execute(ActionExecutionWorker.java:56)
  at org.gradle.process.internal.worker.child.SystemApplicationClassLoaderWorker.call(SystemApplicationClassLoaderWorker.java:122)
  at org.gradle.process.internal.worker.child.SystemApplicationClassLoaderWorker.call(SystemApplicationClassLoaderWorker.java:72)
  at worker.org.gradle.process.internal.worker.GradleWorkerMain.run(GradleWorkerMain.java:69)
  at worker.org.gradle.process.internal.worker.GradleWorkerMain.main(GradleWorkerMain.java:74)
</stacktrace>
</test-failure>


TypeScriptCompilerTests_C[jvm] > contextualOverloadListFromUnionWithPrimitiveNoImplicitAny_ts has expected errors matching contextualOverloadListFromUnionWithPrimitiveNoImplicitAny_errors_txt[jvm] FAILED

<test-failure test="com.xemantic.typescript.compiler.TypeScriptCompilerTests_C.classExtendsNull3_ts has expected errors matching classExtendsNull3_errors_txt" platform="jvm">
<message>
Expected diagnostics from baseline typescript-repo/tests/baselines/reference/classExtendsNull3.errors.txt but none produced
</message>
<stacktrace>
  at com.xemantic.typescript.compiler.TypeScriptTestSupportKt.errorsMatchBaseline(TypeScriptTestSupport.kt:125)
  at com.xemantic.typescript.compiler.TypeScriptCompilerTests_C.classExtendsNull3_ts has expected errors matching classExtendsNull3_errors_txt(TypeScriptCompilerTests_C.kt:2261)
  at java.base/jdk.internal.reflect.DirectMethodHandleAccessor.invoke(DirectMethodHandleAccessor.java:104)
  at java.base/java.lang.reflect.Method.invoke(Method.java:565)
  at org.junit.runners.model.FrameworkMethod$1.runReflectiveCall(FrameworkMethod.java:59)
  at org.junit.internal.runners.model.ReflectiveCallable.run(ReflectiveCallable.java:12)
  at org.junit.runners.model.FrameworkMethod.invokeExplosively(FrameworkMethod.java:56)
  at org.junit.internal.runners.statements.InvokeMethod.evaluate(InvokeMethod.java:17)
  at org.junit.runners.ParentRunner$3.evaluate(ParentRunner.java:306)
  at org.junit.runners.BlockJUnit4ClassRunner$1.evaluate(BlockJUnit4ClassRunner.java:100)
  at org.junit.runners.ParentRunner.runLeaf(ParentRunner.java:366)
  at org.junit.runners.BlockJUnit4ClassRunner.runChild(BlockJUnit4ClassRunner.java:103)
  at org.junit.runners.BlockJUnit4ClassRunner.runChild(BlockJUnit4ClassRunner.java:63)
  at org.junit.runners.ParentRunner$4.run(ParentRunner.java:331)
  at org.junit.runners.ParentRunner$1.schedule(ParentRunner.java:79)
  at org.junit.runners.ParentRunner.runChildren(ParentRunner.java:329)
  at org.junit.runners.ParentRunner.access$100(ParentRunner.java:66)
  at org.junit.runners.ParentRunner$2.evaluate(ParentRunner.java:293)
  at org.junit.runners.ParentRunner$3.evaluate(ParentRunner.java:306)
  at org.junit.runners.ParentRunner.run(ParentRunner.java:413)
  at org.junit.runner.JUnitCore.run(JUnitCore.java:137)
  at org.junit.runner.JUnitCore.run(JUnitCore.java:115)
  at org.gradle.api.internal.tasks.testing.junit.JUnitTestExecutor.runRequest(JUnitTestExecutor.java:175)
  at org.gradle.api.internal.tasks.testing.junit.JUnitTestExecutor.accept(JUnitTestExecutor.java:84)
  at org.gradle.api.internal.tasks.testing.junit.JUnitTestExecutor.accept(JUnitTestExecutor.java:47)
  at org.gradle.api.internal.tasks.testing.junit.AbstractJUnitTestDefinitionProcessor.processTestDefinition(AbstractJUnitTestDefinitionProcessor.java:65)
  at org.gradle.api.internal.tasks.testing.SuiteTestDefinitionProcessor.processTestDefinition(SuiteTestDefinitionProcessor.java:54)
  at java.base/jdk.internal.reflect.DirectMethodHandleAccessor.invoke(DirectMethodHandleAccessor.java:104)
  at java.base/java.lang.reflect.Method.invoke(Method.java:565)
  at org.gradle.internal.dispatch.MethodInvocation.invokeOn(MethodInvocation.java:77)
  at org.gradle.internal.dispatch.ReflectionDispatch.dispatch(ReflectionDispatch.java:28)
  at org.gradle.internal.dispatch.ReflectionDispatch.dispatch(ReflectionDispatch.java:19)
  at org.gradle.internal.dispatch.ContextClassLoaderDispatch.dispatch(ContextClassLoaderDispatch.java:33)
  at org.gradle.internal.dispatch.ProxyDispatchAdapter$DispatchingInvocationHandler.invoke(ProxyDispatchAdapter.java:88)
  at jdk.proxy1/jdk.proxy1.$Proxy4.processTestDefinition(Unknown Source)
  at org.gradle.api.internal.tasks.testing.worker.TestWorker$2.run(TestWorker.java:178)
  at org.gradle.api.internal.tasks.testing.worker.TestWorker.executeAndMaintainThreadName(TestWorker.java:126)
  at org.gradle.api.internal.tasks.testing.worker.TestWorker.execute(TestWorker.java:103)
  at org.gradle.api.internal.tasks.testing.worker.TestWorker.execute(TestWorker.java:63)
  at org.gradle.process.internal.worker.child.ActionExecutionWorker.execute(ActionExecutionWorker.java:56)
  at org.gradle.process.internal.worker.child.SystemApplicationClassLoaderWorker.call(SystemApplicationClassLoaderWorker.java:122)
  at org.gradle.process.internal.worker.child.SystemApplicationClassLoaderWorker.call(SystemApplicationClassLoaderWorker.java:72)
  at worker.org.gradle.process.internal.worker.GradleWorkerMain.run(GradleWorkerMain.java:69)
  at worker.org.gradle.process.internal.worker.GradleWorkerMain.main(GradleWorkerMain.java:74)
</stacktrace>
</test-failure>


TypeScriptCompilerTests_C[jvm] > classExtendsNull3_ts has expected errors matching classExtendsNull3_errors_txt[jvm] FAILED

<test-failure test="com.xemantic.typescript.compiler.TypeScriptCompilerTests_C.computedEnumMemberSyntacticallyString2_ts__isolatedmodules_true__compiles to JavaScript matching baseline" platform="jvm">
<message>
--- expected
+++ actual
@@ -32,15 +32,15 @@
 const LOCAL = 'LOCAL';
 var Foo;
 (function (Foo) {
-    Foo["A"] = "bar";
-    Foo["B"] = "LOCAL";
-    Foo["C"] = "LOCAL";
-    Foo["D"] = "LOCALBAR";
-    Foo[Foo["E1"] = (`${BAR}`)] = "E1";
-    Foo[Foo["E2"] = `${BAR}`] = "E2";
-    Foo["F"] = "bar";
-    Foo["G"] = "2bar";
-    Foo["H"] = "bar";
-    Foo["I"] = "barbar";
-    Foo["J"] = "bar";
+    Foo["A"] = `${BAR}`;
+    Foo[Foo["B"] = LOCAL] = "B";
+    Foo[Foo["C"] = Foo.B] = "C";
+    Foo["D"] = Foo.C + 'BAR';
+    Foo["E1"] = (`${BAR}`);
+    Foo["E2"] = `${BAR}`;
+    Foo[Foo["F"] = BAR] = "F";
+    Foo[Foo["G"] = 2 + BAR] = "G";
+    Foo["H"] = Foo.A;
+    Foo["I"] = Foo.H + BAR;
+    Foo["J"] = Foo.H;
 })(Foo || (Foo = {}));

</message>
<stacktrace>
  at org.junit.Assert.fail(Assert.java:89)
  at kotlin.test.junit.JUnitAsserter.fail(JUnitSupport.kt:56)
  at kotlin.test.AssertionsKt__AssertionsKt.fail(Assertions.kt:563)
  at kotlin.test.AssertionsKt.fail(Unknown Source)
  at com.xemantic.kotlin.test.SameAsKt.sameAs(SameAs.kt:52)
  at com.xemantic.typescript.compiler.TypeScriptTestSupportKt.sameAs(TypeScriptTestSupport.kt:99)
  at com.xemantic.typescript.compiler.TypeScriptCompilerTests_C.computedEnumMemberSyntacticallyString2_ts__isolatedmodules_true__compiles to JavaScript matching baseline(TypeScriptCompilerTests_C.kt:5299)
  at java.base/jdk.internal.reflect.DirectMethodHandleAccessor.invoke(DirectMethodHandleAccessor.java:104)
  at java.base/java.lang.reflect.Method.invoke(Method.java:565)
  at org.junit.runners.model.FrameworkMethod$1.runReflectiveCall(FrameworkMethod.java:59)
  at org.junit.internal.runners.model.ReflectiveCallable.run(ReflectiveCallable.java:12)
  at org.junit.runners.model.FrameworkMethod.invokeExplosively(FrameworkMethod.java:56)
  at org.junit.internal.runners.statements.InvokeMethod.evaluate(InvokeMethod.java:17)
  at org.junit.runners.ParentRunner$3.evaluate(ParentRunner.java:306)
  at org.junit.runners.BlockJUnit4ClassRunner$1.evaluate(BlockJUnit4ClassRunner.java:100)
  at org.junit.runners.ParentRunner.runLeaf(ParentRunner.java:366)
  at org.junit.runners.BlockJUnit4ClassRunner.runChild(BlockJUnit4ClassRunner.java:103)
  at org.junit.runners.BlockJUnit4ClassRunner.runChild(BlockJUnit4ClassRunner.java:63)
  at org.junit.runners.ParentRunner$4.run(ParentRunner.java:331)
  at org.junit.runners.ParentRunner$1.schedule(ParentRunner.java:79)
  at org.junit.runners.ParentRunner.runChildren(ParentRunner.java:329)
  at org.junit.runners.ParentRunner.access$100(ParentRunner.java:66)
  at org.junit.runners.ParentRunner$2.evaluate(ParentRunner.java:293)
  at org.junit.runners.ParentRunner$3.evaluate(ParentRunner.java:306)
  at org.junit.runners.ParentRunner.run(ParentRunner.java:413)
  at org.junit.runner.JUnitCore.run(JUnitCore.java:137)
  at org.junit.runner.JUnitCore.run(JUnitCore.java:115)
  at org.gradle.api.internal.tasks.testing.junit.JUnitTestExecutor.runRequest(JUnitTestExecutor.java:175)
  at org.gradle.api.internal.tasks.testing.junit.JUnitTestExecutor.accept(JUnitTestExecutor.java:84)
  at org.gradle.api.internal.tasks.testing.junit.JUnitTestExecutor.accept(JUnitTestExecutor.java:47)
  at org.gradle.api.internal.tasks.testing.junit.AbstractJUnitTestDefinitionProcessor.processTestDefinition(AbstractJUnitTestDefinitionProcessor.java:65)
  at org.gradle.api.internal.tasks.testing.SuiteTestDefinitionProcessor.processTestDefinition(SuiteTestDefinitionProcessor.java:54)
  at java.base/jdk.internal.reflect.DirectMethodHandleAccessor.invoke(DirectMethodHandleAccessor.java:104)
  at java.base/java.lang.reflect.Method.invoke(Method.java:565)
  at org.gradle.internal.dispatch.MethodInvocation.invokeOn(MethodInvocation.java:77)
  at org.gradle.internal.dispatch.ReflectionDispatch.dispatch(ReflectionDispatch.java:28)
  at org.gradle.internal.dispatch.ReflectionDispatch.dispatch(ReflectionDispatch.java:19)
  at org.gradle.internal.dispatch.ContextClassLoaderDispatch.dispatch(ContextClassLoaderDispatch.java:33)
  at org.gradle.internal.dispatch.ProxyDispatchAdapter$DispatchingInvocationHandler.invoke(ProxyDispatchAdapter.java:88)
  at jdk.proxy1/jdk.proxy1.$Proxy4.processTestDefinition(Unknown Source)
  at org.gradle.api.internal.tasks.testing.worker.TestWorker$2.run(TestWorker.java:178)
  at org.gradle.api.internal.tasks.testing.worker.TestWorker.executeAndMaintainThreadName(TestWorker.java:126)
  at org.gradle.api.internal.tasks.testing.worker.TestWorker.execute(TestWorker.java:103)
  at org.gradle.api.internal.tasks.testing.worker.TestWorker.execute(TestWorker.java:63)
  at org.gradle.process.internal.worker.child.ActionExecutionWorker.execute(ActionExecutionWorker.java:56)
  at org.gradle.process.internal.worker.child.SystemApplicationClassLoaderWorker.call(SystemApplicationClassLoaderWorker.java:122)
  at org.gradle.process.internal.worker.child.SystemApplicationClassLoaderWorker.call(SystemApplicationClassLoaderWorker.java:72)
  at worker.org.gradle.process.internal.worker.GradleWorkerMain.run(GradleWorkerMain.java:69)
  at worker.org.gradle.process.internal.worker.GradleWorkerMain.main(GradleWorkerMain.java:74)
</stacktrace>
</test-failure>


TypeScriptCompilerTests_C[jvm] > computedEnumMemberSyntacticallyString2_ts__isolatedmodules_true__compiles to JavaScript matching baseline[jvm] FAILED

<test-failure test="com.xemantic.typescript.compiler.TypeScriptCompilerTests_C.contextualTyping24_ts has expected errors matching contextualTyping24_errors_txt" platform="jvm">
<message>
--- expected
+++ actual
@@ -1,11 +1,11 @@
-contextualTyping24.ts(1,55): error TS2322: Type '(this: void, a: string) => number' is not assignable to type '(a: { (): number; (i: number): number; }) => number'.
+contextualTyping24.ts(1,55): error TS2322: Type '(a: string) => any' is not assignable to type '(a: any) => number'.
   Types of parameters 'a' and 'a' are incompatible.
-    Type '{ (): number; (i: number): number; }' is not assignable to type 'string'.
+    Type '{ ... }' is not assignable to type 'string'.
 
 
 ==== contextualTyping24.ts (1 errors) ====
     var foo:(a:{():number; (i:number):number; })=>number; foo = function(this: void, a:string){return 5};
                                                           ~~~
-!!! error TS2322: Type '(this: void, a: string) => number' is not assignable to type '(a: { (): number; (i: number): number; }) => number'.
+!!! error TS2322: Type '(a: string) => any' is not assignable to type '(a: any) => number'.
 !!! error TS2322:   Types of parameters 'a' and 'a' are incompatible.
-!!! error TS2322:     Type '{ (): number; (i: number): number; }' is not assignable to type 'string'.
+!!! error TS2322:     Type '{ ... }' is not assignable to type 'string'.

</message>
<stacktrace>
  at org.junit.Assert.fail(Assert.java:89)
  at kotlin.test.junit.JUnitAsserter.fail(JUnitSupport.kt:56)
  at kotlin.test.AssertionsKt__AssertionsKt.fail(Assertions.kt:563)
  at kotlin.test.AssertionsKt.fail(Unknown Source)
  at com.xemantic.kotlin.test.SameAsKt.sameAs(SameAs.kt:52)
  at com.xemantic.typescript.compiler.TypeScriptTestSupportKt.errorsMatchBaseline(TypeScriptTestSupport.kt:135)
  at com.xemantic.typescript.compiler.TypeScriptCompilerTests_C.contextualTyping24_ts has expected errors matching contextualTyping24_errors_txt(TypeScriptCompilerTests_C.kt:7560)
  at java.base/jdk.internal.reflect.DirectMethodHandleAccessor.invoke(DirectMethodHandleAccessor.java:104)
  at java.base/java.lang.reflect.Method.invoke(Method.java:565)
  at org.junit.runners.model.FrameworkMethod$1.runReflectiveCall(FrameworkMethod.java:59)
  at org.junit.internal.runners.model.ReflectiveCallable.run(ReflectiveCallable.java:12)
  at org.junit.runners.model.FrameworkMethod.invokeExplosively(FrameworkMethod.java:56)
  at org.junit.internal.runners.statements.InvokeMethod.evaluate(InvokeMethod.java:17)
  at org.junit.runners.ParentRunner$3.evaluate(ParentRunner.java:306)
  at org.junit.runners.BlockJUnit4ClassRunner$1.evaluate(BlockJUnit4ClassRunner.java:100)
  at org.junit.runners.ParentRunner.runLeaf(ParentRunner.java:366)
  at org.junit.runners.BlockJUnit4ClassRunner.runChild(BlockJUnit4ClassRunner.java:103)
  at org.junit.runners.BlockJUnit4ClassRunner.runChild(BlockJUnit4ClassRunner.java:63)
  at org.junit.runners.ParentRunner$4.run(ParentRunner.java:331)
  at org.junit.runners.ParentRunner$1.schedule(ParentRunner.java:79)
  at org.junit.runners.ParentRunner.runChildren(ParentRunner.java:329)
  at org.junit.runners.ParentRunner.access$100(ParentRunner.java:66)
  at org.junit.runners.ParentRunner$2.evaluate(ParentRunner.java:293)
  at org.junit.runners.ParentRunner$3.evaluate(ParentRunner.java:306)
  at org.junit.runners.ParentRunner.run(ParentRunner.java:413)
  at org.junit.runner.JUnitCore.run(JUnitCore.java:137)
  at org.junit.runner.JUnitCore.run(JUnitCore.java:115)
  at org.gradle.api.internal.tasks.testing.junit.JUnitTestExecutor.runRequest(JUnitTestExecutor.java:175)
  at org.gradle.api.internal.tasks.testing.junit.JUnitTestExecutor.accept(JUnitTestExecutor.java:84)
  at org.gradle.api.internal.tasks.testing.junit.JUnitTestExecutor.accept(JUnitTestExecutor.java:47)
  at org.gradle.api.internal.tasks.testing.junit.AbstractJUnitTestDefinitionProcessor.processTestDefinition(AbstractJUnitTestDefinitionProcessor.java:65)
  at org.gradle.api.internal.tasks.testing.SuiteTestDefinitionProcessor.processTestDefinition(SuiteTestDefinitionProcessor.java:54)
  at java.base/jdk.internal.reflect.DirectMethodHandleAccessor.invoke(DirectMethodHandleAccessor.java:104)
  at java.base/java.lang.reflect.Method.invoke(Method.java:565)
  at org.gradle.internal.dispatch.MethodInvocation.invokeOn(MethodInvocation.java:77)
  at org.gradle.internal.dispatch.ReflectionDispatch.dispatch(ReflectionDispatch.java:28)
  at org.gradle.internal.dispatch.ReflectionDispatch.dispatch(ReflectionDispatch.java:19)
  at org.gradle.internal.dispatch.ContextClassLoaderDispatch.dispatch(ContextClassLoaderDispatch.java:33)
  at org.gradle.internal.dispatch.ProxyDispatchAdapter$DispatchingInvocationHandler.invoke(ProxyDispatchAdapter.java:88)
  at jdk.proxy1/jdk.proxy1.$Proxy4.processTestDefinition(Unknown Source)
  at org.gradle.api.internal.tasks.testing.worker.TestWorker$2.run(TestWorker.java:178)
  at org.gradle.api.internal.tasks.testing.worker.TestWorker.executeAndMaintainThreadName(TestWorker.java:126)
  at org.gradle.api.internal.tasks.testing.worker.TestWorker.execute(TestWorker.java:103)
  at org.gradle.api.internal.tasks.testing.worker.TestWorker.execute(TestWorker.java:63)
  at org.gradle.process.internal.worker.child.ActionExecutionWorker.execute(ActionExecutionWorker.java:56)
  at org.gradle.process.internal.worker.child.SystemApplicationClassLoaderWorker.call(SystemApplicationClassLoaderWorker.java:122)
  at org.gradle.process.internal.worker.child.SystemApplicationClassLoaderWorker.call(SystemApplicationClassLoaderWorker.java:72)
  at worker.org.gradle.process.internal.worker.GradleWorkerMain.run(GradleWorkerMain.java:69)
  at worker.org.gradle.process.internal.worker.GradleWorkerMain.main(GradleWorkerMain.java:74)
</stacktrace>
</test-failure>


TypeScriptCompilerTests_C[jvm] > contextualTyping24_ts has expected errors matching contextualTyping24_errors_txt[jvm] FAILED

<test-failure test="com.xemantic.typescript.compiler.TypeScriptCompilerTests_C.classSideInheritance1_ts has expected errors matching classSideInheritance1_errors_txt" platform="jvm">
<message>
Expected diagnostics from baseline typescript-repo/tests/baselines/reference/classSideInheritance1.errors.txt but none produced
</message>
<stacktrace>
  at com.xemantic.typescript.compiler.TypeScriptTestSupportKt.errorsMatchBaseline(TypeScriptTestSupport.kt:125)
  at com.xemantic.typescript.compiler.TypeScriptCompilerTests_C.classSideInheritance1_ts has expected errors matching classSideInheritance1_errors_txt(TypeScriptCompilerTests_C.kt:2842)
  at java.base/jdk.internal.reflect.DirectMethodHandleAccessor.invoke(DirectMethodHandleAccessor.java:104)
  at java.base/java.lang.reflect.Method.invoke(Method.java:565)
  at org.junit.runners.model.FrameworkMethod$1.runReflectiveCall(FrameworkMethod.java:59)
  at org.junit.internal.runners.model.ReflectiveCallable.run(ReflectiveCallable.java:12)
  at org.junit.runners.model.FrameworkMethod.invokeExplosively(FrameworkMethod.java:56)
  at org.junit.internal.runners.statements.InvokeMethod.evaluate(InvokeMethod.java:17)
  at org.junit.runners.ParentRunner$3.evaluate(ParentRunner.java:306)
  at org.junit.runners.BlockJUnit4ClassRunner$1.evaluate(BlockJUnit4ClassRunner.java:100)
  at org.junit.runners.ParentRunner.runLeaf(ParentRunner.java:366)
  at org.junit.runners.BlockJUnit4ClassRunner.runChild(BlockJUnit4ClassRunner.java:103)
  at org.junit.runners.BlockJUnit4ClassRunner.runChild(BlockJUnit4ClassRunner.java:63)
  at org.junit.runners.ParentRunner$4.run(ParentRunner.java:331)
  at org.junit.runners.ParentRunner$1.schedule(ParentRunner.java:79)
  at org.junit.runners.ParentRunner.runChildren(ParentRunner.java:329)
  at org.junit.runners.ParentRunner.access$100(ParentRunner.java:66)
  at org.junit.runners.ParentRunner$2.evaluate(ParentRunner.java:293)
  at org.junit.runners.ParentRunner$3.evaluate(ParentRunner.java:306)
  at org.junit.runners.ParentRunner.run(ParentRunner.java:413)
  at org.junit.runner.JUnitCore.run(JUnitCore.java:137)
  at org.junit.runner.JUnitCore.run(JUnitCore.java:115)
  at org.gradle.api.internal.tasks.testing.junit.JUnitTestExecutor.runRequest(JUnitTestExecutor.java:175)
  at org.gradle.api.internal.tasks.testing.junit.JUnitTestExecutor.accept(JUnitTestExecutor.java:84)
  at org.gradle.api.internal.tasks.testing.junit.JUnitTestExecutor.accept(JUnitTestExecutor.java:47)
  at org.gradle.api.internal.tasks.testing.junit.AbstractJUnitTestDefinitionProcessor.processTestDefinition(AbstractJUnitTestDefinitionProcessor.java:65)
  at org.gradle.api.internal.tasks.testing.SuiteTestDefinitionProcessor.processTestDefinition(SuiteTestDefinitionProcessor.java:54)
  at java.base/jdk.internal.reflect.DirectMethodHandleAccessor.invoke(DirectMethodHandleAccessor.java:104)
  at java.base/java.lang.reflect.Method.invoke(Method.java:565)
  at org.gradle.internal.dispatch.MethodInvocation.invokeOn(MethodInvocation.java:77)
  at org.gradle.internal.dispatch.ReflectionDispatch.dispatch(ReflectionDispatch.java:28)
  at org.gradle.internal.dispatch.ReflectionDispatch.dispatch(ReflectionDispatch.java:19)
  at org.gradle.internal.dispatch.ContextClassLoaderDispatch.dispatch(ContextClassLoaderDispatch.java:33)
  at org.gradle.internal.dispatch.ProxyDispatchAdapter$DispatchingInvocationHandler.invoke(ProxyDispatchAdapter.java:88)
  at jdk.proxy1/jdk.proxy1.$Proxy4.processTestDefinition(Unknown Source)
  at org.gradle.api.internal.tasks.testing.worker.TestWorker$2.run(TestWorker.java:178)
  at org.gradle.api.internal.tasks.testing.worker.TestWorker.executeAndMaintainThreadName(TestWorker.java:126)
  at org.gradle.api.internal.tasks.testing.worker.TestWorker.execute(TestWorker.java:103)
  at org.gradle.api.internal.tasks.testing.worker.TestWorker.execute(TestWorker.java:63)
  at org.gradle.process.internal.worker.child.ActionExecutionWorker.execute(ActionExecutionWorker.java:56)
  at org.gradle.process.internal.worker.child.SystemApplicationClassLoaderWorker.call(SystemApplicationClassLoaderWorker.java:122)
  at org.gradle.process.internal.worker.child.SystemApplicationClassLoaderWorker.call(SystemApplicationClassLoaderWorker.java:72)
  at worker.org.gradle.process.internal.worker.GradleWorkerMain.run(GradleWorkerMain.java:69)
  at worker.org.gradle.process.internal.worker.GradleWorkerMain.main(GradleWorkerMain.java:74)
</stacktrace>
</test-failure>


TypeScriptCompilerTests_C[jvm] > classSideInheritance1_ts has expected errors matching classSideInheritance1_errors_txt[jvm] FAILED

<test-failure test="com.xemantic.typescript.compiler.TypeScriptCompilerTests_C.constraintWithIndexedAccess_ts has expected errors matching constraintWithIndexedAccess_errors_txt" platform="jvm">
<message>
Expected diagnostics from baseline typescript-repo/tests/baselines/reference/constraintWithIndexedAccess.errors.txt but none produced
</message>
<stacktrace>
  at com.xemantic.typescript.compiler.TypeScriptTestSupportKt.errorsMatchBaseline(TypeScriptTestSupport.kt:125)
  at com.xemantic.typescript.compiler.TypeScriptCompilerTests_C.constraintWithIndexedAccess_ts has expected errors matching constraintWithIndexedAccess_errors_txt(TypeScriptCompilerTests_C.kt:6650)
  at java.base/jdk.internal.reflect.DirectMethodHandleAccessor.invoke(DirectMethodHandleAccessor.java:104)
  at java.base/java.lang.reflect.Method.invoke(Method.java:565)
  at org.junit.runners.model.FrameworkMethod$1.runReflectiveCall(FrameworkMethod.java:59)
  at org.junit.internal.runners.model.ReflectiveCallable.run(ReflectiveCallable.java:12)
  at org.junit.runners.model.FrameworkMethod.invokeExplosively(FrameworkMethod.java:56)
  at org.junit.internal.runners.statements.InvokeMethod.evaluate(InvokeMethod.java:17)
  at org.junit.runners.ParentRunner$3.evaluate(ParentRunner.java:306)
  at org.junit.runners.BlockJUnit4ClassRunner$1.evaluate(BlockJUnit4ClassRunner.java:100)
  at org.junit.runners.ParentRunner.runLeaf(ParentRunner.java:366)
  at org.junit.runners.BlockJUnit4ClassRunner.runChild(BlockJUnit4ClassRunner.java:103)
  at org.junit.runners.BlockJUnit4ClassRunner.runChild(BlockJUnit4ClassRunner.java:63)
  at org.junit.runners.ParentRunner$4.run(ParentRunner.java:331)
  at org.junit.runners.ParentRunner$1.schedule(ParentRunner.java:79)
  at org.junit.runners.ParentRunner.runChildren(ParentRunner.java:329)
  at org.junit.runners.ParentRunner.access$100(ParentRunner.java:66)
  at org.junit.runners.ParentRunner$2.evaluate(ParentRunner.java:293)
  at org.junit.runners.ParentRunner$3.evaluate(ParentRunner.java:306)
  at org.junit.runners.ParentRunner.run(ParentRunner.java:413)
  at org.junit.runner.JUnitCore.run(JUnitCore.java:137)
  at org.junit.runner.JUnitCore.run(JUnitCore.java:115)
  at org.gradle.api.internal.tasks.testing.junit.JUnitTestExecutor.runRequest(JUnitTestExecutor.java:175)
  at org.gradle.api.internal.tasks.testing.junit.JUnitTestExecutor.accept(JUnitTestExecutor.java:84)
  at org.gradle.api.internal.tasks.testing.junit.JUnitTestExecutor.accept(JUnitTestExecutor.java:47)
  at org.gradle.api.internal.tasks.testing.junit.AbstractJUnitTestDefinitionProcessor.processTestDefinition(AbstractJUnitTestDefinitionProcessor.java:65)
  at org.gradle.api.internal.tasks.testing.SuiteTestDefinitionProcessor.processTestDefinition(SuiteTestDefinitionProcessor.java:54)
  at java.base/jdk.internal.reflect.DirectMethodHandleAccessor.invoke(DirectMethodHandleAccessor.java:104)
  at java.base/java.lang.reflect.Method.invoke(Method.java:565)
  at org.gradle.internal.dispatch.MethodInvocation.invokeOn(MethodInvocation.java:77)
  at org.gradle.internal.dispatch.ReflectionDispatch.dispatch(ReflectionDispatch.java:28)
  at org.gradle.internal.dispatch.ReflectionDispatch.dispatch(ReflectionDispatch.java:19)
  at org.gradle.internal.dispatch.ContextClassLoaderDispatch.dispatch(ContextClassLoaderDispatch.java:33)
  at org.gradle.internal.dispatch.ProxyDispatchAdapter$DispatchingInvocationHandler.invoke(ProxyDispatchAdapter.java:88)
  at jdk.proxy1/jdk.proxy1.$Proxy4.processTestDefinition(Unknown Source)
  at org.gradle.api.internal.tasks.testing.worker.TestWorker$2.run(TestWorker.java:178)
  at org.gradle.api.internal.tasks.testing.worker.TestWorker.executeAndMaintainThreadName(TestWorker.java:126)
  at org.gradle.api.internal.tasks.testing.worker.TestWorker.execute(TestWorker.java:103)
  at org.gradle.api.internal.tasks.testing.worker.TestWorker.execute(TestWorker.java:63)
  at org.gradle.process.internal.worker.child.ActionExecutionWorker.execute(ActionExecutionWorker.java:56)
  at org.gradle.process.internal.worker.child.SystemApplicationClassLoaderWorker.call(SystemApplicationClassLoaderWorker.java:122)
  at org.gradle.process.internal.worker.child.SystemApplicationClassLoaderWorker.call(SystemApplicationClassLoaderWorker.java:72)
  at worker.org.gradle.process.internal.worker.GradleWorkerMain.run(GradleWorkerMain.java:69)
  at worker.org.gradle.process.internal.worker.GradleWorkerMain.main(GradleWorkerMain.java:74)
</stacktrace>
</test-failure>


TypeScriptCompilerTests_C[jvm] > constraintWithIndexedAccess_ts has expected errors matching constraintWithIndexedAccess_errors_txt[jvm] FAILED

<test-failure test="com.xemantic.typescript.compiler.TypeScriptCompilerTests_C.controlFlowForIndexSignatures_ts has expected errors matching controlFlowForIndexSignatures_errors_txt" platform="jvm">
<message>
Expected diagnostics from baseline typescript-repo/tests/baselines/reference/controlFlowForIndexSignatures.errors.txt but none produced
</message>
<stacktrace>
  at com.xemantic.typescript.compiler.TypeScriptTestSupportKt.errorsMatchBaseline(TypeScriptTestSupport.kt:125)
  at com.xemantic.typescript.compiler.TypeScriptCompilerTests_C.controlFlowForIndexSignatures_ts has expected errors matching controlFlowForIndexSignatures_errors_txt(TypeScriptCompilerTests_C.kt:8449)
  at java.base/jdk.internal.reflect.DirectMethodHandleAccessor.invoke(DirectMethodHandleAccessor.java:104)
  at java.base/java.lang.reflect.Method.invoke(Method.java:565)
  at org.junit.runners.model.FrameworkMethod$1.runReflectiveCall(FrameworkMethod.java:59)
  at org.junit.internal.runners.model.ReflectiveCallable.run(ReflectiveCallable.java:12)
  at org.junit.runners.model.FrameworkMethod.invokeExplosively(FrameworkMethod.java:56)
  at org.junit.internal.runners.statements.InvokeMethod.evaluate(InvokeMethod.java:17)
  at org.junit.runners.ParentRunner$3.evaluate(ParentRunner.java:306)
  at org.junit.runners.BlockJUnit4ClassRunner$1.evaluate(BlockJUnit4ClassRunner.java:100)
  at org.junit.runners.ParentRunner.runLeaf(ParentRunner.java:366)
  at org.junit.runners.BlockJUnit4ClassRunner.runChild(BlockJUnit4ClassRunner.java:103)
  at org.junit.runners.BlockJUnit4ClassRunner.runChild(BlockJUnit4ClassRunner.java:63)
  at org.junit.runners.ParentRunner$4.run(ParentRunner.java:331)
  at org.junit.runners.ParentRunner$1.schedule(ParentRunner.java:79)
  at org.junit.runners.ParentRunner.runChildren(ParentRunner.java:329)
  at org.junit.runners.ParentRunner.access$100(ParentRunner.java:66)
  at org.junit.runners.ParentRunner$2.evaluate(ParentRunner.java:293)
  at org.junit.runners.ParentRunner$3.evaluate(ParentRunner.java:306)
  at org.junit.runners.ParentRunner.run(ParentRunner.java:413)
  at org.junit.runner.JUnitCore.run(JUnitCore.java:137)
  at org.junit.runner.JUnitCore.run(JUnitCore.java:115)
  at org.gradle.api.internal.tasks.testing.junit.JUnitTestExecutor.runRequest(JUnitTestExecutor.java:175)
  at org.gradle.api.internal.tasks.testing.junit.JUnitTestExecutor.accept(JUnitTestExecutor.java:84)
  at org.gradle.api.internal.tasks.testing.junit.JUnitTestExecutor.accept(JUnitTestExecutor.java:47)
  at org.gradle.api.internal.tasks.testing.junit.AbstractJUnitTestDefinitionProcessor.processTestDefinition(AbstractJUnitTestDefinitionProcessor.java:65)
  at org.gradle.api.internal.tasks.testing.SuiteTestDefinitionProcessor.processTestDefinition(SuiteTestDefinitionProcessor.java:54)
  at java.base/jdk.internal.reflect.DirectMethodHandleAccessor.invoke(DirectMethodHandleAccessor.java:104)
  at java.base/java.lang.reflect.Method.invoke(Method.java:565)
  at org.gradle.internal.dispatch.MethodInvocation.invokeOn(MethodInvocation.java:77)
  at org.gradle.internal.dispatch.ReflectionDispatch.dispatch(ReflectionDispatch.java:28)
  at org.gradle.internal.dispatch.ReflectionDispatch.dispatch(ReflectionDispatch.java:19)
  at org.gradle.internal.dispatch.ContextClassLoaderDispatch.dispatch(ContextClassLoaderDispatch.java:33)
  at org.gradle.internal.dispatch.ProxyDispatchAdapter$DispatchingInvocationHandler.invoke(ProxyDispatchAdapter.java:88)
  at jdk.proxy1/jdk.proxy1.$Proxy4.processTestDefinition(Unknown Source)
  at org.gradle.api.internal.tasks.testing.worker.TestWorker$2.run(TestWorker.java:178)
  at org.gradle.api.internal.tasks.testing.worker.TestWorker.executeAndMaintainThreadName(TestWorker.java:126)
  at org.gradle.api.internal.tasks.testing.worker.TestWorker.execute(TestWorker.java:103)
  at org.gradle.api.internal.tasks.testing.worker.TestWorker.execute(TestWorker.java:63)
  at org.gradle.process.internal.worker.child.ActionExecutionWorker.execute(ActionExecutionWorker.java:56)
  at org.gradle.process.internal.worker.child.SystemApplicationClassLoaderWorker.call(SystemApplicationClassLoaderWorker.java:122)
  at org.gradle.process.internal.worker.child.SystemApplicationClassLoaderWorker.call(SystemApplicationClassLoaderWorker.java:72)
  at worker.org.gradle.process.internal.worker.GradleWorkerMain.run(GradleWorkerMain.java:69)
  at worker.org.gradle.process.internal.worker.GradleWorkerMain.main(GradleWorkerMain.java:74)
</stacktrace>
</test-failure>


TypeScriptCompilerTests_C[jvm] > controlFlowForIndexSignatures_ts has expected errors matching controlFlowForIndexSignatures_errors_txt[jvm] FAILED

<test-failure test="com.xemantic.typescript.compiler.TypeScriptCompilerTests_C.complexRecursiveCollections_ts has expected errors matching complexRecursiveCollections_errors_txt" platform="jvm">
<message>
--- expected
+++ actual
@@ -1,26 +1,5 @@
-immutable.ts(261,76): error TS2344: Type 'T' does not satisfy the constraint 'Object'.
-immutable.ts(270,22): error TS2320: Interface 'Keyed<K, V>' cannot simultaneously extend types 'Seq<K, V>' and 'Keyed<K, V>'.
-  Named property 'size' of types 'Seq<K, V>' and 'Keyed<K, V>' are not identical.
-immutable.ts(289,22): error TS2320: Interface 'Indexed<T>' cannot simultaneously extend types 'Seq<number, T>' and 'Indexed<T>'.
-  Named property 'size' of types 'Seq<number, T>' and 'Indexed<T>' are not identical.
-immutable.ts(305,22): error TS2320: Interface 'Set<T>' cannot simultaneously extend types 'Seq<never, T>' and 'Set<T>'.
-  Named property 'size' of types 'Seq<never, T>' and 'Set<T>' are not identical.
-immutable.ts(323,20): error TS2430: Interface 'Seq<K, V>' incorrectly extends interface 'Collection<K, V>'.
-  The types of 'map(...).size' are incompatible between these types.
-    Type 'number | undefined' is not assignable to type 'number'.
-      Type 'undefined' is not assignable to type 'number'.
-immutable.ts(341,22): error TS2430: Interface 'Keyed<K, V>' incorrectly extends interface 'Collection<K, V>'.
-  The types returned by 'toSeq()' are incompatible between these types.
-    Type 'Keyed<K, V>' is not assignable to type 'this'.
-      'this' could be instantiated with an arbitrary type which could be unrelated to 'Keyed<K, V>'.
-immutable.ts(359,22): error TS2430: Interface 'Indexed<T>' incorrectly extends interface 'Collection<number, T>'.
-  The types returned by 'toSeq()' are incompatible between these types.
-    Type 'Indexed<T>' is not assignable to type 'this'.
-      'this' could be instantiated with an arbitrary type which could be unrelated to 'Indexed<T>'.
-immutable.ts(391,22): error TS2430: Interface 'Set<T>' incorrectly extends interface 'Collection<never, T>'.
-  The types returned by 'toSeq()' are incompatible between these types.
-    Type 'Set<T>' is not assignable to type 'this'.
-      'this' could be instantiated with an arbitrary type which could be unrelated to 'Set<T>'.
+immutable.ts(283,15): error TS2434: A namespace declaration cannot be located prior to a class or function with which it is merged.
+immutable.ts(299,22): error TS2434: A namespace declaration cannot be located prior to a class or function with which it is merged.
 
 
 ==== complex.ts (0 errors) ====
@@ -44,7 +23,7 @@
         flatMap<M>(mapper: (value: T, key: void, iter: this) => Ara<M>, context?: any): N2<M>;
         toSeq(): N2<T>;
     }
-==== immutable.ts (8 errors) ====
+==== immutable.ts (2 errors) ====
     // Test that complex recursive collections can pass the `extends` assignability check without
     // running out of memory. This bug was exposed in Typescript 2.4 when more generic signatures
     // started being checked.
@@ -306,9 +285,6 @@
         }
       }
       export function Record<T>(defaultValues: T, name?: string): Record.Class<T>;
-                                                                               ~
-!!! error TS2344: Type 'T' does not satisfy the constraint 'Object'.
-!!! related TS2208 immutable.ts:261:26: This type parameter might need an `extends Object` constraint.
       export namespace Seq {
         function isSeq(maybeSeq: any): maybeSeq is Seq.Indexed<any> | Seq.Keyed<any, any>;
         function of<T>(...values: Array<T>): Seq.Indexed<T>;
@@ -318,9 +294,6 @@
         export function Keyed<K, V>(): Seq.Keyed<K, V>;
         export function Keyed(): Seq.Keyed<any, any>;
         export interface Keyed<K, V> extends Seq<K, V>, Collection.Keyed<K, V> {
-                         ~~~~~
-!!! error TS2320: Interface 'Keyed<K, V>' cannot simultaneously extend types 'Seq<K, V>' and 'Keyed<K, V>'.
-!!! error TS2320:   Named property 'size' of types 'Seq<K, V>' and 'Keyed<K, V>' are not identical.
           toJS(): Object;
           toJSON(): { [key: string]: V };
           toSeq(): this;
@@ -334,15 +307,14 @@
           filter(predicate: (value: V, key: K, iter: this) => any, context?: any): this;
         }
         namespace Indexed {
+                  ~~~~~~~
+!!! error TS2434: A namespace declaration cannot be located prior to a class or function with which it is merged.
           function of<T>(...values: Array<T>): Seq.Indexed<T>;
         }
         export function Indexed(): Seq.Indexed<any>;
         export function Indexed<T>(): Seq.Indexed<T>;
         export function Indexed<T>(collection: Iterable<T>): Seq.Indexed<T>;
         export interface Indexed<T> extends Seq<number, T>, Collection.Indexed<T> {
-                         ~~~~~~~
-!!! error TS2320: Interface 'Indexed<T>' cannot simultaneously extend types 'Seq<number, T>' and 'Indexed<T>'.
-!!! error TS2320:   Named property 'size' of types 'Seq<number, T>' and 'Indexed<T>' are not identical.
           toJS(): Array<any>;
           toJSON(): Array<T>;
           toSeq(): this;
@@ -353,15 +325,14 @@
           filter(predicate: (value: T, index: number, iter: this) => any, context?: any): this;
         }
         export namespace Set {
+                         ~~~
+!!! error TS2434: A namespace declaration cannot be located prior to a class or function with which it is merged.
           function of<T>(...values: Array<T>): Seq.Set<T>;
         }
         export function Set(): Seq.Set<any>;
         export function Set<T>(): Seq.Set<T>;
         export function Set<T>(collection: Iterable<T>): Seq.Set<T>;
         export interface Set<T> extends Seq<never, T>, Collection.Set<T> {
-                         ~~~
-!!! error TS2320: Interface 'Set<T>' cannot simultaneously extend types 'Seq<never, T>' and 'Set<T>'.
-!!! error TS2320:   Named property 'size' of types 'Seq<never, T>' and 'Set<T>' are not identical.
           toJS(): Array<any>;
           toJSON(): Array<T>;
           toSeq(): this;
@@ -380,11 +351,6 @@
       export function Seq<V>(obj: {[key: string]: V}): Seq.Keyed<string, V>;
       export function Seq(): Seq<any, any>;
       export interface Seq<K, V> extends Collection<K, V> {
-                       ~~~
-!!! error TS2430: Interface 'Seq<K, V>' incorrectly extends interface 'Collection<K, V>'.
-!!! error TS2430:   The types of 'map(...).size' are incompatible between these types.
-!!! error TS2430:     Type 'number | undefined' is not assignable to type 'number'.
-!!! error TS2430:       Type 'undefined' is not assignable to type 'number'.
         readonly size: number | undefined;
         // Force evaluation
         cacheResult(): this;
@@ -403,11 +369,6 @@
         export function Keyed<K, V>(collection: Iterable<[K, V]>): Collection.Keyed<K, V>;
         export function Keyed<V>(obj: {[key: string]: V}): Collection.Keyed<string, V>;
         export interface Keyed<K, V> extends Collection<K, V> {
-                         ~~~~~
-!!! error TS2430: Interface 'Keyed<K, V>' incorrectly extends interface 'Collection<K, V>'.
-!!! error TS2430:   The types returned by 'toSeq()' are incompatible between these types.
-!!! error TS2430:     Type 'Keyed<K, V>' is not assignable to type 'this'.
-!!! error TS2430:       'this' could be instantiated with an arbitrary type which could be unrelated to 'Keyed<K, V>'.
           toJS(): Object;
           toJSON(): { [key: string]: V };
           toSeq(): Seq.Keyed<K, V>;
@@ -426,11 +387,6 @@
         export namespace Indexed {}
         export function Indexed<T>(collection: Iterable<T>): Collection.Indexed<T>;
         export interface Indexed<T> extends Collection<number, T> {
-                         ~~~~~~~
-!!! error TS2430: Interface 'Indexed<T>' incorrectly extends interface 'Collection<number, T>'.
-!!! error TS2430:   The types returned by 'toSeq()' are incompatible between these types.
-!!! error TS2430:     Type 'Indexed<T>' is not assignable to type 'this'.
-!!! error TS2430:       'this' could be instantiated with an arbitrary type which could be unrelated to 'Indexed<T>'.
           toJS(): Array<any>;
           toJSON(): Array<T>;
           // Reading values
@@ -463,11 +419,6 @@
         export namespace Set {}
         export function Set<T>(collection: Iterable<T>): Collection.Set<T>;
         export interface Set<T> extends Collection<never, T> {
-                         ~~~
-!!! error TS2430: Interface 'Set<T>' incorrectly extends interface 'Collection<never, T>'.
-!!! error TS2430:   The types returned by 'toSeq()' are incompatible between these types.
-!!! error TS2430:     Type 'Set<T>' is not assignable to type 'this'.
-!!! error TS2430:       'this' could be instantiated with an arbitrary type which could be unrelated to 'Set<T>'.
           toJS(): Array<any>;
           toJSON(): Array<T>;
           toSeq(): Seq.Set<T>;

</message>
<stacktrace>
  at org.junit.Assert.fail(Assert.java:89)
  at kotlin.test.junit.JUnitAsserter.fail(JUnitSupport.kt:56)
  at kotlin.test.AssertionsKt__AssertionsKt.fail(Assertions.kt:563)
  at kotlin.test.AssertionsKt.fail(Unknown Source)
  at com.xemantic.kotlin.test.SameAsKt.sameAs(SameAs.kt:52)
  at com.xemantic.typescript.compiler.TypeScriptTestSupportKt.errorsMatchBaseline(TypeScriptTestSupport.kt:135)
  at com.xemantic.typescript.compiler.TypeScriptCompilerTests_C.complexRecursiveCollections_ts has expected errors matching complexRecursiveCollections_errors_txt(TypeScriptCompilerTests_C.kt:5180)
  at java.base/jdk.internal.reflect.DirectMethodHandleAccessor.invoke(DirectMethodHandleAccessor.java:104)
  at java.base/java.lang.reflect.Method.invoke(Method.java:565)
  at org.junit.runners.model.FrameworkMethod$1.runReflectiveCall(FrameworkMethod.java:59)
  at org.junit.internal.runners.model.ReflectiveCallable.run(ReflectiveCallable.java:12)
  at org.junit.runners.model.FrameworkMethod.invokeExplosively(FrameworkMethod.java:56)
  at org.junit.internal.runners.statements.InvokeMethod.evaluate(InvokeMethod.java:17)
  at org.junit.runners.ParentRunner$3.evaluate(ParentRunner.java:306)
  at org.junit.runners.BlockJUnit4ClassRunner$1.evaluate(BlockJUnit4ClassRunner.java:100)
  at org.junit.runners.ParentRunner.runLeaf(ParentRunner.java:366)
  at org.junit.runners.BlockJUnit4ClassRunner.runChild(BlockJUnit4ClassRunner.java:103)
  at org.junit.runners.BlockJUnit4ClassRunner.runChild(BlockJUnit4ClassRunner.java:63)
  at org.junit.runners.ParentRunner$4.run(ParentRunner.java:331)
  at org.junit.runners.ParentRunner$1.schedule(ParentRunner.java:79)
  at org.junit.runners.ParentRunner.runChildren(ParentRunner.java:329)
  at org.junit.runners.ParentRunner.access$100(ParentRunner.java:66)
  at org.junit.runners.ParentRunner$2.evaluate(ParentRunner.java:293)
  at org.junit.runners.ParentRunner$3.evaluate(ParentRunner.java:306)
  at org.junit.runners.ParentRunner.run(ParentRunner.java:413)
  at org.junit.runner.JUnitCore.run(JUnitCore.java:137)
  at org.junit.runner.JUnitCore.run(JUnitCore.java:115)
  at org.gradle.api.internal.tasks.testing.junit.JUnitTestExecutor.runRequest(JUnitTestExecutor.java:175)
  at org.gradle.api.internal.tasks.testing.junit.JUnitTestExecutor.accept(JUnitTestExecutor.java:84)
  at org.gradle.api.internal.tasks.testing.junit.JUnitTestExecutor.accept(JUnitTestExecutor.java:47)
  at org.gradle.api.internal.tasks.testing.junit.AbstractJUnitTestDefinitionProcessor.processTestDefinition(AbstractJUnitTestDefinitionProcessor.java:65)
  at org.gradle.api.internal.tasks.testing.SuiteTestDefinitionProcessor.processTestDefinition(SuiteTestDefinitionProcessor.java:54)
  at java.base/jdk.internal.reflect.DirectMethodHandleAccessor.invoke(DirectMethodHandleAccessor.java:104)
  at java.base/java.lang.reflect.Method.invoke(Method.java:565)
  at org.gradle.internal.dispatch.MethodInvocation.invokeOn(MethodInvocation.java:77)
  at org.gradle.internal.dispatch.ReflectionDispatch.dispatch(ReflectionDispatch.java:28)
  at org.gradle.internal.dispatch.ReflectionDispatch.dispatch(ReflectionDispatch.java:19)
  at org.gradle.internal.dispatch.ContextClassLoaderDispatch.dispatch(ContextClassLoaderDispatch.java:33)
  at org.gradle.internal.dispatch.ProxyDispatchAdapter$DispatchingInvocationHandler.invoke(ProxyDispatchAdapter.java:88)
  at jdk.proxy1/jdk.proxy1.$Proxy4.processTestDefinition(Unknown Source)
  at org.gradle.api.internal.tasks.testing.worker.TestWorker$2.run(TestWorker.java:178)
  at org.gradle.api.internal.tasks.testing.worker.TestWorker.executeAndMaintainThreadName(TestWorker.java:126)
  at org.gradle.api.internal.tasks.testing.worker.TestWorker.execute(TestWorker.java:103)
  at org.gradle.api.internal.tasks.testing.worker.TestWorker.execute(TestWorker.java:63)
  at org.gradle.process.internal.worker.child.ActionExecutionWorker.execute(ActionExecutionWorker.java:56)
  at org.gradle.process.internal.worker.child.SystemApplicationClassLoaderWorker.call(SystemApplicationClassLoaderWorker.java:122)
  at org.gradle.process.internal.worker.child.SystemApplicationClassLoaderWorker.call(SystemApplicationClassLoaderWorker.java:72)
  at worker.org.gradle.process.internal.worker.GradleWorkerMain.run(GradleWorkerMain.java:69)
  at worker.org.gradle.process.internal.worker.GradleWorkerMain.main(GradleWorkerMain.java:74)
</stacktrace>
</test-failure>


TypeScriptCompilerTests_C[jvm] > complexRecursiveCollections_ts has expected errors matching complexRecursiveCollections_errors_txt[jvm] FAILED

<test-failure test="com.xemantic.typescript.compiler.TypeScriptCompilerTests_C.contextuallyTypedParametersWithInitializers1_ts has expected errors matching contextuallyTypedParametersWithInitializers1_errors_txt" platform="jvm">
<message>
--- expected
+++ actual
@@ -1,5 +1,5 @@
 contextuallyTypedParametersWithInitializers1.ts(24,24): error TS7006: Parameter 'x' implicitly has an 'any' type.
-contextuallyTypedParametersWithInitializers1.ts(40,5): error TS7006: Parameter 'x' implicitly has an 'any' type.
+contextuallyTypedParametersWithInitializers1.ts(25,24): error TS7019: Rest parameter 'x' implicitly has an 'any[]' type.
 
 
 ==== contextuallyTypedParametersWithInitializers1.ts (2 errors) ====
@@ -30,6 +30,8 @@
                            ~~
 !!! error TS7006: Parameter 'x' implicitly has an 'any' type.
     const f8: () => any = (...x) => 0;  // []
+                           ~~~~
+!!! error TS7019: Rest parameter 'x' implicitly has an 'any[]' type.
     
     declare function g1<T>(x: T): T;
     declare function g2<T extends any>(x: T): T;
@@ -45,8 +47,6 @@
     g5((x = 1) => 0);  // any
     g6((x = 1) => 0);  // number
     g6((x?) => 0);     // Implicit any error
-        ~~
-!!! error TS7006: Parameter 'x' implicitly has an 'any' type.
     g6((...x) => 0);   // []
     
     // Repro from #28816

</message>
<stacktrace>
  at org.junit.Assert.fail(Assert.java:89)
  at kotlin.test.junit.JUnitAsserter.fail(JUnitSupport.kt:56)
  at kotlin.test.AssertionsKt__AssertionsKt.fail(Assertions.kt:563)
  at kotlin.test.AssertionsKt.fail(Unknown Source)
  at com.xemantic.kotlin.test.SameAsKt.sameAs(SameAs.kt:52)
  at com.xemantic.typescript.compiler.TypeScriptTestSupportKt.errorsMatchBaseline(TypeScriptTestSupport.kt:135)
  at com.xemantic.typescript.compiler.TypeScriptCompilerTests_C.contextuallyTypedParametersWithInitializers1_ts has expected errors matching contextuallyTypedParametersWithInitializers1_errors_txt(TypeScriptCompilerTests_C.kt:8029)
  at java.base/jdk.internal.reflect.DirectMethodHandleAccessor.invoke(DirectMethodHandleAccessor.java:104)
  at java.base/java.lang.reflect.Method.invoke(Method.java:565)
  at org.junit.runners.model.FrameworkMethod$1.runReflectiveCall(FrameworkMethod.java:59)
  at org.junit.internal.runners.model.ReflectiveCallable.run(ReflectiveCallable.java:12)
  at org.junit.runners.model.FrameworkMethod.invokeExplosively(FrameworkMethod.java:56)
  at org.junit.internal.runners.statements.InvokeMethod.evaluate(InvokeMethod.java:17)
  at org.junit.runners.ParentRunner$3.evaluate(ParentRunner.java:306)
  at org.junit.runners.BlockJUnit4ClassRunner$1.evaluate(BlockJUnit4ClassRunner.java:100)
  at org.junit.runners.ParentRunner.runLeaf(ParentRunner.java:366)
  at org.junit.runners.BlockJUnit4ClassRunner.runChild(BlockJUnit4ClassRunner.java:103)
  at org.junit.runners.BlockJUnit4ClassRunner.runChild(BlockJUnit4ClassRunner.java:63)
  at org.junit.runners.ParentRunner$4.run(ParentRunner.java:331)
  at org.junit.runners.ParentRunner$1.schedule(ParentRunner.java:79)
  at org.junit.runners.ParentRunner.runChildren(ParentRunner.java:329)
  at org.junit.runners.ParentRunner.access$100(ParentRunner.java:66)
  at org.junit.runners.ParentRunner$2.evaluate(ParentRunner.java:293)
  at org.junit.runners.ParentRunner$3.evaluate(ParentRunner.java:306)
  at org.junit.runners.ParentRunner.run(ParentRunner.java:413)
  at org.junit.runner.JUnitCore.run(JUnitCore.java:137)
  at org.junit.runner.JUnitCore.run(JUnitCore.java:115)
  at org.gradle.api.internal.tasks.testing.junit.JUnitTestExecutor.runRequest(JUnitTestExecutor.java:175)
  at org.gradle.api.internal.tasks.testing.junit.JUnitTestExecutor.accept(JUnitTestExecutor.java:84)
  at org.gradle.api.internal.tasks.testing.junit.JUnitTestExecutor.accept(JUnitTestExecutor.java:47)
  at org.gradle.api.internal.tasks.testing.junit.AbstractJUnitTestDefinitionProcessor.processTestDefinition(AbstractJUnitTestDefinitionProcessor.java:65)
  at org.gradle.api.internal.tasks.testing.SuiteTestDefinitionProcessor.processTestDefinition(SuiteTestDefinitionProcessor.java:54)
  at java.base/jdk.internal.reflect.DirectMethodHandleAccessor.invoke(DirectMethodHandleAccessor.java:104)
  at java.base/java.lang.reflect.Method.invoke(Method.java:565)
  at org.gradle.internal.dispatch.MethodInvocation.invokeOn(MethodInvocation.java:77)
  at org.gradle.internal.dispatch.ReflectionDispatch.dispatch(ReflectionDispatch.java:28)
  at org.gradle.internal.dispatch.ReflectionDispatch.dispatch(ReflectionDispatch.java:19)
  at org.gradle.internal.dispatch.ContextClassLoaderDispatch.dispatch(ContextClassLoaderDispatch.java:33)
  at org.gradle.internal.dispatch.ProxyDispatchAdapter$DispatchingInvocationHandler.invoke(ProxyDispatchAdapter.java:88)
  at jdk.proxy1/jdk.proxy1.$Proxy4.processTestDefinition(Unknown Source)
  at org.gradle.api.internal.tasks.testing.worker.TestWorker$2.run(TestWorker.java:178)
  at org.gradle.api.internal.tasks.testing.worker.TestWorker.executeAndMaintainThreadName(TestWorker.java:126)
  at org.gradle.api.internal.tasks.testing.worker.TestWorker.execute(TestWorker.java:103)
  at org.gradle.api.internal.tasks.testing.worker.TestWorker.execute(TestWorker.java:63)
  at org.gradle.process.internal.worker.child.ActionExecutionWorker.execute(ActionExecutionWorker.java:56)
  at org.gradle.process.internal.worker.child.SystemApplicationClassLoaderWorker.call(SystemApplicationClassLoaderWorker.java:122)
  at org.gradle.process.internal.worker.child.SystemApplicationClassLoaderWorker.call(SystemApplicationClassLoaderWorker.java:72)
  at worker.org.gradle.process.internal.worker.GradleWorkerMain.run(GradleWorkerMain.java:69)
  at worker.org.gradle.process.internal.worker.GradleWorkerMain.main(GradleWorkerMain.java:74)
</stacktrace>
</test-failure>


TypeScriptCompilerTests_C[jvm] > contextuallyTypedParametersWithInitializers1_ts has expected errors matching contextuallyTypedParametersWithInitializers1_errors_txt[jvm] FAILED

<test-failure test="com.xemantic.typescript.compiler.TypeScriptCompilerTests_C.checkJsObjectLiteralHasCheckedKeyof_ts has expected errors matching checkJsObjectLiteralHasCheckedKeyof_errors_txt" platform="jvm">
<message>
Expected diagnostics from baseline typescript-repo/tests/baselines/reference/checkJsObjectLiteralHasCheckedKeyof.errors.txt but none produced
</message>
<stacktrace>
  at com.xemantic.typescript.compiler.TypeScriptTestSupportKt.errorsMatchBaseline(TypeScriptTestSupport.kt:125)
  at com.xemantic.typescript.compiler.TypeScriptCompilerTests_C.checkJsObjectLiteralHasCheckedKeyof_ts has expected errors matching checkJsObjectLiteralHasCheckedKeyof_errors_txt(TypeScriptCompilerTests_C.kt:1253)
  at java.base/jdk.internal.reflect.DirectMethodHandleAccessor.invoke(DirectMethodHandleAccessor.java:104)
  at java.base/java.lang.reflect.Method.invoke(Method.java:565)
  at org.junit.runners.model.FrameworkMethod$1.runReflectiveCall(FrameworkMethod.java:59)
  at org.junit.internal.runners.model.ReflectiveCallable.run(ReflectiveCallable.java:12)
  at org.junit.runners.model.FrameworkMethod.invokeExplosively(FrameworkMethod.java:56)
  at org.junit.internal.runners.statements.InvokeMethod.evaluate(InvokeMethod.java:17)
  at org.junit.runners.ParentRunner$3.evaluate(ParentRunner.java:306)
  at org.junit.runners.BlockJUnit4ClassRunner$1.evaluate(BlockJUnit4ClassRunner.java:100)
  at org.junit.runners.ParentRunner.runLeaf(ParentRunner.java:366)
  at org.junit.runners.BlockJUnit4ClassRunner.runChild(BlockJUnit4ClassRunner.java:103)
  at org.junit.runners.BlockJUnit4ClassRunner.runChild(BlockJUnit4ClassRunner.java:63)
  at org.junit.runners.ParentRunner$4.run(ParentRunner.java:331)
  at org.junit.runners.ParentRunner$1.schedule(ParentRunner.java:79)
  at org.junit.runners.ParentRunner.runChildren(ParentRunner.java:329)
  at org.junit.runners.ParentRunner.access$100(ParentRunner.java:66)
  at org.junit.runners.ParentRunner$2.evaluate(ParentRunner.java:293)
  at org.junit.runners.ParentRunner$3.evaluate(ParentRunner.java:306)
  at org.junit.runners.ParentRunner.run(ParentRunner.java:413)
  at org.junit.runner.JUnitCore.run(JUnitCore.java:137)
  at org.junit.runner.JUnitCore.run(JUnitCore.java:115)
  at org.gradle.api.internal.tasks.testing.junit.JUnitTestExecutor.runRequest(JUnitTestExecutor.java:175)
  at org.gradle.api.internal.tasks.testing.junit.JUnitTestExecutor.accept(JUnitTestExecutor.java:84)
  at org.gradle.api.internal.tasks.testing.junit.JUnitTestExecutor.accept(JUnitTestExecutor.java:47)
  at org.gradle.api.internal.tasks.testing.junit.AbstractJUnitTestDefinitionProcessor.processTestDefinition(AbstractJUnitTestDefinitionProcessor.java:65)
  at org.gradle.api.internal.tasks.testing.SuiteTestDefinitionProcessor.processTestDefinition(SuiteTestDefinitionProcessor.java:54)
  at java.base/jdk.internal.reflect.DirectMethodHandleAccessor.invoke(DirectMethodHandleAccessor.java:104)
  at java.base/java.lang.reflect.Method.invoke(Method.java:565)
  at org.gradle.internal.dispatch.MethodInvocation.invokeOn(MethodInvocation.java:77)
  at org.gradle.internal.dispatch.ReflectionDispatch.dispatch(ReflectionDispatch.java:28)
  at org.gradle.internal.dispatch.ReflectionDispatch.dispatch(ReflectionDispatch.java:19)
  at org.gradle.internal.dispatch.ContextClassLoaderDispatch.dispatch(ContextClassLoaderDispatch.java:33)
  at org.gradle.internal.dispatch.ProxyDispatchAdapter$DispatchingInvocationHandler.invoke(ProxyDispatchAdapter.java:88)
  at jdk.proxy1/jdk.proxy1.$Proxy4.processTestDefinition(Unknown Source)
  at org.gradle.api.internal.tasks.testing.worker.TestWorker$2.run(TestWorker.java:178)
  at org.gradle.api.internal.tasks.testing.worker.TestWorker.executeAndMaintainThreadName(TestWorker.java:126)
  at org.gradle.api.internal.tasks.testing.worker.TestWorker.execute(TestWorker.java:103)
  at org.gradle.api.internal.tasks.testing.worker.TestWorker.execute(TestWorker.java:63)
  at org.gradle.process.internal.worker.child.ActionExecutionWorker.execute(ActionExecutionWorker.java:56)
  at org.gradle.process.internal.worker.child.SystemApplicationClassLoaderWorker.call(SystemApplicationClassLoaderWorker.java:122)
  at org.gradle.process.internal.worker.child.SystemApplicationClassLoaderWorker.call(SystemApplicationClassLoaderWorker.java:72)
  at worker.org.gradle.process.internal.worker.GradleWorkerMain.run(GradleWorkerMain.java:69)
  at worker.org.gradle.process.internal.worker.GradleWorkerMain.main(GradleWorkerMain.java:74)
</stacktrace>
</test-failure>


TypeScriptCompilerTests_C[jvm] > checkJsObjectLiteralHasCheckedKeyof_ts has expected errors matching checkJsObjectLiteralHasCheckedKeyof_errors_txt[jvm] FAILED

<test-failure test="com.xemantic.typescript.compiler.TypeScriptCompilerTests_C.commonJsExportTypeDeclarationError_ts__target_es2015__has expected errors matching baseline" platform="jvm">
<message>
--- expected
+++ actual
@@ -1,7 +1,4 @@
-types1.ts(2,17): error TS1110: Type expected.
-types1.ts(3,1): error TS1005: '=' expected.
-types2.ts(2,19): error TS1110: Type expected.
-types3.ts(2,13): error TS2456: Type alias 'test' circularly references itself.
+./types1.ts(3,1): error TS1005: '=' expected.
 
 
 ==== ./test.js (0 errors) ====
@@ -9,22 +6,16 @@
        message: ""
     }
     
-==== ./types1.ts (2 errors) ====
+==== ./types1.ts (1 errors) ====
     import test from "./test";
     export type test
-                    
-!!! error TS1110: Type expected.
     
     
 !!! error TS1005: '=' expected.
-==== ./types2.ts (1 errors) ====
+==== ./types2.ts (0 errors) ====
     import test from "./test";
     export type test = 
-                      
-!!! error TS1110: Type expected.
     
-==== ./types3.ts (1 errors) ====
+==== ./types3.ts (0 errors) ====
     import test from "./test";
     export type test = test;
-                ~~~~
-!!! error TS2456: Type alias 'test' circularly references itself.

</message>
<stacktrace>
  at org.junit.Assert.fail(Assert.java:89)
  at kotlin.test.junit.JUnitAsserter.fail(JUnitSupport.kt:56)
  at kotlin.test.AssertionsKt__AssertionsKt.fail(Assertions.kt:563)
  at kotlin.test.AssertionsKt.fail(Unknown Source)
  at com.xemantic.kotlin.test.SameAsKt.sameAs(SameAs.kt:52)
  at com.xemantic.typescript.compiler.TypeScriptTestSupportKt.errorsMatchBaseline(TypeScriptTestSupport.kt:135)
  at com.xemantic.typescript.compiler.TypeScriptCompilerTests_C.commonJsExportTypeDeclarationError_ts__target_es2015__has expected errors matching baseline(TypeScriptCompilerTests_C.kt:4970)
  at java.base/jdk.internal.reflect.DirectMethodHandleAccessor.invoke(DirectMethodHandleAccessor.java:104)
  at java.base/java.lang.reflect.Method.invoke(Method.java:565)
  at org.junit.runners.model.FrameworkMethod$1.runReflectiveCall(FrameworkMethod.java:59)
  at org.junit.internal.runners.model.ReflectiveCallable.run(ReflectiveCallable.java:12)
  at org.junit.runners.model.FrameworkMethod.invokeExplosively(FrameworkMethod.java:56)
  at org.junit.internal.runners.statements.InvokeMethod.evaluate(InvokeMethod.java:17)
  at org.junit.runners.ParentRunner$3.evaluate(ParentRunner.java:306)
  at org.junit.runners.BlockJUnit4ClassRunner$1.evaluate(BlockJUnit4ClassRunner.java:100)
  at org.junit.runners.ParentRunner.runLeaf(ParentRunner.java:366)
  at org.junit.runners.BlockJUnit4ClassRunner.runChild(BlockJUnit4ClassRunner.java:103)
  at org.junit.runners.BlockJUnit4ClassRunner.runChild(BlockJUnit4ClassRunner.java:63)
  at org.junit.runners.ParentRunner$4.run(ParentRunner.java:331)
  at org.junit.runners.ParentRunner$1.schedule(ParentRunner.java:79)
  at org.junit.runners.ParentRunner.runChildren(ParentRunner.java:329)
  at org.junit.runners.ParentRunner.access$100(ParentRunner.java:66)
  at org.junit.runners.ParentRunner$2.evaluate(ParentRunner.java:293)
  at org.junit.runners.ParentRunner$3.evaluate(ParentRunner.java:306)
  at org.junit.runners.ParentRunner.run(ParentRunner.java:413)
  at org.junit.runner.JUnitCore.run(JUnitCore.java:137)
  at org.junit.runner.JUnitCore.run(JUnitCore.java:115)
  at org.gradle.api.internal.tasks.testing.junit.JUnitTestExecutor.runRequest(JUnitTestExecutor.java:175)
  at org.gradle.api.internal.tasks.testing.junit.JUnitTestExecutor.accept(JUnitTestExecutor.java:84)
  at org.gradle.api.internal.tasks.testing.junit.JUnitTestExecutor.accept(JUnitTestExecutor.java:47)
  at org.gradle.api.internal.tasks.testing.junit.AbstractJUnitTestDefinitionProcessor.processTestDefinition(AbstractJUnitTestDefinitionProcessor.java:65)
  at org.gradle.api.internal.tasks.testing.SuiteTestDefinitionProcessor.processTestDefinition(SuiteTestDefinitionProcessor.java:54)
  at java.base/jdk.internal.reflect.DirectMethodHandleAccessor.invoke(DirectMethodHandleAccessor.java:104)
  at java.base/java.lang.reflect.Method.invoke(Method.java:565)
  at org.gradle.internal.dispatch.MethodInvocation.invokeOn(MethodInvocation.java:77)
  at org.gradle.internal.dispatch.ReflectionDispatch.dispatch(ReflectionDispatch.java:28)
  at org.gradle.internal.dispatch.ReflectionDispatch.dispatch(ReflectionDispatch.java:19)
  at org.gradle.internal.dispatch.ContextClassLoaderDispatch.dispatch(ContextClassLoaderDispatch.java:33)
  at org.gradle.internal.dispatch.ProxyDispatchAdapter$DispatchingInvocationHandler.invoke(ProxyDispatchAdapter.java:88)
  at jdk.proxy1/jdk.proxy1.$Proxy4.processTestDefinition(Unknown Source)
  at org.gradle.api.internal.tasks.testing.worker.TestWorker$2.run(TestWorker.java:178)
  at org.gradle.api.internal.tasks.testing.worker.TestWorker.executeAndMaintainThreadName(TestWorker.java:126)
  at org.gradle.api.internal.tasks.testing.worker.TestWorker.execute(TestWorker.java:103)
  at org.gradle.api.internal.tasks.testing.worker.TestWorker.execute(TestWorker.java:63)
  at org.gradle.process.internal.worker.child.ActionExecutionWorker.execute(ActionExecutionWorker.java:56)
  at org.gradle.process.internal.worker.child.SystemApplicationClassLoaderWorker.call(SystemApplicationClassLoaderWorker.java:122)
  at org.gradle.process.internal.worker.child.SystemApplicationClassLoaderWorker.call(SystemApplicationClassLoaderWorker.java:72)
  at worker.org.gradle.process.internal.worker.GradleWorkerMain.run(GradleWorkerMain.java:69)
  at worker.org.gradle.process.internal.worker.GradleWorkerMain.main(GradleWorkerMain.java:74)
</stacktrace>
</test-failure>


TypeScriptCompilerTests_C[jvm] > commonJsExportTypeDeclarationError_ts__target_es2015__has expected errors matching baseline[jvm] FAILED

<test-failure test="com.xemantic.typescript.compiler.TypeScriptCompilerTests_C.cachedModuleResolution9_ts has expected errors matching cachedModuleResolution9_errors_txt" platform="jvm">
<message>
--- expected
+++ actual
@@ -1,16 +1,10 @@
 error TS5107: Option 'moduleResolution=classic' is deprecated and will stop functioning in TypeScript 7.0. Specify compilerOption '"ignoreDeprecations": "6.0"' to silence this error.
-/a/b/c/d/e/app.ts(1,17): error TS2792: Cannot find module 'foo'. Did you mean to set the 'moduleResolution' option to 'nodenext', or to add aliases to the 'paths' option?
-/a/b/c/lib.ts(1,17): error TS2792: Cannot find module 'foo'. Did you mean to set the 'moduleResolution' option to 'nodenext', or to add aliases to the 'paths' option?
 
 
 !!! error TS5107: Option 'moduleResolution=classic' is deprecated and will stop functioning in TypeScript 7.0. Specify compilerOption '"ignoreDeprecations": "6.0"' to silence this error.
-==== /a/b/c/lib.ts (1 errors) ====
+==== /a/b/c/lib.ts (0 errors) ====
     import {x} from "foo";
-                    ~~~~~
-!!! error TS2792: Cannot find module 'foo'. Did you mean to set the 'moduleResolution' option to 'nodenext', or to add aliases to the 'paths' option?
     
     
-==== /a/b/c/d/e/app.ts (1 errors) ====
+==== /a/b/c/d/e/app.ts (0 errors) ====
     import {x} from "foo";
-                    ~~~~~
-!!! error TS2792: Cannot find module 'foo'. Did you mean to set the 'moduleResolution' option to 'nodenext', or to add aliases to the 'paths' option?

</message>
<stacktrace>
  at org.junit.Assert.fail(Assert.java:89)
  at kotlin.test.junit.JUnitAsserter.fail(JUnitSupport.kt:56)
  at kotlin.test.AssertionsKt__AssertionsKt.fail(Assertions.kt:563)
  at kotlin.test.AssertionsKt.fail(Unknown Source)
  at com.xemantic.kotlin.test.SameAsKt.sameAs(SameAs.kt:52)
  at com.xemantic.typescript.compiler.TypeScriptTestSupportKt.errorsMatchBaseline(TypeScriptTestSupport.kt:135)
  at com.xemantic.typescript.compiler.TypeScriptCompilerTests_C.cachedModuleResolution9_ts has expected errors matching cachedModuleResolution9_errors_txt(TypeScriptCompilerTests_C.kt:322)
  at java.base/jdk.internal.reflect.DirectMethodHandleAccessor.invoke(DirectMethodHandleAccessor.java:104)
  at java.base/java.lang.reflect.Method.invoke(Method.java:565)
  at org.junit.runners.model.FrameworkMethod$1.runReflectiveCall(FrameworkMethod.java:59)
  at org.junit.internal.runners.model.ReflectiveCallable.run(ReflectiveCallable.java:12)
  at org.junit.runners.model.FrameworkMethod.invokeExplosively(FrameworkMethod.java:56)
  at org.junit.internal.runners.statements.InvokeMethod.evaluate(InvokeMethod.java:17)
  at org.junit.runners.ParentRunner$3.evaluate(ParentRunner.java:306)
  at org.junit.runners.BlockJUnit4ClassRunner$1.evaluate(BlockJUnit4ClassRunner.java:100)
  at org.junit.runners.ParentRunner.runLeaf(ParentRunner.java:366)
  at org.junit.runners.BlockJUnit4ClassRunner.runChild(BlockJUnit4ClassRunner.java:103)
  at org.junit.runners.BlockJUnit4ClassRunner.runChild(BlockJUnit4ClassRunner.java:63)
  at org.junit.runners.ParentRunner$4.run(ParentRunner.java:331)
  at org.junit.runners.ParentRunner$1.schedule(ParentRunner.java:79)
  at org.junit.runners.ParentRunner.runChildren(ParentRunner.java:329)
  at org.junit.runners.ParentRunner.access$100(ParentRunner.java:66)
  at org.junit.runners.ParentRunner$2.evaluate(ParentRunner.java:293)
  at org.junit.runners.ParentRunner$3.evaluate(ParentRunner.java:306)
  at org.junit.runners.ParentRunner.run(ParentRunner.java:413)
  at org.junit.runner.JUnitCore.run(JUnitCore.java:137)
  at org.junit.runner.JUnitCore.run(JUnitCore.java:115)
  at org.gradle.api.internal.tasks.testing.junit.JUnitTestExecutor.runRequest(JUnitTestExecutor.java:175)
  at org.gradle.api.internal.tasks.testing.junit.JUnitTestExecutor.accept(JUnitTestExecutor.java:84)
  at org.gradle.api.internal.tasks.testing.junit.JUnitTestExecutor.accept(JUnitTestExecutor.java:47)
  at org.gradle.api.internal.tasks.testing.junit.AbstractJUnitTestDefinitionProcessor.processTestDefinition(AbstractJUnitTestDefinitionProcessor.java:65)
  at org.gradle.api.internal.tasks.testing.SuiteTestDefinitionProcessor.processTestDefinition(SuiteTestDefinitionProcessor.java:54)
  at java.base/jdk.internal.reflect.DirectMethodHandleAccessor.invoke(DirectMethodHandleAccessor.java:104)
  at java.base/java.lang.reflect.Method.invoke(Method.java:565)
  at org.gradle.internal.dispatch.MethodInvocation.invokeOn(MethodInvocation.java:77)
  at org.gradle.internal.dispatch.ReflectionDispatch.dispatch(ReflectionDispatch.java:28)
  at org.gradle.internal.dispatch.ReflectionDispatch.dispatch(ReflectionDispatch.java:19)
  at org.gradle.internal.dispatch.ContextClassLoaderDispatch.dispatch(ContextClassLoaderDispatch.java:33)
  at org.gradle.internal.dispatch.ProxyDispatchAdapter$DispatchingInvocationHandler.invoke(ProxyDispatchAdapter.java:88)
  at jdk.proxy1/jdk.proxy1.$Proxy4.processTestDefinition(Unknown Source)
  at org.gradle.api.internal.tasks.testing.worker.TestWorker$2.run(TestWorker.java:178)
  at org.gradle.api.internal.tasks.testing.worker.TestWorker.executeAndMaintainThreadName(TestWorker.java:126)
  at org.gradle.api.internal.tasks.testing.worker.TestWorker.execute(TestWorker.java:103)
  at org.gradle.api.internal.tasks.testing.worker.TestWorker.execute(TestWorker.java:63)
  at org.gradle.process.internal.worker.child.ActionExecutionWorker.execute(ActionExecutionWorker.java:56)
  at org.gradle.process.internal.worker.child.SystemApplicationClassLoaderWorker.call(SystemApplicationClassLoaderWorker.java:122)
  at org.gradle.process.internal.worker.child.SystemApplicationClassLoaderWorker.call(SystemApplicationClassLoaderWorker.java:72)
  at worker.org.gradle.process.internal.worker.GradleWorkerMain.run(GradleWorkerMain.java:69)
  at worker.org.gradle.process.internal.worker.GradleWorkerMain.main(GradleWorkerMain.java:74)
</stacktrace>
</test-failure>


TypeScriptCompilerTests_C[jvm] > cachedModuleResolution9_ts has expected errors matching cachedModuleResolution9_errors_txt[jvm] FAILED

<test-failure test="com.xemantic.typescript.compiler.TypeScriptCompilerTests_C.circularResolvedSignature_ts has expected errors matching circularResolvedSignature_errors_txt" platform="jvm">
<message>
Expected diagnostics from baseline typescript-repo/tests/baselines/reference/circularResolvedSignature.errors.txt but none produced
</message>
<stacktrace>
  at com.xemantic.typescript.compiler.TypeScriptTestSupportKt.errorsMatchBaseline(TypeScriptTestSupport.kt:125)
  at com.xemantic.typescript.compiler.TypeScriptCompilerTests_C.circularResolvedSignature_ts has expected errors matching circularResolvedSignature_errors_txt(TypeScriptCompilerTests_C.kt:1750)
  at java.base/jdk.internal.reflect.DirectMethodHandleAccessor.invoke(DirectMethodHandleAccessor.java:104)
  at java.base/java.lang.reflect.Method.invoke(Method.java:565)
  at org.junit.runners.model.FrameworkMethod$1.runReflectiveCall(FrameworkMethod.java:59)
  at org.junit.internal.runners.model.ReflectiveCallable.run(ReflectiveCallable.java:12)
  at org.junit.runners.model.FrameworkMethod.invokeExplosively(FrameworkMethod.java:56)
  at org.junit.internal.runners.statements.InvokeMethod.evaluate(InvokeMethod.java:17)
  at org.junit.runners.ParentRunner$3.evaluate(ParentRunner.java:306)
  at org.junit.runners.BlockJUnit4ClassRunner$1.evaluate(BlockJUnit4ClassRunner.java:100)
  at org.junit.runners.ParentRunner.runLeaf(ParentRunner.java:366)
  at org.junit.runners.BlockJUnit4ClassRunner.runChild(BlockJUnit4ClassRunner.java:103)
  at org.junit.runners.BlockJUnit4ClassRunner.runChild(BlockJUnit4ClassRunner.java:63)
  at org.junit.runners.ParentRunner$4.run(ParentRunner.java:331)
  at org.junit.runners.ParentRunner$1.schedule(ParentRunner.java:79)
  at org.junit.runners.ParentRunner.runChildren(ParentRunner.java:329)
  at org.junit.runners.ParentRunner.access$100(ParentRunner.java:66)
  at org.junit.runners.ParentRunner$2.evaluate(ParentRunner.java:293)
  at org.junit.runners.ParentRunner$3.evaluate(ParentRunner.java:306)
  at org.junit.runners.ParentRunner.run(ParentRunner.java:413)
  at org.junit.runner.JUnitCore.run(JUnitCore.java:137)
  at org.junit.runner.JUnitCore.run(JUnitCore.java:115)
  at org.gradle.api.internal.tasks.testing.junit.JUnitTestExecutor.runRequest(JUnitTestExecutor.java:175)
  at org.gradle.api.internal.tasks.testing.junit.JUnitTestExecutor.accept(JUnitTestExecutor.java:84)
  at org.gradle.api.internal.tasks.testing.junit.JUnitTestExecutor.accept(JUnitTestExecutor.java:47)
  at org.gradle.api.internal.tasks.testing.junit.AbstractJUnitTestDefinitionProcessor.processTestDefinition(AbstractJUnitTestDefinitionProcessor.java:65)
  at org.gradle.api.internal.tasks.testing.SuiteTestDefinitionProcessor.processTestDefinition(SuiteTestDefinitionProcessor.java:54)
  at java.base/jdk.internal.reflect.DirectMethodHandleAccessor.invoke(DirectMethodHandleAccessor.java:104)
  at java.base/java.lang.reflect.Method.invoke(Method.java:565)
  at org.gradle.internal.dispatch.MethodInvocation.invokeOn(MethodInvocation.java:77)
  at org.gradle.internal.dispatch.ReflectionDispatch.dispatch(ReflectionDispatch.java:28)
  at org.gradle.internal.dispatch.ReflectionDispatch.dispatch(ReflectionDispatch.java:19)
  at org.gradle.internal.dispatch.ContextClassLoaderDispatch.dispatch(ContextClassLoaderDispatch.java:33)
  at org.gradle.internal.dispatch.ProxyDispatchAdapter$DispatchingInvocationHandler.invoke(ProxyDispatchAdapter.java:88)
  at jdk.proxy1/jdk.proxy1.$Proxy4.processTestDefinition(Unknown Source)
  at org.gradle.api.internal.tasks.testing.worker.TestWorker$2.run(TestWorker.java:178)
  at org.gradle.api.internal.tasks.testing.worker.TestWorker.executeAndMaintainThreadName(TestWorker.java:126)
  at org.gradle.api.internal.tasks.testing.worker.TestWorker.execute(TestWorker.java:103)
  at org.gradle.api.internal.tasks.testing.worker.TestWorker.execute(TestWorker.java:63)
  at org.gradle.process.internal.worker.child.ActionExecutionWorker.execute(ActionExecutionWorker.java:56)
  at org.gradle.process.internal.worker.child.SystemApplicationClassLoaderWorker.call(SystemApplicationClassLoaderWorker.java:122)
  at org.gradle.process.internal.worker.child.SystemApplicationClassLoaderWorker.call(SystemApplicationClassLoaderWorker.java:72)
  at worker.org.gradle.process.internal.worker.GradleWorkerMain.run(GradleWorkerMain.java:69)
  at worker.org.gradle.process.internal.worker.GradleWorkerMain.main(GradleWorkerMain.java:74)
</stacktrace>
</test-failure>


TypeScriptCompilerTests_C[jvm] > circularResolvedSignature_ts has expected errors matching circularResolvedSignature_errors_txt[jvm] FAILED

<test-failure test="com.xemantic.typescript.compiler.TypeScriptCompilerTests_C.callSignaturesShouldBeResolvedBeforeSpecialization_ts has expected errors matching callSignaturesShouldBeResolvedBeforeSpecialization_errors_txt" platform="jvm">
<message>
Expected diagnostics from baseline typescript-repo/tests/baselines/reference/callSignaturesShouldBeResolvedBeforeSpecialization.errors.txt but none produced
</message>
<stacktrace>
  at com.xemantic.typescript.compiler.TypeScriptTestSupportKt.errorsMatchBaseline(TypeScriptTestSupport.kt:125)
  at com.xemantic.typescript.compiler.TypeScriptCompilerTests_C.callSignaturesShouldBeResolvedBeforeSpecialization_ts has expected errors matching callSignaturesShouldBeResolvedBeforeSpecialization_errors_txt(TypeScriptCompilerTests_C.kt:504)
  at java.base/jdk.internal.reflect.DirectMethodHandleAccessor.invoke(DirectMethodHandleAccessor.java:104)
  at java.base/java.lang.reflect.Method.invoke(Method.java:565)
  at org.junit.runners.model.FrameworkMethod$1.runReflectiveCall(FrameworkMethod.java:59)
  at org.junit.internal.runners.model.ReflectiveCallable.run(ReflectiveCallable.java:12)
  at org.junit.runners.model.FrameworkMethod.invokeExplosively(FrameworkMethod.java:56)
  at org.junit.internal.runners.statements.InvokeMethod.evaluate(InvokeMethod.java:17)
  at org.junit.runners.ParentRunner$3.evaluate(ParentRunner.java:306)
  at org.junit.runners.BlockJUnit4ClassRunner$1.evaluate(BlockJUnit4ClassRunner.java:100)
  at org.junit.runners.ParentRunner.runLeaf(ParentRunner.java:366)
  at org.junit.runners.BlockJUnit4ClassRunner.runChild(BlockJUnit4ClassRunner.java:103)
  at org.junit.runners.BlockJUnit4ClassRunner.runChild(BlockJUnit4ClassRunner.java:63)
  at org.junit.runners.ParentRunner$4.run(ParentRunner.java:331)
  at org.junit.runners.ParentRunner$1.schedule(ParentRunner.java:79)
  at org.junit.runners.ParentRunner.runChildren(ParentRunner.java:329)
  at org.junit.runners.ParentRunner.access$100(ParentRunner.java:66)
  at org.junit.runners.ParentRunner$2.evaluate(ParentRunner.java:293)
  at org.junit.runners.ParentRunner$3.evaluate(ParentRunner.java:306)
  at org.junit.runners.ParentRunner.run(ParentRunner.java:413)
  at org.junit.runner.JUnitCore.run(JUnitCore.java:137)
  at org.junit.runner.JUnitCore.run(JUnitCore.java:115)
  at org.gradle.api.internal.tasks.testing.junit.JUnitTestExecutor.runRequest(JUnitTestExecutor.java:175)
  at org.gradle.api.internal.tasks.testing.junit.JUnitTestExecutor.accept(JUnitTestExecutor.java:84)
  at org.gradle.api.internal.tasks.testing.junit.JUnitTestExecutor.accept(JUnitTestExecutor.java:47)
  at org.gradle.api.internal.tasks.testing.junit.AbstractJUnitTestDefinitionProcessor.processTestDefinition(AbstractJUnitTestDefinitionProcessor.java:65)
  at org.gradle.api.internal.tasks.testing.SuiteTestDefinitionProcessor.processTestDefinition(SuiteTestDefinitionProcessor.java:54)
  at java.base/jdk.internal.reflect.DirectMethodHandleAccessor.invoke(DirectMethodHandleAccessor.java:104)
  at java.base/java.lang.reflect.Method.invoke(Method.java:565)
  at org.gradle.internal.dispatch.MethodInvocation.invokeOn(MethodInvocation.java:77)
  at org.gradle.internal.dispatch.ReflectionDispatch.dispatch(ReflectionDispatch.java:28)
  at org.gradle.internal.dispatch.ReflectionDispatch.dispatch(ReflectionDispatch.java:19)
  at org.gradle.internal.dispatch.ContextClassLoaderDispatch.dispatch(ContextClassLoaderDispatch.java:33)
  at org.gradle.internal.dispatch.ProxyDispatchAdapter$DispatchingInvocationHandler.invoke(ProxyDispatchAdapter.java:88)
  at jdk.proxy1/jdk.proxy1.$Proxy4.processTestDefinition(Unknown Source)
  at org.gradle.api.internal.tasks.testing.worker.TestWorker$2.run(TestWorker.java:178)
  at org.gradle.api.internal.tasks.testing.worker.TestWorker.executeAndMaintainThreadName(TestWorker.java:126)
  at org.gradle.api.internal.tasks.testing.worker.TestWorker.execute(TestWorker.java:103)
  at org.gradle.api.internal.tasks.testing.worker.TestWorker.execute(TestWorker.java:63)
  at org.gradle.process.internal.worker.child.ActionExecutionWorker.execute(ActionExecutionWorker.java:56)
  at org.gradle.process.internal.worker.child.SystemApplicationClassLoaderWorker.call(SystemApplicationClassLoaderWorker.java:122)
  at org.gradle.process.internal.worker.child.SystemApplicationClassLoaderWorker.call(SystemApplicationClassLoaderWorker.java:72)
  at worker.org.gradle.process.internal.worker.GradleWorkerMain.run(GradleWorkerMain.java:69)
  at worker.org.gradle.process.internal.worker.GradleWorkerMain.main(GradleWorkerMain.java:74)
</stacktrace>
</test-failure>


TypeScriptCompilerTests_C[jvm] > callSignaturesShouldBeResolvedBeforeSpecialization_ts has expected errors matching callSignaturesShouldBeResolvedBeforeSpecialization_errors_txt[jvm] FAILED

<test-failure test="com.xemantic.typescript.compiler.TypeScriptCompilerTests_C.contextualTypingWithGenericAndNonGenericSignature_ts has expected errors matching contextualTypingWithGenericAndNonGenericSignature_errors_txt" platform="jvm">
<message>
Expected diagnostics from baseline typescript-repo/tests/baselines/reference/contextualTypingWithGenericAndNonGenericSignature.errors.txt but none produced
</message>
<stacktrace>
  at com.xemantic.typescript.compiler.TypeScriptTestSupportKt.errorsMatchBaseline(TypeScriptTestSupport.kt:125)
  at com.xemantic.typescript.compiler.TypeScriptCompilerTests_C.contextualTypingWithGenericAndNonGenericSignature_ts has expected errors matching contextualTypingWithGenericAndNonGenericSignature_errors_txt(TypeScriptCompilerTests_C.kt:7966)
  at java.base/jdk.internal.reflect.DirectMethodHandleAccessor.invoke(DirectMethodHandleAccessor.java:104)
  at java.base/java.lang.reflect.Method.invoke(Method.java:565)
  at org.junit.runners.model.FrameworkMethod$1.runReflectiveCall(FrameworkMethod.java:59)
  at org.junit.internal.runners.model.ReflectiveCallable.run(ReflectiveCallable.java:12)
  at org.junit.runners.model.FrameworkMethod.invokeExplosively(FrameworkMethod.java:56)
  at org.junit.internal.runners.statements.InvokeMethod.evaluate(InvokeMethod.java:17)
  at org.junit.runners.ParentRunner$3.evaluate(ParentRunner.java:306)
  at org.junit.runners.BlockJUnit4ClassRunner$1.evaluate(BlockJUnit4ClassRunner.java:100)
  at org.junit.runners.ParentRunner.runLeaf(ParentRunner.java:366)
  at org.junit.runners.BlockJUnit4ClassRunner.runChild(BlockJUnit4ClassRunner.java:103)
  at org.junit.runners.BlockJUnit4ClassRunner.runChild(BlockJUnit4ClassRunner.java:63)
  at org.junit.runners.ParentRunner$4.run(ParentRunner.java:331)
  at org.junit.runners.ParentRunner$1.schedule(ParentRunner.java:79)
  at org.junit.runners.ParentRunner.runChildren(ParentRunner.java:329)
  at org.junit.runners.ParentRunner.access$100(ParentRunner.java:66)
  at org.junit.runners.ParentRunner$2.evaluate(ParentRunner.java:293)
  at org.junit.runners.ParentRunner$3.evaluate(ParentRunner.java:306)
  at org.junit.runners.ParentRunner.run(ParentRunner.java:413)
  at org.junit.runner.JUnitCore.run(JUnitCore.java:137)
  at org.junit.runner.JUnitCore.run(JUnitCore.java:115)
  at org.gradle.api.internal.tasks.testing.junit.JUnitTestExecutor.runRequest(JUnitTestExecutor.java:175)
  at org.gradle.api.internal.tasks.testing.junit.JUnitTestExecutor.accept(JUnitTestExecutor.java:84)
  at org.gradle.api.internal.tasks.testing.junit.JUnitTestExecutor.accept(JUnitTestExecutor.java:47)
  at org.gradle.api.internal.tasks.testing.junit.AbstractJUnitTestDefinitionProcessor.processTestDefinition(AbstractJUnitTestDefinitionProcessor.java:65)
  at org.gradle.api.internal.tasks.testing.SuiteTestDefinitionProcessor.processTestDefinition(SuiteTestDefinitionProcessor.java:54)
  at java.base/jdk.internal.reflect.DirectMethodHandleAccessor.invoke(DirectMethodHandleAccessor.java:104)
  at java.base/java.lang.reflect.Method.invoke(Method.java:565)
  at org.gradle.internal.dispatch.MethodInvocation.invokeOn(MethodInvocation.java:77)
  at org.gradle.internal.dispatch.ReflectionDispatch.dispatch(ReflectionDispatch.java:28)
  at org.gradle.internal.dispatch.ReflectionDispatch.dispatch(ReflectionDispatch.java:19)
  at org.gradle.internal.dispatch.ContextClassLoaderDispatch.dispatch(ContextClassLoaderDispatch.java:33)
  at org.gradle.internal.dispatch.ProxyDispatchAdapter$DispatchingInvocationHandler.invoke(ProxyDispatchAdapter.java:88)
  at jdk.proxy1/jdk.proxy1.$Proxy4.processTestDefinition(Unknown Source)
  at org.gradle.api.internal.tasks.testing.worker.TestWorker$2.run(TestWorker.java:178)
  at org.gradle.api.internal.tasks.testing.worker.TestWorker.executeAndMaintainThreadName(TestWorker.java:126)
  at org.gradle.api.internal.tasks.testing.worker.TestWorker.execute(TestWorker.java:103)
  at org.gradle.api.internal.tasks.testing.worker.TestWorker.execute(TestWorker.java:63)
  at org.gradle.process.internal.worker.child.ActionExecutionWorker.execute(ActionExecutionWorker.java:56)
  at org.gradle.process.internal.worker.child.SystemApplicationClassLoaderWorker.call(SystemApplicationClassLoaderWorker.java:122)
  at org.gradle.process.internal.worker.child.SystemApplicationClassLoaderWorker.call(SystemApplicationClassLoaderWorker.java:72)
  at worker.org.gradle.process.internal.worker.GradleWorkerMain.run(GradleWorkerMain.java:69)
  at worker.org.gradle.process.internal.worker.GradleWorkerMain.main(GradleWorkerMain.java:74)
</stacktrace>
</test-failure>


TypeScriptCompilerTests_C[jvm] > contextualTypingWithGenericAndNonGenericSignature_ts has expected errors matching contextualTypingWithGenericAndNonGenericSignature_errors_txt[jvm] FAILED

<test-failure test="com.xemantic.typescript.compiler.TypeScriptCompilerTests_C.conditionalDoesntLeakUninstantiatedTypeParameter_ts has expected errors matching conditionalDoesntLeakUninstantiatedTypeParameter_errors_txt" platform="jvm">
<message>
Expected diagnostics from baseline typescript-repo/tests/baselines/reference/conditionalDoesntLeakUninstantiatedTypeParameter.errors.txt but none produced
</message>
<stacktrace>
  at com.xemantic.typescript.compiler.TypeScriptTestSupportKt.errorsMatchBaseline(TypeScriptTestSupport.kt:125)
  at com.xemantic.typescript.compiler.TypeScriptCompilerTests_C.conditionalDoesntLeakUninstantiatedTypeParameter_ts has expected errors matching conditionalDoesntLeakUninstantiatedTypeParameter_errors_txt(TypeScriptCompilerTests_C.kt:5523)
  at java.base/jdk.internal.reflect.DirectMethodHandleAccessor.invoke(DirectMethodHandleAccessor.java:104)
  at java.base/java.lang.reflect.Method.invoke(Method.java:565)
  at org.junit.runners.model.FrameworkMethod$1.runReflectiveCall(FrameworkMethod.java:59)
  at org.junit.internal.runners.model.ReflectiveCallable.run(ReflectiveCallable.java:12)
  at org.junit.runners.model.FrameworkMethod.invokeExplosively(FrameworkMethod.java:56)
  at org.junit.internal.runners.statements.InvokeMethod.evaluate(InvokeMethod.java:17)
  at org.junit.runners.ParentRunner$3.evaluate(ParentRunner.java:306)
  at org.junit.runners.BlockJUnit4ClassRunner$1.evaluate(BlockJUnit4ClassRunner.java:100)
  at org.junit.runners.ParentRunner.runLeaf(ParentRunner.java:366)
  at org.junit.runners.BlockJUnit4ClassRunner.runChild(BlockJUnit4ClassRunner.java:103)
  at org.junit.runners.BlockJUnit4ClassRunner.runChild(BlockJUnit4ClassRunner.java:63)
  at org.junit.runners.ParentRunner$4.run(ParentRunner.java:331)
  at org.junit.runners.ParentRunner$1.schedule(ParentRunner.java:79)
  at org.junit.runners.ParentRunner.runChildren(ParentRunner.java:329)
  at org.junit.runners.ParentRunner.access$100(ParentRunner.java:66)
  at org.junit.runners.ParentRunner$2.evaluate(ParentRunner.java:293)
  at org.junit.runners.ParentRunner$3.evaluate(ParentRunner.java:306)
  at org.junit.runners.ParentRunner.run(ParentRunner.java:413)
  at org.junit.runner.JUnitCore.run(JUnitCore.java:137)
  at org.junit.runner.JUnitCore.run(JUnitCore.java:115)
  at org.gradle.api.internal.tasks.testing.junit.JUnitTestExecutor.runRequest(JUnitTestExecutor.java:175)
  at org.gradle.api.internal.tasks.testing.junit.JUnitTestExecutor.accept(JUnitTestExecutor.java:84)
  at org.gradle.api.internal.tasks.testing.junit.JUnitTestExecutor.accept(JUnitTestExecutor.java:47)
  at org.gradle.api.internal.tasks.testing.junit.AbstractJUnitTestDefinitionProcessor.processTestDefinition(AbstractJUnitTestDefinitionProcessor.java:65)
  at org.gradle.api.internal.tasks.testing.SuiteTestDefinitionProcessor.processTestDefinition(SuiteTestDefinitionProcessor.java:54)
  at java.base/jdk.internal.reflect.DirectMethodHandleAccessor.invoke(DirectMethodHandleAccessor.java:104)
  at java.base/java.lang.reflect.Method.invoke(Method.java:565)
  at org.gradle.internal.dispatch.MethodInvocation.invokeOn(MethodInvocation.java:77)
  at org.gradle.internal.dispatch.ReflectionDispatch.dispatch(ReflectionDispatch.java:28)
  at org.gradle.internal.dispatch.ReflectionDispatch.dispatch(ReflectionDispatch.java:19)
  at org.gradle.internal.dispatch.ContextClassLoaderDispatch.dispatch(ContextClassLoaderDispatch.java:33)
  at org.gradle.internal.dispatch.ProxyDispatchAdapter$DispatchingInvocationHandler.invoke(ProxyDispatchAdapter.java:88)
  at jdk.proxy1/jdk.proxy1.$Proxy4.processTestDefinition(Unknown Source)
  at org.gradle.api.internal.tasks.testing.worker.TestWorker$2.run(TestWorker.java:178)
  at org.gradle.api.internal.tasks.testing.worker.TestWorker.executeAndMaintainThreadName(TestWorker.java:126)
  at org.gradle.api.internal.tasks.testing.worker.TestWorker.execute(TestWorker.java:103)
  at org.gradle.api.internal.tasks.testing.worker.TestWorker.execute(TestWorker.java:63)
  at org.gradle.process.internal.worker.child.ActionExecutionWorker.execute(ActionExecutionWorker.java:56)
  at org.gradle.process.internal.worker.child.SystemApplicationClassLoaderWorker.call(SystemApplicationClassLoaderWorker.java:122)
  at org.gradle.process.internal.worker.child.SystemApplicationClassLoaderWorker.call(SystemApplicationClassLoaderWorker.java:72)
  at worker.org.gradle.process.internal.worker.GradleWorkerMain.run(GradleWorkerMain.java:69)
  at worker.org.gradle.process.internal.worker.GradleWorkerMain.main(GradleWorkerMain.java:74)
</stacktrace>
</test-failure>


TypeScriptCompilerTests_C[jvm] > conditionalDoesntLeakUninstantiatedTypeParameter_ts has expected errors matching conditionalDoesntLeakUninstantiatedTypeParameter_errors_txt[jvm] FAILED

<test-failure test="com.xemantic.typescript.compiler.TypeScriptCompilerTests_C.conditionalEqualityOnLiteralObjects_ts has expected errors matching conditionalEqualityOnLiteralObjects_errors_txt" platform="jvm">
<message>
Expected diagnostics from baseline typescript-repo/tests/baselines/reference/conditionalEqualityOnLiteralObjects.errors.txt but none produced
</message>
<stacktrace>
  at com.xemantic.typescript.compiler.TypeScriptTestSupportKt.errorsMatchBaseline(TypeScriptTestSupport.kt:125)
  at com.xemantic.typescript.compiler.TypeScriptCompilerTests_C.conditionalEqualityOnLiteralObjects_ts has expected errors matching conditionalEqualityOnLiteralObjects_errors_txt(TypeScriptCompilerTests_C.kt:5537)
  at java.base/jdk.internal.reflect.DirectMethodHandleAccessor.invoke(DirectMethodHandleAccessor.java:104)
  at java.base/java.lang.reflect.Method.invoke(Method.java:565)
  at org.junit.runners.model.FrameworkMethod$1.runReflectiveCall(FrameworkMethod.java:59)
  at org.junit.internal.runners.model.ReflectiveCallable.run(ReflectiveCallable.java:12)
  at org.junit.runners.model.FrameworkMethod.invokeExplosively(FrameworkMethod.java:56)
  at org.junit.internal.runners.statements.InvokeMethod.evaluate(InvokeMethod.java:17)
  at org.junit.runners.ParentRunner$3.evaluate(ParentRunner.java:306)
  at org.junit.runners.BlockJUnit4ClassRunner$1.evaluate(BlockJUnit4ClassRunner.java:100)
  at org.junit.runners.ParentRunner.runLeaf(ParentRunner.java:366)
  at org.junit.runners.BlockJUnit4ClassRunner.runChild(BlockJUnit4ClassRunner.java:103)
  at org.junit.runners.BlockJUnit4ClassRunner.runChild(BlockJUnit4ClassRunner.java:63)
  at org.junit.runners.ParentRunner$4.run(ParentRunner.java:331)
  at org.junit.runners.ParentRunner$1.schedule(ParentRunner.java:79)
  at org.junit.runners.ParentRunner.runChildren(ParentRunner.java:329)
  at org.junit.runners.ParentRunner.access$100(ParentRunner.java:66)
  at org.junit.runners.ParentRunner$2.evaluate(ParentRunner.java:293)
  at org.junit.runners.ParentRunner$3.evaluate(ParentRunner.java:306)
  at org.junit.runners.ParentRunner.run(ParentRunner.java:413)
  at org.junit.runner.JUnitCore.run(JUnitCore.java:137)
  at org.junit.runner.JUnitCore.run(JUnitCore.java:115)
  at org.gradle.api.internal.tasks.testing.junit.JUnitTestExecutor.runRequest(JUnitTestExecutor.java:175)
  at org.gradle.api.internal.tasks.testing.junit.JUnitTestExecutor.accept(JUnitTestExecutor.java:84)
  at org.gradle.api.internal.tasks.testing.junit.JUnitTestExecutor.accept(JUnitTestExecutor.java:47)
  at org.gradle.api.internal.tasks.testing.junit.AbstractJUnitTestDefinitionProcessor.processTestDefinition(AbstractJUnitTestDefinitionProcessor.java:65)
  at org.gradle.api.internal.tasks.testing.SuiteTestDefinitionProcessor.processTestDefinition(SuiteTestDefinitionProcessor.java:54)
  at java.base/jdk.internal.reflect.DirectMethodHandleAccessor.invoke(DirectMethodHandleAccessor.java:104)
  at java.base/java.lang.reflect.Method.invoke(Method.java:565)
  at org.gradle.internal.dispatch.MethodInvocation.invokeOn(MethodInvocation.java:77)
  at org.gradle.internal.dispatch.ReflectionDispatch.dispatch(ReflectionDispatch.java:28)
  at org.gradle.internal.dispatch.ReflectionDispatch.dispatch(ReflectionDispatch.java:19)
  at org.gradle.internal.dispatch.ContextClassLoaderDispatch.dispatch(ContextClassLoaderDispatch.java:33)
  at org.gradle.internal.dispatch.ProxyDispatchAdapter$DispatchingInvocationHandler.invoke(ProxyDispatchAdapter.java:88)
  at jdk.proxy1/jdk.proxy1.$Proxy4.processTestDefinition(Unknown Source)
  at org.gradle.api.internal.tasks.testing.worker.TestWorker$2.run(TestWorker.java:178)
  at org.gradle.api.internal.tasks.testing.worker.TestWorker.executeAndMaintainThreadName(TestWorker.java:126)
  at org.gradle.api.internal.tasks.testing.worker.TestWorker.execute(TestWorker.java:103)
  at org.gradle.api.internal.tasks.testing.worker.TestWorker.execute(TestWorker.java:63)
  at org.gradle.process.internal.worker.child.ActionExecutionWorker.execute(ActionExecutionWorker.java:56)
  at org.gradle.process.internal.worker.child.SystemApplicationClassLoaderWorker.call(SystemApplicationClassLoaderWorker.java:122)
  at org.gradle.process.internal.worker.child.SystemApplicationClassLoaderWorker.call(SystemApplicationClassLoaderWorker.java:72)
  at worker.org.gradle.process.internal.worker.GradleWorkerMain.run(GradleWorkerMain.java:69)
  at worker.org.gradle.process.internal.worker.GradleWorkerMain.main(GradleWorkerMain.java:74)
</stacktrace>
</test-failure>


TypeScriptCompilerTests_C[jvm] > conditionalEqualityOnLiteralObjects_ts has expected errors matching conditionalEqualityOnLiteralObjects_errors_txt[jvm] FAILED

<test-failure test="com.xemantic.typescript.compiler.TypeScriptCompilerTests_C.contextualTyping9_ts has expected errors matching contextualTyping9_errors_txt" platform="jvm">
<message>
Expected diagnostics from baseline typescript-repo/tests/baselines/reference/contextualTyping9.errors.txt but none produced
</message>
<stacktrace>
  at com.xemantic.typescript.compiler.TypeScriptTestSupportKt.errorsMatchBaseline(TypeScriptTestSupport.kt:125)
  at com.xemantic.typescript.compiler.TypeScriptCompilerTests_C.contextualTyping9_ts has expected errors matching contextualTyping9_errors_txt(TypeScriptCompilerTests_C.kt:7784)
  at java.base/jdk.internal.reflect.DirectMethodHandleAccessor.invoke(DirectMethodHandleAccessor.java:104)
  at java.base/java.lang.reflect.Method.invoke(Method.java:565)
  at org.junit.runners.model.FrameworkMethod$1.runReflectiveCall(FrameworkMethod.java:59)
  at org.junit.internal.runners.model.ReflectiveCallable.run(ReflectiveCallable.java:12)
  at org.junit.runners.model.FrameworkMethod.invokeExplosively(FrameworkMethod.java:56)
  at org.junit.internal.runners.statements.InvokeMethod.evaluate(InvokeMethod.java:17)
  at org.junit.runners.ParentRunner$3.evaluate(ParentRunner.java:306)
  at org.junit.runners.BlockJUnit4ClassRunner$1.evaluate(BlockJUnit4ClassRunner.java:100)
  at org.junit.runners.ParentRunner.runLeaf(ParentRunner.java:366)
  at org.junit.runners.BlockJUnit4ClassRunner.runChild(BlockJUnit4ClassRunner.java:103)
  at org.junit.runners.BlockJUnit4ClassRunner.runChild(BlockJUnit4ClassRunner.java:63)
  at org.junit.runners.ParentRunner$4.run(ParentRunner.java:331)
  at org.junit.runners.ParentRunner$1.schedule(ParentRunner.java:79)
  at org.junit.runners.ParentRunner.runChildren(ParentRunner.java:329)
  at org.junit.runners.ParentRunner.access$100(ParentRunner.java:66)
  at org.junit.runners.ParentRunner$2.evaluate(ParentRunner.java:293)
  at org.junit.runners.ParentRunner$3.evaluate(ParentRunner.java:306)
  at org.junit.runners.ParentRunner.run(ParentRunner.java:413)
  at org.junit.runner.JUnitCore.run(JUnitCore.java:137)
  at org.junit.runner.JUnitCore.run(JUnitCore.java:115)
  at org.gradle.api.internal.tasks.testing.junit.JUnitTestExecutor.runRequest(JUnitTestExecutor.java:175)
  at org.gradle.api.internal.tasks.testing.junit.JUnitTestExecutor.accept(JUnitTestExecutor.java:84)
  at org.gradle.api.internal.tasks.testing.junit.JUnitTestExecutor.accept(JUnitTestExecutor.java:47)
  at org.gradle.api.internal.tasks.testing.junit.AbstractJUnitTestDefinitionProcessor.processTestDefinition(AbstractJUnitTestDefinitionProcessor.java:65)
  at org.gradle.api.internal.tasks.testing.SuiteTestDefinitionProcessor.processTestDefinition(SuiteTestDefinitionProcessor.java:54)
  at java.base/jdk.internal.reflect.DirectMethodHandleAccessor.invoke(DirectMethodHandleAccessor.java:104)
  at java.base/java.lang.reflect.Method.invoke(Method.java:565)
  at org.gradle.internal.dispatch.MethodInvocation.invokeOn(MethodInvocation.java:77)
  at org.gradle.internal.dispatch.ReflectionDispatch.dispatch(ReflectionDispatch.java:28)
  at org.gradle.internal.dispatch.ReflectionDispatch.dispatch(ReflectionDispatch.java:19)
  at org.gradle.internal.dispatch.ContextClassLoaderDispatch.dispatch(ContextClassLoaderDispatch.java:33)
  at org.gradle.internal.dispatch.ProxyDispatchAdapter$DispatchingInvocationHandler.invoke(ProxyDispatchAdapter.java:88)
  at jdk.proxy1/jdk.proxy1.$Proxy4.processTestDefinition(Unknown Source)
  at org.gradle.api.internal.tasks.testing.worker.TestWorker$2.run(TestWorker.java:178)
  at org.gradle.api.internal.tasks.testing.worker.TestWorker.executeAndMaintainThreadName(TestWorker.java:126)
  at org.gradle.api.internal.tasks.testing.worker.TestWorker.execute(TestWorker.java:103)
  at org.gradle.api.internal.tasks.testing.worker.TestWorker.execute(TestWorker.java:63)
  at org.gradle.process.internal.worker.child.ActionExecutionWorker.execute(ActionExecutionWorker.java:56)
  at org.gradle.process.internal.worker.child.SystemApplicationClassLoaderWorker.call(SystemApplicationClassLoaderWorker.java:122)
  at org.gradle.process.internal.worker.child.SystemApplicationClassLoaderWorker.call(SystemApplicationClassLoaderWorker.java:72)
  at worker.org.gradle.process.internal.worker.GradleWorkerMain.run(GradleWorkerMain.java:69)
  at worker.org.gradle.process.internal.worker.GradleWorkerMain.main(GradleWorkerMain.java:74)
</stacktrace>
</test-failure>


TypeScriptCompilerTests_C[jvm] > contextualTyping9_ts has expected errors matching contextualTyping9_errors_txt[jvm] FAILED

<test-failure test="com.xemantic.typescript.compiler.TypeScriptCompilerTests_C.castOfYield_ts has expected errors matching castOfYield_errors_txt" platform="jvm">
<message>
Expected diagnostics from baseline typescript-repo/tests/baselines/reference/castOfYield.errors.txt but none produced
</message>
<stacktrace>
  at com.xemantic.typescript.compiler.TypeScriptTestSupportKt.errorsMatchBaseline(TypeScriptTestSupport.kt:125)
  at com.xemantic.typescript.compiler.TypeScriptCompilerTests_C.castOfYield_ts has expected errors matching castOfYield_errors_txt(TypeScriptCompilerTests_C.kt:966)
  at java.base/jdk.internal.reflect.DirectMethodHandleAccessor.invoke(DirectMethodHandleAccessor.java:104)
  at java.base/java.lang.reflect.Method.invoke(Method.java:565)
  at org.junit.runners.model.FrameworkMethod$1.runReflectiveCall(FrameworkMethod.java:59)
  at org.junit.internal.runners.model.ReflectiveCallable.run(ReflectiveCallable.java:12)
  at org.junit.runners.model.FrameworkMethod.invokeExplosively(FrameworkMethod.java:56)
  at org.junit.internal.runners.statements.InvokeMethod.evaluate(InvokeMethod.java:17)
  at org.junit.runners.ParentRunner$3.evaluate(ParentRunner.java:306)
  at org.junit.runners.BlockJUnit4ClassRunner$1.evaluate(BlockJUnit4ClassRunner.java:100)
  at org.junit.runners.ParentRunner.runLeaf(ParentRunner.java:366)
  at org.junit.runners.BlockJUnit4ClassRunner.runChild(BlockJUnit4ClassRunner.java:103)
  at org.junit.runners.BlockJUnit4ClassRunner.runChild(BlockJUnit4ClassRunner.java:63)
  at org.junit.runners.ParentRunner$4.run(ParentRunner.java:331)
  at org.junit.runners.ParentRunner$1.schedule(ParentRunner.java:79)
  at org.junit.runners.ParentRunner.runChildren(ParentRunner.java:329)
  at org.junit.runners.ParentRunner.access$100(ParentRunner.java:66)
  at org.junit.runners.ParentRunner$2.evaluate(ParentRunner.java:293)
  at org.junit.runners.ParentRunner$3.evaluate(ParentRunner.java:306)
  at org.junit.runners.ParentRunner.run(ParentRunner.java:413)
  at org.junit.runner.JUnitCore.run(JUnitCore.java:137)
  at org.junit.runner.JUnitCore.run(JUnitCore.java:115)
  at org.gradle.api.internal.tasks.testing.junit.JUnitTestExecutor.runRequest(JUnitTestExecutor.java:175)
  at org.gradle.api.internal.tasks.testing.junit.JUnitTestExecutor.accept(JUnitTestExecutor.java:84)
  at org.gradle.api.internal.tasks.testing.junit.JUnitTestExecutor.accept(JUnitTestExecutor.java:47)
  at org.gradle.api.internal.tasks.testing.junit.AbstractJUnitTestDefinitionProcessor.processTestDefinition(AbstractJUnitTestDefinitionProcessor.java:65)
  at org.gradle.api.internal.tasks.testing.SuiteTestDefinitionProcessor.processTestDefinition(SuiteTestDefinitionProcessor.java:54)
  at java.base/jdk.internal.reflect.DirectMethodHandleAccessor.invoke(DirectMethodHandleAccessor.java:104)
  at java.base/java.lang.reflect.Method.invoke(Method.java:565)
  at org.gradle.internal.dispatch.MethodInvocation.invokeOn(MethodInvocation.java:77)
  at org.gradle.internal.dispatch.ReflectionDispatch.dispatch(ReflectionDispatch.java:28)
  at org.gradle.internal.dispatch.ReflectionDispatch.dispatch(ReflectionDispatch.java:19)
  at org.gradle.internal.dispatch.ContextClassLoaderDispatch.dispatch(ContextClassLoaderDispatch.java:33)
  at org.gradle.internal.dispatch.ProxyDispatchAdapter$DispatchingInvocationHandler.invoke(ProxyDispatchAdapter.java:88)
  at jdk.proxy1/jdk.proxy1.$Proxy4.processTestDefinition(Unknown Source)
  at org.gradle.api.internal.tasks.testing.worker.TestWorker$2.run(TestWorker.java:178)
  at org.gradle.api.internal.tasks.testing.worker.TestWorker.executeAndMaintainThreadName(TestWorker.java:126)
  at org.gradle.api.internal.tasks.testing.worker.TestWorker.execute(TestWorker.java:103)
  at org.gradle.api.internal.tasks.testing.worker.TestWorker.execute(TestWorker.java:63)
  at org.gradle.process.internal.worker.child.ActionExecutionWorker.execute(ActionExecutionWorker.java:56)
  at org.gradle.process.internal.worker.child.SystemApplicationClassLoaderWorker.call(SystemApplicationClassLoaderWorker.java:122)
  at org.gradle.process.internal.worker.child.SystemApplicationClassLoaderWorker.call(SystemApplicationClassLoaderWorker.java:72)
  at worker.org.gradle.process.internal.worker.GradleWorkerMain.run(GradleWorkerMain.java:69)
  at worker.org.gradle.process.internal.worker.GradleWorkerMain.main(GradleWorkerMain.java:74)
</stacktrace>
</test-failure>


TypeScriptCompilerTests_C[jvm] > castOfYield_ts has expected errors matching castOfYield_errors_txt[jvm] FAILED

<test-failure test="com.xemantic.typescript.compiler.TypeScriptCompilerTests_C.ClassDeclarationWithInvalidConstOnPropertyDeclaration_ts has expected errors matching ClassDeclarationWithInvalidConstOnPropertyDeclaration_errors_txt" platform="jvm">
<message>
Expected diagnostics from baseline typescript-repo/tests/baselines/reference/ClassDeclarationWithInvalidConstOnPropertyDeclaration.errors.txt but none produced
</message>
<stacktrace>
  at com.xemantic.typescript.compiler.TypeScriptTestSupportKt.errorsMatchBaseline(TypeScriptTestSupport.kt:125)
  at com.xemantic.typescript.compiler.TypeScriptCompilerTests_C.ClassDeclarationWithInvalidConstOnPropertyDeclaration_ts has expected errors matching ClassDeclarationWithInvalidConstOnPropertyDeclaration_errors_txt(TypeScriptCompilerTests_C.kt:189)
  at java.base/jdk.internal.reflect.DirectMethodHandleAccessor.invoke(DirectMethodHandleAccessor.java:104)
  at java.base/java.lang.reflect.Method.invoke(Method.java:565)
  at org.junit.runners.model.FrameworkMethod$1.runReflectiveCall(FrameworkMethod.java:59)
  at org.junit.internal.runners.model.ReflectiveCallable.run(ReflectiveCallable.java:12)
  at org.junit.runners.model.FrameworkMethod.invokeExplosively(FrameworkMethod.java:56)
  at org.junit.internal.runners.statements.InvokeMethod.evaluate(InvokeMethod.java:17)
  at org.junit.runners.ParentRunner$3.evaluate(ParentRunner.java:306)
  at org.junit.runners.BlockJUnit4ClassRunner$1.evaluate(BlockJUnit4ClassRunner.java:100)
  at org.junit.runners.ParentRunner.runLeaf(ParentRunner.java:366)
  at org.junit.runners.BlockJUnit4ClassRunner.runChild(BlockJUnit4ClassRunner.java:103)
  at org.junit.runners.BlockJUnit4ClassRunner.runChild(BlockJUnit4ClassRunner.java:63)
  at org.junit.runners.ParentRunner$4.run(ParentRunner.java:331)
  at org.junit.runners.ParentRunner$1.schedule(ParentRunner.java:79)
  at org.junit.runners.ParentRunner.runChildren(ParentRunner.java:329)
  at org.junit.runners.ParentRunner.access$100(ParentRunner.java:66)
  at org.junit.runners.ParentRunner$2.evaluate(ParentRunner.java:293)
  at org.junit.runners.ParentRunner$3.evaluate(ParentRunner.java:306)
  at org.junit.runners.ParentRunner.run(ParentRunner.java:413)
  at org.junit.runner.JUnitCore.run(JUnitCore.java:137)
  at org.junit.runner.JUnitCore.run(JUnitCore.java:115)
  at org.gradle.api.internal.tasks.testing.junit.JUnitTestExecutor.runRequest(JUnitTestExecutor.java:175)
  at org.gradle.api.internal.tasks.testing.junit.JUnitTestExecutor.accept(JUnitTestExecutor.java:84)
  at org.gradle.api.internal.tasks.testing.junit.JUnitTestExecutor.accept(JUnitTestExecutor.java:47)
  at org.gradle.api.internal.tasks.testing.junit.AbstractJUnitTestDefinitionProcessor.processTestDefinition(AbstractJUnitTestDefinitionProcessor.java:65)
  at org.gradle.api.internal.tasks.testing.SuiteTestDefinitionProcessor.processTestDefinition(SuiteTestDefinitionProcessor.java:54)
  at java.base/jdk.internal.reflect.DirectMethodHandleAccessor.invoke(DirectMethodHandleAccessor.java:104)
  at java.base/java.lang.reflect.Method.invoke(Method.java:565)
  at org.gradle.internal.dispatch.MethodInvocation.invokeOn(MethodInvocation.java:77)
  at org.gradle.internal.dispatch.ReflectionDispatch.dispatch(ReflectionDispatch.java:28)
  at org.gradle.internal.dispatch.ReflectionDispatch.dispatch(ReflectionDispatch.java:19)
  at org.gradle.internal.dispatch.ContextClassLoaderDispatch.dispatch(ContextClassLoaderDispatch.java:33)
  at org.gradle.internal.dispatch.ProxyDispatchAdapter$DispatchingInvocationHandler.invoke(ProxyDispatchAdapter.java:88)
  at jdk.proxy1/jdk.proxy1.$Proxy4.processTestDefinition(Unknown Source)
  at org.gradle.api.internal.tasks.testing.worker.TestWorker$2.run(TestWorker.java:178)
  at org.gradle.api.internal.tasks.testing.worker.TestWorker.executeAndMaintainThreadName(TestWorker.java:126)
  at org.gradle.api.internal.tasks.testing.worker.TestWorker.execute(TestWorker.java:103)
  at org.gradle.api.internal.tasks.testing.worker.TestWorker.execute(TestWorker.java:63)
  at org.gradle.process.internal.worker.child.ActionExecutionWorker.execute(ActionExecutionWorker.java:56)
  at org.gradle.process.internal.worker.child.SystemApplicationClassLoaderWorker.call(SystemApplicationClassLoaderWorker.java:122)
  at org.gradle.process.internal.worker.child.SystemApplicationClassLoaderWorker.call(SystemApplicationClassLoaderWorker.java:72)
  at worker.org.gradle.process.internal.worker.GradleWorkerMain.run(GradleWorkerMain.java:69)
  at worker.org.gradle.process.internal.worker.GradleWorkerMain.main(GradleWorkerMain.java:74)
</stacktrace>
</test-failure>


TypeScriptCompilerTests_C[jvm] > ClassDeclarationWithInvalidConstOnPropertyDeclaration_ts has expected errors matching ClassDeclarationWithInvalidConstOnPropertyDeclaration_errors_txt[jvm] FAILED

<test-failure test="com.xemantic.typescript.compiler.TypeScriptCompilerTests_C.capturedParametersInInitializers1_ts has expected errors matching capturedParametersInInitializers1_errors_txt" platform="jvm">
<message>
Expected diagnostics from baseline typescript-repo/tests/baselines/reference/capturedParametersInInitializers1.errors.txt but none produced
</message>
<stacktrace>
  at com.xemantic.typescript.compiler.TypeScriptTestSupportKt.errorsMatchBaseline(TypeScriptTestSupport.kt:125)
  at com.xemantic.typescript.compiler.TypeScriptCompilerTests_C.capturedParametersInInitializers1_ts has expected errors matching capturedParametersInInitializers1_errors_txt(TypeScriptCompilerTests_C.kt:861)
  at java.base/jdk.internal.reflect.DirectMethodHandleAccessor.invoke(DirectMethodHandleAccessor.java:104)
  at java.base/java.lang.reflect.Method.invoke(Method.java:565)
  at org.junit.runners.model.FrameworkMethod$1.runReflectiveCall(FrameworkMethod.java:59)
  at org.junit.internal.runners.model.ReflectiveCallable.run(ReflectiveCallable.java:12)
  at org.junit.runners.model.FrameworkMethod.invokeExplosively(FrameworkMethod.java:56)
  at org.junit.internal.runners.statements.InvokeMethod.evaluate(InvokeMethod.java:17)
  at org.junit.runners.ParentRunner$3.evaluate(ParentRunner.java:306)
  at org.junit.runners.BlockJUnit4ClassRunner$1.evaluate(BlockJUnit4ClassRunner.java:100)
  at org.junit.runners.ParentRunner.runLeaf(ParentRunner.java:366)
  at org.junit.runners.BlockJUnit4ClassRunner.runChild(BlockJUnit4ClassRunner.java:103)
  at org.junit.runners.BlockJUnit4ClassRunner.runChild(BlockJUnit4ClassRunner.java:63)
  at org.junit.runners.ParentRunner$4.run(ParentRunner.java:331)
  at org.junit.runners.ParentRunner$1.schedule(ParentRunner.java:79)
  at org.junit.runners.ParentRunner.runChildren(ParentRunner.java:329)
  at org.junit.runners.ParentRunner.access$100(ParentRunner.java:66)
  at org.junit.runners.ParentRunner$2.evaluate(ParentRunner.java:293)
  at org.junit.runners.ParentRunner$3.evaluate(ParentRunner.java:306)
  at org.junit.runners.ParentRunner.run(ParentRunner.java:413)
  at org.junit.runner.JUnitCore.run(JUnitCore.java:137)
  at org.junit.runner.JUnitCore.run(JUnitCore.java:115)
  at org.gradle.api.internal.tasks.testing.junit.JUnitTestExecutor.runRequest(JUnitTestExecutor.java:175)
  at org.gradle.api.internal.tasks.testing.junit.JUnitTestExecutor.accept(JUnitTestExecutor.java:84)
  at org.gradle.api.internal.tasks.testing.junit.JUnitTestExecutor.accept(JUnitTestExecutor.java:47)
  at org.gradle.api.internal.tasks.testing.junit.AbstractJUnitTestDefinitionProcessor.processTestDefinition(AbstractJUnitTestDefinitionProcessor.java:65)
  at org.gradle.api.internal.tasks.testing.SuiteTestDefinitionProcessor.processTestDefinition(SuiteTestDefinitionProcessor.java:54)
  at java.base/jdk.internal.reflect.DirectMethodHandleAccessor.invoke(DirectMethodHandleAccessor.java:104)
  at java.base/java.lang.reflect.Method.invoke(Method.java:565)
  at org.gradle.internal.dispatch.MethodInvocation.invokeOn(MethodInvocation.java:77)
  at org.gradle.internal.dispatch.ReflectionDispatch.dispatch(ReflectionDispatch.java:28)
  at org.gradle.internal.dispatch.ReflectionDispatch.dispatch(ReflectionDispatch.java:19)
  at org.gradle.internal.dispatch.ContextClassLoaderDispatch.dispatch(ContextClassLoaderDispatch.java:33)
  at org.gradle.internal.dispatch.ProxyDispatchAdapter$DispatchingInvocationHandler.invoke(ProxyDispatchAdapter.java:88)
  at jdk.proxy1/jdk.proxy1.$Proxy4.processTestDefinition(Unknown Source)
  at org.gradle.api.internal.tasks.testing.worker.TestWorker$2.run(TestWorker.java:178)
  at org.gradle.api.internal.tasks.testing.worker.TestWorker.executeAndMaintainThreadName(TestWorker.java:126)
  at org.gradle.api.internal.tasks.testing.worker.TestWorker.execute(TestWorker.java:103)
  at org.gradle.api.internal.tasks.testing.worker.TestWorker.execute(TestWorker.java:63)
  at org.gradle.process.internal.worker.child.ActionExecutionWorker.execute(ActionExecutionWorker.java:56)
  at org.gradle.process.internal.worker.child.SystemApplicationClassLoaderWorker.call(SystemApplicationClassLoaderWorker.java:122)
  at org.gradle.process.internal.worker.child.SystemApplicationClassLoaderWorker.call(SystemApplicationClassLoaderWorker.java:72)
  at worker.org.gradle.process.internal.worker.GradleWorkerMain.run(GradleWorkerMain.java:69)
  at worker.org.gradle.process.internal.worker.GradleWorkerMain.main(GradleWorkerMain.java:74)
</stacktrace>
</test-failure>


TypeScriptCompilerTests_C[jvm] > capturedParametersInInitializers1_ts has expected errors matching capturedParametersInInitializers1_errors_txt[jvm] FAILED

<test-failure test="com.xemantic.typescript.compiler.TypeScriptCompilerTests_C.contextualTyping21_ts has expected errors matching contextualTyping21_errors_txt" platform="jvm">
<message>
Expected diagnostics from baseline typescript-repo/tests/baselines/reference/contextualTyping21.errors.txt but none produced
</message>
<stacktrace>
  at com.xemantic.typescript.compiler.TypeScriptTestSupportKt.errorsMatchBaseline(TypeScriptTestSupport.kt:125)
  at com.xemantic.typescript.compiler.TypeScriptCompilerTests_C.contextualTyping21_ts has expected errors matching contextualTyping21_errors_txt(TypeScriptCompilerTests_C.kt:7532)
  at java.base/jdk.internal.reflect.DirectMethodHandleAccessor.invoke(DirectMethodHandleAccessor.java:104)
  at java.base/java.lang.reflect.Method.invoke(Method.java:565)
  at org.junit.runners.model.FrameworkMethod$1.runReflectiveCall(FrameworkMethod.java:59)
  at org.junit.internal.runners.model.ReflectiveCallable.run(ReflectiveCallable.java:12)
  at org.junit.runners.model.FrameworkMethod.invokeExplosively(FrameworkMethod.java:56)
  at org.junit.internal.runners.statements.InvokeMethod.evaluate(InvokeMethod.java:17)
  at org.junit.runners.ParentRunner$3.evaluate(ParentRunner.java:306)
  at org.junit.runners.BlockJUnit4ClassRunner$1.evaluate(BlockJUnit4ClassRunner.java:100)
  at org.junit.runners.ParentRunner.runLeaf(ParentRunner.java:366)
  at org.junit.runners.BlockJUnit4ClassRunner.runChild(BlockJUnit4ClassRunner.java:103)
  at org.junit.runners.BlockJUnit4ClassRunner.runChild(BlockJUnit4ClassRunner.java:63)
  at org.junit.runners.ParentRunner$4.run(ParentRunner.java:331)
  at org.junit.runners.ParentRunner$1.schedule(ParentRunner.java:79)
  at org.junit.runners.ParentRunner.runChildren(ParentRunner.java:329)
  at org.junit.runners.ParentRunner.access$100(ParentRunner.java:66)
  at org.junit.runners.ParentRunner$2.evaluate(ParentRunner.java:293)
  at org.junit.runners.ParentRunner$3.evaluate(ParentRunner.java:306)
  at org.junit.runners.ParentRunner.run(ParentRunner.java:413)
  at org.junit.runner.JUnitCore.run(JUnitCore.java:137)
  at org.junit.runner.JUnitCore.run(JUnitCore.java:115)
  at org.gradle.api.internal.tasks.testing.junit.JUnitTestExecutor.runRequest(JUnitTestExecutor.java:175)
  at org.gradle.api.internal.tasks.testing.junit.JUnitTestExecutor.accept(JUnitTestExecutor.java:84)
  at org.gradle.api.internal.tasks.testing.junit.JUnitTestExecutor.accept(JUnitTestExecutor.java:47)
  at org.gradle.api.internal.tasks.testing.junit.AbstractJUnitTestDefinitionProcessor.processTestDefinition(AbstractJUnitTestDefinitionProcessor.java:65)
  at org.gradle.api.internal.tasks.testing.SuiteTestDefinitionProcessor.processTestDefinition(SuiteTestDefinitionProcessor.java:54)
  at java.base/jdk.internal.reflect.DirectMethodHandleAccessor.invoke(DirectMethodHandleAccessor.java:104)
  at java.base/java.lang.reflect.Method.invoke(Method.java:565)
  at org.gradle.internal.dispatch.MethodInvocation.invokeOn(MethodInvocation.java:77)
  at org.gradle.internal.dispatch.ReflectionDispatch.dispatch(ReflectionDispatch.java:28)
  at org.gradle.internal.dispatch.ReflectionDispatch.dispatch(ReflectionDispatch.java:19)
  at org.gradle.internal.dispatch.ContextClassLoaderDispatch.dispatch(ContextClassLoaderDispatch.java:33)
  at org.gradle.internal.dispatch.ProxyDispatchAdapter$DispatchingInvocationHandler.invoke(ProxyDispatchAdapter.java:88)
  at jdk.proxy1/jdk.proxy1.$Proxy4.processTestDefinition(Unknown Source)
  at org.gradle.api.internal.tasks.testing.worker.TestWorker$2.run(TestWorker.java:178)
  at org.gradle.api.internal.tasks.testing.worker.TestWorker.executeAndMaintainThreadName(TestWorker.java:126)
  at org.gradle.api.internal.tasks.testing.worker.TestWorker.execute(TestWorker.java:103)
  at org.gradle.api.internal.tasks.testing.worker.TestWorker.execute(TestWorker.java:63)
  at org.gradle.process.internal.worker.child.ActionExecutionWorker.execute(ActionExecutionWorker.java:56)
  at org.gradle.process.internal.worker.child.SystemApplicationClassLoaderWorker.call(SystemApplicationClassLoaderWorker.java:122)
  at org.gradle.process.internal.worker.child.SystemApplicationClassLoaderWorker.call(SystemApplicationClassLoaderWorker.java:72)
  at worker.org.gradle.process.internal.worker.GradleWorkerMain.run(GradleWorkerMain.java:69)
  at worker.org.gradle.process.internal.worker.GradleWorkerMain.main(GradleWorkerMain.java:74)
</stacktrace>
</test-failure>


TypeScriptCompilerTests_C[jvm] > contextualTyping21_ts has expected errors matching contextualTyping21_errors_txt[jvm] FAILED

<test-failure test="com.xemantic.typescript.compiler.TypeScriptCompilerTests_C.classExpressionAssignment_ts has expected errors matching classExpressionAssignment_errors_txt" platform="jvm">
<message>
Expected diagnostics from baseline typescript-repo/tests/baselines/reference/classExpressionAssignment.errors.txt but none produced
</message>
<stacktrace>
  at com.xemantic.typescript.compiler.TypeScriptTestSupportKt.errorsMatchBaseline(TypeScriptTestSupport.kt:125)
  at com.xemantic.typescript.compiler.TypeScriptCompilerTests_C.classExpressionAssignment_ts has expected errors matching classExpressionAssignment_errors_txt(TypeScriptCompilerTests_C.kt:1918)
  at java.base/jdk.internal.reflect.DirectMethodHandleAccessor.invoke(DirectMethodHandleAccessor.java:104)
  at java.base/java.lang.reflect.Method.invoke(Method.java:565)
  at org.junit.runners.model.FrameworkMethod$1.runReflectiveCall(FrameworkMethod.java:59)
  at org.junit.internal.runners.model.ReflectiveCallable.run(ReflectiveCallable.java:12)
  at org.junit.runners.model.FrameworkMethod.invokeExplosively(FrameworkMethod.java:56)
  at org.junit.internal.runners.statements.InvokeMethod.evaluate(InvokeMethod.java:17)
  at org.junit.runners.ParentRunner$3.evaluate(ParentRunner.java:306)
  at org.junit.runners.BlockJUnit4ClassRunner$1.evaluate(BlockJUnit4ClassRunner.java:100)
  at org.junit.runners.ParentRunner.runLeaf(ParentRunner.java:366)
  at org.junit.runners.BlockJUnit4ClassRunner.runChild(BlockJUnit4ClassRunner.java:103)
  at org.junit.runners.BlockJUnit4ClassRunner.runChild(BlockJUnit4ClassRunner.java:63)
  at org.junit.runners.ParentRunner$4.run(ParentRunner.java:331)
  at org.junit.runners.ParentRunner$1.schedule(ParentRunner.java:79)
  at org.junit.runners.ParentRunner.runChildren(ParentRunner.java:329)
  at org.junit.runners.ParentRunner.access$100(ParentRunner.java:66)
  at org.junit.runners.ParentRunner$2.evaluate(ParentRunner.java:293)
  at org.junit.runners.ParentRunner$3.evaluate(ParentRunner.java:306)
  at org.junit.runners.ParentRunner.run(ParentRunner.java:413)
  at org.junit.runner.JUnitCore.run(JUnitCore.java:137)
  at org.junit.runner.JUnitCore.run(JUnitCore.java:115)
  at org.gradle.api.internal.tasks.testing.junit.JUnitTestExecutor.runRequest(JUnitTestExecutor.java:175)
  at org.gradle.api.internal.tasks.testing.junit.JUnitTestExecutor.accept(JUnitTestExecutor.java:84)
  at org.gradle.api.internal.tasks.testing.junit.JUnitTestExecutor.accept(JUnitTestExecutor.java:47)
  at org.gradle.api.internal.tasks.testing.junit.AbstractJUnitTestDefinitionProcessor.processTestDefinition(AbstractJUnitTestDefinitionProcessor.java:65)
  at org.gradle.api.internal.tasks.testing.SuiteTestDefinitionProcessor.processTestDefinition(SuiteTestDefinitionProcessor.java:54)
  at java.base/jdk.internal.reflect.DirectMethodHandleAccessor.invoke(DirectMethodHandleAccessor.java:104)
  at java.base/java.lang.reflect.Method.invoke(Method.java:565)
  at org.gradle.internal.dispatch.MethodInvocation.invokeOn(MethodInvocation.java:77)
  at org.gradle.internal.dispatch.ReflectionDispatch.dispatch(ReflectionDispatch.java:28)
  at org.gradle.internal.dispatch.ReflectionDispatch.dispatch(ReflectionDispatch.java:19)
  at org.gradle.internal.dispatch.ContextClassLoaderDispatch.dispatch(ContextClassLoaderDispatch.java:33)
  at org.gradle.internal.dispatch.ProxyDispatchAdapter$DispatchingInvocationHandler.invoke(ProxyDispatchAdapter.java:88)
  at jdk.proxy1/jdk.proxy1.$Proxy4.processTestDefinition(Unknown Source)
  at org.gradle.api.internal.tasks.testing.worker.TestWorker$2.run(TestWorker.java:178)
  at org.gradle.api.internal.tasks.testing.worker.TestWorker.executeAndMaintainThreadName(TestWorker.java:126)
  at org.gradle.api.internal.tasks.testing.worker.TestWorker.execute(TestWorker.java:103)
  at org.gradle.api.internal.tasks.testing.worker.TestWorker.execute(TestWorker.java:63)
  at org.gradle.process.internal.worker.child.ActionExecutionWorker.execute(ActionExecutionWorker.java:56)
  at org.gradle.process.internal.worker.child.SystemApplicationClassLoaderWorker.call(SystemApplicationClassLoaderWorker.java:122)
  at org.gradle.process.internal.worker.child.SystemApplicationClassLoaderWorker.call(SystemApplicationClassLoaderWorker.java:72)
  at worker.org.gradle.process.internal.worker.GradleWorkerMain.run(GradleWorkerMain.java:69)
  at worker.org.gradle.process.internal.worker.GradleWorkerMain.main(GradleWorkerMain.java:74)
</stacktrace>
</test-failure>


TypeScriptCompilerTests_C[jvm] > classExpressionAssignment_ts has expected errors matching classExpressionAssignment_errors_txt[jvm] FAILED

<test-failure test="com.xemantic.typescript.compiler.TypeScriptCompilerTests_C.checkSuperCallBeforeThisAccess_ts has expected errors matching checkSuperCallBeforeThisAccess_errors_txt" platform="jvm">
<message>
--- expected
+++ actual
@@ -1,24 +1,7 @@
 checkSuperCallBeforeThisAccess.ts(7,18): error TS17009: 'super' must be called before accessing 'this' in the constructor of a derived class.
-checkSuperCallBeforeThisAccess.ts(8,18): error TS17009: 'super' must be called before accessing 'this' in the constructor of a derived class.
-checkSuperCallBeforeThisAccess.ts(9,18): error TS17011: 'super' must be called before accessing a property of 'super' in the constructor of a derived class.
-checkSuperCallBeforeThisAccess.ts(9,24): error TS2855: Class field 'x' defined by the parent class is not accessible in the child class via super.
-checkSuperCallBeforeThisAccess.ts(12,30): error TS2855: Class field 'x' defined by the parent class is not accessible in the child class via super.
-checkSuperCallBeforeThisAccess.ts(17,28): error TS2855: Class field 'x' defined by the parent class is not accessible in the child class via super.
-checkSuperCallBeforeThisAccess.ts(20,22): error TS17009: 'super' must be called before accessing 'this' in the constructor of a derived class.
-checkSuperCallBeforeThisAccess.ts(21,22): error TS17009: 'super' must be called before accessing 'this' in the constructor of a derived class.
-checkSuperCallBeforeThisAccess.ts(22,22): error TS17011: 'super' must be called before accessing a property of 'super' in the constructor of a derived class.
-checkSuperCallBeforeThisAccess.ts(22,28): error TS2855: Class field 'x' defined by the parent class is not accessible in the child class via super.
-checkSuperCallBeforeThisAccess.ts(30,30): error TS17009: 'super' must be called before accessing 'this' in the constructor of a derived class.
-checkSuperCallBeforeThisAccess.ts(39,22): error TS17009: 'super' must be called before accessing 'this' in the constructor of a derived class.
-checkSuperCallBeforeThisAccess.ts(43,18): error TS17009: 'super' must be called before accessing 'this' in the constructor of a derived class.
-checkSuperCallBeforeThisAccess.ts(44,18): error TS17009: 'super' must be called before accessing 'this' in the constructor of a derived class.
-checkSuperCallBeforeThisAccess.ts(45,18): error TS17011: 'super' must be called before accessing a property of 'super' in the constructor of a derived class.
-checkSuperCallBeforeThisAccess.ts(45,24): error TS2855: Class field 'x' defined by the parent class is not accessible in the child class via super.
-checkSuperCallBeforeThisAccess.ts(59,27): error TS17009: 'super' must be called before accessing 'this' in the constructor of a derived class.
-checkSuperCallBeforeThisAccess.ts(75,27): error TS17009: 'super' must be called before accessing 'this' in the constructor of a derived class.
 
 
-==== checkSuperCallBeforeThisAccess.ts (18 errors) ====
+==== checkSuperCallBeforeThisAccess.ts (1 errors) ====
     class A {
         x = 1;
     }
@@ -29,38 +12,20 @@
                      ~~~~
 !!! error TS17009: 'super' must be called before accessing 'this' in the constructor of a derived class.
             let a2 = this.x;  // Error
-                     ~~~~
-!!! error TS17009: 'super' must be called before accessing 'this' in the constructor of a derived class.
             let a3 = super.x;  // Error
-                     ~~~~~
-!!! error TS17011: 'super' must be called before accessing a property of 'super' in the constructor of a derived class.
-                           ~
-!!! error TS2855: Class field 'x' defined by the parent class is not accessible in the child class via super.
             let a4 = () => this;
             let a5 = () => this.x;
             let a6 = () => super.x;
-                                 ~
-!!! error TS2855: Class field 'x' defined by the parent class is not accessible in the child class via super.
             if (!!true) {
                 super();
                 let b1 = this;
                 let b2 = this.x;
                 let b3 = super.x;
-                               ~
-!!! error TS2855: Class field 'x' defined by the parent class is not accessible in the child class via super.
             }
             else {
                 let c1 = this;  // Error
-                         ~~~~
-!!! error TS17009: 'super' must be called before accessing 'this' in the constructor of a derived class.
                 let c2 = this.x;  // Error
-                         ~~~~
-!!! error TS17009: 'super' must be called before accessing 'this' in the constructor of a derived class.
                 let c3 = super.x;  // Error
-                         ~~~~~
-!!! error TS17011: 'super' must be called before accessing a property of 'super' in the constructor of a derived class.
-                               ~
-!!! error TS2855: Class field 'x' defined by the parent class is not accessible in the child class via super.
             }
             if (!!true) {
                 switch (n) {
@@ -69,8 +34,6 @@
                         let d1 = this.x;
                     case 2:
                         let d2 = this.x;  // Error
-                                 ~~~~
-!!! error TS17009: 'super' must be called before accessing 'this' in the constructor of a derived class.
                     default:
                         super();
                         let d3 = this.x;
@@ -80,22 +43,12 @@
             if (!!true) {
                 let e1 = { w: !!true ? super() : 0 };
                 let e2 = this.x;  // Error
-                         ~~~~
-!!! error TS17009: 'super' must be called before accessing 'this' in the constructor of a derived class.
                 let e3 = { w: !!true ? super() : super() };
                 let e4 = this.x;
             }
             let f1 = this;  // Error
-                     ~~~~
-!!! error TS17009: 'super' must be called before accessing 'this' in the constructor of a derived class.
             let f2 = this.x;  // Error
-                     ~~~~
-!!! error TS17009: 'super' must be called before accessing 'this' in the constructor of a derived class.
             let f3 = super.x;  // Error
-                     ~~~~~
-!!! error TS17011: 'super' must be called before accessing a property of 'super' in the constructor of a derived class.
-                           ~
-!!! error TS2855: Class field 'x' defined by the parent class is not accessible in the child class via super.
         }
     }
     
@@ -110,8 +63,6 @@
         constructor(something: boolean) {
             if (!something) {
                 const value = this.bar();  // Error
-                              ~~~~
-!!! error TS17009: 'super' must be called before accessing 'this' in the constructor of a derived class.
                 super(value);
             }
             else {
@@ -128,8 +79,6 @@
             }
             else {
                 const value = this.bar();  // Error
-                              ~~~~
-!!! error TS17009: 'super' must be called before accessing 'this' in the constructor of a derived class.
                 super(value);
             }
         }

</message>
<stacktrace>
  at org.junit.Assert.fail(Assert.java:89)
  at kotlin.test.junit.JUnitAsserter.fail(JUnitSupport.kt:56)
  at kotlin.test.AssertionsKt__AssertionsKt.fail(Assertions.kt:563)
  at kotlin.test.AssertionsKt.fail(Unknown Source)
  at com.xemantic.kotlin.test.SameAsKt.sameAs(SameAs.kt:52)
  at com.xemantic.typescript.compiler.TypeScriptTestSupportKt.errorsMatchBaseline(TypeScriptTestSupport.kt:135)
  at com.xemantic.typescript.compiler.TypeScriptCompilerTests_C.checkSuperCallBeforeThisAccess_ts has expected errors matching checkSuperCallBeforeThisAccess_errors_txt(TypeScriptCompilerTests_C.kt:1400)
  at java.base/jdk.internal.reflect.DirectMethodHandleAccessor.invoke(DirectMethodHandleAccessor.java:104)
  at java.base/java.lang.reflect.Method.invoke(Method.java:565)
  at org.junit.runners.model.FrameworkMethod$1.runReflectiveCall(FrameworkMethod.java:59)
  at org.junit.internal.runners.model.ReflectiveCallable.run(ReflectiveCallable.java:12)
  at org.junit.runners.model.FrameworkMethod.invokeExplosively(FrameworkMethod.java:56)
  at org.junit.internal.runners.statements.InvokeMethod.evaluate(InvokeMethod.java:17)
  at org.junit.runners.ParentRunner$3.evaluate(ParentRunner.java:306)
  at org.junit.runners.BlockJUnit4ClassRunner$1.evaluate(BlockJUnit4ClassRunner.java:100)
  at org.junit.runners.ParentRunner.runLeaf(ParentRunner.java:366)
  at org.junit.runners.BlockJUnit4ClassRunner.runChild(BlockJUnit4ClassRunner.java:103)
  at org.junit.runners.BlockJUnit4ClassRunner.runChild(BlockJUnit4ClassRunner.java:63)
  at org.junit.runners.ParentRunner$4.run(ParentRunner.java:331)
  at org.junit.runners.ParentRunner$1.schedule(ParentRunner.java:79)
  at org.junit.runners.ParentRunner.runChildren(ParentRunner.java:329)
  at org.junit.runners.ParentRunner.access$100(ParentRunner.java:66)
  at org.junit.runners.ParentRunner$2.evaluate(ParentRunner.java:293)
  at org.junit.runners.ParentRunner$3.evaluate(ParentRunner.java:306)
  at org.junit.runners.ParentRunner.run(ParentRunner.java:413)
  at org.junit.runner.JUnitCore.run(JUnitCore.java:137)
  at org.junit.runner.JUnitCore.run(JUnitCore.java:115)
  at org.gradle.api.internal.tasks.testing.junit.JUnitTestExecutor.runRequest(JUnitTestExecutor.java:175)
  at org.gradle.api.internal.tasks.testing.junit.JUnitTestExecutor.accept(JUnitTestExecutor.java:84)
  at org.gradle.api.internal.tasks.testing.junit.JUnitTestExecutor.accept(JUnitTestExecutor.java:47)
  at org.gradle.api.internal.tasks.testing.junit.AbstractJUnitTestDefinitionProcessor.processTestDefinition(AbstractJUnitTestDefinitionProcessor.java:65)
  at org.gradle.api.internal.tasks.testing.SuiteTestDefinitionProcessor.processTestDefinition(SuiteTestDefinitionProcessor.java:54)
  at java.base/jdk.internal.reflect.DirectMethodHandleAccessor.invoke(DirectMethodHandleAccessor.java:104)
  at java.base/java.lang.reflect.Method.invoke(Method.java:565)
  at org.gradle.internal.dispatch.MethodInvocation.invokeOn(MethodInvocation.java:77)
  at org.gradle.internal.dispatch.ReflectionDispatch.dispatch(ReflectionDispatch.java:28)
  at org.gradle.internal.dispatch.ReflectionDispatch.dispatch(ReflectionDispatch.java:19)
  at org.gradle.internal.dispatch.ContextClassLoaderDispatch.dispatch(ContextClassLoaderDispatch.java:33)
  at org.gradle.internal.dispatch.ProxyDispatchAdapter$DispatchingInvocationHandler.invoke(ProxyDispatchAdapter.java:88)
  at jdk.proxy1/jdk.proxy1.$Proxy4.processTestDefinition(Unknown Source)
  at org.gradle.api.internal.tasks.testing.worker.TestWorker$2.run(TestWorker.java:178)
  at org.gradle.api.internal.tasks.testing.worker.TestWorker.executeAndMaintainThreadName(TestWorker.java:126)
  at org.gradle.api.internal.tasks.testing.worker.TestWorker.execute(TestWorker.java:103)
  at org.gradle.api.internal.tasks.testing.worker.TestWorker.execute(TestWorker.java:63)
  at org.gradle.process.internal.worker.child.ActionExecutionWorker.execute(ActionExecutionWorker.java:56)
  at org.gradle.process.internal.worker.child.SystemApplicationClassLoaderWorker.call(SystemApplicationClassLoaderWorker.java:122)
  at org.gradle.process.internal.worker.child.SystemApplicationClassLoaderWorker.call(SystemApplicationClassLoaderWorker.java:72)
  at worker.org.gradle.process.internal.worker.GradleWorkerMain.run(GradleWorkerMain.java:69)
  at worker.org.gradle.process.internal.worker.GradleWorkerMain.main(GradleWorkerMain.java:74)
</stacktrace>
</test-failure>


TypeScriptCompilerTests_C[jvm] > checkSuperCallBeforeThisAccess_ts has expected errors matching checkSuperCallBeforeThisAccess_errors_txt[jvm] FAILED

<test-failure test="com.xemantic.typescript.compiler.TypeScriptCompilerTests_C.classImplementsClass2_ts has expected errors matching classImplementsClass2_errors_txt" platform="jvm">
<message>
Expected diagnostics from baseline typescript-repo/tests/baselines/reference/classImplementsClass2.errors.txt but none produced
</message>
<stacktrace>
  at com.xemantic.typescript.compiler.TypeScriptTestSupportKt.errorsMatchBaseline(TypeScriptTestSupport.kt:125)
  at com.xemantic.typescript.compiler.TypeScriptCompilerTests_C.classImplementsClass2_ts has expected errors matching classImplementsClass2_errors_txt(TypeScriptCompilerTests_C.kt:2373)
  at java.base/jdk.internal.reflect.DirectMethodHandleAccessor.invoke(DirectMethodHandleAccessor.java:104)
  at java.base/java.lang.reflect.Method.invoke(Method.java:565)
  at org.junit.runners.model.FrameworkMethod$1.runReflectiveCall(FrameworkMethod.java:59)
  at org.junit.internal.runners.model.ReflectiveCallable.run(ReflectiveCallable.java:12)
  at org.junit.runners.model.FrameworkMethod.invokeExplosively(FrameworkMethod.java:56)
  at org.junit.internal.runners.statements.InvokeMethod.evaluate(InvokeMethod.java:17)
  at org.junit.runners.ParentRunner$3.evaluate(ParentRunner.java:306)
  at org.junit.runners.BlockJUnit4ClassRunner$1.evaluate(BlockJUnit4ClassRunner.java:100)
  at org.junit.runners.ParentRunner.runLeaf(ParentRunner.java:366)
  at org.junit.runners.BlockJUnit4ClassRunner.runChild(BlockJUnit4ClassRunner.java:103)
  at org.junit.runners.BlockJUnit4ClassRunner.runChild(BlockJUnit4ClassRunner.java:63)
  at org.junit.runners.ParentRunner$4.run(ParentRunner.java:331)
  at org.junit.runners.ParentRunner$1.schedule(ParentRunner.java:79)
  at org.junit.runners.ParentRunner.runChildren(ParentRunner.java:329)
  at org.junit.runners.ParentRunner.access$100(ParentRunner.java:66)
  at org.junit.runners.ParentRunner$2.evaluate(ParentRunner.java:293)
  at org.junit.runners.ParentRunner$3.evaluate(ParentRunner.java:306)
  at org.junit.runners.ParentRunner.run(ParentRunner.java:413)
  at org.junit.runner.JUnitCore.run(JUnitCore.java:137)
  at org.junit.runner.JUnitCore.run(JUnitCore.java:115)
  at org.gradle.api.internal.tasks.testing.junit.JUnitTestExecutor.runRequest(JUnitTestExecutor.java:175)
  at org.gradle.api.internal.tasks.testing.junit.JUnitTestExecutor.accept(JUnitTestExecutor.java:84)
  at org.gradle.api.internal.tasks.testing.junit.JUnitTestExecutor.accept(JUnitTestExecutor.java:47)
  at org.gradle.api.internal.tasks.testing.junit.AbstractJUnitTestDefinitionProcessor.processTestDefinition(AbstractJUnitTestDefinitionProcessor.java:65)
  at org.gradle.api.internal.tasks.testing.SuiteTestDefinitionProcessor.processTestDefinition(SuiteTestDefinitionProcessor.java:54)
  at java.base/jdk.internal.reflect.DirectMethodHandleAccessor.invoke(DirectMethodHandleAccessor.java:104)
  at java.base/java.lang.reflect.Method.invoke(Method.java:565)
  at org.gradle.internal.dispatch.MethodInvocation.invokeOn(MethodInvocation.java:77)
  at org.gradle.internal.dispatch.ReflectionDispatch.dispatch(ReflectionDispatch.java:28)
  at org.gradle.internal.dispatch.ReflectionDispatch.dispatch(ReflectionDispatch.java:19)
  at org.gradle.internal.dispatch.ContextClassLoaderDispatch.dispatch(ContextClassLoaderDispatch.java:33)
  at org.gradle.internal.dispatch.ProxyDispatchAdapter$DispatchingInvocationHandler.invoke(ProxyDispatchAdapter.java:88)
  at jdk.proxy1/jdk.proxy1.$Proxy4.processTestDefinition(Unknown Source)
  at org.gradle.api.internal.tasks.testing.worker.TestWorker$2.run(TestWorker.java:178)
  at org.gradle.api.internal.tasks.testing.worker.TestWorker.executeAndMaintainThreadName(TestWorker.java:126)
  at org.gradle.api.internal.tasks.testing.worker.TestWorker.execute(TestWorker.java:103)
  at org.gradle.api.internal.tasks.testing.worker.TestWorker.execute(TestWorker.java:63)
  at org.gradle.process.internal.worker.child.ActionExecutionWorker.execute(ActionExecutionWorker.java:56)
  at org.gradle.process.internal.worker.child.SystemApplicationClassLoaderWorker.call(SystemApplicationClassLoaderWorker.java:122)
  at org.gradle.process.internal.worker.child.SystemApplicationClassLoaderWorker.call(SystemApplicationClassLoaderWorker.java:72)
  at worker.org.gradle.process.internal.worker.GradleWorkerMain.run(GradleWorkerMain.java:69)
  at worker.org.gradle.process.internal.worker.GradleWorkerMain.main(GradleWorkerMain.java:74)
</stacktrace>
</test-failure>


TypeScriptCompilerTests_C[jvm] > classImplementsClass2_ts has expected errors matching classImplementsClass2_errors_txt[jvm] FAILED

<test-failure test="com.xemantic.typescript.compiler.TypeScriptCompilerTests_C.capturedLetConstInLoop5_ts has expected errors matching capturedLetConstInLoop5_errors_txt" platform="jvm">
<message>
Expected diagnostics from baseline typescript-repo/tests/baselines/reference/capturedLetConstInLoop5.errors.txt but none produced
</message>
<stacktrace>
  at com.xemantic.typescript.compiler.TypeScriptTestSupportKt.errorsMatchBaseline(TypeScriptTestSupport.kt:125)
  at com.xemantic.typescript.compiler.TypeScriptCompilerTests_C.capturedLetConstInLoop5_ts has expected errors matching capturedLetConstInLoop5_errors_txt(TypeScriptCompilerTests_C.kt:735)
  at java.base/jdk.internal.reflect.DirectMethodHandleAccessor.invoke(DirectMethodHandleAccessor.java:104)
  at java.base/java.lang.reflect.Method.invoke(Method.java:565)
  at org.junit.runners.model.FrameworkMethod$1.runReflectiveCall(FrameworkMethod.java:59)
  at org.junit.internal.runners.model.ReflectiveCallable.run(ReflectiveCallable.java:12)
  at org.junit.runners.model.FrameworkMethod.invokeExplosively(FrameworkMethod.java:56)
  at org.junit.internal.runners.statements.InvokeMethod.evaluate(InvokeMethod.java:17)
  at org.junit.runners.ParentRunner$3.evaluate(ParentRunner.java:306)
  at org.junit.runners.BlockJUnit4ClassRunner$1.evaluate(BlockJUnit4ClassRunner.java:100)
  at org.junit.runners.ParentRunner.runLeaf(ParentRunner.java:366)
  at org.junit.runners.BlockJUnit4ClassRunner.runChild(BlockJUnit4ClassRunner.java:103)
  at org.junit.runners.BlockJUnit4ClassRunner.runChild(BlockJUnit4ClassRunner.java:63)
  at org.junit.runners.ParentRunner$4.run(ParentRunner.java:331)
  at org.junit.runners.ParentRunner$1.schedule(ParentRunner.java:79)
  at org.junit.runners.ParentRunner.runChildren(ParentRunner.java:329)
  at org.junit.runners.ParentRunner.access$100(ParentRunner.java:66)
  at org.junit.runners.ParentRunner$2.evaluate(ParentRunner.java:293)
  at org.junit.runners.ParentRunner$3.evaluate(ParentRunner.java:306)
  at org.junit.runners.ParentRunner.run(ParentRunner.java:413)
  at org.junit.runner.JUnitCore.run(JUnitCore.java:137)
  at org.junit.runner.JUnitCore.run(JUnitCore.java:115)
  at org.gradle.api.internal.tasks.testing.junit.JUnitTestExecutor.runRequest(JUnitTestExecutor.java:175)
  at org.gradle.api.internal.tasks.testing.junit.JUnitTestExecutor.accept(JUnitTestExecutor.java:84)
  at org.gradle.api.internal.tasks.testing.junit.JUnitTestExecutor.accept(JUnitTestExecutor.java:47)
  at org.gradle.api.internal.tasks.testing.junit.AbstractJUnitTestDefinitionProcessor.processTestDefinition(AbstractJUnitTestDefinitionProcessor.java:65)
  at org.gradle.api.internal.tasks.testing.SuiteTestDefinitionProcessor.processTestDefinition(SuiteTestDefinitionProcessor.java:54)
  at java.base/jdk.internal.reflect.DirectMethodHandleAccessor.invoke(DirectMethodHandleAccessor.java:104)
  at java.base/java.lang.reflect.Method.invoke(Method.java:565)
  at org.gradle.internal.dispatch.MethodInvocation.invokeOn(MethodInvocation.java:77)
  at org.gradle.internal.dispatch.ReflectionDispatch.dispatch(ReflectionDispatch.java:28)
  at org.gradle.internal.dispatch.ReflectionDispatch.dispatch(ReflectionDispatch.java:19)
  at org.gradle.internal.dispatch.ContextClassLoaderDispatch.dispatch(ContextClassLoaderDispatch.java:33)
  at org.gradle.internal.dispatch.ProxyDispatchAdapter$DispatchingInvocationHandler.invoke(ProxyDispatchAdapter.java:88)
  at jdk.proxy1/jdk.proxy1.$Proxy4.processTestDefinition(Unknown Source)
  at org.gradle.api.internal.tasks.testing.worker.TestWorker$2.run(TestWorker.java:178)
  at org.gradle.api.internal.tasks.testing.worker.TestWorker.executeAndMaintainThreadName(TestWorker.java:126)
  at org.gradle.api.internal.tasks.testing.worker.TestWorker.execute(TestWorker.java:103)
  at org.gradle.api.internal.tasks.testing.worker.TestWorker.execute(TestWorker.java:63)
  at org.gradle.process.internal.worker.child.ActionExecutionWorker.execute(ActionExecutionWorker.java:56)
  at org.gradle.process.internal.worker.child.SystemApplicationClassLoaderWorker.call(SystemApplicationClassLoaderWorker.java:122)
  at org.gradle.process.internal.worker.child.SystemApplicationClassLoaderWorker.call(SystemApplicationClassLoaderWorker.java:72)
  at worker.org.gradle.process.internal.worker.GradleWorkerMain.run(GradleWorkerMain.java:69)
  at worker.org.gradle.process.internal.worker.GradleWorkerMain.main(GradleWorkerMain.java:74)
</stacktrace>
</test-failure>


TypeScriptCompilerTests_C[jvm] > capturedLetConstInLoop5_ts has expected errors matching capturedLetConstInLoop5_errors_txt[jvm] FAILED

<test-failure test="com.xemantic.typescript.compiler.TypeScriptCompilerTests_C.contextualTyping20_ts has expected errors matching contextualTyping20_errors_txt" platform="jvm">
<message>
Expected diagnostics from baseline typescript-repo/tests/baselines/reference/contextualTyping20.errors.txt but none produced
</message>
<stacktrace>
  at com.xemantic.typescript.compiler.TypeScriptTestSupportKt.errorsMatchBaseline(TypeScriptTestSupport.kt:125)
  at com.xemantic.typescript.compiler.TypeScriptCompilerTests_C.contextualTyping20_ts has expected errors matching contextualTyping20_errors_txt(TypeScriptCompilerTests_C.kt:7518)
  at java.base/jdk.internal.reflect.DirectMethodHandleAccessor.invoke(DirectMethodHandleAccessor.java:104)
  at java.base/java.lang.reflect.Method.invoke(Method.java:565)
  at org.junit.runners.model.FrameworkMethod$1.runReflectiveCall(FrameworkMethod.java:59)
  at org.junit.internal.runners.model.ReflectiveCallable.run(ReflectiveCallable.java:12)
  at org.junit.runners.model.FrameworkMethod.invokeExplosively(FrameworkMethod.java:56)
  at org.junit.internal.runners.statements.InvokeMethod.evaluate(InvokeMethod.java:17)
  at org.junit.runners.ParentRunner$3.evaluate(ParentRunner.java:306)
  at org.junit.runners.BlockJUnit4ClassRunner$1.evaluate(BlockJUnit4ClassRunner.java:100)
  at org.junit.runners.ParentRunner.runLeaf(ParentRunner.java:366)
  at org.junit.runners.BlockJUnit4ClassRunner.runChild(BlockJUnit4ClassRunner.java:103)
  at org.junit.runners.BlockJUnit4ClassRunner.runChild(BlockJUnit4ClassRunner.java:63)
  at org.junit.runners.ParentRunner$4.run(ParentRunner.java:331)
  at org.junit.runners.ParentRunner$1.schedule(ParentRunner.java:79)
  at org.junit.runners.ParentRunner.runChildren(ParentRunner.java:329)
  at org.junit.runners.ParentRunner.access$100(ParentRunner.java:66)
  at org.junit.runners.ParentRunner$2.evaluate(ParentRunner.java:293)
  at org.junit.runners.ParentRunner$3.evaluate(ParentRunner.java:306)
  at org.junit.runners.ParentRunner.run(ParentRunner.java:413)
  at org.junit.runner.JUnitCore.run(JUnitCore.java:137)
  at org.junit.runner.JUnitCore.run(JUnitCore.java:115)
  at org.gradle.api.internal.tasks.testing.junit.JUnitTestExecutor.runRequest(JUnitTestExecutor.java:175)
  at org.gradle.api.internal.tasks.testing.junit.JUnitTestExecutor.accept(JUnitTestExecutor.java:84)
  at org.gradle.api.internal.tasks.testing.junit.JUnitTestExecutor.accept(JUnitTestExecutor.java:47)
  at org.gradle.api.internal.tasks.testing.junit.AbstractJUnitTestDefinitionProcessor.processTestDefinition(AbstractJUnitTestDefinitionProcessor.java:65)
  at org.gradle.api.internal.tasks.testing.SuiteTestDefinitionProcessor.processTestDefinition(SuiteTestDefinitionProcessor.java:54)
  at java.base/jdk.internal.reflect.DirectMethodHandleAccessor.invoke(DirectMethodHandleAccessor.java:104)
  at java.base/java.lang.reflect.Method.invoke(Method.java:565)
  at org.gradle.internal.dispatch.MethodInvocation.invokeOn(MethodInvocation.java:77)
  at org.gradle.internal.dispatch.ReflectionDispatch.dispatch(ReflectionDispatch.java:28)
  at org.gradle.internal.dispatch.ReflectionDispatch.dispatch(ReflectionDispatch.java:19)
  at org.gradle.internal.dispatch.ContextClassLoaderDispatch.dispatch(ContextClassLoaderDispatch.java:33)
  at org.gradle.internal.dispatch.ProxyDispatchAdapter$DispatchingInvocationHandler.invoke(ProxyDispatchAdapter.java:88)
  at jdk.proxy1/jdk.proxy1.$Proxy4.processTestDefinition(Unknown Source)
  at org.gradle.api.internal.tasks.testing.worker.TestWorker$2.run(TestWorker.java:178)
  at org.gradle.api.internal.tasks.testing.worker.TestWorker.executeAndMaintainThreadName(TestWorker.java:126)
  at org.gradle.api.internal.tasks.testing.worker.TestWorker.execute(TestWorker.java:103)
  at org.gradle.api.internal.tasks.testing.worker.TestWorker.execute(TestWorker.java:63)
  at org.gradle.process.internal.worker.child.ActionExecutionWorker.execute(ActionExecutionWorker.java:56)
  at org.gradle.process.internal.worker.child.SystemApplicationClassLoaderWorker.call(SystemApplicationClassLoaderWorker.java:122)
  at org.gradle.process.internal.worker.child.SystemApplicationClassLoaderWorker.call(SystemApplicationClassLoaderWorker.java:72)
  at worker.org.gradle.process.internal.worker.GradleWorkerMain.run(GradleWorkerMain.java:69)
  at worker.org.gradle.process.internal.worker.GradleWorkerMain.main(GradleWorkerMain.java:74)
</stacktrace>
</test-failure>


TypeScriptCompilerTests_C[jvm] > contextualTyping20_ts has expected errors matching contextualTyping20_errors_txt[jvm] FAILED

<test-failure test="com.xemantic.typescript.compiler.TypeScriptCompilerTests_C.circularlyReferentialInterfaceAccessNoCrash_ts has expected errors matching circularlyReferentialInterfaceAccessNoCrash_errors_txt" platform="jvm">
<message>
Expected diagnostics from baseline typescript-repo/tests/baselines/reference/circularlyReferentialInterfaceAccessNoCrash.errors.txt but none produced
</message>
<stacktrace>
  at com.xemantic.typescript.compiler.TypeScriptTestSupportKt.errorsMatchBaseline(TypeScriptTestSupport.kt:125)
  at com.xemantic.typescript.compiler.TypeScriptCompilerTests_C.circularlyReferentialInterfaceAccessNoCrash_ts has expected errors matching circularlyReferentialInterfaceAccessNoCrash_errors_txt(TypeScriptCompilerTests_C.kt:1792)
  at java.base/jdk.internal.reflect.DirectMethodHandleAccessor.invoke(DirectMethodHandleAccessor.java:104)
  at java.base/java.lang.reflect.Method.invoke(Method.java:565)
  at org.junit.runners.model.FrameworkMethod$1.runReflectiveCall(FrameworkMethod.java:59)
  at org.junit.internal.runners.model.ReflectiveCallable.run(ReflectiveCallable.java:12)
  at org.junit.runners.model.FrameworkMethod.invokeExplosively(FrameworkMethod.java:56)
  at org.junit.internal.runners.statements.InvokeMethod.evaluate(InvokeMethod.java:17)
  at org.junit.runners.ParentRunner$3.evaluate(ParentRunner.java:306)
  at org.junit.runners.BlockJUnit4ClassRunner$1.evaluate(BlockJUnit4ClassRunner.java:100)
  at org.junit.runners.ParentRunner.runLeaf(ParentRunner.java:366)
  at org.junit.runners.BlockJUnit4ClassRunner.runChild(BlockJUnit4ClassRunner.java:103)
  at org.junit.runners.BlockJUnit4ClassRunner.runChild(BlockJUnit4ClassRunner.java:63)
  at org.junit.runners.ParentRunner$4.run(ParentRunner.java:331)
  at org.junit.runners.ParentRunner$1.schedule(ParentRunner.java:79)
  at org.junit.runners.ParentRunner.runChildren(ParentRunner.java:329)
  at org.junit.runners.ParentRunner.access$100(ParentRunner.java:66)
  at org.junit.runners.ParentRunner$2.evaluate(ParentRunner.java:293)
  at org.junit.runners.ParentRunner$3.evaluate(ParentRunner.java:306)
  at org.junit.runners.ParentRunner.run(ParentRunner.java:413)
  at org.junit.runner.JUnitCore.run(JUnitCore.java:137)
  at org.junit.runner.JUnitCore.run(JUnitCore.java:115)
  at org.gradle.api.internal.tasks.testing.junit.JUnitTestExecutor.runRequest(JUnitTestExecutor.java:175)
  at org.gradle.api.internal.tasks.testing.junit.JUnitTestExecutor.accept(JUnitTestExecutor.java:84)
  at org.gradle.api.internal.tasks.testing.junit.JUnitTestExecutor.accept(JUnitTestExecutor.java:47)
  at org.gradle.api.internal.tasks.testing.junit.AbstractJUnitTestDefinitionProcessor.processTestDefinition(AbstractJUnitTestDefinitionProcessor.java:65)
  at org.gradle.api.internal.tasks.testing.SuiteTestDefinitionProcessor.processTestDefinition(SuiteTestDefinitionProcessor.java:54)
  at java.base/jdk.internal.reflect.DirectMethodHandleAccessor.invoke(DirectMethodHandleAccessor.java:104)
  at java.base/java.lang.reflect.Method.invoke(Method.java:565)
  at org.gradle.internal.dispatch.MethodInvocation.invokeOn(MethodInvocation.java:77)
  at org.gradle.internal.dispatch.ReflectionDispatch.dispatch(ReflectionDispatch.java:28)
  at org.gradle.internal.dispatch.ReflectionDispatch.dispatch(ReflectionDispatch.java:19)
  at org.gradle.internal.dispatch.ContextClassLoaderDispatch.dispatch(ContextClassLoaderDispatch.java:33)
  at org.gradle.internal.dispatch.ProxyDispatchAdapter$DispatchingInvocationHandler.invoke(ProxyDispatchAdapter.java:88)
  at jdk.proxy1/jdk.proxy1.$Proxy4.processTestDefinition(Unknown Source)
  at org.gradle.api.internal.tasks.testing.worker.TestWorker$2.run(TestWorker.java:178)
  at org.gradle.api.internal.tasks.testing.worker.TestWorker.executeAndMaintainThreadName(TestWorker.java:126)
  at org.gradle.api.internal.tasks.testing.worker.TestWorker.execute(TestWorker.java:103)
  at org.gradle.api.internal.tasks.testing.worker.TestWorker.execute(TestWorker.java:63)
  at org.gradle.process.internal.worker.child.ActionExecutionWorker.execute(ActionExecutionWorker.java:56)
  at org.gradle.process.internal.worker.child.SystemApplicationClassLoaderWorker.call(SystemApplicationClassLoaderWorker.java:122)
  at org.gradle.process.internal.worker.child.SystemApplicationClassLoaderWorker.call(SystemApplicationClassLoaderWorker.java:72)
  at worker.org.gradle.process.internal.worker.GradleWorkerMain.run(GradleWorkerMain.java:69)
  at worker.org.gradle.process.internal.worker.GradleWorkerMain.main(GradleWorkerMain.java:74)
</stacktrace>
</test-failure>


TypeScriptCompilerTests_C[jvm] > circularlyReferentialInterfaceAccessNoCrash_ts has expected errors matching circularlyReferentialInterfaceAccessNoCrash_errors_txt[jvm] FAILED

<test-failure test="com.xemantic.typescript.compiler.TypeScriptCompilerTests_C.contextualTypingOfConditionalExpression2_ts has expected errors matching contextualTypingOfConditionalExpression2_errors_txt" platform="jvm">
<message>
Expected diagnostics from baseline typescript-repo/tests/baselines/reference/contextualTypingOfConditionalExpression2.errors.txt but none produced
</message>
<stacktrace>
  at com.xemantic.typescript.compiler.TypeScriptTestSupportKt.errorsMatchBaseline(TypeScriptTestSupport.kt:125)
  at com.xemantic.typescript.compiler.TypeScriptCompilerTests_C.contextualTypingOfConditionalExpression2_ts has expected errors matching contextualTypingOfConditionalExpression2_errors_txt(TypeScriptCompilerTests_C.kt:7861)
  at java.base/jdk.internal.reflect.DirectMethodHandleAccessor.invoke(DirectMethodHandleAccessor.java:104)
  at java.base/java.lang.reflect.Method.invoke(Method.java:565)
  at org.junit.runners.model.FrameworkMethod$1.runReflectiveCall(FrameworkMethod.java:59)
  at org.junit.internal.runners.model.ReflectiveCallable.run(ReflectiveCallable.java:12)
  at org.junit.runners.model.FrameworkMethod.invokeExplosively(FrameworkMethod.java:56)
  at org.junit.internal.runners.statements.InvokeMethod.evaluate(InvokeMethod.java:17)
  at org.junit.runners.ParentRunner$3.evaluate(ParentRunner.java:306)
  at org.junit.runners.BlockJUnit4ClassRunner$1.evaluate(BlockJUnit4ClassRunner.java:100)
  at org.junit.runners.ParentRunner.runLeaf(ParentRunner.java:366)
  at org.junit.runners.BlockJUnit4ClassRunner.runChild(BlockJUnit4ClassRunner.java:103)
  at org.junit.runners.BlockJUnit4ClassRunner.runChild(BlockJUnit4ClassRunner.java:63)
  at org.junit.runners.ParentRunner$4.run(ParentRunner.java:331)
  at org.junit.runners.ParentRunner$1.schedule(ParentRunner.java:79)
  at org.junit.runners.ParentRunner.runChildren(ParentRunner.java:329)
  at org.junit.runners.ParentRunner.access$100(ParentRunner.java:66)
  at org.junit.runners.ParentRunner$2.evaluate(ParentRunner.java:293)
  at org.junit.runners.ParentRunner$3.evaluate(ParentRunner.java:306)
  at org.junit.runners.ParentRunner.run(ParentRunner.java:413)
  at org.junit.runner.JUnitCore.run(JUnitCore.java:137)
  at org.junit.runner.JUnitCore.run(JUnitCore.java:115)
  at org.gradle.api.internal.tasks.testing.junit.JUnitTestExecutor.runRequest(JUnitTestExecutor.java:175)
  at org.gradle.api.internal.tasks.testing.junit.JUnitTestExecutor.accept(JUnitTestExecutor.java:84)
  at org.gradle.api.internal.tasks.testing.junit.JUnitTestExecutor.accept(JUnitTestExecutor.java:47)
  at org.gradle.api.internal.tasks.testing.junit.AbstractJUnitTestDefinitionProcessor.processTestDefinition(AbstractJUnitTestDefinitionProcessor.java:65)
  at org.gradle.api.internal.tasks.testing.SuiteTestDefinitionProcessor.processTestDefinition(SuiteTestDefinitionProcessor.java:54)
  at java.base/jdk.internal.reflect.DirectMethodHandleAccessor.invoke(DirectMethodHandleAccessor.java:104)
  at java.base/java.lang.reflect.Method.invoke(Method.java:565)
  at org.gradle.internal.dispatch.MethodInvocation.invokeOn(MethodInvocation.java:77)
  at org.gradle.internal.dispatch.ReflectionDispatch.dispatch(ReflectionDispatch.java:28)
  at org.gradle.internal.dispatch.ReflectionDispatch.dispatch(ReflectionDispatch.java:19)
  at org.gradle.internal.dispatch.ContextClassLoaderDispatch.dispatch(ContextClassLoaderDispatch.java:33)
  at org.gradle.internal.dispatch.ProxyDispatchAdapter$DispatchingInvocationHandler.invoke(ProxyDispatchAdapter.java:88)
  at jdk.proxy1/jdk.proxy1.$Proxy4.processTestDefinition(Unknown Source)
  at org.gradle.api.internal.tasks.testing.worker.TestWorker$2.run(TestWorker.java:178)
  at org.gradle.api.internal.tasks.testing.worker.TestWorker.executeAndMaintainThreadName(TestWorker.java:126)
  at org.gradle.api.internal.tasks.testing.worker.TestWorker.execute(TestWorker.java:103)
  at org.gradle.api.internal.tasks.testing.worker.TestWorker.execute(TestWorker.java:63)
  at org.gradle.process.internal.worker.child.ActionExecutionWorker.execute(ActionExecutionWorker.java:56)
  at org.gradle.process.internal.worker.child.SystemApplicationClassLoaderWorker.call(SystemApplicationClassLoaderWorker.java:122)
  at org.gradle.process.internal.worker.child.SystemApplicationClassLoaderWorker.call(SystemApplicationClassLoaderWorker.java:72)
  at worker.org.gradle.process.internal.worker.GradleWorkerMain.run(GradleWorkerMain.java:69)
  at worker.org.gradle.process.internal.worker.GradleWorkerMain.main(GradleWorkerMain.java:74)
</stacktrace>
</test-failure>


TypeScriptCompilerTests_C[jvm] > contextualTypingOfConditionalExpression2_ts has expected errors matching contextualTypingOfConditionalExpression2_errors_txt[jvm] FAILED

<test-failure test="com.xemantic.typescript.compiler.TypeScriptCompilerTests_C.classExtendsClauseClassMergedWithModuleNotReferingConstructor_ts has expected errors matching classExtendsClauseClassMergedWithModuleNotReferingConstructor_errors_txt" platform="jvm">
<message>
--- expected
+++ actual
@@ -1,9 +1,8 @@
 classExtendsClauseClassMergedWithModuleNotReferingConstructor.ts(2,5): error TS2564: Property 'a' has no initializer and is not definitely assigned in the constructor.
-classExtendsClauseClassMergedWithModuleNotReferingConstructor.ts(10,21): error TS2507: Type 'number' is not a constructor function type.
 classExtendsClauseClassMergedWithModuleNotReferingConstructor.ts(11,9): error TS2564: Property 'b' has no initializer and is not definitely assigned in the constructor.
 
 
-==== classExtendsClauseClassMergedWithModuleNotReferingConstructor.ts (3 errors) ====
+==== classExtendsClauseClassMergedWithModuleNotReferingConstructor.ts (2 errors) ====
     class A {
         a: number;
         ~
@@ -16,8 +15,6 @@
     namespace Foo {
         var A = 1;
         class B extends A {
-                        ~
-!!! error TS2507: Type 'number' is not a constructor function type.
             b: string;
             ~
 !!! error TS2564: Property 'b' has no initializer and is not definitely assigned in the constructor.

</message>
<stacktrace>
  at org.junit.Assert.fail(Assert.java:89)
  at kotlin.test.junit.JUnitAsserter.fail(JUnitSupport.kt:56)
  at kotlin.test.AssertionsKt__AssertionsKt.fail(Assertions.kt:563)
  at kotlin.test.AssertionsKt.fail(Unknown Source)
  at com.xemantic.kotlin.test.SameAsKt.sameAs(SameAs.kt:52)
  at com.xemantic.typescript.compiler.TypeScriptTestSupportKt.errorsMatchBaseline(TypeScriptTestSupport.kt:135)
  at com.xemantic.typescript.compiler.TypeScriptCompilerTests_C.classExtendsClauseClassMergedWithModuleNotReferingConstructor_ts has expected errors matching classExtendsClauseClassMergedWithModuleNotReferingConstructor_errors_txt(TypeScriptCompilerTests_C.kt:2135)
  at java.base/jdk.internal.reflect.DirectMethodHandleAccessor.invoke(DirectMethodHandleAccessor.java:104)
  at java.base/java.lang.reflect.Method.invoke(Method.java:565)
  at org.junit.runners.model.FrameworkMethod$1.runReflectiveCall(FrameworkMethod.java:59)
  at org.junit.internal.runners.model.ReflectiveCallable.run(ReflectiveCallable.java:12)
  at org.junit.runners.model.FrameworkMethod.invokeExplosively(FrameworkMethod.java:56)
  at org.junit.internal.runners.statements.InvokeMethod.evaluate(InvokeMethod.java:17)
  at org.junit.runners.ParentRunner$3.evaluate(ParentRunner.java:306)
  at org.junit.runners.BlockJUnit4ClassRunner$1.evaluate(BlockJUnit4ClassRunner.java:100)
  at org.junit.runners.ParentRunner.runLeaf(ParentRunner.java:366)
  at org.junit.runners.BlockJUnit4ClassRunner.runChild(BlockJUnit4ClassRunner.java:103)
  at org.junit.runners.BlockJUnit4ClassRunner.runChild(BlockJUnit4ClassRunner.java:63)
  at org.junit.runners.ParentRunner$4.run(ParentRunner.java:331)
  at org.junit.runners.ParentRunner$1.schedule(ParentRunner.java:79)
  at org.junit.runners.ParentRunner.runChildren(ParentRunner.java:329)
  at org.junit.runners.ParentRunner.access$100(ParentRunner.java:66)
  at org.junit.runners.ParentRunner$2.evaluate(ParentRunner.java:293)
  at org.junit.runners.ParentRunner$3.evaluate(ParentRunner.java:306)
  at org.junit.runners.ParentRunner.run(ParentRunner.java:413)
  at org.junit.runner.JUnitCore.run(JUnitCore.java:137)
  at org.junit.runner.JUnitCore.run(JUnitCore.java:115)
  at org.gradle.api.internal.tasks.testing.junit.JUnitTestExecutor.runRequest(JUnitTestExecutor.java:175)
  at org.gradle.api.internal.tasks.testing.junit.JUnitTestExecutor.accept(JUnitTestExecutor.java:84)
  at org.gradle.api.internal.tasks.testing.junit.JUnitTestExecutor.accept(JUnitTestExecutor.java:47)
  at org.gradle.api.internal.tasks.testing.junit.AbstractJUnitTestDefinitionProcessor.processTestDefinition(AbstractJUnitTestDefinitionProcessor.java:65)
  at org.gradle.api.internal.tasks.testing.SuiteTestDefinitionProcessor.processTestDefinition(SuiteTestDefinitionProcessor.java:54)
  at java.base/jdk.internal.reflect.DirectMethodHandleAccessor.invoke(DirectMethodHandleAccessor.java:104)
  at java.base/java.lang.reflect.Method.invoke(Method.java:565)
  at org.gradle.internal.dispatch.MethodInvocation.invokeOn(MethodInvocation.java:77)
  at org.gradle.internal.dispatch.ReflectionDispatch.dispatch(ReflectionDispatch.java:28)
  at org.gradle.internal.dispatch.ReflectionDispatch.dispatch(ReflectionDispatch.java:19)
  at org.gradle.internal.dispatch.ContextClassLoaderDispatch.dispatch(ContextClassLoaderDispatch.java:33)
  at org.gradle.internal.dispatch.ProxyDispatchAdapter$DispatchingInvocationHandler.invoke(ProxyDispatchAdapter.java:88)
  at jdk.proxy1/jdk.proxy1.$Proxy4.processTestDefinition(Unknown Source)
  at org.gradle.api.internal.tasks.testing.worker.TestWorker$2.run(TestWorker.java:178)
  at org.gradle.api.internal.tasks.testing.worker.TestWorker.executeAndMaintainThreadName(TestWorker.java:126)
  at org.gradle.api.internal.tasks.testing.worker.TestWorker.execute(TestWorker.java:103)
  at org.gradle.api.internal.tasks.testing.worker.TestWorker.execute(TestWorker.java:63)
  at org.gradle.process.internal.worker.child.ActionExecutionWorker.execute(ActionExecutionWorker.java:56)
  at org.gradle.process.internal.worker.child.SystemApplicationClassLoaderWorker.call(SystemApplicationClassLoaderWorker.java:122)
  at org.gradle.process.internal.worker.child.SystemApplicationClassLoaderWorker.call(SystemApplicationClassLoaderWorker.java:72)
  at worker.org.gradle.process.internal.worker.GradleWorkerMain.run(GradleWorkerMain.java:69)
  at worker.org.gradle.process.internal.worker.GradleWorkerMain.main(GradleWorkerMain.java:74)
</stacktrace>
</test-failure>


TypeScriptCompilerTests_C[jvm] > classExtendsClauseClassMergedWithModuleNotReferingConstructor_ts has expected errors matching classExtendsClauseClassMergedWithModuleNotReferingConstructor_errors_txt[jvm] FAILED

<test-failure test="com.xemantic.typescript.compiler.TypeScriptCompilerTests_C.constructorReturnsInvalidType_ts has expected errors matching constructorReturnsInvalidType_errors_txt" platform="jvm">
<message>
Expected diagnostics from baseline typescript-repo/tests/baselines/reference/constructorReturnsInvalidType.errors.txt but none produced
</message>
<stacktrace>
  at com.xemantic.typescript.compiler.TypeScriptTestSupportKt.errorsMatchBaseline(TypeScriptTestSupport.kt:125)
  at com.xemantic.typescript.compiler.TypeScriptCompilerTests_C.constructorReturnsInvalidType_ts has expected errors matching constructorReturnsInvalidType_errors_txt(TypeScriptCompilerTests_C.kt:6972)
  at java.base/jdk.internal.reflect.DirectMethodHandleAccessor.invoke(DirectMethodHandleAccessor.java:104)
  at java.base/java.lang.reflect.Method.invoke(Method.java:565)
  at org.junit.runners.model.FrameworkMethod$1.runReflectiveCall(FrameworkMethod.java:59)
  at org.junit.internal.runners.model.ReflectiveCallable.run(ReflectiveCallable.java:12)
  at org.junit.runners.model.FrameworkMethod.invokeExplosively(FrameworkMethod.java:56)
  at org.junit.internal.runners.statements.InvokeMethod.evaluate(InvokeMethod.java:17)
  at org.junit.runners.ParentRunner$3.evaluate(ParentRunner.java:306)
  at org.junit.runners.BlockJUnit4ClassRunner$1.evaluate(BlockJUnit4ClassRunner.java:100)
  at org.junit.runners.ParentRunner.runLeaf(ParentRunner.java:366)
  at org.junit.runners.BlockJUnit4ClassRunner.runChild(BlockJUnit4ClassRunner.java:103)
  at org.junit.runners.BlockJUnit4ClassRunner.runChild(BlockJUnit4ClassRunner.java:63)
  at org.junit.runners.ParentRunner$4.run(ParentRunner.java:331)
  at org.junit.runners.ParentRunner$1.schedule(ParentRunner.java:79)
  at org.junit.runners.ParentRunner.runChildren(ParentRunner.java:329)
  at org.junit.runners.ParentRunner.access$100(ParentRunner.java:66)
  at org.junit.runners.ParentRunner$2.evaluate(ParentRunner.java:293)
  at org.junit.runners.ParentRunner$3.evaluate(ParentRunner.java:306)
  at org.junit.runners.ParentRunner.run(ParentRunner.java:413)
  at org.junit.runner.JUnitCore.run(JUnitCore.java:137)
  at org.junit.runner.JUnitCore.run(JUnitCore.java:115)
  at org.gradle.api.internal.tasks.testing.junit.JUnitTestExecutor.runRequest(JUnitTestExecutor.java:175)
  at org.gradle.api.internal.tasks.testing.junit.JUnitTestExecutor.accept(JUnitTestExecutor.java:84)
  at org.gradle.api.internal.tasks.testing.junit.JUnitTestExecutor.accept(JUnitTestExecutor.java:47)
  at org.gradle.api.internal.tasks.testing.junit.AbstractJUnitTestDefinitionProcessor.processTestDefinition(AbstractJUnitTestDefinitionProcessor.java:65)
  at org.gradle.api.internal.tasks.testing.SuiteTestDefinitionProcessor.processTestDefinition(SuiteTestDefinitionProcessor.java:54)
  at java.base/jdk.internal.reflect.DirectMethodHandleAccessor.invoke(DirectMethodHandleAccessor.java:104)
  at java.base/java.lang.reflect.Method.invoke(Method.java:565)
  at org.gradle.internal.dispatch.MethodInvocation.invokeOn(MethodInvocation.java:77)
  at org.gradle.internal.dispatch.ReflectionDispatch.dispatch(ReflectionDispatch.java:28)
  at org.gradle.internal.dispatch.ReflectionDispatch.dispatch(ReflectionDispatch.java:19)
  at org.gradle.internal.dispatch.ContextClassLoaderDispatch.dispatch(ContextClassLoaderDispatch.java:33)
  at org.gradle.internal.dispatch.ProxyDispatchAdapter$DispatchingInvocationHandler.invoke(ProxyDispatchAdapter.java:88)
  at jdk.proxy1/jdk.proxy1.$Proxy4.processTestDefinition(Unknown Source)
  at org.gradle.api.internal.tasks.testing.worker.TestWorker$2.run(TestWorker.java:178)
  at org.gradle.api.internal.tasks.testing.worker.TestWorker.executeAndMaintainThreadName(TestWorker.java:126)
  at org.gradle.api.internal.tasks.testing.worker.TestWorker.execute(TestWorker.java:103)
  at org.gradle.api.internal.tasks.testing.worker.TestWorker.execute(TestWorker.java:63)
  at org.gradle.process.internal.worker.child.ActionExecutionWorker.execute(ActionExecutionWorker.java:56)
  at org.gradle.process.internal.worker.child.SystemApplicationClassLoaderWorker.call(SystemApplicationClassLoaderWorker.java:122)
  at org.gradle.process.internal.worker.child.SystemApplicationClassLoaderWorker.call(SystemApplicationClassLoaderWorker.java:72)
  at worker.org.gradle.process.internal.worker.GradleWorkerMain.run(GradleWorkerMain.java:69)
  at worker.org.gradle.process.internal.worker.GradleWorkerMain.main(GradleWorkerMain.java:74)
</stacktrace>
</test-failure>


TypeScriptCompilerTests_C[jvm] > constructorReturnsInvalidType_ts has expected errors matching constructorReturnsInvalidType_errors_txt[jvm] FAILED

<test-failure test="com.xemantic.typescript.compiler.TypeScriptCompilerTests_C.classExtendsClauseClassNotReferringConstructor_ts has expected errors matching classExtendsClauseClassNotReferringConstructor_errors_txt" platform="jvm">
<message>
--- expected
+++ actual
@@ -1,17 +1,14 @@
 classExtendsClauseClassNotReferringConstructor.ts(1,11): error TS2564: Property 'a' has no initializer and is not definitely assigned in the constructor.
-classExtendsClauseClassNotReferringConstructor.ts(4,21): error TS2507: Type 'number' is not a constructor function type.
 classExtendsClauseClassNotReferringConstructor.ts(4,25): error TS2564: Property 'b' has no initializer and is not definitely assigned in the constructor.
 
 
-==== classExtendsClauseClassNotReferringConstructor.ts (3 errors) ====
+==== classExtendsClauseClassNotReferringConstructor.ts (2 errors) ====
     class A { a: number; }
               ~
 !!! error TS2564: Property 'a' has no initializer and is not definitely assigned in the constructor.
     namespace Foo {
         var A = 1;
         class B extends A { b: string; }
-                        ~
-!!! error TS2507: Type 'number' is not a constructor function type.
                             ~
 !!! error TS2564: Property 'b' has no initializer and is not definitely assigned in the constructor.
     }

</message>
<stacktrace>
  at org.junit.Assert.fail(Assert.java:89)
  at kotlin.test.junit.JUnitAsserter.fail(JUnitSupport.kt:56)
  at kotlin.test.AssertionsKt__AssertionsKt.fail(Assertions.kt:563)
  at kotlin.test.AssertionsKt.fail(Unknown Source)
  at com.xemantic.kotlin.test.SameAsKt.sameAs(SameAs.kt:52)
  at com.xemantic.typescript.compiler.TypeScriptTestSupportKt.errorsMatchBaseline(TypeScriptTestSupport.kt:135)
  at com.xemantic.typescript.compiler.TypeScriptCompilerTests_C.classExtendsClauseClassNotReferringConstructor_ts has expected errors matching classExtendsClauseClassNotReferringConstructor_errors_txt(TypeScriptCompilerTests_C.kt:2149)
  at java.base/jdk.internal.reflect.DirectMethodHandleAccessor.invoke(DirectMethodHandleAccessor.java:104)
  at java.base/java.lang.reflect.Method.invoke(Method.java:565)
  at org.junit.runners.model.FrameworkMethod$1.runReflectiveCall(FrameworkMethod.java:59)
  at org.junit.internal.runners.model.ReflectiveCallable.run(ReflectiveCallable.java:12)
  at org.junit.runners.model.FrameworkMethod.invokeExplosively(FrameworkMethod.java:56)
  at org.junit.internal.runners.statements.InvokeMethod.evaluate(InvokeMethod.java:17)
  at org.junit.runners.ParentRunner$3.evaluate(ParentRunner.java:306)
  at org.junit.runners.BlockJUnit4ClassRunner$1.evaluate(BlockJUnit4ClassRunner.java:100)
  at org.junit.runners.ParentRunner.runLeaf(ParentRunner.java:366)
  at org.junit.runners.BlockJUnit4ClassRunner.runChild(BlockJUnit4ClassRunner.java:103)
  at org.junit.runners.BlockJUnit4ClassRunner.runChild(BlockJUnit4ClassRunner.java:63)
  at org.junit.runners.ParentRunner$4.run(ParentRunner.java:331)
  at org.junit.runners.ParentRunner$1.schedule(ParentRunner.java:79)
  at org.junit.runners.ParentRunner.runChildren(ParentRunner.java:329)
  at org.junit.runners.ParentRunner.access$100(ParentRunner.java:66)
  at org.junit.runners.ParentRunner$2.evaluate(ParentRunner.java:293)
  at org.junit.runners.ParentRunner$3.evaluate(ParentRunner.java:306)
  at org.junit.runners.ParentRunner.run(ParentRunner.java:413)
  at org.junit.runner.JUnitCore.run(JUnitCore.java:137)
  at org.junit.runner.JUnitCore.run(JUnitCore.java:115)
  at org.gradle.api.internal.tasks.testing.junit.JUnitTestExecutor.runRequest(JUnitTestExecutor.java:175)
  at org.gradle.api.internal.tasks.testing.junit.JUnitTestExecutor.accept(JUnitTestExecutor.java:84)
  at org.gradle.api.internal.tasks.testing.junit.JUnitTestExecutor.accept(JUnitTestExecutor.java:47)
  at org.gradle.api.internal.tasks.testing.junit.AbstractJUnitTestDefinitionProcessor.processTestDefinition(AbstractJUnitTestDefinitionProcessor.java:65)
  at org.gradle.api.internal.tasks.testing.SuiteTestDefinitionProcessor.processTestDefinition(SuiteTestDefinitionProcessor.java:54)
  at java.base/jdk.internal.reflect.DirectMethodHandleAccessor.invoke(DirectMethodHandleAccessor.java:104)
  at java.base/java.lang.reflect.Method.invoke(Method.java:565)
  at org.gradle.internal.dispatch.MethodInvocation.invokeOn(MethodInvocation.java:77)
  at org.gradle.internal.dispatch.ReflectionDispatch.dispatch(ReflectionDispatch.java:28)
  at org.gradle.internal.dispatch.ReflectionDispatch.dispatch(ReflectionDispatch.java:19)
  at org.gradle.internal.dispatch.ContextClassLoaderDispatch.dispatch(ContextClassLoaderDispatch.java:33)
  at org.gradle.internal.dispatch.ProxyDispatchAdapter$DispatchingInvocationHandler.invoke(ProxyDispatchAdapter.java:88)
  at jdk.proxy1/jdk.proxy1.$Proxy4.processTestDefinition(Unknown Source)
  at org.gradle.api.internal.tasks.testing.worker.TestWorker$2.run(TestWorker.java:178)
  at org.gradle.api.internal.tasks.testing.worker.TestWorker.executeAndMaintainThreadName(TestWorker.java:126)
  at org.gradle.api.internal.tasks.testing.worker.TestWorker.execute(TestWorker.java:103)
  at org.gradle.api.internal.tasks.testing.worker.TestWorker.execute(TestWorker.java:63)
  at org.gradle.process.internal.worker.child.ActionExecutionWorker.execute(ActionExecutionWorker.java:56)
  at org.gradle.process.internal.worker.child.SystemApplicationClassLoaderWorker.call(SystemApplicationClassLoaderWorker.java:122)
  at org.gradle.process.internal.worker.child.SystemApplicationClassLoaderWorker.call(SystemApplicationClassLoaderWorker.java:72)
  at worker.org.gradle.process.internal.worker.GradleWorkerMain.run(GradleWorkerMain.java:69)
  at worker.org.gradle.process.internal.worker.GradleWorkerMain.main(GradleWorkerMain.java:74)
</stacktrace>
</test-failure>


TypeScriptCompilerTests_C[jvm] > classExtendsClauseClassNotReferringConstructor_ts has expected errors matching classExtendsClauseClassNotReferringConstructor_errors_txt[jvm] FAILED

<test-failure test="com.xemantic.typescript.compiler.TypeScriptCompilerTests_C.cloduleWithDuplicateMember1_ts has expected errors matching cloduleWithDuplicateMember1_errors_txt" platform="jvm">
<message>
Expected diagnostics from baseline typescript-repo/tests/baselines/reference/cloduleWithDuplicateMember1.errors.txt but none produced
</message>
<stacktrace>
  at com.xemantic.typescript.compiler.TypeScriptTestSupportKt.errorsMatchBaseline(TypeScriptTestSupport.kt:125)
  at com.xemantic.typescript.compiler.TypeScriptCompilerTests_C.cloduleWithDuplicateMember1_ts has expected errors matching cloduleWithDuplicateMember1_errors_txt(TypeScriptCompilerTests_C.kt:3178)
  at java.base/jdk.internal.reflect.DirectMethodHandleAccessor.invoke(DirectMethodHandleAccessor.java:104)
  at java.base/java.lang.reflect.Method.invoke(Method.java:565)
  at org.junit.runners.model.FrameworkMethod$1.runReflectiveCall(FrameworkMethod.java:59)
  at org.junit.internal.runners.model.ReflectiveCallable.run(ReflectiveCallable.java:12)
  at org.junit.runners.model.FrameworkMethod.invokeExplosively(FrameworkMethod.java:56)
  at org.junit.internal.runners.statements.InvokeMethod.evaluate(InvokeMethod.java:17)
  at org.junit.runners.ParentRunner$3.evaluate(ParentRunner.java:306)
  at org.junit.runners.BlockJUnit4ClassRunner$1.evaluate(BlockJUnit4ClassRunner.java:100)
  at org.junit.runners.ParentRunner.runLeaf(ParentRunner.java:366)
  at org.junit.runners.BlockJUnit4ClassRunner.runChild(BlockJUnit4ClassRunner.java:103)
  at org.junit.runners.BlockJUnit4ClassRunner.runChild(BlockJUnit4ClassRunner.java:63)
  at org.junit.runners.ParentRunner$4.run(ParentRunner.java:331)
  at org.junit.runners.ParentRunner$1.schedule(ParentRunner.java:79)
  at org.junit.runners.ParentRunner.runChildren(ParentRunner.java:329)
  at org.junit.runners.ParentRunner.access$100(ParentRunner.java:66)
  at org.junit.runners.ParentRunner$2.evaluate(ParentRunner.java:293)
  at org.junit.runners.ParentRunner$3.evaluate(ParentRunner.java:306)
  at org.junit.runners.ParentRunner.run(ParentRunner.java:413)
  at org.junit.runner.JUnitCore.run(JUnitCore.java:137)
  at org.junit.runner.JUnitCore.run(JUnitCore.java:115)
  at org.gradle.api.internal.tasks.testing.junit.JUnitTestExecutor.runRequest(JUnitTestExecutor.java:175)
  at org.gradle.api.internal.tasks.testing.junit.JUnitTestExecutor.accept(JUnitTestExecutor.java:84)
  at org.gradle.api.internal.tasks.testing.junit.JUnitTestExecutor.accept(JUnitTestExecutor.java:47)
  at org.gradle.api.internal.tasks.testing.junit.AbstractJUnitTestDefinitionProcessor.processTestDefinition(AbstractJUnitTestDefinitionProcessor.java:65)
  at org.gradle.api.internal.tasks.testing.SuiteTestDefinitionProcessor.processTestDefinition(SuiteTestDefinitionProcessor.java:54)
  at java.base/jdk.internal.reflect.DirectMethodHandleAccessor.invoke(DirectMethodHandleAccessor.java:104)
  at java.base/java.lang.reflect.Method.invoke(Method.java:565)
  at org.gradle.internal.dispatch.MethodInvocation.invokeOn(MethodInvocation.java:77)
  at org.gradle.internal.dispatch.ReflectionDispatch.dispatch(ReflectionDispatch.java:28)
  at org.gradle.internal.dispatch.ReflectionDispatch.dispatch(ReflectionDispatch.java:19)
  at org.gradle.internal.dispatch.ContextClassLoaderDispatch.dispatch(ContextClassLoaderDispatch.java:33)
  at org.gradle.internal.dispatch.ProxyDispatchAdapter$DispatchingInvocationHandler.invoke(ProxyDispatchAdapter.java:88)
  at jdk.proxy1/jdk.proxy1.$Proxy4.processTestDefinition(Unknown Source)
  at org.gradle.api.internal.tasks.testing.worker.TestWorker$2.run(TestWorker.java:178)
  at org.gradle.api.internal.tasks.testing.worker.TestWorker.executeAndMaintainThreadName(TestWorker.java:126)
  at org.gradle.api.internal.tasks.testing.worker.TestWorker.execute(TestWorker.java:103)
  at org.gradle.api.internal.tasks.testing.worker.TestWorker.execute(TestWorker.java:63)
  at org.gradle.process.internal.worker.child.ActionExecutionWorker.execute(ActionExecutionWorker.java:56)
  at org.gradle.process.internal.worker.child.SystemApplicationClassLoaderWorker.call(SystemApplicationClassLoaderWorker.java:122)
  at org.gradle.process.internal.worker.child.SystemApplicationClassLoaderWorker.call(SystemApplicationClassLoaderWorker.java:72)
  at worker.org.gradle.process.internal.worker.GradleWorkerMain.run(GradleWorkerMain.java:69)
  at worker.org.gradle.process.internal.worker.GradleWorkerMain.main(GradleWorkerMain.java:74)
</stacktrace>
</test-failure>


TypeScriptCompilerTests_C[jvm] > cloduleWithDuplicateMember1_ts has expected errors matching cloduleWithDuplicateMember1_errors_txt[jvm] FAILED

<test-failure test="com.xemantic.typescript.compiler.TypeScriptCompilerTests_C.cachedModuleResolution6_ts has expected errors matching cachedModuleResolution6_errors_txt" platform="jvm">
<message>
Expected diagnostics from baseline typescript-repo/tests/baselines/reference/cachedModuleResolution6.errors.txt but none produced
</message>
<stacktrace>
  at com.xemantic.typescript.compiler.TypeScriptTestSupportKt.errorsMatchBaseline(TypeScriptTestSupport.kt:125)
  at com.xemantic.typescript.compiler.TypeScriptCompilerTests_C.cachedModuleResolution6_ts has expected errors matching cachedModuleResolution6_errors_txt(TypeScriptCompilerTests_C.kt:280)
  at java.base/jdk.internal.reflect.DirectMethodHandleAccessor.invoke(DirectMethodHandleAccessor.java:104)
  at java.base/java.lang.reflect.Method.invoke(Method.java:565)
  at org.junit.runners.model.FrameworkMethod$1.runReflectiveCall(FrameworkMethod.java:59)
  at org.junit.internal.runners.model.ReflectiveCallable.run(ReflectiveCallable.java:12)
  at org.junit.runners.model.FrameworkMethod.invokeExplosively(FrameworkMethod.java:56)
  at org.junit.internal.runners.statements.InvokeMethod.evaluate(InvokeMethod.java:17)
  at org.junit.runners.ParentRunner$3.evaluate(ParentRunner.java:306)
  at org.junit.runners.BlockJUnit4ClassRunner$1.evaluate(BlockJUnit4ClassRunner.java:100)
  at org.junit.runners.ParentRunner.runLeaf(ParentRunner.java:366)
  at org.junit.runners.BlockJUnit4ClassRunner.runChild(BlockJUnit4ClassRunner.java:103)
  at org.junit.runners.BlockJUnit4ClassRunner.runChild(BlockJUnit4ClassRunner.java:63)
  at org.junit.runners.ParentRunner$4.run(ParentRunner.java:331)
  at org.junit.runners.ParentRunner$1.schedule(ParentRunner.java:79)
  at org.junit.runners.ParentRunner.runChildren(ParentRunner.java:329)
  at org.junit.runners.ParentRunner.access$100(ParentRunner.java:66)
  at org.junit.runners.ParentRunner$2.evaluate(ParentRunner.java:293)
  at org.junit.runners.ParentRunner$3.evaluate(ParentRunner.java:306)
  at org.junit.runners.ParentRunner.run(ParentRunner.java:413)
  at org.junit.runner.JUnitCore.run(JUnitCore.java:137)
  at org.junit.runner.JUnitCore.run(JUnitCore.java:115)
  at org.gradle.api.internal.tasks.testing.junit.JUnitTestExecutor.runRequest(JUnitTestExecutor.java:175)
  at org.gradle.api.internal.tasks.testing.junit.JUnitTestExecutor.accept(JUnitTestExecutor.java:84)
  at org.gradle.api.internal.tasks.testing.junit.JUnitTestExecutor.accept(JUnitTestExecutor.java:47)
  at org.gradle.api.internal.tasks.testing.junit.AbstractJUnitTestDefinitionProcessor.processTestDefinition(AbstractJUnitTestDefinitionProcessor.java:65)
  at org.gradle.api.internal.tasks.testing.SuiteTestDefinitionProcessor.processTestDefinition(SuiteTestDefinitionProcessor.java:54)
  at java.base/jdk.internal.reflect.DirectMethodHandleAccessor.invoke(DirectMethodHandleAccessor.java:104)
  at java.base/java.lang.reflect.Method.invoke(Method.java:565)
  at org.gradle.internal.dispatch.MethodInvocation.invokeOn(MethodInvocation.java:77)
  at org.gradle.internal.dispatch.ReflectionDispatch.dispatch(ReflectionDispatch.java:28)
  at org.gradle.internal.dispatch.ReflectionDispatch.dispatch(ReflectionDispatch.java:19)
  at org.gradle.internal.dispatch.ContextClassLoaderDispatch.dispatch(ContextClassLoaderDispatch.java:33)
  at org.gradle.internal.dispatch.ProxyDispatchAdapter$DispatchingInvocationHandler.invoke(ProxyDispatchAdapter.java:88)
  at jdk.proxy1/jdk.proxy1.$Proxy4.processTestDefinition(Unknown Source)
  at org.gradle.api.internal.tasks.testing.worker.TestWorker$2.run(TestWorker.java:178)
  at org.gradle.api.internal.tasks.testing.worker.TestWorker.executeAndMaintainThreadName(TestWorker.java:126)
  at org.gradle.api.internal.tasks.testing.worker.TestWorker.execute(TestWorker.java:103)
  at org.gradle.api.internal.tasks.testing.worker.TestWorker.execute(TestWorker.java:63)
  at org.gradle.process.internal.worker.child.ActionExecutionWorker.execute(ActionExecutionWorker.java:56)
  at org.gradle.process.internal.worker.child.SystemApplicationClassLoaderWorker.call(SystemApplicationClassLoaderWorker.java:122)
  at org.gradle.process.internal.worker.child.SystemApplicationClassLoaderWorker.call(SystemApplicationClassLoaderWorker.java:72)
  at worker.org.gradle.process.internal.worker.GradleWorkerMain.run(GradleWorkerMain.java:69)
  at worker.org.gradle.process.internal.worker.GradleWorkerMain.main(GradleWorkerMain.java:74)
</stacktrace>
</test-failure>


TypeScriptCompilerTests_C[jvm] > cachedModuleResolution6_ts has expected errors matching cachedModuleResolution6_errors_txt[jvm] FAILED

<test-failure test="com.xemantic.typescript.compiler.TypeScriptCompilerTests_C.constEnumErrors_ts has expected errors matching constEnumErrors_errors_txt" platform="jvm">
<message>
Expected diagnostics from baseline typescript-repo/tests/baselines/reference/constEnumErrors.errors.txt but none produced
</message>
<stacktrace>
  at com.xemantic.typescript.compiler.TypeScriptTestSupportKt.errorsMatchBaseline(TypeScriptTestSupport.kt:125)
  at com.xemantic.typescript.compiler.TypeScriptCompilerTests_C.constEnumErrors_ts has expected errors matching constEnumErrors_errors_txt(TypeScriptCompilerTests_C.kt:6328)
  at java.base/jdk.internal.reflect.DirectMethodHandleAccessor.invoke(DirectMethodHandleAccessor.java:104)
  at java.base/java.lang.reflect.Method.invoke(Method.java:565)
  at org.junit.runners.model.FrameworkMethod$1.runReflectiveCall(FrameworkMethod.java:59)
  at org.junit.internal.runners.model.ReflectiveCallable.run(ReflectiveCallable.java:12)
  at org.junit.runners.model.FrameworkMethod.invokeExplosively(FrameworkMethod.java:56)
  at org.junit.internal.runners.statements.InvokeMethod.evaluate(InvokeMethod.java:17)
  at org.junit.runners.ParentRunner$3.evaluate(ParentRunner.java:306)
  at org.junit.runners.BlockJUnit4ClassRunner$1.evaluate(BlockJUnit4ClassRunner.java:100)
  at org.junit.runners.ParentRunner.runLeaf(ParentRunner.java:366)
  at org.junit.runners.BlockJUnit4ClassRunner.runChild(BlockJUnit4ClassRunner.java:103)
  at org.junit.runners.BlockJUnit4ClassRunner.runChild(BlockJUnit4ClassRunner.java:63)
  at org.junit.runners.ParentRunner$4.run(ParentRunner.java:331)
  at org.junit.runners.ParentRunner$1.schedule(ParentRunner.java:79)
  at org.junit.runners.ParentRunner.runChildren(ParentRunner.java:329)
  at org.junit.runners.ParentRunner.access$100(ParentRunner.java:66)
  at org.junit.runners.ParentRunner$2.evaluate(ParentRunner.java:293)
  at org.junit.runners.ParentRunner$3.evaluate(ParentRunner.java:306)
  at org.junit.runners.ParentRunner.run(ParentRunner.java:413)
  at org.junit.runner.JUnitCore.run(JUnitCore.java:137)
  at org.junit.runner.JUnitCore.run(JUnitCore.java:115)
  at org.gradle.api.internal.tasks.testing.junit.JUnitTestExecutor.runRequest(JUnitTestExecutor.java:175)
  at org.gradle.api.internal.tasks.testing.junit.JUnitTestExecutor.accept(JUnitTestExecutor.java:84)
  at org.gradle.api.internal.tasks.testing.junit.JUnitTestExecutor.accept(JUnitTestExecutor.java:47)
  at org.gradle.api.internal.tasks.testing.junit.AbstractJUnitTestDefinitionProcessor.processTestDefinition(AbstractJUnitTestDefinitionProcessor.java:65)
  at org.gradle.api.internal.tasks.testing.SuiteTestDefinitionProcessor.processTestDefinition(SuiteTestDefinitionProcessor.java:54)
  at java.base/jdk.internal.reflect.DirectMethodHandleAccessor.invoke(DirectMethodHandleAccessor.java:104)
  at java.base/java.lang.reflect.Method.invoke(Method.java:565)
  at org.gradle.internal.dispatch.MethodInvocation.invokeOn(MethodInvocation.java:77)
  at org.gradle.internal.dispatch.ReflectionDispatch.dispatch(ReflectionDispatch.java:28)
  at org.gradle.internal.dispatch.ReflectionDispatch.dispatch(ReflectionDispatch.java:19)
  at org.gradle.internal.dispatch.ContextClassLoaderDispatch.dispatch(ContextClassLoaderDispatch.java:33)
  at org.gradle.internal.dispatch.ProxyDispatchAdapter$DispatchingInvocationHandler.invoke(ProxyDispatchAdapter.java:88)
  at jdk.proxy1/jdk.proxy1.$Proxy4.processTestDefinition(Unknown Source)
  at org.gradle.api.internal.tasks.testing.worker.TestWorker$2.run(TestWorker.java:178)
  at org.gradle.api.internal.tasks.testing.worker.TestWorker.executeAndMaintainThreadName(TestWorker.java:126)
  at org.gradle.api.internal.tasks.testing.worker.TestWorker.execute(TestWorker.java:103)
  at org.gradle.api.internal.tasks.testing.worker.TestWorker.execute(TestWorker.java:63)
  at org.gradle.process.internal.worker.child.ActionExecutionWorker.execute(ActionExecutionWorker.java:56)
  at org.gradle.process.internal.worker.child.SystemApplicationClassLoaderWorker.call(SystemApplicationClassLoaderWorker.java:122)
  at org.gradle.process.internal.worker.child.SystemApplicationClassLoaderWorker.call(SystemApplicationClassLoaderWorker.java:72)
  at worker.org.gradle.process.internal.worker.GradleWorkerMain.run(GradleWorkerMain.java:69)
  at worker.org.gradle.process.internal.worker.GradleWorkerMain.main(GradleWorkerMain.java:74)
</stacktrace>
</test-failure>


TypeScriptCompilerTests_C[jvm] > constEnumErrors_ts has expected errors matching constEnumErrors_errors_txt[jvm] FAILED

<test-failure test="com.xemantic.typescript.compiler.TypeScriptCompilerTests_C.contextualTypingOfObjectLiterals2_ts has expected errors matching contextualTypingOfObjectLiterals2_errors_txt" platform="jvm">
<message>
Expected diagnostics from baseline typescript-repo/tests/baselines/reference/contextualTypingOfObjectLiterals2.errors.txt but none produced
</message>
<stacktrace>
  at com.xemantic.typescript.compiler.TypeScriptTestSupportKt.errorsMatchBaseline(TypeScriptTestSupport.kt:125)
  at com.xemantic.typescript.compiler.TypeScriptCompilerTests_C.contextualTypingOfObjectLiterals2_ts has expected errors matching contextualTypingOfObjectLiterals2_errors_txt(TypeScriptCompilerTests_C.kt:7924)
  at java.base/jdk.internal.reflect.DirectMethodHandleAccessor.invoke(DirectMethodHandleAccessor.java:104)
  at java.base/java.lang.reflect.Method.invoke(Method.java:565)
  at org.junit.runners.model.FrameworkMethod$1.runReflectiveCall(FrameworkMethod.java:59)
  at org.junit.internal.runners.model.ReflectiveCallable.run(ReflectiveCallable.java:12)
  at org.junit.runners.model.FrameworkMethod.invokeExplosively(FrameworkMethod.java:56)
  at org.junit.internal.runners.statements.InvokeMethod.evaluate(InvokeMethod.java:17)
  at org.junit.runners.ParentRunner$3.evaluate(ParentRunner.java:306)
  at org.junit.runners.BlockJUnit4ClassRunner$1.evaluate(BlockJUnit4ClassRunner.java:100)
  at org.junit.runners.ParentRunner.runLeaf(ParentRunner.java:366)
  at org.junit.runners.BlockJUnit4ClassRunner.runChild(BlockJUnit4ClassRunner.java:103)
  at org.junit.runners.BlockJUnit4ClassRunner.runChild(BlockJUnit4ClassRunner.java:63)
  at org.junit.runners.ParentRunner$4.run(ParentRunner.java:331)
  at org.junit.runners.ParentRunner$1.schedule(ParentRunner.java:79)
  at org.junit.runners.ParentRunner.runChildren(ParentRunner.java:329)
  at org.junit.runners.ParentRunner.access$100(ParentRunner.java:66)
  at org.junit.runners.ParentRunner$2.evaluate(ParentRunner.java:293)
  at org.junit.runners.ParentRunner$3.evaluate(ParentRunner.java:306)
  at org.junit.runners.ParentRunner.run(ParentRunner.java:413)
  at org.junit.runner.JUnitCore.run(JUnitCore.java:137)
  at org.junit.runner.JUnitCore.run(JUnitCore.java:115)
  at org.gradle.api.internal.tasks.testing.junit.JUnitTestExecutor.runRequest(JUnitTestExecutor.java:175)
  at org.gradle.api.internal.tasks.testing.junit.JUnitTestExecutor.accept(JUnitTestExecutor.java:84)
  at org.gradle.api.internal.tasks.testing.junit.JUnitTestExecutor.accept(JUnitTestExecutor.java:47)
  at org.gradle.api.internal.tasks.testing.junit.AbstractJUnitTestDefinitionProcessor.processTestDefinition(AbstractJUnitTestDefinitionProcessor.java:65)
  at org.gradle.api.internal.tasks.testing.SuiteTestDefinitionProcessor.processTestDefinition(SuiteTestDefinitionProcessor.java:54)
  at java.base/jdk.internal.reflect.DirectMethodHandleAccessor.invoke(DirectMethodHandleAccessor.java:104)
  at java.base/java.lang.reflect.Method.invoke(Method.java:565)
  at org.gradle.internal.dispatch.MethodInvocation.invokeOn(MethodInvocation.java:77)
  at org.gradle.internal.dispatch.ReflectionDispatch.dispatch(ReflectionDispatch.java:28)
  at org.gradle.internal.dispatch.ReflectionDispatch.dispatch(ReflectionDispatch.java:19)
  at org.gradle.internal.dispatch.ContextClassLoaderDispatch.dispatch(ContextClassLoaderDispatch.java:33)
  at org.gradle.internal.dispatch.ProxyDispatchAdapter$DispatchingInvocationHandler.invoke(ProxyDispatchAdapter.java:88)
  at jdk.proxy1/jdk.proxy1.$Proxy4.processTestDefinition(Unknown Source)
  at org.gradle.api.internal.tasks.testing.worker.TestWorker$2.run(TestWorker.java:178)
  at org.gradle.api.internal.tasks.testing.worker.TestWorker.executeAndMaintainThreadName(TestWorker.java:126)
  at org.gradle.api.internal.tasks.testing.worker.TestWorker.execute(TestWorker.java:103)
  at org.gradle.api.internal.tasks.testing.worker.TestWorker.execute(TestWorker.java:63)
  at org.gradle.process.internal.worker.child.ActionExecutionWorker.execute(ActionExecutionWorker.java:56)
  at org.gradle.process.internal.worker.child.SystemApplicationClassLoaderWorker.call(SystemApplicationClassLoaderWorker.java:122)
  at org.gradle.process.internal.worker.child.SystemApplicationClassLoaderWorker.call(SystemApplicationClassLoaderWorker.java:72)
  at worker.org.gradle.process.internal.worker.GradleWorkerMain.run(GradleWorkerMain.java:69)
  at worker.org.gradle.process.internal.worker.GradleWorkerMain.main(GradleWorkerMain.java:74)
</stacktrace>
</test-failure>


TypeScriptCompilerTests_C[jvm] > contextualTypingOfObjectLiterals2_ts has expected errors matching contextualTypingOfObjectLiterals2_errors_txt[jvm] FAILED

<test-failure test="com.xemantic.typescript.compiler.TypeScriptCompilerTests_C.checkSuperCallBeforeThisAccessing8_ts has expected errors matching checkSuperCallBeforeThisAccessing8_errors_txt" platform="jvm">
<message>
--- expected
+++ actual
@@ -1,12 +1,9 @@
-checkSuperCallBeforeThisAccessing8.ts(2,17): error TS7019: Rest parameter 'arg' implicitly has an 'any[]' type.
 checkSuperCallBeforeThisAccessing8.ts(7,20): error TS17009: 'super' must be called before accessing 'this' in the constructor of a derived class.
 
 
-==== checkSuperCallBeforeThisAccessing8.ts (2 errors) ====
+==== checkSuperCallBeforeThisAccessing8.ts (1 errors) ====
     class Base {
         constructor(...arg) {
-                    ~~~~~~
-!!! error TS7019: Rest parameter 'arg' implicitly has an 'any[]' type.
         }
     }
     class Super extends Base {

</message>
<stacktrace>
  at org.junit.Assert.fail(Assert.java:89)
  at kotlin.test.junit.JUnitAsserter.fail(JUnitSupport.kt:56)
  at kotlin.test.AssertionsKt__AssertionsKt.fail(Assertions.kt:563)
  at kotlin.test.AssertionsKt.fail(Unknown Source)
  at com.xemantic.kotlin.test.SameAsKt.sameAs(SameAs.kt:52)
  at com.xemantic.typescript.compiler.TypeScriptTestSupportKt.errorsMatchBaseline(TypeScriptTestSupport.kt:135)
  at com.xemantic.typescript.compiler.TypeScriptCompilerTests_C.checkSuperCallBeforeThisAccessing8_ts has expected errors matching checkSuperCallBeforeThisAccessing8_errors_txt(TypeScriptCompilerTests_C.kt:1477)
  at java.base/jdk.internal.reflect.DirectMethodHandleAccessor.invoke(DirectMethodHandleAccessor.java:104)
  at java.base/java.lang.reflect.Method.invoke(Method.java:565)
  at org.junit.runners.model.FrameworkMethod$1.runReflectiveCall(FrameworkMethod.java:59)
  at org.junit.internal.runners.model.ReflectiveCallable.run(ReflectiveCallable.java:12)
  at org.junit.runners.model.FrameworkMethod.invokeExplosively(FrameworkMethod.java:56)
  at org.junit.internal.runners.statements.InvokeMethod.evaluate(InvokeMethod.java:17)
  at org.junit.runners.ParentRunner$3.evaluate(ParentRunner.java:306)
  at org.junit.runners.BlockJUnit4ClassRunner$1.evaluate(BlockJUnit4ClassRunner.java:100)
  at org.junit.runners.ParentRunner.runLeaf(ParentRunner.java:366)
  at org.junit.runners.BlockJUnit4ClassRunner.runChild(BlockJUnit4ClassRunner.java:103)
  at org.junit.runners.BlockJUnit4ClassRunner.runChild(BlockJUnit4ClassRunner.java:63)
  at org.junit.runners.ParentRunner$4.run(ParentRunner.java:331)
  at org.junit.runners.ParentRunner$1.schedule(ParentRunner.java:79)
  at org.junit.runners.ParentRunner.runChildren(ParentRunner.java:329)
  at org.junit.runners.ParentRunner.access$100(ParentRunner.java:66)
  at org.junit.runners.ParentRunner$2.evaluate(ParentRunner.java:293)
  at org.junit.runners.ParentRunner$3.evaluate(ParentRunner.java:306)
  at org.junit.runners.ParentRunner.run(ParentRunner.java:413)
  at org.junit.runner.JUnitCore.run(JUnitCore.java:137)
  at org.junit.runner.JUnitCore.run(JUnitCore.java:115)
  at org.gradle.api.internal.tasks.testing.junit.JUnitTestExecutor.runRequest(JUnitTestExecutor.java:175)
  at org.gradle.api.internal.tasks.testing.junit.JUnitTestExecutor.accept(JUnitTestExecutor.java:84)
  at org.gradle.api.internal.tasks.testing.junit.JUnitTestExecutor.accept(JUnitTestExecutor.java:47)
  at org.gradle.api.internal.tasks.testing.junit.AbstractJUnitTestDefinitionProcessor.processTestDefinition(AbstractJUnitTestDefinitionProcessor.java:65)
  at org.gradle.api.internal.tasks.testing.SuiteTestDefinitionProcessor.processTestDefinition(SuiteTestDefinitionProcessor.java:54)
  at java.base/jdk.internal.reflect.DirectMethodHandleAccessor.invoke(DirectMethodHandleAccessor.java:104)
  at java.base/java.lang.reflect.Method.invoke(Method.java:565)
  at org.gradle.internal.dispatch.MethodInvocation.invokeOn(MethodInvocation.java:77)
  at org.gradle.internal.dispatch.ReflectionDispatch.dispatch(ReflectionDispatch.java:28)
  at org.gradle.internal.dispatch.ReflectionDispatch.dispatch(ReflectionDispatch.java:19)
  at org.gradle.internal.dispatch.ContextClassLoaderDispatch.dispatch(ContextClassLoaderDispatch.java:33)
  at org.gradle.internal.dispatch.ProxyDispatchAdapter$DispatchingInvocationHandler.invoke(ProxyDispatchAdapter.java:88)
  at jdk.proxy1/jdk.proxy1.$Proxy4.processTestDefinition(Unknown Source)
  at org.gradle.api.internal.tasks.testing.worker.TestWorker$2.run(TestWorker.java:178)
  at org.gradle.api.internal.tasks.testing.worker.TestWorker.executeAndMaintainThreadName(TestWorker.java:126)
  at org.gradle.api.internal.tasks.testing.worker.TestWorker.execute(TestWorker.java:103)
  at org.gradle.api.internal.tasks.testing.worker.TestWorker.execute(TestWorker.java:63)
  at org.gradle.process.internal.worker.child.ActionExecutionWorker.execute(ActionExecutionWorker.java:56)
  at org.gradle.process.internal.worker.child.SystemApplicationClassLoaderWorker.call(SystemApplicationClassLoaderWorker.java:122)
  at org.gradle.process.internal.worker.child.SystemApplicationClassLoaderWorker.call(SystemApplicationClassLoaderWorker.java:72)
  at worker.org.gradle.process.internal.worker.GradleWorkerMain.run(GradleWorkerMain.java:69)
  at worker.org.gradle.process.internal.worker.GradleWorkerMain.main(GradleWorkerMain.java:74)
</stacktrace>
</test-failure>


TypeScriptCompilerTests_C[jvm] > checkSuperCallBeforeThisAccessing8_ts has expected errors matching checkSuperCallBeforeThisAccessing8_errors_txt[jvm] FAILED

<test-failure test="com.xemantic.typescript.compiler.TypeScriptCompilerTests_C.callExpressionWithMissingTypeArgument1_ts has expected errors matching callExpressionWithMissingTypeArgument1_errors_txt" platform="jvm">
<message>
--- expected
+++ actual
@@ -1,16 +1,13 @@
 callExpressionWithMissingTypeArgument1.ts(1,1): error TS2304: Cannot find name 'Foo'.
 callExpressionWithMissingTypeArgument1.ts(1,5): error TS2304: Cannot find name 'a'.
-callExpressionWithMissingTypeArgument1.ts(1,7): error TS1110: Type expected.
 callExpressionWithMissingTypeArgument1.ts(1,8): error TS2304: Cannot find name 'b'.
 
 
-==== callExpressionWithMissingTypeArgument1.ts (4 errors) ====
+==== callExpressionWithMissingTypeArgument1.ts (3 errors) ====
     Foo<a,,b>();
     ~~~
 !!! error TS2304: Cannot find name 'Foo'.
         ~
 !!! error TS2304: Cannot find name 'a'.
-          ~
-!!! error TS1110: Type expected.
            ~
 !!! error TS2304: Cannot find name 'b'.

</message>
<stacktrace>
  at org.junit.Assert.fail(Assert.java:89)
  at kotlin.test.junit.JUnitAsserter.fail(JUnitSupport.kt:56)
  at kotlin.test.AssertionsKt__AssertionsKt.fail(Assertions.kt:563)
  at kotlin.test.AssertionsKt.fail(Unknown Source)
  at com.xemantic.kotlin.test.SameAsKt.sameAs(SameAs.kt:52)
  at com.xemantic.typescript.compiler.TypeScriptTestSupportKt.errorsMatchBaseline(TypeScriptTestSupport.kt:135)
  at com.xemantic.typescript.compiler.TypeScriptCompilerTests_C.callExpressionWithMissingTypeArgument1_ts has expected errors matching callExpressionWithMissingTypeArgument1_errors_txt(TypeScriptCompilerTests_C.kt:350)
  at java.base/jdk.internal.reflect.DirectMethodHandleAccessor.invoke(DirectMethodHandleAccessor.java:104)
  at java.base/java.lang.reflect.Method.invoke(Method.java:565)
  at org.junit.runners.model.FrameworkMethod$1.runReflectiveCall(FrameworkMethod.java:59)
  at org.junit.internal.runners.model.ReflectiveCallable.run(ReflectiveCallable.java:12)
  at org.junit.runners.model.FrameworkMethod.invokeExplosively(FrameworkMethod.java:56)
  at org.junit.internal.runners.statements.InvokeMethod.evaluate(InvokeMethod.java:17)
  at org.junit.runners.ParentRunner$3.evaluate(ParentRunner.java:306)
  at org.junit.runners.BlockJUnit4ClassRunner$1.evaluate(BlockJUnit4ClassRunner.java:100)
  at org.junit.runners.ParentRunner.runLeaf(ParentRunner.java:366)
  at org.junit.runners.BlockJUnit4ClassRunner.runChild(BlockJUnit4ClassRunner.java:103)
  at org.junit.runners.BlockJUnit4ClassRunner.runChild(BlockJUnit4ClassRunner.java:63)
  at org.junit.runners.ParentRunner$4.run(ParentRunner.java:331)
  at org.junit.runners.ParentRunner$1.schedule(ParentRunner.java:79)
  at org.junit.runners.ParentRunner.runChildren(ParentRunner.java:329)
  at org.junit.runners.ParentRunner.access$100(ParentRunner.java:66)
  at org.junit.runners.ParentRunner$2.evaluate(ParentRunner.java:293)
  at org.junit.runners.ParentRunner$3.evaluate(ParentRunner.java:306)
  at org.junit.runners.ParentRunner.run(ParentRunner.java:413)
  at org.junit.runner.JUnitCore.run(JUnitCore.java:137)
  at org.junit.runner.JUnitCore.run(JUnitCore.java:115)
  at org.gradle.api.internal.tasks.testing.junit.JUnitTestExecutor.runRequest(JUnitTestExecutor.java:175)
  at org.gradle.api.internal.tasks.testing.junit.JUnitTestExecutor.accept(JUnitTestExecutor.java:84)
  at org.gradle.api.internal.tasks.testing.junit.JUnitTestExecutor.accept(JUnitTestExecutor.java:47)
  at org.gradle.api.internal.tasks.testing.junit.AbstractJUnitTestDefinitionProcessor.processTestDefinition(AbstractJUnitTestDefinitionProcessor.java:65)
  at org.gradle.api.internal.tasks.testing.SuiteTestDefinitionProcessor.processTestDefinition(SuiteTestDefinitionProcessor.java:54)
  at java.base/jdk.internal.reflect.DirectMethodHandleAccessor.invoke(DirectMethodHandleAccessor.java:104)
  at java.base/java.lang.reflect.Method.invoke(Method.java:565)
  at org.gradle.internal.dispatch.MethodInvocation.invokeOn(MethodInvocation.java:77)
  at org.gradle.internal.dispatch.ReflectionDispatch.dispatch(ReflectionDispatch.java:28)
  at org.gradle.internal.dispatch.ReflectionDispatch.dispatch(ReflectionDispatch.java:19)
  at org.gradle.internal.dispatch.ContextClassLoaderDispatch.dispatch(ContextClassLoaderDispatch.java:33)
  at org.gradle.internal.dispatch.ProxyDispatchAdapter$DispatchingInvocationHandler.invoke(ProxyDispatchAdapter.java:88)
  at jdk.proxy1/jdk.proxy1.$Proxy4.processTestDefinition(Unknown Source)
  at org.gradle.api.internal.tasks.testing.worker.TestWorker$2.run(TestWorker.java:178)
  at org.gradle.api.internal.tasks.testing.worker.TestWorker.executeAndMaintainThreadName(TestWorker.java:126)
  at org.gradle.api.internal.tasks.testing.worker.TestWorker.execute(TestWorker.java:103)
  at org.gradle.api.internal.tasks.testing.worker.TestWorker.execute(TestWorker.java:63)
  at org.gradle.process.internal.worker.child.ActionExecutionWorker.execute(ActionExecutionWorker.java:56)
  at org.gradle.process.internal.worker.child.SystemApplicationClassLoaderWorker.call(SystemApplicationClassLoaderWorker.java:122)
  at org.gradle.process.internal.worker.child.SystemApplicationClassLoaderWorker.call(SystemApplicationClassLoaderWorker.java:72)
  at worker.org.gradle.process.internal.worker.GradleWorkerMain.run(GradleWorkerMain.java:69)
  at worker.org.gradle.process.internal.worker.GradleWorkerMain.main(GradleWorkerMain.java:74)
</stacktrace>
</test-failure>


TypeScriptCompilerTests_C[jvm] > callExpressionWithMissingTypeArgument1_ts has expected errors matching callExpressionWithMissingTypeArgument1_errors_txt[jvm] FAILED

<test-failure test="com.xemantic.typescript.compiler.TypeScriptCompilerTests_C.constDeclarations-access5_ts has expected errors matching constDeclarations-access5_errors_txt" platform="jvm">
<message>
Expected diagnostics from baseline typescript-repo/tests/baselines/reference/constDeclarations-access5.errors.txt but none produced
</message>
<stacktrace>
  at com.xemantic.typescript.compiler.TypeScriptTestSupportKt.errorsMatchBaseline(TypeScriptTestSupport.kt:125)
  at com.xemantic.typescript.compiler.TypeScriptCompilerTests_C.constDeclarations-access5_ts has expected errors matching constDeclarations-access5_errors_txt(TypeScriptCompilerTests_C.kt:6111)
  at java.base/jdk.internal.reflect.DirectMethodHandleAccessor.invoke(DirectMethodHandleAccessor.java:104)
  at java.base/java.lang.reflect.Method.invoke(Method.java:565)
  at org.junit.runners.model.FrameworkMethod$1.runReflectiveCall(FrameworkMethod.java:59)
  at org.junit.internal.runners.model.ReflectiveCallable.run(ReflectiveCallable.java:12)
  at org.junit.runners.model.FrameworkMethod.invokeExplosively(FrameworkMethod.java:56)
  at org.junit.internal.runners.statements.InvokeMethod.evaluate(InvokeMethod.java:17)
  at org.junit.runners.ParentRunner$3.evaluate(ParentRunner.java:306)
  at org.junit.runners.BlockJUnit4ClassRunner$1.evaluate(BlockJUnit4ClassRunner.java:100)
  at org.junit.runners.ParentRunner.runLeaf(ParentRunner.java:366)
  at org.junit.runners.BlockJUnit4ClassRunner.runChild(BlockJUnit4ClassRunner.java:103)
  at org.junit.runners.BlockJUnit4ClassRunner.runChild(BlockJUnit4ClassRunner.java:63)
  at org.junit.runners.ParentRunner$4.run(ParentRunner.java:331)
  at org.junit.runners.ParentRunner$1.schedule(ParentRunner.java:79)
  at org.junit.runners.ParentRunner.runChildren(ParentRunner.java:329)
  at org.junit.runners.ParentRunner.access$100(ParentRunner.java:66)
  at org.junit.runners.ParentRunner$2.evaluate(ParentRunner.java:293)
  at org.junit.runners.ParentRunner$3.evaluate(ParentRunner.java:306)
  at org.junit.runners.ParentRunner.run(ParentRunner.java:413)
  at org.junit.runner.JUnitCore.run(JUnitCore.java:137)
  at org.junit.runner.JUnitCore.run(JUnitCore.java:115)
  at org.gradle.api.internal.tasks.testing.junit.JUnitTestExecutor.runRequest(JUnitTestExecutor.java:175)
  at org.gradle.api.internal.tasks.testing.junit.JUnitTestExecutor.accept(JUnitTestExecutor.java:84)
  at org.gradle.api.internal.tasks.testing.junit.JUnitTestExecutor.accept(JUnitTestExecutor.java:47)
  at org.gradle.api.internal.tasks.testing.junit.AbstractJUnitTestDefinitionProcessor.processTestDefinition(AbstractJUnitTestDefinitionProcessor.java:65)
  at org.gradle.api.internal.tasks.testing.SuiteTestDefinitionProcessor.processTestDefinition(SuiteTestDefinitionProcessor.java:54)
  at java.base/jdk.internal.reflect.DirectMethodHandleAccessor.invoke(DirectMethodHandleAccessor.java:104)
  at java.base/java.lang.reflect.Method.invoke(Method.java:565)
  at org.gradle.internal.dispatch.MethodInvocation.invokeOn(MethodInvocation.java:77)
  at org.gradle.internal.dispatch.ReflectionDispatch.dispatch(ReflectionDispatch.java:28)
  at org.gradle.internal.dispatch.ReflectionDispatch.dispatch(ReflectionDispatch.java:19)
  at org.gradle.internal.dispatch.ContextClassLoaderDispatch.dispatch(ContextClassLoaderDispatch.java:33)
  at org.gradle.internal.dispatch.ProxyDispatchAdapter$DispatchingInvocationHandler.invoke(ProxyDispatchAdapter.java:88)
  at jdk.proxy1/jdk.proxy1.$Proxy4.processTestDefinition(Unknown Source)
  at org.gradle.api.internal.tasks.testing.worker.TestWorker$2.run(TestWorker.java:178)
  at org.gradle.api.internal.tasks.testing.worker.TestWorker.executeAndMaintainThreadName(TestWorker.java:126)
  at org.gradle.api.internal.tasks.testing.worker.TestWorker.execute(TestWorker.java:103)
  at org.gradle.api.internal.tasks.testing.worker.TestWorker.execute(TestWorker.java:63)
  at org.gradle.process.internal.worker.child.ActionExecutionWorker.execute(ActionExecutionWorker.java:56)
  at org.gradle.process.internal.worker.child.SystemApplicationClassLoaderWorker.call(SystemApplicationClassLoaderWorker.java:122)
  at org.gradle.process.internal.worker.child.SystemApplicationClassLoaderWorker.call(SystemApplicationClassLoaderWorker.java:72)
  at worker.org.gradle.process.internal.worker.GradleWorkerMain.run(GradleWorkerMain.java:69)
  at worker.org.gradle.process.internal.worker.GradleWorkerMain.main(GradleWorkerMain.java:74)
</stacktrace>
</test-failure>


TypeScriptCompilerTests_C[jvm] > constDeclarations-access5_ts has expected errors matching constDeclarations-access5_errors_txt[jvm] FAILED

<test-failure test="com.xemantic.typescript.compiler.TypeScriptCompilerTests_C.convertKeywordsYes_ts__alwaysstrict_false__has expected errors matching baseline" platform="jvm">
<message>
--- expected
+++ actual
@@ -1,100 +0,0 @@
-convertKeywordsYes.ts(175,12): error TS18006: Classes may not have a field named 'constructor'.
-convertKeywordsYes.ts(292,11): error TS1213: Identifier expected. 'implements' is a reserved word in strict mode. Class definitions are automatically in strict mode.
-convertKeywordsYes.ts(293,11): error TS1213: Identifier expected. 'interface' is a reserved word in strict mode. Class definitions are automatically in strict mode.
-convertKeywordsYes.ts(294,11): error TS1213: Identifier expected. 'let' is a reserved word in strict mode. Class definitions are automatically in strict mode.
-convertKeywordsYes.ts(296,11): error TS1213: Identifier expected. 'package' is a reserved word in strict mode. Class definitions are automatically in strict mode.
-convertKeywordsYes.ts(297,11): error TS1213: Identifier expected. 'private' is a reserved word in strict mode. Class definitions are automatically in strict mode.
-convertKeywordsYes.ts(298,11): error TS1213: Identifier expected. 'protected' is a reserved word in strict mode. Class definitions are automatically in strict mode.
-convertKeywordsYes.ts(299,11): error TS1213: Identifier expected. 'public' is a reserved word in strict mode. Class definitions are automatically in strict mode.
-convertKeywordsYes.ts(301,11): error TS1213: Identifier expected. 'static' is a reserved word in strict mode. Class definitions are automatically in strict mode.
-convertKeywordsYes.ts(303,11): error TS1213: Identifier expected. 'yield' is a reserved word in strict mode. Class definitions are automatically in strict mode.
-
-
-==== convertKeywordsYes.ts (10 errors) ====
-    // reserved ES5 future in strict mode
-    
-    var constructor = 0;
-    var any = 0;
-    var boolean = 0;
-    var implements = 0;
-    var interface = 0;
-    var let = 0;
-    var module = 0;
-    var number = 0;
-    var package = 0;
-    var private = 0;
-    var protected = 0;
-    var public = 0;
-    var set = 0;
-    var static = 0;
-    var string = 0;
-    var get = 0;
-    var yield = 0;
-    var declare = 0;
-    
-    function bigGeneric<
-        constructor,
-        implements ,
-        interface ,
-        let,
-        module ,
-        package,
-        private ,
-        protected,
-        public ,
-        set ,
-        static ,
-        get ,
-        yield,
-        declare
-        >(c: constructor,
-        a: any,
-        b2: boolean,
-        i: implements ,
-        i2: interface ,
-        l: let,
-        m: module ,
-        n: number,
-        p: package,
-        p2: private ,
-        p3: protected,
-        p4: public ,
-        s: set ,
-        s2: static ,
-        s3: string,
-        g: get ,
-        y: yield,
-        d: declare ) { }
-    
-    var bigObject = {
-        constructor: 0,
-        any: 0,
-        boolean: 0,
-        implements: 0,
-        interface: 0,
-        let: 0,
-        module: 0,
-        number: 0,
-        package: 0,
-        private: 0,
-        protected: 0,
-        public: 0,
-        set: 0,
-        static: 0,
-        string: 0,
-        get: 0,
-        yield: 0,
-        break: 0,
-        case: 0,
-        catch: 0,
-        class: 0,
-        continue: 0,
-        const: 0,
-    
-        debugger: 0,
-        declare: 0,
-        default: 0,
-        delete: 0,
-        do: 0,
-        else: 0,
-        enum: 0,

Diff truncated: more than 100 lines changed

Expected: 338 lines
Actual: 792 lines

The differences are too extensive to show in unified diff format.
Consider comparing smaller sections or reviewing the strings directly.

</message>
<stacktrace>
  at org.junit.Assert.fail(Assert.java:89)
  at kotlin.test.junit.JUnitAsserter.fail(JUnitSupport.kt:56)
  at kotlin.test.AssertionsKt__AssertionsKt.fail(Assertions.kt:563)
  at kotlin.test.AssertionsKt.fail(Unknown Source)
  at com.xemantic.kotlin.test.SameAsKt.sameAs(SameAs.kt:52)
  at com.xemantic.typescript.compiler.TypeScriptTestSupportKt.errorsMatchBaseline(TypeScriptTestSupport.kt:135)
  at com.xemantic.typescript.compiler.TypeScriptCompilerTests_C.convertKeywordsYes_ts__alwaysstrict_false__has expected errors matching baseline(TypeScriptCompilerTests_C.kt:8652)
  at java.base/jdk.internal.reflect.DirectMethodHandleAccessor.invoke(DirectMethodHandleAccessor.java:104)
  at java.base/java.lang.reflect.Method.invoke(Method.java:565)
  at org.junit.runners.model.FrameworkMethod$1.runReflectiveCall(FrameworkMethod.java:59)
  at org.junit.internal.runners.model.ReflectiveCallable.run(ReflectiveCallable.java:12)
  at org.junit.runners.model.FrameworkMethod.invokeExplosively(FrameworkMethod.java:56)
  at org.junit.internal.runners.statements.InvokeMethod.evaluate(InvokeMethod.java:17)
  at org.junit.runners.ParentRunner$3.evaluate(ParentRunner.java:306)
  at org.junit.runners.BlockJUnit4ClassRunner$1.evaluate(BlockJUnit4ClassRunner.java:100)
  at org.junit.runners.ParentRunner.runLeaf(ParentRunner.java:366)
  at org.junit.runners.BlockJUnit4ClassRunner.runChild(BlockJUnit4ClassRunner.java:103)
  at org.junit.runners.BlockJUnit4ClassRunner.runChild(BlockJUnit4ClassRunner.java:63)
  at org.junit.runners.ParentRunner$4.run(ParentRunner.java:331)
  at org.junit.runners.ParentRunner$1.schedule(ParentRunner.java:79)
  at org.junit.runners.ParentRunner.runChildren(ParentRunner.java:329)
  at org.junit.runners.ParentRunner.access$100(ParentRunner.java:66)
  at org.junit.runners.ParentRunner$2.evaluate(ParentRunner.java:293)
  at org.junit.runners.ParentRunner$3.evaluate(ParentRunner.java:306)
  at org.junit.runners.ParentRunner.run(ParentRunner.java:413)
  at org.junit.runner.JUnitCore.run(JUnitCore.java:137)
  at org.junit.runner.JUnitCore.run(JUnitCore.java:115)
  at org.gradle.api.internal.tasks.testing.junit.JUnitTestExecutor.runRequest(JUnitTestExecutor.java:175)
  at org.gradle.api.internal.tasks.testing.junit.JUnitTestExecutor.accept(JUnitTestExecutor.java:84)
  at org.gradle.api.internal.tasks.testing.junit.JUnitTestExecutor.accept(JUnitTestExecutor.java:47)
  at org.gradle.api.internal.tasks.testing.junit.AbstractJUnitTestDefinitionProcessor.processTestDefinition(AbstractJUnitTestDefinitionProcessor.java:65)
  at org.gradle.api.internal.tasks.testing.SuiteTestDefinitionProcessor.processTestDefinition(SuiteTestDefinitionProcessor.java:54)
  at java.base/jdk.internal.reflect.DirectMethodHandleAccessor.invoke(DirectMethodHandleAccessor.java:104)
  at java.base/java.lang.reflect.Method.invoke(Method.java:565)
  at org.gradle.internal.dispatch.MethodInvocation.invokeOn(MethodInvocation.java:77)
  at org.gradle.internal.dispatch.ReflectionDispatch.dispatch(ReflectionDispatch.java:28)
  at org.gradle.internal.dispatch.ReflectionDispatch.dispatch(ReflectionDispatch.java:19)
  at org.gradle.internal.dispatch.ContextClassLoaderDispatch.dispatch(ContextClassLoaderDispatch.java:33)
  at org.gradle.internal.dispatch.ProxyDispatchAdapter$DispatchingInvocationHandler.invoke(ProxyDispatchAdapter.java:88)
  at jdk.proxy1/jdk.proxy1.$Proxy4.processTestDefinition(Unknown Source)
  at org.gradle.api.internal.tasks.testing.worker.TestWorker$2.run(TestWorker.java:178)
  at org.gradle.api.internal.tasks.testing.worker.TestWorker.executeAndMaintainThreadName(TestWorker.java:126)
  at org.gradle.api.internal.tasks.testing.worker.TestWorker.execute(TestWorker.java:103)
  at org.gradle.api.internal.tasks.testing.worker.TestWorker.execute(TestWorker.java:63)
  at org.gradle.process.internal.worker.child.ActionExecutionWorker.execute(ActionExecutionWorker.java:56)
  at org.gradle.process.internal.worker.child.SystemApplicationClassLoaderWorker.call(SystemApplicationClassLoaderWorker.java:122)
  at org.gradle.process.internal.worker.child.SystemApplicationClassLoaderWorker.call(SystemApplicationClassLoaderWorker.java:72)
  at worker.org.gradle.process.internal.worker.GradleWorkerMain.run(GradleWorkerMain.java:69)
  at worker.org.gradle.process.internal.worker.GradleWorkerMain.main(GradleWorkerMain.java:74)
</stacktrace>
</test-failure>


TypeScriptCompilerTests_C[jvm] > convertKeywordsYes_ts__alwaysstrict_false__has expected errors matching baseline[jvm] FAILED

<test-failure test="com.xemantic.typescript.compiler.TypeScriptCompilerTests_C.cannotInvokeNewOnIndexExpression_ts has expected errors matching cannotInvokeNewOnIndexExpression_errors_txt" platform="jvm">
<message>
Expected diagnostics from baseline typescript-repo/tests/baselines/reference/cannotInvokeNewOnIndexExpression.errors.txt but none produced
</message>
<stacktrace>
  at com.xemantic.typescript.compiler.TypeScriptTestSupportKt.errorsMatchBaseline(TypeScriptTestSupport.kt:125)
  at com.xemantic.typescript.compiler.TypeScriptCompilerTests_C.cannotInvokeNewOnIndexExpression_ts has expected errors matching cannotInvokeNewOnIndexExpression_errors_txt(TypeScriptCompilerTests_C.kt:581)
  at java.base/jdk.internal.reflect.DirectMethodHandleAccessor.invoke(DirectMethodHandleAccessor.java:104)
  at java.base/java.lang.reflect.Method.invoke(Method.java:565)
  at org.junit.runners.model.FrameworkMethod$1.runReflectiveCall(FrameworkMethod.java:59)
  at org.junit.internal.runners.model.ReflectiveCallable.run(ReflectiveCallable.java:12)
  at org.junit.runners.model.FrameworkMethod.invokeExplosively(FrameworkMethod.java:56)
  at org.junit.internal.runners.statements.InvokeMethod.evaluate(InvokeMethod.java:17)
  at org.junit.runners.ParentRunner$3.evaluate(ParentRunner.java:306)
  at org.junit.runners.BlockJUnit4ClassRunner$1.evaluate(BlockJUnit4ClassRunner.java:100)
  at org.junit.runners.ParentRunner.runLeaf(ParentRunner.java:366)
  at org.junit.runners.BlockJUnit4ClassRunner.runChild(BlockJUnit4ClassRunner.java:103)
  at org.junit.runners.BlockJUnit4ClassRunner.runChild(BlockJUnit4ClassRunner.java:63)
  at org.junit.runners.ParentRunner$4.run(ParentRunner.java:331)
  at org.junit.runners.ParentRunner$1.schedule(ParentRunner.java:79)
  at org.junit.runners.ParentRunner.runChildren(ParentRunner.java:329)
  at org.junit.runners.ParentRunner.access$100(ParentRunner.java:66)
  at org.junit.runners.ParentRunner$2.evaluate(ParentRunner.java:293)
  at org.junit.runners.ParentRunner$3.evaluate(ParentRunner.java:306)
  at org.junit.runners.ParentRunner.run(ParentRunner.java:413)
  at org.junit.runner.JUnitCore.run(JUnitCore.java:137)
  at org.junit.runner.JUnitCore.run(JUnitCore.java:115)
  at org.gradle.api.internal.tasks.testing.junit.JUnitTestExecutor.runRequest(JUnitTestExecutor.java:175)
  at org.gradle.api.internal.tasks.testing.junit.JUnitTestExecutor.accept(JUnitTestExecutor.java:84)
  at org.gradle.api.internal.tasks.testing.junit.JUnitTestExecutor.accept(JUnitTestExecutor.java:47)
  at org.gradle.api.internal.tasks.testing.junit.AbstractJUnitTestDefinitionProcessor.processTestDefinition(AbstractJUnitTestDefinitionProcessor.java:65)
  at org.gradle.api.internal.tasks.testing.SuiteTestDefinitionProcessor.processTestDefinition(SuiteTestDefinitionProcessor.java:54)
  at java.base/jdk.internal.reflect.DirectMethodHandleAccessor.invoke(DirectMethodHandleAccessor.java:104)
  at java.base/java.lang.reflect.Method.invoke(Method.java:565)
  at org.gradle.internal.dispatch.MethodInvocation.invokeOn(MethodInvocation.java:77)
  at org.gradle.internal.dispatch.ReflectionDispatch.dispatch(ReflectionDispatch.java:28)
  at org.gradle.internal.dispatch.ReflectionDispatch.dispatch(ReflectionDispatch.java:19)
  at org.gradle.internal.dispatch.ContextClassLoaderDispatch.dispatch(ContextClassLoaderDispatch.java:33)
  at org.gradle.internal.dispatch.ProxyDispatchAdapter$DispatchingInvocationHandler.invoke(ProxyDispatchAdapter.java:88)
  at jdk.proxy1/jdk.proxy1.$Proxy4.processTestDefinition(Unknown Source)
  at org.gradle.api.internal.tasks.testing.worker.TestWorker$2.run(TestWorker.java:178)
  at org.gradle.api.internal.tasks.testing.worker.TestWorker.executeAndMaintainThreadName(TestWorker.java:126)
  at org.gradle.api.internal.tasks.testing.worker.TestWorker.execute(TestWorker.java:103)
  at org.gradle.api.internal.tasks.testing.worker.TestWorker.execute(TestWorker.java:63)
  at org.gradle.process.internal.worker.child.ActionExecutionWorker.execute(ActionExecutionWorker.java:56)
  at org.gradle.process.internal.worker.child.SystemApplicationClassLoaderWorker.call(SystemApplicationClassLoaderWorker.java:122)
  at org.gradle.process.internal.worker.child.SystemApplicationClassLoaderWorker.call(SystemApplicationClassLoaderWorker.java:72)
  at worker.org.gradle.process.internal.worker.GradleWorkerMain.run(GradleWorkerMain.java:69)
  at worker.org.gradle.process.internal.worker.GradleWorkerMain.main(GradleWorkerMain.java:74)
</stacktrace>
</test-failure>


TypeScriptCompilerTests_C[jvm] > cannotInvokeNewOnIndexExpression_ts has expected errors matching cannotInvokeNewOnIndexExpression_errors_txt[jvm] FAILED

<test-failure test="com.xemantic.typescript.compiler.TypeScriptCompilerTests_C.complicatedGenericRecursiveBaseClassReference_ts has expected errors matching complicatedGenericRecursiveBaseClassReference_errors_txt" platform="jvm">
<message>
Expected diagnostics from baseline typescript-repo/tests/baselines/reference/complicatedGenericRecursiveBaseClassReference.errors.txt but none produced
</message>
<stacktrace>
  at com.xemantic.typescript.compiler.TypeScriptTestSupportKt.errorsMatchBaseline(TypeScriptTestSupport.kt:125)
  at com.xemantic.typescript.compiler.TypeScriptCompilerTests_C.complicatedGenericRecursiveBaseClassReference_ts has expected errors matching complicatedGenericRecursiveBaseClassReference_errors_txt(TypeScriptCompilerTests_C.kt:5194)
  at java.base/jdk.internal.reflect.DirectMethodHandleAccessor.invoke(DirectMethodHandleAccessor.java:104)
  at java.base/java.lang.reflect.Method.invoke(Method.java:565)
  at org.junit.runners.model.FrameworkMethod$1.runReflectiveCall(FrameworkMethod.java:59)
  at org.junit.internal.runners.model.ReflectiveCallable.run(ReflectiveCallable.java:12)
  at org.junit.runners.model.FrameworkMethod.invokeExplosively(FrameworkMethod.java:56)
  at org.junit.internal.runners.statements.InvokeMethod.evaluate(InvokeMethod.java:17)
  at org.junit.runners.ParentRunner$3.evaluate(ParentRunner.java:306)
  at org.junit.runners.BlockJUnit4ClassRunner$1.evaluate(BlockJUnit4ClassRunner.java:100)
  at org.junit.runners.ParentRunner.runLeaf(ParentRunner.java:366)
  at org.junit.runners.BlockJUnit4ClassRunner.runChild(BlockJUnit4ClassRunner.java:103)
  at org.junit.runners.BlockJUnit4ClassRunner.runChild(BlockJUnit4ClassRunner.java:63)
  at org.junit.runners.ParentRunner$4.run(ParentRunner.java:331)
  at org.junit.runners.ParentRunner$1.schedule(ParentRunner.java:79)
  at org.junit.runners.ParentRunner.runChildren(ParentRunner.java:329)
  at org.junit.runners.ParentRunner.access$100(ParentRunner.java:66)
  at org.junit.runners.ParentRunner$2.evaluate(ParentRunner.java:293)
  at org.junit.runners.ParentRunner$3.evaluate(ParentRunner.java:306)
  at org.junit.runners.ParentRunner.run(ParentRunner.java:413)
  at org.junit.runner.JUnitCore.run(JUnitCore.java:137)
  at org.junit.runner.JUnitCore.run(JUnitCore.java:115)
  at org.gradle.api.internal.tasks.testing.junit.JUnitTestExecutor.runRequest(JUnitTestExecutor.java:175)
  at org.gradle.api.internal.tasks.testing.junit.JUnitTestExecutor.accept(JUnitTestExecutor.java:84)
  at org.gradle.api.internal.tasks.testing.junit.JUnitTestExecutor.accept(JUnitTestExecutor.java:47)
  at org.gradle.api.internal.tasks.testing.junit.AbstractJUnitTestDefinitionProcessor.processTestDefinition(AbstractJUnitTestDefinitionProcessor.java:65)
  at org.gradle.api.internal.tasks.testing.SuiteTestDefinitionProcessor.processTestDefinition(SuiteTestDefinitionProcessor.java:54)
  at java.base/jdk.internal.reflect.DirectMethodHandleAccessor.invoke(DirectMethodHandleAccessor.java:104)
  at java.base/java.lang.reflect.Method.invoke(Method.java:565)
  at org.gradle.internal.dispatch.MethodInvocation.invokeOn(MethodInvocation.java:77)
  at org.gradle.internal.dispatch.ReflectionDispatch.dispatch(ReflectionDispatch.java:28)
  at org.gradle.internal.dispatch.ReflectionDispatch.dispatch(ReflectionDispatch.java:19)
  at org.gradle.internal.dispatch.ContextClassLoaderDispatch.dispatch(ContextClassLoaderDispatch.java:33)
  at org.gradle.internal.dispatch.ProxyDispatchAdapter$DispatchingInvocationHandler.invoke(ProxyDispatchAdapter.java:88)
  at jdk.proxy1/jdk.proxy1.$Proxy4.processTestDefinition(Unknown Source)
  at org.gradle.api.internal.tasks.testing.worker.TestWorker$2.run(TestWorker.java:178)
  at org.gradle.api.internal.tasks.testing.worker.TestWorker.executeAndMaintainThreadName(TestWorker.java:126)
  at org.gradle.api.internal.tasks.testing.worker.TestWorker.execute(TestWorker.java:103)
  at org.gradle.api.internal.tasks.testing.worker.TestWorker.execute(TestWorker.java:63)
  at org.gradle.process.internal.worker.child.ActionExecutionWorker.execute(ActionExecutionWorker.java:56)
  at org.gradle.process.internal.worker.child.SystemApplicationClassLoaderWorker.call(SystemApplicationClassLoaderWorker.java:122)
  at org.gradle.process.internal.worker.child.SystemApplicationClassLoaderWorker.call(SystemApplicationClassLoaderWorker.java:72)
  at worker.org.gradle.process.internal.worker.GradleWorkerMain.run(GradleWorkerMain.java:69)
  at worker.org.gradle.process.internal.worker.GradleWorkerMain.main(GradleWorkerMain.java:74)
</stacktrace>
</test-failure>


TypeScriptCompilerTests_C[jvm] > complicatedGenericRecursiveBaseClassReference_ts has expected errors matching complicatedGenericRecursiveBaseClassReference_errors_txt[jvm] FAILED

<test-failure test="com.xemantic.typescript.compiler.TypeScriptCompilerTests_C.commonJsExportTypeDeclarationError_ts__target_es5__has expected errors matching baseline" platform="jvm">
<message>
--- expected
+++ actual
@@ -1,8 +1,5 @@
 error TS5107: Option 'target=ES5' is deprecated and will stop functioning in TypeScript 7.0. Specify compilerOption '"ignoreDeprecations": "6.0"' to silence this error.
-types1.ts(2,17): error TS1110: Type expected.
-types1.ts(3,1): error TS1005: '=' expected.
-types2.ts(2,19): error TS1110: Type expected.
-types3.ts(2,13): error TS2456: Type alias 'test' circularly references itself.
+./types1.ts(3,1): error TS1005: '=' expected.
 
 
 !!! error TS5107: Option 'target=ES5' is deprecated and will stop functioning in TypeScript 7.0. Specify compilerOption '"ignoreDeprecations": "6.0"' to silence this error.
@@ -11,22 +8,16 @@
        message: ""
     }
     
-==== ./types1.ts (2 errors) ====
+==== ./types1.ts (1 errors) ====
     import test from "./test";
     export type test
-                    
-!!! error TS1110: Type expected.
     
     
 !!! error TS1005: '=' expected.
-==== ./types2.ts (1 errors) ====
+==== ./types2.ts (0 errors) ====
     import test from "./test";
     export type test = 
-                      
-!!! error TS1110: Type expected.
     
-==== ./types3.ts (1 errors) ====
+==== ./types3.ts (0 errors) ====
     import test from "./test";
     export type test = test;
-                ~~~~
-!!! error TS2456: Type alias 'test' circularly references itself.

</message>
<stacktrace>
  at org.junit.Assert.fail(Assert.java:89)
  at kotlin.test.junit.JUnitAsserter.fail(JUnitSupport.kt:56)
  at kotlin.test.AssertionsKt__AssertionsKt.fail(Assertions.kt:563)
  at kotlin.test.AssertionsKt.fail(Unknown Source)
  at com.xemantic.kotlin.test.SameAsKt.sameAs(SameAs.kt:52)
  at com.xemantic.typescript.compiler.TypeScriptTestSupportKt.errorsMatchBaseline(TypeScriptTestSupport.kt:135)
  at com.xemantic.typescript.compiler.TypeScriptCompilerTests_C.commonJsExportTypeDeclarationError_ts__target_es5__has expected errors matching baseline(TypeScriptCompilerTests_C.kt:4963)
  at java.base/jdk.internal.reflect.DirectMethodHandleAccessor.invoke(DirectMethodHandleAccessor.java:104)
  at java.base/java.lang.reflect.Method.invoke(Method.java:565)
  at org.junit.runners.model.FrameworkMethod$1.runReflectiveCall(FrameworkMethod.java:59)
  at org.junit.internal.runners.model.ReflectiveCallable.run(ReflectiveCallable.java:12)
  at org.junit.runners.model.FrameworkMethod.invokeExplosively(FrameworkMethod.java:56)
  at org.junit.internal.runners.statements.InvokeMethod.evaluate(InvokeMethod.java:17)
  at org.junit.runners.ParentRunner$3.evaluate(ParentRunner.java:306)
  at org.junit.runners.BlockJUnit4ClassRunner$1.evaluate(BlockJUnit4ClassRunner.java:100)
  at org.junit.runners.ParentRunner.runLeaf(ParentRunner.java:366)
  at org.junit.runners.BlockJUnit4ClassRunner.runChild(BlockJUnit4ClassRunner.java:103)
  at org.junit.runners.BlockJUnit4ClassRunner.runChild(BlockJUnit4ClassRunner.java:63)
  at org.junit.runners.ParentRunner$4.run(ParentRunner.java:331)
  at org.junit.runners.ParentRunner$1.schedule(ParentRunner.java:79)
  at org.junit.runners.ParentRunner.runChildren(ParentRunner.java:329)
  at org.junit.runners.ParentRunner.access$100(ParentRunner.java:66)
  at org.junit.runners.ParentRunner$2.evaluate(ParentRunner.java:293)
  at org.junit.runners.ParentRunner$3.evaluate(ParentRunner.java:306)
  at org.junit.runners.ParentRunner.run(ParentRunner.java:413)
  at org.junit.runner.JUnitCore.run(JUnitCore.java:137)
  at org.junit.runner.JUnitCore.run(JUnitCore.java:115)
  at org.gradle.api.internal.tasks.testing.junit.JUnitTestExecutor.runRequest(JUnitTestExecutor.java:175)
  at org.gradle.api.internal.tasks.testing.junit.JUnitTestExecutor.accept(JUnitTestExecutor.java:84)
  at org.gradle.api.internal.tasks.testing.junit.JUnitTestExecutor.accept(JUnitTestExecutor.java:47)
  at org.gradle.api.internal.tasks.testing.junit.AbstractJUnitTestDefinitionProcessor.processTestDefinition(AbstractJUnitTestDefinitionProcessor.java:65)
  at org.gradle.api.internal.tasks.testing.SuiteTestDefinitionProcessor.processTestDefinition(SuiteTestDefinitionProcessor.java:54)
  at java.base/jdk.internal.reflect.DirectMethodHandleAccessor.invoke(DirectMethodHandleAccessor.java:104)
  at java.base/java.lang.reflect.Method.invoke(Method.java:565)
  at org.gradle.internal.dispatch.MethodInvocation.invokeOn(MethodInvocation.java:77)
  at org.gradle.internal.dispatch.ReflectionDispatch.dispatch(ReflectionDispatch.java:28)
  at org.gradle.internal.dispatch.ReflectionDispatch.dispatch(ReflectionDispatch.java:19)
  at org.gradle.internal.dispatch.ContextClassLoaderDispatch.dispatch(ContextClassLoaderDispatch.java:33)
  at org.gradle.internal.dispatch.ProxyDispatchAdapter$DispatchingInvocationHandler.invoke(ProxyDispatchAdapter.java:88)
  at jdk.proxy1/jdk.proxy1.$Proxy4.processTestDefinition(Unknown Source)
  at org.gradle.api.internal.tasks.testing.worker.TestWorker$2.run(TestWorker.java:178)
  at org.gradle.api.internal.tasks.testing.worker.TestWorker.executeAndMaintainThreadName(TestWorker.java:126)
  at org.gradle.api.internal.tasks.testing.worker.TestWorker.execute(TestWorker.java:103)
  at org.gradle.api.internal.tasks.testing.worker.TestWorker.execute(TestWorker.java:63)
  at org.gradle.process.internal.worker.child.ActionExecutionWorker.execute(ActionExecutionWorker.java:56)
  at org.gradle.process.internal.worker.child.SystemApplicationClassLoaderWorker.call(SystemApplicationClassLoaderWorker.java:122)
  at org.gradle.process.internal.worker.child.SystemApplicationClassLoaderWorker.call(SystemApplicationClassLoaderWorker.java:72)
  at worker.org.gradle.process.internal.worker.GradleWorkerMain.run(GradleWorkerMain.java:69)
  at worker.org.gradle.process.internal.worker.GradleWorkerMain.main(GradleWorkerMain.java:74)
</stacktrace>
</test-failure>


TypeScriptCompilerTests_C[jvm] > commonJsExportTypeDeclarationError_ts__target_es5__has expected errors matching baseline[jvm] FAILED

<test-failure test="com.xemantic.typescript.compiler.TypeScriptCompilerTests_C.checkForObjectTooStrict_ts__target_es5__has expected errors matching baseline" platform="jvm">
<message>
--- expected
+++ actual
@@ -1,14 +1,11 @@
 error TS5107: Option 'target=ES5' is deprecated and will stop functioning in TypeScript 7.0. Specify compilerOption '"ignoreDeprecations": "6.0"' to silence this error.
-checkForObjectTooStrict.ts(3,18): error TS2725: Class name cannot be 'Object' when targeting ES5 and above with module CommonJS.
 
 
 !!! error TS5107: Option 'target=ES5' is deprecated and will stop functioning in TypeScript 7.0. Specify compilerOption '"ignoreDeprecations": "6.0"' to silence this error.
-==== checkForObjectTooStrict.ts (1 errors) ====
+==== checkForObjectTooStrict.ts (0 errors) ====
     namespace Foo {
     
         export class Object {
-                     ~~~~~~
-!!! error TS2725: Class name cannot be 'Object' when targeting ES5 and above with module CommonJS.
     
         }
     

</message>
<stacktrace>
  at org.junit.Assert.fail(Assert.java:89)
  at kotlin.test.junit.JUnitAsserter.fail(JUnitSupport.kt:56)
  at kotlin.test.AssertionsKt__AssertionsKt.fail(Assertions.kt:563)
  at kotlin.test.AssertionsKt.fail(Unknown Source)
  at com.xemantic.kotlin.test.SameAsKt.sameAs(SameAs.kt:52)
  at com.xemantic.typescript.compiler.TypeScriptTestSupportKt.errorsMatchBaseline(TypeScriptTestSupport.kt:135)
  at com.xemantic.typescript.compiler.TypeScriptCompilerTests_C.checkForObjectTooStrict_ts__target_es5__has expected errors matching baseline(TypeScriptCompilerTests_C.kt:1155)
  at java.base/jdk.internal.reflect.DirectMethodHandleAccessor.invoke(DirectMethodHandleAccessor.java:104)
  at java.base/java.lang.reflect.Method.invoke(Method.java:565)
  at org.junit.runners.model.FrameworkMethod$1.runReflectiveCall(FrameworkMethod.java:59)
  at org.junit.internal.runners.model.ReflectiveCallable.run(ReflectiveCallable.java:12)
  at org.junit.runners.model.FrameworkMethod.invokeExplosively(FrameworkMethod.java:56)
  at org.junit.internal.runners.statements.InvokeMethod.evaluate(InvokeMethod.java:17)
  at org.junit.runners.ParentRunner$3.evaluate(ParentRunner.java:306)
  at org.junit.runners.BlockJUnit4ClassRunner$1.evaluate(BlockJUnit4ClassRunner.java:100)
  at org.junit.runners.ParentRunner.runLeaf(ParentRunner.java:366)
  at org.junit.runners.BlockJUnit4ClassRunner.runChild(BlockJUnit4ClassRunner.java:103)
  at org.junit.runners.BlockJUnit4ClassRunner.runChild(BlockJUnit4ClassRunner.java:63)
  at org.junit.runners.ParentRunner$4.run(ParentRunner.java:331)
  at org.junit.runners.ParentRunner$1.schedule(ParentRunner.java:79)
  at org.junit.runners.ParentRunner.runChildren(ParentRunner.java:329)
  at org.junit.runners.ParentRunner.access$100(ParentRunner.java:66)
  at org.junit.runners.ParentRunner$2.evaluate(ParentRunner.java:293)
  at org.junit.runners.ParentRunner$3.evaluate(ParentRunner.java:306)
  at org.junit.runners.ParentRunner.run(ParentRunner.java:413)
  at org.junit.runner.JUnitCore.run(JUnitCore.java:137)
  at org.junit.runner.JUnitCore.run(JUnitCore.java:115)
  at org.gradle.api.internal.tasks.testing.junit.JUnitTestExecutor.runRequest(JUnitTestExecutor.java:175)
  at org.gradle.api.internal.tasks.testing.junit.JUnitTestExecutor.accept(JUnitTestExecutor.java:84)
  at org.gradle.api.internal.tasks.testing.junit.JUnitTestExecutor.accept(JUnitTestExecutor.java:47)
  at org.gradle.api.internal.tasks.testing.junit.AbstractJUnitTestDefinitionProcessor.processTestDefinition(AbstractJUnitTestDefinitionProcessor.java:65)
  at org.gradle.api.internal.tasks.testing.SuiteTestDefinitionProcessor.processTestDefinition(SuiteTestDefinitionProcessor.java:54)
  at java.base/jdk.internal.reflect.DirectMethodHandleAccessor.invoke(DirectMethodHandleAccessor.java:104)
  at java.base/java.lang.reflect.Method.invoke(Method.java:565)
  at org.gradle.internal.dispatch.MethodInvocation.invokeOn(MethodInvocation.java:77)
  at org.gradle.internal.dispatch.ReflectionDispatch.dispatch(ReflectionDispatch.java:28)
  at org.gradle.internal.dispatch.ReflectionDispatch.dispatch(ReflectionDispatch.java:19)
  at org.gradle.internal.dispatch.ContextClassLoaderDispatch.dispatch(ContextClassLoaderDispatch.java:33)
  at org.gradle.internal.dispatch.ProxyDispatchAdapter$DispatchingInvocationHandler.invoke(ProxyDispatchAdapter.java:88)
  at jdk.proxy1/jdk.proxy1.$Proxy4.processTestDefinition(Unknown Source)
  at org.gradle.api.internal.tasks.testing.worker.TestWorker$2.run(TestWorker.java:178)
  at org.gradle.api.internal.tasks.testing.worker.TestWorker.executeAndMaintainThreadName(TestWorker.java:126)
  at org.gradle.api.internal.tasks.testing.worker.TestWorker.execute(TestWorker.java:103)
  at org.gradle.api.internal.tasks.testing.worker.TestWorker.execute(TestWorker.java:63)
  at org.gradle.process.internal.worker.child.ActionExecutionWorker.execute(ActionExecutionWorker.java:56)
  at org.gradle.process.internal.worker.child.SystemApplicationClassLoaderWorker.call(SystemApplicationClassLoaderWorker.java:122)
  at org.gradle.process.internal.worker.child.SystemApplicationClassLoaderWorker.call(SystemApplicationClassLoaderWorker.java:72)
  at worker.org.gradle.process.internal.worker.GradleWorkerMain.run(GradleWorkerMain.java:69)
  at worker.org.gradle.process.internal.worker.GradleWorkerMain.main(GradleWorkerMain.java:74)
</stacktrace>
</test-failure>


TypeScriptCompilerTests_C[jvm] > checkForObjectTooStrict_ts__target_es5__has expected errors matching baseline[jvm] FAILED

<test-failure test="com.xemantic.typescript.compiler.TypeScriptCompilerTests_C.contextualTypeBasedOnIntersectionWithAnyInTheMix4_ts has expected errors matching contextualTypeBasedOnIntersectionWithAnyInTheMix4_errors_txt" platform="jvm">
<message>
--- expected
+++ actual
@@ -1,15 +1,21 @@
-contextualTypeBasedOnIntersectionWithAnyInTheMix4.ts(33,12): error TS2322: Type '"bar"' is not assignable to type '"foo"'.
-contextualTypeBasedOnIntersectionWithAnyInTheMix4.ts(48,15): error TS2322: Type '"bar"' is not assignable to type '"foo"'.
+contextualTypeBasedOnIntersectionWithAnyInTheMix4.ts(6,7): error TS7006: Parameter 'arg' implicitly has an 'any' type.
+contextualTypeBasedOnIntersectionWithAnyInTheMix4.ts(7,7): error TS7006: Parameter 'arg' implicitly has an 'any' type.
+contextualTypeBasedOnIntersectionWithAnyInTheMix4.ts(17,7): error TS7006: Parameter 'arg' implicitly has an 'any' type.
+contextualTypeBasedOnIntersectionWithAnyInTheMix4.ts(18,7): error TS7006: Parameter 'arg' implicitly has an 'any' type.
 
 
-==== contextualTypeBasedOnIntersectionWithAnyInTheMix4.ts (2 errors) ====
+==== contextualTypeBasedOnIntersectionWithAnyInTheMix4.ts (4 errors) ====
     declare function test1(
       arg: { a: (arg: number) => void } & { [k: string]: (arg: any) => void },
     ): unknown;
     
     test1({
       a: (arg) => {},
+          ~~~
+!!! error TS7006: Parameter 'arg' implicitly has an 'any' type.
       b: (arg) => {},
+          ~~~
+!!! error TS7006: Parameter 'arg' implicitly has an 'any' type.
     });
     
     declare function test2(
@@ -20,7 +26,11 @@
     
     test2({
       a: (arg) => {},
+          ~~~
+!!! error TS7006: Parameter 'arg' implicitly has an 'any' type.
       b: (arg) => {},
+          ~~~
+!!! error TS7006: Parameter 'arg' implicitly has an 'any' type.
     });
     
     declare function test3(
@@ -36,9 +46,6 @@
     
     test3({
       a: () => "bar",
-               ~~~~~
-!!! error TS2322: Type '"bar"' is not assignable to type '"foo"'.
-!!! related TS6502 contextualTypeBasedOnIntersectionWithAnyInTheMix4.ts:22:13: The expected type comes from the return type of this signature.
     });
     
     declare function test4(
@@ -54,7 +61,4 @@
     
     test4({
       a: () => ({ prop: "bar" }),
-                  ~~~~
-!!! error TS2322: Type '"bar"' is not assignable to type '"foo"'.
-!!! related TS6500 contextualTypeBasedOnIntersectionWithAnyInTheMix4.ts:37:21: The expected type comes from property 'prop' which is declared here on type '{ prop: "foo"; }'
     });

</message>
<stacktrace>
  at org.junit.Assert.fail(Assert.java:89)
  at kotlin.test.junit.JUnitAsserter.fail(JUnitSupport.kt:56)
  at kotlin.test.AssertionsKt__AssertionsKt.fail(Assertions.kt:563)
  at kotlin.test.AssertionsKt.fail(Unknown Source)
  at com.xemantic.kotlin.test.SameAsKt.sameAs(SameAs.kt:52)
  at com.xemantic.typescript.compiler.TypeScriptTestSupportKt.errorsMatchBaseline(TypeScriptTestSupport.kt:135)
  at com.xemantic.typescript.compiler.TypeScriptCompilerTests_C.contextualTypeBasedOnIntersectionWithAnyInTheMix4_ts has expected errors matching contextualTypeBasedOnIntersectionWithAnyInTheMix4_errors_txt(TypeScriptCompilerTests_C.kt:7301)
  at java.base/jdk.internal.reflect.DirectMethodHandleAccessor.invoke(DirectMethodHandleAccessor.java:104)
  at java.base/java.lang.reflect.Method.invoke(Method.java:565)
  at org.junit.runners.model.FrameworkMethod$1.runReflectiveCall(FrameworkMethod.java:59)
  at org.junit.internal.runners.model.ReflectiveCallable.run(ReflectiveCallable.java:12)
  at org.junit.runners.model.FrameworkMethod.invokeExplosively(FrameworkMethod.java:56)
  at org.junit.internal.runners.statements.InvokeMethod.evaluate(InvokeMethod.java:17)
  at org.junit.runners.ParentRunner$3.evaluate(ParentRunner.java:306)
  at org.junit.runners.BlockJUnit4ClassRunner$1.evaluate(BlockJUnit4ClassRunner.java:100)
  at org.junit.runners.ParentRunner.runLeaf(ParentRunner.java:366)
  at org.junit.runners.BlockJUnit4ClassRunner.runChild(BlockJUnit4ClassRunner.java:103)
  at org.junit.runners.BlockJUnit4ClassRunner.runChild(BlockJUnit4ClassRunner.java:63)
  at org.junit.runners.ParentRunner$4.run(ParentRunner.java:331)
  at org.junit.runners.ParentRunner$1.schedule(ParentRunner.java:79)
  at org.junit.runners.ParentRunner.runChildren(ParentRunner.java:329)
  at org.junit.runners.ParentRunner.access$100(ParentRunner.java:66)
  at org.junit.runners.ParentRunner$2.evaluate(ParentRunner.java:293)
  at org.junit.runners.ParentRunner$3.evaluate(ParentRunner.java:306)
  at org.junit.runners.ParentRunner.run(ParentRunner.java:413)
  at org.junit.runner.JUnitCore.run(JUnitCore.java:137)
  at org.junit.runner.JUnitCore.run(JUnitCore.java:115)
  at org.gradle.api.internal.tasks.testing.junit.JUnitTestExecutor.runRequest(JUnitTestExecutor.java:175)
  at org.gradle.api.internal.tasks.testing.junit.JUnitTestExecutor.accept(JUnitTestExecutor.java:84)
  at org.gradle.api.internal.tasks.testing.junit.JUnitTestExecutor.accept(JUnitTestExecutor.java:47)
  at org.gradle.api.internal.tasks.testing.junit.AbstractJUnitTestDefinitionProcessor.processTestDefinition(AbstractJUnitTestDefinitionProcessor.java:65)
  at org.gradle.api.internal.tasks.testing.SuiteTestDefinitionProcessor.processTestDefinition(SuiteTestDefinitionProcessor.java:54)
  at java.base/jdk.internal.reflect.DirectMethodHandleAccessor.invoke(DirectMethodHandleAccessor.java:104)
  at java.base/java.lang.reflect.Method.invoke(Method.java:565)
  at org.gradle.internal.dispatch.MethodInvocation.invokeOn(MethodInvocation.java:77)
  at org.gradle.internal.dispatch.ReflectionDispatch.dispatch(ReflectionDispatch.java:28)
  at org.gradle.internal.dispatch.ReflectionDispatch.dispatch(ReflectionDispatch.java:19)
  at org.gradle.internal.dispatch.ContextClassLoaderDispatch.dispatch(ContextClassLoaderDispatch.java:33)
  at org.gradle.internal.dispatch.ProxyDispatchAdapter$DispatchingInvocationHandler.invoke(ProxyDispatchAdapter.java:88)
  at jdk.proxy1/jdk.proxy1.$Proxy4.processTestDefinition(Unknown Source)
  at org.gradle.api.internal.tasks.testing.worker.TestWorker$2.run(TestWorker.java:178)
  at org.gradle.api.internal.tasks.testing.worker.TestWorker.executeAndMaintainThreadName(TestWorker.java:126)
  at org.gradle.api.internal.tasks.testing.worker.TestWorker.execute(TestWorker.java:103)
  at org.gradle.api.internal.tasks.testing.worker.TestWorker.execute(TestWorker.java:63)
  at org.gradle.process.internal.worker.child.ActionExecutionWorker.execute(ActionExecutionWorker.java:56)
  at org.gradle.process.internal.worker.child.SystemApplicationClassLoaderWorker.call(SystemApplicationClassLoaderWorker.java:122)
  at org.gradle.process.internal.worker.child.SystemApplicationClassLoaderWorker.call(SystemApplicationClassLoaderWorker.java:72)
  at worker.org.gradle.process.internal.worker.GradleWorkerMain.run(GradleWorkerMain.java:69)
  at worker.org.gradle.process.internal.worker.GradleWorkerMain.main(GradleWorkerMain.java:74)
</stacktrace>
</test-failure>


TypeScriptCompilerTests_C[jvm] > contextualTypeBasedOnIntersectionWithAnyInTheMix4_ts has expected errors matching contextualTypeBasedOnIntersectionWithAnyInTheMix4_errors_txt[jvm] FAILED

<test-failure test="com.xemantic.typescript.compiler.TypeScriptCompilerTests_C.constructorOverloads1_ts has expected errors matching constructorOverloads1_errors_txt" platform="jvm">
<message>
Expected diagnostics from baseline typescript-repo/tests/baselines/reference/constructorOverloads1.errors.txt but none produced
</message>
<stacktrace>
  at com.xemantic.typescript.compiler.TypeScriptTestSupportKt.errorsMatchBaseline(TypeScriptTestSupport.kt:125)
  at com.xemantic.typescript.compiler.TypeScriptCompilerTests_C.constructorOverloads1_ts has expected errors matching constructorOverloads1_errors_txt(TypeScriptCompilerTests_C.kt:6818)
  at java.base/jdk.internal.reflect.DirectMethodHandleAccessor.invoke(DirectMethodHandleAccessor.java:104)
  at java.base/java.lang.reflect.Method.invoke(Method.java:565)
  at org.junit.runners.model.FrameworkMethod$1.runReflectiveCall(FrameworkMethod.java:59)
  at org.junit.internal.runners.model.ReflectiveCallable.run(ReflectiveCallable.java:12)
  at org.junit.runners.model.FrameworkMethod.invokeExplosively(FrameworkMethod.java:56)
  at org.junit.internal.runners.statements.InvokeMethod.evaluate(InvokeMethod.java:17)
  at org.junit.runners.ParentRunner$3.evaluate(ParentRunner.java:306)
  at org.junit.runners.BlockJUnit4ClassRunner$1.evaluate(BlockJUnit4ClassRunner.java:100)
  at org.junit.runners.ParentRunner.runLeaf(ParentRunner.java:366)
  at org.junit.runners.BlockJUnit4ClassRunner.runChild(BlockJUnit4ClassRunner.java:103)
  at org.junit.runners.BlockJUnit4ClassRunner.runChild(BlockJUnit4ClassRunner.java:63)
  at org.junit.runners.ParentRunner$4.run(ParentRunner.java:331)
  at org.junit.runners.ParentRunner$1.schedule(ParentRunner.java:79)
  at org.junit.runners.ParentRunner.runChildren(ParentRunner.java:329)
  at org.junit.runners.ParentRunner.access$100(ParentRunner.java:66)
  at org.junit.runners.ParentRunner$2.evaluate(ParentRunner.java:293)
  at org.junit.runners.ParentRunner$3.evaluate(ParentRunner.java:306)
  at org.junit.runners.ParentRunner.run(ParentRunner.java:413)
  at org.junit.runner.JUnitCore.run(JUnitCore.java:137)
  at org.junit.runner.JUnitCore.run(JUnitCore.java:115)
  at org.gradle.api.internal.tasks.testing.junit.JUnitTestExecutor.runRequest(JUnitTestExecutor.java:175)
  at org.gradle.api.internal.tasks.testing.junit.JUnitTestExecutor.accept(JUnitTestExecutor.java:84)
  at org.gradle.api.internal.tasks.testing.junit.JUnitTestExecutor.accept(JUnitTestExecutor.java:47)
  at org.gradle.api.internal.tasks.testing.junit.AbstractJUnitTestDefinitionProcessor.processTestDefinition(AbstractJUnitTestDefinitionProcessor.java:65)
  at org.gradle.api.internal.tasks.testing.SuiteTestDefinitionProcessor.processTestDefinition(SuiteTestDefinitionProcessor.java:54)
  at java.base/jdk.internal.reflect.DirectMethodHandleAccessor.invoke(DirectMethodHandleAccessor.java:104)
  at java.base/java.lang.reflect.Method.invoke(Method.java:565)
  at org.gradle.internal.dispatch.MethodInvocation.invokeOn(MethodInvocation.java:77)
  at org.gradle.internal.dispatch.ReflectionDispatch.dispatch(ReflectionDispatch.java:28)
  at org.gradle.internal.dispatch.ReflectionDispatch.dispatch(ReflectionDispatch.java:19)
  at org.gradle.internal.dispatch.ContextClassLoaderDispatch.dispatch(ContextClassLoaderDispatch.java:33)
  at org.gradle.internal.dispatch.ProxyDispatchAdapter$DispatchingInvocationHandler.invoke(ProxyDispatchAdapter.java:88)
  at jdk.proxy1/jdk.proxy1.$Proxy4.processTestDefinition(Unknown Source)
  at org.gradle.api.internal.tasks.testing.worker.TestWorker$2.run(TestWorker.java:178)
  at org.gradle.api.internal.tasks.testing.worker.TestWorker.executeAndMaintainThreadName(TestWorker.java:126)
  at org.gradle.api.internal.tasks.testing.worker.TestWorker.execute(TestWorker.java:103)
  at org.gradle.api.internal.tasks.testing.worker.TestWorker.execute(TestWorker.java:63)
  at org.gradle.process.internal.worker.child.ActionExecutionWorker.execute(ActionExecutionWorker.java:56)
  at org.gradle.process.internal.worker.child.SystemApplicationClassLoaderWorker.call(SystemApplicationClassLoaderWorker.java:122)
  at org.gradle.process.internal.worker.child.SystemApplicationClassLoaderWorker.call(SystemApplicationClassLoaderWorker.java:72)
  at worker.org.gradle.process.internal.worker.GradleWorkerMain.run(GradleWorkerMain.java:69)
  at worker.org.gradle.process.internal.worker.GradleWorkerMain.main(GradleWorkerMain.java:74)
</stacktrace>
</test-failure>


TypeScriptCompilerTests_C[jvm] > constructorOverloads1_ts has expected errors matching constructorOverloads1_errors_txt[jvm] FAILED

<test-failure test="com.xemantic.typescript.compiler.TypeScriptCompilerTests_C.compareTypeParameterConstrainedByLiteralToLiteral_ts has expected errors matching compareTypeParameterConstrainedByLiteralToLiteral_errors_txt" platform="jvm">
<message>
Expected diagnostics from baseline typescript-repo/tests/baselines/reference/compareTypeParameterConstrainedByLiteralToLiteral.errors.txt but none produced
</message>
<stacktrace>
  at com.xemantic.typescript.compiler.TypeScriptTestSupportKt.errorsMatchBaseline(TypeScriptTestSupport.kt:125)
  at com.xemantic.typescript.compiler.TypeScriptCompilerTests_C.compareTypeParameterConstrainedByLiteralToLiteral_ts has expected errors matching compareTypeParameterConstrainedByLiteralToLiteral_errors_txt(TypeScriptCompilerTests_C.kt:5117)
  at java.base/jdk.internal.reflect.DirectMethodHandleAccessor.invoke(DirectMethodHandleAccessor.java:104)
  at java.base/java.lang.reflect.Method.invoke(Method.java:565)
  at org.junit.runners.model.FrameworkMethod$1.runReflectiveCall(FrameworkMethod.java:59)
  at org.junit.internal.runners.model.ReflectiveCallable.run(ReflectiveCallable.java:12)
  at org.junit.runners.model.FrameworkMethod.invokeExplosively(FrameworkMethod.java:56)
  at org.junit.internal.runners.statements.InvokeMethod.evaluate(InvokeMethod.java:17)
  at org.junit.runners.ParentRunner$3.evaluate(ParentRunner.java:306)
  at org.junit.runners.BlockJUnit4ClassRunner$1.evaluate(BlockJUnit4ClassRunner.java:100)
  at org.junit.runners.ParentRunner.runLeaf(ParentRunner.java:366)
  at org.junit.runners.BlockJUnit4ClassRunner.runChild(BlockJUnit4ClassRunner.java:103)
  at org.junit.runners.BlockJUnit4ClassRunner.runChild(BlockJUnit4ClassRunner.java:63)
  at org.junit.runners.ParentRunner$4.run(ParentRunner.java:331)
  at org.junit.runners.ParentRunner$1.schedule(ParentRunner.java:79)
  at org.junit.runners.ParentRunner.runChildren(ParentRunner.java:329)
  at org.junit.runners.ParentRunner.access$100(ParentRunner.java:66)
  at org.junit.runners.ParentRunner$2.evaluate(ParentRunner.java:293)
  at org.junit.runners.ParentRunner$3.evaluate(ParentRunner.java:306)
  at org.junit.runners.ParentRunner.run(ParentRunner.java:413)
  at org.junit.runner.JUnitCore.run(JUnitCore.java:137)
  at org.junit.runner.JUnitCore.run(JUnitCore.java:115)
  at org.gradle.api.internal.tasks.testing.junit.JUnitTestExecutor.runRequest(JUnitTestExecutor.java:175)
  at org.gradle.api.internal.tasks.testing.junit.JUnitTestExecutor.accept(JUnitTestExecutor.java:84)
  at org.gradle.api.internal.tasks.testing.junit.JUnitTestExecutor.accept(JUnitTestExecutor.java:47)
  at org.gradle.api.internal.tasks.testing.junit.AbstractJUnitTestDefinitionProcessor.processTestDefinition(AbstractJUnitTestDefinitionProcessor.java:65)
  at org.gradle.api.internal.tasks.testing.SuiteTestDefinitionProcessor.processTestDefinition(SuiteTestDefinitionProcessor.java:54)
  at java.base/jdk.internal.reflect.DirectMethodHandleAccessor.invoke(DirectMethodHandleAccessor.java:104)
  at java.base/java.lang.reflect.Method.invoke(Method.java:565)
  at org.gradle.internal.dispatch.MethodInvocation.invokeOn(MethodInvocation.java:77)
  at org.gradle.internal.dispatch.ReflectionDispatch.dispatch(ReflectionDispatch.java:28)
  at org.gradle.internal.dispatch.ReflectionDispatch.dispatch(ReflectionDispatch.java:19)
  at org.gradle.internal.dispatch.ContextClassLoaderDispatch.dispatch(ContextClassLoaderDispatch.java:33)
  at org.gradle.internal.dispatch.ProxyDispatchAdapter$DispatchingInvocationHandler.invoke(ProxyDispatchAdapter.java:88)
  at jdk.proxy1/jdk.proxy1.$Proxy4.processTestDefinition(Unknown Source)
  at org.gradle.api.internal.tasks.testing.worker.TestWorker$2.run(TestWorker.java:178)
  at org.gradle.api.internal.tasks.testing.worker.TestWorker.executeAndMaintainThreadName(TestWorker.java:126)
  at org.gradle.api.internal.tasks.testing.worker.TestWorker.execute(TestWorker.java:103)
  at org.gradle.api.internal.tasks.testing.worker.TestWorker.execute(TestWorker.java:63)
  at org.gradle.process.internal.worker.child.ActionExecutionWorker.execute(ActionExecutionWorker.java:56)
  at org.gradle.process.internal.worker.child.SystemApplicationClassLoaderWorker.call(SystemApplicationClassLoaderWorker.java:122)
  at org.gradle.process.internal.worker.child.SystemApplicationClassLoaderWorker.call(SystemApplicationClassLoaderWorker.java:72)
  at worker.org.gradle.process.internal.worker.GradleWorkerMain.run(GradleWorkerMain.java:69)
  at worker.org.gradle.process.internal.worker.GradleWorkerMain.main(GradleWorkerMain.java:74)
</stacktrace>
</test-failure>


TypeScriptCompilerTests_C[jvm] > compareTypeParameterConstrainedByLiteralToLiteral_ts has expected errors matching compareTypeParameterConstrainedByLiteralToLiteral_errors_txt[jvm] FAILED

<test-failure test="com.xemantic.typescript.compiler.TypeScriptCompilerTests_C.classIndexer2_ts has expected errors matching classIndexer2_errors_txt" platform="jvm">
<message>
--- expected
+++ actual
@@ -1,9 +1,8 @@
 classIndexer2.ts(3,5): error TS2564: Property 'x' has no initializer and is not definitely assigned in the constructor.
-classIndexer2.ts(4,5): error TS2411: Property 'y' of type 'string' is not assignable to 'string' index type 'number'.
 classIndexer2.ts(4,5): error TS2564: Property 'y' has no initializer and is not definitely assigned in the constructor.
 
 
-==== classIndexer2.ts (3 errors) ====
+==== classIndexer2.ts (2 errors) ====
     class C123 {
         [s: string]: number;
         x: number;
@@ -11,8 +10,6 @@
 !!! error TS2564: Property 'x' has no initializer and is not definitely assigned in the constructor.
         y: string;
         ~
-!!! error TS2411: Property 'y' of type 'string' is not assignable to 'string' index type 'number'.
-        ~
 !!! error TS2564: Property 'y' has no initializer and is not definitely assigned in the constructor.
         constructor() {
         }

</message>
<stacktrace>
  at org.junit.Assert.fail(Assert.java:89)
  at kotlin.test.junit.JUnitAsserter.fail(JUnitSupport.kt:56)
  at kotlin.test.AssertionsKt__AssertionsKt.fail(Assertions.kt:563)
  at kotlin.test.AssertionsKt.fail(Unknown Source)
  at com.xemantic.kotlin.test.SameAsKt.sameAs(SameAs.kt:52)
  at com.xemantic.typescript.compiler.TypeScriptTestSupportKt.errorsMatchBaseline(TypeScriptTestSupport.kt:135)
  at com.xemantic.typescript.compiler.TypeScriptCompilerTests_C.classIndexer2_ts has expected errors matching classIndexer2_errors_txt(TypeScriptCompilerTests_C.kt:2506)
  at java.base/jdk.internal.reflect.DirectMethodHandleAccessor.invoke(DirectMethodHandleAccessor.java:104)
  at java.base/java.lang.reflect.Method.invoke(Method.java:565)
  at org.junit.runners.model.FrameworkMethod$1.runReflectiveCall(FrameworkMethod.java:59)
  at org.junit.internal.runners.model.ReflectiveCallable.run(ReflectiveCallable.java:12)
  at org.junit.runners.model.FrameworkMethod.invokeExplosively(FrameworkMethod.java:56)
  at org.junit.internal.runners.statements.InvokeMethod.evaluate(InvokeMethod.java:17)
  at org.junit.runners.ParentRunner$3.evaluate(ParentRunner.java:306)
  at org.junit.runners.BlockJUnit4ClassRunner$1.evaluate(BlockJUnit4ClassRunner.java:100)
  at org.junit.runners.ParentRunner.runLeaf(ParentRunner.java:366)
  at org.junit.runners.BlockJUnit4ClassRunner.runChild(BlockJUnit4ClassRunner.java:103)
  at org.junit.runners.BlockJUnit4ClassRunner.runChild(BlockJUnit4ClassRunner.java:63)
  at org.junit.runners.ParentRunner$4.run(ParentRunner.java:331)
  at org.junit.runners.ParentRunner$1.schedule(ParentRunner.java:79)
  at org.junit.runners.ParentRunner.runChildren(ParentRunner.java:329)
  at org.junit.runners.ParentRunner.access$100(ParentRunner.java:66)
  at org.junit.runners.ParentRunner$2.evaluate(ParentRunner.java:293)
  at org.junit.runners.ParentRunner$3.evaluate(ParentRunner.java:306)
  at org.junit.runners.ParentRunner.run(ParentRunner.java:413)
  at org.junit.runner.JUnitCore.run(JUnitCore.java:137)
  at org.junit.runner.JUnitCore.run(JUnitCore.java:115)
  at org.gradle.api.internal.tasks.testing.junit.JUnitTestExecutor.runRequest(JUnitTestExecutor.java:175)
  at org.gradle.api.internal.tasks.testing.junit.JUnitTestExecutor.accept(JUnitTestExecutor.java:84)
  at org.gradle.api.internal.tasks.testing.junit.JUnitTestExecutor.accept(JUnitTestExecutor.java:47)
  at org.gradle.api.internal.tasks.testing.junit.AbstractJUnitTestDefinitionProcessor.processTestDefinition(AbstractJUnitTestDefinitionProcessor.java:65)
  at org.gradle.api.internal.tasks.testing.SuiteTestDefinitionProcessor.processTestDefinition(SuiteTestDefinitionProcessor.java:54)
  at java.base/jdk.internal.reflect.DirectMethodHandleAccessor.invoke(DirectMethodHandleAccessor.java:104)
  at java.base/java.lang.reflect.Method.invoke(Method.java:565)
  at org.gradle.internal.dispatch.MethodInvocation.invokeOn(MethodInvocation.java:77)
  at org.gradle.internal.dispatch.ReflectionDispatch.dispatch(ReflectionDispatch.java:28)
  at org.gradle.internal.dispatch.ReflectionDispatch.dispatch(ReflectionDispatch.java:19)
  at org.gradle.internal.dispatch.ContextClassLoaderDispatch.dispatch(ContextClassLoaderDispatch.java:33)
  at org.gradle.internal.dispatch.ProxyDispatchAdapter$DispatchingInvocationHandler.invoke(ProxyDispatchAdapter.java:88)
  at jdk.proxy1/jdk.proxy1.$Proxy4.processTestDefinition(Unknown Source)
  at org.gradle.api.internal.tasks.testing.worker.TestWorker$2.run(TestWorker.java:178)
  at org.gradle.api.internal.tasks.testing.worker.TestWorker.executeAndMaintainThreadName(TestWorker.java:126)
  at org.gradle.api.internal.tasks.testing.worker.TestWorker.execute(TestWorker.java:103)
  at org.gradle.api.internal.tasks.testing.worker.TestWorker.execute(TestWorker.java:63)
  at org.gradle.process.internal.worker.child.ActionExecutionWorker.execute(ActionExecutionWorker.java:56)
  at org.gradle.process.internal.worker.child.SystemApplicationClassLoaderWorker.call(SystemApplicationClassLoaderWorker.java:122)
  at org.gradle.process.internal.worker.child.SystemApplicationClassLoaderWorker.call(SystemApplicationClassLoaderWorker.java:72)
  at worker.org.gradle.process.internal.worker.GradleWorkerMain.run(GradleWorkerMain.java:69)
  at worker.org.gradle.process.internal.worker.GradleWorkerMain.main(GradleWorkerMain.java:74)
</stacktrace>
</test-failure>


TypeScriptCompilerTests_C[jvm] > classIndexer2_ts has expected errors matching classIndexer2_errors_txt[jvm] FAILED

<test-failure test="com.xemantic.typescript.compiler.TypeScriptCompilerTests_C.checkJsFiles4_ts has expected errors matching checkJsFiles4_errors_txt" platform="jvm">
<message>
Expected diagnostics from baseline typescript-repo/tests/baselines/reference/checkJsFiles4.errors.txt but none produced
</message>
<stacktrace>
  at com.xemantic.typescript.compiler.TypeScriptTestSupportKt.errorsMatchBaseline(TypeScriptTestSupport.kt:125)
  at com.xemantic.typescript.compiler.TypeScriptCompilerTests_C.checkJsFiles4_ts has expected errors matching checkJsFiles4_errors_txt(TypeScriptCompilerTests_C.kt:1225)
  at java.base/jdk.internal.reflect.DirectMethodHandleAccessor.invoke(DirectMethodHandleAccessor.java:104)
  at java.base/java.lang.reflect.Method.invoke(Method.java:565)
  at org.junit.runners.model.FrameworkMethod$1.runReflectiveCall(FrameworkMethod.java:59)
  at org.junit.internal.runners.model.ReflectiveCallable.run(ReflectiveCallable.java:12)
  at org.junit.runners.model.FrameworkMethod.invokeExplosively(FrameworkMethod.java:56)
  at org.junit.internal.runners.statements.InvokeMethod.evaluate(InvokeMethod.java:17)
  at org.junit.runners.ParentRunner$3.evaluate(ParentRunner.java:306)
  at org.junit.runners.BlockJUnit4ClassRunner$1.evaluate(BlockJUnit4ClassRunner.java:100)
  at org.junit.runners.ParentRunner.runLeaf(ParentRunner.java:366)
  at org.junit.runners.BlockJUnit4ClassRunner.runChild(BlockJUnit4ClassRunner.java:103)
  at org.junit.runners.BlockJUnit4ClassRunner.runChild(BlockJUnit4ClassRunner.java:63)
  at org.junit.runners.ParentRunner$4.run(ParentRunner.java:331)
  at org.junit.runners.ParentRunner$1.schedule(ParentRunner.java:79)
  at org.junit.runners.ParentRunner.runChildren(ParentRunner.java:329)
  at org.junit.runners.ParentRunner.access$100(ParentRunner.java:66)
  at org.junit.runners.ParentRunner$2.evaluate(ParentRunner.java:293)
  at org.junit.runners.ParentRunner$3.evaluate(ParentRunner.java:306)
  at org.junit.runners.ParentRunner.run(ParentRunner.java:413)
  at org.junit.runner.JUnitCore.run(JUnitCore.java:137)
  at org.junit.runner.JUnitCore.run(JUnitCore.java:115)
  at org.gradle.api.internal.tasks.testing.junit.JUnitTestExecutor.runRequest(JUnitTestExecutor.java:175)
  at org.gradle.api.internal.tasks.testing.junit.JUnitTestExecutor.accept(JUnitTestExecutor.java:84)
  at org.gradle.api.internal.tasks.testing.junit.JUnitTestExecutor.accept(JUnitTestExecutor.java:47)
  at org.gradle.api.internal.tasks.testing.junit.AbstractJUnitTestDefinitionProcessor.processTestDefinition(AbstractJUnitTestDefinitionProcessor.java:65)
  at org.gradle.api.internal.tasks.testing.SuiteTestDefinitionProcessor.processTestDefinition(SuiteTestDefinitionProcessor.java:54)
  at java.base/jdk.internal.reflect.DirectMethodHandleAccessor.invoke(DirectMethodHandleAccessor.java:104)
  at java.base/java.lang.reflect.Method.invoke(Method.java:565)
  at org.gradle.internal.dispatch.MethodInvocation.invokeOn(MethodInvocation.java:77)
  at org.gradle.internal.dispatch.ReflectionDispatch.dispatch(ReflectionDispatch.java:28)
  at org.gradle.internal.dispatch.ReflectionDispatch.dispatch(ReflectionDispatch.java:19)
  at org.gradle.internal.dispatch.ContextClassLoaderDispatch.dispatch(ContextClassLoaderDispatch.java:33)
  at org.gradle.internal.dispatch.ProxyDispatchAdapter$DispatchingInvocationHandler.invoke(ProxyDispatchAdapter.java:88)
  at jdk.proxy1/jdk.proxy1.$Proxy4.processTestDefinition(Unknown Source)
  at org.gradle.api.internal.tasks.testing.worker.TestWorker$2.run(TestWorker.java:178)
  at org.gradle.api.internal.tasks.testing.worker.TestWorker.executeAndMaintainThreadName(TestWorker.java:126)
  at org.gradle.api.internal.tasks.testing.worker.TestWorker.execute(TestWorker.java:103)
  at org.gradle.api.internal.tasks.testing.worker.TestWorker.execute(TestWorker.java:63)
  at org.gradle.process.internal.worker.child.ActionExecutionWorker.execute(ActionExecutionWorker.java:56)
  at org.gradle.process.internal.worker.child.SystemApplicationClassLoaderWorker.call(SystemApplicationClassLoaderWorker.java:122)
  at org.gradle.process.internal.worker.child.SystemApplicationClassLoaderWorker.call(SystemApplicationClassLoaderWorker.java:72)
  at worker.org.gradle.process.internal.worker.GradleWorkerMain.run(GradleWorkerMain.java:69)
  at worker.org.gradle.process.internal.worker.GradleWorkerMain.main(GradleWorkerMain.java:74)
</stacktrace>
</test-failure>


TypeScriptCompilerTests_C[jvm] > checkJsFiles4_ts has expected errors matching checkJsFiles4_errors_txt[jvm] FAILED

<test-failure test="com.xemantic.typescript.compiler.TypeScriptCompilerTests_C.constDeclarations-access_ts has expected errors matching constDeclarations-access_errors_txt" platform="jvm">
<message>
Expected diagnostics from baseline typescript-repo/tests/baselines/reference/constDeclarations-access.errors.txt but none produced
</message>
<stacktrace>
  at com.xemantic.typescript.compiler.TypeScriptTestSupportKt.errorsMatchBaseline(TypeScriptTestSupport.kt:125)
  at com.xemantic.typescript.compiler.TypeScriptCompilerTests_C.constDeclarations-access_ts has expected errors matching constDeclarations-access_errors_txt(TypeScriptCompilerTests_C.kt:6055)
  at java.base/jdk.internal.reflect.DirectMethodHandleAccessor.invoke(DirectMethodHandleAccessor.java:104)
  at java.base/java.lang.reflect.Method.invoke(Method.java:565)
  at org.junit.runners.model.FrameworkMethod$1.runReflectiveCall(FrameworkMethod.java:59)
  at org.junit.internal.runners.model.ReflectiveCallable.run(ReflectiveCallable.java:12)
  at org.junit.runners.model.FrameworkMethod.invokeExplosively(FrameworkMethod.java:56)
  at org.junit.internal.runners.statements.InvokeMethod.evaluate(InvokeMethod.java:17)
  at org.junit.runners.ParentRunner$3.evaluate(ParentRunner.java:306)
  at org.junit.runners.BlockJUnit4ClassRunner$1.evaluate(BlockJUnit4ClassRunner.java:100)
  at org.junit.runners.ParentRunner.runLeaf(ParentRunner.java:366)
  at org.junit.runners.BlockJUnit4ClassRunner.runChild(BlockJUnit4ClassRunner.java:103)
  at org.junit.runners.BlockJUnit4ClassRunner.runChild(BlockJUnit4ClassRunner.java:63)
  at org.junit.runners.ParentRunner$4.run(ParentRunner.java:331)
  at org.junit.runners.ParentRunner$1.schedule(ParentRunner.java:79)
  at org.junit.runners.ParentRunner.runChildren(ParentRunner.java:329)
  at org.junit.runners.ParentRunner.access$100(ParentRunner.java:66)
  at org.junit.runners.ParentRunner$2.evaluate(ParentRunner.java:293)
  at org.junit.runners.ParentRunner$3.evaluate(ParentRunner.java:306)
  at org.junit.runners.ParentRunner.run(ParentRunner.java:413)
  at org.junit.runner.JUnitCore.run(JUnitCore.java:137)
  at org.junit.runner.JUnitCore.run(JUnitCore.java:115)
  at org.gradle.api.internal.tasks.testing.junit.JUnitTestExecutor.runRequest(JUnitTestExecutor.java:175)
  at org.gradle.api.internal.tasks.testing.junit.JUnitTestExecutor.accept(JUnitTestExecutor.java:84)
  at org.gradle.api.internal.tasks.testing.junit.JUnitTestExecutor.accept(JUnitTestExecutor.java:47)
  at org.gradle.api.internal.tasks.testing.junit.AbstractJUnitTestDefinitionProcessor.processTestDefinition(AbstractJUnitTestDefinitionProcessor.java:65)
  at org.gradle.api.internal.tasks.testing.SuiteTestDefinitionProcessor.processTestDefinition(SuiteTestDefinitionProcessor.java:54)
  at java.base/jdk.internal.reflect.DirectMethodHandleAccessor.invoke(DirectMethodHandleAccessor.java:104)
  at java.base/java.lang.reflect.Method.invoke(Method.java:565)
  at org.gradle.internal.dispatch.MethodInvocation.invokeOn(MethodInvocation.java:77)
  at org.gradle.internal.dispatch.ReflectionDispatch.dispatch(ReflectionDispatch.java:28)
  at org.gradle.internal.dispatch.ReflectionDispatch.dispatch(ReflectionDispatch.java:19)
  at org.gradle.internal.dispatch.ContextClassLoaderDispatch.dispatch(ContextClassLoaderDispatch.java:33)
  at org.gradle.internal.dispatch.ProxyDispatchAdapter$DispatchingInvocationHandler.invoke(ProxyDispatchAdapter.java:88)
  at jdk.proxy1/jdk.proxy1.$Proxy4.processTestDefinition(Unknown Source)
  at org.gradle.api.internal.tasks.testing.worker.TestWorker$2.run(TestWorker.java:178)
  at org.gradle.api.internal.tasks.testing.worker.TestWorker.executeAndMaintainThreadName(TestWorker.java:126)
  at org.gradle.api.internal.tasks.testing.worker.TestWorker.execute(TestWorker.java:103)
  at org.gradle.api.internal.tasks.testing.worker.TestWorker.execute(TestWorker.java:63)
  at org.gradle.process.internal.worker.child.ActionExecutionWorker.execute(ActionExecutionWorker.java:56)
  at org.gradle.process.internal.worker.child.SystemApplicationClassLoaderWorker.call(SystemApplicationClassLoaderWorker.java:122)
  at org.gradle.process.internal.worker.child.SystemApplicationClassLoaderWorker.call(SystemApplicationClassLoaderWorker.java:72)
  at worker.org.gradle.process.internal.worker.GradleWorkerMain.run(GradleWorkerMain.java:69)
  at worker.org.gradle.process.internal.worker.GradleWorkerMain.main(GradleWorkerMain.java:74)
</stacktrace>
</test-failure>


TypeScriptCompilerTests_C[jvm] > constDeclarations-access_ts has expected errors matching constDeclarations-access_errors_txt[jvm] FAILED

<test-failure test="com.xemantic.typescript.compiler.TypeScriptCompilerTests_C.constDeclarationShadowedByVarDeclaration_ts has expected errors matching constDeclarationShadowedByVarDeclaration_errors_txt" platform="jvm">
<message>
Expected diagnostics from baseline typescript-repo/tests/baselines/reference/constDeclarationShadowedByVarDeclaration.errors.txt but none produced
</message>
<stacktrace>
  at com.xemantic.typescript.compiler.TypeScriptTestSupportKt.errorsMatchBaseline(TypeScriptTestSupport.kt:125)
  at com.xemantic.typescript.compiler.TypeScriptCompilerTests_C.constDeclarationShadowedByVarDeclaration_ts has expected errors matching constDeclarationShadowedByVarDeclaration_errors_txt(TypeScriptCompilerTests_C.kt:6027)
  at java.base/jdk.internal.reflect.DirectMethodHandleAccessor.invoke(DirectMethodHandleAccessor.java:104)
  at java.base/java.lang.reflect.Method.invoke(Method.java:565)
  at org.junit.runners.model.FrameworkMethod$1.runReflectiveCall(FrameworkMethod.java:59)
  at org.junit.internal.runners.model.ReflectiveCallable.run(ReflectiveCallable.java:12)
  at org.junit.runners.model.FrameworkMethod.invokeExplosively(FrameworkMethod.java:56)
  at org.junit.internal.runners.statements.InvokeMethod.evaluate(InvokeMethod.java:17)
  at org.junit.runners.ParentRunner$3.evaluate(ParentRunner.java:306)
  at org.junit.runners.BlockJUnit4ClassRunner$1.evaluate(BlockJUnit4ClassRunner.java:100)
  at org.junit.runners.ParentRunner.runLeaf(ParentRunner.java:366)
  at org.junit.runners.BlockJUnit4ClassRunner.runChild(BlockJUnit4ClassRunner.java:103)
  at org.junit.runners.BlockJUnit4ClassRunner.runChild(BlockJUnit4ClassRunner.java:63)
  at org.junit.runners.ParentRunner$4.run(ParentRunner.java:331)
  at org.junit.runners.ParentRunner$1.schedule(ParentRunner.java:79)
  at org.junit.runners.ParentRunner.runChildren(ParentRunner.java:329)
  at org.junit.runners.ParentRunner.access$100(ParentRunner.java:66)
  at org.junit.runners.ParentRunner$2.evaluate(ParentRunner.java:293)
  at org.junit.runners.ParentRunner$3.evaluate(ParentRunner.java:306)
  at org.junit.runners.ParentRunner.run(ParentRunner.java:413)
  at org.junit.runner.JUnitCore.run(JUnitCore.java:137)
  at org.junit.runner.JUnitCore.run(JUnitCore.java:115)
  at org.gradle.api.internal.tasks.testing.junit.JUnitTestExecutor.runRequest(JUnitTestExecutor.java:175)
  at org.gradle.api.internal.tasks.testing.junit.JUnitTestExecutor.accept(JUnitTestExecutor.java:84)
  at org.gradle.api.internal.tasks.testing.junit.JUnitTestExecutor.accept(JUnitTestExecutor.java:47)
  at org.gradle.api.internal.tasks.testing.junit.AbstractJUnitTestDefinitionProcessor.processTestDefinition(AbstractJUnitTestDefinitionProcessor.java:65)
  at org.gradle.api.internal.tasks.testing.SuiteTestDefinitionProcessor.processTestDefinition(SuiteTestDefinitionProcessor.java:54)
  at java.base/jdk.internal.reflect.DirectMethodHandleAccessor.invoke(DirectMethodHandleAccessor.java:104)
  at java.base/java.lang.reflect.Method.invoke(Method.java:565)
  at org.gradle.internal.dispatch.MethodInvocation.invokeOn(MethodInvocation.java:77)
  at org.gradle.internal.dispatch.ReflectionDispatch.dispatch(ReflectionDispatch.java:28)
  at org.gradle.internal.dispatch.ReflectionDispatch.dispatch(ReflectionDispatch.java:19)
  at org.gradle.internal.dispatch.ContextClassLoaderDispatch.dispatch(ContextClassLoaderDispatch.java:33)
  at org.gradle.internal.dispatch.ProxyDispatchAdapter$DispatchingInvocationHandler.invoke(ProxyDispatchAdapter.java:88)
  at jdk.proxy1/jdk.proxy1.$Proxy4.processTestDefinition(Unknown Source)
  at org.gradle.api.internal.tasks.testing.worker.TestWorker$2.run(TestWorker.java:178)
  at org.gradle.api.internal.tasks.testing.worker.TestWorker.executeAndMaintainThreadName(TestWorker.java:126)
  at org.gradle.api.internal.tasks.testing.worker.TestWorker.execute(TestWorker.java:103)
  at org.gradle.api.internal.tasks.testing.worker.TestWorker.execute(TestWorker.java:63)
  at org.gradle.process.internal.worker.child.ActionExecutionWorker.execute(ActionExecutionWorker.java:56)
  at org.gradle.process.internal.worker.child.SystemApplicationClassLoaderWorker.call(SystemApplicationClassLoaderWorker.java:122)
  at org.gradle.process.internal.worker.child.SystemApplicationClassLoaderWorker.call(SystemApplicationClassLoaderWorker.java:72)
  at worker.org.gradle.process.internal.worker.GradleWorkerMain.run(GradleWorkerMain.java:69)
  at worker.org.gradle.process.internal.worker.GradleWorkerMain.main(GradleWorkerMain.java:74)
</stacktrace>
</test-failure>


TypeScriptCompilerTests_C[jvm] > constDeclarationShadowedByVarDeclaration_ts has expected errors matching constDeclarationShadowedByVarDeclaration_errors_txt[jvm] FAILED

<test-failure test="com.xemantic.typescript.compiler.TypeScriptCompilerTests_C.constructorWithParameterPropertiesAndPrivateFields_es2015_ts compiles to JavaScript matching constructorWithParameterPropertiesAndPrivateFields_es2015_js" platform="jvm">
<message>
--- expected
+++ actual
@@ -34,42 +34,26 @@
 //// [constructorWithParameterPropertiesAndPrivateFields.es2015.js]
 "use strict";
 // https://github.com/microsoft/TypeScript/issues/48771
-var __classPrivateFieldSet = (this && this.__classPrivateFieldSet) || function (receiver, state, value, kind, f) {
-    if (kind === "m") throw new TypeError("Private method is not writable");
-    if (kind === "a" && !f) throw new TypeError("Private accessor was defined without a setter");
-    if (typeof state === "function" ? receiver !== state || !f : !state.has(receiver)) throw new TypeError("Cannot write private member to an object whose class did not declare it");
-    return (kind === "a" ? f.call(receiver, value) : f ? f.value = value : state.set(receiver, value)), value;
-};
-var __classPrivateFieldGet = (this && this.__classPrivateFieldGet) || function (receiver, state, kind, f) {
-    if (kind === "a" && !f) throw new TypeError("Private accessor was defined without a getter");
-    if (typeof state === "function" ? receiver !== state || !f : !state.has(receiver)) throw new TypeError("Cannot read private member from an object whose class did not declare it");
-    return kind === "m" ? f : kind === "a" ? f.call(receiver) : f ? f.value : state.get(receiver);
-};
-var _A_privateField, _B_privateField;
 class A {
+    #privateField;
     constructor(arg, exposedField) {
-        var _a;
         this.exposedField = exposedField;
-        _A_privateField.set(this, void 0);
-        (_a = this, { key: ({ set value(_b) { __classPrivateFieldSet(_a, _A_privateField, _b, "f"); } }).value } = arg);
+        ({ key: this.#privateField } = arg);
     }
     log() {
-        console.log(__classPrivateFieldGet(this, _A_privateField, "f"));
+        console.log(this.#privateField);
         console.log(this.exposedField);
     }
 }
-_A_privateField = new WeakMap();
 class B {
+    #privateField;
     constructor(arg, exposedField) {
         "prologue";
-        var _a;
         this.exposedField = exposedField;
-        _B_privateField.set(this, void 0);
-        (_a = this, { key: ({ set value(_b) { __classPrivateFieldSet(_a, _B_privateField, _b, "f"); } }).value } = arg);
+        ({ key: this.#privateField } = arg);
     }
     log() {
-        console.log(__classPrivateFieldGet(this, _B_privateField, "f"));
+        console.log(this.#privateField);
         console.log(this.exposedField);
     }
 }
-_B_privateField = new WeakMap();

</message>
<stacktrace>
  at org.junit.Assert.fail(Assert.java:89)
  at kotlin.test.junit.JUnitAsserter.fail(JUnitSupport.kt:56)
  at kotlin.test.AssertionsKt__AssertionsKt.fail(Assertions.kt:563)
  at kotlin.test.AssertionsKt.fail(Unknown Source)
  at com.xemantic.kotlin.test.SameAsKt.sameAs(SameAs.kt:52)
  at com.xemantic.typescript.compiler.TypeScriptTestSupportKt.sameAs(TypeScriptTestSupport.kt:99)
  at com.xemantic.typescript.compiler.TypeScriptCompilerTests_C.constructorWithParameterPropertiesAndPrivateFields_es2015_ts compiles to JavaScript matching constructorWithParameterPropertiesAndPrivateFields_es2015_js(TypeScriptCompilerTests_C.kt:7035)
  at java.base/jdk.internal.reflect.DirectMethodHandleAccessor.invoke(DirectMethodHandleAccessor.java:104)
  at java.base/java.lang.reflect.Method.invoke(Method.java:565)
  at org.junit.runners.model.FrameworkMethod$1.runReflectiveCall(FrameworkMethod.java:59)
  at org.junit.internal.runners.model.ReflectiveCallable.run(ReflectiveCallable.java:12)
  at org.junit.runners.model.FrameworkMethod.invokeExplosively(FrameworkMethod.java:56)
  at org.junit.internal.runners.statements.InvokeMethod.evaluate(InvokeMethod.java:17)
  at org.junit.runners.ParentRunner$3.evaluate(ParentRunner.java:306)
  at org.junit.runners.BlockJUnit4ClassRunner$1.evaluate(BlockJUnit4ClassRunner.java:100)
  at org.junit.runners.ParentRunner.runLeaf(ParentRunner.java:366)
  at org.junit.runners.BlockJUnit4ClassRunner.runChild(BlockJUnit4ClassRunner.java:103)
  at org.junit.runners.BlockJUnit4ClassRunner.runChild(BlockJUnit4ClassRunner.java:63)
  at org.junit.runners.ParentRunner$4.run(ParentRunner.java:331)
  at org.junit.runners.ParentRunner$1.schedule(ParentRunner.java:79)
  at org.junit.runners.ParentRunner.runChildren(ParentRunner.java:329)
  at org.junit.runners.ParentRunner.access$100(ParentRunner.java:66)
  at org.junit.runners.ParentRunner$2.evaluate(ParentRunner.java:293)
  at org.junit.runners.ParentRunner$3.evaluate(ParentRunner.java:306)
  at org.junit.runners.ParentRunner.run(ParentRunner.java:413)
  at org.junit.runner.JUnitCore.run(JUnitCore.java:137)
  at org.junit.runner.JUnitCore.run(JUnitCore.java:115)
  at org.gradle.api.internal.tasks.testing.junit.JUnitTestExecutor.runRequest(JUnitTestExecutor.java:175)
  at org.gradle.api.internal.tasks.testing.junit.JUnitTestExecutor.accept(JUnitTestExecutor.java:84)
  at org.gradle.api.internal.tasks.testing.junit.JUnitTestExecutor.accept(JUnitTestExecutor.java:47)
  at org.gradle.api.internal.tasks.testing.junit.AbstractJUnitTestDefinitionProcessor.processTestDefinition(AbstractJUnitTestDefinitionProcessor.java:65)
  at org.gradle.api.internal.tasks.testing.SuiteTestDefinitionProcessor.processTestDefinition(SuiteTestDefinitionProcessor.java:54)
  at java.base/jdk.internal.reflect.DirectMethodHandleAccessor.invoke(DirectMethodHandleAccessor.java:104)
  at java.base/java.lang.reflect.Method.invoke(Method.java:565)
  at org.gradle.internal.dispatch.MethodInvocation.invokeOn(MethodInvocation.java:77)
  at org.gradle.internal.dispatch.ReflectionDispatch.dispatch(ReflectionDispatch.java:28)
  at org.gradle.internal.dispatch.ReflectionDispatch.dispatch(ReflectionDispatch.java:19)
  at org.gradle.internal.dispatch.ContextClassLoaderDispatch.dispatch(ContextClassLoaderDispatch.java:33)
  at org.gradle.internal.dispatch.ProxyDispatchAdapter$DispatchingInvocationHandler.invoke(ProxyDispatchAdapter.java:88)
  at jdk.proxy1/jdk.proxy1.$Proxy4.processTestDefinition(Unknown Source)
  at org.gradle.api.internal.tasks.testing.worker.TestWorker$2.run(TestWorker.java:178)
  at org.gradle.api.internal.tasks.testing.worker.TestWorker.executeAndMaintainThreadName(TestWorker.java:126)
  at org.gradle.api.internal.tasks.testing.worker.TestWorker.execute(TestWorker.java:103)
  at org.gradle.api.internal.tasks.testing.worker.TestWorker.execute(TestWorker.java:63)
  at org.gradle.process.internal.worker.child.ActionExecutionWorker.execute(ActionExecutionWorker.java:56)
  at org.gradle.process.internal.worker.child.SystemApplicationClassLoaderWorker.call(SystemApplicationClassLoaderWorker.java:122)
  at org.gradle.process.internal.worker.child.SystemApplicationClassLoaderWorker.call(SystemApplicationClassLoaderWorker.java:72)
  at worker.org.gradle.process.internal.worker.GradleWorkerMain.run(GradleWorkerMain.java:69)
  at worker.org.gradle.process.internal.worker.GradleWorkerMain.main(GradleWorkerMain.java:74)
</stacktrace>
</test-failure>


TypeScriptCompilerTests_C[jvm] > constructorWithParameterPropertiesAndPrivateFields_es2015_ts compiles to JavaScript matching constructorWithParameterPropertiesAndPrivateFields_es2015_js[jvm] FAILED

<test-failure test="com.xemantic.typescript.compiler.TypeScriptCompilerTests_C.classExtendsInterfaceThatExtendsClassWithPrivates1_ts has expected errors matching classExtendsInterfaceThatExtendsClassWithPrivates1_errors_txt" platform="jvm">
<message>
Expected diagnostics from baseline typescript-repo/tests/baselines/reference/classExtendsInterfaceThatExtendsClassWithPrivates1.errors.txt but none produced
</message>
<stacktrace>
  at com.xemantic.typescript.compiler.TypeScriptTestSupportKt.errorsMatchBaseline(TypeScriptTestSupport.kt:125)
  at com.xemantic.typescript.compiler.TypeScriptCompilerTests_C.classExtendsInterfaceThatExtendsClassWithPrivates1_ts has expected errors matching classExtendsInterfaceThatExtendsClassWithPrivates1_errors_txt(TypeScriptCompilerTests_C.kt:2205)
  at java.base/jdk.internal.reflect.DirectMethodHandleAccessor.invoke(DirectMethodHandleAccessor.java:104)
  at java.base/java.lang.reflect.Method.invoke(Method.java:565)
  at org.junit.runners.model.FrameworkMethod$1.runReflectiveCall(FrameworkMethod.java:59)
  at org.junit.internal.runners.model.ReflectiveCallable.run(ReflectiveCallable.java:12)
  at org.junit.runners.model.FrameworkMethod.invokeExplosively(FrameworkMethod.java:56)
  at org.junit.internal.runners.statements.InvokeMethod.evaluate(InvokeMethod.java:17)
  at org.junit.runners.ParentRunner$3.evaluate(ParentRunner.java:306)
  at org.junit.runners.BlockJUnit4ClassRunner$1.evaluate(BlockJUnit4ClassRunner.java:100)
  at org.junit.runners.ParentRunner.runLeaf(ParentRunner.java:366)
  at org.junit.runners.BlockJUnit4ClassRunner.runChild(BlockJUnit4ClassRunner.java:103)
  at org.junit.runners.BlockJUnit4ClassRunner.runChild(BlockJUnit4ClassRunner.java:63)
  at org.junit.runners.ParentRunner$4.run(ParentRunner.java:331)
  at org.junit.runners.ParentRunner$1.schedule(ParentRunner.java:79)
  at org.junit.runners.ParentRunner.runChildren(ParentRunner.java:329)
  at org.junit.runners.ParentRunner.access$100(ParentRunner.java:66)
  at org.junit.runners.ParentRunner$2.evaluate(ParentRunner.java:293)
  at org.junit.runners.ParentRunner$3.evaluate(ParentRunner.java:306)
  at org.junit.runners.ParentRunner.run(ParentRunner.java:413)
  at org.junit.runner.JUnitCore.run(JUnitCore.java:137)
  at org.junit.runner.JUnitCore.run(JUnitCore.java:115)
  at org.gradle.api.internal.tasks.testing.junit.JUnitTestExecutor.runRequest(JUnitTestExecutor.java:175)
  at org.gradle.api.internal.tasks.testing.junit.JUnitTestExecutor.accept(JUnitTestExecutor.java:84)
  at org.gradle.api.internal.tasks.testing.junit.JUnitTestExecutor.accept(JUnitTestExecutor.java:47)
  at org.gradle.api.internal.tasks.testing.junit.AbstractJUnitTestDefinitionProcessor.processTestDefinition(AbstractJUnitTestDefinitionProcessor.java:65)
  at org.gradle.api.internal.tasks.testing.SuiteTestDefinitionProcessor.processTestDefinition(SuiteTestDefinitionProcessor.java:54)
  at java.base/jdk.internal.reflect.DirectMethodHandleAccessor.invoke(DirectMethodHandleAccessor.java:104)
  at java.base/java.lang.reflect.Method.invoke(Method.java:565)
  at org.gradle.internal.dispatch.MethodInvocation.invokeOn(MethodInvocation.java:77)
  at org.gradle.internal.dispatch.ReflectionDispatch.dispatch(ReflectionDispatch.java:28)
  at org.gradle.internal.dispatch.ReflectionDispatch.dispatch(ReflectionDispatch.java:19)
  at org.gradle.internal.dispatch.ContextClassLoaderDispatch.dispatch(ContextClassLoaderDispatch.java:33)
  at org.gradle.internal.dispatch.ProxyDispatchAdapter$DispatchingInvocationHandler.invoke(ProxyDispatchAdapter.java:88)
  at jdk.proxy1/jdk.proxy1.$Proxy4.processTestDefinition(Unknown Source)
  at org.gradle.api.internal.tasks.testing.worker.TestWorker$2.run(TestWorker.java:178)
  at org.gradle.api.internal.tasks.testing.worker.TestWorker.executeAndMaintainThreadName(TestWorker.java:126)
  at org.gradle.api.internal.tasks.testing.worker.TestWorker.execute(TestWorker.java:103)
  at org.gradle.api.internal.tasks.testing.worker.TestWorker.execute(TestWorker.java:63)
  at org.gradle.process.internal.worker.child.ActionExecutionWorker.execute(ActionExecutionWorker.java:56)
  at org.gradle.process.internal.worker.child.SystemApplicationClassLoaderWorker.call(SystemApplicationClassLoaderWorker.java:122)
  at org.gradle.process.internal.worker.child.SystemApplicationClassLoaderWorker.call(SystemApplicationClassLoaderWorker.java:72)
  at worker.org.gradle.process.internal.worker.GradleWorkerMain.run(GradleWorkerMain.java:69)
  at worker.org.gradle.process.internal.worker.GradleWorkerMain.main(GradleWorkerMain.java:74)
</stacktrace>
</test-failure>


TypeScriptCompilerTests_C[jvm] > classExtendsInterfaceThatExtendsClassWithPrivates1_ts has expected errors matching classExtendsInterfaceThatExtendsClassWithPrivates1_errors_txt[jvm] FAILED

<test-failure test="com.xemantic.typescript.compiler.TypeScriptCompilerTests_C.controlFlowArrayErrors_ts has expected errors matching controlFlowArrayErrors_errors_txt" platform="jvm">
<message>
Expected diagnostics from baseline typescript-repo/tests/baselines/reference/controlFlowArrayErrors.errors.txt but none produced
</message>
<stacktrace>
  at com.xemantic.typescript.compiler.TypeScriptTestSupportKt.errorsMatchBaseline(TypeScriptTestSupport.kt:125)
  at com.xemantic.typescript.compiler.TypeScriptCompilerTests_C.controlFlowArrayErrors_ts has expected errors matching controlFlowArrayErrors_errors_txt(TypeScriptCompilerTests_C.kt:8323)
  at java.base/jdk.internal.reflect.DirectMethodHandleAccessor.invoke(DirectMethodHandleAccessor.java:104)
  at java.base/java.lang.reflect.Method.invoke(Method.java:565)
  at org.junit.runners.model.FrameworkMethod$1.runReflectiveCall(FrameworkMethod.java:59)
  at org.junit.internal.runners.model.ReflectiveCallable.run(ReflectiveCallable.java:12)
  at org.junit.runners.model.FrameworkMethod.invokeExplosively(FrameworkMethod.java:56)
  at org.junit.internal.runners.statements.InvokeMethod.evaluate(InvokeMethod.java:17)
  at org.junit.runners.ParentRunner$3.evaluate(ParentRunner.java:306)
  at org.junit.runners.BlockJUnit4ClassRunner$1.evaluate(BlockJUnit4ClassRunner.java:100)
  at org.junit.runners.ParentRunner.runLeaf(ParentRunner.java:366)
  at org.junit.runners.BlockJUnit4ClassRunner.runChild(BlockJUnit4ClassRunner.java:103)
  at org.junit.runners.BlockJUnit4ClassRunner.runChild(BlockJUnit4ClassRunner.java:63)
  at org.junit.runners.ParentRunner$4.run(ParentRunner.java:331)
  at org.junit.runners.ParentRunner$1.schedule(ParentRunner.java:79)
  at org.junit.runners.ParentRunner.runChildren(ParentRunner.java:329)
  at org.junit.runners.ParentRunner.access$100(ParentRunner.java:66)
  at org.junit.runners.ParentRunner$2.evaluate(ParentRunner.java:293)
  at org.junit.runners.ParentRunner$3.evaluate(ParentRunner.java:306)
  at org.junit.runners.ParentRunner.run(ParentRunner.java:413)
  at org.junit.runner.JUnitCore.run(JUnitCore.java:137)
  at org.junit.runner.JUnitCore.run(JUnitCore.java:115)
  at org.gradle.api.internal.tasks.testing.junit.JUnitTestExecutor.runRequest(JUnitTestExecutor.java:175)
  at org.gradle.api.internal.tasks.testing.junit.JUnitTestExecutor.accept(JUnitTestExecutor.java:84)
  at org.gradle.api.internal.tasks.testing.junit.JUnitTestExecutor.accept(JUnitTestExecutor.java:47)
  at org.gradle.api.internal.tasks.testing.junit.AbstractJUnitTestDefinitionProcessor.processTestDefinition(AbstractJUnitTestDefinitionProcessor.java:65)
  at org.gradle.api.internal.tasks.testing.SuiteTestDefinitionProcessor.processTestDefinition(SuiteTestDefinitionProcessor.java:54)
  at java.base/jdk.internal.reflect.DirectMethodHandleAccessor.invoke(DirectMethodHandleAccessor.java:104)
  at java.base/java.lang.reflect.Method.invoke(Method.java:565)
  at org.gradle.internal.dispatch.MethodInvocation.invokeOn(MethodInvocation.java:77)
  at org.gradle.internal.dispatch.ReflectionDispatch.dispatch(ReflectionDispatch.java:28)
  at org.gradle.internal.dispatch.ReflectionDispatch.dispatch(ReflectionDispatch.java:19)
  at org.gradle.internal.dispatch.ContextClassLoaderDispatch.dispatch(ContextClassLoaderDispatch.java:33)
  at org.gradle.internal.dispatch.ProxyDispatchAdapter$DispatchingInvocationHandler.invoke(ProxyDispatchAdapter.java:88)
  at jdk.proxy1/jdk.proxy1.$Proxy4.processTestDefinition(Unknown Source)
  at org.gradle.api.internal.tasks.testing.worker.TestWorker$2.run(TestWorker.java:178)
  at org.gradle.api.internal.tasks.testing.worker.TestWorker.executeAndMaintainThreadName(TestWorker.java:126)
  at org.gradle.api.internal.tasks.testing.worker.TestWorker.execute(TestWorker.java:103)
  at org.gradle.api.internal.tasks.testing.worker.TestWorker.execute(TestWorker.java:63)
  at org.gradle.process.internal.worker.child.ActionExecutionWorker.execute(ActionExecutionWorker.java:56)
  at org.gradle.process.internal.worker.child.SystemApplicationClassLoaderWorker.call(SystemApplicationClassLoaderWorker.java:122)
  at org.gradle.process.internal.worker.child.SystemApplicationClassLoaderWorker.call(SystemApplicationClassLoaderWorker.java:72)
  at worker.org.gradle.process.internal.worker.GradleWorkerMain.run(GradleWorkerMain.java:69)
  at worker.org.gradle.process.internal.worker.GradleWorkerMain.main(GradleWorkerMain.java:74)
</stacktrace>
</test-failure>


TypeScriptCompilerTests_C[jvm] > controlFlowArrayErrors_ts has expected errors matching controlFlowArrayErrors_errors_txt[jvm] FAILED

<test-failure test="com.xemantic.typescript.compiler.TypeScriptCompilerTests_C.constructorReturningAPrimitive_ts has expected errors matching constructorReturningAPrimitive_errors_txt" platform="jvm">
<message>
--- expected
+++ actual
@@ -1,9 +1,7 @@
-constructorReturningAPrimitive.ts(15,9): error TS2322: Type 'T' is not assignable to type 'B<T>'.
-constructorReturningAPrimitive.ts(15,9): error TS2409: Return type of constructor signature must be assignable to the instance type of the class.
 constructorReturningAPrimitive.ts(15,16): error TS2454: Variable 'x' is used before being assigned.
 
 
-==== constructorReturningAPrimitive.ts (3 errors) ====
+==== constructorReturningAPrimitive.ts (1 errors) ====
     // technically not allowed by JavaScript but we don't have a 'not-primitive' constraint
     // functionally only possible when your class is otherwise devoid of members so of little consequence in practice
     
@@ -19,11 +17,6 @@
         constructor() {
             var x: T;
             return x;
-            ~~~~~~
-!!! error TS2322: Type 'T' is not assignable to type 'B<T>'.
-!!! related TS2208 constructorReturningAPrimitive.ts:12:9: This type parameter might need an `extends B<T>` constraint.
-            ~~~~~~
-!!! error TS2409: Return type of constructor signature must be assignable to the instance type of the class.
                    ~
 !!! error TS2454: Variable 'x' is used before being assigned.
         }

</message>
<stacktrace>
  at org.junit.Assert.fail(Assert.java:89)
  at kotlin.test.junit.JUnitAsserter.fail(JUnitSupport.kt:56)
  at kotlin.test.AssertionsKt__AssertionsKt.fail(Assertions.kt:563)
  at kotlin.test.AssertionsKt.fail(Unknown Source)
  at com.xemantic.kotlin.test.SameAsKt.sameAs(SameAs.kt:52)
  at com.xemantic.typescript.compiler.TypeScriptTestSupportKt.errorsMatchBaseline(TypeScriptTestSupport.kt:135)
  at com.xemantic.typescript.compiler.TypeScriptCompilerTests_C.constructorReturningAPrimitive_ts has expected errors matching constructorReturningAPrimitive_errors_txt(TypeScriptCompilerTests_C.kt:6958)
  at java.base/jdk.internal.reflect.DirectMethodHandleAccessor.invoke(DirectMethodHandleAccessor.java:104)
  at java.base/java.lang.reflect.Method.invoke(Method.java:565)
  at org.junit.runners.model.FrameworkMethod$1.runReflectiveCall(FrameworkMethod.java:59)
  at org.junit.internal.runners.model.ReflectiveCallable.run(ReflectiveCallable.java:12)
  at org.junit.runners.model.FrameworkMethod.invokeExplosively(FrameworkMethod.java:56)
  at org.junit.internal.runners.statements.InvokeMethod.evaluate(InvokeMethod.java:17)
  at org.junit.runners.ParentRunner$3.evaluate(ParentRunner.java:306)
  at org.junit.runners.BlockJUnit4ClassRunner$1.evaluate(BlockJUnit4ClassRunner.java:100)
  at org.junit.runners.ParentRunner.runLeaf(ParentRunner.java:366)
  at org.junit.runners.BlockJUnit4ClassRunner.runChild(BlockJUnit4ClassRunner.java:103)
  at org.junit.runners.BlockJUnit4ClassRunner.runChild(BlockJUnit4ClassRunner.java:63)
  at org.junit.runners.ParentRunner$4.run(ParentRunner.java:331)
  at org.junit.runners.ParentRunner$1.schedule(ParentRunner.java:79)
  at org.junit.runners.ParentRunner.runChildren(ParentRunner.java:329)
  at org.junit.runners.ParentRunner.access$100(ParentRunner.java:66)
  at org.junit.runners.ParentRunner$2.evaluate(ParentRunner.java:293)
  at org.junit.runners.ParentRunner$3.evaluate(ParentRunner.java:306)
  at org.junit.runners.ParentRunner.run(ParentRunner.java:413)
  at org.junit.runner.JUnitCore.run(JUnitCore.java:137)
  at org.junit.runner.JUnitCore.run(JUnitCore.java:115)
  at org.gradle.api.internal.tasks.testing.junit.JUnitTestExecutor.runRequest(JUnitTestExecutor.java:175)
  at org.gradle.api.internal.tasks.testing.junit.JUnitTestExecutor.accept(JUnitTestExecutor.java:84)
  at org.gradle.api.internal.tasks.testing.junit.JUnitTestExecutor.accept(JUnitTestExecutor.java:47)
  at org.gradle.api.internal.tasks.testing.junit.AbstractJUnitTestDefinitionProcessor.processTestDefinition(AbstractJUnitTestDefinitionProcessor.java:65)
  at org.gradle.api.internal.tasks.testing.SuiteTestDefinitionProcessor.processTestDefinition(SuiteTestDefinitionProcessor.java:54)
  at java.base/jdk.internal.reflect.DirectMethodHandleAccessor.invoke(DirectMethodHandleAccessor.java:104)
  at java.base/java.lang.reflect.Method.invoke(Method.java:565)
  at org.gradle.internal.dispatch.MethodInvocation.invokeOn(MethodInvocation.java:77)
  at org.gradle.internal.dispatch.ReflectionDispatch.dispatch(ReflectionDispatch.java:28)
  at org.gradle.internal.dispatch.ReflectionDispatch.dispatch(ReflectionDispatch.java:19)
  at org.gradle.internal.dispatch.ContextClassLoaderDispatch.dispatch(ContextClassLoaderDispatch.java:33)
  at org.gradle.internal.dispatch.ProxyDispatchAdapter$DispatchingInvocationHandler.invoke(ProxyDispatchAdapter.java:88)
  at jdk.proxy1/jdk.proxy1.$Proxy4.processTestDefinition(Unknown Source)
  at org.gradle.api.internal.tasks.testing.worker.TestWorker$2.run(TestWorker.java:178)
  at org.gradle.api.internal.tasks.testing.worker.TestWorker.executeAndMaintainThreadName(TestWorker.java:126)
  at org.gradle.api.internal.tasks.testing.worker.TestWorker.execute(TestWorker.java:103)
  at org.gradle.api.internal.tasks.testing.worker.TestWorker.execute(TestWorker.java:63)
  at org.gradle.process.internal.worker.child.ActionExecutionWorker.execute(ActionExecutionWorker.java:56)
  at org.gradle.process.internal.worker.child.SystemApplicationClassLoaderWorker.call(SystemApplicationClassLoaderWorker.java:122)
  at org.gradle.process.internal.worker.child.SystemApplicationClassLoaderWorker.call(SystemApplicationClassLoaderWorker.java:72)
  at worker.org.gradle.process.internal.worker.GradleWorkerMain.run(GradleWorkerMain.java:69)
  at worker.org.gradle.process.internal.worker.GradleWorkerMain.main(GradleWorkerMain.java:74)
</stacktrace>
</test-failure>


TypeScriptCompilerTests_C[jvm] > constructorReturningAPrimitive_ts has expected errors matching constructorReturningAPrimitive_errors_txt[jvm] FAILED

<test-failure test="com.xemantic.typescript.compiler.TypeScriptCompilerTests_C.callConstructAssignment_ts has expected errors matching callConstructAssignment_errors_txt" platform="jvm">
<message>
Expected diagnostics from baseline typescript-repo/tests/baselines/reference/callConstructAssignment.errors.txt but none produced
</message>
<stacktrace>
  at com.xemantic.typescript.compiler.TypeScriptTestSupportKt.errorsMatchBaseline(TypeScriptTestSupport.kt:125)
  at com.xemantic.typescript.compiler.TypeScriptCompilerTests_C.callConstructAssignment_ts has expected errors matching callConstructAssignment_errors_txt(TypeScriptCompilerTests_C.kt:336)
  at java.base/jdk.internal.reflect.DirectMethodHandleAccessor.invoke(DirectMethodHandleAccessor.java:104)
  at java.base/java.lang.reflect.Method.invoke(Method.java:565)
  at org.junit.runners.model.FrameworkMethod$1.runReflectiveCall(FrameworkMethod.java:59)
  at org.junit.internal.runners.model.ReflectiveCallable.run(ReflectiveCallable.java:12)
  at org.junit.runners.model.FrameworkMethod.invokeExplosively(FrameworkMethod.java:56)
  at org.junit.internal.runners.statements.InvokeMethod.evaluate(InvokeMethod.java:17)
  at org.junit.runners.ParentRunner$3.evaluate(ParentRunner.java:306)
  at org.junit.runners.BlockJUnit4ClassRunner$1.evaluate(BlockJUnit4ClassRunner.java:100)
  at org.junit.runners.ParentRunner.runLeaf(ParentRunner.java:366)
  at org.junit.runners.BlockJUnit4ClassRunner.runChild(BlockJUnit4ClassRunner.java:103)
  at org.junit.runners.BlockJUnit4ClassRunner.runChild(BlockJUnit4ClassRunner.java:63)
  at org.junit.runners.ParentRunner$4.run(ParentRunner.java:331)
  at org.junit.runners.ParentRunner$1.schedule(ParentRunner.java:79)
  at org.junit.runners.ParentRunner.runChildren(ParentRunner.java:329)
  at org.junit.runners.ParentRunner.access$100(ParentRunner.java:66)
  at org.junit.runners.ParentRunner$2.evaluate(ParentRunner.java:293)
  at org.junit.runners.ParentRunner$3.evaluate(ParentRunner.java:306)
  at org.junit.runners.ParentRunner.run(ParentRunner.java:413)
  at org.junit.runner.JUnitCore.run(JUnitCore.java:137)
  at org.junit.runner.JUnitCore.run(JUnitCore.java:115)
  at org.gradle.api.internal.tasks.testing.junit.JUnitTestExecutor.runRequest(JUnitTestExecutor.java:175)
  at org.gradle.api.internal.tasks.testing.junit.JUnitTestExecutor.accept(JUnitTestExecutor.java:84)
  at org.gradle.api.internal.tasks.testing.junit.JUnitTestExecutor.accept(JUnitTestExecutor.java:47)
  at org.gradle.api.internal.tasks.testing.junit.AbstractJUnitTestDefinitionProcessor.processTestDefinition(AbstractJUnitTestDefinitionProcessor.java:65)
  at org.gradle.api.internal.tasks.testing.SuiteTestDefinitionProcessor.processTestDefinition(SuiteTestDefinitionProcessor.java:54)
  at java.base/jdk.internal.reflect.DirectMethodHandleAccessor.invoke(DirectMethodHandleAccessor.java:104)
  at java.base/java.lang.reflect.Method.invoke(Method.java:565)
  at org.gradle.internal.dispatch.MethodInvocation.invokeOn(MethodInvocation.java:77)
  at org.gradle.internal.dispatch.ReflectionDispatch.dispatch(ReflectionDispatch.java:28)
  at org.gradle.internal.dispatch.ReflectionDispatch.dispatch(ReflectionDispatch.java:19)
  at org.gradle.internal.dispatch.ContextClassLoaderDispatch.dispatch(ContextClassLoaderDispatch.java:33)
  at org.gradle.internal.dispatch.ProxyDispatchAdapter$DispatchingInvocationHandler.invoke(ProxyDispatchAdapter.java:88)
  at jdk.proxy1/jdk.proxy1.$Proxy4.processTestDefinition(Unknown Source)
  at org.gradle.api.internal.tasks.testing.worker.TestWorker$2.run(TestWorker.java:178)
  at org.gradle.api.internal.tasks.testing.worker.TestWorker.executeAndMaintainThreadName(TestWorker.java:126)
  at org.gradle.api.internal.tasks.testing.worker.TestWorker.execute(TestWorker.java:103)
  at org.gradle.api.internal.tasks.testing.worker.TestWorker.execute(TestWorker.java:63)
  at org.gradle.process.internal.worker.child.ActionExecutionWorker.execute(ActionExecutionWorker.java:56)
  at org.gradle.process.internal.worker.child.SystemApplicationClassLoaderWorker.call(SystemApplicationClassLoaderWorker.java:122)
  at org.gradle.process.internal.worker.child.SystemApplicationClassLoaderWorker.call(SystemApplicationClassLoaderWorker.java:72)
  at worker.org.gradle.process.internal.worker.GradleWorkerMain.run(GradleWorkerMain.java:69)
  at worker.org.gradle.process.internal.worker.GradleWorkerMain.main(GradleWorkerMain.java:74)
</stacktrace>
</test-failure>


TypeScriptCompilerTests_C[jvm] > callConstructAssignment_ts has expected errors matching callConstructAssignment_errors_txt[jvm] FAILED

<test-failure test="com.xemantic.typescript.compiler.TypeScriptCompilerTests_C.computedPropertiesInDestructuring2_ES6_ts has expected errors matching computedPropertiesInDestructuring2_ES6_errors_txt" platform="jvm">
<message>
Expected diagnostics from baseline typescript-repo/tests/baselines/reference/computedPropertiesInDestructuring2_ES6.errors.txt but none produced
</message>
<stacktrace>
  at com.xemantic.typescript.compiler.TypeScriptTestSupportKt.errorsMatchBaseline(TypeScriptTestSupport.kt:125)
  at com.xemantic.typescript.compiler.TypeScriptCompilerTests_C.computedPropertiesInDestructuring2_ES6_ts has expected errors matching computedPropertiesInDestructuring2_ES6_errors_txt(TypeScriptCompilerTests_C.kt:5383)
  at java.base/jdk.internal.reflect.DirectMethodHandleAccessor.invoke(DirectMethodHandleAccessor.java:104)
  at java.base/java.lang.reflect.Method.invoke(Method.java:565)
  at org.junit.runners.model.FrameworkMethod$1.runReflectiveCall(FrameworkMethod.java:59)
  at org.junit.internal.runners.model.ReflectiveCallable.run(ReflectiveCallable.java:12)
  at org.junit.runners.model.FrameworkMethod.invokeExplosively(FrameworkMethod.java:56)
  at org.junit.internal.runners.statements.InvokeMethod.evaluate(InvokeMethod.java:17)
  at org.junit.runners.ParentRunner$3.evaluate(ParentRunner.java:306)
  at org.junit.runners.BlockJUnit4ClassRunner$1.evaluate(BlockJUnit4ClassRunner.java:100)
  at org.junit.runners.ParentRunner.runLeaf(ParentRunner.java:366)
  at org.junit.runners.BlockJUnit4ClassRunner.runChild(BlockJUnit4ClassRunner.java:103)
  at org.junit.runners.BlockJUnit4ClassRunner.runChild(BlockJUnit4ClassRunner.java:63)
  at org.junit.runners.ParentRunner$4.run(ParentRunner.java:331)
  at org.junit.runners.ParentRunner$1.schedule(ParentRunner.java:79)
  at org.junit.runners.ParentRunner.runChildren(ParentRunner.java:329)
  at org.junit.runners.ParentRunner.access$100(ParentRunner.java:66)
  at org.junit.runners.ParentRunner$2.evaluate(ParentRunner.java:293)
  at org.junit.runners.ParentRunner$3.evaluate(ParentRunner.java:306)
  at org.junit.runners.ParentRunner.run(ParentRunner.java:413)
  at org.junit.runner.JUnitCore.run(JUnitCore.java:137)
  at org.junit.runner.JUnitCore.run(JUnitCore.java:115)
  at org.gradle.api.internal.tasks.testing.junit.JUnitTestExecutor.runRequest(JUnitTestExecutor.java:175)
  at org.gradle.api.internal.tasks.testing.junit.JUnitTestExecutor.accept(JUnitTestExecutor.java:84)
  at org.gradle.api.internal.tasks.testing.junit.JUnitTestExecutor.accept(JUnitTestExecutor.java:47)
  at org.gradle.api.internal.tasks.testing.junit.AbstractJUnitTestDefinitionProcessor.processTestDefinition(AbstractJUnitTestDefinitionProcessor.java:65)
  at org.gradle.api.internal.tasks.testing.SuiteTestDefinitionProcessor.processTestDefinition(SuiteTestDefinitionProcessor.java:54)
  at java.base/jdk.internal.reflect.DirectMethodHandleAccessor.invoke(DirectMethodHandleAccessor.java:104)
  at java.base/java.lang.reflect.Method.invoke(Method.java:565)
  at org.gradle.internal.dispatch.MethodInvocation.invokeOn(MethodInvocation.java:77)
  at org.gradle.internal.dispatch.ReflectionDispatch.dispatch(ReflectionDispatch.java:28)
  at org.gradle.internal.dispatch.ReflectionDispatch.dispatch(ReflectionDispatch.java:19)
  at org.gradle.internal.dispatch.ContextClassLoaderDispatch.dispatch(ContextClassLoaderDispatch.java:33)
  at org.gradle.internal.dispatch.ProxyDispatchAdapter$DispatchingInvocationHandler.invoke(ProxyDispatchAdapter.java:88)
  at jdk.proxy1/jdk.proxy1.$Proxy4.processTestDefinition(Unknown Source)
  at org.gradle.api.internal.tasks.testing.worker.TestWorker$2.run(TestWorker.java:178)
  at org.gradle.api.internal.tasks.testing.worker.TestWorker.executeAndMaintainThreadName(TestWorker.java:126)
  at org.gradle.api.internal.tasks.testing.worker.TestWorker.execute(TestWorker.java:103)
  at org.gradle.api.internal.tasks.testing.worker.TestWorker.execute(TestWorker.java:63)
  at org.gradle.process.internal.worker.child.ActionExecutionWorker.execute(ActionExecutionWorker.java:56)
  at org.gradle.process.internal.worker.child.SystemApplicationClassLoaderWorker.call(SystemApplicationClassLoaderWorker.java:122)
  at org.gradle.process.internal.worker.child.SystemApplicationClassLoaderWorker.call(SystemApplicationClassLoaderWorker.java:72)
  at worker.org.gradle.process.internal.worker.GradleWorkerMain.run(GradleWorkerMain.java:69)
  at worker.org.gradle.process.internal.worker.GradleWorkerMain.main(GradleWorkerMain.java:74)
</stacktrace>
</test-failure>


TypeScriptCompilerTests_C[jvm] > computedPropertiesInDestructuring2_ES6_ts has expected errors matching computedPropertiesInDestructuring2_ES6_errors_txt[jvm] FAILED

<test-failure test="com.xemantic.typescript.compiler.TypeScriptCompilerTests_C.contextualTypeFunctionObjectPropertyIntersection_ts has expected errors matching contextualTypeFunctionObjectPropertyIntersection_errors_txt" platform="jvm">
<message>
--- expected
+++ actual
@@ -1,8 +1,14 @@
-contextualTypeFunctionObjectPropertyIntersection.ts(84,5): error TS2353: Object literal may only specify known properties, and 'bar' does not exist in type '{ FOO?: Action<{ type: "FOO"; }> | undefined; } & { "*"?: Action<{ type: "FOO"; } | { type: "bar"; }> | undefined; }'.
+contextualTypeFunctionObjectPropertyIntersection.ts(25,11): error TS7006: Parameter 'ev' implicitly has an 'any' type.
+contextualTypeFunctionObjectPropertyIntersection.ts(36,11): error TS7006: Parameter 'ev' implicitly has an 'any' type.
+contextualTypeFunctionObjectPropertyIntersection.ts(62,11): error TS7006: Parameter 'ev' implicitly has an 'any' type.
+contextualTypeFunctionObjectPropertyIntersection.ts(73,11): error TS7006: Parameter 'ev' implicitly has an 'any' type.
 contextualTypeFunctionObjectPropertyIntersection.ts(84,11): error TS7006: Parameter 'ev' implicitly has an 'any' type.
+contextualTypeFunctionObjectPropertyIntersection.ts(99,5): error TS7006: Parameter 'a' implicitly has an 'any' type.
+contextualTypeFunctionObjectPropertyIntersection.ts(108,8): error TS7006: Parameter 's' implicitly has an 'any' type.
+contextualTypeFunctionObjectPropertyIntersection.ts(141,25): error TS7006: Parameter 'state' implicitly has an 'any' type.
 
 
-==== contextualTypeFunctionObjectPropertyIntersection.ts (2 errors) ====
+==== contextualTypeFunctionObjectPropertyIntersection.ts (8 errors) ====
     // repro from #48812
     
     type Action<TEvent extends { type: string }> = (ev: TEvent) => void;
@@ -28,6 +34,8 @@
       },
       on: {
         FOO: (ev) => {
+              ~~
+!!! error TS7006: Parameter 'ev' implicitly has an 'any' type.
           ev.type; // should be 'FOO'
         },
       },
@@ -39,6 +47,8 @@
       },
       on: {
         "*": (ev) => {
+              ~~
+!!! error TS7006: Parameter 'ev' implicitly has an 'any' type.
           ev.type; // should be 'FOO' | 'BAR'
         },
       },
@@ -65,6 +75,8 @@
       },
       on: {
         FOO: (ev) => {
+              ~~
+!!! error TS7006: Parameter 'ev' implicitly has an 'any' type.
           ev.type; // should be 'FOO'
         },
       },
@@ -76,6 +88,8 @@
       },
       on: {
         "*": (ev) => {
+              ~~
+!!! error TS7006: Parameter 'ev' implicitly has an 'any' type.
           ev.type; // should be 'FOO' | 'bar'
         },
       },
@@ -87,9 +101,6 @@
       },
       on: {
         bar: (ev) => {
-        ~~~
-!!! error TS2353: Object literal may only specify known properties, and 'bar' does not exist in type '{ FOO?: Action<{ type: "FOO"; }> | undefined; } & { "*"?: Action<{ type: "FOO"; } | { type: "bar"; }> | undefined; }'.
-!!! related TS6500 contextualTypeFunctionObjectPropertyIntersection.ts:46:3: The expected type comes from property 'on' which is declared here on type 'MachineConfig2<{ type: "FOO"; } | { type: "bar"; }>'
               ~~
 !!! error TS7006: Parameter 'ev' implicitly has an 'any' type.
           ev // any
@@ -107,6 +118,8 @@
     
     createSlice({
       f(a) {},
+        ~
+!!! error TS7006: Parameter 'a' implicitly has an 'any' type.
     });
     
     // repro from #49307#issuecomment-1196014488
@@ -116,6 +129,8 @@
     
     f(0, {
       foo: s => s + 1,
+           ~
+!!! error TS7006: Parameter 's' implicitly has an 'any' type.
     })
     
     // repro from 49307#issuecomment-1195858950
@@ -149,5 +164,7 @@
       },
       reducers: {
         onClientUserChanged(state) {},
+                            ~~~~~
+!!! error TS7006: Parameter 'state' implicitly has an 'any' type.
       },
     });

</message>
<stacktrace>
  at org.junit.Assert.fail(Assert.java:89)
  at kotlin.test.junit.JUnitAsserter.fail(JUnitSupport.kt:56)
  at kotlin.test.AssertionsKt__AssertionsKt.fail(Assertions.kt:563)
  at kotlin.test.AssertionsKt.fail(Unknown Source)
  at com.xemantic.kotlin.test.SameAsKt.sameAs(SameAs.kt:52)
  at com.xemantic.typescript.compiler.TypeScriptTestSupportKt.errorsMatchBaseline(TypeScriptTestSupport.kt:135)
  at com.xemantic.typescript.compiler.TypeScriptCompilerTests_C.contextualTypeFunctionObjectPropertyIntersection_ts has expected errors matching contextualTypeFunctionObjectPropertyIntersection_errors_txt(TypeScriptCompilerTests_C.kt:7322)
  at java.base/jdk.internal.reflect.DirectMethodHandleAccessor.invoke(DirectMethodHandleAccessor.java:104)
  at java.base/java.lang.reflect.Method.invoke(Method.java:565)
  at org.junit.runners.model.FrameworkMethod$1.runReflectiveCall(FrameworkMethod.java:59)
  at org.junit.internal.runners.model.ReflectiveCallable.run(ReflectiveCallable.java:12)
  at org.junit.runners.model.FrameworkMethod.invokeExplosively(FrameworkMethod.java:56)
  at org.junit.internal.runners.statements.InvokeMethod.evaluate(InvokeMethod.java:17)
  at org.junit.runners.ParentRunner$3.evaluate(ParentRunner.java:306)
  at org.junit.runners.BlockJUnit4ClassRunner$1.evaluate(BlockJUnit4ClassRunner.java:100)
  at org.junit.runners.ParentRunner.runLeaf(ParentRunner.java:366)
  at org.junit.runners.BlockJUnit4ClassRunner.runChild(BlockJUnit4ClassRunner.java:103)
  at org.junit.runners.BlockJUnit4ClassRunner.runChild(BlockJUnit4ClassRunner.java:63)
  at org.junit.runners.ParentRunner$4.run(ParentRunner.java:331)
  at org.junit.runners.ParentRunner$1.schedule(ParentRunner.java:79)
  at org.junit.runners.ParentRunner.runChildren(ParentRunner.java:329)
  at org.junit.runners.ParentRunner.access$100(ParentRunner.java:66)
  at org.junit.runners.ParentRunner$2.evaluate(ParentRunner.java:293)
  at org.junit.runners.ParentRunner$3.evaluate(ParentRunner.java:306)
  at org.junit.runners.ParentRunner.run(ParentRunner.java:413)
  at org.junit.runner.JUnitCore.run(JUnitCore.java:137)
  at org.junit.runner.JUnitCore.run(JUnitCore.java:115)
  at org.gradle.api.internal.tasks.testing.junit.JUnitTestExecutor.runRequest(JUnitTestExecutor.java:175)
  at org.gradle.api.internal.tasks.testing.junit.JUnitTestExecutor.accept(JUnitTestExecutor.java:84)
  at org.gradle.api.internal.tasks.testing.junit.JUnitTestExecutor.accept(JUnitTestExecutor.java:47)
  at org.gradle.api.internal.tasks.testing.junit.AbstractJUnitTestDefinitionProcessor.processTestDefinition(AbstractJUnitTestDefinitionProcessor.java:65)
  at org.gradle.api.internal.tasks.testing.SuiteTestDefinitionProcessor.processTestDefinition(SuiteTestDefinitionProcessor.java:54)
  at java.base/jdk.internal.reflect.DirectMethodHandleAccessor.invoke(DirectMethodHandleAccessor.java:104)
  at java.base/java.lang.reflect.Method.invoke(Method.java:565)
  at org.gradle.internal.dispatch.MethodInvocation.invokeOn(MethodInvocation.java:77)
  at org.gradle.internal.dispatch.ReflectionDispatch.dispatch(ReflectionDispatch.java:28)
  at org.gradle.internal.dispatch.ReflectionDispatch.dispatch(ReflectionDispatch.java:19)
  at org.gradle.internal.dispatch.ContextClassLoaderDispatch.dispatch(ContextClassLoaderDispatch.java:33)
  at org.gradle.internal.dispatch.ProxyDispatchAdapter$DispatchingInvocationHandler.invoke(ProxyDispatchAdapter.java:88)
  at jdk.proxy1/jdk.proxy1.$Proxy4.processTestDefinition(Unknown Source)
  at org.gradle.api.internal.tasks.testing.worker.TestWorker$2.run(TestWorker.java:178)
  at org.gradle.api.internal.tasks.testing.worker.TestWorker.executeAndMaintainThreadName(TestWorker.java:126)
  at org.gradle.api.internal.tasks.testing.worker.TestWorker.execute(TestWorker.java:103)
  at org.gradle.api.internal.tasks.testing.worker.TestWorker.execute(TestWorker.java:63)
  at org.gradle.process.internal.worker.child.ActionExecutionWorker.execute(ActionExecutionWorker.java:56)
  at org.gradle.process.internal.worker.child.SystemApplicationClassLoaderWorker.call(SystemApplicationClassLoaderWorker.java:122)
  at org.gradle.process.internal.worker.child.SystemApplicationClassLoaderWorker.call(SystemApplicationClassLoaderWorker.java:72)
  at worker.org.gradle.process.internal.worker.GradleWorkerMain.run(GradleWorkerMain.java:69)
  at worker.org.gradle.process.internal.worker.GradleWorkerMain.main(GradleWorkerMain.java:74)
</stacktrace>
</test-failure>


TypeScriptCompilerTests_C[jvm] > contextualTypeFunctionObjectPropertyIntersection_ts has expected errors matching contextualTypeFunctionObjectPropertyIntersection_errors_txt[jvm] FAILED

<test-failure test="com.xemantic.typescript.compiler.TypeScriptCompilerTests_C.controlFlowNoImplicitAny_ts has expected errors matching controlFlowNoImplicitAny_errors_txt" platform="jvm">
<message>
Expected diagnostics from baseline typescript-repo/tests/baselines/reference/controlFlowNoImplicitAny.errors.txt but none produced
</message>
<stacktrace>
  at com.xemantic.typescript.compiler.TypeScriptTestSupportKt.errorsMatchBaseline(TypeScriptTestSupport.kt:125)
  at com.xemantic.typescript.compiler.TypeScriptCompilerTests_C.controlFlowNoImplicitAny_ts has expected errors matching controlFlowNoImplicitAny_errors_txt(TypeScriptCompilerTests_C.kt:8526)
  at java.base/jdk.internal.reflect.DirectMethodHandleAccessor.invoke(DirectMethodHandleAccessor.java:104)
  at java.base/java.lang.reflect.Method.invoke(Method.java:565)
  at org.junit.runners.model.FrameworkMethod$1.runReflectiveCall(FrameworkMethod.java:59)
  at org.junit.internal.runners.model.ReflectiveCallable.run(ReflectiveCallable.java:12)
  at org.junit.runners.model.FrameworkMethod.invokeExplosively(FrameworkMethod.java:56)
  at org.junit.internal.runners.statements.InvokeMethod.evaluate(InvokeMethod.java:17)
  at org.junit.runners.ParentRunner$3.evaluate(ParentRunner.java:306)
  at org.junit.runners.BlockJUnit4ClassRunner$1.evaluate(BlockJUnit4ClassRunner.java:100)
  at org.junit.runners.ParentRunner.runLeaf(ParentRunner.java:366)
  at org.junit.runners.BlockJUnit4ClassRunner.runChild(BlockJUnit4ClassRunner.java:103)
  at org.junit.runners.BlockJUnit4ClassRunner.runChild(BlockJUnit4ClassRunner.java:63)
  at org.junit.runners.ParentRunner$4.run(ParentRunner.java:331)
  at org.junit.runners.ParentRunner$1.schedule(ParentRunner.java:79)
  at org.junit.runners.ParentRunner.runChildren(ParentRunner.java:329)
  at org.junit.runners.ParentRunner.access$100(ParentRunner.java:66)
  at org.junit.runners.ParentRunner$2.evaluate(ParentRunner.java:293)
  at org.junit.runners.ParentRunner$3.evaluate(ParentRunner.java:306)
  at org.junit.runners.ParentRunner.run(ParentRunner.java:413)
  at org.junit.runner.JUnitCore.run(JUnitCore.java:137)
  at org.junit.runner.JUnitCore.run(JUnitCore.java:115)
  at org.gradle.api.internal.tasks.testing.junit.JUnitTestExecutor.runRequest(JUnitTestExecutor.java:175)
  at org.gradle.api.internal.tasks.testing.junit.JUnitTestExecutor.accept(JUnitTestExecutor.java:84)
  at org.gradle.api.internal.tasks.testing.junit.JUnitTestExecutor.accept(JUnitTestExecutor.java:47)
  at org.gradle.api.internal.tasks.testing.junit.AbstractJUnitTestDefinitionProcessor.processTestDefinition(AbstractJUnitTestDefinitionProcessor.java:65)
  at org.gradle.api.internal.tasks.testing.SuiteTestDefinitionProcessor.processTestDefinition(SuiteTestDefinitionProcessor.java:54)
  at java.base/jdk.internal.reflect.DirectMethodHandleAccessor.invoke(DirectMethodHandleAccessor.java:104)
  at java.base/java.lang.reflect.Method.invoke(Method.java:565)
  at org.gradle.internal.dispatch.MethodInvocation.invokeOn(MethodInvocation.java:77)
  at org.gradle.internal.dispatch.ReflectionDispatch.dispatch(ReflectionDispatch.java:28)
  at org.gradle.internal.dispatch.ReflectionDispatch.dispatch(ReflectionDispatch.java:19)
  at org.gradle.internal.dispatch.ContextClassLoaderDispatch.dispatch(ContextClassLoaderDispatch.java:33)
  at org.gradle.internal.dispatch.ProxyDispatchAdapter$DispatchingInvocationHandler.invoke(ProxyDispatchAdapter.java:88)
  at jdk.proxy1/jdk.proxy1.$Proxy4.processTestDefinition(Unknown Source)
  at org.gradle.api.internal.tasks.testing.worker.TestWorker$2.run(TestWorker.java:178)
  at org.gradle.api.internal.tasks.testing.worker.TestWorker.executeAndMaintainThreadName(TestWorker.java:126)
  at org.gradle.api.internal.tasks.testing.worker.TestWorker.execute(TestWorker.java:103)
  at org.gradle.api.internal.tasks.testing.worker.TestWorker.execute(TestWorker.java:63)
  at org.gradle.process.internal.worker.child.ActionExecutionWorker.execute(ActionExecutionWorker.java:56)
  at org.gradle.process.internal.worker.child.SystemApplicationClassLoaderWorker.call(SystemApplicationClassLoaderWorker.java:122)
  at org.gradle.process.internal.worker.child.SystemApplicationClassLoaderWorker.call(SystemApplicationClassLoaderWorker.java:72)
  at worker.org.gradle.process.internal.worker.GradleWorkerMain.run(GradleWorkerMain.java:69)
  at worker.org.gradle.process.internal.worker.GradleWorkerMain.main(GradleWorkerMain.java:74)
</stacktrace>
</test-failure>


TypeScriptCompilerTests_C[jvm] > controlFlowNoImplicitAny_ts has expected errors matching controlFlowNoImplicitAny_errors_txt[jvm] FAILED

<test-failure test="com.xemantic.typescript.compiler.TypeScriptCompilerTests_C.classInheritence_ts has expected errors matching classInheritence_errors_txt" platform="jvm">
<message>
--- expected
+++ actual
@@ -1,12 +1,9 @@
 classInheritence.ts(1,17): error TS2449: Class 'A' used before its declaration.
-classInheritence.ts(2,7): error TS2506: 'A' is referenced directly or indirectly in its own base expression.
 
 
-==== classInheritence.ts (2 errors) ====
+==== classInheritence.ts (1 errors) ====
     class B extends A { }
                     ~
 !!! error TS2449: Class 'A' used before its declaration.
 !!! related TS2728 classInheritence.ts:2:7: 'A' is declared here.
     class A extends A { }
-          ~
-!!! error TS2506: 'A' is referenced directly or indirectly in its own base expression.

</message>
<stacktrace>
  at org.junit.Assert.fail(Assert.java:89)
  at kotlin.test.junit.JUnitAsserter.fail(JUnitSupport.kt:56)
  at kotlin.test.AssertionsKt__AssertionsKt.fail(Assertions.kt:563)
  at kotlin.test.AssertionsKt.fail(Unknown Source)
  at com.xemantic.kotlin.test.SameAsKt.sameAs(SameAs.kt:52)
  at com.xemantic.typescript.compiler.TypeScriptTestSupportKt.errorsMatchBaseline(TypeScriptTestSupport.kt:135)
  at com.xemantic.typescript.compiler.TypeScriptCompilerTests_C.classInheritence_ts has expected errors matching classInheritence_errors_txt(TypeScriptCompilerTests_C.kt:2562)
  at java.base/jdk.internal.reflect.DirectMethodHandleAccessor.invoke(DirectMethodHandleAccessor.java:104)
  at java.base/java.lang.reflect.Method.invoke(Method.java:565)
  at org.junit.runners.model.FrameworkMethod$1.runReflectiveCall(FrameworkMethod.java:59)
  at org.junit.internal.runners.model.ReflectiveCallable.run(ReflectiveCallable.java:12)
  at org.junit.runners.model.FrameworkMethod.invokeExplosively(FrameworkMethod.java:56)
  at org.junit.internal.runners.statements.InvokeMethod.evaluate(InvokeMethod.java:17)
  at org.junit.runners.ParentRunner$3.evaluate(ParentRunner.java:306)
  at org.junit.runners.BlockJUnit4ClassRunner$1.evaluate(BlockJUnit4ClassRunner.java:100)
  at org.junit.runners.ParentRunner.runLeaf(ParentRunner.java:366)
  at org.junit.runners.BlockJUnit4ClassRunner.runChild(BlockJUnit4ClassRunner.java:103)
  at org.junit.runners.BlockJUnit4ClassRunner.runChild(BlockJUnit4ClassRunner.java:63)
  at org.junit.runners.ParentRunner$4.run(ParentRunner.java:331)
  at org.junit.runners.ParentRunner$1.schedule(ParentRunner.java:79)
  at org.junit.runners.ParentRunner.runChildren(ParentRunner.java:329)
  at org.junit.runners.ParentRunner.access$100(ParentRunner.java:66)
  at org.junit.runners.ParentRunner$2.evaluate(ParentRunner.java:293)
  at org.junit.runners.ParentRunner$3.evaluate(ParentRunner.java:306)
  at org.junit.runners.ParentRunner.run(ParentRunner.java:413)
  at org.junit.runner.JUnitCore.run(JUnitCore.java:137)
  at org.junit.runner.JUnitCore.run(JUnitCore.java:115)
  at org.gradle.api.internal.tasks.testing.junit.JUnitTestExecutor.runRequest(JUnitTestExecutor.java:175)
  at org.gradle.api.internal.tasks.testing.junit.JUnitTestExecutor.accept(JUnitTestExecutor.java:84)
  at org.gradle.api.internal.tasks.testing.junit.JUnitTestExecutor.accept(JUnitTestExecutor.java:47)
  at org.gradle.api.internal.tasks.testing.junit.AbstractJUnitTestDefinitionProcessor.processTestDefinition(AbstractJUnitTestDefinitionProcessor.java:65)
  at org.gradle.api.internal.tasks.testing.SuiteTestDefinitionProcessor.processTestDefinition(SuiteTestDefinitionProcessor.java:54)
  at java.base/jdk.internal.reflect.DirectMethodHandleAccessor.invoke(DirectMethodHandleAccessor.java:104)
  at java.base/java.lang.reflect.Method.invoke(Method.java:565)
  at org.gradle.internal.dispatch.MethodInvocation.invokeOn(MethodInvocation.java:77)
  at org.gradle.internal.dispatch.ReflectionDispatch.dispatch(ReflectionDispatch.java:28)
  at org.gradle.internal.dispatch.ReflectionDispatch.dispatch(ReflectionDispatch.java:19)
  at org.gradle.internal.dispatch.ContextClassLoaderDispatch.dispatch(ContextClassLoaderDispatch.java:33)
  at org.gradle.internal.dispatch.ProxyDispatchAdapter$DispatchingInvocationHandler.invoke(ProxyDispatchAdapter.java:88)
  at jdk.proxy1/jdk.proxy1.$Proxy4.processTestDefinition(Unknown Source)
  at org.gradle.api.internal.tasks.testing.worker.TestWorker$2.run(TestWorker.java:178)
  at org.gradle.api.internal.tasks.testing.worker.TestWorker.executeAndMaintainThreadName(TestWorker.java:126)
  at org.gradle.api.internal.tasks.testing.worker.TestWorker.execute(TestWorker.java:103)
  at org.gradle.api.internal.tasks.testing.worker.TestWorker.execute(TestWorker.java:63)
  at org.gradle.process.internal.worker.child.ActionExecutionWorker.execute(ActionExecutionWorker.java:56)
  at org.gradle.process.internal.worker.child.SystemApplicationClassLoaderWorker.call(SystemApplicationClassLoaderWorker.java:122)
  at org.gradle.process.internal.worker.child.SystemApplicationClassLoaderWorker.call(SystemApplicationClassLoaderWorker.java:72)
  at worker.org.gradle.process.internal.worker.GradleWorkerMain.run(GradleWorkerMain.java:69)
  at worker.org.gradle.process.internal.worker.GradleWorkerMain.main(GradleWorkerMain.java:74)
</stacktrace>
</test-failure>


TypeScriptCompilerTests_C[jvm] > classInheritence_ts has expected errors matching classInheritence_errors_txt[jvm] FAILED

<test-failure test="com.xemantic.typescript.compiler.TypeScriptCompilerTests_C.classFieldSuperNotAccessible_ts has expected errors matching classFieldSuperNotAccessible_errors_txt" platform="jvm">
<message>
Expected diagnostics from baseline typescript-repo/tests/baselines/reference/classFieldSuperNotAccessible.errors.txt but none produced
</message>
<stacktrace>
  at com.xemantic.typescript.compiler.TypeScriptTestSupportKt.errorsMatchBaseline(TypeScriptTestSupport.kt:125)
  at com.xemantic.typescript.compiler.TypeScriptCompilerTests_C.classFieldSuperNotAccessible_ts has expected errors matching classFieldSuperNotAccessible_errors_txt(TypeScriptCompilerTests_C.kt:2296)
  at java.base/jdk.internal.reflect.DirectMethodHandleAccessor.invoke(DirectMethodHandleAccessor.java:104)
  at java.base/java.lang.reflect.Method.invoke(Method.java:565)
  at org.junit.runners.model.FrameworkMethod$1.runReflectiveCall(FrameworkMethod.java:59)
  at org.junit.internal.runners.model.ReflectiveCallable.run(ReflectiveCallable.java:12)
  at org.junit.runners.model.FrameworkMethod.invokeExplosively(FrameworkMethod.java:56)
  at org.junit.internal.runners.statements.InvokeMethod.evaluate(InvokeMethod.java:17)
  at org.junit.runners.ParentRunner$3.evaluate(ParentRunner.java:306)
  at org.junit.runners.BlockJUnit4ClassRunner$1.evaluate(BlockJUnit4ClassRunner.java:100)
  at org.junit.runners.ParentRunner.runLeaf(ParentRunner.java:366)
  at org.junit.runners.BlockJUnit4ClassRunner.runChild(BlockJUnit4ClassRunner.java:103)
  at org.junit.runners.BlockJUnit4ClassRunner.runChild(BlockJUnit4ClassRunner.java:63)
  at org.junit.runners.ParentRunner$4.run(ParentRunner.java:331)
  at org.junit.runners.ParentRunner$1.schedule(ParentRunner.java:79)
  at org.junit.runners.ParentRunner.runChildren(ParentRunner.java:329)
  at org.junit.runners.ParentRunner.access$100(ParentRunner.java:66)
  at org.junit.runners.ParentRunner$2.evaluate(ParentRunner.java:293)
  at org.junit.runners.ParentRunner$3.evaluate(ParentRunner.java:306)
  at org.junit.runners.ParentRunner.run(ParentRunner.java:413)
  at org.junit.runner.JUnitCore.run(JUnitCore.java:137)
  at org.junit.runner.JUnitCore.run(JUnitCore.java:115)
  at org.gradle.api.internal.tasks.testing.junit.JUnitTestExecutor.runRequest(JUnitTestExecutor.java:175)
  at org.gradle.api.internal.tasks.testing.junit.JUnitTestExecutor.accept(JUnitTestExecutor.java:84)
  at org.gradle.api.internal.tasks.testing.junit.JUnitTestExecutor.accept(JUnitTestExecutor.java:47)
  at org.gradle.api.internal.tasks.testing.junit.AbstractJUnitTestDefinitionProcessor.processTestDefinition(AbstractJUnitTestDefinitionProcessor.java:65)
  at org.gradle.api.internal.tasks.testing.SuiteTestDefinitionProcessor.processTestDefinition(SuiteTestDefinitionProcessor.java:54)
  at java.base/jdk.internal.reflect.DirectMethodHandleAccessor.invoke(DirectMethodHandleAccessor.java:104)
  at java.base/java.lang.reflect.Method.invoke(Method.java:565)
  at org.gradle.internal.dispatch.MethodInvocation.invokeOn(MethodInvocation.java:77)
  at org.gradle.internal.dispatch.ReflectionDispatch.dispatch(ReflectionDispatch.java:28)
  at org.gradle.internal.dispatch.ReflectionDispatch.dispatch(ReflectionDispatch.java:19)
  at org.gradle.internal.dispatch.ContextClassLoaderDispatch.dispatch(ContextClassLoaderDispatch.java:33)
  at org.gradle.internal.dispatch.ProxyDispatchAdapter$DispatchingInvocationHandler.invoke(ProxyDispatchAdapter.java:88)
  at jdk.proxy1/jdk.proxy1.$Proxy4.processTestDefinition(Unknown Source)
  at org.gradle.api.internal.tasks.testing.worker.TestWorker$2.run(TestWorker.java:178)
  at org.gradle.api.internal.tasks.testing.worker.TestWorker.executeAndMaintainThreadName(TestWorker.java:126)
  at org.gradle.api.internal.tasks.testing.worker.TestWorker.execute(TestWorker.java:103)
  at org.gradle.api.internal.tasks.testing.worker.TestWorker.execute(TestWorker.java:63)
  at org.gradle.process.internal.worker.child.ActionExecutionWorker.execute(ActionExecutionWorker.java:56)
  at org.gradle.process.internal.worker.child.SystemApplicationClassLoaderWorker.call(SystemApplicationClassLoaderWorker.java:122)
  at org.gradle.process.internal.worker.child.SystemApplicationClassLoaderWorker.call(SystemApplicationClassLoaderWorker.java:72)
  at worker.org.gradle.process.internal.worker.GradleWorkerMain.run(GradleWorkerMain.java:69)
  at worker.org.gradle.process.internal.worker.GradleWorkerMain.main(GradleWorkerMain.java:74)
</stacktrace>
</test-failure>


TypeScriptCompilerTests_C[jvm] > classFieldSuperNotAccessible_ts has expected errors matching classFieldSuperNotAccessible_errors_txt[jvm] FAILED

<test-failure test="com.xemantic.typescript.compiler.TypeScriptCompilerTests_C.conflictingMemberTypesInBases_ts has expected errors matching conflictingMemberTypesInBases_errors_txt" platform="jvm">
<message>
Expected diagnostics from baseline typescript-repo/tests/baselines/reference/conflictingMemberTypesInBases.errors.txt but none produced
</message>
<stacktrace>
  at com.xemantic.typescript.compiler.TypeScriptTestSupportKt.errorsMatchBaseline(TypeScriptTestSupport.kt:125)
  at com.xemantic.typescript.compiler.TypeScriptCompilerTests_C.conflictingMemberTypesInBases_ts has expected errors matching conflictingMemberTypesInBases_errors_txt(TypeScriptCompilerTests_C.kt:5971)
  at java.base/jdk.internal.reflect.DirectMethodHandleAccessor.invoke(DirectMethodHandleAccessor.java:104)
  at java.base/java.lang.reflect.Method.invoke(Method.java:565)
  at org.junit.runners.model.FrameworkMethod$1.runReflectiveCall(FrameworkMethod.java:59)
  at org.junit.internal.runners.model.ReflectiveCallable.run(ReflectiveCallable.java:12)
  at org.junit.runners.model.FrameworkMethod.invokeExplosively(FrameworkMethod.java:56)
  at org.junit.internal.runners.statements.InvokeMethod.evaluate(InvokeMethod.java:17)
  at org.junit.runners.ParentRunner$3.evaluate(ParentRunner.java:306)
  at org.junit.runners.BlockJUnit4ClassRunner$1.evaluate(BlockJUnit4ClassRunner.java:100)
  at org.junit.runners.ParentRunner.runLeaf(ParentRunner.java:366)
  at org.junit.runners.BlockJUnit4ClassRunner.runChild(BlockJUnit4ClassRunner.java:103)
  at org.junit.runners.BlockJUnit4ClassRunner.runChild(BlockJUnit4ClassRunner.java:63)
  at org.junit.runners.ParentRunner$4.run(ParentRunner.java:331)
  at org.junit.runners.ParentRunner$1.schedule(ParentRunner.java:79)
  at org.junit.runners.ParentRunner.runChildren(ParentRunner.java:329)
  at org.junit.runners.ParentRunner.access$100(ParentRunner.java:66)
  at org.junit.runners.ParentRunner$2.evaluate(ParentRunner.java:293)
  at org.junit.runners.ParentRunner$3.evaluate(ParentRunner.java:306)
  at org.junit.runners.ParentRunner.run(ParentRunner.java:413)
  at org.junit.runner.JUnitCore.run(JUnitCore.java:137)
  at org.junit.runner.JUnitCore.run(JUnitCore.java:115)
  at org.gradle.api.internal.tasks.testing.junit.JUnitTestExecutor.runRequest(JUnitTestExecutor.java:175)
  at org.gradle.api.internal.tasks.testing.junit.JUnitTestExecutor.accept(JUnitTestExecutor.java:84)
  at org.gradle.api.internal.tasks.testing.junit.JUnitTestExecutor.accept(JUnitTestExecutor.java:47)
  at org.gradle.api.internal.tasks.testing.junit.AbstractJUnitTestDefinitionProcessor.processTestDefinition(AbstractJUnitTestDefinitionProcessor.java:65)
  at org.gradle.api.internal.tasks.testing.SuiteTestDefinitionProcessor.processTestDefinition(SuiteTestDefinitionProcessor.java:54)
  at java.base/jdk.internal.reflect.DirectMethodHandleAccessor.invoke(DirectMethodHandleAccessor.java:104)
  at java.base/java.lang.reflect.Method.invoke(Method.java:565)
  at org.gradle.internal.dispatch.MethodInvocation.invokeOn(MethodInvocation.java:77)
  at org.gradle.internal.dispatch.ReflectionDispatch.dispatch(ReflectionDispatch.java:28)
  at org.gradle.internal.dispatch.ReflectionDispatch.dispatch(ReflectionDispatch.java:19)
  at org.gradle.internal.dispatch.ContextClassLoaderDispatch.dispatch(ContextClassLoaderDispatch.java:33)
  at org.gradle.internal.dispatch.ProxyDispatchAdapter$DispatchingInvocationHandler.invoke(ProxyDispatchAdapter.java:88)
  at jdk.proxy1/jdk.proxy1.$Proxy4.processTestDefinition(Unknown Source)
  at org.gradle.api.internal.tasks.testing.worker.TestWorker$2.run(TestWorker.java:178)
  at org.gradle.api.internal.tasks.testing.worker.TestWorker.executeAndMaintainThreadName(TestWorker.java:126)
  at org.gradle.api.internal.tasks.testing.worker.TestWorker.execute(TestWorker.java:103)
  at org.gradle.api.internal.tasks.testing.worker.TestWorker.execute(TestWorker.java:63)
  at org.gradle.process.internal.worker.child.ActionExecutionWorker.execute(ActionExecutionWorker.java:56)
  at org.gradle.process.internal.worker.child.SystemApplicationClassLoaderWorker.call(SystemApplicationClassLoaderWorker.java:122)
  at org.gradle.process.internal.worker.child.SystemApplicationClassLoaderWorker.call(SystemApplicationClassLoaderWorker.java:72)
  at worker.org.gradle.process.internal.worker.GradleWorkerMain.run(GradleWorkerMain.java:69)
  at worker.org.gradle.process.internal.worker.GradleWorkerMain.main(GradleWorkerMain.java:74)
</stacktrace>
</test-failure>


TypeScriptCompilerTests_C[jvm] > conflictingMemberTypesInBases_ts has expected errors matching conflictingMemberTypesInBases_errors_txt[jvm] FAILED

<test-failure test="com.xemantic.typescript.compiler.TypeScriptCompilerTests_C.checkJsdocTypeTagOnExportAssignment6_ts has expected errors matching checkJsdocTypeTagOnExportAssignment6_errors_txt" platform="jvm">
<message>
Expected diagnostics from baseline typescript-repo/tests/baselines/reference/checkJsdocTypeTagOnExportAssignment6.errors.txt but none produced
</message>
<stacktrace>
  at com.xemantic.typescript.compiler.TypeScriptTestSupportKt.errorsMatchBaseline(TypeScriptTestSupport.kt:125)
  at com.xemantic.typescript.compiler.TypeScriptCompilerTests_C.checkJsdocTypeTagOnExportAssignment6_ts has expected errors matching checkJsdocTypeTagOnExportAssignment6_errors_txt(TypeScriptCompilerTests_C.kt:1344)
  at java.base/jdk.internal.reflect.DirectMethodHandleAccessor.invoke(DirectMethodHandleAccessor.java:104)
  at java.base/java.lang.reflect.Method.invoke(Method.java:565)
  at org.junit.runners.model.FrameworkMethod$1.runReflectiveCall(FrameworkMethod.java:59)
  at org.junit.internal.runners.model.ReflectiveCallable.run(ReflectiveCallable.java:12)
  at org.junit.runners.model.FrameworkMethod.invokeExplosively(FrameworkMethod.java:56)
  at org.junit.internal.runners.statements.InvokeMethod.evaluate(InvokeMethod.java:17)
  at org.junit.runners.ParentRunner$3.evaluate(ParentRunner.java:306)
  at org.junit.runners.BlockJUnit4ClassRunner$1.evaluate(BlockJUnit4ClassRunner.java:100)
  at org.junit.runners.ParentRunner.runLeaf(ParentRunner.java:366)
  at org.junit.runners.BlockJUnit4ClassRunner.runChild(BlockJUnit4ClassRunner.java:103)
  at org.junit.runners.BlockJUnit4ClassRunner.runChild(BlockJUnit4ClassRunner.java:63)
  at org.junit.runners.ParentRunner$4.run(ParentRunner.java:331)
  at org.junit.runners.ParentRunner$1.schedule(ParentRunner.java:79)
  at org.junit.runners.ParentRunner.runChildren(ParentRunner.java:329)
  at org.junit.runners.ParentRunner.access$100(ParentRunner.java:66)
  at org.junit.runners.ParentRunner$2.evaluate(ParentRunner.java:293)
  at org.junit.runners.ParentRunner$3.evaluate(ParentRunner.java:306)
  at org.junit.runners.ParentRunner.run(ParentRunner.java:413)
  at org.junit.runner.JUnitCore.run(JUnitCore.java:137)
  at org.junit.runner.JUnitCore.run(JUnitCore.java:115)
  at org.gradle.api.internal.tasks.testing.junit.JUnitTestExecutor.runRequest(JUnitTestExecutor.java:175)
  at org.gradle.api.internal.tasks.testing.junit.JUnitTestExecutor.accept(JUnitTestExecutor.java:84)
  at org.gradle.api.internal.tasks.testing.junit.JUnitTestExecutor.accept(JUnitTestExecutor.java:47)
  at org.gradle.api.internal.tasks.testing.junit.AbstractJUnitTestDefinitionProcessor.processTestDefinition(AbstractJUnitTestDefinitionProcessor.java:65)
  at org.gradle.api.internal.tasks.testing.SuiteTestDefinitionProcessor.processTestDefinition(SuiteTestDefinitionProcessor.java:54)
  at java.base/jdk.internal.reflect.DirectMethodHandleAccessor.invoke(DirectMethodHandleAccessor.java:104)
  at java.base/java.lang.reflect.Method.invoke(Method.java:565)
  at org.gradle.internal.dispatch.MethodInvocation.invokeOn(MethodInvocation.java:77)
  at org.gradle.internal.dispatch.ReflectionDispatch.dispatch(ReflectionDispatch.java:28)
  at org.gradle.internal.dispatch.ReflectionDispatch.dispatch(ReflectionDispatch.java:19)
  at org.gradle.internal.dispatch.ContextClassLoaderDispatch.dispatch(ContextClassLoaderDispatch.java:33)
  at org.gradle.internal.dispatch.ProxyDispatchAdapter$DispatchingInvocationHandler.invoke(ProxyDispatchAdapter.java:88)
  at jdk.proxy1/jdk.proxy1.$Proxy4.processTestDefinition(Unknown Source)
  at org.gradle.api.internal.tasks.testing.worker.TestWorker$2.run(TestWorker.java:178)
  at org.gradle.api.internal.tasks.testing.worker.TestWorker.executeAndMaintainThreadName(TestWorker.java:126)
  at org.gradle.api.internal.tasks.testing.worker.TestWorker.execute(TestWorker.java:103)
  at org.gradle.api.internal.tasks.testing.worker.TestWorker.execute(TestWorker.java:63)
  at org.gradle.process.internal.worker.child.ActionExecutionWorker.execute(ActionExecutionWorker.java:56)
  at org.gradle.process.internal.worker.child.SystemApplicationClassLoaderWorker.call(SystemApplicationClassLoaderWorker.java:122)
  at org.gradle.process.internal.worker.child.SystemApplicationClassLoaderWorker.call(SystemApplicationClassLoaderWorker.java:72)
  at worker.org.gradle.process.internal.worker.GradleWorkerMain.run(GradleWorkerMain.java:69)
  at worker.org.gradle.process.internal.worker.GradleWorkerMain.main(GradleWorkerMain.java:74)
</stacktrace>
</test-failure>


TypeScriptCompilerTests_C[jvm] > checkJsdocTypeTagOnExportAssignment6_ts has expected errors matching checkJsdocTypeTagOnExportAssignment6_errors_txt[jvm] FAILED

<test-failure test="com.xemantic.typescript.compiler.TypeScriptCompilerTests_C.callOnClass_ts has expected errors matching callOnClass_errors_txt" platform="jvm">
<message>
Expected diagnostics from baseline typescript-repo/tests/baselines/reference/callOnClass.errors.txt but none produced
</message>
<stacktrace>
  at com.xemantic.typescript.compiler.TypeScriptTestSupportKt.errorsMatchBaseline(TypeScriptTestSupport.kt:125)
  at com.xemantic.typescript.compiler.TypeScriptCompilerTests_C.callOnClass_ts has expected errors matching callOnClass_errors_txt(TypeScriptCompilerTests_C.kt:385)
  at java.base/jdk.internal.reflect.DirectMethodHandleAccessor.invoke(DirectMethodHandleAccessor.java:104)
  at java.base/java.lang.reflect.Method.invoke(Method.java:565)
  at org.junit.runners.model.FrameworkMethod$1.runReflectiveCall(FrameworkMethod.java:59)
  at org.junit.internal.runners.model.ReflectiveCallable.run(ReflectiveCallable.java:12)
  at org.junit.runners.model.FrameworkMethod.invokeExplosively(FrameworkMethod.java:56)
  at org.junit.internal.runners.statements.InvokeMethod.evaluate(InvokeMethod.java:17)
  at org.junit.runners.ParentRunner$3.evaluate(ParentRunner.java:306)
  at org.junit.runners.BlockJUnit4ClassRunner$1.evaluate(BlockJUnit4ClassRunner.java:100)
  at org.junit.runners.ParentRunner.runLeaf(ParentRunner.java:366)
  at org.junit.runners.BlockJUnit4ClassRunner.runChild(BlockJUnit4ClassRunner.java:103)
  at org.junit.runners.BlockJUnit4ClassRunner.runChild(BlockJUnit4ClassRunner.java:63)
  at org.junit.runners.ParentRunner$4.run(ParentRunner.java:331)
  at org.junit.runners.ParentRunner$1.schedule(ParentRunner.java:79)
  at org.junit.runners.ParentRunner.runChildren(ParentRunner.java:329)
  at org.junit.runners.ParentRunner.access$100(ParentRunner.java:66)
  at org.junit.runners.ParentRunner$2.evaluate(ParentRunner.java:293)
  at org.junit.runners.ParentRunner$3.evaluate(ParentRunner.java:306)
  at org.junit.runners.ParentRunner.run(ParentRunner.java:413)
  at org.junit.runner.JUnitCore.run(JUnitCore.java:137)
  at org.junit.runner.JUnitCore.run(JUnitCore.java:115)
  at org.gradle.api.internal.tasks.testing.junit.JUnitTestExecutor.runRequest(JUnitTestExecutor.java:175)
  at org.gradle.api.internal.tasks.testing.junit.JUnitTestExecutor.accept(JUnitTestExecutor.java:84)
  at org.gradle.api.internal.tasks.testing.junit.JUnitTestExecutor.accept(JUnitTestExecutor.java:47)
  at org.gradle.api.internal.tasks.testing.junit.AbstractJUnitTestDefinitionProcessor.processTestDefinition(AbstractJUnitTestDefinitionProcessor.java:65)
  at org.gradle.api.internal.tasks.testing.SuiteTestDefinitionProcessor.processTestDefinition(SuiteTestDefinitionProcessor.java:54)
  at java.base/jdk.internal.reflect.DirectMethodHandleAccessor.invoke(DirectMethodHandleAccessor.java:104)
  at java.base/java.lang.reflect.Method.invoke(Method.java:565)
  at org.gradle.internal.dispatch.MethodInvocation.invokeOn(MethodInvocation.java:77)
  at org.gradle.internal.dispatch.ReflectionDispatch.dispatch(ReflectionDispatch.java:28)
  at org.gradle.internal.dispatch.ReflectionDispatch.dispatch(ReflectionDispatch.java:19)
  at org.gradle.internal.dispatch.ContextClassLoaderDispatch.dispatch(ContextClassLoaderDispatch.java:33)
  at org.gradle.internal.dispatch.ProxyDispatchAdapter$DispatchingInvocationHandler.invoke(ProxyDispatchAdapter.java:88)
  at jdk.proxy1/jdk.proxy1.$Proxy4.processTestDefinition(Unknown Source)
  at org.gradle.api.internal.tasks.testing.worker.TestWorker$2.run(TestWorker.java:178)
  at org.gradle.api.internal.tasks.testing.worker.TestWorker.executeAndMaintainThreadName(TestWorker.java:126)
  at org.gradle.api.internal.tasks.testing.worker.TestWorker.execute(TestWorker.java:103)
  at org.gradle.api.internal.tasks.testing.worker.TestWorker.execute(TestWorker.java:63)
  at org.gradle.process.internal.worker.child.ActionExecutionWorker.execute(ActionExecutionWorker.java:56)
  at org.gradle.process.internal.worker.child.SystemApplicationClassLoaderWorker.call(SystemApplicationClassLoaderWorker.java:122)
  at org.gradle.process.internal.worker.child.SystemApplicationClassLoaderWorker.call(SystemApplicationClassLoaderWorker.java:72)
  at worker.org.gradle.process.internal.worker.GradleWorkerMain.run(GradleWorkerMain.java:69)
  at worker.org.gradle.process.internal.worker.GradleWorkerMain.main(GradleWorkerMain.java:74)
</stacktrace>
</test-failure>


TypeScriptCompilerTests_C[jvm] > callOnClass_ts has expected errors matching callOnClass_errors_txt[jvm] FAILED

<test-failure test="com.xemantic.typescript.compiler.TypeScriptCompilerTests_C.conflictingDeclarationsImportFromNamespace1_ts has expected errors matching conflictingDeclarationsImportFromNamespace1_errors_txt" platform="jvm">
<message>
Expected diagnostics from baseline typescript-repo/tests/baselines/reference/conflictingDeclarationsImportFromNamespace1.errors.txt but none produced
</message>
<stacktrace>
  at com.xemantic.typescript.compiler.TypeScriptTestSupportKt.errorsMatchBaseline(TypeScriptTestSupport.kt:125)
  at com.xemantic.typescript.compiler.TypeScriptCompilerTests_C.conflictingDeclarationsImportFromNamespace1_ts has expected errors matching conflictingDeclarationsImportFromNamespace1_errors_txt(TypeScriptCompilerTests_C.kt:5943)
  at java.base/jdk.internal.reflect.DirectMethodHandleAccessor.invoke(DirectMethodHandleAccessor.java:104)
  at java.base/java.lang.reflect.Method.invoke(Method.java:565)
  at org.junit.runners.model.FrameworkMethod$1.runReflectiveCall(FrameworkMethod.java:59)
  at org.junit.internal.runners.model.ReflectiveCallable.run(ReflectiveCallable.java:12)
  at org.junit.runners.model.FrameworkMethod.invokeExplosively(FrameworkMethod.java:56)
  at org.junit.internal.runners.statements.InvokeMethod.evaluate(InvokeMethod.java:17)
  at org.junit.runners.ParentRunner$3.evaluate(ParentRunner.java:306)
  at org.junit.runners.BlockJUnit4ClassRunner$1.evaluate(BlockJUnit4ClassRunner.java:100)
  at org.junit.runners.ParentRunner.runLeaf(ParentRunner.java:366)
  at org.junit.runners.BlockJUnit4ClassRunner.runChild(BlockJUnit4ClassRunner.java:103)
  at org.junit.runners.BlockJUnit4ClassRunner.runChild(BlockJUnit4ClassRunner.java:63)
  at org.junit.runners.ParentRunner$4.run(ParentRunner.java:331)
  at org.junit.runners.ParentRunner$1.schedule(ParentRunner.java:79)
  at org.junit.runners.ParentRunner.runChildren(ParentRunner.java:329)
  at org.junit.runners.ParentRunner.access$100(ParentRunner.java:66)
  at org.junit.runners.ParentRunner$2.evaluate(ParentRunner.java:293)
  at org.junit.runners.ParentRunner$3.evaluate(ParentRunner.java:306)
  at org.junit.runners.ParentRunner.run(ParentRunner.java:413)
  at org.junit.runner.JUnitCore.run(JUnitCore.java:137)
  at org.junit.runner.JUnitCore.run(JUnitCore.java:115)
  at org.gradle.api.internal.tasks.testing.junit.JUnitTestExecutor.runRequest(JUnitTestExecutor.java:175)
  at org.gradle.api.internal.tasks.testing.junit.JUnitTestExecutor.accept(JUnitTestExecutor.java:84)
  at org.gradle.api.internal.tasks.testing.junit.JUnitTestExecutor.accept(JUnitTestExecutor.java:47)
  at org.gradle.api.internal.tasks.testing.junit.AbstractJUnitTestDefinitionProcessor.processTestDefinition(AbstractJUnitTestDefinitionProcessor.java:65)
  at org.gradle.api.internal.tasks.testing.SuiteTestDefinitionProcessor.processTestDefinition(SuiteTestDefinitionProcessor.java:54)
  at java.base/jdk.internal.reflect.DirectMethodHandleAccessor.invoke(DirectMethodHandleAccessor.java:104)
  at java.base/java.lang.reflect.Method.invoke(Method.java:565)
  at org.gradle.internal.dispatch.MethodInvocation.invokeOn(MethodInvocation.java:77)
  at org.gradle.internal.dispatch.ReflectionDispatch.dispatch(ReflectionDispatch.java:28)
  at org.gradle.internal.dispatch.ReflectionDispatch.dispatch(ReflectionDispatch.java:19)
  at org.gradle.internal.dispatch.ContextClassLoaderDispatch.dispatch(ContextClassLoaderDispatch.java:33)
  at org.gradle.internal.dispatch.ProxyDispatchAdapter$DispatchingInvocationHandler.invoke(ProxyDispatchAdapter.java:88)
  at jdk.proxy1/jdk.proxy1.$Proxy4.processTestDefinition(Unknown Source)
  at org.gradle.api.internal.tasks.testing.worker.TestWorker$2.run(TestWorker.java:178)
  at org.gradle.api.internal.tasks.testing.worker.TestWorker.executeAndMaintainThreadName(TestWorker.java:126)
  at org.gradle.api.internal.tasks.testing.worker.TestWorker.execute(TestWorker.java:103)
  at org.gradle.api.internal.tasks.testing.worker.TestWorker.execute(TestWorker.java:63)
  at org.gradle.process.internal.worker.child.ActionExecutionWorker.execute(ActionExecutionWorker.java:56)
  at org.gradle.process.internal.worker.child.SystemApplicationClassLoaderWorker.call(SystemApplicationClassLoaderWorker.java:122)
  at org.gradle.process.internal.worker.child.SystemApplicationClassLoaderWorker.call(SystemApplicationClassLoaderWorker.java:72)
  at worker.org.gradle.process.internal.worker.GradleWorkerMain.run(GradleWorkerMain.java:69)
  at worker.org.gradle.process.internal.worker.GradleWorkerMain.main(GradleWorkerMain.java:74)
</stacktrace>
</test-failure>


TypeScriptCompilerTests_C[jvm] > conflictingDeclarationsImportFromNamespace1_ts has expected errors matching conflictingDeclarationsImportFromNamespace1_errors_txt[jvm] FAILED

<test-failure test="com.xemantic.typescript.compiler.TypeScriptCompilerTests_C.contextualTypeArrayReturnType_ts has expected errors matching contextualTypeArrayReturnType_errors_txt" platform="jvm">
<message>
Expected diagnostics from baseline typescript-repo/tests/baselines/reference/contextualTypeArrayReturnType.errors.txt but none produced
</message>
<stacktrace>
  at com.xemantic.typescript.compiler.TypeScriptTestSupportKt.errorsMatchBaseline(TypeScriptTestSupport.kt:125)
  at com.xemantic.typescript.compiler.TypeScriptCompilerTests_C.contextualTypeArrayReturnType_ts has expected errors matching contextualTypeArrayReturnType_errors_txt(TypeScriptCompilerTests_C.kt:7294)
  at java.base/jdk.internal.reflect.DirectMethodHandleAccessor.invoke(DirectMethodHandleAccessor.java:104)
  at java.base/java.lang.reflect.Method.invoke(Method.java:565)
  at org.junit.runners.model.FrameworkMethod$1.runReflectiveCall(FrameworkMethod.java:59)
  at org.junit.internal.runners.model.ReflectiveCallable.run(ReflectiveCallable.java:12)
  at org.junit.runners.model.FrameworkMethod.invokeExplosively(FrameworkMethod.java:56)
  at org.junit.internal.runners.statements.InvokeMethod.evaluate(InvokeMethod.java:17)
  at org.junit.runners.ParentRunner$3.evaluate(ParentRunner.java:306)
  at org.junit.runners.BlockJUnit4ClassRunner$1.evaluate(BlockJUnit4ClassRunner.java:100)
  at org.junit.runners.ParentRunner.runLeaf(ParentRunner.java:366)
  at org.junit.runners.BlockJUnit4ClassRunner.runChild(BlockJUnit4ClassRunner.java:103)
  at org.junit.runners.BlockJUnit4ClassRunner.runChild(BlockJUnit4ClassRunner.java:63)
  at org.junit.runners.ParentRunner$4.run(ParentRunner.java:331)
  at org.junit.runners.ParentRunner$1.schedule(ParentRunner.java:79)
  at org.junit.runners.ParentRunner.runChildren(ParentRunner.java:329)
  at org.junit.runners.ParentRunner.access$100(ParentRunner.java:66)
  at org.junit.runners.ParentRunner$2.evaluate(ParentRunner.java:293)
  at org.junit.runners.ParentRunner$3.evaluate(ParentRunner.java:306)
  at org.junit.runners.ParentRunner.run(ParentRunner.java:413)
  at org.junit.runner.JUnitCore.run(JUnitCore.java:137)
  at org.junit.runner.JUnitCore.run(JUnitCore.java:115)
  at org.gradle.api.internal.tasks.testing.junit.JUnitTestExecutor.runRequest(JUnitTestExecutor.java:175)
  at org.gradle.api.internal.tasks.testing.junit.JUnitTestExecutor.accept(JUnitTestExecutor.java:84)
  at org.gradle.api.internal.tasks.testing.junit.JUnitTestExecutor.accept(JUnitTestExecutor.java:47)
  at org.gradle.api.internal.tasks.testing.junit.AbstractJUnitTestDefinitionProcessor.processTestDefinition(AbstractJUnitTestDefinitionProcessor.java:65)
  at org.gradle.api.internal.tasks.testing.SuiteTestDefinitionProcessor.processTestDefinition(SuiteTestDefinitionProcessor.java:54)
  at java.base/jdk.internal.reflect.DirectMethodHandleAccessor.invoke(DirectMethodHandleAccessor.java:104)
  at java.base/java.lang.reflect.Method.invoke(Method.java:565)
  at org.gradle.internal.dispatch.MethodInvocation.invokeOn(MethodInvocation.java:77)
  at org.gradle.internal.dispatch.ReflectionDispatch.dispatch(ReflectionDispatch.java:28)
  at org.gradle.internal.dispatch.ReflectionDispatch.dispatch(ReflectionDispatch.java:19)
  at org.gradle.internal.dispatch.ContextClassLoaderDispatch.dispatch(ContextClassLoaderDispatch.java:33)
  at org.gradle.internal.dispatch.ProxyDispatchAdapter$DispatchingInvocationHandler.invoke(ProxyDispatchAdapter.java:88)
  at jdk.proxy1/jdk.proxy1.$Proxy4.processTestDefinition(Unknown Source)
  at org.gradle.api.internal.tasks.testing.worker.TestWorker$2.run(TestWorker.java:178)
  at org.gradle.api.internal.tasks.testing.worker.TestWorker.executeAndMaintainThreadName(TestWorker.java:126)
  at org.gradle.api.internal.tasks.testing.worker.TestWorker.execute(TestWorker.java:103)
  at org.gradle.api.internal.tasks.testing.worker.TestWorker.execute(TestWorker.java:63)
  at org.gradle.process.internal.worker.child.ActionExecutionWorker.execute(ActionExecutionWorker.java:56)
  at org.gradle.process.internal.worker.child.SystemApplicationClassLoaderWorker.call(SystemApplicationClassLoaderWorker.java:122)
  at org.gradle.process.internal.worker.child.SystemApplicationClassLoaderWorker.call(SystemApplicationClassLoaderWorker.java:72)
  at worker.org.gradle.process.internal.worker.GradleWorkerMain.run(GradleWorkerMain.java:69)
  at worker.org.gradle.process.internal.worker.GradleWorkerMain.main(GradleWorkerMain.java:74)
</stacktrace>
</test-failure>


TypeScriptCompilerTests_C[jvm] > contextualTypeArrayReturnType_ts has expected errors matching contextualTypeArrayReturnType_errors_txt[jvm] FAILED

<test-failure test="com.xemantic.typescript.compiler.TypeScriptCompilerTests_C.classMemberWithMissingIdentifier2_ts has expected errors matching classMemberWithMissingIdentifier2_errors_txt" platform="jvm">
<message>
--- expected
+++ actual
@@ -1,25 +1,28 @@
-classMemberWithMissingIdentifier2.ts(2,11): error TS1146: Declaration expected.
-classMemberWithMissingIdentifier2.ts(2,12): error TS1005: ';' expected.
-classMemberWithMissingIdentifier2.ts(2,18): error TS1005: ',' expected.
+classMemberWithMissingIdentifier2.ts(2,12): error TS1005: '}' expected.
+classMemberWithMissingIdentifier2.ts(2,14): error TS2304: Cannot find name 'name'.
+classMemberWithMissingIdentifier2.ts(2,18): error TS1005: ']' expected.
 classMemberWithMissingIdentifier2.ts(2,19): error TS2693: 'string' only refers to a type, but is being used as a value here.
-classMemberWithMissingIdentifier2.ts(2,26): error TS1005: ';' expected.
+classMemberWithMissingIdentifier2.ts(2,25): error TS1109: Expression expected.
+classMemberWithMissingIdentifier2.ts(2,26): error TS1109: Expression expected.
 classMemberWithMissingIdentifier2.ts(2,27): error TS2304: Cannot find name 'VariableDeclaration'.
 classMemberWithMissingIdentifier2.ts(3,1): error TS1128: Declaration or statement expected.
 
 
-==== classMemberWithMissingIdentifier2.ts (7 errors) ====
+==== classMemberWithMissingIdentifier2.ts (8 errors) ====
     class C { 
         public {[name:string]:VariableDeclaration};
-              
-!!! error TS1146: Declaration expected.
                ~
-!!! error TS1005: ';' expected.
+!!! error TS1005: '}' expected.
+                 ~~~~
+!!! error TS2304: Cannot find name 'name'.
                      ~
-!!! error TS1005: ',' expected.
+!!! error TS1005: ']' expected.
                       ~~~~~~
 !!! error TS2693: 'string' only refers to a type, but is being used as a value here.
+                            ~
+!!! error TS1109: Expression expected.
                              ~
-!!! error TS1005: ';' expected.
+!!! error TS1109: Expression expected.
                               ~~~~~~~~~~~~~~~~~~~
 !!! error TS2304: Cannot find name 'VariableDeclaration'.
     }

</message>
<stacktrace>
  at org.junit.Assert.fail(Assert.java:89)
  at kotlin.test.junit.JUnitAsserter.fail(JUnitSupport.kt:56)
  at kotlin.test.AssertionsKt__AssertionsKt.fail(Assertions.kt:563)
  at kotlin.test.AssertionsKt.fail(Unknown Source)
  at com.xemantic.kotlin.test.SameAsKt.sameAs(SameAs.kt:52)
  at com.xemantic.typescript.compiler.TypeScriptTestSupportKt.errorsMatchBaseline(TypeScriptTestSupport.kt:135)
  at com.xemantic.typescript.compiler.TypeScriptCompilerTests_C.classMemberWithMissingIdentifier2_ts has expected errors matching classMemberWithMissingIdentifier2_errors_txt(TypeScriptCompilerTests_C.kt:2716)
  at java.base/jdk.internal.reflect.DirectMethodHandleAccessor.invoke(DirectMethodHandleAccessor.java:104)
  at java.base/java.lang.reflect.Method.invoke(Method.java:565)
  at org.junit.runners.model.FrameworkMethod$1.runReflectiveCall(FrameworkMethod.java:59)
  at org.junit.internal.runners.model.ReflectiveCallable.run(ReflectiveCallable.java:12)
  at org.junit.runners.model.FrameworkMethod.invokeExplosively(FrameworkMethod.java:56)
  at org.junit.internal.runners.statements.InvokeMethod.evaluate(InvokeMethod.java:17)
  at org.junit.runners.ParentRunner$3.evaluate(ParentRunner.java:306)
  at org.junit.runners.BlockJUnit4ClassRunner$1.evaluate(BlockJUnit4ClassRunner.java:100)
  at org.junit.runners.ParentRunner.runLeaf(ParentRunner.java:366)
  at org.junit.runners.BlockJUnit4ClassRunner.runChild(BlockJUnit4ClassRunner.java:103)
  at org.junit.runners.BlockJUnit4ClassRunner.runChild(BlockJUnit4ClassRunner.java:63)
  at org.junit.runners.ParentRunner$4.run(ParentRunner.java:331)
  at org.junit.runners.ParentRunner$1.schedule(ParentRunner.java:79)
  at org.junit.runners.ParentRunner.runChildren(ParentRunner.java:329)
  at org.junit.runners.ParentRunner.access$100(ParentRunner.java:66)
  at org.junit.runners.ParentRunner$2.evaluate(ParentRunner.java:293)
  at org.junit.runners.ParentRunner$3.evaluate(ParentRunner.java:306)
  at org.junit.runners.ParentRunner.run(ParentRunner.java:413)
  at org.junit.runner.JUnitCore.run(JUnitCore.java:137)
  at org.junit.runner.JUnitCore.run(JUnitCore.java:115)
  at org.gradle.api.internal.tasks.testing.junit.JUnitTestExecutor.runRequest(JUnitTestExecutor.java:175)
  at org.gradle.api.internal.tasks.testing.junit.JUnitTestExecutor.accept(JUnitTestExecutor.java:84)
  at org.gradle.api.internal.tasks.testing.junit.JUnitTestExecutor.accept(JUnitTestExecutor.java:47)
  at org.gradle.api.internal.tasks.testing.junit.AbstractJUnitTestDefinitionProcessor.processTestDefinition(AbstractJUnitTestDefinitionProcessor.java:65)
  at org.gradle.api.internal.tasks.testing.SuiteTestDefinitionProcessor.processTestDefinition(SuiteTestDefinitionProcessor.java:54)
  at java.base/jdk.internal.reflect.DirectMethodHandleAccessor.invoke(DirectMethodHandleAccessor.java:104)
  at java.base/java.lang.reflect.Method.invoke(Method.java:565)
  at org.gradle.internal.dispatch.MethodInvocation.invokeOn(MethodInvocation.java:77)
  at org.gradle.internal.dispatch.ReflectionDispatch.dispatch(ReflectionDispatch.java:28)
  at org.gradle.internal.dispatch.ReflectionDispatch.dispatch(ReflectionDispatch.java:19)
  at org.gradle.internal.dispatch.ContextClassLoaderDispatch.dispatch(ContextClassLoaderDispatch.java:33)
  at org.gradle.internal.dispatch.ProxyDispatchAdapter$DispatchingInvocationHandler.invoke(ProxyDispatchAdapter.java:88)
  at jdk.proxy1/jdk.proxy1.$Proxy4.processTestDefinition(Unknown Source)
  at org.gradle.api.internal.tasks.testing.worker.TestWorker$2.run(TestWorker.java:178)
  at org.gradle.api.internal.tasks.testing.worker.TestWorker.executeAndMaintainThreadName(TestWorker.java:126)
  at org.gradle.api.internal.tasks.testing.worker.TestWorker.execute(TestWorker.java:103)
  at org.gradle.api.internal.tasks.testing.worker.TestWorker.execute(TestWorker.java:63)
  at org.gradle.process.internal.worker.child.ActionExecutionWorker.execute(ActionExecutionWorker.java:56)
  at org.gradle.process.internal.worker.child.SystemApplicationClassLoaderWorker.call(SystemApplicationClassLoaderWorker.java:122)
  at org.gradle.process.internal.worker.child.SystemApplicationClassLoaderWorker.call(SystemApplicationClassLoaderWorker.java:72)
  at worker.org.gradle.process.internal.worker.GradleWorkerMain.run(GradleWorkerMain.java:69)
  at worker.org.gradle.process.internal.worker.GradleWorkerMain.main(GradleWorkerMain.java:74)
</stacktrace>
</test-failure>


TypeScriptCompilerTests_C[jvm] > classMemberWithMissingIdentifier2_ts has expected errors matching classMemberWithMissingIdentifier2_errors_txt[jvm] FAILED

<test-failure test="com.xemantic.typescript.compiler.TypeScriptCompilerTests_C.circularConstraintYieldsAppropriateError_ts has expected errors matching circularConstraintYieldsAppropriateError_errors_txt" platform="jvm">
<message>
--- expected
+++ actual
@@ -1,10 +1,9 @@
 circularConstraintYieldsAppropriateError.ts(3,5): error TS2564: Property 'bar' has no initializer and is not definitely assigned in the constructor.
 circularConstraintYieldsAppropriateError.ts(7,5): error TS2564: Property 'baz' has no initializer and is not definitely assigned in the constructor.
-circularConstraintYieldsAppropriateError.ts(10,7): error TS2310: Type 'Foo' recursively references itself as a base type.
 circularConstraintYieldsAppropriateError.ts(11,5): error TS2564: Property 'someProp' has no initializer and is not definitely assigned in the constructor.
 
 
-==== circularConstraintYieldsAppropriateError.ts (4 errors) ====
+==== circularConstraintYieldsAppropriateError.ts (3 errors) ====
     // https://github.com/Microsoft/TypeScript/issues/16861
     class BaseType<T> {
         bar: T
@@ -19,8 +18,6 @@
     }
     
     class Foo extends NextType<Foo> {
-          ~~~
-!!! error TS2310: Type 'Foo' recursively references itself as a base type.
         someProp: {
         ~~~~~~~~
 !!! error TS2564: Property 'someProp' has no initializer and is not definitely assigned in the constructor.

</message>
<stacktrace>
  at org.junit.Assert.fail(Assert.java:89)
  at kotlin.test.junit.JUnitAsserter.fail(JUnitSupport.kt:56)
  at kotlin.test.AssertionsKt__AssertionsKt.fail(Assertions.kt:563)
  at kotlin.test.AssertionsKt.fail(Unknown Source)
  at com.xemantic.kotlin.test.SameAsKt.sameAs(SameAs.kt:52)
  at com.xemantic.typescript.compiler.TypeScriptTestSupportKt.errorsMatchBaseline(TypeScriptTestSupport.kt:135)
  at com.xemantic.typescript.compiler.TypeScriptCompilerTests_C.circularConstraintYieldsAppropriateError_ts has expected errors matching circularConstraintYieldsAppropriateError_errors_txt(TypeScriptCompilerTests_C.kt:1603)
  at java.base/jdk.internal.reflect.DirectMethodHandleAccessor.invoke(DirectMethodHandleAccessor.java:104)
  at java.base/java.lang.reflect.Method.invoke(Method.java:565)
  at org.junit.runners.model.FrameworkMethod$1.runReflectiveCall(FrameworkMethod.java:59)
  at org.junit.internal.runners.model.ReflectiveCallable.run(ReflectiveCallable.java:12)
  at org.junit.runners.model.FrameworkMethod.invokeExplosively(FrameworkMethod.java:56)
  at org.junit.internal.runners.statements.InvokeMethod.evaluate(InvokeMethod.java:17)
  at org.junit.runners.ParentRunner$3.evaluate(ParentRunner.java:306)
  at org.junit.runners.BlockJUnit4ClassRunner$1.evaluate(BlockJUnit4ClassRunner.java:100)
  at org.junit.runners.ParentRunner.runLeaf(ParentRunner.java:366)
  at org.junit.runners.BlockJUnit4ClassRunner.runChild(BlockJUnit4ClassRunner.java:103)
  at org.junit.runners.BlockJUnit4ClassRunner.runChild(BlockJUnit4ClassRunner.java:63)
  at org.junit.runners.ParentRunner$4.run(ParentRunner.java:331)
  at org.junit.runners.ParentRunner$1.schedule(ParentRunner.java:79)
  at org.junit.runners.ParentRunner.runChildren(ParentRunner.java:329)
  at org.junit.runners.ParentRunner.access$100(ParentRunner.java:66)
  at org.junit.runners.ParentRunner$2.evaluate(ParentRunner.java:293)
  at org.junit.runners.ParentRunner$3.evaluate(ParentRunner.java:306)
  at org.junit.runners.ParentRunner.run(ParentRunner.java:413)
  at org.junit.runner.JUnitCore.run(JUnitCore.java:137)
  at org.junit.runner.JUnitCore.run(JUnitCore.java:115)
  at org.gradle.api.internal.tasks.testing.junit.JUnitTestExecutor.runRequest(JUnitTestExecutor.java:175)
  at org.gradle.api.internal.tasks.testing.junit.JUnitTestExecutor.accept(JUnitTestExecutor.java:84)
  at org.gradle.api.internal.tasks.testing.junit.JUnitTestExecutor.accept(JUnitTestExecutor.java:47)
  at org.gradle.api.internal.tasks.testing.junit.AbstractJUnitTestDefinitionProcessor.processTestDefinition(AbstractJUnitTestDefinitionProcessor.java:65)
  at org.gradle.api.internal.tasks.testing.SuiteTestDefinitionProcessor.processTestDefinition(SuiteTestDefinitionProcessor.java:54)
  at java.base/jdk.internal.reflect.DirectMethodHandleAccessor.invoke(DirectMethodHandleAccessor.java:104)
  at java.base/java.lang.reflect.Method.invoke(Method.java:565)
  at org.gradle.internal.dispatch.MethodInvocation.invokeOn(MethodInvocation.java:77)
  at org.gradle.internal.dispatch.ReflectionDispatch.dispatch(ReflectionDispatch.java:28)
  at org.gradle.internal.dispatch.ReflectionDispatch.dispatch(ReflectionDispatch.java:19)
  at org.gradle.internal.dispatch.ContextClassLoaderDispatch.dispatch(ContextClassLoaderDispatch.java:33)
  at org.gradle.internal.dispatch.ProxyDispatchAdapter$DispatchingInvocationHandler.invoke(ProxyDispatchAdapter.java:88)
  at jdk.proxy1/jdk.proxy1.$Proxy4.processTestDefinition(Unknown Source)
  at org.gradle.api.internal.tasks.testing.worker.TestWorker$2.run(TestWorker.java:178)
  at org.gradle.api.internal.tasks.testing.worker.TestWorker.executeAndMaintainThreadName(TestWorker.java:126)
  at org.gradle.api.internal.tasks.testing.worker.TestWorker.execute(TestWorker.java:103)
  at org.gradle.api.internal.tasks.testing.worker.TestWorker.execute(TestWorker.java:63)
  at org.gradle.process.internal.worker.child.ActionExecutionWorker.execute(ActionExecutionWorker.java:56)
  at org.gradle.process.internal.worker.child.SystemApplicationClassLoaderWorker.call(SystemApplicationClassLoaderWorker.java:122)
  at org.gradle.process.internal.worker.child.SystemApplicationClassLoaderWorker.call(SystemApplicationClassLoaderWorker.java:72)
  at worker.org.gradle.process.internal.worker.GradleWorkerMain.run(GradleWorkerMain.java:69)
  at worker.org.gradle.process.internal.worker.GradleWorkerMain.main(GradleWorkerMain.java:74)
</stacktrace>
</test-failure>


TypeScriptCompilerTests_C[jvm] > circularConstraintYieldsAppropriateError_ts has expected errors matching circularConstraintYieldsAppropriateError_errors_txt[jvm] FAILED

<test-failure test="com.xemantic.typescript.compiler.TypeScriptCompilerTests_C.chainedAssignment3_ts has expected errors matching chainedAssignment3_errors_txt" platform="jvm">
<message>
--- expected
+++ actual
@@ -2,13 +2,9 @@
 chainedAssignment3.ts(6,5): error TS2564: Property 'value' has no initializer and is not definitely assigned in the constructor.
 chainedAssignment3.ts(11,1): error TS2322: Type 'null' is not assignable to type 'A'.
 chainedAssignment3.ts(11,5): error TS2322: Type 'null' is not assignable to type 'B'.
-chainedAssignment3.ts(15,1): error TS2322: Type 'null' is not assignable to type 'number'.
-chainedAssignment3.ts(15,8): error TS2322: Type 'null' is not assignable to type 'string'.
-chainedAssignment3.ts(18,1): error TS2741: Property 'value' is missing in type 'A' but required in type 'B'.
-chainedAssignment3.ts(19,5): error TS2741: Property 'value' is missing in type 'A' but required in type 'B'.
 
 
-==== chainedAssignment3.ts (8 errors) ====
+==== chainedAssignment3.ts (4 errors) ====
     class A {
         id: number;
         ~~
@@ -32,17 +28,7 @@
     b = a = new B();
     
     a.id = b.value = null;
-    ~~~~
-!!! error TS2322: Type 'null' is not assignable to type 'number'.
-           ~~~~~~~
-!!! error TS2322: Type 'null' is not assignable to type 'string'.
     
     // error cases
     b = a = new A();
-    ~
-!!! error TS2741: Property 'value' is missing in type 'A' but required in type 'B'.
-!!! related TS2728 chainedAssignment3.ts:6:5: 'value' is declared here.
     a = b = new A();
-        ~
-!!! error TS2741: Property 'value' is missing in type 'A' but required in type 'B'.
-!!! related TS2728 chainedAssignment3.ts:6:5: 'value' is declared here.

</message>
<stacktrace>
  at org.junit.Assert.fail(Assert.java:89)
  at kotlin.test.junit.JUnitAsserter.fail(JUnitSupport.kt:56)
  at kotlin.test.AssertionsKt__AssertionsKt.fail(Assertions.kt:563)
  at kotlin.test.AssertionsKt.fail(Unknown Source)
  at com.xemantic.kotlin.test.SameAsKt.sameAs(SameAs.kt:52)
  at com.xemantic.typescript.compiler.TypeScriptTestSupportKt.errorsMatchBaseline(TypeScriptTestSupport.kt:135)
  at com.xemantic.typescript.compiler.TypeScriptCompilerTests_C.chainedAssignment3_ts has expected errors matching chainedAssignment3_errors_txt(TypeScriptCompilerTests_C.kt:1064)
  at java.base/jdk.internal.reflect.DirectMethodHandleAccessor.invoke(DirectMethodHandleAccessor.java:104)
  at java.base/java.lang.reflect.Method.invoke(Method.java:565)
  at org.junit.runners.model.FrameworkMethod$1.runReflectiveCall(FrameworkMethod.java:59)
  at org.junit.internal.runners.model.ReflectiveCallable.run(ReflectiveCallable.java:12)
  at org.junit.runners.model.FrameworkMethod.invokeExplosively(FrameworkMethod.java:56)
  at org.junit.internal.runners.statements.InvokeMethod.evaluate(InvokeMethod.java:17)
  at org.junit.runners.ParentRunner$3.evaluate(ParentRunner.java:306)
  at org.junit.runners.BlockJUnit4ClassRunner$1.evaluate(BlockJUnit4ClassRunner.java:100)
  at org.junit.runners.ParentRunner.runLeaf(ParentRunner.java:366)
  at org.junit.runners.BlockJUnit4ClassRunner.runChild(BlockJUnit4ClassRunner.java:103)
  at org.junit.runners.BlockJUnit4ClassRunner.runChild(BlockJUnit4ClassRunner.java:63)
  at org.junit.runners.ParentRunner$4.run(ParentRunner.java:331)
  at org.junit.runners.ParentRunner$1.schedule(ParentRunner.java:79)
  at org.junit.runners.ParentRunner.runChildren(ParentRunner.java:329)
  at org.junit.runners.ParentRunner.access$100(ParentRunner.java:66)
  at org.junit.runners.ParentRunner$2.evaluate(ParentRunner.java:293)
  at org.junit.runners.ParentRunner$3.evaluate(ParentRunner.java:306)
  at org.junit.runners.ParentRunner.run(ParentRunner.java:413)
  at org.junit.runner.JUnitCore.run(JUnitCore.java:137)
  at org.junit.runner.JUnitCore.run(JUnitCore.java:115)
  at org.gradle.api.internal.tasks.testing.junit.JUnitTestExecutor.runRequest(JUnitTestExecutor.java:175)
  at org.gradle.api.internal.tasks.testing.junit.JUnitTestExecutor.accept(JUnitTestExecutor.java:84)
  at org.gradle.api.internal.tasks.testing.junit.JUnitTestExecutor.accept(JUnitTestExecutor.java:47)
  at org.gradle.api.internal.tasks.testing.junit.AbstractJUnitTestDefinitionProcessor.processTestDefinition(AbstractJUnitTestDefinitionProcessor.java:65)
  at org.gradle.api.internal.tasks.testing.SuiteTestDefinitionProcessor.processTestDefinition(SuiteTestDefinitionProcessor.java:54)
  at java.base/jdk.internal.reflect.DirectMethodHandleAccessor.invoke(DirectMethodHandleAccessor.java:104)
  at java.base/java.lang.reflect.Method.invoke(Method.java:565)
  at org.gradle.internal.dispatch.MethodInvocation.invokeOn(MethodInvocation.java:77)
  at org.gradle.internal.dispatch.ReflectionDispatch.dispatch(ReflectionDispatch.java:28)
  at org.gradle.internal.dispatch.ReflectionDispatch.dispatch(ReflectionDispatch.java:19)
  at org.gradle.internal.dispatch.ContextClassLoaderDispatch.dispatch(ContextClassLoaderDispatch.java:33)
  at org.gradle.internal.dispatch.ProxyDispatchAdapter$DispatchingInvocationHandler.invoke(ProxyDispatchAdapter.java:88)
  at jdk.proxy1/jdk.proxy1.$Proxy4.processTestDefinition(Unknown Source)
  at org.gradle.api.internal.tasks.testing.worker.TestWorker$2.run(TestWorker.java:178)
  at org.gradle.api.internal.tasks.testing.worker.TestWorker.executeAndMaintainThreadName(TestWorker.java:126)
  at org.gradle.api.internal.tasks.testing.worker.TestWorker.execute(TestWorker.java:103)
  at org.gradle.api.internal.tasks.testing.worker.TestWorker.execute(TestWorker.java:63)
  at org.gradle.process.internal.worker.child.ActionExecutionWorker.execute(ActionExecutionWorker.java:56)
  at org.gradle.process.internal.worker.child.SystemApplicationClassLoaderWorker.call(SystemApplicationClassLoaderWorker.java:122)
  at org.gradle.process.internal.worker.child.SystemApplicationClassLoaderWorker.call(SystemApplicationClassLoaderWorker.java:72)
  at worker.org.gradle.process.internal.worker.GradleWorkerMain.run(GradleWorkerMain.java:69)
  at worker.org.gradle.process.internal.worker.GradleWorkerMain.main(GradleWorkerMain.java:74)
</stacktrace>
</test-failure>


TypeScriptCompilerTests_C[jvm] > chainedAssignment3_ts has expected errors matching chainedAssignment3_errors_txt[jvm] FAILED

<test-failure test="com.xemantic.typescript.compiler.TypeScriptCompilerTests_C.chainedCallsWithTypeParameterConstrainedToOtherTypeParameter_ts has expected errors matching chainedCallsWithTypeParameterConstrainedToOtherTypeParameter_errors_txt" platform="jvm">
<message>
Expected diagnostics from baseline typescript-repo/tests/baselines/reference/chainedCallsWithTypeParameterConstrainedToOtherTypeParameter.errors.txt but none produced
</message>
<stacktrace>
  at com.xemantic.typescript.compiler.TypeScriptTestSupportKt.errorsMatchBaseline(TypeScriptTestSupport.kt:125)
  at com.xemantic.typescript.compiler.TypeScriptCompilerTests_C.chainedCallsWithTypeParameterConstrainedToOtherTypeParameter_ts has expected errors matching chainedCallsWithTypeParameterConstrainedToOtherTypeParameter_errors_txt(TypeScriptCompilerTests_C.kt:1092)
  at java.base/jdk.internal.reflect.DirectMethodHandleAccessor.invoke(DirectMethodHandleAccessor.java:104)
  at java.base/java.lang.reflect.Method.invoke(Method.java:565)
  at org.junit.runners.model.FrameworkMethod$1.runReflectiveCall(FrameworkMethod.java:59)
  at org.junit.internal.runners.model.ReflectiveCallable.run(ReflectiveCallable.java:12)
  at org.junit.runners.model.FrameworkMethod.invokeExplosively(FrameworkMethod.java:56)
  at org.junit.internal.runners.statements.InvokeMethod.evaluate(InvokeMethod.java:17)
  at org.junit.runners.ParentRunner$3.evaluate(ParentRunner.java:306)
  at org.junit.runners.BlockJUnit4ClassRunner$1.evaluate(BlockJUnit4ClassRunner.java:100)
  at org.junit.runners.ParentRunner.runLeaf(ParentRunner.java:366)
  at org.junit.runners.BlockJUnit4ClassRunner.runChild(BlockJUnit4ClassRunner.java:103)
  at org.junit.runners.BlockJUnit4ClassRunner.runChild(BlockJUnit4ClassRunner.java:63)
  at org.junit.runners.ParentRunner$4.run(ParentRunner.java:331)
  at org.junit.runners.ParentRunner$1.schedule(ParentRunner.java:79)
  at org.junit.runners.ParentRunner.runChildren(ParentRunner.java:329)
  at org.junit.runners.ParentRunner.access$100(ParentRunner.java:66)
  at org.junit.runners.ParentRunner$2.evaluate(ParentRunner.java:293)
  at org.junit.runners.ParentRunner$3.evaluate(ParentRunner.java:306)
  at org.junit.runners.ParentRunner.run(ParentRunner.java:413)
  at org.junit.runner.JUnitCore.run(JUnitCore.java:137)
  at org.junit.runner.JUnitCore.run(JUnitCore.java:115)
  at org.gradle.api.internal.tasks.testing.junit.JUnitTestExecutor.runRequest(JUnitTestExecutor.java:175)
  at org.gradle.api.internal.tasks.testing.junit.JUnitTestExecutor.accept(JUnitTestExecutor.java:84)
  at org.gradle.api.internal.tasks.testing.junit.JUnitTestExecutor.accept(JUnitTestExecutor.java:47)
  at org.gradle.api.internal.tasks.testing.junit.AbstractJUnitTestDefinitionProcessor.processTestDefinition(AbstractJUnitTestDefinitionProcessor.java:65)
  at org.gradle.api.internal.tasks.testing.SuiteTestDefinitionProcessor.processTestDefinition(SuiteTestDefinitionProcessor.java:54)
  at java.base/jdk.internal.reflect.DirectMethodHandleAccessor.invoke(DirectMethodHandleAccessor.java:104)
  at java.base/java.lang.reflect.Method.invoke(Method.java:565)
  at org.gradle.internal.dispatch.MethodInvocation.invokeOn(MethodInvocation.java:77)
  at org.gradle.internal.dispatch.ReflectionDispatch.dispatch(ReflectionDispatch.java:28)
  at org.gradle.internal.dispatch.ReflectionDispatch.dispatch(ReflectionDispatch.java:19)
  at org.gradle.internal.dispatch.ContextClassLoaderDispatch.dispatch(ContextClassLoaderDispatch.java:33)
  at org.gradle.internal.dispatch.ProxyDispatchAdapter$DispatchingInvocationHandler.invoke(ProxyDispatchAdapter.java:88)
  at jdk.proxy1/jdk.proxy1.$Proxy4.processTestDefinition(Unknown Source)
  at org.gradle.api.internal.tasks.testing.worker.TestWorker$2.run(TestWorker.java:178)
  at org.gradle.api.internal.tasks.testing.worker.TestWorker.executeAndMaintainThreadName(TestWorker.java:126)
  at org.gradle.api.internal.tasks.testing.worker.TestWorker.execute(TestWorker.java:103)
  at org.gradle.api.internal.tasks.testing.worker.TestWorker.execute(TestWorker.java:63)
  at org.gradle.process.internal.worker.child.ActionExecutionWorker.execute(ActionExecutionWorker.java:56)
  at org.gradle.process.internal.worker.child.SystemApplicationClassLoaderWorker.call(SystemApplicationClassLoaderWorker.java:122)
  at org.gradle.process.internal.worker.child.SystemApplicationClassLoaderWorker.call(SystemApplicationClassLoaderWorker.java:72)
  at worker.org.gradle.process.internal.worker.GradleWorkerMain.run(GradleWorkerMain.java:69)
  at worker.org.gradle.process.internal.worker.GradleWorkerMain.main(GradleWorkerMain.java:74)
</stacktrace>
</test-failure>


TypeScriptCompilerTests_C[jvm] > chainedCallsWithTypeParameterConstrainedToOtherTypeParameter_ts has expected errors matching chainedCallsWithTypeParameterConstrainedToOtherTypeParameter_errors_txt[jvm] FAILED

<test-failure test="com.xemantic.typescript.compiler.TypeScriptCompilerTests_C.controlFlowLoopAnalysis_ts has expected errors matching controlFlowLoopAnalysis_errors_txt" platform="jvm">
<message>
Expected diagnostics from baseline typescript-repo/tests/baselines/reference/controlFlowLoopAnalysis.errors.txt but none produced
</message>
<stacktrace>
  at com.xemantic.typescript.compiler.TypeScriptTestSupportKt.errorsMatchBaseline(TypeScriptTestSupport.kt:125)
  at com.xemantic.typescript.compiler.TypeScriptCompilerTests_C.controlFlowLoopAnalysis_ts has expected errors matching controlFlowLoopAnalysis_errors_txt(TypeScriptCompilerTests_C.kt:8498)
  at java.base/jdk.internal.reflect.DirectMethodHandleAccessor.invoke(DirectMethodHandleAccessor.java:104)
  at java.base/java.lang.reflect.Method.invoke(Method.java:565)
  at org.junit.runners.model.FrameworkMethod$1.runReflectiveCall(FrameworkMethod.java:59)
  at org.junit.internal.runners.model.ReflectiveCallable.run(ReflectiveCallable.java:12)
  at org.junit.runners.model.FrameworkMethod.invokeExplosively(FrameworkMethod.java:56)
  at org.junit.internal.runners.statements.InvokeMethod.evaluate(InvokeMethod.java:17)
  at org.junit.runners.ParentRunner$3.evaluate(ParentRunner.java:306)
  at org.junit.runners.BlockJUnit4ClassRunner$1.evaluate(BlockJUnit4ClassRunner.java:100)
  at org.junit.runners.ParentRunner.runLeaf(ParentRunner.java:366)
  at org.junit.runners.BlockJUnit4ClassRunner.runChild(BlockJUnit4ClassRunner.java:103)
  at org.junit.runners.BlockJUnit4ClassRunner.runChild(BlockJUnit4ClassRunner.java:63)
  at org.junit.runners.ParentRunner$4.run(ParentRunner.java:331)
  at org.junit.runners.ParentRunner$1.schedule(ParentRunner.java:79)
  at org.junit.runners.ParentRunner.runChildren(ParentRunner.java:329)
  at org.junit.runners.ParentRunner.access$100(ParentRunner.java:66)
  at org.junit.runners.ParentRunner$2.evaluate(ParentRunner.java:293)
  at org.junit.runners.ParentRunner$3.evaluate(ParentRunner.java:306)
  at org.junit.runners.ParentRunner.run(ParentRunner.java:413)
  at org.junit.runner.JUnitCore.run(JUnitCore.java:137)
  at org.junit.runner.JUnitCore.run(JUnitCore.java:115)
  at org.gradle.api.internal.tasks.testing.junit.JUnitTestExecutor.runRequest(JUnitTestExecutor.java:175)
  at org.gradle.api.internal.tasks.testing.junit.JUnitTestExecutor.accept(JUnitTestExecutor.java:84)
  at org.gradle.api.internal.tasks.testing.junit.JUnitTestExecutor.accept(JUnitTestExecutor.java:47)
  at org.gradle.api.internal.tasks.testing.junit.AbstractJUnitTestDefinitionProcessor.processTestDefinition(AbstractJUnitTestDefinitionProcessor.java:65)
  at org.gradle.api.internal.tasks.testing.SuiteTestDefinitionProcessor.processTestDefinition(SuiteTestDefinitionProcessor.java:54)
  at java.base/jdk.internal.reflect.DirectMethodHandleAccessor.invoke(DirectMethodHandleAccessor.java:104)
  at java.base/java.lang.reflect.Method.invoke(Method.java:565)
  at org.gradle.internal.dispatch.MethodInvocation.invokeOn(MethodInvocation.java:77)
  at org.gradle.internal.dispatch.ReflectionDispatch.dispatch(ReflectionDispatch.java:28)
  at org.gradle.internal.dispatch.ReflectionDispatch.dispatch(ReflectionDispatch.java:19)
  at org.gradle.internal.dispatch.ContextClassLoaderDispatch.dispatch(ContextClassLoaderDispatch.java:33)
  at org.gradle.internal.dispatch.ProxyDispatchAdapter$DispatchingInvocationHandler.invoke(ProxyDispatchAdapter.java:88)
  at jdk.proxy1/jdk.proxy1.$Proxy4.processTestDefinition(Unknown Source)
  at org.gradle.api.internal.tasks.testing.worker.TestWorker$2.run(TestWorker.java:178)
  at org.gradle.api.internal.tasks.testing.worker.TestWorker.executeAndMaintainThreadName(TestWorker.java:126)
  at org.gradle.api.internal.tasks.testing.worker.TestWorker.execute(TestWorker.java:103)
  at org.gradle.api.internal.tasks.testing.worker.TestWorker.execute(TestWorker.java:63)
  at org.gradle.process.internal.worker.child.ActionExecutionWorker.execute(ActionExecutionWorker.java:56)
  at org.gradle.process.internal.worker.child.SystemApplicationClassLoaderWorker.call(SystemApplicationClassLoaderWorker.java:122)
  at org.gradle.process.internal.worker.child.SystemApplicationClassLoaderWorker.call(SystemApplicationClassLoaderWorker.java:72)
  at worker.org.gradle.process.internal.worker.GradleWorkerMain.run(GradleWorkerMain.java:69)
  at worker.org.gradle.process.internal.worker.GradleWorkerMain.main(GradleWorkerMain.java:74)
</stacktrace>
</test-failure>


TypeScriptCompilerTests_C[jvm] > controlFlowLoopAnalysis_ts has expected errors matching controlFlowLoopAnalysis_errors_txt[jvm] FAILED

<test-failure test="com.xemantic.typescript.compiler.TypeScriptCompilerTests_C.constructorOverloads8_ts has expected errors matching constructorOverloads8_errors_txt" platform="jvm">
<message>
Expected diagnostics from baseline typescript-repo/tests/baselines/reference/constructorOverloads8.errors.txt but none produced
</message>
<stacktrace>
  at com.xemantic.typescript.compiler.TypeScriptTestSupportKt.errorsMatchBaseline(TypeScriptTestSupport.kt:125)
  at com.xemantic.typescript.compiler.TypeScriptCompilerTests_C.constructorOverloads8_ts has expected errors matching constructorOverloads8_errors_txt(TypeScriptCompilerTests_C.kt:6902)
  at java.base/jdk.internal.reflect.DirectMethodHandleAccessor.invoke(DirectMethodHandleAccessor.java:104)
  at java.base/java.lang.reflect.Method.invoke(Method.java:565)
  at org.junit.runners.model.FrameworkMethod$1.runReflectiveCall(FrameworkMethod.java:59)
  at org.junit.internal.runners.model.ReflectiveCallable.run(ReflectiveCallable.java:12)
  at org.junit.runners.model.FrameworkMethod.invokeExplosively(FrameworkMethod.java:56)
  at org.junit.internal.runners.statements.InvokeMethod.evaluate(InvokeMethod.java:17)
  at org.junit.runners.ParentRunner$3.evaluate(ParentRunner.java:306)
  at org.junit.runners.BlockJUnit4ClassRunner$1.evaluate(BlockJUnit4ClassRunner.java:100)
  at org.junit.runners.ParentRunner.runLeaf(ParentRunner.java:366)
  at org.junit.runners.BlockJUnit4ClassRunner.runChild(BlockJUnit4ClassRunner.java:103)
  at org.junit.runners.BlockJUnit4ClassRunner.runChild(BlockJUnit4ClassRunner.java:63)
  at org.junit.runners.ParentRunner$4.run(ParentRunner.java:331)
  at org.junit.runners.ParentRunner$1.schedule(ParentRunner.java:79)
  at org.junit.runners.ParentRunner.runChildren(ParentRunner.java:329)
  at org.junit.runners.ParentRunner.access$100(ParentRunner.java:66)
  at org.junit.runners.ParentRunner$2.evaluate(ParentRunner.java:293)
  at org.junit.runners.ParentRunner$3.evaluate(ParentRunner.java:306)
  at org.junit.runners.ParentRunner.run(ParentRunner.java:413)
  at org.junit.runner.JUnitCore.run(JUnitCore.java:137)
  at org.junit.runner.JUnitCore.run(JUnitCore.java:115)
  at org.gradle.api.internal.tasks.testing.junit.JUnitTestExecutor.runRequest(JUnitTestExecutor.java:175)
  at org.gradle.api.internal.tasks.testing.junit.JUnitTestExecutor.accept(JUnitTestExecutor.java:84)
  at org.gradle.api.internal.tasks.testing.junit.JUnitTestExecutor.accept(JUnitTestExecutor.java:47)
  at org.gradle.api.internal.tasks.testing.junit.AbstractJUnitTestDefinitionProcessor.processTestDefinition(AbstractJUnitTestDefinitionProcessor.java:65)
  at org.gradle.api.internal.tasks.testing.SuiteTestDefinitionProcessor.processTestDefinition(SuiteTestDefinitionProcessor.java:54)
  at java.base/jdk.internal.reflect.DirectMethodHandleAccessor.invoke(DirectMethodHandleAccessor.java:104)
  at java.base/java.lang.reflect.Method.invoke(Method.java:565)
  at org.gradle.internal.dispatch.MethodInvocation.invokeOn(MethodInvocation.java:77)
  at org.gradle.internal.dispatch.ReflectionDispatch.dispatch(ReflectionDispatch.java:28)
  at org.gradle.internal.dispatch.ReflectionDispatch.dispatch(ReflectionDispatch.java:19)
  at org.gradle.internal.dispatch.ContextClassLoaderDispatch.dispatch(ContextClassLoaderDispatch.java:33)
  at org.gradle.internal.dispatch.ProxyDispatchAdapter$DispatchingInvocationHandler.invoke(ProxyDispatchAdapter.java:88)
  at jdk.proxy1/jdk.proxy1.$Proxy4.processTestDefinition(Unknown Source)
  at org.gradle.api.internal.tasks.testing.worker.TestWorker$2.run(TestWorker.java:178)
  at org.gradle.api.internal.tasks.testing.worker.TestWorker.executeAndMaintainThreadName(TestWorker.java:126)
  at org.gradle.api.internal.tasks.testing.worker.TestWorker.execute(TestWorker.java:103)
  at org.gradle.api.internal.tasks.testing.worker.TestWorker.execute(TestWorker.java:63)
  at org.gradle.process.internal.worker.child.ActionExecutionWorker.execute(ActionExecutionWorker.java:56)
  at org.gradle.process.internal.worker.child.SystemApplicationClassLoaderWorker.call(SystemApplicationClassLoaderWorker.java:122)
  at org.gradle.process.internal.worker.child.SystemApplicationClassLoaderWorker.call(SystemApplicationClassLoaderWorker.java:72)
  at worker.org.gradle.process.internal.worker.GradleWorkerMain.run(GradleWorkerMain.java:69)
  at worker.org.gradle.process.internal.worker.GradleWorkerMain.main(GradleWorkerMain.java:74)
</stacktrace>
</test-failure>


TypeScriptCompilerTests_C[jvm] > constructorOverloads8_ts has expected errors matching constructorOverloads8_errors_txt[jvm] FAILED

<test-failure test="com.xemantic.typescript.compiler.TypeScriptCompilerTests_C.checkerInitializationCrash_ts has expected errors matching checkerInitializationCrash_errors_txt" platform="jvm">
<message>
Expected diagnostics from baseline typescript-repo/tests/baselines/reference/checkerInitializationCrash.errors.txt but none produced
</message>
<stacktrace>
  at com.xemantic.typescript.compiler.TypeScriptTestSupportKt.errorsMatchBaseline(TypeScriptTestSupport.kt:125)
  at com.xemantic.typescript.compiler.TypeScriptCompilerTests_C.checkerInitializationCrash_ts has expected errors matching checkerInitializationCrash_errors_txt(TypeScriptCompilerTests_C.kt:1519)
  at java.base/jdk.internal.reflect.DirectMethodHandleAccessor.invoke(DirectMethodHandleAccessor.java:104)
  at java.base/java.lang.reflect.Method.invoke(Method.java:565)
  at org.junit.runners.model.FrameworkMethod$1.runReflectiveCall(FrameworkMethod.java:59)
  at org.junit.internal.runners.model.ReflectiveCallable.run(ReflectiveCallable.java:12)
  at org.junit.runners.model.FrameworkMethod.invokeExplosively(FrameworkMethod.java:56)
  at org.junit.internal.runners.statements.InvokeMethod.evaluate(InvokeMethod.java:17)
  at org.junit.runners.ParentRunner$3.evaluate(ParentRunner.java:306)
  at org.junit.runners.BlockJUnit4ClassRunner$1.evaluate(BlockJUnit4ClassRunner.java:100)
  at org.junit.runners.ParentRunner.runLeaf(ParentRunner.java:366)
  at org.junit.runners.BlockJUnit4ClassRunner.runChild(BlockJUnit4ClassRunner.java:103)
  at org.junit.runners.BlockJUnit4ClassRunner.runChild(BlockJUnit4ClassRunner.java:63)
  at org.junit.runners.ParentRunner$4.run(ParentRunner.java:331)
  at org.junit.runners.ParentRunner$1.schedule(ParentRunner.java:79)
  at org.junit.runners.ParentRunner.runChildren(ParentRunner.java:329)
  at org.junit.runners.ParentRunner.access$100(ParentRunner.java:66)
  at org.junit.runners.ParentRunner$2.evaluate(ParentRunner.java:293)
  at org.junit.runners.ParentRunner$3.evaluate(ParentRunner.java:306)
  at org.junit.runners.ParentRunner.run(ParentRunner.java:413)
  at org.junit.runner.JUnitCore.run(JUnitCore.java:137)
  at org.junit.runner.JUnitCore.run(JUnitCore.java:115)
  at org.gradle.api.internal.tasks.testing.junit.JUnitTestExecutor.runRequest(JUnitTestExecutor.java:175)
  at org.gradle.api.internal.tasks.testing.junit.JUnitTestExecutor.accept(JUnitTestExecutor.java:84)
  at org.gradle.api.internal.tasks.testing.junit.JUnitTestExecutor.accept(JUnitTestExecutor.java:47)
  at org.gradle.api.internal.tasks.testing.junit.AbstractJUnitTestDefinitionProcessor.processTestDefinition(AbstractJUnitTestDefinitionProcessor.java:65)
  at org.gradle.api.internal.tasks.testing.SuiteTestDefinitionProcessor.processTestDefinition(SuiteTestDefinitionProcessor.java:54)
  at java.base/jdk.internal.reflect.DirectMethodHandleAccessor.invoke(DirectMethodHandleAccessor.java:104)
  at java.base/java.lang.reflect.Method.invoke(Method.java:565)
  at org.gradle.internal.dispatch.MethodInvocation.invokeOn(MethodInvocation.java:77)
  at org.gradle.internal.dispatch.ReflectionDispatch.dispatch(ReflectionDispatch.java:28)
  at org.gradle.internal.dispatch.ReflectionDispatch.dispatch(ReflectionDispatch.java:19)
  at org.gradle.internal.dispatch.ContextClassLoaderDispatch.dispatch(ContextClassLoaderDispatch.java:33)
  at org.gradle.internal.dispatch.ProxyDispatchAdapter$DispatchingInvocationHandler.invoke(ProxyDispatchAdapter.java:88)
  at jdk.proxy1/jdk.proxy1.$Proxy4.processTestDefinition(Unknown Source)
  at org.gradle.api.internal.tasks.testing.worker.TestWorker$2.run(TestWorker.java:178)
  at org.gradle.api.internal.tasks.testing.worker.TestWorker.executeAndMaintainThreadName(TestWorker.java:126)
  at org.gradle.api.internal.tasks.testing.worker.TestWorker.execute(TestWorker.java:103)
  at org.gradle.api.internal.tasks.testing.worker.TestWorker.execute(TestWorker.java:63)
  at org.gradle.process.internal.worker.child.ActionExecutionWorker.execute(ActionExecutionWorker.java:56)
  at org.gradle.process.internal.worker.child.SystemApplicationClassLoaderWorker.call(SystemApplicationClassLoaderWorker.java:122)
  at org.gradle.process.internal.worker.child.SystemApplicationClassLoaderWorker.call(SystemApplicationClassLoaderWorker.java:72)
  at worker.org.gradle.process.internal.worker.GradleWorkerMain.run(GradleWorkerMain.java:69)
  at worker.org.gradle.process.internal.worker.GradleWorkerMain.main(GradleWorkerMain.java:74)
</stacktrace>
</test-failure>


TypeScriptCompilerTests_C[jvm] > checkerInitializationCrash_ts has expected errors matching checkerInitializationCrash_errors_txt[jvm] FAILED

<test-failure test="com.xemantic.typescript.compiler.TypeScriptCompilerTests_C.cloduleStaticMembers_ts has expected errors matching cloduleStaticMembers_errors_txt" platform="jvm">
<message>
--- expected
+++ actual
@@ -1,17 +1,14 @@
-cloduleStaticMembers.ts(6,18): error TS2341: Property 'x' is private and only accessible within class 'Clod'.
 cloduleStaticMembers.ts(7,13): error TS2304: Cannot find name 'x'.
 cloduleStaticMembers.ts(10,13): error TS2304: Cannot find name 'y'.
 
 
-==== cloduleStaticMembers.ts (3 errors) ====
+==== cloduleStaticMembers.ts (2 errors) ====
     class Clod {
         private static x = 10;
         public static y = 10;
     }
     namespace Clod {
         var p = Clod.x;
-                     ~
-!!! error TS2341: Property 'x' is private and only accessible within class 'Clod'.
         var q = x;
                 ~
 !!! error TS2304: Cannot find name 'x'.

</message>
<stacktrace>
  at org.junit.Assert.fail(Assert.java:89)
  at kotlin.test.junit.JUnitAsserter.fail(JUnitSupport.kt:56)
  at kotlin.test.AssertionsKt__AssertionsKt.fail(Assertions.kt:563)
  at kotlin.test.AssertionsKt.fail(Unknown Source)
  at com.xemantic.kotlin.test.SameAsKt.sameAs(SameAs.kt:52)
  at com.xemantic.typescript.compiler.TypeScriptTestSupportKt.errorsMatchBaseline(TypeScriptTestSupport.kt:135)
  at com.xemantic.typescript.compiler.TypeScriptCompilerTests_C.cloduleStaticMembers_ts has expected errors matching cloduleStaticMembers_errors_txt(TypeScriptCompilerTests_C.kt:3143)
  at java.base/jdk.internal.reflect.DirectMethodHandleAccessor.invoke(DirectMethodHandleAccessor.java:104)
  at java.base/java.lang.reflect.Method.invoke(Method.java:565)
  at org.junit.runners.model.FrameworkMethod$1.runReflectiveCall(FrameworkMethod.java:59)
  at org.junit.internal.runners.model.ReflectiveCallable.run(ReflectiveCallable.java:12)
  at org.junit.runners.model.FrameworkMethod.invokeExplosively(FrameworkMethod.java:56)
  at org.junit.internal.runners.statements.InvokeMethod.evaluate(InvokeMethod.java:17)
  at org.junit.runners.ParentRunner$3.evaluate(ParentRunner.java:306)
  at org.junit.runners.BlockJUnit4ClassRunner$1.evaluate(BlockJUnit4ClassRunner.java:100)
  at org.junit.runners.ParentRunner.runLeaf(ParentRunner.java:366)
  at org.junit.runners.BlockJUnit4ClassRunner.runChild(BlockJUnit4ClassRunner.java:103)
  at org.junit.runners.BlockJUnit4ClassRunner.runChild(BlockJUnit4ClassRunner.java:63)
  at org.junit.runners.ParentRunner$4.run(ParentRunner.java:331)
  at org.junit.runners.ParentRunner$1.schedule(ParentRunner.java:79)
  at org.junit.runners.ParentRunner.runChildren(ParentRunner.java:329)
  at org.junit.runners.ParentRunner.access$100(ParentRunner.java:66)
  at org.junit.runners.ParentRunner$2.evaluate(ParentRunner.java:293)
  at org.junit.runners.ParentRunner$3.evaluate(ParentRunner.java:306)
  at org.junit.runners.ParentRunner.run(ParentRunner.java:413)
  at org.junit.runner.JUnitCore.run(JUnitCore.java:137)
  at org.junit.runner.JUnitCore.run(JUnitCore.java:115)
  at org.gradle.api.internal.tasks.testing.junit.JUnitTestExecutor.runRequest(JUnitTestExecutor.java:175)
  at org.gradle.api.internal.tasks.testing.junit.JUnitTestExecutor.accept(JUnitTestExecutor.java:84)
  at org.gradle.api.internal.tasks.testing.junit.JUnitTestExecutor.accept(JUnitTestExecutor.java:47)
  at org.gradle.api.internal.tasks.testing.junit.AbstractJUnitTestDefinitionProcessor.processTestDefinition(AbstractJUnitTestDefinitionProcessor.java:65)
  at org.gradle.api.internal.tasks.testing.SuiteTestDefinitionProcessor.processTestDefinition(SuiteTestDefinitionProcessor.java:54)
  at java.base/jdk.internal.reflect.DirectMethodHandleAccessor.invoke(DirectMethodHandleAccessor.java:104)
  at java.base/java.lang.reflect.Method.invoke(Method.java:565)
  at org.gradle.internal.dispatch.MethodInvocation.invokeOn(MethodInvocation.java:77)
  at org.gradle.internal.dispatch.ReflectionDispatch.dispatch(ReflectionDispatch.java:28)
  at org.gradle.internal.dispatch.ReflectionDispatch.dispatch(ReflectionDispatch.java:19)
  at org.gradle.internal.dispatch.ContextClassLoaderDispatch.dispatch(ContextClassLoaderDispatch.java:33)
  at org.gradle.internal.dispatch.ProxyDispatchAdapter$DispatchingInvocationHandler.invoke(ProxyDispatchAdapter.java:88)
  at jdk.proxy1/jdk.proxy1.$Proxy4.processTestDefinition(Unknown Source)
  at org.gradle.api.internal.tasks.testing.worker.TestWorker$2.run(TestWorker.java:178)
  at org.gradle.api.internal.tasks.testing.worker.TestWorker.executeAndMaintainThreadName(TestWorker.java:126)
  at org.gradle.api.internal.tasks.testing.worker.TestWorker.execute(TestWorker.java:103)
  at org.gradle.api.internal.tasks.testing.worker.TestWorker.execute(TestWorker.java:63)
  at org.gradle.process.internal.worker.child.ActionExecutionWorker.execute(ActionExecutionWorker.java:56)
  at org.gradle.process.internal.worker.child.SystemApplicationClassLoaderWorker.call(SystemApplicationClassLoaderWorker.java:122)
  at org.gradle.process.internal.worker.child.SystemApplicationClassLoaderWorker.call(SystemApplicationClassLoaderWorker.java:72)
  at worker.org.gradle.process.internal.worker.GradleWorkerMain.run(GradleWorkerMain.java:69)
  at worker.org.gradle.process.internal.worker.GradleWorkerMain.main(GradleWorkerMain.java:74)
</stacktrace>
</test-failure>


TypeScriptCompilerTests_C[jvm] > cloduleStaticMembers_ts has expected errors matching cloduleStaticMembers_errors_txt[jvm] FAILED

<test-failure test="com.xemantic.typescript.compiler.TypeScriptCompilerTests_C.circularBaseTypes_ts has expected errors matching circularBaseTypes_errors_txt" platform="jvm">
<message>
Expected diagnostics from baseline typescript-repo/tests/baselines/reference/circularBaseTypes.errors.txt but none produced
</message>
<stacktrace>
  at com.xemantic.typescript.compiler.TypeScriptTestSupportKt.errorsMatchBaseline(TypeScriptTestSupport.kt:125)
  at com.xemantic.typescript.compiler.TypeScriptCompilerTests_C.circularBaseTypes_ts has expected errors matching circularBaseTypes_errors_txt(TypeScriptCompilerTests_C.kt:1582)
  at java.base/jdk.internal.reflect.DirectMethodHandleAccessor.invoke(DirectMethodHandleAccessor.java:104)
  at java.base/java.lang.reflect.Method.invoke(Method.java:565)
  at org.junit.runners.model.FrameworkMethod$1.runReflectiveCall(FrameworkMethod.java:59)
  at org.junit.internal.runners.model.ReflectiveCallable.run(ReflectiveCallable.java:12)
  at org.junit.runners.model.FrameworkMethod.invokeExplosively(FrameworkMethod.java:56)
  at org.junit.internal.runners.statements.InvokeMethod.evaluate(InvokeMethod.java:17)
  at org.junit.runners.ParentRunner$3.evaluate(ParentRunner.java:306)
  at org.junit.runners.BlockJUnit4ClassRunner$1.evaluate(BlockJUnit4ClassRunner.java:100)
  at org.junit.runners.ParentRunner.runLeaf(ParentRunner.java:366)
  at org.junit.runners.BlockJUnit4ClassRunner.runChild(BlockJUnit4ClassRunner.java:103)
  at org.junit.runners.BlockJUnit4ClassRunner.runChild(BlockJUnit4ClassRunner.java:63)
  at org.junit.runners.ParentRunner$4.run(ParentRunner.java:331)
  at org.junit.runners.ParentRunner$1.schedule(ParentRunner.java:79)
  at org.junit.runners.ParentRunner.runChildren(ParentRunner.java:329)
  at org.junit.runners.ParentRunner.access$100(ParentRunner.java:66)
  at org.junit.runners.ParentRunner$2.evaluate(ParentRunner.java:293)
  at org.junit.runners.ParentRunner$3.evaluate(ParentRunner.java:306)
  at org.junit.runners.ParentRunner.run(ParentRunner.java:413)
  at org.junit.runner.JUnitCore.run(JUnitCore.java:137)
  at org.junit.runner.JUnitCore.run(JUnitCore.java:115)
  at org.gradle.api.internal.tasks.testing.junit.JUnitTestExecutor.runRequest(JUnitTestExecutor.java:175)
  at org.gradle.api.internal.tasks.testing.junit.JUnitTestExecutor.accept(JUnitTestExecutor.java:84)
  at org.gradle.api.internal.tasks.testing.junit.JUnitTestExecutor.accept(JUnitTestExecutor.java:47)
  at org.gradle.api.internal.tasks.testing.junit.AbstractJUnitTestDefinitionProcessor.processTestDefinition(AbstractJUnitTestDefinitionProcessor.java:65)
  at org.gradle.api.internal.tasks.testing.SuiteTestDefinitionProcessor.processTestDefinition(SuiteTestDefinitionProcessor.java:54)
  at java.base/jdk.internal.reflect.DirectMethodHandleAccessor.invoke(DirectMethodHandleAccessor.java:104)
  at java.base/java.lang.reflect.Method.invoke(Method.java:565)
  at org.gradle.internal.dispatch.MethodInvocation.invokeOn(MethodInvocation.java:77)
  at org.gradle.internal.dispatch.ReflectionDispatch.dispatch(ReflectionDispatch.java:28)
  at org.gradle.internal.dispatch.ReflectionDispatch.dispatch(ReflectionDispatch.java:19)
  at org.gradle.internal.dispatch.ContextClassLoaderDispatch.dispatch(ContextClassLoaderDispatch.java:33)
  at org.gradle.internal.dispatch.ProxyDispatchAdapter$DispatchingInvocationHandler.invoke(ProxyDispatchAdapter.java:88)
  at jdk.proxy1/jdk.proxy1.$Proxy4.processTestDefinition(Unknown Source)
  at org.gradle.api.internal.tasks.testing.worker.TestWorker$2.run(TestWorker.java:178)
  at org.gradle.api.internal.tasks.testing.worker.TestWorker.executeAndMaintainThreadName(TestWorker.java:126)
  at org.gradle.api.internal.tasks.testing.worker.TestWorker.execute(TestWorker.java:103)
  at org.gradle.api.internal.tasks.testing.worker.TestWorker.execute(TestWorker.java:63)
  at org.gradle.process.internal.worker.child.ActionExecutionWorker.execute(ActionExecutionWorker.java:56)
  at org.gradle.process.internal.worker.child.SystemApplicationClassLoaderWorker.call(SystemApplicationClassLoaderWorker.java:122)
  at org.gradle.process.internal.worker.child.SystemApplicationClassLoaderWorker.call(SystemApplicationClassLoaderWorker.java:72)
  at worker.org.gradle.process.internal.worker.GradleWorkerMain.run(GradleWorkerMain.java:69)
  at worker.org.gradle.process.internal.worker.GradleWorkerMain.main(GradleWorkerMain.java:74)
</stacktrace>
</test-failure>


TypeScriptCompilerTests_C[jvm] > circularBaseTypes_ts has expected errors matching circularBaseTypes_errors_txt[jvm] FAILED

<test-failure test="com.xemantic.typescript.compiler.TypeScriptCompilerTests_C.classImplementsClass7_ts has expected errors matching classImplementsClass7_errors_txt" platform="jvm">
<message>
--- expected
+++ actual
@@ -1,9 +1,7 @@
 classImplementsClass7.ts(2,13): error TS2564: Property 'x' has no initializer and is not definitely assigned in the constructor.
-classImplementsClass7.ts(5,7): error TS2720: Class 'B' incorrectly implements class 'A'. Did you mean to extend 'A' and inherit its members as a subclass?
-  Property 'x' is missing in type 'B' but required in type 'A'.
 
 
-==== classImplementsClass7.ts (2 errors) ====
+==== classImplementsClass7.ts (1 errors) ====
     class A {
         private x: number;
                 ~
@@ -11,7 +9,3 @@
     }
     
     class B implements A {}
-          ~
-!!! error TS2720: Class 'B' incorrectly implements class 'A'. Did you mean to extend 'A' and inherit its members as a subclass?
-!!! error TS2720:   Property 'x' is missing in type 'B' but required in type 'A'.
-!!! related TS2728 classImplementsClass7.ts:2:13: 'x' is declared here.

</message>
<stacktrace>
  at org.junit.Assert.fail(Assert.java:89)
  at kotlin.test.junit.JUnitAsserter.fail(JUnitSupport.kt:56)
  at kotlin.test.AssertionsKt__AssertionsKt.fail(Assertions.kt:563)
  at kotlin.test.AssertionsKt.fail(Unknown Source)
  at com.xemantic.kotlin.test.SameAsKt.sameAs(SameAs.kt:52)
  at com.xemantic.typescript.compiler.TypeScriptTestSupportKt.errorsMatchBaseline(TypeScriptTestSupport.kt:135)
  at com.xemantic.typescript.compiler.TypeScriptCompilerTests_C.classImplementsClass7_ts has expected errors matching classImplementsClass7_errors_txt(TypeScriptCompilerTests_C.kt:2443)
  at java.base/jdk.internal.reflect.DirectMethodHandleAccessor.invoke(DirectMethodHandleAccessor.java:104)
  at java.base/java.lang.reflect.Method.invoke(Method.java:565)
  at org.junit.runners.model.FrameworkMethod$1.runReflectiveCall(FrameworkMethod.java:59)
  at org.junit.internal.runners.model.ReflectiveCallable.run(ReflectiveCallable.java:12)
  at org.junit.runners.model.FrameworkMethod.invokeExplosively(FrameworkMethod.java:56)
  at org.junit.internal.runners.statements.InvokeMethod.evaluate(InvokeMethod.java:17)
  at org.junit.runners.ParentRunner$3.evaluate(ParentRunner.java:306)
  at org.junit.runners.BlockJUnit4ClassRunner$1.evaluate(BlockJUnit4ClassRunner.java:100)
  at org.junit.runners.ParentRunner.runLeaf(ParentRunner.java:366)
  at org.junit.runners.BlockJUnit4ClassRunner.runChild(BlockJUnit4ClassRunner.java:103)
  at org.junit.runners.BlockJUnit4ClassRunner.runChild(BlockJUnit4ClassRunner.java:63)
  at org.junit.runners.ParentRunner$4.run(ParentRunner.java:331)
  at org.junit.runners.ParentRunner$1.schedule(ParentRunner.java:79)
  at org.junit.runners.ParentRunner.runChildren(ParentRunner.java:329)
  at org.junit.runners.ParentRunner.access$100(ParentRunner.java:66)
  at org.junit.runners.ParentRunner$2.evaluate(ParentRunner.java:293)
  at org.junit.runners.ParentRunner$3.evaluate(ParentRunner.java:306)
  at org.junit.runners.ParentRunner.run(ParentRunner.java:413)
  at org.junit.runner.JUnitCore.run(JUnitCore.java:137)
  at org.junit.runner.JUnitCore.run(JUnitCore.java:115)
  at org.gradle.api.internal.tasks.testing.junit.JUnitTestExecutor.runRequest(JUnitTestExecutor.java:175)
  at org.gradle.api.internal.tasks.testing.junit.JUnitTestExecutor.accept(JUnitTestExecutor.java:84)
  at org.gradle.api.internal.tasks.testing.junit.JUnitTestExecutor.accept(JUnitTestExecutor.java:47)
  at org.gradle.api.internal.tasks.testing.junit.AbstractJUnitTestDefinitionProcessor.processTestDefinition(AbstractJUnitTestDefinitionProcessor.java:65)
  at org.gradle.api.internal.tasks.testing.SuiteTestDefinitionProcessor.processTestDefinition(SuiteTestDefinitionProcessor.java:54)
  at java.base/jdk.internal.reflect.DirectMethodHandleAccessor.invoke(DirectMethodHandleAccessor.java:104)
  at java.base/java.lang.reflect.Method.invoke(Method.java:565)
  at org.gradle.internal.dispatch.MethodInvocation.invokeOn(MethodInvocation.java:77)
  at org.gradle.internal.dispatch.ReflectionDispatch.dispatch(ReflectionDispatch.java:28)
  at org.gradle.internal.dispatch.ReflectionDispatch.dispatch(ReflectionDispatch.java:19)
  at org.gradle.internal.dispatch.ContextClassLoaderDispatch.dispatch(ContextClassLoaderDispatch.java:33)
  at org.gradle.internal.dispatch.ProxyDispatchAdapter$DispatchingInvocationHandler.invoke(ProxyDispatchAdapter.java:88)
  at jdk.proxy1/jdk.proxy1.$Proxy4.processTestDefinition(Unknown Source)
  at org.gradle.api.internal.tasks.testing.worker.TestWorker$2.run(TestWorker.java:178)
  at org.gradle.api.internal.tasks.testing.worker.TestWorker.executeAndMaintainThreadName(TestWorker.java:126)
  at org.gradle.api.internal.tasks.testing.worker.TestWorker.execute(TestWorker.java:103)
  at org.gradle.api.internal.tasks.testing.worker.TestWorker.execute(TestWorker.java:63)
  at org.gradle.process.internal.worker.child.ActionExecutionWorker.execute(ActionExecutionWorker.java:56)
  at org.gradle.process.internal.worker.child.SystemApplicationClassLoaderWorker.call(SystemApplicationClassLoaderWorker.java:122)
  at org.gradle.process.internal.worker.child.SystemApplicationClassLoaderWorker.call(SystemApplicationClassLoaderWorker.java:72)
  at worker.org.gradle.process.internal.worker.GradleWorkerMain.run(GradleWorkerMain.java:69)
  at worker.org.gradle.process.internal.worker.GradleWorkerMain.main(GradleWorkerMain.java:74)
</stacktrace>
</test-failure>


TypeScriptCompilerTests_C[jvm] > classImplementsClass7_ts has expected errors matching classImplementsClass7_errors_txt[jvm] FAILED

<test-failure test="com.xemantic.typescript.compiler.TypeScriptCompilerTests_C.constantEnumAssert_ts has expected errors matching constantEnumAssert_errors_txt" platform="jvm">
<message>
Expected diagnostics from baseline typescript-repo/tests/baselines/reference/constantEnumAssert.errors.txt but none produced
</message>
<stacktrace>
  at com.xemantic.typescript.compiler.TypeScriptTestSupportKt.errorsMatchBaseline(TypeScriptTestSupport.kt:125)
  at com.xemantic.typescript.compiler.TypeScriptCompilerTests_C.constantEnumAssert_ts has expected errors matching constantEnumAssert_errors_txt(TypeScriptCompilerTests_C.kt:6566)
  at java.base/jdk.internal.reflect.DirectMethodHandleAccessor.invoke(DirectMethodHandleAccessor.java:104)
  at java.base/java.lang.reflect.Method.invoke(Method.java:565)
  at org.junit.runners.model.FrameworkMethod$1.runReflectiveCall(FrameworkMethod.java:59)
  at org.junit.internal.runners.model.ReflectiveCallable.run(ReflectiveCallable.java:12)
  at org.junit.runners.model.FrameworkMethod.invokeExplosively(FrameworkMethod.java:56)
  at org.junit.internal.runners.statements.InvokeMethod.evaluate(InvokeMethod.java:17)
  at org.junit.runners.ParentRunner$3.evaluate(ParentRunner.java:306)
  at org.junit.runners.BlockJUnit4ClassRunner$1.evaluate(BlockJUnit4ClassRunner.java:100)
  at org.junit.runners.ParentRunner.runLeaf(ParentRunner.java:366)
  at org.junit.runners.BlockJUnit4ClassRunner.runChild(BlockJUnit4ClassRunner.java:103)
  at org.junit.runners.BlockJUnit4ClassRunner.runChild(BlockJUnit4ClassRunner.java:63)
  at org.junit.runners.ParentRunner$4.run(ParentRunner.java:331)
  at org.junit.runners.ParentRunner$1.schedule(ParentRunner.java:79)
  at org.junit.runners.ParentRunner.runChildren(ParentRunner.java:329)
  at org.junit.runners.ParentRunner.access$100(ParentRunner.java:66)
  at org.junit.runners.ParentRunner$2.evaluate(ParentRunner.java:293)
  at org.junit.runners.ParentRunner$3.evaluate(ParentRunner.java:306)
  at org.junit.runners.ParentRunner.run(ParentRunner.java:413)
  at org.junit.runner.JUnitCore.run(JUnitCore.java:137)
  at org.junit.runner.JUnitCore.run(JUnitCore.java:115)
  at org.gradle.api.internal.tasks.testing.junit.JUnitTestExecutor.runRequest(JUnitTestExecutor.java:175)
  at org.gradle.api.internal.tasks.testing.junit.JUnitTestExecutor.accept(JUnitTestExecutor.java:84)
  at org.gradle.api.internal.tasks.testing.junit.JUnitTestExecutor.accept(JUnitTestExecutor.java:47)
  at org.gradle.api.internal.tasks.testing.junit.AbstractJUnitTestDefinitionProcessor.processTestDefinition(AbstractJUnitTestDefinitionProcessor.java:65)
  at org.gradle.api.internal.tasks.testing.SuiteTestDefinitionProcessor.processTestDefinition(SuiteTestDefinitionProcessor.java:54)
  at java.base/jdk.internal.reflect.DirectMethodHandleAccessor.invoke(DirectMethodHandleAccessor.java:104)
  at java.base/java.lang.reflect.Method.invoke(Method.java:565)
  at org.gradle.internal.dispatch.MethodInvocation.invokeOn(MethodInvocation.java:77)
  at org.gradle.internal.dispatch.ReflectionDispatch.dispatch(ReflectionDispatch.java:28)
  at org.gradle.internal.dispatch.ReflectionDispatch.dispatch(ReflectionDispatch.java:19)
  at org.gradle.internal.dispatch.ContextClassLoaderDispatch.dispatch(ContextClassLoaderDispatch.java:33)
  at org.gradle.internal.dispatch.ProxyDispatchAdapter$DispatchingInvocationHandler.invoke(ProxyDispatchAdapter.java:88)
  at jdk.proxy1/jdk.proxy1.$Proxy4.processTestDefinition(Unknown Source)
  at org.gradle.api.internal.tasks.testing.worker.TestWorker$2.run(TestWorker.java:178)
  at org.gradle.api.internal.tasks.testing.worker.TestWorker.executeAndMaintainThreadName(TestWorker.java:126)
  at org.gradle.api.internal.tasks.testing.worker.TestWorker.execute(TestWorker.java:103)
  at org.gradle.api.internal.tasks.testing.worker.TestWorker.execute(TestWorker.java:63)
  at org.gradle.process.internal.worker.child.ActionExecutionWorker.execute(ActionExecutionWorker.java:56)
  at org.gradle.process.internal.worker.child.SystemApplicationClassLoaderWorker.call(SystemApplicationClassLoaderWorker.java:122)
  at org.gradle.process.internal.worker.child.SystemApplicationClassLoaderWorker.call(SystemApplicationClassLoaderWorker.java:72)
  at worker.org.gradle.process.internal.worker.GradleWorkerMain.run(GradleWorkerMain.java:69)
  at worker.org.gradle.process.internal.worker.GradleWorkerMain.main(GradleWorkerMain.java:74)
</stacktrace>
</test-failure>


TypeScriptCompilerTests_C[jvm] > constantEnumAssert_ts has expected errors matching constantEnumAssert_errors_txt[jvm] FAILED

<test-failure test="com.xemantic.typescript.compiler.TypeScriptCompilerTests_C.chainedAssignment1_ts has expected errors matching chainedAssignment1_errors_txt" platform="jvm">
<message>
Expected diagnostics from baseline typescript-repo/tests/baselines/reference/chainedAssignment1.errors.txt but none produced
</message>
<stacktrace>
  at com.xemantic.typescript.compiler.TypeScriptTestSupportKt.errorsMatchBaseline(TypeScriptTestSupport.kt:125)
  at com.xemantic.typescript.compiler.TypeScriptCompilerTests_C.chainedAssignment1_ts has expected errors matching chainedAssignment1_errors_txt(TypeScriptCompilerTests_C.kt:1036)
  at java.base/jdk.internal.reflect.DirectMethodHandleAccessor.invoke(DirectMethodHandleAccessor.java:104)
  at java.base/java.lang.reflect.Method.invoke(Method.java:565)
  at org.junit.runners.model.FrameworkMethod$1.runReflectiveCall(FrameworkMethod.java:59)
  at org.junit.internal.runners.model.ReflectiveCallable.run(ReflectiveCallable.java:12)
  at org.junit.runners.model.FrameworkMethod.invokeExplosively(FrameworkMethod.java:56)
  at org.junit.internal.runners.statements.InvokeMethod.evaluate(InvokeMethod.java:17)
  at org.junit.runners.ParentRunner$3.evaluate(ParentRunner.java:306)
  at org.junit.runners.BlockJUnit4ClassRunner$1.evaluate(BlockJUnit4ClassRunner.java:100)
  at org.junit.runners.ParentRunner.runLeaf(ParentRunner.java:366)
  at org.junit.runners.BlockJUnit4ClassRunner.runChild(BlockJUnit4ClassRunner.java:103)
  at org.junit.runners.BlockJUnit4ClassRunner.runChild(BlockJUnit4ClassRunner.java:63)
  at org.junit.runners.ParentRunner$4.run(ParentRunner.java:331)
  at org.junit.runners.ParentRunner$1.schedule(ParentRunner.java:79)
  at org.junit.runners.ParentRunner.runChildren(ParentRunner.java:329)
  at org.junit.runners.ParentRunner.access$100(ParentRunner.java:66)
  at org.junit.runners.ParentRunner$2.evaluate(ParentRunner.java:293)
  at org.junit.runners.ParentRunner$3.evaluate(ParentRunner.java:306)
  at org.junit.runners.ParentRunner.run(ParentRunner.java:413)
  at org.junit.runner.JUnitCore.run(JUnitCore.java:137)
  at org.junit.runner.JUnitCore.run(JUnitCore.java:115)
  at org.gradle.api.internal.tasks.testing.junit.JUnitTestExecutor.runRequest(JUnitTestExecutor.java:175)
  at org.gradle.api.internal.tasks.testing.junit.JUnitTestExecutor.accept(JUnitTestExecutor.java:84)
  at org.gradle.api.internal.tasks.testing.junit.JUnitTestExecutor.accept(JUnitTestExecutor.java:47)
  at org.gradle.api.internal.tasks.testing.junit.AbstractJUnitTestDefinitionProcessor.processTestDefinition(AbstractJUnitTestDefinitionProcessor.java:65)
  at org.gradle.api.internal.tasks.testing.SuiteTestDefinitionProcessor.processTestDefinition(SuiteTestDefinitionProcessor.java:54)
  at java.base/jdk.internal.reflect.DirectMethodHandleAccessor.invoke(DirectMethodHandleAccessor.java:104)
  at java.base/java.lang.reflect.Method.invoke(Method.java:565)
  at org.gradle.internal.dispatch.MethodInvocation.invokeOn(MethodInvocation.java:77)
  at org.gradle.internal.dispatch.ReflectionDispatch.dispatch(ReflectionDispatch.java:28)
  at org.gradle.internal.dispatch.ReflectionDispatch.dispatch(ReflectionDispatch.java:19)
  at org.gradle.internal.dispatch.ContextClassLoaderDispatch.dispatch(ContextClassLoaderDispatch.java:33)
  at org.gradle.internal.dispatch.ProxyDispatchAdapter$DispatchingInvocationHandler.invoke(ProxyDispatchAdapter.java:88)
  at jdk.proxy1/jdk.proxy1.$Proxy4.processTestDefinition(Unknown Source)
  at org.gradle.api.internal.tasks.testing.worker.TestWorker$2.run(TestWorker.java:178)
  at org.gradle.api.internal.tasks.testing.worker.TestWorker.executeAndMaintainThreadName(TestWorker.java:126)
  at org.gradle.api.internal.tasks.testing.worker.TestWorker.execute(TestWorker.java:103)
  at org.gradle.api.internal.tasks.testing.worker.TestWorker.execute(TestWorker.java:63)
  at org.gradle.process.internal.worker.child.ActionExecutionWorker.execute(ActionExecutionWorker.java:56)
  at org.gradle.process.internal.worker.child.SystemApplicationClassLoaderWorker.call(SystemApplicationClassLoaderWorker.java:122)
  at org.gradle.process.internal.worker.child.SystemApplicationClassLoaderWorker.call(SystemApplicationClassLoaderWorker.java:72)
  at worker.org.gradle.process.internal.worker.GradleWorkerMain.run(GradleWorkerMain.java:69)
  at worker.org.gradle.process.internal.worker.GradleWorkerMain.main(GradleWorkerMain.java:74)
</stacktrace>
</test-failure>


TypeScriptCompilerTests_C[jvm] > chainedAssignment1_ts has expected errors matching chainedAssignment1_errors_txt[jvm] FAILED

<test-failure test="com.xemantic.typescript.compiler.TypeScriptCompilerTests_C.complicatedIndexedAccessKeyofReliesOnKeyofNeverUpperBound_ts has expected errors matching complicatedIndexedAccessKeyofReliesOnKeyofNeverUpperBound_errors_txt" platform="jvm">
<message>
Expected diagnostics from baseline typescript-repo/tests/baselines/reference/complicatedIndexedAccessKeyofReliesOnKeyofNeverUpperBound.errors.txt but none produced
</message>
<stacktrace>
  at com.xemantic.typescript.compiler.TypeScriptTestSupportKt.errorsMatchBaseline(TypeScriptTestSupport.kt:125)
  at com.xemantic.typescript.compiler.TypeScriptCompilerTests_C.complicatedIndexedAccessKeyofReliesOnKeyofNeverUpperBound_ts has expected errors matching complicatedIndexedAccessKeyofReliesOnKeyofNeverUpperBound_errors_txt(TypeScriptCompilerTests_C.kt:5208)
  at java.base/jdk.internal.reflect.DirectMethodHandleAccessor.invoke(DirectMethodHandleAccessor.java:104)
  at java.base/java.lang.reflect.Method.invoke(Method.java:565)
  at org.junit.runners.model.FrameworkMethod$1.runReflectiveCall(FrameworkMethod.java:59)
  at org.junit.internal.runners.model.ReflectiveCallable.run(ReflectiveCallable.java:12)
  at org.junit.runners.model.FrameworkMethod.invokeExplosively(FrameworkMethod.java:56)
  at org.junit.internal.runners.statements.InvokeMethod.evaluate(InvokeMethod.java:17)
  at org.junit.runners.ParentRunner$3.evaluate(ParentRunner.java:306)
  at org.junit.runners.BlockJUnit4ClassRunner$1.evaluate(BlockJUnit4ClassRunner.java:100)
  at org.junit.runners.ParentRunner.runLeaf(ParentRunner.java:366)
  at org.junit.runners.BlockJUnit4ClassRunner.runChild(BlockJUnit4ClassRunner.java:103)
  at org.junit.runners.BlockJUnit4ClassRunner.runChild(BlockJUnit4ClassRunner.java:63)
  at org.junit.runners.ParentRunner$4.run(ParentRunner.java:331)
  at org.junit.runners.ParentRunner$1.schedule(ParentRunner.java:79)
  at org.junit.runners.ParentRunner.runChildren(ParentRunner.java:329)
  at org.junit.runners.ParentRunner.access$100(ParentRunner.java:66)
  at org.junit.runners.ParentRunner$2.evaluate(ParentRunner.java:293)
  at org.junit.runners.ParentRunner$3.evaluate(ParentRunner.java:306)
  at org.junit.runners.ParentRunner.run(ParentRunner.java:413)
  at org.junit.runner.JUnitCore.run(JUnitCore.java:137)
  at org.junit.runner.JUnitCore.run(JUnitCore.java:115)
  at org.gradle.api.internal.tasks.testing.junit.JUnitTestExecutor.runRequest(JUnitTestExecutor.java:175)
  at org.gradle.api.internal.tasks.testing.junit.JUnitTestExecutor.accept(JUnitTestExecutor.java:84)
  at org.gradle.api.internal.tasks.testing.junit.JUnitTestExecutor.accept(JUnitTestExecutor.java:47)
  at org.gradle.api.internal.tasks.testing.junit.AbstractJUnitTestDefinitionProcessor.processTestDefinition(AbstractJUnitTestDefinitionProcessor.java:65)
  at org.gradle.api.internal.tasks.testing.SuiteTestDefinitionProcessor.processTestDefinition(SuiteTestDefinitionProcessor.java:54)
  at java.base/jdk.internal.reflect.DirectMethodHandleAccessor.invoke(DirectMethodHandleAccessor.java:104)
  at java.base/java.lang.reflect.Method.invoke(Method.java:565)
  at org.gradle.internal.dispatch.MethodInvocation.invokeOn(MethodInvocation.java:77)
  at org.gradle.internal.dispatch.ReflectionDispatch.dispatch(ReflectionDispatch.java:28)
  at org.gradle.internal.dispatch.ReflectionDispatch.dispatch(ReflectionDispatch.java:19)
  at org.gradle.internal.dispatch.ContextClassLoaderDispatch.dispatch(ContextClassLoaderDispatch.java:33)
  at org.gradle.internal.dispatch.ProxyDispatchAdapter$DispatchingInvocationHandler.invoke(ProxyDispatchAdapter.java:88)
  at jdk.proxy1/jdk.proxy1.$Proxy4.processTestDefinition(Unknown Source)
  at org.gradle.api.internal.tasks.testing.worker.TestWorker$2.run(TestWorker.java:178)
  at org.gradle.api.internal.tasks.testing.worker.TestWorker.executeAndMaintainThreadName(TestWorker.java:126)
  at org.gradle.api.internal.tasks.testing.worker.TestWorker.execute(TestWorker.java:103)
  at org.gradle.api.internal.tasks.testing.worker.TestWorker.execute(TestWorker.java:63)
  at org.gradle.process.internal.worker.child.ActionExecutionWorker.execute(ActionExecutionWorker.java:56)
  at org.gradle.process.internal.worker.child.SystemApplicationClassLoaderWorker.call(SystemApplicationClassLoaderWorker.java:122)
  at org.gradle.process.internal.worker.child.SystemApplicationClassLoaderWorker.call(SystemApplicationClassLoaderWorker.java:72)
  at worker.org.gradle.process.internal.worker.GradleWorkerMain.run(GradleWorkerMain.java:69)
  at worker.org.gradle.process.internal.worker.GradleWorkerMain.main(GradleWorkerMain.java:74)
</stacktrace>
</test-failure>


TypeScriptCompilerTests_C[jvm] > complicatedIndexedAccessKeyofReliesOnKeyofNeverUpperBound_ts has expected errors matching complicatedIndexedAccessKeyofReliesOnKeyofNeverUpperBound_errors_txt[jvm] FAILED

<test-failure test="com.xemantic.typescript.compiler.TypeScriptCompilerTests_C.crashInEmitTokenWithComment_ts has expected errors matching crashInEmitTokenWithComment_errors_txt" platform="jvm">
<message>
Expected diagnostics from baseline typescript-repo/tests/baselines/reference/crashInEmitTokenWithComment.errors.txt but none produced
</message>
<stacktrace>
  at com.xemantic.typescript.compiler.TypeScriptTestSupportKt.errorsMatchBaseline(TypeScriptTestSupport.kt:125)
  at com.xemantic.typescript.compiler.TypeScriptCompilerTests_C.crashInEmitTokenWithComment_ts has expected errors matching crashInEmitTokenWithComment_errors_txt(TypeScriptCompilerTests_C.kt:8764)
  at java.base/jdk.internal.reflect.DirectMethodHandleAccessor.invoke(DirectMethodHandleAccessor.java:104)
  at java.base/java.lang.reflect.Method.invoke(Method.java:565)
  at org.junit.runners.model.FrameworkMethod$1.runReflectiveCall(FrameworkMethod.java:59)
  at org.junit.internal.runners.model.ReflectiveCallable.run(ReflectiveCallable.java:12)
  at org.junit.runners.model.FrameworkMethod.invokeExplosively(FrameworkMethod.java:56)
  at org.junit.internal.runners.statements.InvokeMethod.evaluate(InvokeMethod.java:17)
  at org.junit.runners.ParentRunner$3.evaluate(ParentRunner.java:306)
  at org.junit.runners.BlockJUnit4ClassRunner$1.evaluate(BlockJUnit4ClassRunner.java:100)
  at org.junit.runners.ParentRunner.runLeaf(ParentRunner.java:366)
  at org.junit.runners.BlockJUnit4ClassRunner.runChild(BlockJUnit4ClassRunner.java:103)
  at org.junit.runners.BlockJUnit4ClassRunner.runChild(BlockJUnit4ClassRunner.java:63)
  at org.junit.runners.ParentRunner$4.run(ParentRunner.java:331)
  at org.junit.runners.ParentRunner$1.schedule(ParentRunner.java:79)
  at org.junit.runners.ParentRunner.runChildren(ParentRunner.java:329)
  at org.junit.runners.ParentRunner.access$100(ParentRunner.java:66)
  at org.junit.runners.ParentRunner$2.evaluate(ParentRunner.java:293)
  at org.junit.runners.ParentRunner$3.evaluate(ParentRunner.java:306)
  at org.junit.runners.ParentRunner.run(ParentRunner.java:413)
  at org.junit.runner.JUnitCore.run(JUnitCore.java:137)
  at org.junit.runner.JUnitCore.run(JUnitCore.java:115)
  at org.gradle.api.internal.tasks.testing.junit.JUnitTestExecutor.runRequest(JUnitTestExecutor.java:175)
  at org.gradle.api.internal.tasks.testing.junit.JUnitTestExecutor.accept(JUnitTestExecutor.java:84)
  at org.gradle.api.internal.tasks.testing.junit.JUnitTestExecutor.accept(JUnitTestExecutor.java:47)
  at org.gradle.api.internal.tasks.testing.junit.AbstractJUnitTestDefinitionProcessor.processTestDefinition(AbstractJUnitTestDefinitionProcessor.java:65)
  at org.gradle.api.internal.tasks.testing.SuiteTestDefinitionProcessor.processTestDefinition(SuiteTestDefinitionProcessor.java:54)
  at java.base/jdk.internal.reflect.DirectMethodHandleAccessor.invoke(DirectMethodHandleAccessor.java:104)
  at java.base/java.lang.reflect.Method.invoke(Method.java:565)
  at org.gradle.internal.dispatch.MethodInvocation.invokeOn(MethodInvocation.java:77)
  at org.gradle.internal.dispatch.ReflectionDispatch.dispatch(ReflectionDispatch.java:28)
  at org.gradle.internal.dispatch.ReflectionDispatch.dispatch(ReflectionDispatch.java:19)
  at org.gradle.internal.dispatch.ContextClassLoaderDispatch.dispatch(ContextClassLoaderDispatch.java:33)
  at org.gradle.internal.dispatch.ProxyDispatchAdapter$DispatchingInvocationHandler.invoke(ProxyDispatchAdapter.java:88)
  at jdk.proxy1/jdk.proxy1.$Proxy4.processTestDefinition(Unknown Source)
  at org.gradle.api.internal.tasks.testing.worker.TestWorker$2.run(TestWorker.java:178)
  at org.gradle.api.internal.tasks.testing.worker.TestWorker.executeAndMaintainThreadName(TestWorker.java:126)
  at org.gradle.api.internal.tasks.testing.worker.TestWorker.execute(TestWorker.java:103)
  at org.gradle.api.internal.tasks.testing.worker.TestWorker.execute(TestWorker.java:63)
  at org.gradle.process.internal.worker.child.ActionExecutionWorker.execute(ActionExecutionWorker.java:56)
  at org.gradle.process.internal.worker.child.SystemApplicationClassLoaderWorker.call(SystemApplicationClassLoaderWorker.java:122)
  at org.gradle.process.internal.worker.child.SystemApplicationClassLoaderWorker.call(SystemApplicationClassLoaderWorker.java:72)
  at worker.org.gradle.process.internal.worker.GradleWorkerMain.run(GradleWorkerMain.java:69)
  at worker.org.gradle.process.internal.worker.GradleWorkerMain.main(GradleWorkerMain.java:74)
</stacktrace>
</test-failure>


TypeScriptCompilerTests_C[jvm] > crashInEmitTokenWithComment_ts has expected errors matching crashInEmitTokenWithComment_errors_txt[jvm] FAILED

<test-failure test="com.xemantic.typescript.compiler.TypeScriptCompilerTests_C.classStaticPropertyAccess_ts__target_es5__has expected errors matching baseline" platform="jvm">
<message>
--- expected
+++ actual
@@ -1,13 +1,9 @@
 error TS5107: Option 'target=ES5' is deprecated and will stop functioning in TypeScript 7.0. Specify compilerOption '"ignoreDeprecations": "6.0"' to silence this error.
-classStaticPropertyAccess.ts(10,1): error TS2576: Property '"' does not exist on type 'A'. Did you mean to access the static member 'A["\""]' instead?
-classStaticPropertyAccess.ts(11,1): error TS2576: Property 'y' does not exist on type 'A'. Did you mean to access the static member 'A['y']' instead?
-classStaticPropertyAccess.ts(12,3): error TS2576: Property 'y' does not exist on type 'A'. Did you mean to access the static member 'A.y' instead?
-classStaticPropertyAccess.ts(13,3): error TS2341: Property '_b' is private and only accessible within class 'A'.
 classStaticPropertyAccess.ts(14,3): error TS2339: Property 'a' does not exist on type 'typeof A'.
 
 
 !!! error TS5107: Option 'target=ES5' is deprecated and will stop functioning in TypeScript 7.0. Specify compilerOption '"ignoreDeprecations": "6.0"' to silence this error.
-==== classStaticPropertyAccess.ts (5 errors) ====
+==== classStaticPropertyAccess.ts (1 errors) ====
     class A {
         public static "\""() {}
         public static x: number = 1;
@@ -18,17 +14,9 @@
     const a = new A();
     
     a["\""] // Error
-    ~~~~~~~
-!!! error TS2576: Property '"' does not exist on type 'A'. Did you mean to access the static member 'A["\""]' instead?
     a['y']  // Error
-    ~~~~~~
-!!! error TS2576: Property 'y' does not exist on type 'A'. Did you mean to access the static member 'A['y']' instead?
     a.y     // Error
-      ~
-!!! error TS2576: Property 'y' does not exist on type 'A'. Did you mean to access the static member 'A.y' instead?
     A._b    // Error
-      ~~
-!!! error TS2341: Property '_b' is private and only accessible within class 'A'.
     A.a
       ~
 !!! error TS2339: Property 'a' does not exist on type 'typeof A'.

</message>
<stacktrace>
  at org.junit.Assert.fail(Assert.java:89)
  at kotlin.test.junit.JUnitAsserter.fail(JUnitSupport.kt:56)
  at kotlin.test.AssertionsKt__AssertionsKt.fail(Assertions.kt:563)
  at kotlin.test.AssertionsKt.fail(Unknown Source)
  at com.xemantic.kotlin.test.SameAsKt.sameAs(SameAs.kt:52)
  at com.xemantic.typescript.compiler.TypeScriptTestSupportKt.errorsMatchBaseline(TypeScriptTestSupport.kt:135)
  at com.xemantic.typescript.compiler.TypeScriptCompilerTests_C.classStaticPropertyAccess_ts__target_es5__has expected errors matching baseline(TypeScriptCompilerTests_C.kt:2898)
  at java.base/jdk.internal.reflect.DirectMethodHandleAccessor.invoke(DirectMethodHandleAccessor.java:104)
  at java.base/java.lang.reflect.Method.invoke(Method.java:565)
  at org.junit.runners.model.FrameworkMethod$1.runReflectiveCall(FrameworkMethod.java:59)
  at org.junit.internal.runners.model.ReflectiveCallable.run(ReflectiveCallable.java:12)
  at org.junit.runners.model.FrameworkMethod.invokeExplosively(FrameworkMethod.java:56)
  at org.junit.internal.runners.statements.InvokeMethod.evaluate(InvokeMethod.java:17)
  at org.junit.runners.ParentRunner$3.evaluate(ParentRunner.java:306)
  at org.junit.runners.BlockJUnit4ClassRunner$1.evaluate(BlockJUnit4ClassRunner.java:100)
  at org.junit.runners.ParentRunner.runLeaf(ParentRunner.java:366)
  at org.junit.runners.BlockJUnit4ClassRunner.runChild(BlockJUnit4ClassRunner.java:103)
  at org.junit.runners.BlockJUnit4ClassRunner.runChild(BlockJUnit4ClassRunner.java:63)
  at org.junit.runners.ParentRunner$4.run(ParentRunner.java:331)
  at org.junit.runners.ParentRunner$1.schedule(ParentRunner.java:79)
  at org.junit.runners.ParentRunner.runChildren(ParentRunner.java:329)
  at org.junit.runners.ParentRunner.access$100(ParentRunner.java:66)
  at org.junit.runners.ParentRunner$2.evaluate(ParentRunner.java:293)
  at org.junit.runners.ParentRunner$3.evaluate(ParentRunner.java:306)
  at org.junit.runners.ParentRunner.run(ParentRunner.java:413)
  at org.junit.runner.JUnitCore.run(JUnitCore.java:137)
  at org.junit.runner.JUnitCore.run(JUnitCore.java:115)
  at org.gradle.api.internal.tasks.testing.junit.JUnitTestExecutor.runRequest(JUnitTestExecutor.java:175)
  at org.gradle.api.internal.tasks.testing.junit.JUnitTestExecutor.accept(JUnitTestExecutor.java:84)
  at org.gradle.api.internal.tasks.testing.junit.JUnitTestExecutor.accept(JUnitTestExecutor.java:47)
  at org.gradle.api.internal.tasks.testing.junit.AbstractJUnitTestDefinitionProcessor.processTestDefinition(AbstractJUnitTestDefinitionProcessor.java:65)
  at org.gradle.api.internal.tasks.testing.SuiteTestDefinitionProcessor.processTestDefinition(SuiteTestDefinitionProcessor.java:54)
  at java.base/jdk.internal.reflect.DirectMethodHandleAccessor.invoke(DirectMethodHandleAccessor.java:104)
  at java.base/java.lang.reflect.Method.invoke(Method.java:565)
  at org.gradle.internal.dispatch.MethodInvocation.invokeOn(MethodInvocation.java:77)
  at org.gradle.internal.dispatch.ReflectionDispatch.dispatch(ReflectionDispatch.java:28)
  at org.gradle.internal.dispatch.ReflectionDispatch.dispatch(ReflectionDispatch.java:19)
  at org.gradle.internal.dispatch.ContextClassLoaderDispatch.dispatch(ContextClassLoaderDispatch.java:33)
  at org.gradle.internal.dispatch.ProxyDispatchAdapter$DispatchingInvocationHandler.invoke(ProxyDispatchAdapter.java:88)
  at jdk.proxy1/jdk.proxy1.$Proxy4.processTestDefinition(Unknown Source)
  at org.gradle.api.internal.tasks.testing.worker.TestWorker$2.run(TestWorker.java:178)
  at org.gradle.api.internal.tasks.testing.worker.TestWorker.executeAndMaintainThreadName(TestWorker.java:126)
  at org.gradle.api.internal.tasks.testing.worker.TestWorker.execute(TestWorker.java:103)
  at org.gradle.api.internal.tasks.testing.worker.TestWorker.execute(TestWorker.java:63)
  at org.gradle.process.internal.worker.child.ActionExecutionWorker.execute(ActionExecutionWorker.java:56)
  at org.gradle.process.internal.worker.child.SystemApplicationClassLoaderWorker.call(SystemApplicationClassLoaderWorker.java:122)
  at org.gradle.process.internal.worker.child.SystemApplicationClassLoaderWorker.call(SystemApplicationClassLoaderWorker.java:72)
  at worker.org.gradle.process.internal.worker.GradleWorkerMain.run(GradleWorkerMain.java:69)
  at worker.org.gradle.process.internal.worker.GradleWorkerMain.main(GradleWorkerMain.java:74)
</stacktrace>
</test-failure>


TypeScriptCompilerTests_C[jvm] > classStaticPropertyAccess_ts__target_es5__has expected errors matching baseline[jvm] FAILED

<test-failure test="com.xemantic.typescript.compiler.TypeScriptCompilerTests_C.constructorsWithSpecializedSignatures_ts has expected errors matching constructorsWithSpecializedSignatures_errors_txt" platform="jvm">
<message>
Expected diagnostics from baseline typescript-repo/tests/baselines/reference/constructorsWithSpecializedSignatures.errors.txt but none produced
</message>
<stacktrace>
  at com.xemantic.typescript.compiler.TypeScriptTestSupportKt.errorsMatchBaseline(TypeScriptTestSupport.kt:125)
  at com.xemantic.typescript.compiler.TypeScriptCompilerTests_C.constructorsWithSpecializedSignatures_ts has expected errors matching constructorsWithSpecializedSignatures_errors_txt(TypeScriptCompilerTests_C.kt:7063)
  at java.base/jdk.internal.reflect.DirectMethodHandleAccessor.invoke(DirectMethodHandleAccessor.java:104)
  at java.base/java.lang.reflect.Method.invoke(Method.java:565)
  at org.junit.runners.model.FrameworkMethod$1.runReflectiveCall(FrameworkMethod.java:59)
  at org.junit.internal.runners.model.ReflectiveCallable.run(ReflectiveCallable.java:12)
  at org.junit.runners.model.FrameworkMethod.invokeExplosively(FrameworkMethod.java:56)
  at org.junit.internal.runners.statements.InvokeMethod.evaluate(InvokeMethod.java:17)
  at org.junit.runners.ParentRunner$3.evaluate(ParentRunner.java:306)
  at org.junit.runners.BlockJUnit4ClassRunner$1.evaluate(BlockJUnit4ClassRunner.java:100)
  at org.junit.runners.ParentRunner.runLeaf(ParentRunner.java:366)
  at org.junit.runners.BlockJUnit4ClassRunner.runChild(BlockJUnit4ClassRunner.java:103)
  at org.junit.runners.BlockJUnit4ClassRunner.runChild(BlockJUnit4ClassRunner.java:63)
  at org.junit.runners.ParentRunner$4.run(ParentRunner.java:331)
  at org.junit.runners.ParentRunner$1.schedule(ParentRunner.java:79)
  at org.junit.runners.ParentRunner.runChildren(ParentRunner.java:329)
  at org.junit.runners.ParentRunner.access$100(ParentRunner.java:66)
  at org.junit.runners.ParentRunner$2.evaluate(ParentRunner.java:293)
  at org.junit.runners.ParentRunner$3.evaluate(ParentRunner.java:306)
  at org.junit.runners.ParentRunner.run(ParentRunner.java:413)
  at org.junit.runner.JUnitCore.run(JUnitCore.java:137)
  at org.junit.runner.JUnitCore.run(JUnitCore.java:115)
  at org.gradle.api.internal.tasks.testing.junit.JUnitTestExecutor.runRequest(JUnitTestExecutor.java:175)
  at org.gradle.api.internal.tasks.testing.junit.JUnitTestExecutor.accept(JUnitTestExecutor.java:84)
  at org.gradle.api.internal.tasks.testing.junit.JUnitTestExecutor.accept(JUnitTestExecutor.java:47)
  at org.gradle.api.internal.tasks.testing.junit.AbstractJUnitTestDefinitionProcessor.processTestDefinition(AbstractJUnitTestDefinitionProcessor.java:65)
  at org.gradle.api.internal.tasks.testing.SuiteTestDefinitionProcessor.processTestDefinition(SuiteTestDefinitionProcessor.java:54)
  at java.base/jdk.internal.reflect.DirectMethodHandleAccessor.invoke(DirectMethodHandleAccessor.java:104)
  at java.base/java.lang.reflect.Method.invoke(Method.java:565)
  at org.gradle.internal.dispatch.MethodInvocation.invokeOn(MethodInvocation.java:77)
  at org.gradle.internal.dispatch.ReflectionDispatch.dispatch(ReflectionDispatch.java:28)
  at org.gradle.internal.dispatch.ReflectionDispatch.dispatch(ReflectionDispatch.java:19)
  at org.gradle.internal.dispatch.ContextClassLoaderDispatch.dispatch(ContextClassLoaderDispatch.java:33)
  at org.gradle.internal.dispatch.ProxyDispatchAdapter$DispatchingInvocationHandler.invoke(ProxyDispatchAdapter.java:88)
  at jdk.proxy1/jdk.proxy1.$Proxy4.processTestDefinition(Unknown Source)
  at org.gradle.api.internal.tasks.testing.worker.TestWorker$2.run(TestWorker.java:178)
  at org.gradle.api.internal.tasks.testing.worker.TestWorker.executeAndMaintainThreadName(TestWorker.java:126)
  at org.gradle.api.internal.tasks.testing.worker.TestWorker.execute(TestWorker.java:103)
  at org.gradle.api.internal.tasks.testing.worker.TestWorker.execute(TestWorker.java:63)
  at org.gradle.process.internal.worker.child.ActionExecutionWorker.execute(ActionExecutionWorker.java:56)
  at org.gradle.process.internal.worker.child.SystemApplicationClassLoaderWorker.call(SystemApplicationClassLoaderWorker.java:122)
  at org.gradle.process.internal.worker.child.SystemApplicationClassLoaderWorker.call(SystemApplicationClassLoaderWorker.java:72)
  at worker.org.gradle.process.internal.worker.GradleWorkerMain.run(GradleWorkerMain.java:69)
  at worker.org.gradle.process.internal.worker.GradleWorkerMain.main(GradleWorkerMain.java:74)
</stacktrace>
</test-failure>


TypeScriptCompilerTests_C[jvm] > constructorsWithSpecializedSignatures_ts has expected errors matching constructorsWithSpecializedSignatures_errors_txt[jvm] FAILED

<test-failure test="com.xemantic.typescript.compiler.TypeScriptCompilerTests_C.classIndexer4_ts has expected errors matching classIndexer4_errors_txt" platform="jvm">
<message>
Expected diagnostics from baseline typescript-repo/tests/baselines/reference/classIndexer4.errors.txt but none produced
</message>
<stacktrace>
  at com.xemantic.typescript.compiler.TypeScriptTestSupportKt.errorsMatchBaseline(TypeScriptTestSupport.kt:125)
  at com.xemantic.typescript.compiler.TypeScriptCompilerTests_C.classIndexer4_ts has expected errors matching classIndexer4_errors_txt(TypeScriptCompilerTests_C.kt:2534)
  at java.base/jdk.internal.reflect.DirectMethodHandleAccessor.invoke(DirectMethodHandleAccessor.java:104)
  at java.base/java.lang.reflect.Method.invoke(Method.java:565)
  at org.junit.runners.model.FrameworkMethod$1.runReflectiveCall(FrameworkMethod.java:59)
  at org.junit.internal.runners.model.ReflectiveCallable.run(ReflectiveCallable.java:12)
  at org.junit.runners.model.FrameworkMethod.invokeExplosively(FrameworkMethod.java:56)
  at org.junit.internal.runners.statements.InvokeMethod.evaluate(InvokeMethod.java:17)
  at org.junit.runners.ParentRunner$3.evaluate(ParentRunner.java:306)
  at org.junit.runners.BlockJUnit4ClassRunner$1.evaluate(BlockJUnit4ClassRunner.java:100)
  at org.junit.runners.ParentRunner.runLeaf(ParentRunner.java:366)
  at org.junit.runners.BlockJUnit4ClassRunner.runChild(BlockJUnit4ClassRunner.java:103)
  at org.junit.runners.BlockJUnit4ClassRunner.runChild(BlockJUnit4ClassRunner.java:63)
  at org.junit.runners.ParentRunner$4.run(ParentRunner.java:331)
  at org.junit.runners.ParentRunner$1.schedule(ParentRunner.java:79)
  at org.junit.runners.ParentRunner.runChildren(ParentRunner.java:329)
  at org.junit.runners.ParentRunner.access$100(ParentRunner.java:66)
  at org.junit.runners.ParentRunner$2.evaluate(ParentRunner.java:293)
  at org.junit.runners.ParentRunner$3.evaluate(ParentRunner.java:306)
  at org.junit.runners.ParentRunner.run(ParentRunner.java:413)
  at org.junit.runner.JUnitCore.run(JUnitCore.java:137)
  at org.junit.runner.JUnitCore.run(JUnitCore.java:115)
  at org.gradle.api.internal.tasks.testing.junit.JUnitTestExecutor.runRequest(JUnitTestExecutor.java:175)
  at org.gradle.api.internal.tasks.testing.junit.JUnitTestExecutor.accept(JUnitTestExecutor.java:84)
  at org.gradle.api.internal.tasks.testing.junit.JUnitTestExecutor.accept(JUnitTestExecutor.java:47)
  at org.gradle.api.internal.tasks.testing.junit.AbstractJUnitTestDefinitionProcessor.processTestDefinition(AbstractJUnitTestDefinitionProcessor.java:65)
  at org.gradle.api.internal.tasks.testing.SuiteTestDefinitionProcessor.processTestDefinition(SuiteTestDefinitionProcessor.java:54)
  at java.base/jdk.internal.reflect.DirectMethodHandleAccessor.invoke(DirectMethodHandleAccessor.java:104)
  at java.base/java.lang.reflect.Method.invoke(Method.java:565)
  at org.gradle.internal.dispatch.MethodInvocation.invokeOn(MethodInvocation.java:77)
  at org.gradle.internal.dispatch.ReflectionDispatch.dispatch(ReflectionDispatch.java:28)
  at org.gradle.internal.dispatch.ReflectionDispatch.dispatch(ReflectionDispatch.java:19)
  at org.gradle.internal.dispatch.ContextClassLoaderDispatch.dispatch(ContextClassLoaderDispatch.java:33)
  at org.gradle.internal.dispatch.ProxyDispatchAdapter$DispatchingInvocationHandler.invoke(ProxyDispatchAdapter.java:88)
  at jdk.proxy1/jdk.proxy1.$Proxy4.processTestDefinition(Unknown Source)
  at org.gradle.api.internal.tasks.testing.worker.TestWorker$2.run(TestWorker.java:178)
  at org.gradle.api.internal.tasks.testing.worker.TestWorker.executeAndMaintainThreadName(TestWorker.java:126)
  at org.gradle.api.internal.tasks.testing.worker.TestWorker.execute(TestWorker.java:103)
  at org.gradle.api.internal.tasks.testing.worker.TestWorker.execute(TestWorker.java:63)
  at org.gradle.process.internal.worker.child.ActionExecutionWorker.execute(ActionExecutionWorker.java:56)
  at org.gradle.process.internal.worker.child.SystemApplicationClassLoaderWorker.call(SystemApplicationClassLoaderWorker.java:122)
  at org.gradle.process.internal.worker.child.SystemApplicationClassLoaderWorker.call(SystemApplicationClassLoaderWorker.java:72)
  at worker.org.gradle.process.internal.worker.GradleWorkerMain.run(GradleWorkerMain.java:69)
  at worker.org.gradle.process.internal.worker.GradleWorkerMain.main(GradleWorkerMain.java:74)
</stacktrace>
</test-failure>


TypeScriptCompilerTests_C[jvm] > classIndexer4_ts has expected errors matching classIndexer4_errors_txt[jvm] FAILED

<test-failure test="com.xemantic.typescript.compiler.TypeScriptCompilerTests_C.classExpressionExtendingAbstractClass_ts has expected errors matching classExpressionExtendingAbstractClass_errors_txt" platform="jvm">
<message>
Expected diagnostics from baseline typescript-repo/tests/baselines/reference/classExpressionExtendingAbstractClass.errors.txt but none produced
</message>
<stacktrace>
  at com.xemantic.typescript.compiler.TypeScriptTestSupportKt.errorsMatchBaseline(TypeScriptTestSupport.kt:125)
  at com.xemantic.typescript.compiler.TypeScriptCompilerTests_C.classExpressionExtendingAbstractClass_ts has expected errors matching classExpressionExtendingAbstractClass_errors_txt(TypeScriptCompilerTests_C.kt:1932)
  at java.base/jdk.internal.reflect.DirectMethodHandleAccessor.invoke(DirectMethodHandleAccessor.java:104)
  at java.base/java.lang.reflect.Method.invoke(Method.java:565)
  at org.junit.runners.model.FrameworkMethod$1.runReflectiveCall(FrameworkMethod.java:59)
  at org.junit.internal.runners.model.ReflectiveCallable.run(ReflectiveCallable.java:12)
  at org.junit.runners.model.FrameworkMethod.invokeExplosively(FrameworkMethod.java:56)
  at org.junit.internal.runners.statements.InvokeMethod.evaluate(InvokeMethod.java:17)
  at org.junit.runners.ParentRunner$3.evaluate(ParentRunner.java:306)
  at org.junit.runners.BlockJUnit4ClassRunner$1.evaluate(BlockJUnit4ClassRunner.java:100)
  at org.junit.runners.ParentRunner.runLeaf(ParentRunner.java:366)
  at org.junit.runners.BlockJUnit4ClassRunner.runChild(BlockJUnit4ClassRunner.java:103)
  at org.junit.runners.BlockJUnit4ClassRunner.runChild(BlockJUnit4ClassRunner.java:63)
  at org.junit.runners.ParentRunner$4.run(ParentRunner.java:331)
  at org.junit.runners.ParentRunner$1.schedule(ParentRunner.java:79)
  at org.junit.runners.ParentRunner.runChildren(ParentRunner.java:329)
  at org.junit.runners.ParentRunner.access$100(ParentRunner.java:66)
  at org.junit.runners.ParentRunner$2.evaluate(ParentRunner.java:293)
  at org.junit.runners.ParentRunner$3.evaluate(ParentRunner.java:306)
  at org.junit.runners.ParentRunner.run(ParentRunner.java:413)
  at org.junit.runner.JUnitCore.run(JUnitCore.java:137)
  at org.junit.runner.JUnitCore.run(JUnitCore.java:115)
  at org.gradle.api.internal.tasks.testing.junit.JUnitTestExecutor.runRequest(JUnitTestExecutor.java:175)
  at org.gradle.api.internal.tasks.testing.junit.JUnitTestExecutor.accept(JUnitTestExecutor.java:84)
  at org.gradle.api.internal.tasks.testing.junit.JUnitTestExecutor.accept(JUnitTestExecutor.java:47)
  at org.gradle.api.internal.tasks.testing.junit.AbstractJUnitTestDefinitionProcessor.processTestDefinition(AbstractJUnitTestDefinitionProcessor.java:65)
  at org.gradle.api.internal.tasks.testing.SuiteTestDefinitionProcessor.processTestDefinition(SuiteTestDefinitionProcessor.java:54)
  at java.base/jdk.internal.reflect.DirectMethodHandleAccessor.invoke(DirectMethodHandleAccessor.java:104)
  at java.base/java.lang.reflect.Method.invoke(Method.java:565)
  at org.gradle.internal.dispatch.MethodInvocation.invokeOn(MethodInvocation.java:77)
  at org.gradle.internal.dispatch.ReflectionDispatch.dispatch(ReflectionDispatch.java:28)
  at org.gradle.internal.dispatch.ReflectionDispatch.dispatch(ReflectionDispatch.java:19)
  at org.gradle.internal.dispatch.ContextClassLoaderDispatch.dispatch(ContextClassLoaderDispatch.java:33)
  at org.gradle.internal.dispatch.ProxyDispatchAdapter$DispatchingInvocationHandler.invoke(ProxyDispatchAdapter.java:88)
  at jdk.proxy1/jdk.proxy1.$Proxy4.processTestDefinition(Unknown Source)
  at org.gradle.api.internal.tasks.testing.worker.TestWorker$2.run(TestWorker.java:178)
  at org.gradle.api.internal.tasks.testing.worker.TestWorker.executeAndMaintainThreadName(TestWorker.java:126)
  at org.gradle.api.internal.tasks.testing.worker.TestWorker.execute(TestWorker.java:103)
  at org.gradle.api.internal.tasks.testing.worker.TestWorker.execute(TestWorker.java:63)
  at org.gradle.process.internal.worker.child.ActionExecutionWorker.execute(ActionExecutionWorker.java:56)
  at org.gradle.process.internal.worker.child.SystemApplicationClassLoaderWorker.call(SystemApplicationClassLoaderWorker.java:122)
  at org.gradle.process.internal.worker.child.SystemApplicationClassLoaderWorker.call(SystemApplicationClassLoaderWorker.java:72)
  at worker.org.gradle.process.internal.worker.GradleWorkerMain.run(GradleWorkerMain.java:69)
  at worker.org.gradle.process.internal.worker.GradleWorkerMain.main(GradleWorkerMain.java:74)
</stacktrace>
</test-failure>


TypeScriptCompilerTests_C[jvm] > classExpressionExtendingAbstractClass_ts has expected errors matching classExpressionExtendingAbstractClass_errors_txt[jvm] FAILED

<test-failure test="com.xemantic.typescript.compiler.TypeScriptCompilerTests_C.computedPropertiesNarrowed_ts has expected errors matching computedPropertiesNarrowed_errors_txt" platform="jvm">
<message>
--- expected
+++ actual
@@ -1,33 +1,18 @@
-computedPropertiesNarrowed.ts(5,5): error TS9038: Computed property names on class or object literals cannot be inferred with --isolatedDeclarations.
-computedPropertiesNarrowed.ts(11,5): error TS9038: Computed property names on class or object literals cannot be inferred with --isolatedDeclarations.
-computedPropertiesNarrowed.ts(18,20): error TS9038: Computed property names on class or object literals cannot be inferred with --isolatedDeclarations.
-computedPropertiesNarrowed.ts(20,5): error TS9010: Variable must have an explicit type annotation with --isolatedDeclarations.
-computedPropertiesNarrowed.ts(22,5): error TS9038: Computed property names on class or object literals cannot be inferred with --isolatedDeclarations.
-computedPropertiesNarrowed.ts(26,5): error TS9038: Computed property names on class or object literals cannot be inferred with --isolatedDeclarations.
-computedPropertiesNarrowed.ts(31,5): error TS9038: Computed property names on class or object literals cannot be inferred with --isolatedDeclarations.
-computedPropertiesNarrowed.ts(37,5): error TS9038: Computed property names on class or object literals cannot be inferred with --isolatedDeclarations.
-computedPropertiesNarrowed.ts(42,5): error TS9038: Computed property names on class or object literals cannot be inferred with --isolatedDeclarations.
-computedPropertiesNarrowed.ts(47,5): error TS9038: Computed property names on class or object literals cannot be inferred with --isolatedDeclarations.
+computedPropertiesNarrowed.ts(41,8): error TS1030: 'const' modifier already seen.
 
 
-==== computedPropertiesNarrowed.ts (10 errors) ====
+==== computedPropertiesNarrowed.ts (1 errors) ====
     const x: 0 | 1 = Math.random()? 0: 1;
     declare function assert(n: number): asserts n is 1;
     assert(x);
     export let o = {
         [x]: 1 // error narrow type !== declared type
-        ~~~
-!!! error TS9038: Computed property names on class or object literals cannot be inferred with --isolatedDeclarations.
-!!! related TS9027 computedPropertiesNarrowed.ts:4:12: Add a type annotation to the variable o.
     }
     
     
     const y: 0 = 0
     export let o2 = {
         [y]: 1 // ok literal computed type 
-        ~~~
-!!! error TS9038: Computed property names on class or object literals cannot be inferred with --isolatedDeclarations.
-!!! related TS9027 computedPropertiesNarrowed.ts:10:12: Add a type annotation to the variable o2.
     }
     
     // literals are ok
@@ -35,57 +20,35 @@
     export let o31 = { [-1]: 1 }
     
     export let o32 = { [1-1]: 1 } // error number 
-                       ~~~~~
-!!! error TS9038: Computed property names on class or object literals cannot be inferred with --isolatedDeclarations.
-!!! related TS9027 computedPropertiesNarrowed.ts:18:12: Add a type annotation to the variable o32.
     
     let u = Symbol();
-        ~
-!!! error TS9010: Variable must have an explicit type annotation with --isolatedDeclarations.
-!!! related TS9027 computedPropertiesNarrowed.ts:20:5: Add a type annotation to the variable u.
     export let o4 = {
         [u]: 1 // Should error, nut a unique symbol
-        ~~~
-!!! error TS9038: Computed property names on class or object literals cannot be inferred with --isolatedDeclarations.
-!!! related TS9027 computedPropertiesNarrowed.ts:21:12: Add a type annotation to the variable o4.
     }
     
     export let o5  ={
         [Symbol()]: 1 // Should error
-        ~~~~~~~~~~
-!!! error TS9038: Computed property names on class or object literals cannot be inferred with --isolatedDeclarations.
-!!! related TS9027 computedPropertiesNarrowed.ts:25:12: Add a type annotation to the variable o5.
     }
     
     const uu: unique symbol = Symbol();
     export let o6  = {
         [uu]: 1 // Should be ok
-        ~~~~
-!!! error TS9038: Computed property names on class or object literals cannot be inferred with --isolatedDeclarations.
-!!! related TS9027 computedPropertiesNarrowed.ts:30:12: Add a type annotation to the variable o6.
     }
     
     
     function foo (): 1 { return 1; }
     export let o7 = {
         [foo()]: 1 // Should error
-        ~~~~~~~
-!!! error TS9038: Computed property names on class or object literals cannot be inferred with --isolatedDeclarations.
-!!! related TS9027 computedPropertiesNarrowed.ts:36:12: Add a type annotation to the variable o7.
     };
     
     let E = { A: 1 } as const
     export const o8 = {
+           ~~~~~
+!!! error TS1030: 'const' modifier already seen.
         [E.A]: 1 // Fresh 
-        ~~~~~
-!!! error TS9038: Computed property names on class or object literals cannot be inferred with --isolatedDeclarations.
-!!! related TS9027 computedPropertiesNarrowed.ts:41:14: Add a type annotation to the variable o8.
     }
     
     function ns() { return { v: 0 } as const }
     export const o9 = {
         [ns().v]: 1
-        ~~~~~~~~
-!!! error TS9038: Computed property names on class or object literals cannot be inferred with --isolatedDeclarations.
-!!! related TS9027 computedPropertiesNarrowed.ts:46:14: Add a type annotation to the variable o9.
     }

</message>
<stacktrace>
  at org.junit.Assert.fail(Assert.java:89)
  at kotlin.test.junit.JUnitAsserter.fail(JUnitSupport.kt:56)
  at kotlin.test.AssertionsKt__AssertionsKt.fail(Assertions.kt:563)
  at kotlin.test.AssertionsKt.fail(Unknown Source)
  at com.xemantic.kotlin.test.SameAsKt.sameAs(SameAs.kt:52)
  at com.xemantic.typescript.compiler.TypeScriptTestSupportKt.errorsMatchBaseline(TypeScriptTestSupport.kt:135)
  at com.xemantic.typescript.compiler.TypeScriptCompilerTests_C.computedPropertiesNarrowed_ts has expected errors matching computedPropertiesNarrowed_errors_txt(TypeScriptCompilerTests_C.kt:5397)
  at java.base/jdk.internal.reflect.DirectMethodHandleAccessor.invoke(DirectMethodHandleAccessor.java:104)
  at java.base/java.lang.reflect.Method.invoke(Method.java:565)
  at org.junit.runners.model.FrameworkMethod$1.runReflectiveCall(FrameworkMethod.java:59)
  at org.junit.internal.runners.model.ReflectiveCallable.run(ReflectiveCallable.java:12)
  at org.junit.runners.model.FrameworkMethod.invokeExplosively(FrameworkMethod.java:56)
  at org.junit.internal.runners.statements.InvokeMethod.evaluate(InvokeMethod.java:17)
  at org.junit.runners.ParentRunner$3.evaluate(ParentRunner.java:306)
  at org.junit.runners.BlockJUnit4ClassRunner$1.evaluate(BlockJUnit4ClassRunner.java:100)
  at org.junit.runners.ParentRunner.runLeaf(ParentRunner.java:366)
  at org.junit.runners.BlockJUnit4ClassRunner.runChild(BlockJUnit4ClassRunner.java:103)
  at org.junit.runners.BlockJUnit4ClassRunner.runChild(BlockJUnit4ClassRunner.java:63)
  at org.junit.runners.ParentRunner$4.run(ParentRunner.java:331)
  at org.junit.runners.ParentRunner$1.schedule(ParentRunner.java:79)
  at org.junit.runners.ParentRunner.runChildren(ParentRunner.java:329)
  at org.junit.runners.ParentRunner.access$100(ParentRunner.java:66)
  at org.junit.runners.ParentRunner$2.evaluate(ParentRunner.java:293)
  at org.junit.runners.ParentRunner$3.evaluate(ParentRunner.java:306)
  at org.junit.runners.ParentRunner.run(ParentRunner.java:413)
  at org.junit.runner.JUnitCore.run(JUnitCore.java:137)
  at org.junit.runner.JUnitCore.run(JUnitCore.java:115)
  at org.gradle.api.internal.tasks.testing.junit.JUnitTestExecutor.runRequest(JUnitTestExecutor.java:175)
  at org.gradle.api.internal.tasks.testing.junit.JUnitTestExecutor.accept(JUnitTestExecutor.java:84)
  at org.gradle.api.internal.tasks.testing.junit.JUnitTestExecutor.accept(JUnitTestExecutor.java:47)
  at org.gradle.api.internal.tasks.testing.junit.AbstractJUnitTestDefinitionProcessor.processTestDefinition(AbstractJUnitTestDefinitionProcessor.java:65)
  at org.gradle.api.internal.tasks.testing.SuiteTestDefinitionProcessor.processTestDefinition(SuiteTestDefinitionProcessor.java:54)
  at java.base/jdk.internal.reflect.DirectMethodHandleAccessor.invoke(DirectMethodHandleAccessor.java:104)
  at java.base/java.lang.reflect.Method.invoke(Method.java:565)
  at org.gradle.internal.dispatch.MethodInvocation.invokeOn(MethodInvocation.java:77)
  at org.gradle.internal.dispatch.ReflectionDispatch.dispatch(ReflectionDispatch.java:28)
  at org.gradle.internal.dispatch.ReflectionDispatch.dispatch(ReflectionDispatch.java:19)
  at org.gradle.internal.dispatch.ContextClassLoaderDispatch.dispatch(ContextClassLoaderDispatch.java:33)
  at org.gradle.internal.dispatch.ProxyDispatchAdapter$DispatchingInvocationHandler.invoke(ProxyDispatchAdapter.java:88)
  at jdk.proxy1/jdk.proxy1.$Proxy4.processTestDefinition(Unknown Source)
  at org.gradle.api.internal.tasks.testing.worker.TestWorker$2.run(TestWorker.java:178)
  at org.gradle.api.internal.tasks.testing.worker.TestWorker.executeAndMaintainThreadName(TestWorker.java:126)
  at org.gradle.api.internal.tasks.testing.worker.TestWorker.execute(TestWorker.java:103)
  at org.gradle.api.internal.tasks.testing.worker.TestWorker.execute(TestWorker.java:63)
  at org.gradle.process.internal.worker.child.ActionExecutionWorker.execute(ActionExecutionWorker.java:56)
  at org.gradle.process.internal.worker.child.SystemApplicationClassLoaderWorker.call(SystemApplicationClassLoaderWorker.java:122)
  at org.gradle.process.internal.worker.child.SystemApplicationClassLoaderWorker.call(SystemApplicationClassLoaderWorker.java:72)
  at worker.org.gradle.process.internal.worker.GradleWorkerMain.run(GradleWorkerMain.java:69)
  at worker.org.gradle.process.internal.worker.GradleWorkerMain.main(GradleWorkerMain.java:74)
</stacktrace>
</test-failure>


TypeScriptCompilerTests_C[jvm] > computedPropertiesNarrowed_ts has expected errors matching computedPropertiesNarrowed_errors_txt[jvm] FAILED

<test-failure test="com.xemantic.typescript.compiler.TypeScriptCompilerTests_C.checkJsFiles6_ts has expected errors matching checkJsFiles6_errors_txt" platform="jvm">
<message>
Expected diagnostics from baseline typescript-repo/tests/baselines/reference/checkJsFiles6.errors.txt but none produced
</message>
<stacktrace>
  at com.xemantic.typescript.compiler.TypeScriptTestSupportKt.errorsMatchBaseline(TypeScriptTestSupport.kt:125)
  at com.xemantic.typescript.compiler.TypeScriptCompilerTests_C.checkJsFiles6_ts has expected errors matching checkJsFiles6_errors_txt(TypeScriptCompilerTests_C.kt:1232)
  at java.base/jdk.internal.reflect.DirectMethodHandleAccessor.invoke(DirectMethodHandleAccessor.java:104)
  at java.base/java.lang.reflect.Method.invoke(Method.java:565)
  at org.junit.runners.model.FrameworkMethod$1.runReflectiveCall(FrameworkMethod.java:59)
  at org.junit.internal.runners.model.ReflectiveCallable.run(ReflectiveCallable.java:12)
  at org.junit.runners.model.FrameworkMethod.invokeExplosively(FrameworkMethod.java:56)
  at org.junit.internal.runners.statements.InvokeMethod.evaluate(InvokeMethod.java:17)
  at org.junit.runners.ParentRunner$3.evaluate(ParentRunner.java:306)
  at org.junit.runners.BlockJUnit4ClassRunner$1.evaluate(BlockJUnit4ClassRunner.java:100)
  at org.junit.runners.ParentRunner.runLeaf(ParentRunner.java:366)
  at org.junit.runners.BlockJUnit4ClassRunner.runChild(BlockJUnit4ClassRunner.java:103)
  at org.junit.runners.BlockJUnit4ClassRunner.runChild(BlockJUnit4ClassRunner.java:63)
  at org.junit.runners.ParentRunner$4.run(ParentRunner.java:331)
  at org.junit.runners.ParentRunner$1.schedule(ParentRunner.java:79)
  at org.junit.runners.ParentRunner.runChildren(ParentRunner.java:329)
  at org.junit.runners.ParentRunner.access$100(ParentRunner.java:66)
  at org.junit.runners.ParentRunner$2.evaluate(ParentRunner.java:293)
  at org.junit.runners.ParentRunner$3.evaluate(ParentRunner.java:306)
  at org.junit.runners.ParentRunner.run(ParentRunner.java:413)
  at org.junit.runner.JUnitCore.run(JUnitCore.java:137)
  at org.junit.runner.JUnitCore.run(JUnitCore.java:115)
  at org.gradle.api.internal.tasks.testing.junit.JUnitTestExecutor.runRequest(JUnitTestExecutor.java:175)
  at org.gradle.api.internal.tasks.testing.junit.JUnitTestExecutor.accept(JUnitTestExecutor.java:84)
  at org.gradle.api.internal.tasks.testing.junit.JUnitTestExecutor.accept(JUnitTestExecutor.java:47)
  at org.gradle.api.internal.tasks.testing.junit.AbstractJUnitTestDefinitionProcessor.processTestDefinition(AbstractJUnitTestDefinitionProcessor.java:65)
  at org.gradle.api.internal.tasks.testing.SuiteTestDefinitionProcessor.processTestDefinition(SuiteTestDefinitionProcessor.java:54)
  at java.base/jdk.internal.reflect.DirectMethodHandleAccessor.invoke(DirectMethodHandleAccessor.java:104)
  at java.base/java.lang.reflect.Method.invoke(Method.java:565)
  at org.gradle.internal.dispatch.MethodInvocation.invokeOn(MethodInvocation.java:77)
  at org.gradle.internal.dispatch.ReflectionDispatch.dispatch(ReflectionDispatch.java:28)
  at org.gradle.internal.dispatch.ReflectionDispatch.dispatch(ReflectionDispatch.java:19)
  at org.gradle.internal.dispatch.ContextClassLoaderDispatch.dispatch(ContextClassLoaderDispatch.java:33)
  at org.gradle.internal.dispatch.ProxyDispatchAdapter$DispatchingInvocationHandler.invoke(ProxyDispatchAdapter.java:88)
  at jdk.proxy1/jdk.proxy1.$Proxy4.processTestDefinition(Unknown Source)
  at org.gradle.api.internal.tasks.testing.worker.TestWorker$2.run(TestWorker.java:178)
  at org.gradle.api.internal.tasks.testing.worker.TestWorker.executeAndMaintainThreadName(TestWorker.java:126)
  at org.gradle.api.internal.tasks.testing.worker.TestWorker.execute(TestWorker.java:103)
  at org.gradle.api.internal.tasks.testing.worker.TestWorker.execute(TestWorker.java:63)
  at org.gradle.process.internal.worker.child.ActionExecutionWorker.execute(ActionExecutionWorker.java:56)
  at org.gradle.process.internal.worker.child.SystemApplicationClassLoaderWorker.call(SystemApplicationClassLoaderWorker.java:122)
  at org.gradle.process.internal.worker.child.SystemApplicationClassLoaderWorker.call(SystemApplicationClassLoaderWorker.java:72)
  at worker.org.gradle.process.internal.worker.GradleWorkerMain.run(GradleWorkerMain.java:69)
  at worker.org.gradle.process.internal.worker.GradleWorkerMain.main(GradleWorkerMain.java:74)
</stacktrace>
</test-failure>


TypeScriptCompilerTests_C[jvm] > checkJsFiles6_ts has expected errors matching checkJsFiles6_errors_txt[jvm] FAILED

<test-failure test="com.xemantic.typescript.compiler.TypeScriptCompilerTests_C.conditionalReturnExpression_ts has expected errors matching conditionalReturnExpression_errors_txt" platform="jvm">
<message>
Expected diagnostics from baseline typescript-repo/tests/baselines/reference/conditionalReturnExpression.errors.txt but none produced
</message>
<stacktrace>
  at com.xemantic.typescript.compiler.TypeScriptTestSupportKt.errorsMatchBaseline(TypeScriptTestSupport.kt:125)
  at com.xemantic.typescript.compiler.TypeScriptCompilerTests_C.conditionalReturnExpression_ts has expected errors matching conditionalReturnExpression_errors_txt(TypeScriptCompilerTests_C.kt:5712)
  at java.base/jdk.internal.reflect.DirectMethodHandleAccessor.invoke(DirectMethodHandleAccessor.java:104)
  at java.base/java.lang.reflect.Method.invoke(Method.java:565)
  at org.junit.runners.model.FrameworkMethod$1.runReflectiveCall(FrameworkMethod.java:59)
  at org.junit.internal.runners.model.ReflectiveCallable.run(ReflectiveCallable.java:12)
  at org.junit.runners.model.FrameworkMethod.invokeExplosively(FrameworkMethod.java:56)
  at org.junit.internal.runners.statements.InvokeMethod.evaluate(InvokeMethod.java:17)
  at org.junit.runners.ParentRunner$3.evaluate(ParentRunner.java:306)
  at org.junit.runners.BlockJUnit4ClassRunner$1.evaluate(BlockJUnit4ClassRunner.java:100)
  at org.junit.runners.ParentRunner.runLeaf(ParentRunner.java:366)
  at org.junit.runners.BlockJUnit4ClassRunner.runChild(BlockJUnit4ClassRunner.java:103)
  at org.junit.runners.BlockJUnit4ClassRunner.runChild(BlockJUnit4ClassRunner.java:63)
  at org.junit.runners.ParentRunner$4.run(ParentRunner.java:331)
  at org.junit.runners.ParentRunner$1.schedule(ParentRunner.java:79)
  at org.junit.runners.ParentRunner.runChildren(ParentRunner.java:329)
  at org.junit.runners.ParentRunner.access$100(ParentRunner.java:66)
  at org.junit.runners.ParentRunner$2.evaluate(ParentRunner.java:293)
  at org.junit.runners.ParentRunner$3.evaluate(ParentRunner.java:306)
  at org.junit.runners.ParentRunner.run(ParentRunner.java:413)
  at org.junit.runner.JUnitCore.run(JUnitCore.java:137)
  at org.junit.runner.JUnitCore.run(JUnitCore.java:115)
  at org.gradle.api.internal.tasks.testing.junit.JUnitTestExecutor.runRequest(JUnitTestExecutor.java:175)
  at org.gradle.api.internal.tasks.testing.junit.JUnitTestExecutor.accept(JUnitTestExecutor.java:84)
  at org.gradle.api.internal.tasks.testing.junit.JUnitTestExecutor.accept(JUnitTestExecutor.java:47)
  at org.gradle.api.internal.tasks.testing.junit.AbstractJUnitTestDefinitionProcessor.processTestDefinition(AbstractJUnitTestDefinitionProcessor.java:65)
  at org.gradle.api.internal.tasks.testing.SuiteTestDefinitionProcessor.processTestDefinition(SuiteTestDefinitionProcessor.java:54)
  at java.base/jdk.internal.reflect.DirectMethodHandleAccessor.invoke(DirectMethodHandleAccessor.java:104)
  at java.base/java.lang.reflect.Method.invoke(Method.java:565)
  at org.gradle.internal.dispatch.MethodInvocation.invokeOn(MethodInvocation.java:77)
  at org.gradle.internal.dispatch.ReflectionDispatch.dispatch(ReflectionDispatch.java:28)
  at org.gradle.internal.dispatch.ReflectionDispatch.dispatch(ReflectionDispatch.java:19)
  at org.gradle.internal.dispatch.ContextClassLoaderDispatch.dispatch(ContextClassLoaderDispatch.java:33)
  at org.gradle.internal.dispatch.ProxyDispatchAdapter$DispatchingInvocationHandler.invoke(ProxyDispatchAdapter.java:88)
  at jdk.proxy1/jdk.proxy1.$Proxy4.processTestDefinition(Unknown Source)
  at org.gradle.api.internal.tasks.testing.worker.TestWorker$2.run(TestWorker.java:178)
  at org.gradle.api.internal.tasks.testing.worker.TestWorker.executeAndMaintainThreadName(TestWorker.java:126)
  at org.gradle.api.internal.tasks.testing.worker.TestWorker.execute(TestWorker.java:103)
  at org.gradle.api.internal.tasks.testing.worker.TestWorker.execute(TestWorker.java:63)
  at org.gradle.process.internal.worker.child.ActionExecutionWorker.execute(ActionExecutionWorker.java:56)
  at org.gradle.process.internal.worker.child.SystemApplicationClassLoaderWorker.call(SystemApplicationClassLoaderWorker.java:122)
  at org.gradle.process.internal.worker.child.SystemApplicationClassLoaderWorker.call(SystemApplicationClassLoaderWorker.java:72)
  at worker.org.gradle.process.internal.worker.GradleWorkerMain.run(GradleWorkerMain.java:69)
  at worker.org.gradle.process.internal.worker.GradleWorkerMain.main(GradleWorkerMain.java:74)
</stacktrace>
</test-failure>


TypeScriptCompilerTests_C[jvm] > conditionalReturnExpression_ts has expected errors matching conditionalReturnExpression_errors_txt[jvm] FAILED

<test-failure test="com.xemantic.typescript.compiler.TypeScriptCompilerTests_C.contextualTyping39_ts has expected errors matching contextualTyping39_errors_txt" platform="jvm">
<message>
Expected diagnostics from baseline typescript-repo/tests/baselines/reference/contextualTyping39.errors.txt but none produced
</message>
<stacktrace>
  at com.xemantic.typescript.compiler.TypeScriptTestSupportKt.errorsMatchBaseline(TypeScriptTestSupport.kt:125)
  at com.xemantic.typescript.compiler.TypeScriptCompilerTests_C.contextualTyping39_ts has expected errors matching contextualTyping39_errors_txt(TypeScriptCompilerTests_C.kt:7700)
  at java.base/jdk.internal.reflect.DirectMethodHandleAccessor.invoke(DirectMethodHandleAccessor.java:104)
  at java.base/java.lang.reflect.Method.invoke(Method.java:565)
  at org.junit.runners.model.FrameworkMethod$1.runReflectiveCall(FrameworkMethod.java:59)
  at org.junit.internal.runners.model.ReflectiveCallable.run(ReflectiveCallable.java:12)
  at org.junit.runners.model.FrameworkMethod.invokeExplosively(FrameworkMethod.java:56)
  at org.junit.internal.runners.statements.InvokeMethod.evaluate(InvokeMethod.java:17)
  at org.junit.runners.ParentRunner$3.evaluate(ParentRunner.java:306)
  at org.junit.runners.BlockJUnit4ClassRunner$1.evaluate(BlockJUnit4ClassRunner.java:100)
  at org.junit.runners.ParentRunner.runLeaf(ParentRunner.java:366)
  at org.junit.runners.BlockJUnit4ClassRunner.runChild(BlockJUnit4ClassRunner.java:103)
  at org.junit.runners.BlockJUnit4ClassRunner.runChild(BlockJUnit4ClassRunner.java:63)
  at org.junit.runners.ParentRunner$4.run(ParentRunner.java:331)
  at org.junit.runners.ParentRunner$1.schedule(ParentRunner.java:79)
  at org.junit.runners.ParentRunner.runChildren(ParentRunner.java:329)
  at org.junit.runners.ParentRunner.access$100(ParentRunner.java:66)
  at org.junit.runners.ParentRunner$2.evaluate(ParentRunner.java:293)
  at org.junit.runners.ParentRunner$3.evaluate(ParentRunner.java:306)
  at org.junit.runners.ParentRunner.run(ParentRunner.java:413)
  at org.junit.runner.JUnitCore.run(JUnitCore.java:137)
  at org.junit.runner.JUnitCore.run(JUnitCore.java:115)
  at org.gradle.api.internal.tasks.testing.junit.JUnitTestExecutor.runRequest(JUnitTestExecutor.java:175)
  at org.gradle.api.internal.tasks.testing.junit.JUnitTestExecutor.accept(JUnitTestExecutor.java:84)
  at org.gradle.api.internal.tasks.testing.junit.JUnitTestExecutor.accept(JUnitTestExecutor.java:47)
  at org.gradle.api.internal.tasks.testing.junit.AbstractJUnitTestDefinitionProcessor.processTestDefinition(AbstractJUnitTestDefinitionProcessor.java:65)
  at org.gradle.api.internal.tasks.testing.SuiteTestDefinitionProcessor.processTestDefinition(SuiteTestDefinitionProcessor.java:54)
  at java.base/jdk.internal.reflect.DirectMethodHandleAccessor.invoke(DirectMethodHandleAccessor.java:104)
  at java.base/java.lang.reflect.Method.invoke(Method.java:565)
  at org.gradle.internal.dispatch.MethodInvocation.invokeOn(MethodInvocation.java:77)
  at org.gradle.internal.dispatch.ReflectionDispatch.dispatch(ReflectionDispatch.java:28)
  at org.gradle.internal.dispatch.ReflectionDispatch.dispatch(ReflectionDispatch.java:19)
  at org.gradle.internal.dispatch.ContextClassLoaderDispatch.dispatch(ContextClassLoaderDispatch.java:33)
  at org.gradle.internal.dispatch.ProxyDispatchAdapter$DispatchingInvocationHandler.invoke(ProxyDispatchAdapter.java:88)
  at jdk.proxy1/jdk.proxy1.$Proxy4.processTestDefinition(Unknown Source)
  at org.gradle.api.internal.tasks.testing.worker.TestWorker$2.run(TestWorker.java:178)
  at org.gradle.api.internal.tasks.testing.worker.TestWorker.executeAndMaintainThreadName(TestWorker.java:126)
  at org.gradle.api.internal.tasks.testing.worker.TestWorker.execute(TestWorker.java:103)
  at org.gradle.api.internal.tasks.testing.worker.TestWorker.execute(TestWorker.java:63)
  at org.gradle.process.internal.worker.child.ActionExecutionWorker.execute(ActionExecutionWorker.java:56)
  at org.gradle.process.internal.worker.child.SystemApplicationClassLoaderWorker.call(SystemApplicationClassLoaderWorker.java:122)
  at org.gradle.process.internal.worker.child.SystemApplicationClassLoaderWorker.call(SystemApplicationClassLoaderWorker.java:72)
  at worker.org.gradle.process.internal.worker.GradleWorkerMain.run(GradleWorkerMain.java:69)
  at worker.org.gradle.process.internal.worker.GradleWorkerMain.main(GradleWorkerMain.java:74)
</stacktrace>
</test-failure>


TypeScriptCompilerTests_C[jvm] > contextualTyping39_ts has expected errors matching contextualTyping39_errors_txt[jvm] FAILED

<test-failure test="com.xemantic.typescript.compiler.TypeScriptCompilerTests_C.clodulesDerivedClasses_ts has expected errors matching clodulesDerivedClasses_errors_txt" platform="jvm">
<message>
--- expected
+++ actual
@@ -1,13 +1,10 @@
 clodulesDerivedClasses.ts(2,5): error TS2564: Property 'id' has no initializer and is not definitely assigned in the constructor.
 clodulesDerivedClasses.ts(6,40): error TS2322: Type 'null' is not assignable to type 'Shape'.
-clodulesDerivedClasses.ts(9,7): error TS2417: Class static side 'typeof Path' incorrectly extends base class static side 'typeof Shape'.
-  Types of property 'Utils' are incompatible.
-    Property 'convert' is missing in type 'typeof Path.Utils' but required in type 'typeof Shape.Utils'.
 clodulesDerivedClasses.ts(10,5): error TS2564: Property 'name' has no initializer and is not definitely assigned in the constructor.
 clodulesDerivedClasses.ts(16,9): error TS2322: Type 'null' is not assignable to type 'Path'.
 
 
-==== clodulesDerivedClasses.ts (5 errors) ====
+==== clodulesDerivedClasses.ts (4 errors) ====
     class Shape {
         id: number;
         ~~
@@ -21,11 +18,6 @@
     }
     
     class Path extends Shape {
-          ~~~~
-!!! error TS2417: Class static side 'typeof Path' incorrectly extends base class static side 'typeof Shape'.
-!!! error TS2417:   Types of property 'Utils' are incompatible.
-!!! error TS2417:     Property 'convert' is missing in type 'typeof Path.Utils' but required in type 'typeof Shape.Utils'.
-!!! related TS2728 clodulesDerivedClasses.ts:6:21: 'convert' is declared here.
         name: string;
         ~~~~
 !!! error TS2564: Property 'name' has no initializer and is not definitely assigned in the constructor.

</message>
<stacktrace>
  at org.junit.Assert.fail(Assert.java:89)
  at kotlin.test.junit.JUnitAsserter.fail(JUnitSupport.kt:56)
  at kotlin.test.AssertionsKt__AssertionsKt.fail(Assertions.kt:563)
  at kotlin.test.AssertionsKt.fail(Unknown Source)
  at com.xemantic.kotlin.test.SameAsKt.sameAs(SameAs.kt:52)
  at com.xemantic.typescript.compiler.TypeScriptTestSupportKt.errorsMatchBaseline(TypeScriptTestSupport.kt:135)
  at com.xemantic.typescript.compiler.TypeScriptCompilerTests_C.clodulesDerivedClasses_ts has expected errors matching clodulesDerivedClasses_errors_txt(TypeScriptCompilerTests_C.kt:3234)
  at java.base/jdk.internal.reflect.DirectMethodHandleAccessor.invoke(DirectMethodHandleAccessor.java:104)
  at java.base/java.lang.reflect.Method.invoke(Method.java:565)
  at org.junit.runners.model.FrameworkMethod$1.runReflectiveCall(FrameworkMethod.java:59)
  at org.junit.internal.runners.model.ReflectiveCallable.run(ReflectiveCallable.java:12)
  at org.junit.runners.model.FrameworkMethod.invokeExplosively(FrameworkMethod.java:56)
  at org.junit.internal.runners.statements.InvokeMethod.evaluate(InvokeMethod.java:17)
  at org.junit.runners.ParentRunner$3.evaluate(ParentRunner.java:306)
  at org.junit.runners.BlockJUnit4ClassRunner$1.evaluate(BlockJUnit4ClassRunner.java:100)
  at org.junit.runners.ParentRunner.runLeaf(ParentRunner.java:366)
  at org.junit.runners.BlockJUnit4ClassRunner.runChild(BlockJUnit4ClassRunner.java:103)
  at org.junit.runners.BlockJUnit4ClassRunner.runChild(BlockJUnit4ClassRunner.java:63)
  at org.junit.runners.ParentRunner$4.run(ParentRunner.java:331)
  at org.junit.runners.ParentRunner$1.schedule(ParentRunner.java:79)
  at org.junit.runners.ParentRunner.runChildren(ParentRunner.java:329)
  at org.junit.runners.ParentRunner.access$100(ParentRunner.java:66)
  at org.junit.runners.ParentRunner$2.evaluate(ParentRunner.java:293)
  at org.junit.runners.ParentRunner$3.evaluate(ParentRunner.java:306)
  at org.junit.runners.ParentRunner.run(ParentRunner.java:413)
  at org.junit.runner.JUnitCore.run(JUnitCore.java:137)
  at org.junit.runner.JUnitCore.run(JUnitCore.java:115)
  at org.gradle.api.internal.tasks.testing.junit.JUnitTestExecutor.runRequest(JUnitTestExecutor.java:175)
  at org.gradle.api.internal.tasks.testing.junit.JUnitTestExecutor.accept(JUnitTestExecutor.java:84)
  at org.gradle.api.internal.tasks.testing.junit.JUnitTestExecutor.accept(JUnitTestExecutor.java:47)
  at org.gradle.api.internal.tasks.testing.junit.AbstractJUnitTestDefinitionProcessor.processTestDefinition(AbstractJUnitTestDefinitionProcessor.java:65)
  at org.gradle.api.internal.tasks.testing.SuiteTestDefinitionProcessor.processTestDefinition(SuiteTestDefinitionProcessor.java:54)
  at java.base/jdk.internal.reflect.DirectMethodHandleAccessor.invoke(DirectMethodHandleAccessor.java:104)
  at java.base/java.lang.reflect.Method.invoke(Method.java:565)
  at org.gradle.internal.dispatch.MethodInvocation.invokeOn(MethodInvocation.java:77)
  at org.gradle.internal.dispatch.ReflectionDispatch.dispatch(ReflectionDispatch.java:28)
  at org.gradle.internal.dispatch.ReflectionDispatch.dispatch(ReflectionDispatch.java:19)
  at org.gradle.internal.dispatch.ContextClassLoaderDispatch.dispatch(ContextClassLoaderDispatch.java:33)
  at org.gradle.internal.dispatch.ProxyDispatchAdapter$DispatchingInvocationHandler.invoke(ProxyDispatchAdapter.java:88)
  at jdk.proxy1/jdk.proxy1.$Proxy4.processTestDefinition(Unknown Source)
  at org.gradle.api.internal.tasks.testing.worker.TestWorker$2.run(TestWorker.java:178)
  at org.gradle.api.internal.tasks.testing.worker.TestWorker.executeAndMaintainThreadName(TestWorker.java:126)
  at org.gradle.api.internal.tasks.testing.worker.TestWorker.execute(TestWorker.java:103)
  at org.gradle.api.internal.tasks.testing.worker.TestWorker.execute(TestWorker.java:63)
  at org.gradle.process.internal.worker.child.ActionExecutionWorker.execute(ActionExecutionWorker.java:56)
  at org.gradle.process.internal.worker.child.SystemApplicationClassLoaderWorker.call(SystemApplicationClassLoaderWorker.java:122)
  at org.gradle.process.internal.worker.child.SystemApplicationClassLoaderWorker.call(SystemApplicationClassLoaderWorker.java:72)
  at worker.org.gradle.process.internal.worker.GradleWorkerMain.run(GradleWorkerMain.java:69)
  at worker.org.gradle.process.internal.worker.GradleWorkerMain.main(GradleWorkerMain.java:74)
</stacktrace>
</test-failure>


TypeScriptCompilerTests_C[jvm] > clodulesDerivedClasses_ts has expected errors matching clodulesDerivedClasses_errors_txt[jvm] FAILED

<test-failure test="com.xemantic.typescript.compiler.TypeScriptCompilerTests_C.commonSourceDir4_ts has expected errors matching commonSourceDir4_errors_txt" platform="jvm">
<message>
Expected diagnostics from baseline typescript-repo/tests/baselines/reference/commonSourceDir4.errors.txt but none produced
</message>
<stacktrace>
  at com.xemantic.typescript.compiler.TypeScriptTestSupportKt.errorsMatchBaseline(TypeScriptTestSupport.kt:125)
  at com.xemantic.typescript.compiler.TypeScriptCompilerTests_C.commonSourceDir4_ts has expected errors matching commonSourceDir4_errors_txt(TypeScriptCompilerTests_C.kt:5040)
  at java.base/jdk.internal.reflect.DirectMethodHandleAccessor.invoke(DirectMethodHandleAccessor.java:104)
  at java.base/java.lang.reflect.Method.invoke(Method.java:565)
  at org.junit.runners.model.FrameworkMethod$1.runReflectiveCall(FrameworkMethod.java:59)
  at org.junit.internal.runners.model.ReflectiveCallable.run(ReflectiveCallable.java:12)
  at org.junit.runners.model.FrameworkMethod.invokeExplosively(FrameworkMethod.java:56)
  at org.junit.internal.runners.statements.InvokeMethod.evaluate(InvokeMethod.java:17)
  at org.junit.runners.ParentRunner$3.evaluate(ParentRunner.java:306)
  at org.junit.runners.BlockJUnit4ClassRunner$1.evaluate(BlockJUnit4ClassRunner.java:100)
  at org.junit.runners.ParentRunner.runLeaf(ParentRunner.java:366)
  at org.junit.runners.BlockJUnit4ClassRunner.runChild(BlockJUnit4ClassRunner.java:103)
  at org.junit.runners.BlockJUnit4ClassRunner.runChild(BlockJUnit4ClassRunner.java:63)
  at org.junit.runners.ParentRunner$4.run(ParentRunner.java:331)
  at org.junit.runners.ParentRunner$1.schedule(ParentRunner.java:79)
  at org.junit.runners.ParentRunner.runChildren(ParentRunner.java:329)
  at org.junit.runners.ParentRunner.access$100(ParentRunner.java:66)
  at org.junit.runners.ParentRunner$2.evaluate(ParentRunner.java:293)
  at org.junit.runners.ParentRunner$3.evaluate(ParentRunner.java:306)
  at org.junit.runners.ParentRunner.run(ParentRunner.java:413)
  at org.junit.runner.JUnitCore.run(JUnitCore.java:137)
  at org.junit.runner.JUnitCore.run(JUnitCore.java:115)
  at org.gradle.api.internal.tasks.testing.junit.JUnitTestExecutor.runRequest(JUnitTestExecutor.java:175)
  at org.gradle.api.internal.tasks.testing.junit.JUnitTestExecutor.accept(JUnitTestExecutor.java:84)
  at org.gradle.api.internal.tasks.testing.junit.JUnitTestExecutor.accept(JUnitTestExecutor.java:47)
  at org.gradle.api.internal.tasks.testing.junit.AbstractJUnitTestDefinitionProcessor.processTestDefinition(AbstractJUnitTestDefinitionProcessor.java:65)
  at org.gradle.api.internal.tasks.testing.SuiteTestDefinitionProcessor.processTestDefinition(SuiteTestDefinitionProcessor.java:54)
  at java.base/jdk.internal.reflect.DirectMethodHandleAccessor.invoke(DirectMethodHandleAccessor.java:104)
  at java.base/java.lang.reflect.Method.invoke(Method.java:565)
  at org.gradle.internal.dispatch.MethodInvocation.invokeOn(MethodInvocation.java:77)
  at org.gradle.internal.dispatch.ReflectionDispatch.dispatch(ReflectionDispatch.java:28)
  at org.gradle.internal.dispatch.ReflectionDispatch.dispatch(ReflectionDispatch.java:19)
  at org.gradle.internal.dispatch.ContextClassLoaderDispatch.dispatch(ContextClassLoaderDispatch.java:33)
  at org.gradle.internal.dispatch.ProxyDispatchAdapter$DispatchingInvocationHandler.invoke(ProxyDispatchAdapter.java:88)
  at jdk.proxy1/jdk.proxy1.$Proxy4.processTestDefinition(Unknown Source)
  at org.gradle.api.internal.tasks.testing.worker.TestWorker$2.run(TestWorker.java:178)
  at org.gradle.api.internal.tasks.testing.worker.TestWorker.executeAndMaintainThreadName(TestWorker.java:126)
  at org.gradle.api.internal.tasks.testing.worker.TestWorker.execute(TestWorker.java:103)
  at org.gradle.api.internal.tasks.testing.worker.TestWorker.execute(TestWorker.java:63)
  at org.gradle.process.internal.worker.child.ActionExecutionWorker.execute(ActionExecutionWorker.java:56)
  at org.gradle.process.internal.worker.child.SystemApplicationClassLoaderWorker.call(SystemApplicationClassLoaderWorker.java:122)
  at org.gradle.process.internal.worker.child.SystemApplicationClassLoaderWorker.call(SystemApplicationClassLoaderWorker.java:72)
  at worker.org.gradle.process.internal.worker.GradleWorkerMain.run(GradleWorkerMain.java:69)
  at worker.org.gradle.process.internal.worker.GradleWorkerMain.main(GradleWorkerMain.java:74)
</stacktrace>
</test-failure>


TypeScriptCompilerTests_C[jvm] > commonSourceDir4_ts has expected errors matching commonSourceDir4_errors_txt[jvm] FAILED

<test-failure test="com.xemantic.typescript.compiler.TypeScriptCompilerTests_C.conditionalTypeVarianceBigArrayConstraintsPerformance_ts has expected errors matching conditionalTypeVarianceBigArrayConstraintsPerformance_errors_txt" platform="jvm">
<message>
Expected diagnostics from baseline typescript-repo/tests/baselines/reference/conditionalTypeVarianceBigArrayConstraintsPerformance.errors.txt but none produced
</message>
<stacktrace>
  at com.xemantic.typescript.compiler.TypeScriptTestSupportKt.errorsMatchBaseline(TypeScriptTestSupport.kt:125)
  at com.xemantic.typescript.compiler.TypeScriptCompilerTests_C.conditionalTypeVarianceBigArrayConstraintsPerformance_ts has expected errors matching conditionalTypeVarianceBigArrayConstraintsPerformance_errors_txt(TypeScriptCompilerTests_C.kt:5817)
  at java.base/jdk.internal.reflect.DirectMethodHandleAccessor.invoke(DirectMethodHandleAccessor.java:104)
  at java.base/java.lang.reflect.Method.invoke(Method.java:565)
  at org.junit.runners.model.FrameworkMethod$1.runReflectiveCall(FrameworkMethod.java:59)
  at org.junit.internal.runners.model.ReflectiveCallable.run(ReflectiveCallable.java:12)
  at org.junit.runners.model.FrameworkMethod.invokeExplosively(FrameworkMethod.java:56)
  at org.junit.internal.runners.statements.InvokeMethod.evaluate(InvokeMethod.java:17)
  at org.junit.runners.ParentRunner$3.evaluate(ParentRunner.java:306)
  at org.junit.runners.BlockJUnit4ClassRunner$1.evaluate(BlockJUnit4ClassRunner.java:100)
  at org.junit.runners.ParentRunner.runLeaf(ParentRunner.java:366)
  at org.junit.runners.BlockJUnit4ClassRunner.runChild(BlockJUnit4ClassRunner.java:103)
  at org.junit.runners.BlockJUnit4ClassRunner.runChild(BlockJUnit4ClassRunner.java:63)
  at org.junit.runners.ParentRunner$4.run(ParentRunner.java:331)
  at org.junit.runners.ParentRunner$1.schedule(ParentRunner.java:79)
  at org.junit.runners.ParentRunner.runChildren(ParentRunner.java:329)
  at org.junit.runners.ParentRunner.access$100(ParentRunner.java:66)
  at org.junit.runners.ParentRunner$2.evaluate(ParentRunner.java:293)
  at org.junit.runners.ParentRunner$3.evaluate(ParentRunner.java:306)
  at org.junit.runners.ParentRunner.run(ParentRunner.java:413)
  at org.junit.runner.JUnitCore.run(JUnitCore.java:137)
  at org.junit.runner.JUnitCore.run(JUnitCore.java:115)
  at org.gradle.api.internal.tasks.testing.junit.JUnitTestExecutor.runRequest(JUnitTestExecutor.java:175)
  at org.gradle.api.internal.tasks.testing.junit.JUnitTestExecutor.accept(JUnitTestExecutor.java:84)
  at org.gradle.api.internal.tasks.testing.junit.JUnitTestExecutor.accept(JUnitTestExecutor.java:47)
  at org.gradle.api.internal.tasks.testing.junit.AbstractJUnitTestDefinitionProcessor.processTestDefinition(AbstractJUnitTestDefinitionProcessor.java:65)
  at org.gradle.api.internal.tasks.testing.SuiteTestDefinitionProcessor.processTestDefinition(SuiteTestDefinitionProcessor.java:54)
  at java.base/jdk.internal.reflect.DirectMethodHandleAccessor.invoke(DirectMethodHandleAccessor.java:104)
  at java.base/java.lang.reflect.Method.invoke(Method.java:565)
  at org.gradle.internal.dispatch.MethodInvocation.invokeOn(MethodInvocation.java:77)
  at org.gradle.internal.dispatch.ReflectionDispatch.dispatch(ReflectionDispatch.java:28)
  at org.gradle.internal.dispatch.ReflectionDispatch.dispatch(ReflectionDispatch.java:19)
  at org.gradle.internal.dispatch.ContextClassLoaderDispatch.dispatch(ContextClassLoaderDispatch.java:33)
  at org.gradle.internal.dispatch.ProxyDispatchAdapter$DispatchingInvocationHandler.invoke(ProxyDispatchAdapter.java:88)
  at jdk.proxy1/jdk.proxy1.$Proxy4.processTestDefinition(Unknown Source)
  at org.gradle.api.internal.tasks.testing.worker.TestWorker$2.run(TestWorker.java:178)
  at org.gradle.api.internal.tasks.testing.worker.TestWorker.executeAndMaintainThreadName(TestWorker.java:126)
  at org.gradle.api.internal.tasks.testing.worker.TestWorker.execute(TestWorker.java:103)
  at org.gradle.api.internal.tasks.testing.worker.TestWorker.execute(TestWorker.java:63)
  at org.gradle.process.internal.worker.child.ActionExecutionWorker.execute(ActionExecutionWorker.java:56)
  at org.gradle.process.internal.worker.child.SystemApplicationClassLoaderWorker.call(SystemApplicationClassLoaderWorker.java:122)
  at org.gradle.process.internal.worker.child.SystemApplicationClassLoaderWorker.call(SystemApplicationClassLoaderWorker.java:72)
  at worker.org.gradle.process.internal.worker.GradleWorkerMain.run(GradleWorkerMain.java:69)
  at worker.org.gradle.process.internal.worker.GradleWorkerMain.main(GradleWorkerMain.java:74)
</stacktrace>
</test-failure>


TypeScriptCompilerTests_C[jvm] > conditionalTypeVarianceBigArrayConstraintsPerformance_ts has expected errors matching conditionalTypeVarianceBigArrayConstraintsPerformance_errors_txt[jvm] FAILED

<test-failure test="com.xemantic.typescript.compiler.TypeScriptCompilerTests_C.conflictMarkerTrivia4_ts has expected errors matching conflictMarkerTrivia4_errors_txt" platform="jvm">
<message>
--- expected
+++ actual
@@ -1,14 +1,14 @@
 conflictMarkerTrivia4.ts(1,12): error TS2304: Cannot find name 'div'.
-conflictMarkerTrivia4.ts(1,16): error TS1109: Expression expected.
 conflictMarkerTrivia4.ts(2,1): error TS1185: Merge conflict marker encountered.
+conflictMarkerTrivia4.ts(2,13): error TS1109: Expression expected.
 
 
 ==== conflictMarkerTrivia4.ts (3 errors) ====
     const x = <div>
                ~~~
 !!! error TS2304: Cannot find name 'div'.
-                   
-!!! error TS1109: Expression expected.
     <<<<<<< HEAD
     ~~~~~~~
 !!! error TS1185: Merge conflict marker encountered.
+                
+!!! error TS1109: Expression expected.

</message>
<stacktrace>
  at org.junit.Assert.fail(Assert.java:89)
  at kotlin.test.junit.JUnitAsserter.fail(JUnitSupport.kt:56)
  at kotlin.test.AssertionsKt__AssertionsKt.fail(Assertions.kt:563)
  at kotlin.test.AssertionsKt.fail(Unknown Source)
  at com.xemantic.kotlin.test.SameAsKt.sameAs(SameAs.kt:52)
  at com.xemantic.typescript.compiler.TypeScriptTestSupportKt.errorsMatchBaseline(TypeScriptTestSupport.kt:135)
  at com.xemantic.typescript.compiler.TypeScriptCompilerTests_C.conflictMarkerTrivia4_ts has expected errors matching conflictMarkerTrivia4_errors_txt(TypeScriptCompilerTests_C.kt:5929)
  at java.base/jdk.internal.reflect.DirectMethodHandleAccessor.invoke(DirectMethodHandleAccessor.java:104)
  at java.base/java.lang.reflect.Method.invoke(Method.java:565)
  at org.junit.runners.model.FrameworkMethod$1.runReflectiveCall(FrameworkMethod.java:59)
  at org.junit.internal.runners.model.ReflectiveCallable.run(ReflectiveCallable.java:12)
  at org.junit.runners.model.FrameworkMethod.invokeExplosively(FrameworkMethod.java:56)
  at org.junit.internal.runners.statements.InvokeMethod.evaluate(InvokeMethod.java:17)
  at org.junit.runners.ParentRunner$3.evaluate(ParentRunner.java:306)
  at org.junit.runners.BlockJUnit4ClassRunner$1.evaluate(BlockJUnit4ClassRunner.java:100)
  at org.junit.runners.ParentRunner.runLeaf(ParentRunner.java:366)
  at org.junit.runners.BlockJUnit4ClassRunner.runChild(BlockJUnit4ClassRunner.java:103)
  at org.junit.runners.BlockJUnit4ClassRunner.runChild(BlockJUnit4ClassRunner.java:63)
  at org.junit.runners.ParentRunner$4.run(ParentRunner.java:331)
  at org.junit.runners.ParentRunner$1.schedule(ParentRunner.java:79)
  at org.junit.runners.ParentRunner.runChildren(ParentRunner.java:329)
  at org.junit.runners.ParentRunner.access$100(ParentRunner.java:66)
  at org.junit.runners.ParentRunner$2.evaluate(ParentRunner.java:293)
  at org.junit.runners.ParentRunner$3.evaluate(ParentRunner.java:306)
  at org.junit.runners.ParentRunner.run(ParentRunner.java:413)
  at org.junit.runner.JUnitCore.run(JUnitCore.java:137)
  at org.junit.runner.JUnitCore.run(JUnitCore.java:115)
  at org.gradle.api.internal.tasks.testing.junit.JUnitTestExecutor.runRequest(JUnitTestExecutor.java:175)
  at org.gradle.api.internal.tasks.testing.junit.JUnitTestExecutor.accept(JUnitTestExecutor.java:84)
  at org.gradle.api.internal.tasks.testing.junit.JUnitTestExecutor.accept(JUnitTestExecutor.java:47)
  at org.gradle.api.internal.tasks.testing.junit.AbstractJUnitTestDefinitionProcessor.processTestDefinition(AbstractJUnitTestDefinitionProcessor.java:65)
  at org.gradle.api.internal.tasks.testing.SuiteTestDefinitionProcessor.processTestDefinition(SuiteTestDefinitionProcessor.java:54)
  at java.base/jdk.internal.reflect.DirectMethodHandleAccessor.invoke(DirectMethodHandleAccessor.java:104)
  at java.base/java.lang.reflect.Method.invoke(Method.java:565)
  at org.gradle.internal.dispatch.MethodInvocation.invokeOn(MethodInvocation.java:77)
  at org.gradle.internal.dispatch.ReflectionDispatch.dispatch(ReflectionDispatch.java:28)
  at org.gradle.internal.dispatch.ReflectionDispatch.dispatch(ReflectionDispatch.java:19)
  at org.gradle.internal.dispatch.ContextClassLoaderDispatch.dispatch(ContextClassLoaderDispatch.java:33)
  at org.gradle.internal.dispatch.ProxyDispatchAdapter$DispatchingInvocationHandler.invoke(ProxyDispatchAdapter.java:88)
  at jdk.proxy1/jdk.proxy1.$Proxy4.processTestDefinition(Unknown Source)
  at org.gradle.api.internal.tasks.testing.worker.TestWorker$2.run(TestWorker.java:178)
  at org.gradle.api.internal.tasks.testing.worker.TestWorker.executeAndMaintainThreadName(TestWorker.java:126)
  at org.gradle.api.internal.tasks.testing.worker.TestWorker.execute(TestWorker.java:103)
  at org.gradle.api.internal.tasks.testing.worker.TestWorker.execute(TestWorker.java:63)
  at org.gradle.process.internal.worker.child.ActionExecutionWorker.execute(ActionExecutionWorker.java:56)
  at org.gradle.process.internal.worker.child.SystemApplicationClassLoaderWorker.call(SystemApplicationClassLoaderWorker.java:122)
  at org.gradle.process.internal.worker.child.SystemApplicationClassLoaderWorker.call(SystemApplicationClassLoaderWorker.java:72)
  at worker.org.gradle.process.internal.worker.GradleWorkerMain.run(GradleWorkerMain.java:69)
  at worker.org.gradle.process.internal.worker.GradleWorkerMain.main(GradleWorkerMain.java:74)
</stacktrace>
</test-failure>


TypeScriptCompilerTests_C[jvm] > conflictMarkerTrivia4_ts has expected errors matching conflictMarkerTrivia4_errors_txt[jvm] FAILED

<test-failure test="com.xemantic.typescript.compiler.TypeScriptCompilerTests_C.contextualTyping38_ts has expected errors matching contextualTyping38_errors_txt" platform="jvm">
<message>
Expected diagnostics from baseline typescript-repo/tests/baselines/reference/contextualTyping38.errors.txt but none produced
</message>
<stacktrace>
  at com.xemantic.typescript.compiler.TypeScriptTestSupportKt.errorsMatchBaseline(TypeScriptTestSupport.kt:125)
  at com.xemantic.typescript.compiler.TypeScriptCompilerTests_C.contextualTyping38_ts has expected errors matching contextualTyping38_errors_txt(TypeScriptCompilerTests_C.kt:7686)
  at java.base/jdk.internal.reflect.DirectMethodHandleAccessor.invoke(DirectMethodHandleAccessor.java:104)
  at java.base/java.lang.reflect.Method.invoke(Method.java:565)
  at org.junit.runners.model.FrameworkMethod$1.runReflectiveCall(FrameworkMethod.java:59)
  at org.junit.internal.runners.model.ReflectiveCallable.run(ReflectiveCallable.java:12)
  at org.junit.runners.model.FrameworkMethod.invokeExplosively(FrameworkMethod.java:56)
  at org.junit.internal.runners.statements.InvokeMethod.evaluate(InvokeMethod.java:17)
  at org.junit.runners.ParentRunner$3.evaluate(ParentRunner.java:306)
  at org.junit.runners.BlockJUnit4ClassRunner$1.evaluate(BlockJUnit4ClassRunner.java:100)
  at org.junit.runners.ParentRunner.runLeaf(ParentRunner.java:366)
  at org.junit.runners.BlockJUnit4ClassRunner.runChild(BlockJUnit4ClassRunner.java:103)
  at org.junit.runners.BlockJUnit4ClassRunner.runChild(BlockJUnit4ClassRunner.java:63)
  at org.junit.runners.ParentRunner$4.run(ParentRunner.java:331)
  at org.junit.runners.ParentRunner$1.schedule(ParentRunner.java:79)
  at org.junit.runners.ParentRunner.runChildren(ParentRunner.java:329)
  at org.junit.runners.ParentRunner.access$100(ParentRunner.java:66)
  at org.junit.runners.ParentRunner$2.evaluate(ParentRunner.java:293)
  at org.junit.runners.ParentRunner$3.evaluate(ParentRunner.java:306)
  at org.junit.runners.ParentRunner.run(ParentRunner.java:413)
  at org.junit.runner.JUnitCore.run(JUnitCore.java:137)
  at org.junit.runner.JUnitCore.run(JUnitCore.java:115)
  at org.gradle.api.internal.tasks.testing.junit.JUnitTestExecutor.runRequest(JUnitTestExecutor.java:175)
  at org.gradle.api.internal.tasks.testing.junit.JUnitTestExecutor.accept(JUnitTestExecutor.java:84)
  at org.gradle.api.internal.tasks.testing.junit.JUnitTestExecutor.accept(JUnitTestExecutor.java:47)
  at org.gradle.api.internal.tasks.testing.junit.AbstractJUnitTestDefinitionProcessor.processTestDefinition(AbstractJUnitTestDefinitionProcessor.java:65)
  at org.gradle.api.internal.tasks.testing.SuiteTestDefinitionProcessor.processTestDefinition(SuiteTestDefinitionProcessor.java:54)
  at java.base/jdk.internal.reflect.DirectMethodHandleAccessor.invoke(DirectMethodHandleAccessor.java:104)
  at java.base/java.lang.reflect.Method.invoke(Method.java:565)
  at org.gradle.internal.dispatch.MethodInvocation.invokeOn(MethodInvocation.java:77)
  at org.gradle.internal.dispatch.ReflectionDispatch.dispatch(ReflectionDispatch.java:28)
  at org.gradle.internal.dispatch.ReflectionDispatch.dispatch(ReflectionDispatch.java:19)
  at org.gradle.internal.dispatch.ContextClassLoaderDispatch.dispatch(ContextClassLoaderDispatch.java:33)
  at org.gradle.internal.dispatch.ProxyDispatchAdapter$DispatchingInvocationHandler.invoke(ProxyDispatchAdapter.java:88)
  at jdk.proxy1/jdk.proxy1.$Proxy4.processTestDefinition(Unknown Source)
  at org.gradle.api.internal.tasks.testing.worker.TestWorker$2.run(TestWorker.java:178)
  at org.gradle.api.internal.tasks.testing.worker.TestWorker.executeAndMaintainThreadName(TestWorker.java:126)
  at org.gradle.api.internal.tasks.testing.worker.TestWorker.execute(TestWorker.java:103)
  at org.gradle.api.internal.tasks.testing.worker.TestWorker.execute(TestWorker.java:63)
  at org.gradle.process.internal.worker.child.ActionExecutionWorker.execute(ActionExecutionWorker.java:56)
  at org.gradle.process.internal.worker.child.SystemApplicationClassLoaderWorker.call(SystemApplicationClassLoaderWorker.java:122)
  at org.gradle.process.internal.worker.child.SystemApplicationClassLoaderWorker.call(SystemApplicationClassLoaderWorker.java:72)
  at worker.org.gradle.process.internal.worker.GradleWorkerMain.run(GradleWorkerMain.java:69)
  at worker.org.gradle.process.internal.worker.GradleWorkerMain.main(GradleWorkerMain.java:74)
</stacktrace>
</test-failure>


TypeScriptCompilerTests_C[jvm] > contextualTyping38_ts has expected errors matching contextualTyping38_errors_txt[jvm] FAILED

<test-failure test="com.xemantic.typescript.compiler.TypeScriptCompilerTests_C.capturedLetConstInLoop7_ts has expected errors matching capturedLetConstInLoop7_errors_txt" platform="jvm">
<message>
Expected diagnostics from baseline typescript-repo/tests/baselines/reference/capturedLetConstInLoop7.errors.txt but none produced
</message>
<stacktrace>
  at com.xemantic.typescript.compiler.TypeScriptTestSupportKt.errorsMatchBaseline(TypeScriptTestSupport.kt:125)
  at com.xemantic.typescript.compiler.TypeScriptCompilerTests_C.capturedLetConstInLoop7_ts has expected errors matching capturedLetConstInLoop7_errors_txt(TypeScriptCompilerTests_C.kt:791)
  at java.base/jdk.internal.reflect.DirectMethodHandleAccessor.invoke(DirectMethodHandleAccessor.java:104)
  at java.base/java.lang.reflect.Method.invoke(Method.java:565)
  at org.junit.runners.model.FrameworkMethod$1.runReflectiveCall(FrameworkMethod.java:59)
  at org.junit.internal.runners.model.ReflectiveCallable.run(ReflectiveCallable.java:12)
  at org.junit.runners.model.FrameworkMethod.invokeExplosively(FrameworkMethod.java:56)
  at org.junit.internal.runners.statements.InvokeMethod.evaluate(InvokeMethod.java:17)
  at org.junit.runners.ParentRunner$3.evaluate(ParentRunner.java:306)
  at org.junit.runners.BlockJUnit4ClassRunner$1.evaluate(BlockJUnit4ClassRunner.java:100)
  at org.junit.runners.ParentRunner.runLeaf(ParentRunner.java:366)
  at org.junit.runners.BlockJUnit4ClassRunner.runChild(BlockJUnit4ClassRunner.java:103)
  at org.junit.runners.BlockJUnit4ClassRunner.runChild(BlockJUnit4ClassRunner.java:63)
  at org.junit.runners.ParentRunner$4.run(ParentRunner.java:331)
  at org.junit.runners.ParentRunner$1.schedule(ParentRunner.java:79)
  at org.junit.runners.ParentRunner.runChildren(ParentRunner.java:329)
  at org.junit.runners.ParentRunner.access$100(ParentRunner.java:66)
  at org.junit.runners.ParentRunner$2.evaluate(ParentRunner.java:293)
  at org.junit.runners.ParentRunner$3.evaluate(ParentRunner.java:306)
  at org.junit.runners.ParentRunner.run(ParentRunner.java:413)
  at org.junit.runner.JUnitCore.run(JUnitCore.java:137)
  at org.junit.runner.JUnitCore.run(JUnitCore.java:115)
  at org.gradle.api.internal.tasks.testing.junit.JUnitTestExecutor.runRequest(JUnitTestExecutor.java:175)
  at org.gradle.api.internal.tasks.testing.junit.JUnitTestExecutor.accept(JUnitTestExecutor.java:84)
  at org.gradle.api.internal.tasks.testing.junit.JUnitTestExecutor.accept(JUnitTestExecutor.java:47)
  at org.gradle.api.internal.tasks.testing.junit.AbstractJUnitTestDefinitionProcessor.processTestDefinition(AbstractJUnitTestDefinitionProcessor.java:65)
  at org.gradle.api.internal.tasks.testing.SuiteTestDefinitionProcessor.processTestDefinition(SuiteTestDefinitionProcessor.java:54)
  at java.base/jdk.internal.reflect.DirectMethodHandleAccessor.invoke(DirectMethodHandleAccessor.java:104)
  at java.base/java.lang.reflect.Method.invoke(Method.java:565)
  at org.gradle.internal.dispatch.MethodInvocation.invokeOn(MethodInvocation.java:77)
  at org.gradle.internal.dispatch.ReflectionDispatch.dispatch(ReflectionDispatch.java:28)
  at org.gradle.internal.dispatch.ReflectionDispatch.dispatch(ReflectionDispatch.java:19)
  at org.gradle.internal.dispatch.ContextClassLoaderDispatch.dispatch(ContextClassLoaderDispatch.java:33)
  at org.gradle.internal.dispatch.ProxyDispatchAdapter$DispatchingInvocationHandler.invoke(ProxyDispatchAdapter.java:88)
  at jdk.proxy1/jdk.proxy1.$Proxy4.processTestDefinition(Unknown Source)
  at org.gradle.api.internal.tasks.testing.worker.TestWorker$2.run(TestWorker.java:178)
  at org.gradle.api.internal.tasks.testing.worker.TestWorker.executeAndMaintainThreadName(TestWorker.java:126)
  at org.gradle.api.internal.tasks.testing.worker.TestWorker.execute(TestWorker.java:103)
  at org.gradle.api.internal.tasks.testing.worker.TestWorker.execute(TestWorker.java:63)
  at org.gradle.process.internal.worker.child.ActionExecutionWorker.execute(ActionExecutionWorker.java:56)
  at org.gradle.process.internal.worker.child.SystemApplicationClassLoaderWorker.call(SystemApplicationClassLoaderWorker.java:122)
  at org.gradle.process.internal.worker.child.SystemApplicationClassLoaderWorker.call(SystemApplicationClassLoaderWorker.java:72)
  at worker.org.gradle.process.internal.worker.GradleWorkerMain.run(GradleWorkerMain.java:69)
  at worker.org.gradle.process.internal.worker.GradleWorkerMain.main(GradleWorkerMain.java:74)
</stacktrace>
</test-failure>


TypeScriptCompilerTests_C[jvm] > capturedLetConstInLoop7_ts has expected errors matching capturedLetConstInLoop7_errors_txt[jvm] FAILED

<test-failure test="com.xemantic.typescript.compiler.TypeScriptCompilerTests_C.contextuallyTypedOptionalProperty_ts__exactoptionalpropertytypes_false__has expected errors matching baseline" platform="jvm">
<message>
Expected diagnostics from baseline typescript-repo/tests/baselines/reference/contextuallyTypedOptionalProperty(exactoptionalpropertytypes=false).errors.txt but none produced
</message>
<stacktrace>
  at com.xemantic.typescript.compiler.TypeScriptTestSupportKt.errorsMatchBaseline(TypeScriptTestSupport.kt:125)
  at com.xemantic.typescript.compiler.TypeScriptCompilerTests_C.contextuallyTypedOptionalProperty_ts__exactoptionalpropertytypes_false__has expected errors matching baseline(TypeScriptCompilerTests_C.kt:8008)
  at java.base/jdk.internal.reflect.DirectMethodHandleAccessor.invoke(DirectMethodHandleAccessor.java:104)
  at java.base/java.lang.reflect.Method.invoke(Method.java:565)
  at org.junit.runners.model.FrameworkMethod$1.runReflectiveCall(FrameworkMethod.java:59)
  at org.junit.internal.runners.model.ReflectiveCallable.run(ReflectiveCallable.java:12)
  at org.junit.runners.model.FrameworkMethod.invokeExplosively(FrameworkMethod.java:56)
  at org.junit.internal.runners.statements.InvokeMethod.evaluate(InvokeMethod.java:17)
  at org.junit.runners.ParentRunner$3.evaluate(ParentRunner.java:306)
  at org.junit.runners.BlockJUnit4ClassRunner$1.evaluate(BlockJUnit4ClassRunner.java:100)
  at org.junit.runners.ParentRunner.runLeaf(ParentRunner.java:366)
  at org.junit.runners.BlockJUnit4ClassRunner.runChild(BlockJUnit4ClassRunner.java:103)
  at org.junit.runners.BlockJUnit4ClassRunner.runChild(BlockJUnit4ClassRunner.java:63)
  at org.junit.runners.ParentRunner$4.run(ParentRunner.java:331)
  at org.junit.runners.ParentRunner$1.schedule(ParentRunner.java:79)
  at org.junit.runners.ParentRunner.runChildren(ParentRunner.java:329)
  at org.junit.runners.ParentRunner.access$100(ParentRunner.java:66)
  at org.junit.runners.ParentRunner$2.evaluate(ParentRunner.java:293)
  at org.junit.runners.ParentRunner$3.evaluate(ParentRunner.java:306)
  at org.junit.runners.ParentRunner.run(ParentRunner.java:413)
  at org.junit.runner.JUnitCore.run(JUnitCore.java:137)
  at org.junit.runner.JUnitCore.run(JUnitCore.java:115)
  at org.gradle.api.internal.tasks.testing.junit.JUnitTestExecutor.runRequest(JUnitTestExecutor.java:175)
  at org.gradle.api.internal.tasks.testing.junit.JUnitTestExecutor.accept(JUnitTestExecutor.java:84)
  at org.gradle.api.internal.tasks.testing.junit.JUnitTestExecutor.accept(JUnitTestExecutor.java:47)
  at org.gradle.api.internal.tasks.testing.junit.AbstractJUnitTestDefinitionProcessor.processTestDefinition(AbstractJUnitTestDefinitionProcessor.java:65)
  at org.gradle.api.internal.tasks.testing.SuiteTestDefinitionProcessor.processTestDefinition(SuiteTestDefinitionProcessor.java:54)
  at java.base/jdk.internal.reflect.DirectMethodHandleAccessor.invoke(DirectMethodHandleAccessor.java:104)
  at java.base/java.lang.reflect.Method.invoke(Method.java:565)
  at org.gradle.internal.dispatch.MethodInvocation.invokeOn(MethodInvocation.java:77)
  at org.gradle.internal.dispatch.ReflectionDispatch.dispatch(ReflectionDispatch.java:28)
  at org.gradle.internal.dispatch.ReflectionDispatch.dispatch(ReflectionDispatch.java:19)
  at org.gradle.internal.dispatch.ContextClassLoaderDispatch.dispatch(ContextClassLoaderDispatch.java:33)
  at org.gradle.internal.dispatch.ProxyDispatchAdapter$DispatchingInvocationHandler.invoke(ProxyDispatchAdapter.java:88)
  at jdk.proxy1/jdk.proxy1.$Proxy4.processTestDefinition(Unknown Source)
  at org.gradle.api.internal.tasks.testing.worker.TestWorker$2.run(TestWorker.java:178)
  at org.gradle.api.internal.tasks.testing.worker.TestWorker.executeAndMaintainThreadName(TestWorker.java:126)
  at org.gradle.api.internal.tasks.testing.worker.TestWorker.execute(TestWorker.java:103)
  at org.gradle.api.internal.tasks.testing.worker.TestWorker.execute(TestWorker.java:63)
  at org.gradle.process.internal.worker.child.ActionExecutionWorker.execute(ActionExecutionWorker.java:56)
  at org.gradle.process.internal.worker.child.SystemApplicationClassLoaderWorker.call(SystemApplicationClassLoaderWorker.java:122)
  at org.gradle.process.internal.worker.child.SystemApplicationClassLoaderWorker.call(SystemApplicationClassLoaderWorker.java:72)
  at worker.org.gradle.process.internal.worker.GradleWorkerMain.run(GradleWorkerMain.java:69)
  at worker.org.gradle.process.internal.worker.GradleWorkerMain.main(GradleWorkerMain.java:74)
</stacktrace>
</test-failure>


TypeScriptCompilerTests_C[jvm] > contextuallyTypedOptionalProperty_ts__exactoptionalpropertytypes_false__has expected errors matching baseline[jvm] FAILED

<test-failure test="com.xemantic.typescript.compiler.TypeScriptCompilerTests_C.classImplementsPrimitive_ts has expected errors matching classImplementsPrimitive_errors_txt" platform="jvm">
<message>
Expected diagnostics from baseline typescript-repo/tests/baselines/reference/classImplementsPrimitive.errors.txt but none produced
</message>
<stacktrace>
  at com.xemantic.typescript.compiler.TypeScriptTestSupportKt.errorsMatchBaseline(TypeScriptTestSupport.kt:125)
  at com.xemantic.typescript.compiler.TypeScriptCompilerTests_C.classImplementsPrimitive_ts has expected errors matching classImplementsPrimitive_errors_txt(TypeScriptCompilerTests_C.kt:2471)
  at java.base/jdk.internal.reflect.DirectMethodHandleAccessor.invoke(DirectMethodHandleAccessor.java:104)
  at java.base/java.lang.reflect.Method.invoke(Method.java:565)
  at org.junit.runners.model.FrameworkMethod$1.runReflectiveCall(FrameworkMethod.java:59)
  at org.junit.internal.runners.model.ReflectiveCallable.run(ReflectiveCallable.java:12)
  at org.junit.runners.model.FrameworkMethod.invokeExplosively(FrameworkMethod.java:56)
  at org.junit.internal.runners.statements.InvokeMethod.evaluate(InvokeMethod.java:17)
  at org.junit.runners.ParentRunner$3.evaluate(ParentRunner.java:306)
  at org.junit.runners.BlockJUnit4ClassRunner$1.evaluate(BlockJUnit4ClassRunner.java:100)
  at org.junit.runners.ParentRunner.runLeaf(ParentRunner.java:366)
  at org.junit.runners.BlockJUnit4ClassRunner.runChild(BlockJUnit4ClassRunner.java:103)
  at org.junit.runners.BlockJUnit4ClassRunner.runChild(BlockJUnit4ClassRunner.java:63)
  at org.junit.runners.ParentRunner$4.run(ParentRunner.java:331)
  at org.junit.runners.ParentRunner$1.schedule(ParentRunner.java:79)
  at org.junit.runners.ParentRunner.runChildren(ParentRunner.java:329)
  at org.junit.runners.ParentRunner.access$100(ParentRunner.java:66)
  at org.junit.runners.ParentRunner$2.evaluate(ParentRunner.java:293)
  at org.junit.runners.ParentRunner$3.evaluate(ParentRunner.java:306)
  at org.junit.runners.ParentRunner.run(ParentRunner.java:413)
  at org.junit.runner.JUnitCore.run(JUnitCore.java:137)
  at org.junit.runner.JUnitCore.run(JUnitCore.java:115)
  at org.gradle.api.internal.tasks.testing.junit.JUnitTestExecutor.runRequest(JUnitTestExecutor.java:175)
  at org.gradle.api.internal.tasks.testing.junit.JUnitTestExecutor.accept(JUnitTestExecutor.java:84)
  at org.gradle.api.internal.tasks.testing.junit.JUnitTestExecutor.accept(JUnitTestExecutor.java:47)
  at org.gradle.api.internal.tasks.testing.junit.AbstractJUnitTestDefinitionProcessor.processTestDefinition(AbstractJUnitTestDefinitionProcessor.java:65)
  at org.gradle.api.internal.tasks.testing.SuiteTestDefinitionProcessor.processTestDefinition(SuiteTestDefinitionProcessor.java:54)
  at java.base/jdk.internal.reflect.DirectMethodHandleAccessor.invoke(DirectMethodHandleAccessor.java:104)
  at java.base/java.lang.reflect.Method.invoke(Method.java:565)
  at org.gradle.internal.dispatch.MethodInvocation.invokeOn(MethodInvocation.java:77)
  at org.gradle.internal.dispatch.ReflectionDispatch.dispatch(ReflectionDispatch.java:28)
  at org.gradle.internal.dispatch.ReflectionDispatch.dispatch(ReflectionDispatch.java:19)
  at org.gradle.internal.dispatch.ContextClassLoaderDispatch.dispatch(ContextClassLoaderDispatch.java:33)
  at org.gradle.internal.dispatch.ProxyDispatchAdapter$DispatchingInvocationHandler.invoke(ProxyDispatchAdapter.java:88)
  at jdk.proxy1/jdk.proxy1.$Proxy4.processTestDefinition(Unknown Source)
  at org.gradle.api.internal.tasks.testing.worker.TestWorker$2.run(TestWorker.java:178)
  at org.gradle.api.internal.tasks.testing.worker.TestWorker.executeAndMaintainThreadName(TestWorker.java:126)
  at org.gradle.api.internal.tasks.testing.worker.TestWorker.execute(TestWorker.java:103)
  at org.gradle.api.internal.tasks.testing.worker.TestWorker.execute(TestWorker.java:63)
  at org.gradle.process.internal.worker.child.ActionExecutionWorker.execute(ActionExecutionWorker.java:56)
  at org.gradle.process.internal.worker.child.SystemApplicationClassLoaderWorker.call(SystemApplicationClassLoaderWorker.java:122)
  at org.gradle.process.internal.worker.child.SystemApplicationClassLoaderWorker.call(SystemApplicationClassLoaderWorker.java:72)
  at worker.org.gradle.process.internal.worker.GradleWorkerMain.run(GradleWorkerMain.java:69)
  at worker.org.gradle.process.internal.worker.GradleWorkerMain.main(GradleWorkerMain.java:74)
</stacktrace>
</test-failure>


TypeScriptCompilerTests_C[jvm] > classImplementsPrimitive_ts has expected errors matching classImplementsPrimitive_errors_txt[jvm] FAILED

<test-failure test="com.xemantic.typescript.compiler.TypeScriptCompilerTests_C.classExtendsInterface_not_ts has expected errors matching classExtendsInterface_not_errors_txt" platform="jvm">
<message>
Expected diagnostics from baseline typescript-repo/tests/baselines/reference/classExtendsInterface_not.errors.txt but none produced
</message>
<stacktrace>
  at com.xemantic.typescript.compiler.TypeScriptTestSupportKt.errorsMatchBaseline(TypeScriptTestSupport.kt:125)
  at com.xemantic.typescript.compiler.TypeScriptCompilerTests_C.classExtendsInterface_not_ts has expected errors matching classExtendsInterface_not_errors_txt(TypeScriptCompilerTests_C.kt:2219)
  at java.base/jdk.internal.reflect.DirectMethodHandleAccessor.invoke(DirectMethodHandleAccessor.java:104)
  at java.base/java.lang.reflect.Method.invoke(Method.java:565)
  at org.junit.runners.model.FrameworkMethod$1.runReflectiveCall(FrameworkMethod.java:59)
  at org.junit.internal.runners.model.ReflectiveCallable.run(ReflectiveCallable.java:12)
  at org.junit.runners.model.FrameworkMethod.invokeExplosively(FrameworkMethod.java:56)
  at org.junit.internal.runners.statements.InvokeMethod.evaluate(InvokeMethod.java:17)
  at org.junit.runners.ParentRunner$3.evaluate(ParentRunner.java:306)
  at org.junit.runners.BlockJUnit4ClassRunner$1.evaluate(BlockJUnit4ClassRunner.java:100)
  at org.junit.runners.ParentRunner.runLeaf(ParentRunner.java:366)
  at org.junit.runners.BlockJUnit4ClassRunner.runChild(BlockJUnit4ClassRunner.java:103)
  at org.junit.runners.BlockJUnit4ClassRunner.runChild(BlockJUnit4ClassRunner.java:63)
  at org.junit.runners.ParentRunner$4.run(ParentRunner.java:331)
  at org.junit.runners.ParentRunner$1.schedule(ParentRunner.java:79)
  at org.junit.runners.ParentRunner.runChildren(ParentRunner.java:329)
  at org.junit.runners.ParentRunner.access$100(ParentRunner.java:66)
  at org.junit.runners.ParentRunner$2.evaluate(ParentRunner.java:293)
  at org.junit.runners.ParentRunner$3.evaluate(ParentRunner.java:306)
  at org.junit.runners.ParentRunner.run(ParentRunner.java:413)
  at org.junit.runner.JUnitCore.run(JUnitCore.java:137)
  at org.junit.runner.JUnitCore.run(JUnitCore.java:115)
  at org.gradle.api.internal.tasks.testing.junit.JUnitTestExecutor.runRequest(JUnitTestExecutor.java:175)
  at org.gradle.api.internal.tasks.testing.junit.JUnitTestExecutor.accept(JUnitTestExecutor.java:84)
  at org.gradle.api.internal.tasks.testing.junit.JUnitTestExecutor.accept(JUnitTestExecutor.java:47)
  at org.gradle.api.internal.tasks.testing.junit.AbstractJUnitTestDefinitionProcessor.processTestDefinition(AbstractJUnitTestDefinitionProcessor.java:65)
  at org.gradle.api.internal.tasks.testing.SuiteTestDefinitionProcessor.processTestDefinition(SuiteTestDefinitionProcessor.java:54)
  at java.base/jdk.internal.reflect.DirectMethodHandleAccessor.invoke(DirectMethodHandleAccessor.java:104)
  at java.base/java.lang.reflect.Method.invoke(Method.java:565)
  at org.gradle.internal.dispatch.MethodInvocation.invokeOn(MethodInvocation.java:77)
  at org.gradle.internal.dispatch.ReflectionDispatch.dispatch(ReflectionDispatch.java:28)
  at org.gradle.internal.dispatch.ReflectionDispatch.dispatch(ReflectionDispatch.java:19)
  at org.gradle.internal.dispatch.ContextClassLoaderDispatch.dispatch(ContextClassLoaderDispatch.java:33)
  at org.gradle.internal.dispatch.ProxyDispatchAdapter$DispatchingInvocationHandler.invoke(ProxyDispatchAdapter.java:88)
  at jdk.proxy1/jdk.proxy1.$Proxy4.processTestDefinition(Unknown Source)
  at org.gradle.api.internal.tasks.testing.worker.TestWorker$2.run(TestWorker.java:178)
  at org.gradle.api.internal.tasks.testing.worker.TestWorker.executeAndMaintainThreadName(TestWorker.java:126)
  at org.gradle.api.internal.tasks.testing.worker.TestWorker.execute(TestWorker.java:103)
  at org.gradle.api.internal.tasks.testing.worker.TestWorker.execute(TestWorker.java:63)
  at org.gradle.process.internal.worker.child.ActionExecutionWorker.execute(ActionExecutionWorker.java:56)
  at org.gradle.process.internal.worker.child.SystemApplicationClassLoaderWorker.call(SystemApplicationClassLoaderWorker.java:122)
  at org.gradle.process.internal.worker.child.SystemApplicationClassLoaderWorker.call(SystemApplicationClassLoaderWorker.java:72)
  at worker.org.gradle.process.internal.worker.GradleWorkerMain.run(GradleWorkerMain.java:69)
  at worker.org.gradle.process.internal.worker.GradleWorkerMain.main(GradleWorkerMain.java:74)
</stacktrace>
</test-failure>


TypeScriptCompilerTests_C[jvm] > classExtendsInterface_not_ts has expected errors matching classExtendsInterface_not_errors_txt[jvm] FAILED

<test-failure test="com.xemantic.typescript.compiler.TypeScriptCompilerTests_C.cachedModuleResolution8_ts has expected errors matching cachedModuleResolution8_errors_txt" platform="jvm">
<message>
--- expected
+++ actual
@@ -1,15 +1,9 @@
 error TS5107: Option 'moduleResolution=classic' is deprecated and will stop functioning in TypeScript 7.0. Specify compilerOption '"ignoreDeprecations": "6.0"' to silence this error.
-/a/b/c/d/e/app.ts(1,17): error TS2792: Cannot find module 'foo'. Did you mean to set the 'moduleResolution' option to 'nodenext', or to add aliases to the 'paths' option?
-/a/b/c/lib.ts(1,17): error TS2792: Cannot find module 'foo'. Did you mean to set the 'moduleResolution' option to 'nodenext', or to add aliases to the 'paths' option?
 
 
 !!! error TS5107: Option 'moduleResolution=classic' is deprecated and will stop functioning in TypeScript 7.0. Specify compilerOption '"ignoreDeprecations": "6.0"' to silence this error.
-==== /a/b/c/d/e/app.ts (1 errors) ====
+==== /a/b/c/d/e/app.ts (0 errors) ====
     import {x} from "foo";
-                    ~~~~~
-!!! error TS2792: Cannot find module 'foo'. Did you mean to set the 'moduleResolution' option to 'nodenext', or to add aliases to the 'paths' option?
     
-==== /a/b/c/lib.ts (1 errors) ====
+==== /a/b/c/lib.ts (0 errors) ====
     import {x} from "foo";
-                    ~~~~~
-!!! error TS2792: Cannot find module 'foo'. Did you mean to set the 'moduleResolution' option to 'nodenext', or to add aliases to the 'paths' option?

</message>
<stacktrace>
  at org.junit.Assert.fail(Assert.java:89)
  at kotlin.test.junit.JUnitAsserter.fail(JUnitSupport.kt:56)
  at kotlin.test.AssertionsKt__AssertionsKt.fail(Assertions.kt:563)
  at kotlin.test.AssertionsKt.fail(Unknown Source)
  at com.xemantic.kotlin.test.SameAsKt.sameAs(SameAs.kt:52)
  at com.xemantic.typescript.compiler.TypeScriptTestSupportKt.errorsMatchBaseline(TypeScriptTestSupport.kt:135)
  at com.xemantic.typescript.compiler.TypeScriptCompilerTests_C.cachedModuleResolution8_ts has expected errors matching cachedModuleResolution8_errors_txt(TypeScriptCompilerTests_C.kt:308)
  at java.base/jdk.internal.reflect.DirectMethodHandleAccessor.invoke(DirectMethodHandleAccessor.java:104)
  at java.base/java.lang.reflect.Method.invoke(Method.java:565)
  at org.junit.runners.model.FrameworkMethod$1.runReflectiveCall(FrameworkMethod.java:59)
  at org.junit.internal.runners.model.ReflectiveCallable.run(ReflectiveCallable.java:12)
  at org.junit.runners.model.FrameworkMethod.invokeExplosively(FrameworkMethod.java:56)
  at org.junit.internal.runners.statements.InvokeMethod.evaluate(InvokeMethod.java:17)
  at org.junit.runners.ParentRunner$3.evaluate(ParentRunner.java:306)
  at org.junit.runners.BlockJUnit4ClassRunner$1.evaluate(BlockJUnit4ClassRunner.java:100)
  at org.junit.runners.ParentRunner.runLeaf(ParentRunner.java:366)
  at org.junit.runners.BlockJUnit4ClassRunner.runChild(BlockJUnit4ClassRunner.java:103)
  at org.junit.runners.BlockJUnit4ClassRunner.runChild(BlockJUnit4ClassRunner.java:63)
  at org.junit.runners.ParentRunner$4.run(ParentRunner.java:331)
  at org.junit.runners.ParentRunner$1.schedule(ParentRunner.java:79)
  at org.junit.runners.ParentRunner.runChildren(ParentRunner.java:329)
  at org.junit.runners.ParentRunner.access$100(ParentRunner.java:66)
  at org.junit.runners.ParentRunner$2.evaluate(ParentRunner.java:293)
  at org.junit.runners.ParentRunner$3.evaluate(ParentRunner.java:306)
  at org.junit.runners.ParentRunner.run(ParentRunner.java:413)
  at org.junit.runner.JUnitCore.run(JUnitCore.java:137)
  at org.junit.runner.JUnitCore.run(JUnitCore.java:115)
  at org.gradle.api.internal.tasks.testing.junit.JUnitTestExecutor.runRequest(JUnitTestExecutor.java:175)
  at org.gradle.api.internal.tasks.testing.junit.JUnitTestExecutor.accept(JUnitTestExecutor.java:84)
  at org.gradle.api.internal.tasks.testing.junit.JUnitTestExecutor.accept(JUnitTestExecutor.java:47)
  at org.gradle.api.internal.tasks.testing.junit.AbstractJUnitTestDefinitionProcessor.processTestDefinition(AbstractJUnitTestDefinitionProcessor.java:65)
  at org.gradle.api.internal.tasks.testing.SuiteTestDefinitionProcessor.processTestDefinition(SuiteTestDefinitionProcessor.java:54)
  at java.base/jdk.internal.reflect.DirectMethodHandleAccessor.invoke(DirectMethodHandleAccessor.java:104)
  at java.base/java.lang.reflect.Method.invoke(Method.java:565)
  at org.gradle.internal.dispatch.MethodInvocation.invokeOn(MethodInvocation.java:77)
  at org.gradle.internal.dispatch.ReflectionDispatch.dispatch(ReflectionDispatch.java:28)
  at org.gradle.internal.dispatch.ReflectionDispatch.dispatch(ReflectionDispatch.java:19)
  at org.gradle.internal.dispatch.ContextClassLoaderDispatch.dispatch(ContextClassLoaderDispatch.java:33)
  at org.gradle.internal.dispatch.ProxyDispatchAdapter$DispatchingInvocationHandler.invoke(ProxyDispatchAdapter.java:88)
  at jdk.proxy1/jdk.proxy1.$Proxy4.processTestDefinition(Unknown Source)
  at org.gradle.api.internal.tasks.testing.worker.TestWorker$2.run(TestWorker.java:178)
  at org.gradle.api.internal.tasks.testing.worker.TestWorker.executeAndMaintainThreadName(TestWorker.java:126)
  at org.gradle.api.internal.tasks.testing.worker.TestWorker.execute(TestWorker.java:103)
  at org.gradle.api.internal.tasks.testing.worker.TestWorker.execute(TestWorker.java:63)
  at org.gradle.process.internal.worker.child.ActionExecutionWorker.execute(ActionExecutionWorker.java:56)
  at org.gradle.process.internal.worker.child.SystemApplicationClassLoaderWorker.call(SystemApplicationClassLoaderWorker.java:122)
  at org.gradle.process.internal.worker.child.SystemApplicationClassLoaderWorker.call(SystemApplicationClassLoaderWorker.java:72)
  at worker.org.gradle.process.internal.worker.GradleWorkerMain.run(GradleWorkerMain.java:69)
  at worker.org.gradle.process.internal.worker.GradleWorkerMain.main(GradleWorkerMain.java:74)
</stacktrace>
</test-failure>


TypeScriptCompilerTests_C[jvm] > cachedModuleResolution8_ts has expected errors matching cachedModuleResolution8_errors_txt[jvm] FAILED

<test-failure test="com.xemantic.typescript.compiler.TypeScriptCompilerTests_C.capturedParametersInInitializers2_ts__target_es2015__has expected errors matching baseline" platform="jvm">
<message>
Expected diagnostics from baseline typescript-repo/tests/baselines/reference/capturedParametersInInitializers2(target=es2015).errors.txt but none produced
</message>
<stacktrace>
  at com.xemantic.typescript.compiler.TypeScriptTestSupportKt.errorsMatchBaseline(TypeScriptTestSupport.kt:125)
  at com.xemantic.typescript.compiler.TypeScriptCompilerTests_C.capturedParametersInInitializers2_ts__target_es2015__has expected errors matching baseline(TypeScriptCompilerTests_C.kt:882)
  at java.base/jdk.internal.reflect.DirectMethodHandleAccessor.invoke(DirectMethodHandleAccessor.java:104)
  at java.base/java.lang.reflect.Method.invoke(Method.java:565)
  at org.junit.runners.model.FrameworkMethod$1.runReflectiveCall(FrameworkMethod.java:59)
  at org.junit.internal.runners.model.ReflectiveCallable.run(ReflectiveCallable.java:12)
  at org.junit.runners.model.FrameworkMethod.invokeExplosively(FrameworkMethod.java:56)
  at org.junit.internal.runners.statements.InvokeMethod.evaluate(InvokeMethod.java:17)
  at org.junit.runners.ParentRunner$3.evaluate(ParentRunner.java:306)
  at org.junit.runners.BlockJUnit4ClassRunner$1.evaluate(BlockJUnit4ClassRunner.java:100)
  at org.junit.runners.ParentRunner.runLeaf(ParentRunner.java:366)
  at org.junit.runners.BlockJUnit4ClassRunner.runChild(BlockJUnit4ClassRunner.java:103)
  at org.junit.runners.BlockJUnit4ClassRunner.runChild(BlockJUnit4ClassRunner.java:63)
  at org.junit.runners.ParentRunner$4.run(ParentRunner.java:331)
  at org.junit.runners.ParentRunner$1.schedule(ParentRunner.java:79)
  at org.junit.runners.ParentRunner.runChildren(ParentRunner.java:329)
  at org.junit.runners.ParentRunner.access$100(ParentRunner.java:66)
  at org.junit.runners.ParentRunner$2.evaluate(ParentRunner.java:293)
  at org.junit.runners.ParentRunner$3.evaluate(ParentRunner.java:306)
  at org.junit.runners.ParentRunner.run(ParentRunner.java:413)
  at org.junit.runner.JUnitCore.run(JUnitCore.java:137)
  at org.junit.runner.JUnitCore.run(JUnitCore.java:115)
  at org.gradle.api.internal.tasks.testing.junit.JUnitTestExecutor.runRequest(JUnitTestExecutor.java:175)
  at org.gradle.api.internal.tasks.testing.junit.JUnitTestExecutor.accept(JUnitTestExecutor.java:84)
  at org.gradle.api.internal.tasks.testing.junit.JUnitTestExecutor.accept(JUnitTestExecutor.java:47)
  at org.gradle.api.internal.tasks.testing.junit.AbstractJUnitTestDefinitionProcessor.processTestDefinition(AbstractJUnitTestDefinitionProcessor.java:65)
  at org.gradle.api.internal.tasks.testing.SuiteTestDefinitionProcessor.processTestDefinition(SuiteTestDefinitionProcessor.java:54)
  at java.base/jdk.internal.reflect.DirectMethodHandleAccessor.invoke(DirectMethodHandleAccessor.java:104)
  at java.base/java.lang.reflect.Method.invoke(Method.java:565)
  at org.gradle.internal.dispatch.MethodInvocation.invokeOn(MethodInvocation.java:77)
  at org.gradle.internal.dispatch.ReflectionDispatch.dispatch(ReflectionDispatch.java:28)
  at org.gradle.internal.dispatch.ReflectionDispatch.dispatch(ReflectionDispatch.java:19)
  at org.gradle.internal.dispatch.ContextClassLoaderDispatch.dispatch(ContextClassLoaderDispatch.java:33)
  at org.gradle.internal.dispatch.ProxyDispatchAdapter$DispatchingInvocationHandler.invoke(ProxyDispatchAdapter.java:88)
  at jdk.proxy1/jdk.proxy1.$Proxy4.processTestDefinition(Unknown Source)
  at org.gradle.api.internal.tasks.testing.worker.TestWorker$2.run(TestWorker.java:178)
  at org.gradle.api.internal.tasks.testing.worker.TestWorker.executeAndMaintainThreadName(TestWorker.java:126)
  at org.gradle.api.internal.tasks.testing.worker.TestWorker.execute(TestWorker.java:103)
  at org.gradle.api.internal.tasks.testing.worker.TestWorker.execute(TestWorker.java:63)
  at org.gradle.process.internal.worker.child.ActionExecutionWorker.execute(ActionExecutionWorker.java:56)
  at org.gradle.process.internal.worker.child.SystemApplicationClassLoaderWorker.call(SystemApplicationClassLoaderWorker.java:122)
  at org.gradle.process.internal.worker.child.SystemApplicationClassLoaderWorker.call(SystemApplicationClassLoaderWorker.java:72)
  at worker.org.gradle.process.internal.worker.GradleWorkerMain.run(GradleWorkerMain.java:69)
  at worker.org.gradle.process.internal.worker.GradleWorkerMain.main(GradleWorkerMain.java:74)
</stacktrace>
</test-failure>


TypeScriptCompilerTests_C[jvm] > capturedParametersInInitializers2_ts__target_es2015__has expected errors matching baseline[jvm] FAILED

<test-failure test="com.xemantic.typescript.compiler.TypeScriptCompilerTests_C.classMergedWithInterfaceMultipleBasesNoError_ts has expected errors matching classMergedWithInterfaceMultipleBasesNoError_errors_txt" platform="jvm">
<message>
Expected diagnostics from baseline typescript-repo/tests/baselines/reference/classMergedWithInterfaceMultipleBasesNoError.errors.txt but none produced
</message>
<stacktrace>
  at com.xemantic.typescript.compiler.TypeScriptTestSupportKt.errorsMatchBaseline(TypeScriptTestSupport.kt:125)
  at com.xemantic.typescript.compiler.TypeScriptCompilerTests_C.classMergedWithInterfaceMultipleBasesNoError_ts has expected errors matching classMergedWithInterfaceMultipleBasesNoError_errors_txt(TypeScriptCompilerTests_C.kt:2730)
  at java.base/jdk.internal.reflect.DirectMethodHandleAccessor.invoke(DirectMethodHandleAccessor.java:104)
  at java.base/java.lang.reflect.Method.invoke(Method.java:565)
  at org.junit.runners.model.FrameworkMethod$1.runReflectiveCall(FrameworkMethod.java:59)
  at org.junit.internal.runners.model.ReflectiveCallable.run(ReflectiveCallable.java:12)
  at org.junit.runners.model.FrameworkMethod.invokeExplosively(FrameworkMethod.java:56)
  at org.junit.internal.runners.statements.InvokeMethod.evaluate(InvokeMethod.java:17)
  at org.junit.runners.ParentRunner$3.evaluate(ParentRunner.java:306)
  at org.junit.runners.BlockJUnit4ClassRunner$1.evaluate(BlockJUnit4ClassRunner.java:100)
  at org.junit.runners.ParentRunner.runLeaf(ParentRunner.java:366)
  at org.junit.runners.BlockJUnit4ClassRunner.runChild(BlockJUnit4ClassRunner.java:103)
  at org.junit.runners.BlockJUnit4ClassRunner.runChild(BlockJUnit4ClassRunner.java:63)
  at org.junit.runners.ParentRunner$4.run(ParentRunner.java:331)
  at org.junit.runners.ParentRunner$1.schedule(ParentRunner.java:79)
  at org.junit.runners.ParentRunner.runChildren(ParentRunner.java:329)
  at org.junit.runners.ParentRunner.access$100(ParentRunner.java:66)
  at org.junit.runners.ParentRunner$2.evaluate(ParentRunner.java:293)
  at org.junit.runners.ParentRunner$3.evaluate(ParentRunner.java:306)
  at org.junit.runners.ParentRunner.run(ParentRunner.java:413)
  at org.junit.runner.JUnitCore.run(JUnitCore.java:137)
  at org.junit.runner.JUnitCore.run(JUnitCore.java:115)
  at org.gradle.api.internal.tasks.testing.junit.JUnitTestExecutor.runRequest(JUnitTestExecutor.java:175)
  at org.gradle.api.internal.tasks.testing.junit.JUnitTestExecutor.accept(JUnitTestExecutor.java:84)
  at org.gradle.api.internal.tasks.testing.junit.JUnitTestExecutor.accept(JUnitTestExecutor.java:47)
  at org.gradle.api.internal.tasks.testing.junit.AbstractJUnitTestDefinitionProcessor.processTestDefinition(AbstractJUnitTestDefinitionProcessor.java:65)
  at org.gradle.api.internal.tasks.testing.SuiteTestDefinitionProcessor.processTestDefinition(SuiteTestDefinitionProcessor.java:54)
  at java.base/jdk.internal.reflect.DirectMethodHandleAccessor.invoke(DirectMethodHandleAccessor.java:104)
  at java.base/java.lang.reflect.Method.invoke(Method.java:565)
  at org.gradle.internal.dispatch.MethodInvocation.invokeOn(MethodInvocation.java:77)
  at org.gradle.internal.dispatch.ReflectionDispatch.dispatch(ReflectionDispatch.java:28)
  at org.gradle.internal.dispatch.ReflectionDispatch.dispatch(ReflectionDispatch.java:19)
  at org.gradle.internal.dispatch.ContextClassLoaderDispatch.dispatch(ContextClassLoaderDispatch.java:33)
  at org.gradle.internal.dispatch.ProxyDispatchAdapter$DispatchingInvocationHandler.invoke(ProxyDispatchAdapter.java:88)
  at jdk.proxy1/jdk.proxy1.$Proxy4.processTestDefinition(Unknown Source)
  at org.gradle.api.internal.tasks.testing.worker.TestWorker$2.run(TestWorker.java:178)
  at org.gradle.api.internal.tasks.testing.worker.TestWorker.executeAndMaintainThreadName(TestWorker.java:126)
  at org.gradle.api.internal.tasks.testing.worker.TestWorker.execute(TestWorker.java:103)
  at org.gradle.api.internal.tasks.testing.worker.TestWorker.execute(TestWorker.java:63)
  at org.gradle.process.internal.worker.child.ActionExecutionWorker.execute(ActionExecutionWorker.java:56)
  at org.gradle.process.internal.worker.child.SystemApplicationClassLoaderWorker.call(SystemApplicationClassLoaderWorker.java:122)
  at org.gradle.process.internal.worker.child.SystemApplicationClassLoaderWorker.call(SystemApplicationClassLoaderWorker.java:72)
  at worker.org.gradle.process.internal.worker.GradleWorkerMain.run(GradleWorkerMain.java:69)
  at worker.org.gradle.process.internal.worker.GradleWorkerMain.main(GradleWorkerMain.java:74)
</stacktrace>
</test-failure>


TypeScriptCompilerTests_C[jvm] > classMergedWithInterfaceMultipleBasesNoError_ts has expected errors matching classMergedWithInterfaceMultipleBasesNoError_errors_txt[jvm] FAILED

<test-failure test="com.xemantic.typescript.compiler.TypeScriptCompilerTests_C.complicatedPrivacy_ts__target_es2015__has expected errors matching baseline" platform="jvm">
<message>
--- expected
+++ actual
@@ -1,9 +1,7 @@
 complicatedPrivacy.ts(11,24): error TS1054: A 'get' accessor cannot have parameters.
-complicatedPrivacy.ts(35,6): error TS2693: 'number' only refers to a type, but is being used as a value here.
-complicatedPrivacy.ts(73,55): error TS2694: Namespace 'mglo5' has no exported member 'i6'.
 
 
-==== complicatedPrivacy.ts (3 errors) ====
+==== complicatedPrivacy.ts (1 errors) ====
     namespace m1 {
         export namespace m2 {
     
@@ -41,8 +39,6 @@
         export function f4(arg1: 
         {
         [number]: C1; // Used to be indexer, now it is a computed property
-         ~~~~~~
-!!! error TS2693: 'number' only refers to a type, but is being used as a value here.
         }) {
         }
     
@@ -81,8 +77,6 @@
         export namespace m3 {
     
             export class c_pr  implements mglo5.i5, mglo5.i6 {
-                                                          ~~
-!!! error TS2694: Namespace 'mglo5' has no exported member 'i6'.
                 f1() {
                     return "Hello";
                 }

</message>
<stacktrace>
  at org.junit.Assert.fail(Assert.java:89)
  at kotlin.test.junit.JUnitAsserter.fail(JUnitSupport.kt:56)
  at kotlin.test.AssertionsKt__AssertionsKt.fail(Assertions.kt:563)
  at kotlin.test.AssertionsKt.fail(Unknown Source)
  at com.xemantic.kotlin.test.SameAsKt.sameAs(SameAs.kt:52)
  at com.xemantic.typescript.compiler.TypeScriptTestSupportKt.errorsMatchBaseline(TypeScriptTestSupport.kt:135)
  at com.xemantic.typescript.compiler.TypeScriptCompilerTests_C.complicatedPrivacy_ts__target_es2015__has expected errors matching baseline(TypeScriptCompilerTests_C.kt:5236)
  at java.base/jdk.internal.reflect.DirectMethodHandleAccessor.invoke(DirectMethodHandleAccessor.java:104)
  at java.base/java.lang.reflect.Method.invoke(Method.java:565)
  at org.junit.runners.model.FrameworkMethod$1.runReflectiveCall(FrameworkMethod.java:59)
  at org.junit.internal.runners.model.ReflectiveCallable.run(ReflectiveCallable.java:12)
  at org.junit.runners.model.FrameworkMethod.invokeExplosively(FrameworkMethod.java:56)
  at org.junit.internal.runners.statements.InvokeMethod.evaluate(InvokeMethod.java:17)
  at org.junit.runners.ParentRunner$3.evaluate(ParentRunner.java:306)
  at org.junit.runners.BlockJUnit4ClassRunner$1.evaluate(BlockJUnit4ClassRunner.java:100)
  at org.junit.runners.ParentRunner.runLeaf(ParentRunner.java:366)
  at org.junit.runners.BlockJUnit4ClassRunner.runChild(BlockJUnit4ClassRunner.java:103)
  at org.junit.runners.BlockJUnit4ClassRunner.runChild(BlockJUnit4ClassRunner.java:63)
  at org.junit.runners.ParentRunner$4.run(ParentRunner.java:331)
  at org.junit.runners.ParentRunner$1.schedule(ParentRunner.java:79)
  at org.junit.runners.ParentRunner.runChildren(ParentRunner.java:329)
  at org.junit.runners.ParentRunner.access$100(ParentRunner.java:66)
  at org.junit.runners.ParentRunner$2.evaluate(ParentRunner.java:293)
  at org.junit.runners.ParentRunner$3.evaluate(ParentRunner.java:306)
  at org.junit.runners.ParentRunner.run(ParentRunner.java:413)
  at org.junit.runner.JUnitCore.run(JUnitCore.java:137)
  at org.junit.runner.JUnitCore.run(JUnitCore.java:115)
  at org.gradle.api.internal.tasks.testing.junit.JUnitTestExecutor.runRequest(JUnitTestExecutor.java:175)
  at org.gradle.api.internal.tasks.testing.junit.JUnitTestExecutor.accept(JUnitTestExecutor.java:84)
  at org.gradle.api.internal.tasks.testing.junit.JUnitTestExecutor.accept(JUnitTestExecutor.java:47)
  at org.gradle.api.internal.tasks.testing.junit.AbstractJUnitTestDefinitionProcessor.processTestDefinition(AbstractJUnitTestDefinitionProcessor.java:65)
  at org.gradle.api.internal.tasks.testing.SuiteTestDefinitionProcessor.processTestDefinition(SuiteTestDefinitionProcessor.java:54)
  at java.base/jdk.internal.reflect.DirectMethodHandleAccessor.invoke(DirectMethodHandleAccessor.java:104)
  at java.base/java.lang.reflect.Method.invoke(Method.java:565)
  at org.gradle.internal.dispatch.MethodInvocation.invokeOn(MethodInvocation.java:77)
  at org.gradle.internal.dispatch.ReflectionDispatch.dispatch(ReflectionDispatch.java:28)
  at org.gradle.internal.dispatch.ReflectionDispatch.dispatch(ReflectionDispatch.java:19)
  at org.gradle.internal.dispatch.ContextClassLoaderDispatch.dispatch(ContextClassLoaderDispatch.java:33)
  at org.gradle.internal.dispatch.ProxyDispatchAdapter$DispatchingInvocationHandler.invoke(ProxyDispatchAdapter.java:88)
  at jdk.proxy1/jdk.proxy1.$Proxy4.processTestDefinition(Unknown Source)
  at org.gradle.api.internal.tasks.testing.worker.TestWorker$2.run(TestWorker.java:178)
  at org.gradle.api.internal.tasks.testing.worker.TestWorker.executeAndMaintainThreadName(TestWorker.java:126)
  at org.gradle.api.internal.tasks.testing.worker.TestWorker.execute(TestWorker.java:103)
  at org.gradle.api.internal.tasks.testing.worker.TestWorker.execute(TestWorker.java:63)
  at org.gradle.process.internal.worker.child.ActionExecutionWorker.execute(ActionExecutionWorker.java:56)
  at org.gradle.process.internal.worker.child.SystemApplicationClassLoaderWorker.call(SystemApplicationClassLoaderWorker.java:122)
  at org.gradle.process.internal.worker.child.SystemApplicationClassLoaderWorker.call(SystemApplicationClassLoaderWorker.java:72)
  at worker.org.gradle.process.internal.worker.GradleWorkerMain.run(GradleWorkerMain.java:69)
  at worker.org.gradle.process.internal.worker.GradleWorkerMain.main(GradleWorkerMain.java:74)
</stacktrace>
</test-failure>


TypeScriptCompilerTests_C[jvm] > complicatedPrivacy_ts__target_es2015__has expected errors matching baseline[jvm] FAILED

<test-failure test="com.xemantic.typescript.compiler.TypeScriptCompilerTests_C.callOnInstance_ts has expected errors matching callOnInstance_errors_txt" platform="jvm">
<message>
Expected diagnostics from baseline typescript-repo/tests/baselines/reference/callOnInstance.errors.txt but none produced
</message>
<stacktrace>
  at com.xemantic.typescript.compiler.TypeScriptTestSupportKt.errorsMatchBaseline(TypeScriptTestSupport.kt:125)
  at com.xemantic.typescript.compiler.TypeScriptCompilerTests_C.callOnInstance_ts has expected errors matching callOnInstance_errors_txt(TypeScriptCompilerTests_C.kt:399)
  at java.base/jdk.internal.reflect.DirectMethodHandleAccessor.invoke(DirectMethodHandleAccessor.java:104)
  at java.base/java.lang.reflect.Method.invoke(Method.java:565)
  at org.junit.runners.model.FrameworkMethod$1.runReflectiveCall(FrameworkMethod.java:59)
  at org.junit.internal.runners.model.ReflectiveCallable.run(ReflectiveCallable.java:12)
  at org.junit.runners.model.FrameworkMethod.invokeExplosively(FrameworkMethod.java:56)
  at org.junit.internal.runners.statements.InvokeMethod.evaluate(InvokeMethod.java:17)
  at org.junit.runners.ParentRunner$3.evaluate(ParentRunner.java:306)
  at org.junit.runners.BlockJUnit4ClassRunner$1.evaluate(BlockJUnit4ClassRunner.java:100)
  at org.junit.runners.ParentRunner.runLeaf(ParentRunner.java:366)
  at org.junit.runners.BlockJUnit4ClassRunner.runChild(BlockJUnit4ClassRunner.java:103)
  at org.junit.runners.BlockJUnit4ClassRunner.runChild(BlockJUnit4ClassRunner.java:63)
  at org.junit.runners.ParentRunner$4.run(ParentRunner.java:331)
  at org.junit.runners.ParentRunner$1.schedule(ParentRunner.java:79)
  at org.junit.runners.ParentRunner.runChildren(ParentRunner.java:329)
  at org.junit.runners.ParentRunner.access$100(ParentRunner.java:66)
  at org.junit.runners.ParentRunner$2.evaluate(ParentRunner.java:293)
  at org.junit.runners.ParentRunner$3.evaluate(ParentRunner.java:306)
  at org.junit.runners.ParentRunner.run(ParentRunner.java:413)
  at org.junit.runner.JUnitCore.run(JUnitCore.java:137)
  at org.junit.runner.JUnitCore.run(JUnitCore.java:115)
  at org.gradle.api.internal.tasks.testing.junit.JUnitTestExecutor.runRequest(JUnitTestExecutor.java:175)
  at org.gradle.api.internal.tasks.testing.junit.JUnitTestExecutor.accept(JUnitTestExecutor.java:84)
  at org.gradle.api.internal.tasks.testing.junit.JUnitTestExecutor.accept(JUnitTestExecutor.java:47)
  at org.gradle.api.internal.tasks.testing.junit.AbstractJUnitTestDefinitionProcessor.processTestDefinition(AbstractJUnitTestDefinitionProcessor.java:65)
  at org.gradle.api.internal.tasks.testing.SuiteTestDefinitionProcessor.processTestDefinition(SuiteTestDefinitionProcessor.java:54)
  at java.base/jdk.internal.reflect.DirectMethodHandleAccessor.invoke(DirectMethodHandleAccessor.java:104)
  at java.base/java.lang.reflect.Method.invoke(Method.java:565)
  at org.gradle.internal.dispatch.MethodInvocation.invokeOn(MethodInvocation.java:77)
  at org.gradle.internal.dispatch.ReflectionDispatch.dispatch(ReflectionDispatch.java:28)
  at org.gradle.internal.dispatch.ReflectionDispatch.dispatch(ReflectionDispatch.java:19)
  at org.gradle.internal.dispatch.ContextClassLoaderDispatch.dispatch(ContextClassLoaderDispatch.java:33)
  at org.gradle.internal.dispatch.ProxyDispatchAdapter$DispatchingInvocationHandler.invoke(ProxyDispatchAdapter.java:88)
  at jdk.proxy1/jdk.proxy1.$Proxy4.processTestDefinition(Unknown Source)
  at org.gradle.api.internal.tasks.testing.worker.TestWorker$2.run(TestWorker.java:178)
  at org.gradle.api.internal.tasks.testing.worker.TestWorker.executeAndMaintainThreadName(TestWorker.java:126)
  at org.gradle.api.internal.tasks.testing.worker.TestWorker.execute(TestWorker.java:103)
  at org.gradle.api.internal.tasks.testing.worker.TestWorker.execute(TestWorker.java:63)
  at org.gradle.process.internal.worker.child.ActionExecutionWorker.execute(ActionExecutionWorker.java:56)
  at org.gradle.process.internal.worker.child.SystemApplicationClassLoaderWorker.call(SystemApplicationClassLoaderWorker.java:122)
  at org.gradle.process.internal.worker.child.SystemApplicationClassLoaderWorker.call(SystemApplicationClassLoaderWorker.java:72)
  at worker.org.gradle.process.internal.worker.GradleWorkerMain.run(GradleWorkerMain.java:69)
  at worker.org.gradle.process.internal.worker.GradleWorkerMain.main(GradleWorkerMain.java:74)
</stacktrace>
</test-failure>


TypeScriptCompilerTests_C[jvm] > callOnInstance_ts has expected errors matching callOnInstance_errors_txt[jvm] FAILED

<test-failure test="com.xemantic.typescript.compiler.TypeScriptCompilerTests_C.classExtendsNull2_ts has expected errors matching classExtendsNull2_errors_txt" platform="jvm">
<message>
--- expected
+++ actual
@@ -1,15 +1,12 @@
-classExtendsNull2.ts(5,7): error TS2417: Class static side 'typeof C' incorrectly extends base class static side 'null'.
 classExtendsNull2.ts(7,5): error TS17005: A constructor cannot contain a 'super' call when its class extends 'null'.
 
 
-==== classExtendsNull2.ts (2 errors) ====
+==== classExtendsNull2.ts (1 errors) ====
     // https://github.com/microsoft/TypeScript/issues/55499
     
     interface Base {}
     
     class C extends null {
-          ~
-!!! error TS2417: Class static side 'typeof C' incorrectly extends base class static side 'null'.
       constructor() {
         super();
         ~~~~~~~

</message>
<stacktrace>
  at org.junit.Assert.fail(Assert.java:89)
  at kotlin.test.junit.JUnitAsserter.fail(JUnitSupport.kt:56)
  at kotlin.test.AssertionsKt__AssertionsKt.fail(Assertions.kt:563)
  at kotlin.test.AssertionsKt.fail(Unknown Source)
  at com.xemantic.kotlin.test.SameAsKt.sameAs(SameAs.kt:52)
  at com.xemantic.typescript.compiler.TypeScriptTestSupportKt.errorsMatchBaseline(TypeScriptTestSupport.kt:135)
  at com.xemantic.typescript.compiler.TypeScriptCompilerTests_C.classExtendsNull2_ts has expected errors matching classExtendsNull2_errors_txt(TypeScriptCompilerTests_C.kt:2254)
  at java.base/jdk.internal.reflect.DirectMethodHandleAccessor.invoke(DirectMethodHandleAccessor.java:104)
  at java.base/java.lang.reflect.Method.invoke(Method.java:565)
  at org.junit.runners.model.FrameworkMethod$1.runReflectiveCall(FrameworkMethod.java:59)
  at org.junit.internal.runners.model.ReflectiveCallable.run(ReflectiveCallable.java:12)
  at org.junit.runners.model.FrameworkMethod.invokeExplosively(FrameworkMethod.java:56)
  at org.junit.internal.runners.statements.InvokeMethod.evaluate(InvokeMethod.java:17)
  at org.junit.runners.ParentRunner$3.evaluate(ParentRunner.java:306)
  at org.junit.runners.BlockJUnit4ClassRunner$1.evaluate(BlockJUnit4ClassRunner.java:100)
  at org.junit.runners.ParentRunner.runLeaf(ParentRunner.java:366)
  at org.junit.runners.BlockJUnit4ClassRunner.runChild(BlockJUnit4ClassRunner.java:103)
  at org.junit.runners.BlockJUnit4ClassRunner.runChild(BlockJUnit4ClassRunner.java:63)
  at org.junit.runners.ParentRunner$4.run(ParentRunner.java:331)
  at org.junit.runners.ParentRunner$1.schedule(ParentRunner.java:79)
  at org.junit.runners.ParentRunner.runChildren(ParentRunner.java:329)
  at org.junit.runners.ParentRunner.access$100(ParentRunner.java:66)
  at org.junit.runners.ParentRunner$2.evaluate(ParentRunner.java:293)
  at org.junit.runners.ParentRunner$3.evaluate(ParentRunner.java:306)
  at org.junit.runners.ParentRunner.run(ParentRunner.java:413)
  at org.junit.runner.JUnitCore.run(JUnitCore.java:137)
  at org.junit.runner.JUnitCore.run(JUnitCore.java:115)
  at org.gradle.api.internal.tasks.testing.junit.JUnitTestExecutor.runRequest(JUnitTestExecutor.java:175)
  at org.gradle.api.internal.tasks.testing.junit.JUnitTestExecutor.accept(JUnitTestExecutor.java:84)
  at org.gradle.api.internal.tasks.testing.junit.JUnitTestExecutor.accept(JUnitTestExecutor.java:47)
  at org.gradle.api.internal.tasks.testing.junit.AbstractJUnitTestDefinitionProcessor.processTestDefinition(AbstractJUnitTestDefinitionProcessor.java:65)
  at org.gradle.api.internal.tasks.testing.SuiteTestDefinitionProcessor.processTestDefinition(SuiteTestDefinitionProcessor.java:54)
  at java.base/jdk.internal.reflect.DirectMethodHandleAccessor.invoke(DirectMethodHandleAccessor.java:104)
  at java.base/java.lang.reflect.Method.invoke(Method.java:565)
  at org.gradle.internal.dispatch.MethodInvocation.invokeOn(MethodInvocation.java:77)
  at org.gradle.internal.dispatch.ReflectionDispatch.dispatch(ReflectionDispatch.java:28)
  at org.gradle.internal.dispatch.ReflectionDispatch.dispatch(ReflectionDispatch.java:19)
  at org.gradle.internal.dispatch.ContextClassLoaderDispatch.dispatch(ContextClassLoaderDispatch.java:33)
  at org.gradle.internal.dispatch.ProxyDispatchAdapter$DispatchingInvocationHandler.invoke(ProxyDispatchAdapter.java:88)
  at jdk.proxy1/jdk.proxy1.$Proxy4.processTestDefinition(Unknown Source)
  at org.gradle.api.internal.tasks.testing.worker.TestWorker$2.run(TestWorker.java:178)
  at org.gradle.api.internal.tasks.testing.worker.TestWorker.executeAndMaintainThreadName(TestWorker.java:126)
  at org.gradle.api.internal.tasks.testing.worker.TestWorker.execute(TestWorker.java:103)
  at org.gradle.api.internal.tasks.testing.worker.TestWorker.execute(TestWorker.java:63)
  at org.gradle.process.internal.worker.child.ActionExecutionWorker.execute(ActionExecutionWorker.java:56)
  at org.gradle.process.internal.worker.child.SystemApplicationClassLoaderWorker.call(SystemApplicationClassLoaderWorker.java:122)
  at org.gradle.process.internal.worker.child.SystemApplicationClassLoaderWorker.call(SystemApplicationClassLoaderWorker.java:72)
  at worker.org.gradle.process.internal.worker.GradleWorkerMain.run(GradleWorkerMain.java:69)
  at worker.org.gradle.process.internal.worker.GradleWorkerMain.main(GradleWorkerMain.java:74)
</stacktrace>
</test-failure>


TypeScriptCompilerTests_C[jvm] > classExtendsNull2_ts has expected errors matching classExtendsNull2_errors_txt[jvm] FAILED

<test-failure test="com.xemantic.typescript.compiler.TypeScriptCompilerTests_C.conditionalTypeDoesntSpinForever_ts has expected errors matching conditionalTypeDoesntSpinForever_errors_txt" platform="jvm">
<message>
Expected diagnostics from baseline typescript-repo/tests/baselines/reference/conditionalTypeDoesntSpinForever.errors.txt but none produced
</message>
<stacktrace>
  at com.xemantic.typescript.compiler.TypeScriptTestSupportKt.errorsMatchBaseline(TypeScriptTestSupport.kt:125)
  at com.xemantic.typescript.compiler.TypeScriptCompilerTests_C.conditionalTypeDoesntSpinForever_ts has expected errors matching conditionalTypeDoesntSpinForever_errors_txt(TypeScriptCompilerTests_C.kt:5775)
  at java.base/jdk.internal.reflect.DirectMethodHandleAccessor.invoke(DirectMethodHandleAccessor.java:104)
  at java.base/java.lang.reflect.Method.invoke(Method.java:565)
  at org.junit.runners.model.FrameworkMethod$1.runReflectiveCall(FrameworkMethod.java:59)
  at org.junit.internal.runners.model.ReflectiveCallable.run(ReflectiveCallable.java:12)
  at org.junit.runners.model.FrameworkMethod.invokeExplosively(FrameworkMethod.java:56)
  at org.junit.internal.runners.statements.InvokeMethod.evaluate(InvokeMethod.java:17)
  at org.junit.runners.ParentRunner$3.evaluate(ParentRunner.java:306)
  at org.junit.runners.BlockJUnit4ClassRunner$1.evaluate(BlockJUnit4ClassRunner.java:100)
  at org.junit.runners.ParentRunner.runLeaf(ParentRunner.java:366)
  at org.junit.runners.BlockJUnit4ClassRunner.runChild(BlockJUnit4ClassRunner.java:103)
  at org.junit.runners.BlockJUnit4ClassRunner.runChild(BlockJUnit4ClassRunner.java:63)
  at org.junit.runners.ParentRunner$4.run(ParentRunner.java:331)
  at org.junit.runners.ParentRunner$1.schedule(ParentRunner.java:79)
  at org.junit.runners.ParentRunner.runChildren(ParentRunner.java:329)
  at org.junit.runners.ParentRunner.access$100(ParentRunner.java:66)
  at org.junit.runners.ParentRunner$2.evaluate(ParentRunner.java:293)
  at org.junit.runners.ParentRunner$3.evaluate(ParentRunner.java:306)
  at org.junit.runners.ParentRunner.run(ParentRunner.java:413)
  at org.junit.runner.JUnitCore.run(JUnitCore.java:137)
  at org.junit.runner.JUnitCore.run(JUnitCore.java:115)
  at org.gradle.api.internal.tasks.testing.junit.JUnitTestExecutor.runRequest(JUnitTestExecutor.java:175)
  at org.gradle.api.internal.tasks.testing.junit.JUnitTestExecutor.accept(JUnitTestExecutor.java:84)
  at org.gradle.api.internal.tasks.testing.junit.JUnitTestExecutor.accept(JUnitTestExecutor.java:47)
  at org.gradle.api.internal.tasks.testing.junit.AbstractJUnitTestDefinitionProcessor.processTestDefinition(AbstractJUnitTestDefinitionProcessor.java:65)
  at org.gradle.api.internal.tasks.testing.SuiteTestDefinitionProcessor.processTestDefinition(SuiteTestDefinitionProcessor.java:54)
  at java.base/jdk.internal.reflect.DirectMethodHandleAccessor.invoke(DirectMethodHandleAccessor.java:104)
  at java.base/java.lang.reflect.Method.invoke(Method.java:565)
  at org.gradle.internal.dispatch.MethodInvocation.invokeOn(MethodInvocation.java:77)
  at org.gradle.internal.dispatch.ReflectionDispatch.dispatch(ReflectionDispatch.java:28)
  at org.gradle.internal.dispatch.ReflectionDispatch.dispatch(ReflectionDispatch.java:19)
  at org.gradle.internal.dispatch.ContextClassLoaderDispatch.dispatch(ContextClassLoaderDispatch.java:33)
  at org.gradle.internal.dispatch.ProxyDispatchAdapter$DispatchingInvocationHandler.invoke(ProxyDispatchAdapter.java:88)
  at jdk.proxy1/jdk.proxy1.$Proxy4.processTestDefinition(Unknown Source)
  at org.gradle.api.internal.tasks.testing.worker.TestWorker$2.run(TestWorker.java:178)
  at org.gradle.api.internal.tasks.testing.worker.TestWorker.executeAndMaintainThreadName(TestWorker.java:126)
  at org.gradle.api.internal.tasks.testing.worker.TestWorker.execute(TestWorker.java:103)
  at org.gradle.api.internal.tasks.testing.worker.TestWorker.execute(TestWorker.java:63)
  at org.gradle.process.internal.worker.child.ActionExecutionWorker.execute(ActionExecutionWorker.java:56)
  at org.gradle.process.internal.worker.child.SystemApplicationClassLoaderWorker.call(SystemApplicationClassLoaderWorker.java:122)
  at org.gradle.process.internal.worker.child.SystemApplicationClassLoaderWorker.call(SystemApplicationClassLoaderWorker.java:72)
  at worker.org.gradle.process.internal.worker.GradleWorkerMain.run(GradleWorkerMain.java:69)
  at worker.org.gradle.process.internal.worker.GradleWorkerMain.main(GradleWorkerMain.java:74)
</stacktrace>
</test-failure>


TypeScriptCompilerTests_C[jvm] > conditionalTypeDoesntSpinForever_ts has expected errors matching conditionalTypeDoesntSpinForever_errors_txt[jvm] FAILED

<test-failure test="com.xemantic.typescript.compiler.TypeScriptCompilerTests_C.classImplementsClass5_ts has expected errors matching classImplementsClass5_errors_txt" platform="jvm">
<message>
Expected diagnostics from baseline typescript-repo/tests/baselines/reference/classImplementsClass5.errors.txt but none produced
</message>
<stacktrace>
  at com.xemantic.typescript.compiler.TypeScriptTestSupportKt.errorsMatchBaseline(TypeScriptTestSupport.kt:125)
  at com.xemantic.typescript.compiler.TypeScriptCompilerTests_C.classImplementsClass5_ts has expected errors matching classImplementsClass5_errors_txt(TypeScriptCompilerTests_C.kt:2415)
  at java.base/jdk.internal.reflect.DirectMethodHandleAccessor.invoke(DirectMethodHandleAccessor.java:104)
  at java.base/java.lang.reflect.Method.invoke(Method.java:565)
  at org.junit.runners.model.FrameworkMethod$1.runReflectiveCall(FrameworkMethod.java:59)
  at org.junit.internal.runners.model.ReflectiveCallable.run(ReflectiveCallable.java:12)
  at org.junit.runners.model.FrameworkMethod.invokeExplosively(FrameworkMethod.java:56)
  at org.junit.internal.runners.statements.InvokeMethod.evaluate(InvokeMethod.java:17)
  at org.junit.runners.ParentRunner$3.evaluate(ParentRunner.java:306)
  at org.junit.runners.BlockJUnit4ClassRunner$1.evaluate(BlockJUnit4ClassRunner.java:100)
  at org.junit.runners.ParentRunner.runLeaf(ParentRunner.java:366)
  at org.junit.runners.BlockJUnit4ClassRunner.runChild(BlockJUnit4ClassRunner.java:103)
  at org.junit.runners.BlockJUnit4ClassRunner.runChild(BlockJUnit4ClassRunner.java:63)
  at org.junit.runners.ParentRunner$4.run(ParentRunner.java:331)
  at org.junit.runners.ParentRunner$1.schedule(ParentRunner.java:79)
  at org.junit.runners.ParentRunner.runChildren(ParentRunner.java:329)
  at org.junit.runners.ParentRunner.access$100(ParentRunner.java:66)
  at org.junit.runners.ParentRunner$2.evaluate(ParentRunner.java:293)
  at org.junit.runners.ParentRunner$3.evaluate(ParentRunner.java:306)
  at org.junit.runners.ParentRunner.run(ParentRunner.java:413)
  at org.junit.runner.JUnitCore.run(JUnitCore.java:137)
  at org.junit.runner.JUnitCore.run(JUnitCore.java:115)
  at org.gradle.api.internal.tasks.testing.junit.JUnitTestExecutor.runRequest(JUnitTestExecutor.java:175)
  at org.gradle.api.internal.tasks.testing.junit.JUnitTestExecutor.accept(JUnitTestExecutor.java:84)
  at org.gradle.api.internal.tasks.testing.junit.JUnitTestExecutor.accept(JUnitTestExecutor.java:47)
  at org.gradle.api.internal.tasks.testing.junit.AbstractJUnitTestDefinitionProcessor.processTestDefinition(AbstractJUnitTestDefinitionProcessor.java:65)
  at org.gradle.api.internal.tasks.testing.SuiteTestDefinitionProcessor.processTestDefinition(SuiteTestDefinitionProcessor.java:54)
  at java.base/jdk.internal.reflect.DirectMethodHandleAccessor.invoke(DirectMethodHandleAccessor.java:104)
  at java.base/java.lang.reflect.Method.invoke(Method.java:565)
  at org.gradle.internal.dispatch.MethodInvocation.invokeOn(MethodInvocation.java:77)
  at org.gradle.internal.dispatch.ReflectionDispatch.dispatch(ReflectionDispatch.java:28)
  at org.gradle.internal.dispatch.ReflectionDispatch.dispatch(ReflectionDispatch.java:19)
  at org.gradle.internal.dispatch.ContextClassLoaderDispatch.dispatch(ContextClassLoaderDispatch.java:33)
  at org.gradle.internal.dispatch.ProxyDispatchAdapter$DispatchingInvocationHandler.invoke(ProxyDispatchAdapter.java:88)
  at jdk.proxy1/jdk.proxy1.$Proxy4.processTestDefinition(Unknown Source)
  at org.gradle.api.internal.tasks.testing.worker.TestWorker$2.run(TestWorker.java:178)
  at org.gradle.api.internal.tasks.testing.worker.TestWorker.executeAndMaintainThreadName(TestWorker.java:126)
  at org.gradle.api.internal.tasks.testing.worker.TestWorker.execute(TestWorker.java:103)
  at org.gradle.api.internal.tasks.testing.worker.TestWorker.execute(TestWorker.java:63)
  at org.gradle.process.internal.worker.child.ActionExecutionWorker.execute(ActionExecutionWorker.java:56)
  at org.gradle.process.internal.worker.child.SystemApplicationClassLoaderWorker.call(SystemApplicationClassLoaderWorker.java:122)
  at org.gradle.process.internal.worker.child.SystemApplicationClassLoaderWorker.call(SystemApplicationClassLoaderWorker.java:72)
  at worker.org.gradle.process.internal.worker.GradleWorkerMain.run(GradleWorkerMain.java:69)
  at worker.org.gradle.process.internal.worker.GradleWorkerMain.main(GradleWorkerMain.java:74)
</stacktrace>
</test-failure>


TypeScriptCompilerTests_C[jvm] > classImplementsClass5_ts has expected errors matching classImplementsClass5_errors_txt[jvm] FAILED

<test-failure test="com.xemantic.typescript.compiler.TypeScriptCompilerTests_C.controlFlowForFunctionLike1_ts has expected errors matching controlFlowForFunctionLike1_errors_txt" platform="jvm">
<message>
--- expected
+++ actual
@@ -1,5 +1,5 @@
-controlFlowForFunctionLike1.ts(10,12): error TS2345: Argument of type 'string' is not assignable to parameter of type 'number'.
-controlFlowForFunctionLike1.ts(31,10): error TS2345: Argument of type 'string' is not assignable to parameter of type 'number'.
+controlFlowForFunctionLike1.ts(6,3): error TS7030: Not all code paths return a value.
+controlFlowForFunctionLike1.ts(17,3): error TS7030: Not all code paths return a value.
 
 
 ==== controlFlowForFunctionLike1.ts (2 errors) ====
@@ -9,12 +9,12 @@
         return fn;
       }
       return;
+      ~~~~~~
+!!! error TS7030: Not all code paths return a value.
     }
     
     test1(0)?.(100);
     test1(0)?.("");
-               ~~
-!!! error TS2345: Argument of type 'string' is not assignable to parameter of type 'number'.
     
     function test2(a: number | string) {
       if (typeof a === "number") {
@@ -22,6 +22,8 @@
         return fn;
       }
       return;
+      ~~~~~~
+!!! error TS7030: Not all code paths return a value.
     }
     
     test2(0)?.(100);
@@ -36,8 +38,6 @@
     
     test3(1)(100);
     test3(1)("");
-             ~~
-!!! error TS2345: Argument of type 'string' is not assignable to parameter of type 'number'.
     
     function test4(a: number | string) {
       let fn = (arg: typeof a) => {};

</message>
<stacktrace>
  at org.junit.Assert.fail(Assert.java:89)
  at kotlin.test.junit.JUnitAsserter.fail(JUnitSupport.kt:56)
  at kotlin.test.AssertionsKt__AssertionsKt.fail(Assertions.kt:563)
  at kotlin.test.AssertionsKt.fail(Unknown Source)
  at com.xemantic.kotlin.test.SameAsKt.sameAs(SameAs.kt:52)
  at com.xemantic.typescript.compiler.TypeScriptTestSupportKt.errorsMatchBaseline(TypeScriptTestSupport.kt:135)
  at com.xemantic.typescript.compiler.TypeScriptCompilerTests_C.controlFlowForFunctionLike1_ts has expected errors matching controlFlowForFunctionLike1_errors_txt(TypeScriptCompilerTests_C.kt:8435)
  at java.base/jdk.internal.reflect.DirectMethodHandleAccessor.invoke(DirectMethodHandleAccessor.java:104)
  at java.base/java.lang.reflect.Method.invoke(Method.java:565)
  at org.junit.runners.model.FrameworkMethod$1.runReflectiveCall(FrameworkMethod.java:59)
  at org.junit.internal.runners.model.ReflectiveCallable.run(ReflectiveCallable.java:12)
  at org.junit.runners.model.FrameworkMethod.invokeExplosively(FrameworkMethod.java:56)
  at org.junit.internal.runners.statements.InvokeMethod.evaluate(InvokeMethod.java:17)
  at org.junit.runners.ParentRunner$3.evaluate(ParentRunner.java:306)
  at org.junit.runners.BlockJUnit4ClassRunner$1.evaluate(BlockJUnit4ClassRunner.java:100)
  at org.junit.runners.ParentRunner.runLeaf(ParentRunner.java:366)
  at org.junit.runners.BlockJUnit4ClassRunner.runChild(BlockJUnit4ClassRunner.java:103)
  at org.junit.runners.BlockJUnit4ClassRunner.runChild(BlockJUnit4ClassRunner.java:63)
  at org.junit.runners.ParentRunner$4.run(ParentRunner.java:331)
  at org.junit.runners.ParentRunner$1.schedule(ParentRunner.java:79)
  at org.junit.runners.ParentRunner.runChildren(ParentRunner.java:329)
  at org.junit.runners.ParentRunner.access$100(ParentRunner.java:66)
  at org.junit.runners.ParentRunner$2.evaluate(ParentRunner.java:293)
  at org.junit.runners.ParentRunner$3.evaluate(ParentRunner.java:306)
  at org.junit.runners.ParentRunner.run(ParentRunner.java:413)
  at org.junit.runner.JUnitCore.run(JUnitCore.java:137)
  at org.junit.runner.JUnitCore.run(JUnitCore.java:115)
  at org.gradle.api.internal.tasks.testing.junit.JUnitTestExecutor.runRequest(JUnitTestExecutor.java:175)
  at org.gradle.api.internal.tasks.testing.junit.JUnitTestExecutor.accept(JUnitTestExecutor.java:84)
  at org.gradle.api.internal.tasks.testing.junit.JUnitTestExecutor.accept(JUnitTestExecutor.java:47)
  at org.gradle.api.internal.tasks.testing.junit.AbstractJUnitTestDefinitionProcessor.processTestDefinition(AbstractJUnitTestDefinitionProcessor.java:65)
  at org.gradle.api.internal.tasks.testing.SuiteTestDefinitionProcessor.processTestDefinition(SuiteTestDefinitionProcessor.java:54)
  at java.base/jdk.internal.reflect.DirectMethodHandleAccessor.invoke(DirectMethodHandleAccessor.java:104)
  at java.base/java.lang.reflect.Method.invoke(Method.java:565)
  at org.gradle.internal.dispatch.MethodInvocation.invokeOn(MethodInvocation.java:77)
  at org.gradle.internal.dispatch.ReflectionDispatch.dispatch(ReflectionDispatch.java:28)
  at org.gradle.internal.dispatch.ReflectionDispatch.dispatch(ReflectionDispatch.java:19)
  at org.gradle.internal.dispatch.ContextClassLoaderDispatch.dispatch(ContextClassLoaderDispatch.java:33)
  at org.gradle.internal.dispatch.ProxyDispatchAdapter$DispatchingInvocationHandler.invoke(ProxyDispatchAdapter.java:88)
  at jdk.proxy1/jdk.proxy1.$Proxy4.processTestDefinition(Unknown Source)
  at org.gradle.api.internal.tasks.testing.worker.TestWorker$2.run(TestWorker.java:178)
  at org.gradle.api.internal.tasks.testing.worker.TestWorker.executeAndMaintainThreadName(TestWorker.java:126)
  at org.gradle.api.internal.tasks.testing.worker.TestWorker.execute(TestWorker.java:103)
  at org.gradle.api.internal.tasks.testing.worker.TestWorker.execute(TestWorker.java:63)
  at org.gradle.process.internal.worker.child.ActionExecutionWorker.execute(ActionExecutionWorker.java:56)
  at org.gradle.process.internal.worker.child.SystemApplicationClassLoaderWorker.call(SystemApplicationClassLoaderWorker.java:122)
  at org.gradle.process.internal.worker.child.SystemApplicationClassLoaderWorker.call(SystemApplicationClassLoaderWorker.java:72)
  at worker.org.gradle.process.internal.worker.GradleWorkerMain.run(GradleWorkerMain.java:69)
  at worker.org.gradle.process.internal.worker.GradleWorkerMain.main(GradleWorkerMain.java:74)
</stacktrace>
</test-failure>


TypeScriptCompilerTests_C[jvm] > controlFlowForFunctionLike1_ts has expected errors matching controlFlowForFunctionLike1_errors_txt[jvm] FAILED

<test-failure test="com.xemantic.typescript.compiler.TypeScriptCompilerTests_C.checkingObjectDefinePropertyOnFunctionNonexistentPropertyNoCrash1_ts has expected errors matching checkingObjectDefinePropertyOnFunctionNonexistentPropertyNoCrash1_errors_txt" platform="jvm">
<message>
Expected diagnostics from baseline typescript-repo/tests/baselines/reference/checkingObjectDefinePropertyOnFunctionNonexistentPropertyNoCrash1.errors.txt but none produced
</message>
<stacktrace>
  at com.xemantic.typescript.compiler.TypeScriptTestSupportKt.errorsMatchBaseline(TypeScriptTestSupport.kt:125)
  at com.xemantic.typescript.compiler.TypeScriptCompilerTests_C.checkingObjectDefinePropertyOnFunctionNonexistentPropertyNoCrash1_ts has expected errors matching checkingObjectDefinePropertyOnFunctionNonexistentPropertyNoCrash1_errors_txt(TypeScriptCompilerTests_C.kt:1533)
  at java.base/jdk.internal.reflect.DirectMethodHandleAccessor.invoke(DirectMethodHandleAccessor.java:104)
  at java.base/java.lang.reflect.Method.invoke(Method.java:565)
  at org.junit.runners.model.FrameworkMethod$1.runReflectiveCall(FrameworkMethod.java:59)
  at org.junit.internal.runners.model.ReflectiveCallable.run(ReflectiveCallable.java:12)
  at org.junit.runners.model.FrameworkMethod.invokeExplosively(FrameworkMethod.java:56)
  at org.junit.internal.runners.statements.InvokeMethod.evaluate(InvokeMethod.java:17)
  at org.junit.runners.ParentRunner$3.evaluate(ParentRunner.java:306)
  at org.junit.runners.BlockJUnit4ClassRunner$1.evaluate(BlockJUnit4ClassRunner.java:100)
  at org.junit.runners.ParentRunner.runLeaf(ParentRunner.java:366)
  at org.junit.runners.BlockJUnit4ClassRunner.runChild(BlockJUnit4ClassRunner.java:103)
  at org.junit.runners.BlockJUnit4ClassRunner.runChild(BlockJUnit4ClassRunner.java:63)
  at org.junit.runners.ParentRunner$4.run(ParentRunner.java:331)
  at org.junit.runners.ParentRunner$1.schedule(ParentRunner.java:79)
  at org.junit.runners.ParentRunner.runChildren(ParentRunner.java:329)
  at org.junit.runners.ParentRunner.access$100(ParentRunner.java:66)
  at org.junit.runners.ParentRunner$2.evaluate(ParentRunner.java:293)
  at org.junit.runners.ParentRunner$3.evaluate(ParentRunner.java:306)
  at org.junit.runners.ParentRunner.run(ParentRunner.java:413)
  at org.junit.runner.JUnitCore.run(JUnitCore.java:137)
  at org.junit.runner.JUnitCore.run(JUnitCore.java:115)
  at org.gradle.api.internal.tasks.testing.junit.JUnitTestExecutor.runRequest(JUnitTestExecutor.java:175)
  at org.gradle.api.internal.tasks.testing.junit.JUnitTestExecutor.accept(JUnitTestExecutor.java:84)
  at org.gradle.api.internal.tasks.testing.junit.JUnitTestExecutor.accept(JUnitTestExecutor.java:47)
  at org.gradle.api.internal.tasks.testing.junit.AbstractJUnitTestDefinitionProcessor.processTestDefinition(AbstractJUnitTestDefinitionProcessor.java:65)
  at org.gradle.api.internal.tasks.testing.SuiteTestDefinitionProcessor.processTestDefinition(SuiteTestDefinitionProcessor.java:54)
  at java.base/jdk.internal.reflect.DirectMethodHandleAccessor.invoke(DirectMethodHandleAccessor.java:104)
  at java.base/java.lang.reflect.Method.invoke(Method.java:565)
  at org.gradle.internal.dispatch.MethodInvocation.invokeOn(MethodInvocation.java:77)
  at org.gradle.internal.dispatch.ReflectionDispatch.dispatch(ReflectionDispatch.java:28)
  at org.gradle.internal.dispatch.ReflectionDispatch.dispatch(ReflectionDispatch.java:19)
  at org.gradle.internal.dispatch.ContextClassLoaderDispatch.dispatch(ContextClassLoaderDispatch.java:33)
  at org.gradle.internal.dispatch.ProxyDispatchAdapter$DispatchingInvocationHandler.invoke(ProxyDispatchAdapter.java:88)
  at jdk.proxy1/jdk.proxy1.$Proxy4.processTestDefinition(Unknown Source)
  at org.gradle.api.internal.tasks.testing.worker.TestWorker$2.run(TestWorker.java:178)
  at org.gradle.api.internal.tasks.testing.worker.TestWorker.executeAndMaintainThreadName(TestWorker.java:126)
  at org.gradle.api.internal.tasks.testing.worker.TestWorker.execute(TestWorker.java:103)
  at org.gradle.api.internal.tasks.testing.worker.TestWorker.execute(TestWorker.java:63)
  at org.gradle.process.internal.worker.child.ActionExecutionWorker.execute(ActionExecutionWorker.java:56)
  at org.gradle.process.internal.worker.child.SystemApplicationClassLoaderWorker.call(SystemApplicationClassLoaderWorker.java:122)
  at org.gradle.process.internal.worker.child.SystemApplicationClassLoaderWorker.call(SystemApplicationClassLoaderWorker.java:72)
  at worker.org.gradle.process.internal.worker.GradleWorkerMain.run(GradleWorkerMain.java:69)
  at worker.org.gradle.process.internal.worker.GradleWorkerMain.main(GradleWorkerMain.java:74)
</stacktrace>
</test-failure>


TypeScriptCompilerTests_C[jvm] > checkingObjectDefinePropertyOnFunctionNonexistentPropertyNoCrash1_ts has expected errors matching checkingObjectDefinePropertyOnFunctionNonexistentPropertyNoCrash1_errors_txt[jvm] FAILED

<test-failure test="com.xemantic.typescript.compiler.TypeScriptCompilerTests_C.classExtendsMultipleBaseClasses_ts has expected errors matching classExtendsMultipleBaseClasses_errors_txt" platform="jvm">
<message>
Expected diagnostics from baseline typescript-repo/tests/baselines/reference/classExtendsMultipleBaseClasses.errors.txt but none produced
</message>
<stacktrace>
  at com.xemantic.typescript.compiler.TypeScriptTestSupportKt.errorsMatchBaseline(TypeScriptTestSupport.kt:125)
  at com.xemantic.typescript.compiler.TypeScriptCompilerTests_C.classExtendsMultipleBaseClasses_ts has expected errors matching classExtendsMultipleBaseClasses_errors_txt(TypeScriptCompilerTests_C.kt:2233)
  at java.base/jdk.internal.reflect.DirectMethodHandleAccessor.invoke(DirectMethodHandleAccessor.java:104)
  at java.base/java.lang.reflect.Method.invoke(Method.java:565)
  at org.junit.runners.model.FrameworkMethod$1.runReflectiveCall(FrameworkMethod.java:59)
  at org.junit.internal.runners.model.ReflectiveCallable.run(ReflectiveCallable.java:12)
  at org.junit.runners.model.FrameworkMethod.invokeExplosively(FrameworkMethod.java:56)
  at org.junit.internal.runners.statements.InvokeMethod.evaluate(InvokeMethod.java:17)
  at org.junit.runners.ParentRunner$3.evaluate(ParentRunner.java:306)
  at org.junit.runners.BlockJUnit4ClassRunner$1.evaluate(BlockJUnit4ClassRunner.java:100)
  at org.junit.runners.ParentRunner.runLeaf(ParentRunner.java:366)
  at org.junit.runners.BlockJUnit4ClassRunner.runChild(BlockJUnit4ClassRunner.java:103)
  at org.junit.runners.BlockJUnit4ClassRunner.runChild(BlockJUnit4ClassRunner.java:63)
  at org.junit.runners.ParentRunner$4.run(ParentRunner.java:331)
  at org.junit.runners.ParentRunner$1.schedule(ParentRunner.java:79)
  at org.junit.runners.ParentRunner.runChildren(ParentRunner.java:329)
  at org.junit.runners.ParentRunner.access$100(ParentRunner.java:66)
  at org.junit.runners.ParentRunner$2.evaluate(ParentRunner.java:293)
  at org.junit.runners.ParentRunner$3.evaluate(ParentRunner.java:306)
  at org.junit.runners.ParentRunner.run(ParentRunner.java:413)
  at org.junit.runner.JUnitCore.run(JUnitCore.java:137)
  at org.junit.runner.JUnitCore.run(JUnitCore.java:115)
  at org.gradle.api.internal.tasks.testing.junit.JUnitTestExecutor.runRequest(JUnitTestExecutor.java:175)
  at org.gradle.api.internal.tasks.testing.junit.JUnitTestExecutor.accept(JUnitTestExecutor.java:84)
  at org.gradle.api.internal.tasks.testing.junit.JUnitTestExecutor.accept(JUnitTestExecutor.java:47)
  at org.gradle.api.internal.tasks.testing.junit.AbstractJUnitTestDefinitionProcessor.processTestDefinition(AbstractJUnitTestDefinitionProcessor.java:65)
  at org.gradle.api.internal.tasks.testing.SuiteTestDefinitionProcessor.processTestDefinition(SuiteTestDefinitionProcessor.java:54)
  at java.base/jdk.internal.reflect.DirectMethodHandleAccessor.invoke(DirectMethodHandleAccessor.java:104)
  at java.base/java.lang.reflect.Method.invoke(Method.java:565)
  at org.gradle.internal.dispatch.MethodInvocation.invokeOn(MethodInvocation.java:77)
  at org.gradle.internal.dispatch.ReflectionDispatch.dispatch(ReflectionDispatch.java:28)
  at org.gradle.internal.dispatch.ReflectionDispatch.dispatch(ReflectionDispatch.java:19)
  at org.gradle.internal.dispatch.ContextClassLoaderDispatch.dispatch(ContextClassLoaderDispatch.java:33)
  at org.gradle.internal.dispatch.ProxyDispatchAdapter$DispatchingInvocationHandler.invoke(ProxyDispatchAdapter.java:88)
  at jdk.proxy1/jdk.proxy1.$Proxy4.processTestDefinition(Unknown Source)
  at org.gradle.api.internal.tasks.testing.worker.TestWorker$2.run(TestWorker.java:178)
  at org.gradle.api.internal.tasks.testing.worker.TestWorker.executeAndMaintainThreadName(TestWorker.java:126)
  at org.gradle.api.internal.tasks.testing.worker.TestWorker.execute(TestWorker.java:103)
  at org.gradle.api.internal.tasks.testing.worker.TestWorker.execute(TestWorker.java:63)
  at org.gradle.process.internal.worker.child.ActionExecutionWorker.execute(ActionExecutionWorker.java:56)
  at org.gradle.process.internal.worker.child.SystemApplicationClassLoaderWorker.call(SystemApplicationClassLoaderWorker.java:122)
  at org.gradle.process.internal.worker.child.SystemApplicationClassLoaderWorker.call(SystemApplicationClassLoaderWorker.java:72)
  at worker.org.gradle.process.internal.worker.GradleWorkerMain.run(GradleWorkerMain.java:69)
  at worker.org.gradle.process.internal.worker.GradleWorkerMain.main(GradleWorkerMain.java:74)
</stacktrace>
</test-failure>


TypeScriptCompilerTests_C[jvm] > classExtendsMultipleBaseClasses_ts has expected errors matching classExtendsMultipleBaseClasses_errors_txt[jvm] FAILED

<test-failure test="com.xemantic.typescript.compiler.TypeScriptCompilerTests_C.checkJsdocTypeTagOnExportAssignment4_ts has expected errors matching checkJsdocTypeTagOnExportAssignment4_errors_txt" platform="jvm">
<message>
Expected diagnostics from baseline typescript-repo/tests/baselines/reference/checkJsdocTypeTagOnExportAssignment4.errors.txt but none produced
</message>
<stacktrace>
  at com.xemantic.typescript.compiler.TypeScriptTestSupportKt.errorsMatchBaseline(TypeScriptTestSupport.kt:125)
  at com.xemantic.typescript.compiler.TypeScriptCompilerTests_C.checkJsdocTypeTagOnExportAssignment4_ts has expected errors matching checkJsdocTypeTagOnExportAssignment4_errors_txt(TypeScriptCompilerTests_C.kt:1323)
  at java.base/jdk.internal.reflect.DirectMethodHandleAccessor.invoke(DirectMethodHandleAccessor.java:104)
  at java.base/java.lang.reflect.Method.invoke(Method.java:565)
  at org.junit.runners.model.FrameworkMethod$1.runReflectiveCall(FrameworkMethod.java:59)
  at org.junit.internal.runners.model.ReflectiveCallable.run(ReflectiveCallable.java:12)
  at org.junit.runners.model.FrameworkMethod.invokeExplosively(FrameworkMethod.java:56)
  at org.junit.internal.runners.statements.InvokeMethod.evaluate(InvokeMethod.java:17)
  at org.junit.runners.ParentRunner$3.evaluate(ParentRunner.java:306)
  at org.junit.runners.BlockJUnit4ClassRunner$1.evaluate(BlockJUnit4ClassRunner.java:100)
  at org.junit.runners.ParentRunner.runLeaf(ParentRunner.java:366)
  at org.junit.runners.BlockJUnit4ClassRunner.runChild(BlockJUnit4ClassRunner.java:103)
  at org.junit.runners.BlockJUnit4ClassRunner.runChild(BlockJUnit4ClassRunner.java:63)
  at org.junit.runners.ParentRunner$4.run(ParentRunner.java:331)
  at org.junit.runners.ParentRunner$1.schedule(ParentRunner.java:79)
  at org.junit.runners.ParentRunner.runChildren(ParentRunner.java:329)
  at org.junit.runners.ParentRunner.access$100(ParentRunner.java:66)
  at org.junit.runners.ParentRunner$2.evaluate(ParentRunner.java:293)
  at org.junit.runners.ParentRunner$3.evaluate(ParentRunner.java:306)
  at org.junit.runners.ParentRunner.run(ParentRunner.java:413)
  at org.junit.runner.JUnitCore.run(JUnitCore.java:137)
  at org.junit.runner.JUnitCore.run(JUnitCore.java:115)
  at org.gradle.api.internal.tasks.testing.junit.JUnitTestExecutor.runRequest(JUnitTestExecutor.java:175)
  at org.gradle.api.internal.tasks.testing.junit.JUnitTestExecutor.accept(JUnitTestExecutor.java:84)
  at org.gradle.api.internal.tasks.testing.junit.JUnitTestExecutor.accept(JUnitTestExecutor.java:47)
  at org.gradle.api.internal.tasks.testing.junit.AbstractJUnitTestDefinitionProcessor.processTestDefinition(AbstractJUnitTestDefinitionProcessor.java:65)
  at org.gradle.api.internal.tasks.testing.SuiteTestDefinitionProcessor.processTestDefinition(SuiteTestDefinitionProcessor.java:54)
  at java.base/jdk.internal.reflect.DirectMethodHandleAccessor.invoke(DirectMethodHandleAccessor.java:104)
  at java.base/java.lang.reflect.Method.invoke(Method.java:565)
  at org.gradle.internal.dispatch.MethodInvocation.invokeOn(MethodInvocation.java:77)
  at org.gradle.internal.dispatch.ReflectionDispatch.dispatch(ReflectionDispatch.java:28)
  at org.gradle.internal.dispatch.ReflectionDispatch.dispatch(ReflectionDispatch.java:19)
  at org.gradle.internal.dispatch.ContextClassLoaderDispatch.dispatch(ContextClassLoaderDispatch.java:33)
  at org.gradle.internal.dispatch.ProxyDispatchAdapter$DispatchingInvocationHandler.invoke(ProxyDispatchAdapter.java:88)
  at jdk.proxy1/jdk.proxy1.$Proxy4.processTestDefinition(Unknown Source)
  at org.gradle.api.internal.tasks.testing.worker.TestWorker$2.run(TestWorker.java:178)
  at org.gradle.api.internal.tasks.testing.worker.TestWorker.executeAndMaintainThreadName(TestWorker.java:126)
  at org.gradle.api.internal.tasks.testing.worker.TestWorker.execute(TestWorker.java:103)
  at org.gradle.api.internal.tasks.testing.worker.TestWorker.execute(TestWorker.java:63)
  at org.gradle.process.internal.worker.child.ActionExecutionWorker.execute(ActionExecutionWorker.java:56)
  at org.gradle.process.internal.worker.child.SystemApplicationClassLoaderWorker.call(SystemApplicationClassLoaderWorker.java:122)
  at org.gradle.process.internal.worker.child.SystemApplicationClassLoaderWorker.call(SystemApplicationClassLoaderWorker.java:72)
  at worker.org.gradle.process.internal.worker.GradleWorkerMain.run(GradleWorkerMain.java:69)
  at worker.org.gradle.process.internal.worker.GradleWorkerMain.main(GradleWorkerMain.java:74)
</stacktrace>
</test-failure>


TypeScriptCompilerTests_C[jvm] > checkJsdocTypeTagOnExportAssignment4_ts has expected errors matching checkJsdocTypeTagOnExportAssignment4_errors_txt[jvm] FAILED

<test-failure test="com.xemantic.typescript.compiler.TypeScriptCompilerTests_C.classStaticPropertyAccess_ts__target_es2015__has expected errors matching baseline" platform="jvm">
<message>
--- expected
+++ actual
@@ -1,11 +1,7 @@
-classStaticPropertyAccess.ts(10,1): error TS2576: Property '"' does not exist on type 'A'. Did you mean to access the static member 'A["\""]' instead?
-classStaticPropertyAccess.ts(11,1): error TS2576: Property 'y' does not exist on type 'A'. Did you mean to access the static member 'A['y']' instead?
-classStaticPropertyAccess.ts(12,3): error TS2576: Property 'y' does not exist on type 'A'. Did you mean to access the static member 'A.y' instead?
-classStaticPropertyAccess.ts(13,3): error TS2341: Property '_b' is private and only accessible within class 'A'.
 classStaticPropertyAccess.ts(14,3): error TS2339: Property 'a' does not exist on type 'typeof A'.
 
 
-==== classStaticPropertyAccess.ts (5 errors) ====
+==== classStaticPropertyAccess.ts (1 errors) ====
     class A {
         public static "\""() {}
         public static x: number = 1;
@@ -16,17 +12,9 @@
     const a = new A();
     
     a["\""] // Error
-    ~~~~~~~
-!!! error TS2576: Property '"' does not exist on type 'A'. Did you mean to access the static member 'A["\""]' instead?
     a['y']  // Error
-    ~~~~~~
-!!! error TS2576: Property 'y' does not exist on type 'A'. Did you mean to access the static member 'A['y']' instead?
     a.y     // Error
-      ~
-!!! error TS2576: Property 'y' does not exist on type 'A'. Did you mean to access the static member 'A.y' instead?
     A._b    // Error
-      ~~
-!!! error TS2341: Property '_b' is private and only accessible within class 'A'.
     A.a
       ~
 !!! error TS2339: Property 'a' does not exist on type 'typeof A'.

</message>
<stacktrace>
  at org.junit.Assert.fail(Assert.java:89)
  at kotlin.test.junit.JUnitAsserter.fail(JUnitSupport.kt:56)
  at kotlin.test.AssertionsKt__AssertionsKt.fail(Assertions.kt:563)
  at kotlin.test.AssertionsKt.fail(Unknown Source)
  at com.xemantic.kotlin.test.SameAsKt.sameAs(SameAs.kt:52)
  at com.xemantic.typescript.compiler.TypeScriptTestSupportKt.errorsMatchBaseline(TypeScriptTestSupport.kt:135)
  at com.xemantic.typescript.compiler.TypeScriptCompilerTests_C.classStaticPropertyAccess_ts__target_es2015__has expected errors matching baseline(TypeScriptCompilerTests_C.kt:2905)
  at java.base/jdk.internal.reflect.DirectMethodHandleAccessor.invoke(DirectMethodHandleAccessor.java:104)
  at java.base/java.lang.reflect.Method.invoke(Method.java:565)
  at org.junit.runners.model.FrameworkMethod$1.runReflectiveCall(FrameworkMethod.java:59)
  at org.junit.internal.runners.model.ReflectiveCallable.run(ReflectiveCallable.java:12)
  at org.junit.runners.model.FrameworkMethod.invokeExplosively(FrameworkMethod.java:56)
  at org.junit.internal.runners.statements.InvokeMethod.evaluate(InvokeMethod.java:17)
  at org.junit.runners.ParentRunner$3.evaluate(ParentRunner.java:306)
  at org.junit.runners.BlockJUnit4ClassRunner$1.evaluate(BlockJUnit4ClassRunner.java:100)
  at org.junit.runners.ParentRunner.runLeaf(ParentRunner.java:366)
  at org.junit.runners.BlockJUnit4ClassRunner.runChild(BlockJUnit4ClassRunner.java:103)
  at org.junit.runners.BlockJUnit4ClassRunner.runChild(BlockJUnit4ClassRunner.java:63)
  at org.junit.runners.ParentRunner$4.run(ParentRunner.java:331)
  at org.junit.runners.ParentRunner$1.schedule(ParentRunner.java:79)
  at org.junit.runners.ParentRunner.runChildren(ParentRunner.java:329)
  at org.junit.runners.ParentRunner.access$100(ParentRunner.java:66)
  at org.junit.runners.ParentRunner$2.evaluate(ParentRunner.java:293)
  at org.junit.runners.ParentRunner$3.evaluate(ParentRunner.java:306)
  at org.junit.runners.ParentRunner.run(ParentRunner.java:413)
  at org.junit.runner.JUnitCore.run(JUnitCore.java:137)
  at org.junit.runner.JUnitCore.run(JUnitCore.java:115)
  at org.gradle.api.internal.tasks.testing.junit.JUnitTestExecutor.runRequest(JUnitTestExecutor.java:175)
  at org.gradle.api.internal.tasks.testing.junit.JUnitTestExecutor.accept(JUnitTestExecutor.java:84)
  at org.gradle.api.internal.tasks.testing.junit.JUnitTestExecutor.accept(JUnitTestExecutor.java:47)
  at org.gradle.api.internal.tasks.testing.junit.AbstractJUnitTestDefinitionProcessor.processTestDefinition(AbstractJUnitTestDefinitionProcessor.java:65)
  at org.gradle.api.internal.tasks.testing.SuiteTestDefinitionProcessor.processTestDefinition(SuiteTestDefinitionProcessor.java:54)
  at java.base/jdk.internal.reflect.DirectMethodHandleAccessor.invoke(DirectMethodHandleAccessor.java:104)
  at java.base/java.lang.reflect.Method.invoke(Method.java:565)
  at org.gradle.internal.dispatch.MethodInvocation.invokeOn(MethodInvocation.java:77)
  at org.gradle.internal.dispatch.ReflectionDispatch.dispatch(ReflectionDispatch.java:28)
  at org.gradle.internal.dispatch.ReflectionDispatch.dispatch(ReflectionDispatch.java:19)
  at org.gradle.internal.dispatch.ContextClassLoaderDispatch.dispatch(ContextClassLoaderDispatch.java:33)
  at org.gradle.internal.dispatch.ProxyDispatchAdapter$DispatchingInvocationHandler.invoke(ProxyDispatchAdapter.java:88)
  at jdk.proxy1/jdk.proxy1.$Proxy4.processTestDefinition(Unknown Source)
  at org.gradle.api.internal.tasks.testing.worker.TestWorker$2.run(TestWorker.java:178)
  at org.gradle.api.internal.tasks.testing.worker.TestWorker.executeAndMaintainThreadName(TestWorker.java:126)
  at org.gradle.api.internal.tasks.testing.worker.TestWorker.execute(TestWorker.java:103)
  at org.gradle.api.internal.tasks.testing.worker.TestWorker.execute(TestWorker.java:63)
  at org.gradle.process.internal.worker.child.ActionExecutionWorker.execute(ActionExecutionWorker.java:56)
  at org.gradle.process.internal.worker.child.SystemApplicationClassLoaderWorker.call(SystemApplicationClassLoaderWorker.java:122)
  at org.gradle.process.internal.worker.child.SystemApplicationClassLoaderWorker.call(SystemApplicationClassLoaderWorker.java:72)
  at worker.org.gradle.process.internal.worker.GradleWorkerMain.run(GradleWorkerMain.java:69)
  at worker.org.gradle.process.internal.worker.GradleWorkerMain.main(GradleWorkerMain.java:74)
</stacktrace>
</test-failure>


TypeScriptCompilerTests_C[jvm] > classStaticPropertyAccess_ts__target_es2015__has expected errors matching baseline[jvm] FAILED

<test-failure test="com.xemantic.typescript.compiler.TypeScriptCompilerTests_C.createArray_ts has expected errors matching createArray_errors_txt" platform="jvm">
<message>
--- expected
+++ actual
@@ -1,16 +1,11 @@
-createArray.ts(1,12): error TS2693: 'number' only refers to a type, but is being used as a value here.
 createArray.ts(1,19): error TS1011: An element access expression should take an argument.
 createArray.ts(6,7): error TS1011: An element access expression should take an argument.
-createArray.ts(7,12): error TS2693: 'boolean' only refers to a type, but is being used as a value here.
 createArray.ts(7,20): error TS1011: An element access expression should take an argument.
-createArray.ts(8,12): error TS2693: 'string' only refers to a type, but is being used as a value here.
 createArray.ts(8,19): error TS1011: An element access expression should take an argument.
 
 
-==== createArray.ts (7 errors) ====
+==== createArray.ts (4 errors) ====
     var na=new number[];
-               ~~~~~~
-!!! error TS2693: 'number' only refers to a type, but is being used as a value here.
                       
 !!! error TS1011: An element access expression should take an argument.
     
@@ -21,13 +16,9 @@
           
 !!! error TS1011: An element access expression should take an argument.
     var ba=new boolean[];
-               ~~~~~~~
-!!! error TS2693: 'boolean' only refers to a type, but is being used as a value here.
                        
 !!! error TS1011: An element access expression should take an argument.
     var sa=new string[];
-               ~~~~~~
-!!! error TS2693: 'string' only refers to a type, but is being used as a value here.
                       
 !!! error TS1011: An element access expression should take an argument.
     function f(s:string):number { return 0;

</message>
<stacktrace>
  at org.junit.Assert.fail(Assert.java:89)
  at kotlin.test.junit.JUnitAsserter.fail(JUnitSupport.kt:56)
  at kotlin.test.AssertionsKt__AssertionsKt.fail(Assertions.kt:563)
  at kotlin.test.AssertionsKt.fail(Unknown Source)
  at com.xemantic.kotlin.test.SameAsKt.sameAs(SameAs.kt:52)
  at com.xemantic.typescript.compiler.TypeScriptTestSupportKt.errorsMatchBaseline(TypeScriptTestSupport.kt:135)
  at com.xemantic.typescript.compiler.TypeScriptCompilerTests_C.createArray_ts has expected errors matching createArray_errors_txt(TypeScriptCompilerTests_C.kt:8890)
  at java.base/jdk.internal.reflect.DirectMethodHandleAccessor.invoke(DirectMethodHandleAccessor.java:104)
  at java.base/java.lang.reflect.Method.invoke(Method.java:565)
  at org.junit.runners.model.FrameworkMethod$1.runReflectiveCall(FrameworkMethod.java:59)
  at org.junit.internal.runners.model.ReflectiveCallable.run(ReflectiveCallable.java:12)
  at org.junit.runners.model.FrameworkMethod.invokeExplosively(FrameworkMethod.java:56)
  at org.junit.internal.runners.statements.InvokeMethod.evaluate(InvokeMethod.java:17)
  at org.junit.runners.ParentRunner$3.evaluate(ParentRunner.java:306)
  at org.junit.runners.BlockJUnit4ClassRunner$1.evaluate(BlockJUnit4ClassRunner.java:100)
  at org.junit.runners.ParentRunner.runLeaf(ParentRunner.java:366)
  at org.junit.runners.BlockJUnit4ClassRunner.runChild(BlockJUnit4ClassRunner.java:103)
  at org.junit.runners.BlockJUnit4ClassRunner.runChild(BlockJUnit4ClassRunner.java:63)
  at org.junit.runners.ParentRunner$4.run(ParentRunner.java:331)
  at org.junit.runners.ParentRunner$1.schedule(ParentRunner.java:79)
  at org.junit.runners.ParentRunner.runChildren(ParentRunner.java:329)
  at org.junit.runners.ParentRunner.access$100(ParentRunner.java:66)
  at org.junit.runners.ParentRunner$2.evaluate(ParentRunner.java:293)
  at org.junit.runners.ParentRunner$3.evaluate(ParentRunner.java:306)
  at org.junit.runners.ParentRunner.run(ParentRunner.java:413)
  at org.junit.runner.JUnitCore.run(JUnitCore.java:137)
  at org.junit.runner.JUnitCore.run(JUnitCore.java:115)
  at org.gradle.api.internal.tasks.testing.junit.JUnitTestExecutor.runRequest(JUnitTestExecutor.java:175)
  at org.gradle.api.internal.tasks.testing.junit.JUnitTestExecutor.accept(JUnitTestExecutor.java:84)
  at org.gradle.api.internal.tasks.testing.junit.JUnitTestExecutor.accept(JUnitTestExecutor.java:47)
  at org.gradle.api.internal.tasks.testing.junit.AbstractJUnitTestDefinitionProcessor.processTestDefinition(AbstractJUnitTestDefinitionProcessor.java:65)
  at org.gradle.api.internal.tasks.testing.SuiteTestDefinitionProcessor.processTestDefinition(SuiteTestDefinitionProcessor.java:54)
  at java.base/jdk.internal.reflect.DirectMethodHandleAccessor.invoke(DirectMethodHandleAccessor.java:104)
  at java.base/java.lang.reflect.Method.invoke(Method.java:565)
  at org.gradle.internal.dispatch.MethodInvocation.invokeOn(MethodInvocation.java:77)
  at org.gradle.internal.dispatch.ReflectionDispatch.dispatch(ReflectionDispatch.java:28)
  at org.gradle.internal.dispatch.ReflectionDispatch.dispatch(ReflectionDispatch.java:19)
  at org.gradle.internal.dispatch.ContextClassLoaderDispatch.dispatch(ContextClassLoaderDispatch.java:33)
  at org.gradle.internal.dispatch.ProxyDispatchAdapter$DispatchingInvocationHandler.invoke(ProxyDispatchAdapter.java:88)
  at jdk.proxy1/jdk.proxy1.$Proxy4.processTestDefinition(Unknown Source)
  at org.gradle.api.internal.tasks.testing.worker.TestWorker$2.run(TestWorker.java:178)
  at org.gradle.api.internal.tasks.testing.worker.TestWorker.executeAndMaintainThreadName(TestWorker.java:126)
  at org.gradle.api.internal.tasks.testing.worker.TestWorker.execute(TestWorker.java:103)
  at org.gradle.api.internal.tasks.testing.worker.TestWorker.execute(TestWorker.java:63)
  at org.gradle.process.internal.worker.child.ActionExecutionWorker.execute(ActionExecutionWorker.java:56)
  at org.gradle.process.internal.worker.child.SystemApplicationClassLoaderWorker.call(SystemApplicationClassLoaderWorker.java:122)
  at org.gradle.process.internal.worker.child.SystemApplicationClassLoaderWorker.call(SystemApplicationClassLoaderWorker.java:72)
  at worker.org.gradle.process.internal.worker.GradleWorkerMain.run(GradleWorkerMain.java:69)
  at worker.org.gradle.process.internal.worker.GradleWorkerMain.main(GradleWorkerMain.java:74)
</stacktrace>
</test-failure>


TypeScriptCompilerTests_C[jvm] > createArray_ts has expected errors matching createArray_errors_txt[jvm] FAILED

<test-failure test="com.xemantic.typescript.compiler.TypeScriptCompilerTests_C.contextualTyping33_ts has expected errors matching contextualTyping33_errors_txt" platform="jvm">
<message>
Expected diagnostics from baseline typescript-repo/tests/baselines/reference/contextualTyping33.errors.txt but none produced
</message>
<stacktrace>
  at com.xemantic.typescript.compiler.TypeScriptTestSupportKt.errorsMatchBaseline(TypeScriptTestSupport.kt:125)
  at com.xemantic.typescript.compiler.TypeScriptCompilerTests_C.contextualTyping33_ts has expected errors matching contextualTyping33_errors_txt(TypeScriptCompilerTests_C.kt:7644)
  at java.base/jdk.internal.reflect.DirectMethodHandleAccessor.invoke(DirectMethodHandleAccessor.java:104)
  at java.base/java.lang.reflect.Method.invoke(Method.java:565)
  at org.junit.runners.model.FrameworkMethod$1.runReflectiveCall(FrameworkMethod.java:59)
  at org.junit.internal.runners.model.ReflectiveCallable.run(ReflectiveCallable.java:12)
  at org.junit.runners.model.FrameworkMethod.invokeExplosively(FrameworkMethod.java:56)
  at org.junit.internal.runners.statements.InvokeMethod.evaluate(InvokeMethod.java:17)
  at org.junit.runners.ParentRunner$3.evaluate(ParentRunner.java:306)
  at org.junit.runners.BlockJUnit4ClassRunner$1.evaluate(BlockJUnit4ClassRunner.java:100)
  at org.junit.runners.ParentRunner.runLeaf(ParentRunner.java:366)
  at org.junit.runners.BlockJUnit4ClassRunner.runChild(BlockJUnit4ClassRunner.java:103)
  at org.junit.runners.BlockJUnit4ClassRunner.runChild(BlockJUnit4ClassRunner.java:63)
  at org.junit.runners.ParentRunner$4.run(ParentRunner.java:331)
  at org.junit.runners.ParentRunner$1.schedule(ParentRunner.java:79)
  at org.junit.runners.ParentRunner.runChildren(ParentRunner.java:329)
  at org.junit.runners.ParentRunner.access$100(ParentRunner.java:66)
  at org.junit.runners.ParentRunner$2.evaluate(ParentRunner.java:293)
  at org.junit.runners.ParentRunner$3.evaluate(ParentRunner.java:306)
  at org.junit.runners.ParentRunner.run(ParentRunner.java:413)
  at org.junit.runner.JUnitCore.run(JUnitCore.java:137)
  at org.junit.runner.JUnitCore.run(JUnitCore.java:115)
  at org.gradle.api.internal.tasks.testing.junit.JUnitTestExecutor.runRequest(JUnitTestExecutor.java:175)
  at org.gradle.api.internal.tasks.testing.junit.JUnitTestExecutor.accept(JUnitTestExecutor.java:84)
  at org.gradle.api.internal.tasks.testing.junit.JUnitTestExecutor.accept(JUnitTestExecutor.java:47)
  at org.gradle.api.internal.tasks.testing.junit.AbstractJUnitTestDefinitionProcessor.processTestDefinition(AbstractJUnitTestDefinitionProcessor.java:65)
  at org.gradle.api.internal.tasks.testing.SuiteTestDefinitionProcessor.processTestDefinition(SuiteTestDefinitionProcessor.java:54)
  at java.base/jdk.internal.reflect.DirectMethodHandleAccessor.invoke(DirectMethodHandleAccessor.java:104)
  at java.base/java.lang.reflect.Method.invoke(Method.java:565)
  at org.gradle.internal.dispatch.MethodInvocation.invokeOn(MethodInvocation.java:77)
  at org.gradle.internal.dispatch.ReflectionDispatch.dispatch(ReflectionDispatch.java:28)
  at org.gradle.internal.dispatch.ReflectionDispatch.dispatch(ReflectionDispatch.java:19)
  at org.gradle.internal.dispatch.ContextClassLoaderDispatch.dispatch(ContextClassLoaderDispatch.java:33)
  at org.gradle.internal.dispatch.ProxyDispatchAdapter$DispatchingInvocationHandler.invoke(ProxyDispatchAdapter.java:88)
  at jdk.proxy1/jdk.proxy1.$Proxy4.processTestDefinition(Unknown Source)
  at org.gradle.api.internal.tasks.testing.worker.TestWorker$2.run(TestWorker.java:178)
  at org.gradle.api.internal.tasks.testing.worker.TestWorker.executeAndMaintainThreadName(TestWorker.java:126)
  at org.gradle.api.internal.tasks.testing.worker.TestWorker.execute(TestWorker.java:103)
  at org.gradle.api.internal.tasks.testing.worker.TestWorker.execute(TestWorker.java:63)
  at org.gradle.process.internal.worker.child.ActionExecutionWorker.execute(ActionExecutionWorker.java:56)
  at org.gradle.process.internal.worker.child.SystemApplicationClassLoaderWorker.call(SystemApplicationClassLoaderWorker.java:122)
  at org.gradle.process.internal.worker.child.SystemApplicationClassLoaderWorker.call(SystemApplicationClassLoaderWorker.java:72)
  at worker.org.gradle.process.internal.worker.GradleWorkerMain.run(GradleWorkerMain.java:69)
  at worker.org.gradle.process.internal.worker.GradleWorkerMain.main(GradleWorkerMain.java:74)
</stacktrace>
</test-failure>


TypeScriptCompilerTests_C[jvm] > contextualTyping33_ts has expected errors matching contextualTyping33_errors_txt[jvm] FAILED

<test-failure test="com.xemantic.typescript.compiler.TypeScriptCompilerTests_C.circularReferenceInReturnType2_ts has expected errors matching circularReferenceInReturnType2_errors_txt" platform="jvm">
<message>
Expected diagnostics from baseline typescript-repo/tests/baselines/reference/circularReferenceInReturnType2.errors.txt but none produced
</message>
<stacktrace>
  at com.xemantic.typescript.compiler.TypeScriptTestSupportKt.errorsMatchBaseline(TypeScriptTestSupport.kt:125)
  at com.xemantic.typescript.compiler.TypeScriptCompilerTests_C.circularReferenceInReturnType2_ts has expected errors matching circularReferenceInReturnType2_errors_txt(TypeScriptCompilerTests_C.kt:1736)
  at java.base/jdk.internal.reflect.DirectMethodHandleAccessor.invoke(DirectMethodHandleAccessor.java:104)
  at java.base/java.lang.reflect.Method.invoke(Method.java:565)
  at org.junit.runners.model.FrameworkMethod$1.runReflectiveCall(FrameworkMethod.java:59)
  at org.junit.internal.runners.model.ReflectiveCallable.run(ReflectiveCallable.java:12)
  at org.junit.runners.model.FrameworkMethod.invokeExplosively(FrameworkMethod.java:56)
  at org.junit.internal.runners.statements.InvokeMethod.evaluate(InvokeMethod.java:17)
  at org.junit.runners.ParentRunner$3.evaluate(ParentRunner.java:306)
  at org.junit.runners.BlockJUnit4ClassRunner$1.evaluate(BlockJUnit4ClassRunner.java:100)
  at org.junit.runners.ParentRunner.runLeaf(ParentRunner.java:366)
  at org.junit.runners.BlockJUnit4ClassRunner.runChild(BlockJUnit4ClassRunner.java:103)
  at org.junit.runners.BlockJUnit4ClassRunner.runChild(BlockJUnit4ClassRunner.java:63)
  at org.junit.runners.ParentRunner$4.run(ParentRunner.java:331)
  at org.junit.runners.ParentRunner$1.schedule(ParentRunner.java:79)
  at org.junit.runners.ParentRunner.runChildren(ParentRunner.java:329)
  at org.junit.runners.ParentRunner.access$100(ParentRunner.java:66)
  at org.junit.runners.ParentRunner$2.evaluate(ParentRunner.java:293)
  at org.junit.runners.ParentRunner$3.evaluate(ParentRunner.java:306)
  at org.junit.runners.ParentRunner.run(ParentRunner.java:413)
  at org.junit.runner.JUnitCore.run(JUnitCore.java:137)
  at org.junit.runner.JUnitCore.run(JUnitCore.java:115)
  at org.gradle.api.internal.tasks.testing.junit.JUnitTestExecutor.runRequest(JUnitTestExecutor.java:175)
  at org.gradle.api.internal.tasks.testing.junit.JUnitTestExecutor.accept(JUnitTestExecutor.java:84)
  at org.gradle.api.internal.tasks.testing.junit.JUnitTestExecutor.accept(JUnitTestExecutor.java:47)
  at org.gradle.api.internal.tasks.testing.junit.AbstractJUnitTestDefinitionProcessor.processTestDefinition(AbstractJUnitTestDefinitionProcessor.java:65)
  at org.gradle.api.internal.tasks.testing.SuiteTestDefinitionProcessor.processTestDefinition(SuiteTestDefinitionProcessor.java:54)
  at java.base/jdk.internal.reflect.DirectMethodHandleAccessor.invoke(DirectMethodHandleAccessor.java:104)
  at java.base/java.lang.reflect.Method.invoke(Method.java:565)
  at org.gradle.internal.dispatch.MethodInvocation.invokeOn(MethodInvocation.java:77)
  at org.gradle.internal.dispatch.ReflectionDispatch.dispatch(ReflectionDispatch.java:28)
  at org.gradle.internal.dispatch.ReflectionDispatch.dispatch(ReflectionDispatch.java:19)
  at org.gradle.internal.dispatch.ContextClassLoaderDispatch.dispatch(ContextClassLoaderDispatch.java:33)
  at org.gradle.internal.dispatch.ProxyDispatchAdapter$DispatchingInvocationHandler.invoke(ProxyDispatchAdapter.java:88)
  at jdk.proxy1/jdk.proxy1.$Proxy4.processTestDefinition(Unknown Source)
  at org.gradle.api.internal.tasks.testing.worker.TestWorker$2.run(TestWorker.java:178)
  at org.gradle.api.internal.tasks.testing.worker.TestWorker.executeAndMaintainThreadName(TestWorker.java:126)
  at org.gradle.api.internal.tasks.testing.worker.TestWorker.execute(TestWorker.java:103)
  at org.gradle.api.internal.tasks.testing.worker.TestWorker.execute(TestWorker.java:63)
  at org.gradle.process.internal.worker.child.ActionExecutionWorker.execute(ActionExecutionWorker.java:56)
  at org.gradle.process.internal.worker.child.SystemApplicationClassLoaderWorker.call(SystemApplicationClassLoaderWorker.java:122)
  at org.gradle.process.internal.worker.child.SystemApplicationClassLoaderWorker.call(SystemApplicationClassLoaderWorker.java:72)
  at worker.org.gradle.process.internal.worker.GradleWorkerMain.run(GradleWorkerMain.java:69)
  at worker.org.gradle.process.internal.worker.GradleWorkerMain.main(GradleWorkerMain.java:74)
</stacktrace>
</test-failure>


TypeScriptCompilerTests_C[jvm] > circularReferenceInReturnType2_ts has expected errors matching circularReferenceInReturnType2_errors_txt[jvm] FAILED

<test-failure test="com.xemantic.typescript.compiler.TypeScriptCompilerTests_C.cannotInvokeNewOnErrorExpression_ts has expected errors matching cannotInvokeNewOnErrorExpression_errors_txt" platform="jvm">
<message>
--- expected
+++ actual
@@ -1,14 +1,11 @@
-cannotInvokeNewOnErrorExpression.ts(5,15): error TS2339: Property 'ClassA' does not exist on type 'typeof M'.
 cannotInvokeNewOnErrorExpression.ts(5,22): error TS1011: An element access expression should take an argument.
 
 
-==== cannotInvokeNewOnErrorExpression.ts (2 errors) ====
+==== cannotInvokeNewOnErrorExpression.ts (1 errors) ====
     namespace M
     {
         class ClassA {}
     }
     var t = new M.ClassA[];
-                  ~~~~~~
-!!! error TS2339: Property 'ClassA' does not exist on type 'typeof M'.
                          
 !!! error TS1011: An element access expression should take an argument.

</message>
<stacktrace>
  at org.junit.Assert.fail(Assert.java:89)
  at kotlin.test.junit.JUnitAsserter.fail(JUnitSupport.kt:56)
  at kotlin.test.AssertionsKt__AssertionsKt.fail(Assertions.kt:563)
  at kotlin.test.AssertionsKt.fail(Unknown Source)
  at com.xemantic.kotlin.test.SameAsKt.sameAs(SameAs.kt:52)
  at com.xemantic.typescript.compiler.TypeScriptTestSupportKt.errorsMatchBaseline(TypeScriptTestSupport.kt:135)
  at com.xemantic.typescript.compiler.TypeScriptCompilerTests_C.cannotInvokeNewOnErrorExpression_ts has expected errors matching cannotInvokeNewOnErrorExpression_errors_txt(TypeScriptCompilerTests_C.kt:567)
  at java.base/jdk.internal.reflect.DirectMethodHandleAccessor.invoke(DirectMethodHandleAccessor.java:104)
  at java.base/java.lang.reflect.Method.invoke(Method.java:565)
  at org.junit.runners.model.FrameworkMethod$1.runReflectiveCall(FrameworkMethod.java:59)
  at org.junit.internal.runners.model.ReflectiveCallable.run(ReflectiveCallable.java:12)
  at org.junit.runners.model.FrameworkMethod.invokeExplosively(FrameworkMethod.java:56)
  at org.junit.internal.runners.statements.InvokeMethod.evaluate(InvokeMethod.java:17)
  at org.junit.runners.ParentRunner$3.evaluate(ParentRunner.java:306)
  at org.junit.runners.BlockJUnit4ClassRunner$1.evaluate(BlockJUnit4ClassRunner.java:100)
  at org.junit.runners.ParentRunner.runLeaf(ParentRunner.java:366)
  at org.junit.runners.BlockJUnit4ClassRunner.runChild(BlockJUnit4ClassRunner.java:103)
  at org.junit.runners.BlockJUnit4ClassRunner.runChild(BlockJUnit4ClassRunner.java:63)
  at org.junit.runners.ParentRunner$4.run(ParentRunner.java:331)
  at org.junit.runners.ParentRunner$1.schedule(ParentRunner.java:79)
  at org.junit.runners.ParentRunner.runChildren(ParentRunner.java:329)
  at org.junit.runners.ParentRunner.access$100(ParentRunner.java:66)
  at org.junit.runners.ParentRunner$2.evaluate(ParentRunner.java:293)
  at org.junit.runners.ParentRunner$3.evaluate(ParentRunner.java:306)
  at org.junit.runners.ParentRunner.run(ParentRunner.java:413)
  at org.junit.runner.JUnitCore.run(JUnitCore.java:137)
  at org.junit.runner.JUnitCore.run(JUnitCore.java:115)
  at org.gradle.api.internal.tasks.testing.junit.JUnitTestExecutor.runRequest(JUnitTestExecutor.java:175)
  at org.gradle.api.internal.tasks.testing.junit.JUnitTestExecutor.accept(JUnitTestExecutor.java:84)
  at org.gradle.api.internal.tasks.testing.junit.JUnitTestExecutor.accept(JUnitTestExecutor.java:47)
  at org.gradle.api.internal.tasks.testing.junit.AbstractJUnitTestDefinitionProcessor.processTestDefinition(AbstractJUnitTestDefinitionProcessor.java:65)
  at org.gradle.api.internal.tasks.testing.SuiteTestDefinitionProcessor.processTestDefinition(SuiteTestDefinitionProcessor.java:54)
  at java.base/jdk.internal.reflect.DirectMethodHandleAccessor.invoke(DirectMethodHandleAccessor.java:104)
  at java.base/java.lang.reflect.Method.invoke(Method.java:565)
  at org.gradle.internal.dispatch.MethodInvocation.invokeOn(MethodInvocation.java:77)
  at org.gradle.internal.dispatch.ReflectionDispatch.dispatch(ReflectionDispatch.java:28)
  at org.gradle.internal.dispatch.ReflectionDispatch.dispatch(ReflectionDispatch.java:19)
  at org.gradle.internal.dispatch.ContextClassLoaderDispatch.dispatch(ContextClassLoaderDispatch.java:33)
  at org.gradle.internal.dispatch.ProxyDispatchAdapter$DispatchingInvocationHandler.invoke(ProxyDispatchAdapter.java:88)
  at jdk.proxy1/jdk.proxy1.$Proxy4.processTestDefinition(Unknown Source)
  at org.gradle.api.internal.tasks.testing.worker.TestWorker$2.run(TestWorker.java:178)
  at org.gradle.api.internal.tasks.testing.worker.TestWorker.executeAndMaintainThreadName(TestWorker.java:126)
  at org.gradle.api.internal.tasks.testing.worker.TestWorker.execute(TestWorker.java:103)
  at org.gradle.api.internal.tasks.testing.worker.TestWorker.execute(TestWorker.java:63)
  at org.gradle.process.internal.worker.child.ActionExecutionWorker.execute(ActionExecutionWorker.java:56)
  at org.gradle.process.internal.worker.child.SystemApplicationClassLoaderWorker.call(SystemApplicationClassLoaderWorker.java:122)
  at org.gradle.process.internal.worker.child.SystemApplicationClassLoaderWorker.call(SystemApplicationClassLoaderWorker.java:72)
  at worker.org.gradle.process.internal.worker.GradleWorkerMain.run(GradleWorkerMain.java:69)
  at worker.org.gradle.process.internal.worker.GradleWorkerMain.main(GradleWorkerMain.java:74)
</stacktrace>
</test-failure>


TypeScriptCompilerTests_C[jvm] > cannotInvokeNewOnErrorExpression_ts has expected errors matching cannotInvokeNewOnErrorExpression_errors_txt[jvm] FAILED

<test-failure test="com.xemantic.typescript.compiler.TypeScriptCompilerTests_C.classWithMultipleBaseClasses_ts has expected errors matching classWithMultipleBaseClasses_errors_txt" platform="jvm">
<message>
Expected diagnostics from baseline typescript-repo/tests/baselines/reference/classWithMultipleBaseClasses.errors.txt but none produced
</message>
<stacktrace>
  at com.xemantic.typescript.compiler.TypeScriptTestSupportKt.errorsMatchBaseline(TypeScriptTestSupport.kt:125)
  at com.xemantic.typescript.compiler.TypeScriptCompilerTests_C.classWithMultipleBaseClasses_ts has expected errors matching classWithMultipleBaseClasses_errors_txt(TypeScriptCompilerTests_C.kt:3031)
  at java.base/jdk.internal.reflect.DirectMethodHandleAccessor.invoke(DirectMethodHandleAccessor.java:104)
  at java.base/java.lang.reflect.Method.invoke(Method.java:565)
  at org.junit.runners.model.FrameworkMethod$1.runReflectiveCall(FrameworkMethod.java:59)
  at org.junit.internal.runners.model.ReflectiveCallable.run(ReflectiveCallable.java:12)
  at org.junit.runners.model.FrameworkMethod.invokeExplosively(FrameworkMethod.java:56)
  at org.junit.internal.runners.statements.InvokeMethod.evaluate(InvokeMethod.java:17)
  at org.junit.runners.ParentRunner$3.evaluate(ParentRunner.java:306)
  at org.junit.runners.BlockJUnit4ClassRunner$1.evaluate(BlockJUnit4ClassRunner.java:100)
  at org.junit.runners.ParentRunner.runLeaf(ParentRunner.java:366)
  at org.junit.runners.BlockJUnit4ClassRunner.runChild(BlockJUnit4ClassRunner.java:103)
  at org.junit.runners.BlockJUnit4ClassRunner.runChild(BlockJUnit4ClassRunner.java:63)
  at org.junit.runners.ParentRunner$4.run(ParentRunner.java:331)
  at org.junit.runners.ParentRunner$1.schedule(ParentRunner.java:79)
  at org.junit.runners.ParentRunner.runChildren(ParentRunner.java:329)
  at org.junit.runners.ParentRunner.access$100(ParentRunner.java:66)
  at org.junit.runners.ParentRunner$2.evaluate(ParentRunner.java:293)
  at org.junit.runners.ParentRunner$3.evaluate(ParentRunner.java:306)
  at org.junit.runners.ParentRunner.run(ParentRunner.java:413)
  at org.junit.runner.JUnitCore.run(JUnitCore.java:137)
  at org.junit.runner.JUnitCore.run(JUnitCore.java:115)
  at org.gradle.api.internal.tasks.testing.junit.JUnitTestExecutor.runRequest(JUnitTestExecutor.java:175)
  at org.gradle.api.internal.tasks.testing.junit.JUnitTestExecutor.accept(JUnitTestExecutor.java:84)
  at org.gradle.api.internal.tasks.testing.junit.JUnitTestExecutor.accept(JUnitTestExecutor.java:47)
  at org.gradle.api.internal.tasks.testing.junit.AbstractJUnitTestDefinitionProcessor.processTestDefinition(AbstractJUnitTestDefinitionProcessor.java:65)
  at org.gradle.api.internal.tasks.testing.SuiteTestDefinitionProcessor.processTestDefinition(SuiteTestDefinitionProcessor.java:54)
  at java.base/jdk.internal.reflect.DirectMethodHandleAccessor.invoke(DirectMethodHandleAccessor.java:104)
  at java.base/java.lang.reflect.Method.invoke(Method.java:565)
  at org.gradle.internal.dispatch.MethodInvocation.invokeOn(MethodInvocation.java:77)
  at org.gradle.internal.dispatch.ReflectionDispatch.dispatch(ReflectionDispatch.java:28)
  at org.gradle.internal.dispatch.ReflectionDispatch.dispatch(ReflectionDispatch.java:19)
  at org.gradle.internal.dispatch.ContextClassLoaderDispatch.dispatch(ContextClassLoaderDispatch.java:33)
  at org.gradle.internal.dispatch.ProxyDispatchAdapter$DispatchingInvocationHandler.invoke(ProxyDispatchAdapter.java:88)
  at jdk.proxy1/jdk.proxy1.$Proxy4.processTestDefinition(Unknown Source)
  at org.gradle.api.internal.tasks.testing.worker.TestWorker$2.run(TestWorker.java:178)
  at org.gradle.api.internal.tasks.testing.worker.TestWorker.executeAndMaintainThreadName(TestWorker.java:126)
  at org.gradle.api.internal.tasks.testing.worker.TestWorker.execute(TestWorker.java:103)
  at org.gradle.api.internal.tasks.testing.worker.TestWorker.execute(TestWorker.java:63)
  at org.gradle.process.internal.worker.child.ActionExecutionWorker.execute(ActionExecutionWorker.java:56)
  at org.gradle.process.internal.worker.child.SystemApplicationClassLoaderWorker.call(SystemApplicationClassLoaderWorker.java:122)
  at org.gradle.process.internal.worker.child.SystemApplicationClassLoaderWorker.call(SystemApplicationClassLoaderWorker.java:72)
  at worker.org.gradle.process.internal.worker.GradleWorkerMain.run(GradleWorkerMain.java:69)
  at worker.org.gradle.process.internal.worker.GradleWorkerMain.main(GradleWorkerMain.java:74)
</stacktrace>
</test-failure>


TypeScriptCompilerTests_C[jvm] > classWithMultipleBaseClasses_ts has expected errors matching classWithMultipleBaseClasses_errors_txt[jvm] FAILED

<test-failure test="com.xemantic.typescript.compiler.TypeScriptCompilerTests_C.callWithWrongNumberOfTypeArguments_ts has expected errors matching callWithWrongNumberOfTypeArguments_errors_txt" platform="jvm">
<message>
Expected diagnostics from baseline typescript-repo/tests/baselines/reference/callWithWrongNumberOfTypeArguments.errors.txt but none produced
</message>
<stacktrace>
  at com.xemantic.typescript.compiler.TypeScriptTestSupportKt.errorsMatchBaseline(TypeScriptTestSupport.kt:125)
  at com.xemantic.typescript.compiler.TypeScriptCompilerTests_C.callWithWrongNumberOfTypeArguments_ts has expected errors matching callWithWrongNumberOfTypeArguments_errors_txt(TypeScriptCompilerTests_C.kt:518)
  at java.base/jdk.internal.reflect.DirectMethodHandleAccessor.invoke(DirectMethodHandleAccessor.java:104)
  at java.base/java.lang.reflect.Method.invoke(Method.java:565)
  at org.junit.runners.model.FrameworkMethod$1.runReflectiveCall(FrameworkMethod.java:59)
  at org.junit.internal.runners.model.ReflectiveCallable.run(ReflectiveCallable.java:12)
  at org.junit.runners.model.FrameworkMethod.invokeExplosively(FrameworkMethod.java:56)
  at org.junit.internal.runners.statements.InvokeMethod.evaluate(InvokeMethod.java:17)
  at org.junit.runners.ParentRunner$3.evaluate(ParentRunner.java:306)
  at org.junit.runners.BlockJUnit4ClassRunner$1.evaluate(BlockJUnit4ClassRunner.java:100)
  at org.junit.runners.ParentRunner.runLeaf(ParentRunner.java:366)
  at org.junit.runners.BlockJUnit4ClassRunner.runChild(BlockJUnit4ClassRunner.java:103)
  at org.junit.runners.BlockJUnit4ClassRunner.runChild(BlockJUnit4ClassRunner.java:63)
  at org.junit.runners.ParentRunner$4.run(ParentRunner.java:331)
  at org.junit.runners.ParentRunner$1.schedule(ParentRunner.java:79)
  at org.junit.runners.ParentRunner.runChildren(ParentRunner.java:329)
  at org.junit.runners.ParentRunner.access$100(ParentRunner.java:66)
  at org.junit.runners.ParentRunner$2.evaluate(ParentRunner.java:293)
  at org.junit.runners.ParentRunner$3.evaluate(ParentRunner.java:306)
  at org.junit.runners.ParentRunner.run(ParentRunner.java:413)
  at org.junit.runner.JUnitCore.run(JUnitCore.java:137)
  at org.junit.runner.JUnitCore.run(JUnitCore.java:115)
  at org.gradle.api.internal.tasks.testing.junit.JUnitTestExecutor.runRequest(JUnitTestExecutor.java:175)
  at org.gradle.api.internal.tasks.testing.junit.JUnitTestExecutor.accept(JUnitTestExecutor.java:84)
  at org.gradle.api.internal.tasks.testing.junit.JUnitTestExecutor.accept(JUnitTestExecutor.java:47)
  at org.gradle.api.internal.tasks.testing.junit.AbstractJUnitTestDefinitionProcessor.processTestDefinition(AbstractJUnitTestDefinitionProcessor.java:65)
  at org.gradle.api.internal.tasks.testing.SuiteTestDefinitionProcessor.processTestDefinition(SuiteTestDefinitionProcessor.java:54)
  at java.base/jdk.internal.reflect.DirectMethodHandleAccessor.invoke(DirectMethodHandleAccessor.java:104)
  at java.base/java.lang.reflect.Method.invoke(Method.java:565)
  at org.gradle.internal.dispatch.MethodInvocation.invokeOn(MethodInvocation.java:77)
  at org.gradle.internal.dispatch.ReflectionDispatch.dispatch(ReflectionDispatch.java:28)
  at org.gradle.internal.dispatch.ReflectionDispatch.dispatch(ReflectionDispatch.java:19)
  at org.gradle.internal.dispatch.ContextClassLoaderDispatch.dispatch(ContextClassLoaderDispatch.java:33)
  at org.gradle.internal.dispatch.ProxyDispatchAdapter$DispatchingInvocationHandler.invoke(ProxyDispatchAdapter.java:88)
  at jdk.proxy1/jdk.proxy1.$Proxy4.processTestDefinition(Unknown Source)
  at org.gradle.api.internal.tasks.testing.worker.TestWorker$2.run(TestWorker.java:178)
  at org.gradle.api.internal.tasks.testing.worker.TestWorker.executeAndMaintainThreadName(TestWorker.java:126)
  at org.gradle.api.internal.tasks.testing.worker.TestWorker.execute(TestWorker.java:103)
  at org.gradle.api.internal.tasks.testing.worker.TestWorker.execute(TestWorker.java:63)
  at org.gradle.process.internal.worker.child.ActionExecutionWorker.execute(ActionExecutionWorker.java:56)
  at org.gradle.process.internal.worker.child.SystemApplicationClassLoaderWorker.call(SystemApplicationClassLoaderWorker.java:122)
  at org.gradle.process.internal.worker.child.SystemApplicationClassLoaderWorker.call(SystemApplicationClassLoaderWorker.java:72)
  at worker.org.gradle.process.internal.worker.GradleWorkerMain.run(GradleWorkerMain.java:69)
  at worker.org.gradle.process.internal.worker.GradleWorkerMain.main(GradleWorkerMain.java:74)
</stacktrace>
</test-failure>


TypeScriptCompilerTests_C[jvm] > callWithWrongNumberOfTypeArguments_ts has expected errors matching callWithWrongNumberOfTypeArguments_errors_txt[jvm] FAILED

<test-failure test="com.xemantic.typescript.compiler.TypeScriptCompilerTests_C.capturedParametersInInitializers2_ts__target_es5__has expected errors matching baseline" platform="jvm">
<message>
--- expected
+++ actual
@@ -1,24 +1,14 @@
 error TS5107: Option 'target=ES5' is deprecated and will stop functioning in TypeScript 7.0. Specify compilerOption '"ignoreDeprecations": "6.0"' to silence this error.
-capturedParametersInInitializers2.ts(3,20): error TS2373: Parameter 'y' cannot reference identifier 'x' declared after it.
-capturedParametersInInitializers2.ts(4,14): error TS2373: Parameter 'y' cannot reference identifier 'x' declared after it.
-capturedParametersInInitializers2.ts(6,10): error TS2373: Parameter 'y' cannot reference identifier 'z' declared after it.
-capturedParametersInInitializers2.ts(13,27): error TS2373: Parameter 'y' cannot reference identifier 'x' declared after it.
 
 
 !!! error TS5107: Option 'target=ES5' is deprecated and will stop functioning in TypeScript 7.0. Specify compilerOption '"ignoreDeprecations": "6.0"' to silence this error.
-==== capturedParametersInInitializers2.ts (4 errors) ====
+==== capturedParametersInInitializers2.ts (0 errors) ====
     function foo(
         y = class {
             static c = x;
-                       ~
-!!! error TS2373: Parameter 'y' cannot reference identifier 'x' declared after it.
             get [x]() {return x;}
-                 ~
-!!! error TS2373: Parameter 'y' cannot reference identifier 'x' declared after it.
             constructor() { x; }
             [z]() { return z; }
-             ~
-!!! error TS2373: Parameter 'y' cannot reference identifier 'z' declared after it.
         },
         x = 1,
         z = 2
@@ -26,6 +16,4 @@
         y.c
     }
     function foo2(y = class {[x] = x}, x = 1) {
-                              ~
-!!! error TS2373: Parameter 'y' cannot reference identifier 'x' declared after it.
     }

</message>
<stacktrace>
  at org.junit.Assert.fail(Assert.java:89)
  at kotlin.test.junit.JUnitAsserter.fail(JUnitSupport.kt:56)
  at kotlin.test.AssertionsKt__AssertionsKt.fail(Assertions.kt:563)
  at kotlin.test.AssertionsKt.fail(Unknown Source)
  at com.xemantic.kotlin.test.SameAsKt.sameAs(SameAs.kt:52)
  at com.xemantic.typescript.compiler.TypeScriptTestSupportKt.errorsMatchBaseline(TypeScriptTestSupport.kt:135)
  at com.xemantic.typescript.compiler.TypeScriptCompilerTests_C.capturedParametersInInitializers2_ts__target_es5__has expected errors matching baseline(TypeScriptCompilerTests_C.kt:875)
  at java.base/jdk.internal.reflect.DirectMethodHandleAccessor.invoke(DirectMethodHandleAccessor.java:104)
  at java.base/java.lang.reflect.Method.invoke(Method.java:565)
  at org.junit.runners.model.FrameworkMethod$1.runReflectiveCall(FrameworkMethod.java:59)
  at org.junit.internal.runners.model.ReflectiveCallable.run(ReflectiveCallable.java:12)
  at org.junit.runners.model.FrameworkMethod.invokeExplosively(FrameworkMethod.java:56)
  at org.junit.internal.runners.statements.InvokeMethod.evaluate(InvokeMethod.java:17)
  at org.junit.runners.ParentRunner$3.evaluate(ParentRunner.java:306)
  at org.junit.runners.BlockJUnit4ClassRunner$1.evaluate(BlockJUnit4ClassRunner.java:100)
  at org.junit.runners.ParentRunner.runLeaf(ParentRunner.java:366)
  at org.junit.runners.BlockJUnit4ClassRunner.runChild(BlockJUnit4ClassRunner.java:103)
  at org.junit.runners.BlockJUnit4ClassRunner.runChild(BlockJUnit4ClassRunner.java:63)
  at org.junit.runners.ParentRunner$4.run(ParentRunner.java:331)
  at org.junit.runners.ParentRunner$1.schedule(ParentRunner.java:79)
  at org.junit.runners.ParentRunner.runChildren(ParentRunner.java:329)
  at org.junit.runners.ParentRunner.access$100(ParentRunner.java:66)
  at org.junit.runners.ParentRunner$2.evaluate(ParentRunner.java:293)
  at org.junit.runners.ParentRunner$3.evaluate(ParentRunner.java:306)
  at org.junit.runners.ParentRunner.run(ParentRunner.java:413)
  at org.junit.runner.JUnitCore.run(JUnitCore.java:137)
  at org.junit.runner.JUnitCore.run(JUnitCore.java:115)
  at org.gradle.api.internal.tasks.testing.junit.JUnitTestExecutor.runRequest(JUnitTestExecutor.java:175)
  at org.gradle.api.internal.tasks.testing.junit.JUnitTestExecutor.accept(JUnitTestExecutor.java:84)
  at org.gradle.api.internal.tasks.testing.junit.JUnitTestExecutor.accept(JUnitTestExecutor.java:47)
  at org.gradle.api.internal.tasks.testing.junit.AbstractJUnitTestDefinitionProcessor.processTestDefinition(AbstractJUnitTestDefinitionProcessor.java:65)
  at org.gradle.api.internal.tasks.testing.SuiteTestDefinitionProcessor.processTestDefinition(SuiteTestDefinitionProcessor.java:54)
  at java.base/jdk.internal.reflect.DirectMethodHandleAccessor.invoke(DirectMethodHandleAccessor.java:104)
  at java.base/java.lang.reflect.Method.invoke(Method.java:565)
  at org.gradle.internal.dispatch.MethodInvocation.invokeOn(MethodInvocation.java:77)
  at org.gradle.internal.dispatch.ReflectionDispatch.dispatch(ReflectionDispatch.java:28)
  at org.gradle.internal.dispatch.ReflectionDispatch.dispatch(ReflectionDispatch.java:19)
  at org.gradle.internal.dispatch.ContextClassLoaderDispatch.dispatch(ContextClassLoaderDispatch.java:33)
  at org.gradle.internal.dispatch.ProxyDispatchAdapter$DispatchingInvocationHandler.invoke(ProxyDispatchAdapter.java:88)
  at jdk.proxy1/jdk.proxy1.$Proxy4.processTestDefinition(Unknown Source)
  at org.gradle.api.internal.tasks.testing.worker.TestWorker$2.run(TestWorker.java:178)
  at org.gradle.api.internal.tasks.testing.worker.TestWorker.executeAndMaintainThreadName(TestWorker.java:126)
  at org.gradle.api.internal.tasks.testing.worker.TestWorker.execute(TestWorker.java:103)
  at org.gradle.api.internal.tasks.testing.worker.TestWorker.execute(TestWorker.java:63)
  at org.gradle.process.internal.worker.child.ActionExecutionWorker.execute(ActionExecutionWorker.java:56)
  at org.gradle.process.internal.worker.child.SystemApplicationClassLoaderWorker.call(SystemApplicationClassLoaderWorker.java:122)
  at org.gradle.process.internal.worker.child.SystemApplicationClassLoaderWorker.call(SystemApplicationClassLoaderWorker.java:72)
  at worker.org.gradle.process.internal.worker.GradleWorkerMain.run(GradleWorkerMain.java:69)
  at worker.org.gradle.process.internal.worker.GradleWorkerMain.main(GradleWorkerMain.java:74)
</stacktrace>
</test-failure>


TypeScriptCompilerTests_C[jvm] > capturedParametersInInitializers2_ts__target_es5__has expected errors matching baseline[jvm] FAILED

<test-failure test="com.xemantic.typescript.compiler.TypeScriptCompilerTests_C.contextualTypesNegatedTypeLikeConstraintInGenericMappedType2_ts has expected errors matching contextualTypesNegatedTypeLikeConstraintInGenericMappedType2_errors_txt" platform="jvm">
<message>
--- expected
+++ actual
@@ -1,8 +1,11 @@
-contextualTypesNegatedTypeLikeConstraintInGenericMappedType2.ts(24,3): error TS2322: Type '(_: any) => string' is not assignable to type 'never'.
+contextualTypesNegatedTypeLikeConstraintInGenericMappedType2.ts(17,7): error TS7006: Parameter '_' implicitly has an 'any' type.
+contextualTypesNegatedTypeLikeConstraintInGenericMappedType2.ts(18,7): error TS7006: Parameter '_' implicitly has an 'any' type.
+contextualTypesNegatedTypeLikeConstraintInGenericMappedType2.ts(22,7): error TS7006: Parameter '_' implicitly has an 'any' type.
+contextualTypesNegatedTypeLikeConstraintInGenericMappedType2.ts(23,7): error TS7006: Parameter '_' implicitly has an 'any' type.
 contextualTypesNegatedTypeLikeConstraintInGenericMappedType2.ts(24,7): error TS7006: Parameter '_' implicitly has an 'any' type.
 
 
-==== contextualTypesNegatedTypeLikeConstraintInGenericMappedType2.ts (2 errors) ====
+==== contextualTypesNegatedTypeLikeConstraintInGenericMappedType2.ts (5 errors) ====
     type Tags<D extends string, P> = P extends Record<D, infer X> ? X : never;
     
     declare const typeTags: <I>() => <
@@ -20,15 +23,21 @@
     
     matcher({
       A: (_) => _.a,
+          ~
+!!! error TS7006: Parameter '_' implicitly has an 'any' type.
       B: (_) => "fail",
+          ~
+!!! error TS7006: Parameter '_' implicitly has an 'any' type.
     });
     
     matcher({
       A: (_) => _.a,
+          ~
+!!! error TS7006: Parameter '_' implicitly has an 'any' type.
       B: (_) => "fail",
+          ~
+!!! error TS7006: Parameter '_' implicitly has an 'any' type.
       C: (_) => "fail",
-      ~
-!!! error TS2322: Type '(_: any) => string' is not assignable to type 'never'.
           ~
 !!! error TS7006: Parameter '_' implicitly has an 'any' type.
     });

</message>
<stacktrace>
  at org.junit.Assert.fail(Assert.java:89)
  at kotlin.test.junit.JUnitAsserter.fail(JUnitSupport.kt:56)
  at kotlin.test.AssertionsKt__AssertionsKt.fail(Assertions.kt:563)
  at kotlin.test.AssertionsKt.fail(Unknown Source)
  at com.xemantic.kotlin.test.SameAsKt.sameAs(SameAs.kt:52)
  at com.xemantic.typescript.compiler.TypeScriptTestSupportKt.errorsMatchBaseline(TypeScriptTestSupport.kt:135)
  at com.xemantic.typescript.compiler.TypeScriptCompilerTests_C.contextualTypesNegatedTypeLikeConstraintInGenericMappedType2_ts has expected errors matching contextualTypesNegatedTypeLikeConstraintInGenericMappedType2_errors_txt(TypeScriptCompilerTests_C.kt:7378)
  at java.base/jdk.internal.reflect.DirectMethodHandleAccessor.invoke(DirectMethodHandleAccessor.java:104)
  at java.base/java.lang.reflect.Method.invoke(Method.java:565)
  at org.junit.runners.model.FrameworkMethod$1.runReflectiveCall(FrameworkMethod.java:59)
  at org.junit.internal.runners.model.ReflectiveCallable.run(ReflectiveCallable.java:12)
  at org.junit.runners.model.FrameworkMethod.invokeExplosively(FrameworkMethod.java:56)
  at org.junit.internal.runners.statements.InvokeMethod.evaluate(InvokeMethod.java:17)
  at org.junit.runners.ParentRunner$3.evaluate(ParentRunner.java:306)
  at org.junit.runners.BlockJUnit4ClassRunner$1.evaluate(BlockJUnit4ClassRunner.java:100)
  at org.junit.runners.ParentRunner.runLeaf(ParentRunner.java:366)
  at org.junit.runners.BlockJUnit4ClassRunner.runChild(BlockJUnit4ClassRunner.java:103)
  at org.junit.runners.BlockJUnit4ClassRunner.runChild(BlockJUnit4ClassRunner.java:63)
  at org.junit.runners.ParentRunner$4.run(ParentRunner.java:331)
  at org.junit.runners.ParentRunner$1.schedule(ParentRunner.java:79)
  at org.junit.runners.ParentRunner.runChildren(ParentRunner.java:329)
  at org.junit.runners.ParentRunner.access$100(ParentRunner.java:66)
  at org.junit.runners.ParentRunner$2.evaluate(ParentRunner.java:293)
  at org.junit.runners.ParentRunner$3.evaluate(ParentRunner.java:306)
  at org.junit.runners.ParentRunner.run(ParentRunner.java:413)
  at org.junit.runner.JUnitCore.run(JUnitCore.java:137)
  at org.junit.runner.JUnitCore.run(JUnitCore.java:115)
  at org.gradle.api.internal.tasks.testing.junit.JUnitTestExecutor.runRequest(JUnitTestExecutor.java:175)
  at org.gradle.api.internal.tasks.testing.junit.JUnitTestExecutor.accept(JUnitTestExecutor.java:84)
  at org.gradle.api.internal.tasks.testing.junit.JUnitTestExecutor.accept(JUnitTestExecutor.java:47)
  at org.gradle.api.internal.tasks.testing.junit.AbstractJUnitTestDefinitionProcessor.processTestDefinition(AbstractJUnitTestDefinitionProcessor.java:65)
  at org.gradle.api.internal.tasks.testing.SuiteTestDefinitionProcessor.processTestDefinition(SuiteTestDefinitionProcessor.java:54)
  at java.base/jdk.internal.reflect.DirectMethodHandleAccessor.invoke(DirectMethodHandleAccessor.java:104)
  at java.base/java.lang.reflect.Method.invoke(Method.java:565)
  at org.gradle.internal.dispatch.MethodInvocation.invokeOn(MethodInvocation.java:77)
  at org.gradle.internal.dispatch.ReflectionDispatch.dispatch(ReflectionDispatch.java:28)
  at org.gradle.internal.dispatch.ReflectionDispatch.dispatch(ReflectionDispatch.java:19)
  at org.gradle.internal.dispatch.ContextClassLoaderDispatch.dispatch(ContextClassLoaderDispatch.java:33)
  at org.gradle.internal.dispatch.ProxyDispatchAdapter$DispatchingInvocationHandler.invoke(ProxyDispatchAdapter.java:88)
  at jdk.proxy1/jdk.proxy1.$Proxy4.processTestDefinition(Unknown Source)
  at org.gradle.api.internal.tasks.testing.worker.TestWorker$2.run(TestWorker.java:178)
  at org.gradle.api.internal.tasks.testing.worker.TestWorker.executeAndMaintainThreadName(TestWorker.java:126)
  at org.gradle.api.internal.tasks.testing.worker.TestWorker.execute(TestWorker.java:103)
  at org.gradle.api.internal.tasks.testing.worker.TestWorker.execute(TestWorker.java:63)
  at org.gradle.process.internal.worker.child.ActionExecutionWorker.execute(ActionExecutionWorker.java:56)
  at org.gradle.process.internal.worker.child.SystemApplicationClassLoaderWorker.call(SystemApplicationClassLoaderWorker.java:122)
  at org.gradle.process.internal.worker.child.SystemApplicationClassLoaderWorker.call(SystemApplicationClassLoaderWorker.java:72)
  at worker.org.gradle.process.internal.worker.GradleWorkerMain.run(GradleWorkerMain.java:69)
  at worker.org.gradle.process.internal.worker.GradleWorkerMain.main(GradleWorkerMain.java:74)
</stacktrace>
</test-failure>


TypeScriptCompilerTests_C[jvm] > contextualTypesNegatedTypeLikeConstraintInGenericMappedType2_ts has expected errors matching contextualTypesNegatedTypeLikeConstraintInGenericMappedType2_errors_txt[jvm] FAILED

<test-failure test="com.xemantic.typescript.compiler.TypeScriptCompilerTests_C.contextualTypeForInitalizedVariablesFiltersUndefined_ts has expected errors matching contextualTypeForInitalizedVariablesFiltersUndefined_errors_txt" platform="jvm">
<message>
Expected diagnostics from baseline typescript-repo/tests/baselines/reference/contextualTypeForInitalizedVariablesFiltersUndefined.errors.txt but none produced
</message>
<stacktrace>
  at com.xemantic.typescript.compiler.TypeScriptTestSupportKt.errorsMatchBaseline(TypeScriptTestSupport.kt:125)
  at com.xemantic.typescript.compiler.TypeScriptCompilerTests_C.contextualTypeForInitalizedVariablesFiltersUndefined_ts has expected errors matching contextualTypeForInitalizedVariablesFiltersUndefined_errors_txt(TypeScriptCompilerTests_C.kt:7315)
  at java.base/jdk.internal.reflect.DirectMethodHandleAccessor.invoke(DirectMethodHandleAccessor.java:104)
  at java.base/java.lang.reflect.Method.invoke(Method.java:565)
  at org.junit.runners.model.FrameworkMethod$1.runReflectiveCall(FrameworkMethod.java:59)
  at org.junit.internal.runners.model.ReflectiveCallable.run(ReflectiveCallable.java:12)
  at org.junit.runners.model.FrameworkMethod.invokeExplosively(FrameworkMethod.java:56)
  at org.junit.internal.runners.statements.InvokeMethod.evaluate(InvokeMethod.java:17)
  at org.junit.runners.ParentRunner$3.evaluate(ParentRunner.java:306)
  at org.junit.runners.BlockJUnit4ClassRunner$1.evaluate(BlockJUnit4ClassRunner.java:100)
  at org.junit.runners.ParentRunner.runLeaf(ParentRunner.java:366)
  at org.junit.runners.BlockJUnit4ClassRunner.runChild(BlockJUnit4ClassRunner.java:103)
  at org.junit.runners.BlockJUnit4ClassRunner.runChild(BlockJUnit4ClassRunner.java:63)
  at org.junit.runners.ParentRunner$4.run(ParentRunner.java:331)
  at org.junit.runners.ParentRunner$1.schedule(ParentRunner.java:79)
  at org.junit.runners.ParentRunner.runChildren(ParentRunner.java:329)
  at org.junit.runners.ParentRunner.access$100(ParentRunner.java:66)
  at org.junit.runners.ParentRunner$2.evaluate(ParentRunner.java:293)
  at org.junit.runners.ParentRunner$3.evaluate(ParentRunner.java:306)
  at org.junit.runners.ParentRunner.run(ParentRunner.java:413)
  at org.junit.runner.JUnitCore.run(JUnitCore.java:137)
  at org.junit.runner.JUnitCore.run(JUnitCore.java:115)
  at org.gradle.api.internal.tasks.testing.junit.JUnitTestExecutor.runRequest(JUnitTestExecutor.java:175)
  at org.gradle.api.internal.tasks.testing.junit.JUnitTestExecutor.accept(JUnitTestExecutor.java:84)
  at org.gradle.api.internal.tasks.testing.junit.JUnitTestExecutor.accept(JUnitTestExecutor.java:47)
  at org.gradle.api.internal.tasks.testing.junit.AbstractJUnitTestDefinitionProcessor.processTestDefinition(AbstractJUnitTestDefinitionProcessor.java:65)
  at org.gradle.api.internal.tasks.testing.SuiteTestDefinitionProcessor.processTestDefinition(SuiteTestDefinitionProcessor.java:54)
  at java.base/jdk.internal.reflect.DirectMethodHandleAccessor.invoke(DirectMethodHandleAccessor.java:104)
  at java.base/java.lang.reflect.Method.invoke(Method.java:565)
  at org.gradle.internal.dispatch.MethodInvocation.invokeOn(MethodInvocation.java:77)
  at org.gradle.internal.dispatch.ReflectionDispatch.dispatch(ReflectionDispatch.java:28)
  at org.gradle.internal.dispatch.ReflectionDispatch.dispatch(ReflectionDispatch.java:19)
  at org.gradle.internal.dispatch.ContextClassLoaderDispatch.dispatch(ContextClassLoaderDispatch.java:33)
  at org.gradle.internal.dispatch.ProxyDispatchAdapter$DispatchingInvocationHandler.invoke(ProxyDispatchAdapter.java:88)
  at jdk.proxy1/jdk.proxy1.$Proxy4.processTestDefinition(Unknown Source)
  at org.gradle.api.internal.tasks.testing.worker.TestWorker$2.run(TestWorker.java:178)
  at org.gradle.api.internal.tasks.testing.worker.TestWorker.executeAndMaintainThreadName(TestWorker.java:126)
  at org.gradle.api.internal.tasks.testing.worker.TestWorker.execute(TestWorker.java:103)
  at org.gradle.api.internal.tasks.testing.worker.TestWorker.execute(TestWorker.java:63)
  at org.gradle.process.internal.worker.child.ActionExecutionWorker.execute(ActionExecutionWorker.java:56)
  at org.gradle.process.internal.worker.child.SystemApplicationClassLoaderWorker.call(SystemApplicationClassLoaderWorker.java:122)
  at org.gradle.process.internal.worker.child.SystemApplicationClassLoaderWorker.call(SystemApplicationClassLoaderWorker.java:72)
  at worker.org.gradle.process.internal.worker.GradleWorkerMain.run(GradleWorkerMain.java:69)
  at worker.org.gradle.process.internal.worker.GradleWorkerMain.main(GradleWorkerMain.java:74)
</stacktrace>
</test-failure>


TypeScriptCompilerTests_C[jvm] > contextualTypeForInitalizedVariablesFiltersUndefined_ts has expected errors matching contextualTypeForInitalizedVariablesFiltersUndefined_errors_txt[jvm] FAILED

<test-failure test="com.xemantic.typescript.compiler.TypeScriptCompilerTests_C.constructorOverloads4_ts has expected errors matching constructorOverloads4_errors_txt" platform="jvm">
<message>
--- expected
+++ actual
@@ -1,19 +1,26 @@
-constructorOverloads4.ts(10,1): error TS2349: This expression is not callable.
-  Type 'Function' has no call signatures.
+constructorOverloads4.ts(2,18): error TS2813: Class declaration cannot implement overload list for 'Function'.
+constructorOverloads4.ts(5,21): error TS2814: Function with bodies can only merge with classes that are ambient.
+constructorOverloads4.ts(6,21): error TS2814: Function with bodies can only merge with classes that are ambient.
 
 
-==== constructorOverloads4.ts (1 errors) ====
+==== constructorOverloads4.ts (3 errors) ====
     declare namespace M {    
         export class Function {
+                     ~~~~~~~~
+!!! error TS2813: Class declaration cannot implement overload list for 'Function'.
+!!! related TS6506 constructorOverloads4.ts:2:18: Consider adding a 'declare' modifier to this class.
             constructor(...args: string[]);
         }
         export function Function(...args: any[]): any;
+                        ~~~~~~~~
+!!! error TS2814: Function with bodies can only merge with classes that are ambient.
+!!! related TS6506 constructorOverloads4.ts:2:18: Consider adding a 'declare' modifier to this class.
         export function Function(...args: string[]): Function;
+                        ~~~~~~~~
+!!! error TS2814: Function with bodies can only merge with classes that are ambient.
+!!! related TS6506 constructorOverloads4.ts:2:18: Consider adding a 'declare' modifier to this class.
     }
     
     
     (new M.Function("return 5"))();
-    ~~~~~~~~~~~~~~~~~~~~~~~~~~~~
-!!! error TS2349: This expression is not callable.
-!!! error TS2349:   Type 'Function' has no call signatures.
     M.Function("yo");

</message>
<stacktrace>
  at org.junit.Assert.fail(Assert.java:89)
  at kotlin.test.junit.JUnitAsserter.fail(JUnitSupport.kt:56)
  at kotlin.test.AssertionsKt__AssertionsKt.fail(Assertions.kt:563)
  at kotlin.test.AssertionsKt.fail(Unknown Source)
  at com.xemantic.kotlin.test.SameAsKt.sameAs(SameAs.kt:52)
  at com.xemantic.typescript.compiler.TypeScriptTestSupportKt.errorsMatchBaseline(TypeScriptTestSupport.kt:135)
  at com.xemantic.typescript.compiler.TypeScriptCompilerTests_C.constructorOverloads4_ts has expected errors matching constructorOverloads4_errors_txt(TypeScriptCompilerTests_C.kt:6853)
  at java.base/jdk.internal.reflect.DirectMethodHandleAccessor.invoke(DirectMethodHandleAccessor.java:104)
  at java.base/java.lang.reflect.Method.invoke(Method.java:565)
  at org.junit.runners.model.FrameworkMethod$1.runReflectiveCall(FrameworkMethod.java:59)
  at org.junit.internal.runners.model.ReflectiveCallable.run(ReflectiveCallable.java:12)
  at org.junit.runners.model.FrameworkMethod.invokeExplosively(FrameworkMethod.java:56)
  at org.junit.internal.runners.statements.InvokeMethod.evaluate(InvokeMethod.java:17)
  at org.junit.runners.ParentRunner$3.evaluate(ParentRunner.java:306)
  at org.junit.runners.BlockJUnit4ClassRunner$1.evaluate(BlockJUnit4ClassRunner.java:100)
  at org.junit.runners.ParentRunner.runLeaf(ParentRunner.java:366)
  at org.junit.runners.BlockJUnit4ClassRunner.runChild(BlockJUnit4ClassRunner.java:103)
  at org.junit.runners.BlockJUnit4ClassRunner.runChild(BlockJUnit4ClassRunner.java:63)
  at org.junit.runners.ParentRunner$4.run(ParentRunner.java:331)
  at org.junit.runners.ParentRunner$1.schedule(ParentRunner.java:79)
  at org.junit.runners.ParentRunner.runChildren(ParentRunner.java:329)
  at org.junit.runners.ParentRunner.access$100(ParentRunner.java:66)
  at org.junit.runners.ParentRunner$2.evaluate(ParentRunner.java:293)
  at org.junit.runners.ParentRunner$3.evaluate(ParentRunner.java:306)
  at org.junit.runners.ParentRunner.run(ParentRunner.java:413)
  at org.junit.runner.JUnitCore.run(JUnitCore.java:137)
  at org.junit.runner.JUnitCore.run(JUnitCore.java:115)
  at org.gradle.api.internal.tasks.testing.junit.JUnitTestExecutor.runRequest(JUnitTestExecutor.java:175)
  at org.gradle.api.internal.tasks.testing.junit.JUnitTestExecutor.accept(JUnitTestExecutor.java:84)
  at org.gradle.api.internal.tasks.testing.junit.JUnitTestExecutor.accept(JUnitTestExecutor.java:47)
  at org.gradle.api.internal.tasks.testing.junit.AbstractJUnitTestDefinitionProcessor.processTestDefinition(AbstractJUnitTestDefinitionProcessor.java:65)
  at org.gradle.api.internal.tasks.testing.SuiteTestDefinitionProcessor.processTestDefinition(SuiteTestDefinitionProcessor.java:54)
  at java.base/jdk.internal.reflect.DirectMethodHandleAccessor.invoke(DirectMethodHandleAccessor.java:104)
  at java.base/java.lang.reflect.Method.invoke(Method.java:565)
  at org.gradle.internal.dispatch.MethodInvocation.invokeOn(MethodInvocation.java:77)
  at org.gradle.internal.dispatch.ReflectionDispatch.dispatch(ReflectionDispatch.java:28)
  at org.gradle.internal.dispatch.ReflectionDispatch.dispatch(ReflectionDispatch.java:19)
  at org.gradle.internal.dispatch.ContextClassLoaderDispatch.dispatch(ContextClassLoaderDispatch.java:33)
  at org.gradle.internal.dispatch.ProxyDispatchAdapter$DispatchingInvocationHandler.invoke(ProxyDispatchAdapter.java:88)
  at jdk.proxy1/jdk.proxy1.$Proxy4.processTestDefinition(Unknown Source)
  at org.gradle.api.internal.tasks.testing.worker.TestWorker$2.run(TestWorker.java:178)
  at org.gradle.api.internal.tasks.testing.worker.TestWorker.executeAndMaintainThreadName(TestWorker.java:126)
  at org.gradle.api.internal.tasks.testing.worker.TestWorker.execute(TestWorker.java:103)
  at org.gradle.api.internal.tasks.testing.worker.TestWorker.execute(TestWorker.java:63)
  at org.gradle.process.internal.worker.child.ActionExecutionWorker.execute(ActionExecutionWorker.java:56)
  at org.gradle.process.internal.worker.child.SystemApplicationClassLoaderWorker.call(SystemApplicationClassLoaderWorker.java:122)
  at org.gradle.process.internal.worker.child.SystemApplicationClassLoaderWorker.call(SystemApplicationClassLoaderWorker.java:72)
  at worker.org.gradle.process.internal.worker.GradleWorkerMain.run(GradleWorkerMain.java:69)
  at worker.org.gradle.process.internal.worker.GradleWorkerMain.main(GradleWorkerMain.java:74)
</stacktrace>
</test-failure>


TypeScriptCompilerTests_C[jvm] > constructorOverloads4_ts has expected errors matching constructorOverloads4_errors_txt[jvm] FAILED

<test-failure test="com.xemantic.typescript.compiler.TypeScriptCompilerTests_C.capturedLetConstInLoop5_ES6_ts has expected errors matching capturedLetConstInLoop5_ES6_errors_txt" platform="jvm">
<message>
Expected diagnostics from baseline typescript-repo/tests/baselines/reference/capturedLetConstInLoop5_ES6.errors.txt but none produced
</message>
<stacktrace>
  at com.xemantic.typescript.compiler.TypeScriptTestSupportKt.errorsMatchBaseline(TypeScriptTestSupport.kt:125)
  at com.xemantic.typescript.compiler.TypeScriptCompilerTests_C.capturedLetConstInLoop5_ES6_ts has expected errors matching capturedLetConstInLoop5_ES6_errors_txt(TypeScriptCompilerTests_C.kt:749)
  at java.base/jdk.internal.reflect.DirectMethodHandleAccessor.invoke(DirectMethodHandleAccessor.java:104)
  at java.base/java.lang.reflect.Method.invoke(Method.java:565)
  at org.junit.runners.model.FrameworkMethod$1.runReflectiveCall(FrameworkMethod.java:59)
  at org.junit.internal.runners.model.ReflectiveCallable.run(ReflectiveCallable.java:12)
  at org.junit.runners.model.FrameworkMethod.invokeExplosively(FrameworkMethod.java:56)
  at org.junit.internal.runners.statements.InvokeMethod.evaluate(InvokeMethod.java:17)
  at org.junit.runners.ParentRunner$3.evaluate(ParentRunner.java:306)
  at org.junit.runners.BlockJUnit4ClassRunner$1.evaluate(BlockJUnit4ClassRunner.java:100)
  at org.junit.runners.ParentRunner.runLeaf(ParentRunner.java:366)
  at org.junit.runners.BlockJUnit4ClassRunner.runChild(BlockJUnit4ClassRunner.java:103)
  at org.junit.runners.BlockJUnit4ClassRunner.runChild(BlockJUnit4ClassRunner.java:63)
  at org.junit.runners.ParentRunner$4.run(ParentRunner.java:331)
  at org.junit.runners.ParentRunner$1.schedule(ParentRunner.java:79)
  at org.junit.runners.ParentRunner.runChildren(ParentRunner.java:329)
  at org.junit.runners.ParentRunner.access$100(ParentRunner.java:66)
  at org.junit.runners.ParentRunner$2.evaluate(ParentRunner.java:293)
  at org.junit.runners.ParentRunner$3.evaluate(ParentRunner.java:306)
  at org.junit.runners.ParentRunner.run(ParentRunner.java:413)
  at org.junit.runner.JUnitCore.run(JUnitCore.java:137)
  at org.junit.runner.JUnitCore.run(JUnitCore.java:115)
  at org.gradle.api.internal.tasks.testing.junit.JUnitTestExecutor.runRequest(JUnitTestExecutor.java:175)
  at org.gradle.api.internal.tasks.testing.junit.JUnitTestExecutor.accept(JUnitTestExecutor.java:84)
  at org.gradle.api.internal.tasks.testing.junit.JUnitTestExecutor.accept(JUnitTestExecutor.java:47)
  at org.gradle.api.internal.tasks.testing.junit.AbstractJUnitTestDefinitionProcessor.processTestDefinition(AbstractJUnitTestDefinitionProcessor.java:65)
  at org.gradle.api.internal.tasks.testing.SuiteTestDefinitionProcessor.processTestDefinition(SuiteTestDefinitionProcessor.java:54)
  at java.base/jdk.internal.reflect.DirectMethodHandleAccessor.invoke(DirectMethodHandleAccessor.java:104)
  at java.base/java.lang.reflect.Method.invoke(Method.java:565)
  at org.gradle.internal.dispatch.MethodInvocation.invokeOn(MethodInvocation.java:77)
  at org.gradle.internal.dispatch.ReflectionDispatch.dispatch(ReflectionDispatch.java:28)
  at org.gradle.internal.dispatch.ReflectionDispatch.dispatch(ReflectionDispatch.java:19)
  at org.gradle.internal.dispatch.ContextClassLoaderDispatch.dispatch(ContextClassLoaderDispatch.java:33)
  at org.gradle.internal.dispatch.ProxyDispatchAdapter$DispatchingInvocationHandler.invoke(ProxyDispatchAdapter.java:88)
  at jdk.proxy1/jdk.proxy1.$Proxy4.processTestDefinition(Unknown Source)
  at org.gradle.api.internal.tasks.testing.worker.TestWorker$2.run(TestWorker.java:178)
  at org.gradle.api.internal.tasks.testing.worker.TestWorker.executeAndMaintainThreadName(TestWorker.java:126)
  at org.gradle.api.internal.tasks.testing.worker.TestWorker.execute(TestWorker.java:103)
  at org.gradle.api.internal.tasks.testing.worker.TestWorker.execute(TestWorker.java:63)
  at org.gradle.process.internal.worker.child.ActionExecutionWorker.execute(ActionExecutionWorker.java:56)
  at org.gradle.process.internal.worker.child.SystemApplicationClassLoaderWorker.call(SystemApplicationClassLoaderWorker.java:122)
  at org.gradle.process.internal.worker.child.SystemApplicationClassLoaderWorker.call(SystemApplicationClassLoaderWorker.java:72)
  at worker.org.gradle.process.internal.worker.GradleWorkerMain.run(GradleWorkerMain.java:69)
  at worker.org.gradle.process.internal.worker.GradleWorkerMain.main(GradleWorkerMain.java:74)
</stacktrace>
</test-failure>


TypeScriptCompilerTests_C[jvm] > capturedLetConstInLoop5_ES6_ts has expected errors matching capturedLetConstInLoop5_ES6_errors_txt[jvm] FAILED

<test-failure test="com.xemantic.typescript.compiler.TypeScriptCompilerTests_C.contextuallyTypingRestParameters_ts has expected errors matching contextuallyTypingRestParameters_errors_txt" platform="jvm">
<message>
Expected diagnostics from baseline typescript-repo/tests/baselines/reference/contextuallyTypingRestParameters.errors.txt but none produced
</message>
<stacktrace>
  at com.xemantic.typescript.compiler.TypeScriptTestSupportKt.errorsMatchBaseline(TypeScriptTestSupport.kt:125)
  at com.xemantic.typescript.compiler.TypeScriptCompilerTests_C.contextuallyTypingRestParameters_ts has expected errors matching contextuallyTypingRestParameters_errors_txt(TypeScriptCompilerTests_C.kt:8092)
  at java.base/jdk.internal.reflect.DirectMethodHandleAccessor.invoke(DirectMethodHandleAccessor.java:104)
  at java.base/java.lang.reflect.Method.invoke(Method.java:565)
  at org.junit.runners.model.FrameworkMethod$1.runReflectiveCall(FrameworkMethod.java:59)
  at org.junit.internal.runners.model.ReflectiveCallable.run(ReflectiveCallable.java:12)
  at org.junit.runners.model.FrameworkMethod.invokeExplosively(FrameworkMethod.java:56)
  at org.junit.internal.runners.statements.InvokeMethod.evaluate(InvokeMethod.java:17)
  at org.junit.runners.ParentRunner$3.evaluate(ParentRunner.java:306)
  at org.junit.runners.BlockJUnit4ClassRunner$1.evaluate(BlockJUnit4ClassRunner.java:100)
  at org.junit.runners.ParentRunner.runLeaf(ParentRunner.java:366)
  at org.junit.runners.BlockJUnit4ClassRunner.runChild(BlockJUnit4ClassRunner.java:103)
  at org.junit.runners.BlockJUnit4ClassRunner.runChild(BlockJUnit4ClassRunner.java:63)
  at org.junit.runners.ParentRunner$4.run(ParentRunner.java:331)
  at org.junit.runners.ParentRunner$1.schedule(ParentRunner.java:79)
  at org.junit.runners.ParentRunner.runChildren(ParentRunner.java:329)
  at org.junit.runners.ParentRunner.access$100(ParentRunner.java:66)
  at org.junit.runners.ParentRunner$2.evaluate(ParentRunner.java:293)
  at org.junit.runners.ParentRunner$3.evaluate(ParentRunner.java:306)
  at org.junit.runners.ParentRunner.run(ParentRunner.java:413)
  at org.junit.runner.JUnitCore.run(JUnitCore.java:137)
  at org.junit.runner.JUnitCore.run(JUnitCore.java:115)
  at org.gradle.api.internal.tasks.testing.junit.JUnitTestExecutor.runRequest(JUnitTestExecutor.java:175)
  at org.gradle.api.internal.tasks.testing.junit.JUnitTestExecutor.accept(JUnitTestExecutor.java:84)
  at org.gradle.api.internal.tasks.testing.junit.JUnitTestExecutor.accept(JUnitTestExecutor.java:47)
  at org.gradle.api.internal.tasks.testing.junit.AbstractJUnitTestDefinitionProcessor.processTestDefinition(AbstractJUnitTestDefinitionProcessor.java:65)
  at org.gradle.api.internal.tasks.testing.SuiteTestDefinitionProcessor.processTestDefinition(SuiteTestDefinitionProcessor.java:54)
  at java.base/jdk.internal.reflect.DirectMethodHandleAccessor.invoke(DirectMethodHandleAccessor.java:104)
  at java.base/java.lang.reflect.Method.invoke(Method.java:565)
  at org.gradle.internal.dispatch.MethodInvocation.invokeOn(MethodInvocation.java:77)
  at org.gradle.internal.dispatch.ReflectionDispatch.dispatch(ReflectionDispatch.java:28)
  at org.gradle.internal.dispatch.ReflectionDispatch.dispatch(ReflectionDispatch.java:19)
  at org.gradle.internal.dispatch.ContextClassLoaderDispatch.dispatch(ContextClassLoaderDispatch.java:33)
  at org.gradle.internal.dispatch.ProxyDispatchAdapter$DispatchingInvocationHandler.invoke(ProxyDispatchAdapter.java:88)
  at jdk.proxy1/jdk.proxy1.$Proxy4.processTestDefinition(Unknown Source)
  at org.gradle.api.internal.tasks.testing.worker.TestWorker$2.run(TestWorker.java:178)
  at org.gradle.api.internal.tasks.testing.worker.TestWorker.executeAndMaintainThreadName(TestWorker.java:126)
  at org.gradle.api.internal.tasks.testing.worker.TestWorker.execute(TestWorker.java:103)
  at org.gradle.api.internal.tasks.testing.worker.TestWorker.execute(TestWorker.java:63)
  at org.gradle.process.internal.worker.child.ActionExecutionWorker.execute(ActionExecutionWorker.java:56)
  at org.gradle.process.internal.worker.child.SystemApplicationClassLoaderWorker.call(SystemApplicationClassLoaderWorker.java:122)
  at org.gradle.process.internal.worker.child.SystemApplicationClassLoaderWorker.call(SystemApplicationClassLoaderWorker.java:72)
  at worker.org.gradle.process.internal.worker.GradleWorkerMain.run(GradleWorkerMain.java:69)
  at worker.org.gradle.process.internal.worker.GradleWorkerMain.main(GradleWorkerMain.java:74)
</stacktrace>
</test-failure>


TypeScriptCompilerTests_C[jvm] > contextuallyTypingRestParameters_ts has expected errors matching contextuallyTypingRestParameters_errors_txt[jvm] FAILED

<test-failure test="com.xemantic.typescript.compiler.TypeScriptCompilerTests_C.contextualTypingArrayDestructuringWithDefaults_ts has expected errors matching contextualTypingArrayDestructuringWithDefaults_errors_txt" platform="jvm">
<message>
Expected diagnostics from baseline typescript-repo/tests/baselines/reference/contextualTypingArrayDestructuringWithDefaults.errors.txt but none produced
</message>
<stacktrace>
  at com.xemantic.typescript.compiler.TypeScriptTestSupportKt.errorsMatchBaseline(TypeScriptTestSupport.kt:125)
  at com.xemantic.typescript.compiler.TypeScriptCompilerTests_C.contextualTypingArrayDestructuringWithDefaults_ts has expected errors matching contextualTypingArrayDestructuringWithDefaults_errors_txt(TypeScriptCompilerTests_C.kt:7798)
  at java.base/jdk.internal.reflect.DirectMethodHandleAccessor.invoke(DirectMethodHandleAccessor.java:104)
  at java.base/java.lang.reflect.Method.invoke(Method.java:565)
  at org.junit.runners.model.FrameworkMethod$1.runReflectiveCall(FrameworkMethod.java:59)
  at org.junit.internal.runners.model.ReflectiveCallable.run(ReflectiveCallable.java:12)
  at org.junit.runners.model.FrameworkMethod.invokeExplosively(FrameworkMethod.java:56)
  at org.junit.internal.runners.statements.InvokeMethod.evaluate(InvokeMethod.java:17)
  at org.junit.runners.ParentRunner$3.evaluate(ParentRunner.java:306)
  at org.junit.runners.BlockJUnit4ClassRunner$1.evaluate(BlockJUnit4ClassRunner.java:100)
  at org.junit.runners.ParentRunner.runLeaf(ParentRunner.java:366)
  at org.junit.runners.BlockJUnit4ClassRunner.runChild(BlockJUnit4ClassRunner.java:103)
  at org.junit.runners.BlockJUnit4ClassRunner.runChild(BlockJUnit4ClassRunner.java:63)
  at org.junit.runners.ParentRunner$4.run(ParentRunner.java:331)
  at org.junit.runners.ParentRunner$1.schedule(ParentRunner.java:79)
  at org.junit.runners.ParentRunner.runChildren(ParentRunner.java:329)
  at org.junit.runners.ParentRunner.access$100(ParentRunner.java:66)
  at org.junit.runners.ParentRunner$2.evaluate(ParentRunner.java:293)
  at org.junit.runners.ParentRunner$3.evaluate(ParentRunner.java:306)
  at org.junit.runners.ParentRunner.run(ParentRunner.java:413)
  at org.junit.runner.JUnitCore.run(JUnitCore.java:137)
  at org.junit.runner.JUnitCore.run(JUnitCore.java:115)
  at org.gradle.api.internal.tasks.testing.junit.JUnitTestExecutor.runRequest(JUnitTestExecutor.java:175)
  at org.gradle.api.internal.tasks.testing.junit.JUnitTestExecutor.accept(JUnitTestExecutor.java:84)
  at org.gradle.api.internal.tasks.testing.junit.JUnitTestExecutor.accept(JUnitTestExecutor.java:47)
  at org.gradle.api.internal.tasks.testing.junit.AbstractJUnitTestDefinitionProcessor.processTestDefinition(AbstractJUnitTestDefinitionProcessor.java:65)
  at org.gradle.api.internal.tasks.testing.SuiteTestDefinitionProcessor.processTestDefinition(SuiteTestDefinitionProcessor.java:54)
  at java.base/jdk.internal.reflect.DirectMethodHandleAccessor.invoke(DirectMethodHandleAccessor.java:104)
  at java.base/java.lang.reflect.Method.invoke(Method.java:565)
  at org.gradle.internal.dispatch.MethodInvocation.invokeOn(MethodInvocation.java:77)
  at org.gradle.internal.dispatch.ReflectionDispatch.dispatch(ReflectionDispatch.java:28)
  at org.gradle.internal.dispatch.ReflectionDispatch.dispatch(ReflectionDispatch.java:19)
  at org.gradle.internal.dispatch.ContextClassLoaderDispatch.dispatch(ContextClassLoaderDispatch.java:33)
  at org.gradle.internal.dispatch.ProxyDispatchAdapter$DispatchingInvocationHandler.invoke(ProxyDispatchAdapter.java:88)
  at jdk.proxy1/jdk.proxy1.$Proxy4.processTestDefinition(Unknown Source)
  at org.gradle.api.internal.tasks.testing.worker.TestWorker$2.run(TestWorker.java:178)
  at org.gradle.api.internal.tasks.testing.worker.TestWorker.executeAndMaintainThreadName(TestWorker.java:126)
  at org.gradle.api.internal.tasks.testing.worker.TestWorker.execute(TestWorker.java:103)
  at org.gradle.api.internal.tasks.testing.worker.TestWorker.execute(TestWorker.java:63)
  at org.gradle.process.internal.worker.child.ActionExecutionWorker.execute(ActionExecutionWorker.java:56)
  at org.gradle.process.internal.worker.child.SystemApplicationClassLoaderWorker.call(SystemApplicationClassLoaderWorker.java:122)
  at org.gradle.process.internal.worker.child.SystemApplicationClassLoaderWorker.call(SystemApplicationClassLoaderWorker.java:72)
  at worker.org.gradle.process.internal.worker.GradleWorkerMain.run(GradleWorkerMain.java:69)
  at worker.org.gradle.process.internal.worker.GradleWorkerMain.main(GradleWorkerMain.java:74)
</stacktrace>
</test-failure>


TypeScriptCompilerTests_C[jvm] > contextualTypingArrayDestructuringWithDefaults_ts has expected errors matching contextualTypingArrayDestructuringWithDefaults_errors_txt[jvm] FAILED

<test-failure test="com.xemantic.typescript.compiler.TypeScriptCompilerTests_C.contextualTyping30_ts has expected errors matching contextualTyping30_errors_txt" platform="jvm">
<message>
Expected diagnostics from baseline typescript-repo/tests/baselines/reference/contextualTyping30.errors.txt but none produced
</message>
<stacktrace>
  at com.xemantic.typescript.compiler.TypeScriptTestSupportKt.errorsMatchBaseline(TypeScriptTestSupport.kt:125)
  at com.xemantic.typescript.compiler.TypeScriptCompilerTests_C.contextualTyping30_ts has expected errors matching contextualTyping30_errors_txt(TypeScriptCompilerTests_C.kt:7616)
  at java.base/jdk.internal.reflect.DirectMethodHandleAccessor.invoke(DirectMethodHandleAccessor.java:104)
  at java.base/java.lang.reflect.Method.invoke(Method.java:565)
  at org.junit.runners.model.FrameworkMethod$1.runReflectiveCall(FrameworkMethod.java:59)
  at org.junit.internal.runners.model.ReflectiveCallable.run(ReflectiveCallable.java:12)
  at org.junit.runners.model.FrameworkMethod.invokeExplosively(FrameworkMethod.java:56)
  at org.junit.internal.runners.statements.InvokeMethod.evaluate(InvokeMethod.java:17)
  at org.junit.runners.ParentRunner$3.evaluate(ParentRunner.java:306)
  at org.junit.runners.BlockJUnit4ClassRunner$1.evaluate(BlockJUnit4ClassRunner.java:100)
  at org.junit.runners.ParentRunner.runLeaf(ParentRunner.java:366)
  at org.junit.runners.BlockJUnit4ClassRunner.runChild(BlockJUnit4ClassRunner.java:103)
  at org.junit.runners.BlockJUnit4ClassRunner.runChild(BlockJUnit4ClassRunner.java:63)
  at org.junit.runners.ParentRunner$4.run(ParentRunner.java:331)
  at org.junit.runners.ParentRunner$1.schedule(ParentRunner.java:79)
  at org.junit.runners.ParentRunner.runChildren(ParentRunner.java:329)
  at org.junit.runners.ParentRunner.access$100(ParentRunner.java:66)
  at org.junit.runners.ParentRunner$2.evaluate(ParentRunner.java:293)
  at org.junit.runners.ParentRunner$3.evaluate(ParentRunner.java:306)
  at org.junit.runners.ParentRunner.run(ParentRunner.java:413)
  at org.junit.runner.JUnitCore.run(JUnitCore.java:137)
  at org.junit.runner.JUnitCore.run(JUnitCore.java:115)
  at org.gradle.api.internal.tasks.testing.junit.JUnitTestExecutor.runRequest(JUnitTestExecutor.java:175)
  at org.gradle.api.internal.tasks.testing.junit.JUnitTestExecutor.accept(JUnitTestExecutor.java:84)
  at org.gradle.api.internal.tasks.testing.junit.JUnitTestExecutor.accept(JUnitTestExecutor.java:47)
  at org.gradle.api.internal.tasks.testing.junit.AbstractJUnitTestDefinitionProcessor.processTestDefinition(AbstractJUnitTestDefinitionProcessor.java:65)
  at org.gradle.api.internal.tasks.testing.SuiteTestDefinitionProcessor.processTestDefinition(SuiteTestDefinitionProcessor.java:54)
  at java.base/jdk.internal.reflect.DirectMethodHandleAccessor.invoke(DirectMethodHandleAccessor.java:104)
  at java.base/java.lang.reflect.Method.invoke(Method.java:565)
  at org.gradle.internal.dispatch.MethodInvocation.invokeOn(MethodInvocation.java:77)
  at org.gradle.internal.dispatch.ReflectionDispatch.dispatch(ReflectionDispatch.java:28)
  at org.gradle.internal.dispatch.ReflectionDispatch.dispatch(ReflectionDispatch.java:19)
  at org.gradle.internal.dispatch.ContextClassLoaderDispatch.dispatch(ContextClassLoaderDispatch.java:33)
  at org.gradle.internal.dispatch.ProxyDispatchAdapter$DispatchingInvocationHandler.invoke(ProxyDispatchAdapter.java:88)
  at jdk.proxy1/jdk.proxy1.$Proxy4.processTestDefinition(Unknown Source)
  at org.gradle.api.internal.tasks.testing.worker.TestWorker$2.run(TestWorker.java:178)
  at org.gradle.api.internal.tasks.testing.worker.TestWorker.executeAndMaintainThreadName(TestWorker.java:126)
  at org.gradle.api.internal.tasks.testing.worker.TestWorker.execute(TestWorker.java:103)
  at org.gradle.api.internal.tasks.testing.worker.TestWorker.execute(TestWorker.java:63)
  at org.gradle.process.internal.worker.child.ActionExecutionWorker.execute(ActionExecutionWorker.java:56)
  at org.gradle.process.internal.worker.child.SystemApplicationClassLoaderWorker.call(SystemApplicationClassLoaderWorker.java:122)
  at org.gradle.process.internal.worker.child.SystemApplicationClassLoaderWorker.call(SystemApplicationClassLoaderWorker.java:72)
  at worker.org.gradle.process.internal.worker.GradleWorkerMain.run(GradleWorkerMain.java:69)
  at worker.org.gradle.process.internal.worker.GradleWorkerMain.main(GradleWorkerMain.java:74)
</stacktrace>
</test-failure>


TypeScriptCompilerTests_C[jvm] > contextualTyping30_ts has expected errors matching contextualTyping30_errors_txt[jvm] FAILED

<test-failure test="com.xemantic.typescript.compiler.TypeScriptCompilerTests_C.checkJsdocTypeTagOnExportAssignment3_ts has expected errors matching checkJsdocTypeTagOnExportAssignment3_errors_txt" platform="jvm">
<message>
Expected diagnostics from baseline typescript-repo/tests/baselines/reference/checkJsdocTypeTagOnExportAssignment3.errors.txt but none produced
</message>
<stacktrace>
  at com.xemantic.typescript.compiler.TypeScriptTestSupportKt.errorsMatchBaseline(TypeScriptTestSupport.kt:125)
  at com.xemantic.typescript.compiler.TypeScriptCompilerTests_C.checkJsdocTypeTagOnExportAssignment3_ts has expected errors matching checkJsdocTypeTagOnExportAssignment3_errors_txt(TypeScriptCompilerTests_C.kt:1309)
  at java.base/jdk.internal.reflect.DirectMethodHandleAccessor.invoke(DirectMethodHandleAccessor.java:104)
  at java.base/java.lang.reflect.Method.invoke(Method.java:565)
  at org.junit.runners.model.FrameworkMethod$1.runReflectiveCall(FrameworkMethod.java:59)
  at org.junit.internal.runners.model.ReflectiveCallable.run(ReflectiveCallable.java:12)
  at org.junit.runners.model.FrameworkMethod.invokeExplosively(FrameworkMethod.java:56)
  at org.junit.internal.runners.statements.InvokeMethod.evaluate(InvokeMethod.java:17)
  at org.junit.runners.ParentRunner$3.evaluate(ParentRunner.java:306)
  at org.junit.runners.BlockJUnit4ClassRunner$1.evaluate(BlockJUnit4ClassRunner.java:100)
  at org.junit.runners.ParentRunner.runLeaf(ParentRunner.java:366)
  at org.junit.runners.BlockJUnit4ClassRunner.runChild(BlockJUnit4ClassRunner.java:103)
  at org.junit.runners.BlockJUnit4ClassRunner.runChild(BlockJUnit4ClassRunner.java:63)
  at org.junit.runners.ParentRunner$4.run(ParentRunner.java:331)
  at org.junit.runners.ParentRunner$1.schedule(ParentRunner.java:79)
  at org.junit.runners.ParentRunner.runChildren(ParentRunner.java:329)
  at org.junit.runners.ParentRunner.access$100(ParentRunner.java:66)
  at org.junit.runners.ParentRunner$2.evaluate(ParentRunner.java:293)
  at org.junit.runners.ParentRunner$3.evaluate(ParentRunner.java:306)
  at org.junit.runners.ParentRunner.run(ParentRunner.java:413)
  at org.junit.runner.JUnitCore.run(JUnitCore.java:137)
  at org.junit.runner.JUnitCore.run(JUnitCore.java:115)
  at org.gradle.api.internal.tasks.testing.junit.JUnitTestExecutor.runRequest(JUnitTestExecutor.java:175)
  at org.gradle.api.internal.tasks.testing.junit.JUnitTestExecutor.accept(JUnitTestExecutor.java:84)
  at org.gradle.api.internal.tasks.testing.junit.JUnitTestExecutor.accept(JUnitTestExecutor.java:47)
  at org.gradle.api.internal.tasks.testing.junit.AbstractJUnitTestDefinitionProcessor.processTestDefinition(AbstractJUnitTestDefinitionProcessor.java:65)
  at org.gradle.api.internal.tasks.testing.SuiteTestDefinitionProcessor.processTestDefinition(SuiteTestDefinitionProcessor.java:54)
  at java.base/jdk.internal.reflect.DirectMethodHandleAccessor.invoke(DirectMethodHandleAccessor.java:104)
  at java.base/java.lang.reflect.Method.invoke(Method.java:565)
  at org.gradle.internal.dispatch.MethodInvocation.invokeOn(MethodInvocation.java:77)
  at org.gradle.internal.dispatch.ReflectionDispatch.dispatch(ReflectionDispatch.java:28)
  at org.gradle.internal.dispatch.ReflectionDispatch.dispatch(ReflectionDispatch.java:19)
  at org.gradle.internal.dispatch.ContextClassLoaderDispatch.dispatch(ContextClassLoaderDispatch.java:33)
  at org.gradle.internal.dispatch.ProxyDispatchAdapter$DispatchingInvocationHandler.invoke(ProxyDispatchAdapter.java:88)
  at jdk.proxy1/jdk.proxy1.$Proxy4.processTestDefinition(Unknown Source)
  at org.gradle.api.internal.tasks.testing.worker.TestWorker$2.run(TestWorker.java:178)
  at org.gradle.api.internal.tasks.testing.worker.TestWorker.executeAndMaintainThreadName(TestWorker.java:126)
  at org.gradle.api.internal.tasks.testing.worker.TestWorker.execute(TestWorker.java:103)
  at org.gradle.api.internal.tasks.testing.worker.TestWorker.execute(TestWorker.java:63)
  at org.gradle.process.internal.worker.child.ActionExecutionWorker.execute(ActionExecutionWorker.java:56)
  at org.gradle.process.internal.worker.child.SystemApplicationClassLoaderWorker.call(SystemApplicationClassLoaderWorker.java:122)
  at org.gradle.process.internal.worker.child.SystemApplicationClassLoaderWorker.call(SystemApplicationClassLoaderWorker.java:72)
  at worker.org.gradle.process.internal.worker.GradleWorkerMain.run(GradleWorkerMain.java:69)
  at worker.org.gradle.process.internal.worker.GradleWorkerMain.main(GradleWorkerMain.java:74)
</stacktrace>
</test-failure>


TypeScriptCompilerTests_C[jvm] > checkJsdocTypeTagOnExportAssignment3_ts has expected errors matching checkJsdocTypeTagOnExportAssignment3_errors_txt[jvm] FAILED

<test-failure test="com.xemantic.typescript.compiler.TypeScriptCompilerTests_C.contextualTyping17_ts has expected errors matching contextualTyping17_errors_txt" platform="jvm">
<message>
Expected diagnostics from baseline typescript-repo/tests/baselines/reference/contextualTyping17.errors.txt but none produced
</message>
<stacktrace>
  at com.xemantic.typescript.compiler.TypeScriptTestSupportKt.errorsMatchBaseline(TypeScriptTestSupport.kt:125)
  at com.xemantic.typescript.compiler.TypeScriptCompilerTests_C.contextualTyping17_ts has expected errors matching contextualTyping17_errors_txt(TypeScriptCompilerTests_C.kt:7476)
  at java.base/jdk.internal.reflect.DirectMethodHandleAccessor.invoke(DirectMethodHandleAccessor.java:104)
  at java.base/java.lang.reflect.Method.invoke(Method.java:565)
  at org.junit.runners.model.FrameworkMethod$1.runReflectiveCall(FrameworkMethod.java:59)
  at org.junit.internal.runners.model.ReflectiveCallable.run(ReflectiveCallable.java:12)
  at org.junit.runners.model.FrameworkMethod.invokeExplosively(FrameworkMethod.java:56)
  at org.junit.internal.runners.statements.InvokeMethod.evaluate(InvokeMethod.java:17)
  at org.junit.runners.ParentRunner$3.evaluate(ParentRunner.java:306)
  at org.junit.runners.BlockJUnit4ClassRunner$1.evaluate(BlockJUnit4ClassRunner.java:100)
  at org.junit.runners.ParentRunner.runLeaf(ParentRunner.java:366)
  at org.junit.runners.BlockJUnit4ClassRunner.runChild(BlockJUnit4ClassRunner.java:103)
  at org.junit.runners.BlockJUnit4ClassRunner.runChild(BlockJUnit4ClassRunner.java:63)
  at org.junit.runners.ParentRunner$4.run(ParentRunner.java:331)
  at org.junit.runners.ParentRunner$1.schedule(ParentRunner.java:79)
  at org.junit.runners.ParentRunner.runChildren(ParentRunner.java:329)
  at org.junit.runners.ParentRunner.access$100(ParentRunner.java:66)
  at org.junit.runners.ParentRunner$2.evaluate(ParentRunner.java:293)
  at org.junit.runners.ParentRunner$3.evaluate(ParentRunner.java:306)
  at org.junit.runners.ParentRunner.run(ParentRunner.java:413)
  at org.junit.runner.JUnitCore.run(JUnitCore.java:137)
  at org.junit.runner.JUnitCore.run(JUnitCore.java:115)
  at org.gradle.api.internal.tasks.testing.junit.JUnitTestExecutor.runRequest(JUnitTestExecutor.java:175)
  at org.gradle.api.internal.tasks.testing.junit.JUnitTestExecutor.accept(JUnitTestExecutor.java:84)
  at org.gradle.api.internal.tasks.testing.junit.JUnitTestExecutor.accept(JUnitTestExecutor.java:47)
  at org.gradle.api.internal.tasks.testing.junit.AbstractJUnitTestDefinitionProcessor.processTestDefinition(AbstractJUnitTestDefinitionProcessor.java:65)
  at org.gradle.api.internal.tasks.testing.SuiteTestDefinitionProcessor.processTestDefinition(SuiteTestDefinitionProcessor.java:54)
  at java.base/jdk.internal.reflect.DirectMethodHandleAccessor.invoke(DirectMethodHandleAccessor.java:104)
  at java.base/java.lang.reflect.Method.invoke(Method.java:565)
  at org.gradle.internal.dispatch.MethodInvocation.invokeOn(MethodInvocation.java:77)
  at org.gradle.internal.dispatch.ReflectionDispatch.dispatch(ReflectionDispatch.java:28)
  at org.gradle.internal.dispatch.ReflectionDispatch.dispatch(ReflectionDispatch.java:19)
  at org.gradle.internal.dispatch.ContextClassLoaderDispatch.dispatch(ContextClassLoaderDispatch.java:33)
  at org.gradle.internal.dispatch.ProxyDispatchAdapter$DispatchingInvocationHandler.invoke(ProxyDispatchAdapter.java:88)
  at jdk.proxy1/jdk.proxy1.$Proxy4.processTestDefinition(Unknown Source)
  at org.gradle.api.internal.tasks.testing.worker.TestWorker$2.run(TestWorker.java:178)
  at org.gradle.api.internal.tasks.testing.worker.TestWorker.executeAndMaintainThreadName(TestWorker.java:126)
  at org.gradle.api.internal.tasks.testing.worker.TestWorker.execute(TestWorker.java:103)
  at org.gradle.api.internal.tasks.testing.worker.TestWorker.execute(TestWorker.java:63)
  at org.gradle.process.internal.worker.child.ActionExecutionWorker.execute(ActionExecutionWorker.java:56)
  at org.gradle.process.internal.worker.child.SystemApplicationClassLoaderWorker.call(SystemApplicationClassLoaderWorker.java:122)
  at org.gradle.process.internal.worker.child.SystemApplicationClassLoaderWorker.call(SystemApplicationClassLoaderWorker.java:72)
  at worker.org.gradle.process.internal.worker.GradleWorkerMain.run(GradleWorkerMain.java:69)
  at worker.org.gradle.process.internal.worker.GradleWorkerMain.main(GradleWorkerMain.java:74)
</stacktrace>
</test-failure>


TypeScriptCompilerTests_C[jvm] > contextualTyping17_ts has expected errors matching contextualTyping17_errors_txt[jvm] FAILED

<test-failure test="com.xemantic.typescript.compiler.TypeScriptCompilerTests_C.classMemberWithMissingIdentifier2_ts compiles to JavaScript matching classMemberWithMissingIdentifier2_js" platform="jvm">
<message>
--- expected
+++ actual
@@ -10,7 +10,8 @@
 class C {
 }
 {
-    [name, string];
+    [name];
+    string;
     VariableDeclaration;
 }
 ;

</message>
<stacktrace>
  at org.junit.Assert.fail(Assert.java:89)
  at kotlin.test.junit.JUnitAsserter.fail(JUnitSupport.kt:56)
  at kotlin.test.AssertionsKt__AssertionsKt.fail(Assertions.kt:563)
  at kotlin.test.AssertionsKt.fail(Unknown Source)
  at com.xemantic.kotlin.test.SameAsKt.sameAs(SameAs.kt:52)
  at com.xemantic.typescript.compiler.TypeScriptTestSupportKt.sameAs(TypeScriptTestSupport.kt:99)
  at com.xemantic.typescript.compiler.TypeScriptCompilerTests_C.classMemberWithMissingIdentifier2_ts compiles to JavaScript matching classMemberWithMissingIdentifier2_js(TypeScriptCompilerTests_C.kt:2709)
  at java.base/jdk.internal.reflect.DirectMethodHandleAccessor.invoke(DirectMethodHandleAccessor.java:104)
  at java.base/java.lang.reflect.Method.invoke(Method.java:565)
  at org.junit.runners.model.FrameworkMethod$1.runReflectiveCall(FrameworkMethod.java:59)
  at org.junit.internal.runners.model.ReflectiveCallable.run(ReflectiveCallable.java:12)
  at org.junit.runners.model.FrameworkMethod.invokeExplosively(FrameworkMethod.java:56)
  at org.junit.internal.runners.statements.InvokeMethod.evaluate(InvokeMethod.java:17)
  at org.junit.runners.ParentRunner$3.evaluate(ParentRunner.java:306)
  at org.junit.runners.BlockJUnit4ClassRunner$1.evaluate(BlockJUnit4ClassRunner.java:100)
  at org.junit.runners.ParentRunner.runLeaf(ParentRunner.java:366)
  at org.junit.runners.BlockJUnit4ClassRunner.runChild(BlockJUnit4ClassRunner.java:103)
  at org.junit.runners.BlockJUnit4ClassRunner.runChild(BlockJUnit4ClassRunner.java:63)
  at org.junit.runners.ParentRunner$4.run(ParentRunner.java:331)
  at org.junit.runners.ParentRunner$1.schedule(ParentRunner.java:79)
  at org.junit.runners.ParentRunner.runChildren(ParentRunner.java:329)
  at org.junit.runners.ParentRunner.access$100(ParentRunner.java:66)
  at org.junit.runners.ParentRunner$2.evaluate(ParentRunner.java:293)
  at org.junit.runners.ParentRunner$3.evaluate(ParentRunner.java:306)
  at org.junit.runners.ParentRunner.run(ParentRunner.java:413)
  at org.junit.runner.JUnitCore.run(JUnitCore.java:137)
  at org.junit.runner.JUnitCore.run(JUnitCore.java:115)
  at org.gradle.api.internal.tasks.testing.junit.JUnitTestExecutor.runRequest(JUnitTestExecutor.java:175)
  at org.gradle.api.internal.tasks.testing.junit.JUnitTestExecutor.accept(JUnitTestExecutor.java:84)
  at org.gradle.api.internal.tasks.testing.junit.JUnitTestExecutor.accept(JUnitTestExecutor.java:47)
  at org.gradle.api.internal.tasks.testing.junit.AbstractJUnitTestDefinitionProcessor.processTestDefinition(AbstractJUnitTestDefinitionProcessor.java:65)
  at org.gradle.api.internal.tasks.testing.SuiteTestDefinitionProcessor.processTestDefinition(SuiteTestDefinitionProcessor.java:54)
  at java.base/jdk.internal.reflect.DirectMethodHandleAccessor.invoke(DirectMethodHandleAccessor.java:104)
  at java.base/java.lang.reflect.Method.invoke(Method.java:565)
  at org.gradle.internal.dispatch.MethodInvocation.invokeOn(MethodInvocation.java:77)
  at org.gradle.internal.dispatch.ReflectionDispatch.dispatch(ReflectionDispatch.java:28)
  at org.gradle.internal.dispatch.ReflectionDispatch.dispatch(ReflectionDispatch.java:19)
  at org.gradle.internal.dispatch.ContextClassLoaderDispatch.dispatch(ContextClassLoaderDispatch.java:33)
  at org.gradle.internal.dispatch.ProxyDispatchAdapter$DispatchingInvocationHandler.invoke(ProxyDispatchAdapter.java:88)
  at jdk.proxy1/jdk.proxy1.$Proxy4.processTestDefinition(Unknown Source)
  at org.gradle.api.internal.tasks.testing.worker.TestWorker$2.run(TestWorker.java:178)
  at org.gradle.api.internal.tasks.testing.worker.TestWorker.executeAndMaintainThreadName(TestWorker.java:126)
  at org.gradle.api.internal.tasks.testing.worker.TestWorker.execute(TestWorker.java:103)
  at org.gradle.api.internal.tasks.testing.worker.TestWorker.execute(TestWorker.java:63)
  at org.gradle.process.internal.worker.child.ActionExecutionWorker.execute(ActionExecutionWorker.java:56)
  at org.gradle.process.internal.worker.child.SystemApplicationClassLoaderWorker.call(SystemApplicationClassLoaderWorker.java:122)
  at org.gradle.process.internal.worker.child.SystemApplicationClassLoaderWorker.call(SystemApplicationClassLoaderWorker.java:72)
  at worker.org.gradle.process.internal.worker.GradleWorkerMain.run(GradleWorkerMain.java:69)
  at worker.org.gradle.process.internal.worker.GradleWorkerMain.main(GradleWorkerMain.java:74)
</stacktrace>
</test-failure>


TypeScriptCompilerTests_C[jvm] > classMemberWithMissingIdentifier2_ts compiles to JavaScript matching classMemberWithMissingIdentifier2_js[jvm] FAILED

<test-failure test="com.xemantic.typescript.compiler.TypeScriptCompilerTests_C.classFieldSuperAccessibleJs1_ts has expected errors matching classFieldSuperAccessibleJs1_errors_txt" platform="jvm">
<message>
Expected diagnostics from baseline typescript-repo/tests/baselines/reference/classFieldSuperAccessibleJs1.errors.txt but none produced
</message>
<stacktrace>
  at com.xemantic.typescript.compiler.TypeScriptTestSupportKt.errorsMatchBaseline(TypeScriptTestSupport.kt:125)
  at com.xemantic.typescript.compiler.TypeScriptCompilerTests_C.classFieldSuperAccessibleJs1_ts has expected errors matching classFieldSuperAccessibleJs1_errors_txt(TypeScriptCompilerTests_C.kt:2282)
  at java.base/jdk.internal.reflect.DirectMethodHandleAccessor.invoke(DirectMethodHandleAccessor.java:104)
  at java.base/java.lang.reflect.Method.invoke(Method.java:565)
  at org.junit.runners.model.FrameworkMethod$1.runReflectiveCall(FrameworkMethod.java:59)
  at org.junit.internal.runners.model.ReflectiveCallable.run(ReflectiveCallable.java:12)
  at org.junit.runners.model.FrameworkMethod.invokeExplosively(FrameworkMethod.java:56)
  at org.junit.internal.runners.statements.InvokeMethod.evaluate(InvokeMethod.java:17)
  at org.junit.runners.ParentRunner$3.evaluate(ParentRunner.java:306)
  at org.junit.runners.BlockJUnit4ClassRunner$1.evaluate(BlockJUnit4ClassRunner.java:100)
  at org.junit.runners.ParentRunner.runLeaf(ParentRunner.java:366)
  at org.junit.runners.BlockJUnit4ClassRunner.runChild(BlockJUnit4ClassRunner.java:103)
  at org.junit.runners.BlockJUnit4ClassRunner.runChild(BlockJUnit4ClassRunner.java:63)
  at org.junit.runners.ParentRunner$4.run(ParentRunner.java:331)
  at org.junit.runners.ParentRunner$1.schedule(ParentRunner.java:79)
  at org.junit.runners.ParentRunner.runChildren(ParentRunner.java:329)
  at org.junit.runners.ParentRunner.access$100(ParentRunner.java:66)
  at org.junit.runners.ParentRunner$2.evaluate(ParentRunner.java:293)
  at org.junit.runners.ParentRunner$3.evaluate(ParentRunner.java:306)
  at org.junit.runners.ParentRunner.run(ParentRunner.java:413)
  at org.junit.runner.JUnitCore.run(JUnitCore.java:137)
  at org.junit.runner.JUnitCore.run(JUnitCore.java:115)
  at org.gradle.api.internal.tasks.testing.junit.JUnitTestExecutor.runRequest(JUnitTestExecutor.java:175)
  at org.gradle.api.internal.tasks.testing.junit.JUnitTestExecutor.accept(JUnitTestExecutor.java:84)
  at org.gradle.api.internal.tasks.testing.junit.JUnitTestExecutor.accept(JUnitTestExecutor.java:47)
  at org.gradle.api.internal.tasks.testing.junit.AbstractJUnitTestDefinitionProcessor.processTestDefinition(AbstractJUnitTestDefinitionProcessor.java:65)
  at org.gradle.api.internal.tasks.testing.SuiteTestDefinitionProcessor.processTestDefinition(SuiteTestDefinitionProcessor.java:54)
  at java.base/jdk.internal.reflect.DirectMethodHandleAccessor.invoke(DirectMethodHandleAccessor.java:104)
  at java.base/java.lang.reflect.Method.invoke(Method.java:565)
  at org.gradle.internal.dispatch.MethodInvocation.invokeOn(MethodInvocation.java:77)
  at org.gradle.internal.dispatch.ReflectionDispatch.dispatch(ReflectionDispatch.java:28)
  at org.gradle.internal.dispatch.ReflectionDispatch.dispatch(ReflectionDispatch.java:19)
  at org.gradle.internal.dispatch.ContextClassLoaderDispatch.dispatch(ContextClassLoaderDispatch.java:33)
  at org.gradle.internal.dispatch.ProxyDispatchAdapter$DispatchingInvocationHandler.invoke(ProxyDispatchAdapter.java:88)
  at jdk.proxy1/jdk.proxy1.$Proxy4.processTestDefinition(Unknown Source)
  at org.gradle.api.internal.tasks.testing.worker.TestWorker$2.run(TestWorker.java:178)
  at org.gradle.api.internal.tasks.testing.worker.TestWorker.executeAndMaintainThreadName(TestWorker.java:126)
  at org.gradle.api.internal.tasks.testing.worker.TestWorker.execute(TestWorker.java:103)
  at org.gradle.api.internal.tasks.testing.worker.TestWorker.execute(TestWorker.java:63)
  at org.gradle.process.internal.worker.child.ActionExecutionWorker.execute(ActionExecutionWorker.java:56)
  at org.gradle.process.internal.worker.child.SystemApplicationClassLoaderWorker.call(SystemApplicationClassLoaderWorker.java:122)
  at org.gradle.process.internal.worker.child.SystemApplicationClassLoaderWorker.call(SystemApplicationClassLoaderWorker.java:72)
  at worker.org.gradle.process.internal.worker.GradleWorkerMain.run(GradleWorkerMain.java:69)
  at worker.org.gradle.process.internal.worker.GradleWorkerMain.main(GradleWorkerMain.java:74)
</stacktrace>
</test-failure>


TypeScriptCompilerTests_C[jvm] > classFieldSuperAccessibleJs1_ts has expected errors matching classFieldSuperAccessibleJs1_errors_txt[jvm] FAILED

<test-failure test="com.xemantic.typescript.compiler.TypeScriptCompilerTests_C.commonMissingSemicolons_ts has expected errors matching commonMissingSemicolons_errors_txt" platform="jvm">
<message>
--- expected
+++ actual
@@ -1,92 +1,63 @@
-commonMissingSemicolons.ts(2,1): error TS1435: Unknown keyword or identifier. Did you mean 'async'?
 commonMissingSemicolons.ts(2,1): error TS2304: Cannot find name 'asynd'.
-commonMissingSemicolons.ts(3,1): error TS1435: Unknown keyword or identifier. Did you mean 'async'?
 commonMissingSemicolons.ts(3,1): error TS2304: Cannot find name 'sasync'.
 commonMissingSemicolons.ts(8,23): error TS2304: Cannot find name 'asyncd'.
-commonMissingSemicolons.ts(8,33): error TS1005: ';' expected.
-commonMissingSemicolons.ts(11,1): error TS1435: Unknown keyword or identifier. Did you mean 'class'?
+commonMissingSemicolons.ts(8,33): error TS1109: Expression expected.
 commonMissingSemicolons.ts(11,1): error TS2304: Cannot find name 'clasd'.
-commonMissingSemicolons.ts(11,7): error TS1434: Unexpected keyword or identifier.
 commonMissingSemicolons.ts(11,7): error TS2552: Cannot find name 'MyClass2'. Did you mean 'MyClass1'?
-commonMissingSemicolons.ts(12,1): error TS1435: Unknown keyword or identifier. Did you mean 'class'?
 commonMissingSemicolons.ts(12,1): error TS2304: Cannot find name 'classs'.
-commonMissingSemicolons.ts(12,8): error TS1434: Unexpected keyword or identifier.
 commonMissingSemicolons.ts(12,8): error TS2552: Cannot find name 'MyClass3'. Did you mean 'MyClass1'?
-commonMissingSemicolons.ts(15,1): error TS1435: Unknown keyword or identifier. Did you mean 'const'?
 commonMissingSemicolons.ts(15,1): error TS2304: Cannot find name 'consd'.
 commonMissingSemicolons.ts(15,7): error TS2552: Cannot find name 'myConst2'. Did you mean 'myConst1'?
-commonMissingSemicolons.ts(16,1): error TS1435: Unknown keyword or identifier. Did you mean 'const'?
 commonMissingSemicolons.ts(16,1): error TS2304: Cannot find name 'constd'.
-commonMissingSemicolons.ts(16,8): error TS2304: Cannot find name 'myConst3'.
-commonMissingSemicolons.ts(19,1): error TS1435: Unknown keyword or identifier. Did you mean 'declare'?
+commonMissingSemicolons.ts(16,8): error TS2552: Cannot find name 'myConst3'. Did you mean 'myConst1'?
 commonMissingSemicolons.ts(19,1): error TS2304: Cannot find name 'declared'.
-commonMissingSemicolons.ts(20,1): error TS2304: Cannot find name 'declare'.
-commonMissingSemicolons.ts(20,9): error TS1435: Unknown keyword or identifier. Did you mean 'const'?
+commonMissingSemicolons.ts(19,16): error TS1155: 'const' declarations must be initialized.
 commonMissingSemicolons.ts(20,9): error TS2304: Cannot find name 'constd'.
-commonMissingSemicolons.ts(21,1): error TS1435: Unknown keyword or identifier. Did you mean 'declare'?
 commonMissingSemicolons.ts(21,1): error TS2304: Cannot find name 'declared'.
-commonMissingSemicolons.ts(21,10): error TS1435: Unknown keyword or identifier. Did you mean 'const'?
 commonMissingSemicolons.ts(21,10): error TS2304: Cannot find name 'constd'.
-commonMissingSemicolons.ts(22,1): error TS1435: Unknown keyword or identifier. Did you mean 'declare const'?
-commonMissingSemicolons.ts(22,1): error TS2304: Cannot find name 'declareconst'.
-commonMissingSemicolons.ts(22,14): error TS2304: Cannot find name 'myDeclareConst5'.
-commonMissingSemicolons.ts(25,1): error TS1435: Unknown keyword or identifier. Did you mean 'function'?
-commonMissingSemicolons.ts(25,1): error TS2304: Cannot find name 'functiond'.
-commonMissingSemicolons.ts(25,11): error TS2304: Cannot find name 'myFunction2'.
-commonMissingSemicolons.ts(25,25): error TS1005: ';' expected.
-commonMissingSemicolons.ts(26,10): error TS1359: Identifier expected. 'function' is a reserved word that cannot be used here.
-commonMissingSemicolons.ts(26,18): error TS1003: Identifier expected.
+commonMissingSemicolons.ts(22,1): error TS2552: Cannot find name 'declareconst'. Did you mean 'myDeclareConst1'?
+commonMissingSemicolons.ts(22,14): error TS2552: Cannot find name 'myDeclareConst5'. Did you mean 'myDeclareConst1'?
+commonMissingSemicolons.ts(25,1): error TS2552: Cannot find name 'functiond'. Did you mean 'Function'?
+commonMissingSemicolons.ts(25,11): error TS2552: Cannot find name 'myFunction2'. Did you mean 'myFunction1'?
+commonMissingSemicolons.ts(26,10): error TS1005: '(' expected.
+commonMissingSemicolons.ts(26,18): error TS1005: ')' expected.
+commonMissingSemicolons.ts(26,19): error TS1109: Expression expected.
 commonMissingSemicolons.ts(27,1): error TS2304: Cannot find name 'functionMyFunction'.
-commonMissingSemicolons.ts(30,1): error TS1435: Unknown keyword or identifier. Did you mean 'interface'?
 commonMissingSemicolons.ts(30,1): error TS2304: Cannot find name 'interfaced'.
-commonMissingSemicolons.ts(30,12): error TS1435: Unknown keyword or identifier. Did you mean 'interface'?
 commonMissingSemicolons.ts(30,12): error TS2304: Cannot find name 'myInterface2'.
+commonMissingSemicolons.ts(32,1): error TS1212: Identifier expected. 'interface' is a reserved word in strict mode.
 commonMissingSemicolons.ts(32,1): error TS2693: 'interface' only refers to a type, but is being used as a value here.
-commonMissingSemicolons.ts(32,11): error TS1438: Interface must be given a name.
-commonMissingSemicolons.ts(33,1): error TS2693: 'interface' only refers to a type, but is being used as a value here.
 commonMissingSemicolons.ts(33,11): error TS2427: Interface name cannot be 'void'.
-commonMissingSemicolons.ts(34,1): error TS1435: Unknown keyword or identifier. Did you mean 'interface MyInterface'?
 commonMissingSemicolons.ts(34,1): error TS2304: Cannot find name 'interfaceMyInterface'.
-commonMissingSemicolons.ts(38,1): error TS1435: Unknown keyword or identifier. Did you mean 'let'?
-commonMissingSemicolons.ts(38,1): error TS2304: Cannot find name 'letd'.
-commonMissingSemicolons.ts(38,6): error TS2304: Cannot find name 'let2'.
+commonMissingSemicolons.ts(36,5): error TS1212: Identifier expected. 'let' is a reserved word in strict mode.
+commonMissingSemicolons.ts(36,5): error TS2480: 'let' is not allowed to be used as a name in 'let' or 'const' declarations.
+commonMissingSemicolons.ts(38,1): error TS2552: Cannot find name 'letd'. Did you mean 'let'?
+commonMissingSemicolons.ts(38,6): error TS2552: Cannot find name 'let2'. Did you mean 'let'?
 commonMissingSemicolons.ts(39,1): error TS2304: Cannot find name 'letMyLet'.
 commonMissingSemicolons.ts(41,10): error TS1005: '=' expected.
-commonMissingSemicolons.ts(45,1): error TS1435: Unknown keyword or identifier. Did you mean 'type'?
 commonMissingSemicolons.ts(45,1): error TS2304: Cannot find name 'typed'.
 commonMissingSemicolons.ts(45,7): error TS2304: Cannot find name 'type4'.
-commonMissingSemicolons.ts(46,1): error TS1435: Unknown keyword or identifier. Did you mean 'type'?
 commonMissingSemicolons.ts(46,1): error TS2304: Cannot find name 'typed'.
 commonMissingSemicolons.ts(46,7): error TS2304: Cannot find name 'type5'.
 commonMissingSemicolons.ts(46,15): error TS2693: 'type' only refers to a type, but is being used as a value here.
 commonMissingSemicolons.ts(47,1): error TS2304: Cannot find name 'typeMyType'.
-commonMissingSemicolons.ts(50,1): error TS1435: Unknown keyword or identifier. Did you mean 'var'?
 commonMissingSemicolons.ts(50,1): error TS2304: Cannot find name 'vard'.
-commonMissingSemicolons.ts(50,6): error TS2304: Cannot find name 'myVar2'.
+commonMissingSemicolons.ts(50,6): error TS2552: Cannot find name 'myVar2'. Did you mean 'myVar1'?
 commonMissingSemicolons.ts(51,1): error TS2304: Cannot find name 'varMyVar'.
-commonMissingSemicolons.ts(55,3): error TS1068: Unexpected token. A constructor, method, accessor, or property was expected.
 commonMissingSemicolons.ts(56,1): error TS1128: Declaration or statement expected.
-commonMissingSemicolons.ts(60,3): error TS1068: Unexpected token. A constructor, method, accessor, or property was expected.
 commonMissingSemicolons.ts(61,1): error TS1128: Declaration or statement expected.
-commonMissingSemicolons.ts(65,3): error TS1068: Unexpected token. A constructor, method, accessor, or property was expected.
 commonMissingSemicolons.ts(66,1): error TS1128: Declaration or statement expected.
-commonMissingSemicolons.ts(70,11): error TS1005: ';' expected.
 commonMissingSemicolons.ts(71,1): error TS1128: Declaration or statement expected.
-commonMissingSemicolons.ts(75,11): error TS1005: ';' expected.
 commonMissingSemicolons.ts(78,1): error TS1128: Declaration or statement expected.
 
 
-==== commonMissingSemicolons.ts (76 errors) ====
+==== commonMissingSemicolons.ts (51 errors) ====
     async function myAsyncFunction1() {}
     asynd function myAsyncFunction2() {}
     ~~~~~
-!!! error TS1435: Unknown keyword or identifier. Did you mean 'async'?
-    ~~~~~
 !!! error TS2304: Cannot find name 'asynd'.
     sasync function myAsyncFunction3() {}
     ~~~~~~
-!!! error TS1435: Unknown keyword or identifier. Did you mean 'async'?
-    ~~~~~~
 !!! error TS2304: Cannot find name 'sasync'.
     
     // Arrow functions don't (yet?) parse as nicely as standalone functions.
@@ -96,77 +67,58 @@
                           ~~~~~~
 !!! error TS2304: Cannot find name 'asyncd'.
                                     ~~
-!!! error TS1005: ';' expected.
+!!! error TS1109: Expression expected.
     
     class MyClass1 {}
     clasd MyClass2 {}
     ~~~~~
-!!! error TS1435: Unknown keyword or identifier. Did you mean 'class'?
-    ~~~~~
 !!! error TS2304: Cannot find name 'clasd'.
           ~~~~~~~~
-!!! error TS1434: Unexpected keyword or identifier.
-          ~~~~~~~~
 !!! error TS2552: Cannot find name 'MyClass2'. Did you mean 'MyClass1'?
 !!! related TS2728 commonMissingSemicolons.ts:10:7: 'MyClass1' is declared here.
     classs MyClass3 {}
     ~~~~~~
-!!! error TS1435: Unknown keyword or identifier. Did you mean 'class'?
-    ~~~~~~
 !!! error TS2304: Cannot find name 'classs'.
            ~~~~~~~~
-!!! error TS1434: Unexpected keyword or identifier.
-           ~~~~~~~~
 !!! error TS2552: Cannot find name 'MyClass3'. Did you mean 'MyClass1'?
 !!! related TS2728 commonMissingSemicolons.ts:10:7: 'MyClass1' is declared here.
     
     const myConst1 = 1;
     consd myConst2 = 1;
     ~~~~~
-!!! error TS1435: Unknown keyword or identifier. Did you mean 'const'?
-    ~~~~~
 !!! error TS2304: Cannot find name 'consd'.
           ~~~~~~~~
 !!! error TS2552: Cannot find name 'myConst2'. Did you mean 'myConst1'?
 !!! related TS2728 commonMissingSemicolons.ts:14:7: 'myConst1' is declared here.
     constd myConst3 = 1;
     ~~~~~~
-!!! error TS1435: Unknown keyword or identifier. Did you mean 'const'?
-    ~~~~~~
 !!! error TS2304: Cannot find name 'constd'.
            ~~~~~~~~
-!!! error TS2304: Cannot find name 'myConst3'.
+!!! error TS2552: Cannot find name 'myConst3'. Did you mean 'myConst1'?
+!!! related TS2728 commonMissingSemicolons.ts:14:7: 'myConst1' is declared here.
     
     declare const myDeclareConst1: 1;
     declared const myDeclareConst2: 1;
     ~~~~~~~~
-!!! error TS1435: Unknown keyword or identifier. Did you mean 'declare'?
-    ~~~~~~~~
 !!! error TS2304: Cannot find name 'declared'.
+                   ~~~~~~~~~~~~~~~
+!!! error TS1155: 'const' declarations must be initialized.
     declare constd myDeclareConst3: 1;
-    ~~~~~~~
-!!! error TS2304: Cannot find name 'declare'.
             ~~~~~~
-!!! error TS1435: Unknown keyword or identifier. Did you mean 'const'?
-            ~~~~~~
 !!! error TS2304: Cannot find name 'constd'.
     declared constd myDeclareConst4: 1;
     ~~~~~~~~
-!!! error TS1435: Unknown keyword or identifier. Did you mean 'declare'?
-    ~~~~~~~~
 !!! error TS2304: Cannot find name 'declared'.
              ~~~~~~
-!!! error TS1435: Unknown keyword or identifier. Did you mean 'const'?
-             ~~~~~~
 !!! error TS2304: Cannot find name 'constd'.
     declareconst myDeclareConst5;
     ~~~~~~~~~~~~
-!!! error TS1435: Unknown keyword or identifier. Did you mean 'declare const'?
-    ~~~~~~~~~~~~
-!!! error TS2304: Cannot find name 'declareconst'.
+!!! error TS2552: Cannot find name 'declareconst'. Did you mean 'myDeclareConst1'?
+!!! related TS2728 commonMissingSemicolons.ts:18:15: 'myDeclareConst1' is declared here.
                  ~~~~~~~~~~~~~~~
-!!! error TS2304: Cannot find name 'myDeclareConst5'.
+!!! error TS2552: Cannot find name 'myDeclareConst5'. Did you mean 'myDeclareConst1'?
+!!! related TS2728 commonMissingSemicolons.ts:18:15: 'myDeclareConst1' is declared here.
     
     function myFunction1() { }
     functiond myFunction2() { }
     ~~~~~~~~~

Diff truncated: more than 100 lines changed

Expected: 312 lines
Actual: 244 lines

The differences are too extensive to show in unified diff format.
Consider comparing smaller sections or reviewing the strings directly.

</message>
<stacktrace>
  at org.junit.Assert.fail(Assert.java:89)
  at kotlin.test.junit.JUnitAsserter.fail(JUnitSupport.kt:56)
  at kotlin.test.AssertionsKt__AssertionsKt.fail(Assertions.kt:563)
  at kotlin.test.AssertionsKt.fail(Unknown Source)
  at com.xemantic.kotlin.test.SameAsKt.sameAs(SameAs.kt:52)
  at com.xemantic.typescript.compiler.TypeScriptTestSupportKt.errorsMatchBaseline(TypeScriptTestSupport.kt:135)
  at com.xemantic.typescript.compiler.TypeScriptCompilerTests_C.commonMissingSemicolons_ts has expected errors matching commonMissingSemicolons_errors_txt(TypeScriptCompilerTests_C.kt:4998)
  at java.base/jdk.internal.reflect.DirectMethodHandleAccessor.invoke(DirectMethodHandleAccessor.java:104)
  at java.base/java.lang.reflect.Method.invoke(Method.java:565)
  at org.junit.runners.model.FrameworkMethod$1.runReflectiveCall(FrameworkMethod.java:59)
  at org.junit.internal.runners.model.ReflectiveCallable.run(ReflectiveCallable.java:12)
  at org.junit.runners.model.FrameworkMethod.invokeExplosively(FrameworkMethod.java:56)
  at org.junit.internal.runners.statements.InvokeMethod.evaluate(InvokeMethod.java:17)
  at org.junit.runners.ParentRunner$3.evaluate(ParentRunner.java:306)
  at org.junit.runners.BlockJUnit4ClassRunner$1.evaluate(BlockJUnit4ClassRunner.java:100)
  at org.junit.runners.ParentRunner.runLeaf(ParentRunner.java:366)
  at org.junit.runners.BlockJUnit4ClassRunner.runChild(BlockJUnit4ClassRunner.java:103)
  at org.junit.runners.BlockJUnit4ClassRunner.runChild(BlockJUnit4ClassRunner.java:63)
  at org.junit.runners.ParentRunner$4.run(ParentRunner.java:331)
  at org.junit.runners.ParentRunner$1.schedule(ParentRunner.java:79)
  at org.junit.runners.ParentRunner.runChildren(ParentRunner.java:329)
  at org.junit.runners.ParentRunner.access$100(ParentRunner.java:66)
  at org.junit.runners.ParentRunner$2.evaluate(ParentRunner.java:293)
  at org.junit.runners.ParentRunner$3.evaluate(ParentRunner.java:306)
  at org.junit.runners.ParentRunner.run(ParentRunner.java:413)
  at org.junit.runner.JUnitCore.run(JUnitCore.java:137)
  at org.junit.runner.JUnitCore.run(JUnitCore.java:115)
  at org.gradle.api.internal.tasks.testing.junit.JUnitTestExecutor.runRequest(JUnitTestExecutor.java:175)
  at org.gradle.api.internal.tasks.testing.junit.JUnitTestExecutor.accept(JUnitTestExecutor.java:84)
  at org.gradle.api.internal.tasks.testing.junit.JUnitTestExecutor.accept(JUnitTestExecutor.java:47)
  at org.gradle.api.internal.tasks.testing.junit.AbstractJUnitTestDefinitionProcessor.processTestDefinition(AbstractJUnitTestDefinitionProcessor.java:65)
  at org.gradle.api.internal.tasks.testing.SuiteTestDefinitionProcessor.processTestDefinition(SuiteTestDefinitionProcessor.java:54)
  at java.base/jdk.internal.reflect.DirectMethodHandleAccessor.invoke(DirectMethodHandleAccessor.java:104)
  at java.base/java.lang.reflect.Method.invoke(Method.java:565)
  at org.gradle.internal.dispatch.MethodInvocation.invokeOn(MethodInvocation.java:77)
  at org.gradle.internal.dispatch.ReflectionDispatch.dispatch(ReflectionDispatch.java:28)
  at org.gradle.internal.dispatch.ReflectionDispatch.dispatch(ReflectionDispatch.java:19)
  at org.gradle.internal.dispatch.ContextClassLoaderDispatch.dispatch(ContextClassLoaderDispatch.java:33)
  at org.gradle.internal.dispatch.ProxyDispatchAdapter$DispatchingInvocationHandler.invoke(ProxyDispatchAdapter.java:88)
  at jdk.proxy1/jdk.proxy1.$Proxy4.processTestDefinition(Unknown Source)
  at org.gradle.api.internal.tasks.testing.worker.TestWorker$2.run(TestWorker.java:178)
  at org.gradle.api.internal.tasks.testing.worker.TestWorker.executeAndMaintainThreadName(TestWorker.java:126)
  at org.gradle.api.internal.tasks.testing.worker.TestWorker.execute(TestWorker.java:103)
  at org.gradle.api.internal.tasks.testing.worker.TestWorker.execute(TestWorker.java:63)
  at org.gradle.process.internal.worker.child.ActionExecutionWorker.execute(ActionExecutionWorker.java:56)
  at org.gradle.process.internal.worker.child.SystemApplicationClassLoaderWorker.call(SystemApplicationClassLoaderWorker.java:122)
  at org.gradle.process.internal.worker.child.SystemApplicationClassLoaderWorker.call(SystemApplicationClassLoaderWorker.java:72)
  at worker.org.gradle.process.internal.worker.GradleWorkerMain.run(GradleWorkerMain.java:69)
  at worker.org.gradle.process.internal.worker.GradleWorkerMain.main(GradleWorkerMain.java:74)
</stacktrace>
</test-failure>


TypeScriptCompilerTests_C[jvm] > commonMissingSemicolons_ts has expected errors matching commonMissingSemicolons_errors_txt[jvm] FAILED

<test-failure test="com.xemantic.typescript.compiler.TypeScriptCompilerTests_C.configFileExtendsAsList_ts has expected errors matching configFileExtendsAsList_errors_txt" platform="jvm">
<message>
--- expected
+++ actual
@@ -1,20 +1,6 @@
-/index.ts(1,12): error TS7006: Parameter 'x' implicitly has an 'any' type.
 /index.ts(3,1): error TS2454: Variable 'y' is used before being assigned.
 
 
-==== /tsconfig.json (0 errors) ====
-    {
-        "extends": ["./tsconfig1.json", "./tsconfig2.json"]
-    }
-    
-==== /index.ts (2 errors) ====
-    function f(x) { } // noImplicitAny error
-               ~
-!!! error TS7006: Parameter 'x' implicitly has an 'any' type.
-    let y: string;
-    y.toLowerCase(); // strictNullChecks error
-    ~
-!!! error TS2454: Variable 'y' is used before being assigned.
 ==== /tsconfig1.json (0 errors) ====
     {
         "compilerOptions": {
@@ -28,3 +14,15 @@
             "noImplicitAny": true
         }
     }
+    
+==== /tsconfig.json (0 errors) ====
+    {
+        "extends": ["./tsconfig1.json", "./tsconfig2.json"]
+    }
+    
+==== /index.ts (1 errors) ====
+    function f(x) { } // noImplicitAny error
+    let y: string;
+    y.toLowerCase(); // strictNullChecks error
+    ~
+!!! error TS2454: Variable 'y' is used before being assigned.

</message>
<stacktrace>
  at org.junit.Assert.fail(Assert.java:89)
  at kotlin.test.junit.JUnitAsserter.fail(JUnitSupport.kt:56)
  at kotlin.test.AssertionsKt__AssertionsKt.fail(Assertions.kt:563)
  at kotlin.test.AssertionsKt.fail(Unknown Source)
  at com.xemantic.kotlin.test.SameAsKt.sameAs(SameAs.kt:52)
  at com.xemantic.typescript.compiler.TypeScriptTestSupportKt.errorsMatchBaseline(TypeScriptTestSupport.kt:135)
  at com.xemantic.typescript.compiler.TypeScriptCompilerTests_C.configFileExtendsAsList_ts has expected errors matching configFileExtendsAsList_errors_txt(TypeScriptCompilerTests_C.kt:5859)
  at java.base/jdk.internal.reflect.DirectMethodHandleAccessor.invoke(DirectMethodHandleAccessor.java:104)
  at java.base/java.lang.reflect.Method.invoke(Method.java:565)
  at org.junit.runners.model.FrameworkMethod$1.runReflectiveCall(FrameworkMethod.java:59)
  at org.junit.internal.runners.model.ReflectiveCallable.run(ReflectiveCallable.java:12)
  at org.junit.runners.model.FrameworkMethod.invokeExplosively(FrameworkMethod.java:56)
  at org.junit.internal.runners.statements.InvokeMethod.evaluate(InvokeMethod.java:17)
  at org.junit.runners.ParentRunner$3.evaluate(ParentRunner.java:306)
  at org.junit.runners.BlockJUnit4ClassRunner$1.evaluate(BlockJUnit4ClassRunner.java:100)
  at org.junit.runners.ParentRunner.runLeaf(ParentRunner.java:366)
  at org.junit.runners.BlockJUnit4ClassRunner.runChild(BlockJUnit4ClassRunner.java:103)
  at org.junit.runners.BlockJUnit4ClassRunner.runChild(BlockJUnit4ClassRunner.java:63)
  at org.junit.runners.ParentRunner$4.run(ParentRunner.java:331)
  at org.junit.runners.ParentRunner$1.schedule(ParentRunner.java:79)
  at org.junit.runners.ParentRunner.runChildren(ParentRunner.java:329)
  at org.junit.runners.ParentRunner.access$100(ParentRunner.java:66)
  at org.junit.runners.ParentRunner$2.evaluate(ParentRunner.java:293)
  at org.junit.runners.ParentRunner$3.evaluate(ParentRunner.java:306)
  at org.junit.runners.ParentRunner.run(ParentRunner.java:413)
  at org.junit.runner.JUnitCore.run(JUnitCore.java:137)
  at org.junit.runner.JUnitCore.run(JUnitCore.java:115)
  at org.gradle.api.internal.tasks.testing.junit.JUnitTestExecutor.runRequest(JUnitTestExecutor.java:175)
  at org.gradle.api.internal.tasks.testing.junit.JUnitTestExecutor.accept(JUnitTestExecutor.java:84)
  at org.gradle.api.internal.tasks.testing.junit.JUnitTestExecutor.accept(JUnitTestExecutor.java:47)
  at org.gradle.api.internal.tasks.testing.junit.AbstractJUnitTestDefinitionProcessor.processTestDefinition(AbstractJUnitTestDefinitionProcessor.java:65)
  at org.gradle.api.internal.tasks.testing.SuiteTestDefinitionProcessor.processTestDefinition(SuiteTestDefinitionProcessor.java:54)
  at java.base/jdk.internal.reflect.DirectMethodHandleAccessor.invoke(DirectMethodHandleAccessor.java:104)
  at java.base/java.lang.reflect.Method.invoke(Method.java:565)
  at org.gradle.internal.dispatch.MethodInvocation.invokeOn(MethodInvocation.java:77)
  at org.gradle.internal.dispatch.ReflectionDispatch.dispatch(ReflectionDispatch.java:28)
  at org.gradle.internal.dispatch.ReflectionDispatch.dispatch(ReflectionDispatch.java:19)
  at org.gradle.internal.dispatch.ContextClassLoaderDispatch.dispatch(ContextClassLoaderDispatch.java:33)
  at org.gradle.internal.dispatch.ProxyDispatchAdapter$DispatchingInvocationHandler.invoke(ProxyDispatchAdapter.java:88)
  at jdk.proxy1/jdk.proxy1.$Proxy4.processTestDefinition(Unknown Source)
  at org.gradle.api.internal.tasks.testing.worker.TestWorker$2.run(TestWorker.java:178)
  at org.gradle.api.internal.tasks.testing.worker.TestWorker.executeAndMaintainThreadName(TestWorker.java:126)
  at org.gradle.api.internal.tasks.testing.worker.TestWorker.execute(TestWorker.java:103)
  at org.gradle.api.internal.tasks.testing.worker.TestWorker.execute(TestWorker.java:63)
  at org.gradle.process.internal.worker.child.ActionExecutionWorker.execute(ActionExecutionWorker.java:56)
  at org.gradle.process.internal.worker.child.SystemApplicationClassLoaderWorker.call(SystemApplicationClassLoaderWorker.java:122)
  at org.gradle.process.internal.worker.child.SystemApplicationClassLoaderWorker.call(SystemApplicationClassLoaderWorker.java:72)
  at worker.org.gradle.process.internal.worker.GradleWorkerMain.run(GradleWorkerMain.java:69)
  at worker.org.gradle.process.internal.worker.GradleWorkerMain.main(GradleWorkerMain.java:74)
</stacktrace>
</test-failure>


TypeScriptCompilerTests_C[jvm] > configFileExtendsAsList_ts has expected errors matching configFileExtendsAsList_errors_txt[jvm] FAILED

<test-failure test="com.xemantic.typescript.compiler.TypeScriptCompilerTests_C.conditionalTypeAssignabilityWhenDeferred_ts has expected errors matching conditionalTypeAssignabilityWhenDeferred_errors_txt" platform="jvm">
<message>
Expected diagnostics from baseline typescript-repo/tests/baselines/reference/conditionalTypeAssignabilityWhenDeferred.errors.txt but none produced
</message>
<stacktrace>
  at com.xemantic.typescript.compiler.TypeScriptTestSupportKt.errorsMatchBaseline(TypeScriptTestSupport.kt:125)
  at com.xemantic.typescript.compiler.TypeScriptCompilerTests_C.conditionalTypeAssignabilityWhenDeferred_ts has expected errors matching conditionalTypeAssignabilityWhenDeferred_errors_txt(TypeScriptCompilerTests_C.kt:5733)
  at java.base/jdk.internal.reflect.DirectMethodHandleAccessor.invoke(DirectMethodHandleAccessor.java:104)
  at java.base/java.lang.reflect.Method.invoke(Method.java:565)
  at org.junit.runners.model.FrameworkMethod$1.runReflectiveCall(FrameworkMethod.java:59)
  at org.junit.internal.runners.model.ReflectiveCallable.run(ReflectiveCallable.java:12)
  at org.junit.runners.model.FrameworkMethod.invokeExplosively(FrameworkMethod.java:56)
  at org.junit.internal.runners.statements.InvokeMethod.evaluate(InvokeMethod.java:17)
  at org.junit.runners.ParentRunner$3.evaluate(ParentRunner.java:306)
  at org.junit.runners.BlockJUnit4ClassRunner$1.evaluate(BlockJUnit4ClassRunner.java:100)
  at org.junit.runners.ParentRunner.runLeaf(ParentRunner.java:366)
  at org.junit.runners.BlockJUnit4ClassRunner.runChild(BlockJUnit4ClassRunner.java:103)
  at org.junit.runners.BlockJUnit4ClassRunner.runChild(BlockJUnit4ClassRunner.java:63)
  at org.junit.runners.ParentRunner$4.run(ParentRunner.java:331)
  at org.junit.runners.ParentRunner$1.schedule(ParentRunner.java:79)
  at org.junit.runners.ParentRunner.runChildren(ParentRunner.java:329)
  at org.junit.runners.ParentRunner.access$100(ParentRunner.java:66)
  at org.junit.runners.ParentRunner$2.evaluate(ParentRunner.java:293)
  at org.junit.runners.ParentRunner$3.evaluate(ParentRunner.java:306)
  at org.junit.runners.ParentRunner.run(ParentRunner.java:413)
  at org.junit.runner.JUnitCore.run(JUnitCore.java:137)
  at org.junit.runner.JUnitCore.run(JUnitCore.java:115)
  at org.gradle.api.internal.tasks.testing.junit.JUnitTestExecutor.runRequest(JUnitTestExecutor.java:175)
  at org.gradle.api.internal.tasks.testing.junit.JUnitTestExecutor.accept(JUnitTestExecutor.java:84)
  at org.gradle.api.internal.tasks.testing.junit.JUnitTestExecutor.accept(JUnitTestExecutor.java:47)
  at org.gradle.api.internal.tasks.testing.junit.AbstractJUnitTestDefinitionProcessor.processTestDefinition(AbstractJUnitTestDefinitionProcessor.java:65)
  at org.gradle.api.internal.tasks.testing.SuiteTestDefinitionProcessor.processTestDefinition(SuiteTestDefinitionProcessor.java:54)
  at java.base/jdk.internal.reflect.DirectMethodHandleAccessor.invoke(DirectMethodHandleAccessor.java:104)
  at java.base/java.lang.reflect.Method.invoke(Method.java:565)
  at org.gradle.internal.dispatch.MethodInvocation.invokeOn(MethodInvocation.java:77)
  at org.gradle.internal.dispatch.ReflectionDispatch.dispatch(ReflectionDispatch.java:28)
  at org.gradle.internal.dispatch.ReflectionDispatch.dispatch(ReflectionDispatch.java:19)
  at org.gradle.internal.dispatch.ContextClassLoaderDispatch.dispatch(ContextClassLoaderDispatch.java:33)
  at org.gradle.internal.dispatch.ProxyDispatchAdapter$DispatchingInvocationHandler.invoke(ProxyDispatchAdapter.java:88)
  at jdk.proxy1/jdk.proxy1.$Proxy4.processTestDefinition(Unknown Source)
  at org.gradle.api.internal.tasks.testing.worker.TestWorker$2.run(TestWorker.java:178)
  at org.gradle.api.internal.tasks.testing.worker.TestWorker.executeAndMaintainThreadName(TestWorker.java:126)
  at org.gradle.api.internal.tasks.testing.worker.TestWorker.execute(TestWorker.java:103)
  at org.gradle.api.internal.tasks.testing.worker.TestWorker.execute(TestWorker.java:63)
  at org.gradle.process.internal.worker.child.ActionExecutionWorker.execute(ActionExecutionWorker.java:56)
  at org.gradle.process.internal.worker.child.SystemApplicationClassLoaderWorker.call(SystemApplicationClassLoaderWorker.java:122)
  at org.gradle.process.internal.worker.child.SystemApplicationClassLoaderWorker.call(SystemApplicationClassLoaderWorker.java:72)
  at worker.org.gradle.process.internal.worker.GradleWorkerMain.run(GradleWorkerMain.java:69)
  at worker.org.gradle.process.internal.worker.GradleWorkerMain.main(GradleWorkerMain.java:74)
</stacktrace>
</test-failure>


TypeScriptCompilerTests_C[jvm] > conditionalTypeAssignabilityWhenDeferred_ts has expected errors matching conditionalTypeAssignabilityWhenDeferred_errors_txt[jvm] FAILED

<test-failure test="com.xemantic.typescript.compiler.TypeScriptCompilerTests_C.commonSourceDirectory_ts compiles to JavaScript matching commonSourceDirectory_js" platform="jvm">
<message>
--- expected
+++ actual
@@ -20,4 +20,4 @@
 import { x } from "foo";
 import { y } from "bar";
 x + y;
-//# sourceMappingURL=../myMapRoot/index.js.map
+//# sourceMappingURL=index.js.map

</message>
<stacktrace>
  at org.junit.Assert.fail(Assert.java:89)
  at kotlin.test.junit.JUnitAsserter.fail(JUnitSupport.kt:56)
  at kotlin.test.AssertionsKt__AssertionsKt.fail(Assertions.kt:563)
  at kotlin.test.AssertionsKt.fail(Unknown Source)
  at com.xemantic.kotlin.test.SameAsKt.sameAs(SameAs.kt:52)
  at com.xemantic.typescript.compiler.TypeScriptTestSupportKt.sameAs(TypeScriptTestSupport.kt:99)
  at com.xemantic.typescript.compiler.TypeScriptCompilerTests_C.commonSourceDirectory_ts compiles to JavaScript matching commonSourceDirectory_js(TypeScriptCompilerTests_C.kt:5068)
  at java.base/jdk.internal.reflect.DirectMethodHandleAccessor.invoke(DirectMethodHandleAccessor.java:104)
  at java.base/java.lang.reflect.Method.invoke(Method.java:565)
  at org.junit.runners.model.FrameworkMethod$1.runReflectiveCall(FrameworkMethod.java:59)
  at org.junit.internal.runners.model.ReflectiveCallable.run(ReflectiveCallable.java:12)
  at org.junit.runners.model.FrameworkMethod.invokeExplosively(FrameworkMethod.java:56)
  at org.junit.internal.runners.statements.InvokeMethod.evaluate(InvokeMethod.java:17)
  at org.junit.runners.ParentRunner$3.evaluate(ParentRunner.java:306)
  at org.junit.runners.BlockJUnit4ClassRunner$1.evaluate(BlockJUnit4ClassRunner.java:100)
  at org.junit.runners.ParentRunner.runLeaf(ParentRunner.java:366)
  at org.junit.runners.BlockJUnit4ClassRunner.runChild(BlockJUnit4ClassRunner.java:103)
  at org.junit.runners.BlockJUnit4ClassRunner.runChild(BlockJUnit4ClassRunner.java:63)
  at org.junit.runners.ParentRunner$4.run(ParentRunner.java:331)
  at org.junit.runners.ParentRunner$1.schedule(ParentRunner.java:79)
  at org.junit.runners.ParentRunner.runChildren(ParentRunner.java:329)
  at org.junit.runners.ParentRunner.access$100(ParentRunner.java:66)
  at org.junit.runners.ParentRunner$2.evaluate(ParentRunner.java:293)
  at org.junit.runners.ParentRunner$3.evaluate(ParentRunner.java:306)
  at org.junit.runners.ParentRunner.run(ParentRunner.java:413)
  at org.junit.runner.JUnitCore.run(JUnitCore.java:137)
  at org.junit.runner.JUnitCore.run(JUnitCore.java:115)
  at org.gradle.api.internal.tasks.testing.junit.JUnitTestExecutor.runRequest(JUnitTestExecutor.java:175)
  at org.gradle.api.internal.tasks.testing.junit.JUnitTestExecutor.accept(JUnitTestExecutor.java:84)
  at org.gradle.api.internal.tasks.testing.junit.JUnitTestExecutor.accept(JUnitTestExecutor.java:47)
  at org.gradle.api.internal.tasks.testing.junit.AbstractJUnitTestDefinitionProcessor.processTestDefinition(AbstractJUnitTestDefinitionProcessor.java:65)
  at org.gradle.api.internal.tasks.testing.SuiteTestDefinitionProcessor.processTestDefinition(SuiteTestDefinitionProcessor.java:54)
  at java.base/jdk.internal.reflect.DirectMethodHandleAccessor.invoke(DirectMethodHandleAccessor.java:104)
  at java.base/java.lang.reflect.Method.invoke(Method.java:565)
  at org.gradle.internal.dispatch.MethodInvocation.invokeOn(MethodInvocation.java:77)
  at org.gradle.internal.dispatch.ReflectionDispatch.dispatch(ReflectionDispatch.java:28)
  at org.gradle.internal.dispatch.ReflectionDispatch.dispatch(ReflectionDispatch.java:19)
  at org.gradle.internal.dispatch.ContextClassLoaderDispatch.dispatch(ContextClassLoaderDispatch.java:33)
  at org.gradle.internal.dispatch.ProxyDispatchAdapter$DispatchingInvocationHandler.invoke(ProxyDispatchAdapter.java:88)
  at jdk.proxy1/jdk.proxy1.$Proxy4.processTestDefinition(Unknown Source)
  at org.gradle.api.internal.tasks.testing.worker.TestWorker$2.run(TestWorker.java:178)
  at org.gradle.api.internal.tasks.testing.worker.TestWorker.executeAndMaintainThreadName(TestWorker.java:126)
  at org.gradle.api.internal.tasks.testing.worker.TestWorker.execute(TestWorker.java:103)
  at org.gradle.api.internal.tasks.testing.worker.TestWorker.execute(TestWorker.java:63)
  at org.gradle.process.internal.worker.child.ActionExecutionWorker.execute(ActionExecutionWorker.java:56)
  at org.gradle.process.internal.worker.child.SystemApplicationClassLoaderWorker.call(SystemApplicationClassLoaderWorker.java:122)
  at org.gradle.process.internal.worker.child.SystemApplicationClassLoaderWorker.call(SystemApplicationClassLoaderWorker.java:72)
  at worker.org.gradle.process.internal.worker.GradleWorkerMain.run(GradleWorkerMain.java:69)
  at worker.org.gradle.process.internal.worker.GradleWorkerMain.main(GradleWorkerMain.java:74)
</stacktrace>
</test-failure>


TypeScriptCompilerTests_C[jvm] > commonSourceDirectory_ts compiles to JavaScript matching commonSourceDirectory_js[jvm] FAILED

<test-failure test="com.xemantic.typescript.compiler.TypeScriptCompilerTests_C.commonSourceDir6_ts compiles to JavaScript matching commonSourceDir6_js" platform="jvm">
<message>
--- expected
+++ actual
@@ -30,9 +30,9 @@
     exports.i = Math.sqrt(-1);
     exports.z = baz_1.pi * baz_1.pi;
 });
-define("a/bar", ["require", "exports", "a/foo"], function (require, exports, foo_2) {
+define("a/bar", ["require", "exports", "foo"], function (require, exports, foo_1) {
     "use strict";
     Object.defineProperty(exports, "__esModule", { value: true });
     exports.x = void 0;
-    exports.x = foo_2.z + foo_2.z;
+    exports.x = foo_1.z + foo_1.z;
 });

</message>
<stacktrace>
  at org.junit.Assert.fail(Assert.java:89)
  at kotlin.test.junit.JUnitAsserter.fail(JUnitSupport.kt:56)
  at kotlin.test.AssertionsKt__AssertionsKt.fail(Assertions.kt:563)
  at kotlin.test.AssertionsKt.fail(Unknown Source)
  at com.xemantic.kotlin.test.SameAsKt.sameAs(SameAs.kt:52)
  at com.xemantic.typescript.compiler.TypeScriptTestSupportKt.sameAs(TypeScriptTestSupport.kt:99)
  at com.xemantic.typescript.compiler.TypeScriptCompilerTests_C.commonSourceDir6_ts compiles to JavaScript matching commonSourceDir6_js(TypeScriptCompilerTests_C.kt:5054)
  at java.base/jdk.internal.reflect.DirectMethodHandleAccessor.invoke(DirectMethodHandleAccessor.java:104)
  at java.base/java.lang.reflect.Method.invoke(Method.java:565)
  at org.junit.runners.model.FrameworkMethod$1.runReflectiveCall(FrameworkMethod.java:59)
  at org.junit.internal.runners.model.ReflectiveCallable.run(ReflectiveCallable.java:12)
  at org.junit.runners.model.FrameworkMethod.invokeExplosively(FrameworkMethod.java:56)
  at org.junit.internal.runners.statements.InvokeMethod.evaluate(InvokeMethod.java:17)
  at org.junit.runners.ParentRunner$3.evaluate(ParentRunner.java:306)
  at org.junit.runners.BlockJUnit4ClassRunner$1.evaluate(BlockJUnit4ClassRunner.java:100)
  at org.junit.runners.ParentRunner.runLeaf(ParentRunner.java:366)
  at org.junit.runners.BlockJUnit4ClassRunner.runChild(BlockJUnit4ClassRunner.java:103)
  at org.junit.runners.BlockJUnit4ClassRunner.runChild(BlockJUnit4ClassRunner.java:63)
  at org.junit.runners.ParentRunner$4.run(ParentRunner.java:331)
  at org.junit.runners.ParentRunner$1.schedule(ParentRunner.java:79)
  at org.junit.runners.ParentRunner.runChildren(ParentRunner.java:329)
  at org.junit.runners.ParentRunner.access$100(ParentRunner.java:66)
  at org.junit.runners.ParentRunner$2.evaluate(ParentRunner.java:293)
  at org.junit.runners.ParentRunner$3.evaluate(ParentRunner.java:306)
  at org.junit.runners.ParentRunner.run(ParentRunner.java:413)
  at org.junit.runner.JUnitCore.run(JUnitCore.java:137)
  at org.junit.runner.JUnitCore.run(JUnitCore.java:115)
  at org.gradle.api.internal.tasks.testing.junit.JUnitTestExecutor.runRequest(JUnitTestExecutor.java:175)
  at org.gradle.api.internal.tasks.testing.junit.JUnitTestExecutor.accept(JUnitTestExecutor.java:84)
  at org.gradle.api.internal.tasks.testing.junit.JUnitTestExecutor.accept(JUnitTestExecutor.java:47)
  at org.gradle.api.internal.tasks.testing.junit.AbstractJUnitTestDefinitionProcessor.processTestDefinition(AbstractJUnitTestDefinitionProcessor.java:65)
  at org.gradle.api.internal.tasks.testing.SuiteTestDefinitionProcessor.processTestDefinition(SuiteTestDefinitionProcessor.java:54)
  at java.base/jdk.internal.reflect.DirectMethodHandleAccessor.invoke(DirectMethodHandleAccessor.java:104)
  at java.base/java.lang.reflect.Method.invoke(Method.java:565)
  at org.gradle.internal.dispatch.MethodInvocation.invokeOn(MethodInvocation.java:77)
  at org.gradle.internal.dispatch.ReflectionDispatch.dispatch(ReflectionDispatch.java:28)
  at org.gradle.internal.dispatch.ReflectionDispatch.dispatch(ReflectionDispatch.java:19)
  at org.gradle.internal.dispatch.ContextClassLoaderDispatch.dispatch(ContextClassLoaderDispatch.java:33)
  at org.gradle.internal.dispatch.ProxyDispatchAdapter$DispatchingInvocationHandler.invoke(ProxyDispatchAdapter.java:88)
  at jdk.proxy1/jdk.proxy1.$Proxy4.processTestDefinition(Unknown Source)
  at org.gradle.api.internal.tasks.testing.worker.TestWorker$2.run(TestWorker.java:178)
  at org.gradle.api.internal.tasks.testing.worker.TestWorker.executeAndMaintainThreadName(TestWorker.java:126)
  at org.gradle.api.internal.tasks.testing.worker.TestWorker.execute(TestWorker.java:103)
  at org.gradle.api.internal.tasks.testing.worker.TestWorker.execute(TestWorker.java:63)
  at org.gradle.process.internal.worker.child.ActionExecutionWorker.execute(ActionExecutionWorker.java:56)
  at org.gradle.process.internal.worker.child.SystemApplicationClassLoaderWorker.call(SystemApplicationClassLoaderWorker.java:122)
  at org.gradle.process.internal.worker.child.SystemApplicationClassLoaderWorker.call(SystemApplicationClassLoaderWorker.java:72)
  at worker.org.gradle.process.internal.worker.GradleWorkerMain.run(GradleWorkerMain.java:69)
  at worker.org.gradle.process.internal.worker.GradleWorkerMain.main(GradleWorkerMain.java:74)
</stacktrace>
</test-failure>


TypeScriptCompilerTests_C[jvm] > commonSourceDir6_ts compiles to JavaScript matching commonSourceDir6_js[jvm] FAILED

<test-failure test="com.xemantic.typescript.compiler.TypeScriptCompilerTests_C.controlFlowAutoAccessor1_ts has expected errors matching controlFlowAutoAccessor1_errors_txt" platform="jvm">
<message>
Expected diagnostics from baseline typescript-repo/tests/baselines/reference/controlFlowAutoAccessor1.errors.txt but none produced
</message>
<stacktrace>
  at com.xemantic.typescript.compiler.TypeScriptTestSupportKt.errorsMatchBaseline(TypeScriptTestSupport.kt:125)
  at com.xemantic.typescript.compiler.TypeScriptCompilerTests_C.controlFlowAutoAccessor1_ts has expected errors matching controlFlowAutoAccessor1_errors_txt(TypeScriptCompilerTests_C.kt:8344)
  at java.base/jdk.internal.reflect.DirectMethodHandleAccessor.invoke(DirectMethodHandleAccessor.java:104)
  at java.base/java.lang.reflect.Method.invoke(Method.java:565)
  at org.junit.runners.model.FrameworkMethod$1.runReflectiveCall(FrameworkMethod.java:59)
  at org.junit.internal.runners.model.ReflectiveCallable.run(ReflectiveCallable.java:12)
  at org.junit.runners.model.FrameworkMethod.invokeExplosively(FrameworkMethod.java:56)
  at org.junit.internal.runners.statements.InvokeMethod.evaluate(InvokeMethod.java:17)
  at org.junit.runners.ParentRunner$3.evaluate(ParentRunner.java:306)
  at org.junit.runners.BlockJUnit4ClassRunner$1.evaluate(BlockJUnit4ClassRunner.java:100)
  at org.junit.runners.ParentRunner.runLeaf(ParentRunner.java:366)
  at org.junit.runners.BlockJUnit4ClassRunner.runChild(BlockJUnit4ClassRunner.java:103)
  at org.junit.runners.BlockJUnit4ClassRunner.runChild(BlockJUnit4ClassRunner.java:63)
  at org.junit.runners.ParentRunner$4.run(ParentRunner.java:331)
  at org.junit.runners.ParentRunner$1.schedule(ParentRunner.java:79)
  at org.junit.runners.ParentRunner.runChildren(ParentRunner.java:329)
  at org.junit.runners.ParentRunner.access$100(ParentRunner.java:66)
  at org.junit.runners.ParentRunner$2.evaluate(ParentRunner.java:293)
  at org.junit.runners.ParentRunner$3.evaluate(ParentRunner.java:306)
  at org.junit.runners.ParentRunner.run(ParentRunner.java:413)
  at org.junit.runner.JUnitCore.run(JUnitCore.java:137)
  at org.junit.runner.JUnitCore.run(JUnitCore.java:115)
  at org.gradle.api.internal.tasks.testing.junit.JUnitTestExecutor.runRequest(JUnitTestExecutor.java:175)
  at org.gradle.api.internal.tasks.testing.junit.JUnitTestExecutor.accept(JUnitTestExecutor.java:84)
  at org.gradle.api.internal.tasks.testing.junit.JUnitTestExecutor.accept(JUnitTestExecutor.java:47)
  at org.gradle.api.internal.tasks.testing.junit.AbstractJUnitTestDefinitionProcessor.processTestDefinition(AbstractJUnitTestDefinitionProcessor.java:65)
  at org.gradle.api.internal.tasks.testing.SuiteTestDefinitionProcessor.processTestDefinition(SuiteTestDefinitionProcessor.java:54)
  at java.base/jdk.internal.reflect.DirectMethodHandleAccessor.invoke(DirectMethodHandleAccessor.java:104)
  at java.base/java.lang.reflect.Method.invoke(Method.java:565)
  at org.gradle.internal.dispatch.MethodInvocation.invokeOn(MethodInvocation.java:77)
  at org.gradle.internal.dispatch.ReflectionDispatch.dispatch(ReflectionDispatch.java:28)
  at org.gradle.internal.dispatch.ReflectionDispatch.dispatch(ReflectionDispatch.java:19)
  at org.gradle.internal.dispatch.ContextClassLoaderDispatch.dispatch(ContextClassLoaderDispatch.java:33)
  at org.gradle.internal.dispatch.ProxyDispatchAdapter$DispatchingInvocationHandler.invoke(ProxyDispatchAdapter.java:88)
  at jdk.proxy1/jdk.proxy1.$Proxy4.processTestDefinition(Unknown Source)
  at org.gradle.api.internal.tasks.testing.worker.TestWorker$2.run(TestWorker.java:178)
  at org.gradle.api.internal.tasks.testing.worker.TestWorker.executeAndMaintainThreadName(TestWorker.java:126)
  at org.gradle.api.internal.tasks.testing.worker.TestWorker.execute(TestWorker.java:103)
  at org.gradle.api.internal.tasks.testing.worker.TestWorker.execute(TestWorker.java:63)
  at org.gradle.process.internal.worker.child.ActionExecutionWorker.execute(ActionExecutionWorker.java:56)
  at org.gradle.process.internal.worker.child.SystemApplicationClassLoaderWorker.call(SystemApplicationClassLoaderWorker.java:122)
  at org.gradle.process.internal.worker.child.SystemApplicationClassLoaderWorker.call(SystemApplicationClassLoaderWorker.java:72)
  at worker.org.gradle.process.internal.worker.GradleWorkerMain.run(GradleWorkerMain.java:69)
  at worker.org.gradle.process.internal.worker.GradleWorkerMain.main(GradleWorkerMain.java:74)
</stacktrace>
</test-failure>


TypeScriptCompilerTests_C[jvm] > controlFlowAutoAccessor1_ts has expected errors matching controlFlowAutoAccessor1_errors_txt[jvm] FAILED

<test-failure test="com.xemantic.typescript.compiler.TypeScriptCompilerTests_C.checkJsxNotSetError_ts has expected errors matching checkJsxNotSetError_errors_txt" platform="jvm">
<message>
--- expected
+++ actual
@@ -1,20 +1,19 @@
-/bar.jsx(1,17): error TS6142: Module '/foo' was resolved to '/foo.jsx', but '--jsx' is not set.
-/bar.jsx(2,11): error TS17004: Cannot use JSX unless the '--jsx' flag is provided.
-/foo.jsx(2,5): error TS17004: Cannot use JSX unless the '--jsx' flag is provided.
+error TS5055: Cannot write file '/bar.jsx' because it would overwrite input file.
+  Adding a tsconfig.json file will help organize projects that contain both TypeScript and JavaScript files. Learn more at https://aka.ms/tsconfig.
+error TS5055: Cannot write file '/foo.jsx' because it would overwrite input file.
+  Adding a tsconfig.json file will help organize projects that contain both TypeScript and JavaScript files. Learn more at https://aka.ms/tsconfig.
 
 
-==== /foo.jsx (1 errors) ====
+!!! error TS5055: Cannot write file '/bar.jsx' because it would overwrite input file.
+!!! error TS5055:   Adding a tsconfig.json file will help organize projects that contain both TypeScript and JavaScript files. Learn more at https://aka.ms/tsconfig.
+!!! error TS5055: Cannot write file '/foo.jsx' because it would overwrite input file.
+!!! error TS5055:   Adding a tsconfig.json file will help organize projects that contain both TypeScript and JavaScript files. Learn more at https://aka.ms/tsconfig.
+==== /foo.jsx (0 errors) ====
     const Foo = () => (
         <div>foo</div>
-        ~~~~~
-!!! error TS17004: Cannot use JSX unless the '--jsx' flag is provided.
     );
     export default Foo;
     
-==== /bar.jsx (2 errors) ====
+==== /bar.jsx (0 errors) ====
     import Foo from '/foo';
-                    ~~~~~~
-!!! error TS6142: Module '/foo' was resolved to '/foo.jsx', but '--jsx' is not set.
     const a = <Foo />
-              ~~~~~~~
-!!! error TS17004: Cannot use JSX unless the '--jsx' flag is provided.

</message>
<stacktrace>
  at org.junit.Assert.fail(Assert.java:89)
  at kotlin.test.junit.JUnitAsserter.fail(JUnitSupport.kt:56)
  at kotlin.test.AssertionsKt__AssertionsKt.fail(Assertions.kt:563)
  at kotlin.test.AssertionsKt.fail(Unknown Source)
  at com.xemantic.kotlin.test.SameAsKt.sameAs(SameAs.kt:52)
  at com.xemantic.typescript.compiler.TypeScriptTestSupportKt.errorsMatchBaseline(TypeScriptTestSupport.kt:135)
  at com.xemantic.typescript.compiler.TypeScriptCompilerTests_C.checkJsxNotSetError_ts has expected errors matching checkJsxNotSetError_errors_txt(TypeScriptCompilerTests_C.kt:1372)
  at java.base/jdk.internal.reflect.DirectMethodHandleAccessor.invoke(DirectMethodHandleAccessor.java:104)
  at java.base/java.lang.reflect.Method.invoke(Method.java:565)
  at org.junit.runners.model.FrameworkMethod$1.runReflectiveCall(FrameworkMethod.java:59)
  at org.junit.internal.runners.model.ReflectiveCallable.run(ReflectiveCallable.java:12)
  at org.junit.runners.model.FrameworkMethod.invokeExplosively(FrameworkMethod.java:56)
  at org.junit.internal.runners.statements.InvokeMethod.evaluate(InvokeMethod.java:17)
  at org.junit.runners.ParentRunner$3.evaluate(ParentRunner.java:306)
  at org.junit.runners.BlockJUnit4ClassRunner$1.evaluate(BlockJUnit4ClassRunner.java:100)
  at org.junit.runners.ParentRunner.runLeaf(ParentRunner.java:366)
  at org.junit.runners.BlockJUnit4ClassRunner.runChild(BlockJUnit4ClassRunner.java:103)
  at org.junit.runners.BlockJUnit4ClassRunner.runChild(BlockJUnit4ClassRunner.java:63)
  at org.junit.runners.ParentRunner$4.run(ParentRunner.java:331)
  at org.junit.runners.ParentRunner$1.schedule(ParentRunner.java:79)
  at org.junit.runners.ParentRunner.runChildren(ParentRunner.java:329)
  at org.junit.runners.ParentRunner.access$100(ParentRunner.java:66)
  at org.junit.runners.ParentRunner$2.evaluate(ParentRunner.java:293)
  at org.junit.runners.ParentRunner$3.evaluate(ParentRunner.java:306)
  at org.junit.runners.ParentRunner.run(ParentRunner.java:413)
  at org.junit.runner.JUnitCore.run(JUnitCore.java:137)
  at org.junit.runner.JUnitCore.run(JUnitCore.java:115)
  at org.gradle.api.internal.tasks.testing.junit.JUnitTestExecutor.runRequest(JUnitTestExecutor.java:175)
  at org.gradle.api.internal.tasks.testing.junit.JUnitTestExecutor.accept(JUnitTestExecutor.java:84)
  at org.gradle.api.internal.tasks.testing.junit.JUnitTestExecutor.accept(JUnitTestExecutor.java:47)
  at org.gradle.api.internal.tasks.testing.junit.AbstractJUnitTestDefinitionProcessor.processTestDefinition(AbstractJUnitTestDefinitionProcessor.java:65)
  at org.gradle.api.internal.tasks.testing.SuiteTestDefinitionProcessor.processTestDefinition(SuiteTestDefinitionProcessor.java:54)
  at java.base/jdk.internal.reflect.DirectMethodHandleAccessor.invoke(DirectMethodHandleAccessor.java:104)
  at java.base/java.lang.reflect.Method.invoke(Method.java:565)
  at org.gradle.internal.dispatch.MethodInvocation.invokeOn(MethodInvocation.java:77)
  at org.gradle.internal.dispatch.ReflectionDispatch.dispatch(ReflectionDispatch.java:28)
  at org.gradle.internal.dispatch.ReflectionDispatch.dispatch(ReflectionDispatch.java:19)
  at org.gradle.internal.dispatch.ContextClassLoaderDispatch.dispatch(ContextClassLoaderDispatch.java:33)
  at org.gradle.internal.dispatch.ProxyDispatchAdapter$DispatchingInvocationHandler.invoke(ProxyDispatchAdapter.java:88)
  at jdk.proxy1/jdk.proxy1.$Proxy4.processTestDefinition(Unknown Source)
  at org.gradle.api.internal.tasks.testing.worker.TestWorker$2.run(TestWorker.java:178)
  at org.gradle.api.internal.tasks.testing.worker.TestWorker.executeAndMaintainThreadName(TestWorker.java:126)
  at org.gradle.api.internal.tasks.testing.worker.TestWorker.execute(TestWorker.java:103)
  at org.gradle.api.internal.tasks.testing.worker.TestWorker.execute(TestWorker.java:63)
  at org.gradle.process.internal.worker.child.ActionExecutionWorker.execute(ActionExecutionWorker.java:56)
  at org.gradle.process.internal.worker.child.SystemApplicationClassLoaderWorker.call(SystemApplicationClassLoaderWorker.java:122)
  at org.gradle.process.internal.worker.child.SystemApplicationClassLoaderWorker.call(SystemApplicationClassLoaderWorker.java:72)
  at worker.org.gradle.process.internal.worker.GradleWorkerMain.run(GradleWorkerMain.java:69)
  at worker.org.gradle.process.internal.worker.GradleWorkerMain.main(GradleWorkerMain.java:74)
</stacktrace>
</test-failure>


TypeScriptCompilerTests_C[jvm] > checkJsxNotSetError_ts has expected errors matching checkJsxNotSetError_errors_txt[jvm] FAILED

<test-failure test="com.xemantic.typescript.compiler.TypeScriptCompilerTests_C.classExtendsInterfaceInModule_ts has expected errors matching classExtendsInterfaceInModule_errors_txt" platform="jvm">
<message>
Expected diagnostics from baseline typescript-repo/tests/baselines/reference/classExtendsInterfaceInModule.errors.txt but none produced
</message>
<stacktrace>
  at com.xemantic.typescript.compiler.TypeScriptTestSupportKt.errorsMatchBaseline(TypeScriptTestSupport.kt:125)
  at com.xemantic.typescript.compiler.TypeScriptCompilerTests_C.classExtendsInterfaceInModule_ts has expected errors matching classExtendsInterfaceInModule_errors_txt(TypeScriptCompilerTests_C.kt:2191)
  at java.base/jdk.internal.reflect.DirectMethodHandleAccessor.invoke(DirectMethodHandleAccessor.java:104)
  at java.base/java.lang.reflect.Method.invoke(Method.java:565)
  at org.junit.runners.model.FrameworkMethod$1.runReflectiveCall(FrameworkMethod.java:59)
  at org.junit.internal.runners.model.ReflectiveCallable.run(ReflectiveCallable.java:12)
  at org.junit.runners.model.FrameworkMethod.invokeExplosively(FrameworkMethod.java:56)
  at org.junit.internal.runners.statements.InvokeMethod.evaluate(InvokeMethod.java:17)
  at org.junit.runners.ParentRunner$3.evaluate(ParentRunner.java:306)
  at org.junit.runners.BlockJUnit4ClassRunner$1.evaluate(BlockJUnit4ClassRunner.java:100)
  at org.junit.runners.ParentRunner.runLeaf(ParentRunner.java:366)
  at org.junit.runners.BlockJUnit4ClassRunner.runChild(BlockJUnit4ClassRunner.java:103)
  at org.junit.runners.BlockJUnit4ClassRunner.runChild(BlockJUnit4ClassRunner.java:63)
  at org.junit.runners.ParentRunner$4.run(ParentRunner.java:331)
  at org.junit.runners.ParentRunner$1.schedule(ParentRunner.java:79)
  at org.junit.runners.ParentRunner.runChildren(ParentRunner.java:329)
  at org.junit.runners.ParentRunner.access$100(ParentRunner.java:66)
  at org.junit.runners.ParentRunner$2.evaluate(ParentRunner.java:293)
  at org.junit.runners.ParentRunner$3.evaluate(ParentRunner.java:306)
  at org.junit.runners.ParentRunner.run(ParentRunner.java:413)
  at org.junit.runner.JUnitCore.run(JUnitCore.java:137)
  at org.junit.runner.JUnitCore.run(JUnitCore.java:115)
  at org.gradle.api.internal.tasks.testing.junit.JUnitTestExecutor.runRequest(JUnitTestExecutor.java:175)
  at org.gradle.api.internal.tasks.testing.junit.JUnitTestExecutor.accept(JUnitTestExecutor.java:84)
  at org.gradle.api.internal.tasks.testing.junit.JUnitTestExecutor.accept(JUnitTestExecutor.java:47)
  at org.gradle.api.internal.tasks.testing.junit.AbstractJUnitTestDefinitionProcessor.processTestDefinition(AbstractJUnitTestDefinitionProcessor.java:65)
  at org.gradle.api.internal.tasks.testing.SuiteTestDefinitionProcessor.processTestDefinition(SuiteTestDefinitionProcessor.java:54)
  at java.base/jdk.internal.reflect.DirectMethodHandleAccessor.invoke(DirectMethodHandleAccessor.java:104)
  at java.base/java.lang.reflect.Method.invoke(Method.java:565)
  at org.gradle.internal.dispatch.MethodInvocation.invokeOn(MethodInvocation.java:77)
  at org.gradle.internal.dispatch.ReflectionDispatch.dispatch(ReflectionDispatch.java:28)
  at org.gradle.internal.dispatch.ReflectionDispatch.dispatch(ReflectionDispatch.java:19)
  at org.gradle.internal.dispatch.ContextClassLoaderDispatch.dispatch(ContextClassLoaderDispatch.java:33)
  at org.gradle.internal.dispatch.ProxyDispatchAdapter$DispatchingInvocationHandler.invoke(ProxyDispatchAdapter.java:88)
  at jdk.proxy1/jdk.proxy1.$Proxy4.processTestDefinition(Unknown Source)
  at org.gradle.api.internal.tasks.testing.worker.TestWorker$2.run(TestWorker.java:178)
  at org.gradle.api.internal.tasks.testing.worker.TestWorker.executeAndMaintainThreadName(TestWorker.java:126)
  at org.gradle.api.internal.tasks.testing.worker.TestWorker.execute(TestWorker.java:103)
  at org.gradle.api.internal.tasks.testing.worker.TestWorker.execute(TestWorker.java:63)
  at org.gradle.process.internal.worker.child.ActionExecutionWorker.execute(ActionExecutionWorker.java:56)
  at org.gradle.process.internal.worker.child.SystemApplicationClassLoaderWorker.call(SystemApplicationClassLoaderWorker.java:122)
  at org.gradle.process.internal.worker.child.SystemApplicationClassLoaderWorker.call(SystemApplicationClassLoaderWorker.java:72)
  at worker.org.gradle.process.internal.worker.GradleWorkerMain.run(GradleWorkerMain.java:69)
  at worker.org.gradle.process.internal.worker.GradleWorkerMain.main(GradleWorkerMain.java:74)
</stacktrace>
</test-failure>


TypeScriptCompilerTests_C[jvm] > classExtendsInterfaceInModule_ts has expected errors matching classExtendsInterfaceInModule_errors_txt[jvm] FAILED

<test-failure test="com.xemantic.typescript.compiler.TypeScriptCompilerTests_C.classDeclarationShouldBeOutOfScopeInComputedNames_ts compiles to JavaScript matching classDeclarationShouldBeOutOfScopeInComputedNames_js" platform="jvm">
<message>
--- expected
+++ actual
@@ -14,17 +14,15 @@
 
 //// [classDeclarationShouldBeOutOfScopeInComputedNames.js]
 "use strict";
-var _a, _b;
 class A {
     constructor() {
-        this[_b] = 0;
+        this[A.p2] = 0;
     }
-    static [(_a = A.p1, A.p2)]() { return 0; }
+    static [A.p2]() { return 0; }
     ;
     [A.p1]() { }
 }
-_b = A.p2;
 A.p1 = Symbol();
 A.p2 = Symbol();
 // All of the below should be out of scope or TDZ - `A` has not finished being constructed as they are executed
-A[_a] = 0;
+A[A.p1] = 0;

</message>
<stacktrace>
  at org.junit.Assert.fail(Assert.java:89)
  at kotlin.test.junit.JUnitAsserter.fail(JUnitSupport.kt:56)
  at kotlin.test.AssertionsKt__AssertionsKt.fail(Assertions.kt:563)
  at kotlin.test.AssertionsKt.fail(Unknown Source)
  at com.xemantic.kotlin.test.SameAsKt.sameAs(SameAs.kt:52)
  at com.xemantic.typescript.compiler.TypeScriptTestSupportKt.sameAs(TypeScriptTestSupport.kt:99)
  at com.xemantic.typescript.compiler.TypeScriptCompilerTests_C.classDeclarationShouldBeOutOfScopeInComputedNames_ts compiles to JavaScript matching classDeclarationShouldBeOutOfScopeInComputedNames_js(TypeScriptCompilerTests_C.kt:1890)
  at java.base/jdk.internal.reflect.DirectMethodHandleAccessor.invoke(DirectMethodHandleAccessor.java:104)
  at java.base/java.lang.reflect.Method.invoke(Method.java:565)
  at org.junit.runners.model.FrameworkMethod$1.runReflectiveCall(FrameworkMethod.java:59)
  at org.junit.internal.runners.model.ReflectiveCallable.run(ReflectiveCallable.java:12)
  at org.junit.runners.model.FrameworkMethod.invokeExplosively(FrameworkMethod.java:56)
  at org.junit.internal.runners.statements.InvokeMethod.evaluate(InvokeMethod.java:17)
  at org.junit.runners.ParentRunner$3.evaluate(ParentRunner.java:306)
  at org.junit.runners.BlockJUnit4ClassRunner$1.evaluate(BlockJUnit4ClassRunner.java:100)
  at org.junit.runners.ParentRunner.runLeaf(ParentRunner.java:366)
  at org.junit.runners.BlockJUnit4ClassRunner.runChild(BlockJUnit4ClassRunner.java:103)
  at org.junit.runners.BlockJUnit4ClassRunner.runChild(BlockJUnit4ClassRunner.java:63)
  at org.junit.runners.ParentRunner$4.run(ParentRunner.java:331)
  at org.junit.runners.ParentRunner$1.schedule(ParentRunner.java:79)
  at org.junit.runners.ParentRunner.runChildren(ParentRunner.java:329)
  at org.junit.runners.ParentRunner.access$100(ParentRunner.java:66)
  at org.junit.runners.ParentRunner$2.evaluate(ParentRunner.java:293)
  at org.junit.runners.ParentRunner$3.evaluate(ParentRunner.java:306)
  at org.junit.runners.ParentRunner.run(ParentRunner.java:413)
  at org.junit.runner.JUnitCore.run(JUnitCore.java:137)
  at org.junit.runner.JUnitCore.run(JUnitCore.java:115)
  at org.gradle.api.internal.tasks.testing.junit.JUnitTestExecutor.runRequest(JUnitTestExecutor.java:175)
  at org.gradle.api.internal.tasks.testing.junit.JUnitTestExecutor.accept(JUnitTestExecutor.java:84)
  at org.gradle.api.internal.tasks.testing.junit.JUnitTestExecutor.accept(JUnitTestExecutor.java:47)
  at org.gradle.api.internal.tasks.testing.junit.AbstractJUnitTestDefinitionProcessor.processTestDefinition(AbstractJUnitTestDefinitionProcessor.java:65)
  at org.gradle.api.internal.tasks.testing.SuiteTestDefinitionProcessor.processTestDefinition(SuiteTestDefinitionProcessor.java:54)
  at java.base/jdk.internal.reflect.DirectMethodHandleAccessor.invoke(DirectMethodHandleAccessor.java:104)
  at java.base/java.lang.reflect.Method.invoke(Method.java:565)
  at org.gradle.internal.dispatch.MethodInvocation.invokeOn(MethodInvocation.java:77)
  at org.gradle.internal.dispatch.ReflectionDispatch.dispatch(ReflectionDispatch.java:28)
  at org.gradle.internal.dispatch.ReflectionDispatch.dispatch(ReflectionDispatch.java:19)
  at org.gradle.internal.dispatch.ContextClassLoaderDispatch.dispatch(ContextClassLoaderDispatch.java:33)
  at org.gradle.internal.dispatch.ProxyDispatchAdapter$DispatchingInvocationHandler.invoke(ProxyDispatchAdapter.java:88)
  at jdk.proxy1/jdk.proxy1.$Proxy4.processTestDefinition(Unknown Source)
  at org.gradle.api.internal.tasks.testing.worker.TestWorker$2.run(TestWorker.java:178)
  at org.gradle.api.internal.tasks.testing.worker.TestWorker.executeAndMaintainThreadName(TestWorker.java:126)
  at org.gradle.api.internal.tasks.testing.worker.TestWorker.execute(TestWorker.java:103)
  at org.gradle.api.internal.tasks.testing.worker.TestWorker.execute(TestWorker.java:63)
  at org.gradle.process.internal.worker.child.ActionExecutionWorker.execute(ActionExecutionWorker.java:56)
  at org.gradle.process.internal.worker.child.SystemApplicationClassLoaderWorker.call(SystemApplicationClassLoaderWorker.java:122)
  at org.gradle.process.internal.worker.child.SystemApplicationClassLoaderWorker.call(SystemApplicationClassLoaderWorker.java:72)
  at worker.org.gradle.process.internal.worker.GradleWorkerMain.run(GradleWorkerMain.java:69)
  at worker.org.gradle.process.internal.worker.GradleWorkerMain.main(GradleWorkerMain.java:74)
</stacktrace>
</test-failure>


TypeScriptCompilerTests_C[jvm] > classDeclarationShouldBeOutOfScopeInComputedNames_ts compiles to JavaScript matching classDeclarationShouldBeOutOfScopeInComputedNames_js[jvm] FAILED

<test-failure test="com.xemantic.typescript.compiler.TypeScriptCompilerTests_C.classUpdateTests_ts has expected errors matching classUpdateTests_errors_txt" platform="jvm">
<message>
--- expected
+++ actual
@@ -1,24 +1,10 @@
 classUpdateTests.ts(34,2): error TS2377: Constructors for derived classes must contain a 'super' call.
 classUpdateTests.ts(43,18): error TS2335: 'super' can only be referenced in a derived class.
-classUpdateTests.ts(63,7): error TS2415: Class 'L' incorrectly extends base class 'G'.
-  Property 'p1' is private in type 'L' but not in type 'G'.
-classUpdateTests.ts(69,7): error TS2415: Class 'M' incorrectly extends base class 'G'.
-  Property 'p1' is private in type 'M' but not in type 'G'.
-classUpdateTests.ts(93,3): error TS1128: Declaration or statement expected.
-classUpdateTests.ts(95,1): error TS1128: Declaration or statement expected.
-classUpdateTests.ts(99,3): error TS1128: Declaration or statement expected.
-classUpdateTests.ts(101,1): error TS1128: Declaration or statement expected.
-classUpdateTests.ts(105,3): error TS1128: Declaration or statement expected.
-classUpdateTests.ts(105,10): error TS1434: Unexpected keyword or identifier.
-classUpdateTests.ts(105,14): error TS1068: Unexpected token. A constructor, method, accessor, or property was expected.
-classUpdateTests.ts(107,1): error TS1128: Declaration or statement expected.
-classUpdateTests.ts(111,3): error TS1128: Declaration or statement expected.
-classUpdateTests.ts(111,11): error TS1434: Unexpected keyword or identifier.
-classUpdateTests.ts(111,15): error TS1068: Unexpected token. A constructor, method, accessor, or property was expected.
-classUpdateTests.ts(113,1): error TS1128: Declaration or statement expected.
+classUpdateTests.ts(57,2): error TS2376: A 'super' call must be the first statement in the constructor to refer to 'super' or 'this' when a derived class contains initialized properties, parameter properties, or private identifiers.
+classUpdateTests.ts(70,2): error TS2376: A 'super' call must be the first statement in the constructor to refer to 'super' or 'this' when a derived class contains initialized properties, parameter properties, or private identifiers.
 
 
-==== classUpdateTests.ts (16 errors) ====
+==== classUpdateTests.ts (4 errors) ====
     //
     // test codegen for instance properties
     //
@@ -80,25 +66,23 @@
     
     class K extends G {
     	constructor(public p1:number) { // ERROR
+    	~~~~~~~~~~~
+!!! error TS2376: A 'super' call must be the first statement in the constructor to refer to 'super' or 'this' when a derived class contains initialized properties, parameter properties, or private identifiers.
     		var i = 0;
     		super();
     	}
     }
     
     class L extends G {
-          ~
-!!! error TS2415: Class 'L' incorrectly extends base class 'G'.
-!!! error TS2415:   Property 'p1' is private in type 'L' but not in type 'G'.
     	constructor(private p1:number) {
     		super(); // NO ERROR
     	}
     }
     
     class M extends G {
-          ~
-!!! error TS2415: Class 'M' incorrectly extends base class 'G'.
-!!! error TS2415:   Property 'p1' is private in type 'M' but not in type 'G'.
     	constructor(private p1:number) { // ERROR
+    	~~~~~~~~~~~
+!!! error TS2376: A 'super' call must be the first statement in the constructor to refer to 'super' or 'this' when a derived class contains initialized properties, parameter properties, or private identifiers.
     		var i = 0;
     		super();
     	}
@@ -122,47 +106,23 @@
     class O {
     	constructor() {
     		public p1 = 0; // ERROR
-    		~~~~~~
-!!! error TS1128: Declaration or statement expected.
     	}
     }
-    ~
-!!! error TS1128: Declaration or statement expected.
     
     class P {
     	constructor() {
     		private p1 = 0; // ERROR
-    		~~~~~~~
-!!! error TS1128: Declaration or statement expected.
     	}
     }
-    ~
-!!! error TS1128: Declaration or statement expected.
     
     class Q {
     	constructor() {
     		public this.p1 = 0; // ERROR
-    		~~~~~~
-!!! error TS1128: Declaration or statement expected.
-    		       ~~~~
-!!! error TS1434: Unexpected keyword or identifier.
-    		           ~
-!!! error TS1068: Unexpected token. A constructor, method, accessor, or property was expected.
     	}
     }
-    ~
-!!! error TS1128: Declaration or statement expected.
     
     class R {
     	constructor() {
     		private this.p1 = 0; // ERROR
-    		~~~~~~~
-!!! error TS1128: Declaration or statement expected.
-    		        ~~~~
-!!! error TS1434: Unexpected keyword or identifier.
-    		            ~
-!!! error TS1068: Unexpected token. A constructor, method, accessor, or property was expected.
     	}
     }
-    ~
-!!! error TS1128: Declaration or statement expected.

</message>
<stacktrace>
  at org.junit.Assert.fail(Assert.java:89)
  at kotlin.test.junit.JUnitAsserter.fail(JUnitSupport.kt:56)
  at kotlin.test.AssertionsKt__AssertionsKt.fail(Assertions.kt:563)
  at kotlin.test.AssertionsKt.fail(Unknown Source)
  at com.xemantic.kotlin.test.SameAsKt.sameAs(SameAs.kt:52)
  at com.xemantic.typescript.compiler.TypeScriptTestSupportKt.errorsMatchBaseline(TypeScriptTestSupport.kt:135)
  at com.xemantic.typescript.compiler.TypeScriptCompilerTests_C.classUpdateTests_ts has expected errors matching classUpdateTests_errors_txt(TypeScriptCompilerTests_C.kt:2947)
  at java.base/jdk.internal.reflect.DirectMethodHandleAccessor.invoke(DirectMethodHandleAccessor.java:104)
  at java.base/java.lang.reflect.Method.invoke(Method.java:565)
  at org.junit.runners.model.FrameworkMethod$1.runReflectiveCall(FrameworkMethod.java:59)
  at org.junit.internal.runners.model.ReflectiveCallable.run(ReflectiveCallable.java:12)
  at org.junit.runners.model.FrameworkMethod.invokeExplosively(FrameworkMethod.java:56)
  at org.junit.internal.runners.statements.InvokeMethod.evaluate(InvokeMethod.java:17)
  at org.junit.runners.ParentRunner$3.evaluate(ParentRunner.java:306)
  at org.junit.runners.BlockJUnit4ClassRunner$1.evaluate(BlockJUnit4ClassRunner.java:100)
  at org.junit.runners.ParentRunner.runLeaf(ParentRunner.java:366)
  at org.junit.runners.BlockJUnit4ClassRunner.runChild(BlockJUnit4ClassRunner.java:103)
  at org.junit.runners.BlockJUnit4ClassRunner.runChild(BlockJUnit4ClassRunner.java:63)
  at org.junit.runners.ParentRunner$4.run(ParentRunner.java:331)
  at org.junit.runners.ParentRunner$1.schedule(ParentRunner.java:79)
  at org.junit.runners.ParentRunner.runChildren(ParentRunner.java:329)
  at org.junit.runners.ParentRunner.access$100(ParentRunner.java:66)
  at org.junit.runners.ParentRunner$2.evaluate(ParentRunner.java:293)
  at org.junit.runners.ParentRunner$3.evaluate(ParentRunner.java:306)
  at org.junit.runners.ParentRunner.run(ParentRunner.java:413)
  at org.junit.runner.JUnitCore.run(JUnitCore.java:137)
  at org.junit.runner.JUnitCore.run(JUnitCore.java:115)
  at org.gradle.api.internal.tasks.testing.junit.JUnitTestExecutor.runRequest(JUnitTestExecutor.java:175)
  at org.gradle.api.internal.tasks.testing.junit.JUnitTestExecutor.accept(JUnitTestExecutor.java:84)
  at org.gradle.api.internal.tasks.testing.junit.JUnitTestExecutor.accept(JUnitTestExecutor.java:47)
  at org.gradle.api.internal.tasks.testing.junit.AbstractJUnitTestDefinitionProcessor.processTestDefinition(AbstractJUnitTestDefinitionProcessor.java:65)
  at org.gradle.api.internal.tasks.testing.SuiteTestDefinitionProcessor.processTestDefinition(SuiteTestDefinitionProcessor.java:54)
  at java.base/jdk.internal.reflect.DirectMethodHandleAccessor.invoke(DirectMethodHandleAccessor.java:104)
  at java.base/java.lang.reflect.Method.invoke(Method.java:565)
  at org.gradle.internal.dispatch.MethodInvocation.invokeOn(MethodInvocation.java:77)
  at org.gradle.internal.dispatch.ReflectionDispatch.dispatch(ReflectionDispatch.java:28)
  at org.gradle.internal.dispatch.ReflectionDispatch.dispatch(ReflectionDispatch.java:19)
  at org.gradle.internal.dispatch.ContextClassLoaderDispatch.dispatch(ContextClassLoaderDispatch.java:33)
  at org.gradle.internal.dispatch.ProxyDispatchAdapter$DispatchingInvocationHandler.invoke(ProxyDispatchAdapter.java:88)
  at jdk.proxy1/jdk.proxy1.$Proxy4.processTestDefinition(Unknown Source)
  at org.gradle.api.internal.tasks.testing.worker.TestWorker$2.run(TestWorker.java:178)
  at org.gradle.api.internal.tasks.testing.worker.TestWorker.executeAndMaintainThreadName(TestWorker.java:126)
  at org.gradle.api.internal.tasks.testing.worker.TestWorker.execute(TestWorker.java:103)
  at org.gradle.api.internal.tasks.testing.worker.TestWorker.execute(TestWorker.java:63)
  at org.gradle.process.internal.worker.child.ActionExecutionWorker.execute(ActionExecutionWorker.java:56)
  at org.gradle.process.internal.worker.child.SystemApplicationClassLoaderWorker.call(SystemApplicationClassLoaderWorker.java:122)
  at org.gradle.process.internal.worker.child.SystemApplicationClassLoaderWorker.call(SystemApplicationClassLoaderWorker.java:72)
  at worker.org.gradle.process.internal.worker.GradleWorkerMain.run(GradleWorkerMain.java:69)
  at worker.org.gradle.process.internal.worker.GradleWorkerMain.main(GradleWorkerMain.java:74)
</stacktrace>
</test-failure>


TypeScriptCompilerTests_C[jvm] > classUpdateTests_ts has expected errors matching classUpdateTests_errors_txt[jvm] FAILED

<test-failure test="com.xemantic.typescript.compiler.TypeScriptCompilerTests_C.cloduleTest2_ts has expected errors matching cloduleTest2_errors_txt" platform="jvm">
<message>
--- expected
+++ actual
@@ -1,30 +1,17 @@
-cloduleTest2.ts(4,13): error TS2554: Expected 1 arguments, but got 0.
-cloduleTest2.ts(10,13): error TS2554: Expected 1 arguments, but got 0.
-cloduleTest2.ts(18,7): error TS2576: Property 'bar' does not exist on type 'm3d'. Did you mean to access the static member 'm3d.bar' instead?
-cloduleTest2.ts(19,7): error TS2339: Property 'y' does not exist on type 'm3d'.
-cloduleTest2.ts(27,7): error TS2576: Property 'bar' does not exist on type 'm3d'. Did you mean to access the static member 'm3d.bar' instead?
-cloduleTest2.ts(28,7): error TS2339: Property 'y' does not exist on type 'm3d'.
-cloduleTest2.ts(33,9): error TS2554: Expected 1 arguments, but got 0.
-cloduleTest2.ts(36,10): error TS2554: Expected 1 arguments, but got 0.
+cloduleTest2.ts(33,13): error TS2554: Expected 1 arguments, but got 0.
 
 
-==== cloduleTest2.ts (8 errors) ====
+==== cloduleTest2.ts (1 errors) ====
     namespace T1 {
         namespace m3d { export var y = 2; }
         declare class m3d { constructor(foo); foo(): void ; static bar(); }
         var r = new m3d(); // error
-                ~~~~~~~~~
-!!! error TS2554: Expected 1 arguments, but got 0.
-!!! related TS6210 cloduleTest2.ts:3:37: An argument for 'foo' was not provided.
     }
     
     namespace T2 {
         declare class m3d { constructor(foo); foo(): void; static bar(); }
         namespace m3d { export var y = 2; }
         var r = new m3d(); // error
-                ~~~~~~~~~
-!!! error TS2554: Expected 1 arguments, but got 0.
-!!! related TS6210 cloduleTest2.ts:8:37: An argument for 'foo' was not provided.
     }
     
     namespace T3 {
@@ -33,11 +20,7 @@
         var r = new m3d();
         r.foo();
         r.bar(); // error
-          ~~~
-!!! error TS2576: Property 'bar' does not exist on type 'm3d'. Did you mean to access the static member 'm3d.bar' instead?
         r.y; // error
-          ~
-!!! error TS2339: Property 'y' does not exist on type 'm3d'.
     }
     
     namespace T4 {
@@ -46,22 +29,14 @@
         var r = new m3d();
         r.foo();
         r.bar(); // error
-          ~~~
-!!! error TS2576: Property 'bar' does not exist on type 'm3d'. Did you mean to access the static member 'm3d.bar' instead?
         r.y; // error
-          ~
-!!! error TS2339: Property 'y' does not exist on type 'm3d'.
     }
     
     namespace m3d { export var y = 2; }
     declare class m3d { constructor(foo); foo(): void; static bar(); }
     var r = new m3d(); // error
-            ~~~~~~~~~
+                ~~~
 !!! error TS2554: Expected 1 arguments, but got 0.
-!!! related TS6210 cloduleTest2.ts:32:33: An argument for 'foo' was not provided.
     
     declare class m4d extends m3d { }
     var r2 = new m4d(); // error
-             ~~~~~~~~~
-!!! error TS2554: Expected 1 arguments, but got 0.
-!!! related TS6210 cloduleTest2.ts:32:33: An argument for 'foo' was not provided.

</message>
<stacktrace>
  at org.junit.Assert.fail(Assert.java:89)
  at kotlin.test.junit.JUnitAsserter.fail(JUnitSupport.kt:56)
  at kotlin.test.AssertionsKt__AssertionsKt.fail(Assertions.kt:563)
  at kotlin.test.AssertionsKt.fail(Unknown Source)
  at com.xemantic.kotlin.test.SameAsKt.sameAs(SameAs.kt:52)
  at com.xemantic.typescript.compiler.TypeScriptTestSupportKt.errorsMatchBaseline(TypeScriptTestSupport.kt:135)
  at com.xemantic.typescript.compiler.TypeScriptCompilerTests_C.cloduleTest2_ts has expected errors matching cloduleTest2_errors_txt(TypeScriptCompilerTests_C.kt:3164)
  at java.base/jdk.internal.reflect.DirectMethodHandleAccessor.invoke(DirectMethodHandleAccessor.java:104)
  at java.base/java.lang.reflect.Method.invoke(Method.java:565)
  at org.junit.runners.model.FrameworkMethod$1.runReflectiveCall(FrameworkMethod.java:59)
  at org.junit.internal.runners.model.ReflectiveCallable.run(ReflectiveCallable.java:12)
  at org.junit.runners.model.FrameworkMethod.invokeExplosively(FrameworkMethod.java:56)
  at org.junit.internal.runners.statements.InvokeMethod.evaluate(InvokeMethod.java:17)
  at org.junit.runners.ParentRunner$3.evaluate(ParentRunner.java:306)
  at org.junit.runners.BlockJUnit4ClassRunner$1.evaluate(BlockJUnit4ClassRunner.java:100)
  at org.junit.runners.ParentRunner.runLeaf(ParentRunner.java:366)
  at org.junit.runners.BlockJUnit4ClassRunner.runChild(BlockJUnit4ClassRunner.java:103)
  at org.junit.runners.BlockJUnit4ClassRunner.runChild(BlockJUnit4ClassRunner.java:63)
  at org.junit.runners.ParentRunner$4.run(ParentRunner.java:331)
  at org.junit.runners.ParentRunner$1.schedule(ParentRunner.java:79)
  at org.junit.runners.ParentRunner.runChildren(ParentRunner.java:329)
  at org.junit.runners.ParentRunner.access$100(ParentRunner.java:66)
  at org.junit.runners.ParentRunner$2.evaluate(ParentRunner.java:293)
  at org.junit.runners.ParentRunner$3.evaluate(ParentRunner.java:306)
  at org.junit.runners.ParentRunner.run(ParentRunner.java:413)
  at org.junit.runner.JUnitCore.run(JUnitCore.java:137)
  at org.junit.runner.JUnitCore.run(JUnitCore.java:115)
  at org.gradle.api.internal.tasks.testing.junit.JUnitTestExecutor.runRequest(JUnitTestExecutor.java:175)
  at org.gradle.api.internal.tasks.testing.junit.JUnitTestExecutor.accept(JUnitTestExecutor.java:84)
  at org.gradle.api.internal.tasks.testing.junit.JUnitTestExecutor.accept(JUnitTestExecutor.java:47)
  at org.gradle.api.internal.tasks.testing.junit.AbstractJUnitTestDefinitionProcessor.processTestDefinition(AbstractJUnitTestDefinitionProcessor.java:65)
  at org.gradle.api.internal.tasks.testing.SuiteTestDefinitionProcessor.processTestDefinition(SuiteTestDefinitionProcessor.java:54)
  at java.base/jdk.internal.reflect.DirectMethodHandleAccessor.invoke(DirectMethodHandleAccessor.java:104)
  at java.base/java.lang.reflect.Method.invoke(Method.java:565)
  at org.gradle.internal.dispatch.MethodInvocation.invokeOn(MethodInvocation.java:77)
  at org.gradle.internal.dispatch.ReflectionDispatch.dispatch(ReflectionDispatch.java:28)
  at org.gradle.internal.dispatch.ReflectionDispatch.dispatch(ReflectionDispatch.java:19)
  at org.gradle.internal.dispatch.ContextClassLoaderDispatch.dispatch(ContextClassLoaderDispatch.java:33)
  at org.gradle.internal.dispatch.ProxyDispatchAdapter$DispatchingInvocationHandler.invoke(ProxyDispatchAdapter.java:88)
  at jdk.proxy1/jdk.proxy1.$Proxy4.processTestDefinition(Unknown Source)
  at org.gradle.api.internal.tasks.testing.worker.TestWorker$2.run(TestWorker.java:178)
  at org.gradle.api.internal.tasks.testing.worker.TestWorker.executeAndMaintainThreadName(TestWorker.java:126)
  at org.gradle.api.internal.tasks.testing.worker.TestWorker.execute(TestWorker.java:103)
  at org.gradle.api.internal.tasks.testing.worker.TestWorker.execute(TestWorker.java:63)
  at org.gradle.process.internal.worker.child.ActionExecutionWorker.execute(ActionExecutionWorker.java:56)
  at org.gradle.process.internal.worker.child.SystemApplicationClassLoaderWorker.call(SystemApplicationClassLoaderWorker.java:122)
  at org.gradle.process.internal.worker.child.SystemApplicationClassLoaderWorker.call(SystemApplicationClassLoaderWorker.java:72)
  at worker.org.gradle.process.internal.worker.GradleWorkerMain.run(GradleWorkerMain.java:69)
  at worker.org.gradle.process.internal.worker.GradleWorkerMain.main(GradleWorkerMain.java:74)
</stacktrace>
</test-failure>


TypeScriptCompilerTests_C[jvm] > cloduleTest2_ts has expected errors matching cloduleTest2_errors_txt[jvm] FAILED

<test-failure test="com.xemantic.typescript.compiler.TypeScriptCompilerTests_C.classMemberInitializerScoping2_ts__target_es2017_usedefineforclassfields_true__compiles to JavaScript matching baseline" platform="jvm">
<message>
--- expected
+++ actual
@@ -12,12 +12,6 @@
 "use strict";
 const x = 1;
 class C {
-    constructor(x) {
-        Object.defineProperty(this, "p", {
-            enumerable: true,
-            configurable: true,
-            writable: true,
-            value: x
-        });
-    }
+    p = x;
+    constructor(x) { }
 }

</message>
<stacktrace>
  at org.junit.Assert.fail(Assert.java:89)
  at kotlin.test.junit.JUnitAsserter.fail(JUnitSupport.kt:56)
  at kotlin.test.AssertionsKt__AssertionsKt.fail(Assertions.kt:563)
  at kotlin.test.AssertionsKt.fail(Unknown Source)
  at com.xemantic.kotlin.test.SameAsKt.sameAs(SameAs.kt:52)
  at com.xemantic.typescript.compiler.TypeScriptTestSupportKt.sameAs(TypeScriptTestSupport.kt:99)
  at com.xemantic.typescript.compiler.TypeScriptCompilerTests_C.classMemberInitializerScoping2_ts__target_es2017_usedefineforclassfields_true__compiles to JavaScript matching baseline(TypeScriptCompilerTests_C.kt:2583)
  at java.base/jdk.internal.reflect.DirectMethodHandleAccessor.invoke(DirectMethodHandleAccessor.java:104)
  at java.base/java.lang.reflect.Method.invoke(Method.java:565)
  at org.junit.runners.model.FrameworkMethod$1.runReflectiveCall(FrameworkMethod.java:59)
  at org.junit.internal.runners.model.ReflectiveCallable.run(ReflectiveCallable.java:12)
  at org.junit.runners.model.FrameworkMethod.invokeExplosively(FrameworkMethod.java:56)
  at org.junit.internal.runners.statements.InvokeMethod.evaluate(InvokeMethod.java:17)
  at org.junit.runners.ParentRunner$3.evaluate(ParentRunner.java:306)
  at org.junit.runners.BlockJUnit4ClassRunner$1.evaluate(BlockJUnit4ClassRunner.java:100)
  at org.junit.runners.ParentRunner.runLeaf(ParentRunner.java:366)
  at org.junit.runners.BlockJUnit4ClassRunner.runChild(BlockJUnit4ClassRunner.java:103)
  at org.junit.runners.BlockJUnit4ClassRunner.runChild(BlockJUnit4ClassRunner.java:63)
  at org.junit.runners.ParentRunner$4.run(ParentRunner.java:331)
  at org.junit.runners.ParentRunner$1.schedule(ParentRunner.java:79)
  at org.junit.runners.ParentRunner.runChildren(ParentRunner.java:329)
  at org.junit.runners.ParentRunner.access$100(ParentRunner.java:66)
  at org.junit.runners.ParentRunner$2.evaluate(ParentRunner.java:293)
  at org.junit.runners.ParentRunner$3.evaluate(ParentRunner.java:306)
  at org.junit.runners.ParentRunner.run(ParentRunner.java:413)
  at org.junit.runner.JUnitCore.run(JUnitCore.java:137)
  at org.junit.runner.JUnitCore.run(JUnitCore.java:115)
  at org.gradle.api.internal.tasks.testing.junit.JUnitTestExecutor.runRequest(JUnitTestExecutor.java:175)
  at org.gradle.api.internal.tasks.testing.junit.JUnitTestExecutor.accept(JUnitTestExecutor.java:84)
  at org.gradle.api.internal.tasks.testing.junit.JUnitTestExecutor.accept(JUnitTestExecutor.java:47)
  at org.gradle.api.internal.tasks.testing.junit.AbstractJUnitTestDefinitionProcessor.processTestDefinition(AbstractJUnitTestDefinitionProcessor.java:65)
  at org.gradle.api.internal.tasks.testing.SuiteTestDefinitionProcessor.processTestDefinition(SuiteTestDefinitionProcessor.java:54)
  at java.base/jdk.internal.reflect.DirectMethodHandleAccessor.invoke(DirectMethodHandleAccessor.java:104)
  at java.base/java.lang.reflect.Method.invoke(Method.java:565)
  at org.gradle.internal.dispatch.MethodInvocation.invokeOn(MethodInvocation.java:77)
  at org.gradle.internal.dispatch.ReflectionDispatch.dispatch(ReflectionDispatch.java:28)
  at org.gradle.internal.dispatch.ReflectionDispatch.dispatch(ReflectionDispatch.java:19)
  at org.gradle.internal.dispatch.ContextClassLoaderDispatch.dispatch(ContextClassLoaderDispatch.java:33)
  at org.gradle.internal.dispatch.ProxyDispatchAdapter$DispatchingInvocationHandler.invoke(ProxyDispatchAdapter.java:88)
  at jdk.proxy1/jdk.proxy1.$Proxy4.processTestDefinition(Unknown Source)
  at org.gradle.api.internal.tasks.testing.worker.TestWorker$2.run(TestWorker.java:178)
  at org.gradle.api.internal.tasks.testing.worker.TestWorker.executeAndMaintainThreadName(TestWorker.java:126)
  at org.gradle.api.internal.tasks.testing.worker.TestWorker.execute(TestWorker.java:103)
  at org.gradle.api.internal.tasks.testing.worker.TestWorker.execute(TestWorker.java:63)
  at org.gradle.process.internal.worker.child.ActionExecutionWorker.execute(ActionExecutionWorker.java:56)
  at org.gradle.process.internal.worker.child.SystemApplicationClassLoaderWorker.call(SystemApplicationClassLoaderWorker.java:122)
  at org.gradle.process.internal.worker.child.SystemApplicationClassLoaderWorker.call(SystemApplicationClassLoaderWorker.java:72)
  at worker.org.gradle.process.internal.worker.GradleWorkerMain.run(GradleWorkerMain.java:69)
  at worker.org.gradle.process.internal.worker.GradleWorkerMain.main(GradleWorkerMain.java:74)
</stacktrace>
</test-failure>


TypeScriptCompilerTests_C[jvm] > classMemberInitializerScoping2_ts__target_es2017_usedefineforclassfields_true__compiles to JavaScript matching baseline[jvm] FAILED

<test-failure test="com.xemantic.typescript.compiler.TypeScriptCompilerTests_C.checkJsFiles3_ts has expected errors matching checkJsFiles3_errors_txt" platform="jvm">
<message>
Expected diagnostics from baseline typescript-repo/tests/baselines/reference/checkJsFiles3.errors.txt but none produced
</message>
<stacktrace>
  at com.xemantic.typescript.compiler.TypeScriptTestSupportKt.errorsMatchBaseline(TypeScriptTestSupport.kt:125)
  at com.xemantic.typescript.compiler.TypeScriptCompilerTests_C.checkJsFiles3_ts has expected errors matching checkJsFiles3_errors_txt(TypeScriptCompilerTests_C.kt:1218)
  at java.base/jdk.internal.reflect.DirectMethodHandleAccessor.invoke(DirectMethodHandleAccessor.java:104)
  at java.base/java.lang.reflect.Method.invoke(Method.java:565)
  at org.junit.runners.model.FrameworkMethod$1.runReflectiveCall(FrameworkMethod.java:59)
  at org.junit.internal.runners.model.ReflectiveCallable.run(ReflectiveCallable.java:12)
  at org.junit.runners.model.FrameworkMethod.invokeExplosively(FrameworkMethod.java:56)
  at org.junit.internal.runners.statements.InvokeMethod.evaluate(InvokeMethod.java:17)
  at org.junit.runners.ParentRunner$3.evaluate(ParentRunner.java:306)
  at org.junit.runners.BlockJUnit4ClassRunner$1.evaluate(BlockJUnit4ClassRunner.java:100)
  at org.junit.runners.ParentRunner.runLeaf(ParentRunner.java:366)
  at org.junit.runners.BlockJUnit4ClassRunner.runChild(BlockJUnit4ClassRunner.java:103)
  at org.junit.runners.BlockJUnit4ClassRunner.runChild(BlockJUnit4ClassRunner.java:63)
  at org.junit.runners.ParentRunner$4.run(ParentRunner.java:331)
  at org.junit.runners.ParentRunner$1.schedule(ParentRunner.java:79)
  at org.junit.runners.ParentRunner.runChildren(ParentRunner.java:329)
  at org.junit.runners.ParentRunner.access$100(ParentRunner.java:66)
  at org.junit.runners.ParentRunner$2.evaluate(ParentRunner.java:293)
  at org.junit.runners.ParentRunner$3.evaluate(ParentRunner.java:306)
  at org.junit.runners.ParentRunner.run(ParentRunner.java:413)
  at org.junit.runner.JUnitCore.run(JUnitCore.java:137)
  at org.junit.runner.JUnitCore.run(JUnitCore.java:115)
  at org.gradle.api.internal.tasks.testing.junit.JUnitTestExecutor.runRequest(JUnitTestExecutor.java:175)
  at org.gradle.api.internal.tasks.testing.junit.JUnitTestExecutor.accept(JUnitTestExecutor.java:84)
  at org.gradle.api.internal.tasks.testing.junit.JUnitTestExecutor.accept(JUnitTestExecutor.java:47)
  at org.gradle.api.internal.tasks.testing.junit.AbstractJUnitTestDefinitionProcessor.processTestDefinition(AbstractJUnitTestDefinitionProcessor.java:65)
  at org.gradle.api.internal.tasks.testing.SuiteTestDefinitionProcessor.processTestDefinition(SuiteTestDefinitionProcessor.java:54)
  at java.base/jdk.internal.reflect.DirectMethodHandleAccessor.invoke(DirectMethodHandleAccessor.java:104)
  at java.base/java.lang.reflect.Method.invoke(Method.java:565)
  at org.gradle.internal.dispatch.MethodInvocation.invokeOn(MethodInvocation.java:77)
  at org.gradle.internal.dispatch.ReflectionDispatch.dispatch(ReflectionDispatch.java:28)
  at org.gradle.internal.dispatch.ReflectionDispatch.dispatch(ReflectionDispatch.java:19)
  at org.gradle.internal.dispatch.ContextClassLoaderDispatch.dispatch(ContextClassLoaderDispatch.java:33)
  at org.gradle.internal.dispatch.ProxyDispatchAdapter$DispatchingInvocationHandler.invoke(ProxyDispatchAdapter.java:88)
  at jdk.proxy1/jdk.proxy1.$Proxy4.processTestDefinition(Unknown Source)
  at org.gradle.api.internal.tasks.testing.worker.TestWorker$2.run(TestWorker.java:178)
  at org.gradle.api.internal.tasks.testing.worker.TestWorker.executeAndMaintainThreadName(TestWorker.java:126)
  at org.gradle.api.internal.tasks.testing.worker.TestWorker.execute(TestWorker.java:103)
  at org.gradle.api.internal.tasks.testing.worker.TestWorker.execute(TestWorker.java:63)
  at org.gradle.process.internal.worker.child.ActionExecutionWorker.execute(ActionExecutionWorker.java:56)
  at org.gradle.process.internal.worker.child.SystemApplicationClassLoaderWorker.call(SystemApplicationClassLoaderWorker.java:122)
  at org.gradle.process.internal.worker.child.SystemApplicationClassLoaderWorker.call(SystemApplicationClassLoaderWorker.java:72)
  at worker.org.gradle.process.internal.worker.GradleWorkerMain.run(GradleWorkerMain.java:69)
  at worker.org.gradle.process.internal.worker.GradleWorkerMain.main(GradleWorkerMain.java:74)
</stacktrace>
</test-failure>


TypeScriptCompilerTests_C[jvm] > checkJsFiles3_ts has expected errors matching checkJsFiles3_errors_txt[jvm] FAILED

<test-failure test="com.xemantic.typescript.compiler.TypeScriptCompilerTests_C.crashRegressionTest_ts has expected errors matching crashRegressionTest_errors_txt" platform="jvm">
<message>
Expected diagnostics from baseline typescript-repo/tests/baselines/reference/crashRegressionTest.errors.txt but none produced
</message>
<stacktrace>
  at com.xemantic.typescript.compiler.TypeScriptTestSupportKt.errorsMatchBaseline(TypeScriptTestSupport.kt:125)
  at com.xemantic.typescript.compiler.TypeScriptCompilerTests_C.crashRegressionTest_ts has expected errors matching crashRegressionTest_errors_txt(TypeScriptCompilerTests_C.kt:8876)
  at java.base/jdk.internal.reflect.DirectMethodHandleAccessor.invoke(DirectMethodHandleAccessor.java:104)
  at java.base/java.lang.reflect.Method.invoke(Method.java:565)
  at org.junit.runners.model.FrameworkMethod$1.runReflectiveCall(FrameworkMethod.java:59)
  at org.junit.internal.runners.model.ReflectiveCallable.run(ReflectiveCallable.java:12)
  at org.junit.runners.model.FrameworkMethod.invokeExplosively(FrameworkMethod.java:56)
  at org.junit.internal.runners.statements.InvokeMethod.evaluate(InvokeMethod.java:17)
  at org.junit.runners.ParentRunner$3.evaluate(ParentRunner.java:306)
  at org.junit.runners.BlockJUnit4ClassRunner$1.evaluate(BlockJUnit4ClassRunner.java:100)
  at org.junit.runners.ParentRunner.runLeaf(ParentRunner.java:366)
  at org.junit.runners.BlockJUnit4ClassRunner.runChild(BlockJUnit4ClassRunner.java:103)
  at org.junit.runners.BlockJUnit4ClassRunner.runChild(BlockJUnit4ClassRunner.java:63)
  at org.junit.runners.ParentRunner$4.run(ParentRunner.java:331)
  at org.junit.runners.ParentRunner$1.schedule(ParentRunner.java:79)
  at org.junit.runners.ParentRunner.runChildren(ParentRunner.java:329)
  at org.junit.runners.ParentRunner.access$100(ParentRunner.java:66)
  at org.junit.runners.ParentRunner$2.evaluate(ParentRunner.java:293)
  at org.junit.runners.ParentRunner$3.evaluate(ParentRunner.java:306)
  at org.junit.runners.ParentRunner.run(ParentRunner.java:413)
  at org.junit.runner.JUnitCore.run(JUnitCore.java:137)
  at org.junit.runner.JUnitCore.run(JUnitCore.java:115)
  at org.gradle.api.internal.tasks.testing.junit.JUnitTestExecutor.runRequest(JUnitTestExecutor.java:175)
  at org.gradle.api.internal.tasks.testing.junit.JUnitTestExecutor.accept(JUnitTestExecutor.java:84)
  at org.gradle.api.internal.tasks.testing.junit.JUnitTestExecutor.accept(JUnitTestExecutor.java:47)
  at org.gradle.api.internal.tasks.testing.junit.AbstractJUnitTestDefinitionProcessor.processTestDefinition(AbstractJUnitTestDefinitionProcessor.java:65)
  at org.gradle.api.internal.tasks.testing.SuiteTestDefinitionProcessor.processTestDefinition(SuiteTestDefinitionProcessor.java:54)
  at java.base/jdk.internal.reflect.DirectMethodHandleAccessor.invoke(DirectMethodHandleAccessor.java:104)
  at java.base/java.lang.reflect.Method.invoke(Method.java:565)
  at org.gradle.internal.dispatch.MethodInvocation.invokeOn(MethodInvocation.java:77)
  at org.gradle.internal.dispatch.ReflectionDispatch.dispatch(ReflectionDispatch.java:28)
  at org.gradle.internal.dispatch.ReflectionDispatch.dispatch(ReflectionDispatch.java:19)
  at org.gradle.internal.dispatch.ContextClassLoaderDispatch.dispatch(ContextClassLoaderDispatch.java:33)
  at org.gradle.internal.dispatch.ProxyDispatchAdapter$DispatchingInvocationHandler.invoke(ProxyDispatchAdapter.java:88)
  at jdk.proxy1/jdk.proxy1.$Proxy4.processTestDefinition(Unknown Source)
  at org.gradle.api.internal.tasks.testing.worker.TestWorker$2.run(TestWorker.java:178)
  at org.gradle.api.internal.tasks.testing.worker.TestWorker.executeAndMaintainThreadName(TestWorker.java:126)
  at org.gradle.api.internal.tasks.testing.worker.TestWorker.execute(TestWorker.java:103)
  at org.gradle.api.internal.tasks.testing.worker.TestWorker.execute(TestWorker.java:63)
  at org.gradle.process.internal.worker.child.ActionExecutionWorker.execute(ActionExecutionWorker.java:56)
  at org.gradle.process.internal.worker.child.SystemApplicationClassLoaderWorker.call(SystemApplicationClassLoaderWorker.java:122)
  at org.gradle.process.internal.worker.child.SystemApplicationClassLoaderWorker.call(SystemApplicationClassLoaderWorker.java:72)
  at worker.org.gradle.process.internal.worker.GradleWorkerMain.run(GradleWorkerMain.java:69)
  at worker.org.gradle.process.internal.worker.GradleWorkerMain.main(GradleWorkerMain.java:74)
</stacktrace>
</test-failure>


TypeScriptCompilerTests_C[jvm] > crashRegressionTest_ts has expected errors matching crashRegressionTest_errors_txt[jvm] FAILED

<test-failure test="com.xemantic.typescript.compiler.TypeScriptCompilerTests_C.corrupted_ts has expected errors matching corrupted_errors_txt" platform="jvm">
<message>
--- expected
+++ actual
@@ -1,7 +1,28 @@
-corrupted.ts(1,1): error TS1490: File appears to be binary.
+corrupted.ts(1,1): error TS1127: Invalid character.
+corrupted.ts(1,2): error TS1127: Invalid character.
+corrupted.ts(1,3): error TS1127: Invalid character.
+corrupted.ts(1,4): error TS1127: Invalid character.
+corrupted.ts(1,5): error TS1127: Invalid character.
+corrupted.ts(1,6): error TS1127: Invalid character.
+corrupted.ts(1,7): error TS1127: Invalid character.
+corrupted.ts(1,8): error TS1127: Invalid character.
 
 
-==== corrupted.ts (1 errors) ====
+==== corrupted.ts (8 errors) ====
     ���
     
-!!! error TS1490: File appears to be binary.
+!!! error TS1127: Invalid character.
+     
+!!! error TS1127: Invalid character.
+      
+!!! error TS1127: Invalid character.
+       
+!!! error TS1127: Invalid character.
+        
+!!! error TS1127: Invalid character.
+         
+!!! error TS1127: Invalid character.
+          
+!!! error TS1127: Invalid character.
+           
+!!! error TS1127: Invalid character.

</message>
<stacktrace>
  at org.junit.Assert.fail(Assert.java:89)
  at kotlin.test.junit.JUnitAsserter.fail(JUnitSupport.kt:56)
  at kotlin.test.AssertionsKt__AssertionsKt.fail(Assertions.kt:563)
  at kotlin.test.AssertionsKt.fail(Unknown Source)
  at com.xemantic.kotlin.test.SameAsKt.sameAs(SameAs.kt:52)
  at com.xemantic.typescript.compiler.TypeScriptTestSupportKt.errorsMatchBaseline(TypeScriptTestSupport.kt:135)
  at com.xemantic.typescript.compiler.TypeScriptCompilerTests_C.corrupted_ts has expected errors matching corrupted_errors_txt(TypeScriptCompilerTests_C.kt:8715)
  at java.base/jdk.internal.reflect.DirectMethodHandleAccessor.invoke(DirectMethodHandleAccessor.java:104)
  at java.base/java.lang.reflect.Method.invoke(Method.java:565)
  at org.junit.runners.model.FrameworkMethod$1.runReflectiveCall(FrameworkMethod.java:59)
  at org.junit.internal.runners.model.ReflectiveCallable.run(ReflectiveCallable.java:12)
  at org.junit.runners.model.FrameworkMethod.invokeExplosively(FrameworkMethod.java:56)
  at org.junit.internal.runners.statements.InvokeMethod.evaluate(InvokeMethod.java:17)
  at org.junit.runners.ParentRunner$3.evaluate(ParentRunner.java:306)
  at org.junit.runners.BlockJUnit4ClassRunner$1.evaluate(BlockJUnit4ClassRunner.java:100)
  at org.junit.runners.ParentRunner.runLeaf(ParentRunner.java:366)
  at org.junit.runners.BlockJUnit4ClassRunner.runChild(BlockJUnit4ClassRunner.java:103)
  at org.junit.runners.BlockJUnit4ClassRunner.runChild(BlockJUnit4ClassRunner.java:63)
  at org.junit.runners.ParentRunner$4.run(ParentRunner.java:331)
  at org.junit.runners.ParentRunner$1.schedule(ParentRunner.java:79)
  at org.junit.runners.ParentRunner.runChildren(ParentRunner.java:329)
  at org.junit.runners.ParentRunner.access$100(ParentRunner.java:66)
  at org.junit.runners.ParentRunner$2.evaluate(ParentRunner.java:293)
  at org.junit.runners.ParentRunner$3.evaluate(ParentRunner.java:306)
  at org.junit.runners.ParentRunner.run(ParentRunner.java:413)
  at org.junit.runner.JUnitCore.run(JUnitCore.java:137)
  at org.junit.runner.JUnitCore.run(JUnitCore.java:115)
  at org.gradle.api.internal.tasks.testing.junit.JUnitTestExecutor.runRequest(JUnitTestExecutor.java:175)
  at org.gradle.api.internal.tasks.testing.junit.JUnitTestExecutor.accept(JUnitTestExecutor.java:84)
  at org.gradle.api.internal.tasks.testing.junit.JUnitTestExecutor.accept(JUnitTestExecutor.java:47)
  at org.gradle.api.internal.tasks.testing.junit.AbstractJUnitTestDefinitionProcessor.processTestDefinition(AbstractJUnitTestDefinitionProcessor.java:65)
  at org.gradle.api.internal.tasks.testing.SuiteTestDefinitionProcessor.processTestDefinition(SuiteTestDefinitionProcessor.java:54)
  at java.base/jdk.internal.reflect.DirectMethodHandleAccessor.invoke(DirectMethodHandleAccessor.java:104)
  at java.base/java.lang.reflect.Method.invoke(Method.java:565)
  at org.gradle.internal.dispatch.MethodInvocation.invokeOn(MethodInvocation.java:77)
  at org.gradle.internal.dispatch.ReflectionDispatch.dispatch(ReflectionDispatch.java:28)
  at org.gradle.internal.dispatch.ReflectionDispatch.dispatch(ReflectionDispatch.java:19)
  at org.gradle.internal.dispatch.ContextClassLoaderDispatch.dispatch(ContextClassLoaderDispatch.java:33)
  at org.gradle.internal.dispatch.ProxyDispatchAdapter$DispatchingInvocationHandler.invoke(ProxyDispatchAdapter.java:88)
  at jdk.proxy1/jdk.proxy1.$Proxy4.processTestDefinition(Unknown Source)
  at org.gradle.api.internal.tasks.testing.worker.TestWorker$2.run(TestWorker.java:178)
  at org.gradle.api.internal.tasks.testing.worker.TestWorker.executeAndMaintainThreadName(TestWorker.java:126)
  at org.gradle.api.internal.tasks.testing.worker.TestWorker.execute(TestWorker.java:103)
  at org.gradle.api.internal.tasks.testing.worker.TestWorker.execute(TestWorker.java:63)
  at org.gradle.process.internal.worker.child.ActionExecutionWorker.execute(ActionExecutionWorker.java:56)
  at org.gradle.process.internal.worker.child.SystemApplicationClassLoaderWorker.call(SystemApplicationClassLoaderWorker.java:122)
  at org.gradle.process.internal.worker.child.SystemApplicationClassLoaderWorker.call(SystemApplicationClassLoaderWorker.java:72)
  at worker.org.gradle.process.internal.worker.GradleWorkerMain.run(GradleWorkerMain.java:69)
  at worker.org.gradle.process.internal.worker.GradleWorkerMain.main(GradleWorkerMain.java:74)
</stacktrace>
</test-failure>


TypeScriptCompilerTests_C[jvm] > corrupted_ts has expected errors matching corrupted_errors_txt[jvm] FAILED

<test-failure test="com.xemantic.typescript.compiler.TypeScriptCompilerTests_C.consistentAliasVsNonAliasRecordBehavior_ts has expected errors matching consistentAliasVsNonAliasRecordBehavior_errors_txt" platform="jvm">
<message>
Expected diagnostics from baseline typescript-repo/tests/baselines/reference/consistentAliasVsNonAliasRecordBehavior.errors.txt but none produced
</message>
<stacktrace>
  at com.xemantic.typescript.compiler.TypeScriptTestSupportKt.errorsMatchBaseline(TypeScriptTestSupport.kt:125)
  at com.xemantic.typescript.compiler.TypeScriptCompilerTests_C.consistentAliasVsNonAliasRecordBehavior_ts has expected errors matching consistentAliasVsNonAliasRecordBehavior_errors_txt(TypeScriptCompilerTests_C.kt:6013)
  at java.base/jdk.internal.reflect.DirectMethodHandleAccessor.invoke(DirectMethodHandleAccessor.java:104)
  at java.base/java.lang.reflect.Method.invoke(Method.java:565)
  at org.junit.runners.model.FrameworkMethod$1.runReflectiveCall(FrameworkMethod.java:59)
  at org.junit.internal.runners.model.ReflectiveCallable.run(ReflectiveCallable.java:12)
  at org.junit.runners.model.FrameworkMethod.invokeExplosively(FrameworkMethod.java:56)
  at org.junit.internal.runners.statements.InvokeMethod.evaluate(InvokeMethod.java:17)
  at org.junit.runners.ParentRunner$3.evaluate(ParentRunner.java:306)
  at org.junit.runners.BlockJUnit4ClassRunner$1.evaluate(BlockJUnit4ClassRunner.java:100)
  at org.junit.runners.ParentRunner.runLeaf(ParentRunner.java:366)
  at org.junit.runners.BlockJUnit4ClassRunner.runChild(BlockJUnit4ClassRunner.java:103)
  at org.junit.runners.BlockJUnit4ClassRunner.runChild(BlockJUnit4ClassRunner.java:63)
  at org.junit.runners.ParentRunner$4.run(ParentRunner.java:331)
  at org.junit.runners.ParentRunner$1.schedule(ParentRunner.java:79)
  at org.junit.runners.ParentRunner.runChildren(ParentRunner.java:329)
  at org.junit.runners.ParentRunner.access$100(ParentRunner.java:66)
  at org.junit.runners.ParentRunner$2.evaluate(ParentRunner.java:293)
  at org.junit.runners.ParentRunner$3.evaluate(ParentRunner.java:306)
  at org.junit.runners.ParentRunner.run(ParentRunner.java:413)
  at org.junit.runner.JUnitCore.run(JUnitCore.java:137)
  at org.junit.runner.JUnitCore.run(JUnitCore.java:115)
  at org.gradle.api.internal.tasks.testing.junit.JUnitTestExecutor.runRequest(JUnitTestExecutor.java:175)
  at org.gradle.api.internal.tasks.testing.junit.JUnitTestExecutor.accept(JUnitTestExecutor.java:84)
  at org.gradle.api.internal.tasks.testing.junit.JUnitTestExecutor.accept(JUnitTestExecutor.java:47)
  at org.gradle.api.internal.tasks.testing.junit.AbstractJUnitTestDefinitionProcessor.processTestDefinition(AbstractJUnitTestDefinitionProcessor.java:65)
  at org.gradle.api.internal.tasks.testing.SuiteTestDefinitionProcessor.processTestDefinition(SuiteTestDefinitionProcessor.java:54)
  at java.base/jdk.internal.reflect.DirectMethodHandleAccessor.invoke(DirectMethodHandleAccessor.java:104)
  at java.base/java.lang.reflect.Method.invoke(Method.java:565)
  at org.gradle.internal.dispatch.MethodInvocation.invokeOn(MethodInvocation.java:77)
  at org.gradle.internal.dispatch.ReflectionDispatch.dispatch(ReflectionDispatch.java:28)
  at org.gradle.internal.dispatch.ReflectionDispatch.dispatch(ReflectionDispatch.java:19)
  at org.gradle.internal.dispatch.ContextClassLoaderDispatch.dispatch(ContextClassLoaderDispatch.java:33)
  at org.gradle.internal.dispatch.ProxyDispatchAdapter$DispatchingInvocationHandler.invoke(ProxyDispatchAdapter.java:88)
  at jdk.proxy1/jdk.proxy1.$Proxy4.processTestDefinition(Unknown Source)
  at org.gradle.api.internal.tasks.testing.worker.TestWorker$2.run(TestWorker.java:178)
  at org.gradle.api.internal.tasks.testing.worker.TestWorker.executeAndMaintainThreadName(TestWorker.java:126)
  at org.gradle.api.internal.tasks.testing.worker.TestWorker.execute(TestWorker.java:103)
  at org.gradle.api.internal.tasks.testing.worker.TestWorker.execute(TestWorker.java:63)
  at org.gradle.process.internal.worker.child.ActionExecutionWorker.execute(ActionExecutionWorker.java:56)
  at org.gradle.process.internal.worker.child.SystemApplicationClassLoaderWorker.call(SystemApplicationClassLoaderWorker.java:122)
  at org.gradle.process.internal.worker.child.SystemApplicationClassLoaderWorker.call(SystemApplicationClassLoaderWorker.java:72)
  at worker.org.gradle.process.internal.worker.GradleWorkerMain.run(GradleWorkerMain.java:69)
  at worker.org.gradle.process.internal.worker.GradleWorkerMain.main(GradleWorkerMain.java:74)
</stacktrace>
</test-failure>


TypeScriptCompilerTests_C[jvm] > consistentAliasVsNonAliasRecordBehavior_ts has expected errors matching consistentAliasVsNonAliasRecordBehavior_errors_txt[jvm] FAILED

<test-failure test="com.xemantic.typescript.compiler.TypeScriptCompilerTests_C.contextualTyping5_ts has expected errors matching contextualTyping5_errors_txt" platform="jvm">
<message>
Expected diagnostics from baseline typescript-repo/tests/baselines/reference/contextualTyping5.errors.txt but none produced
</message>
<stacktrace>
  at com.xemantic.typescript.compiler.TypeScriptTestSupportKt.errorsMatchBaseline(TypeScriptTestSupport.kt:125)
  at com.xemantic.typescript.compiler.TypeScriptCompilerTests_C.contextualTyping5_ts has expected errors matching contextualTyping5_errors_txt(TypeScriptCompilerTests_C.kt:7749)
  at java.base/jdk.internal.reflect.DirectMethodHandleAccessor.invoke(DirectMethodHandleAccessor.java:104)
  at java.base/java.lang.reflect.Method.invoke(Method.java:565)
  at org.junit.runners.model.FrameworkMethod$1.runReflectiveCall(FrameworkMethod.java:59)
  at org.junit.internal.runners.model.ReflectiveCallable.run(ReflectiveCallable.java:12)
  at org.junit.runners.model.FrameworkMethod.invokeExplosively(FrameworkMethod.java:56)
  at org.junit.internal.runners.statements.InvokeMethod.evaluate(InvokeMethod.java:17)
  at org.junit.runners.ParentRunner$3.evaluate(ParentRunner.java:306)
  at org.junit.runners.BlockJUnit4ClassRunner$1.evaluate(BlockJUnit4ClassRunner.java:100)
  at org.junit.runners.ParentRunner.runLeaf(ParentRunner.java:366)
  at org.junit.runners.BlockJUnit4ClassRunner.runChild(BlockJUnit4ClassRunner.java:103)
  at org.junit.runners.BlockJUnit4ClassRunner.runChild(BlockJUnit4ClassRunner.java:63)
  at org.junit.runners.ParentRunner$4.run(ParentRunner.java:331)
  at org.junit.runners.ParentRunner$1.schedule(ParentRunner.java:79)
  at org.junit.runners.ParentRunner.runChildren(ParentRunner.java:329)
  at org.junit.runners.ParentRunner.access$100(ParentRunner.java:66)
  at org.junit.runners.ParentRunner$2.evaluate(ParentRunner.java:293)
  at org.junit.runners.ParentRunner$3.evaluate(ParentRunner.java:306)
  at org.junit.runners.ParentRunner.run(ParentRunner.java:413)
  at org.junit.runner.JUnitCore.run(JUnitCore.java:137)
  at org.junit.runner.JUnitCore.run(JUnitCore.java:115)
  at org.gradle.api.internal.tasks.testing.junit.JUnitTestExecutor.runRequest(JUnitTestExecutor.java:175)
  at org.gradle.api.internal.tasks.testing.junit.JUnitTestExecutor.accept(JUnitTestExecutor.java:84)
  at org.gradle.api.internal.tasks.testing.junit.JUnitTestExecutor.accept(JUnitTestExecutor.java:47)
  at org.gradle.api.internal.tasks.testing.junit.AbstractJUnitTestDefinitionProcessor.processTestDefinition(AbstractJUnitTestDefinitionProcessor.java:65)
  at org.gradle.api.internal.tasks.testing.SuiteTestDefinitionProcessor.processTestDefinition(SuiteTestDefinitionProcessor.java:54)
  at java.base/jdk.internal.reflect.DirectMethodHandleAccessor.invoke(DirectMethodHandleAccessor.java:104)
  at java.base/java.lang.reflect.Method.invoke(Method.java:565)
  at org.gradle.internal.dispatch.MethodInvocation.invokeOn(MethodInvocation.java:77)
  at org.gradle.internal.dispatch.ReflectionDispatch.dispatch(ReflectionDispatch.java:28)
  at org.gradle.internal.dispatch.ReflectionDispatch.dispatch(ReflectionDispatch.java:19)
  at org.gradle.internal.dispatch.ContextClassLoaderDispatch.dispatch(ContextClassLoaderDispatch.java:33)
  at org.gradle.internal.dispatch.ProxyDispatchAdapter$DispatchingInvocationHandler.invoke(ProxyDispatchAdapter.java:88)
  at jdk.proxy1/jdk.proxy1.$Proxy4.processTestDefinition(Unknown Source)
  at org.gradle.api.internal.tasks.testing.worker.TestWorker$2.run(TestWorker.java:178)
  at org.gradle.api.internal.tasks.testing.worker.TestWorker.executeAndMaintainThreadName(TestWorker.java:126)
  at org.gradle.api.internal.tasks.testing.worker.TestWorker.execute(TestWorker.java:103)
  at org.gradle.api.internal.tasks.testing.worker.TestWorker.execute(TestWorker.java:63)
  at org.gradle.process.internal.worker.child.ActionExecutionWorker.execute(ActionExecutionWorker.java:56)
  at org.gradle.process.internal.worker.child.SystemApplicationClassLoaderWorker.call(SystemApplicationClassLoaderWorker.java:122)
  at org.gradle.process.internal.worker.child.SystemApplicationClassLoaderWorker.call(SystemApplicationClassLoaderWorker.java:72)
  at worker.org.gradle.process.internal.worker.GradleWorkerMain.run(GradleWorkerMain.java:69)
  at worker.org.gradle.process.internal.worker.GradleWorkerMain.main(GradleWorkerMain.java:74)
</stacktrace>
</test-failure>


TypeScriptCompilerTests_C[jvm] > contextualTyping5_ts has expected errors matching contextualTyping5_errors_txt[jvm] FAILED

<test-failure test="com.xemantic.typescript.compiler.TypeScriptCompilerTests_C.checkIndexConstraintOfJavascriptClassExpression_ts has expected errors matching checkIndexConstraintOfJavascriptClassExpression_errors_txt" platform="jvm">
<message>
--- expected
+++ actual
@@ -1,17 +1,13 @@
 error TS5101: Option 'outFile' is deprecated and will stop functioning in TypeScript 7.0. Specify compilerOption '"ignoreDeprecations": "6.0"' to silence this error.
 weird.js(1,1): error TS2552: Cannot find name 'someFunction'. Did you mean 'Function'?
-weird.js(1,23): error TS7006: Parameter 'BaseClass' implicitly has an 'any' type.
 weird.js(9,17): error TS7006: Parameter 'error' implicitly has an 'any' type.
 
 
 !!! error TS5101: Option 'outFile' is deprecated and will stop functioning in TypeScript 7.0. Specify compilerOption '"ignoreDeprecations": "6.0"' to silence this error.
-==== weird.js (3 errors) ====
+==== weird.js (2 errors) ====
     someFunction(function(BaseClass) {
     ~~~~~~~~~~~~
 !!! error TS2552: Cannot find name 'someFunction'. Did you mean 'Function'?
-!!! related TS2728 lib.es5.d.ts:--:--: 'Function' is declared here.
-                          ~~~~~~~~~
-!!! error TS7006: Parameter 'BaseClass' implicitly has an 'any' type.
         'use strict';
         const DEFAULT_MESSAGE = "nop!";
         class Hello extends BaseClass {

</message>
<stacktrace>
  at org.junit.Assert.fail(Assert.java:89)
  at kotlin.test.junit.JUnitAsserter.fail(JUnitSupport.kt:56)
  at kotlin.test.AssertionsKt__AssertionsKt.fail(Assertions.kt:563)
  at kotlin.test.AssertionsKt.fail(Unknown Source)
  at com.xemantic.kotlin.test.SameAsKt.sameAs(SameAs.kt:52)
  at com.xemantic.typescript.compiler.TypeScriptTestSupportKt.errorsMatchBaseline(TypeScriptTestSupport.kt:135)
  at com.xemantic.typescript.compiler.TypeScriptCompilerTests_C.checkIndexConstraintOfJavascriptClassExpression_ts has expected errors matching checkIndexConstraintOfJavascriptClassExpression_errors_txt(TypeScriptCompilerTests_C.kt:1169)
  at java.base/jdk.internal.reflect.DirectMethodHandleAccessor.invoke(DirectMethodHandleAccessor.java:104)
  at java.base/java.lang.reflect.Method.invoke(Method.java:565)
  at org.junit.runners.model.FrameworkMethod$1.runReflectiveCall(FrameworkMethod.java:59)
  at org.junit.internal.runners.model.ReflectiveCallable.run(ReflectiveCallable.java:12)
  at org.junit.runners.model.FrameworkMethod.invokeExplosively(FrameworkMethod.java:56)
  at org.junit.internal.runners.statements.InvokeMethod.evaluate(InvokeMethod.java:17)
  at org.junit.runners.ParentRunner$3.evaluate(ParentRunner.java:306)
  at org.junit.runners.BlockJUnit4ClassRunner$1.evaluate(BlockJUnit4ClassRunner.java:100)
  at org.junit.runners.ParentRunner.runLeaf(ParentRunner.java:366)
  at org.junit.runners.BlockJUnit4ClassRunner.runChild(BlockJUnit4ClassRunner.java:103)
  at org.junit.runners.BlockJUnit4ClassRunner.runChild(BlockJUnit4ClassRunner.java:63)
  at org.junit.runners.ParentRunner$4.run(ParentRunner.java:331)
  at org.junit.runners.ParentRunner$1.schedule(ParentRunner.java:79)
  at org.junit.runners.ParentRunner.runChildren(ParentRunner.java:329)
  at org.junit.runners.ParentRunner.access$100(ParentRunner.java:66)
  at org.junit.runners.ParentRunner$2.evaluate(ParentRunner.java:293)
  at org.junit.runners.ParentRunner$3.evaluate(ParentRunner.java:306)
  at org.junit.runners.ParentRunner.run(ParentRunner.java:413)
  at org.junit.runner.JUnitCore.run(JUnitCore.java:137)
  at org.junit.runner.JUnitCore.run(JUnitCore.java:115)
  at org.gradle.api.internal.tasks.testing.junit.JUnitTestExecutor.runRequest(JUnitTestExecutor.java:175)
  at org.gradle.api.internal.tasks.testing.junit.JUnitTestExecutor.accept(JUnitTestExecutor.java:84)
  at org.gradle.api.internal.tasks.testing.junit.JUnitTestExecutor.accept(JUnitTestExecutor.java:47)
  at org.gradle.api.internal.tasks.testing.junit.AbstractJUnitTestDefinitionProcessor.processTestDefinition(AbstractJUnitTestDefinitionProcessor.java:65)
  at org.gradle.api.internal.tasks.testing.SuiteTestDefinitionProcessor.processTestDefinition(SuiteTestDefinitionProcessor.java:54)
  at java.base/jdk.internal.reflect.DirectMethodHandleAccessor.invoke(DirectMethodHandleAccessor.java:104)
  at java.base/java.lang.reflect.Method.invoke(Method.java:565)
  at org.gradle.internal.dispatch.MethodInvocation.invokeOn(MethodInvocation.java:77)
  at org.gradle.internal.dispatch.ReflectionDispatch.dispatch(ReflectionDispatch.java:28)
  at org.gradle.internal.dispatch.ReflectionDispatch.dispatch(ReflectionDispatch.java:19)
  at org.gradle.internal.dispatch.ContextClassLoaderDispatch.dispatch(ContextClassLoaderDispatch.java:33)
  at org.gradle.internal.dispatch.ProxyDispatchAdapter$DispatchingInvocationHandler.invoke(ProxyDispatchAdapter.java:88)
  at jdk.proxy1/jdk.proxy1.$Proxy4.processTestDefinition(Unknown Source)
  at org.gradle.api.internal.tasks.testing.worker.TestWorker$2.run(TestWorker.java:178)
  at org.gradle.api.internal.tasks.testing.worker.TestWorker.executeAndMaintainThreadName(TestWorker.java:126)
  at org.gradle.api.internal.tasks.testing.worker.TestWorker.execute(TestWorker.java:103)
  at org.gradle.api.internal.tasks.testing.worker.TestWorker.execute(TestWorker.java:63)
  at org.gradle.process.internal.worker.child.ActionExecutionWorker.execute(ActionExecutionWorker.java:56)
  at org.gradle.process.internal.worker.child.SystemApplicationClassLoaderWorker.call(SystemApplicationClassLoaderWorker.java:122)
  at org.gradle.process.internal.worker.child.SystemApplicationClassLoaderWorker.call(SystemApplicationClassLoaderWorker.java:72)
  at worker.org.gradle.process.internal.worker.GradleWorkerMain.run(GradleWorkerMain.java:69)
  at worker.org.gradle.process.internal.worker.GradleWorkerMain.main(GradleWorkerMain.java:74)
</stacktrace>
</test-failure>


TypeScriptCompilerTests_C[jvm] > checkIndexConstraintOfJavascriptClassExpression_ts has expected errors matching checkIndexConstraintOfJavascriptClassExpression_errors_txt[jvm] FAILED

<test-failure test="com.xemantic.typescript.compiler.TypeScriptCompilerTests_C.controlFlowNullTypeAndLiteral_ts has expected errors matching controlFlowNullTypeAndLiteral_errors_txt" platform="jvm">
<message>
Expected diagnostics from baseline typescript-repo/tests/baselines/reference/controlFlowNullTypeAndLiteral.errors.txt but none produced
</message>
<stacktrace>
  at com.xemantic.typescript.compiler.TypeScriptTestSupportKt.errorsMatchBaseline(TypeScriptTestSupport.kt:125)
  at com.xemantic.typescript.compiler.TypeScriptCompilerTests_C.controlFlowNullTypeAndLiteral_ts has expected errors matching controlFlowNullTypeAndLiteral_errors_txt(TypeScriptCompilerTests_C.kt:8540)
  at java.base/jdk.internal.reflect.DirectMethodHandleAccessor.invoke(DirectMethodHandleAccessor.java:104)
  at java.base/java.lang.reflect.Method.invoke(Method.java:565)
  at org.junit.runners.model.FrameworkMethod$1.runReflectiveCall(FrameworkMethod.java:59)
  at org.junit.internal.runners.model.ReflectiveCallable.run(ReflectiveCallable.java:12)
  at org.junit.runners.model.FrameworkMethod.invokeExplosively(FrameworkMethod.java:56)
  at org.junit.internal.runners.statements.InvokeMethod.evaluate(InvokeMethod.java:17)
  at org.junit.runners.ParentRunner$3.evaluate(ParentRunner.java:306)
  at org.junit.runners.BlockJUnit4ClassRunner$1.evaluate(BlockJUnit4ClassRunner.java:100)
  at org.junit.runners.ParentRunner.runLeaf(ParentRunner.java:366)
  at org.junit.runners.BlockJUnit4ClassRunner.runChild(BlockJUnit4ClassRunner.java:103)
  at org.junit.runners.BlockJUnit4ClassRunner.runChild(BlockJUnit4ClassRunner.java:63)
  at org.junit.runners.ParentRunner$4.run(ParentRunner.java:331)
  at org.junit.runners.ParentRunner$1.schedule(ParentRunner.java:79)
  at org.junit.runners.ParentRunner.runChildren(ParentRunner.java:329)
  at org.junit.runners.ParentRunner.access$100(ParentRunner.java:66)
  at org.junit.runners.ParentRunner$2.evaluate(ParentRunner.java:293)
  at org.junit.runners.ParentRunner$3.evaluate(ParentRunner.java:306)
  at org.junit.runners.ParentRunner.run(ParentRunner.java:413)
  at org.junit.runner.JUnitCore.run(JUnitCore.java:137)
  at org.junit.runner.JUnitCore.run(JUnitCore.java:115)
  at org.gradle.api.internal.tasks.testing.junit.JUnitTestExecutor.runRequest(JUnitTestExecutor.java:175)
  at org.gradle.api.internal.tasks.testing.junit.JUnitTestExecutor.accept(JUnitTestExecutor.java:84)
  at org.gradle.api.internal.tasks.testing.junit.JUnitTestExecutor.accept(JUnitTestExecutor.java:47)
  at org.gradle.api.internal.tasks.testing.junit.AbstractJUnitTestDefinitionProcessor.processTestDefinition(AbstractJUnitTestDefinitionProcessor.java:65)
  at org.gradle.api.internal.tasks.testing.SuiteTestDefinitionProcessor.processTestDefinition(SuiteTestDefinitionProcessor.java:54)
  at java.base/jdk.internal.reflect.DirectMethodHandleAccessor.invoke(DirectMethodHandleAccessor.java:104)
  at java.base/java.lang.reflect.Method.invoke(Method.java:565)
  at org.gradle.internal.dispatch.MethodInvocation.invokeOn(MethodInvocation.java:77)
  at org.gradle.internal.dispatch.ReflectionDispatch.dispatch(ReflectionDispatch.java:28)
  at org.gradle.internal.dispatch.ReflectionDispatch.dispatch(ReflectionDispatch.java:19)
  at org.gradle.internal.dispatch.ContextClassLoaderDispatch.dispatch(ContextClassLoaderDispatch.java:33)
  at org.gradle.internal.dispatch.ProxyDispatchAdapter$DispatchingInvocationHandler.invoke(ProxyDispatchAdapter.java:88)
  at jdk.proxy1/jdk.proxy1.$Proxy4.processTestDefinition(Unknown Source)
  at org.gradle.api.internal.tasks.testing.worker.TestWorker$2.run(TestWorker.java:178)
  at org.gradle.api.internal.tasks.testing.worker.TestWorker.executeAndMaintainThreadName(TestWorker.java:126)
  at org.gradle.api.internal.tasks.testing.worker.TestWorker.execute(TestWorker.java:103)
  at org.gradle.api.internal.tasks.testing.worker.TestWorker.execute(TestWorker.java:63)
  at org.gradle.process.internal.worker.child.ActionExecutionWorker.execute(ActionExecutionWorker.java:56)
  at org.gradle.process.internal.worker.child.SystemApplicationClassLoaderWorker.call(SystemApplicationClassLoaderWorker.java:122)
  at org.gradle.process.internal.worker.child.SystemApplicationClassLoaderWorker.call(SystemApplicationClassLoaderWorker.java:72)
  at worker.org.gradle.process.internal.worker.GradleWorkerMain.run(GradleWorkerMain.java:69)
  at worker.org.gradle.process.internal.worker.GradleWorkerMain.main(GradleWorkerMain.java:74)
</stacktrace>
</test-failure>


TypeScriptCompilerTests_C[jvm] > controlFlowNullTypeAndLiteral_ts has expected errors matching controlFlowNullTypeAndLiteral_errors_txt[jvm] FAILED

<test-failure test="com.xemantic.typescript.compiler.TypeScriptCompilerTests_C.conditionalAnyCheckTypePicksBothBranches_ts has expected errors matching conditionalAnyCheckTypePicksBothBranches_errors_txt" platform="jvm">
<message>
Expected diagnostics from baseline typescript-repo/tests/baselines/reference/conditionalAnyCheckTypePicksBothBranches.errors.txt but none produced
</message>
<stacktrace>
  at com.xemantic.typescript.compiler.TypeScriptTestSupportKt.errorsMatchBaseline(TypeScriptTestSupport.kt:125)
  at com.xemantic.typescript.compiler.TypeScriptCompilerTests_C.conditionalAnyCheckTypePicksBothBranches_ts has expected errors matching conditionalAnyCheckTypePicksBothBranches_errors_txt(TypeScriptCompilerTests_C.kt:5509)
  at java.base/jdk.internal.reflect.DirectMethodHandleAccessor.invoke(DirectMethodHandleAccessor.java:104)
  at java.base/java.lang.reflect.Method.invoke(Method.java:565)
  at org.junit.runners.model.FrameworkMethod$1.runReflectiveCall(FrameworkMethod.java:59)
  at org.junit.internal.runners.model.ReflectiveCallable.run(ReflectiveCallable.java:12)
  at org.junit.runners.model.FrameworkMethod.invokeExplosively(FrameworkMethod.java:56)
  at org.junit.internal.runners.statements.InvokeMethod.evaluate(InvokeMethod.java:17)
  at org.junit.runners.ParentRunner$3.evaluate(ParentRunner.java:306)
  at org.junit.runners.BlockJUnit4ClassRunner$1.evaluate(BlockJUnit4ClassRunner.java:100)
  at org.junit.runners.ParentRunner.runLeaf(ParentRunner.java:366)
  at org.junit.runners.BlockJUnit4ClassRunner.runChild(BlockJUnit4ClassRunner.java:103)
  at org.junit.runners.BlockJUnit4ClassRunner.runChild(BlockJUnit4ClassRunner.java:63)
  at org.junit.runners.ParentRunner$4.run(ParentRunner.java:331)
  at org.junit.runners.ParentRunner$1.schedule(ParentRunner.java:79)
  at org.junit.runners.ParentRunner.runChildren(ParentRunner.java:329)
  at org.junit.runners.ParentRunner.access$100(ParentRunner.java:66)
  at org.junit.runners.ParentRunner$2.evaluate(ParentRunner.java:293)
  at org.junit.runners.ParentRunner$3.evaluate(ParentRunner.java:306)
  at org.junit.runners.ParentRunner.run(ParentRunner.java:413)
  at org.junit.runner.JUnitCore.run(JUnitCore.java:137)
  at org.junit.runner.JUnitCore.run(JUnitCore.java:115)
  at org.gradle.api.internal.tasks.testing.junit.JUnitTestExecutor.runRequest(JUnitTestExecutor.java:175)
  at org.gradle.api.internal.tasks.testing.junit.JUnitTestExecutor.accept(JUnitTestExecutor.java:84)
  at org.gradle.api.internal.tasks.testing.junit.JUnitTestExecutor.accept(JUnitTestExecutor.java:47)
  at org.gradle.api.internal.tasks.testing.junit.AbstractJUnitTestDefinitionProcessor.processTestDefinition(AbstractJUnitTestDefinitionProcessor.java:65)
  at org.gradle.api.internal.tasks.testing.SuiteTestDefinitionProcessor.processTestDefinition(SuiteTestDefinitionProcessor.java:54)
  at java.base/jdk.internal.reflect.DirectMethodHandleAccessor.invoke(DirectMethodHandleAccessor.java:104)
  at java.base/java.lang.reflect.Method.invoke(Method.java:565)
  at org.gradle.internal.dispatch.MethodInvocation.invokeOn(MethodInvocation.java:77)
  at org.gradle.internal.dispatch.ReflectionDispatch.dispatch(ReflectionDispatch.java:28)
  at org.gradle.internal.dispatch.ReflectionDispatch.dispatch(ReflectionDispatch.java:19)
  at org.gradle.internal.dispatch.ContextClassLoaderDispatch.dispatch(ContextClassLoaderDispatch.java:33)
  at org.gradle.internal.dispatch.ProxyDispatchAdapter$DispatchingInvocationHandler.invoke(ProxyDispatchAdapter.java:88)
  at jdk.proxy1/jdk.proxy1.$Proxy4.processTestDefinition(Unknown Source)
  at org.gradle.api.internal.tasks.testing.worker.TestWorker$2.run(TestWorker.java:178)
  at org.gradle.api.internal.tasks.testing.worker.TestWorker.executeAndMaintainThreadName(TestWorker.java:126)
  at org.gradle.api.internal.tasks.testing.worker.TestWorker.execute(TestWorker.java:103)
  at org.gradle.api.internal.tasks.testing.worker.TestWorker.execute(TestWorker.java:63)
  at org.gradle.process.internal.worker.child.ActionExecutionWorker.execute(ActionExecutionWorker.java:56)
  at org.gradle.process.internal.worker.child.SystemApplicationClassLoaderWorker.call(SystemApplicationClassLoaderWorker.java:122)
  at org.gradle.process.internal.worker.child.SystemApplicationClassLoaderWorker.call(SystemApplicationClassLoaderWorker.java:72)
  at worker.org.gradle.process.internal.worker.GradleWorkerMain.run(GradleWorkerMain.java:69)
  at worker.org.gradle.process.internal.worker.GradleWorkerMain.main(GradleWorkerMain.java:74)
</stacktrace>
</test-failure>


TypeScriptCompilerTests_C[jvm] > conditionalAnyCheckTypePicksBothBranches_ts has expected errors matching conditionalAnyCheckTypePicksBothBranches_errors_txt[jvm] FAILED

<test-failure test="com.xemantic.typescript.compiler.TypeScriptCompilerTests_C.classStaticInitializersUsePropertiesBeforeDeclaration_ts has expected errors matching classStaticInitializersUsePropertiesBeforeDeclaration_errors_txt" platform="jvm">
<message>
Expected diagnostics from baseline typescript-repo/tests/baselines/reference/classStaticInitializersUsePropertiesBeforeDeclaration.errors.txt but none produced
</message>
<stacktrace>
  at com.xemantic.typescript.compiler.TypeScriptTestSupportKt.errorsMatchBaseline(TypeScriptTestSupport.kt:125)
  at com.xemantic.typescript.compiler.TypeScriptCompilerTests_C.classStaticInitializersUsePropertiesBeforeDeclaration_ts has expected errors matching classStaticInitializersUsePropertiesBeforeDeclaration_errors_txt(TypeScriptCompilerTests_C.kt:2884)
  at java.base/jdk.internal.reflect.DirectMethodHandleAccessor.invoke(DirectMethodHandleAccessor.java:104)
  at java.base/java.lang.reflect.Method.invoke(Method.java:565)
  at org.junit.runners.model.FrameworkMethod$1.runReflectiveCall(FrameworkMethod.java:59)
  at org.junit.internal.runners.model.ReflectiveCallable.run(ReflectiveCallable.java:12)
  at org.junit.runners.model.FrameworkMethod.invokeExplosively(FrameworkMethod.java:56)
  at org.junit.internal.runners.statements.InvokeMethod.evaluate(InvokeMethod.java:17)
  at org.junit.runners.ParentRunner$3.evaluate(ParentRunner.java:306)
  at org.junit.runners.BlockJUnit4ClassRunner$1.evaluate(BlockJUnit4ClassRunner.java:100)
  at org.junit.runners.ParentRunner.runLeaf(ParentRunner.java:366)
  at org.junit.runners.BlockJUnit4ClassRunner.runChild(BlockJUnit4ClassRunner.java:103)
  at org.junit.runners.BlockJUnit4ClassRunner.runChild(BlockJUnit4ClassRunner.java:63)
  at org.junit.runners.ParentRunner$4.run(ParentRunner.java:331)
  at org.junit.runners.ParentRunner$1.schedule(ParentRunner.java:79)
  at org.junit.runners.ParentRunner.runChildren(ParentRunner.java:329)
  at org.junit.runners.ParentRunner.access$100(ParentRunner.java:66)
  at org.junit.runners.ParentRunner$2.evaluate(ParentRunner.java:293)
  at org.junit.runners.ParentRunner$3.evaluate(ParentRunner.java:306)
  at org.junit.runners.ParentRunner.run(ParentRunner.java:413)
  at org.junit.runner.JUnitCore.run(JUnitCore.java:137)
  at org.junit.runner.JUnitCore.run(JUnitCore.java:115)
  at org.gradle.api.internal.tasks.testing.junit.JUnitTestExecutor.runRequest(JUnitTestExecutor.java:175)
  at org.gradle.api.internal.tasks.testing.junit.JUnitTestExecutor.accept(JUnitTestExecutor.java:84)
  at org.gradle.api.internal.tasks.testing.junit.JUnitTestExecutor.accept(JUnitTestExecutor.java:47)
  at org.gradle.api.internal.tasks.testing.junit.AbstractJUnitTestDefinitionProcessor.processTestDefinition(AbstractJUnitTestDefinitionProcessor.java:65)
  at org.gradle.api.internal.tasks.testing.SuiteTestDefinitionProcessor.processTestDefinition(SuiteTestDefinitionProcessor.java:54)
  at java.base/jdk.internal.reflect.DirectMethodHandleAccessor.invoke(DirectMethodHandleAccessor.java:104)
  at java.base/java.lang.reflect.Method.invoke(Method.java:565)
  at org.gradle.internal.dispatch.MethodInvocation.invokeOn(MethodInvocation.java:77)
  at org.gradle.internal.dispatch.ReflectionDispatch.dispatch(ReflectionDispatch.java:28)
  at org.gradle.internal.dispatch.ReflectionDispatch.dispatch(ReflectionDispatch.java:19)
  at org.gradle.internal.dispatch.ContextClassLoaderDispatch.dispatch(ContextClassLoaderDispatch.java:33)
  at org.gradle.internal.dispatch.ProxyDispatchAdapter$DispatchingInvocationHandler.invoke(ProxyDispatchAdapter.java:88)
  at jdk.proxy1/jdk.proxy1.$Proxy4.processTestDefinition(Unknown Source)
  at org.gradle.api.internal.tasks.testing.worker.TestWorker$2.run(TestWorker.java:178)
  at org.gradle.api.internal.tasks.testing.worker.TestWorker.executeAndMaintainThreadName(TestWorker.java:126)
  at org.gradle.api.internal.tasks.testing.worker.TestWorker.execute(TestWorker.java:103)
  at org.gradle.api.internal.tasks.testing.worker.TestWorker.execute(TestWorker.java:63)
  at org.gradle.process.internal.worker.child.ActionExecutionWorker.execute(ActionExecutionWorker.java:56)
  at org.gradle.process.internal.worker.child.SystemApplicationClassLoaderWorker.call(SystemApplicationClassLoaderWorker.java:122)
  at org.gradle.process.internal.worker.child.SystemApplicationClassLoaderWorker.call(SystemApplicationClassLoaderWorker.java:72)
  at worker.org.gradle.process.internal.worker.GradleWorkerMain.run(GradleWorkerMain.java:69)
  at worker.org.gradle.process.internal.worker.GradleWorkerMain.main(GradleWorkerMain.java:74)
</stacktrace>
</test-failure>


TypeScriptCompilerTests_C[jvm] > classStaticInitializersUsePropertiesBeforeDeclaration_ts has expected errors matching classStaticInitializersUsePropertiesBeforeDeclaration_errors_txt[jvm] FAILED

<test-failure test="com.xemantic.typescript.compiler.TypeScriptCompilerTests_C.checkDestructuringShorthandAssigment2_ts has expected errors matching checkDestructuringShorthandAssigment2_errors_txt" platform="jvm">
<message>
Expected diagnostics from baseline typescript-repo/tests/baselines/reference/checkDestructuringShorthandAssigment2.errors.txt but none produced
</message>
<stacktrace>
  at com.xemantic.typescript.compiler.TypeScriptTestSupportKt.errorsMatchBaseline(TypeScriptTestSupport.kt:125)
  at com.xemantic.typescript.compiler.TypeScriptCompilerTests_C.checkDestructuringShorthandAssigment2_ts has expected errors matching checkDestructuringShorthandAssigment2_errors_txt(TypeScriptCompilerTests_C.kt:1141)
  at java.base/jdk.internal.reflect.DirectMethodHandleAccessor.invoke(DirectMethodHandleAccessor.java:104)
  at java.base/java.lang.reflect.Method.invoke(Method.java:565)
  at org.junit.runners.model.FrameworkMethod$1.runReflectiveCall(FrameworkMethod.java:59)
  at org.junit.internal.runners.model.ReflectiveCallable.run(ReflectiveCallable.java:12)
  at org.junit.runners.model.FrameworkMethod.invokeExplosively(FrameworkMethod.java:56)
  at org.junit.internal.runners.statements.InvokeMethod.evaluate(InvokeMethod.java:17)
  at org.junit.runners.ParentRunner$3.evaluate(ParentRunner.java:306)
  at org.junit.runners.BlockJUnit4ClassRunner$1.evaluate(BlockJUnit4ClassRunner.java:100)
  at org.junit.runners.ParentRunner.runLeaf(ParentRunner.java:366)
  at org.junit.runners.BlockJUnit4ClassRunner.runChild(BlockJUnit4ClassRunner.java:103)
  at org.junit.runners.BlockJUnit4ClassRunner.runChild(BlockJUnit4ClassRunner.java:63)
  at org.junit.runners.ParentRunner$4.run(ParentRunner.java:331)
  at org.junit.runners.ParentRunner$1.schedule(ParentRunner.java:79)
  at org.junit.runners.ParentRunner.runChildren(ParentRunner.java:329)
  at org.junit.runners.ParentRunner.access$100(ParentRunner.java:66)
  at org.junit.runners.ParentRunner$2.evaluate(ParentRunner.java:293)
  at org.junit.runners.ParentRunner$3.evaluate(ParentRunner.java:306)
  at org.junit.runners.ParentRunner.run(ParentRunner.java:413)
  at org.junit.runner.JUnitCore.run(JUnitCore.java:137)
  at org.junit.runner.JUnitCore.run(JUnitCore.java:115)
  at org.gradle.api.internal.tasks.testing.junit.JUnitTestExecutor.runRequest(JUnitTestExecutor.java:175)
  at org.gradle.api.internal.tasks.testing.junit.JUnitTestExecutor.accept(JUnitTestExecutor.java:84)
  at org.gradle.api.internal.tasks.testing.junit.JUnitTestExecutor.accept(JUnitTestExecutor.java:47)
  at org.gradle.api.internal.tasks.testing.junit.AbstractJUnitTestDefinitionProcessor.processTestDefinition(AbstractJUnitTestDefinitionProcessor.java:65)
  at org.gradle.api.internal.tasks.testing.SuiteTestDefinitionProcessor.processTestDefinition(SuiteTestDefinitionProcessor.java:54)
  at java.base/jdk.internal.reflect.DirectMethodHandleAccessor.invoke(DirectMethodHandleAccessor.java:104)
  at java.base/java.lang.reflect.Method.invoke(Method.java:565)
  at org.gradle.internal.dispatch.MethodInvocation.invokeOn(MethodInvocation.java:77)
  at org.gradle.internal.dispatch.ReflectionDispatch.dispatch(ReflectionDispatch.java:28)
  at org.gradle.internal.dispatch.ReflectionDispatch.dispatch(ReflectionDispatch.java:19)
  at org.gradle.internal.dispatch.ContextClassLoaderDispatch.dispatch(ContextClassLoaderDispatch.java:33)
  at org.gradle.internal.dispatch.ProxyDispatchAdapter$DispatchingInvocationHandler.invoke(ProxyDispatchAdapter.java:88)
  at jdk.proxy1/jdk.proxy1.$Proxy4.processTestDefinition(Unknown Source)
  at org.gradle.api.internal.tasks.testing.worker.TestWorker$2.run(TestWorker.java:178)
  at org.gradle.api.internal.tasks.testing.worker.TestWorker.executeAndMaintainThreadName(TestWorker.java:126)
  at org.gradle.api.internal.tasks.testing.worker.TestWorker.execute(TestWorker.java:103)
  at org.gradle.api.internal.tasks.testing.worker.TestWorker.execute(TestWorker.java:63)
  at org.gradle.process.internal.worker.child.ActionExecutionWorker.execute(ActionExecutionWorker.java:56)
  at org.gradle.process.internal.worker.child.SystemApplicationClassLoaderWorker.call(SystemApplicationClassLoaderWorker.java:122)
  at org.gradle.process.internal.worker.child.SystemApplicationClassLoaderWorker.call(SystemApplicationClassLoaderWorker.java:72)
  at worker.org.gradle.process.internal.worker.GradleWorkerMain.run(GradleWorkerMain.java:69)
  at worker.org.gradle.process.internal.worker.GradleWorkerMain.main(GradleWorkerMain.java:74)
</stacktrace>
</test-failure>


TypeScriptCompilerTests_C[jvm] > checkDestructuringShorthandAssigment2_ts has expected errors matching checkDestructuringShorthandAssigment2_errors_txt[jvm] FAILED

<test-failure test="com.xemantic.typescript.compiler.TypeScriptCompilerTests_C.circularReferenceInReturnType_ts has expected errors matching circularReferenceInReturnType_errors_txt" platform="jvm">
<message>
Expected diagnostics from baseline typescript-repo/tests/baselines/reference/circularReferenceInReturnType.errors.txt but none produced
</message>
<stacktrace>
  at com.xemantic.typescript.compiler.TypeScriptTestSupportKt.errorsMatchBaseline(TypeScriptTestSupport.kt:125)
  at com.xemantic.typescript.compiler.TypeScriptCompilerTests_C.circularReferenceInReturnType_ts has expected errors matching circularReferenceInReturnType_errors_txt(TypeScriptCompilerTests_C.kt:1729)
  at java.base/jdk.internal.reflect.DirectMethodHandleAccessor.invoke(DirectMethodHandleAccessor.java:104)
  at java.base/java.lang.reflect.Method.invoke(Method.java:565)
  at org.junit.runners.model.FrameworkMethod$1.runReflectiveCall(FrameworkMethod.java:59)
  at org.junit.internal.runners.model.ReflectiveCallable.run(ReflectiveCallable.java:12)
  at org.junit.runners.model.FrameworkMethod.invokeExplosively(FrameworkMethod.java:56)
  at org.junit.internal.runners.statements.InvokeMethod.evaluate(InvokeMethod.java:17)
  at org.junit.runners.ParentRunner$3.evaluate(ParentRunner.java:306)
  at org.junit.runners.BlockJUnit4ClassRunner$1.evaluate(BlockJUnit4ClassRunner.java:100)
  at org.junit.runners.ParentRunner.runLeaf(ParentRunner.java:366)
  at org.junit.runners.BlockJUnit4ClassRunner.runChild(BlockJUnit4ClassRunner.java:103)
  at org.junit.runners.BlockJUnit4ClassRunner.runChild(BlockJUnit4ClassRunner.java:63)
  at org.junit.runners.ParentRunner$4.run(ParentRunner.java:331)
  at org.junit.runners.ParentRunner$1.schedule(ParentRunner.java:79)
  at org.junit.runners.ParentRunner.runChildren(ParentRunner.java:329)
  at org.junit.runners.ParentRunner.access$100(ParentRunner.java:66)
  at org.junit.runners.ParentRunner$2.evaluate(ParentRunner.java:293)
  at org.junit.runners.ParentRunner$3.evaluate(ParentRunner.java:306)
  at org.junit.runners.ParentRunner.run(ParentRunner.java:413)
  at org.junit.runner.JUnitCore.run(JUnitCore.java:137)
  at org.junit.runner.JUnitCore.run(JUnitCore.java:115)
  at org.gradle.api.internal.tasks.testing.junit.JUnitTestExecutor.runRequest(JUnitTestExecutor.java:175)
  at org.gradle.api.internal.tasks.testing.junit.JUnitTestExecutor.accept(JUnitTestExecutor.java:84)
  at org.gradle.api.internal.tasks.testing.junit.JUnitTestExecutor.accept(JUnitTestExecutor.java:47)
  at org.gradle.api.internal.tasks.testing.junit.AbstractJUnitTestDefinitionProcessor.processTestDefinition(AbstractJUnitTestDefinitionProcessor.java:65)
  at org.gradle.api.internal.tasks.testing.SuiteTestDefinitionProcessor.processTestDefinition(SuiteTestDefinitionProcessor.java:54)
  at java.base/jdk.internal.reflect.DirectMethodHandleAccessor.invoke(DirectMethodHandleAccessor.java:104)
  at java.base/java.lang.reflect.Method.invoke(Method.java:565)
  at org.gradle.internal.dispatch.MethodInvocation.invokeOn(MethodInvocation.java:77)
  at org.gradle.internal.dispatch.ReflectionDispatch.dispatch(ReflectionDispatch.java:28)
  at org.gradle.internal.dispatch.ReflectionDispatch.dispatch(ReflectionDispatch.java:19)
  at org.gradle.internal.dispatch.ContextClassLoaderDispatch.dispatch(ContextClassLoaderDispatch.java:33)
  at org.gradle.internal.dispatch.ProxyDispatchAdapter$DispatchingInvocationHandler.invoke(ProxyDispatchAdapter.java:88)
  at jdk.proxy1/jdk.proxy1.$Proxy4.processTestDefinition(Unknown Source)
  at org.gradle.api.internal.tasks.testing.worker.TestWorker$2.run(TestWorker.java:178)
  at org.gradle.api.internal.tasks.testing.worker.TestWorker.executeAndMaintainThreadName(TestWorker.java:126)
  at org.gradle.api.internal.tasks.testing.worker.TestWorker.execute(TestWorker.java:103)
  at org.gradle.api.internal.tasks.testing.worker.TestWorker.execute(TestWorker.java:63)
  at org.gradle.process.internal.worker.child.ActionExecutionWorker.execute(ActionExecutionWorker.java:56)
  at org.gradle.process.internal.worker.child.SystemApplicationClassLoaderWorker.call(SystemApplicationClassLoaderWorker.java:122)
  at org.gradle.process.internal.worker.child.SystemApplicationClassLoaderWorker.call(SystemApplicationClassLoaderWorker.java:72)
  at worker.org.gradle.process.internal.worker.GradleWorkerMain.run(GradleWorkerMain.java:69)
  at worker.org.gradle.process.internal.worker.GradleWorkerMain.main(GradleWorkerMain.java:74)
</stacktrace>
</test-failure>


TypeScriptCompilerTests_C[jvm] > circularReferenceInReturnType_ts has expected errors matching circularReferenceInReturnType_errors_txt[jvm] FAILED

<test-failure test="com.xemantic.typescript.compiler.TypeScriptCompilerTests_C.cloduleSplitAcrossFiles_ts has expected errors matching cloduleSplitAcrossFiles_errors_txt" platform="jvm">
<message>
Expected diagnostics from baseline typescript-repo/tests/baselines/reference/cloduleSplitAcrossFiles.errors.txt but none produced
</message>
<stacktrace>
  at com.xemantic.typescript.compiler.TypeScriptTestSupportKt.errorsMatchBaseline(TypeScriptTestSupport.kt:125)
  at com.xemantic.typescript.compiler.TypeScriptCompilerTests_C.cloduleSplitAcrossFiles_ts has expected errors matching cloduleSplitAcrossFiles_errors_txt(TypeScriptCompilerTests_C.kt:3129)
  at java.base/jdk.internal.reflect.DirectMethodHandleAccessor.invoke(DirectMethodHandleAccessor.java:104)
  at java.base/java.lang.reflect.Method.invoke(Method.java:565)
  at org.junit.runners.model.FrameworkMethod$1.runReflectiveCall(FrameworkMethod.java:59)
  at org.junit.internal.runners.model.ReflectiveCallable.run(ReflectiveCallable.java:12)
  at org.junit.runners.model.FrameworkMethod.invokeExplosively(FrameworkMethod.java:56)
  at org.junit.internal.runners.statements.InvokeMethod.evaluate(InvokeMethod.java:17)
  at org.junit.runners.ParentRunner$3.evaluate(ParentRunner.java:306)
  at org.junit.runners.BlockJUnit4ClassRunner$1.evaluate(BlockJUnit4ClassRunner.java:100)
  at org.junit.runners.ParentRunner.runLeaf(ParentRunner.java:366)
  at org.junit.runners.BlockJUnit4ClassRunner.runChild(BlockJUnit4ClassRunner.java:103)
  at org.junit.runners.BlockJUnit4ClassRunner.runChild(BlockJUnit4ClassRunner.java:63)
  at org.junit.runners.ParentRunner$4.run(ParentRunner.java:331)
  at org.junit.runners.ParentRunner$1.schedule(ParentRunner.java:79)
  at org.junit.runners.ParentRunner.runChildren(ParentRunner.java:329)
  at org.junit.runners.ParentRunner.access$100(ParentRunner.java:66)
  at org.junit.runners.ParentRunner$2.evaluate(ParentRunner.java:293)
  at org.junit.runners.ParentRunner$3.evaluate(ParentRunner.java:306)
  at org.junit.runners.ParentRunner.run(ParentRunner.java:413)
  at org.junit.runner.JUnitCore.run(JUnitCore.java:137)
  at org.junit.runner.JUnitCore.run(JUnitCore.java:115)
  at org.gradle.api.internal.tasks.testing.junit.JUnitTestExecutor.runRequest(JUnitTestExecutor.java:175)
  at org.gradle.api.internal.tasks.testing.junit.JUnitTestExecutor.accept(JUnitTestExecutor.java:84)
  at org.gradle.api.internal.tasks.testing.junit.JUnitTestExecutor.accept(JUnitTestExecutor.java:47)
  at org.gradle.api.internal.tasks.testing.junit.AbstractJUnitTestDefinitionProcessor.processTestDefinition(AbstractJUnitTestDefinitionProcessor.java:65)
  at org.gradle.api.internal.tasks.testing.SuiteTestDefinitionProcessor.processTestDefinition(SuiteTestDefinitionProcessor.java:54)
  at java.base/jdk.internal.reflect.DirectMethodHandleAccessor.invoke(DirectMethodHandleAccessor.java:104)
  at java.base/java.lang.reflect.Method.invoke(Method.java:565)
  at org.gradle.internal.dispatch.MethodInvocation.invokeOn(MethodInvocation.java:77)
  at org.gradle.internal.dispatch.ReflectionDispatch.dispatch(ReflectionDispatch.java:28)
  at org.gradle.internal.dispatch.ReflectionDispatch.dispatch(ReflectionDispatch.java:19)
  at org.gradle.internal.dispatch.ContextClassLoaderDispatch.dispatch(ContextClassLoaderDispatch.java:33)
  at org.gradle.internal.dispatch.ProxyDispatchAdapter$DispatchingInvocationHandler.invoke(ProxyDispatchAdapter.java:88)
  at jdk.proxy1/jdk.proxy1.$Proxy4.processTestDefinition(Unknown Source)
  at org.gradle.api.internal.tasks.testing.worker.TestWorker$2.run(TestWorker.java:178)
  at org.gradle.api.internal.tasks.testing.worker.TestWorker.executeAndMaintainThreadName(TestWorker.java:126)
  at org.gradle.api.internal.tasks.testing.worker.TestWorker.execute(TestWorker.java:103)
  at org.gradle.api.internal.tasks.testing.worker.TestWorker.execute(TestWorker.java:63)
  at org.gradle.process.internal.worker.child.ActionExecutionWorker.execute(ActionExecutionWorker.java:56)
  at org.gradle.process.internal.worker.child.SystemApplicationClassLoaderWorker.call(SystemApplicationClassLoaderWorker.java:122)
  at org.gradle.process.internal.worker.child.SystemApplicationClassLoaderWorker.call(SystemApplicationClassLoaderWorker.java:72)
  at worker.org.gradle.process.internal.worker.GradleWorkerMain.run(GradleWorkerMain.java:69)
  at worker.org.gradle.process.internal.worker.GradleWorkerMain.main(GradleWorkerMain.java:74)
</stacktrace>
</test-failure>


TypeScriptCompilerTests_C[jvm] > cloduleSplitAcrossFiles_ts has expected errors matching cloduleSplitAcrossFiles_errors_txt[jvm] FAILED

<test-failure test="com.xemantic.typescript.compiler.TypeScriptCompilerTests_C.checkJsdocTypeTagOnExportAssignment2_ts has expected errors matching checkJsdocTypeTagOnExportAssignment2_errors_txt" platform="jvm">
<message>
Expected diagnostics from baseline typescript-repo/tests/baselines/reference/checkJsdocTypeTagOnExportAssignment2.errors.txt but none produced
</message>
<stacktrace>
  at com.xemantic.typescript.compiler.TypeScriptTestSupportKt.errorsMatchBaseline(TypeScriptTestSupport.kt:125)
  at com.xemantic.typescript.compiler.TypeScriptCompilerTests_C.checkJsdocTypeTagOnExportAssignment2_ts has expected errors matching checkJsdocTypeTagOnExportAssignment2_errors_txt(TypeScriptCompilerTests_C.kt:1295)
  at java.base/jdk.internal.reflect.DirectMethodHandleAccessor.invoke(DirectMethodHandleAccessor.java:104)
  at java.base/java.lang.reflect.Method.invoke(Method.java:565)
  at org.junit.runners.model.FrameworkMethod$1.runReflectiveCall(FrameworkMethod.java:59)
  at org.junit.internal.runners.model.ReflectiveCallable.run(ReflectiveCallable.java:12)
  at org.junit.runners.model.FrameworkMethod.invokeExplosively(FrameworkMethod.java:56)
  at org.junit.internal.runners.statements.InvokeMethod.evaluate(InvokeMethod.java:17)
  at org.junit.runners.ParentRunner$3.evaluate(ParentRunner.java:306)
  at org.junit.runners.BlockJUnit4ClassRunner$1.evaluate(BlockJUnit4ClassRunner.java:100)
  at org.junit.runners.ParentRunner.runLeaf(ParentRunner.java:366)
  at org.junit.runners.BlockJUnit4ClassRunner.runChild(BlockJUnit4ClassRunner.java:103)
  at org.junit.runners.BlockJUnit4ClassRunner.runChild(BlockJUnit4ClassRunner.java:63)
  at org.junit.runners.ParentRunner$4.run(ParentRunner.java:331)
  at org.junit.runners.ParentRunner$1.schedule(ParentRunner.java:79)
  at org.junit.runners.ParentRunner.runChildren(ParentRunner.java:329)
  at org.junit.runners.ParentRunner.access$100(ParentRunner.java:66)
  at org.junit.runners.ParentRunner$2.evaluate(ParentRunner.java:293)
  at org.junit.runners.ParentRunner$3.evaluate(ParentRunner.java:306)
  at org.junit.runners.ParentRunner.run(ParentRunner.java:413)
  at org.junit.runner.JUnitCore.run(JUnitCore.java:137)
  at org.junit.runner.JUnitCore.run(JUnitCore.java:115)
  at org.gradle.api.internal.tasks.testing.junit.JUnitTestExecutor.runRequest(JUnitTestExecutor.java:175)
  at org.gradle.api.internal.tasks.testing.junit.JUnitTestExecutor.accept(JUnitTestExecutor.java:84)
  at org.gradle.api.internal.tasks.testing.junit.JUnitTestExecutor.accept(JUnitTestExecutor.java:47)
  at org.gradle.api.internal.tasks.testing.junit.AbstractJUnitTestDefinitionProcessor.processTestDefinition(AbstractJUnitTestDefinitionProcessor.java:65)
  at org.gradle.api.internal.tasks.testing.SuiteTestDefinitionProcessor.processTestDefinition(SuiteTestDefinitionProcessor.java:54)
  at java.base/jdk.internal.reflect.DirectMethodHandleAccessor.invoke(DirectMethodHandleAccessor.java:104)
  at java.base/java.lang.reflect.Method.invoke(Method.java:565)
  at org.gradle.internal.dispatch.MethodInvocation.invokeOn(MethodInvocation.java:77)
  at org.gradle.internal.dispatch.ReflectionDispatch.dispatch(ReflectionDispatch.java:28)
  at org.gradle.internal.dispatch.ReflectionDispatch.dispatch(ReflectionDispatch.java:19)
  at org.gradle.internal.dispatch.ContextClassLoaderDispatch.dispatch(ContextClassLoaderDispatch.java:33)
  at org.gradle.internal.dispatch.ProxyDispatchAdapter$DispatchingInvocationHandler.invoke(ProxyDispatchAdapter.java:88)
  at jdk.proxy1/jdk.proxy1.$Proxy4.processTestDefinition(Unknown Source)
  at org.gradle.api.internal.tasks.testing.worker.TestWorker$2.run(TestWorker.java:178)
  at org.gradle.api.internal.tasks.testing.worker.TestWorker.executeAndMaintainThreadName(TestWorker.java:126)
  at org.gradle.api.internal.tasks.testing.worker.TestWorker.execute(TestWorker.java:103)
  at org.gradle.api.internal.tasks.testing.worker.TestWorker.execute(TestWorker.java:63)
  at org.gradle.process.internal.worker.child.ActionExecutionWorker.execute(ActionExecutionWorker.java:56)
  at org.gradle.process.internal.worker.child.SystemApplicationClassLoaderWorker.call(SystemApplicationClassLoaderWorker.java:122)
  at org.gradle.process.internal.worker.child.SystemApplicationClassLoaderWorker.call(SystemApplicationClassLoaderWorker.java:72)
  at worker.org.gradle.process.internal.worker.GradleWorkerMain.run(GradleWorkerMain.java:69)
  at worker.org.gradle.process.internal.worker.GradleWorkerMain.main(GradleWorkerMain.java:74)
</stacktrace>
</test-failure>


TypeScriptCompilerTests_C[jvm] > checkJsdocTypeTagOnExportAssignment2_ts has expected errors matching checkJsdocTypeTagOnExportAssignment2_errors_txt[jvm] FAILED

<test-failure test="com.xemantic.typescript.compiler.TypeScriptCompilerTests_C.classExtendsInterface_ts has expected errors matching classExtendsInterface_errors_txt" platform="jvm">
<message>
Expected diagnostics from baseline typescript-repo/tests/baselines/reference/classExtendsInterface.errors.txt but none produced
</message>
<stacktrace>
  at com.xemantic.typescript.compiler.TypeScriptTestSupportKt.errorsMatchBaseline(TypeScriptTestSupport.kt:125)
  at com.xemantic.typescript.compiler.TypeScriptCompilerTests_C.classExtendsInterface_ts has expected errors matching classExtendsInterface_errors_txt(TypeScriptCompilerTests_C.kt:2163)
  at java.base/jdk.internal.reflect.DirectMethodHandleAccessor.invoke(DirectMethodHandleAccessor.java:104)
  at java.base/java.lang.reflect.Method.invoke(Method.java:565)
  at org.junit.runners.model.FrameworkMethod$1.runReflectiveCall(FrameworkMethod.java:59)
  at org.junit.internal.runners.model.ReflectiveCallable.run(ReflectiveCallable.java:12)
  at org.junit.runners.model.FrameworkMethod.invokeExplosively(FrameworkMethod.java:56)
  at org.junit.internal.runners.statements.InvokeMethod.evaluate(InvokeMethod.java:17)
  at org.junit.runners.ParentRunner$3.evaluate(ParentRunner.java:306)
  at org.junit.runners.BlockJUnit4ClassRunner$1.evaluate(BlockJUnit4ClassRunner.java:100)
  at org.junit.runners.ParentRunner.runLeaf(ParentRunner.java:366)
  at org.junit.runners.BlockJUnit4ClassRunner.runChild(BlockJUnit4ClassRunner.java:103)
  at org.junit.runners.BlockJUnit4ClassRunner.runChild(BlockJUnit4ClassRunner.java:63)
  at org.junit.runners.ParentRunner$4.run(ParentRunner.java:331)
  at org.junit.runners.ParentRunner$1.schedule(ParentRunner.java:79)
  at org.junit.runners.ParentRunner.runChildren(ParentRunner.java:329)
  at org.junit.runners.ParentRunner.access$100(ParentRunner.java:66)
  at org.junit.runners.ParentRunner$2.evaluate(ParentRunner.java:293)
  at org.junit.runners.ParentRunner$3.evaluate(ParentRunner.java:306)
  at org.junit.runners.ParentRunner.run(ParentRunner.java:413)
  at org.junit.runner.JUnitCore.run(JUnitCore.java:137)
  at org.junit.runner.JUnitCore.run(JUnitCore.java:115)
  at org.gradle.api.internal.tasks.testing.junit.JUnitTestExecutor.runRequest(JUnitTestExecutor.java:175)
  at org.gradle.api.internal.tasks.testing.junit.JUnitTestExecutor.accept(JUnitTestExecutor.java:84)
  at org.gradle.api.internal.tasks.testing.junit.JUnitTestExecutor.accept(JUnitTestExecutor.java:47)
  at org.gradle.api.internal.tasks.testing.junit.AbstractJUnitTestDefinitionProcessor.processTestDefinition(AbstractJUnitTestDefinitionProcessor.java:65)
  at org.gradle.api.internal.tasks.testing.SuiteTestDefinitionProcessor.processTestDefinition(SuiteTestDefinitionProcessor.java:54)
  at java.base/jdk.internal.reflect.DirectMethodHandleAccessor.invoke(DirectMethodHandleAccessor.java:104)
  at java.base/java.lang.reflect.Method.invoke(Method.java:565)
  at org.gradle.internal.dispatch.MethodInvocation.invokeOn(MethodInvocation.java:77)
  at org.gradle.internal.dispatch.ReflectionDispatch.dispatch(ReflectionDispatch.java:28)
  at org.gradle.internal.dispatch.ReflectionDispatch.dispatch(ReflectionDispatch.java:19)
  at org.gradle.internal.dispatch.ContextClassLoaderDispatch.dispatch(ContextClassLoaderDispatch.java:33)
  at org.gradle.internal.dispatch.ProxyDispatchAdapter$DispatchingInvocationHandler.invoke(ProxyDispatchAdapter.java:88)
  at jdk.proxy1/jdk.proxy1.$Proxy4.processTestDefinition(Unknown Source)
  at org.gradle.api.internal.tasks.testing.worker.TestWorker$2.run(TestWorker.java:178)
  at org.gradle.api.internal.tasks.testing.worker.TestWorker.executeAndMaintainThreadName(TestWorker.java:126)
  at org.gradle.api.internal.tasks.testing.worker.TestWorker.execute(TestWorker.java:103)
  at org.gradle.api.internal.tasks.testing.worker.TestWorker.execute(TestWorker.java:63)
  at org.gradle.process.internal.worker.child.ActionExecutionWorker.execute(ActionExecutionWorker.java:56)
  at org.gradle.process.internal.worker.child.SystemApplicationClassLoaderWorker.call(SystemApplicationClassLoaderWorker.java:122)
  at org.gradle.process.internal.worker.child.SystemApplicationClassLoaderWorker.call(SystemApplicationClassLoaderWorker.java:72)
  at worker.org.gradle.process.internal.worker.GradleWorkerMain.run(GradleWorkerMain.java:69)
  at worker.org.gradle.process.internal.worker.GradleWorkerMain.main(GradleWorkerMain.java:74)
</stacktrace>
</test-failure>


TypeScriptCompilerTests_C[jvm] > classExtendsInterface_ts has expected errors matching classExtendsInterface_errors_txt[jvm] FAILED

<test-failure test="com.xemantic.typescript.compiler.TypeScriptCompilerTests_C.checkForObjectTooStrict_ts__target_es2015__has expected errors matching baseline" platform="jvm">
<message>
Expected diagnostics from baseline typescript-repo/tests/baselines/reference/checkForObjectTooStrict(target=es2015).errors.txt but none produced
</message>
<stacktrace>
  at com.xemantic.typescript.compiler.TypeScriptTestSupportKt.errorsMatchBaseline(TypeScriptTestSupport.kt:125)
  at com.xemantic.typescript.compiler.TypeScriptCompilerTests_C.checkForObjectTooStrict_ts__target_es2015__has expected errors matching baseline(TypeScriptCompilerTests_C.kt:1162)
  at java.base/jdk.internal.reflect.DirectMethodHandleAccessor.invoke(DirectMethodHandleAccessor.java:104)
  at java.base/java.lang.reflect.Method.invoke(Method.java:565)
  at org.junit.runners.model.FrameworkMethod$1.runReflectiveCall(FrameworkMethod.java:59)
  at org.junit.internal.runners.model.ReflectiveCallable.run(ReflectiveCallable.java:12)
  at org.junit.runners.model.FrameworkMethod.invokeExplosively(FrameworkMethod.java:56)
  at org.junit.internal.runners.statements.InvokeMethod.evaluate(InvokeMethod.java:17)
  at org.junit.runners.ParentRunner$3.evaluate(ParentRunner.java:306)
  at org.junit.runners.BlockJUnit4ClassRunner$1.evaluate(BlockJUnit4ClassRunner.java:100)
  at org.junit.runners.ParentRunner.runLeaf(ParentRunner.java:366)
  at org.junit.runners.BlockJUnit4ClassRunner.runChild(BlockJUnit4ClassRunner.java:103)
  at org.junit.runners.BlockJUnit4ClassRunner.runChild(BlockJUnit4ClassRunner.java:63)
  at org.junit.runners.ParentRunner$4.run(ParentRunner.java:331)
  at org.junit.runners.ParentRunner$1.schedule(ParentRunner.java:79)
  at org.junit.runners.ParentRunner.runChildren(ParentRunner.java:329)
  at org.junit.runners.ParentRunner.access$100(ParentRunner.java:66)
  at org.junit.runners.ParentRunner$2.evaluate(ParentRunner.java:293)
  at org.junit.runners.ParentRunner$3.evaluate(ParentRunner.java:306)
  at org.junit.runners.ParentRunner.run(ParentRunner.java:413)
  at org.junit.runner.JUnitCore.run(JUnitCore.java:137)
  at org.junit.runner.JUnitCore.run(JUnitCore.java:115)
  at org.gradle.api.internal.tasks.testing.junit.JUnitTestExecutor.runRequest(JUnitTestExecutor.java:175)
  at org.gradle.api.internal.tasks.testing.junit.JUnitTestExecutor.accept(JUnitTestExecutor.java:84)
  at org.gradle.api.internal.tasks.testing.junit.JUnitTestExecutor.accept(JUnitTestExecutor.java:47)
  at org.gradle.api.internal.tasks.testing.junit.AbstractJUnitTestDefinitionProcessor.processTestDefinition(AbstractJUnitTestDefinitionProcessor.java:65)
  at org.gradle.api.internal.tasks.testing.SuiteTestDefinitionProcessor.processTestDefinition(SuiteTestDefinitionProcessor.java:54)
  at java.base/jdk.internal.reflect.DirectMethodHandleAccessor.invoke(DirectMethodHandleAccessor.java:104)
  at java.base/java.lang.reflect.Method.invoke(Method.java:565)
  at org.gradle.internal.dispatch.MethodInvocation.invokeOn(MethodInvocation.java:77)
  at org.gradle.internal.dispatch.ReflectionDispatch.dispatch(ReflectionDispatch.java:28)
  at org.gradle.internal.dispatch.ReflectionDispatch.dispatch(ReflectionDispatch.java:19)
  at org.gradle.internal.dispatch.ContextClassLoaderDispatch.dispatch(ContextClassLoaderDispatch.java:33)
  at org.gradle.internal.dispatch.ProxyDispatchAdapter$DispatchingInvocationHandler.invoke(ProxyDispatchAdapter.java:88)
  at jdk.proxy1/jdk.proxy1.$Proxy4.processTestDefinition(Unknown Source)
  at org.gradle.api.internal.tasks.testing.worker.TestWorker$2.run(TestWorker.java:178)
  at org.gradle.api.internal.tasks.testing.worker.TestWorker.executeAndMaintainThreadName(TestWorker.java:126)
  at org.gradle.api.internal.tasks.testing.worker.TestWorker.execute(TestWorker.java:103)
  at org.gradle.api.internal.tasks.testing.worker.TestWorker.execute(TestWorker.java:63)
  at org.gradle.process.internal.worker.child.ActionExecutionWorker.execute(ActionExecutionWorker.java:56)
  at org.gradle.process.internal.worker.child.SystemApplicationClassLoaderWorker.call(SystemApplicationClassLoaderWorker.java:122)
  at org.gradle.process.internal.worker.child.SystemApplicationClassLoaderWorker.call(SystemApplicationClassLoaderWorker.java:72)
  at worker.org.gradle.process.internal.worker.GradleWorkerMain.run(GradleWorkerMain.java:69)
  at worker.org.gradle.process.internal.worker.GradleWorkerMain.main(GradleWorkerMain.java:74)
</stacktrace>
</test-failure>


TypeScriptCompilerTests_C[jvm] > checkForObjectTooStrict_ts__target_es2015__has expected errors matching baseline[jvm] FAILED

<test-failure test="com.xemantic.typescript.compiler.TypeScriptCompilerTests_C.contextualTyping12_ts has expected errors matching contextualTyping12_errors_txt" platform="jvm">
<message>
Expected diagnostics from baseline typescript-repo/tests/baselines/reference/contextualTyping12.errors.txt but none produced
</message>
<stacktrace>
  at com.xemantic.typescript.compiler.TypeScriptTestSupportKt.errorsMatchBaseline(TypeScriptTestSupport.kt:125)
  at com.xemantic.typescript.compiler.TypeScriptCompilerTests_C.contextualTyping12_ts has expected errors matching contextualTyping12_errors_txt(TypeScriptCompilerTests_C.kt:7434)
  at java.base/jdk.internal.reflect.DirectMethodHandleAccessor.invoke(DirectMethodHandleAccessor.java:104)
  at java.base/java.lang.reflect.Method.invoke(Method.java:565)
  at org.junit.runners.model.FrameworkMethod$1.runReflectiveCall(FrameworkMethod.java:59)
  at org.junit.internal.runners.model.ReflectiveCallable.run(ReflectiveCallable.java:12)
  at org.junit.runners.model.FrameworkMethod.invokeExplosively(FrameworkMethod.java:56)
  at org.junit.internal.runners.statements.InvokeMethod.evaluate(InvokeMethod.java:17)
  at org.junit.runners.ParentRunner$3.evaluate(ParentRunner.java:306)
  at org.junit.runners.BlockJUnit4ClassRunner$1.evaluate(BlockJUnit4ClassRunner.java:100)
  at org.junit.runners.ParentRunner.runLeaf(ParentRunner.java:366)
  at org.junit.runners.BlockJUnit4ClassRunner.runChild(BlockJUnit4ClassRunner.java:103)
  at org.junit.runners.BlockJUnit4ClassRunner.runChild(BlockJUnit4ClassRunner.java:63)
  at org.junit.runners.ParentRunner$4.run(ParentRunner.java:331)
  at org.junit.runners.ParentRunner$1.schedule(ParentRunner.java:79)
  at org.junit.runners.ParentRunner.runChildren(ParentRunner.java:329)
  at org.junit.runners.ParentRunner.access$100(ParentRunner.java:66)
  at org.junit.runners.ParentRunner$2.evaluate(ParentRunner.java:293)
  at org.junit.runners.ParentRunner$3.evaluate(ParentRunner.java:306)
  at org.junit.runners.ParentRunner.run(ParentRunner.java:413)
  at org.junit.runner.JUnitCore.run(JUnitCore.java:137)
  at org.junit.runner.JUnitCore.run(JUnitCore.java:115)
  at org.gradle.api.internal.tasks.testing.junit.JUnitTestExecutor.runRequest(JUnitTestExecutor.java:175)
  at org.gradle.api.internal.tasks.testing.junit.JUnitTestExecutor.accept(JUnitTestExecutor.java:84)
  at org.gradle.api.internal.tasks.testing.junit.JUnitTestExecutor.accept(JUnitTestExecutor.java:47)
  at org.gradle.api.internal.tasks.testing.junit.AbstractJUnitTestDefinitionProcessor.processTestDefinition(AbstractJUnitTestDefinitionProcessor.java:65)
  at org.gradle.api.internal.tasks.testing.SuiteTestDefinitionProcessor.processTestDefinition(SuiteTestDefinitionProcessor.java:54)
  at java.base/jdk.internal.reflect.DirectMethodHandleAccessor.invoke(DirectMethodHandleAccessor.java:104)
  at java.base/java.lang.reflect.Method.invoke(Method.java:565)
  at org.gradle.internal.dispatch.MethodInvocation.invokeOn(MethodInvocation.java:77)
  at org.gradle.internal.dispatch.ReflectionDispatch.dispatch(ReflectionDispatch.java:28)
  at org.gradle.internal.dispatch.ReflectionDispatch.dispatch(ReflectionDispatch.java:19)
  at org.gradle.internal.dispatch.ContextClassLoaderDispatch.dispatch(ContextClassLoaderDispatch.java:33)
  at org.gradle.internal.dispatch.ProxyDispatchAdapter$DispatchingInvocationHandler.invoke(ProxyDispatchAdapter.java:88)
  at jdk.proxy1/jdk.proxy1.$Proxy4.processTestDefinition(Unknown Source)
  at org.gradle.api.internal.tasks.testing.worker.TestWorker$2.run(TestWorker.java:178)
  at org.gradle.api.internal.tasks.testing.worker.TestWorker.executeAndMaintainThreadName(TestWorker.java:126)
  at org.gradle.api.internal.tasks.testing.worker.TestWorker.execute(TestWorker.java:103)
  at org.gradle.api.internal.tasks.testing.worker.TestWorker.execute(TestWorker.java:63)
  at org.gradle.process.internal.worker.child.ActionExecutionWorker.execute(ActionExecutionWorker.java:56)
  at org.gradle.process.internal.worker.child.SystemApplicationClassLoaderWorker.call(SystemApplicationClassLoaderWorker.java:122)
  at org.gradle.process.internal.worker.child.SystemApplicationClassLoaderWorker.call(SystemApplicationClassLoaderWorker.java:72)
  at worker.org.gradle.process.internal.worker.GradleWorkerMain.run(GradleWorkerMain.java:69)
  at worker.org.gradle.process.internal.worker.GradleWorkerMain.main(GradleWorkerMain.java:74)
</stacktrace>
</test-failure>


TypeScriptCompilerTests_C[jvm] > contextualTyping12_ts has expected errors matching contextualTyping12_errors_txt[jvm] FAILED

<test-failure test="com.xemantic.typescript.compiler.TypeScriptCompilerTests_C.constructorWithIncompleteTypeAnnotation_ts compiles to JavaScript matching constructorWithIncompleteTypeAnnotation_js" platform="jvm">
<message>
--- expected
+++ actual
@@ -288,36 +288,92 @@
 var TypeScriptAllInOne;
 (function (TypeScriptAllInOne) {
     class Program {
-        constructor() {
-            this.case = bfs.STATEMENTS(4);
-        }
         static Main(...args) {
             try {
                 var bfs = new BasicFeatures();
                 var retValue = 0;
                 retValue = bfs.VARIABLES();
-                if (retValue != 0)
-                     ^= {
-                        return: 1
-                    };
+                if (retValue != 0 ^= {
+                    return
+                })
+                    1;
             }
-            finally {
+            bfs.STATEMENTS(4);
+            if (retValue != 0) {
+                return 1;
+                
+                    ^
+                        retValue = bfs.TYPES();
+                if (retValue != 0) {
+                    return 1 &&
+                        ;
+                }
+                retValue = bfs.OPERATOR;
+                ' );;
+                if (retValue != 0) {
+                    return 1;
+                }
             }
+            catch(e);
+            {
+                console.log(e);
+            }
+            finally;
+            {
+            }
+            console.log('Done');
+            return 0;
         }
-        if(retValue) { }
     }
     TypeScriptAllInOne.Program = Program;
-     != 0;
-    {
-        return 1;
-            ^
-                retValue;
-        bfs.TYPES();
-        if (retValue != 0) {
-            return 1 &&
-            ;
+    class BasicFeatures {
+        /// <summary>
+        /// Test various of variables. Including nullable,key world as variable,special format
+        /// </summary>
+        /// <returns></returns>
+        VARIABLES() {
+            var local = Number.MAX_VALUE;
+            var min = Number.MIN_VALUE;
+            var inf = Number.NEGATIVE_INFINITY -
+                var, nan = Number.NaN;
+            var undef = undefined;
+            var _\uD4A5\u7204\uC316\uE59F = local;
+            var мир = local;
+            var local5 = null;
+            var local6 = local5 instanceof fs.File;
+            var hex = 0xBADC0DE, Hex = 0XDEADBEEF;
+            var float = 6.02e23, float2 = 6.02E-23;
+            var char = 'c', \u0066 = '\u0066', hexchar = '\x42' !=
+                var, quoted = '"', quoted2 = "'";
+            var reg = /\w*/;
+            var objLit = { "var": number = 42, equals: function (x) { return x["var"] === 42; }, instanceof: () => 'objLit{42}' };
+            var weekday = Weekdays.Monday;
+            var con = char + f + hexchar + float.toString() + float2.toString() + reg.toString() + objLit + weekday;
+            //
+            var any = 0 ^=
+                var, bool = 0;
+            var declare = 0;
+            var constructor = 0;
+            var get = 0;
+            var implements = 0;
+            var interface = 0;
+            var let = 0;
+            var module = 0;
+            var number = 0;
+            var ;
+            package = 0;
+            var ;
+            private = 0;
+            var ;
+            protected = 0;
+            var ;
+            public = 0;
+            var set = 0;
+            var static = 0;
+            var string = 0 /  >
+                var;
+            yield;
+            0;
+            var sum3 = any + bool + declare + constructor + get + implements + interface + let + module + number + package + private + protected + public + set + static + string + yield;
+            return 0;
         }
-        retValue = bfs.OPERATOR;
-        ' );;
-        if (retValue != 0) {
-            return 1;

Diff truncated: more than 100 lines changed

Expected: 539 lines
Actual: 530 lines

The differences are too extensive to show in unified diff format.
Consider comparing smaller sections or reviewing the strings directly.

</message>
<stacktrace>
  at org.junit.Assert.fail(Assert.java:89)
  at kotlin.test.junit.JUnitAsserter.fail(JUnitSupport.kt:56)
  at kotlin.test.AssertionsKt__AssertionsKt.fail(Assertions.kt:563)
  at kotlin.test.AssertionsKt.fail(Unknown Source)
  at com.xemantic.kotlin.test.SameAsKt.sameAs(SameAs.kt:52)
  at com.xemantic.typescript.compiler.TypeScriptTestSupportKt.sameAs(TypeScriptTestSupport.kt:99)
  at com.xemantic.typescript.compiler.TypeScriptCompilerTests_C.constructorWithIncompleteTypeAnnotation_ts compiles to JavaScript matching constructorWithIncompleteTypeAnnotation_js(TypeScriptCompilerTests_C.kt:7021)
  at java.base/jdk.internal.reflect.DirectMethodHandleAccessor.invoke(DirectMethodHandleAccessor.java:104)
  at java.base/java.lang.reflect.Method.invoke(Method.java:565)
  at org.junit.runners.model.FrameworkMethod$1.runReflectiveCall(FrameworkMethod.java:59)
  at org.junit.internal.runners.model.ReflectiveCallable.run(ReflectiveCallable.java:12)
  at org.junit.runners.model.FrameworkMethod.invokeExplosively(FrameworkMethod.java:56)
  at org.junit.internal.runners.statements.InvokeMethod.evaluate(InvokeMethod.java:17)
  at org.junit.runners.ParentRunner$3.evaluate(ParentRunner.java:306)
  at org.junit.runners.BlockJUnit4ClassRunner$1.evaluate(BlockJUnit4ClassRunner.java:100)
  at org.junit.runners.ParentRunner.runLeaf(ParentRunner.java:366)
  at org.junit.runners.BlockJUnit4ClassRunner.runChild(BlockJUnit4ClassRunner.java:103)
  at org.junit.runners.BlockJUnit4ClassRunner.runChild(BlockJUnit4ClassRunner.java:63)
  at org.junit.runners.ParentRunner$4.run(ParentRunner.java:331)
  at org.junit.runners.ParentRunner$1.schedule(ParentRunner.java:79)
  at org.junit.runners.ParentRunner.runChildren(ParentRunner.java:329)
  at org.junit.runners.ParentRunner.access$100(ParentRunner.java:66)
  at org.junit.runners.ParentRunner$2.evaluate(ParentRunner.java:293)
  at org.junit.runners.ParentRunner$3.evaluate(ParentRunner.java:306)
  at org.junit.runners.ParentRunner.run(ParentRunner.java:413)
  at org.junit.runner.JUnitCore.run(JUnitCore.java:137)
  at org.junit.runner.JUnitCore.run(JUnitCore.java:115)
  at org.gradle.api.internal.tasks.testing.junit.JUnitTestExecutor.runRequest(JUnitTestExecutor.java:175)
  at org.gradle.api.internal.tasks.testing.junit.JUnitTestExecutor.accept(JUnitTestExecutor.java:84)
  at org.gradle.api.internal.tasks.testing.junit.JUnitTestExecutor.accept(JUnitTestExecutor.java:47)
  at org.gradle.api.internal.tasks.testing.junit.AbstractJUnitTestDefinitionProcessor.processTestDefinition(AbstractJUnitTestDefinitionProcessor.java:65)
  at org.gradle.api.internal.tasks.testing.SuiteTestDefinitionProcessor.processTestDefinition(SuiteTestDefinitionProcessor.java:54)
  at java.base/jdk.internal.reflect.DirectMethodHandleAccessor.invoke(DirectMethodHandleAccessor.java:104)
  at java.base/java.lang.reflect.Method.invoke(Method.java:565)
  at org.gradle.internal.dispatch.MethodInvocation.invokeOn(MethodInvocation.java:77)
  at org.gradle.internal.dispatch.ReflectionDispatch.dispatch(ReflectionDispatch.java:28)
  at org.gradle.internal.dispatch.ReflectionDispatch.dispatch(ReflectionDispatch.java:19)
  at org.gradle.internal.dispatch.ContextClassLoaderDispatch.dispatch(ContextClassLoaderDispatch.java:33)
  at org.gradle.internal.dispatch.ProxyDispatchAdapter$DispatchingInvocationHandler.invoke(ProxyDispatchAdapter.java:88)
  at jdk.proxy1/jdk.proxy1.$Proxy4.processTestDefinition(Unknown Source)
  at org.gradle.api.internal.tasks.testing.worker.TestWorker$2.run(TestWorker.java:178)
  at org.gradle.api.internal.tasks.testing.worker.TestWorker.executeAndMaintainThreadName(TestWorker.java:126)
  at org.gradle.api.internal.tasks.testing.worker.TestWorker.execute(TestWorker.java:103)
  at org.gradle.api.internal.tasks.testing.worker.TestWorker.execute(TestWorker.java:63)
  at org.gradle.process.internal.worker.child.ActionExecutionWorker.execute(ActionExecutionWorker.java:56)
  at org.gradle.process.internal.worker.child.SystemApplicationClassLoaderWorker.call(SystemApplicationClassLoaderWorker.java:122)
  at org.gradle.process.internal.worker.child.SystemApplicationClassLoaderWorker.call(SystemApplicationClassLoaderWorker.java:72)
  at worker.org.gradle.process.internal.worker.GradleWorkerMain.run(GradleWorkerMain.java:69)
  at worker.org.gradle.process.internal.worker.GradleWorkerMain.main(GradleWorkerMain.java:74)
</stacktrace>
</test-failure>


TypeScriptCompilerTests_C[jvm] > constructorWithIncompleteTypeAnnotation_ts compiles to JavaScript matching constructorWithIncompleteTypeAnnotation_js[jvm] FAILED

<test-failure test="com.xemantic.typescript.compiler.TypeScriptCompilerTests_C.computedPropertiesInDestructuring1_ts has expected errors matching computedPropertiesInDestructuring1_errors_txt" platform="jvm">
<message>
Expected diagnostics from baseline typescript-repo/tests/baselines/reference/computedPropertiesInDestructuring1.errors.txt but none produced
</message>
<stacktrace>
  at com.xemantic.typescript.compiler.TypeScriptTestSupportKt.errorsMatchBaseline(TypeScriptTestSupport.kt:125)
  at com.xemantic.typescript.compiler.TypeScriptCompilerTests_C.computedPropertiesInDestructuring1_ts has expected errors matching computedPropertiesInDestructuring1_errors_txt(TypeScriptCompilerTests_C.kt:5341)
  at java.base/jdk.internal.reflect.DirectMethodHandleAccessor.invoke(DirectMethodHandleAccessor.java:104)
  at java.base/java.lang.reflect.Method.invoke(Method.java:565)
  at org.junit.runners.model.FrameworkMethod$1.runReflectiveCall(FrameworkMethod.java:59)
  at org.junit.internal.runners.model.ReflectiveCallable.run(ReflectiveCallable.java:12)
  at org.junit.runners.model.FrameworkMethod.invokeExplosively(FrameworkMethod.java:56)
  at org.junit.internal.runners.statements.InvokeMethod.evaluate(InvokeMethod.java:17)
  at org.junit.runners.ParentRunner$3.evaluate(ParentRunner.java:306)
  at org.junit.runners.BlockJUnit4ClassRunner$1.evaluate(BlockJUnit4ClassRunner.java:100)
  at org.junit.runners.ParentRunner.runLeaf(ParentRunner.java:366)
  at org.junit.runners.BlockJUnit4ClassRunner.runChild(BlockJUnit4ClassRunner.java:103)
  at org.junit.runners.BlockJUnit4ClassRunner.runChild(BlockJUnit4ClassRunner.java:63)
  at org.junit.runners.ParentRunner$4.run(ParentRunner.java:331)
  at org.junit.runners.ParentRunner$1.schedule(ParentRunner.java:79)
  at org.junit.runners.ParentRunner.runChildren(ParentRunner.java:329)
  at org.junit.runners.ParentRunner.access$100(ParentRunner.java:66)
  at org.junit.runners.ParentRunner$2.evaluate(ParentRunner.java:293)
  at org.junit.runners.ParentRunner$3.evaluate(ParentRunner.java:306)
  at org.junit.runners.ParentRunner.run(ParentRunner.java:413)
  at org.junit.runner.JUnitCore.run(JUnitCore.java:137)
  at org.junit.runner.JUnitCore.run(JUnitCore.java:115)
  at org.gradle.api.internal.tasks.testing.junit.JUnitTestExecutor.runRequest(JUnitTestExecutor.java:175)
  at org.gradle.api.internal.tasks.testing.junit.JUnitTestExecutor.accept(JUnitTestExecutor.java:84)
  at org.gradle.api.internal.tasks.testing.junit.JUnitTestExecutor.accept(JUnitTestExecutor.java:47)
  at org.gradle.api.internal.tasks.testing.junit.AbstractJUnitTestDefinitionProcessor.processTestDefinition(AbstractJUnitTestDefinitionProcessor.java:65)
  at org.gradle.api.internal.tasks.testing.SuiteTestDefinitionProcessor.processTestDefinition(SuiteTestDefinitionProcessor.java:54)
  at java.base/jdk.internal.reflect.DirectMethodHandleAccessor.invoke(DirectMethodHandleAccessor.java:104)
  at java.base/java.lang.reflect.Method.invoke(Method.java:565)
  at org.gradle.internal.dispatch.MethodInvocation.invokeOn(MethodInvocation.java:77)
  at org.gradle.internal.dispatch.ReflectionDispatch.dispatch(ReflectionDispatch.java:28)
  at org.gradle.internal.dispatch.ReflectionDispatch.dispatch(ReflectionDispatch.java:19)
  at org.gradle.internal.dispatch.ContextClassLoaderDispatch.dispatch(ContextClassLoaderDispatch.java:33)
  at org.gradle.internal.dispatch.ProxyDispatchAdapter$DispatchingInvocationHandler.invoke(ProxyDispatchAdapter.java:88)
  at jdk.proxy1/jdk.proxy1.$Proxy4.processTestDefinition(Unknown Source)
  at org.gradle.api.internal.tasks.testing.worker.TestWorker$2.run(TestWorker.java:178)
  at org.gradle.api.internal.tasks.testing.worker.TestWorker.executeAndMaintainThreadName(TestWorker.java:126)
  at org.gradle.api.internal.tasks.testing.worker.TestWorker.execute(TestWorker.java:103)
  at org.gradle.api.internal.tasks.testing.worker.TestWorker.execute(TestWorker.java:63)
  at org.gradle.process.internal.worker.child.ActionExecutionWorker.execute(ActionExecutionWorker.java:56)
  at org.gradle.process.internal.worker.child.SystemApplicationClassLoaderWorker.call(SystemApplicationClassLoaderWorker.java:122)
  at org.gradle.process.internal.worker.child.SystemApplicationClassLoaderWorker.call(SystemApplicationClassLoaderWorker.java:72)
  at worker.org.gradle.process.internal.worker.GradleWorkerMain.run(GradleWorkerMain.java:69)
  at worker.org.gradle.process.internal.worker.GradleWorkerMain.main(GradleWorkerMain.java:74)
</stacktrace>
</test-failure>


TypeScriptCompilerTests_C[jvm] > computedPropertiesInDestructuring1_ts has expected errors matching computedPropertiesInDestructuring1_errors_txt[jvm] FAILED

<test-failure test="com.xemantic.typescript.compiler.TypeScriptCompilerTests_C.contextualTypingOfArrayLiterals1_ts has expected errors matching contextualTypingOfArrayLiterals1_errors_txt" platform="jvm">
<message>
Expected diagnostics from baseline typescript-repo/tests/baselines/reference/contextualTypingOfArrayLiterals1.errors.txt but none produced
</message>
<stacktrace>
  at com.xemantic.typescript.compiler.TypeScriptTestSupportKt.errorsMatchBaseline(TypeScriptTestSupport.kt:125)
  at com.xemantic.typescript.compiler.TypeScriptCompilerTests_C.contextualTypingOfArrayLiterals1_ts has expected errors matching contextualTypingOfArrayLiterals1_errors_txt(TypeScriptCompilerTests_C.kt:7840)
  at java.base/jdk.internal.reflect.DirectMethodHandleAccessor.invoke(DirectMethodHandleAccessor.java:104)
  at java.base/java.lang.reflect.Method.invoke(Method.java:565)
  at org.junit.runners.model.FrameworkMethod$1.runReflectiveCall(FrameworkMethod.java:59)
  at org.junit.internal.runners.model.ReflectiveCallable.run(ReflectiveCallable.java:12)
  at org.junit.runners.model.FrameworkMethod.invokeExplosively(FrameworkMethod.java:56)
  at org.junit.internal.runners.statements.InvokeMethod.evaluate(InvokeMethod.java:17)
  at org.junit.runners.ParentRunner$3.evaluate(ParentRunner.java:306)
  at org.junit.runners.BlockJUnit4ClassRunner$1.evaluate(BlockJUnit4ClassRunner.java:100)
  at org.junit.runners.ParentRunner.runLeaf(ParentRunner.java:366)
  at org.junit.runners.BlockJUnit4ClassRunner.runChild(BlockJUnit4ClassRunner.java:103)
  at org.junit.runners.BlockJUnit4ClassRunner.runChild(BlockJUnit4ClassRunner.java:63)
  at org.junit.runners.ParentRunner$4.run(ParentRunner.java:331)
  at org.junit.runners.ParentRunner$1.schedule(ParentRunner.java:79)
  at org.junit.runners.ParentRunner.runChildren(ParentRunner.java:329)
  at org.junit.runners.ParentRunner.access$100(ParentRunner.java:66)
  at org.junit.runners.ParentRunner$2.evaluate(ParentRunner.java:293)
  at org.junit.runners.ParentRunner$3.evaluate(ParentRunner.java:306)
  at org.junit.runners.ParentRunner.run(ParentRunner.java:413)
  at org.junit.runner.JUnitCore.run(JUnitCore.java:137)
  at org.junit.runner.JUnitCore.run(JUnitCore.java:115)
  at org.gradle.api.internal.tasks.testing.junit.JUnitTestExecutor.runRequest(JUnitTestExecutor.java:175)
  at org.gradle.api.internal.tasks.testing.junit.JUnitTestExecutor.accept(JUnitTestExecutor.java:84)
  at org.gradle.api.internal.tasks.testing.junit.JUnitTestExecutor.accept(JUnitTestExecutor.java:47)
  at org.gradle.api.internal.tasks.testing.junit.AbstractJUnitTestDefinitionProcessor.processTestDefinition(AbstractJUnitTestDefinitionProcessor.java:65)
  at org.gradle.api.internal.tasks.testing.SuiteTestDefinitionProcessor.processTestDefinition(SuiteTestDefinitionProcessor.java:54)
  at java.base/jdk.internal.reflect.DirectMethodHandleAccessor.invoke(DirectMethodHandleAccessor.java:104)
  at java.base/java.lang.reflect.Method.invoke(Method.java:565)
  at org.gradle.internal.dispatch.MethodInvocation.invokeOn(MethodInvocation.java:77)
  at org.gradle.internal.dispatch.ReflectionDispatch.dispatch(ReflectionDispatch.java:28)
  at org.gradle.internal.dispatch.ReflectionDispatch.dispatch(ReflectionDispatch.java:19)
  at org.gradle.internal.dispatch.ContextClassLoaderDispatch.dispatch(ContextClassLoaderDispatch.java:33)
  at org.gradle.internal.dispatch.ProxyDispatchAdapter$DispatchingInvocationHandler.invoke(ProxyDispatchAdapter.java:88)
  at jdk.proxy1/jdk.proxy1.$Proxy4.processTestDefinition(Unknown Source)
  at org.gradle.api.internal.tasks.testing.worker.TestWorker$2.run(TestWorker.java:178)
  at org.gradle.api.internal.tasks.testing.worker.TestWorker.executeAndMaintainThreadName(TestWorker.java:126)
  at org.gradle.api.internal.tasks.testing.worker.TestWorker.execute(TestWorker.java:103)
  at org.gradle.api.internal.tasks.testing.worker.TestWorker.execute(TestWorker.java:63)
  at org.gradle.process.internal.worker.child.ActionExecutionWorker.execute(ActionExecutionWorker.java:56)
  at org.gradle.process.internal.worker.child.SystemApplicationClassLoaderWorker.call(SystemApplicationClassLoaderWorker.java:122)
  at org.gradle.process.internal.worker.child.SystemApplicationClassLoaderWorker.call(SystemApplicationClassLoaderWorker.java:72)
  at worker.org.gradle.process.internal.worker.GradleWorkerMain.run(GradleWorkerMain.java:69)
  at worker.org.gradle.process.internal.worker.GradleWorkerMain.main(GradleWorkerMain.java:74)
</stacktrace>
</test-failure>


TypeScriptCompilerTests_C[jvm] > contextualTypingOfArrayLiterals1_ts has expected errors matching contextualTypingOfArrayLiterals1_errors_txt[jvm] FAILED

<test-failure test="com.xemantic.typescript.compiler.TypeScriptCompilerTests_C.cloduleWithDuplicateMember2_ts has expected errors matching cloduleWithDuplicateMember2_errors_txt" platform="jvm">
<message>
Expected diagnostics from baseline typescript-repo/tests/baselines/reference/cloduleWithDuplicateMember2.errors.txt but none produced
</message>
<stacktrace>
  at com.xemantic.typescript.compiler.TypeScriptTestSupportKt.errorsMatchBaseline(TypeScriptTestSupport.kt:125)
  at com.xemantic.typescript.compiler.TypeScriptCompilerTests_C.cloduleWithDuplicateMember2_ts has expected errors matching cloduleWithDuplicateMember2_errors_txt(TypeScriptCompilerTests_C.kt:3192)
  at java.base/jdk.internal.reflect.DirectMethodHandleAccessor.invoke(DirectMethodHandleAccessor.java:104)
  at java.base/java.lang.reflect.Method.invoke(Method.java:565)
  at org.junit.runners.model.FrameworkMethod$1.runReflectiveCall(FrameworkMethod.java:59)
  at org.junit.internal.runners.model.ReflectiveCallable.run(ReflectiveCallable.java:12)
  at org.junit.runners.model.FrameworkMethod.invokeExplosively(FrameworkMethod.java:56)
  at org.junit.internal.runners.statements.InvokeMethod.evaluate(InvokeMethod.java:17)
  at org.junit.runners.ParentRunner$3.evaluate(ParentRunner.java:306)
  at org.junit.runners.BlockJUnit4ClassRunner$1.evaluate(BlockJUnit4ClassRunner.java:100)
  at org.junit.runners.ParentRunner.runLeaf(ParentRunner.java:366)
  at org.junit.runners.BlockJUnit4ClassRunner.runChild(BlockJUnit4ClassRunner.java:103)
  at org.junit.runners.BlockJUnit4ClassRunner.runChild(BlockJUnit4ClassRunner.java:63)
  at org.junit.runners.ParentRunner$4.run(ParentRunner.java:331)
  at org.junit.runners.ParentRunner$1.schedule(ParentRunner.java:79)
  at org.junit.runners.ParentRunner.runChildren(ParentRunner.java:329)
  at org.junit.runners.ParentRunner.access$100(ParentRunner.java:66)
  at org.junit.runners.ParentRunner$2.evaluate(ParentRunner.java:293)
  at org.junit.runners.ParentRunner$3.evaluate(ParentRunner.java:306)
  at org.junit.runners.ParentRunner.run(ParentRunner.java:413)
  at org.junit.runner.JUnitCore.run(JUnitCore.java:137)
  at org.junit.runner.JUnitCore.run(JUnitCore.java:115)
  at org.gradle.api.internal.tasks.testing.junit.JUnitTestExecutor.runRequest(JUnitTestExecutor.java:175)
  at org.gradle.api.internal.tasks.testing.junit.JUnitTestExecutor.accept(JUnitTestExecutor.java:84)
  at org.gradle.api.internal.tasks.testing.junit.JUnitTestExecutor.accept(JUnitTestExecutor.java:47)
  at org.gradle.api.internal.tasks.testing.junit.AbstractJUnitTestDefinitionProcessor.processTestDefinition(AbstractJUnitTestDefinitionProcessor.java:65)
  at org.gradle.api.internal.tasks.testing.SuiteTestDefinitionProcessor.processTestDefinition(SuiteTestDefinitionProcessor.java:54)
  at java.base/jdk.internal.reflect.DirectMethodHandleAccessor.invoke(DirectMethodHandleAccessor.java:104)
  at java.base/java.lang.reflect.Method.invoke(Method.java:565)
  at org.gradle.internal.dispatch.MethodInvocation.invokeOn(MethodInvocation.java:77)
  at org.gradle.internal.dispatch.ReflectionDispatch.dispatch(ReflectionDispatch.java:28)
  at org.gradle.internal.dispatch.ReflectionDispatch.dispatch(ReflectionDispatch.java:19)
  at org.gradle.internal.dispatch.ContextClassLoaderDispatch.dispatch(ContextClassLoaderDispatch.java:33)
  at org.gradle.internal.dispatch.ProxyDispatchAdapter$DispatchingInvocationHandler.invoke(ProxyDispatchAdapter.java:88)
  at jdk.proxy1/jdk.proxy1.$Proxy4.processTestDefinition(Unknown Source)
  at org.gradle.api.internal.tasks.testing.worker.TestWorker$2.run(TestWorker.java:178)
  at org.gradle.api.internal.tasks.testing.worker.TestWorker.executeAndMaintainThreadName(TestWorker.java:126)
  at org.gradle.api.internal.tasks.testing.worker.TestWorker.execute(TestWorker.java:103)
  at org.gradle.api.internal.tasks.testing.worker.TestWorker.execute(TestWorker.java:63)
  at org.gradle.process.internal.worker.child.ActionExecutionWorker.execute(ActionExecutionWorker.java:56)
  at org.gradle.process.internal.worker.child.SystemApplicationClassLoaderWorker.call(SystemApplicationClassLoaderWorker.java:122)
  at org.gradle.process.internal.worker.child.SystemApplicationClassLoaderWorker.call(SystemApplicationClassLoaderWorker.java:72)
  at worker.org.gradle.process.internal.worker.GradleWorkerMain.run(GradleWorkerMain.java:69)
  at worker.org.gradle.process.internal.worker.GradleWorkerMain.main(GradleWorkerMain.java:74)
</stacktrace>
</test-failure>


TypeScriptCompilerTests_C[jvm] > cloduleWithDuplicateMember2_ts has expected errors matching cloduleWithDuplicateMember2_errors_txt[jvm] FAILED

<test-failure test="com.xemantic.typescript.compiler.TypeScriptCompilerTests_C.classWithDuplicateIdentifier_ts has expected errors matching classWithDuplicateIdentifier_errors_txt" platform="jvm">
<message>
--- expected
+++ actual
@@ -1,16 +1,14 @@
 classWithDuplicateIdentifier.ts(3,5): error TS2300: Duplicate identifier 'a'.
 classWithDuplicateIdentifier.ts(3,5): error TS2564: Property 'a' has no initializer and is not definitely assigned in the constructor.
-classWithDuplicateIdentifier.ts(3,5): error TS2717: Subsequent property declarations must have the same type.  Property 'a' must be of type '() => number', but here has type 'number'.
 classWithDuplicateIdentifier.ts(6,5): error TS2300: Duplicate identifier 'b'.
 classWithDuplicateIdentifier.ts(6,5): error TS2564: Property 'b' has no initializer and is not definitely assigned in the constructor.
 classWithDuplicateIdentifier.ts(7,5): error TS2300: Duplicate identifier 'b'.
 classWithDuplicateIdentifier.ts(10,5): error TS2564: Property 'c' has no initializer and is not definitely assigned in the constructor.
 classWithDuplicateIdentifier.ts(11,5): error TS2300: Duplicate identifier 'c'.
 classWithDuplicateIdentifier.ts(11,5): error TS2564: Property 'c' has no initializer and is not definitely assigned in the constructor.
-classWithDuplicateIdentifier.ts(11,5): error TS2717: Subsequent property declarations must have the same type.  Property 'c' must be of type 'number', but here has type 'string'.
 
 
-==== classWithDuplicateIdentifier.ts (10 errors) ====
+==== classWithDuplicateIdentifier.ts (8 errors) ====
     class C {
         a(): number { return 0; } // error: duplicate identifier
         a: number;
@@ -18,9 +16,6 @@
 !!! error TS2300: Duplicate identifier 'a'.
         ~
 !!! error TS2564: Property 'a' has no initializer and is not definitely assigned in the constructor.
-        ~
-!!! error TS2717: Subsequent property declarations must have the same type.  Property 'a' must be of type '() => number', but here has type 'number'.
-!!! related TS6203 classWithDuplicateIdentifier.ts:2:5: 'a' was also declared here.
     }
     class K {
         b: number; // error: duplicate identifier
@@ -41,7 +36,4 @@
 !!! error TS2300: Duplicate identifier 'c'.
         ~
 !!! error TS2564: Property 'c' has no initializer and is not definitely assigned in the constructor.
-        ~
-!!! error TS2717: Subsequent property declarations must have the same type.  Property 'c' must be of type 'number', but here has type 'string'.
-!!! related TS6203 classWithDuplicateIdentifier.ts:10:5: 'c' was also declared here.
     }

</message>
<stacktrace>
  at org.junit.Assert.fail(Assert.java:89)
  at kotlin.test.junit.JUnitAsserter.fail(JUnitSupport.kt:56)
  at kotlin.test.AssertionsKt__AssertionsKt.fail(Assertions.kt:563)
  at kotlin.test.AssertionsKt.fail(Unknown Source)
  at com.xemantic.kotlin.test.SameAsKt.sameAs(SameAs.kt:52)
  at com.xemantic.typescript.compiler.TypeScriptTestSupportKt.errorsMatchBaseline(TypeScriptTestSupport.kt:135)
  at com.xemantic.typescript.compiler.TypeScriptCompilerTests_C.classWithDuplicateIdentifier_ts has expected errors matching classWithDuplicateIdentifier_errors_txt(TypeScriptCompilerTests_C.kt:3003)
  at java.base/jdk.internal.reflect.DirectMethodHandleAccessor.invoke(DirectMethodHandleAccessor.java:104)
  at java.base/java.lang.reflect.Method.invoke(Method.java:565)
  at org.junit.runners.model.FrameworkMethod$1.runReflectiveCall(FrameworkMethod.java:59)
  at org.junit.internal.runners.model.ReflectiveCallable.run(ReflectiveCallable.java:12)
  at org.junit.runners.model.FrameworkMethod.invokeExplosively(FrameworkMethod.java:56)
  at org.junit.internal.runners.statements.InvokeMethod.evaluate(InvokeMethod.java:17)
  at org.junit.runners.ParentRunner$3.evaluate(ParentRunner.java:306)
  at org.junit.runners.BlockJUnit4ClassRunner$1.evaluate(BlockJUnit4ClassRunner.java:100)
  at org.junit.runners.ParentRunner.runLeaf(ParentRunner.java:366)
  at org.junit.runners.BlockJUnit4ClassRunner.runChild(BlockJUnit4ClassRunner.java:103)
  at org.junit.runners.BlockJUnit4ClassRunner.runChild(BlockJUnit4ClassRunner.java:63)
  at org.junit.runners.ParentRunner$4.run(ParentRunner.java:331)
  at org.junit.runners.ParentRunner$1.schedule(ParentRunner.java:79)
  at org.junit.runners.ParentRunner.runChildren(ParentRunner.java:329)
  at org.junit.runners.ParentRunner.access$100(ParentRunner.java:66)
  at org.junit.runners.ParentRunner$2.evaluate(ParentRunner.java:293)
  at org.junit.runners.ParentRunner$3.evaluate(ParentRunner.java:306)
  at org.junit.runners.ParentRunner.run(ParentRunner.java:413)
  at org.junit.runner.JUnitCore.run(JUnitCore.java:137)
  at org.junit.runner.JUnitCore.run(JUnitCore.java:115)
  at org.gradle.api.internal.tasks.testing.junit.JUnitTestExecutor.runRequest(JUnitTestExecutor.java:175)
  at org.gradle.api.internal.tasks.testing.junit.JUnitTestExecutor.accept(JUnitTestExecutor.java:84)
  at org.gradle.api.internal.tasks.testing.junit.JUnitTestExecutor.accept(JUnitTestExecutor.java:47)
  at org.gradle.api.internal.tasks.testing.junit.AbstractJUnitTestDefinitionProcessor.processTestDefinition(AbstractJUnitTestDefinitionProcessor.java:65)
  at org.gradle.api.internal.tasks.testing.SuiteTestDefinitionProcessor.processTestDefinition(SuiteTestDefinitionProcessor.java:54)
  at java.base/jdk.internal.reflect.DirectMethodHandleAccessor.invoke(DirectMethodHandleAccessor.java:104)
  at java.base/java.lang.reflect.Method.invoke(Method.java:565)
  at org.gradle.internal.dispatch.MethodInvocation.invokeOn(MethodInvocation.java:77)
  at org.gradle.internal.dispatch.ReflectionDispatch.dispatch(ReflectionDispatch.java:28)
  at org.gradle.internal.dispatch.ReflectionDispatch.dispatch(ReflectionDispatch.java:19)
  at org.gradle.internal.dispatch.ContextClassLoaderDispatch.dispatch(ContextClassLoaderDispatch.java:33)
  at org.gradle.internal.dispatch.ProxyDispatchAdapter$DispatchingInvocationHandler.invoke(ProxyDispatchAdapter.java:88)
  at jdk.proxy1/jdk.proxy1.$Proxy4.processTestDefinition(Unknown Source)
  at org.gradle.api.internal.tasks.testing.worker.TestWorker$2.run(TestWorker.java:178)
  at org.gradle.api.internal.tasks.testing.worker.TestWorker.executeAndMaintainThreadName(TestWorker.java:126)
  at org.gradle.api.internal.tasks.testing.worker.TestWorker.execute(TestWorker.java:103)
  at org.gradle.api.internal.tasks.testing.worker.TestWorker.execute(TestWorker.java:63)
  at org.gradle.process.internal.worker.child.ActionExecutionWorker.execute(ActionExecutionWorker.java:56)
  at org.gradle.process.internal.worker.child.SystemApplicationClassLoaderWorker.call(SystemApplicationClassLoaderWorker.java:122)
  at org.gradle.process.internal.worker.child.SystemApplicationClassLoaderWorker.call(SystemApplicationClassLoaderWorker.java:72)
  at worker.org.gradle.process.internal.worker.GradleWorkerMain.run(GradleWorkerMain.java:69)
  at worker.org.gradle.process.internal.worker.GradleWorkerMain.main(GradleWorkerMain.java:74)
</stacktrace>
</test-failure>


TypeScriptCompilerTests_C[jvm] > classWithDuplicateIdentifier_ts has expected errors matching classWithDuplicateIdentifier_errors_txt[jvm] FAILED

<test-failure test="com.xemantic.typescript.compiler.TypeScriptCompilerTests_C.ctsFileInEsnextHelpers_ts has expected errors matching ctsFileInEsnextHelpers_errors_txt" platform="jvm">
<message>
Expected diagnostics from baseline typescript-repo/tests/baselines/reference/ctsFileInEsnextHelpers.errors.txt but none produced
</message>
<stacktrace>
  at com.xemantic.typescript.compiler.TypeScriptTestSupportKt.errorsMatchBaseline(TypeScriptTestSupport.kt:125)
  at com.xemantic.typescript.compiler.TypeScriptCompilerTests_C.ctsFileInEsnextHelpers_ts has expected errors matching ctsFileInEsnextHelpers_errors_txt(TypeScriptCompilerTests_C.kt:8904)
  at java.base/jdk.internal.reflect.DirectMethodHandleAccessor.invoke(DirectMethodHandleAccessor.java:104)
  at java.base/java.lang.reflect.Method.invoke(Method.java:565)
  at org.junit.runners.model.FrameworkMethod$1.runReflectiveCall(FrameworkMethod.java:59)
  at org.junit.internal.runners.model.ReflectiveCallable.run(ReflectiveCallable.java:12)
  at org.junit.runners.model.FrameworkMethod.invokeExplosively(FrameworkMethod.java:56)
  at org.junit.internal.runners.statements.InvokeMethod.evaluate(InvokeMethod.java:17)
  at org.junit.runners.ParentRunner$3.evaluate(ParentRunner.java:306)
  at org.junit.runners.BlockJUnit4ClassRunner$1.evaluate(BlockJUnit4ClassRunner.java:100)
  at org.junit.runners.ParentRunner.runLeaf(ParentRunner.java:366)
  at org.junit.runners.BlockJUnit4ClassRunner.runChild(BlockJUnit4ClassRunner.java:103)
  at org.junit.runners.BlockJUnit4ClassRunner.runChild(BlockJUnit4ClassRunner.java:63)
  at org.junit.runners.ParentRunner$4.run(ParentRunner.java:331)
  at org.junit.runners.ParentRunner$1.schedule(ParentRunner.java:79)
  at org.junit.runners.ParentRunner.runChildren(ParentRunner.java:329)
  at org.junit.runners.ParentRunner.access$100(ParentRunner.java:66)
  at org.junit.runners.ParentRunner$2.evaluate(ParentRunner.java:293)
  at org.junit.runners.ParentRunner$3.evaluate(ParentRunner.java:306)
  at org.junit.runners.ParentRunner.run(ParentRunner.java:413)
  at org.junit.runner.JUnitCore.run(JUnitCore.java:137)
  at org.junit.runner.JUnitCore.run(JUnitCore.java:115)
  at org.gradle.api.internal.tasks.testing.junit.JUnitTestExecutor.runRequest(JUnitTestExecutor.java:175)
  at org.gradle.api.internal.tasks.testing.junit.JUnitTestExecutor.accept(JUnitTestExecutor.java:84)
  at org.gradle.api.internal.tasks.testing.junit.JUnitTestExecutor.accept(JUnitTestExecutor.java:47)
  at org.gradle.api.internal.tasks.testing.junit.AbstractJUnitTestDefinitionProcessor.processTestDefinition(AbstractJUnitTestDefinitionProcessor.java:65)
  at org.gradle.api.internal.tasks.testing.SuiteTestDefinitionProcessor.processTestDefinition(SuiteTestDefinitionProcessor.java:54)
  at java.base/jdk.internal.reflect.DirectMethodHandleAccessor.invoke(DirectMethodHandleAccessor.java:104)
  at java.base/java.lang.reflect.Method.invoke(Method.java:565)
  at org.gradle.internal.dispatch.MethodInvocation.invokeOn(MethodInvocation.java:77)
  at org.gradle.internal.dispatch.ReflectionDispatch.dispatch(ReflectionDispatch.java:28)
  at org.gradle.internal.dispatch.ReflectionDispatch.dispatch(ReflectionDispatch.java:19)
  at org.gradle.internal.dispatch.ContextClassLoaderDispatch.dispatch(ContextClassLoaderDispatch.java:33)
  at org.gradle.internal.dispatch.ProxyDispatchAdapter$DispatchingInvocationHandler.invoke(ProxyDispatchAdapter.java:88)
  at jdk.proxy1/jdk.proxy1.$Proxy4.processTestDefinition(Unknown Source)
  at org.gradle.api.internal.tasks.testing.worker.TestWorker$2.run(TestWorker.java:178)
  at org.gradle.api.internal.tasks.testing.worker.TestWorker.executeAndMaintainThreadName(TestWorker.java:126)
  at org.gradle.api.internal.tasks.testing.worker.TestWorker.execute(TestWorker.java:103)
  at org.gradle.api.internal.tasks.testing.worker.TestWorker.execute(TestWorker.java:63)
  at org.gradle.process.internal.worker.child.ActionExecutionWorker.execute(ActionExecutionWorker.java:56)
  at org.gradle.process.internal.worker.child.SystemApplicationClassLoaderWorker.call(SystemApplicationClassLoaderWorker.java:122)
  at org.gradle.process.internal.worker.child.SystemApplicationClassLoaderWorker.call(SystemApplicationClassLoaderWorker.java:72)
  at worker.org.gradle.process.internal.worker.GradleWorkerMain.run(GradleWorkerMain.java:69)
  at worker.org.gradle.process.internal.worker.GradleWorkerMain.main(GradleWorkerMain.java:74)
</stacktrace>
</test-failure>


TypeScriptCompilerTests_C[jvm] > ctsFileInEsnextHelpers_ts has expected errors matching ctsFileInEsnextHelpers_errors_txt[jvm] FAILED

<test-failure test="com.xemantic.typescript.compiler.TypeScriptCompilerTests_C.constEnumBadPropertyNames_ts has expected errors matching constEnumBadPropertyNames_errors_txt" platform="jvm">
<message>
Expected diagnostics from baseline typescript-repo/tests/baselines/reference/constEnumBadPropertyNames.errors.txt but none produced
</message>
<stacktrace>
  at com.xemantic.typescript.compiler.TypeScriptTestSupportKt.errorsMatchBaseline(TypeScriptTestSupport.kt:125)
  at com.xemantic.typescript.compiler.TypeScriptCompilerTests_C.constEnumBadPropertyNames_ts has expected errors matching constEnumBadPropertyNames_errors_txt(TypeScriptCompilerTests_C.kt:6307)
  at java.base/jdk.internal.reflect.DirectMethodHandleAccessor.invoke(DirectMethodHandleAccessor.java:104)
  at java.base/java.lang.reflect.Method.invoke(Method.java:565)
  at org.junit.runners.model.FrameworkMethod$1.runReflectiveCall(FrameworkMethod.java:59)
  at org.junit.internal.runners.model.ReflectiveCallable.run(ReflectiveCallable.java:12)
  at org.junit.runners.model.FrameworkMethod.invokeExplosively(FrameworkMethod.java:56)
  at org.junit.internal.runners.statements.InvokeMethod.evaluate(InvokeMethod.java:17)
  at org.junit.runners.ParentRunner$3.evaluate(ParentRunner.java:306)
  at org.junit.runners.BlockJUnit4ClassRunner$1.evaluate(BlockJUnit4ClassRunner.java:100)
  at org.junit.runners.ParentRunner.runLeaf(ParentRunner.java:366)
  at org.junit.runners.BlockJUnit4ClassRunner.runChild(BlockJUnit4ClassRunner.java:103)
  at org.junit.runners.BlockJUnit4ClassRunner.runChild(BlockJUnit4ClassRunner.java:63)
  at org.junit.runners.ParentRunner$4.run(ParentRunner.java:331)
  at org.junit.runners.ParentRunner$1.schedule(ParentRunner.java:79)
  at org.junit.runners.ParentRunner.runChildren(ParentRunner.java:329)
  at org.junit.runners.ParentRunner.access$100(ParentRunner.java:66)
  at org.junit.runners.ParentRunner$2.evaluate(ParentRunner.java:293)
  at org.junit.runners.ParentRunner$3.evaluate(ParentRunner.java:306)
  at org.junit.runners.ParentRunner.run(ParentRunner.java:413)
  at org.junit.runner.JUnitCore.run(JUnitCore.java:137)
  at org.junit.runner.JUnitCore.run(JUnitCore.java:115)
  at org.gradle.api.internal.tasks.testing.junit.JUnitTestExecutor.runRequest(JUnitTestExecutor.java:175)
  at org.gradle.api.internal.tasks.testing.junit.JUnitTestExecutor.accept(JUnitTestExecutor.java:84)
  at org.gradle.api.internal.tasks.testing.junit.JUnitTestExecutor.accept(JUnitTestExecutor.java:47)
  at org.gradle.api.internal.tasks.testing.junit.AbstractJUnitTestDefinitionProcessor.processTestDefinition(AbstractJUnitTestDefinitionProcessor.java:65)
  at org.gradle.api.internal.tasks.testing.SuiteTestDefinitionProcessor.processTestDefinition(SuiteTestDefinitionProcessor.java:54)
  at java.base/jdk.internal.reflect.DirectMethodHandleAccessor.invoke(DirectMethodHandleAccessor.java:104)
  at java.base/java.lang.reflect.Method.invoke(Method.java:565)
  at org.gradle.internal.dispatch.MethodInvocation.invokeOn(MethodInvocation.java:77)
  at org.gradle.internal.dispatch.ReflectionDispatch.dispatch(ReflectionDispatch.java:28)
  at org.gradle.internal.dispatch.ReflectionDispatch.dispatch(ReflectionDispatch.java:19)
  at org.gradle.internal.dispatch.ContextClassLoaderDispatch.dispatch(ContextClassLoaderDispatch.java:33)
  at org.gradle.internal.dispatch.ProxyDispatchAdapter$DispatchingInvocationHandler.invoke(ProxyDispatchAdapter.java:88)
  at jdk.proxy1/jdk.proxy1.$Proxy4.processTestDefinition(Unknown Source)
  at org.gradle.api.internal.tasks.testing.worker.TestWorker$2.run(TestWorker.java:178)
  at org.gradle.api.internal.tasks.testing.worker.TestWorker.executeAndMaintainThreadName(TestWorker.java:126)
  at org.gradle.api.internal.tasks.testing.worker.TestWorker.execute(TestWorker.java:103)
  at org.gradle.api.internal.tasks.testing.worker.TestWorker.execute(TestWorker.java:63)
  at org.gradle.process.internal.worker.child.ActionExecutionWorker.execute(ActionExecutionWorker.java:56)
  at org.gradle.process.internal.worker.child.SystemApplicationClassLoaderWorker.call(SystemApplicationClassLoaderWorker.java:122)
  at org.gradle.process.internal.worker.child.SystemApplicationClassLoaderWorker.call(SystemApplicationClassLoaderWorker.java:72)
  at worker.org.gradle.process.internal.worker.GradleWorkerMain.run(GradleWorkerMain.java:69)
  at worker.org.gradle.process.internal.worker.GradleWorkerMain.main(GradleWorkerMain.java:74)
</stacktrace>
</test-failure>


TypeScriptCompilerTests_C[jvm] > constEnumBadPropertyNames_ts has expected errors matching constEnumBadPropertyNames_errors_txt[jvm] FAILED

<test-failure test="com.xemantic.typescript.compiler.TypeScriptCompilerTests_C.contextualTyping11_ts has expected errors matching contextualTyping11_errors_txt" platform="jvm">
<message>
Expected diagnostics from baseline typescript-repo/tests/baselines/reference/contextualTyping11.errors.txt but none produced
</message>
<stacktrace>
  at com.xemantic.typescript.compiler.TypeScriptTestSupportKt.errorsMatchBaseline(TypeScriptTestSupport.kt:125)
  at com.xemantic.typescript.compiler.TypeScriptCompilerTests_C.contextualTyping11_ts has expected errors matching contextualTyping11_errors_txt(TypeScriptCompilerTests_C.kt:7420)
  at java.base/jdk.internal.reflect.DirectMethodHandleAccessor.invoke(DirectMethodHandleAccessor.java:104)
  at java.base/java.lang.reflect.Method.invoke(Method.java:565)
  at org.junit.runners.model.FrameworkMethod$1.runReflectiveCall(FrameworkMethod.java:59)
  at org.junit.internal.runners.model.ReflectiveCallable.run(ReflectiveCallable.java:12)
  at org.junit.runners.model.FrameworkMethod.invokeExplosively(FrameworkMethod.java:56)
  at org.junit.internal.runners.statements.InvokeMethod.evaluate(InvokeMethod.java:17)
  at org.junit.runners.ParentRunner$3.evaluate(ParentRunner.java:306)
  at org.junit.runners.BlockJUnit4ClassRunner$1.evaluate(BlockJUnit4ClassRunner.java:100)
  at org.junit.runners.ParentRunner.runLeaf(ParentRunner.java:366)
  at org.junit.runners.BlockJUnit4ClassRunner.runChild(BlockJUnit4ClassRunner.java:103)
  at org.junit.runners.BlockJUnit4ClassRunner.runChild(BlockJUnit4ClassRunner.java:63)
  at org.junit.runners.ParentRunner$4.run(ParentRunner.java:331)
  at org.junit.runners.ParentRunner$1.schedule(ParentRunner.java:79)
  at org.junit.runners.ParentRunner.runChildren(ParentRunner.java:329)
  at org.junit.runners.ParentRunner.access$100(ParentRunner.java:66)
  at org.junit.runners.ParentRunner$2.evaluate(ParentRunner.java:293)
  at org.junit.runners.ParentRunner$3.evaluate(ParentRunner.java:306)
  at org.junit.runners.ParentRunner.run(ParentRunner.java:413)
  at org.junit.runner.JUnitCore.run(JUnitCore.java:137)
  at org.junit.runner.JUnitCore.run(JUnitCore.java:115)
  at org.gradle.api.internal.tasks.testing.junit.JUnitTestExecutor.runRequest(JUnitTestExecutor.java:175)
  at org.gradle.api.internal.tasks.testing.junit.JUnitTestExecutor.accept(JUnitTestExecutor.java:84)
  at org.gradle.api.internal.tasks.testing.junit.JUnitTestExecutor.accept(JUnitTestExecutor.java:47)
  at org.gradle.api.internal.tasks.testing.junit.AbstractJUnitTestDefinitionProcessor.processTestDefinition(AbstractJUnitTestDefinitionProcessor.java:65)
  at org.gradle.api.internal.tasks.testing.SuiteTestDefinitionProcessor.processTestDefinition(SuiteTestDefinitionProcessor.java:54)
  at java.base/jdk.internal.reflect.DirectMethodHandleAccessor.invoke(DirectMethodHandleAccessor.java:104)
  at java.base/java.lang.reflect.Method.invoke(Method.java:565)
  at org.gradle.internal.dispatch.MethodInvocation.invokeOn(MethodInvocation.java:77)
  at org.gradle.internal.dispatch.ReflectionDispatch.dispatch(ReflectionDispatch.java:28)
  at org.gradle.internal.dispatch.ReflectionDispatch.dispatch(ReflectionDispatch.java:19)
  at org.gradle.internal.dispatch.ContextClassLoaderDispatch.dispatch(ContextClassLoaderDispatch.java:33)
  at org.gradle.internal.dispatch.ProxyDispatchAdapter$DispatchingInvocationHandler.invoke(ProxyDispatchAdapter.java:88)
  at jdk.proxy1/jdk.proxy1.$Proxy4.processTestDefinition(Unknown Source)
  at org.gradle.api.internal.tasks.testing.worker.TestWorker$2.run(TestWorker.java:178)
  at org.gradle.api.internal.tasks.testing.worker.TestWorker.executeAndMaintainThreadName(TestWorker.java:126)
  at org.gradle.api.internal.tasks.testing.worker.TestWorker.execute(TestWorker.java:103)
  at org.gradle.api.internal.tasks.testing.worker.TestWorker.execute(TestWorker.java:63)
  at org.gradle.process.internal.worker.child.ActionExecutionWorker.execute(ActionExecutionWorker.java:56)
  at org.gradle.process.internal.worker.child.SystemApplicationClassLoaderWorker.call(SystemApplicationClassLoaderWorker.java:122)
  at org.gradle.process.internal.worker.child.SystemApplicationClassLoaderWorker.call(SystemApplicationClassLoaderWorker.java:72)
  at worker.org.gradle.process.internal.worker.GradleWorkerMain.run(GradleWorkerMain.java:69)
  at worker.org.gradle.process.internal.worker.GradleWorkerMain.main(GradleWorkerMain.java:74)
</stacktrace>
</test-failure>


TypeScriptCompilerTests_C[jvm] > contextualTyping11_ts has expected errors matching contextualTyping11_errors_txt[jvm] FAILED

<test-failure test="com.xemantic.typescript.compiler.TypeScriptCompilerTests_C.capturedLetConstInLoop6_ES6_ts has expected errors matching capturedLetConstInLoop6_ES6_errors_txt" platform="jvm">
<message>
Expected diagnostics from baseline typescript-repo/tests/baselines/reference/capturedLetConstInLoop6_ES6.errors.txt but none produced
</message>
<stacktrace>
  at com.xemantic.typescript.compiler.TypeScriptTestSupportKt.errorsMatchBaseline(TypeScriptTestSupport.kt:125)
  at com.xemantic.typescript.compiler.TypeScriptCompilerTests_C.capturedLetConstInLoop6_ES6_ts has expected errors matching capturedLetConstInLoop6_ES6_errors_txt(TypeScriptCompilerTests_C.kt:777)
  at java.base/jdk.internal.reflect.DirectMethodHandleAccessor.invoke(DirectMethodHandleAccessor.java:104)
  at java.base/java.lang.reflect.Method.invoke(Method.java:565)
  at org.junit.runners.model.FrameworkMethod$1.runReflectiveCall(FrameworkMethod.java:59)
  at org.junit.internal.runners.model.ReflectiveCallable.run(ReflectiveCallable.java:12)
  at org.junit.runners.model.FrameworkMethod.invokeExplosively(FrameworkMethod.java:56)
  at org.junit.internal.runners.statements.InvokeMethod.evaluate(InvokeMethod.java:17)
  at org.junit.runners.ParentRunner$3.evaluate(ParentRunner.java:306)
  at org.junit.runners.BlockJUnit4ClassRunner$1.evaluate(BlockJUnit4ClassRunner.java:100)
  at org.junit.runners.ParentRunner.runLeaf(ParentRunner.java:366)
  at org.junit.runners.BlockJUnit4ClassRunner.runChild(BlockJUnit4ClassRunner.java:103)
  at org.junit.runners.BlockJUnit4ClassRunner.runChild(BlockJUnit4ClassRunner.java:63)
  at org.junit.runners.ParentRunner$4.run(ParentRunner.java:331)
  at org.junit.runners.ParentRunner$1.schedule(ParentRunner.java:79)
  at org.junit.runners.ParentRunner.runChildren(ParentRunner.java:329)
  at org.junit.runners.ParentRunner.access$100(ParentRunner.java:66)
  at org.junit.runners.ParentRunner$2.evaluate(ParentRunner.java:293)
  at org.junit.runners.ParentRunner$3.evaluate(ParentRunner.java:306)
  at org.junit.runners.ParentRunner.run(ParentRunner.java:413)
  at org.junit.runner.JUnitCore.run(JUnitCore.java:137)
  at org.junit.runner.JUnitCore.run(JUnitCore.java:115)
  at org.gradle.api.internal.tasks.testing.junit.JUnitTestExecutor.runRequest(JUnitTestExecutor.java:175)
  at org.gradle.api.internal.tasks.testing.junit.JUnitTestExecutor.accept(JUnitTestExecutor.java:84)
  at org.gradle.api.internal.tasks.testing.junit.JUnitTestExecutor.accept(JUnitTestExecutor.java:47)
  at org.gradle.api.internal.tasks.testing.junit.AbstractJUnitTestDefinitionProcessor.processTestDefinition(AbstractJUnitTestDefinitionProcessor.java:65)
  at org.gradle.api.internal.tasks.testing.SuiteTestDefinitionProcessor.processTestDefinition(SuiteTestDefinitionProcessor.java:54)
  at java.base/jdk.internal.reflect.DirectMethodHandleAccessor.invoke(DirectMethodHandleAccessor.java:104)
  at java.base/java.lang.reflect.Method.invoke(Method.java:565)
  at org.gradle.internal.dispatch.MethodInvocation.invokeOn(MethodInvocation.java:77)
  at org.gradle.internal.dispatch.ReflectionDispatch.dispatch(ReflectionDispatch.java:28)
  at org.gradle.internal.dispatch.ReflectionDispatch.dispatch(ReflectionDispatch.java:19)
  at org.gradle.internal.dispatch.ContextClassLoaderDispatch.dispatch(ContextClassLoaderDispatch.java:33)
  at org.gradle.internal.dispatch.ProxyDispatchAdapter$DispatchingInvocationHandler.invoke(ProxyDispatchAdapter.java:88)
  at jdk.proxy1/jdk.proxy1.$Proxy4.processTestDefinition(Unknown Source)
  at org.gradle.api.internal.tasks.testing.worker.TestWorker$2.run(TestWorker.java:178)
  at org.gradle.api.internal.tasks.testing.worker.TestWorker.executeAndMaintainThreadName(TestWorker.java:126)
  at org.gradle.api.internal.tasks.testing.worker.TestWorker.execute(TestWorker.java:103)
  at org.gradle.api.internal.tasks.testing.worker.TestWorker.execute(TestWorker.java:63)
  at org.gradle.process.internal.worker.child.ActionExecutionWorker.execute(ActionExecutionWorker.java:56)
  at org.gradle.process.internal.worker.child.SystemApplicationClassLoaderWorker.call(SystemApplicationClassLoaderWorker.java:122)
  at org.gradle.process.internal.worker.child.SystemApplicationClassLoaderWorker.call(SystemApplicationClassLoaderWorker.java:72)
  at worker.org.gradle.process.internal.worker.GradleWorkerMain.run(GradleWorkerMain.java:69)
  at worker.org.gradle.process.internal.worker.GradleWorkerMain.main(GradleWorkerMain.java:74)
</stacktrace>
</test-failure>


TypeScriptCompilerTests_C[jvm] > capturedLetConstInLoop6_ES6_ts has expected errors matching capturedLetConstInLoop6_ES6_errors_txt[jvm] FAILED

<test-failure test="com.xemantic.typescript.compiler.TypeScriptCompilerTests_C.computedEnumMemberSyntacticallyString2_ts__isolatedmodules_true__has expected errors matching baseline" platform="jvm">
<message>
Expected diagnostics from baseline typescript-repo/tests/baselines/reference/computedEnumMemberSyntacticallyString2(isolatedmodules=true).errors.txt but none produced
</message>
<stacktrace>
  at com.xemantic.typescript.compiler.TypeScriptTestSupportKt.errorsMatchBaseline(TypeScriptTestSupport.kt:125)
  at com.xemantic.typescript.compiler.TypeScriptCompilerTests_C.computedEnumMemberSyntacticallyString2_ts__isolatedmodules_true__has expected errors matching baseline(TypeScriptCompilerTests_C.kt:5313)
  at java.base/jdk.internal.reflect.DirectMethodHandleAccessor.invoke(DirectMethodHandleAccessor.java:104)
  at java.base/java.lang.reflect.Method.invoke(Method.java:565)
  at org.junit.runners.model.FrameworkMethod$1.runReflectiveCall(FrameworkMethod.java:59)
  at org.junit.internal.runners.model.ReflectiveCallable.run(ReflectiveCallable.java:12)
  at org.junit.runners.model.FrameworkMethod.invokeExplosively(FrameworkMethod.java:56)
  at org.junit.internal.runners.statements.InvokeMethod.evaluate(InvokeMethod.java:17)
  at org.junit.runners.ParentRunner$3.evaluate(ParentRunner.java:306)
  at org.junit.runners.BlockJUnit4ClassRunner$1.evaluate(BlockJUnit4ClassRunner.java:100)
  at org.junit.runners.ParentRunner.runLeaf(ParentRunner.java:366)
  at org.junit.runners.BlockJUnit4ClassRunner.runChild(BlockJUnit4ClassRunner.java:103)
  at org.junit.runners.BlockJUnit4ClassRunner.runChild(BlockJUnit4ClassRunner.java:63)
  at org.junit.runners.ParentRunner$4.run(ParentRunner.java:331)
  at org.junit.runners.ParentRunner$1.schedule(ParentRunner.java:79)
  at org.junit.runners.ParentRunner.runChildren(ParentRunner.java:329)
  at org.junit.runners.ParentRunner.access$100(ParentRunner.java:66)
  at org.junit.runners.ParentRunner$2.evaluate(ParentRunner.java:293)
  at org.junit.runners.ParentRunner$3.evaluate(ParentRunner.java:306)
  at org.junit.runners.ParentRunner.run(ParentRunner.java:413)
  at org.junit.runner.JUnitCore.run(JUnitCore.java:137)
  at org.junit.runner.JUnitCore.run(JUnitCore.java:115)
  at org.gradle.api.internal.tasks.testing.junit.JUnitTestExecutor.runRequest(JUnitTestExecutor.java:175)
  at org.gradle.api.internal.tasks.testing.junit.JUnitTestExecutor.accept(JUnitTestExecutor.java:84)
  at org.gradle.api.internal.tasks.testing.junit.JUnitTestExecutor.accept(JUnitTestExecutor.java:47)
  at org.gradle.api.internal.tasks.testing.junit.AbstractJUnitTestDefinitionProcessor.processTestDefinition(AbstractJUnitTestDefinitionProcessor.java:65)
  at org.gradle.api.internal.tasks.testing.SuiteTestDefinitionProcessor.processTestDefinition(SuiteTestDefinitionProcessor.java:54)
  at java.base/jdk.internal.reflect.DirectMethodHandleAccessor.invoke(DirectMethodHandleAccessor.java:104)
  at java.base/java.lang.reflect.Method.invoke(Method.java:565)
  at org.gradle.internal.dispatch.MethodInvocation.invokeOn(MethodInvocation.java:77)
  at org.gradle.internal.dispatch.ReflectionDispatch.dispatch(ReflectionDispatch.java:28)
  at org.gradle.internal.dispatch.ReflectionDispatch.dispatch(ReflectionDispatch.java:19)
  at org.gradle.internal.dispatch.ContextClassLoaderDispatch.dispatch(ContextClassLoaderDispatch.java:33)
  at org.gradle.internal.dispatch.ProxyDispatchAdapter$DispatchingInvocationHandler.invoke(ProxyDispatchAdapter.java:88)
  at jdk.proxy1/jdk.proxy1.$Proxy4.processTestDefinition(Unknown Source)
  at org.gradle.api.internal.tasks.testing.worker.TestWorker$2.run(TestWorker.java:178)
  at org.gradle.api.internal.tasks.testing.worker.TestWorker.executeAndMaintainThreadName(TestWorker.java:126)
  at org.gradle.api.internal.tasks.testing.worker.TestWorker.execute(TestWorker.java:103)
  at org.gradle.api.internal.tasks.testing.worker.TestWorker.execute(TestWorker.java:63)
  at org.gradle.process.internal.worker.child.ActionExecutionWorker.execute(ActionExecutionWorker.java:56)
  at org.gradle.process.internal.worker.child.SystemApplicationClassLoaderWorker.call(SystemApplicationClassLoaderWorker.java:122)
  at org.gradle.process.internal.worker.child.SystemApplicationClassLoaderWorker.call(SystemApplicationClassLoaderWorker.java:72)
  at worker.org.gradle.process.internal.worker.GradleWorkerMain.run(GradleWorkerMain.java:69)
  at worker.org.gradle.process.internal.worker.GradleWorkerMain.main(GradleWorkerMain.java:74)
</stacktrace>
</test-failure>


TypeScriptCompilerTests_C[jvm] > computedEnumMemberSyntacticallyString2_ts__isolatedmodules_true__has expected errors matching baseline[jvm] FAILED

<test-failure test="com.xemantic.typescript.compiler.TypeScriptCompilerTests_C.classPropertyErrorOnNameOnly_ts has expected errors matching classPropertyErrorOnNameOnly_errors_txt" platform="jvm">
<message>
--- expected
+++ actual
@@ -1,12 +1,12 @@
-classPropertyErrorOnNameOnly.ts(7,3): error TS2322: Type '(val: Values) => "1" | "2" | "3" | "4" | "5" | undefined' is not assignable to type 'FuncType'.
-  Type 'string | undefined' is not assignable to type 'string'.
-    Type 'undefined' is not assignable to type 'string'.
-classPropertyErrorOnNameOnly.ts(24,7): error TS2322: Type '(val: Values) => "1" | "2" | "3" | "4" | "5" | undefined' is not assignable to type 'FuncType'.
-  Type 'string | undefined' is not assignable to type 'string'.
-    Type 'undefined' is not assignable to type 'string'.
+classPropertyErrorOnNameOnly.ts(7,3): error TS2322: Type '(val: any) => void' is not assignable to type 'FuncType'.
+  Type 'void' is not assignable to type 'string'.
+classPropertyErrorOnNameOnly.ts(7,36): error TS7006: Parameter 'val' implicitly has an 'any' type.
+classPropertyErrorOnNameOnly.ts(24,7): error TS2322: Type '(val: any) => void' is not assignable to type 'FuncType'.
+  Type 'void' is not assignable to type 'string'.
+classPropertyErrorOnNameOnly.ts(24,41): error TS7006: Parameter 'val' implicitly has an 'any' type.
 
 
-==== classPropertyErrorOnNameOnly.ts (2 errors) ====
+==== classPropertyErrorOnNameOnly.ts (4 errors) ====
     type Values = 1 | 2 | 3 | 4 | 5 | 6
     
     type FuncType = (arg: Values) => string
@@ -15,9 +15,10 @@
     class Example {
       insideClass: FuncType = function(val) { // error span goes from here
       ~~~~~~~~~~~
-!!! error TS2322: Type '(val: Values) => "1" | "2" | "3" | "4" | "5" | undefined' is not assignable to type 'FuncType'.
-!!! error TS2322:   Type 'string | undefined' is not assignable to type 'string'.
-!!! error TS2322:     Type 'undefined' is not assignable to type 'string'.
+!!! error TS2322: Type '(val: any) => void' is not assignable to type 'FuncType'.
+!!! error TS2322:   Type 'void' is not assignable to type 'string'.
+                                       ~~~
+!!! error TS7006: Parameter 'val' implicitly has an 'any' type.
         switch (val) {
           case 1:
             return "1";
@@ -36,9 +37,10 @@
     
     const outsideClass: FuncType = function(val) { // compare to errors only on this line in this case 
           ~~~~~~~~~~~~
-!!! error TS2322: Type '(val: Values) => "1" | "2" | "3" | "4" | "5" | undefined' is not assignable to type 'FuncType'.
-!!! error TS2322:   Type 'string | undefined' is not assignable to type 'string'.
-!!! error TS2322:     Type 'undefined' is not assignable to type 'string'.
+!!! error TS2322: Type '(val: any) => void' is not assignable to type 'FuncType'.
+!!! error TS2322:   Type 'void' is not assignable to type 'string'.
+                                            ~~~
+!!! error TS7006: Parameter 'val' implicitly has an 'any' type.
         switch (val) {
           case 1:
             return "1";

</message>
<stacktrace>
  at org.junit.Assert.fail(Assert.java:89)
  at kotlin.test.junit.JUnitAsserter.fail(JUnitSupport.kt:56)
  at kotlin.test.AssertionsKt__AssertionsKt.fail(Assertions.kt:563)
  at kotlin.test.AssertionsKt.fail(Unknown Source)
  at com.xemantic.kotlin.test.SameAsKt.sameAs(SameAs.kt:52)
  at com.xemantic.typescript.compiler.TypeScriptTestSupportKt.errorsMatchBaseline(TypeScriptTestSupport.kt:135)
  at com.xemantic.typescript.compiler.TypeScriptCompilerTests_C.classPropertyErrorOnNameOnly_ts has expected errors matching classPropertyErrorOnNameOnly_errors_txt(TypeScriptCompilerTests_C.kt:2821)
  at java.base/jdk.internal.reflect.DirectMethodHandleAccessor.invoke(DirectMethodHandleAccessor.java:104)
  at java.base/java.lang.reflect.Method.invoke(Method.java:565)
  at org.junit.runners.model.FrameworkMethod$1.runReflectiveCall(FrameworkMethod.java:59)
  at org.junit.internal.runners.model.ReflectiveCallable.run(ReflectiveCallable.java:12)
  at org.junit.runners.model.FrameworkMethod.invokeExplosively(FrameworkMethod.java:56)
  at org.junit.internal.runners.statements.InvokeMethod.evaluate(InvokeMethod.java:17)
  at org.junit.runners.ParentRunner$3.evaluate(ParentRunner.java:306)
  at org.junit.runners.BlockJUnit4ClassRunner$1.evaluate(BlockJUnit4ClassRunner.java:100)
  at org.junit.runners.ParentRunner.runLeaf(ParentRunner.java:366)
  at org.junit.runners.BlockJUnit4ClassRunner.runChild(BlockJUnit4ClassRunner.java:103)
  at org.junit.runners.BlockJUnit4ClassRunner.runChild(BlockJUnit4ClassRunner.java:63)
  at org.junit.runners.ParentRunner$4.run(ParentRunner.java:331)
  at org.junit.runners.ParentRunner$1.schedule(ParentRunner.java:79)
  at org.junit.runners.ParentRunner.runChildren(ParentRunner.java:329)
  at org.junit.runners.ParentRunner.access$100(ParentRunner.java:66)
  at org.junit.runners.ParentRunner$2.evaluate(ParentRunner.java:293)
  at org.junit.runners.ParentRunner$3.evaluate(ParentRunner.java:306)
  at org.junit.runners.ParentRunner.run(ParentRunner.java:413)
  at org.junit.runner.JUnitCore.run(JUnitCore.java:137)
  at org.junit.runner.JUnitCore.run(JUnitCore.java:115)
  at org.gradle.api.internal.tasks.testing.junit.JUnitTestExecutor.runRequest(JUnitTestExecutor.java:175)
  at org.gradle.api.internal.tasks.testing.junit.JUnitTestExecutor.accept(JUnitTestExecutor.java:84)
  at org.gradle.api.internal.tasks.testing.junit.JUnitTestExecutor.accept(JUnitTestExecutor.java:47)
  at org.gradle.api.internal.tasks.testing.junit.AbstractJUnitTestDefinitionProcessor.processTestDefinition(AbstractJUnitTestDefinitionProcessor.java:65)
  at org.gradle.api.internal.tasks.testing.SuiteTestDefinitionProcessor.processTestDefinition(SuiteTestDefinitionProcessor.java:54)
  at java.base/jdk.internal.reflect.DirectMethodHandleAccessor.invoke(DirectMethodHandleAccessor.java:104)
  at java.base/java.lang.reflect.Method.invoke(Method.java:565)
  at org.gradle.internal.dispatch.MethodInvocation.invokeOn(MethodInvocation.java:77)
  at org.gradle.internal.dispatch.ReflectionDispatch.dispatch(ReflectionDispatch.java:28)
  at org.gradle.internal.dispatch.ReflectionDispatch.dispatch(ReflectionDispatch.java:19)
  at org.gradle.internal.dispatch.ContextClassLoaderDispatch.dispatch(ContextClassLoaderDispatch.java:33)
  at org.gradle.internal.dispatch.ProxyDispatchAdapter$DispatchingInvocationHandler.invoke(ProxyDispatchAdapter.java:88)
  at jdk.proxy1/jdk.proxy1.$Proxy4.processTestDefinition(Unknown Source)
  at org.gradle.api.internal.tasks.testing.worker.TestWorker$2.run(TestWorker.java:178)
  at org.gradle.api.internal.tasks.testing.worker.TestWorker.executeAndMaintainThreadName(TestWorker.java:126)
  at org.gradle.api.internal.tasks.testing.worker.TestWorker.execute(TestWorker.java:103)
  at org.gradle.api.internal.tasks.testing.worker.TestWorker.execute(TestWorker.java:63)
  at org.gradle.process.internal.worker.child.ActionExecutionWorker.execute(ActionExecutionWorker.java:56)
  at org.gradle.process.internal.worker.child.SystemApplicationClassLoaderWorker.call(SystemApplicationClassLoaderWorker.java:122)
  at org.gradle.process.internal.worker.child.SystemApplicationClassLoaderWorker.call(SystemApplicationClassLoaderWorker.java:72)
  at worker.org.gradle.process.internal.worker.GradleWorkerMain.run(GradleWorkerMain.java:69)
  at worker.org.gradle.process.internal.worker.GradleWorkerMain.main(GradleWorkerMain.java:74)
</stacktrace>
</test-failure>


TypeScriptCompilerTests_C[jvm] > classPropertyErrorOnNameOnly_ts has expected errors matching classPropertyErrorOnNameOnly_errors_txt[jvm] FAILED

<test-failure test="com.xemantic.typescript.compiler.TypeScriptCompilerTests_C.capturedParametersInInitializers2_ts__target_es2015__compiles to JavaScript matching baseline" platform="jvm">
<message>
--- expected
+++ actual
@@ -18,32 +18,19 @@
 
 //// [capturedParametersInInitializers2.js]
 "use strict";
-var __setFunctionName = (this && this.__setFunctionName) || function (f, name, prefix) {
-    if (typeof name === "symbol") name = name.description ? "[".concat(name.description, "]") : "";
-    return Object.defineProperty(f, "name", { configurable: true, value: prefix ? "".concat(prefix, " ", name) : name });
-};
-function foo(y, x, z) {
-    var _a;
-    if (y === void 0) { y = (_a = class {
-            get [x]() { return x; }
-            constructor() { x; }
-            [z]() { return z; }
-        },
-        __setFunctionName(_a, "y"),
-        _a.c = x,
-        _a); }
-    if (x === void 0) { x = 1; }
-    if (z === void 0) { z = 2; }
+var _a, _b;
+function foo(y = (_b = class {
+        get [x]() { return x; }
+        constructor() { x; }
+        [z]() { return z; }
+    },
+    _b.c = x,
+    _b), x = 1, z = 2) {
     y.c;
 }
-function foo2(y, x) {
-    var _a, _b;
-    if (y === void 0) { y = (_b = class {
-            constructor() {
-                this[_a] = x;
-            }
-        },
-        _a = x,
-        _b); }
-    if (x === void 0) { x = 1; }
+function foo2(y = class {
+    constructor() {
+        this[x] = x;
+    }
+}, x = 1) {
 }

</message>
<stacktrace>
  at org.junit.Assert.fail(Assert.java:89)
  at kotlin.test.junit.JUnitAsserter.fail(JUnitSupport.kt:56)
  at kotlin.test.AssertionsKt__AssertionsKt.fail(Assertions.kt:563)
  at kotlin.test.AssertionsKt.fail(Unknown Source)
  at com.xemantic.kotlin.test.SameAsKt.sameAs(SameAs.kt:52)
  at com.xemantic.typescript.compiler.TypeScriptTestSupportKt.sameAs(TypeScriptTestSupport.kt:99)
  at com.xemantic.typescript.compiler.TypeScriptCompilerTests_C.capturedParametersInInitializers2_ts__target_es2015__compiles to JavaScript matching baseline(TypeScriptCompilerTests_C.kt:868)
  at java.base/jdk.internal.reflect.DirectMethodHandleAccessor.invoke(DirectMethodHandleAccessor.java:104)
  at java.base/java.lang.reflect.Method.invoke(Method.java:565)
  at org.junit.runners.model.FrameworkMethod$1.runReflectiveCall(FrameworkMethod.java:59)
  at org.junit.internal.runners.model.ReflectiveCallable.run(ReflectiveCallable.java:12)
  at org.junit.runners.model.FrameworkMethod.invokeExplosively(FrameworkMethod.java:56)
  at org.junit.internal.runners.statements.InvokeMethod.evaluate(InvokeMethod.java:17)
  at org.junit.runners.ParentRunner$3.evaluate(ParentRunner.java:306)
  at org.junit.runners.BlockJUnit4ClassRunner$1.evaluate(BlockJUnit4ClassRunner.java:100)
  at org.junit.runners.ParentRunner.runLeaf(ParentRunner.java:366)
  at org.junit.runners.BlockJUnit4ClassRunner.runChild(BlockJUnit4ClassRunner.java:103)
  at org.junit.runners.BlockJUnit4ClassRunner.runChild(BlockJUnit4ClassRunner.java:63)
  at org.junit.runners.ParentRunner$4.run(ParentRunner.java:331)
  at org.junit.runners.ParentRunner$1.schedule(ParentRunner.java:79)
  at org.junit.runners.ParentRunner.runChildren(ParentRunner.java:329)
  at org.junit.runners.ParentRunner.access$100(ParentRunner.java:66)
  at org.junit.runners.ParentRunner$2.evaluate(ParentRunner.java:293)
  at org.junit.runners.ParentRunner$3.evaluate(ParentRunner.java:306)
  at org.junit.runners.ParentRunner.run(ParentRunner.java:413)
  at org.junit.runner.JUnitCore.run(JUnitCore.java:137)
  at org.junit.runner.JUnitCore.run(JUnitCore.java:115)
  at org.gradle.api.internal.tasks.testing.junit.JUnitTestExecutor.runRequest(JUnitTestExecutor.java:175)
  at org.gradle.api.internal.tasks.testing.junit.JUnitTestExecutor.accept(JUnitTestExecutor.java:84)
  at org.gradle.api.internal.tasks.testing.junit.JUnitTestExecutor.accept(JUnitTestExecutor.java:47)
  at org.gradle.api.internal.tasks.testing.junit.AbstractJUnitTestDefinitionProcessor.processTestDefinition(AbstractJUnitTestDefinitionProcessor.java:65)
  at org.gradle.api.internal.tasks.testing.SuiteTestDefinitionProcessor.processTestDefinition(SuiteTestDefinitionProcessor.java:54)
  at java.base/jdk.internal.reflect.DirectMethodHandleAccessor.invoke(DirectMethodHandleAccessor.java:104)
  at java.base/java.lang.reflect.Method.invoke(Method.java:565)
  at org.gradle.internal.dispatch.MethodInvocation.invokeOn(MethodInvocation.java:77)
  at org.gradle.internal.dispatch.ReflectionDispatch.dispatch(ReflectionDispatch.java:28)
  at org.gradle.internal.dispatch.ReflectionDispatch.dispatch(ReflectionDispatch.java:19)
  at org.gradle.internal.dispatch.ContextClassLoaderDispatch.dispatch(ContextClassLoaderDispatch.java:33)
  at org.gradle.internal.dispatch.ProxyDispatchAdapter$DispatchingInvocationHandler.invoke(ProxyDispatchAdapter.java:88)
  at jdk.proxy1/jdk.proxy1.$Proxy4.processTestDefinition(Unknown Source)
  at org.gradle.api.internal.tasks.testing.worker.TestWorker$2.run(TestWorker.java:178)
  at org.gradle.api.internal.tasks.testing.worker.TestWorker.executeAndMaintainThreadName(TestWorker.java:126)
  at org.gradle.api.internal.tasks.testing.worker.TestWorker.execute(TestWorker.java:103)
  at org.gradle.api.internal.tasks.testing.worker.TestWorker.execute(TestWorker.java:63)
  at org.gradle.process.internal.worker.child.ActionExecutionWorker.execute(ActionExecutionWorker.java:56)
  at org.gradle.process.internal.worker.child.SystemApplicationClassLoaderWorker.call(SystemApplicationClassLoaderWorker.java:122)
  at org.gradle.process.internal.worker.child.SystemApplicationClassLoaderWorker.call(SystemApplicationClassLoaderWorker.java:72)
  at worker.org.gradle.process.internal.worker.GradleWorkerMain.run(GradleWorkerMain.java:69)
  at worker.org.gradle.process.internal.worker.GradleWorkerMain.main(GradleWorkerMain.java:74)
</stacktrace>
</test-failure>


TypeScriptCompilerTests_C[jvm] > capturedParametersInInitializers2_ts__target_es2015__compiles to JavaScript matching baseline[jvm] FAILED

<test-failure test="com.xemantic.typescript.compiler.TypeScriptCompilerTests_C.correctOrderOfPromiseMethod_ts has expected errors matching correctOrderOfPromiseMethod_errors_txt" platform="jvm">
<message>
Expected diagnostics from baseline typescript-repo/tests/baselines/reference/correctOrderOfPromiseMethod.errors.txt but none produced
</message>
<stacktrace>
  at com.xemantic.typescript.compiler.TypeScriptTestSupportKt.errorsMatchBaseline(TypeScriptTestSupport.kt:125)
  at com.xemantic.typescript.compiler.TypeScriptCompilerTests_C.correctOrderOfPromiseMethod_ts has expected errors matching correctOrderOfPromiseMethod_errors_txt(TypeScriptCompilerTests_C.kt:8694)
  at java.base/jdk.internal.reflect.DirectMethodHandleAccessor.invoke(DirectMethodHandleAccessor.java:104)
  at java.base/java.lang.reflect.Method.invoke(Method.java:565)
  at org.junit.runners.model.FrameworkMethod$1.runReflectiveCall(FrameworkMethod.java:59)
  at org.junit.internal.runners.model.ReflectiveCallable.run(ReflectiveCallable.java:12)
  at org.junit.runners.model.FrameworkMethod.invokeExplosively(FrameworkMethod.java:56)
  at org.junit.internal.runners.statements.InvokeMethod.evaluate(InvokeMethod.java:17)
  at org.junit.runners.ParentRunner$3.evaluate(ParentRunner.java:306)
  at org.junit.runners.BlockJUnit4ClassRunner$1.evaluate(BlockJUnit4ClassRunner.java:100)
  at org.junit.runners.ParentRunner.runLeaf(ParentRunner.java:366)
  at org.junit.runners.BlockJUnit4ClassRunner.runChild(BlockJUnit4ClassRunner.java:103)
  at org.junit.runners.BlockJUnit4ClassRunner.runChild(BlockJUnit4ClassRunner.java:63)
  at org.junit.runners.ParentRunner$4.run(ParentRunner.java:331)
  at org.junit.runners.ParentRunner$1.schedule(ParentRunner.java:79)
  at org.junit.runners.ParentRunner.runChildren(ParentRunner.java:329)
  at org.junit.runners.ParentRunner.access$100(ParentRunner.java:66)
  at org.junit.runners.ParentRunner$2.evaluate(ParentRunner.java:293)
  at org.junit.runners.ParentRunner$3.evaluate(ParentRunner.java:306)
  at org.junit.runners.ParentRunner.run(ParentRunner.java:413)
  at org.junit.runner.JUnitCore.run(JUnitCore.java:137)
  at org.junit.runner.JUnitCore.run(JUnitCore.java:115)
  at org.gradle.api.internal.tasks.testing.junit.JUnitTestExecutor.runRequest(JUnitTestExecutor.java:175)
  at org.gradle.api.internal.tasks.testing.junit.JUnitTestExecutor.accept(JUnitTestExecutor.java:84)
  at org.gradle.api.internal.tasks.testing.junit.JUnitTestExecutor.accept(JUnitTestExecutor.java:47)
  at org.gradle.api.internal.tasks.testing.junit.AbstractJUnitTestDefinitionProcessor.processTestDefinition(AbstractJUnitTestDefinitionProcessor.java:65)
  at org.gradle.api.internal.tasks.testing.SuiteTestDefinitionProcessor.processTestDefinition(SuiteTestDefinitionProcessor.java:54)
  at java.base/jdk.internal.reflect.DirectMethodHandleAccessor.invoke(DirectMethodHandleAccessor.java:104)
  at java.base/java.lang.reflect.Method.invoke(Method.java:565)
  at org.gradle.internal.dispatch.MethodInvocation.invokeOn(MethodInvocation.java:77)
  at org.gradle.internal.dispatch.ReflectionDispatch.dispatch(ReflectionDispatch.java:28)
  at org.gradle.internal.dispatch.ReflectionDispatch.dispatch(ReflectionDispatch.java:19)
  at org.gradle.internal.dispatch.ContextClassLoaderDispatch.dispatch(ContextClassLoaderDispatch.java:33)
  at org.gradle.internal.dispatch.ProxyDispatchAdapter$DispatchingInvocationHandler.invoke(ProxyDispatchAdapter.java:88)
  at jdk.proxy1/jdk.proxy1.$Proxy4.processTestDefinition(Unknown Source)
  at org.gradle.api.internal.tasks.testing.worker.TestWorker$2.run(TestWorker.java:178)
  at org.gradle.api.internal.tasks.testing.worker.TestWorker.executeAndMaintainThreadName(TestWorker.java:126)
  at org.gradle.api.internal.tasks.testing.worker.TestWorker.execute(TestWorker.java:103)
  at org.gradle.api.internal.tasks.testing.worker.TestWorker.execute(TestWorker.java:63)
  at org.gradle.process.internal.worker.child.ActionExecutionWorker.execute(ActionExecutionWorker.java:56)
  at org.gradle.process.internal.worker.child.SystemApplicationClassLoaderWorker.call(SystemApplicationClassLoaderWorker.java:122)
  at org.gradle.process.internal.worker.child.SystemApplicationClassLoaderWorker.call(SystemApplicationClassLoaderWorker.java:72)
  at worker.org.gradle.process.internal.worker.GradleWorkerMain.run(GradleWorkerMain.java:69)
  at worker.org.gradle.process.internal.worker.GradleWorkerMain.main(GradleWorkerMain.java:74)
</stacktrace>
</test-failure>


TypeScriptCompilerTests_C[jvm] > correctOrderOfPromiseMethod_ts has expected errors matching correctOrderOfPromiseMethod_errors_txt[jvm] FAILED

<test-failure test="com.xemantic.typescript.compiler.TypeScriptCompilerTests_C.classMemberInitializerWithLamdaScoping4_ts has expected errors matching classMemberInitializerWithLamdaScoping4_errors_txt" platform="jvm">
<message>
--- expected
+++ actual
@@ -1,4 +1,4 @@
-classMemberInitializerWithLamdaScoping3_1.ts(8,21): error TS2663: Cannot find name 'field1'. Did you mean the instance member 'this.field1'?
+classMemberInitializerWithLamdaScoping3_1.ts(8,21): error TS2301: Initializer of instance member variable 'messageHandler' cannot reference identifier 'field1' declared in the constructor.
 
 
 ==== classMemberInitializerWithLamdaScoping3_0.ts (0 errors) ====
@@ -14,6 +14,6 @@
         messageHandler = () => {
             console.log(field1); // Should be error that couldnt find symbol field1
                         ~~~~~~
-!!! error TS2663: Cannot find name 'field1'. Did you mean the instance member 'this.field1'?
+!!! error TS2301: Initializer of instance member variable 'messageHandler' cannot reference identifier 'field1' declared in the constructor.
         };
     }

</message>
<stacktrace>
  at org.junit.Assert.fail(Assert.java:89)
  at kotlin.test.junit.JUnitAsserter.fail(JUnitSupport.kt:56)
  at kotlin.test.AssertionsKt__AssertionsKt.fail(Assertions.kt:563)
  at kotlin.test.AssertionsKt.fail(Unknown Source)
  at com.xemantic.kotlin.test.SameAsKt.sameAs(SameAs.kt:52)
  at com.xemantic.typescript.compiler.TypeScriptTestSupportKt.errorsMatchBaseline(TypeScriptTestSupport.kt:135)
  at com.xemantic.typescript.compiler.TypeScriptCompilerTests_C.classMemberInitializerWithLamdaScoping4_ts has expected errors matching classMemberInitializerWithLamdaScoping4_errors_txt(TypeScriptCompilerTests_C.kt:2681)
  at java.base/jdk.internal.reflect.DirectMethodHandleAccessor.invoke(DirectMethodHandleAccessor.java:104)
  at java.base/java.lang.reflect.Method.invoke(Method.java:565)
  at org.junit.runners.model.FrameworkMethod$1.runReflectiveCall(FrameworkMethod.java:59)
  at org.junit.internal.runners.model.ReflectiveCallable.run(ReflectiveCallable.java:12)
  at org.junit.runners.model.FrameworkMethod.invokeExplosively(FrameworkMethod.java:56)
  at org.junit.internal.runners.statements.InvokeMethod.evaluate(InvokeMethod.java:17)
  at org.junit.runners.ParentRunner$3.evaluate(ParentRunner.java:306)
  at org.junit.runners.BlockJUnit4ClassRunner$1.evaluate(BlockJUnit4ClassRunner.java:100)
  at org.junit.runners.ParentRunner.runLeaf(ParentRunner.java:366)
  at org.junit.runners.BlockJUnit4ClassRunner.runChild(BlockJUnit4ClassRunner.java:103)
  at org.junit.runners.BlockJUnit4ClassRunner.runChild(BlockJUnit4ClassRunner.java:63)
  at org.junit.runners.ParentRunner$4.run(ParentRunner.java:331)
  at org.junit.runners.ParentRunner$1.schedule(ParentRunner.java:79)
  at org.junit.runners.ParentRunner.runChildren(ParentRunner.java:329)
  at org.junit.runners.ParentRunner.access$100(ParentRunner.java:66)
  at org.junit.runners.ParentRunner$2.evaluate(ParentRunner.java:293)
  at org.junit.runners.ParentRunner$3.evaluate(ParentRunner.java:306)
  at org.junit.runners.ParentRunner.run(ParentRunner.java:413)
  at org.junit.runner.JUnitCore.run(JUnitCore.java:137)
  at org.junit.runner.JUnitCore.run(JUnitCore.java:115)
  at org.gradle.api.internal.tasks.testing.junit.JUnitTestExecutor.runRequest(JUnitTestExecutor.java:175)
  at org.gradle.api.internal.tasks.testing.junit.JUnitTestExecutor.accept(JUnitTestExecutor.java:84)
  at org.gradle.api.internal.tasks.testing.junit.JUnitTestExecutor.accept(JUnitTestExecutor.java:47)
  at org.gradle.api.internal.tasks.testing.junit.AbstractJUnitTestDefinitionProcessor.processTestDefinition(AbstractJUnitTestDefinitionProcessor.java:65)
  at org.gradle.api.internal.tasks.testing.SuiteTestDefinitionProcessor.processTestDefinition(SuiteTestDefinitionProcessor.java:54)
  at java.base/jdk.internal.reflect.DirectMethodHandleAccessor.invoke(DirectMethodHandleAccessor.java:104)
  at java.base/java.lang.reflect.Method.invoke(Method.java:565)
  at org.gradle.internal.dispatch.MethodInvocation.invokeOn(MethodInvocation.java:77)
  at org.gradle.internal.dispatch.ReflectionDispatch.dispatch(ReflectionDispatch.java:28)
  at org.gradle.internal.dispatch.ReflectionDispatch.dispatch(ReflectionDispatch.java:19)
  at org.gradle.internal.dispatch.ContextClassLoaderDispatch.dispatch(ContextClassLoaderDispatch.java:33)
  at org.gradle.internal.dispatch.ProxyDispatchAdapter$DispatchingInvocationHandler.invoke(ProxyDispatchAdapter.java:88)
  at jdk.proxy1/jdk.proxy1.$Proxy4.processTestDefinition(Unknown Source)
  at org.gradle.api.internal.tasks.testing.worker.TestWorker$2.run(TestWorker.java:178)
  at org.gradle.api.internal.tasks.testing.worker.TestWorker.executeAndMaintainThreadName(TestWorker.java:126)
  at org.gradle.api.internal.tasks.testing.worker.TestWorker.execute(TestWorker.java:103)
  at org.gradle.api.internal.tasks.testing.worker.TestWorker.execute(TestWorker.java:63)
  at org.gradle.process.internal.worker.child.ActionExecutionWorker.execute(ActionExecutionWorker.java:56)
  at org.gradle.process.internal.worker.child.SystemApplicationClassLoaderWorker.call(SystemApplicationClassLoaderWorker.java:122)
  at org.gradle.process.internal.worker.child.SystemApplicationClassLoaderWorker.call(SystemApplicationClassLoaderWorker.java:72)
  at worker.org.gradle.process.internal.worker.GradleWorkerMain.run(GradleWorkerMain.java:69)
  at worker.org.gradle.process.internal.worker.GradleWorkerMain.main(GradleWorkerMain.java:74)
</stacktrace>
</test-failure>


TypeScriptCompilerTests_C[jvm] > classMemberInitializerWithLamdaScoping4_ts has expected errors matching classMemberInitializerWithLamdaScoping4_errors_txt[jvm] FAILED

<test-failure test="com.xemantic.typescript.compiler.TypeScriptCompilerTests_C.circularInlineMappedGenericTupleTypeNoCrash_ts has expected errors matching circularInlineMappedGenericTupleTypeNoCrash_errors_txt" platform="jvm">
<message>
Expected diagnostics from baseline typescript-repo/tests/baselines/reference/circularInlineMappedGenericTupleTypeNoCrash.errors.txt but none produced
</message>
<stacktrace>
  at com.xemantic.typescript.compiler.TypeScriptTestSupportKt.errorsMatchBaseline(TypeScriptTestSupport.kt:125)
  at com.xemantic.typescript.compiler.TypeScriptCompilerTests_C.circularInlineMappedGenericTupleTypeNoCrash_ts has expected errors matching circularInlineMappedGenericTupleTypeNoCrash_errors_txt(TypeScriptCompilerTests_C.kt:1666)
  at java.base/jdk.internal.reflect.DirectMethodHandleAccessor.invoke(DirectMethodHandleAccessor.java:104)
  at java.base/java.lang.reflect.Method.invoke(Method.java:565)
  at org.junit.runners.model.FrameworkMethod$1.runReflectiveCall(FrameworkMethod.java:59)
  at org.junit.internal.runners.model.ReflectiveCallable.run(ReflectiveCallable.java:12)
  at org.junit.runners.model.FrameworkMethod.invokeExplosively(FrameworkMethod.java:56)
  at org.junit.internal.runners.statements.InvokeMethod.evaluate(InvokeMethod.java:17)
  at org.junit.runners.ParentRunner$3.evaluate(ParentRunner.java:306)
  at org.junit.runners.BlockJUnit4ClassRunner$1.evaluate(BlockJUnit4ClassRunner.java:100)
  at org.junit.runners.ParentRunner.runLeaf(ParentRunner.java:366)
  at org.junit.runners.BlockJUnit4ClassRunner.runChild(BlockJUnit4ClassRunner.java:103)
  at org.junit.runners.BlockJUnit4ClassRunner.runChild(BlockJUnit4ClassRunner.java:63)
  at org.junit.runners.ParentRunner$4.run(ParentRunner.java:331)
  at org.junit.runners.ParentRunner$1.schedule(ParentRunner.java:79)
  at org.junit.runners.ParentRunner.runChildren(ParentRunner.java:329)
  at org.junit.runners.ParentRunner.access$100(ParentRunner.java:66)
  at org.junit.runners.ParentRunner$2.evaluate(ParentRunner.java:293)
  at org.junit.runners.ParentRunner$3.evaluate(ParentRunner.java:306)
  at org.junit.runners.ParentRunner.run(ParentRunner.java:413)
  at org.junit.runner.JUnitCore.run(JUnitCore.java:137)
  at org.junit.runner.JUnitCore.run(JUnitCore.java:115)
  at org.gradle.api.internal.tasks.testing.junit.JUnitTestExecutor.runRequest(JUnitTestExecutor.java:175)
  at org.gradle.api.internal.tasks.testing.junit.JUnitTestExecutor.accept(JUnitTestExecutor.java:84)
  at org.gradle.api.internal.tasks.testing.junit.JUnitTestExecutor.accept(JUnitTestExecutor.java:47)
  at org.gradle.api.internal.tasks.testing.junit.AbstractJUnitTestDefinitionProcessor.processTestDefinition(AbstractJUnitTestDefinitionProcessor.java:65)
  at org.gradle.api.internal.tasks.testing.SuiteTestDefinitionProcessor.processTestDefinition(SuiteTestDefinitionProcessor.java:54)
  at java.base/jdk.internal.reflect.DirectMethodHandleAccessor.invoke(DirectMethodHandleAccessor.java:104)
  at java.base/java.lang.reflect.Method.invoke(Method.java:565)
  at org.gradle.internal.dispatch.MethodInvocation.invokeOn(MethodInvocation.java:77)
  at org.gradle.internal.dispatch.ReflectionDispatch.dispatch(ReflectionDispatch.java:28)
  at org.gradle.internal.dispatch.ReflectionDispatch.dispatch(ReflectionDispatch.java:19)
  at org.gradle.internal.dispatch.ContextClassLoaderDispatch.dispatch(ContextClassLoaderDispatch.java:33)
  at org.gradle.internal.dispatch.ProxyDispatchAdapter$DispatchingInvocationHandler.invoke(ProxyDispatchAdapter.java:88)
  at jdk.proxy1/jdk.proxy1.$Proxy4.processTestDefinition(Unknown Source)
  at org.gradle.api.internal.tasks.testing.worker.TestWorker$2.run(TestWorker.java:178)
  at org.gradle.api.internal.tasks.testing.worker.TestWorker.executeAndMaintainThreadName(TestWorker.java:126)
  at org.gradle.api.internal.tasks.testing.worker.TestWorker.execute(TestWorker.java:103)
  at org.gradle.api.internal.tasks.testing.worker.TestWorker.execute(TestWorker.java:63)
  at org.gradle.process.internal.worker.child.ActionExecutionWorker.execute(ActionExecutionWorker.java:56)
  at org.gradle.process.internal.worker.child.SystemApplicationClassLoaderWorker.call(SystemApplicationClassLoaderWorker.java:122)
  at org.gradle.process.internal.worker.child.SystemApplicationClassLoaderWorker.call(SystemApplicationClassLoaderWorker.java:72)
  at worker.org.gradle.process.internal.worker.GradleWorkerMain.run(GradleWorkerMain.java:69)
  at worker.org.gradle.process.internal.worker.GradleWorkerMain.main(GradleWorkerMain.java:74)
</stacktrace>
</test-failure>


TypeScriptCompilerTests_C[jvm] > circularInlineMappedGenericTupleTypeNoCrash_ts has expected errors matching circularInlineMappedGenericTupleTypeNoCrash_errors_txt[jvm] FAILED

<test-failure test="com.xemantic.typescript.compiler.TypeScriptCompilerTests_C.contextualTypeAny_ts has expected errors matching contextualTypeAny_errors_txt" platform="jvm">
<message>
Expected diagnostics from baseline typescript-repo/tests/baselines/reference/contextualTypeAny.errors.txt but none produced
</message>
<stacktrace>
  at com.xemantic.typescript.compiler.TypeScriptTestSupportKt.errorsMatchBaseline(TypeScriptTestSupport.kt:125)
  at com.xemantic.typescript.compiler.TypeScriptCompilerTests_C.contextualTypeAny_ts has expected errors matching contextualTypeAny_errors_txt(TypeScriptCompilerTests_C.kt:7273)
  at java.base/jdk.internal.reflect.DirectMethodHandleAccessor.invoke(DirectMethodHandleAccessor.java:104)
  at java.base/java.lang.reflect.Method.invoke(Method.java:565)
  at org.junit.runners.model.FrameworkMethod$1.runReflectiveCall(FrameworkMethod.java:59)
  at org.junit.internal.runners.model.ReflectiveCallable.run(ReflectiveCallable.java:12)
  at org.junit.runners.model.FrameworkMethod.invokeExplosively(FrameworkMethod.java:56)
  at org.junit.internal.runners.statements.InvokeMethod.evaluate(InvokeMethod.java:17)
  at org.junit.runners.ParentRunner$3.evaluate(ParentRunner.java:306)
  at org.junit.runners.BlockJUnit4ClassRunner$1.evaluate(BlockJUnit4ClassRunner.java:100)
  at org.junit.runners.ParentRunner.runLeaf(ParentRunner.java:366)
  at org.junit.runners.BlockJUnit4ClassRunner.runChild(BlockJUnit4ClassRunner.java:103)
  at org.junit.runners.BlockJUnit4ClassRunner.runChild(BlockJUnit4ClassRunner.java:63)
  at org.junit.runners.ParentRunner$4.run(ParentRunner.java:331)
  at org.junit.runners.ParentRunner$1.schedule(ParentRunner.java:79)
  at org.junit.runners.ParentRunner.runChildren(ParentRunner.java:329)
  at org.junit.runners.ParentRunner.access$100(ParentRunner.java:66)
  at org.junit.runners.ParentRunner$2.evaluate(ParentRunner.java:293)
  at org.junit.runners.ParentRunner$3.evaluate(ParentRunner.java:306)
  at org.junit.runners.ParentRunner.run(ParentRunner.java:413)
  at org.junit.runner.JUnitCore.run(JUnitCore.java:137)
  at org.junit.runner.JUnitCore.run(JUnitCore.java:115)
  at org.gradle.api.internal.tasks.testing.junit.JUnitTestExecutor.runRequest(JUnitTestExecutor.java:175)
  at org.gradle.api.internal.tasks.testing.junit.JUnitTestExecutor.accept(JUnitTestExecutor.java:84)
  at org.gradle.api.internal.tasks.testing.junit.JUnitTestExecutor.accept(JUnitTestExecutor.java:47)
  at org.gradle.api.internal.tasks.testing.junit.AbstractJUnitTestDefinitionProcessor.processTestDefinition(AbstractJUnitTestDefinitionProcessor.java:65)
  at org.gradle.api.internal.tasks.testing.SuiteTestDefinitionProcessor.processTestDefinition(SuiteTestDefinitionProcessor.java:54)
  at java.base/jdk.internal.reflect.DirectMethodHandleAccessor.invoke(DirectMethodHandleAccessor.java:104)
  at java.base/java.lang.reflect.Method.invoke(Method.java:565)
  at org.gradle.internal.dispatch.MethodInvocation.invokeOn(MethodInvocation.java:77)
  at org.gradle.internal.dispatch.ReflectionDispatch.dispatch(ReflectionDispatch.java:28)
  at org.gradle.internal.dispatch.ReflectionDispatch.dispatch(ReflectionDispatch.java:19)
  at org.gradle.internal.dispatch.ContextClassLoaderDispatch.dispatch(ContextClassLoaderDispatch.java:33)
  at org.gradle.internal.dispatch.ProxyDispatchAdapter$DispatchingInvocationHandler.invoke(ProxyDispatchAdapter.java:88)
  at jdk.proxy1/jdk.proxy1.$Proxy4.processTestDefinition(Unknown Source)
  at org.gradle.api.internal.tasks.testing.worker.TestWorker$2.run(TestWorker.java:178)
  at org.gradle.api.internal.tasks.testing.worker.TestWorker.executeAndMaintainThreadName(TestWorker.java:126)
  at org.gradle.api.internal.tasks.testing.worker.TestWorker.execute(TestWorker.java:103)
  at org.gradle.api.internal.tasks.testing.worker.TestWorker.execute(TestWorker.java:63)
  at org.gradle.process.internal.worker.child.ActionExecutionWorker.execute(ActionExecutionWorker.java:56)
  at org.gradle.process.internal.worker.child.SystemApplicationClassLoaderWorker.call(SystemApplicationClassLoaderWorker.java:122)
  at org.gradle.process.internal.worker.child.SystemApplicationClassLoaderWorker.call(SystemApplicationClassLoaderWorker.java:72)
  at worker.org.gradle.process.internal.worker.GradleWorkerMain.run(GradleWorkerMain.java:69)
  at worker.org.gradle.process.internal.worker.GradleWorkerMain.main(GradleWorkerMain.java:74)
</stacktrace>
</test-failure>


TypeScriptCompilerTests_C[jvm] > contextualTypeAny_ts has expected errors matching contextualTypeAny_errors_txt[jvm] FAILED

<test-failure test="com.xemantic.typescript.compiler.TypeScriptCompilerTests_C.conflictingDeclarationsImportFromNamespace2_ts has expected errors matching conflictingDeclarationsImportFromNamespace2_errors_txt" platform="jvm">
<message>
Expected diagnostics from baseline typescript-repo/tests/baselines/reference/conflictingDeclarationsImportFromNamespace2.errors.txt but none produced
</message>
<stacktrace>
  at com.xemantic.typescript.compiler.TypeScriptTestSupportKt.errorsMatchBaseline(TypeScriptTestSupport.kt:125)
  at com.xemantic.typescript.compiler.TypeScriptCompilerTests_C.conflictingDeclarationsImportFromNamespace2_ts has expected errors matching conflictingDeclarationsImportFromNamespace2_errors_txt(TypeScriptCompilerTests_C.kt:5957)
  at java.base/jdk.internal.reflect.DirectMethodHandleAccessor.invoke(DirectMethodHandleAccessor.java:104)
  at java.base/java.lang.reflect.Method.invoke(Method.java:565)
  at org.junit.runners.model.FrameworkMethod$1.runReflectiveCall(FrameworkMethod.java:59)
  at org.junit.internal.runners.model.ReflectiveCallable.run(ReflectiveCallable.java:12)
  at org.junit.runners.model.FrameworkMethod.invokeExplosively(FrameworkMethod.java:56)
  at org.junit.internal.runners.statements.InvokeMethod.evaluate(InvokeMethod.java:17)
  at org.junit.runners.ParentRunner$3.evaluate(ParentRunner.java:306)
  at org.junit.runners.BlockJUnit4ClassRunner$1.evaluate(BlockJUnit4ClassRunner.java:100)
  at org.junit.runners.ParentRunner.runLeaf(ParentRunner.java:366)
  at org.junit.runners.BlockJUnit4ClassRunner.runChild(BlockJUnit4ClassRunner.java:103)
  at org.junit.runners.BlockJUnit4ClassRunner.runChild(BlockJUnit4ClassRunner.java:63)
  at org.junit.runners.ParentRunner$4.run(ParentRunner.java:331)
  at org.junit.runners.ParentRunner$1.schedule(ParentRunner.java:79)
  at org.junit.runners.ParentRunner.runChildren(ParentRunner.java:329)
  at org.junit.runners.ParentRunner.access$100(ParentRunner.java:66)
  at org.junit.runners.ParentRunner$2.evaluate(ParentRunner.java:293)
  at org.junit.runners.ParentRunner$3.evaluate(ParentRunner.java:306)
  at org.junit.runners.ParentRunner.run(ParentRunner.java:413)
  at org.junit.runner.JUnitCore.run(JUnitCore.java:137)
  at org.junit.runner.JUnitCore.run(JUnitCore.java:115)
  at org.gradle.api.internal.tasks.testing.junit.JUnitTestExecutor.runRequest(JUnitTestExecutor.java:175)
  at org.gradle.api.internal.tasks.testing.junit.JUnitTestExecutor.accept(JUnitTestExecutor.java:84)
  at org.gradle.api.internal.tasks.testing.junit.JUnitTestExecutor.accept(JUnitTestExecutor.java:47)
  at org.gradle.api.internal.tasks.testing.junit.AbstractJUnitTestDefinitionProcessor.processTestDefinition(AbstractJUnitTestDefinitionProcessor.java:65)
  at org.gradle.api.internal.tasks.testing.SuiteTestDefinitionProcessor.processTestDefinition(SuiteTestDefinitionProcessor.java:54)
  at java.base/jdk.internal.reflect.DirectMethodHandleAccessor.invoke(DirectMethodHandleAccessor.java:104)
  at java.base/java.lang.reflect.Method.invoke(Method.java:565)
  at org.gradle.internal.dispatch.MethodInvocation.invokeOn(MethodInvocation.java:77)
  at org.gradle.internal.dispatch.ReflectionDispatch.dispatch(ReflectionDispatch.java:28)
  at org.gradle.internal.dispatch.ReflectionDispatch.dispatch(ReflectionDispatch.java:19)
  at org.gradle.internal.dispatch.ContextClassLoaderDispatch.dispatch(ContextClassLoaderDispatch.java:33)
  at org.gradle.internal.dispatch.ProxyDispatchAdapter$DispatchingInvocationHandler.invoke(ProxyDispatchAdapter.java:88)
  at jdk.proxy1/jdk.proxy1.$Proxy4.processTestDefinition(Unknown Source)
  at org.gradle.api.internal.tasks.testing.worker.TestWorker$2.run(TestWorker.java:178)
  at org.gradle.api.internal.tasks.testing.worker.TestWorker.executeAndMaintainThreadName(TestWorker.java:126)
  at org.gradle.api.internal.tasks.testing.worker.TestWorker.execute(TestWorker.java:103)
  at org.gradle.api.internal.tasks.testing.worker.TestWorker.execute(TestWorker.java:63)
  at org.gradle.process.internal.worker.child.ActionExecutionWorker.execute(ActionExecutionWorker.java:56)
  at org.gradle.process.internal.worker.child.SystemApplicationClassLoaderWorker.call(SystemApplicationClassLoaderWorker.java:122)
  at org.gradle.process.internal.worker.child.SystemApplicationClassLoaderWorker.call(SystemApplicationClassLoaderWorker.java:72)
  at worker.org.gradle.process.internal.worker.GradleWorkerMain.run(GradleWorkerMain.java:69)
  at worker.org.gradle.process.internal.worker.GradleWorkerMain.main(GradleWorkerMain.java:74)
</stacktrace>
</test-failure>


TypeScriptCompilerTests_C[jvm] > conflictingDeclarationsImportFromNamespace2_ts has expected errors matching conflictingDeclarationsImportFromNamespace2_errors_txt[jvm] FAILED

<test-failure test="com.xemantic.typescript.compiler.TypeScriptCompilerTests_C.contextualTupleTypeParameterReadonly_ts has expected errors matching contextualTupleTypeParameterReadonly_errors_txt" platform="jvm">
<message>
Expected diagnostics from baseline typescript-repo/tests/baselines/reference/contextualTupleTypeParameterReadonly.errors.txt but none produced
</message>
<stacktrace>
  at com.xemantic.typescript.compiler.TypeScriptTestSupportKt.errorsMatchBaseline(TypeScriptTestSupport.kt:125)
  at com.xemantic.typescript.compiler.TypeScriptCompilerTests_C.contextualTupleTypeParameterReadonly_ts has expected errors matching contextualTupleTypeParameterReadonly_errors_txt(TypeScriptCompilerTests_C.kt:7259)
  at java.base/jdk.internal.reflect.DirectMethodHandleAccessor.invoke(DirectMethodHandleAccessor.java:104)
  at java.base/java.lang.reflect.Method.invoke(Method.java:565)
  at org.junit.runners.model.FrameworkMethod$1.runReflectiveCall(FrameworkMethod.java:59)
  at org.junit.internal.runners.model.ReflectiveCallable.run(ReflectiveCallable.java:12)
  at org.junit.runners.model.FrameworkMethod.invokeExplosively(FrameworkMethod.java:56)
  at org.junit.internal.runners.statements.InvokeMethod.evaluate(InvokeMethod.java:17)
  at org.junit.runners.ParentRunner$3.evaluate(ParentRunner.java:306)
  at org.junit.runners.BlockJUnit4ClassRunner$1.evaluate(BlockJUnit4ClassRunner.java:100)
  at org.junit.runners.ParentRunner.runLeaf(ParentRunner.java:366)
  at org.junit.runners.BlockJUnit4ClassRunner.runChild(BlockJUnit4ClassRunner.java:103)
  at org.junit.runners.BlockJUnit4ClassRunner.runChild(BlockJUnit4ClassRunner.java:63)
  at org.junit.runners.ParentRunner$4.run(ParentRunner.java:331)
  at org.junit.runners.ParentRunner$1.schedule(ParentRunner.java:79)
  at org.junit.runners.ParentRunner.runChildren(ParentRunner.java:329)
  at org.junit.runners.ParentRunner.access$100(ParentRunner.java:66)
  at org.junit.runners.ParentRunner$2.evaluate(ParentRunner.java:293)
  at org.junit.runners.ParentRunner$3.evaluate(ParentRunner.java:306)
  at org.junit.runners.ParentRunner.run(ParentRunner.java:413)
  at org.junit.runner.JUnitCore.run(JUnitCore.java:137)
  at org.junit.runner.JUnitCore.run(JUnitCore.java:115)
  at org.gradle.api.internal.tasks.testing.junit.JUnitTestExecutor.runRequest(JUnitTestExecutor.java:175)
  at org.gradle.api.internal.tasks.testing.junit.JUnitTestExecutor.accept(JUnitTestExecutor.java:84)
  at org.gradle.api.internal.tasks.testing.junit.JUnitTestExecutor.accept(JUnitTestExecutor.java:47)
  at org.gradle.api.internal.tasks.testing.junit.AbstractJUnitTestDefinitionProcessor.processTestDefinition(AbstractJUnitTestDefinitionProcessor.java:65)
  at org.gradle.api.internal.tasks.testing.SuiteTestDefinitionProcessor.processTestDefinition(SuiteTestDefinitionProcessor.java:54)
  at java.base/jdk.internal.reflect.DirectMethodHandleAccessor.invoke(DirectMethodHandleAccessor.java:104)
  at java.base/java.lang.reflect.Method.invoke(Method.java:565)
  at org.gradle.internal.dispatch.MethodInvocation.invokeOn(MethodInvocation.java:77)
  at org.gradle.internal.dispatch.ReflectionDispatch.dispatch(ReflectionDispatch.java:28)
  at org.gradle.internal.dispatch.ReflectionDispatch.dispatch(ReflectionDispatch.java:19)
  at org.gradle.internal.dispatch.ContextClassLoaderDispatch.dispatch(ContextClassLoaderDispatch.java:33)
  at org.gradle.internal.dispatch.ProxyDispatchAdapter$DispatchingInvocationHandler.invoke(ProxyDispatchAdapter.java:88)
  at jdk.proxy1/jdk.proxy1.$Proxy4.processTestDefinition(Unknown Source)
  at org.gradle.api.internal.tasks.testing.worker.TestWorker$2.run(TestWorker.java:178)
  at org.gradle.api.internal.tasks.testing.worker.TestWorker.executeAndMaintainThreadName(TestWorker.java:126)
  at org.gradle.api.internal.tasks.testing.worker.TestWorker.execute(TestWorker.java:103)
  at org.gradle.api.internal.tasks.testing.worker.TestWorker.execute(TestWorker.java:63)
  at org.gradle.process.internal.worker.child.ActionExecutionWorker.execute(ActionExecutionWorker.java:56)
  at org.gradle.process.internal.worker.child.SystemApplicationClassLoaderWorker.call(SystemApplicationClassLoaderWorker.java:122)
  at org.gradle.process.internal.worker.child.SystemApplicationClassLoaderWorker.call(SystemApplicationClassLoaderWorker.java:72)
  at worker.org.gradle.process.internal.worker.GradleWorkerMain.run(GradleWorkerMain.java:69)
  at worker.org.gradle.process.internal.worker.GradleWorkerMain.main(GradleWorkerMain.java:74)
</stacktrace>
</test-failure>


TypeScriptCompilerTests_C[jvm] > contextualTupleTypeParameterReadonly_ts has expected errors matching contextualTupleTypeParameterReadonly_errors_txt[jvm] FAILED

<test-failure test="com.xemantic.typescript.compiler.TypeScriptCompilerTests_C.circularOptionalityRemoval_ts has expected errors matching circularOptionalityRemoval_errors_txt" platform="jvm">
<message>
--- expected
+++ actual
@@ -1,32 +1,14 @@
-circularOptionalityRemoval.ts(2,14): error TS2502: 'x' is referenced directly or indirectly in its own type annotation.
-circularOptionalityRemoval.ts(2,38): error TS2372: Parameter 'x' cannot reference itself.
-circularOptionalityRemoval.ts(2,38): error TS18048: 'x' is possibly 'undefined'.
-circularOptionalityRemoval.ts(2,46): error TS2372: Parameter 'x' cannot reference itself.
 circularOptionalityRemoval.ts(5,14): error TS1015: Parameter cannot have question mark and initializer.
-circularOptionalityRemoval.ts(5,14): error TS2502: 'x' is referenced directly or indirectly in its own type annotation.
 circularOptionalityRemoval.ts(5,27): error TS2304: Cannot find name 'someCondition'.
-circularOptionalityRemoval.ts(5,54): error TS2372: Parameter 'x' cannot reference itself.
 
 
-==== circularOptionalityRemoval.ts (8 errors) ====
+==== circularOptionalityRemoval.ts (2 errors) ====
     // Constructed repro
     function fn1(x: number | undefined = x > 0 ? x : 0) { }
-                 ~~~~~~~~~~~~~~~~~~~~~~~~~~~~~~~~~~~~~
-!!! error TS2502: 'x' is referenced directly or indirectly in its own type annotation.
-                                         ~
-!!! error TS2372: Parameter 'x' cannot reference itself.
-                                         ~
-!!! error TS18048: 'x' is possibly 'undefined'.
-                                                 ~
-!!! error TS2372: Parameter 'x' cannot reference itself.
     
     // Report from user
     function fn2(x?: string = someCondition ? 'value1' : x) { }
                  ~
 !!! error TS1015: Parameter cannot have question mark and initializer.
-                 ~~~~~~~~~~~~~~~~~~~~~~~~~~~~~~~~~~~~~~~~~
-!!! error TS2502: 'x' is referenced directly or indirectly in its own type annotation.
                               ~~~~~~~~~~~~~
 !!! error TS2304: Cannot find name 'someCondition'.
-                                                         ~
-!!! error TS2372: Parameter 'x' cannot reference itself.

</message>
<stacktrace>
  at org.junit.Assert.fail(Assert.java:89)
  at kotlin.test.junit.JUnitAsserter.fail(JUnitSupport.kt:56)
  at kotlin.test.AssertionsKt__AssertionsKt.fail(Assertions.kt:563)
  at kotlin.test.AssertionsKt.fail(Unknown Source)
  at com.xemantic.kotlin.test.SameAsKt.sameAs(SameAs.kt:52)
  at com.xemantic.typescript.compiler.TypeScriptTestSupportKt.errorsMatchBaseline(TypeScriptTestSupport.kt:135)
  at com.xemantic.typescript.compiler.TypeScriptCompilerTests_C.circularOptionalityRemoval_ts has expected errors matching circularOptionalityRemoval_errors_txt(TypeScriptCompilerTests_C.kt:1715)
  at java.base/jdk.internal.reflect.DirectMethodHandleAccessor.invoke(DirectMethodHandleAccessor.java:104)
  at java.base/java.lang.reflect.Method.invoke(Method.java:565)
  at org.junit.runners.model.FrameworkMethod$1.runReflectiveCall(FrameworkMethod.java:59)
  at org.junit.internal.runners.model.ReflectiveCallable.run(ReflectiveCallable.java:12)
  at org.junit.runners.model.FrameworkMethod.invokeExplosively(FrameworkMethod.java:56)
  at org.junit.internal.runners.statements.InvokeMethod.evaluate(InvokeMethod.java:17)
  at org.junit.runners.ParentRunner$3.evaluate(ParentRunner.java:306)
  at org.junit.runners.BlockJUnit4ClassRunner$1.evaluate(BlockJUnit4ClassRunner.java:100)
  at org.junit.runners.ParentRunner.runLeaf(ParentRunner.java:366)
  at org.junit.runners.BlockJUnit4ClassRunner.runChild(BlockJUnit4ClassRunner.java:103)
  at org.junit.runners.BlockJUnit4ClassRunner.runChild(BlockJUnit4ClassRunner.java:63)
  at org.junit.runners.ParentRunner$4.run(ParentRunner.java:331)
  at org.junit.runners.ParentRunner$1.schedule(ParentRunner.java:79)
  at org.junit.runners.ParentRunner.runChildren(ParentRunner.java:329)
  at org.junit.runners.ParentRunner.access$100(ParentRunner.java:66)
  at org.junit.runners.ParentRunner$2.evaluate(ParentRunner.java:293)
  at org.junit.runners.ParentRunner$3.evaluate(ParentRunner.java:306)
  at org.junit.runners.ParentRunner.run(ParentRunner.java:413)
  at org.junit.runner.JUnitCore.run(JUnitCore.java:137)
  at org.junit.runner.JUnitCore.run(JUnitCore.java:115)
  at org.gradle.api.internal.tasks.testing.junit.JUnitTestExecutor.runRequest(JUnitTestExecutor.java:175)
  at org.gradle.api.internal.tasks.testing.junit.JUnitTestExecutor.accept(JUnitTestExecutor.java:84)
  at org.gradle.api.internal.tasks.testing.junit.JUnitTestExecutor.accept(JUnitTestExecutor.java:47)
  at org.gradle.api.internal.tasks.testing.junit.AbstractJUnitTestDefinitionProcessor.processTestDefinition(AbstractJUnitTestDefinitionProcessor.java:65)
  at org.gradle.api.internal.tasks.testing.SuiteTestDefinitionProcessor.processTestDefinition(SuiteTestDefinitionProcessor.java:54)
  at java.base/jdk.internal.reflect.DirectMethodHandleAccessor.invoke(DirectMethodHandleAccessor.java:104)
  at java.base/java.lang.reflect.Method.invoke(Method.java:565)
  at org.gradle.internal.dispatch.MethodInvocation.invokeOn(MethodInvocation.java:77)
  at org.gradle.internal.dispatch.ReflectionDispatch.dispatch(ReflectionDispatch.java:28)
  at org.gradle.internal.dispatch.ReflectionDispatch.dispatch(ReflectionDispatch.java:19)
  at org.gradle.internal.dispatch.ContextClassLoaderDispatch.dispatch(ContextClassLoaderDispatch.java:33)
  at org.gradle.internal.dispatch.ProxyDispatchAdapter$DispatchingInvocationHandler.invoke(ProxyDispatchAdapter.java:88)
  at jdk.proxy1/jdk.proxy1.$Proxy4.processTestDefinition(Unknown Source)
  at org.gradle.api.internal.tasks.testing.worker.TestWorker$2.run(TestWorker.java:178)
  at org.gradle.api.internal.tasks.testing.worker.TestWorker.executeAndMaintainThreadName(TestWorker.java:126)
  at org.gradle.api.internal.tasks.testing.worker.TestWorker.execute(TestWorker.java:103)
  at org.gradle.api.internal.tasks.testing.worker.TestWorker.execute(TestWorker.java:63)
  at org.gradle.process.internal.worker.child.ActionExecutionWorker.execute(ActionExecutionWorker.java:56)
  at org.gradle.process.internal.worker.child.SystemApplicationClassLoaderWorker.call(SystemApplicationClassLoaderWorker.java:122)
  at org.gradle.process.internal.worker.child.SystemApplicationClassLoaderWorker.call(SystemApplicationClassLoaderWorker.java:72)
  at worker.org.gradle.process.internal.worker.GradleWorkerMain.run(GradleWorkerMain.java:69)
  at worker.org.gradle.process.internal.worker.GradleWorkerMain.main(GradleWorkerMain.java:74)
</stacktrace>
</test-failure>


TypeScriptCompilerTests_C[jvm] > circularOptionalityRemoval_ts has expected errors matching circularOptionalityRemoval_errors_txt[jvm] FAILED

<test-failure test="com.xemantic.typescript.compiler.TypeScriptCompilerTests_C.classUsedBeforeInitializedVariables_ts__target_es5__has expected errors matching baseline" platform="jvm">
<message>
--- expected
+++ actual
@@ -1,23 +1,12 @@
 error TS5107: Option 'target=ES5' is deprecated and will stop functioning in TypeScript 7.0. Specify compilerOption '"ignoreDeprecations": "6.0"' to silence this error.
-classUsedBeforeInitializedVariables.ts(4,15): error TS2729: Property 'p4' is used before its initialization.
-classUsedBeforeInitializedVariables.ts(13,34): error TS2729: Property 'directlyAssigned' is used before its initialization.
-classUsedBeforeInitializedVariables.ts(18,16): error TS2683: 'this' implicitly has type 'any' because it does not have a type annotation.
-classUsedBeforeInitializedVariables.ts(22,15): error TS2729: Property 'withinObjectLiteral' is used before its initialization.
-classUsedBeforeInitializedVariables.ts(26,19): error TS2729: Property 'withinObjectLiteralGetterName' is used before its initialization.
-classUsedBeforeInitializedVariables.ts(32,19): error TS2729: Property 'withinObjectLiteralSetterName' is used before its initialization.
-classUsedBeforeInitializedVariables.ts(35,64): error TS2729: Property 'withinClassDeclarationExtension' is used before its initialization.
-classUsedBeforeInitializedVariables.ts(44,16): error TS2683: 'this' implicitly has type 'any' because it does not have a type annotation.
 
 
 !!! error TS5107: Option 'target=ES5' is deprecated and will stop functioning in TypeScript 7.0. Specify compilerOption '"ignoreDeprecations": "6.0"' to silence this error.
-==== classUsedBeforeInitializedVariables.ts (8 errors) ====
+==== classUsedBeforeInitializedVariables.ts (0 errors) ====
     class Test {
         p1 = 0;
         p2 = this.p1;
         p3 = this.p4;
-                  ~~
-!!! error TS2729: Property 'p4' is used before its initialization.
-!!! related TS2728 classUsedBeforeInitializedVariables.ts:5:5: 'p4' is declared here.
         p4 = 0;
         p5?: number;
     
@@ -27,46 +16,28 @@
         };
     
         directlyAssigned: any = this.directlyAssigned;
-                                     ~~~~~~~~~~~~~~~~
-!!! error TS2729: Property 'directlyAssigned' is used before its initialization.
-!!! related TS2728 classUsedBeforeInitializedVariables.ts:13:5: 'directlyAssigned' is declared here.
     
         withinArrowFunction: any = () => this.withinArrowFunction;
     
         withinFunction: any = function () {
             return this.withinFunction;
-                   ~~~~
-!!! error TS2683: 'this' implicitly has type 'any' because it does not have a type annotation.
-!!! related TS2738 classUsedBeforeInitializedVariables.ts:17:27: An outer value of 'this' is shadowed by this container.
         };
     
         withinObjectLiteral: any = {
             [this.withinObjectLiteral]: true,
-                  ~~~~~~~~~~~~~~~~~~~
-!!! error TS2729: Property 'withinObjectLiteral' is used before its initialization.
-!!! related TS2728 classUsedBeforeInitializedVariables.ts:21:5: 'withinObjectLiteral' is declared here.
         };
     
         withinObjectLiteralGetterName: any = {
             get [this.withinObjectLiteralGetterName]() {
-                      ~~~~~~~~~~~~~~~~~~~~~~~~~~~~~
-!!! error TS2729: Property 'withinObjectLiteralGetterName' is used before its initialization.
-!!! related TS2728 classUsedBeforeInitializedVariables.ts:25:5: 'withinObjectLiteralGetterName' is declared here.
                 return true;
             }
         };
     
         withinObjectLiteralSetterName: any = {
             set [this.withinObjectLiteralSetterName](_: any) {}
-                      ~~~~~~~~~~~~~~~~~~~~~~~~~~~~~
-!!! error TS2729: Property 'withinObjectLiteralSetterName' is used before its initialization.
-!!! related TS2728 classUsedBeforeInitializedVariables.ts:31:5: 'withinObjectLiteralSetterName' is declared here.
         };
     
         withinClassDeclarationExtension: any = (class extends this.withinClassDeclarationExtension { });
-                                                                   ~~~~~~~~~~~~~~~~~~~~~~~~~~~~~~~
-!!! error TS2729: Property 'withinClassDeclarationExtension' is used before its initialization.
-!!! related TS2728 classUsedBeforeInitializedVariables.ts:35:5: 'withinClassDeclarationExtension' is declared here.
     
         fromOptional = this.p5;
     
@@ -76,8 +47,5 @@
     
         assignedByFunction: any = (function () {
             return this.assignedByFunction;
-                   ~~~~
-!!! error TS2683: 'this' implicitly has type 'any' because it does not have a type annotation.
-!!! related TS2738 classUsedBeforeInitializedVariables.ts:43:32: An outer value of 'this' is shadowed by this container.
         })();
     }

</message>
<stacktrace>
  at org.junit.Assert.fail(Assert.java:89)
  at kotlin.test.junit.JUnitAsserter.fail(JUnitSupport.kt:56)
  at kotlin.test.AssertionsKt__AssertionsKt.fail(Assertions.kt:563)
  at kotlin.test.AssertionsKt.fail(Unknown Source)
  at com.xemantic.kotlin.test.SameAsKt.sameAs(SameAs.kt:52)
  at com.xemantic.typescript.compiler.TypeScriptTestSupportKt.errorsMatchBaseline(TypeScriptTestSupport.kt:135)
  at com.xemantic.typescript.compiler.TypeScriptCompilerTests_C.classUsedBeforeInitializedVariables_ts__target_es5__has expected errors matching baseline(TypeScriptCompilerTests_C.kt:2961)
  at java.base/jdk.internal.reflect.DirectMethodHandleAccessor.invoke(DirectMethodHandleAccessor.java:104)
  at java.base/java.lang.reflect.Method.invoke(Method.java:565)
  at org.junit.runners.model.FrameworkMethod$1.runReflectiveCall(FrameworkMethod.java:59)
  at org.junit.internal.runners.model.ReflectiveCallable.run(ReflectiveCallable.java:12)
  at org.junit.runners.model.FrameworkMethod.invokeExplosively(FrameworkMethod.java:56)
  at org.junit.internal.runners.statements.InvokeMethod.evaluate(InvokeMethod.java:17)
  at org.junit.runners.ParentRunner$3.evaluate(ParentRunner.java:306)
  at org.junit.runners.BlockJUnit4ClassRunner$1.evaluate(BlockJUnit4ClassRunner.java:100)
  at org.junit.runners.ParentRunner.runLeaf(ParentRunner.java:366)
  at org.junit.runners.BlockJUnit4ClassRunner.runChild(BlockJUnit4ClassRunner.java:103)
  at org.junit.runners.BlockJUnit4ClassRunner.runChild(BlockJUnit4ClassRunner.java:63)
  at org.junit.runners.ParentRunner$4.run(ParentRunner.java:331)
  at org.junit.runners.ParentRunner$1.schedule(ParentRunner.java:79)
  at org.junit.runners.ParentRunner.runChildren(ParentRunner.java:329)
  at org.junit.runners.ParentRunner.access$100(ParentRunner.java:66)
  at org.junit.runners.ParentRunner$2.evaluate(ParentRunner.java:293)
  at org.junit.runners.ParentRunner$3.evaluate(ParentRunner.java:306)
  at org.junit.runners.ParentRunner.run(ParentRunner.java:413)
  at org.junit.runner.JUnitCore.run(JUnitCore.java:137)
  at org.junit.runner.JUnitCore.run(JUnitCore.java:115)
  at org.gradle.api.internal.tasks.testing.junit.JUnitTestExecutor.runRequest(JUnitTestExecutor.java:175)
  at org.gradle.api.internal.tasks.testing.junit.JUnitTestExecutor.accept(JUnitTestExecutor.java:84)
  at org.gradle.api.internal.tasks.testing.junit.JUnitTestExecutor.accept(JUnitTestExecutor.java:47)
  at org.gradle.api.internal.tasks.testing.junit.AbstractJUnitTestDefinitionProcessor.processTestDefinition(AbstractJUnitTestDefinitionProcessor.java:65)
  at org.gradle.api.internal.tasks.testing.SuiteTestDefinitionProcessor.processTestDefinition(SuiteTestDefinitionProcessor.java:54)
  at java.base/jdk.internal.reflect.DirectMethodHandleAccessor.invoke(DirectMethodHandleAccessor.java:104)
  at java.base/java.lang.reflect.Method.invoke(Method.java:565)
  at org.gradle.internal.dispatch.MethodInvocation.invokeOn(MethodInvocation.java:77)
  at org.gradle.internal.dispatch.ReflectionDispatch.dispatch(ReflectionDispatch.java:28)
  at org.gradle.internal.dispatch.ReflectionDispatch.dispatch(ReflectionDispatch.java:19)
  at org.gradle.internal.dispatch.ContextClassLoaderDispatch.dispatch(ContextClassLoaderDispatch.java:33)
  at org.gradle.internal.dispatch.ProxyDispatchAdapter$DispatchingInvocationHandler.invoke(ProxyDispatchAdapter.java:88)
  at jdk.proxy1/jdk.proxy1.$Proxy4.processTestDefinition(Unknown Source)
  at org.gradle.api.internal.tasks.testing.worker.TestWorker$2.run(TestWorker.java:178)
  at org.gradle.api.internal.tasks.testing.worker.TestWorker.executeAndMaintainThreadName(TestWorker.java:126)
  at org.gradle.api.internal.tasks.testing.worker.TestWorker.execute(TestWorker.java:103)
  at org.gradle.api.internal.tasks.testing.worker.TestWorker.execute(TestWorker.java:63)
  at org.gradle.process.internal.worker.child.ActionExecutionWorker.execute(ActionExecutionWorker.java:56)
  at org.gradle.process.internal.worker.child.SystemApplicationClassLoaderWorker.call(SystemApplicationClassLoaderWorker.java:122)
  at org.gradle.process.internal.worker.child.SystemApplicationClassLoaderWorker.call(SystemApplicationClassLoaderWorker.java:72)
  at worker.org.gradle.process.internal.worker.GradleWorkerMain.run(GradleWorkerMain.java:69)
  at worker.org.gradle.process.internal.worker.GradleWorkerMain.main(GradleWorkerMain.java:74)
</stacktrace>
</test-failure>


TypeScriptCompilerTests_C[jvm] > classUsedBeforeInitializedVariables_ts__target_es5__has expected errors matching baseline[jvm] FAILED

<test-failure test="com.xemantic.typescript.compiler.TypeScriptCompilerTests_C.ClassDeclaration26_ts has expected errors matching ClassDeclaration26_errors_txt" platform="jvm">
<message>
--- expected
+++ actual
@@ -1,23 +1,11 @@
-ClassDeclaration26.ts(2,18): error TS1440: Variable declaration not allowed at this location.
-ClassDeclaration26.ts(4,5): error TS1068: Unexpected token. A constructor, method, accessor, or property was expected.
-ClassDeclaration26.ts(4,20): error TS1005: ',' expected.
-ClassDeclaration26.ts(4,23): error TS1005: '=>' expected.
-ClassDeclaration26.ts(5,1): error TS1128: Declaration or statement expected.
+ClassDeclaration26.ts(4,5): error TS2300: Duplicate identifier 'var'.
 
 
-==== ClassDeclaration26.ts (5 errors) ====
+==== ClassDeclaration26.ts (1 errors) ====
     class C {
         public const var export foo = 10;
-                     ~~~
-!!! error TS1440: Variable declaration not allowed at this location.
     
         var constructor() { }
         ~~~
-!!! error TS1068: Unexpected token. A constructor, method, accessor, or property was expected.
-                       ~
-!!! error TS1005: ',' expected.
-                          ~
-!!! error TS1005: '=>' expected.
+!!! error TS2300: Duplicate identifier 'var'.
     }
-    ~
-!!! error TS1128: Declaration or statement expected.

</message>
<stacktrace>
  at org.junit.Assert.fail(Assert.java:89)
  at kotlin.test.junit.JUnitAsserter.fail(JUnitSupport.kt:56)
  at kotlin.test.AssertionsKt__AssertionsKt.fail(Assertions.kt:563)
  at kotlin.test.AssertionsKt.fail(Unknown Source)
  at com.xemantic.kotlin.test.SameAsKt.sameAs(SameAs.kt:52)
  at com.xemantic.typescript.compiler.TypeScriptTestSupportKt.errorsMatchBaseline(TypeScriptTestSupport.kt:135)
  at com.xemantic.typescript.compiler.TypeScriptCompilerTests_C.ClassDeclaration26_ts has expected errors matching ClassDeclaration26_errors_txt(TypeScriptCompilerTests_C.kt:147)
  at java.base/jdk.internal.reflect.DirectMethodHandleAccessor.invoke(DirectMethodHandleAccessor.java:104)
  at java.base/java.lang.reflect.Method.invoke(Method.java:565)
  at org.junit.runners.model.FrameworkMethod$1.runReflectiveCall(FrameworkMethod.java:59)
  at org.junit.internal.runners.model.ReflectiveCallable.run(ReflectiveCallable.java:12)
  at org.junit.runners.model.FrameworkMethod.invokeExplosively(FrameworkMethod.java:56)
  at org.junit.internal.runners.statements.InvokeMethod.evaluate(InvokeMethod.java:17)
  at org.junit.runners.ParentRunner$3.evaluate(ParentRunner.java:306)
  at org.junit.runners.BlockJUnit4ClassRunner$1.evaluate(BlockJUnit4ClassRunner.java:100)
  at org.junit.runners.ParentRunner.runLeaf(ParentRunner.java:366)
  at org.junit.runners.BlockJUnit4ClassRunner.runChild(BlockJUnit4ClassRunner.java:103)
  at org.junit.runners.BlockJUnit4ClassRunner.runChild(BlockJUnit4ClassRunner.java:63)
  at org.junit.runners.ParentRunner$4.run(ParentRunner.java:331)
  at org.junit.runners.ParentRunner$1.schedule(ParentRunner.java:79)
  at org.junit.runners.ParentRunner.runChildren(ParentRunner.java:329)
  at org.junit.runners.ParentRunner.access$100(ParentRunner.java:66)
  at org.junit.runners.ParentRunner$2.evaluate(ParentRunner.java:293)
  at org.junit.runners.ParentRunner$3.evaluate(ParentRunner.java:306)
  at org.junit.runners.ParentRunner.run(ParentRunner.java:413)
  at org.junit.runner.JUnitCore.run(JUnitCore.java:137)
  at org.junit.runner.JUnitCore.run(JUnitCore.java:115)
  at org.gradle.api.internal.tasks.testing.junit.JUnitTestExecutor.runRequest(JUnitTestExecutor.java:175)
  at org.gradle.api.internal.tasks.testing.junit.JUnitTestExecutor.accept(JUnitTestExecutor.java:84)
  at org.gradle.api.internal.tasks.testing.junit.JUnitTestExecutor.accept(JUnitTestExecutor.java:47)
  at org.gradle.api.internal.tasks.testing.junit.AbstractJUnitTestDefinitionProcessor.processTestDefinition(AbstractJUnitTestDefinitionProcessor.java:65)
  at org.gradle.api.internal.tasks.testing.SuiteTestDefinitionProcessor.processTestDefinition(SuiteTestDefinitionProcessor.java:54)
  at java.base/jdk.internal.reflect.DirectMethodHandleAccessor.invoke(DirectMethodHandleAccessor.java:104)
  at java.base/java.lang.reflect.Method.invoke(Method.java:565)
  at org.gradle.internal.dispatch.MethodInvocation.invokeOn(MethodInvocation.java:77)
  at org.gradle.internal.dispatch.ReflectionDispatch.dispatch(ReflectionDispatch.java:28)
  at org.gradle.internal.dispatch.ReflectionDispatch.dispatch(ReflectionDispatch.java:19)
  at org.gradle.internal.dispatch.ContextClassLoaderDispatch.dispatch(ContextClassLoaderDispatch.java:33)
  at org.gradle.internal.dispatch.ProxyDispatchAdapter$DispatchingInvocationHandler.invoke(ProxyDispatchAdapter.java:88)
  at jdk.proxy1/jdk.proxy1.$Proxy4.processTestDefinition(Unknown Source)
  at org.gradle.api.internal.tasks.testing.worker.TestWorker$2.run(TestWorker.java:178)
  at org.gradle.api.internal.tasks.testing.worker.TestWorker.executeAndMaintainThreadName(TestWorker.java:126)
  at org.gradle.api.internal.tasks.testing.worker.TestWorker.execute(TestWorker.java:103)
  at org.gradle.api.internal.tasks.testing.worker.TestWorker.execute(TestWorker.java:63)
  at org.gradle.process.internal.worker.child.ActionExecutionWorker.execute(ActionExecutionWorker.java:56)
  at org.gradle.process.internal.worker.child.SystemApplicationClassLoaderWorker.call(SystemApplicationClassLoaderWorker.java:122)
  at org.gradle.process.internal.worker.child.SystemApplicationClassLoaderWorker.call(SystemApplicationClassLoaderWorker.java:72)
  at worker.org.gradle.process.internal.worker.GradleWorkerMain.run(GradleWorkerMain.java:69)
  at worker.org.gradle.process.internal.worker.GradleWorkerMain.main(GradleWorkerMain.java:74)
</stacktrace>
</test-failure>


TypeScriptCompilerTests_C[jvm] > ClassDeclaration26_ts has expected errors matching ClassDeclaration26_errors_txt[jvm] FAILED

<test-failure test="com.xemantic.typescript.compiler.TypeScriptCompilerTests_C.computedPropertiesInDestructuring2_ts has expected errors matching computedPropertiesInDestructuring2_errors_txt" platform="jvm">
<message>
Expected diagnostics from baseline typescript-repo/tests/baselines/reference/computedPropertiesInDestructuring2.errors.txt but none produced
</message>
<stacktrace>
  at com.xemantic.typescript.compiler.TypeScriptTestSupportKt.errorsMatchBaseline(TypeScriptTestSupport.kt:125)
  at com.xemantic.typescript.compiler.TypeScriptCompilerTests_C.computedPropertiesInDestructuring2_ts has expected errors matching computedPropertiesInDestructuring2_errors_txt(TypeScriptCompilerTests_C.kt:5369)
  at java.base/jdk.internal.reflect.DirectMethodHandleAccessor.invoke(DirectMethodHandleAccessor.java:104)
  at java.base/java.lang.reflect.Method.invoke(Method.java:565)
  at org.junit.runners.model.FrameworkMethod$1.runReflectiveCall(FrameworkMethod.java:59)
  at org.junit.internal.runners.model.ReflectiveCallable.run(ReflectiveCallable.java:12)
  at org.junit.runners.model.FrameworkMethod.invokeExplosively(FrameworkMethod.java:56)
  at org.junit.internal.runners.statements.InvokeMethod.evaluate(InvokeMethod.java:17)
  at org.junit.runners.ParentRunner$3.evaluate(ParentRunner.java:306)
  at org.junit.runners.BlockJUnit4ClassRunner$1.evaluate(BlockJUnit4ClassRunner.java:100)
  at org.junit.runners.ParentRunner.runLeaf(ParentRunner.java:366)
  at org.junit.runners.BlockJUnit4ClassRunner.runChild(BlockJUnit4ClassRunner.java:103)
  at org.junit.runners.BlockJUnit4ClassRunner.runChild(BlockJUnit4ClassRunner.java:63)
  at org.junit.runners.ParentRunner$4.run(ParentRunner.java:331)
  at org.junit.runners.ParentRunner$1.schedule(ParentRunner.java:79)
  at org.junit.runners.ParentRunner.runChildren(ParentRunner.java:329)
  at org.junit.runners.ParentRunner.access$100(ParentRunner.java:66)
  at org.junit.runners.ParentRunner$2.evaluate(ParentRunner.java:293)
  at org.junit.runners.ParentRunner$3.evaluate(ParentRunner.java:306)
  at org.junit.runners.ParentRunner.run(ParentRunner.java:413)
  at org.junit.runner.JUnitCore.run(JUnitCore.java:137)
  at org.junit.runner.JUnitCore.run(JUnitCore.java:115)
  at org.gradle.api.internal.tasks.testing.junit.JUnitTestExecutor.runRequest(JUnitTestExecutor.java:175)
  at org.gradle.api.internal.tasks.testing.junit.JUnitTestExecutor.accept(JUnitTestExecutor.java:84)
  at org.gradle.api.internal.tasks.testing.junit.JUnitTestExecutor.accept(JUnitTestExecutor.java:47)
  at org.gradle.api.internal.tasks.testing.junit.AbstractJUnitTestDefinitionProcessor.processTestDefinition(AbstractJUnitTestDefinitionProcessor.java:65)
  at org.gradle.api.internal.tasks.testing.SuiteTestDefinitionProcessor.processTestDefinition(SuiteTestDefinitionProcessor.java:54)
  at java.base/jdk.internal.reflect.DirectMethodHandleAccessor.invoke(DirectMethodHandleAccessor.java:104)
  at java.base/java.lang.reflect.Method.invoke(Method.java:565)
  at org.gradle.internal.dispatch.MethodInvocation.invokeOn(MethodInvocation.java:77)
  at org.gradle.internal.dispatch.ReflectionDispatch.dispatch(ReflectionDispatch.java:28)
  at org.gradle.internal.dispatch.ReflectionDispatch.dispatch(ReflectionDispatch.java:19)
  at org.gradle.internal.dispatch.ContextClassLoaderDispatch.dispatch(ContextClassLoaderDispatch.java:33)
  at org.gradle.internal.dispatch.ProxyDispatchAdapter$DispatchingInvocationHandler.invoke(ProxyDispatchAdapter.java:88)
  at jdk.proxy1/jdk.proxy1.$Proxy4.processTestDefinition(Unknown Source)
  at org.gradle.api.internal.tasks.testing.worker.TestWorker$2.run(TestWorker.java:178)
  at org.gradle.api.internal.tasks.testing.worker.TestWorker.executeAndMaintainThreadName(TestWorker.java:126)
  at org.gradle.api.internal.tasks.testing.worker.TestWorker.execute(TestWorker.java:103)
  at org.gradle.api.internal.tasks.testing.worker.TestWorker.execute(TestWorker.java:63)
  at org.gradle.process.internal.worker.child.ActionExecutionWorker.execute(ActionExecutionWorker.java:56)
  at org.gradle.process.internal.worker.child.SystemApplicationClassLoaderWorker.call(SystemApplicationClassLoaderWorker.java:122)
  at org.gradle.process.internal.worker.child.SystemApplicationClassLoaderWorker.call(SystemApplicationClassLoaderWorker.java:72)
  at worker.org.gradle.process.internal.worker.GradleWorkerMain.run(GradleWorkerMain.java:69)
  at worker.org.gradle.process.internal.worker.GradleWorkerMain.main(GradleWorkerMain.java:74)
</stacktrace>
</test-failure>


TypeScriptCompilerTests_C[jvm] > computedPropertiesInDestructuring2_ts has expected errors matching computedPropertiesInDestructuring2_errors_txt[jvm] FAILED

<test-failure test="com.xemantic.typescript.compiler.TypeScriptCompilerTests_C.contextualTypingWithFixedTypeParameters1_ts has expected errors matching contextualTypingWithFixedTypeParameters1_errors_txt" platform="jvm">
<message>
Expected diagnostics from baseline typescript-repo/tests/baselines/reference/contextualTypingWithFixedTypeParameters1.errors.txt but none produced
</message>
<stacktrace>
  at com.xemantic.typescript.compiler.TypeScriptTestSupportKt.errorsMatchBaseline(TypeScriptTestSupport.kt:125)
  at com.xemantic.typescript.compiler.TypeScriptCompilerTests_C.contextualTypingWithFixedTypeParameters1_ts has expected errors matching contextualTypingWithFixedTypeParameters1_errors_txt(TypeScriptCompilerTests_C.kt:7952)
  at java.base/jdk.internal.reflect.DirectMethodHandleAccessor.invoke(DirectMethodHandleAccessor.java:104)
  at java.base/java.lang.reflect.Method.invoke(Method.java:565)
  at org.junit.runners.model.FrameworkMethod$1.runReflectiveCall(FrameworkMethod.java:59)
  at org.junit.internal.runners.model.ReflectiveCallable.run(ReflectiveCallable.java:12)
  at org.junit.runners.model.FrameworkMethod.invokeExplosively(FrameworkMethod.java:56)
  at org.junit.internal.runners.statements.InvokeMethod.evaluate(InvokeMethod.java:17)
  at org.junit.runners.ParentRunner$3.evaluate(ParentRunner.java:306)
  at org.junit.runners.BlockJUnit4ClassRunner$1.evaluate(BlockJUnit4ClassRunner.java:100)
  at org.junit.runners.ParentRunner.runLeaf(ParentRunner.java:366)
  at org.junit.runners.BlockJUnit4ClassRunner.runChild(BlockJUnit4ClassRunner.java:103)
  at org.junit.runners.BlockJUnit4ClassRunner.runChild(BlockJUnit4ClassRunner.java:63)
  at org.junit.runners.ParentRunner$4.run(ParentRunner.java:331)
  at org.junit.runners.ParentRunner$1.schedule(ParentRunner.java:79)
  at org.junit.runners.ParentRunner.runChildren(ParentRunner.java:329)
  at org.junit.runners.ParentRunner.access$100(ParentRunner.java:66)
  at org.junit.runners.ParentRunner$2.evaluate(ParentRunner.java:293)
  at org.junit.runners.ParentRunner$3.evaluate(ParentRunner.java:306)
  at org.junit.runners.ParentRunner.run(ParentRunner.java:413)
  at org.junit.runner.JUnitCore.run(JUnitCore.java:137)
  at org.junit.runner.JUnitCore.run(JUnitCore.java:115)
  at org.gradle.api.internal.tasks.testing.junit.JUnitTestExecutor.runRequest(JUnitTestExecutor.java:175)
  at org.gradle.api.internal.tasks.testing.junit.JUnitTestExecutor.accept(JUnitTestExecutor.java:84)
  at org.gradle.api.internal.tasks.testing.junit.JUnitTestExecutor.accept(JUnitTestExecutor.java:47)
  at org.gradle.api.internal.tasks.testing.junit.AbstractJUnitTestDefinitionProcessor.processTestDefinition(AbstractJUnitTestDefinitionProcessor.java:65)
  at org.gradle.api.internal.tasks.testing.SuiteTestDefinitionProcessor.processTestDefinition(SuiteTestDefinitionProcessor.java:54)
  at java.base/jdk.internal.reflect.DirectMethodHandleAccessor.invoke(DirectMethodHandleAccessor.java:104)
  at java.base/java.lang.reflect.Method.invoke(Method.java:565)
  at org.gradle.internal.dispatch.MethodInvocation.invokeOn(MethodInvocation.java:77)
  at org.gradle.internal.dispatch.ReflectionDispatch.dispatch(ReflectionDispatch.java:28)
  at org.gradle.internal.dispatch.ReflectionDispatch.dispatch(ReflectionDispatch.java:19)
  at org.gradle.internal.dispatch.ContextClassLoaderDispatch.dispatch(ContextClassLoaderDispatch.java:33)
  at org.gradle.internal.dispatch.ProxyDispatchAdapter$DispatchingInvocationHandler.invoke(ProxyDispatchAdapter.java:88)
  at jdk.proxy1/jdk.proxy1.$Proxy4.processTestDefinition(Unknown Source)
  at org.gradle.api.internal.tasks.testing.worker.TestWorker$2.run(TestWorker.java:178)
  at org.gradle.api.internal.tasks.testing.worker.TestWorker.executeAndMaintainThreadName(TestWorker.java:126)
  at org.gradle.api.internal.tasks.testing.worker.TestWorker.execute(TestWorker.java:103)
  at org.gradle.api.internal.tasks.testing.worker.TestWorker.execute(TestWorker.java:63)
  at org.gradle.process.internal.worker.child.ActionExecutionWorker.execute(ActionExecutionWorker.java:56)
  at org.gradle.process.internal.worker.child.SystemApplicationClassLoaderWorker.call(SystemApplicationClassLoaderWorker.java:122)
  at org.gradle.process.internal.worker.child.SystemApplicationClassLoaderWorker.call(SystemApplicationClassLoaderWorker.java:72)
  at worker.org.gradle.process.internal.worker.GradleWorkerMain.run(GradleWorkerMain.java:69)
  at worker.org.gradle.process.internal.worker.GradleWorkerMain.main(GradleWorkerMain.java:74)
</stacktrace>
</test-failure>


TypeScriptCompilerTests_C[jvm] > contextualTypingWithFixedTypeParameters1_ts has expected errors matching contextualTypingWithFixedTypeParameters1_errors_txt[jvm] FAILED

<test-failure test="com.xemantic.typescript.compiler.TypeScriptCompilerTests_C.circularAccessorAnnotations_ts has expected errors matching circularAccessorAnnotations_errors_txt" platform="jvm">
<message>
Expected diagnostics from baseline typescript-repo/tests/baselines/reference/circularAccessorAnnotations.errors.txt but none produced
</message>
<stacktrace>
  at com.xemantic.typescript.compiler.TypeScriptTestSupportKt.errorsMatchBaseline(TypeScriptTestSupport.kt:125)
  at com.xemantic.typescript.compiler.TypeScriptCompilerTests_C.circularAccessorAnnotations_ts has expected errors matching circularAccessorAnnotations_errors_txt(TypeScriptCompilerTests_C.kt:1561)
  at java.base/jdk.internal.reflect.DirectMethodHandleAccessor.invoke(DirectMethodHandleAccessor.java:104)
  at java.base/java.lang.reflect.Method.invoke(Method.java:565)
  at org.junit.runners.model.FrameworkMethod$1.runReflectiveCall(FrameworkMethod.java:59)
  at org.junit.internal.runners.model.ReflectiveCallable.run(ReflectiveCallable.java:12)
  at org.junit.runners.model.FrameworkMethod.invokeExplosively(FrameworkMethod.java:56)
  at org.junit.internal.runners.statements.InvokeMethod.evaluate(InvokeMethod.java:17)
  at org.junit.runners.ParentRunner$3.evaluate(ParentRunner.java:306)
  at org.junit.runners.BlockJUnit4ClassRunner$1.evaluate(BlockJUnit4ClassRunner.java:100)
  at org.junit.runners.ParentRunner.runLeaf(ParentRunner.java:366)
  at org.junit.runners.BlockJUnit4ClassRunner.runChild(BlockJUnit4ClassRunner.java:103)
  at org.junit.runners.BlockJUnit4ClassRunner.runChild(BlockJUnit4ClassRunner.java:63)
  at org.junit.runners.ParentRunner$4.run(ParentRunner.java:331)
  at org.junit.runners.ParentRunner$1.schedule(ParentRunner.java:79)
  at org.junit.runners.ParentRunner.runChildren(ParentRunner.java:329)
  at org.junit.runners.ParentRunner.access$100(ParentRunner.java:66)
  at org.junit.runners.ParentRunner$2.evaluate(ParentRunner.java:293)
  at org.junit.runners.ParentRunner$3.evaluate(ParentRunner.java:306)
  at org.junit.runners.ParentRunner.run(ParentRunner.java:413)
  at org.junit.runner.JUnitCore.run(JUnitCore.java:137)
  at org.junit.runner.JUnitCore.run(JUnitCore.java:115)
  at org.gradle.api.internal.tasks.testing.junit.JUnitTestExecutor.runRequest(JUnitTestExecutor.java:175)
  at org.gradle.api.internal.tasks.testing.junit.JUnitTestExecutor.accept(JUnitTestExecutor.java:84)
  at org.gradle.api.internal.tasks.testing.junit.JUnitTestExecutor.accept(JUnitTestExecutor.java:47)
  at org.gradle.api.internal.tasks.testing.junit.AbstractJUnitTestDefinitionProcessor.processTestDefinition(AbstractJUnitTestDefinitionProcessor.java:65)
  at org.gradle.api.internal.tasks.testing.SuiteTestDefinitionProcessor.processTestDefinition(SuiteTestDefinitionProcessor.java:54)
  at java.base/jdk.internal.reflect.DirectMethodHandleAccessor.invoke(DirectMethodHandleAccessor.java:104)
  at java.base/java.lang.reflect.Method.invoke(Method.java:565)
  at org.gradle.internal.dispatch.MethodInvocation.invokeOn(MethodInvocation.java:77)
  at org.gradle.internal.dispatch.ReflectionDispatch.dispatch(ReflectionDispatch.java:28)
  at org.gradle.internal.dispatch.ReflectionDispatch.dispatch(ReflectionDispatch.java:19)
  at org.gradle.internal.dispatch.ContextClassLoaderDispatch.dispatch(ContextClassLoaderDispatch.java:33)
  at org.gradle.internal.dispatch.ProxyDispatchAdapter$DispatchingInvocationHandler.invoke(ProxyDispatchAdapter.java:88)
  at jdk.proxy1/jdk.proxy1.$Proxy4.processTestDefinition(Unknown Source)
  at org.gradle.api.internal.tasks.testing.worker.TestWorker$2.run(TestWorker.java:178)
  at org.gradle.api.internal.tasks.testing.worker.TestWorker.executeAndMaintainThreadName(TestWorker.java:126)
  at org.gradle.api.internal.tasks.testing.worker.TestWorker.execute(TestWorker.java:103)
  at org.gradle.api.internal.tasks.testing.worker.TestWorker.execute(TestWorker.java:63)
  at org.gradle.process.internal.worker.child.ActionExecutionWorker.execute(ActionExecutionWorker.java:56)
  at org.gradle.process.internal.worker.child.SystemApplicationClassLoaderWorker.call(SystemApplicationClassLoaderWorker.java:122)
  at org.gradle.process.internal.worker.child.SystemApplicationClassLoaderWorker.call(SystemApplicationClassLoaderWorker.java:72)
  at worker.org.gradle.process.internal.worker.GradleWorkerMain.run(GradleWorkerMain.java:69)
  at worker.org.gradle.process.internal.worker.GradleWorkerMain.main(GradleWorkerMain.java:74)
</stacktrace>
</test-failure>


TypeScriptCompilerTests_C[jvm] > circularAccessorAnnotations_ts has expected errors matching circularAccessorAnnotations_errors_txt[jvm] FAILED

<test-failure test="com.xemantic.typescript.compiler.TypeScriptCompilerTests_C.circularTypeArgumentsLocalAndOuterNoCrash1_ts has expected errors matching circularTypeArgumentsLocalAndOuterNoCrash1_errors_txt" platform="jvm">
<message>
Expected diagnostics from baseline typescript-repo/tests/baselines/reference/circularTypeArgumentsLocalAndOuterNoCrash1.errors.txt but none produced
</message>
<stacktrace>
  at com.xemantic.typescript.compiler.TypeScriptTestSupportKt.errorsMatchBaseline(TypeScriptTestSupport.kt:125)
  at com.xemantic.typescript.compiler.TypeScriptCompilerTests_C.circularTypeArgumentsLocalAndOuterNoCrash1_ts has expected errors matching circularTypeArgumentsLocalAndOuterNoCrash1_errors_txt(TypeScriptCompilerTests_C.kt:1757)
  at java.base/jdk.internal.reflect.DirectMethodHandleAccessor.invoke(DirectMethodHandleAccessor.java:104)
  at java.base/java.lang.reflect.Method.invoke(Method.java:565)
  at org.junit.runners.model.FrameworkMethod$1.runReflectiveCall(FrameworkMethod.java:59)
  at org.junit.internal.runners.model.ReflectiveCallable.run(ReflectiveCallable.java:12)
  at org.junit.runners.model.FrameworkMethod.invokeExplosively(FrameworkMethod.java:56)
  at org.junit.internal.runners.statements.InvokeMethod.evaluate(InvokeMethod.java:17)
  at org.junit.runners.ParentRunner$3.evaluate(ParentRunner.java:306)
  at org.junit.runners.BlockJUnit4ClassRunner$1.evaluate(BlockJUnit4ClassRunner.java:100)
  at org.junit.runners.ParentRunner.runLeaf(ParentRunner.java:366)
  at org.junit.runners.BlockJUnit4ClassRunner.runChild(BlockJUnit4ClassRunner.java:103)
  at org.junit.runners.BlockJUnit4ClassRunner.runChild(BlockJUnit4ClassRunner.java:63)
  at org.junit.runners.ParentRunner$4.run(ParentRunner.java:331)
  at org.junit.runners.ParentRunner$1.schedule(ParentRunner.java:79)
  at org.junit.runners.ParentRunner.runChildren(ParentRunner.java:329)
  at org.junit.runners.ParentRunner.access$100(ParentRunner.java:66)
  at org.junit.runners.ParentRunner$2.evaluate(ParentRunner.java:293)
  at org.junit.runners.ParentRunner$3.evaluate(ParentRunner.java:306)
  at org.junit.runners.ParentRunner.run(ParentRunner.java:413)
  at org.junit.runner.JUnitCore.run(JUnitCore.java:137)
  at org.junit.runner.JUnitCore.run(JUnitCore.java:115)
  at org.gradle.api.internal.tasks.testing.junit.JUnitTestExecutor.runRequest(JUnitTestExecutor.java:175)
  at org.gradle.api.internal.tasks.testing.junit.JUnitTestExecutor.accept(JUnitTestExecutor.java:84)
  at org.gradle.api.internal.tasks.testing.junit.JUnitTestExecutor.accept(JUnitTestExecutor.java:47)
  at org.gradle.api.internal.tasks.testing.junit.AbstractJUnitTestDefinitionProcessor.processTestDefinition(AbstractJUnitTestDefinitionProcessor.java:65)
  at org.gradle.api.internal.tasks.testing.SuiteTestDefinitionProcessor.processTestDefinition(SuiteTestDefinitionProcessor.java:54)
  at java.base/jdk.internal.reflect.DirectMethodHandleAccessor.invoke(DirectMethodHandleAccessor.java:104)
  at java.base/java.lang.reflect.Method.invoke(Method.java:565)
  at org.gradle.internal.dispatch.MethodInvocation.invokeOn(MethodInvocation.java:77)
  at org.gradle.internal.dispatch.ReflectionDispatch.dispatch(ReflectionDispatch.java:28)
  at org.gradle.internal.dispatch.ReflectionDispatch.dispatch(ReflectionDispatch.java:19)
  at org.gradle.internal.dispatch.ContextClassLoaderDispatch.dispatch(ContextClassLoaderDispatch.java:33)
  at org.gradle.internal.dispatch.ProxyDispatchAdapter$DispatchingInvocationHandler.invoke(ProxyDispatchAdapter.java:88)
  at jdk.proxy1/jdk.proxy1.$Proxy4.processTestDefinition(Unknown Source)
  at org.gradle.api.internal.tasks.testing.worker.TestWorker$2.run(TestWorker.java:178)
  at org.gradle.api.internal.tasks.testing.worker.TestWorker.executeAndMaintainThreadName(TestWorker.java:126)
  at org.gradle.api.internal.tasks.testing.worker.TestWorker.execute(TestWorker.java:103)
  at org.gradle.api.internal.tasks.testing.worker.TestWorker.execute(TestWorker.java:63)
  at org.gradle.process.internal.worker.child.ActionExecutionWorker.execute(ActionExecutionWorker.java:56)
  at org.gradle.process.internal.worker.child.SystemApplicationClassLoaderWorker.call(SystemApplicationClassLoaderWorker.java:122)
  at org.gradle.process.internal.worker.child.SystemApplicationClassLoaderWorker.call(SystemApplicationClassLoaderWorker.java:72)
  at worker.org.gradle.process.internal.worker.GradleWorkerMain.run(GradleWorkerMain.java:69)
  at worker.org.gradle.process.internal.worker.GradleWorkerMain.main(GradleWorkerMain.java:74)
</stacktrace>
</test-failure>


TypeScriptCompilerTests_C[jvm] > circularTypeArgumentsLocalAndOuterNoCrash1_ts has expected errors matching circularTypeArgumentsLocalAndOuterNoCrash1_errors_txt[jvm] FAILED

<test-failure test="com.xemantic.typescript.compiler.TypeScriptCompilerTests_C.controlFlowFunctionLikeCircular1_ts has expected errors matching controlFlowFunctionLikeCircular1_errors_txt" platform="jvm">
<message>
--- expected
+++ actual
@@ -1,170 +1,97 @@
 controlFlowFunctionLikeCircular_1.ts(1,1): error TS2448: Block-scoped variable 'unionOfDifferentReturnType1' used before its declaration.
-controlFlowFunctionLikeCircular_1.ts(1,1): error TS2454: Variable 'unionOfDifferentReturnType1' is used before being assigned.
-controlFlowFunctionLikeCircular_1.ts(1,29): error TS2345: Argument of type 'boolean' is not assignable to parameter of type 'number'.
 controlFlowFunctionLikeCircular_1.ts(2,7): error TS1155: 'const' declarations must be initialized.
-controlFlowFunctionLikeCircular_1.ts(2,7): error TS2451: Cannot redeclare block-scoped variable 'unionOfDifferentReturnType1'.
-controlFlowFunctionLikeCircular_10.ts(1,10): error TS2393: Duplicate function implementation.
 controlFlowFunctionLikeCircular_10.ts(3,5): error TS2448: Block-scoped variable 'o' used before its declaration.
-controlFlowFunctionLikeCircular_10.ts(3,5): error TS2454: Variable 'o' is used before being assigned.
-controlFlowFunctionLikeCircular_2.ts(1,29): error TS2345: Argument of type 'boolean' is not assignable to parameter of type 'number'.
-controlFlowFunctionLikeCircular_2.ts(2,7): error TS2451: Cannot redeclare block-scoped variable 'unionOfDifferentReturnType1'.
-controlFlowFunctionLikeCircular_3.ts(1,10): error TS2393: Duplicate function implementation.
+controlFlowFunctionLikeCircular_2.ts(1,1): error TS2448: Block-scoped variable 'unionOfDifferentReturnType1' used before its declaration.
 controlFlowFunctionLikeCircular_3.ts(2,3): error TS2448: Block-scoped variable 'fn' used before its declaration.
-controlFlowFunctionLikeCircular_3.ts(3,9): error TS2502: 'fn' is referenced directly or indirectly in its own type annotation.
-controlFlowFunctionLikeCircular_3.ts(3,51): error TS2355: A function whose declared type is neither 'undefined', 'void', nor 'any' must return a value.
-controlFlowFunctionLikeCircular_3.ts(3,58): error TS2749: 'arg' refers to a value, but is being used as a type here. Did you mean 'typeof arg'?
-controlFlowFunctionLikeCircular_4.ts(1,10): error TS2393: Duplicate function implementation.
 controlFlowFunctionLikeCircular_4.ts(2,3): error TS2448: Block-scoped variable 'fn' used before its declaration.
-controlFlowFunctionLikeCircular_4.ts(2,3): error TS2454: Variable 'fn' is used before being assigned.
-controlFlowFunctionLikeCircular_4.ts(3,40): error TS2355: A function whose declared type is neither 'undefined', 'void', nor 'any' must return a value.
-controlFlowFunctionLikeCircular_4.ts(3,47): error TS2749: 'arg' refers to a value, but is being used as a type here. Did you mean 'typeof arg'?
-controlFlowFunctionLikeCircular_5.ts(1,10): error TS2393: Duplicate function implementation.
 controlFlowFunctionLikeCircular_5.ts(3,5): error TS2448: Block-scoped variable 'fn' used before its declaration.
-controlFlowFunctionLikeCircular_5.ts(3,5): error TS2454: Variable 'fn' is used before being assigned.
-controlFlowFunctionLikeCircular_6.ts(1,10): error TS2393: Duplicate function implementation.
 controlFlowFunctionLikeCircular_6.ts(3,5): error TS2448: Block-scoped variable 'fn' used before its declaration.
-controlFlowFunctionLikeCircular_6.ts(3,5): error TS2454: Variable 'fn' is used before being assigned.
-controlFlowFunctionLikeCircular_7.ts(1,10): error TS2393: Duplicate function implementation.
 controlFlowFunctionLikeCircular_7.ts(3,5): error TS2448: Block-scoped variable 'fn' used before its declaration.
-controlFlowFunctionLikeCircular_7.ts(3,5): error TS2454: Variable 'fn' is used before being assigned.
-controlFlowFunctionLikeCircular_8.ts(1,10): error TS2393: Duplicate function implementation.
 controlFlowFunctionLikeCircular_8.ts(3,5): error TS2448: Block-scoped variable 'b' used before its declaration.
-controlFlowFunctionLikeCircular_8.ts(3,5): error TS2454: Variable 'b' is used before being assigned.
-controlFlowFunctionLikeCircular_8.ts(3,5): error TS2554: Expected 1 arguments, but got 0.
-controlFlowFunctionLikeCircular_8.ts(4,10): error TS2456: Type alias 'First' circularly references itself.
-controlFlowFunctionLikeCircular_9.ts(1,10): error TS2393: Duplicate function implementation.
 controlFlowFunctionLikeCircular_9.ts(3,5): error TS2448: Block-scoped variable 'o' used before its declaration.
-controlFlowFunctionLikeCircular_9.ts(3,5): error TS2454: Variable 'o' is used before being assigned.
-controlFlowFunctionLikeCircular_9.ts(4,47): error TS2411: Property 'x' of type '(() => DateConstructor) | (() => void)' is not assignable to 'string' index type '() => string | number'.
 
 
-==== controlFlowFunctionLikeCircular_1.ts (5 errors) ====
+==== controlFlowFunctionLikeCircular_1.ts (2 errors) ====
     unionOfDifferentReturnType1(true);
     ~~~~~~~~~~~~~~~~~~~~~~~~~~~
 !!! error TS2448: Block-scoped variable 'unionOfDifferentReturnType1' used before its declaration.
 !!! related TS2728 controlFlowFunctionLikeCircular_1.ts:2:7: 'unionOfDifferentReturnType1' is declared here.
-    ~~~~~~~~~~~~~~~~~~~~~~~~~~~
-!!! error TS2454: Variable 'unionOfDifferentReturnType1' is used before being assigned.
-                                ~~~~
-!!! error TS2345: Argument of type 'boolean' is not assignable to parameter of type 'number'.
     const unionOfDifferentReturnType1: { (a: any): number; } | { (a: number): typeof Date; };
           ~~~~~~~~~~~~~~~~~~~~~~~~~~~
 !!! error TS1155: 'const' declarations must be initialized.
-          ~~~~~~~~~~~~~~~~~~~~~~~~~~~
-!!! error TS2451: Cannot redeclare block-scoped variable 'unionOfDifferentReturnType1'.
-!!! related TS6203 controlFlowFunctionLikeCircular_2.ts:2:7: 'unionOfDifferentReturnType1' was also declared here.
     
-==== controlFlowFunctionLikeCircular_2.ts (2 errors) ====
+==== controlFlowFunctionLikeCircular_2.ts (1 errors) ====
     unionOfDifferentReturnType1(true);
-                                ~~~~
-!!! error TS2345: Argument of type 'boolean' is not assignable to parameter of type 'number'.
+    ~~~~~~~~~~~~~~~~~~~~~~~~~~~
+!!! error TS2448: Block-scoped variable 'unionOfDifferentReturnType1' used before its declaration.
+!!! related TS2728 controlFlowFunctionLikeCircular_2.ts:2:7: 'unionOfDifferentReturnType1' is declared here.
     const unionOfDifferentReturnType1 = Math.random() ? (a: any) => 1 : (a: number) => ({}) as typeof Date;
-          ~~~~~~~~~~~~~~~~~~~~~~~~~~~
-!!! error TS2451: Cannot redeclare block-scoped variable 'unionOfDifferentReturnType1'.
-!!! related TS6203 controlFlowFunctionLikeCircular_1.ts:2:7: 'unionOfDifferentReturnType1' was also declared here.
     
-==== controlFlowFunctionLikeCircular_3.ts (5 errors) ====
+==== controlFlowFunctionLikeCircular_3.ts (1 errors) ====
     function test(arg: () => string) {
-             ~~~~
-!!! error TS2393: Duplicate function implementation.
       fn();
       ~~
 !!! error TS2448: Block-scoped variable 'fn' used before its declaration.
 !!! related TS2728 controlFlowFunctionLikeCircular_3.ts:3:9: 'fn' is declared here.
       const fn: typeof fn = Math.random() ? arg : (): (() => arg) => {};
-            ~~
-!!! error TS2502: 'fn' is referenced directly or indirectly in its own type annotation.
-                                                      ~~~~~~~~~~~
-!!! error TS2355: A function whose declared type is neither 'undefined', 'void', nor 'any' must return a value.
-                                                             ~~~
-!!! error TS2749: 'arg' refers to a value, but is being used as a type here. Did you mean 'typeof arg'?
     }
     
-==== controlFlowFunctionLikeCircular_4.ts (5 errors) ====
+==== controlFlowFunctionLikeCircular_4.ts (1 errors) ====
     function test(arg: () => string) {
-             ~~~~
-!!! error TS2393: Duplicate function implementation.
       fn();
       ~~
 !!! error TS2448: Block-scoped variable 'fn' used before its declaration.
 !!! related TS2728 controlFlowFunctionLikeCircular_4.ts:3:9: 'fn' is declared here.
-      ~~
-!!! error TS2454: Variable 'fn' is used before being assigned.
       const fn = Math.random() ? arg : (): (() => arg) => {};
-                                           ~~~~~~~~~~~
-!!! error TS2355: A function whose declared type is neither 'undefined', 'void', nor 'any' must return a value.
-                                                  ~~~
-!!! error TS2749: 'arg' refers to a value, but is being used as a type here. Did you mean 'typeof arg'?
     }
     
-==== controlFlowFunctionLikeCircular_5.ts (3 errors) ====
+==== controlFlowFunctionLikeCircular_5.ts (1 errors) ====
     function test(arg: string | number) {
-             ~~~~
-!!! error TS2393: Duplicate function implementation.
       if (typeof arg === "string") {
         fn();
         ~~
 !!! error TS2448: Block-scoped variable 'fn' used before its declaration.
 !!! related TS2728 controlFlowFunctionLikeCircular_5.ts:4:11: 'fn' is declared here.
-        ~~
-!!! error TS2454: Variable 'fn' is used before being assigned.
         const fn: () => typeof arg = () => arg;
         return fn;
       }
       return undefined;
     }
     
-==== controlFlowFunctionLikeCircular_6.ts (3 errors) ====
+==== controlFlowFunctionLikeCircular_6.ts (1 errors) ====
     function test(arg: string | number) {
-             ~~~~
-!!! error TS2393: Duplicate function implementation.
       if (typeof arg === "string") {
         fn();
         ~~
 !!! error TS2448: Block-scoped variable 'fn' used before its declaration.
 !!! related TS2728 controlFlowFunctionLikeCircular_6.ts:4:11: 'fn' is declared here.
-        ~~
-!!! error TS2454: Variable 'fn' is used before being assigned.
         const fn = (): typeof arg => arg;
         return fn;
       }
       return undefined;
     }
     
-==== controlFlowFunctionLikeCircular_7.ts (3 errors) ====
+==== controlFlowFunctionLikeCircular_7.ts (1 errors) ====
     function test(arg: string | number) {
-             ~~~~
-!!! error TS2393: Duplicate function implementation.
       if (typeof arg === "string") {
         fn();
         ~~
 !!! error TS2448: Block-scoped variable 'fn' used before its declaration.
 !!! related TS2728 controlFlowFunctionLikeCircular_7.ts:4:11: 'fn' is declared here.
-        ~~
-!!! error TS2454: Variable 'fn' is used before being assigned.
         const fn: { (): typeof arg } = () => arg;
         return fn;
       }
       return undefined;
     }
     
-==== controlFlowFunctionLikeCircular_8.ts (5 errors) ====
+==== controlFlowFunctionLikeCircular_8.ts (1 errors) ====
     function test(arg: string | number, whatever: any) {
-             ~~~~
-!!! error TS2393: Duplicate function implementation.
       if (typeof arg === "string") {
         b();
         ~
 !!! error TS2448: Block-scoped variable 'b' used before its declaration.
 !!! related TS2728 controlFlowFunctionLikeCircular_8.ts:6:11: 'b' is declared here.
-        ~
-!!! error TS2454: Variable 'b' is used before being assigned.
-        ~
-!!! error TS2554: Expected 1 arguments, but got 0.
-!!! related TS6210 controlFlowFunctionLikeCircular_8.ts:5:18: An argument for 'arg' was not provided.
         type First = typeof arg;
-             ~~~~~
-!!! error TS2456: Type alias 'First' circularly references itself.
         type Test = (arg: unknown) => arg is First;
         const b: Test = whatever;
         return b;
@@ -172,6 +99,5 @@
       return undefined;
     }
     
-==== controlFlowFunctionLikeCircular_9.ts (4 errors) ====
+==== controlFlowFunctionLikeCircular_9.ts (1 errors) ====
     function test(arg: string | number, whatever: any) {
-             ~~~~

Diff truncated: more than 100 lines changed

Expected: 209 lines
Actual: 126 lines

The differences are too extensive to show in unified diff format.
Consider comparing smaller sections or reviewing the strings directly.

</message>
<stacktrace>
  at org.junit.Assert.fail(Assert.java:89)
  at kotlin.test.junit.JUnitAsserter.fail(JUnitSupport.kt:56)
  at kotlin.test.AssertionsKt__AssertionsKt.fail(Assertions.kt:563)
  at kotlin.test.AssertionsKt.fail(Unknown Source)
  at com.xemantic.kotlin.test.SameAsKt.sameAs(SameAs.kt:52)
  at com.xemantic.typescript.compiler.TypeScriptTestSupportKt.errorsMatchBaseline(TypeScriptTestSupport.kt:135)
  at com.xemantic.typescript.compiler.TypeScriptCompilerTests_C.controlFlowFunctionLikeCircular1_ts has expected errors matching controlFlowFunctionLikeCircular1_errors_txt(TypeScriptCompilerTests_C.kt:8463)
  at java.base/jdk.internal.reflect.DirectMethodHandleAccessor.invoke(DirectMethodHandleAccessor.java:104)
  at java.base/java.lang.reflect.Method.invoke(Method.java:565)
  at org.junit.runners.model.FrameworkMethod$1.runReflectiveCall(FrameworkMethod.java:59)
  at org.junit.internal.runners.model.ReflectiveCallable.run(ReflectiveCallable.java:12)
  at org.junit.runners.model.FrameworkMethod.invokeExplosively(FrameworkMethod.java:56)
  at org.junit.internal.runners.statements.InvokeMethod.evaluate(InvokeMethod.java:17)
  at org.junit.runners.ParentRunner$3.evaluate(ParentRunner.java:306)
  at org.junit.runners.BlockJUnit4ClassRunner$1.evaluate(BlockJUnit4ClassRunner.java:100)
  at org.junit.runners.ParentRunner.runLeaf(ParentRunner.java:366)
  at org.junit.runners.BlockJUnit4ClassRunner.runChild(BlockJUnit4ClassRunner.java:103)
  at org.junit.runners.BlockJUnit4ClassRunner.runChild(BlockJUnit4ClassRunner.java:63)
  at org.junit.runners.ParentRunner$4.run(ParentRunner.java:331)
  at org.junit.runners.ParentRunner$1.schedule(ParentRunner.java:79)
  at org.junit.runners.ParentRunner.runChildren(ParentRunner.java:329)
  at org.junit.runners.ParentRunner.access$100(ParentRunner.java:66)
  at org.junit.runners.ParentRunner$2.evaluate(ParentRunner.java:293)
  at org.junit.runners.ParentRunner$3.evaluate(ParentRunner.java:306)
  at org.junit.runners.ParentRunner.run(ParentRunner.java:413)
  at org.junit.runner.JUnitCore.run(JUnitCore.java:137)
  at org.junit.runner.JUnitCore.run(JUnitCore.java:115)
  at org.gradle.api.internal.tasks.testing.junit.JUnitTestExecutor.runRequest(JUnitTestExecutor.java:175)
  at org.gradle.api.internal.tasks.testing.junit.JUnitTestExecutor.accept(JUnitTestExecutor.java:84)
  at org.gradle.api.internal.tasks.testing.junit.JUnitTestExecutor.accept(JUnitTestExecutor.java:47)
  at org.gradle.api.internal.tasks.testing.junit.AbstractJUnitTestDefinitionProcessor.processTestDefinition(AbstractJUnitTestDefinitionProcessor.java:65)
  at org.gradle.api.internal.tasks.testing.SuiteTestDefinitionProcessor.processTestDefinition(SuiteTestDefinitionProcessor.java:54)
  at java.base/jdk.internal.reflect.DirectMethodHandleAccessor.invoke(DirectMethodHandleAccessor.java:104)
  at java.base/java.lang.reflect.Method.invoke(Method.java:565)
  at org.gradle.internal.dispatch.MethodInvocation.invokeOn(MethodInvocation.java:77)
  at org.gradle.internal.dispatch.ReflectionDispatch.dispatch(ReflectionDispatch.java:28)
  at org.gradle.internal.dispatch.ReflectionDispatch.dispatch(ReflectionDispatch.java:19)
  at org.gradle.internal.dispatch.ContextClassLoaderDispatch.dispatch(ContextClassLoaderDispatch.java:33)
  at org.gradle.internal.dispatch.ProxyDispatchAdapter$DispatchingInvocationHandler.invoke(ProxyDispatchAdapter.java:88)
  at jdk.proxy1/jdk.proxy1.$Proxy4.processTestDefinition(Unknown Source)
  at org.gradle.api.internal.tasks.testing.worker.TestWorker$2.run(TestWorker.java:178)
  at org.gradle.api.internal.tasks.testing.worker.TestWorker.executeAndMaintainThreadName(TestWorker.java:126)
  at org.gradle.api.internal.tasks.testing.worker.TestWorker.execute(TestWorker.java:103)
  at org.gradle.api.internal.tasks.testing.worker.TestWorker.execute(TestWorker.java:63)
  at org.gradle.process.internal.worker.child.ActionExecutionWorker.execute(ActionExecutionWorker.java:56)
  at org.gradle.process.internal.worker.child.SystemApplicationClassLoaderWorker.call(SystemApplicationClassLoaderWorker.java:122)
  at org.gradle.process.internal.worker.child.SystemApplicationClassLoaderWorker.call(SystemApplicationClassLoaderWorker.java:72)
  at worker.org.gradle.process.internal.worker.GradleWorkerMain.run(GradleWorkerMain.java:69)
  at worker.org.gradle.process.internal.worker.GradleWorkerMain.main(GradleWorkerMain.java:74)
</stacktrace>
</test-failure>


TypeScriptCompilerTests_C[jvm] > controlFlowFunctionLikeCircular1_ts has expected errors matching controlFlowFunctionLikeCircular1_errors_txt[jvm] FAILED

<test-failure test="com.xemantic.typescript.compiler.TypeScriptCompilerTests_C.classUsedBeforeInitializedVariables_ts__target_es2015__has expected errors matching baseline" platform="jvm">
<message>
Expected diagnostics from baseline typescript-repo/tests/baselines/reference/classUsedBeforeInitializedVariables(target=es2015).errors.txt but none produced
</message>
<stacktrace>
  at com.xemantic.typescript.compiler.TypeScriptTestSupportKt.errorsMatchBaseline(TypeScriptTestSupport.kt:125)
  at com.xemantic.typescript.compiler.TypeScriptCompilerTests_C.classUsedBeforeInitializedVariables_ts__target_es2015__has expected errors matching baseline(TypeScriptCompilerTests_C.kt:2968)
  at java.base/jdk.internal.reflect.DirectMethodHandleAccessor.invoke(DirectMethodHandleAccessor.java:104)
  at java.base/java.lang.reflect.Method.invoke(Method.java:565)
  at org.junit.runners.model.FrameworkMethod$1.runReflectiveCall(FrameworkMethod.java:59)
  at org.junit.internal.runners.model.ReflectiveCallable.run(ReflectiveCallable.java:12)
  at org.junit.runners.model.FrameworkMethod.invokeExplosively(FrameworkMethod.java:56)
  at org.junit.internal.runners.statements.InvokeMethod.evaluate(InvokeMethod.java:17)
  at org.junit.runners.ParentRunner$3.evaluate(ParentRunner.java:306)
  at org.junit.runners.BlockJUnit4ClassRunner$1.evaluate(BlockJUnit4ClassRunner.java:100)
  at org.junit.runners.ParentRunner.runLeaf(ParentRunner.java:366)
  at org.junit.runners.BlockJUnit4ClassRunner.runChild(BlockJUnit4ClassRunner.java:103)
  at org.junit.runners.BlockJUnit4ClassRunner.runChild(BlockJUnit4ClassRunner.java:63)
  at org.junit.runners.ParentRunner$4.run(ParentRunner.java:331)
  at org.junit.runners.ParentRunner$1.schedule(ParentRunner.java:79)
  at org.junit.runners.ParentRunner.runChildren(ParentRunner.java:329)
  at org.junit.runners.ParentRunner.access$100(ParentRunner.java:66)
  at org.junit.runners.ParentRunner$2.evaluate(ParentRunner.java:293)
  at org.junit.runners.ParentRunner$3.evaluate(ParentRunner.java:306)
  at org.junit.runners.ParentRunner.run(ParentRunner.java:413)
  at org.junit.runner.JUnitCore.run(JUnitCore.java:137)
  at org.junit.runner.JUnitCore.run(JUnitCore.java:115)
  at org.gradle.api.internal.tasks.testing.junit.JUnitTestExecutor.runRequest(JUnitTestExecutor.java:175)
  at org.gradle.api.internal.tasks.testing.junit.JUnitTestExecutor.accept(JUnitTestExecutor.java:84)
  at org.gradle.api.internal.tasks.testing.junit.JUnitTestExecutor.accept(JUnitTestExecutor.java:47)
  at org.gradle.api.internal.tasks.testing.junit.AbstractJUnitTestDefinitionProcessor.processTestDefinition(AbstractJUnitTestDefinitionProcessor.java:65)
  at org.gradle.api.internal.tasks.testing.SuiteTestDefinitionProcessor.processTestDefinition(SuiteTestDefinitionProcessor.java:54)
  at java.base/jdk.internal.reflect.DirectMethodHandleAccessor.invoke(DirectMethodHandleAccessor.java:104)
  at java.base/java.lang.reflect.Method.invoke(Method.java:565)
  at org.gradle.internal.dispatch.MethodInvocation.invokeOn(MethodInvocation.java:77)
  at org.gradle.internal.dispatch.ReflectionDispatch.dispatch(ReflectionDispatch.java:28)
  at org.gradle.internal.dispatch.ReflectionDispatch.dispatch(ReflectionDispatch.java:19)
  at org.gradle.internal.dispatch.ContextClassLoaderDispatch.dispatch(ContextClassLoaderDispatch.java:33)
  at org.gradle.internal.dispatch.ProxyDispatchAdapter$DispatchingInvocationHandler.invoke(ProxyDispatchAdapter.java:88)
  at jdk.proxy1/jdk.proxy1.$Proxy4.processTestDefinition(Unknown Source)
  at org.gradle.api.internal.tasks.testing.worker.TestWorker$2.run(TestWorker.java:178)
  at org.gradle.api.internal.tasks.testing.worker.TestWorker.executeAndMaintainThreadName(TestWorker.java:126)
  at org.gradle.api.internal.tasks.testing.worker.TestWorker.execute(TestWorker.java:103)
  at org.gradle.api.internal.tasks.testing.worker.TestWorker.execute(TestWorker.java:63)
  at org.gradle.process.internal.worker.child.ActionExecutionWorker.execute(ActionExecutionWorker.java:56)
  at org.gradle.process.internal.worker.child.SystemApplicationClassLoaderWorker.call(SystemApplicationClassLoaderWorker.java:122)
  at org.gradle.process.internal.worker.child.SystemApplicationClassLoaderWorker.call(SystemApplicationClassLoaderWorker.java:72)
  at worker.org.gradle.process.internal.worker.GradleWorkerMain.run(GradleWorkerMain.java:69)
  at worker.org.gradle.process.internal.worker.GradleWorkerMain.main(GradleWorkerMain.java:74)
</stacktrace>
</test-failure>


TypeScriptCompilerTests_C[jvm] > classUsedBeforeInitializedVariables_ts__target_es2015__has expected errors matching baseline[jvm] FAILED

<test-failure test="com.xemantic.typescript.compiler.TypeScriptCompilerTests_C.computedEnumMemberSyntacticallyString2_ts__isolatedmodules_false__has expected errors matching baseline" platform="jvm">
<message>
Expected diagnostics from baseline typescript-repo/tests/baselines/reference/computedEnumMemberSyntacticallyString2(isolatedmodules=false).errors.txt but none produced
</message>
<stacktrace>
  at com.xemantic.typescript.compiler.TypeScriptTestSupportKt.errorsMatchBaseline(TypeScriptTestSupport.kt:125)
  at com.xemantic.typescript.compiler.TypeScriptCompilerTests_C.computedEnumMemberSyntacticallyString2_ts__isolatedmodules_false__has expected errors matching baseline(TypeScriptCompilerTests_C.kt:5320)
  at java.base/jdk.internal.reflect.DirectMethodHandleAccessor.invoke(DirectMethodHandleAccessor.java:104)
  at java.base/java.lang.reflect.Method.invoke(Method.java:565)
  at org.junit.runners.model.FrameworkMethod$1.runReflectiveCall(FrameworkMethod.java:59)
  at org.junit.internal.runners.model.ReflectiveCallable.run(ReflectiveCallable.java:12)
  at org.junit.runners.model.FrameworkMethod.invokeExplosively(FrameworkMethod.java:56)
  at org.junit.internal.runners.statements.InvokeMethod.evaluate(InvokeMethod.java:17)
  at org.junit.runners.ParentRunner$3.evaluate(ParentRunner.java:306)
  at org.junit.runners.BlockJUnit4ClassRunner$1.evaluate(BlockJUnit4ClassRunner.java:100)
  at org.junit.runners.ParentRunner.runLeaf(ParentRunner.java:366)
  at org.junit.runners.BlockJUnit4ClassRunner.runChild(BlockJUnit4ClassRunner.java:103)
  at org.junit.runners.BlockJUnit4ClassRunner.runChild(BlockJUnit4ClassRunner.java:63)
  at org.junit.runners.ParentRunner$4.run(ParentRunner.java:331)
  at org.junit.runners.ParentRunner$1.schedule(ParentRunner.java:79)
  at org.junit.runners.ParentRunner.runChildren(ParentRunner.java:329)
  at org.junit.runners.ParentRunner.access$100(ParentRunner.java:66)
  at org.junit.runners.ParentRunner$2.evaluate(ParentRunner.java:293)
  at org.junit.runners.ParentRunner$3.evaluate(ParentRunner.java:306)
  at org.junit.runners.ParentRunner.run(ParentRunner.java:413)
  at org.junit.runner.JUnitCore.run(JUnitCore.java:137)
  at org.junit.runner.JUnitCore.run(JUnitCore.java:115)
  at org.gradle.api.internal.tasks.testing.junit.JUnitTestExecutor.runRequest(JUnitTestExecutor.java:175)
  at org.gradle.api.internal.tasks.testing.junit.JUnitTestExecutor.accept(JUnitTestExecutor.java:84)
  at org.gradle.api.internal.tasks.testing.junit.JUnitTestExecutor.accept(JUnitTestExecutor.java:47)
  at org.gradle.api.internal.tasks.testing.junit.AbstractJUnitTestDefinitionProcessor.processTestDefinition(AbstractJUnitTestDefinitionProcessor.java:65)
  at org.gradle.api.internal.tasks.testing.SuiteTestDefinitionProcessor.processTestDefinition(SuiteTestDefinitionProcessor.java:54)
  at java.base/jdk.internal.reflect.DirectMethodHandleAccessor.invoke(DirectMethodHandleAccessor.java:104)
  at java.base/java.lang.reflect.Method.invoke(Method.java:565)
  at org.gradle.internal.dispatch.MethodInvocation.invokeOn(MethodInvocation.java:77)
  at org.gradle.internal.dispatch.ReflectionDispatch.dispatch(ReflectionDispatch.java:28)
  at org.gradle.internal.dispatch.ReflectionDispatch.dispatch(ReflectionDispatch.java:19)
  at org.gradle.internal.dispatch.ContextClassLoaderDispatch.dispatch(ContextClassLoaderDispatch.java:33)
  at org.gradle.internal.dispatch.ProxyDispatchAdapter$DispatchingInvocationHandler.invoke(ProxyDispatchAdapter.java:88)
  at jdk.proxy1/jdk.proxy1.$Proxy4.processTestDefinition(Unknown Source)
  at org.gradle.api.internal.tasks.testing.worker.TestWorker$2.run(TestWorker.java:178)
  at org.gradle.api.internal.tasks.testing.worker.TestWorker.executeAndMaintainThreadName(TestWorker.java:126)
  at org.gradle.api.internal.tasks.testing.worker.TestWorker.execute(TestWorker.java:103)
  at org.gradle.api.internal.tasks.testing.worker.TestWorker.execute(TestWorker.java:63)
  at org.gradle.process.internal.worker.child.ActionExecutionWorker.execute(ActionExecutionWorker.java:56)
  at org.gradle.process.internal.worker.child.SystemApplicationClassLoaderWorker.call(SystemApplicationClassLoaderWorker.java:122)
  at org.gradle.process.internal.worker.child.SystemApplicationClassLoaderWorker.call(SystemApplicationClassLoaderWorker.java:72)
  at worker.org.gradle.process.internal.worker.GradleWorkerMain.run(GradleWorkerMain.java:69)
  at worker.org.gradle.process.internal.worker.GradleWorkerMain.main(GradleWorkerMain.java:74)
</stacktrace>
</test-failure>


TypeScriptCompilerTests_C[jvm] > computedEnumMemberSyntacticallyString2_ts__isolatedmodules_false__has expected errors matching baseline[jvm] FAILED

<test-failure test="com.xemantic.typescript.compiler.TypeScriptCompilerTests_C.checkJsdocTypeTagOnExportAssignment1_ts has expected errors matching checkJsdocTypeTagOnExportAssignment1_errors_txt" platform="jvm">
<message>
Expected diagnostics from baseline typescript-repo/tests/baselines/reference/checkJsdocTypeTagOnExportAssignment1.errors.txt but none produced
</message>
<stacktrace>
  at com.xemantic.typescript.compiler.TypeScriptTestSupportKt.errorsMatchBaseline(TypeScriptTestSupport.kt:125)
  at com.xemantic.typescript.compiler.TypeScriptCompilerTests_C.checkJsdocTypeTagOnExportAssignment1_ts has expected errors matching checkJsdocTypeTagOnExportAssignment1_errors_txt(TypeScriptCompilerTests_C.kt:1281)
  at java.base/jdk.internal.reflect.DirectMethodHandleAccessor.invoke(DirectMethodHandleAccessor.java:104)
  at java.base/java.lang.reflect.Method.invoke(Method.java:565)
  at org.junit.runners.model.FrameworkMethod$1.runReflectiveCall(FrameworkMethod.java:59)
  at org.junit.internal.runners.model.ReflectiveCallable.run(ReflectiveCallable.java:12)
  at org.junit.runners.model.FrameworkMethod.invokeExplosively(FrameworkMethod.java:56)
  at org.junit.internal.runners.statements.InvokeMethod.evaluate(InvokeMethod.java:17)
  at org.junit.runners.ParentRunner$3.evaluate(ParentRunner.java:306)
  at org.junit.runners.BlockJUnit4ClassRunner$1.evaluate(BlockJUnit4ClassRunner.java:100)
  at org.junit.runners.ParentRunner.runLeaf(ParentRunner.java:366)
  at org.junit.runners.BlockJUnit4ClassRunner.runChild(BlockJUnit4ClassRunner.java:103)
  at org.junit.runners.BlockJUnit4ClassRunner.runChild(BlockJUnit4ClassRunner.java:63)
  at org.junit.runners.ParentRunner$4.run(ParentRunner.java:331)
  at org.junit.runners.ParentRunner$1.schedule(ParentRunner.java:79)
  at org.junit.runners.ParentRunner.runChildren(ParentRunner.java:329)
  at org.junit.runners.ParentRunner.access$100(ParentRunner.java:66)
  at org.junit.runners.ParentRunner$2.evaluate(ParentRunner.java:293)
  at org.junit.runners.ParentRunner$3.evaluate(ParentRunner.java:306)
  at org.junit.runners.ParentRunner.run(ParentRunner.java:413)
  at org.junit.runner.JUnitCore.run(JUnitCore.java:137)
  at org.junit.runner.JUnitCore.run(JUnitCore.java:115)
  at org.gradle.api.internal.tasks.testing.junit.JUnitTestExecutor.runRequest(JUnitTestExecutor.java:175)
  at org.gradle.api.internal.tasks.testing.junit.JUnitTestExecutor.accept(JUnitTestExecutor.java:84)
  at org.gradle.api.internal.tasks.testing.junit.JUnitTestExecutor.accept(JUnitTestExecutor.java:47)
  at org.gradle.api.internal.tasks.testing.junit.AbstractJUnitTestDefinitionProcessor.processTestDefinition(AbstractJUnitTestDefinitionProcessor.java:65)
  at org.gradle.api.internal.tasks.testing.SuiteTestDefinitionProcessor.processTestDefinition(SuiteTestDefinitionProcessor.java:54)
  at java.base/jdk.internal.reflect.DirectMethodHandleAccessor.invoke(DirectMethodHandleAccessor.java:104)
  at java.base/java.lang.reflect.Method.invoke(Method.java:565)
  at org.gradle.internal.dispatch.MethodInvocation.invokeOn(MethodInvocation.java:77)
  at org.gradle.internal.dispatch.ReflectionDispatch.dispatch(ReflectionDispatch.java:28)
  at org.gradle.internal.dispatch.ReflectionDispatch.dispatch(ReflectionDispatch.java:19)
  at org.gradle.internal.dispatch.ContextClassLoaderDispatch.dispatch(ContextClassLoaderDispatch.java:33)
  at org.gradle.internal.dispatch.ProxyDispatchAdapter$DispatchingInvocationHandler.invoke(ProxyDispatchAdapter.java:88)
  at jdk.proxy1/jdk.proxy1.$Proxy4.processTestDefinition(Unknown Source)
  at org.gradle.api.internal.tasks.testing.worker.TestWorker$2.run(TestWorker.java:178)
  at org.gradle.api.internal.tasks.testing.worker.TestWorker.executeAndMaintainThreadName(TestWorker.java:126)
  at org.gradle.api.internal.tasks.testing.worker.TestWorker.execute(TestWorker.java:103)
  at org.gradle.api.internal.tasks.testing.worker.TestWorker.execute(TestWorker.java:63)
  at org.gradle.process.internal.worker.child.ActionExecutionWorker.execute(ActionExecutionWorker.java:56)
  at org.gradle.process.internal.worker.child.SystemApplicationClassLoaderWorker.call(SystemApplicationClassLoaderWorker.java:122)
  at org.gradle.process.internal.worker.child.SystemApplicationClassLoaderWorker.call(SystemApplicationClassLoaderWorker.java:72)
  at worker.org.gradle.process.internal.worker.GradleWorkerMain.run(GradleWorkerMain.java:69)
  at worker.org.gradle.process.internal.worker.GradleWorkerMain.main(GradleWorkerMain.java:74)
</stacktrace>
</test-failure>


TypeScriptCompilerTests_C[jvm] > checkJsdocTypeTagOnExportAssignment1_ts has expected errors matching checkJsdocTypeTagOnExportAssignment1_errors_txt[jvm] FAILED

<test-failure test="com.xemantic.typescript.compiler.TypeScriptCompilerTests_C.computedPropertyBindingElementDeclarationNoCrash1_ts has expected errors matching computedPropertyBindingElementDeclarationNoCrash1_errors_txt" platform="jvm">
<message>
Expected diagnostics from baseline typescript-repo/tests/baselines/reference/computedPropertyBindingElementDeclarationNoCrash1.errors.txt but none produced
</message>
<stacktrace>
  at com.xemantic.typescript.compiler.TypeScriptTestSupportKt.errorsMatchBaseline(TypeScriptTestSupport.kt:125)
  at com.xemantic.typescript.compiler.TypeScriptCompilerTests_C.computedPropertyBindingElementDeclarationNoCrash1_ts has expected errors matching computedPropertyBindingElementDeclarationNoCrash1_errors_txt(TypeScriptCompilerTests_C.kt:5425)
  at java.base/jdk.internal.reflect.DirectMethodHandleAccessor.invoke(DirectMethodHandleAccessor.java:104)
  at java.base/java.lang.reflect.Method.invoke(Method.java:565)
  at org.junit.runners.model.FrameworkMethod$1.runReflectiveCall(FrameworkMethod.java:59)
  at org.junit.internal.runners.model.ReflectiveCallable.run(ReflectiveCallable.java:12)
  at org.junit.runners.model.FrameworkMethod.invokeExplosively(FrameworkMethod.java:56)
  at org.junit.internal.runners.statements.InvokeMethod.evaluate(InvokeMethod.java:17)
  at org.junit.runners.ParentRunner$3.evaluate(ParentRunner.java:306)
  at org.junit.runners.BlockJUnit4ClassRunner$1.evaluate(BlockJUnit4ClassRunner.java:100)
  at org.junit.runners.ParentRunner.runLeaf(ParentRunner.java:366)
  at org.junit.runners.BlockJUnit4ClassRunner.runChild(BlockJUnit4ClassRunner.java:103)
  at org.junit.runners.BlockJUnit4ClassRunner.runChild(BlockJUnit4ClassRunner.java:63)
  at org.junit.runners.ParentRunner$4.run(ParentRunner.java:331)
  at org.junit.runners.ParentRunner$1.schedule(ParentRunner.java:79)
  at org.junit.runners.ParentRunner.runChildren(ParentRunner.java:329)
  at org.junit.runners.ParentRunner.access$100(ParentRunner.java:66)
  at org.junit.runners.ParentRunner$2.evaluate(ParentRunner.java:293)
  at org.junit.runners.ParentRunner$3.evaluate(ParentRunner.java:306)
  at org.junit.runners.ParentRunner.run(ParentRunner.java:413)
  at org.junit.runner.JUnitCore.run(JUnitCore.java:137)
  at org.junit.runner.JUnitCore.run(JUnitCore.java:115)
  at org.gradle.api.internal.tasks.testing.junit.JUnitTestExecutor.runRequest(JUnitTestExecutor.java:175)
  at org.gradle.api.internal.tasks.testing.junit.JUnitTestExecutor.accept(JUnitTestExecutor.java:84)
  at org.gradle.api.internal.tasks.testing.junit.JUnitTestExecutor.accept(JUnitTestExecutor.java:47)
  at org.gradle.api.internal.tasks.testing.junit.AbstractJUnitTestDefinitionProcessor.processTestDefinition(AbstractJUnitTestDefinitionProcessor.java:65)
  at org.gradle.api.internal.tasks.testing.SuiteTestDefinitionProcessor.processTestDefinition(SuiteTestDefinitionProcessor.java:54)
  at java.base/jdk.internal.reflect.DirectMethodHandleAccessor.invoke(DirectMethodHandleAccessor.java:104)
  at java.base/java.lang.reflect.Method.invoke(Method.java:565)
  at org.gradle.internal.dispatch.MethodInvocation.invokeOn(MethodInvocation.java:77)
  at org.gradle.internal.dispatch.ReflectionDispatch.dispatch(ReflectionDispatch.java:28)
  at org.gradle.internal.dispatch.ReflectionDispatch.dispatch(ReflectionDispatch.java:19)
  at org.gradle.internal.dispatch.ContextClassLoaderDispatch.dispatch(ContextClassLoaderDispatch.java:33)
  at org.gradle.internal.dispatch.ProxyDispatchAdapter$DispatchingInvocationHandler.invoke(ProxyDispatchAdapter.java:88)
  at jdk.proxy1/jdk.proxy1.$Proxy4.processTestDefinition(Unknown Source)
  at org.gradle.api.internal.tasks.testing.worker.TestWorker$2.run(TestWorker.java:178)
  at org.gradle.api.internal.tasks.testing.worker.TestWorker.executeAndMaintainThreadName(TestWorker.java:126)
  at org.gradle.api.internal.tasks.testing.worker.TestWorker.execute(TestWorker.java:103)
  at org.gradle.api.internal.tasks.testing.worker.TestWorker.execute(TestWorker.java:63)
  at org.gradle.process.internal.worker.child.ActionExecutionWorker.execute(ActionExecutionWorker.java:56)
  at org.gradle.process.internal.worker.child.SystemApplicationClassLoaderWorker.call(SystemApplicationClassLoaderWorker.java:122)
  at org.gradle.process.internal.worker.child.SystemApplicationClassLoaderWorker.call(SystemApplicationClassLoaderWorker.java:72)
  at worker.org.gradle.process.internal.worker.GradleWorkerMain.run(GradleWorkerMain.java:69)
  at worker.org.gradle.process.internal.worker.GradleWorkerMain.main(GradleWorkerMain.java:74)
</stacktrace>
</test-failure>


TypeScriptCompilerTests_C[jvm] > computedPropertyBindingElementDeclarationNoCrash1_ts has expected errors matching computedPropertyBindingElementDeclarationNoCrash1_errors_txt[jvm] FAILED

<test-failure test="com.xemantic.typescript.compiler.TypeScriptCompilerTests_C.convertKeywordsYes_ts__alwaysstrict_true__compiles to JavaScript matching baseline" platform="jvm">
<message>
--- expected
+++ actual
@@ -318,17 +318,73 @@
 var let = 0;
 var module = 0;
 var number = 0;
-var package = 0;
-var private = 0;
-var protected = 0;
-var public = 0;
+var ;
+package = 0;
+var ;
+private = 0;
+var ;
+protected = 0;
+var ;
+public = 0;
 var set = 0;
 var static = 0;
 var string = 0;
 var get = 0;
-var yield = 0;
+var ;
+yield;
+0;
 var declare = 0;
-function bigGeneric(c, a, b2, i, i2, l, m, n, p, p2, p3, p4, s, s2, s3, g, y, d) { }
+constructor,
+    implements,
+    interface,
+    let,
+    module,
+    package,
+    private,
+    protected,
+    public,
+    set,
+    static,
+    get,
+    yield,
+    declare
+    > (c);
+constructor,
+    a;
+any,
+    b2;
+boolean,
+    i;
+implements,
+    i2;
+interface,
+    l;
+let,
+    m;
+module,
+    n;
+number,
+    p;
+package,
+    p2;
+private,
+    p3;
+protected,
+    p4;
+public,
+    s;
+set,
+    s2;
+static,
+    s3;
+string,
+    g;
+get,
+    y;
+yield,
+    d;
+declare;
+{ }
 var bigObject = {
     constructor: 0,
     any: 0,
@@ -396,11 +452,8 @@
         this.module = 0;
         this.number = 0;
         this.package = 0;
-        this.private = 0;
-        this.protected = 0;
         this.public = 0;
         this.set = 0;
-        this.static = 0;
         this.string = 0;
         this.get = 0;
         this.yield = 0;
@@ -409,15 +462,11 @@
         this.catch = 0;
         this.class = 0;
         this.continue = 0;
-        this.const = 0;
         this.debugger = 0;
-        this.declare = 0;
-        this.default = 0;
         this.delete = 0;
         this.do = 0;
         this.else = 0;
         this.enum = 0;
-        this.export = 0;
         this.extends = 0;
         this.false = 0;
         this.finally = 0;
@@ -504,29 +553,30 @@
 (function (bigModule) {
     class constructor {
     }
-    class implements {
+    class {
     }
-    class interface {
-    }
     class let {
     }
     class module {
     }
-    class package {
+    class {
     }
-    class private {
+    class {
     }
-    class protected {
+    { }
+    class {
     }
-    class public {
+    { }
+    class {
     }
+    { }
     class set {
     }
     class static {
     }
     class get {
     }
-    class yield {
+    class {
     }
     class declare {
     }

</message>
<stacktrace>
  at org.junit.Assert.fail(Assert.java:89)
  at kotlin.test.junit.JUnitAsserter.fail(JUnitSupport.kt:56)
  at kotlin.test.AssertionsKt__AssertionsKt.fail(Assertions.kt:563)
  at kotlin.test.AssertionsKt.fail(Unknown Source)
  at com.xemantic.kotlin.test.SameAsKt.sameAs(SameAs.kt:52)
  at com.xemantic.typescript.compiler.TypeScriptTestSupportKt.sameAs(TypeScriptTestSupport.kt:99)
  at com.xemantic.typescript.compiler.TypeScriptCompilerTests_C.convertKeywordsYes_ts__alwaysstrict_true__compiles to JavaScript matching baseline(TypeScriptCompilerTests_C.kt:8631)
  at java.base/jdk.internal.reflect.DirectMethodHandleAccessor.invoke(DirectMethodHandleAccessor.java:104)
  at java.base/java.lang.reflect.Method.invoke(Method.java:565)
  at org.junit.runners.model.FrameworkMethod$1.runReflectiveCall(FrameworkMethod.java:59)
  at org.junit.internal.runners.model.ReflectiveCallable.run(ReflectiveCallable.java:12)
  at org.junit.runners.model.FrameworkMethod.invokeExplosively(FrameworkMethod.java:56)
  at org.junit.internal.runners.statements.InvokeMethod.evaluate(InvokeMethod.java:17)
  at org.junit.runners.ParentRunner$3.evaluate(ParentRunner.java:306)
  at org.junit.runners.BlockJUnit4ClassRunner$1.evaluate(BlockJUnit4ClassRunner.java:100)
  at org.junit.runners.ParentRunner.runLeaf(ParentRunner.java:366)
  at org.junit.runners.BlockJUnit4ClassRunner.runChild(BlockJUnit4ClassRunner.java:103)
  at org.junit.runners.BlockJUnit4ClassRunner.runChild(BlockJUnit4ClassRunner.java:63)
  at org.junit.runners.ParentRunner$4.run(ParentRunner.java:331)
  at org.junit.runners.ParentRunner$1.schedule(ParentRunner.java:79)
  at org.junit.runners.ParentRunner.runChildren(ParentRunner.java:329)
  at org.junit.runners.ParentRunner.access$100(ParentRunner.java:66)
  at org.junit.runners.ParentRunner$2.evaluate(ParentRunner.java:293)
  at org.junit.runners.ParentRunner$3.evaluate(ParentRunner.java:306)
  at org.junit.runners.ParentRunner.run(ParentRunner.java:413)
  at org.junit.runner.JUnitCore.run(JUnitCore.java:137)
  at org.junit.runner.JUnitCore.run(JUnitCore.java:115)
  at org.gradle.api.internal.tasks.testing.junit.JUnitTestExecutor.runRequest(JUnitTestExecutor.java:175)
  at org.gradle.api.internal.tasks.testing.junit.JUnitTestExecutor.accept(JUnitTestExecutor.java:84)
  at org.gradle.api.internal.tasks.testing.junit.JUnitTestExecutor.accept(JUnitTestExecutor.java:47)
  at org.gradle.api.internal.tasks.testing.junit.AbstractJUnitTestDefinitionProcessor.processTestDefinition(AbstractJUnitTestDefinitionProcessor.java:65)
  at org.gradle.api.internal.tasks.testing.SuiteTestDefinitionProcessor.processTestDefinition(SuiteTestDefinitionProcessor.java:54)
  at java.base/jdk.internal.reflect.DirectMethodHandleAccessor.invoke(DirectMethodHandleAccessor.java:104)
  at java.base/java.lang.reflect.Method.invoke(Method.java:565)
  at org.gradle.internal.dispatch.MethodInvocation.invokeOn(MethodInvocation.java:77)
  at org.gradle.internal.dispatch.ReflectionDispatch.dispatch(ReflectionDispatch.java:28)
  at org.gradle.internal.dispatch.ReflectionDispatch.dispatch(ReflectionDispatch.java:19)
  at org.gradle.internal.dispatch.ContextClassLoaderDispatch.dispatch(ContextClassLoaderDispatch.java:33)
  at org.gradle.internal.dispatch.ProxyDispatchAdapter$DispatchingInvocationHandler.invoke(ProxyDispatchAdapter.java:88)
  at jdk.proxy1/jdk.proxy1.$Proxy4.processTestDefinition(Unknown Source)
  at org.gradle.api.internal.tasks.testing.worker.TestWorker$2.run(TestWorker.java:178)
  at org.gradle.api.internal.tasks.testing.worker.TestWorker.executeAndMaintainThreadName(TestWorker.java:126)
  at org.gradle.api.internal.tasks.testing.worker.TestWorker.execute(TestWorker.java:103)
  at org.gradle.api.internal.tasks.testing.worker.TestWorker.execute(TestWorker.java:63)
  at org.gradle.process.internal.worker.child.ActionExecutionWorker.execute(ActionExecutionWorker.java:56)
  at org.gradle.process.internal.worker.child.SystemApplicationClassLoaderWorker.call(SystemApplicationClassLoaderWorker.java:122)
  at org.gradle.process.internal.worker.child.SystemApplicationClassLoaderWorker.call(SystemApplicationClassLoaderWorker.java:72)
  at worker.org.gradle.process.internal.worker.GradleWorkerMain.run(GradleWorkerMain.java:69)
  at worker.org.gradle.process.internal.worker.GradleWorkerMain.main(GradleWorkerMain.java:74)
</stacktrace>
</test-failure>


TypeScriptCompilerTests_C[jvm] > convertKeywordsYes_ts__alwaysstrict_true__compiles to JavaScript matching baseline[jvm] FAILED

<test-failure test="com.xemantic.typescript.compiler.TypeScriptCompilerTests_C.checkingObjectWithThisInNamePositionNoCrash_ts has expected errors matching checkingObjectWithThisInNamePositionNoCrash_errors_txt" platform="jvm">
<message>
Expected diagnostics from baseline typescript-repo/tests/baselines/reference/checkingObjectWithThisInNamePositionNoCrash.errors.txt but none produced
</message>
<stacktrace>
  at com.xemantic.typescript.compiler.TypeScriptTestSupportKt.errorsMatchBaseline(TypeScriptTestSupport.kt:125)
  at com.xemantic.typescript.compiler.TypeScriptCompilerTests_C.checkingObjectWithThisInNamePositionNoCrash_ts has expected errors matching checkingObjectWithThisInNamePositionNoCrash_errors_txt(TypeScriptCompilerTests_C.kt:1547)
  at java.base/jdk.internal.reflect.DirectMethodHandleAccessor.invoke(DirectMethodHandleAccessor.java:104)
  at java.base/java.lang.reflect.Method.invoke(Method.java:565)
  at org.junit.runners.model.FrameworkMethod$1.runReflectiveCall(FrameworkMethod.java:59)
  at org.junit.internal.runners.model.ReflectiveCallable.run(ReflectiveCallable.java:12)
  at org.junit.runners.model.FrameworkMethod.invokeExplosively(FrameworkMethod.java:56)
  at org.junit.internal.runners.statements.InvokeMethod.evaluate(InvokeMethod.java:17)
  at org.junit.runners.ParentRunner$3.evaluate(ParentRunner.java:306)
  at org.junit.runners.BlockJUnit4ClassRunner$1.evaluate(BlockJUnit4ClassRunner.java:100)
  at org.junit.runners.ParentRunner.runLeaf(ParentRunner.java:366)
  at org.junit.runners.BlockJUnit4ClassRunner.runChild(BlockJUnit4ClassRunner.java:103)
  at org.junit.runners.BlockJUnit4ClassRunner.runChild(BlockJUnit4ClassRunner.java:63)
  at org.junit.runners.ParentRunner$4.run(ParentRunner.java:331)
  at org.junit.runners.ParentRunner$1.schedule(ParentRunner.java:79)
  at org.junit.runners.ParentRunner.runChildren(ParentRunner.java:329)
  at org.junit.runners.ParentRunner.access$100(ParentRunner.java:66)
  at org.junit.runners.ParentRunner$2.evaluate(ParentRunner.java:293)
  at org.junit.runners.ParentRunner$3.evaluate(ParentRunner.java:306)
  at org.junit.runners.ParentRunner.run(ParentRunner.java:413)
  at org.junit.runner.JUnitCore.run(JUnitCore.java:137)
  at org.junit.runner.JUnitCore.run(JUnitCore.java:115)
  at org.gradle.api.internal.tasks.testing.junit.JUnitTestExecutor.runRequest(JUnitTestExecutor.java:175)
  at org.gradle.api.internal.tasks.testing.junit.JUnitTestExecutor.accept(JUnitTestExecutor.java:84)
  at org.gradle.api.internal.tasks.testing.junit.JUnitTestExecutor.accept(JUnitTestExecutor.java:47)
  at org.gradle.api.internal.tasks.testing.junit.AbstractJUnitTestDefinitionProcessor.processTestDefinition(AbstractJUnitTestDefinitionProcessor.java:65)
  at org.gradle.api.internal.tasks.testing.SuiteTestDefinitionProcessor.processTestDefinition(SuiteTestDefinitionProcessor.java:54)
  at java.base/jdk.internal.reflect.DirectMethodHandleAccessor.invoke(DirectMethodHandleAccessor.java:104)
  at java.base/java.lang.reflect.Method.invoke(Method.java:565)
  at org.gradle.internal.dispatch.MethodInvocation.invokeOn(MethodInvocation.java:77)
  at org.gradle.internal.dispatch.ReflectionDispatch.dispatch(ReflectionDispatch.java:28)
  at org.gradle.internal.dispatch.ReflectionDispatch.dispatch(ReflectionDispatch.java:19)
  at org.gradle.internal.dispatch.ContextClassLoaderDispatch.dispatch(ContextClassLoaderDispatch.java:33)
  at org.gradle.internal.dispatch.ProxyDispatchAdapter$DispatchingInvocationHandler.invoke(ProxyDispatchAdapter.java:88)
  at jdk.proxy1/jdk.proxy1.$Proxy4.processTestDefinition(Unknown Source)
  at org.gradle.api.internal.tasks.testing.worker.TestWorker$2.run(TestWorker.java:178)
  at org.gradle.api.internal.tasks.testing.worker.TestWorker.executeAndMaintainThreadName(TestWorker.java:126)
  at org.gradle.api.internal.tasks.testing.worker.TestWorker.execute(TestWorker.java:103)
  at org.gradle.api.internal.tasks.testing.worker.TestWorker.execute(TestWorker.java:63)
  at org.gradle.process.internal.worker.child.ActionExecutionWorker.execute(ActionExecutionWorker.java:56)
  at org.gradle.process.internal.worker.child.SystemApplicationClassLoaderWorker.call(SystemApplicationClassLoaderWorker.java:122)
  at org.gradle.process.internal.worker.child.SystemApplicationClassLoaderWorker.call(SystemApplicationClassLoaderWorker.java:72)
  at worker.org.gradle.process.internal.worker.GradleWorkerMain.run(GradleWorkerMain.java:69)
  at worker.org.gradle.process.internal.worker.GradleWorkerMain.main(GradleWorkerMain.java:74)
</stacktrace>
</test-failure>


TypeScriptCompilerTests_C[jvm] > checkingObjectWithThisInNamePositionNoCrash_ts has expected errors matching checkingObjectWithThisInNamePositionNoCrash_errors_txt[jvm] FAILED

<test-failure test="com.xemantic.typescript.compiler.TypeScriptCompilerTests_C.cannotIndexGenericWritingError_ts has expected errors matching cannotIndexGenericWritingError_errors_txt" platform="jvm">
<message>
Expected diagnostics from baseline typescript-repo/tests/baselines/reference/cannotIndexGenericWritingError.errors.txt but none produced
</message>
<stacktrace>
  at com.xemantic.typescript.compiler.TypeScriptTestSupportKt.errorsMatchBaseline(TypeScriptTestSupport.kt:125)
  at com.xemantic.typescript.compiler.TypeScriptCompilerTests_C.cannotIndexGenericWritingError_ts has expected errors matching cannotIndexGenericWritingError_errors_txt(TypeScriptCompilerTests_C.kt:553)
  at java.base/jdk.internal.reflect.DirectMethodHandleAccessor.invoke(DirectMethodHandleAccessor.java:104)
  at java.base/java.lang.reflect.Method.invoke(Method.java:565)
  at org.junit.runners.model.FrameworkMethod$1.runReflectiveCall(FrameworkMethod.java:59)
  at org.junit.internal.runners.model.ReflectiveCallable.run(ReflectiveCallable.java:12)
  at org.junit.runners.model.FrameworkMethod.invokeExplosively(FrameworkMethod.java:56)
  at org.junit.internal.runners.statements.InvokeMethod.evaluate(InvokeMethod.java:17)
  at org.junit.runners.ParentRunner$3.evaluate(ParentRunner.java:306)
  at org.junit.runners.BlockJUnit4ClassRunner$1.evaluate(BlockJUnit4ClassRunner.java:100)
  at org.junit.runners.ParentRunner.runLeaf(ParentRunner.java:366)
  at org.junit.runners.BlockJUnit4ClassRunner.runChild(BlockJUnit4ClassRunner.java:103)
  at org.junit.runners.BlockJUnit4ClassRunner.runChild(BlockJUnit4ClassRunner.java:63)
  at org.junit.runners.ParentRunner$4.run(ParentRunner.java:331)
  at org.junit.runners.ParentRunner$1.schedule(ParentRunner.java:79)
  at org.junit.runners.ParentRunner.runChildren(ParentRunner.java:329)
  at org.junit.runners.ParentRunner.access$100(ParentRunner.java:66)
  at org.junit.runners.ParentRunner$2.evaluate(ParentRunner.java:293)
  at org.junit.runners.ParentRunner$3.evaluate(ParentRunner.java:306)
  at org.junit.runners.ParentRunner.run(ParentRunner.java:413)
  at org.junit.runner.JUnitCore.run(JUnitCore.java:137)
  at org.junit.runner.JUnitCore.run(JUnitCore.java:115)
  at org.gradle.api.internal.tasks.testing.junit.JUnitTestExecutor.runRequest(JUnitTestExecutor.java:175)
  at org.gradle.api.internal.tasks.testing.junit.JUnitTestExecutor.accept(JUnitTestExecutor.java:84)
  at org.gradle.api.internal.tasks.testing.junit.JUnitTestExecutor.accept(JUnitTestExecutor.java:47)
  at org.gradle.api.internal.tasks.testing.junit.AbstractJUnitTestDefinitionProcessor.processTestDefinition(AbstractJUnitTestDefinitionProcessor.java:65)
  at org.gradle.api.internal.tasks.testing.SuiteTestDefinitionProcessor.processTestDefinition(SuiteTestDefinitionProcessor.java:54)
  at java.base/jdk.internal.reflect.DirectMethodHandleAccessor.invoke(DirectMethodHandleAccessor.java:104)
  at java.base/java.lang.reflect.Method.invoke(Method.java:565)
  at org.gradle.internal.dispatch.MethodInvocation.invokeOn(MethodInvocation.java:77)
  at org.gradle.internal.dispatch.ReflectionDispatch.dispatch(ReflectionDispatch.java:28)
  at org.gradle.internal.dispatch.ReflectionDispatch.dispatch(ReflectionDispatch.java:19)
  at org.gradle.internal.dispatch.ContextClassLoaderDispatch.dispatch(ContextClassLoaderDispatch.java:33)
  at org.gradle.internal.dispatch.ProxyDispatchAdapter$DispatchingInvocationHandler.invoke(ProxyDispatchAdapter.java:88)
  at jdk.proxy1/jdk.proxy1.$Proxy4.processTestDefinition(Unknown Source)
  at org.gradle.api.internal.tasks.testing.worker.TestWorker$2.run(TestWorker.java:178)
  at org.gradle.api.internal.tasks.testing.worker.TestWorker.executeAndMaintainThreadName(TestWorker.java:126)
  at org.gradle.api.internal.tasks.testing.worker.TestWorker.execute(TestWorker.java:103)
  at org.gradle.api.internal.tasks.testing.worker.TestWorker.execute(TestWorker.java:63)
  at org.gradle.process.internal.worker.child.ActionExecutionWorker.execute(ActionExecutionWorker.java:56)
  at org.gradle.process.internal.worker.child.SystemApplicationClassLoaderWorker.call(SystemApplicationClassLoaderWorker.java:122)
  at org.gradle.process.internal.worker.child.SystemApplicationClassLoaderWorker.call(SystemApplicationClassLoaderWorker.java:72)
  at worker.org.gradle.process.internal.worker.GradleWorkerMain.run(GradleWorkerMain.java:69)
  at worker.org.gradle.process.internal.worker.GradleWorkerMain.main(GradleWorkerMain.java:74)
</stacktrace>
</test-failure>


TypeScriptCompilerTests_C[jvm] > cannotIndexGenericWritingError_ts has expected errors matching cannotIndexGenericWritingError_errors_txt[jvm] FAILED

<test-failure test="com.xemantic.typescript.compiler.TypeScriptCompilerTests_C.capturedLetConstInLoop6_ts has expected errors matching capturedLetConstInLoop6_errors_txt" platform="jvm">
<message>
Expected diagnostics from baseline typescript-repo/tests/baselines/reference/capturedLetConstInLoop6.errors.txt but none produced
</message>
<stacktrace>
  at com.xemantic.typescript.compiler.TypeScriptTestSupportKt.errorsMatchBaseline(TypeScriptTestSupport.kt:125)
  at com.xemantic.typescript.compiler.TypeScriptCompilerTests_C.capturedLetConstInLoop6_ts has expected errors matching capturedLetConstInLoop6_errors_txt(TypeScriptCompilerTests_C.kt:763)
  at java.base/jdk.internal.reflect.DirectMethodHandleAccessor.invoke(DirectMethodHandleAccessor.java:104)
  at java.base/java.lang.reflect.Method.invoke(Method.java:565)
  at org.junit.runners.model.FrameworkMethod$1.runReflectiveCall(FrameworkMethod.java:59)
  at org.junit.internal.runners.model.ReflectiveCallable.run(ReflectiveCallable.java:12)
  at org.junit.runners.model.FrameworkMethod.invokeExplosively(FrameworkMethod.java:56)
  at org.junit.internal.runners.statements.InvokeMethod.evaluate(InvokeMethod.java:17)
  at org.junit.runners.ParentRunner$3.evaluate(ParentRunner.java:306)
  at org.junit.runners.BlockJUnit4ClassRunner$1.evaluate(BlockJUnit4ClassRunner.java:100)
  at org.junit.runners.ParentRunner.runLeaf(ParentRunner.java:366)
  at org.junit.runners.BlockJUnit4ClassRunner.runChild(BlockJUnit4ClassRunner.java:103)
  at org.junit.runners.BlockJUnit4ClassRunner.runChild(BlockJUnit4ClassRunner.java:63)
  at org.junit.runners.ParentRunner$4.run(ParentRunner.java:331)
  at org.junit.runners.ParentRunner$1.schedule(ParentRunner.java:79)
  at org.junit.runners.ParentRunner.runChildren(ParentRunner.java:329)
  at org.junit.runners.ParentRunner.access$100(ParentRunner.java:66)
  at org.junit.runners.ParentRunner$2.evaluate(ParentRunner.java:293)
  at org.junit.runners.ParentRunner$3.evaluate(ParentRunner.java:306)
  at org.junit.runners.ParentRunner.run(ParentRunner.java:413)
  at org.junit.runner.JUnitCore.run(JUnitCore.java:137)
  at org.junit.runner.JUnitCore.run(JUnitCore.java:115)
  at org.gradle.api.internal.tasks.testing.junit.JUnitTestExecutor.runRequest(JUnitTestExecutor.java:175)
  at org.gradle.api.internal.tasks.testing.junit.JUnitTestExecutor.accept(JUnitTestExecutor.java:84)
  at org.gradle.api.internal.tasks.testing.junit.JUnitTestExecutor.accept(JUnitTestExecutor.java:47)
  at org.gradle.api.internal.tasks.testing.junit.AbstractJUnitTestDefinitionProcessor.processTestDefinition(AbstractJUnitTestDefinitionProcessor.java:65)
  at org.gradle.api.internal.tasks.testing.SuiteTestDefinitionProcessor.processTestDefinition(SuiteTestDefinitionProcessor.java:54)
  at java.base/jdk.internal.reflect.DirectMethodHandleAccessor.invoke(DirectMethodHandleAccessor.java:104)
  at java.base/java.lang.reflect.Method.invoke(Method.java:565)
  at org.gradle.internal.dispatch.MethodInvocation.invokeOn(MethodInvocation.java:77)
  at org.gradle.internal.dispatch.ReflectionDispatch.dispatch(ReflectionDispatch.java:28)
  at org.gradle.internal.dispatch.ReflectionDispatch.dispatch(ReflectionDispatch.java:19)
  at org.gradle.internal.dispatch.ContextClassLoaderDispatch.dispatch(ContextClassLoaderDispatch.java:33)
  at org.gradle.internal.dispatch.ProxyDispatchAdapter$DispatchingInvocationHandler.invoke(ProxyDispatchAdapter.java:88)
  at jdk.proxy1/jdk.proxy1.$Proxy4.processTestDefinition(Unknown Source)
  at org.gradle.api.internal.tasks.testing.worker.TestWorker$2.run(TestWorker.java:178)
  at org.gradle.api.internal.tasks.testing.worker.TestWorker.executeAndMaintainThreadName(TestWorker.java:126)
  at org.gradle.api.internal.tasks.testing.worker.TestWorker.execute(TestWorker.java:103)
  at org.gradle.api.internal.tasks.testing.worker.TestWorker.execute(TestWorker.java:63)
  at org.gradle.process.internal.worker.child.ActionExecutionWorker.execute(ActionExecutionWorker.java:56)
  at org.gradle.process.internal.worker.child.SystemApplicationClassLoaderWorker.call(SystemApplicationClassLoaderWorker.java:122)
  at org.gradle.process.internal.worker.child.SystemApplicationClassLoaderWorker.call(SystemApplicationClassLoaderWorker.java:72)
  at worker.org.gradle.process.internal.worker.GradleWorkerMain.run(GradleWorkerMain.java:69)
  at worker.org.gradle.process.internal.worker.GradleWorkerMain.main(GradleWorkerMain.java:74)
</stacktrace>
</test-failure>


TypeScriptCompilerTests_C[jvm] > capturedLetConstInLoop6_ts has expected errors matching capturedLetConstInLoop6_errors_txt[jvm] FAILED

<test-failure test="com.xemantic.typescript.compiler.TypeScriptCompilerTests_C.convertKeywordsYes_ts__alwaysstrict_false__compiles to JavaScript matching baseline" platform="jvm">
<message>
--- expected
+++ actual
@@ -317,17 +317,73 @@
 var let = 0;
 var module = 0;
 var number = 0;
-var package = 0;
-var private = 0;
-var protected = 0;
-var public = 0;
+var ;
+package = 0;
+var ;
+private = 0;
+var ;
+protected = 0;
+var ;
+public = 0;
 var set = 0;
 var static = 0;
 var string = 0;
 var get = 0;
-var yield = 0;
+var ;
+yield;
+0;
 var declare = 0;
-function bigGeneric(c, a, b2, i, i2, l, m, n, p, p2, p3, p4, s, s2, s3, g, y, d) { }
+constructor,
+    implements,
+    interface,
+    let,
+    module,
+    package,
+    private,
+    protected,
+    public,
+    set,
+    static,
+    get,
+    yield,
+    declare
+    > (c);
+constructor,
+    a;
+any,
+    b2;
+boolean,
+    i;
+implements,
+    i2;
+interface,
+    l;
+let,
+    m;
+module,
+    n;
+number,
+    p;
+package,
+    p2;
+private,
+    p3;
+protected,
+    p4;
+public,
+    s;
+set,
+    s2;
+static,
+    s3;
+string,
+    g;
+get,
+    y;
+yield,
+    d;
+declare;
+{ }
 var bigObject = {
     constructor: 0,
     any: 0,
@@ -395,11 +451,8 @@
         this.module = 0;
         this.number = 0;
         this.package = 0;
-        this.private = 0;
-        this.protected = 0;
         this.public = 0;
         this.set = 0;
-        this.static = 0;
         this.string = 0;
         this.get = 0;
         this.yield = 0;
@@ -408,15 +461,11 @@
         this.catch = 0;
         this.class = 0;
         this.continue = 0;
-        this.const = 0;
         this.debugger = 0;
-        this.declare = 0;
-        this.default = 0;
         this.delete = 0;
         this.do = 0;
         this.else = 0;
         this.enum = 0;
-        this.export = 0;
         this.extends = 0;
         this.false = 0;
         this.finally = 0;
@@ -503,29 +552,30 @@
 (function (bigModule) {
     class constructor {
     }
-    class implements {
+    class {
     }
-    class interface {
-    }
     class let {
     }
     class module {
     }
-    class package {
+    class {
     }
-    class private {
+    class {
     }
-    class protected {
+    { }
+    class {
     }
-    class public {
+    { }
+    class {
     }
+    { }
     class set {
     }
     class static {
     }
     class get {
     }
-    class yield {
+    class {
     }
     class declare {
     }

</message>
<stacktrace>
  at org.junit.Assert.fail(Assert.java:89)
  at kotlin.test.junit.JUnitAsserter.fail(JUnitSupport.kt:56)
  at kotlin.test.AssertionsKt__AssertionsKt.fail(Assertions.kt:563)
  at kotlin.test.AssertionsKt.fail(Unknown Source)
  at com.xemantic.kotlin.test.SameAsKt.sameAs(SameAs.kt:52)
  at com.xemantic.typescript.compiler.TypeScriptTestSupportKt.sameAs(TypeScriptTestSupport.kt:99)
  at com.xemantic.typescript.compiler.TypeScriptCompilerTests_C.convertKeywordsYes_ts__alwaysstrict_false__compiles to JavaScript matching baseline(TypeScriptCompilerTests_C.kt:8638)
  at java.base/jdk.internal.reflect.DirectMethodHandleAccessor.invoke(DirectMethodHandleAccessor.java:104)
  at java.base/java.lang.reflect.Method.invoke(Method.java:565)
  at org.junit.runners.model.FrameworkMethod$1.runReflectiveCall(FrameworkMethod.java:59)
  at org.junit.internal.runners.model.ReflectiveCallable.run(ReflectiveCallable.java:12)
  at org.junit.runners.model.FrameworkMethod.invokeExplosively(FrameworkMethod.java:56)
  at org.junit.internal.runners.statements.InvokeMethod.evaluate(InvokeMethod.java:17)
  at org.junit.runners.ParentRunner$3.evaluate(ParentRunner.java:306)
  at org.junit.runners.BlockJUnit4ClassRunner$1.evaluate(BlockJUnit4ClassRunner.java:100)
  at org.junit.runners.ParentRunner.runLeaf(ParentRunner.java:366)
  at org.junit.runners.BlockJUnit4ClassRunner.runChild(BlockJUnit4ClassRunner.java:103)
  at org.junit.runners.BlockJUnit4ClassRunner.runChild(BlockJUnit4ClassRunner.java:63)
  at org.junit.runners.ParentRunner$4.run(ParentRunner.java:331)
  at org.junit.runners.ParentRunner$1.schedule(ParentRunner.java:79)
  at org.junit.runners.ParentRunner.runChildren(ParentRunner.java:329)
  at org.junit.runners.ParentRunner.access$100(ParentRunner.java:66)
  at org.junit.runners.ParentRunner$2.evaluate(ParentRunner.java:293)
  at org.junit.runners.ParentRunner$3.evaluate(ParentRunner.java:306)
  at org.junit.runners.ParentRunner.run(ParentRunner.java:413)
  at org.junit.runner.JUnitCore.run(JUnitCore.java:137)
  at org.junit.runner.JUnitCore.run(JUnitCore.java:115)
  at org.gradle.api.internal.tasks.testing.junit.JUnitTestExecutor.runRequest(JUnitTestExecutor.java:175)
  at org.gradle.api.internal.tasks.testing.junit.JUnitTestExecutor.accept(JUnitTestExecutor.java:84)
  at org.gradle.api.internal.tasks.testing.junit.JUnitTestExecutor.accept(JUnitTestExecutor.java:47)
  at org.gradle.api.internal.tasks.testing.junit.AbstractJUnitTestDefinitionProcessor.processTestDefinition(AbstractJUnitTestDefinitionProcessor.java:65)
  at org.gradle.api.internal.tasks.testing.SuiteTestDefinitionProcessor.processTestDefinition(SuiteTestDefinitionProcessor.java:54)
  at java.base/jdk.internal.reflect.DirectMethodHandleAccessor.invoke(DirectMethodHandleAccessor.java:104)
  at java.base/java.lang.reflect.Method.invoke(Method.java:565)
  at org.gradle.internal.dispatch.MethodInvocation.invokeOn(MethodInvocation.java:77)
  at org.gradle.internal.dispatch.ReflectionDispatch.dispatch(ReflectionDispatch.java:28)
  at org.gradle.internal.dispatch.ReflectionDispatch.dispatch(ReflectionDispatch.java:19)
  at org.gradle.internal.dispatch.ContextClassLoaderDispatch.dispatch(ContextClassLoaderDispatch.java:33)
  at org.gradle.internal.dispatch.ProxyDispatchAdapter$DispatchingInvocationHandler.invoke(ProxyDispatchAdapter.java:88)
  at jdk.proxy1/jdk.proxy1.$Proxy4.processTestDefinition(Unknown Source)
  at org.gradle.api.internal.tasks.testing.worker.TestWorker$2.run(TestWorker.java:178)
  at org.gradle.api.internal.tasks.testing.worker.TestWorker.executeAndMaintainThreadName(TestWorker.java:126)
  at org.gradle.api.internal.tasks.testing.worker.TestWorker.execute(TestWorker.java:103)
  at org.gradle.api.internal.tasks.testing.worker.TestWorker.execute(TestWorker.java:63)
  at org.gradle.process.internal.worker.child.ActionExecutionWorker.execute(ActionExecutionWorker.java:56)
  at org.gradle.process.internal.worker.child.SystemApplicationClassLoaderWorker.call(SystemApplicationClassLoaderWorker.java:122)
  at org.gradle.process.internal.worker.child.SystemApplicationClassLoaderWorker.call(SystemApplicationClassLoaderWorker.java:72)
  at worker.org.gradle.process.internal.worker.GradleWorkerMain.run(GradleWorkerMain.java:69)
  at worker.org.gradle.process.internal.worker.GradleWorkerMain.main(GradleWorkerMain.java:74)
</stacktrace>
</test-failure>


TypeScriptCompilerTests_C[jvm] > convertKeywordsYes_ts__alwaysstrict_false__compiles to JavaScript matching baseline[jvm] FAILED

<test-failure test="com.xemantic.typescript.compiler.TypeScriptCompilerTests_C.constructorAsType_ts has expected errors matching constructorAsType_errors_txt" platform="jvm">
<message>
Expected diagnostics from baseline typescript-repo/tests/baselines/reference/constructorAsType.errors.txt but none produced
</message>
<stacktrace>
  at com.xemantic.typescript.compiler.TypeScriptTestSupportKt.errorsMatchBaseline(TypeScriptTestSupport.kt:125)
  at com.xemantic.typescript.compiler.TypeScriptCompilerTests_C.constructorAsType_ts has expected errors matching constructorAsType_errors_txt(TypeScriptCompilerTests_C.kt:6790)
  at java.base/jdk.internal.reflect.DirectMethodHandleAccessor.invoke(DirectMethodHandleAccessor.java:104)
  at java.base/java.lang.reflect.Method.invoke(Method.java:565)
  at org.junit.runners.model.FrameworkMethod$1.runReflectiveCall(FrameworkMethod.java:59)
  at org.junit.internal.runners.model.ReflectiveCallable.run(ReflectiveCallable.java:12)
  at org.junit.runners.model.FrameworkMethod.invokeExplosively(FrameworkMethod.java:56)
  at org.junit.internal.runners.statements.InvokeMethod.evaluate(InvokeMethod.java:17)
  at org.junit.runners.ParentRunner$3.evaluate(ParentRunner.java:306)
  at org.junit.runners.BlockJUnit4ClassRunner$1.evaluate(BlockJUnit4ClassRunner.java:100)
  at org.junit.runners.ParentRunner.runLeaf(ParentRunner.java:366)
  at org.junit.runners.BlockJUnit4ClassRunner.runChild(BlockJUnit4ClassRunner.java:103)
  at org.junit.runners.BlockJUnit4ClassRunner.runChild(BlockJUnit4ClassRunner.java:63)
  at org.junit.runners.ParentRunner$4.run(ParentRunner.java:331)
  at org.junit.runners.ParentRunner$1.schedule(ParentRunner.java:79)
  at org.junit.runners.ParentRunner.runChildren(ParentRunner.java:329)
  at org.junit.runners.ParentRunner.access$100(ParentRunner.java:66)
  at org.junit.runners.ParentRunner$2.evaluate(ParentRunner.java:293)
  at org.junit.runners.ParentRunner$3.evaluate(ParentRunner.java:306)
  at org.junit.runners.ParentRunner.run(ParentRunner.java:413)
  at org.junit.runner.JUnitCore.run(JUnitCore.java:137)
  at org.junit.runner.JUnitCore.run(JUnitCore.java:115)
  at org.gradle.api.internal.tasks.testing.junit.JUnitTestExecutor.runRequest(JUnitTestExecutor.java:175)
  at org.gradle.api.internal.tasks.testing.junit.JUnitTestExecutor.accept(JUnitTestExecutor.java:84)
  at org.gradle.api.internal.tasks.testing.junit.JUnitTestExecutor.accept(JUnitTestExecutor.java:47)
  at org.gradle.api.internal.tasks.testing.junit.AbstractJUnitTestDefinitionProcessor.processTestDefinition(AbstractJUnitTestDefinitionProcessor.java:65)
  at org.gradle.api.internal.tasks.testing.SuiteTestDefinitionProcessor.processTestDefinition(SuiteTestDefinitionProcessor.java:54)
  at java.base/jdk.internal.reflect.DirectMethodHandleAccessor.invoke(DirectMethodHandleAccessor.java:104)
  at java.base/java.lang.reflect.Method.invoke(Method.java:565)
  at org.gradle.internal.dispatch.MethodInvocation.invokeOn(MethodInvocation.java:77)
  at org.gradle.internal.dispatch.ReflectionDispatch.dispatch(ReflectionDispatch.java:28)
  at org.gradle.internal.dispatch.ReflectionDispatch.dispatch(ReflectionDispatch.java:19)
  at org.gradle.internal.dispatch.ContextClassLoaderDispatch.dispatch(ContextClassLoaderDispatch.java:33)
  at org.gradle.internal.dispatch.ProxyDispatchAdapter$DispatchingInvocationHandler.invoke(ProxyDispatchAdapter.java:88)
  at jdk.proxy1/jdk.proxy1.$Proxy4.processTestDefinition(Unknown Source)
  at org.gradle.api.internal.tasks.testing.worker.TestWorker$2.run(TestWorker.java:178)
  at org.gradle.api.internal.tasks.testing.worker.TestWorker.executeAndMaintainThreadName(TestWorker.java:126)
  at org.gradle.api.internal.tasks.testing.worker.TestWorker.execute(TestWorker.java:103)
  at org.gradle.api.internal.tasks.testing.worker.TestWorker.execute(TestWorker.java:63)
  at org.gradle.process.internal.worker.child.ActionExecutionWorker.execute(ActionExecutionWorker.java:56)
  at org.gradle.process.internal.worker.child.SystemApplicationClassLoaderWorker.call(SystemApplicationClassLoaderWorker.java:122)
  at org.gradle.process.internal.worker.child.SystemApplicationClassLoaderWorker.call(SystemApplicationClassLoaderWorker.java:72)
  at worker.org.gradle.process.internal.worker.GradleWorkerMain.run(GradleWorkerMain.java:69)
  at worker.org.gradle.process.internal.worker.GradleWorkerMain.main(GradleWorkerMain.java:74)
</stacktrace>
</test-failure>


TypeScriptCompilerTests_C[jvm] > constructorAsType_ts has expected errors matching constructorAsType_errors_txt[jvm] FAILED

<test-failure test="com.xemantic.typescript.compiler.TypeScriptCompilerTests_C.classDeclarationShouldBeOutOfScopeInComputedNames_ts has expected errors matching classDeclarationShouldBeOutOfScopeInComputedNames_errors_txt" platform="jvm">
<message>
Expected diagnostics from baseline typescript-repo/tests/baselines/reference/classDeclarationShouldBeOutOfScopeInComputedNames.errors.txt but none produced
</message>
<stacktrace>
  at com.xemantic.typescript.compiler.TypeScriptTestSupportKt.errorsMatchBaseline(TypeScriptTestSupport.kt:125)
  at com.xemantic.typescript.compiler.TypeScriptCompilerTests_C.classDeclarationShouldBeOutOfScopeInComputedNames_ts has expected errors matching classDeclarationShouldBeOutOfScopeInComputedNames_errors_txt(TypeScriptCompilerTests_C.kt:1897)
  at java.base/jdk.internal.reflect.DirectMethodHandleAccessor.invoke(DirectMethodHandleAccessor.java:104)
  at java.base/java.lang.reflect.Method.invoke(Method.java:565)
  at org.junit.runners.model.FrameworkMethod$1.runReflectiveCall(FrameworkMethod.java:59)
  at org.junit.internal.runners.model.ReflectiveCallable.run(ReflectiveCallable.java:12)
  at org.junit.runners.model.FrameworkMethod.invokeExplosively(FrameworkMethod.java:56)
  at org.junit.internal.runners.statements.InvokeMethod.evaluate(InvokeMethod.java:17)
  at org.junit.runners.ParentRunner$3.evaluate(ParentRunner.java:306)
  at org.junit.runners.BlockJUnit4ClassRunner$1.evaluate(BlockJUnit4ClassRunner.java:100)
  at org.junit.runners.ParentRunner.runLeaf(ParentRunner.java:366)
  at org.junit.runners.BlockJUnit4ClassRunner.runChild(BlockJUnit4ClassRunner.java:103)
  at org.junit.runners.BlockJUnit4ClassRunner.runChild(BlockJUnit4ClassRunner.java:63)
  at org.junit.runners.ParentRunner$4.run(ParentRunner.java:331)
  at org.junit.runners.ParentRunner$1.schedule(ParentRunner.java:79)
  at org.junit.runners.ParentRunner.runChildren(ParentRunner.java:329)
  at org.junit.runners.ParentRunner.access$100(ParentRunner.java:66)
  at org.junit.runners.ParentRunner$2.evaluate(ParentRunner.java:293)
  at org.junit.runners.ParentRunner$3.evaluate(ParentRunner.java:306)
  at org.junit.runners.ParentRunner.run(ParentRunner.java:413)
  at org.junit.runner.JUnitCore.run(JUnitCore.java:137)
  at org.junit.runner.JUnitCore.run(JUnitCore.java:115)
  at org.gradle.api.internal.tasks.testing.junit.JUnitTestExecutor.runRequest(JUnitTestExecutor.java:175)
  at org.gradle.api.internal.tasks.testing.junit.JUnitTestExecutor.accept(JUnitTestExecutor.java:84)
  at org.gradle.api.internal.tasks.testing.junit.JUnitTestExecutor.accept(JUnitTestExecutor.java:47)
  at org.gradle.api.internal.tasks.testing.junit.AbstractJUnitTestDefinitionProcessor.processTestDefinition(AbstractJUnitTestDefinitionProcessor.java:65)
  at org.gradle.api.internal.tasks.testing.SuiteTestDefinitionProcessor.processTestDefinition(SuiteTestDefinitionProcessor.java:54)
  at java.base/jdk.internal.reflect.DirectMethodHandleAccessor.invoke(DirectMethodHandleAccessor.java:104)
  at java.base/java.lang.reflect.Method.invoke(Method.java:565)
  at org.gradle.internal.dispatch.MethodInvocation.invokeOn(MethodInvocation.java:77)
  at org.gradle.internal.dispatch.ReflectionDispatch.dispatch(ReflectionDispatch.java:28)
  at org.gradle.internal.dispatch.ReflectionDispatch.dispatch(ReflectionDispatch.java:19)
  at org.gradle.internal.dispatch.ContextClassLoaderDispatch.dispatch(ContextClassLoaderDispatch.java:33)
  at org.gradle.internal.dispatch.ProxyDispatchAdapter$DispatchingInvocationHandler.invoke(ProxyDispatchAdapter.java:88)
  at jdk.proxy1/jdk.proxy1.$Proxy4.processTestDefinition(Unknown Source)
  at org.gradle.api.internal.tasks.testing.worker.TestWorker$2.run(TestWorker.java:178)
  at org.gradle.api.internal.tasks.testing.worker.TestWorker.executeAndMaintainThreadName(TestWorker.java:126)
  at org.gradle.api.internal.tasks.testing.worker.TestWorker.execute(TestWorker.java:103)
  at org.gradle.api.internal.tasks.testing.worker.TestWorker.execute(TestWorker.java:63)
  at org.gradle.process.internal.worker.child.ActionExecutionWorker.execute(ActionExecutionWorker.java:56)
  at org.gradle.process.internal.worker.child.SystemApplicationClassLoaderWorker.call(SystemApplicationClassLoaderWorker.java:122)
  at org.gradle.process.internal.worker.child.SystemApplicationClassLoaderWorker.call(SystemApplicationClassLoaderWorker.java:72)
  at worker.org.gradle.process.internal.worker.GradleWorkerMain.run(GradleWorkerMain.java:69)
  at worker.org.gradle.process.internal.worker.GradleWorkerMain.main(GradleWorkerMain.java:74)
</stacktrace>
</test-failure>


TypeScriptCompilerTests_C[jvm] > classDeclarationShouldBeOutOfScopeInComputedNames_ts has expected errors matching classDeclarationShouldBeOutOfScopeInComputedNames_errors_txt[jvm] FAILED

<test-failure test="com.xemantic.typescript.compiler.TypeScriptCompilerTests_C.computedEnumMemberSyntacticallyString2_ts__isolatedmodules_false__compiles to JavaScript matching baseline" platform="jvm">
<message>
--- expected
+++ actual
@@ -32,15 +32,15 @@
 const LOCAL = 'LOCAL';
 var Foo;
 (function (Foo) {
-    Foo["A"] = "bar";
-    Foo["B"] = "LOCAL";
-    Foo["C"] = "LOCAL";
-    Foo["D"] = "LOCALBAR";
-    Foo[Foo["E1"] = (`${BAR}`)] = "E1";
-    Foo[Foo["E2"] = `${BAR}`] = "E2";
-    Foo["F"] = "bar";
-    Foo["G"] = "2bar";
-    Foo["H"] = "bar";
-    Foo["I"] = "barbar";
-    Foo["J"] = "bar";
+    Foo["A"] = `${BAR}`;
+    Foo[Foo["B"] = LOCAL] = "B";
+    Foo[Foo["C"] = Foo.B] = "C";
+    Foo["D"] = Foo.C + 'BAR';
+    Foo["E1"] = (`${BAR}`);
+    Foo["E2"] = `${BAR}`;
+    Foo[Foo["F"] = BAR] = "F";
+    Foo[Foo["G"] = 2 + BAR] = "G";
+    Foo["H"] = Foo.A;
+    Foo["I"] = Foo.H + BAR;
+    Foo["J"] = Foo.H;
 })(Foo || (Foo = {}));

</message>
<stacktrace>
  at org.junit.Assert.fail(Assert.java:89)
  at kotlin.test.junit.JUnitAsserter.fail(JUnitSupport.kt:56)
  at kotlin.test.AssertionsKt__AssertionsKt.fail(Assertions.kt:563)
  at kotlin.test.AssertionsKt.fail(Unknown Source)
  at com.xemantic.kotlin.test.SameAsKt.sameAs(SameAs.kt:52)
  at com.xemantic.typescript.compiler.TypeScriptTestSupportKt.sameAs(TypeScriptTestSupport.kt:99)
  at com.xemantic.typescript.compiler.TypeScriptCompilerTests_C.computedEnumMemberSyntacticallyString2_ts__isolatedmodules_false__compiles to JavaScript matching baseline(TypeScriptCompilerTests_C.kt:5306)
  at java.base/jdk.internal.reflect.DirectMethodHandleAccessor.invoke(DirectMethodHandleAccessor.java:104)
  at java.base/java.lang.reflect.Method.invoke(Method.java:565)
  at org.junit.runners.model.FrameworkMethod$1.runReflectiveCall(FrameworkMethod.java:59)
  at org.junit.internal.runners.model.ReflectiveCallable.run(ReflectiveCallable.java:12)
  at org.junit.runners.model.FrameworkMethod.invokeExplosively(FrameworkMethod.java:56)
  at org.junit.internal.runners.statements.InvokeMethod.evaluate(InvokeMethod.java:17)
  at org.junit.runners.ParentRunner$3.evaluate(ParentRunner.java:306)
  at org.junit.runners.BlockJUnit4ClassRunner$1.evaluate(BlockJUnit4ClassRunner.java:100)
  at org.junit.runners.ParentRunner.runLeaf(ParentRunner.java:366)
  at org.junit.runners.BlockJUnit4ClassRunner.runChild(BlockJUnit4ClassRunner.java:103)
  at org.junit.runners.BlockJUnit4ClassRunner.runChild(BlockJUnit4ClassRunner.java:63)
  at org.junit.runners.ParentRunner$4.run(ParentRunner.java:331)
  at org.junit.runners.ParentRunner$1.schedule(ParentRunner.java:79)
  at org.junit.runners.ParentRunner.runChildren(ParentRunner.java:329)
  at org.junit.runners.ParentRunner.access$100(ParentRunner.java:66)
  at org.junit.runners.ParentRunner$2.evaluate(ParentRunner.java:293)
  at org.junit.runners.ParentRunner$3.evaluate(ParentRunner.java:306)
  at org.junit.runners.ParentRunner.run(ParentRunner.java:413)
  at org.junit.runner.JUnitCore.run(JUnitCore.java:137)
  at org.junit.runner.JUnitCore.run(JUnitCore.java:115)
  at org.gradle.api.internal.tasks.testing.junit.JUnitTestExecutor.runRequest(JUnitTestExecutor.java:175)
  at org.gradle.api.internal.tasks.testing.junit.JUnitTestExecutor.accept(JUnitTestExecutor.java:84)
  at org.gradle.api.internal.tasks.testing.junit.JUnitTestExecutor.accept(JUnitTestExecutor.java:47)
  at org.gradle.api.internal.tasks.testing.junit.AbstractJUnitTestDefinitionProcessor.processTestDefinition(AbstractJUnitTestDefinitionProcessor.java:65)
  at org.gradle.api.internal.tasks.testing.SuiteTestDefinitionProcessor.processTestDefinition(SuiteTestDefinitionProcessor.java:54)
  at java.base/jdk.internal.reflect.DirectMethodHandleAccessor.invoke(DirectMethodHandleAccessor.java:104)
  at java.base/java.lang.reflect.Method.invoke(Method.java:565)
  at org.gradle.internal.dispatch.MethodInvocation.invokeOn(MethodInvocation.java:77)
  at org.gradle.internal.dispatch.ReflectionDispatch.dispatch(ReflectionDispatch.java:28)
  at org.gradle.internal.dispatch.ReflectionDispatch.dispatch(ReflectionDispatch.java:19)
  at org.gradle.internal.dispatch.ContextClassLoaderDispatch.dispatch(ContextClassLoaderDispatch.java:33)
  at org.gradle.internal.dispatch.ProxyDispatchAdapter$DispatchingInvocationHandler.invoke(ProxyDispatchAdapter.java:88)
  at jdk.proxy1/jdk.proxy1.$Proxy4.processTestDefinition(Unknown Source)
  at org.gradle.api.internal.tasks.testing.worker.TestWorker$2.run(TestWorker.java:178)
  at org.gradle.api.internal.tasks.testing.worker.TestWorker.executeAndMaintainThreadName(TestWorker.java:126)
  at org.gradle.api.internal.tasks.testing.worker.TestWorker.execute(TestWorker.java:103)
  at org.gradle.api.internal.tasks.testing.worker.TestWorker.execute(TestWorker.java:63)
  at org.gradle.process.internal.worker.child.ActionExecutionWorker.execute(ActionExecutionWorker.java:56)
  at org.gradle.process.internal.worker.child.SystemApplicationClassLoaderWorker.call(SystemApplicationClassLoaderWorker.java:122)
  at org.gradle.process.internal.worker.child.SystemApplicationClassLoaderWorker.call(SystemApplicationClassLoaderWorker.java:72)
  at worker.org.gradle.process.internal.worker.GradleWorkerMain.run(GradleWorkerMain.java:69)
  at worker.org.gradle.process.internal.worker.GradleWorkerMain.main(GradleWorkerMain.java:74)
</stacktrace>
</test-failure>


TypeScriptCompilerTests_C[jvm] > computedEnumMemberSyntacticallyString2_ts__isolatedmodules_false__compiles to JavaScript matching baseline[jvm] FAILED

<test-failure test="com.xemantic.typescript.compiler.TypeScriptCompilerTests_C.cachedModuleResolution7_ts has expected errors matching cachedModuleResolution7_errors_txt" platform="jvm">
<message>
Expected diagnostics from baseline typescript-repo/tests/baselines/reference/cachedModuleResolution7.errors.txt but none produced
</message>
<stacktrace>
  at com.xemantic.typescript.compiler.TypeScriptTestSupportKt.errorsMatchBaseline(TypeScriptTestSupport.kt:125)
  at com.xemantic.typescript.compiler.TypeScriptCompilerTests_C.cachedModuleResolution7_ts has expected errors matching cachedModuleResolution7_errors_txt(TypeScriptCompilerTests_C.kt:294)
  at java.base/jdk.internal.reflect.DirectMethodHandleAccessor.invoke(DirectMethodHandleAccessor.java:104)
  at java.base/java.lang.reflect.Method.invoke(Method.java:565)
  at org.junit.runners.model.FrameworkMethod$1.runReflectiveCall(FrameworkMethod.java:59)
  at org.junit.internal.runners.model.ReflectiveCallable.run(ReflectiveCallable.java:12)
  at org.junit.runners.model.FrameworkMethod.invokeExplosively(FrameworkMethod.java:56)
  at org.junit.internal.runners.statements.InvokeMethod.evaluate(InvokeMethod.java:17)
  at org.junit.runners.ParentRunner$3.evaluate(ParentRunner.java:306)
  at org.junit.runners.BlockJUnit4ClassRunner$1.evaluate(BlockJUnit4ClassRunner.java:100)
  at org.junit.runners.ParentRunner.runLeaf(ParentRunner.java:366)
  at org.junit.runners.BlockJUnit4ClassRunner.runChild(BlockJUnit4ClassRunner.java:103)
  at org.junit.runners.BlockJUnit4ClassRunner.runChild(BlockJUnit4ClassRunner.java:63)
  at org.junit.runners.ParentRunner$4.run(ParentRunner.java:331)
  at org.junit.runners.ParentRunner$1.schedule(ParentRunner.java:79)
  at org.junit.runners.ParentRunner.runChildren(ParentRunner.java:329)
  at org.junit.runners.ParentRunner.access$100(ParentRunner.java:66)
  at org.junit.runners.ParentRunner$2.evaluate(ParentRunner.java:293)
  at org.junit.runners.ParentRunner$3.evaluate(ParentRunner.java:306)
  at org.junit.runners.ParentRunner.run(ParentRunner.java:413)
  at org.junit.runner.JUnitCore.run(JUnitCore.java:137)
  at org.junit.runner.JUnitCore.run(JUnitCore.java:115)
  at org.gradle.api.internal.tasks.testing.junit.JUnitTestExecutor.runRequest(JUnitTestExecutor.java:175)
  at org.gradle.api.internal.tasks.testing.junit.JUnitTestExecutor.accept(JUnitTestExecutor.java:84)
  at org.gradle.api.internal.tasks.testing.junit.JUnitTestExecutor.accept(JUnitTestExecutor.java:47)
  at org.gradle.api.internal.tasks.testing.junit.AbstractJUnitTestDefinitionProcessor.processTestDefinition(AbstractJUnitTestDefinitionProcessor.java:65)
  at org.gradle.api.internal.tasks.testing.SuiteTestDefinitionProcessor.processTestDefinition(SuiteTestDefinitionProcessor.java:54)
  at java.base/jdk.internal.reflect.DirectMethodHandleAccessor.invoke(DirectMethodHandleAccessor.java:104)
  at java.base/java.lang.reflect.Method.invoke(Method.java:565)
  at org.gradle.internal.dispatch.MethodInvocation.invokeOn(MethodInvocation.java:77)
  at org.gradle.internal.dispatch.ReflectionDispatch.dispatch(ReflectionDispatch.java:28)
  at org.gradle.internal.dispatch.ReflectionDispatch.dispatch(ReflectionDispatch.java:19)
  at org.gradle.internal.dispatch.ContextClassLoaderDispatch.dispatch(ContextClassLoaderDispatch.java:33)
  at org.gradle.internal.dispatch.ProxyDispatchAdapter$DispatchingInvocationHandler.invoke(ProxyDispatchAdapter.java:88)
  at jdk.proxy1/jdk.proxy1.$Proxy4.processTestDefinition(Unknown Source)
  at org.gradle.api.internal.tasks.testing.worker.TestWorker$2.run(TestWorker.java:178)
  at org.gradle.api.internal.tasks.testing.worker.TestWorker.executeAndMaintainThreadName(TestWorker.java:126)
  at org.gradle.api.internal.tasks.testing.worker.TestWorker.execute(TestWorker.java:103)
  at org.gradle.api.internal.tasks.testing.worker.TestWorker.execute(TestWorker.java:63)
  at org.gradle.process.internal.worker.child.ActionExecutionWorker.execute(ActionExecutionWorker.java:56)
  at org.gradle.process.internal.worker.child.SystemApplicationClassLoaderWorker.call(SystemApplicationClassLoaderWorker.java:122)
  at org.gradle.process.internal.worker.child.SystemApplicationClassLoaderWorker.call(SystemApplicationClassLoaderWorker.java:72)
  at worker.org.gradle.process.internal.worker.GradleWorkerMain.run(GradleWorkerMain.java:69)
  at worker.org.gradle.process.internal.worker.GradleWorkerMain.main(GradleWorkerMain.java:74)
</stacktrace>
</test-failure>


TypeScriptCompilerTests_C[jvm] > cachedModuleResolution7_ts has expected errors matching cachedModuleResolution7_errors_txt[jvm] FAILED

<test-failure test="com.xemantic.typescript.compiler.TypeScriptCompilerTests_C.classIndexer3_ts has expected errors matching classIndexer3_errors_txt" platform="jvm">
<message>
--- expected
+++ actual
@@ -1,9 +1,8 @@
 classIndexer3.ts(8,5): error TS2564: Property 'x' has no initializer and is not definitely assigned in the constructor.
-classIndexer3.ts(9,5): error TS2411: Property 'y' of type 'string' is not assignable to 'string' index type 'number'.
 classIndexer3.ts(9,5): error TS2564: Property 'y' has no initializer and is not definitely assigned in the constructor.
 
 
-==== classIndexer3.ts (3 errors) ====
+==== classIndexer3.ts (2 errors) ====
     class C123 {
         [s: string]: number;
         constructor() {
@@ -16,7 +15,5 @@
 !!! error TS2564: Property 'x' has no initializer and is not definitely assigned in the constructor.
         y: string;
         ~
-!!! error TS2411: Property 'y' of type 'string' is not assignable to 'string' index type 'number'.
-        ~
 !!! error TS2564: Property 'y' has no initializer and is not definitely assigned in the constructor.
     }

</message>
<stacktrace>
  at org.junit.Assert.fail(Assert.java:89)
  at kotlin.test.junit.JUnitAsserter.fail(JUnitSupport.kt:56)
  at kotlin.test.AssertionsKt__AssertionsKt.fail(Assertions.kt:563)
  at kotlin.test.AssertionsKt.fail(Unknown Source)
  at com.xemantic.kotlin.test.SameAsKt.sameAs(SameAs.kt:52)
  at com.xemantic.typescript.compiler.TypeScriptTestSupportKt.errorsMatchBaseline(TypeScriptTestSupport.kt:135)
  at com.xemantic.typescript.compiler.TypeScriptCompilerTests_C.classIndexer3_ts has expected errors matching classIndexer3_errors_txt(TypeScriptCompilerTests_C.kt:2520)
  at java.base/jdk.internal.reflect.DirectMethodHandleAccessor.invoke(DirectMethodHandleAccessor.java:104)
  at java.base/java.lang.reflect.Method.invoke(Method.java:565)
  at org.junit.runners.model.FrameworkMethod$1.runReflectiveCall(FrameworkMethod.java:59)
  at org.junit.internal.runners.model.ReflectiveCallable.run(ReflectiveCallable.java:12)
  at org.junit.runners.model.FrameworkMethod.invokeExplosively(FrameworkMethod.java:56)
  at org.junit.internal.runners.statements.InvokeMethod.evaluate(InvokeMethod.java:17)
  at org.junit.runners.ParentRunner$3.evaluate(ParentRunner.java:306)
  at org.junit.runners.BlockJUnit4ClassRunner$1.evaluate(BlockJUnit4ClassRunner.java:100)
  at org.junit.runners.ParentRunner.runLeaf(ParentRunner.java:366)
  at org.junit.runners.BlockJUnit4ClassRunner.runChild(BlockJUnit4ClassRunner.java:103)
  at org.junit.runners.BlockJUnit4ClassRunner.runChild(BlockJUnit4ClassRunner.java:63)
  at org.junit.runners.ParentRunner$4.run(ParentRunner.java:331)
  at org.junit.runners.ParentRunner$1.schedule(ParentRunner.java:79)
  at org.junit.runners.ParentRunner.runChildren(ParentRunner.java:329)
  at org.junit.runners.ParentRunner.access$100(ParentRunner.java:66)
  at org.junit.runners.ParentRunner$2.evaluate(ParentRunner.java:293)
  at org.junit.runners.ParentRunner$3.evaluate(ParentRunner.java:306)
  at org.junit.runners.ParentRunner.run(ParentRunner.java:413)
  at org.junit.runner.JUnitCore.run(JUnitCore.java:137)
  at org.junit.runner.JUnitCore.run(JUnitCore.java:115)
  at org.gradle.api.internal.tasks.testing.junit.JUnitTestExecutor.runRequest(JUnitTestExecutor.java:175)
  at org.gradle.api.internal.tasks.testing.junit.JUnitTestExecutor.accept(JUnitTestExecutor.java:84)
  at org.gradle.api.internal.tasks.testing.junit.JUnitTestExecutor.accept(JUnitTestExecutor.java:47)
  at org.gradle.api.internal.tasks.testing.junit.AbstractJUnitTestDefinitionProcessor.processTestDefinition(AbstractJUnitTestDefinitionProcessor.java:65)
  at org.gradle.api.internal.tasks.testing.SuiteTestDefinitionProcessor.processTestDefinition(SuiteTestDefinitionProcessor.java:54)
  at java.base/jdk.internal.reflect.DirectMethodHandleAccessor.invoke(DirectMethodHandleAccessor.java:104)
  at java.base/java.lang.reflect.Method.invoke(Method.java:565)
  at org.gradle.internal.dispatch.MethodInvocation.invokeOn(MethodInvocation.java:77)
  at org.gradle.internal.dispatch.ReflectionDispatch.dispatch(ReflectionDispatch.java:28)
  at org.gradle.internal.dispatch.ReflectionDispatch.dispatch(ReflectionDispatch.java:19)
  at org.gradle.internal.dispatch.ContextClassLoaderDispatch.dispatch(ContextClassLoaderDispatch.java:33)
  at org.gradle.internal.dispatch.ProxyDispatchAdapter$DispatchingInvocationHandler.invoke(ProxyDispatchAdapter.java:88)
  at jdk.proxy1/jdk.proxy1.$Proxy4.processTestDefinition(Unknown Source)
  at org.gradle.api.internal.tasks.testing.worker.TestWorker$2.run(TestWorker.java:178)
  at org.gradle.api.internal.tasks.testing.worker.TestWorker.executeAndMaintainThreadName(TestWorker.java:126)
  at org.gradle.api.internal.tasks.testing.worker.TestWorker.execute(TestWorker.java:103)
  at org.gradle.api.internal.tasks.testing.worker.TestWorker.execute(TestWorker.java:63)
  at org.gradle.process.internal.worker.child.ActionExecutionWorker.execute(ActionExecutionWorker.java:56)
  at org.gradle.process.internal.worker.child.SystemApplicationClassLoaderWorker.call(SystemApplicationClassLoaderWorker.java:122)
  at org.gradle.process.internal.worker.child.SystemApplicationClassLoaderWorker.call(SystemApplicationClassLoaderWorker.java:72)
  at worker.org.gradle.process.internal.worker.GradleWorkerMain.run(GradleWorkerMain.java:69)
  at worker.org.gradle.process.internal.worker.GradleWorkerMain.main(GradleWorkerMain.java:74)
</stacktrace>
</test-failure>


TypeScriptCompilerTests_C[jvm] > classIndexer3_ts has expected errors matching classIndexer3_errors_txt[jvm] FAILED

<test-failure test="com.xemantic.typescript.compiler.TypeScriptCompilerTests_C.commonJsUnusedLocals_ts has expected errors matching commonJsUnusedLocals_errors_txt" platform="jvm">
<message>
Expected diagnostics from baseline typescript-repo/tests/baselines/reference/commonJsUnusedLocals.errors.txt but none produced
</message>
<stacktrace>
  at com.xemantic.typescript.compiler.TypeScriptTestSupportKt.errorsMatchBaseline(TypeScriptTestSupport.kt:125)
  at com.xemantic.typescript.compiler.TypeScriptCompilerTests_C.commonJsUnusedLocals_ts has expected errors matching commonJsUnusedLocals_errors_txt(TypeScriptCompilerTests_C.kt:4991)
  at java.base/jdk.internal.reflect.DirectMethodHandleAccessor.invoke(DirectMethodHandleAccessor.java:104)
  at java.base/java.lang.reflect.Method.invoke(Method.java:565)
  at org.junit.runners.model.FrameworkMethod$1.runReflectiveCall(FrameworkMethod.java:59)
  at org.junit.internal.runners.model.ReflectiveCallable.run(ReflectiveCallable.java:12)
  at org.junit.runners.model.FrameworkMethod.invokeExplosively(FrameworkMethod.java:56)
  at org.junit.internal.runners.statements.InvokeMethod.evaluate(InvokeMethod.java:17)
  at org.junit.runners.ParentRunner$3.evaluate(ParentRunner.java:306)
  at org.junit.runners.BlockJUnit4ClassRunner$1.evaluate(BlockJUnit4ClassRunner.java:100)
  at org.junit.runners.ParentRunner.runLeaf(ParentRunner.java:366)
  at org.junit.runners.BlockJUnit4ClassRunner.runChild(BlockJUnit4ClassRunner.java:103)
  at org.junit.runners.BlockJUnit4ClassRunner.runChild(BlockJUnit4ClassRunner.java:63)
  at org.junit.runners.ParentRunner$4.run(ParentRunner.java:331)
  at org.junit.runners.ParentRunner$1.schedule(ParentRunner.java:79)
  at org.junit.runners.ParentRunner.runChildren(ParentRunner.java:329)
  at org.junit.runners.ParentRunner.access$100(ParentRunner.java:66)
  at org.junit.runners.ParentRunner$2.evaluate(ParentRunner.java:293)
  at org.junit.runners.ParentRunner$3.evaluate(ParentRunner.java:306)
  at org.junit.runners.ParentRunner.run(ParentRunner.java:413)
  at org.junit.runner.JUnitCore.run(JUnitCore.java:137)
  at org.junit.runner.JUnitCore.run(JUnitCore.java:115)
  at org.gradle.api.internal.tasks.testing.junit.JUnitTestExecutor.runRequest(JUnitTestExecutor.java:175)
  at org.gradle.api.internal.tasks.testing.junit.JUnitTestExecutor.accept(JUnitTestExecutor.java:84)
  at org.gradle.api.internal.tasks.testing.junit.JUnitTestExecutor.accept(JUnitTestExecutor.java:47)
  at org.gradle.api.internal.tasks.testing.junit.AbstractJUnitTestDefinitionProcessor.processTestDefinition(AbstractJUnitTestDefinitionProcessor.java:65)
  at org.gradle.api.internal.tasks.testing.SuiteTestDefinitionProcessor.processTestDefinition(SuiteTestDefinitionProcessor.java:54)
  at java.base/jdk.internal.reflect.DirectMethodHandleAccessor.invoke(DirectMethodHandleAccessor.java:104)
  at java.base/java.lang.reflect.Method.invoke(Method.java:565)
  at org.gradle.internal.dispatch.MethodInvocation.invokeOn(MethodInvocation.java:77)
  at org.gradle.internal.dispatch.ReflectionDispatch.dispatch(ReflectionDispatch.java:28)
  at org.gradle.internal.dispatch.ReflectionDispatch.dispatch(ReflectionDispatch.java:19)
  at org.gradle.internal.dispatch.ContextClassLoaderDispatch.dispatch(ContextClassLoaderDispatch.java:33)
  at org.gradle.internal.dispatch.ProxyDispatchAdapter$DispatchingInvocationHandler.invoke(ProxyDispatchAdapter.java:88)
  at jdk.proxy1/jdk.proxy1.$Proxy4.processTestDefinition(Unknown Source)
  at org.gradle.api.internal.tasks.testing.worker.TestWorker$2.run(TestWorker.java:178)
  at org.gradle.api.internal.tasks.testing.worker.TestWorker.executeAndMaintainThreadName(TestWorker.java:126)
  at org.gradle.api.internal.tasks.testing.worker.TestWorker.execute(TestWorker.java:103)
  at org.gradle.api.internal.tasks.testing.worker.TestWorker.execute(TestWorker.java:63)
  at org.gradle.process.internal.worker.child.ActionExecutionWorker.execute(ActionExecutionWorker.java:56)
  at org.gradle.process.internal.worker.child.SystemApplicationClassLoaderWorker.call(SystemApplicationClassLoaderWorker.java:122)
  at org.gradle.process.internal.worker.child.SystemApplicationClassLoaderWorker.call(SystemApplicationClassLoaderWorker.java:72)
  at worker.org.gradle.process.internal.worker.GradleWorkerMain.run(GradleWorkerMain.java:69)
  at worker.org.gradle.process.internal.worker.GradleWorkerMain.main(GradleWorkerMain.java:74)
</stacktrace>
</test-failure>


TypeScriptCompilerTests_C[jvm] > commonJsUnusedLocals_ts has expected errors matching commonJsUnusedLocals_errors_txt[jvm] FAILED

<test-failure test="com.xemantic.typescript.compiler.TypeScriptCompilerTests_C.constructorArgsErrors4_ts has expected errors matching constructorArgsErrors4_errors_txt" platform="jvm">
<message>
Expected diagnostics from baseline typescript-repo/tests/baselines/reference/constructorArgsErrors4.errors.txt but none produced
</message>
<stacktrace>
  at com.xemantic.typescript.compiler.TypeScriptTestSupportKt.errorsMatchBaseline(TypeScriptTestSupport.kt:125)
  at com.xemantic.typescript.compiler.TypeScriptCompilerTests_C.constructorArgsErrors4_ts has expected errors matching constructorArgsErrors4_errors_txt(TypeScriptCompilerTests_C.kt:6762)
  at java.base/jdk.internal.reflect.DirectMethodHandleAccessor.invoke(DirectMethodHandleAccessor.java:104)
  at java.base/java.lang.reflect.Method.invoke(Method.java:565)
  at org.junit.runners.model.FrameworkMethod$1.runReflectiveCall(FrameworkMethod.java:59)
  at org.junit.internal.runners.model.ReflectiveCallable.run(ReflectiveCallable.java:12)
  at org.junit.runners.model.FrameworkMethod.invokeExplosively(FrameworkMethod.java:56)
  at org.junit.internal.runners.statements.InvokeMethod.evaluate(InvokeMethod.java:17)
  at org.junit.runners.ParentRunner$3.evaluate(ParentRunner.java:306)
  at org.junit.runners.BlockJUnit4ClassRunner$1.evaluate(BlockJUnit4ClassRunner.java:100)
  at org.junit.runners.ParentRunner.runLeaf(ParentRunner.java:366)
  at org.junit.runners.BlockJUnit4ClassRunner.runChild(BlockJUnit4ClassRunner.java:103)
  at org.junit.runners.BlockJUnit4ClassRunner.runChild(BlockJUnit4ClassRunner.java:63)
  at org.junit.runners.ParentRunner$4.run(ParentRunner.java:331)
  at org.junit.runners.ParentRunner$1.schedule(ParentRunner.java:79)
  at org.junit.runners.ParentRunner.runChildren(ParentRunner.java:329)
  at org.junit.runners.ParentRunner.access$100(ParentRunner.java:66)
  at org.junit.runners.ParentRunner$2.evaluate(ParentRunner.java:293)
  at org.junit.runners.ParentRunner$3.evaluate(ParentRunner.java:306)
  at org.junit.runners.ParentRunner.run(ParentRunner.java:413)
  at org.junit.runner.JUnitCore.run(JUnitCore.java:137)
  at org.junit.runner.JUnitCore.run(JUnitCore.java:115)
  at org.gradle.api.internal.tasks.testing.junit.JUnitTestExecutor.runRequest(JUnitTestExecutor.java:175)
  at org.gradle.api.internal.tasks.testing.junit.JUnitTestExecutor.accept(JUnitTestExecutor.java:84)
  at org.gradle.api.internal.tasks.testing.junit.JUnitTestExecutor.accept(JUnitTestExecutor.java:47)
  at org.gradle.api.internal.tasks.testing.junit.AbstractJUnitTestDefinitionProcessor.processTestDefinition(AbstractJUnitTestDefinitionProcessor.java:65)
  at org.gradle.api.internal.tasks.testing.SuiteTestDefinitionProcessor.processTestDefinition(SuiteTestDefinitionProcessor.java:54)
  at java.base/jdk.internal.reflect.DirectMethodHandleAccessor.invoke(DirectMethodHandleAccessor.java:104)
  at java.base/java.lang.reflect.Method.invoke(Method.java:565)
  at org.gradle.internal.dispatch.MethodInvocation.invokeOn(MethodInvocation.java:77)
  at org.gradle.internal.dispatch.ReflectionDispatch.dispatch(ReflectionDispatch.java:28)
  at org.gradle.internal.dispatch.ReflectionDispatch.dispatch(ReflectionDispatch.java:19)
  at org.gradle.internal.dispatch.ContextClassLoaderDispatch.dispatch(ContextClassLoaderDispatch.java:33)
  at org.gradle.internal.dispatch.ProxyDispatchAdapter$DispatchingInvocationHandler.invoke(ProxyDispatchAdapter.java:88)
  at jdk.proxy1/jdk.proxy1.$Proxy4.processTestDefinition(Unknown Source)
  at org.gradle.api.internal.tasks.testing.worker.TestWorker$2.run(TestWorker.java:178)
  at org.gradle.api.internal.tasks.testing.worker.TestWorker.executeAndMaintainThreadName(TestWorker.java:126)
  at org.gradle.api.internal.tasks.testing.worker.TestWorker.execute(TestWorker.java:103)
  at org.gradle.api.internal.tasks.testing.worker.TestWorker.execute(TestWorker.java:63)
  at org.gradle.process.internal.worker.child.ActionExecutionWorker.execute(ActionExecutionWorker.java:56)
  at org.gradle.process.internal.worker.child.SystemApplicationClassLoaderWorker.call(SystemApplicationClassLoaderWorker.java:122)
  at org.gradle.process.internal.worker.child.SystemApplicationClassLoaderWorker.call(SystemApplicationClassLoaderWorker.java:72)
  at worker.org.gradle.process.internal.worker.GradleWorkerMain.run(GradleWorkerMain.java:69)
  at worker.org.gradle.process.internal.worker.GradleWorkerMain.main(GradleWorkerMain.java:74)
</stacktrace>
</test-failure>


TypeScriptCompilerTests_C[jvm] > constructorArgsErrors4_ts has expected errors matching constructorArgsErrors4_errors_txt[jvm] FAILED

<test-failure test="com.xemantic.typescript.compiler.TypeScriptCompilerTests_C.crashDeclareGlobalTypeofExport_ts has expected errors matching crashDeclareGlobalTypeofExport_errors_txt" platform="jvm">
<message>
Expected diagnostics from baseline typescript-repo/tests/baselines/reference/crashDeclareGlobalTypeofExport.errors.txt but none produced
</message>
<stacktrace>
  at com.xemantic.typescript.compiler.TypeScriptTestSupportKt.errorsMatchBaseline(TypeScriptTestSupport.kt:125)
  at com.xemantic.typescript.compiler.TypeScriptCompilerTests_C.crashDeclareGlobalTypeofExport_ts has expected errors matching crashDeclareGlobalTypeofExport_errors_txt(TypeScriptCompilerTests_C.kt:8750)
  at java.base/jdk.internal.reflect.DirectMethodHandleAccessor.invoke(DirectMethodHandleAccessor.java:104)
  at java.base/java.lang.reflect.Method.invoke(Method.java:565)
  at org.junit.runners.model.FrameworkMethod$1.runReflectiveCall(FrameworkMethod.java:59)
  at org.junit.internal.runners.model.ReflectiveCallable.run(ReflectiveCallable.java:12)
  at org.junit.runners.model.FrameworkMethod.invokeExplosively(FrameworkMethod.java:56)
  at org.junit.internal.runners.statements.InvokeMethod.evaluate(InvokeMethod.java:17)
  at org.junit.runners.ParentRunner$3.evaluate(ParentRunner.java:306)
  at org.junit.runners.BlockJUnit4ClassRunner$1.evaluate(BlockJUnit4ClassRunner.java:100)
  at org.junit.runners.ParentRunner.runLeaf(ParentRunner.java:366)
  at org.junit.runners.BlockJUnit4ClassRunner.runChild(BlockJUnit4ClassRunner.java:103)
  at org.junit.runners.BlockJUnit4ClassRunner.runChild(BlockJUnit4ClassRunner.java:63)
  at org.junit.runners.ParentRunner$4.run(ParentRunner.java:331)
  at org.junit.runners.ParentRunner$1.schedule(ParentRunner.java:79)
  at org.junit.runners.ParentRunner.runChildren(ParentRunner.java:329)
  at org.junit.runners.ParentRunner.access$100(ParentRunner.java:66)
  at org.junit.runners.ParentRunner$2.evaluate(ParentRunner.java:293)
  at org.junit.runners.ParentRunner$3.evaluate(ParentRunner.java:306)
  at org.junit.runners.ParentRunner.run(ParentRunner.java:413)
  at org.junit.runner.JUnitCore.run(JUnitCore.java:137)
  at org.junit.runner.JUnitCore.run(JUnitCore.java:115)
  at org.gradle.api.internal.tasks.testing.junit.JUnitTestExecutor.runRequest(JUnitTestExecutor.java:175)
  at org.gradle.api.internal.tasks.testing.junit.JUnitTestExecutor.accept(JUnitTestExecutor.java:84)
  at org.gradle.api.internal.tasks.testing.junit.JUnitTestExecutor.accept(JUnitTestExecutor.java:47)
  at org.gradle.api.internal.tasks.testing.junit.AbstractJUnitTestDefinitionProcessor.processTestDefinition(AbstractJUnitTestDefinitionProcessor.java:65)
  at org.gradle.api.internal.tasks.testing.SuiteTestDefinitionProcessor.processTestDefinition(SuiteTestDefinitionProcessor.java:54)
  at java.base/jdk.internal.reflect.DirectMethodHandleAccessor.invoke(DirectMethodHandleAccessor.java:104)
  at java.base/java.lang.reflect.Method.invoke(Method.java:565)
  at org.gradle.internal.dispatch.MethodInvocation.invokeOn(MethodInvocation.java:77)
  at org.gradle.internal.dispatch.ReflectionDispatch.dispatch(ReflectionDispatch.java:28)
  at org.gradle.internal.dispatch.ReflectionDispatch.dispatch(ReflectionDispatch.java:19)
  at org.gradle.internal.dispatch.ContextClassLoaderDispatch.dispatch(ContextClassLoaderDispatch.java:33)
  at org.gradle.internal.dispatch.ProxyDispatchAdapter$DispatchingInvocationHandler.invoke(ProxyDispatchAdapter.java:88)
  at jdk.proxy1/jdk.proxy1.$Proxy4.processTestDefinition(Unknown Source)
  at org.gradle.api.internal.tasks.testing.worker.TestWorker$2.run(TestWorker.java:178)
  at org.gradle.api.internal.tasks.testing.worker.TestWorker.executeAndMaintainThreadName(TestWorker.java:126)
  at org.gradle.api.internal.tasks.testing.worker.TestWorker.execute(TestWorker.java:103)
  at org.gradle.api.internal.tasks.testing.worker.TestWorker.execute(TestWorker.java:63)
  at org.gradle.process.internal.worker.child.ActionExecutionWorker.execute(ActionExecutionWorker.java:56)
  at org.gradle.process.internal.worker.child.SystemApplicationClassLoaderWorker.call(SystemApplicationClassLoaderWorker.java:122)
  at org.gradle.process.internal.worker.child.SystemApplicationClassLoaderWorker.call(SystemApplicationClassLoaderWorker.java:72)
  at worker.org.gradle.process.internal.worker.GradleWorkerMain.run(GradleWorkerMain.java:69)
  at worker.org.gradle.process.internal.worker.GradleWorkerMain.main(GradleWorkerMain.java:74)
</stacktrace>
</test-failure>


TypeScriptCompilerTests_C[jvm] > crashDeclareGlobalTypeofExport_ts has expected errors matching crashDeclareGlobalTypeofExport_errors_txt[jvm] FAILED

<test-failure test="com.xemantic.typescript.compiler.TypeScriptCompilerTests_C.castOfAwait_ts has expected errors matching castOfAwait_errors_txt" platform="jvm">
<message>
Expected diagnostics from baseline typescript-repo/tests/baselines/reference/castOfAwait.errors.txt but none produced
</message>
<stacktrace>
  at com.xemantic.typescript.compiler.TypeScriptTestSupportKt.errorsMatchBaseline(TypeScriptTestSupport.kt:125)
  at com.xemantic.typescript.compiler.TypeScriptCompilerTests_C.castOfAwait_ts has expected errors matching castOfAwait_errors_txt(TypeScriptCompilerTests_C.kt:952)
  at java.base/jdk.internal.reflect.DirectMethodHandleAccessor.invoke(DirectMethodHandleAccessor.java:104)
  at java.base/java.lang.reflect.Method.invoke(Method.java:565)
  at org.junit.runners.model.FrameworkMethod$1.runReflectiveCall(FrameworkMethod.java:59)
  at org.junit.internal.runners.model.ReflectiveCallable.run(ReflectiveCallable.java:12)
  at org.junit.runners.model.FrameworkMethod.invokeExplosively(FrameworkMethod.java:56)
  at org.junit.internal.runners.statements.InvokeMethod.evaluate(InvokeMethod.java:17)
  at org.junit.runners.ParentRunner$3.evaluate(ParentRunner.java:306)
  at org.junit.runners.BlockJUnit4ClassRunner$1.evaluate(BlockJUnit4ClassRunner.java:100)
  at org.junit.runners.ParentRunner.runLeaf(ParentRunner.java:366)
  at org.junit.runners.BlockJUnit4ClassRunner.runChild(BlockJUnit4ClassRunner.java:103)
  at org.junit.runners.BlockJUnit4ClassRunner.runChild(BlockJUnit4ClassRunner.java:63)
  at org.junit.runners.ParentRunner$4.run(ParentRunner.java:331)
  at org.junit.runners.ParentRunner$1.schedule(ParentRunner.java:79)
  at org.junit.runners.ParentRunner.runChildren(ParentRunner.java:329)
  at org.junit.runners.ParentRunner.access$100(ParentRunner.java:66)
  at org.junit.runners.ParentRunner$2.evaluate(ParentRunner.java:293)
  at org.junit.runners.ParentRunner$3.evaluate(ParentRunner.java:306)
  at org.junit.runners.ParentRunner.run(ParentRunner.java:413)
  at org.junit.runner.JUnitCore.run(JUnitCore.java:137)
  at org.junit.runner.JUnitCore.run(JUnitCore.java:115)
  at org.gradle.api.internal.tasks.testing.junit.JUnitTestExecutor.runRequest(JUnitTestExecutor.java:175)
  at org.gradle.api.internal.tasks.testing.junit.JUnitTestExecutor.accept(JUnitTestExecutor.java:84)
  at org.gradle.api.internal.tasks.testing.junit.JUnitTestExecutor.accept(JUnitTestExecutor.java:47)
  at org.gradle.api.internal.tasks.testing.junit.AbstractJUnitTestDefinitionProcessor.processTestDefinition(AbstractJUnitTestDefinitionProcessor.java:65)
  at org.gradle.api.internal.tasks.testing.SuiteTestDefinitionProcessor.processTestDefinition(SuiteTestDefinitionProcessor.java:54)
  at java.base/jdk.internal.reflect.DirectMethodHandleAccessor.invoke(DirectMethodHandleAccessor.java:104)
  at java.base/java.lang.reflect.Method.invoke(Method.java:565)
  at org.gradle.internal.dispatch.MethodInvocation.invokeOn(MethodInvocation.java:77)
  at org.gradle.internal.dispatch.ReflectionDispatch.dispatch(ReflectionDispatch.java:28)
  at org.gradle.internal.dispatch.ReflectionDispatch.dispatch(ReflectionDispatch.java:19)
  at org.gradle.internal.dispatch.ContextClassLoaderDispatch.dispatch(ContextClassLoaderDispatch.java:33)
  at org.gradle.internal.dispatch.ProxyDispatchAdapter$DispatchingInvocationHandler.invoke(ProxyDispatchAdapter.java:88)
  at jdk.proxy1/jdk.proxy1.$Proxy4.processTestDefinition(Unknown Source)
  at org.gradle.api.internal.tasks.testing.worker.TestWorker$2.run(TestWorker.java:178)
  at org.gradle.api.internal.tasks.testing.worker.TestWorker.executeAndMaintainThreadName(TestWorker.java:126)
  at org.gradle.api.internal.tasks.testing.worker.TestWorker.execute(TestWorker.java:103)
  at org.gradle.api.internal.tasks.testing.worker.TestWorker.execute(TestWorker.java:63)
  at org.gradle.process.internal.worker.child.ActionExecutionWorker.execute(ActionExecutionWorker.java:56)
  at org.gradle.process.internal.worker.child.SystemApplicationClassLoaderWorker.call(SystemApplicationClassLoaderWorker.java:122)
  at org.gradle.process.internal.worker.child.SystemApplicationClassLoaderWorker.call(SystemApplicationClassLoaderWorker.java:72)
  at worker.org.gradle.process.internal.worker.GradleWorkerMain.run(GradleWorkerMain.java:69)
  at worker.org.gradle.process.internal.worker.GradleWorkerMain.main(GradleWorkerMain.java:74)
</stacktrace>
</test-failure>


TypeScriptCompilerTests_C[jvm] > castOfAwait_ts has expected errors matching castOfAwait_errors_txt[jvm] FAILED

<test-failure test="com.xemantic.typescript.compiler.TypeScriptCompilerTests_C.classExtendingQualifiedName_ts has expected errors matching classExtendingQualifiedName_errors_txt" platform="jvm">
<message>
Expected diagnostics from baseline typescript-repo/tests/baselines/reference/classExtendingQualifiedName.errors.txt but none produced
</message>
<stacktrace>
  at com.xemantic.typescript.compiler.TypeScriptTestSupportKt.errorsMatchBaseline(TypeScriptTestSupport.kt:125)
  at com.xemantic.typescript.compiler.TypeScriptCompilerTests_C.classExtendingQualifiedName_ts has expected errors matching classExtendingQualifiedName_errors_txt(TypeScriptCompilerTests_C.kt:2100)
  at java.base/jdk.internal.reflect.DirectMethodHandleAccessor.invoke(DirectMethodHandleAccessor.java:104)
  at java.base/java.lang.reflect.Method.invoke(Method.java:565)
  at org.junit.runners.model.FrameworkMethod$1.runReflectiveCall(FrameworkMethod.java:59)
  at org.junit.internal.runners.model.ReflectiveCallable.run(ReflectiveCallable.java:12)
  at org.junit.runners.model.FrameworkMethod.invokeExplosively(FrameworkMethod.java:56)
  at org.junit.internal.runners.statements.InvokeMethod.evaluate(InvokeMethod.java:17)
  at org.junit.runners.ParentRunner$3.evaluate(ParentRunner.java:306)
  at org.junit.runners.BlockJUnit4ClassRunner$1.evaluate(BlockJUnit4ClassRunner.java:100)
  at org.junit.runners.ParentRunner.runLeaf(ParentRunner.java:366)
  at org.junit.runners.BlockJUnit4ClassRunner.runChild(BlockJUnit4ClassRunner.java:103)
  at org.junit.runners.BlockJUnit4ClassRunner.runChild(BlockJUnit4ClassRunner.java:63)
  at org.junit.runners.ParentRunner$4.run(ParentRunner.java:331)
  at org.junit.runners.ParentRunner$1.schedule(ParentRunner.java:79)
  at org.junit.runners.ParentRunner.runChildren(ParentRunner.java:329)
  at org.junit.runners.ParentRunner.access$100(ParentRunner.java:66)
  at org.junit.runners.ParentRunner$2.evaluate(ParentRunner.java:293)
  at org.junit.runners.ParentRunner$3.evaluate(ParentRunner.java:306)
  at org.junit.runners.ParentRunner.run(ParentRunner.java:413)
  at org.junit.runner.JUnitCore.run(JUnitCore.java:137)
  at org.junit.runner.JUnitCore.run(JUnitCore.java:115)
  at org.gradle.api.internal.tasks.testing.junit.JUnitTestExecutor.runRequest(JUnitTestExecutor.java:175)
  at org.gradle.api.internal.tasks.testing.junit.JUnitTestExecutor.accept(JUnitTestExecutor.java:84)
  at org.gradle.api.internal.tasks.testing.junit.JUnitTestExecutor.accept(JUnitTestExecutor.java:47)
  at org.gradle.api.internal.tasks.testing.junit.AbstractJUnitTestDefinitionProcessor.processTestDefinition(AbstractJUnitTestDefinitionProcessor.java:65)
  at org.gradle.api.internal.tasks.testing.SuiteTestDefinitionProcessor.processTestDefinition(SuiteTestDefinitionProcessor.java:54)
  at java.base/jdk.internal.reflect.DirectMethodHandleAccessor.invoke(DirectMethodHandleAccessor.java:104)
  at java.base/java.lang.reflect.Method.invoke(Method.java:565)
  at org.gradle.internal.dispatch.MethodInvocation.invokeOn(MethodInvocation.java:77)
  at org.gradle.internal.dispatch.ReflectionDispatch.dispatch(ReflectionDispatch.java:28)
  at org.gradle.internal.dispatch.ReflectionDispatch.dispatch(ReflectionDispatch.java:19)
  at org.gradle.internal.dispatch.ContextClassLoaderDispatch.dispatch(ContextClassLoaderDispatch.java:33)
  at org.gradle.internal.dispatch.ProxyDispatchAdapter$DispatchingInvocationHandler.invoke(ProxyDispatchAdapter.java:88)
  at jdk.proxy1/jdk.proxy1.$Proxy4.processTestDefinition(Unknown Source)
  at org.gradle.api.internal.tasks.testing.worker.TestWorker$2.run(TestWorker.java:178)
  at org.gradle.api.internal.tasks.testing.worker.TestWorker.executeAndMaintainThreadName(TestWorker.java:126)
  at org.gradle.api.internal.tasks.testing.worker.TestWorker.execute(TestWorker.java:103)
  at org.gradle.api.internal.tasks.testing.worker.TestWorker.execute(TestWorker.java:63)
  at org.gradle.process.internal.worker.child.ActionExecutionWorker.execute(ActionExecutionWorker.java:56)
  at org.gradle.process.internal.worker.child.SystemApplicationClassLoaderWorker.call(SystemApplicationClassLoaderWorker.java:122)
  at org.gradle.process.internal.worker.child.SystemApplicationClassLoaderWorker.call(SystemApplicationClassLoaderWorker.java:72)
  at worker.org.gradle.process.internal.worker.GradleWorkerMain.run(GradleWorkerMain.java:69)
  at worker.org.gradle.process.internal.worker.GradleWorkerMain.main(GradleWorkerMain.java:74)
</stacktrace>
</test-failure>


TypeScriptCompilerTests_C[jvm] > classExtendingQualifiedName_ts has expected errors matching classExtendingQualifiedName_errors_txt[jvm] FAILED

<test-failure test="com.xemantic.typescript.compiler.TypeScriptCompilerTests_C.contextuallyTypedParametersWithQuestionToken_ts has expected errors matching contextuallyTypedParametersWithQuestionToken_errors_txt" platform="jvm">
<message>
--- expected
+++ actual
@@ -1,28 +1,27 @@
-contextuallyTypedParametersWithQuestionToken.ts(6,13): error TS2345: Argument of type 'number | undefined' is not assignable to parameter of type 'number'.
-  Type 'undefined' is not assignable to type 'number'.
-contextuallyTypedParametersWithQuestionToken.ts(12,13): error TS2345: Argument of type 'number | undefined' is not assignable to parameter of type 'number'.
-  Type 'undefined' is not assignable to type 'number'.
+contextuallyTypedParametersWithQuestionToken.ts(5,58): error TS7006: Parameter 'a' implicitly has an 'any' type.
+contextuallyTypedParametersWithQuestionToken.ts(5,61): error TS7006: Parameter 'b' implicitly has an 'any' type.
+contextuallyTypedParametersWithQuestionToken.ts(11,58): error TS7006: Parameter 'a' implicitly has an 'any' type.
 
 
-==== contextuallyTypedParametersWithQuestionToken.ts (2 errors) ====
+==== contextuallyTypedParametersWithQuestionToken.ts (3 errors) ====
     // https://github.com/microsoft/TypeScript/issues/54948
     
     function acceptNum(num: number) {}
     
     const f1: (a: string, b: number) => void = function self(a, b?) {
+                                                             ~
+!!! error TS7006: Parameter 'a' implicitly has an 'any' type.
+                                                                ~~
+!!! error TS7006: Parameter 'b' implicitly has an 'any' type.
       acceptNum(b); // error
-                ~
-!!! error TS2345: Argument of type 'number | undefined' is not assignable to parameter of type 'number'.
-!!! error TS2345:   Type 'undefined' is not assignable to type 'number'.
       self("");
       self("", undefined);
     };
     
     const f2: (a: string, b: number) => void = function self(a, b?: number) {
+                                                             ~
+!!! error TS7006: Parameter 'a' implicitly has an 'any' type.
       acceptNum(b); // error
-                ~
-!!! error TS2345: Argument of type 'number | undefined' is not assignable to parameter of type 'number'.
-!!! error TS2345:   Type 'undefined' is not assignable to type 'number'.
       self("");
       self("", undefined);
     };

</message>
<stacktrace>
  at org.junit.Assert.fail(Assert.java:89)
  at kotlin.test.junit.JUnitAsserter.fail(JUnitSupport.kt:56)
  at kotlin.test.AssertionsKt__AssertionsKt.fail(Assertions.kt:563)
  at kotlin.test.AssertionsKt.fail(Unknown Source)
  at com.xemantic.kotlin.test.SameAsKt.sameAs(SameAs.kt:52)
  at com.xemantic.typescript.compiler.TypeScriptTestSupportKt.errorsMatchBaseline(TypeScriptTestSupport.kt:135)
  at com.xemantic.typescript.compiler.TypeScriptCompilerTests_C.contextuallyTypedParametersWithQuestionToken_ts has expected errors matching contextuallyTypedParametersWithQuestionToken_errors_txt(TypeScriptCompilerTests_C.kt:8036)
  at java.base/jdk.internal.reflect.DirectMethodHandleAccessor.invoke(DirectMethodHandleAccessor.java:104)
  at java.base/java.lang.reflect.Method.invoke(Method.java:565)
  at org.junit.runners.model.FrameworkMethod$1.runReflectiveCall(FrameworkMethod.java:59)
  at org.junit.internal.runners.model.ReflectiveCallable.run(ReflectiveCallable.java:12)
  at org.junit.runners.model.FrameworkMethod.invokeExplosively(FrameworkMethod.java:56)
  at org.junit.internal.runners.statements.InvokeMethod.evaluate(InvokeMethod.java:17)
  at org.junit.runners.ParentRunner$3.evaluate(ParentRunner.java:306)
  at org.junit.runners.BlockJUnit4ClassRunner$1.evaluate(BlockJUnit4ClassRunner.java:100)
  at org.junit.runners.ParentRunner.runLeaf(ParentRunner.java:366)
  at org.junit.runners.BlockJUnit4ClassRunner.runChild(BlockJUnit4ClassRunner.java:103)
  at org.junit.runners.BlockJUnit4ClassRunner.runChild(BlockJUnit4ClassRunner.java:63)
  at org.junit.runners.ParentRunner$4.run(ParentRunner.java:331)
  at org.junit.runners.ParentRunner$1.schedule(ParentRunner.java:79)
  at org.junit.runners.ParentRunner.runChildren(ParentRunner.java:329)
  at org.junit.runners.ParentRunner.access$100(ParentRunner.java:66)
  at org.junit.runners.ParentRunner$2.evaluate(ParentRunner.java:293)
  at org.junit.runners.ParentRunner$3.evaluate(ParentRunner.java:306)
  at org.junit.runners.ParentRunner.run(ParentRunner.java:413)
  at org.junit.runner.JUnitCore.run(JUnitCore.java:137)
  at org.junit.runner.JUnitCore.run(JUnitCore.java:115)
  at org.gradle.api.internal.tasks.testing.junit.JUnitTestExecutor.runRequest(JUnitTestExecutor.java:175)
  at org.gradle.api.internal.tasks.testing.junit.JUnitTestExecutor.accept(JUnitTestExecutor.java:84)
  at org.gradle.api.internal.tasks.testing.junit.JUnitTestExecutor.accept(JUnitTestExecutor.java:47)
  at org.gradle.api.internal.tasks.testing.junit.AbstractJUnitTestDefinitionProcessor.processTestDefinition(AbstractJUnitTestDefinitionProcessor.java:65)
  at org.gradle.api.internal.tasks.testing.SuiteTestDefinitionProcessor.processTestDefinition(SuiteTestDefinitionProcessor.java:54)
  at java.base/jdk.internal.reflect.DirectMethodHandleAccessor.invoke(DirectMethodHandleAccessor.java:104)
  at java.base/java.lang.reflect.Method.invoke(Method.java:565)
  at org.gradle.internal.dispatch.MethodInvocation.invokeOn(MethodInvocation.java:77)
  at org.gradle.internal.dispatch.ReflectionDispatch.dispatch(ReflectionDispatch.java:28)
  at org.gradle.internal.dispatch.ReflectionDispatch.dispatch(ReflectionDispatch.java:19)
  at org.gradle.internal.dispatch.ContextClassLoaderDispatch.dispatch(ContextClassLoaderDispatch.java:33)
  at org.gradle.internal.dispatch.ProxyDispatchAdapter$DispatchingInvocationHandler.invoke(ProxyDispatchAdapter.java:88)
  at jdk.proxy1/jdk.proxy1.$Proxy4.processTestDefinition(Unknown Source)
  at org.gradle.api.internal.tasks.testing.worker.TestWorker$2.run(TestWorker.java:178)
  at org.gradle.api.internal.tasks.testing.worker.TestWorker.executeAndMaintainThreadName(TestWorker.java:126)
  at org.gradle.api.internal.tasks.testing.worker.TestWorker.execute(TestWorker.java:103)
  at org.gradle.api.internal.tasks.testing.worker.TestWorker.execute(TestWorker.java:63)
  at org.gradle.process.internal.worker.child.ActionExecutionWorker.execute(ActionExecutionWorker.java:56)
  at org.gradle.process.internal.worker.child.SystemApplicationClassLoaderWorker.call(SystemApplicationClassLoaderWorker.java:122)
  at org.gradle.process.internal.worker.child.SystemApplicationClassLoaderWorker.call(SystemApplicationClassLoaderWorker.java:72)
  at worker.org.gradle.process.internal.worker.GradleWorkerMain.run(GradleWorkerMain.java:69)
  at worker.org.gradle.process.internal.worker.GradleWorkerMain.main(GradleWorkerMain.java:74)
</stacktrace>
</test-failure>


TypeScriptCompilerTests_C[jvm] > contextuallyTypedParametersWithQuestionToken_ts has expected errors matching contextuallyTypedParametersWithQuestionToken_errors_txt[jvm] FAILED

<test-failure test="com.xemantic.typescript.compiler.TypeScriptCompilerTests_C.circularGetAccessor_ts__noimplicitany_false__has expected errors matching baseline" platform="jvm">
<message>
Expected diagnostics from baseline typescript-repo/tests/baselines/reference/circularGetAccessor(noimplicitany=false).errors.txt but none produced
</message>
<stacktrace>
  at com.xemantic.typescript.compiler.TypeScriptTestSupportKt.errorsMatchBaseline(TypeScriptTestSupport.kt:125)
  at com.xemantic.typescript.compiler.TypeScriptCompilerTests_C.circularGetAccessor_ts__noimplicitany_false__has expected errors matching baseline(TypeScriptCompilerTests_C.kt:1652)
  at java.base/jdk.internal.reflect.DirectMethodHandleAccessor.invoke(DirectMethodHandleAccessor.java:104)
  at java.base/java.lang.reflect.Method.invoke(Method.java:565)
  at org.junit.runners.model.FrameworkMethod$1.runReflectiveCall(FrameworkMethod.java:59)
  at org.junit.internal.runners.model.ReflectiveCallable.run(ReflectiveCallable.java:12)
  at org.junit.runners.model.FrameworkMethod.invokeExplosively(FrameworkMethod.java:56)
  at org.junit.internal.runners.statements.InvokeMethod.evaluate(InvokeMethod.java:17)
  at org.junit.runners.ParentRunner$3.evaluate(ParentRunner.java:306)
  at org.junit.runners.BlockJUnit4ClassRunner$1.evaluate(BlockJUnit4ClassRunner.java:100)
  at org.junit.runners.ParentRunner.runLeaf(ParentRunner.java:366)
  at org.junit.runners.BlockJUnit4ClassRunner.runChild(BlockJUnit4ClassRunner.java:103)
  at org.junit.runners.BlockJUnit4ClassRunner.runChild(BlockJUnit4ClassRunner.java:63)
  at org.junit.runners.ParentRunner$4.run(ParentRunner.java:331)
  at org.junit.runners.ParentRunner$1.schedule(ParentRunner.java:79)
  at org.junit.runners.ParentRunner.runChildren(ParentRunner.java:329)
  at org.junit.runners.ParentRunner.access$100(ParentRunner.java:66)
  at org.junit.runners.ParentRunner$2.evaluate(ParentRunner.java:293)
  at org.junit.runners.ParentRunner$3.evaluate(ParentRunner.java:306)
  at org.junit.runners.ParentRunner.run(ParentRunner.java:413)
  at org.junit.runner.JUnitCore.run(JUnitCore.java:137)
  at org.junit.runner.JUnitCore.run(JUnitCore.java:115)
  at org.gradle.api.internal.tasks.testing.junit.JUnitTestExecutor.runRequest(JUnitTestExecutor.java:175)
  at org.gradle.api.internal.tasks.testing.junit.JUnitTestExecutor.accept(JUnitTestExecutor.java:84)
  at org.gradle.api.internal.tasks.testing.junit.JUnitTestExecutor.accept(JUnitTestExecutor.java:47)
  at org.gradle.api.internal.tasks.testing.junit.AbstractJUnitTestDefinitionProcessor.processTestDefinition(AbstractJUnitTestDefinitionProcessor.java:65)
  at org.gradle.api.internal.tasks.testing.SuiteTestDefinitionProcessor.processTestDefinition(SuiteTestDefinitionProcessor.java:54)
  at java.base/jdk.internal.reflect.DirectMethodHandleAccessor.invoke(DirectMethodHandleAccessor.java:104)
  at java.base/java.lang.reflect.Method.invoke(Method.java:565)
  at org.gradle.internal.dispatch.MethodInvocation.invokeOn(MethodInvocation.java:77)
  at org.gradle.internal.dispatch.ReflectionDispatch.dispatch(ReflectionDispatch.java:28)
  at org.gradle.internal.dispatch.ReflectionDispatch.dispatch(ReflectionDispatch.java:19)
  at org.gradle.internal.dispatch.ContextClassLoaderDispatch.dispatch(ContextClassLoaderDispatch.java:33)
  at org.gradle.internal.dispatch.ProxyDispatchAdapter$DispatchingInvocationHandler.invoke(ProxyDispatchAdapter.java:88)
  at jdk.proxy1/jdk.proxy1.$Proxy4.processTestDefinition(Unknown Source)
  at org.gradle.api.internal.tasks.testing.worker.TestWorker$2.run(TestWorker.java:178)
  at org.gradle.api.internal.tasks.testing.worker.TestWorker.executeAndMaintainThreadName(TestWorker.java:126)
  at org.gradle.api.internal.tasks.testing.worker.TestWorker.execute(TestWorker.java:103)
  at org.gradle.api.internal.tasks.testing.worker.TestWorker.execute(TestWorker.java:63)
  at org.gradle.process.internal.worker.child.ActionExecutionWorker.execute(ActionExecutionWorker.java:56)
  at org.gradle.process.internal.worker.child.SystemApplicationClassLoaderWorker.call(SystemApplicationClassLoaderWorker.java:122)
  at org.gradle.process.internal.worker.child.SystemApplicationClassLoaderWorker.call(SystemApplicationClassLoaderWorker.java:72)
  at worker.org.gradle.process.internal.worker.GradleWorkerMain.run(GradleWorkerMain.java:69)
  at worker.org.gradle.process.internal.worker.GradleWorkerMain.main(GradleWorkerMain.java:74)
</stacktrace>
</test-failure>


TypeScriptCompilerTests_C[jvm] > circularGetAccessor_ts__noimplicitany_false__has expected errors matching baseline[jvm] FAILED

<test-failure test="com.xemantic.typescript.compiler.TypeScriptCompilerTests_C.classWithEmptyTypeParameter_ts has expected errors matching classWithEmptyTypeParameter_errors_txt" platform="jvm">
<message>
Expected diagnostics from baseline typescript-repo/tests/baselines/reference/classWithEmptyTypeParameter.errors.txt but none produced
</message>
<stacktrace>
  at com.xemantic.typescript.compiler.TypeScriptTestSupportKt.errorsMatchBaseline(TypeScriptTestSupport.kt:125)
  at com.xemantic.typescript.compiler.TypeScriptCompilerTests_C.classWithEmptyTypeParameter_ts has expected errors matching classWithEmptyTypeParameter_errors_txt(TypeScriptCompilerTests_C.kt:3017)
  at java.base/jdk.internal.reflect.DirectMethodHandleAccessor.invoke(DirectMethodHandleAccessor.java:104)
  at java.base/java.lang.reflect.Method.invoke(Method.java:565)
  at org.junit.runners.model.FrameworkMethod$1.runReflectiveCall(FrameworkMethod.java:59)
  at org.junit.internal.runners.model.ReflectiveCallable.run(ReflectiveCallable.java:12)
  at org.junit.runners.model.FrameworkMethod.invokeExplosively(FrameworkMethod.java:56)
  at org.junit.internal.runners.statements.InvokeMethod.evaluate(InvokeMethod.java:17)
  at org.junit.runners.ParentRunner$3.evaluate(ParentRunner.java:306)
  at org.junit.runners.BlockJUnit4ClassRunner$1.evaluate(BlockJUnit4ClassRunner.java:100)
  at org.junit.runners.ParentRunner.runLeaf(ParentRunner.java:366)
  at org.junit.runners.BlockJUnit4ClassRunner.runChild(BlockJUnit4ClassRunner.java:103)
  at org.junit.runners.BlockJUnit4ClassRunner.runChild(BlockJUnit4ClassRunner.java:63)
  at org.junit.runners.ParentRunner$4.run(ParentRunner.java:331)
  at org.junit.runners.ParentRunner$1.schedule(ParentRunner.java:79)
  at org.junit.runners.ParentRunner.runChildren(ParentRunner.java:329)
  at org.junit.runners.ParentRunner.access$100(ParentRunner.java:66)
  at org.junit.runners.ParentRunner$2.evaluate(ParentRunner.java:293)
  at org.junit.runners.ParentRunner$3.evaluate(ParentRunner.java:306)
  at org.junit.runners.ParentRunner.run(ParentRunner.java:413)
  at org.junit.runner.JUnitCore.run(JUnitCore.java:137)
  at org.junit.runner.JUnitCore.run(JUnitCore.java:115)
  at org.gradle.api.internal.tasks.testing.junit.JUnitTestExecutor.runRequest(JUnitTestExecutor.java:175)
  at org.gradle.api.internal.tasks.testing.junit.JUnitTestExecutor.accept(JUnitTestExecutor.java:84)
  at org.gradle.api.internal.tasks.testing.junit.JUnitTestExecutor.accept(JUnitTestExecutor.java:47)
  at org.gradle.api.internal.tasks.testing.junit.AbstractJUnitTestDefinitionProcessor.processTestDefinition(AbstractJUnitTestDefinitionProcessor.java:65)
  at org.gradle.api.internal.tasks.testing.SuiteTestDefinitionProcessor.processTestDefinition(SuiteTestDefinitionProcessor.java:54)
  at java.base/jdk.internal.reflect.DirectMethodHandleAccessor.invoke(DirectMethodHandleAccessor.java:104)
  at java.base/java.lang.reflect.Method.invoke(Method.java:565)
  at org.gradle.internal.dispatch.MethodInvocation.invokeOn(MethodInvocation.java:77)
  at org.gradle.internal.dispatch.ReflectionDispatch.dispatch(ReflectionDispatch.java:28)
  at org.gradle.internal.dispatch.ReflectionDispatch.dispatch(ReflectionDispatch.java:19)
  at org.gradle.internal.dispatch.ContextClassLoaderDispatch.dispatch(ContextClassLoaderDispatch.java:33)
  at org.gradle.internal.dispatch.ProxyDispatchAdapter$DispatchingInvocationHandler.invoke(ProxyDispatchAdapter.java:88)
  at jdk.proxy1/jdk.proxy1.$Proxy4.processTestDefinition(Unknown Source)
  at org.gradle.api.internal.tasks.testing.worker.TestWorker$2.run(TestWorker.java:178)
  at org.gradle.api.internal.tasks.testing.worker.TestWorker.executeAndMaintainThreadName(TestWorker.java:126)
  at org.gradle.api.internal.tasks.testing.worker.TestWorker.execute(TestWorker.java:103)
  at org.gradle.api.internal.tasks.testing.worker.TestWorker.execute(TestWorker.java:63)
  at org.gradle.process.internal.worker.child.ActionExecutionWorker.execute(ActionExecutionWorker.java:56)
  at org.gradle.process.internal.worker.child.SystemApplicationClassLoaderWorker.call(SystemApplicationClassLoaderWorker.java:122)
  at org.gradle.process.internal.worker.child.SystemApplicationClassLoaderWorker.call(SystemApplicationClassLoaderWorker.java:72)
  at worker.org.gradle.process.internal.worker.GradleWorkerMain.run(GradleWorkerMain.java:69)
  at worker.org.gradle.process.internal.worker.GradleWorkerMain.main(GradleWorkerMain.java:74)
</stacktrace>
</test-failure>


TypeScriptCompilerTests_C[jvm] > classWithEmptyTypeParameter_ts has expected errors matching classWithEmptyTypeParameter_errors_txt[jvm] FAILED

<test-failure test="com.xemantic.typescript.compiler.TypeScriptCompilerTests_C.chainedCallsWithTypeParameterConstrainedToOtherTypeParameter2_ts has expected errors matching chainedCallsWithTypeParameterConstrainedToOtherTypeParameter2_errors_txt" platform="jvm">
<message>
Expected diagnostics from baseline typescript-repo/tests/baselines/reference/chainedCallsWithTypeParameterConstrainedToOtherTypeParameter2.errors.txt but none produced
</message>
<stacktrace>
  at com.xemantic.typescript.compiler.TypeScriptTestSupportKt.errorsMatchBaseline(TypeScriptTestSupport.kt:125)
  at com.xemantic.typescript.compiler.TypeScriptCompilerTests_C.chainedCallsWithTypeParameterConstrainedToOtherTypeParameter2_ts has expected errors matching chainedCallsWithTypeParameterConstrainedToOtherTypeParameter2_errors_txt(TypeScriptCompilerTests_C.kt:1106)
  at java.base/jdk.internal.reflect.DirectMethodHandleAccessor.invoke(DirectMethodHandleAccessor.java:104)
  at java.base/java.lang.reflect.Method.invoke(Method.java:565)
  at org.junit.runners.model.FrameworkMethod$1.runReflectiveCall(FrameworkMethod.java:59)
  at org.junit.internal.runners.model.ReflectiveCallable.run(ReflectiveCallable.java:12)
  at org.junit.runners.model.FrameworkMethod.invokeExplosively(FrameworkMethod.java:56)
  at org.junit.internal.runners.statements.InvokeMethod.evaluate(InvokeMethod.java:17)
  at org.junit.runners.ParentRunner$3.evaluate(ParentRunner.java:306)
  at org.junit.runners.BlockJUnit4ClassRunner$1.evaluate(BlockJUnit4ClassRunner.java:100)
  at org.junit.runners.ParentRunner.runLeaf(ParentRunner.java:366)
  at org.junit.runners.BlockJUnit4ClassRunner.runChild(BlockJUnit4ClassRunner.java:103)
  at org.junit.runners.BlockJUnit4ClassRunner.runChild(BlockJUnit4ClassRunner.java:63)
  at org.junit.runners.ParentRunner$4.run(ParentRunner.java:331)
  at org.junit.runners.ParentRunner$1.schedule(ParentRunner.java:79)
  at org.junit.runners.ParentRunner.runChildren(ParentRunner.java:329)
  at org.junit.runners.ParentRunner.access$100(ParentRunner.java:66)
  at org.junit.runners.ParentRunner$2.evaluate(ParentRunner.java:293)
  at org.junit.runners.ParentRunner$3.evaluate(ParentRunner.java:306)
  at org.junit.runners.ParentRunner.run(ParentRunner.java:413)
  at org.junit.runner.JUnitCore.run(JUnitCore.java:137)
  at org.junit.runner.JUnitCore.run(JUnitCore.java:115)
  at org.gradle.api.internal.tasks.testing.junit.JUnitTestExecutor.runRequest(JUnitTestExecutor.java:175)
  at org.gradle.api.internal.tasks.testing.junit.JUnitTestExecutor.accept(JUnitTestExecutor.java:84)
  at org.gradle.api.internal.tasks.testing.junit.JUnitTestExecutor.accept(JUnitTestExecutor.java:47)
  at org.gradle.api.internal.tasks.testing.junit.AbstractJUnitTestDefinitionProcessor.processTestDefinition(AbstractJUnitTestDefinitionProcessor.java:65)
  at org.gradle.api.internal.tasks.testing.SuiteTestDefinitionProcessor.processTestDefinition(SuiteTestDefinitionProcessor.java:54)
  at java.base/jdk.internal.reflect.DirectMethodHandleAccessor.invoke(DirectMethodHandleAccessor.java:104)
  at java.base/java.lang.reflect.Method.invoke(Method.java:565)
  at org.gradle.internal.dispatch.MethodInvocation.invokeOn(MethodInvocation.java:77)
  at org.gradle.internal.dispatch.ReflectionDispatch.dispatch(ReflectionDispatch.java:28)
  at org.gradle.internal.dispatch.ReflectionDispatch.dispatch(ReflectionDispatch.java:19)
  at org.gradle.internal.dispatch.ContextClassLoaderDispatch.dispatch(ContextClassLoaderDispatch.java:33)
  at org.gradle.internal.dispatch.ProxyDispatchAdapter$DispatchingInvocationHandler.invoke(ProxyDispatchAdapter.java:88)
  at jdk.proxy1/jdk.proxy1.$Proxy4.processTestDefinition(Unknown Source)
  at org.gradle.api.internal.tasks.testing.worker.TestWorker$2.run(TestWorker.java:178)
  at org.gradle.api.internal.tasks.testing.worker.TestWorker.executeAndMaintainThreadName(TestWorker.java:126)
  at org.gradle.api.internal.tasks.testing.worker.TestWorker.execute(TestWorker.java:103)
  at org.gradle.api.internal.tasks.testing.worker.TestWorker.execute(TestWorker.java:63)
  at org.gradle.process.internal.worker.child.ActionExecutionWorker.execute(ActionExecutionWorker.java:56)
  at org.gradle.process.internal.worker.child.SystemApplicationClassLoaderWorker.call(SystemApplicationClassLoaderWorker.java:122)
  at org.gradle.process.internal.worker.child.SystemApplicationClassLoaderWorker.call(SystemApplicationClassLoaderWorker.java:72)
  at worker.org.gradle.process.internal.worker.GradleWorkerMain.run(GradleWorkerMain.java:69)
  at worker.org.gradle.process.internal.worker.GradleWorkerMain.main(GradleWorkerMain.java:74)
</stacktrace>
</test-failure>


TypeScriptCompilerTests_C[jvm] > chainedCallsWithTypeParameterConstrainedToOtherTypeParameter2_ts has expected errors matching chainedCallsWithTypeParameterConstrainedToOtherTypeParameter2_errors_txt[jvm] FAILED

<test-failure test="com.xemantic.typescript.compiler.TypeScriptCompilerTests_C.contextualTyping2_ts has expected errors matching contextualTyping2_errors_txt" platform="jvm">
<message>
Expected diagnostics from baseline typescript-repo/tests/baselines/reference/contextualTyping2.errors.txt but none produced
</message>
<stacktrace>
  at com.xemantic.typescript.compiler.TypeScriptTestSupportKt.errorsMatchBaseline(TypeScriptTestSupport.kt:125)
  at com.xemantic.typescript.compiler.TypeScriptCompilerTests_C.contextualTyping2_ts has expected errors matching contextualTyping2_errors_txt(TypeScriptCompilerTests_C.kt:7504)
  at java.base/jdk.internal.reflect.DirectMethodHandleAccessor.invoke(DirectMethodHandleAccessor.java:104)
  at java.base/java.lang.reflect.Method.invoke(Method.java:565)
  at org.junit.runners.model.FrameworkMethod$1.runReflectiveCall(FrameworkMethod.java:59)
  at org.junit.internal.runners.model.ReflectiveCallable.run(ReflectiveCallable.java:12)
  at org.junit.runners.model.FrameworkMethod.invokeExplosively(FrameworkMethod.java:56)
  at org.junit.internal.runners.statements.InvokeMethod.evaluate(InvokeMethod.java:17)
  at org.junit.runners.ParentRunner$3.evaluate(ParentRunner.java:306)
  at org.junit.runners.BlockJUnit4ClassRunner$1.evaluate(BlockJUnit4ClassRunner.java:100)
  at org.junit.runners.ParentRunner.runLeaf(ParentRunner.java:366)
  at org.junit.runners.BlockJUnit4ClassRunner.runChild(BlockJUnit4ClassRunner.java:103)
  at org.junit.runners.BlockJUnit4ClassRunner.runChild(BlockJUnit4ClassRunner.java:63)
  at org.junit.runners.ParentRunner$4.run(ParentRunner.java:331)
  at org.junit.runners.ParentRunner$1.schedule(ParentRunner.java:79)
  at org.junit.runners.ParentRunner.runChildren(ParentRunner.java:329)
  at org.junit.runners.ParentRunner.access$100(ParentRunner.java:66)
  at org.junit.runners.ParentRunner$2.evaluate(ParentRunner.java:293)
  at org.junit.runners.ParentRunner$3.evaluate(ParentRunner.java:306)
  at org.junit.runners.ParentRunner.run(ParentRunner.java:413)
  at org.junit.runner.JUnitCore.run(JUnitCore.java:137)
  at org.junit.runner.JUnitCore.run(JUnitCore.java:115)
  at org.gradle.api.internal.tasks.testing.junit.JUnitTestExecutor.runRequest(JUnitTestExecutor.java:175)
  at org.gradle.api.internal.tasks.testing.junit.JUnitTestExecutor.accept(JUnitTestExecutor.java:84)
  at org.gradle.api.internal.tasks.testing.junit.JUnitTestExecutor.accept(JUnitTestExecutor.java:47)
  at org.gradle.api.internal.tasks.testing.junit.AbstractJUnitTestDefinitionProcessor.processTestDefinition(AbstractJUnitTestDefinitionProcessor.java:65)
  at org.gradle.api.internal.tasks.testing.SuiteTestDefinitionProcessor.processTestDefinition(SuiteTestDefinitionProcessor.java:54)
  at java.base/jdk.internal.reflect.DirectMethodHandleAccessor.invoke(DirectMethodHandleAccessor.java:104)
  at java.base/java.lang.reflect.Method.invoke(Method.java:565)
  at org.gradle.internal.dispatch.MethodInvocation.invokeOn(MethodInvocation.java:77)
  at org.gradle.internal.dispatch.ReflectionDispatch.dispatch(ReflectionDispatch.java:28)
  at org.gradle.internal.dispatch.ReflectionDispatch.dispatch(ReflectionDispatch.java:19)
  at org.gradle.internal.dispatch.ContextClassLoaderDispatch.dispatch(ContextClassLoaderDispatch.java:33)
  at org.gradle.internal.dispatch.ProxyDispatchAdapter$DispatchingInvocationHandler.invoke(ProxyDispatchAdapter.java:88)
  at jdk.proxy1/jdk.proxy1.$Proxy4.processTestDefinition(Unknown Source)
  at org.gradle.api.internal.tasks.testing.worker.TestWorker$2.run(TestWorker.java:178)
  at org.gradle.api.internal.tasks.testing.worker.TestWorker.executeAndMaintainThreadName(TestWorker.java:126)
  at org.gradle.api.internal.tasks.testing.worker.TestWorker.execute(TestWorker.java:103)
  at org.gradle.api.internal.tasks.testing.worker.TestWorker.execute(TestWorker.java:63)
  at org.gradle.process.internal.worker.child.ActionExecutionWorker.execute(ActionExecutionWorker.java:56)
  at org.gradle.process.internal.worker.child.SystemApplicationClassLoaderWorker.call(SystemApplicationClassLoaderWorker.java:122)
  at org.gradle.process.internal.worker.child.SystemApplicationClassLoaderWorker.call(SystemApplicationClassLoaderWorker.java:72)
  at worker.org.gradle.process.internal.worker.GradleWorkerMain.run(GradleWorkerMain.java:69)
  at worker.org.gradle.process.internal.worker.GradleWorkerMain.main(GradleWorkerMain.java:74)
</stacktrace>
</test-failure>


TypeScriptCompilerTests_C[jvm] > contextualTyping2_ts has expected errors matching contextualTyping2_errors_txt[jvm] FAILED

<test-failure test="com.xemantic.typescript.compiler.TypeScriptCompilerTests_C.classMemberWithMissingIdentifier_ts has expected errors matching classMemberWithMissingIdentifier_errors_txt" platform="jvm">
<message>
--- expected
+++ actual
@@ -1,15 +1,12 @@
-classMemberWithMissingIdentifier.ts(2,11): error TS1146: Declaration expected.
-classMemberWithMissingIdentifier.ts(2,12): error TS1005: ';' expected.
+classMemberWithMissingIdentifier.ts(2,12): error TS1005: '}' expected.
 classMemberWithMissingIdentifier.ts(3,1): error TS1128: Declaration or statement expected.
 
 
-==== classMemberWithMissingIdentifier.ts (3 errors) ====
+==== classMemberWithMissingIdentifier.ts (2 errors) ====
     class C { 
         public {};
-              
-!!! error TS1146: Declaration expected.
                ~
-!!! error TS1005: ';' expected.
+!!! error TS1005: '}' expected.
     }
     ~
 !!! error TS1128: Declaration or statement expected.

</message>
<stacktrace>
  at org.junit.Assert.fail(Assert.java:89)
  at kotlin.test.junit.JUnitAsserter.fail(JUnitSupport.kt:56)
  at kotlin.test.AssertionsKt__AssertionsKt.fail(Assertions.kt:563)
  at kotlin.test.AssertionsKt.fail(Unknown Source)
  at com.xemantic.kotlin.test.SameAsKt.sameAs(SameAs.kt:52)
  at com.xemantic.typescript.compiler.TypeScriptTestSupportKt.errorsMatchBaseline(TypeScriptTestSupport.kt:135)
  at com.xemantic.typescript.compiler.TypeScriptCompilerTests_C.classMemberWithMissingIdentifier_ts has expected errors matching classMemberWithMissingIdentifier_errors_txt(TypeScriptCompilerTests_C.kt:2702)
  at java.base/jdk.internal.reflect.DirectMethodHandleAccessor.invoke(DirectMethodHandleAccessor.java:104)
  at java.base/java.lang.reflect.Method.invoke(Method.java:565)
  at org.junit.runners.model.FrameworkMethod$1.runReflectiveCall(FrameworkMethod.java:59)
  at org.junit.internal.runners.model.ReflectiveCallable.run(ReflectiveCallable.java:12)
  at org.junit.runners.model.FrameworkMethod.invokeExplosively(FrameworkMethod.java:56)
  at org.junit.internal.runners.statements.InvokeMethod.evaluate(InvokeMethod.java:17)
  at org.junit.runners.ParentRunner$3.evaluate(ParentRunner.java:306)
  at org.junit.runners.BlockJUnit4ClassRunner$1.evaluate(BlockJUnit4ClassRunner.java:100)
  at org.junit.runners.ParentRunner.runLeaf(ParentRunner.java:366)
  at org.junit.runners.BlockJUnit4ClassRunner.runChild(BlockJUnit4ClassRunner.java:103)
  at org.junit.runners.BlockJUnit4ClassRunner.runChild(BlockJUnit4ClassRunner.java:63)
  at org.junit.runners.ParentRunner$4.run(ParentRunner.java:331)
  at org.junit.runners.ParentRunner$1.schedule(ParentRunner.java:79)
  at org.junit.runners.ParentRunner.runChildren(ParentRunner.java:329)
  at org.junit.runners.ParentRunner.access$100(ParentRunner.java:66)
  at org.junit.runners.ParentRunner$2.evaluate(ParentRunner.java:293)
  at org.junit.runners.ParentRunner$3.evaluate(ParentRunner.java:306)
  at org.junit.runners.ParentRunner.run(ParentRunner.java:413)
  at org.junit.runner.JUnitCore.run(JUnitCore.java:137)
  at org.junit.runner.JUnitCore.run(JUnitCore.java:115)
  at org.gradle.api.internal.tasks.testing.junit.JUnitTestExecutor.runRequest(JUnitTestExecutor.java:175)
  at org.gradle.api.internal.tasks.testing.junit.JUnitTestExecutor.accept(JUnitTestExecutor.java:84)
  at org.gradle.api.internal.tasks.testing.junit.JUnitTestExecutor.accept(JUnitTestExecutor.java:47)
  at org.gradle.api.internal.tasks.testing.junit.AbstractJUnitTestDefinitionProcessor.processTestDefinition(AbstractJUnitTestDefinitionProcessor.java:65)
  at org.gradle.api.internal.tasks.testing.SuiteTestDefinitionProcessor.processTestDefinition(SuiteTestDefinitionProcessor.java:54)
  at java.base/jdk.internal.reflect.DirectMethodHandleAccessor.invoke(DirectMethodHandleAccessor.java:104)
  at java.base/java.lang.reflect.Method.invoke(Method.java:565)
  at org.gradle.internal.dispatch.MethodInvocation.invokeOn(MethodInvocation.java:77)
  at org.gradle.internal.dispatch.ReflectionDispatch.dispatch(ReflectionDispatch.java:28)
  at org.gradle.internal.dispatch.ReflectionDispatch.dispatch(ReflectionDispatch.java:19)
  at org.gradle.internal.dispatch.ContextClassLoaderDispatch.dispatch(ContextClassLoaderDispatch.java:33)
  at org.gradle.internal.dispatch.ProxyDispatchAdapter$DispatchingInvocationHandler.invoke(ProxyDispatchAdapter.java:88)
  at jdk.proxy1/jdk.proxy1.$Proxy4.processTestDefinition(Unknown Source)
  at org.gradle.api.internal.tasks.testing.worker.TestWorker$2.run(TestWorker.java:178)
  at org.gradle.api.internal.tasks.testing.worker.TestWorker.executeAndMaintainThreadName(TestWorker.java:126)
  at org.gradle.api.internal.tasks.testing.worker.TestWorker.execute(TestWorker.java:103)
  at org.gradle.api.internal.tasks.testing.worker.TestWorker.execute(TestWorker.java:63)
  at org.gradle.process.internal.worker.child.ActionExecutionWorker.execute(ActionExecutionWorker.java:56)
  at org.gradle.process.internal.worker.child.SystemApplicationClassLoaderWorker.call(SystemApplicationClassLoaderWorker.java:122)
  at org.gradle.process.internal.worker.child.SystemApplicationClassLoaderWorker.call(SystemApplicationClassLoaderWorker.java:72)
  at worker.org.gradle.process.internal.worker.GradleWorkerMain.run(GradleWorkerMain.java:69)
  at worker.org.gradle.process.internal.worker.GradleWorkerMain.main(GradleWorkerMain.java:74)
</stacktrace>
</test-failure>


TypeScriptCompilerTests_C[jvm] > classMemberWithMissingIdentifier_ts has expected errors matching classMemberWithMissingIdentifier_errors_txt[jvm] FAILED

<test-failure test="com.xemantic.typescript.compiler.TypeScriptCompilerTests_C.crashInYieldStarInAsyncFunction_ts has expected errors matching crashInYieldStarInAsyncFunction_errors_txt" platform="jvm">
<message>
Expected diagnostics from baseline typescript-repo/tests/baselines/reference/crashInYieldStarInAsyncFunction.errors.txt but none produced
</message>
<stacktrace>
  at com.xemantic.typescript.compiler.TypeScriptTestSupportKt.errorsMatchBaseline(TypeScriptTestSupport.kt:125)
  at com.xemantic.typescript.compiler.TypeScriptCompilerTests_C.crashInYieldStarInAsyncFunction_ts has expected errors matching crashInYieldStarInAsyncFunction_errors_txt(TypeScriptCompilerTests_C.kt:8799)
  at java.base/jdk.internal.reflect.DirectMethodHandleAccessor.invoke(DirectMethodHandleAccessor.java:104)
  at java.base/java.lang.reflect.Method.invoke(Method.java:565)
  at org.junit.runners.model.FrameworkMethod$1.runReflectiveCall(FrameworkMethod.java:59)
  at org.junit.internal.runners.model.ReflectiveCallable.run(ReflectiveCallable.java:12)
  at org.junit.runners.model.FrameworkMethod.invokeExplosively(FrameworkMethod.java:56)
  at org.junit.internal.runners.statements.InvokeMethod.evaluate(InvokeMethod.java:17)
  at org.junit.runners.ParentRunner$3.evaluate(ParentRunner.java:306)
  at org.junit.runners.BlockJUnit4ClassRunner$1.evaluate(BlockJUnit4ClassRunner.java:100)
  at org.junit.runners.ParentRunner.runLeaf(ParentRunner.java:366)
  at org.junit.runners.BlockJUnit4ClassRunner.runChild(BlockJUnit4ClassRunner.java:103)
  at org.junit.runners.BlockJUnit4ClassRunner.runChild(BlockJUnit4ClassRunner.java:63)
  at org.junit.runners.ParentRunner$4.run(ParentRunner.java:331)
  at org.junit.runners.ParentRunner$1.schedule(ParentRunner.java:79)
  at org.junit.runners.ParentRunner.runChildren(ParentRunner.java:329)
  at org.junit.runners.ParentRunner.access$100(ParentRunner.java:66)
  at org.junit.runners.ParentRunner$2.evaluate(ParentRunner.java:293)
  at org.junit.runners.ParentRunner$3.evaluate(ParentRunner.java:306)
  at org.junit.runners.ParentRunner.run(ParentRunner.java:413)
  at org.junit.runner.JUnitCore.run(JUnitCore.java:137)
  at org.junit.runner.JUnitCore.run(JUnitCore.java:115)
  at org.gradle.api.internal.tasks.testing.junit.JUnitTestExecutor.runRequest(JUnitTestExecutor.java:175)
  at org.gradle.api.internal.tasks.testing.junit.JUnitTestExecutor.accept(JUnitTestExecutor.java:84)
  at org.gradle.api.internal.tasks.testing.junit.JUnitTestExecutor.accept(JUnitTestExecutor.java:47)
  at org.gradle.api.internal.tasks.testing.junit.AbstractJUnitTestDefinitionProcessor.processTestDefinition(AbstractJUnitTestDefinitionProcessor.java:65)
  at org.gradle.api.internal.tasks.testing.SuiteTestDefinitionProcessor.processTestDefinition(SuiteTestDefinitionProcessor.java:54)
  at java.base/jdk.internal.reflect.DirectMethodHandleAccessor.invoke(DirectMethodHandleAccessor.java:104)
  at java.base/java.lang.reflect.Method.invoke(Method.java:565)
  at org.gradle.internal.dispatch.MethodInvocation.invokeOn(MethodInvocation.java:77)
  at org.gradle.internal.dispatch.ReflectionDispatch.dispatch(ReflectionDispatch.java:28)
  at org.gradle.internal.dispatch.ReflectionDispatch.dispatch(ReflectionDispatch.java:19)
  at org.gradle.internal.dispatch.ContextClassLoaderDispatch.dispatch(ContextClassLoaderDispatch.java:33)
  at org.gradle.internal.dispatch.ProxyDispatchAdapter$DispatchingInvocationHandler.invoke(ProxyDispatchAdapter.java:88)
  at jdk.proxy1/jdk.proxy1.$Proxy4.processTestDefinition(Unknown Source)
  at org.gradle.api.internal.tasks.testing.worker.TestWorker$2.run(TestWorker.java:178)
  at org.gradle.api.internal.tasks.testing.worker.TestWorker.executeAndMaintainThreadName(TestWorker.java:126)
  at org.gradle.api.internal.tasks.testing.worker.TestWorker.execute(TestWorker.java:103)
  at org.gradle.api.internal.tasks.testing.worker.TestWorker.execute(TestWorker.java:63)
  at org.gradle.process.internal.worker.child.ActionExecutionWorker.execute(ActionExecutionWorker.java:56)
  at org.gradle.process.internal.worker.child.SystemApplicationClassLoaderWorker.call(SystemApplicationClassLoaderWorker.java:122)
  at org.gradle.process.internal.worker.child.SystemApplicationClassLoaderWorker.call(SystemApplicationClassLoaderWorker.java:72)
  at worker.org.gradle.process.internal.worker.GradleWorkerMain.run(GradleWorkerMain.java:69)
  at worker.org.gradle.process.internal.worker.GradleWorkerMain.main(GradleWorkerMain.java:74)
</stacktrace>
</test-failure>


TypeScriptCompilerTests_C[jvm] > crashInYieldStarInAsyncFunction_ts has expected errors matching crashInYieldStarInAsyncFunction_errors_txt[jvm] FAILED

<test-failure test="com.xemantic.typescript.compiler.TypeScriptCompilerTests_C.crashIntypeCheckInvocationExpression_ts has expected errors matching crashIntypeCheckInvocationExpression_errors_txt" platform="jvm">
<message>
--- expected
+++ actual
@@ -1,10 +1,9 @@
 crashIntypeCheckInvocationExpression.ts(6,28): error TS2304: Cannot find name 'task'.
 crashIntypeCheckInvocationExpression.ts(8,18): error TS2304: Cannot find name 'path'.
-crashIntypeCheckInvocationExpression.ts(9,19): error TS2347: Untyped function calls may not accept type arguments.
 crashIntypeCheckInvocationExpression.ts(10,50): error TS2304: Cannot find name 'moduleType'.
 
 
-==== crashIntypeCheckInvocationExpression.ts (4 errors) ====
+==== crashIntypeCheckInvocationExpression.ts (3 errors) ====
     var nake;
     function doCompile<P0, P1, P2>(fileset: P0, moduleType: P1) {
     
@@ -18,8 +17,6 @@
                      ~~~~
 !!! error TS2304: Cannot find name 'path'.
             fileset = nake.fileSetSync<number, number, any>(folder)
-                      ~~~~~~~~~~~~~~~~~~~~~~~~~~~~~~~~~~~~~~~~~~~~~
-!!! error TS2347: Untyped function calls may not accept type arguments.
       return doCompile<number, number, any>(fileset, moduleType);
                                                      ~~~~~~~~~~
 !!! error TS2304: Cannot find name 'moduleType'.

</message>
<stacktrace>
  at org.junit.Assert.fail(Assert.java:89)
  at kotlin.test.junit.JUnitAsserter.fail(JUnitSupport.kt:56)
  at kotlin.test.AssertionsKt__AssertionsKt.fail(Assertions.kt:563)
  at kotlin.test.AssertionsKt.fail(Unknown Source)
  at com.xemantic.kotlin.test.SameAsKt.sameAs(SameAs.kt:52)
  at com.xemantic.typescript.compiler.TypeScriptTestSupportKt.errorsMatchBaseline(TypeScriptTestSupport.kt:135)
  at com.xemantic.typescript.compiler.TypeScriptCompilerTests_C.crashIntypeCheckInvocationExpression_ts has expected errors matching crashIntypeCheckInvocationExpression_errors_txt(TypeScriptCompilerTests_C.kt:8834)
  at java.base/jdk.internal.reflect.DirectMethodHandleAccessor.invoke(DirectMethodHandleAccessor.java:104)
  at java.base/java.lang.reflect.Method.invoke(Method.java:565)
  at org.junit.runners.model.FrameworkMethod$1.runReflectiveCall(FrameworkMethod.java:59)
  at org.junit.internal.runners.model.ReflectiveCallable.run(ReflectiveCallable.java:12)
  at org.junit.runners.model.FrameworkMethod.invokeExplosively(FrameworkMethod.java:56)
  at org.junit.internal.runners.statements.InvokeMethod.evaluate(InvokeMethod.java:17)
  at org.junit.runners.ParentRunner$3.evaluate(ParentRunner.java:306)
  at org.junit.runners.BlockJUnit4ClassRunner$1.evaluate(BlockJUnit4ClassRunner.java:100)
  at org.junit.runners.ParentRunner.runLeaf(ParentRunner.java:366)
  at org.junit.runners.BlockJUnit4ClassRunner.runChild(BlockJUnit4ClassRunner.java:103)
  at org.junit.runners.BlockJUnit4ClassRunner.runChild(BlockJUnit4ClassRunner.java:63)
  at org.junit.runners.ParentRunner$4.run(ParentRunner.java:331)
  at org.junit.runners.ParentRunner$1.schedule(ParentRunner.java:79)
  at org.junit.runners.ParentRunner.runChildren(ParentRunner.java:329)
  at org.junit.runners.ParentRunner.access$100(ParentRunner.java:66)
  at org.junit.runners.ParentRunner$2.evaluate(ParentRunner.java:293)
  at org.junit.runners.ParentRunner$3.evaluate(ParentRunner.java:306)
  at org.junit.runners.ParentRunner.run(ParentRunner.java:413)
  at org.junit.runner.JUnitCore.run(JUnitCore.java:137)
  at org.junit.runner.JUnitCore.run(JUnitCore.java:115)
  at org.gradle.api.internal.tasks.testing.junit.JUnitTestExecutor.runRequest(JUnitTestExecutor.java:175)
  at org.gradle.api.internal.tasks.testing.junit.JUnitTestExecutor.accept(JUnitTestExecutor.java:84)
  at org.gradle.api.internal.tasks.testing.junit.JUnitTestExecutor.accept(JUnitTestExecutor.java:47)
  at org.gradle.api.internal.tasks.testing.junit.AbstractJUnitTestDefinitionProcessor.processTestDefinition(AbstractJUnitTestDefinitionProcessor.java:65)
  at org.gradle.api.internal.tasks.testing.SuiteTestDefinitionProcessor.processTestDefinition(SuiteTestDefinitionProcessor.java:54)
  at java.base/jdk.internal.reflect.DirectMethodHandleAccessor.invoke(DirectMethodHandleAccessor.java:104)
  at java.base/java.lang.reflect.Method.invoke(Method.java:565)
  at org.gradle.internal.dispatch.MethodInvocation.invokeOn(MethodInvocation.java:77)
  at org.gradle.internal.dispatch.ReflectionDispatch.dispatch(ReflectionDispatch.java:28)
  at org.gradle.internal.dispatch.ReflectionDispatch.dispatch(ReflectionDispatch.java:19)
  at org.gradle.internal.dispatch.ContextClassLoaderDispatch.dispatch(ContextClassLoaderDispatch.java:33)
  at org.gradle.internal.dispatch.ProxyDispatchAdapter$DispatchingInvocationHandler.invoke(ProxyDispatchAdapter.java:88)
  at jdk.proxy1/jdk.proxy1.$Proxy4.processTestDefinition(Unknown Source)
  at org.gradle.api.internal.tasks.testing.worker.TestWorker$2.run(TestWorker.java:178)
  at org.gradle.api.internal.tasks.testing.worker.TestWorker.executeAndMaintainThreadName(TestWorker.java:126)
  at org.gradle.api.internal.tasks.testing.worker.TestWorker.execute(TestWorker.java:103)
  at org.gradle.api.internal.tasks.testing.worker.TestWorker.execute(TestWorker.java:63)
  at org.gradle.process.internal.worker.child.ActionExecutionWorker.execute(ActionExecutionWorker.java:56)
  at org.gradle.process.internal.worker.child.SystemApplicationClassLoaderWorker.call(SystemApplicationClassLoaderWorker.java:122)
  at org.gradle.process.internal.worker.child.SystemApplicationClassLoaderWorker.call(SystemApplicationClassLoaderWorker.java:72)
  at worker.org.gradle.process.internal.worker.GradleWorkerMain.run(GradleWorkerMain.java:69)
  at worker.org.gradle.process.internal.worker.GradleWorkerMain.main(GradleWorkerMain.java:74)
</stacktrace>
</test-failure>


TypeScriptCompilerTests_C[jvm] > crashIntypeCheckInvocationExpression_ts has expected errors matching crashIntypeCheckInvocationExpression_errors_txt[jvm] FAILED

<test-failure test="com.xemantic.typescript.compiler.TypeScriptCompilerTests_C.capturedLetConstInLoop7_ES6_ts has expected errors matching capturedLetConstInLoop7_ES6_errors_txt" platform="jvm">
<message>
Expected diagnostics from baseline typescript-repo/tests/baselines/reference/capturedLetConstInLoop7_ES6.errors.txt but none produced
</message>
<stacktrace>
  at com.xemantic.typescript.compiler.TypeScriptTestSupportKt.errorsMatchBaseline(TypeScriptTestSupport.kt:125)
  at com.xemantic.typescript.compiler.TypeScriptCompilerTests_C.capturedLetConstInLoop7_ES6_ts has expected errors matching capturedLetConstInLoop7_ES6_errors_txt(TypeScriptCompilerTests_C.kt:805)
  at java.base/jdk.internal.reflect.DirectMethodHandleAccessor.invoke(DirectMethodHandleAccessor.java:104)
  at java.base/java.lang.reflect.Method.invoke(Method.java:565)
  at org.junit.runners.model.FrameworkMethod$1.runReflectiveCall(FrameworkMethod.java:59)
  at org.junit.internal.runners.model.ReflectiveCallable.run(ReflectiveCallable.java:12)
  at org.junit.runners.model.FrameworkMethod.invokeExplosively(FrameworkMethod.java:56)
  at org.junit.internal.runners.statements.InvokeMethod.evaluate(InvokeMethod.java:17)
  at org.junit.runners.ParentRunner$3.evaluate(ParentRunner.java:306)
  at org.junit.runners.BlockJUnit4ClassRunner$1.evaluate(BlockJUnit4ClassRunner.java:100)
  at org.junit.runners.ParentRunner.runLeaf(ParentRunner.java:366)
  at org.junit.runners.BlockJUnit4ClassRunner.runChild(BlockJUnit4ClassRunner.java:103)
  at org.junit.runners.BlockJUnit4ClassRunner.runChild(BlockJUnit4ClassRunner.java:63)
  at org.junit.runners.ParentRunner$4.run(ParentRunner.java:331)
  at org.junit.runners.ParentRunner$1.schedule(ParentRunner.java:79)
  at org.junit.runners.ParentRunner.runChildren(ParentRunner.java:329)
  at org.junit.runners.ParentRunner.access$100(ParentRunner.java:66)
  at org.junit.runners.ParentRunner$2.evaluate(ParentRunner.java:293)
  at org.junit.runners.ParentRunner$3.evaluate(ParentRunner.java:306)
  at org.junit.runners.ParentRunner.run(ParentRunner.java:413)
  at org.junit.runner.JUnitCore.run(JUnitCore.java:137)
  at org.junit.runner.JUnitCore.run(JUnitCore.java:115)
  at org.gradle.api.internal.tasks.testing.junit.JUnitTestExecutor.runRequest(JUnitTestExecutor.java:175)
  at org.gradle.api.internal.tasks.testing.junit.JUnitTestExecutor.accept(JUnitTestExecutor.java:84)
  at org.gradle.api.internal.tasks.testing.junit.JUnitTestExecutor.accept(JUnitTestExecutor.java:47)
  at org.gradle.api.internal.tasks.testing.junit.AbstractJUnitTestDefinitionProcessor.processTestDefinition(AbstractJUnitTestDefinitionProcessor.java:65)
  at org.gradle.api.internal.tasks.testing.SuiteTestDefinitionProcessor.processTestDefinition(SuiteTestDefinitionProcessor.java:54)
  at java.base/jdk.internal.reflect.DirectMethodHandleAccessor.invoke(DirectMethodHandleAccessor.java:104)
  at java.base/java.lang.reflect.Method.invoke(Method.java:565)
  at org.gradle.internal.dispatch.MethodInvocation.invokeOn(MethodInvocation.java:77)
  at org.gradle.internal.dispatch.ReflectionDispatch.dispatch(ReflectionDispatch.java:28)
  at org.gradle.internal.dispatch.ReflectionDispatch.dispatch(ReflectionDispatch.java:19)
  at org.gradle.internal.dispatch.ContextClassLoaderDispatch.dispatch(ContextClassLoaderDispatch.java:33)
  at org.gradle.internal.dispatch.ProxyDispatchAdapter$DispatchingInvocationHandler.invoke(ProxyDispatchAdapter.java:88)
  at jdk.proxy1/jdk.proxy1.$Proxy4.processTestDefinition(Unknown Source)
  at org.gradle.api.internal.tasks.testing.worker.TestWorker$2.run(TestWorker.java:178)
  at org.gradle.api.internal.tasks.testing.worker.TestWorker.executeAndMaintainThreadName(TestWorker.java:126)
  at org.gradle.api.internal.tasks.testing.worker.TestWorker.execute(TestWorker.java:103)
  at org.gradle.api.internal.tasks.testing.worker.TestWorker.execute(TestWorker.java:63)
  at org.gradle.process.internal.worker.child.ActionExecutionWorker.execute(ActionExecutionWorker.java:56)
  at org.gradle.process.internal.worker.child.SystemApplicationClassLoaderWorker.call(SystemApplicationClassLoaderWorker.java:122)
  at org.gradle.process.internal.worker.child.SystemApplicationClassLoaderWorker.call(SystemApplicationClassLoaderWorker.java:72)
  at worker.org.gradle.process.internal.worker.GradleWorkerMain.run(GradleWorkerMain.java:69)
  at worker.org.gradle.process.internal.worker.GradleWorkerMain.main(GradleWorkerMain.java:74)
</stacktrace>
</test-failure>


TypeScriptCompilerTests_C[jvm] > capturedLetConstInLoop7_ES6_ts has expected errors matching capturedLetConstInLoop7_ES6_errors_txt[jvm] FAILED

<test-failure test="com.xemantic.typescript.compiler.TypeScriptCompilerTests_C.castTest_ts has expected errors matching castTest_errors_txt" platform="jvm">
<message>
Expected diagnostics from baseline typescript-repo/tests/baselines/reference/castTest.errors.txt but none produced
</message>
<stacktrace>
  at com.xemantic.typescript.compiler.TypeScriptTestSupportKt.errorsMatchBaseline(TypeScriptTestSupport.kt:125)
  at com.xemantic.typescript.compiler.TypeScriptCompilerTests_C.castTest_ts has expected errors matching castTest_errors_txt(TypeScriptCompilerTests_C.kt:987)
  at java.base/jdk.internal.reflect.DirectMethodHandleAccessor.invoke(DirectMethodHandleAccessor.java:104)
  at java.base/java.lang.reflect.Method.invoke(Method.java:565)
  at org.junit.runners.model.FrameworkMethod$1.runReflectiveCall(FrameworkMethod.java:59)
  at org.junit.internal.runners.model.ReflectiveCallable.run(ReflectiveCallable.java:12)
  at org.junit.runners.model.FrameworkMethod.invokeExplosively(FrameworkMethod.java:56)
  at org.junit.internal.runners.statements.InvokeMethod.evaluate(InvokeMethod.java:17)
  at org.junit.runners.ParentRunner$3.evaluate(ParentRunner.java:306)
  at org.junit.runners.BlockJUnit4ClassRunner$1.evaluate(BlockJUnit4ClassRunner.java:100)
  at org.junit.runners.ParentRunner.runLeaf(ParentRunner.java:366)
  at org.junit.runners.BlockJUnit4ClassRunner.runChild(BlockJUnit4ClassRunner.java:103)
  at org.junit.runners.BlockJUnit4ClassRunner.runChild(BlockJUnit4ClassRunner.java:63)
  at org.junit.runners.ParentRunner$4.run(ParentRunner.java:331)
  at org.junit.runners.ParentRunner$1.schedule(ParentRunner.java:79)
  at org.junit.runners.ParentRunner.runChildren(ParentRunner.java:329)
  at org.junit.runners.ParentRunner.access$100(ParentRunner.java:66)
  at org.junit.runners.ParentRunner$2.evaluate(ParentRunner.java:293)
  at org.junit.runners.ParentRunner$3.evaluate(ParentRunner.java:306)
  at org.junit.runners.ParentRunner.run(ParentRunner.java:413)
  at org.junit.runner.JUnitCore.run(JUnitCore.java:137)
  at org.junit.runner.JUnitCore.run(JUnitCore.java:115)
  at org.gradle.api.internal.tasks.testing.junit.JUnitTestExecutor.runRequest(JUnitTestExecutor.java:175)
  at org.gradle.api.internal.tasks.testing.junit.JUnitTestExecutor.accept(JUnitTestExecutor.java:84)
  at org.gradle.api.internal.tasks.testing.junit.JUnitTestExecutor.accept(JUnitTestExecutor.java:47)
  at org.gradle.api.internal.tasks.testing.junit.AbstractJUnitTestDefinitionProcessor.processTestDefinition(AbstractJUnitTestDefinitionProcessor.java:65)
  at org.gradle.api.internal.tasks.testing.SuiteTestDefinitionProcessor.processTestDefinition(SuiteTestDefinitionProcessor.java:54)
  at java.base/jdk.internal.reflect.DirectMethodHandleAccessor.invoke(DirectMethodHandleAccessor.java:104)
  at java.base/java.lang.reflect.Method.invoke(Method.java:565)
  at org.gradle.internal.dispatch.MethodInvocation.invokeOn(MethodInvocation.java:77)
  at org.gradle.internal.dispatch.ReflectionDispatch.dispatch(ReflectionDispatch.java:28)
  at org.gradle.internal.dispatch.ReflectionDispatch.dispatch(ReflectionDispatch.java:19)
  at org.gradle.internal.dispatch.ContextClassLoaderDispatch.dispatch(ContextClassLoaderDispatch.java:33)
  at org.gradle.internal.dispatch.ProxyDispatchAdapter$DispatchingInvocationHandler.invoke(ProxyDispatchAdapter.java:88)
  at jdk.proxy1/jdk.proxy1.$Proxy4.processTestDefinition(Unknown Source)
  at org.gradle.api.internal.tasks.testing.worker.TestWorker$2.run(TestWorker.java:178)
  at org.gradle.api.internal.tasks.testing.worker.TestWorker.executeAndMaintainThreadName(TestWorker.java:126)
  at org.gradle.api.internal.tasks.testing.worker.TestWorker.execute(TestWorker.java:103)
  at org.gradle.api.internal.tasks.testing.worker.TestWorker.execute(TestWorker.java:63)
  at org.gradle.process.internal.worker.child.ActionExecutionWorker.execute(ActionExecutionWorker.java:56)
  at org.gradle.process.internal.worker.child.SystemApplicationClassLoaderWorker.call(SystemApplicationClassLoaderWorker.java:122)
  at org.gradle.process.internal.worker.child.SystemApplicationClassLoaderWorker.call(SystemApplicationClassLoaderWorker.java:72)
  at worker.org.gradle.process.internal.worker.GradleWorkerMain.run(GradleWorkerMain.java:69)
  at worker.org.gradle.process.internal.worker.GradleWorkerMain.main(GradleWorkerMain.java:74)
</stacktrace>
</test-failure>


TypeScriptCompilerTests_C[jvm] > castTest_ts has expected errors matching castTest_errors_txt[jvm] FAILED

<test-failure test="com.xemantic.typescript.compiler.TypeScriptCompilerTests_C.contextualPropertyOfGenericFilteringMappedType_ts has expected errors matching contextualPropertyOfGenericFilteringMappedType_errors_txt" platform="jvm">
<message>
--- expected
+++ actual
@@ -1,9 +1,14 @@
-contextualPropertyOfGenericFilteringMappedType.ts(38,5): error TS2353: Object literal may only specify known properties, and 'foo' does not exist in type '{ bar: (value: string, prop: "bar") => void; }'.
+contextualPropertyOfGenericFilteringMappedType.ts(12,11): error TS7006: Parameter 'value' implicitly has an 'any' type.
+contextualPropertyOfGenericFilteringMappedType.ts(12,18): error TS7006: Parameter 'key' implicitly has an 'any' type.
+contextualPropertyOfGenericFilteringMappedType.ts(13,11): error TS7006: Parameter 'value' implicitly has an 'any' type.
+contextualPropertyOfGenericFilteringMappedType.ts(13,18): error TS7006: Parameter 'key' implicitly has an 'any' type.
+contextualPropertyOfGenericFilteringMappedType.ts(28,11): error TS7006: Parameter 'value' implicitly has an 'any' type.
+contextualPropertyOfGenericFilteringMappedType.ts(28,18): error TS7006: Parameter 'key' implicitly has an 'any' type.
 contextualPropertyOfGenericFilteringMappedType.ts(38,11): error TS7006: Parameter 'value' implicitly has an 'any' type.
 contextualPropertyOfGenericFilteringMappedType.ts(38,18): error TS7006: Parameter 'key' implicitly has an 'any' type.
 
 
-==== contextualPropertyOfGenericFilteringMappedType.ts (3 errors) ====
+==== contextualPropertyOfGenericFilteringMappedType.ts (8 errors) ====
     declare function f1<T extends object>(
       data: T,
       handlers: { [P in keyof T as P]: (value: T[P], prop: P) => void },
@@ -16,7 +21,15 @@
       },
       {
         foo: (value, key) => {},
+              ~~~~~
+!!! error TS7006: Parameter 'value' implicitly has an 'any' type.
+                     ~~~
+!!! error TS7006: Parameter 'key' implicitly has an 'any' type.
         bar: (value, key) => {},
+              ~~~~~
+!!! error TS7006: Parameter 'value' implicitly has an 'any' type.
+                     ~~~
+!!! error TS7006: Parameter 'key' implicitly has an 'any' type.
       },
     );
     
@@ -32,6 +45,10 @@
       },
       {
         bar: (value, key) => {},
+              ~~~~~
+!!! error TS7006: Parameter 'value' implicitly has an 'any' type.
+                     ~~~
+!!! error TS7006: Parameter 'key' implicitly has an 'any' type.
       },
     );
     
@@ -42,8 +59,6 @@
       },
       {
         foo: (value, key) => {
-        ~~~
-!!! error TS2353: Object literal may only specify known properties, and 'foo' does not exist in type '{ bar: (value: string, prop: "bar") => void; }'.
               ~~~~~
 !!! error TS7006: Parameter 'value' implicitly has an 'any' type.
                      ~~~

</message>
<stacktrace>
  at org.junit.Assert.fail(Assert.java:89)
  at kotlin.test.junit.JUnitAsserter.fail(JUnitSupport.kt:56)
  at kotlin.test.AssertionsKt__AssertionsKt.fail(Assertions.kt:563)
  at kotlin.test.AssertionsKt.fail(Unknown Source)
  at com.xemantic.kotlin.test.SameAsKt.sameAs(SameAs.kt:52)
  at com.xemantic.typescript.compiler.TypeScriptTestSupportKt.errorsMatchBaseline(TypeScriptTestSupport.kt:135)
  at com.xemantic.typescript.compiler.TypeScriptCompilerTests_C.contextualPropertyOfGenericFilteringMappedType_ts has expected errors matching contextualPropertyOfGenericFilteringMappedType_errors_txt(TypeScriptCompilerTests_C.kt:7112)
  at java.base/jdk.internal.reflect.DirectMethodHandleAccessor.invoke(DirectMethodHandleAccessor.java:104)
  at java.base/java.lang.reflect.Method.invoke(Method.java:565)
  at org.junit.runners.model.FrameworkMethod$1.runReflectiveCall(FrameworkMethod.java:59)
  at org.junit.internal.runners.model.ReflectiveCallable.run(ReflectiveCallable.java:12)
  at org.junit.runners.model.FrameworkMethod.invokeExplosively(FrameworkMethod.java:56)
  at org.junit.internal.runners.statements.InvokeMethod.evaluate(InvokeMethod.java:17)
  at org.junit.runners.ParentRunner$3.evaluate(ParentRunner.java:306)
  at org.junit.runners.BlockJUnit4ClassRunner$1.evaluate(BlockJUnit4ClassRunner.java:100)
  at org.junit.runners.ParentRunner.runLeaf(ParentRunner.java:366)
  at org.junit.runners.BlockJUnit4ClassRunner.runChild(BlockJUnit4ClassRunner.java:103)
  at org.junit.runners.BlockJUnit4ClassRunner.runChild(BlockJUnit4ClassRunner.java:63)
  at org.junit.runners.ParentRunner$4.run(ParentRunner.java:331)
  at org.junit.runners.ParentRunner$1.schedule(ParentRunner.java:79)
  at org.junit.runners.ParentRunner.runChildren(ParentRunner.java:329)
  at org.junit.runners.ParentRunner.access$100(ParentRunner.java:66)
  at org.junit.runners.ParentRunner$2.evaluate(ParentRunner.java:293)
  at org.junit.runners.ParentRunner$3.evaluate(ParentRunner.java:306)
  at org.junit.runners.ParentRunner.run(ParentRunner.java:413)
  at org.junit.runner.JUnitCore.run(JUnitCore.java:137)
  at org.junit.runner.JUnitCore.run(JUnitCore.java:115)
  at org.gradle.api.internal.tasks.testing.junit.JUnitTestExecutor.runRequest(JUnitTestExecutor.java:175)
  at org.gradle.api.internal.tasks.testing.junit.JUnitTestExecutor.accept(JUnitTestExecutor.java:84)
  at org.gradle.api.internal.tasks.testing.junit.JUnitTestExecutor.accept(JUnitTestExecutor.java:47)
  at org.gradle.api.internal.tasks.testing.junit.AbstractJUnitTestDefinitionProcessor.processTestDefinition(AbstractJUnitTestDefinitionProcessor.java:65)
  at org.gradle.api.internal.tasks.testing.SuiteTestDefinitionProcessor.processTestDefinition(SuiteTestDefinitionProcessor.java:54)
  at java.base/jdk.internal.reflect.DirectMethodHandleAccessor.invoke(DirectMethodHandleAccessor.java:104)
  at java.base/java.lang.reflect.Method.invoke(Method.java:565)
  at org.gradle.internal.dispatch.MethodInvocation.invokeOn(MethodInvocation.java:77)
  at org.gradle.internal.dispatch.ReflectionDispatch.dispatch(ReflectionDispatch.java:28)
  at org.gradle.internal.dispatch.ReflectionDispatch.dispatch(ReflectionDispatch.java:19)
  at org.gradle.internal.dispatch.ContextClassLoaderDispatch.dispatch(ContextClassLoaderDispatch.java:33)
  at org.gradle.internal.dispatch.ProxyDispatchAdapter$DispatchingInvocationHandler.invoke(ProxyDispatchAdapter.java:88)
  at jdk.proxy1/jdk.proxy1.$Proxy4.processTestDefinition(Unknown Source)
  at org.gradle.api.internal.tasks.testing.worker.TestWorker$2.run(TestWorker.java:178)
  at org.gradle.api.internal.tasks.testing.worker.TestWorker.executeAndMaintainThreadName(TestWorker.java:126)
  at org.gradle.api.internal.tasks.testing.worker.TestWorker.execute(TestWorker.java:103)
  at org.gradle.api.internal.tasks.testing.worker.TestWorker.execute(TestWorker.java:63)
  at org.gradle.process.internal.worker.child.ActionExecutionWorker.execute(ActionExecutionWorker.java:56)
  at org.gradle.process.internal.worker.child.SystemApplicationClassLoaderWorker.call(SystemApplicationClassLoaderWorker.java:122)
  at org.gradle.process.internal.worker.child.SystemApplicationClassLoaderWorker.call(SystemApplicationClassLoaderWorker.java:72)
  at worker.org.gradle.process.internal.worker.GradleWorkerMain.run(GradleWorkerMain.java:69)
  at worker.org.gradle.process.internal.worker.GradleWorkerMain.main(GradleWorkerMain.java:74)
</stacktrace>
</test-failure>


TypeScriptCompilerTests_C[jvm] > contextualPropertyOfGenericFilteringMappedType_ts has expected errors matching contextualPropertyOfGenericFilteringMappedType_errors_txt[jvm] FAILED

<test-failure test="com.xemantic.typescript.compiler.TypeScriptCompilerTests_C.complicatedPrivacy_ts__target_es5__has expected errors matching baseline" platform="jvm">
<message>
--- expected
+++ actual
@@ -1,11 +1,9 @@
 error TS5107: Option 'target=ES5' is deprecated and will stop functioning in TypeScript 7.0. Specify compilerOption '"ignoreDeprecations": "6.0"' to silence this error.
 complicatedPrivacy.ts(11,24): error TS1054: A 'get' accessor cannot have parameters.
-complicatedPrivacy.ts(35,6): error TS2693: 'number' only refers to a type, but is being used as a value here.
-complicatedPrivacy.ts(73,55): error TS2694: Namespace 'mglo5' has no exported member 'i6'.
 
 
 !!! error TS5107: Option 'target=ES5' is deprecated and will stop functioning in TypeScript 7.0. Specify compilerOption '"ignoreDeprecations": "6.0"' to silence this error.
-==== complicatedPrivacy.ts (3 errors) ====
+==== complicatedPrivacy.ts (1 errors) ====
     namespace m1 {
         export namespace m2 {
     
@@ -43,8 +41,6 @@
         export function f4(arg1: 
         {
         [number]: C1; // Used to be indexer, now it is a computed property
-         ~~~~~~
-!!! error TS2693: 'number' only refers to a type, but is being used as a value here.
         }) {
         }
     
@@ -83,8 +79,6 @@
         export namespace m3 {
     
             export class c_pr  implements mglo5.i5, mglo5.i6 {
-                                                          ~~
-!!! error TS2694: Namespace 'mglo5' has no exported member 'i6'.
                 f1() {
                     return "Hello";
                 }

</message>
<stacktrace>
  at org.junit.Assert.fail(Assert.java:89)
  at kotlin.test.junit.JUnitAsserter.fail(JUnitSupport.kt:56)
  at kotlin.test.AssertionsKt__AssertionsKt.fail(Assertions.kt:563)
  at kotlin.test.AssertionsKt.fail(Unknown Source)
  at com.xemantic.kotlin.test.SameAsKt.sameAs(SameAs.kt:52)
  at com.xemantic.typescript.compiler.TypeScriptTestSupportKt.errorsMatchBaseline(TypeScriptTestSupport.kt:135)
  at com.xemantic.typescript.compiler.TypeScriptCompilerTests_C.complicatedPrivacy_ts__target_es5__has expected errors matching baseline(TypeScriptCompilerTests_C.kt:5229)
  at java.base/jdk.internal.reflect.DirectMethodHandleAccessor.invoke(DirectMethodHandleAccessor.java:104)
  at java.base/java.lang.reflect.Method.invoke(Method.java:565)
  at org.junit.runners.model.FrameworkMethod$1.runReflectiveCall(FrameworkMethod.java:59)
  at org.junit.internal.runners.model.ReflectiveCallable.run(ReflectiveCallable.java:12)
  at org.junit.runners.model.FrameworkMethod.invokeExplosively(FrameworkMethod.java:56)
  at org.junit.internal.runners.statements.InvokeMethod.evaluate(InvokeMethod.java:17)
  at org.junit.runners.ParentRunner$3.evaluate(ParentRunner.java:306)
  at org.junit.runners.BlockJUnit4ClassRunner$1.evaluate(BlockJUnit4ClassRunner.java:100)
  at org.junit.runners.ParentRunner.runLeaf(ParentRunner.java:366)
  at org.junit.runners.BlockJUnit4ClassRunner.runChild(BlockJUnit4ClassRunner.java:103)
  at org.junit.runners.BlockJUnit4ClassRunner.runChild(BlockJUnit4ClassRunner.java:63)
  at org.junit.runners.ParentRunner$4.run(ParentRunner.java:331)
  at org.junit.runners.ParentRunner$1.schedule(ParentRunner.java:79)
  at org.junit.runners.ParentRunner.runChildren(ParentRunner.java:329)
  at org.junit.runners.ParentRunner.access$100(ParentRunner.java:66)
  at org.junit.runners.ParentRunner$2.evaluate(ParentRunner.java:293)
  at org.junit.runners.ParentRunner$3.evaluate(ParentRunner.java:306)
  at org.junit.runners.ParentRunner.run(ParentRunner.java:413)
  at org.junit.runner.JUnitCore.run(JUnitCore.java:137)
  at org.junit.runner.JUnitCore.run(JUnitCore.java:115)
  at org.gradle.api.internal.tasks.testing.junit.JUnitTestExecutor.runRequest(JUnitTestExecutor.java:175)
  at org.gradle.api.internal.tasks.testing.junit.JUnitTestExecutor.accept(JUnitTestExecutor.java:84)
  at org.gradle.api.internal.tasks.testing.junit.JUnitTestExecutor.accept(JUnitTestExecutor.java:47)
  at org.gradle.api.internal.tasks.testing.junit.AbstractJUnitTestDefinitionProcessor.processTestDefinition(AbstractJUnitTestDefinitionProcessor.java:65)
  at org.gradle.api.internal.tasks.testing.SuiteTestDefinitionProcessor.processTestDefinition(SuiteTestDefinitionProcessor.java:54)
  at java.base/jdk.internal.reflect.DirectMethodHandleAccessor.invoke(DirectMethodHandleAccessor.java:104)
  at java.base/java.lang.reflect.Method.invoke(Method.java:565)
  at org.gradle.internal.dispatch.MethodInvocation.invokeOn(MethodInvocation.java:77)
  at org.gradle.internal.dispatch.ReflectionDispatch.dispatch(ReflectionDispatch.java:28)
  at org.gradle.internal.dispatch.ReflectionDispatch.dispatch(ReflectionDispatch.java:19)
  at org.gradle.internal.dispatch.ContextClassLoaderDispatch.dispatch(ContextClassLoaderDispatch.java:33)
  at org.gradle.internal.dispatch.ProxyDispatchAdapter$DispatchingInvocationHandler.invoke(ProxyDispatchAdapter.java:88)
  at jdk.proxy1/jdk.proxy1.$Proxy4.processTestDefinition(Unknown Source)
  at org.gradle.api.internal.tasks.testing.worker.TestWorker$2.run(TestWorker.java:178)
  at org.gradle.api.internal.tasks.testing.worker.TestWorker.executeAndMaintainThreadName(TestWorker.java:126)
  at org.gradle.api.internal.tasks.testing.worker.TestWorker.execute(TestWorker.java:103)
  at org.gradle.api.internal.tasks.testing.worker.TestWorker.execute(TestWorker.java:63)
  at org.gradle.process.internal.worker.child.ActionExecutionWorker.execute(ActionExecutionWorker.java:56)
  at org.gradle.process.internal.worker.child.SystemApplicationClassLoaderWorker.call(SystemApplicationClassLoaderWorker.java:122)
  at org.gradle.process.internal.worker.child.SystemApplicationClassLoaderWorker.call(SystemApplicationClassLoaderWorker.java:72)
  at worker.org.gradle.process.internal.worker.GradleWorkerMain.run(GradleWorkerMain.java:69)
  at worker.org.gradle.process.internal.worker.GradleWorkerMain.main(GradleWorkerMain.java:74)
</stacktrace>
</test-failure>


TypeScriptCompilerTests_C[jvm] > complicatedPrivacy_ts__target_es5__has expected errors matching baseline[jvm] FAILED

<test-failure test="com.xemantic.typescript.compiler.TypeScriptCompilerTests_C.contextualSignatureInstatiationContravariance_ts has expected errors matching contextualSignatureInstatiationContravariance_errors_txt" platform="jvm">
<message>
Expected diagnostics from baseline typescript-repo/tests/baselines/reference/contextualSignatureInstatiationContravariance.errors.txt but none produced
</message>
<stacktrace>
  at com.xemantic.typescript.compiler.TypeScriptTestSupportKt.errorsMatchBaseline(TypeScriptTestSupport.kt:125)
  at com.xemantic.typescript.compiler.TypeScriptCompilerTests_C.contextualSignatureInstatiationContravariance_ts has expected errors matching contextualSignatureInstatiationContravariance_errors_txt(TypeScriptCompilerTests_C.kt:7231)
  at java.base/jdk.internal.reflect.DirectMethodHandleAccessor.invoke(DirectMethodHandleAccessor.java:104)
  at java.base/java.lang.reflect.Method.invoke(Method.java:565)
  at org.junit.runners.model.FrameworkMethod$1.runReflectiveCall(FrameworkMethod.java:59)
  at org.junit.internal.runners.model.ReflectiveCallable.run(ReflectiveCallable.java:12)
  at org.junit.runners.model.FrameworkMethod.invokeExplosively(FrameworkMethod.java:56)
  at org.junit.internal.runners.statements.InvokeMethod.evaluate(InvokeMethod.java:17)
  at org.junit.runners.ParentRunner$3.evaluate(ParentRunner.java:306)
  at org.junit.runners.BlockJUnit4ClassRunner$1.evaluate(BlockJUnit4ClassRunner.java:100)
  at org.junit.runners.ParentRunner.runLeaf(ParentRunner.java:366)
  at org.junit.runners.BlockJUnit4ClassRunner.runChild(BlockJUnit4ClassRunner.java:103)
  at org.junit.runners.BlockJUnit4ClassRunner.runChild(BlockJUnit4ClassRunner.java:63)
  at org.junit.runners.ParentRunner$4.run(ParentRunner.java:331)
  at org.junit.runners.ParentRunner$1.schedule(ParentRunner.java:79)
  at org.junit.runners.ParentRunner.runChildren(ParentRunner.java:329)
  at org.junit.runners.ParentRunner.access$100(ParentRunner.java:66)
  at org.junit.runners.ParentRunner$2.evaluate(ParentRunner.java:293)
  at org.junit.runners.ParentRunner$3.evaluate(ParentRunner.java:306)
  at org.junit.runners.ParentRunner.run(ParentRunner.java:413)
  at org.junit.runner.JUnitCore.run(JUnitCore.java:137)
  at org.junit.runner.JUnitCore.run(JUnitCore.java:115)
  at org.gradle.api.internal.tasks.testing.junit.JUnitTestExecutor.runRequest(JUnitTestExecutor.java:175)
  at org.gradle.api.internal.tasks.testing.junit.JUnitTestExecutor.accept(JUnitTestExecutor.java:84)
  at org.gradle.api.internal.tasks.testing.junit.JUnitTestExecutor.accept(JUnitTestExecutor.java:47)
  at org.gradle.api.internal.tasks.testing.junit.AbstractJUnitTestDefinitionProcessor.processTestDefinition(AbstractJUnitTestDefinitionProcessor.java:65)
  at org.gradle.api.internal.tasks.testing.SuiteTestDefinitionProcessor.processTestDefinition(SuiteTestDefinitionProcessor.java:54)
  at java.base/jdk.internal.reflect.DirectMethodHandleAccessor.invoke(DirectMethodHandleAccessor.java:104)
  at java.base/java.lang.reflect.Method.invoke(Method.java:565)
  at org.gradle.internal.dispatch.MethodInvocation.invokeOn(MethodInvocation.java:77)
  at org.gradle.internal.dispatch.ReflectionDispatch.dispatch(ReflectionDispatch.java:28)
  at org.gradle.internal.dispatch.ReflectionDispatch.dispatch(ReflectionDispatch.java:19)
  at org.gradle.internal.dispatch.ContextClassLoaderDispatch.dispatch(ContextClassLoaderDispatch.java:33)
  at org.gradle.internal.dispatch.ProxyDispatchAdapter$DispatchingInvocationHandler.invoke(ProxyDispatchAdapter.java:88)
  at jdk.proxy1/jdk.proxy1.$Proxy4.processTestDefinition(Unknown Source)
  at org.gradle.api.internal.tasks.testing.worker.TestWorker$2.run(TestWorker.java:178)
  at org.gradle.api.internal.tasks.testing.worker.TestWorker.executeAndMaintainThreadName(TestWorker.java:126)
  at org.gradle.api.internal.tasks.testing.worker.TestWorker.execute(TestWorker.java:103)
  at org.gradle.api.internal.tasks.testing.worker.TestWorker.execute(TestWorker.java:63)
  at org.gradle.process.internal.worker.child.ActionExecutionWorker.execute(ActionExecutionWorker.java:56)
  at org.gradle.process.internal.worker.child.SystemApplicationClassLoaderWorker.call(SystemApplicationClassLoaderWorker.java:122)
  at org.gradle.process.internal.worker.child.SystemApplicationClassLoaderWorker.call(SystemApplicationClassLoaderWorker.java:72)
  at worker.org.gradle.process.internal.worker.GradleWorkerMain.run(GradleWorkerMain.java:69)
  at worker.org.gradle.process.internal.worker.GradleWorkerMain.main(GradleWorkerMain.java:74)
</stacktrace>
</test-failure>


TypeScriptCompilerTests_C[jvm] > contextualSignatureInstatiationContravariance_ts has expected errors matching contextualSignatureInstatiationContravariance_errors_txt[jvm] FAILED

<test-failure test="com.xemantic.typescript.compiler.TypeScriptCompilerTests_C.coAndContraVariantInferences6_ts has expected errors matching coAndContraVariantInferences6_errors_txt" platform="jvm">
<message>
Expected diagnostics from baseline typescript-repo/tests/baselines/reference/coAndContraVariantInferences6.errors.txt but none produced
</message>
<stacktrace>
  at com.xemantic.typescript.compiler.TypeScriptTestSupportKt.errorsMatchBaseline(TypeScriptTestSupport.kt:125)
  at com.xemantic.typescript.compiler.TypeScriptCompilerTests_C.coAndContraVariantInferences6_ts has expected errors matching coAndContraVariantInferences6_errors_txt(TypeScriptCompilerTests_C.kt:3269)
  at java.base/jdk.internal.reflect.DirectMethodHandleAccessor.invoke(DirectMethodHandleAccessor.java:104)
  at java.base/java.lang.reflect.Method.invoke(Method.java:565)
  at org.junit.runners.model.FrameworkMethod$1.runReflectiveCall(FrameworkMethod.java:59)
  at org.junit.internal.runners.model.ReflectiveCallable.run(ReflectiveCallable.java:12)
  at org.junit.runners.model.FrameworkMethod.invokeExplosively(FrameworkMethod.java:56)
  at org.junit.internal.runners.statements.InvokeMethod.evaluate(InvokeMethod.java:17)
  at org.junit.runners.ParentRunner$3.evaluate(ParentRunner.java:306)
  at org.junit.runners.BlockJUnit4ClassRunner$1.evaluate(BlockJUnit4ClassRunner.java:100)
  at org.junit.runners.ParentRunner.runLeaf(ParentRunner.java:366)
  at org.junit.runners.BlockJUnit4ClassRunner.runChild(BlockJUnit4ClassRunner.java:103)
  at org.junit.runners.BlockJUnit4ClassRunner.runChild(BlockJUnit4ClassRunner.java:63)
  at org.junit.runners.ParentRunner$4.run(ParentRunner.java:331)
  at org.junit.runners.ParentRunner$1.schedule(ParentRunner.java:79)
  at org.junit.runners.ParentRunner.runChildren(ParentRunner.java:329)
  at org.junit.runners.ParentRunner.access$100(ParentRunner.java:66)
  at org.junit.runners.ParentRunner$2.evaluate(ParentRunner.java:293)
  at org.junit.runners.ParentRunner$3.evaluate(ParentRunner.java:306)
  at org.junit.runners.ParentRunner.run(ParentRunner.java:413)
  at org.junit.runner.JUnitCore.run(JUnitCore.java:137)
  at org.junit.runner.JUnitCore.run(JUnitCore.java:115)
  at org.gradle.api.internal.tasks.testing.junit.JUnitTestExecutor.runRequest(JUnitTestExecutor.java:175)
  at org.gradle.api.internal.tasks.testing.junit.JUnitTestExecutor.accept(JUnitTestExecutor.java:84)
  at org.gradle.api.internal.tasks.testing.junit.JUnitTestExecutor.accept(JUnitTestExecutor.java:47)
  at org.gradle.api.internal.tasks.testing.junit.AbstractJUnitTestDefinitionProcessor.processTestDefinition(AbstractJUnitTestDefinitionProcessor.java:65)
  at org.gradle.api.internal.tasks.testing.SuiteTestDefinitionProcessor.processTestDefinition(SuiteTestDefinitionProcessor.java:54)
  at java.base/jdk.internal.reflect.DirectMethodHandleAccessor.invoke(DirectMethodHandleAccessor.java:104)
  at java.base/java.lang.reflect.Method.invoke(Method.java:565)
  at org.gradle.internal.dispatch.MethodInvocation.invokeOn(MethodInvocation.java:77)
  at org.gradle.internal.dispatch.ReflectionDispatch.dispatch(ReflectionDispatch.java:28)
  at org.gradle.internal.dispatch.ReflectionDispatch.dispatch(ReflectionDispatch.java:19)
  at org.gradle.internal.dispatch.ContextClassLoaderDispatch.dispatch(ContextClassLoaderDispatch.java:33)
  at org.gradle.internal.dispatch.ProxyDispatchAdapter$DispatchingInvocationHandler.invoke(ProxyDispatchAdapter.java:88)
  at jdk.proxy1/jdk.proxy1.$Proxy4.processTestDefinition(Unknown Source)
  at org.gradle.api.internal.tasks.testing.worker.TestWorker$2.run(TestWorker.java:178)
  at org.gradle.api.internal.tasks.testing.worker.TestWorker.executeAndMaintainThreadName(TestWorker.java:126)
  at org.gradle.api.internal.tasks.testing.worker.TestWorker.execute(TestWorker.java:103)
  at org.gradle.api.internal.tasks.testing.worker.TestWorker.execute(TestWorker.java:63)
  at org.gradle.process.internal.worker.child.ActionExecutionWorker.execute(ActionExecutionWorker.java:56)
  at org.gradle.process.internal.worker.child.SystemApplicationClassLoaderWorker.call(SystemApplicationClassLoaderWorker.java:122)
  at org.gradle.process.internal.worker.child.SystemApplicationClassLoaderWorker.call(SystemApplicationClassLoaderWorker.java:72)
  at worker.org.gradle.process.internal.worker.GradleWorkerMain.run(GradleWorkerMain.java:69)
  at worker.org.gradle.process.internal.worker.GradleWorkerMain.main(GradleWorkerMain.java:74)
</stacktrace>
</test-failure>


TypeScriptCompilerTests_C[jvm] > coAndContraVariantInferences6_ts has expected errors matching coAndContraVariantInferences6_errors_txt[jvm] FAILED

<test-failure test="com.xemantic.typescript.compiler.TypeScriptCompilerTests_C.convertKeywordsYes_ts__alwaysstrict_true__has expected errors matching baseline" platform="jvm">
<message>
--- expected
+++ actual
@@ -1,37 +1,95 @@
 convertKeywordsYes.ts(6,5): error TS1212: Identifier expected. 'implements' is a reserved word in strict mode.
 convertKeywordsYes.ts(7,5): error TS1212: Identifier expected. 'interface' is a reserved word in strict mode.
 convertKeywordsYes.ts(8,5): error TS1212: Identifier expected. 'let' is a reserved word in strict mode.
+convertKeywordsYes.ts(11,5): error TS1123: Variable declaration list cannot be empty.
 convertKeywordsYes.ts(11,5): error TS1212: Identifier expected. 'package' is a reserved word in strict mode.
+convertKeywordsYes.ts(12,5): error TS1123: Variable declaration list cannot be empty.
 convertKeywordsYes.ts(12,5): error TS1212: Identifier expected. 'private' is a reserved word in strict mode.
+convertKeywordsYes.ts(13,5): error TS1123: Variable declaration list cannot be empty.
 convertKeywordsYes.ts(13,5): error TS1212: Identifier expected. 'protected' is a reserved word in strict mode.
+convertKeywordsYes.ts(14,5): error TS1123: Variable declaration list cannot be empty.
 convertKeywordsYes.ts(14,5): error TS1212: Identifier expected. 'public' is a reserved word in strict mode.
 convertKeywordsYes.ts(16,5): error TS1212: Identifier expected. 'static' is a reserved word in strict mode.
-convertKeywordsYes.ts(19,5): error TS1212: Identifier expected. 'yield' is a reserved word in strict mode.
-convertKeywordsYes.ts(24,5): error TS1212: Identifier expected. 'implements' is a reserved word in strict mode.
-convertKeywordsYes.ts(25,5): error TS1212: Identifier expected. 'interface' is a reserved word in strict mode.
-convertKeywordsYes.ts(26,5): error TS1212: Identifier expected. 'let' is a reserved word in strict mode.
-convertKeywordsYes.ts(28,5): error TS1212: Identifier expected. 'package' is a reserved word in strict mode.
-convertKeywordsYes.ts(29,5): error TS1212: Identifier expected. 'private' is a reserved word in strict mode.
-convertKeywordsYes.ts(30,5): error TS1212: Identifier expected. 'protected' is a reserved word in strict mode.
-convertKeywordsYes.ts(31,5): error TS1212: Identifier expected. 'public' is a reserved word in strict mode.
-convertKeywordsYes.ts(33,5): error TS1212: Identifier expected. 'static' is a reserved word in strict mode.
-convertKeywordsYes.ts(35,5): error TS1212: Identifier expected. 'yield' is a reserved word in strict mode.
+convertKeywordsYes.ts(19,5): error TS1123: Variable declaration list cannot be empty.
+convertKeywordsYes.ts(19,11): error TS1109: Expression expected.
+convertKeywordsYes.ts(22,10): error TS2391: Function implementation is missing or not immediately following the declaration.
+convertKeywordsYes.ts(22,20): error TS1005: '(' expected.
+convertKeywordsYes.ts(23,5): error TS1005: ')' expected.
+convertKeywordsYes.ts(23,5): error TS2695: Left side of comma operator is unused and has no side effects.
+convertKeywordsYes.ts(23,5): error TS2695: Left side of comma operator is unused and has no side effects.
+convertKeywordsYes.ts(23,5): error TS2695: Left side of comma operator is unused and has no side effects.
+convertKeywordsYes.ts(23,5): error TS2695: Left side of comma operator is unused and has no side effects.
+convertKeywordsYes.ts(23,5): error TS2695: Left side of comma operator is unused and has no side effects.
+convertKeywordsYes.ts(23,5): error TS2695: Left side of comma operator is unused and has no side effects.
+convertKeywordsYes.ts(23,5): error TS2695: Left side of comma operator is unused and has no side effects.
+convertKeywordsYes.ts(23,5): error TS2695: Left side of comma operator is unused and has no side effects.
+convertKeywordsYes.ts(23,5): error TS2695: Left side of comma operator is unused and has no side effects.
+convertKeywordsYes.ts(23,5): error TS2695: Left side of comma operator is unused and has no side effects.
+convertKeywordsYes.ts(23,5): error TS2695: Left side of comma operator is unused and has no side effects.
+convertKeywordsYes.ts(23,5): error TS2695: Left side of comma operator is unused and has no side effects.
+convertKeywordsYes.ts(37,7): error TS2304: Cannot find name 'c'.
+convertKeywordsYes.ts(37,8): error TS1005: ')' expected.
+convertKeywordsYes.ts(37,10): error TS2695: Left side of comma operator is unused and has no side effects.
+convertKeywordsYes.ts(38,5): error TS2304: Cannot find name 'a'.
+convertKeywordsYes.ts(38,6): error TS1109: Expression expected.
+convertKeywordsYes.ts(38,8): error TS2695: Left side of comma operator is unused and has no side effects.
+convertKeywordsYes.ts(39,5): error TS2304: Cannot find name 'b2'.
+convertKeywordsYes.ts(39,7): error TS1109: Expression expected.
+convertKeywordsYes.ts(39,9): error TS2695: Left side of comma operator is unused and has no side effects.
+convertKeywordsYes.ts(40,5): error TS2304: Cannot find name 'i'.
+convertKeywordsYes.ts(40,6): error TS1109: Expression expected.
 convertKeywordsYes.ts(40,8): error TS1212: Identifier expected. 'implements' is a reserved word in strict mode.
+convertKeywordsYes.ts(40,8): error TS2695: Left side of comma operator is unused and has no side effects.
+convertKeywordsYes.ts(41,5): error TS2304: Cannot find name 'i2'.
+convertKeywordsYes.ts(41,7): error TS1109: Expression expected.
 convertKeywordsYes.ts(41,9): error TS1212: Identifier expected. 'interface' is a reserved word in strict mode.
+convertKeywordsYes.ts(41,9): error TS2695: Left side of comma operator is unused and has no side effects.
+convertKeywordsYes.ts(42,5): error TS2304: Cannot find name 'l'.
+convertKeywordsYes.ts(42,6): error TS1109: Expression expected.
 convertKeywordsYes.ts(42,8): error TS1212: Identifier expected. 'let' is a reserved word in strict mode.
+convertKeywordsYes.ts(42,8): error TS2695: Left side of comma operator is unused and has no side effects.
+convertKeywordsYes.ts(43,5): error TS2304: Cannot find name 'm'.
+convertKeywordsYes.ts(43,6): error TS1109: Expression expected.
+convertKeywordsYes.ts(43,8): error TS2695: Left side of comma operator is unused and has no side effects.
+convertKeywordsYes.ts(44,5): error TS2304: Cannot find name 'n'.
+convertKeywordsYes.ts(44,6): error TS1109: Expression expected.
+convertKeywordsYes.ts(44,8): error TS2695: Left side of comma operator is unused and has no side effects.
+convertKeywordsYes.ts(45,5): error TS2304: Cannot find name 'p'.
+convertKeywordsYes.ts(45,6): error TS1109: Expression expected.
 convertKeywordsYes.ts(45,8): error TS1212: Identifier expected. 'package' is a reserved word in strict mode.
+convertKeywordsYes.ts(45,8): error TS2695: Left side of comma operator is unused and has no side effects.
+convertKeywordsYes.ts(46,5): error TS2304: Cannot find name 'p2'.
+convertKeywordsYes.ts(46,7): error TS1109: Expression expected.
 convertKeywordsYes.ts(46,9): error TS1212: Identifier expected. 'private' is a reserved word in strict mode.
+convertKeywordsYes.ts(46,9): error TS2695: Left side of comma operator is unused and has no side effects.
+convertKeywordsYes.ts(47,5): error TS2304: Cannot find name 'p3'.
+convertKeywordsYes.ts(47,7): error TS1109: Expression expected.
 convertKeywordsYes.ts(47,9): error TS1212: Identifier expected. 'protected' is a reserved word in strict mode.
+convertKeywordsYes.ts(47,9): error TS2695: Left side of comma operator is unused and has no side effects.
+convertKeywordsYes.ts(48,5): error TS2304: Cannot find name 'p4'.
+convertKeywordsYes.ts(48,7): error TS1109: Expression expected.
 convertKeywordsYes.ts(48,9): error TS1212: Identifier expected. 'public' is a reserved word in strict mode.
+convertKeywordsYes.ts(48,9): error TS2695: Left side of comma operator is unused and has no side effects.
+convertKeywordsYes.ts(49,5): error TS2304: Cannot find name 's'.
+convertKeywordsYes.ts(49,6): error TS1109: Expression expected.
+convertKeywordsYes.ts(49,8): error TS2695: Left side of comma operator is unused and has no side effects.
+convertKeywordsYes.ts(50,5): error TS2304: Cannot find name 's2'.
+convertKeywordsYes.ts(50,7): error TS1109: Expression expected.
 convertKeywordsYes.ts(50,9): error TS1212: Identifier expected. 'static' is a reserved word in strict mode.
-convertKeywordsYes.ts(53,8): error TS1212: Identifier expected. 'yield' is a reserved word in strict mode.
-convertKeywordsYes.ts(175,12): error TS18006: Classes may not have a field named 'constructor'.
-convertKeywordsYes.ts(292,11): error TS1213: Identifier expected. 'implements' is a reserved word in strict mode. Class definitions are automatically in strict mode.
-convertKeywordsYes.ts(293,11): error TS1213: Identifier expected. 'interface' is a reserved word in strict mode. Class definitions are automatically in strict mode.
-convertKeywordsYes.ts(294,11): error TS1213: Identifier expected. 'let' is a reserved word in strict mode. Class definitions are automatically in strict mode.
-convertKeywordsYes.ts(296,11): error TS1213: Identifier expected. 'package' is a reserved word in strict mode. Class definitions are automatically in strict mode.
-convertKeywordsYes.ts(297,11): error TS1213: Identifier expected. 'private' is a reserved word in strict mode. Class definitions are automatically in strict mode.
-convertKeywordsYes.ts(298,11): error TS1213: Identifier expected. 'protected' is a reserved word in strict mode. Class definitions are automatically in strict mode.
-convertKeywordsYes.ts(299,11): error TS1213: Identifier expected. 'public' is a reserved word in strict mode. Class definitions are automatically in strict mode.
-convertKeywordsYes.ts(301,11): error TS1213: Identifier expected. 'static' is a reserved word in strict mode. Class definitions are automatically in strict mode.
-convertKeywordsYes.ts(303,11): error TS1213: Identifier expected. 'yield' is a reserved word in strict mode. Class definitions are automatically in strict mode.
+convertKeywordsYes.ts(50,9): error TS2695: Left side of comma operator is unused and has no side effects.
+convertKeywordsYes.ts(51,5): error TS2304: Cannot find name 's3'.
+convertKeywordsYes.ts(51,7): error TS1109: Expression expected.
+convertKeywordsYes.ts(51,9): error TS2695: Left side of comma operator is unused and has no side effects.
+convertKeywordsYes.ts(52,5): error TS2304: Cannot find name 'g'.
+convertKeywordsYes.ts(52,6): error TS1109: Expression expected.
+convertKeywordsYes.ts(52,8): error TS2695: Left side of comma operator is unused and has no side effects.
+convertKeywordsYes.ts(53,5): error TS2304: Cannot find name 'y'.
+convertKeywordsYes.ts(53,6): error TS1109: Expression expected.
+convertKeywordsYes.ts(54,5): error TS2304: Cannot find name 'd'.
+convertKeywordsYes.ts(54,6): error TS1109: Expression expected.
+convertKeywordsYes.ts(54,16): error TS1109: Expression expected.
+convertKeywordsYes.ts(125,12): error TS2300: Duplicate identifier ';'.
+convertKeywordsYes.ts(126,14): error TS2300: Duplicate identifier ';'.
+convertKeywordsYes.ts(127,11): error TS2300: Duplicate identifier ';'.
+convertKeywordsYes.ts(129,11): error TS2300: Duplicate identifier ';'.
+convertKeywordsYes.ts(138,10): error TS2300: Duplicate identifier ';'.

Diff truncated: more than 100 lines changed

Expected: 419 lines
Actual: 792 lines

The differences are too extensive to show in unified diff format.
Consider comparing smaller sections or reviewing the strings directly.

</message>
<stacktrace>
  at org.junit.Assert.fail(Assert.java:89)
  at kotlin.test.junit.JUnitAsserter.fail(JUnitSupport.kt:56)
  at kotlin.test.AssertionsKt__AssertionsKt.fail(Assertions.kt:563)
  at kotlin.test.AssertionsKt.fail(Unknown Source)
  at com.xemantic.kotlin.test.SameAsKt.sameAs(SameAs.kt:52)
  at com.xemantic.typescript.compiler.TypeScriptTestSupportKt.errorsMatchBaseline(TypeScriptTestSupport.kt:135)
  at com.xemantic.typescript.compiler.TypeScriptCompilerTests_C.convertKeywordsYes_ts__alwaysstrict_true__has expected errors matching baseline(TypeScriptCompilerTests_C.kt:8645)
  at java.base/jdk.internal.reflect.DirectMethodHandleAccessor.invoke(DirectMethodHandleAccessor.java:104)
  at java.base/java.lang.reflect.Method.invoke(Method.java:565)
  at org.junit.runners.model.FrameworkMethod$1.runReflectiveCall(FrameworkMethod.java:59)
  at org.junit.internal.runners.model.ReflectiveCallable.run(ReflectiveCallable.java:12)
  at org.junit.runners.model.FrameworkMethod.invokeExplosively(FrameworkMethod.java:56)
  at org.junit.internal.runners.statements.InvokeMethod.evaluate(InvokeMethod.java:17)
  at org.junit.runners.ParentRunner$3.evaluate(ParentRunner.java:306)
  at org.junit.runners.BlockJUnit4ClassRunner$1.evaluate(BlockJUnit4ClassRunner.java:100)
  at org.junit.runners.ParentRunner.runLeaf(ParentRunner.java:366)
  at org.junit.runners.BlockJUnit4ClassRunner.runChild(BlockJUnit4ClassRunner.java:103)
  at org.junit.runners.BlockJUnit4ClassRunner.runChild(BlockJUnit4ClassRunner.java:63)
  at org.junit.runners.ParentRunner$4.run(ParentRunner.java:331)
  at org.junit.runners.ParentRunner$1.schedule(ParentRunner.java:79)
  at org.junit.runners.ParentRunner.runChildren(ParentRunner.java:329)
  at org.junit.runners.ParentRunner.access$100(ParentRunner.java:66)
  at org.junit.runners.ParentRunner$2.evaluate(ParentRunner.java:293)
  at org.junit.runners.ParentRunner$3.evaluate(ParentRunner.java:306)
  at org.junit.runners.ParentRunner.run(ParentRunner.java:413)
  at org.junit.runner.JUnitCore.run(JUnitCore.java:137)
  at org.junit.runner.JUnitCore.run(JUnitCore.java:115)
  at org.gradle.api.internal.tasks.testing.junit.JUnitTestExecutor.runRequest(JUnitTestExecutor.java:175)
  at org.gradle.api.internal.tasks.testing.junit.JUnitTestExecutor.accept(JUnitTestExecutor.java:84)
  at org.gradle.api.internal.tasks.testing.junit.JUnitTestExecutor.accept(JUnitTestExecutor.java:47)
  at org.gradle.api.internal.tasks.testing.junit.AbstractJUnitTestDefinitionProcessor.processTestDefinition(AbstractJUnitTestDefinitionProcessor.java:65)
  at org.gradle.api.internal.tasks.testing.SuiteTestDefinitionProcessor.processTestDefinition(SuiteTestDefinitionProcessor.java:54)
  at java.base/jdk.internal.reflect.DirectMethodHandleAccessor.invoke(DirectMethodHandleAccessor.java:104)
  at java.base/java.lang.reflect.Method.invoke(Method.java:565)
  at org.gradle.internal.dispatch.MethodInvocation.invokeOn(MethodInvocation.java:77)
  at org.gradle.internal.dispatch.ReflectionDispatch.dispatch(ReflectionDispatch.java:28)
  at org.gradle.internal.dispatch.ReflectionDispatch.dispatch(ReflectionDispatch.java:19)
  at org.gradle.internal.dispatch.ContextClassLoaderDispatch.dispatch(ContextClassLoaderDispatch.java:33)
  at org.gradle.internal.dispatch.ProxyDispatchAdapter$DispatchingInvocationHandler.invoke(ProxyDispatchAdapter.java:88)
  at jdk.proxy1/jdk.proxy1.$Proxy4.processTestDefinition(Unknown Source)
  at org.gradle.api.internal.tasks.testing.worker.TestWorker$2.run(TestWorker.java:178)
  at org.gradle.api.internal.tasks.testing.worker.TestWorker.executeAndMaintainThreadName(TestWorker.java:126)
  at org.gradle.api.internal.tasks.testing.worker.TestWorker.execute(TestWorker.java:103)
  at org.gradle.api.internal.tasks.testing.worker.TestWorker.execute(TestWorker.java:63)
  at org.gradle.process.internal.worker.child.ActionExecutionWorker.execute(ActionExecutionWorker.java:56)
  at org.gradle.process.internal.worker.child.SystemApplicationClassLoaderWorker.call(SystemApplicationClassLoaderWorker.java:122)
  at org.gradle.process.internal.worker.child.SystemApplicationClassLoaderWorker.call(SystemApplicationClassLoaderWorker.java:72)
  at worker.org.gradle.process.internal.worker.GradleWorkerMain.run(GradleWorkerMain.java:69)
  at worker.org.gradle.process.internal.worker.GradleWorkerMain.main(GradleWorkerMain.java:74)
</stacktrace>
</test-failure>


TypeScriptCompilerTests_C[jvm] > convertKeywordsYes_ts__alwaysstrict_true__has expected errors matching baseline[jvm] FAILED

<test-failure test="com.xemantic.typescript.compiler.TypeScriptCompilerTests_C.constructorOverloads7_ts has expected errors matching constructorOverloads7_errors_txt" platform="jvm">
<message>
Expected diagnostics from baseline typescript-repo/tests/baselines/reference/constructorOverloads7.errors.txt but none produced
</message>
<stacktrace>
  at com.xemantic.typescript.compiler.TypeScriptTestSupportKt.errorsMatchBaseline(TypeScriptTestSupport.kt:125)
  at com.xemantic.typescript.compiler.TypeScriptCompilerTests_C.constructorOverloads7_ts has expected errors matching constructorOverloads7_errors_txt(TypeScriptCompilerTests_C.kt:6888)
  at java.base/jdk.internal.reflect.DirectMethodHandleAccessor.invoke(DirectMethodHandleAccessor.java:104)
  at java.base/java.lang.reflect.Method.invoke(Method.java:565)
  at org.junit.runners.model.FrameworkMethod$1.runReflectiveCall(FrameworkMethod.java:59)
  at org.junit.internal.runners.model.ReflectiveCallable.run(ReflectiveCallable.java:12)
  at org.junit.runners.model.FrameworkMethod.invokeExplosively(FrameworkMethod.java:56)
  at org.junit.internal.runners.statements.InvokeMethod.evaluate(InvokeMethod.java:17)
  at org.junit.runners.ParentRunner$3.evaluate(ParentRunner.java:306)
  at org.junit.runners.BlockJUnit4ClassRunner$1.evaluate(BlockJUnit4ClassRunner.java:100)
  at org.junit.runners.ParentRunner.runLeaf(ParentRunner.java:366)
  at org.junit.runners.BlockJUnit4ClassRunner.runChild(BlockJUnit4ClassRunner.java:103)
  at org.junit.runners.BlockJUnit4ClassRunner.runChild(BlockJUnit4ClassRunner.java:63)
  at org.junit.runners.ParentRunner$4.run(ParentRunner.java:331)
  at org.junit.runners.ParentRunner$1.schedule(ParentRunner.java:79)
  at org.junit.runners.ParentRunner.runChildren(ParentRunner.java:329)
  at org.junit.runners.ParentRunner.access$100(ParentRunner.java:66)
  at org.junit.runners.ParentRunner$2.evaluate(ParentRunner.java:293)
  at org.junit.runners.ParentRunner$3.evaluate(ParentRunner.java:306)
  at org.junit.runners.ParentRunner.run(ParentRunner.java:413)
  at org.junit.runner.JUnitCore.run(JUnitCore.java:137)
  at org.junit.runner.JUnitCore.run(JUnitCore.java:115)
  at org.gradle.api.internal.tasks.testing.junit.JUnitTestExecutor.runRequest(JUnitTestExecutor.java:175)
  at org.gradle.api.internal.tasks.testing.junit.JUnitTestExecutor.accept(JUnitTestExecutor.java:84)
  at org.gradle.api.internal.tasks.testing.junit.JUnitTestExecutor.accept(JUnitTestExecutor.java:47)
  at org.gradle.api.internal.tasks.testing.junit.AbstractJUnitTestDefinitionProcessor.processTestDefinition(AbstractJUnitTestDefinitionProcessor.java:65)
  at org.gradle.api.internal.tasks.testing.SuiteTestDefinitionProcessor.processTestDefinition(SuiteTestDefinitionProcessor.java:54)
  at java.base/jdk.internal.reflect.DirectMethodHandleAccessor.invoke(DirectMethodHandleAccessor.java:104)
  at java.base/java.lang.reflect.Method.invoke(Method.java:565)
  at org.gradle.internal.dispatch.MethodInvocation.invokeOn(MethodInvocation.java:77)
  at org.gradle.internal.dispatch.ReflectionDispatch.dispatch(ReflectionDispatch.java:28)
  at org.gradle.internal.dispatch.ReflectionDispatch.dispatch(ReflectionDispatch.java:19)
  at org.gradle.internal.dispatch.ContextClassLoaderDispatch.dispatch(ContextClassLoaderDispatch.java:33)
  at org.gradle.internal.dispatch.ProxyDispatchAdapter$DispatchingInvocationHandler.invoke(ProxyDispatchAdapter.java:88)
  at jdk.proxy1/jdk.proxy1.$Proxy4.processTestDefinition(Unknown Source)
  at org.gradle.api.internal.tasks.testing.worker.TestWorker$2.run(TestWorker.java:178)
  at org.gradle.api.internal.tasks.testing.worker.TestWorker.executeAndMaintainThreadName(TestWorker.java:126)
  at org.gradle.api.internal.tasks.testing.worker.TestWorker.execute(TestWorker.java:103)
  at org.gradle.api.internal.tasks.testing.worker.TestWorker.execute(TestWorker.java:63)
  at org.gradle.process.internal.worker.child.ActionExecutionWorker.execute(ActionExecutionWorker.java:56)
  at org.gradle.process.internal.worker.child.SystemApplicationClassLoaderWorker.call(SystemApplicationClassLoaderWorker.java:122)
  at org.gradle.process.internal.worker.child.SystemApplicationClassLoaderWorker.call(SystemApplicationClassLoaderWorker.java:72)
  at worker.org.gradle.process.internal.worker.GradleWorkerMain.run(GradleWorkerMain.java:69)
  at worker.org.gradle.process.internal.worker.GradleWorkerMain.main(GradleWorkerMain.java:74)
</stacktrace>
</test-failure>


TypeScriptCompilerTests_C[jvm] > constructorOverloads7_ts has expected errors matching constructorOverloads7_errors_txt[jvm] FAILED

<test-failure test="com.xemantic.typescript.compiler.TypeScriptCompilerTests_C.crashInsourcePropertyIsRelatableToTargetProperty_ts has expected errors matching crashInsourcePropertyIsRelatableToTargetProperty_errors_txt" platform="jvm">
<message>
--- expected
+++ actual
@@ -1,8 +1,7 @@
-crashInsourcePropertyIsRelatableToTargetProperty.ts(7,5): error TS2322: Type 'null' is not assignable to type '(x: "hi", items: string[]) => typeof foo'.
-crashInsourcePropertyIsRelatableToTargetProperty.ts(9,5): error TS2322: Type '(x: "hi", items: string[]) => typeof foo' is not assignable to type 'D'.
+crashInsourcePropertyIsRelatableToTargetProperty.ts(9,16): error TS2345: Argument of type 'string' is not assignable to parameter of type '"hi"'.
 
 
-==== crashInsourcePropertyIsRelatableToTargetProperty.ts (2 errors) ====
+==== crashInsourcePropertyIsRelatableToTargetProperty.ts (1 errors) ====
     class C {
         private x = 1;
     }
@@ -10,9 +9,7 @@
     function foo(x: "hi", items: string[]): typeof foo;
     function foo(x: string, items: string[]): typeof foo {
         return null;
-        ~~~~~~
-!!! error TS2322: Type 'null' is not assignable to type '(x: "hi", items: string[]) => typeof foo'.
     }
     var a: D = foo("hi", []);
-        ~
-!!! error TS2322: Type '(x: "hi", items: string[]) => typeof foo' is not assignable to type 'D'.
+                   ~~~~
+!!! error TS2345: Argument of type 'string' is not assignable to parameter of type '"hi"'.

</message>
<stacktrace>
  at org.junit.Assert.fail(Assert.java:89)
  at kotlin.test.junit.JUnitAsserter.fail(JUnitSupport.kt:56)
  at kotlin.test.AssertionsKt__AssertionsKt.fail(Assertions.kt:563)
  at kotlin.test.AssertionsKt.fail(Unknown Source)
  at com.xemantic.kotlin.test.SameAsKt.sameAs(SameAs.kt:52)
  at com.xemantic.typescript.compiler.TypeScriptTestSupportKt.errorsMatchBaseline(TypeScriptTestSupport.kt:135)
  at com.xemantic.typescript.compiler.TypeScriptCompilerTests_C.crashInsourcePropertyIsRelatableToTargetProperty_ts has expected errors matching crashInsourcePropertyIsRelatableToTargetProperty_errors_txt(TypeScriptCompilerTests_C.kt:8820)
  at java.base/jdk.internal.reflect.DirectMethodHandleAccessor.invoke(DirectMethodHandleAccessor.java:104)
  at java.base/java.lang.reflect.Method.invoke(Method.java:565)
  at org.junit.runners.model.FrameworkMethod$1.runReflectiveCall(FrameworkMethod.java:59)
  at org.junit.internal.runners.model.ReflectiveCallable.run(ReflectiveCallable.java:12)
  at org.junit.runners.model.FrameworkMethod.invokeExplosively(FrameworkMethod.java:56)
  at org.junit.internal.runners.statements.InvokeMethod.evaluate(InvokeMethod.java:17)
  at org.junit.runners.ParentRunner$3.evaluate(ParentRunner.java:306)
  at org.junit.runners.BlockJUnit4ClassRunner$1.evaluate(BlockJUnit4ClassRunner.java:100)
  at org.junit.runners.ParentRunner.runLeaf(ParentRunner.java:366)
  at org.junit.runners.BlockJUnit4ClassRunner.runChild(BlockJUnit4ClassRunner.java:103)
  at org.junit.runners.BlockJUnit4ClassRunner.runChild(BlockJUnit4ClassRunner.java:63)
  at org.junit.runners.ParentRunner$4.run(ParentRunner.java:331)
  at org.junit.runners.ParentRunner$1.schedule(ParentRunner.java:79)
  at org.junit.runners.ParentRunner.runChildren(ParentRunner.java:329)
  at org.junit.runners.ParentRunner.access$100(ParentRunner.java:66)
  at org.junit.runners.ParentRunner$2.evaluate(ParentRunner.java:293)
  at org.junit.runners.ParentRunner$3.evaluate(ParentRunner.java:306)
  at org.junit.runners.ParentRunner.run(ParentRunner.java:413)
  at org.junit.runner.JUnitCore.run(JUnitCore.java:137)
  at org.junit.runner.JUnitCore.run(JUnitCore.java:115)
  at org.gradle.api.internal.tasks.testing.junit.JUnitTestExecutor.runRequest(JUnitTestExecutor.java:175)
  at org.gradle.api.internal.tasks.testing.junit.JUnitTestExecutor.accept(JUnitTestExecutor.java:84)
  at org.gradle.api.internal.tasks.testing.junit.JUnitTestExecutor.accept(JUnitTestExecutor.java:47)
  at org.gradle.api.internal.tasks.testing.junit.AbstractJUnitTestDefinitionProcessor.processTestDefinition(AbstractJUnitTestDefinitionProcessor.java:65)
  at org.gradle.api.internal.tasks.testing.SuiteTestDefinitionProcessor.processTestDefinition(SuiteTestDefinitionProcessor.java:54)
  at java.base/jdk.internal.reflect.DirectMethodHandleAccessor.invoke(DirectMethodHandleAccessor.java:104)
  at java.base/java.lang.reflect.Method.invoke(Method.java:565)
  at org.gradle.internal.dispatch.MethodInvocation.invokeOn(MethodInvocation.java:77)
  at org.gradle.internal.dispatch.ReflectionDispatch.dispatch(ReflectionDispatch.java:28)
  at org.gradle.internal.dispatch.ReflectionDispatch.dispatch(ReflectionDispatch.java:19)
  at org.gradle.internal.dispatch.ContextClassLoaderDispatch.dispatch(ContextClassLoaderDispatch.java:33)
  at org.gradle.internal.dispatch.ProxyDispatchAdapter$DispatchingInvocationHandler.invoke(ProxyDispatchAdapter.java:88)
  at jdk.proxy1/jdk.proxy1.$Proxy4.processTestDefinition(Unknown Source)
  at org.gradle.api.internal.tasks.testing.worker.TestWorker$2.run(TestWorker.java:178)
  at org.gradle.api.internal.tasks.testing.worker.TestWorker.executeAndMaintainThreadName(TestWorker.java:126)
  at org.gradle.api.internal.tasks.testing.worker.TestWorker.execute(TestWorker.java:103)
  at org.gradle.api.internal.tasks.testing.worker.TestWorker.execute(TestWorker.java:63)
  at org.gradle.process.internal.worker.child.ActionExecutionWorker.execute(ActionExecutionWorker.java:56)
  at org.gradle.process.internal.worker.child.SystemApplicationClassLoaderWorker.call(SystemApplicationClassLoaderWorker.java:122)
  at org.gradle.process.internal.worker.child.SystemApplicationClassLoaderWorker.call(SystemApplicationClassLoaderWorker.java:72)
  at worker.org.gradle.process.internal.worker.GradleWorkerMain.run(GradleWorkerMain.java:69)
  at worker.org.gradle.process.internal.worker.GradleWorkerMain.main(GradleWorkerMain.java:74)
</stacktrace>
</test-failure>


TypeScriptCompilerTests_C[jvm] > crashInsourcePropertyIsRelatableToTargetProperty_ts has expected errors matching crashInsourcePropertyIsRelatableToTargetProperty_errors_txt[jvm] FAILED

<test-failure test="com.xemantic.typescript.compiler.TypeScriptCompilerTests_C.commonSourceDir2_ts has expected errors matching commonSourceDir2_errors_txt" platform="jvm">
<message>
Expected diagnostics from baseline typescript-repo/tests/baselines/reference/commonSourceDir2.errors.txt but none produced
</message>
<stacktrace>
  at com.xemantic.typescript.compiler.TypeScriptTestSupportKt.errorsMatchBaseline(TypeScriptTestSupport.kt:125)
  at com.xemantic.typescript.compiler.TypeScriptCompilerTests_C.commonSourceDir2_ts has expected errors matching commonSourceDir2_errors_txt(TypeScriptCompilerTests_C.kt:5019)
  at java.base/jdk.internal.reflect.DirectMethodHandleAccessor.invoke(DirectMethodHandleAccessor.java:104)
  at java.base/java.lang.reflect.Method.invoke(Method.java:565)
  at org.junit.runners.model.FrameworkMethod$1.runReflectiveCall(FrameworkMethod.java:59)
  at org.junit.internal.runners.model.ReflectiveCallable.run(ReflectiveCallable.java:12)
  at org.junit.runners.model.FrameworkMethod.invokeExplosively(FrameworkMethod.java:56)
  at org.junit.internal.runners.statements.InvokeMethod.evaluate(InvokeMethod.java:17)
  at org.junit.runners.ParentRunner$3.evaluate(ParentRunner.java:306)
  at org.junit.runners.BlockJUnit4ClassRunner$1.evaluate(BlockJUnit4ClassRunner.java:100)
  at org.junit.runners.ParentRunner.runLeaf(ParentRunner.java:366)
  at org.junit.runners.BlockJUnit4ClassRunner.runChild(BlockJUnit4ClassRunner.java:103)
  at org.junit.runners.BlockJUnit4ClassRunner.runChild(BlockJUnit4ClassRunner.java:63)
  at org.junit.runners.ParentRunner$4.run(ParentRunner.java:331)
  at org.junit.runners.ParentRunner$1.schedule(ParentRunner.java:79)
  at org.junit.runners.ParentRunner.runChildren(ParentRunner.java:329)
  at org.junit.runners.ParentRunner.access$100(ParentRunner.java:66)
  at org.junit.runners.ParentRunner$2.evaluate(ParentRunner.java:293)
  at org.junit.runners.ParentRunner$3.evaluate(ParentRunner.java:306)
  at org.junit.runners.ParentRunner.run(ParentRunner.java:413)
  at org.junit.runner.JUnitCore.run(JUnitCore.java:137)
  at org.junit.runner.JUnitCore.run(JUnitCore.java:115)
  at org.gradle.api.internal.tasks.testing.junit.JUnitTestExecutor.runRequest(JUnitTestExecutor.java:175)
  at org.gradle.api.internal.tasks.testing.junit.JUnitTestExecutor.accept(JUnitTestExecutor.java:84)
  at org.gradle.api.internal.tasks.testing.junit.JUnitTestExecutor.accept(JUnitTestExecutor.java:47)
  at org.gradle.api.internal.tasks.testing.junit.AbstractJUnitTestDefinitionProcessor.processTestDefinition(AbstractJUnitTestDefinitionProcessor.java:65)
  at org.gradle.api.internal.tasks.testing.SuiteTestDefinitionProcessor.processTestDefinition(SuiteTestDefinitionProcessor.java:54)
  at java.base/jdk.internal.reflect.DirectMethodHandleAccessor.invoke(DirectMethodHandleAccessor.java:104)
  at java.base/java.lang.reflect.Method.invoke(Method.java:565)
  at org.gradle.internal.dispatch.MethodInvocation.invokeOn(MethodInvocation.java:77)
  at org.gradle.internal.dispatch.ReflectionDispatch.dispatch(ReflectionDispatch.java:28)
  at org.gradle.internal.dispatch.ReflectionDispatch.dispatch(ReflectionDispatch.java:19)
  at org.gradle.internal.dispatch.ContextClassLoaderDispatch.dispatch(ContextClassLoaderDispatch.java:33)
  at org.gradle.internal.dispatch.ProxyDispatchAdapter$DispatchingInvocationHandler.invoke(ProxyDispatchAdapter.java:88)
  at jdk.proxy1/jdk.proxy1.$Proxy4.processTestDefinition(Unknown Source)
  at org.gradle.api.internal.tasks.testing.worker.TestWorker$2.run(TestWorker.java:178)
  at org.gradle.api.internal.tasks.testing.worker.TestWorker.executeAndMaintainThreadName(TestWorker.java:126)
  at org.gradle.api.internal.tasks.testing.worker.TestWorker.execute(TestWorker.java:103)
  at org.gradle.api.internal.tasks.testing.worker.TestWorker.execute(TestWorker.java:63)
  at org.gradle.process.internal.worker.child.ActionExecutionWorker.execute(ActionExecutionWorker.java:56)
  at org.gradle.process.internal.worker.child.SystemApplicationClassLoaderWorker.call(SystemApplicationClassLoaderWorker.java:122)
  at org.gradle.process.internal.worker.child.SystemApplicationClassLoaderWorker.call(SystemApplicationClassLoaderWorker.java:72)
  at worker.org.gradle.process.internal.worker.GradleWorkerMain.run(GradleWorkerMain.java:69)
  at worker.org.gradle.process.internal.worker.GradleWorkerMain.main(GradleWorkerMain.java:74)
</stacktrace>
</test-failure>


TypeScriptCompilerTests_C[jvm] > commonSourceDir2_ts has expected errors matching commonSourceDir2_errors_txt[jvm] FAILED

<test-failure test="com.xemantic.typescript.compiler.TypeScriptCompilerTests_D.duplicateIdentifierRelatedSpans1_ts has expected errors matching duplicateIdentifierRelatedSpans1_errors_txt" platform="jvm">
<message>
Expected diagnostics from baseline typescript-repo/tests/baselines/reference/duplicateIdentifierRelatedSpans1.errors.txt but none produced
</message>
<stacktrace>
  at com.xemantic.typescript.compiler.TypeScriptTestSupportKt.errorsMatchBaseline(TypeScriptTestSupport.kt:125)
  at com.xemantic.typescript.compiler.TypeScriptCompilerTests_D.duplicateIdentifierRelatedSpans1_ts has expected errors matching duplicateIdentifierRelatedSpans1_errors_txt(TypeScriptCompilerTests_D.kt:6349)
  at java.base/jdk.internal.reflect.DirectMethodHandleAccessor.invoke(DirectMethodHandleAccessor.java:104)
  at java.base/java.lang.reflect.Method.invoke(Method.java:565)
  at org.junit.runners.model.FrameworkMethod$1.runReflectiveCall(FrameworkMethod.java:59)
  at org.junit.internal.runners.model.ReflectiveCallable.run(ReflectiveCallable.java:12)
  at org.junit.runners.model.FrameworkMethod.invokeExplosively(FrameworkMethod.java:56)
  at org.junit.internal.runners.statements.InvokeMethod.evaluate(InvokeMethod.java:17)
  at org.junit.runners.ParentRunner$3.evaluate(ParentRunner.java:306)
  at org.junit.runners.BlockJUnit4ClassRunner$1.evaluate(BlockJUnit4ClassRunner.java:100)
  at org.junit.runners.ParentRunner.runLeaf(ParentRunner.java:366)
  at org.junit.runners.BlockJUnit4ClassRunner.runChild(BlockJUnit4ClassRunner.java:103)
  at org.junit.runners.BlockJUnit4ClassRunner.runChild(BlockJUnit4ClassRunner.java:63)
  at org.junit.runners.ParentRunner$4.run(ParentRunner.java:331)
  at org.junit.runners.ParentRunner$1.schedule(ParentRunner.java:79)
  at org.junit.runners.ParentRunner.runChildren(ParentRunner.java:329)
  at org.junit.runners.ParentRunner.access$100(ParentRunner.java:66)
  at org.junit.runners.ParentRunner$2.evaluate(ParentRunner.java:293)
  at org.junit.runners.ParentRunner$3.evaluate(ParentRunner.java:306)
  at org.junit.runners.ParentRunner.run(ParentRunner.java:413)
  at org.junit.runner.JUnitCore.run(JUnitCore.java:137)
  at org.junit.runner.JUnitCore.run(JUnitCore.java:115)
  at org.gradle.api.internal.tasks.testing.junit.JUnitTestExecutor.runRequest(JUnitTestExecutor.java:175)
  at org.gradle.api.internal.tasks.testing.junit.JUnitTestExecutor.accept(JUnitTestExecutor.java:84)
  at org.gradle.api.internal.tasks.testing.junit.JUnitTestExecutor.accept(JUnitTestExecutor.java:47)
  at org.gradle.api.internal.tasks.testing.junit.AbstractJUnitTestDefinitionProcessor.processTestDefinition(AbstractJUnitTestDefinitionProcessor.java:65)
  at org.gradle.api.internal.tasks.testing.SuiteTestDefinitionProcessor.processTestDefinition(SuiteTestDefinitionProcessor.java:54)
  at java.base/jdk.internal.reflect.DirectMethodHandleAccessor.invoke(DirectMethodHandleAccessor.java:104)
  at java.base/java.lang.reflect.Method.invoke(Method.java:565)
  at org.gradle.internal.dispatch.MethodInvocation.invokeOn(MethodInvocation.java:77)
  at org.gradle.internal.dispatch.ReflectionDispatch.dispatch(ReflectionDispatch.java:28)
  at org.gradle.internal.dispatch.ReflectionDispatch.dispatch(ReflectionDispatch.java:19)
  at org.gradle.internal.dispatch.ContextClassLoaderDispatch.dispatch(ContextClassLoaderDispatch.java:33)
  at org.gradle.internal.dispatch.ProxyDispatchAdapter$DispatchingInvocationHandler.invoke(ProxyDispatchAdapter.java:88)
  at jdk.proxy1/jdk.proxy1.$Proxy4.processTestDefinition(Unknown Source)
  at org.gradle.api.internal.tasks.testing.worker.TestWorker$2.run(TestWorker.java:178)
  at org.gradle.api.internal.tasks.testing.worker.TestWorker.executeAndMaintainThreadName(TestWorker.java:126)
  at org.gradle.api.internal.tasks.testing.worker.TestWorker.execute(TestWorker.java:103)
  at org.gradle.api.internal.tasks.testing.worker.TestWorker.execute(TestWorker.java:63)
  at org.gradle.process.internal.worker.child.ActionExecutionWorker.execute(ActionExecutionWorker.java:56)
  at org.gradle.process.internal.worker.child.SystemApplicationClassLoaderWorker.call(SystemApplicationClassLoaderWorker.java:122)
  at org.gradle.process.internal.worker.child.SystemApplicationClassLoaderWorker.call(SystemApplicationClassLoaderWorker.java:72)
  at worker.org.gradle.process.internal.worker.GradleWorkerMain.run(GradleWorkerMain.java:69)
  at worker.org.gradle.process.internal.worker.GradleWorkerMain.main(GradleWorkerMain.java:74)
</stacktrace>
</test-failure>


TypeScriptCompilerTests_D[jvm] > duplicateIdentifierRelatedSpans1_ts has expected errors matching duplicateIdentifierRelatedSpans1_errors_txt[jvm] FAILED

<test-failure test="com.xemantic.typescript.compiler.TypeScriptCompilerTests_D.deepKeysIndexing_ts has expected errors matching deepKeysIndexing_errors_txt" platform="jvm">
<message>
Expected diagnostics from baseline typescript-repo/tests/baselines/reference/deepKeysIndexing.errors.txt but none produced
</message>
<stacktrace>
  at com.xemantic.typescript.compiler.TypeScriptTestSupportKt.errorsMatchBaseline(TypeScriptTestSupport.kt:125)
  at com.xemantic.typescript.compiler.TypeScriptCompilerTests_D.deepKeysIndexing_ts has expected errors matching deepKeysIndexing_errors_txt(TypeScriptCompilerTests_D.kt:4130)
  at java.base/jdk.internal.reflect.DirectMethodHandleAccessor.invoke(DirectMethodHandleAccessor.java:104)
  at java.base/java.lang.reflect.Method.invoke(Method.java:565)
  at org.junit.runners.model.FrameworkMethod$1.runReflectiveCall(FrameworkMethod.java:59)
  at org.junit.internal.runners.model.ReflectiveCallable.run(ReflectiveCallable.java:12)
  at org.junit.runners.model.FrameworkMethod.invokeExplosively(FrameworkMethod.java:56)
  at org.junit.internal.runners.statements.InvokeMethod.evaluate(InvokeMethod.java:17)
  at org.junit.runners.ParentRunner$3.evaluate(ParentRunner.java:306)
  at org.junit.runners.BlockJUnit4ClassRunner$1.evaluate(BlockJUnit4ClassRunner.java:100)
  at org.junit.runners.ParentRunner.runLeaf(ParentRunner.java:366)
  at org.junit.runners.BlockJUnit4ClassRunner.runChild(BlockJUnit4ClassRunner.java:103)
  at org.junit.runners.BlockJUnit4ClassRunner.runChild(BlockJUnit4ClassRunner.java:63)
  at org.junit.runners.ParentRunner$4.run(ParentRunner.java:331)
  at org.junit.runners.ParentRunner$1.schedule(ParentRunner.java:79)
  at org.junit.runners.ParentRunner.runChildren(ParentRunner.java:329)
  at org.junit.runners.ParentRunner.access$100(ParentRunner.java:66)
  at org.junit.runners.ParentRunner$2.evaluate(ParentRunner.java:293)
  at org.junit.runners.ParentRunner$3.evaluate(ParentRunner.java:306)
  at org.junit.runners.ParentRunner.run(ParentRunner.java:413)
  at org.junit.runner.JUnitCore.run(JUnitCore.java:137)
  at org.junit.runner.JUnitCore.run(JUnitCore.java:115)
  at org.gradle.api.internal.tasks.testing.junit.JUnitTestExecutor.runRequest(JUnitTestExecutor.java:175)
  at org.gradle.api.internal.tasks.testing.junit.JUnitTestExecutor.accept(JUnitTestExecutor.java:84)
  at org.gradle.api.internal.tasks.testing.junit.JUnitTestExecutor.accept(JUnitTestExecutor.java:47)
  at org.gradle.api.internal.tasks.testing.junit.AbstractJUnitTestDefinitionProcessor.processTestDefinition(AbstractJUnitTestDefinitionProcessor.java:65)
  at org.gradle.api.internal.tasks.testing.SuiteTestDefinitionProcessor.processTestDefinition(SuiteTestDefinitionProcessor.java:54)
  at java.base/jdk.internal.reflect.DirectMethodHandleAccessor.invoke(DirectMethodHandleAccessor.java:104)
  at java.base/java.lang.reflect.Method.invoke(Method.java:565)
  at org.gradle.internal.dispatch.MethodInvocation.invokeOn(MethodInvocation.java:77)
  at org.gradle.internal.dispatch.ReflectionDispatch.dispatch(ReflectionDispatch.java:28)
  at org.gradle.internal.dispatch.ReflectionDispatch.dispatch(ReflectionDispatch.java:19)
  at org.gradle.internal.dispatch.ContextClassLoaderDispatch.dispatch(ContextClassLoaderDispatch.java:33)
  at org.gradle.internal.dispatch.ProxyDispatchAdapter$DispatchingInvocationHandler.invoke(ProxyDispatchAdapter.java:88)
  at jdk.proxy1/jdk.proxy1.$Proxy4.processTestDefinition(Unknown Source)
  at org.gradle.api.internal.tasks.testing.worker.TestWorker$2.run(TestWorker.java:178)
  at org.gradle.api.internal.tasks.testing.worker.TestWorker.executeAndMaintainThreadName(TestWorker.java:126)
  at org.gradle.api.internal.tasks.testing.worker.TestWorker.execute(TestWorker.java:103)
  at org.gradle.api.internal.tasks.testing.worker.TestWorker.execute(TestWorker.java:63)
  at org.gradle.process.internal.worker.child.ActionExecutionWorker.execute(ActionExecutionWorker.java:56)
  at org.gradle.process.internal.worker.child.SystemApplicationClassLoaderWorker.call(SystemApplicationClassLoaderWorker.java:122)
  at org.gradle.process.internal.worker.child.SystemApplicationClassLoaderWorker.call(SystemApplicationClassLoaderWorker.java:72)
  at worker.org.gradle.process.internal.worker.GradleWorkerMain.run(GradleWorkerMain.java:69)
  at worker.org.gradle.process.internal.worker.GradleWorkerMain.main(GradleWorkerMain.java:74)
</stacktrace>
</test-failure>


TypeScriptCompilerTests_D[jvm] > deepKeysIndexing_ts has expected errors matching deepKeysIndexing_errors_txt[jvm] FAILED

<test-failure test="com.xemantic.typescript.compiler.TypeScriptCompilerTests_D.declarationEmitTransitiveImportOfHtmlDeclarationItem_ts compiles to JavaScript matching declarationEmitTransitiveImportOfHtmlDeclarationItem_js" platform="jvm">
<message>
--- expected
+++ actual
@@ -14,6 +14,9 @@
 import { func } from "./reexporter";
 export const c = func();
 
+//// [foo.d.html.js]
+"use strict";
+Object.defineProperty(exports, "__esModule", { value: true });
 //// [reexporter.js]
 "use strict";
 Object.defineProperty(exports, "__esModule", { value: true });

</message>
<stacktrace>
  at org.junit.Assert.fail(Assert.java:89)
  at kotlin.test.junit.JUnitAsserter.fail(JUnitSupport.kt:56)
  at kotlin.test.AssertionsKt__AssertionsKt.fail(Assertions.kt:563)
  at kotlin.test.AssertionsKt.fail(Unknown Source)
  at com.xemantic.kotlin.test.SameAsKt.sameAs(SameAs.kt:52)
  at com.xemantic.typescript.compiler.TypeScriptTestSupportKt.sameAs(TypeScriptTestSupport.kt:99)
  at com.xemantic.typescript.compiler.TypeScriptCompilerTests_D.declarationEmitTransitiveImportOfHtmlDeclarationItem_ts compiles to JavaScript matching declarationEmitTransitiveImportOfHtmlDeclarationItem_js(TypeScriptCompilerTests_D.kt:2989)
  at java.base/jdk.internal.reflect.DirectMethodHandleAccessor.invoke(DirectMethodHandleAccessor.java:104)
  at java.base/java.lang.reflect.Method.invoke(Method.java:565)
  at org.junit.runners.model.FrameworkMethod$1.runReflectiveCall(FrameworkMethod.java:59)
  at org.junit.internal.runners.model.ReflectiveCallable.run(ReflectiveCallable.java:12)
  at org.junit.runners.model.FrameworkMethod.invokeExplosively(FrameworkMethod.java:56)
  at org.junit.internal.runners.statements.InvokeMethod.evaluate(InvokeMethod.java:17)
  at org.junit.runners.ParentRunner$3.evaluate(ParentRunner.java:306)
  at org.junit.runners.BlockJUnit4ClassRunner$1.evaluate(BlockJUnit4ClassRunner.java:100)
  at org.junit.runners.ParentRunner.runLeaf(ParentRunner.java:366)
  at org.junit.runners.BlockJUnit4ClassRunner.runChild(BlockJUnit4ClassRunner.java:103)
  at org.junit.runners.BlockJUnit4ClassRunner.runChild(BlockJUnit4ClassRunner.java:63)
  at org.junit.runners.ParentRunner$4.run(ParentRunner.java:331)
  at org.junit.runners.ParentRunner$1.schedule(ParentRunner.java:79)
  at org.junit.runners.ParentRunner.runChildren(ParentRunner.java:329)
  at org.junit.runners.ParentRunner.access$100(ParentRunner.java:66)
  at org.junit.runners.ParentRunner$2.evaluate(ParentRunner.java:293)
  at org.junit.runners.ParentRunner$3.evaluate(ParentRunner.java:306)
  at org.junit.runners.ParentRunner.run(ParentRunner.java:413)
  at org.junit.runner.JUnitCore.run(JUnitCore.java:137)
  at org.junit.runner.JUnitCore.run(JUnitCore.java:115)
  at org.gradle.api.internal.tasks.testing.junit.JUnitTestExecutor.runRequest(JUnitTestExecutor.java:175)
  at org.gradle.api.internal.tasks.testing.junit.JUnitTestExecutor.accept(JUnitTestExecutor.java:84)
  at org.gradle.api.internal.tasks.testing.junit.JUnitTestExecutor.accept(JUnitTestExecutor.java:47)
  at org.gradle.api.internal.tasks.testing.junit.AbstractJUnitTestDefinitionProcessor.processTestDefinition(AbstractJUnitTestDefinitionProcessor.java:65)
  at org.gradle.api.internal.tasks.testing.SuiteTestDefinitionProcessor.processTestDefinition(SuiteTestDefinitionProcessor.java:54)
  at java.base/jdk.internal.reflect.DirectMethodHandleAccessor.invoke(DirectMethodHandleAccessor.java:104)
  at java.base/java.lang.reflect.Method.invoke(Method.java:565)
  at org.gradle.internal.dispatch.MethodInvocation.invokeOn(MethodInvocation.java:77)
  at org.gradle.internal.dispatch.ReflectionDispatch.dispatch(ReflectionDispatch.java:28)
  at org.gradle.internal.dispatch.ReflectionDispatch.dispatch(ReflectionDispatch.java:19)
  at org.gradle.internal.dispatch.ContextClassLoaderDispatch.dispatch(ContextClassLoaderDispatch.java:33)
  at org.gradle.internal.dispatch.ProxyDispatchAdapter$DispatchingInvocationHandler.invoke(ProxyDispatchAdapter.java:88)
  at jdk.proxy1/jdk.proxy1.$Proxy4.processTestDefinition(Unknown Source)
  at org.gradle.api.internal.tasks.testing.worker.TestWorker$2.run(TestWorker.java:178)
  at org.gradle.api.internal.tasks.testing.worker.TestWorker.executeAndMaintainThreadName(TestWorker.java:126)
  at org.gradle.api.internal.tasks.testing.worker.TestWorker.execute(TestWorker.java:103)
  at org.gradle.api.internal.tasks.testing.worker.TestWorker.execute(TestWorker.java:63)
  at org.gradle.process.internal.worker.child.ActionExecutionWorker.execute(ActionExecutionWorker.java:56)
  at org.gradle.process.internal.worker.child.SystemApplicationClassLoaderWorker.call(SystemApplicationClassLoaderWorker.java:122)
  at org.gradle.process.internal.worker.child.SystemApplicationClassLoaderWorker.call(SystemApplicationClassLoaderWorker.java:72)
  at worker.org.gradle.process.internal.worker.GradleWorkerMain.run(GradleWorkerMain.java:69)
  at worker.org.gradle.process.internal.worker.GradleWorkerMain.main(GradleWorkerMain.java:74)
</stacktrace>
</test-failure>


TypeScriptCompilerTests_D[jvm] > declarationEmitTransitiveImportOfHtmlDeclarationItem_ts compiles to JavaScript matching declarationEmitTransitiveImportOfHtmlDeclarationItem_js[jvm] FAILED

<test-failure test="com.xemantic.typescript.compiler.TypeScriptCompilerTests_D.declarationEmitInterfaceWithNonEntityNameExpressionHeritage_ts has expected errors matching declarationEmitInterfaceWithNonEntityNameExpressionHeritage_errors_txt" platform="jvm">
<message>
Expected diagnostics from baseline typescript-repo/tests/baselines/reference/declarationEmitInterfaceWithNonEntityNameExpressionHeritage.errors.txt but none produced
</message>
<stacktrace>
  at com.xemantic.typescript.compiler.TypeScriptTestSupportKt.errorsMatchBaseline(TypeScriptTestSupport.kt:125)
  at com.xemantic.typescript.compiler.TypeScriptCompilerTests_D.declarationEmitInterfaceWithNonEntityNameExpressionHeritage_ts has expected errors matching declarationEmitInterfaceWithNonEntityNameExpressionHeritage_errors_txt(TypeScriptCompilerTests_D.kt:2156)
  at java.base/jdk.internal.reflect.DirectMethodHandleAccessor.invoke(DirectMethodHandleAccessor.java:104)
  at java.base/java.lang.reflect.Method.invoke(Method.java:565)
  at org.junit.runners.model.FrameworkMethod$1.runReflectiveCall(FrameworkMethod.java:59)
  at org.junit.internal.runners.model.ReflectiveCallable.run(ReflectiveCallable.java:12)
  at org.junit.runners.model.FrameworkMethod.invokeExplosively(FrameworkMethod.java:56)
  at org.junit.internal.runners.statements.InvokeMethod.evaluate(InvokeMethod.java:17)
  at org.junit.runners.ParentRunner$3.evaluate(ParentRunner.java:306)
  at org.junit.runners.BlockJUnit4ClassRunner$1.evaluate(BlockJUnit4ClassRunner.java:100)
  at org.junit.runners.ParentRunner.runLeaf(ParentRunner.java:366)
  at org.junit.runners.BlockJUnit4ClassRunner.runChild(BlockJUnit4ClassRunner.java:103)
  at org.junit.runners.BlockJUnit4ClassRunner.runChild(BlockJUnit4ClassRunner.java:63)
  at org.junit.runners.ParentRunner$4.run(ParentRunner.java:331)
  at org.junit.runners.ParentRunner$1.schedule(ParentRunner.java:79)
  at org.junit.runners.ParentRunner.runChildren(ParentRunner.java:329)
  at org.junit.runners.ParentRunner.access$100(ParentRunner.java:66)
  at org.junit.runners.ParentRunner$2.evaluate(ParentRunner.java:293)
  at org.junit.runners.ParentRunner$3.evaluate(ParentRunner.java:306)
  at org.junit.runners.ParentRunner.run(ParentRunner.java:413)
  at org.junit.runner.JUnitCore.run(JUnitCore.java:137)
  at org.junit.runner.JUnitCore.run(JUnitCore.java:115)
  at org.gradle.api.internal.tasks.testing.junit.JUnitTestExecutor.runRequest(JUnitTestExecutor.java:175)
  at org.gradle.api.internal.tasks.testing.junit.JUnitTestExecutor.accept(JUnitTestExecutor.java:84)
  at org.gradle.api.internal.tasks.testing.junit.JUnitTestExecutor.accept(JUnitTestExecutor.java:47)
  at org.gradle.api.internal.tasks.testing.junit.AbstractJUnitTestDefinitionProcessor.processTestDefinition(AbstractJUnitTestDefinitionProcessor.java:65)
  at org.gradle.api.internal.tasks.testing.SuiteTestDefinitionProcessor.processTestDefinition(SuiteTestDefinitionProcessor.java:54)
  at java.base/jdk.internal.reflect.DirectMethodHandleAccessor.invoke(DirectMethodHandleAccessor.java:104)
  at java.base/java.lang.reflect.Method.invoke(Method.java:565)
  at org.gradle.internal.dispatch.MethodInvocation.invokeOn(MethodInvocation.java:77)
  at org.gradle.internal.dispatch.ReflectionDispatch.dispatch(ReflectionDispatch.java:28)
  at org.gradle.internal.dispatch.ReflectionDispatch.dispatch(ReflectionDispatch.java:19)
  at org.gradle.internal.dispatch.ContextClassLoaderDispatch.dispatch(ContextClassLoaderDispatch.java:33)
  at org.gradle.internal.dispatch.ProxyDispatchAdapter$DispatchingInvocationHandler.invoke(ProxyDispatchAdapter.java:88)
  at jdk.proxy1/jdk.proxy1.$Proxy4.processTestDefinition(Unknown Source)
  at org.gradle.api.internal.tasks.testing.worker.TestWorker$2.run(TestWorker.java:178)
  at org.gradle.api.internal.tasks.testing.worker.TestWorker.executeAndMaintainThreadName(TestWorker.java:126)
  at org.gradle.api.internal.tasks.testing.worker.TestWorker.execute(TestWorker.java:103)
  at org.gradle.api.internal.tasks.testing.worker.TestWorker.execute(TestWorker.java:63)
  at org.gradle.process.internal.worker.child.ActionExecutionWorker.execute(ActionExecutionWorker.java:56)
  at org.gradle.process.internal.worker.child.SystemApplicationClassLoaderWorker.call(SystemApplicationClassLoaderWorker.java:122)
  at org.gradle.process.internal.worker.child.SystemApplicationClassLoaderWorker.call(SystemApplicationClassLoaderWorker.java:72)
  at worker.org.gradle.process.internal.worker.GradleWorkerMain.run(GradleWorkerMain.java:69)
  at worker.org.gradle.process.internal.worker.GradleWorkerMain.main(GradleWorkerMain.java:74)
</stacktrace>
</test-failure>


TypeScriptCompilerTests_D[jvm] > declarationEmitInterfaceWithNonEntityNameExpressionHeritage_ts has expected errors matching declarationEmitInterfaceWithNonEntityNameExpressionHeritage_errors_txt[jvm] FAILED

<test-failure test="com.xemantic.typescript.compiler.TypeScriptCompilerTests_D.duplicateSymbolsExportMatching_ts has expected errors matching duplicateSymbolsExportMatching_errors_txt" platform="jvm">
<message>
--- expected
+++ actual
@@ -8,17 +8,14 @@
 duplicateSymbolsExportMatching.ts(43,16): error TS2395: Individual declarations in merged declaration 'v' must be all exported or all local.
 duplicateSymbolsExportMatching.ts(44,9): error TS2395: Individual declarations in merged declaration 'w' must be all exported or all local.
 duplicateSymbolsExportMatching.ts(45,16): error TS2395: Individual declarations in merged declaration 'w' must be all exported or all local.
-duplicateSymbolsExportMatching.ts(49,15): error TS2395: Individual declarations in merged declaration 'F' must be all exported or all local.
 duplicateSymbolsExportMatching.ts(49,15): error TS2434: A namespace declaration cannot be located prior to a class or function with which it is merged.
-duplicateSymbolsExportMatching.ts(52,21): error TS2395: Individual declarations in merged declaration 'F' must be all exported or all local.
-duplicateSymbolsExportMatching.ts(56,11): error TS2395: Individual declarations in merged declaration 'C' must be all exported or all local.
 duplicateSymbolsExportMatching.ts(57,15): error TS2395: Individual declarations in merged declaration 'C' must be all exported or all local.
 duplicateSymbolsExportMatching.ts(58,22): error TS2395: Individual declarations in merged declaration 'C' must be all exported or all local.
 duplicateSymbolsExportMatching.ts(64,11): error TS2395: Individual declarations in merged declaration 'D' must be all exported or all local.
 duplicateSymbolsExportMatching.ts(65,18): error TS2395: Individual declarations in merged declaration 'D' must be all exported or all local.
 
 
-==== duplicateSymbolsExportMatching.ts (18 errors) ====
+==== duplicateSymbolsExportMatching.ts (15 errors) ====
     namespace M {
         export interface E { }
         interface I { }
@@ -89,20 +86,14 @@
     namespace M {
         namespace F {
                   ~
-!!! error TS2395: Individual declarations in merged declaration 'F' must be all exported or all local.
-                  ~
 !!! error TS2434: A namespace declaration cannot be located prior to a class or function with which it is merged.
             var t;
         }
         export function F() { } // Only one error for duplicate identifier (don't consider visibility)
-                        ~
-!!! error TS2395: Individual declarations in merged declaration 'F' must be all exported or all local.
     }
     
     namespace M {
         class C { }
-              ~
-!!! error TS2395: Individual declarations in merged declaration 'C' must be all exported or all local.
         namespace C { }
                   ~
 !!! error TS2395: Individual declarations in merged declaration 'C' must be all exported or all local.

</message>
<stacktrace>
  at org.junit.Assert.fail(Assert.java:89)
  at kotlin.test.junit.JUnitAsserter.fail(JUnitSupport.kt:56)
  at kotlin.test.AssertionsKt__AssertionsKt.fail(Assertions.kt:563)
  at kotlin.test.AssertionsKt.fail(Unknown Source)
  at com.xemantic.kotlin.test.SameAsKt.sameAs(SameAs.kt:52)
  at com.xemantic.typescript.compiler.TypeScriptTestSupportKt.errorsMatchBaseline(TypeScriptTestSupport.kt:135)
  at com.xemantic.typescript.compiler.TypeScriptCompilerTests_D.duplicateSymbolsExportMatching_ts has expected errors matching duplicateSymbolsExportMatching_errors_txt(TypeScriptCompilerTests_D.kt:6797)
  at java.base/jdk.internal.reflect.DirectMethodHandleAccessor.invoke(DirectMethodHandleAccessor.java:104)
  at java.base/java.lang.reflect.Method.invoke(Method.java:565)
  at org.junit.runners.model.FrameworkMethod$1.runReflectiveCall(FrameworkMethod.java:59)
  at org.junit.internal.runners.model.ReflectiveCallable.run(ReflectiveCallable.java:12)
  at org.junit.runners.model.FrameworkMethod.invokeExplosively(FrameworkMethod.java:56)
  at org.junit.internal.runners.statements.InvokeMethod.evaluate(InvokeMethod.java:17)
  at org.junit.runners.ParentRunner$3.evaluate(ParentRunner.java:306)
  at org.junit.runners.BlockJUnit4ClassRunner$1.evaluate(BlockJUnit4ClassRunner.java:100)
  at org.junit.runners.ParentRunner.runLeaf(ParentRunner.java:366)
  at org.junit.runners.BlockJUnit4ClassRunner.runChild(BlockJUnit4ClassRunner.java:103)
  at org.junit.runners.BlockJUnit4ClassRunner.runChild(BlockJUnit4ClassRunner.java:63)
  at org.junit.runners.ParentRunner$4.run(ParentRunner.java:331)
  at org.junit.runners.ParentRunner$1.schedule(ParentRunner.java:79)
  at org.junit.runners.ParentRunner.runChildren(ParentRunner.java:329)
  at org.junit.runners.ParentRunner.access$100(ParentRunner.java:66)
  at org.junit.runners.ParentRunner$2.evaluate(ParentRunner.java:293)
  at org.junit.runners.ParentRunner$3.evaluate(ParentRunner.java:306)
  at org.junit.runners.ParentRunner.run(ParentRunner.java:413)
  at org.junit.runner.JUnitCore.run(JUnitCore.java:137)
  at org.junit.runner.JUnitCore.run(JUnitCore.java:115)
  at org.gradle.api.internal.tasks.testing.junit.JUnitTestExecutor.runRequest(JUnitTestExecutor.java:175)
  at org.gradle.api.internal.tasks.testing.junit.JUnitTestExecutor.accept(JUnitTestExecutor.java:84)
  at org.gradle.api.internal.tasks.testing.junit.JUnitTestExecutor.accept(JUnitTestExecutor.java:47)
  at org.gradle.api.internal.tasks.testing.junit.AbstractJUnitTestDefinitionProcessor.processTestDefinition(AbstractJUnitTestDefinitionProcessor.java:65)
  at org.gradle.api.internal.tasks.testing.SuiteTestDefinitionProcessor.processTestDefinition(SuiteTestDefinitionProcessor.java:54)
  at java.base/jdk.internal.reflect.DirectMethodHandleAccessor.invoke(DirectMethodHandleAccessor.java:104)
  at java.base/java.lang.reflect.Method.invoke(Method.java:565)
  at org.gradle.internal.dispatch.MethodInvocation.invokeOn(MethodInvocation.java:77)
  at org.gradle.internal.dispatch.ReflectionDispatch.dispatch(ReflectionDispatch.java:28)
  at org.gradle.internal.dispatch.ReflectionDispatch.dispatch(ReflectionDispatch.java:19)
  at org.gradle.internal.dispatch.ContextClassLoaderDispatch.dispatch(ContextClassLoaderDispatch.java:33)
  at org.gradle.internal.dispatch.ProxyDispatchAdapter$DispatchingInvocationHandler.invoke(ProxyDispatchAdapter.java:88)
  at jdk.proxy1/jdk.proxy1.$Proxy4.processTestDefinition(Unknown Source)
  at org.gradle.api.internal.tasks.testing.worker.TestWorker$2.run(TestWorker.java:178)
  at org.gradle.api.internal.tasks.testing.worker.TestWorker.executeAndMaintainThreadName(TestWorker.java:126)
  at org.gradle.api.internal.tasks.testing.worker.TestWorker.execute(TestWorker.java:103)
  at org.gradle.api.internal.tasks.testing.worker.TestWorker.execute(TestWorker.java:63)
  at org.gradle.process.internal.worker.child.ActionExecutionWorker.execute(ActionExecutionWorker.java:56)
  at org.gradle.process.internal.worker.child.SystemApplicationClassLoaderWorker.call(SystemApplicationClassLoaderWorker.java:122)
  at org.gradle.process.internal.worker.child.SystemApplicationClassLoaderWorker.call(SystemApplicationClassLoaderWorker.java:72)
  at worker.org.gradle.process.internal.worker.GradleWorkerMain.run(GradleWorkerMain.java:69)
  at worker.org.gradle.process.internal.worker.GradleWorkerMain.main(GradleWorkerMain.java:74)
</stacktrace>
</test-failure>


TypeScriptCompilerTests_D[jvm] > duplicateSymbolsExportMatching_ts has expected errors matching duplicateSymbolsExportMatching_errors_txt[jvm] FAILED

<test-failure test="com.xemantic.typescript.compiler.TypeScriptCompilerTests_D.duplicateIdentifierRelatedSpans2_ts has expected errors matching duplicateIdentifierRelatedSpans2_errors_txt" platform="jvm">
<message>
Expected diagnostics from baseline typescript-repo/tests/baselines/reference/duplicateIdentifierRelatedSpans2.errors.txt but none produced
</message>
<stacktrace>
  at com.xemantic.typescript.compiler.TypeScriptTestSupportKt.errorsMatchBaseline(TypeScriptTestSupport.kt:125)
  at com.xemantic.typescript.compiler.TypeScriptCompilerTests_D.duplicateIdentifierRelatedSpans2_ts has expected errors matching duplicateIdentifierRelatedSpans2_errors_txt(TypeScriptCompilerTests_D.kt:6363)
  at java.base/jdk.internal.reflect.DirectMethodHandleAccessor.invoke(DirectMethodHandleAccessor.java:104)
  at java.base/java.lang.reflect.Method.invoke(Method.java:565)
  at org.junit.runners.model.FrameworkMethod$1.runReflectiveCall(FrameworkMethod.java:59)
  at org.junit.internal.runners.model.ReflectiveCallable.run(ReflectiveCallable.java:12)
  at org.junit.runners.model.FrameworkMethod.invokeExplosively(FrameworkMethod.java:56)
  at org.junit.internal.runners.statements.InvokeMethod.evaluate(InvokeMethod.java:17)
  at org.junit.runners.ParentRunner$3.evaluate(ParentRunner.java:306)
  at org.junit.runners.BlockJUnit4ClassRunner$1.evaluate(BlockJUnit4ClassRunner.java:100)
  at org.junit.runners.ParentRunner.runLeaf(ParentRunner.java:366)
  at org.junit.runners.BlockJUnit4ClassRunner.runChild(BlockJUnit4ClassRunner.java:103)
  at org.junit.runners.BlockJUnit4ClassRunner.runChild(BlockJUnit4ClassRunner.java:63)
  at org.junit.runners.ParentRunner$4.run(ParentRunner.java:331)
  at org.junit.runners.ParentRunner$1.schedule(ParentRunner.java:79)
  at org.junit.runners.ParentRunner.runChildren(ParentRunner.java:329)
  at org.junit.runners.ParentRunner.access$100(ParentRunner.java:66)
  at org.junit.runners.ParentRunner$2.evaluate(ParentRunner.java:293)
  at org.junit.runners.ParentRunner$3.evaluate(ParentRunner.java:306)
  at org.junit.runners.ParentRunner.run(ParentRunner.java:413)
  at org.junit.runner.JUnitCore.run(JUnitCore.java:137)
  at org.junit.runner.JUnitCore.run(JUnitCore.java:115)
  at org.gradle.api.internal.tasks.testing.junit.JUnitTestExecutor.runRequest(JUnitTestExecutor.java:175)
  at org.gradle.api.internal.tasks.testing.junit.JUnitTestExecutor.accept(JUnitTestExecutor.java:84)
  at org.gradle.api.internal.tasks.testing.junit.JUnitTestExecutor.accept(JUnitTestExecutor.java:47)
  at org.gradle.api.internal.tasks.testing.junit.AbstractJUnitTestDefinitionProcessor.processTestDefinition(AbstractJUnitTestDefinitionProcessor.java:65)
  at org.gradle.api.internal.tasks.testing.SuiteTestDefinitionProcessor.processTestDefinition(SuiteTestDefinitionProcessor.java:54)
  at java.base/jdk.internal.reflect.DirectMethodHandleAccessor.invoke(DirectMethodHandleAccessor.java:104)
  at java.base/java.lang.reflect.Method.invoke(Method.java:565)
  at org.gradle.internal.dispatch.MethodInvocation.invokeOn(MethodInvocation.java:77)
  at org.gradle.internal.dispatch.ReflectionDispatch.dispatch(ReflectionDispatch.java:28)
  at org.gradle.internal.dispatch.ReflectionDispatch.dispatch(ReflectionDispatch.java:19)
  at org.gradle.internal.dispatch.ContextClassLoaderDispatch.dispatch(ContextClassLoaderDispatch.java:33)
  at org.gradle.internal.dispatch.ProxyDispatchAdapter$DispatchingInvocationHandler.invoke(ProxyDispatchAdapter.java:88)
  at jdk.proxy1/jdk.proxy1.$Proxy4.processTestDefinition(Unknown Source)
  at org.gradle.api.internal.tasks.testing.worker.TestWorker$2.run(TestWorker.java:178)
  at org.gradle.api.internal.tasks.testing.worker.TestWorker.executeAndMaintainThreadName(TestWorker.java:126)
  at org.gradle.api.internal.tasks.testing.worker.TestWorker.execute(TestWorker.java:103)
  at org.gradle.api.internal.tasks.testing.worker.TestWorker.execute(TestWorker.java:63)
  at org.gradle.process.internal.worker.child.ActionExecutionWorker.execute(ActionExecutionWorker.java:56)
  at org.gradle.process.internal.worker.child.SystemApplicationClassLoaderWorker.call(SystemApplicationClassLoaderWorker.java:122)
  at org.gradle.process.internal.worker.child.SystemApplicationClassLoaderWorker.call(SystemApplicationClassLoaderWorker.java:72)
  at worker.org.gradle.process.internal.worker.GradleWorkerMain.run(GradleWorkerMain.java:69)
  at worker.org.gradle.process.internal.worker.GradleWorkerMain.main(GradleWorkerMain.java:74)
</stacktrace>
</test-failure>


TypeScriptCompilerTests_D[jvm] > duplicateIdentifierRelatedSpans2_ts has expected errors matching duplicateIdentifierRelatedSpans2_errors_txt[jvm] FAILED

<test-failure test="com.xemantic.typescript.compiler.TypeScriptCompilerTests_D.defaultDeclarationEmitDefaultImport_ts compiles to JavaScript matching defaultDeclarationEmitDefaultImport_js" platform="jvm">
<message>
--- expected
+++ actual
@@ -18,7 +18,40 @@
 exports.default = Something;
 //// [main.js]
 "use strict";
+var __createBinding = (this && this.__createBinding) || (Object.create ? (function(o, m, k, k2) {
+    if (k2 === undefined) k2 = k;
+    var desc = Object.getOwnPropertyDescriptor(m, k);
+    if (!desc || ("get" in desc ? !m.__esModule : desc.writable || desc.configurable)) {
+      desc = { enumerable: true, get: function() { return m[k]; } };
+    }
+    Object.defineProperty(o, k2, desc);
+}) : (function(o, m, k, k2) {
+    if (k2 === undefined) k2 = k;
+    o[k2] = m[k];
+}));
+var __setModuleDefault = (this && this.__setModuleDefault) || (Object.create ? (function(o, v) {
+    Object.defineProperty(o, "default", { enumerable: true, value: v });
+}) : function(o, v) {
+    o["default"] = v;
+});
+var __importStar = (this && this.__importStar) || (function () {
+    var ownKeys = function(o) {
+        ownKeys = Object.getOwnPropertyNames || function (o) {
+            var ar = [];
+            for (var k in o) if (Object.prototype.hasOwnProperty.call(o, k)) ar[ar.length] = k;
+            return ar;
+        };
+        return ownKeys(o);
+    };
+    return function (mod) {
+        if (mod && mod.__esModule) return mod;
+        var result = {};
+        if (mod != null) for (var k = ownKeys(mod), i = 0; i < k.length; i++) if (k[i] !== "default") __createBinding(result, mod, k[i]);
+        __setModuleDefault(result, mod);
+        return result;
+    };
+})();
 Object.defineProperty(exports, "__esModule", { value: true });
 exports.instance = void 0;
-const root_1 = require("./root");
+const root_1 = __importStar(require("./root"));
 exports.instance = (0, root_1.getSomething)();

</message>
<stacktrace>
  at org.junit.Assert.fail(Assert.java:89)
  at kotlin.test.junit.JUnitAsserter.fail(JUnitSupport.kt:56)
  at kotlin.test.AssertionsKt__AssertionsKt.fail(Assertions.kt:563)
  at kotlin.test.AssertionsKt.fail(Unknown Source)
  at com.xemantic.kotlin.test.SameAsKt.sameAs(SameAs.kt:52)
  at com.xemantic.typescript.compiler.TypeScriptTestSupportKt.sameAs(TypeScriptTestSupport.kt:99)
  at com.xemantic.typescript.compiler.TypeScriptCompilerTests_D.defaultDeclarationEmitDefaultImport_ts compiles to JavaScript matching defaultDeclarationEmitDefaultImport_js(TypeScriptCompilerTests_D.kt:4242)
  at java.base/jdk.internal.reflect.DirectMethodHandleAccessor.invoke(DirectMethodHandleAccessor.java:104)
  at java.base/java.lang.reflect.Method.invoke(Method.java:565)
  at org.junit.runners.model.FrameworkMethod$1.runReflectiveCall(FrameworkMethod.java:59)
  at org.junit.internal.runners.model.ReflectiveCallable.run(ReflectiveCallable.java:12)
  at org.junit.runners.model.FrameworkMethod.invokeExplosively(FrameworkMethod.java:56)
  at org.junit.internal.runners.statements.InvokeMethod.evaluate(InvokeMethod.java:17)
  at org.junit.runners.ParentRunner$3.evaluate(ParentRunner.java:306)
  at org.junit.runners.BlockJUnit4ClassRunner$1.evaluate(BlockJUnit4ClassRunner.java:100)
  at org.junit.runners.ParentRunner.runLeaf(ParentRunner.java:366)
  at org.junit.runners.BlockJUnit4ClassRunner.runChild(BlockJUnit4ClassRunner.java:103)
  at org.junit.runners.BlockJUnit4ClassRunner.runChild(BlockJUnit4ClassRunner.java:63)
  at org.junit.runners.ParentRunner$4.run(ParentRunner.java:331)
  at org.junit.runners.ParentRunner$1.schedule(ParentRunner.java:79)
  at org.junit.runners.ParentRunner.runChildren(ParentRunner.java:329)
  at org.junit.runners.ParentRunner.access$100(ParentRunner.java:66)
  at org.junit.runners.ParentRunner$2.evaluate(ParentRunner.java:293)
  at org.junit.runners.ParentRunner$3.evaluate(ParentRunner.java:306)
  at org.junit.runners.ParentRunner.run(ParentRunner.java:413)
  at org.junit.runner.JUnitCore.run(JUnitCore.java:137)
  at org.junit.runner.JUnitCore.run(JUnitCore.java:115)
  at org.gradle.api.internal.tasks.testing.junit.JUnitTestExecutor.runRequest(JUnitTestExecutor.java:175)
  at org.gradle.api.internal.tasks.testing.junit.JUnitTestExecutor.accept(JUnitTestExecutor.java:84)
  at org.gradle.api.internal.tasks.testing.junit.JUnitTestExecutor.accept(JUnitTestExecutor.java:47)
  at org.gradle.api.internal.tasks.testing.junit.AbstractJUnitTestDefinitionProcessor.processTestDefinition(AbstractJUnitTestDefinitionProcessor.java:65)
  at org.gradle.api.internal.tasks.testing.SuiteTestDefinitionProcessor.processTestDefinition(SuiteTestDefinitionProcessor.java:54)
  at java.base/jdk.internal.reflect.DirectMethodHandleAccessor.invoke(DirectMethodHandleAccessor.java:104)
  at java.base/java.lang.reflect.Method.invoke(Method.java:565)
  at org.gradle.internal.dispatch.MethodInvocation.invokeOn(MethodInvocation.java:77)
  at org.gradle.internal.dispatch.ReflectionDispatch.dispatch(ReflectionDispatch.java:28)
  at org.gradle.internal.dispatch.ReflectionDispatch.dispatch(ReflectionDispatch.java:19)
  at org.gradle.internal.dispatch.ContextClassLoaderDispatch.dispatch(ContextClassLoaderDispatch.java:33)
  at org.gradle.internal.dispatch.ProxyDispatchAdapter$DispatchingInvocationHandler.invoke(ProxyDispatchAdapter.java:88)
  at jdk.proxy1/jdk.proxy1.$Proxy4.processTestDefinition(Unknown Source)
  at org.gradle.api.internal.tasks.testing.worker.TestWorker$2.run(TestWorker.java:178)
  at org.gradle.api.internal.tasks.testing.worker.TestWorker.executeAndMaintainThreadName(TestWorker.java:126)
  at org.gradle.api.internal.tasks.testing.worker.TestWorker.execute(TestWorker.java:103)
  at org.gradle.api.internal.tasks.testing.worker.TestWorker.execute(TestWorker.java:63)
  at org.gradle.process.internal.worker.child.ActionExecutionWorker.execute(ActionExecutionWorker.java:56)
  at org.gradle.process.internal.worker.child.SystemApplicationClassLoaderWorker.call(SystemApplicationClassLoaderWorker.java:122)
  at org.gradle.process.internal.worker.child.SystemApplicationClassLoaderWorker.call(SystemApplicationClassLoaderWorker.java:72)
  at worker.org.gradle.process.internal.worker.GradleWorkerMain.run(GradleWorkerMain.java:69)
  at worker.org.gradle.process.internal.worker.GradleWorkerMain.main(GradleWorkerMain.java:74)
</stacktrace>
</test-failure>


TypeScriptCompilerTests_D[jvm] > defaultDeclarationEmitDefaultImport_ts compiles to JavaScript matching defaultDeclarationEmitDefaultImport_js[jvm] FAILED

<test-failure test="com.xemantic.typescript.compiler.TypeScriptCompilerTests_D.duplicatePackage_withErrors_ts has expected errors matching duplicatePackage_withErrors_errors_txt" platform="jvm">
<message>
Expected diagnostics from baseline typescript-repo/tests/baselines/reference/duplicatePackage_withErrors.errors.txt but none produced
</message>
<stacktrace>
  at com.xemantic.typescript.compiler.TypeScriptTestSupportKt.errorsMatchBaseline(TypeScriptTestSupport.kt:125)
  at com.xemantic.typescript.compiler.TypeScriptCompilerTests_D.duplicatePackage_withErrors_ts has expected errors matching duplicatePackage_withErrors_errors_txt(TypeScriptCompilerTests_D.kt:6755)
  at java.base/jdk.internal.reflect.DirectMethodHandleAccessor.invoke(DirectMethodHandleAccessor.java:104)
  at java.base/java.lang.reflect.Method.invoke(Method.java:565)
  at org.junit.runners.model.FrameworkMethod$1.runReflectiveCall(FrameworkMethod.java:59)
  at org.junit.internal.runners.model.ReflectiveCallable.run(ReflectiveCallable.java:12)
  at org.junit.runners.model.FrameworkMethod.invokeExplosively(FrameworkMethod.java:56)
  at org.junit.internal.runners.statements.InvokeMethod.evaluate(InvokeMethod.java:17)
  at org.junit.runners.ParentRunner$3.evaluate(ParentRunner.java:306)
  at org.junit.runners.BlockJUnit4ClassRunner$1.evaluate(BlockJUnit4ClassRunner.java:100)
  at org.junit.runners.ParentRunner.runLeaf(ParentRunner.java:366)
  at org.junit.runners.BlockJUnit4ClassRunner.runChild(BlockJUnit4ClassRunner.java:103)
  at org.junit.runners.BlockJUnit4ClassRunner.runChild(BlockJUnit4ClassRunner.java:63)
  at org.junit.runners.ParentRunner$4.run(ParentRunner.java:331)
  at org.junit.runners.ParentRunner$1.schedule(ParentRunner.java:79)
  at org.junit.runners.ParentRunner.runChildren(ParentRunner.java:329)
  at org.junit.runners.ParentRunner.access$100(ParentRunner.java:66)
  at org.junit.runners.ParentRunner$2.evaluate(ParentRunner.java:293)
  at org.junit.runners.ParentRunner$3.evaluate(ParentRunner.java:306)
  at org.junit.runners.ParentRunner.run(ParentRunner.java:413)
  at org.junit.runner.JUnitCore.run(JUnitCore.java:137)
  at org.junit.runner.JUnitCore.run(JUnitCore.java:115)
  at org.gradle.api.internal.tasks.testing.junit.JUnitTestExecutor.runRequest(JUnitTestExecutor.java:175)
  at org.gradle.api.internal.tasks.testing.junit.JUnitTestExecutor.accept(JUnitTestExecutor.java:84)
  at org.gradle.api.internal.tasks.testing.junit.JUnitTestExecutor.accept(JUnitTestExecutor.java:47)
  at org.gradle.api.internal.tasks.testing.junit.AbstractJUnitTestDefinitionProcessor.processTestDefinition(AbstractJUnitTestDefinitionProcessor.java:65)
  at org.gradle.api.internal.tasks.testing.SuiteTestDefinitionProcessor.processTestDefinition(SuiteTestDefinitionProcessor.java:54)
  at java.base/jdk.internal.reflect.DirectMethodHandleAccessor.invoke(DirectMethodHandleAccessor.java:104)
  at java.base/java.lang.reflect.Method.invoke(Method.java:565)
  at org.gradle.internal.dispatch.MethodInvocation.invokeOn(MethodInvocation.java:77)
  at org.gradle.internal.dispatch.ReflectionDispatch.dispatch(ReflectionDispatch.java:28)
  at org.gradle.internal.dispatch.ReflectionDispatch.dispatch(ReflectionDispatch.java:19)
  at org.gradle.internal.dispatch.ContextClassLoaderDispatch.dispatch(ContextClassLoaderDispatch.java:33)
  at org.gradle.internal.dispatch.ProxyDispatchAdapter$DispatchingInvocationHandler.invoke(ProxyDispatchAdapter.java:88)
  at jdk.proxy1/jdk.proxy1.$Proxy4.processTestDefinition(Unknown Source)
  at org.gradle.api.internal.tasks.testing.worker.TestWorker$2.run(TestWorker.java:178)
  at org.gradle.api.internal.tasks.testing.worker.TestWorker.executeAndMaintainThreadName(TestWorker.java:126)
  at org.gradle.api.internal.tasks.testing.worker.TestWorker.execute(TestWorker.java:103)
  at org.gradle.api.internal.tasks.testing.worker.TestWorker.execute(TestWorker.java:63)
  at org.gradle.process.internal.worker.child.ActionExecutionWorker.execute(ActionExecutionWorker.java:56)
  at org.gradle.process.internal.worker.child.SystemApplicationClassLoaderWorker.call(SystemApplicationClassLoaderWorker.java:122)
  at org.gradle.process.internal.worker.child.SystemApplicationClassLoaderWorker.call(SystemApplicationClassLoaderWorker.java:72)
  at worker.org.gradle.process.internal.worker.GradleWorkerMain.run(GradleWorkerMain.java:69)
  at worker.org.gradle.process.internal.worker.GradleWorkerMain.main(GradleWorkerMain.java:74)
</stacktrace>
</test-failure>


TypeScriptCompilerTests_D[jvm] > duplicatePackage_withErrors_ts has expected errors matching duplicatePackage_withErrors_errors_txt[jvm] FAILED

<test-failure test="com.xemantic.typescript.compiler.TypeScriptCompilerTests_D.deleteReadonlyInStrictNullChecks_ts has expected errors matching deleteReadonlyInStrictNullChecks_errors_txt" platform="jvm">
<message>
Expected diagnostics from baseline typescript-repo/tests/baselines/reference/deleteReadonlyInStrictNullChecks.errors.txt but none produced
</message>
<stacktrace>
  at com.xemantic.typescript.compiler.TypeScriptTestSupportKt.errorsMatchBaseline(TypeScriptTestSupport.kt:125)
  at com.xemantic.typescript.compiler.TypeScriptCompilerTests_D.deleteReadonlyInStrictNullChecks_ts has expected errors matching deleteReadonlyInStrictNullChecks_errors_txt(TypeScriptCompilerTests_D.kt:4592)
  at java.base/jdk.internal.reflect.DirectMethodHandleAccessor.invoke(DirectMethodHandleAccessor.java:104)
  at java.base/java.lang.reflect.Method.invoke(Method.java:565)
  at org.junit.runners.model.FrameworkMethod$1.runReflectiveCall(FrameworkMethod.java:59)
  at org.junit.internal.runners.model.ReflectiveCallable.run(ReflectiveCallable.java:12)
  at org.junit.runners.model.FrameworkMethod.invokeExplosively(FrameworkMethod.java:56)
  at org.junit.internal.runners.statements.InvokeMethod.evaluate(InvokeMethod.java:17)
  at org.junit.runners.ParentRunner$3.evaluate(ParentRunner.java:306)
  at org.junit.runners.BlockJUnit4ClassRunner$1.evaluate(BlockJUnit4ClassRunner.java:100)
  at org.junit.runners.ParentRunner.runLeaf(ParentRunner.java:366)
  at org.junit.runners.BlockJUnit4ClassRunner.runChild(BlockJUnit4ClassRunner.java:103)
  at org.junit.runners.BlockJUnit4ClassRunner.runChild(BlockJUnit4ClassRunner.java:63)
  at org.junit.runners.ParentRunner$4.run(ParentRunner.java:331)
  at org.junit.runners.ParentRunner$1.schedule(ParentRunner.java:79)
  at org.junit.runners.ParentRunner.runChildren(ParentRunner.java:329)
  at org.junit.runners.ParentRunner.access$100(ParentRunner.java:66)
  at org.junit.runners.ParentRunner$2.evaluate(ParentRunner.java:293)
  at org.junit.runners.ParentRunner$3.evaluate(ParentRunner.java:306)
  at org.junit.runners.ParentRunner.run(ParentRunner.java:413)
  at org.junit.runner.JUnitCore.run(JUnitCore.java:137)
  at org.junit.runner.JUnitCore.run(JUnitCore.java:115)
  at org.gradle.api.internal.tasks.testing.junit.JUnitTestExecutor.runRequest(JUnitTestExecutor.java:175)
  at org.gradle.api.internal.tasks.testing.junit.JUnitTestExecutor.accept(JUnitTestExecutor.java:84)
  at org.gradle.api.internal.tasks.testing.junit.JUnitTestExecutor.accept(JUnitTestExecutor.java:47)
  at org.gradle.api.internal.tasks.testing.junit.AbstractJUnitTestDefinitionProcessor.processTestDefinition(AbstractJUnitTestDefinitionProcessor.java:65)
  at org.gradle.api.internal.tasks.testing.SuiteTestDefinitionProcessor.processTestDefinition(SuiteTestDefinitionProcessor.java:54)
  at java.base/jdk.internal.reflect.DirectMethodHandleAccessor.invoke(DirectMethodHandleAccessor.java:104)
  at java.base/java.lang.reflect.Method.invoke(Method.java:565)
  at org.gradle.internal.dispatch.MethodInvocation.invokeOn(MethodInvocation.java:77)
  at org.gradle.internal.dispatch.ReflectionDispatch.dispatch(ReflectionDispatch.java:28)
  at org.gradle.internal.dispatch.ReflectionDispatch.dispatch(ReflectionDispatch.java:19)
  at org.gradle.internal.dispatch.ContextClassLoaderDispatch.dispatch(ContextClassLoaderDispatch.java:33)
  at org.gradle.internal.dispatch.ProxyDispatchAdapter$DispatchingInvocationHandler.invoke(ProxyDispatchAdapter.java:88)
  at jdk.proxy1/jdk.proxy1.$Proxy4.processTestDefinition(Unknown Source)
  at org.gradle.api.internal.tasks.testing.worker.TestWorker$2.run(TestWorker.java:178)
  at org.gradle.api.internal.tasks.testing.worker.TestWorker.executeAndMaintainThreadName(TestWorker.java:126)
  at org.gradle.api.internal.tasks.testing.worker.TestWorker.execute(TestWorker.java:103)
  at org.gradle.api.internal.tasks.testing.worker.TestWorker.execute(TestWorker.java:63)
  at org.gradle.process.internal.worker.child.ActionExecutionWorker.execute(ActionExecutionWorker.java:56)
  at org.gradle.process.internal.worker.child.SystemApplicationClassLoaderWorker.call(SystemApplicationClassLoaderWorker.java:122)
  at org.gradle.process.internal.worker.child.SystemApplicationClassLoaderWorker.call(SystemApplicationClassLoaderWorker.java:72)
  at worker.org.gradle.process.internal.worker.GradleWorkerMain.run(GradleWorkerMain.java:69)
  at worker.org.gradle.process.internal.worker.GradleWorkerMain.main(GradleWorkerMain.java:74)
</stacktrace>
</test-failure>


TypeScriptCompilerTests_D[jvm] > deleteReadonlyInStrictNullChecks_ts has expected errors matching deleteReadonlyInStrictNullChecks_errors_txt[jvm] FAILED

<test-failure test="com.xemantic.typescript.compiler.TypeScriptCompilerTests_D.declarationEmitUnknownImport2_ts__target_es2015__has expected errors matching baseline" platform="jvm">
<message>
--- expected
+++ actual
@@ -1,20 +1,11 @@
-declarationEmitUnknownImport2.ts(1,1): error TS2303: Circular definition of import alias 'Foo'.
-declarationEmitUnknownImport2.ts(1,12): error TS1005: '=' expected.
-declarationEmitUnknownImport2.ts(1,12): error TS2304: Cannot find name 'From'.
-declarationEmitUnknownImport2.ts(1,12): error TS2503: Cannot find namespace 'From'.
-declarationEmitUnknownImport2.ts(1,17): error TS1005: ';' expected.
+declarationEmitUnknownImport2.ts(1,12): error TS1005: 'FromKeyword' expected.
+declarationEmitUnknownImport2.ts(1,12): error TS2307: Cannot find module 'From' or its corresponding type declarations.
 
 
-==== declarationEmitUnknownImport2.ts (5 errors) ====
+==== declarationEmitUnknownImport2.ts (2 errors) ====
     import Foo From './Foo'; // Syntax error
-    ~~~~~~~~~~~~~~~
-!!! error TS2303: Circular definition of import alias 'Foo'.
                ~~~~
-!!! error TS1005: '=' expected.
-               ~~~~
-!!! error TS2304: Cannot find name 'From'.
-               ~~~~
-!!! error TS2503: Cannot find namespace 'From'.
-                    ~~~~~~~
-!!! error TS1005: ';' expected.
+!!! error TS1005: 'FromKeyword' expected.
+               ~~~~~~
+!!! error TS2307: Cannot find module 'From' or its corresponding type declarations.
     export default Foo

</message>
<stacktrace>
  at org.junit.Assert.fail(Assert.java:89)
  at kotlin.test.junit.JUnitAsserter.fail(JUnitSupport.kt:56)
  at kotlin.test.AssertionsKt__AssertionsKt.fail(Assertions.kt:563)
  at kotlin.test.AssertionsKt.fail(Unknown Source)
  at com.xemantic.kotlin.test.SameAsKt.sameAs(SameAs.kt:52)
  at com.xemantic.typescript.compiler.TypeScriptTestSupportKt.errorsMatchBaseline(TypeScriptTestSupport.kt:135)
  at com.xemantic.typescript.compiler.TypeScriptCompilerTests_D.declarationEmitUnknownImport2_ts__target_es2015__has expected errors matching baseline(TypeScriptCompilerTests_D.kt:3157)
  at java.base/jdk.internal.reflect.DirectMethodHandleAccessor.invoke(DirectMethodHandleAccessor.java:104)
  at java.base/java.lang.reflect.Method.invoke(Method.java:565)
  at org.junit.runners.model.FrameworkMethod$1.runReflectiveCall(FrameworkMethod.java:59)
  at org.junit.internal.runners.model.ReflectiveCallable.run(ReflectiveCallable.java:12)
  at org.junit.runners.model.FrameworkMethod.invokeExplosively(FrameworkMethod.java:56)
  at org.junit.internal.runners.statements.InvokeMethod.evaluate(InvokeMethod.java:17)
  at org.junit.runners.ParentRunner$3.evaluate(ParentRunner.java:306)
  at org.junit.runners.BlockJUnit4ClassRunner$1.evaluate(BlockJUnit4ClassRunner.java:100)
  at org.junit.runners.ParentRunner.runLeaf(ParentRunner.java:366)
  at org.junit.runners.BlockJUnit4ClassRunner.runChild(BlockJUnit4ClassRunner.java:103)
  at org.junit.runners.BlockJUnit4ClassRunner.runChild(BlockJUnit4ClassRunner.java:63)
  at org.junit.runners.ParentRunner$4.run(ParentRunner.java:331)
  at org.junit.runners.ParentRunner$1.schedule(ParentRunner.java:79)
  at org.junit.runners.ParentRunner.runChildren(ParentRunner.java:329)
  at org.junit.runners.ParentRunner.access$100(ParentRunner.java:66)
  at org.junit.runners.ParentRunner$2.evaluate(ParentRunner.java:293)
  at org.junit.runners.ParentRunner$3.evaluate(ParentRunner.java:306)
  at org.junit.runners.ParentRunner.run(ParentRunner.java:413)
  at org.junit.runner.JUnitCore.run(JUnitCore.java:137)
  at org.junit.runner.JUnitCore.run(JUnitCore.java:115)
  at org.gradle.api.internal.tasks.testing.junit.JUnitTestExecutor.runRequest(JUnitTestExecutor.java:175)
  at org.gradle.api.internal.tasks.testing.junit.JUnitTestExecutor.accept(JUnitTestExecutor.java:84)
  at org.gradle.api.internal.tasks.testing.junit.JUnitTestExecutor.accept(JUnitTestExecutor.java:47)
  at org.gradle.api.internal.tasks.testing.junit.AbstractJUnitTestDefinitionProcessor.processTestDefinition(AbstractJUnitTestDefinitionProcessor.java:65)
  at org.gradle.api.internal.tasks.testing.SuiteTestDefinitionProcessor.processTestDefinition(SuiteTestDefinitionProcessor.java:54)
  at java.base/jdk.internal.reflect.DirectMethodHandleAccessor.invoke(DirectMethodHandleAccessor.java:104)
  at java.base/java.lang.reflect.Method.invoke(Method.java:565)
  at org.gradle.internal.dispatch.MethodInvocation.invokeOn(MethodInvocation.java:77)
  at org.gradle.internal.dispatch.ReflectionDispatch.dispatch(ReflectionDispatch.java:28)
  at org.gradle.internal.dispatch.ReflectionDispatch.dispatch(ReflectionDispatch.java:19)
  at org.gradle.internal.dispatch.ContextClassLoaderDispatch.dispatch(ContextClassLoaderDispatch.java:33)
  at org.gradle.internal.dispatch.ProxyDispatchAdapter$DispatchingInvocationHandler.invoke(ProxyDispatchAdapter.java:88)
  at jdk.proxy1/jdk.proxy1.$Proxy4.processTestDefinition(Unknown Source)
  at org.gradle.api.internal.tasks.testing.worker.TestWorker$2.run(TestWorker.java:178)
  at org.gradle.api.internal.tasks.testing.worker.TestWorker.executeAndMaintainThreadName(TestWorker.java:126)
  at org.gradle.api.internal.tasks.testing.worker.TestWorker.execute(TestWorker.java:103)
  at org.gradle.api.internal.tasks.testing.worker.TestWorker.execute(TestWorker.java:63)
  at org.gradle.process.internal.worker.child.ActionExecutionWorker.execute(ActionExecutionWorker.java:56)
  at org.gradle.process.internal.worker.child.SystemApplicationClassLoaderWorker.call(SystemApplicationClassLoaderWorker.java:122)
  at org.gradle.process.internal.worker.child.SystemApplicationClassLoaderWorker.call(SystemApplicationClassLoaderWorker.java:72)
  at worker.org.gradle.process.internal.worker.GradleWorkerMain.run(GradleWorkerMain.java:69)
  at worker.org.gradle.process.internal.worker.GradleWorkerMain.main(GradleWorkerMain.java:74)
</stacktrace>
</test-failure>


TypeScriptCompilerTests_D[jvm] > declarationEmitUnknownImport2_ts__target_es2015__has expected errors matching baseline[jvm] FAILED

<test-failure test="com.xemantic.typescript.compiler.TypeScriptCompilerTests_D.doYouNeedToChangeYourTargetLibraryES2016Plus_ts has expected errors matching doYouNeedToChangeYourTargetLibraryES2016Plus_errors_txt" platform="jvm">
<message>
--- expected
+++ actual
@@ -1,127 +1,35 @@
-doYouNeedToChangeYourTargetLibraryES2016Plus.ts(2,32): error TS2550: Property 'includes' does not exist on type 'string[]'. Do you need to change your target library? Try changing the 'lib' compiler option to 'es2016' or later.
-doYouNeedToChangeYourTargetLibraryES2016Plus.ts(5,31): error TS2550: Property 'padStart' does not exist on type '""'. Do you need to change your target library? Try changing the 'lib' compiler option to 'es2017' or later.
-doYouNeedToChangeYourTargetLibraryES2016Plus.ts(6,29): error TS2550: Property 'padEnd' does not exist on type '""'. Do you need to change your target library? Try changing the 'lib' compiler option to 'es2017' or later.
-doYouNeedToChangeYourTargetLibraryES2016Plus.ts(7,44): error TS2550: Property 'values' does not exist on type 'ObjectConstructor'. Do you need to change your target library? Try changing the 'lib' compiler option to 'es2017' or later.
-doYouNeedToChangeYourTargetLibraryES2016Plus.ts(8,45): error TS2550: Property 'entries' does not exist on type 'ObjectConstructor'. Do you need to change your target library? Try changing the 'lib' compiler option to 'es2017' or later.
-doYouNeedToChangeYourTargetLibraryES2016Plus.ts(9,63): error TS2550: Property 'getOwnPropertyDescriptors' does not exist on type 'ObjectConstructor'. Do you need to change your target library? Try changing the 'lib' compiler option to 'es2017' or later.
-doYouNeedToChangeYourTargetLibraryES2016Plus.ts(10,64): error TS2550: Property 'formatToParts' does not exist on type 'DateTimeFormat'. Do you need to change your target library? Try changing the 'lib' compiler option to 'es2017' or later.
-doYouNeedToChangeYourTargetLibraryES2016Plus.ts(11,21): error TS2583: Cannot find name 'Atomics'. Do you need to change your target library? Try changing the 'lib' compiler option to 'es2017' or later.
-doYouNeedToChangeYourTargetLibraryES2016Plus.ts(12,35): error TS2583: Cannot find name 'SharedArrayBuffer'. Do you need to change your target library? Try changing the 'lib' compiler option to 'es2017' or later.
-doYouNeedToChangeYourTargetLibraryES2016Plus.ts(15,50): error TS2550: Property 'finally' does not exist on type 'Promise<unknown>'. Do you need to change your target library? Try changing the 'lib' compiler option to 'es2018' or later.
-doYouNeedToChangeYourTargetLibraryES2016Plus.ts(16,58): error TS1503: Named capturing groups are only available when targeting 'ES2018' or later.
-doYouNeedToChangeYourTargetLibraryES2016Plus.ts(16,76): error TS1503: Named capturing groups are only available when targeting 'ES2018' or later.
-doYouNeedToChangeYourTargetLibraryES2016Plus.ts(16,95): error TS1503: Named capturing groups are only available when targeting 'ES2018' or later.
-doYouNeedToChangeYourTargetLibraryES2016Plus.ts(16,113): error TS2550: Property 'groups' does not exist on type 'RegExpMatchArray'. Do you need to change your target library? Try changing the 'lib' compiler option to 'es2018' or later.
-doYouNeedToChangeYourTargetLibraryES2016Plus.ts(17,38): error TS1503: Named capturing groups are only available when targeting 'ES2018' or later.
-doYouNeedToChangeYourTargetLibraryES2016Plus.ts(17,56): error TS1503: Named capturing groups are only available when targeting 'ES2018' or later.
-doYouNeedToChangeYourTargetLibraryES2016Plus.ts(17,75): error TS1503: Named capturing groups are only available when targeting 'ES2018' or later.
-doYouNeedToChangeYourTargetLibraryES2016Plus.ts(17,111): error TS2550: Property 'groups' does not exist on type 'RegExpExecArray'. Do you need to change your target library? Try changing the 'lib' compiler option to 'es2018' or later.
-doYouNeedToChangeYourTargetLibraryES2016Plus.ts(18,33): error TS2550: Property 'dotAll' does not exist on type 'RegExp'. Do you need to change your target library? Try changing the 'lib' compiler option to 'es2018' or later.
-doYouNeedToChangeYourTargetLibraryES2016Plus.ts(19,38): error TS2550: Property 'PluralRules' does not exist on type 'typeof Intl'. Do you need to change your target library? Try changing the 'lib' compiler option to 'es2018' or later.
-doYouNeedToChangeYourTargetLibraryES2016Plus.ts(20,27): error TS2583: Cannot find name 'AsyncGenerator'. Do you need to change your target library? Try changing the 'lib' compiler option to 'es2018' or later.
-doYouNeedToChangeYourTargetLibraryES2016Plus.ts(21,35): error TS2583: Cannot find name 'AsyncGeneratorFunction'. Do you need to change your target library? Try changing the 'lib' compiler option to 'es2018' or later.
-doYouNeedToChangeYourTargetLibraryES2016Plus.ts(22,26): error TS2583: Cannot find name 'AsyncIterable'. Do you need to change your target library? Try changing the 'lib' compiler option to 'es2018' or later.
-doYouNeedToChangeYourTargetLibraryES2016Plus.ts(23,34): error TS2583: Cannot find name 'AsyncIterableIterator'. Do you need to change your target library? Try changing the 'lib' compiler option to 'es2018' or later.
-doYouNeedToChangeYourTargetLibraryES2016Plus.ts(24,70): error TS2550: Property 'formatToParts' does not exist on type 'NumberFormat'. Do you need to change your target library? Try changing the 'lib' compiler option to 'es2018' or later.
-doYouNeedToChangeYourTargetLibraryES2016Plus.ts(27,26): error TS2550: Property 'flat' does not exist on type 'undefined[]'. Do you need to change your target library? Try changing the 'lib' compiler option to 'es2019' or later.
-doYouNeedToChangeYourTargetLibraryES2016Plus.ts(28,29): error TS2550: Property 'flatMap' does not exist on type 'undefined[]'. Do you need to change your target library? Try changing the 'lib' compiler option to 'es2019' or later.
-doYouNeedToChangeYourTargetLibraryES2016Plus.ts(29,49): error TS2550: Property 'fromEntries' does not exist on type 'ObjectConstructor'. Do you need to change your target library? Try changing the 'lib' compiler option to 'es2019' or later.
-doYouNeedToChangeYourTargetLibraryES2016Plus.ts(30,32): error TS2550: Property 'trimStart' does not exist on type '""'. Do you need to change your target library? Try changing the 'lib' compiler option to 'es2019' or later.
-doYouNeedToChangeYourTargetLibraryES2016Plus.ts(31,30): error TS2550: Property 'trimEnd' does not exist on type '""'. Do you need to change your target library? Try changing the 'lib' compiler option to 'es2019' or later.
-doYouNeedToChangeYourTargetLibraryES2016Plus.ts(32,31): error TS2550: Property 'trimLeft' does not exist on type '""'. Do you need to change your target library? Try changing the 'lib' compiler option to 'es2019' or later.
-doYouNeedToChangeYourTargetLibraryES2016Plus.ts(33,32): error TS2550: Property 'trimRight' does not exist on type '""'. Do you need to change your target library? Try changing the 'lib' compiler option to 'es2019' or later.
-doYouNeedToChangeYourTargetLibraryES2016Plus.ts(34,45): error TS2550: Property 'description' does not exist on type 'symbol'. Do you need to change your target library? Try changing the 'lib' compiler option to 'es2019' or later.
-doYouNeedToChangeYourTargetLibraryES2016Plus.ts(37,39): error TS2550: Property 'allSettled' does not exist on type 'PromiseConstructor'. Do you need to change your target library? Try changing the 'lib' compiler option to 'es2020' or later.
-doYouNeedToChangeYourTargetLibraryES2016Plus.ts(38,31): error TS2550: Property 'matchAll' does not exist on type '""'. Do you need to change your target library? Try changing the 'lib' compiler option to 'es2020' or later.
-doYouNeedToChangeYourTargetLibraryES2016Plus.ts(39,47): error TS2550: Property 'matchAll' does not exist on type 'SymbolConstructor'. Do you need to change your target library? Try changing the 'lib' compiler option to 'es2020' or later.
-doYouNeedToChangeYourTargetLibraryES2016Plus.ts(40,20): error TS2583: Cannot find name 'BigInt'. Do you need to change your target library? Try changing the 'lib' compiler option to 'es2020' or later.
-doYouNeedToChangeYourTargetLibraryES2016Plus.ts(43,32): error TS2550: Property 'any' does not exist on type 'PromiseConstructor'. Do you need to change your target library? Try changing the 'lib' compiler option to 'es2021' or later.
-doYouNeedToChangeYourTargetLibraryES2016Plus.ts(44,33): error TS2550: Property 'replaceAll' does not exist on type '""'. Do you need to change your target library? Try changing the 'lib' compiler option to 'es2021' or later.
-doYouNeedToChangeYourTargetLibraryES2016Plus.ts(47,46): error TS2550: Property 'toTemporalInstant' does not exist on type 'Date'. Do you need to change your target library? Try changing the 'lib' compiler option to 'esnext' or later.
+doYouNeedToChangeYourTargetLibraryES2016Plus.ts(20,27): error TS2314: Generic type 'AsyncGenerator<T, TReturn, TNext>' requires 3 type argument(s).
 
 
-==== doYouNeedToChangeYourTargetLibraryES2016Plus.ts (40 errors) ====
+==== doYouNeedToChangeYourTargetLibraryES2016Plus.ts (1 errors) ====
     // es2016
     const testIncludes = ["hello"].includes("world");
-                                   ~~~~~~~~
-!!! error TS2550: Property 'includes' does not exist on type 'string[]'. Do you need to change your target library? Try changing the 'lib' compiler option to 'es2016' or later.
     
     // es2017
     const testStringPadStart = "".padStart(2);
-                                  ~~~~~~~~
-!!! error TS2550: Property 'padStart' does not exist on type '""'. Do you need to change your target library? Try changing the 'lib' compiler option to 'es2017' or later.
     const testStringPadEnd = "".padEnd(2);
-                                ~~~~~~
-!!! error TS2550: Property 'padEnd' does not exist on type '""'. Do you need to change your target library? Try changing the 'lib' compiler option to 'es2017' or later.
     const testObjectConstructorValues = Object.values({});
-                                               ~~~~~~
-!!! error TS2550: Property 'values' does not exist on type 'ObjectConstructor'. Do you need to change your target library? Try changing the 'lib' compiler option to 'es2017' or later.
     const testObjectConstructorEntries = Object.entries({});
-                                                ~~~~~~~
-!!! error TS2550: Property 'entries' does not exist on type 'ObjectConstructor'. Do you need to change your target library? Try changing the 'lib' compiler option to 'es2017' or later.
     const testObjectConstructorGetOwnPropertyDescriptors = Object.getOwnPropertyDescriptors({});
-                                                                  ~~~~~~~~~~~~~~~~~~~~~~~~~
-!!! error TS2550: Property 'getOwnPropertyDescriptors' does not exist on type 'ObjectConstructor'. Do you need to change your target library? Try changing the 'lib' compiler option to 'es2017' or later.
     const testIntlFormatToParts = new Intl.DateTimeFormat("en-US").formatToParts();
-                                                                   ~~~~~~~~~~~~~
-!!! error TS2550: Property 'formatToParts' does not exist on type 'DateTimeFormat'. Do you need to change your target library? Try changing the 'lib' compiler option to 'es2017' or later.
     const testAtomics = Atomics.add(new Uint8Array(0), 0, 0);
-                        ~~~~~~~
-!!! error TS2583: Cannot find name 'Atomics'. Do you need to change your target library? Try changing the 'lib' compiler option to 'es2017' or later.
     const testSharedArrayBuffer = new SharedArrayBuffer(5);
-                                      ~~~~~~~~~~~~~~~~~
-!!! error TS2583: Cannot find name 'SharedArrayBuffer'. Do you need to change your target library? Try changing the 'lib' compiler option to 'es2017' or later.
     
     // es2018
     const testPromiseFinally = new Promise(() => {}).finally();
-                                                     ~~~~~~~
-!!! error TS2550: Property 'finally' does not exist on type 'Promise<unknown>'. Do you need to change your target library? Try changing the 'lib' compiler option to 'es2018' or later.
     const testRegExpMatchArrayGroups = "2019-04-30".match(/(?<year>[0-9]{4})-(?<month>[0-9]{2})-(?<day>[0-9]{2})/g).groups;
-                                                             ~~~~~~
-!!! error TS1503: Named capturing groups are only available when targeting 'ES2018' or later.
-                                                                               ~~~~~~~
-!!! error TS1503: Named capturing groups are only available when targeting 'ES2018' or later.
-                                                                                                  ~~~~~
-!!! error TS1503: Named capturing groups are only available when targeting 'ES2018' or later.
-                                                                                                                    ~~~~~~
-!!! error TS2550: Property 'groups' does not exist on type 'RegExpMatchArray'. Do you need to change your target library? Try changing the 'lib' compiler option to 'es2018' or later.
     const testRegExpExecArrayGroups = /(?<year>[0-9]{4})-(?<month>[0-9]{2})-(?<day>[0-9]{2})/g.exec("2019-04-30").groups;
-                                         ~~~~~~
-!!! error TS1503: Named capturing groups are only available when targeting 'ES2018' or later.
-                                                           ~~~~~~~
-!!! error TS1503: Named capturing groups are only available when targeting 'ES2018' or later.
-                                                                              ~~~~~
-!!! error TS1503: Named capturing groups are only available when targeting 'ES2018' or later.
-                                                                                                                  ~~~~~~
-!!! error TS2550: Property 'groups' does not exist on type 'RegExpExecArray'. Do you need to change your target library? Try changing the 'lib' compiler option to 'es2018' or later.
     const testRegExpDotAll = /foo/g.dotAll;
-                                    ~~~~~~
-!!! error TS2550: Property 'dotAll' does not exist on type 'RegExp'. Do you need to change your target library? Try changing the 'lib' compiler option to 'es2018' or later.
     const testIntlPluralRules = new Intl.PluralRules("ar-EG").select(0);
-                                         ~~~~~~~~~~~
-!!! error TS2550: Property 'PluralRules' does not exist on type 'typeof Intl'. Do you need to change your target library? Try changing the 'lib' compiler option to 'es2018' or later.
     const testAsyncGenerator: AsyncGenerator<any> = null as any;
-                              ~~~~~~~~~~~~~~
-!!! error TS2583: Cannot find name 'AsyncGenerator'. Do you need to change your target library? Try changing the 'lib' compiler option to 'es2018' or later.
+                              ~~~~~~~~~~~~~~~~~~~
+!!! error TS2314: Generic type 'AsyncGenerator<T, TReturn, TNext>' requires 3 type argument(s).
     const testAsyncGeneratorFunction: AsyncGeneratorFunction = null as any;
-                                      ~~~~~~~~~~~~~~~~~~~~~~
-!!! error TS2583: Cannot find name 'AsyncGeneratorFunction'. Do you need to change your target library? Try changing the 'lib' compiler option to 'es2018' or later.
     const testAsyncIterable: AsyncIterable<any> = null as any;
-                             ~~~~~~~~~~~~~
-!!! error TS2583: Cannot find name 'AsyncIterable'. Do you need to change your target library? Try changing the 'lib' compiler option to 'es2018' or later.
     const testAsyncIterableIterator: AsyncIterableIterator<any> = null as any;
-                                     ~~~~~~~~~~~~~~~~~~~~~
-!!! error TS2583: Cannot find name 'AsyncIterableIterator'. Do you need to change your target library? Try changing the 'lib' compiler option to 'es2018' or later.
     const testNumberFormatFormatToParts = new Intl.NumberFormat("en-US").formatToParts();
-                                                                         ~~~~~~~~~~~~~
-!!! error TS2550: Property 'formatToParts' does not exist on type 'NumberFormat'. Do you need to change your target library? Try changing the 'lib' compiler option to 'es2018' or later.
     
     // es2019
     const testArrayFlat = [].flat();
-                             ~~~~
-!!! error TS2550: Property 'flat' does not exist on type 'undefined[]'. Do you need to change your target library? Try changing the 'lib' compiler option to 'es2019' or later.
     const testArrayFlatMap = [].flatMap();
-                                ~~~~~~~
-!!! error TS2550: Property 'flatMap' does not exist on type 'undefined[]'. Do you need to change your target library? Try changing the 'lib' compiler option to 'es2019' or later.
     const testObjectConstructorFromEntries = Object.fromEntries({});
-                                                    ~~~~~~~~~~~

Diff truncated: more than 100 lines changed

Expected: 170 lines
Actual: 53 lines

The differences are too extensive to show in unified diff format.
Consider comparing smaller sections or reviewing the strings directly.

</message>
<stacktrace>
  at org.junit.Assert.fail(Assert.java:89)
  at kotlin.test.junit.JUnitAsserter.fail(JUnitSupport.kt:56)
  at kotlin.test.AssertionsKt__AssertionsKt.fail(Assertions.kt:563)
  at kotlin.test.AssertionsKt.fail(Unknown Source)
  at com.xemantic.kotlin.test.SameAsKt.sameAs(SameAs.kt:52)
  at com.xemantic.typescript.compiler.TypeScriptTestSupportKt.errorsMatchBaseline(TypeScriptTestSupport.kt:135)
  at com.xemantic.typescript.compiler.TypeScriptCompilerTests_D.doYouNeedToChangeYourTargetLibraryES2016Plus_ts has expected errors matching doYouNeedToChangeYourTargetLibraryES2016Plus_errors_txt(TypeScriptCompilerTests_D.kt:5740)
  at java.base/jdk.internal.reflect.DirectMethodHandleAccessor.invoke(DirectMethodHandleAccessor.java:104)
  at java.base/java.lang.reflect.Method.invoke(Method.java:565)
  at org.junit.runners.model.FrameworkMethod$1.runReflectiveCall(FrameworkMethod.java:59)
  at org.junit.internal.runners.model.ReflectiveCallable.run(ReflectiveCallable.java:12)
  at org.junit.runners.model.FrameworkMethod.invokeExplosively(FrameworkMethod.java:56)
  at org.junit.internal.runners.statements.InvokeMethod.evaluate(InvokeMethod.java:17)
  at org.junit.runners.ParentRunner$3.evaluate(ParentRunner.java:306)
  at org.junit.runners.BlockJUnit4ClassRunner$1.evaluate(BlockJUnit4ClassRunner.java:100)
  at org.junit.runners.ParentRunner.runLeaf(ParentRunner.java:366)
  at org.junit.runners.BlockJUnit4ClassRunner.runChild(BlockJUnit4ClassRunner.java:103)
  at org.junit.runners.BlockJUnit4ClassRunner.runChild(BlockJUnit4ClassRunner.java:63)
  at org.junit.runners.ParentRunner$4.run(ParentRunner.java:331)
  at org.junit.runners.ParentRunner$1.schedule(ParentRunner.java:79)
  at org.junit.runners.ParentRunner.runChildren(ParentRunner.java:329)
  at org.junit.runners.ParentRunner.access$100(ParentRunner.java:66)
  at org.junit.runners.ParentRunner$2.evaluate(ParentRunner.java:293)
  at org.junit.runners.ParentRunner$3.evaluate(ParentRunner.java:306)
  at org.junit.runners.ParentRunner.run(ParentRunner.java:413)
  at org.junit.runner.JUnitCore.run(JUnitCore.java:137)
  at org.junit.runner.JUnitCore.run(JUnitCore.java:115)
  at org.gradle.api.internal.tasks.testing.junit.JUnitTestExecutor.runRequest(JUnitTestExecutor.java:175)
  at org.gradle.api.internal.tasks.testing.junit.JUnitTestExecutor.accept(JUnitTestExecutor.java:84)
  at org.gradle.api.internal.tasks.testing.junit.JUnitTestExecutor.accept(JUnitTestExecutor.java:47)
  at org.gradle.api.internal.tasks.testing.junit.AbstractJUnitTestDefinitionProcessor.processTestDefinition(AbstractJUnitTestDefinitionProcessor.java:65)
  at org.gradle.api.internal.tasks.testing.SuiteTestDefinitionProcessor.processTestDefinition(SuiteTestDefinitionProcessor.java:54)
  at java.base/jdk.internal.reflect.DirectMethodHandleAccessor.invoke(DirectMethodHandleAccessor.java:104)
  at java.base/java.lang.reflect.Method.invoke(Method.java:565)
  at org.gradle.internal.dispatch.MethodInvocation.invokeOn(MethodInvocation.java:77)
  at org.gradle.internal.dispatch.ReflectionDispatch.dispatch(ReflectionDispatch.java:28)
  at org.gradle.internal.dispatch.ReflectionDispatch.dispatch(ReflectionDispatch.java:19)
  at org.gradle.internal.dispatch.ContextClassLoaderDispatch.dispatch(ContextClassLoaderDispatch.java:33)
  at org.gradle.internal.dispatch.ProxyDispatchAdapter$DispatchingInvocationHandler.invoke(ProxyDispatchAdapter.java:88)
  at jdk.proxy1/jdk.proxy1.$Proxy4.processTestDefinition(Unknown Source)
  at org.gradle.api.internal.tasks.testing.worker.TestWorker$2.run(TestWorker.java:178)
  at org.gradle.api.internal.tasks.testing.worker.TestWorker.executeAndMaintainThreadName(TestWorker.java:126)
  at org.gradle.api.internal.tasks.testing.worker.TestWorker.execute(TestWorker.java:103)
  at org.gradle.api.internal.tasks.testing.worker.TestWorker.execute(TestWorker.java:63)
  at org.gradle.process.internal.worker.child.ActionExecutionWorker.execute(ActionExecutionWorker.java:56)
  at org.gradle.process.internal.worker.child.SystemApplicationClassLoaderWorker.call(SystemApplicationClassLoaderWorker.java:122)
  at org.gradle.process.internal.worker.child.SystemApplicationClassLoaderWorker.call(SystemApplicationClassLoaderWorker.java:72)
  at worker.org.gradle.process.internal.worker.GradleWorkerMain.run(GradleWorkerMain.java:69)
  at worker.org.gradle.process.internal.worker.GradleWorkerMain.main(GradleWorkerMain.java:74)
</stacktrace>
</test-failure>


TypeScriptCompilerTests_D[jvm] > doYouNeedToChangeYourTargetLibraryES2016Plus_ts has expected errors matching doYouNeedToChangeYourTargetLibraryES2016Plus_errors_txt[jvm] FAILED

<test-failure test="com.xemantic.typescript.compiler.TypeScriptCompilerTests_D.declarationEmitForGlobalishSpecifierSymlink2_ts compiles to JavaScript matching declarationEmitForGlobalishSpecifierSymlink2_js" platform="jvm">
<message>
--- expected
+++ actual
@@ -17,6 +17,11 @@
 import { getA } from "typescript-fsa";
 
 export const a = getA();
+//// [index.d.ts]
+export const a: import("typescript-fsa").A;
+
+
+
 //// [index.js]
 "use strict";
 Object.defineProperty(exports, "__esModule", { value: true });

</message>
<stacktrace>
  at org.junit.Assert.fail(Assert.java:89)
  at kotlin.test.junit.JUnitAsserter.fail(JUnitSupport.kt:56)
  at kotlin.test.AssertionsKt__AssertionsKt.fail(Assertions.kt:563)
  at kotlin.test.AssertionsKt.fail(Unknown Source)
  at com.xemantic.kotlin.test.SameAsKt.sameAs(SameAs.kt:52)
  at com.xemantic.typescript.compiler.TypeScriptTestSupportKt.sameAs(TypeScriptTestSupport.kt:99)
  at com.xemantic.typescript.compiler.TypeScriptCompilerTests_D.declarationEmitForGlobalishSpecifierSymlink2_ts compiles to JavaScript matching declarationEmitForGlobalishSpecifierSymlink2_js(TypeScriptCompilerTests_D.kt:1904)
  at java.base/jdk.internal.reflect.DirectMethodHandleAccessor.invoke(DirectMethodHandleAccessor.java:104)
  at java.base/java.lang.reflect.Method.invoke(Method.java:565)
  at org.junit.runners.model.FrameworkMethod$1.runReflectiveCall(FrameworkMethod.java:59)
  at org.junit.internal.runners.model.ReflectiveCallable.run(ReflectiveCallable.java:12)
  at org.junit.runners.model.FrameworkMethod.invokeExplosively(FrameworkMethod.java:56)
  at org.junit.internal.runners.statements.InvokeMethod.evaluate(InvokeMethod.java:17)
  at org.junit.runners.ParentRunner$3.evaluate(ParentRunner.java:306)
  at org.junit.runners.BlockJUnit4ClassRunner$1.evaluate(BlockJUnit4ClassRunner.java:100)
  at org.junit.runners.ParentRunner.runLeaf(ParentRunner.java:366)
  at org.junit.runners.BlockJUnit4ClassRunner.runChild(BlockJUnit4ClassRunner.java:103)
  at org.junit.runners.BlockJUnit4ClassRunner.runChild(BlockJUnit4ClassRunner.java:63)
  at org.junit.runners.ParentRunner$4.run(ParentRunner.java:331)
  at org.junit.runners.ParentRunner$1.schedule(ParentRunner.java:79)
  at org.junit.runners.ParentRunner.runChildren(ParentRunner.java:329)
  at org.junit.runners.ParentRunner.access$100(ParentRunner.java:66)
  at org.junit.runners.ParentRunner$2.evaluate(ParentRunner.java:293)
  at org.junit.runners.ParentRunner$3.evaluate(ParentRunner.java:306)
  at org.junit.runners.ParentRunner.run(ParentRunner.java:413)
  at org.junit.runner.JUnitCore.run(JUnitCore.java:137)
  at org.junit.runner.JUnitCore.run(JUnitCore.java:115)
  at org.gradle.api.internal.tasks.testing.junit.JUnitTestExecutor.runRequest(JUnitTestExecutor.java:175)
  at org.gradle.api.internal.tasks.testing.junit.JUnitTestExecutor.accept(JUnitTestExecutor.java:84)
  at org.gradle.api.internal.tasks.testing.junit.JUnitTestExecutor.accept(JUnitTestExecutor.java:47)
  at org.gradle.api.internal.tasks.testing.junit.AbstractJUnitTestDefinitionProcessor.processTestDefinition(AbstractJUnitTestDefinitionProcessor.java:65)
  at org.gradle.api.internal.tasks.testing.SuiteTestDefinitionProcessor.processTestDefinition(SuiteTestDefinitionProcessor.java:54)
  at java.base/jdk.internal.reflect.DirectMethodHandleAccessor.invoke(DirectMethodHandleAccessor.java:104)
  at java.base/java.lang.reflect.Method.invoke(Method.java:565)
  at org.gradle.internal.dispatch.MethodInvocation.invokeOn(MethodInvocation.java:77)
  at org.gradle.internal.dispatch.ReflectionDispatch.dispatch(ReflectionDispatch.java:28)
  at org.gradle.internal.dispatch.ReflectionDispatch.dispatch(ReflectionDispatch.java:19)
  at org.gradle.internal.dispatch.ContextClassLoaderDispatch.dispatch(ContextClassLoaderDispatch.java:33)
  at org.gradle.internal.dispatch.ProxyDispatchAdapter$DispatchingInvocationHandler.invoke(ProxyDispatchAdapter.java:88)
  at jdk.proxy1/jdk.proxy1.$Proxy4.processTestDefinition(Unknown Source)
  at org.gradle.api.internal.tasks.testing.worker.TestWorker$2.run(TestWorker.java:178)
  at org.gradle.api.internal.tasks.testing.worker.TestWorker.executeAndMaintainThreadName(TestWorker.java:126)
  at org.gradle.api.internal.tasks.testing.worker.TestWorker.execute(TestWorker.java:103)
  at org.gradle.api.internal.tasks.testing.worker.TestWorker.execute(TestWorker.java:63)
  at org.gradle.process.internal.worker.child.ActionExecutionWorker.execute(ActionExecutionWorker.java:56)
  at org.gradle.process.internal.worker.child.SystemApplicationClassLoaderWorker.call(SystemApplicationClassLoaderWorker.java:122)
  at org.gradle.process.internal.worker.child.SystemApplicationClassLoaderWorker.call(SystemApplicationClassLoaderWorker.java:72)
  at worker.org.gradle.process.internal.worker.GradleWorkerMain.run(GradleWorkerMain.java:69)
  at worker.org.gradle.process.internal.worker.GradleWorkerMain.main(GradleWorkerMain.java:74)
</stacktrace>
</test-failure>


TypeScriptCompilerTests_D[jvm] > declarationEmitForGlobalishSpecifierSymlink2_ts compiles to JavaScript matching declarationEmitForGlobalishSpecifierSymlink2_js[jvm] FAILED

<test-failure test="com.xemantic.typescript.compiler.TypeScriptCompilerTests_D.declarationEmitExpandoPropertyPrivateName_ts has expected errors matching declarationEmitExpandoPropertyPrivateName_errors_txt" platform="jvm">
<message>
Expected diagnostics from baseline typescript-repo/tests/baselines/reference/declarationEmitExpandoPropertyPrivateName.errors.txt but none produced
</message>
<stacktrace>
  at com.xemantic.typescript.compiler.TypeScriptTestSupportKt.errorsMatchBaseline(TypeScriptTestSupport.kt:125)
  at com.xemantic.typescript.compiler.TypeScriptCompilerTests_D.declarationEmitExpandoPropertyPrivateName_ts has expected errors matching declarationEmitExpandoPropertyPrivateName_errors_txt(TypeScriptCompilerTests_D.kt:1722)
  at java.base/jdk.internal.reflect.DirectMethodHandleAccessor.invoke(DirectMethodHandleAccessor.java:104)
  at java.base/java.lang.reflect.Method.invoke(Method.java:565)
  at org.junit.runners.model.FrameworkMethod$1.runReflectiveCall(FrameworkMethod.java:59)
  at org.junit.internal.runners.model.ReflectiveCallable.run(ReflectiveCallable.java:12)
  at org.junit.runners.model.FrameworkMethod.invokeExplosively(FrameworkMethod.java:56)
  at org.junit.internal.runners.statements.InvokeMethod.evaluate(InvokeMethod.java:17)
  at org.junit.runners.ParentRunner$3.evaluate(ParentRunner.java:306)
  at org.junit.runners.BlockJUnit4ClassRunner$1.evaluate(BlockJUnit4ClassRunner.java:100)
  at org.junit.runners.ParentRunner.runLeaf(ParentRunner.java:366)
  at org.junit.runners.BlockJUnit4ClassRunner.runChild(BlockJUnit4ClassRunner.java:103)
  at org.junit.runners.BlockJUnit4ClassRunner.runChild(BlockJUnit4ClassRunner.java:63)
  at org.junit.runners.ParentRunner$4.run(ParentRunner.java:331)
  at org.junit.runners.ParentRunner$1.schedule(ParentRunner.java:79)
  at org.junit.runners.ParentRunner.runChildren(ParentRunner.java:329)
  at org.junit.runners.ParentRunner.access$100(ParentRunner.java:66)
  at org.junit.runners.ParentRunner$2.evaluate(ParentRunner.java:293)
  at org.junit.runners.ParentRunner$3.evaluate(ParentRunner.java:306)
  at org.junit.runners.ParentRunner.run(ParentRunner.java:413)
  at org.junit.runner.JUnitCore.run(JUnitCore.java:137)
  at org.junit.runner.JUnitCore.run(JUnitCore.java:115)
  at org.gradle.api.internal.tasks.testing.junit.JUnitTestExecutor.runRequest(JUnitTestExecutor.java:175)
  at org.gradle.api.internal.tasks.testing.junit.JUnitTestExecutor.accept(JUnitTestExecutor.java:84)
  at org.gradle.api.internal.tasks.testing.junit.JUnitTestExecutor.accept(JUnitTestExecutor.java:47)
  at org.gradle.api.internal.tasks.testing.junit.AbstractJUnitTestDefinitionProcessor.processTestDefinition(AbstractJUnitTestDefinitionProcessor.java:65)
  at org.gradle.api.internal.tasks.testing.SuiteTestDefinitionProcessor.processTestDefinition(SuiteTestDefinitionProcessor.java:54)
  at java.base/jdk.internal.reflect.DirectMethodHandleAccessor.invoke(DirectMethodHandleAccessor.java:104)
  at java.base/java.lang.reflect.Method.invoke(Method.java:565)
  at org.gradle.internal.dispatch.MethodInvocation.invokeOn(MethodInvocation.java:77)
  at org.gradle.internal.dispatch.ReflectionDispatch.dispatch(ReflectionDispatch.java:28)
  at org.gradle.internal.dispatch.ReflectionDispatch.dispatch(ReflectionDispatch.java:19)
  at org.gradle.internal.dispatch.ContextClassLoaderDispatch.dispatch(ContextClassLoaderDispatch.java:33)
  at org.gradle.internal.dispatch.ProxyDispatchAdapter$DispatchingInvocationHandler.invoke(ProxyDispatchAdapter.java:88)
  at jdk.proxy1/jdk.proxy1.$Proxy4.processTestDefinition(Unknown Source)
  at org.gradle.api.internal.tasks.testing.worker.TestWorker$2.run(TestWorker.java:178)
  at org.gradle.api.internal.tasks.testing.worker.TestWorker.executeAndMaintainThreadName(TestWorker.java:126)
  at org.gradle.api.internal.tasks.testing.worker.TestWorker.execute(TestWorker.java:103)
  at org.gradle.api.internal.tasks.testing.worker.TestWorker.execute(TestWorker.java:63)
  at org.gradle.process.internal.worker.child.ActionExecutionWorker.execute(ActionExecutionWorker.java:56)
  at org.gradle.process.internal.worker.child.SystemApplicationClassLoaderWorker.call(SystemApplicationClassLoaderWorker.java:122)
  at org.gradle.process.internal.worker.child.SystemApplicationClassLoaderWorker.call(SystemApplicationClassLoaderWorker.java:72)
  at worker.org.gradle.process.internal.worker.GradleWorkerMain.run(GradleWorkerMain.java:69)
  at worker.org.gradle.process.internal.worker.GradleWorkerMain.main(GradleWorkerMain.java:74)
</stacktrace>
</test-failure>


TypeScriptCompilerTests_D[jvm] > declarationEmitExpandoPropertyPrivateName_ts has expected errors matching declarationEmitExpandoPropertyPrivateName_errors_txt[jvm] FAILED

<test-failure test="com.xemantic.typescript.compiler.TypeScriptCompilerTests_D.duplicateIdentifierRelatedSpans3_ts has expected errors matching duplicateIdentifierRelatedSpans3_errors_txt" platform="jvm">
<message>
Expected diagnostics from baseline typescript-repo/tests/baselines/reference/duplicateIdentifierRelatedSpans3.errors.txt but none produced
</message>
<stacktrace>
  at com.xemantic.typescript.compiler.TypeScriptTestSupportKt.errorsMatchBaseline(TypeScriptTestSupport.kt:125)
  at com.xemantic.typescript.compiler.TypeScriptCompilerTests_D.duplicateIdentifierRelatedSpans3_ts has expected errors matching duplicateIdentifierRelatedSpans3_errors_txt(TypeScriptCompilerTests_D.kt:6377)
  at java.base/jdk.internal.reflect.DirectMethodHandleAccessor.invoke(DirectMethodHandleAccessor.java:104)
  at java.base/java.lang.reflect.Method.invoke(Method.java:565)
  at org.junit.runners.model.FrameworkMethod$1.runReflectiveCall(FrameworkMethod.java:59)
  at org.junit.internal.runners.model.ReflectiveCallable.run(ReflectiveCallable.java:12)
  at org.junit.runners.model.FrameworkMethod.invokeExplosively(FrameworkMethod.java:56)
  at org.junit.internal.runners.statements.InvokeMethod.evaluate(InvokeMethod.java:17)
  at org.junit.runners.ParentRunner$3.evaluate(ParentRunner.java:306)
  at org.junit.runners.BlockJUnit4ClassRunner$1.evaluate(BlockJUnit4ClassRunner.java:100)
  at org.junit.runners.ParentRunner.runLeaf(ParentRunner.java:366)
  at org.junit.runners.BlockJUnit4ClassRunner.runChild(BlockJUnit4ClassRunner.java:103)
  at org.junit.runners.BlockJUnit4ClassRunner.runChild(BlockJUnit4ClassRunner.java:63)
  at org.junit.runners.ParentRunner$4.run(ParentRunner.java:331)
  at org.junit.runners.ParentRunner$1.schedule(ParentRunner.java:79)
  at org.junit.runners.ParentRunner.runChildren(ParentRunner.java:329)
  at org.junit.runners.ParentRunner.access$100(ParentRunner.java:66)
  at org.junit.runners.ParentRunner$2.evaluate(ParentRunner.java:293)
  at org.junit.runners.ParentRunner$3.evaluate(ParentRunner.java:306)
  at org.junit.runners.ParentRunner.run(ParentRunner.java:413)
  at org.junit.runner.JUnitCore.run(JUnitCore.java:137)
  at org.junit.runner.JUnitCore.run(JUnitCore.java:115)
  at org.gradle.api.internal.tasks.testing.junit.JUnitTestExecutor.runRequest(JUnitTestExecutor.java:175)
  at org.gradle.api.internal.tasks.testing.junit.JUnitTestExecutor.accept(JUnitTestExecutor.java:84)
  at org.gradle.api.internal.tasks.testing.junit.JUnitTestExecutor.accept(JUnitTestExecutor.java:47)
  at org.gradle.api.internal.tasks.testing.junit.AbstractJUnitTestDefinitionProcessor.processTestDefinition(AbstractJUnitTestDefinitionProcessor.java:65)
  at org.gradle.api.internal.tasks.testing.SuiteTestDefinitionProcessor.processTestDefinition(SuiteTestDefinitionProcessor.java:54)
  at java.base/jdk.internal.reflect.DirectMethodHandleAccessor.invoke(DirectMethodHandleAccessor.java:104)
  at java.base/java.lang.reflect.Method.invoke(Method.java:565)
  at org.gradle.internal.dispatch.MethodInvocation.invokeOn(MethodInvocation.java:77)
  at org.gradle.internal.dispatch.ReflectionDispatch.dispatch(ReflectionDispatch.java:28)
  at org.gradle.internal.dispatch.ReflectionDispatch.dispatch(ReflectionDispatch.java:19)
  at org.gradle.internal.dispatch.ContextClassLoaderDispatch.dispatch(ContextClassLoaderDispatch.java:33)
  at org.gradle.internal.dispatch.ProxyDispatchAdapter$DispatchingInvocationHandler.invoke(ProxyDispatchAdapter.java:88)
  at jdk.proxy1/jdk.proxy1.$Proxy4.processTestDefinition(Unknown Source)
  at org.gradle.api.internal.tasks.testing.worker.TestWorker$2.run(TestWorker.java:178)
  at org.gradle.api.internal.tasks.testing.worker.TestWorker.executeAndMaintainThreadName(TestWorker.java:126)
  at org.gradle.api.internal.tasks.testing.worker.TestWorker.execute(TestWorker.java:103)
  at org.gradle.api.internal.tasks.testing.worker.TestWorker.execute(TestWorker.java:63)
  at org.gradle.process.internal.worker.child.ActionExecutionWorker.execute(ActionExecutionWorker.java:56)
  at org.gradle.process.internal.worker.child.SystemApplicationClassLoaderWorker.call(SystemApplicationClassLoaderWorker.java:122)
  at org.gradle.process.internal.worker.child.SystemApplicationClassLoaderWorker.call(SystemApplicationClassLoaderWorker.java:72)
  at worker.org.gradle.process.internal.worker.GradleWorkerMain.run(GradleWorkerMain.java:69)
  at worker.org.gradle.process.internal.worker.GradleWorkerMain.main(GradleWorkerMain.java:74)
</stacktrace>
</test-failure>


TypeScriptCompilerTests_D[jvm] > duplicateIdentifierRelatedSpans3_ts has expected errors matching duplicateIdentifierRelatedSpans3_errors_txt[jvm] FAILED

<test-failure test="com.xemantic.typescript.compiler.TypeScriptCompilerTests_D.duplicateIdentifierComputedName_ts has expected errors matching duplicateIdentifierComputedName_errors_txt" platform="jvm">
<message>
Expected diagnostics from baseline typescript-repo/tests/baselines/reference/duplicateIdentifierComputedName.errors.txt but none produced
</message>
<stacktrace>
  at com.xemantic.typescript.compiler.TypeScriptTestSupportKt.errorsMatchBaseline(TypeScriptTestSupport.kt:125)
  at com.xemantic.typescript.compiler.TypeScriptCompilerTests_D.duplicateIdentifierComputedName_ts has expected errors matching duplicateIdentifierComputedName_errors_txt(TypeScriptCompilerTests_D.kt:6279)
  at java.base/jdk.internal.reflect.DirectMethodHandleAccessor.invoke(DirectMethodHandleAccessor.java:104)
  at java.base/java.lang.reflect.Method.invoke(Method.java:565)
  at org.junit.runners.model.FrameworkMethod$1.runReflectiveCall(FrameworkMethod.java:59)
  at org.junit.internal.runners.model.ReflectiveCallable.run(ReflectiveCallable.java:12)
  at org.junit.runners.model.FrameworkMethod.invokeExplosively(FrameworkMethod.java:56)
  at org.junit.internal.runners.statements.InvokeMethod.evaluate(InvokeMethod.java:17)
  at org.junit.runners.ParentRunner$3.evaluate(ParentRunner.java:306)
  at org.junit.runners.BlockJUnit4ClassRunner$1.evaluate(BlockJUnit4ClassRunner.java:100)
  at org.junit.runners.ParentRunner.runLeaf(ParentRunner.java:366)
  at org.junit.runners.BlockJUnit4ClassRunner.runChild(BlockJUnit4ClassRunner.java:103)
  at org.junit.runners.BlockJUnit4ClassRunner.runChild(BlockJUnit4ClassRunner.java:63)
  at org.junit.runners.ParentRunner$4.run(ParentRunner.java:331)
  at org.junit.runners.ParentRunner$1.schedule(ParentRunner.java:79)
  at org.junit.runners.ParentRunner.runChildren(ParentRunner.java:329)
  at org.junit.runners.ParentRunner.access$100(ParentRunner.java:66)
  at org.junit.runners.ParentRunner$2.evaluate(ParentRunner.java:293)
  at org.junit.runners.ParentRunner$3.evaluate(ParentRunner.java:306)
  at org.junit.runners.ParentRunner.run(ParentRunner.java:413)
  at org.junit.runner.JUnitCore.run(JUnitCore.java:137)
  at org.junit.runner.JUnitCore.run(JUnitCore.java:115)
  at org.gradle.api.internal.tasks.testing.junit.JUnitTestExecutor.runRequest(JUnitTestExecutor.java:175)
  at org.gradle.api.internal.tasks.testing.junit.JUnitTestExecutor.accept(JUnitTestExecutor.java:84)
  at org.gradle.api.internal.tasks.testing.junit.JUnitTestExecutor.accept(JUnitTestExecutor.java:47)
  at org.gradle.api.internal.tasks.testing.junit.AbstractJUnitTestDefinitionProcessor.processTestDefinition(AbstractJUnitTestDefinitionProcessor.java:65)
  at org.gradle.api.internal.tasks.testing.SuiteTestDefinitionProcessor.processTestDefinition(SuiteTestDefinitionProcessor.java:54)
  at java.base/jdk.internal.reflect.DirectMethodHandleAccessor.invoke(DirectMethodHandleAccessor.java:104)
  at java.base/java.lang.reflect.Method.invoke(Method.java:565)
  at org.gradle.internal.dispatch.MethodInvocation.invokeOn(MethodInvocation.java:77)
  at org.gradle.internal.dispatch.ReflectionDispatch.dispatch(ReflectionDispatch.java:28)
  at org.gradle.internal.dispatch.ReflectionDispatch.dispatch(ReflectionDispatch.java:19)
  at org.gradle.internal.dispatch.ContextClassLoaderDispatch.dispatch(ContextClassLoaderDispatch.java:33)
  at org.gradle.internal.dispatch.ProxyDispatchAdapter$DispatchingInvocationHandler.invoke(ProxyDispatchAdapter.java:88)
  at jdk.proxy1/jdk.proxy1.$Proxy4.processTestDefinition(Unknown Source)
  at org.gradle.api.internal.tasks.testing.worker.TestWorker$2.run(TestWorker.java:178)
  at org.gradle.api.internal.tasks.testing.worker.TestWorker.executeAndMaintainThreadName(TestWorker.java:126)
  at org.gradle.api.internal.tasks.testing.worker.TestWorker.execute(TestWorker.java:103)
  at org.gradle.api.internal.tasks.testing.worker.TestWorker.execute(TestWorker.java:63)
  at org.gradle.process.internal.worker.child.ActionExecutionWorker.execute(ActionExecutionWorker.java:56)
  at org.gradle.process.internal.worker.child.SystemApplicationClassLoaderWorker.call(SystemApplicationClassLoaderWorker.java:122)
  at org.gradle.process.internal.worker.child.SystemApplicationClassLoaderWorker.call(SystemApplicationClassLoaderWorker.java:72)
  at worker.org.gradle.process.internal.worker.GradleWorkerMain.run(GradleWorkerMain.java:69)
  at worker.org.gradle.process.internal.worker.GradleWorkerMain.main(GradleWorkerMain.java:74)
</stacktrace>
</test-failure>


TypeScriptCompilerTests_D[jvm] > duplicateIdentifierComputedName_ts has expected errors matching duplicateIdentifierComputedName_errors_txt[jvm] FAILED

<test-failure test="com.xemantic.typescript.compiler.TypeScriptCompilerTests_D.duplicateErrorClassExpression_ts has expected errors matching duplicateErrorClassExpression_errors_txt" platform="jvm">
<message>
Expected diagnostics from baseline typescript-repo/tests/baselines/reference/duplicateErrorClassExpression.errors.txt but none produced
</message>
<stacktrace>
  at com.xemantic.typescript.compiler.TypeScriptTestSupportKt.errorsMatchBaseline(TypeScriptTestSupport.kt:125)
  at com.xemantic.typescript.compiler.TypeScriptCompilerTests_D.duplicateErrorClassExpression_ts has expected errors matching duplicateErrorClassExpression_errors_txt(TypeScriptCompilerTests_D.kt:6251)
  at java.base/jdk.internal.reflect.DirectMethodHandleAccessor.invoke(DirectMethodHandleAccessor.java:104)
  at java.base/java.lang.reflect.Method.invoke(Method.java:565)
  at org.junit.runners.model.FrameworkMethod$1.runReflectiveCall(FrameworkMethod.java:59)
  at org.junit.internal.runners.model.ReflectiveCallable.run(ReflectiveCallable.java:12)
  at org.junit.runners.model.FrameworkMethod.invokeExplosively(FrameworkMethod.java:56)
  at org.junit.internal.runners.statements.InvokeMethod.evaluate(InvokeMethod.java:17)
  at org.junit.runners.ParentRunner$3.evaluate(ParentRunner.java:306)
  at org.junit.runners.BlockJUnit4ClassRunner$1.evaluate(BlockJUnit4ClassRunner.java:100)
  at org.junit.runners.ParentRunner.runLeaf(ParentRunner.java:366)
  at org.junit.runners.BlockJUnit4ClassRunner.runChild(BlockJUnit4ClassRunner.java:103)
  at org.junit.runners.BlockJUnit4ClassRunner.runChild(BlockJUnit4ClassRunner.java:63)
  at org.junit.runners.ParentRunner$4.run(ParentRunner.java:331)
  at org.junit.runners.ParentRunner$1.schedule(ParentRunner.java:79)
  at org.junit.runners.ParentRunner.runChildren(ParentRunner.java:329)
  at org.junit.runners.ParentRunner.access$100(ParentRunner.java:66)
  at org.junit.runners.ParentRunner$2.evaluate(ParentRunner.java:293)
  at org.junit.runners.ParentRunner$3.evaluate(ParentRunner.java:306)
  at org.junit.runners.ParentRunner.run(ParentRunner.java:413)
  at org.junit.runner.JUnitCore.run(JUnitCore.java:137)
  at org.junit.runner.JUnitCore.run(JUnitCore.java:115)
  at org.gradle.api.internal.tasks.testing.junit.JUnitTestExecutor.runRequest(JUnitTestExecutor.java:175)
  at org.gradle.api.internal.tasks.testing.junit.JUnitTestExecutor.accept(JUnitTestExecutor.java:84)
  at org.gradle.api.internal.tasks.testing.junit.JUnitTestExecutor.accept(JUnitTestExecutor.java:47)
  at org.gradle.api.internal.tasks.testing.junit.AbstractJUnitTestDefinitionProcessor.processTestDefinition(AbstractJUnitTestDefinitionProcessor.java:65)
  at org.gradle.api.internal.tasks.testing.SuiteTestDefinitionProcessor.processTestDefinition(SuiteTestDefinitionProcessor.java:54)
  at java.base/jdk.internal.reflect.DirectMethodHandleAccessor.invoke(DirectMethodHandleAccessor.java:104)
  at java.base/java.lang.reflect.Method.invoke(Method.java:565)
  at org.gradle.internal.dispatch.MethodInvocation.invokeOn(MethodInvocation.java:77)
  at org.gradle.internal.dispatch.ReflectionDispatch.dispatch(ReflectionDispatch.java:28)
  at org.gradle.internal.dispatch.ReflectionDispatch.dispatch(ReflectionDispatch.java:19)
  at org.gradle.internal.dispatch.ContextClassLoaderDispatch.dispatch(ContextClassLoaderDispatch.java:33)
  at org.gradle.internal.dispatch.ProxyDispatchAdapter$DispatchingInvocationHandler.invoke(ProxyDispatchAdapter.java:88)
  at jdk.proxy1/jdk.proxy1.$Proxy4.processTestDefinition(Unknown Source)
  at org.gradle.api.internal.tasks.testing.worker.TestWorker$2.run(TestWorker.java:178)
  at org.gradle.api.internal.tasks.testing.worker.TestWorker.executeAndMaintainThreadName(TestWorker.java:126)
  at org.gradle.api.internal.tasks.testing.worker.TestWorker.execute(TestWorker.java:103)
  at org.gradle.api.internal.tasks.testing.worker.TestWorker.execute(TestWorker.java:63)
  at org.gradle.process.internal.worker.child.ActionExecutionWorker.execute(ActionExecutionWorker.java:56)
  at org.gradle.process.internal.worker.child.SystemApplicationClassLoaderWorker.call(SystemApplicationClassLoaderWorker.java:122)
  at org.gradle.process.internal.worker.child.SystemApplicationClassLoaderWorker.call(SystemApplicationClassLoaderWorker.java:72)
  at worker.org.gradle.process.internal.worker.GradleWorkerMain.run(GradleWorkerMain.java:69)
  at worker.org.gradle.process.internal.worker.GradleWorkerMain.main(GradleWorkerMain.java:74)
</stacktrace>
</test-failure>


TypeScriptCompilerTests_D[jvm] > duplicateErrorClassExpression_ts has expected errors matching duplicateErrorClassExpression_errors_txt[jvm] FAILED

<test-failure test="com.xemantic.typescript.compiler.TypeScriptCompilerTests_D.declarationEmitMonorepoBaseUrl_ts has expected errors matching declarationEmitMonorepoBaseUrl_errors_txt" platform="jvm">
<message>
--- expected
+++ actual
@@ -1,18 +1,13 @@
-/tsconfig.json(5,5): error TS5011: The common source directory of 'tsconfig.json' is './packages'. The 'rootDir' setting must be explicitly set to this or another path to adjust your output's file layout.
-  Visit https://aka.ms/ts6 for migration information.
 /tsconfig.json(6,5): error TS5101: Option 'baseUrl' is deprecated and will stop functioning in TypeScript 7.0. Specify compilerOption '"ignoreDeprecations": "6.0"' to silence this error.
   Visit https://aka.ms/ts6 for migration information.
 
 
-==== /tsconfig.json (2 errors) ====
+==== /tsconfig.json (1 errors) ====
     {
       "compilerOptions": {
         "module": "nodenext",
         "declaration": true,
         "outDir": "temp",
-        ~~~~~~~~
-!!! error TS5011: The common source directory of 'tsconfig.json' is './packages'. The 'rootDir' setting must be explicitly set to this or another path to adjust your output's file layout.
-!!! error TS5011:   Visit https://aka.ms/ts6 for migration information.
         "baseUrl": "."
         ~~~~~~~~~
 !!! error TS5101: Option 'baseUrl' is deprecated and will stop functioning in TypeScript 7.0. Specify compilerOption '"ignoreDeprecations": "6.0"' to silence this error.
@@ -20,15 +15,6 @@
       }
     }
     
-==== /packages/compiler-core/src/index.ts (0 errors) ====
-    import { PluginConfig } from "@babel/parser";
-    
-==== /packages/compiler-sfc/src/index.ts (0 errors) ====
-    import { createPlugin } from "@babel/parser";
-    export function resolveParserPlugins() {
-      return [createPlugin()];
-    }
-    
 ==== /node_modules/.pnpm/@babel+parser@7.23.6/node_modules/@babel/parser/package.json (0 errors) ====
     {
       "name": "@babel/parser",
@@ -51,6 +37,9 @@
       }
     }
     
+==== /packages/compiler-core/src/index.ts (0 errors) ====
+    import { PluginConfig } from "@babel/parser";
+    
 ==== /packages/compiler-sfc/package.json (0 errors) ====
     {
       "name": "@vue/compiler-sfc",
@@ -61,3 +50,9 @@
         "@vue/compiler-core": "^3.0.0"
       }
     }
+    
+==== /packages/compiler-sfc/src/index.ts (0 errors) ====
+    import { createPlugin } from "@babel/parser";
+    export function resolveParserPlugins() {
+      return [createPlugin()];
+    }

</message>
<stacktrace>
  at org.junit.Assert.fail(Assert.java:89)
  at kotlin.test.junit.JUnitAsserter.fail(JUnitSupport.kt:56)
  at kotlin.test.AssertionsKt__AssertionsKt.fail(Assertions.kt:563)
  at kotlin.test.AssertionsKt.fail(Unknown Source)
  at com.xemantic.kotlin.test.SameAsKt.sameAs(SameAs.kt:52)
  at com.xemantic.typescript.compiler.TypeScriptTestSupportKt.errorsMatchBaseline(TypeScriptTestSupport.kt:135)
  at com.xemantic.typescript.compiler.TypeScriptCompilerTests_D.declarationEmitMonorepoBaseUrl_ts has expected errors matching declarationEmitMonorepoBaseUrl_errors_txt(TypeScriptCompilerTests_D.kt:2387)
  at java.base/jdk.internal.reflect.DirectMethodHandleAccessor.invoke(DirectMethodHandleAccessor.java:104)
  at java.base/java.lang.reflect.Method.invoke(Method.java:565)
  at org.junit.runners.model.FrameworkMethod$1.runReflectiveCall(FrameworkMethod.java:59)
  at org.junit.internal.runners.model.ReflectiveCallable.run(ReflectiveCallable.java:12)
  at org.junit.runners.model.FrameworkMethod.invokeExplosively(FrameworkMethod.java:56)
  at org.junit.internal.runners.statements.InvokeMethod.evaluate(InvokeMethod.java:17)
  at org.junit.runners.ParentRunner$3.evaluate(ParentRunner.java:306)
  at org.junit.runners.BlockJUnit4ClassRunner$1.evaluate(BlockJUnit4ClassRunner.java:100)
  at org.junit.runners.ParentRunner.runLeaf(ParentRunner.java:366)
  at org.junit.runners.BlockJUnit4ClassRunner.runChild(BlockJUnit4ClassRunner.java:103)
  at org.junit.runners.BlockJUnit4ClassRunner.runChild(BlockJUnit4ClassRunner.java:63)
  at org.junit.runners.ParentRunner$4.run(ParentRunner.java:331)
  at org.junit.runners.ParentRunner$1.schedule(ParentRunner.java:79)
  at org.junit.runners.ParentRunner.runChildren(ParentRunner.java:329)
  at org.junit.runners.ParentRunner.access$100(ParentRunner.java:66)
  at org.junit.runners.ParentRunner$2.evaluate(ParentRunner.java:293)
  at org.junit.runners.ParentRunner$3.evaluate(ParentRunner.java:306)
  at org.junit.runners.ParentRunner.run(ParentRunner.java:413)
  at org.junit.runner.JUnitCore.run(JUnitCore.java:137)
  at org.junit.runner.JUnitCore.run(JUnitCore.java:115)
  at org.gradle.api.internal.tasks.testing.junit.JUnitTestExecutor.runRequest(JUnitTestExecutor.java:175)
  at org.gradle.api.internal.tasks.testing.junit.JUnitTestExecutor.accept(JUnitTestExecutor.java:84)
  at org.gradle.api.internal.tasks.testing.junit.JUnitTestExecutor.accept(JUnitTestExecutor.java:47)
  at org.gradle.api.internal.tasks.testing.junit.AbstractJUnitTestDefinitionProcessor.processTestDefinition(AbstractJUnitTestDefinitionProcessor.java:65)
  at org.gradle.api.internal.tasks.testing.SuiteTestDefinitionProcessor.processTestDefinition(SuiteTestDefinitionProcessor.java:54)
  at java.base/jdk.internal.reflect.DirectMethodHandleAccessor.invoke(DirectMethodHandleAccessor.java:104)
  at java.base/java.lang.reflect.Method.invoke(Method.java:565)
  at org.gradle.internal.dispatch.MethodInvocation.invokeOn(MethodInvocation.java:77)
  at org.gradle.internal.dispatch.ReflectionDispatch.dispatch(ReflectionDispatch.java:28)
  at org.gradle.internal.dispatch.ReflectionDispatch.dispatch(ReflectionDispatch.java:19)
  at org.gradle.internal.dispatch.ContextClassLoaderDispatch.dispatch(ContextClassLoaderDispatch.java:33)
  at org.gradle.internal.dispatch.ProxyDispatchAdapter$DispatchingInvocationHandler.invoke(ProxyDispatchAdapter.java:88)
  at jdk.proxy1/jdk.proxy1.$Proxy4.processTestDefinition(Unknown Source)
  at org.gradle.api.internal.tasks.testing.worker.TestWorker$2.run(TestWorker.java:178)
  at org.gradle.api.internal.tasks.testing.worker.TestWorker.executeAndMaintainThreadName(TestWorker.java:126)
  at org.gradle.api.internal.tasks.testing.worker.TestWorker.execute(TestWorker.java:103)
  at org.gradle.api.internal.tasks.testing.worker.TestWorker.execute(TestWorker.java:63)
  at org.gradle.process.internal.worker.child.ActionExecutionWorker.execute(ActionExecutionWorker.java:56)
  at org.gradle.process.internal.worker.child.SystemApplicationClassLoaderWorker.call(SystemApplicationClassLoaderWorker.java:122)
  at org.gradle.process.internal.worker.child.SystemApplicationClassLoaderWorker.call(SystemApplicationClassLoaderWorker.java:72)
  at worker.org.gradle.process.internal.worker.GradleWorkerMain.run(GradleWorkerMain.java:69)
  at worker.org.gradle.process.internal.worker.GradleWorkerMain.main(GradleWorkerMain.java:74)
</stacktrace>
</test-failure>


TypeScriptCompilerTests_D[jvm] > declarationEmitMonorepoBaseUrl_ts has expected errors matching declarationEmitMonorepoBaseUrl_errors_txt[jvm] FAILED

<test-failure test="com.xemantic.typescript.compiler.TypeScriptCompilerTests_D.declarationEmitIsolatedDeclarationErrorNotEmittedForNonEmittedFile_ts has expected errors matching declarationEmitIsolatedDeclarationErrorNotEmittedForNonEmittedFile_errors_txt" platform="jvm">
<message>
Expected diagnostics from baseline typescript-repo/tests/baselines/reference/declarationEmitIsolatedDeclarationErrorNotEmittedForNonEmittedFile.errors.txt but none produced
</message>
<stacktrace>
  at com.xemantic.typescript.compiler.TypeScriptTestSupportKt.errorsMatchBaseline(TypeScriptTestSupport.kt:125)
  at com.xemantic.typescript.compiler.TypeScriptCompilerTests_D.declarationEmitIsolatedDeclarationErrorNotEmittedForNonEmittedFile_ts has expected errors matching declarationEmitIsolatedDeclarationErrorNotEmittedForNonEmittedFile_errors_txt(TypeScriptCompilerTests_D.kt:2219)
  at java.base/jdk.internal.reflect.DirectMethodHandleAccessor.invoke(DirectMethodHandleAccessor.java:104)
  at java.base/java.lang.reflect.Method.invoke(Method.java:565)
  at org.junit.runners.model.FrameworkMethod$1.runReflectiveCall(FrameworkMethod.java:59)
  at org.junit.internal.runners.model.ReflectiveCallable.run(ReflectiveCallable.java:12)
  at org.junit.runners.model.FrameworkMethod.invokeExplosively(FrameworkMethod.java:56)
  at org.junit.internal.runners.statements.InvokeMethod.evaluate(InvokeMethod.java:17)
  at org.junit.runners.ParentRunner$3.evaluate(ParentRunner.java:306)
  at org.junit.runners.BlockJUnit4ClassRunner$1.evaluate(BlockJUnit4ClassRunner.java:100)
  at org.junit.runners.ParentRunner.runLeaf(ParentRunner.java:366)
  at org.junit.runners.BlockJUnit4ClassRunner.runChild(BlockJUnit4ClassRunner.java:103)
  at org.junit.runners.BlockJUnit4ClassRunner.runChild(BlockJUnit4ClassRunner.java:63)
  at org.junit.runners.ParentRunner$4.run(ParentRunner.java:331)
  at org.junit.runners.ParentRunner$1.schedule(ParentRunner.java:79)
  at org.junit.runners.ParentRunner.runChildren(ParentRunner.java:329)
  at org.junit.runners.ParentRunner.access$100(ParentRunner.java:66)
  at org.junit.runners.ParentRunner$2.evaluate(ParentRunner.java:293)
  at org.junit.runners.ParentRunner$3.evaluate(ParentRunner.java:306)
  at org.junit.runners.ParentRunner.run(ParentRunner.java:413)
  at org.junit.runner.JUnitCore.run(JUnitCore.java:137)
  at org.junit.runner.JUnitCore.run(JUnitCore.java:115)
  at org.gradle.api.internal.tasks.testing.junit.JUnitTestExecutor.runRequest(JUnitTestExecutor.java:175)
  at org.gradle.api.internal.tasks.testing.junit.JUnitTestExecutor.accept(JUnitTestExecutor.java:84)
  at org.gradle.api.internal.tasks.testing.junit.JUnitTestExecutor.accept(JUnitTestExecutor.java:47)
  at org.gradle.api.internal.tasks.testing.junit.AbstractJUnitTestDefinitionProcessor.processTestDefinition(AbstractJUnitTestDefinitionProcessor.java:65)
  at org.gradle.api.internal.tasks.testing.SuiteTestDefinitionProcessor.processTestDefinition(SuiteTestDefinitionProcessor.java:54)
  at java.base/jdk.internal.reflect.DirectMethodHandleAccessor.invoke(DirectMethodHandleAccessor.java:104)
  at java.base/java.lang.reflect.Method.invoke(Method.java:565)
  at org.gradle.internal.dispatch.MethodInvocation.invokeOn(MethodInvocation.java:77)
  at org.gradle.internal.dispatch.ReflectionDispatch.dispatch(ReflectionDispatch.java:28)
  at org.gradle.internal.dispatch.ReflectionDispatch.dispatch(ReflectionDispatch.java:19)
  at org.gradle.internal.dispatch.ContextClassLoaderDispatch.dispatch(ContextClassLoaderDispatch.java:33)
  at org.gradle.internal.dispatch.ProxyDispatchAdapter$DispatchingInvocationHandler.invoke(ProxyDispatchAdapter.java:88)
  at jdk.proxy1/jdk.proxy1.$Proxy4.processTestDefinition(Unknown Source)
  at org.gradle.api.internal.tasks.testing.worker.TestWorker$2.run(TestWorker.java:178)
  at org.gradle.api.internal.tasks.testing.worker.TestWorker.executeAndMaintainThreadName(TestWorker.java:126)
  at org.gradle.api.internal.tasks.testing.worker.TestWorker.execute(TestWorker.java:103)
  at org.gradle.api.internal.tasks.testing.worker.TestWorker.execute(TestWorker.java:63)
  at org.gradle.process.internal.worker.child.ActionExecutionWorker.execute(ActionExecutionWorker.java:56)
  at org.gradle.process.internal.worker.child.SystemApplicationClassLoaderWorker.call(SystemApplicationClassLoaderWorker.java:122)
  at org.gradle.process.internal.worker.child.SystemApplicationClassLoaderWorker.call(SystemApplicationClassLoaderWorker.java:72)
  at worker.org.gradle.process.internal.worker.GradleWorkerMain.run(GradleWorkerMain.java:69)
  at worker.org.gradle.process.internal.worker.GradleWorkerMain.main(GradleWorkerMain.java:74)
</stacktrace>
</test-failure>


TypeScriptCompilerTests_D[jvm] > declarationEmitIsolatedDeclarationErrorNotEmittedForNonEmittedFile_ts has expected errors matching declarationEmitIsolatedDeclarationErrorNotEmittedForNonEmittedFile_errors_txt[jvm] FAILED

<test-failure test="com.xemantic.typescript.compiler.TypeScriptCompilerTests_D.destructureComputedProperty_ts has expected errors matching destructureComputedProperty_errors_txt" platform="jvm">
<message>
--- expected
+++ actual
@@ -1,11 +1,7 @@
 destructureComputedProperty.ts(5,19): error TS2564: Property 'p' has no initializer and is not definitely assigned in the constructor.
-destructureComputedProperty.ts(7,9): error TS2341: Property 'p' is private and only accessible within class 'C'.
-destructureComputedProperty.ts(8,9): error TS2341: Property 'p' is private and only accessible within class 'C'.
-destructureComputedProperty.ts(9,9): error TS2341: Property 'p' is private and only accessible within class 'C'.
-destructureComputedProperty.ts(10,9): error TS2341: Property 'p' is private and only accessible within class 'C'.
 
 
-==== destructureComputedProperty.ts (5 errors) ====
+==== destructureComputedProperty.ts (1 errors) ====
     declare const ab: { n: number } | { n: string };
     const nameN = "n";
     const { [nameN]: n } = ab;
@@ -15,14 +11,6 @@
 !!! error TS2564: Property 'p' has no initializer and is not definitely assigned in the constructor.
     const nameP = "p";
     const { "p": p0 } = new C();
-            ~~~
-!!! error TS2341: Property 'p' is private and only accessible within class 'C'.
     const { ["p"]: p1 } = new C();
-            ~~~~~
-!!! error TS2341: Property 'p' is private and only accessible within class 'C'.
     const { [nameP]: p2 } = new C();
-            ~~~~~~~
-!!! error TS2341: Property 'p' is private and only accessible within class 'C'.
     const { p: p3 } = new C();
-            ~
-!!! error TS2341: Property 'p' is private and only accessible within class 'C'.

</message>
<stacktrace>
  at org.junit.Assert.fail(Assert.java:89)
  at kotlin.test.junit.JUnitAsserter.fail(JUnitSupport.kt:56)
  at kotlin.test.AssertionsKt__AssertionsKt.fail(Assertions.kt:563)
  at kotlin.test.AssertionsKt.fail(Unknown Source)
  at com.xemantic.kotlin.test.SameAsKt.sameAs(SameAs.kt:52)
  at com.xemantic.typescript.compiler.TypeScriptTestSupportKt.errorsMatchBaseline(TypeScriptTestSupport.kt:135)
  at com.xemantic.typescript.compiler.TypeScriptCompilerTests_D.destructureComputedProperty_ts has expected errors matching destructureComputedProperty_errors_txt(TypeScriptCompilerTests_D.kt:4872)
  at java.base/jdk.internal.reflect.DirectMethodHandleAccessor.invoke(DirectMethodHandleAccessor.java:104)
  at java.base/java.lang.reflect.Method.invoke(Method.java:565)
  at org.junit.runners.model.FrameworkMethod$1.runReflectiveCall(FrameworkMethod.java:59)
  at org.junit.internal.runners.model.ReflectiveCallable.run(ReflectiveCallable.java:12)
  at org.junit.runners.model.FrameworkMethod.invokeExplosively(FrameworkMethod.java:56)
  at org.junit.internal.runners.statements.InvokeMethod.evaluate(InvokeMethod.java:17)
  at org.junit.runners.ParentRunner$3.evaluate(ParentRunner.java:306)
  at org.junit.runners.BlockJUnit4ClassRunner$1.evaluate(BlockJUnit4ClassRunner.java:100)
  at org.junit.runners.ParentRunner.runLeaf(ParentRunner.java:366)
  at org.junit.runners.BlockJUnit4ClassRunner.runChild(BlockJUnit4ClassRunner.java:103)
  at org.junit.runners.BlockJUnit4ClassRunner.runChild(BlockJUnit4ClassRunner.java:63)
  at org.junit.runners.ParentRunner$4.run(ParentRunner.java:331)
  at org.junit.runners.ParentRunner$1.schedule(ParentRunner.java:79)
  at org.junit.runners.ParentRunner.runChildren(ParentRunner.java:329)
  at org.junit.runners.ParentRunner.access$100(ParentRunner.java:66)
  at org.junit.runners.ParentRunner$2.evaluate(ParentRunner.java:293)
  at org.junit.runners.ParentRunner$3.evaluate(ParentRunner.java:306)
  at org.junit.runners.ParentRunner.run(ParentRunner.java:413)
  at org.junit.runner.JUnitCore.run(JUnitCore.java:137)
  at org.junit.runner.JUnitCore.run(JUnitCore.java:115)
  at org.gradle.api.internal.tasks.testing.junit.JUnitTestExecutor.runRequest(JUnitTestExecutor.java:175)
  at org.gradle.api.internal.tasks.testing.junit.JUnitTestExecutor.accept(JUnitTestExecutor.java:84)
  at org.gradle.api.internal.tasks.testing.junit.JUnitTestExecutor.accept(JUnitTestExecutor.java:47)
  at org.gradle.api.internal.tasks.testing.junit.AbstractJUnitTestDefinitionProcessor.processTestDefinition(AbstractJUnitTestDefinitionProcessor.java:65)
  at org.gradle.api.internal.tasks.testing.SuiteTestDefinitionProcessor.processTestDefinition(SuiteTestDefinitionProcessor.java:54)
  at java.base/jdk.internal.reflect.DirectMethodHandleAccessor.invoke(DirectMethodHandleAccessor.java:104)
  at java.base/java.lang.reflect.Method.invoke(Method.java:565)
  at org.gradle.internal.dispatch.MethodInvocation.invokeOn(MethodInvocation.java:77)
  at org.gradle.internal.dispatch.ReflectionDispatch.dispatch(ReflectionDispatch.java:28)
  at org.gradle.internal.dispatch.ReflectionDispatch.dispatch(ReflectionDispatch.java:19)
  at org.gradle.internal.dispatch.ContextClassLoaderDispatch.dispatch(ContextClassLoaderDispatch.java:33)
  at org.gradle.internal.dispatch.ProxyDispatchAdapter$DispatchingInvocationHandler.invoke(ProxyDispatchAdapter.java:88)
  at jdk.proxy1/jdk.proxy1.$Proxy4.processTestDefinition(Unknown Source)
  at org.gradle.api.internal.tasks.testing.worker.TestWorker$2.run(TestWorker.java:178)
  at org.gradle.api.internal.tasks.testing.worker.TestWorker.executeAndMaintainThreadName(TestWorker.java:126)
  at org.gradle.api.internal.tasks.testing.worker.TestWorker.execute(TestWorker.java:103)
  at org.gradle.api.internal.tasks.testing.worker.TestWorker.execute(TestWorker.java:63)
  at org.gradle.process.internal.worker.child.ActionExecutionWorker.execute(ActionExecutionWorker.java:56)
  at org.gradle.process.internal.worker.child.SystemApplicationClassLoaderWorker.call(SystemApplicationClassLoaderWorker.java:122)
  at org.gradle.process.internal.worker.child.SystemApplicationClassLoaderWorker.call(SystemApplicationClassLoaderWorker.java:72)
  at worker.org.gradle.process.internal.worker.GradleWorkerMain.run(GradleWorkerMain.java:69)
  at worker.org.gradle.process.internal.worker.GradleWorkerMain.main(GradleWorkerMain.java:74)
</stacktrace>
</test-failure>


TypeScriptCompilerTests_D[jvm] > destructureComputedProperty_ts has expected errors matching destructureComputedProperty_errors_txt[jvm] FAILED

<test-failure test="com.xemantic.typescript.compiler.TypeScriptCompilerTests_D.destructuringAssignmentWithExportedName_ts has expected errors matching destructuringAssignmentWithExportedName_errors_txt" platform="jvm">
<message>
Expected diagnostics from baseline typescript-repo/tests/baselines/reference/destructuringAssignmentWithExportedName.errors.txt but none produced
</message>
<stacktrace>
  at com.xemantic.typescript.compiler.TypeScriptTestSupportKt.errorsMatchBaseline(TypeScriptTestSupport.kt:125)
  at com.xemantic.typescript.compiler.TypeScriptCompilerTests_D.destructuringAssignmentWithExportedName_ts has expected errors matching destructuringAssignmentWithExportedName_errors_txt(TypeScriptCompilerTests_D.kt:4956)
  at java.base/jdk.internal.reflect.DirectMethodHandleAccessor.invoke(DirectMethodHandleAccessor.java:104)
  at java.base/java.lang.reflect.Method.invoke(Method.java:565)
  at org.junit.runners.model.FrameworkMethod$1.runReflectiveCall(FrameworkMethod.java:59)
  at org.junit.internal.runners.model.ReflectiveCallable.run(ReflectiveCallable.java:12)
  at org.junit.runners.model.FrameworkMethod.invokeExplosively(FrameworkMethod.java:56)
  at org.junit.internal.runners.statements.InvokeMethod.evaluate(InvokeMethod.java:17)
  at org.junit.runners.ParentRunner$3.evaluate(ParentRunner.java:306)
  at org.junit.runners.BlockJUnit4ClassRunner$1.evaluate(BlockJUnit4ClassRunner.java:100)
  at org.junit.runners.ParentRunner.runLeaf(ParentRunner.java:366)
  at org.junit.runners.BlockJUnit4ClassRunner.runChild(BlockJUnit4ClassRunner.java:103)
  at org.junit.runners.BlockJUnit4ClassRunner.runChild(BlockJUnit4ClassRunner.java:63)
  at org.junit.runners.ParentRunner$4.run(ParentRunner.java:331)
  at org.junit.runners.ParentRunner$1.schedule(ParentRunner.java:79)
  at org.junit.runners.ParentRunner.runChildren(ParentRunner.java:329)
  at org.junit.runners.ParentRunner.access$100(ParentRunner.java:66)
  at org.junit.runners.ParentRunner$2.evaluate(ParentRunner.java:293)
  at org.junit.runners.ParentRunner$3.evaluate(ParentRunner.java:306)
  at org.junit.runners.ParentRunner.run(ParentRunner.java:413)
  at org.junit.runner.JUnitCore.run(JUnitCore.java:137)
  at org.junit.runner.JUnitCore.run(JUnitCore.java:115)
  at org.gradle.api.internal.tasks.testing.junit.JUnitTestExecutor.runRequest(JUnitTestExecutor.java:175)
  at org.gradle.api.internal.tasks.testing.junit.JUnitTestExecutor.accept(JUnitTestExecutor.java:84)
  at org.gradle.api.internal.tasks.testing.junit.JUnitTestExecutor.accept(JUnitTestExecutor.java:47)
  at org.gradle.api.internal.tasks.testing.junit.AbstractJUnitTestDefinitionProcessor.processTestDefinition(AbstractJUnitTestDefinitionProcessor.java:65)
  at org.gradle.api.internal.tasks.testing.SuiteTestDefinitionProcessor.processTestDefinition(SuiteTestDefinitionProcessor.java:54)
  at java.base/jdk.internal.reflect.DirectMethodHandleAccessor.invoke(DirectMethodHandleAccessor.java:104)
  at java.base/java.lang.reflect.Method.invoke(Method.java:565)
  at org.gradle.internal.dispatch.MethodInvocation.invokeOn(MethodInvocation.java:77)
  at org.gradle.internal.dispatch.ReflectionDispatch.dispatch(ReflectionDispatch.java:28)
  at org.gradle.internal.dispatch.ReflectionDispatch.dispatch(ReflectionDispatch.java:19)
  at org.gradle.internal.dispatch.ContextClassLoaderDispatch.dispatch(ContextClassLoaderDispatch.java:33)
  at org.gradle.internal.dispatch.ProxyDispatchAdapter$DispatchingInvocationHandler.invoke(ProxyDispatchAdapter.java:88)
  at jdk.proxy1/jdk.proxy1.$Proxy4.processTestDefinition(Unknown Source)
  at org.gradle.api.internal.tasks.testing.worker.TestWorker$2.run(TestWorker.java:178)
  at org.gradle.api.internal.tasks.testing.worker.TestWorker.executeAndMaintainThreadName(TestWorker.java:126)
  at org.gradle.api.internal.tasks.testing.worker.TestWorker.execute(TestWorker.java:103)
  at org.gradle.api.internal.tasks.testing.worker.TestWorker.execute(TestWorker.java:63)
  at org.gradle.process.internal.worker.child.ActionExecutionWorker.execute(ActionExecutionWorker.java:56)
  at org.gradle.process.internal.worker.child.SystemApplicationClassLoaderWorker.call(SystemApplicationClassLoaderWorker.java:122)
  at org.gradle.process.internal.worker.child.SystemApplicationClassLoaderWorker.call(SystemApplicationClassLoaderWorker.java:72)
  at worker.org.gradle.process.internal.worker.GradleWorkerMain.run(GradleWorkerMain.java:69)
  at worker.org.gradle.process.internal.worker.GradleWorkerMain.main(GradleWorkerMain.java:74)
</stacktrace>
</test-failure>


TypeScriptCompilerTests_D[jvm] > destructuringAssignmentWithExportedName_ts has expected errors matching destructuringAssignmentWithExportedName_errors_txt[jvm] FAILED

<test-failure test="com.xemantic.typescript.compiler.TypeScriptCompilerTests_D.declarationEmitBindingPatternsUnused_ts has expected errors matching declarationEmitBindingPatternsUnused_errors_txt" platform="jvm">
<message>
Expected diagnostics from baseline typescript-repo/tests/baselines/reference/declarationEmitBindingPatternsUnused.errors.txt but none produced
</message>
<stacktrace>
  at com.xemantic.typescript.compiler.TypeScriptTestSupportKt.errorsMatchBaseline(TypeScriptTestSupport.kt:125)
  at com.xemantic.typescript.compiler.TypeScriptCompilerTests_D.declarationEmitBindingPatternsUnused_ts has expected errors matching declarationEmitBindingPatternsUnused_errors_txt(TypeScriptCompilerTests_D.kt:1022)
  at java.base/jdk.internal.reflect.DirectMethodHandleAccessor.invoke(DirectMethodHandleAccessor.java:104)
  at java.base/java.lang.reflect.Method.invoke(Method.java:565)
  at org.junit.runners.model.FrameworkMethod$1.runReflectiveCall(FrameworkMethod.java:59)
  at org.junit.internal.runners.model.ReflectiveCallable.run(ReflectiveCallable.java:12)
  at org.junit.runners.model.FrameworkMethod.invokeExplosively(FrameworkMethod.java:56)
  at org.junit.internal.runners.statements.InvokeMethod.evaluate(InvokeMethod.java:17)
  at org.junit.runners.ParentRunner$3.evaluate(ParentRunner.java:306)
  at org.junit.runners.BlockJUnit4ClassRunner$1.evaluate(BlockJUnit4ClassRunner.java:100)
  at org.junit.runners.ParentRunner.runLeaf(ParentRunner.java:366)
  at org.junit.runners.BlockJUnit4ClassRunner.runChild(BlockJUnit4ClassRunner.java:103)
  at org.junit.runners.BlockJUnit4ClassRunner.runChild(BlockJUnit4ClassRunner.java:63)
  at org.junit.runners.ParentRunner$4.run(ParentRunner.java:331)
  at org.junit.runners.ParentRunner$1.schedule(ParentRunner.java:79)
  at org.junit.runners.ParentRunner.runChildren(ParentRunner.java:329)
  at org.junit.runners.ParentRunner.access$100(ParentRunner.java:66)
  at org.junit.runners.ParentRunner$2.evaluate(ParentRunner.java:293)
  at org.junit.runners.ParentRunner$3.evaluate(ParentRunner.java:306)
  at org.junit.runners.ParentRunner.run(ParentRunner.java:413)
  at org.junit.runner.JUnitCore.run(JUnitCore.java:137)
  at org.junit.runner.JUnitCore.run(JUnitCore.java:115)
  at org.gradle.api.internal.tasks.testing.junit.JUnitTestExecutor.runRequest(JUnitTestExecutor.java:175)
  at org.gradle.api.internal.tasks.testing.junit.JUnitTestExecutor.accept(JUnitTestExecutor.java:84)
  at org.gradle.api.internal.tasks.testing.junit.JUnitTestExecutor.accept(JUnitTestExecutor.java:47)
  at org.gradle.api.internal.tasks.testing.junit.AbstractJUnitTestDefinitionProcessor.processTestDefinition(AbstractJUnitTestDefinitionProcessor.java:65)
  at org.gradle.api.internal.tasks.testing.SuiteTestDefinitionProcessor.processTestDefinition(SuiteTestDefinitionProcessor.java:54)
  at java.base/jdk.internal.reflect.DirectMethodHandleAccessor.invoke(DirectMethodHandleAccessor.java:104)
  at java.base/java.lang.reflect.Method.invoke(Method.java:565)
  at org.gradle.internal.dispatch.MethodInvocation.invokeOn(MethodInvocation.java:77)
  at org.gradle.internal.dispatch.ReflectionDispatch.dispatch(ReflectionDispatch.java:28)
  at org.gradle.internal.dispatch.ReflectionDispatch.dispatch(ReflectionDispatch.java:19)
  at org.gradle.internal.dispatch.ContextClassLoaderDispatch.dispatch(ContextClassLoaderDispatch.java:33)
  at org.gradle.internal.dispatch.ProxyDispatchAdapter$DispatchingInvocationHandler.invoke(ProxyDispatchAdapter.java:88)
  at jdk.proxy1/jdk.proxy1.$Proxy4.processTestDefinition(Unknown Source)
  at org.gradle.api.internal.tasks.testing.worker.TestWorker$2.run(TestWorker.java:178)
  at org.gradle.api.internal.tasks.testing.worker.TestWorker.executeAndMaintainThreadName(TestWorker.java:126)
  at org.gradle.api.internal.tasks.testing.worker.TestWorker.execute(TestWorker.java:103)
  at org.gradle.api.internal.tasks.testing.worker.TestWorker.execute(TestWorker.java:63)
  at org.gradle.process.internal.worker.child.ActionExecutionWorker.execute(ActionExecutionWorker.java:56)
  at org.gradle.process.internal.worker.child.SystemApplicationClassLoaderWorker.call(SystemApplicationClassLoaderWorker.java:122)
  at org.gradle.process.internal.worker.child.SystemApplicationClassLoaderWorker.call(SystemApplicationClassLoaderWorker.java:72)
  at worker.org.gradle.process.internal.worker.GradleWorkerMain.run(GradleWorkerMain.java:69)
  at worker.org.gradle.process.internal.worker.GradleWorkerMain.main(GradleWorkerMain.java:74)
</stacktrace>
</test-failure>


TypeScriptCompilerTests_D[jvm] > declarationEmitBindingPatternsUnused_ts has expected errors matching declarationEmitBindingPatternsUnused_errors_txt[jvm] FAILED

<test-failure test="com.xemantic.typescript.compiler.TypeScriptCompilerTests_D.destructuringAssignmentWithDefault2_ts has expected errors matching destructuringAssignmentWithDefault2_errors_txt" platform="jvm">
<message>
Expected diagnostics from baseline typescript-repo/tests/baselines/reference/destructuringAssignmentWithDefault2.errors.txt but none produced
</message>
<stacktrace>
  at com.xemantic.typescript.compiler.TypeScriptTestSupportKt.errorsMatchBaseline(TypeScriptTestSupport.kt:125)
  at com.xemantic.typescript.compiler.TypeScriptCompilerTests_D.destructuringAssignmentWithDefault2_ts has expected errors matching destructuringAssignmentWithDefault2_errors_txt(TypeScriptCompilerTests_D.kt:4942)
  at java.base/jdk.internal.reflect.DirectMethodHandleAccessor.invoke(DirectMethodHandleAccessor.java:104)
  at java.base/java.lang.reflect.Method.invoke(Method.java:565)
  at org.junit.runners.model.FrameworkMethod$1.runReflectiveCall(FrameworkMethod.java:59)
  at org.junit.internal.runners.model.ReflectiveCallable.run(ReflectiveCallable.java:12)
  at org.junit.runners.model.FrameworkMethod.invokeExplosively(FrameworkMethod.java:56)
  at org.junit.internal.runners.statements.InvokeMethod.evaluate(InvokeMethod.java:17)
  at org.junit.runners.ParentRunner$3.evaluate(ParentRunner.java:306)
  at org.junit.runners.BlockJUnit4ClassRunner$1.evaluate(BlockJUnit4ClassRunner.java:100)
  at org.junit.runners.ParentRunner.runLeaf(ParentRunner.java:366)
  at org.junit.runners.BlockJUnit4ClassRunner.runChild(BlockJUnit4ClassRunner.java:103)
  at org.junit.runners.BlockJUnit4ClassRunner.runChild(BlockJUnit4ClassRunner.java:63)
  at org.junit.runners.ParentRunner$4.run(ParentRunner.java:331)
  at org.junit.runners.ParentRunner$1.schedule(ParentRunner.java:79)
  at org.junit.runners.ParentRunner.runChildren(ParentRunner.java:329)
  at org.junit.runners.ParentRunner.access$100(ParentRunner.java:66)
  at org.junit.runners.ParentRunner$2.evaluate(ParentRunner.java:293)
  at org.junit.runners.ParentRunner$3.evaluate(ParentRunner.java:306)
  at org.junit.runners.ParentRunner.run(ParentRunner.java:413)
  at org.junit.runner.JUnitCore.run(JUnitCore.java:137)
  at org.junit.runner.JUnitCore.run(JUnitCore.java:115)
  at org.gradle.api.internal.tasks.testing.junit.JUnitTestExecutor.runRequest(JUnitTestExecutor.java:175)
  at org.gradle.api.internal.tasks.testing.junit.JUnitTestExecutor.accept(JUnitTestExecutor.java:84)
  at org.gradle.api.internal.tasks.testing.junit.JUnitTestExecutor.accept(JUnitTestExecutor.java:47)
  at org.gradle.api.internal.tasks.testing.junit.AbstractJUnitTestDefinitionProcessor.processTestDefinition(AbstractJUnitTestDefinitionProcessor.java:65)
  at org.gradle.api.internal.tasks.testing.SuiteTestDefinitionProcessor.processTestDefinition(SuiteTestDefinitionProcessor.java:54)
  at java.base/jdk.internal.reflect.DirectMethodHandleAccessor.invoke(DirectMethodHandleAccessor.java:104)
  at java.base/java.lang.reflect.Method.invoke(Method.java:565)
  at org.gradle.internal.dispatch.MethodInvocation.invokeOn(MethodInvocation.java:77)
  at org.gradle.internal.dispatch.ReflectionDispatch.dispatch(ReflectionDispatch.java:28)
  at org.gradle.internal.dispatch.ReflectionDispatch.dispatch(ReflectionDispatch.java:19)
  at org.gradle.internal.dispatch.ContextClassLoaderDispatch.dispatch(ContextClassLoaderDispatch.java:33)
  at org.gradle.internal.dispatch.ProxyDispatchAdapter$DispatchingInvocationHandler.invoke(ProxyDispatchAdapter.java:88)
  at jdk.proxy1/jdk.proxy1.$Proxy4.processTestDefinition(Unknown Source)
  at org.gradle.api.internal.tasks.testing.worker.TestWorker$2.run(TestWorker.java:178)
  at org.gradle.api.internal.tasks.testing.worker.TestWorker.executeAndMaintainThreadName(TestWorker.java:126)
  at org.gradle.api.internal.tasks.testing.worker.TestWorker.execute(TestWorker.java:103)
  at org.gradle.api.internal.tasks.testing.worker.TestWorker.execute(TestWorker.java:63)
  at org.gradle.process.internal.worker.child.ActionExecutionWorker.execute(ActionExecutionWorker.java:56)
  at org.gradle.process.internal.worker.child.SystemApplicationClassLoaderWorker.call(SystemApplicationClassLoaderWorker.java:122)
  at org.gradle.process.internal.worker.child.SystemApplicationClassLoaderWorker.call(SystemApplicationClassLoaderWorker.java:72)
  at worker.org.gradle.process.internal.worker.GradleWorkerMain.run(GradleWorkerMain.java:69)
  at worker.org.gradle.process.internal.worker.GradleWorkerMain.main(GradleWorkerMain.java:74)
</stacktrace>
</test-failure>


TypeScriptCompilerTests_D[jvm] > destructuringAssignmentWithDefault2_ts has expected errors matching destructuringAssignmentWithDefault2_errors_txt[jvm] FAILED

<test-failure test="com.xemantic.typescript.compiler.TypeScriptCompilerTests_D.destructureCatchClause_ts__strict_true_useunknownincatchvariables_false__has expected errors matching baseline" platform="jvm">
<message>
Expected diagnostics from baseline typescript-repo/tests/baselines/reference/destructureCatchClause(strict=true,useunknownincatchvariables=false).errors.txt but none produced
</message>
<stacktrace>
  at com.xemantic.typescript.compiler.TypeScriptTestSupportKt.errorsMatchBaseline(TypeScriptTestSupport.kt:125)
  at com.xemantic.typescript.compiler.TypeScriptCompilerTests_D.destructureCatchClause_ts__strict_true_useunknownincatchvariables_false__has expected errors matching baseline(TypeScriptCompilerTests_D.kt:4844)
  at java.base/jdk.internal.reflect.DirectMethodHandleAccessor.invoke(DirectMethodHandleAccessor.java:104)
  at java.base/java.lang.reflect.Method.invoke(Method.java:565)
  at org.junit.runners.model.FrameworkMethod$1.runReflectiveCall(FrameworkMethod.java:59)
  at org.junit.internal.runners.model.ReflectiveCallable.run(ReflectiveCallable.java:12)
  at org.junit.runners.model.FrameworkMethod.invokeExplosively(FrameworkMethod.java:56)
  at org.junit.internal.runners.statements.InvokeMethod.evaluate(InvokeMethod.java:17)
  at org.junit.runners.ParentRunner$3.evaluate(ParentRunner.java:306)
  at org.junit.runners.BlockJUnit4ClassRunner$1.evaluate(BlockJUnit4ClassRunner.java:100)
  at org.junit.runners.ParentRunner.runLeaf(ParentRunner.java:366)
  at org.junit.runners.BlockJUnit4ClassRunner.runChild(BlockJUnit4ClassRunner.java:103)
  at org.junit.runners.BlockJUnit4ClassRunner.runChild(BlockJUnit4ClassRunner.java:63)
  at org.junit.runners.ParentRunner$4.run(ParentRunner.java:331)
  at org.junit.runners.ParentRunner$1.schedule(ParentRunner.java:79)
  at org.junit.runners.ParentRunner.runChildren(ParentRunner.java:329)
  at org.junit.runners.ParentRunner.access$100(ParentRunner.java:66)
  at org.junit.runners.ParentRunner$2.evaluate(ParentRunner.java:293)
  at org.junit.runners.ParentRunner$3.evaluate(ParentRunner.java:306)
  at org.junit.runners.ParentRunner.run(ParentRunner.java:413)
  at org.junit.runner.JUnitCore.run(JUnitCore.java:137)
  at org.junit.runner.JUnitCore.run(JUnitCore.java:115)
  at org.gradle.api.internal.tasks.testing.junit.JUnitTestExecutor.runRequest(JUnitTestExecutor.java:175)
  at org.gradle.api.internal.tasks.testing.junit.JUnitTestExecutor.accept(JUnitTestExecutor.java:84)
  at org.gradle.api.internal.tasks.testing.junit.JUnitTestExecutor.accept(JUnitTestExecutor.java:47)
  at org.gradle.api.internal.tasks.testing.junit.AbstractJUnitTestDefinitionProcessor.processTestDefinition(AbstractJUnitTestDefinitionProcessor.java:65)
  at org.gradle.api.internal.tasks.testing.SuiteTestDefinitionProcessor.processTestDefinition(SuiteTestDefinitionProcessor.java:54)
  at java.base/jdk.internal.reflect.DirectMethodHandleAccessor.invoke(DirectMethodHandleAccessor.java:104)
  at java.base/java.lang.reflect.Method.invoke(Method.java:565)
  at org.gradle.internal.dispatch.MethodInvocation.invokeOn(MethodInvocation.java:77)
  at org.gradle.internal.dispatch.ReflectionDispatch.dispatch(ReflectionDispatch.java:28)
  at org.gradle.internal.dispatch.ReflectionDispatch.dispatch(ReflectionDispatch.java:19)
  at org.gradle.internal.dispatch.ContextClassLoaderDispatch.dispatch(ContextClassLoaderDispatch.java:33)
  at org.gradle.internal.dispatch.ProxyDispatchAdapter$DispatchingInvocationHandler.invoke(ProxyDispatchAdapter.java:88)
  at jdk.proxy1/jdk.proxy1.$Proxy4.processTestDefinition(Unknown Source)
  at org.gradle.api.internal.tasks.testing.worker.TestWorker$2.run(TestWorker.java:178)
  at org.gradle.api.internal.tasks.testing.worker.TestWorker.executeAndMaintainThreadName(TestWorker.java:126)
  at org.gradle.api.internal.tasks.testing.worker.TestWorker.execute(TestWorker.java:103)
  at org.gradle.api.internal.tasks.testing.worker.TestWorker.execute(TestWorker.java:63)
  at org.gradle.process.internal.worker.child.ActionExecutionWorker.execute(ActionExecutionWorker.java:56)
  at org.gradle.process.internal.worker.child.SystemApplicationClassLoaderWorker.call(SystemApplicationClassLoaderWorker.java:122)
  at org.gradle.process.internal.worker.child.SystemApplicationClassLoaderWorker.call(SystemApplicationClassLoaderWorker.java:72)
  at worker.org.gradle.process.internal.worker.GradleWorkerMain.run(GradleWorkerMain.java:69)
  at worker.org.gradle.process.internal.worker.GradleWorkerMain.main(GradleWorkerMain.java:74)
</stacktrace>
</test-failure>


TypeScriptCompilerTests_D[jvm] > destructureCatchClause_ts__strict_true_useunknownincatchvariables_false__has expected errors matching baseline[jvm] FAILED

<test-failure test="com.xemantic.typescript.compiler.TypeScriptCompilerTests_D.duplicateIdentifierRelatedSpans4_ts has expected errors matching duplicateIdentifierRelatedSpans4_errors_txt" platform="jvm">
<message>
Expected diagnostics from baseline typescript-repo/tests/baselines/reference/duplicateIdentifierRelatedSpans4.errors.txt but none produced
</message>
<stacktrace>
  at com.xemantic.typescript.compiler.TypeScriptTestSupportKt.errorsMatchBaseline(TypeScriptTestSupport.kt:125)
  at com.xemantic.typescript.compiler.TypeScriptCompilerTests_D.duplicateIdentifierRelatedSpans4_ts has expected errors matching duplicateIdentifierRelatedSpans4_errors_txt(TypeScriptCompilerTests_D.kt:6391)
  at java.base/jdk.internal.reflect.DirectMethodHandleAccessor.invoke(DirectMethodHandleAccessor.java:104)
  at java.base/java.lang.reflect.Method.invoke(Method.java:565)
  at org.junit.runners.model.FrameworkMethod$1.runReflectiveCall(FrameworkMethod.java:59)
  at org.junit.internal.runners.model.ReflectiveCallable.run(ReflectiveCallable.java:12)
  at org.junit.runners.model.FrameworkMethod.invokeExplosively(FrameworkMethod.java:56)
  at org.junit.internal.runners.statements.InvokeMethod.evaluate(InvokeMethod.java:17)
  at org.junit.runners.ParentRunner$3.evaluate(ParentRunner.java:306)
  at org.junit.runners.BlockJUnit4ClassRunner$1.evaluate(BlockJUnit4ClassRunner.java:100)
  at org.junit.runners.ParentRunner.runLeaf(ParentRunner.java:366)
  at org.junit.runners.BlockJUnit4ClassRunner.runChild(BlockJUnit4ClassRunner.java:103)
  at org.junit.runners.BlockJUnit4ClassRunner.runChild(BlockJUnit4ClassRunner.java:63)
  at org.junit.runners.ParentRunner$4.run(ParentRunner.java:331)
  at org.junit.runners.ParentRunner$1.schedule(ParentRunner.java:79)
  at org.junit.runners.ParentRunner.runChildren(ParentRunner.java:329)
  at org.junit.runners.ParentRunner.access$100(ParentRunner.java:66)
  at org.junit.runners.ParentRunner$2.evaluate(ParentRunner.java:293)
  at org.junit.runners.ParentRunner$3.evaluate(ParentRunner.java:306)
  at org.junit.runners.ParentRunner.run(ParentRunner.java:413)
  at org.junit.runner.JUnitCore.run(JUnitCore.java:137)
  at org.junit.runner.JUnitCore.run(JUnitCore.java:115)
  at org.gradle.api.internal.tasks.testing.junit.JUnitTestExecutor.runRequest(JUnitTestExecutor.java:175)
  at org.gradle.api.internal.tasks.testing.junit.JUnitTestExecutor.accept(JUnitTestExecutor.java:84)
  at org.gradle.api.internal.tasks.testing.junit.JUnitTestExecutor.accept(JUnitTestExecutor.java:47)
  at org.gradle.api.internal.tasks.testing.junit.AbstractJUnitTestDefinitionProcessor.processTestDefinition(AbstractJUnitTestDefinitionProcessor.java:65)
  at org.gradle.api.internal.tasks.testing.SuiteTestDefinitionProcessor.processTestDefinition(SuiteTestDefinitionProcessor.java:54)
  at java.base/jdk.internal.reflect.DirectMethodHandleAccessor.invoke(DirectMethodHandleAccessor.java:104)
  at java.base/java.lang.reflect.Method.invoke(Method.java:565)
  at org.gradle.internal.dispatch.MethodInvocation.invokeOn(MethodInvocation.java:77)
  at org.gradle.internal.dispatch.ReflectionDispatch.dispatch(ReflectionDispatch.java:28)
  at org.gradle.internal.dispatch.ReflectionDispatch.dispatch(ReflectionDispatch.java:19)
  at org.gradle.internal.dispatch.ContextClassLoaderDispatch.dispatch(ContextClassLoaderDispatch.java:33)
  at org.gradle.internal.dispatch.ProxyDispatchAdapter$DispatchingInvocationHandler.invoke(ProxyDispatchAdapter.java:88)
  at jdk.proxy1/jdk.proxy1.$Proxy4.processTestDefinition(Unknown Source)
  at org.gradle.api.internal.tasks.testing.worker.TestWorker$2.run(TestWorker.java:178)
  at org.gradle.api.internal.tasks.testing.worker.TestWorker.executeAndMaintainThreadName(TestWorker.java:126)
  at org.gradle.api.internal.tasks.testing.worker.TestWorker.execute(TestWorker.java:103)
  at org.gradle.api.internal.tasks.testing.worker.TestWorker.execute(TestWorker.java:63)
  at org.gradle.process.internal.worker.child.ActionExecutionWorker.execute(ActionExecutionWorker.java:56)
  at org.gradle.process.internal.worker.child.SystemApplicationClassLoaderWorker.call(SystemApplicationClassLoaderWorker.java:122)
  at org.gradle.process.internal.worker.child.SystemApplicationClassLoaderWorker.call(SystemApplicationClassLoaderWorker.java:72)
  at worker.org.gradle.process.internal.worker.GradleWorkerMain.run(GradleWorkerMain.java:69)
  at worker.org.gradle.process.internal.worker.GradleWorkerMain.main(GradleWorkerMain.java:74)
</stacktrace>
</test-failure>


TypeScriptCompilerTests_D[jvm] > duplicateIdentifierRelatedSpans4_ts has expected errors matching duplicateIdentifierRelatedSpans4_errors_txt[jvm] FAILED

<test-failure test="com.xemantic.typescript.compiler.TypeScriptCompilerTests_D.decoratorMetadataTypeOnlyImport_ts has expected errors matching decoratorMetadataTypeOnlyImport_errors_txt" platform="jvm">
<message>
Expected diagnostics from baseline typescript-repo/tests/baselines/reference/decoratorMetadataTypeOnlyImport.errors.txt but none produced
</message>
<stacktrace>
  at com.xemantic.typescript.compiler.TypeScriptTestSupportKt.errorsMatchBaseline(TypeScriptTestSupport.kt:125)
  at com.xemantic.typescript.compiler.TypeScriptCompilerTests_D.decoratorMetadataTypeOnlyImport_ts has expected errors matching decoratorMetadataTypeOnlyImport_errors_txt(TypeScriptCompilerTests_D.kt:3843)
  at java.base/jdk.internal.reflect.DirectMethodHandleAccessor.invoke(DirectMethodHandleAccessor.java:104)
  at java.base/java.lang.reflect.Method.invoke(Method.java:565)
  at org.junit.runners.model.FrameworkMethod$1.runReflectiveCall(FrameworkMethod.java:59)
  at org.junit.internal.runners.model.ReflectiveCallable.run(ReflectiveCallable.java:12)
  at org.junit.runners.model.FrameworkMethod.invokeExplosively(FrameworkMethod.java:56)
  at org.junit.internal.runners.statements.InvokeMethod.evaluate(InvokeMethod.java:17)
  at org.junit.runners.ParentRunner$3.evaluate(ParentRunner.java:306)
  at org.junit.runners.BlockJUnit4ClassRunner$1.evaluate(BlockJUnit4ClassRunner.java:100)
  at org.junit.runners.ParentRunner.runLeaf(ParentRunner.java:366)
  at org.junit.runners.BlockJUnit4ClassRunner.runChild(BlockJUnit4ClassRunner.java:103)
  at org.junit.runners.BlockJUnit4ClassRunner.runChild(BlockJUnit4ClassRunner.java:63)
  at org.junit.runners.ParentRunner$4.run(ParentRunner.java:331)
  at org.junit.runners.ParentRunner$1.schedule(ParentRunner.java:79)
  at org.junit.runners.ParentRunner.runChildren(ParentRunner.java:329)
  at org.junit.runners.ParentRunner.access$100(ParentRunner.java:66)
  at org.junit.runners.ParentRunner$2.evaluate(ParentRunner.java:293)
  at org.junit.runners.ParentRunner$3.evaluate(ParentRunner.java:306)
  at org.junit.runners.ParentRunner.run(ParentRunner.java:413)
  at org.junit.runner.JUnitCore.run(JUnitCore.java:137)
  at org.junit.runner.JUnitCore.run(JUnitCore.java:115)
  at org.gradle.api.internal.tasks.testing.junit.JUnitTestExecutor.runRequest(JUnitTestExecutor.java:175)
  at org.gradle.api.internal.tasks.testing.junit.JUnitTestExecutor.accept(JUnitTestExecutor.java:84)
  at org.gradle.api.internal.tasks.testing.junit.JUnitTestExecutor.accept(JUnitTestExecutor.java:47)
  at org.gradle.api.internal.tasks.testing.junit.AbstractJUnitTestDefinitionProcessor.processTestDefinition(AbstractJUnitTestDefinitionProcessor.java:65)
  at org.gradle.api.internal.tasks.testing.SuiteTestDefinitionProcessor.processTestDefinition(SuiteTestDefinitionProcessor.java:54)
  at java.base/jdk.internal.reflect.DirectMethodHandleAccessor.invoke(DirectMethodHandleAccessor.java:104)
  at java.base/java.lang.reflect.Method.invoke(Method.java:565)
  at org.gradle.internal.dispatch.MethodInvocation.invokeOn(MethodInvocation.java:77)
  at org.gradle.internal.dispatch.ReflectionDispatch.dispatch(ReflectionDispatch.java:28)
  at org.gradle.internal.dispatch.ReflectionDispatch.dispatch(ReflectionDispatch.java:19)
  at org.gradle.internal.dispatch.ContextClassLoaderDispatch.dispatch(ContextClassLoaderDispatch.java:33)
  at org.gradle.internal.dispatch.ProxyDispatchAdapter$DispatchingInvocationHandler.invoke(ProxyDispatchAdapter.java:88)
  at jdk.proxy1/jdk.proxy1.$Proxy4.processTestDefinition(Unknown Source)
  at org.gradle.api.internal.tasks.testing.worker.TestWorker$2.run(TestWorker.java:178)
  at org.gradle.api.internal.tasks.testing.worker.TestWorker.executeAndMaintainThreadName(TestWorker.java:126)
  at org.gradle.api.internal.tasks.testing.worker.TestWorker.execute(TestWorker.java:103)
  at org.gradle.api.internal.tasks.testing.worker.TestWorker.execute(TestWorker.java:63)
  at org.gradle.process.internal.worker.child.ActionExecutionWorker.execute(ActionExecutionWorker.java:56)
  at org.gradle.process.internal.worker.child.SystemApplicationClassLoaderWorker.call(SystemApplicationClassLoaderWorker.java:122)
  at org.gradle.process.internal.worker.child.SystemApplicationClassLoaderWorker.call(SystemApplicationClassLoaderWorker.java:72)
  at worker.org.gradle.process.internal.worker.GradleWorkerMain.run(GradleWorkerMain.java:69)
  at worker.org.gradle.process.internal.worker.GradleWorkerMain.main(GradleWorkerMain.java:74)
</stacktrace>
</test-failure>


TypeScriptCompilerTests_D[jvm] > decoratorMetadataTypeOnlyImport_ts has expected errors matching decoratorMetadataTypeOnlyImport_errors_txt[jvm] FAILED

<test-failure test="com.xemantic.typescript.compiler.TypeScriptCompilerTests_D.divergentAccessorsTypes4_ts__target_es2015__has expected errors matching baseline" platform="jvm">
<message>
--- expected
+++ actual
@@ -1,8 +1,7 @@
 divergentAccessorsTypes4.ts(5,3): error TS2564: Property 'prop2' has no initializer and is not definitely assigned in the constructor.
-divergentAccessorsTypes4.ts(29,1): error TS2322: Type '"hello"' is not assignable to type '42'.
 
 
-==== divergentAccessorsTypes4.ts (2 errors) ====
+==== divergentAccessorsTypes4.ts (1 errors) ====
     class One {
       get prop1(): string { return ""; }
       set prop1(s: string | number) { }
@@ -34,5 +33,3 @@
     // 42
     i.prop2 = 42;
     i.prop2 = "hello"; // error
-    ~~~~~~~
-!!! error TS2322: Type '"hello"' is not assignable to type '42'.

</message>
<stacktrace>
  at org.junit.Assert.fail(Assert.java:89)
  at kotlin.test.junit.JUnitAsserter.fail(JUnitSupport.kt:56)
  at kotlin.test.AssertionsKt__AssertionsKt.fail(Assertions.kt:563)
  at kotlin.test.AssertionsKt.fail(Unknown Source)
  at com.xemantic.kotlin.test.SameAsKt.sameAs(SameAs.kt:52)
  at com.xemantic.typescript.compiler.TypeScriptTestSupportKt.errorsMatchBaseline(TypeScriptTestSupport.kt:135)
  at com.xemantic.typescript.compiler.TypeScriptCompilerTests_D.divergentAccessorsTypes4_ts__target_es2015__has expected errors matching baseline(TypeScriptCompilerTests_D.kt:5523)
  at java.base/jdk.internal.reflect.DirectMethodHandleAccessor.invoke(DirectMethodHandleAccessor.java:104)
  at java.base/java.lang.reflect.Method.invoke(Method.java:565)
  at org.junit.runners.model.FrameworkMethod$1.runReflectiveCall(FrameworkMethod.java:59)
  at org.junit.internal.runners.model.ReflectiveCallable.run(ReflectiveCallable.java:12)
  at org.junit.runners.model.FrameworkMethod.invokeExplosively(FrameworkMethod.java:56)
  at org.junit.internal.runners.statements.InvokeMethod.evaluate(InvokeMethod.java:17)
  at org.junit.runners.ParentRunner$3.evaluate(ParentRunner.java:306)
  at org.junit.runners.BlockJUnit4ClassRunner$1.evaluate(BlockJUnit4ClassRunner.java:100)
  at org.junit.runners.ParentRunner.runLeaf(ParentRunner.java:366)
  at org.junit.runners.BlockJUnit4ClassRunner.runChild(BlockJUnit4ClassRunner.java:103)
  at org.junit.runners.BlockJUnit4ClassRunner.runChild(BlockJUnit4ClassRunner.java:63)
  at org.junit.runners.ParentRunner$4.run(ParentRunner.java:331)
  at org.junit.runners.ParentRunner$1.schedule(ParentRunner.java:79)
  at org.junit.runners.ParentRunner.runChildren(ParentRunner.java:329)
  at org.junit.runners.ParentRunner.access$100(ParentRunner.java:66)
  at org.junit.runners.ParentRunner$2.evaluate(ParentRunner.java:293)
  at org.junit.runners.ParentRunner$3.evaluate(ParentRunner.java:306)
  at org.junit.runners.ParentRunner.run(ParentRunner.java:413)
  at org.junit.runner.JUnitCore.run(JUnitCore.java:137)
  at org.junit.runner.JUnitCore.run(JUnitCore.java:115)
  at org.gradle.api.internal.tasks.testing.junit.JUnitTestExecutor.runRequest(JUnitTestExecutor.java:175)
  at org.gradle.api.internal.tasks.testing.junit.JUnitTestExecutor.accept(JUnitTestExecutor.java:84)
  at org.gradle.api.internal.tasks.testing.junit.JUnitTestExecutor.accept(JUnitTestExecutor.java:47)
  at org.gradle.api.internal.tasks.testing.junit.AbstractJUnitTestDefinitionProcessor.processTestDefinition(AbstractJUnitTestDefinitionProcessor.java:65)
  at org.gradle.api.internal.tasks.testing.SuiteTestDefinitionProcessor.processTestDefinition(SuiteTestDefinitionProcessor.java:54)
  at java.base/jdk.internal.reflect.DirectMethodHandleAccessor.invoke(DirectMethodHandleAccessor.java:104)
  at java.base/java.lang.reflect.Method.invoke(Method.java:565)
  at org.gradle.internal.dispatch.MethodInvocation.invokeOn(MethodInvocation.java:77)
  at org.gradle.internal.dispatch.ReflectionDispatch.dispatch(ReflectionDispatch.java:28)
  at org.gradle.internal.dispatch.ReflectionDispatch.dispatch(ReflectionDispatch.java:19)
  at org.gradle.internal.dispatch.ContextClassLoaderDispatch.dispatch(ContextClassLoaderDispatch.java:33)
  at org.gradle.internal.dispatch.ProxyDispatchAdapter$DispatchingInvocationHandler.invoke(ProxyDispatchAdapter.java:88)
  at jdk.proxy1/jdk.proxy1.$Proxy4.processTestDefinition(Unknown Source)
  at org.gradle.api.internal.tasks.testing.worker.TestWorker$2.run(TestWorker.java:178)
  at org.gradle.api.internal.tasks.testing.worker.TestWorker.executeAndMaintainThreadName(TestWorker.java:126)
  at org.gradle.api.internal.tasks.testing.worker.TestWorker.execute(TestWorker.java:103)
  at org.gradle.api.internal.tasks.testing.worker.TestWorker.execute(TestWorker.java:63)
  at org.gradle.process.internal.worker.child.ActionExecutionWorker.execute(ActionExecutionWorker.java:56)
  at org.gradle.process.internal.worker.child.SystemApplicationClassLoaderWorker.call(SystemApplicationClassLoaderWorker.java:122)
  at org.gradle.process.internal.worker.child.SystemApplicationClassLoaderWorker.call(SystemApplicationClassLoaderWorker.java:72)
  at worker.org.gradle.process.internal.worker.GradleWorkerMain.run(GradleWorkerMain.java:69)
  at worker.org.gradle.process.internal.worker.GradleWorkerMain.main(GradleWorkerMain.java:74)
</stacktrace>
</test-failure>


TypeScriptCompilerTests_D[jvm] > divergentAccessorsTypes4_ts__target_es2015__has expected errors matching baseline[jvm] FAILED

<test-failure test="com.xemantic.typescript.compiler.TypeScriptCompilerTests_D.duplicatePackage_ts has expected errors matching duplicatePackage_errors_txt" platform="jvm">
<message>
Expected diagnostics from baseline typescript-repo/tests/baselines/reference/duplicatePackage.errors.txt but none produced
</message>
<stacktrace>
  at com.xemantic.typescript.compiler.TypeScriptTestSupportKt.errorsMatchBaseline(TypeScriptTestSupport.kt:125)
  at com.xemantic.typescript.compiler.TypeScriptCompilerTests_D.duplicatePackage_ts has expected errors matching duplicatePackage_errors_txt(TypeScriptCompilerTests_D.kt:6692)
  at java.base/jdk.internal.reflect.DirectMethodHandleAccessor.invoke(DirectMethodHandleAccessor.java:104)
  at java.base/java.lang.reflect.Method.invoke(Method.java:565)
  at org.junit.runners.model.FrameworkMethod$1.runReflectiveCall(FrameworkMethod.java:59)
  at org.junit.internal.runners.model.ReflectiveCallable.run(ReflectiveCallable.java:12)
  at org.junit.runners.model.FrameworkMethod.invokeExplosively(FrameworkMethod.java:56)
  at org.junit.internal.runners.statements.InvokeMethod.evaluate(InvokeMethod.java:17)
  at org.junit.runners.ParentRunner$3.evaluate(ParentRunner.java:306)
  at org.junit.runners.BlockJUnit4ClassRunner$1.evaluate(BlockJUnit4ClassRunner.java:100)
  at org.junit.runners.ParentRunner.runLeaf(ParentRunner.java:366)
  at org.junit.runners.BlockJUnit4ClassRunner.runChild(BlockJUnit4ClassRunner.java:103)
  at org.junit.runners.BlockJUnit4ClassRunner.runChild(BlockJUnit4ClassRunner.java:63)
  at org.junit.runners.ParentRunner$4.run(ParentRunner.java:331)
  at org.junit.runners.ParentRunner$1.schedule(ParentRunner.java:79)
  at org.junit.runners.ParentRunner.runChildren(ParentRunner.java:329)
  at org.junit.runners.ParentRunner.access$100(ParentRunner.java:66)
  at org.junit.runners.ParentRunner$2.evaluate(ParentRunner.java:293)
  at org.junit.runners.ParentRunner$3.evaluate(ParentRunner.java:306)
  at org.junit.runners.ParentRunner.run(ParentRunner.java:413)
  at org.junit.runner.JUnitCore.run(JUnitCore.java:137)
  at org.junit.runner.JUnitCore.run(JUnitCore.java:115)
  at org.gradle.api.internal.tasks.testing.junit.JUnitTestExecutor.runRequest(JUnitTestExecutor.java:175)
  at org.gradle.api.internal.tasks.testing.junit.JUnitTestExecutor.accept(JUnitTestExecutor.java:84)
  at org.gradle.api.internal.tasks.testing.junit.JUnitTestExecutor.accept(JUnitTestExecutor.java:47)
  at org.gradle.api.internal.tasks.testing.junit.AbstractJUnitTestDefinitionProcessor.processTestDefinition(AbstractJUnitTestDefinitionProcessor.java:65)
  at org.gradle.api.internal.tasks.testing.SuiteTestDefinitionProcessor.processTestDefinition(SuiteTestDefinitionProcessor.java:54)
  at java.base/jdk.internal.reflect.DirectMethodHandleAccessor.invoke(DirectMethodHandleAccessor.java:104)
  at java.base/java.lang.reflect.Method.invoke(Method.java:565)
  at org.gradle.internal.dispatch.MethodInvocation.invokeOn(MethodInvocation.java:77)
  at org.gradle.internal.dispatch.ReflectionDispatch.dispatch(ReflectionDispatch.java:28)
  at org.gradle.internal.dispatch.ReflectionDispatch.dispatch(ReflectionDispatch.java:19)
  at org.gradle.internal.dispatch.ContextClassLoaderDispatch.dispatch(ContextClassLoaderDispatch.java:33)
  at org.gradle.internal.dispatch.ProxyDispatchAdapter$DispatchingInvocationHandler.invoke(ProxyDispatchAdapter.java:88)
  at jdk.proxy1/jdk.proxy1.$Proxy4.processTestDefinition(Unknown Source)
  at org.gradle.api.internal.tasks.testing.worker.TestWorker$2.run(TestWorker.java:178)
  at org.gradle.api.internal.tasks.testing.worker.TestWorker.executeAndMaintainThreadName(TestWorker.java:126)
  at org.gradle.api.internal.tasks.testing.worker.TestWorker.execute(TestWorker.java:103)
  at org.gradle.api.internal.tasks.testing.worker.TestWorker.execute(TestWorker.java:63)
  at org.gradle.process.internal.worker.child.ActionExecutionWorker.execute(ActionExecutionWorker.java:56)
  at org.gradle.process.internal.worker.child.SystemApplicationClassLoaderWorker.call(SystemApplicationClassLoaderWorker.java:122)
  at org.gradle.process.internal.worker.child.SystemApplicationClassLoaderWorker.call(SystemApplicationClassLoaderWorker.java:72)
  at worker.org.gradle.process.internal.worker.GradleWorkerMain.run(GradleWorkerMain.java:69)
  at worker.org.gradle.process.internal.worker.GradleWorkerMain.main(GradleWorkerMain.java:74)
</stacktrace>
</test-failure>


TypeScriptCompilerTests_D[jvm] > duplicatePackage_ts has expected errors matching duplicatePackage_errors_txt[jvm] FAILED

<test-failure test="com.xemantic.typescript.compiler.TypeScriptCompilerTests_D.divergentAccessorsTypes8_ts has expected errors matching divergentAccessorsTypes8_errors_txt" platform="jvm">
<message>
Expected diagnostics from baseline typescript-repo/tests/baselines/reference/divergentAccessorsTypes8.errors.txt but none produced
</message>
<stacktrace>
  at com.xemantic.typescript.compiler.TypeScriptTestSupportKt.errorsMatchBaseline(TypeScriptTestSupport.kt:125)
  at com.xemantic.typescript.compiler.TypeScriptCompilerTests_D.divergentAccessorsTypes8_ts has expected errors matching divergentAccessorsTypes8_errors_txt(TypeScriptCompilerTests_D.kt:5572)
  at java.base/jdk.internal.reflect.DirectMethodHandleAccessor.invoke(DirectMethodHandleAccessor.java:104)
  at java.base/java.lang.reflect.Method.invoke(Method.java:565)
  at org.junit.runners.model.FrameworkMethod$1.runReflectiveCall(FrameworkMethod.java:59)
  at org.junit.internal.runners.model.ReflectiveCallable.run(ReflectiveCallable.java:12)
  at org.junit.runners.model.FrameworkMethod.invokeExplosively(FrameworkMethod.java:56)
  at org.junit.internal.runners.statements.InvokeMethod.evaluate(InvokeMethod.java:17)
  at org.junit.runners.ParentRunner$3.evaluate(ParentRunner.java:306)
  at org.junit.runners.BlockJUnit4ClassRunner$1.evaluate(BlockJUnit4ClassRunner.java:100)
  at org.junit.runners.ParentRunner.runLeaf(ParentRunner.java:366)
  at org.junit.runners.BlockJUnit4ClassRunner.runChild(BlockJUnit4ClassRunner.java:103)
  at org.junit.runners.BlockJUnit4ClassRunner.runChild(BlockJUnit4ClassRunner.java:63)
  at org.junit.runners.ParentRunner$4.run(ParentRunner.java:331)
  at org.junit.runners.ParentRunner$1.schedule(ParentRunner.java:79)
  at org.junit.runners.ParentRunner.runChildren(ParentRunner.java:329)
  at org.junit.runners.ParentRunner.access$100(ParentRunner.java:66)
  at org.junit.runners.ParentRunner$2.evaluate(ParentRunner.java:293)
  at org.junit.runners.ParentRunner$3.evaluate(ParentRunner.java:306)
  at org.junit.runners.ParentRunner.run(ParentRunner.java:413)
  at org.junit.runner.JUnitCore.run(JUnitCore.java:137)
  at org.junit.runner.JUnitCore.run(JUnitCore.java:115)
  at org.gradle.api.internal.tasks.testing.junit.JUnitTestExecutor.runRequest(JUnitTestExecutor.java:175)
  at org.gradle.api.internal.tasks.testing.junit.JUnitTestExecutor.accept(JUnitTestExecutor.java:84)
  at org.gradle.api.internal.tasks.testing.junit.JUnitTestExecutor.accept(JUnitTestExecutor.java:47)
  at org.gradle.api.internal.tasks.testing.junit.AbstractJUnitTestDefinitionProcessor.processTestDefinition(AbstractJUnitTestDefinitionProcessor.java:65)
  at org.gradle.api.internal.tasks.testing.SuiteTestDefinitionProcessor.processTestDefinition(SuiteTestDefinitionProcessor.java:54)
  at java.base/jdk.internal.reflect.DirectMethodHandleAccessor.invoke(DirectMethodHandleAccessor.java:104)
  at java.base/java.lang.reflect.Method.invoke(Method.java:565)
  at org.gradle.internal.dispatch.MethodInvocation.invokeOn(MethodInvocation.java:77)
  at org.gradle.internal.dispatch.ReflectionDispatch.dispatch(ReflectionDispatch.java:28)
  at org.gradle.internal.dispatch.ReflectionDispatch.dispatch(ReflectionDispatch.java:19)
  at org.gradle.internal.dispatch.ContextClassLoaderDispatch.dispatch(ContextClassLoaderDispatch.java:33)
  at org.gradle.internal.dispatch.ProxyDispatchAdapter$DispatchingInvocationHandler.invoke(ProxyDispatchAdapter.java:88)
  at jdk.proxy1/jdk.proxy1.$Proxy4.processTestDefinition(Unknown Source)
  at org.gradle.api.internal.tasks.testing.worker.TestWorker$2.run(TestWorker.java:178)
  at org.gradle.api.internal.tasks.testing.worker.TestWorker.executeAndMaintainThreadName(TestWorker.java:126)
  at org.gradle.api.internal.tasks.testing.worker.TestWorker.execute(TestWorker.java:103)
  at org.gradle.api.internal.tasks.testing.worker.TestWorker.execute(TestWorker.java:63)
  at org.gradle.process.internal.worker.child.ActionExecutionWorker.execute(ActionExecutionWorker.java:56)
  at org.gradle.process.internal.worker.child.SystemApplicationClassLoaderWorker.call(SystemApplicationClassLoaderWorker.java:122)
  at org.gradle.process.internal.worker.child.SystemApplicationClassLoaderWorker.call(SystemApplicationClassLoaderWorker.java:72)
  at worker.org.gradle.process.internal.worker.GradleWorkerMain.run(GradleWorkerMain.java:69)
  at worker.org.gradle.process.internal.worker.GradleWorkerMain.main(GradleWorkerMain.java:74)
</stacktrace>
</test-failure>


TypeScriptCompilerTests_D[jvm] > divergentAccessorsTypes8_ts has expected errors matching divergentAccessorsTypes8_errors_txt[jvm] FAILED

<test-failure test="com.xemantic.typescript.compiler.TypeScriptCompilerTests_D.duplicateIdentifierRelatedSpans5_ts has expected errors matching duplicateIdentifierRelatedSpans5_errors_txt" platform="jvm">
<message>
Expected diagnostics from baseline typescript-repo/tests/baselines/reference/duplicateIdentifierRelatedSpans5.errors.txt but none produced
</message>
<stacktrace>
  at com.xemantic.typescript.compiler.TypeScriptTestSupportKt.errorsMatchBaseline(TypeScriptTestSupport.kt:125)
  at com.xemantic.typescript.compiler.TypeScriptCompilerTests_D.duplicateIdentifierRelatedSpans5_ts has expected errors matching duplicateIdentifierRelatedSpans5_errors_txt(TypeScriptCompilerTests_D.kt:6405)
  at java.base/jdk.internal.reflect.DirectMethodHandleAccessor.invoke(DirectMethodHandleAccessor.java:104)
  at java.base/java.lang.reflect.Method.invoke(Method.java:565)
  at org.junit.runners.model.FrameworkMethod$1.runReflectiveCall(FrameworkMethod.java:59)
  at org.junit.internal.runners.model.ReflectiveCallable.run(ReflectiveCallable.java:12)
  at org.junit.runners.model.FrameworkMethod.invokeExplosively(FrameworkMethod.java:56)
  at org.junit.internal.runners.statements.InvokeMethod.evaluate(InvokeMethod.java:17)
  at org.junit.runners.ParentRunner$3.evaluate(ParentRunner.java:306)
  at org.junit.runners.BlockJUnit4ClassRunner$1.evaluate(BlockJUnit4ClassRunner.java:100)
  at org.junit.runners.ParentRunner.runLeaf(ParentRunner.java:366)
  at org.junit.runners.BlockJUnit4ClassRunner.runChild(BlockJUnit4ClassRunner.java:103)
  at org.junit.runners.BlockJUnit4ClassRunner.runChild(BlockJUnit4ClassRunner.java:63)
  at org.junit.runners.ParentRunner$4.run(ParentRunner.java:331)
  at org.junit.runners.ParentRunner$1.schedule(ParentRunner.java:79)
  at org.junit.runners.ParentRunner.runChildren(ParentRunner.java:329)
  at org.junit.runners.ParentRunner.access$100(ParentRunner.java:66)
  at org.junit.runners.ParentRunner$2.evaluate(ParentRunner.java:293)
  at org.junit.runners.ParentRunner$3.evaluate(ParentRunner.java:306)
  at org.junit.runners.ParentRunner.run(ParentRunner.java:413)
  at org.junit.runner.JUnitCore.run(JUnitCore.java:137)
  at org.junit.runner.JUnitCore.run(JUnitCore.java:115)
  at org.gradle.api.internal.tasks.testing.junit.JUnitTestExecutor.runRequest(JUnitTestExecutor.java:175)
  at org.gradle.api.internal.tasks.testing.junit.JUnitTestExecutor.accept(JUnitTestExecutor.java:84)
  at org.gradle.api.internal.tasks.testing.junit.JUnitTestExecutor.accept(JUnitTestExecutor.java:47)
  at org.gradle.api.internal.tasks.testing.junit.AbstractJUnitTestDefinitionProcessor.processTestDefinition(AbstractJUnitTestDefinitionProcessor.java:65)
  at org.gradle.api.internal.tasks.testing.SuiteTestDefinitionProcessor.processTestDefinition(SuiteTestDefinitionProcessor.java:54)
  at java.base/jdk.internal.reflect.DirectMethodHandleAccessor.invoke(DirectMethodHandleAccessor.java:104)
  at java.base/java.lang.reflect.Method.invoke(Method.java:565)
  at org.gradle.internal.dispatch.MethodInvocation.invokeOn(MethodInvocation.java:77)
  at org.gradle.internal.dispatch.ReflectionDispatch.dispatch(ReflectionDispatch.java:28)
  at org.gradle.internal.dispatch.ReflectionDispatch.dispatch(ReflectionDispatch.java:19)
  at org.gradle.internal.dispatch.ContextClassLoaderDispatch.dispatch(ContextClassLoaderDispatch.java:33)
  at org.gradle.internal.dispatch.ProxyDispatchAdapter$DispatchingInvocationHandler.invoke(ProxyDispatchAdapter.java:88)
  at jdk.proxy1/jdk.proxy1.$Proxy4.processTestDefinition(Unknown Source)
  at org.gradle.api.internal.tasks.testing.worker.TestWorker$2.run(TestWorker.java:178)
  at org.gradle.api.internal.tasks.testing.worker.TestWorker.executeAndMaintainThreadName(TestWorker.java:126)
  at org.gradle.api.internal.tasks.testing.worker.TestWorker.execute(TestWorker.java:103)
  at org.gradle.api.internal.tasks.testing.worker.TestWorker.execute(TestWorker.java:63)
  at org.gradle.process.internal.worker.child.ActionExecutionWorker.execute(ActionExecutionWorker.java:56)
  at org.gradle.process.internal.worker.child.SystemApplicationClassLoaderWorker.call(SystemApplicationClassLoaderWorker.java:122)
  at org.gradle.process.internal.worker.child.SystemApplicationClassLoaderWorker.call(SystemApplicationClassLoaderWorker.java:72)
  at worker.org.gradle.process.internal.worker.GradleWorkerMain.run(GradleWorkerMain.java:69)
  at worker.org.gradle.process.internal.worker.GradleWorkerMain.main(GradleWorkerMain.java:74)
</stacktrace>
</test-failure>


TypeScriptCompilerTests_D[jvm] > duplicateIdentifierRelatedSpans5_ts has expected errors matching duplicateIdentifierRelatedSpans5_errors_txt[jvm] FAILED

<test-failure test="com.xemantic.typescript.compiler.TypeScriptCompilerTests_D.didYouMeanStringLiteral_ts has expected errors matching didYouMeanStringLiteral_errors_txt" platform="jvm">
<message>
Expected diagnostics from baseline typescript-repo/tests/baselines/reference/didYouMeanStringLiteral.errors.txt but none produced
</message>
<stacktrace>
  at com.xemantic.typescript.compiler.TypeScriptTestSupportKt.errorsMatchBaseline(TypeScriptTestSupport.kt:125)
  at com.xemantic.typescript.compiler.TypeScriptCompilerTests_D.didYouMeanStringLiteral_ts has expected errors matching didYouMeanStringLiteral_errors_txt(TypeScriptCompilerTests_D.kt:5299)
  at java.base/jdk.internal.reflect.DirectMethodHandleAccessor.invoke(DirectMethodHandleAccessor.java:104)
  at java.base/java.lang.reflect.Method.invoke(Method.java:565)
  at org.junit.runners.model.FrameworkMethod$1.runReflectiveCall(FrameworkMethod.java:59)
  at org.junit.internal.runners.model.ReflectiveCallable.run(ReflectiveCallable.java:12)
  at org.junit.runners.model.FrameworkMethod.invokeExplosively(FrameworkMethod.java:56)
  at org.junit.internal.runners.statements.InvokeMethod.evaluate(InvokeMethod.java:17)
  at org.junit.runners.ParentRunner$3.evaluate(ParentRunner.java:306)
  at org.junit.runners.BlockJUnit4ClassRunner$1.evaluate(BlockJUnit4ClassRunner.java:100)
  at org.junit.runners.ParentRunner.runLeaf(ParentRunner.java:366)
  at org.junit.runners.BlockJUnit4ClassRunner.runChild(BlockJUnit4ClassRunner.java:103)
  at org.junit.runners.BlockJUnit4ClassRunner.runChild(BlockJUnit4ClassRunner.java:63)
  at org.junit.runners.ParentRunner$4.run(ParentRunner.java:331)
  at org.junit.runners.ParentRunner$1.schedule(ParentRunner.java:79)
  at org.junit.runners.ParentRunner.runChildren(ParentRunner.java:329)
  at org.junit.runners.ParentRunner.access$100(ParentRunner.java:66)
  at org.junit.runners.ParentRunner$2.evaluate(ParentRunner.java:293)
  at org.junit.runners.ParentRunner$3.evaluate(ParentRunner.java:306)
  at org.junit.runners.ParentRunner.run(ParentRunner.java:413)
  at org.junit.runner.JUnitCore.run(JUnitCore.java:137)
  at org.junit.runner.JUnitCore.run(JUnitCore.java:115)
  at org.gradle.api.internal.tasks.testing.junit.JUnitTestExecutor.runRequest(JUnitTestExecutor.java:175)
  at org.gradle.api.internal.tasks.testing.junit.JUnitTestExecutor.accept(JUnitTestExecutor.java:84)
  at org.gradle.api.internal.tasks.testing.junit.JUnitTestExecutor.accept(JUnitTestExecutor.java:47)
  at org.gradle.api.internal.tasks.testing.junit.AbstractJUnitTestDefinitionProcessor.processTestDefinition(AbstractJUnitTestDefinitionProcessor.java:65)
  at org.gradle.api.internal.tasks.testing.SuiteTestDefinitionProcessor.processTestDefinition(SuiteTestDefinitionProcessor.java:54)
  at java.base/jdk.internal.reflect.DirectMethodHandleAccessor.invoke(DirectMethodHandleAccessor.java:104)
  at java.base/java.lang.reflect.Method.invoke(Method.java:565)
  at org.gradle.internal.dispatch.MethodInvocation.invokeOn(MethodInvocation.java:77)
  at org.gradle.internal.dispatch.ReflectionDispatch.dispatch(ReflectionDispatch.java:28)
  at org.gradle.internal.dispatch.ReflectionDispatch.dispatch(ReflectionDispatch.java:19)
  at org.gradle.internal.dispatch.ContextClassLoaderDispatch.dispatch(ContextClassLoaderDispatch.java:33)
  at org.gradle.internal.dispatch.ProxyDispatchAdapter$DispatchingInvocationHandler.invoke(ProxyDispatchAdapter.java:88)
  at jdk.proxy1/jdk.proxy1.$Proxy4.processTestDefinition(Unknown Source)
  at org.gradle.api.internal.tasks.testing.worker.TestWorker$2.run(TestWorker.java:178)
  at org.gradle.api.internal.tasks.testing.worker.TestWorker.executeAndMaintainThreadName(TestWorker.java:126)
  at org.gradle.api.internal.tasks.testing.worker.TestWorker.execute(TestWorker.java:103)
  at org.gradle.api.internal.tasks.testing.worker.TestWorker.execute(TestWorker.java:63)
  at org.gradle.process.internal.worker.child.ActionExecutionWorker.execute(ActionExecutionWorker.java:56)
  at org.gradle.process.internal.worker.child.SystemApplicationClassLoaderWorker.call(SystemApplicationClassLoaderWorker.java:122)
  at org.gradle.process.internal.worker.child.SystemApplicationClassLoaderWorker.call(SystemApplicationClassLoaderWorker.java:72)
  at worker.org.gradle.process.internal.worker.GradleWorkerMain.run(GradleWorkerMain.java:69)
  at worker.org.gradle.process.internal.worker.GradleWorkerMain.main(GradleWorkerMain.java:74)
</stacktrace>
</test-failure>


TypeScriptCompilerTests_D[jvm] > didYouMeanStringLiteral_ts has expected errors matching didYouMeanStringLiteral_errors_txt[jvm] FAILED

<test-failure test="com.xemantic.typescript.compiler.TypeScriptCompilerTests_D.declarationEmitMonorepoBaseUrl_ts compiles to JavaScript matching declarationEmitMonorepoBaseUrl_js" platform="jvm">
<message>
--- expected
+++ actual
@@ -22,6 +22,9 @@
   }
 }
 
+//// [index.ts]
+import { PluginConfig } from "@babel/parser";
+
 //// [package.json]
 {
   "name": "@vue/compiler-sfc",
@@ -34,9 +37,6 @@
 }
 
 //// [index.ts]
-import { PluginConfig } from "@babel/parser";
-
-//// [index.ts]
 import { createPlugin } from "@babel/parser";
 export function resolveParserPlugins() {
   return [createPlugin()];

</message>
<stacktrace>
  at org.junit.Assert.fail(Assert.java:89)
  at kotlin.test.junit.JUnitAsserter.fail(JUnitSupport.kt:56)
  at kotlin.test.AssertionsKt__AssertionsKt.fail(Assertions.kt:563)
  at kotlin.test.AssertionsKt.fail(Unknown Source)
  at com.xemantic.kotlin.test.SameAsKt.sameAs(SameAs.kt:52)
  at com.xemantic.typescript.compiler.TypeScriptTestSupportKt.sameAs(TypeScriptTestSupport.kt:99)
  at com.xemantic.typescript.compiler.TypeScriptCompilerTests_D.declarationEmitMonorepoBaseUrl_ts compiles to JavaScript matching declarationEmitMonorepoBaseUrl_js(TypeScriptCompilerTests_D.kt:2380)
  at java.base/jdk.internal.reflect.DirectMethodHandleAccessor.invoke(DirectMethodHandleAccessor.java:104)
  at java.base/java.lang.reflect.Method.invoke(Method.java:565)
  at org.junit.runners.model.FrameworkMethod$1.runReflectiveCall(FrameworkMethod.java:59)
  at org.junit.internal.runners.model.ReflectiveCallable.run(ReflectiveCallable.java:12)
  at org.junit.runners.model.FrameworkMethod.invokeExplosively(FrameworkMethod.java:56)
  at org.junit.internal.runners.statements.InvokeMethod.evaluate(InvokeMethod.java:17)
  at org.junit.runners.ParentRunner$3.evaluate(ParentRunner.java:306)
  at org.junit.runners.BlockJUnit4ClassRunner$1.evaluate(BlockJUnit4ClassRunner.java:100)
  at org.junit.runners.ParentRunner.runLeaf(ParentRunner.java:366)
  at org.junit.runners.BlockJUnit4ClassRunner.runChild(BlockJUnit4ClassRunner.java:103)
  at org.junit.runners.BlockJUnit4ClassRunner.runChild(BlockJUnit4ClassRunner.java:63)
  at org.junit.runners.ParentRunner$4.run(ParentRunner.java:331)
  at org.junit.runners.ParentRunner$1.schedule(ParentRunner.java:79)
  at org.junit.runners.ParentRunner.runChildren(ParentRunner.java:329)
  at org.junit.runners.ParentRunner.access$100(ParentRunner.java:66)
  at org.junit.runners.ParentRunner$2.evaluate(ParentRunner.java:293)
  at org.junit.runners.ParentRunner$3.evaluate(ParentRunner.java:306)
  at org.junit.runners.ParentRunner.run(ParentRunner.java:413)
  at org.junit.runner.JUnitCore.run(JUnitCore.java:137)
  at org.junit.runner.JUnitCore.run(JUnitCore.java:115)
  at org.gradle.api.internal.tasks.testing.junit.JUnitTestExecutor.runRequest(JUnitTestExecutor.java:175)
  at org.gradle.api.internal.tasks.testing.junit.JUnitTestExecutor.accept(JUnitTestExecutor.java:84)
  at org.gradle.api.internal.tasks.testing.junit.JUnitTestExecutor.accept(JUnitTestExecutor.java:47)
  at org.gradle.api.internal.tasks.testing.junit.AbstractJUnitTestDefinitionProcessor.processTestDefinition(AbstractJUnitTestDefinitionProcessor.java:65)
  at org.gradle.api.internal.tasks.testing.SuiteTestDefinitionProcessor.processTestDefinition(SuiteTestDefinitionProcessor.java:54)
  at java.base/jdk.internal.reflect.DirectMethodHandleAccessor.invoke(DirectMethodHandleAccessor.java:104)
  at java.base/java.lang.reflect.Method.invoke(Method.java:565)
  at org.gradle.internal.dispatch.MethodInvocation.invokeOn(MethodInvocation.java:77)
  at org.gradle.internal.dispatch.ReflectionDispatch.dispatch(ReflectionDispatch.java:28)
  at org.gradle.internal.dispatch.ReflectionDispatch.dispatch(ReflectionDispatch.java:19)
  at org.gradle.internal.dispatch.ContextClassLoaderDispatch.dispatch(ContextClassLoaderDispatch.java:33)
  at org.gradle.internal.dispatch.ProxyDispatchAdapter$DispatchingInvocationHandler.invoke(ProxyDispatchAdapter.java:88)
  at jdk.proxy1/jdk.proxy1.$Proxy4.processTestDefinition(Unknown Source)
  at org.gradle.api.internal.tasks.testing.worker.TestWorker$2.run(TestWorker.java:178)
  at org.gradle.api.internal.tasks.testing.worker.TestWorker.executeAndMaintainThreadName(TestWorker.java:126)
  at org.gradle.api.internal.tasks.testing.worker.TestWorker.execute(TestWorker.java:103)
  at org.gradle.api.internal.tasks.testing.worker.TestWorker.execute(TestWorker.java:63)
  at org.gradle.process.internal.worker.child.ActionExecutionWorker.execute(ActionExecutionWorker.java:56)
  at org.gradle.process.internal.worker.child.SystemApplicationClassLoaderWorker.call(SystemApplicationClassLoaderWorker.java:122)
  at org.gradle.process.internal.worker.child.SystemApplicationClassLoaderWorker.call(SystemApplicationClassLoaderWorker.java:72)
  at worker.org.gradle.process.internal.worker.GradleWorkerMain.run(GradleWorkerMain.java:69)
  at worker.org.gradle.process.internal.worker.GradleWorkerMain.main(GradleWorkerMain.java:74)
</stacktrace>
</test-failure>


TypeScriptCompilerTests_D[jvm] > declarationEmitMonorepoBaseUrl_ts compiles to JavaScript matching declarationEmitMonorepoBaseUrl_js[jvm] FAILED

<test-failure test="com.xemantic.typescript.compiler.TypeScriptCompilerTests_D.divergentAccessorsTypes5_ts__target_es5__has expected errors matching baseline" platform="jvm">
<message>
--- expected
+++ actual
@@ -1,11 +1,9 @@
 error TS5107: Option 'target=ES5' is deprecated and will stop functioning in TypeScript 7.0. Specify compilerOption '"ignoreDeprecations": "6.0"' to silence this error.
 divergentAccessorsTypes5.ts(8,3): error TS2564: Property 'prop2' has no initializer and is not definitely assigned in the constructor.
-divergentAccessorsTypes5.ts(31,1): error TS2322: Type '42' is not assignable to type '"hello"'.
-divergentAccessorsTypes5.ts(36,1): error TS2322: Type '"hello"' is not assignable to type '42'.
 
 
 !!! error TS5107: Option 'target=ES5' is deprecated and will stop functioning in TypeScript 7.0. Specify compilerOption '"ignoreDeprecations": "6.0"' to silence this error.
-==== divergentAccessorsTypes5.ts (3 errors) ====
+==== divergentAccessorsTypes5.ts (1 errors) ====
     // Not really different from divergentAccessorsTypes4.ts,
     // but goes through the deferred type code
     
@@ -39,12 +37,8 @@
     
     // "hello"
     i.prop1 = 42; // error
-    ~~~~~~~
-!!! error TS2322: Type '42' is not assignable to type '"hello"'.
     i.prop1 = "hello";
     
     // 42
     i.prop2 = 42;
     i.prop2 = "hello"; // error
-    ~~~~~~~
-!!! error TS2322: Type '"hello"' is not assignable to type '42'.

</message>
<stacktrace>
  at org.junit.Assert.fail(Assert.java:89)
  at kotlin.test.junit.JUnitAsserter.fail(JUnitSupport.kt:56)
  at kotlin.test.AssertionsKt__AssertionsKt.fail(Assertions.kt:563)
  at kotlin.test.AssertionsKt.fail(Unknown Source)
  at com.xemantic.kotlin.test.SameAsKt.sameAs(SameAs.kt:52)
  at com.xemantic.typescript.compiler.TypeScriptTestSupportKt.errorsMatchBaseline(TypeScriptTestSupport.kt:135)
  at com.xemantic.typescript.compiler.TypeScriptCompilerTests_D.divergentAccessorsTypes5_ts__target_es5__has expected errors matching baseline(TypeScriptCompilerTests_D.kt:5537)
  at java.base/jdk.internal.reflect.DirectMethodHandleAccessor.invoke(DirectMethodHandleAccessor.java:104)
  at java.base/java.lang.reflect.Method.invoke(Method.java:565)
  at org.junit.runners.model.FrameworkMethod$1.runReflectiveCall(FrameworkMethod.java:59)
  at org.junit.internal.runners.model.ReflectiveCallable.run(ReflectiveCallable.java:12)
  at org.junit.runners.model.FrameworkMethod.invokeExplosively(FrameworkMethod.java:56)
  at org.junit.internal.runners.statements.InvokeMethod.evaluate(InvokeMethod.java:17)
  at org.junit.runners.ParentRunner$3.evaluate(ParentRunner.java:306)
  at org.junit.runners.BlockJUnit4ClassRunner$1.evaluate(BlockJUnit4ClassRunner.java:100)
  at org.junit.runners.ParentRunner.runLeaf(ParentRunner.java:366)
  at org.junit.runners.BlockJUnit4ClassRunner.runChild(BlockJUnit4ClassRunner.java:103)
  at org.junit.runners.BlockJUnit4ClassRunner.runChild(BlockJUnit4ClassRunner.java:63)
  at org.junit.runners.ParentRunner$4.run(ParentRunner.java:331)
  at org.junit.runners.ParentRunner$1.schedule(ParentRunner.java:79)
  at org.junit.runners.ParentRunner.runChildren(ParentRunner.java:329)
  at org.junit.runners.ParentRunner.access$100(ParentRunner.java:66)
  at org.junit.runners.ParentRunner$2.evaluate(ParentRunner.java:293)
  at org.junit.runners.ParentRunner$3.evaluate(ParentRunner.java:306)
  at org.junit.runners.ParentRunner.run(ParentRunner.java:413)
  at org.junit.runner.JUnitCore.run(JUnitCore.java:137)
  at org.junit.runner.JUnitCore.run(JUnitCore.java:115)
  at org.gradle.api.internal.tasks.testing.junit.JUnitTestExecutor.runRequest(JUnitTestExecutor.java:175)
  at org.gradle.api.internal.tasks.testing.junit.JUnitTestExecutor.accept(JUnitTestExecutor.java:84)
  at org.gradle.api.internal.tasks.testing.junit.JUnitTestExecutor.accept(JUnitTestExecutor.java:47)
  at org.gradle.api.internal.tasks.testing.junit.AbstractJUnitTestDefinitionProcessor.processTestDefinition(AbstractJUnitTestDefinitionProcessor.java:65)
  at org.gradle.api.internal.tasks.testing.SuiteTestDefinitionProcessor.processTestDefinition(SuiteTestDefinitionProcessor.java:54)
  at java.base/jdk.internal.reflect.DirectMethodHandleAccessor.invoke(DirectMethodHandleAccessor.java:104)
  at java.base/java.lang.reflect.Method.invoke(Method.java:565)
  at org.gradle.internal.dispatch.MethodInvocation.invokeOn(MethodInvocation.java:77)
  at org.gradle.internal.dispatch.ReflectionDispatch.dispatch(ReflectionDispatch.java:28)
  at org.gradle.internal.dispatch.ReflectionDispatch.dispatch(ReflectionDispatch.java:19)
  at org.gradle.internal.dispatch.ContextClassLoaderDispatch.dispatch(ContextClassLoaderDispatch.java:33)
  at org.gradle.internal.dispatch.ProxyDispatchAdapter$DispatchingInvocationHandler.invoke(ProxyDispatchAdapter.java:88)
  at jdk.proxy1/jdk.proxy1.$Proxy4.processTestDefinition(Unknown Source)
  at org.gradle.api.internal.tasks.testing.worker.TestWorker$2.run(TestWorker.java:178)
  at org.gradle.api.internal.tasks.testing.worker.TestWorker.executeAndMaintainThreadName(TestWorker.java:126)
  at org.gradle.api.internal.tasks.testing.worker.TestWorker.execute(TestWorker.java:103)
  at org.gradle.api.internal.tasks.testing.worker.TestWorker.execute(TestWorker.java:63)
  at org.gradle.process.internal.worker.child.ActionExecutionWorker.execute(ActionExecutionWorker.java:56)
  at org.gradle.process.internal.worker.child.SystemApplicationClassLoaderWorker.call(SystemApplicationClassLoaderWorker.java:122)
  at org.gradle.process.internal.worker.child.SystemApplicationClassLoaderWorker.call(SystemApplicationClassLoaderWorker.java:72)
  at worker.org.gradle.process.internal.worker.GradleWorkerMain.run(GradleWorkerMain.java:69)
  at worker.org.gradle.process.internal.worker.GradleWorkerMain.main(GradleWorkerMain.java:74)
</stacktrace>
</test-failure>


TypeScriptCompilerTests_D[jvm] > divergentAccessorsTypes5_ts__target_es5__has expected errors matching baseline[jvm] FAILED

<test-failure test="com.xemantic.typescript.compiler.TypeScriptCompilerTests_D.decoratorsOnComputedProperties_ts compiles to JavaScript matching decoratorsOnComputedProperties_js" platform="jvm">
<message>
--- expected
+++ actual
@@ -199,8 +199,6 @@
     else for (var i = decorators.length - 1; i >= 0; i--) if (d = decorators[i]) r = (c < 3 ? d(r) : c > 3 ? d(target, key, r) : d(target, key)) || r;
     return c > 3 && r && Object.defineProperty(target, key, r), r;
 };
-var _a, _b, _c, _d, _e, _f, _g, _h, _j, _k, _l, _m, _o, _p;
-var _q, _r, _s, _t, _u, _v, _w, _x, _y, _z, _0, _1, _2, _3, _4, _5, _6, _7, _8, _9, _10, _11, _12, _13, _14, _15, _16, _17, _18, _19, _20, _21, _22, _23, _24, _25, _26, _27, _28, _29, _30, _31, _32, _33, _34, _35, _36, _37, _38, _39, _40, _41, _42, _43, _44, _45, _46, _47, _48, _49, _50, _51;
 function x(o, k) { }
 let i = 0;
 function foo() { return ++i + ""; }
@@ -209,75 +207,67 @@
 const fieldNameC = "fieldName3";
 class A {
     constructor() {
-        this["property2"] = 2;
-        this[_r] = null;
+        this.any = 2;
+        this.any = null;
         this["property4"] = 2;
-        this[_a] = null;
-        this[_t] = null;
-        this[_v] = null;
+        this[Symbol.match] = null;
+        this.any = null;
+        this.any = null;
     }
 }
-_q = Symbol.toStringTag, _r = Symbol.iterator, Symbol.isConcatSpreadable, _a = Symbol.match, foo(), _s = foo(), _t = foo(), _u = fieldNameB, _v = fieldNameC;
+Symbol.isConcatSpreadable;
+foo();
 __decorate([
-    x
-], A.prototype, "property", void 0);
+    x["property"]
+], A.prototype, ":", void 0);
 __decorate([
-    x
-], A.prototype, _q, void 0);
+    x[Symbol.toStringTag]
+], A.prototype, ":", void 0);
 __decorate([
-    x
-], A.prototype, "property2", void 0);
+    x["property2"]
+], A.prototype, ":", void 0);
 __decorate([
-    x
-], A.prototype, _r, void 0);
+    x[Symbol.iterator]
+], A.prototype, ":", void 0);
 __decorate([
-    x
-], A.prototype, _s, void 0);
+    x[foo()]
+], A.prototype, ":", void 0);
 __decorate([
-    x
-], A.prototype, _t, void 0);
+    x[foo()]
+], A.prototype, ":", void 0);
 __decorate([
-    x
-], A.prototype, _u, void 0);
+    x[fieldNameB]
+], A.prototype, ":", void 0);
 __decorate([
-    x
-], A.prototype, _v, void 0);
-void (_c = class B {
-        constructor() {
-            this["property2"] = 2;
-            this[_x] = null;
-            this["property4"] = 2;
-            this[_b] = null;
-            this[_z] = null;
-            this[_1] = null;
-        }
-    },
-    _w = Symbol.toStringTag,
-    _x = Symbol.iterator,
-    Symbol.isConcatSpreadable,
-    _b = Symbol.match,
-    foo(),
-    _y = foo(),
-    _z = foo(),
-    _0 = fieldNameB,
-    _1 = fieldNameC,
-    _c);
+    x[fieldNameC]
+], A.prototype, ":", void 0);
+void class B {
+    constructor() {
+        this.any = 2;
+        this.any = null;
+        this["property4"] = 2;
+        this[Symbol.match] = null;
+        this.any = null;
+        this.any = null;
+    }
+};
 class C {
     constructor() {
-        this["property2"] = 2;
-        this[_3] = null;
+        this.any = 2;
+        this.any = null;
         this["property4"] = 2;
-        this[_d] = null;
-        this[_5] = null;
-        this[_7] = null;
+        this[Symbol.match] = null;
+        this.any = null;
+        this.any = null;
     }
-    [(_2 = Symbol.toStringTag, _3 = Symbol.iterator, Symbol.isConcatSpreadable, _d = Symbol.match, foo(), _4 = foo(), _5 = foo(), _6 = fieldNameB, _7 = fieldNameC, "some" + "method")]() { }
+    ["some" + "method"]() { }
 }
+Symbol.isConcatSpreadable;
+foo();
 __decorate([
-    x
-], C.prototype, "property", void 0);
+    x["property"]
+], C.prototype, ":", void 0);
 __decorate([
-    x
-], C.prototype, _2, void 0);
+    x[Symbol.toStringTag]
+], C.prototype, ":", void 0);
 __decorate([
-    x

Diff truncated: more than 100 lines changed

Expected: 465 lines
Actual: 456 lines

The differences are too extensive to show in unified diff format.
Consider comparing smaller sections or reviewing the strings directly.

</message>
<stacktrace>
  at org.junit.Assert.fail(Assert.java:89)
  at kotlin.test.junit.JUnitAsserter.fail(JUnitSupport.kt:56)
  at kotlin.test.AssertionsKt__AssertionsKt.fail(Assertions.kt:563)
  at kotlin.test.AssertionsKt.fail(Unknown Source)
  at com.xemantic.kotlin.test.SameAsKt.sameAs(SameAs.kt:52)
  at com.xemantic.typescript.compiler.TypeScriptTestSupportKt.sameAs(TypeScriptTestSupport.kt:99)
  at com.xemantic.typescript.compiler.TypeScriptCompilerTests_D.decoratorsOnComputedProperties_ts compiles to JavaScript matching decoratorsOnComputedProperties_js(TypeScriptCompilerTests_D.kt:4039)
  at java.base/jdk.internal.reflect.DirectMethodHandleAccessor.invoke(DirectMethodHandleAccessor.java:104)
  at java.base/java.lang.reflect.Method.invoke(Method.java:565)
  at org.junit.runners.model.FrameworkMethod$1.runReflectiveCall(FrameworkMethod.java:59)
  at org.junit.internal.runners.model.ReflectiveCallable.run(ReflectiveCallable.java:12)
  at org.junit.runners.model.FrameworkMethod.invokeExplosively(FrameworkMethod.java:56)
  at org.junit.internal.runners.statements.InvokeMethod.evaluate(InvokeMethod.java:17)
  at org.junit.runners.ParentRunner$3.evaluate(ParentRunner.java:306)
  at org.junit.runners.BlockJUnit4ClassRunner$1.evaluate(BlockJUnit4ClassRunner.java:100)
  at org.junit.runners.ParentRunner.runLeaf(ParentRunner.java:366)
  at org.junit.runners.BlockJUnit4ClassRunner.runChild(BlockJUnit4ClassRunner.java:103)
  at org.junit.runners.BlockJUnit4ClassRunner.runChild(BlockJUnit4ClassRunner.java:63)
  at org.junit.runners.ParentRunner$4.run(ParentRunner.java:331)
  at org.junit.runners.ParentRunner$1.schedule(ParentRunner.java:79)
  at org.junit.runners.ParentRunner.runChildren(ParentRunner.java:329)
  at org.junit.runners.ParentRunner.access$100(ParentRunner.java:66)
  at org.junit.runners.ParentRunner$2.evaluate(ParentRunner.java:293)
  at org.junit.runners.ParentRunner$3.evaluate(ParentRunner.java:306)
  at org.junit.runners.ParentRunner.run(ParentRunner.java:413)
  at org.junit.runner.JUnitCore.run(JUnitCore.java:137)
  at org.junit.runner.JUnitCore.run(JUnitCore.java:115)
  at org.gradle.api.internal.tasks.testing.junit.JUnitTestExecutor.runRequest(JUnitTestExecutor.java:175)
  at org.gradle.api.internal.tasks.testing.junit.JUnitTestExecutor.accept(JUnitTestExecutor.java:84)
  at org.gradle.api.internal.tasks.testing.junit.JUnitTestExecutor.accept(JUnitTestExecutor.java:47)
  at org.gradle.api.internal.tasks.testing.junit.AbstractJUnitTestDefinitionProcessor.processTestDefinition(AbstractJUnitTestDefinitionProcessor.java:65)
  at org.gradle.api.internal.tasks.testing.SuiteTestDefinitionProcessor.processTestDefinition(SuiteTestDefinitionProcessor.java:54)
  at java.base/jdk.internal.reflect.DirectMethodHandleAccessor.invoke(DirectMethodHandleAccessor.java:104)
  at java.base/java.lang.reflect.Method.invoke(Method.java:565)
  at org.gradle.internal.dispatch.MethodInvocation.invokeOn(MethodInvocation.java:77)
  at org.gradle.internal.dispatch.ReflectionDispatch.dispatch(ReflectionDispatch.java:28)
  at org.gradle.internal.dispatch.ReflectionDispatch.dispatch(ReflectionDispatch.java:19)
  at org.gradle.internal.dispatch.ContextClassLoaderDispatch.dispatch(ContextClassLoaderDispatch.java:33)
  at org.gradle.internal.dispatch.ProxyDispatchAdapter$DispatchingInvocationHandler.invoke(ProxyDispatchAdapter.java:88)
  at jdk.proxy1/jdk.proxy1.$Proxy4.processTestDefinition(Unknown Source)
  at org.gradle.api.internal.tasks.testing.worker.TestWorker$2.run(TestWorker.java:178)
  at org.gradle.api.internal.tasks.testing.worker.TestWorker.executeAndMaintainThreadName(TestWorker.java:126)
  at org.gradle.api.internal.tasks.testing.worker.TestWorker.execute(TestWorker.java:103)
  at org.gradle.api.internal.tasks.testing.worker.TestWorker.execute(TestWorker.java:63)
  at org.gradle.process.internal.worker.child.ActionExecutionWorker.execute(ActionExecutionWorker.java:56)
  at org.gradle.process.internal.worker.child.SystemApplicationClassLoaderWorker.call(SystemApplicationClassLoaderWorker.java:122)
  at org.gradle.process.internal.worker.child.SystemApplicationClassLoaderWorker.call(SystemApplicationClassLoaderWorker.java:72)
  at worker.org.gradle.process.internal.worker.GradleWorkerMain.run(GradleWorkerMain.java:69)
  at worker.org.gradle.process.internal.worker.GradleWorkerMain.main(GradleWorkerMain.java:74)
</stacktrace>
</test-failure>


TypeScriptCompilerTests_D[jvm] > decoratorsOnComputedProperties_ts compiles to JavaScript matching decoratorsOnComputedProperties_js[jvm] FAILED

<test-failure test="com.xemantic.typescript.compiler.TypeScriptCompilerTests_D.declarationEmitInferredTypeAlias1_ts has expected errors matching declarationEmitInferredTypeAlias1_errors_txt" platform="jvm">
<message>
Expected diagnostics from baseline typescript-repo/tests/baselines/reference/declarationEmitInferredTypeAlias1.errors.txt but none produced
</message>
<stacktrace>
  at com.xemantic.typescript.compiler.TypeScriptTestSupportKt.errorsMatchBaseline(TypeScriptTestSupport.kt:125)
  at com.xemantic.typescript.compiler.TypeScriptCompilerTests_D.declarationEmitInferredTypeAlias1_ts has expected errors matching declarationEmitInferredTypeAlias1_errors_txt(TypeScriptCompilerTests_D.kt:2030)
  at java.base/jdk.internal.reflect.DirectMethodHandleAccessor.invoke(DirectMethodHandleAccessor.java:104)
  at java.base/java.lang.reflect.Method.invoke(Method.java:565)
  at org.junit.runners.model.FrameworkMethod$1.runReflectiveCall(FrameworkMethod.java:59)
  at org.junit.internal.runners.model.ReflectiveCallable.run(ReflectiveCallable.java:12)
  at org.junit.runners.model.FrameworkMethod.invokeExplosively(FrameworkMethod.java:56)
  at org.junit.internal.runners.statements.InvokeMethod.evaluate(InvokeMethod.java:17)
  at org.junit.runners.ParentRunner$3.evaluate(ParentRunner.java:306)
  at org.junit.runners.BlockJUnit4ClassRunner$1.evaluate(BlockJUnit4ClassRunner.java:100)
  at org.junit.runners.ParentRunner.runLeaf(ParentRunner.java:366)
  at org.junit.runners.BlockJUnit4ClassRunner.runChild(BlockJUnit4ClassRunner.java:103)
  at org.junit.runners.BlockJUnit4ClassRunner.runChild(BlockJUnit4ClassRunner.java:63)
  at org.junit.runners.ParentRunner$4.run(ParentRunner.java:331)
  at org.junit.runners.ParentRunner$1.schedule(ParentRunner.java:79)
  at org.junit.runners.ParentRunner.runChildren(ParentRunner.java:329)
  at org.junit.runners.ParentRunner.access$100(ParentRunner.java:66)
  at org.junit.runners.ParentRunner$2.evaluate(ParentRunner.java:293)
  at org.junit.runners.ParentRunner$3.evaluate(ParentRunner.java:306)
  at org.junit.runners.ParentRunner.run(ParentRunner.java:413)
  at org.junit.runner.JUnitCore.run(JUnitCore.java:137)
  at org.junit.runner.JUnitCore.run(JUnitCore.java:115)
  at org.gradle.api.internal.tasks.testing.junit.JUnitTestExecutor.runRequest(JUnitTestExecutor.java:175)
  at org.gradle.api.internal.tasks.testing.junit.JUnitTestExecutor.accept(JUnitTestExecutor.java:84)
  at org.gradle.api.internal.tasks.testing.junit.JUnitTestExecutor.accept(JUnitTestExecutor.java:47)
  at org.gradle.api.internal.tasks.testing.junit.AbstractJUnitTestDefinitionProcessor.processTestDefinition(AbstractJUnitTestDefinitionProcessor.java:65)
  at org.gradle.api.internal.tasks.testing.SuiteTestDefinitionProcessor.processTestDefinition(SuiteTestDefinitionProcessor.java:54)
  at java.base/jdk.internal.reflect.DirectMethodHandleAccessor.invoke(DirectMethodHandleAccessor.java:104)
  at java.base/java.lang.reflect.Method.invoke(Method.java:565)
  at org.gradle.internal.dispatch.MethodInvocation.invokeOn(MethodInvocation.java:77)
  at org.gradle.internal.dispatch.ReflectionDispatch.dispatch(ReflectionDispatch.java:28)
  at org.gradle.internal.dispatch.ReflectionDispatch.dispatch(ReflectionDispatch.java:19)
  at org.gradle.internal.dispatch.ContextClassLoaderDispatch.dispatch(ContextClassLoaderDispatch.java:33)
  at org.gradle.internal.dispatch.ProxyDispatchAdapter$DispatchingInvocationHandler.invoke(ProxyDispatchAdapter.java:88)
  at jdk.proxy1/jdk.proxy1.$Proxy4.processTestDefinition(Unknown Source)
  at org.gradle.api.internal.tasks.testing.worker.TestWorker$2.run(TestWorker.java:178)
  at org.gradle.api.internal.tasks.testing.worker.TestWorker.executeAndMaintainThreadName(TestWorker.java:126)
  at org.gradle.api.internal.tasks.testing.worker.TestWorker.execute(TestWorker.java:103)
  at org.gradle.api.internal.tasks.testing.worker.TestWorker.execute(TestWorker.java:63)
  at org.gradle.process.internal.worker.child.ActionExecutionWorker.execute(ActionExecutionWorker.java:56)
  at org.gradle.process.internal.worker.child.SystemApplicationClassLoaderWorker.call(SystemApplicationClassLoaderWorker.java:122)
  at org.gradle.process.internal.worker.child.SystemApplicationClassLoaderWorker.call(SystemApplicationClassLoaderWorker.java:72)
  at worker.org.gradle.process.internal.worker.GradleWorkerMain.run(GradleWorkerMain.java:69)
  at worker.org.gradle.process.internal.worker.GradleWorkerMain.main(GradleWorkerMain.java:74)
</stacktrace>
</test-failure>


TypeScriptCompilerTests_D[jvm] > declarationEmitInferredTypeAlias1_ts has expected errors matching declarationEmitInferredTypeAlias1_errors_txt[jvm] FAILED

<test-failure test="com.xemantic.typescript.compiler.TypeScriptCompilerTests_D.duplicateIdentifierRelatedSpans6_ts has expected errors matching duplicateIdentifierRelatedSpans6_errors_txt" platform="jvm">
<message>
Expected diagnostics from baseline typescript-repo/tests/baselines/reference/duplicateIdentifierRelatedSpans6.errors.txt but none produced
</message>
<stacktrace>
  at com.xemantic.typescript.compiler.TypeScriptTestSupportKt.errorsMatchBaseline(TypeScriptTestSupport.kt:125)
  at com.xemantic.typescript.compiler.TypeScriptCompilerTests_D.duplicateIdentifierRelatedSpans6_ts has expected errors matching duplicateIdentifierRelatedSpans6_errors_txt(TypeScriptCompilerTests_D.kt:6419)
  at java.base/jdk.internal.reflect.DirectMethodHandleAccessor.invoke(DirectMethodHandleAccessor.java:104)
  at java.base/java.lang.reflect.Method.invoke(Method.java:565)
  at org.junit.runners.model.FrameworkMethod$1.runReflectiveCall(FrameworkMethod.java:59)
  at org.junit.internal.runners.model.ReflectiveCallable.run(ReflectiveCallable.java:12)
  at org.junit.runners.model.FrameworkMethod.invokeExplosively(FrameworkMethod.java:56)
  at org.junit.internal.runners.statements.InvokeMethod.evaluate(InvokeMethod.java:17)
  at org.junit.runners.ParentRunner$3.evaluate(ParentRunner.java:306)
  at org.junit.runners.BlockJUnit4ClassRunner$1.evaluate(BlockJUnit4ClassRunner.java:100)
  at org.junit.runners.ParentRunner.runLeaf(ParentRunner.java:366)
  at org.junit.runners.BlockJUnit4ClassRunner.runChild(BlockJUnit4ClassRunner.java:103)
  at org.junit.runners.BlockJUnit4ClassRunner.runChild(BlockJUnit4ClassRunner.java:63)
  at org.junit.runners.ParentRunner$4.run(ParentRunner.java:331)
  at org.junit.runners.ParentRunner$1.schedule(ParentRunner.java:79)
  at org.junit.runners.ParentRunner.runChildren(ParentRunner.java:329)
  at org.junit.runners.ParentRunner.access$100(ParentRunner.java:66)
  at org.junit.runners.ParentRunner$2.evaluate(ParentRunner.java:293)
  at org.junit.runners.ParentRunner$3.evaluate(ParentRunner.java:306)
  at org.junit.runners.ParentRunner.run(ParentRunner.java:413)
  at org.junit.runner.JUnitCore.run(JUnitCore.java:137)
  at org.junit.runner.JUnitCore.run(JUnitCore.java:115)
  at org.gradle.api.internal.tasks.testing.junit.JUnitTestExecutor.runRequest(JUnitTestExecutor.java:175)
  at org.gradle.api.internal.tasks.testing.junit.JUnitTestExecutor.accept(JUnitTestExecutor.java:84)
  at org.gradle.api.internal.tasks.testing.junit.JUnitTestExecutor.accept(JUnitTestExecutor.java:47)
  at org.gradle.api.internal.tasks.testing.junit.AbstractJUnitTestDefinitionProcessor.processTestDefinition(AbstractJUnitTestDefinitionProcessor.java:65)
  at org.gradle.api.internal.tasks.testing.SuiteTestDefinitionProcessor.processTestDefinition(SuiteTestDefinitionProcessor.java:54)
  at java.base/jdk.internal.reflect.DirectMethodHandleAccessor.invoke(DirectMethodHandleAccessor.java:104)
  at java.base/java.lang.reflect.Method.invoke(Method.java:565)
  at org.gradle.internal.dispatch.MethodInvocation.invokeOn(MethodInvocation.java:77)
  at org.gradle.internal.dispatch.ReflectionDispatch.dispatch(ReflectionDispatch.java:28)
  at org.gradle.internal.dispatch.ReflectionDispatch.dispatch(ReflectionDispatch.java:19)
  at org.gradle.internal.dispatch.ContextClassLoaderDispatch.dispatch(ContextClassLoaderDispatch.java:33)
  at org.gradle.internal.dispatch.ProxyDispatchAdapter$DispatchingInvocationHandler.invoke(ProxyDispatchAdapter.java:88)
  at jdk.proxy1/jdk.proxy1.$Proxy4.processTestDefinition(Unknown Source)
  at org.gradle.api.internal.tasks.testing.worker.TestWorker$2.run(TestWorker.java:178)
  at org.gradle.api.internal.tasks.testing.worker.TestWorker.executeAndMaintainThreadName(TestWorker.java:126)
  at org.gradle.api.internal.tasks.testing.worker.TestWorker.execute(TestWorker.java:103)
  at org.gradle.api.internal.tasks.testing.worker.TestWorker.execute(TestWorker.java:63)
  at org.gradle.process.internal.worker.child.ActionExecutionWorker.execute(ActionExecutionWorker.java:56)
  at org.gradle.process.internal.worker.child.SystemApplicationClassLoaderWorker.call(SystemApplicationClassLoaderWorker.java:122)
  at org.gradle.process.internal.worker.child.SystemApplicationClassLoaderWorker.call(SystemApplicationClassLoaderWorker.java:72)
  at worker.org.gradle.process.internal.worker.GradleWorkerMain.run(GradleWorkerMain.java:69)
  at worker.org.gradle.process.internal.worker.GradleWorkerMain.main(GradleWorkerMain.java:74)
</stacktrace>
</test-failure>


TypeScriptCompilerTests_D[jvm] > duplicateIdentifierRelatedSpans6_ts has expected errors matching duplicateIdentifierRelatedSpans6_errors_txt[jvm] FAILED

<test-failure test="com.xemantic.typescript.compiler.TypeScriptCompilerTests_D.derivedInterfaceCallSignature_ts has expected errors matching derivedInterfaceCallSignature_errors_txt" platform="jvm">
<message>
Expected diagnostics from baseline typescript-repo/tests/baselines/reference/derivedInterfaceCallSignature.errors.txt but none produced
</message>
<stacktrace>
  at com.xemantic.typescript.compiler.TypeScriptTestSupportKt.errorsMatchBaseline(TypeScriptTestSupport.kt:125)
  at com.xemantic.typescript.compiler.TypeScriptCompilerTests_D.derivedInterfaceCallSignature_ts has expected errors matching derivedInterfaceCallSignature_errors_txt(TypeScriptCompilerTests_D.kt:4760)
  at java.base/jdk.internal.reflect.DirectMethodHandleAccessor.invoke(DirectMethodHandleAccessor.java:104)
  at java.base/java.lang.reflect.Method.invoke(Method.java:565)
  at org.junit.runners.model.FrameworkMethod$1.runReflectiveCall(FrameworkMethod.java:59)
  at org.junit.internal.runners.model.ReflectiveCallable.run(ReflectiveCallable.java:12)
  at org.junit.runners.model.FrameworkMethod.invokeExplosively(FrameworkMethod.java:56)
  at org.junit.internal.runners.statements.InvokeMethod.evaluate(InvokeMethod.java:17)
  at org.junit.runners.ParentRunner$3.evaluate(ParentRunner.java:306)
  at org.junit.runners.BlockJUnit4ClassRunner$1.evaluate(BlockJUnit4ClassRunner.java:100)
  at org.junit.runners.ParentRunner.runLeaf(ParentRunner.java:366)
  at org.junit.runners.BlockJUnit4ClassRunner.runChild(BlockJUnit4ClassRunner.java:103)
  at org.junit.runners.BlockJUnit4ClassRunner.runChild(BlockJUnit4ClassRunner.java:63)
  at org.junit.runners.ParentRunner$4.run(ParentRunner.java:331)
  at org.junit.runners.ParentRunner$1.schedule(ParentRunner.java:79)
  at org.junit.runners.ParentRunner.runChildren(ParentRunner.java:329)
  at org.junit.runners.ParentRunner.access$100(ParentRunner.java:66)
  at org.junit.runners.ParentRunner$2.evaluate(ParentRunner.java:293)
  at org.junit.runners.ParentRunner$3.evaluate(ParentRunner.java:306)
  at org.junit.runners.ParentRunner.run(ParentRunner.java:413)
  at org.junit.runner.JUnitCore.run(JUnitCore.java:137)
  at org.junit.runner.JUnitCore.run(JUnitCore.java:115)
  at org.gradle.api.internal.tasks.testing.junit.JUnitTestExecutor.runRequest(JUnitTestExecutor.java:175)
  at org.gradle.api.internal.tasks.testing.junit.JUnitTestExecutor.accept(JUnitTestExecutor.java:84)
  at org.gradle.api.internal.tasks.testing.junit.JUnitTestExecutor.accept(JUnitTestExecutor.java:47)
  at org.gradle.api.internal.tasks.testing.junit.AbstractJUnitTestDefinitionProcessor.processTestDefinition(AbstractJUnitTestDefinitionProcessor.java:65)
  at org.gradle.api.internal.tasks.testing.SuiteTestDefinitionProcessor.processTestDefinition(SuiteTestDefinitionProcessor.java:54)
  at java.base/jdk.internal.reflect.DirectMethodHandleAccessor.invoke(DirectMethodHandleAccessor.java:104)
  at java.base/java.lang.reflect.Method.invoke(Method.java:565)
  at org.gradle.internal.dispatch.MethodInvocation.invokeOn(MethodInvocation.java:77)
  at org.gradle.internal.dispatch.ReflectionDispatch.dispatch(ReflectionDispatch.java:28)
  at org.gradle.internal.dispatch.ReflectionDispatch.dispatch(ReflectionDispatch.java:19)
  at org.gradle.internal.dispatch.ContextClassLoaderDispatch.dispatch(ContextClassLoaderDispatch.java:33)
  at org.gradle.internal.dispatch.ProxyDispatchAdapter$DispatchingInvocationHandler.invoke(ProxyDispatchAdapter.java:88)
  at jdk.proxy1/jdk.proxy1.$Proxy4.processTestDefinition(Unknown Source)
  at org.gradle.api.internal.tasks.testing.worker.TestWorker$2.run(TestWorker.java:178)
  at org.gradle.api.internal.tasks.testing.worker.TestWorker.executeAndMaintainThreadName(TestWorker.java:126)
  at org.gradle.api.internal.tasks.testing.worker.TestWorker.execute(TestWorker.java:103)
  at org.gradle.api.internal.tasks.testing.worker.TestWorker.execute(TestWorker.java:63)
  at org.gradle.process.internal.worker.child.ActionExecutionWorker.execute(ActionExecutionWorker.java:56)
  at org.gradle.process.internal.worker.child.SystemApplicationClassLoaderWorker.call(SystemApplicationClassLoaderWorker.java:122)
  at org.gradle.process.internal.worker.child.SystemApplicationClassLoaderWorker.call(SystemApplicationClassLoaderWorker.java:72)
  at worker.org.gradle.process.internal.worker.GradleWorkerMain.run(GradleWorkerMain.java:69)
  at worker.org.gradle.process.internal.worker.GradleWorkerMain.main(GradleWorkerMain.java:74)
</stacktrace>
</test-failure>


TypeScriptCompilerTests_D[jvm] > derivedInterfaceCallSignature_ts has expected errors matching derivedInterfaceCallSignature_errors_txt[jvm] FAILED

<test-failure test="com.xemantic.typescript.compiler.TypeScriptCompilerTests_D.divergentAccessorsTypes6_ts has expected errors matching divergentAccessorsTypes6_errors_txt" platform="jvm">
<message>
Expected diagnostics from baseline typescript-repo/tests/baselines/reference/divergentAccessorsTypes6.errors.txt but none produced
</message>
<stacktrace>
  at com.xemantic.typescript.compiler.TypeScriptTestSupportKt.errorsMatchBaseline(TypeScriptTestSupport.kt:125)
  at com.xemantic.typescript.compiler.TypeScriptCompilerTests_D.divergentAccessorsTypes6_ts has expected errors matching divergentAccessorsTypes6_errors_txt(TypeScriptCompilerTests_D.kt:5558)
  at java.base/jdk.internal.reflect.DirectMethodHandleAccessor.invoke(DirectMethodHandleAccessor.java:104)
  at java.base/java.lang.reflect.Method.invoke(Method.java:565)
  at org.junit.runners.model.FrameworkMethod$1.runReflectiveCall(FrameworkMethod.java:59)
  at org.junit.internal.runners.model.ReflectiveCallable.run(ReflectiveCallable.java:12)
  at org.junit.runners.model.FrameworkMethod.invokeExplosively(FrameworkMethod.java:56)
  at org.junit.internal.runners.statements.InvokeMethod.evaluate(InvokeMethod.java:17)
  at org.junit.runners.ParentRunner$3.evaluate(ParentRunner.java:306)
  at org.junit.runners.BlockJUnit4ClassRunner$1.evaluate(BlockJUnit4ClassRunner.java:100)
  at org.junit.runners.ParentRunner.runLeaf(ParentRunner.java:366)
  at org.junit.runners.BlockJUnit4ClassRunner.runChild(BlockJUnit4ClassRunner.java:103)
  at org.junit.runners.BlockJUnit4ClassRunner.runChild(BlockJUnit4ClassRunner.java:63)
  at org.junit.runners.ParentRunner$4.run(ParentRunner.java:331)
  at org.junit.runners.ParentRunner$1.schedule(ParentRunner.java:79)
  at org.junit.runners.ParentRunner.runChildren(ParentRunner.java:329)
  at org.junit.runners.ParentRunner.access$100(ParentRunner.java:66)
  at org.junit.runners.ParentRunner$2.evaluate(ParentRunner.java:293)
  at org.junit.runners.ParentRunner$3.evaluate(ParentRunner.java:306)
  at org.junit.runners.ParentRunner.run(ParentRunner.java:413)
  at org.junit.runner.JUnitCore.run(JUnitCore.java:137)
  at org.junit.runner.JUnitCore.run(JUnitCore.java:115)
  at org.gradle.api.internal.tasks.testing.junit.JUnitTestExecutor.runRequest(JUnitTestExecutor.java:175)
  at org.gradle.api.internal.tasks.testing.junit.JUnitTestExecutor.accept(JUnitTestExecutor.java:84)
  at org.gradle.api.internal.tasks.testing.junit.JUnitTestExecutor.accept(JUnitTestExecutor.java:47)
  at org.gradle.api.internal.tasks.testing.junit.AbstractJUnitTestDefinitionProcessor.processTestDefinition(AbstractJUnitTestDefinitionProcessor.java:65)
  at org.gradle.api.internal.tasks.testing.SuiteTestDefinitionProcessor.processTestDefinition(SuiteTestDefinitionProcessor.java:54)
  at java.base/jdk.internal.reflect.DirectMethodHandleAccessor.invoke(DirectMethodHandleAccessor.java:104)
  at java.base/java.lang.reflect.Method.invoke(Method.java:565)
  at org.gradle.internal.dispatch.MethodInvocation.invokeOn(MethodInvocation.java:77)
  at org.gradle.internal.dispatch.ReflectionDispatch.dispatch(ReflectionDispatch.java:28)
  at org.gradle.internal.dispatch.ReflectionDispatch.dispatch(ReflectionDispatch.java:19)
  at org.gradle.internal.dispatch.ContextClassLoaderDispatch.dispatch(ContextClassLoaderDispatch.java:33)
  at org.gradle.internal.dispatch.ProxyDispatchAdapter$DispatchingInvocationHandler.invoke(ProxyDispatchAdapter.java:88)
  at jdk.proxy1/jdk.proxy1.$Proxy4.processTestDefinition(Unknown Source)
  at org.gradle.api.internal.tasks.testing.worker.TestWorker$2.run(TestWorker.java:178)
  at org.gradle.api.internal.tasks.testing.worker.TestWorker.executeAndMaintainThreadName(TestWorker.java:126)
  at org.gradle.api.internal.tasks.testing.worker.TestWorker.execute(TestWorker.java:103)
  at org.gradle.api.internal.tasks.testing.worker.TestWorker.execute(TestWorker.java:63)
  at org.gradle.process.internal.worker.child.ActionExecutionWorker.execute(ActionExecutionWorker.java:56)
  at org.gradle.process.internal.worker.child.SystemApplicationClassLoaderWorker.call(SystemApplicationClassLoaderWorker.java:122)
  at org.gradle.process.internal.worker.child.SystemApplicationClassLoaderWorker.call(SystemApplicationClassLoaderWorker.java:72)
  at worker.org.gradle.process.internal.worker.GradleWorkerMain.run(GradleWorkerMain.java:69)
  at worker.org.gradle.process.internal.worker.GradleWorkerMain.main(GradleWorkerMain.java:74)
</stacktrace>
</test-failure>


TypeScriptCompilerTests_D[jvm] > divergentAccessorsTypes6_ts has expected errors matching divergentAccessorsTypes6_errors_txt[jvm] FAILED

<test-failure test="com.xemantic.typescript.compiler.TypeScriptCompilerTests_D.decoratorMetadataWithImportDeclarationNameCollision7_ts__target_es5__has expected errors matching baseline" platform="jvm">
<message>
--- expected
+++ actual
@@ -1,6 +1,4 @@
 error TS5107: Option 'target=ES5' is deprecated and will stop functioning in TypeScript 7.0. Specify compilerOption '"ignoreDeprecations": "6.0"' to silence this error.
-service.ts(7,9): error TS2702: 'db' only refers to a type, but is being used as a namespace here.
-service.ts(9,21): error TS2702: 'db' only refers to a type, but is being used as a namespace here.
 
 
 !!! error TS5107: Option 'target=ES5' is deprecated and will stop functioning in TypeScript 7.0. Specify compilerOption '"ignoreDeprecations": "6.0"' to silence this error.
@@ -10,7 +8,7 @@
         }
     }
     
-==== service.ts (2 errors) ====
+==== service.ts (0 errors) ====
     import db from './db';
     function someDecorator(target) {
         return target;
@@ -18,12 +16,8 @@
     @someDecorator
     class MyClass {
         db: db.db; //error
-            ~~
-!!! error TS2702: 'db' only refers to a type, but is being used as a namespace here.
     
         constructor(db: db.db) { // error
-                        ~~
-!!! error TS2702: 'db' only refers to a type, but is being used as a namespace here.
             this.db = db;
             this.db.doSomething();
         }

</message>
<stacktrace>
  at org.junit.Assert.fail(Assert.java:89)
  at kotlin.test.junit.JUnitAsserter.fail(JUnitSupport.kt:56)
  at kotlin.test.AssertionsKt__AssertionsKt.fail(Assertions.kt:563)
  at kotlin.test.AssertionsKt.fail(Unknown Source)
  at com.xemantic.kotlin.test.SameAsKt.sameAs(SameAs.kt:52)
  at com.xemantic.typescript.compiler.TypeScriptTestSupportKt.errorsMatchBaseline(TypeScriptTestSupport.kt:135)
  at com.xemantic.typescript.compiler.TypeScriptCompilerTests_D.decoratorMetadataWithImportDeclarationNameCollision7_ts__target_es5__has expected errors matching baseline(TypeScriptCompilerTests_D.kt:3962)
  at java.base/jdk.internal.reflect.DirectMethodHandleAccessor.invoke(DirectMethodHandleAccessor.java:104)
  at java.base/java.lang.reflect.Method.invoke(Method.java:565)
  at org.junit.runners.model.FrameworkMethod$1.runReflectiveCall(FrameworkMethod.java:59)
  at org.junit.internal.runners.model.ReflectiveCallable.run(ReflectiveCallable.java:12)
  at org.junit.runners.model.FrameworkMethod.invokeExplosively(FrameworkMethod.java:56)
  at org.junit.internal.runners.statements.InvokeMethod.evaluate(InvokeMethod.java:17)
  at org.junit.runners.ParentRunner$3.evaluate(ParentRunner.java:306)
  at org.junit.runners.BlockJUnit4ClassRunner$1.evaluate(BlockJUnit4ClassRunner.java:100)
  at org.junit.runners.ParentRunner.runLeaf(ParentRunner.java:366)
  at org.junit.runners.BlockJUnit4ClassRunner.runChild(BlockJUnit4ClassRunner.java:103)
  at org.junit.runners.BlockJUnit4ClassRunner.runChild(BlockJUnit4ClassRunner.java:63)
  at org.junit.runners.ParentRunner$4.run(ParentRunner.java:331)
  at org.junit.runners.ParentRunner$1.schedule(ParentRunner.java:79)
  at org.junit.runners.ParentRunner.runChildren(ParentRunner.java:329)
  at org.junit.runners.ParentRunner.access$100(ParentRunner.java:66)
  at org.junit.runners.ParentRunner$2.evaluate(ParentRunner.java:293)
  at org.junit.runners.ParentRunner$3.evaluate(ParentRunner.java:306)
  at org.junit.runners.ParentRunner.run(ParentRunner.java:413)
  at org.junit.runner.JUnitCore.run(JUnitCore.java:137)
  at org.junit.runner.JUnitCore.run(JUnitCore.java:115)
  at org.gradle.api.internal.tasks.testing.junit.JUnitTestExecutor.runRequest(JUnitTestExecutor.java:175)
  at org.gradle.api.internal.tasks.testing.junit.JUnitTestExecutor.accept(JUnitTestExecutor.java:84)
  at org.gradle.api.internal.tasks.testing.junit.JUnitTestExecutor.accept(JUnitTestExecutor.java:47)
  at org.gradle.api.internal.tasks.testing.junit.AbstractJUnitTestDefinitionProcessor.processTestDefinition(AbstractJUnitTestDefinitionProcessor.java:65)
  at org.gradle.api.internal.tasks.testing.SuiteTestDefinitionProcessor.processTestDefinition(SuiteTestDefinitionProcessor.java:54)
  at java.base/jdk.internal.reflect.DirectMethodHandleAccessor.invoke(DirectMethodHandleAccessor.java:104)
  at java.base/java.lang.reflect.Method.invoke(Method.java:565)
  at org.gradle.internal.dispatch.MethodInvocation.invokeOn(MethodInvocation.java:77)
  at org.gradle.internal.dispatch.ReflectionDispatch.dispatch(ReflectionDispatch.java:28)
  at org.gradle.internal.dispatch.ReflectionDispatch.dispatch(ReflectionDispatch.java:19)
  at org.gradle.internal.dispatch.ContextClassLoaderDispatch.dispatch(ContextClassLoaderDispatch.java:33)
  at org.gradle.internal.dispatch.ProxyDispatchAdapter$DispatchingInvocationHandler.invoke(ProxyDispatchAdapter.java:88)
  at jdk.proxy1/jdk.proxy1.$Proxy4.processTestDefinition(Unknown Source)
  at org.gradle.api.internal.tasks.testing.worker.TestWorker$2.run(TestWorker.java:178)
  at org.gradle.api.internal.tasks.testing.worker.TestWorker.executeAndMaintainThreadName(TestWorker.java:126)
  at org.gradle.api.internal.tasks.testing.worker.TestWorker.execute(TestWorker.java:103)
  at org.gradle.api.internal.tasks.testing.worker.TestWorker.execute(TestWorker.java:63)
  at org.gradle.process.internal.worker.child.ActionExecutionWorker.execute(ActionExecutionWorker.java:56)
  at org.gradle.process.internal.worker.child.SystemApplicationClassLoaderWorker.call(SystemApplicationClassLoaderWorker.java:122)
  at org.gradle.process.internal.worker.child.SystemApplicationClassLoaderWorker.call(SystemApplicationClassLoaderWorker.java:72)
  at worker.org.gradle.process.internal.worker.GradleWorkerMain.run(GradleWorkerMain.java:69)
  at worker.org.gradle.process.internal.worker.GradleWorkerMain.main(GradleWorkerMain.java:74)
</stacktrace>
</test-failure>


TypeScriptCompilerTests_D[jvm] > decoratorMetadataWithImportDeclarationNameCollision7_ts__target_es5__has expected errors matching baseline[jvm] FAILED

<test-failure test="com.xemantic.typescript.compiler.TypeScriptCompilerTests_D.downlevelLetConst12_ts__target_es5__has expected errors matching baseline" platform="jvm">
<message>
--- expected
+++ actual
@@ -1,21 +1,15 @@
 error TS5107: Option 'target=ES5' is deprecated and will stop functioning in TypeScript 7.0. Specify compilerOption '"ignoreDeprecations": "6.0"' to silence this error.
-downlevelLetConst12.ts(6,6): error TS2493: Tuple type '[]' of length '0' has no element at index '0'.
-downlevelLetConst12.ts(9,8): error TS2493: Tuple type '[]' of length '0' has no element at index '0'.
 
 
 !!! error TS5107: Option 'target=ES5' is deprecated and will stop functioning in TypeScript 7.0. Specify compilerOption '"ignoreDeprecations": "6.0"' to silence this error.
-==== downlevelLetConst12.ts (2 errors) ====
+==== downlevelLetConst12.ts (0 errors) ====
     'use strict'
     // top level let\const should not be renamed
     let foo;
     const bar = 1;
     
     let [baz] = [];
-         ~~~
-!!! error TS2493: Tuple type '[]' of length '0' has no element at index '0'.
     let {a: baz2} = { a: 1 };
     
     const [baz3] = []
-           ~~~~
-!!! error TS2493: Tuple type '[]' of length '0' has no element at index '0'.
     const {a: baz4} = { a: 1 };

</message>
<stacktrace>
  at org.junit.Assert.fail(Assert.java:89)
  at kotlin.test.junit.JUnitAsserter.fail(JUnitSupport.kt:56)
  at kotlin.test.AssertionsKt__AssertionsKt.fail(Assertions.kt:563)
  at kotlin.test.AssertionsKt.fail(Unknown Source)
  at com.xemantic.kotlin.test.SameAsKt.sameAs(SameAs.kt:52)
  at com.xemantic.typescript.compiler.TypeScriptTestSupportKt.errorsMatchBaseline(TypeScriptTestSupport.kt:135)
  at com.xemantic.typescript.compiler.TypeScriptCompilerTests_D.downlevelLetConst12_ts__target_es5__has expected errors matching baseline(TypeScriptCompilerTests_D.kt:5957)
  at java.base/jdk.internal.reflect.DirectMethodHandleAccessor.invoke(DirectMethodHandleAccessor.java:104)
  at java.base/java.lang.reflect.Method.invoke(Method.java:565)
  at org.junit.runners.model.FrameworkMethod$1.runReflectiveCall(FrameworkMethod.java:59)
  at org.junit.internal.runners.model.ReflectiveCallable.run(ReflectiveCallable.java:12)
  at org.junit.runners.model.FrameworkMethod.invokeExplosively(FrameworkMethod.java:56)
  at org.junit.internal.runners.statements.InvokeMethod.evaluate(InvokeMethod.java:17)
  at org.junit.runners.ParentRunner$3.evaluate(ParentRunner.java:306)
  at org.junit.runners.BlockJUnit4ClassRunner$1.evaluate(BlockJUnit4ClassRunner.java:100)
  at org.junit.runners.ParentRunner.runLeaf(ParentRunner.java:366)
  at org.junit.runners.BlockJUnit4ClassRunner.runChild(BlockJUnit4ClassRunner.java:103)
  at org.junit.runners.BlockJUnit4ClassRunner.runChild(BlockJUnit4ClassRunner.java:63)
  at org.junit.runners.ParentRunner$4.run(ParentRunner.java:331)
  at org.junit.runners.ParentRunner$1.schedule(ParentRunner.java:79)
  at org.junit.runners.ParentRunner.runChildren(ParentRunner.java:329)
  at org.junit.runners.ParentRunner.access$100(ParentRunner.java:66)
  at org.junit.runners.ParentRunner$2.evaluate(ParentRunner.java:293)
  at org.junit.runners.ParentRunner$3.evaluate(ParentRunner.java:306)
  at org.junit.runners.ParentRunner.run(ParentRunner.java:413)
  at org.junit.runner.JUnitCore.run(JUnitCore.java:137)
  at org.junit.runner.JUnitCore.run(JUnitCore.java:115)
  at org.gradle.api.internal.tasks.testing.junit.JUnitTestExecutor.runRequest(JUnitTestExecutor.java:175)
  at org.gradle.api.internal.tasks.testing.junit.JUnitTestExecutor.accept(JUnitTestExecutor.java:84)
  at org.gradle.api.internal.tasks.testing.junit.JUnitTestExecutor.accept(JUnitTestExecutor.java:47)
  at org.gradle.api.internal.tasks.testing.junit.AbstractJUnitTestDefinitionProcessor.processTestDefinition(AbstractJUnitTestDefinitionProcessor.java:65)
  at org.gradle.api.internal.tasks.testing.SuiteTestDefinitionProcessor.processTestDefinition(SuiteTestDefinitionProcessor.java:54)
  at java.base/jdk.internal.reflect.DirectMethodHandleAccessor.invoke(DirectMethodHandleAccessor.java:104)
  at java.base/java.lang.reflect.Method.invoke(Method.java:565)
  at org.gradle.internal.dispatch.MethodInvocation.invokeOn(MethodInvocation.java:77)
  at org.gradle.internal.dispatch.ReflectionDispatch.dispatch(ReflectionDispatch.java:28)
  at org.gradle.internal.dispatch.ReflectionDispatch.dispatch(ReflectionDispatch.java:19)
  at org.gradle.internal.dispatch.ContextClassLoaderDispatch.dispatch(ContextClassLoaderDispatch.java:33)
  at org.gradle.internal.dispatch.ProxyDispatchAdapter$DispatchingInvocationHandler.invoke(ProxyDispatchAdapter.java:88)
  at jdk.proxy1/jdk.proxy1.$Proxy4.processTestDefinition(Unknown Source)
  at org.gradle.api.internal.tasks.testing.worker.TestWorker$2.run(TestWorker.java:178)
  at org.gradle.api.internal.tasks.testing.worker.TestWorker.executeAndMaintainThreadName(TestWorker.java:126)
  at org.gradle.api.internal.tasks.testing.worker.TestWorker.execute(TestWorker.java:103)
  at org.gradle.api.internal.tasks.testing.worker.TestWorker.execute(TestWorker.java:63)
  at org.gradle.process.internal.worker.child.ActionExecutionWorker.execute(ActionExecutionWorker.java:56)
  at org.gradle.process.internal.worker.child.SystemApplicationClassLoaderWorker.call(SystemApplicationClassLoaderWorker.java:122)
  at org.gradle.process.internal.worker.child.SystemApplicationClassLoaderWorker.call(SystemApplicationClassLoaderWorker.java:72)
  at worker.org.gradle.process.internal.worker.GradleWorkerMain.run(GradleWorkerMain.java:69)
  at worker.org.gradle.process.internal.worker.GradleWorkerMain.main(GradleWorkerMain.java:74)
</stacktrace>
</test-failure>


TypeScriptCompilerTests_D[jvm] > downlevelLetConst12_ts__target_es5__has expected errors matching baseline[jvm] FAILED

<test-failure test="com.xemantic.typescript.compiler.TypeScriptCompilerTests_D.derivedTypeIncompatibleSignatures_ts has expected errors matching derivedTypeIncompatibleSignatures_errors_txt" platform="jvm">
<message>
Expected diagnostics from baseline typescript-repo/tests/baselines/reference/derivedTypeIncompatibleSignatures.errors.txt but none produced
</message>
<stacktrace>
  at com.xemantic.typescript.compiler.TypeScriptTestSupportKt.errorsMatchBaseline(TypeScriptTestSupport.kt:125)
  at com.xemantic.typescript.compiler.TypeScriptCompilerTests_D.derivedTypeIncompatibleSignatures_ts has expected errors matching derivedTypeIncompatibleSignatures_errors_txt(TypeScriptCompilerTests_D.kt:4788)
  at java.base/jdk.internal.reflect.DirectMethodHandleAccessor.invoke(DirectMethodHandleAccessor.java:104)
  at java.base/java.lang.reflect.Method.invoke(Method.java:565)
  at org.junit.runners.model.FrameworkMethod$1.runReflectiveCall(FrameworkMethod.java:59)
  at org.junit.internal.runners.model.ReflectiveCallable.run(ReflectiveCallable.java:12)
  at org.junit.runners.model.FrameworkMethod.invokeExplosively(FrameworkMethod.java:56)
  at org.junit.internal.runners.statements.InvokeMethod.evaluate(InvokeMethod.java:17)
  at org.junit.runners.ParentRunner$3.evaluate(ParentRunner.java:306)
  at org.junit.runners.BlockJUnit4ClassRunner$1.evaluate(BlockJUnit4ClassRunner.java:100)
  at org.junit.runners.ParentRunner.runLeaf(ParentRunner.java:366)
  at org.junit.runners.BlockJUnit4ClassRunner.runChild(BlockJUnit4ClassRunner.java:103)
  at org.junit.runners.BlockJUnit4ClassRunner.runChild(BlockJUnit4ClassRunner.java:63)
  at org.junit.runners.ParentRunner$4.run(ParentRunner.java:331)
  at org.junit.runners.ParentRunner$1.schedule(ParentRunner.java:79)
  at org.junit.runners.ParentRunner.runChildren(ParentRunner.java:329)
  at org.junit.runners.ParentRunner.access$100(ParentRunner.java:66)
  at org.junit.runners.ParentRunner$2.evaluate(ParentRunner.java:293)
  at org.junit.runners.ParentRunner$3.evaluate(ParentRunner.java:306)
  at org.junit.runners.ParentRunner.run(ParentRunner.java:413)
  at org.junit.runner.JUnitCore.run(JUnitCore.java:137)
  at org.junit.runner.JUnitCore.run(JUnitCore.java:115)
  at org.gradle.api.internal.tasks.testing.junit.JUnitTestExecutor.runRequest(JUnitTestExecutor.java:175)
  at org.gradle.api.internal.tasks.testing.junit.JUnitTestExecutor.accept(JUnitTestExecutor.java:84)
  at org.gradle.api.internal.tasks.testing.junit.JUnitTestExecutor.accept(JUnitTestExecutor.java:47)
  at org.gradle.api.internal.tasks.testing.junit.AbstractJUnitTestDefinitionProcessor.processTestDefinition(AbstractJUnitTestDefinitionProcessor.java:65)
  at org.gradle.api.internal.tasks.testing.SuiteTestDefinitionProcessor.processTestDefinition(SuiteTestDefinitionProcessor.java:54)
  at java.base/jdk.internal.reflect.DirectMethodHandleAccessor.invoke(DirectMethodHandleAccessor.java:104)
  at java.base/java.lang.reflect.Method.invoke(Method.java:565)
  at org.gradle.internal.dispatch.MethodInvocation.invokeOn(MethodInvocation.java:77)
  at org.gradle.internal.dispatch.ReflectionDispatch.dispatch(ReflectionDispatch.java:28)
  at org.gradle.internal.dispatch.ReflectionDispatch.dispatch(ReflectionDispatch.java:19)
  at org.gradle.internal.dispatch.ContextClassLoaderDispatch.dispatch(ContextClassLoaderDispatch.java:33)
  at org.gradle.internal.dispatch.ProxyDispatchAdapter$DispatchingInvocationHandler.invoke(ProxyDispatchAdapter.java:88)
  at jdk.proxy1/jdk.proxy1.$Proxy4.processTestDefinition(Unknown Source)
  at org.gradle.api.internal.tasks.testing.worker.TestWorker$2.run(TestWorker.java:178)
  at org.gradle.api.internal.tasks.testing.worker.TestWorker.executeAndMaintainThreadName(TestWorker.java:126)
  at org.gradle.api.internal.tasks.testing.worker.TestWorker.execute(TestWorker.java:103)
  at org.gradle.api.internal.tasks.testing.worker.TestWorker.execute(TestWorker.java:63)
  at org.gradle.process.internal.worker.child.ActionExecutionWorker.execute(ActionExecutionWorker.java:56)
  at org.gradle.process.internal.worker.child.SystemApplicationClassLoaderWorker.call(SystemApplicationClassLoaderWorker.java:122)
  at org.gradle.process.internal.worker.child.SystemApplicationClassLoaderWorker.call(SystemApplicationClassLoaderWorker.java:72)
  at worker.org.gradle.process.internal.worker.GradleWorkerMain.run(GradleWorkerMain.java:69)
  at worker.org.gradle.process.internal.worker.GradleWorkerMain.main(GradleWorkerMain.java:74)
</stacktrace>
</test-failure>


TypeScriptCompilerTests_D[jvm] > derivedTypeIncompatibleSignatures_ts has expected errors matching derivedTypeIncompatibleSignatures_errors_txt[jvm] FAILED

<test-failure test="com.xemantic.typescript.compiler.TypeScriptCompilerTests_D.declarationEmitBundleWithAmbientReferences_ts compiles to JavaScript matching declarationEmitBundleWithAmbientReferences_js" platform="jvm">
<message>
--- expected
+++ actual
@@ -21,11 +21,11 @@
 
 
 //// [datastore.bundle.js]
-define("datastore_result", ["require", "exports"], function (require, exports) {
+define("src/datastore_result", ["require", "exports"], function (require, exports) {
     "use strict";
     Object.defineProperty(exports, "__esModule", { value: true });
 });
-define("conditional_directive_field", ["require", "exports"], function (require, exports) {
+define("src/conditional_directive_field", ["require", "exports"], function (require, exports) {
     "use strict";
     Object.defineProperty(exports, "__esModule", { value: true });
     exports.build = void 0;

</message>
<stacktrace>
  at org.junit.Assert.fail(Assert.java:89)
  at kotlin.test.junit.JUnitAsserter.fail(JUnitSupport.kt:56)
  at kotlin.test.AssertionsKt__AssertionsKt.fail(Assertions.kt:563)
  at kotlin.test.AssertionsKt.fail(Unknown Source)
  at com.xemantic.kotlin.test.SameAsKt.sameAs(SameAs.kt:52)
  at com.xemantic.typescript.compiler.TypeScriptTestSupportKt.sameAs(TypeScriptTestSupport.kt:99)
  at com.xemantic.typescript.compiler.TypeScriptCompilerTests_D.declarationEmitBundleWithAmbientReferences_ts compiles to JavaScript matching declarationEmitBundleWithAmbientReferences_js(TypeScriptCompilerTests_D.kt:1029)
  at java.base/jdk.internal.reflect.DirectMethodHandleAccessor.invoke(DirectMethodHandleAccessor.java:104)
  at java.base/java.lang.reflect.Method.invoke(Method.java:565)
  at org.junit.runners.model.FrameworkMethod$1.runReflectiveCall(FrameworkMethod.java:59)
  at org.junit.internal.runners.model.ReflectiveCallable.run(ReflectiveCallable.java:12)
  at org.junit.runners.model.FrameworkMethod.invokeExplosively(FrameworkMethod.java:56)
  at org.junit.internal.runners.statements.InvokeMethod.evaluate(InvokeMethod.java:17)
  at org.junit.runners.ParentRunner$3.evaluate(ParentRunner.java:306)
  at org.junit.runners.BlockJUnit4ClassRunner$1.evaluate(BlockJUnit4ClassRunner.java:100)
  at org.junit.runners.ParentRunner.runLeaf(ParentRunner.java:366)
  at org.junit.runners.BlockJUnit4ClassRunner.runChild(BlockJUnit4ClassRunner.java:103)
  at org.junit.runners.BlockJUnit4ClassRunner.runChild(BlockJUnit4ClassRunner.java:63)
  at org.junit.runners.ParentRunner$4.run(ParentRunner.java:331)
  at org.junit.runners.ParentRunner$1.schedule(ParentRunner.java:79)
  at org.junit.runners.ParentRunner.runChildren(ParentRunner.java:329)
  at org.junit.runners.ParentRunner.access$100(ParentRunner.java:66)
  at org.junit.runners.ParentRunner$2.evaluate(ParentRunner.java:293)
  at org.junit.runners.ParentRunner$3.evaluate(ParentRunner.java:306)
  at org.junit.runners.ParentRunner.run(ParentRunner.java:413)
  at org.junit.runner.JUnitCore.run(JUnitCore.java:137)
  at org.junit.runner.JUnitCore.run(JUnitCore.java:115)
  at org.gradle.api.internal.tasks.testing.junit.JUnitTestExecutor.runRequest(JUnitTestExecutor.java:175)
  at org.gradle.api.internal.tasks.testing.junit.JUnitTestExecutor.accept(JUnitTestExecutor.java:84)
  at org.gradle.api.internal.tasks.testing.junit.JUnitTestExecutor.accept(JUnitTestExecutor.java:47)
  at org.gradle.api.internal.tasks.testing.junit.AbstractJUnitTestDefinitionProcessor.processTestDefinition(AbstractJUnitTestDefinitionProcessor.java:65)
  at org.gradle.api.internal.tasks.testing.SuiteTestDefinitionProcessor.processTestDefinition(SuiteTestDefinitionProcessor.java:54)
  at java.base/jdk.internal.reflect.DirectMethodHandleAccessor.invoke(DirectMethodHandleAccessor.java:104)
  at java.base/java.lang.reflect.Method.invoke(Method.java:565)
  at org.gradle.internal.dispatch.MethodInvocation.invokeOn(MethodInvocation.java:77)
  at org.gradle.internal.dispatch.ReflectionDispatch.dispatch(ReflectionDispatch.java:28)
  at org.gradle.internal.dispatch.ReflectionDispatch.dispatch(ReflectionDispatch.java:19)
  at org.gradle.internal.dispatch.ContextClassLoaderDispatch.dispatch(ContextClassLoaderDispatch.java:33)
  at org.gradle.internal.dispatch.ProxyDispatchAdapter$DispatchingInvocationHandler.invoke(ProxyDispatchAdapter.java:88)
  at jdk.proxy1/jdk.proxy1.$Proxy4.processTestDefinition(Unknown Source)
  at org.gradle.api.internal.tasks.testing.worker.TestWorker$2.run(TestWorker.java:178)
  at org.gradle.api.internal.tasks.testing.worker.TestWorker.executeAndMaintainThreadName(TestWorker.java:126)
  at org.gradle.api.internal.tasks.testing.worker.TestWorker.execute(TestWorker.java:103)
  at org.gradle.api.internal.tasks.testing.worker.TestWorker.execute(TestWorker.java:63)
  at org.gradle.process.internal.worker.child.ActionExecutionWorker.execute(ActionExecutionWorker.java:56)
  at org.gradle.process.internal.worker.child.SystemApplicationClassLoaderWorker.call(SystemApplicationClassLoaderWorker.java:122)
  at org.gradle.process.internal.worker.child.SystemApplicationClassLoaderWorker.call(SystemApplicationClassLoaderWorker.java:72)
  at worker.org.gradle.process.internal.worker.GradleWorkerMain.run(GradleWorkerMain.java:69)
  at worker.org.gradle.process.internal.worker.GradleWorkerMain.main(GradleWorkerMain.java:74)
</stacktrace>
</test-failure>


TypeScriptCompilerTests_D[jvm] > declarationEmitBundleWithAmbientReferences_ts compiles to JavaScript matching declarationEmitBundleWithAmbientReferences_js[jvm] FAILED

<test-failure test="com.xemantic.typescript.compiler.TypeScriptCompilerTests_D.duplicateIdentifierRelatedSpans7_ts has expected errors matching duplicateIdentifierRelatedSpans7_errors_txt" platform="jvm">
<message>
Expected diagnostics from baseline typescript-repo/tests/baselines/reference/duplicateIdentifierRelatedSpans7.errors.txt but none produced
</message>
<stacktrace>
  at com.xemantic.typescript.compiler.TypeScriptTestSupportKt.errorsMatchBaseline(TypeScriptTestSupport.kt:125)
  at com.xemantic.typescript.compiler.TypeScriptCompilerTests_D.duplicateIdentifierRelatedSpans7_ts has expected errors matching duplicateIdentifierRelatedSpans7_errors_txt(TypeScriptCompilerTests_D.kt:6433)
  at java.base/jdk.internal.reflect.DirectMethodHandleAccessor.invoke(DirectMethodHandleAccessor.java:104)
  at java.base/java.lang.reflect.Method.invoke(Method.java:565)
  at org.junit.runners.model.FrameworkMethod$1.runReflectiveCall(FrameworkMethod.java:59)
  at org.junit.internal.runners.model.ReflectiveCallable.run(ReflectiveCallable.java:12)
  at org.junit.runners.model.FrameworkMethod.invokeExplosively(FrameworkMethod.java:56)
  at org.junit.internal.runners.statements.InvokeMethod.evaluate(InvokeMethod.java:17)
  at org.junit.runners.ParentRunner$3.evaluate(ParentRunner.java:306)
  at org.junit.runners.BlockJUnit4ClassRunner$1.evaluate(BlockJUnit4ClassRunner.java:100)
  at org.junit.runners.ParentRunner.runLeaf(ParentRunner.java:366)
  at org.junit.runners.BlockJUnit4ClassRunner.runChild(BlockJUnit4ClassRunner.java:103)
  at org.junit.runners.BlockJUnit4ClassRunner.runChild(BlockJUnit4ClassRunner.java:63)
  at org.junit.runners.ParentRunner$4.run(ParentRunner.java:331)
  at org.junit.runners.ParentRunner$1.schedule(ParentRunner.java:79)
  at org.junit.runners.ParentRunner.runChildren(ParentRunner.java:329)
  at org.junit.runners.ParentRunner.access$100(ParentRunner.java:66)
  at org.junit.runners.ParentRunner$2.evaluate(ParentRunner.java:293)
  at org.junit.runners.ParentRunner$3.evaluate(ParentRunner.java:306)
  at org.junit.runners.ParentRunner.run(ParentRunner.java:413)
  at org.junit.runner.JUnitCore.run(JUnitCore.java:137)
  at org.junit.runner.JUnitCore.run(JUnitCore.java:115)
  at org.gradle.api.internal.tasks.testing.junit.JUnitTestExecutor.runRequest(JUnitTestExecutor.java:175)
  at org.gradle.api.internal.tasks.testing.junit.JUnitTestExecutor.accept(JUnitTestExecutor.java:84)
  at org.gradle.api.internal.tasks.testing.junit.JUnitTestExecutor.accept(JUnitTestExecutor.java:47)
  at org.gradle.api.internal.tasks.testing.junit.AbstractJUnitTestDefinitionProcessor.processTestDefinition(AbstractJUnitTestDefinitionProcessor.java:65)
  at org.gradle.api.internal.tasks.testing.SuiteTestDefinitionProcessor.processTestDefinition(SuiteTestDefinitionProcessor.java:54)
  at java.base/jdk.internal.reflect.DirectMethodHandleAccessor.invoke(DirectMethodHandleAccessor.java:104)
  at java.base/java.lang.reflect.Method.invoke(Method.java:565)
  at org.gradle.internal.dispatch.MethodInvocation.invokeOn(MethodInvocation.java:77)
  at org.gradle.internal.dispatch.ReflectionDispatch.dispatch(ReflectionDispatch.java:28)
  at org.gradle.internal.dispatch.ReflectionDispatch.dispatch(ReflectionDispatch.java:19)
  at org.gradle.internal.dispatch.ContextClassLoaderDispatch.dispatch(ContextClassLoaderDispatch.java:33)
  at org.gradle.internal.dispatch.ProxyDispatchAdapter$DispatchingInvocationHandler.invoke(ProxyDispatchAdapter.java:88)
  at jdk.proxy1/jdk.proxy1.$Proxy4.processTestDefinition(Unknown Source)
  at org.gradle.api.internal.tasks.testing.worker.TestWorker$2.run(TestWorker.java:178)
  at org.gradle.api.internal.tasks.testing.worker.TestWorker.executeAndMaintainThreadName(TestWorker.java:126)
  at org.gradle.api.internal.tasks.testing.worker.TestWorker.execute(TestWorker.java:103)
  at org.gradle.api.internal.tasks.testing.worker.TestWorker.execute(TestWorker.java:63)
  at org.gradle.process.internal.worker.child.ActionExecutionWorker.execute(ActionExecutionWorker.java:56)
  at org.gradle.process.internal.worker.child.SystemApplicationClassLoaderWorker.call(SystemApplicationClassLoaderWorker.java:122)
  at org.gradle.process.internal.worker.child.SystemApplicationClassLoaderWorker.call(SystemApplicationClassLoaderWorker.java:72)
  at worker.org.gradle.process.internal.worker.GradleWorkerMain.run(GradleWorkerMain.java:69)
  at worker.org.gradle.process.internal.worker.GradleWorkerMain.main(GradleWorkerMain.java:74)
</stacktrace>
</test-failure>


TypeScriptCompilerTests_D[jvm] > duplicateIdentifierRelatedSpans7_ts has expected errors matching duplicateIdentifierRelatedSpans7_errors_txt[jvm] FAILED

<test-failure test="com.xemantic.typescript.compiler.TypeScriptCompilerTests_D.duplicateErrorNameNotFound_ts has expected errors matching duplicateErrorNameNotFound_errors_txt" platform="jvm">
<message>
Expected diagnostics from baseline typescript-repo/tests/baselines/reference/duplicateErrorNameNotFound.errors.txt but none produced
</message>
<stacktrace>
  at com.xemantic.typescript.compiler.TypeScriptTestSupportKt.errorsMatchBaseline(TypeScriptTestSupport.kt:125)
  at com.xemantic.typescript.compiler.TypeScriptCompilerTests_D.duplicateErrorNameNotFound_ts has expected errors matching duplicateErrorNameNotFound_errors_txt(TypeScriptCompilerTests_D.kt:6265)
  at java.base/jdk.internal.reflect.DirectMethodHandleAccessor.invoke(DirectMethodHandleAccessor.java:104)
  at java.base/java.lang.reflect.Method.invoke(Method.java:565)
  at org.junit.runners.model.FrameworkMethod$1.runReflectiveCall(FrameworkMethod.java:59)
  at org.junit.internal.runners.model.ReflectiveCallable.run(ReflectiveCallable.java:12)
  at org.junit.runners.model.FrameworkMethod.invokeExplosively(FrameworkMethod.java:56)
  at org.junit.internal.runners.statements.InvokeMethod.evaluate(InvokeMethod.java:17)
  at org.junit.runners.ParentRunner$3.evaluate(ParentRunner.java:306)
  at org.junit.runners.BlockJUnit4ClassRunner$1.evaluate(BlockJUnit4ClassRunner.java:100)
  at org.junit.runners.ParentRunner.runLeaf(ParentRunner.java:366)
  at org.junit.runners.BlockJUnit4ClassRunner.runChild(BlockJUnit4ClassRunner.java:103)
  at org.junit.runners.BlockJUnit4ClassRunner.runChild(BlockJUnit4ClassRunner.java:63)
  at org.junit.runners.ParentRunner$4.run(ParentRunner.java:331)
  at org.junit.runners.ParentRunner$1.schedule(ParentRunner.java:79)
  at org.junit.runners.ParentRunner.runChildren(ParentRunner.java:329)
  at org.junit.runners.ParentRunner.access$100(ParentRunner.java:66)
  at org.junit.runners.ParentRunner$2.evaluate(ParentRunner.java:293)
  at org.junit.runners.ParentRunner$3.evaluate(ParentRunner.java:306)
  at org.junit.runners.ParentRunner.run(ParentRunner.java:413)
  at org.junit.runner.JUnitCore.run(JUnitCore.java:137)
  at org.junit.runner.JUnitCore.run(JUnitCore.java:115)
  at org.gradle.api.internal.tasks.testing.junit.JUnitTestExecutor.runRequest(JUnitTestExecutor.java:175)
  at org.gradle.api.internal.tasks.testing.junit.JUnitTestExecutor.accept(JUnitTestExecutor.java:84)
  at org.gradle.api.internal.tasks.testing.junit.JUnitTestExecutor.accept(JUnitTestExecutor.java:47)
  at org.gradle.api.internal.tasks.testing.junit.AbstractJUnitTestDefinitionProcessor.processTestDefinition(AbstractJUnitTestDefinitionProcessor.java:65)
  at org.gradle.api.internal.tasks.testing.SuiteTestDefinitionProcessor.processTestDefinition(SuiteTestDefinitionProcessor.java:54)
  at java.base/jdk.internal.reflect.DirectMethodHandleAccessor.invoke(DirectMethodHandleAccessor.java:104)
  at java.base/java.lang.reflect.Method.invoke(Method.java:565)
  at org.gradle.internal.dispatch.MethodInvocation.invokeOn(MethodInvocation.java:77)
  at org.gradle.internal.dispatch.ReflectionDispatch.dispatch(ReflectionDispatch.java:28)
  at org.gradle.internal.dispatch.ReflectionDispatch.dispatch(ReflectionDispatch.java:19)
  at org.gradle.internal.dispatch.ContextClassLoaderDispatch.dispatch(ContextClassLoaderDispatch.java:33)
  at org.gradle.internal.dispatch.ProxyDispatchAdapter$DispatchingInvocationHandler.invoke(ProxyDispatchAdapter.java:88)
  at jdk.proxy1/jdk.proxy1.$Proxy4.processTestDefinition(Unknown Source)
  at org.gradle.api.internal.tasks.testing.worker.TestWorker$2.run(TestWorker.java:178)
  at org.gradle.api.internal.tasks.testing.worker.TestWorker.executeAndMaintainThreadName(TestWorker.java:126)
  at org.gradle.api.internal.tasks.testing.worker.TestWorker.execute(TestWorker.java:103)
  at org.gradle.api.internal.tasks.testing.worker.TestWorker.execute(TestWorker.java:63)
  at org.gradle.process.internal.worker.child.ActionExecutionWorker.execute(ActionExecutionWorker.java:56)
  at org.gradle.process.internal.worker.child.SystemApplicationClassLoaderWorker.call(SystemApplicationClassLoaderWorker.java:122)
  at org.gradle.process.internal.worker.child.SystemApplicationClassLoaderWorker.call(SystemApplicationClassLoaderWorker.java:72)
  at worker.org.gradle.process.internal.worker.GradleWorkerMain.run(GradleWorkerMain.java:69)
  at worker.org.gradle.process.internal.worker.GradleWorkerMain.main(GradleWorkerMain.java:74)
</stacktrace>
</test-failure>


TypeScriptCompilerTests_D[jvm] > duplicateErrorNameNotFound_ts has expected errors matching duplicateErrorNameNotFound_errors_txt[jvm] FAILED

<test-failure test="com.xemantic.typescript.compiler.TypeScriptCompilerTests_D.destructuringTuple_ts has expected errors matching destructuringTuple_errors_txt" platform="jvm">
<message>
Expected diagnostics from baseline typescript-repo/tests/baselines/reference/destructuringTuple.errors.txt but none produced
</message>
<stacktrace>
  at com.xemantic.typescript.compiler.TypeScriptTestSupportKt.errorsMatchBaseline(TypeScriptTestSupport.kt:125)
  at com.xemantic.typescript.compiler.TypeScriptCompilerTests_D.destructuringTuple_ts has expected errors matching destructuringTuple_errors_txt(TypeScriptCompilerTests_D.kt:5138)
  at java.base/jdk.internal.reflect.DirectMethodHandleAccessor.invoke(DirectMethodHandleAccessor.java:104)
  at java.base/java.lang.reflect.Method.invoke(Method.java:565)
  at org.junit.runners.model.FrameworkMethod$1.runReflectiveCall(FrameworkMethod.java:59)
  at org.junit.internal.runners.model.ReflectiveCallable.run(ReflectiveCallable.java:12)
  at org.junit.runners.model.FrameworkMethod.invokeExplosively(FrameworkMethod.java:56)
  at org.junit.internal.runners.statements.InvokeMethod.evaluate(InvokeMethod.java:17)
  at org.junit.runners.ParentRunner$3.evaluate(ParentRunner.java:306)
  at org.junit.runners.BlockJUnit4ClassRunner$1.evaluate(BlockJUnit4ClassRunner.java:100)
  at org.junit.runners.ParentRunner.runLeaf(ParentRunner.java:366)
  at org.junit.runners.BlockJUnit4ClassRunner.runChild(BlockJUnit4ClassRunner.java:103)
  at org.junit.runners.BlockJUnit4ClassRunner.runChild(BlockJUnit4ClassRunner.java:63)
  at org.junit.runners.ParentRunner$4.run(ParentRunner.java:331)
  at org.junit.runners.ParentRunner$1.schedule(ParentRunner.java:79)
  at org.junit.runners.ParentRunner.runChildren(ParentRunner.java:329)
  at org.junit.runners.ParentRunner.access$100(ParentRunner.java:66)
  at org.junit.runners.ParentRunner$2.evaluate(ParentRunner.java:293)
  at org.junit.runners.ParentRunner$3.evaluate(ParentRunner.java:306)
  at org.junit.runners.ParentRunner.run(ParentRunner.java:413)
  at org.junit.runner.JUnitCore.run(JUnitCore.java:137)
  at org.junit.runner.JUnitCore.run(JUnitCore.java:115)
  at org.gradle.api.internal.tasks.testing.junit.JUnitTestExecutor.runRequest(JUnitTestExecutor.java:175)
  at org.gradle.api.internal.tasks.testing.junit.JUnitTestExecutor.accept(JUnitTestExecutor.java:84)
  at org.gradle.api.internal.tasks.testing.junit.JUnitTestExecutor.accept(JUnitTestExecutor.java:47)
  at org.gradle.api.internal.tasks.testing.junit.AbstractJUnitTestDefinitionProcessor.processTestDefinition(AbstractJUnitTestDefinitionProcessor.java:65)
  at org.gradle.api.internal.tasks.testing.SuiteTestDefinitionProcessor.processTestDefinition(SuiteTestDefinitionProcessor.java:54)
  at java.base/jdk.internal.reflect.DirectMethodHandleAccessor.invoke(DirectMethodHandleAccessor.java:104)
  at java.base/java.lang.reflect.Method.invoke(Method.java:565)
  at org.gradle.internal.dispatch.MethodInvocation.invokeOn(MethodInvocation.java:77)
  at org.gradle.internal.dispatch.ReflectionDispatch.dispatch(ReflectionDispatch.java:28)
  at org.gradle.internal.dispatch.ReflectionDispatch.dispatch(ReflectionDispatch.java:19)
  at org.gradle.internal.dispatch.ContextClassLoaderDispatch.dispatch(ContextClassLoaderDispatch.java:33)
  at org.gradle.internal.dispatch.ProxyDispatchAdapter$DispatchingInvocationHandler.invoke(ProxyDispatchAdapter.java:88)
  at jdk.proxy1/jdk.proxy1.$Proxy4.processTestDefinition(Unknown Source)
  at org.gradle.api.internal.tasks.testing.worker.TestWorker$2.run(TestWorker.java:178)
  at org.gradle.api.internal.tasks.testing.worker.TestWorker.executeAndMaintainThreadName(TestWorker.java:126)
  at org.gradle.api.internal.tasks.testing.worker.TestWorker.execute(TestWorker.java:103)
  at org.gradle.api.internal.tasks.testing.worker.TestWorker.execute(TestWorker.java:63)
  at org.gradle.process.internal.worker.child.ActionExecutionWorker.execute(ActionExecutionWorker.java:56)
  at org.gradle.process.internal.worker.child.SystemApplicationClassLoaderWorker.call(SystemApplicationClassLoaderWorker.java:122)
  at org.gradle.process.internal.worker.child.SystemApplicationClassLoaderWorker.call(SystemApplicationClassLoaderWorker.java:72)
  at worker.org.gradle.process.internal.worker.GradleWorkerMain.run(GradleWorkerMain.java:69)
  at worker.org.gradle.process.internal.worker.GradleWorkerMain.main(GradleWorkerMain.java:74)
</stacktrace>
</test-failure>


TypeScriptCompilerTests_D[jvm] > destructuringTuple_ts has expected errors matching destructuringTuple_errors_txt[jvm] FAILED

<test-failure test="com.xemantic.typescript.compiler.TypeScriptCompilerTests_D.destructuringControlFlowNoCrash_ts compiles to JavaScript matching destructuringControlFlowNoCrash_js" platform="jvm">
<message>
--- expected
+++ actual
@@ -34,7 +34,9 @@
 const { date, } = (inspectedElement) => 0;
 date.toISOString();
 // Working flow code
-const { date2, } = (inspectedElement) => , props;
+const { date2, } = (inspectedElement);
+any;
+.props;
 date2.toISOString();
 // It could also be an async function
 const { constructor } = () => __awaiter(void 0, void 0, void 0, function* () { });

</message>
<stacktrace>
  at org.junit.Assert.fail(Assert.java:89)
  at kotlin.test.junit.JUnitAsserter.fail(JUnitSupport.kt:56)
  at kotlin.test.AssertionsKt__AssertionsKt.fail(Assertions.kt:563)
  at kotlin.test.AssertionsKt.fail(Unknown Source)
  at com.xemantic.kotlin.test.SameAsKt.sameAs(SameAs.kt:52)
  at com.xemantic.typescript.compiler.TypeScriptTestSupportKt.sameAs(TypeScriptTestSupport.kt:99)
  at com.xemantic.typescript.compiler.TypeScriptCompilerTests_D.destructuringControlFlowNoCrash_ts compiles to JavaScript matching destructuringControlFlowNoCrash_js(TypeScriptCompilerTests_D.kt:4984)
  at java.base/jdk.internal.reflect.DirectMethodHandleAccessor.invoke(DirectMethodHandleAccessor.java:104)
  at java.base/java.lang.reflect.Method.invoke(Method.java:565)
  at org.junit.runners.model.FrameworkMethod$1.runReflectiveCall(FrameworkMethod.java:59)
  at org.junit.internal.runners.model.ReflectiveCallable.run(ReflectiveCallable.java:12)
  at org.junit.runners.model.FrameworkMethod.invokeExplosively(FrameworkMethod.java:56)
  at org.junit.internal.runners.statements.InvokeMethod.evaluate(InvokeMethod.java:17)
  at org.junit.runners.ParentRunner$3.evaluate(ParentRunner.java:306)
  at org.junit.runners.BlockJUnit4ClassRunner$1.evaluate(BlockJUnit4ClassRunner.java:100)
  at org.junit.runners.ParentRunner.runLeaf(ParentRunner.java:366)
  at org.junit.runners.BlockJUnit4ClassRunner.runChild(BlockJUnit4ClassRunner.java:103)
  at org.junit.runners.BlockJUnit4ClassRunner.runChild(BlockJUnit4ClassRunner.java:63)
  at org.junit.runners.ParentRunner$4.run(ParentRunner.java:331)
  at org.junit.runners.ParentRunner$1.schedule(ParentRunner.java:79)
  at org.junit.runners.ParentRunner.runChildren(ParentRunner.java:329)
  at org.junit.runners.ParentRunner.access$100(ParentRunner.java:66)
  at org.junit.runners.ParentRunner$2.evaluate(ParentRunner.java:293)
  at org.junit.runners.ParentRunner$3.evaluate(ParentRunner.java:306)
  at org.junit.runners.ParentRunner.run(ParentRunner.java:413)
  at org.junit.runner.JUnitCore.run(JUnitCore.java:137)
  at org.junit.runner.JUnitCore.run(JUnitCore.java:115)
  at org.gradle.api.internal.tasks.testing.junit.JUnitTestExecutor.runRequest(JUnitTestExecutor.java:175)
  at org.gradle.api.internal.tasks.testing.junit.JUnitTestExecutor.accept(JUnitTestExecutor.java:84)
  at org.gradle.api.internal.tasks.testing.junit.JUnitTestExecutor.accept(JUnitTestExecutor.java:47)
  at org.gradle.api.internal.tasks.testing.junit.AbstractJUnitTestDefinitionProcessor.processTestDefinition(AbstractJUnitTestDefinitionProcessor.java:65)
  at org.gradle.api.internal.tasks.testing.SuiteTestDefinitionProcessor.processTestDefinition(SuiteTestDefinitionProcessor.java:54)
  at java.base/jdk.internal.reflect.DirectMethodHandleAccessor.invoke(DirectMethodHandleAccessor.java:104)
  at java.base/java.lang.reflect.Method.invoke(Method.java:565)
  at org.gradle.internal.dispatch.MethodInvocation.invokeOn(MethodInvocation.java:77)
  at org.gradle.internal.dispatch.ReflectionDispatch.dispatch(ReflectionDispatch.java:28)
  at org.gradle.internal.dispatch.ReflectionDispatch.dispatch(ReflectionDispatch.java:19)
  at org.gradle.internal.dispatch.ContextClassLoaderDispatch.dispatch(ContextClassLoaderDispatch.java:33)
  at org.gradle.internal.dispatch.ProxyDispatchAdapter$DispatchingInvocationHandler.invoke(ProxyDispatchAdapter.java:88)
  at jdk.proxy1/jdk.proxy1.$Proxy4.processTestDefinition(Unknown Source)
  at org.gradle.api.internal.tasks.testing.worker.TestWorker$2.run(TestWorker.java:178)
  at org.gradle.api.internal.tasks.testing.worker.TestWorker.executeAndMaintainThreadName(TestWorker.java:126)
  at org.gradle.api.internal.tasks.testing.worker.TestWorker.execute(TestWorker.java:103)
  at org.gradle.api.internal.tasks.testing.worker.TestWorker.execute(TestWorker.java:63)
  at org.gradle.process.internal.worker.child.ActionExecutionWorker.execute(ActionExecutionWorker.java:56)
  at org.gradle.process.internal.worker.child.SystemApplicationClassLoaderWorker.call(SystemApplicationClassLoaderWorker.java:122)
  at org.gradle.process.internal.worker.child.SystemApplicationClassLoaderWorker.call(SystemApplicationClassLoaderWorker.java:72)
  at worker.org.gradle.process.internal.worker.GradleWorkerMain.run(GradleWorkerMain.java:69)
  at worker.org.gradle.process.internal.worker.GradleWorkerMain.main(GradleWorkerMain.java:74)
</stacktrace>
</test-failure>


TypeScriptCompilerTests_D[jvm] > destructuringControlFlowNoCrash_ts compiles to JavaScript matching destructuringControlFlowNoCrash_js[jvm] FAILED

<test-failure test="com.xemantic.typescript.compiler.TypeScriptCompilerTests_D.duplicateIdentifierEnum_ts has expected errors matching duplicateIdentifierEnum_errors_txt" platform="jvm">
<message>
--- expected
+++ actual
@@ -5,14 +5,10 @@
 duplicateIdentifierEnum_A.ts(11,12): error TS2567: Enum declarations can only merge with namespace or other enum declarations.
 duplicateIdentifierEnum_A.ts(15,12): error TS2567: Enum declarations can only merge with namespace or other enum declarations.
 duplicateIdentifierEnum_A.ts(18,10): error TS2567: Enum declarations can only merge with namespace or other enum declarations.
-duplicateIdentifierEnum_A.ts(22,6): error TS2567: Enum declarations can only merge with namespace or other enum declarations.
-duplicateIdentifierEnum_A.ts(25,7): error TS2567: Enum declarations can only merge with namespace or other enum declarations.
 duplicateIdentifierEnum_A.ts(26,5): error TS2564: Property 'foo' has no initializer and is not definitely assigned in the constructor.
-duplicateIdentifierEnum_B.ts(1,10): error TS2567: Enum declarations can only merge with namespace or other enum declarations.
-duplicateIdentifierEnum_B.ts(4,6): error TS2567: Enum declarations can only merge with namespace or other enum declarations.
 
 
-==== duplicateIdentifierEnum_A.ts (10 errors) ====
+==== duplicateIdentifierEnum_A.ts (8 errors) ====
     enum A {
          ~
 !!! error TS2567: Enum declarations can only merge with namespace or other enum declarations.
@@ -49,30 +45,18 @@
     }
     
     enum D {
-         ~
-!!! error TS2567: Enum declarations can only merge with namespace or other enum declarations.
-!!! related TS6203 duplicateIdentifierEnum_B.ts:1:10: 'D' was also declared here.
         bar
     }
     class E {
-          ~
-!!! error TS2567: Enum declarations can only merge with namespace or other enum declarations.
-!!! related TS6203 duplicateIdentifierEnum_B.ts:4:6: 'E' was also declared here.
         foo: number;
         ~~~
 !!! error TS2564: Property 'foo' has no initializer and is not definitely assigned in the constructor.
     }
     // also make sure the error appears when trying to merge an enum in a separate file.
-==== duplicateIdentifierEnum_B.ts (2 errors) ====
+==== duplicateIdentifierEnum_B.ts (0 errors) ====
     function D() {
-             ~
-!!! error TS2567: Enum declarations can only merge with namespace or other enum declarations.
-!!! related TS6203 duplicateIdentifierEnum_A.ts:22:6: 'D' was also declared here.
         return 0;
     }
     enum E {
-         ~
-!!! error TS2567: Enum declarations can only merge with namespace or other enum declarations.
-!!! related TS6203 duplicateIdentifierEnum_A.ts:25:7: 'E' was also declared here.
         bar
     }

</message>
<stacktrace>
  at org.junit.Assert.fail(Assert.java:89)
  at kotlin.test.junit.JUnitAsserter.fail(JUnitSupport.kt:56)
  at kotlin.test.AssertionsKt__AssertionsKt.fail(Assertions.kt:563)
  at kotlin.test.AssertionsKt.fail(Unknown Source)
  at com.xemantic.kotlin.test.SameAsKt.sameAs(SameAs.kt:52)
  at com.xemantic.typescript.compiler.TypeScriptTestSupportKt.errorsMatchBaseline(TypeScriptTestSupport.kt:135)
  at com.xemantic.typescript.compiler.TypeScriptCompilerTests_D.duplicateIdentifierEnum_ts has expected errors matching duplicateIdentifierEnum_errors_txt(TypeScriptCompilerTests_D.kt:6321)
  at java.base/jdk.internal.reflect.DirectMethodHandleAccessor.invoke(DirectMethodHandleAccessor.java:104)
  at java.base/java.lang.reflect.Method.invoke(Method.java:565)
  at org.junit.runners.model.FrameworkMethod$1.runReflectiveCall(FrameworkMethod.java:59)
  at org.junit.internal.runners.model.ReflectiveCallable.run(ReflectiveCallable.java:12)
  at org.junit.runners.model.FrameworkMethod.invokeExplosively(FrameworkMethod.java:56)
  at org.junit.internal.runners.statements.InvokeMethod.evaluate(InvokeMethod.java:17)
  at org.junit.runners.ParentRunner$3.evaluate(ParentRunner.java:306)
  at org.junit.runners.BlockJUnit4ClassRunner$1.evaluate(BlockJUnit4ClassRunner.java:100)
  at org.junit.runners.ParentRunner.runLeaf(ParentRunner.java:366)
  at org.junit.runners.BlockJUnit4ClassRunner.runChild(BlockJUnit4ClassRunner.java:103)
  at org.junit.runners.BlockJUnit4ClassRunner.runChild(BlockJUnit4ClassRunner.java:63)
  at org.junit.runners.ParentRunner$4.run(ParentRunner.java:331)
  at org.junit.runners.ParentRunner$1.schedule(ParentRunner.java:79)
  at org.junit.runners.ParentRunner.runChildren(ParentRunner.java:329)
  at org.junit.runners.ParentRunner.access$100(ParentRunner.java:66)
  at org.junit.runners.ParentRunner$2.evaluate(ParentRunner.java:293)
  at org.junit.runners.ParentRunner$3.evaluate(ParentRunner.java:306)
  at org.junit.runners.ParentRunner.run(ParentRunner.java:413)
  at org.junit.runner.JUnitCore.run(JUnitCore.java:137)
  at org.junit.runner.JUnitCore.run(JUnitCore.java:115)
  at org.gradle.api.internal.tasks.testing.junit.JUnitTestExecutor.runRequest(JUnitTestExecutor.java:175)
  at org.gradle.api.internal.tasks.testing.junit.JUnitTestExecutor.accept(JUnitTestExecutor.java:84)
  at org.gradle.api.internal.tasks.testing.junit.JUnitTestExecutor.accept(JUnitTestExecutor.java:47)
  at org.gradle.api.internal.tasks.testing.junit.AbstractJUnitTestDefinitionProcessor.processTestDefinition(AbstractJUnitTestDefinitionProcessor.java:65)
  at org.gradle.api.internal.tasks.testing.SuiteTestDefinitionProcessor.processTestDefinition(SuiteTestDefinitionProcessor.java:54)
  at java.base/jdk.internal.reflect.DirectMethodHandleAccessor.invoke(DirectMethodHandleAccessor.java:104)
  at java.base/java.lang.reflect.Method.invoke(Method.java:565)
  at org.gradle.internal.dispatch.MethodInvocation.invokeOn(MethodInvocation.java:77)
  at org.gradle.internal.dispatch.ReflectionDispatch.dispatch(ReflectionDispatch.java:28)
  at org.gradle.internal.dispatch.ReflectionDispatch.dispatch(ReflectionDispatch.java:19)
  at org.gradle.internal.dispatch.ContextClassLoaderDispatch.dispatch(ContextClassLoaderDispatch.java:33)
  at org.gradle.internal.dispatch.ProxyDispatchAdapter$DispatchingInvocationHandler.invoke(ProxyDispatchAdapter.java:88)
  at jdk.proxy1/jdk.proxy1.$Proxy4.processTestDefinition(Unknown Source)
  at org.gradle.api.internal.tasks.testing.worker.TestWorker$2.run(TestWorker.java:178)
  at org.gradle.api.internal.tasks.testing.worker.TestWorker.executeAndMaintainThreadName(TestWorker.java:126)
  at org.gradle.api.internal.tasks.testing.worker.TestWorker.execute(TestWorker.java:103)
  at org.gradle.api.internal.tasks.testing.worker.TestWorker.execute(TestWorker.java:63)
  at org.gradle.process.internal.worker.child.ActionExecutionWorker.execute(ActionExecutionWorker.java:56)
  at org.gradle.process.internal.worker.child.SystemApplicationClassLoaderWorker.call(SystemApplicationClassLoaderWorker.java:122)
  at org.gradle.process.internal.worker.child.SystemApplicationClassLoaderWorker.call(SystemApplicationClassLoaderWorker.java:72)
  at worker.org.gradle.process.internal.worker.GradleWorkerMain.run(GradleWorkerMain.java:69)
  at worker.org.gradle.process.internal.worker.GradleWorkerMain.main(GradleWorkerMain.java:74)
</stacktrace>
</test-failure>


TypeScriptCompilerTests_D[jvm] > duplicateIdentifierEnum_ts has expected errors matching duplicateIdentifierEnum_errors_txt[jvm] FAILED

<test-failure test="com.xemantic.typescript.compiler.TypeScriptCompilerTests_D.deleteExpressionMustBeOptional_exactOptionalPropertyTypes_ts__exactoptionalpropertytypes_false__has expected errors matching baseline" platform="jvm">
<message>
--- expected
+++ actual
@@ -1,10 +1,7 @@
-deleteExpressionMustBeOptional_exactOptionalPropertyTypes.ts(26,8): error TS2790: The operand of a 'delete' operator must be optional.
-deleteExpressionMustBeOptional_exactOptionalPropertyTypes.ts(28,8): error TS2790: The operand of a 'delete' operator must be optional.
 deleteExpressionMustBeOptional_exactOptionalPropertyTypes.ts(35,10): error TS2339: Property 'j' does not exist on type 'Foo'.
-deleteExpressionMustBeOptional_exactOptionalPropertyTypes.ts(46,10): error TS2339: Property 'j' does not exist on type 'Partial<Foo>'.
 
 
-==== deleteExpressionMustBeOptional_exactOptionalPropertyTypes.ts (4 errors) ====
+==== deleteExpressionMustBeOptional_exactOptionalPropertyTypes.ts (1 errors) ====
     interface Foo {
         a: number
         b: number | undefined
@@ -31,12 +28,8 @@
     declare const b: BB
     
     delete f.a
-           ~~~
-!!! error TS2790: The operand of a 'delete' operator must be optional.
     delete f.b
     delete f.c
-           ~~~
-!!! error TS2790: The operand of a 'delete' operator must be optional.
     delete f.d
     delete f.e
     delete f.f
@@ -57,8 +50,6 @@
     delete g.h
     delete g.i
     delete g.j
-             ~
-!!! error TS2339: Property 'j' does not exist on type 'Partial<Foo>'.
     
     delete a.a
     delete a.b

</message>
<stacktrace>
  at org.junit.Assert.fail(Assert.java:89)
  at kotlin.test.junit.JUnitAsserter.fail(JUnitSupport.kt:56)
  at kotlin.test.AssertionsKt__AssertionsKt.fail(Assertions.kt:563)
  at kotlin.test.AssertionsKt.fail(Unknown Source)
  at com.xemantic.kotlin.test.SameAsKt.sameAs(SameAs.kt:52)
  at com.xemantic.typescript.compiler.TypeScriptTestSupportKt.errorsMatchBaseline(TypeScriptTestSupport.kt:135)
  at com.xemantic.typescript.compiler.TypeScriptCompilerTests_D.deleteExpressionMustBeOptional_exactOptionalPropertyTypes_ts__exactoptionalpropertytypes_false__has expected errors matching baseline(TypeScriptCompilerTests_D.kt:4536)
  at java.base/jdk.internal.reflect.DirectMethodHandleAccessor.invoke(DirectMethodHandleAccessor.java:104)
  at java.base/java.lang.reflect.Method.invoke(Method.java:565)
  at org.junit.runners.model.FrameworkMethod$1.runReflectiveCall(FrameworkMethod.java:59)
  at org.junit.internal.runners.model.ReflectiveCallable.run(ReflectiveCallable.java:12)
  at org.junit.runners.model.FrameworkMethod.invokeExplosively(FrameworkMethod.java:56)
  at org.junit.internal.runners.statements.InvokeMethod.evaluate(InvokeMethod.java:17)
  at org.junit.runners.ParentRunner$3.evaluate(ParentRunner.java:306)
  at org.junit.runners.BlockJUnit4ClassRunner$1.evaluate(BlockJUnit4ClassRunner.java:100)
  at org.junit.runners.ParentRunner.runLeaf(ParentRunner.java:366)
  at org.junit.runners.BlockJUnit4ClassRunner.runChild(BlockJUnit4ClassRunner.java:103)
  at org.junit.runners.BlockJUnit4ClassRunner.runChild(BlockJUnit4ClassRunner.java:63)
  at org.junit.runners.ParentRunner$4.run(ParentRunner.java:331)
  at org.junit.runners.ParentRunner$1.schedule(ParentRunner.java:79)
  at org.junit.runners.ParentRunner.runChildren(ParentRunner.java:329)
  at org.junit.runners.ParentRunner.access$100(ParentRunner.java:66)
  at org.junit.runners.ParentRunner$2.evaluate(ParentRunner.java:293)
  at org.junit.runners.ParentRunner$3.evaluate(ParentRunner.java:306)
  at org.junit.runners.ParentRunner.run(ParentRunner.java:413)
  at org.junit.runner.JUnitCore.run(JUnitCore.java:137)
  at org.junit.runner.JUnitCore.run(JUnitCore.java:115)
  at org.gradle.api.internal.tasks.testing.junit.JUnitTestExecutor.runRequest(JUnitTestExecutor.java:175)
  at org.gradle.api.internal.tasks.testing.junit.JUnitTestExecutor.accept(JUnitTestExecutor.java:84)
  at org.gradle.api.internal.tasks.testing.junit.JUnitTestExecutor.accept(JUnitTestExecutor.java:47)
  at org.gradle.api.internal.tasks.testing.junit.AbstractJUnitTestDefinitionProcessor.processTestDefinition(AbstractJUnitTestDefinitionProcessor.java:65)
  at org.gradle.api.internal.tasks.testing.SuiteTestDefinitionProcessor.processTestDefinition(SuiteTestDefinitionProcessor.java:54)
  at java.base/jdk.internal.reflect.DirectMethodHandleAccessor.invoke(DirectMethodHandleAccessor.java:104)
  at java.base/java.lang.reflect.Method.invoke(Method.java:565)
  at org.gradle.internal.dispatch.MethodInvocation.invokeOn(MethodInvocation.java:77)
  at org.gradle.internal.dispatch.ReflectionDispatch.dispatch(ReflectionDispatch.java:28)
  at org.gradle.internal.dispatch.ReflectionDispatch.dispatch(ReflectionDispatch.java:19)
  at org.gradle.internal.dispatch.ContextClassLoaderDispatch.dispatch(ContextClassLoaderDispatch.java:33)
  at org.gradle.internal.dispatch.ProxyDispatchAdapter$DispatchingInvocationHandler.invoke(ProxyDispatchAdapter.java:88)
  at jdk.proxy1/jdk.proxy1.$Proxy4.processTestDefinition(Unknown Source)
  at org.gradle.api.internal.tasks.testing.worker.TestWorker$2.run(TestWorker.java:178)
  at org.gradle.api.internal.tasks.testing.worker.TestWorker.executeAndMaintainThreadName(TestWorker.java:126)
  at org.gradle.api.internal.tasks.testing.worker.TestWorker.execute(TestWorker.java:103)
  at org.gradle.api.internal.tasks.testing.worker.TestWorker.execute(TestWorker.java:63)
  at org.gradle.process.internal.worker.child.ActionExecutionWorker.execute(ActionExecutionWorker.java:56)
  at org.gradle.process.internal.worker.child.SystemApplicationClassLoaderWorker.call(SystemApplicationClassLoaderWorker.java:122)
  at org.gradle.process.internal.worker.child.SystemApplicationClassLoaderWorker.call(SystemApplicationClassLoaderWorker.java:72)
  at worker.org.gradle.process.internal.worker.GradleWorkerMain.run(GradleWorkerMain.java:69)
  at worker.org.gradle.process.internal.worker.GradleWorkerMain.main(GradleWorkerMain.java:74)
</stacktrace>
</test-failure>


TypeScriptCompilerTests_D[jvm] > deleteExpressionMustBeOptional_exactOptionalPropertyTypes_ts__exactoptionalpropertytypes_false__has expected errors matching baseline[jvm] FAILED

<test-failure test="com.xemantic.typescript.compiler.TypeScriptCompilerTests_D.duplicateLocalVariable4_ts has expected errors matching duplicateLocalVariable4_errors_txt" platform="jvm">
<message>
Expected diagnostics from baseline typescript-repo/tests/baselines/reference/duplicateLocalVariable4.errors.txt but none produced
</message>
<stacktrace>
  at com.xemantic.typescript.compiler.TypeScriptTestSupportKt.errorsMatchBaseline(TypeScriptTestSupport.kt:125)
  at com.xemantic.typescript.compiler.TypeScriptCompilerTests_D.duplicateLocalVariable4_ts has expected errors matching duplicateLocalVariable4_errors_txt(TypeScriptCompilerTests_D.kt:6601)
  at java.base/jdk.internal.reflect.DirectMethodHandleAccessor.invoke(DirectMethodHandleAccessor.java:104)
  at java.base/java.lang.reflect.Method.invoke(Method.java:565)
  at org.junit.runners.model.FrameworkMethod$1.runReflectiveCall(FrameworkMethod.java:59)
  at org.junit.internal.runners.model.ReflectiveCallable.run(ReflectiveCallable.java:12)
  at org.junit.runners.model.FrameworkMethod.invokeExplosively(FrameworkMethod.java:56)
  at org.junit.internal.runners.statements.InvokeMethod.evaluate(InvokeMethod.java:17)
  at org.junit.runners.ParentRunner$3.evaluate(ParentRunner.java:306)
  at org.junit.runners.BlockJUnit4ClassRunner$1.evaluate(BlockJUnit4ClassRunner.java:100)
  at org.junit.runners.ParentRunner.runLeaf(ParentRunner.java:366)
  at org.junit.runners.BlockJUnit4ClassRunner.runChild(BlockJUnit4ClassRunner.java:103)
  at org.junit.runners.BlockJUnit4ClassRunner.runChild(BlockJUnit4ClassRunner.java:63)
  at org.junit.runners.ParentRunner$4.run(ParentRunner.java:331)
  at org.junit.runners.ParentRunner$1.schedule(ParentRunner.java:79)
  at org.junit.runners.ParentRunner.runChildren(ParentRunner.java:329)
  at org.junit.runners.ParentRunner.access$100(ParentRunner.java:66)
  at org.junit.runners.ParentRunner$2.evaluate(ParentRunner.java:293)
  at org.junit.runners.ParentRunner$3.evaluate(ParentRunner.java:306)
  at org.junit.runners.ParentRunner.run(ParentRunner.java:413)
  at org.junit.runner.JUnitCore.run(JUnitCore.java:137)
  at org.junit.runner.JUnitCore.run(JUnitCore.java:115)
  at org.gradle.api.internal.tasks.testing.junit.JUnitTestExecutor.runRequest(JUnitTestExecutor.java:175)
  at org.gradle.api.internal.tasks.testing.junit.JUnitTestExecutor.accept(JUnitTestExecutor.java:84)
  at org.gradle.api.internal.tasks.testing.junit.JUnitTestExecutor.accept(JUnitTestExecutor.java:47)
  at org.gradle.api.internal.tasks.testing.junit.AbstractJUnitTestDefinitionProcessor.processTestDefinition(AbstractJUnitTestDefinitionProcessor.java:65)
  at org.gradle.api.internal.tasks.testing.SuiteTestDefinitionProcessor.processTestDefinition(SuiteTestDefinitionProcessor.java:54)
  at java.base/jdk.internal.reflect.DirectMethodHandleAccessor.invoke(DirectMethodHandleAccessor.java:104)
  at java.base/java.lang.reflect.Method.invoke(Method.java:565)
  at org.gradle.internal.dispatch.MethodInvocation.invokeOn(MethodInvocation.java:77)
  at org.gradle.internal.dispatch.ReflectionDispatch.dispatch(ReflectionDispatch.java:28)
  at org.gradle.internal.dispatch.ReflectionDispatch.dispatch(ReflectionDispatch.java:19)
  at org.gradle.internal.dispatch.ContextClassLoaderDispatch.dispatch(ContextClassLoaderDispatch.java:33)
  at org.gradle.internal.dispatch.ProxyDispatchAdapter$DispatchingInvocationHandler.invoke(ProxyDispatchAdapter.java:88)
  at jdk.proxy1/jdk.proxy1.$Proxy4.processTestDefinition(Unknown Source)
  at org.gradle.api.internal.tasks.testing.worker.TestWorker$2.run(TestWorker.java:178)
  at org.gradle.api.internal.tasks.testing.worker.TestWorker.executeAndMaintainThreadName(TestWorker.java:126)
  at org.gradle.api.internal.tasks.testing.worker.TestWorker.execute(TestWorker.java:103)
  at org.gradle.api.internal.tasks.testing.worker.TestWorker.execute(TestWorker.java:63)
  at org.gradle.process.internal.worker.child.ActionExecutionWorker.execute(ActionExecutionWorker.java:56)
  at org.gradle.process.internal.worker.child.SystemApplicationClassLoaderWorker.call(SystemApplicationClassLoaderWorker.java:122)
  at org.gradle.process.internal.worker.child.SystemApplicationClassLoaderWorker.call(SystemApplicationClassLoaderWorker.java:72)
  at worker.org.gradle.process.internal.worker.GradleWorkerMain.run(GradleWorkerMain.java:69)
  at worker.org.gradle.process.internal.worker.GradleWorkerMain.main(GradleWorkerMain.java:74)
</stacktrace>
</test-failure>


TypeScriptCompilerTests_D[jvm] > duplicateLocalVariable4_ts has expected errors matching duplicateLocalVariable4_errors_txt[jvm] FAILED

<test-failure test="com.xemantic.typescript.compiler.TypeScriptCompilerTests_D.derivedClassConstructorWithExplicitReturns01_ts__target_es2015__has expected errors matching baseline" platform="jvm">
<message>
Expected diagnostics from baseline typescript-repo/tests/baselines/reference/derivedClassConstructorWithExplicitReturns01(target=es2015).errors.txt but none produced
</message>
<stacktrace>
  at com.xemantic.typescript.compiler.TypeScriptTestSupportKt.errorsMatchBaseline(TypeScriptTestSupport.kt:125)
  at com.xemantic.typescript.compiler.TypeScriptCompilerTests_D.derivedClassConstructorWithExplicitReturns01_ts__target_es2015__has expected errors matching baseline(TypeScriptCompilerTests_D.kt:4718)
  at java.base/jdk.internal.reflect.DirectMethodHandleAccessor.invoke(DirectMethodHandleAccessor.java:104)
  at java.base/java.lang.reflect.Method.invoke(Method.java:565)
  at org.junit.runners.model.FrameworkMethod$1.runReflectiveCall(FrameworkMethod.java:59)
  at org.junit.internal.runners.model.ReflectiveCallable.run(ReflectiveCallable.java:12)
  at org.junit.runners.model.FrameworkMethod.invokeExplosively(FrameworkMethod.java:56)
  at org.junit.internal.runners.statements.InvokeMethod.evaluate(InvokeMethod.java:17)
  at org.junit.runners.ParentRunner$3.evaluate(ParentRunner.java:306)
  at org.junit.runners.BlockJUnit4ClassRunner$1.evaluate(BlockJUnit4ClassRunner.java:100)
  at org.junit.runners.ParentRunner.runLeaf(ParentRunner.java:366)
  at org.junit.runners.BlockJUnit4ClassRunner.runChild(BlockJUnit4ClassRunner.java:103)
  at org.junit.runners.BlockJUnit4ClassRunner.runChild(BlockJUnit4ClassRunner.java:63)
  at org.junit.runners.ParentRunner$4.run(ParentRunner.java:331)
  at org.junit.runners.ParentRunner$1.schedule(ParentRunner.java:79)
  at org.junit.runners.ParentRunner.runChildren(ParentRunner.java:329)
  at org.junit.runners.ParentRunner.access$100(ParentRunner.java:66)
  at org.junit.runners.ParentRunner$2.evaluate(ParentRunner.java:293)
  at org.junit.runners.ParentRunner$3.evaluate(ParentRunner.java:306)
  at org.junit.runners.ParentRunner.run(ParentRunner.java:413)
  at org.junit.runner.JUnitCore.run(JUnitCore.java:137)
  at org.junit.runner.JUnitCore.run(JUnitCore.java:115)
  at org.gradle.api.internal.tasks.testing.junit.JUnitTestExecutor.runRequest(JUnitTestExecutor.java:175)
  at org.gradle.api.internal.tasks.testing.junit.JUnitTestExecutor.accept(JUnitTestExecutor.java:84)
  at org.gradle.api.internal.tasks.testing.junit.JUnitTestExecutor.accept(JUnitTestExecutor.java:47)
  at org.gradle.api.internal.tasks.testing.junit.AbstractJUnitTestDefinitionProcessor.processTestDefinition(AbstractJUnitTestDefinitionProcessor.java:65)
  at org.gradle.api.internal.tasks.testing.SuiteTestDefinitionProcessor.processTestDefinition(SuiteTestDefinitionProcessor.java:54)
  at java.base/jdk.internal.reflect.DirectMethodHandleAccessor.invoke(DirectMethodHandleAccessor.java:104)
  at java.base/java.lang.reflect.Method.invoke(Method.java:565)
  at org.gradle.internal.dispatch.MethodInvocation.invokeOn(MethodInvocation.java:77)
  at org.gradle.internal.dispatch.ReflectionDispatch.dispatch(ReflectionDispatch.java:28)
  at org.gradle.internal.dispatch.ReflectionDispatch.dispatch(ReflectionDispatch.java:19)
  at org.gradle.internal.dispatch.ContextClassLoaderDispatch.dispatch(ContextClassLoaderDispatch.java:33)
  at org.gradle.internal.dispatch.ProxyDispatchAdapter$DispatchingInvocationHandler.invoke(ProxyDispatchAdapter.java:88)
  at jdk.proxy1/jdk.proxy1.$Proxy4.processTestDefinition(Unknown Source)
  at org.gradle.api.internal.tasks.testing.worker.TestWorker$2.run(TestWorker.java:178)
  at org.gradle.api.internal.tasks.testing.worker.TestWorker.executeAndMaintainThreadName(TestWorker.java:126)
  at org.gradle.api.internal.tasks.testing.worker.TestWorker.execute(TestWorker.java:103)
  at org.gradle.api.internal.tasks.testing.worker.TestWorker.execute(TestWorker.java:63)
  at org.gradle.process.internal.worker.child.ActionExecutionWorker.execute(ActionExecutionWorker.java:56)
  at org.gradle.process.internal.worker.child.SystemApplicationClassLoaderWorker.call(SystemApplicationClassLoaderWorker.java:122)
  at org.gradle.process.internal.worker.child.SystemApplicationClassLoaderWorker.call(SystemApplicationClassLoaderWorker.java:72)
  at worker.org.gradle.process.internal.worker.GradleWorkerMain.run(GradleWorkerMain.java:69)
  at worker.org.gradle.process.internal.worker.GradleWorkerMain.main(GradleWorkerMain.java:74)
</stacktrace>
</test-failure>


TypeScriptCompilerTests_D[jvm] > derivedClassConstructorWithExplicitReturns01_ts__target_es2015__has expected errors matching baseline[jvm] FAILED

<test-failure test="com.xemantic.typescript.compiler.TypeScriptCompilerTests_D.defaultBestCommonTypesHaveDecls_ts has expected errors matching defaultBestCommonTypesHaveDecls_errors_txt" platform="jvm">
<message>
Expected diagnostics from baseline typescript-repo/tests/baselines/reference/defaultBestCommonTypesHaveDecls.errors.txt but none produced
</message>
<stacktrace>
  at com.xemantic.typescript.compiler.TypeScriptTestSupportKt.errorsMatchBaseline(TypeScriptTestSupport.kt:125)
  at com.xemantic.typescript.compiler.TypeScriptCompilerTests_D.defaultBestCommonTypesHaveDecls_ts has expected errors matching defaultBestCommonTypesHaveDecls_errors_txt(TypeScriptCompilerTests_D.kt:4235)
  at java.base/jdk.internal.reflect.DirectMethodHandleAccessor.invoke(DirectMethodHandleAccessor.java:104)
  at java.base/java.lang.reflect.Method.invoke(Method.java:565)
  at org.junit.runners.model.FrameworkMethod$1.runReflectiveCall(FrameworkMethod.java:59)
  at org.junit.internal.runners.model.ReflectiveCallable.run(ReflectiveCallable.java:12)
  at org.junit.runners.model.FrameworkMethod.invokeExplosively(FrameworkMethod.java:56)
  at org.junit.internal.runners.statements.InvokeMethod.evaluate(InvokeMethod.java:17)
  at org.junit.runners.ParentRunner$3.evaluate(ParentRunner.java:306)
  at org.junit.runners.BlockJUnit4ClassRunner$1.evaluate(BlockJUnit4ClassRunner.java:100)
  at org.junit.runners.ParentRunner.runLeaf(ParentRunner.java:366)
  at org.junit.runners.BlockJUnit4ClassRunner.runChild(BlockJUnit4ClassRunner.java:103)
  at org.junit.runners.BlockJUnit4ClassRunner.runChild(BlockJUnit4ClassRunner.java:63)
  at org.junit.runners.ParentRunner$4.run(ParentRunner.java:331)
  at org.junit.runners.ParentRunner$1.schedule(ParentRunner.java:79)
  at org.junit.runners.ParentRunner.runChildren(ParentRunner.java:329)
  at org.junit.runners.ParentRunner.access$100(ParentRunner.java:66)
  at org.junit.runners.ParentRunner$2.evaluate(ParentRunner.java:293)
  at org.junit.runners.ParentRunner$3.evaluate(ParentRunner.java:306)
  at org.junit.runners.ParentRunner.run(ParentRunner.java:413)
  at org.junit.runner.JUnitCore.run(JUnitCore.java:137)
  at org.junit.runner.JUnitCore.run(JUnitCore.java:115)
  at org.gradle.api.internal.tasks.testing.junit.JUnitTestExecutor.runRequest(JUnitTestExecutor.java:175)
  at org.gradle.api.internal.tasks.testing.junit.JUnitTestExecutor.accept(JUnitTestExecutor.java:84)
  at org.gradle.api.internal.tasks.testing.junit.JUnitTestExecutor.accept(JUnitTestExecutor.java:47)
  at org.gradle.api.internal.tasks.testing.junit.AbstractJUnitTestDefinitionProcessor.processTestDefinition(AbstractJUnitTestDefinitionProcessor.java:65)
  at org.gradle.api.internal.tasks.testing.SuiteTestDefinitionProcessor.processTestDefinition(SuiteTestDefinitionProcessor.java:54)
  at java.base/jdk.internal.reflect.DirectMethodHandleAccessor.invoke(DirectMethodHandleAccessor.java:104)
  at java.base/java.lang.reflect.Method.invoke(Method.java:565)
  at org.gradle.internal.dispatch.MethodInvocation.invokeOn(MethodInvocation.java:77)
  at org.gradle.internal.dispatch.ReflectionDispatch.dispatch(ReflectionDispatch.java:28)
  at org.gradle.internal.dispatch.ReflectionDispatch.dispatch(ReflectionDispatch.java:19)
  at org.gradle.internal.dispatch.ContextClassLoaderDispatch.dispatch(ContextClassLoaderDispatch.java:33)
  at org.gradle.internal.dispatch.ProxyDispatchAdapter$DispatchingInvocationHandler.invoke(ProxyDispatchAdapter.java:88)
  at jdk.proxy1/jdk.proxy1.$Proxy4.processTestDefinition(Unknown Source)
  at org.gradle.api.internal.tasks.testing.worker.TestWorker$2.run(TestWorker.java:178)
  at org.gradle.api.internal.tasks.testing.worker.TestWorker.executeAndMaintainThreadName(TestWorker.java:126)
  at org.gradle.api.internal.tasks.testing.worker.TestWorker.execute(TestWorker.java:103)
  at org.gradle.api.internal.tasks.testing.worker.TestWorker.execute(TestWorker.java:63)
  at org.gradle.process.internal.worker.child.ActionExecutionWorker.execute(ActionExecutionWorker.java:56)
  at org.gradle.process.internal.worker.child.SystemApplicationClassLoaderWorker.call(SystemApplicationClassLoaderWorker.java:122)
  at org.gradle.process.internal.worker.child.SystemApplicationClassLoaderWorker.call(SystemApplicationClassLoaderWorker.java:72)
  at worker.org.gradle.process.internal.worker.GradleWorkerMain.run(GradleWorkerMain.java:69)
  at worker.org.gradle.process.internal.worker.GradleWorkerMain.main(GradleWorkerMain.java:74)
</stacktrace>
</test-failure>


TypeScriptCompilerTests_D[jvm] > defaultBestCommonTypesHaveDecls_ts has expected errors matching defaultBestCommonTypesHaveDecls_errors_txt[jvm] FAILED

<test-failure test="com.xemantic.typescript.compiler.TypeScriptCompilerTests_D.declarationFileNoCrashOnExtraExportModifier_ts has expected errors matching declarationFileNoCrashOnExtraExportModifier_errors_txt" platform="jvm">
<message>
--- expected
+++ actual
@@ -1,9 +1,7 @@
 input.ts(1,1): error TS2309: An export assignment cannot be used in a module with other exported elements.
-input.ts(6,14): error TS2300: Duplicate identifier 'Sub'.
-input.ts(12,14): error TS2300: Duplicate identifier 'Sub'.
 
 
-==== input.ts (3 errors) ====
+==== input.ts (1 errors) ====
     export = exports;
     ~~~~~~~~~~~~~~~~~
 !!! error TS2309: An export assignment cannot be used in a module with other exported elements.
@@ -12,16 +10,10 @@
         t: number;
     }
     export class Sub {
-                 ~~~
-!!! error TS2300: Duplicate identifier 'Sub'.
-!!! related TS6203 input.ts:12:14: 'Sub' was also declared here.
         instance!: {
             t: number;
         };
     }
     declare namespace exports {
         export { Sub };
-                 ~~~
-!!! error TS2300: Duplicate identifier 'Sub'.
-!!! related TS6203 input.ts:6:14: 'Sub' was also declared here.
     }

</message>
<stacktrace>
  at org.junit.Assert.fail(Assert.java:89)
  at kotlin.test.junit.JUnitAsserter.fail(JUnitSupport.kt:56)
  at kotlin.test.AssertionsKt__AssertionsKt.fail(Assertions.kt:563)
  at kotlin.test.AssertionsKt.fail(Unknown Source)
  at com.xemantic.kotlin.test.SameAsKt.sameAs(SameAs.kt:52)
  at com.xemantic.typescript.compiler.TypeScriptTestSupportKt.errorsMatchBaseline(TypeScriptTestSupport.kt:135)
  at com.xemantic.typescript.compiler.TypeScriptCompilerTests_D.declarationFileNoCrashOnExtraExportModifier_ts has expected errors matching declarationFileNoCrashOnExtraExportModifier_errors_txt(TypeScriptCompilerTests_D.kt:3290)
  at java.base/jdk.internal.reflect.DirectMethodHandleAccessor.invoke(DirectMethodHandleAccessor.java:104)
  at java.base/java.lang.reflect.Method.invoke(Method.java:565)
  at org.junit.runners.model.FrameworkMethod$1.runReflectiveCall(FrameworkMethod.java:59)
  at org.junit.internal.runners.model.ReflectiveCallable.run(ReflectiveCallable.java:12)
  at org.junit.runners.model.FrameworkMethod.invokeExplosively(FrameworkMethod.java:56)
  at org.junit.internal.runners.statements.InvokeMethod.evaluate(InvokeMethod.java:17)
  at org.junit.runners.ParentRunner$3.evaluate(ParentRunner.java:306)
  at org.junit.runners.BlockJUnit4ClassRunner$1.evaluate(BlockJUnit4ClassRunner.java:100)
  at org.junit.runners.ParentRunner.runLeaf(ParentRunner.java:366)
  at org.junit.runners.BlockJUnit4ClassRunner.runChild(BlockJUnit4ClassRunner.java:103)
  at org.junit.runners.BlockJUnit4ClassRunner.runChild(BlockJUnit4ClassRunner.java:63)
  at org.junit.runners.ParentRunner$4.run(ParentRunner.java:331)
  at org.junit.runners.ParentRunner$1.schedule(ParentRunner.java:79)
  at org.junit.runners.ParentRunner.runChildren(ParentRunner.java:329)
  at org.junit.runners.ParentRunner.access$100(ParentRunner.java:66)
  at org.junit.runners.ParentRunner$2.evaluate(ParentRunner.java:293)
  at org.junit.runners.ParentRunner$3.evaluate(ParentRunner.java:306)
  at org.junit.runners.ParentRunner.run(ParentRunner.java:413)
  at org.junit.runner.JUnitCore.run(JUnitCore.java:137)
  at org.junit.runner.JUnitCore.run(JUnitCore.java:115)
  at org.gradle.api.internal.tasks.testing.junit.JUnitTestExecutor.runRequest(JUnitTestExecutor.java:175)
  at org.gradle.api.internal.tasks.testing.junit.JUnitTestExecutor.accept(JUnitTestExecutor.java:84)
  at org.gradle.api.internal.tasks.testing.junit.JUnitTestExecutor.accept(JUnitTestExecutor.java:47)
  at org.gradle.api.internal.tasks.testing.junit.AbstractJUnitTestDefinitionProcessor.processTestDefinition(AbstractJUnitTestDefinitionProcessor.java:65)
  at org.gradle.api.internal.tasks.testing.SuiteTestDefinitionProcessor.processTestDefinition(SuiteTestDefinitionProcessor.java:54)
  at java.base/jdk.internal.reflect.DirectMethodHandleAccessor.invoke(DirectMethodHandleAccessor.java:104)
  at java.base/java.lang.reflect.Method.invoke(Method.java:565)
  at org.gradle.internal.dispatch.MethodInvocation.invokeOn(MethodInvocation.java:77)
  at org.gradle.internal.dispatch.ReflectionDispatch.dispatch(ReflectionDispatch.java:28)
  at org.gradle.internal.dispatch.ReflectionDispatch.dispatch(ReflectionDispatch.java:19)
  at org.gradle.internal.dispatch.ContextClassLoaderDispatch.dispatch(ContextClassLoaderDispatch.java:33)
  at org.gradle.internal.dispatch.ProxyDispatchAdapter$DispatchingInvocationHandler.invoke(ProxyDispatchAdapter.java:88)
  at jdk.proxy1/jdk.proxy1.$Proxy4.processTestDefinition(Unknown Source)
  at org.gradle.api.internal.tasks.testing.worker.TestWorker$2.run(TestWorker.java:178)
  at org.gradle.api.internal.tasks.testing.worker.TestWorker.executeAndMaintainThreadName(TestWorker.java:126)
  at org.gradle.api.internal.tasks.testing.worker.TestWorker.execute(TestWorker.java:103)
  at org.gradle.api.internal.tasks.testing.worker.TestWorker.execute(TestWorker.java:63)
  at org.gradle.process.internal.worker.child.ActionExecutionWorker.execute(ActionExecutionWorker.java:56)
  at org.gradle.process.internal.worker.child.SystemApplicationClassLoaderWorker.call(SystemApplicationClassLoaderWorker.java:122)
  at org.gradle.process.internal.worker.child.SystemApplicationClassLoaderWorker.call(SystemApplicationClassLoaderWorker.java:72)
  at worker.org.gradle.process.internal.worker.GradleWorkerMain.run(GradleWorkerMain.java:69)
  at worker.org.gradle.process.internal.worker.GradleWorkerMain.main(GradleWorkerMain.java:74)
</stacktrace>
</test-failure>


TypeScriptCompilerTests_D[jvm] > declarationFileNoCrashOnExtraExportModifier_ts has expected errors matching declarationFileNoCrashOnExtraExportModifier_errors_txt[jvm] FAILED

<test-failure test="com.xemantic.typescript.compiler.TypeScriptCompilerTests_D.declarationEmitWithInvalidPackageJsonTypings_ts has expected errors matching declarationEmitWithInvalidPackageJsonTypings_errors_txt" platform="jvm">
<message>
Expected diagnostics from baseline typescript-repo/tests/baselines/reference/declarationEmitWithInvalidPackageJsonTypings.errors.txt but none produced
</message>
<stacktrace>
  at com.xemantic.typescript.compiler.TypeScriptTestSupportKt.errorsMatchBaseline(TypeScriptTestSupport.kt:125)
  at com.xemantic.typescript.compiler.TypeScriptCompilerTests_D.declarationEmitWithInvalidPackageJsonTypings_ts has expected errors matching declarationEmitWithInvalidPackageJsonTypings_errors_txt(TypeScriptCompilerTests_D.kt:3276)
  at java.base/jdk.internal.reflect.DirectMethodHandleAccessor.invoke(DirectMethodHandleAccessor.java:104)
  at java.base/java.lang.reflect.Method.invoke(Method.java:565)
  at org.junit.runners.model.FrameworkMethod$1.runReflectiveCall(FrameworkMethod.java:59)
  at org.junit.internal.runners.model.ReflectiveCallable.run(ReflectiveCallable.java:12)
  at org.junit.runners.model.FrameworkMethod.invokeExplosively(FrameworkMethod.java:56)
  at org.junit.internal.runners.statements.InvokeMethod.evaluate(InvokeMethod.java:17)
  at org.junit.runners.ParentRunner$3.evaluate(ParentRunner.java:306)
  at org.junit.runners.BlockJUnit4ClassRunner$1.evaluate(BlockJUnit4ClassRunner.java:100)
  at org.junit.runners.ParentRunner.runLeaf(ParentRunner.java:366)
  at org.junit.runners.BlockJUnit4ClassRunner.runChild(BlockJUnit4ClassRunner.java:103)
  at org.junit.runners.BlockJUnit4ClassRunner.runChild(BlockJUnit4ClassRunner.java:63)
  at org.junit.runners.ParentRunner$4.run(ParentRunner.java:331)
  at org.junit.runners.ParentRunner$1.schedule(ParentRunner.java:79)
  at org.junit.runners.ParentRunner.runChildren(ParentRunner.java:329)
  at org.junit.runners.ParentRunner.access$100(ParentRunner.java:66)
  at org.junit.runners.ParentRunner$2.evaluate(ParentRunner.java:293)
  at org.junit.runners.ParentRunner$3.evaluate(ParentRunner.java:306)
  at org.junit.runners.ParentRunner.run(ParentRunner.java:413)
  at org.junit.runner.JUnitCore.run(JUnitCore.java:137)
  at org.junit.runner.JUnitCore.run(JUnitCore.java:115)
  at org.gradle.api.internal.tasks.testing.junit.JUnitTestExecutor.runRequest(JUnitTestExecutor.java:175)
  at org.gradle.api.internal.tasks.testing.junit.JUnitTestExecutor.accept(JUnitTestExecutor.java:84)
  at org.gradle.api.internal.tasks.testing.junit.JUnitTestExecutor.accept(JUnitTestExecutor.java:47)
  at org.gradle.api.internal.tasks.testing.junit.AbstractJUnitTestDefinitionProcessor.processTestDefinition(AbstractJUnitTestDefinitionProcessor.java:65)
  at org.gradle.api.internal.tasks.testing.SuiteTestDefinitionProcessor.processTestDefinition(SuiteTestDefinitionProcessor.java:54)
  at java.base/jdk.internal.reflect.DirectMethodHandleAccessor.invoke(DirectMethodHandleAccessor.java:104)
  at java.base/java.lang.reflect.Method.invoke(Method.java:565)
  at org.gradle.internal.dispatch.MethodInvocation.invokeOn(MethodInvocation.java:77)
  at org.gradle.internal.dispatch.ReflectionDispatch.dispatch(ReflectionDispatch.java:28)
  at org.gradle.internal.dispatch.ReflectionDispatch.dispatch(ReflectionDispatch.java:19)
  at org.gradle.internal.dispatch.ContextClassLoaderDispatch.dispatch(ContextClassLoaderDispatch.java:33)
  at org.gradle.internal.dispatch.ProxyDispatchAdapter$DispatchingInvocationHandler.invoke(ProxyDispatchAdapter.java:88)
  at jdk.proxy1/jdk.proxy1.$Proxy4.processTestDefinition(Unknown Source)
  at org.gradle.api.internal.tasks.testing.worker.TestWorker$2.run(TestWorker.java:178)
  at org.gradle.api.internal.tasks.testing.worker.TestWorker.executeAndMaintainThreadName(TestWorker.java:126)
  at org.gradle.api.internal.tasks.testing.worker.TestWorker.execute(TestWorker.java:103)
  at org.gradle.api.internal.tasks.testing.worker.TestWorker.execute(TestWorker.java:63)
  at org.gradle.process.internal.worker.child.ActionExecutionWorker.execute(ActionExecutionWorker.java:56)
  at org.gradle.process.internal.worker.child.SystemApplicationClassLoaderWorker.call(SystemApplicationClassLoaderWorker.java:122)
  at org.gradle.process.internal.worker.child.SystemApplicationClassLoaderWorker.call(SystemApplicationClassLoaderWorker.java:72)
  at worker.org.gradle.process.internal.worker.GradleWorkerMain.run(GradleWorkerMain.java:69)
  at worker.org.gradle.process.internal.worker.GradleWorkerMain.main(GradleWorkerMain.java:74)
</stacktrace>
</test-failure>


TypeScriptCompilerTests_D[jvm] > declarationEmitWithInvalidPackageJsonTypings_ts has expected errors matching declarationEmitWithInvalidPackageJsonTypings_errors_txt[jvm] FAILED

<test-failure test="com.xemantic.typescript.compiler.TypeScriptCompilerTests_D.divergentAccessorsTypes2_ts has expected errors matching divergentAccessorsTypes2_errors_txt" platform="jvm">
<message>
Expected diagnostics from baseline typescript-repo/tests/baselines/reference/divergentAccessorsTypes2.errors.txt but none produced
</message>
<stacktrace>
  at com.xemantic.typescript.compiler.TypeScriptTestSupportKt.errorsMatchBaseline(TypeScriptTestSupport.kt:125)
  at com.xemantic.typescript.compiler.TypeScriptCompilerTests_D.divergentAccessorsTypes2_ts has expected errors matching divergentAccessorsTypes2_errors_txt(TypeScriptCompilerTests_D.kt:5481)
  at java.base/jdk.internal.reflect.DirectMethodHandleAccessor.invoke(DirectMethodHandleAccessor.java:104)
  at java.base/java.lang.reflect.Method.invoke(Method.java:565)
  at org.junit.runners.model.FrameworkMethod$1.runReflectiveCall(FrameworkMethod.java:59)
  at org.junit.internal.runners.model.ReflectiveCallable.run(ReflectiveCallable.java:12)
  at org.junit.runners.model.FrameworkMethod.invokeExplosively(FrameworkMethod.java:56)
  at org.junit.internal.runners.statements.InvokeMethod.evaluate(InvokeMethod.java:17)
  at org.junit.runners.ParentRunner$3.evaluate(ParentRunner.java:306)
  at org.junit.runners.BlockJUnit4ClassRunner$1.evaluate(BlockJUnit4ClassRunner.java:100)
  at org.junit.runners.ParentRunner.runLeaf(ParentRunner.java:366)
  at org.junit.runners.BlockJUnit4ClassRunner.runChild(BlockJUnit4ClassRunner.java:103)
  at org.junit.runners.BlockJUnit4ClassRunner.runChild(BlockJUnit4ClassRunner.java:63)
  at org.junit.runners.ParentRunner$4.run(ParentRunner.java:331)
  at org.junit.runners.ParentRunner$1.schedule(ParentRunner.java:79)
  at org.junit.runners.ParentRunner.runChildren(ParentRunner.java:329)
  at org.junit.runners.ParentRunner.access$100(ParentRunner.java:66)
  at org.junit.runners.ParentRunner$2.evaluate(ParentRunner.java:293)
  at org.junit.runners.ParentRunner$3.evaluate(ParentRunner.java:306)
  at org.junit.runners.ParentRunner.run(ParentRunner.java:413)
  at org.junit.runner.JUnitCore.run(JUnitCore.java:137)
  at org.junit.runner.JUnitCore.run(JUnitCore.java:115)
  at org.gradle.api.internal.tasks.testing.junit.JUnitTestExecutor.runRequest(JUnitTestExecutor.java:175)
  at org.gradle.api.internal.tasks.testing.junit.JUnitTestExecutor.accept(JUnitTestExecutor.java:84)
  at org.gradle.api.internal.tasks.testing.junit.JUnitTestExecutor.accept(JUnitTestExecutor.java:47)
  at org.gradle.api.internal.tasks.testing.junit.AbstractJUnitTestDefinitionProcessor.processTestDefinition(AbstractJUnitTestDefinitionProcessor.java:65)
  at org.gradle.api.internal.tasks.testing.SuiteTestDefinitionProcessor.processTestDefinition(SuiteTestDefinitionProcessor.java:54)
  at java.base/jdk.internal.reflect.DirectMethodHandleAccessor.invoke(DirectMethodHandleAccessor.java:104)
  at java.base/java.lang.reflect.Method.invoke(Method.java:565)
  at org.gradle.internal.dispatch.MethodInvocation.invokeOn(MethodInvocation.java:77)
  at org.gradle.internal.dispatch.ReflectionDispatch.dispatch(ReflectionDispatch.java:28)
  at org.gradle.internal.dispatch.ReflectionDispatch.dispatch(ReflectionDispatch.java:19)
  at org.gradle.internal.dispatch.ContextClassLoaderDispatch.dispatch(ContextClassLoaderDispatch.java:33)
  at org.gradle.internal.dispatch.ProxyDispatchAdapter$DispatchingInvocationHandler.invoke(ProxyDispatchAdapter.java:88)
  at jdk.proxy1/jdk.proxy1.$Proxy4.processTestDefinition(Unknown Source)
  at org.gradle.api.internal.tasks.testing.worker.TestWorker$2.run(TestWorker.java:178)
  at org.gradle.api.internal.tasks.testing.worker.TestWorker.executeAndMaintainThreadName(TestWorker.java:126)
  at org.gradle.api.internal.tasks.testing.worker.TestWorker.execute(TestWorker.java:103)
  at org.gradle.api.internal.tasks.testing.worker.TestWorker.execute(TestWorker.java:63)
  at org.gradle.process.internal.worker.child.ActionExecutionWorker.execute(ActionExecutionWorker.java:56)
  at org.gradle.process.internal.worker.child.SystemApplicationClassLoaderWorker.call(SystemApplicationClassLoaderWorker.java:122)
  at org.gradle.process.internal.worker.child.SystemApplicationClassLoaderWorker.call(SystemApplicationClassLoaderWorker.java:72)
  at worker.org.gradle.process.internal.worker.GradleWorkerMain.run(GradleWorkerMain.java:69)
  at worker.org.gradle.process.internal.worker.GradleWorkerMain.main(GradleWorkerMain.java:74)
</stacktrace>
</test-failure>


TypeScriptCompilerTests_D[jvm] > divergentAccessorsTypes2_ts has expected errors matching divergentAccessorsTypes2_errors_txt[jvm] FAILED

<test-failure test="com.xemantic.typescript.compiler.TypeScriptCompilerTests_D.declarationEmitInferredTypeAlias2_ts has expected errors matching declarationEmitInferredTypeAlias2_errors_txt" platform="jvm">
<message>
Expected diagnostics from baseline typescript-repo/tests/baselines/reference/declarationEmitInferredTypeAlias2.errors.txt but none produced
</message>
<stacktrace>
  at com.xemantic.typescript.compiler.TypeScriptTestSupportKt.errorsMatchBaseline(TypeScriptTestSupport.kt:125)
  at com.xemantic.typescript.compiler.TypeScriptCompilerTests_D.declarationEmitInferredTypeAlias2_ts has expected errors matching declarationEmitInferredTypeAlias2_errors_txt(TypeScriptCompilerTests_D.kt:2044)
  at java.base/jdk.internal.reflect.DirectMethodHandleAccessor.invoke(DirectMethodHandleAccessor.java:104)
  at java.base/java.lang.reflect.Method.invoke(Method.java:565)
  at org.junit.runners.model.FrameworkMethod$1.runReflectiveCall(FrameworkMethod.java:59)
  at org.junit.internal.runners.model.ReflectiveCallable.run(ReflectiveCallable.java:12)
  at org.junit.runners.model.FrameworkMethod.invokeExplosively(FrameworkMethod.java:56)
  at org.junit.internal.runners.statements.InvokeMethod.evaluate(InvokeMethod.java:17)
  at org.junit.runners.ParentRunner$3.evaluate(ParentRunner.java:306)
  at org.junit.runners.BlockJUnit4ClassRunner$1.evaluate(BlockJUnit4ClassRunner.java:100)
  at org.junit.runners.ParentRunner.runLeaf(ParentRunner.java:366)
  at org.junit.runners.BlockJUnit4ClassRunner.runChild(BlockJUnit4ClassRunner.java:103)
  at org.junit.runners.BlockJUnit4ClassRunner.runChild(BlockJUnit4ClassRunner.java:63)
  at org.junit.runners.ParentRunner$4.run(ParentRunner.java:331)
  at org.junit.runners.ParentRunner$1.schedule(ParentRunner.java:79)
  at org.junit.runners.ParentRunner.runChildren(ParentRunner.java:329)
  at org.junit.runners.ParentRunner.access$100(ParentRunner.java:66)
  at org.junit.runners.ParentRunner$2.evaluate(ParentRunner.java:293)
  at org.junit.runners.ParentRunner$3.evaluate(ParentRunner.java:306)
  at org.junit.runners.ParentRunner.run(ParentRunner.java:413)
  at org.junit.runner.JUnitCore.run(JUnitCore.java:137)
  at org.junit.runner.JUnitCore.run(JUnitCore.java:115)
  at org.gradle.api.internal.tasks.testing.junit.JUnitTestExecutor.runRequest(JUnitTestExecutor.java:175)
  at org.gradle.api.internal.tasks.testing.junit.JUnitTestExecutor.accept(JUnitTestExecutor.java:84)
  at org.gradle.api.internal.tasks.testing.junit.JUnitTestExecutor.accept(JUnitTestExecutor.java:47)
  at org.gradle.api.internal.tasks.testing.junit.AbstractJUnitTestDefinitionProcessor.processTestDefinition(AbstractJUnitTestDefinitionProcessor.java:65)
  at org.gradle.api.internal.tasks.testing.SuiteTestDefinitionProcessor.processTestDefinition(SuiteTestDefinitionProcessor.java:54)
  at java.base/jdk.internal.reflect.DirectMethodHandleAccessor.invoke(DirectMethodHandleAccessor.java:104)
  at java.base/java.lang.reflect.Method.invoke(Method.java:565)
  at org.gradle.internal.dispatch.MethodInvocation.invokeOn(MethodInvocation.java:77)
  at org.gradle.internal.dispatch.ReflectionDispatch.dispatch(ReflectionDispatch.java:28)
  at org.gradle.internal.dispatch.ReflectionDispatch.dispatch(ReflectionDispatch.java:19)
  at org.gradle.internal.dispatch.ContextClassLoaderDispatch.dispatch(ContextClassLoaderDispatch.java:33)
  at org.gradle.internal.dispatch.ProxyDispatchAdapter$DispatchingInvocationHandler.invoke(ProxyDispatchAdapter.java:88)
  at jdk.proxy1/jdk.proxy1.$Proxy4.processTestDefinition(Unknown Source)
  at org.gradle.api.internal.tasks.testing.worker.TestWorker$2.run(TestWorker.java:178)
  at org.gradle.api.internal.tasks.testing.worker.TestWorker.executeAndMaintainThreadName(TestWorker.java:126)
  at org.gradle.api.internal.tasks.testing.worker.TestWorker.execute(TestWorker.java:103)
  at org.gradle.api.internal.tasks.testing.worker.TestWorker.execute(TestWorker.java:63)
  at org.gradle.process.internal.worker.child.ActionExecutionWorker.execute(ActionExecutionWorker.java:56)
  at org.gradle.process.internal.worker.child.SystemApplicationClassLoaderWorker.call(SystemApplicationClassLoaderWorker.java:122)
  at org.gradle.process.internal.worker.child.SystemApplicationClassLoaderWorker.call(SystemApplicationClassLoaderWorker.java:72)
  at worker.org.gradle.process.internal.worker.GradleWorkerMain.run(GradleWorkerMain.java:69)
  at worker.org.gradle.process.internal.worker.GradleWorkerMain.main(GradleWorkerMain.java:74)
</stacktrace>
</test-failure>


TypeScriptCompilerTests_D[jvm] > declarationEmitInferredTypeAlias2_ts has expected errors matching declarationEmitInferredTypeAlias2_errors_txt[jvm] FAILED

<test-failure test="com.xemantic.typescript.compiler.TypeScriptCompilerTests_D.detachedCommentAtStartOfFunctionBody1_ts has expected errors matching detachedCommentAtStartOfFunctionBody1_errors_txt" platform="jvm">
<message>
Expected diagnostics from baseline typescript-repo/tests/baselines/reference/detachedCommentAtStartOfFunctionBody1.errors.txt but none produced
</message>
<stacktrace>
  at com.xemantic.typescript.compiler.TypeScriptTestSupportKt.errorsMatchBaseline(TypeScriptTestSupport.kt:125)
  at com.xemantic.typescript.compiler.TypeScriptCompilerTests_D.detachedCommentAtStartOfFunctionBody1_ts has expected errors matching detachedCommentAtStartOfFunctionBody1_errors_txt(TypeScriptCompilerTests_D.kt:5229)
  at java.base/jdk.internal.reflect.DirectMethodHandleAccessor.invoke(DirectMethodHandleAccessor.java:104)
  at java.base/java.lang.reflect.Method.invoke(Method.java:565)
  at org.junit.runners.model.FrameworkMethod$1.runReflectiveCall(FrameworkMethod.java:59)
  at org.junit.internal.runners.model.ReflectiveCallable.run(ReflectiveCallable.java:12)
  at org.junit.runners.model.FrameworkMethod.invokeExplosively(FrameworkMethod.java:56)
  at org.junit.internal.runners.statements.InvokeMethod.evaluate(InvokeMethod.java:17)
  at org.junit.runners.ParentRunner$3.evaluate(ParentRunner.java:306)
  at org.junit.runners.BlockJUnit4ClassRunner$1.evaluate(BlockJUnit4ClassRunner.java:100)
  at org.junit.runners.ParentRunner.runLeaf(ParentRunner.java:366)
  at org.junit.runners.BlockJUnit4ClassRunner.runChild(BlockJUnit4ClassRunner.java:103)
  at org.junit.runners.BlockJUnit4ClassRunner.runChild(BlockJUnit4ClassRunner.java:63)
  at org.junit.runners.ParentRunner$4.run(ParentRunner.java:331)
  at org.junit.runners.ParentRunner$1.schedule(ParentRunner.java:79)
  at org.junit.runners.ParentRunner.runChildren(ParentRunner.java:329)
  at org.junit.runners.ParentRunner.access$100(ParentRunner.java:66)
  at org.junit.runners.ParentRunner$2.evaluate(ParentRunner.java:293)
  at org.junit.runners.ParentRunner$3.evaluate(ParentRunner.java:306)
  at org.junit.runners.ParentRunner.run(ParentRunner.java:413)
  at org.junit.runner.JUnitCore.run(JUnitCore.java:137)
  at org.junit.runner.JUnitCore.run(JUnitCore.java:115)
  at org.gradle.api.internal.tasks.testing.junit.JUnitTestExecutor.runRequest(JUnitTestExecutor.java:175)
  at org.gradle.api.internal.tasks.testing.junit.JUnitTestExecutor.accept(JUnitTestExecutor.java:84)
  at org.gradle.api.internal.tasks.testing.junit.JUnitTestExecutor.accept(JUnitTestExecutor.java:47)
  at org.gradle.api.internal.tasks.testing.junit.AbstractJUnitTestDefinitionProcessor.processTestDefinition(AbstractJUnitTestDefinitionProcessor.java:65)
  at org.gradle.api.internal.tasks.testing.SuiteTestDefinitionProcessor.processTestDefinition(SuiteTestDefinitionProcessor.java:54)
  at java.base/jdk.internal.reflect.DirectMethodHandleAccessor.invoke(DirectMethodHandleAccessor.java:104)
  at java.base/java.lang.reflect.Method.invoke(Method.java:565)
  at org.gradle.internal.dispatch.MethodInvocation.invokeOn(MethodInvocation.java:77)
  at org.gradle.internal.dispatch.ReflectionDispatch.dispatch(ReflectionDispatch.java:28)
  at org.gradle.internal.dispatch.ReflectionDispatch.dispatch(ReflectionDispatch.java:19)
  at org.gradle.internal.dispatch.ContextClassLoaderDispatch.dispatch(ContextClassLoaderDispatch.java:33)
  at org.gradle.internal.dispatch.ProxyDispatchAdapter$DispatchingInvocationHandler.invoke(ProxyDispatchAdapter.java:88)
  at jdk.proxy1/jdk.proxy1.$Proxy4.processTestDefinition(Unknown Source)
  at org.gradle.api.internal.tasks.testing.worker.TestWorker$2.run(TestWorker.java:178)
  at org.gradle.api.internal.tasks.testing.worker.TestWorker.executeAndMaintainThreadName(TestWorker.java:126)
  at org.gradle.api.internal.tasks.testing.worker.TestWorker.execute(TestWorker.java:103)
  at org.gradle.api.internal.tasks.testing.worker.TestWorker.execute(TestWorker.java:63)
  at org.gradle.process.internal.worker.child.ActionExecutionWorker.execute(ActionExecutionWorker.java:56)
  at org.gradle.process.internal.worker.child.SystemApplicationClassLoaderWorker.call(SystemApplicationClassLoaderWorker.java:122)
  at org.gradle.process.internal.worker.child.SystemApplicationClassLoaderWorker.call(SystemApplicationClassLoaderWorker.java:72)
  at worker.org.gradle.process.internal.worker.GradleWorkerMain.run(GradleWorkerMain.java:69)
  at worker.org.gradle.process.internal.worker.GradleWorkerMain.main(GradleWorkerMain.java:74)
</stacktrace>
</test-failure>


TypeScriptCompilerTests_D[jvm] > detachedCommentAtStartOfFunctionBody1_ts has expected errors matching detachedCommentAtStartOfFunctionBody1_errors_txt[jvm] FAILED

<test-failure test="com.xemantic.typescript.compiler.TypeScriptCompilerTests_D.declarationEmitPrivateSymbolCausesVarDeclarationEmit2_ts has expected errors matching declarationEmitPrivateSymbolCausesVarDeclarationEmit2_errors_txt" platform="jvm">
<message>
Expected diagnostics from baseline typescript-repo/tests/baselines/reference/declarationEmitPrivateSymbolCausesVarDeclarationEmit2.errors.txt but none produced
</message>
<stacktrace>
  at com.xemantic.typescript.compiler.TypeScriptTestSupportKt.errorsMatchBaseline(TypeScriptTestSupport.kt:125)
  at com.xemantic.typescript.compiler.TypeScriptCompilerTests_D.declarationEmitPrivateSymbolCausesVarDeclarationEmit2_ts has expected errors matching declarationEmitPrivateSymbolCausesVarDeclarationEmit2_errors_txt(TypeScriptCompilerTests_D.kt:2737)
  at java.base/jdk.internal.reflect.DirectMethodHandleAccessor.invoke(DirectMethodHandleAccessor.java:104)
  at java.base/java.lang.reflect.Method.invoke(Method.java:565)
  at org.junit.runners.model.FrameworkMethod$1.runReflectiveCall(FrameworkMethod.java:59)
  at org.junit.internal.runners.model.ReflectiveCallable.run(ReflectiveCallable.java:12)
  at org.junit.runners.model.FrameworkMethod.invokeExplosively(FrameworkMethod.java:56)
  at org.junit.internal.runners.statements.InvokeMethod.evaluate(InvokeMethod.java:17)
  at org.junit.runners.ParentRunner$3.evaluate(ParentRunner.java:306)
  at org.junit.runners.BlockJUnit4ClassRunner$1.evaluate(BlockJUnit4ClassRunner.java:100)
  at org.junit.runners.ParentRunner.runLeaf(ParentRunner.java:366)
  at org.junit.runners.BlockJUnit4ClassRunner.runChild(BlockJUnit4ClassRunner.java:103)
  at org.junit.runners.BlockJUnit4ClassRunner.runChild(BlockJUnit4ClassRunner.java:63)
  at org.junit.runners.ParentRunner$4.run(ParentRunner.java:331)
  at org.junit.runners.ParentRunner$1.schedule(ParentRunner.java:79)
  at org.junit.runners.ParentRunner.runChildren(ParentRunner.java:329)
  at org.junit.runners.ParentRunner.access$100(ParentRunner.java:66)
  at org.junit.runners.ParentRunner$2.evaluate(ParentRunner.java:293)
  at org.junit.runners.ParentRunner$3.evaluate(ParentRunner.java:306)
  at org.junit.runners.ParentRunner.run(ParentRunner.java:413)
  at org.junit.runner.JUnitCore.run(JUnitCore.java:137)
  at org.junit.runner.JUnitCore.run(JUnitCore.java:115)
  at org.gradle.api.internal.tasks.testing.junit.JUnitTestExecutor.runRequest(JUnitTestExecutor.java:175)
  at org.gradle.api.internal.tasks.testing.junit.JUnitTestExecutor.accept(JUnitTestExecutor.java:84)
  at org.gradle.api.internal.tasks.testing.junit.JUnitTestExecutor.accept(JUnitTestExecutor.java:47)
  at org.gradle.api.internal.tasks.testing.junit.AbstractJUnitTestDefinitionProcessor.processTestDefinition(AbstractJUnitTestDefinitionProcessor.java:65)
  at org.gradle.api.internal.tasks.testing.SuiteTestDefinitionProcessor.processTestDefinition(SuiteTestDefinitionProcessor.java:54)
  at java.base/jdk.internal.reflect.DirectMethodHandleAccessor.invoke(DirectMethodHandleAccessor.java:104)
  at java.base/java.lang.reflect.Method.invoke(Method.java:565)
  at org.gradle.internal.dispatch.MethodInvocation.invokeOn(MethodInvocation.java:77)
  at org.gradle.internal.dispatch.ReflectionDispatch.dispatch(ReflectionDispatch.java:28)
  at org.gradle.internal.dispatch.ReflectionDispatch.dispatch(ReflectionDispatch.java:19)
  at org.gradle.internal.dispatch.ContextClassLoaderDispatch.dispatch(ContextClassLoaderDispatch.java:33)
  at org.gradle.internal.dispatch.ProxyDispatchAdapter$DispatchingInvocationHandler.invoke(ProxyDispatchAdapter.java:88)
  at jdk.proxy1/jdk.proxy1.$Proxy4.processTestDefinition(Unknown Source)
  at org.gradle.api.internal.tasks.testing.worker.TestWorker$2.run(TestWorker.java:178)
  at org.gradle.api.internal.tasks.testing.worker.TestWorker.executeAndMaintainThreadName(TestWorker.java:126)
  at org.gradle.api.internal.tasks.testing.worker.TestWorker.execute(TestWorker.java:103)
  at org.gradle.api.internal.tasks.testing.worker.TestWorker.execute(TestWorker.java:63)
  at org.gradle.process.internal.worker.child.ActionExecutionWorker.execute(ActionExecutionWorker.java:56)
  at org.gradle.process.internal.worker.child.SystemApplicationClassLoaderWorker.call(SystemApplicationClassLoaderWorker.java:122)
  at org.gradle.process.internal.worker.child.SystemApplicationClassLoaderWorker.call(SystemApplicationClassLoaderWorker.java:72)
  at worker.org.gradle.process.internal.worker.GradleWorkerMain.run(GradleWorkerMain.java:69)
  at worker.org.gradle.process.internal.worker.GradleWorkerMain.main(GradleWorkerMain.java:74)
</stacktrace>
</test-failure>


TypeScriptCompilerTests_D[jvm] > declarationEmitPrivateSymbolCausesVarDeclarationEmit2_ts has expected errors matching declarationEmitPrivateSymbolCausesVarDeclarationEmit2_errors_txt[jvm] FAILED

<test-failure test="com.xemantic.typescript.compiler.TypeScriptCompilerTests_D.downlevelLetConst19_ts__target_es5__has expected errors matching baseline" platform="jvm">
<message>
--- expected
+++ actual
@@ -1,9 +1,8 @@
 error TS5107: Option 'target=ES5' is deprecated and will stop functioning in TypeScript 7.0. Specify compilerOption '"ignoreDeprecations": "6.0"' to silence this error.
-downlevelLetConst19.ts(9,14): error TS1250: Function declarations are not allowed inside blocks in strict mode when targeting 'ES5'.
 
 
 !!! error TS5107: Option 'target=ES5' is deprecated and will stop functioning in TypeScript 7.0. Specify compilerOption '"ignoreDeprecations": "6.0"' to silence this error.
-==== downlevelLetConst19.ts (1 errors) ====
+==== downlevelLetConst19.ts (0 errors) ====
     'use strict'
     declare function use(a: any);
     var x;
@@ -13,8 +12,6 @@
         use(x);
     
         function b() {
-                 ~
-!!! error TS1250: Function declarations are not allowed inside blocks in strict mode when targeting 'ES5'.
             {
                 let x;
                 use(x);

</message>
<stacktrace>
  at org.junit.Assert.fail(Assert.java:89)
  at kotlin.test.junit.JUnitAsserter.fail(JUnitSupport.kt:56)
  at kotlin.test.AssertionsKt__AssertionsKt.fail(Assertions.kt:563)
  at kotlin.test.AssertionsKt.fail(Unknown Source)
  at com.xemantic.kotlin.test.SameAsKt.sameAs(SameAs.kt:52)
  at com.xemantic.typescript.compiler.TypeScriptTestSupportKt.errorsMatchBaseline(TypeScriptTestSupport.kt:135)
  at com.xemantic.typescript.compiler.TypeScriptCompilerTests_D.downlevelLetConst19_ts__target_es5__has expected errors matching baseline(TypeScriptCompilerTests_D.kt:6069)
  at java.base/jdk.internal.reflect.DirectMethodHandleAccessor.invoke(DirectMethodHandleAccessor.java:104)
  at java.base/java.lang.reflect.Method.invoke(Method.java:565)
  at org.junit.runners.model.FrameworkMethod$1.runReflectiveCall(FrameworkMethod.java:59)
  at org.junit.internal.runners.model.ReflectiveCallable.run(ReflectiveCallable.java:12)
  at org.junit.runners.model.FrameworkMethod.invokeExplosively(FrameworkMethod.java:56)
  at org.junit.internal.runners.statements.InvokeMethod.evaluate(InvokeMethod.java:17)
  at org.junit.runners.ParentRunner$3.evaluate(ParentRunner.java:306)
  at org.junit.runners.BlockJUnit4ClassRunner$1.evaluate(BlockJUnit4ClassRunner.java:100)
  at org.junit.runners.ParentRunner.runLeaf(ParentRunner.java:366)
  at org.junit.runners.BlockJUnit4ClassRunner.runChild(BlockJUnit4ClassRunner.java:103)
  at org.junit.runners.BlockJUnit4ClassRunner.runChild(BlockJUnit4ClassRunner.java:63)
  at org.junit.runners.ParentRunner$4.run(ParentRunner.java:331)
  at org.junit.runners.ParentRunner$1.schedule(ParentRunner.java:79)
  at org.junit.runners.ParentRunner.runChildren(ParentRunner.java:329)
  at org.junit.runners.ParentRunner.access$100(ParentRunner.java:66)
  at org.junit.runners.ParentRunner$2.evaluate(ParentRunner.java:293)
  at org.junit.runners.ParentRunner$3.evaluate(ParentRunner.java:306)
  at org.junit.runners.ParentRunner.run(ParentRunner.java:413)
  at org.junit.runner.JUnitCore.run(JUnitCore.java:137)
  at org.junit.runner.JUnitCore.run(JUnitCore.java:115)
  at org.gradle.api.internal.tasks.testing.junit.JUnitTestExecutor.runRequest(JUnitTestExecutor.java:175)
  at org.gradle.api.internal.tasks.testing.junit.JUnitTestExecutor.accept(JUnitTestExecutor.java:84)
  at org.gradle.api.internal.tasks.testing.junit.JUnitTestExecutor.accept(JUnitTestExecutor.java:47)
  at org.gradle.api.internal.tasks.testing.junit.AbstractJUnitTestDefinitionProcessor.processTestDefinition(AbstractJUnitTestDefinitionProcessor.java:65)
  at org.gradle.api.internal.tasks.testing.SuiteTestDefinitionProcessor.processTestDefinition(SuiteTestDefinitionProcessor.java:54)
  at java.base/jdk.internal.reflect.DirectMethodHandleAccessor.invoke(DirectMethodHandleAccessor.java:104)
  at java.base/java.lang.reflect.Method.invoke(Method.java:565)
  at org.gradle.internal.dispatch.MethodInvocation.invokeOn(MethodInvocation.java:77)
  at org.gradle.internal.dispatch.ReflectionDispatch.dispatch(ReflectionDispatch.java:28)
  at org.gradle.internal.dispatch.ReflectionDispatch.dispatch(ReflectionDispatch.java:19)
  at org.gradle.internal.dispatch.ContextClassLoaderDispatch.dispatch(ContextClassLoaderDispatch.java:33)
  at org.gradle.internal.dispatch.ProxyDispatchAdapter$DispatchingInvocationHandler.invoke(ProxyDispatchAdapter.java:88)
  at jdk.proxy1/jdk.proxy1.$Proxy4.processTestDefinition(Unknown Source)
  at org.gradle.api.internal.tasks.testing.worker.TestWorker$2.run(TestWorker.java:178)
  at org.gradle.api.internal.tasks.testing.worker.TestWorker.executeAndMaintainThreadName(TestWorker.java:126)
  at org.gradle.api.internal.tasks.testing.worker.TestWorker.execute(TestWorker.java:103)
  at org.gradle.api.internal.tasks.testing.worker.TestWorker.execute(TestWorker.java:63)
  at org.gradle.process.internal.worker.child.ActionExecutionWorker.execute(ActionExecutionWorker.java:56)
  at org.gradle.process.internal.worker.child.SystemApplicationClassLoaderWorker.call(SystemApplicationClassLoaderWorker.java:122)
  at org.gradle.process.internal.worker.child.SystemApplicationClassLoaderWorker.call(SystemApplicationClassLoaderWorker.java:72)
  at worker.org.gradle.process.internal.worker.GradleWorkerMain.run(GradleWorkerMain.java:69)
  at worker.org.gradle.process.internal.worker.GradleWorkerMain.main(GradleWorkerMain.java:74)
</stacktrace>
</test-failure>


TypeScriptCompilerTests_D[jvm] > downlevelLetConst19_ts__target_es5__has expected errors matching baseline[jvm] FAILED

<test-failure test="com.xemantic.typescript.compiler.TypeScriptCompilerTests_D.duplicateLocalVariable1_ts has expected errors matching duplicateLocalVariable1_errors_txt" platform="jvm">
<message>
Expected diagnostics from baseline typescript-repo/tests/baselines/reference/duplicateLocalVariable1.errors.txt but none produced
</message>
<stacktrace>
  at com.xemantic.typescript.compiler.TypeScriptTestSupportKt.errorsMatchBaseline(TypeScriptTestSupport.kt:125)
  at com.xemantic.typescript.compiler.TypeScriptCompilerTests_D.duplicateLocalVariable1_ts has expected errors matching duplicateLocalVariable1_errors_txt(TypeScriptCompilerTests_D.kt:6559)
  at java.base/jdk.internal.reflect.DirectMethodHandleAccessor.invoke(DirectMethodHandleAccessor.java:104)
  at java.base/java.lang.reflect.Method.invoke(Method.java:565)
  at org.junit.runners.model.FrameworkMethod$1.runReflectiveCall(FrameworkMethod.java:59)
  at org.junit.internal.runners.model.ReflectiveCallable.run(ReflectiveCallable.java:12)
  at org.junit.runners.model.FrameworkMethod.invokeExplosively(FrameworkMethod.java:56)
  at org.junit.internal.runners.statements.InvokeMethod.evaluate(InvokeMethod.java:17)
  at org.junit.runners.ParentRunner$3.evaluate(ParentRunner.java:306)
  at org.junit.runners.BlockJUnit4ClassRunner$1.evaluate(BlockJUnit4ClassRunner.java:100)
  at org.junit.runners.ParentRunner.runLeaf(ParentRunner.java:366)
  at org.junit.runners.BlockJUnit4ClassRunner.runChild(BlockJUnit4ClassRunner.java:103)
  at org.junit.runners.BlockJUnit4ClassRunner.runChild(BlockJUnit4ClassRunner.java:63)
  at org.junit.runners.ParentRunner$4.run(ParentRunner.java:331)
  at org.junit.runners.ParentRunner$1.schedule(ParentRunner.java:79)
  at org.junit.runners.ParentRunner.runChildren(ParentRunner.java:329)
  at org.junit.runners.ParentRunner.access$100(ParentRunner.java:66)
  at org.junit.runners.ParentRunner$2.evaluate(ParentRunner.java:293)
  at org.junit.runners.ParentRunner$3.evaluate(ParentRunner.java:306)
  at org.junit.runners.ParentRunner.run(ParentRunner.java:413)
  at org.junit.runner.JUnitCore.run(JUnitCore.java:137)
  at org.junit.runner.JUnitCore.run(JUnitCore.java:115)
  at org.gradle.api.internal.tasks.testing.junit.JUnitTestExecutor.runRequest(JUnitTestExecutor.java:175)
  at org.gradle.api.internal.tasks.testing.junit.JUnitTestExecutor.accept(JUnitTestExecutor.java:84)
  at org.gradle.api.internal.tasks.testing.junit.JUnitTestExecutor.accept(JUnitTestExecutor.java:47)
  at org.gradle.api.internal.tasks.testing.junit.AbstractJUnitTestDefinitionProcessor.processTestDefinition(AbstractJUnitTestDefinitionProcessor.java:65)
  at org.gradle.api.internal.tasks.testing.SuiteTestDefinitionProcessor.processTestDefinition(SuiteTestDefinitionProcessor.java:54)
  at java.base/jdk.internal.reflect.DirectMethodHandleAccessor.invoke(DirectMethodHandleAccessor.java:104)
  at java.base/java.lang.reflect.Method.invoke(Method.java:565)
  at org.gradle.internal.dispatch.MethodInvocation.invokeOn(MethodInvocation.java:77)
  at org.gradle.internal.dispatch.ReflectionDispatch.dispatch(ReflectionDispatch.java:28)
  at org.gradle.internal.dispatch.ReflectionDispatch.dispatch(ReflectionDispatch.java:19)
  at org.gradle.internal.dispatch.ContextClassLoaderDispatch.dispatch(ContextClassLoaderDispatch.java:33)
  at org.gradle.internal.dispatch.ProxyDispatchAdapter$DispatchingInvocationHandler.invoke(ProxyDispatchAdapter.java:88)
  at jdk.proxy1/jdk.proxy1.$Proxy4.processTestDefinition(Unknown Source)
  at org.gradle.api.internal.tasks.testing.worker.TestWorker$2.run(TestWorker.java:178)
  at org.gradle.api.internal.tasks.testing.worker.TestWorker.executeAndMaintainThreadName(TestWorker.java:126)
  at org.gradle.api.internal.tasks.testing.worker.TestWorker.execute(TestWorker.java:103)
  at org.gradle.api.internal.tasks.testing.worker.TestWorker.execute(TestWorker.java:63)
  at org.gradle.process.internal.worker.child.ActionExecutionWorker.execute(ActionExecutionWorker.java:56)
  at org.gradle.process.internal.worker.child.SystemApplicationClassLoaderWorker.call(SystemApplicationClassLoaderWorker.java:122)
  at org.gradle.process.internal.worker.child.SystemApplicationClassLoaderWorker.call(SystemApplicationClassLoaderWorker.java:72)
  at worker.org.gradle.process.internal.worker.GradleWorkerMain.run(GradleWorkerMain.java:69)
  at worker.org.gradle.process.internal.worker.GradleWorkerMain.main(GradleWorkerMain.java:74)
</stacktrace>
</test-failure>


TypeScriptCompilerTests_D[jvm] > duplicateLocalVariable1_ts has expected errors matching duplicateLocalVariable1_errors_txt[jvm] FAILED

<test-failure test="com.xemantic.typescript.compiler.TypeScriptCompilerTests_D.deleteReadonly_ts has expected errors matching deleteReadonly_errors_txt" platform="jvm">
<message>
Expected diagnostics from baseline typescript-repo/tests/baselines/reference/deleteReadonly.errors.txt but none produced
</message>
<stacktrace>
  at com.xemantic.typescript.compiler.TypeScriptTestSupportKt.errorsMatchBaseline(TypeScriptTestSupport.kt:125)
  at com.xemantic.typescript.compiler.TypeScriptCompilerTests_D.deleteReadonly_ts has expected errors matching deleteReadonly_errors_txt(TypeScriptCompilerTests_D.kt:4578)
  at java.base/jdk.internal.reflect.DirectMethodHandleAccessor.invoke(DirectMethodHandleAccessor.java:104)
  at java.base/java.lang.reflect.Method.invoke(Method.java:565)
  at org.junit.runners.model.FrameworkMethod$1.runReflectiveCall(FrameworkMethod.java:59)
  at org.junit.internal.runners.model.ReflectiveCallable.run(ReflectiveCallable.java:12)
  at org.junit.runners.model.FrameworkMethod.invokeExplosively(FrameworkMethod.java:56)
  at org.junit.internal.runners.statements.InvokeMethod.evaluate(InvokeMethod.java:17)
  at org.junit.runners.ParentRunner$3.evaluate(ParentRunner.java:306)
  at org.junit.runners.BlockJUnit4ClassRunner$1.evaluate(BlockJUnit4ClassRunner.java:100)
  at org.junit.runners.ParentRunner.runLeaf(ParentRunner.java:366)
  at org.junit.runners.BlockJUnit4ClassRunner.runChild(BlockJUnit4ClassRunner.java:103)
  at org.junit.runners.BlockJUnit4ClassRunner.runChild(BlockJUnit4ClassRunner.java:63)
  at org.junit.runners.ParentRunner$4.run(ParentRunner.java:331)
  at org.junit.runners.ParentRunner$1.schedule(ParentRunner.java:79)
  at org.junit.runners.ParentRunner.runChildren(ParentRunner.java:329)
  at org.junit.runners.ParentRunner.access$100(ParentRunner.java:66)
  at org.junit.runners.ParentRunner$2.evaluate(ParentRunner.java:293)
  at org.junit.runners.ParentRunner$3.evaluate(ParentRunner.java:306)
  at org.junit.runners.ParentRunner.run(ParentRunner.java:413)
  at org.junit.runner.JUnitCore.run(JUnitCore.java:137)
  at org.junit.runner.JUnitCore.run(JUnitCore.java:115)
  at org.gradle.api.internal.tasks.testing.junit.JUnitTestExecutor.runRequest(JUnitTestExecutor.java:175)
  at org.gradle.api.internal.tasks.testing.junit.JUnitTestExecutor.accept(JUnitTestExecutor.java:84)
  at org.gradle.api.internal.tasks.testing.junit.JUnitTestExecutor.accept(JUnitTestExecutor.java:47)
  at org.gradle.api.internal.tasks.testing.junit.AbstractJUnitTestDefinitionProcessor.processTestDefinition(AbstractJUnitTestDefinitionProcessor.java:65)
  at org.gradle.api.internal.tasks.testing.SuiteTestDefinitionProcessor.processTestDefinition(SuiteTestDefinitionProcessor.java:54)
  at java.base/jdk.internal.reflect.DirectMethodHandleAccessor.invoke(DirectMethodHandleAccessor.java:104)
  at java.base/java.lang.reflect.Method.invoke(Method.java:565)
  at org.gradle.internal.dispatch.MethodInvocation.invokeOn(MethodInvocation.java:77)
  at org.gradle.internal.dispatch.ReflectionDispatch.dispatch(ReflectionDispatch.java:28)
  at org.gradle.internal.dispatch.ReflectionDispatch.dispatch(ReflectionDispatch.java:19)
  at org.gradle.internal.dispatch.ContextClassLoaderDispatch.dispatch(ContextClassLoaderDispatch.java:33)
  at org.gradle.internal.dispatch.ProxyDispatchAdapter$DispatchingInvocationHandler.invoke(ProxyDispatchAdapter.java:88)
  at jdk.proxy1/jdk.proxy1.$Proxy4.processTestDefinition(Unknown Source)
  at org.gradle.api.internal.tasks.testing.worker.TestWorker$2.run(TestWorker.java:178)
  at org.gradle.api.internal.tasks.testing.worker.TestWorker.executeAndMaintainThreadName(TestWorker.java:126)
  at org.gradle.api.internal.tasks.testing.worker.TestWorker.execute(TestWorker.java:103)
  at org.gradle.api.internal.tasks.testing.worker.TestWorker.execute(TestWorker.java:63)
  at org.gradle.process.internal.worker.child.ActionExecutionWorker.execute(ActionExecutionWorker.java:56)
  at org.gradle.process.internal.worker.child.SystemApplicationClassLoaderWorker.call(SystemApplicationClassLoaderWorker.java:122)
  at org.gradle.process.internal.worker.child.SystemApplicationClassLoaderWorker.call(SystemApplicationClassLoaderWorker.java:72)
  at worker.org.gradle.process.internal.worker.GradleWorkerMain.run(GradleWorkerMain.java:69)
  at worker.org.gradle.process.internal.worker.GradleWorkerMain.main(GradleWorkerMain.java:74)
</stacktrace>
</test-failure>


TypeScriptCompilerTests_D[jvm] > deleteReadonly_ts has expected errors matching deleteReadonly_errors_txt[jvm] FAILED

<test-failure test="com.xemantic.typescript.compiler.TypeScriptCompilerTests_D.duplicatePackage_globalMerge_ts has expected errors matching duplicatePackage_globalMerge_errors_txt" platform="jvm">
<message>
Expected diagnostics from baseline typescript-repo/tests/baselines/reference/duplicatePackage_globalMerge.errors.txt but none produced
</message>
<stacktrace>
  at com.xemantic.typescript.compiler.TypeScriptTestSupportKt.errorsMatchBaseline(TypeScriptTestSupport.kt:125)
  at com.xemantic.typescript.compiler.TypeScriptCompilerTests_D.duplicatePackage_globalMerge_ts has expected errors matching duplicatePackage_globalMerge_errors_txt(TypeScriptCompilerTests_D.kt:6706)
  at java.base/jdk.internal.reflect.DirectMethodHandleAccessor.invoke(DirectMethodHandleAccessor.java:104)
  at java.base/java.lang.reflect.Method.invoke(Method.java:565)
  at org.junit.runners.model.FrameworkMethod$1.runReflectiveCall(FrameworkMethod.java:59)
  at org.junit.internal.runners.model.ReflectiveCallable.run(ReflectiveCallable.java:12)
  at org.junit.runners.model.FrameworkMethod.invokeExplosively(FrameworkMethod.java:56)
  at org.junit.internal.runners.statements.InvokeMethod.evaluate(InvokeMethod.java:17)
  at org.junit.runners.ParentRunner$3.evaluate(ParentRunner.java:306)
  at org.junit.runners.BlockJUnit4ClassRunner$1.evaluate(BlockJUnit4ClassRunner.java:100)
  at org.junit.runners.ParentRunner.runLeaf(ParentRunner.java:366)
  at org.junit.runners.BlockJUnit4ClassRunner.runChild(BlockJUnit4ClassRunner.java:103)
  at org.junit.runners.BlockJUnit4ClassRunner.runChild(BlockJUnit4ClassRunner.java:63)
  at org.junit.runners.ParentRunner$4.run(ParentRunner.java:331)
  at org.junit.runners.ParentRunner$1.schedule(ParentRunner.java:79)
  at org.junit.runners.ParentRunner.runChildren(ParentRunner.java:329)
  at org.junit.runners.ParentRunner.access$100(ParentRunner.java:66)
  at org.junit.runners.ParentRunner$2.evaluate(ParentRunner.java:293)
  at org.junit.runners.ParentRunner$3.evaluate(ParentRunner.java:306)
  at org.junit.runners.ParentRunner.run(ParentRunner.java:413)
  at org.junit.runner.JUnitCore.run(JUnitCore.java:137)
  at org.junit.runner.JUnitCore.run(JUnitCore.java:115)
  at org.gradle.api.internal.tasks.testing.junit.JUnitTestExecutor.runRequest(JUnitTestExecutor.java:175)
  at org.gradle.api.internal.tasks.testing.junit.JUnitTestExecutor.accept(JUnitTestExecutor.java:84)
  at org.gradle.api.internal.tasks.testing.junit.JUnitTestExecutor.accept(JUnitTestExecutor.java:47)
  at org.gradle.api.internal.tasks.testing.junit.AbstractJUnitTestDefinitionProcessor.processTestDefinition(AbstractJUnitTestDefinitionProcessor.java:65)
  at org.gradle.api.internal.tasks.testing.SuiteTestDefinitionProcessor.processTestDefinition(SuiteTestDefinitionProcessor.java:54)
  at java.base/jdk.internal.reflect.DirectMethodHandleAccessor.invoke(DirectMethodHandleAccessor.java:104)
  at java.base/java.lang.reflect.Method.invoke(Method.java:565)
  at org.gradle.internal.dispatch.MethodInvocation.invokeOn(MethodInvocation.java:77)
  at org.gradle.internal.dispatch.ReflectionDispatch.dispatch(ReflectionDispatch.java:28)
  at org.gradle.internal.dispatch.ReflectionDispatch.dispatch(ReflectionDispatch.java:19)
  at org.gradle.internal.dispatch.ContextClassLoaderDispatch.dispatch(ContextClassLoaderDispatch.java:33)
  at org.gradle.internal.dispatch.ProxyDispatchAdapter$DispatchingInvocationHandler.invoke(ProxyDispatchAdapter.java:88)
  at jdk.proxy1/jdk.proxy1.$Proxy4.processTestDefinition(Unknown Source)
  at org.gradle.api.internal.tasks.testing.worker.TestWorker$2.run(TestWorker.java:178)
  at org.gradle.api.internal.tasks.testing.worker.TestWorker.executeAndMaintainThreadName(TestWorker.java:126)
  at org.gradle.api.internal.tasks.testing.worker.TestWorker.execute(TestWorker.java:103)
  at org.gradle.api.internal.tasks.testing.worker.TestWorker.execute(TestWorker.java:63)
  at org.gradle.process.internal.worker.child.ActionExecutionWorker.execute(ActionExecutionWorker.java:56)
  at org.gradle.process.internal.worker.child.SystemApplicationClassLoaderWorker.call(SystemApplicationClassLoaderWorker.java:122)
  at org.gradle.process.internal.worker.child.SystemApplicationClassLoaderWorker.call(SystemApplicationClassLoaderWorker.java:72)
  at worker.org.gradle.process.internal.worker.GradleWorkerMain.run(GradleWorkerMain.java:69)
  at worker.org.gradle.process.internal.worker.GradleWorkerMain.main(GradleWorkerMain.java:74)
</stacktrace>
</test-failure>


TypeScriptCompilerTests_D[jvm] > duplicatePackage_globalMerge_ts has expected errors matching duplicatePackage_globalMerge_errors_txt[jvm] FAILED

<test-failure test="com.xemantic.typescript.compiler.TypeScriptCompilerTests_D.declarationEmitInvalidExport_ts has expected errors matching declarationEmitInvalidExport_errors_txt" platform="jvm">
<message>
--- expected
+++ actual
@@ -1,14 +1,11 @@
-declarationEmitInvalidExport.ts(4,30): error TS4081: Exported type alias 'MyClass' has or is using private name 'myClass'.
 declarationEmitInvalidExport.ts(5,1): error TS1128: Declaration or statement expected.
 
 
-==== declarationEmitInvalidExport.ts (2 errors) ====
+==== declarationEmitInvalidExport.ts (1 errors) ====
     if (false) {
       export var myClass = 0;
     }
     export type MyClass = typeof myClass;
-                                 ~~~~~~~
-!!! error TS4081: Exported type alias 'MyClass' has or is using private name 'myClass'.
     }
     ~
 !!! error TS1128: Declaration or statement expected.

</message>
<stacktrace>
  at org.junit.Assert.fail(Assert.java:89)
  at kotlin.test.junit.JUnitAsserter.fail(JUnitSupport.kt:56)
  at kotlin.test.AssertionsKt__AssertionsKt.fail(Assertions.kt:563)
  at kotlin.test.AssertionsKt.fail(Unknown Source)
  at com.xemantic.kotlin.test.SameAsKt.sameAs(SameAs.kt:52)
  at com.xemantic.typescript.compiler.TypeScriptTestSupportKt.errorsMatchBaseline(TypeScriptTestSupport.kt:135)
  at com.xemantic.typescript.compiler.TypeScriptCompilerTests_D.declarationEmitInvalidExport_ts has expected errors matching declarationEmitInvalidExport_errors_txt(TypeScriptCompilerTests_D.kt:2170)
  at java.base/jdk.internal.reflect.DirectMethodHandleAccessor.invoke(DirectMethodHandleAccessor.java:104)
  at java.base/java.lang.reflect.Method.invoke(Method.java:565)
  at org.junit.runners.model.FrameworkMethod$1.runReflectiveCall(FrameworkMethod.java:59)
  at org.junit.internal.runners.model.ReflectiveCallable.run(ReflectiveCallable.java:12)
  at org.junit.runners.model.FrameworkMethod.invokeExplosively(FrameworkMethod.java:56)
  at org.junit.internal.runners.statements.InvokeMethod.evaluate(InvokeMethod.java:17)
  at org.junit.runners.ParentRunner$3.evaluate(ParentRunner.java:306)
  at org.junit.runners.BlockJUnit4ClassRunner$1.evaluate(BlockJUnit4ClassRunner.java:100)
  at org.junit.runners.ParentRunner.runLeaf(ParentRunner.java:366)
  at org.junit.runners.BlockJUnit4ClassRunner.runChild(BlockJUnit4ClassRunner.java:103)
  at org.junit.runners.BlockJUnit4ClassRunner.runChild(BlockJUnit4ClassRunner.java:63)
  at org.junit.runners.ParentRunner$4.run(ParentRunner.java:331)
  at org.junit.runners.ParentRunner$1.schedule(ParentRunner.java:79)
  at org.junit.runners.ParentRunner.runChildren(ParentRunner.java:329)
  at org.junit.runners.ParentRunner.access$100(ParentRunner.java:66)
  at org.junit.runners.ParentRunner$2.evaluate(ParentRunner.java:293)
  at org.junit.runners.ParentRunner$3.evaluate(ParentRunner.java:306)
  at org.junit.runners.ParentRunner.run(ParentRunner.java:413)
  at org.junit.runner.JUnitCore.run(JUnitCore.java:137)
  at org.junit.runner.JUnitCore.run(JUnitCore.java:115)
  at org.gradle.api.internal.tasks.testing.junit.JUnitTestExecutor.runRequest(JUnitTestExecutor.java:175)
  at org.gradle.api.internal.tasks.testing.junit.JUnitTestExecutor.accept(JUnitTestExecutor.java:84)
  at org.gradle.api.internal.tasks.testing.junit.JUnitTestExecutor.accept(JUnitTestExecutor.java:47)
  at org.gradle.api.internal.tasks.testing.junit.AbstractJUnitTestDefinitionProcessor.processTestDefinition(AbstractJUnitTestDefinitionProcessor.java:65)
  at org.gradle.api.internal.tasks.testing.SuiteTestDefinitionProcessor.processTestDefinition(SuiteTestDefinitionProcessor.java:54)
  at java.base/jdk.internal.reflect.DirectMethodHandleAccessor.invoke(DirectMethodHandleAccessor.java:104)
  at java.base/java.lang.reflect.Method.invoke(Method.java:565)
  at org.gradle.internal.dispatch.MethodInvocation.invokeOn(MethodInvocation.java:77)
  at org.gradle.internal.dispatch.ReflectionDispatch.dispatch(ReflectionDispatch.java:28)
  at org.gradle.internal.dispatch.ReflectionDispatch.dispatch(ReflectionDispatch.java:19)
  at org.gradle.internal.dispatch.ContextClassLoaderDispatch.dispatch(ContextClassLoaderDispatch.java:33)
  at org.gradle.internal.dispatch.ProxyDispatchAdapter$DispatchingInvocationHandler.invoke(ProxyDispatchAdapter.java:88)
  at jdk.proxy1/jdk.proxy1.$Proxy4.processTestDefinition(Unknown Source)
  at org.gradle.api.internal.tasks.testing.worker.TestWorker$2.run(TestWorker.java:178)
  at org.gradle.api.internal.tasks.testing.worker.TestWorker.executeAndMaintainThreadName(TestWorker.java:126)
  at org.gradle.api.internal.tasks.testing.worker.TestWorker.execute(TestWorker.java:103)
  at org.gradle.api.internal.tasks.testing.worker.TestWorker.execute(TestWorker.java:63)
  at org.gradle.process.internal.worker.child.ActionExecutionWorker.execute(ActionExecutionWorker.java:56)
  at org.gradle.process.internal.worker.child.SystemApplicationClassLoaderWorker.call(SystemApplicationClassLoaderWorker.java:122)
  at org.gradle.process.internal.worker.child.SystemApplicationClassLoaderWorker.call(SystemApplicationClassLoaderWorker.java:72)
  at worker.org.gradle.process.internal.worker.GradleWorkerMain.run(GradleWorkerMain.java:69)
  at worker.org.gradle.process.internal.worker.GradleWorkerMain.main(GradleWorkerMain.java:74)
</stacktrace>
</test-failure>


TypeScriptCompilerTests_D[jvm] > declarationEmitInvalidExport_ts has expected errors matching declarationEmitInvalidExport_errors_txt[jvm] FAILED

<test-failure test="com.xemantic.typescript.compiler.TypeScriptCompilerTests_D.declarationEmitForGlobalishSpecifierSymlink_ts compiles to JavaScript matching declarationEmitForGlobalishSpecifierSymlink_js" platform="jvm">
<message>
--- expected
+++ actual
@@ -29,6 +29,11 @@
 import { getA } from "typescript-fsa";
 
 export const a = getA();
+//// [index.d.ts]
+export const a: import("typescript-fsa").A;
+
+
+
 //// [index.js]
 "use strict";
 Object.defineProperty(exports, "__esModule", { value: true });

</message>
<stacktrace>
  at org.junit.Assert.fail(Assert.java:89)
  at kotlin.test.junit.JUnitAsserter.fail(JUnitSupport.kt:56)
  at kotlin.test.AssertionsKt__AssertionsKt.fail(Assertions.kt:563)
  at kotlin.test.AssertionsKt.fail(Unknown Source)
  at com.xemantic.kotlin.test.SameAsKt.sameAs(SameAs.kt:52)
  at com.xemantic.typescript.compiler.TypeScriptTestSupportKt.sameAs(TypeScriptTestSupport.kt:99)
  at com.xemantic.typescript.compiler.TypeScriptCompilerTests_D.declarationEmitForGlobalishSpecifierSymlink_ts compiles to JavaScript matching declarationEmitForGlobalishSpecifierSymlink_js(TypeScriptCompilerTests_D.kt:1897)
  at java.base/jdk.internal.reflect.DirectMethodHandleAccessor.invoke(DirectMethodHandleAccessor.java:104)
  at java.base/java.lang.reflect.Method.invoke(Method.java:565)
  at org.junit.runners.model.FrameworkMethod$1.runReflectiveCall(FrameworkMethod.java:59)
  at org.junit.internal.runners.model.ReflectiveCallable.run(ReflectiveCallable.java:12)
  at org.junit.runners.model.FrameworkMethod.invokeExplosively(FrameworkMethod.java:56)
  at org.junit.internal.runners.statements.InvokeMethod.evaluate(InvokeMethod.java:17)
  at org.junit.runners.ParentRunner$3.evaluate(ParentRunner.java:306)
  at org.junit.runners.BlockJUnit4ClassRunner$1.evaluate(BlockJUnit4ClassRunner.java:100)
  at org.junit.runners.ParentRunner.runLeaf(ParentRunner.java:366)
  at org.junit.runners.BlockJUnit4ClassRunner.runChild(BlockJUnit4ClassRunner.java:103)
  at org.junit.runners.BlockJUnit4ClassRunner.runChild(BlockJUnit4ClassRunner.java:63)
  at org.junit.runners.ParentRunner$4.run(ParentRunner.java:331)
  at org.junit.runners.ParentRunner$1.schedule(ParentRunner.java:79)
  at org.junit.runners.ParentRunner.runChildren(ParentRunner.java:329)
  at org.junit.runners.ParentRunner.access$100(ParentRunner.java:66)
  at org.junit.runners.ParentRunner$2.evaluate(ParentRunner.java:293)
  at org.junit.runners.ParentRunner$3.evaluate(ParentRunner.java:306)
  at org.junit.runners.ParentRunner.run(ParentRunner.java:413)
  at org.junit.runner.JUnitCore.run(JUnitCore.java:137)
  at org.junit.runner.JUnitCore.run(JUnitCore.java:115)
  at org.gradle.api.internal.tasks.testing.junit.JUnitTestExecutor.runRequest(JUnitTestExecutor.java:175)
  at org.gradle.api.internal.tasks.testing.junit.JUnitTestExecutor.accept(JUnitTestExecutor.java:84)
  at org.gradle.api.internal.tasks.testing.junit.JUnitTestExecutor.accept(JUnitTestExecutor.java:47)
  at org.gradle.api.internal.tasks.testing.junit.AbstractJUnitTestDefinitionProcessor.processTestDefinition(AbstractJUnitTestDefinitionProcessor.java:65)
  at org.gradle.api.internal.tasks.testing.SuiteTestDefinitionProcessor.processTestDefinition(SuiteTestDefinitionProcessor.java:54)
  at java.base/jdk.internal.reflect.DirectMethodHandleAccessor.invoke(DirectMethodHandleAccessor.java:104)
  at java.base/java.lang.reflect.Method.invoke(Method.java:565)
  at org.gradle.internal.dispatch.MethodInvocation.invokeOn(MethodInvocation.java:77)
  at org.gradle.internal.dispatch.ReflectionDispatch.dispatch(ReflectionDispatch.java:28)
  at org.gradle.internal.dispatch.ReflectionDispatch.dispatch(ReflectionDispatch.java:19)
  at org.gradle.internal.dispatch.ContextClassLoaderDispatch.dispatch(ContextClassLoaderDispatch.java:33)
  at org.gradle.internal.dispatch.ProxyDispatchAdapter$DispatchingInvocationHandler.invoke(ProxyDispatchAdapter.java:88)
  at jdk.proxy1/jdk.proxy1.$Proxy4.processTestDefinition(Unknown Source)
  at org.gradle.api.internal.tasks.testing.worker.TestWorker$2.run(TestWorker.java:178)
  at org.gradle.api.internal.tasks.testing.worker.TestWorker.executeAndMaintainThreadName(TestWorker.java:126)
  at org.gradle.api.internal.tasks.testing.worker.TestWorker.execute(TestWorker.java:103)
  at org.gradle.api.internal.tasks.testing.worker.TestWorker.execute(TestWorker.java:63)
  at org.gradle.process.internal.worker.child.ActionExecutionWorker.execute(ActionExecutionWorker.java:56)
  at org.gradle.process.internal.worker.child.SystemApplicationClassLoaderWorker.call(SystemApplicationClassLoaderWorker.java:122)
  at org.gradle.process.internal.worker.child.SystemApplicationClassLoaderWorker.call(SystemApplicationClassLoaderWorker.java:72)
  at worker.org.gradle.process.internal.worker.GradleWorkerMain.run(GradleWorkerMain.java:69)
  at worker.org.gradle.process.internal.worker.GradleWorkerMain.main(GradleWorkerMain.java:74)
</stacktrace>
</test-failure>


TypeScriptCompilerTests_D[jvm] > declarationEmitForGlobalishSpecifierSymlink_ts compiles to JavaScript matching declarationEmitForGlobalishSpecifierSymlink_js[jvm] FAILED

<test-failure test="com.xemantic.typescript.compiler.TypeScriptCompilerTests_D.declarationEmitComputedPropertyNameSymbol1_ts has expected errors matching declarationEmitComputedPropertyNameSymbol1_errors_txt" platform="jvm">
<message>
Expected diagnostics from baseline typescript-repo/tests/baselines/reference/declarationEmitComputedPropertyNameSymbol1.errors.txt but none produced
</message>
<stacktrace>
  at com.xemantic.typescript.compiler.TypeScriptTestSupportKt.errorsMatchBaseline(TypeScriptTestSupport.kt:125)
  at com.xemantic.typescript.compiler.TypeScriptCompilerTests_D.declarationEmitComputedPropertyNameSymbol1_ts has expected errors matching declarationEmitComputedPropertyNameSymbol1_errors_txt(TypeScriptCompilerTests_D.kt:1330)
  at java.base/jdk.internal.reflect.DirectMethodHandleAccessor.invoke(DirectMethodHandleAccessor.java:104)
  at java.base/java.lang.reflect.Method.invoke(Method.java:565)
  at org.junit.runners.model.FrameworkMethod$1.runReflectiveCall(FrameworkMethod.java:59)
  at org.junit.internal.runners.model.ReflectiveCallable.run(ReflectiveCallable.java:12)
  at org.junit.runners.model.FrameworkMethod.invokeExplosively(FrameworkMethod.java:56)
  at org.junit.internal.runners.statements.InvokeMethod.evaluate(InvokeMethod.java:17)
  at org.junit.runners.ParentRunner$3.evaluate(ParentRunner.java:306)
  at org.junit.runners.BlockJUnit4ClassRunner$1.evaluate(BlockJUnit4ClassRunner.java:100)
  at org.junit.runners.ParentRunner.runLeaf(ParentRunner.java:366)
  at org.junit.runners.BlockJUnit4ClassRunner.runChild(BlockJUnit4ClassRunner.java:103)
  at org.junit.runners.BlockJUnit4ClassRunner.runChild(BlockJUnit4ClassRunner.java:63)
  at org.junit.runners.ParentRunner$4.run(ParentRunner.java:331)
  at org.junit.runners.ParentRunner$1.schedule(ParentRunner.java:79)
  at org.junit.runners.ParentRunner.runChildren(ParentRunner.java:329)
  at org.junit.runners.ParentRunner.access$100(ParentRunner.java:66)
  at org.junit.runners.ParentRunner$2.evaluate(ParentRunner.java:293)
  at org.junit.runners.ParentRunner$3.evaluate(ParentRunner.java:306)
  at org.junit.runners.ParentRunner.run(ParentRunner.java:413)
  at org.junit.runner.JUnitCore.run(JUnitCore.java:137)
  at org.junit.runner.JUnitCore.run(JUnitCore.java:115)
  at org.gradle.api.internal.tasks.testing.junit.JUnitTestExecutor.runRequest(JUnitTestExecutor.java:175)
  at org.gradle.api.internal.tasks.testing.junit.JUnitTestExecutor.accept(JUnitTestExecutor.java:84)
  at org.gradle.api.internal.tasks.testing.junit.JUnitTestExecutor.accept(JUnitTestExecutor.java:47)
  at org.gradle.api.internal.tasks.testing.junit.AbstractJUnitTestDefinitionProcessor.processTestDefinition(AbstractJUnitTestDefinitionProcessor.java:65)
  at org.gradle.api.internal.tasks.testing.SuiteTestDefinitionProcessor.processTestDefinition(SuiteTestDefinitionProcessor.java:54)
  at java.base/jdk.internal.reflect.DirectMethodHandleAccessor.invoke(DirectMethodHandleAccessor.java:104)
  at java.base/java.lang.reflect.Method.invoke(Method.java:565)
  at org.gradle.internal.dispatch.MethodInvocation.invokeOn(MethodInvocation.java:77)
  at org.gradle.internal.dispatch.ReflectionDispatch.dispatch(ReflectionDispatch.java:28)
  at org.gradle.internal.dispatch.ReflectionDispatch.dispatch(ReflectionDispatch.java:19)
  at org.gradle.internal.dispatch.ContextClassLoaderDispatch.dispatch(ContextClassLoaderDispatch.java:33)
  at org.gradle.internal.dispatch.ProxyDispatchAdapter$DispatchingInvocationHandler.invoke(ProxyDispatchAdapter.java:88)
  at jdk.proxy1/jdk.proxy1.$Proxy4.processTestDefinition(Unknown Source)
  at org.gradle.api.internal.tasks.testing.worker.TestWorker$2.run(TestWorker.java:178)
  at org.gradle.api.internal.tasks.testing.worker.TestWorker.executeAndMaintainThreadName(TestWorker.java:126)
  at org.gradle.api.internal.tasks.testing.worker.TestWorker.execute(TestWorker.java:103)
  at org.gradle.api.internal.tasks.testing.worker.TestWorker.execute(TestWorker.java:63)
  at org.gradle.process.internal.worker.child.ActionExecutionWorker.execute(ActionExecutionWorker.java:56)
  at org.gradle.process.internal.worker.child.SystemApplicationClassLoaderWorker.call(SystemApplicationClassLoaderWorker.java:122)
  at org.gradle.process.internal.worker.child.SystemApplicationClassLoaderWorker.call(SystemApplicationClassLoaderWorker.java:72)
  at worker.org.gradle.process.internal.worker.GradleWorkerMain.run(GradleWorkerMain.java:69)
  at worker.org.gradle.process.internal.worker.GradleWorkerMain.main(GradleWorkerMain.java:74)
</stacktrace>
</test-failure>


TypeScriptCompilerTests_D[jvm] > declarationEmitComputedPropertyNameSymbol1_ts has expected errors matching declarationEmitComputedPropertyNameSymbol1_errors_txt[jvm] FAILED

<test-failure test="com.xemantic.typescript.compiler.TypeScriptCompilerTests_D.dissallowSymbolAsWeakType_ts has expected errors matching dissallowSymbolAsWeakType_errors_txt" platform="jvm">
<message>
Expected diagnostics from baseline typescript-repo/tests/baselines/reference/dissallowSymbolAsWeakType.errors.txt but none produced
</message>
<stacktrace>
  at com.xemantic.typescript.compiler.TypeScriptTestSupportKt.errorsMatchBaseline(TypeScriptTestSupport.kt:125)
  at com.xemantic.typescript.compiler.TypeScriptCompilerTests_D.dissallowSymbolAsWeakType_ts has expected errors matching dissallowSymbolAsWeakType_errors_txt(TypeScriptCompilerTests_D.kt:5446)
  at java.base/jdk.internal.reflect.DirectMethodHandleAccessor.invoke(DirectMethodHandleAccessor.java:104)
  at java.base/java.lang.reflect.Method.invoke(Method.java:565)
  at org.junit.runners.model.FrameworkMethod$1.runReflectiveCall(FrameworkMethod.java:59)
  at org.junit.internal.runners.model.ReflectiveCallable.run(ReflectiveCallable.java:12)
  at org.junit.runners.model.FrameworkMethod.invokeExplosively(FrameworkMethod.java:56)
  at org.junit.internal.runners.statements.InvokeMethod.evaluate(InvokeMethod.java:17)
  at org.junit.runners.ParentRunner$3.evaluate(ParentRunner.java:306)
  at org.junit.runners.BlockJUnit4ClassRunner$1.evaluate(BlockJUnit4ClassRunner.java:100)
  at org.junit.runners.ParentRunner.runLeaf(ParentRunner.java:366)
  at org.junit.runners.BlockJUnit4ClassRunner.runChild(BlockJUnit4ClassRunner.java:103)
  at org.junit.runners.BlockJUnit4ClassRunner.runChild(BlockJUnit4ClassRunner.java:63)
  at org.junit.runners.ParentRunner$4.run(ParentRunner.java:331)
  at org.junit.runners.ParentRunner$1.schedule(ParentRunner.java:79)
  at org.junit.runners.ParentRunner.runChildren(ParentRunner.java:329)
  at org.junit.runners.ParentRunner.access$100(ParentRunner.java:66)
  at org.junit.runners.ParentRunner$2.evaluate(ParentRunner.java:293)
  at org.junit.runners.ParentRunner$3.evaluate(ParentRunner.java:306)
  at org.junit.runners.ParentRunner.run(ParentRunner.java:413)
  at org.junit.runner.JUnitCore.run(JUnitCore.java:137)
  at org.junit.runner.JUnitCore.run(JUnitCore.java:115)
  at org.gradle.api.internal.tasks.testing.junit.JUnitTestExecutor.runRequest(JUnitTestExecutor.java:175)
  at org.gradle.api.internal.tasks.testing.junit.JUnitTestExecutor.accept(JUnitTestExecutor.java:84)
  at org.gradle.api.internal.tasks.testing.junit.JUnitTestExecutor.accept(JUnitTestExecutor.java:47)
  at org.gradle.api.internal.tasks.testing.junit.AbstractJUnitTestDefinitionProcessor.processTestDefinition(AbstractJUnitTestDefinitionProcessor.java:65)
  at org.gradle.api.internal.tasks.testing.SuiteTestDefinitionProcessor.processTestDefinition(SuiteTestDefinitionProcessor.java:54)
  at java.base/jdk.internal.reflect.DirectMethodHandleAccessor.invoke(DirectMethodHandleAccessor.java:104)
  at java.base/java.lang.reflect.Method.invoke(Method.java:565)
  at org.gradle.internal.dispatch.MethodInvocation.invokeOn(MethodInvocation.java:77)
  at org.gradle.internal.dispatch.ReflectionDispatch.dispatch(ReflectionDispatch.java:28)
  at org.gradle.internal.dispatch.ReflectionDispatch.dispatch(ReflectionDispatch.java:19)
  at org.gradle.internal.dispatch.ContextClassLoaderDispatch.dispatch(ContextClassLoaderDispatch.java:33)
  at org.gradle.internal.dispatch.ProxyDispatchAdapter$DispatchingInvocationHandler.invoke(ProxyDispatchAdapter.java:88)
  at jdk.proxy1/jdk.proxy1.$Proxy4.processTestDefinition(Unknown Source)
  at org.gradle.api.internal.tasks.testing.worker.TestWorker$2.run(TestWorker.java:178)
  at org.gradle.api.internal.tasks.testing.worker.TestWorker.executeAndMaintainThreadName(TestWorker.java:126)
  at org.gradle.api.internal.tasks.testing.worker.TestWorker.execute(TestWorker.java:103)
  at org.gradle.api.internal.tasks.testing.worker.TestWorker.execute(TestWorker.java:63)
  at org.gradle.process.internal.worker.child.ActionExecutionWorker.execute(ActionExecutionWorker.java:56)
  at org.gradle.process.internal.worker.child.SystemApplicationClassLoaderWorker.call(SystemApplicationClassLoaderWorker.java:122)
  at org.gradle.process.internal.worker.child.SystemApplicationClassLoaderWorker.call(SystemApplicationClassLoaderWorker.java:72)
  at worker.org.gradle.process.internal.worker.GradleWorkerMain.run(GradleWorkerMain.java:69)
  at worker.org.gradle.process.internal.worker.GradleWorkerMain.main(GradleWorkerMain.java:74)
</stacktrace>
</test-failure>


TypeScriptCompilerTests_D[jvm] > dissallowSymbolAsWeakType_ts has expected errors matching dissallowSymbolAsWeakType_errors_txt[jvm] FAILED

<test-failure test="com.xemantic.typescript.compiler.TypeScriptCompilerTests_D.distributiveConditionalTypeConstraints_ts has expected errors matching distributiveConditionalTypeConstraints_errors_txt" platform="jvm">
<message>
Expected diagnostics from baseline typescript-repo/tests/baselines/reference/distributiveConditionalTypeConstraints.errors.txt but none produced
</message>
<stacktrace>
  at com.xemantic.typescript.compiler.TypeScriptTestSupportKt.errorsMatchBaseline(TypeScriptTestSupport.kt:125)
  at com.xemantic.typescript.compiler.TypeScriptCompilerTests_D.distributiveConditionalTypeConstraints_ts has expected errors matching distributiveConditionalTypeConstraints_errors_txt(TypeScriptCompilerTests_D.kt:5453)
  at java.base/jdk.internal.reflect.DirectMethodHandleAccessor.invoke(DirectMethodHandleAccessor.java:104)
  at java.base/java.lang.reflect.Method.invoke(Method.java:565)
  at org.junit.runners.model.FrameworkMethod$1.runReflectiveCall(FrameworkMethod.java:59)
  at org.junit.internal.runners.model.ReflectiveCallable.run(ReflectiveCallable.java:12)
  at org.junit.runners.model.FrameworkMethod.invokeExplosively(FrameworkMethod.java:56)
  at org.junit.internal.runners.statements.InvokeMethod.evaluate(InvokeMethod.java:17)
  at org.junit.runners.ParentRunner$3.evaluate(ParentRunner.java:306)
  at org.junit.runners.BlockJUnit4ClassRunner$1.evaluate(BlockJUnit4ClassRunner.java:100)
  at org.junit.runners.ParentRunner.runLeaf(ParentRunner.java:366)
  at org.junit.runners.BlockJUnit4ClassRunner.runChild(BlockJUnit4ClassRunner.java:103)
  at org.junit.runners.BlockJUnit4ClassRunner.runChild(BlockJUnit4ClassRunner.java:63)
  at org.junit.runners.ParentRunner$4.run(ParentRunner.java:331)
  at org.junit.runners.ParentRunner$1.schedule(ParentRunner.java:79)
  at org.junit.runners.ParentRunner.runChildren(ParentRunner.java:329)
  at org.junit.runners.ParentRunner.access$100(ParentRunner.java:66)
  at org.junit.runners.ParentRunner$2.evaluate(ParentRunner.java:293)
  at org.junit.runners.ParentRunner$3.evaluate(ParentRunner.java:306)
  at org.junit.runners.ParentRunner.run(ParentRunner.java:413)
  at org.junit.runner.JUnitCore.run(JUnitCore.java:137)
  at org.junit.runner.JUnitCore.run(JUnitCore.java:115)
  at org.gradle.api.internal.tasks.testing.junit.JUnitTestExecutor.runRequest(JUnitTestExecutor.java:175)
  at org.gradle.api.internal.tasks.testing.junit.JUnitTestExecutor.accept(JUnitTestExecutor.java:84)
  at org.gradle.api.internal.tasks.testing.junit.JUnitTestExecutor.accept(JUnitTestExecutor.java:47)
  at org.gradle.api.internal.tasks.testing.junit.AbstractJUnitTestDefinitionProcessor.processTestDefinition(AbstractJUnitTestDefinitionProcessor.java:65)
  at org.gradle.api.internal.tasks.testing.SuiteTestDefinitionProcessor.processTestDefinition(SuiteTestDefinitionProcessor.java:54)
  at java.base/jdk.internal.reflect.DirectMethodHandleAccessor.invoke(DirectMethodHandleAccessor.java:104)
  at java.base/java.lang.reflect.Method.invoke(Method.java:565)
  at org.gradle.internal.dispatch.MethodInvocation.invokeOn(MethodInvocation.java:77)
  at org.gradle.internal.dispatch.ReflectionDispatch.dispatch(ReflectionDispatch.java:28)
  at org.gradle.internal.dispatch.ReflectionDispatch.dispatch(ReflectionDispatch.java:19)
  at org.gradle.internal.dispatch.ContextClassLoaderDispatch.dispatch(ContextClassLoaderDispatch.java:33)
  at org.gradle.internal.dispatch.ProxyDispatchAdapter$DispatchingInvocationHandler.invoke(ProxyDispatchAdapter.java:88)
  at jdk.proxy1/jdk.proxy1.$Proxy4.processTestDefinition(Unknown Source)
  at org.gradle.api.internal.tasks.testing.worker.TestWorker$2.run(TestWorker.java:178)
  at org.gradle.api.internal.tasks.testing.worker.TestWorker.executeAndMaintainThreadName(TestWorker.java:126)
  at org.gradle.api.internal.tasks.testing.worker.TestWorker.execute(TestWorker.java:103)
  at org.gradle.api.internal.tasks.testing.worker.TestWorker.execute(TestWorker.java:63)
  at org.gradle.process.internal.worker.child.ActionExecutionWorker.execute(ActionExecutionWorker.java:56)
  at org.gradle.process.internal.worker.child.SystemApplicationClassLoaderWorker.call(SystemApplicationClassLoaderWorker.java:122)
  at org.gradle.process.internal.worker.child.SystemApplicationClassLoaderWorker.call(SystemApplicationClassLoaderWorker.java:72)
  at worker.org.gradle.process.internal.worker.GradleWorkerMain.run(GradleWorkerMain.java:69)
  at worker.org.gradle.process.internal.worker.GradleWorkerMain.main(GradleWorkerMain.java:74)
</stacktrace>
</test-failure>


TypeScriptCompilerTests_D[jvm] > distributiveConditionalTypeConstraints_ts has expected errors matching distributiveConditionalTypeConstraints_errors_txt[jvm] FAILED

<test-failure test="com.xemantic.typescript.compiler.TypeScriptCompilerTests_D.downlevelLetConst13_ts__target_es2015__compiles to JavaScript matching baseline" platform="jvm">
<message>
--- expected
+++ actual
@@ -21,22 +21,28 @@
 }
 
 //// [downlevelLetConst13.js]
-'use strict';
+"use strict";
 Object.defineProperty(exports, "__esModule", { value: true });
 exports.M = exports.bar4 = exports.bar3 = exports.bar2 = exports.bar1 = exports.bar = exports.foo = void 0;
 // exported let\const bindings should not be renamed
 exports.foo = 10;
 exports.bar = "123";
-exports.bar1 = [1][0];
-exports.bar2 = [2][0];
+let [bar1] = [1];
+exports.bar1 = bar1;
+const [bar2] = [2];
+exports.bar2 = bar2;
 exports.bar3 = { a: 1 }.a;
 exports.bar4 = { a: 1 }.a;
 var M;
 (function (M) {
+    var _a;
+    var _b;
+    var _c;
+    var _d;
     M.baz = 100;
     M.baz2 = true;
-    M.bar5 = [1][0];
-    M.bar6 = [2][0];
-    M.bar7 = { a: 1 }.a;
-    M.bar8 = { a: 1 }.a;
+    _a = [1], M.bar5 = _a[0];
+    _b = [2], M.bar6 = _b[0];
+    _c = { a: 1 }, M.bar7 = _c.a;
+    _d = { a: 1 }, M.bar8 = _d.a;
 })(M || (exports.M = M = {}));

</message>
<stacktrace>
  at org.junit.Assert.fail(Assert.java:89)
  at kotlin.test.junit.JUnitAsserter.fail(JUnitSupport.kt:56)
  at kotlin.test.AssertionsKt__AssertionsKt.fail(Assertions.kt:563)
  at kotlin.test.AssertionsKt.fail(Unknown Source)
  at com.xemantic.kotlin.test.SameAsKt.sameAs(SameAs.kt:52)
  at com.xemantic.typescript.compiler.TypeScriptTestSupportKt.sameAs(TypeScriptTestSupport.kt:99)
  at com.xemantic.typescript.compiler.TypeScriptCompilerTests_D.downlevelLetConst13_ts__target_es2015__compiles to JavaScript matching baseline(TypeScriptCompilerTests_D.kt:5971)
  at java.base/jdk.internal.reflect.DirectMethodHandleAccessor.invoke(DirectMethodHandleAccessor.java:104)
  at java.base/java.lang.reflect.Method.invoke(Method.java:565)
  at org.junit.runners.model.FrameworkMethod$1.runReflectiveCall(FrameworkMethod.java:59)
  at org.junit.internal.runners.model.ReflectiveCallable.run(ReflectiveCallable.java:12)
  at org.junit.runners.model.FrameworkMethod.invokeExplosively(FrameworkMethod.java:56)
  at org.junit.internal.runners.statements.InvokeMethod.evaluate(InvokeMethod.java:17)
  at org.junit.runners.ParentRunner$3.evaluate(ParentRunner.java:306)
  at org.junit.runners.BlockJUnit4ClassRunner$1.evaluate(BlockJUnit4ClassRunner.java:100)
  at org.junit.runners.ParentRunner.runLeaf(ParentRunner.java:366)
  at org.junit.runners.BlockJUnit4ClassRunner.runChild(BlockJUnit4ClassRunner.java:103)
  at org.junit.runners.BlockJUnit4ClassRunner.runChild(BlockJUnit4ClassRunner.java:63)
  at org.junit.runners.ParentRunner$4.run(ParentRunner.java:331)
  at org.junit.runners.ParentRunner$1.schedule(ParentRunner.java:79)
  at org.junit.runners.ParentRunner.runChildren(ParentRunner.java:329)
  at org.junit.runners.ParentRunner.access$100(ParentRunner.java:66)
  at org.junit.runners.ParentRunner$2.evaluate(ParentRunner.java:293)
  at org.junit.runners.ParentRunner$3.evaluate(ParentRunner.java:306)
  at org.junit.runners.ParentRunner.run(ParentRunner.java:413)
  at org.junit.runner.JUnitCore.run(JUnitCore.java:137)
  at org.junit.runner.JUnitCore.run(JUnitCore.java:115)
  at org.gradle.api.internal.tasks.testing.junit.JUnitTestExecutor.runRequest(JUnitTestExecutor.java:175)
  at org.gradle.api.internal.tasks.testing.junit.JUnitTestExecutor.accept(JUnitTestExecutor.java:84)
  at org.gradle.api.internal.tasks.testing.junit.JUnitTestExecutor.accept(JUnitTestExecutor.java:47)
  at org.gradle.api.internal.tasks.testing.junit.AbstractJUnitTestDefinitionProcessor.processTestDefinition(AbstractJUnitTestDefinitionProcessor.java:65)
  at org.gradle.api.internal.tasks.testing.SuiteTestDefinitionProcessor.processTestDefinition(SuiteTestDefinitionProcessor.java:54)
  at java.base/jdk.internal.reflect.DirectMethodHandleAccessor.invoke(DirectMethodHandleAccessor.java:104)
  at java.base/java.lang.reflect.Method.invoke(Method.java:565)
  at org.gradle.internal.dispatch.MethodInvocation.invokeOn(MethodInvocation.java:77)
  at org.gradle.internal.dispatch.ReflectionDispatch.dispatch(ReflectionDispatch.java:28)
  at org.gradle.internal.dispatch.ReflectionDispatch.dispatch(ReflectionDispatch.java:19)
  at org.gradle.internal.dispatch.ContextClassLoaderDispatch.dispatch(ContextClassLoaderDispatch.java:33)
  at org.gradle.internal.dispatch.ProxyDispatchAdapter$DispatchingInvocationHandler.invoke(ProxyDispatchAdapter.java:88)
  at jdk.proxy1/jdk.proxy1.$Proxy4.processTestDefinition(Unknown Source)
  at org.gradle.api.internal.tasks.testing.worker.TestWorker$2.run(TestWorker.java:178)
  at org.gradle.api.internal.tasks.testing.worker.TestWorker.executeAndMaintainThreadName(TestWorker.java:126)
  at org.gradle.api.internal.tasks.testing.worker.TestWorker.execute(TestWorker.java:103)
  at org.gradle.api.internal.tasks.testing.worker.TestWorker.execute(TestWorker.java:63)
  at org.gradle.process.internal.worker.child.ActionExecutionWorker.execute(ActionExecutionWorker.java:56)
  at org.gradle.process.internal.worker.child.SystemApplicationClassLoaderWorker.call(SystemApplicationClassLoaderWorker.java:122)
  at org.gradle.process.internal.worker.child.SystemApplicationClassLoaderWorker.call(SystemApplicationClassLoaderWorker.java:72)
  at worker.org.gradle.process.internal.worker.GradleWorkerMain.run(GradleWorkerMain.java:69)
  at worker.org.gradle.process.internal.worker.GradleWorkerMain.main(GradleWorkerMain.java:74)
</stacktrace>
</test-failure>


TypeScriptCompilerTests_D[jvm] > downlevelLetConst13_ts__target_es2015__compiles to JavaScript matching baseline[jvm] FAILED

<test-failure test="com.xemantic.typescript.compiler.TypeScriptCompilerTests_D.dataViewConstructor_ts has expected errors matching dataViewConstructor_errors_txt" platform="jvm">
<message>
Expected diagnostics from baseline typescript-repo/tests/baselines/reference/dataViewConstructor.errors.txt but none produced
</message>
<stacktrace>
  at com.xemantic.typescript.compiler.TypeScriptTestSupportKt.errorsMatchBaseline(TypeScriptTestSupport.kt:125)
  at com.xemantic.typescript.compiler.TypeScriptCompilerTests_D.dataViewConstructor_ts has expected errors matching dataViewConstructor_errors_txt(TypeScriptCompilerTests_D.kt:28)
  at java.base/jdk.internal.reflect.DirectMethodHandleAccessor.invoke(DirectMethodHandleAccessor.java:104)
  at java.base/java.lang.reflect.Method.invoke(Method.java:565)
  at org.junit.runners.model.FrameworkMethod$1.runReflectiveCall(FrameworkMethod.java:59)
  at org.junit.internal.runners.model.ReflectiveCallable.run(ReflectiveCallable.java:12)
  at org.junit.runners.model.FrameworkMethod.invokeExplosively(FrameworkMethod.java:56)
  at org.junit.internal.runners.statements.InvokeMethod.evaluate(InvokeMethod.java:17)
  at org.junit.runners.ParentRunner$3.evaluate(ParentRunner.java:306)
  at org.junit.runners.BlockJUnit4ClassRunner$1.evaluate(BlockJUnit4ClassRunner.java:100)
  at org.junit.runners.ParentRunner.runLeaf(ParentRunner.java:366)
  at org.junit.runners.BlockJUnit4ClassRunner.runChild(BlockJUnit4ClassRunner.java:103)
  at org.junit.runners.BlockJUnit4ClassRunner.runChild(BlockJUnit4ClassRunner.java:63)
  at org.junit.runners.ParentRunner$4.run(ParentRunner.java:331)
  at org.junit.runners.ParentRunner$1.schedule(ParentRunner.java:79)
  at org.junit.runners.ParentRunner.runChildren(ParentRunner.java:329)
  at org.junit.runners.ParentRunner.access$100(ParentRunner.java:66)
  at org.junit.runners.ParentRunner$2.evaluate(ParentRunner.java:293)
  at org.junit.runners.ParentRunner$3.evaluate(ParentRunner.java:306)
  at org.junit.runners.ParentRunner.run(ParentRunner.java:413)
  at org.junit.runner.JUnitCore.run(JUnitCore.java:137)
  at org.junit.runner.JUnitCore.run(JUnitCore.java:115)
  at org.gradle.api.internal.tasks.testing.junit.JUnitTestExecutor.runRequest(JUnitTestExecutor.java:175)
  at org.gradle.api.internal.tasks.testing.junit.JUnitTestExecutor.accept(JUnitTestExecutor.java:84)
  at org.gradle.api.internal.tasks.testing.junit.JUnitTestExecutor.accept(JUnitTestExecutor.java:47)
  at org.gradle.api.internal.tasks.testing.junit.AbstractJUnitTestDefinitionProcessor.processTestDefinition(AbstractJUnitTestDefinitionProcessor.java:65)
  at org.gradle.api.internal.tasks.testing.SuiteTestDefinitionProcessor.processTestDefinition(SuiteTestDefinitionProcessor.java:54)
  at java.base/jdk.internal.reflect.DirectMethodHandleAccessor.invoke(DirectMethodHandleAccessor.java:104)
  at java.base/java.lang.reflect.Method.invoke(Method.java:565)
  at org.gradle.internal.dispatch.MethodInvocation.invokeOn(MethodInvocation.java:77)
  at org.gradle.internal.dispatch.ReflectionDispatch.dispatch(ReflectionDispatch.java:28)
  at org.gradle.internal.dispatch.ReflectionDispatch.dispatch(ReflectionDispatch.java:19)
  at org.gradle.internal.dispatch.ContextClassLoaderDispatch.dispatch(ContextClassLoaderDispatch.java:33)
  at org.gradle.internal.dispatch.ProxyDispatchAdapter$DispatchingInvocationHandler.invoke(ProxyDispatchAdapter.java:88)
  at jdk.proxy1/jdk.proxy1.$Proxy4.processTestDefinition(Unknown Source)
  at org.gradle.api.internal.tasks.testing.worker.TestWorker$2.run(TestWorker.java:178)
  at org.gradle.api.internal.tasks.testing.worker.TestWorker.executeAndMaintainThreadName(TestWorker.java:126)
  at org.gradle.api.internal.tasks.testing.worker.TestWorker.execute(TestWorker.java:103)
  at org.gradle.api.internal.tasks.testing.worker.TestWorker.execute(TestWorker.java:63)
  at org.gradle.process.internal.worker.child.ActionExecutionWorker.execute(ActionExecutionWorker.java:56)
  at org.gradle.process.internal.worker.child.SystemApplicationClassLoaderWorker.call(SystemApplicationClassLoaderWorker.java:122)
  at org.gradle.process.internal.worker.child.SystemApplicationClassLoaderWorker.call(SystemApplicationClassLoaderWorker.java:72)
  at worker.org.gradle.process.internal.worker.GradleWorkerMain.run(GradleWorkerMain.java:69)
  at worker.org.gradle.process.internal.worker.GradleWorkerMain.main(GradleWorkerMain.java:74)
</stacktrace>
</test-failure>


TypeScriptCompilerTests_D[jvm] > dataViewConstructor_ts has expected errors matching dataViewConstructor_errors_txt[jvm] FAILED

<test-failure test="com.xemantic.typescript.compiler.TypeScriptCompilerTests_D.declarationEmitResolveTypesIfNotReusable_ts compiles to JavaScript matching declarationEmitResolveTypesIfNotReusable_js" platform="jvm">
<message>
--- expected
+++ actual
@@ -23,7 +23,8 @@
 const a = { a: "value of a", notNecessary: u };
 export const o1 = (o) => { };
 export const o2 = (o) => { };
-export const o3 = (o) => { };
+export const o3 = (o) => ['a'];
+{ }
 export const o4 = (o) => { };
 //// [main.js]
 import * as d from './decl';

</message>
<stacktrace>
  at org.junit.Assert.fail(Assert.java:89)
  at kotlin.test.junit.JUnitAsserter.fail(JUnitSupport.kt:56)
  at kotlin.test.AssertionsKt__AssertionsKt.fail(Assertions.kt:563)
  at kotlin.test.AssertionsKt.fail(Unknown Source)
  at com.xemantic.kotlin.test.SameAsKt.sameAs(SameAs.kt:52)
  at com.xemantic.typescript.compiler.TypeScriptTestSupportKt.sameAs(TypeScriptTestSupport.kt:99)
  at com.xemantic.typescript.compiler.TypeScriptCompilerTests_D.declarationEmitResolveTypesIfNotReusable_ts compiles to JavaScript matching declarationEmitResolveTypesIfNotReusable_js(TypeScriptCompilerTests_D.kt:2856)
  at java.base/jdk.internal.reflect.DirectMethodHandleAccessor.invoke(DirectMethodHandleAccessor.java:104)
  at java.base/java.lang.reflect.Method.invoke(Method.java:565)
  at org.junit.runners.model.FrameworkMethod$1.runReflectiveCall(FrameworkMethod.java:59)
  at org.junit.internal.runners.model.ReflectiveCallable.run(ReflectiveCallable.java:12)
  at org.junit.runners.model.FrameworkMethod.invokeExplosively(FrameworkMethod.java:56)
  at org.junit.internal.runners.statements.InvokeMethod.evaluate(InvokeMethod.java:17)
  at org.junit.runners.ParentRunner$3.evaluate(ParentRunner.java:306)
  at org.junit.runners.BlockJUnit4ClassRunner$1.evaluate(BlockJUnit4ClassRunner.java:100)
  at org.junit.runners.ParentRunner.runLeaf(ParentRunner.java:366)
  at org.junit.runners.BlockJUnit4ClassRunner.runChild(BlockJUnit4ClassRunner.java:103)
  at org.junit.runners.BlockJUnit4ClassRunner.runChild(BlockJUnit4ClassRunner.java:63)
  at org.junit.runners.ParentRunner$4.run(ParentRunner.java:331)
  at org.junit.runners.ParentRunner$1.schedule(ParentRunner.java:79)
  at org.junit.runners.ParentRunner.runChildren(ParentRunner.java:329)
  at org.junit.runners.ParentRunner.access$100(ParentRunner.java:66)
  at org.junit.runners.ParentRunner$2.evaluate(ParentRunner.java:293)
  at org.junit.runners.ParentRunner$3.evaluate(ParentRunner.java:306)
  at org.junit.runners.ParentRunner.run(ParentRunner.java:413)
  at org.junit.runner.JUnitCore.run(JUnitCore.java:137)
  at org.junit.runner.JUnitCore.run(JUnitCore.java:115)
  at org.gradle.api.internal.tasks.testing.junit.JUnitTestExecutor.runRequest(JUnitTestExecutor.java:175)
  at org.gradle.api.internal.tasks.testing.junit.JUnitTestExecutor.accept(JUnitTestExecutor.java:84)
  at org.gradle.api.internal.tasks.testing.junit.JUnitTestExecutor.accept(JUnitTestExecutor.java:47)
  at org.gradle.api.internal.tasks.testing.junit.AbstractJUnitTestDefinitionProcessor.processTestDefinition(AbstractJUnitTestDefinitionProcessor.java:65)
  at org.gradle.api.internal.tasks.testing.SuiteTestDefinitionProcessor.processTestDefinition(SuiteTestDefinitionProcessor.java:54)
  at java.base/jdk.internal.reflect.DirectMethodHandleAccessor.invoke(DirectMethodHandleAccessor.java:104)
  at java.base/java.lang.reflect.Method.invoke(Method.java:565)
  at org.gradle.internal.dispatch.MethodInvocation.invokeOn(MethodInvocation.java:77)
  at org.gradle.internal.dispatch.ReflectionDispatch.dispatch(ReflectionDispatch.java:28)
  at org.gradle.internal.dispatch.ReflectionDispatch.dispatch(ReflectionDispatch.java:19)
  at org.gradle.internal.dispatch.ContextClassLoaderDispatch.dispatch(ContextClassLoaderDispatch.java:33)
  at org.gradle.internal.dispatch.ProxyDispatchAdapter$DispatchingInvocationHandler.invoke(ProxyDispatchAdapter.java:88)
  at jdk.proxy1/jdk.proxy1.$Proxy4.processTestDefinition(Unknown Source)
  at org.gradle.api.internal.tasks.testing.worker.TestWorker$2.run(TestWorker.java:178)
  at org.gradle.api.internal.tasks.testing.worker.TestWorker.executeAndMaintainThreadName(TestWorker.java:126)
  at org.gradle.api.internal.tasks.testing.worker.TestWorker.execute(TestWorker.java:103)
  at org.gradle.api.internal.tasks.testing.worker.TestWorker.execute(TestWorker.java:63)
  at org.gradle.process.internal.worker.child.ActionExecutionWorker.execute(ActionExecutionWorker.java:56)
  at org.gradle.process.internal.worker.child.SystemApplicationClassLoaderWorker.call(SystemApplicationClassLoaderWorker.java:122)
  at org.gradle.process.internal.worker.child.SystemApplicationClassLoaderWorker.call(SystemApplicationClassLoaderWorker.java:72)
  at worker.org.gradle.process.internal.worker.GradleWorkerMain.run(GradleWorkerMain.java:69)
  at worker.org.gradle.process.internal.worker.GradleWorkerMain.main(GradleWorkerMain.java:74)
</stacktrace>
</test-failure>


TypeScriptCompilerTests_D[jvm] > declarationEmitResolveTypesIfNotReusable_ts compiles to JavaScript matching declarationEmitResolveTypesIfNotReusable_js[jvm] FAILED

<test-failure test="com.xemantic.typescript.compiler.TypeScriptCompilerTests_D.declarationEmitUsingTypeAlias1_ts has expected errors matching declarationEmitUsingTypeAlias1_errors_txt" platform="jvm">
<message>
Expected diagnostics from baseline typescript-repo/tests/baselines/reference/declarationEmitUsingTypeAlias1.errors.txt but none produced
</message>
<stacktrace>
  at com.xemantic.typescript.compiler.TypeScriptTestSupportKt.errorsMatchBaseline(TypeScriptTestSupport.kt:125)
  at com.xemantic.typescript.compiler.TypeScriptCompilerTests_D.declarationEmitUsingTypeAlias1_ts has expected errors matching declarationEmitUsingTypeAlias1_errors_txt(TypeScriptCompilerTests_D.kt:3213)
  at java.base/jdk.internal.reflect.DirectMethodHandleAccessor.invoke(DirectMethodHandleAccessor.java:104)
  at java.base/java.lang.reflect.Method.invoke(Method.java:565)
  at org.junit.runners.model.FrameworkMethod$1.runReflectiveCall(FrameworkMethod.java:59)
  at org.junit.internal.runners.model.ReflectiveCallable.run(ReflectiveCallable.java:12)
  at org.junit.runners.model.FrameworkMethod.invokeExplosively(FrameworkMethod.java:56)
  at org.junit.internal.runners.statements.InvokeMethod.evaluate(InvokeMethod.java:17)
  at org.junit.runners.ParentRunner$3.evaluate(ParentRunner.java:306)
  at org.junit.runners.BlockJUnit4ClassRunner$1.evaluate(BlockJUnit4ClassRunner.java:100)
  at org.junit.runners.ParentRunner.runLeaf(ParentRunner.java:366)
  at org.junit.runners.BlockJUnit4ClassRunner.runChild(BlockJUnit4ClassRunner.java:103)
  at org.junit.runners.BlockJUnit4ClassRunner.runChild(BlockJUnit4ClassRunner.java:63)
  at org.junit.runners.ParentRunner$4.run(ParentRunner.java:331)
  at org.junit.runners.ParentRunner$1.schedule(ParentRunner.java:79)
  at org.junit.runners.ParentRunner.runChildren(ParentRunner.java:329)
  at org.junit.runners.ParentRunner.access$100(ParentRunner.java:66)
  at org.junit.runners.ParentRunner$2.evaluate(ParentRunner.java:293)
  at org.junit.runners.ParentRunner$3.evaluate(ParentRunner.java:306)
  at org.junit.runners.ParentRunner.run(ParentRunner.java:413)
  at org.junit.runner.JUnitCore.run(JUnitCore.java:137)
  at org.junit.runner.JUnitCore.run(JUnitCore.java:115)
  at org.gradle.api.internal.tasks.testing.junit.JUnitTestExecutor.runRequest(JUnitTestExecutor.java:175)
  at org.gradle.api.internal.tasks.testing.junit.JUnitTestExecutor.accept(JUnitTestExecutor.java:84)
  at org.gradle.api.internal.tasks.testing.junit.JUnitTestExecutor.accept(JUnitTestExecutor.java:47)
  at org.gradle.api.internal.tasks.testing.junit.AbstractJUnitTestDefinitionProcessor.processTestDefinition(AbstractJUnitTestDefinitionProcessor.java:65)
  at org.gradle.api.internal.tasks.testing.SuiteTestDefinitionProcessor.processTestDefinition(SuiteTestDefinitionProcessor.java:54)
  at java.base/jdk.internal.reflect.DirectMethodHandleAccessor.invoke(DirectMethodHandleAccessor.java:104)
  at java.base/java.lang.reflect.Method.invoke(Method.java:565)
  at org.gradle.internal.dispatch.MethodInvocation.invokeOn(MethodInvocation.java:77)
  at org.gradle.internal.dispatch.ReflectionDispatch.dispatch(ReflectionDispatch.java:28)
  at org.gradle.internal.dispatch.ReflectionDispatch.dispatch(ReflectionDispatch.java:19)
  at org.gradle.internal.dispatch.ContextClassLoaderDispatch.dispatch(ContextClassLoaderDispatch.java:33)
  at org.gradle.internal.dispatch.ProxyDispatchAdapter$DispatchingInvocationHandler.invoke(ProxyDispatchAdapter.java:88)
  at jdk.proxy1/jdk.proxy1.$Proxy4.processTestDefinition(Unknown Source)
  at org.gradle.api.internal.tasks.testing.worker.TestWorker$2.run(TestWorker.java:178)
  at org.gradle.api.internal.tasks.testing.worker.TestWorker.executeAndMaintainThreadName(TestWorker.java:126)
  at org.gradle.api.internal.tasks.testing.worker.TestWorker.execute(TestWorker.java:103)
  at org.gradle.api.internal.tasks.testing.worker.TestWorker.execute(TestWorker.java:63)
  at org.gradle.process.internal.worker.child.ActionExecutionWorker.execute(ActionExecutionWorker.java:56)
  at org.gradle.process.internal.worker.child.SystemApplicationClassLoaderWorker.call(SystemApplicationClassLoaderWorker.java:122)
  at org.gradle.process.internal.worker.child.SystemApplicationClassLoaderWorker.call(SystemApplicationClassLoaderWorker.java:72)
  at worker.org.gradle.process.internal.worker.GradleWorkerMain.run(GradleWorkerMain.java:69)
  at worker.org.gradle.process.internal.worker.GradleWorkerMain.main(GradleWorkerMain.java:74)
</stacktrace>
</test-failure>


TypeScriptCompilerTests_D[jvm] > declarationEmitUsingTypeAlias1_ts has expected errors matching declarationEmitUsingTypeAlias1_errors_txt[jvm] FAILED

<test-failure test="com.xemantic.typescript.compiler.TypeScriptCompilerTests_D.declarationEmitInferredTypeAlias3_ts has expected errors matching declarationEmitInferredTypeAlias3_errors_txt" platform="jvm">
<message>
Expected diagnostics from baseline typescript-repo/tests/baselines/reference/declarationEmitInferredTypeAlias3.errors.txt but none produced
</message>
<stacktrace>
  at com.xemantic.typescript.compiler.TypeScriptTestSupportKt.errorsMatchBaseline(TypeScriptTestSupport.kt:125)
  at com.xemantic.typescript.compiler.TypeScriptCompilerTests_D.declarationEmitInferredTypeAlias3_ts has expected errors matching declarationEmitInferredTypeAlias3_errors_txt(TypeScriptCompilerTests_D.kt:2058)
  at java.base/jdk.internal.reflect.DirectMethodHandleAccessor.invoke(DirectMethodHandleAccessor.java:104)
  at java.base/java.lang.reflect.Method.invoke(Method.java:565)
  at org.junit.runners.model.FrameworkMethod$1.runReflectiveCall(FrameworkMethod.java:59)
  at org.junit.internal.runners.model.ReflectiveCallable.run(ReflectiveCallable.java:12)
  at org.junit.runners.model.FrameworkMethod.invokeExplosively(FrameworkMethod.java:56)
  at org.junit.internal.runners.statements.InvokeMethod.evaluate(InvokeMethod.java:17)
  at org.junit.runners.ParentRunner$3.evaluate(ParentRunner.java:306)
  at org.junit.runners.BlockJUnit4ClassRunner$1.evaluate(BlockJUnit4ClassRunner.java:100)
  at org.junit.runners.ParentRunner.runLeaf(ParentRunner.java:366)
  at org.junit.runners.BlockJUnit4ClassRunner.runChild(BlockJUnit4ClassRunner.java:103)
  at org.junit.runners.BlockJUnit4ClassRunner.runChild(BlockJUnit4ClassRunner.java:63)
  at org.junit.runners.ParentRunner$4.run(ParentRunner.java:331)
  at org.junit.runners.ParentRunner$1.schedule(ParentRunner.java:79)
  at org.junit.runners.ParentRunner.runChildren(ParentRunner.java:329)
  at org.junit.runners.ParentRunner.access$100(ParentRunner.java:66)
  at org.junit.runners.ParentRunner$2.evaluate(ParentRunner.java:293)
  at org.junit.runners.ParentRunner$3.evaluate(ParentRunner.java:306)
  at org.junit.runners.ParentRunner.run(ParentRunner.java:413)
  at org.junit.runner.JUnitCore.run(JUnitCore.java:137)
  at org.junit.runner.JUnitCore.run(JUnitCore.java:115)
  at org.gradle.api.internal.tasks.testing.junit.JUnitTestExecutor.runRequest(JUnitTestExecutor.java:175)
  at org.gradle.api.internal.tasks.testing.junit.JUnitTestExecutor.accept(JUnitTestExecutor.java:84)
  at org.gradle.api.internal.tasks.testing.junit.JUnitTestExecutor.accept(JUnitTestExecutor.java:47)
  at org.gradle.api.internal.tasks.testing.junit.AbstractJUnitTestDefinitionProcessor.processTestDefinition(AbstractJUnitTestDefinitionProcessor.java:65)
  at org.gradle.api.internal.tasks.testing.SuiteTestDefinitionProcessor.processTestDefinition(SuiteTestDefinitionProcessor.java:54)
  at java.base/jdk.internal.reflect.DirectMethodHandleAccessor.invoke(DirectMethodHandleAccessor.java:104)
  at java.base/java.lang.reflect.Method.invoke(Method.java:565)
  at org.gradle.internal.dispatch.MethodInvocation.invokeOn(MethodInvocation.java:77)
  at org.gradle.internal.dispatch.ReflectionDispatch.dispatch(ReflectionDispatch.java:28)
  at org.gradle.internal.dispatch.ReflectionDispatch.dispatch(ReflectionDispatch.java:19)
  at org.gradle.internal.dispatch.ContextClassLoaderDispatch.dispatch(ContextClassLoaderDispatch.java:33)
  at org.gradle.internal.dispatch.ProxyDispatchAdapter$DispatchingInvocationHandler.invoke(ProxyDispatchAdapter.java:88)
  at jdk.proxy1/jdk.proxy1.$Proxy4.processTestDefinition(Unknown Source)
  at org.gradle.api.internal.tasks.testing.worker.TestWorker$2.run(TestWorker.java:178)
  at org.gradle.api.internal.tasks.testing.worker.TestWorker.executeAndMaintainThreadName(TestWorker.java:126)
  at org.gradle.api.internal.tasks.testing.worker.TestWorker.execute(TestWorker.java:103)
  at org.gradle.api.internal.tasks.testing.worker.TestWorker.execute(TestWorker.java:63)
  at org.gradle.process.internal.worker.child.ActionExecutionWorker.execute(ActionExecutionWorker.java:56)
  at org.gradle.process.internal.worker.child.SystemApplicationClassLoaderWorker.call(SystemApplicationClassLoaderWorker.java:122)
  at org.gradle.process.internal.worker.child.SystemApplicationClassLoaderWorker.call(SystemApplicationClassLoaderWorker.java:72)
  at worker.org.gradle.process.internal.worker.GradleWorkerMain.run(GradleWorkerMain.java:69)
  at worker.org.gradle.process.internal.worker.GradleWorkerMain.main(GradleWorkerMain.java:74)
</stacktrace>
</test-failure>


TypeScriptCompilerTests_D[jvm] > declarationEmitInferredTypeAlias3_ts has expected errors matching declarationEmitInferredTypeAlias3_errors_txt[jvm] FAILED

<test-failure test="com.xemantic.typescript.compiler.TypeScriptCompilerTests_D.decoratorsOnComputedProperties_ts has expected errors matching decoratorsOnComputedProperties_errors_txt" platform="jvm">
<message>
--- expected
+++ actual
@@ -1,61 +1,39 @@
-decoratorsOnComputedProperties.ts(18,5): error TS1166: A computed property name in a class property declaration must have a simple literal type or a 'unique symbol' type.
-decoratorsOnComputedProperties.ts(19,8): error TS1166: A computed property name in a class property declaration must have a simple literal type or a 'unique symbol' type.
-decoratorsOnComputedProperties.ts(20,8): error TS1166: A computed property name in a class property declaration must have a simple literal type or a 'unique symbol' type.
-decoratorsOnComputedProperties.ts(27,5): error TS1206: Decorators are not valid here.
-decoratorsOnComputedProperties.ts(28,5): error TS1206: Decorators are not valid here.
-decoratorsOnComputedProperties.ts(29,5): error TS1206: Decorators are not valid here.
-decoratorsOnComputedProperties.ts(30,5): error TS1206: Decorators are not valid here.
-decoratorsOnComputedProperties.ts(35,5): error TS1166: A computed property name in a class property declaration must have a simple literal type or a 'unique symbol' type.
-decoratorsOnComputedProperties.ts(36,5): error TS1206: Decorators are not valid here.
-decoratorsOnComputedProperties.ts(37,5): error TS1206: Decorators are not valid here.
-decoratorsOnComputedProperties.ts(39,5): error TS1206: Decorators are not valid here.
-decoratorsOnComputedProperties.ts(40,5): error TS1206: Decorators are not valid here.
-decoratorsOnComputedProperties.ts(52,5): error TS1166: A computed property name in a class property declaration must have a simple literal type or a 'unique symbol' type.
-decoratorsOnComputedProperties.ts(53,8): error TS1166: A computed property name in a class property declaration must have a simple literal type or a 'unique symbol' type.
-decoratorsOnComputedProperties.ts(54,8): error TS1166: A computed property name in a class property declaration must have a simple literal type or a 'unique symbol' type.
-decoratorsOnComputedProperties.ts(62,5): error TS1206: Decorators are not valid here.
-decoratorsOnComputedProperties.ts(63,5): error TS1206: Decorators are not valid here.
-decoratorsOnComputedProperties.ts(64,5): error TS1206: Decorators are not valid here.
-decoratorsOnComputedProperties.ts(65,5): error TS1206: Decorators are not valid here.
-decoratorsOnComputedProperties.ts(70,5): error TS1166: A computed property name in a class property declaration must have a simple literal type or a 'unique symbol' type.
-decoratorsOnComputedProperties.ts(71,5): error TS1206: Decorators are not valid here.
-decoratorsOnComputedProperties.ts(72,5): error TS1206: Decorators are not valid here.
-decoratorsOnComputedProperties.ts(74,5): error TS1206: Decorators are not valid here.
-decoratorsOnComputedProperties.ts(75,5): error TS1206: Decorators are not valid here.
-decoratorsOnComputedProperties.ts(88,5): error TS1166: A computed property name in a class property declaration must have a simple literal type or a 'unique symbol' type.
-decoratorsOnComputedProperties.ts(89,8): error TS1166: A computed property name in a class property declaration must have a simple literal type or a 'unique symbol' type.
-decoratorsOnComputedProperties.ts(90,8): error TS1166: A computed property name in a class property declaration must have a simple literal type or a 'unique symbol' type.
-decoratorsOnComputedProperties.ts(98,5): error TS1206: Decorators are not valid here.
-decoratorsOnComputedProperties.ts(99,5): error TS1206: Decorators are not valid here.
-decoratorsOnComputedProperties.ts(100,5): error TS1206: Decorators are not valid here.
-decoratorsOnComputedProperties.ts(101,5): error TS1206: Decorators are not valid here.
-decoratorsOnComputedProperties.ts(106,5): error TS1166: A computed property name in a class property declaration must have a simple literal type or a 'unique symbol' type.
-decoratorsOnComputedProperties.ts(107,5): error TS1206: Decorators are not valid here.
-decoratorsOnComputedProperties.ts(108,5): error TS1206: Decorators are not valid here.
-decoratorsOnComputedProperties.ts(111,5): error TS1206: Decorators are not valid here.
-decoratorsOnComputedProperties.ts(112,5): error TS1206: Decorators are not valid here.
-decoratorsOnComputedProperties.ts(124,5): error TS1166: A computed property name in a class property declaration must have a simple literal type or a 'unique symbol' type.
-decoratorsOnComputedProperties.ts(125,8): error TS1166: A computed property name in a class property declaration must have a simple literal type or a 'unique symbol' type.
-decoratorsOnComputedProperties.ts(126,8): error TS1166: A computed property name in a class property declaration must have a simple literal type or a 'unique symbol' type.
-decoratorsOnComputedProperties.ts(135,5): error TS1206: Decorators are not valid here.
-decoratorsOnComputedProperties.ts(136,5): error TS1206: Decorators are not valid here.
-decoratorsOnComputedProperties.ts(137,5): error TS1206: Decorators are not valid here.
-decoratorsOnComputedProperties.ts(138,5): error TS1206: Decorators are not valid here.
-decoratorsOnComputedProperties.ts(143,5): error TS1166: A computed property name in a class property declaration must have a simple literal type or a 'unique symbol' type.
-decoratorsOnComputedProperties.ts(144,5): error TS1206: Decorators are not valid here.
-decoratorsOnComputedProperties.ts(145,5): error TS1206: Decorators are not valid here.
-decoratorsOnComputedProperties.ts(148,5): error TS1206: Decorators are not valid here.
-decoratorsOnComputedProperties.ts(150,5): error TS1206: Decorators are not valid here.
-decoratorsOnComputedProperties.ts(162,5): error TS1166: A computed property name in a class property declaration must have a simple literal type or a 'unique symbol' type.
-decoratorsOnComputedProperties.ts(163,8): error TS1166: A computed property name in a class property declaration must have a simple literal type or a 'unique symbol' type.
-decoratorsOnComputedProperties.ts(164,8): error TS1166: A computed property name in a class property declaration must have a simple literal type or a 'unique symbol' type.
-decoratorsOnComputedProperties.ts(173,5): error TS1206: Decorators are not valid here.
-decoratorsOnComputedProperties.ts(174,5): error TS1206: Decorators are not valid here.
-decoratorsOnComputedProperties.ts(175,5): error TS1206: Decorators are not valid here.
-decoratorsOnComputedProperties.ts(176,5): error TS1206: Decorators are not valid here.
-decoratorsOnComputedProperties.ts(181,5): error TS1166: A computed property name in a class property declaration must have a simple literal type or a 'unique symbol' type.
-decoratorsOnComputedProperties.ts(182,5): error TS1206: Decorators are not valid here.
-decoratorsOnComputedProperties.ts(183,5): error TS1206: Decorators are not valid here.
-decoratorsOnComputedProperties.ts(184,5): error TS1206: Decorators are not valid here.
-decoratorsOnComputedProperties.ts(186,5): error TS1206: Decorators are not valid here.
-decoratorsOnComputedProperties.ts(188,5): error TS1206: Decorators are not valid here.
+decoratorsOnComputedProperties.ts(11,28): error TS2300: Duplicate identifier ':'.
+decoratorsOnComputedProperties.ts(11,30): error TS2300: Duplicate identifier 'any'.
+decoratorsOnComputedProperties.ts(12,21): error TS2300: Duplicate identifier ':'.
+decoratorsOnComputedProperties.ts(12,23): error TS2300: Duplicate identifier 'any'.
+decoratorsOnComputedProperties.ts(13,25): error TS2300: Duplicate identifier ':'.
+decoratorsOnComputedProperties.ts(13,27): error TS2300: Duplicate identifier 'any'.
+decoratorsOnComputedProperties.ts(19,15): error TS2300: Duplicate identifier ':'.
+decoratorsOnComputedProperties.ts(19,17): error TS2300: Duplicate identifier 'any'.
+decoratorsOnComputedProperties.ts(20,15): error TS2300: Duplicate identifier ':'.
+decoratorsOnComputedProperties.ts(20,17): error TS2300: Duplicate identifier 'any'.
+decoratorsOnComputedProperties.ts(22,20): error TS2300: Duplicate identifier ':'.
+decoratorsOnComputedProperties.ts(22,22): error TS2300: Duplicate identifier 'any'.
+decoratorsOnComputedProperties.ts(23,20): error TS2300: Duplicate identifier ':'.
+decoratorsOnComputedProperties.ts(23,22): error TS2300: Duplicate identifier 'any'.
+decoratorsOnComputedProperties.ts(45,28): error TS2300: Duplicate identifier ':'.
+decoratorsOnComputedProperties.ts(45,30): error TS2300: Duplicate identifier 'any'.
+decoratorsOnComputedProperties.ts(46,21): error TS2300: Duplicate identifier ':'.
+decoratorsOnComputedProperties.ts(46,23): error TS2300: Duplicate identifier 'any'.
+decoratorsOnComputedProperties.ts(47,25): error TS2300: Duplicate identifier ':'.
+decoratorsOnComputedProperties.ts(47,27): error TS2300: Duplicate identifier 'any'.
+decoratorsOnComputedProperties.ts(53,15): error TS2300: Duplicate identifier ':'.
+decoratorsOnComputedProperties.ts(53,17): error TS2300: Duplicate identifier 'any'.
+decoratorsOnComputedProperties.ts(54,15): error TS2300: Duplicate identifier ':'.
+decoratorsOnComputedProperties.ts(54,17): error TS2300: Duplicate identifier 'any'.
+decoratorsOnComputedProperties.ts(56,20): error TS2300: Duplicate identifier ':'.
+decoratorsOnComputedProperties.ts(56,22): error TS2300: Duplicate identifier 'any'.
+decoratorsOnComputedProperties.ts(57,20): error TS2300: Duplicate identifier ':'.
+decoratorsOnComputedProperties.ts(57,22): error TS2300: Duplicate identifier 'any'.
+decoratorsOnComputedProperties.ts(81,28): error TS2300: Duplicate identifier ':'.
+decoratorsOnComputedProperties.ts(81,30): error TS2300: Duplicate identifier 'any'.
+decoratorsOnComputedProperties.ts(82,21): error TS2300: Duplicate identifier ':'.
+decoratorsOnComputedProperties.ts(82,23): error TS2300: Duplicate identifier 'any'.
+decoratorsOnComputedProperties.ts(83,25): error TS2300: Duplicate identifier ':'.
+decoratorsOnComputedProperties.ts(83,27): error TS2300: Duplicate identifier 'any'.
+decoratorsOnComputedProperties.ts(89,15): error TS2300: Duplicate identifier ':'.
+decoratorsOnComputedProperties.ts(89,17): error TS2300: Duplicate identifier 'any'.
+decoratorsOnComputedProperties.ts(90,15): error TS2300: Duplicate identifier ':'.
+decoratorsOnComputedProperties.ts(90,17): error TS2300: Duplicate identifier 'any'.
+decoratorsOnComputedProperties.ts(93,20): error TS2300: Duplicate identifier ':'.

Diff truncated: more than 100 lines changed

Expected: 375 lines
Actual: 432 lines

The differences are too extensive to show in unified diff format.
Consider comparing smaller sections or reviewing the strings directly.

</message>
<stacktrace>
  at org.junit.Assert.fail(Assert.java:89)
  at kotlin.test.junit.JUnitAsserter.fail(JUnitSupport.kt:56)
  at kotlin.test.AssertionsKt__AssertionsKt.fail(Assertions.kt:563)
  at kotlin.test.AssertionsKt.fail(Unknown Source)
  at com.xemantic.kotlin.test.SameAsKt.sameAs(SameAs.kt:52)
  at com.xemantic.typescript.compiler.TypeScriptTestSupportKt.errorsMatchBaseline(TypeScriptTestSupport.kt:135)
  at com.xemantic.typescript.compiler.TypeScriptCompilerTests_D.decoratorsOnComputedProperties_ts has expected errors matching decoratorsOnComputedProperties_errors_txt(TypeScriptCompilerTests_D.kt:4046)
  at java.base/jdk.internal.reflect.DirectMethodHandleAccessor.invoke(DirectMethodHandleAccessor.java:104)
  at java.base/java.lang.reflect.Method.invoke(Method.java:565)
  at org.junit.runners.model.FrameworkMethod$1.runReflectiveCall(FrameworkMethod.java:59)
  at org.junit.internal.runners.model.ReflectiveCallable.run(ReflectiveCallable.java:12)
  at org.junit.runners.model.FrameworkMethod.invokeExplosively(FrameworkMethod.java:56)
  at org.junit.internal.runners.statements.InvokeMethod.evaluate(InvokeMethod.java:17)
  at org.junit.runners.ParentRunner$3.evaluate(ParentRunner.java:306)
  at org.junit.runners.BlockJUnit4ClassRunner$1.evaluate(BlockJUnit4ClassRunner.java:100)
  at org.junit.runners.ParentRunner.runLeaf(ParentRunner.java:366)
  at org.junit.runners.BlockJUnit4ClassRunner.runChild(BlockJUnit4ClassRunner.java:103)
  at org.junit.runners.BlockJUnit4ClassRunner.runChild(BlockJUnit4ClassRunner.java:63)
  at org.junit.runners.ParentRunner$4.run(ParentRunner.java:331)
  at org.junit.runners.ParentRunner$1.schedule(ParentRunner.java:79)
  at org.junit.runners.ParentRunner.runChildren(ParentRunner.java:329)
  at org.junit.runners.ParentRunner.access$100(ParentRunner.java:66)
  at org.junit.runners.ParentRunner$2.evaluate(ParentRunner.java:293)
  at org.junit.runners.ParentRunner$3.evaluate(ParentRunner.java:306)
  at org.junit.runners.ParentRunner.run(ParentRunner.java:413)
  at org.junit.runner.JUnitCore.run(JUnitCore.java:137)
  at org.junit.runner.JUnitCore.run(JUnitCore.java:115)
  at org.gradle.api.internal.tasks.testing.junit.JUnitTestExecutor.runRequest(JUnitTestExecutor.java:175)
  at org.gradle.api.internal.tasks.testing.junit.JUnitTestExecutor.accept(JUnitTestExecutor.java:84)
  at org.gradle.api.internal.tasks.testing.junit.JUnitTestExecutor.accept(JUnitTestExecutor.java:47)
  at org.gradle.api.internal.tasks.testing.junit.AbstractJUnitTestDefinitionProcessor.processTestDefinition(AbstractJUnitTestDefinitionProcessor.java:65)
  at org.gradle.api.internal.tasks.testing.SuiteTestDefinitionProcessor.processTestDefinition(SuiteTestDefinitionProcessor.java:54)
  at java.base/jdk.internal.reflect.DirectMethodHandleAccessor.invoke(DirectMethodHandleAccessor.java:104)
  at java.base/java.lang.reflect.Method.invoke(Method.java:565)
  at org.gradle.internal.dispatch.MethodInvocation.invokeOn(MethodInvocation.java:77)
  at org.gradle.internal.dispatch.ReflectionDispatch.dispatch(ReflectionDispatch.java:28)
  at org.gradle.internal.dispatch.ReflectionDispatch.dispatch(ReflectionDispatch.java:19)
  at org.gradle.internal.dispatch.ContextClassLoaderDispatch.dispatch(ContextClassLoaderDispatch.java:33)
  at org.gradle.internal.dispatch.ProxyDispatchAdapter$DispatchingInvocationHandler.invoke(ProxyDispatchAdapter.java:88)
  at jdk.proxy1/jdk.proxy1.$Proxy4.processTestDefinition(Unknown Source)
  at org.gradle.api.internal.tasks.testing.worker.TestWorker$2.run(TestWorker.java:178)
  at org.gradle.api.internal.tasks.testing.worker.TestWorker.executeAndMaintainThreadName(TestWorker.java:126)
  at org.gradle.api.internal.tasks.testing.worker.TestWorker.execute(TestWorker.java:103)
  at org.gradle.api.internal.tasks.testing.worker.TestWorker.execute(TestWorker.java:63)
  at org.gradle.process.internal.worker.child.ActionExecutionWorker.execute(ActionExecutionWorker.java:56)
  at org.gradle.process.internal.worker.child.SystemApplicationClassLoaderWorker.call(SystemApplicationClassLoaderWorker.java:122)
  at org.gradle.process.internal.worker.child.SystemApplicationClassLoaderWorker.call(SystemApplicationClassLoaderWorker.java:72)
  at worker.org.gradle.process.internal.worker.GradleWorkerMain.run(GradleWorkerMain.java:69)
  at worker.org.gradle.process.internal.worker.GradleWorkerMain.main(GradleWorkerMain.java:74)
</stacktrace>
</test-failure>


TypeScriptCompilerTests_D[jvm] > decoratorsOnComputedProperties_ts has expected errors matching decoratorsOnComputedProperties_errors_txt[jvm] FAILED

<test-failure test="com.xemantic.typescript.compiler.TypeScriptCompilerTests_D.declFileWithErrorsInInputDeclarationFileWithOut_ts has expected errors matching declFileWithErrorsInInputDeclarationFileWithOut_errors_txt" platform="jvm">
<message>
--- expected
+++ actual
@@ -1,8 +1,4 @@
 error TS5101: Option 'outFile' is deprecated and will stop functioning in TypeScript 7.0. Specify compilerOption '"ignoreDeprecations": "6.0"' to silence this error.
-declFile.d.ts(2,5): error TS1038: A 'declare' modifier cannot be used in an already ambient context.
-declFile.d.ts(3,5): error TS1038: A 'declare' modifier cannot be used in an already ambient context.
-declFile.d.ts(5,5): error TS1038: A 'declare' modifier cannot be used in an already ambient context.
-declFile.d.ts(7,5): error TS1038: A 'declare' modifier cannot be used in an already ambient context.
 
 
 !!! error TS5101: Option 'outFile' is deprecated and will stop functioning in TypeScript 7.0. Specify compilerOption '"ignoreDeprecations": "6.0"' to silence this error.
@@ -10,20 +6,12 @@
     ///<reference path="declFile.d.ts" preserve="true"/>
     var x = new M.C(); // Declaration file wont get emitted because there are errors in declaration file
     
-==== declFile.d.ts (4 errors) ====
+==== declFile.d.ts (0 errors) ====
     declare namespace M {
         declare var x;
-        ~~~~~~~
-!!! error TS1038: A 'declare' modifier cannot be used in an already ambient context.
         declare function f();
-        ~~~~~~~
-!!! error TS1038: A 'declare' modifier cannot be used in an already ambient context.
     
         declare namespace N { }
-        ~~~~~~~
-!!! error TS1038: A 'declare' modifier cannot be used in an already ambient context.
     
         declare class C { }
-        ~~~~~~~
-!!! error TS1038: A 'declare' modifier cannot be used in an already ambient context.
     }

</message>
<stacktrace>
  at org.junit.Assert.fail(Assert.java:89)
  at kotlin.test.junit.JUnitAsserter.fail(JUnitSupport.kt:56)
  at kotlin.test.AssertionsKt__AssertionsKt.fail(Assertions.kt:563)
  at kotlin.test.AssertionsKt.fail(Unknown Source)
  at com.xemantic.kotlin.test.SameAsKt.sameAs(SameAs.kt:52)
  at com.xemantic.typescript.compiler.TypeScriptTestSupportKt.errorsMatchBaseline(TypeScriptTestSupport.kt:135)
  at com.xemantic.typescript.compiler.TypeScriptCompilerTests_D.declFileWithErrorsInInputDeclarationFileWithOut_ts has expected errors matching declFileWithErrorsInInputDeclarationFileWithOut_errors_txt(TypeScriptCompilerTests_D.kt:847)
  at java.base/jdk.internal.reflect.DirectMethodHandleAccessor.invoke(DirectMethodHandleAccessor.java:104)
  at java.base/java.lang.reflect.Method.invoke(Method.java:565)
  at org.junit.runners.model.FrameworkMethod$1.runReflectiveCall(FrameworkMethod.java:59)
  at org.junit.internal.runners.model.ReflectiveCallable.run(ReflectiveCallable.java:12)
  at org.junit.runners.model.FrameworkMethod.invokeExplosively(FrameworkMethod.java:56)
  at org.junit.internal.runners.statements.InvokeMethod.evaluate(InvokeMethod.java:17)
  at org.junit.runners.ParentRunner$3.evaluate(ParentRunner.java:306)
  at org.junit.runners.BlockJUnit4ClassRunner$1.evaluate(BlockJUnit4ClassRunner.java:100)
  at org.junit.runners.ParentRunner.runLeaf(ParentRunner.java:366)
  at org.junit.runners.BlockJUnit4ClassRunner.runChild(BlockJUnit4ClassRunner.java:103)
  at org.junit.runners.BlockJUnit4ClassRunner.runChild(BlockJUnit4ClassRunner.java:63)
  at org.junit.runners.ParentRunner$4.run(ParentRunner.java:331)
  at org.junit.runners.ParentRunner$1.schedule(ParentRunner.java:79)
  at org.junit.runners.ParentRunner.runChildren(ParentRunner.java:329)
  at org.junit.runners.ParentRunner.access$100(ParentRunner.java:66)
  at org.junit.runners.ParentRunner$2.evaluate(ParentRunner.java:293)
  at org.junit.runners.ParentRunner$3.evaluate(ParentRunner.java:306)
  at org.junit.runners.ParentRunner.run(ParentRunner.java:413)
  at org.junit.runner.JUnitCore.run(JUnitCore.java:137)
  at org.junit.runner.JUnitCore.run(JUnitCore.java:115)
  at org.gradle.api.internal.tasks.testing.junit.JUnitTestExecutor.runRequest(JUnitTestExecutor.java:175)
  at org.gradle.api.internal.tasks.testing.junit.JUnitTestExecutor.accept(JUnitTestExecutor.java:84)
  at org.gradle.api.internal.tasks.testing.junit.JUnitTestExecutor.accept(JUnitTestExecutor.java:47)
  at org.gradle.api.internal.tasks.testing.junit.AbstractJUnitTestDefinitionProcessor.processTestDefinition(AbstractJUnitTestDefinitionProcessor.java:65)
  at org.gradle.api.internal.tasks.testing.SuiteTestDefinitionProcessor.processTestDefinition(SuiteTestDefinitionProcessor.java:54)
  at java.base/jdk.internal.reflect.DirectMethodHandleAccessor.invoke(DirectMethodHandleAccessor.java:104)
  at java.base/java.lang.reflect.Method.invoke(Method.java:565)
  at org.gradle.internal.dispatch.MethodInvocation.invokeOn(MethodInvocation.java:77)
  at org.gradle.internal.dispatch.ReflectionDispatch.dispatch(ReflectionDispatch.java:28)
  at org.gradle.internal.dispatch.ReflectionDispatch.dispatch(ReflectionDispatch.java:19)
  at org.gradle.internal.dispatch.ContextClassLoaderDispatch.dispatch(ContextClassLoaderDispatch.java:33)
  at org.gradle.internal.dispatch.ProxyDispatchAdapter$DispatchingInvocationHandler.invoke(ProxyDispatchAdapter.java:88)
  at jdk.proxy1/jdk.proxy1.$Proxy4.processTestDefinition(Unknown Source)
  at org.gradle.api.internal.tasks.testing.worker.TestWorker$2.run(TestWorker.java:178)
  at org.gradle.api.internal.tasks.testing.worker.TestWorker.executeAndMaintainThreadName(TestWorker.java:126)
  at org.gradle.api.internal.tasks.testing.worker.TestWorker.execute(TestWorker.java:103)
  at org.gradle.api.internal.tasks.testing.worker.TestWorker.execute(TestWorker.java:63)
  at org.gradle.process.internal.worker.child.ActionExecutionWorker.execute(ActionExecutionWorker.java:56)
  at org.gradle.process.internal.worker.child.SystemApplicationClassLoaderWorker.call(SystemApplicationClassLoaderWorker.java:122)
  at org.gradle.process.internal.worker.child.SystemApplicationClassLoaderWorker.call(SystemApplicationClassLoaderWorker.java:72)
  at worker.org.gradle.process.internal.worker.GradleWorkerMain.run(GradleWorkerMain.java:69)
  at worker.org.gradle.process.internal.worker.GradleWorkerMain.main(GradleWorkerMain.java:74)
</stacktrace>
</test-failure>


TypeScriptCompilerTests_D[jvm] > declFileWithErrorsInInputDeclarationFileWithOut_ts has expected errors matching declFileWithErrorsInInputDeclarationFileWithOut_errors_txt[jvm] FAILED

<test-failure test="com.xemantic.typescript.compiler.TypeScriptCompilerTests_D.duplicateIdentifiersAcrossContainerBoundaries_ts has expected errors matching duplicateIdentifiersAcrossContainerBoundaries_errors_txt" platform="jvm">
<message>
Expected diagnostics from baseline typescript-repo/tests/baselines/reference/duplicateIdentifiersAcrossContainerBoundaries.errors.txt but none produced
</message>
<stacktrace>
  at com.xemantic.typescript.compiler.TypeScriptTestSupportKt.errorsMatchBaseline(TypeScriptTestSupport.kt:125)
  at com.xemantic.typescript.compiler.TypeScriptCompilerTests_D.duplicateIdentifiersAcrossContainerBoundaries_ts has expected errors matching duplicateIdentifiersAcrossContainerBoundaries_errors_txt(TypeScriptCompilerTests_D.kt:6475)
  at java.base/jdk.internal.reflect.DirectMethodHandleAccessor.invoke(DirectMethodHandleAccessor.java:104)
  at java.base/java.lang.reflect.Method.invoke(Method.java:565)
  at org.junit.runners.model.FrameworkMethod$1.runReflectiveCall(FrameworkMethod.java:59)
  at org.junit.internal.runners.model.ReflectiveCallable.run(ReflectiveCallable.java:12)
  at org.junit.runners.model.FrameworkMethod.invokeExplosively(FrameworkMethod.java:56)
  at org.junit.internal.runners.statements.InvokeMethod.evaluate(InvokeMethod.java:17)
  at org.junit.runners.ParentRunner$3.evaluate(ParentRunner.java:306)
  at org.junit.runners.BlockJUnit4ClassRunner$1.evaluate(BlockJUnit4ClassRunner.java:100)
  at org.junit.runners.ParentRunner.runLeaf(ParentRunner.java:366)
  at org.junit.runners.BlockJUnit4ClassRunner.runChild(BlockJUnit4ClassRunner.java:103)
  at org.junit.runners.BlockJUnit4ClassRunner.runChild(BlockJUnit4ClassRunner.java:63)
  at org.junit.runners.ParentRunner$4.run(ParentRunner.java:331)
  at org.junit.runners.ParentRunner$1.schedule(ParentRunner.java:79)
  at org.junit.runners.ParentRunner.runChildren(ParentRunner.java:329)
  at org.junit.runners.ParentRunner.access$100(ParentRunner.java:66)
  at org.junit.runners.ParentRunner$2.evaluate(ParentRunner.java:293)
  at org.junit.runners.ParentRunner$3.evaluate(ParentRunner.java:306)
  at org.junit.runners.ParentRunner.run(ParentRunner.java:413)
  at org.junit.runner.JUnitCore.run(JUnitCore.java:137)
  at org.junit.runner.JUnitCore.run(JUnitCore.java:115)
  at org.gradle.api.internal.tasks.testing.junit.JUnitTestExecutor.runRequest(JUnitTestExecutor.java:175)
  at org.gradle.api.internal.tasks.testing.junit.JUnitTestExecutor.accept(JUnitTestExecutor.java:84)
  at org.gradle.api.internal.tasks.testing.junit.JUnitTestExecutor.accept(JUnitTestExecutor.java:47)
  at org.gradle.api.internal.tasks.testing.junit.AbstractJUnitTestDefinitionProcessor.processTestDefinition(AbstractJUnitTestDefinitionProcessor.java:65)
  at org.gradle.api.internal.tasks.testing.SuiteTestDefinitionProcessor.processTestDefinition(SuiteTestDefinitionProcessor.java:54)
  at java.base/jdk.internal.reflect.DirectMethodHandleAccessor.invoke(DirectMethodHandleAccessor.java:104)
  at java.base/java.lang.reflect.Method.invoke(Method.java:565)
  at org.gradle.internal.dispatch.MethodInvocation.invokeOn(MethodInvocation.java:77)
  at org.gradle.internal.dispatch.ReflectionDispatch.dispatch(ReflectionDispatch.java:28)
  at org.gradle.internal.dispatch.ReflectionDispatch.dispatch(ReflectionDispatch.java:19)
  at org.gradle.internal.dispatch.ContextClassLoaderDispatch.dispatch(ContextClassLoaderDispatch.java:33)
  at org.gradle.internal.dispatch.ProxyDispatchAdapter$DispatchingInvocationHandler.invoke(ProxyDispatchAdapter.java:88)
  at jdk.proxy1/jdk.proxy1.$Proxy4.processTestDefinition(Unknown Source)
  at org.gradle.api.internal.tasks.testing.worker.TestWorker$2.run(TestWorker.java:178)
  at org.gradle.api.internal.tasks.testing.worker.TestWorker.executeAndMaintainThreadName(TestWorker.java:126)
  at org.gradle.api.internal.tasks.testing.worker.TestWorker.execute(TestWorker.java:103)
  at org.gradle.api.internal.tasks.testing.worker.TestWorker.execute(TestWorker.java:63)
  at org.gradle.process.internal.worker.child.ActionExecutionWorker.execute(ActionExecutionWorker.java:56)
  at org.gradle.process.internal.worker.child.SystemApplicationClassLoaderWorker.call(SystemApplicationClassLoaderWorker.java:122)
  at org.gradle.process.internal.worker.child.SystemApplicationClassLoaderWorker.call(SystemApplicationClassLoaderWorker.java:72)
  at worker.org.gradle.process.internal.worker.GradleWorkerMain.run(GradleWorkerMain.java:69)
  at worker.org.gradle.process.internal.worker.GradleWorkerMain.main(GradleWorkerMain.java:74)
</stacktrace>
</test-failure>


TypeScriptCompilerTests_D[jvm] > duplicateIdentifiersAcrossContainerBoundaries_ts has expected errors matching duplicateIdentifiersAcrossContainerBoundaries_errors_txt[jvm] FAILED

<test-failure test="com.xemantic.typescript.compiler.TypeScriptCompilerTests_D.declarationEmitReadonlyComputedProperty_ts has expected errors matching declarationEmitReadonlyComputedProperty_errors_txt" platform="jvm">
<message>
Expected diagnostics from baseline typescript-repo/tests/baselines/reference/declarationEmitReadonlyComputedProperty.errors.txt but none produced
</message>
<stacktrace>
  at com.xemantic.typescript.compiler.TypeScriptTestSupportKt.errorsMatchBaseline(TypeScriptTestSupport.kt:125)
  at com.xemantic.typescript.compiler.TypeScriptCompilerTests_D.declarationEmitReadonlyComputedProperty_ts has expected errors matching declarationEmitReadonlyComputedProperty_errors_txt(TypeScriptCompilerTests_D.kt:2793)
  at java.base/jdk.internal.reflect.DirectMethodHandleAccessor.invoke(DirectMethodHandleAccessor.java:104)
  at java.base/java.lang.reflect.Method.invoke(Method.java:565)
  at org.junit.runners.model.FrameworkMethod$1.runReflectiveCall(FrameworkMethod.java:59)
  at org.junit.internal.runners.model.ReflectiveCallable.run(ReflectiveCallable.java:12)
  at org.junit.runners.model.FrameworkMethod.invokeExplosively(FrameworkMethod.java:56)
  at org.junit.internal.runners.statements.InvokeMethod.evaluate(InvokeMethod.java:17)
  at org.junit.runners.ParentRunner$3.evaluate(ParentRunner.java:306)
  at org.junit.runners.BlockJUnit4ClassRunner$1.evaluate(BlockJUnit4ClassRunner.java:100)
  at org.junit.runners.ParentRunner.runLeaf(ParentRunner.java:366)
  at org.junit.runners.BlockJUnit4ClassRunner.runChild(BlockJUnit4ClassRunner.java:103)
  at org.junit.runners.BlockJUnit4ClassRunner.runChild(BlockJUnit4ClassRunner.java:63)
  at org.junit.runners.ParentRunner$4.run(ParentRunner.java:331)
  at org.junit.runners.ParentRunner$1.schedule(ParentRunner.java:79)
  at org.junit.runners.ParentRunner.runChildren(ParentRunner.java:329)
  at org.junit.runners.ParentRunner.access$100(ParentRunner.java:66)
  at org.junit.runners.ParentRunner$2.evaluate(ParentRunner.java:293)
  at org.junit.runners.ParentRunner$3.evaluate(ParentRunner.java:306)
  at org.junit.runners.ParentRunner.run(ParentRunner.java:413)
  at org.junit.runner.JUnitCore.run(JUnitCore.java:137)
  at org.junit.runner.JUnitCore.run(JUnitCore.java:115)
  at org.gradle.api.internal.tasks.testing.junit.JUnitTestExecutor.runRequest(JUnitTestExecutor.java:175)
  at org.gradle.api.internal.tasks.testing.junit.JUnitTestExecutor.accept(JUnitTestExecutor.java:84)
  at org.gradle.api.internal.tasks.testing.junit.JUnitTestExecutor.accept(JUnitTestExecutor.java:47)
  at org.gradle.api.internal.tasks.testing.junit.AbstractJUnitTestDefinitionProcessor.processTestDefinition(AbstractJUnitTestDefinitionProcessor.java:65)
  at org.gradle.api.internal.tasks.testing.SuiteTestDefinitionProcessor.processTestDefinition(SuiteTestDefinitionProcessor.java:54)
  at java.base/jdk.internal.reflect.DirectMethodHandleAccessor.invoke(DirectMethodHandleAccessor.java:104)
  at java.base/java.lang.reflect.Method.invoke(Method.java:565)
  at org.gradle.internal.dispatch.MethodInvocation.invokeOn(MethodInvocation.java:77)
  at org.gradle.internal.dispatch.ReflectionDispatch.dispatch(ReflectionDispatch.java:28)
  at org.gradle.internal.dispatch.ReflectionDispatch.dispatch(ReflectionDispatch.java:19)
  at org.gradle.internal.dispatch.ContextClassLoaderDispatch.dispatch(ContextClassLoaderDispatch.java:33)
  at org.gradle.internal.dispatch.ProxyDispatchAdapter$DispatchingInvocationHandler.invoke(ProxyDispatchAdapter.java:88)
  at jdk.proxy1/jdk.proxy1.$Proxy4.processTestDefinition(Unknown Source)
  at org.gradle.api.internal.tasks.testing.worker.TestWorker$2.run(TestWorker.java:178)
  at org.gradle.api.internal.tasks.testing.worker.TestWorker.executeAndMaintainThreadName(TestWorker.java:126)
  at org.gradle.api.internal.tasks.testing.worker.TestWorker.execute(TestWorker.java:103)
  at org.gradle.api.internal.tasks.testing.worker.TestWorker.execute(TestWorker.java:63)
  at org.gradle.process.internal.worker.child.ActionExecutionWorker.execute(ActionExecutionWorker.java:56)
  at org.gradle.process.internal.worker.child.SystemApplicationClassLoaderWorker.call(SystemApplicationClassLoaderWorker.java:122)
  at org.gradle.process.internal.worker.child.SystemApplicationClassLoaderWorker.call(SystemApplicationClassLoaderWorker.java:72)
  at worker.org.gradle.process.internal.worker.GradleWorkerMain.run(GradleWorkerMain.java:69)
  at worker.org.gradle.process.internal.worker.GradleWorkerMain.main(GradleWorkerMain.java:74)
</stacktrace>
</test-failure>


TypeScriptCompilerTests_D[jvm] > declarationEmitReadonlyComputedProperty_ts has expected errors matching declarationEmitReadonlyComputedProperty_errors_txt[jvm] FAILED

<test-failure test="com.xemantic.typescript.compiler.TypeScriptCompilerTests_D.destructuredLateBoundNameHasCorrectTypes_ts has expected errors matching destructuredLateBoundNameHasCorrectTypes_errors_txt" platform="jvm">
<message>
Expected diagnostics from baseline typescript-repo/tests/baselines/reference/destructuredLateBoundNameHasCorrectTypes.errors.txt but none produced
</message>
<stacktrace>
  at com.xemantic.typescript.compiler.TypeScriptTestSupportKt.errorsMatchBaseline(TypeScriptTestSupport.kt:125)
  at com.xemantic.typescript.compiler.TypeScriptCompilerTests_D.destructuredLateBoundNameHasCorrectTypes_ts has expected errors matching destructuredLateBoundNameHasCorrectTypes_errors_txt(TypeScriptCompilerTests_D.kt:4914)
  at java.base/jdk.internal.reflect.DirectMethodHandleAccessor.invoke(DirectMethodHandleAccessor.java:104)
  at java.base/java.lang.reflect.Method.invoke(Method.java:565)
  at org.junit.runners.model.FrameworkMethod$1.runReflectiveCall(FrameworkMethod.java:59)
  at org.junit.internal.runners.model.ReflectiveCallable.run(ReflectiveCallable.java:12)
  at org.junit.runners.model.FrameworkMethod.invokeExplosively(FrameworkMethod.java:56)
  at org.junit.internal.runners.statements.InvokeMethod.evaluate(InvokeMethod.java:17)
  at org.junit.runners.ParentRunner$3.evaluate(ParentRunner.java:306)
  at org.junit.runners.BlockJUnit4ClassRunner$1.evaluate(BlockJUnit4ClassRunner.java:100)
  at org.junit.runners.ParentRunner.runLeaf(ParentRunner.java:366)
  at org.junit.runners.BlockJUnit4ClassRunner.runChild(BlockJUnit4ClassRunner.java:103)
  at org.junit.runners.BlockJUnit4ClassRunner.runChild(BlockJUnit4ClassRunner.java:63)
  at org.junit.runners.ParentRunner$4.run(ParentRunner.java:331)
  at org.junit.runners.ParentRunner$1.schedule(ParentRunner.java:79)
  at org.junit.runners.ParentRunner.runChildren(ParentRunner.java:329)
  at org.junit.runners.ParentRunner.access$100(ParentRunner.java:66)
  at org.junit.runners.ParentRunner$2.evaluate(ParentRunner.java:293)
  at org.junit.runners.ParentRunner$3.evaluate(ParentRunner.java:306)
  at org.junit.runners.ParentRunner.run(ParentRunner.java:413)
  at org.junit.runner.JUnitCore.run(JUnitCore.java:137)
  at org.junit.runner.JUnitCore.run(JUnitCore.java:115)
  at org.gradle.api.internal.tasks.testing.junit.JUnitTestExecutor.runRequest(JUnitTestExecutor.java:175)
  at org.gradle.api.internal.tasks.testing.junit.JUnitTestExecutor.accept(JUnitTestExecutor.java:84)
  at org.gradle.api.internal.tasks.testing.junit.JUnitTestExecutor.accept(JUnitTestExecutor.java:47)
  at org.gradle.api.internal.tasks.testing.junit.AbstractJUnitTestDefinitionProcessor.processTestDefinition(AbstractJUnitTestDefinitionProcessor.java:65)
  at org.gradle.api.internal.tasks.testing.SuiteTestDefinitionProcessor.processTestDefinition(SuiteTestDefinitionProcessor.java:54)
  at java.base/jdk.internal.reflect.DirectMethodHandleAccessor.invoke(DirectMethodHandleAccessor.java:104)
  at java.base/java.lang.reflect.Method.invoke(Method.java:565)
  at org.gradle.internal.dispatch.MethodInvocation.invokeOn(MethodInvocation.java:77)
  at org.gradle.internal.dispatch.ReflectionDispatch.dispatch(ReflectionDispatch.java:28)
  at org.gradle.internal.dispatch.ReflectionDispatch.dispatch(ReflectionDispatch.java:19)
  at org.gradle.internal.dispatch.ContextClassLoaderDispatch.dispatch(ContextClassLoaderDispatch.java:33)
  at org.gradle.internal.dispatch.ProxyDispatchAdapter$DispatchingInvocationHandler.invoke(ProxyDispatchAdapter.java:88)
  at jdk.proxy1/jdk.proxy1.$Proxy4.processTestDefinition(Unknown Source)
  at org.gradle.api.internal.tasks.testing.worker.TestWorker$2.run(TestWorker.java:178)
  at org.gradle.api.internal.tasks.testing.worker.TestWorker.executeAndMaintainThreadName(TestWorker.java:126)
  at org.gradle.api.internal.tasks.testing.worker.TestWorker.execute(TestWorker.java:103)
  at org.gradle.api.internal.tasks.testing.worker.TestWorker.execute(TestWorker.java:63)
  at org.gradle.process.internal.worker.child.ActionExecutionWorker.execute(ActionExecutionWorker.java:56)
  at org.gradle.process.internal.worker.child.SystemApplicationClassLoaderWorker.call(SystemApplicationClassLoaderWorker.java:122)
  at org.gradle.process.internal.worker.child.SystemApplicationClassLoaderWorker.call(SystemApplicationClassLoaderWorker.java:72)
  at worker.org.gradle.process.internal.worker.GradleWorkerMain.run(GradleWorkerMain.java:69)
  at worker.org.gradle.process.internal.worker.GradleWorkerMain.main(GradleWorkerMain.java:74)
</stacktrace>
</test-failure>


TypeScriptCompilerTests_D[jvm] > destructuredLateBoundNameHasCorrectTypes_ts has expected errors matching destructuredLateBoundNameHasCorrectTypes_errors_txt[jvm] FAILED

<test-failure test="com.xemantic.typescript.compiler.TypeScriptCompilerTests_D.declarationEmitDestructuringObjectLiteralPattern1_ts has expected errors matching declarationEmitDestructuringObjectLiteralPattern1_errors_txt" platform="jvm">
<message>
Expected diagnostics from baseline typescript-repo/tests/baselines/reference/declarationEmitDestructuringObjectLiteralPattern1.errors.txt but none produced
</message>
<stacktrace>
  at com.xemantic.typescript.compiler.TypeScriptTestSupportKt.errorsMatchBaseline(TypeScriptTestSupport.kt:125)
  at com.xemantic.typescript.compiler.TypeScriptCompilerTests_D.declarationEmitDestructuringObjectLiteralPattern1_ts has expected errors matching declarationEmitDestructuringObjectLiteralPattern1_errors_txt(TypeScriptCompilerTests_D.kt:1568)
  at java.base/jdk.internal.reflect.DirectMethodHandleAccessor.invoke(DirectMethodHandleAccessor.java:104)
  at java.base/java.lang.reflect.Method.invoke(Method.java:565)
  at org.junit.runners.model.FrameworkMethod$1.runReflectiveCall(FrameworkMethod.java:59)
  at org.junit.internal.runners.model.ReflectiveCallable.run(ReflectiveCallable.java:12)
  at org.junit.runners.model.FrameworkMethod.invokeExplosively(FrameworkMethod.java:56)
  at org.junit.internal.runners.statements.InvokeMethod.evaluate(InvokeMethod.java:17)
  at org.junit.runners.ParentRunner$3.evaluate(ParentRunner.java:306)
  at org.junit.runners.BlockJUnit4ClassRunner$1.evaluate(BlockJUnit4ClassRunner.java:100)
  at org.junit.runners.ParentRunner.runLeaf(ParentRunner.java:366)
  at org.junit.runners.BlockJUnit4ClassRunner.runChild(BlockJUnit4ClassRunner.java:103)
  at org.junit.runners.BlockJUnit4ClassRunner.runChild(BlockJUnit4ClassRunner.java:63)
  at org.junit.runners.ParentRunner$4.run(ParentRunner.java:331)
  at org.junit.runners.ParentRunner$1.schedule(ParentRunner.java:79)
  at org.junit.runners.ParentRunner.runChildren(ParentRunner.java:329)
  at org.junit.runners.ParentRunner.access$100(ParentRunner.java:66)
  at org.junit.runners.ParentRunner$2.evaluate(ParentRunner.java:293)
  at org.junit.runners.ParentRunner$3.evaluate(ParentRunner.java:306)
  at org.junit.runners.ParentRunner.run(ParentRunner.java:413)
  at org.junit.runner.JUnitCore.run(JUnitCore.java:137)
  at org.junit.runner.JUnitCore.run(JUnitCore.java:115)
  at org.gradle.api.internal.tasks.testing.junit.JUnitTestExecutor.runRequest(JUnitTestExecutor.java:175)
  at org.gradle.api.internal.tasks.testing.junit.JUnitTestExecutor.accept(JUnitTestExecutor.java:84)
  at org.gradle.api.internal.tasks.testing.junit.JUnitTestExecutor.accept(JUnitTestExecutor.java:47)
  at org.gradle.api.internal.tasks.testing.junit.AbstractJUnitTestDefinitionProcessor.processTestDefinition(AbstractJUnitTestDefinitionProcessor.java:65)
  at org.gradle.api.internal.tasks.testing.SuiteTestDefinitionProcessor.processTestDefinition(SuiteTestDefinitionProcessor.java:54)
  at java.base/jdk.internal.reflect.DirectMethodHandleAccessor.invoke(DirectMethodHandleAccessor.java:104)
  at java.base/java.lang.reflect.Method.invoke(Method.java:565)
  at org.gradle.internal.dispatch.MethodInvocation.invokeOn(MethodInvocation.java:77)
  at org.gradle.internal.dispatch.ReflectionDispatch.dispatch(ReflectionDispatch.java:28)
  at org.gradle.internal.dispatch.ReflectionDispatch.dispatch(ReflectionDispatch.java:19)
  at org.gradle.internal.dispatch.ContextClassLoaderDispatch.dispatch(ContextClassLoaderDispatch.java:33)
  at org.gradle.internal.dispatch.ProxyDispatchAdapter$DispatchingInvocationHandler.invoke(ProxyDispatchAdapter.java:88)
  at jdk.proxy1/jdk.proxy1.$Proxy4.processTestDefinition(Unknown Source)
  at org.gradle.api.internal.tasks.testing.worker.TestWorker$2.run(TestWorker.java:178)
  at org.gradle.api.internal.tasks.testing.worker.TestWorker.executeAndMaintainThreadName(TestWorker.java:126)
  at org.gradle.api.internal.tasks.testing.worker.TestWorker.execute(TestWorker.java:103)
  at org.gradle.api.internal.tasks.testing.worker.TestWorker.execute(TestWorker.java:63)
  at org.gradle.process.internal.worker.child.ActionExecutionWorker.execute(ActionExecutionWorker.java:56)
  at org.gradle.process.internal.worker.child.SystemApplicationClassLoaderWorker.call(SystemApplicationClassLoaderWorker.java:122)
  at org.gradle.process.internal.worker.child.SystemApplicationClassLoaderWorker.call(SystemApplicationClassLoaderWorker.java:72)
  at worker.org.gradle.process.internal.worker.GradleWorkerMain.run(GradleWorkerMain.java:69)
  at worker.org.gradle.process.internal.worker.GradleWorkerMain.main(GradleWorkerMain.java:74)
</stacktrace>
</test-failure>


TypeScriptCompilerTests_D[jvm] > declarationEmitDestructuringObjectLiteralPattern1_ts has expected errors matching declarationEmitDestructuringObjectLiteralPattern1_errors_txt[jvm] FAILED

<test-failure test="com.xemantic.typescript.compiler.TypeScriptCompilerTests_D.doubleMixinConditionalTypeBaseClassWorks_ts has expected errors matching doubleMixinConditionalTypeBaseClassWorks_errors_txt" platform="jvm">
<message>
Expected diagnostics from baseline typescript-repo/tests/baselines/reference/doubleMixinConditionalTypeBaseClassWorks.errors.txt but none produced
</message>
<stacktrace>
  at com.xemantic.typescript.compiler.TypeScriptTestSupportKt.errorsMatchBaseline(TypeScriptTestSupport.kt:125)
  at com.xemantic.typescript.compiler.TypeScriptCompilerTests_D.doubleMixinConditionalTypeBaseClassWorks_ts has expected errors matching doubleMixinConditionalTypeBaseClassWorks_errors_txt(TypeScriptCompilerTests_D.kt:5838)
  at java.base/jdk.internal.reflect.DirectMethodHandleAccessor.invoke(DirectMethodHandleAccessor.java:104)
  at java.base/java.lang.reflect.Method.invoke(Method.java:565)
  at org.junit.runners.model.FrameworkMethod$1.runReflectiveCall(FrameworkMethod.java:59)
  at org.junit.internal.runners.model.ReflectiveCallable.run(ReflectiveCallable.java:12)
  at org.junit.runners.model.FrameworkMethod.invokeExplosively(FrameworkMethod.java:56)
  at org.junit.internal.runners.statements.InvokeMethod.evaluate(InvokeMethod.java:17)
  at org.junit.runners.ParentRunner$3.evaluate(ParentRunner.java:306)
  at org.junit.runners.BlockJUnit4ClassRunner$1.evaluate(BlockJUnit4ClassRunner.java:100)
  at org.junit.runners.ParentRunner.runLeaf(ParentRunner.java:366)
  at org.junit.runners.BlockJUnit4ClassRunner.runChild(BlockJUnit4ClassRunner.java:103)
  at org.junit.runners.BlockJUnit4ClassRunner.runChild(BlockJUnit4ClassRunner.java:63)
  at org.junit.runners.ParentRunner$4.run(ParentRunner.java:331)
  at org.junit.runners.ParentRunner$1.schedule(ParentRunner.java:79)
  at org.junit.runners.ParentRunner.runChildren(ParentRunner.java:329)
  at org.junit.runners.ParentRunner.access$100(ParentRunner.java:66)
  at org.junit.runners.ParentRunner$2.evaluate(ParentRunner.java:293)
  at org.junit.runners.ParentRunner$3.evaluate(ParentRunner.java:306)
  at org.junit.runners.ParentRunner.run(ParentRunner.java:413)
  at org.junit.runner.JUnitCore.run(JUnitCore.java:137)
  at org.junit.runner.JUnitCore.run(JUnitCore.java:115)
  at org.gradle.api.internal.tasks.testing.junit.JUnitTestExecutor.runRequest(JUnitTestExecutor.java:175)
  at org.gradle.api.internal.tasks.testing.junit.JUnitTestExecutor.accept(JUnitTestExecutor.java:84)
  at org.gradle.api.internal.tasks.testing.junit.JUnitTestExecutor.accept(JUnitTestExecutor.java:47)
  at org.gradle.api.internal.tasks.testing.junit.AbstractJUnitTestDefinitionProcessor.processTestDefinition(AbstractJUnitTestDefinitionProcessor.java:65)
  at org.gradle.api.internal.tasks.testing.SuiteTestDefinitionProcessor.processTestDefinition(SuiteTestDefinitionProcessor.java:54)
  at java.base/jdk.internal.reflect.DirectMethodHandleAccessor.invoke(DirectMethodHandleAccessor.java:104)
  at java.base/java.lang.reflect.Method.invoke(Method.java:565)
  at org.gradle.internal.dispatch.MethodInvocation.invokeOn(MethodInvocation.java:77)
  at org.gradle.internal.dispatch.ReflectionDispatch.dispatch(ReflectionDispatch.java:28)
  at org.gradle.internal.dispatch.ReflectionDispatch.dispatch(ReflectionDispatch.java:19)
  at org.gradle.internal.dispatch.ContextClassLoaderDispatch.dispatch(ContextClassLoaderDispatch.java:33)
  at org.gradle.internal.dispatch.ProxyDispatchAdapter$DispatchingInvocationHandler.invoke(ProxyDispatchAdapter.java:88)
  at jdk.proxy1/jdk.proxy1.$Proxy4.processTestDefinition(Unknown Source)
  at org.gradle.api.internal.tasks.testing.worker.TestWorker$2.run(TestWorker.java:178)
  at org.gradle.api.internal.tasks.testing.worker.TestWorker.executeAndMaintainThreadName(TestWorker.java:126)
  at org.gradle.api.internal.tasks.testing.worker.TestWorker.execute(TestWorker.java:103)
  at org.gradle.api.internal.tasks.testing.worker.TestWorker.execute(TestWorker.java:63)
  at org.gradle.process.internal.worker.child.ActionExecutionWorker.execute(ActionExecutionWorker.java:56)
  at org.gradle.process.internal.worker.child.SystemApplicationClassLoaderWorker.call(SystemApplicationClassLoaderWorker.java:122)
  at org.gradle.process.internal.worker.child.SystemApplicationClassLoaderWorker.call(SystemApplicationClassLoaderWorker.java:72)
  at worker.org.gradle.process.internal.worker.GradleWorkerMain.run(GradleWorkerMain.java:69)
  at worker.org.gradle.process.internal.worker.GradleWorkerMain.main(GradleWorkerMain.java:74)
</stacktrace>
</test-failure>


TypeScriptCompilerTests_D[jvm] > doubleMixinConditionalTypeBaseClassWorks_ts has expected errors matching doubleMixinConditionalTypeBaseClassWorks_errors_txt[jvm] FAILED

<test-failure test="com.xemantic.typescript.compiler.TypeScriptCompilerTests_D.deeplyNestedMappedTypes_ts has expected errors matching deeplyNestedMappedTypes_errors_txt" platform="jvm">
<message>
--- expected
+++ actual
@@ -1,22 +1,18 @@
-deeplyNestedMappedTypes.ts(9,7): error TS2322: Type 'Id<{ x: { y: { z: { a: { b: { c: number; }; }; }; }; }; }>' is not assignable to type 'Id<{ x: { y: { z: { a: { b: { c: string; }; }; }; }; }; }>'.
-  The types of 'x.y.z.a.b.c' are incompatible between these types.
-    Type 'number' is not assignable to type 'string'.
-deeplyNestedMappedTypes.ts(17,7): error TS2322: Type 'Id2<{ x: { y: { z: { a: { b: { c: number; }; }; }; }; }; }>' is not assignable to type 'Id2<{ x: { y: { z: { a: { b: { c: string; }; }; }; }; }; }>'.
-  The types of 'x.y.z.a.b.c' are incompatible between these types.
-    Type 'number' is not assignable to type 'string'.
-deeplyNestedMappedTypes.ts(69,5): error TS2322: Type '{ level1: { level2: { foo: string; }; }; }[]' is not assignable to type '{ level1: { level2: { foo: string; bar: string; }; }; }[]'.
-  Type '{ level1: { level2: { foo: string; }; }; }' is not assignable to type '{ level1: { level2: { foo: string; bar: string; }; }; }'.
-    The types of 'level1.level2' are incompatible between these types.
-      Property 'bar' is missing in type '{ foo: string; }' but required in type '{ foo: string; bar: string; }'.
-deeplyNestedMappedTypes.ts(73,5): error TS2322: Type '{ level1: { level2: { foo: string; }; }; }[]' is not assignable to type 'T'.
-  'T' could be instantiated with an arbitrary type which could be unrelated to '{ level1: { level2: { foo: string; }; }; }[]'.
-deeplyNestedMappedTypes.ts(77,5): error TS2322: Type '{ level1: { level2: { foo: string; }; }; }[]' is not assignable to type '{ level1: { level2: { foo: string; bar: string; }; }; }[]'.
-  Type '{ level1: { level2: { foo: string; }; }; }' is not assignable to type '{ level1: { level2: { foo: string; bar: string; }; }; }'.
-    The types of 'level1.level2' are incompatible between these types.
-      Property 'bar' is missing in type '{ foo: string; }' but required in type '{ foo: string; bar: string; }'.
+deeplyNestedMappedTypes.ts(95,11): error TS7008: Member ':' implicitly has an 'any' type.
+deeplyNestedMappedTypes.ts(95,13): error TS7008: Member 'unknown' implicitly has an 'any' type.
+deeplyNestedMappedTypes.ts(104,11): error TS7008: Member ':' implicitly has an 'any' type.
+deeplyNestedMappedTypes.ts(104,13): error TS7008: Member 'string' implicitly has an 'any' type.
+deeplyNestedMappedTypes.ts(125,11): error TS7008: Member ':' implicitly has an 'any' type.
+deeplyNestedMappedTypes.ts(125,13): error TS7010: 'PropertiesReduce', which lacks return-type annotation, implicitly has an 'any' return type.
+deeplyNestedMappedTypes.ts(125,29): error TS1005: '(' expected.
+deeplyNestedMappedTypes.ts(125,29): error TS7006: Parameter '<' implicitly has an 'any' type.
+deeplyNestedMappedTypes.ts(125,30): error TS1005: ')' expected.
+deeplyNestedMappedTypes.ts(125,30): error TS7008: Member 'T' implicitly has an 'any' type.
+deeplyNestedMappedTypes.ts(125,33): error TS7008: Member 'this' implicitly has an 'any' type.
+deeplyNestedMappedTypes.ts(125,47): error TS7008: Member '>' implicitly has an 'any' type.
 
 
-==== deeplyNestedMappedTypes.ts (5 errors) ====
+==== deeplyNestedMappedTypes.ts (12 errors) ====
     // Simplified repro from #55535
     
     type Id<T> = { [K in keyof T]: Id<T[K]> };
@@ -26,10 +22,6 @@
     
     declare const foo1: Foo1;
     const foo2: Foo2 = foo1;  // Error expected
-          ~~~~
-!!! error TS2322: Type 'Id<{ x: { y: { z: { a: { b: { c: number; }; }; }; }; }; }>' is not assignable to type 'Id<{ x: { y: { z: { a: { b: { c: string; }; }; }; }; }; }>'.
-!!! error TS2322:   The types of 'x.y.z.a.b.c' are incompatible between these types.
-!!! error TS2322:     Type 'number' is not assignable to type 'string'.
     
     type Id2<T> = { [K in keyof T]: Id2<Id2<T[K]>> };
     
@@ -38,10 +30,6 @@
     
     declare const foo3: Foo3;
     const foo4: Foo4 = foo3;  // Error expected
-          ~~~~
-!!! error TS2322: Type 'Id2<{ x: { y: { z: { a: { b: { c: number; }; }; }; }; }; }>' is not assignable to type 'Id2<{ x: { y: { z: { a: { b: { c: string; }; }; }; }; }; }>'.
-!!! error TS2322:   The types of 'x.y.z.a.b.c' are incompatible between these types.
-!!! error TS2322:     Type 'number' is not assignable to type 'string'.
     
     // Repro from issue linked in #55535
     
@@ -94,29 +82,14 @@
     
     function problematicFunction1(ors: Input[]): Output[] {
         return ors;  // Error
-        ~~~~~~
-!!! error TS2322: Type '{ level1: { level2: { foo: string; }; }; }[]' is not assignable to type '{ level1: { level2: { foo: string; bar: string; }; }; }[]'.
-!!! error TS2322:   Type '{ level1: { level2: { foo: string; }; }; }' is not assignable to type '{ level1: { level2: { foo: string; bar: string; }; }; }'.
-!!! error TS2322:     The types of 'level1.level2' are incompatible between these types.
-!!! error TS2322:       Property 'bar' is missing in type '{ foo: string; }' but required in type '{ foo: string; bar: string; }'.
-!!! related TS2728 deeplyNestedMappedTypes.ts:63:13: 'bar' is declared here.
     }
     
     function problematicFunction2<T extends Output[]>(ors: Input[]): T {
         return ors;  // Error
-        ~~~~~~
-!!! error TS2322: Type '{ level1: { level2: { foo: string; }; }; }[]' is not assignable to type 'T'.
-!!! error TS2322:   'T' could be instantiated with an arbitrary type which could be unrelated to '{ level1: { level2: { foo: string; }; }; }[]'.
     }
     
     function problematicFunction3(ors: (typeof Input.static)[]): Output[] {
         return ors;  // Error
-        ~~~~~~
-!!! error TS2322: Type '{ level1: { level2: { foo: string; }; }; }[]' is not assignable to type '{ level1: { level2: { foo: string; bar: string; }; }; }[]'.
-!!! error TS2322:   Type '{ level1: { level2: { foo: string; }; }; }' is not assignable to type '{ level1: { level2: { foo: string; bar: string; }; }; }'.
-!!! error TS2322:     The types of 'level1.level2' are incompatible between these types.
-!!! error TS2322:       Property 'bar' is missing in type '{ foo: string; }' but required in type '{ foo: string; bar: string; }'.
-!!! related TS2728 deeplyNestedMappedTypes.ts:63:13: 'bar' is declared here.
     }
     
     export type Evaluate<T> = T extends infer O ? { [K in keyof O]: O[K] } : never
@@ -135,6 +108,10 @@
         [Hint]?: string
         params: unknown[]
         static: unknown
+              ~
+!!! error TS7008: Member ':' implicitly has an 'any' type.
+                ~~~~~~~
+!!! error TS7008: Member 'unknown' implicitly has an 'any' type.
     }
     
     export type TReadonlyOptional<T extends TSchema> = TOptional<T> & TReadonly<T>
@@ -144,6 +121,10 @@
     export interface TString extends TSchema {
         [Kind]: 'String';
         static: string;
+              ~
+!!! error TS7008: Member ':' implicitly has an 'any' type.
+                ~~~~~~
+!!! error TS7008: Member 'string' implicitly has an 'any' type.
         type: 'string';
     }
     
@@ -165,6 +146,22 @@
     export interface TObject<T extends TProperties = TProperties> extends TSchema {
         [Kind]: 'Object'
         static: PropertiesReduce<T, this['params']>
+              ~
+!!! error TS7008: Member ':' implicitly has an 'any' type.
+                ~~~~~~~~~~~~~~~~~~
+!!! error TS7010: 'PropertiesReduce', which lacks return-type annotation, implicitly has an 'any' return type.
+                                ~
+!!! error TS1005: '(' expected.
+                                ~
+!!! error TS7006: Parameter '<' implicitly has an 'any' type.
+                                 ~
+!!! error TS1005: ')' expected.
+                                 ~
+!!! error TS7008: Member 'T' implicitly has an 'any' type.
+                                    ~~~~
+!!! error TS7008: Member 'this' implicitly has an 'any' type.
+                                                  ~
+!!! error TS7008: Member '>' implicitly has an 'any' type.
         type: 'object'
         properties: T
     }

</message>
<stacktrace>
  at org.junit.Assert.fail(Assert.java:89)
  at kotlin.test.junit.JUnitAsserter.fail(JUnitSupport.kt:56)
  at kotlin.test.AssertionsKt__AssertionsKt.fail(Assertions.kt:563)
  at kotlin.test.AssertionsKt.fail(Unknown Source)
  at com.xemantic.kotlin.test.SameAsKt.sameAs(SameAs.kt:52)
  at com.xemantic.typescript.compiler.TypeScriptTestSupportKt.errorsMatchBaseline(TypeScriptTestSupport.kt:135)
  at com.xemantic.typescript.compiler.TypeScriptCompilerTests_D.deeplyNestedMappedTypes_ts has expected errors matching deeplyNestedMappedTypes_errors_txt(TypeScriptCompilerTests_D.kt:4193)
  at java.base/jdk.internal.reflect.DirectMethodHandleAccessor.invoke(DirectMethodHandleAccessor.java:104)
  at java.base/java.lang.reflect.Method.invoke(Method.java:565)
  at org.junit.runners.model.FrameworkMethod$1.runReflectiveCall(FrameworkMethod.java:59)
  at org.junit.internal.runners.model.ReflectiveCallable.run(ReflectiveCallable.java:12)
  at org.junit.runners.model.FrameworkMethod.invokeExplosively(FrameworkMethod.java:56)
  at org.junit.internal.runners.statements.InvokeMethod.evaluate(InvokeMethod.java:17)
  at org.junit.runners.ParentRunner$3.evaluate(ParentRunner.java:306)
  at org.junit.runners.BlockJUnit4ClassRunner$1.evaluate(BlockJUnit4ClassRunner.java:100)
  at org.junit.runners.ParentRunner.runLeaf(ParentRunner.java:366)
  at org.junit.runners.BlockJUnit4ClassRunner.runChild(BlockJUnit4ClassRunner.java:103)
  at org.junit.runners.BlockJUnit4ClassRunner.runChild(BlockJUnit4ClassRunner.java:63)
  at org.junit.runners.ParentRunner$4.run(ParentRunner.java:331)
  at org.junit.runners.ParentRunner$1.schedule(ParentRunner.java:79)
  at org.junit.runners.ParentRunner.runChildren(ParentRunner.java:329)
  at org.junit.runners.ParentRunner.access$100(ParentRunner.java:66)
  at org.junit.runners.ParentRunner$2.evaluate(ParentRunner.java:293)
  at org.junit.runners.ParentRunner$3.evaluate(ParentRunner.java:306)
  at org.junit.runners.ParentRunner.run(ParentRunner.java:413)
  at org.junit.runner.JUnitCore.run(JUnitCore.java:137)
  at org.junit.runner.JUnitCore.run(JUnitCore.java:115)
  at org.gradle.api.internal.tasks.testing.junit.JUnitTestExecutor.runRequest(JUnitTestExecutor.java:175)
  at org.gradle.api.internal.tasks.testing.junit.JUnitTestExecutor.accept(JUnitTestExecutor.java:84)
  at org.gradle.api.internal.tasks.testing.junit.JUnitTestExecutor.accept(JUnitTestExecutor.java:47)
  at org.gradle.api.internal.tasks.testing.junit.AbstractJUnitTestDefinitionProcessor.processTestDefinition(AbstractJUnitTestDefinitionProcessor.java:65)
  at org.gradle.api.internal.tasks.testing.SuiteTestDefinitionProcessor.processTestDefinition(SuiteTestDefinitionProcessor.java:54)
  at java.base/jdk.internal.reflect.DirectMethodHandleAccessor.invoke(DirectMethodHandleAccessor.java:104)
  at java.base/java.lang.reflect.Method.invoke(Method.java:565)
  at org.gradle.internal.dispatch.MethodInvocation.invokeOn(MethodInvocation.java:77)
  at org.gradle.internal.dispatch.ReflectionDispatch.dispatch(ReflectionDispatch.java:28)
  at org.gradle.internal.dispatch.ReflectionDispatch.dispatch(ReflectionDispatch.java:19)
  at org.gradle.internal.dispatch.ContextClassLoaderDispatch.dispatch(ContextClassLoaderDispatch.java:33)
  at org.gradle.internal.dispatch.ProxyDispatchAdapter$DispatchingInvocationHandler.invoke(ProxyDispatchAdapter.java:88)
  at jdk.proxy1/jdk.proxy1.$Proxy4.processTestDefinition(Unknown Source)
  at org.gradle.api.internal.tasks.testing.worker.TestWorker$2.run(TestWorker.java:178)
  at org.gradle.api.internal.tasks.testing.worker.TestWorker.executeAndMaintainThreadName(TestWorker.java:126)
  at org.gradle.api.internal.tasks.testing.worker.TestWorker.execute(TestWorker.java:103)
  at org.gradle.api.internal.tasks.testing.worker.TestWorker.execute(TestWorker.java:63)
  at org.gradle.process.internal.worker.child.ActionExecutionWorker.execute(ActionExecutionWorker.java:56)
  at org.gradle.process.internal.worker.child.SystemApplicationClassLoaderWorker.call(SystemApplicationClassLoaderWorker.java:122)
  at org.gradle.process.internal.worker.child.SystemApplicationClassLoaderWorker.call(SystemApplicationClassLoaderWorker.java:72)
  at worker.org.gradle.process.internal.worker.GradleWorkerMain.run(GradleWorkerMain.java:69)
  at worker.org.gradle.process.internal.worker.GradleWorkerMain.main(GradleWorkerMain.java:74)
</stacktrace>
</test-failure>


TypeScriptCompilerTests_D[jvm] > deeplyNestedMappedTypes_ts has expected errors matching deeplyNestedMappedTypes_errors_txt[jvm] FAILED

<test-failure test="com.xemantic.typescript.compiler.TypeScriptCompilerTests_D.declarationEmitUnsafeImportSymbolName_ts has expected errors matching declarationEmitUnsafeImportSymbolName_errors_txt" platform="jvm">
<message>
Expected diagnostics from baseline typescript-repo/tests/baselines/reference/declarationEmitUnsafeImportSymbolName.errors.txt but none produced
</message>
<stacktrace>
  at com.xemantic.typescript.compiler.TypeScriptTestSupportKt.errorsMatchBaseline(TypeScriptTestSupport.kt:125)
  at com.xemantic.typescript.compiler.TypeScriptCompilerTests_D.declarationEmitUnsafeImportSymbolName_ts has expected errors matching declarationEmitUnsafeImportSymbolName_errors_txt(TypeScriptCompilerTests_D.kt:3185)
  at java.base/jdk.internal.reflect.DirectMethodHandleAccessor.invoke(DirectMethodHandleAccessor.java:104)
  at java.base/java.lang.reflect.Method.invoke(Method.java:565)
  at org.junit.runners.model.FrameworkMethod$1.runReflectiveCall(FrameworkMethod.java:59)
  at org.junit.internal.runners.model.ReflectiveCallable.run(ReflectiveCallable.java:12)
  at org.junit.runners.model.FrameworkMethod.invokeExplosively(FrameworkMethod.java:56)
  at org.junit.internal.runners.statements.InvokeMethod.evaluate(InvokeMethod.java:17)
  at org.junit.runners.ParentRunner$3.evaluate(ParentRunner.java:306)
  at org.junit.runners.BlockJUnit4ClassRunner$1.evaluate(BlockJUnit4ClassRunner.java:100)
  at org.junit.runners.ParentRunner.runLeaf(ParentRunner.java:366)
  at org.junit.runners.BlockJUnit4ClassRunner.runChild(BlockJUnit4ClassRunner.java:103)
  at org.junit.runners.BlockJUnit4ClassRunner.runChild(BlockJUnit4ClassRunner.java:63)
  at org.junit.runners.ParentRunner$4.run(ParentRunner.java:331)
  at org.junit.runners.ParentRunner$1.schedule(ParentRunner.java:79)
  at org.junit.runners.ParentRunner.runChildren(ParentRunner.java:329)
  at org.junit.runners.ParentRunner.access$100(ParentRunner.java:66)
  at org.junit.runners.ParentRunner$2.evaluate(ParentRunner.java:293)
  at org.junit.runners.ParentRunner$3.evaluate(ParentRunner.java:306)
  at org.junit.runners.ParentRunner.run(ParentRunner.java:413)
  at org.junit.runner.JUnitCore.run(JUnitCore.java:137)
  at org.junit.runner.JUnitCore.run(JUnitCore.java:115)
  at org.gradle.api.internal.tasks.testing.junit.JUnitTestExecutor.runRequest(JUnitTestExecutor.java:175)
  at org.gradle.api.internal.tasks.testing.junit.JUnitTestExecutor.accept(JUnitTestExecutor.java:84)
  at org.gradle.api.internal.tasks.testing.junit.JUnitTestExecutor.accept(JUnitTestExecutor.java:47)
  at org.gradle.api.internal.tasks.testing.junit.AbstractJUnitTestDefinitionProcessor.processTestDefinition(AbstractJUnitTestDefinitionProcessor.java:65)
  at org.gradle.api.internal.tasks.testing.SuiteTestDefinitionProcessor.processTestDefinition(SuiteTestDefinitionProcessor.java:54)
  at java.base/jdk.internal.reflect.DirectMethodHandleAccessor.invoke(DirectMethodHandleAccessor.java:104)
  at java.base/java.lang.reflect.Method.invoke(Method.java:565)
  at org.gradle.internal.dispatch.MethodInvocation.invokeOn(MethodInvocation.java:77)
  at org.gradle.internal.dispatch.ReflectionDispatch.dispatch(ReflectionDispatch.java:28)
  at org.gradle.internal.dispatch.ReflectionDispatch.dispatch(ReflectionDispatch.java:19)
  at org.gradle.internal.dispatch.ContextClassLoaderDispatch.dispatch(ContextClassLoaderDispatch.java:33)
  at org.gradle.internal.dispatch.ProxyDispatchAdapter$DispatchingInvocationHandler.invoke(ProxyDispatchAdapter.java:88)
  at jdk.proxy1/jdk.proxy1.$Proxy4.processTestDefinition(Unknown Source)
  at org.gradle.api.internal.tasks.testing.worker.TestWorker$2.run(TestWorker.java:178)
  at org.gradle.api.internal.tasks.testing.worker.TestWorker.executeAndMaintainThreadName(TestWorker.java:126)
  at org.gradle.api.internal.tasks.testing.worker.TestWorker.execute(TestWorker.java:103)
  at org.gradle.api.internal.tasks.testing.worker.TestWorker.execute(TestWorker.java:63)
  at org.gradle.process.internal.worker.child.ActionExecutionWorker.execute(ActionExecutionWorker.java:56)
  at org.gradle.process.internal.worker.child.SystemApplicationClassLoaderWorker.call(SystemApplicationClassLoaderWorker.java:122)
  at org.gradle.process.internal.worker.child.SystemApplicationClassLoaderWorker.call(SystemApplicationClassLoaderWorker.java:72)
  at worker.org.gradle.process.internal.worker.GradleWorkerMain.run(GradleWorkerMain.java:69)
  at worker.org.gradle.process.internal.worker.GradleWorkerMain.main(GradleWorkerMain.java:74)
</stacktrace>
</test-failure>


TypeScriptCompilerTests_D[jvm] > declarationEmitUnsafeImportSymbolName_ts has expected errors matching declarationEmitUnsafeImportSymbolName_errors_txt[jvm] FAILED

<test-failure test="com.xemantic.typescript.compiler.TypeScriptCompilerTests_D.decoratorMetadataNoLibIsolatedModulesTypes_ts has expected errors matching decoratorMetadataNoLibIsolatedModulesTypes_errors_txt" platform="jvm">
<message>
--- expected
+++ actual
@@ -1,33 +1,13 @@
-error TS2318: Cannot find global type 'Array'.
-error TS2318: Cannot find global type 'Boolean'.
-error TS2318: Cannot find global type 'CallableFunction'.
-error TS2318: Cannot find global type 'Function'.
-error TS2318: Cannot find global type 'IArguments'.
-error TS2318: Cannot find global type 'NewableFunction'.
-error TS2318: Cannot find global type 'Number'.
-error TS2318: Cannot find global type 'Object'.
-error TS2318: Cannot find global type 'RegExp'.
-error TS2318: Cannot find global type 'String'.
 decoratorMetadataNoLibIsolatedModulesTypes.ts(2,6): error TS2304: Cannot find name 'Decorate'.
-decoratorMetadataNoLibIsolatedModulesTypes.ts(3,13): error TS2583: Cannot find name 'Map'. Do you need to change your target library? Try changing the 'lib' compiler option to 'es2015' or later.
+decoratorMetadataNoLibIsolatedModulesTypes.ts(3,5): error TS2564: Property 'member' has no initializer and is not definitely assigned in the constructor.
 
 
-!!! error TS2318: Cannot find global type 'Array'.
-!!! error TS2318: Cannot find global type 'Boolean'.
-!!! error TS2318: Cannot find global type 'CallableFunction'.
-!!! error TS2318: Cannot find global type 'Function'.
-!!! error TS2318: Cannot find global type 'IArguments'.
-!!! error TS2318: Cannot find global type 'NewableFunction'.
-!!! error TS2318: Cannot find global type 'Number'.
-!!! error TS2318: Cannot find global type 'Object'.
-!!! error TS2318: Cannot find global type 'RegExp'.
-!!! error TS2318: Cannot find global type 'String'.
 ==== decoratorMetadataNoLibIsolatedModulesTypes.ts (2 errors) ====
     export class B {
         @Decorate
          ~~~~~~~~
 !!! error TS2304: Cannot find name 'Decorate'.
         member: Map<string, number>;
-                ~~~
-!!! error TS2583: Cannot find name 'Map'. Do you need to change your target library? Try changing the 'lib' compiler option to 'es2015' or later.
+        ~~~~~~
+!!! error TS2564: Property 'member' has no initializer and is not definitely assigned in the constructor.
     }

</message>
<stacktrace>
  at org.junit.Assert.fail(Assert.java:89)
  at kotlin.test.junit.JUnitAsserter.fail(JUnitSupport.kt:56)
  at kotlin.test.AssertionsKt__AssertionsKt.fail(Assertions.kt:563)
  at kotlin.test.AssertionsKt.fail(Unknown Source)
  at com.xemantic.kotlin.test.SameAsKt.sameAs(SameAs.kt:52)
  at com.xemantic.typescript.compiler.TypeScriptTestSupportKt.errorsMatchBaseline(TypeScriptTestSupport.kt:135)
  at com.xemantic.typescript.compiler.TypeScriptCompilerTests_D.decoratorMetadataNoLibIsolatedModulesTypes_ts has expected errors matching decoratorMetadataNoLibIsolatedModulesTypes_errors_txt(TypeScriptCompilerTests_D.kt:3773)
  at java.base/jdk.internal.reflect.DirectMethodHandleAccessor.invoke(DirectMethodHandleAccessor.java:104)
  at java.base/java.lang.reflect.Method.invoke(Method.java:565)
  at org.junit.runners.model.FrameworkMethod$1.runReflectiveCall(FrameworkMethod.java:59)
  at org.junit.internal.runners.model.ReflectiveCallable.run(ReflectiveCallable.java:12)
  at org.junit.runners.model.FrameworkMethod.invokeExplosively(FrameworkMethod.java:56)
  at org.junit.internal.runners.statements.InvokeMethod.evaluate(InvokeMethod.java:17)
  at org.junit.runners.ParentRunner$3.evaluate(ParentRunner.java:306)
  at org.junit.runners.BlockJUnit4ClassRunner$1.evaluate(BlockJUnit4ClassRunner.java:100)
  at org.junit.runners.ParentRunner.runLeaf(ParentRunner.java:366)
  at org.junit.runners.BlockJUnit4ClassRunner.runChild(BlockJUnit4ClassRunner.java:103)
  at org.junit.runners.BlockJUnit4ClassRunner.runChild(BlockJUnit4ClassRunner.java:63)
  at org.junit.runners.ParentRunner$4.run(ParentRunner.java:331)
  at org.junit.runners.ParentRunner$1.schedule(ParentRunner.java:79)
  at org.junit.runners.ParentRunner.runChildren(ParentRunner.java:329)
  at org.junit.runners.ParentRunner.access$100(ParentRunner.java:66)
  at org.junit.runners.ParentRunner$2.evaluate(ParentRunner.java:293)
  at org.junit.runners.ParentRunner$3.evaluate(ParentRunner.java:306)
  at org.junit.runners.ParentRunner.run(ParentRunner.java:413)
  at org.junit.runner.JUnitCore.run(JUnitCore.java:137)
  at org.junit.runner.JUnitCore.run(JUnitCore.java:115)
  at org.gradle.api.internal.tasks.testing.junit.JUnitTestExecutor.runRequest(JUnitTestExecutor.java:175)
  at org.gradle.api.internal.tasks.testing.junit.JUnitTestExecutor.accept(JUnitTestExecutor.java:84)
  at org.gradle.api.internal.tasks.testing.junit.JUnitTestExecutor.accept(JUnitTestExecutor.java:47)
  at org.gradle.api.internal.tasks.testing.junit.AbstractJUnitTestDefinitionProcessor.processTestDefinition(AbstractJUnitTestDefinitionProcessor.java:65)
  at org.gradle.api.internal.tasks.testing.SuiteTestDefinitionProcessor.processTestDefinition(SuiteTestDefinitionProcessor.java:54)
  at java.base/jdk.internal.reflect.DirectMethodHandleAccessor.invoke(DirectMethodHandleAccessor.java:104)
  at java.base/java.lang.reflect.Method.invoke(Method.java:565)
  at org.gradle.internal.dispatch.MethodInvocation.invokeOn(MethodInvocation.java:77)
  at org.gradle.internal.dispatch.ReflectionDispatch.dispatch(ReflectionDispatch.java:28)
  at org.gradle.internal.dispatch.ReflectionDispatch.dispatch(ReflectionDispatch.java:19)
  at org.gradle.internal.dispatch.ContextClassLoaderDispatch.dispatch(ContextClassLoaderDispatch.java:33)
  at org.gradle.internal.dispatch.ProxyDispatchAdapter$DispatchingInvocationHandler.invoke(ProxyDispatchAdapter.java:88)
  at jdk.proxy1/jdk.proxy1.$Proxy4.processTestDefinition(Unknown Source)
  at org.gradle.api.internal.tasks.testing.worker.TestWorker$2.run(TestWorker.java:178)
  at org.gradle.api.internal.tasks.testing.worker.TestWorker.executeAndMaintainThreadName(TestWorker.java:126)
  at org.gradle.api.internal.tasks.testing.worker.TestWorker.execute(TestWorker.java:103)
  at org.gradle.api.internal.tasks.testing.worker.TestWorker.execute(TestWorker.java:63)
  at org.gradle.process.internal.worker.child.ActionExecutionWorker.execute(ActionExecutionWorker.java:56)
  at org.gradle.process.internal.worker.child.SystemApplicationClassLoaderWorker.call(SystemApplicationClassLoaderWorker.java:122)
  at org.gradle.process.internal.worker.child.SystemApplicationClassLoaderWorker.call(SystemApplicationClassLoaderWorker.java:72)
  at worker.org.gradle.process.internal.worker.GradleWorkerMain.run(GradleWorkerMain.java:69)
  at worker.org.gradle.process.internal.worker.GradleWorkerMain.main(GradleWorkerMain.java:74)
</stacktrace>
</test-failure>


TypeScriptCompilerTests_D[jvm] > decoratorMetadataNoLibIsolatedModulesTypes_ts has expected errors matching decoratorMetadataNoLibIsolatedModulesTypes_errors_txt[jvm] FAILED

<test-failure test="com.xemantic.typescript.compiler.TypeScriptCompilerTests_D.duplicateIdentifiersAcrossFileBoundaries_ts has expected errors matching duplicateIdentifiersAcrossFileBoundaries_errors_txt" platform="jvm">
<message>
Expected diagnostics from baseline typescript-repo/tests/baselines/reference/duplicateIdentifiersAcrossFileBoundaries.errors.txt but none produced
</message>
<stacktrace>
  at com.xemantic.typescript.compiler.TypeScriptTestSupportKt.errorsMatchBaseline(TypeScriptTestSupport.kt:125)
  at com.xemantic.typescript.compiler.TypeScriptCompilerTests_D.duplicateIdentifiersAcrossFileBoundaries_ts has expected errors matching duplicateIdentifiersAcrossFileBoundaries_errors_txt(TypeScriptCompilerTests_D.kt:6489)
  at java.base/jdk.internal.reflect.DirectMethodHandleAccessor.invoke(DirectMethodHandleAccessor.java:104)
  at java.base/java.lang.reflect.Method.invoke(Method.java:565)
  at org.junit.runners.model.FrameworkMethod$1.runReflectiveCall(FrameworkMethod.java:59)
  at org.junit.internal.runners.model.ReflectiveCallable.run(ReflectiveCallable.java:12)
  at org.junit.runners.model.FrameworkMethod.invokeExplosively(FrameworkMethod.java:56)
  at org.junit.internal.runners.statements.InvokeMethod.evaluate(InvokeMethod.java:17)
  at org.junit.runners.ParentRunner$3.evaluate(ParentRunner.java:306)
  at org.junit.runners.BlockJUnit4ClassRunner$1.evaluate(BlockJUnit4ClassRunner.java:100)
  at org.junit.runners.ParentRunner.runLeaf(ParentRunner.java:366)
  at org.junit.runners.BlockJUnit4ClassRunner.runChild(BlockJUnit4ClassRunner.java:103)
  at org.junit.runners.BlockJUnit4ClassRunner.runChild(BlockJUnit4ClassRunner.java:63)
  at org.junit.runners.ParentRunner$4.run(ParentRunner.java:331)
  at org.junit.runners.ParentRunner$1.schedule(ParentRunner.java:79)
  at org.junit.runners.ParentRunner.runChildren(ParentRunner.java:329)
  at org.junit.runners.ParentRunner.access$100(ParentRunner.java:66)
  at org.junit.runners.ParentRunner$2.evaluate(ParentRunner.java:293)
  at org.junit.runners.ParentRunner$3.evaluate(ParentRunner.java:306)
  at org.junit.runners.ParentRunner.run(ParentRunner.java:413)
  at org.junit.runner.JUnitCore.run(JUnitCore.java:137)
  at org.junit.runner.JUnitCore.run(JUnitCore.java:115)
  at org.gradle.api.internal.tasks.testing.junit.JUnitTestExecutor.runRequest(JUnitTestExecutor.java:175)
  at org.gradle.api.internal.tasks.testing.junit.JUnitTestExecutor.accept(JUnitTestExecutor.java:84)
  at org.gradle.api.internal.tasks.testing.junit.JUnitTestExecutor.accept(JUnitTestExecutor.java:47)
  at org.gradle.api.internal.tasks.testing.junit.AbstractJUnitTestDefinitionProcessor.processTestDefinition(AbstractJUnitTestDefinitionProcessor.java:65)
  at org.gradle.api.internal.tasks.testing.SuiteTestDefinitionProcessor.processTestDefinition(SuiteTestDefinitionProcessor.java:54)
  at java.base/jdk.internal.reflect.DirectMethodHandleAccessor.invoke(DirectMethodHandleAccessor.java:104)
  at java.base/java.lang.reflect.Method.invoke(Method.java:565)
  at org.gradle.internal.dispatch.MethodInvocation.invokeOn(MethodInvocation.java:77)
  at org.gradle.internal.dispatch.ReflectionDispatch.dispatch(ReflectionDispatch.java:28)
  at org.gradle.internal.dispatch.ReflectionDispatch.dispatch(ReflectionDispatch.java:19)
  at org.gradle.internal.dispatch.ContextClassLoaderDispatch.dispatch(ContextClassLoaderDispatch.java:33)
  at org.gradle.internal.dispatch.ProxyDispatchAdapter$DispatchingInvocationHandler.invoke(ProxyDispatchAdapter.java:88)
  at jdk.proxy1/jdk.proxy1.$Proxy4.processTestDefinition(Unknown Source)
  at org.gradle.api.internal.tasks.testing.worker.TestWorker$2.run(TestWorker.java:178)
  at org.gradle.api.internal.tasks.testing.worker.TestWorker.executeAndMaintainThreadName(TestWorker.java:126)
  at org.gradle.api.internal.tasks.testing.worker.TestWorker.execute(TestWorker.java:103)
  at org.gradle.api.internal.tasks.testing.worker.TestWorker.execute(TestWorker.java:63)
  at org.gradle.process.internal.worker.child.ActionExecutionWorker.execute(ActionExecutionWorker.java:56)
  at org.gradle.process.internal.worker.child.SystemApplicationClassLoaderWorker.call(SystemApplicationClassLoaderWorker.java:122)
  at org.gradle.process.internal.worker.child.SystemApplicationClassLoaderWorker.call(SystemApplicationClassLoaderWorker.java:72)
  at worker.org.gradle.process.internal.worker.GradleWorkerMain.run(GradleWorkerMain.java:69)
  at worker.org.gradle.process.internal.worker.GradleWorkerMain.main(GradleWorkerMain.java:74)
</stacktrace>
</test-failure>


TypeScriptCompilerTests_D[jvm] > duplicateIdentifiersAcrossFileBoundaries_ts has expected errors matching duplicateIdentifiersAcrossFileBoundaries_errors_txt[jvm] FAILED

<test-failure test="com.xemantic.typescript.compiler.TypeScriptCompilerTests_D.declarationEmitInvalidReference2_ts has expected errors matching declarationEmitInvalidReference2_errors_txt" platform="jvm">
<message>
Expected diagnostics from baseline typescript-repo/tests/baselines/reference/declarationEmitInvalidReference2.errors.txt but none produced
</message>
<stacktrace>
  at com.xemantic.typescript.compiler.TypeScriptTestSupportKt.errorsMatchBaseline(TypeScriptTestSupport.kt:125)
  at com.xemantic.typescript.compiler.TypeScriptCompilerTests_D.declarationEmitInvalidReference2_ts has expected errors matching declarationEmitInvalidReference2_errors_txt(TypeScriptCompilerTests_D.kt:2191)
  at java.base/jdk.internal.reflect.DirectMethodHandleAccessor.invoke(DirectMethodHandleAccessor.java:104)
  at java.base/java.lang.reflect.Method.invoke(Method.java:565)
  at org.junit.runners.model.FrameworkMethod$1.runReflectiveCall(FrameworkMethod.java:59)
  at org.junit.internal.runners.model.ReflectiveCallable.run(ReflectiveCallable.java:12)
  at org.junit.runners.model.FrameworkMethod.invokeExplosively(FrameworkMethod.java:56)
  at org.junit.internal.runners.statements.InvokeMethod.evaluate(InvokeMethod.java:17)
  at org.junit.runners.ParentRunner$3.evaluate(ParentRunner.java:306)
  at org.junit.runners.BlockJUnit4ClassRunner$1.evaluate(BlockJUnit4ClassRunner.java:100)
  at org.junit.runners.ParentRunner.runLeaf(ParentRunner.java:366)
  at org.junit.runners.BlockJUnit4ClassRunner.runChild(BlockJUnit4ClassRunner.java:103)
  at org.junit.runners.BlockJUnit4ClassRunner.runChild(BlockJUnit4ClassRunner.java:63)
  at org.junit.runners.ParentRunner$4.run(ParentRunner.java:331)
  at org.junit.runners.ParentRunner$1.schedule(ParentRunner.java:79)
  at org.junit.runners.ParentRunner.runChildren(ParentRunner.java:329)
  at org.junit.runners.ParentRunner.access$100(ParentRunner.java:66)
  at org.junit.runners.ParentRunner$2.evaluate(ParentRunner.java:293)
  at org.junit.runners.ParentRunner$3.evaluate(ParentRunner.java:306)
  at org.junit.runners.ParentRunner.run(ParentRunner.java:413)
  at org.junit.runner.JUnitCore.run(JUnitCore.java:137)
  at org.junit.runner.JUnitCore.run(JUnitCore.java:115)
  at org.gradle.api.internal.tasks.testing.junit.JUnitTestExecutor.runRequest(JUnitTestExecutor.java:175)
  at org.gradle.api.internal.tasks.testing.junit.JUnitTestExecutor.accept(JUnitTestExecutor.java:84)
  at org.gradle.api.internal.tasks.testing.junit.JUnitTestExecutor.accept(JUnitTestExecutor.java:47)
  at org.gradle.api.internal.tasks.testing.junit.AbstractJUnitTestDefinitionProcessor.processTestDefinition(AbstractJUnitTestDefinitionProcessor.java:65)
  at org.gradle.api.internal.tasks.testing.SuiteTestDefinitionProcessor.processTestDefinition(SuiteTestDefinitionProcessor.java:54)
  at java.base/jdk.internal.reflect.DirectMethodHandleAccessor.invoke(DirectMethodHandleAccessor.java:104)
  at java.base/java.lang.reflect.Method.invoke(Method.java:565)
  at org.gradle.internal.dispatch.MethodInvocation.invokeOn(MethodInvocation.java:77)
  at org.gradle.internal.dispatch.ReflectionDispatch.dispatch(ReflectionDispatch.java:28)
  at org.gradle.internal.dispatch.ReflectionDispatch.dispatch(ReflectionDispatch.java:19)
  at org.gradle.internal.dispatch.ContextClassLoaderDispatch.dispatch(ContextClassLoaderDispatch.java:33)
  at org.gradle.internal.dispatch.ProxyDispatchAdapter$DispatchingInvocationHandler.invoke(ProxyDispatchAdapter.java:88)
  at jdk.proxy1/jdk.proxy1.$Proxy4.processTestDefinition(Unknown Source)
  at org.gradle.api.internal.tasks.testing.worker.TestWorker$2.run(TestWorker.java:178)
  at org.gradle.api.internal.tasks.testing.worker.TestWorker.executeAndMaintainThreadName(TestWorker.java:126)
  at org.gradle.api.internal.tasks.testing.worker.TestWorker.execute(TestWorker.java:103)
  at org.gradle.api.internal.tasks.testing.worker.TestWorker.execute(TestWorker.java:63)
  at org.gradle.process.internal.worker.child.ActionExecutionWorker.execute(ActionExecutionWorker.java:56)
  at org.gradle.process.internal.worker.child.SystemApplicationClassLoaderWorker.call(SystemApplicationClassLoaderWorker.java:122)
  at org.gradle.process.internal.worker.child.SystemApplicationClassLoaderWorker.call(SystemApplicationClassLoaderWorker.java:72)
  at worker.org.gradle.process.internal.worker.GradleWorkerMain.run(GradleWorkerMain.java:69)
  at worker.org.gradle.process.internal.worker.GradleWorkerMain.main(GradleWorkerMain.java:74)
</stacktrace>
</test-failure>


TypeScriptCompilerTests_D[jvm] > declarationEmitInvalidReference2_ts has expected errors matching declarationEmitInvalidReference2_errors_txt[jvm] FAILED

<test-failure test="com.xemantic.typescript.compiler.TypeScriptCompilerTests_D.deepElaborationsIntoArrowExpressions_ts has expected errors matching deepElaborationsIntoArrowExpressions_errors_txt" platform="jvm">
<message>
--- expected
+++ actual
@@ -1,17 +1,11 @@
-deepElaborationsIntoArrowExpressions.ts(4,14): error TS2322: Type '"b"' is not assignable to type '"a"'.
-deepElaborationsIntoArrowExpressions.ts(12,20): error TS2322: Type 'string' is not assignable to type 'number'.
-deepElaborationsIntoArrowExpressions.ts(16,14): error TS2322: Type 'string' is not assignable to type 'number'.
-deepElaborationsIntoArrowExpressions.ts(18,18): error TS2322: Type 'string' is not assignable to type 'number'.
+deepElaborationsIntoArrowExpressions.ts(12,5): error TS2322: Type '() => { a: string; }' is not assignable to type '() => Foo'.
 
 
-==== deepElaborationsIntoArrowExpressions.ts (4 errors) ====
+==== deepElaborationsIntoArrowExpressions.ts (1 errors) ====
     const a: {
         y(): "a"
     } = {
         y: () => "b"
-                 ~~~
-!!! error TS2322: Type '"b"' is not assignable to type '"a"'.
-!!! related TS6502 deepElaborationsIntoArrowExpressions.ts:2:5: The expected type comes from the return type of this signature.
     };
     
     interface Foo {
@@ -20,18 +14,11 @@
     
     function foo1(): () => Foo {
         return () => ({a: ''});
-                       ~
-!!! error TS2322: Type 'string' is not assignable to type 'number'.
-!!! related TS6500 deepElaborationsIntoArrowExpressions.ts:8:5: The expected type comes from property 'a' which is declared here on type 'Foo'
+        ~~~~~~
+!!! error TS2322: Type '() => { a: string; }' is not assignable to type '() => Foo'.
     }
     
     function foo3(): Foo[] {
         return [{a: ''}];
-                 ~
-!!! error TS2322: Type 'string' is not assignable to type 'number'.
-!!! related TS6500 deepElaborationsIntoArrowExpressions.ts:8:5: The expected type comes from property 'a' which is declared here on type 'Foo'
     }
     var y: Foo[] = [{a: ''}]
-                     ~
-!!! error TS2322: Type 'string' is not assignable to type 'number'.
-!!! related TS6500 deepElaborationsIntoArrowExpressions.ts:8:5: The expected type comes from property 'a' which is declared here on type 'Foo'

</message>
<stacktrace>
  at org.junit.Assert.fail(Assert.java:89)
  at kotlin.test.junit.JUnitAsserter.fail(JUnitSupport.kt:56)
  at kotlin.test.AssertionsKt__AssertionsKt.fail(Assertions.kt:563)
  at kotlin.test.AssertionsKt.fail(Unknown Source)
  at com.xemantic.kotlin.test.SameAsKt.sameAs(SameAs.kt:52)
  at com.xemantic.typescript.compiler.TypeScriptTestSupportKt.errorsMatchBaseline(TypeScriptTestSupport.kt:135)
  at com.xemantic.typescript.compiler.TypeScriptCompilerTests_D.deepElaborationsIntoArrowExpressions_ts has expected errors matching deepElaborationsIntoArrowExpressions_errors_txt(TypeScriptCompilerTests_D.kt:4102)
  at java.base/jdk.internal.reflect.DirectMethodHandleAccessor.invoke(DirectMethodHandleAccessor.java:104)
  at java.base/java.lang.reflect.Method.invoke(Method.java:565)
  at org.junit.runners.model.FrameworkMethod$1.runReflectiveCall(FrameworkMethod.java:59)
  at org.junit.internal.runners.model.ReflectiveCallable.run(ReflectiveCallable.java:12)
  at org.junit.runners.model.FrameworkMethod.invokeExplosively(FrameworkMethod.java:56)
  at org.junit.internal.runners.statements.InvokeMethod.evaluate(InvokeMethod.java:17)
  at org.junit.runners.ParentRunner$3.evaluate(ParentRunner.java:306)
  at org.junit.runners.BlockJUnit4ClassRunner$1.evaluate(BlockJUnit4ClassRunner.java:100)
  at org.junit.runners.ParentRunner.runLeaf(ParentRunner.java:366)
  at org.junit.runners.BlockJUnit4ClassRunner.runChild(BlockJUnit4ClassRunner.java:103)
  at org.junit.runners.BlockJUnit4ClassRunner.runChild(BlockJUnit4ClassRunner.java:63)
  at org.junit.runners.ParentRunner$4.run(ParentRunner.java:331)
  at org.junit.runners.ParentRunner$1.schedule(ParentRunner.java:79)
  at org.junit.runners.ParentRunner.runChildren(ParentRunner.java:329)
  at org.junit.runners.ParentRunner.access$100(ParentRunner.java:66)
  at org.junit.runners.ParentRunner$2.evaluate(ParentRunner.java:293)
  at org.junit.runners.ParentRunner$3.evaluate(ParentRunner.java:306)
  at org.junit.runners.ParentRunner.run(ParentRunner.java:413)
  at org.junit.runner.JUnitCore.run(JUnitCore.java:137)
  at org.junit.runner.JUnitCore.run(JUnitCore.java:115)
  at org.gradle.api.internal.tasks.testing.junit.JUnitTestExecutor.runRequest(JUnitTestExecutor.java:175)
  at org.gradle.api.internal.tasks.testing.junit.JUnitTestExecutor.accept(JUnitTestExecutor.java:84)
  at org.gradle.api.internal.tasks.testing.junit.JUnitTestExecutor.accept(JUnitTestExecutor.java:47)
  at org.gradle.api.internal.tasks.testing.junit.AbstractJUnitTestDefinitionProcessor.processTestDefinition(AbstractJUnitTestDefinitionProcessor.java:65)
  at org.gradle.api.internal.tasks.testing.SuiteTestDefinitionProcessor.processTestDefinition(SuiteTestDefinitionProcessor.java:54)
  at java.base/jdk.internal.reflect.DirectMethodHandleAccessor.invoke(DirectMethodHandleAccessor.java:104)
  at java.base/java.lang.reflect.Method.invoke(Method.java:565)
  at org.gradle.internal.dispatch.MethodInvocation.invokeOn(MethodInvocation.java:77)
  at org.gradle.internal.dispatch.ReflectionDispatch.dispatch(ReflectionDispatch.java:28)
  at org.gradle.internal.dispatch.ReflectionDispatch.dispatch(ReflectionDispatch.java:19)
  at org.gradle.internal.dispatch.ContextClassLoaderDispatch.dispatch(ContextClassLoaderDispatch.java:33)
  at org.gradle.internal.dispatch.ProxyDispatchAdapter$DispatchingInvocationHandler.invoke(ProxyDispatchAdapter.java:88)
  at jdk.proxy1/jdk.proxy1.$Proxy4.processTestDefinition(Unknown Source)
  at org.gradle.api.internal.tasks.testing.worker.TestWorker$2.run(TestWorker.java:178)
  at org.gradle.api.internal.tasks.testing.worker.TestWorker.executeAndMaintainThreadName(TestWorker.java:126)
  at org.gradle.api.internal.tasks.testing.worker.TestWorker.execute(TestWorker.java:103)
  at org.gradle.api.internal.tasks.testing.worker.TestWorker.execute(TestWorker.java:63)
  at org.gradle.process.internal.worker.child.ActionExecutionWorker.execute(ActionExecutionWorker.java:56)
  at org.gradle.process.internal.worker.child.SystemApplicationClassLoaderWorker.call(SystemApplicationClassLoaderWorker.java:122)
  at org.gradle.process.internal.worker.child.SystemApplicationClassLoaderWorker.call(SystemApplicationClassLoaderWorker.java:72)
  at worker.org.gradle.process.internal.worker.GradleWorkerMain.run(GradleWorkerMain.java:69)
  at worker.org.gradle.process.internal.worker.GradleWorkerMain.main(GradleWorkerMain.java:74)
</stacktrace>
</test-failure>


TypeScriptCompilerTests_D[jvm] > deepElaborationsIntoArrowExpressions_ts has expected errors matching deepElaborationsIntoArrowExpressions_errors_txt[jvm] FAILED

<test-failure test="com.xemantic.typescript.compiler.TypeScriptCompilerTests_D.didYouMeanElaborationsForExpressionsWhichCouldBeCalled_ts has expected errors matching didYouMeanElaborationsForExpressionsWhichCouldBeCalled_errors_txt" platform="jvm">
<message>
--- expected
+++ actual
@@ -1,10 +1,7 @@
-didYouMeanElaborationsForExpressionsWhichCouldBeCalled.ts(10,8): error TS2741: Property 'x' is missing in type 'typeof Bar' but required in type 'Bar'.
-didYouMeanElaborationsForExpressionsWhichCouldBeCalled.ts(11,8): error TS2740: Type 'DateConstructor' is missing the following properties from type 'Date': toDateString, toTimeString, toLocaleDateString, toLocaleTimeString, and 38 more.
 didYouMeanElaborationsForExpressionsWhichCouldBeCalled.ts(17,4): error TS2345: Argument of type '() => number' is not assignable to parameter of type 'number'.
-didYouMeanElaborationsForExpressionsWhichCouldBeCalled.ts(26,5): error TS2322: Type '() => number' is not assignable to type 'number'.
 
 
-==== didYouMeanElaborationsForExpressionsWhichCouldBeCalled.ts (4 errors) ====
+==== didYouMeanElaborationsForExpressionsWhichCouldBeCalled.ts (1 errors) ====
     class Bar {
         x!: string;
     }
@@ -15,14 +12,7 @@
     
     foo({
         x: Bar,
-           ~~~
-!!! error TS2741: Property 'x' is missing in type 'typeof Bar' but required in type 'Bar'.
-!!! related TS2728 didYouMeanElaborationsForExpressionsWhichCouldBeCalled.ts:2:5: 'x' is declared here.
-!!! related TS6213 didYouMeanElaborationsForExpressionsWhichCouldBeCalled.ts:10:8: Did you mean to use 'new' with this expression?
         y: Date
-           ~~~~
-!!! error TS2740: Type 'DateConstructor' is missing the following properties from type 'Date': toDateString, toTimeString, toLocaleDateString, toLocaleTimeString, and 38 more.
-!!! related TS6213 didYouMeanElaborationsForExpressionsWhichCouldBeCalled.ts:11:8: Did you mean to use 'new' with this expression?
     }, getNum());
     
     foo({
@@ -31,7 +21,6 @@
     }, getNum);
        ~~~~~~
 !!! error TS2345: Argument of type '() => number' is not assignable to parameter of type 'number'.
-!!! related TS6212 didYouMeanElaborationsForExpressionsWhichCouldBeCalled.ts:17:4: Did you mean to call this expression?
     
     
     foo({
@@ -41,7 +30,4 @@
         1,
         2,
         getNum
-        ~~~~~~
-!!! error TS2322: Type '() => number' is not assignable to type 'number'.
-!!! related TS6212 didYouMeanElaborationsForExpressionsWhichCouldBeCalled.ts:26:5: Did you mean to call this expression?
     ]);

</message>
<stacktrace>
  at org.junit.Assert.fail(Assert.java:89)
  at kotlin.test.junit.JUnitAsserter.fail(JUnitSupport.kt:56)
  at kotlin.test.AssertionsKt__AssertionsKt.fail(Assertions.kt:563)
  at kotlin.test.AssertionsKt.fail(Unknown Source)
  at com.xemantic.kotlin.test.SameAsKt.sameAs(SameAs.kt:52)
  at com.xemantic.typescript.compiler.TypeScriptTestSupportKt.errorsMatchBaseline(TypeScriptTestSupport.kt:135)
  at com.xemantic.typescript.compiler.TypeScriptCompilerTests_D.didYouMeanElaborationsForExpressionsWhichCouldBeCalled_ts has expected errors matching didYouMeanElaborationsForExpressionsWhichCouldBeCalled_errors_txt(TypeScriptCompilerTests_D.kt:5285)
  at java.base/jdk.internal.reflect.DirectMethodHandleAccessor.invoke(DirectMethodHandleAccessor.java:104)
  at java.base/java.lang.reflect.Method.invoke(Method.java:565)
  at org.junit.runners.model.FrameworkMethod$1.runReflectiveCall(FrameworkMethod.java:59)
  at org.junit.internal.runners.model.ReflectiveCallable.run(ReflectiveCallable.java:12)
  at org.junit.runners.model.FrameworkMethod.invokeExplosively(FrameworkMethod.java:56)
  at org.junit.internal.runners.statements.InvokeMethod.evaluate(InvokeMethod.java:17)
  at org.junit.runners.ParentRunner$3.evaluate(ParentRunner.java:306)
  at org.junit.runners.BlockJUnit4ClassRunner$1.evaluate(BlockJUnit4ClassRunner.java:100)
  at org.junit.runners.ParentRunner.runLeaf(ParentRunner.java:366)
  at org.junit.runners.BlockJUnit4ClassRunner.runChild(BlockJUnit4ClassRunner.java:103)
  at org.junit.runners.BlockJUnit4ClassRunner.runChild(BlockJUnit4ClassRunner.java:63)
  at org.junit.runners.ParentRunner$4.run(ParentRunner.java:331)
  at org.junit.runners.ParentRunner$1.schedule(ParentRunner.java:79)
  at org.junit.runners.ParentRunner.runChildren(ParentRunner.java:329)
  at org.junit.runners.ParentRunner.access$100(ParentRunner.java:66)
  at org.junit.runners.ParentRunner$2.evaluate(ParentRunner.java:293)
  at org.junit.runners.ParentRunner$3.evaluate(ParentRunner.java:306)
  at org.junit.runners.ParentRunner.run(ParentRunner.java:413)
  at org.junit.runner.JUnitCore.run(JUnitCore.java:137)
  at org.junit.runner.JUnitCore.run(JUnitCore.java:115)
  at org.gradle.api.internal.tasks.testing.junit.JUnitTestExecutor.runRequest(JUnitTestExecutor.java:175)
  at org.gradle.api.internal.tasks.testing.junit.JUnitTestExecutor.accept(JUnitTestExecutor.java:84)
  at org.gradle.api.internal.tasks.testing.junit.JUnitTestExecutor.accept(JUnitTestExecutor.java:47)
  at org.gradle.api.internal.tasks.testing.junit.AbstractJUnitTestDefinitionProcessor.processTestDefinition(AbstractJUnitTestDefinitionProcessor.java:65)
  at org.gradle.api.internal.tasks.testing.SuiteTestDefinitionProcessor.processTestDefinition(SuiteTestDefinitionProcessor.java:54)
  at java.base/jdk.internal.reflect.DirectMethodHandleAccessor.invoke(DirectMethodHandleAccessor.java:104)
  at java.base/java.lang.reflect.Method.invoke(Method.java:565)
  at org.gradle.internal.dispatch.MethodInvocation.invokeOn(MethodInvocation.java:77)
  at org.gradle.internal.dispatch.ReflectionDispatch.dispatch(ReflectionDispatch.java:28)
  at org.gradle.internal.dispatch.ReflectionDispatch.dispatch(ReflectionDispatch.java:19)
  at org.gradle.internal.dispatch.ContextClassLoaderDispatch.dispatch(ContextClassLoaderDispatch.java:33)
  at org.gradle.internal.dispatch.ProxyDispatchAdapter$DispatchingInvocationHandler.invoke(ProxyDispatchAdapter.java:88)
  at jdk.proxy1/jdk.proxy1.$Proxy4.processTestDefinition(Unknown Source)
  at org.gradle.api.internal.tasks.testing.worker.TestWorker$2.run(TestWorker.java:178)
  at org.gradle.api.internal.tasks.testing.worker.TestWorker.executeAndMaintainThreadName(TestWorker.java:126)
  at org.gradle.api.internal.tasks.testing.worker.TestWorker.execute(TestWorker.java:103)
  at org.gradle.api.internal.tasks.testing.worker.TestWorker.execute(TestWorker.java:63)
  at org.gradle.process.internal.worker.child.ActionExecutionWorker.execute(ActionExecutionWorker.java:56)
  at org.gradle.process.internal.worker.child.SystemApplicationClassLoaderWorker.call(SystemApplicationClassLoaderWorker.java:122)
  at org.gradle.process.internal.worker.child.SystemApplicationClassLoaderWorker.call(SystemApplicationClassLoaderWorker.java:72)
  at worker.org.gradle.process.internal.worker.GradleWorkerMain.run(GradleWorkerMain.java:69)
  at worker.org.gradle.process.internal.worker.GradleWorkerMain.main(GradleWorkerMain.java:74)
</stacktrace>
</test-failure>


TypeScriptCompilerTests_D[jvm] > didYouMeanElaborationsForExpressionsWhichCouldBeCalled_ts has expected errors matching didYouMeanElaborationsForExpressionsWhichCouldBeCalled_errors_txt[jvm] FAILED

<test-failure test="com.xemantic.typescript.compiler.TypeScriptCompilerTests_D.declarationEmitMappedPrivateTypeTypeParameter_ts has expected errors matching declarationEmitMappedPrivateTypeTypeParameter_errors_txt" platform="jvm">
<message>
Expected diagnostics from baseline typescript-repo/tests/baselines/reference/declarationEmitMappedPrivateTypeTypeParameter.errors.txt but none produced
</message>
<stacktrace>
  at com.xemantic.typescript.compiler.TypeScriptTestSupportKt.errorsMatchBaseline(TypeScriptTestSupport.kt:125)
  at com.xemantic.typescript.compiler.TypeScriptCompilerTests_D.declarationEmitMappedPrivateTypeTypeParameter_ts has expected errors matching declarationEmitMappedPrivateTypeTypeParameter_errors_txt(TypeScriptCompilerTests_D.kt:2296)
  at java.base/jdk.internal.reflect.DirectMethodHandleAccessor.invoke(DirectMethodHandleAccessor.java:104)
  at java.base/java.lang.reflect.Method.invoke(Method.java:565)
  at org.junit.runners.model.FrameworkMethod$1.runReflectiveCall(FrameworkMethod.java:59)
  at org.junit.internal.runners.model.ReflectiveCallable.run(ReflectiveCallable.java:12)
  at org.junit.runners.model.FrameworkMethod.invokeExplosively(FrameworkMethod.java:56)
  at org.junit.internal.runners.statements.InvokeMethod.evaluate(InvokeMethod.java:17)
  at org.junit.runners.ParentRunner$3.evaluate(ParentRunner.java:306)
  at org.junit.runners.BlockJUnit4ClassRunner$1.evaluate(BlockJUnit4ClassRunner.java:100)
  at org.junit.runners.ParentRunner.runLeaf(ParentRunner.java:366)
  at org.junit.runners.BlockJUnit4ClassRunner.runChild(BlockJUnit4ClassRunner.java:103)
  at org.junit.runners.BlockJUnit4ClassRunner.runChild(BlockJUnit4ClassRunner.java:63)
  at org.junit.runners.ParentRunner$4.run(ParentRunner.java:331)
  at org.junit.runners.ParentRunner$1.schedule(ParentRunner.java:79)
  at org.junit.runners.ParentRunner.runChildren(ParentRunner.java:329)
  at org.junit.runners.ParentRunner.access$100(ParentRunner.java:66)
  at org.junit.runners.ParentRunner$2.evaluate(ParentRunner.java:293)
  at org.junit.runners.ParentRunner$3.evaluate(ParentRunner.java:306)
  at org.junit.runners.ParentRunner.run(ParentRunner.java:413)
  at org.junit.runner.JUnitCore.run(JUnitCore.java:137)
  at org.junit.runner.JUnitCore.run(JUnitCore.java:115)
  at org.gradle.api.internal.tasks.testing.junit.JUnitTestExecutor.runRequest(JUnitTestExecutor.java:175)
  at org.gradle.api.internal.tasks.testing.junit.JUnitTestExecutor.accept(JUnitTestExecutor.java:84)
  at org.gradle.api.internal.tasks.testing.junit.JUnitTestExecutor.accept(JUnitTestExecutor.java:47)
  at org.gradle.api.internal.tasks.testing.junit.AbstractJUnitTestDefinitionProcessor.processTestDefinition(AbstractJUnitTestDefinitionProcessor.java:65)
  at org.gradle.api.internal.tasks.testing.SuiteTestDefinitionProcessor.processTestDefinition(SuiteTestDefinitionProcessor.java:54)
  at java.base/jdk.internal.reflect.DirectMethodHandleAccessor.invoke(DirectMethodHandleAccessor.java:104)
  at java.base/java.lang.reflect.Method.invoke(Method.java:565)
  at org.gradle.internal.dispatch.MethodInvocation.invokeOn(MethodInvocation.java:77)
  at org.gradle.internal.dispatch.ReflectionDispatch.dispatch(ReflectionDispatch.java:28)
  at org.gradle.internal.dispatch.ReflectionDispatch.dispatch(ReflectionDispatch.java:19)
  at org.gradle.internal.dispatch.ContextClassLoaderDispatch.dispatch(ContextClassLoaderDispatch.java:33)
  at org.gradle.internal.dispatch.ProxyDispatchAdapter$DispatchingInvocationHandler.invoke(ProxyDispatchAdapter.java:88)
  at jdk.proxy1/jdk.proxy1.$Proxy4.processTestDefinition(Unknown Source)
  at org.gradle.api.internal.tasks.testing.worker.TestWorker$2.run(TestWorker.java:178)
  at org.gradle.api.internal.tasks.testing.worker.TestWorker.executeAndMaintainThreadName(TestWorker.java:126)
  at org.gradle.api.internal.tasks.testing.worker.TestWorker.execute(TestWorker.java:103)
  at org.gradle.api.internal.tasks.testing.worker.TestWorker.execute(TestWorker.java:63)
  at org.gradle.process.internal.worker.child.ActionExecutionWorker.execute(ActionExecutionWorker.java:56)
  at org.gradle.process.internal.worker.child.SystemApplicationClassLoaderWorker.call(SystemApplicationClassLoaderWorker.java:122)
  at org.gradle.process.internal.worker.child.SystemApplicationClassLoaderWorker.call(SystemApplicationClassLoaderWorker.java:72)
  at worker.org.gradle.process.internal.worker.GradleWorkerMain.run(GradleWorkerMain.java:69)
  at worker.org.gradle.process.internal.worker.GradleWorkerMain.main(GradleWorkerMain.java:74)
</stacktrace>
</test-failure>


TypeScriptCompilerTests_D[jvm] > declarationEmitMappedPrivateTypeTypeParameter_ts has expected errors matching declarationEmitMappedPrivateTypeTypeParameter_errors_txt[jvm] FAILED

<test-failure test="com.xemantic.typescript.compiler.TypeScriptCompilerTests_D.doNotElaborateAssignabilityToTypeParameters_ts__target_es2015__has expected errors matching baseline" platform="jvm">
<message>
Expected diagnostics from baseline typescript-repo/tests/baselines/reference/doNotElaborateAssignabilityToTypeParameters(target=es2015).errors.txt but none produced
</message>
<stacktrace>
  at com.xemantic.typescript.compiler.TypeScriptTestSupportKt.errorsMatchBaseline(TypeScriptTestSupport.kt:125)
  at com.xemantic.typescript.compiler.TypeScriptCompilerTests_D.doNotElaborateAssignabilityToTypeParameters_ts__target_es2015__has expected errors matching baseline(TypeScriptCompilerTests_D.kt:5607)
  at java.base/jdk.internal.reflect.DirectMethodHandleAccessor.invoke(DirectMethodHandleAccessor.java:104)
  at java.base/java.lang.reflect.Method.invoke(Method.java:565)
  at org.junit.runners.model.FrameworkMethod$1.runReflectiveCall(FrameworkMethod.java:59)
  at org.junit.internal.runners.model.ReflectiveCallable.run(ReflectiveCallable.java:12)
  at org.junit.runners.model.FrameworkMethod.invokeExplosively(FrameworkMethod.java:56)
  at org.junit.internal.runners.statements.InvokeMethod.evaluate(InvokeMethod.java:17)
  at org.junit.runners.ParentRunner$3.evaluate(ParentRunner.java:306)
  at org.junit.runners.BlockJUnit4ClassRunner$1.evaluate(BlockJUnit4ClassRunner.java:100)
  at org.junit.runners.ParentRunner.runLeaf(ParentRunner.java:366)
  at org.junit.runners.BlockJUnit4ClassRunner.runChild(BlockJUnit4ClassRunner.java:103)
  at org.junit.runners.BlockJUnit4ClassRunner.runChild(BlockJUnit4ClassRunner.java:63)
  at org.junit.runners.ParentRunner$4.run(ParentRunner.java:331)
  at org.junit.runners.ParentRunner$1.schedule(ParentRunner.java:79)
  at org.junit.runners.ParentRunner.runChildren(ParentRunner.java:329)
  at org.junit.runners.ParentRunner.access$100(ParentRunner.java:66)
  at org.junit.runners.ParentRunner$2.evaluate(ParentRunner.java:293)
  at org.junit.runners.ParentRunner$3.evaluate(ParentRunner.java:306)
  at org.junit.runners.ParentRunner.run(ParentRunner.java:413)
  at org.junit.runner.JUnitCore.run(JUnitCore.java:137)
  at org.junit.runner.JUnitCore.run(JUnitCore.java:115)
  at org.gradle.api.internal.tasks.testing.junit.JUnitTestExecutor.runRequest(JUnitTestExecutor.java:175)
  at org.gradle.api.internal.tasks.testing.junit.JUnitTestExecutor.accept(JUnitTestExecutor.java:84)
  at org.gradle.api.internal.tasks.testing.junit.JUnitTestExecutor.accept(JUnitTestExecutor.java:47)
  at org.gradle.api.internal.tasks.testing.junit.AbstractJUnitTestDefinitionProcessor.processTestDefinition(AbstractJUnitTestDefinitionProcessor.java:65)
  at org.gradle.api.internal.tasks.testing.SuiteTestDefinitionProcessor.processTestDefinition(SuiteTestDefinitionProcessor.java:54)
  at java.base/jdk.internal.reflect.DirectMethodHandleAccessor.invoke(DirectMethodHandleAccessor.java:104)
  at java.base/java.lang.reflect.Method.invoke(Method.java:565)
  at org.gradle.internal.dispatch.MethodInvocation.invokeOn(MethodInvocation.java:77)
  at org.gradle.internal.dispatch.ReflectionDispatch.dispatch(ReflectionDispatch.java:28)
  at org.gradle.internal.dispatch.ReflectionDispatch.dispatch(ReflectionDispatch.java:19)
  at org.gradle.internal.dispatch.ContextClassLoaderDispatch.dispatch(ContextClassLoaderDispatch.java:33)
  at org.gradle.internal.dispatch.ProxyDispatchAdapter$DispatchingInvocationHandler.invoke(ProxyDispatchAdapter.java:88)
  at jdk.proxy1/jdk.proxy1.$Proxy4.processTestDefinition(Unknown Source)
  at org.gradle.api.internal.tasks.testing.worker.TestWorker$2.run(TestWorker.java:178)
  at org.gradle.api.internal.tasks.testing.worker.TestWorker.executeAndMaintainThreadName(TestWorker.java:126)
  at org.gradle.api.internal.tasks.testing.worker.TestWorker.execute(TestWorker.java:103)
  at org.gradle.api.internal.tasks.testing.worker.TestWorker.execute(TestWorker.java:63)
  at org.gradle.process.internal.worker.child.ActionExecutionWorker.execute(ActionExecutionWorker.java:56)
  at org.gradle.process.internal.worker.child.SystemApplicationClassLoaderWorker.call(SystemApplicationClassLoaderWorker.java:122)
  at org.gradle.process.internal.worker.child.SystemApplicationClassLoaderWorker.call(SystemApplicationClassLoaderWorker.java:72)
  at worker.org.gradle.process.internal.worker.GradleWorkerMain.run(GradleWorkerMain.java:69)
  at worker.org.gradle.process.internal.worker.GradleWorkerMain.main(GradleWorkerMain.java:74)
</stacktrace>
</test-failure>


TypeScriptCompilerTests_D[jvm] > doNotElaborateAssignabilityToTypeParameters_ts__target_es2015__has expected errors matching baseline[jvm] FAILED

<test-failure test="com.xemantic.typescript.compiler.TypeScriptCompilerTests_D.doYouNeedToChangeYourTargetLibraryES2023_ts__target_esnext__has expected errors matching baseline" platform="jvm">
<message>
Expected diagnostics from baseline typescript-repo/tests/baselines/reference/doYouNeedToChangeYourTargetLibraryES2023(target=esnext).errors.txt but none produced
</message>
<stacktrace>
  at com.xemantic.typescript.compiler.TypeScriptTestSupportKt.errorsMatchBaseline(TypeScriptTestSupport.kt:125)
  at com.xemantic.typescript.compiler.TypeScriptCompilerTests_D.doYouNeedToChangeYourTargetLibraryES2023_ts__target_esnext__has expected errors matching baseline(TypeScriptCompilerTests_D.kt:5754)
  at java.base/jdk.internal.reflect.DirectMethodHandleAccessor.invoke(DirectMethodHandleAccessor.java:104)
  at java.base/java.lang.reflect.Method.invoke(Method.java:565)
  at org.junit.runners.model.FrameworkMethod$1.runReflectiveCall(FrameworkMethod.java:59)
  at org.junit.internal.runners.model.ReflectiveCallable.run(ReflectiveCallable.java:12)
  at org.junit.runners.model.FrameworkMethod.invokeExplosively(FrameworkMethod.java:56)
  at org.junit.internal.runners.statements.InvokeMethod.evaluate(InvokeMethod.java:17)
  at org.junit.runners.ParentRunner$3.evaluate(ParentRunner.java:306)
  at org.junit.runners.BlockJUnit4ClassRunner$1.evaluate(BlockJUnit4ClassRunner.java:100)
  at org.junit.runners.ParentRunner.runLeaf(ParentRunner.java:366)
  at org.junit.runners.BlockJUnit4ClassRunner.runChild(BlockJUnit4ClassRunner.java:103)
  at org.junit.runners.BlockJUnit4ClassRunner.runChild(BlockJUnit4ClassRunner.java:63)
  at org.junit.runners.ParentRunner$4.run(ParentRunner.java:331)
  at org.junit.runners.ParentRunner$1.schedule(ParentRunner.java:79)
  at org.junit.runners.ParentRunner.runChildren(ParentRunner.java:329)
  at org.junit.runners.ParentRunner.access$100(ParentRunner.java:66)
  at org.junit.runners.ParentRunner$2.evaluate(ParentRunner.java:293)
  at org.junit.runners.ParentRunner$3.evaluate(ParentRunner.java:306)
  at org.junit.runners.ParentRunner.run(ParentRunner.java:413)
  at org.junit.runner.JUnitCore.run(JUnitCore.java:137)
  at org.junit.runner.JUnitCore.run(JUnitCore.java:115)
  at org.gradle.api.internal.tasks.testing.junit.JUnitTestExecutor.runRequest(JUnitTestExecutor.java:175)
  at org.gradle.api.internal.tasks.testing.junit.JUnitTestExecutor.accept(JUnitTestExecutor.java:84)
  at org.gradle.api.internal.tasks.testing.junit.JUnitTestExecutor.accept(JUnitTestExecutor.java:47)
  at org.gradle.api.internal.tasks.testing.junit.AbstractJUnitTestDefinitionProcessor.processTestDefinition(AbstractJUnitTestDefinitionProcessor.java:65)
  at org.gradle.api.internal.tasks.testing.SuiteTestDefinitionProcessor.processTestDefinition(SuiteTestDefinitionProcessor.java:54)
  at java.base/jdk.internal.reflect.DirectMethodHandleAccessor.invoke(DirectMethodHandleAccessor.java:104)
  at java.base/java.lang.reflect.Method.invoke(Method.java:565)
  at org.gradle.internal.dispatch.MethodInvocation.invokeOn(MethodInvocation.java:77)
  at org.gradle.internal.dispatch.ReflectionDispatch.dispatch(ReflectionDispatch.java:28)
  at org.gradle.internal.dispatch.ReflectionDispatch.dispatch(ReflectionDispatch.java:19)
  at org.gradle.internal.dispatch.ContextClassLoaderDispatch.dispatch(ContextClassLoaderDispatch.java:33)
  at org.gradle.internal.dispatch.ProxyDispatchAdapter$DispatchingInvocationHandler.invoke(ProxyDispatchAdapter.java:88)
  at jdk.proxy1/jdk.proxy1.$Proxy4.processTestDefinition(Unknown Source)
  at org.gradle.api.internal.tasks.testing.worker.TestWorker$2.run(TestWorker.java:178)
  at org.gradle.api.internal.tasks.testing.worker.TestWorker.executeAndMaintainThreadName(TestWorker.java:126)
  at org.gradle.api.internal.tasks.testing.worker.TestWorker.execute(TestWorker.java:103)
  at org.gradle.api.internal.tasks.testing.worker.TestWorker.execute(TestWorker.java:63)
  at org.gradle.process.internal.worker.child.ActionExecutionWorker.execute(ActionExecutionWorker.java:56)
  at org.gradle.process.internal.worker.child.SystemApplicationClassLoaderWorker.call(SystemApplicationClassLoaderWorker.java:122)
  at org.gradle.process.internal.worker.child.SystemApplicationClassLoaderWorker.call(SystemApplicationClassLoaderWorker.java:72)
  at worker.org.gradle.process.internal.worker.GradleWorkerMain.run(GradleWorkerMain.java:69)
  at worker.org.gradle.process.internal.worker.GradleWorkerMain.main(GradleWorkerMain.java:74)
</stacktrace>
</test-failure>


TypeScriptCompilerTests_D[jvm] > doYouNeedToChangeYourTargetLibraryES2023_ts__target_esnext__has expected errors matching baseline[jvm] FAILED

<test-failure test="com.xemantic.typescript.compiler.TypeScriptCompilerTests_D.detachedCommentAtStartOfFunctionBody2_ts has expected errors matching detachedCommentAtStartOfFunctionBody2_errors_txt" platform="jvm">
<message>
Expected diagnostics from baseline typescript-repo/tests/baselines/reference/detachedCommentAtStartOfFunctionBody2.errors.txt but none produced
</message>
<stacktrace>
  at com.xemantic.typescript.compiler.TypeScriptTestSupportKt.errorsMatchBaseline(TypeScriptTestSupport.kt:125)
  at com.xemantic.typescript.compiler.TypeScriptCompilerTests_D.detachedCommentAtStartOfFunctionBody2_ts has expected errors matching detachedCommentAtStartOfFunctionBody2_errors_txt(TypeScriptCompilerTests_D.kt:5243)
  at java.base/jdk.internal.reflect.DirectMethodHandleAccessor.invoke(DirectMethodHandleAccessor.java:104)
  at java.base/java.lang.reflect.Method.invoke(Method.java:565)
  at org.junit.runners.model.FrameworkMethod$1.runReflectiveCall(FrameworkMethod.java:59)
  at org.junit.internal.runners.model.ReflectiveCallable.run(ReflectiveCallable.java:12)
  at org.junit.runners.model.FrameworkMethod.invokeExplosively(FrameworkMethod.java:56)
  at org.junit.internal.runners.statements.InvokeMethod.evaluate(InvokeMethod.java:17)
  at org.junit.runners.ParentRunner$3.evaluate(ParentRunner.java:306)
  at org.junit.runners.BlockJUnit4ClassRunner$1.evaluate(BlockJUnit4ClassRunner.java:100)
  at org.junit.runners.ParentRunner.runLeaf(ParentRunner.java:366)
  at org.junit.runners.BlockJUnit4ClassRunner.runChild(BlockJUnit4ClassRunner.java:103)
  at org.junit.runners.BlockJUnit4ClassRunner.runChild(BlockJUnit4ClassRunner.java:63)
  at org.junit.runners.ParentRunner$4.run(ParentRunner.java:331)
  at org.junit.runners.ParentRunner$1.schedule(ParentRunner.java:79)
  at org.junit.runners.ParentRunner.runChildren(ParentRunner.java:329)
  at org.junit.runners.ParentRunner.access$100(ParentRunner.java:66)
  at org.junit.runners.ParentRunner$2.evaluate(ParentRunner.java:293)
  at org.junit.runners.ParentRunner$3.evaluate(ParentRunner.java:306)
  at org.junit.runners.ParentRunner.run(ParentRunner.java:413)
  at org.junit.runner.JUnitCore.run(JUnitCore.java:137)
  at org.junit.runner.JUnitCore.run(JUnitCore.java:115)
  at org.gradle.api.internal.tasks.testing.junit.JUnitTestExecutor.runRequest(JUnitTestExecutor.java:175)
  at org.gradle.api.internal.tasks.testing.junit.JUnitTestExecutor.accept(JUnitTestExecutor.java:84)
  at org.gradle.api.internal.tasks.testing.junit.JUnitTestExecutor.accept(JUnitTestExecutor.java:47)
  at org.gradle.api.internal.tasks.testing.junit.AbstractJUnitTestDefinitionProcessor.processTestDefinition(AbstractJUnitTestDefinitionProcessor.java:65)
  at org.gradle.api.internal.tasks.testing.SuiteTestDefinitionProcessor.processTestDefinition(SuiteTestDefinitionProcessor.java:54)
  at java.base/jdk.internal.reflect.DirectMethodHandleAccessor.invoke(DirectMethodHandleAccessor.java:104)
  at java.base/java.lang.reflect.Method.invoke(Method.java:565)
  at org.gradle.internal.dispatch.MethodInvocation.invokeOn(MethodInvocation.java:77)
  at org.gradle.internal.dispatch.ReflectionDispatch.dispatch(ReflectionDispatch.java:28)
  at org.gradle.internal.dispatch.ReflectionDispatch.dispatch(ReflectionDispatch.java:19)
  at org.gradle.internal.dispatch.ContextClassLoaderDispatch.dispatch(ContextClassLoaderDispatch.java:33)
  at org.gradle.internal.dispatch.ProxyDispatchAdapter$DispatchingInvocationHandler.invoke(ProxyDispatchAdapter.java:88)
  at jdk.proxy1/jdk.proxy1.$Proxy4.processTestDefinition(Unknown Source)
  at org.gradle.api.internal.tasks.testing.worker.TestWorker$2.run(TestWorker.java:178)
  at org.gradle.api.internal.tasks.testing.worker.TestWorker.executeAndMaintainThreadName(TestWorker.java:126)
  at org.gradle.api.internal.tasks.testing.worker.TestWorker.execute(TestWorker.java:103)
  at org.gradle.api.internal.tasks.testing.worker.TestWorker.execute(TestWorker.java:63)
  at org.gradle.process.internal.worker.child.ActionExecutionWorker.execute(ActionExecutionWorker.java:56)
  at org.gradle.process.internal.worker.child.SystemApplicationClassLoaderWorker.call(SystemApplicationClassLoaderWorker.java:122)
  at org.gradle.process.internal.worker.child.SystemApplicationClassLoaderWorker.call(SystemApplicationClassLoaderWorker.java:72)
  at worker.org.gradle.process.internal.worker.GradleWorkerMain.run(GradleWorkerMain.java:69)
  at worker.org.gradle.process.internal.worker.GradleWorkerMain.main(GradleWorkerMain.java:74)
</stacktrace>
</test-failure>


TypeScriptCompilerTests_D[jvm] > detachedCommentAtStartOfFunctionBody2_ts has expected errors matching detachedCommentAtStartOfFunctionBody2_errors_txt[jvm] FAILED

<test-failure test="com.xemantic.typescript.compiler.TypeScriptCompilerTests_D.defaultIsNotVisibleInLocalScope_ts has expected errors matching defaultIsNotVisibleInLocalScope_errors_txt" platform="jvm">
<message>
Expected diagnostics from baseline typescript-repo/tests/baselines/reference/defaultIsNotVisibleInLocalScope.errors.txt but none produced
</message>
<stacktrace>
  at com.xemantic.typescript.compiler.TypeScriptTestSupportKt.errorsMatchBaseline(TypeScriptTestSupport.kt:125)
  at com.xemantic.typescript.compiler.TypeScriptCompilerTests_D.defaultIsNotVisibleInLocalScope_ts has expected errors matching defaultIsNotVisibleInLocalScope_errors_txt(TypeScriptCompilerTests_D.kt:4298)
  at java.base/jdk.internal.reflect.DirectMethodHandleAccessor.invoke(DirectMethodHandleAccessor.java:104)
  at java.base/java.lang.reflect.Method.invoke(Method.java:565)
  at org.junit.runners.model.FrameworkMethod$1.runReflectiveCall(FrameworkMethod.java:59)
  at org.junit.internal.runners.model.ReflectiveCallable.run(ReflectiveCallable.java:12)
  at org.junit.runners.model.FrameworkMethod.invokeExplosively(FrameworkMethod.java:56)
  at org.junit.internal.runners.statements.InvokeMethod.evaluate(InvokeMethod.java:17)
  at org.junit.runners.ParentRunner$3.evaluate(ParentRunner.java:306)
  at org.junit.runners.BlockJUnit4ClassRunner$1.evaluate(BlockJUnit4ClassRunner.java:100)
  at org.junit.runners.ParentRunner.runLeaf(ParentRunner.java:366)
  at org.junit.runners.BlockJUnit4ClassRunner.runChild(BlockJUnit4ClassRunner.java:103)
  at org.junit.runners.BlockJUnit4ClassRunner.runChild(BlockJUnit4ClassRunner.java:63)
  at org.junit.runners.ParentRunner$4.run(ParentRunner.java:331)
  at org.junit.runners.ParentRunner$1.schedule(ParentRunner.java:79)
  at org.junit.runners.ParentRunner.runChildren(ParentRunner.java:329)
  at org.junit.runners.ParentRunner.access$100(ParentRunner.java:66)
  at org.junit.runners.ParentRunner$2.evaluate(ParentRunner.java:293)
  at org.junit.runners.ParentRunner$3.evaluate(ParentRunner.java:306)
  at org.junit.runners.ParentRunner.run(ParentRunner.java:413)
  at org.junit.runner.JUnitCore.run(JUnitCore.java:137)
  at org.junit.runner.JUnitCore.run(JUnitCore.java:115)
  at org.gradle.api.internal.tasks.testing.junit.JUnitTestExecutor.runRequest(JUnitTestExecutor.java:175)
  at org.gradle.api.internal.tasks.testing.junit.JUnitTestExecutor.accept(JUnitTestExecutor.java:84)
  at org.gradle.api.internal.tasks.testing.junit.JUnitTestExecutor.accept(JUnitTestExecutor.java:47)
  at org.gradle.api.internal.tasks.testing.junit.AbstractJUnitTestDefinitionProcessor.processTestDefinition(AbstractJUnitTestDefinitionProcessor.java:65)
  at org.gradle.api.internal.tasks.testing.SuiteTestDefinitionProcessor.processTestDefinition(SuiteTestDefinitionProcessor.java:54)
  at java.base/jdk.internal.reflect.DirectMethodHandleAccessor.invoke(DirectMethodHandleAccessor.java:104)
  at java.base/java.lang.reflect.Method.invoke(Method.java:565)
  at org.gradle.internal.dispatch.MethodInvocation.invokeOn(MethodInvocation.java:77)
  at org.gradle.internal.dispatch.ReflectionDispatch.dispatch(ReflectionDispatch.java:28)
  at org.gradle.internal.dispatch.ReflectionDispatch.dispatch(ReflectionDispatch.java:19)
  at org.gradle.internal.dispatch.ContextClassLoaderDispatch.dispatch(ContextClassLoaderDispatch.java:33)
  at org.gradle.internal.dispatch.ProxyDispatchAdapter$DispatchingInvocationHandler.invoke(ProxyDispatchAdapter.java:88)
  at jdk.proxy1/jdk.proxy1.$Proxy4.processTestDefinition(Unknown Source)
  at org.gradle.api.internal.tasks.testing.worker.TestWorker$2.run(TestWorker.java:178)
  at org.gradle.api.internal.tasks.testing.worker.TestWorker.executeAndMaintainThreadName(TestWorker.java:126)
  at org.gradle.api.internal.tasks.testing.worker.TestWorker.execute(TestWorker.java:103)
  at org.gradle.api.internal.tasks.testing.worker.TestWorker.execute(TestWorker.java:63)
  at org.gradle.process.internal.worker.child.ActionExecutionWorker.execute(ActionExecutionWorker.java:56)
  at org.gradle.process.internal.worker.child.SystemApplicationClassLoaderWorker.call(SystemApplicationClassLoaderWorker.java:122)
  at org.gradle.process.internal.worker.child.SystemApplicationClassLoaderWorker.call(SystemApplicationClassLoaderWorker.java:72)
  at worker.org.gradle.process.internal.worker.GradleWorkerMain.run(GradleWorkerMain.java:69)
  at worker.org.gradle.process.internal.worker.GradleWorkerMain.main(GradleWorkerMain.java:74)
</stacktrace>
</test-failure>


TypeScriptCompilerTests_D[jvm] > defaultIsNotVisibleInLocalScope_ts has expected errors matching defaultIsNotVisibleInLocalScope_errors_txt[jvm] FAILED

<test-failure test="com.xemantic.typescript.compiler.TypeScriptCompilerTests_D.destructureCatchClause_ts__strict_true_useunknownincatchvariables_true__has expected errors matching baseline" platform="jvm">
<message>
Expected diagnostics from baseline typescript-repo/tests/baselines/reference/destructureCatchClause(strict=true,useunknownincatchvariables=true).errors.txt but none produced
</message>
<stacktrace>
  at com.xemantic.typescript.compiler.TypeScriptTestSupportKt.errorsMatchBaseline(TypeScriptTestSupport.kt:125)
  at com.xemantic.typescript.compiler.TypeScriptCompilerTests_D.destructureCatchClause_ts__strict_true_useunknownincatchvariables_true__has expected errors matching baseline(TypeScriptCompilerTests_D.kt:4837)
  at java.base/jdk.internal.reflect.DirectMethodHandleAccessor.invoke(DirectMethodHandleAccessor.java:104)
  at java.base/java.lang.reflect.Method.invoke(Method.java:565)
  at org.junit.runners.model.FrameworkMethod$1.runReflectiveCall(FrameworkMethod.java:59)
  at org.junit.internal.runners.model.ReflectiveCallable.run(ReflectiveCallable.java:12)
  at org.junit.runners.model.FrameworkMethod.invokeExplosively(FrameworkMethod.java:56)
  at org.junit.internal.runners.statements.InvokeMethod.evaluate(InvokeMethod.java:17)
  at org.junit.runners.ParentRunner$3.evaluate(ParentRunner.java:306)
  at org.junit.runners.BlockJUnit4ClassRunner$1.evaluate(BlockJUnit4ClassRunner.java:100)
  at org.junit.runners.ParentRunner.runLeaf(ParentRunner.java:366)
  at org.junit.runners.BlockJUnit4ClassRunner.runChild(BlockJUnit4ClassRunner.java:103)
  at org.junit.runners.BlockJUnit4ClassRunner.runChild(BlockJUnit4ClassRunner.java:63)
  at org.junit.runners.ParentRunner$4.run(ParentRunner.java:331)
  at org.junit.runners.ParentRunner$1.schedule(ParentRunner.java:79)
  at org.junit.runners.ParentRunner.runChildren(ParentRunner.java:329)
  at org.junit.runners.ParentRunner.access$100(ParentRunner.java:66)
  at org.junit.runners.ParentRunner$2.evaluate(ParentRunner.java:293)
  at org.junit.runners.ParentRunner$3.evaluate(ParentRunner.java:306)
  at org.junit.runners.ParentRunner.run(ParentRunner.java:413)
  at org.junit.runner.JUnitCore.run(JUnitCore.java:137)
  at org.junit.runner.JUnitCore.run(JUnitCore.java:115)
  at org.gradle.api.internal.tasks.testing.junit.JUnitTestExecutor.runRequest(JUnitTestExecutor.java:175)
  at org.gradle.api.internal.tasks.testing.junit.JUnitTestExecutor.accept(JUnitTestExecutor.java:84)
  at org.gradle.api.internal.tasks.testing.junit.JUnitTestExecutor.accept(JUnitTestExecutor.java:47)
  at org.gradle.api.internal.tasks.testing.junit.AbstractJUnitTestDefinitionProcessor.processTestDefinition(AbstractJUnitTestDefinitionProcessor.java:65)
  at org.gradle.api.internal.tasks.testing.SuiteTestDefinitionProcessor.processTestDefinition(SuiteTestDefinitionProcessor.java:54)
  at java.base/jdk.internal.reflect.DirectMethodHandleAccessor.invoke(DirectMethodHandleAccessor.java:104)
  at java.base/java.lang.reflect.Method.invoke(Method.java:565)
  at org.gradle.internal.dispatch.MethodInvocation.invokeOn(MethodInvocation.java:77)
  at org.gradle.internal.dispatch.ReflectionDispatch.dispatch(ReflectionDispatch.java:28)
  at org.gradle.internal.dispatch.ReflectionDispatch.dispatch(ReflectionDispatch.java:19)
  at org.gradle.internal.dispatch.ContextClassLoaderDispatch.dispatch(ContextClassLoaderDispatch.java:33)
  at org.gradle.internal.dispatch.ProxyDispatchAdapter$DispatchingInvocationHandler.invoke(ProxyDispatchAdapter.java:88)
  at jdk.proxy1/jdk.proxy1.$Proxy4.processTestDefinition(Unknown Source)
  at org.gradle.api.internal.tasks.testing.worker.TestWorker$2.run(TestWorker.java:178)
  at org.gradle.api.internal.tasks.testing.worker.TestWorker.executeAndMaintainThreadName(TestWorker.java:126)
  at org.gradle.api.internal.tasks.testing.worker.TestWorker.execute(TestWorker.java:103)
  at org.gradle.api.internal.tasks.testing.worker.TestWorker.execute(TestWorker.java:63)
  at org.gradle.process.internal.worker.child.ActionExecutionWorker.execute(ActionExecutionWorker.java:56)
  at org.gradle.process.internal.worker.child.SystemApplicationClassLoaderWorker.call(SystemApplicationClassLoaderWorker.java:122)
  at org.gradle.process.internal.worker.child.SystemApplicationClassLoaderWorker.call(SystemApplicationClassLoaderWorker.java:72)
  at worker.org.gradle.process.internal.worker.GradleWorkerMain.run(GradleWorkerMain.java:69)
  at worker.org.gradle.process.internal.worker.GradleWorkerMain.main(GradleWorkerMain.java:74)
</stacktrace>
</test-failure>


TypeScriptCompilerTests_D[jvm] > destructureCatchClause_ts__strict_true_useunknownincatchvariables_true__has expected errors matching baseline[jvm] FAILED

<test-failure test="com.xemantic.typescript.compiler.TypeScriptCompilerTests_D.declarationEmitRetainsJsdocyComments_ts compiles to JavaScript matching declarationEmitRetainsJsdocyComments_js" platform="jvm">
<message>
--- expected
+++ actual
@@ -78,7 +78,4 @@
     }
 }
 exports.Foo = Foo;
-/**
-* comment5
-*/
 exports.someMethod = null.someMethod;

</message>
<stacktrace>
  at org.junit.Assert.fail(Assert.java:89)
  at kotlin.test.junit.JUnitAsserter.fail(JUnitSupport.kt:56)
  at kotlin.test.AssertionsKt__AssertionsKt.fail(Assertions.kt:563)
  at kotlin.test.AssertionsKt.fail(Unknown Source)
  at com.xemantic.kotlin.test.SameAsKt.sameAs(SameAs.kt:52)
  at com.xemantic.typescript.compiler.TypeScriptTestSupportKt.sameAs(TypeScriptTestSupport.kt:99)
  at com.xemantic.typescript.compiler.TypeScriptCompilerTests_D.declarationEmitRetainsJsdocyComments_ts compiles to JavaScript matching declarationEmitRetainsJsdocyComments_js(TypeScriptCompilerTests_D.kt:2870)
  at java.base/jdk.internal.reflect.DirectMethodHandleAccessor.invoke(DirectMethodHandleAccessor.java:104)
  at java.base/java.lang.reflect.Method.invoke(Method.java:565)
  at org.junit.runners.model.FrameworkMethod$1.runReflectiveCall(FrameworkMethod.java:59)
  at org.junit.internal.runners.model.ReflectiveCallable.run(ReflectiveCallable.java:12)
  at org.junit.runners.model.FrameworkMethod.invokeExplosively(FrameworkMethod.java:56)
  at org.junit.internal.runners.statements.InvokeMethod.evaluate(InvokeMethod.java:17)
  at org.junit.runners.ParentRunner$3.evaluate(ParentRunner.java:306)
  at org.junit.runners.BlockJUnit4ClassRunner$1.evaluate(BlockJUnit4ClassRunner.java:100)
  at org.junit.runners.ParentRunner.runLeaf(ParentRunner.java:366)
  at org.junit.runners.BlockJUnit4ClassRunner.runChild(BlockJUnit4ClassRunner.java:103)
  at org.junit.runners.BlockJUnit4ClassRunner.runChild(BlockJUnit4ClassRunner.java:63)
  at org.junit.runners.ParentRunner$4.run(ParentRunner.java:331)
  at org.junit.runners.ParentRunner$1.schedule(ParentRunner.java:79)
  at org.junit.runners.ParentRunner.runChildren(ParentRunner.java:329)
  at org.junit.runners.ParentRunner.access$100(ParentRunner.java:66)
  at org.junit.runners.ParentRunner$2.evaluate(ParentRunner.java:293)
  at org.junit.runners.ParentRunner$3.evaluate(ParentRunner.java:306)
  at org.junit.runners.ParentRunner.run(ParentRunner.java:413)
  at org.junit.runner.JUnitCore.run(JUnitCore.java:137)
  at org.junit.runner.JUnitCore.run(JUnitCore.java:115)
  at org.gradle.api.internal.tasks.testing.junit.JUnitTestExecutor.runRequest(JUnitTestExecutor.java:175)
  at org.gradle.api.internal.tasks.testing.junit.JUnitTestExecutor.accept(JUnitTestExecutor.java:84)
  at org.gradle.api.internal.tasks.testing.junit.JUnitTestExecutor.accept(JUnitTestExecutor.java:47)
  at org.gradle.api.internal.tasks.testing.junit.AbstractJUnitTestDefinitionProcessor.processTestDefinition(AbstractJUnitTestDefinitionProcessor.java:65)
  at org.gradle.api.internal.tasks.testing.SuiteTestDefinitionProcessor.processTestDefinition(SuiteTestDefinitionProcessor.java:54)
  at java.base/jdk.internal.reflect.DirectMethodHandleAccessor.invoke(DirectMethodHandleAccessor.java:104)
  at java.base/java.lang.reflect.Method.invoke(Method.java:565)
  at org.gradle.internal.dispatch.MethodInvocation.invokeOn(MethodInvocation.java:77)
  at org.gradle.internal.dispatch.ReflectionDispatch.dispatch(ReflectionDispatch.java:28)
  at org.gradle.internal.dispatch.ReflectionDispatch.dispatch(ReflectionDispatch.java:19)
  at org.gradle.internal.dispatch.ContextClassLoaderDispatch.dispatch(ContextClassLoaderDispatch.java:33)
  at org.gradle.internal.dispatch.ProxyDispatchAdapter$DispatchingInvocationHandler.invoke(ProxyDispatchAdapter.java:88)
  at jdk.proxy1/jdk.proxy1.$Proxy4.processTestDefinition(Unknown Source)
  at org.gradle.api.internal.tasks.testing.worker.TestWorker$2.run(TestWorker.java:178)
  at org.gradle.api.internal.tasks.testing.worker.TestWorker.executeAndMaintainThreadName(TestWorker.java:126)
  at org.gradle.api.internal.tasks.testing.worker.TestWorker.execute(TestWorker.java:103)
  at org.gradle.api.internal.tasks.testing.worker.TestWorker.execute(TestWorker.java:63)
  at org.gradle.process.internal.worker.child.ActionExecutionWorker.execute(ActionExecutionWorker.java:56)
  at org.gradle.process.internal.worker.child.SystemApplicationClassLoaderWorker.call(SystemApplicationClassLoaderWorker.java:122)
  at org.gradle.process.internal.worker.child.SystemApplicationClassLoaderWorker.call(SystemApplicationClassLoaderWorker.java:72)
  at worker.org.gradle.process.internal.worker.GradleWorkerMain.run(GradleWorkerMain.java:69)
  at worker.org.gradle.process.internal.worker.GradleWorkerMain.main(GradleWorkerMain.java:74)
</stacktrace>
</test-failure>


TypeScriptCompilerTests_D[jvm] > declarationEmitRetainsJsdocyComments_ts compiles to JavaScript matching declarationEmitRetainsJsdocyComments_js[jvm] FAILED

<test-failure test="com.xemantic.typescript.compiler.TypeScriptCompilerTests_D.defaultArgsInFunctionExpressions_ts has expected errors matching defaultArgsInFunctionExpressions_errors_txt" platform="jvm">
<message>
Expected diagnostics from baseline typescript-repo/tests/baselines/reference/defaultArgsInFunctionExpressions.errors.txt but none produced
</message>
<stacktrace>
  at com.xemantic.typescript.compiler.TypeScriptTestSupportKt.errorsMatchBaseline(TypeScriptTestSupport.kt:125)
  at com.xemantic.typescript.compiler.TypeScriptCompilerTests_D.defaultArgsInFunctionExpressions_ts has expected errors matching defaultArgsInFunctionExpressions_errors_txt(TypeScriptCompilerTests_D.kt:4207)
  at java.base/jdk.internal.reflect.DirectMethodHandleAccessor.invoke(DirectMethodHandleAccessor.java:104)
  at java.base/java.lang.reflect.Method.invoke(Method.java:565)
  at org.junit.runners.model.FrameworkMethod$1.runReflectiveCall(FrameworkMethod.java:59)
  at org.junit.internal.runners.model.ReflectiveCallable.run(ReflectiveCallable.java:12)
  at org.junit.runners.model.FrameworkMethod.invokeExplosively(FrameworkMethod.java:56)
  at org.junit.internal.runners.statements.InvokeMethod.evaluate(InvokeMethod.java:17)
  at org.junit.runners.ParentRunner$3.evaluate(ParentRunner.java:306)
  at org.junit.runners.BlockJUnit4ClassRunner$1.evaluate(BlockJUnit4ClassRunner.java:100)
  at org.junit.runners.ParentRunner.runLeaf(ParentRunner.java:366)
  at org.junit.runners.BlockJUnit4ClassRunner.runChild(BlockJUnit4ClassRunner.java:103)
  at org.junit.runners.BlockJUnit4ClassRunner.runChild(BlockJUnit4ClassRunner.java:63)
  at org.junit.runners.ParentRunner$4.run(ParentRunner.java:331)
  at org.junit.runners.ParentRunner$1.schedule(ParentRunner.java:79)
  at org.junit.runners.ParentRunner.runChildren(ParentRunner.java:329)
  at org.junit.runners.ParentRunner.access$100(ParentRunner.java:66)
  at org.junit.runners.ParentRunner$2.evaluate(ParentRunner.java:293)
  at org.junit.runners.ParentRunner$3.evaluate(ParentRunner.java:306)
  at org.junit.runners.ParentRunner.run(ParentRunner.java:413)
  at org.junit.runner.JUnitCore.run(JUnitCore.java:137)
  at org.junit.runner.JUnitCore.run(JUnitCore.java:115)
  at org.gradle.api.internal.tasks.testing.junit.JUnitTestExecutor.runRequest(JUnitTestExecutor.java:175)
  at org.gradle.api.internal.tasks.testing.junit.JUnitTestExecutor.accept(JUnitTestExecutor.java:84)
  at org.gradle.api.internal.tasks.testing.junit.JUnitTestExecutor.accept(JUnitTestExecutor.java:47)
  at org.gradle.api.internal.tasks.testing.junit.AbstractJUnitTestDefinitionProcessor.processTestDefinition(AbstractJUnitTestDefinitionProcessor.java:65)
  at org.gradle.api.internal.tasks.testing.SuiteTestDefinitionProcessor.processTestDefinition(SuiteTestDefinitionProcessor.java:54)
  at java.base/jdk.internal.reflect.DirectMethodHandleAccessor.invoke(DirectMethodHandleAccessor.java:104)
  at java.base/java.lang.reflect.Method.invoke(Method.java:565)
  at org.gradle.internal.dispatch.MethodInvocation.invokeOn(MethodInvocation.java:77)
  at org.gradle.internal.dispatch.ReflectionDispatch.dispatch(ReflectionDispatch.java:28)
  at org.gradle.internal.dispatch.ReflectionDispatch.dispatch(ReflectionDispatch.java:19)
  at org.gradle.internal.dispatch.ContextClassLoaderDispatch.dispatch(ContextClassLoaderDispatch.java:33)
  at org.gradle.internal.dispatch.ProxyDispatchAdapter$DispatchingInvocationHandler.invoke(ProxyDispatchAdapter.java:88)
  at jdk.proxy1/jdk.proxy1.$Proxy4.processTestDefinition(Unknown Source)
  at org.gradle.api.internal.tasks.testing.worker.TestWorker$2.run(TestWorker.java:178)
  at org.gradle.api.internal.tasks.testing.worker.TestWorker.executeAndMaintainThreadName(TestWorker.java:126)
  at org.gradle.api.internal.tasks.testing.worker.TestWorker.execute(TestWorker.java:103)
  at org.gradle.api.internal.tasks.testing.worker.TestWorker.execute(TestWorker.java:63)
  at org.gradle.process.internal.worker.child.ActionExecutionWorker.execute(ActionExecutionWorker.java:56)
  at org.gradle.process.internal.worker.child.SystemApplicationClassLoaderWorker.call(SystemApplicationClassLoaderWorker.java:122)
  at org.gradle.process.internal.worker.child.SystemApplicationClassLoaderWorker.call(SystemApplicationClassLoaderWorker.java:72)
  at worker.org.gradle.process.internal.worker.GradleWorkerMain.run(GradleWorkerMain.java:69)
  at worker.org.gradle.process.internal.worker.GradleWorkerMain.main(GradleWorkerMain.java:74)
</stacktrace>
</test-failure>


TypeScriptCompilerTests_D[jvm] > defaultArgsInFunctionExpressions_ts has expected errors matching defaultArgsInFunctionExpressions_errors_txt[jvm] FAILED

<test-failure test="com.xemantic.typescript.compiler.TypeScriptCompilerTests_D.dontShowCompilerGeneratedMembers_ts has expected errors matching dontShowCompilerGeneratedMembers_errors_txt" platform="jvm">
<message>
--- expected
+++ actual
@@ -1,13 +1,10 @@
-dontShowCompilerGeneratedMembers.ts(3,6): error TS1139: Type parameter declaration expected.
-dontShowCompilerGeneratedMembers.ts(4,1): error TS1109: Expression expected.
+dontShowCompilerGeneratedMembers.ts(3,5): error TS1005: '(' expected.
 
 
-==== dontShowCompilerGeneratedMembers.ts (2 errors) ====
+==== dontShowCompilerGeneratedMembers.ts (1 errors) ====
     var f: {
         x: number;
         <-
-         ~
-!!! error TS1139: Type parameter declaration expected.
+        ~
+!!! error TS1005: '(' expected.
     };
-    ~
-!!! error TS1109: Expression expected.

</message>
<stacktrace>
  at org.junit.Assert.fail(Assert.java:89)
  at kotlin.test.junit.JUnitAsserter.fail(JUnitSupport.kt:56)
  at kotlin.test.AssertionsKt__AssertionsKt.fail(Assertions.kt:563)
  at kotlin.test.AssertionsKt.fail(Unknown Source)
  at com.xemantic.kotlin.test.SameAsKt.sameAs(SameAs.kt:52)
  at com.xemantic.typescript.compiler.TypeScriptTestSupportKt.errorsMatchBaseline(TypeScriptTestSupport.kt:135)
  at com.xemantic.typescript.compiler.TypeScriptCompilerTests_D.dontShowCompilerGeneratedMembers_ts has expected errors matching dontShowCompilerGeneratedMembers_errors_txt(TypeScriptCompilerTests_D.kt:5775)
  at java.base/jdk.internal.reflect.DirectMethodHandleAccessor.invoke(DirectMethodHandleAccessor.java:104)
  at java.base/java.lang.reflect.Method.invoke(Method.java:565)
  at org.junit.runners.model.FrameworkMethod$1.runReflectiveCall(FrameworkMethod.java:59)
  at org.junit.internal.runners.model.ReflectiveCallable.run(ReflectiveCallable.java:12)
  at org.junit.runners.model.FrameworkMethod.invokeExplosively(FrameworkMethod.java:56)
  at org.junit.internal.runners.statements.InvokeMethod.evaluate(InvokeMethod.java:17)
  at org.junit.runners.ParentRunner$3.evaluate(ParentRunner.java:306)
  at org.junit.runners.BlockJUnit4ClassRunner$1.evaluate(BlockJUnit4ClassRunner.java:100)
  at org.junit.runners.ParentRunner.runLeaf(ParentRunner.java:366)
  at org.junit.runners.BlockJUnit4ClassRunner.runChild(BlockJUnit4ClassRunner.java:103)
  at org.junit.runners.BlockJUnit4ClassRunner.runChild(BlockJUnit4ClassRunner.java:63)
  at org.junit.runners.ParentRunner$4.run(ParentRunner.java:331)
  at org.junit.runners.ParentRunner$1.schedule(ParentRunner.java:79)
  at org.junit.runners.ParentRunner.runChildren(ParentRunner.java:329)
  at org.junit.runners.ParentRunner.access$100(ParentRunner.java:66)
  at org.junit.runners.ParentRunner$2.evaluate(ParentRunner.java:293)
  at org.junit.runners.ParentRunner$3.evaluate(ParentRunner.java:306)
  at org.junit.runners.ParentRunner.run(ParentRunner.java:413)
  at org.junit.runner.JUnitCore.run(JUnitCore.java:137)
  at org.junit.runner.JUnitCore.run(JUnitCore.java:115)
  at org.gradle.api.internal.tasks.testing.junit.JUnitTestExecutor.runRequest(JUnitTestExecutor.java:175)
  at org.gradle.api.internal.tasks.testing.junit.JUnitTestExecutor.accept(JUnitTestExecutor.java:84)
  at org.gradle.api.internal.tasks.testing.junit.JUnitTestExecutor.accept(JUnitTestExecutor.java:47)
  at org.gradle.api.internal.tasks.testing.junit.AbstractJUnitTestDefinitionProcessor.processTestDefinition(AbstractJUnitTestDefinitionProcessor.java:65)
  at org.gradle.api.internal.tasks.testing.SuiteTestDefinitionProcessor.processTestDefinition(SuiteTestDefinitionProcessor.java:54)
  at java.base/jdk.internal.reflect.DirectMethodHandleAccessor.invoke(DirectMethodHandleAccessor.java:104)
  at java.base/java.lang.reflect.Method.invoke(Method.java:565)
  at org.gradle.internal.dispatch.MethodInvocation.invokeOn(MethodInvocation.java:77)
  at org.gradle.internal.dispatch.ReflectionDispatch.dispatch(ReflectionDispatch.java:28)
  at org.gradle.internal.dispatch.ReflectionDispatch.dispatch(ReflectionDispatch.java:19)
  at org.gradle.internal.dispatch.ContextClassLoaderDispatch.dispatch(ContextClassLoaderDispatch.java:33)
  at org.gradle.internal.dispatch.ProxyDispatchAdapter$DispatchingInvocationHandler.invoke(ProxyDispatchAdapter.java:88)
  at jdk.proxy1/jdk.proxy1.$Proxy4.processTestDefinition(Unknown Source)
  at org.gradle.api.internal.tasks.testing.worker.TestWorker$2.run(TestWorker.java:178)
  at org.gradle.api.internal.tasks.testing.worker.TestWorker.executeAndMaintainThreadName(TestWorker.java:126)
  at org.gradle.api.internal.tasks.testing.worker.TestWorker.execute(TestWorker.java:103)
  at org.gradle.api.internal.tasks.testing.worker.TestWorker.execute(TestWorker.java:63)
  at org.gradle.process.internal.worker.child.ActionExecutionWorker.execute(ActionExecutionWorker.java:56)
  at org.gradle.process.internal.worker.child.SystemApplicationClassLoaderWorker.call(SystemApplicationClassLoaderWorker.java:122)
  at org.gradle.process.internal.worker.child.SystemApplicationClassLoaderWorker.call(SystemApplicationClassLoaderWorker.java:72)
  at worker.org.gradle.process.internal.worker.GradleWorkerMain.run(GradleWorkerMain.java:69)
  at worker.org.gradle.process.internal.worker.GradleWorkerMain.main(GradleWorkerMain.java:74)
</stacktrace>
</test-failure>


TypeScriptCompilerTests_D[jvm] > dontShowCompilerGeneratedMembers_ts has expected errors matching dontShowCompilerGeneratedMembers_errors_txt[jvm] FAILED

<test-failure test="com.xemantic.typescript.compiler.TypeScriptCompilerTests_D.deeplyNestedAssignabilityErrorsCombined_ts has expected errors matching deeplyNestedAssignabilityErrorsCombined_errors_txt" platform="jvm">
<message>
Expected diagnostics from baseline typescript-repo/tests/baselines/reference/deeplyNestedAssignabilityErrorsCombined.errors.txt but none produced
</message>
<stacktrace>
  at com.xemantic.typescript.compiler.TypeScriptTestSupportKt.errorsMatchBaseline(TypeScriptTestSupport.kt:125)
  at com.xemantic.typescript.compiler.TypeScriptCompilerTests_D.deeplyNestedAssignabilityErrorsCombined_ts has expected errors matching deeplyNestedAssignabilityErrorsCombined_errors_txt(TypeScriptCompilerTests_D.kt:4144)
  at java.base/jdk.internal.reflect.DirectMethodHandleAccessor.invoke(DirectMethodHandleAccessor.java:104)
  at java.base/java.lang.reflect.Method.invoke(Method.java:565)
  at org.junit.runners.model.FrameworkMethod$1.runReflectiveCall(FrameworkMethod.java:59)
  at org.junit.internal.runners.model.ReflectiveCallable.run(ReflectiveCallable.java:12)
  at org.junit.runners.model.FrameworkMethod.invokeExplosively(FrameworkMethod.java:56)
  at org.junit.internal.runners.statements.InvokeMethod.evaluate(InvokeMethod.java:17)
  at org.junit.runners.ParentRunner$3.evaluate(ParentRunner.java:306)
  at org.junit.runners.BlockJUnit4ClassRunner$1.evaluate(BlockJUnit4ClassRunner.java:100)
  at org.junit.runners.ParentRunner.runLeaf(ParentRunner.java:366)
  at org.junit.runners.BlockJUnit4ClassRunner.runChild(BlockJUnit4ClassRunner.java:103)
  at org.junit.runners.BlockJUnit4ClassRunner.runChild(BlockJUnit4ClassRunner.java:63)
  at org.junit.runners.ParentRunner$4.run(ParentRunner.java:331)
  at org.junit.runners.ParentRunner$1.schedule(ParentRunner.java:79)
  at org.junit.runners.ParentRunner.runChildren(ParentRunner.java:329)
  at org.junit.runners.ParentRunner.access$100(ParentRunner.java:66)
  at org.junit.runners.ParentRunner$2.evaluate(ParentRunner.java:293)
  at org.junit.runners.ParentRunner$3.evaluate(ParentRunner.java:306)
  at org.junit.runners.ParentRunner.run(ParentRunner.java:413)
  at org.junit.runner.JUnitCore.run(JUnitCore.java:137)
  at org.junit.runner.JUnitCore.run(JUnitCore.java:115)
  at org.gradle.api.internal.tasks.testing.junit.JUnitTestExecutor.runRequest(JUnitTestExecutor.java:175)
  at org.gradle.api.internal.tasks.testing.junit.JUnitTestExecutor.accept(JUnitTestExecutor.java:84)
  at org.gradle.api.internal.tasks.testing.junit.JUnitTestExecutor.accept(JUnitTestExecutor.java:47)
  at org.gradle.api.internal.tasks.testing.junit.AbstractJUnitTestDefinitionProcessor.processTestDefinition(AbstractJUnitTestDefinitionProcessor.java:65)
  at org.gradle.api.internal.tasks.testing.SuiteTestDefinitionProcessor.processTestDefinition(SuiteTestDefinitionProcessor.java:54)
  at java.base/jdk.internal.reflect.DirectMethodHandleAccessor.invoke(DirectMethodHandleAccessor.java:104)
  at java.base/java.lang.reflect.Method.invoke(Method.java:565)
  at org.gradle.internal.dispatch.MethodInvocation.invokeOn(MethodInvocation.java:77)
  at org.gradle.internal.dispatch.ReflectionDispatch.dispatch(ReflectionDispatch.java:28)
  at org.gradle.internal.dispatch.ReflectionDispatch.dispatch(ReflectionDispatch.java:19)
  at org.gradle.internal.dispatch.ContextClassLoaderDispatch.dispatch(ContextClassLoaderDispatch.java:33)
  at org.gradle.internal.dispatch.ProxyDispatchAdapter$DispatchingInvocationHandler.invoke(ProxyDispatchAdapter.java:88)
  at jdk.proxy1/jdk.proxy1.$Proxy4.processTestDefinition(Unknown Source)
  at org.gradle.api.internal.tasks.testing.worker.TestWorker$2.run(TestWorker.java:178)
  at org.gradle.api.internal.tasks.testing.worker.TestWorker.executeAndMaintainThreadName(TestWorker.java:126)
  at org.gradle.api.internal.tasks.testing.worker.TestWorker.execute(TestWorker.java:103)
  at org.gradle.api.internal.tasks.testing.worker.TestWorker.execute(TestWorker.java:63)
  at org.gradle.process.internal.worker.child.ActionExecutionWorker.execute(ActionExecutionWorker.java:56)
  at org.gradle.process.internal.worker.child.SystemApplicationClassLoaderWorker.call(SystemApplicationClassLoaderWorker.java:122)
  at org.gradle.process.internal.worker.child.SystemApplicationClassLoaderWorker.call(SystemApplicationClassLoaderWorker.java:72)
  at worker.org.gradle.process.internal.worker.GradleWorkerMain.run(GradleWorkerMain.java:69)
  at worker.org.gradle.process.internal.worker.GradleWorkerMain.main(GradleWorkerMain.java:74)
</stacktrace>
</test-failure>


TypeScriptCompilerTests_D[jvm] > deeplyNestedAssignabilityErrorsCombined_ts has expected errors matching deeplyNestedAssignabilityErrorsCombined_errors_txt[jvm] FAILED

<test-failure test="com.xemantic.typescript.compiler.TypeScriptCompilerTests_D.deleteExpressionMustBeOptional_ts__strict_true__has expected errors matching baseline" platform="jvm">
<message>
--- expected
+++ actual
@@ -1,9 +1,7 @@
-deleteExpressionMustBeOptional.ts(25,8): error TS2790: The operand of a 'delete' operator must be optional.
-deleteExpressionMustBeOptional.ts(27,8): error TS2790: The operand of a 'delete' operator must be optional.
 deleteExpressionMustBeOptional.ts(34,10): error TS2339: Property 'j' does not exist on type 'Foo'.
 
 
-==== deleteExpressionMustBeOptional.ts (3 errors) ====
+==== deleteExpressionMustBeOptional.ts (1 errors) ====
     interface Foo {
         a: number
         b: number | undefined
@@ -29,12 +27,8 @@
     declare const b: BB
     
     delete f.a
-           ~~~
-!!! error TS2790: The operand of a 'delete' operator must be optional.
     delete f.b
     delete f.c
-           ~~~
-!!! error TS2790: The operand of a 'delete' operator must be optional.
     delete f.d
     delete f.e
     delete f.f

</message>
<stacktrace>
  at org.junit.Assert.fail(Assert.java:89)
  at kotlin.test.junit.JUnitAsserter.fail(JUnitSupport.kt:56)
  at kotlin.test.AssertionsKt__AssertionsKt.fail(Assertions.kt:563)
  at kotlin.test.AssertionsKt.fail(Unknown Source)
  at com.xemantic.kotlin.test.SameAsKt.sameAs(SameAs.kt:52)
  at com.xemantic.typescript.compiler.TypeScriptTestSupportKt.errorsMatchBaseline(TypeScriptTestSupport.kt:135)
  at com.xemantic.typescript.compiler.TypeScriptCompilerTests_D.deleteExpressionMustBeOptional_ts__strict_true__has expected errors matching baseline(TypeScriptCompilerTests_D.kt:4501)
  at java.base/jdk.internal.reflect.DirectMethodHandleAccessor.invoke(DirectMethodHandleAccessor.java:104)
  at java.base/java.lang.reflect.Method.invoke(Method.java:565)
  at org.junit.runners.model.FrameworkMethod$1.runReflectiveCall(FrameworkMethod.java:59)
  at org.junit.internal.runners.model.ReflectiveCallable.run(ReflectiveCallable.java:12)
  at org.junit.runners.model.FrameworkMethod.invokeExplosively(FrameworkMethod.java:56)
  at org.junit.internal.runners.statements.InvokeMethod.evaluate(InvokeMethod.java:17)
  at org.junit.runners.ParentRunner$3.evaluate(ParentRunner.java:306)
  at org.junit.runners.BlockJUnit4ClassRunner$1.evaluate(BlockJUnit4ClassRunner.java:100)
  at org.junit.runners.ParentRunner.runLeaf(ParentRunner.java:366)
  at org.junit.runners.BlockJUnit4ClassRunner.runChild(BlockJUnit4ClassRunner.java:103)
  at org.junit.runners.BlockJUnit4ClassRunner.runChild(BlockJUnit4ClassRunner.java:63)
  at org.junit.runners.ParentRunner$4.run(ParentRunner.java:331)
  at org.junit.runners.ParentRunner$1.schedule(ParentRunner.java:79)
  at org.junit.runners.ParentRunner.runChildren(ParentRunner.java:329)
  at org.junit.runners.ParentRunner.access$100(ParentRunner.java:66)
  at org.junit.runners.ParentRunner$2.evaluate(ParentRunner.java:293)
  at org.junit.runners.ParentRunner$3.evaluate(ParentRunner.java:306)
  at org.junit.runners.ParentRunner.run(ParentRunner.java:413)
  at org.junit.runner.JUnitCore.run(JUnitCore.java:137)
  at org.junit.runner.JUnitCore.run(JUnitCore.java:115)
  at org.gradle.api.internal.tasks.testing.junit.JUnitTestExecutor.runRequest(JUnitTestExecutor.java:175)
  at org.gradle.api.internal.tasks.testing.junit.JUnitTestExecutor.accept(JUnitTestExecutor.java:84)
  at org.gradle.api.internal.tasks.testing.junit.JUnitTestExecutor.accept(JUnitTestExecutor.java:47)
  at org.gradle.api.internal.tasks.testing.junit.AbstractJUnitTestDefinitionProcessor.processTestDefinition(AbstractJUnitTestDefinitionProcessor.java:65)
  at org.gradle.api.internal.tasks.testing.SuiteTestDefinitionProcessor.processTestDefinition(SuiteTestDefinitionProcessor.java:54)
  at java.base/jdk.internal.reflect.DirectMethodHandleAccessor.invoke(DirectMethodHandleAccessor.java:104)
  at java.base/java.lang.reflect.Method.invoke(Method.java:565)
  at org.gradle.internal.dispatch.MethodInvocation.invokeOn(MethodInvocation.java:77)
  at org.gradle.internal.dispatch.ReflectionDispatch.dispatch(ReflectionDispatch.java:28)
  at org.gradle.internal.dispatch.ReflectionDispatch.dispatch(ReflectionDispatch.java:19)
  at org.gradle.internal.dispatch.ContextClassLoaderDispatch.dispatch(ContextClassLoaderDispatch.java:33)
  at org.gradle.internal.dispatch.ProxyDispatchAdapter$DispatchingInvocationHandler.invoke(ProxyDispatchAdapter.java:88)
  at jdk.proxy1/jdk.proxy1.$Proxy4.processTestDefinition(Unknown Source)
  at org.gradle.api.internal.tasks.testing.worker.TestWorker$2.run(TestWorker.java:178)
  at org.gradle.api.internal.tasks.testing.worker.TestWorker.executeAndMaintainThreadName(TestWorker.java:126)
  at org.gradle.api.internal.tasks.testing.worker.TestWorker.execute(TestWorker.java:103)
  at org.gradle.api.internal.tasks.testing.worker.TestWorker.execute(TestWorker.java:63)
  at org.gradle.process.internal.worker.child.ActionExecutionWorker.execute(ActionExecutionWorker.java:56)
  at org.gradle.process.internal.worker.child.SystemApplicationClassLoaderWorker.call(SystemApplicationClassLoaderWorker.java:122)
  at org.gradle.process.internal.worker.child.SystemApplicationClassLoaderWorker.call(SystemApplicationClassLoaderWorker.java:72)
  at worker.org.gradle.process.internal.worker.GradleWorkerMain.run(GradleWorkerMain.java:69)
  at worker.org.gradle.process.internal.worker.GradleWorkerMain.main(GradleWorkerMain.java:74)
</stacktrace>
</test-failure>


TypeScriptCompilerTests_D[jvm] > deleteExpressionMustBeOptional_ts__strict_true__has expected errors matching baseline[jvm] FAILED

<test-failure test="com.xemantic.typescript.compiler.TypeScriptCompilerTests_D.decoratorMetadataWithImportDeclarationNameCollision7_ts__target_es2015__has expected errors matching baseline" platform="jvm">
<message>
Expected diagnostics from baseline typescript-repo/tests/baselines/reference/decoratorMetadataWithImportDeclarationNameCollision7(target=es2015).errors.txt but none produced
</message>
<stacktrace>
  at com.xemantic.typescript.compiler.TypeScriptTestSupportKt.errorsMatchBaseline(TypeScriptTestSupport.kt:125)
  at com.xemantic.typescript.compiler.TypeScriptCompilerTests_D.decoratorMetadataWithImportDeclarationNameCollision7_ts__target_es2015__has expected errors matching baseline(TypeScriptCompilerTests_D.kt:3969)
  at java.base/jdk.internal.reflect.DirectMethodHandleAccessor.invoke(DirectMethodHandleAccessor.java:104)
  at java.base/java.lang.reflect.Method.invoke(Method.java:565)
  at org.junit.runners.model.FrameworkMethod$1.runReflectiveCall(FrameworkMethod.java:59)
  at org.junit.internal.runners.model.ReflectiveCallable.run(ReflectiveCallable.java:12)
  at org.junit.runners.model.FrameworkMethod.invokeExplosively(FrameworkMethod.java:56)
  at org.junit.internal.runners.statements.InvokeMethod.evaluate(InvokeMethod.java:17)
  at org.junit.runners.ParentRunner$3.evaluate(ParentRunner.java:306)
  at org.junit.runners.BlockJUnit4ClassRunner$1.evaluate(BlockJUnit4ClassRunner.java:100)
  at org.junit.runners.ParentRunner.runLeaf(ParentRunner.java:366)
  at org.junit.runners.BlockJUnit4ClassRunner.runChild(BlockJUnit4ClassRunner.java:103)
  at org.junit.runners.BlockJUnit4ClassRunner.runChild(BlockJUnit4ClassRunner.java:63)
  at org.junit.runners.ParentRunner$4.run(ParentRunner.java:331)
  at org.junit.runners.ParentRunner$1.schedule(ParentRunner.java:79)
  at org.junit.runners.ParentRunner.runChildren(ParentRunner.java:329)
  at org.junit.runners.ParentRunner.access$100(ParentRunner.java:66)
  at org.junit.runners.ParentRunner$2.evaluate(ParentRunner.java:293)
  at org.junit.runners.ParentRunner$3.evaluate(ParentRunner.java:306)
  at org.junit.runners.ParentRunner.run(ParentRunner.java:413)
  at org.junit.runner.JUnitCore.run(JUnitCore.java:137)
  at org.junit.runner.JUnitCore.run(JUnitCore.java:115)
  at org.gradle.api.internal.tasks.testing.junit.JUnitTestExecutor.runRequest(JUnitTestExecutor.java:175)
  at org.gradle.api.internal.tasks.testing.junit.JUnitTestExecutor.accept(JUnitTestExecutor.java:84)
  at org.gradle.api.internal.tasks.testing.junit.JUnitTestExecutor.accept(JUnitTestExecutor.java:47)
  at org.gradle.api.internal.tasks.testing.junit.AbstractJUnitTestDefinitionProcessor.processTestDefinition(AbstractJUnitTestDefinitionProcessor.java:65)
  at org.gradle.api.internal.tasks.testing.SuiteTestDefinitionProcessor.processTestDefinition(SuiteTestDefinitionProcessor.java:54)
  at java.base/jdk.internal.reflect.DirectMethodHandleAccessor.invoke(DirectMethodHandleAccessor.java:104)
  at java.base/java.lang.reflect.Method.invoke(Method.java:565)
  at org.gradle.internal.dispatch.MethodInvocation.invokeOn(MethodInvocation.java:77)
  at org.gradle.internal.dispatch.ReflectionDispatch.dispatch(ReflectionDispatch.java:28)
  at org.gradle.internal.dispatch.ReflectionDispatch.dispatch(ReflectionDispatch.java:19)
  at org.gradle.internal.dispatch.ContextClassLoaderDispatch.dispatch(ContextClassLoaderDispatch.java:33)
  at org.gradle.internal.dispatch.ProxyDispatchAdapter$DispatchingInvocationHandler.invoke(ProxyDispatchAdapter.java:88)
  at jdk.proxy1/jdk.proxy1.$Proxy4.processTestDefinition(Unknown Source)
  at org.gradle.api.internal.tasks.testing.worker.TestWorker$2.run(TestWorker.java:178)
  at org.gradle.api.internal.tasks.testing.worker.TestWorker.executeAndMaintainThreadName(TestWorker.java:126)
  at org.gradle.api.internal.tasks.testing.worker.TestWorker.execute(TestWorker.java:103)
  at org.gradle.api.internal.tasks.testing.worker.TestWorker.execute(TestWorker.java:63)
  at org.gradle.process.internal.worker.child.ActionExecutionWorker.execute(ActionExecutionWorker.java:56)
  at org.gradle.process.internal.worker.child.SystemApplicationClassLoaderWorker.call(SystemApplicationClassLoaderWorker.java:122)
  at org.gradle.process.internal.worker.child.SystemApplicationClassLoaderWorker.call(SystemApplicationClassLoaderWorker.java:72)
  at worker.org.gradle.process.internal.worker.GradleWorkerMain.run(GradleWorkerMain.java:69)
  at worker.org.gradle.process.internal.worker.GradleWorkerMain.main(GradleWorkerMain.java:74)
</stacktrace>
</test-failure>


TypeScriptCompilerTests_D[jvm] > decoratorMetadataWithImportDeclarationNameCollision7_ts__target_es2015__has expected errors matching baseline[jvm] FAILED

<test-failure test="com.xemantic.typescript.compiler.TypeScriptCompilerTests_D.doubleUnderscoreExportStarConflict_ts has expected errors matching doubleUnderscoreExportStarConflict_errors_txt" platform="jvm">
<message>
Expected diagnostics from baseline typescript-repo/tests/baselines/reference/doubleUnderscoreExportStarConflict.errors.txt but none produced
</message>
<stacktrace>
  at com.xemantic.typescript.compiler.TypeScriptTestSupportKt.errorsMatchBaseline(TypeScriptTestSupport.kt:125)
  at com.xemantic.typescript.compiler.TypeScriptCompilerTests_D.doubleUnderscoreExportStarConflict_ts has expected errors matching doubleUnderscoreExportStarConflict_errors_txt(TypeScriptCompilerTests_D.kt:5873)
  at java.base/jdk.internal.reflect.DirectMethodHandleAccessor.invoke(DirectMethodHandleAccessor.java:104)
  at java.base/java.lang.reflect.Method.invoke(Method.java:565)
  at org.junit.runners.model.FrameworkMethod$1.runReflectiveCall(FrameworkMethod.java:59)
  at org.junit.internal.runners.model.ReflectiveCallable.run(ReflectiveCallable.java:12)
  at org.junit.runners.model.FrameworkMethod.invokeExplosively(FrameworkMethod.java:56)
  at org.junit.internal.runners.statements.InvokeMethod.evaluate(InvokeMethod.java:17)
  at org.junit.runners.ParentRunner$3.evaluate(ParentRunner.java:306)
  at org.junit.runners.BlockJUnit4ClassRunner$1.evaluate(BlockJUnit4ClassRunner.java:100)
  at org.junit.runners.ParentRunner.runLeaf(ParentRunner.java:366)
  at org.junit.runners.BlockJUnit4ClassRunner.runChild(BlockJUnit4ClassRunner.java:103)
  at org.junit.runners.BlockJUnit4ClassRunner.runChild(BlockJUnit4ClassRunner.java:63)
  at org.junit.runners.ParentRunner$4.run(ParentRunner.java:331)
  at org.junit.runners.ParentRunner$1.schedule(ParentRunner.java:79)
  at org.junit.runners.ParentRunner.runChildren(ParentRunner.java:329)
  at org.junit.runners.ParentRunner.access$100(ParentRunner.java:66)
  at org.junit.runners.ParentRunner$2.evaluate(ParentRunner.java:293)
  at org.junit.runners.ParentRunner$3.evaluate(ParentRunner.java:306)
  at org.junit.runners.ParentRunner.run(ParentRunner.java:413)
  at org.junit.runner.JUnitCore.run(JUnitCore.java:137)
  at org.junit.runner.JUnitCore.run(JUnitCore.java:115)
  at org.gradle.api.internal.tasks.testing.junit.JUnitTestExecutor.runRequest(JUnitTestExecutor.java:175)
  at org.gradle.api.internal.tasks.testing.junit.JUnitTestExecutor.accept(JUnitTestExecutor.java:84)
  at org.gradle.api.internal.tasks.testing.junit.JUnitTestExecutor.accept(JUnitTestExecutor.java:47)
  at org.gradle.api.internal.tasks.testing.junit.AbstractJUnitTestDefinitionProcessor.processTestDefinition(AbstractJUnitTestDefinitionProcessor.java:65)
  at org.gradle.api.internal.tasks.testing.SuiteTestDefinitionProcessor.processTestDefinition(SuiteTestDefinitionProcessor.java:54)
  at java.base/jdk.internal.reflect.DirectMethodHandleAccessor.invoke(DirectMethodHandleAccessor.java:104)
  at java.base/java.lang.reflect.Method.invoke(Method.java:565)
  at org.gradle.internal.dispatch.MethodInvocation.invokeOn(MethodInvocation.java:77)
  at org.gradle.internal.dispatch.ReflectionDispatch.dispatch(ReflectionDispatch.java:28)
  at org.gradle.internal.dispatch.ReflectionDispatch.dispatch(ReflectionDispatch.java:19)
  at org.gradle.internal.dispatch.ContextClassLoaderDispatch.dispatch(ContextClassLoaderDispatch.java:33)
  at org.gradle.internal.dispatch.ProxyDispatchAdapter$DispatchingInvocationHandler.invoke(ProxyDispatchAdapter.java:88)
  at jdk.proxy1/jdk.proxy1.$Proxy4.processTestDefinition(Unknown Source)
  at org.gradle.api.internal.tasks.testing.worker.TestWorker$2.run(TestWorker.java:178)
  at org.gradle.api.internal.tasks.testing.worker.TestWorker.executeAndMaintainThreadName(TestWorker.java:126)
  at org.gradle.api.internal.tasks.testing.worker.TestWorker.execute(TestWorker.java:103)
  at org.gradle.api.internal.tasks.testing.worker.TestWorker.execute(TestWorker.java:63)
  at org.gradle.process.internal.worker.child.ActionExecutionWorker.execute(ActionExecutionWorker.java:56)
  at org.gradle.process.internal.worker.child.SystemApplicationClassLoaderWorker.call(SystemApplicationClassLoaderWorker.java:122)
  at org.gradle.process.internal.worker.child.SystemApplicationClassLoaderWorker.call(SystemApplicationClassLoaderWorker.java:72)
  at worker.org.gradle.process.internal.worker.GradleWorkerMain.run(GradleWorkerMain.java:69)
  at worker.org.gradle.process.internal.worker.GradleWorkerMain.main(GradleWorkerMain.java:74)
</stacktrace>
</test-failure>


TypeScriptCompilerTests_D[jvm] > doubleUnderscoreExportStarConflict_ts has expected errors matching doubleUnderscoreExportStarConflict_errors_txt[jvm] FAILED

<test-failure test="com.xemantic.typescript.compiler.TypeScriptCompilerTests_D.downlevelLetConst6_ts has expected errors matching downlevelLetConst6_errors_txt" platform="jvm">
<message>
--- expected
+++ actual
@@ -1,10 +1,7 @@
 downlevelLetConst6.ts(1,1): error TS1212: Identifier expected. 'let' is a reserved word in strict mode.
-downlevelLetConst6.ts(1,1): error TS2304: Cannot find name 'let'.
 
 
-==== downlevelLetConst6.ts (2 errors) ====
+==== downlevelLetConst6.ts (1 errors) ====
     let
     ~~~
 !!! error TS1212: Identifier expected. 'let' is a reserved word in strict mode.
-    ~~~
-!!! error TS2304: Cannot find name 'let'.

</message>
<stacktrace>
  at org.junit.Assert.fail(Assert.java:89)
  at kotlin.test.junit.JUnitAsserter.fail(JUnitSupport.kt:56)
  at kotlin.test.AssertionsKt__AssertionsKt.fail(Assertions.kt:563)
  at kotlin.test.AssertionsKt.fail(Unknown Source)
  at com.xemantic.kotlin.test.SameAsKt.sameAs(SameAs.kt:52)
  at com.xemantic.typescript.compiler.TypeScriptTestSupportKt.errorsMatchBaseline(TypeScriptTestSupport.kt:135)
  at com.xemantic.typescript.compiler.TypeScriptCompilerTests_D.downlevelLetConst6_ts has expected errors matching downlevelLetConst6_errors_txt(TypeScriptCompilerTests_D.kt:6125)
  at java.base/jdk.internal.reflect.DirectMethodHandleAccessor.invoke(DirectMethodHandleAccessor.java:104)
  at java.base/java.lang.reflect.Method.invoke(Method.java:565)
  at org.junit.runners.model.FrameworkMethod$1.runReflectiveCall(FrameworkMethod.java:59)
  at org.junit.internal.runners.model.ReflectiveCallable.run(ReflectiveCallable.java:12)
  at org.junit.runners.model.FrameworkMethod.invokeExplosively(FrameworkMethod.java:56)
  at org.junit.internal.runners.statements.InvokeMethod.evaluate(InvokeMethod.java:17)
  at org.junit.runners.ParentRunner$3.evaluate(ParentRunner.java:306)
  at org.junit.runners.BlockJUnit4ClassRunner$1.evaluate(BlockJUnit4ClassRunner.java:100)
  at org.junit.runners.ParentRunner.runLeaf(ParentRunner.java:366)
  at org.junit.runners.BlockJUnit4ClassRunner.runChild(BlockJUnit4ClassRunner.java:103)
  at org.junit.runners.BlockJUnit4ClassRunner.runChild(BlockJUnit4ClassRunner.java:63)
  at org.junit.runners.ParentRunner$4.run(ParentRunner.java:331)
  at org.junit.runners.ParentRunner$1.schedule(ParentRunner.java:79)
  at org.junit.runners.ParentRunner.runChildren(ParentRunner.java:329)
  at org.junit.runners.ParentRunner.access$100(ParentRunner.java:66)
  at org.junit.runners.ParentRunner$2.evaluate(ParentRunner.java:293)
  at org.junit.runners.ParentRunner$3.evaluate(ParentRunner.java:306)
  at org.junit.runners.ParentRunner.run(ParentRunner.java:413)
  at org.junit.runner.JUnitCore.run(JUnitCore.java:137)
  at org.junit.runner.JUnitCore.run(JUnitCore.java:115)
  at org.gradle.api.internal.tasks.testing.junit.JUnitTestExecutor.runRequest(JUnitTestExecutor.java:175)
  at org.gradle.api.internal.tasks.testing.junit.JUnitTestExecutor.accept(JUnitTestExecutor.java:84)
  at org.gradle.api.internal.tasks.testing.junit.JUnitTestExecutor.accept(JUnitTestExecutor.java:47)
  at org.gradle.api.internal.tasks.testing.junit.AbstractJUnitTestDefinitionProcessor.processTestDefinition(AbstractJUnitTestDefinitionProcessor.java:65)
  at org.gradle.api.internal.tasks.testing.SuiteTestDefinitionProcessor.processTestDefinition(SuiteTestDefinitionProcessor.java:54)
  at java.base/jdk.internal.reflect.DirectMethodHandleAccessor.invoke(DirectMethodHandleAccessor.java:104)
  at java.base/java.lang.reflect.Method.invoke(Method.java:565)
  at org.gradle.internal.dispatch.MethodInvocation.invokeOn(MethodInvocation.java:77)
  at org.gradle.internal.dispatch.ReflectionDispatch.dispatch(ReflectionDispatch.java:28)
  at org.gradle.internal.dispatch.ReflectionDispatch.dispatch(ReflectionDispatch.java:19)
  at org.gradle.internal.dispatch.ContextClassLoaderDispatch.dispatch(ContextClassLoaderDispatch.java:33)
  at org.gradle.internal.dispatch.ProxyDispatchAdapter$DispatchingInvocationHandler.invoke(ProxyDispatchAdapter.java:88)
  at jdk.proxy1/jdk.proxy1.$Proxy4.processTestDefinition(Unknown Source)
  at org.gradle.api.internal.tasks.testing.worker.TestWorker$2.run(TestWorker.java:178)
  at org.gradle.api.internal.tasks.testing.worker.TestWorker.executeAndMaintainThreadName(TestWorker.java:126)
  at org.gradle.api.internal.tasks.testing.worker.TestWorker.execute(TestWorker.java:103)
  at org.gradle.api.internal.tasks.testing.worker.TestWorker.execute(TestWorker.java:63)
  at org.gradle.process.internal.worker.child.ActionExecutionWorker.execute(ActionExecutionWorker.java:56)
  at org.gradle.process.internal.worker.child.SystemApplicationClassLoaderWorker.call(SystemApplicationClassLoaderWorker.java:122)
  at org.gradle.process.internal.worker.child.SystemApplicationClassLoaderWorker.call(SystemApplicationClassLoaderWorker.java:72)
  at worker.org.gradle.process.internal.worker.GradleWorkerMain.run(GradleWorkerMain.java:69)
  at worker.org.gradle.process.internal.worker.GradleWorkerMain.main(GradleWorkerMain.java:74)
</stacktrace>
</test-failure>


TypeScriptCompilerTests_D[jvm] > downlevelLetConst6_ts has expected errors matching downlevelLetConst6_errors_txt[jvm] FAILED

<test-failure test="com.xemantic.typescript.compiler.TypeScriptCompilerTests_D.declarationEmitDestructuringObjectLiteralPattern_ts has expected errors matching declarationEmitDestructuringObjectLiteralPattern_errors_txt" platform="jvm">
<message>
Expected diagnostics from baseline typescript-repo/tests/baselines/reference/declarationEmitDestructuringObjectLiteralPattern.errors.txt but none produced
</message>
<stacktrace>
  at com.xemantic.typescript.compiler.TypeScriptTestSupportKt.errorsMatchBaseline(TypeScriptTestSupport.kt:125)
  at com.xemantic.typescript.compiler.TypeScriptCompilerTests_D.declarationEmitDestructuringObjectLiteralPattern_ts has expected errors matching declarationEmitDestructuringObjectLiteralPattern_errors_txt(TypeScriptCompilerTests_D.kt:1554)
  at java.base/jdk.internal.reflect.DirectMethodHandleAccessor.invoke(DirectMethodHandleAccessor.java:104)
  at java.base/java.lang.reflect.Method.invoke(Method.java:565)
  at org.junit.runners.model.FrameworkMethod$1.runReflectiveCall(FrameworkMethod.java:59)
  at org.junit.internal.runners.model.ReflectiveCallable.run(ReflectiveCallable.java:12)
  at org.junit.runners.model.FrameworkMethod.invokeExplosively(FrameworkMethod.java:56)
  at org.junit.internal.runners.statements.InvokeMethod.evaluate(InvokeMethod.java:17)
  at org.junit.runners.ParentRunner$3.evaluate(ParentRunner.java:306)
  at org.junit.runners.BlockJUnit4ClassRunner$1.evaluate(BlockJUnit4ClassRunner.java:100)
  at org.junit.runners.ParentRunner.runLeaf(ParentRunner.java:366)
  at org.junit.runners.BlockJUnit4ClassRunner.runChild(BlockJUnit4ClassRunner.java:103)
  at org.junit.runners.BlockJUnit4ClassRunner.runChild(BlockJUnit4ClassRunner.java:63)
  at org.junit.runners.ParentRunner$4.run(ParentRunner.java:331)
  at org.junit.runners.ParentRunner$1.schedule(ParentRunner.java:79)
  at org.junit.runners.ParentRunner.runChildren(ParentRunner.java:329)
  at org.junit.runners.ParentRunner.access$100(ParentRunner.java:66)
  at org.junit.runners.ParentRunner$2.evaluate(ParentRunner.java:293)
  at org.junit.runners.ParentRunner$3.evaluate(ParentRunner.java:306)
  at org.junit.runners.ParentRunner.run(ParentRunner.java:413)
  at org.junit.runner.JUnitCore.run(JUnitCore.java:137)
  at org.junit.runner.JUnitCore.run(JUnitCore.java:115)
  at org.gradle.api.internal.tasks.testing.junit.JUnitTestExecutor.runRequest(JUnitTestExecutor.java:175)
  at org.gradle.api.internal.tasks.testing.junit.JUnitTestExecutor.accept(JUnitTestExecutor.java:84)
  at org.gradle.api.internal.tasks.testing.junit.JUnitTestExecutor.accept(JUnitTestExecutor.java:47)
  at org.gradle.api.internal.tasks.testing.junit.AbstractJUnitTestDefinitionProcessor.processTestDefinition(AbstractJUnitTestDefinitionProcessor.java:65)
  at org.gradle.api.internal.tasks.testing.SuiteTestDefinitionProcessor.processTestDefinition(SuiteTestDefinitionProcessor.java:54)
  at java.base/jdk.internal.reflect.DirectMethodHandleAccessor.invoke(DirectMethodHandleAccessor.java:104)
  at java.base/java.lang.reflect.Method.invoke(Method.java:565)
  at org.gradle.internal.dispatch.MethodInvocation.invokeOn(MethodInvocation.java:77)
  at org.gradle.internal.dispatch.ReflectionDispatch.dispatch(ReflectionDispatch.java:28)
  at org.gradle.internal.dispatch.ReflectionDispatch.dispatch(ReflectionDispatch.java:19)
  at org.gradle.internal.dispatch.ContextClassLoaderDispatch.dispatch(ContextClassLoaderDispatch.java:33)
  at org.gradle.internal.dispatch.ProxyDispatchAdapter$DispatchingInvocationHandler.invoke(ProxyDispatchAdapter.java:88)
  at jdk.proxy1/jdk.proxy1.$Proxy4.processTestDefinition(Unknown Source)
  at org.gradle.api.internal.tasks.testing.worker.TestWorker$2.run(TestWorker.java:178)
  at org.gradle.api.internal.tasks.testing.worker.TestWorker.executeAndMaintainThreadName(TestWorker.java:126)
  at org.gradle.api.internal.tasks.testing.worker.TestWorker.execute(TestWorker.java:103)
  at org.gradle.api.internal.tasks.testing.worker.TestWorker.execute(TestWorker.java:63)
  at org.gradle.process.internal.worker.child.ActionExecutionWorker.execute(ActionExecutionWorker.java:56)
  at org.gradle.process.internal.worker.child.SystemApplicationClassLoaderWorker.call(SystemApplicationClassLoaderWorker.java:122)
  at org.gradle.process.internal.worker.child.SystemApplicationClassLoaderWorker.call(SystemApplicationClassLoaderWorker.java:72)
  at worker.org.gradle.process.internal.worker.GradleWorkerMain.run(GradleWorkerMain.java:69)
  at worker.org.gradle.process.internal.worker.GradleWorkerMain.main(GradleWorkerMain.java:74)
</stacktrace>
</test-failure>


TypeScriptCompilerTests_D[jvm] > declarationEmitDestructuringObjectLiteralPattern_ts has expected errors matching declarationEmitDestructuringObjectLiteralPattern_errors_txt[jvm] FAILED

<test-failure test="com.xemantic.typescript.compiler.TypeScriptCompilerTests_D.declarationEmitNestedBindingPattern_ts has expected errors matching declarationEmitNestedBindingPattern_errors_txt" platform="jvm">
<message>
Expected diagnostics from baseline typescript-repo/tests/baselines/reference/declarationEmitNestedBindingPattern.errors.txt but none produced
</message>
<stacktrace>
  at com.xemantic.typescript.compiler.TypeScriptTestSupportKt.errorsMatchBaseline(TypeScriptTestSupport.kt:125)
  at com.xemantic.typescript.compiler.TypeScriptCompilerTests_D.declarationEmitNestedBindingPattern_ts has expected errors matching declarationEmitNestedBindingPattern_errors_txt(TypeScriptCompilerTests_D.kt:2450)
  at java.base/jdk.internal.reflect.DirectMethodHandleAccessor.invoke(DirectMethodHandleAccessor.java:104)
  at java.base/java.lang.reflect.Method.invoke(Method.java:565)
  at org.junit.runners.model.FrameworkMethod$1.runReflectiveCall(FrameworkMethod.java:59)
  at org.junit.internal.runners.model.ReflectiveCallable.run(ReflectiveCallable.java:12)
  at org.junit.runners.model.FrameworkMethod.invokeExplosively(FrameworkMethod.java:56)
  at org.junit.internal.runners.statements.InvokeMethod.evaluate(InvokeMethod.java:17)
  at org.junit.runners.ParentRunner$3.evaluate(ParentRunner.java:306)
  at org.junit.runners.BlockJUnit4ClassRunner$1.evaluate(BlockJUnit4ClassRunner.java:100)
  at org.junit.runners.ParentRunner.runLeaf(ParentRunner.java:366)
  at org.junit.runners.BlockJUnit4ClassRunner.runChild(BlockJUnit4ClassRunner.java:103)
  at org.junit.runners.BlockJUnit4ClassRunner.runChild(BlockJUnit4ClassRunner.java:63)
  at org.junit.runners.ParentRunner$4.run(ParentRunner.java:331)
  at org.junit.runners.ParentRunner$1.schedule(ParentRunner.java:79)
  at org.junit.runners.ParentRunner.runChildren(ParentRunner.java:329)
  at org.junit.runners.ParentRunner.access$100(ParentRunner.java:66)
  at org.junit.runners.ParentRunner$2.evaluate(ParentRunner.java:293)
  at org.junit.runners.ParentRunner$3.evaluate(ParentRunner.java:306)
  at org.junit.runners.ParentRunner.run(ParentRunner.java:413)
  at org.junit.runner.JUnitCore.run(JUnitCore.java:137)
  at org.junit.runner.JUnitCore.run(JUnitCore.java:115)
  at org.gradle.api.internal.tasks.testing.junit.JUnitTestExecutor.runRequest(JUnitTestExecutor.java:175)
  at org.gradle.api.internal.tasks.testing.junit.JUnitTestExecutor.accept(JUnitTestExecutor.java:84)
  at org.gradle.api.internal.tasks.testing.junit.JUnitTestExecutor.accept(JUnitTestExecutor.java:47)
  at org.gradle.api.internal.tasks.testing.junit.AbstractJUnitTestDefinitionProcessor.processTestDefinition(AbstractJUnitTestDefinitionProcessor.java:65)
  at org.gradle.api.internal.tasks.testing.SuiteTestDefinitionProcessor.processTestDefinition(SuiteTestDefinitionProcessor.java:54)
  at java.base/jdk.internal.reflect.DirectMethodHandleAccessor.invoke(DirectMethodHandleAccessor.java:104)
  at java.base/java.lang.reflect.Method.invoke(Method.java:565)
  at org.gradle.internal.dispatch.MethodInvocation.invokeOn(MethodInvocation.java:77)
  at org.gradle.internal.dispatch.ReflectionDispatch.dispatch(ReflectionDispatch.java:28)
  at org.gradle.internal.dispatch.ReflectionDispatch.dispatch(ReflectionDispatch.java:19)
  at org.gradle.internal.dispatch.ContextClassLoaderDispatch.dispatch(ContextClassLoaderDispatch.java:33)
  at org.gradle.internal.dispatch.ProxyDispatchAdapter$DispatchingInvocationHandler.invoke(ProxyDispatchAdapter.java:88)
  at jdk.proxy1/jdk.proxy1.$Proxy4.processTestDefinition(Unknown Source)
  at org.gradle.api.internal.tasks.testing.worker.TestWorker$2.run(TestWorker.java:178)
  at org.gradle.api.internal.tasks.testing.worker.TestWorker.executeAndMaintainThreadName(TestWorker.java:126)
  at org.gradle.api.internal.tasks.testing.worker.TestWorker.execute(TestWorker.java:103)
  at org.gradle.api.internal.tasks.testing.worker.TestWorker.execute(TestWorker.java:63)
  at org.gradle.process.internal.worker.child.ActionExecutionWorker.execute(ActionExecutionWorker.java:56)
  at org.gradle.process.internal.worker.child.SystemApplicationClassLoaderWorker.call(SystemApplicationClassLoaderWorker.java:122)
  at org.gradle.process.internal.worker.child.SystemApplicationClassLoaderWorker.call(SystemApplicationClassLoaderWorker.java:72)
  at worker.org.gradle.process.internal.worker.GradleWorkerMain.run(GradleWorkerMain.java:69)
  at worker.org.gradle.process.internal.worker.GradleWorkerMain.main(GradleWorkerMain.java:74)
</stacktrace>
</test-failure>


TypeScriptCompilerTests_D[jvm] > declarationEmitNestedBindingPattern_ts has expected errors matching declarationEmitNestedBindingPattern_errors_txt[jvm] FAILED

<test-failure test="com.xemantic.typescript.compiler.TypeScriptCompilerTests_D.definiteAssignmentWithErrorStillStripped_ts has expected errors matching definiteAssignmentWithErrorStillStripped_errors_txt" platform="jvm">
<message>
Expected diagnostics from baseline typescript-repo/tests/baselines/reference/definiteAssignmentWithErrorStillStripped.errors.txt but none produced
</message>
<stacktrace>
  at com.xemantic.typescript.compiler.TypeScriptTestSupportKt.errorsMatchBaseline(TypeScriptTestSupport.kt:125)
  at com.xemantic.typescript.compiler.TypeScriptCompilerTests_D.definiteAssignmentWithErrorStillStripped_ts has expected errors matching definiteAssignmentWithErrorStillStripped_errors_txt(TypeScriptCompilerTests_D.kt:4480)
  at java.base/jdk.internal.reflect.DirectMethodHandleAccessor.invoke(DirectMethodHandleAccessor.java:104)
  at java.base/java.lang.reflect.Method.invoke(Method.java:565)
  at org.junit.runners.model.FrameworkMethod$1.runReflectiveCall(FrameworkMethod.java:59)
  at org.junit.internal.runners.model.ReflectiveCallable.run(ReflectiveCallable.java:12)
  at org.junit.runners.model.FrameworkMethod.invokeExplosively(FrameworkMethod.java:56)
  at org.junit.internal.runners.statements.InvokeMethod.evaluate(InvokeMethod.java:17)
  at org.junit.runners.ParentRunner$3.evaluate(ParentRunner.java:306)
  at org.junit.runners.BlockJUnit4ClassRunner$1.evaluate(BlockJUnit4ClassRunner.java:100)
  at org.junit.runners.ParentRunner.runLeaf(ParentRunner.java:366)
  at org.junit.runners.BlockJUnit4ClassRunner.runChild(BlockJUnit4ClassRunner.java:103)
  at org.junit.runners.BlockJUnit4ClassRunner.runChild(BlockJUnit4ClassRunner.java:63)
  at org.junit.runners.ParentRunner$4.run(ParentRunner.java:331)
  at org.junit.runners.ParentRunner$1.schedule(ParentRunner.java:79)
  at org.junit.runners.ParentRunner.runChildren(ParentRunner.java:329)
  at org.junit.runners.ParentRunner.access$100(ParentRunner.java:66)
  at org.junit.runners.ParentRunner$2.evaluate(ParentRunner.java:293)
  at org.junit.runners.ParentRunner$3.evaluate(ParentRunner.java:306)
  at org.junit.runners.ParentRunner.run(ParentRunner.java:413)
  at org.junit.runner.JUnitCore.run(JUnitCore.java:137)
  at org.junit.runner.JUnitCore.run(JUnitCore.java:115)
  at org.gradle.api.internal.tasks.testing.junit.JUnitTestExecutor.runRequest(JUnitTestExecutor.java:175)
  at org.gradle.api.internal.tasks.testing.junit.JUnitTestExecutor.accept(JUnitTestExecutor.java:84)
  at org.gradle.api.internal.tasks.testing.junit.JUnitTestExecutor.accept(JUnitTestExecutor.java:47)
  at org.gradle.api.internal.tasks.testing.junit.AbstractJUnitTestDefinitionProcessor.processTestDefinition(AbstractJUnitTestDefinitionProcessor.java:65)
  at org.gradle.api.internal.tasks.testing.SuiteTestDefinitionProcessor.processTestDefinition(SuiteTestDefinitionProcessor.java:54)
  at java.base/jdk.internal.reflect.DirectMethodHandleAccessor.invoke(DirectMethodHandleAccessor.java:104)
  at java.base/java.lang.reflect.Method.invoke(Method.java:565)
  at org.gradle.internal.dispatch.MethodInvocation.invokeOn(MethodInvocation.java:77)
  at org.gradle.internal.dispatch.ReflectionDispatch.dispatch(ReflectionDispatch.java:28)
  at org.gradle.internal.dispatch.ReflectionDispatch.dispatch(ReflectionDispatch.java:19)
  at org.gradle.internal.dispatch.ContextClassLoaderDispatch.dispatch(ContextClassLoaderDispatch.java:33)
  at org.gradle.internal.dispatch.ProxyDispatchAdapter$DispatchingInvocationHandler.invoke(ProxyDispatchAdapter.java:88)
  at jdk.proxy1/jdk.proxy1.$Proxy4.processTestDefinition(Unknown Source)
  at org.gradle.api.internal.tasks.testing.worker.TestWorker$2.run(TestWorker.java:178)
  at org.gradle.api.internal.tasks.testing.worker.TestWorker.executeAndMaintainThreadName(TestWorker.java:126)
  at org.gradle.api.internal.tasks.testing.worker.TestWorker.execute(TestWorker.java:103)
  at org.gradle.api.internal.tasks.testing.worker.TestWorker.execute(TestWorker.java:63)
  at org.gradle.process.internal.worker.child.ActionExecutionWorker.execute(ActionExecutionWorker.java:56)
  at org.gradle.process.internal.worker.child.SystemApplicationClassLoaderWorker.call(SystemApplicationClassLoaderWorker.java:122)
  at org.gradle.process.internal.worker.child.SystemApplicationClassLoaderWorker.call(SystemApplicationClassLoaderWorker.java:72)
  at worker.org.gradle.process.internal.worker.GradleWorkerMain.run(GradleWorkerMain.java:69)
  at worker.org.gradle.process.internal.worker.GradleWorkerMain.main(GradleWorkerMain.java:74)
</stacktrace>
</test-failure>


TypeScriptCompilerTests_D[jvm] > definiteAssignmentWithErrorStillStripped_ts has expected errors matching definiteAssignmentWithErrorStillStripped_errors_txt[jvm] FAILED

<test-failure test="com.xemantic.typescript.compiler.TypeScriptCompilerTests_D.declarationEmitAmdModuleNameDirective_ts compiles to JavaScript matching declarationEmitAmdModuleNameDirective_js" platform="jvm">
<message>
--- expected
+++ actual
@@ -25,18 +25,17 @@
     exports.foo = 1;
 });
 //// [bar.js]
+/// <amd-dependency name="name_of_foo" path="./foo" />
 (function (factory) {
     if (typeof module === "object" && typeof module.exports === "object") {
         var v = factory(require, exports);
         if (v !== undefined) module.exports = v;
     }
     else if (typeof define === "function" && define.amd) {
-        define(["require", "exports", "./foo", "name_of_foo"], factory);
+        define(["require", "exports", "./foo", "./foo"], factory);
     }
-})(function (require, exports, name_of_foo) {
+})(function (require, exports, name_of_foo, foo_1) {
     "use strict";
     Object.defineProperty(exports, "__esModule", { value: true });
-    /// <amd-dependency name="name_of_foo" path="./foo" />
-    const foo_1 = require("name_of_foo");
     void foo_1.foo;
 });

</message>
<stacktrace>
  at org.junit.Assert.fail(Assert.java:89)
  at kotlin.test.junit.JUnitAsserter.fail(JUnitSupport.kt:56)
  at kotlin.test.AssertionsKt__AssertionsKt.fail(Assertions.kt:563)
  at kotlin.test.AssertionsKt.fail(Unknown Source)
  at com.xemantic.kotlin.test.SameAsKt.sameAs(SameAs.kt:52)
  at com.xemantic.typescript.compiler.TypeScriptTestSupportKt.sameAs(TypeScriptTestSupport.kt:99)
  at com.xemantic.typescript.compiler.TypeScriptCompilerTests_D.declarationEmitAmdModuleNameDirective_ts compiles to JavaScript matching declarationEmitAmdModuleNameDirective_js(TypeScriptCompilerTests_D.kt:959)
  at java.base/jdk.internal.reflect.DirectMethodHandleAccessor.invoke(DirectMethodHandleAccessor.java:104)
  at java.base/java.lang.reflect.Method.invoke(Method.java:565)
  at org.junit.runners.model.FrameworkMethod$1.runReflectiveCall(FrameworkMethod.java:59)
  at org.junit.internal.runners.model.ReflectiveCallable.run(ReflectiveCallable.java:12)
  at org.junit.runners.model.FrameworkMethod.invokeExplosively(FrameworkMethod.java:56)
  at org.junit.internal.runners.statements.InvokeMethod.evaluate(InvokeMethod.java:17)
  at org.junit.runners.ParentRunner$3.evaluate(ParentRunner.java:306)
  at org.junit.runners.BlockJUnit4ClassRunner$1.evaluate(BlockJUnit4ClassRunner.java:100)
  at org.junit.runners.ParentRunner.runLeaf(ParentRunner.java:366)
  at org.junit.runners.BlockJUnit4ClassRunner.runChild(BlockJUnit4ClassRunner.java:103)
  at org.junit.runners.BlockJUnit4ClassRunner.runChild(BlockJUnit4ClassRunner.java:63)
  at org.junit.runners.ParentRunner$4.run(ParentRunner.java:331)
  at org.junit.runners.ParentRunner$1.schedule(ParentRunner.java:79)
  at org.junit.runners.ParentRunner.runChildren(ParentRunner.java:329)
  at org.junit.runners.ParentRunner.access$100(ParentRunner.java:66)
  at org.junit.runners.ParentRunner$2.evaluate(ParentRunner.java:293)
  at org.junit.runners.ParentRunner$3.evaluate(ParentRunner.java:306)
  at org.junit.runners.ParentRunner.run(ParentRunner.java:413)
  at org.junit.runner.JUnitCore.run(JUnitCore.java:137)
  at org.junit.runner.JUnitCore.run(JUnitCore.java:115)
  at org.gradle.api.internal.tasks.testing.junit.JUnitTestExecutor.runRequest(JUnitTestExecutor.java:175)
  at org.gradle.api.internal.tasks.testing.junit.JUnitTestExecutor.accept(JUnitTestExecutor.java:84)
  at org.gradle.api.internal.tasks.testing.junit.JUnitTestExecutor.accept(JUnitTestExecutor.java:47)
  at org.gradle.api.internal.tasks.testing.junit.AbstractJUnitTestDefinitionProcessor.processTestDefinition(AbstractJUnitTestDefinitionProcessor.java:65)
  at org.gradle.api.internal.tasks.testing.SuiteTestDefinitionProcessor.processTestDefinition(SuiteTestDefinitionProcessor.java:54)
  at java.base/jdk.internal.reflect.DirectMethodHandleAccessor.invoke(DirectMethodHandleAccessor.java:104)
  at java.base/java.lang.reflect.Method.invoke(Method.java:565)
  at org.gradle.internal.dispatch.MethodInvocation.invokeOn(MethodInvocation.java:77)
  at org.gradle.internal.dispatch.ReflectionDispatch.dispatch(ReflectionDispatch.java:28)
  at org.gradle.internal.dispatch.ReflectionDispatch.dispatch(ReflectionDispatch.java:19)
  at org.gradle.internal.dispatch.ContextClassLoaderDispatch.dispatch(ContextClassLoaderDispatch.java:33)
  at org.gradle.internal.dispatch.ProxyDispatchAdapter$DispatchingInvocationHandler.invoke(ProxyDispatchAdapter.java:88)
  at jdk.proxy1/jdk.proxy1.$Proxy4.processTestDefinition(Unknown Source)
  at org.gradle.api.internal.tasks.testing.worker.TestWorker$2.run(TestWorker.java:178)
  at org.gradle.api.internal.tasks.testing.worker.TestWorker.executeAndMaintainThreadName(TestWorker.java:126)
  at org.gradle.api.internal.tasks.testing.worker.TestWorker.execute(TestWorker.java:103)
  at org.gradle.api.internal.tasks.testing.worker.TestWorker.execute(TestWorker.java:63)
  at org.gradle.process.internal.worker.child.ActionExecutionWorker.execute(ActionExecutionWorker.java:56)
  at org.gradle.process.internal.worker.child.SystemApplicationClassLoaderWorker.call(SystemApplicationClassLoaderWorker.java:122)
  at org.gradle.process.internal.worker.child.SystemApplicationClassLoaderWorker.call(SystemApplicationClassLoaderWorker.java:72)
  at worker.org.gradle.process.internal.worker.GradleWorkerMain.run(GradleWorkerMain.java:69)
  at worker.org.gradle.process.internal.worker.GradleWorkerMain.main(GradleWorkerMain.java:74)
</stacktrace>
</test-failure>


TypeScriptCompilerTests_D[jvm] > declarationEmitAmdModuleNameDirective_ts compiles to JavaScript matching declarationEmitAmdModuleNameDirective_js[jvm] FAILED

<test-failure test="com.xemantic.typescript.compiler.TypeScriptCompilerTests_D.declarationEmitExpressionWithNonlocalPrivateUniqueSymbol_ts has expected errors matching declarationEmitExpressionWithNonlocalPrivateUniqueSymbol_errors_txt" platform="jvm">
<message>
Expected diagnostics from baseline typescript-repo/tests/baselines/reference/declarationEmitExpressionWithNonlocalPrivateUniqueSymbol.errors.txt but none produced
</message>
<stacktrace>
  at com.xemantic.typescript.compiler.TypeScriptTestSupportKt.errorsMatchBaseline(TypeScriptTestSupport.kt:125)
  at com.xemantic.typescript.compiler.TypeScriptCompilerTests_D.declarationEmitExpressionWithNonlocalPrivateUniqueSymbol_ts has expected errors matching declarationEmitExpressionWithNonlocalPrivateUniqueSymbol_errors_txt(TypeScriptCompilerTests_D.kt:1869)
  at java.base/jdk.internal.reflect.DirectMethodHandleAccessor.invoke(DirectMethodHandleAccessor.java:104)
  at java.base/java.lang.reflect.Method.invoke(Method.java:565)
  at org.junit.runners.model.FrameworkMethod$1.runReflectiveCall(FrameworkMethod.java:59)
  at org.junit.internal.runners.model.ReflectiveCallable.run(ReflectiveCallable.java:12)
  at org.junit.runners.model.FrameworkMethod.invokeExplosively(FrameworkMethod.java:56)
  at org.junit.internal.runners.statements.InvokeMethod.evaluate(InvokeMethod.java:17)
  at org.junit.runners.ParentRunner$3.evaluate(ParentRunner.java:306)
  at org.junit.runners.BlockJUnit4ClassRunner$1.evaluate(BlockJUnit4ClassRunner.java:100)
  at org.junit.runners.ParentRunner.runLeaf(ParentRunner.java:366)
  at org.junit.runners.BlockJUnit4ClassRunner.runChild(BlockJUnit4ClassRunner.java:103)
  at org.junit.runners.BlockJUnit4ClassRunner.runChild(BlockJUnit4ClassRunner.java:63)
  at org.junit.runners.ParentRunner$4.run(ParentRunner.java:331)
  at org.junit.runners.ParentRunner$1.schedule(ParentRunner.java:79)
  at org.junit.runners.ParentRunner.runChildren(ParentRunner.java:329)
  at org.junit.runners.ParentRunner.access$100(ParentRunner.java:66)
  at org.junit.runners.ParentRunner$2.evaluate(ParentRunner.java:293)
  at org.junit.runners.ParentRunner$3.evaluate(ParentRunner.java:306)
  at org.junit.runners.ParentRunner.run(ParentRunner.java:413)
  at org.junit.runner.JUnitCore.run(JUnitCore.java:137)
  at org.junit.runner.JUnitCore.run(JUnitCore.java:115)
  at org.gradle.api.internal.tasks.testing.junit.JUnitTestExecutor.runRequest(JUnitTestExecutor.java:175)
  at org.gradle.api.internal.tasks.testing.junit.JUnitTestExecutor.accept(JUnitTestExecutor.java:84)
  at org.gradle.api.internal.tasks.testing.junit.JUnitTestExecutor.accept(JUnitTestExecutor.java:47)
  at org.gradle.api.internal.tasks.testing.junit.AbstractJUnitTestDefinitionProcessor.processTestDefinition(AbstractJUnitTestDefinitionProcessor.java:65)
  at org.gradle.api.internal.tasks.testing.SuiteTestDefinitionProcessor.processTestDefinition(SuiteTestDefinitionProcessor.java:54)
  at java.base/jdk.internal.reflect.DirectMethodHandleAccessor.invoke(DirectMethodHandleAccessor.java:104)
  at java.base/java.lang.reflect.Method.invoke(Method.java:565)
  at org.gradle.internal.dispatch.MethodInvocation.invokeOn(MethodInvocation.java:77)
  at org.gradle.internal.dispatch.ReflectionDispatch.dispatch(ReflectionDispatch.java:28)
  at org.gradle.internal.dispatch.ReflectionDispatch.dispatch(ReflectionDispatch.java:19)
  at org.gradle.internal.dispatch.ContextClassLoaderDispatch.dispatch(ContextClassLoaderDispatch.java:33)
  at org.gradle.internal.dispatch.ProxyDispatchAdapter$DispatchingInvocationHandler.invoke(ProxyDispatchAdapter.java:88)
  at jdk.proxy1/jdk.proxy1.$Proxy4.processTestDefinition(Unknown Source)
  at org.gradle.api.internal.tasks.testing.worker.TestWorker$2.run(TestWorker.java:178)
  at org.gradle.api.internal.tasks.testing.worker.TestWorker.executeAndMaintainThreadName(TestWorker.java:126)
  at org.gradle.api.internal.tasks.testing.worker.TestWorker.execute(TestWorker.java:103)
  at org.gradle.api.internal.tasks.testing.worker.TestWorker.execute(TestWorker.java:63)
  at org.gradle.process.internal.worker.child.ActionExecutionWorker.execute(ActionExecutionWorker.java:56)
  at org.gradle.process.internal.worker.child.SystemApplicationClassLoaderWorker.call(SystemApplicationClassLoaderWorker.java:122)
  at org.gradle.process.internal.worker.child.SystemApplicationClassLoaderWorker.call(SystemApplicationClassLoaderWorker.java:72)
  at worker.org.gradle.process.internal.worker.GradleWorkerMain.run(GradleWorkerMain.java:69)
  at worker.org.gradle.process.internal.worker.GradleWorkerMain.main(GradleWorkerMain.java:74)
</stacktrace>
</test-failure>


TypeScriptCompilerTests_D[jvm] > declarationEmitExpressionWithNonlocalPrivateUniqueSymbol_ts has expected errors matching declarationEmitExpressionWithNonlocalPrivateUniqueSymbol_errors_txt[jvm] FAILED

<test-failure test="com.xemantic.typescript.compiler.TypeScriptCompilerTests_D.destructureCatchClause_ts__strict_false_useunknownincatchvariables_true__has expected errors matching baseline" platform="jvm">
<message>
Expected diagnostics from baseline typescript-repo/tests/baselines/reference/destructureCatchClause(strict=false,useunknownincatchvariables=true).errors.txt but none produced
</message>
<stacktrace>
  at com.xemantic.typescript.compiler.TypeScriptTestSupportKt.errorsMatchBaseline(TypeScriptTestSupport.kt:125)
  at com.xemantic.typescript.compiler.TypeScriptCompilerTests_D.destructureCatchClause_ts__strict_false_useunknownincatchvariables_true__has expected errors matching baseline(TypeScriptCompilerTests_D.kt:4851)
  at java.base/jdk.internal.reflect.DirectMethodHandleAccessor.invoke(DirectMethodHandleAccessor.java:104)
  at java.base/java.lang.reflect.Method.invoke(Method.java:565)
  at org.junit.runners.model.FrameworkMethod$1.runReflectiveCall(FrameworkMethod.java:59)
  at org.junit.internal.runners.model.ReflectiveCallable.run(ReflectiveCallable.java:12)
  at org.junit.runners.model.FrameworkMethod.invokeExplosively(FrameworkMethod.java:56)
  at org.junit.internal.runners.statements.InvokeMethod.evaluate(InvokeMethod.java:17)
  at org.junit.runners.ParentRunner$3.evaluate(ParentRunner.java:306)
  at org.junit.runners.BlockJUnit4ClassRunner$1.evaluate(BlockJUnit4ClassRunner.java:100)
  at org.junit.runners.ParentRunner.runLeaf(ParentRunner.java:366)
  at org.junit.runners.BlockJUnit4ClassRunner.runChild(BlockJUnit4ClassRunner.java:103)
  at org.junit.runners.BlockJUnit4ClassRunner.runChild(BlockJUnit4ClassRunner.java:63)
  at org.junit.runners.ParentRunner$4.run(ParentRunner.java:331)
  at org.junit.runners.ParentRunner$1.schedule(ParentRunner.java:79)
  at org.junit.runners.ParentRunner.runChildren(ParentRunner.java:329)
  at org.junit.runners.ParentRunner.access$100(ParentRunner.java:66)
  at org.junit.runners.ParentRunner$2.evaluate(ParentRunner.java:293)
  at org.junit.runners.ParentRunner$3.evaluate(ParentRunner.java:306)
  at org.junit.runners.ParentRunner.run(ParentRunner.java:413)
  at org.junit.runner.JUnitCore.run(JUnitCore.java:137)
  at org.junit.runner.JUnitCore.run(JUnitCore.java:115)
  at org.gradle.api.internal.tasks.testing.junit.JUnitTestExecutor.runRequest(JUnitTestExecutor.java:175)
  at org.gradle.api.internal.tasks.testing.junit.JUnitTestExecutor.accept(JUnitTestExecutor.java:84)
  at org.gradle.api.internal.tasks.testing.junit.JUnitTestExecutor.accept(JUnitTestExecutor.java:47)
  at org.gradle.api.internal.tasks.testing.junit.AbstractJUnitTestDefinitionProcessor.processTestDefinition(AbstractJUnitTestDefinitionProcessor.java:65)
  at org.gradle.api.internal.tasks.testing.SuiteTestDefinitionProcessor.processTestDefinition(SuiteTestDefinitionProcessor.java:54)
  at java.base/jdk.internal.reflect.DirectMethodHandleAccessor.invoke(DirectMethodHandleAccessor.java:104)
  at java.base/java.lang.reflect.Method.invoke(Method.java:565)
  at org.gradle.internal.dispatch.MethodInvocation.invokeOn(MethodInvocation.java:77)
  at org.gradle.internal.dispatch.ReflectionDispatch.dispatch(ReflectionDispatch.java:28)
  at org.gradle.internal.dispatch.ReflectionDispatch.dispatch(ReflectionDispatch.java:19)
  at org.gradle.internal.dispatch.ContextClassLoaderDispatch.dispatch(ContextClassLoaderDispatch.java:33)
  at org.gradle.internal.dispatch.ProxyDispatchAdapter$DispatchingInvocationHandler.invoke(ProxyDispatchAdapter.java:88)
  at jdk.proxy1/jdk.proxy1.$Proxy4.processTestDefinition(Unknown Source)
  at org.gradle.api.internal.tasks.testing.worker.TestWorker$2.run(TestWorker.java:178)
  at org.gradle.api.internal.tasks.testing.worker.TestWorker.executeAndMaintainThreadName(TestWorker.java:126)
  at org.gradle.api.internal.tasks.testing.worker.TestWorker.execute(TestWorker.java:103)
  at org.gradle.api.internal.tasks.testing.worker.TestWorker.execute(TestWorker.java:63)
  at org.gradle.process.internal.worker.child.ActionExecutionWorker.execute(ActionExecutionWorker.java:56)
  at org.gradle.process.internal.worker.child.SystemApplicationClassLoaderWorker.call(SystemApplicationClassLoaderWorker.java:122)
  at org.gradle.process.internal.worker.child.SystemApplicationClassLoaderWorker.call(SystemApplicationClassLoaderWorker.java:72)
  at worker.org.gradle.process.internal.worker.GradleWorkerMain.run(GradleWorkerMain.java:69)
  at worker.org.gradle.process.internal.worker.GradleWorkerMain.main(GradleWorkerMain.java:74)
</stacktrace>
</test-failure>


TypeScriptCompilerTests_D[jvm] > destructureCatchClause_ts__strict_false_useunknownincatchvariables_true__has expected errors matching baseline[jvm] FAILED

<test-failure test="com.xemantic.typescript.compiler.TypeScriptCompilerTests_D.doNotElaborateAssignabilityToTypeParameters_ts__target_es5__has expected errors matching baseline" platform="jvm">
<message>
--- expected
+++ actual
@@ -1,16 +1,11 @@
 error TS5107: Option 'target=ES5' is deprecated and will stop functioning in TypeScript 7.0. Specify compilerOption '"ignoreDeprecations": "6.0"' to silence this error.
-doNotElaborateAssignabilityToTypeParameters.ts(3,3): error TS2322: Type 'Yadda | Awaited<T>' is not assignable to type 'T'.
-  'T' could be instantiated with an arbitrary type which could be unrelated to 'Yadda | Awaited<T>'.
 
 
 !!! error TS5107: Option 'target=ES5' is deprecated and will stop functioning in TypeScript 7.0. Specify compilerOption '"ignoreDeprecations": "6.0"' to silence this error.
-==== doNotElaborateAssignabilityToTypeParameters.ts (1 errors) ====
+==== doNotElaborateAssignabilityToTypeParameters.ts (0 errors) ====
     async function foo<T>(x: T): Promise<T> {
       let yaddable = await getXOrYadda(x);
       return yaddable;
-      ~~~~~~
-!!! error TS2322: Type 'Yadda | Awaited<T>' is not assignable to type 'T'.
-!!! error TS2322:   'T' could be instantiated with an arbitrary type which could be unrelated to 'Yadda | Awaited<T>'.
     }
     
     interface Yadda {

</message>
<stacktrace>
  at org.junit.Assert.fail(Assert.java:89)
  at kotlin.test.junit.JUnitAsserter.fail(JUnitSupport.kt:56)
  at kotlin.test.AssertionsKt__AssertionsKt.fail(Assertions.kt:563)
  at kotlin.test.AssertionsKt.fail(Unknown Source)
  at com.xemantic.kotlin.test.SameAsKt.sameAs(SameAs.kt:52)
  at com.xemantic.typescript.compiler.TypeScriptTestSupportKt.errorsMatchBaseline(TypeScriptTestSupport.kt:135)
  at com.xemantic.typescript.compiler.TypeScriptCompilerTests_D.doNotElaborateAssignabilityToTypeParameters_ts__target_es5__has expected errors matching baseline(TypeScriptCompilerTests_D.kt:5600)
  at java.base/jdk.internal.reflect.DirectMethodHandleAccessor.invoke(DirectMethodHandleAccessor.java:104)
  at java.base/java.lang.reflect.Method.invoke(Method.java:565)
  at org.junit.runners.model.FrameworkMethod$1.runReflectiveCall(FrameworkMethod.java:59)
  at org.junit.internal.runners.model.ReflectiveCallable.run(ReflectiveCallable.java:12)
  at org.junit.runners.model.FrameworkMethod.invokeExplosively(FrameworkMethod.java:56)
  at org.junit.internal.runners.statements.InvokeMethod.evaluate(InvokeMethod.java:17)
  at org.junit.runners.ParentRunner$3.evaluate(ParentRunner.java:306)
  at org.junit.runners.BlockJUnit4ClassRunner$1.evaluate(BlockJUnit4ClassRunner.java:100)
  at org.junit.runners.ParentRunner.runLeaf(ParentRunner.java:366)
  at org.junit.runners.BlockJUnit4ClassRunner.runChild(BlockJUnit4ClassRunner.java:103)
  at org.junit.runners.BlockJUnit4ClassRunner.runChild(BlockJUnit4ClassRunner.java:63)
  at org.junit.runners.ParentRunner$4.run(ParentRunner.java:331)
  at org.junit.runners.ParentRunner$1.schedule(ParentRunner.java:79)
  at org.junit.runners.ParentRunner.runChildren(ParentRunner.java:329)
  at org.junit.runners.ParentRunner.access$100(ParentRunner.java:66)
  at org.junit.runners.ParentRunner$2.evaluate(ParentRunner.java:293)
  at org.junit.runners.ParentRunner$3.evaluate(ParentRunner.java:306)
  at org.junit.runners.ParentRunner.run(ParentRunner.java:413)
  at org.junit.runner.JUnitCore.run(JUnitCore.java:137)
  at org.junit.runner.JUnitCore.run(JUnitCore.java:115)
  at org.gradle.api.internal.tasks.testing.junit.JUnitTestExecutor.runRequest(JUnitTestExecutor.java:175)
  at org.gradle.api.internal.tasks.testing.junit.JUnitTestExecutor.accept(JUnitTestExecutor.java:84)
  at org.gradle.api.internal.tasks.testing.junit.JUnitTestExecutor.accept(JUnitTestExecutor.java:47)
  at org.gradle.api.internal.tasks.testing.junit.AbstractJUnitTestDefinitionProcessor.processTestDefinition(AbstractJUnitTestDefinitionProcessor.java:65)
  at org.gradle.api.internal.tasks.testing.SuiteTestDefinitionProcessor.processTestDefinition(SuiteTestDefinitionProcessor.java:54)
  at java.base/jdk.internal.reflect.DirectMethodHandleAccessor.invoke(DirectMethodHandleAccessor.java:104)
  at java.base/java.lang.reflect.Method.invoke(Method.java:565)
  at org.gradle.internal.dispatch.MethodInvocation.invokeOn(MethodInvocation.java:77)
  at org.gradle.internal.dispatch.ReflectionDispatch.dispatch(ReflectionDispatch.java:28)
  at org.gradle.internal.dispatch.ReflectionDispatch.dispatch(ReflectionDispatch.java:19)
  at org.gradle.internal.dispatch.ContextClassLoaderDispatch.dispatch(ContextClassLoaderDispatch.java:33)
  at org.gradle.internal.dispatch.ProxyDispatchAdapter$DispatchingInvocationHandler.invoke(ProxyDispatchAdapter.java:88)
  at jdk.proxy1/jdk.proxy1.$Proxy4.processTestDefinition(Unknown Source)
  at org.gradle.api.internal.tasks.testing.worker.TestWorker$2.run(TestWorker.java:178)
  at org.gradle.api.internal.tasks.testing.worker.TestWorker.executeAndMaintainThreadName(TestWorker.java:126)
  at org.gradle.api.internal.tasks.testing.worker.TestWorker.execute(TestWorker.java:103)
  at org.gradle.api.internal.tasks.testing.worker.TestWorker.execute(TestWorker.java:63)
  at org.gradle.process.internal.worker.child.ActionExecutionWorker.execute(ActionExecutionWorker.java:56)
  at org.gradle.process.internal.worker.child.SystemApplicationClassLoaderWorker.call(SystemApplicationClassLoaderWorker.java:122)
  at org.gradle.process.internal.worker.child.SystemApplicationClassLoaderWorker.call(SystemApplicationClassLoaderWorker.java:72)
  at worker.org.gradle.process.internal.worker.GradleWorkerMain.run(GradleWorkerMain.java:69)
  at worker.org.gradle.process.internal.worker.GradleWorkerMain.main(GradleWorkerMain.java:74)
</stacktrace>
</test-failure>


TypeScriptCompilerTests_D[jvm] > doNotElaborateAssignabilityToTypeParameters_ts__target_es5__has expected errors matching baseline[jvm] FAILED

<test-failure test="com.xemantic.typescript.compiler.TypeScriptCompilerTests_D.duplicateIdentifierInCatchBlock_ts has expected errors matching duplicateIdentifierInCatchBlock_errors_txt" platform="jvm">
<message>
--- expected
+++ actual
@@ -1,21 +1,15 @@
-duplicateIdentifierInCatchBlock.ts(6,10): error TS2300: Duplicate identifier 'w'.
-duplicateIdentifierInCatchBlock.ts(8,9): error TS2300: Duplicate identifier 'w'.
 duplicateIdentifierInCatchBlock.ts(16,9): error TS2403: Subsequent variable declarations must have the same type.  Variable 'p' must be of type 'string', but here has type 'number'.
 
 
-==== duplicateIdentifierInCatchBlock.ts (3 errors) ====
+==== duplicateIdentifierInCatchBlock.ts (1 errors) ====
     var v;
     try { } catch (e) {
         function v() { }
     }
     
     function w() { }
-             ~
-!!! error TS2300: Duplicate identifier 'w'.
     try { } catch (e) {
         var w;
-            ~
-!!! error TS2300: Duplicate identifier 'w'.
     }
     
     try { } catch (e) {

</message>
<stacktrace>
  at org.junit.Assert.fail(Assert.java:89)
  at kotlin.test.junit.JUnitAsserter.fail(JUnitSupport.kt:56)
  at kotlin.test.AssertionsKt__AssertionsKt.fail(Assertions.kt:563)
  at kotlin.test.AssertionsKt.fail(Unknown Source)
  at com.xemantic.kotlin.test.SameAsKt.sameAs(SameAs.kt:52)
  at com.xemantic.typescript.compiler.TypeScriptTestSupportKt.errorsMatchBaseline(TypeScriptTestSupport.kt:135)
  at com.xemantic.typescript.compiler.TypeScriptCompilerTests_D.duplicateIdentifierInCatchBlock_ts has expected errors matching duplicateIdentifierInCatchBlock_errors_txt(TypeScriptCompilerTests_D.kt:6335)
  at java.base/jdk.internal.reflect.DirectMethodHandleAccessor.invoke(DirectMethodHandleAccessor.java:104)
  at java.base/java.lang.reflect.Method.invoke(Method.java:565)
  at org.junit.runners.model.FrameworkMethod$1.runReflectiveCall(FrameworkMethod.java:59)
  at org.junit.internal.runners.model.ReflectiveCallable.run(ReflectiveCallable.java:12)
  at org.junit.runners.model.FrameworkMethod.invokeExplosively(FrameworkMethod.java:56)
  at org.junit.internal.runners.statements.InvokeMethod.evaluate(InvokeMethod.java:17)
  at org.junit.runners.ParentRunner$3.evaluate(ParentRunner.java:306)
  at org.junit.runners.BlockJUnit4ClassRunner$1.evaluate(BlockJUnit4ClassRunner.java:100)
  at org.junit.runners.ParentRunner.runLeaf(ParentRunner.java:366)
  at org.junit.runners.BlockJUnit4ClassRunner.runChild(BlockJUnit4ClassRunner.java:103)
  at org.junit.runners.BlockJUnit4ClassRunner.runChild(BlockJUnit4ClassRunner.java:63)
  at org.junit.runners.ParentRunner$4.run(ParentRunner.java:331)
  at org.junit.runners.ParentRunner$1.schedule(ParentRunner.java:79)
  at org.junit.runners.ParentRunner.runChildren(ParentRunner.java:329)
  at org.junit.runners.ParentRunner.access$100(ParentRunner.java:66)
  at org.junit.runners.ParentRunner$2.evaluate(ParentRunner.java:293)
  at org.junit.runners.ParentRunner$3.evaluate(ParentRunner.java:306)
  at org.junit.runners.ParentRunner.run(ParentRunner.java:413)
  at org.junit.runner.JUnitCore.run(JUnitCore.java:137)
  at org.junit.runner.JUnitCore.run(JUnitCore.java:115)
  at org.gradle.api.internal.tasks.testing.junit.JUnitTestExecutor.runRequest(JUnitTestExecutor.java:175)
  at org.gradle.api.internal.tasks.testing.junit.JUnitTestExecutor.accept(JUnitTestExecutor.java:84)
  at org.gradle.api.internal.tasks.testing.junit.JUnitTestExecutor.accept(JUnitTestExecutor.java:47)
  at org.gradle.api.internal.tasks.testing.junit.AbstractJUnitTestDefinitionProcessor.processTestDefinition(AbstractJUnitTestDefinitionProcessor.java:65)
  at org.gradle.api.internal.tasks.testing.SuiteTestDefinitionProcessor.processTestDefinition(SuiteTestDefinitionProcessor.java:54)
  at java.base/jdk.internal.reflect.DirectMethodHandleAccessor.invoke(DirectMethodHandleAccessor.java:104)
  at java.base/java.lang.reflect.Method.invoke(Method.java:565)
  at org.gradle.internal.dispatch.MethodInvocation.invokeOn(MethodInvocation.java:77)
  at org.gradle.internal.dispatch.ReflectionDispatch.dispatch(ReflectionDispatch.java:28)
  at org.gradle.internal.dispatch.ReflectionDispatch.dispatch(ReflectionDispatch.java:19)
  at org.gradle.internal.dispatch.ContextClassLoaderDispatch.dispatch(ContextClassLoaderDispatch.java:33)
  at org.gradle.internal.dispatch.ProxyDispatchAdapter$DispatchingInvocationHandler.invoke(ProxyDispatchAdapter.java:88)
  at jdk.proxy1/jdk.proxy1.$Proxy4.processTestDefinition(Unknown Source)
  at org.gradle.api.internal.tasks.testing.worker.TestWorker$2.run(TestWorker.java:178)
  at org.gradle.api.internal.tasks.testing.worker.TestWorker.executeAndMaintainThreadName(TestWorker.java:126)
  at org.gradle.api.internal.tasks.testing.worker.TestWorker.execute(TestWorker.java:103)
  at org.gradle.api.internal.tasks.testing.worker.TestWorker.execute(TestWorker.java:63)
  at org.gradle.process.internal.worker.child.ActionExecutionWorker.execute(ActionExecutionWorker.java:56)
  at org.gradle.process.internal.worker.child.SystemApplicationClassLoaderWorker.call(SystemApplicationClassLoaderWorker.java:122)
  at org.gradle.process.internal.worker.child.SystemApplicationClassLoaderWorker.call(SystemApplicationClassLoaderWorker.java:72)
  at worker.org.gradle.process.internal.worker.GradleWorkerMain.run(GradleWorkerMain.java:69)
  at worker.org.gradle.process.internal.worker.GradleWorkerMain.main(GradleWorkerMain.java:74)
</stacktrace>
</test-failure>


TypeScriptCompilerTests_D[jvm] > duplicateIdentifierInCatchBlock_ts has expected errors matching duplicateIdentifierInCatchBlock_errors_txt[jvm] FAILED

<test-failure test="com.xemantic.typescript.compiler.TypeScriptCompilerTests_D.declarationEmitPathMappingMonorepo_ts has expected errors matching declarationEmitPathMappingMonorepo_errors_txt" platform="jvm">
<message>
--- expected
+++ actual
@@ -1,16 +1,25 @@
-packages/b/tsconfig.json(3,9): error TS5011: The common source directory of 'tsconfig.json' is './src'. The 'rootDir' setting must be explicitly set to this or another path to adjust your output's file layout.
-  Visit https://aka.ms/ts6 for migration information.
 packages/b/tsconfig.json(5,9): error TS5101: Option 'baseUrl' is deprecated and will stop functioning in TypeScript 7.0. Specify compilerOption '"ignoreDeprecations": "6.0"' to silence this error.
   Visit https://aka.ms/ts6 for migration information.
 
 
-==== packages/b/tsconfig.json (2 errors) ====
+==== packages/a/index.d.ts (0 errors) ====
+    declare module "@ts-bug/a" {
+        export type AText = {
+          value: string;
+        };
+        export function a(text: string): AText;
+      }
+      
+==== packages/b/src/index.ts (0 errors) ====
+    import { a } from "@ts-bug/a";
+    
+    export function b(text: string) {
+      return a(text);
+    }
+==== packages/b/tsconfig.json (1 errors) ====
     {
         "compilerOptions": {
             "outDir": "dist",
-            ~~~~~~~~
-!!! error TS5011: The common source directory of 'tsconfig.json' is './src'. The 'rootDir' setting must be explicitly set to this or another path to adjust your output's file layout.
-!!! error TS5011:   Visit https://aka.ms/ts6 for migration information.
             "declaration": true,
             "baseUrl": ".",
             ~~~~~~~~~
@@ -21,18 +30,3 @@
             }
         }
     }
-    
-    
-==== packages/b/src/index.ts (0 errors) ====
-    import { a } from "@ts-bug/a";
-    
-    export function b(text: string) {
-      return a(text);
-    }
-==== packages/a/index.d.ts (0 errors) ====
-    declare module "@ts-bug/a" {
-        export type AText = {
-          value: string;
-        };
-        export function a(text: string): AText;
-      }

</message>
<stacktrace>
  at org.junit.Assert.fail(Assert.java:89)
  at kotlin.test.junit.JUnitAsserter.fail(JUnitSupport.kt:56)
  at kotlin.test.AssertionsKt__AssertionsKt.fail(Assertions.kt:563)
  at kotlin.test.AssertionsKt.fail(Unknown Source)
  at com.xemantic.kotlin.test.SameAsKt.sameAs(SameAs.kt:52)
  at com.xemantic.typescript.compiler.TypeScriptTestSupportKt.errorsMatchBaseline(TypeScriptTestSupport.kt:135)
  at com.xemantic.typescript.compiler.TypeScriptCompilerTests_D.declarationEmitPathMappingMonorepo_ts has expected errors matching declarationEmitPathMappingMonorepo_errors_txt(TypeScriptCompilerTests_D.kt:2632)
  at java.base/jdk.internal.reflect.DirectMethodHandleAccessor.invoke(DirectMethodHandleAccessor.java:104)
  at java.base/java.lang.reflect.Method.invoke(Method.java:565)
  at org.junit.runners.model.FrameworkMethod$1.runReflectiveCall(FrameworkMethod.java:59)
  at org.junit.internal.runners.model.ReflectiveCallable.run(ReflectiveCallable.java:12)
  at org.junit.runners.model.FrameworkMethod.invokeExplosively(FrameworkMethod.java:56)
  at org.junit.internal.runners.statements.InvokeMethod.evaluate(InvokeMethod.java:17)
  at org.junit.runners.ParentRunner$3.evaluate(ParentRunner.java:306)
  at org.junit.runners.BlockJUnit4ClassRunner$1.evaluate(BlockJUnit4ClassRunner.java:100)
  at org.junit.runners.ParentRunner.runLeaf(ParentRunner.java:366)
  at org.junit.runners.BlockJUnit4ClassRunner.runChild(BlockJUnit4ClassRunner.java:103)
  at org.junit.runners.BlockJUnit4ClassRunner.runChild(BlockJUnit4ClassRunner.java:63)
  at org.junit.runners.ParentRunner$4.run(ParentRunner.java:331)
  at org.junit.runners.ParentRunner$1.schedule(ParentRunner.java:79)
  at org.junit.runners.ParentRunner.runChildren(ParentRunner.java:329)
  at org.junit.runners.ParentRunner.access$100(ParentRunner.java:66)
  at org.junit.runners.ParentRunner$2.evaluate(ParentRunner.java:293)
  at org.junit.runners.ParentRunner$3.evaluate(ParentRunner.java:306)
  at org.junit.runners.ParentRunner.run(ParentRunner.java:413)
  at org.junit.runner.JUnitCore.run(JUnitCore.java:137)
  at org.junit.runner.JUnitCore.run(JUnitCore.java:115)
  at org.gradle.api.internal.tasks.testing.junit.JUnitTestExecutor.runRequest(JUnitTestExecutor.java:175)
  at org.gradle.api.internal.tasks.testing.junit.JUnitTestExecutor.accept(JUnitTestExecutor.java:84)
  at org.gradle.api.internal.tasks.testing.junit.JUnitTestExecutor.accept(JUnitTestExecutor.java:47)
  at org.gradle.api.internal.tasks.testing.junit.AbstractJUnitTestDefinitionProcessor.processTestDefinition(AbstractJUnitTestDefinitionProcessor.java:65)
  at org.gradle.api.internal.tasks.testing.SuiteTestDefinitionProcessor.processTestDefinition(SuiteTestDefinitionProcessor.java:54)
  at java.base/jdk.internal.reflect.DirectMethodHandleAccessor.invoke(DirectMethodHandleAccessor.java:104)
  at java.base/java.lang.reflect.Method.invoke(Method.java:565)
  at org.gradle.internal.dispatch.MethodInvocation.invokeOn(MethodInvocation.java:77)
  at org.gradle.internal.dispatch.ReflectionDispatch.dispatch(ReflectionDispatch.java:28)
  at org.gradle.internal.dispatch.ReflectionDispatch.dispatch(ReflectionDispatch.java:19)
  at org.gradle.internal.dispatch.ContextClassLoaderDispatch.dispatch(ContextClassLoaderDispatch.java:33)
  at org.gradle.internal.dispatch.ProxyDispatchAdapter$DispatchingInvocationHandler.invoke(ProxyDispatchAdapter.java:88)
  at jdk.proxy1/jdk.proxy1.$Proxy4.processTestDefinition(Unknown Source)
  at org.gradle.api.internal.tasks.testing.worker.TestWorker$2.run(TestWorker.java:178)
  at org.gradle.api.internal.tasks.testing.worker.TestWorker.executeAndMaintainThreadName(TestWorker.java:126)
  at org.gradle.api.internal.tasks.testing.worker.TestWorker.execute(TestWorker.java:103)
  at org.gradle.api.internal.tasks.testing.worker.TestWorker.execute(TestWorker.java:63)
  at org.gradle.process.internal.worker.child.ActionExecutionWorker.execute(ActionExecutionWorker.java:56)
  at org.gradle.process.internal.worker.child.SystemApplicationClassLoaderWorker.call(SystemApplicationClassLoaderWorker.java:122)
  at org.gradle.process.internal.worker.child.SystemApplicationClassLoaderWorker.call(SystemApplicationClassLoaderWorker.java:72)
  at worker.org.gradle.process.internal.worker.GradleWorkerMain.run(GradleWorkerMain.java:69)
  at worker.org.gradle.process.internal.worker.GradleWorkerMain.main(GradleWorkerMain.java:74)
</stacktrace>
</test-failure>


TypeScriptCompilerTests_D[jvm] > declarationEmitPathMappingMonorepo_ts has expected errors matching declarationEmitPathMappingMonorepo_errors_txt[jvm] FAILED

<test-failure test="com.xemantic.typescript.compiler.TypeScriptCompilerTests_D.declarationEmitRelativeModuleError_ts has expected errors matching declarationEmitRelativeModuleError_errors_txt" platform="jvm">
<message>
Expected diagnostics from baseline typescript-repo/tests/baselines/reference/declarationEmitRelativeModuleError.errors.txt but none produced
</message>
<stacktrace>
  at com.xemantic.typescript.compiler.TypeScriptTestSupportKt.errorsMatchBaseline(TypeScriptTestSupport.kt:125)
  at com.xemantic.typescript.compiler.TypeScriptCompilerTests_D.declarationEmitRelativeModuleError_ts has expected errors matching declarationEmitRelativeModuleError_errors_txt(TypeScriptCompilerTests_D.kt:2849)
  at java.base/jdk.internal.reflect.DirectMethodHandleAccessor.invoke(DirectMethodHandleAccessor.java:104)
  at java.base/java.lang.reflect.Method.invoke(Method.java:565)
  at org.junit.runners.model.FrameworkMethod$1.runReflectiveCall(FrameworkMethod.java:59)
  at org.junit.internal.runners.model.ReflectiveCallable.run(ReflectiveCallable.java:12)
  at org.junit.runners.model.FrameworkMethod.invokeExplosively(FrameworkMethod.java:56)
  at org.junit.internal.runners.statements.InvokeMethod.evaluate(InvokeMethod.java:17)
  at org.junit.runners.ParentRunner$3.evaluate(ParentRunner.java:306)
  at org.junit.runners.BlockJUnit4ClassRunner$1.evaluate(BlockJUnit4ClassRunner.java:100)
  at org.junit.runners.ParentRunner.runLeaf(ParentRunner.java:366)
  at org.junit.runners.BlockJUnit4ClassRunner.runChild(BlockJUnit4ClassRunner.java:103)
  at org.junit.runners.BlockJUnit4ClassRunner.runChild(BlockJUnit4ClassRunner.java:63)
  at org.junit.runners.ParentRunner$4.run(ParentRunner.java:331)
  at org.junit.runners.ParentRunner$1.schedule(ParentRunner.java:79)
  at org.junit.runners.ParentRunner.runChildren(ParentRunner.java:329)
  at org.junit.runners.ParentRunner.access$100(ParentRunner.java:66)
  at org.junit.runners.ParentRunner$2.evaluate(ParentRunner.java:293)
  at org.junit.runners.ParentRunner$3.evaluate(ParentRunner.java:306)
  at org.junit.runners.ParentRunner.run(ParentRunner.java:413)
  at org.junit.runner.JUnitCore.run(JUnitCore.java:137)
  at org.junit.runner.JUnitCore.run(JUnitCore.java:115)
  at org.gradle.api.internal.tasks.testing.junit.JUnitTestExecutor.runRequest(JUnitTestExecutor.java:175)
  at org.gradle.api.internal.tasks.testing.junit.JUnitTestExecutor.accept(JUnitTestExecutor.java:84)
  at org.gradle.api.internal.tasks.testing.junit.JUnitTestExecutor.accept(JUnitTestExecutor.java:47)
  at org.gradle.api.internal.tasks.testing.junit.AbstractJUnitTestDefinitionProcessor.processTestDefinition(AbstractJUnitTestDefinitionProcessor.java:65)
  at org.gradle.api.internal.tasks.testing.SuiteTestDefinitionProcessor.processTestDefinition(SuiteTestDefinitionProcessor.java:54)
  at java.base/jdk.internal.reflect.DirectMethodHandleAccessor.invoke(DirectMethodHandleAccessor.java:104)
  at java.base/java.lang.reflect.Method.invoke(Method.java:565)
  at org.gradle.internal.dispatch.MethodInvocation.invokeOn(MethodInvocation.java:77)
  at org.gradle.internal.dispatch.ReflectionDispatch.dispatch(ReflectionDispatch.java:28)
  at org.gradle.internal.dispatch.ReflectionDispatch.dispatch(ReflectionDispatch.java:19)
  at org.gradle.internal.dispatch.ContextClassLoaderDispatch.dispatch(ContextClassLoaderDispatch.java:33)
  at org.gradle.internal.dispatch.ProxyDispatchAdapter$DispatchingInvocationHandler.invoke(ProxyDispatchAdapter.java:88)
  at jdk.proxy1/jdk.proxy1.$Proxy4.processTestDefinition(Unknown Source)
  at org.gradle.api.internal.tasks.testing.worker.TestWorker$2.run(TestWorker.java:178)
  at org.gradle.api.internal.tasks.testing.worker.TestWorker.executeAndMaintainThreadName(TestWorker.java:126)
  at org.gradle.api.internal.tasks.testing.worker.TestWorker.execute(TestWorker.java:103)
  at org.gradle.api.internal.tasks.testing.worker.TestWorker.execute(TestWorker.java:63)
  at org.gradle.process.internal.worker.child.ActionExecutionWorker.execute(ActionExecutionWorker.java:56)
  at org.gradle.process.internal.worker.child.SystemApplicationClassLoaderWorker.call(SystemApplicationClassLoaderWorker.java:122)
  at org.gradle.process.internal.worker.child.SystemApplicationClassLoaderWorker.call(SystemApplicationClassLoaderWorker.java:72)
  at worker.org.gradle.process.internal.worker.GradleWorkerMain.run(GradleWorkerMain.java:69)
  at worker.org.gradle.process.internal.worker.GradleWorkerMain.main(GradleWorkerMain.java:74)
</stacktrace>
</test-failure>


TypeScriptCompilerTests_D[jvm] > declarationEmitRelativeModuleError_ts has expected errors matching declarationEmitRelativeModuleError_errors_txt[jvm] FAILED

<test-failure test="com.xemantic.typescript.compiler.TypeScriptCompilerTests_D.declarationEmitMixinPrivateProtected_ts has expected errors matching declarationEmitMixinPrivateProtected_errors_txt" platform="jvm">
<message>
Expected diagnostics from baseline typescript-repo/tests/baselines/reference/declarationEmitMixinPrivateProtected.errors.txt but none produced
</message>
<stacktrace>
  at com.xemantic.typescript.compiler.TypeScriptTestSupportKt.errorsMatchBaseline(TypeScriptTestSupport.kt:125)
  at com.xemantic.typescript.compiler.TypeScriptCompilerTests_D.declarationEmitMixinPrivateProtected_ts has expected errors matching declarationEmitMixinPrivateProtected_errors_txt(TypeScriptCompilerTests_D.kt:2359)
  at java.base/jdk.internal.reflect.DirectMethodHandleAccessor.invoke(DirectMethodHandleAccessor.java:104)
  at java.base/java.lang.reflect.Method.invoke(Method.java:565)
  at org.junit.runners.model.FrameworkMethod$1.runReflectiveCall(FrameworkMethod.java:59)
  at org.junit.internal.runners.model.ReflectiveCallable.run(ReflectiveCallable.java:12)
  at org.junit.runners.model.FrameworkMethod.invokeExplosively(FrameworkMethod.java:56)
  at org.junit.internal.runners.statements.InvokeMethod.evaluate(InvokeMethod.java:17)
  at org.junit.runners.ParentRunner$3.evaluate(ParentRunner.java:306)
  at org.junit.runners.BlockJUnit4ClassRunner$1.evaluate(BlockJUnit4ClassRunner.java:100)
  at org.junit.runners.ParentRunner.runLeaf(ParentRunner.java:366)
  at org.junit.runners.BlockJUnit4ClassRunner.runChild(BlockJUnit4ClassRunner.java:103)
  at org.junit.runners.BlockJUnit4ClassRunner.runChild(BlockJUnit4ClassRunner.java:63)
  at org.junit.runners.ParentRunner$4.run(ParentRunner.java:331)
  at org.junit.runners.ParentRunner$1.schedule(ParentRunner.java:79)
  at org.junit.runners.ParentRunner.runChildren(ParentRunner.java:329)
  at org.junit.runners.ParentRunner.access$100(ParentRunner.java:66)
  at org.junit.runners.ParentRunner$2.evaluate(ParentRunner.java:293)
  at org.junit.runners.ParentRunner$3.evaluate(ParentRunner.java:306)
  at org.junit.runners.ParentRunner.run(ParentRunner.java:413)
  at org.junit.runner.JUnitCore.run(JUnitCore.java:137)
  at org.junit.runner.JUnitCore.run(JUnitCore.java:115)
  at org.gradle.api.internal.tasks.testing.junit.JUnitTestExecutor.runRequest(JUnitTestExecutor.java:175)
  at org.gradle.api.internal.tasks.testing.junit.JUnitTestExecutor.accept(JUnitTestExecutor.java:84)
  at org.gradle.api.internal.tasks.testing.junit.JUnitTestExecutor.accept(JUnitTestExecutor.java:47)
  at org.gradle.api.internal.tasks.testing.junit.AbstractJUnitTestDefinitionProcessor.processTestDefinition(AbstractJUnitTestDefinitionProcessor.java:65)
  at org.gradle.api.internal.tasks.testing.SuiteTestDefinitionProcessor.processTestDefinition(SuiteTestDefinitionProcessor.java:54)
  at java.base/jdk.internal.reflect.DirectMethodHandleAccessor.invoke(DirectMethodHandleAccessor.java:104)
  at java.base/java.lang.reflect.Method.invoke(Method.java:565)
  at org.gradle.internal.dispatch.MethodInvocation.invokeOn(MethodInvocation.java:77)
  at org.gradle.internal.dispatch.ReflectionDispatch.dispatch(ReflectionDispatch.java:28)
  at org.gradle.internal.dispatch.ReflectionDispatch.dispatch(ReflectionDispatch.java:19)
  at org.gradle.internal.dispatch.ContextClassLoaderDispatch.dispatch(ContextClassLoaderDispatch.java:33)
  at org.gradle.internal.dispatch.ProxyDispatchAdapter$DispatchingInvocationHandler.invoke(ProxyDispatchAdapter.java:88)
  at jdk.proxy1/jdk.proxy1.$Proxy4.processTestDefinition(Unknown Source)
  at org.gradle.api.internal.tasks.testing.worker.TestWorker$2.run(TestWorker.java:178)
  at org.gradle.api.internal.tasks.testing.worker.TestWorker.executeAndMaintainThreadName(TestWorker.java:126)
  at org.gradle.api.internal.tasks.testing.worker.TestWorker.execute(TestWorker.java:103)
  at org.gradle.api.internal.tasks.testing.worker.TestWorker.execute(TestWorker.java:63)
  at org.gradle.process.internal.worker.child.ActionExecutionWorker.execute(ActionExecutionWorker.java:56)
  at org.gradle.process.internal.worker.child.SystemApplicationClassLoaderWorker.call(SystemApplicationClassLoaderWorker.java:122)
  at org.gradle.process.internal.worker.child.SystemApplicationClassLoaderWorker.call(SystemApplicationClassLoaderWorker.java:72)
  at worker.org.gradle.process.internal.worker.GradleWorkerMain.run(GradleWorkerMain.java:69)
  at worker.org.gradle.process.internal.worker.GradleWorkerMain.main(GradleWorkerMain.java:74)
</stacktrace>
</test-failure>


TypeScriptCompilerTests_D[jvm] > declarationEmitMixinPrivateProtected_ts has expected errors matching declarationEmitMixinPrivateProtected_errors_txt[jvm] FAILED

<test-failure test="com.xemantic.typescript.compiler.TypeScriptCompilerTests_D.deepExcessPropertyCheckingWhenTargetIsIntersection_ts has expected errors matching deepExcessPropertyCheckingWhenTargetIsIntersection_errors_txt" platform="jvm">
<message>
Expected diagnostics from baseline typescript-repo/tests/baselines/reference/deepExcessPropertyCheckingWhenTargetIsIntersection.errors.txt but none produced
</message>
<stacktrace>
  at com.xemantic.typescript.compiler.TypeScriptTestSupportKt.errorsMatchBaseline(TypeScriptTestSupport.kt:125)
  at com.xemantic.typescript.compiler.TypeScriptCompilerTests_D.deepExcessPropertyCheckingWhenTargetIsIntersection_ts has expected errors matching deepExcessPropertyCheckingWhenTargetIsIntersection_errors_txt(TypeScriptCompilerTests_D.kt:4116)
  at java.base/jdk.internal.reflect.DirectMethodHandleAccessor.invoke(DirectMethodHandleAccessor.java:104)
  at java.base/java.lang.reflect.Method.invoke(Method.java:565)
  at org.junit.runners.model.FrameworkMethod$1.runReflectiveCall(FrameworkMethod.java:59)
  at org.junit.internal.runners.model.ReflectiveCallable.run(ReflectiveCallable.java:12)
  at org.junit.runners.model.FrameworkMethod.invokeExplosively(FrameworkMethod.java:56)
  at org.junit.internal.runners.statements.InvokeMethod.evaluate(InvokeMethod.java:17)
  at org.junit.runners.ParentRunner$3.evaluate(ParentRunner.java:306)
  at org.junit.runners.BlockJUnit4ClassRunner$1.evaluate(BlockJUnit4ClassRunner.java:100)
  at org.junit.runners.ParentRunner.runLeaf(ParentRunner.java:366)
  at org.junit.runners.BlockJUnit4ClassRunner.runChild(BlockJUnit4ClassRunner.java:103)
  at org.junit.runners.BlockJUnit4ClassRunner.runChild(BlockJUnit4ClassRunner.java:63)
  at org.junit.runners.ParentRunner$4.run(ParentRunner.java:331)
  at org.junit.runners.ParentRunner$1.schedule(ParentRunner.java:79)
  at org.junit.runners.ParentRunner.runChildren(ParentRunner.java:329)
  at org.junit.runners.ParentRunner.access$100(ParentRunner.java:66)
  at org.junit.runners.ParentRunner$2.evaluate(ParentRunner.java:293)
  at org.junit.runners.ParentRunner$3.evaluate(ParentRunner.java:306)
  at org.junit.runners.ParentRunner.run(ParentRunner.java:413)
  at org.junit.runner.JUnitCore.run(JUnitCore.java:137)
  at org.junit.runner.JUnitCore.run(JUnitCore.java:115)
  at org.gradle.api.internal.tasks.testing.junit.JUnitTestExecutor.runRequest(JUnitTestExecutor.java:175)
  at org.gradle.api.internal.tasks.testing.junit.JUnitTestExecutor.accept(JUnitTestExecutor.java:84)
  at org.gradle.api.internal.tasks.testing.junit.JUnitTestExecutor.accept(JUnitTestExecutor.java:47)
  at org.gradle.api.internal.tasks.testing.junit.AbstractJUnitTestDefinitionProcessor.processTestDefinition(AbstractJUnitTestDefinitionProcessor.java:65)
  at org.gradle.api.internal.tasks.testing.SuiteTestDefinitionProcessor.processTestDefinition(SuiteTestDefinitionProcessor.java:54)
  at java.base/jdk.internal.reflect.DirectMethodHandleAccessor.invoke(DirectMethodHandleAccessor.java:104)
  at java.base/java.lang.reflect.Method.invoke(Method.java:565)
  at org.gradle.internal.dispatch.MethodInvocation.invokeOn(MethodInvocation.java:77)
  at org.gradle.internal.dispatch.ReflectionDispatch.dispatch(ReflectionDispatch.java:28)
  at org.gradle.internal.dispatch.ReflectionDispatch.dispatch(ReflectionDispatch.java:19)
  at org.gradle.internal.dispatch.ContextClassLoaderDispatch.dispatch(ContextClassLoaderDispatch.java:33)
  at org.gradle.internal.dispatch.ProxyDispatchAdapter$DispatchingInvocationHandler.invoke(ProxyDispatchAdapter.java:88)
  at jdk.proxy1/jdk.proxy1.$Proxy4.processTestDefinition(Unknown Source)
  at org.gradle.api.internal.tasks.testing.worker.TestWorker$2.run(TestWorker.java:178)
  at org.gradle.api.internal.tasks.testing.worker.TestWorker.executeAndMaintainThreadName(TestWorker.java:126)
  at org.gradle.api.internal.tasks.testing.worker.TestWorker.execute(TestWorker.java:103)
  at org.gradle.api.internal.tasks.testing.worker.TestWorker.execute(TestWorker.java:63)
  at org.gradle.process.internal.worker.child.ActionExecutionWorker.execute(ActionExecutionWorker.java:56)
  at org.gradle.process.internal.worker.child.SystemApplicationClassLoaderWorker.call(SystemApplicationClassLoaderWorker.java:122)
  at org.gradle.process.internal.worker.child.SystemApplicationClassLoaderWorker.call(SystemApplicationClassLoaderWorker.java:72)
  at worker.org.gradle.process.internal.worker.GradleWorkerMain.run(GradleWorkerMain.java:69)
  at worker.org.gradle.process.internal.worker.GradleWorkerMain.main(GradleWorkerMain.java:74)
</stacktrace>
</test-failure>


TypeScriptCompilerTests_D[jvm] > deepExcessPropertyCheckingWhenTargetIsIntersection_ts has expected errors matching deepExcessPropertyCheckingWhenTargetIsIntersection_errors_txt[jvm] FAILED

<test-failure test="com.xemantic.typescript.compiler.TypeScriptCompilerTests_D.defaultKeywordWithoutExport2_ts has expected errors matching defaultKeywordWithoutExport2_errors_txt" platform="jvm">
<message>
Expected diagnostics from baseline typescript-repo/tests/baselines/reference/defaultKeywordWithoutExport2.errors.txt but none produced
</message>
<stacktrace>
  at com.xemantic.typescript.compiler.TypeScriptTestSupportKt.errorsMatchBaseline(TypeScriptTestSupport.kt:125)
  at com.xemantic.typescript.compiler.TypeScriptCompilerTests_D.defaultKeywordWithoutExport2_ts has expected errors matching defaultKeywordWithoutExport2_errors_txt(TypeScriptCompilerTests_D.kt:4326)
  at java.base/jdk.internal.reflect.DirectMethodHandleAccessor.invoke(DirectMethodHandleAccessor.java:104)
  at java.base/java.lang.reflect.Method.invoke(Method.java:565)
  at org.junit.runners.model.FrameworkMethod$1.runReflectiveCall(FrameworkMethod.java:59)
  at org.junit.internal.runners.model.ReflectiveCallable.run(ReflectiveCallable.java:12)
  at org.junit.runners.model.FrameworkMethod.invokeExplosively(FrameworkMethod.java:56)
  at org.junit.internal.runners.statements.InvokeMethod.evaluate(InvokeMethod.java:17)
  at org.junit.runners.ParentRunner$3.evaluate(ParentRunner.java:306)
  at org.junit.runners.BlockJUnit4ClassRunner$1.evaluate(BlockJUnit4ClassRunner.java:100)
  at org.junit.runners.ParentRunner.runLeaf(ParentRunner.java:366)
  at org.junit.runners.BlockJUnit4ClassRunner.runChild(BlockJUnit4ClassRunner.java:103)
  at org.junit.runners.BlockJUnit4ClassRunner.runChild(BlockJUnit4ClassRunner.java:63)
  at org.junit.runners.ParentRunner$4.run(ParentRunner.java:331)
  at org.junit.runners.ParentRunner$1.schedule(ParentRunner.java:79)
  at org.junit.runners.ParentRunner.runChildren(ParentRunner.java:329)
  at org.junit.runners.ParentRunner.access$100(ParentRunner.java:66)
  at org.junit.runners.ParentRunner$2.evaluate(ParentRunner.java:293)
  at org.junit.runners.ParentRunner$3.evaluate(ParentRunner.java:306)
  at org.junit.runners.ParentRunner.run(ParentRunner.java:413)
  at org.junit.runner.JUnitCore.run(JUnitCore.java:137)
  at org.junit.runner.JUnitCore.run(JUnitCore.java:115)
  at org.gradle.api.internal.tasks.testing.junit.JUnitTestExecutor.runRequest(JUnitTestExecutor.java:175)
  at org.gradle.api.internal.tasks.testing.junit.JUnitTestExecutor.accept(JUnitTestExecutor.java:84)
  at org.gradle.api.internal.tasks.testing.junit.JUnitTestExecutor.accept(JUnitTestExecutor.java:47)
  at org.gradle.api.internal.tasks.testing.junit.AbstractJUnitTestDefinitionProcessor.processTestDefinition(AbstractJUnitTestDefinitionProcessor.java:65)
  at org.gradle.api.internal.tasks.testing.SuiteTestDefinitionProcessor.processTestDefinition(SuiteTestDefinitionProcessor.java:54)
  at java.base/jdk.internal.reflect.DirectMethodHandleAccessor.invoke(DirectMethodHandleAccessor.java:104)
  at java.base/java.lang.reflect.Method.invoke(Method.java:565)
  at org.gradle.internal.dispatch.MethodInvocation.invokeOn(MethodInvocation.java:77)
  at org.gradle.internal.dispatch.ReflectionDispatch.dispatch(ReflectionDispatch.java:28)
  at org.gradle.internal.dispatch.ReflectionDispatch.dispatch(ReflectionDispatch.java:19)
  at org.gradle.internal.dispatch.ContextClassLoaderDispatch.dispatch(ContextClassLoaderDispatch.java:33)
  at org.gradle.internal.dispatch.ProxyDispatchAdapter$DispatchingInvocationHandler.invoke(ProxyDispatchAdapter.java:88)
  at jdk.proxy1/jdk.proxy1.$Proxy4.processTestDefinition(Unknown Source)
  at org.gradle.api.internal.tasks.testing.worker.TestWorker$2.run(TestWorker.java:178)
  at org.gradle.api.internal.tasks.testing.worker.TestWorker.executeAndMaintainThreadName(TestWorker.java:126)
  at org.gradle.api.internal.tasks.testing.worker.TestWorker.execute(TestWorker.java:103)
  at org.gradle.api.internal.tasks.testing.worker.TestWorker.execute(TestWorker.java:63)
  at org.gradle.process.internal.worker.child.ActionExecutionWorker.execute(ActionExecutionWorker.java:56)
  at org.gradle.process.internal.worker.child.SystemApplicationClassLoaderWorker.call(SystemApplicationClassLoaderWorker.java:122)
  at org.gradle.process.internal.worker.child.SystemApplicationClassLoaderWorker.call(SystemApplicationClassLoaderWorker.java:72)
  at worker.org.gradle.process.internal.worker.GradleWorkerMain.run(GradleWorkerMain.java:69)
  at worker.org.gradle.process.internal.worker.GradleWorkerMain.main(GradleWorkerMain.java:74)
</stacktrace>
</test-failure>


TypeScriptCompilerTests_D[jvm] > defaultKeywordWithoutExport2_ts has expected errors matching defaultKeywordWithoutExport2_errors_txt[jvm] FAILED

<test-failure test="com.xemantic.typescript.compiler.TypeScriptCompilerTests_D.deepComparisons_ts has expected errors matching deepComparisons_errors_txt" platform="jvm">
<message>
Expected diagnostics from baseline typescript-repo/tests/baselines/reference/deepComparisons.errors.txt but none produced
</message>
<stacktrace>
  at com.xemantic.typescript.compiler.TypeScriptTestSupportKt.errorsMatchBaseline(TypeScriptTestSupport.kt:125)
  at com.xemantic.typescript.compiler.TypeScriptCompilerTests_D.deepComparisons_ts has expected errors matching deepComparisons_errors_txt(TypeScriptCompilerTests_D.kt:4088)
  at java.base/jdk.internal.reflect.DirectMethodHandleAccessor.invoke(DirectMethodHandleAccessor.java:104)
  at java.base/java.lang.reflect.Method.invoke(Method.java:565)
  at org.junit.runners.model.FrameworkMethod$1.runReflectiveCall(FrameworkMethod.java:59)
  at org.junit.internal.runners.model.ReflectiveCallable.run(ReflectiveCallable.java:12)
  at org.junit.runners.model.FrameworkMethod.invokeExplosively(FrameworkMethod.java:56)
  at org.junit.internal.runners.statements.InvokeMethod.evaluate(InvokeMethod.java:17)
  at org.junit.runners.ParentRunner$3.evaluate(ParentRunner.java:306)
  at org.junit.runners.BlockJUnit4ClassRunner$1.evaluate(BlockJUnit4ClassRunner.java:100)
  at org.junit.runners.ParentRunner.runLeaf(ParentRunner.java:366)
  at org.junit.runners.BlockJUnit4ClassRunner.runChild(BlockJUnit4ClassRunner.java:103)
  at org.junit.runners.BlockJUnit4ClassRunner.runChild(BlockJUnit4ClassRunner.java:63)
  at org.junit.runners.ParentRunner$4.run(ParentRunner.java:331)
  at org.junit.runners.ParentRunner$1.schedule(ParentRunner.java:79)
  at org.junit.runners.ParentRunner.runChildren(ParentRunner.java:329)
  at org.junit.runners.ParentRunner.access$100(ParentRunner.java:66)
  at org.junit.runners.ParentRunner$2.evaluate(ParentRunner.java:293)
  at org.junit.runners.ParentRunner$3.evaluate(ParentRunner.java:306)
  at org.junit.runners.ParentRunner.run(ParentRunner.java:413)
  at org.junit.runner.JUnitCore.run(JUnitCore.java:137)
  at org.junit.runner.JUnitCore.run(JUnitCore.java:115)
  at org.gradle.api.internal.tasks.testing.junit.JUnitTestExecutor.runRequest(JUnitTestExecutor.java:175)
  at org.gradle.api.internal.tasks.testing.junit.JUnitTestExecutor.accept(JUnitTestExecutor.java:84)
  at org.gradle.api.internal.tasks.testing.junit.JUnitTestExecutor.accept(JUnitTestExecutor.java:47)
  at org.gradle.api.internal.tasks.testing.junit.AbstractJUnitTestDefinitionProcessor.processTestDefinition(AbstractJUnitTestDefinitionProcessor.java:65)
  at org.gradle.api.internal.tasks.testing.SuiteTestDefinitionProcessor.processTestDefinition(SuiteTestDefinitionProcessor.java:54)
  at java.base/jdk.internal.reflect.DirectMethodHandleAccessor.invoke(DirectMethodHandleAccessor.java:104)
  at java.base/java.lang.reflect.Method.invoke(Method.java:565)
  at org.gradle.internal.dispatch.MethodInvocation.invokeOn(MethodInvocation.java:77)
  at org.gradle.internal.dispatch.ReflectionDispatch.dispatch(ReflectionDispatch.java:28)
  at org.gradle.internal.dispatch.ReflectionDispatch.dispatch(ReflectionDispatch.java:19)
  at org.gradle.internal.dispatch.ContextClassLoaderDispatch.dispatch(ContextClassLoaderDispatch.java:33)
  at org.gradle.internal.dispatch.ProxyDispatchAdapter$DispatchingInvocationHandler.invoke(ProxyDispatchAdapter.java:88)
  at jdk.proxy1/jdk.proxy1.$Proxy4.processTestDefinition(Unknown Source)
  at org.gradle.api.internal.tasks.testing.worker.TestWorker$2.run(TestWorker.java:178)
  at org.gradle.api.internal.tasks.testing.worker.TestWorker.executeAndMaintainThreadName(TestWorker.java:126)
  at org.gradle.api.internal.tasks.testing.worker.TestWorker.execute(TestWorker.java:103)
  at org.gradle.api.internal.tasks.testing.worker.TestWorker.execute(TestWorker.java:63)
  at org.gradle.process.internal.worker.child.ActionExecutionWorker.execute(ActionExecutionWorker.java:56)
  at org.gradle.process.internal.worker.child.SystemApplicationClassLoaderWorker.call(SystemApplicationClassLoaderWorker.java:122)
  at org.gradle.process.internal.worker.child.SystemApplicationClassLoaderWorker.call(SystemApplicationClassLoaderWorker.java:72)
  at worker.org.gradle.process.internal.worker.GradleWorkerMain.run(GradleWorkerMain.java:69)
  at worker.org.gradle.process.internal.worker.GradleWorkerMain.main(GradleWorkerMain.java:74)
</stacktrace>
</test-failure>


TypeScriptCompilerTests_D[jvm] > deepComparisons_ts has expected errors matching deepComparisons_errors_txt[jvm] FAILED

<test-failure test="com.xemantic.typescript.compiler.TypeScriptCompilerTests_D.destructureCatchClause_ts__strict_false_useunknownincatchvariables_false__has expected errors matching baseline" platform="jvm">
<message>
Expected diagnostics from baseline typescript-repo/tests/baselines/reference/destructureCatchClause(strict=false,useunknownincatchvariables=false).errors.txt but none produced
</message>
<stacktrace>
  at com.xemantic.typescript.compiler.TypeScriptTestSupportKt.errorsMatchBaseline(TypeScriptTestSupport.kt:125)
  at com.xemantic.typescript.compiler.TypeScriptCompilerTests_D.destructureCatchClause_ts__strict_false_useunknownincatchvariables_false__has expected errors matching baseline(TypeScriptCompilerTests_D.kt:4858)
  at java.base/jdk.internal.reflect.DirectMethodHandleAccessor.invoke(DirectMethodHandleAccessor.java:104)
  at java.base/java.lang.reflect.Method.invoke(Method.java:565)
  at org.junit.runners.model.FrameworkMethod$1.runReflectiveCall(FrameworkMethod.java:59)
  at org.junit.internal.runners.model.ReflectiveCallable.run(ReflectiveCallable.java:12)
  at org.junit.runners.model.FrameworkMethod.invokeExplosively(FrameworkMethod.java:56)
  at org.junit.internal.runners.statements.InvokeMethod.evaluate(InvokeMethod.java:17)
  at org.junit.runners.ParentRunner$3.evaluate(ParentRunner.java:306)
  at org.junit.runners.BlockJUnit4ClassRunner$1.evaluate(BlockJUnit4ClassRunner.java:100)
  at org.junit.runners.ParentRunner.runLeaf(ParentRunner.java:366)
  at org.junit.runners.BlockJUnit4ClassRunner.runChild(BlockJUnit4ClassRunner.java:103)
  at org.junit.runners.BlockJUnit4ClassRunner.runChild(BlockJUnit4ClassRunner.java:63)
  at org.junit.runners.ParentRunner$4.run(ParentRunner.java:331)
  at org.junit.runners.ParentRunner$1.schedule(ParentRunner.java:79)
  at org.junit.runners.ParentRunner.runChildren(ParentRunner.java:329)
  at org.junit.runners.ParentRunner.access$100(ParentRunner.java:66)
  at org.junit.runners.ParentRunner$2.evaluate(ParentRunner.java:293)
  at org.junit.runners.ParentRunner$3.evaluate(ParentRunner.java:306)
  at org.junit.runners.ParentRunner.run(ParentRunner.java:413)
  at org.junit.runner.JUnitCore.run(JUnitCore.java:137)
  at org.junit.runner.JUnitCore.run(JUnitCore.java:115)
  at org.gradle.api.internal.tasks.testing.junit.JUnitTestExecutor.runRequest(JUnitTestExecutor.java:175)
  at org.gradle.api.internal.tasks.testing.junit.JUnitTestExecutor.accept(JUnitTestExecutor.java:84)
  at org.gradle.api.internal.tasks.testing.junit.JUnitTestExecutor.accept(JUnitTestExecutor.java:47)
  at org.gradle.api.internal.tasks.testing.junit.AbstractJUnitTestDefinitionProcessor.processTestDefinition(AbstractJUnitTestDefinitionProcessor.java:65)
  at org.gradle.api.internal.tasks.testing.SuiteTestDefinitionProcessor.processTestDefinition(SuiteTestDefinitionProcessor.java:54)
  at java.base/jdk.internal.reflect.DirectMethodHandleAccessor.invoke(DirectMethodHandleAccessor.java:104)
  at java.base/java.lang.reflect.Method.invoke(Method.java:565)
  at org.gradle.internal.dispatch.MethodInvocation.invokeOn(MethodInvocation.java:77)
  at org.gradle.internal.dispatch.ReflectionDispatch.dispatch(ReflectionDispatch.java:28)
  at org.gradle.internal.dispatch.ReflectionDispatch.dispatch(ReflectionDispatch.java:19)
  at org.gradle.internal.dispatch.ContextClassLoaderDispatch.dispatch(ContextClassLoaderDispatch.java:33)
  at org.gradle.internal.dispatch.ProxyDispatchAdapter$DispatchingInvocationHandler.invoke(ProxyDispatchAdapter.java:88)
  at jdk.proxy1/jdk.proxy1.$Proxy4.processTestDefinition(Unknown Source)
  at org.gradle.api.internal.tasks.testing.worker.TestWorker$2.run(TestWorker.java:178)
  at org.gradle.api.internal.tasks.testing.worker.TestWorker.executeAndMaintainThreadName(TestWorker.java:126)
  at org.gradle.api.internal.tasks.testing.worker.TestWorker.execute(TestWorker.java:103)
  at org.gradle.api.internal.tasks.testing.worker.TestWorker.execute(TestWorker.java:63)
  at org.gradle.process.internal.worker.child.ActionExecutionWorker.execute(ActionExecutionWorker.java:56)
  at org.gradle.process.internal.worker.child.SystemApplicationClassLoaderWorker.call(SystemApplicationClassLoaderWorker.java:122)
  at org.gradle.process.internal.worker.child.SystemApplicationClassLoaderWorker.call(SystemApplicationClassLoaderWorker.java:72)
  at worker.org.gradle.process.internal.worker.GradleWorkerMain.run(GradleWorkerMain.java:69)
  at worker.org.gradle.process.internal.worker.GradleWorkerMain.main(GradleWorkerMain.java:74)
</stacktrace>
</test-failure>


TypeScriptCompilerTests_D[jvm] > destructureCatchClause_ts__strict_false_useunknownincatchvariables_false__has expected errors matching baseline[jvm] FAILED

<test-failure test="com.xemantic.typescript.compiler.TypeScriptCompilerTests_D.declarationEmitDestructuringArrayPattern2_ts has expected errors matching declarationEmitDestructuringArrayPattern2_errors_txt" platform="jvm">
<message>
Expected diagnostics from baseline typescript-repo/tests/baselines/reference/declarationEmitDestructuringArrayPattern2.errors.txt but none produced
</message>
<stacktrace>
  at com.xemantic.typescript.compiler.TypeScriptTestSupportKt.errorsMatchBaseline(TypeScriptTestSupport.kt:125)
  at com.xemantic.typescript.compiler.TypeScriptCompilerTests_D.declarationEmitDestructuringArrayPattern2_ts has expected errors matching declarationEmitDestructuringArrayPattern2_errors_txt(TypeScriptCompilerTests_D.kt:1519)
  at java.base/jdk.internal.reflect.DirectMethodHandleAccessor.invoke(DirectMethodHandleAccessor.java:104)
  at java.base/java.lang.reflect.Method.invoke(Method.java:565)
  at org.junit.runners.model.FrameworkMethod$1.runReflectiveCall(FrameworkMethod.java:59)
  at org.junit.internal.runners.model.ReflectiveCallable.run(ReflectiveCallable.java:12)
  at org.junit.runners.model.FrameworkMethod.invokeExplosively(FrameworkMethod.java:56)
  at org.junit.internal.runners.statements.InvokeMethod.evaluate(InvokeMethod.java:17)
  at org.junit.runners.ParentRunner$3.evaluate(ParentRunner.java:306)
  at org.junit.runners.BlockJUnit4ClassRunner$1.evaluate(BlockJUnit4ClassRunner.java:100)
  at org.junit.runners.ParentRunner.runLeaf(ParentRunner.java:366)
  at org.junit.runners.BlockJUnit4ClassRunner.runChild(BlockJUnit4ClassRunner.java:103)
  at org.junit.runners.BlockJUnit4ClassRunner.runChild(BlockJUnit4ClassRunner.java:63)
  at org.junit.runners.ParentRunner$4.run(ParentRunner.java:331)
  at org.junit.runners.ParentRunner$1.schedule(ParentRunner.java:79)
  at org.junit.runners.ParentRunner.runChildren(ParentRunner.java:329)
  at org.junit.runners.ParentRunner.access$100(ParentRunner.java:66)
  at org.junit.runners.ParentRunner$2.evaluate(ParentRunner.java:293)
  at org.junit.runners.ParentRunner$3.evaluate(ParentRunner.java:306)
  at org.junit.runners.ParentRunner.run(ParentRunner.java:413)
  at org.junit.runner.JUnitCore.run(JUnitCore.java:137)
  at org.junit.runner.JUnitCore.run(JUnitCore.java:115)
  at org.gradle.api.internal.tasks.testing.junit.JUnitTestExecutor.runRequest(JUnitTestExecutor.java:175)
  at org.gradle.api.internal.tasks.testing.junit.JUnitTestExecutor.accept(JUnitTestExecutor.java:84)
  at org.gradle.api.internal.tasks.testing.junit.JUnitTestExecutor.accept(JUnitTestExecutor.java:47)
  at org.gradle.api.internal.tasks.testing.junit.AbstractJUnitTestDefinitionProcessor.processTestDefinition(AbstractJUnitTestDefinitionProcessor.java:65)
  at org.gradle.api.internal.tasks.testing.SuiteTestDefinitionProcessor.processTestDefinition(SuiteTestDefinitionProcessor.java:54)
  at java.base/jdk.internal.reflect.DirectMethodHandleAccessor.invoke(DirectMethodHandleAccessor.java:104)
  at java.base/java.lang.reflect.Method.invoke(Method.java:565)
  at org.gradle.internal.dispatch.MethodInvocation.invokeOn(MethodInvocation.java:77)
  at org.gradle.internal.dispatch.ReflectionDispatch.dispatch(ReflectionDispatch.java:28)
  at org.gradle.internal.dispatch.ReflectionDispatch.dispatch(ReflectionDispatch.java:19)
  at org.gradle.internal.dispatch.ContextClassLoaderDispatch.dispatch(ContextClassLoaderDispatch.java:33)
  at org.gradle.internal.dispatch.ProxyDispatchAdapter$DispatchingInvocationHandler.invoke(ProxyDispatchAdapter.java:88)
  at jdk.proxy1/jdk.proxy1.$Proxy4.processTestDefinition(Unknown Source)
  at org.gradle.api.internal.tasks.testing.worker.TestWorker$2.run(TestWorker.java:178)
  at org.gradle.api.internal.tasks.testing.worker.TestWorker.executeAndMaintainThreadName(TestWorker.java:126)
  at org.gradle.api.internal.tasks.testing.worker.TestWorker.execute(TestWorker.java:103)
  at org.gradle.api.internal.tasks.testing.worker.TestWorker.execute(TestWorker.java:63)
  at org.gradle.process.internal.worker.child.ActionExecutionWorker.execute(ActionExecutionWorker.java:56)
  at org.gradle.process.internal.worker.child.SystemApplicationClassLoaderWorker.call(SystemApplicationClassLoaderWorker.java:122)
  at org.gradle.process.internal.worker.child.SystemApplicationClassLoaderWorker.call(SystemApplicationClassLoaderWorker.java:72)
  at worker.org.gradle.process.internal.worker.GradleWorkerMain.run(GradleWorkerMain.java:69)
  at worker.org.gradle.process.internal.worker.GradleWorkerMain.main(GradleWorkerMain.java:74)
</stacktrace>
</test-failure>


TypeScriptCompilerTests_D[jvm] > declarationEmitDestructuringArrayPattern2_ts has expected errors matching declarationEmitDestructuringArrayPattern2_errors_txt[jvm] FAILED

<test-failure test="com.xemantic.typescript.compiler.TypeScriptCompilerTests_D.doNotWidenAtObjectLiteralPropertyAssignment_ts has expected errors matching doNotWidenAtObjectLiteralPropertyAssignment_errors_txt" platform="jvm">
<message>
Expected diagnostics from baseline typescript-repo/tests/baselines/reference/doNotWidenAtObjectLiteralPropertyAssignment.errors.txt but none produced
</message>
<stacktrace>
  at com.xemantic.typescript.compiler.TypeScriptTestSupportKt.errorsMatchBaseline(TypeScriptTestSupport.kt:125)
  at com.xemantic.typescript.compiler.TypeScriptCompilerTests_D.doNotWidenAtObjectLiteralPropertyAssignment_ts has expected errors matching doNotWidenAtObjectLiteralPropertyAssignment_errors_txt(TypeScriptCompilerTests_D.kt:5698)
  at java.base/jdk.internal.reflect.DirectMethodHandleAccessor.invoke(DirectMethodHandleAccessor.java:104)
  at java.base/java.lang.reflect.Method.invoke(Method.java:565)
  at org.junit.runners.model.FrameworkMethod$1.runReflectiveCall(FrameworkMethod.java:59)
  at org.junit.internal.runners.model.ReflectiveCallable.run(ReflectiveCallable.java:12)
  at org.junit.runners.model.FrameworkMethod.invokeExplosively(FrameworkMethod.java:56)
  at org.junit.internal.runners.statements.InvokeMethod.evaluate(InvokeMethod.java:17)
  at org.junit.runners.ParentRunner$3.evaluate(ParentRunner.java:306)
  at org.junit.runners.BlockJUnit4ClassRunner$1.evaluate(BlockJUnit4ClassRunner.java:100)
  at org.junit.runners.ParentRunner.runLeaf(ParentRunner.java:366)
  at org.junit.runners.BlockJUnit4ClassRunner.runChild(BlockJUnit4ClassRunner.java:103)
  at org.junit.runners.BlockJUnit4ClassRunner.runChild(BlockJUnit4ClassRunner.java:63)
  at org.junit.runners.ParentRunner$4.run(ParentRunner.java:331)
  at org.junit.runners.ParentRunner$1.schedule(ParentRunner.java:79)
  at org.junit.runners.ParentRunner.runChildren(ParentRunner.java:329)
  at org.junit.runners.ParentRunner.access$100(ParentRunner.java:66)
  at org.junit.runners.ParentRunner$2.evaluate(ParentRunner.java:293)
  at org.junit.runners.ParentRunner$3.evaluate(ParentRunner.java:306)
  at org.junit.runners.ParentRunner.run(ParentRunner.java:413)
  at org.junit.runner.JUnitCore.run(JUnitCore.java:137)
  at org.junit.runner.JUnitCore.run(JUnitCore.java:115)
  at org.gradle.api.internal.tasks.testing.junit.JUnitTestExecutor.runRequest(JUnitTestExecutor.java:175)
  at org.gradle.api.internal.tasks.testing.junit.JUnitTestExecutor.accept(JUnitTestExecutor.java:84)
  at org.gradle.api.internal.tasks.testing.junit.JUnitTestExecutor.accept(JUnitTestExecutor.java:47)
  at org.gradle.api.internal.tasks.testing.junit.AbstractJUnitTestDefinitionProcessor.processTestDefinition(AbstractJUnitTestDefinitionProcessor.java:65)
  at org.gradle.api.internal.tasks.testing.SuiteTestDefinitionProcessor.processTestDefinition(SuiteTestDefinitionProcessor.java:54)
  at java.base/jdk.internal.reflect.DirectMethodHandleAccessor.invoke(DirectMethodHandleAccessor.java:104)
  at java.base/java.lang.reflect.Method.invoke(Method.java:565)
  at org.gradle.internal.dispatch.MethodInvocation.invokeOn(MethodInvocation.java:77)
  at org.gradle.internal.dispatch.ReflectionDispatch.dispatch(ReflectionDispatch.java:28)
  at org.gradle.internal.dispatch.ReflectionDispatch.dispatch(ReflectionDispatch.java:19)
  at org.gradle.internal.dispatch.ContextClassLoaderDispatch.dispatch(ContextClassLoaderDispatch.java:33)
  at org.gradle.internal.dispatch.ProxyDispatchAdapter$DispatchingInvocationHandler.invoke(ProxyDispatchAdapter.java:88)
  at jdk.proxy1/jdk.proxy1.$Proxy4.processTestDefinition(Unknown Source)
  at org.gradle.api.internal.tasks.testing.worker.TestWorker$2.run(TestWorker.java:178)
  at org.gradle.api.internal.tasks.testing.worker.TestWorker.executeAndMaintainThreadName(TestWorker.java:126)
  at org.gradle.api.internal.tasks.testing.worker.TestWorker.execute(TestWorker.java:103)
  at org.gradle.api.internal.tasks.testing.worker.TestWorker.execute(TestWorker.java:63)
  at org.gradle.process.internal.worker.child.ActionExecutionWorker.execute(ActionExecutionWorker.java:56)
  at org.gradle.process.internal.worker.child.SystemApplicationClassLoaderWorker.call(SystemApplicationClassLoaderWorker.java:122)
  at org.gradle.process.internal.worker.child.SystemApplicationClassLoaderWorker.call(SystemApplicationClassLoaderWorker.java:72)
  at worker.org.gradle.process.internal.worker.GradleWorkerMain.run(GradleWorkerMain.java:69)
  at worker.org.gradle.process.internal.worker.GradleWorkerMain.main(GradleWorkerMain.java:74)
</stacktrace>
</test-failure>


TypeScriptCompilerTests_D[jvm] > doNotWidenAtObjectLiteralPropertyAssignment_ts has expected errors matching doNotWidenAtObjectLiteralPropertyAssignment_errors_txt[jvm] FAILED

<test-failure test="com.xemantic.typescript.compiler.TypeScriptCompilerTests_D.declarationEmitInvalidReferenceAllowJs_ts has expected errors matching declarationEmitInvalidReferenceAllowJs_errors_txt" platform="jvm">
<message>
Expected diagnostics from baseline typescript-repo/tests/baselines/reference/declarationEmitInvalidReferenceAllowJs.errors.txt but none produced
</message>
<stacktrace>
  at com.xemantic.typescript.compiler.TypeScriptTestSupportKt.errorsMatchBaseline(TypeScriptTestSupport.kt:125)
  at com.xemantic.typescript.compiler.TypeScriptCompilerTests_D.declarationEmitInvalidReferenceAllowJs_ts has expected errors matching declarationEmitInvalidReferenceAllowJs_errors_txt(TypeScriptCompilerTests_D.kt:2205)
  at java.base/jdk.internal.reflect.DirectMethodHandleAccessor.invoke(DirectMethodHandleAccessor.java:104)
  at java.base/java.lang.reflect.Method.invoke(Method.java:565)
  at org.junit.runners.model.FrameworkMethod$1.runReflectiveCall(FrameworkMethod.java:59)
  at org.junit.internal.runners.model.ReflectiveCallable.run(ReflectiveCallable.java:12)
  at org.junit.runners.model.FrameworkMethod.invokeExplosively(FrameworkMethod.java:56)
  at org.junit.internal.runners.statements.InvokeMethod.evaluate(InvokeMethod.java:17)
  at org.junit.runners.ParentRunner$3.evaluate(ParentRunner.java:306)
  at org.junit.runners.BlockJUnit4ClassRunner$1.evaluate(BlockJUnit4ClassRunner.java:100)
  at org.junit.runners.ParentRunner.runLeaf(ParentRunner.java:366)
  at org.junit.runners.BlockJUnit4ClassRunner.runChild(BlockJUnit4ClassRunner.java:103)
  at org.junit.runners.BlockJUnit4ClassRunner.runChild(BlockJUnit4ClassRunner.java:63)
  at org.junit.runners.ParentRunner$4.run(ParentRunner.java:331)
  at org.junit.runners.ParentRunner$1.schedule(ParentRunner.java:79)
  at org.junit.runners.ParentRunner.runChildren(ParentRunner.java:329)
  at org.junit.runners.ParentRunner.access$100(ParentRunner.java:66)
  at org.junit.runners.ParentRunner$2.evaluate(ParentRunner.java:293)
  at org.junit.runners.ParentRunner$3.evaluate(ParentRunner.java:306)
  at org.junit.runners.ParentRunner.run(ParentRunner.java:413)
  at org.junit.runner.JUnitCore.run(JUnitCore.java:137)
  at org.junit.runner.JUnitCore.run(JUnitCore.java:115)
  at org.gradle.api.internal.tasks.testing.junit.JUnitTestExecutor.runRequest(JUnitTestExecutor.java:175)
  at org.gradle.api.internal.tasks.testing.junit.JUnitTestExecutor.accept(JUnitTestExecutor.java:84)
  at org.gradle.api.internal.tasks.testing.junit.JUnitTestExecutor.accept(JUnitTestExecutor.java:47)
  at org.gradle.api.internal.tasks.testing.junit.AbstractJUnitTestDefinitionProcessor.processTestDefinition(AbstractJUnitTestDefinitionProcessor.java:65)
  at org.gradle.api.internal.tasks.testing.SuiteTestDefinitionProcessor.processTestDefinition(SuiteTestDefinitionProcessor.java:54)
  at java.base/jdk.internal.reflect.DirectMethodHandleAccessor.invoke(DirectMethodHandleAccessor.java:104)
  at java.base/java.lang.reflect.Method.invoke(Method.java:565)
  at org.gradle.internal.dispatch.MethodInvocation.invokeOn(MethodInvocation.java:77)
  at org.gradle.internal.dispatch.ReflectionDispatch.dispatch(ReflectionDispatch.java:28)
  at org.gradle.internal.dispatch.ReflectionDispatch.dispatch(ReflectionDispatch.java:19)
  at org.gradle.internal.dispatch.ContextClassLoaderDispatch.dispatch(ContextClassLoaderDispatch.java:33)
  at org.gradle.internal.dispatch.ProxyDispatchAdapter$DispatchingInvocationHandler.invoke(ProxyDispatchAdapter.java:88)
  at jdk.proxy1/jdk.proxy1.$Proxy4.processTestDefinition(Unknown Source)
  at org.gradle.api.internal.tasks.testing.worker.TestWorker$2.run(TestWorker.java:178)
  at org.gradle.api.internal.tasks.testing.worker.TestWorker.executeAndMaintainThreadName(TestWorker.java:126)
  at org.gradle.api.internal.tasks.testing.worker.TestWorker.execute(TestWorker.java:103)
  at org.gradle.api.internal.tasks.testing.worker.TestWorker.execute(TestWorker.java:63)
  at org.gradle.process.internal.worker.child.ActionExecutionWorker.execute(ActionExecutionWorker.java:56)
  at org.gradle.process.internal.worker.child.SystemApplicationClassLoaderWorker.call(SystemApplicationClassLoaderWorker.java:122)
  at org.gradle.process.internal.worker.child.SystemApplicationClassLoaderWorker.call(SystemApplicationClassLoaderWorker.java:72)
  at worker.org.gradle.process.internal.worker.GradleWorkerMain.run(GradleWorkerMain.java:69)
  at worker.org.gradle.process.internal.worker.GradleWorkerMain.main(GradleWorkerMain.java:74)
</stacktrace>
</test-failure>


TypeScriptCompilerTests_D[jvm] > declarationEmitInvalidReferenceAllowJs_ts has expected errors matching declarationEmitInvalidReferenceAllowJs_errors_txt[jvm] FAILED

<test-failure test="com.xemantic.typescript.compiler.TypeScriptCompilerTests_D.declarationEmitPrivateSymbolCausesVarDeclarationEmit2_ts compiles to JavaScript matching declarationEmitPrivateSymbolCausesVarDeclarationEmit2_js" platform="jvm">
<message>
--- expected
+++ actual
@@ -26,20 +26,17 @@
 exports.x = Symbol();
 //// [b.js]
 "use strict";
-var _a;
 Object.defineProperty(exports, "__esModule", { value: true });
 exports.C = void 0;
 const a_1 = require("./a");
 class C {
     constructor() {
-        this[_a] = 1;
+        this[a_1.x] = 1;
     }
 }
 exports.C = C;
-_a = a_1.x;
 //// [c.js]
 "use strict";
-var _a;
 Object.defineProperty(exports, "__esModule", { value: true });
 exports.D = void 0;
 const a_1 = require("./a");
@@ -47,8 +44,7 @@
 class D extends b_1.C {
     constructor() {
         super(...arguments);
-        this[_a] = 12;
+        this[a_1.x] = 12;
     }
 }
 exports.D = D;
-_a = a_1.x;

</message>
<stacktrace>
  at org.junit.Assert.fail(Assert.java:89)
  at kotlin.test.junit.JUnitAsserter.fail(JUnitSupport.kt:56)
  at kotlin.test.AssertionsKt__AssertionsKt.fail(Assertions.kt:563)
  at kotlin.test.AssertionsKt.fail(Unknown Source)
  at com.xemantic.kotlin.test.SameAsKt.sameAs(SameAs.kt:52)
  at com.xemantic.typescript.compiler.TypeScriptTestSupportKt.sameAs(TypeScriptTestSupport.kt:99)
  at com.xemantic.typescript.compiler.TypeScriptCompilerTests_D.declarationEmitPrivateSymbolCausesVarDeclarationEmit2_ts compiles to JavaScript matching declarationEmitPrivateSymbolCausesVarDeclarationEmit2_js(TypeScriptCompilerTests_D.kt:2730)
  at java.base/jdk.internal.reflect.DirectMethodHandleAccessor.invoke(DirectMethodHandleAccessor.java:104)
  at java.base/java.lang.reflect.Method.invoke(Method.java:565)
  at org.junit.runners.model.FrameworkMethod$1.runReflectiveCall(FrameworkMethod.java:59)
  at org.junit.internal.runners.model.ReflectiveCallable.run(ReflectiveCallable.java:12)
  at org.junit.runners.model.FrameworkMethod.invokeExplosively(FrameworkMethod.java:56)
  at org.junit.internal.runners.statements.InvokeMethod.evaluate(InvokeMethod.java:17)
  at org.junit.runners.ParentRunner$3.evaluate(ParentRunner.java:306)
  at org.junit.runners.BlockJUnit4ClassRunner$1.evaluate(BlockJUnit4ClassRunner.java:100)
  at org.junit.runners.ParentRunner.runLeaf(ParentRunner.java:366)
  at org.junit.runners.BlockJUnit4ClassRunner.runChild(BlockJUnit4ClassRunner.java:103)
  at org.junit.runners.BlockJUnit4ClassRunner.runChild(BlockJUnit4ClassRunner.java:63)
  at org.junit.runners.ParentRunner$4.run(ParentRunner.java:331)
  at org.junit.runners.ParentRunner$1.schedule(ParentRunner.java:79)
  at org.junit.runners.ParentRunner.runChildren(ParentRunner.java:329)
  at org.junit.runners.ParentRunner.access$100(ParentRunner.java:66)
  at org.junit.runners.ParentRunner$2.evaluate(ParentRunner.java:293)
  at org.junit.runners.ParentRunner$3.evaluate(ParentRunner.java:306)
  at org.junit.runners.ParentRunner.run(ParentRunner.java:413)
  at org.junit.runner.JUnitCore.run(JUnitCore.java:137)
  at org.junit.runner.JUnitCore.run(JUnitCore.java:115)
  at org.gradle.api.internal.tasks.testing.junit.JUnitTestExecutor.runRequest(JUnitTestExecutor.java:175)
  at org.gradle.api.internal.tasks.testing.junit.JUnitTestExecutor.accept(JUnitTestExecutor.java:84)
  at org.gradle.api.internal.tasks.testing.junit.JUnitTestExecutor.accept(JUnitTestExecutor.java:47)
  at org.gradle.api.internal.tasks.testing.junit.AbstractJUnitTestDefinitionProcessor.processTestDefinition(AbstractJUnitTestDefinitionProcessor.java:65)
  at org.gradle.api.internal.tasks.testing.SuiteTestDefinitionProcessor.processTestDefinition(SuiteTestDefinitionProcessor.java:54)
  at java.base/jdk.internal.reflect.DirectMethodHandleAccessor.invoke(DirectMethodHandleAccessor.java:104)
  at java.base/java.lang.reflect.Method.invoke(Method.java:565)
  at org.gradle.internal.dispatch.MethodInvocation.invokeOn(MethodInvocation.java:77)
  at org.gradle.internal.dispatch.ReflectionDispatch.dispatch(ReflectionDispatch.java:28)
  at org.gradle.internal.dispatch.ReflectionDispatch.dispatch(ReflectionDispatch.java:19)
  at org.gradle.internal.dispatch.ContextClassLoaderDispatch.dispatch(ContextClassLoaderDispatch.java:33)
  at org.gradle.internal.dispatch.ProxyDispatchAdapter$DispatchingInvocationHandler.invoke(ProxyDispatchAdapter.java:88)
  at jdk.proxy1/jdk.proxy1.$Proxy4.processTestDefinition(Unknown Source)
  at org.gradle.api.internal.tasks.testing.worker.TestWorker$2.run(TestWorker.java:178)
  at org.gradle.api.internal.tasks.testing.worker.TestWorker.executeAndMaintainThreadName(TestWorker.java:126)
  at org.gradle.api.internal.tasks.testing.worker.TestWorker.execute(TestWorker.java:103)
  at org.gradle.api.internal.tasks.testing.worker.TestWorker.execute(TestWorker.java:63)
  at org.gradle.process.internal.worker.child.ActionExecutionWorker.execute(ActionExecutionWorker.java:56)
  at org.gradle.process.internal.worker.child.SystemApplicationClassLoaderWorker.call(SystemApplicationClassLoaderWorker.java:122)
  at org.gradle.process.internal.worker.child.SystemApplicationClassLoaderWorker.call(SystemApplicationClassLoaderWorker.java:72)
  at worker.org.gradle.process.internal.worker.GradleWorkerMain.run(GradleWorkerMain.java:69)
  at worker.org.gradle.process.internal.worker.GradleWorkerMain.main(GradleWorkerMain.java:74)
</stacktrace>
</test-failure>


TypeScriptCompilerTests_D[jvm] > declarationEmitPrivateSymbolCausesVarDeclarationEmit2_ts compiles to JavaScript matching declarationEmitPrivateSymbolCausesVarDeclarationEmit2_js[jvm] FAILED

<test-failure test="com.xemantic.typescript.compiler.TypeScriptCompilerTests_D.downlevelLetConst2_ts has expected errors matching downlevelLetConst2_errors_txt" platform="jvm">
<message>
--- expected
+++ actual
@@ -1,10 +1,7 @@
 downlevelLetConst2.ts(1,7): error TS1155: 'const' declarations must be initialized.
-downlevelLetConst2.ts(1,7): error TS7005: Variable 'a' implicitly has an 'any' type.
 
 
-==== downlevelLetConst2.ts (2 errors) ====
+==== downlevelLetConst2.ts (1 errors) ====
     const a
           ~
 !!! error TS1155: 'const' declarations must be initialized.
-          ~
-!!! error TS7005: Variable 'a' implicitly has an 'any' type.

</message>
<stacktrace>
  at org.junit.Assert.fail(Assert.java:89)
  at kotlin.test.junit.JUnitAsserter.fail(JUnitSupport.kt:56)
  at kotlin.test.AssertionsKt__AssertionsKt.fail(Assertions.kt:563)
  at kotlin.test.AssertionsKt.fail(Unknown Source)
  at com.xemantic.kotlin.test.SameAsKt.sameAs(SameAs.kt:52)
  at com.xemantic.typescript.compiler.TypeScriptTestSupportKt.errorsMatchBaseline(TypeScriptTestSupport.kt:135)
  at com.xemantic.typescript.compiler.TypeScriptCompilerTests_D.downlevelLetConst2_ts has expected errors matching downlevelLetConst2_errors_txt(TypeScriptCompilerTests_D.kt:6083)
  at java.base/jdk.internal.reflect.DirectMethodHandleAccessor.invoke(DirectMethodHandleAccessor.java:104)
  at java.base/java.lang.reflect.Method.invoke(Method.java:565)
  at org.junit.runners.model.FrameworkMethod$1.runReflectiveCall(FrameworkMethod.java:59)
  at org.junit.internal.runners.model.ReflectiveCallable.run(ReflectiveCallable.java:12)
  at org.junit.runners.model.FrameworkMethod.invokeExplosively(FrameworkMethod.java:56)
  at org.junit.internal.runners.statements.InvokeMethod.evaluate(InvokeMethod.java:17)
  at org.junit.runners.ParentRunner$3.evaluate(ParentRunner.java:306)
  at org.junit.runners.BlockJUnit4ClassRunner$1.evaluate(BlockJUnit4ClassRunner.java:100)
  at org.junit.runners.ParentRunner.runLeaf(ParentRunner.java:366)
  at org.junit.runners.BlockJUnit4ClassRunner.runChild(BlockJUnit4ClassRunner.java:103)
  at org.junit.runners.BlockJUnit4ClassRunner.runChild(BlockJUnit4ClassRunner.java:63)
  at org.junit.runners.ParentRunner$4.run(ParentRunner.java:331)
  at org.junit.runners.ParentRunner$1.schedule(ParentRunner.java:79)
  at org.junit.runners.ParentRunner.runChildren(ParentRunner.java:329)
  at org.junit.runners.ParentRunner.access$100(ParentRunner.java:66)
  at org.junit.runners.ParentRunner$2.evaluate(ParentRunner.java:293)
  at org.junit.runners.ParentRunner$3.evaluate(ParentRunner.java:306)
  at org.junit.runners.ParentRunner.run(ParentRunner.java:413)
  at org.junit.runner.JUnitCore.run(JUnitCore.java:137)
  at org.junit.runner.JUnitCore.run(JUnitCore.java:115)
  at org.gradle.api.internal.tasks.testing.junit.JUnitTestExecutor.runRequest(JUnitTestExecutor.java:175)
  at org.gradle.api.internal.tasks.testing.junit.JUnitTestExecutor.accept(JUnitTestExecutor.java:84)
  at org.gradle.api.internal.tasks.testing.junit.JUnitTestExecutor.accept(JUnitTestExecutor.java:47)
  at org.gradle.api.internal.tasks.testing.junit.AbstractJUnitTestDefinitionProcessor.processTestDefinition(AbstractJUnitTestDefinitionProcessor.java:65)
  at org.gradle.api.internal.tasks.testing.SuiteTestDefinitionProcessor.processTestDefinition(SuiteTestDefinitionProcessor.java:54)
  at java.base/jdk.internal.reflect.DirectMethodHandleAccessor.invoke(DirectMethodHandleAccessor.java:104)
  at java.base/java.lang.reflect.Method.invoke(Method.java:565)
  at org.gradle.internal.dispatch.MethodInvocation.invokeOn(MethodInvocation.java:77)
  at org.gradle.internal.dispatch.ReflectionDispatch.dispatch(ReflectionDispatch.java:28)
  at org.gradle.internal.dispatch.ReflectionDispatch.dispatch(ReflectionDispatch.java:19)
  at org.gradle.internal.dispatch.ContextClassLoaderDispatch.dispatch(ContextClassLoaderDispatch.java:33)
  at org.gradle.internal.dispatch.ProxyDispatchAdapter$DispatchingInvocationHandler.invoke(ProxyDispatchAdapter.java:88)
  at jdk.proxy1/jdk.proxy1.$Proxy4.processTestDefinition(Unknown Source)
  at org.gradle.api.internal.tasks.testing.worker.TestWorker$2.run(TestWorker.java:178)
  at org.gradle.api.internal.tasks.testing.worker.TestWorker.executeAndMaintainThreadName(TestWorker.java:126)
  at org.gradle.api.internal.tasks.testing.worker.TestWorker.execute(TestWorker.java:103)
  at org.gradle.api.internal.tasks.testing.worker.TestWorker.execute(TestWorker.java:63)
  at org.gradle.process.internal.worker.child.ActionExecutionWorker.execute(ActionExecutionWorker.java:56)
  at org.gradle.process.internal.worker.child.SystemApplicationClassLoaderWorker.call(SystemApplicationClassLoaderWorker.java:122)
  at org.gradle.process.internal.worker.child.SystemApplicationClassLoaderWorker.call(SystemApplicationClassLoaderWorker.java:72)
  at worker.org.gradle.process.internal.worker.GradleWorkerMain.run(GradleWorkerMain.java:69)
  at worker.org.gradle.process.internal.worker.GradleWorkerMain.main(GradleWorkerMain.java:74)
</stacktrace>
</test-failure>


TypeScriptCompilerTests_D[jvm] > downlevelLetConst2_ts has expected errors matching downlevelLetConst2_errors_txt[jvm] FAILED

<test-failure test="com.xemantic.typescript.compiler.TypeScriptCompilerTests_D.declarationEmitUnknownImport2_ts__target_es2015__compiles to JavaScript matching baseline" platform="jvm">
<message>
--- expected
+++ actual
@@ -6,7 +6,10 @@
 
 //// [declarationEmitUnknownImport2.js]
 "use strict";
+var __importDefault = (this && this.__importDefault) || function (mod) {
+    return (mod && mod.__esModule) ? mod : { "default": mod };
+};
 Object.defineProperty(exports, "__esModule", { value: true });
-var Foo = From;
+const From_1 = __importDefault(require("rom));
 './Foo'; // Syntax error
-exports.default = Foo;
+exports.default = From_1.default;

</message>
<stacktrace>
  at org.junit.Assert.fail(Assert.java:89)
  at kotlin.test.junit.JUnitAsserter.fail(JUnitSupport.kt:56)
  at kotlin.test.AssertionsKt__AssertionsKt.fail(Assertions.kt:563)
  at kotlin.test.AssertionsKt.fail(Unknown Source)
  at com.xemantic.kotlin.test.SameAsKt.sameAs(SameAs.kt:52)
  at com.xemantic.typescript.compiler.TypeScriptTestSupportKt.sameAs(TypeScriptTestSupport.kt:99)
  at com.xemantic.typescript.compiler.TypeScriptCompilerTests_D.declarationEmitUnknownImport2_ts__target_es2015__compiles to JavaScript matching baseline(TypeScriptCompilerTests_D.kt:3143)
  at java.base/jdk.internal.reflect.DirectMethodHandleAccessor.invoke(DirectMethodHandleAccessor.java:104)
  at java.base/java.lang.reflect.Method.invoke(Method.java:565)
  at org.junit.runners.model.FrameworkMethod$1.runReflectiveCall(FrameworkMethod.java:59)
  at org.junit.internal.runners.model.ReflectiveCallable.run(ReflectiveCallable.java:12)
  at org.junit.runners.model.FrameworkMethod.invokeExplosively(FrameworkMethod.java:56)
  at org.junit.internal.runners.statements.InvokeMethod.evaluate(InvokeMethod.java:17)
  at org.junit.runners.ParentRunner$3.evaluate(ParentRunner.java:306)
  at org.junit.runners.BlockJUnit4ClassRunner$1.evaluate(BlockJUnit4ClassRunner.java:100)
  at org.junit.runners.ParentRunner.runLeaf(ParentRunner.java:366)
  at org.junit.runners.BlockJUnit4ClassRunner.runChild(BlockJUnit4ClassRunner.java:103)
  at org.junit.runners.BlockJUnit4ClassRunner.runChild(BlockJUnit4ClassRunner.java:63)
  at org.junit.runners.ParentRunner$4.run(ParentRunner.java:331)
  at org.junit.runners.ParentRunner$1.schedule(ParentRunner.java:79)
  at org.junit.runners.ParentRunner.runChildren(ParentRunner.java:329)
  at org.junit.runners.ParentRunner.access$100(ParentRunner.java:66)
  at org.junit.runners.ParentRunner$2.evaluate(ParentRunner.java:293)
  at org.junit.runners.ParentRunner$3.evaluate(ParentRunner.java:306)
  at org.junit.runners.ParentRunner.run(ParentRunner.java:413)
  at org.junit.runner.JUnitCore.run(JUnitCore.java:137)
  at org.junit.runner.JUnitCore.run(JUnitCore.java:115)
  at org.gradle.api.internal.tasks.testing.junit.JUnitTestExecutor.runRequest(JUnitTestExecutor.java:175)
  at org.gradle.api.internal.tasks.testing.junit.JUnitTestExecutor.accept(JUnitTestExecutor.java:84)
  at org.gradle.api.internal.tasks.testing.junit.JUnitTestExecutor.accept(JUnitTestExecutor.java:47)
  at org.gradle.api.internal.tasks.testing.junit.AbstractJUnitTestDefinitionProcessor.processTestDefinition(AbstractJUnitTestDefinitionProcessor.java:65)
  at org.gradle.api.internal.tasks.testing.SuiteTestDefinitionProcessor.processTestDefinition(SuiteTestDefinitionProcessor.java:54)
  at java.base/jdk.internal.reflect.DirectMethodHandleAccessor.invoke(DirectMethodHandleAccessor.java:104)
  at java.base/java.lang.reflect.Method.invoke(Method.java:565)
  at org.gradle.internal.dispatch.MethodInvocation.invokeOn(MethodInvocation.java:77)
  at org.gradle.internal.dispatch.ReflectionDispatch.dispatch(ReflectionDispatch.java:28)
  at org.gradle.internal.dispatch.ReflectionDispatch.dispatch(ReflectionDispatch.java:19)
  at org.gradle.internal.dispatch.ContextClassLoaderDispatch.dispatch(ContextClassLoaderDispatch.java:33)
  at org.gradle.internal.dispatch.ProxyDispatchAdapter$DispatchingInvocationHandler.invoke(ProxyDispatchAdapter.java:88)
  at jdk.proxy1/jdk.proxy1.$Proxy4.processTestDefinition(Unknown Source)
  at org.gradle.api.internal.tasks.testing.worker.TestWorker$2.run(TestWorker.java:178)
  at org.gradle.api.internal.tasks.testing.worker.TestWorker.executeAndMaintainThreadName(TestWorker.java:126)
  at org.gradle.api.internal.tasks.testing.worker.TestWorker.execute(TestWorker.java:103)
  at org.gradle.api.internal.tasks.testing.worker.TestWorker.execute(TestWorker.java:63)
  at org.gradle.process.internal.worker.child.ActionExecutionWorker.execute(ActionExecutionWorker.java:56)
  at org.gradle.process.internal.worker.child.SystemApplicationClassLoaderWorker.call(SystemApplicationClassLoaderWorker.java:122)
  at org.gradle.process.internal.worker.child.SystemApplicationClassLoaderWorker.call(SystemApplicationClassLoaderWorker.java:72)
  at worker.org.gradle.process.internal.worker.GradleWorkerMain.run(GradleWorkerMain.java:69)
  at worker.org.gradle.process.internal.worker.GradleWorkerMain.main(GradleWorkerMain.java:74)
</stacktrace>
</test-failure>


TypeScriptCompilerTests_D[jvm] > declarationEmitUnknownImport2_ts__target_es2015__compiles to JavaScript matching baseline[jvm] FAILED

<test-failure test="com.xemantic.typescript.compiler.TypeScriptCompilerTests_D.duplicateObjectLiteralProperty_ts__target_es5__has expected errors matching baseline" platform="jvm">
<message>
--- expected
+++ actual
@@ -3,14 +3,10 @@
 duplicateObjectLiteralProperty.ts(5,5): error TS1117: An object literal cannot have multiple properties with the same name.
 duplicateObjectLiteralProperty.ts(6,5): error TS1117: An object literal cannot have multiple properties with the same name.
 duplicateObjectLiteralProperty.ts(8,9): error TS1117: An object literal cannot have multiple properties with the same name.
-duplicateObjectLiteralProperty.ts(14,9): error TS2300: Duplicate identifier 'a'.
-duplicateObjectLiteralProperty.ts(15,9): error TS2300: Duplicate identifier 'a'.
-duplicateObjectLiteralProperty.ts(16,9): error TS1118: An object literal cannot have multiple get/set accessors with the same name.
-duplicateObjectLiteralProperty.ts(16,9): error TS2300: Duplicate identifier 'a'.
 
 
 !!! error TS5107: Option 'target=ES5' is deprecated and will stop functioning in TypeScript 7.0. Specify compilerOption '"ignoreDeprecations": "6.0"' to silence this error.
-==== duplicateObjectLiteralProperty.ts (8 errors) ====
+==== duplicateObjectLiteralProperty.ts (4 errors) ====
     var x = {
         a: 1,
         b: true, // OK
@@ -18,7 +14,7 @@
         ~
 !!! error TS1117: An object literal cannot have multiple properties with the same name.
         \u0061: "ss", // Duplicate
-        ~~~~~~
+        ~
 !!! error TS1117: An object literal cannot have multiple properties with the same name.
         a: {
         ~
@@ -33,14 +29,6 @@
     
     var y = {
         get a() { return 0; },
-            ~
-!!! error TS2300: Duplicate identifier 'a'.
         set a(v: number) { },
-            ~
-!!! error TS2300: Duplicate identifier 'a'.
         get a() { return 0; }
-            ~
-!!! error TS1118: An object literal cannot have multiple get/set accessors with the same name.
-            ~
-!!! error TS2300: Duplicate identifier 'a'.
     };

</message>
<stacktrace>
  at org.junit.Assert.fail(Assert.java:89)
  at kotlin.test.junit.JUnitAsserter.fail(JUnitSupport.kt:56)
  at kotlin.test.AssertionsKt__AssertionsKt.fail(Assertions.kt:563)
  at kotlin.test.AssertionsKt.fail(Unknown Source)
  at com.xemantic.kotlin.test.SameAsKt.sameAs(SameAs.kt:52)
  at com.xemantic.typescript.compiler.TypeScriptTestSupportKt.errorsMatchBaseline(TypeScriptTestSupport.kt:135)
  at com.xemantic.typescript.compiler.TypeScriptCompilerTests_D.duplicateObjectLiteralProperty_ts__target_es5__has expected errors matching baseline(TypeScriptCompilerTests_D.kt:6615)
  at java.base/jdk.internal.reflect.DirectMethodHandleAccessor.invoke(DirectMethodHandleAccessor.java:104)
  at java.base/java.lang.reflect.Method.invoke(Method.java:565)
  at org.junit.runners.model.FrameworkMethod$1.runReflectiveCall(FrameworkMethod.java:59)
  at org.junit.internal.runners.model.ReflectiveCallable.run(ReflectiveCallable.java:12)
  at org.junit.runners.model.FrameworkMethod.invokeExplosively(FrameworkMethod.java:56)
  at org.junit.internal.runners.statements.InvokeMethod.evaluate(InvokeMethod.java:17)
  at org.junit.runners.ParentRunner$3.evaluate(ParentRunner.java:306)
  at org.junit.runners.BlockJUnit4ClassRunner$1.evaluate(BlockJUnit4ClassRunner.java:100)
  at org.junit.runners.ParentRunner.runLeaf(ParentRunner.java:366)
  at org.junit.runners.BlockJUnit4ClassRunner.runChild(BlockJUnit4ClassRunner.java:103)
  at org.junit.runners.BlockJUnit4ClassRunner.runChild(BlockJUnit4ClassRunner.java:63)
  at org.junit.runners.ParentRunner$4.run(ParentRunner.java:331)
  at org.junit.runners.ParentRunner$1.schedule(ParentRunner.java:79)
  at org.junit.runners.ParentRunner.runChildren(ParentRunner.java:329)
  at org.junit.runners.ParentRunner.access$100(ParentRunner.java:66)
  at org.junit.runners.ParentRunner$2.evaluate(ParentRunner.java:293)
  at org.junit.runners.ParentRunner$3.evaluate(ParentRunner.java:306)
  at org.junit.runners.ParentRunner.run(ParentRunner.java:413)
  at org.junit.runner.JUnitCore.run(JUnitCore.java:137)
  at org.junit.runner.JUnitCore.run(JUnitCore.java:115)
  at org.gradle.api.internal.tasks.testing.junit.JUnitTestExecutor.runRequest(JUnitTestExecutor.java:175)
  at org.gradle.api.internal.tasks.testing.junit.JUnitTestExecutor.accept(JUnitTestExecutor.java:84)
  at org.gradle.api.internal.tasks.testing.junit.JUnitTestExecutor.accept(JUnitTestExecutor.java:47)
  at org.gradle.api.internal.tasks.testing.junit.AbstractJUnitTestDefinitionProcessor.processTestDefinition(AbstractJUnitTestDefinitionProcessor.java:65)
  at org.gradle.api.internal.tasks.testing.SuiteTestDefinitionProcessor.processTestDefinition(SuiteTestDefinitionProcessor.java:54)
  at java.base/jdk.internal.reflect.DirectMethodHandleAccessor.invoke(DirectMethodHandleAccessor.java:104)
  at java.base/java.lang.reflect.Method.invoke(Method.java:565)
  at org.gradle.internal.dispatch.MethodInvocation.invokeOn(MethodInvocation.java:77)
  at org.gradle.internal.dispatch.ReflectionDispatch.dispatch(ReflectionDispatch.java:28)
  at org.gradle.internal.dispatch.ReflectionDispatch.dispatch(ReflectionDispatch.java:19)
  at org.gradle.internal.dispatch.ContextClassLoaderDispatch.dispatch(ContextClassLoaderDispatch.java:33)
  at org.gradle.internal.dispatch.ProxyDispatchAdapter$DispatchingInvocationHandler.invoke(ProxyDispatchAdapter.java:88)
  at jdk.proxy1/jdk.proxy1.$Proxy4.processTestDefinition(Unknown Source)
  at org.gradle.api.internal.tasks.testing.worker.TestWorker$2.run(TestWorker.java:178)
  at org.gradle.api.internal.tasks.testing.worker.TestWorker.executeAndMaintainThreadName(TestWorker.java:126)
  at org.gradle.api.internal.tasks.testing.worker.TestWorker.execute(TestWorker.java:103)
  at org.gradle.api.internal.tasks.testing.worker.TestWorker.execute(TestWorker.java:63)
  at org.gradle.process.internal.worker.child.ActionExecutionWorker.execute(ActionExecutionWorker.java:56)
  at org.gradle.process.internal.worker.child.SystemApplicationClassLoaderWorker.call(SystemApplicationClassLoaderWorker.java:122)
  at org.gradle.process.internal.worker.child.SystemApplicationClassLoaderWorker.call(SystemApplicationClassLoaderWorker.java:72)
  at worker.org.gradle.process.internal.worker.GradleWorkerMain.run(GradleWorkerMain.java:69)
  at worker.org.gradle.process.internal.worker.GradleWorkerMain.main(GradleWorkerMain.java:74)
</stacktrace>
</test-failure>


TypeScriptCompilerTests_D[jvm] > duplicateObjectLiteralProperty_ts__target_es5__has expected errors matching baseline[jvm] FAILED

<test-failure test="com.xemantic.typescript.compiler.TypeScriptCompilerTests_D.declarationEmitDestructuringParameterProperties_ts has expected errors matching declarationEmitDestructuringParameterProperties_errors_txt" platform="jvm">
<message>
Expected diagnostics from baseline typescript-repo/tests/baselines/reference/declarationEmitDestructuringParameterProperties.errors.txt but none produced
</message>
<stacktrace>
  at com.xemantic.typescript.compiler.TypeScriptTestSupportKt.errorsMatchBaseline(TypeScriptTestSupport.kt:125)
  at com.xemantic.typescript.compiler.TypeScriptCompilerTests_D.declarationEmitDestructuringParameterProperties_ts has expected errors matching declarationEmitDestructuringParameterProperties_errors_txt(TypeScriptCompilerTests_D.kt:1596)
  at java.base/jdk.internal.reflect.DirectMethodHandleAccessor.invoke(DirectMethodHandleAccessor.java:104)
  at java.base/java.lang.reflect.Method.invoke(Method.java:565)
  at org.junit.runners.model.FrameworkMethod$1.runReflectiveCall(FrameworkMethod.java:59)
  at org.junit.internal.runners.model.ReflectiveCallable.run(ReflectiveCallable.java:12)
  at org.junit.runners.model.FrameworkMethod.invokeExplosively(FrameworkMethod.java:56)
  at org.junit.internal.runners.statements.InvokeMethod.evaluate(InvokeMethod.java:17)
  at org.junit.runners.ParentRunner$3.evaluate(ParentRunner.java:306)
  at org.junit.runners.BlockJUnit4ClassRunner$1.evaluate(BlockJUnit4ClassRunner.java:100)
  at org.junit.runners.ParentRunner.runLeaf(ParentRunner.java:366)
  at org.junit.runners.BlockJUnit4ClassRunner.runChild(BlockJUnit4ClassRunner.java:103)
  at org.junit.runners.BlockJUnit4ClassRunner.runChild(BlockJUnit4ClassRunner.java:63)
  at org.junit.runners.ParentRunner$4.run(ParentRunner.java:331)
  at org.junit.runners.ParentRunner$1.schedule(ParentRunner.java:79)
  at org.junit.runners.ParentRunner.runChildren(ParentRunner.java:329)
  at org.junit.runners.ParentRunner.access$100(ParentRunner.java:66)
  at org.junit.runners.ParentRunner$2.evaluate(ParentRunner.java:293)
  at org.junit.runners.ParentRunner$3.evaluate(ParentRunner.java:306)
  at org.junit.runners.ParentRunner.run(ParentRunner.java:413)
  at org.junit.runner.JUnitCore.run(JUnitCore.java:137)
  at org.junit.runner.JUnitCore.run(JUnitCore.java:115)
  at org.gradle.api.internal.tasks.testing.junit.JUnitTestExecutor.runRequest(JUnitTestExecutor.java:175)
  at org.gradle.api.internal.tasks.testing.junit.JUnitTestExecutor.accept(JUnitTestExecutor.java:84)
  at org.gradle.api.internal.tasks.testing.junit.JUnitTestExecutor.accept(JUnitTestExecutor.java:47)
  at org.gradle.api.internal.tasks.testing.junit.AbstractJUnitTestDefinitionProcessor.processTestDefinition(AbstractJUnitTestDefinitionProcessor.java:65)
  at org.gradle.api.internal.tasks.testing.SuiteTestDefinitionProcessor.processTestDefinition(SuiteTestDefinitionProcessor.java:54)
  at java.base/jdk.internal.reflect.DirectMethodHandleAccessor.invoke(DirectMethodHandleAccessor.java:104)
  at java.base/java.lang.reflect.Method.invoke(Method.java:565)
  at org.gradle.internal.dispatch.MethodInvocation.invokeOn(MethodInvocation.java:77)
  at org.gradle.internal.dispatch.ReflectionDispatch.dispatch(ReflectionDispatch.java:28)
  at org.gradle.internal.dispatch.ReflectionDispatch.dispatch(ReflectionDispatch.java:19)
  at org.gradle.internal.dispatch.ContextClassLoaderDispatch.dispatch(ContextClassLoaderDispatch.java:33)
  at org.gradle.internal.dispatch.ProxyDispatchAdapter$DispatchingInvocationHandler.invoke(ProxyDispatchAdapter.java:88)
  at jdk.proxy1/jdk.proxy1.$Proxy4.processTestDefinition(Unknown Source)
  at org.gradle.api.internal.tasks.testing.worker.TestWorker$2.run(TestWorker.java:178)
  at org.gradle.api.internal.tasks.testing.worker.TestWorker.executeAndMaintainThreadName(TestWorker.java:126)
  at org.gradle.api.internal.tasks.testing.worker.TestWorker.execute(TestWorker.java:103)
  at org.gradle.api.internal.tasks.testing.worker.TestWorker.execute(TestWorker.java:63)
  at org.gradle.process.internal.worker.child.ActionExecutionWorker.execute(ActionExecutionWorker.java:56)
  at org.gradle.process.internal.worker.child.SystemApplicationClassLoaderWorker.call(SystemApplicationClassLoaderWorker.java:122)
  at org.gradle.process.internal.worker.child.SystemApplicationClassLoaderWorker.call(SystemApplicationClassLoaderWorker.java:72)
  at worker.org.gradle.process.internal.worker.GradleWorkerMain.run(GradleWorkerMain.java:69)
  at worker.org.gradle.process.internal.worker.GradleWorkerMain.main(GradleWorkerMain.java:74)
</stacktrace>
</test-failure>


TypeScriptCompilerTests_D[jvm] > declarationEmitDestructuringParameterProperties_ts has expected errors matching declarationEmitDestructuringParameterProperties_errors_txt[jvm] FAILED

<test-failure test="com.xemantic.typescript.compiler.TypeScriptCompilerTests_D.destructuringAssignment_private_ts has expected errors matching destructuringAssignment_private_errors_txt" platform="jvm">
<message>
Expected diagnostics from baseline typescript-repo/tests/baselines/reference/destructuringAssignment_private.errors.txt but none produced
</message>
<stacktrace>
  at com.xemantic.typescript.compiler.TypeScriptTestSupportKt.errorsMatchBaseline(TypeScriptTestSupport.kt:125)
  at com.xemantic.typescript.compiler.TypeScriptCompilerTests_D.destructuringAssignment_private_ts has expected errors matching destructuringAssignment_private_errors_txt(TypeScriptCompilerTests_D.kt:4977)
  at java.base/jdk.internal.reflect.DirectMethodHandleAccessor.invoke(DirectMethodHandleAccessor.java:104)
  at java.base/java.lang.reflect.Method.invoke(Method.java:565)
  at org.junit.runners.model.FrameworkMethod$1.runReflectiveCall(FrameworkMethod.java:59)
  at org.junit.internal.runners.model.ReflectiveCallable.run(ReflectiveCallable.java:12)
  at org.junit.runners.model.FrameworkMethod.invokeExplosively(FrameworkMethod.java:56)
  at org.junit.internal.runners.statements.InvokeMethod.evaluate(InvokeMethod.java:17)
  at org.junit.runners.ParentRunner$3.evaluate(ParentRunner.java:306)
  at org.junit.runners.BlockJUnit4ClassRunner$1.evaluate(BlockJUnit4ClassRunner.java:100)
  at org.junit.runners.ParentRunner.runLeaf(ParentRunner.java:366)
  at org.junit.runners.BlockJUnit4ClassRunner.runChild(BlockJUnit4ClassRunner.java:103)
  at org.junit.runners.BlockJUnit4ClassRunner.runChild(BlockJUnit4ClassRunner.java:63)
  at org.junit.runners.ParentRunner$4.run(ParentRunner.java:331)
  at org.junit.runners.ParentRunner$1.schedule(ParentRunner.java:79)
  at org.junit.runners.ParentRunner.runChildren(ParentRunner.java:329)
  at org.junit.runners.ParentRunner.access$100(ParentRunner.java:66)
  at org.junit.runners.ParentRunner$2.evaluate(ParentRunner.java:293)
  at org.junit.runners.ParentRunner$3.evaluate(ParentRunner.java:306)
  at org.junit.runners.ParentRunner.run(ParentRunner.java:413)
  at org.junit.runner.JUnitCore.run(JUnitCore.java:137)
  at org.junit.runner.JUnitCore.run(JUnitCore.java:115)
  at org.gradle.api.internal.tasks.testing.junit.JUnitTestExecutor.runRequest(JUnitTestExecutor.java:175)
  at org.gradle.api.internal.tasks.testing.junit.JUnitTestExecutor.accept(JUnitTestExecutor.java:84)
  at org.gradle.api.internal.tasks.testing.junit.JUnitTestExecutor.accept(JUnitTestExecutor.java:47)
  at org.gradle.api.internal.tasks.testing.junit.AbstractJUnitTestDefinitionProcessor.processTestDefinition(AbstractJUnitTestDefinitionProcessor.java:65)
  at org.gradle.api.internal.tasks.testing.SuiteTestDefinitionProcessor.processTestDefinition(SuiteTestDefinitionProcessor.java:54)
  at java.base/jdk.internal.reflect.DirectMethodHandleAccessor.invoke(DirectMethodHandleAccessor.java:104)
  at java.base/java.lang.reflect.Method.invoke(Method.java:565)
  at org.gradle.internal.dispatch.MethodInvocation.invokeOn(MethodInvocation.java:77)
  at org.gradle.internal.dispatch.ReflectionDispatch.dispatch(ReflectionDispatch.java:28)
  at org.gradle.internal.dispatch.ReflectionDispatch.dispatch(ReflectionDispatch.java:19)
  at org.gradle.internal.dispatch.ContextClassLoaderDispatch.dispatch(ContextClassLoaderDispatch.java:33)
  at org.gradle.internal.dispatch.ProxyDispatchAdapter$DispatchingInvocationHandler.invoke(ProxyDispatchAdapter.java:88)
  at jdk.proxy1/jdk.proxy1.$Proxy4.processTestDefinition(Unknown Source)
  at org.gradle.api.internal.tasks.testing.worker.TestWorker$2.run(TestWorker.java:178)
  at org.gradle.api.internal.tasks.testing.worker.TestWorker.executeAndMaintainThreadName(TestWorker.java:126)
  at org.gradle.api.internal.tasks.testing.worker.TestWorker.execute(TestWorker.java:103)
  at org.gradle.api.internal.tasks.testing.worker.TestWorker.execute(TestWorker.java:63)
  at org.gradle.process.internal.worker.child.ActionExecutionWorker.execute(ActionExecutionWorker.java:56)
  at org.gradle.process.internal.worker.child.SystemApplicationClassLoaderWorker.call(SystemApplicationClassLoaderWorker.java:122)
  at org.gradle.process.internal.worker.child.SystemApplicationClassLoaderWorker.call(SystemApplicationClassLoaderWorker.java:72)
  at worker.org.gradle.process.internal.worker.GradleWorkerMain.run(GradleWorkerMain.java:69)
  at worker.org.gradle.process.internal.worker.GradleWorkerMain.main(GradleWorkerMain.java:74)
</stacktrace>
</test-failure>


TypeScriptCompilerTests_D[jvm] > destructuringAssignment_private_ts has expected errors matching destructuringAssignment_private_errors_txt[jvm] FAILED

<test-failure test="com.xemantic.typescript.compiler.TypeScriptCompilerTests_D.disallowedBlockScopedInPresenceOfParseErrors1_ts has expected errors matching disallowedBlockScopedInPresenceOfParseErrors1_errors_txt" platform="jvm">
<message>
--- expected
+++ actual
@@ -1,18 +1,22 @@
 disallowedBlockScopedInPresenceOfParseErrors1.ts(5,5): error TS1156: 'const' declarations can only be declared inside a block.
-disallowedBlockScopedInPresenceOfParseErrors1.ts(6,17): error TS2454: Variable 'e' is used before being assigned.
+disallowedBlockScopedInPresenceOfParseErrors1.ts(6,17): error TS2304: Cannot find name 'e'.
 disallowedBlockScopedInPresenceOfParseErrors1.ts(8,1): error TS1128: Declaration or statement expected.
 disallowedBlockScopedInPresenceOfParseErrors1.ts(12,5): error TS1156: 'let' declarations can only be declared inside a block.
-disallowedBlockScopedInPresenceOfParseErrors1.ts(13,17): error TS2454: Variable 'e' is used before being assigned.
+disallowedBlockScopedInPresenceOfParseErrors1.ts(13,17): error TS2304: Cannot find name 'e'.
 disallowedBlockScopedInPresenceOfParseErrors1.ts(15,1): error TS1128: Declaration or statement expected.
-disallowedBlockScopedInPresenceOfParseErrors1.ts(21,5): error TS1156: 'using' declarations can only be declared inside a block.
-disallowedBlockScopedInPresenceOfParseErrors1.ts(22,17): error TS2454: Variable 'e' is used before being assigned.
+disallowedBlockScopedInPresenceOfParseErrors1.ts(17,25): error TS2304: Cannot find name 'Disposable'.
+disallowedBlockScopedInPresenceOfParseErrors1.ts(21,5): error TS2304: Cannot find name 'using'.
+disallowedBlockScopedInPresenceOfParseErrors1.ts(21,11): error TS2304: Cannot find name 'e'.
+disallowedBlockScopedInPresenceOfParseErrors1.ts(22,17): error TS2304: Cannot find name 'e'.
 disallowedBlockScopedInPresenceOfParseErrors1.ts(24,1): error TS1128: Declaration or statement expected.
-disallowedBlockScopedInPresenceOfParseErrors1.ts(30,5): error TS1156: 'await using' declarations can only be declared inside a block.
-disallowedBlockScopedInPresenceOfParseErrors1.ts(31,17): error TS2454: Variable 'e' is used before being assigned.
+disallowedBlockScopedInPresenceOfParseErrors1.ts(26,30): error TS2304: Cannot find name 'AsyncDisposable'.
+disallowedBlockScopedInPresenceOfParseErrors1.ts(30,11): error TS2304: Cannot find name 'using'.
+disallowedBlockScopedInPresenceOfParseErrors1.ts(30,17): error TS2304: Cannot find name 'e'.
+disallowedBlockScopedInPresenceOfParseErrors1.ts(31,17): error TS2304: Cannot find name 'e'.
 disallowedBlockScopedInPresenceOfParseErrors1.ts(33,1): error TS1128: Declaration or statement expected.
 
 
-==== disallowedBlockScopedInPresenceOfParseErrors1.ts (12 errors) ====
+==== disallowedBlockScopedInPresenceOfParseErrors1.ts (16 errors) ====
     // https://github.com/microsoft/TypeScript/issues/61734
     
     function f1() {
@@ -22,7 +26,7 @@
 !!! error TS1156: 'const' declarations can only be declared inside a block.
         console.log(e);
                     ~
-!!! error TS2454: Variable 'e' is used before being assigned.
+!!! error TS2304: Cannot find name 'e'.
       }
     }
     ~
@@ -35,37 +39,45 @@
 !!! error TS1156: 'let' declarations can only be declared inside a block.
         console.log(e);
                     ~
-!!! error TS2454: Variable 'e' is used before being assigned.
+!!! error TS2304: Cannot find name 'e'.
       }
     }
     ~
 !!! error TS1128: Declaration or statement expected.
     
     declare const resource: Disposable
+                            ~~~~~~~~~~
+!!! error TS2304: Cannot find name 'Disposable'.
     
     function f3() {
       if (1 > 0)
         using e = resource;
-        ~~~~~~~~~~~~~~~~~~~
-!!! error TS1156: 'using' declarations can only be declared inside a block.
+        ~~~~~
+!!! error TS2304: Cannot find name 'using'.
+              ~
+!!! error TS2304: Cannot find name 'e'.
         console.log(e);
                     ~
-!!! error TS2454: Variable 'e' is used before being assigned.
+!!! error TS2304: Cannot find name 'e'.
       }
     }
     ~
 !!! error TS1128: Declaration or statement expected.
     
     declare const asyncResource: AsyncDisposable
+                                 ~~~~~~~~~~~~~~~
+!!! error TS2304: Cannot find name 'AsyncDisposable'.
     
     async function f4() {
       if (1 > 0)
         await using e = asyncResource;
-        ~~~~~~~~~~~~~~~~~~~~~~~~~~~~~~
-!!! error TS1156: 'await using' declarations can only be declared inside a block.
+              ~~~~~
+!!! error TS2304: Cannot find name 'using'.
+                    ~
+!!! error TS2304: Cannot find name 'e'.
         console.log(e);
                     ~
-!!! error TS2454: Variable 'e' is used before being assigned.
+!!! error TS2304: Cannot find name 'e'.
       }
     }
     ~

</message>
<stacktrace>
  at org.junit.Assert.fail(Assert.java:89)
  at kotlin.test.junit.JUnitAsserter.fail(JUnitSupport.kt:56)
  at kotlin.test.AssertionsKt__AssertionsKt.fail(Assertions.kt:563)
  at kotlin.test.AssertionsKt.fail(Unknown Source)
  at com.xemantic.kotlin.test.SameAsKt.sameAs(SameAs.kt:52)
  at com.xemantic.typescript.compiler.TypeScriptTestSupportKt.errorsMatchBaseline(TypeScriptTestSupport.kt:135)
  at com.xemantic.typescript.compiler.TypeScriptCompilerTests_D.disallowedBlockScopedInPresenceOfParseErrors1_ts has expected errors matching disallowedBlockScopedInPresenceOfParseErrors1_errors_txt(TypeScriptCompilerTests_D.kt:5334)
  at java.base/jdk.internal.reflect.DirectMethodHandleAccessor.invoke(DirectMethodHandleAccessor.java:104)
  at java.base/java.lang.reflect.Method.invoke(Method.java:565)
  at org.junit.runners.model.FrameworkMethod$1.runReflectiveCall(FrameworkMethod.java:59)
  at org.junit.internal.runners.model.ReflectiveCallable.run(ReflectiveCallable.java:12)
  at org.junit.runners.model.FrameworkMethod.invokeExplosively(FrameworkMethod.java:56)
  at org.junit.internal.runners.statements.InvokeMethod.evaluate(InvokeMethod.java:17)
  at org.junit.runners.ParentRunner$3.evaluate(ParentRunner.java:306)
  at org.junit.runners.BlockJUnit4ClassRunner$1.evaluate(BlockJUnit4ClassRunner.java:100)
  at org.junit.runners.ParentRunner.runLeaf(ParentRunner.java:366)
  at org.junit.runners.BlockJUnit4ClassRunner.runChild(BlockJUnit4ClassRunner.java:103)
  at org.junit.runners.BlockJUnit4ClassRunner.runChild(BlockJUnit4ClassRunner.java:63)
  at org.junit.runners.ParentRunner$4.run(ParentRunner.java:331)
  at org.junit.runners.ParentRunner$1.schedule(ParentRunner.java:79)
  at org.junit.runners.ParentRunner.runChildren(ParentRunner.java:329)
  at org.junit.runners.ParentRunner.access$100(ParentRunner.java:66)
  at org.junit.runners.ParentRunner$2.evaluate(ParentRunner.java:293)
  at org.junit.runners.ParentRunner$3.evaluate(ParentRunner.java:306)
  at org.junit.runners.ParentRunner.run(ParentRunner.java:413)
  at org.junit.runner.JUnitCore.run(JUnitCore.java:137)
  at org.junit.runner.JUnitCore.run(JUnitCore.java:115)
  at org.gradle.api.internal.tasks.testing.junit.JUnitTestExecutor.runRequest(JUnitTestExecutor.java:175)
  at org.gradle.api.internal.tasks.testing.junit.JUnitTestExecutor.accept(JUnitTestExecutor.java:84)
  at org.gradle.api.internal.tasks.testing.junit.JUnitTestExecutor.accept(JUnitTestExecutor.java:47)
  at org.gradle.api.internal.tasks.testing.junit.AbstractJUnitTestDefinitionProcessor.processTestDefinition(AbstractJUnitTestDefinitionProcessor.java:65)
  at org.gradle.api.internal.tasks.testing.SuiteTestDefinitionProcessor.processTestDefinition(SuiteTestDefinitionProcessor.java:54)
  at java.base/jdk.internal.reflect.DirectMethodHandleAccessor.invoke(DirectMethodHandleAccessor.java:104)
  at java.base/java.lang.reflect.Method.invoke(Method.java:565)
  at org.gradle.internal.dispatch.MethodInvocation.invokeOn(MethodInvocation.java:77)
  at org.gradle.internal.dispatch.ReflectionDispatch.dispatch(ReflectionDispatch.java:28)
  at org.gradle.internal.dispatch.ReflectionDispatch.dispatch(ReflectionDispatch.java:19)
  at org.gradle.internal.dispatch.ContextClassLoaderDispatch.dispatch(ContextClassLoaderDispatch.java:33)
  at org.gradle.internal.dispatch.ProxyDispatchAdapter$DispatchingInvocationHandler.invoke(ProxyDispatchAdapter.java:88)
  at jdk.proxy1/jdk.proxy1.$Proxy4.processTestDefinition(Unknown Source)
  at org.gradle.api.internal.tasks.testing.worker.TestWorker$2.run(TestWorker.java:178)
  at org.gradle.api.internal.tasks.testing.worker.TestWorker.executeAndMaintainThreadName(TestWorker.java:126)
  at org.gradle.api.internal.tasks.testing.worker.TestWorker.execute(TestWorker.java:103)
  at org.gradle.api.internal.tasks.testing.worker.TestWorker.execute(TestWorker.java:63)
  at org.gradle.process.internal.worker.child.ActionExecutionWorker.execute(ActionExecutionWorker.java:56)
  at org.gradle.process.internal.worker.child.SystemApplicationClassLoaderWorker.call(SystemApplicationClassLoaderWorker.java:122)
  at org.gradle.process.internal.worker.child.SystemApplicationClassLoaderWorker.call(SystemApplicationClassLoaderWorker.java:72)
  at worker.org.gradle.process.internal.worker.GradleWorkerMain.run(GradleWorkerMain.java:69)
  at worker.org.gradle.process.internal.worker.GradleWorkerMain.main(GradleWorkerMain.java:74)
</stacktrace>
</test-failure>


TypeScriptCompilerTests_D[jvm] > disallowedBlockScopedInPresenceOfParseErrors1_ts has expected errors matching disallowedBlockScopedInPresenceOfParseErrors1_errors_txt[jvm] FAILED

<test-failure test="com.xemantic.typescript.compiler.TypeScriptCompilerTests_D.decrementAndIncrementOperators_ts has expected errors matching decrementAndIncrementOperators_errors_txt" platform="jvm">
<message>
Expected diagnostics from baseline typescript-repo/tests/baselines/reference/decrementAndIncrementOperators.errors.txt but none produced
</message>
<stacktrace>
  at com.xemantic.typescript.compiler.TypeScriptTestSupportKt.errorsMatchBaseline(TypeScriptTestSupport.kt:125)
  at com.xemantic.typescript.compiler.TypeScriptCompilerTests_D.decrementAndIncrementOperators_ts has expected errors matching decrementAndIncrementOperators_errors_txt(TypeScriptCompilerTests_D.kt:4060)
  at java.base/jdk.internal.reflect.DirectMethodHandleAccessor.invoke(DirectMethodHandleAccessor.java:104)
  at java.base/java.lang.reflect.Method.invoke(Method.java:565)
  at org.junit.runners.model.FrameworkMethod$1.runReflectiveCall(FrameworkMethod.java:59)
  at org.junit.internal.runners.model.ReflectiveCallable.run(ReflectiveCallable.java:12)
  at org.junit.runners.model.FrameworkMethod.invokeExplosively(FrameworkMethod.java:56)
  at org.junit.internal.runners.statements.InvokeMethod.evaluate(InvokeMethod.java:17)
  at org.junit.runners.ParentRunner$3.evaluate(ParentRunner.java:306)
  at org.junit.runners.BlockJUnit4ClassRunner$1.evaluate(BlockJUnit4ClassRunner.java:100)
  at org.junit.runners.ParentRunner.runLeaf(ParentRunner.java:366)
  at org.junit.runners.BlockJUnit4ClassRunner.runChild(BlockJUnit4ClassRunner.java:103)
  at org.junit.runners.BlockJUnit4ClassRunner.runChild(BlockJUnit4ClassRunner.java:63)
  at org.junit.runners.ParentRunner$4.run(ParentRunner.java:331)
  at org.junit.runners.ParentRunner$1.schedule(ParentRunner.java:79)
  at org.junit.runners.ParentRunner.runChildren(ParentRunner.java:329)
  at org.junit.runners.ParentRunner.access$100(ParentRunner.java:66)
  at org.junit.runners.ParentRunner$2.evaluate(ParentRunner.java:293)
  at org.junit.runners.ParentRunner$3.evaluate(ParentRunner.java:306)
  at org.junit.runners.ParentRunner.run(ParentRunner.java:413)
  at org.junit.runner.JUnitCore.run(JUnitCore.java:137)
  at org.junit.runner.JUnitCore.run(JUnitCore.java:115)
  at org.gradle.api.internal.tasks.testing.junit.JUnitTestExecutor.runRequest(JUnitTestExecutor.java:175)
  at org.gradle.api.internal.tasks.testing.junit.JUnitTestExecutor.accept(JUnitTestExecutor.java:84)
  at org.gradle.api.internal.tasks.testing.junit.JUnitTestExecutor.accept(JUnitTestExecutor.java:47)
  at org.gradle.api.internal.tasks.testing.junit.AbstractJUnitTestDefinitionProcessor.processTestDefinition(AbstractJUnitTestDefinitionProcessor.java:65)
  at org.gradle.api.internal.tasks.testing.SuiteTestDefinitionProcessor.processTestDefinition(SuiteTestDefinitionProcessor.java:54)
  at java.base/jdk.internal.reflect.DirectMethodHandleAccessor.invoke(DirectMethodHandleAccessor.java:104)
  at java.base/java.lang.reflect.Method.invoke(Method.java:565)
  at org.gradle.internal.dispatch.MethodInvocation.invokeOn(MethodInvocation.java:77)
  at org.gradle.internal.dispatch.ReflectionDispatch.dispatch(ReflectionDispatch.java:28)
  at org.gradle.internal.dispatch.ReflectionDispatch.dispatch(ReflectionDispatch.java:19)
  at org.gradle.internal.dispatch.ContextClassLoaderDispatch.dispatch(ContextClassLoaderDispatch.java:33)
  at org.gradle.internal.dispatch.ProxyDispatchAdapter$DispatchingInvocationHandler.invoke(ProxyDispatchAdapter.java:88)
  at jdk.proxy1/jdk.proxy1.$Proxy4.processTestDefinition(Unknown Source)
  at org.gradle.api.internal.tasks.testing.worker.TestWorker$2.run(TestWorker.java:178)
  at org.gradle.api.internal.tasks.testing.worker.TestWorker.executeAndMaintainThreadName(TestWorker.java:126)
  at org.gradle.api.internal.tasks.testing.worker.TestWorker.execute(TestWorker.java:103)
  at org.gradle.api.internal.tasks.testing.worker.TestWorker.execute(TestWorker.java:63)
  at org.gradle.process.internal.worker.child.ActionExecutionWorker.execute(ActionExecutionWorker.java:56)
  at org.gradle.process.internal.worker.child.SystemApplicationClassLoaderWorker.call(SystemApplicationClassLoaderWorker.java:122)
  at org.gradle.process.internal.worker.child.SystemApplicationClassLoaderWorker.call(SystemApplicationClassLoaderWorker.java:72)
  at worker.org.gradle.process.internal.worker.GradleWorkerMain.run(GradleWorkerMain.java:69)
  at worker.org.gradle.process.internal.worker.GradleWorkerMain.main(GradleWorkerMain.java:74)
</stacktrace>
</test-failure>


TypeScriptCompilerTests_D[jvm] > decrementAndIncrementOperators_ts has expected errors matching decrementAndIncrementOperators_errors_txt[jvm] FAILED

<test-failure test="com.xemantic.typescript.compiler.TypeScriptCompilerTests_D.declarationEmitStringEnumUsedInNonlocalSpread_ts compiles to JavaScript matching declarationEmitStringEnumUsedInNonlocalSpread_js" platform="jvm">
<message>
--- expected
+++ actual
@@ -38,8 +38,8 @@
 class A {
     getA() {
         return {
-            ["123123" /* TestEnum.Test1 */]: '123',
-            ["12312312312" /* TestEnum.Test2 */]: '123',
+            [TestEnum.Test1]: '123',
+            [TestEnum.Test2]: '123',
         };
     }
 }
@@ -51,7 +51,7 @@
 const class_1 = require("./class");
 class B extends class_1.A {
     getA() {
-        return Object.assign(Object.assign({}, super.getA()), { a: '123' });
+        return Object.assign(Object.assign({}, super.getA()), { a: '123', });
     }
 }
 exports.B = B;

</message>
<stacktrace>
  at org.junit.Assert.fail(Assert.java:89)
  at kotlin.test.junit.JUnitAsserter.fail(JUnitSupport.kt:56)
  at kotlin.test.AssertionsKt__AssertionsKt.fail(Assertions.kt:563)
  at kotlin.test.AssertionsKt.fail(Unknown Source)
  at com.xemantic.kotlin.test.SameAsKt.sameAs(SameAs.kt:52)
  at com.xemantic.typescript.compiler.TypeScriptTestSupportKt.sameAs(TypeScriptTestSupport.kt:99)
  at com.xemantic.typescript.compiler.TypeScriptCompilerTests_D.declarationEmitStringEnumUsedInNonlocalSpread_ts compiles to JavaScript matching declarationEmitStringEnumUsedInNonlocalSpread_js(TypeScriptCompilerTests_D.kt:2926)
  at java.base/jdk.internal.reflect.DirectMethodHandleAccessor.invoke(DirectMethodHandleAccessor.java:104)
  at java.base/java.lang.reflect.Method.invoke(Method.java:565)
  at org.junit.runners.model.FrameworkMethod$1.runReflectiveCall(FrameworkMethod.java:59)
  at org.junit.internal.runners.model.ReflectiveCallable.run(ReflectiveCallable.java:12)
  at org.junit.runners.model.FrameworkMethod.invokeExplosively(FrameworkMethod.java:56)
  at org.junit.internal.runners.statements.InvokeMethod.evaluate(InvokeMethod.java:17)
  at org.junit.runners.ParentRunner$3.evaluate(ParentRunner.java:306)
  at org.junit.runners.BlockJUnit4ClassRunner$1.evaluate(BlockJUnit4ClassRunner.java:100)
  at org.junit.runners.ParentRunner.runLeaf(ParentRunner.java:366)
  at org.junit.runners.BlockJUnit4ClassRunner.runChild(BlockJUnit4ClassRunner.java:103)
  at org.junit.runners.BlockJUnit4ClassRunner.runChild(BlockJUnit4ClassRunner.java:63)
  at org.junit.runners.ParentRunner$4.run(ParentRunner.java:331)
  at org.junit.runners.ParentRunner$1.schedule(ParentRunner.java:79)
  at org.junit.runners.ParentRunner.runChildren(ParentRunner.java:329)
  at org.junit.runners.ParentRunner.access$100(ParentRunner.java:66)
  at org.junit.runners.ParentRunner$2.evaluate(ParentRunner.java:293)
  at org.junit.runners.ParentRunner$3.evaluate(ParentRunner.java:306)
  at org.junit.runners.ParentRunner.run(ParentRunner.java:413)
  at org.junit.runner.JUnitCore.run(JUnitCore.java:137)
  at org.junit.runner.JUnitCore.run(JUnitCore.java:115)
  at org.gradle.api.internal.tasks.testing.junit.JUnitTestExecutor.runRequest(JUnitTestExecutor.java:175)
  at org.gradle.api.internal.tasks.testing.junit.JUnitTestExecutor.accept(JUnitTestExecutor.java:84)
  at org.gradle.api.internal.tasks.testing.junit.JUnitTestExecutor.accept(JUnitTestExecutor.java:47)
  at org.gradle.api.internal.tasks.testing.junit.AbstractJUnitTestDefinitionProcessor.processTestDefinition(AbstractJUnitTestDefinitionProcessor.java:65)
  at org.gradle.api.internal.tasks.testing.SuiteTestDefinitionProcessor.processTestDefinition(SuiteTestDefinitionProcessor.java:54)
  at java.base/jdk.internal.reflect.DirectMethodHandleAccessor.invoke(DirectMethodHandleAccessor.java:104)
  at java.base/java.lang.reflect.Method.invoke(Method.java:565)
  at org.gradle.internal.dispatch.MethodInvocation.invokeOn(MethodInvocation.java:77)
  at org.gradle.internal.dispatch.ReflectionDispatch.dispatch(ReflectionDispatch.java:28)
  at org.gradle.internal.dispatch.ReflectionDispatch.dispatch(ReflectionDispatch.java:19)
  at org.gradle.internal.dispatch.ContextClassLoaderDispatch.dispatch(ContextClassLoaderDispatch.java:33)
  at org.gradle.internal.dispatch.ProxyDispatchAdapter$DispatchingInvocationHandler.invoke(ProxyDispatchAdapter.java:88)
  at jdk.proxy1/jdk.proxy1.$Proxy4.processTestDefinition(Unknown Source)
  at org.gradle.api.internal.tasks.testing.worker.TestWorker$2.run(TestWorker.java:178)
  at org.gradle.api.internal.tasks.testing.worker.TestWorker.executeAndMaintainThreadName(TestWorker.java:126)
  at org.gradle.api.internal.tasks.testing.worker.TestWorker.execute(TestWorker.java:103)
  at org.gradle.api.internal.tasks.testing.worker.TestWorker.execute(TestWorker.java:63)
  at org.gradle.process.internal.worker.child.ActionExecutionWorker.execute(ActionExecutionWorker.java:56)
  at org.gradle.process.internal.worker.child.SystemApplicationClassLoaderWorker.call(SystemApplicationClassLoaderWorker.java:122)
  at org.gradle.process.internal.worker.child.SystemApplicationClassLoaderWorker.call(SystemApplicationClassLoaderWorker.java:72)
  at worker.org.gradle.process.internal.worker.GradleWorkerMain.run(GradleWorkerMain.java:69)
  at worker.org.gradle.process.internal.worker.GradleWorkerMain.main(GradleWorkerMain.java:74)
</stacktrace>
</test-failure>


TypeScriptCompilerTests_D[jvm] > declarationEmitStringEnumUsedInNonlocalSpread_ts compiles to JavaScript matching declarationEmitStringEnumUsedInNonlocalSpread_js[jvm] FAILED

<test-failure test="com.xemantic.typescript.compiler.TypeScriptCompilerTests_D.divergentAccessorsTypes5_ts__target_es2015__has expected errors matching baseline" platform="jvm">
<message>
--- expected
+++ actual
@@ -1,9 +1,7 @@
 divergentAccessorsTypes5.ts(8,3): error TS2564: Property 'prop2' has no initializer and is not definitely assigned in the constructor.
-divergentAccessorsTypes5.ts(31,1): error TS2322: Type '42' is not assignable to type '"hello"'.
-divergentAccessorsTypes5.ts(36,1): error TS2322: Type '"hello"' is not assignable to type '42'.
 
 
-==== divergentAccessorsTypes5.ts (3 errors) ====
+==== divergentAccessorsTypes5.ts (1 errors) ====
     // Not really different from divergentAccessorsTypes4.ts,
     // but goes through the deferred type code
     
@@ -37,12 +35,8 @@
     
     // "hello"
     i.prop1 = 42; // error
-    ~~~~~~~
-!!! error TS2322: Type '42' is not assignable to type '"hello"'.
     i.prop1 = "hello";
     
     // 42
     i.prop2 = 42;
     i.prop2 = "hello"; // error
-    ~~~~~~~
-!!! error TS2322: Type '"hello"' is not assignable to type '42'.

</message>
<stacktrace>
  at org.junit.Assert.fail(Assert.java:89)
  at kotlin.test.junit.JUnitAsserter.fail(JUnitSupport.kt:56)
  at kotlin.test.AssertionsKt__AssertionsKt.fail(Assertions.kt:563)
  at kotlin.test.AssertionsKt.fail(Unknown Source)
  at com.xemantic.kotlin.test.SameAsKt.sameAs(SameAs.kt:52)
  at com.xemantic.typescript.compiler.TypeScriptTestSupportKt.errorsMatchBaseline(TypeScriptTestSupport.kt:135)
  at com.xemantic.typescript.compiler.TypeScriptCompilerTests_D.divergentAccessorsTypes5_ts__target_es2015__has expected errors matching baseline(TypeScriptCompilerTests_D.kt:5544)
  at java.base/jdk.internal.reflect.DirectMethodHandleAccessor.invoke(DirectMethodHandleAccessor.java:104)
  at java.base/java.lang.reflect.Method.invoke(Method.java:565)
  at org.junit.runners.model.FrameworkMethod$1.runReflectiveCall(FrameworkMethod.java:59)
  at org.junit.internal.runners.model.ReflectiveCallable.run(ReflectiveCallable.java:12)
  at org.junit.runners.model.FrameworkMethod.invokeExplosively(FrameworkMethod.java:56)
  at org.junit.internal.runners.statements.InvokeMethod.evaluate(InvokeMethod.java:17)
  at org.junit.runners.ParentRunner$3.evaluate(ParentRunner.java:306)
  at org.junit.runners.BlockJUnit4ClassRunner$1.evaluate(BlockJUnit4ClassRunner.java:100)
  at org.junit.runners.ParentRunner.runLeaf(ParentRunner.java:366)
  at org.junit.runners.BlockJUnit4ClassRunner.runChild(BlockJUnit4ClassRunner.java:103)
  at org.junit.runners.BlockJUnit4ClassRunner.runChild(BlockJUnit4ClassRunner.java:63)
  at org.junit.runners.ParentRunner$4.run(ParentRunner.java:331)
  at org.junit.runners.ParentRunner$1.schedule(ParentRunner.java:79)
  at org.junit.runners.ParentRunner.runChildren(ParentRunner.java:329)
  at org.junit.runners.ParentRunner.access$100(ParentRunner.java:66)
  at org.junit.runners.ParentRunner$2.evaluate(ParentRunner.java:293)
  at org.junit.runners.ParentRunner$3.evaluate(ParentRunner.java:306)
  at org.junit.runners.ParentRunner.run(ParentRunner.java:413)
  at org.junit.runner.JUnitCore.run(JUnitCore.java:137)
  at org.junit.runner.JUnitCore.run(JUnitCore.java:115)
  at org.gradle.api.internal.tasks.testing.junit.JUnitTestExecutor.runRequest(JUnitTestExecutor.java:175)
  at org.gradle.api.internal.tasks.testing.junit.JUnitTestExecutor.accept(JUnitTestExecutor.java:84)
  at org.gradle.api.internal.tasks.testing.junit.JUnitTestExecutor.accept(JUnitTestExecutor.java:47)
  at org.gradle.api.internal.tasks.testing.junit.AbstractJUnitTestDefinitionProcessor.processTestDefinition(AbstractJUnitTestDefinitionProcessor.java:65)
  at org.gradle.api.internal.tasks.testing.SuiteTestDefinitionProcessor.processTestDefinition(SuiteTestDefinitionProcessor.java:54)
  at java.base/jdk.internal.reflect.DirectMethodHandleAccessor.invoke(DirectMethodHandleAccessor.java:104)
  at java.base/java.lang.reflect.Method.invoke(Method.java:565)
  at org.gradle.internal.dispatch.MethodInvocation.invokeOn(MethodInvocation.java:77)
  at org.gradle.internal.dispatch.ReflectionDispatch.dispatch(ReflectionDispatch.java:28)
  at org.gradle.internal.dispatch.ReflectionDispatch.dispatch(ReflectionDispatch.java:19)
  at org.gradle.internal.dispatch.ContextClassLoaderDispatch.dispatch(ContextClassLoaderDispatch.java:33)
  at org.gradle.internal.dispatch.ProxyDispatchAdapter$DispatchingInvocationHandler.invoke(ProxyDispatchAdapter.java:88)
  at jdk.proxy1/jdk.proxy1.$Proxy4.processTestDefinition(Unknown Source)
  at org.gradle.api.internal.tasks.testing.worker.TestWorker$2.run(TestWorker.java:178)
  at org.gradle.api.internal.tasks.testing.worker.TestWorker.executeAndMaintainThreadName(TestWorker.java:126)
  at org.gradle.api.internal.tasks.testing.worker.TestWorker.execute(TestWorker.java:103)
  at org.gradle.api.internal.tasks.testing.worker.TestWorker.execute(TestWorker.java:63)
  at org.gradle.process.internal.worker.child.ActionExecutionWorker.execute(ActionExecutionWorker.java:56)
  at org.gradle.process.internal.worker.child.SystemApplicationClassLoaderWorker.call(SystemApplicationClassLoaderWorker.java:122)
  at org.gradle.process.internal.worker.child.SystemApplicationClassLoaderWorker.call(SystemApplicationClassLoaderWorker.java:72)
  at worker.org.gradle.process.internal.worker.GradleWorkerMain.run(GradleWorkerMain.java:69)
  at worker.org.gradle.process.internal.worker.GradleWorkerMain.main(GradleWorkerMain.java:74)
</stacktrace>
</test-failure>


TypeScriptCompilerTests_D[jvm] > divergentAccessorsTypes5_ts__target_es2015__has expected errors matching baseline[jvm] FAILED

<test-failure test="com.xemantic.typescript.compiler.TypeScriptCompilerTests_D.declarationEmitVarInElidedBlock_ts has expected errors matching declarationEmitVarInElidedBlock_errors_txt" platform="jvm">
<message>
Expected diagnostics from baseline typescript-repo/tests/baselines/reference/declarationEmitVarInElidedBlock.errors.txt but none produced
</message>
<stacktrace>
  at com.xemantic.typescript.compiler.TypeScriptTestSupportKt.errorsMatchBaseline(TypeScriptTestSupport.kt:125)
  at com.xemantic.typescript.compiler.TypeScriptCompilerTests_D.declarationEmitVarInElidedBlock_ts has expected errors matching declarationEmitVarInElidedBlock_errors_txt(TypeScriptCompilerTests_D.kt:3227)
  at java.base/jdk.internal.reflect.DirectMethodHandleAccessor.invoke(DirectMethodHandleAccessor.java:104)
  at java.base/java.lang.reflect.Method.invoke(Method.java:565)
  at org.junit.runners.model.FrameworkMethod$1.runReflectiveCall(FrameworkMethod.java:59)
  at org.junit.internal.runners.model.ReflectiveCallable.run(ReflectiveCallable.java:12)
  at org.junit.runners.model.FrameworkMethod.invokeExplosively(FrameworkMethod.java:56)
  at org.junit.internal.runners.statements.InvokeMethod.evaluate(InvokeMethod.java:17)
  at org.junit.runners.ParentRunner$3.evaluate(ParentRunner.java:306)
  at org.junit.runners.BlockJUnit4ClassRunner$1.evaluate(BlockJUnit4ClassRunner.java:100)
  at org.junit.runners.ParentRunner.runLeaf(ParentRunner.java:366)
  at org.junit.runners.BlockJUnit4ClassRunner.runChild(BlockJUnit4ClassRunner.java:103)
  at org.junit.runners.BlockJUnit4ClassRunner.runChild(BlockJUnit4ClassRunner.java:63)
  at org.junit.runners.ParentRunner$4.run(ParentRunner.java:331)
  at org.junit.runners.ParentRunner$1.schedule(ParentRunner.java:79)
  at org.junit.runners.ParentRunner.runChildren(ParentRunner.java:329)
  at org.junit.runners.ParentRunner.access$100(ParentRunner.java:66)
  at org.junit.runners.ParentRunner$2.evaluate(ParentRunner.java:293)
  at org.junit.runners.ParentRunner$3.evaluate(ParentRunner.java:306)
  at org.junit.runners.ParentRunner.run(ParentRunner.java:413)
  at org.junit.runner.JUnitCore.run(JUnitCore.java:137)
  at org.junit.runner.JUnitCore.run(JUnitCore.java:115)
  at org.gradle.api.internal.tasks.testing.junit.JUnitTestExecutor.runRequest(JUnitTestExecutor.java:175)
  at org.gradle.api.internal.tasks.testing.junit.JUnitTestExecutor.accept(JUnitTestExecutor.java:84)
  at org.gradle.api.internal.tasks.testing.junit.JUnitTestExecutor.accept(JUnitTestExecutor.java:47)
  at org.gradle.api.internal.tasks.testing.junit.AbstractJUnitTestDefinitionProcessor.processTestDefinition(AbstractJUnitTestDefinitionProcessor.java:65)
  at org.gradle.api.internal.tasks.testing.SuiteTestDefinitionProcessor.processTestDefinition(SuiteTestDefinitionProcessor.java:54)
  at java.base/jdk.internal.reflect.DirectMethodHandleAccessor.invoke(DirectMethodHandleAccessor.java:104)
  at java.base/java.lang.reflect.Method.invoke(Method.java:565)
  at org.gradle.internal.dispatch.MethodInvocation.invokeOn(MethodInvocation.java:77)
  at org.gradle.internal.dispatch.ReflectionDispatch.dispatch(ReflectionDispatch.java:28)
  at org.gradle.internal.dispatch.ReflectionDispatch.dispatch(ReflectionDispatch.java:19)
  at org.gradle.internal.dispatch.ContextClassLoaderDispatch.dispatch(ContextClassLoaderDispatch.java:33)
  at org.gradle.internal.dispatch.ProxyDispatchAdapter$DispatchingInvocationHandler.invoke(ProxyDispatchAdapter.java:88)
  at jdk.proxy1/jdk.proxy1.$Proxy4.processTestDefinition(Unknown Source)
  at org.gradle.api.internal.tasks.testing.worker.TestWorker$2.run(TestWorker.java:178)
  at org.gradle.api.internal.tasks.testing.worker.TestWorker.executeAndMaintainThreadName(TestWorker.java:126)
  at org.gradle.api.internal.tasks.testing.worker.TestWorker.execute(TestWorker.java:103)
  at org.gradle.api.internal.tasks.testing.worker.TestWorker.execute(TestWorker.java:63)
  at org.gradle.process.internal.worker.child.ActionExecutionWorker.execute(ActionExecutionWorker.java:56)
  at org.gradle.process.internal.worker.child.SystemApplicationClassLoaderWorker.call(SystemApplicationClassLoaderWorker.java:122)
  at org.gradle.process.internal.worker.child.SystemApplicationClassLoaderWorker.call(SystemApplicationClassLoaderWorker.java:72)
  at worker.org.gradle.process.internal.worker.GradleWorkerMain.run(GradleWorkerMain.java:69)
  at worker.org.gradle.process.internal.worker.GradleWorkerMain.main(GradleWorkerMain.java:74)
</stacktrace>
</test-failure>


TypeScriptCompilerTests_D[jvm] > declarationEmitVarInElidedBlock_ts has expected errors matching declarationEmitVarInElidedBlock_errors_txt[jvm] FAILED

<test-failure test="com.xemantic.typescript.compiler.TypeScriptCompilerTests_D.declarationEmitInferredTypeAlias5_ts has expected errors matching declarationEmitInferredTypeAlias5_errors_txt" platform="jvm">
<message>
Expected diagnostics from baseline typescript-repo/tests/baselines/reference/declarationEmitInferredTypeAlias5.errors.txt but none produced
</message>
<stacktrace>
  at com.xemantic.typescript.compiler.TypeScriptTestSupportKt.errorsMatchBaseline(TypeScriptTestSupport.kt:125)
  at com.xemantic.typescript.compiler.TypeScriptCompilerTests_D.declarationEmitInferredTypeAlias5_ts has expected errors matching declarationEmitInferredTypeAlias5_errors_txt(TypeScriptCompilerTests_D.kt:2086)
  at java.base/jdk.internal.reflect.DirectMethodHandleAccessor.invoke(DirectMethodHandleAccessor.java:104)
  at java.base/java.lang.reflect.Method.invoke(Method.java:565)
  at org.junit.runners.model.FrameworkMethod$1.runReflectiveCall(FrameworkMethod.java:59)
  at org.junit.internal.runners.model.ReflectiveCallable.run(ReflectiveCallable.java:12)
  at org.junit.runners.model.FrameworkMethod.invokeExplosively(FrameworkMethod.java:56)
  at org.junit.internal.runners.statements.InvokeMethod.evaluate(InvokeMethod.java:17)
  at org.junit.runners.ParentRunner$3.evaluate(ParentRunner.java:306)
  at org.junit.runners.BlockJUnit4ClassRunner$1.evaluate(BlockJUnit4ClassRunner.java:100)
  at org.junit.runners.ParentRunner.runLeaf(ParentRunner.java:366)
  at org.junit.runners.BlockJUnit4ClassRunner.runChild(BlockJUnit4ClassRunner.java:103)
  at org.junit.runners.BlockJUnit4ClassRunner.runChild(BlockJUnit4ClassRunner.java:63)
  at org.junit.runners.ParentRunner$4.run(ParentRunner.java:331)
  at org.junit.runners.ParentRunner$1.schedule(ParentRunner.java:79)
  at org.junit.runners.ParentRunner.runChildren(ParentRunner.java:329)
  at org.junit.runners.ParentRunner.access$100(ParentRunner.java:66)
  at org.junit.runners.ParentRunner$2.evaluate(ParentRunner.java:293)
  at org.junit.runners.ParentRunner$3.evaluate(ParentRunner.java:306)
  at org.junit.runners.ParentRunner.run(ParentRunner.java:413)
  at org.junit.runner.JUnitCore.run(JUnitCore.java:137)
  at org.junit.runner.JUnitCore.run(JUnitCore.java:115)
  at org.gradle.api.internal.tasks.testing.junit.JUnitTestExecutor.runRequest(JUnitTestExecutor.java:175)
  at org.gradle.api.internal.tasks.testing.junit.JUnitTestExecutor.accept(JUnitTestExecutor.java:84)
  at org.gradle.api.internal.tasks.testing.junit.JUnitTestExecutor.accept(JUnitTestExecutor.java:47)
  at org.gradle.api.internal.tasks.testing.junit.AbstractJUnitTestDefinitionProcessor.processTestDefinition(AbstractJUnitTestDefinitionProcessor.java:65)
  at org.gradle.api.internal.tasks.testing.SuiteTestDefinitionProcessor.processTestDefinition(SuiteTestDefinitionProcessor.java:54)
  at java.base/jdk.internal.reflect.DirectMethodHandleAccessor.invoke(DirectMethodHandleAccessor.java:104)
  at java.base/java.lang.reflect.Method.invoke(Method.java:565)
  at org.gradle.internal.dispatch.MethodInvocation.invokeOn(MethodInvocation.java:77)
  at org.gradle.internal.dispatch.ReflectionDispatch.dispatch(ReflectionDispatch.java:28)
  at org.gradle.internal.dispatch.ReflectionDispatch.dispatch(ReflectionDispatch.java:19)
  at org.gradle.internal.dispatch.ContextClassLoaderDispatch.dispatch(ContextClassLoaderDispatch.java:33)
  at org.gradle.internal.dispatch.ProxyDispatchAdapter$DispatchingInvocationHandler.invoke(ProxyDispatchAdapter.java:88)
  at jdk.proxy1/jdk.proxy1.$Proxy4.processTestDefinition(Unknown Source)
  at org.gradle.api.internal.tasks.testing.worker.TestWorker$2.run(TestWorker.java:178)
  at org.gradle.api.internal.tasks.testing.worker.TestWorker.executeAndMaintainThreadName(TestWorker.java:126)
  at org.gradle.api.internal.tasks.testing.worker.TestWorker.execute(TestWorker.java:103)
  at org.gradle.api.internal.tasks.testing.worker.TestWorker.execute(TestWorker.java:63)
  at org.gradle.process.internal.worker.child.ActionExecutionWorker.execute(ActionExecutionWorker.java:56)
  at org.gradle.process.internal.worker.child.SystemApplicationClassLoaderWorker.call(SystemApplicationClassLoaderWorker.java:122)
  at org.gradle.process.internal.worker.child.SystemApplicationClassLoaderWorker.call(SystemApplicationClassLoaderWorker.java:72)
  at worker.org.gradle.process.internal.worker.GradleWorkerMain.run(GradleWorkerMain.java:69)
  at worker.org.gradle.process.internal.worker.GradleWorkerMain.main(GradleWorkerMain.java:74)
</stacktrace>
</test-failure>


TypeScriptCompilerTests_D[jvm] > declarationEmitInferredTypeAlias5_ts has expected errors matching declarationEmitInferredTypeAlias5_errors_txt[jvm] FAILED

<test-failure test="com.xemantic.typescript.compiler.TypeScriptCompilerTests_D.decoratorUsedBeforeDeclaration_ts has expected errors matching decoratorUsedBeforeDeclaration_errors_txt" platform="jvm">
<message>
Expected diagnostics from baseline typescript-repo/tests/baselines/reference/decoratorUsedBeforeDeclaration.errors.txt but none produced
</message>
<stacktrace>
  at com.xemantic.typescript.compiler.TypeScriptTestSupportKt.errorsMatchBaseline(TypeScriptTestSupport.kt:125)
  at com.xemantic.typescript.compiler.TypeScriptCompilerTests_D.decoratorUsedBeforeDeclaration_ts has expected errors matching decoratorUsedBeforeDeclaration_errors_txt(TypeScriptCompilerTests_D.kt:4011)
  at java.base/jdk.internal.reflect.DirectMethodHandleAccessor.invoke(DirectMethodHandleAccessor.java:104)
  at java.base/java.lang.reflect.Method.invoke(Method.java:565)
  at org.junit.runners.model.FrameworkMethod$1.runReflectiveCall(FrameworkMethod.java:59)
  at org.junit.internal.runners.model.ReflectiveCallable.run(ReflectiveCallable.java:12)
  at org.junit.runners.model.FrameworkMethod.invokeExplosively(FrameworkMethod.java:56)
  at org.junit.internal.runners.statements.InvokeMethod.evaluate(InvokeMethod.java:17)
  at org.junit.runners.ParentRunner$3.evaluate(ParentRunner.java:306)
  at org.junit.runners.BlockJUnit4ClassRunner$1.evaluate(BlockJUnit4ClassRunner.java:100)
  at org.junit.runners.ParentRunner.runLeaf(ParentRunner.java:366)
  at org.junit.runners.BlockJUnit4ClassRunner.runChild(BlockJUnit4ClassRunner.java:103)
  at org.junit.runners.BlockJUnit4ClassRunner.runChild(BlockJUnit4ClassRunner.java:63)
  at org.junit.runners.ParentRunner$4.run(ParentRunner.java:331)
  at org.junit.runners.ParentRunner$1.schedule(ParentRunner.java:79)
  at org.junit.runners.ParentRunner.runChildren(ParentRunner.java:329)
  at org.junit.runners.ParentRunner.access$100(ParentRunner.java:66)
  at org.junit.runners.ParentRunner$2.evaluate(ParentRunner.java:293)
  at org.junit.runners.ParentRunner$3.evaluate(ParentRunner.java:306)
  at org.junit.runners.ParentRunner.run(ParentRunner.java:413)
  at org.junit.runner.JUnitCore.run(JUnitCore.java:137)
  at org.junit.runner.JUnitCore.run(JUnitCore.java:115)
  at org.gradle.api.internal.tasks.testing.junit.JUnitTestExecutor.runRequest(JUnitTestExecutor.java:175)
  at org.gradle.api.internal.tasks.testing.junit.JUnitTestExecutor.accept(JUnitTestExecutor.java:84)
  at org.gradle.api.internal.tasks.testing.junit.JUnitTestExecutor.accept(JUnitTestExecutor.java:47)
  at org.gradle.api.internal.tasks.testing.junit.AbstractJUnitTestDefinitionProcessor.processTestDefinition(AbstractJUnitTestDefinitionProcessor.java:65)
  at org.gradle.api.internal.tasks.testing.SuiteTestDefinitionProcessor.processTestDefinition(SuiteTestDefinitionProcessor.java:54)
  at java.base/jdk.internal.reflect.DirectMethodHandleAccessor.invoke(DirectMethodHandleAccessor.java:104)
  at java.base/java.lang.reflect.Method.invoke(Method.java:565)
  at org.gradle.internal.dispatch.MethodInvocation.invokeOn(MethodInvocation.java:77)
  at org.gradle.internal.dispatch.ReflectionDispatch.dispatch(ReflectionDispatch.java:28)
  at org.gradle.internal.dispatch.ReflectionDispatch.dispatch(ReflectionDispatch.java:19)
  at org.gradle.internal.dispatch.ContextClassLoaderDispatch.dispatch(ContextClassLoaderDispatch.java:33)
  at org.gradle.internal.dispatch.ProxyDispatchAdapter$DispatchingInvocationHandler.invoke(ProxyDispatchAdapter.java:88)
  at jdk.proxy1/jdk.proxy1.$Proxy4.processTestDefinition(Unknown Source)
  at org.gradle.api.internal.tasks.testing.worker.TestWorker$2.run(TestWorker.java:178)
  at org.gradle.api.internal.tasks.testing.worker.TestWorker.executeAndMaintainThreadName(TestWorker.java:126)
  at org.gradle.api.internal.tasks.testing.worker.TestWorker.execute(TestWorker.java:103)
  at org.gradle.api.internal.tasks.testing.worker.TestWorker.execute(TestWorker.java:63)
  at org.gradle.process.internal.worker.child.ActionExecutionWorker.execute(ActionExecutionWorker.java:56)
  at org.gradle.process.internal.worker.child.SystemApplicationClassLoaderWorker.call(SystemApplicationClassLoaderWorker.java:122)
  at org.gradle.process.internal.worker.child.SystemApplicationClassLoaderWorker.call(SystemApplicationClassLoaderWorker.java:72)
  at worker.org.gradle.process.internal.worker.GradleWorkerMain.run(GradleWorkerMain.java:69)
  at worker.org.gradle.process.internal.worker.GradleWorkerMain.main(GradleWorkerMain.java:74)
</stacktrace>
</test-failure>


TypeScriptCompilerTests_D[jvm] > decoratorUsedBeforeDeclaration_ts has expected errors matching decoratorUsedBeforeDeclaration_errors_txt[jvm] FAILED

<test-failure test="com.xemantic.typescript.compiler.TypeScriptCompilerTests_D.defaultValueInFunctionTypes_ts has expected errors matching defaultValueInFunctionTypes_errors_txt" platform="jvm">
<message>
--- expected
+++ actual
@@ -1,19 +1,13 @@
-defaultValueInFunctionTypes.ts(1,15): error TS2371: A parameter initializer is only allowed in a function or constructor implementation.
 defaultValueInFunctionTypes.ts(3,9): error TS2371: A parameter initializer is only allowed in a function or constructor implementation.
-defaultValueInFunctionTypes.ts(4,9): error TS2352: Conversion of type 'undefined' to type '(a?: string) => any' may be a mistake because neither type sufficiently overlaps with the other. If this was intentional, convert the expression to 'unknown' first.
 defaultValueInFunctionTypes.ts(4,11): error TS2371: A parameter initializer is only allowed in a function or constructor implementation.
 
 
-==== defaultValueInFunctionTypes.ts (4 errors) ====
+==== defaultValueInFunctionTypes.ts (2 errors) ====
     type Foo = ({ first = 0 }: { first?: number }) => unknown;
-                  ~~~~~
-!!! error TS2371: A parameter initializer is only allowed in a function or constructor implementation.
     
     var x: (a: number = 1) => number;
             ~~~~~~~~~~~~~
 !!! error TS2371: A parameter initializer is only allowed in a function or constructor implementation.
     var y = <(a : string = "") => any>(undefined)
-            ~~~~~~~~~~~~~~~~~~~~~~~~~~~~~~~~~~~~~
-!!! error TS2352: Conversion of type 'undefined' to type '(a?: string) => any' may be a mistake because neither type sufficiently overlaps with the other. If this was intentional, convert the expression to 'unknown' first.
               ~~~~~~~~~~~~~~~
 !!! error TS2371: A parameter initializer is only allowed in a function or constructor implementation.

</message>
<stacktrace>
  at org.junit.Assert.fail(Assert.java:89)
  at kotlin.test.junit.JUnitAsserter.fail(JUnitSupport.kt:56)
  at kotlin.test.AssertionsKt__AssertionsKt.fail(Assertions.kt:563)
  at kotlin.test.AssertionsKt.fail(Unknown Source)
  at com.xemantic.kotlin.test.SameAsKt.sameAs(SameAs.kt:52)
  at com.xemantic.typescript.compiler.TypeScriptTestSupportKt.errorsMatchBaseline(TypeScriptTestSupport.kt:135)
  at com.xemantic.typescript.compiler.TypeScriptCompilerTests_D.defaultValueInFunctionTypes_ts has expected errors matching defaultValueInFunctionTypes_errors_txt(TypeScriptCompilerTests_D.kt:4424)
  at java.base/jdk.internal.reflect.DirectMethodHandleAccessor.invoke(DirectMethodHandleAccessor.java:104)
  at java.base/java.lang.reflect.Method.invoke(Method.java:565)
  at org.junit.runners.model.FrameworkMethod$1.runReflectiveCall(FrameworkMethod.java:59)
  at org.junit.internal.runners.model.ReflectiveCallable.run(ReflectiveCallable.java:12)
  at org.junit.runners.model.FrameworkMethod.invokeExplosively(FrameworkMethod.java:56)
  at org.junit.internal.runners.statements.InvokeMethod.evaluate(InvokeMethod.java:17)
  at org.junit.runners.ParentRunner$3.evaluate(ParentRunner.java:306)
  at org.junit.runners.BlockJUnit4ClassRunner$1.evaluate(BlockJUnit4ClassRunner.java:100)
  at org.junit.runners.ParentRunner.runLeaf(ParentRunner.java:366)
  at org.junit.runners.BlockJUnit4ClassRunner.runChild(BlockJUnit4ClassRunner.java:103)
  at org.junit.runners.BlockJUnit4ClassRunner.runChild(BlockJUnit4ClassRunner.java:63)
  at org.junit.runners.ParentRunner$4.run(ParentRunner.java:331)
  at org.junit.runners.ParentRunner$1.schedule(ParentRunner.java:79)
  at org.junit.runners.ParentRunner.runChildren(ParentRunner.java:329)
  at org.junit.runners.ParentRunner.access$100(ParentRunner.java:66)
  at org.junit.runners.ParentRunner$2.evaluate(ParentRunner.java:293)
  at org.junit.runners.ParentRunner$3.evaluate(ParentRunner.java:306)
  at org.junit.runners.ParentRunner.run(ParentRunner.java:413)
  at org.junit.runner.JUnitCore.run(JUnitCore.java:137)
  at org.junit.runner.JUnitCore.run(JUnitCore.java:115)
  at org.gradle.api.internal.tasks.testing.junit.JUnitTestExecutor.runRequest(JUnitTestExecutor.java:175)
  at org.gradle.api.internal.tasks.testing.junit.JUnitTestExecutor.accept(JUnitTestExecutor.java:84)
  at org.gradle.api.internal.tasks.testing.junit.JUnitTestExecutor.accept(JUnitTestExecutor.java:47)
  at org.gradle.api.internal.tasks.testing.junit.AbstractJUnitTestDefinitionProcessor.processTestDefinition(AbstractJUnitTestDefinitionProcessor.java:65)
  at org.gradle.api.internal.tasks.testing.SuiteTestDefinitionProcessor.processTestDefinition(SuiteTestDefinitionProcessor.java:54)
  at java.base/jdk.internal.reflect.DirectMethodHandleAccessor.invoke(DirectMethodHandleAccessor.java:104)
  at java.base/java.lang.reflect.Method.invoke(Method.java:565)
  at org.gradle.internal.dispatch.MethodInvocation.invokeOn(MethodInvocation.java:77)
  at org.gradle.internal.dispatch.ReflectionDispatch.dispatch(ReflectionDispatch.java:28)
  at org.gradle.internal.dispatch.ReflectionDispatch.dispatch(ReflectionDispatch.java:19)
  at org.gradle.internal.dispatch.ContextClassLoaderDispatch.dispatch(ContextClassLoaderDispatch.java:33)
  at org.gradle.internal.dispatch.ProxyDispatchAdapter$DispatchingInvocationHandler.invoke(ProxyDispatchAdapter.java:88)
  at jdk.proxy1/jdk.proxy1.$Proxy4.processTestDefinition(Unknown Source)
  at org.gradle.api.internal.tasks.testing.worker.TestWorker$2.run(TestWorker.java:178)
  at org.gradle.api.internal.tasks.testing.worker.TestWorker.executeAndMaintainThreadName(TestWorker.java:126)
  at org.gradle.api.internal.tasks.testing.worker.TestWorker.execute(TestWorker.java:103)
  at org.gradle.api.internal.tasks.testing.worker.TestWorker.execute(TestWorker.java:63)
  at org.gradle.process.internal.worker.child.ActionExecutionWorker.execute(ActionExecutionWorker.java:56)
  at org.gradle.process.internal.worker.child.SystemApplicationClassLoaderWorker.call(SystemApplicationClassLoaderWorker.java:122)
  at org.gradle.process.internal.worker.child.SystemApplicationClassLoaderWorker.call(SystemApplicationClassLoaderWorker.java:72)
  at worker.org.gradle.process.internal.worker.GradleWorkerMain.run(GradleWorkerMain.java:69)
  at worker.org.gradle.process.internal.worker.GradleWorkerMain.main(GradleWorkerMain.java:74)
</stacktrace>
</test-failure>


TypeScriptCompilerTests_D[jvm] > defaultValueInFunctionTypes_ts has expected errors matching defaultValueInFunctionTypes_errors_txt[jvm] FAILED

<test-failure test="com.xemantic.typescript.compiler.TypeScriptCompilerTests_D.derivedClassOverridesPrivateFunction1_ts has expected errors matching derivedClassOverridesPrivateFunction1_errors_txt" platform="jvm">
<message>
Expected diagnostics from baseline typescript-repo/tests/baselines/reference/derivedClassOverridesPrivateFunction1.errors.txt but none produced
</message>
<stacktrace>
  at com.xemantic.typescript.compiler.TypeScriptTestSupportKt.errorsMatchBaseline(TypeScriptTestSupport.kt:125)
  at com.xemantic.typescript.compiler.TypeScriptCompilerTests_D.derivedClassOverridesPrivateFunction1_ts has expected errors matching derivedClassOverridesPrivateFunction1_errors_txt(TypeScriptCompilerTests_D.kt:4732)
  at java.base/jdk.internal.reflect.DirectMethodHandleAccessor.invoke(DirectMethodHandleAccessor.java:104)
  at java.base/java.lang.reflect.Method.invoke(Method.java:565)
  at org.junit.runners.model.FrameworkMethod$1.runReflectiveCall(FrameworkMethod.java:59)
  at org.junit.internal.runners.model.ReflectiveCallable.run(ReflectiveCallable.java:12)
  at org.junit.runners.model.FrameworkMethod.invokeExplosively(FrameworkMethod.java:56)
  at org.junit.internal.runners.statements.InvokeMethod.evaluate(InvokeMethod.java:17)
  at org.junit.runners.ParentRunner$3.evaluate(ParentRunner.java:306)
  at org.junit.runners.BlockJUnit4ClassRunner$1.evaluate(BlockJUnit4ClassRunner.java:100)
  at org.junit.runners.ParentRunner.runLeaf(ParentRunner.java:366)
  at org.junit.runners.BlockJUnit4ClassRunner.runChild(BlockJUnit4ClassRunner.java:103)
  at org.junit.runners.BlockJUnit4ClassRunner.runChild(BlockJUnit4ClassRunner.java:63)
  at org.junit.runners.ParentRunner$4.run(ParentRunner.java:331)
  at org.junit.runners.ParentRunner$1.schedule(ParentRunner.java:79)
  at org.junit.runners.ParentRunner.runChildren(ParentRunner.java:329)
  at org.junit.runners.ParentRunner.access$100(ParentRunner.java:66)
  at org.junit.runners.ParentRunner$2.evaluate(ParentRunner.java:293)
  at org.junit.runners.ParentRunner$3.evaluate(ParentRunner.java:306)
  at org.junit.runners.ParentRunner.run(ParentRunner.java:413)
  at org.junit.runner.JUnitCore.run(JUnitCore.java:137)
  at org.junit.runner.JUnitCore.run(JUnitCore.java:115)
  at org.gradle.api.internal.tasks.testing.junit.JUnitTestExecutor.runRequest(JUnitTestExecutor.java:175)
  at org.gradle.api.internal.tasks.testing.junit.JUnitTestExecutor.accept(JUnitTestExecutor.java:84)
  at org.gradle.api.internal.tasks.testing.junit.JUnitTestExecutor.accept(JUnitTestExecutor.java:47)
  at org.gradle.api.internal.tasks.testing.junit.AbstractJUnitTestDefinitionProcessor.processTestDefinition(AbstractJUnitTestDefinitionProcessor.java:65)
  at org.gradle.api.internal.tasks.testing.SuiteTestDefinitionProcessor.processTestDefinition(SuiteTestDefinitionProcessor.java:54)
  at java.base/jdk.internal.reflect.DirectMethodHandleAccessor.invoke(DirectMethodHandleAccessor.java:104)
  at java.base/java.lang.reflect.Method.invoke(Method.java:565)
  at org.gradle.internal.dispatch.MethodInvocation.invokeOn(MethodInvocation.java:77)
  at org.gradle.internal.dispatch.ReflectionDispatch.dispatch(ReflectionDispatch.java:28)
  at org.gradle.internal.dispatch.ReflectionDispatch.dispatch(ReflectionDispatch.java:19)
  at org.gradle.internal.dispatch.ContextClassLoaderDispatch.dispatch(ContextClassLoaderDispatch.java:33)
  at org.gradle.internal.dispatch.ProxyDispatchAdapter$DispatchingInvocationHandler.invoke(ProxyDispatchAdapter.java:88)
  at jdk.proxy1/jdk.proxy1.$Proxy4.processTestDefinition(Unknown Source)
  at org.gradle.api.internal.tasks.testing.worker.TestWorker$2.run(TestWorker.java:178)
  at org.gradle.api.internal.tasks.testing.worker.TestWorker.executeAndMaintainThreadName(TestWorker.java:126)
  at org.gradle.api.internal.tasks.testing.worker.TestWorker.execute(TestWorker.java:103)
  at org.gradle.api.internal.tasks.testing.worker.TestWorker.execute(TestWorker.java:63)
  at org.gradle.process.internal.worker.child.ActionExecutionWorker.execute(ActionExecutionWorker.java:56)
  at org.gradle.process.internal.worker.child.SystemApplicationClassLoaderWorker.call(SystemApplicationClassLoaderWorker.java:122)
  at org.gradle.process.internal.worker.child.SystemApplicationClassLoaderWorker.call(SystemApplicationClassLoaderWorker.java:72)
  at worker.org.gradle.process.internal.worker.GradleWorkerMain.run(GradleWorkerMain.java:69)
  at worker.org.gradle.process.internal.worker.GradleWorkerMain.main(GradleWorkerMain.java:74)
</stacktrace>
</test-failure>


TypeScriptCompilerTests_D[jvm] > derivedClassOverridesPrivateFunction1_ts has expected errors matching derivedClassOverridesPrivateFunction1_errors_txt[jvm] FAILED

<test-failure test="com.xemantic.typescript.compiler.TypeScriptCompilerTests_D.discriminatedUnionErrorMessage_ts has expected errors matching discriminatedUnionErrorMessage_errors_txt" platform="jvm">
<message>
Expected diagnostics from baseline typescript-repo/tests/baselines/reference/discriminatedUnionErrorMessage.errors.txt but none produced
</message>
<stacktrace>
  at com.xemantic.typescript.compiler.TypeScriptTestSupportKt.errorsMatchBaseline(TypeScriptTestSupport.kt:125)
  at com.xemantic.typescript.compiler.TypeScriptCompilerTests_D.discriminatedUnionErrorMessage_ts has expected errors matching discriminatedUnionErrorMessage_errors_txt(TypeScriptCompilerTests_D.kt:5425)
  at java.base/jdk.internal.reflect.DirectMethodHandleAccessor.invoke(DirectMethodHandleAccessor.java:104)
  at java.base/java.lang.reflect.Method.invoke(Method.java:565)
  at org.junit.runners.model.FrameworkMethod$1.runReflectiveCall(FrameworkMethod.java:59)
  at org.junit.internal.runners.model.ReflectiveCallable.run(ReflectiveCallable.java:12)
  at org.junit.runners.model.FrameworkMethod.invokeExplosively(FrameworkMethod.java:56)
  at org.junit.internal.runners.statements.InvokeMethod.evaluate(InvokeMethod.java:17)
  at org.junit.runners.ParentRunner$3.evaluate(ParentRunner.java:306)
  at org.junit.runners.BlockJUnit4ClassRunner$1.evaluate(BlockJUnit4ClassRunner.java:100)
  at org.junit.runners.ParentRunner.runLeaf(ParentRunner.java:366)
  at org.junit.runners.BlockJUnit4ClassRunner.runChild(BlockJUnit4ClassRunner.java:103)
  at org.junit.runners.BlockJUnit4ClassRunner.runChild(BlockJUnit4ClassRunner.java:63)
  at org.junit.runners.ParentRunner$4.run(ParentRunner.java:331)
  at org.junit.runners.ParentRunner$1.schedule(ParentRunner.java:79)
  at org.junit.runners.ParentRunner.runChildren(ParentRunner.java:329)
  at org.junit.runners.ParentRunner.access$100(ParentRunner.java:66)
  at org.junit.runners.ParentRunner$2.evaluate(ParentRunner.java:293)
  at org.junit.runners.ParentRunner$3.evaluate(ParentRunner.java:306)
  at org.junit.runners.ParentRunner.run(ParentRunner.java:413)
  at org.junit.runner.JUnitCore.run(JUnitCore.java:137)
  at org.junit.runner.JUnitCore.run(JUnitCore.java:115)
  at org.gradle.api.internal.tasks.testing.junit.JUnitTestExecutor.runRequest(JUnitTestExecutor.java:175)
  at org.gradle.api.internal.tasks.testing.junit.JUnitTestExecutor.accept(JUnitTestExecutor.java:84)
  at org.gradle.api.internal.tasks.testing.junit.JUnitTestExecutor.accept(JUnitTestExecutor.java:47)
  at org.gradle.api.internal.tasks.testing.junit.AbstractJUnitTestDefinitionProcessor.processTestDefinition(AbstractJUnitTestDefinitionProcessor.java:65)
  at org.gradle.api.internal.tasks.testing.SuiteTestDefinitionProcessor.processTestDefinition(SuiteTestDefinitionProcessor.java:54)
  at java.base/jdk.internal.reflect.DirectMethodHandleAccessor.invoke(DirectMethodHandleAccessor.java:104)
  at java.base/java.lang.reflect.Method.invoke(Method.java:565)
  at org.gradle.internal.dispatch.MethodInvocation.invokeOn(MethodInvocation.java:77)
  at org.gradle.internal.dispatch.ReflectionDispatch.dispatch(ReflectionDispatch.java:28)
  at org.gradle.internal.dispatch.ReflectionDispatch.dispatch(ReflectionDispatch.java:19)
  at org.gradle.internal.dispatch.ContextClassLoaderDispatch.dispatch(ContextClassLoaderDispatch.java:33)
  at org.gradle.internal.dispatch.ProxyDispatchAdapter$DispatchingInvocationHandler.invoke(ProxyDispatchAdapter.java:88)
  at jdk.proxy1/jdk.proxy1.$Proxy4.processTestDefinition(Unknown Source)
  at org.gradle.api.internal.tasks.testing.worker.TestWorker$2.run(TestWorker.java:178)
  at org.gradle.api.internal.tasks.testing.worker.TestWorker.executeAndMaintainThreadName(TestWorker.java:126)
  at org.gradle.api.internal.tasks.testing.worker.TestWorker.execute(TestWorker.java:103)
  at org.gradle.api.internal.tasks.testing.worker.TestWorker.execute(TestWorker.java:63)
  at org.gradle.process.internal.worker.child.ActionExecutionWorker.execute(ActionExecutionWorker.java:56)
  at org.gradle.process.internal.worker.child.SystemApplicationClassLoaderWorker.call(SystemApplicationClassLoaderWorker.java:122)
  at org.gradle.process.internal.worker.child.SystemApplicationClassLoaderWorker.call(SystemApplicationClassLoaderWorker.java:72)
  at worker.org.gradle.process.internal.worker.GradleWorkerMain.run(GradleWorkerMain.java:69)
  at worker.org.gradle.process.internal.worker.GradleWorkerMain.main(GradleWorkerMain.java:74)
</stacktrace>
</test-failure>


TypeScriptCompilerTests_D[jvm] > discriminatedUnionErrorMessage_ts has expected errors matching discriminatedUnionErrorMessage_errors_txt[jvm] FAILED

<test-failure test="com.xemantic.typescript.compiler.TypeScriptCompilerTests_D.duplicateVarsAcrossFileBoundaries_ts has expected errors matching duplicateVarsAcrossFileBoundaries_errors_txt" platform="jvm">
<message>
Expected diagnostics from baseline typescript-repo/tests/baselines/reference/duplicateVarsAcrossFileBoundaries.errors.txt but none produced
</message>
<stacktrace>
  at com.xemantic.typescript.compiler.TypeScriptTestSupportKt.errorsMatchBaseline(TypeScriptTestSupport.kt:125)
  at com.xemantic.typescript.compiler.TypeScriptCompilerTests_D.duplicateVarsAcrossFileBoundaries_ts has expected errors matching duplicateVarsAcrossFileBoundaries_errors_txt(TypeScriptCompilerTests_D.kt:6902)
  at java.base/jdk.internal.reflect.DirectMethodHandleAccessor.invoke(DirectMethodHandleAccessor.java:104)
  at java.base/java.lang.reflect.Method.invoke(Method.java:565)
  at org.junit.runners.model.FrameworkMethod$1.runReflectiveCall(FrameworkMethod.java:59)
  at org.junit.internal.runners.model.ReflectiveCallable.run(ReflectiveCallable.java:12)
  at org.junit.runners.model.FrameworkMethod.invokeExplosively(FrameworkMethod.java:56)
  at org.junit.internal.runners.statements.InvokeMethod.evaluate(InvokeMethod.java:17)
  at org.junit.runners.ParentRunner$3.evaluate(ParentRunner.java:306)
  at org.junit.runners.BlockJUnit4ClassRunner$1.evaluate(BlockJUnit4ClassRunner.java:100)
  at org.junit.runners.ParentRunner.runLeaf(ParentRunner.java:366)
  at org.junit.runners.BlockJUnit4ClassRunner.runChild(BlockJUnit4ClassRunner.java:103)
  at org.junit.runners.BlockJUnit4ClassRunner.runChild(BlockJUnit4ClassRunner.java:63)
  at org.junit.runners.ParentRunner$4.run(ParentRunner.java:331)
  at org.junit.runners.ParentRunner$1.schedule(ParentRunner.java:79)
  at org.junit.runners.ParentRunner.runChildren(ParentRunner.java:329)
  at org.junit.runners.ParentRunner.access$100(ParentRunner.java:66)
  at org.junit.runners.ParentRunner$2.evaluate(ParentRunner.java:293)
  at org.junit.runners.ParentRunner$3.evaluate(ParentRunner.java:306)
  at org.junit.runners.ParentRunner.run(ParentRunner.java:413)
  at org.junit.runner.JUnitCore.run(JUnitCore.java:137)
  at org.junit.runner.JUnitCore.run(JUnitCore.java:115)
  at org.gradle.api.internal.tasks.testing.junit.JUnitTestExecutor.runRequest(JUnitTestExecutor.java:175)
  at org.gradle.api.internal.tasks.testing.junit.JUnitTestExecutor.accept(JUnitTestExecutor.java:84)
  at org.gradle.api.internal.tasks.testing.junit.JUnitTestExecutor.accept(JUnitTestExecutor.java:47)
  at org.gradle.api.internal.tasks.testing.junit.AbstractJUnitTestDefinitionProcessor.processTestDefinition(AbstractJUnitTestDefinitionProcessor.java:65)
  at org.gradle.api.internal.tasks.testing.SuiteTestDefinitionProcessor.processTestDefinition(SuiteTestDefinitionProcessor.java:54)
  at java.base/jdk.internal.reflect.DirectMethodHandleAccessor.invoke(DirectMethodHandleAccessor.java:104)
  at java.base/java.lang.reflect.Method.invoke(Method.java:565)
  at org.gradle.internal.dispatch.MethodInvocation.invokeOn(MethodInvocation.java:77)
  at org.gradle.internal.dispatch.ReflectionDispatch.dispatch(ReflectionDispatch.java:28)
  at org.gradle.internal.dispatch.ReflectionDispatch.dispatch(ReflectionDispatch.java:19)
  at org.gradle.internal.dispatch.ContextClassLoaderDispatch.dispatch(ContextClassLoaderDispatch.java:33)
  at org.gradle.internal.dispatch.ProxyDispatchAdapter$DispatchingInvocationHandler.invoke(ProxyDispatchAdapter.java:88)
  at jdk.proxy1/jdk.proxy1.$Proxy4.processTestDefinition(Unknown Source)
  at org.gradle.api.internal.tasks.testing.worker.TestWorker$2.run(TestWorker.java:178)
  at org.gradle.api.internal.tasks.testing.worker.TestWorker.executeAndMaintainThreadName(TestWorker.java:126)
  at org.gradle.api.internal.tasks.testing.worker.TestWorker.execute(TestWorker.java:103)
  at org.gradle.api.internal.tasks.testing.worker.TestWorker.execute(TestWorker.java:63)
  at org.gradle.process.internal.worker.child.ActionExecutionWorker.execute(ActionExecutionWorker.java:56)
  at org.gradle.process.internal.worker.child.SystemApplicationClassLoaderWorker.call(SystemApplicationClassLoaderWorker.java:122)
  at org.gradle.process.internal.worker.child.SystemApplicationClassLoaderWorker.call(SystemApplicationClassLoaderWorker.java:72)
  at worker.org.gradle.process.internal.worker.GradleWorkerMain.run(GradleWorkerMain.java:69)
  at worker.org.gradle.process.internal.worker.GradleWorkerMain.main(GradleWorkerMain.java:74)
</stacktrace>
</test-failure>


TypeScriptCompilerTests_D[jvm] > duplicateVarsAcrossFileBoundaries_ts has expected errors matching duplicateVarsAcrossFileBoundaries_errors_txt[jvm] FAILED

<test-failure test="com.xemantic.typescript.compiler.TypeScriptCompilerTests_D.decoratorMetadataWithImportDeclarationNameCollision4_ts__target_es5__has expected errors matching baseline" platform="jvm">
<message>
--- expected
+++ actual
@@ -1,5 +1,4 @@
 error TS5107: Option 'target=ES5' is deprecated and will stop functioning in TypeScript 7.0. Specify compilerOption '"ignoreDeprecations": "6.0"' to silence this error.
-service.ts(1,8): error TS2613: Module '"db"' has no default export. Did you mean to use 'import { db } from "db"' instead?
 
 
 !!! error TS5107: Option 'target=ES5' is deprecated and will stop functioning in TypeScript 7.0. Specify compilerOption '"ignoreDeprecations": "6.0"' to silence this error.
@@ -9,10 +8,8 @@
         }
     }
     
-==== service.ts (1 errors) ====
+==== service.ts (0 errors) ====
     import db from './db'; // error no default export
-           ~~
-!!! error TS2613: Module '"db"' has no default export. Did you mean to use 'import { db } from "db"' instead?
     function someDecorator(target) {
         return target;
     }

</message>
<stacktrace>
  at org.junit.Assert.fail(Assert.java:89)
  at kotlin.test.junit.JUnitAsserter.fail(JUnitSupport.kt:56)
  at kotlin.test.AssertionsKt__AssertionsKt.fail(Assertions.kt:563)
  at kotlin.test.AssertionsKt.fail(Unknown Source)
  at com.xemantic.kotlin.test.SameAsKt.sameAs(SameAs.kt:52)
  at com.xemantic.typescript.compiler.TypeScriptTestSupportKt.errorsMatchBaseline(TypeScriptTestSupport.kt:135)
  at com.xemantic.typescript.compiler.TypeScriptCompilerTests_D.decoratorMetadataWithImportDeclarationNameCollision4_ts__target_es5__has expected errors matching baseline(TypeScriptCompilerTests_D.kt:3913)
  at java.base/jdk.internal.reflect.DirectMethodHandleAccessor.invoke(DirectMethodHandleAccessor.java:104)
  at java.base/java.lang.reflect.Method.invoke(Method.java:565)
  at org.junit.runners.model.FrameworkMethod$1.runReflectiveCall(FrameworkMethod.java:59)
  at org.junit.internal.runners.model.ReflectiveCallable.run(ReflectiveCallable.java:12)
  at org.junit.runners.model.FrameworkMethod.invokeExplosively(FrameworkMethod.java:56)
  at org.junit.internal.runners.statements.InvokeMethod.evaluate(InvokeMethod.java:17)
  at org.junit.runners.ParentRunner$3.evaluate(ParentRunner.java:306)
  at org.junit.runners.BlockJUnit4ClassRunner$1.evaluate(BlockJUnit4ClassRunner.java:100)
  at org.junit.runners.ParentRunner.runLeaf(ParentRunner.java:366)
  at org.junit.runners.BlockJUnit4ClassRunner.runChild(BlockJUnit4ClassRunner.java:103)
  at org.junit.runners.BlockJUnit4ClassRunner.runChild(BlockJUnit4ClassRunner.java:63)
  at org.junit.runners.ParentRunner$4.run(ParentRunner.java:331)
  at org.junit.runners.ParentRunner$1.schedule(ParentRunner.java:79)
  at org.junit.runners.ParentRunner.runChildren(ParentRunner.java:329)
  at org.junit.runners.ParentRunner.access$100(ParentRunner.java:66)
  at org.junit.runners.ParentRunner$2.evaluate(ParentRunner.java:293)
  at org.junit.runners.ParentRunner$3.evaluate(ParentRunner.java:306)
  at org.junit.runners.ParentRunner.run(ParentRunner.java:413)
  at org.junit.runner.JUnitCore.run(JUnitCore.java:137)
  at org.junit.runner.JUnitCore.run(JUnitCore.java:115)
  at org.gradle.api.internal.tasks.testing.junit.JUnitTestExecutor.runRequest(JUnitTestExecutor.java:175)
  at org.gradle.api.internal.tasks.testing.junit.JUnitTestExecutor.accept(JUnitTestExecutor.java:84)
  at org.gradle.api.internal.tasks.testing.junit.JUnitTestExecutor.accept(JUnitTestExecutor.java:47)
  at org.gradle.api.internal.tasks.testing.junit.AbstractJUnitTestDefinitionProcessor.processTestDefinition(AbstractJUnitTestDefinitionProcessor.java:65)
  at org.gradle.api.internal.tasks.testing.SuiteTestDefinitionProcessor.processTestDefinition(SuiteTestDefinitionProcessor.java:54)
  at java.base/jdk.internal.reflect.DirectMethodHandleAccessor.invoke(DirectMethodHandleAccessor.java:104)
  at java.base/java.lang.reflect.Method.invoke(Method.java:565)
  at org.gradle.internal.dispatch.MethodInvocation.invokeOn(MethodInvocation.java:77)
  at org.gradle.internal.dispatch.ReflectionDispatch.dispatch(ReflectionDispatch.java:28)
  at org.gradle.internal.dispatch.ReflectionDispatch.dispatch(ReflectionDispatch.java:19)
  at org.gradle.internal.dispatch.ContextClassLoaderDispatch.dispatch(ContextClassLoaderDispatch.java:33)
  at org.gradle.internal.dispatch.ProxyDispatchAdapter$DispatchingInvocationHandler.invoke(ProxyDispatchAdapter.java:88)
  at jdk.proxy1/jdk.proxy1.$Proxy4.processTestDefinition(Unknown Source)
  at org.gradle.api.internal.tasks.testing.worker.TestWorker$2.run(TestWorker.java:178)
  at org.gradle.api.internal.tasks.testing.worker.TestWorker.executeAndMaintainThreadName(TestWorker.java:126)
  at org.gradle.api.internal.tasks.testing.worker.TestWorker.execute(TestWorker.java:103)
  at org.gradle.api.internal.tasks.testing.worker.TestWorker.execute(TestWorker.java:63)
  at org.gradle.process.internal.worker.child.ActionExecutionWorker.execute(ActionExecutionWorker.java:56)
  at org.gradle.process.internal.worker.child.SystemApplicationClassLoaderWorker.call(SystemApplicationClassLoaderWorker.java:122)
  at org.gradle.process.internal.worker.child.SystemApplicationClassLoaderWorker.call(SystemApplicationClassLoaderWorker.java:72)
  at worker.org.gradle.process.internal.worker.GradleWorkerMain.run(GradleWorkerMain.java:69)
  at worker.org.gradle.process.internal.worker.GradleWorkerMain.main(GradleWorkerMain.java:74)
</stacktrace>
</test-failure>


TypeScriptCompilerTests_D[jvm] > decoratorMetadataWithImportDeclarationNameCollision4_ts__target_es5__has expected errors matching baseline[jvm] FAILED

<test-failure test="com.xemantic.typescript.compiler.TypeScriptCompilerTests_D.declarationEmitRecursiveConditionalAliasPreserved_ts compiles to JavaScript matching declarationEmitRecursiveConditionalAliasPreserved_js" platform="jvm">
<message>
--- expected
+++ actual
@@ -107,5 +107,7 @@
 "use strict";
 Object.defineProperty(exports, "__esModule", { value: true });
 exports.power = void 0;
-const power = (num, powerOf) => (Math.pow(num, powerOf));
-exports.power = power;
+exports.power = <Num extends number , PowerOf extends number>(
+    num: Num,
+    powerOf: PowerOf
+): Power<Num , PowerOf> => (num ** powerOf) as never;</></>;

</message>
<stacktrace>
  at org.junit.Assert.fail(Assert.java:89)
  at kotlin.test.junit.JUnitAsserter.fail(JUnitSupport.kt:56)
  at kotlin.test.AssertionsKt__AssertionsKt.fail(Assertions.kt:563)
  at kotlin.test.AssertionsKt.fail(Unknown Source)
  at com.xemantic.kotlin.test.SameAsKt.sameAs(SameAs.kt:52)
  at com.xemantic.typescript.compiler.TypeScriptTestSupportKt.sameAs(TypeScriptTestSupport.kt:99)
  at com.xemantic.typescript.compiler.TypeScriptCompilerTests_D.declarationEmitRecursiveConditionalAliasPreserved_ts compiles to JavaScript matching declarationEmitRecursiveConditionalAliasPreserved_js(TypeScriptCompilerTests_D.kt:2800)
  at java.base/jdk.internal.reflect.DirectMethodHandleAccessor.invoke(DirectMethodHandleAccessor.java:104)
  at java.base/java.lang.reflect.Method.invoke(Method.java:565)
  at org.junit.runners.model.FrameworkMethod$1.runReflectiveCall(FrameworkMethod.java:59)
  at org.junit.internal.runners.model.ReflectiveCallable.run(ReflectiveCallable.java:12)
  at org.junit.runners.model.FrameworkMethod.invokeExplosively(FrameworkMethod.java:56)
  at org.junit.internal.runners.statements.InvokeMethod.evaluate(InvokeMethod.java:17)
  at org.junit.runners.ParentRunner$3.evaluate(ParentRunner.java:306)
  at org.junit.runners.BlockJUnit4ClassRunner$1.evaluate(BlockJUnit4ClassRunner.java:100)
  at org.junit.runners.ParentRunner.runLeaf(ParentRunner.java:366)
  at org.junit.runners.BlockJUnit4ClassRunner.runChild(BlockJUnit4ClassRunner.java:103)
  at org.junit.runners.BlockJUnit4ClassRunner.runChild(BlockJUnit4ClassRunner.java:63)
  at org.junit.runners.ParentRunner$4.run(ParentRunner.java:331)
  at org.junit.runners.ParentRunner$1.schedule(ParentRunner.java:79)
  at org.junit.runners.ParentRunner.runChildren(ParentRunner.java:329)
  at org.junit.runners.ParentRunner.access$100(ParentRunner.java:66)
  at org.junit.runners.ParentRunner$2.evaluate(ParentRunner.java:293)
  at org.junit.runners.ParentRunner$3.evaluate(ParentRunner.java:306)
  at org.junit.runners.ParentRunner.run(ParentRunner.java:413)
  at org.junit.runner.JUnitCore.run(JUnitCore.java:137)
  at org.junit.runner.JUnitCore.run(JUnitCore.java:115)
  at org.gradle.api.internal.tasks.testing.junit.JUnitTestExecutor.runRequest(JUnitTestExecutor.java:175)
  at org.gradle.api.internal.tasks.testing.junit.JUnitTestExecutor.accept(JUnitTestExecutor.java:84)
  at org.gradle.api.internal.tasks.testing.junit.JUnitTestExecutor.accept(JUnitTestExecutor.java:47)
  at org.gradle.api.internal.tasks.testing.junit.AbstractJUnitTestDefinitionProcessor.processTestDefinition(AbstractJUnitTestDefinitionProcessor.java:65)
  at org.gradle.api.internal.tasks.testing.SuiteTestDefinitionProcessor.processTestDefinition(SuiteTestDefinitionProcessor.java:54)
  at java.base/jdk.internal.reflect.DirectMethodHandleAccessor.invoke(DirectMethodHandleAccessor.java:104)
  at java.base/java.lang.reflect.Method.invoke(Method.java:565)
  at org.gradle.internal.dispatch.MethodInvocation.invokeOn(MethodInvocation.java:77)
  at org.gradle.internal.dispatch.ReflectionDispatch.dispatch(ReflectionDispatch.java:28)
  at org.gradle.internal.dispatch.ReflectionDispatch.dispatch(ReflectionDispatch.java:19)
  at org.gradle.internal.dispatch.ContextClassLoaderDispatch.dispatch(ContextClassLoaderDispatch.java:33)
  at org.gradle.internal.dispatch.ProxyDispatchAdapter$DispatchingInvocationHandler.invoke(ProxyDispatchAdapter.java:88)
  at jdk.proxy1/jdk.proxy1.$Proxy4.processTestDefinition(Unknown Source)
  at org.gradle.api.internal.tasks.testing.worker.TestWorker$2.run(TestWorker.java:178)
  at org.gradle.api.internal.tasks.testing.worker.TestWorker.executeAndMaintainThreadName(TestWorker.java:126)
  at org.gradle.api.internal.tasks.testing.worker.TestWorker.execute(TestWorker.java:103)
  at org.gradle.api.internal.tasks.testing.worker.TestWorker.execute(TestWorker.java:63)
  at org.gradle.process.internal.worker.child.ActionExecutionWorker.execute(ActionExecutionWorker.java:56)
  at org.gradle.process.internal.worker.child.SystemApplicationClassLoaderWorker.call(SystemApplicationClassLoaderWorker.java:122)
  at org.gradle.process.internal.worker.child.SystemApplicationClassLoaderWorker.call(SystemApplicationClassLoaderWorker.java:72)
  at worker.org.gradle.process.internal.worker.GradleWorkerMain.run(GradleWorkerMain.java:69)
  at worker.org.gradle.process.internal.worker.GradleWorkerMain.main(GradleWorkerMain.java:74)
</stacktrace>
</test-failure>


TypeScriptCompilerTests_D[jvm] > declarationEmitRecursiveConditionalAliasPreserved_ts compiles to JavaScript matching declarationEmitRecursiveConditionalAliasPreserved_js[jvm] FAILED

<test-failure test="com.xemantic.typescript.compiler.TypeScriptCompilerTests_D.discriminateWithOptionalProperty4_ts__exactoptionalpropertytypes_false__has expected errors matching baseline" platform="jvm">
<message>
Expected diagnostics from baseline typescript-repo/tests/baselines/reference/discriminateWithOptionalProperty4(exactoptionalpropertytypes=false).errors.txt but none produced
</message>
<stacktrace>
  at com.xemantic.typescript.compiler.TypeScriptTestSupportKt.errorsMatchBaseline(TypeScriptTestSupport.kt:125)
  at com.xemantic.typescript.compiler.TypeScriptCompilerTests_D.discriminateWithOptionalProperty4_ts__exactoptionalpropertytypes_false__has expected errors matching baseline(TypeScriptCompilerTests_D.kt:5411)
  at java.base/jdk.internal.reflect.DirectMethodHandleAccessor.invoke(DirectMethodHandleAccessor.java:104)
  at java.base/java.lang.reflect.Method.invoke(Method.java:565)
  at org.junit.runners.model.FrameworkMethod$1.runReflectiveCall(FrameworkMethod.java:59)
  at org.junit.internal.runners.model.ReflectiveCallable.run(ReflectiveCallable.java:12)
  at org.junit.runners.model.FrameworkMethod.invokeExplosively(FrameworkMethod.java:56)
  at org.junit.internal.runners.statements.InvokeMethod.evaluate(InvokeMethod.java:17)
  at org.junit.runners.ParentRunner$3.evaluate(ParentRunner.java:306)
  at org.junit.runners.BlockJUnit4ClassRunner$1.evaluate(BlockJUnit4ClassRunner.java:100)
  at org.junit.runners.ParentRunner.runLeaf(ParentRunner.java:366)
  at org.junit.runners.BlockJUnit4ClassRunner.runChild(BlockJUnit4ClassRunner.java:103)
  at org.junit.runners.BlockJUnit4ClassRunner.runChild(BlockJUnit4ClassRunner.java:63)
  at org.junit.runners.ParentRunner$4.run(ParentRunner.java:331)
  at org.junit.runners.ParentRunner$1.schedule(ParentRunner.java:79)
  at org.junit.runners.ParentRunner.runChildren(ParentRunner.java:329)
  at org.junit.runners.ParentRunner.access$100(ParentRunner.java:66)
  at org.junit.runners.ParentRunner$2.evaluate(ParentRunner.java:293)
  at org.junit.runners.ParentRunner$3.evaluate(ParentRunner.java:306)
  at org.junit.runners.ParentRunner.run(ParentRunner.java:413)
  at org.junit.runner.JUnitCore.run(JUnitCore.java:137)
  at org.junit.runner.JUnitCore.run(JUnitCore.java:115)
  at org.gradle.api.internal.tasks.testing.junit.JUnitTestExecutor.runRequest(JUnitTestExecutor.java:175)
  at org.gradle.api.internal.tasks.testing.junit.JUnitTestExecutor.accept(JUnitTestExecutor.java:84)
  at org.gradle.api.internal.tasks.testing.junit.JUnitTestExecutor.accept(JUnitTestExecutor.java:47)
  at org.gradle.api.internal.tasks.testing.junit.AbstractJUnitTestDefinitionProcessor.processTestDefinition(AbstractJUnitTestDefinitionProcessor.java:65)
  at org.gradle.api.internal.tasks.testing.SuiteTestDefinitionProcessor.processTestDefinition(SuiteTestDefinitionProcessor.java:54)
  at java.base/jdk.internal.reflect.DirectMethodHandleAccessor.invoke(DirectMethodHandleAccessor.java:104)
  at java.base/java.lang.reflect.Method.invoke(Method.java:565)
  at org.gradle.internal.dispatch.MethodInvocation.invokeOn(MethodInvocation.java:77)
  at org.gradle.internal.dispatch.ReflectionDispatch.dispatch(ReflectionDispatch.java:28)
  at org.gradle.internal.dispatch.ReflectionDispatch.dispatch(ReflectionDispatch.java:19)
  at org.gradle.internal.dispatch.ContextClassLoaderDispatch.dispatch(ContextClassLoaderDispatch.java:33)
  at org.gradle.internal.dispatch.ProxyDispatchAdapter$DispatchingInvocationHandler.invoke(ProxyDispatchAdapter.java:88)
  at jdk.proxy1/jdk.proxy1.$Proxy4.processTestDefinition(Unknown Source)
  at org.gradle.api.internal.tasks.testing.worker.TestWorker$2.run(TestWorker.java:178)
  at org.gradle.api.internal.tasks.testing.worker.TestWorker.executeAndMaintainThreadName(TestWorker.java:126)
  at org.gradle.api.internal.tasks.testing.worker.TestWorker.execute(TestWorker.java:103)
  at org.gradle.api.internal.tasks.testing.worker.TestWorker.execute(TestWorker.java:63)
  at org.gradle.process.internal.worker.child.ActionExecutionWorker.execute(ActionExecutionWorker.java:56)
  at org.gradle.process.internal.worker.child.SystemApplicationClassLoaderWorker.call(SystemApplicationClassLoaderWorker.java:122)
  at org.gradle.process.internal.worker.child.SystemApplicationClassLoaderWorker.call(SystemApplicationClassLoaderWorker.java:72)
  at worker.org.gradle.process.internal.worker.GradleWorkerMain.run(GradleWorkerMain.java:69)
  at worker.org.gradle.process.internal.worker.GradleWorkerMain.main(GradleWorkerMain.java:74)
</stacktrace>
</test-failure>


TypeScriptCompilerTests_D[jvm] > discriminateWithOptionalProperty4_ts__exactoptionalpropertytypes_false__has expected errors matching baseline[jvm] FAILED

<test-failure test="com.xemantic.typescript.compiler.TypeScriptCompilerTests_D.declarationEmitComputedPropertyNameEnum3_ts has expected errors matching declarationEmitComputedPropertyNameEnum3_errors_txt" platform="jvm">
<message>
Expected diagnostics from baseline typescript-repo/tests/baselines/reference/declarationEmitComputedPropertyNameEnum3.errors.txt but none produced
</message>
<stacktrace>
  at com.xemantic.typescript.compiler.TypeScriptTestSupportKt.errorsMatchBaseline(TypeScriptTestSupport.kt:125)
  at com.xemantic.typescript.compiler.TypeScriptCompilerTests_D.declarationEmitComputedPropertyNameEnum3_ts has expected errors matching declarationEmitComputedPropertyNameEnum3_errors_txt(TypeScriptCompilerTests_D.kt:1316)
  at java.base/jdk.internal.reflect.DirectMethodHandleAccessor.invoke(DirectMethodHandleAccessor.java:104)
  at java.base/java.lang.reflect.Method.invoke(Method.java:565)
  at org.junit.runners.model.FrameworkMethod$1.runReflectiveCall(FrameworkMethod.java:59)
  at org.junit.internal.runners.model.ReflectiveCallable.run(ReflectiveCallable.java:12)
  at org.junit.runners.model.FrameworkMethod.invokeExplosively(FrameworkMethod.java:56)
  at org.junit.internal.runners.statements.InvokeMethod.evaluate(InvokeMethod.java:17)
  at org.junit.runners.ParentRunner$3.evaluate(ParentRunner.java:306)
  at org.junit.runners.BlockJUnit4ClassRunner$1.evaluate(BlockJUnit4ClassRunner.java:100)
  at org.junit.runners.ParentRunner.runLeaf(ParentRunner.java:366)
  at org.junit.runners.BlockJUnit4ClassRunner.runChild(BlockJUnit4ClassRunner.java:103)
  at org.junit.runners.BlockJUnit4ClassRunner.runChild(BlockJUnit4ClassRunner.java:63)
  at org.junit.runners.ParentRunner$4.run(ParentRunner.java:331)
  at org.junit.runners.ParentRunner$1.schedule(ParentRunner.java:79)
  at org.junit.runners.ParentRunner.runChildren(ParentRunner.java:329)
  at org.junit.runners.ParentRunner.access$100(ParentRunner.java:66)
  at org.junit.runners.ParentRunner$2.evaluate(ParentRunner.java:293)
  at org.junit.runners.ParentRunner$3.evaluate(ParentRunner.java:306)
  at org.junit.runners.ParentRunner.run(ParentRunner.java:413)
  at org.junit.runner.JUnitCore.run(JUnitCore.java:137)
  at org.junit.runner.JUnitCore.run(JUnitCore.java:115)
  at org.gradle.api.internal.tasks.testing.junit.JUnitTestExecutor.runRequest(JUnitTestExecutor.java:175)
  at org.gradle.api.internal.tasks.testing.junit.JUnitTestExecutor.accept(JUnitTestExecutor.java:84)
  at org.gradle.api.internal.tasks.testing.junit.JUnitTestExecutor.accept(JUnitTestExecutor.java:47)
  at org.gradle.api.internal.tasks.testing.junit.AbstractJUnitTestDefinitionProcessor.processTestDefinition(AbstractJUnitTestDefinitionProcessor.java:65)
  at org.gradle.api.internal.tasks.testing.SuiteTestDefinitionProcessor.processTestDefinition(SuiteTestDefinitionProcessor.java:54)
  at java.base/jdk.internal.reflect.DirectMethodHandleAccessor.invoke(DirectMethodHandleAccessor.java:104)
  at java.base/java.lang.reflect.Method.invoke(Method.java:565)
  at org.gradle.internal.dispatch.MethodInvocation.invokeOn(MethodInvocation.java:77)
  at org.gradle.internal.dispatch.ReflectionDispatch.dispatch(ReflectionDispatch.java:28)
  at org.gradle.internal.dispatch.ReflectionDispatch.dispatch(ReflectionDispatch.java:19)
  at org.gradle.internal.dispatch.ContextClassLoaderDispatch.dispatch(ContextClassLoaderDispatch.java:33)
  at org.gradle.internal.dispatch.ProxyDispatchAdapter$DispatchingInvocationHandler.invoke(ProxyDispatchAdapter.java:88)
  at jdk.proxy1/jdk.proxy1.$Proxy4.processTestDefinition(Unknown Source)
  at org.gradle.api.internal.tasks.testing.worker.TestWorker$2.run(TestWorker.java:178)
  at org.gradle.api.internal.tasks.testing.worker.TestWorker.executeAndMaintainThreadName(TestWorker.java:126)
  at org.gradle.api.internal.tasks.testing.worker.TestWorker.execute(TestWorker.java:103)
  at org.gradle.api.internal.tasks.testing.worker.TestWorker.execute(TestWorker.java:63)
  at org.gradle.process.internal.worker.child.ActionExecutionWorker.execute(ActionExecutionWorker.java:56)
  at org.gradle.process.internal.worker.child.SystemApplicationClassLoaderWorker.call(SystemApplicationClassLoaderWorker.java:122)
  at org.gradle.process.internal.worker.child.SystemApplicationClassLoaderWorker.call(SystemApplicationClassLoaderWorker.java:72)
  at worker.org.gradle.process.internal.worker.GradleWorkerMain.run(GradleWorkerMain.java:69)
  at worker.org.gradle.process.internal.worker.GradleWorkerMain.main(GradleWorkerMain.java:74)
</stacktrace>
</test-failure>


TypeScriptCompilerTests_D[jvm] > declarationEmitComputedPropertyNameEnum3_ts has expected errors matching declarationEmitComputedPropertyNameEnum3_errors_txt[jvm] FAILED

<test-failure test="com.xemantic.typescript.compiler.TypeScriptCompilerTests_D.dottedModuleName_ts has expected errors matching dottedModuleName_errors_txt" platform="jvm">
<message>
--- expected
+++ actual
@@ -1,17 +1,23 @@
-dottedModuleName.ts(3,29): error TS1144: '{' or ';' expected.
+dottedModuleName.ts(3,18): error TS2391: Function implementation is missing or not immediately following the declaration.
+dottedModuleName.ts(3,29): error TS1109: Expression expected.
 dottedModuleName.ts(3,33): error TS2552: Cannot find name 'x'. Did you mean 'X'?
+dottedModuleName.ts(5,22): error TS2304: Cannot find name 'v'.
 
 
-==== dottedModuleName.ts (2 errors) ====
+==== dottedModuleName.ts (4 errors) ====
     namespace M {
         export namespace N {
     	export function f(x:number)=>2*x;
+    	                ~
+!!! error TS2391: Function implementation is missing or not immediately following the declaration.
     	                           ~~
-!!! error TS1144: '{' or ';' expected.
+!!! error TS1109: Expression expected.
     	                               ~
 !!! error TS2552: Cannot find name 'x'. Did you mean 'X'?
     	export namespace X.Y.Z {
     	    export var v2=f(v);
+    	                    ~
+!!! error TS2304: Cannot find name 'v'.
     	}
         }
     }

</message>
<stacktrace>
  at org.junit.Assert.fail(Assert.java:89)
  at kotlin.test.junit.JUnitAsserter.fail(JUnitSupport.kt:56)
  at kotlin.test.AssertionsKt__AssertionsKt.fail(Assertions.kt:563)
  at kotlin.test.AssertionsKt.fail(Unknown Source)
  at com.xemantic.kotlin.test.SameAsKt.sameAs(SameAs.kt:52)
  at com.xemantic.typescript.compiler.TypeScriptTestSupportKt.errorsMatchBaseline(TypeScriptTestSupport.kt:135)
  at com.xemantic.typescript.compiler.TypeScriptCompilerTests_D.dottedModuleName_ts has expected errors matching dottedModuleName_errors_txt(TypeScriptCompilerTests_D.kt:5789)
  at java.base/jdk.internal.reflect.DirectMethodHandleAccessor.invoke(DirectMethodHandleAccessor.java:104)
  at java.base/java.lang.reflect.Method.invoke(Method.java:565)
  at org.junit.runners.model.FrameworkMethod$1.runReflectiveCall(FrameworkMethod.java:59)
  at org.junit.internal.runners.model.ReflectiveCallable.run(ReflectiveCallable.java:12)
  at org.junit.runners.model.FrameworkMethod.invokeExplosively(FrameworkMethod.java:56)
  at org.junit.internal.runners.statements.InvokeMethod.evaluate(InvokeMethod.java:17)
  at org.junit.runners.ParentRunner$3.evaluate(ParentRunner.java:306)
  at org.junit.runners.BlockJUnit4ClassRunner$1.evaluate(BlockJUnit4ClassRunner.java:100)
  at org.junit.runners.ParentRunner.runLeaf(ParentRunner.java:366)
  at org.junit.runners.BlockJUnit4ClassRunner.runChild(BlockJUnit4ClassRunner.java:103)
  at org.junit.runners.BlockJUnit4ClassRunner.runChild(BlockJUnit4ClassRunner.java:63)
  at org.junit.runners.ParentRunner$4.run(ParentRunner.java:331)
  at org.junit.runners.ParentRunner$1.schedule(ParentRunner.java:79)
  at org.junit.runners.ParentRunner.runChildren(ParentRunner.java:329)
  at org.junit.runners.ParentRunner.access$100(ParentRunner.java:66)
  at org.junit.runners.ParentRunner$2.evaluate(ParentRunner.java:293)
  at org.junit.runners.ParentRunner$3.evaluate(ParentRunner.java:306)
  at org.junit.runners.ParentRunner.run(ParentRunner.java:413)
  at org.junit.runner.JUnitCore.run(JUnitCore.java:137)
  at org.junit.runner.JUnitCore.run(JUnitCore.java:115)
  at org.gradle.api.internal.tasks.testing.junit.JUnitTestExecutor.runRequest(JUnitTestExecutor.java:175)
  at org.gradle.api.internal.tasks.testing.junit.JUnitTestExecutor.accept(JUnitTestExecutor.java:84)
  at org.gradle.api.internal.tasks.testing.junit.JUnitTestExecutor.accept(JUnitTestExecutor.java:47)
  at org.gradle.api.internal.tasks.testing.junit.AbstractJUnitTestDefinitionProcessor.processTestDefinition(AbstractJUnitTestDefinitionProcessor.java:65)
  at org.gradle.api.internal.tasks.testing.SuiteTestDefinitionProcessor.processTestDefinition(SuiteTestDefinitionProcessor.java:54)
  at java.base/jdk.internal.reflect.DirectMethodHandleAccessor.invoke(DirectMethodHandleAccessor.java:104)
  at java.base/java.lang.reflect.Method.invoke(Method.java:565)
  at org.gradle.internal.dispatch.MethodInvocation.invokeOn(MethodInvocation.java:77)
  at org.gradle.internal.dispatch.ReflectionDispatch.dispatch(ReflectionDispatch.java:28)
  at org.gradle.internal.dispatch.ReflectionDispatch.dispatch(ReflectionDispatch.java:19)
  at org.gradle.internal.dispatch.ContextClassLoaderDispatch.dispatch(ContextClassLoaderDispatch.java:33)
  at org.gradle.internal.dispatch.ProxyDispatchAdapter$DispatchingInvocationHandler.invoke(ProxyDispatchAdapter.java:88)
  at jdk.proxy1/jdk.proxy1.$Proxy4.processTestDefinition(Unknown Source)
  at org.gradle.api.internal.tasks.testing.worker.TestWorker$2.run(TestWorker.java:178)
  at org.gradle.api.internal.tasks.testing.worker.TestWorker.executeAndMaintainThreadName(TestWorker.java:126)
  at org.gradle.api.internal.tasks.testing.worker.TestWorker.execute(TestWorker.java:103)
  at org.gradle.api.internal.tasks.testing.worker.TestWorker.execute(TestWorker.java:63)
  at org.gradle.process.internal.worker.child.ActionExecutionWorker.execute(ActionExecutionWorker.java:56)
  at org.gradle.process.internal.worker.child.SystemApplicationClassLoaderWorker.call(SystemApplicationClassLoaderWorker.java:122)
  at org.gradle.process.internal.worker.child.SystemApplicationClassLoaderWorker.call(SystemApplicationClassLoaderWorker.java:72)
  at worker.org.gradle.process.internal.worker.GradleWorkerMain.run(GradleWorkerMain.java:69)
  at worker.org.gradle.process.internal.worker.GradleWorkerMain.main(GradleWorkerMain.java:74)
</stacktrace>
</test-failure>


TypeScriptCompilerTests_D[jvm] > dottedModuleName_ts has expected errors matching dottedModuleName_errors_txt[jvm] FAILED

<test-failure test="com.xemantic.typescript.compiler.TypeScriptCompilerTests_D.downlevelLetConst12_ts__target_es2015__has expected errors matching baseline" platform="jvm">
<message>
Expected diagnostics from baseline typescript-repo/tests/baselines/reference/downlevelLetConst12(target=es2015).errors.txt but none produced
</message>
<stacktrace>
  at com.xemantic.typescript.compiler.TypeScriptTestSupportKt.errorsMatchBaseline(TypeScriptTestSupport.kt:125)
  at com.xemantic.typescript.compiler.TypeScriptCompilerTests_D.downlevelLetConst12_ts__target_es2015__has expected errors matching baseline(TypeScriptCompilerTests_D.kt:5964)
  at java.base/jdk.internal.reflect.DirectMethodHandleAccessor.invoke(DirectMethodHandleAccessor.java:104)
  at java.base/java.lang.reflect.Method.invoke(Method.java:565)
  at org.junit.runners.model.FrameworkMethod$1.runReflectiveCall(FrameworkMethod.java:59)
  at org.junit.internal.runners.model.ReflectiveCallable.run(ReflectiveCallable.java:12)
  at org.junit.runners.model.FrameworkMethod.invokeExplosively(FrameworkMethod.java:56)
  at org.junit.internal.runners.statements.InvokeMethod.evaluate(InvokeMethod.java:17)
  at org.junit.runners.ParentRunner$3.evaluate(ParentRunner.java:306)
  at org.junit.runners.BlockJUnit4ClassRunner$1.evaluate(BlockJUnit4ClassRunner.java:100)
  at org.junit.runners.ParentRunner.runLeaf(ParentRunner.java:366)
  at org.junit.runners.BlockJUnit4ClassRunner.runChild(BlockJUnit4ClassRunner.java:103)
  at org.junit.runners.BlockJUnit4ClassRunner.runChild(BlockJUnit4ClassRunner.java:63)
  at org.junit.runners.ParentRunner$4.run(ParentRunner.java:331)
  at org.junit.runners.ParentRunner$1.schedule(ParentRunner.java:79)
  at org.junit.runners.ParentRunner.runChildren(ParentRunner.java:329)
  at org.junit.runners.ParentRunner.access$100(ParentRunner.java:66)
  at org.junit.runners.ParentRunner$2.evaluate(ParentRunner.java:293)
  at org.junit.runners.ParentRunner$3.evaluate(ParentRunner.java:306)
  at org.junit.runners.ParentRunner.run(ParentRunner.java:413)
  at org.junit.runner.JUnitCore.run(JUnitCore.java:137)
  at org.junit.runner.JUnitCore.run(JUnitCore.java:115)
  at org.gradle.api.internal.tasks.testing.junit.JUnitTestExecutor.runRequest(JUnitTestExecutor.java:175)
  at org.gradle.api.internal.tasks.testing.junit.JUnitTestExecutor.accept(JUnitTestExecutor.java:84)
  at org.gradle.api.internal.tasks.testing.junit.JUnitTestExecutor.accept(JUnitTestExecutor.java:47)
  at org.gradle.api.internal.tasks.testing.junit.AbstractJUnitTestDefinitionProcessor.processTestDefinition(AbstractJUnitTestDefinitionProcessor.java:65)
  at org.gradle.api.internal.tasks.testing.SuiteTestDefinitionProcessor.processTestDefinition(SuiteTestDefinitionProcessor.java:54)
  at java.base/jdk.internal.reflect.DirectMethodHandleAccessor.invoke(DirectMethodHandleAccessor.java:104)
  at java.base/java.lang.reflect.Method.invoke(Method.java:565)
  at org.gradle.internal.dispatch.MethodInvocation.invokeOn(MethodInvocation.java:77)
  at org.gradle.internal.dispatch.ReflectionDispatch.dispatch(ReflectionDispatch.java:28)
  at org.gradle.internal.dispatch.ReflectionDispatch.dispatch(ReflectionDispatch.java:19)
  at org.gradle.internal.dispatch.ContextClassLoaderDispatch.dispatch(ContextClassLoaderDispatch.java:33)
  at org.gradle.internal.dispatch.ProxyDispatchAdapter$DispatchingInvocationHandler.invoke(ProxyDispatchAdapter.java:88)
  at jdk.proxy1/jdk.proxy1.$Proxy4.processTestDefinition(Unknown Source)
  at org.gradle.api.internal.tasks.testing.worker.TestWorker$2.run(TestWorker.java:178)
  at org.gradle.api.internal.tasks.testing.worker.TestWorker.executeAndMaintainThreadName(TestWorker.java:126)
  at org.gradle.api.internal.tasks.testing.worker.TestWorker.execute(TestWorker.java:103)
  at org.gradle.api.internal.tasks.testing.worker.TestWorker.execute(TestWorker.java:63)
  at org.gradle.process.internal.worker.child.ActionExecutionWorker.execute(ActionExecutionWorker.java:56)
  at org.gradle.process.internal.worker.child.SystemApplicationClassLoaderWorker.call(SystemApplicationClassLoaderWorker.java:122)
  at org.gradle.process.internal.worker.child.SystemApplicationClassLoaderWorker.call(SystemApplicationClassLoaderWorker.java:72)
  at worker.org.gradle.process.internal.worker.GradleWorkerMain.run(GradleWorkerMain.java:69)
  at worker.org.gradle.process.internal.worker.GradleWorkerMain.main(GradleWorkerMain.java:74)
</stacktrace>
</test-failure>


TypeScriptCompilerTests_D[jvm] > downlevelLetConst12_ts__target_es2015__has expected errors matching baseline[jvm] FAILED

<test-failure test="com.xemantic.typescript.compiler.TypeScriptCompilerTests_D.deeplyNestedCheck_ts has expected errors matching deeplyNestedCheck_errors_txt" platform="jvm">
<message>
Expected diagnostics from baseline typescript-repo/tests/baselines/reference/deeplyNestedCheck.errors.txt but none produced
</message>
<stacktrace>
  at com.xemantic.typescript.compiler.TypeScriptTestSupportKt.errorsMatchBaseline(TypeScriptTestSupport.kt:125)
  at com.xemantic.typescript.compiler.TypeScriptCompilerTests_D.deeplyNestedCheck_ts has expected errors matching deeplyNestedCheck_errors_txt(TypeScriptCompilerTests_D.kt:4172)
  at java.base/jdk.internal.reflect.DirectMethodHandleAccessor.invoke(DirectMethodHandleAccessor.java:104)
  at java.base/java.lang.reflect.Method.invoke(Method.java:565)
  at org.junit.runners.model.FrameworkMethod$1.runReflectiveCall(FrameworkMethod.java:59)
  at org.junit.internal.runners.model.ReflectiveCallable.run(ReflectiveCallable.java:12)
  at org.junit.runners.model.FrameworkMethod.invokeExplosively(FrameworkMethod.java:56)
  at org.junit.internal.runners.statements.InvokeMethod.evaluate(InvokeMethod.java:17)
  at org.junit.runners.ParentRunner$3.evaluate(ParentRunner.java:306)
  at org.junit.runners.BlockJUnit4ClassRunner$1.evaluate(BlockJUnit4ClassRunner.java:100)
  at org.junit.runners.ParentRunner.runLeaf(ParentRunner.java:366)
  at org.junit.runners.BlockJUnit4ClassRunner.runChild(BlockJUnit4ClassRunner.java:103)
  at org.junit.runners.BlockJUnit4ClassRunner.runChild(BlockJUnit4ClassRunner.java:63)
  at org.junit.runners.ParentRunner$4.run(ParentRunner.java:331)
  at org.junit.runners.ParentRunner$1.schedule(ParentRunner.java:79)
  at org.junit.runners.ParentRunner.runChildren(ParentRunner.java:329)
  at org.junit.runners.ParentRunner.access$100(ParentRunner.java:66)
  at org.junit.runners.ParentRunner$2.evaluate(ParentRunner.java:293)
  at org.junit.runners.ParentRunner$3.evaluate(ParentRunner.java:306)
  at org.junit.runners.ParentRunner.run(ParentRunner.java:413)
  at org.junit.runner.JUnitCore.run(JUnitCore.java:137)
  at org.junit.runner.JUnitCore.run(JUnitCore.java:115)
  at org.gradle.api.internal.tasks.testing.junit.JUnitTestExecutor.runRequest(JUnitTestExecutor.java:175)
  at org.gradle.api.internal.tasks.testing.junit.JUnitTestExecutor.accept(JUnitTestExecutor.java:84)
  at org.gradle.api.internal.tasks.testing.junit.JUnitTestExecutor.accept(JUnitTestExecutor.java:47)
  at org.gradle.api.internal.tasks.testing.junit.AbstractJUnitTestDefinitionProcessor.processTestDefinition(AbstractJUnitTestDefinitionProcessor.java:65)
  at org.gradle.api.internal.tasks.testing.SuiteTestDefinitionProcessor.processTestDefinition(SuiteTestDefinitionProcessor.java:54)
  at java.base/jdk.internal.reflect.DirectMethodHandleAccessor.invoke(DirectMethodHandleAccessor.java:104)
  at java.base/java.lang.reflect.Method.invoke(Method.java:565)
  at org.gradle.internal.dispatch.MethodInvocation.invokeOn(MethodInvocation.java:77)
  at org.gradle.internal.dispatch.ReflectionDispatch.dispatch(ReflectionDispatch.java:28)
  at org.gradle.internal.dispatch.ReflectionDispatch.dispatch(ReflectionDispatch.java:19)
  at org.gradle.internal.dispatch.ContextClassLoaderDispatch.dispatch(ContextClassLoaderDispatch.java:33)
  at org.gradle.internal.dispatch.ProxyDispatchAdapter$DispatchingInvocationHandler.invoke(ProxyDispatchAdapter.java:88)
  at jdk.proxy1/jdk.proxy1.$Proxy4.processTestDefinition(Unknown Source)
  at org.gradle.api.internal.tasks.testing.worker.TestWorker$2.run(TestWorker.java:178)
  at org.gradle.api.internal.tasks.testing.worker.TestWorker.executeAndMaintainThreadName(TestWorker.java:126)
  at org.gradle.api.internal.tasks.testing.worker.TestWorker.execute(TestWorker.java:103)
  at org.gradle.api.internal.tasks.testing.worker.TestWorker.execute(TestWorker.java:63)
  at org.gradle.process.internal.worker.child.ActionExecutionWorker.execute(ActionExecutionWorker.java:56)
  at org.gradle.process.internal.worker.child.SystemApplicationClassLoaderWorker.call(SystemApplicationClassLoaderWorker.java:122)
  at org.gradle.process.internal.worker.child.SystemApplicationClassLoaderWorker.call(SystemApplicationClassLoaderWorker.java:72)
  at worker.org.gradle.process.internal.worker.GradleWorkerMain.run(GradleWorkerMain.java:69)
  at worker.org.gradle.process.internal.worker.GradleWorkerMain.main(GradleWorkerMain.java:74)
</stacktrace>
</test-failure>


TypeScriptCompilerTests_D[jvm] > deeplyNestedCheck_ts has expected errors matching deeplyNestedCheck_errors_txt[jvm] FAILED

<test-failure test="com.xemantic.typescript.compiler.TypeScriptCompilerTests_D.duplicateClassElements_ts has expected errors matching duplicateClassElements_errors_txt" platform="jvm">
<message>
--- expected
+++ actual
@@ -2,19 +2,16 @@
 duplicateClassElements.ts(4,12): error TS2393: Duplicate function implementation.
 duplicateClassElements.ts(6,12): error TS2393: Duplicate function implementation.
 duplicateClassElements.ts(8,12): error TS2300: Duplicate identifier 'x'.
-duplicateClassElements.ts(9,9): error TS2300: Duplicate identifier 'x'.
-duplicateClassElements.ts(12,9): error TS2300: Duplicate identifier 'x'.
 duplicateClassElements.ts(21,12): error TS2300: Duplicate identifier 'z'.
 duplicateClassElements.ts(23,9): error TS2300: Duplicate identifier 'z'.
 duplicateClassElements.ts(26,9): error TS2300: Duplicate identifier 'z'.
 duplicateClassElements.ts(34,12): error TS2300: Duplicate identifier 'x2'.
-duplicateClassElements.ts(34,12): error TS2717: Subsequent property declarations must have the same type.  Property 'x2' must be of type 'number', but here has type 'any'.
 duplicateClassElements.ts(36,9): error TS2300: Duplicate identifier 'z2'.
 duplicateClassElements.ts(39,9): error TS2300: Duplicate identifier 'z2'.
 duplicateClassElements.ts(41,12): error TS2300: Duplicate identifier 'z2'.
 
 
-==== duplicateClassElements.ts (14 errors) ====
+==== duplicateClassElements.ts (11 errors) ====
     class a {
         public a;
         public a;
@@ -32,13 +29,9 @@
                ~
 !!! error TS2300: Duplicate identifier 'x'.
         get x() {
-            ~
-!!! error TS2300: Duplicate identifier 'x'.
             return 10;
         }
         set x(_x: number) {
-            ~
-!!! error TS2300: Duplicate identifier 'x'.
         }
     
         get y() {
@@ -69,9 +62,6 @@
         public x2;
                ~~
 !!! error TS2300: Duplicate identifier 'x2'.
-               ~~
-!!! error TS2717: Subsequent property declarations must have the same type.  Property 'x2' must be of type 'number', but here has type 'any'.
-!!! related TS6203 duplicateClassElements.ts:29:9: 'x2' was also declared here.
     
         get z2() {
             ~~

</message>
<stacktrace>
  at org.junit.Assert.fail(Assert.java:89)
  at kotlin.test.junit.JUnitAsserter.fail(JUnitSupport.kt:56)
  at kotlin.test.AssertionsKt__AssertionsKt.fail(Assertions.kt:563)
  at kotlin.test.AssertionsKt.fail(Unknown Source)
  at com.xemantic.kotlin.test.SameAsKt.sameAs(SameAs.kt:52)
  at com.xemantic.typescript.compiler.TypeScriptTestSupportKt.errorsMatchBaseline(TypeScriptTestSupport.kt:135)
  at com.xemantic.typescript.compiler.TypeScriptCompilerTests_D.duplicateClassElements_ts has expected errors matching duplicateClassElements_errors_txt(TypeScriptCompilerTests_D.kt:6181)
  at java.base/jdk.internal.reflect.DirectMethodHandleAccessor.invoke(DirectMethodHandleAccessor.java:104)
  at java.base/java.lang.reflect.Method.invoke(Method.java:565)
  at org.junit.runners.model.FrameworkMethod$1.runReflectiveCall(FrameworkMethod.java:59)
  at org.junit.internal.runners.model.ReflectiveCallable.run(ReflectiveCallable.java:12)
  at org.junit.runners.model.FrameworkMethod.invokeExplosively(FrameworkMethod.java:56)
  at org.junit.internal.runners.statements.InvokeMethod.evaluate(InvokeMethod.java:17)
  at org.junit.runners.ParentRunner$3.evaluate(ParentRunner.java:306)
  at org.junit.runners.BlockJUnit4ClassRunner$1.evaluate(BlockJUnit4ClassRunner.java:100)
  at org.junit.runners.ParentRunner.runLeaf(ParentRunner.java:366)
  at org.junit.runners.BlockJUnit4ClassRunner.runChild(BlockJUnit4ClassRunner.java:103)
  at org.junit.runners.BlockJUnit4ClassRunner.runChild(BlockJUnit4ClassRunner.java:63)
  at org.junit.runners.ParentRunner$4.run(ParentRunner.java:331)
  at org.junit.runners.ParentRunner$1.schedule(ParentRunner.java:79)
  at org.junit.runners.ParentRunner.runChildren(ParentRunner.java:329)
  at org.junit.runners.ParentRunner.access$100(ParentRunner.java:66)
  at org.junit.runners.ParentRunner$2.evaluate(ParentRunner.java:293)
  at org.junit.runners.ParentRunner$3.evaluate(ParentRunner.java:306)
  at org.junit.runners.ParentRunner.run(ParentRunner.java:413)
  at org.junit.runner.JUnitCore.run(JUnitCore.java:137)
  at org.junit.runner.JUnitCore.run(JUnitCore.java:115)
  at org.gradle.api.internal.tasks.testing.junit.JUnitTestExecutor.runRequest(JUnitTestExecutor.java:175)
  at org.gradle.api.internal.tasks.testing.junit.JUnitTestExecutor.accept(JUnitTestExecutor.java:84)
  at org.gradle.api.internal.tasks.testing.junit.JUnitTestExecutor.accept(JUnitTestExecutor.java:47)
  at org.gradle.api.internal.tasks.testing.junit.AbstractJUnitTestDefinitionProcessor.processTestDefinition(AbstractJUnitTestDefinitionProcessor.java:65)
  at org.gradle.api.internal.tasks.testing.SuiteTestDefinitionProcessor.processTestDefinition(SuiteTestDefinitionProcessor.java:54)
  at java.base/jdk.internal.reflect.DirectMethodHandleAccessor.invoke(DirectMethodHandleAccessor.java:104)
  at java.base/java.lang.reflect.Method.invoke(Method.java:565)
  at org.gradle.internal.dispatch.MethodInvocation.invokeOn(MethodInvocation.java:77)
  at org.gradle.internal.dispatch.ReflectionDispatch.dispatch(ReflectionDispatch.java:28)
  at org.gradle.internal.dispatch.ReflectionDispatch.dispatch(ReflectionDispatch.java:19)
  at org.gradle.internal.dispatch.ContextClassLoaderDispatch.dispatch(ContextClassLoaderDispatch.java:33)
  at org.gradle.internal.dispatch.ProxyDispatchAdapter$DispatchingInvocationHandler.invoke(ProxyDispatchAdapter.java:88)
  at jdk.proxy1/jdk.proxy1.$Proxy4.processTestDefinition(Unknown Source)
  at org.gradle.api.internal.tasks.testing.worker.TestWorker$2.run(TestWorker.java:178)
  at org.gradle.api.internal.tasks.testing.worker.TestWorker.executeAndMaintainThreadName(TestWorker.java:126)
  at org.gradle.api.internal.tasks.testing.worker.TestWorker.execute(TestWorker.java:103)
  at org.gradle.api.internal.tasks.testing.worker.TestWorker.execute(TestWorker.java:63)
  at org.gradle.process.internal.worker.child.ActionExecutionWorker.execute(ActionExecutionWorker.java:56)
  at org.gradle.process.internal.worker.child.SystemApplicationClassLoaderWorker.call(SystemApplicationClassLoaderWorker.java:122)
  at org.gradle.process.internal.worker.child.SystemApplicationClassLoaderWorker.call(SystemApplicationClassLoaderWorker.java:72)
  at worker.org.gradle.process.internal.worker.GradleWorkerMain.run(GradleWorkerMain.java:69)
  at worker.org.gradle.process.internal.worker.GradleWorkerMain.main(GradleWorkerMain.java:74)
</stacktrace>
</test-failure>


TypeScriptCompilerTests_D[jvm] > duplicateClassElements_ts has expected errors matching duplicateClassElements_errors_txt[jvm] FAILED

<test-failure test="com.xemantic.typescript.compiler.TypeScriptCompilerTests_D.declarationEmitUnknownImport_ts__target_es2015__has expected errors matching baseline" platform="jvm">
<message>
Expected diagnostics from baseline typescript-repo/tests/baselines/reference/declarationEmitUnknownImport(target=es2015).errors.txt but none produced
</message>
<stacktrace>
  at com.xemantic.typescript.compiler.TypeScriptTestSupportKt.errorsMatchBaseline(TypeScriptTestSupport.kt:125)
  at com.xemantic.typescript.compiler.TypeScriptCompilerTests_D.declarationEmitUnknownImport_ts__target_es2015__has expected errors matching baseline(TypeScriptCompilerTests_D.kt:3136)
  at java.base/jdk.internal.reflect.DirectMethodHandleAccessor.invoke(DirectMethodHandleAccessor.java:104)
  at java.base/java.lang.reflect.Method.invoke(Method.java:565)
  at org.junit.runners.model.FrameworkMethod$1.runReflectiveCall(FrameworkMethod.java:59)
  at org.junit.internal.runners.model.ReflectiveCallable.run(ReflectiveCallable.java:12)
  at org.junit.runners.model.FrameworkMethod.invokeExplosively(FrameworkMethod.java:56)
  at org.junit.internal.runners.statements.InvokeMethod.evaluate(InvokeMethod.java:17)
  at org.junit.runners.ParentRunner$3.evaluate(ParentRunner.java:306)
  at org.junit.runners.BlockJUnit4ClassRunner$1.evaluate(BlockJUnit4ClassRunner.java:100)
  at org.junit.runners.ParentRunner.runLeaf(ParentRunner.java:366)
  at org.junit.runners.BlockJUnit4ClassRunner.runChild(BlockJUnit4ClassRunner.java:103)
  at org.junit.runners.BlockJUnit4ClassRunner.runChild(BlockJUnit4ClassRunner.java:63)
  at org.junit.runners.ParentRunner$4.run(ParentRunner.java:331)
  at org.junit.runners.ParentRunner$1.schedule(ParentRunner.java:79)
  at org.junit.runners.ParentRunner.runChildren(ParentRunner.java:329)
  at org.junit.runners.ParentRunner.access$100(ParentRunner.java:66)
  at org.junit.runners.ParentRunner$2.evaluate(ParentRunner.java:293)
  at org.junit.runners.ParentRunner$3.evaluate(ParentRunner.java:306)
  at org.junit.runners.ParentRunner.run(ParentRunner.java:413)
  at org.junit.runner.JUnitCore.run(JUnitCore.java:137)
  at org.junit.runner.JUnitCore.run(JUnitCore.java:115)
  at org.gradle.api.internal.tasks.testing.junit.JUnitTestExecutor.runRequest(JUnitTestExecutor.java:175)
  at org.gradle.api.internal.tasks.testing.junit.JUnitTestExecutor.accept(JUnitTestExecutor.java:84)
  at org.gradle.api.internal.tasks.testing.junit.JUnitTestExecutor.accept(JUnitTestExecutor.java:47)
  at org.gradle.api.internal.tasks.testing.junit.AbstractJUnitTestDefinitionProcessor.processTestDefinition(AbstractJUnitTestDefinitionProcessor.java:65)
  at org.gradle.api.internal.tasks.testing.SuiteTestDefinitionProcessor.processTestDefinition(SuiteTestDefinitionProcessor.java:54)
  at java.base/jdk.internal.reflect.DirectMethodHandleAccessor.invoke(DirectMethodHandleAccessor.java:104)
  at java.base/java.lang.reflect.Method.invoke(Method.java:565)
  at org.gradle.internal.dispatch.MethodInvocation.invokeOn(MethodInvocation.java:77)
  at org.gradle.internal.dispatch.ReflectionDispatch.dispatch(ReflectionDispatch.java:28)
  at org.gradle.internal.dispatch.ReflectionDispatch.dispatch(ReflectionDispatch.java:19)
  at org.gradle.internal.dispatch.ContextClassLoaderDispatch.dispatch(ContextClassLoaderDispatch.java:33)
  at org.gradle.internal.dispatch.ProxyDispatchAdapter$DispatchingInvocationHandler.invoke(ProxyDispatchAdapter.java:88)
  at jdk.proxy1/jdk.proxy1.$Proxy4.processTestDefinition(Unknown Source)
  at org.gradle.api.internal.tasks.testing.worker.TestWorker$2.run(TestWorker.java:178)
  at org.gradle.api.internal.tasks.testing.worker.TestWorker.executeAndMaintainThreadName(TestWorker.java:126)
  at org.gradle.api.internal.tasks.testing.worker.TestWorker.execute(TestWorker.java:103)
  at org.gradle.api.internal.tasks.testing.worker.TestWorker.execute(TestWorker.java:63)
  at org.gradle.process.internal.worker.child.ActionExecutionWorker.execute(ActionExecutionWorker.java:56)
  at org.gradle.process.internal.worker.child.SystemApplicationClassLoaderWorker.call(SystemApplicationClassLoaderWorker.java:122)
  at org.gradle.process.internal.worker.child.SystemApplicationClassLoaderWorker.call(SystemApplicationClassLoaderWorker.java:72)
  at worker.org.gradle.process.internal.worker.GradleWorkerMain.run(GradleWorkerMain.java:69)
  at worker.org.gradle.process.internal.worker.GradleWorkerMain.main(GradleWorkerMain.java:74)
</stacktrace>
</test-failure>


TypeScriptCompilerTests_D[jvm] > declarationEmitUnknownImport_ts__target_es2015__has expected errors matching baseline[jvm] FAILED

<test-failure test="com.xemantic.typescript.compiler.TypeScriptCompilerTests_D.destructuringUnspreadableIntoRest_ts has expected errors matching destructuringUnspreadableIntoRest_errors_txt" platform="jvm">
<message>
Expected diagnostics from baseline typescript-repo/tests/baselines/reference/destructuringUnspreadableIntoRest.errors.txt but none produced
</message>
<stacktrace>
  at com.xemantic.typescript.compiler.TypeScriptTestSupportKt.errorsMatchBaseline(TypeScriptTestSupport.kt:125)
  at com.xemantic.typescript.compiler.TypeScriptCompilerTests_D.destructuringUnspreadableIntoRest_ts has expected errors matching destructuringUnspreadableIntoRest_errors_txt(TypeScriptCompilerTests_D.kt:5159)
  at java.base/jdk.internal.reflect.DirectMethodHandleAccessor.invoke(DirectMethodHandleAccessor.java:104)
  at java.base/java.lang.reflect.Method.invoke(Method.java:565)
  at org.junit.runners.model.FrameworkMethod$1.runReflectiveCall(FrameworkMethod.java:59)
  at org.junit.internal.runners.model.ReflectiveCallable.run(ReflectiveCallable.java:12)
  at org.junit.runners.model.FrameworkMethod.invokeExplosively(FrameworkMethod.java:56)
  at org.junit.internal.runners.statements.InvokeMethod.evaluate(InvokeMethod.java:17)
  at org.junit.runners.ParentRunner$3.evaluate(ParentRunner.java:306)
  at org.junit.runners.BlockJUnit4ClassRunner$1.evaluate(BlockJUnit4ClassRunner.java:100)
  at org.junit.runners.ParentRunner.runLeaf(ParentRunner.java:366)
  at org.junit.runners.BlockJUnit4ClassRunner.runChild(BlockJUnit4ClassRunner.java:103)
  at org.junit.runners.BlockJUnit4ClassRunner.runChild(BlockJUnit4ClassRunner.java:63)
  at org.junit.runners.ParentRunner$4.run(ParentRunner.java:331)
  at org.junit.runners.ParentRunner$1.schedule(ParentRunner.java:79)
  at org.junit.runners.ParentRunner.runChildren(ParentRunner.java:329)
  at org.junit.runners.ParentRunner.access$100(ParentRunner.java:66)
  at org.junit.runners.ParentRunner$2.evaluate(ParentRunner.java:293)
  at org.junit.runners.ParentRunner$3.evaluate(ParentRunner.java:306)
  at org.junit.runners.ParentRunner.run(ParentRunner.java:413)
  at org.junit.runner.JUnitCore.run(JUnitCore.java:137)
  at org.junit.runner.JUnitCore.run(JUnitCore.java:115)
  at org.gradle.api.internal.tasks.testing.junit.JUnitTestExecutor.runRequest(JUnitTestExecutor.java:175)
  at org.gradle.api.internal.tasks.testing.junit.JUnitTestExecutor.accept(JUnitTestExecutor.java:84)
  at org.gradle.api.internal.tasks.testing.junit.JUnitTestExecutor.accept(JUnitTestExecutor.java:47)
  at org.gradle.api.internal.tasks.testing.junit.AbstractJUnitTestDefinitionProcessor.processTestDefinition(AbstractJUnitTestDefinitionProcessor.java:65)
  at org.gradle.api.internal.tasks.testing.SuiteTestDefinitionProcessor.processTestDefinition(SuiteTestDefinitionProcessor.java:54)
  at java.base/jdk.internal.reflect.DirectMethodHandleAccessor.invoke(DirectMethodHandleAccessor.java:104)
  at java.base/java.lang.reflect.Method.invoke(Method.java:565)
  at org.gradle.internal.dispatch.MethodInvocation.invokeOn(MethodInvocation.java:77)
  at org.gradle.internal.dispatch.ReflectionDispatch.dispatch(ReflectionDispatch.java:28)
  at org.gradle.internal.dispatch.ReflectionDispatch.dispatch(ReflectionDispatch.java:19)
  at org.gradle.internal.dispatch.ContextClassLoaderDispatch.dispatch(ContextClassLoaderDispatch.java:33)
  at org.gradle.internal.dispatch.ProxyDispatchAdapter$DispatchingInvocationHandler.invoke(ProxyDispatchAdapter.java:88)
  at jdk.proxy1/jdk.proxy1.$Proxy4.processTestDefinition(Unknown Source)
  at org.gradle.api.internal.tasks.testing.worker.TestWorker$2.run(TestWorker.java:178)
  at org.gradle.api.internal.tasks.testing.worker.TestWorker.executeAndMaintainThreadName(TestWorker.java:126)
  at org.gradle.api.internal.tasks.testing.worker.TestWorker.execute(TestWorker.java:103)
  at org.gradle.api.internal.tasks.testing.worker.TestWorker.execute(TestWorker.java:63)
  at org.gradle.process.internal.worker.child.ActionExecutionWorker.execute(ActionExecutionWorker.java:56)
  at org.gradle.process.internal.worker.child.SystemApplicationClassLoaderWorker.call(SystemApplicationClassLoaderWorker.java:122)
  at org.gradle.process.internal.worker.child.SystemApplicationClassLoaderWorker.call(SystemApplicationClassLoaderWorker.java:72)
  at worker.org.gradle.process.internal.worker.GradleWorkerMain.run(GradleWorkerMain.java:69)
  at worker.org.gradle.process.internal.worker.GradleWorkerMain.main(GradleWorkerMain.java:74)
</stacktrace>
</test-failure>


TypeScriptCompilerTests_D[jvm] > destructuringUnspreadableIntoRest_ts has expected errors matching destructuringUnspreadableIntoRest_errors_txt[jvm] FAILED

<test-failure test="com.xemantic.typescript.compiler.TypeScriptCompilerTests_D.declarationEmitExpressionInExtends4_ts has expected errors matching declarationEmitExpressionInExtends4_errors_txt" platform="jvm">
<message>
--- expected
+++ actual
@@ -1,16 +1,13 @@
-declarationEmitExpressionInExtends4.ts(5,17): error TS2315: Type 'D' is not generic.
 declarationEmitExpressionInExtends4.ts(9,18): error TS2304: Cannot find name 'SomeUndefinedFunction'.
 declarationEmitExpressionInExtends4.ts(14,18): error TS2304: Cannot find name 'SomeUndefinedFunction'.
 
 
-==== declarationEmitExpressionInExtends4.ts (3 errors) ====
+==== declarationEmitExpressionInExtends4.ts (2 errors) ====
     function getSomething() {
         return class D { }
     }
     
     class C extends getSomething()<number, string> {
-                    ~~~~~~~~~~~~~~~~~~~~~~~~~~~~~~
-!!! error TS2315: Type 'D' is not generic.
     
     }
     

</message>
<stacktrace>
  at org.junit.Assert.fail(Assert.java:89)
  at kotlin.test.junit.JUnitAsserter.fail(JUnitSupport.kt:56)
  at kotlin.test.AssertionsKt__AssertionsKt.fail(Assertions.kt:563)
  at kotlin.test.AssertionsKt.fail(Unknown Source)
  at com.xemantic.kotlin.test.SameAsKt.sameAs(SameAs.kt:52)
  at com.xemantic.typescript.compiler.TypeScriptTestSupportKt.errorsMatchBaseline(TypeScriptTestSupport.kt:135)
  at com.xemantic.typescript.compiler.TypeScriptCompilerTests_D.declarationEmitExpressionInExtends4_ts has expected errors matching declarationEmitExpressionInExtends4_errors_txt(TypeScriptCompilerTests_D.kt:1827)
  at java.base/jdk.internal.reflect.DirectMethodHandleAccessor.invoke(DirectMethodHandleAccessor.java:104)
  at java.base/java.lang.reflect.Method.invoke(Method.java:565)
  at org.junit.runners.model.FrameworkMethod$1.runReflectiveCall(FrameworkMethod.java:59)
  at org.junit.internal.runners.model.ReflectiveCallable.run(ReflectiveCallable.java:12)
  at org.junit.runners.model.FrameworkMethod.invokeExplosively(FrameworkMethod.java:56)
  at org.junit.internal.runners.statements.InvokeMethod.evaluate(InvokeMethod.java:17)
  at org.junit.runners.ParentRunner$3.evaluate(ParentRunner.java:306)
  at org.junit.runners.BlockJUnit4ClassRunner$1.evaluate(BlockJUnit4ClassRunner.java:100)
  at org.junit.runners.ParentRunner.runLeaf(ParentRunner.java:366)
  at org.junit.runners.BlockJUnit4ClassRunner.runChild(BlockJUnit4ClassRunner.java:103)
  at org.junit.runners.BlockJUnit4ClassRunner.runChild(BlockJUnit4ClassRunner.java:63)
  at org.junit.runners.ParentRunner$4.run(ParentRunner.java:331)
  at org.junit.runners.ParentRunner$1.schedule(ParentRunner.java:79)
  at org.junit.runners.ParentRunner.runChildren(ParentRunner.java:329)
  at org.junit.runners.ParentRunner.access$100(ParentRunner.java:66)
  at org.junit.runners.ParentRunner$2.evaluate(ParentRunner.java:293)
  at org.junit.runners.ParentRunner$3.evaluate(ParentRunner.java:306)
  at org.junit.runners.ParentRunner.run(ParentRunner.java:413)
  at org.junit.runner.JUnitCore.run(JUnitCore.java:137)
  at org.junit.runner.JUnitCore.run(JUnitCore.java:115)
  at org.gradle.api.internal.tasks.testing.junit.JUnitTestExecutor.runRequest(JUnitTestExecutor.java:175)
  at org.gradle.api.internal.tasks.testing.junit.JUnitTestExecutor.accept(JUnitTestExecutor.java:84)
  at org.gradle.api.internal.tasks.testing.junit.JUnitTestExecutor.accept(JUnitTestExecutor.java:47)
  at org.gradle.api.internal.tasks.testing.junit.AbstractJUnitTestDefinitionProcessor.processTestDefinition(AbstractJUnitTestDefinitionProcessor.java:65)
  at org.gradle.api.internal.tasks.testing.SuiteTestDefinitionProcessor.processTestDefinition(SuiteTestDefinitionProcessor.java:54)
  at java.base/jdk.internal.reflect.DirectMethodHandleAccessor.invoke(DirectMethodHandleAccessor.java:104)
  at java.base/java.lang.reflect.Method.invoke(Method.java:565)
  at org.gradle.internal.dispatch.MethodInvocation.invokeOn(MethodInvocation.java:77)
  at org.gradle.internal.dispatch.ReflectionDispatch.dispatch(ReflectionDispatch.java:28)
  at org.gradle.internal.dispatch.ReflectionDispatch.dispatch(ReflectionDispatch.java:19)
  at org.gradle.internal.dispatch.ContextClassLoaderDispatch.dispatch(ContextClassLoaderDispatch.java:33)
  at org.gradle.internal.dispatch.ProxyDispatchAdapter$DispatchingInvocationHandler.invoke(ProxyDispatchAdapter.java:88)
  at jdk.proxy1/jdk.proxy1.$Proxy4.processTestDefinition(Unknown Source)
  at org.gradle.api.internal.tasks.testing.worker.TestWorker$2.run(TestWorker.java:178)
  at org.gradle.api.internal.tasks.testing.worker.TestWorker.executeAndMaintainThreadName(TestWorker.java:126)
  at org.gradle.api.internal.tasks.testing.worker.TestWorker.execute(TestWorker.java:103)
  at org.gradle.api.internal.tasks.testing.worker.TestWorker.execute(TestWorker.java:63)
  at org.gradle.process.internal.worker.child.ActionExecutionWorker.execute(ActionExecutionWorker.java:56)
  at org.gradle.process.internal.worker.child.SystemApplicationClassLoaderWorker.call(SystemApplicationClassLoaderWorker.java:122)
  at org.gradle.process.internal.worker.child.SystemApplicationClassLoaderWorker.call(SystemApplicationClassLoaderWorker.java:72)
  at worker.org.gradle.process.internal.worker.GradleWorkerMain.run(GradleWorkerMain.java:69)
  at worker.org.gradle.process.internal.worker.GradleWorkerMain.main(GradleWorkerMain.java:74)
</stacktrace>
</test-failure>


TypeScriptCompilerTests_D[jvm] > declarationEmitExpressionInExtends4_ts has expected errors matching declarationEmitExpressionInExtends4_errors_txt[jvm] FAILED

<test-failure test="com.xemantic.typescript.compiler.TypeScriptCompilerTests_D.declarationEmitToDeclarationDirWithoutCompositeAndDeclarationOptions_ts has expected errors matching declarationEmitToDeclarationDirWithoutCompositeAndDeclarationOptions_errors_txt" platform="jvm">
<message>
Expected diagnostics from baseline typescript-repo/tests/baselines/reference/declarationEmitToDeclarationDirWithoutCompositeAndDeclarationOptions.errors.txt but none produced
</message>
<stacktrace>
  at com.xemantic.typescript.compiler.TypeScriptTestSupportKt.errorsMatchBaseline(TypeScriptTestSupport.kt:125)
  at com.xemantic.typescript.compiler.TypeScriptCompilerTests_D.declarationEmitToDeclarationDirWithoutCompositeAndDeclarationOptions_ts has expected errors matching declarationEmitToDeclarationDirWithoutCompositeAndDeclarationOptions_errors_txt(TypeScriptCompilerTests_D.kt:2968)
  at java.base/jdk.internal.reflect.DirectMethodHandleAccessor.invoke(DirectMethodHandleAccessor.java:104)
  at java.base/java.lang.reflect.Method.invoke(Method.java:565)
  at org.junit.runners.model.FrameworkMethod$1.runReflectiveCall(FrameworkMethod.java:59)
  at org.junit.internal.runners.model.ReflectiveCallable.run(ReflectiveCallable.java:12)
  at org.junit.runners.model.FrameworkMethod.invokeExplosively(FrameworkMethod.java:56)
  at org.junit.internal.runners.statements.InvokeMethod.evaluate(InvokeMethod.java:17)
  at org.junit.runners.ParentRunner$3.evaluate(ParentRunner.java:306)
  at org.junit.runners.BlockJUnit4ClassRunner$1.evaluate(BlockJUnit4ClassRunner.java:100)
  at org.junit.runners.ParentRunner.runLeaf(ParentRunner.java:366)
  at org.junit.runners.BlockJUnit4ClassRunner.runChild(BlockJUnit4ClassRunner.java:103)
  at org.junit.runners.BlockJUnit4ClassRunner.runChild(BlockJUnit4ClassRunner.java:63)
  at org.junit.runners.ParentRunner$4.run(ParentRunner.java:331)
  at org.junit.runners.ParentRunner$1.schedule(ParentRunner.java:79)
  at org.junit.runners.ParentRunner.runChildren(ParentRunner.java:329)
  at org.junit.runners.ParentRunner.access$100(ParentRunner.java:66)
  at org.junit.runners.ParentRunner$2.evaluate(ParentRunner.java:293)
  at org.junit.runners.ParentRunner$3.evaluate(ParentRunner.java:306)
  at org.junit.runners.ParentRunner.run(ParentRunner.java:413)
  at org.junit.runner.JUnitCore.run(JUnitCore.java:137)
  at org.junit.runner.JUnitCore.run(JUnitCore.java:115)
  at org.gradle.api.internal.tasks.testing.junit.JUnitTestExecutor.runRequest(JUnitTestExecutor.java:175)
  at org.gradle.api.internal.tasks.testing.junit.JUnitTestExecutor.accept(JUnitTestExecutor.java:84)
  at org.gradle.api.internal.tasks.testing.junit.JUnitTestExecutor.accept(JUnitTestExecutor.java:47)
  at org.gradle.api.internal.tasks.testing.junit.AbstractJUnitTestDefinitionProcessor.processTestDefinition(AbstractJUnitTestDefinitionProcessor.java:65)
  at org.gradle.api.internal.tasks.testing.SuiteTestDefinitionProcessor.processTestDefinition(SuiteTestDefinitionProcessor.java:54)
  at java.base/jdk.internal.reflect.DirectMethodHandleAccessor.invoke(DirectMethodHandleAccessor.java:104)
  at java.base/java.lang.reflect.Method.invoke(Method.java:565)
  at org.gradle.internal.dispatch.MethodInvocation.invokeOn(MethodInvocation.java:77)
  at org.gradle.internal.dispatch.ReflectionDispatch.dispatch(ReflectionDispatch.java:28)
  at org.gradle.internal.dispatch.ReflectionDispatch.dispatch(ReflectionDispatch.java:19)
  at org.gradle.internal.dispatch.ContextClassLoaderDispatch.dispatch(ContextClassLoaderDispatch.java:33)
  at org.gradle.internal.dispatch.ProxyDispatchAdapter$DispatchingInvocationHandler.invoke(ProxyDispatchAdapter.java:88)
  at jdk.proxy1/jdk.proxy1.$Proxy4.processTestDefinition(Unknown Source)
  at org.gradle.api.internal.tasks.testing.worker.TestWorker$2.run(TestWorker.java:178)
  at org.gradle.api.internal.tasks.testing.worker.TestWorker.executeAndMaintainThreadName(TestWorker.java:126)
  at org.gradle.api.internal.tasks.testing.worker.TestWorker.execute(TestWorker.java:103)
  at org.gradle.api.internal.tasks.testing.worker.TestWorker.execute(TestWorker.java:63)
  at org.gradle.process.internal.worker.child.ActionExecutionWorker.execute(ActionExecutionWorker.java:56)
  at org.gradle.process.internal.worker.child.SystemApplicationClassLoaderWorker.call(SystemApplicationClassLoaderWorker.java:122)
  at org.gradle.process.internal.worker.child.SystemApplicationClassLoaderWorker.call(SystemApplicationClassLoaderWorker.java:72)
  at worker.org.gradle.process.internal.worker.GradleWorkerMain.run(GradleWorkerMain.java:69)
  at worker.org.gradle.process.internal.worker.GradleWorkerMain.main(GradleWorkerMain.java:74)
</stacktrace>
</test-failure>


TypeScriptCompilerTests_D[jvm] > declarationEmitToDeclarationDirWithoutCompositeAndDeclarationOptions_ts has expected errors matching declarationEmitToDeclarationDirWithoutCompositeAndDeclarationOptions_errors_txt[jvm] FAILED

<test-failure test="com.xemantic.typescript.compiler.TypeScriptCompilerTests_D.declarationEmitCommonJsModuleReferencedType_ts has expected errors matching declarationEmitCommonJsModuleReferencedType_errors_txt" platform="jvm">
<message>
Expected diagnostics from baseline typescript-repo/tests/baselines/reference/declarationEmitCommonJsModuleReferencedType.errors.txt but none produced
</message>
<stacktrace>
  at com.xemantic.typescript.compiler.TypeScriptTestSupportKt.errorsMatchBaseline(TypeScriptTestSupport.kt:125)
  at com.xemantic.typescript.compiler.TypeScriptCompilerTests_D.declarationEmitCommonJsModuleReferencedType_ts has expected errors matching declarationEmitCommonJsModuleReferencedType_errors_txt(TypeScriptCompilerTests_D.kt:1232)
  at java.base/jdk.internal.reflect.DirectMethodHandleAccessor.invoke(DirectMethodHandleAccessor.java:104)
  at java.base/java.lang.reflect.Method.invoke(Method.java:565)
  at org.junit.runners.model.FrameworkMethod$1.runReflectiveCall(FrameworkMethod.java:59)
  at org.junit.internal.runners.model.ReflectiveCallable.run(ReflectiveCallable.java:12)
  at org.junit.runners.model.FrameworkMethod.invokeExplosively(FrameworkMethod.java:56)
  at org.junit.internal.runners.statements.InvokeMethod.evaluate(InvokeMethod.java:17)
  at org.junit.runners.ParentRunner$3.evaluate(ParentRunner.java:306)
  at org.junit.runners.BlockJUnit4ClassRunner$1.evaluate(BlockJUnit4ClassRunner.java:100)
  at org.junit.runners.ParentRunner.runLeaf(ParentRunner.java:366)
  at org.junit.runners.BlockJUnit4ClassRunner.runChild(BlockJUnit4ClassRunner.java:103)
  at org.junit.runners.BlockJUnit4ClassRunner.runChild(BlockJUnit4ClassRunner.java:63)
  at org.junit.runners.ParentRunner$4.run(ParentRunner.java:331)
  at org.junit.runners.ParentRunner$1.schedule(ParentRunner.java:79)
  at org.junit.runners.ParentRunner.runChildren(ParentRunner.java:329)
  at org.junit.runners.ParentRunner.access$100(ParentRunner.java:66)
  at org.junit.runners.ParentRunner$2.evaluate(ParentRunner.java:293)
  at org.junit.runners.ParentRunner$3.evaluate(ParentRunner.java:306)
  at org.junit.runners.ParentRunner.run(ParentRunner.java:413)
  at org.junit.runner.JUnitCore.run(JUnitCore.java:137)
  at org.junit.runner.JUnitCore.run(JUnitCore.java:115)
  at org.gradle.api.internal.tasks.testing.junit.JUnitTestExecutor.runRequest(JUnitTestExecutor.java:175)
  at org.gradle.api.internal.tasks.testing.junit.JUnitTestExecutor.accept(JUnitTestExecutor.java:84)
  at org.gradle.api.internal.tasks.testing.junit.JUnitTestExecutor.accept(JUnitTestExecutor.java:47)
  at org.gradle.api.internal.tasks.testing.junit.AbstractJUnitTestDefinitionProcessor.processTestDefinition(AbstractJUnitTestDefinitionProcessor.java:65)
  at org.gradle.api.internal.tasks.testing.SuiteTestDefinitionProcessor.processTestDefinition(SuiteTestDefinitionProcessor.java:54)
  at java.base/jdk.internal.reflect.DirectMethodHandleAccessor.invoke(DirectMethodHandleAccessor.java:104)
  at java.base/java.lang.reflect.Method.invoke(Method.java:565)
  at org.gradle.internal.dispatch.MethodInvocation.invokeOn(MethodInvocation.java:77)
  at org.gradle.internal.dispatch.ReflectionDispatch.dispatch(ReflectionDispatch.java:28)
  at org.gradle.internal.dispatch.ReflectionDispatch.dispatch(ReflectionDispatch.java:19)
  at org.gradle.internal.dispatch.ContextClassLoaderDispatch.dispatch(ContextClassLoaderDispatch.java:33)
  at org.gradle.internal.dispatch.ProxyDispatchAdapter$DispatchingInvocationHandler.invoke(ProxyDispatchAdapter.java:88)
  at jdk.proxy1/jdk.proxy1.$Proxy4.processTestDefinition(Unknown Source)
  at org.gradle.api.internal.tasks.testing.worker.TestWorker$2.run(TestWorker.java:178)
  at org.gradle.api.internal.tasks.testing.worker.TestWorker.executeAndMaintainThreadName(TestWorker.java:126)
  at org.gradle.api.internal.tasks.testing.worker.TestWorker.execute(TestWorker.java:103)
  at org.gradle.api.internal.tasks.testing.worker.TestWorker.execute(TestWorker.java:63)
  at org.gradle.process.internal.worker.child.ActionExecutionWorker.execute(ActionExecutionWorker.java:56)
  at org.gradle.process.internal.worker.child.SystemApplicationClassLoaderWorker.call(SystemApplicationClassLoaderWorker.java:122)
  at org.gradle.process.internal.worker.child.SystemApplicationClassLoaderWorker.call(SystemApplicationClassLoaderWorker.java:72)
  at worker.org.gradle.process.internal.worker.GradleWorkerMain.run(GradleWorkerMain.java:69)
  at worker.org.gradle.process.internal.worker.GradleWorkerMain.main(GradleWorkerMain.java:74)
</stacktrace>
</test-failure>


TypeScriptCompilerTests_D[jvm] > declarationEmitCommonJsModuleReferencedType_ts has expected errors matching declarationEmitCommonJsModuleReferencedType_errors_txt[jvm] FAILED

<test-failure test="com.xemantic.typescript.compiler.TypeScriptCompilerTests_D.destructuringControlFlowNoCrash_ts has expected errors matching destructuringControlFlowNoCrash_errors_txt" platform="jvm">
<message>
--- expected
+++ actual
@@ -1,14 +1,14 @@
-destructuringControlFlowNoCrash.ts(3,3): error TS2339: Property 'date' does not exist on type '(inspectedElement: any) => number'.
-destructuringControlFlowNoCrash.ts(10,3): error TS2339: Property 'date2' does not exist on type '(inspectedElement: any) => any'.
-destructuringControlFlowNoCrash.ts(11,28): error TS1005: '=>' expected.
+destructuringControlFlowNoCrash.ts(11,6): error TS2304: Cannot find name 'inspectedElement'.
+destructuringControlFlowNoCrash.ts(11,22): error TS1005: ')' expected.
+destructuringControlFlowNoCrash.ts(11,24): error TS2693: 'any' only refers to a type, but is being used as a value here.
+destructuringControlFlowNoCrash.ts(11,27): error TS1109: Expression expected.
+destructuringControlFlowNoCrash.ts(11,28): error TS1109: Expression expected.
 
 
-==== destructuringControlFlowNoCrash.ts (3 errors) ====
+==== destructuringControlFlowNoCrash.ts (5 errors) ====
     // legal JS, if nonsensical, which also triggers the issue
     const {
       date,
-      ~~~~
-!!! error TS2339: Property 'date' does not exist on type '(inspectedElement: any) => number'.
     } = (inspectedElement: any) => 0;
     
     date.toISOString();
@@ -16,11 +16,17 @@
     // Working flow code
     const {
       date2,
-      ~~~~~
-!!! error TS2339: Property 'date2' does not exist on type '(inspectedElement: any) => any'.
     } = (inspectedElement: any).props;
+         ~~~~~~~~~~~~~~~~
+!!! error TS2304: Cannot find name 'inspectedElement'.
+                         ~
+!!! error TS1005: ')' expected.
+                           ~~~
+!!! error TS2693: 'any' only refers to a type, but is being used as a value here.
+                              ~
+!!! error TS1109: Expression expected.
                                ~
-!!! error TS1005: '=>' expected.
+!!! error TS1109: Expression expected.
     
     date2.toISOString();
     

</message>
<stacktrace>
  at org.junit.Assert.fail(Assert.java:89)
  at kotlin.test.junit.JUnitAsserter.fail(JUnitSupport.kt:56)
  at kotlin.test.AssertionsKt__AssertionsKt.fail(Assertions.kt:563)
  at kotlin.test.AssertionsKt.fail(Unknown Source)
  at com.xemantic.kotlin.test.SameAsKt.sameAs(SameAs.kt:52)
  at com.xemantic.typescript.compiler.TypeScriptTestSupportKt.errorsMatchBaseline(TypeScriptTestSupport.kt:135)
  at com.xemantic.typescript.compiler.TypeScriptCompilerTests_D.destructuringControlFlowNoCrash_ts has expected errors matching destructuringControlFlowNoCrash_errors_txt(TypeScriptCompilerTests_D.kt:4991)
  at java.base/jdk.internal.reflect.DirectMethodHandleAccessor.invoke(DirectMethodHandleAccessor.java:104)
  at java.base/java.lang.reflect.Method.invoke(Method.java:565)
  at org.junit.runners.model.FrameworkMethod$1.runReflectiveCall(FrameworkMethod.java:59)
  at org.junit.internal.runners.model.ReflectiveCallable.run(ReflectiveCallable.java:12)
  at org.junit.runners.model.FrameworkMethod.invokeExplosively(FrameworkMethod.java:56)
  at org.junit.internal.runners.statements.InvokeMethod.evaluate(InvokeMethod.java:17)
  at org.junit.runners.ParentRunner$3.evaluate(ParentRunner.java:306)
  at org.junit.runners.BlockJUnit4ClassRunner$1.evaluate(BlockJUnit4ClassRunner.java:100)
  at org.junit.runners.ParentRunner.runLeaf(ParentRunner.java:366)
  at org.junit.runners.BlockJUnit4ClassRunner.runChild(BlockJUnit4ClassRunner.java:103)
  at org.junit.runners.BlockJUnit4ClassRunner.runChild(BlockJUnit4ClassRunner.java:63)
  at org.junit.runners.ParentRunner$4.run(ParentRunner.java:331)
  at org.junit.runners.ParentRunner$1.schedule(ParentRunner.java:79)
  at org.junit.runners.ParentRunner.runChildren(ParentRunner.java:329)
  at org.junit.runners.ParentRunner.access$100(ParentRunner.java:66)
  at org.junit.runners.ParentRunner$2.evaluate(ParentRunner.java:293)
  at org.junit.runners.ParentRunner$3.evaluate(ParentRunner.java:306)
  at org.junit.runners.ParentRunner.run(ParentRunner.java:413)
  at org.junit.runner.JUnitCore.run(JUnitCore.java:137)
  at org.junit.runner.JUnitCore.run(JUnitCore.java:115)
  at org.gradle.api.internal.tasks.testing.junit.JUnitTestExecutor.runRequest(JUnitTestExecutor.java:175)
  at org.gradle.api.internal.tasks.testing.junit.JUnitTestExecutor.accept(JUnitTestExecutor.java:84)
  at org.gradle.api.internal.tasks.testing.junit.JUnitTestExecutor.accept(JUnitTestExecutor.java:47)
  at org.gradle.api.internal.tasks.testing.junit.AbstractJUnitTestDefinitionProcessor.processTestDefinition(AbstractJUnitTestDefinitionProcessor.java:65)
  at org.gradle.api.internal.tasks.testing.SuiteTestDefinitionProcessor.processTestDefinition(SuiteTestDefinitionProcessor.java:54)
  at java.base/jdk.internal.reflect.DirectMethodHandleAccessor.invoke(DirectMethodHandleAccessor.java:104)
  at java.base/java.lang.reflect.Method.invoke(Method.java:565)
  at org.gradle.internal.dispatch.MethodInvocation.invokeOn(MethodInvocation.java:77)
  at org.gradle.internal.dispatch.ReflectionDispatch.dispatch(ReflectionDispatch.java:28)
  at org.gradle.internal.dispatch.ReflectionDispatch.dispatch(ReflectionDispatch.java:19)
  at org.gradle.internal.dispatch.ContextClassLoaderDispatch.dispatch(ContextClassLoaderDispatch.java:33)
  at org.gradle.internal.dispatch.ProxyDispatchAdapter$DispatchingInvocationHandler.invoke(ProxyDispatchAdapter.java:88)
  at jdk.proxy1/jdk.proxy1.$Proxy4.processTestDefinition(Unknown Source)
  at org.gradle.api.internal.tasks.testing.worker.TestWorker$2.run(TestWorker.java:178)
  at org.gradle.api.internal.tasks.testing.worker.TestWorker.executeAndMaintainThreadName(TestWorker.java:126)
  at org.gradle.api.internal.tasks.testing.worker.TestWorker.execute(TestWorker.java:103)
  at org.gradle.api.internal.tasks.testing.worker.TestWorker.execute(TestWorker.java:63)
  at org.gradle.process.internal.worker.child.ActionExecutionWorker.execute(ActionExecutionWorker.java:56)
  at org.gradle.process.internal.worker.child.SystemApplicationClassLoaderWorker.call(SystemApplicationClassLoaderWorker.java:122)
  at org.gradle.process.internal.worker.child.SystemApplicationClassLoaderWorker.call(SystemApplicationClassLoaderWorker.java:72)
  at worker.org.gradle.process.internal.worker.GradleWorkerMain.run(GradleWorkerMain.java:69)
  at worker.org.gradle.process.internal.worker.GradleWorkerMain.main(GradleWorkerMain.java:74)
</stacktrace>
</test-failure>


TypeScriptCompilerTests_D[jvm] > destructuringControlFlowNoCrash_ts has expected errors matching destructuringControlFlowNoCrash_errors_txt[jvm] FAILED

<test-failure test="com.xemantic.typescript.compiler.TypeScriptCompilerTests_D.declarationEmitMappedTypeTemplateTypeofSymbol_ts has expected errors matching declarationEmitMappedTypeTemplateTypeofSymbol_errors_txt" platform="jvm">
<message>
Expected diagnostics from baseline typescript-repo/tests/baselines/reference/declarationEmitMappedTypeTemplateTypeofSymbol.errors.txt but none produced
</message>
<stacktrace>
  at com.xemantic.typescript.compiler.TypeScriptTestSupportKt.errorsMatchBaseline(TypeScriptTestSupport.kt:125)
  at com.xemantic.typescript.compiler.TypeScriptCompilerTests_D.declarationEmitMappedTypeTemplateTypeofSymbol_ts has expected errors matching declarationEmitMappedTypeTemplateTypeofSymbol_errors_txt(TypeScriptCompilerTests_D.kt:2331)
  at java.base/jdk.internal.reflect.DirectMethodHandleAccessor.invoke(DirectMethodHandleAccessor.java:104)
  at java.base/java.lang.reflect.Method.invoke(Method.java:565)
  at org.junit.runners.model.FrameworkMethod$1.runReflectiveCall(FrameworkMethod.java:59)
  at org.junit.internal.runners.model.ReflectiveCallable.run(ReflectiveCallable.java:12)
  at org.junit.runners.model.FrameworkMethod.invokeExplosively(FrameworkMethod.java:56)
  at org.junit.internal.runners.statements.InvokeMethod.evaluate(InvokeMethod.java:17)
  at org.junit.runners.ParentRunner$3.evaluate(ParentRunner.java:306)
  at org.junit.runners.BlockJUnit4ClassRunner$1.evaluate(BlockJUnit4ClassRunner.java:100)
  at org.junit.runners.ParentRunner.runLeaf(ParentRunner.java:366)
  at org.junit.runners.BlockJUnit4ClassRunner.runChild(BlockJUnit4ClassRunner.java:103)
  at org.junit.runners.BlockJUnit4ClassRunner.runChild(BlockJUnit4ClassRunner.java:63)
  at org.junit.runners.ParentRunner$4.run(ParentRunner.java:331)
  at org.junit.runners.ParentRunner$1.schedule(ParentRunner.java:79)
  at org.junit.runners.ParentRunner.runChildren(ParentRunner.java:329)
  at org.junit.runners.ParentRunner.access$100(ParentRunner.java:66)
  at org.junit.runners.ParentRunner$2.evaluate(ParentRunner.java:293)
  at org.junit.runners.ParentRunner$3.evaluate(ParentRunner.java:306)
  at org.junit.runners.ParentRunner.run(ParentRunner.java:413)
  at org.junit.runner.JUnitCore.run(JUnitCore.java:137)
  at org.junit.runner.JUnitCore.run(JUnitCore.java:115)
  at org.gradle.api.internal.tasks.testing.junit.JUnitTestExecutor.runRequest(JUnitTestExecutor.java:175)
  at org.gradle.api.internal.tasks.testing.junit.JUnitTestExecutor.accept(JUnitTestExecutor.java:84)
  at org.gradle.api.internal.tasks.testing.junit.JUnitTestExecutor.accept(JUnitTestExecutor.java:47)
  at org.gradle.api.internal.tasks.testing.junit.AbstractJUnitTestDefinitionProcessor.processTestDefinition(AbstractJUnitTestDefinitionProcessor.java:65)
  at org.gradle.api.internal.tasks.testing.SuiteTestDefinitionProcessor.processTestDefinition(SuiteTestDefinitionProcessor.java:54)
  at java.base/jdk.internal.reflect.DirectMethodHandleAccessor.invoke(DirectMethodHandleAccessor.java:104)
  at java.base/java.lang.reflect.Method.invoke(Method.java:565)
  at org.gradle.internal.dispatch.MethodInvocation.invokeOn(MethodInvocation.java:77)
  at org.gradle.internal.dispatch.ReflectionDispatch.dispatch(ReflectionDispatch.java:28)
  at org.gradle.internal.dispatch.ReflectionDispatch.dispatch(ReflectionDispatch.java:19)
  at org.gradle.internal.dispatch.ContextClassLoaderDispatch.dispatch(ContextClassLoaderDispatch.java:33)
  at org.gradle.internal.dispatch.ProxyDispatchAdapter$DispatchingInvocationHandler.invoke(ProxyDispatchAdapter.java:88)
  at jdk.proxy1/jdk.proxy1.$Proxy4.processTestDefinition(Unknown Source)
  at org.gradle.api.internal.tasks.testing.worker.TestWorker$2.run(TestWorker.java:178)
  at org.gradle.api.internal.tasks.testing.worker.TestWorker.executeAndMaintainThreadName(TestWorker.java:126)
  at org.gradle.api.internal.tasks.testing.worker.TestWorker.execute(TestWorker.java:103)
  at org.gradle.api.internal.tasks.testing.worker.TestWorker.execute(TestWorker.java:63)
  at org.gradle.process.internal.worker.child.ActionExecutionWorker.execute(ActionExecutionWorker.java:56)
  at org.gradle.process.internal.worker.child.SystemApplicationClassLoaderWorker.call(SystemApplicationClassLoaderWorker.java:122)
  at org.gradle.process.internal.worker.child.SystemApplicationClassLoaderWorker.call(SystemApplicationClassLoaderWorker.java:72)
  at worker.org.gradle.process.internal.worker.GradleWorkerMain.run(GradleWorkerMain.java:69)
  at worker.org.gradle.process.internal.worker.GradleWorkerMain.main(GradleWorkerMain.java:74)
</stacktrace>
</test-failure>


TypeScriptCompilerTests_D[jvm] > declarationEmitMappedTypeTemplateTypeofSymbol_ts has expected errors matching declarationEmitMappedTypeTemplateTypeofSymbol_errors_txt[jvm] FAILED

<test-failure test="com.xemantic.typescript.compiler.TypeScriptCompilerTests_D.declarationEmitDestructuringParameterProperties2_ts has expected errors matching declarationEmitDestructuringParameterProperties2_errors_txt" platform="jvm">
<message>
Expected diagnostics from baseline typescript-repo/tests/baselines/reference/declarationEmitDestructuringParameterProperties2.errors.txt but none produced
</message>
<stacktrace>
  at com.xemantic.typescript.compiler.TypeScriptTestSupportKt.errorsMatchBaseline(TypeScriptTestSupport.kt:125)
  at com.xemantic.typescript.compiler.TypeScriptCompilerTests_D.declarationEmitDestructuringParameterProperties2_ts has expected errors matching declarationEmitDestructuringParameterProperties2_errors_txt(TypeScriptCompilerTests_D.kt:1610)
  at java.base/jdk.internal.reflect.DirectMethodHandleAccessor.invoke(DirectMethodHandleAccessor.java:104)
  at java.base/java.lang.reflect.Method.invoke(Method.java:565)
  at org.junit.runners.model.FrameworkMethod$1.runReflectiveCall(FrameworkMethod.java:59)
  at org.junit.internal.runners.model.ReflectiveCallable.run(ReflectiveCallable.java:12)
  at org.junit.runners.model.FrameworkMethod.invokeExplosively(FrameworkMethod.java:56)
  at org.junit.internal.runners.statements.InvokeMethod.evaluate(InvokeMethod.java:17)
  at org.junit.runners.ParentRunner$3.evaluate(ParentRunner.java:306)
  at org.junit.runners.BlockJUnit4ClassRunner$1.evaluate(BlockJUnit4ClassRunner.java:100)
  at org.junit.runners.ParentRunner.runLeaf(ParentRunner.java:366)
  at org.junit.runners.BlockJUnit4ClassRunner.runChild(BlockJUnit4ClassRunner.java:103)
  at org.junit.runners.BlockJUnit4ClassRunner.runChild(BlockJUnit4ClassRunner.java:63)
  at org.junit.runners.ParentRunner$4.run(ParentRunner.java:331)
  at org.junit.runners.ParentRunner$1.schedule(ParentRunner.java:79)
  at org.junit.runners.ParentRunner.runChildren(ParentRunner.java:329)
  at org.junit.runners.ParentRunner.access$100(ParentRunner.java:66)
  at org.junit.runners.ParentRunner$2.evaluate(ParentRunner.java:293)
  at org.junit.runners.ParentRunner$3.evaluate(ParentRunner.java:306)
  at org.junit.runners.ParentRunner.run(ParentRunner.java:413)
  at org.junit.runner.JUnitCore.run(JUnitCore.java:137)
  at org.junit.runner.JUnitCore.run(JUnitCore.java:115)
  at org.gradle.api.internal.tasks.testing.junit.JUnitTestExecutor.runRequest(JUnitTestExecutor.java:175)
  at org.gradle.api.internal.tasks.testing.junit.JUnitTestExecutor.accept(JUnitTestExecutor.java:84)
  at org.gradle.api.internal.tasks.testing.junit.JUnitTestExecutor.accept(JUnitTestExecutor.java:47)
  at org.gradle.api.internal.tasks.testing.junit.AbstractJUnitTestDefinitionProcessor.processTestDefinition(AbstractJUnitTestDefinitionProcessor.java:65)
  at org.gradle.api.internal.tasks.testing.SuiteTestDefinitionProcessor.processTestDefinition(SuiteTestDefinitionProcessor.java:54)
  at java.base/jdk.internal.reflect.DirectMethodHandleAccessor.invoke(DirectMethodHandleAccessor.java:104)
  at java.base/java.lang.reflect.Method.invoke(Method.java:565)
  at org.gradle.internal.dispatch.MethodInvocation.invokeOn(MethodInvocation.java:77)
  at org.gradle.internal.dispatch.ReflectionDispatch.dispatch(ReflectionDispatch.java:28)
  at org.gradle.internal.dispatch.ReflectionDispatch.dispatch(ReflectionDispatch.java:19)
  at org.gradle.internal.dispatch.ContextClassLoaderDispatch.dispatch(ContextClassLoaderDispatch.java:33)
  at org.gradle.internal.dispatch.ProxyDispatchAdapter$DispatchingInvocationHandler.invoke(ProxyDispatchAdapter.java:88)
  at jdk.proxy1/jdk.proxy1.$Proxy4.processTestDefinition(Unknown Source)
  at org.gradle.api.internal.tasks.testing.worker.TestWorker$2.run(TestWorker.java:178)
  at org.gradle.api.internal.tasks.testing.worker.TestWorker.executeAndMaintainThreadName(TestWorker.java:126)
  at org.gradle.api.internal.tasks.testing.worker.TestWorker.execute(TestWorker.java:103)
  at org.gradle.api.internal.tasks.testing.worker.TestWorker.execute(TestWorker.java:63)
  at org.gradle.process.internal.worker.child.ActionExecutionWorker.execute(ActionExecutionWorker.java:56)
  at org.gradle.process.internal.worker.child.SystemApplicationClassLoaderWorker.call(SystemApplicationClassLoaderWorker.java:122)
  at org.gradle.process.internal.worker.child.SystemApplicationClassLoaderWorker.call(SystemApplicationClassLoaderWorker.java:72)
  at worker.org.gradle.process.internal.worker.GradleWorkerMain.run(GradleWorkerMain.java:69)
  at worker.org.gradle.process.internal.worker.GradleWorkerMain.main(GradleWorkerMain.java:74)
</stacktrace>
</test-failure>


TypeScriptCompilerTests_D[jvm] > declarationEmitDestructuringParameterProperties2_ts has expected errors matching declarationEmitDestructuringParameterProperties2_errors_txt[jvm] FAILED

<test-failure test="com.xemantic.typescript.compiler.TypeScriptCompilerTests_D.destructuringFromUnionSpread_ts has expected errors matching destructuringFromUnionSpread_errors_txt" platform="jvm">
<message>
Expected diagnostics from baseline typescript-repo/tests/baselines/reference/destructuringFromUnionSpread.errors.txt but none produced
</message>
<stacktrace>
  at com.xemantic.typescript.compiler.TypeScriptTestSupportKt.errorsMatchBaseline(TypeScriptTestSupport.kt:125)
  at com.xemantic.typescript.compiler.TypeScriptCompilerTests_D.destructuringFromUnionSpread_ts has expected errors matching destructuringFromUnionSpread_errors_txt(TypeScriptCompilerTests_D.kt:5005)
  at java.base/jdk.internal.reflect.DirectMethodHandleAccessor.invoke(DirectMethodHandleAccessor.java:104)
  at java.base/java.lang.reflect.Method.invoke(Method.java:565)
  at org.junit.runners.model.FrameworkMethod$1.runReflectiveCall(FrameworkMethod.java:59)
  at org.junit.internal.runners.model.ReflectiveCallable.run(ReflectiveCallable.java:12)
  at org.junit.runners.model.FrameworkMethod.invokeExplosively(FrameworkMethod.java:56)
  at org.junit.internal.runners.statements.InvokeMethod.evaluate(InvokeMethod.java:17)
  at org.junit.runners.ParentRunner$3.evaluate(ParentRunner.java:306)
  at org.junit.runners.BlockJUnit4ClassRunner$1.evaluate(BlockJUnit4ClassRunner.java:100)
  at org.junit.runners.ParentRunner.runLeaf(ParentRunner.java:366)
  at org.junit.runners.BlockJUnit4ClassRunner.runChild(BlockJUnit4ClassRunner.java:103)
  at org.junit.runners.BlockJUnit4ClassRunner.runChild(BlockJUnit4ClassRunner.java:63)
  at org.junit.runners.ParentRunner$4.run(ParentRunner.java:331)
  at org.junit.runners.ParentRunner$1.schedule(ParentRunner.java:79)
  at org.junit.runners.ParentRunner.runChildren(ParentRunner.java:329)
  at org.junit.runners.ParentRunner.access$100(ParentRunner.java:66)
  at org.junit.runners.ParentRunner$2.evaluate(ParentRunner.java:293)
  at org.junit.runners.ParentRunner$3.evaluate(ParentRunner.java:306)
  at org.junit.runners.ParentRunner.run(ParentRunner.java:413)
  at org.junit.runner.JUnitCore.run(JUnitCore.java:137)
  at org.junit.runner.JUnitCore.run(JUnitCore.java:115)
  at org.gradle.api.internal.tasks.testing.junit.JUnitTestExecutor.runRequest(JUnitTestExecutor.java:175)
  at org.gradle.api.internal.tasks.testing.junit.JUnitTestExecutor.accept(JUnitTestExecutor.java:84)
  at org.gradle.api.internal.tasks.testing.junit.JUnitTestExecutor.accept(JUnitTestExecutor.java:47)
  at org.gradle.api.internal.tasks.testing.junit.AbstractJUnitTestDefinitionProcessor.processTestDefinition(AbstractJUnitTestDefinitionProcessor.java:65)
  at org.gradle.api.internal.tasks.testing.SuiteTestDefinitionProcessor.processTestDefinition(SuiteTestDefinitionProcessor.java:54)
  at java.base/jdk.internal.reflect.DirectMethodHandleAccessor.invoke(DirectMethodHandleAccessor.java:104)
  at java.base/java.lang.reflect.Method.invoke(Method.java:565)
  at org.gradle.internal.dispatch.MethodInvocation.invokeOn(MethodInvocation.java:77)
  at org.gradle.internal.dispatch.ReflectionDispatch.dispatch(ReflectionDispatch.java:28)
  at org.gradle.internal.dispatch.ReflectionDispatch.dispatch(ReflectionDispatch.java:19)
  at org.gradle.internal.dispatch.ContextClassLoaderDispatch.dispatch(ContextClassLoaderDispatch.java:33)
  at org.gradle.internal.dispatch.ProxyDispatchAdapter$DispatchingInvocationHandler.invoke(ProxyDispatchAdapter.java:88)
  at jdk.proxy1/jdk.proxy1.$Proxy4.processTestDefinition(Unknown Source)
  at org.gradle.api.internal.tasks.testing.worker.TestWorker$2.run(TestWorker.java:178)
  at org.gradle.api.internal.tasks.testing.worker.TestWorker.executeAndMaintainThreadName(TestWorker.java:126)
  at org.gradle.api.internal.tasks.testing.worker.TestWorker.execute(TestWorker.java:103)
  at org.gradle.api.internal.tasks.testing.worker.TestWorker.execute(TestWorker.java:63)
  at org.gradle.process.internal.worker.child.ActionExecutionWorker.execute(ActionExecutionWorker.java:56)
  at org.gradle.process.internal.worker.child.SystemApplicationClassLoaderWorker.call(SystemApplicationClassLoaderWorker.java:122)
  at org.gradle.process.internal.worker.child.SystemApplicationClassLoaderWorker.call(SystemApplicationClassLoaderWorker.java:72)
  at worker.org.gradle.process.internal.worker.GradleWorkerMain.run(GradleWorkerMain.java:69)
  at worker.org.gradle.process.internal.worker.GradleWorkerMain.main(GradleWorkerMain.java:74)
</stacktrace>
</test-failure>


TypeScriptCompilerTests_D[jvm] > destructuringFromUnionSpread_ts has expected errors matching destructuringFromUnionSpread_errors_txt[jvm] FAILED

<test-failure test="com.xemantic.typescript.compiler.TypeScriptCompilerTests_D.divergentAccessorsVisibility1_ts has expected errors matching divergentAccessorsVisibility1_errors_txt" platform="jvm">
<message>
Expected diagnostics from baseline typescript-repo/tests/baselines/reference/divergentAccessorsVisibility1.errors.txt but none produced
</message>
<stacktrace>
  at com.xemantic.typescript.compiler.TypeScriptTestSupportKt.errorsMatchBaseline(TypeScriptTestSupport.kt:125)
  at com.xemantic.typescript.compiler.TypeScriptCompilerTests_D.divergentAccessorsVisibility1_ts has expected errors matching divergentAccessorsVisibility1_errors_txt(TypeScriptCompilerTests_D.kt:5586)
  at java.base/jdk.internal.reflect.DirectMethodHandleAccessor.invoke(DirectMethodHandleAccessor.java:104)
  at java.base/java.lang.reflect.Method.invoke(Method.java:565)
  at org.junit.runners.model.FrameworkMethod$1.runReflectiveCall(FrameworkMethod.java:59)
  at org.junit.internal.runners.model.ReflectiveCallable.run(ReflectiveCallable.java:12)
  at org.junit.runners.model.FrameworkMethod.invokeExplosively(FrameworkMethod.java:56)
  at org.junit.internal.runners.statements.InvokeMethod.evaluate(InvokeMethod.java:17)
  at org.junit.runners.ParentRunner$3.evaluate(ParentRunner.java:306)
  at org.junit.runners.BlockJUnit4ClassRunner$1.evaluate(BlockJUnit4ClassRunner.java:100)
  at org.junit.runners.ParentRunner.runLeaf(ParentRunner.java:366)
  at org.junit.runners.BlockJUnit4ClassRunner.runChild(BlockJUnit4ClassRunner.java:103)
  at org.junit.runners.BlockJUnit4ClassRunner.runChild(BlockJUnit4ClassRunner.java:63)
  at org.junit.runners.ParentRunner$4.run(ParentRunner.java:331)
  at org.junit.runners.ParentRunner$1.schedule(ParentRunner.java:79)
  at org.junit.runners.ParentRunner.runChildren(ParentRunner.java:329)
  at org.junit.runners.ParentRunner.access$100(ParentRunner.java:66)
  at org.junit.runners.ParentRunner$2.evaluate(ParentRunner.java:293)
  at org.junit.runners.ParentRunner$3.evaluate(ParentRunner.java:306)
  at org.junit.runners.ParentRunner.run(ParentRunner.java:413)
  at org.junit.runner.JUnitCore.run(JUnitCore.java:137)
  at org.junit.runner.JUnitCore.run(JUnitCore.java:115)
  at org.gradle.api.internal.tasks.testing.junit.JUnitTestExecutor.runRequest(JUnitTestExecutor.java:175)
  at org.gradle.api.internal.tasks.testing.junit.JUnitTestExecutor.accept(JUnitTestExecutor.java:84)
  at org.gradle.api.internal.tasks.testing.junit.JUnitTestExecutor.accept(JUnitTestExecutor.java:47)
  at org.gradle.api.internal.tasks.testing.junit.AbstractJUnitTestDefinitionProcessor.processTestDefinition(AbstractJUnitTestDefinitionProcessor.java:65)
  at org.gradle.api.internal.tasks.testing.SuiteTestDefinitionProcessor.processTestDefinition(SuiteTestDefinitionProcessor.java:54)
  at java.base/jdk.internal.reflect.DirectMethodHandleAccessor.invoke(DirectMethodHandleAccessor.java:104)
  at java.base/java.lang.reflect.Method.invoke(Method.java:565)
  at org.gradle.internal.dispatch.MethodInvocation.invokeOn(MethodInvocation.java:77)
  at org.gradle.internal.dispatch.ReflectionDispatch.dispatch(ReflectionDispatch.java:28)
  at org.gradle.internal.dispatch.ReflectionDispatch.dispatch(ReflectionDispatch.java:19)
  at org.gradle.internal.dispatch.ContextClassLoaderDispatch.dispatch(ContextClassLoaderDispatch.java:33)
  at org.gradle.internal.dispatch.ProxyDispatchAdapter$DispatchingInvocationHandler.invoke(ProxyDispatchAdapter.java:88)
  at jdk.proxy1/jdk.proxy1.$Proxy4.processTestDefinition(Unknown Source)
  at org.gradle.api.internal.tasks.testing.worker.TestWorker$2.run(TestWorker.java:178)
  at org.gradle.api.internal.tasks.testing.worker.TestWorker.executeAndMaintainThreadName(TestWorker.java:126)
  at org.gradle.api.internal.tasks.testing.worker.TestWorker.execute(TestWorker.java:103)
  at org.gradle.api.internal.tasks.testing.worker.TestWorker.execute(TestWorker.java:63)
  at org.gradle.process.internal.worker.child.ActionExecutionWorker.execute(ActionExecutionWorker.java:56)
  at org.gradle.process.internal.worker.child.SystemApplicationClassLoaderWorker.call(SystemApplicationClassLoaderWorker.java:122)
  at org.gradle.process.internal.worker.child.SystemApplicationClassLoaderWorker.call(SystemApplicationClassLoaderWorker.java:72)
  at worker.org.gradle.process.internal.worker.GradleWorkerMain.run(GradleWorkerMain.java:69)
  at worker.org.gradle.process.internal.worker.GradleWorkerMain.main(GradleWorkerMain.java:74)
</stacktrace>
</test-failure>


TypeScriptCompilerTests_D[jvm] > divergentAccessorsVisibility1_ts has expected errors matching divergentAccessorsVisibility1_errors_txt[jvm] FAILED

<test-failure test="com.xemantic.typescript.compiler.TypeScriptCompilerTests_D.derivedTypeCallingBaseImplWithOptionalParams_ts has expected errors matching derivedTypeCallingBaseImplWithOptionalParams_errors_txt" platform="jvm">
<message>
Expected diagnostics from baseline typescript-repo/tests/baselines/reference/derivedTypeCallingBaseImplWithOptionalParams.errors.txt but none produced
</message>
<stacktrace>
  at com.xemantic.typescript.compiler.TypeScriptTestSupportKt.errorsMatchBaseline(TypeScriptTestSupport.kt:125)
  at com.xemantic.typescript.compiler.TypeScriptCompilerTests_D.derivedTypeCallingBaseImplWithOptionalParams_ts has expected errors matching derivedTypeCallingBaseImplWithOptionalParams_errors_txt(TypeScriptCompilerTests_D.kt:4774)
  at java.base/jdk.internal.reflect.DirectMethodHandleAccessor.invoke(DirectMethodHandleAccessor.java:104)
  at java.base/java.lang.reflect.Method.invoke(Method.java:565)
  at org.junit.runners.model.FrameworkMethod$1.runReflectiveCall(FrameworkMethod.java:59)
  at org.junit.internal.runners.model.ReflectiveCallable.run(ReflectiveCallable.java:12)
  at org.junit.runners.model.FrameworkMethod.invokeExplosively(FrameworkMethod.java:56)
  at org.junit.internal.runners.statements.InvokeMethod.evaluate(InvokeMethod.java:17)
  at org.junit.runners.ParentRunner$3.evaluate(ParentRunner.java:306)
  at org.junit.runners.BlockJUnit4ClassRunner$1.evaluate(BlockJUnit4ClassRunner.java:100)
  at org.junit.runners.ParentRunner.runLeaf(ParentRunner.java:366)
  at org.junit.runners.BlockJUnit4ClassRunner.runChild(BlockJUnit4ClassRunner.java:103)
  at org.junit.runners.BlockJUnit4ClassRunner.runChild(BlockJUnit4ClassRunner.java:63)
  at org.junit.runners.ParentRunner$4.run(ParentRunner.java:331)
  at org.junit.runners.ParentRunner$1.schedule(ParentRunner.java:79)
  at org.junit.runners.ParentRunner.runChildren(ParentRunner.java:329)
  at org.junit.runners.ParentRunner.access$100(ParentRunner.java:66)
  at org.junit.runners.ParentRunner$2.evaluate(ParentRunner.java:293)
  at org.junit.runners.ParentRunner$3.evaluate(ParentRunner.java:306)
  at org.junit.runners.ParentRunner.run(ParentRunner.java:413)
  at org.junit.runner.JUnitCore.run(JUnitCore.java:137)
  at org.junit.runner.JUnitCore.run(JUnitCore.java:115)
  at org.gradle.api.internal.tasks.testing.junit.JUnitTestExecutor.runRequest(JUnitTestExecutor.java:175)
  at org.gradle.api.internal.tasks.testing.junit.JUnitTestExecutor.accept(JUnitTestExecutor.java:84)
  at org.gradle.api.internal.tasks.testing.junit.JUnitTestExecutor.accept(JUnitTestExecutor.java:47)
  at org.gradle.api.internal.tasks.testing.junit.AbstractJUnitTestDefinitionProcessor.processTestDefinition(AbstractJUnitTestDefinitionProcessor.java:65)
  at org.gradle.api.internal.tasks.testing.SuiteTestDefinitionProcessor.processTestDefinition(SuiteTestDefinitionProcessor.java:54)
  at java.base/jdk.internal.reflect.DirectMethodHandleAccessor.invoke(DirectMethodHandleAccessor.java:104)
  at java.base/java.lang.reflect.Method.invoke(Method.java:565)
  at org.gradle.internal.dispatch.MethodInvocation.invokeOn(MethodInvocation.java:77)
  at org.gradle.internal.dispatch.ReflectionDispatch.dispatch(ReflectionDispatch.java:28)
  at org.gradle.internal.dispatch.ReflectionDispatch.dispatch(ReflectionDispatch.java:19)
  at org.gradle.internal.dispatch.ContextClassLoaderDispatch.dispatch(ContextClassLoaderDispatch.java:33)
  at org.gradle.internal.dispatch.ProxyDispatchAdapter$DispatchingInvocationHandler.invoke(ProxyDispatchAdapter.java:88)
  at jdk.proxy1/jdk.proxy1.$Proxy4.processTestDefinition(Unknown Source)
  at org.gradle.api.internal.tasks.testing.worker.TestWorker$2.run(TestWorker.java:178)
  at org.gradle.api.internal.tasks.testing.worker.TestWorker.executeAndMaintainThreadName(TestWorker.java:126)
  at org.gradle.api.internal.tasks.testing.worker.TestWorker.execute(TestWorker.java:103)
  at org.gradle.api.internal.tasks.testing.worker.TestWorker.execute(TestWorker.java:63)
  at org.gradle.process.internal.worker.child.ActionExecutionWorker.execute(ActionExecutionWorker.java:56)
  at org.gradle.process.internal.worker.child.SystemApplicationClassLoaderWorker.call(SystemApplicationClassLoaderWorker.java:122)
  at org.gradle.process.internal.worker.child.SystemApplicationClassLoaderWorker.call(SystemApplicationClassLoaderWorker.java:72)
  at worker.org.gradle.process.internal.worker.GradleWorkerMain.run(GradleWorkerMain.java:69)
  at worker.org.gradle.process.internal.worker.GradleWorkerMain.main(GradleWorkerMain.java:74)
</stacktrace>
</test-failure>


TypeScriptCompilerTests_D[jvm] > derivedTypeCallingBaseImplWithOptionalParams_ts has expected errors matching derivedTypeCallingBaseImplWithOptionalParams_errors_txt[jvm] FAILED

<test-failure test="com.xemantic.typescript.compiler.TypeScriptCompilerTests_D.defaultKeywordWithoutExport1_ts has expected errors matching defaultKeywordWithoutExport1_errors_txt" platform="jvm">
<message>
Expected diagnostics from baseline typescript-repo/tests/baselines/reference/defaultKeywordWithoutExport1.errors.txt but none produced
</message>
<stacktrace>
  at com.xemantic.typescript.compiler.TypeScriptTestSupportKt.errorsMatchBaseline(TypeScriptTestSupport.kt:125)
  at com.xemantic.typescript.compiler.TypeScriptCompilerTests_D.defaultKeywordWithoutExport1_ts has expected errors matching defaultKeywordWithoutExport1_errors_txt(TypeScriptCompilerTests_D.kt:4312)
  at java.base/jdk.internal.reflect.DirectMethodHandleAccessor.invoke(DirectMethodHandleAccessor.java:104)
  at java.base/java.lang.reflect.Method.invoke(Method.java:565)
  at org.junit.runners.model.FrameworkMethod$1.runReflectiveCall(FrameworkMethod.java:59)
  at org.junit.internal.runners.model.ReflectiveCallable.run(ReflectiveCallable.java:12)
  at org.junit.runners.model.FrameworkMethod.invokeExplosively(FrameworkMethod.java:56)
  at org.junit.internal.runners.statements.InvokeMethod.evaluate(InvokeMethod.java:17)
  at org.junit.runners.ParentRunner$3.evaluate(ParentRunner.java:306)
  at org.junit.runners.BlockJUnit4ClassRunner$1.evaluate(BlockJUnit4ClassRunner.java:100)
  at org.junit.runners.ParentRunner.runLeaf(ParentRunner.java:366)
  at org.junit.runners.BlockJUnit4ClassRunner.runChild(BlockJUnit4ClassRunner.java:103)
  at org.junit.runners.BlockJUnit4ClassRunner.runChild(BlockJUnit4ClassRunner.java:63)
  at org.junit.runners.ParentRunner$4.run(ParentRunner.java:331)
  at org.junit.runners.ParentRunner$1.schedule(ParentRunner.java:79)
  at org.junit.runners.ParentRunner.runChildren(ParentRunner.java:329)
  at org.junit.runners.ParentRunner.access$100(ParentRunner.java:66)
  at org.junit.runners.ParentRunner$2.evaluate(ParentRunner.java:293)
  at org.junit.runners.ParentRunner$3.evaluate(ParentRunner.java:306)
  at org.junit.runners.ParentRunner.run(ParentRunner.java:413)
  at org.junit.runner.JUnitCore.run(JUnitCore.java:137)
  at org.junit.runner.JUnitCore.run(JUnitCore.java:115)
  at org.gradle.api.internal.tasks.testing.junit.JUnitTestExecutor.runRequest(JUnitTestExecutor.java:175)
  at org.gradle.api.internal.tasks.testing.junit.JUnitTestExecutor.accept(JUnitTestExecutor.java:84)
  at org.gradle.api.internal.tasks.testing.junit.JUnitTestExecutor.accept(JUnitTestExecutor.java:47)
  at org.gradle.api.internal.tasks.testing.junit.AbstractJUnitTestDefinitionProcessor.processTestDefinition(AbstractJUnitTestDefinitionProcessor.java:65)
  at org.gradle.api.internal.tasks.testing.SuiteTestDefinitionProcessor.processTestDefinition(SuiteTestDefinitionProcessor.java:54)
  at java.base/jdk.internal.reflect.DirectMethodHandleAccessor.invoke(DirectMethodHandleAccessor.java:104)
  at java.base/java.lang.reflect.Method.invoke(Method.java:565)
  at org.gradle.internal.dispatch.MethodInvocation.invokeOn(MethodInvocation.java:77)
  at org.gradle.internal.dispatch.ReflectionDispatch.dispatch(ReflectionDispatch.java:28)
  at org.gradle.internal.dispatch.ReflectionDispatch.dispatch(ReflectionDispatch.java:19)
  at org.gradle.internal.dispatch.ContextClassLoaderDispatch.dispatch(ContextClassLoaderDispatch.java:33)
  at org.gradle.internal.dispatch.ProxyDispatchAdapter$DispatchingInvocationHandler.invoke(ProxyDispatchAdapter.java:88)
  at jdk.proxy1/jdk.proxy1.$Proxy4.processTestDefinition(Unknown Source)
  at org.gradle.api.internal.tasks.testing.worker.TestWorker$2.run(TestWorker.java:178)
  at org.gradle.api.internal.tasks.testing.worker.TestWorker.executeAndMaintainThreadName(TestWorker.java:126)
  at org.gradle.api.internal.tasks.testing.worker.TestWorker.execute(TestWorker.java:103)
  at org.gradle.api.internal.tasks.testing.worker.TestWorker.execute(TestWorker.java:63)
  at org.gradle.process.internal.worker.child.ActionExecutionWorker.execute(ActionExecutionWorker.java:56)
  at org.gradle.process.internal.worker.child.SystemApplicationClassLoaderWorker.call(SystemApplicationClassLoaderWorker.java:122)
  at org.gradle.process.internal.worker.child.SystemApplicationClassLoaderWorker.call(SystemApplicationClassLoaderWorker.java:72)
  at worker.org.gradle.process.internal.worker.GradleWorkerMain.run(GradleWorkerMain.java:69)
  at worker.org.gradle.process.internal.worker.GradleWorkerMain.main(GradleWorkerMain.java:74)
</stacktrace>
</test-failure>


TypeScriptCompilerTests_D[jvm] > defaultKeywordWithoutExport1_ts has expected errors matching defaultKeywordWithoutExport1_errors_txt[jvm] FAILED

<test-failure test="com.xemantic.typescript.compiler.TypeScriptCompilerTests_D.declarationEmitInferredTypeAlias6_ts has expected errors matching declarationEmitInferredTypeAlias6_errors_txt" platform="jvm">
<message>
Expected diagnostics from baseline typescript-repo/tests/baselines/reference/declarationEmitInferredTypeAlias6.errors.txt but none produced
</message>
<stacktrace>
  at com.xemantic.typescript.compiler.TypeScriptTestSupportKt.errorsMatchBaseline(TypeScriptTestSupport.kt:125)
  at com.xemantic.typescript.compiler.TypeScriptCompilerTests_D.declarationEmitInferredTypeAlias6_ts has expected errors matching declarationEmitInferredTypeAlias6_errors_txt(TypeScriptCompilerTests_D.kt:2100)
  at java.base/jdk.internal.reflect.DirectMethodHandleAccessor.invoke(DirectMethodHandleAccessor.java:104)
  at java.base/java.lang.reflect.Method.invoke(Method.java:565)
  at org.junit.runners.model.FrameworkMethod$1.runReflectiveCall(FrameworkMethod.java:59)
  at org.junit.internal.runners.model.ReflectiveCallable.run(ReflectiveCallable.java:12)
  at org.junit.runners.model.FrameworkMethod.invokeExplosively(FrameworkMethod.java:56)
  at org.junit.internal.runners.statements.InvokeMethod.evaluate(InvokeMethod.java:17)
  at org.junit.runners.ParentRunner$3.evaluate(ParentRunner.java:306)
  at org.junit.runners.BlockJUnit4ClassRunner$1.evaluate(BlockJUnit4ClassRunner.java:100)
  at org.junit.runners.ParentRunner.runLeaf(ParentRunner.java:366)
  at org.junit.runners.BlockJUnit4ClassRunner.runChild(BlockJUnit4ClassRunner.java:103)
  at org.junit.runners.BlockJUnit4ClassRunner.runChild(BlockJUnit4ClassRunner.java:63)
  at org.junit.runners.ParentRunner$4.run(ParentRunner.java:331)
  at org.junit.runners.ParentRunner$1.schedule(ParentRunner.java:79)
  at org.junit.runners.ParentRunner.runChildren(ParentRunner.java:329)
  at org.junit.runners.ParentRunner.access$100(ParentRunner.java:66)
  at org.junit.runners.ParentRunner$2.evaluate(ParentRunner.java:293)
  at org.junit.runners.ParentRunner$3.evaluate(ParentRunner.java:306)
  at org.junit.runners.ParentRunner.run(ParentRunner.java:413)
  at org.junit.runner.JUnitCore.run(JUnitCore.java:137)
  at org.junit.runner.JUnitCore.run(JUnitCore.java:115)
  at org.gradle.api.internal.tasks.testing.junit.JUnitTestExecutor.runRequest(JUnitTestExecutor.java:175)
  at org.gradle.api.internal.tasks.testing.junit.JUnitTestExecutor.accept(JUnitTestExecutor.java:84)
  at org.gradle.api.internal.tasks.testing.junit.JUnitTestExecutor.accept(JUnitTestExecutor.java:47)
  at org.gradle.api.internal.tasks.testing.junit.AbstractJUnitTestDefinitionProcessor.processTestDefinition(AbstractJUnitTestDefinitionProcessor.java:65)
  at org.gradle.api.internal.tasks.testing.SuiteTestDefinitionProcessor.processTestDefinition(SuiteTestDefinitionProcessor.java:54)
  at java.base/jdk.internal.reflect.DirectMethodHandleAccessor.invoke(DirectMethodHandleAccessor.java:104)
  at java.base/java.lang.reflect.Method.invoke(Method.java:565)
  at org.gradle.internal.dispatch.MethodInvocation.invokeOn(MethodInvocation.java:77)
  at org.gradle.internal.dispatch.ReflectionDispatch.dispatch(ReflectionDispatch.java:28)
  at org.gradle.internal.dispatch.ReflectionDispatch.dispatch(ReflectionDispatch.java:19)
  at org.gradle.internal.dispatch.ContextClassLoaderDispatch.dispatch(ContextClassLoaderDispatch.java:33)
  at org.gradle.internal.dispatch.ProxyDispatchAdapter$DispatchingInvocationHandler.invoke(ProxyDispatchAdapter.java:88)
  at jdk.proxy1/jdk.proxy1.$Proxy4.processTestDefinition(Unknown Source)
  at org.gradle.api.internal.tasks.testing.worker.TestWorker$2.run(TestWorker.java:178)
  at org.gradle.api.internal.tasks.testing.worker.TestWorker.executeAndMaintainThreadName(TestWorker.java:126)
  at org.gradle.api.internal.tasks.testing.worker.TestWorker.execute(TestWorker.java:103)
  at org.gradle.api.internal.tasks.testing.worker.TestWorker.execute(TestWorker.java:63)
  at org.gradle.process.internal.worker.child.ActionExecutionWorker.execute(ActionExecutionWorker.java:56)
  at org.gradle.process.internal.worker.child.SystemApplicationClassLoaderWorker.call(SystemApplicationClassLoaderWorker.java:122)
  at org.gradle.process.internal.worker.child.SystemApplicationClassLoaderWorker.call(SystemApplicationClassLoaderWorker.java:72)
  at worker.org.gradle.process.internal.worker.GradleWorkerMain.run(GradleWorkerMain.java:69)
  at worker.org.gradle.process.internal.worker.GradleWorkerMain.main(GradleWorkerMain.java:74)
</stacktrace>
</test-failure>


TypeScriptCompilerTests_D[jvm] > declarationEmitInferredTypeAlias6_ts has expected errors matching declarationEmitInferredTypeAlias6_errors_txt[jvm] FAILED

<test-failure test="com.xemantic.typescript.compiler.TypeScriptCompilerTests_D.duplicateIdentifierDifferentSpelling_ts has expected errors matching duplicateIdentifierDifferentSpelling_errors_txt" platform="jvm">
<message>
--- expected
+++ actual
@@ -1,13 +1,10 @@
-duplicateIdentifierDifferentSpelling.ts(3,3): error TS2300: Duplicate identifier '3'.
 duplicateIdentifierDifferentSpelling.ts(6,21): error TS1117: An object literal cannot have multiple properties with the same name.
 
 
-==== duplicateIdentifierDifferentSpelling.ts (2 errors) ====
+==== duplicateIdentifierDifferentSpelling.ts (1 errors) ====
     class A {
       0b11 = '';
       3 = '';
-      ~
-!!! error TS2300: Duplicate identifier '3'.
     }
     
     var X = { 0b11: '', 3: '' };

</message>
<stacktrace>
  at org.junit.Assert.fail(Assert.java:89)
  at kotlin.test.junit.JUnitAsserter.fail(JUnitSupport.kt:56)
  at kotlin.test.AssertionsKt__AssertionsKt.fail(Assertions.kt:563)
  at kotlin.test.AssertionsKt.fail(Unknown Source)
  at com.xemantic.kotlin.test.SameAsKt.sameAs(SameAs.kt:52)
  at com.xemantic.typescript.compiler.TypeScriptTestSupportKt.errorsMatchBaseline(TypeScriptTestSupport.kt:135)
  at com.xemantic.typescript.compiler.TypeScriptCompilerTests_D.duplicateIdentifierDifferentSpelling_ts has expected errors matching duplicateIdentifierDifferentSpelling_errors_txt(TypeScriptCompilerTests_D.kt:6307)
  at java.base/jdk.internal.reflect.DirectMethodHandleAccessor.invoke(DirectMethodHandleAccessor.java:104)
  at java.base/java.lang.reflect.Method.invoke(Method.java:565)
  at org.junit.runners.model.FrameworkMethod$1.runReflectiveCall(FrameworkMethod.java:59)
  at org.junit.internal.runners.model.ReflectiveCallable.run(ReflectiveCallable.java:12)
  at org.junit.runners.model.FrameworkMethod.invokeExplosively(FrameworkMethod.java:56)
  at org.junit.internal.runners.statements.InvokeMethod.evaluate(InvokeMethod.java:17)
  at org.junit.runners.ParentRunner$3.evaluate(ParentRunner.java:306)
  at org.junit.runners.BlockJUnit4ClassRunner$1.evaluate(BlockJUnit4ClassRunner.java:100)
  at org.junit.runners.ParentRunner.runLeaf(ParentRunner.java:366)
  at org.junit.runners.BlockJUnit4ClassRunner.runChild(BlockJUnit4ClassRunner.java:103)
  at org.junit.runners.BlockJUnit4ClassRunner.runChild(BlockJUnit4ClassRunner.java:63)
  at org.junit.runners.ParentRunner$4.run(ParentRunner.java:331)
  at org.junit.runners.ParentRunner$1.schedule(ParentRunner.java:79)
  at org.junit.runners.ParentRunner.runChildren(ParentRunner.java:329)
  at org.junit.runners.ParentRunner.access$100(ParentRunner.java:66)
  at org.junit.runners.ParentRunner$2.evaluate(ParentRunner.java:293)
  at org.junit.runners.ParentRunner$3.evaluate(ParentRunner.java:306)
  at org.junit.runners.ParentRunner.run(ParentRunner.java:413)
  at org.junit.runner.JUnitCore.run(JUnitCore.java:137)
  at org.junit.runner.JUnitCore.run(JUnitCore.java:115)
  at org.gradle.api.internal.tasks.testing.junit.JUnitTestExecutor.runRequest(JUnitTestExecutor.java:175)
  at org.gradle.api.internal.tasks.testing.junit.JUnitTestExecutor.accept(JUnitTestExecutor.java:84)
  at org.gradle.api.internal.tasks.testing.junit.JUnitTestExecutor.accept(JUnitTestExecutor.java:47)
  at org.gradle.api.internal.tasks.testing.junit.AbstractJUnitTestDefinitionProcessor.processTestDefinition(AbstractJUnitTestDefinitionProcessor.java:65)
  at org.gradle.api.internal.tasks.testing.SuiteTestDefinitionProcessor.processTestDefinition(SuiteTestDefinitionProcessor.java:54)
  at java.base/jdk.internal.reflect.DirectMethodHandleAccessor.invoke(DirectMethodHandleAccessor.java:104)
  at java.base/java.lang.reflect.Method.invoke(Method.java:565)
  at org.gradle.internal.dispatch.MethodInvocation.invokeOn(MethodInvocation.java:77)
  at org.gradle.internal.dispatch.ReflectionDispatch.dispatch(ReflectionDispatch.java:28)
  at org.gradle.internal.dispatch.ReflectionDispatch.dispatch(ReflectionDispatch.java:19)
  at org.gradle.internal.dispatch.ContextClassLoaderDispatch.dispatch(ContextClassLoaderDispatch.java:33)
  at org.gradle.internal.dispatch.ProxyDispatchAdapter$DispatchingInvocationHandler.invoke(ProxyDispatchAdapter.java:88)
  at jdk.proxy1/jdk.proxy1.$Proxy4.processTestDefinition(Unknown Source)
  at org.gradle.api.internal.tasks.testing.worker.TestWorker$2.run(TestWorker.java:178)
  at org.gradle.api.internal.tasks.testing.worker.TestWorker.executeAndMaintainThreadName(TestWorker.java:126)
  at org.gradle.api.internal.tasks.testing.worker.TestWorker.execute(TestWorker.java:103)
  at org.gradle.api.internal.tasks.testing.worker.TestWorker.execute(TestWorker.java:63)
  at org.gradle.process.internal.worker.child.ActionExecutionWorker.execute(ActionExecutionWorker.java:56)
  at org.gradle.process.internal.worker.child.SystemApplicationClassLoaderWorker.call(SystemApplicationClassLoaderWorker.java:122)
  at org.gradle.process.internal.worker.child.SystemApplicationClassLoaderWorker.call(SystemApplicationClassLoaderWorker.java:72)
  at worker.org.gradle.process.internal.worker.GradleWorkerMain.run(GradleWorkerMain.java:69)
  at worker.org.gradle.process.internal.worker.GradleWorkerMain.main(GradleWorkerMain.java:74)
</stacktrace>
</test-failure>


TypeScriptCompilerTests_D[jvm] > duplicateIdentifierDifferentSpelling_ts has expected errors matching duplicateIdentifierDifferentSpelling_errors_txt[jvm] FAILED

<test-failure test="com.xemantic.typescript.compiler.TypeScriptCompilerTests_D.decoratorMetadataNoLibIsolatedModulesTypes_ts compiles to JavaScript matching decoratorMetadataNoLibIsolatedModulesTypes_js" platform="jvm">
<message>
--- expected
+++ actual
@@ -17,10 +17,9 @@
 var __metadata = (this && this.__metadata) || function (k, v) {
     if (typeof Reflect === "object" && typeof Reflect.metadata === "function") return Reflect.metadata(k, v);
 };
-var _a;
 export class B {
 }
 __decorate([
     Decorate,
-    __metadata("design:type", typeof (_a = typeof Map !== "undefined" && Map) === "function" ? _a : Object)
+    __metadata("design:type", Map)
 ], B.prototype, "member", void 0);

</message>
<stacktrace>
  at org.junit.Assert.fail(Assert.java:89)
  at kotlin.test.junit.JUnitAsserter.fail(JUnitSupport.kt:56)
  at kotlin.test.AssertionsKt__AssertionsKt.fail(Assertions.kt:563)
  at kotlin.test.AssertionsKt.fail(Unknown Source)
  at com.xemantic.kotlin.test.SameAsKt.sameAs(SameAs.kt:52)
  at com.xemantic.typescript.compiler.TypeScriptTestSupportKt.sameAs(TypeScriptTestSupport.kt:99)
  at com.xemantic.typescript.compiler.TypeScriptCompilerTests_D.decoratorMetadataNoLibIsolatedModulesTypes_ts compiles to JavaScript matching decoratorMetadataNoLibIsolatedModulesTypes_js(TypeScriptCompilerTests_D.kt:3766)
  at java.base/jdk.internal.reflect.DirectMethodHandleAccessor.invoke(DirectMethodHandleAccessor.java:104)
  at java.base/java.lang.reflect.Method.invoke(Method.java:565)
  at org.junit.runners.model.FrameworkMethod$1.runReflectiveCall(FrameworkMethod.java:59)
  at org.junit.internal.runners.model.ReflectiveCallable.run(ReflectiveCallable.java:12)
  at org.junit.runners.model.FrameworkMethod.invokeExplosively(FrameworkMethod.java:56)
  at org.junit.internal.runners.statements.InvokeMethod.evaluate(InvokeMethod.java:17)
  at org.junit.runners.ParentRunner$3.evaluate(ParentRunner.java:306)
  at org.junit.runners.BlockJUnit4ClassRunner$1.evaluate(BlockJUnit4ClassRunner.java:100)
  at org.junit.runners.ParentRunner.runLeaf(ParentRunner.java:366)
  at org.junit.runners.BlockJUnit4ClassRunner.runChild(BlockJUnit4ClassRunner.java:103)
  at org.junit.runners.BlockJUnit4ClassRunner.runChild(BlockJUnit4ClassRunner.java:63)
  at org.junit.runners.ParentRunner$4.run(ParentRunner.java:331)
  at org.junit.runners.ParentRunner$1.schedule(ParentRunner.java:79)
  at org.junit.runners.ParentRunner.runChildren(ParentRunner.java:329)
  at org.junit.runners.ParentRunner.access$100(ParentRunner.java:66)
  at org.junit.runners.ParentRunner$2.evaluate(ParentRunner.java:293)
  at org.junit.runners.ParentRunner$3.evaluate(ParentRunner.java:306)
  at org.junit.runners.ParentRunner.run(ParentRunner.java:413)
  at org.junit.runner.JUnitCore.run(JUnitCore.java:137)
  at org.junit.runner.JUnitCore.run(JUnitCore.java:115)
  at org.gradle.api.internal.tasks.testing.junit.JUnitTestExecutor.runRequest(JUnitTestExecutor.java:175)
  at org.gradle.api.internal.tasks.testing.junit.JUnitTestExecutor.accept(JUnitTestExecutor.java:84)
  at org.gradle.api.internal.tasks.testing.junit.JUnitTestExecutor.accept(JUnitTestExecutor.java:47)
  at org.gradle.api.internal.tasks.testing.junit.AbstractJUnitTestDefinitionProcessor.processTestDefinition(AbstractJUnitTestDefinitionProcessor.java:65)
  at org.gradle.api.internal.tasks.testing.SuiteTestDefinitionProcessor.processTestDefinition(SuiteTestDefinitionProcessor.java:54)
  at java.base/jdk.internal.reflect.DirectMethodHandleAccessor.invoke(DirectMethodHandleAccessor.java:104)
  at java.base/java.lang.reflect.Method.invoke(Method.java:565)
  at org.gradle.internal.dispatch.MethodInvocation.invokeOn(MethodInvocation.java:77)
  at org.gradle.internal.dispatch.ReflectionDispatch.dispatch(ReflectionDispatch.java:28)
  at org.gradle.internal.dispatch.ReflectionDispatch.dispatch(ReflectionDispatch.java:19)
  at org.gradle.internal.dispatch.ContextClassLoaderDispatch.dispatch(ContextClassLoaderDispatch.java:33)
  at org.gradle.internal.dispatch.ProxyDispatchAdapter$DispatchingInvocationHandler.invoke(ProxyDispatchAdapter.java:88)
  at jdk.proxy1/jdk.proxy1.$Proxy4.processTestDefinition(Unknown Source)
  at org.gradle.api.internal.tasks.testing.worker.TestWorker$2.run(TestWorker.java:178)
  at org.gradle.api.internal.tasks.testing.worker.TestWorker.executeAndMaintainThreadName(TestWorker.java:126)
  at org.gradle.api.internal.tasks.testing.worker.TestWorker.execute(TestWorker.java:103)
  at org.gradle.api.internal.tasks.testing.worker.TestWorker.execute(TestWorker.java:63)
  at org.gradle.process.internal.worker.child.ActionExecutionWorker.execute(ActionExecutionWorker.java:56)
  at org.gradle.process.internal.worker.child.SystemApplicationClassLoaderWorker.call(SystemApplicationClassLoaderWorker.java:122)
  at org.gradle.process.internal.worker.child.SystemApplicationClassLoaderWorker.call(SystemApplicationClassLoaderWorker.java:72)
  at worker.org.gradle.process.internal.worker.GradleWorkerMain.run(GradleWorkerMain.java:69)
  at worker.org.gradle.process.internal.worker.GradleWorkerMain.main(GradleWorkerMain.java:74)
</stacktrace>
</test-failure>


TypeScriptCompilerTests_D[jvm] > decoratorMetadataNoLibIsolatedModulesTypes_ts compiles to JavaScript matching decoratorMetadataNoLibIsolatedModulesTypes_js[jvm] FAILED

<test-failure test="com.xemantic.typescript.compiler.TypeScriptCompilerTests_D.destructureTupleWithVariableElement_ts has expected errors matching destructureTupleWithVariableElement_errors_txt" platform="jvm">
<message>
Expected diagnostics from baseline typescript-repo/tests/baselines/reference/destructureTupleWithVariableElement.errors.txt but none produced
</message>
<stacktrace>
  at com.xemantic.typescript.compiler.TypeScriptTestSupportKt.errorsMatchBaseline(TypeScriptTestSupport.kt:125)
  at com.xemantic.typescript.compiler.TypeScriptCompilerTests_D.destructureTupleWithVariableElement_ts has expected errors matching destructureTupleWithVariableElement_errors_txt(TypeScriptCompilerTests_D.kt:4893)
  at java.base/jdk.internal.reflect.DirectMethodHandleAccessor.invoke(DirectMethodHandleAccessor.java:104)
  at java.base/java.lang.reflect.Method.invoke(Method.java:565)
  at org.junit.runners.model.FrameworkMethod$1.runReflectiveCall(FrameworkMethod.java:59)
  at org.junit.internal.runners.model.ReflectiveCallable.run(ReflectiveCallable.java:12)
  at org.junit.runners.model.FrameworkMethod.invokeExplosively(FrameworkMethod.java:56)
  at org.junit.internal.runners.statements.InvokeMethod.evaluate(InvokeMethod.java:17)
  at org.junit.runners.ParentRunner$3.evaluate(ParentRunner.java:306)
  at org.junit.runners.BlockJUnit4ClassRunner$1.evaluate(BlockJUnit4ClassRunner.java:100)
  at org.junit.runners.ParentRunner.runLeaf(ParentRunner.java:366)
  at org.junit.runners.BlockJUnit4ClassRunner.runChild(BlockJUnit4ClassRunner.java:103)
  at org.junit.runners.BlockJUnit4ClassRunner.runChild(BlockJUnit4ClassRunner.java:63)
  at org.junit.runners.ParentRunner$4.run(ParentRunner.java:331)
  at org.junit.runners.ParentRunner$1.schedule(ParentRunner.java:79)
  at org.junit.runners.ParentRunner.runChildren(ParentRunner.java:329)
  at org.junit.runners.ParentRunner.access$100(ParentRunner.java:66)
  at org.junit.runners.ParentRunner$2.evaluate(ParentRunner.java:293)
  at org.junit.runners.ParentRunner$3.evaluate(ParentRunner.java:306)
  at org.junit.runners.ParentRunner.run(ParentRunner.java:413)
  at org.junit.runner.JUnitCore.run(JUnitCore.java:137)
  at org.junit.runner.JUnitCore.run(JUnitCore.java:115)
  at org.gradle.api.internal.tasks.testing.junit.JUnitTestExecutor.runRequest(JUnitTestExecutor.java:175)
  at org.gradle.api.internal.tasks.testing.junit.JUnitTestExecutor.accept(JUnitTestExecutor.java:84)
  at org.gradle.api.internal.tasks.testing.junit.JUnitTestExecutor.accept(JUnitTestExecutor.java:47)
  at org.gradle.api.internal.tasks.testing.junit.AbstractJUnitTestDefinitionProcessor.processTestDefinition(AbstractJUnitTestDefinitionProcessor.java:65)
  at org.gradle.api.internal.tasks.testing.SuiteTestDefinitionProcessor.processTestDefinition(SuiteTestDefinitionProcessor.java:54)
  at java.base/jdk.internal.reflect.DirectMethodHandleAccessor.invoke(DirectMethodHandleAccessor.java:104)
  at java.base/java.lang.reflect.Method.invoke(Method.java:565)
  at org.gradle.internal.dispatch.MethodInvocation.invokeOn(MethodInvocation.java:77)
  at org.gradle.internal.dispatch.ReflectionDispatch.dispatch(ReflectionDispatch.java:28)
  at org.gradle.internal.dispatch.ReflectionDispatch.dispatch(ReflectionDispatch.java:19)
  at org.gradle.internal.dispatch.ContextClassLoaderDispatch.dispatch(ContextClassLoaderDispatch.java:33)
  at org.gradle.internal.dispatch.ProxyDispatchAdapter$DispatchingInvocationHandler.invoke(ProxyDispatchAdapter.java:88)
  at jdk.proxy1/jdk.proxy1.$Proxy4.processTestDefinition(Unknown Source)
  at org.gradle.api.internal.tasks.testing.worker.TestWorker$2.run(TestWorker.java:178)
  at org.gradle.api.internal.tasks.testing.worker.TestWorker.executeAndMaintainThreadName(TestWorker.java:126)
  at org.gradle.api.internal.tasks.testing.worker.TestWorker.execute(TestWorker.java:103)
  at org.gradle.api.internal.tasks.testing.worker.TestWorker.execute(TestWorker.java:63)
  at org.gradle.process.internal.worker.child.ActionExecutionWorker.execute(ActionExecutionWorker.java:56)
  at org.gradle.process.internal.worker.child.SystemApplicationClassLoaderWorker.call(SystemApplicationClassLoaderWorker.java:122)
  at org.gradle.process.internal.worker.child.SystemApplicationClassLoaderWorker.call(SystemApplicationClassLoaderWorker.java:72)
  at worker.org.gradle.process.internal.worker.GradleWorkerMain.run(GradleWorkerMain.java:69)
  at worker.org.gradle.process.internal.worker.GradleWorkerMain.main(GradleWorkerMain.java:74)
</stacktrace>
</test-failure>


TypeScriptCompilerTests_D[jvm] > destructureTupleWithVariableElement_ts has expected errors matching destructureTupleWithVariableElement_errors_txt[jvm] FAILED

<test-failure test="com.xemantic.typescript.compiler.TypeScriptCompilerTests_D.didYouMeanSuggestionErrors_ts has expected errors matching didYouMeanSuggestionErrors_errors_txt" platform="jvm">
<message>
--- expected
+++ actual
@@ -1,87 +1,36 @@
-didYouMeanSuggestionErrors.ts(1,1): error TS2593: Cannot find name 'describe'. Do you need to install type definitions for a test runner? Try `npm i --save-dev @types/jest` or `npm i --save-dev @types/mocha` and then add 'jest' or 'mocha' to the types field in your tsconfig.
-didYouMeanSuggestionErrors.ts(2,5): error TS2593: Cannot find name 'it'. Do you need to install type definitions for a test runner? Try `npm i --save-dev @types/jest` or `npm i --save-dev @types/mocha` and then add 'jest' or 'mocha' to the types field in your tsconfig.
-didYouMeanSuggestionErrors.ts(3,19): error TS2592: Cannot find name '$'. Do you need to install type definitions for jQuery? Try `npm i --save-dev @types/jquery` and then add 'jquery' to the types field in your tsconfig.
-didYouMeanSuggestionErrors.ts(7,1): error TS2593: Cannot find name 'suite'. Do you need to install type definitions for a test runner? Try `npm i --save-dev @types/jest` or `npm i --save-dev @types/mocha` and then add 'jest' or 'mocha' to the types field in your tsconfig.
-didYouMeanSuggestionErrors.ts(8,5): error TS2593: Cannot find name 'test'. Do you need to install type definitions for a test runner? Try `npm i --save-dev @types/jest` or `npm i --save-dev @types/mocha` and then add 'jest' or 'mocha' to the types field in your tsconfig.
-didYouMeanSuggestionErrors.ts(9,9): error TS2584: Cannot find name 'console'. Do you need to change your target library? Try changing the 'lib' compiler option to include 'dom'.
-didYouMeanSuggestionErrors.ts(9,21): error TS2591: Cannot find name 'process'. Do you need to install type definitions for node? Try `npm i --save-dev @types/node` and then add 'node' to the types field in your tsconfig.
-didYouMeanSuggestionErrors.ts(10,9): error TS2584: Cannot find name 'document'. Do you need to change your target library? Try changing the 'lib' compiler option to include 'dom'.
-didYouMeanSuggestionErrors.ts(12,19): error TS2591: Cannot find name 'require'. Do you need to install type definitions for node? Try `npm i --save-dev @types/node` and then add 'node' to the types field in your tsconfig.
-didYouMeanSuggestionErrors.ts(13,19): error TS2591: Cannot find name 'Buffer'. Do you need to install type definitions for node? Try `npm i --save-dev @types/node` and then add 'node' to the types field in your tsconfig.
-didYouMeanSuggestionErrors.ts(14,19): error TS2591: Cannot find name 'module'. Do you need to install type definitions for node? Try `npm i --save-dev @types/node` and then add 'node' to the types field in your tsconfig.
-didYouMeanSuggestionErrors.ts(16,23): error TS2583: Cannot find name 'Map'. Do you need to change your target library? Try changing the 'lib' compiler option to 'es2015' or later.
-didYouMeanSuggestionErrors.ts(17,23): error TS2583: Cannot find name 'Set'. Do you need to change your target library? Try changing the 'lib' compiler option to 'es2015' or later.
-didYouMeanSuggestionErrors.ts(18,23): error TS2583: Cannot find name 'WeakMap'. Do you need to change your target library? Try changing the 'lib' compiler option to 'es2015' or later.
-didYouMeanSuggestionErrors.ts(19,23): error TS2583: Cannot find name 'WeakSet'. Do you need to change your target library? Try changing the 'lib' compiler option to 'es2015' or later.
-didYouMeanSuggestionErrors.ts(20,19): error TS2585: 'Symbol' only refers to a type, but is being used as a value here. Do you need to change your target library? Try changing the 'lib' compiler option to es2015 or later.
-didYouMeanSuggestionErrors.ts(21,19): error TS2585: 'Promise' only refers to a type, but is being used as a value here. Do you need to change your target library? Try changing the 'lib' compiler option to es2015 or later.
-didYouMeanSuggestionErrors.ts(23,18): error TS2583: Cannot find name 'Iterator'. Do you need to change your target library? Try changing the 'lib' compiler option to 'es2015' or later.
-didYouMeanSuggestionErrors.ts(24,18): error TS2583: Cannot find name 'AsyncIterator'. Do you need to change your target library? Try changing the 'lib' compiler option to 'es2015' or later.
+didYouMeanSuggestionErrors.ts(3,19): error TS2304: Cannot find name '$'.
+didYouMeanSuggestionErrors.ts(7,1): error TS2304: Cannot find name 'suite'.
 
 
-==== didYouMeanSuggestionErrors.ts (19 errors) ====
+==== didYouMeanSuggestionErrors.ts (2 errors) ====
     describe("my test suite", () => {
-    ~~~~~~~~
-!!! error TS2593: Cannot find name 'describe'. Do you need to install type definitions for a test runner? Try `npm i --save-dev @types/jest` or `npm i --save-dev @types/mocha` and then add 'jest' or 'mocha' to the types field in your tsconfig.
         it("should run", () => {
-        ~~
-!!! error TS2593: Cannot find name 'it'. Do you need to install type definitions for a test runner? Try `npm i --save-dev @types/jest` or `npm i --save-dev @types/mocha` and then add 'jest' or 'mocha' to the types field in your tsconfig.
             const a = $(".thing");
                       ~
-!!! error TS2592: Cannot find name '$'. Do you need to install type definitions for jQuery? Try `npm i --save-dev @types/jquery` and then add 'jquery' to the types field in your tsconfig.
+!!! error TS2304: Cannot find name '$'.
         });
     });
     
     suite("another suite", () => {
     ~~~~~
-!!! error TS2593: Cannot find name 'suite'. Do you need to install type definitions for a test runner? Try `npm i --save-dev @types/jest` or `npm i --save-dev @types/mocha` and then add 'jest' or 'mocha' to the types field in your tsconfig.
+!!! error TS2304: Cannot find name 'suite'.
         test("everything else", () => {
-        ~~~~
-!!! error TS2593: Cannot find name 'test'. Do you need to install type definitions for a test runner? Try `npm i --save-dev @types/jest` or `npm i --save-dev @types/mocha` and then add 'jest' or 'mocha' to the types field in your tsconfig.
             console.log(process.env);
-            ~~~~~~~
-!!! error TS2584: Cannot find name 'console'. Do you need to change your target library? Try changing the 'lib' compiler option to include 'dom'.
-                        ~~~~~~~
-!!! error TS2591: Cannot find name 'process'. Do you need to install type definitions for node? Try `npm i --save-dev @types/node` and then add 'node' to the types field in your tsconfig.
             document.createElement("div");
-            ~~~~~~~~
-!!! error TS2584: Cannot find name 'document'. Do you need to change your target library? Try changing the 'lib' compiler option to include 'dom'.
     
             const x = require("fs");
-                      ~~~~~~~
-!!! error TS2591: Cannot find name 'require'. Do you need to install type definitions for node? Try `npm i --save-dev @types/node` and then add 'node' to the types field in your tsconfig.
             const y = Buffer.from([]);
-                      ~~~~~~
-!!! error TS2591: Cannot find name 'Buffer'. Do you need to install type definitions for node? Try `npm i --save-dev @types/node` and then add 'node' to the types field in your tsconfig.
             const z = module.exports;
-                      ~~~~~~
-!!! error TS2591: Cannot find name 'module'. Do you need to install type definitions for node? Try `npm i --save-dev @types/node` and then add 'node' to the types field in your tsconfig.
     
             const a = new Map();
-                          ~~~
-!!! error TS2583: Cannot find name 'Map'. Do you need to change your target library? Try changing the 'lib' compiler option to 'es2015' or later.
             const b = new Set();
-                          ~~~
-!!! error TS2583: Cannot find name 'Set'. Do you need to change your target library? Try changing the 'lib' compiler option to 'es2015' or later.
             const c = new WeakMap();
-                          ~~~~~~~
-!!! error TS2583: Cannot find name 'WeakMap'. Do you need to change your target library? Try changing the 'lib' compiler option to 'es2015' or later.
             const d = new WeakSet();
-                          ~~~~~~~
-!!! error TS2583: Cannot find name 'WeakSet'. Do you need to change your target library? Try changing the 'lib' compiler option to 'es2015' or later.
             const e = Symbol();
-                      ~~~~~~
-!!! error TS2585: 'Symbol' only refers to a type, but is being used as a value here. Do you need to change your target library? Try changing the 'lib' compiler option to es2015 or later.
             const f = Promise.resolve(0);
-                      ~~~~~~~
-!!! error TS2585: 'Promise' only refers to a type, but is being used as a value here. Do you need to change your target library? Try changing the 'lib' compiler option to es2015 or later.
     
             const i: Iterator<any> = null as any;
-                     ~~~~~~~~
-!!! error TS2583: Cannot find name 'Iterator'. Do you need to change your target library? Try changing the 'lib' compiler option to 'es2015' or later.
             const j: AsyncIterator<any> = null as any;
-                     ~~~~~~~~~~~~~
-!!! error TS2583: Cannot find name 'AsyncIterator'. Do you need to change your target library? Try changing the 'lib' compiler option to 'es2015' or later.
             const k: Symbol = null as any;
             const l: Promise<any> = null as any;
         });

</message>
<stacktrace>
  at org.junit.Assert.fail(Assert.java:89)
  at kotlin.test.junit.JUnitAsserter.fail(JUnitSupport.kt:56)
  at kotlin.test.AssertionsKt__AssertionsKt.fail(Assertions.kt:563)
  at kotlin.test.AssertionsKt.fail(Unknown Source)
  at com.xemantic.kotlin.test.SameAsKt.sameAs(SameAs.kt:52)
  at com.xemantic.typescript.compiler.TypeScriptTestSupportKt.errorsMatchBaseline(TypeScriptTestSupport.kt:135)
  at com.xemantic.typescript.compiler.TypeScriptCompilerTests_D.didYouMeanSuggestionErrors_ts has expected errors matching didYouMeanSuggestionErrors_errors_txt(TypeScriptCompilerTests_D.kt:5313)
  at java.base/jdk.internal.reflect.DirectMethodHandleAccessor.invoke(DirectMethodHandleAccessor.java:104)
  at java.base/java.lang.reflect.Method.invoke(Method.java:565)
  at org.junit.runners.model.FrameworkMethod$1.runReflectiveCall(FrameworkMethod.java:59)
  at org.junit.internal.runners.model.ReflectiveCallable.run(ReflectiveCallable.java:12)
  at org.junit.runners.model.FrameworkMethod.invokeExplosively(FrameworkMethod.java:56)
  at org.junit.internal.runners.statements.InvokeMethod.evaluate(InvokeMethod.java:17)
  at org.junit.runners.ParentRunner$3.evaluate(ParentRunner.java:306)
  at org.junit.runners.BlockJUnit4ClassRunner$1.evaluate(BlockJUnit4ClassRunner.java:100)
  at org.junit.runners.ParentRunner.runLeaf(ParentRunner.java:366)
  at org.junit.runners.BlockJUnit4ClassRunner.runChild(BlockJUnit4ClassRunner.java:103)
  at org.junit.runners.BlockJUnit4ClassRunner.runChild(BlockJUnit4ClassRunner.java:63)
  at org.junit.runners.ParentRunner$4.run(ParentRunner.java:331)
  at org.junit.runners.ParentRunner$1.schedule(ParentRunner.java:79)
  at org.junit.runners.ParentRunner.runChildren(ParentRunner.java:329)
  at org.junit.runners.ParentRunner.access$100(ParentRunner.java:66)
  at org.junit.runners.ParentRunner$2.evaluate(ParentRunner.java:293)
  at org.junit.runners.ParentRunner$3.evaluate(ParentRunner.java:306)
  at org.junit.runners.ParentRunner.run(ParentRunner.java:413)
  at org.junit.runner.JUnitCore.run(JUnitCore.java:137)
  at org.junit.runner.JUnitCore.run(JUnitCore.java:115)
  at org.gradle.api.internal.tasks.testing.junit.JUnitTestExecutor.runRequest(JUnitTestExecutor.java:175)
  at org.gradle.api.internal.tasks.testing.junit.JUnitTestExecutor.accept(JUnitTestExecutor.java:84)
  at org.gradle.api.internal.tasks.testing.junit.JUnitTestExecutor.accept(JUnitTestExecutor.java:47)
  at org.gradle.api.internal.tasks.testing.junit.AbstractJUnitTestDefinitionProcessor.processTestDefinition(AbstractJUnitTestDefinitionProcessor.java:65)
  at org.gradle.api.internal.tasks.testing.SuiteTestDefinitionProcessor.processTestDefinition(SuiteTestDefinitionProcessor.java:54)
  at java.base/jdk.internal.reflect.DirectMethodHandleAccessor.invoke(DirectMethodHandleAccessor.java:104)
  at java.base/java.lang.reflect.Method.invoke(Method.java:565)
  at org.gradle.internal.dispatch.MethodInvocation.invokeOn(MethodInvocation.java:77)
  at org.gradle.internal.dispatch.ReflectionDispatch.dispatch(ReflectionDispatch.java:28)
  at org.gradle.internal.dispatch.ReflectionDispatch.dispatch(ReflectionDispatch.java:19)
  at org.gradle.internal.dispatch.ContextClassLoaderDispatch.dispatch(ContextClassLoaderDispatch.java:33)
  at org.gradle.internal.dispatch.ProxyDispatchAdapter$DispatchingInvocationHandler.invoke(ProxyDispatchAdapter.java:88)
  at jdk.proxy1/jdk.proxy1.$Proxy4.processTestDefinition(Unknown Source)
  at org.gradle.api.internal.tasks.testing.worker.TestWorker$2.run(TestWorker.java:178)
  at org.gradle.api.internal.tasks.testing.worker.TestWorker.executeAndMaintainThreadName(TestWorker.java:126)
  at org.gradle.api.internal.tasks.testing.worker.TestWorker.execute(TestWorker.java:103)
  at org.gradle.api.internal.tasks.testing.worker.TestWorker.execute(TestWorker.java:63)
  at org.gradle.process.internal.worker.child.ActionExecutionWorker.execute(ActionExecutionWorker.java:56)
  at org.gradle.process.internal.worker.child.SystemApplicationClassLoaderWorker.call(SystemApplicationClassLoaderWorker.java:122)
  at org.gradle.process.internal.worker.child.SystemApplicationClassLoaderWorker.call(SystemApplicationClassLoaderWorker.java:72)
  at worker.org.gradle.process.internal.worker.GradleWorkerMain.run(GradleWorkerMain.java:69)
  at worker.org.gradle.process.internal.worker.GradleWorkerMain.main(GradleWorkerMain.java:74)
</stacktrace>
</test-failure>


TypeScriptCompilerTests_D[jvm] > didYouMeanSuggestionErrors_ts has expected errors matching didYouMeanSuggestionErrors_errors_txt[jvm] FAILED

<test-failure test="com.xemantic.typescript.compiler.TypeScriptCompilerTests_D.duplicatePackage_globalMerge_ts compiles to JavaScript matching duplicatePackage_globalMerge_js" platform="jvm">
<message>
--- expected
+++ actual
@@ -9,8 +9,13 @@
 
 //// [package.json]
 { "name": "@types/react", "version": "16.4.6" }
+//// [index.d.ts]
+
 //// [package.json]
 { "name": "@types/react", "version": "16.4.6" }
+//// [index.d.ts]
+declare global { }
+
 //// [bug25410.ts]
 import { x } from './index'
 import { y } from '../tests/index'

</message>
<stacktrace>
  at org.junit.Assert.fail(Assert.java:89)
  at kotlin.test.junit.JUnitAsserter.fail(JUnitSupport.kt:56)
  at kotlin.test.AssertionsKt__AssertionsKt.fail(Assertions.kt:563)
  at kotlin.test.AssertionsKt.fail(Unknown Source)
  at com.xemantic.kotlin.test.SameAsKt.sameAs(SameAs.kt:52)
  at com.xemantic.typescript.compiler.TypeScriptTestSupportKt.sameAs(TypeScriptTestSupport.kt:99)
  at com.xemantic.typescript.compiler.TypeScriptCompilerTests_D.duplicatePackage_globalMerge_ts compiles to JavaScript matching duplicatePackage_globalMerge_js(TypeScriptCompilerTests_D.kt:6699)
  at java.base/jdk.internal.reflect.DirectMethodHandleAccessor.invoke(DirectMethodHandleAccessor.java:104)
  at java.base/java.lang.reflect.Method.invoke(Method.java:565)
  at org.junit.runners.model.FrameworkMethod$1.runReflectiveCall(FrameworkMethod.java:59)
  at org.junit.internal.runners.model.ReflectiveCallable.run(ReflectiveCallable.java:12)
  at org.junit.runners.model.FrameworkMethod.invokeExplosively(FrameworkMethod.java:56)
  at org.junit.internal.runners.statements.InvokeMethod.evaluate(InvokeMethod.java:17)
  at org.junit.runners.ParentRunner$3.evaluate(ParentRunner.java:306)
  at org.junit.runners.BlockJUnit4ClassRunner$1.evaluate(BlockJUnit4ClassRunner.java:100)
  at org.junit.runners.ParentRunner.runLeaf(ParentRunner.java:366)
  at org.junit.runners.BlockJUnit4ClassRunner.runChild(BlockJUnit4ClassRunner.java:103)
  at org.junit.runners.BlockJUnit4ClassRunner.runChild(BlockJUnit4ClassRunner.java:63)
  at org.junit.runners.ParentRunner$4.run(ParentRunner.java:331)
  at org.junit.runners.ParentRunner$1.schedule(ParentRunner.java:79)
  at org.junit.runners.ParentRunner.runChildren(ParentRunner.java:329)
  at org.junit.runners.ParentRunner.access$100(ParentRunner.java:66)
  at org.junit.runners.ParentRunner$2.evaluate(ParentRunner.java:293)
  at org.junit.runners.ParentRunner$3.evaluate(ParentRunner.java:306)
  at org.junit.runners.ParentRunner.run(ParentRunner.java:413)
  at org.junit.runner.JUnitCore.run(JUnitCore.java:137)
  at org.junit.runner.JUnitCore.run(JUnitCore.java:115)
  at org.gradle.api.internal.tasks.testing.junit.JUnitTestExecutor.runRequest(JUnitTestExecutor.java:175)
  at org.gradle.api.internal.tasks.testing.junit.JUnitTestExecutor.accept(JUnitTestExecutor.java:84)
  at org.gradle.api.internal.tasks.testing.junit.JUnitTestExecutor.accept(JUnitTestExecutor.java:47)
  at org.gradle.api.internal.tasks.testing.junit.AbstractJUnitTestDefinitionProcessor.processTestDefinition(AbstractJUnitTestDefinitionProcessor.java:65)
  at org.gradle.api.internal.tasks.testing.SuiteTestDefinitionProcessor.processTestDefinition(SuiteTestDefinitionProcessor.java:54)
  at java.base/jdk.internal.reflect.DirectMethodHandleAccessor.invoke(DirectMethodHandleAccessor.java:104)
  at java.base/java.lang.reflect.Method.invoke(Method.java:565)
  at org.gradle.internal.dispatch.MethodInvocation.invokeOn(MethodInvocation.java:77)
  at org.gradle.internal.dispatch.ReflectionDispatch.dispatch(ReflectionDispatch.java:28)
  at org.gradle.internal.dispatch.ReflectionDispatch.dispatch(ReflectionDispatch.java:19)
  at org.gradle.internal.dispatch.ContextClassLoaderDispatch.dispatch(ContextClassLoaderDispatch.java:33)
  at org.gradle.internal.dispatch.ProxyDispatchAdapter$DispatchingInvocationHandler.invoke(ProxyDispatchAdapter.java:88)
  at jdk.proxy1/jdk.proxy1.$Proxy4.processTestDefinition(Unknown Source)
  at org.gradle.api.internal.tasks.testing.worker.TestWorker$2.run(TestWorker.java:178)
  at org.gradle.api.internal.tasks.testing.worker.TestWorker.executeAndMaintainThreadName(TestWorker.java:126)
  at org.gradle.api.internal.tasks.testing.worker.TestWorker.execute(TestWorker.java:103)
  at org.gradle.api.internal.tasks.testing.worker.TestWorker.execute(TestWorker.java:63)
  at org.gradle.process.internal.worker.child.ActionExecutionWorker.execute(ActionExecutionWorker.java:56)
  at org.gradle.process.internal.worker.child.SystemApplicationClassLoaderWorker.call(SystemApplicationClassLoaderWorker.java:122)
  at org.gradle.process.internal.worker.child.SystemApplicationClassLoaderWorker.call(SystemApplicationClassLoaderWorker.java:72)
  at worker.org.gradle.process.internal.worker.GradleWorkerMain.run(GradleWorkerMain.java:69)
  at worker.org.gradle.process.internal.worker.GradleWorkerMain.main(GradleWorkerMain.java:74)
</stacktrace>
</test-failure>


TypeScriptCompilerTests_D[jvm] > duplicatePackage_globalMerge_ts compiles to JavaScript matching duplicatePackage_globalMerge_js[jvm] FAILED

<test-failure test="com.xemantic.typescript.compiler.TypeScriptCompilerTests_D.declarationEmitComputedPropertyNameSymbol2_ts has expected errors matching declarationEmitComputedPropertyNameSymbol2_errors_txt" platform="jvm">
<message>
Expected diagnostics from baseline typescript-repo/tests/baselines/reference/declarationEmitComputedPropertyNameSymbol2.errors.txt but none produced
</message>
<stacktrace>
  at com.xemantic.typescript.compiler.TypeScriptTestSupportKt.errorsMatchBaseline(TypeScriptTestSupport.kt:125)
  at com.xemantic.typescript.compiler.TypeScriptCompilerTests_D.declarationEmitComputedPropertyNameSymbol2_ts has expected errors matching declarationEmitComputedPropertyNameSymbol2_errors_txt(TypeScriptCompilerTests_D.kt:1344)
  at java.base/jdk.internal.reflect.DirectMethodHandleAccessor.invoke(DirectMethodHandleAccessor.java:104)
  at java.base/java.lang.reflect.Method.invoke(Method.java:565)
  at org.junit.runners.model.FrameworkMethod$1.runReflectiveCall(FrameworkMethod.java:59)
  at org.junit.internal.runners.model.ReflectiveCallable.run(ReflectiveCallable.java:12)
  at org.junit.runners.model.FrameworkMethod.invokeExplosively(FrameworkMethod.java:56)
  at org.junit.internal.runners.statements.InvokeMethod.evaluate(InvokeMethod.java:17)
  at org.junit.runners.ParentRunner$3.evaluate(ParentRunner.java:306)
  at org.junit.runners.BlockJUnit4ClassRunner$1.evaluate(BlockJUnit4ClassRunner.java:100)
  at org.junit.runners.ParentRunner.runLeaf(ParentRunner.java:366)
  at org.junit.runners.BlockJUnit4ClassRunner.runChild(BlockJUnit4ClassRunner.java:103)
  at org.junit.runners.BlockJUnit4ClassRunner.runChild(BlockJUnit4ClassRunner.java:63)
  at org.junit.runners.ParentRunner$4.run(ParentRunner.java:331)
  at org.junit.runners.ParentRunner$1.schedule(ParentRunner.java:79)
  at org.junit.runners.ParentRunner.runChildren(ParentRunner.java:329)
  at org.junit.runners.ParentRunner.access$100(ParentRunner.java:66)
  at org.junit.runners.ParentRunner$2.evaluate(ParentRunner.java:293)
  at org.junit.runners.ParentRunner$3.evaluate(ParentRunner.java:306)
  at org.junit.runners.ParentRunner.run(ParentRunner.java:413)
  at org.junit.runner.JUnitCore.run(JUnitCore.java:137)
  at org.junit.runner.JUnitCore.run(JUnitCore.java:115)
  at org.gradle.api.internal.tasks.testing.junit.JUnitTestExecutor.runRequest(JUnitTestExecutor.java:175)
  at org.gradle.api.internal.tasks.testing.junit.JUnitTestExecutor.accept(JUnitTestExecutor.java:84)
  at org.gradle.api.internal.tasks.testing.junit.JUnitTestExecutor.accept(JUnitTestExecutor.java:47)
  at org.gradle.api.internal.tasks.testing.junit.AbstractJUnitTestDefinitionProcessor.processTestDefinition(AbstractJUnitTestDefinitionProcessor.java:65)
  at org.gradle.api.internal.tasks.testing.SuiteTestDefinitionProcessor.processTestDefinition(SuiteTestDefinitionProcessor.java:54)
  at java.base/jdk.internal.reflect.DirectMethodHandleAccessor.invoke(DirectMethodHandleAccessor.java:104)
  at java.base/java.lang.reflect.Method.invoke(Method.java:565)
  at org.gradle.internal.dispatch.MethodInvocation.invokeOn(MethodInvocation.java:77)
  at org.gradle.internal.dispatch.ReflectionDispatch.dispatch(ReflectionDispatch.java:28)
  at org.gradle.internal.dispatch.ReflectionDispatch.dispatch(ReflectionDispatch.java:19)
  at org.gradle.internal.dispatch.ContextClassLoaderDispatch.dispatch(ContextClassLoaderDispatch.java:33)
  at org.gradle.internal.dispatch.ProxyDispatchAdapter$DispatchingInvocationHandler.invoke(ProxyDispatchAdapter.java:88)
  at jdk.proxy1/jdk.proxy1.$Proxy4.processTestDefinition(Unknown Source)
  at org.gradle.api.internal.tasks.testing.worker.TestWorker$2.run(TestWorker.java:178)
  at org.gradle.api.internal.tasks.testing.worker.TestWorker.executeAndMaintainThreadName(TestWorker.java:126)
  at org.gradle.api.internal.tasks.testing.worker.TestWorker.execute(TestWorker.java:103)
  at org.gradle.api.internal.tasks.testing.worker.TestWorker.execute(TestWorker.java:63)
  at org.gradle.process.internal.worker.child.ActionExecutionWorker.execute(ActionExecutionWorker.java:56)
  at org.gradle.process.internal.worker.child.SystemApplicationClassLoaderWorker.call(SystemApplicationClassLoaderWorker.java:122)
  at org.gradle.process.internal.worker.child.SystemApplicationClassLoaderWorker.call(SystemApplicationClassLoaderWorker.java:72)
  at worker.org.gradle.process.internal.worker.GradleWorkerMain.run(GradleWorkerMain.java:69)
  at worker.org.gradle.process.internal.worker.GradleWorkerMain.main(GradleWorkerMain.java:74)
</stacktrace>
</test-failure>


TypeScriptCompilerTests_D[jvm] > declarationEmitComputedPropertyNameSymbol2_ts has expected errors matching declarationEmitComputedPropertyNameSymbol2_errors_txt[jvm] FAILED

<test-failure test="com.xemantic.typescript.compiler.TypeScriptCompilerTests_D.declarationEmitMultipleComputedNamesSameDomain_ts compiles to JavaScript matching declarationEmitMultipleComputedNamesSameDomain_js" platform="jvm">
<message>
--- expected
+++ actual
@@ -10,11 +10,9 @@
 }
 
 //// [declarationEmitMultipleComputedNamesSameDomain.js]
-var _a, _b;
 export class Test {
     constructor() {
-        this[_a] = 10;
-        this[_b] = 10;
+        this[x] = 10;
+        this[y] = 10;
     }
 }
-_a = x, _b = y;

</message>
<stacktrace>
  at org.junit.Assert.fail(Assert.java:89)
  at kotlin.test.junit.JUnitAsserter.fail(JUnitSupport.kt:56)
  at kotlin.test.AssertionsKt__AssertionsKt.fail(Assertions.kt:563)
  at kotlin.test.AssertionsKt.fail(Unknown Source)
  at com.xemantic.kotlin.test.SameAsKt.sameAs(SameAs.kt:52)
  at com.xemantic.typescript.compiler.TypeScriptTestSupportKt.sameAs(TypeScriptTestSupport.kt:99)
  at com.xemantic.typescript.compiler.TypeScriptCompilerTests_D.declarationEmitMultipleComputedNamesSameDomain_ts compiles to JavaScript matching declarationEmitMultipleComputedNamesSameDomain_js(TypeScriptCompilerTests_D.kt:2394)
  at java.base/jdk.internal.reflect.DirectMethodHandleAccessor.invoke(DirectMethodHandleAccessor.java:104)
  at java.base/java.lang.reflect.Method.invoke(Method.java:565)
  at org.junit.runners.model.FrameworkMethod$1.runReflectiveCall(FrameworkMethod.java:59)
  at org.junit.internal.runners.model.ReflectiveCallable.run(ReflectiveCallable.java:12)
  at org.junit.runners.model.FrameworkMethod.invokeExplosively(FrameworkMethod.java:56)
  at org.junit.internal.runners.statements.InvokeMethod.evaluate(InvokeMethod.java:17)
  at org.junit.runners.ParentRunner$3.evaluate(ParentRunner.java:306)
  at org.junit.runners.BlockJUnit4ClassRunner$1.evaluate(BlockJUnit4ClassRunner.java:100)
  at org.junit.runners.ParentRunner.runLeaf(ParentRunner.java:366)
  at org.junit.runners.BlockJUnit4ClassRunner.runChild(BlockJUnit4ClassRunner.java:103)
  at org.junit.runners.BlockJUnit4ClassRunner.runChild(BlockJUnit4ClassRunner.java:63)
  at org.junit.runners.ParentRunner$4.run(ParentRunner.java:331)
  at org.junit.runners.ParentRunner$1.schedule(ParentRunner.java:79)
  at org.junit.runners.ParentRunner.runChildren(ParentRunner.java:329)
  at org.junit.runners.ParentRunner.access$100(ParentRunner.java:66)
  at org.junit.runners.ParentRunner$2.evaluate(ParentRunner.java:293)
  at org.junit.runners.ParentRunner$3.evaluate(ParentRunner.java:306)
  at org.junit.runners.ParentRunner.run(ParentRunner.java:413)
  at org.junit.runner.JUnitCore.run(JUnitCore.java:137)
  at org.junit.runner.JUnitCore.run(JUnitCore.java:115)
  at org.gradle.api.internal.tasks.testing.junit.JUnitTestExecutor.runRequest(JUnitTestExecutor.java:175)
  at org.gradle.api.internal.tasks.testing.junit.JUnitTestExecutor.accept(JUnitTestExecutor.java:84)
  at org.gradle.api.internal.tasks.testing.junit.JUnitTestExecutor.accept(JUnitTestExecutor.java:47)
  at org.gradle.api.internal.tasks.testing.junit.AbstractJUnitTestDefinitionProcessor.processTestDefinition(AbstractJUnitTestDefinitionProcessor.java:65)
  at org.gradle.api.internal.tasks.testing.SuiteTestDefinitionProcessor.processTestDefinition(SuiteTestDefinitionProcessor.java:54)
  at java.base/jdk.internal.reflect.DirectMethodHandleAccessor.invoke(DirectMethodHandleAccessor.java:104)
  at java.base/java.lang.reflect.Method.invoke(Method.java:565)
  at org.gradle.internal.dispatch.MethodInvocation.invokeOn(MethodInvocation.java:77)
  at org.gradle.internal.dispatch.ReflectionDispatch.dispatch(ReflectionDispatch.java:28)
  at org.gradle.internal.dispatch.ReflectionDispatch.dispatch(ReflectionDispatch.java:19)
  at org.gradle.internal.dispatch.ContextClassLoaderDispatch.dispatch(ContextClassLoaderDispatch.java:33)
  at org.gradle.internal.dispatch.ProxyDispatchAdapter$DispatchingInvocationHandler.invoke(ProxyDispatchAdapter.java:88)
  at jdk.proxy1/jdk.proxy1.$Proxy4.processTestDefinition(Unknown Source)
  at org.gradle.api.internal.tasks.testing.worker.TestWorker$2.run(TestWorker.java:178)
  at org.gradle.api.internal.tasks.testing.worker.TestWorker.executeAndMaintainThreadName(TestWorker.java:126)
  at org.gradle.api.internal.tasks.testing.worker.TestWorker.execute(TestWorker.java:103)
  at org.gradle.api.internal.tasks.testing.worker.TestWorker.execute(TestWorker.java:63)
  at org.gradle.process.internal.worker.child.ActionExecutionWorker.execute(ActionExecutionWorker.java:56)
  at org.gradle.process.internal.worker.child.SystemApplicationClassLoaderWorker.call(SystemApplicationClassLoaderWorker.java:122)
  at org.gradle.process.internal.worker.child.SystemApplicationClassLoaderWorker.call(SystemApplicationClassLoaderWorker.java:72)
  at worker.org.gradle.process.internal.worker.GradleWorkerMain.run(GradleWorkerMain.java:69)
  at worker.org.gradle.process.internal.worker.GradleWorkerMain.main(GradleWorkerMain.java:74)
</stacktrace>
</test-failure>


TypeScriptCompilerTests_D[jvm] > declarationEmitMultipleComputedNamesSameDomain_ts compiles to JavaScript matching declarationEmitMultipleComputedNamesSameDomain_js[jvm] FAILED

<test-failure test="com.xemantic.typescript.compiler.TypeScriptCompilerTests_D.derivedClassConstructorWithExplicitReturns01_ts__target_es5__has expected errors matching baseline" platform="jvm">
<message>
--- expected
+++ actual
@@ -1,10 +1,8 @@
 error TS5107: Option 'target=ES5' is deprecated and will stop functioning in TypeScript 7.0. Specify compilerOption '"ignoreDeprecations": "6.0"' to silence this error.
-derivedClassConstructorWithExplicitReturns01.ts(31,13): error TS2322: Type 'null' is not assignable to type 'D'.
-derivedClassConstructorWithExplicitReturns01.ts(31,13): error TS2409: Return type of constructor signature must be assignable to the instance type of the class.
 
 
 !!! error TS5107: Option 'target=ES5' is deprecated and will stop functioning in TypeScript 7.0. Specify compilerOption '"ignoreDeprecations": "6.0"' to silence this error.
-==== derivedClassConstructorWithExplicitReturns01.ts (2 errors) ====
+==== derivedClassConstructorWithExplicitReturns01.ts (0 errors) ====
     class C {
         cProp = 10;
     
@@ -36,9 +34,5 @@
             }
             else
                 return null;
-                ~~~~~~
-!!! error TS2322: Type 'null' is not assignable to type 'D'.
-                ~~~~~~
-!!! error TS2409: Return type of constructor signature must be assignable to the instance type of the class.
         }
     }

</message>
<stacktrace>
  at org.junit.Assert.fail(Assert.java:89)
  at kotlin.test.junit.JUnitAsserter.fail(JUnitSupport.kt:56)
  at kotlin.test.AssertionsKt__AssertionsKt.fail(Assertions.kt:563)
  at kotlin.test.AssertionsKt.fail(Unknown Source)
  at com.xemantic.kotlin.test.SameAsKt.sameAs(SameAs.kt:52)
  at com.xemantic.typescript.compiler.TypeScriptTestSupportKt.errorsMatchBaseline(TypeScriptTestSupport.kt:135)
  at com.xemantic.typescript.compiler.TypeScriptCompilerTests_D.derivedClassConstructorWithExplicitReturns01_ts__target_es5__has expected errors matching baseline(TypeScriptCompilerTests_D.kt:4711)
  at java.base/jdk.internal.reflect.DirectMethodHandleAccessor.invoke(DirectMethodHandleAccessor.java:104)
  at java.base/java.lang.reflect.Method.invoke(Method.java:565)
  at org.junit.runners.model.FrameworkMethod$1.runReflectiveCall(FrameworkMethod.java:59)
  at org.junit.internal.runners.model.ReflectiveCallable.run(ReflectiveCallable.java:12)
  at org.junit.runners.model.FrameworkMethod.invokeExplosively(FrameworkMethod.java:56)
  at org.junit.internal.runners.statements.InvokeMethod.evaluate(InvokeMethod.java:17)
  at org.junit.runners.ParentRunner$3.evaluate(ParentRunner.java:306)
  at org.junit.runners.BlockJUnit4ClassRunner$1.evaluate(BlockJUnit4ClassRunner.java:100)
  at org.junit.runners.ParentRunner.runLeaf(ParentRunner.java:366)
  at org.junit.runners.BlockJUnit4ClassRunner.runChild(BlockJUnit4ClassRunner.java:103)
  at org.junit.runners.BlockJUnit4ClassRunner.runChild(BlockJUnit4ClassRunner.java:63)
  at org.junit.runners.ParentRunner$4.run(ParentRunner.java:331)
  at org.junit.runners.ParentRunner$1.schedule(ParentRunner.java:79)
  at org.junit.runners.ParentRunner.runChildren(ParentRunner.java:329)
  at org.junit.runners.ParentRunner.access$100(ParentRunner.java:66)
  at org.junit.runners.ParentRunner$2.evaluate(ParentRunner.java:293)
  at org.junit.runners.ParentRunner$3.evaluate(ParentRunner.java:306)
  at org.junit.runners.ParentRunner.run(ParentRunner.java:413)
  at org.junit.runner.JUnitCore.run(JUnitCore.java:137)
  at org.junit.runner.JUnitCore.run(JUnitCore.java:115)
  at org.gradle.api.internal.tasks.testing.junit.JUnitTestExecutor.runRequest(JUnitTestExecutor.java:175)
  at org.gradle.api.internal.tasks.testing.junit.JUnitTestExecutor.accept(JUnitTestExecutor.java:84)
  at org.gradle.api.internal.tasks.testing.junit.JUnitTestExecutor.accept(JUnitTestExecutor.java:47)
  at org.gradle.api.internal.tasks.testing.junit.AbstractJUnitTestDefinitionProcessor.processTestDefinition(AbstractJUnitTestDefinitionProcessor.java:65)
  at org.gradle.api.internal.tasks.testing.SuiteTestDefinitionProcessor.processTestDefinition(SuiteTestDefinitionProcessor.java:54)
  at java.base/jdk.internal.reflect.DirectMethodHandleAccessor.invoke(DirectMethodHandleAccessor.java:104)
  at java.base/java.lang.reflect.Method.invoke(Method.java:565)
  at org.gradle.internal.dispatch.MethodInvocation.invokeOn(MethodInvocation.java:77)
  at org.gradle.internal.dispatch.ReflectionDispatch.dispatch(ReflectionDispatch.java:28)
  at org.gradle.internal.dispatch.ReflectionDispatch.dispatch(ReflectionDispatch.java:19)
  at org.gradle.internal.dispatch.ContextClassLoaderDispatch.dispatch(ContextClassLoaderDispatch.java:33)
  at org.gradle.internal.dispatch.ProxyDispatchAdapter$DispatchingInvocationHandler.invoke(ProxyDispatchAdapter.java:88)
  at jdk.proxy1/jdk.proxy1.$Proxy4.processTestDefinition(Unknown Source)
  at org.gradle.api.internal.tasks.testing.worker.TestWorker$2.run(TestWorker.java:178)
  at org.gradle.api.internal.tasks.testing.worker.TestWorker.executeAndMaintainThreadName(TestWorker.java:126)
  at org.gradle.api.internal.tasks.testing.worker.TestWorker.execute(TestWorker.java:103)
  at org.gradle.api.internal.tasks.testing.worker.TestWorker.execute(TestWorker.java:63)
  at org.gradle.process.internal.worker.child.ActionExecutionWorker.execute(ActionExecutionWorker.java:56)
  at org.gradle.process.internal.worker.child.SystemApplicationClassLoaderWorker.call(SystemApplicationClassLoaderWorker.java:122)
  at org.gradle.process.internal.worker.child.SystemApplicationClassLoaderWorker.call(SystemApplicationClassLoaderWorker.java:72)
  at worker.org.gradle.process.internal.worker.GradleWorkerMain.run(GradleWorkerMain.java:69)
  at worker.org.gradle.process.internal.worker.GradleWorkerMain.main(GradleWorkerMain.java:74)
</stacktrace>
</test-failure>


TypeScriptCompilerTests_D[jvm] > derivedClassConstructorWithExplicitReturns01_ts__target_es5__has expected errors matching baseline[jvm] FAILED

<test-failure test="com.xemantic.typescript.compiler.TypeScriptCompilerTests_D.declarationEmitPrivateNameCausesError_ts compiles to JavaScript matching declarationEmitPrivateNameCausesError_js" platform="jvm">
<message>
--- expected
+++ actual
@@ -17,13 +17,10 @@
 const IGNORE_EXTRA_VARIABLES = Symbol(); //Notice how this is unexported
 //This is exported
 function ignoreExtraVariables(ctor) {
-    var _a, _b;
-    return _b = class extends ctor {
-            constructor() {
-                super(...arguments);
-                this[_a] = true; //An unexported constant is used
-            }
-        },
-        _a = IGNORE_EXTRA_VARIABLES,
-        _b;
+    return class extends ctor {
+        constructor() {
+            super(...arguments);
+            this[IGNORE_EXTRA_VARIABLES] = true; //An unexported constant is used
+        }
+    };
 }

</message>
<stacktrace>
  at org.junit.Assert.fail(Assert.java:89)
  at kotlin.test.junit.JUnitAsserter.fail(JUnitSupport.kt:56)
  at kotlin.test.AssertionsKt__AssertionsKt.fail(Assertions.kt:563)
  at kotlin.test.AssertionsKt.fail(Unknown Source)
  at com.xemantic.kotlin.test.SameAsKt.sameAs(SameAs.kt:52)
  at com.xemantic.typescript.compiler.TypeScriptTestSupportKt.sameAs(TypeScriptTestSupport.kt:99)
  at com.xemantic.typescript.compiler.TypeScriptCompilerTests_D.declarationEmitPrivateNameCausesError_ts compiles to JavaScript matching declarationEmitPrivateNameCausesError_js(TypeScriptCompilerTests_D.kt:2702)
  at java.base/jdk.internal.reflect.DirectMethodHandleAccessor.invoke(DirectMethodHandleAccessor.java:104)
  at java.base/java.lang.reflect.Method.invoke(Method.java:565)
  at org.junit.runners.model.FrameworkMethod$1.runReflectiveCall(FrameworkMethod.java:59)
  at org.junit.internal.runners.model.ReflectiveCallable.run(ReflectiveCallable.java:12)
  at org.junit.runners.model.FrameworkMethod.invokeExplosively(FrameworkMethod.java:56)
  at org.junit.internal.runners.statements.InvokeMethod.evaluate(InvokeMethod.java:17)
  at org.junit.runners.ParentRunner$3.evaluate(ParentRunner.java:306)
  at org.junit.runners.BlockJUnit4ClassRunner$1.evaluate(BlockJUnit4ClassRunner.java:100)
  at org.junit.runners.ParentRunner.runLeaf(ParentRunner.java:366)
  at org.junit.runners.BlockJUnit4ClassRunner.runChild(BlockJUnit4ClassRunner.java:103)
  at org.junit.runners.BlockJUnit4ClassRunner.runChild(BlockJUnit4ClassRunner.java:63)
  at org.junit.runners.ParentRunner$4.run(ParentRunner.java:331)
  at org.junit.runners.ParentRunner$1.schedule(ParentRunner.java:79)
  at org.junit.runners.ParentRunner.runChildren(ParentRunner.java:329)
  at org.junit.runners.ParentRunner.access$100(ParentRunner.java:66)
  at org.junit.runners.ParentRunner$2.evaluate(ParentRunner.java:293)
  at org.junit.runners.ParentRunner$3.evaluate(ParentRunner.java:306)
  at org.junit.runners.ParentRunner.run(ParentRunner.java:413)
  at org.junit.runner.JUnitCore.run(JUnitCore.java:137)
  at org.junit.runner.JUnitCore.run(JUnitCore.java:115)
  at org.gradle.api.internal.tasks.testing.junit.JUnitTestExecutor.runRequest(JUnitTestExecutor.java:175)
  at org.gradle.api.internal.tasks.testing.junit.JUnitTestExecutor.accept(JUnitTestExecutor.java:84)
  at org.gradle.api.internal.tasks.testing.junit.JUnitTestExecutor.accept(JUnitTestExecutor.java:47)
  at org.gradle.api.internal.tasks.testing.junit.AbstractJUnitTestDefinitionProcessor.processTestDefinition(AbstractJUnitTestDefinitionProcessor.java:65)
  at org.gradle.api.internal.tasks.testing.SuiteTestDefinitionProcessor.processTestDefinition(SuiteTestDefinitionProcessor.java:54)
  at java.base/jdk.internal.reflect.DirectMethodHandleAccessor.invoke(DirectMethodHandleAccessor.java:104)
  at java.base/java.lang.reflect.Method.invoke(Method.java:565)
  at org.gradle.internal.dispatch.MethodInvocation.invokeOn(MethodInvocation.java:77)
  at org.gradle.internal.dispatch.ReflectionDispatch.dispatch(ReflectionDispatch.java:28)
  at org.gradle.internal.dispatch.ReflectionDispatch.dispatch(ReflectionDispatch.java:19)
  at org.gradle.internal.dispatch.ContextClassLoaderDispatch.dispatch(ContextClassLoaderDispatch.java:33)
  at org.gradle.internal.dispatch.ProxyDispatchAdapter$DispatchingInvocationHandler.invoke(ProxyDispatchAdapter.java:88)
  at jdk.proxy1/jdk.proxy1.$Proxy4.processTestDefinition(Unknown Source)
  at org.gradle.api.internal.tasks.testing.worker.TestWorker$2.run(TestWorker.java:178)
  at org.gradle.api.internal.tasks.testing.worker.TestWorker.executeAndMaintainThreadName(TestWorker.java:126)
  at org.gradle.api.internal.tasks.testing.worker.TestWorker.execute(TestWorker.java:103)
  at org.gradle.api.internal.tasks.testing.worker.TestWorker.execute(TestWorker.java:63)
  at org.gradle.process.internal.worker.child.ActionExecutionWorker.execute(ActionExecutionWorker.java:56)
  at org.gradle.process.internal.worker.child.SystemApplicationClassLoaderWorker.call(SystemApplicationClassLoaderWorker.java:122)
  at org.gradle.process.internal.worker.child.SystemApplicationClassLoaderWorker.call(SystemApplicationClassLoaderWorker.java:72)
  at worker.org.gradle.process.internal.worker.GradleWorkerMain.run(GradleWorkerMain.java:69)
  at worker.org.gradle.process.internal.worker.GradleWorkerMain.main(GradleWorkerMain.java:74)
</stacktrace>
</test-failure>


TypeScriptCompilerTests_D[jvm] > declarationEmitPrivateNameCausesError_ts compiles to JavaScript matching declarationEmitPrivateNameCausesError_js[jvm] FAILED

<test-failure test="com.xemantic.typescript.compiler.TypeScriptCompilerTests_D.declarationEmitDestructuringWithOptionalBindingParameters_ts has expected errors matching declarationEmitDestructuringWithOptionalBindingParameters_errors_txt" platform="jvm">
<message>
Expected diagnostics from baseline typescript-repo/tests/baselines/reference/declarationEmitDestructuringWithOptionalBindingParameters.errors.txt but none produced
</message>
<stacktrace>
  at com.xemantic.typescript.compiler.TypeScriptTestSupportKt.errorsMatchBaseline(TypeScriptTestSupport.kt:125)
  at com.xemantic.typescript.compiler.TypeScriptCompilerTests_D.declarationEmitDestructuringWithOptionalBindingParameters_ts has expected errors matching declarationEmitDestructuringWithOptionalBindingParameters_errors_txt(TypeScriptCompilerTests_D.kt:1631)
  at java.base/jdk.internal.reflect.DirectMethodHandleAccessor.invoke(DirectMethodHandleAccessor.java:104)
  at java.base/java.lang.reflect.Method.invoke(Method.java:565)
  at org.junit.runners.model.FrameworkMethod$1.runReflectiveCall(FrameworkMethod.java:59)
  at org.junit.internal.runners.model.ReflectiveCallable.run(ReflectiveCallable.java:12)
  at org.junit.runners.model.FrameworkMethod.invokeExplosively(FrameworkMethod.java:56)
  at org.junit.internal.runners.statements.InvokeMethod.evaluate(InvokeMethod.java:17)
  at org.junit.runners.ParentRunner$3.evaluate(ParentRunner.java:306)
  at org.junit.runners.BlockJUnit4ClassRunner$1.evaluate(BlockJUnit4ClassRunner.java:100)
  at org.junit.runners.ParentRunner.runLeaf(ParentRunner.java:366)
  at org.junit.runners.BlockJUnit4ClassRunner.runChild(BlockJUnit4ClassRunner.java:103)
  at org.junit.runners.BlockJUnit4ClassRunner.runChild(BlockJUnit4ClassRunner.java:63)
  at org.junit.runners.ParentRunner$4.run(ParentRunner.java:331)
  at org.junit.runners.ParentRunner$1.schedule(ParentRunner.java:79)
  at org.junit.runners.ParentRunner.runChildren(ParentRunner.java:329)
  at org.junit.runners.ParentRunner.access$100(ParentRunner.java:66)
  at org.junit.runners.ParentRunner$2.evaluate(ParentRunner.java:293)
  at org.junit.runners.ParentRunner$3.evaluate(ParentRunner.java:306)
  at org.junit.runners.ParentRunner.run(ParentRunner.java:413)
  at org.junit.runner.JUnitCore.run(JUnitCore.java:137)
  at org.junit.runner.JUnitCore.run(JUnitCore.java:115)
  at org.gradle.api.internal.tasks.testing.junit.JUnitTestExecutor.runRequest(JUnitTestExecutor.java:175)
  at org.gradle.api.internal.tasks.testing.junit.JUnitTestExecutor.accept(JUnitTestExecutor.java:84)
  at org.gradle.api.internal.tasks.testing.junit.JUnitTestExecutor.accept(JUnitTestExecutor.java:47)
  at org.gradle.api.internal.tasks.testing.junit.AbstractJUnitTestDefinitionProcessor.processTestDefinition(AbstractJUnitTestDefinitionProcessor.java:65)
  at org.gradle.api.internal.tasks.testing.SuiteTestDefinitionProcessor.processTestDefinition(SuiteTestDefinitionProcessor.java:54)
  at java.base/jdk.internal.reflect.DirectMethodHandleAccessor.invoke(DirectMethodHandleAccessor.java:104)
  at java.base/java.lang.reflect.Method.invoke(Method.java:565)
  at org.gradle.internal.dispatch.MethodInvocation.invokeOn(MethodInvocation.java:77)
  at org.gradle.internal.dispatch.ReflectionDispatch.dispatch(ReflectionDispatch.java:28)
  at org.gradle.internal.dispatch.ReflectionDispatch.dispatch(ReflectionDispatch.java:19)
  at org.gradle.internal.dispatch.ContextClassLoaderDispatch.dispatch(ContextClassLoaderDispatch.java:33)
  at org.gradle.internal.dispatch.ProxyDispatchAdapter$DispatchingInvocationHandler.invoke(ProxyDispatchAdapter.java:88)
  at jdk.proxy1/jdk.proxy1.$Proxy4.processTestDefinition(Unknown Source)
  at org.gradle.api.internal.tasks.testing.worker.TestWorker$2.run(TestWorker.java:178)
  at org.gradle.api.internal.tasks.testing.worker.TestWorker.executeAndMaintainThreadName(TestWorker.java:126)
  at org.gradle.api.internal.tasks.testing.worker.TestWorker.execute(TestWorker.java:103)
  at org.gradle.api.internal.tasks.testing.worker.TestWorker.execute(TestWorker.java:63)
  at org.gradle.process.internal.worker.child.ActionExecutionWorker.execute(ActionExecutionWorker.java:56)
  at org.gradle.process.internal.worker.child.SystemApplicationClassLoaderWorker.call(SystemApplicationClassLoaderWorker.java:122)
  at org.gradle.process.internal.worker.child.SystemApplicationClassLoaderWorker.call(SystemApplicationClassLoaderWorker.java:72)
  at worker.org.gradle.process.internal.worker.GradleWorkerMain.run(GradleWorkerMain.java:69)
  at worker.org.gradle.process.internal.worker.GradleWorkerMain.main(GradleWorkerMain.java:74)
</stacktrace>
</test-failure>


TypeScriptCompilerTests_D[jvm] > declarationEmitDestructuringWithOptionalBindingParameters_ts has expected errors matching declarationEmitDestructuringWithOptionalBindingParameters_errors_txt[jvm] FAILED

<test-failure test="com.xemantic.typescript.compiler.TypeScriptCompilerTests_D.downlevelLetConst16_ts__target_es5__has expected errors matching baseline" platform="jvm">
<message>
--- expected
+++ actual
@@ -1,14 +1,8 @@
 error TS5107: Option 'target=ES5' is deprecated and will stop functioning in TypeScript 7.0. Specify compilerOption '"ignoreDeprecations": "6.0"' to silence this error.
-downlevelLetConst16.ts(151,15): error TS2493: Tuple type '[]' of length '0' has no element at index '0'.
-downlevelLetConst16.ts(164,17): error TS2493: Tuple type '[]' of length '0' has no element at index '0'.
-downlevelLetConst16.ts(195,14): error TS2461: Type 'undefined' is not an array type.
-downlevelLetConst16.ts(202,15): error TS2339: Property 'a' does not exist on type 'undefined'.
-downlevelLetConst16.ts(216,16): error TS2461: Type 'undefined' is not an array type.
-downlevelLetConst16.ts(223,17): error TS2339: Property 'a' does not exist on type 'undefined'.
 
 
 !!! error TS5107: Option 'target=ES5' is deprecated and will stop functioning in TypeScript 7.0. Specify compilerOption '"ignoreDeprecations": "6.0"' to silence this error.
-==== downlevelLetConst16.ts (6 errors) ====
+==== downlevelLetConst16.ts (0 errors) ====
     'use strict'
     
     declare function use(a: any);
@@ -160,8 +154,6 @@
             use(x);
         }
         for (let [y] = []; ;) {
-                  ~
-!!! error TS2493: Tuple type '[]' of length '0' has no element at index '0'.
             use(y);
         }
         for (let {a: z} = {a: 1}; ;) {
@@ -175,8 +167,6 @@
             use(x);
         }
         for (const [y] = []; ;) {
-                    ~
-!!! error TS2493: Tuple type '[]' of length '0' has no element at index '0'.
             use(y);
         }
         for (const {a: z} = { a: 1 }; ;) {
@@ -208,8 +198,6 @@
     
     function foo8() {
         for (let [x] of []) {
-                 ~~~
-!!! error TS2461: Type 'undefined' is not an array type.
             use(x);
         }
         use(x);
@@ -217,8 +205,6 @@
     
     function foo9() {
         for (let {a: x} of []) {
-                  ~
-!!! error TS2339: Property 'a' does not exist on type 'undefined'.
             use(x);
         }
         use(x);
@@ -233,8 +219,6 @@
     
     function foo11() {
         for (const [x] of []) {
-                   ~~~
-!!! error TS2461: Type 'undefined' is not an array type.
             use(x);
         }
         use(x);
@@ -242,8 +226,6 @@
     
     function foo12() {
         for (const {a: x} of []) {
-                    ~
-!!! error TS2339: Property 'a' does not exist on type 'undefined'.
             use(x);
         }
         use(x);

</message>
<stacktrace>
  at org.junit.Assert.fail(Assert.java:89)
  at kotlin.test.junit.JUnitAsserter.fail(JUnitSupport.kt:56)
  at kotlin.test.AssertionsKt__AssertionsKt.fail(Assertions.kt:563)
  at kotlin.test.AssertionsKt.fail(Unknown Source)
  at com.xemantic.kotlin.test.SameAsKt.sameAs(SameAs.kt:52)
  at com.xemantic.typescript.compiler.TypeScriptTestSupportKt.errorsMatchBaseline(TypeScriptTestSupport.kt:135)
  at com.xemantic.typescript.compiler.TypeScriptCompilerTests_D.downlevelLetConst16_ts__target_es5__has expected errors matching baseline(TypeScriptCompilerTests_D.kt:6020)
  at java.base/jdk.internal.reflect.DirectMethodHandleAccessor.invoke(DirectMethodHandleAccessor.java:104)
  at java.base/java.lang.reflect.Method.invoke(Method.java:565)
  at org.junit.runners.model.FrameworkMethod$1.runReflectiveCall(FrameworkMethod.java:59)
  at org.junit.internal.runners.model.ReflectiveCallable.run(ReflectiveCallable.java:12)
  at org.junit.runners.model.FrameworkMethod.invokeExplosively(FrameworkMethod.java:56)
  at org.junit.internal.runners.statements.InvokeMethod.evaluate(InvokeMethod.java:17)
  at org.junit.runners.ParentRunner$3.evaluate(ParentRunner.java:306)
  at org.junit.runners.BlockJUnit4ClassRunner$1.evaluate(BlockJUnit4ClassRunner.java:100)
  at org.junit.runners.ParentRunner.runLeaf(ParentRunner.java:366)
  at org.junit.runners.BlockJUnit4ClassRunner.runChild(BlockJUnit4ClassRunner.java:103)
  at org.junit.runners.BlockJUnit4ClassRunner.runChild(BlockJUnit4ClassRunner.java:63)
  at org.junit.runners.ParentRunner$4.run(ParentRunner.java:331)
  at org.junit.runners.ParentRunner$1.schedule(ParentRunner.java:79)
  at org.junit.runners.ParentRunner.runChildren(ParentRunner.java:329)
  at org.junit.runners.ParentRunner.access$100(ParentRunner.java:66)
  at org.junit.runners.ParentRunner$2.evaluate(ParentRunner.java:293)
  at org.junit.runners.ParentRunner$3.evaluate(ParentRunner.java:306)
  at org.junit.runners.ParentRunner.run(ParentRunner.java:413)
  at org.junit.runner.JUnitCore.run(JUnitCore.java:137)
  at org.junit.runner.JUnitCore.run(JUnitCore.java:115)
  at org.gradle.api.internal.tasks.testing.junit.JUnitTestExecutor.runRequest(JUnitTestExecutor.java:175)
  at org.gradle.api.internal.tasks.testing.junit.JUnitTestExecutor.accept(JUnitTestExecutor.java:84)
  at org.gradle.api.internal.tasks.testing.junit.JUnitTestExecutor.accept(JUnitTestExecutor.java:47)
  at org.gradle.api.internal.tasks.testing.junit.AbstractJUnitTestDefinitionProcessor.processTestDefinition(AbstractJUnitTestDefinitionProcessor.java:65)
  at org.gradle.api.internal.tasks.testing.SuiteTestDefinitionProcessor.processTestDefinition(SuiteTestDefinitionProcessor.java:54)
  at java.base/jdk.internal.reflect.DirectMethodHandleAccessor.invoke(DirectMethodHandleAccessor.java:104)
  at java.base/java.lang.reflect.Method.invoke(Method.java:565)
  at org.gradle.internal.dispatch.MethodInvocation.invokeOn(MethodInvocation.java:77)
  at org.gradle.internal.dispatch.ReflectionDispatch.dispatch(ReflectionDispatch.java:28)
  at org.gradle.internal.dispatch.ReflectionDispatch.dispatch(ReflectionDispatch.java:19)
  at org.gradle.internal.dispatch.ContextClassLoaderDispatch.dispatch(ContextClassLoaderDispatch.java:33)
  at org.gradle.internal.dispatch.ProxyDispatchAdapter$DispatchingInvocationHandler.invoke(ProxyDispatchAdapter.java:88)
  at jdk.proxy1/jdk.proxy1.$Proxy4.processTestDefinition(Unknown Source)
  at org.gradle.api.internal.tasks.testing.worker.TestWorker$2.run(TestWorker.java:178)
  at org.gradle.api.internal.tasks.testing.worker.TestWorker.executeAndMaintainThreadName(TestWorker.java:126)
  at org.gradle.api.internal.tasks.testing.worker.TestWorker.execute(TestWorker.java:103)
  at org.gradle.api.internal.tasks.testing.worker.TestWorker.execute(TestWorker.java:63)
  at org.gradle.process.internal.worker.child.ActionExecutionWorker.execute(ActionExecutionWorker.java:56)
  at org.gradle.process.internal.worker.child.SystemApplicationClassLoaderWorker.call(SystemApplicationClassLoaderWorker.java:122)
  at org.gradle.process.internal.worker.child.SystemApplicationClassLoaderWorker.call(SystemApplicationClassLoaderWorker.java:72)
  at worker.org.gradle.process.internal.worker.GradleWorkerMain.run(GradleWorkerMain.java:69)
  at worker.org.gradle.process.internal.worker.GradleWorkerMain.main(GradleWorkerMain.java:74)
</stacktrace>
</test-failure>


TypeScriptCompilerTests_D[jvm] > downlevelLetConst16_ts__target_es5__has expected errors matching baseline[jvm] FAILED

<test-failure test="com.xemantic.typescript.compiler.TypeScriptCompilerTests_D.destructuringAssignmentWithExportedName_ts compiles to JavaScript matching destructuringAssignmentWithExportedName_js" platform="jvm">
<message>
--- expected
+++ actual
@@ -29,25 +29,27 @@
 
 //// [destructuringAssignmentWithExportedName.js]
 "use strict";
-var _a, _b, _c, _d, _e;
 Object.defineProperty(exports, "__esModule", { value: true });
 exports.nfoo = exports.foo = exports.nonexportedFoo = exports.exportedFoo = void 0;
 let nonexportedFoo;
+exports.nonexportedFoo = nonexportedFoo;
+exports.nfoo = nonexportedFoo;
 // sanity checks
-exports.foo = exports.exportedFoo = null;
-exports.nfoo = exports.nonexportedFoo = nonexportedFoo = null;
+exports.exportedFoo = null;
+exports.nfoo = nonexportedFoo = null;
 if (null) {
-    (_a = null, exports.foo = exports.exportedFoo = _a.exportedFoo, exports.nfoo = exports.nonexportedFoo = nonexportedFoo = _a.nonexportedFoo);
+    ({ exportedFoo: exports.exportedFoo, nonexportedFoo } = null);
 }
 else if (null) {
-    (_b = null, exports.foo = exports.exportedFoo = _b.foo, exports.nfoo = exports.nonexportedFoo = nonexportedFoo = _b.bar);
+    ({ foo: exports.exportedFoo, bar: nonexportedFoo } = null);
 }
 else if (null) {
-    (_c = null.foo, exports.foo = exports.exportedFoo = _c.bar, exports.nfoo = exports.nonexportedFoo = nonexportedFoo = _c.baz);
+    ({ foo: { bar: exports.exportedFoo, baz: nonexportedFoo } } = null);
 }
 else if (null) {
-    (_d = null, exports.foo = exports.exportedFoo = _d[0], exports.nfoo = exports.nonexportedFoo = nonexportedFoo = _d[1]);
+    ([exports.exportedFoo, nonexportedFoo] = null);
 }
 else {
-    (_e = null[0], exports.foo = exports.exportedFoo = _e[0], exports.nfoo = exports.nonexportedFoo = nonexportedFoo = _e[1]);
+    ([[exports.exportedFoo, nonexportedFoo]] = null);
 }
+exports.foo = exports.exportedFoo;

</message>
<stacktrace>
  at org.junit.Assert.fail(Assert.java:89)
  at kotlin.test.junit.JUnitAsserter.fail(JUnitSupport.kt:56)
  at kotlin.test.AssertionsKt__AssertionsKt.fail(Assertions.kt:563)
  at kotlin.test.AssertionsKt.fail(Unknown Source)
  at com.xemantic.kotlin.test.SameAsKt.sameAs(SameAs.kt:52)
  at com.xemantic.typescript.compiler.TypeScriptTestSupportKt.sameAs(TypeScriptTestSupport.kt:99)
  at com.xemantic.typescript.compiler.TypeScriptCompilerTests_D.destructuringAssignmentWithExportedName_ts compiles to JavaScript matching destructuringAssignmentWithExportedName_js(TypeScriptCompilerTests_D.kt:4949)
  at java.base/jdk.internal.reflect.DirectMethodHandleAccessor.invoke(DirectMethodHandleAccessor.java:104)
  at java.base/java.lang.reflect.Method.invoke(Method.java:565)
  at org.junit.runners.model.FrameworkMethod$1.runReflectiveCall(FrameworkMethod.java:59)
  at org.junit.internal.runners.model.ReflectiveCallable.run(ReflectiveCallable.java:12)
  at org.junit.runners.model.FrameworkMethod.invokeExplosively(FrameworkMethod.java:56)
  at org.junit.internal.runners.statements.InvokeMethod.evaluate(InvokeMethod.java:17)
  at org.junit.runners.ParentRunner$3.evaluate(ParentRunner.java:306)
  at org.junit.runners.BlockJUnit4ClassRunner$1.evaluate(BlockJUnit4ClassRunner.java:100)
  at org.junit.runners.ParentRunner.runLeaf(ParentRunner.java:366)
  at org.junit.runners.BlockJUnit4ClassRunner.runChild(BlockJUnit4ClassRunner.java:103)
  at org.junit.runners.BlockJUnit4ClassRunner.runChild(BlockJUnit4ClassRunner.java:63)
  at org.junit.runners.ParentRunner$4.run(ParentRunner.java:331)
  at org.junit.runners.ParentRunner$1.schedule(ParentRunner.java:79)
  at org.junit.runners.ParentRunner.runChildren(ParentRunner.java:329)
  at org.junit.runners.ParentRunner.access$100(ParentRunner.java:66)
  at org.junit.runners.ParentRunner$2.evaluate(ParentRunner.java:293)
  at org.junit.runners.ParentRunner$3.evaluate(ParentRunner.java:306)
  at org.junit.runners.ParentRunner.run(ParentRunner.java:413)
  at org.junit.runner.JUnitCore.run(JUnitCore.java:137)
  at org.junit.runner.JUnitCore.run(JUnitCore.java:115)
  at org.gradle.api.internal.tasks.testing.junit.JUnitTestExecutor.runRequest(JUnitTestExecutor.java:175)
  at org.gradle.api.internal.tasks.testing.junit.JUnitTestExecutor.accept(JUnitTestExecutor.java:84)
  at org.gradle.api.internal.tasks.testing.junit.JUnitTestExecutor.accept(JUnitTestExecutor.java:47)
  at org.gradle.api.internal.tasks.testing.junit.AbstractJUnitTestDefinitionProcessor.processTestDefinition(AbstractJUnitTestDefinitionProcessor.java:65)
  at org.gradle.api.internal.tasks.testing.SuiteTestDefinitionProcessor.processTestDefinition(SuiteTestDefinitionProcessor.java:54)
  at java.base/jdk.internal.reflect.DirectMethodHandleAccessor.invoke(DirectMethodHandleAccessor.java:104)
  at java.base/java.lang.reflect.Method.invoke(Method.java:565)
  at org.gradle.internal.dispatch.MethodInvocation.invokeOn(MethodInvocation.java:77)
  at org.gradle.internal.dispatch.ReflectionDispatch.dispatch(ReflectionDispatch.java:28)
  at org.gradle.internal.dispatch.ReflectionDispatch.dispatch(ReflectionDispatch.java:19)
  at org.gradle.internal.dispatch.ContextClassLoaderDispatch.dispatch(ContextClassLoaderDispatch.java:33)
  at org.gradle.internal.dispatch.ProxyDispatchAdapter$DispatchingInvocationHandler.invoke(ProxyDispatchAdapter.java:88)
  at jdk.proxy1/jdk.proxy1.$Proxy4.processTestDefinition(Unknown Source)
  at org.gradle.api.internal.tasks.testing.worker.TestWorker$2.run(TestWorker.java:178)
  at org.gradle.api.internal.tasks.testing.worker.TestWorker.executeAndMaintainThreadName(TestWorker.java:126)
  at org.gradle.api.internal.tasks.testing.worker.TestWorker.execute(TestWorker.java:103)
  at org.gradle.api.internal.tasks.testing.worker.TestWorker.execute(TestWorker.java:63)
  at org.gradle.process.internal.worker.child.ActionExecutionWorker.execute(ActionExecutionWorker.java:56)
  at org.gradle.process.internal.worker.child.SystemApplicationClassLoaderWorker.call(SystemApplicationClassLoaderWorker.java:122)
  at org.gradle.process.internal.worker.child.SystemApplicationClassLoaderWorker.call(SystemApplicationClassLoaderWorker.java:72)
  at worker.org.gradle.process.internal.worker.GradleWorkerMain.run(GradleWorkerMain.java:69)
  at worker.org.gradle.process.internal.worker.GradleWorkerMain.main(GradleWorkerMain.java:74)
</stacktrace>
</test-failure>


TypeScriptCompilerTests_D[jvm] > destructuringAssignmentWithExportedName_ts compiles to JavaScript matching destructuringAssignmentWithExportedName_js[jvm] FAILED

<test-failure test="com.xemantic.typescript.compiler.TypeScriptCompilerTests_D.declarationEmitExpressionInExtends3_ts has expected errors matching declarationEmitExpressionInExtends3_errors_txt" platform="jvm">
<message>
--- expected
+++ actual
@@ -1,13 +1,9 @@
 declarationEmitExpressionInExtends3.ts(2,2): error TS2564: Property 'x' has no initializer and is not definitely assigned in the constructor.
 declarationEmitExpressionInExtends3.ts(6,5): error TS2564: Property 'x' has no initializer and is not definitely assigned in the constructor.
 declarationEmitExpressionInExtends3.ts(7,5): error TS2564: Property 'y' has no initializer and is not definitely assigned in the constructor.
-declarationEmitExpressionInExtends3.ts(28,60): error TS2345: Argument of type 'undefined' is not assignable to parameter of type 'LocalInterface'.
-declarationEmitExpressionInExtends3.ts(32,64): error TS2345: Argument of type 'undefined' is not assignable to parameter of type 'LocalInterface'.
-declarationEmitExpressionInExtends3.ts(36,64): error TS2345: Argument of type 'undefined' is not assignable to parameter of type 'LocalInterface'.
-declarationEmitExpressionInExtends3.ts(40,64): error TS2345: Argument of type 'undefined' is not assignable to parameter of type 'LocalInterface'.
 
 
-==== declarationEmitExpressionInExtends3.ts (7 errors) ====
+==== declarationEmitExpressionInExtends3.ts (3 errors) ====
     export class ExportedClass<T> {
     	x: T;
     	~
@@ -42,24 +38,16 @@
     
     
     export class MyClass extends getLocalClass<LocalInterface>(undefined)<string, number> { // error LocalClass is inaccisible
-                                                               ~~~~~~~~~
-!!! error TS2345: Argument of type 'undefined' is not assignable to parameter of type 'LocalInterface'.
     }
     
     
     export class MyClass2 extends getExportedClass<LocalInterface>(undefined)<string> { // OK
-                                                                   ~~~~~~~~~
-!!! error TS2345: Argument of type 'undefined' is not assignable to parameter of type 'LocalInterface'.
     }
     
     
     export class MyClass3 extends getExportedClass<LocalInterface>(undefined)<LocalInterface> { // Error LocalInterface is inaccisble
-                                                                   ~~~~~~~~~
-!!! error TS2345: Argument of type 'undefined' is not assignable to parameter of type 'LocalInterface'.
     }
     
     
     export class MyClass4 extends getExportedClass<LocalInterface>(undefined)<ExportedInterface> { // OK
-                                                                   ~~~~~~~~~
-!!! error TS2345: Argument of type 'undefined' is not assignable to parameter of type 'LocalInterface'.
     }

</message>
<stacktrace>
  at org.junit.Assert.fail(Assert.java:89)
  at kotlin.test.junit.JUnitAsserter.fail(JUnitSupport.kt:56)
  at kotlin.test.AssertionsKt__AssertionsKt.fail(Assertions.kt:563)
  at kotlin.test.AssertionsKt.fail(Unknown Source)
  at com.xemantic.kotlin.test.SameAsKt.sameAs(SameAs.kt:52)
  at com.xemantic.typescript.compiler.TypeScriptTestSupportKt.errorsMatchBaseline(TypeScriptTestSupport.kt:135)
  at com.xemantic.typescript.compiler.TypeScriptCompilerTests_D.declarationEmitExpressionInExtends3_ts has expected errors matching declarationEmitExpressionInExtends3_errors_txt(TypeScriptCompilerTests_D.kt:1813)
  at java.base/jdk.internal.reflect.DirectMethodHandleAccessor.invoke(DirectMethodHandleAccessor.java:104)
  at java.base/java.lang.reflect.Method.invoke(Method.java:565)
  at org.junit.runners.model.FrameworkMethod$1.runReflectiveCall(FrameworkMethod.java:59)
  at org.junit.internal.runners.model.ReflectiveCallable.run(ReflectiveCallable.java:12)
  at org.junit.runners.model.FrameworkMethod.invokeExplosively(FrameworkMethod.java:56)
  at org.junit.internal.runners.statements.InvokeMethod.evaluate(InvokeMethod.java:17)
  at org.junit.runners.ParentRunner$3.evaluate(ParentRunner.java:306)
  at org.junit.runners.BlockJUnit4ClassRunner$1.evaluate(BlockJUnit4ClassRunner.java:100)
  at org.junit.runners.ParentRunner.runLeaf(ParentRunner.java:366)
  at org.junit.runners.BlockJUnit4ClassRunner.runChild(BlockJUnit4ClassRunner.java:103)
  at org.junit.runners.BlockJUnit4ClassRunner.runChild(BlockJUnit4ClassRunner.java:63)
  at org.junit.runners.ParentRunner$4.run(ParentRunner.java:331)
  at org.junit.runners.ParentRunner$1.schedule(ParentRunner.java:79)
  at org.junit.runners.ParentRunner.runChildren(ParentRunner.java:329)
  at org.junit.runners.ParentRunner.access$100(ParentRunner.java:66)
  at org.junit.runners.ParentRunner$2.evaluate(ParentRunner.java:293)
  at org.junit.runners.ParentRunner$3.evaluate(ParentRunner.java:306)
  at org.junit.runners.ParentRunner.run(ParentRunner.java:413)
  at org.junit.runner.JUnitCore.run(JUnitCore.java:137)
  at org.junit.runner.JUnitCore.run(JUnitCore.java:115)
  at org.gradle.api.internal.tasks.testing.junit.JUnitTestExecutor.runRequest(JUnitTestExecutor.java:175)
  at org.gradle.api.internal.tasks.testing.junit.JUnitTestExecutor.accept(JUnitTestExecutor.java:84)
  at org.gradle.api.internal.tasks.testing.junit.JUnitTestExecutor.accept(JUnitTestExecutor.java:47)
  at org.gradle.api.internal.tasks.testing.junit.AbstractJUnitTestDefinitionProcessor.processTestDefinition(AbstractJUnitTestDefinitionProcessor.java:65)
  at org.gradle.api.internal.tasks.testing.SuiteTestDefinitionProcessor.processTestDefinition(SuiteTestDefinitionProcessor.java:54)
  at java.base/jdk.internal.reflect.DirectMethodHandleAccessor.invoke(DirectMethodHandleAccessor.java:104)
  at java.base/java.lang.reflect.Method.invoke(Method.java:565)
  at org.gradle.internal.dispatch.MethodInvocation.invokeOn(MethodInvocation.java:77)
  at org.gradle.internal.dispatch.ReflectionDispatch.dispatch(ReflectionDispatch.java:28)
  at org.gradle.internal.dispatch.ReflectionDispatch.dispatch(ReflectionDispatch.java:19)
  at org.gradle.internal.dispatch.ContextClassLoaderDispatch.dispatch(ContextClassLoaderDispatch.java:33)
  at org.gradle.internal.dispatch.ProxyDispatchAdapter$DispatchingInvocationHandler.invoke(ProxyDispatchAdapter.java:88)
  at jdk.proxy1/jdk.proxy1.$Proxy4.processTestDefinition(Unknown Source)
  at org.gradle.api.internal.tasks.testing.worker.TestWorker$2.run(TestWorker.java:178)
  at org.gradle.api.internal.tasks.testing.worker.TestWorker.executeAndMaintainThreadName(TestWorker.java:126)
  at org.gradle.api.internal.tasks.testing.worker.TestWorker.execute(TestWorker.java:103)
  at org.gradle.api.internal.tasks.testing.worker.TestWorker.execute(TestWorker.java:63)
  at org.gradle.process.internal.worker.child.ActionExecutionWorker.execute(ActionExecutionWorker.java:56)
  at org.gradle.process.internal.worker.child.SystemApplicationClassLoaderWorker.call(SystemApplicationClassLoaderWorker.java:122)
  at org.gradle.process.internal.worker.child.SystemApplicationClassLoaderWorker.call(SystemApplicationClassLoaderWorker.java:72)
  at worker.org.gradle.process.internal.worker.GradleWorkerMain.run(GradleWorkerMain.java:69)
  at worker.org.gradle.process.internal.worker.GradleWorkerMain.main(GradleWorkerMain.java:74)
</stacktrace>
</test-failure>


TypeScriptCompilerTests_D[jvm] > declarationEmitExpressionInExtends3_ts has expected errors matching declarationEmitExpressionInExtends3_errors_txt[jvm] FAILED

<test-failure test="com.xemantic.typescript.compiler.TypeScriptCompilerTests_D.dynamicImportTrailingComma_ts has expected errors matching dynamicImportTrailingComma_errors_txt" platform="jvm">
<message>
Expected diagnostics from baseline typescript-repo/tests/baselines/reference/dynamicImportTrailingComma.errors.txt but none produced
</message>
<stacktrace>
  at com.xemantic.typescript.compiler.TypeScriptTestSupportKt.errorsMatchBaseline(TypeScriptTestSupport.kt:125)
  at com.xemantic.typescript.compiler.TypeScriptCompilerTests_D.dynamicImportTrailingComma_ts has expected errors matching dynamicImportTrailingComma_errors_txt(TypeScriptCompilerTests_D.kt:6937)
  at java.base/jdk.internal.reflect.DirectMethodHandleAccessor.invoke(DirectMethodHandleAccessor.java:104)
  at java.base/java.lang.reflect.Method.invoke(Method.java:565)
  at org.junit.runners.model.FrameworkMethod$1.runReflectiveCall(FrameworkMethod.java:59)
  at org.junit.internal.runners.model.ReflectiveCallable.run(ReflectiveCallable.java:12)
  at org.junit.runners.model.FrameworkMethod.invokeExplosively(FrameworkMethod.java:56)
  at org.junit.internal.runners.statements.InvokeMethod.evaluate(InvokeMethod.java:17)
  at org.junit.runners.ParentRunner$3.evaluate(ParentRunner.java:306)
  at org.junit.runners.BlockJUnit4ClassRunner$1.evaluate(BlockJUnit4ClassRunner.java:100)
  at org.junit.runners.ParentRunner.runLeaf(ParentRunner.java:366)
  at org.junit.runners.BlockJUnit4ClassRunner.runChild(BlockJUnit4ClassRunner.java:103)
  at org.junit.runners.BlockJUnit4ClassRunner.runChild(BlockJUnit4ClassRunner.java:63)
  at org.junit.runners.ParentRunner$4.run(ParentRunner.java:331)
  at org.junit.runners.ParentRunner$1.schedule(ParentRunner.java:79)
  at org.junit.runners.ParentRunner.runChildren(ParentRunner.java:329)
  at org.junit.runners.ParentRunner.access$100(ParentRunner.java:66)
  at org.junit.runners.ParentRunner$2.evaluate(ParentRunner.java:293)
  at org.junit.runners.ParentRunner$3.evaluate(ParentRunner.java:306)
  at org.junit.runners.ParentRunner.run(ParentRunner.java:413)
  at org.junit.runner.JUnitCore.run(JUnitCore.java:137)
  at org.junit.runner.JUnitCore.run(JUnitCore.java:115)
  at org.gradle.api.internal.tasks.testing.junit.JUnitTestExecutor.runRequest(JUnitTestExecutor.java:175)
  at org.gradle.api.internal.tasks.testing.junit.JUnitTestExecutor.accept(JUnitTestExecutor.java:84)
  at org.gradle.api.internal.tasks.testing.junit.JUnitTestExecutor.accept(JUnitTestExecutor.java:47)
  at org.gradle.api.internal.tasks.testing.junit.AbstractJUnitTestDefinitionProcessor.processTestDefinition(AbstractJUnitTestDefinitionProcessor.java:65)
  at org.gradle.api.internal.tasks.testing.SuiteTestDefinitionProcessor.processTestDefinition(SuiteTestDefinitionProcessor.java:54)
  at java.base/jdk.internal.reflect.DirectMethodHandleAccessor.invoke(DirectMethodHandleAccessor.java:104)
  at java.base/java.lang.reflect.Method.invoke(Method.java:565)
  at org.gradle.internal.dispatch.MethodInvocation.invokeOn(MethodInvocation.java:77)
  at org.gradle.internal.dispatch.ReflectionDispatch.dispatch(ReflectionDispatch.java:28)
  at org.gradle.internal.dispatch.ReflectionDispatch.dispatch(ReflectionDispatch.java:19)
  at org.gradle.internal.dispatch.ContextClassLoaderDispatch.dispatch(ContextClassLoaderDispatch.java:33)
  at org.gradle.internal.dispatch.ProxyDispatchAdapter$DispatchingInvocationHandler.invoke(ProxyDispatchAdapter.java:88)
  at jdk.proxy1/jdk.proxy1.$Proxy4.processTestDefinition(Unknown Source)
  at org.gradle.api.internal.tasks.testing.worker.TestWorker$2.run(TestWorker.java:178)
  at org.gradle.api.internal.tasks.testing.worker.TestWorker.executeAndMaintainThreadName(TestWorker.java:126)
  at org.gradle.api.internal.tasks.testing.worker.TestWorker.execute(TestWorker.java:103)
  at org.gradle.api.internal.tasks.testing.worker.TestWorker.execute(TestWorker.java:63)
  at org.gradle.process.internal.worker.child.ActionExecutionWorker.execute(ActionExecutionWorker.java:56)
  at org.gradle.process.internal.worker.child.SystemApplicationClassLoaderWorker.call(SystemApplicationClassLoaderWorker.java:122)
  at org.gradle.process.internal.worker.child.SystemApplicationClassLoaderWorker.call(SystemApplicationClassLoaderWorker.java:72)
  at worker.org.gradle.process.internal.worker.GradleWorkerMain.run(GradleWorkerMain.java:69)
  at worker.org.gradle.process.internal.worker.GradleWorkerMain.main(GradleWorkerMain.java:74)
</stacktrace>
</test-failure>


TypeScriptCompilerTests_D[jvm] > dynamicImportTrailingComma_ts has expected errors matching dynamicImportTrailingComma_errors_txt[jvm] FAILED

<test-failure test="com.xemantic.typescript.compiler.TypeScriptCompilerTests_D.duplicateErrorAssignability_ts has expected errors matching duplicateErrorAssignability_errors_txt" platform="jvm">
<message>
Expected diagnostics from baseline typescript-repo/tests/baselines/reference/duplicateErrorAssignability.errors.txt but none produced
</message>
<stacktrace>
  at com.xemantic.typescript.compiler.TypeScriptTestSupportKt.errorsMatchBaseline(TypeScriptTestSupport.kt:125)
  at com.xemantic.typescript.compiler.TypeScriptCompilerTests_D.duplicateErrorAssignability_ts has expected errors matching duplicateErrorAssignability_errors_txt(TypeScriptCompilerTests_D.kt:6237)
  at java.base/jdk.internal.reflect.DirectMethodHandleAccessor.invoke(DirectMethodHandleAccessor.java:104)
  at java.base/java.lang.reflect.Method.invoke(Method.java:565)
  at org.junit.runners.model.FrameworkMethod$1.runReflectiveCall(FrameworkMethod.java:59)
  at org.junit.internal.runners.model.ReflectiveCallable.run(ReflectiveCallable.java:12)
  at org.junit.runners.model.FrameworkMethod.invokeExplosively(FrameworkMethod.java:56)
  at org.junit.internal.runners.statements.InvokeMethod.evaluate(InvokeMethod.java:17)
  at org.junit.runners.ParentRunner$3.evaluate(ParentRunner.java:306)
  at org.junit.runners.BlockJUnit4ClassRunner$1.evaluate(BlockJUnit4ClassRunner.java:100)
  at org.junit.runners.ParentRunner.runLeaf(ParentRunner.java:366)
  at org.junit.runners.BlockJUnit4ClassRunner.runChild(BlockJUnit4ClassRunner.java:103)
  at org.junit.runners.BlockJUnit4ClassRunner.runChild(BlockJUnit4ClassRunner.java:63)
  at org.junit.runners.ParentRunner$4.run(ParentRunner.java:331)
  at org.junit.runners.ParentRunner$1.schedule(ParentRunner.java:79)
  at org.junit.runners.ParentRunner.runChildren(ParentRunner.java:329)
  at org.junit.runners.ParentRunner.access$100(ParentRunner.java:66)
  at org.junit.runners.ParentRunner$2.evaluate(ParentRunner.java:293)
  at org.junit.runners.ParentRunner$3.evaluate(ParentRunner.java:306)
  at org.junit.runners.ParentRunner.run(ParentRunner.java:413)
  at org.junit.runner.JUnitCore.run(JUnitCore.java:137)
  at org.junit.runner.JUnitCore.run(JUnitCore.java:115)
  at org.gradle.api.internal.tasks.testing.junit.JUnitTestExecutor.runRequest(JUnitTestExecutor.java:175)
  at org.gradle.api.internal.tasks.testing.junit.JUnitTestExecutor.accept(JUnitTestExecutor.java:84)
  at org.gradle.api.internal.tasks.testing.junit.JUnitTestExecutor.accept(JUnitTestExecutor.java:47)
  at org.gradle.api.internal.tasks.testing.junit.AbstractJUnitTestDefinitionProcessor.processTestDefinition(AbstractJUnitTestDefinitionProcessor.java:65)
  at org.gradle.api.internal.tasks.testing.SuiteTestDefinitionProcessor.processTestDefinition(SuiteTestDefinitionProcessor.java:54)
  at java.base/jdk.internal.reflect.DirectMethodHandleAccessor.invoke(DirectMethodHandleAccessor.java:104)
  at java.base/java.lang.reflect.Method.invoke(Method.java:565)
  at org.gradle.internal.dispatch.MethodInvocation.invokeOn(MethodInvocation.java:77)
  at org.gradle.internal.dispatch.ReflectionDispatch.dispatch(ReflectionDispatch.java:28)
  at org.gradle.internal.dispatch.ReflectionDispatch.dispatch(ReflectionDispatch.java:19)
  at org.gradle.internal.dispatch.ContextClassLoaderDispatch.dispatch(ContextClassLoaderDispatch.java:33)
  at org.gradle.internal.dispatch.ProxyDispatchAdapter$DispatchingInvocationHandler.invoke(ProxyDispatchAdapter.java:88)
  at jdk.proxy1/jdk.proxy1.$Proxy4.processTestDefinition(Unknown Source)
  at org.gradle.api.internal.tasks.testing.worker.TestWorker$2.run(TestWorker.java:178)
  at org.gradle.api.internal.tasks.testing.worker.TestWorker.executeAndMaintainThreadName(TestWorker.java:126)
  at org.gradle.api.internal.tasks.testing.worker.TestWorker.execute(TestWorker.java:103)
  at org.gradle.api.internal.tasks.testing.worker.TestWorker.execute(TestWorker.java:63)
  at org.gradle.process.internal.worker.child.ActionExecutionWorker.execute(ActionExecutionWorker.java:56)
  at org.gradle.process.internal.worker.child.SystemApplicationClassLoaderWorker.call(SystemApplicationClassLoaderWorker.java:122)
  at org.gradle.process.internal.worker.child.SystemApplicationClassLoaderWorker.call(SystemApplicationClassLoaderWorker.java:72)
  at worker.org.gradle.process.internal.worker.GradleWorkerMain.run(GradleWorkerMain.java:69)
  at worker.org.gradle.process.internal.worker.GradleWorkerMain.main(GradleWorkerMain.java:74)
</stacktrace>
</test-failure>


TypeScriptCompilerTests_D[jvm] > duplicateErrorAssignability_ts has expected errors matching duplicateErrorAssignability_errors_txt[jvm] FAILED

<test-failure test="com.xemantic.typescript.compiler.TypeScriptCompilerTests_D.declarationEmitUnknownImport_ts__target_es5__has expected errors matching baseline" platform="jvm">
<message>
--- expected
+++ actual
@@ -1,16 +1,7 @@
 error TS5107: Option 'target=ES5' is deprecated and will stop functioning in TypeScript 7.0. Specify compilerOption '"ignoreDeprecations": "6.0"' to silence this error.
-declarationEmitUnknownImport.ts(1,1): error TS2303: Circular definition of import alias 'Foo'.
-declarationEmitUnknownImport.ts(1,14): error TS2304: Cannot find name 'SomeNonExistingName'.
-declarationEmitUnknownImport.ts(1,14): error TS2503: Cannot find namespace 'SomeNonExistingName'.
 
 
 !!! error TS5107: Option 'target=ES5' is deprecated and will stop functioning in TypeScript 7.0. Specify compilerOption '"ignoreDeprecations": "6.0"' to silence this error.
-==== declarationEmitUnknownImport.ts (3 errors) ====
+==== declarationEmitUnknownImport.ts (0 errors) ====
     import Foo = SomeNonExistingName
-    ~~~~~~~~~~~~~~~~~~~~~~~~~~~~~~~~
-!!! error TS2303: Circular definition of import alias 'Foo'.
-                 ~~~~~~~~~~~~~~~~~~~
-!!! error TS2304: Cannot find name 'SomeNonExistingName'.
-                 ~~~~~~~~~~~~~~~~~~~
-!!! error TS2503: Cannot find namespace 'SomeNonExistingName'.
     export {Foo}

</message>
<stacktrace>
  at org.junit.Assert.fail(Assert.java:89)
  at kotlin.test.junit.JUnitAsserter.fail(JUnitSupport.kt:56)
  at kotlin.test.AssertionsKt__AssertionsKt.fail(Assertions.kt:563)
  at kotlin.test.AssertionsKt.fail(Unknown Source)
  at com.xemantic.kotlin.test.SameAsKt.sameAs(SameAs.kt:52)
  at com.xemantic.typescript.compiler.TypeScriptTestSupportKt.errorsMatchBaseline(TypeScriptTestSupport.kt:135)
  at com.xemantic.typescript.compiler.TypeScriptCompilerTests_D.declarationEmitUnknownImport_ts__target_es5__has expected errors matching baseline(TypeScriptCompilerTests_D.kt:3129)
  at java.base/jdk.internal.reflect.DirectMethodHandleAccessor.invoke(DirectMethodHandleAccessor.java:104)
  at java.base/java.lang.reflect.Method.invoke(Method.java:565)
  at org.junit.runners.model.FrameworkMethod$1.runReflectiveCall(FrameworkMethod.java:59)
  at org.junit.internal.runners.model.ReflectiveCallable.run(ReflectiveCallable.java:12)
  at org.junit.runners.model.FrameworkMethod.invokeExplosively(FrameworkMethod.java:56)
  at org.junit.internal.runners.statements.InvokeMethod.evaluate(InvokeMethod.java:17)
  at org.junit.runners.ParentRunner$3.evaluate(ParentRunner.java:306)
  at org.junit.runners.BlockJUnit4ClassRunner$1.evaluate(BlockJUnit4ClassRunner.java:100)
  at org.junit.runners.ParentRunner.runLeaf(ParentRunner.java:366)
  at org.junit.runners.BlockJUnit4ClassRunner.runChild(BlockJUnit4ClassRunner.java:103)
  at org.junit.runners.BlockJUnit4ClassRunner.runChild(BlockJUnit4ClassRunner.java:63)
  at org.junit.runners.ParentRunner$4.run(ParentRunner.java:331)
  at org.junit.runners.ParentRunner$1.schedule(ParentRunner.java:79)
  at org.junit.runners.ParentRunner.runChildren(ParentRunner.java:329)
  at org.junit.runners.ParentRunner.access$100(ParentRunner.java:66)
  at org.junit.runners.ParentRunner$2.evaluate(ParentRunner.java:293)
  at org.junit.runners.ParentRunner$3.evaluate(ParentRunner.java:306)
  at org.junit.runners.ParentRunner.run(ParentRunner.java:413)
  at org.junit.runner.JUnitCore.run(JUnitCore.java:137)
  at org.junit.runner.JUnitCore.run(JUnitCore.java:115)
  at org.gradle.api.internal.tasks.testing.junit.JUnitTestExecutor.runRequest(JUnitTestExecutor.java:175)
  at org.gradle.api.internal.tasks.testing.junit.JUnitTestExecutor.accept(JUnitTestExecutor.java:84)
  at org.gradle.api.internal.tasks.testing.junit.JUnitTestExecutor.accept(JUnitTestExecutor.java:47)
  at org.gradle.api.internal.tasks.testing.junit.AbstractJUnitTestDefinitionProcessor.processTestDefinition(AbstractJUnitTestDefinitionProcessor.java:65)
  at org.gradle.api.internal.tasks.testing.SuiteTestDefinitionProcessor.processTestDefinition(SuiteTestDefinitionProcessor.java:54)
  at java.base/jdk.internal.reflect.DirectMethodHandleAccessor.invoke(DirectMethodHandleAccessor.java:104)
  at java.base/java.lang.reflect.Method.invoke(Method.java:565)
  at org.gradle.internal.dispatch.MethodInvocation.invokeOn(MethodInvocation.java:77)
  at org.gradle.internal.dispatch.ReflectionDispatch.dispatch(ReflectionDispatch.java:28)
  at org.gradle.internal.dispatch.ReflectionDispatch.dispatch(ReflectionDispatch.java:19)
  at org.gradle.internal.dispatch.ContextClassLoaderDispatch.dispatch(ContextClassLoaderDispatch.java:33)
  at org.gradle.internal.dispatch.ProxyDispatchAdapter$DispatchingInvocationHandler.invoke(ProxyDispatchAdapter.java:88)
  at jdk.proxy1/jdk.proxy1.$Proxy4.processTestDefinition(Unknown Source)
  at org.gradle.api.internal.tasks.testing.worker.TestWorker$2.run(TestWorker.java:178)
  at org.gradle.api.internal.tasks.testing.worker.TestWorker.executeAndMaintainThreadName(TestWorker.java:126)
  at org.gradle.api.internal.tasks.testing.worker.TestWorker.execute(TestWorker.java:103)
  at org.gradle.api.internal.tasks.testing.worker.TestWorker.execute(TestWorker.java:63)
  at org.gradle.process.internal.worker.child.ActionExecutionWorker.execute(ActionExecutionWorker.java:56)
  at org.gradle.process.internal.worker.child.SystemApplicationClassLoaderWorker.call(SystemApplicationClassLoaderWorker.java:122)
  at org.gradle.process.internal.worker.child.SystemApplicationClassLoaderWorker.call(SystemApplicationClassLoaderWorker.java:72)
  at worker.org.gradle.process.internal.worker.GradleWorkerMain.run(GradleWorkerMain.java:69)
  at worker.org.gradle.process.internal.worker.GradleWorkerMain.main(GradleWorkerMain.java:74)
</stacktrace>
</test-failure>


TypeScriptCompilerTests_D[jvm] > declarationEmitUnknownImport_ts__target_es5__has expected errors matching baseline[jvm] FAILED

<test-failure test="com.xemantic.typescript.compiler.TypeScriptCompilerTests_D.declarationEmitUnknownImport2_ts__target_es5__has expected errors matching baseline" platform="jvm">
<message>
--- expected
+++ actual
@@ -1,22 +1,13 @@
 error TS5107: Option 'target=ES5' is deprecated and will stop functioning in TypeScript 7.0. Specify compilerOption '"ignoreDeprecations": "6.0"' to silence this error.
-declarationEmitUnknownImport2.ts(1,1): error TS2303: Circular definition of import alias 'Foo'.
-declarationEmitUnknownImport2.ts(1,12): error TS1005: '=' expected.
-declarationEmitUnknownImport2.ts(1,12): error TS2304: Cannot find name 'From'.
-declarationEmitUnknownImport2.ts(1,12): error TS2503: Cannot find namespace 'From'.
-declarationEmitUnknownImport2.ts(1,17): error TS1005: ';' expected.
+declarationEmitUnknownImport2.ts(1,12): error TS1005: 'FromKeyword' expected.
+declarationEmitUnknownImport2.ts(1,12): error TS2307: Cannot find module 'From' or its corresponding type declarations.
 
 
 !!! error TS5107: Option 'target=ES5' is deprecated and will stop functioning in TypeScript 7.0. Specify compilerOption '"ignoreDeprecations": "6.0"' to silence this error.
-==== declarationEmitUnknownImport2.ts (5 errors) ====
+==== declarationEmitUnknownImport2.ts (2 errors) ====
     import Foo From './Foo'; // Syntax error
-    ~~~~~~~~~~~~~~~
-!!! error TS2303: Circular definition of import alias 'Foo'.
                ~~~~
-!!! error TS1005: '=' expected.
-               ~~~~
-!!! error TS2304: Cannot find name 'From'.
-               ~~~~
-!!! error TS2503: Cannot find namespace 'From'.
-                    ~~~~~~~
-!!! error TS1005: ';' expected.
+!!! error TS1005: 'FromKeyword' expected.
+               ~~~~~~
+!!! error TS2307: Cannot find module 'From' or its corresponding type declarations.
     export default Foo

</message>
<stacktrace>
  at org.junit.Assert.fail(Assert.java:89)
  at kotlin.test.junit.JUnitAsserter.fail(JUnitSupport.kt:56)
  at kotlin.test.AssertionsKt__AssertionsKt.fail(Assertions.kt:563)
  at kotlin.test.AssertionsKt.fail(Unknown Source)
  at com.xemantic.kotlin.test.SameAsKt.sameAs(SameAs.kt:52)
  at com.xemantic.typescript.compiler.TypeScriptTestSupportKt.errorsMatchBaseline(TypeScriptTestSupport.kt:135)
  at com.xemantic.typescript.compiler.TypeScriptCompilerTests_D.declarationEmitUnknownImport2_ts__target_es5__has expected errors matching baseline(TypeScriptCompilerTests_D.kt:3150)
  at java.base/jdk.internal.reflect.DirectMethodHandleAccessor.invoke(DirectMethodHandleAccessor.java:104)
  at java.base/java.lang.reflect.Method.invoke(Method.java:565)
  at org.junit.runners.model.FrameworkMethod$1.runReflectiveCall(FrameworkMethod.java:59)
  at org.junit.internal.runners.model.ReflectiveCallable.run(ReflectiveCallable.java:12)
  at org.junit.runners.model.FrameworkMethod.invokeExplosively(FrameworkMethod.java:56)
  at org.junit.internal.runners.statements.InvokeMethod.evaluate(InvokeMethod.java:17)
  at org.junit.runners.ParentRunner$3.evaluate(ParentRunner.java:306)
  at org.junit.runners.BlockJUnit4ClassRunner$1.evaluate(BlockJUnit4ClassRunner.java:100)
  at org.junit.runners.ParentRunner.runLeaf(ParentRunner.java:366)
  at org.junit.runners.BlockJUnit4ClassRunner.runChild(BlockJUnit4ClassRunner.java:103)
  at org.junit.runners.BlockJUnit4ClassRunner.runChild(BlockJUnit4ClassRunner.java:63)
  at org.junit.runners.ParentRunner$4.run(ParentRunner.java:331)
  at org.junit.runners.ParentRunner$1.schedule(ParentRunner.java:79)
  at org.junit.runners.ParentRunner.runChildren(ParentRunner.java:329)
  at org.junit.runners.ParentRunner.access$100(ParentRunner.java:66)
  at org.junit.runners.ParentRunner$2.evaluate(ParentRunner.java:293)
  at org.junit.runners.ParentRunner$3.evaluate(ParentRunner.java:306)
  at org.junit.runners.ParentRunner.run(ParentRunner.java:413)
  at org.junit.runner.JUnitCore.run(JUnitCore.java:137)
  at org.junit.runner.JUnitCore.run(JUnitCore.java:115)
  at org.gradle.api.internal.tasks.testing.junit.JUnitTestExecutor.runRequest(JUnitTestExecutor.java:175)
  at org.gradle.api.internal.tasks.testing.junit.JUnitTestExecutor.accept(JUnitTestExecutor.java:84)
  at org.gradle.api.internal.tasks.testing.junit.JUnitTestExecutor.accept(JUnitTestExecutor.java:47)
  at org.gradle.api.internal.tasks.testing.junit.AbstractJUnitTestDefinitionProcessor.processTestDefinition(AbstractJUnitTestDefinitionProcessor.java:65)
  at org.gradle.api.internal.tasks.testing.SuiteTestDefinitionProcessor.processTestDefinition(SuiteTestDefinitionProcessor.java:54)
  at java.base/jdk.internal.reflect.DirectMethodHandleAccessor.invoke(DirectMethodHandleAccessor.java:104)
  at java.base/java.lang.reflect.Method.invoke(Method.java:565)
  at org.gradle.internal.dispatch.MethodInvocation.invokeOn(MethodInvocation.java:77)
  at org.gradle.internal.dispatch.ReflectionDispatch.dispatch(ReflectionDispatch.java:28)
  at org.gradle.internal.dispatch.ReflectionDispatch.dispatch(ReflectionDispatch.java:19)
  at org.gradle.internal.dispatch.ContextClassLoaderDispatch.dispatch(ContextClassLoaderDispatch.java:33)
  at org.gradle.internal.dispatch.ProxyDispatchAdapter$DispatchingInvocationHandler.invoke(ProxyDispatchAdapter.java:88)
  at jdk.proxy1/jdk.proxy1.$Proxy4.processTestDefinition(Unknown Source)
  at org.gradle.api.internal.tasks.testing.worker.TestWorker$2.run(TestWorker.java:178)
  at org.gradle.api.internal.tasks.testing.worker.TestWorker.executeAndMaintainThreadName(TestWorker.java:126)
  at org.gradle.api.internal.tasks.testing.worker.TestWorker.execute(TestWorker.java:103)
  at org.gradle.api.internal.tasks.testing.worker.TestWorker.execute(TestWorker.java:63)
  at org.gradle.process.internal.worker.child.ActionExecutionWorker.execute(ActionExecutionWorker.java:56)
  at org.gradle.process.internal.worker.child.SystemApplicationClassLoaderWorker.call(SystemApplicationClassLoaderWorker.java:122)
  at org.gradle.process.internal.worker.child.SystemApplicationClassLoaderWorker.call(SystemApplicationClassLoaderWorker.java:72)
  at worker.org.gradle.process.internal.worker.GradleWorkerMain.run(GradleWorkerMain.java:69)
  at worker.org.gradle.process.internal.worker.GradleWorkerMain.main(GradleWorkerMain.java:74)
</stacktrace>
</test-failure>


TypeScriptCompilerTests_D[jvm] > declarationEmitUnknownImport2_ts__target_es5__has expected errors matching baseline[jvm] FAILED

<test-failure test="com.xemantic.typescript.compiler.TypeScriptCompilerTests_D.destructionAssignmentError_ts has expected errors matching destructionAssignmentError_errors_txt" platform="jvm">
<message>
--- expected
+++ actual
@@ -1,7 +1,7 @@
 destructionAssignmentError.ts(6,3): error TS2695: Left side of comma operator is unused and has no side effects.
-destructionAssignmentError.ts(6,10): error TS2809: Declaration or statement expected. This '=' follows a block of statements, so if you intended to write a destructuring assignment, you might need to wrap the whole assignment in parentheses.
+destructionAssignmentError.ts(6,10): error TS1109: Expression expected.
 destructionAssignmentError.ts(11,3): error TS2695: Left side of comma operator is unused and has no side effects.
-destructionAssignmentError.ts(12,1): error TS2809: Declaration or statement expected. This '=' follows a block of statements, so if you intended to write a destructuring assignment, you might need to wrap the whole assignment in parentheses.
+destructionAssignmentError.ts(12,1): error TS1109: Expression expected.
 
 
 ==== destructionAssignmentError.ts (4 errors) ====
@@ -14,7 +14,7 @@
       ~
 !!! error TS2695: Left side of comma operator is unused and has no side effects.
              ~
-!!! error TS2809: Declaration or statement expected. This '=' follows a block of statements, so if you intended to write a destructuring assignment, you might need to wrap the whole assignment in parentheses.
+!!! error TS1109: Expression expected.
     
     ({ a, b } =
     fn());
@@ -24,4 +24,4 @@
 !!! error TS2695: Left side of comma operator is unused and has no side effects.
     = fn();
     ~
-!!! error TS2809: Declaration or statement expected. This '=' follows a block of statements, so if you intended to write a destructuring assignment, you might need to wrap the whole assignment in parentheses.
+!!! error TS1109: Expression expected.

</message>
<stacktrace>
  at org.junit.Assert.fail(Assert.java:89)
  at kotlin.test.junit.JUnitAsserter.fail(JUnitSupport.kt:56)
  at kotlin.test.AssertionsKt__AssertionsKt.fail(Assertions.kt:563)
  at kotlin.test.AssertionsKt.fail(Unknown Source)
  at com.xemantic.kotlin.test.SameAsKt.sameAs(SameAs.kt:52)
  at com.xemantic.typescript.compiler.TypeScriptTestSupportKt.errorsMatchBaseline(TypeScriptTestSupport.kt:135)
  at com.xemantic.typescript.compiler.TypeScriptCompilerTests_D.destructionAssignmentError_ts has expected errors matching destructionAssignmentError_errors_txt(TypeScriptCompilerTests_D.kt:4802)
  at java.base/jdk.internal.reflect.DirectMethodHandleAccessor.invoke(DirectMethodHandleAccessor.java:104)
  at java.base/java.lang.reflect.Method.invoke(Method.java:565)
  at org.junit.runners.model.FrameworkMethod$1.runReflectiveCall(FrameworkMethod.java:59)
  at org.junit.internal.runners.model.ReflectiveCallable.run(ReflectiveCallable.java:12)
  at org.junit.runners.model.FrameworkMethod.invokeExplosively(FrameworkMethod.java:56)
  at org.junit.internal.runners.statements.InvokeMethod.evaluate(InvokeMethod.java:17)
  at org.junit.runners.ParentRunner$3.evaluate(ParentRunner.java:306)
  at org.junit.runners.BlockJUnit4ClassRunner$1.evaluate(BlockJUnit4ClassRunner.java:100)
  at org.junit.runners.ParentRunner.runLeaf(ParentRunner.java:366)
  at org.junit.runners.BlockJUnit4ClassRunner.runChild(BlockJUnit4ClassRunner.java:103)
  at org.junit.runners.BlockJUnit4ClassRunner.runChild(BlockJUnit4ClassRunner.java:63)
  at org.junit.runners.ParentRunner$4.run(ParentRunner.java:331)
  at org.junit.runners.ParentRunner$1.schedule(ParentRunner.java:79)
  at org.junit.runners.ParentRunner.runChildren(ParentRunner.java:329)
  at org.junit.runners.ParentRunner.access$100(ParentRunner.java:66)
  at org.junit.runners.ParentRunner$2.evaluate(ParentRunner.java:293)
  at org.junit.runners.ParentRunner$3.evaluate(ParentRunner.java:306)
  at org.junit.runners.ParentRunner.run(ParentRunner.java:413)
  at org.junit.runner.JUnitCore.run(JUnitCore.java:137)
  at org.junit.runner.JUnitCore.run(JUnitCore.java:115)
  at org.gradle.api.internal.tasks.testing.junit.JUnitTestExecutor.runRequest(JUnitTestExecutor.java:175)
  at org.gradle.api.internal.tasks.testing.junit.JUnitTestExecutor.accept(JUnitTestExecutor.java:84)
  at org.gradle.api.internal.tasks.testing.junit.JUnitTestExecutor.accept(JUnitTestExecutor.java:47)
  at org.gradle.api.internal.tasks.testing.junit.AbstractJUnitTestDefinitionProcessor.processTestDefinition(AbstractJUnitTestDefinitionProcessor.java:65)
  at org.gradle.api.internal.tasks.testing.SuiteTestDefinitionProcessor.processTestDefinition(SuiteTestDefinitionProcessor.java:54)
  at java.base/jdk.internal.reflect.DirectMethodHandleAccessor.invoke(DirectMethodHandleAccessor.java:104)
  at java.base/java.lang.reflect.Method.invoke(Method.java:565)
  at org.gradle.internal.dispatch.MethodInvocation.invokeOn(MethodInvocation.java:77)
  at org.gradle.internal.dispatch.ReflectionDispatch.dispatch(ReflectionDispatch.java:28)
  at org.gradle.internal.dispatch.ReflectionDispatch.dispatch(ReflectionDispatch.java:19)
  at org.gradle.internal.dispatch.ContextClassLoaderDispatch.dispatch(ContextClassLoaderDispatch.java:33)
  at org.gradle.internal.dispatch.ProxyDispatchAdapter$DispatchingInvocationHandler.invoke(ProxyDispatchAdapter.java:88)
  at jdk.proxy1/jdk.proxy1.$Proxy4.processTestDefinition(Unknown Source)
  at org.gradle.api.internal.tasks.testing.worker.TestWorker$2.run(TestWorker.java:178)
  at org.gradle.api.internal.tasks.testing.worker.TestWorker.executeAndMaintainThreadName(TestWorker.java:126)
  at org.gradle.api.internal.tasks.testing.worker.TestWorker.execute(TestWorker.java:103)
  at org.gradle.api.internal.tasks.testing.worker.TestWorker.execute(TestWorker.java:63)
  at org.gradle.process.internal.worker.child.ActionExecutionWorker.execute(ActionExecutionWorker.java:56)
  at org.gradle.process.internal.worker.child.SystemApplicationClassLoaderWorker.call(SystemApplicationClassLoaderWorker.java:122)
  at org.gradle.process.internal.worker.child.SystemApplicationClassLoaderWorker.call(SystemApplicationClassLoaderWorker.java:72)
  at worker.org.gradle.process.internal.worker.GradleWorkerMain.run(GradleWorkerMain.java:69)
  at worker.org.gradle.process.internal.worker.GradleWorkerMain.main(GradleWorkerMain.java:74)
</stacktrace>
</test-failure>


TypeScriptCompilerTests_D[jvm] > destructionAssignmentError_ts has expected errors matching destructionAssignmentError_errors_txt[jvm] FAILED

<test-failure test="com.xemantic.typescript.compiler.TypeScriptCompilerTests_D.duplicateIdentifierRelatedSpans_moduleAugmentation_ts has expected errors matching duplicateIdentifierRelatedSpans_moduleAugmentation_errors_txt" platform="jvm">
<message>
Expected diagnostics from baseline typescript-repo/tests/baselines/reference/duplicateIdentifierRelatedSpans_moduleAugmentation.errors.txt but none produced
</message>
<stacktrace>
  at com.xemantic.typescript.compiler.TypeScriptTestSupportKt.errorsMatchBaseline(TypeScriptTestSupport.kt:125)
  at com.xemantic.typescript.compiler.TypeScriptCompilerTests_D.duplicateIdentifierRelatedSpans_moduleAugmentation_ts has expected errors matching duplicateIdentifierRelatedSpans_moduleAugmentation_errors_txt(TypeScriptCompilerTests_D.kt:6447)
  at java.base/jdk.internal.reflect.DirectMethodHandleAccessor.invoke(DirectMethodHandleAccessor.java:104)
  at java.base/java.lang.reflect.Method.invoke(Method.java:565)
  at org.junit.runners.model.FrameworkMethod$1.runReflectiveCall(FrameworkMethod.java:59)
  at org.junit.internal.runners.model.ReflectiveCallable.run(ReflectiveCallable.java:12)
  at org.junit.runners.model.FrameworkMethod.invokeExplosively(FrameworkMethod.java:56)
  at org.junit.internal.runners.statements.InvokeMethod.evaluate(InvokeMethod.java:17)
  at org.junit.runners.ParentRunner$3.evaluate(ParentRunner.java:306)
  at org.junit.runners.BlockJUnit4ClassRunner$1.evaluate(BlockJUnit4ClassRunner.java:100)
  at org.junit.runners.ParentRunner.runLeaf(ParentRunner.java:366)
  at org.junit.runners.BlockJUnit4ClassRunner.runChild(BlockJUnit4ClassRunner.java:103)
  at org.junit.runners.BlockJUnit4ClassRunner.runChild(BlockJUnit4ClassRunner.java:63)
  at org.junit.runners.ParentRunner$4.run(ParentRunner.java:331)
  at org.junit.runners.ParentRunner$1.schedule(ParentRunner.java:79)
  at org.junit.runners.ParentRunner.runChildren(ParentRunner.java:329)
  at org.junit.runners.ParentRunner.access$100(ParentRunner.java:66)
  at org.junit.runners.ParentRunner$2.evaluate(ParentRunner.java:293)
  at org.junit.runners.ParentRunner$3.evaluate(ParentRunner.java:306)
  at org.junit.runners.ParentRunner.run(ParentRunner.java:413)
  at org.junit.runner.JUnitCore.run(JUnitCore.java:137)
  at org.junit.runner.JUnitCore.run(JUnitCore.java:115)
  at org.gradle.api.internal.tasks.testing.junit.JUnitTestExecutor.runRequest(JUnitTestExecutor.java:175)
  at org.gradle.api.internal.tasks.testing.junit.JUnitTestExecutor.accept(JUnitTestExecutor.java:84)
  at org.gradle.api.internal.tasks.testing.junit.JUnitTestExecutor.accept(JUnitTestExecutor.java:47)
  at org.gradle.api.internal.tasks.testing.junit.AbstractJUnitTestDefinitionProcessor.processTestDefinition(AbstractJUnitTestDefinitionProcessor.java:65)
  at org.gradle.api.internal.tasks.testing.SuiteTestDefinitionProcessor.processTestDefinition(SuiteTestDefinitionProcessor.java:54)
  at java.base/jdk.internal.reflect.DirectMethodHandleAccessor.invoke(DirectMethodHandleAccessor.java:104)
  at java.base/java.lang.reflect.Method.invoke(Method.java:565)
  at org.gradle.internal.dispatch.MethodInvocation.invokeOn(MethodInvocation.java:77)
  at org.gradle.internal.dispatch.ReflectionDispatch.dispatch(ReflectionDispatch.java:28)
  at org.gradle.internal.dispatch.ReflectionDispatch.dispatch(ReflectionDispatch.java:19)
  at org.gradle.internal.dispatch.ContextClassLoaderDispatch.dispatch(ContextClassLoaderDispatch.java:33)
  at org.gradle.internal.dispatch.ProxyDispatchAdapter$DispatchingInvocationHandler.invoke(ProxyDispatchAdapter.java:88)
  at jdk.proxy1/jdk.proxy1.$Proxy4.processTestDefinition(Unknown Source)
  at org.gradle.api.internal.tasks.testing.worker.TestWorker$2.run(TestWorker.java:178)
  at org.gradle.api.internal.tasks.testing.worker.TestWorker.executeAndMaintainThreadName(TestWorker.java:126)
  at org.gradle.api.internal.tasks.testing.worker.TestWorker.execute(TestWorker.java:103)
  at org.gradle.api.internal.tasks.testing.worker.TestWorker.execute(TestWorker.java:63)
  at org.gradle.process.internal.worker.child.ActionExecutionWorker.execute(ActionExecutionWorker.java:56)
  at org.gradle.process.internal.worker.child.SystemApplicationClassLoaderWorker.call(SystemApplicationClassLoaderWorker.java:122)
  at org.gradle.process.internal.worker.child.SystemApplicationClassLoaderWorker.call(SystemApplicationClassLoaderWorker.java:72)
  at worker.org.gradle.process.internal.worker.GradleWorkerMain.run(GradleWorkerMain.java:69)
  at worker.org.gradle.process.internal.worker.GradleWorkerMain.main(GradleWorkerMain.java:74)
</stacktrace>
</test-failure>


TypeScriptCompilerTests_D[jvm] > duplicateIdentifierRelatedSpans_moduleAugmentation_ts has expected errors matching duplicateIdentifierRelatedSpans_moduleAugmentation_errors_txt[jvm] FAILED

<test-failure test="com.xemantic.typescript.compiler.TypeScriptCompilerTests_D.declarationEmitPrivatePromiseLikeInterface_ts has expected errors matching declarationEmitPrivatePromiseLikeInterface_errors_txt" platform="jvm">
<message>
Expected diagnostics from baseline typescript-repo/tests/baselines/reference/declarationEmitPrivatePromiseLikeInterface.errors.txt but none produced
</message>
<stacktrace>
  at com.xemantic.typescript.compiler.TypeScriptTestSupportKt.errorsMatchBaseline(TypeScriptTestSupport.kt:125)
  at com.xemantic.typescript.compiler.TypeScriptCompilerTests_D.declarationEmitPrivatePromiseLikeInterface_ts has expected errors matching declarationEmitPrivatePromiseLikeInterface_errors_txt(TypeScriptCompilerTests_D.kt:2716)
  at java.base/jdk.internal.reflect.DirectMethodHandleAccessor.invoke(DirectMethodHandleAccessor.java:104)
  at java.base/java.lang.reflect.Method.invoke(Method.java:565)
  at org.junit.runners.model.FrameworkMethod$1.runReflectiveCall(FrameworkMethod.java:59)
  at org.junit.internal.runners.model.ReflectiveCallable.run(ReflectiveCallable.java:12)
  at org.junit.runners.model.FrameworkMethod.invokeExplosively(FrameworkMethod.java:56)
  at org.junit.internal.runners.statements.InvokeMethod.evaluate(InvokeMethod.java:17)
  at org.junit.runners.ParentRunner$3.evaluate(ParentRunner.java:306)
  at org.junit.runners.BlockJUnit4ClassRunner$1.evaluate(BlockJUnit4ClassRunner.java:100)
  at org.junit.runners.ParentRunner.runLeaf(ParentRunner.java:366)
  at org.junit.runners.BlockJUnit4ClassRunner.runChild(BlockJUnit4ClassRunner.java:103)
  at org.junit.runners.BlockJUnit4ClassRunner.runChild(BlockJUnit4ClassRunner.java:63)
  at org.junit.runners.ParentRunner$4.run(ParentRunner.java:331)
  at org.junit.runners.ParentRunner$1.schedule(ParentRunner.java:79)
  at org.junit.runners.ParentRunner.runChildren(ParentRunner.java:329)
  at org.junit.runners.ParentRunner.access$100(ParentRunner.java:66)
  at org.junit.runners.ParentRunner$2.evaluate(ParentRunner.java:293)
  at org.junit.runners.ParentRunner$3.evaluate(ParentRunner.java:306)
  at org.junit.runners.ParentRunner.run(ParentRunner.java:413)
  at org.junit.runner.JUnitCore.run(JUnitCore.java:137)
  at org.junit.runner.JUnitCore.run(JUnitCore.java:115)
  at org.gradle.api.internal.tasks.testing.junit.JUnitTestExecutor.runRequest(JUnitTestExecutor.java:175)
  at org.gradle.api.internal.tasks.testing.junit.JUnitTestExecutor.accept(JUnitTestExecutor.java:84)
  at org.gradle.api.internal.tasks.testing.junit.JUnitTestExecutor.accept(JUnitTestExecutor.java:47)
  at org.gradle.api.internal.tasks.testing.junit.AbstractJUnitTestDefinitionProcessor.processTestDefinition(AbstractJUnitTestDefinitionProcessor.java:65)
  at org.gradle.api.internal.tasks.testing.SuiteTestDefinitionProcessor.processTestDefinition(SuiteTestDefinitionProcessor.java:54)
  at java.base/jdk.internal.reflect.DirectMethodHandleAccessor.invoke(DirectMethodHandleAccessor.java:104)
  at java.base/java.lang.reflect.Method.invoke(Method.java:565)
  at org.gradle.internal.dispatch.MethodInvocation.invokeOn(MethodInvocation.java:77)
  at org.gradle.internal.dispatch.ReflectionDispatch.dispatch(ReflectionDispatch.java:28)
  at org.gradle.internal.dispatch.ReflectionDispatch.dispatch(ReflectionDispatch.java:19)
  at org.gradle.internal.dispatch.ContextClassLoaderDispatch.dispatch(ContextClassLoaderDispatch.java:33)
  at org.gradle.internal.dispatch.ProxyDispatchAdapter$DispatchingInvocationHandler.invoke(ProxyDispatchAdapter.java:88)
  at jdk.proxy1/jdk.proxy1.$Proxy4.processTestDefinition(Unknown Source)
  at org.gradle.api.internal.tasks.testing.worker.TestWorker$2.run(TestWorker.java:178)
  at org.gradle.api.internal.tasks.testing.worker.TestWorker.executeAndMaintainThreadName(TestWorker.java:126)
  at org.gradle.api.internal.tasks.testing.worker.TestWorker.execute(TestWorker.java:103)
  at org.gradle.api.internal.tasks.testing.worker.TestWorker.execute(TestWorker.java:63)
  at org.gradle.process.internal.worker.child.ActionExecutionWorker.execute(ActionExecutionWorker.java:56)
  at org.gradle.process.internal.worker.child.SystemApplicationClassLoaderWorker.call(SystemApplicationClassLoaderWorker.java:122)
  at org.gradle.process.internal.worker.child.SystemApplicationClassLoaderWorker.call(SystemApplicationClassLoaderWorker.java:72)
  at worker.org.gradle.process.internal.worker.GradleWorkerMain.run(GradleWorkerMain.java:69)
  at worker.org.gradle.process.internal.worker.GradleWorkerMain.main(GradleWorkerMain.java:74)
</stacktrace>
</test-failure>


TypeScriptCompilerTests_D[jvm] > declarationEmitPrivatePromiseLikeInterface_ts has expected errors matching declarationEmitPrivatePromiseLikeInterface_errors_txt[jvm] FAILED

<test-failure test="com.xemantic.typescript.compiler.TypeScriptCompilerTests_D.dontShowCompilerGeneratedMembers_ts compiles to JavaScript matching dontShowCompilerGeneratedMembers_js" platform="jvm">
<message>
--- expected
+++ actual
@@ -9,5 +9,3 @@
 //// [dontShowCompilerGeneratedMembers.js]
 "use strict";
 var f;
--;
-;

</message>
<stacktrace>
  at org.junit.Assert.fail(Assert.java:89)
  at kotlin.test.junit.JUnitAsserter.fail(JUnitSupport.kt:56)
  at kotlin.test.AssertionsKt__AssertionsKt.fail(Assertions.kt:563)
  at kotlin.test.AssertionsKt.fail(Unknown Source)
  at com.xemantic.kotlin.test.SameAsKt.sameAs(SameAs.kt:52)
  at com.xemantic.typescript.compiler.TypeScriptTestSupportKt.sameAs(TypeScriptTestSupport.kt:99)
  at com.xemantic.typescript.compiler.TypeScriptCompilerTests_D.dontShowCompilerGeneratedMembers_ts compiles to JavaScript matching dontShowCompilerGeneratedMembers_js(TypeScriptCompilerTests_D.kt:5768)
  at java.base/jdk.internal.reflect.DirectMethodHandleAccessor.invoke(DirectMethodHandleAccessor.java:104)
  at java.base/java.lang.reflect.Method.invoke(Method.java:565)
  at org.junit.runners.model.FrameworkMethod$1.runReflectiveCall(FrameworkMethod.java:59)
  at org.junit.internal.runners.model.ReflectiveCallable.run(ReflectiveCallable.java:12)
  at org.junit.runners.model.FrameworkMethod.invokeExplosively(FrameworkMethod.java:56)
  at org.junit.internal.runners.statements.InvokeMethod.evaluate(InvokeMethod.java:17)
  at org.junit.runners.ParentRunner$3.evaluate(ParentRunner.java:306)
  at org.junit.runners.BlockJUnit4ClassRunner$1.evaluate(BlockJUnit4ClassRunner.java:100)
  at org.junit.runners.ParentRunner.runLeaf(ParentRunner.java:366)
  at org.junit.runners.BlockJUnit4ClassRunner.runChild(BlockJUnit4ClassRunner.java:103)
  at org.junit.runners.BlockJUnit4ClassRunner.runChild(BlockJUnit4ClassRunner.java:63)
  at org.junit.runners.ParentRunner$4.run(ParentRunner.java:331)
  at org.junit.runners.ParentRunner$1.schedule(ParentRunner.java:79)
  at org.junit.runners.ParentRunner.runChildren(ParentRunner.java:329)
  at org.junit.runners.ParentRunner.access$100(ParentRunner.java:66)
  at org.junit.runners.ParentRunner$2.evaluate(ParentRunner.java:293)
  at org.junit.runners.ParentRunner$3.evaluate(ParentRunner.java:306)
  at org.junit.runners.ParentRunner.run(ParentRunner.java:413)
  at org.junit.runner.JUnitCore.run(JUnitCore.java:137)
  at org.junit.runner.JUnitCore.run(JUnitCore.java:115)
  at org.gradle.api.internal.tasks.testing.junit.JUnitTestExecutor.runRequest(JUnitTestExecutor.java:175)
  at org.gradle.api.internal.tasks.testing.junit.JUnitTestExecutor.accept(JUnitTestExecutor.java:84)
  at org.gradle.api.internal.tasks.testing.junit.JUnitTestExecutor.accept(JUnitTestExecutor.java:47)
  at org.gradle.api.internal.tasks.testing.junit.AbstractJUnitTestDefinitionProcessor.processTestDefinition(AbstractJUnitTestDefinitionProcessor.java:65)
  at org.gradle.api.internal.tasks.testing.SuiteTestDefinitionProcessor.processTestDefinition(SuiteTestDefinitionProcessor.java:54)
  at java.base/jdk.internal.reflect.DirectMethodHandleAccessor.invoke(DirectMethodHandleAccessor.java:104)
  at java.base/java.lang.reflect.Method.invoke(Method.java:565)
  at org.gradle.internal.dispatch.MethodInvocation.invokeOn(MethodInvocation.java:77)
  at org.gradle.internal.dispatch.ReflectionDispatch.dispatch(ReflectionDispatch.java:28)
  at org.gradle.internal.dispatch.ReflectionDispatch.dispatch(ReflectionDispatch.java:19)
  at org.gradle.internal.dispatch.ContextClassLoaderDispatch.dispatch(ContextClassLoaderDispatch.java:33)
  at org.gradle.internal.dispatch.ProxyDispatchAdapter$DispatchingInvocationHandler.invoke(ProxyDispatchAdapter.java:88)
  at jdk.proxy1/jdk.proxy1.$Proxy4.processTestDefinition(Unknown Source)
  at org.gradle.api.internal.tasks.testing.worker.TestWorker$2.run(TestWorker.java:178)
  at org.gradle.api.internal.tasks.testing.worker.TestWorker.executeAndMaintainThreadName(TestWorker.java:126)
  at org.gradle.api.internal.tasks.testing.worker.TestWorker.execute(TestWorker.java:103)
  at org.gradle.api.internal.tasks.testing.worker.TestWorker.execute(TestWorker.java:63)
  at org.gradle.process.internal.worker.child.ActionExecutionWorker.execute(ActionExecutionWorker.java:56)
  at org.gradle.process.internal.worker.child.SystemApplicationClassLoaderWorker.call(SystemApplicationClassLoaderWorker.java:122)
  at org.gradle.process.internal.worker.child.SystemApplicationClassLoaderWorker.call(SystemApplicationClassLoaderWorker.java:72)
  at worker.org.gradle.process.internal.worker.GradleWorkerMain.run(GradleWorkerMain.java:69)
  at worker.org.gradle.process.internal.worker.GradleWorkerMain.main(GradleWorkerMain.java:74)
</stacktrace>
</test-failure>


TypeScriptCompilerTests_D[jvm] > dontShowCompilerGeneratedMembers_ts compiles to JavaScript matching dontShowCompilerGeneratedMembers_js[jvm] FAILED

<test-failure test="com.xemantic.typescript.compiler.TypeScriptCompilerTests_D.declarationMapsOutFile_ts compiles to JavaScript matching declarationMapsOutFile_js" platform="jvm">
<message>
--- expected
+++ actual
@@ -38,9 +38,9 @@
     "use strict";
     Object.defineProperty(exports, "__esModule", { value: true });
     exports.Foo = exports.c = exports.x = void 0;
-    Object.defineProperty(exports, "Foo", { enumerable: true, get: function () { return a_1.Foo; } });
     const c = new a_1.Foo();
-    exports.c = c;
     c.doThing({ a: 42 });
     exports.x = c.doThing({ a: 12 });
+    exports.c = c;
+    exports.Foo = a_1.Foo;
 });

</message>
<stacktrace>
  at org.junit.Assert.fail(Assert.java:89)
  at kotlin.test.junit.JUnitAsserter.fail(JUnitSupport.kt:56)
  at kotlin.test.AssertionsKt__AssertionsKt.fail(Assertions.kt:563)
  at kotlin.test.AssertionsKt.fail(Unknown Source)
  at com.xemantic.kotlin.test.SameAsKt.sameAs(SameAs.kt:52)
  at com.xemantic.typescript.compiler.TypeScriptTestSupportKt.sameAs(TypeScriptTestSupport.kt:99)
  at com.xemantic.typescript.compiler.TypeScriptCompilerTests_D.declarationMapsOutFile_ts compiles to JavaScript matching declarationMapsOutFile_js(TypeScriptCompilerTests_D.kt:3423)
  at java.base/jdk.internal.reflect.DirectMethodHandleAccessor.invoke(DirectMethodHandleAccessor.java:104)
  at java.base/java.lang.reflect.Method.invoke(Method.java:565)
  at org.junit.runners.model.FrameworkMethod$1.runReflectiveCall(FrameworkMethod.java:59)
  at org.junit.internal.runners.model.ReflectiveCallable.run(ReflectiveCallable.java:12)
  at org.junit.runners.model.FrameworkMethod.invokeExplosively(FrameworkMethod.java:56)
  at org.junit.internal.runners.statements.InvokeMethod.evaluate(InvokeMethod.java:17)
  at org.junit.runners.ParentRunner$3.evaluate(ParentRunner.java:306)
  at org.junit.runners.BlockJUnit4ClassRunner$1.evaluate(BlockJUnit4ClassRunner.java:100)
  at org.junit.runners.ParentRunner.runLeaf(ParentRunner.java:366)
  at org.junit.runners.BlockJUnit4ClassRunner.runChild(BlockJUnit4ClassRunner.java:103)
  at org.junit.runners.BlockJUnit4ClassRunner.runChild(BlockJUnit4ClassRunner.java:63)
  at org.junit.runners.ParentRunner$4.run(ParentRunner.java:331)
  at org.junit.runners.ParentRunner$1.schedule(ParentRunner.java:79)
  at org.junit.runners.ParentRunner.runChildren(ParentRunner.java:329)
  at org.junit.runners.ParentRunner.access$100(ParentRunner.java:66)
  at org.junit.runners.ParentRunner$2.evaluate(ParentRunner.java:293)
  at org.junit.runners.ParentRunner$3.evaluate(ParentRunner.java:306)
  at org.junit.runners.ParentRunner.run(ParentRunner.java:413)
  at org.junit.runner.JUnitCore.run(JUnitCore.java:137)
  at org.junit.runner.JUnitCore.run(JUnitCore.java:115)
  at org.gradle.api.internal.tasks.testing.junit.JUnitTestExecutor.runRequest(JUnitTestExecutor.java:175)
  at org.gradle.api.internal.tasks.testing.junit.JUnitTestExecutor.accept(JUnitTestExecutor.java:84)
  at org.gradle.api.internal.tasks.testing.junit.JUnitTestExecutor.accept(JUnitTestExecutor.java:47)
  at org.gradle.api.internal.tasks.testing.junit.AbstractJUnitTestDefinitionProcessor.processTestDefinition(AbstractJUnitTestDefinitionProcessor.java:65)
  at org.gradle.api.internal.tasks.testing.SuiteTestDefinitionProcessor.processTestDefinition(SuiteTestDefinitionProcessor.java:54)
  at java.base/jdk.internal.reflect.DirectMethodHandleAccessor.invoke(DirectMethodHandleAccessor.java:104)
  at java.base/java.lang.reflect.Method.invoke(Method.java:565)
  at org.gradle.internal.dispatch.MethodInvocation.invokeOn(MethodInvocation.java:77)
  at org.gradle.internal.dispatch.ReflectionDispatch.dispatch(ReflectionDispatch.java:28)
  at org.gradle.internal.dispatch.ReflectionDispatch.dispatch(ReflectionDispatch.java:19)
  at org.gradle.internal.dispatch.ContextClassLoaderDispatch.dispatch(ContextClassLoaderDispatch.java:33)
  at org.gradle.internal.dispatch.ProxyDispatchAdapter$DispatchingInvocationHandler.invoke(ProxyDispatchAdapter.java:88)
  at jdk.proxy1/jdk.proxy1.$Proxy4.processTestDefinition(Unknown Source)
  at org.gradle.api.internal.tasks.testing.worker.TestWorker$2.run(TestWorker.java:178)
  at org.gradle.api.internal.tasks.testing.worker.TestWorker.executeAndMaintainThreadName(TestWorker.java:126)
  at org.gradle.api.internal.tasks.testing.worker.TestWorker.execute(TestWorker.java:103)
  at org.gradle.api.internal.tasks.testing.worker.TestWorker.execute(TestWorker.java:63)
  at org.gradle.process.internal.worker.child.ActionExecutionWorker.execute(ActionExecutionWorker.java:56)
  at org.gradle.process.internal.worker.child.SystemApplicationClassLoaderWorker.call(SystemApplicationClassLoaderWorker.java:122)
  at org.gradle.process.internal.worker.child.SystemApplicationClassLoaderWorker.call(SystemApplicationClassLoaderWorker.java:72)
  at worker.org.gradle.process.internal.worker.GradleWorkerMain.run(GradleWorkerMain.java:69)
  at worker.org.gradle.process.internal.worker.GradleWorkerMain.main(GradleWorkerMain.java:74)
</stacktrace>
</test-failure>


TypeScriptCompilerTests_D[jvm] > declarationMapsOutFile_ts compiles to JavaScript matching declarationMapsOutFile_js[jvm] FAILED

<test-failure test="com.xemantic.typescript.compiler.TypeScriptCompilerTests_D.declFileWithErrorsInInputDeclarationFile_ts has expected errors matching declFileWithErrorsInInputDeclarationFile_errors_txt" platform="jvm">
<message>
Expected diagnostics from baseline typescript-repo/tests/baselines/reference/declFileWithErrorsInInputDeclarationFile.errors.txt but none produced
</message>
<stacktrace>
  at com.xemantic.typescript.compiler.TypeScriptTestSupportKt.errorsMatchBaseline(TypeScriptTestSupport.kt:125)
  at com.xemantic.typescript.compiler.TypeScriptCompilerTests_D.declFileWithErrorsInInputDeclarationFile_ts has expected errors matching declFileWithErrorsInInputDeclarationFile_errors_txt(TypeScriptCompilerTests_D.kt:833)
  at java.base/jdk.internal.reflect.DirectMethodHandleAccessor.invoke(DirectMethodHandleAccessor.java:104)
  at java.base/java.lang.reflect.Method.invoke(Method.java:565)
  at org.junit.runners.model.FrameworkMethod$1.runReflectiveCall(FrameworkMethod.java:59)
  at org.junit.internal.runners.model.ReflectiveCallable.run(ReflectiveCallable.java:12)
  at org.junit.runners.model.FrameworkMethod.invokeExplosively(FrameworkMethod.java:56)
  at org.junit.internal.runners.statements.InvokeMethod.evaluate(InvokeMethod.java:17)
  at org.junit.runners.ParentRunner$3.evaluate(ParentRunner.java:306)
  at org.junit.runners.BlockJUnit4ClassRunner$1.evaluate(BlockJUnit4ClassRunner.java:100)
  at org.junit.runners.ParentRunner.runLeaf(ParentRunner.java:366)
  at org.junit.runners.BlockJUnit4ClassRunner.runChild(BlockJUnit4ClassRunner.java:103)
  at org.junit.runners.BlockJUnit4ClassRunner.runChild(BlockJUnit4ClassRunner.java:63)
  at org.junit.runners.ParentRunner$4.run(ParentRunner.java:331)
  at org.junit.runners.ParentRunner$1.schedule(ParentRunner.java:79)
  at org.junit.runners.ParentRunner.runChildren(ParentRunner.java:329)
  at org.junit.runners.ParentRunner.access$100(ParentRunner.java:66)
  at org.junit.runners.ParentRunner$2.evaluate(ParentRunner.java:293)
  at org.junit.runners.ParentRunner$3.evaluate(ParentRunner.java:306)
  at org.junit.runners.ParentRunner.run(ParentRunner.java:413)
  at org.junit.runner.JUnitCore.run(JUnitCore.java:137)
  at org.junit.runner.JUnitCore.run(JUnitCore.java:115)
  at org.gradle.api.internal.tasks.testing.junit.JUnitTestExecutor.runRequest(JUnitTestExecutor.java:175)
  at org.gradle.api.internal.tasks.testing.junit.JUnitTestExecutor.accept(JUnitTestExecutor.java:84)
  at org.gradle.api.internal.tasks.testing.junit.JUnitTestExecutor.accept(JUnitTestExecutor.java:47)
  at org.gradle.api.internal.tasks.testing.junit.AbstractJUnitTestDefinitionProcessor.processTestDefinition(AbstractJUnitTestDefinitionProcessor.java:65)
  at org.gradle.api.internal.tasks.testing.SuiteTestDefinitionProcessor.processTestDefinition(SuiteTestDefinitionProcessor.java:54)
  at java.base/jdk.internal.reflect.DirectMethodHandleAccessor.invoke(DirectMethodHandleAccessor.java:104)
  at java.base/java.lang.reflect.Method.invoke(Method.java:565)
  at org.gradle.internal.dispatch.MethodInvocation.invokeOn(MethodInvocation.java:77)
  at org.gradle.internal.dispatch.ReflectionDispatch.dispatch(ReflectionDispatch.java:28)
  at org.gradle.internal.dispatch.ReflectionDispatch.dispatch(ReflectionDispatch.java:19)
  at org.gradle.internal.dispatch.ContextClassLoaderDispatch.dispatch(ContextClassLoaderDispatch.java:33)
  at org.gradle.internal.dispatch.ProxyDispatchAdapter$DispatchingInvocationHandler.invoke(ProxyDispatchAdapter.java:88)
  at jdk.proxy1/jdk.proxy1.$Proxy4.processTestDefinition(Unknown Source)
  at org.gradle.api.internal.tasks.testing.worker.TestWorker$2.run(TestWorker.java:178)
  at org.gradle.api.internal.tasks.testing.worker.TestWorker.executeAndMaintainThreadName(TestWorker.java:126)
  at org.gradle.api.internal.tasks.testing.worker.TestWorker.execute(TestWorker.java:103)
  at org.gradle.api.internal.tasks.testing.worker.TestWorker.execute(TestWorker.java:63)
  at org.gradle.process.internal.worker.child.ActionExecutionWorker.execute(ActionExecutionWorker.java:56)
  at org.gradle.process.internal.worker.child.SystemApplicationClassLoaderWorker.call(SystemApplicationClassLoaderWorker.java:122)
  at org.gradle.process.internal.worker.child.SystemApplicationClassLoaderWorker.call(SystemApplicationClassLoaderWorker.java:72)
  at worker.org.gradle.process.internal.worker.GradleWorkerMain.run(GradleWorkerMain.java:69)
  at worker.org.gradle.process.internal.worker.GradleWorkerMain.main(GradleWorkerMain.java:74)
</stacktrace>
</test-failure>


TypeScriptCompilerTests_D[jvm] > declFileWithErrorsInInputDeclarationFile_ts has expected errors matching declFileWithErrorsInInputDeclarationFile_errors_txt[jvm] FAILED

<test-failure test="com.xemantic.typescript.compiler.TypeScriptCompilerTests_D.decoratorMetadataWithImportDeclarationNameCollision4_ts__target_es2015__has expected errors matching baseline" platform="jvm">
<message>
Expected diagnostics from baseline typescript-repo/tests/baselines/reference/decoratorMetadataWithImportDeclarationNameCollision4(target=es2015).errors.txt but none produced
</message>
<stacktrace>
  at com.xemantic.typescript.compiler.TypeScriptTestSupportKt.errorsMatchBaseline(TypeScriptTestSupport.kt:125)
  at com.xemantic.typescript.compiler.TypeScriptCompilerTests_D.decoratorMetadataWithImportDeclarationNameCollision4_ts__target_es2015__has expected errors matching baseline(TypeScriptCompilerTests_D.kt:3920)
  at java.base/jdk.internal.reflect.DirectMethodHandleAccessor.invoke(DirectMethodHandleAccessor.java:104)
  at java.base/java.lang.reflect.Method.invoke(Method.java:565)
  at org.junit.runners.model.FrameworkMethod$1.runReflectiveCall(FrameworkMethod.java:59)
  at org.junit.internal.runners.model.ReflectiveCallable.run(ReflectiveCallable.java:12)
  at org.junit.runners.model.FrameworkMethod.invokeExplosively(FrameworkMethod.java:56)
  at org.junit.internal.runners.statements.InvokeMethod.evaluate(InvokeMethod.java:17)
  at org.junit.runners.ParentRunner$3.evaluate(ParentRunner.java:306)
  at org.junit.runners.BlockJUnit4ClassRunner$1.evaluate(BlockJUnit4ClassRunner.java:100)
  at org.junit.runners.ParentRunner.runLeaf(ParentRunner.java:366)
  at org.junit.runners.BlockJUnit4ClassRunner.runChild(BlockJUnit4ClassRunner.java:103)
  at org.junit.runners.BlockJUnit4ClassRunner.runChild(BlockJUnit4ClassRunner.java:63)
  at org.junit.runners.ParentRunner$4.run(ParentRunner.java:331)
  at org.junit.runners.ParentRunner$1.schedule(ParentRunner.java:79)
  at org.junit.runners.ParentRunner.runChildren(ParentRunner.java:329)
  at org.junit.runners.ParentRunner.access$100(ParentRunner.java:66)
  at org.junit.runners.ParentRunner$2.evaluate(ParentRunner.java:293)
  at org.junit.runners.ParentRunner$3.evaluate(ParentRunner.java:306)
  at org.junit.runners.ParentRunner.run(ParentRunner.java:413)
  at org.junit.runner.JUnitCore.run(JUnitCore.java:137)
  at org.junit.runner.JUnitCore.run(JUnitCore.java:115)
  at org.gradle.api.internal.tasks.testing.junit.JUnitTestExecutor.runRequest(JUnitTestExecutor.java:175)
  at org.gradle.api.internal.tasks.testing.junit.JUnitTestExecutor.accept(JUnitTestExecutor.java:84)
  at org.gradle.api.internal.tasks.testing.junit.JUnitTestExecutor.accept(JUnitTestExecutor.java:47)
  at org.gradle.api.internal.tasks.testing.junit.AbstractJUnitTestDefinitionProcessor.processTestDefinition(AbstractJUnitTestDefinitionProcessor.java:65)
  at org.gradle.api.internal.tasks.testing.SuiteTestDefinitionProcessor.processTestDefinition(SuiteTestDefinitionProcessor.java:54)
  at java.base/jdk.internal.reflect.DirectMethodHandleAccessor.invoke(DirectMethodHandleAccessor.java:104)
  at java.base/java.lang.reflect.Method.invoke(Method.java:565)
  at org.gradle.internal.dispatch.MethodInvocation.invokeOn(MethodInvocation.java:77)
  at org.gradle.internal.dispatch.ReflectionDispatch.dispatch(ReflectionDispatch.java:28)
  at org.gradle.internal.dispatch.ReflectionDispatch.dispatch(ReflectionDispatch.java:19)
  at org.gradle.internal.dispatch.ContextClassLoaderDispatch.dispatch(ContextClassLoaderDispatch.java:33)
  at org.gradle.internal.dispatch.ProxyDispatchAdapter$DispatchingInvocationHandler.invoke(ProxyDispatchAdapter.java:88)
  at jdk.proxy1/jdk.proxy1.$Proxy4.processTestDefinition(Unknown Source)
  at org.gradle.api.internal.tasks.testing.worker.TestWorker$2.run(TestWorker.java:178)
  at org.gradle.api.internal.tasks.testing.worker.TestWorker.executeAndMaintainThreadName(TestWorker.java:126)
  at org.gradle.api.internal.tasks.testing.worker.TestWorker.execute(TestWorker.java:103)
  at org.gradle.api.internal.tasks.testing.worker.TestWorker.execute(TestWorker.java:63)
  at org.gradle.process.internal.worker.child.ActionExecutionWorker.execute(ActionExecutionWorker.java:56)
  at org.gradle.process.internal.worker.child.SystemApplicationClassLoaderWorker.call(SystemApplicationClassLoaderWorker.java:122)
  at org.gradle.process.internal.worker.child.SystemApplicationClassLoaderWorker.call(SystemApplicationClassLoaderWorker.java:72)
  at worker.org.gradle.process.internal.worker.GradleWorkerMain.run(GradleWorkerMain.java:69)
  at worker.org.gradle.process.internal.worker.GradleWorkerMain.main(GradleWorkerMain.java:74)
</stacktrace>
</test-failure>


TypeScriptCompilerTests_D[jvm] > decoratorMetadataWithImportDeclarationNameCollision4_ts__target_es2015__has expected errors matching baseline[jvm] FAILED

<test-failure test="com.xemantic.typescript.compiler.TypeScriptCompilerTests_D.declarationEmitIndexTypeNotFound_ts has expected errors matching declarationEmitIndexTypeNotFound_errors_txt" platform="jvm">
<message>
--- expected
+++ actual
@@ -1,12 +1,9 @@
-declarationEmitIndexTypeNotFound.ts(2,6): error TS1268: An index signature parameter type must be 'string', 'number', 'symbol', or a template literal type.
 declarationEmitIndexTypeNotFound.ts(2,13): error TS2304: Cannot find name 'TypeNotFound'.
 
 
-==== declarationEmitIndexTypeNotFound.ts (2 errors) ====
+==== declarationEmitIndexTypeNotFound.ts (1 errors) ====
     export interface Test {
         [index: TypeNotFound]: any;
-         ~~~~~
-!!! error TS1268: An index signature parameter type must be 'string', 'number', 'symbol', or a template literal type.
                 ~~~~~~~~~~~~
 !!! error TS2304: Cannot find name 'TypeNotFound'.
     }

</message>
<stacktrace>
  at org.junit.Assert.fail(Assert.java:89)
  at kotlin.test.junit.JUnitAsserter.fail(JUnitSupport.kt:56)
  at kotlin.test.AssertionsKt__AssertionsKt.fail(Assertions.kt:563)
  at kotlin.test.AssertionsKt.fail(Unknown Source)
  at com.xemantic.kotlin.test.SameAsKt.sameAs(SameAs.kt:52)
  at com.xemantic.typescript.compiler.TypeScriptTestSupportKt.errorsMatchBaseline(TypeScriptTestSupport.kt:135)
  at com.xemantic.typescript.compiler.TypeScriptCompilerTests_D.declarationEmitIndexTypeNotFound_ts has expected errors matching declarationEmitIndexTypeNotFound_errors_txt(TypeScriptCompilerTests_D.kt:2002)
  at java.base/jdk.internal.reflect.DirectMethodHandleAccessor.invoke(DirectMethodHandleAccessor.java:104)
  at java.base/java.lang.reflect.Method.invoke(Method.java:565)
  at org.junit.runners.model.FrameworkMethod$1.runReflectiveCall(FrameworkMethod.java:59)
  at org.junit.internal.runners.model.ReflectiveCallable.run(ReflectiveCallable.java:12)
  at org.junit.runners.model.FrameworkMethod.invokeExplosively(FrameworkMethod.java:56)
  at org.junit.internal.runners.statements.InvokeMethod.evaluate(InvokeMethod.java:17)
  at org.junit.runners.ParentRunner$3.evaluate(ParentRunner.java:306)
  at org.junit.runners.BlockJUnit4ClassRunner$1.evaluate(BlockJUnit4ClassRunner.java:100)
  at org.junit.runners.ParentRunner.runLeaf(ParentRunner.java:366)
  at org.junit.runners.BlockJUnit4ClassRunner.runChild(BlockJUnit4ClassRunner.java:103)
  at org.junit.runners.BlockJUnit4ClassRunner.runChild(BlockJUnit4ClassRunner.java:63)
  at org.junit.runners.ParentRunner$4.run(ParentRunner.java:331)
  at org.junit.runners.ParentRunner$1.schedule(ParentRunner.java:79)
  at org.junit.runners.ParentRunner.runChildren(ParentRunner.java:329)
  at org.junit.runners.ParentRunner.access$100(ParentRunner.java:66)
  at org.junit.runners.ParentRunner$2.evaluate(ParentRunner.java:293)
  at org.junit.runners.ParentRunner$3.evaluate(ParentRunner.java:306)
  at org.junit.runners.ParentRunner.run(ParentRunner.java:413)
  at org.junit.runner.JUnitCore.run(JUnitCore.java:137)
  at org.junit.runner.JUnitCore.run(JUnitCore.java:115)
  at org.gradle.api.internal.tasks.testing.junit.JUnitTestExecutor.runRequest(JUnitTestExecutor.java:175)
  at org.gradle.api.internal.tasks.testing.junit.JUnitTestExecutor.accept(JUnitTestExecutor.java:84)
  at org.gradle.api.internal.tasks.testing.junit.JUnitTestExecutor.accept(JUnitTestExecutor.java:47)
  at org.gradle.api.internal.tasks.testing.junit.AbstractJUnitTestDefinitionProcessor.processTestDefinition(AbstractJUnitTestDefinitionProcessor.java:65)
  at org.gradle.api.internal.tasks.testing.SuiteTestDefinitionProcessor.processTestDefinition(SuiteTestDefinitionProcessor.java:54)
  at java.base/jdk.internal.reflect.DirectMethodHandleAccessor.invoke(DirectMethodHandleAccessor.java:104)
  at java.base/java.lang.reflect.Method.invoke(Method.java:565)
  at org.gradle.internal.dispatch.MethodInvocation.invokeOn(MethodInvocation.java:77)
  at org.gradle.internal.dispatch.ReflectionDispatch.dispatch(ReflectionDispatch.java:28)
  at org.gradle.internal.dispatch.ReflectionDispatch.dispatch(ReflectionDispatch.java:19)
  at org.gradle.internal.dispatch.ContextClassLoaderDispatch.dispatch(ContextClassLoaderDispatch.java:33)
  at org.gradle.internal.dispatch.ProxyDispatchAdapter$DispatchingInvocationHandler.invoke(ProxyDispatchAdapter.java:88)
  at jdk.proxy1/jdk.proxy1.$Proxy4.processTestDefinition(Unknown Source)
  at org.gradle.api.internal.tasks.testing.worker.TestWorker$2.run(TestWorker.java:178)
  at org.gradle.api.internal.tasks.testing.worker.TestWorker.executeAndMaintainThreadName(TestWorker.java:126)
  at org.gradle.api.internal.tasks.testing.worker.TestWorker.execute(TestWorker.java:103)
  at org.gradle.api.internal.tasks.testing.worker.TestWorker.execute(TestWorker.java:63)
  at org.gradle.process.internal.worker.child.ActionExecutionWorker.execute(ActionExecutionWorker.java:56)
  at org.gradle.process.internal.worker.child.SystemApplicationClassLoaderWorker.call(SystemApplicationClassLoaderWorker.java:122)
  at org.gradle.process.internal.worker.child.SystemApplicationClassLoaderWorker.call(SystemApplicationClassLoaderWorker.java:72)
  at worker.org.gradle.process.internal.worker.GradleWorkerMain.run(GradleWorkerMain.java:69)
  at worker.org.gradle.process.internal.worker.GradleWorkerMain.main(GradleWorkerMain.java:74)
</stacktrace>
</test-failure>


TypeScriptCompilerTests_D[jvm] > declarationEmitIndexTypeNotFound_ts has expected errors matching declarationEmitIndexTypeNotFound_errors_txt[jvm] FAILED

<test-failure test="com.xemantic.typescript.compiler.TypeScriptCompilerTests_D.declareModifierOnImport1_ts has expected errors matching declareModifierOnImport1_errors_txt" platform="jvm">
<message>
Expected diagnostics from baseline typescript-repo/tests/baselines/reference/declareModifierOnImport1.errors.txt but none produced
</message>
<stacktrace>
  at com.xemantic.typescript.compiler.TypeScriptTestSupportKt.errorsMatchBaseline(TypeScriptTestSupport.kt:125)
  at com.xemantic.typescript.compiler.TypeScriptCompilerTests_D.declareModifierOnImport1_ts has expected errors matching declareModifierOnImport1_errors_txt(TypeScriptCompilerTests_D.kt:3626)
  at java.base/jdk.internal.reflect.DirectMethodHandleAccessor.invoke(DirectMethodHandleAccessor.java:104)
  at java.base/java.lang.reflect.Method.invoke(Method.java:565)
  at org.junit.runners.model.FrameworkMethod$1.runReflectiveCall(FrameworkMethod.java:59)
  at org.junit.internal.runners.model.ReflectiveCallable.run(ReflectiveCallable.java:12)
  at org.junit.runners.model.FrameworkMethod.invokeExplosively(FrameworkMethod.java:56)
  at org.junit.internal.runners.statements.InvokeMethod.evaluate(InvokeMethod.java:17)
  at org.junit.runners.ParentRunner$3.evaluate(ParentRunner.java:306)
  at org.junit.runners.BlockJUnit4ClassRunner$1.evaluate(BlockJUnit4ClassRunner.java:100)
  at org.junit.runners.ParentRunner.runLeaf(ParentRunner.java:366)
  at org.junit.runners.BlockJUnit4ClassRunner.runChild(BlockJUnit4ClassRunner.java:103)
  at org.junit.runners.BlockJUnit4ClassRunner.runChild(BlockJUnit4ClassRunner.java:63)
  at org.junit.runners.ParentRunner$4.run(ParentRunner.java:331)
  at org.junit.runners.ParentRunner$1.schedule(ParentRunner.java:79)
  at org.junit.runners.ParentRunner.runChildren(ParentRunner.java:329)
  at org.junit.runners.ParentRunner.access$100(ParentRunner.java:66)
  at org.junit.runners.ParentRunner$2.evaluate(ParentRunner.java:293)
  at org.junit.runners.ParentRunner$3.evaluate(ParentRunner.java:306)
  at org.junit.runners.ParentRunner.run(ParentRunner.java:413)
  at org.junit.runner.JUnitCore.run(JUnitCore.java:137)
  at org.junit.runner.JUnitCore.run(JUnitCore.java:115)
  at org.gradle.api.internal.tasks.testing.junit.JUnitTestExecutor.runRequest(JUnitTestExecutor.java:175)
  at org.gradle.api.internal.tasks.testing.junit.JUnitTestExecutor.accept(JUnitTestExecutor.java:84)
  at org.gradle.api.internal.tasks.testing.junit.JUnitTestExecutor.accept(JUnitTestExecutor.java:47)
  at org.gradle.api.internal.tasks.testing.junit.AbstractJUnitTestDefinitionProcessor.processTestDefinition(AbstractJUnitTestDefinitionProcessor.java:65)
  at org.gradle.api.internal.tasks.testing.SuiteTestDefinitionProcessor.processTestDefinition(SuiteTestDefinitionProcessor.java:54)
  at java.base/jdk.internal.reflect.DirectMethodHandleAccessor.invoke(DirectMethodHandleAccessor.java:104)
  at java.base/java.lang.reflect.Method.invoke(Method.java:565)
  at org.gradle.internal.dispatch.MethodInvocation.invokeOn(MethodInvocation.java:77)
  at org.gradle.internal.dispatch.ReflectionDispatch.dispatch(ReflectionDispatch.java:28)
  at org.gradle.internal.dispatch.ReflectionDispatch.dispatch(ReflectionDispatch.java:19)
  at org.gradle.internal.dispatch.ContextClassLoaderDispatch.dispatch(ContextClassLoaderDispatch.java:33)
  at org.gradle.internal.dispatch.ProxyDispatchAdapter$DispatchingInvocationHandler.invoke(ProxyDispatchAdapter.java:88)
  at jdk.proxy1/jdk.proxy1.$Proxy4.processTestDefinition(Unknown Source)
  at org.gradle.api.internal.tasks.testing.worker.TestWorker$2.run(TestWorker.java:178)
  at org.gradle.api.internal.tasks.testing.worker.TestWorker.executeAndMaintainThreadName(TestWorker.java:126)
  at org.gradle.api.internal.tasks.testing.worker.TestWorker.execute(TestWorker.java:103)
  at org.gradle.api.internal.tasks.testing.worker.TestWorker.execute(TestWorker.java:63)
  at org.gradle.process.internal.worker.child.ActionExecutionWorker.execute(ActionExecutionWorker.java:56)
  at org.gradle.process.internal.worker.child.SystemApplicationClassLoaderWorker.call(SystemApplicationClassLoaderWorker.java:122)
  at org.gradle.process.internal.worker.child.SystemApplicationClassLoaderWorker.call(SystemApplicationClassLoaderWorker.java:72)
  at worker.org.gradle.process.internal.worker.GradleWorkerMain.run(GradleWorkerMain.java:69)
  at worker.org.gradle.process.internal.worker.GradleWorkerMain.main(GradleWorkerMain.java:74)
</stacktrace>
</test-failure>


TypeScriptCompilerTests_D[jvm] > declareModifierOnImport1_ts has expected errors matching declareModifierOnImport1_errors_txt[jvm] FAILED

<test-failure test="com.xemantic.typescript.compiler.TypeScriptCompilerTests_D.downlevelLetConst16_ts__target_es2015__has expected errors matching baseline" platform="jvm">
<message>
Expected diagnostics from baseline typescript-repo/tests/baselines/reference/downlevelLetConst16(target=es2015).errors.txt but none produced
</message>
<stacktrace>
  at com.xemantic.typescript.compiler.TypeScriptTestSupportKt.errorsMatchBaseline(TypeScriptTestSupport.kt:125)
  at com.xemantic.typescript.compiler.TypeScriptCompilerTests_D.downlevelLetConst16_ts__target_es2015__has expected errors matching baseline(TypeScriptCompilerTests_D.kt:6027)
  at java.base/jdk.internal.reflect.DirectMethodHandleAccessor.invoke(DirectMethodHandleAccessor.java:104)
  at java.base/java.lang.reflect.Method.invoke(Method.java:565)
  at org.junit.runners.model.FrameworkMethod$1.runReflectiveCall(FrameworkMethod.java:59)
  at org.junit.internal.runners.model.ReflectiveCallable.run(ReflectiveCallable.java:12)
  at org.junit.runners.model.FrameworkMethod.invokeExplosively(FrameworkMethod.java:56)
  at org.junit.internal.runners.statements.InvokeMethod.evaluate(InvokeMethod.java:17)
  at org.junit.runners.ParentRunner$3.evaluate(ParentRunner.java:306)
  at org.junit.runners.BlockJUnit4ClassRunner$1.evaluate(BlockJUnit4ClassRunner.java:100)
  at org.junit.runners.ParentRunner.runLeaf(ParentRunner.java:366)
  at org.junit.runners.BlockJUnit4ClassRunner.runChild(BlockJUnit4ClassRunner.java:103)
  at org.junit.runners.BlockJUnit4ClassRunner.runChild(BlockJUnit4ClassRunner.java:63)
  at org.junit.runners.ParentRunner$4.run(ParentRunner.java:331)
  at org.junit.runners.ParentRunner$1.schedule(ParentRunner.java:79)
  at org.junit.runners.ParentRunner.runChildren(ParentRunner.java:329)
  at org.junit.runners.ParentRunner.access$100(ParentRunner.java:66)
  at org.junit.runners.ParentRunner$2.evaluate(ParentRunner.java:293)
  at org.junit.runners.ParentRunner$3.evaluate(ParentRunner.java:306)
  at org.junit.runners.ParentRunner.run(ParentRunner.java:413)
  at org.junit.runner.JUnitCore.run(JUnitCore.java:137)
  at org.junit.runner.JUnitCore.run(JUnitCore.java:115)
  at org.gradle.api.internal.tasks.testing.junit.JUnitTestExecutor.runRequest(JUnitTestExecutor.java:175)
  at org.gradle.api.internal.tasks.testing.junit.JUnitTestExecutor.accept(JUnitTestExecutor.java:84)
  at org.gradle.api.internal.tasks.testing.junit.JUnitTestExecutor.accept(JUnitTestExecutor.java:47)
  at org.gradle.api.internal.tasks.testing.junit.AbstractJUnitTestDefinitionProcessor.processTestDefinition(AbstractJUnitTestDefinitionProcessor.java:65)
  at org.gradle.api.internal.tasks.testing.SuiteTestDefinitionProcessor.processTestDefinition(SuiteTestDefinitionProcessor.java:54)
  at java.base/jdk.internal.reflect.DirectMethodHandleAccessor.invoke(DirectMethodHandleAccessor.java:104)
  at java.base/java.lang.reflect.Method.invoke(Method.java:565)
  at org.gradle.internal.dispatch.MethodInvocation.invokeOn(MethodInvocation.java:77)
  at org.gradle.internal.dispatch.ReflectionDispatch.dispatch(ReflectionDispatch.java:28)
  at org.gradle.internal.dispatch.ReflectionDispatch.dispatch(ReflectionDispatch.java:19)
  at org.gradle.internal.dispatch.ContextClassLoaderDispatch.dispatch(ContextClassLoaderDispatch.java:33)
  at org.gradle.internal.dispatch.ProxyDispatchAdapter$DispatchingInvocationHandler.invoke(ProxyDispatchAdapter.java:88)
  at jdk.proxy1/jdk.proxy1.$Proxy4.processTestDefinition(Unknown Source)
  at org.gradle.api.internal.tasks.testing.worker.TestWorker$2.run(TestWorker.java:178)
  at org.gradle.api.internal.tasks.testing.worker.TestWorker.executeAndMaintainThreadName(TestWorker.java:126)
  at org.gradle.api.internal.tasks.testing.worker.TestWorker.execute(TestWorker.java:103)
  at org.gradle.api.internal.tasks.testing.worker.TestWorker.execute(TestWorker.java:63)
  at org.gradle.process.internal.worker.child.ActionExecutionWorker.execute(ActionExecutionWorker.java:56)
  at org.gradle.process.internal.worker.child.SystemApplicationClassLoaderWorker.call(SystemApplicationClassLoaderWorker.java:122)
  at org.gradle.process.internal.worker.child.SystemApplicationClassLoaderWorker.call(SystemApplicationClassLoaderWorker.java:72)
  at worker.org.gradle.process.internal.worker.GradleWorkerMain.run(GradleWorkerMain.java:69)
  at worker.org.gradle.process.internal.worker.GradleWorkerMain.main(GradleWorkerMain.java:74)
</stacktrace>
</test-failure>


TypeScriptCompilerTests_D[jvm] > downlevelLetConst16_ts__target_es2015__has expected errors matching baseline[jvm] FAILED

<test-failure test="com.xemantic.typescript.compiler.TypeScriptCompilerTests_D.downlevelLetConst11_ts has expected errors matching downlevelLetConst11_errors_txt" platform="jvm">
<message>
--- expected
+++ actual
@@ -1,11 +1,8 @@
 downlevelLetConst11.ts(2,1): error TS1212: Identifier expected. 'let' is a reserved word in strict mode.
-downlevelLetConst11.ts(2,1): error TS2304: Cannot find name 'let'.
 
 
-==== downlevelLetConst11.ts (2 errors) ====
+==== downlevelLetConst11.ts (1 errors) ====
     "use strict";
     let
     ~~~
 !!! error TS1212: Identifier expected. 'let' is a reserved word in strict mode.
-    ~~~
-!!! error TS2304: Cannot find name 'let'.

</message>
<stacktrace>
  at org.junit.Assert.fail(Assert.java:89)
  at kotlin.test.junit.JUnitAsserter.fail(JUnitSupport.kt:56)
  at kotlin.test.AssertionsKt__AssertionsKt.fail(Assertions.kt:563)
  at kotlin.test.AssertionsKt.fail(Unknown Source)
  at com.xemantic.kotlin.test.SameAsKt.sameAs(SameAs.kt:52)
  at com.xemantic.typescript.compiler.TypeScriptTestSupportKt.errorsMatchBaseline(TypeScriptTestSupport.kt:135)
  at com.xemantic.typescript.compiler.TypeScriptCompilerTests_D.downlevelLetConst11_ts has expected errors matching downlevelLetConst11_errors_txt(TypeScriptCompilerTests_D.kt:5943)
  at java.base/jdk.internal.reflect.DirectMethodHandleAccessor.invoke(DirectMethodHandleAccessor.java:104)
  at java.base/java.lang.reflect.Method.invoke(Method.java:565)
  at org.junit.runners.model.FrameworkMethod$1.runReflectiveCall(FrameworkMethod.java:59)
  at org.junit.internal.runners.model.ReflectiveCallable.run(ReflectiveCallable.java:12)
  at org.junit.runners.model.FrameworkMethod.invokeExplosively(FrameworkMethod.java:56)
  at org.junit.internal.runners.statements.InvokeMethod.evaluate(InvokeMethod.java:17)
  at org.junit.runners.ParentRunner$3.evaluate(ParentRunner.java:306)
  at org.junit.runners.BlockJUnit4ClassRunner$1.evaluate(BlockJUnit4ClassRunner.java:100)
  at org.junit.runners.ParentRunner.runLeaf(ParentRunner.java:366)
  at org.junit.runners.BlockJUnit4ClassRunner.runChild(BlockJUnit4ClassRunner.java:103)
  at org.junit.runners.BlockJUnit4ClassRunner.runChild(BlockJUnit4ClassRunner.java:63)
  at org.junit.runners.ParentRunner$4.run(ParentRunner.java:331)
  at org.junit.runners.ParentRunner$1.schedule(ParentRunner.java:79)
  at org.junit.runners.ParentRunner.runChildren(ParentRunner.java:329)
  at org.junit.runners.ParentRunner.access$100(ParentRunner.java:66)
  at org.junit.runners.ParentRunner$2.evaluate(ParentRunner.java:293)
  at org.junit.runners.ParentRunner$3.evaluate(ParentRunner.java:306)
  at org.junit.runners.ParentRunner.run(ParentRunner.java:413)
  at org.junit.runner.JUnitCore.run(JUnitCore.java:137)
  at org.junit.runner.JUnitCore.run(JUnitCore.java:115)
  at org.gradle.api.internal.tasks.testing.junit.JUnitTestExecutor.runRequest(JUnitTestExecutor.java:175)
  at org.gradle.api.internal.tasks.testing.junit.JUnitTestExecutor.accept(JUnitTestExecutor.java:84)
  at org.gradle.api.internal.tasks.testing.junit.JUnitTestExecutor.accept(JUnitTestExecutor.java:47)
  at org.gradle.api.internal.tasks.testing.junit.AbstractJUnitTestDefinitionProcessor.processTestDefinition(AbstractJUnitTestDefinitionProcessor.java:65)
  at org.gradle.api.internal.tasks.testing.SuiteTestDefinitionProcessor.processTestDefinition(SuiteTestDefinitionProcessor.java:54)
  at java.base/jdk.internal.reflect.DirectMethodHandleAccessor.invoke(DirectMethodHandleAccessor.java:104)
  at java.base/java.lang.reflect.Method.invoke(Method.java:565)
  at org.gradle.internal.dispatch.MethodInvocation.invokeOn(MethodInvocation.java:77)
  at org.gradle.internal.dispatch.ReflectionDispatch.dispatch(ReflectionDispatch.java:28)
  at org.gradle.internal.dispatch.ReflectionDispatch.dispatch(ReflectionDispatch.java:19)
  at org.gradle.internal.dispatch.ContextClassLoaderDispatch.dispatch(ContextClassLoaderDispatch.java:33)
  at org.gradle.internal.dispatch.ProxyDispatchAdapter$DispatchingInvocationHandler.invoke(ProxyDispatchAdapter.java:88)
  at jdk.proxy1/jdk.proxy1.$Proxy4.processTestDefinition(Unknown Source)
  at org.gradle.api.internal.tasks.testing.worker.TestWorker$2.run(TestWorker.java:178)
  at org.gradle.api.internal.tasks.testing.worker.TestWorker.executeAndMaintainThreadName(TestWorker.java:126)
  at org.gradle.api.internal.tasks.testing.worker.TestWorker.execute(TestWorker.java:103)
  at org.gradle.api.internal.tasks.testing.worker.TestWorker.execute(TestWorker.java:63)
  at org.gradle.process.internal.worker.child.ActionExecutionWorker.execute(ActionExecutionWorker.java:56)
  at org.gradle.process.internal.worker.child.SystemApplicationClassLoaderWorker.call(SystemApplicationClassLoaderWorker.java:122)
  at org.gradle.process.internal.worker.child.SystemApplicationClassLoaderWorker.call(SystemApplicationClassLoaderWorker.java:72)
  at worker.org.gradle.process.internal.worker.GradleWorkerMain.run(GradleWorkerMain.java:69)
  at worker.org.gradle.process.internal.worker.GradleWorkerMain.main(GradleWorkerMain.java:74)
</stacktrace>
</test-failure>


TypeScriptCompilerTests_D[jvm] > downlevelLetConst11_ts has expected errors matching downlevelLetConst11_errors_txt[jvm] FAILED

<test-failure test="com.xemantic.typescript.compiler.TypeScriptCompilerTests_D.duplicateIdentifierDifferentModifiers_ts has expected errors matching duplicateIdentifierDifferentModifiers_errors_txt" platform="jvm">
<message>
Expected diagnostics from baseline typescript-repo/tests/baselines/reference/duplicateIdentifierDifferentModifiers.errors.txt but none produced
</message>
<stacktrace>
  at com.xemantic.typescript.compiler.TypeScriptTestSupportKt.errorsMatchBaseline(TypeScriptTestSupport.kt:125)
  at com.xemantic.typescript.compiler.TypeScriptCompilerTests_D.duplicateIdentifierDifferentModifiers_ts has expected errors matching duplicateIdentifierDifferentModifiers_errors_txt(TypeScriptCompilerTests_D.kt:6293)
  at java.base/jdk.internal.reflect.DirectMethodHandleAccessor.invoke(DirectMethodHandleAccessor.java:104)
  at java.base/java.lang.reflect.Method.invoke(Method.java:565)
  at org.junit.runners.model.FrameworkMethod$1.runReflectiveCall(FrameworkMethod.java:59)
  at org.junit.internal.runners.model.ReflectiveCallable.run(ReflectiveCallable.java:12)
  at org.junit.runners.model.FrameworkMethod.invokeExplosively(FrameworkMethod.java:56)
  at org.junit.internal.runners.statements.InvokeMethod.evaluate(InvokeMethod.java:17)
  at org.junit.runners.ParentRunner$3.evaluate(ParentRunner.java:306)
  at org.junit.runners.BlockJUnit4ClassRunner$1.evaluate(BlockJUnit4ClassRunner.java:100)
  at org.junit.runners.ParentRunner.runLeaf(ParentRunner.java:366)
  at org.junit.runners.BlockJUnit4ClassRunner.runChild(BlockJUnit4ClassRunner.java:103)
  at org.junit.runners.BlockJUnit4ClassRunner.runChild(BlockJUnit4ClassRunner.java:63)
  at org.junit.runners.ParentRunner$4.run(ParentRunner.java:331)
  at org.junit.runners.ParentRunner$1.schedule(ParentRunner.java:79)
  at org.junit.runners.ParentRunner.runChildren(ParentRunner.java:329)
  at org.junit.runners.ParentRunner.access$100(ParentRunner.java:66)
  at org.junit.runners.ParentRunner$2.evaluate(ParentRunner.java:293)
  at org.junit.runners.ParentRunner$3.evaluate(ParentRunner.java:306)
  at org.junit.runners.ParentRunner.run(ParentRunner.java:413)
  at org.junit.runner.JUnitCore.run(JUnitCore.java:137)
  at org.junit.runner.JUnitCore.run(JUnitCore.java:115)
  at org.gradle.api.internal.tasks.testing.junit.JUnitTestExecutor.runRequest(JUnitTestExecutor.java:175)
  at org.gradle.api.internal.tasks.testing.junit.JUnitTestExecutor.accept(JUnitTestExecutor.java:84)
  at org.gradle.api.internal.tasks.testing.junit.JUnitTestExecutor.accept(JUnitTestExecutor.java:47)
  at org.gradle.api.internal.tasks.testing.junit.AbstractJUnitTestDefinitionProcessor.processTestDefinition(AbstractJUnitTestDefinitionProcessor.java:65)
  at org.gradle.api.internal.tasks.testing.SuiteTestDefinitionProcessor.processTestDefinition(SuiteTestDefinitionProcessor.java:54)
  at java.base/jdk.internal.reflect.DirectMethodHandleAccessor.invoke(DirectMethodHandleAccessor.java:104)
  at java.base/java.lang.reflect.Method.invoke(Method.java:565)
  at org.gradle.internal.dispatch.MethodInvocation.invokeOn(MethodInvocation.java:77)
  at org.gradle.internal.dispatch.ReflectionDispatch.dispatch(ReflectionDispatch.java:28)
  at org.gradle.internal.dispatch.ReflectionDispatch.dispatch(ReflectionDispatch.java:19)
  at org.gradle.internal.dispatch.ContextClassLoaderDispatch.dispatch(ContextClassLoaderDispatch.java:33)
  at org.gradle.internal.dispatch.ProxyDispatchAdapter$DispatchingInvocationHandler.invoke(ProxyDispatchAdapter.java:88)
  at jdk.proxy1/jdk.proxy1.$Proxy4.processTestDefinition(Unknown Source)
  at org.gradle.api.internal.tasks.testing.worker.TestWorker$2.run(TestWorker.java:178)
  at org.gradle.api.internal.tasks.testing.worker.TestWorker.executeAndMaintainThreadName(TestWorker.java:126)
  at org.gradle.api.internal.tasks.testing.worker.TestWorker.execute(TestWorker.java:103)
  at org.gradle.api.internal.tasks.testing.worker.TestWorker.execute(TestWorker.java:63)
  at org.gradle.process.internal.worker.child.ActionExecutionWorker.execute(ActionExecutionWorker.java:56)
  at org.gradle.process.internal.worker.child.SystemApplicationClassLoaderWorker.call(SystemApplicationClassLoaderWorker.java:122)
  at org.gradle.process.internal.worker.child.SystemApplicationClassLoaderWorker.call(SystemApplicationClassLoaderWorker.java:72)
  at worker.org.gradle.process.internal.worker.GradleWorkerMain.run(GradleWorkerMain.java:69)
  at worker.org.gradle.process.internal.worker.GradleWorkerMain.main(GradleWorkerMain.java:74)
</stacktrace>
</test-failure>


TypeScriptCompilerTests_D[jvm] > duplicateIdentifierDifferentModifiers_ts has expected errors matching duplicateIdentifierDifferentModifiers_errors_txt[jvm] FAILED

<test-failure test="com.xemantic.typescript.compiler.TypeScriptCompilerTests_D.declarationEmitInferredTypeAlias7_ts has expected errors matching declarationEmitInferredTypeAlias7_errors_txt" platform="jvm">
<message>
Expected diagnostics from baseline typescript-repo/tests/baselines/reference/declarationEmitInferredTypeAlias7.errors.txt but none produced
</message>
<stacktrace>
  at com.xemantic.typescript.compiler.TypeScriptTestSupportKt.errorsMatchBaseline(TypeScriptTestSupport.kt:125)
  at com.xemantic.typescript.compiler.TypeScriptCompilerTests_D.declarationEmitInferredTypeAlias7_ts has expected errors matching declarationEmitInferredTypeAlias7_errors_txt(TypeScriptCompilerTests_D.kt:2114)
  at java.base/jdk.internal.reflect.DirectMethodHandleAccessor.invoke(DirectMethodHandleAccessor.java:104)
  at java.base/java.lang.reflect.Method.invoke(Method.java:565)
  at org.junit.runners.model.FrameworkMethod$1.runReflectiveCall(FrameworkMethod.java:59)
  at org.junit.internal.runners.model.ReflectiveCallable.run(ReflectiveCallable.java:12)
  at org.junit.runners.model.FrameworkMethod.invokeExplosively(FrameworkMethod.java:56)
  at org.junit.internal.runners.statements.InvokeMethod.evaluate(InvokeMethod.java:17)
  at org.junit.runners.ParentRunner$3.evaluate(ParentRunner.java:306)
  at org.junit.runners.BlockJUnit4ClassRunner$1.evaluate(BlockJUnit4ClassRunner.java:100)
  at org.junit.runners.ParentRunner.runLeaf(ParentRunner.java:366)
  at org.junit.runners.BlockJUnit4ClassRunner.runChild(BlockJUnit4ClassRunner.java:103)
  at org.junit.runners.BlockJUnit4ClassRunner.runChild(BlockJUnit4ClassRunner.java:63)
  at org.junit.runners.ParentRunner$4.run(ParentRunner.java:331)
  at org.junit.runners.ParentRunner$1.schedule(ParentRunner.java:79)
  at org.junit.runners.ParentRunner.runChildren(ParentRunner.java:329)
  at org.junit.runners.ParentRunner.access$100(ParentRunner.java:66)
  at org.junit.runners.ParentRunner$2.evaluate(ParentRunner.java:293)
  at org.junit.runners.ParentRunner$3.evaluate(ParentRunner.java:306)
  at org.junit.runners.ParentRunner.run(ParentRunner.java:413)
  at org.junit.runner.JUnitCore.run(JUnitCore.java:137)
  at org.junit.runner.JUnitCore.run(JUnitCore.java:115)
  at org.gradle.api.internal.tasks.testing.junit.JUnitTestExecutor.runRequest(JUnitTestExecutor.java:175)
  at org.gradle.api.internal.tasks.testing.junit.JUnitTestExecutor.accept(JUnitTestExecutor.java:84)
  at org.gradle.api.internal.tasks.testing.junit.JUnitTestExecutor.accept(JUnitTestExecutor.java:47)
  at org.gradle.api.internal.tasks.testing.junit.AbstractJUnitTestDefinitionProcessor.processTestDefinition(AbstractJUnitTestDefinitionProcessor.java:65)
  at org.gradle.api.internal.tasks.testing.SuiteTestDefinitionProcessor.processTestDefinition(SuiteTestDefinitionProcessor.java:54)
  at java.base/jdk.internal.reflect.DirectMethodHandleAccessor.invoke(DirectMethodHandleAccessor.java:104)
  at java.base/java.lang.reflect.Method.invoke(Method.java:565)
  at org.gradle.internal.dispatch.MethodInvocation.invokeOn(MethodInvocation.java:77)
  at org.gradle.internal.dispatch.ReflectionDispatch.dispatch(ReflectionDispatch.java:28)
  at org.gradle.internal.dispatch.ReflectionDispatch.dispatch(ReflectionDispatch.java:19)
  at org.gradle.internal.dispatch.ContextClassLoaderDispatch.dispatch(ContextClassLoaderDispatch.java:33)
  at org.gradle.internal.dispatch.ProxyDispatchAdapter$DispatchingInvocationHandler.invoke(ProxyDispatchAdapter.java:88)
  at jdk.proxy1/jdk.proxy1.$Proxy4.processTestDefinition(Unknown Source)
  at org.gradle.api.internal.tasks.testing.worker.TestWorker$2.run(TestWorker.java:178)
  at org.gradle.api.internal.tasks.testing.worker.TestWorker.executeAndMaintainThreadName(TestWorker.java:126)
  at org.gradle.api.internal.tasks.testing.worker.TestWorker.execute(TestWorker.java:103)
  at org.gradle.api.internal.tasks.testing.worker.TestWorker.execute(TestWorker.java:63)
  at org.gradle.process.internal.worker.child.ActionExecutionWorker.execute(ActionExecutionWorker.java:56)
  at org.gradle.process.internal.worker.child.SystemApplicationClassLoaderWorker.call(SystemApplicationClassLoaderWorker.java:122)
  at org.gradle.process.internal.worker.child.SystemApplicationClassLoaderWorker.call(SystemApplicationClassLoaderWorker.java:72)
  at worker.org.gradle.process.internal.worker.GradleWorkerMain.run(GradleWorkerMain.java:69)
  at worker.org.gradle.process.internal.worker.GradleWorkerMain.main(GradleWorkerMain.java:74)
</stacktrace>
</test-failure>


TypeScriptCompilerTests_D[jvm] > declarationEmitInferredTypeAlias7_ts has expected errors matching declarationEmitInferredTypeAlias7_errors_txt[jvm] FAILED

<test-failure test="com.xemantic.typescript.compiler.TypeScriptCompilerTests_D.declarationEmitPathMappingMonorepo2_ts has expected errors matching declarationEmitPathMappingMonorepo2_errors_txt" platform="jvm">
<message>
--- expected
+++ actual
@@ -1,35 +1,7 @@
-packages/lab/tsconfig.json(3,9): error TS5011: The common source directory of 'tsconfig.json' is './src'. The 'rootDir' setting must be explicitly set to this or another path to adjust your output's file layout.
-  Visit https://aka.ms/ts6 for migration information.
 packages/lab/tsconfig.json(5,9): error TS5101: Option 'baseUrl' is deprecated and will stop functioning in TypeScript 7.0. Specify compilerOption '"ignoreDeprecations": "6.0"' to silence this error.
   Visit https://aka.ms/ts6 for migration information.
 
 
-==== packages/lab/tsconfig.json (2 errors) ====
-    {
-        "compilerOptions": {
-            "outDir": "dist",
-            ~~~~~~~~
-!!! error TS5011: The common source directory of 'tsconfig.json' is './src'. The 'rootDir' setting must be explicitly set to this or another path to adjust your output's file layout.
-!!! error TS5011:   Visit https://aka.ms/ts6 for migration information.
-            "declaration": true,
-            "baseUrl": "../",
-            ~~~~~~~~~
-!!! error TS5101: Option 'baseUrl' is deprecated and will stop functioning in TypeScript 7.0. Specify compilerOption '"ignoreDeprecations": "6.0"' to silence this error.
-!!! error TS5101:   Visit https://aka.ms/ts6 for migration information.
-            "paths": {
-                "@ts-bug/core": ["./core/src"],
-                "@ts-bug/core/*": ["./core/src/*"],
-                "@ts-bug/lab": ["./lab/src"],
-                "@ts-bug/lab/*": ["./lab/src/*"],
-                "@ts-bug/styles": ["./styles/src"],
-                "@ts-bug/styles/*": ["./styles/src/*"]
-            }
-        }
-    }
-==== packages/lab/src/index.ts (0 errors) ====
-    import { createSvgIcon } from "@ts-bug/core/utils";
-    export default createSvgIcon("Hello", "ArrowLeft");
-    
 ==== packages/core/src/index.d.ts (0 errors) ====
     export * from "./utils";
     export { default as SvgIcon } from "./SvgIcon";
@@ -53,3 +25,27 @@
     export interface StyledComponentProps<ClassKey extends string> {
         classes?: Record<ClassKey, string>;
     }
+    
+==== packages/lab/src/index.ts (0 errors) ====
+    import { createSvgIcon } from "@ts-bug/core/utils";
+    export default createSvgIcon("Hello", "ArrowLeft");
+    
+==== packages/lab/tsconfig.json (1 errors) ====
+    {
+        "compilerOptions": {
+            "outDir": "dist",
+            "declaration": true,
+            "baseUrl": "../",
+            ~~~~~~~~~
+!!! error TS5101: Option 'baseUrl' is deprecated and will stop functioning in TypeScript 7.0. Specify compilerOption '"ignoreDeprecations": "6.0"' to silence this error.
+!!! error TS5101:   Visit https://aka.ms/ts6 for migration information.
+            "paths": {
+                "@ts-bug/core": ["./core/src"],
+                "@ts-bug/core/*": ["./core/src/*"],
+                "@ts-bug/lab": ["./lab/src"],
+                "@ts-bug/lab/*": ["./lab/src/*"],
+                "@ts-bug/styles": ["./styles/src"],
+                "@ts-bug/styles/*": ["./styles/src/*"]
+            }
+        }
+    }

</message>
<stacktrace>
  at org.junit.Assert.fail(Assert.java:89)
  at kotlin.test.junit.JUnitAsserter.fail(JUnitSupport.kt:56)
  at kotlin.test.AssertionsKt__AssertionsKt.fail(Assertions.kt:563)
  at kotlin.test.AssertionsKt.fail(Unknown Source)
  at com.xemantic.kotlin.test.SameAsKt.sameAs(SameAs.kt:52)
  at com.xemantic.typescript.compiler.TypeScriptTestSupportKt.errorsMatchBaseline(TypeScriptTestSupport.kt:135)
  at com.xemantic.typescript.compiler.TypeScriptCompilerTests_D.declarationEmitPathMappingMonorepo2_ts has expected errors matching declarationEmitPathMappingMonorepo2_errors_txt(TypeScriptCompilerTests_D.kt:2646)
  at java.base/jdk.internal.reflect.DirectMethodHandleAccessor.invoke(DirectMethodHandleAccessor.java:104)
  at java.base/java.lang.reflect.Method.invoke(Method.java:565)
  at org.junit.runners.model.FrameworkMethod$1.runReflectiveCall(FrameworkMethod.java:59)
  at org.junit.internal.runners.model.ReflectiveCallable.run(ReflectiveCallable.java:12)
  at org.junit.runners.model.FrameworkMethod.invokeExplosively(FrameworkMethod.java:56)
  at org.junit.internal.runners.statements.InvokeMethod.evaluate(InvokeMethod.java:17)
  at org.junit.runners.ParentRunner$3.evaluate(ParentRunner.java:306)
  at org.junit.runners.BlockJUnit4ClassRunner$1.evaluate(BlockJUnit4ClassRunner.java:100)
  at org.junit.runners.ParentRunner.runLeaf(ParentRunner.java:366)
  at org.junit.runners.BlockJUnit4ClassRunner.runChild(BlockJUnit4ClassRunner.java:103)
  at org.junit.runners.BlockJUnit4ClassRunner.runChild(BlockJUnit4ClassRunner.java:63)
  at org.junit.runners.ParentRunner$4.run(ParentRunner.java:331)
  at org.junit.runners.ParentRunner$1.schedule(ParentRunner.java:79)
  at org.junit.runners.ParentRunner.runChildren(ParentRunner.java:329)
  at org.junit.runners.ParentRunner.access$100(ParentRunner.java:66)
  at org.junit.runners.ParentRunner$2.evaluate(ParentRunner.java:293)
  at org.junit.runners.ParentRunner$3.evaluate(ParentRunner.java:306)
  at org.junit.runners.ParentRunner.run(ParentRunner.java:413)
  at org.junit.runner.JUnitCore.run(JUnitCore.java:137)
  at org.junit.runner.JUnitCore.run(JUnitCore.java:115)
  at org.gradle.api.internal.tasks.testing.junit.JUnitTestExecutor.runRequest(JUnitTestExecutor.java:175)
  at org.gradle.api.internal.tasks.testing.junit.JUnitTestExecutor.accept(JUnitTestExecutor.java:84)
  at org.gradle.api.internal.tasks.testing.junit.JUnitTestExecutor.accept(JUnitTestExecutor.java:47)
  at org.gradle.api.internal.tasks.testing.junit.AbstractJUnitTestDefinitionProcessor.processTestDefinition(AbstractJUnitTestDefinitionProcessor.java:65)
  at org.gradle.api.internal.tasks.testing.SuiteTestDefinitionProcessor.processTestDefinition(SuiteTestDefinitionProcessor.java:54)
  at java.base/jdk.internal.reflect.DirectMethodHandleAccessor.invoke(DirectMethodHandleAccessor.java:104)
  at java.base/java.lang.reflect.Method.invoke(Method.java:565)
  at org.gradle.internal.dispatch.MethodInvocation.invokeOn(MethodInvocation.java:77)
  at org.gradle.internal.dispatch.ReflectionDispatch.dispatch(ReflectionDispatch.java:28)
  at org.gradle.internal.dispatch.ReflectionDispatch.dispatch(ReflectionDispatch.java:19)
  at org.gradle.internal.dispatch.ContextClassLoaderDispatch.dispatch(ContextClassLoaderDispatch.java:33)
  at org.gradle.internal.dispatch.ProxyDispatchAdapter$DispatchingInvocationHandler.invoke(ProxyDispatchAdapter.java:88)
  at jdk.proxy1/jdk.proxy1.$Proxy4.processTestDefinition(Unknown Source)
  at org.gradle.api.internal.tasks.testing.worker.TestWorker$2.run(TestWorker.java:178)
  at org.gradle.api.internal.tasks.testing.worker.TestWorker.executeAndMaintainThreadName(TestWorker.java:126)
  at org.gradle.api.internal.tasks.testing.worker.TestWorker.execute(TestWorker.java:103)
  at org.gradle.api.internal.tasks.testing.worker.TestWorker.execute(TestWorker.java:63)
  at org.gradle.process.internal.worker.child.ActionExecutionWorker.execute(ActionExecutionWorker.java:56)
  at org.gradle.process.internal.worker.child.SystemApplicationClassLoaderWorker.call(SystemApplicationClassLoaderWorker.java:122)
  at org.gradle.process.internal.worker.child.SystemApplicationClassLoaderWorker.call(SystemApplicationClassLoaderWorker.java:72)
  at worker.org.gradle.process.internal.worker.GradleWorkerMain.run(GradleWorkerMain.java:69)
  at worker.org.gradle.process.internal.worker.GradleWorkerMain.main(GradleWorkerMain.java:74)
</stacktrace>
</test-failure>


TypeScriptCompilerTests_D[jvm] > declarationEmitPathMappingMonorepo2_ts has expected errors matching declarationEmitPathMappingMonorepo2_errors_txt[jvm] FAILED

<test-failure test="com.xemantic.typescript.compiler.TypeScriptCompilerTests_D.declarationEmitTypeofRest_ts compiles to JavaScript matching declarationEmitTypeofRest_js" platform="jvm">
<message>
--- expected
+++ actual
@@ -20,11 +20,31 @@
 }
 
 //// [v1.js]
-export const v1 = (...a) => {
+export const v1 = ();
+a: [n];
+"n", a;
+"a";
+{
+    /** r rest param */
+    a: typeof a,
+        ;
+}
+{
     return null;
-};
+}
 //// [v2.js]
 const n = Symbol();
-export const v2 = (...a) => {
+export const v2 = ();
+a: [n];
+"n", a;
+"a";
+{
+    /** r rest param */
+    a: typeof a,
+        n;
+    typeof n,
+        ;
+}
+{
     return null;
-};
+}

</message>
<stacktrace>
  at org.junit.Assert.fail(Assert.java:89)
  at kotlin.test.junit.JUnitAsserter.fail(JUnitSupport.kt:56)
  at kotlin.test.AssertionsKt__AssertionsKt.fail(Assertions.kt:563)
  at kotlin.test.AssertionsKt.fail(Unknown Source)
  at com.xemantic.kotlin.test.SameAsKt.sameAs(SameAs.kt:52)
  at com.xemantic.typescript.compiler.TypeScriptTestSupportKt.sameAs(TypeScriptTestSupport.kt:99)
  at com.xemantic.typescript.compiler.TypeScriptCompilerTests_D.declarationEmitTypeofRest_ts compiles to JavaScript matching declarationEmitTypeofRest_js(TypeScriptCompilerTests_D.kt:3108)
  at java.base/jdk.internal.reflect.DirectMethodHandleAccessor.invoke(DirectMethodHandleAccessor.java:104)
  at java.base/java.lang.reflect.Method.invoke(Method.java:565)
  at org.junit.runners.model.FrameworkMethod$1.runReflectiveCall(FrameworkMethod.java:59)
  at org.junit.internal.runners.model.ReflectiveCallable.run(ReflectiveCallable.java:12)
  at org.junit.runners.model.FrameworkMethod.invokeExplosively(FrameworkMethod.java:56)
  at org.junit.internal.runners.statements.InvokeMethod.evaluate(InvokeMethod.java:17)
  at org.junit.runners.ParentRunner$3.evaluate(ParentRunner.java:306)
  at org.junit.runners.BlockJUnit4ClassRunner$1.evaluate(BlockJUnit4ClassRunner.java:100)
  at org.junit.runners.ParentRunner.runLeaf(ParentRunner.java:366)
  at org.junit.runners.BlockJUnit4ClassRunner.runChild(BlockJUnit4ClassRunner.java:103)
  at org.junit.runners.BlockJUnit4ClassRunner.runChild(BlockJUnit4ClassRunner.java:63)
  at org.junit.runners.ParentRunner$4.run(ParentRunner.java:331)
  at org.junit.runners.ParentRunner$1.schedule(ParentRunner.java:79)
  at org.junit.runners.ParentRunner.runChildren(ParentRunner.java:329)
  at org.junit.runners.ParentRunner.access$100(ParentRunner.java:66)
  at org.junit.runners.ParentRunner$2.evaluate(ParentRunner.java:293)
  at org.junit.runners.ParentRunner$3.evaluate(ParentRunner.java:306)
  at org.junit.runners.ParentRunner.run(ParentRunner.java:413)
  at org.junit.runner.JUnitCore.run(JUnitCore.java:137)
  at org.junit.runner.JUnitCore.run(JUnitCore.java:115)
  at org.gradle.api.internal.tasks.testing.junit.JUnitTestExecutor.runRequest(JUnitTestExecutor.java:175)
  at org.gradle.api.internal.tasks.testing.junit.JUnitTestExecutor.accept(JUnitTestExecutor.java:84)
  at org.gradle.api.internal.tasks.testing.junit.JUnitTestExecutor.accept(JUnitTestExecutor.java:47)
  at org.gradle.api.internal.tasks.testing.junit.AbstractJUnitTestDefinitionProcessor.processTestDefinition(AbstractJUnitTestDefinitionProcessor.java:65)
  at org.gradle.api.internal.tasks.testing.SuiteTestDefinitionProcessor.processTestDefinition(SuiteTestDefinitionProcessor.java:54)
  at java.base/jdk.internal.reflect.DirectMethodHandleAccessor.invoke(DirectMethodHandleAccessor.java:104)
  at java.base/java.lang.reflect.Method.invoke(Method.java:565)
  at org.gradle.internal.dispatch.MethodInvocation.invokeOn(MethodInvocation.java:77)
  at org.gradle.internal.dispatch.ReflectionDispatch.dispatch(ReflectionDispatch.java:28)
  at org.gradle.internal.dispatch.ReflectionDispatch.dispatch(ReflectionDispatch.java:19)
  at org.gradle.internal.dispatch.ContextClassLoaderDispatch.dispatch(ContextClassLoaderDispatch.java:33)
  at org.gradle.internal.dispatch.ProxyDispatchAdapter$DispatchingInvocationHandler.invoke(ProxyDispatchAdapter.java:88)
  at jdk.proxy1/jdk.proxy1.$Proxy4.processTestDefinition(Unknown Source)
  at org.gradle.api.internal.tasks.testing.worker.TestWorker$2.run(TestWorker.java:178)
  at org.gradle.api.internal.tasks.testing.worker.TestWorker.executeAndMaintainThreadName(TestWorker.java:126)
  at org.gradle.api.internal.tasks.testing.worker.TestWorker.execute(TestWorker.java:103)
  at org.gradle.api.internal.tasks.testing.worker.TestWorker.execute(TestWorker.java:63)
  at org.gradle.process.internal.worker.child.ActionExecutionWorker.execute(ActionExecutionWorker.java:56)
  at org.gradle.process.internal.worker.child.SystemApplicationClassLoaderWorker.call(SystemApplicationClassLoaderWorker.java:122)
  at org.gradle.process.internal.worker.child.SystemApplicationClassLoaderWorker.call(SystemApplicationClassLoaderWorker.java:72)
  at worker.org.gradle.process.internal.worker.GradleWorkerMain.run(GradleWorkerMain.java:69)
  at worker.org.gradle.process.internal.worker.GradleWorkerMain.main(GradleWorkerMain.java:74)
</stacktrace>
</test-failure>


TypeScriptCompilerTests_D[jvm] > declarationEmitTypeofRest_ts compiles to JavaScript matching declarationEmitTypeofRest_js[jvm] FAILED

<test-failure test="com.xemantic.typescript.compiler.TypeScriptCompilerTests_D.declFileGenericType_ts has expected errors matching declFileGenericType_errors_txt" platform="jvm">
<message>
--- expected
+++ actual
@@ -1,14 +1,13 @@
 declFileGenericType.ts(5,40): error TS2322: Type 'null' is not assignable to type 'A<B>'.
 declFileGenericType.ts(6,45): error TS2322: Type 'null' is not assignable to type 'A<B>'.
-declFileGenericType.ts(7,47): error TS2322: Type 'null' is not assignable to type 'A<B>[]'.
-declFileGenericType.ts(8,65): error TS2322: Type 'null' is not assignable to type 'A<B>[]'.
+declFileGenericType.ts(8,65): error TS2322: Type 'null' is not assignable to type 'Array<A<B>>'.
 declFileGenericType.ts(10,34): error TS2322: Type 'null' is not assignable to type 'T'.
   'T' could be instantiated with an arbitrary type which could be unrelated to 'null'.
 declFileGenericType.ts(12,51): error TS2322: Type 'null' is not assignable to type 'T'.
   'T' could be instantiated with an arbitrary type which could be unrelated to 'null'.
 
 
-==== declFileGenericType.ts (6 errors) ====
+==== declFileGenericType.ts (5 errors) ====
     export namespace C {
         export class A<T>{ }
         export class B { }
@@ -20,11 +19,9 @@
                                                 ~~~~~~
 !!! error TS2322: Type 'null' is not assignable to type 'A<B>'.
         export function F3<T>(x: T): C.A<C.B>[] { return null; }
-                                                  ~~~~~~
-!!! error TS2322: Type 'null' is not assignable to type 'A<B>[]'.
         export function F4<T extends A<B>>(x: T): Array<C.A<C.B>> { return null; }
                                                                     ~~~~~~
-!!! error TS2322: Type 'null' is not assignable to type 'A<B>[]'.
+!!! error TS2322: Type 'null' is not assignable to type 'Array<A<B>>'.
     
         export function F5<T>(): T { return null; }
                                      ~~~~~~

</message>
<stacktrace>
  at org.junit.Assert.fail(Assert.java:89)
  at kotlin.test.junit.JUnitAsserter.fail(JUnitSupport.kt:56)
  at kotlin.test.AssertionsKt__AssertionsKt.fail(Assertions.kt:563)
  at kotlin.test.AssertionsKt.fail(Unknown Source)
  at com.xemantic.kotlin.test.SameAsKt.sameAs(SameAs.kt:52)
  at com.xemantic.typescript.compiler.TypeScriptTestSupportKt.errorsMatchBaseline(TypeScriptTestSupport.kt:135)
  at com.xemantic.typescript.compiler.TypeScriptCompilerTests_D.declFileGenericType_ts has expected errors matching declFileGenericType_errors_txt(TypeScriptCompilerTests_D.kt:336)
  at java.base/jdk.internal.reflect.DirectMethodHandleAccessor.invoke(DirectMethodHandleAccessor.java:104)
  at java.base/java.lang.reflect.Method.invoke(Method.java:565)
  at org.junit.runners.model.FrameworkMethod$1.runReflectiveCall(FrameworkMethod.java:59)
  at org.junit.internal.runners.model.ReflectiveCallable.run(ReflectiveCallable.java:12)
  at org.junit.runners.model.FrameworkMethod.invokeExplosively(FrameworkMethod.java:56)
  at org.junit.internal.runners.statements.InvokeMethod.evaluate(InvokeMethod.java:17)
  at org.junit.runners.ParentRunner$3.evaluate(ParentRunner.java:306)
  at org.junit.runners.BlockJUnit4ClassRunner$1.evaluate(BlockJUnit4ClassRunner.java:100)
  at org.junit.runners.ParentRunner.runLeaf(ParentRunner.java:366)
  at org.junit.runners.BlockJUnit4ClassRunner.runChild(BlockJUnit4ClassRunner.java:103)
  at org.junit.runners.BlockJUnit4ClassRunner.runChild(BlockJUnit4ClassRunner.java:63)
  at org.junit.runners.ParentRunner$4.run(ParentRunner.java:331)
  at org.junit.runners.ParentRunner$1.schedule(ParentRunner.java:79)
  at org.junit.runners.ParentRunner.runChildren(ParentRunner.java:329)
  at org.junit.runners.ParentRunner.access$100(ParentRunner.java:66)
  at org.junit.runners.ParentRunner$2.evaluate(ParentRunner.java:293)
  at org.junit.runners.ParentRunner$3.evaluate(ParentRunner.java:306)
  at org.junit.runners.ParentRunner.run(ParentRunner.java:413)
  at org.junit.runner.JUnitCore.run(JUnitCore.java:137)
  at org.junit.runner.JUnitCore.run(JUnitCore.java:115)
  at org.gradle.api.internal.tasks.testing.junit.JUnitTestExecutor.runRequest(JUnitTestExecutor.java:175)
  at org.gradle.api.internal.tasks.testing.junit.JUnitTestExecutor.accept(JUnitTestExecutor.java:84)
  at org.gradle.api.internal.tasks.testing.junit.JUnitTestExecutor.accept(JUnitTestExecutor.java:47)
  at org.gradle.api.internal.tasks.testing.junit.AbstractJUnitTestDefinitionProcessor.processTestDefinition(AbstractJUnitTestDefinitionProcessor.java:65)
  at org.gradle.api.internal.tasks.testing.SuiteTestDefinitionProcessor.processTestDefinition(SuiteTestDefinitionProcessor.java:54)
  at java.base/jdk.internal.reflect.DirectMethodHandleAccessor.invoke(DirectMethodHandleAccessor.java:104)
  at java.base/java.lang.reflect.Method.invoke(Method.java:565)
  at org.gradle.internal.dispatch.MethodInvocation.invokeOn(MethodInvocation.java:77)
  at org.gradle.internal.dispatch.ReflectionDispatch.dispatch(ReflectionDispatch.java:28)
  at org.gradle.internal.dispatch.ReflectionDispatch.dispatch(ReflectionDispatch.java:19)
  at org.gradle.internal.dispatch.ContextClassLoaderDispatch.dispatch(ContextClassLoaderDispatch.java:33)
  at org.gradle.internal.dispatch.ProxyDispatchAdapter$DispatchingInvocationHandler.invoke(ProxyDispatchAdapter.java:88)
  at jdk.proxy1/jdk.proxy1.$Proxy4.processTestDefinition(Unknown Source)
  at org.gradle.api.internal.tasks.testing.worker.TestWorker$2.run(TestWorker.java:178)
  at org.gradle.api.internal.tasks.testing.worker.TestWorker.executeAndMaintainThreadName(TestWorker.java:126)
  at org.gradle.api.internal.tasks.testing.worker.TestWorker.execute(TestWorker.java:103)
  at org.gradle.api.internal.tasks.testing.worker.TestWorker.execute(TestWorker.java:63)
  at org.gradle.process.internal.worker.child.ActionExecutionWorker.execute(ActionExecutionWorker.java:56)
  at org.gradle.process.internal.worker.child.SystemApplicationClassLoaderWorker.call(SystemApplicationClassLoaderWorker.java:122)
  at org.gradle.process.internal.worker.child.SystemApplicationClassLoaderWorker.call(SystemApplicationClassLoaderWorker.java:72)
  at worker.org.gradle.process.internal.worker.GradleWorkerMain.run(GradleWorkerMain.java:69)
  at worker.org.gradle.process.internal.worker.GradleWorkerMain.main(GradleWorkerMain.java:74)
</stacktrace>
</test-failure>


TypeScriptCompilerTests_D[jvm] > declFileGenericType_ts has expected errors matching declFileGenericType_errors_txt[jvm] FAILED

<test-failure test="com.xemantic.typescript.compiler.TypeScriptCompilerTests_D.declarationEmitBundleWithAmbientReferences_ts has expected errors matching declarationEmitBundleWithAmbientReferences_errors_txt" platform="jvm">
<message>
--- expected
+++ actual
@@ -1,6 +1,5 @@
 error TS5101: Option 'outFile' is deprecated and will stop functioning in TypeScript 7.0. Specify compilerOption '"ignoreDeprecations": "6.0"' to silence this error.
 error TS5107: Option 'module=AMD' is deprecated and will stop functioning in TypeScript 7.0. Specify compilerOption '"ignoreDeprecations": "6.0"' to silence this error.
-src/conditional_directive_field.ts(4,2): error TS2322: Type 'null' is not assignable to type 'T<string>'.
 
 
 !!! error TS5101: Option 'outFile' is deprecated and will stop functioning in TypeScript 7.0. Specify compilerOption '"ignoreDeprecations": "6.0"' to silence this error.
@@ -17,11 +16,9 @@
     
     export type T<T> = Result<Error, T>;
     
-==== src/conditional_directive_field.ts (1 errors) ====
+==== src/conditional_directive_field.ts (0 errors) ====
     import * as DatastoreResult from "src/datastore_result";
     
     export const build = (): DatastoreResult.T<string> => {
     	return null;
-    	~~~~~~
-!!! error TS2322: Type 'null' is not assignable to type 'T<string>'.
     };

</message>
<stacktrace>
  at org.junit.Assert.fail(Assert.java:89)
  at kotlin.test.junit.JUnitAsserter.fail(JUnitSupport.kt:56)
  at kotlin.test.AssertionsKt__AssertionsKt.fail(Assertions.kt:563)
  at kotlin.test.AssertionsKt.fail(Unknown Source)
  at com.xemantic.kotlin.test.SameAsKt.sameAs(SameAs.kt:52)
  at com.xemantic.typescript.compiler.TypeScriptTestSupportKt.errorsMatchBaseline(TypeScriptTestSupport.kt:135)
  at com.xemantic.typescript.compiler.TypeScriptCompilerTests_D.declarationEmitBundleWithAmbientReferences_ts has expected errors matching declarationEmitBundleWithAmbientReferences_errors_txt(TypeScriptCompilerTests_D.kt:1036)
  at java.base/jdk.internal.reflect.DirectMethodHandleAccessor.invoke(DirectMethodHandleAccessor.java:104)
  at java.base/java.lang.reflect.Method.invoke(Method.java:565)
  at org.junit.runners.model.FrameworkMethod$1.runReflectiveCall(FrameworkMethod.java:59)
  at org.junit.internal.runners.model.ReflectiveCallable.run(ReflectiveCallable.java:12)
  at org.junit.runners.model.FrameworkMethod.invokeExplosively(FrameworkMethod.java:56)
  at org.junit.internal.runners.statements.InvokeMethod.evaluate(InvokeMethod.java:17)
  at org.junit.runners.ParentRunner$3.evaluate(ParentRunner.java:306)
  at org.junit.runners.BlockJUnit4ClassRunner$1.evaluate(BlockJUnit4ClassRunner.java:100)
  at org.junit.runners.ParentRunner.runLeaf(ParentRunner.java:366)
  at org.junit.runners.BlockJUnit4ClassRunner.runChild(BlockJUnit4ClassRunner.java:103)
  at org.junit.runners.BlockJUnit4ClassRunner.runChild(BlockJUnit4ClassRunner.java:63)
  at org.junit.runners.ParentRunner$4.run(ParentRunner.java:331)
  at org.junit.runners.ParentRunner$1.schedule(ParentRunner.java:79)
  at org.junit.runners.ParentRunner.runChildren(ParentRunner.java:329)
  at org.junit.runners.ParentRunner.access$100(ParentRunner.java:66)
  at org.junit.runners.ParentRunner$2.evaluate(ParentRunner.java:293)
  at org.junit.runners.ParentRunner$3.evaluate(ParentRunner.java:306)
  at org.junit.runners.ParentRunner.run(ParentRunner.java:413)
  at org.junit.runner.JUnitCore.run(JUnitCore.java:137)
  at org.junit.runner.JUnitCore.run(JUnitCore.java:115)
  at org.gradle.api.internal.tasks.testing.junit.JUnitTestExecutor.runRequest(JUnitTestExecutor.java:175)
  at org.gradle.api.internal.tasks.testing.junit.JUnitTestExecutor.accept(JUnitTestExecutor.java:84)
  at org.gradle.api.internal.tasks.testing.junit.JUnitTestExecutor.accept(JUnitTestExecutor.java:47)
  at org.gradle.api.internal.tasks.testing.junit.AbstractJUnitTestDefinitionProcessor.processTestDefinition(AbstractJUnitTestDefinitionProcessor.java:65)
  at org.gradle.api.internal.tasks.testing.SuiteTestDefinitionProcessor.processTestDefinition(SuiteTestDefinitionProcessor.java:54)
  at java.base/jdk.internal.reflect.DirectMethodHandleAccessor.invoke(DirectMethodHandleAccessor.java:104)
  at java.base/java.lang.reflect.Method.invoke(Method.java:565)
  at org.gradle.internal.dispatch.MethodInvocation.invokeOn(MethodInvocation.java:77)
  at org.gradle.internal.dispatch.ReflectionDispatch.dispatch(ReflectionDispatch.java:28)
  at org.gradle.internal.dispatch.ReflectionDispatch.dispatch(ReflectionDispatch.java:19)
  at org.gradle.internal.dispatch.ContextClassLoaderDispatch.dispatch(ContextClassLoaderDispatch.java:33)
  at org.gradle.internal.dispatch.ProxyDispatchAdapter$DispatchingInvocationHandler.invoke(ProxyDispatchAdapter.java:88)
  at jdk.proxy1/jdk.proxy1.$Proxy4.processTestDefinition(Unknown Source)
  at org.gradle.api.internal.tasks.testing.worker.TestWorker$2.run(TestWorker.java:178)
  at org.gradle.api.internal.tasks.testing.worker.TestWorker.executeAndMaintainThreadName(TestWorker.java:126)
  at org.gradle.api.internal.tasks.testing.worker.TestWorker.execute(TestWorker.java:103)
  at org.gradle.api.internal.tasks.testing.worker.TestWorker.execute(TestWorker.java:63)
  at org.gradle.process.internal.worker.child.ActionExecutionWorker.execute(ActionExecutionWorker.java:56)
  at org.gradle.process.internal.worker.child.SystemApplicationClassLoaderWorker.call(SystemApplicationClassLoaderWorker.java:122)
  at org.gradle.process.internal.worker.child.SystemApplicationClassLoaderWorker.call(SystemApplicationClassLoaderWorker.java:72)
  at worker.org.gradle.process.internal.worker.GradleWorkerMain.run(GradleWorkerMain.java:69)
  at worker.org.gradle.process.internal.worker.GradleWorkerMain.main(GradleWorkerMain.java:74)
</stacktrace>
</test-failure>


TypeScriptCompilerTests_D[jvm] > declarationEmitBundleWithAmbientReferences_ts has expected errors matching declarationEmitBundleWithAmbientReferences_errors_txt[jvm] FAILED

<test-failure test="com.xemantic.typescript.compiler.TypeScriptCompilerTests_D.deleteExpressionMustBeOptional_exactOptionalPropertyTypes_ts__exactoptionalpropertytypes_true__has expected errors matching baseline" platform="jvm">
<message>
--- expected
+++ actual
@@ -1,12 +1,7 @@
-deleteExpressionMustBeOptional_exactOptionalPropertyTypes.ts(26,8): error TS2790: The operand of a 'delete' operator must be optional.
-deleteExpressionMustBeOptional_exactOptionalPropertyTypes.ts(27,8): error TS2790: The operand of a 'delete' operator must be optional.
-deleteExpressionMustBeOptional_exactOptionalPropertyTypes.ts(28,8): error TS2790: The operand of a 'delete' operator must be optional.
-deleteExpressionMustBeOptional_exactOptionalPropertyTypes.ts(30,8): error TS2790: The operand of a 'delete' operator must be optional.
 deleteExpressionMustBeOptional_exactOptionalPropertyTypes.ts(35,10): error TS2339: Property 'j' does not exist on type 'Foo'.
-deleteExpressionMustBeOptional_exactOptionalPropertyTypes.ts(46,10): error TS2339: Property 'j' does not exist on type 'Partial<Foo>'.
 
 
-==== deleteExpressionMustBeOptional_exactOptionalPropertyTypes.ts (6 errors) ====
+==== deleteExpressionMustBeOptional_exactOptionalPropertyTypes.ts (1 errors) ====
     interface Foo {
         a: number
         b: number | undefined
@@ -33,18 +28,10 @@
     declare const b: BB
     
     delete f.a
-           ~~~
-!!! error TS2790: The operand of a 'delete' operator must be optional.
     delete f.b
-           ~~~
-!!! error TS2790: The operand of a 'delete' operator must be optional.
     delete f.c
-           ~~~
-!!! error TS2790: The operand of a 'delete' operator must be optional.
     delete f.d
     delete f.e
-           ~~~
-!!! error TS2790: The operand of a 'delete' operator must be optional.
     delete f.f
     delete f.g
     delete f.h
@@ -63,8 +50,6 @@
     delete g.h
     delete g.i
     delete g.j
-             ~
-!!! error TS2339: Property 'j' does not exist on type 'Partial<Foo>'.
     
     delete a.a
     delete a.b

</message>
<stacktrace>
  at org.junit.Assert.fail(Assert.java:89)
  at kotlin.test.junit.JUnitAsserter.fail(JUnitSupport.kt:56)
  at kotlin.test.AssertionsKt__AssertionsKt.fail(Assertions.kt:563)
  at kotlin.test.AssertionsKt.fail(Unknown Source)
  at com.xemantic.kotlin.test.SameAsKt.sameAs(SameAs.kt:52)
  at com.xemantic.typescript.compiler.TypeScriptTestSupportKt.errorsMatchBaseline(TypeScriptTestSupport.kt:135)
  at com.xemantic.typescript.compiler.TypeScriptCompilerTests_D.deleteExpressionMustBeOptional_exactOptionalPropertyTypes_ts__exactoptionalpropertytypes_true__has expected errors matching baseline(TypeScriptCompilerTests_D.kt:4529)
  at java.base/jdk.internal.reflect.DirectMethodHandleAccessor.invoke(DirectMethodHandleAccessor.java:104)
  at java.base/java.lang.reflect.Method.invoke(Method.java:565)
  at org.junit.runners.model.FrameworkMethod$1.runReflectiveCall(FrameworkMethod.java:59)
  at org.junit.internal.runners.model.ReflectiveCallable.run(ReflectiveCallable.java:12)
  at org.junit.runners.model.FrameworkMethod.invokeExplosively(FrameworkMethod.java:56)
  at org.junit.internal.runners.statements.InvokeMethod.evaluate(InvokeMethod.java:17)
  at org.junit.runners.ParentRunner$3.evaluate(ParentRunner.java:306)
  at org.junit.runners.BlockJUnit4ClassRunner$1.evaluate(BlockJUnit4ClassRunner.java:100)
  at org.junit.runners.ParentRunner.runLeaf(ParentRunner.java:366)
  at org.junit.runners.BlockJUnit4ClassRunner.runChild(BlockJUnit4ClassRunner.java:103)
  at org.junit.runners.BlockJUnit4ClassRunner.runChild(BlockJUnit4ClassRunner.java:63)
  at org.junit.runners.ParentRunner$4.run(ParentRunner.java:331)
  at org.junit.runners.ParentRunner$1.schedule(ParentRunner.java:79)
  at org.junit.runners.ParentRunner.runChildren(ParentRunner.java:329)
  at org.junit.runners.ParentRunner.access$100(ParentRunner.java:66)
  at org.junit.runners.ParentRunner$2.evaluate(ParentRunner.java:293)
  at org.junit.runners.ParentRunner$3.evaluate(ParentRunner.java:306)
  at org.junit.runners.ParentRunner.run(ParentRunner.java:413)
  at org.junit.runner.JUnitCore.run(JUnitCore.java:137)
  at org.junit.runner.JUnitCore.run(JUnitCore.java:115)
  at org.gradle.api.internal.tasks.testing.junit.JUnitTestExecutor.runRequest(JUnitTestExecutor.java:175)
  at org.gradle.api.internal.tasks.testing.junit.JUnitTestExecutor.accept(JUnitTestExecutor.java:84)
  at org.gradle.api.internal.tasks.testing.junit.JUnitTestExecutor.accept(JUnitTestExecutor.java:47)
  at org.gradle.api.internal.tasks.testing.junit.AbstractJUnitTestDefinitionProcessor.processTestDefinition(AbstractJUnitTestDefinitionProcessor.java:65)
  at org.gradle.api.internal.tasks.testing.SuiteTestDefinitionProcessor.processTestDefinition(SuiteTestDefinitionProcessor.java:54)
  at java.base/jdk.internal.reflect.DirectMethodHandleAccessor.invoke(DirectMethodHandleAccessor.java:104)
  at java.base/java.lang.reflect.Method.invoke(Method.java:565)
  at org.gradle.internal.dispatch.MethodInvocation.invokeOn(MethodInvocation.java:77)
  at org.gradle.internal.dispatch.ReflectionDispatch.dispatch(ReflectionDispatch.java:28)
  at org.gradle.internal.dispatch.ReflectionDispatch.dispatch(ReflectionDispatch.java:19)
  at org.gradle.internal.dispatch.ContextClassLoaderDispatch.dispatch(ContextClassLoaderDispatch.java:33)
  at org.gradle.internal.dispatch.ProxyDispatchAdapter$DispatchingInvocationHandler.invoke(ProxyDispatchAdapter.java:88)
  at jdk.proxy1/jdk.proxy1.$Proxy4.processTestDefinition(Unknown Source)
  at org.gradle.api.internal.tasks.testing.worker.TestWorker$2.run(TestWorker.java:178)
  at org.gradle.api.internal.tasks.testing.worker.TestWorker.executeAndMaintainThreadName(TestWorker.java:126)
  at org.gradle.api.internal.tasks.testing.worker.TestWorker.execute(TestWorker.java:103)
  at org.gradle.api.internal.tasks.testing.worker.TestWorker.execute(TestWorker.java:63)
  at org.gradle.process.internal.worker.child.ActionExecutionWorker.execute(ActionExecutionWorker.java:56)
  at org.gradle.process.internal.worker.child.SystemApplicationClassLoaderWorker.call(SystemApplicationClassLoaderWorker.java:122)
  at org.gradle.process.internal.worker.child.SystemApplicationClassLoaderWorker.call(SystemApplicationClassLoaderWorker.java:72)
  at worker.org.gradle.process.internal.worker.GradleWorkerMain.run(GradleWorkerMain.java:69)
  at worker.org.gradle.process.internal.worker.GradleWorkerMain.main(GradleWorkerMain.java:74)
</stacktrace>
</test-failure>


TypeScriptCompilerTests_D[jvm] > deleteExpressionMustBeOptional_exactOptionalPropertyTypes_ts__exactoptionalpropertytypes_true__has expected errors matching baseline[jvm] FAILED

<test-failure test="com.xemantic.typescript.compiler.TypeScriptCompilerTests_D.declarationEmitComputedPropertyNameEnum2_ts has expected errors matching declarationEmitComputedPropertyNameEnum2_errors_txt" platform="jvm">
<message>
Expected diagnostics from baseline typescript-repo/tests/baselines/reference/declarationEmitComputedPropertyNameEnum2.errors.txt but none produced
</message>
<stacktrace>
  at com.xemantic.typescript.compiler.TypeScriptTestSupportKt.errorsMatchBaseline(TypeScriptTestSupport.kt:125)
  at com.xemantic.typescript.compiler.TypeScriptCompilerTests_D.declarationEmitComputedPropertyNameEnum2_ts has expected errors matching declarationEmitComputedPropertyNameEnum2_errors_txt(TypeScriptCompilerTests_D.kt:1302)
  at java.base/jdk.internal.reflect.DirectMethodHandleAccessor.invoke(DirectMethodHandleAccessor.java:104)
  at java.base/java.lang.reflect.Method.invoke(Method.java:565)
  at org.junit.runners.model.FrameworkMethod$1.runReflectiveCall(FrameworkMethod.java:59)
  at org.junit.internal.runners.model.ReflectiveCallable.run(ReflectiveCallable.java:12)
  at org.junit.runners.model.FrameworkMethod.invokeExplosively(FrameworkMethod.java:56)
  at org.junit.internal.runners.statements.InvokeMethod.evaluate(InvokeMethod.java:17)
  at org.junit.runners.ParentRunner$3.evaluate(ParentRunner.java:306)
  at org.junit.runners.BlockJUnit4ClassRunner$1.evaluate(BlockJUnit4ClassRunner.java:100)
  at org.junit.runners.ParentRunner.runLeaf(ParentRunner.java:366)
  at org.junit.runners.BlockJUnit4ClassRunner.runChild(BlockJUnit4ClassRunner.java:103)
  at org.junit.runners.BlockJUnit4ClassRunner.runChild(BlockJUnit4ClassRunner.java:63)
  at org.junit.runners.ParentRunner$4.run(ParentRunner.java:331)
  at org.junit.runners.ParentRunner$1.schedule(ParentRunner.java:79)
  at org.junit.runners.ParentRunner.runChildren(ParentRunner.java:329)
  at org.junit.runners.ParentRunner.access$100(ParentRunner.java:66)
  at org.junit.runners.ParentRunner$2.evaluate(ParentRunner.java:293)
  at org.junit.runners.ParentRunner$3.evaluate(ParentRunner.java:306)
  at org.junit.runners.ParentRunner.run(ParentRunner.java:413)
  at org.junit.runner.JUnitCore.run(JUnitCore.java:137)
  at org.junit.runner.JUnitCore.run(JUnitCore.java:115)
  at org.gradle.api.internal.tasks.testing.junit.JUnitTestExecutor.runRequest(JUnitTestExecutor.java:175)
  at org.gradle.api.internal.tasks.testing.junit.JUnitTestExecutor.accept(JUnitTestExecutor.java:84)
  at org.gradle.api.internal.tasks.testing.junit.JUnitTestExecutor.accept(JUnitTestExecutor.java:47)
  at org.gradle.api.internal.tasks.testing.junit.AbstractJUnitTestDefinitionProcessor.processTestDefinition(AbstractJUnitTestDefinitionProcessor.java:65)
  at org.gradle.api.internal.tasks.testing.SuiteTestDefinitionProcessor.processTestDefinition(SuiteTestDefinitionProcessor.java:54)
  at java.base/jdk.internal.reflect.DirectMethodHandleAccessor.invoke(DirectMethodHandleAccessor.java:104)
  at java.base/java.lang.reflect.Method.invoke(Method.java:565)
  at org.gradle.internal.dispatch.MethodInvocation.invokeOn(MethodInvocation.java:77)
  at org.gradle.internal.dispatch.ReflectionDispatch.dispatch(ReflectionDispatch.java:28)
  at org.gradle.internal.dispatch.ReflectionDispatch.dispatch(ReflectionDispatch.java:19)
  at org.gradle.internal.dispatch.ContextClassLoaderDispatch.dispatch(ContextClassLoaderDispatch.java:33)
  at org.gradle.internal.dispatch.ProxyDispatchAdapter$DispatchingInvocationHandler.invoke(ProxyDispatchAdapter.java:88)
  at jdk.proxy1/jdk.proxy1.$Proxy4.processTestDefinition(Unknown Source)
  at org.gradle.api.internal.tasks.testing.worker.TestWorker$2.run(TestWorker.java:178)
  at org.gradle.api.internal.tasks.testing.worker.TestWorker.executeAndMaintainThreadName(TestWorker.java:126)
  at org.gradle.api.internal.tasks.testing.worker.TestWorker.execute(TestWorker.java:103)
  at org.gradle.api.internal.tasks.testing.worker.TestWorker.execute(TestWorker.java:63)
  at org.gradle.process.internal.worker.child.ActionExecutionWorker.execute(ActionExecutionWorker.java:56)
  at org.gradle.process.internal.worker.child.SystemApplicationClassLoaderWorker.call(SystemApplicationClassLoaderWorker.java:122)
  at org.gradle.process.internal.worker.child.SystemApplicationClassLoaderWorker.call(SystemApplicationClassLoaderWorker.java:72)
  at worker.org.gradle.process.internal.worker.GradleWorkerMain.run(GradleWorkerMain.java:69)
  at worker.org.gradle.process.internal.worker.GradleWorkerMain.main(GradleWorkerMain.java:74)
</stacktrace>
</test-failure>


TypeScriptCompilerTests_D[jvm] > declarationEmitComputedPropertyNameEnum2_ts has expected errors matching declarationEmitComputedPropertyNameEnum2_errors_txt[jvm] FAILED

<test-failure test="com.xemantic.typescript.compiler.TypeScriptCompilerTests_D.declarationEmitObjectAssignedDefaultExport_ts has expected errors matching declarationEmitObjectAssignedDefaultExport_errors_txt" platform="jvm">
<message>
Expected diagnostics from baseline typescript-repo/tests/baselines/reference/declarationEmitObjectAssignedDefaultExport.errors.txt but none produced
</message>
<stacktrace>
  at com.xemantic.typescript.compiler.TypeScriptTestSupportKt.errorsMatchBaseline(TypeScriptTestSupport.kt:125)
  at com.xemantic.typescript.compiler.TypeScriptCompilerTests_D.declarationEmitObjectAssignedDefaultExport_ts has expected errors matching declarationEmitObjectAssignedDefaultExport_errors_txt(TypeScriptCompilerTests_D.kt:2506)
  at java.base/jdk.internal.reflect.DirectMethodHandleAccessor.invoke(DirectMethodHandleAccessor.java:104)
  at java.base/java.lang.reflect.Method.invoke(Method.java:565)
  at org.junit.runners.model.FrameworkMethod$1.runReflectiveCall(FrameworkMethod.java:59)
  at org.junit.internal.runners.model.ReflectiveCallable.run(ReflectiveCallable.java:12)
  at org.junit.runners.model.FrameworkMethod.invokeExplosively(FrameworkMethod.java:56)
  at org.junit.internal.runners.statements.InvokeMethod.evaluate(InvokeMethod.java:17)
  at org.junit.runners.ParentRunner$3.evaluate(ParentRunner.java:306)
  at org.junit.runners.BlockJUnit4ClassRunner$1.evaluate(BlockJUnit4ClassRunner.java:100)
  at org.junit.runners.ParentRunner.runLeaf(ParentRunner.java:366)
  at org.junit.runners.BlockJUnit4ClassRunner.runChild(BlockJUnit4ClassRunner.java:103)
  at org.junit.runners.BlockJUnit4ClassRunner.runChild(BlockJUnit4ClassRunner.java:63)
  at org.junit.runners.ParentRunner$4.run(ParentRunner.java:331)
  at org.junit.runners.ParentRunner$1.schedule(ParentRunner.java:79)
  at org.junit.runners.ParentRunner.runChildren(ParentRunner.java:329)
  at org.junit.runners.ParentRunner.access$100(ParentRunner.java:66)
  at org.junit.runners.ParentRunner$2.evaluate(ParentRunner.java:293)
  at org.junit.runners.ParentRunner$3.evaluate(ParentRunner.java:306)
  at org.junit.runners.ParentRunner.run(ParentRunner.java:413)
  at org.junit.runner.JUnitCore.run(JUnitCore.java:137)
  at org.junit.runner.JUnitCore.run(JUnitCore.java:115)
  at org.gradle.api.internal.tasks.testing.junit.JUnitTestExecutor.runRequest(JUnitTestExecutor.java:175)
  at org.gradle.api.internal.tasks.testing.junit.JUnitTestExecutor.accept(JUnitTestExecutor.java:84)
  at org.gradle.api.internal.tasks.testing.junit.JUnitTestExecutor.accept(JUnitTestExecutor.java:47)
  at org.gradle.api.internal.tasks.testing.junit.AbstractJUnitTestDefinitionProcessor.processTestDefinition(AbstractJUnitTestDefinitionProcessor.java:65)
  at org.gradle.api.internal.tasks.testing.SuiteTestDefinitionProcessor.processTestDefinition(SuiteTestDefinitionProcessor.java:54)
  at java.base/jdk.internal.reflect.DirectMethodHandleAccessor.invoke(DirectMethodHandleAccessor.java:104)
  at java.base/java.lang.reflect.Method.invoke(Method.java:565)
  at org.gradle.internal.dispatch.MethodInvocation.invokeOn(MethodInvocation.java:77)
  at org.gradle.internal.dispatch.ReflectionDispatch.dispatch(ReflectionDispatch.java:28)
  at org.gradle.internal.dispatch.ReflectionDispatch.dispatch(ReflectionDispatch.java:19)
  at org.gradle.internal.dispatch.ContextClassLoaderDispatch.dispatch(ContextClassLoaderDispatch.java:33)
  at org.gradle.internal.dispatch.ProxyDispatchAdapter$DispatchingInvocationHandler.invoke(ProxyDispatchAdapter.java:88)
  at jdk.proxy1/jdk.proxy1.$Proxy4.processTestDefinition(Unknown Source)
  at org.gradle.api.internal.tasks.testing.worker.TestWorker$2.run(TestWorker.java:178)
  at org.gradle.api.internal.tasks.testing.worker.TestWorker.executeAndMaintainThreadName(TestWorker.java:126)
  at org.gradle.api.internal.tasks.testing.worker.TestWorker.execute(TestWorker.java:103)
  at org.gradle.api.internal.tasks.testing.worker.TestWorker.execute(TestWorker.java:63)
  at org.gradle.process.internal.worker.child.ActionExecutionWorker.execute(ActionExecutionWorker.java:56)
  at org.gradle.process.internal.worker.child.SystemApplicationClassLoaderWorker.call(SystemApplicationClassLoaderWorker.java:122)
  at org.gradle.process.internal.worker.child.SystemApplicationClassLoaderWorker.call(SystemApplicationClassLoaderWorker.java:72)
  at worker.org.gradle.process.internal.worker.GradleWorkerMain.run(GradleWorkerMain.java:69)
  at worker.org.gradle.process.internal.worker.GradleWorkerMain.main(GradleWorkerMain.java:74)
</stacktrace>
</test-failure>


TypeScriptCompilerTests_D[jvm] > declarationEmitObjectAssignedDefaultExport_ts has expected errors matching declarationEmitObjectAssignedDefaultExport_errors_txt[jvm] FAILED

<test-failure test="com.xemantic.typescript.compiler.TypeScriptCompilerTests_D.dynamicImportInDefaultExportExpression_ts has expected errors matching dynamicImportInDefaultExportExpression_errors_txt" platform="jvm">
<message>
Expected diagnostics from baseline typescript-repo/tests/baselines/reference/dynamicImportInDefaultExportExpression.errors.txt but none produced
</message>
<stacktrace>
  at com.xemantic.typescript.compiler.TypeScriptTestSupportKt.errorsMatchBaseline(TypeScriptTestSupport.kt:125)
  at com.xemantic.typescript.compiler.TypeScriptCompilerTests_D.dynamicImportInDefaultExportExpression_ts has expected errors matching dynamicImportInDefaultExportExpression_errors_txt(TypeScriptCompilerTests_D.kt:6923)
  at java.base/jdk.internal.reflect.DirectMethodHandleAccessor.invoke(DirectMethodHandleAccessor.java:104)
  at java.base/java.lang.reflect.Method.invoke(Method.java:565)
  at org.junit.runners.model.FrameworkMethod$1.runReflectiveCall(FrameworkMethod.java:59)
  at org.junit.internal.runners.model.ReflectiveCallable.run(ReflectiveCallable.java:12)
  at org.junit.runners.model.FrameworkMethod.invokeExplosively(FrameworkMethod.java:56)
  at org.junit.internal.runners.statements.InvokeMethod.evaluate(InvokeMethod.java:17)
  at org.junit.runners.ParentRunner$3.evaluate(ParentRunner.java:306)
  at org.junit.runners.BlockJUnit4ClassRunner$1.evaluate(BlockJUnit4ClassRunner.java:100)
  at org.junit.runners.ParentRunner.runLeaf(ParentRunner.java:366)
  at org.junit.runners.BlockJUnit4ClassRunner.runChild(BlockJUnit4ClassRunner.java:103)
  at org.junit.runners.BlockJUnit4ClassRunner.runChild(BlockJUnit4ClassRunner.java:63)
  at org.junit.runners.ParentRunner$4.run(ParentRunner.java:331)
  at org.junit.runners.ParentRunner$1.schedule(ParentRunner.java:79)
  at org.junit.runners.ParentRunner.runChildren(ParentRunner.java:329)
  at org.junit.runners.ParentRunner.access$100(ParentRunner.java:66)
  at org.junit.runners.ParentRunner$2.evaluate(ParentRunner.java:293)
  at org.junit.runners.ParentRunner$3.evaluate(ParentRunner.java:306)
  at org.junit.runners.ParentRunner.run(ParentRunner.java:413)
  at org.junit.runner.JUnitCore.run(JUnitCore.java:137)
  at org.junit.runner.JUnitCore.run(JUnitCore.java:115)
  at org.gradle.api.internal.tasks.testing.junit.JUnitTestExecutor.runRequest(JUnitTestExecutor.java:175)
  at org.gradle.api.internal.tasks.testing.junit.JUnitTestExecutor.accept(JUnitTestExecutor.java:84)
  at org.gradle.api.internal.tasks.testing.junit.JUnitTestExecutor.accept(JUnitTestExecutor.java:47)
  at org.gradle.api.internal.tasks.testing.junit.AbstractJUnitTestDefinitionProcessor.processTestDefinition(AbstractJUnitTestDefinitionProcessor.java:65)
  at org.gradle.api.internal.tasks.testing.SuiteTestDefinitionProcessor.processTestDefinition(SuiteTestDefinitionProcessor.java:54)
  at java.base/jdk.internal.reflect.DirectMethodHandleAccessor.invoke(DirectMethodHandleAccessor.java:104)
  at java.base/java.lang.reflect.Method.invoke(Method.java:565)
  at org.gradle.internal.dispatch.MethodInvocation.invokeOn(MethodInvocation.java:77)
  at org.gradle.internal.dispatch.ReflectionDispatch.dispatch(ReflectionDispatch.java:28)
  at org.gradle.internal.dispatch.ReflectionDispatch.dispatch(ReflectionDispatch.java:19)
  at org.gradle.internal.dispatch.ContextClassLoaderDispatch.dispatch(ContextClassLoaderDispatch.java:33)
  at org.gradle.internal.dispatch.ProxyDispatchAdapter$DispatchingInvocationHandler.invoke(ProxyDispatchAdapter.java:88)
  at jdk.proxy1/jdk.proxy1.$Proxy4.processTestDefinition(Unknown Source)
  at org.gradle.api.internal.tasks.testing.worker.TestWorker$2.run(TestWorker.java:178)
  at org.gradle.api.internal.tasks.testing.worker.TestWorker.executeAndMaintainThreadName(TestWorker.java:126)
  at org.gradle.api.internal.tasks.testing.worker.TestWorker.execute(TestWorker.java:103)
  at org.gradle.api.internal.tasks.testing.worker.TestWorker.execute(TestWorker.java:63)
  at org.gradle.process.internal.worker.child.ActionExecutionWorker.execute(ActionExecutionWorker.java:56)
  at org.gradle.process.internal.worker.child.SystemApplicationClassLoaderWorker.call(SystemApplicationClassLoaderWorker.java:122)
  at org.gradle.process.internal.worker.child.SystemApplicationClassLoaderWorker.call(SystemApplicationClassLoaderWorker.java:72)
  at worker.org.gradle.process.internal.worker.GradleWorkerMain.run(GradleWorkerMain.java:69)
  at worker.org.gradle.process.internal.worker.GradleWorkerMain.main(GradleWorkerMain.java:74)
</stacktrace>
</test-failure>


TypeScriptCompilerTests_D[jvm] > dynamicImportInDefaultExportExpression_ts has expected errors matching dynamicImportInDefaultExportExpression_errors_txt[jvm] FAILED

<test-failure test="com.xemantic.typescript.compiler.TypeScriptCompilerTests_D.doYouNeedToChangeYourTargetLibraryES2023_ts__target_es5__has expected errors matching baseline" platform="jvm">
<message>
--- expected
+++ actual
@@ -1,21 +1,8 @@
 error TS5107: Option 'target=ES5' is deprecated and will stop functioning in TypeScript 7.0. Specify compilerOption '"ignoreDeprecations": "6.0"' to silence this error.
-doYouNeedToChangeYourTargetLibraryES2023.ts(7,31): error TS2550: Property 'findLastIndex' does not exist on type 'number[]'. Do you need to change your target library? Try changing the 'lib' compiler option to 'es2023' or later.
-doYouNeedToChangeYourTargetLibraryES2023.ts(7,45): error TS7006: Parameter 'v' implicitly has an 'any' type.
-doYouNeedToChangeYourTargetLibraryES2023.ts(8,31): error TS2550: Property 'findLastIndex' does not exist on type 'number[]'. Do you need to change your target library? Try changing the 'lib' compiler option to 'es2023' or later.
-doYouNeedToChangeYourTargetLibraryES2023.ts(10,26): error TS2550: Property 'findLast' does not exist on type 'number[]'. Do you need to change your target library? Try changing the 'lib' compiler option to 'es2023' or later.
-doYouNeedToChangeYourTargetLibraryES2023.ts(11,26): error TS2550: Property 'findLast' does not exist on type 'number[]'. Do you need to change your target library? Try changing the 'lib' compiler option to 'es2023' or later.
-doYouNeedToChangeYourTargetLibraryES2023.ts(13,27): error TS2550: Property 'toSorted' does not exist on type 'number[]'. Do you need to change your target library? Try changing the 'lib' compiler option to 'es2023' or later.
-doYouNeedToChangeYourTargetLibraryES2023.ts(15,29): error TS2550: Property 'toSpliced' does not exist on type 'number[]'. Do you need to change your target library? Try changing the 'lib' compiler option to 'es2023' or later.
-doYouNeedToChangeYourTargetLibraryES2023.ts(16,29): error TS2550: Property 'toSpliced' does not exist on type 'number[]'. Do you need to change your target library? Try changing the 'lib' compiler option to 'es2023' or later.
-doYouNeedToChangeYourTargetLibraryES2023.ts(17,29): error TS2550: Property 'toSpliced' does not exist on type 'number[]'. Do you need to change your target library? Try changing the 'lib' compiler option to 'es2023' or later.
-doYouNeedToChangeYourTargetLibraryES2023.ts(18,29): error TS2550: Property 'toSpliced' does not exist on type 'number[]'. Do you need to change your target library? Try changing the 'lib' compiler option to 'es2023' or later.
-doYouNeedToChangeYourTargetLibraryES2023.ts(19,29): error TS2550: Property 'toSpliced' does not exist on type 'number[]'. Do you need to change your target library? Try changing the 'lib' compiler option to 'es2023' or later.
-doYouNeedToChangeYourTargetLibraryES2023.ts(21,34): error TS2550: Property 'with' does not exist on type 'number[]'. Do you need to change your target library? Try changing the 'lib' compiler option to 'es2023' or later.
-doYouNeedToChangeYourTargetLibraryES2023.ts(22,29): error TS2550: Property 'with' does not exist on type 'number[]'. Do you need to change your target library? Try changing the 'lib' compiler option to 'es2023' or later.
 
 
 !!! error TS5107: Option 'target=ES5' is deprecated and will stop functioning in TypeScript 7.0. Specify compilerOption '"ignoreDeprecations": "6.0"' to silence this error.
-==== doYouNeedToChangeYourTargetLibraryES2023.ts (13 errors) ====
+==== doYouNeedToChangeYourTargetLibraryES2023.ts (0 errors) ====
     export let array = [0, 2, 3, 4];
     
     function somePredicate(x: any): boolean {
@@ -23,44 +10,18 @@
     }
     
     export let lastIndex1 = array.findLastIndex(v => v === 4);
-                                  ~~~~~~~~~~~~~
-!!! error TS2550: Property 'findLastIndex' does not exist on type 'number[]'. Do you need to change your target library? Try changing the 'lib' compiler option to 'es2023' or later.
-                                                ~
-!!! error TS7006: Parameter 'v' implicitly has an 'any' type.
     export let lastIndex2 = array.findLastIndex(somePredicate);
-                                  ~~~~~~~~~~~~~
-!!! error TS2550: Property 'findLastIndex' does not exist on type 'number[]'. Do you need to change your target library? Try changing the 'lib' compiler option to 'es2023' or later.
     
     export let last1 = array.findLast(somePredicate);
-                             ~~~~~~~~
-!!! error TS2550: Property 'findLast' does not exist on type 'number[]'. Do you need to change your target library? Try changing the 'lib' compiler option to 'es2023' or later.
     export let last2 = array.findLast(somePredicate);
-                             ~~~~~~~~
-!!! error TS2550: Property 'findLast' does not exist on type 'number[]'. Do you need to change your target library? Try changing the 'lib' compiler option to 'es2023' or later.
     
     export let sorted = array.toSorted();
-                              ~~~~~~~~
-!!! error TS2550: Property 'toSorted' does not exist on type 'number[]'. Do you need to change your target library? Try changing the 'lib' compiler option to 'es2023' or later.
     
     export let spliced1 = array.toSpliced(2);
-                                ~~~~~~~~~
-!!! error TS2550: Property 'toSpliced' does not exist on type 'number[]'. Do you need to change your target library? Try changing the 'lib' compiler option to 'es2023' or later.
     export let spliced2 = array.toSpliced(2, 1);
-                                ~~~~~~~~~
-!!! error TS2550: Property 'toSpliced' does not exist on type 'number[]'. Do you need to change your target library? Try changing the 'lib' compiler option to 'es2023' or later.
     export let spliced3 = array.toSpliced(2, 1, 4, 5, 6, 7);
-                                ~~~~~~~~~
-!!! error TS2550: Property 'toSpliced' does not exist on type 'number[]'. Do you need to change your target library? Try changing the 'lib' compiler option to 'es2023' or later.
     export let spliced4 = array.toSpliced(2, undefined);
-                                ~~~~~~~~~
-!!! error TS2550: Property 'toSpliced' does not exist on type 'number[]'. Do you need to change your target library? Try changing the 'lib' compiler option to 'es2023' or later.
     export let spliced5 = array.toSpliced(2, undefined, 4, 5, 6, 7);
-                                ~~~~~~~~~
-!!! error TS2550: Property 'toSpliced' does not exist on type 'number[]'. Do you need to change your target library? Try changing the 'lib' compiler option to 'es2023' or later.
     
     export let startsWithOne = array.with(0, 1);
-                                     ~~~~
-!!! error TS2550: Property 'with' does not exist on type 'number[]'. Do you need to change your target library? Try changing the 'lib' compiler option to 'es2023' or later.
     export let inTheEnd = array.with(-1, 1);
-                                ~~~~
-!!! error TS2550: Property 'with' does not exist on type 'number[]'. Do you need to change your target library? Try changing the 'lib' compiler option to 'es2023' or later.

</message>
<stacktrace>
  at org.junit.Assert.fail(Assert.java:89)
  at kotlin.test.junit.JUnitAsserter.fail(JUnitSupport.kt:56)
  at kotlin.test.AssertionsKt__AssertionsKt.fail(Assertions.kt:563)
  at kotlin.test.AssertionsKt.fail(Unknown Source)
  at com.xemantic.kotlin.test.SameAsKt.sameAs(SameAs.kt:52)
  at com.xemantic.typescript.compiler.TypeScriptTestSupportKt.errorsMatchBaseline(TypeScriptTestSupport.kt:135)
  at com.xemantic.typescript.compiler.TypeScriptCompilerTests_D.doYouNeedToChangeYourTargetLibraryES2023_ts__target_es5__has expected errors matching baseline(TypeScriptCompilerTests_D.kt:5747)
  at java.base/jdk.internal.reflect.DirectMethodHandleAccessor.invoke(DirectMethodHandleAccessor.java:104)
  at java.base/java.lang.reflect.Method.invoke(Method.java:565)
  at org.junit.runners.model.FrameworkMethod$1.runReflectiveCall(FrameworkMethod.java:59)
  at org.junit.internal.runners.model.ReflectiveCallable.run(ReflectiveCallable.java:12)
  at org.junit.runners.model.FrameworkMethod.invokeExplosively(FrameworkMethod.java:56)
  at org.junit.internal.runners.statements.InvokeMethod.evaluate(InvokeMethod.java:17)
  at org.junit.runners.ParentRunner$3.evaluate(ParentRunner.java:306)
  at org.junit.runners.BlockJUnit4ClassRunner$1.evaluate(BlockJUnit4ClassRunner.java:100)
  at org.junit.runners.ParentRunner.runLeaf(ParentRunner.java:366)
  at org.junit.runners.BlockJUnit4ClassRunner.runChild(BlockJUnit4ClassRunner.java:103)
  at org.junit.runners.BlockJUnit4ClassRunner.runChild(BlockJUnit4ClassRunner.java:63)
  at org.junit.runners.ParentRunner$4.run(ParentRunner.java:331)
  at org.junit.runners.ParentRunner$1.schedule(ParentRunner.java:79)
  at org.junit.runners.ParentRunner.runChildren(ParentRunner.java:329)
  at org.junit.runners.ParentRunner.access$100(ParentRunner.java:66)
  at org.junit.runners.ParentRunner$2.evaluate(ParentRunner.java:293)
  at org.junit.runners.ParentRunner$3.evaluate(ParentRunner.java:306)
  at org.junit.runners.ParentRunner.run(ParentRunner.java:413)
  at org.junit.runner.JUnitCore.run(JUnitCore.java:137)
  at org.junit.runner.JUnitCore.run(JUnitCore.java:115)
  at org.gradle.api.internal.tasks.testing.junit.JUnitTestExecutor.runRequest(JUnitTestExecutor.java:175)
  at org.gradle.api.internal.tasks.testing.junit.JUnitTestExecutor.accept(JUnitTestExecutor.java:84)
  at org.gradle.api.internal.tasks.testing.junit.JUnitTestExecutor.accept(JUnitTestExecutor.java:47)
  at org.gradle.api.internal.tasks.testing.junit.AbstractJUnitTestDefinitionProcessor.processTestDefinition(AbstractJUnitTestDefinitionProcessor.java:65)
  at org.gradle.api.internal.tasks.testing.SuiteTestDefinitionProcessor.processTestDefinition(SuiteTestDefinitionProcessor.java:54)
  at java.base/jdk.internal.reflect.DirectMethodHandleAccessor.invoke(DirectMethodHandleAccessor.java:104)
  at java.base/java.lang.reflect.Method.invoke(Method.java:565)
  at org.gradle.internal.dispatch.MethodInvocation.invokeOn(MethodInvocation.java:77)
  at org.gradle.internal.dispatch.ReflectionDispatch.dispatch(ReflectionDispatch.java:28)
  at org.gradle.internal.dispatch.ReflectionDispatch.dispatch(ReflectionDispatch.java:19)
  at org.gradle.internal.dispatch.ContextClassLoaderDispatch.dispatch(ContextClassLoaderDispatch.java:33)
  at org.gradle.internal.dispatch.ProxyDispatchAdapter$DispatchingInvocationHandler.invoke(ProxyDispatchAdapter.java:88)
  at jdk.proxy1/jdk.proxy1.$Proxy4.processTestDefinition(Unknown Source)
  at org.gradle.api.internal.tasks.testing.worker.TestWorker$2.run(TestWorker.java:178)
  at org.gradle.api.internal.tasks.testing.worker.TestWorker.executeAndMaintainThreadName(TestWorker.java:126)
  at org.gradle.api.internal.tasks.testing.worker.TestWorker.execute(TestWorker.java:103)
  at org.gradle.api.internal.tasks.testing.worker.TestWorker.execute(TestWorker.java:63)
  at org.gradle.process.internal.worker.child.ActionExecutionWorker.execute(ActionExecutionWorker.java:56)
  at org.gradle.process.internal.worker.child.SystemApplicationClassLoaderWorker.call(SystemApplicationClassLoaderWorker.java:122)
  at org.gradle.process.internal.worker.child.SystemApplicationClassLoaderWorker.call(SystemApplicationClassLoaderWorker.java:72)
  at worker.org.gradle.process.internal.worker.GradleWorkerMain.run(GradleWorkerMain.java:69)
  at worker.org.gradle.process.internal.worker.GradleWorkerMain.main(GradleWorkerMain.java:74)
</stacktrace>
</test-failure>


TypeScriptCompilerTests_D[jvm] > doYouNeedToChangeYourTargetLibraryES2023_ts__target_es5__has expected errors matching baseline[jvm] FAILED

<test-failure test="com.xemantic.typescript.compiler.TypeScriptCompilerTests_D.declarationEmitReexportedSymlinkReference3_ts has expected errors matching declarationEmitReexportedSymlinkReference3_errors_txt" platform="jvm">
<message>
Expected diagnostics from baseline typescript-repo/tests/baselines/reference/declarationEmitReexportedSymlinkReference3.errors.txt but none produced
</message>
<stacktrace>
  at com.xemantic.typescript.compiler.TypeScriptTestSupportKt.errorsMatchBaseline(TypeScriptTestSupport.kt:125)
  at com.xemantic.typescript.compiler.TypeScriptCompilerTests_D.declarationEmitReexportedSymlinkReference3_ts has expected errors matching declarationEmitReexportedSymlinkReference3_errors_txt(TypeScriptCompilerTests_D.kt:2835)
  at java.base/jdk.internal.reflect.DirectMethodHandleAccessor.invoke(DirectMethodHandleAccessor.java:104)
  at java.base/java.lang.reflect.Method.invoke(Method.java:565)
  at org.junit.runners.model.FrameworkMethod$1.runReflectiveCall(FrameworkMethod.java:59)
  at org.junit.internal.runners.model.ReflectiveCallable.run(ReflectiveCallable.java:12)
  at org.junit.runners.model.FrameworkMethod.invokeExplosively(FrameworkMethod.java:56)
  at org.junit.internal.runners.statements.InvokeMethod.evaluate(InvokeMethod.java:17)
  at org.junit.runners.ParentRunner$3.evaluate(ParentRunner.java:306)
  at org.junit.runners.BlockJUnit4ClassRunner$1.evaluate(BlockJUnit4ClassRunner.java:100)
  at org.junit.runners.ParentRunner.runLeaf(ParentRunner.java:366)
  at org.junit.runners.BlockJUnit4ClassRunner.runChild(BlockJUnit4ClassRunner.java:103)
  at org.junit.runners.BlockJUnit4ClassRunner.runChild(BlockJUnit4ClassRunner.java:63)
  at org.junit.runners.ParentRunner$4.run(ParentRunner.java:331)
  at org.junit.runners.ParentRunner$1.schedule(ParentRunner.java:79)
  at org.junit.runners.ParentRunner.runChildren(ParentRunner.java:329)
  at org.junit.runners.ParentRunner.access$100(ParentRunner.java:66)
  at org.junit.runners.ParentRunner$2.evaluate(ParentRunner.java:293)
  at org.junit.runners.ParentRunner$3.evaluate(ParentRunner.java:306)
  at org.junit.runners.ParentRunner.run(ParentRunner.java:413)
  at org.junit.runner.JUnitCore.run(JUnitCore.java:137)
  at org.junit.runner.JUnitCore.run(JUnitCore.java:115)
  at org.gradle.api.internal.tasks.testing.junit.JUnitTestExecutor.runRequest(JUnitTestExecutor.java:175)
  at org.gradle.api.internal.tasks.testing.junit.JUnitTestExecutor.accept(JUnitTestExecutor.java:84)
  at org.gradle.api.internal.tasks.testing.junit.JUnitTestExecutor.accept(JUnitTestExecutor.java:47)
  at org.gradle.api.internal.tasks.testing.junit.AbstractJUnitTestDefinitionProcessor.processTestDefinition(AbstractJUnitTestDefinitionProcessor.java:65)
  at org.gradle.api.internal.tasks.testing.SuiteTestDefinitionProcessor.processTestDefinition(SuiteTestDefinitionProcessor.java:54)
  at java.base/jdk.internal.reflect.DirectMethodHandleAccessor.invoke(DirectMethodHandleAccessor.java:104)
  at java.base/java.lang.reflect.Method.invoke(Method.java:565)
  at org.gradle.internal.dispatch.MethodInvocation.invokeOn(MethodInvocation.java:77)
  at org.gradle.internal.dispatch.ReflectionDispatch.dispatch(ReflectionDispatch.java:28)
  at org.gradle.internal.dispatch.ReflectionDispatch.dispatch(ReflectionDispatch.java:19)
  at org.gradle.internal.dispatch.ContextClassLoaderDispatch.dispatch(ContextClassLoaderDispatch.java:33)
  at org.gradle.internal.dispatch.ProxyDispatchAdapter$DispatchingInvocationHandler.invoke(ProxyDispatchAdapter.java:88)
  at jdk.proxy1/jdk.proxy1.$Proxy4.processTestDefinition(Unknown Source)
  at org.gradle.api.internal.tasks.testing.worker.TestWorker$2.run(TestWorker.java:178)
  at org.gradle.api.internal.tasks.testing.worker.TestWorker.executeAndMaintainThreadName(TestWorker.java:126)
  at org.gradle.api.internal.tasks.testing.worker.TestWorker.execute(TestWorker.java:103)
  at org.gradle.api.internal.tasks.testing.worker.TestWorker.execute(TestWorker.java:63)
  at org.gradle.process.internal.worker.child.ActionExecutionWorker.execute(ActionExecutionWorker.java:56)
  at org.gradle.process.internal.worker.child.SystemApplicationClassLoaderWorker.call(SystemApplicationClassLoaderWorker.java:122)
  at org.gradle.process.internal.worker.child.SystemApplicationClassLoaderWorker.call(SystemApplicationClassLoaderWorker.java:72)
  at worker.org.gradle.process.internal.worker.GradleWorkerMain.run(GradleWorkerMain.java:69)
  at worker.org.gradle.process.internal.worker.GradleWorkerMain.main(GradleWorkerMain.java:74)
</stacktrace>
</test-failure>


TypeScriptCompilerTests_D[jvm] > declarationEmitReexportedSymlinkReference3_ts has expected errors matching declarationEmitReexportedSymlinkReference3_errors_txt[jvm] FAILED

<test-failure test="com.xemantic.typescript.compiler.TypeScriptCompilerTests_D.duplicateLocalVariable2_ts has expected errors matching duplicateLocalVariable2_errors_txt" platform="jvm">
<message>
Expected diagnostics from baseline typescript-repo/tests/baselines/reference/duplicateLocalVariable2.errors.txt but none produced
</message>
<stacktrace>
  at com.xemantic.typescript.compiler.TypeScriptTestSupportKt.errorsMatchBaseline(TypeScriptTestSupport.kt:125)
  at com.xemantic.typescript.compiler.TypeScriptCompilerTests_D.duplicateLocalVariable2_ts has expected errors matching duplicateLocalVariable2_errors_txt(TypeScriptCompilerTests_D.kt:6573)
  at java.base/jdk.internal.reflect.DirectMethodHandleAccessor.invoke(DirectMethodHandleAccessor.java:104)
  at java.base/java.lang.reflect.Method.invoke(Method.java:565)
  at org.junit.runners.model.FrameworkMethod$1.runReflectiveCall(FrameworkMethod.java:59)
  at org.junit.internal.runners.model.ReflectiveCallable.run(ReflectiveCallable.java:12)
  at org.junit.runners.model.FrameworkMethod.invokeExplosively(FrameworkMethod.java:56)
  at org.junit.internal.runners.statements.InvokeMethod.evaluate(InvokeMethod.java:17)
  at org.junit.runners.ParentRunner$3.evaluate(ParentRunner.java:306)
  at org.junit.runners.BlockJUnit4ClassRunner$1.evaluate(BlockJUnit4ClassRunner.java:100)
  at org.junit.runners.ParentRunner.runLeaf(ParentRunner.java:366)
  at org.junit.runners.BlockJUnit4ClassRunner.runChild(BlockJUnit4ClassRunner.java:103)
  at org.junit.runners.BlockJUnit4ClassRunner.runChild(BlockJUnit4ClassRunner.java:63)
  at org.junit.runners.ParentRunner$4.run(ParentRunner.java:331)
  at org.junit.runners.ParentRunner$1.schedule(ParentRunner.java:79)
  at org.junit.runners.ParentRunner.runChildren(ParentRunner.java:329)
  at org.junit.runners.ParentRunner.access$100(ParentRunner.java:66)
  at org.junit.runners.ParentRunner$2.evaluate(ParentRunner.java:293)
  at org.junit.runners.ParentRunner$3.evaluate(ParentRunner.java:306)
  at org.junit.runners.ParentRunner.run(ParentRunner.java:413)
  at org.junit.runner.JUnitCore.run(JUnitCore.java:137)
  at org.junit.runner.JUnitCore.run(JUnitCore.java:115)
  at org.gradle.api.internal.tasks.testing.junit.JUnitTestExecutor.runRequest(JUnitTestExecutor.java:175)
  at org.gradle.api.internal.tasks.testing.junit.JUnitTestExecutor.accept(JUnitTestExecutor.java:84)
  at org.gradle.api.internal.tasks.testing.junit.JUnitTestExecutor.accept(JUnitTestExecutor.java:47)
  at org.gradle.api.internal.tasks.testing.junit.AbstractJUnitTestDefinitionProcessor.processTestDefinition(AbstractJUnitTestDefinitionProcessor.java:65)
  at org.gradle.api.internal.tasks.testing.SuiteTestDefinitionProcessor.processTestDefinition(SuiteTestDefinitionProcessor.java:54)
  at java.base/jdk.internal.reflect.DirectMethodHandleAccessor.invoke(DirectMethodHandleAccessor.java:104)
  at java.base/java.lang.reflect.Method.invoke(Method.java:565)
  at org.gradle.internal.dispatch.MethodInvocation.invokeOn(MethodInvocation.java:77)
  at org.gradle.internal.dispatch.ReflectionDispatch.dispatch(ReflectionDispatch.java:28)
  at org.gradle.internal.dispatch.ReflectionDispatch.dispatch(ReflectionDispatch.java:19)
  at org.gradle.internal.dispatch.ContextClassLoaderDispatch.dispatch(ContextClassLoaderDispatch.java:33)
  at org.gradle.internal.dispatch.ProxyDispatchAdapter$DispatchingInvocationHandler.invoke(ProxyDispatchAdapter.java:88)
  at jdk.proxy1/jdk.proxy1.$Proxy4.processTestDefinition(Unknown Source)
  at org.gradle.api.internal.tasks.testing.worker.TestWorker$2.run(TestWorker.java:178)
  at org.gradle.api.internal.tasks.testing.worker.TestWorker.executeAndMaintainThreadName(TestWorker.java:126)
  at org.gradle.api.internal.tasks.testing.worker.TestWorker.execute(TestWorker.java:103)
  at org.gradle.api.internal.tasks.testing.worker.TestWorker.execute(TestWorker.java:63)
  at org.gradle.process.internal.worker.child.ActionExecutionWorker.execute(ActionExecutionWorker.java:56)
  at org.gradle.process.internal.worker.child.SystemApplicationClassLoaderWorker.call(SystemApplicationClassLoaderWorker.java:122)
  at org.gradle.process.internal.worker.child.SystemApplicationClassLoaderWorker.call(SystemApplicationClassLoaderWorker.java:72)
  at worker.org.gradle.process.internal.worker.GradleWorkerMain.run(GradleWorkerMain.java:69)
  at worker.org.gradle.process.internal.worker.GradleWorkerMain.main(GradleWorkerMain.java:74)
</stacktrace>
</test-failure>


TypeScriptCompilerTests_D[jvm] > duplicateLocalVariable2_ts has expected errors matching duplicateLocalVariable2_errors_txt[jvm] FAILED

<test-failure test="com.xemantic.typescript.compiler.TypeScriptCompilerTests_D.duplicateObjectLiteralProperty_ts__target_es2015__has expected errors matching baseline" platform="jvm">
<message>
--- expected
+++ actual
@@ -2,13 +2,9 @@
 duplicateObjectLiteralProperty.ts(5,5): error TS1117: An object literal cannot have multiple properties with the same name.
 duplicateObjectLiteralProperty.ts(6,5): error TS1117: An object literal cannot have multiple properties with the same name.
 duplicateObjectLiteralProperty.ts(8,9): error TS1117: An object literal cannot have multiple properties with the same name.
-duplicateObjectLiteralProperty.ts(14,9): error TS2300: Duplicate identifier 'a'.
-duplicateObjectLiteralProperty.ts(15,9): error TS2300: Duplicate identifier 'a'.
-duplicateObjectLiteralProperty.ts(16,9): error TS1118: An object literal cannot have multiple get/set accessors with the same name.
-duplicateObjectLiteralProperty.ts(16,9): error TS2300: Duplicate identifier 'a'.
 
 
-==== duplicateObjectLiteralProperty.ts (8 errors) ====
+==== duplicateObjectLiteralProperty.ts (4 errors) ====
     var x = {
         a: 1,
         b: true, // OK
@@ -16,7 +12,7 @@
         ~
 !!! error TS1117: An object literal cannot have multiple properties with the same name.
         \u0061: "ss", // Duplicate
-        ~~~~~~
+        ~
 !!! error TS1117: An object literal cannot have multiple properties with the same name.
         a: {
         ~
@@ -31,14 +27,6 @@
     
     var y = {
         get a() { return 0; },
-            ~
-!!! error TS2300: Duplicate identifier 'a'.
         set a(v: number) { },
-            ~
-!!! error TS2300: Duplicate identifier 'a'.
         get a() { return 0; }
-            ~
-!!! error TS1118: An object literal cannot have multiple get/set accessors with the same name.
-            ~
-!!! error TS2300: Duplicate identifier 'a'.
     };

</message>
<stacktrace>
  at org.junit.Assert.fail(Assert.java:89)
  at kotlin.test.junit.JUnitAsserter.fail(JUnitSupport.kt:56)
  at kotlin.test.AssertionsKt__AssertionsKt.fail(Assertions.kt:563)
  at kotlin.test.AssertionsKt.fail(Unknown Source)
  at com.xemantic.kotlin.test.SameAsKt.sameAs(SameAs.kt:52)
  at com.xemantic.typescript.compiler.TypeScriptTestSupportKt.errorsMatchBaseline(TypeScriptTestSupport.kt:135)
  at com.xemantic.typescript.compiler.TypeScriptCompilerTests_D.duplicateObjectLiteralProperty_ts__target_es2015__has expected errors matching baseline(TypeScriptCompilerTests_D.kt:6622)
  at java.base/jdk.internal.reflect.DirectMethodHandleAccessor.invoke(DirectMethodHandleAccessor.java:104)
  at java.base/java.lang.reflect.Method.invoke(Method.java:565)
  at org.junit.runners.model.FrameworkMethod$1.runReflectiveCall(FrameworkMethod.java:59)
  at org.junit.internal.runners.model.ReflectiveCallable.run(ReflectiveCallable.java:12)
  at org.junit.runners.model.FrameworkMethod.invokeExplosively(FrameworkMethod.java:56)
  at org.junit.internal.runners.statements.InvokeMethod.evaluate(InvokeMethod.java:17)
  at org.junit.runners.ParentRunner$3.evaluate(ParentRunner.java:306)
  at org.junit.runners.BlockJUnit4ClassRunner$1.evaluate(BlockJUnit4ClassRunner.java:100)
  at org.junit.runners.ParentRunner.runLeaf(ParentRunner.java:366)
  at org.junit.runners.BlockJUnit4ClassRunner.runChild(BlockJUnit4ClassRunner.java:103)
  at org.junit.runners.BlockJUnit4ClassRunner.runChild(BlockJUnit4ClassRunner.java:63)
  at org.junit.runners.ParentRunner$4.run(ParentRunner.java:331)
  at org.junit.runners.ParentRunner$1.schedule(ParentRunner.java:79)
  at org.junit.runners.ParentRunner.runChildren(ParentRunner.java:329)
  at org.junit.runners.ParentRunner.access$100(ParentRunner.java:66)
  at org.junit.runners.ParentRunner$2.evaluate(ParentRunner.java:293)
  at org.junit.runners.ParentRunner$3.evaluate(ParentRunner.java:306)
  at org.junit.runners.ParentRunner.run(ParentRunner.java:413)
  at org.junit.runner.JUnitCore.run(JUnitCore.java:137)
  at org.junit.runner.JUnitCore.run(JUnitCore.java:115)
  at org.gradle.api.internal.tasks.testing.junit.JUnitTestExecutor.runRequest(JUnitTestExecutor.java:175)
  at org.gradle.api.internal.tasks.testing.junit.JUnitTestExecutor.accept(JUnitTestExecutor.java:84)
  at org.gradle.api.internal.tasks.testing.junit.JUnitTestExecutor.accept(JUnitTestExecutor.java:47)
  at org.gradle.api.internal.tasks.testing.junit.AbstractJUnitTestDefinitionProcessor.processTestDefinition(AbstractJUnitTestDefinitionProcessor.java:65)
  at org.gradle.api.internal.tasks.testing.SuiteTestDefinitionProcessor.processTestDefinition(SuiteTestDefinitionProcessor.java:54)
  at java.base/jdk.internal.reflect.DirectMethodHandleAccessor.invoke(DirectMethodHandleAccessor.java:104)
  at java.base/java.lang.reflect.Method.invoke(Method.java:565)
  at org.gradle.internal.dispatch.MethodInvocation.invokeOn(MethodInvocation.java:77)
  at org.gradle.internal.dispatch.ReflectionDispatch.dispatch(ReflectionDispatch.java:28)
  at org.gradle.internal.dispatch.ReflectionDispatch.dispatch(ReflectionDispatch.java:19)
  at org.gradle.internal.dispatch.ContextClassLoaderDispatch.dispatch(ContextClassLoaderDispatch.java:33)
  at org.gradle.internal.dispatch.ProxyDispatchAdapter$DispatchingInvocationHandler.invoke(ProxyDispatchAdapter.java:88)
  at jdk.proxy1/jdk.proxy1.$Proxy4.processTestDefinition(Unknown Source)
  at org.gradle.api.internal.tasks.testing.worker.TestWorker$2.run(TestWorker.java:178)
  at org.gradle.api.internal.tasks.testing.worker.TestWorker.executeAndMaintainThreadName(TestWorker.java:126)
  at org.gradle.api.internal.tasks.testing.worker.TestWorker.execute(TestWorker.java:103)
  at org.gradle.api.internal.tasks.testing.worker.TestWorker.execute(TestWorker.java:63)
  at org.gradle.process.internal.worker.child.ActionExecutionWorker.execute(ActionExecutionWorker.java:56)
  at org.gradle.process.internal.worker.child.SystemApplicationClassLoaderWorker.call(SystemApplicationClassLoaderWorker.java:122)
  at org.gradle.process.internal.worker.child.SystemApplicationClassLoaderWorker.call(SystemApplicationClassLoaderWorker.java:72)
  at worker.org.gradle.process.internal.worker.GradleWorkerMain.run(GradleWorkerMain.java:69)
  at worker.org.gradle.process.internal.worker.GradleWorkerMain.main(GradleWorkerMain.java:74)
</stacktrace>
</test-failure>


TypeScriptCompilerTests_D[jvm] > duplicateObjectLiteralProperty_ts__target_es2015__has expected errors matching baseline[jvm] FAILED

<test-failure test="com.xemantic.typescript.compiler.TypeScriptCompilerTests_D.dynamicImportWithNestedThis_es2015_ts compiles to JavaScript matching dynamicImportWithNestedThis_es2015_js" platform="jvm">
<message>
--- expected
+++ actual
@@ -14,60 +14,15 @@
 c.dynamic();
 
 //// [dynamicImportWithNestedThis_es2015.js]
-var __createBinding = (this && this.__createBinding) || (Object.create ? (function(o, m, k, k2) {
-    if (k2 === undefined) k2 = k;
-    var desc = Object.getOwnPropertyDescriptor(m, k);
-    if (!desc || ("get" in desc ? !m.__esModule : desc.writable || desc.configurable)) {
-      desc = { enumerable: true, get: function() { return m[k]; } };
+"use strict";
+// https://github.com/Microsoft/TypeScript/issues/17564
+class C {
+    constructor() {
+        this._path = './other';
     }
-    Object.defineProperty(o, k2, desc);
-}) : (function(o, m, k, k2) {
-    if (k2 === undefined) k2 = k;
-    o[k2] = m[k];
-}));
-var __setModuleDefault = (this && this.__setModuleDefault) || (Object.create ? (function(o, v) {
-    Object.defineProperty(o, "default", { enumerable: true, value: v });
-}) : function(o, v) {
-    o["default"] = v;
-});
-var __importStar = (this && this.__importStar) || (function () {
-    var ownKeys = function(o) {
-        ownKeys = Object.getOwnPropertyNames || function (o) {
-            var ar = [];
-            for (var k in o) if (Object.prototype.hasOwnProperty.call(o, k)) ar[ar.length] = k;
-            return ar;
-        };
-        return ownKeys(o);
-    };
-    return function (mod) {
-        if (mod && mod.__esModule) return mod;
-        var result = {};
-        if (mod != null) for (var k = ownKeys(mod), i = 0; i < k.length; i++) if (k[i] !== "default") __createBinding(result, mod, k[i]);
-        __setModuleDefault(result, mod);
-        return result;
-    };
-})();
-(function (factory) {
-    if (typeof module === "object" && typeof module.exports === "object") {
-        var v = factory(require, exports);
-        if (v !== undefined) module.exports = v;
+    dynamic() {
+        return import(this._path);
     }
-    else if (typeof define === "function" && define.amd) {
-        define(["require", "exports"], factory);
-    }
-})(function (require, exports) {
-    "use strict";
-    var __syncRequire = typeof module === "object" && typeof module.exports === "object";
-    // https://github.com/Microsoft/TypeScript/issues/17564
-    class C {
-        constructor() {
-            this._path = './other';
-        }
-        dynamic() {
-            var _a;
-            return _a = this._path, __syncRequire ? Promise.resolve().then(() => __importStar(require(_a))) : new Promise((resolve_1, reject_1) => { require([_a], resolve_1, reject_1); }).then(__importStar);
-        }
-    }
-    const c = new C();
-    c.dynamic();
-});
+}
+const c = new C();
+c.dynamic();

</message>
<stacktrace>
  at org.junit.Assert.fail(Assert.java:89)
  at kotlin.test.junit.JUnitAsserter.fail(JUnitSupport.kt:56)
  at kotlin.test.AssertionsKt__AssertionsKt.fail(Assertions.kt:563)
  at kotlin.test.AssertionsKt.fail(Unknown Source)
  at com.xemantic.kotlin.test.SameAsKt.sameAs(SameAs.kt:52)
  at com.xemantic.typescript.compiler.TypeScriptTestSupportKt.sameAs(TypeScriptTestSupport.kt:99)
  at com.xemantic.typescript.compiler.TypeScriptCompilerTests_D.dynamicImportWithNestedThis_es2015_ts compiles to JavaScript matching dynamicImportWithNestedThis_es2015_js(TypeScriptCompilerTests_D.kt:6944)
  at java.base/jdk.internal.reflect.DirectMethodHandleAccessor.invoke(DirectMethodHandleAccessor.java:104)
  at java.base/java.lang.reflect.Method.invoke(Method.java:565)
  at org.junit.runners.model.FrameworkMethod$1.runReflectiveCall(FrameworkMethod.java:59)
  at org.junit.internal.runners.model.ReflectiveCallable.run(ReflectiveCallable.java:12)
  at org.junit.runners.model.FrameworkMethod.invokeExplosively(FrameworkMethod.java:56)
  at org.junit.internal.runners.statements.InvokeMethod.evaluate(InvokeMethod.java:17)
  at org.junit.runners.ParentRunner$3.evaluate(ParentRunner.java:306)
  at org.junit.runners.BlockJUnit4ClassRunner$1.evaluate(BlockJUnit4ClassRunner.java:100)
  at org.junit.runners.ParentRunner.runLeaf(ParentRunner.java:366)
  at org.junit.runners.BlockJUnit4ClassRunner.runChild(BlockJUnit4ClassRunner.java:103)
  at org.junit.runners.BlockJUnit4ClassRunner.runChild(BlockJUnit4ClassRunner.java:63)
  at org.junit.runners.ParentRunner$4.run(ParentRunner.java:331)
  at org.junit.runners.ParentRunner$1.schedule(ParentRunner.java:79)
  at org.junit.runners.ParentRunner.runChildren(ParentRunner.java:329)
  at org.junit.runners.ParentRunner.access$100(ParentRunner.java:66)
  at org.junit.runners.ParentRunner$2.evaluate(ParentRunner.java:293)
  at org.junit.runners.ParentRunner$3.evaluate(ParentRunner.java:306)
  at org.junit.runners.ParentRunner.run(ParentRunner.java:413)
  at org.junit.runner.JUnitCore.run(JUnitCore.java:137)
  at org.junit.runner.JUnitCore.run(JUnitCore.java:115)
  at org.gradle.api.internal.tasks.testing.junit.JUnitTestExecutor.runRequest(JUnitTestExecutor.java:175)
  at org.gradle.api.internal.tasks.testing.junit.JUnitTestExecutor.accept(JUnitTestExecutor.java:84)
  at org.gradle.api.internal.tasks.testing.junit.JUnitTestExecutor.accept(JUnitTestExecutor.java:47)
  at org.gradle.api.internal.tasks.testing.junit.AbstractJUnitTestDefinitionProcessor.processTestDefinition(AbstractJUnitTestDefinitionProcessor.java:65)
  at org.gradle.api.internal.tasks.testing.SuiteTestDefinitionProcessor.processTestDefinition(SuiteTestDefinitionProcessor.java:54)
  at java.base/jdk.internal.reflect.DirectMethodHandleAccessor.invoke(DirectMethodHandleAccessor.java:104)
  at java.base/java.lang.reflect.Method.invoke(Method.java:565)
  at org.gradle.internal.dispatch.MethodInvocation.invokeOn(MethodInvocation.java:77)
  at org.gradle.internal.dispatch.ReflectionDispatch.dispatch(ReflectionDispatch.java:28)
  at org.gradle.internal.dispatch.ReflectionDispatch.dispatch(ReflectionDispatch.java:19)
  at org.gradle.internal.dispatch.ContextClassLoaderDispatch.dispatch(ContextClassLoaderDispatch.java:33)
  at org.gradle.internal.dispatch.ProxyDispatchAdapter$DispatchingInvocationHandler.invoke(ProxyDispatchAdapter.java:88)
  at jdk.proxy1/jdk.proxy1.$Proxy4.processTestDefinition(Unknown Source)
  at org.gradle.api.internal.tasks.testing.worker.TestWorker$2.run(TestWorker.java:178)
  at org.gradle.api.internal.tasks.testing.worker.TestWorker.executeAndMaintainThreadName(TestWorker.java:126)
  at org.gradle.api.internal.tasks.testing.worker.TestWorker.execute(TestWorker.java:103)
  at org.gradle.api.internal.tasks.testing.worker.TestWorker.execute(TestWorker.java:63)
  at org.gradle.process.internal.worker.child.ActionExecutionWorker.execute(ActionExecutionWorker.java:56)
  at org.gradle.process.internal.worker.child.SystemApplicationClassLoaderWorker.call(SystemApplicationClassLoaderWorker.java:122)
  at org.gradle.process.internal.worker.child.SystemApplicationClassLoaderWorker.call(SystemApplicationClassLoaderWorker.java:72)
  at worker.org.gradle.process.internal.worker.GradleWorkerMain.run(GradleWorkerMain.java:69)
  at worker.org.gradle.process.internal.worker.GradleWorkerMain.main(GradleWorkerMain.java:74)
</stacktrace>
</test-failure>


TypeScriptCompilerTests_D[jvm] > dynamicImportWithNestedThis_es2015_ts compiles to JavaScript matching dynamicImportWithNestedThis_es2015_js[jvm] FAILED

<test-failure test="com.xemantic.typescript.compiler.TypeScriptCompilerTests_D.duplicateVarAndImport2_ts has expected errors matching duplicateVarAndImport2_errors_txt" platform="jvm">
<message>
Expected diagnostics from baseline typescript-repo/tests/baselines/reference/duplicateVarAndImport2.errors.txt but none produced
</message>
<stacktrace>
  at com.xemantic.typescript.compiler.TypeScriptTestSupportKt.errorsMatchBaseline(TypeScriptTestSupport.kt:125)
  at com.xemantic.typescript.compiler.TypeScriptCompilerTests_D.duplicateVarAndImport2_ts has expected errors matching duplicateVarAndImport2_errors_txt(TypeScriptCompilerTests_D.kt:6860)
  at java.base/jdk.internal.reflect.DirectMethodHandleAccessor.invoke(DirectMethodHandleAccessor.java:104)
  at java.base/java.lang.reflect.Method.invoke(Method.java:565)
  at org.junit.runners.model.FrameworkMethod$1.runReflectiveCall(FrameworkMethod.java:59)
  at org.junit.internal.runners.model.ReflectiveCallable.run(ReflectiveCallable.java:12)
  at org.junit.runners.model.FrameworkMethod.invokeExplosively(FrameworkMethod.java:56)
  at org.junit.internal.runners.statements.InvokeMethod.evaluate(InvokeMethod.java:17)
  at org.junit.runners.ParentRunner$3.evaluate(ParentRunner.java:306)
  at org.junit.runners.BlockJUnit4ClassRunner$1.evaluate(BlockJUnit4ClassRunner.java:100)
  at org.junit.runners.ParentRunner.runLeaf(ParentRunner.java:366)
  at org.junit.runners.BlockJUnit4ClassRunner.runChild(BlockJUnit4ClassRunner.java:103)
  at org.junit.runners.BlockJUnit4ClassRunner.runChild(BlockJUnit4ClassRunner.java:63)
  at org.junit.runners.ParentRunner$4.run(ParentRunner.java:331)
  at org.junit.runners.ParentRunner$1.schedule(ParentRunner.java:79)
  at org.junit.runners.ParentRunner.runChildren(ParentRunner.java:329)
  at org.junit.runners.ParentRunner.access$100(ParentRunner.java:66)
  at org.junit.runners.ParentRunner$2.evaluate(ParentRunner.java:293)
  at org.junit.runners.ParentRunner$3.evaluate(ParentRunner.java:306)
  at org.junit.runners.ParentRunner.run(ParentRunner.java:413)
  at org.junit.runner.JUnitCore.run(JUnitCore.java:137)
  at org.junit.runner.JUnitCore.run(JUnitCore.java:115)
  at org.gradle.api.internal.tasks.testing.junit.JUnitTestExecutor.runRequest(JUnitTestExecutor.java:175)
  at org.gradle.api.internal.tasks.testing.junit.JUnitTestExecutor.accept(JUnitTestExecutor.java:84)
  at org.gradle.api.internal.tasks.testing.junit.JUnitTestExecutor.accept(JUnitTestExecutor.java:47)
  at org.gradle.api.internal.tasks.testing.junit.AbstractJUnitTestDefinitionProcessor.processTestDefinition(AbstractJUnitTestDefinitionProcessor.java:65)
  at org.gradle.api.internal.tasks.testing.SuiteTestDefinitionProcessor.processTestDefinition(SuiteTestDefinitionProcessor.java:54)
  at java.base/jdk.internal.reflect.DirectMethodHandleAccessor.invoke(DirectMethodHandleAccessor.java:104)
  at java.base/java.lang.reflect.Method.invoke(Method.java:565)
  at org.gradle.internal.dispatch.MethodInvocation.invokeOn(MethodInvocation.java:77)
  at org.gradle.internal.dispatch.ReflectionDispatch.dispatch(ReflectionDispatch.java:28)
  at org.gradle.internal.dispatch.ReflectionDispatch.dispatch(ReflectionDispatch.java:19)
  at org.gradle.internal.dispatch.ContextClassLoaderDispatch.dispatch(ContextClassLoaderDispatch.java:33)
  at org.gradle.internal.dispatch.ProxyDispatchAdapter$DispatchingInvocationHandler.invoke(ProxyDispatchAdapter.java:88)
  at jdk.proxy1/jdk.proxy1.$Proxy4.processTestDefinition(Unknown Source)
  at org.gradle.api.internal.tasks.testing.worker.TestWorker$2.run(TestWorker.java:178)
  at org.gradle.api.internal.tasks.testing.worker.TestWorker.executeAndMaintainThreadName(TestWorker.java:126)
  at org.gradle.api.internal.tasks.testing.worker.TestWorker.execute(TestWorker.java:103)
  at org.gradle.api.internal.tasks.testing.worker.TestWorker.execute(TestWorker.java:63)
  at org.gradle.process.internal.worker.child.ActionExecutionWorker.execute(ActionExecutionWorker.java:56)
  at org.gradle.process.internal.worker.child.SystemApplicationClassLoaderWorker.call(SystemApplicationClassLoaderWorker.java:122)
  at org.gradle.process.internal.worker.child.SystemApplicationClassLoaderWorker.call(SystemApplicationClassLoaderWorker.java:72)
  at worker.org.gradle.process.internal.worker.GradleWorkerMain.run(GradleWorkerMain.java:69)
  at worker.org.gradle.process.internal.worker.GradleWorkerMain.main(GradleWorkerMain.java:74)
</stacktrace>
</test-failure>


TypeScriptCompilerTests_D[jvm] > duplicateVarAndImport2_ts has expected errors matching duplicateVarAndImport2_errors_txt[jvm] FAILED

<test-failure test="com.xemantic.typescript.compiler.TypeScriptCompilerTests_D.deeplyNestedAssignabilityIssue_ts has expected errors matching deeplyNestedAssignabilityIssue_errors_txt" platform="jvm">
<message>
Expected diagnostics from baseline typescript-repo/tests/baselines/reference/deeplyNestedAssignabilityIssue.errors.txt but none produced
</message>
<stacktrace>
  at com.xemantic.typescript.compiler.TypeScriptTestSupportKt.errorsMatchBaseline(TypeScriptTestSupport.kt:125)
  at com.xemantic.typescript.compiler.TypeScriptCompilerTests_D.deeplyNestedAssignabilityIssue_ts has expected errors matching deeplyNestedAssignabilityIssue_errors_txt(TypeScriptCompilerTests_D.kt:4158)
  at java.base/jdk.internal.reflect.DirectMethodHandleAccessor.invoke(DirectMethodHandleAccessor.java:104)
  at java.base/java.lang.reflect.Method.invoke(Method.java:565)
  at org.junit.runners.model.FrameworkMethod$1.runReflectiveCall(FrameworkMethod.java:59)
  at org.junit.internal.runners.model.ReflectiveCallable.run(ReflectiveCallable.java:12)
  at org.junit.runners.model.FrameworkMethod.invokeExplosively(FrameworkMethod.java:56)
  at org.junit.internal.runners.statements.InvokeMethod.evaluate(InvokeMethod.java:17)
  at org.junit.runners.ParentRunner$3.evaluate(ParentRunner.java:306)
  at org.junit.runners.BlockJUnit4ClassRunner$1.evaluate(BlockJUnit4ClassRunner.java:100)
  at org.junit.runners.ParentRunner.runLeaf(ParentRunner.java:366)
  at org.junit.runners.BlockJUnit4ClassRunner.runChild(BlockJUnit4ClassRunner.java:103)
  at org.junit.runners.BlockJUnit4ClassRunner.runChild(BlockJUnit4ClassRunner.java:63)
  at org.junit.runners.ParentRunner$4.run(ParentRunner.java:331)
  at org.junit.runners.ParentRunner$1.schedule(ParentRunner.java:79)
  at org.junit.runners.ParentRunner.runChildren(ParentRunner.java:329)
  at org.junit.runners.ParentRunner.access$100(ParentRunner.java:66)
  at org.junit.runners.ParentRunner$2.evaluate(ParentRunner.java:293)
  at org.junit.runners.ParentRunner$3.evaluate(ParentRunner.java:306)
  at org.junit.runners.ParentRunner.run(ParentRunner.java:413)
  at org.junit.runner.JUnitCore.run(JUnitCore.java:137)
  at org.junit.runner.JUnitCore.run(JUnitCore.java:115)
  at org.gradle.api.internal.tasks.testing.junit.JUnitTestExecutor.runRequest(JUnitTestExecutor.java:175)
  at org.gradle.api.internal.tasks.testing.junit.JUnitTestExecutor.accept(JUnitTestExecutor.java:84)
  at org.gradle.api.internal.tasks.testing.junit.JUnitTestExecutor.accept(JUnitTestExecutor.java:47)
  at org.gradle.api.internal.tasks.testing.junit.AbstractJUnitTestDefinitionProcessor.processTestDefinition(AbstractJUnitTestDefinitionProcessor.java:65)
  at org.gradle.api.internal.tasks.testing.SuiteTestDefinitionProcessor.processTestDefinition(SuiteTestDefinitionProcessor.java:54)
  at java.base/jdk.internal.reflect.DirectMethodHandleAccessor.invoke(DirectMethodHandleAccessor.java:104)
  at java.base/java.lang.reflect.Method.invoke(Method.java:565)
  at org.gradle.internal.dispatch.MethodInvocation.invokeOn(MethodInvocation.java:77)
  at org.gradle.internal.dispatch.ReflectionDispatch.dispatch(ReflectionDispatch.java:28)
  at org.gradle.internal.dispatch.ReflectionDispatch.dispatch(ReflectionDispatch.java:19)
  at org.gradle.internal.dispatch.ContextClassLoaderDispatch.dispatch(ContextClassLoaderDispatch.java:33)
  at org.gradle.internal.dispatch.ProxyDispatchAdapter$DispatchingInvocationHandler.invoke(ProxyDispatchAdapter.java:88)
  at jdk.proxy1/jdk.proxy1.$Proxy4.processTestDefinition(Unknown Source)
  at org.gradle.api.internal.tasks.testing.worker.TestWorker$2.run(TestWorker.java:178)
  at org.gradle.api.internal.tasks.testing.worker.TestWorker.executeAndMaintainThreadName(TestWorker.java:126)
  at org.gradle.api.internal.tasks.testing.worker.TestWorker.execute(TestWorker.java:103)
  at org.gradle.api.internal.tasks.testing.worker.TestWorker.execute(TestWorker.java:63)
  at org.gradle.process.internal.worker.child.ActionExecutionWorker.execute(ActionExecutionWorker.java:56)
  at org.gradle.process.internal.worker.child.SystemApplicationClassLoaderWorker.call(SystemApplicationClassLoaderWorker.java:122)
  at org.gradle.process.internal.worker.child.SystemApplicationClassLoaderWorker.call(SystemApplicationClassLoaderWorker.java:72)
  at worker.org.gradle.process.internal.worker.GradleWorkerMain.run(GradleWorkerMain.java:69)
  at worker.org.gradle.process.internal.worker.GradleWorkerMain.main(GradleWorkerMain.java:74)
</stacktrace>
</test-failure>


TypeScriptCompilerTests_D[jvm] > deeplyNestedAssignabilityIssue_ts has expected errors matching deeplyNestedAssignabilityIssue_errors_txt[jvm] FAILED

<test-failure test="com.xemantic.typescript.compiler.TypeScriptCompilerTests_D.differentTypesWithSameName_ts has expected errors matching differentTypesWithSameName_errors_txt" platform="jvm">
<message>
--- expected
+++ actual
@@ -1,10 +1,8 @@
 differentTypesWithSameName.ts(3,5): error TS2564: Property 's' has no initializer and is not definitely assigned in the constructor.
 differentTypesWithSameName.ts(11,2): error TS2564: Property 't' has no initializer and is not definitely assigned in the constructor.
-differentTypesWithSameName.ts(16,15): error TS2345: Argument of type 'variable' is not assignable to parameter of type 'm.variable'.
-  Property 's' is missing in type 'variable' but required in type 'm.variable'.
 
 
-==== differentTypesWithSameName.ts (3 errors) ====
+==== differentTypesWithSameName.ts (2 errors) ====
     namespace m {
       export class variable{
         s: string;
@@ -25,7 +23,3 @@
     
     var v: variable = new variable();
     m.doSomething(v);
-                  ~
-!!! error TS2345: Argument of type 'variable' is not assignable to parameter of type 'm.variable'.
-!!! error TS2345:   Property 's' is missing in type 'variable' but required in type 'm.variable'.
-!!! related TS2728 differentTypesWithSameName.ts:3:5: 's' is declared here.

</message>
<stacktrace>
  at org.junit.Assert.fail(Assert.java:89)
  at kotlin.test.junit.JUnitAsserter.fail(JUnitSupport.kt:56)
  at kotlin.test.AssertionsKt__AssertionsKt.fail(Assertions.kt:563)
  at kotlin.test.AssertionsKt.fail(Unknown Source)
  at com.xemantic.kotlin.test.SameAsKt.sameAs(SameAs.kt:52)
  at com.xemantic.typescript.compiler.TypeScriptTestSupportKt.errorsMatchBaseline(TypeScriptTestSupport.kt:135)
  at com.xemantic.typescript.compiler.TypeScriptCompilerTests_D.differentTypesWithSameName_ts has expected errors matching differentTypesWithSameName_errors_txt(TypeScriptCompilerTests_D.kt:5327)
  at java.base/jdk.internal.reflect.DirectMethodHandleAccessor.invoke(DirectMethodHandleAccessor.java:104)
  at java.base/java.lang.reflect.Method.invoke(Method.java:565)
  at org.junit.runners.model.FrameworkMethod$1.runReflectiveCall(FrameworkMethod.java:59)
  at org.junit.internal.runners.model.ReflectiveCallable.run(ReflectiveCallable.java:12)
  at org.junit.runners.model.FrameworkMethod.invokeExplosively(FrameworkMethod.java:56)
  at org.junit.internal.runners.statements.InvokeMethod.evaluate(InvokeMethod.java:17)
  at org.junit.runners.ParentRunner$3.evaluate(ParentRunner.java:306)
  at org.junit.runners.BlockJUnit4ClassRunner$1.evaluate(BlockJUnit4ClassRunner.java:100)
  at org.junit.runners.ParentRunner.runLeaf(ParentRunner.java:366)
  at org.junit.runners.BlockJUnit4ClassRunner.runChild(BlockJUnit4ClassRunner.java:103)
  at org.junit.runners.BlockJUnit4ClassRunner.runChild(BlockJUnit4ClassRunner.java:63)
  at org.junit.runners.ParentRunner$4.run(ParentRunner.java:331)
  at org.junit.runners.ParentRunner$1.schedule(ParentRunner.java:79)
  at org.junit.runners.ParentRunner.runChildren(ParentRunner.java:329)
  at org.junit.runners.ParentRunner.access$100(ParentRunner.java:66)
  at org.junit.runners.ParentRunner$2.evaluate(ParentRunner.java:293)
  at org.junit.runners.ParentRunner$3.evaluate(ParentRunner.java:306)
  at org.junit.runners.ParentRunner.run(ParentRunner.java:413)
  at org.junit.runner.JUnitCore.run(JUnitCore.java:137)
  at org.junit.runner.JUnitCore.run(JUnitCore.java:115)
  at org.gradle.api.internal.tasks.testing.junit.JUnitTestExecutor.runRequest(JUnitTestExecutor.java:175)
  at org.gradle.api.internal.tasks.testing.junit.JUnitTestExecutor.accept(JUnitTestExecutor.java:84)
  at org.gradle.api.internal.tasks.testing.junit.JUnitTestExecutor.accept(JUnitTestExecutor.java:47)
  at org.gradle.api.internal.tasks.testing.junit.AbstractJUnitTestDefinitionProcessor.processTestDefinition(AbstractJUnitTestDefinitionProcessor.java:65)
  at org.gradle.api.internal.tasks.testing.SuiteTestDefinitionProcessor.processTestDefinition(SuiteTestDefinitionProcessor.java:54)
  at java.base/jdk.internal.reflect.DirectMethodHandleAccessor.invoke(DirectMethodHandleAccessor.java:104)
  at java.base/java.lang.reflect.Method.invoke(Method.java:565)
  at org.gradle.internal.dispatch.MethodInvocation.invokeOn(MethodInvocation.java:77)
  at org.gradle.internal.dispatch.ReflectionDispatch.dispatch(ReflectionDispatch.java:28)
  at org.gradle.internal.dispatch.ReflectionDispatch.dispatch(ReflectionDispatch.java:19)
  at org.gradle.internal.dispatch.ContextClassLoaderDispatch.dispatch(ContextClassLoaderDispatch.java:33)
  at org.gradle.internal.dispatch.ProxyDispatchAdapter$DispatchingInvocationHandler.invoke(ProxyDispatchAdapter.java:88)
  at jdk.proxy1/jdk.proxy1.$Proxy4.processTestDefinition(Unknown Source)
  at org.gradle.api.internal.tasks.testing.worker.TestWorker$2.run(TestWorker.java:178)
  at org.gradle.api.internal.tasks.testing.worker.TestWorker.executeAndMaintainThreadName(TestWorker.java:126)
  at org.gradle.api.internal.tasks.testing.worker.TestWorker.execute(TestWorker.java:103)
  at org.gradle.api.internal.tasks.testing.worker.TestWorker.execute(TestWorker.java:63)
  at org.gradle.process.internal.worker.child.ActionExecutionWorker.execute(ActionExecutionWorker.java:56)
  at org.gradle.process.internal.worker.child.SystemApplicationClassLoaderWorker.call(SystemApplicationClassLoaderWorker.java:122)
  at org.gradle.process.internal.worker.child.SystemApplicationClassLoaderWorker.call(SystemApplicationClassLoaderWorker.java:72)
  at worker.org.gradle.process.internal.worker.GradleWorkerMain.run(GradleWorkerMain.java:69)
  at worker.org.gradle.process.internal.worker.GradleWorkerMain.main(GradleWorkerMain.java:74)
</stacktrace>
</test-failure>


TypeScriptCompilerTests_D[jvm] > differentTypesWithSameName_ts has expected errors matching differentTypesWithSameName_errors_txt[jvm] FAILED

<test-failure test="com.xemantic.typescript.compiler.TypeScriptCompilerTests_D.doubleUnderStringLiteralAssignability_ts has expected errors matching doubleUnderStringLiteralAssignability_errors_txt" platform="jvm">
<message>
Expected diagnostics from baseline typescript-repo/tests/baselines/reference/doubleUnderStringLiteralAssignability.errors.txt but none produced
</message>
<stacktrace>
  at com.xemantic.typescript.compiler.TypeScriptTestSupportKt.errorsMatchBaseline(TypeScriptTestSupport.kt:125)
  at com.xemantic.typescript.compiler.TypeScriptCompilerTests_D.doubleUnderStringLiteralAssignability_ts has expected errors matching doubleUnderStringLiteralAssignability_errors_txt(TypeScriptCompilerTests_D.kt:5852)
  at java.base/jdk.internal.reflect.DirectMethodHandleAccessor.invoke(DirectMethodHandleAccessor.java:104)
  at java.base/java.lang.reflect.Method.invoke(Method.java:565)
  at org.junit.runners.model.FrameworkMethod$1.runReflectiveCall(FrameworkMethod.java:59)
  at org.junit.internal.runners.model.ReflectiveCallable.run(ReflectiveCallable.java:12)
  at org.junit.runners.model.FrameworkMethod.invokeExplosively(FrameworkMethod.java:56)
  at org.junit.internal.runners.statements.InvokeMethod.evaluate(InvokeMethod.java:17)
  at org.junit.runners.ParentRunner$3.evaluate(ParentRunner.java:306)
  at org.junit.runners.BlockJUnit4ClassRunner$1.evaluate(BlockJUnit4ClassRunner.java:100)
  at org.junit.runners.ParentRunner.runLeaf(ParentRunner.java:366)
  at org.junit.runners.BlockJUnit4ClassRunner.runChild(BlockJUnit4ClassRunner.java:103)
  at org.junit.runners.BlockJUnit4ClassRunner.runChild(BlockJUnit4ClassRunner.java:63)
  at org.junit.runners.ParentRunner$4.run(ParentRunner.java:331)
  at org.junit.runners.ParentRunner$1.schedule(ParentRunner.java:79)
  at org.junit.runners.ParentRunner.runChildren(ParentRunner.java:329)
  at org.junit.runners.ParentRunner.access$100(ParentRunner.java:66)
  at org.junit.runners.ParentRunner$2.evaluate(ParentRunner.java:293)
  at org.junit.runners.ParentRunner$3.evaluate(ParentRunner.java:306)
  at org.junit.runners.ParentRunner.run(ParentRunner.java:413)
  at org.junit.runner.JUnitCore.run(JUnitCore.java:137)
  at org.junit.runner.JUnitCore.run(JUnitCore.java:115)
  at org.gradle.api.internal.tasks.testing.junit.JUnitTestExecutor.runRequest(JUnitTestExecutor.java:175)
  at org.gradle.api.internal.tasks.testing.junit.JUnitTestExecutor.accept(JUnitTestExecutor.java:84)
  at org.gradle.api.internal.tasks.testing.junit.JUnitTestExecutor.accept(JUnitTestExecutor.java:47)
  at org.gradle.api.internal.tasks.testing.junit.AbstractJUnitTestDefinitionProcessor.processTestDefinition(AbstractJUnitTestDefinitionProcessor.java:65)
  at org.gradle.api.internal.tasks.testing.SuiteTestDefinitionProcessor.processTestDefinition(SuiteTestDefinitionProcessor.java:54)
  at java.base/jdk.internal.reflect.DirectMethodHandleAccessor.invoke(DirectMethodHandleAccessor.java:104)
  at java.base/java.lang.reflect.Method.invoke(Method.java:565)
  at org.gradle.internal.dispatch.MethodInvocation.invokeOn(MethodInvocation.java:77)
  at org.gradle.internal.dispatch.ReflectionDispatch.dispatch(ReflectionDispatch.java:28)
  at org.gradle.internal.dispatch.ReflectionDispatch.dispatch(ReflectionDispatch.java:19)
  at org.gradle.internal.dispatch.ContextClassLoaderDispatch.dispatch(ContextClassLoaderDispatch.java:33)
  at org.gradle.internal.dispatch.ProxyDispatchAdapter$DispatchingInvocationHandler.invoke(ProxyDispatchAdapter.java:88)
  at jdk.proxy1/jdk.proxy1.$Proxy4.processTestDefinition(Unknown Source)
  at org.gradle.api.internal.tasks.testing.worker.TestWorker$2.run(TestWorker.java:178)
  at org.gradle.api.internal.tasks.testing.worker.TestWorker.executeAndMaintainThreadName(TestWorker.java:126)
  at org.gradle.api.internal.tasks.testing.worker.TestWorker.execute(TestWorker.java:103)
  at org.gradle.api.internal.tasks.testing.worker.TestWorker.execute(TestWorker.java:63)
  at org.gradle.process.internal.worker.child.ActionExecutionWorker.execute(ActionExecutionWorker.java:56)
  at org.gradle.process.internal.worker.child.SystemApplicationClassLoaderWorker.call(SystemApplicationClassLoaderWorker.java:122)
  at org.gradle.process.internal.worker.child.SystemApplicationClassLoaderWorker.call(SystemApplicationClassLoaderWorker.java:72)
  at worker.org.gradle.process.internal.worker.GradleWorkerMain.run(GradleWorkerMain.java:69)
  at worker.org.gradle.process.internal.worker.GradleWorkerMain.main(GradleWorkerMain.java:74)
</stacktrace>
</test-failure>


TypeScriptCompilerTests_D[jvm] > doubleUnderStringLiteralAssignability_ts has expected errors matching doubleUnderStringLiteralAssignability_errors_txt[jvm] FAILED

<test-failure test="com.xemantic.typescript.compiler.TypeScriptCompilerTests_D.declarationEmitOptionalMethod_ts compiles to JavaScript matching declarationEmitOptionalMethod_js" platform="jvm">
<message>
--- expected
+++ actual
@@ -13,5 +13,15 @@
 "use strict";
 Object.defineProperty(exports, "__esModule", { value: true });
 exports.Foo = void 0;
-const Foo = (opts) => ({});
-exports.Foo = Foo;
+exports.Foo = (opts);
+{
+    a ? () =>  : ,
+        b ?  : () => void ,
+        ;
+}
+{
+    c ? () =>  : ,
+        d ?  : () => void ,
+        ;
+}
+({});

</message>
<stacktrace>
  at org.junit.Assert.fail(Assert.java:89)
  at kotlin.test.junit.JUnitAsserter.fail(JUnitSupport.kt:56)
  at kotlin.test.AssertionsKt__AssertionsKt.fail(Assertions.kt:563)
  at kotlin.test.AssertionsKt.fail(Unknown Source)
  at com.xemantic.kotlin.test.SameAsKt.sameAs(SameAs.kt:52)
  at com.xemantic.typescript.compiler.TypeScriptTestSupportKt.sameAs(TypeScriptTestSupport.kt:99)
  at com.xemantic.typescript.compiler.TypeScriptCompilerTests_D.declarationEmitOptionalMethod_ts compiles to JavaScript matching declarationEmitOptionalMethod_js(TypeScriptCompilerTests_D.kt:2569)
  at java.base/jdk.internal.reflect.DirectMethodHandleAccessor.invoke(DirectMethodHandleAccessor.java:104)
  at java.base/java.lang.reflect.Method.invoke(Method.java:565)
  at org.junit.runners.model.FrameworkMethod$1.runReflectiveCall(FrameworkMethod.java:59)
  at org.junit.internal.runners.model.ReflectiveCallable.run(ReflectiveCallable.java:12)
  at org.junit.runners.model.FrameworkMethod.invokeExplosively(FrameworkMethod.java:56)
  at org.junit.internal.runners.statements.InvokeMethod.evaluate(InvokeMethod.java:17)
  at org.junit.runners.ParentRunner$3.evaluate(ParentRunner.java:306)
  at org.junit.runners.BlockJUnit4ClassRunner$1.evaluate(BlockJUnit4ClassRunner.java:100)
  at org.junit.runners.ParentRunner.runLeaf(ParentRunner.java:366)
  at org.junit.runners.BlockJUnit4ClassRunner.runChild(BlockJUnit4ClassRunner.java:103)
  at org.junit.runners.BlockJUnit4ClassRunner.runChild(BlockJUnit4ClassRunner.java:63)
  at org.junit.runners.ParentRunner$4.run(ParentRunner.java:331)
  at org.junit.runners.ParentRunner$1.schedule(ParentRunner.java:79)
  at org.junit.runners.ParentRunner.runChildren(ParentRunner.java:329)
  at org.junit.runners.ParentRunner.access$100(ParentRunner.java:66)
  at org.junit.runners.ParentRunner$2.evaluate(ParentRunner.java:293)
  at org.junit.runners.ParentRunner$3.evaluate(ParentRunner.java:306)
  at org.junit.runners.ParentRunner.run(ParentRunner.java:413)
  at org.junit.runner.JUnitCore.run(JUnitCore.java:137)
  at org.junit.runner.JUnitCore.run(JUnitCore.java:115)
  at org.gradle.api.internal.tasks.testing.junit.JUnitTestExecutor.runRequest(JUnitTestExecutor.java:175)
  at org.gradle.api.internal.tasks.testing.junit.JUnitTestExecutor.accept(JUnitTestExecutor.java:84)
  at org.gradle.api.internal.tasks.testing.junit.JUnitTestExecutor.accept(JUnitTestExecutor.java:47)
  at org.gradle.api.internal.tasks.testing.junit.AbstractJUnitTestDefinitionProcessor.processTestDefinition(AbstractJUnitTestDefinitionProcessor.java:65)
  at org.gradle.api.internal.tasks.testing.SuiteTestDefinitionProcessor.processTestDefinition(SuiteTestDefinitionProcessor.java:54)
  at java.base/jdk.internal.reflect.DirectMethodHandleAccessor.invoke(DirectMethodHandleAccessor.java:104)
  at java.base/java.lang.reflect.Method.invoke(Method.java:565)
  at org.gradle.internal.dispatch.MethodInvocation.invokeOn(MethodInvocation.java:77)
  at org.gradle.internal.dispatch.ReflectionDispatch.dispatch(ReflectionDispatch.java:28)
  at org.gradle.internal.dispatch.ReflectionDispatch.dispatch(ReflectionDispatch.java:19)
  at org.gradle.internal.dispatch.ContextClassLoaderDispatch.dispatch(ContextClassLoaderDispatch.java:33)
  at org.gradle.internal.dispatch.ProxyDispatchAdapter$DispatchingInvocationHandler.invoke(ProxyDispatchAdapter.java:88)
  at jdk.proxy1/jdk.proxy1.$Proxy4.processTestDefinition(Unknown Source)
  at org.gradle.api.internal.tasks.testing.worker.TestWorker$2.run(TestWorker.java:178)
  at org.gradle.api.internal.tasks.testing.worker.TestWorker.executeAndMaintainThreadName(TestWorker.java:126)
  at org.gradle.api.internal.tasks.testing.worker.TestWorker.execute(TestWorker.java:103)
  at org.gradle.api.internal.tasks.testing.worker.TestWorker.execute(TestWorker.java:63)
  at org.gradle.process.internal.worker.child.ActionExecutionWorker.execute(ActionExecutionWorker.java:56)
  at org.gradle.process.internal.worker.child.SystemApplicationClassLoaderWorker.call(SystemApplicationClassLoaderWorker.java:122)
  at org.gradle.process.internal.worker.child.SystemApplicationClassLoaderWorker.call(SystemApplicationClassLoaderWorker.java:72)
  at worker.org.gradle.process.internal.worker.GradleWorkerMain.run(GradleWorkerMain.java:69)
  at worker.org.gradle.process.internal.worker.GradleWorkerMain.main(GradleWorkerMain.java:74)
</stacktrace>
</test-failure>


TypeScriptCompilerTests_D[jvm] > declarationEmitOptionalMethod_ts compiles to JavaScript matching declarationEmitOptionalMethod_js[jvm] FAILED

<test-failure test="com.xemantic.typescript.compiler.TypeScriptCompilerTests_D.dynamicNamesErrors_ts has expected errors matching dynamicNamesErrors_errors_txt" platform="jvm">
<message>
--- expected
+++ actual
@@ -1,14 +1,7 @@
-dynamicNamesErrors.ts(19,5): error TS2717: Subsequent property declarations must have the same type.  Property '[c1]' must be of type 'number', but here has type 'string'.
-dynamicNamesErrors.ts(24,1): error TS2322: Type 'T2' is not assignable to type 'T1'.
-  Types of property '[c0]' are incompatible.
-    Type 'string' is not assignable to type 'number'.
-dynamicNamesErrors.ts(25,1): error TS2322: Type 'T1' is not assignable to type 'T2'.
-  Types of property '[c0]' are incompatible.
-    Type 'number' is not assignable to type 'string'.
 dynamicNamesErrors.ts(43,5): error TS2564: Property '[x]' has no initializer and is not definitely assigned in the constructor.
 
 
-==== dynamicNamesErrors.ts (4 errors) ====
+==== dynamicNamesErrors.ts (1 errors) ====
     const c0 = "1";
     const c1 = 1;
     
@@ -28,23 +21,12 @@
     interface T3 {
         [c0]: number;
         [c1]: string;
-        ~~~~
-!!! error TS2717: Subsequent property declarations must have the same type.  Property '[c1]' must be of type 'number', but here has type 'string'.
-!!! related TS6203 dynamicNamesErrors.ts:18:5: '[c1]' was also declared here.
     }
     
     declare let t1: T1;
     declare let t2: T2;
     t1 = t2;
-    ~~
-!!! error TS2322: Type 'T2' is not assignable to type 'T1'.
-!!! error TS2322:   Types of property '[c0]' are incompatible.
-!!! error TS2322:     Type 'string' is not assignable to type 'number'.
     t2 = t1;
-    ~~
-!!! error TS2322: Type 'T1' is not assignable to type 'T2'.
-!!! error TS2322:   Types of property '[c0]' are incompatible.
-!!! error TS2322:     Type 'number' is not assignable to type 'string'.
     
     const x = Symbol();
     const y = Symbol();

</message>
<stacktrace>
  at org.junit.Assert.fail(Assert.java:89)
  at kotlin.test.junit.JUnitAsserter.fail(JUnitSupport.kt:56)
  at kotlin.test.AssertionsKt__AssertionsKt.fail(Assertions.kt:563)
  at kotlin.test.AssertionsKt.fail(Unknown Source)
  at com.xemantic.kotlin.test.SameAsKt.sameAs(SameAs.kt:52)
  at com.xemantic.typescript.compiler.TypeScriptTestSupportKt.errorsMatchBaseline(TypeScriptTestSupport.kt:135)
  at com.xemantic.typescript.compiler.TypeScriptCompilerTests_D.dynamicNamesErrors_ts has expected errors matching dynamicNamesErrors_errors_txt(TypeScriptCompilerTests_D.kt:7007)
  at java.base/jdk.internal.reflect.DirectMethodHandleAccessor.invoke(DirectMethodHandleAccessor.java:104)
  at java.base/java.lang.reflect.Method.invoke(Method.java:565)
  at org.junit.runners.model.FrameworkMethod$1.runReflectiveCall(FrameworkMethod.java:59)
  at org.junit.internal.runners.model.ReflectiveCallable.run(ReflectiveCallable.java:12)
  at org.junit.runners.model.FrameworkMethod.invokeExplosively(FrameworkMethod.java:56)
  at org.junit.internal.runners.statements.InvokeMethod.evaluate(InvokeMethod.java:17)
  at org.junit.runners.ParentRunner$3.evaluate(ParentRunner.java:306)
  at org.junit.runners.BlockJUnit4ClassRunner$1.evaluate(BlockJUnit4ClassRunner.java:100)
  at org.junit.runners.ParentRunner.runLeaf(ParentRunner.java:366)
  at org.junit.runners.BlockJUnit4ClassRunner.runChild(BlockJUnit4ClassRunner.java:103)
  at org.junit.runners.BlockJUnit4ClassRunner.runChild(BlockJUnit4ClassRunner.java:63)
  at org.junit.runners.ParentRunner$4.run(ParentRunner.java:331)
  at org.junit.runners.ParentRunner$1.schedule(ParentRunner.java:79)
  at org.junit.runners.ParentRunner.runChildren(ParentRunner.java:329)
  at org.junit.runners.ParentRunner.access$100(ParentRunner.java:66)
  at org.junit.runners.ParentRunner$2.evaluate(ParentRunner.java:293)
  at org.junit.runners.ParentRunner$3.evaluate(ParentRunner.java:306)
  at org.junit.runners.ParentRunner.run(ParentRunner.java:413)
  at org.junit.runner.JUnitCore.run(JUnitCore.java:137)
  at org.junit.runner.JUnitCore.run(JUnitCore.java:115)
  at org.gradle.api.internal.tasks.testing.junit.JUnitTestExecutor.runRequest(JUnitTestExecutor.java:175)
  at org.gradle.api.internal.tasks.testing.junit.JUnitTestExecutor.accept(JUnitTestExecutor.java:84)
  at org.gradle.api.internal.tasks.testing.junit.JUnitTestExecutor.accept(JUnitTestExecutor.java:47)
  at org.gradle.api.internal.tasks.testing.junit.AbstractJUnitTestDefinitionProcessor.processTestDefinition(AbstractJUnitTestDefinitionProcessor.java:65)
  at org.gradle.api.internal.tasks.testing.SuiteTestDefinitionProcessor.processTestDefinition(SuiteTestDefinitionProcessor.java:54)
  at java.base/jdk.internal.reflect.DirectMethodHandleAccessor.invoke(DirectMethodHandleAccessor.java:104)
  at java.base/java.lang.reflect.Method.invoke(Method.java:565)
  at org.gradle.internal.dispatch.MethodInvocation.invokeOn(MethodInvocation.java:77)
  at org.gradle.internal.dispatch.ReflectionDispatch.dispatch(ReflectionDispatch.java:28)
  at org.gradle.internal.dispatch.ReflectionDispatch.dispatch(ReflectionDispatch.java:19)
  at org.gradle.internal.dispatch.ContextClassLoaderDispatch.dispatch(ContextClassLoaderDispatch.java:33)
  at org.gradle.internal.dispatch.ProxyDispatchAdapter$DispatchingInvocationHandler.invoke(ProxyDispatchAdapter.java:88)
  at jdk.proxy1/jdk.proxy1.$Proxy4.processTestDefinition(Unknown Source)
  at org.gradle.api.internal.tasks.testing.worker.TestWorker$2.run(TestWorker.java:178)
  at org.gradle.api.internal.tasks.testing.worker.TestWorker.executeAndMaintainThreadName(TestWorker.java:126)
  at org.gradle.api.internal.tasks.testing.worker.TestWorker.execute(TestWorker.java:103)
  at org.gradle.api.internal.tasks.testing.worker.TestWorker.execute(TestWorker.java:63)
  at org.gradle.process.internal.worker.child.ActionExecutionWorker.execute(ActionExecutionWorker.java:56)
  at org.gradle.process.internal.worker.child.SystemApplicationClassLoaderWorker.call(SystemApplicationClassLoaderWorker.java:122)
  at org.gradle.process.internal.worker.child.SystemApplicationClassLoaderWorker.call(SystemApplicationClassLoaderWorker.java:72)
  at worker.org.gradle.process.internal.worker.GradleWorkerMain.run(GradleWorkerMain.java:69)
  at worker.org.gradle.process.internal.worker.GradleWorkerMain.main(GradleWorkerMain.java:74)
</stacktrace>
</test-failure>


TypeScriptCompilerTests_D[jvm] > dynamicNamesErrors_ts has expected errors matching dynamicNamesErrors_errors_txt[jvm] FAILED

<test-failure test="com.xemantic.typescript.compiler.TypeScriptCompilerTests_D.divergentAccessorsTypes4_ts__target_es5__has expected errors matching baseline" platform="jvm">
<message>
--- expected
+++ actual
@@ -1,10 +1,9 @@
 error TS5107: Option 'target=ES5' is deprecated and will stop functioning in TypeScript 7.0. Specify compilerOption '"ignoreDeprecations": "6.0"' to silence this error.
 divergentAccessorsTypes4.ts(5,3): error TS2564: Property 'prop2' has no initializer and is not definitely assigned in the constructor.
-divergentAccessorsTypes4.ts(29,1): error TS2322: Type '"hello"' is not assignable to type '42'.
 
 
 !!! error TS5107: Option 'target=ES5' is deprecated and will stop functioning in TypeScript 7.0. Specify compilerOption '"ignoreDeprecations": "6.0"' to silence this error.
-==== divergentAccessorsTypes4.ts (2 errors) ====
+==== divergentAccessorsTypes4.ts (1 errors) ====
     class One {
       get prop1(): string { return ""; }
       set prop1(s: string | number) { }
@@ -36,5 +35,3 @@
     // 42
     i.prop2 = 42;
     i.prop2 = "hello"; // error
-    ~~~~~~~
-!!! error TS2322: Type '"hello"' is not assignable to type '42'.

</message>
<stacktrace>
  at org.junit.Assert.fail(Assert.java:89)
  at kotlin.test.junit.JUnitAsserter.fail(JUnitSupport.kt:56)
  at kotlin.test.AssertionsKt__AssertionsKt.fail(Assertions.kt:563)
  at kotlin.test.AssertionsKt.fail(Unknown Source)
  at com.xemantic.kotlin.test.SameAsKt.sameAs(SameAs.kt:52)
  at com.xemantic.typescript.compiler.TypeScriptTestSupportKt.errorsMatchBaseline(TypeScriptTestSupport.kt:135)
  at com.xemantic.typescript.compiler.TypeScriptCompilerTests_D.divergentAccessorsTypes4_ts__target_es5__has expected errors matching baseline(TypeScriptCompilerTests_D.kt:5516)
  at java.base/jdk.internal.reflect.DirectMethodHandleAccessor.invoke(DirectMethodHandleAccessor.java:104)
  at java.base/java.lang.reflect.Method.invoke(Method.java:565)
  at org.junit.runners.model.FrameworkMethod$1.runReflectiveCall(FrameworkMethod.java:59)
  at org.junit.internal.runners.model.ReflectiveCallable.run(ReflectiveCallable.java:12)
  at org.junit.runners.model.FrameworkMethod.invokeExplosively(FrameworkMethod.java:56)
  at org.junit.internal.runners.statements.InvokeMethod.evaluate(InvokeMethod.java:17)
  at org.junit.runners.ParentRunner$3.evaluate(ParentRunner.java:306)
  at org.junit.runners.BlockJUnit4ClassRunner$1.evaluate(BlockJUnit4ClassRunner.java:100)
  at org.junit.runners.ParentRunner.runLeaf(ParentRunner.java:366)
  at org.junit.runners.BlockJUnit4ClassRunner.runChild(BlockJUnit4ClassRunner.java:103)
  at org.junit.runners.BlockJUnit4ClassRunner.runChild(BlockJUnit4ClassRunner.java:63)
  at org.junit.runners.ParentRunner$4.run(ParentRunner.java:331)
  at org.junit.runners.ParentRunner$1.schedule(ParentRunner.java:79)
  at org.junit.runners.ParentRunner.runChildren(ParentRunner.java:329)
  at org.junit.runners.ParentRunner.access$100(ParentRunner.java:66)
  at org.junit.runners.ParentRunner$2.evaluate(ParentRunner.java:293)
  at org.junit.runners.ParentRunner$3.evaluate(ParentRunner.java:306)
  at org.junit.runners.ParentRunner.run(ParentRunner.java:413)
  at org.junit.runner.JUnitCore.run(JUnitCore.java:137)
  at org.junit.runner.JUnitCore.run(JUnitCore.java:115)
  at org.gradle.api.internal.tasks.testing.junit.JUnitTestExecutor.runRequest(JUnitTestExecutor.java:175)
  at org.gradle.api.internal.tasks.testing.junit.JUnitTestExecutor.accept(JUnitTestExecutor.java:84)
  at org.gradle.api.internal.tasks.testing.junit.JUnitTestExecutor.accept(JUnitTestExecutor.java:47)
  at org.gradle.api.internal.tasks.testing.junit.AbstractJUnitTestDefinitionProcessor.processTestDefinition(AbstractJUnitTestDefinitionProcessor.java:65)
  at org.gradle.api.internal.tasks.testing.SuiteTestDefinitionProcessor.processTestDefinition(SuiteTestDefinitionProcessor.java:54)
  at java.base/jdk.internal.reflect.DirectMethodHandleAccessor.invoke(DirectMethodHandleAccessor.java:104)
  at java.base/java.lang.reflect.Method.invoke(Method.java:565)
  at org.gradle.internal.dispatch.MethodInvocation.invokeOn(MethodInvocation.java:77)
  at org.gradle.internal.dispatch.ReflectionDispatch.dispatch(ReflectionDispatch.java:28)
  at org.gradle.internal.dispatch.ReflectionDispatch.dispatch(ReflectionDispatch.java:19)
  at org.gradle.internal.dispatch.ContextClassLoaderDispatch.dispatch(ContextClassLoaderDispatch.java:33)
  at org.gradle.internal.dispatch.ProxyDispatchAdapter$DispatchingInvocationHandler.invoke(ProxyDispatchAdapter.java:88)
  at jdk.proxy1/jdk.proxy1.$Proxy4.processTestDefinition(Unknown Source)
  at org.gradle.api.internal.tasks.testing.worker.TestWorker$2.run(TestWorker.java:178)
  at org.gradle.api.internal.tasks.testing.worker.TestWorker.executeAndMaintainThreadName(TestWorker.java:126)
  at org.gradle.api.internal.tasks.testing.worker.TestWorker.execute(TestWorker.java:103)
  at org.gradle.api.internal.tasks.testing.worker.TestWorker.execute(TestWorker.java:63)
  at org.gradle.process.internal.worker.child.ActionExecutionWorker.execute(ActionExecutionWorker.java:56)
  at org.gradle.process.internal.worker.child.SystemApplicationClassLoaderWorker.call(SystemApplicationClassLoaderWorker.java:122)
  at org.gradle.process.internal.worker.child.SystemApplicationClassLoaderWorker.call(SystemApplicationClassLoaderWorker.java:72)
  at worker.org.gradle.process.internal.worker.GradleWorkerMain.run(GradleWorkerMain.java:69)
  at worker.org.gradle.process.internal.worker.GradleWorkerMain.main(GradleWorkerMain.java:74)
</stacktrace>
</test-failure>


TypeScriptCompilerTests_D[jvm] > divergentAccessorsTypes4_ts__target_es5__has expected errors matching baseline[jvm] FAILED

<test-failure test="com.xemantic.typescript.compiler.TypeScriptCompilerTests_E.es6ImportDefaultBindingFollowedWithNamedImportDts_ts compiles to JavaScript matching es6ImportDefaultBindingFollowedWithNamedImportDts_js" platform="jvm">
<message>
--- expected
+++ actual
@@ -47,16 +47,49 @@
 exports.x11 = x11;
 //// [client.js]
 "use strict";
+var __createBinding = (this && this.__createBinding) || (Object.create ? (function(o, m, k, k2) {
+    if (k2 === undefined) k2 = k;
+    var desc = Object.getOwnPropertyDescriptor(m, k);
+    if (!desc || ("get" in desc ? !m.__esModule : desc.writable || desc.configurable)) {
+      desc = { enumerable: true, get: function() { return m[k]; } };
+    }
+    Object.defineProperty(o, k2, desc);
+}) : (function(o, m, k, k2) {
+    if (k2 === undefined) k2 = k;
+    o[k2] = m[k];
+}));
+var __setModuleDefault = (this && this.__setModuleDefault) || (Object.create ? (function(o, v) {
+    Object.defineProperty(o, "default", { enumerable: true, value: v });
+}) : function(o, v) {
+    o["default"] = v;
+});
+var __importStar = (this && this.__importStar) || (function () {
+    var ownKeys = function(o) {
+        ownKeys = Object.getOwnPropertyNames || function (o) {
+            var ar = [];
+            for (var k in o) if (Object.prototype.hasOwnProperty.call(o, k)) ar[ar.length] = k;
+            return ar;
+        };
+        return ownKeys(o);
+    };
+    return function (mod) {
+        if (mod && mod.__esModule) return mod;
+        var result = {};
+        if (mod != null) for (var k = ownKeys(mod), i = 0; i < k.length; i++) if (k[i] !== "default") __createBinding(result, mod, k[i]);
+        __setModuleDefault(result, mod);
+        return result;
+    };
+})();
 Object.defineProperty(exports, "__esModule", { value: true });
 exports.x6 = exports.x3 = exports.x5 = exports.x4 = exports.x2 = exports.x1 = void 0;
-const server_1 = require("./server");
-exports.x1 = new server_1.a();
-const server_2 = require("./server");
-exports.x2 = new server_2.a11();
-const server_3 = require("./server");
-exports.x4 = new server_3.x();
-exports.x5 = new server_3.a12();
-const server_4 = require("./server");
-exports.x3 = new server_4.x11();
-const server_5 = require("./server");
-exports.x6 = new server_5.m();
+const server_2 = __importStar(require("./server"));
+exports.x1 = new server_2.a();
+const server_3 = __importStar(require("./server"));
+exports.x2 = new server_3.a11();
+const server_4 = __importStar(require("./server"));
+exports.x4 = new server_4.x();
+exports.x5 = new server_4.a12();
+const server_5 = __importStar(require("./server"));
+exports.x3 = new server_5.x11();
+const server_6 = __importStar(require("./server"));
+exports.x6 = new server_6.m();

</message>
<stacktrace>
  at org.junit.Assert.fail(Assert.java:89)
  at kotlin.test.junit.JUnitAsserter.fail(JUnitSupport.kt:56)
  at kotlin.test.AssertionsKt__AssertionsKt.fail(Assertions.kt:563)
  at kotlin.test.AssertionsKt.fail(Unknown Source)
  at com.xemantic.kotlin.test.SameAsKt.sameAs(SameAs.kt:52)
  at com.xemantic.typescript.compiler.TypeScriptTestSupportKt.sameAs(TypeScriptTestSupport.kt:99)
  at com.xemantic.typescript.compiler.TypeScriptCompilerTests_E.es6ImportDefaultBindingFollowedWithNamedImportDts_ts compiles to JavaScript matching es6ImportDefaultBindingFollowedWithNamedImportDts_js(TypeScriptCompilerTests_E.kt:3164)
  at java.base/jdk.internal.reflect.DirectMethodHandleAccessor.invoke(DirectMethodHandleAccessor.java:104)
  at java.base/java.lang.reflect.Method.invoke(Method.java:565)
  at org.junit.runners.model.FrameworkMethod$1.runReflectiveCall(FrameworkMethod.java:59)
  at org.junit.internal.runners.model.ReflectiveCallable.run(ReflectiveCallable.java:12)
  at org.junit.runners.model.FrameworkMethod.invokeExplosively(FrameworkMethod.java:56)
  at org.junit.internal.runners.statements.InvokeMethod.evaluate(InvokeMethod.java:17)
  at org.junit.runners.ParentRunner$3.evaluate(ParentRunner.java:306)
  at org.junit.runners.BlockJUnit4ClassRunner$1.evaluate(BlockJUnit4ClassRunner.java:100)
  at org.junit.runners.ParentRunner.runLeaf(ParentRunner.java:366)
  at org.junit.runners.BlockJUnit4ClassRunner.runChild(BlockJUnit4ClassRunner.java:103)
  at org.junit.runners.BlockJUnit4ClassRunner.runChild(BlockJUnit4ClassRunner.java:63)
  at org.junit.runners.ParentRunner$4.run(ParentRunner.java:331)
  at org.junit.runners.ParentRunner$1.schedule(ParentRunner.java:79)
  at org.junit.runners.ParentRunner.runChildren(ParentRunner.java:329)
  at org.junit.runners.ParentRunner.access$100(ParentRunner.java:66)
  at org.junit.runners.ParentRunner$2.evaluate(ParentRunner.java:293)
  at org.junit.runners.ParentRunner$3.evaluate(ParentRunner.java:306)
  at org.junit.runners.ParentRunner.run(ParentRunner.java:413)
  at org.junit.runner.JUnitCore.run(JUnitCore.java:137)
  at org.junit.runner.JUnitCore.run(JUnitCore.java:115)
  at org.gradle.api.internal.tasks.testing.junit.JUnitTestExecutor.runRequest(JUnitTestExecutor.java:175)
  at org.gradle.api.internal.tasks.testing.junit.JUnitTestExecutor.accept(JUnitTestExecutor.java:84)
  at org.gradle.api.internal.tasks.testing.junit.JUnitTestExecutor.accept(JUnitTestExecutor.java:47)
  at org.gradle.api.internal.tasks.testing.junit.AbstractJUnitTestDefinitionProcessor.processTestDefinition(AbstractJUnitTestDefinitionProcessor.java:65)
  at org.gradle.api.internal.tasks.testing.SuiteTestDefinitionProcessor.processTestDefinition(SuiteTestDefinitionProcessor.java:54)
  at java.base/jdk.internal.reflect.DirectMethodHandleAccessor.invoke(DirectMethodHandleAccessor.java:104)
  at java.base/java.lang.reflect.Method.invoke(Method.java:565)
  at org.gradle.internal.dispatch.MethodInvocation.invokeOn(MethodInvocation.java:77)
  at org.gradle.internal.dispatch.ReflectionDispatch.dispatch(ReflectionDispatch.java:28)
  at org.gradle.internal.dispatch.ReflectionDispatch.dispatch(ReflectionDispatch.java:19)
  at org.gradle.internal.dispatch.ContextClassLoaderDispatch.dispatch(ContextClassLoaderDispatch.java:33)
  at org.gradle.internal.dispatch.ProxyDispatchAdapter$DispatchingInvocationHandler.invoke(ProxyDispatchAdapter.java:88)
  at jdk.proxy1/jdk.proxy1.$Proxy4.processTestDefinition(Unknown Source)
  at org.gradle.api.internal.tasks.testing.worker.TestWorker$2.run(TestWorker.java:178)
  at org.gradle.api.internal.tasks.testing.worker.TestWorker.executeAndMaintainThreadName(TestWorker.java:126)
  at org.gradle.api.internal.tasks.testing.worker.TestWorker.execute(TestWorker.java:103)
  at org.gradle.api.internal.tasks.testing.worker.TestWorker.execute(TestWorker.java:63)
  at org.gradle.process.internal.worker.child.ActionExecutionWorker.execute(ActionExecutionWorker.java:56)
  at org.gradle.process.internal.worker.child.SystemApplicationClassLoaderWorker.call(SystemApplicationClassLoaderWorker.java:122)
  at org.gradle.process.internal.worker.child.SystemApplicationClassLoaderWorker.call(SystemApplicationClassLoaderWorker.java:72)
  at worker.org.gradle.process.internal.worker.GradleWorkerMain.run(GradleWorkerMain.java:69)
  at worker.org.gradle.process.internal.worker.GradleWorkerMain.main(GradleWorkerMain.java:74)
</stacktrace>
</test-failure>


TypeScriptCompilerTests_E[jvm] > es6ImportDefaultBindingFollowedWithNamedImportDts_ts compiles to JavaScript matching es6ImportDefaultBindingFollowedWithNamedImportDts_js[jvm] FAILED

<test-failure test="com.xemantic.typescript.compiler.TypeScriptCompilerTests_E.enumAssignmentCompat2_ts has expected errors matching enumAssignmentCompat2_errors_txt" platform="jvm">
<message>
--- expected
+++ actual
@@ -1,13 +1,7 @@
-enumAssignmentCompat2.ts(25,5): error TS2322: Type 'typeof W' is not assignable to type 'number'.
-enumAssignmentCompat2.ts(27,5): error TS2322: Type 'W' is not assignable to type 'typeof W'.
-enumAssignmentCompat2.ts(29,5): error TS2322: Type 'number' is not assignable to type 'typeof W'.
-enumAssignmentCompat2.ts(30,5): error TS2322: Type '4' is not assignable to type 'W.a'.
-enumAssignmentCompat2.ts(31,5): error TS2322: Type 'W' is not assignable to type 'WStatic'.
-enumAssignmentCompat2.ts(32,5): error TS2322: Type 'number' is not assignable to type 'WStatic'.
-enumAssignmentCompat2.ts(33,5): error TS2322: Type '3' is not assignable to type 'W'.
+enumAssignmentCompat2.ts(25,5): error TS2322: Type 'W' is not assignable to type 'number'.
 
 
-==== enumAssignmentCompat2.ts (7 errors) ====
+==== enumAssignmentCompat2.ts (1 errors) ====
     enum W {
     
         a, b, c,
@@ -34,27 +28,15 @@
     var y: typeof W = W;
     var z: number = W; // error
         ~
-!!! error TS2322: Type 'typeof W' is not assignable to type 'number'.
+!!! error TS2322: Type 'W' is not assignable to type 'number'.
     var a: number = W.a;
     var b: typeof W = W.a; // error
-        ~
-!!! error TS2322: Type 'W' is not assignable to type 'typeof W'.
     var c: typeof W.a = W.a;
     var d: typeof W = 3; // error
-        ~
-!!! error TS2322: Type 'number' is not assignable to type 'typeof W'.
     var e: typeof W.a = 4;
-        ~
-!!! error TS2322: Type '4' is not assignable to type 'W.a'.
     var f: WStatic = W.a; // error
-        ~
-!!! error TS2322: Type 'W' is not assignable to type 'WStatic'.
     var g: WStatic = 5; // error
-        ~
-!!! error TS2322: Type 'number' is not assignable to type 'WStatic'.
     var h: W = 3;
-        ~
-!!! error TS2322: Type '3' is not assignable to type 'W'.
     var i: W = W.a;
     i = W.a;
     W.D;

</message>
<stacktrace>
  at org.junit.Assert.fail(Assert.java:89)
  at kotlin.test.junit.JUnitAsserter.fail(JUnitSupport.kt:56)
  at kotlin.test.AssertionsKt__AssertionsKt.fail(Assertions.kt:563)
  at kotlin.test.AssertionsKt.fail(Unknown Source)
  at com.xemantic.kotlin.test.SameAsKt.sameAs(SameAs.kt:52)
  at com.xemantic.typescript.compiler.TypeScriptTestSupportKt.errorsMatchBaseline(TypeScriptTestSupport.kt:135)
  at com.xemantic.typescript.compiler.TypeScriptCompilerTests_E.enumAssignmentCompat2_ts has expected errors matching enumAssignmentCompat2_errors_txt(TypeScriptCompilerTests_E.kt:721)
  at java.base/jdk.internal.reflect.DirectMethodHandleAccessor.invoke(DirectMethodHandleAccessor.java:104)
  at java.base/java.lang.reflect.Method.invoke(Method.java:565)
  at org.junit.runners.model.FrameworkMethod$1.runReflectiveCall(FrameworkMethod.java:59)
  at org.junit.internal.runners.model.ReflectiveCallable.run(ReflectiveCallable.java:12)
  at org.junit.runners.model.FrameworkMethod.invokeExplosively(FrameworkMethod.java:56)
  at org.junit.internal.runners.statements.InvokeMethod.evaluate(InvokeMethod.java:17)
  at org.junit.runners.ParentRunner$3.evaluate(ParentRunner.java:306)
  at org.junit.runners.BlockJUnit4ClassRunner$1.evaluate(BlockJUnit4ClassRunner.java:100)
  at org.junit.runners.ParentRunner.runLeaf(ParentRunner.java:366)
  at org.junit.runners.BlockJUnit4ClassRunner.runChild(BlockJUnit4ClassRunner.java:103)
  at org.junit.runners.BlockJUnit4ClassRunner.runChild(BlockJUnit4ClassRunner.java:63)
  at org.junit.runners.ParentRunner$4.run(ParentRunner.java:331)
  at org.junit.runners.ParentRunner$1.schedule(ParentRunner.java:79)
  at org.junit.runners.ParentRunner.runChildren(ParentRunner.java:329)
  at org.junit.runners.ParentRunner.access$100(ParentRunner.java:66)
  at org.junit.runners.ParentRunner$2.evaluate(ParentRunner.java:293)
  at org.junit.runners.ParentRunner$3.evaluate(ParentRunner.java:306)
  at org.junit.runners.ParentRunner.run(ParentRunner.java:413)
  at org.junit.runner.JUnitCore.run(JUnitCore.java:137)
  at org.junit.runner.JUnitCore.run(JUnitCore.java:115)
  at org.gradle.api.internal.tasks.testing.junit.JUnitTestExecutor.runRequest(JUnitTestExecutor.java:175)
  at org.gradle.api.internal.tasks.testing.junit.JUnitTestExecutor.accept(JUnitTestExecutor.java:84)
  at org.gradle.api.internal.tasks.testing.junit.JUnitTestExecutor.accept(JUnitTestExecutor.java:47)
  at org.gradle.api.internal.tasks.testing.junit.AbstractJUnitTestDefinitionProcessor.processTestDefinition(AbstractJUnitTestDefinitionProcessor.java:65)
  at org.gradle.api.internal.tasks.testing.SuiteTestDefinitionProcessor.processTestDefinition(SuiteTestDefinitionProcessor.java:54)
  at java.base/jdk.internal.reflect.DirectMethodHandleAccessor.invoke(DirectMethodHandleAccessor.java:104)
  at java.base/java.lang.reflect.Method.invoke(Method.java:565)
  at org.gradle.internal.dispatch.MethodInvocation.invokeOn(MethodInvocation.java:77)
  at org.gradle.internal.dispatch.ReflectionDispatch.dispatch(ReflectionDispatch.java:28)
  at org.gradle.internal.dispatch.ReflectionDispatch.dispatch(ReflectionDispatch.java:19)
  at org.gradle.internal.dispatch.ContextClassLoaderDispatch.dispatch(ContextClassLoaderDispatch.java:33)
  at org.gradle.internal.dispatch.ProxyDispatchAdapter$DispatchingInvocationHandler.invoke(ProxyDispatchAdapter.java:88)
  at jdk.proxy1/jdk.proxy1.$Proxy4.processTestDefinition(Unknown Source)
  at org.gradle.api.internal.tasks.testing.worker.TestWorker$2.run(TestWorker.java:178)
  at org.gradle.api.internal.tasks.testing.worker.TestWorker.executeAndMaintainThreadName(TestWorker.java:126)
  at org.gradle.api.internal.tasks.testing.worker.TestWorker.execute(TestWorker.java:103)
  at org.gradle.api.internal.tasks.testing.worker.TestWorker.execute(TestWorker.java:63)
  at org.gradle.process.internal.worker.child.ActionExecutionWorker.execute(ActionExecutionWorker.java:56)
  at org.gradle.process.internal.worker.child.SystemApplicationClassLoaderWorker.call(SystemApplicationClassLoaderWorker.java:122)
  at org.gradle.process.internal.worker.child.SystemApplicationClassLoaderWorker.call(SystemApplicationClassLoaderWorker.java:72)
  at worker.org.gradle.process.internal.worker.GradleWorkerMain.run(GradleWorkerMain.java:69)
  at worker.org.gradle.process.internal.worker.GradleWorkerMain.main(GradleWorkerMain.java:74)
</stacktrace>
</test-failure>


TypeScriptCompilerTests_E[jvm] > enumAssignmentCompat2_ts has expected errors matching enumAssignmentCompat2_errors_txt[jvm] FAILED

<test-failure test="com.xemantic.typescript.compiler.TypeScriptCompilerTests_E.esModuleInteropPrettyErrorRelatedInformation_ts has expected errors matching esModuleInteropPrettyErrorRelatedInformation_errors_txt" platform="jvm">
<message>
Expected diagnostics from baseline typescript-repo/tests/baselines/reference/esModuleInteropPrettyErrorRelatedInformation.errors.txt but none produced
</message>
<stacktrace>
  at com.xemantic.typescript.compiler.TypeScriptTestSupportKt.errorsMatchBaseline(TypeScriptTestSupport.kt:125)
  at com.xemantic.typescript.compiler.TypeScriptCompilerTests_E.esModuleInteropPrettyErrorRelatedInformation_ts has expected errors matching esModuleInteropPrettyErrorRelatedInformation_errors_txt(TypeScriptCompilerTests_E.kt:4046)
  at java.base/jdk.internal.reflect.DirectMethodHandleAccessor.invoke(DirectMethodHandleAccessor.java:104)
  at java.base/java.lang.reflect.Method.invoke(Method.java:565)
  at org.junit.runners.model.FrameworkMethod$1.runReflectiveCall(FrameworkMethod.java:59)
  at org.junit.internal.runners.model.ReflectiveCallable.run(ReflectiveCallable.java:12)
  at org.junit.runners.model.FrameworkMethod.invokeExplosively(FrameworkMethod.java:56)
  at org.junit.internal.runners.statements.InvokeMethod.evaluate(InvokeMethod.java:17)
  at org.junit.runners.ParentRunner$3.evaluate(ParentRunner.java:306)
  at org.junit.runners.BlockJUnit4ClassRunner$1.evaluate(BlockJUnit4ClassRunner.java:100)
  at org.junit.runners.ParentRunner.runLeaf(ParentRunner.java:366)
  at org.junit.runners.BlockJUnit4ClassRunner.runChild(BlockJUnit4ClassRunner.java:103)
  at org.junit.runners.BlockJUnit4ClassRunner.runChild(BlockJUnit4ClassRunner.java:63)
  at org.junit.runners.ParentRunner$4.run(ParentRunner.java:331)
  at org.junit.runners.ParentRunner$1.schedule(ParentRunner.java:79)
  at org.junit.runners.ParentRunner.runChildren(ParentRunner.java:329)
  at org.junit.runners.ParentRunner.access$100(ParentRunner.java:66)
  at org.junit.runners.ParentRunner$2.evaluate(ParentRunner.java:293)
  at org.junit.runners.ParentRunner$3.evaluate(ParentRunner.java:306)
  at org.junit.runners.ParentRunner.run(ParentRunner.java:413)
  at org.junit.runner.JUnitCore.run(JUnitCore.java:137)
  at org.junit.runner.JUnitCore.run(JUnitCore.java:115)
  at org.gradle.api.internal.tasks.testing.junit.JUnitTestExecutor.runRequest(JUnitTestExecutor.java:175)
  at org.gradle.api.internal.tasks.testing.junit.JUnitTestExecutor.accept(JUnitTestExecutor.java:84)
  at org.gradle.api.internal.tasks.testing.junit.JUnitTestExecutor.accept(JUnitTestExecutor.java:47)
  at org.gradle.api.internal.tasks.testing.junit.AbstractJUnitTestDefinitionProcessor.processTestDefinition(AbstractJUnitTestDefinitionProcessor.java:65)
  at org.gradle.api.internal.tasks.testing.SuiteTestDefinitionProcessor.processTestDefinition(SuiteTestDefinitionProcessor.java:54)
  at java.base/jdk.internal.reflect.DirectMethodHandleAccessor.invoke(DirectMethodHandleAccessor.java:104)
  at java.base/java.lang.reflect.Method.invoke(Method.java:565)
  at org.gradle.internal.dispatch.MethodInvocation.invokeOn(MethodInvocation.java:77)
  at org.gradle.internal.dispatch.ReflectionDispatch.dispatch(ReflectionDispatch.java:28)
  at org.gradle.internal.dispatch.ReflectionDispatch.dispatch(ReflectionDispatch.java:19)
  at org.gradle.internal.dispatch.ContextClassLoaderDispatch.dispatch(ContextClassLoaderDispatch.java:33)
  at org.gradle.internal.dispatch.ProxyDispatchAdapter$DispatchingInvocationHandler.invoke(ProxyDispatchAdapter.java:88)
  at jdk.proxy1/jdk.proxy1.$Proxy4.processTestDefinition(Unknown Source)
  at org.gradle.api.internal.tasks.testing.worker.TestWorker$2.run(TestWorker.java:178)
  at org.gradle.api.internal.tasks.testing.worker.TestWorker.executeAndMaintainThreadName(TestWorker.java:126)
  at org.gradle.api.internal.tasks.testing.worker.TestWorker.execute(TestWorker.java:103)
  at org.gradle.api.internal.tasks.testing.worker.TestWorker.execute(TestWorker.java:63)
  at org.gradle.process.internal.worker.child.ActionExecutionWorker.execute(ActionExecutionWorker.java:56)
  at org.gradle.process.internal.worker.child.SystemApplicationClassLoaderWorker.call(SystemApplicationClassLoaderWorker.java:122)
  at org.gradle.process.internal.worker.child.SystemApplicationClassLoaderWorker.call(SystemApplicationClassLoaderWorker.java:72)
  at worker.org.gradle.process.internal.worker.GradleWorkerMain.run(GradleWorkerMain.java:69)
  at worker.org.gradle.process.internal.worker.GradleWorkerMain.main(GradleWorkerMain.java:74)
</stacktrace>
</test-failure>


TypeScriptCompilerTests_E[jvm] > esModuleInteropPrettyErrorRelatedInformation_ts has expected errors matching esModuleInteropPrettyErrorRelatedInformation_errors_txt[jvm] FAILED

<test-failure test="com.xemantic.typescript.compiler.TypeScriptCompilerTests_E.exportImportNonInstantiatedModule2_ts compiles to JavaScript matching exportImportNonInstantiatedModule2_js" platform="jvm">
<message>
--- expected
+++ actual
@@ -20,9 +20,10 @@
     Object.defineProperty(exports, "__esModule", { value: true });
 });
 //// [exporter.js]
-define(["require", "exports"], function (require, exports) {
+define(["require", "exports", "./w1"], function (require, exports, w) {
     "use strict";
     Object.defineProperty(exports, "__esModule", { value: true });
+    exports.w = w;
 });
 //// [consumer.js]
 define(["require", "exports"], function (require, exports) {

</message>
<stacktrace>
  at org.junit.Assert.fail(Assert.java:89)
  at kotlin.test.junit.JUnitAsserter.fail(JUnitSupport.kt:56)
  at kotlin.test.AssertionsKt__AssertionsKt.fail(Assertions.kt:563)
  at kotlin.test.AssertionsKt.fail(Unknown Source)
  at com.xemantic.kotlin.test.SameAsKt.sameAs(SameAs.kt:52)
  at com.xemantic.typescript.compiler.TypeScriptTestSupportKt.sameAs(TypeScriptTestSupport.kt:99)
  at com.xemantic.typescript.compiler.TypeScriptCompilerTests_E.exportImportNonInstantiatedModule2_ts compiles to JavaScript matching exportImportNonInstantiatedModule2_js(TypeScriptCompilerTests_E.kt:5649)
  at java.base/jdk.internal.reflect.DirectMethodHandleAccessor.invoke(DirectMethodHandleAccessor.java:104)
  at java.base/java.lang.reflect.Method.invoke(Method.java:565)
  at org.junit.runners.model.FrameworkMethod$1.runReflectiveCall(FrameworkMethod.java:59)
  at org.junit.internal.runners.model.ReflectiveCallable.run(ReflectiveCallable.java:12)
  at org.junit.runners.model.FrameworkMethod.invokeExplosively(FrameworkMethod.java:56)
  at org.junit.internal.runners.statements.InvokeMethod.evaluate(InvokeMethod.java:17)
  at org.junit.runners.ParentRunner$3.evaluate(ParentRunner.java:306)
  at org.junit.runners.BlockJUnit4ClassRunner$1.evaluate(BlockJUnit4ClassRunner.java:100)
  at org.junit.runners.ParentRunner.runLeaf(ParentRunner.java:366)
  at org.junit.runners.BlockJUnit4ClassRunner.runChild(BlockJUnit4ClassRunner.java:103)
  at org.junit.runners.BlockJUnit4ClassRunner.runChild(BlockJUnit4ClassRunner.java:63)
  at org.junit.runners.ParentRunner$4.run(ParentRunner.java:331)
  at org.junit.runners.ParentRunner$1.schedule(ParentRunner.java:79)
  at org.junit.runners.ParentRunner.runChildren(ParentRunner.java:329)
  at org.junit.runners.ParentRunner.access$100(ParentRunner.java:66)
  at org.junit.runners.ParentRunner$2.evaluate(ParentRunner.java:293)
  at org.junit.runners.ParentRunner$3.evaluate(ParentRunner.java:306)
  at org.junit.runners.ParentRunner.run(ParentRunner.java:413)
  at org.junit.runner.JUnitCore.run(JUnitCore.java:137)
  at org.junit.runner.JUnitCore.run(JUnitCore.java:115)
  at org.gradle.api.internal.tasks.testing.junit.JUnitTestExecutor.runRequest(JUnitTestExecutor.java:175)
  at org.gradle.api.internal.tasks.testing.junit.JUnitTestExecutor.accept(JUnitTestExecutor.java:84)
  at org.gradle.api.internal.tasks.testing.junit.JUnitTestExecutor.accept(JUnitTestExecutor.java:47)
  at org.gradle.api.internal.tasks.testing.junit.AbstractJUnitTestDefinitionProcessor.processTestDefinition(AbstractJUnitTestDefinitionProcessor.java:65)
  at org.gradle.api.internal.tasks.testing.SuiteTestDefinitionProcessor.processTestDefinition(SuiteTestDefinitionProcessor.java:54)
  at java.base/jdk.internal.reflect.DirectMethodHandleAccessor.invoke(DirectMethodHandleAccessor.java:104)
  at java.base/java.lang.reflect.Method.invoke(Method.java:565)
  at org.gradle.internal.dispatch.MethodInvocation.invokeOn(MethodInvocation.java:77)
  at org.gradle.internal.dispatch.ReflectionDispatch.dispatch(ReflectionDispatch.java:28)
  at org.gradle.internal.dispatch.ReflectionDispatch.dispatch(ReflectionDispatch.java:19)
  at org.gradle.internal.dispatch.ContextClassLoaderDispatch.dispatch(ContextClassLoaderDispatch.java:33)
  at org.gradle.internal.dispatch.ProxyDispatchAdapter$DispatchingInvocationHandler.invoke(ProxyDispatchAdapter.java:88)
  at jdk.proxy1/jdk.proxy1.$Proxy4.processTestDefinition(Unknown Source)
  at org.gradle.api.internal.tasks.testing.worker.TestWorker$2.run(TestWorker.java:178)
  at org.gradle.api.internal.tasks.testing.worker.TestWorker.executeAndMaintainThreadName(TestWorker.java:126)
  at org.gradle.api.internal.tasks.testing.worker.TestWorker.execute(TestWorker.java:103)
  at org.gradle.api.internal.tasks.testing.worker.TestWorker.execute(TestWorker.java:63)
  at org.gradle.process.internal.worker.child.ActionExecutionWorker.execute(ActionExecutionWorker.java:56)
  at org.gradle.process.internal.worker.child.SystemApplicationClassLoaderWorker.call(SystemApplicationClassLoaderWorker.java:122)
  at org.gradle.process.internal.worker.child.SystemApplicationClassLoaderWorker.call(SystemApplicationClassLoaderWorker.java:72)
  at worker.org.gradle.process.internal.worker.GradleWorkerMain.run(GradleWorkerMain.java:69)
  at worker.org.gradle.process.internal.worker.GradleWorkerMain.main(GradleWorkerMain.java:74)
</stacktrace>
</test-failure>


TypeScriptCompilerTests_E[jvm] > exportImportNonInstantiatedModule2_ts compiles to JavaScript matching exportImportNonInstantiatedModule2_js[jvm] FAILED

<test-failure test="com.xemantic.typescript.compiler.TypeScriptCompilerTests_E.es6ExportAssignment3_ts has expected errors matching es6ExportAssignment3_errors_txt" platform="jvm">
<message>
Expected diagnostics from baseline typescript-repo/tests/baselines/reference/es6ExportAssignment3.errors.txt but none produced
</message>
<stacktrace>
  at com.xemantic.typescript.compiler.TypeScriptTestSupportKt.errorsMatchBaseline(TypeScriptTestSupport.kt:125)
  at com.xemantic.typescript.compiler.TypeScriptCompilerTests_E.es6ExportAssignment3_ts has expected errors matching es6ExportAssignment3_errors_txt(TypeScriptCompilerTests_E.kt:2926)
  at java.base/jdk.internal.reflect.DirectMethodHandleAccessor.invoke(DirectMethodHandleAccessor.java:104)
  at java.base/java.lang.reflect.Method.invoke(Method.java:565)
  at org.junit.runners.model.FrameworkMethod$1.runReflectiveCall(FrameworkMethod.java:59)
  at org.junit.internal.runners.model.ReflectiveCallable.run(ReflectiveCallable.java:12)
  at org.junit.runners.model.FrameworkMethod.invokeExplosively(FrameworkMethod.java:56)
  at org.junit.internal.runners.statements.InvokeMethod.evaluate(InvokeMethod.java:17)
  at org.junit.runners.ParentRunner$3.evaluate(ParentRunner.java:306)
  at org.junit.runners.BlockJUnit4ClassRunner$1.evaluate(BlockJUnit4ClassRunner.java:100)
  at org.junit.runners.ParentRunner.runLeaf(ParentRunner.java:366)
  at org.junit.runners.BlockJUnit4ClassRunner.runChild(BlockJUnit4ClassRunner.java:103)
  at org.junit.runners.BlockJUnit4ClassRunner.runChild(BlockJUnit4ClassRunner.java:63)
  at org.junit.runners.ParentRunner$4.run(ParentRunner.java:331)
  at org.junit.runners.ParentRunner$1.schedule(ParentRunner.java:79)
  at org.junit.runners.ParentRunner.runChildren(ParentRunner.java:329)
  at org.junit.runners.ParentRunner.access$100(ParentRunner.java:66)
  at org.junit.runners.ParentRunner$2.evaluate(ParentRunner.java:293)
  at org.junit.runners.ParentRunner$3.evaluate(ParentRunner.java:306)
  at org.junit.runners.ParentRunner.run(ParentRunner.java:413)
  at org.junit.runner.JUnitCore.run(JUnitCore.java:137)
  at org.junit.runner.JUnitCore.run(JUnitCore.java:115)
  at org.gradle.api.internal.tasks.testing.junit.JUnitTestExecutor.runRequest(JUnitTestExecutor.java:175)
  at org.gradle.api.internal.tasks.testing.junit.JUnitTestExecutor.accept(JUnitTestExecutor.java:84)
  at org.gradle.api.internal.tasks.testing.junit.JUnitTestExecutor.accept(JUnitTestExecutor.java:47)
  at org.gradle.api.internal.tasks.testing.junit.AbstractJUnitTestDefinitionProcessor.processTestDefinition(AbstractJUnitTestDefinitionProcessor.java:65)
  at org.gradle.api.internal.tasks.testing.SuiteTestDefinitionProcessor.processTestDefinition(SuiteTestDefinitionProcessor.java:54)
  at java.base/jdk.internal.reflect.DirectMethodHandleAccessor.invoke(DirectMethodHandleAccessor.java:104)
  at java.base/java.lang.reflect.Method.invoke(Method.java:565)
  at org.gradle.internal.dispatch.MethodInvocation.invokeOn(MethodInvocation.java:77)
  at org.gradle.internal.dispatch.ReflectionDispatch.dispatch(ReflectionDispatch.java:28)
  at org.gradle.internal.dispatch.ReflectionDispatch.dispatch(ReflectionDispatch.java:19)
  at org.gradle.internal.dispatch.ContextClassLoaderDispatch.dispatch(ContextClassLoaderDispatch.java:33)
  at org.gradle.internal.dispatch.ProxyDispatchAdapter$DispatchingInvocationHandler.invoke(ProxyDispatchAdapter.java:88)
  at jdk.proxy1/jdk.proxy1.$Proxy4.processTestDefinition(Unknown Source)
  at org.gradle.api.internal.tasks.testing.worker.TestWorker$2.run(TestWorker.java:178)
  at org.gradle.api.internal.tasks.testing.worker.TestWorker.executeAndMaintainThreadName(TestWorker.java:126)
  at org.gradle.api.internal.tasks.testing.worker.TestWorker.execute(TestWorker.java:103)
  at org.gradle.api.internal.tasks.testing.worker.TestWorker.execute(TestWorker.java:63)
  at org.gradle.process.internal.worker.child.ActionExecutionWorker.execute(ActionExecutionWorker.java:56)
  at org.gradle.process.internal.worker.child.SystemApplicationClassLoaderWorker.call(SystemApplicationClassLoaderWorker.java:122)
  at org.gradle.process.internal.worker.child.SystemApplicationClassLoaderWorker.call(SystemApplicationClassLoaderWorker.java:72)
  at worker.org.gradle.process.internal.worker.GradleWorkerMain.run(GradleWorkerMain.java:69)
  at worker.org.gradle.process.internal.worker.GradleWorkerMain.main(GradleWorkerMain.java:74)
</stacktrace>
</test-failure>


TypeScriptCompilerTests_E[jvm] > es6ExportAssignment3_ts has expected errors matching es6ExportAssignment3_errors_txt[jvm] FAILED

<test-failure test="com.xemantic.typescript.compiler.TypeScriptCompilerTests_E.emitDecoratorMetadata_isolatedModules_ts__module_esnext__compiles to JavaScript matching baseline" platform="jvm">
<message>
--- expected
+++ actual
@@ -55,7 +55,6 @@
 var __metadata = (this && this.__metadata) || function (k, v) {
     if (typeof Reflect === "object" && typeof Reflect.metadata === "function") return Reflect.metadata(k, v);
 };
-import * as t1 from "./type1";
 import { C3 } from "./class3";
 class HelloWorld {
     handleEvent1(event) { } // Error

</message>
<stacktrace>
  at org.junit.Assert.fail(Assert.java:89)
  at kotlin.test.junit.JUnitAsserter.fail(JUnitSupport.kt:56)
  at kotlin.test.AssertionsKt__AssertionsKt.fail(Assertions.kt:563)
  at kotlin.test.AssertionsKt.fail(Unknown Source)
  at com.xemantic.kotlin.test.SameAsKt.sameAs(SameAs.kt:52)
  at com.xemantic.typescript.compiler.TypeScriptTestSupportKt.sameAs(TypeScriptTestSupport.kt:99)
  at com.xemantic.typescript.compiler.TypeScriptCompilerTests_E.emitDecoratorMetadata_isolatedModules_ts__module_esnext__compiles to JavaScript matching baseline(TypeScriptCompilerTests_E.kt:301)
  at java.base/jdk.internal.reflect.DirectMethodHandleAccessor.invoke(DirectMethodHandleAccessor.java:104)
  at java.base/java.lang.reflect.Method.invoke(Method.java:565)
  at org.junit.runners.model.FrameworkMethod$1.runReflectiveCall(FrameworkMethod.java:59)
  at org.junit.internal.runners.model.ReflectiveCallable.run(ReflectiveCallable.java:12)
  at org.junit.runners.model.FrameworkMethod.invokeExplosively(FrameworkMethod.java:56)
  at org.junit.internal.runners.statements.InvokeMethod.evaluate(InvokeMethod.java:17)
  at org.junit.runners.ParentRunner$3.evaluate(ParentRunner.java:306)
  at org.junit.runners.BlockJUnit4ClassRunner$1.evaluate(BlockJUnit4ClassRunner.java:100)
  at org.junit.runners.ParentRunner.runLeaf(ParentRunner.java:366)
  at org.junit.runners.BlockJUnit4ClassRunner.runChild(BlockJUnit4ClassRunner.java:103)
  at org.junit.runners.BlockJUnit4ClassRunner.runChild(BlockJUnit4ClassRunner.java:63)
  at org.junit.runners.ParentRunner$4.run(ParentRunner.java:331)
  at org.junit.runners.ParentRunner$1.schedule(ParentRunner.java:79)
  at org.junit.runners.ParentRunner.runChildren(ParentRunner.java:329)
  at org.junit.runners.ParentRunner.access$100(ParentRunner.java:66)
  at org.junit.runners.ParentRunner$2.evaluate(ParentRunner.java:293)
  at org.junit.runners.ParentRunner$3.evaluate(ParentRunner.java:306)
  at org.junit.runners.ParentRunner.run(ParentRunner.java:413)
  at org.junit.runner.JUnitCore.run(JUnitCore.java:137)
  at org.junit.runner.JUnitCore.run(JUnitCore.java:115)
  at org.gradle.api.internal.tasks.testing.junit.JUnitTestExecutor.runRequest(JUnitTestExecutor.java:175)
  at org.gradle.api.internal.tasks.testing.junit.JUnitTestExecutor.accept(JUnitTestExecutor.java:84)
  at org.gradle.api.internal.tasks.testing.junit.JUnitTestExecutor.accept(JUnitTestExecutor.java:47)
  at org.gradle.api.internal.tasks.testing.junit.AbstractJUnitTestDefinitionProcessor.processTestDefinition(AbstractJUnitTestDefinitionProcessor.java:65)
  at org.gradle.api.internal.tasks.testing.SuiteTestDefinitionProcessor.processTestDefinition(SuiteTestDefinitionProcessor.java:54)
  at java.base/jdk.internal.reflect.DirectMethodHandleAccessor.invoke(DirectMethodHandleAccessor.java:104)
  at java.base/java.lang.reflect.Method.invoke(Method.java:565)
  at org.gradle.internal.dispatch.MethodInvocation.invokeOn(MethodInvocation.java:77)
  at org.gradle.internal.dispatch.ReflectionDispatch.dispatch(ReflectionDispatch.java:28)
  at org.gradle.internal.dispatch.ReflectionDispatch.dispatch(ReflectionDispatch.java:19)
  at org.gradle.internal.dispatch.ContextClassLoaderDispatch.dispatch(ContextClassLoaderDispatch.java:33)
  at org.gradle.internal.dispatch.ProxyDispatchAdapter$DispatchingInvocationHandler.invoke(ProxyDispatchAdapter.java:88)
  at jdk.proxy1/jdk.proxy1.$Proxy4.processTestDefinition(Unknown Source)
  at org.gradle.api.internal.tasks.testing.worker.TestWorker$2.run(TestWorker.java:178)
  at org.gradle.api.internal.tasks.testing.worker.TestWorker.executeAndMaintainThreadName(TestWorker.java:126)
  at org.gradle.api.internal.tasks.testing.worker.TestWorker.execute(TestWorker.java:103)
  at org.gradle.api.internal.tasks.testing.worker.TestWorker.execute(TestWorker.java:63)
  at org.gradle.process.internal.worker.child.ActionExecutionWorker.execute(ActionExecutionWorker.java:56)
  at org.gradle.process.internal.worker.child.SystemApplicationClassLoaderWorker.call(SystemApplicationClassLoaderWorker.java:122)
  at org.gradle.process.internal.worker.child.SystemApplicationClassLoaderWorker.call(SystemApplicationClassLoaderWorker.java:72)
  at worker.org.gradle.process.internal.worker.GradleWorkerMain.run(GradleWorkerMain.java:69)
  at worker.org.gradle.process.internal.worker.GradleWorkerMain.main(GradleWorkerMain.java:74)
</stacktrace>
</test-failure>


TypeScriptCompilerTests_E[jvm] > emitDecoratorMetadata_isolatedModules_ts__module_esnext__compiles to JavaScript matching baseline[jvm] FAILED

<test-failure test="com.xemantic.typescript.compiler.TypeScriptCompilerTests_E.es5-oldStyleOctalLiteralInEnums_ts__target_es2015__has expected errors matching baseline" platform="jvm">
<message>
Expected diagnostics from baseline typescript-repo/tests/baselines/reference/es5-oldStyleOctalLiteralInEnums(target=es2015).errors.txt but none produced
</message>
<stacktrace>
  at com.xemantic.typescript.compiler.TypeScriptTestSupportKt.errorsMatchBaseline(TypeScriptTestSupport.kt:125)
  at com.xemantic.typescript.compiler.TypeScriptCompilerTests_E.es5-oldStyleOctalLiteralInEnums_ts__target_es2015__has expected errors matching baseline(TypeScriptCompilerTests_E.kt:2317)
  at java.base/jdk.internal.reflect.DirectMethodHandleAccessor.invoke(DirectMethodHandleAccessor.java:104)
  at java.base/java.lang.reflect.Method.invoke(Method.java:565)
  at org.junit.runners.model.FrameworkMethod$1.runReflectiveCall(FrameworkMethod.java:59)
  at org.junit.internal.runners.model.ReflectiveCallable.run(ReflectiveCallable.java:12)
  at org.junit.runners.model.FrameworkMethod.invokeExplosively(FrameworkMethod.java:56)
  at org.junit.internal.runners.statements.InvokeMethod.evaluate(InvokeMethod.java:17)
  at org.junit.runners.ParentRunner$3.evaluate(ParentRunner.java:306)
  at org.junit.runners.BlockJUnit4ClassRunner$1.evaluate(BlockJUnit4ClassRunner.java:100)
  at org.junit.runners.ParentRunner.runLeaf(ParentRunner.java:366)
  at org.junit.runners.BlockJUnit4ClassRunner.runChild(BlockJUnit4ClassRunner.java:103)
  at org.junit.runners.BlockJUnit4ClassRunner.runChild(BlockJUnit4ClassRunner.java:63)
  at org.junit.runners.ParentRunner$4.run(ParentRunner.java:331)
  at org.junit.runners.ParentRunner$1.schedule(ParentRunner.java:79)
  at org.junit.runners.ParentRunner.runChildren(ParentRunner.java:329)
  at org.junit.runners.ParentRunner.access$100(ParentRunner.java:66)
  at org.junit.runners.ParentRunner$2.evaluate(ParentRunner.java:293)
  at org.junit.runners.ParentRunner$3.evaluate(ParentRunner.java:306)
  at org.junit.runners.ParentRunner.run(ParentRunner.java:413)
  at org.junit.runner.JUnitCore.run(JUnitCore.java:137)
  at org.junit.runner.JUnitCore.run(JUnitCore.java:115)
  at org.gradle.api.internal.tasks.testing.junit.JUnitTestExecutor.runRequest(JUnitTestExecutor.java:175)
  at org.gradle.api.internal.tasks.testing.junit.JUnitTestExecutor.accept(JUnitTestExecutor.java:84)
  at org.gradle.api.internal.tasks.testing.junit.JUnitTestExecutor.accept(JUnitTestExecutor.java:47)
  at org.gradle.api.internal.tasks.testing.junit.AbstractJUnitTestDefinitionProcessor.processTestDefinition(AbstractJUnitTestDefinitionProcessor.java:65)
  at org.gradle.api.internal.tasks.testing.SuiteTestDefinitionProcessor.processTestDefinition(SuiteTestDefinitionProcessor.java:54)
  at java.base/jdk.internal.reflect.DirectMethodHandleAccessor.invoke(DirectMethodHandleAccessor.java:104)
  at java.base/java.lang.reflect.Method.invoke(Method.java:565)
  at org.gradle.internal.dispatch.MethodInvocation.invokeOn(MethodInvocation.java:77)
  at org.gradle.internal.dispatch.ReflectionDispatch.dispatch(ReflectionDispatch.java:28)
  at org.gradle.internal.dispatch.ReflectionDispatch.dispatch(ReflectionDispatch.java:19)
  at org.gradle.internal.dispatch.ContextClassLoaderDispatch.dispatch(ContextClassLoaderDispatch.java:33)
  at org.gradle.internal.dispatch.ProxyDispatchAdapter$DispatchingInvocationHandler.invoke(ProxyDispatchAdapter.java:88)
  at jdk.proxy1/jdk.proxy1.$Proxy4.processTestDefinition(Unknown Source)
  at org.gradle.api.internal.tasks.testing.worker.TestWorker$2.run(TestWorker.java:178)
  at org.gradle.api.internal.tasks.testing.worker.TestWorker.executeAndMaintainThreadName(TestWorker.java:126)
  at org.gradle.api.internal.tasks.testing.worker.TestWorker.execute(TestWorker.java:103)
  at org.gradle.api.internal.tasks.testing.worker.TestWorker.execute(TestWorker.java:63)
  at org.gradle.process.internal.worker.child.ActionExecutionWorker.execute(ActionExecutionWorker.java:56)
  at org.gradle.process.internal.worker.child.SystemApplicationClassLoaderWorker.call(SystemApplicationClassLoaderWorker.java:122)
  at org.gradle.process.internal.worker.child.SystemApplicationClassLoaderWorker.call(SystemApplicationClassLoaderWorker.java:72)
  at worker.org.gradle.process.internal.worker.GradleWorkerMain.run(GradleWorkerMain.java:69)
  at worker.org.gradle.process.internal.worker.GradleWorkerMain.main(GradleWorkerMain.java:74)
</stacktrace>
</test-failure>


TypeScriptCompilerTests_E[jvm] > es5-oldStyleOctalLiteralInEnums_ts__target_es2015__has expected errors matching baseline[jvm] FAILED

<test-failure test="com.xemantic.typescript.compiler.TypeScriptCompilerTests_E.extendsClauseAlreadySeen2_ts has expected errors matching extendsClauseAlreadySeen2_errors_txt" platform="jvm">
<message>
Expected diagnostics from baseline typescript-repo/tests/baselines/reference/extendsClauseAlreadySeen2.errors.txt but none produced
</message>
<stacktrace>
  at com.xemantic.typescript.compiler.TypeScriptTestSupportKt.errorsMatchBaseline(TypeScriptTestSupport.kt:125)
  at com.xemantic.typescript.compiler.TypeScriptCompilerTests_E.extendsClauseAlreadySeen2_ts has expected errors matching extendsClauseAlreadySeen2_errors_txt(TypeScriptCompilerTests_E.kt:6531)
  at java.base/jdk.internal.reflect.DirectMethodHandleAccessor.invoke(DirectMethodHandleAccessor.java:104)
  at java.base/java.lang.reflect.Method.invoke(Method.java:565)
  at org.junit.runners.model.FrameworkMethod$1.runReflectiveCall(FrameworkMethod.java:59)
  at org.junit.internal.runners.model.ReflectiveCallable.run(ReflectiveCallable.java:12)
  at org.junit.runners.model.FrameworkMethod.invokeExplosively(FrameworkMethod.java:56)
  at org.junit.internal.runners.statements.InvokeMethod.evaluate(InvokeMethod.java:17)
  at org.junit.runners.ParentRunner$3.evaluate(ParentRunner.java:306)
  at org.junit.runners.BlockJUnit4ClassRunner$1.evaluate(BlockJUnit4ClassRunner.java:100)
  at org.junit.runners.ParentRunner.runLeaf(ParentRunner.java:366)
  at org.junit.runners.BlockJUnit4ClassRunner.runChild(BlockJUnit4ClassRunner.java:103)
  at org.junit.runners.BlockJUnit4ClassRunner.runChild(BlockJUnit4ClassRunner.java:63)
  at org.junit.runners.ParentRunner$4.run(ParentRunner.java:331)
  at org.junit.runners.ParentRunner$1.schedule(ParentRunner.java:79)
  at org.junit.runners.ParentRunner.runChildren(ParentRunner.java:329)
  at org.junit.runners.ParentRunner.access$100(ParentRunner.java:66)
  at org.junit.runners.ParentRunner$2.evaluate(ParentRunner.java:293)
  at org.junit.runners.ParentRunner$3.evaluate(ParentRunner.java:306)
  at org.junit.runners.ParentRunner.run(ParentRunner.java:413)
  at org.junit.runner.JUnitCore.run(JUnitCore.java:137)
  at org.junit.runner.JUnitCore.run(JUnitCore.java:115)
  at org.gradle.api.internal.tasks.testing.junit.JUnitTestExecutor.runRequest(JUnitTestExecutor.java:175)
  at org.gradle.api.internal.tasks.testing.junit.JUnitTestExecutor.accept(JUnitTestExecutor.java:84)
  at org.gradle.api.internal.tasks.testing.junit.JUnitTestExecutor.accept(JUnitTestExecutor.java:47)
  at org.gradle.api.internal.tasks.testing.junit.AbstractJUnitTestDefinitionProcessor.processTestDefinition(AbstractJUnitTestDefinitionProcessor.java:65)
  at org.gradle.api.internal.tasks.testing.SuiteTestDefinitionProcessor.processTestDefinition(SuiteTestDefinitionProcessor.java:54)
  at java.base/jdk.internal.reflect.DirectMethodHandleAccessor.invoke(DirectMethodHandleAccessor.java:104)
  at java.base/java.lang.reflect.Method.invoke(Method.java:565)
  at org.gradle.internal.dispatch.MethodInvocation.invokeOn(MethodInvocation.java:77)
  at org.gradle.internal.dispatch.ReflectionDispatch.dispatch(ReflectionDispatch.java:28)
  at org.gradle.internal.dispatch.ReflectionDispatch.dispatch(ReflectionDispatch.java:19)
  at org.gradle.internal.dispatch.ContextClassLoaderDispatch.dispatch(ContextClassLoaderDispatch.java:33)
  at org.gradle.internal.dispatch.ProxyDispatchAdapter$DispatchingInvocationHandler.invoke(ProxyDispatchAdapter.java:88)
  at jdk.proxy1/jdk.proxy1.$Proxy4.processTestDefinition(Unknown Source)
  at org.gradle.api.internal.tasks.testing.worker.TestWorker$2.run(TestWorker.java:178)
  at org.gradle.api.internal.tasks.testing.worker.TestWorker.executeAndMaintainThreadName(TestWorker.java:126)
  at org.gradle.api.internal.tasks.testing.worker.TestWorker.execute(TestWorker.java:103)
  at org.gradle.api.internal.tasks.testing.worker.TestWorker.execute(TestWorker.java:63)
  at org.gradle.process.internal.worker.child.ActionExecutionWorker.execute(ActionExecutionWorker.java:56)
  at org.gradle.process.internal.worker.child.SystemApplicationClassLoaderWorker.call(SystemApplicationClassLoaderWorker.java:122)
  at org.gradle.process.internal.worker.child.SystemApplicationClassLoaderWorker.call(SystemApplicationClassLoaderWorker.java:72)
  at worker.org.gradle.process.internal.worker.GradleWorkerMain.run(GradleWorkerMain.java:69)
  at worker.org.gradle.process.internal.worker.GradleWorkerMain.main(GradleWorkerMain.java:74)
</stacktrace>
</test-failure>


TypeScriptCompilerTests_E[jvm] > extendsClauseAlreadySeen2_ts has expected errors matching extendsClauseAlreadySeen2_errors_txt[jvm] FAILED

<test-failure test="com.xemantic.typescript.compiler.TypeScriptCompilerTests_E.errorForwardReferenceForwadingConstructor_ts has expected errors matching errorForwardReferenceForwadingConstructor_errors_txt" platform="jvm">
<message>
Expected diagnostics from baseline typescript-repo/tests/baselines/reference/errorForwardReferenceForwadingConstructor.errors.txt but none produced
</message>
<stacktrace>
  at com.xemantic.typescript.compiler.TypeScriptTestSupportKt.errorsMatchBaseline(TypeScriptTestSupport.kt:125)
  at com.xemantic.typescript.compiler.TypeScriptCompilerTests_E.errorForwardReferenceForwadingConstructor_ts has expected errors matching errorForwardReferenceForwadingConstructor_errors_txt(TypeScriptCompilerTests_E.kt:1407)
  at java.base/jdk.internal.reflect.DirectMethodHandleAccessor.invoke(DirectMethodHandleAccessor.java:104)
  at java.base/java.lang.reflect.Method.invoke(Method.java:565)
  at org.junit.runners.model.FrameworkMethod$1.runReflectiveCall(FrameworkMethod.java:59)
  at org.junit.internal.runners.model.ReflectiveCallable.run(ReflectiveCallable.java:12)
  at org.junit.runners.model.FrameworkMethod.invokeExplosively(FrameworkMethod.java:56)
  at org.junit.internal.runners.statements.InvokeMethod.evaluate(InvokeMethod.java:17)
  at org.junit.runners.ParentRunner$3.evaluate(ParentRunner.java:306)
  at org.junit.runners.BlockJUnit4ClassRunner$1.evaluate(BlockJUnit4ClassRunner.java:100)
  at org.junit.runners.ParentRunner.runLeaf(ParentRunner.java:366)
  at org.junit.runners.BlockJUnit4ClassRunner.runChild(BlockJUnit4ClassRunner.java:103)
  at org.junit.runners.BlockJUnit4ClassRunner.runChild(BlockJUnit4ClassRunner.java:63)
  at org.junit.runners.ParentRunner$4.run(ParentRunner.java:331)
  at org.junit.runners.ParentRunner$1.schedule(ParentRunner.java:79)
  at org.junit.runners.ParentRunner.runChildren(ParentRunner.java:329)
  at org.junit.runners.ParentRunner.access$100(ParentRunner.java:66)
  at org.junit.runners.ParentRunner$2.evaluate(ParentRunner.java:293)
  at org.junit.runners.ParentRunner$3.evaluate(ParentRunner.java:306)
  at org.junit.runners.ParentRunner.run(ParentRunner.java:413)
  at org.junit.runner.JUnitCore.run(JUnitCore.java:137)
  at org.junit.runner.JUnitCore.run(JUnitCore.java:115)
  at org.gradle.api.internal.tasks.testing.junit.JUnitTestExecutor.runRequest(JUnitTestExecutor.java:175)
  at org.gradle.api.internal.tasks.testing.junit.JUnitTestExecutor.accept(JUnitTestExecutor.java:84)
  at org.gradle.api.internal.tasks.testing.junit.JUnitTestExecutor.accept(JUnitTestExecutor.java:47)
  at org.gradle.api.internal.tasks.testing.junit.AbstractJUnitTestDefinitionProcessor.processTestDefinition(AbstractJUnitTestDefinitionProcessor.java:65)
  at org.gradle.api.internal.tasks.testing.SuiteTestDefinitionProcessor.processTestDefinition(SuiteTestDefinitionProcessor.java:54)
  at java.base/jdk.internal.reflect.DirectMethodHandleAccessor.invoke(DirectMethodHandleAccessor.java:104)
  at java.base/java.lang.reflect.Method.invoke(Method.java:565)
  at org.gradle.internal.dispatch.MethodInvocation.invokeOn(MethodInvocation.java:77)
  at org.gradle.internal.dispatch.ReflectionDispatch.dispatch(ReflectionDispatch.java:28)
  at org.gradle.internal.dispatch.ReflectionDispatch.dispatch(ReflectionDispatch.java:19)
  at org.gradle.internal.dispatch.ContextClassLoaderDispatch.dispatch(ContextClassLoaderDispatch.java:33)
  at org.gradle.internal.dispatch.ProxyDispatchAdapter$DispatchingInvocationHandler.invoke(ProxyDispatchAdapter.java:88)
  at jdk.proxy1/jdk.proxy1.$Proxy4.processTestDefinition(Unknown Source)
  at org.gradle.api.internal.tasks.testing.worker.TestWorker$2.run(TestWorker.java:178)
  at org.gradle.api.internal.tasks.testing.worker.TestWorker.executeAndMaintainThreadName(TestWorker.java:126)
  at org.gradle.api.internal.tasks.testing.worker.TestWorker.execute(TestWorker.java:103)
  at org.gradle.api.internal.tasks.testing.worker.TestWorker.execute(TestWorker.java:63)
  at org.gradle.process.internal.worker.child.ActionExecutionWorker.execute(ActionExecutionWorker.java:56)
  at org.gradle.process.internal.worker.child.SystemApplicationClassLoaderWorker.call(SystemApplicationClassLoaderWorker.java:122)
  at org.gradle.process.internal.worker.child.SystemApplicationClassLoaderWorker.call(SystemApplicationClassLoaderWorker.java:72)
  at worker.org.gradle.process.internal.worker.GradleWorkerMain.run(GradleWorkerMain.java:69)
  at worker.org.gradle.process.internal.worker.GradleWorkerMain.main(GradleWorkerMain.java:74)
</stacktrace>
</test-failure>


TypeScriptCompilerTests_E[jvm] > errorForwardReferenceForwadingConstructor_ts has expected errors matching errorForwardReferenceForwadingConstructor_errors_txt[jvm] FAILED

<test-failure test="com.xemantic.typescript.compiler.TypeScriptCompilerTests_E.excessPropertyErrorForFunctionTypes_ts has expected errors matching excessPropertyErrorForFunctionTypes_errors_txt" platform="jvm">
<message>
Expected diagnostics from baseline typescript-repo/tests/baselines/reference/excessPropertyErrorForFunctionTypes.errors.txt but none produced
</message>
<stacktrace>
  at com.xemantic.typescript.compiler.TypeScriptTestSupportKt.errorsMatchBaseline(TypeScriptTestSupport.kt:125)
  at com.xemantic.typescript.compiler.TypeScriptCompilerTests_E.excessPropertyErrorForFunctionTypes_ts has expected errors matching excessPropertyErrorForFunctionTypes_errors_txt(TypeScriptCompilerTests_E.kt:4368)
  at java.base/jdk.internal.reflect.DirectMethodHandleAccessor.invoke(DirectMethodHandleAccessor.java:104)
  at java.base/java.lang.reflect.Method.invoke(Method.java:565)
  at org.junit.runners.model.FrameworkMethod$1.runReflectiveCall(FrameworkMethod.java:59)
  at org.junit.internal.runners.model.ReflectiveCallable.run(ReflectiveCallable.java:12)
  at org.junit.runners.model.FrameworkMethod.invokeExplosively(FrameworkMethod.java:56)
  at org.junit.internal.runners.statements.InvokeMethod.evaluate(InvokeMethod.java:17)
  at org.junit.runners.ParentRunner$3.evaluate(ParentRunner.java:306)
  at org.junit.runners.BlockJUnit4ClassRunner$1.evaluate(BlockJUnit4ClassRunner.java:100)
  at org.junit.runners.ParentRunner.runLeaf(ParentRunner.java:366)
  at org.junit.runners.BlockJUnit4ClassRunner.runChild(BlockJUnit4ClassRunner.java:103)
  at org.junit.runners.BlockJUnit4ClassRunner.runChild(BlockJUnit4ClassRunner.java:63)
  at org.junit.runners.ParentRunner$4.run(ParentRunner.java:331)
  at org.junit.runners.ParentRunner$1.schedule(ParentRunner.java:79)
  at org.junit.runners.ParentRunner.runChildren(ParentRunner.java:329)
  at org.junit.runners.ParentRunner.access$100(ParentRunner.java:66)
  at org.junit.runners.ParentRunner$2.evaluate(ParentRunner.java:293)
  at org.junit.runners.ParentRunner$3.evaluate(ParentRunner.java:306)
  at org.junit.runners.ParentRunner.run(ParentRunner.java:413)
  at org.junit.runner.JUnitCore.run(JUnitCore.java:137)
  at org.junit.runner.JUnitCore.run(JUnitCore.java:115)
  at org.gradle.api.internal.tasks.testing.junit.JUnitTestExecutor.runRequest(JUnitTestExecutor.java:175)
  at org.gradle.api.internal.tasks.testing.junit.JUnitTestExecutor.accept(JUnitTestExecutor.java:84)
  at org.gradle.api.internal.tasks.testing.junit.JUnitTestExecutor.accept(JUnitTestExecutor.java:47)
  at org.gradle.api.internal.tasks.testing.junit.AbstractJUnitTestDefinitionProcessor.processTestDefinition(AbstractJUnitTestDefinitionProcessor.java:65)
  at org.gradle.api.internal.tasks.testing.SuiteTestDefinitionProcessor.processTestDefinition(SuiteTestDefinitionProcessor.java:54)
  at java.base/jdk.internal.reflect.DirectMethodHandleAccessor.invoke(DirectMethodHandleAccessor.java:104)
  at java.base/java.lang.reflect.Method.invoke(Method.java:565)
  at org.gradle.internal.dispatch.MethodInvocation.invokeOn(MethodInvocation.java:77)
  at org.gradle.internal.dispatch.ReflectionDispatch.dispatch(ReflectionDispatch.java:28)
  at org.gradle.internal.dispatch.ReflectionDispatch.dispatch(ReflectionDispatch.java:19)
  at org.gradle.internal.dispatch.ContextClassLoaderDispatch.dispatch(ContextClassLoaderDispatch.java:33)
  at org.gradle.internal.dispatch.ProxyDispatchAdapter$DispatchingInvocationHandler.invoke(ProxyDispatchAdapter.java:88)
  at jdk.proxy1/jdk.proxy1.$Proxy4.processTestDefinition(Unknown Source)
  at org.gradle.api.internal.tasks.testing.worker.TestWorker$2.run(TestWorker.java:178)
  at org.gradle.api.internal.tasks.testing.worker.TestWorker.executeAndMaintainThreadName(TestWorker.java:126)
  at org.gradle.api.internal.tasks.testing.worker.TestWorker.execute(TestWorker.java:103)
  at org.gradle.api.internal.tasks.testing.worker.TestWorker.execute(TestWorker.java:63)
  at org.gradle.process.internal.worker.child.ActionExecutionWorker.execute(ActionExecutionWorker.java:56)
  at org.gradle.process.internal.worker.child.SystemApplicationClassLoaderWorker.call(SystemApplicationClassLoaderWorker.java:122)
  at org.gradle.process.internal.worker.child.SystemApplicationClassLoaderWorker.call(SystemApplicationClassLoaderWorker.java:72)
  at worker.org.gradle.process.internal.worker.GradleWorkerMain.run(GradleWorkerMain.java:69)
  at worker.org.gradle.process.internal.worker.GradleWorkerMain.main(GradleWorkerMain.java:74)
</stacktrace>
</test-failure>


TypeScriptCompilerTests_E[jvm] > excessPropertyErrorForFunctionTypes_ts has expected errors matching excessPropertyErrorForFunctionTypes_errors_txt[jvm] FAILED

<test-failure test="com.xemantic.typescript.compiler.TypeScriptCompilerTests_E.errorRecoveryInClassDeclaration_ts compiles to JavaScript matching errorRecoveryInClassDeclaration_js" platform="jvm">
<message>
--- expected
+++ actual
@@ -13,6 +13,9 @@
 "use strict";
 class C {
     bar() {
-        var v = foo(public, blaz(), {});
+        var v = foo(public), blaz;
+        ();
+        { }
+        ;
     }
 }

</message>
<stacktrace>
  at org.junit.Assert.fail(Assert.java:89)
  at kotlin.test.junit.JUnitAsserter.fail(JUnitSupport.kt:56)
  at kotlin.test.AssertionsKt__AssertionsKt.fail(Assertions.kt:563)
  at kotlin.test.AssertionsKt.fail(Unknown Source)
  at com.xemantic.kotlin.test.SameAsKt.sameAs(SameAs.kt:52)
  at com.xemantic.typescript.compiler.TypeScriptTestSupportKt.sameAs(TypeScriptTestSupport.kt:99)
  at com.xemantic.typescript.compiler.TypeScriptCompilerTests_E.errorRecoveryInClassDeclaration_ts compiles to JavaScript matching errorRecoveryInClassDeclaration_js(TypeScriptCompilerTests_E.kt:1624)
  at java.base/jdk.internal.reflect.DirectMethodHandleAccessor.invoke(DirectMethodHandleAccessor.java:104)
  at java.base/java.lang.reflect.Method.invoke(Method.java:565)
  at org.junit.runners.model.FrameworkMethod$1.runReflectiveCall(FrameworkMethod.java:59)
  at org.junit.internal.runners.model.ReflectiveCallable.run(ReflectiveCallable.java:12)
  at org.junit.runners.model.FrameworkMethod.invokeExplosively(FrameworkMethod.java:56)
  at org.junit.internal.runners.statements.InvokeMethod.evaluate(InvokeMethod.java:17)
  at org.junit.runners.ParentRunner$3.evaluate(ParentRunner.java:306)
  at org.junit.runners.BlockJUnit4ClassRunner$1.evaluate(BlockJUnit4ClassRunner.java:100)
  at org.junit.runners.ParentRunner.runLeaf(ParentRunner.java:366)
  at org.junit.runners.BlockJUnit4ClassRunner.runChild(BlockJUnit4ClassRunner.java:103)
  at org.junit.runners.BlockJUnit4ClassRunner.runChild(BlockJUnit4ClassRunner.java:63)
  at org.junit.runners.ParentRunner$4.run(ParentRunner.java:331)
  at org.junit.runners.ParentRunner$1.schedule(ParentRunner.java:79)
  at org.junit.runners.ParentRunner.runChildren(ParentRunner.java:329)
  at org.junit.runners.ParentRunner.access$100(ParentRunner.java:66)
  at org.junit.runners.ParentRunner$2.evaluate(ParentRunner.java:293)
  at org.junit.runners.ParentRunner$3.evaluate(ParentRunner.java:306)
  at org.junit.runners.ParentRunner.run(ParentRunner.java:413)
  at org.junit.runner.JUnitCore.run(JUnitCore.java:137)
  at org.junit.runner.JUnitCore.run(JUnitCore.java:115)
  at org.gradle.api.internal.tasks.testing.junit.JUnitTestExecutor.runRequest(JUnitTestExecutor.java:175)
  at org.gradle.api.internal.tasks.testing.junit.JUnitTestExecutor.accept(JUnitTestExecutor.java:84)
  at org.gradle.api.internal.tasks.testing.junit.JUnitTestExecutor.accept(JUnitTestExecutor.java:47)
  at org.gradle.api.internal.tasks.testing.junit.AbstractJUnitTestDefinitionProcessor.processTestDefinition(AbstractJUnitTestDefinitionProcessor.java:65)
  at org.gradle.api.internal.tasks.testing.SuiteTestDefinitionProcessor.processTestDefinition(SuiteTestDefinitionProcessor.java:54)
  at java.base/jdk.internal.reflect.DirectMethodHandleAccessor.invoke(DirectMethodHandleAccessor.java:104)
  at java.base/java.lang.reflect.Method.invoke(Method.java:565)
  at org.gradle.internal.dispatch.MethodInvocation.invokeOn(MethodInvocation.java:77)
  at org.gradle.internal.dispatch.ReflectionDispatch.dispatch(ReflectionDispatch.java:28)
  at org.gradle.internal.dispatch.ReflectionDispatch.dispatch(ReflectionDispatch.java:19)
  at org.gradle.internal.dispatch.ContextClassLoaderDispatch.dispatch(ContextClassLoaderDispatch.java:33)
  at org.gradle.internal.dispatch.ProxyDispatchAdapter$DispatchingInvocationHandler.invoke(ProxyDispatchAdapter.java:88)
  at jdk.proxy1/jdk.proxy1.$Proxy4.processTestDefinition(Unknown Source)
  at org.gradle.api.internal.tasks.testing.worker.TestWorker$2.run(TestWorker.java:178)
  at org.gradle.api.internal.tasks.testing.worker.TestWorker.executeAndMaintainThreadName(TestWorker.java:126)
  at org.gradle.api.internal.tasks.testing.worker.TestWorker.execute(TestWorker.java:103)
  at org.gradle.api.internal.tasks.testing.worker.TestWorker.execute(TestWorker.java:63)
  at org.gradle.process.internal.worker.child.ActionExecutionWorker.execute(ActionExecutionWorker.java:56)
  at org.gradle.process.internal.worker.child.SystemApplicationClassLoaderWorker.call(SystemApplicationClassLoaderWorker.java:122)
  at org.gradle.process.internal.worker.child.SystemApplicationClassLoaderWorker.call(SystemApplicationClassLoaderWorker.java:72)
  at worker.org.gradle.process.internal.worker.GradleWorkerMain.run(GradleWorkerMain.java:69)
  at worker.org.gradle.process.internal.worker.GradleWorkerMain.main(GradleWorkerMain.java:74)
</stacktrace>
</test-failure>


TypeScriptCompilerTests_E[jvm] > errorRecoveryInClassDeclaration_ts compiles to JavaScript matching errorRecoveryInClassDeclaration_js[jvm] FAILED

<test-failure test="com.xemantic.typescript.compiler.TypeScriptCompilerTests_E.exportAssignmentExpressionIsExpressionNode_ts has expected errors matching exportAssignmentExpressionIsExpressionNode_errors_txt" platform="jvm">
<message>
Expected diagnostics from baseline typescript-repo/tests/baselines/reference/exportAssignmentExpressionIsExpressionNode.errors.txt but none produced
</message>
<stacktrace>
  at com.xemantic.typescript.compiler.TypeScriptTestSupportKt.errorsMatchBaseline(TypeScriptTestSupport.kt:125)
  at com.xemantic.typescript.compiler.TypeScriptCompilerTests_E.exportAssignmentExpressionIsExpressionNode_ts has expected errors matching exportAssignmentExpressionIsExpressionNode_errors_txt(TypeScriptCompilerTests_E.kt:4676)
  at java.base/jdk.internal.reflect.DirectMethodHandleAccessor.invoke(DirectMethodHandleAccessor.java:104)
  at java.base/java.lang.reflect.Method.invoke(Method.java:565)
  at org.junit.runners.model.FrameworkMethod$1.runReflectiveCall(FrameworkMethod.java:59)
  at org.junit.internal.runners.model.ReflectiveCallable.run(ReflectiveCallable.java:12)
  at org.junit.runners.model.FrameworkMethod.invokeExplosively(FrameworkMethod.java:56)
  at org.junit.internal.runners.statements.InvokeMethod.evaluate(InvokeMethod.java:17)
  at org.junit.runners.ParentRunner$3.evaluate(ParentRunner.java:306)
  at org.junit.runners.BlockJUnit4ClassRunner$1.evaluate(BlockJUnit4ClassRunner.java:100)
  at org.junit.runners.ParentRunner.runLeaf(ParentRunner.java:366)
  at org.junit.runners.BlockJUnit4ClassRunner.runChild(BlockJUnit4ClassRunner.java:103)
  at org.junit.runners.BlockJUnit4ClassRunner.runChild(BlockJUnit4ClassRunner.java:63)
  at org.junit.runners.ParentRunner$4.run(ParentRunner.java:331)
  at org.junit.runners.ParentRunner$1.schedule(ParentRunner.java:79)
  at org.junit.runners.ParentRunner.runChildren(ParentRunner.java:329)
  at org.junit.runners.ParentRunner.access$100(ParentRunner.java:66)
  at org.junit.runners.ParentRunner$2.evaluate(ParentRunner.java:293)
  at org.junit.runners.ParentRunner$3.evaluate(ParentRunner.java:306)
  at org.junit.runners.ParentRunner.run(ParentRunner.java:413)
  at org.junit.runner.JUnitCore.run(JUnitCore.java:137)
  at org.junit.runner.JUnitCore.run(JUnitCore.java:115)
  at org.gradle.api.internal.tasks.testing.junit.JUnitTestExecutor.runRequest(JUnitTestExecutor.java:175)
  at org.gradle.api.internal.tasks.testing.junit.JUnitTestExecutor.accept(JUnitTestExecutor.java:84)
  at org.gradle.api.internal.tasks.testing.junit.JUnitTestExecutor.accept(JUnitTestExecutor.java:47)
  at org.gradle.api.internal.tasks.testing.junit.AbstractJUnitTestDefinitionProcessor.processTestDefinition(AbstractJUnitTestDefinitionProcessor.java:65)
  at org.gradle.api.internal.tasks.testing.SuiteTestDefinitionProcessor.processTestDefinition(SuiteTestDefinitionProcessor.java:54)
  at java.base/jdk.internal.reflect.DirectMethodHandleAccessor.invoke(DirectMethodHandleAccessor.java:104)
  at java.base/java.lang.reflect.Method.invoke(Method.java:565)
  at org.gradle.internal.dispatch.MethodInvocation.invokeOn(MethodInvocation.java:77)
  at org.gradle.internal.dispatch.ReflectionDispatch.dispatch(ReflectionDispatch.java:28)
  at org.gradle.internal.dispatch.ReflectionDispatch.dispatch(ReflectionDispatch.java:19)
  at org.gradle.internal.dispatch.ContextClassLoaderDispatch.dispatch(ContextClassLoaderDispatch.java:33)
  at org.gradle.internal.dispatch.ProxyDispatchAdapter$DispatchingInvocationHandler.invoke(ProxyDispatchAdapter.java:88)
  at jdk.proxy1/jdk.proxy1.$Proxy4.processTestDefinition(Unknown Source)
  at org.gradle.api.internal.tasks.testing.worker.TestWorker$2.run(TestWorker.java:178)
  at org.gradle.api.internal.tasks.testing.worker.TestWorker.executeAndMaintainThreadName(TestWorker.java:126)
  at org.gradle.api.internal.tasks.testing.worker.TestWorker.execute(TestWorker.java:103)
  at org.gradle.api.internal.tasks.testing.worker.TestWorker.execute(TestWorker.java:63)
  at org.gradle.process.internal.worker.child.ActionExecutionWorker.execute(ActionExecutionWorker.java:56)
  at org.gradle.process.internal.worker.child.SystemApplicationClassLoaderWorker.call(SystemApplicationClassLoaderWorker.java:122)
  at org.gradle.process.internal.worker.child.SystemApplicationClassLoaderWorker.call(SystemApplicationClassLoaderWorker.java:72)
  at worker.org.gradle.process.internal.worker.GradleWorkerMain.run(GradleWorkerMain.java:69)
  at worker.org.gradle.process.internal.worker.GradleWorkerMain.main(GradleWorkerMain.java:74)
</stacktrace>
</test-failure>


TypeScriptCompilerTests_E[jvm] > exportAssignmentExpressionIsExpressionNode_ts has expected errors matching exportAssignmentExpressionIsExpressionNode_errors_txt[jvm] FAILED

<test-failure test="com.xemantic.typescript.compiler.TypeScriptCompilerTests_E.excessivelyLargeTupleSpread_ts has expected errors matching excessivelyLargeTupleSpread_errors_txt" platform="jvm">
<message>
Expected diagnostics from baseline typescript-repo/tests/baselines/reference/excessivelyLargeTupleSpread.errors.txt but none produced
</message>
<stacktrace>
  at com.xemantic.typescript.compiler.TypeScriptTestSupportKt.errorsMatchBaseline(TypeScriptTestSupport.kt:125)
  at com.xemantic.typescript.compiler.TypeScriptCompilerTests_E.excessivelyLargeTupleSpread_ts has expected errors matching excessivelyLargeTupleSpread_errors_txt(TypeScriptCompilerTests_E.kt:4410)
  at java.base/jdk.internal.reflect.DirectMethodHandleAccessor.invoke(DirectMethodHandleAccessor.java:104)
  at java.base/java.lang.reflect.Method.invoke(Method.java:565)
  at org.junit.runners.model.FrameworkMethod$1.runReflectiveCall(FrameworkMethod.java:59)
  at org.junit.internal.runners.model.ReflectiveCallable.run(ReflectiveCallable.java:12)
  at org.junit.runners.model.FrameworkMethod.invokeExplosively(FrameworkMethod.java:56)
  at org.junit.internal.runners.statements.InvokeMethod.evaluate(InvokeMethod.java:17)
  at org.junit.runners.ParentRunner$3.evaluate(ParentRunner.java:306)
  at org.junit.runners.BlockJUnit4ClassRunner$1.evaluate(BlockJUnit4ClassRunner.java:100)
  at org.junit.runners.ParentRunner.runLeaf(ParentRunner.java:366)
  at org.junit.runners.BlockJUnit4ClassRunner.runChild(BlockJUnit4ClassRunner.java:103)
  at org.junit.runners.BlockJUnit4ClassRunner.runChild(BlockJUnit4ClassRunner.java:63)
  at org.junit.runners.ParentRunner$4.run(ParentRunner.java:331)
  at org.junit.runners.ParentRunner$1.schedule(ParentRunner.java:79)
  at org.junit.runners.ParentRunner.runChildren(ParentRunner.java:329)
  at org.junit.runners.ParentRunner.access$100(ParentRunner.java:66)
  at org.junit.runners.ParentRunner$2.evaluate(ParentRunner.java:293)
  at org.junit.runners.ParentRunner$3.evaluate(ParentRunner.java:306)
  at org.junit.runners.ParentRunner.run(ParentRunner.java:413)
  at org.junit.runner.JUnitCore.run(JUnitCore.java:137)
  at org.junit.runner.JUnitCore.run(JUnitCore.java:115)
  at org.gradle.api.internal.tasks.testing.junit.JUnitTestExecutor.runRequest(JUnitTestExecutor.java:175)
  at org.gradle.api.internal.tasks.testing.junit.JUnitTestExecutor.accept(JUnitTestExecutor.java:84)
  at org.gradle.api.internal.tasks.testing.junit.JUnitTestExecutor.accept(JUnitTestExecutor.java:47)
  at org.gradle.api.internal.tasks.testing.junit.AbstractJUnitTestDefinitionProcessor.processTestDefinition(AbstractJUnitTestDefinitionProcessor.java:65)
  at org.gradle.api.internal.tasks.testing.SuiteTestDefinitionProcessor.processTestDefinition(SuiteTestDefinitionProcessor.java:54)
  at java.base/jdk.internal.reflect.DirectMethodHandleAccessor.invoke(DirectMethodHandleAccessor.java:104)
  at java.base/java.lang.reflect.Method.invoke(Method.java:565)
  at org.gradle.internal.dispatch.MethodInvocation.invokeOn(MethodInvocation.java:77)
  at org.gradle.internal.dispatch.ReflectionDispatch.dispatch(ReflectionDispatch.java:28)
  at org.gradle.internal.dispatch.ReflectionDispatch.dispatch(ReflectionDispatch.java:19)
  at org.gradle.internal.dispatch.ContextClassLoaderDispatch.dispatch(ContextClassLoaderDispatch.java:33)
  at org.gradle.internal.dispatch.ProxyDispatchAdapter$DispatchingInvocationHandler.invoke(ProxyDispatchAdapter.java:88)
  at jdk.proxy1/jdk.proxy1.$Proxy4.processTestDefinition(Unknown Source)
  at org.gradle.api.internal.tasks.testing.worker.TestWorker$2.run(TestWorker.java:178)
  at org.gradle.api.internal.tasks.testing.worker.TestWorker.executeAndMaintainThreadName(TestWorker.java:126)
  at org.gradle.api.internal.tasks.testing.worker.TestWorker.execute(TestWorker.java:103)
  at org.gradle.api.internal.tasks.testing.worker.TestWorker.execute(TestWorker.java:63)
  at org.gradle.process.internal.worker.child.ActionExecutionWorker.execute(ActionExecutionWorker.java:56)
  at org.gradle.process.internal.worker.child.SystemApplicationClassLoaderWorker.call(SystemApplicationClassLoaderWorker.java:122)
  at org.gradle.process.internal.worker.child.SystemApplicationClassLoaderWorker.call(SystemApplicationClassLoaderWorker.java:72)
  at worker.org.gradle.process.internal.worker.GradleWorkerMain.run(GradleWorkerMain.java:69)
  at worker.org.gradle.process.internal.worker.GradleWorkerMain.main(GradleWorkerMain.java:74)
</stacktrace>
</test-failure>


TypeScriptCompilerTests_E[jvm] > excessivelyLargeTupleSpread_ts has expected errors matching excessivelyLargeTupleSpread_errors_txt[jvm] FAILED

<test-failure test="com.xemantic.typescript.compiler.TypeScriptCompilerTests_E.emitDecoratorMetadata_isolatedModules_ts__module_commonjs__compiles to JavaScript matching baseline" platform="jvm">
<message>
--- expected
+++ actual
@@ -53,50 +53,16 @@
 exports.C3 = C3;
 //// [index.js]
 "use strict";
-var __createBinding = (this && this.__createBinding) || (Object.create ? (function(o, m, k, k2) {
-    if (k2 === undefined) k2 = k;
-    var desc = Object.getOwnPropertyDescriptor(m, k);
-    if (!desc || ("get" in desc ? !m.__esModule : desc.writable || desc.configurable)) {
-      desc = { enumerable: true, get: function() { return m[k]; } };
-    }
-    Object.defineProperty(o, k2, desc);
-}) : (function(o, m, k, k2) {
-    if (k2 === undefined) k2 = k;
-    o[k2] = m[k];
-}));
-var __setModuleDefault = (this && this.__setModuleDefault) || (Object.create ? (function(o, v) {
-    Object.defineProperty(o, "default", { enumerable: true, value: v });
-}) : function(o, v) {
-    o["default"] = v;
-});
 var __decorate = (this && this.__decorate) || function (decorators, target, key, desc) {
     var c = arguments.length, r = c < 3 ? target : desc === null ? desc = Object.getOwnPropertyDescriptor(target, key) : desc, d;
     if (typeof Reflect === "object" && typeof Reflect.decorate === "function") r = Reflect.decorate(decorators, target, key, desc);
     else for (var i = decorators.length - 1; i >= 0; i--) if (d = decorators[i]) r = (c < 3 ? d(r) : c > 3 ? d(target, key, r) : d(target, key)) || r;
     return c > 3 && r && Object.defineProperty(target, key, r), r;
 };
-var __importStar = (this && this.__importStar) || (function () {
-    var ownKeys = function(o) {
-        ownKeys = Object.getOwnPropertyNames || function (o) {
-            var ar = [];
-            for (var k in o) if (Object.prototype.hasOwnProperty.call(o, k)) ar[ar.length] = k;
-            return ar;
-        };
-        return ownKeys(o);
-    };
-    return function (mod) {
-        if (mod && mod.__esModule) return mod;
-        var result = {};
-        if (mod != null) for (var k = ownKeys(mod), i = 0; i < k.length; i++) if (k[i] !== "default") __createBinding(result, mod, k[i]);
-        __setModuleDefault(result, mod);
-        return result;
-    };
-})();
 var __metadata = (this && this.__metadata) || function (k, v) {
     if (typeof Reflect === "object" && typeof Reflect.metadata === "function") return Reflect.metadata(k, v);
 };
 Object.defineProperty(exports, "__esModule", { value: true });
-const t1 = __importStar(require("./type1"));
 const class3_1 = require("./class3");
 class HelloWorld {
     handleEvent1(event) { } // Error

</message>
<stacktrace>
  at org.junit.Assert.fail(Assert.java:89)
  at kotlin.test.junit.JUnitAsserter.fail(JUnitSupport.kt:56)
  at kotlin.test.AssertionsKt__AssertionsKt.fail(Assertions.kt:563)
  at kotlin.test.AssertionsKt.fail(Unknown Source)
  at com.xemantic.kotlin.test.SameAsKt.sameAs(SameAs.kt:52)
  at com.xemantic.typescript.compiler.TypeScriptTestSupportKt.sameAs(TypeScriptTestSupport.kt:99)
  at com.xemantic.typescript.compiler.TypeScriptCompilerTests_E.emitDecoratorMetadata_isolatedModules_ts__module_commonjs__compiles to JavaScript matching baseline(TypeScriptCompilerTests_E.kt:294)
  at java.base/jdk.internal.reflect.DirectMethodHandleAccessor.invoke(DirectMethodHandleAccessor.java:104)
  at java.base/java.lang.reflect.Method.invoke(Method.java:565)
  at org.junit.runners.model.FrameworkMethod$1.runReflectiveCall(FrameworkMethod.java:59)
  at org.junit.internal.runners.model.ReflectiveCallable.run(ReflectiveCallable.java:12)
  at org.junit.runners.model.FrameworkMethod.invokeExplosively(FrameworkMethod.java:56)
  at org.junit.internal.runners.statements.InvokeMethod.evaluate(InvokeMethod.java:17)
  at org.junit.runners.ParentRunner$3.evaluate(ParentRunner.java:306)
  at org.junit.runners.BlockJUnit4ClassRunner$1.evaluate(BlockJUnit4ClassRunner.java:100)
  at org.junit.runners.ParentRunner.runLeaf(ParentRunner.java:366)
  at org.junit.runners.BlockJUnit4ClassRunner.runChild(BlockJUnit4ClassRunner.java:103)
  at org.junit.runners.BlockJUnit4ClassRunner.runChild(BlockJUnit4ClassRunner.java:63)
  at org.junit.runners.ParentRunner$4.run(ParentRunner.java:331)
  at org.junit.runners.ParentRunner$1.schedule(ParentRunner.java:79)
  at org.junit.runners.ParentRunner.runChildren(ParentRunner.java:329)
  at org.junit.runners.ParentRunner.access$100(ParentRunner.java:66)
  at org.junit.runners.ParentRunner$2.evaluate(ParentRunner.java:293)
  at org.junit.runners.ParentRunner$3.evaluate(ParentRunner.java:306)
  at org.junit.runners.ParentRunner.run(ParentRunner.java:413)
  at org.junit.runner.JUnitCore.run(JUnitCore.java:137)
  at org.junit.runner.JUnitCore.run(JUnitCore.java:115)
  at org.gradle.api.internal.tasks.testing.junit.JUnitTestExecutor.runRequest(JUnitTestExecutor.java:175)
  at org.gradle.api.internal.tasks.testing.junit.JUnitTestExecutor.accept(JUnitTestExecutor.java:84)
  at org.gradle.api.internal.tasks.testing.junit.JUnitTestExecutor.accept(JUnitTestExecutor.java:47)
  at org.gradle.api.internal.tasks.testing.junit.AbstractJUnitTestDefinitionProcessor.processTestDefinition(AbstractJUnitTestDefinitionProcessor.java:65)
  at org.gradle.api.internal.tasks.testing.SuiteTestDefinitionProcessor.processTestDefinition(SuiteTestDefinitionProcessor.java:54)
  at java.base/jdk.internal.reflect.DirectMethodHandleAccessor.invoke(DirectMethodHandleAccessor.java:104)
  at java.base/java.lang.reflect.Method.invoke(Method.java:565)
  at org.gradle.internal.dispatch.MethodInvocation.invokeOn(MethodInvocation.java:77)
  at org.gradle.internal.dispatch.ReflectionDispatch.dispatch(ReflectionDispatch.java:28)
  at org.gradle.internal.dispatch.ReflectionDispatch.dispatch(ReflectionDispatch.java:19)
  at org.gradle.internal.dispatch.ContextClassLoaderDispatch.dispatch(ContextClassLoaderDispatch.java:33)
  at org.gradle.internal.dispatch.ProxyDispatchAdapter$DispatchingInvocationHandler.invoke(ProxyDispatchAdapter.java:88)
  at jdk.proxy1/jdk.proxy1.$Proxy4.processTestDefinition(Unknown Source)
  at org.gradle.api.internal.tasks.testing.worker.TestWorker$2.run(TestWorker.java:178)
  at org.gradle.api.internal.tasks.testing.worker.TestWorker.executeAndMaintainThreadName(TestWorker.java:126)
  at org.gradle.api.internal.tasks.testing.worker.TestWorker.execute(TestWorker.java:103)
  at org.gradle.api.internal.tasks.testing.worker.TestWorker.execute(TestWorker.java:63)
  at org.gradle.process.internal.worker.child.ActionExecutionWorker.execute(ActionExecutionWorker.java:56)
  at org.gradle.process.internal.worker.child.SystemApplicationClassLoaderWorker.call(SystemApplicationClassLoaderWorker.java:122)
  at org.gradle.process.internal.worker.child.SystemApplicationClassLoaderWorker.call(SystemApplicationClassLoaderWorker.java:72)
  at worker.org.gradle.process.internal.worker.GradleWorkerMain.run(GradleWorkerMain.java:69)
  at worker.org.gradle.process.internal.worker.GradleWorkerMain.main(GradleWorkerMain.java:74)
</stacktrace>
</test-failure>


TypeScriptCompilerTests_E[jvm] > emitDecoratorMetadata_isolatedModules_ts__module_commonjs__compiles to JavaScript matching baseline[jvm] FAILED

<test-failure test="com.xemantic.typescript.compiler.TypeScriptCompilerTests_E.expressionWithJSDocTypeArguments_ts compiles to JavaScript matching expressionWithJSDocTypeArguments_js" platform="jvm">
<message>
--- expected
+++ actual
@@ -40,11 +40,17 @@
     }
 }
 // Errors expected on all of the following
-const WhatFoo = foo<?>;
-const HuhFoo = foo<?string>;
-const NopeFoo = foo<?string>;
-const ComeOnFoo = foo<??string>;
-const WhatBar = Bar<?>;
-const HuhBar = Bar<?string>;
-const NopeBar = Bar<?string>;
-const ComeOnBar = Bar<??string>;
+const WhatFoo = (foo);
+const HuhFoo = foo < string ?  >  : ;
+const NopeFoo = foo <  ? string >  : ;
+const ComeOnFoo = foo <  ? string ?  >  :  : ;
+ ? string ?  >  :  : ;
+< ? string >  : ;
+< ? string ?  >  :  : ;
+const WhatBar = (Bar);
+const HuhBar = Bar < string ?  >  : ;
+const NopeBar = Bar <  ? string >  : ;
+const ComeOnBar = Bar <  ? string ?  >  :  : ;
+ ? string ?  >  :  : ;
+< ? string >  : ;
+< ? string ?  >  :  : ;

</message>
<stacktrace>
  at org.junit.Assert.fail(Assert.java:89)
  at kotlin.test.junit.JUnitAsserter.fail(JUnitSupport.kt:56)
  at kotlin.test.AssertionsKt__AssertionsKt.fail(Assertions.kt:563)
  at kotlin.test.AssertionsKt.fail(Unknown Source)
  at com.xemantic.kotlin.test.SameAsKt.sameAs(SameAs.kt:52)
  at com.xemantic.typescript.compiler.TypeScriptTestSupportKt.sameAs(TypeScriptTestSupport.kt:99)
  at com.xemantic.typescript.compiler.TypeScriptCompilerTests_E.expressionWithJSDocTypeArguments_ts compiles to JavaScript matching expressionWithJSDocTypeArguments_js(TypeScriptCompilerTests_E.kt:6223)
  at java.base/jdk.internal.reflect.DirectMethodHandleAccessor.invoke(DirectMethodHandleAccessor.java:104)
  at java.base/java.lang.reflect.Method.invoke(Method.java:565)
  at org.junit.runners.model.FrameworkMethod$1.runReflectiveCall(FrameworkMethod.java:59)
  at org.junit.internal.runners.model.ReflectiveCallable.run(ReflectiveCallable.java:12)
  at org.junit.runners.model.FrameworkMethod.invokeExplosively(FrameworkMethod.java:56)
  at org.junit.internal.runners.statements.InvokeMethod.evaluate(InvokeMethod.java:17)
  at org.junit.runners.ParentRunner$3.evaluate(ParentRunner.java:306)
  at org.junit.runners.BlockJUnit4ClassRunner$1.evaluate(BlockJUnit4ClassRunner.java:100)
  at org.junit.runners.ParentRunner.runLeaf(ParentRunner.java:366)
  at org.junit.runners.BlockJUnit4ClassRunner.runChild(BlockJUnit4ClassRunner.java:103)
  at org.junit.runners.BlockJUnit4ClassRunner.runChild(BlockJUnit4ClassRunner.java:63)
  at org.junit.runners.ParentRunner$4.run(ParentRunner.java:331)
  at org.junit.runners.ParentRunner$1.schedule(ParentRunner.java:79)
  at org.junit.runners.ParentRunner.runChildren(ParentRunner.java:329)
  at org.junit.runners.ParentRunner.access$100(ParentRunner.java:66)
  at org.junit.runners.ParentRunner$2.evaluate(ParentRunner.java:293)
  at org.junit.runners.ParentRunner$3.evaluate(ParentRunner.java:306)
  at org.junit.runners.ParentRunner.run(ParentRunner.java:413)
  at org.junit.runner.JUnitCore.run(JUnitCore.java:137)
  at org.junit.runner.JUnitCore.run(JUnitCore.java:115)
  at org.gradle.api.internal.tasks.testing.junit.JUnitTestExecutor.runRequest(JUnitTestExecutor.java:175)
  at org.gradle.api.internal.tasks.testing.junit.JUnitTestExecutor.accept(JUnitTestExecutor.java:84)
  at org.gradle.api.internal.tasks.testing.junit.JUnitTestExecutor.accept(JUnitTestExecutor.java:47)
  at org.gradle.api.internal.tasks.testing.junit.AbstractJUnitTestDefinitionProcessor.processTestDefinition(AbstractJUnitTestDefinitionProcessor.java:65)
  at org.gradle.api.internal.tasks.testing.SuiteTestDefinitionProcessor.processTestDefinition(SuiteTestDefinitionProcessor.java:54)
  at java.base/jdk.internal.reflect.DirectMethodHandleAccessor.invoke(DirectMethodHandleAccessor.java:104)
  at java.base/java.lang.reflect.Method.invoke(Method.java:565)
  at org.gradle.internal.dispatch.MethodInvocation.invokeOn(MethodInvocation.java:77)
  at org.gradle.internal.dispatch.ReflectionDispatch.dispatch(ReflectionDispatch.java:28)
  at org.gradle.internal.dispatch.ReflectionDispatch.dispatch(ReflectionDispatch.java:19)
  at org.gradle.internal.dispatch.ContextClassLoaderDispatch.dispatch(ContextClassLoaderDispatch.java:33)
  at org.gradle.internal.dispatch.ProxyDispatchAdapter$DispatchingInvocationHandler.invoke(ProxyDispatchAdapter.java:88)
  at jdk.proxy1/jdk.proxy1.$Proxy4.processTestDefinition(Unknown Source)
  at org.gradle.api.internal.tasks.testing.worker.TestWorker$2.run(TestWorker.java:178)
  at org.gradle.api.internal.tasks.testing.worker.TestWorker.executeAndMaintainThreadName(TestWorker.java:126)
  at org.gradle.api.internal.tasks.testing.worker.TestWorker.execute(TestWorker.java:103)
  at org.gradle.api.internal.tasks.testing.worker.TestWorker.execute(TestWorker.java:63)
  at org.gradle.process.internal.worker.child.ActionExecutionWorker.execute(ActionExecutionWorker.java:56)
  at org.gradle.process.internal.worker.child.SystemApplicationClassLoaderWorker.call(SystemApplicationClassLoaderWorker.java:122)
  at org.gradle.process.internal.worker.child.SystemApplicationClassLoaderWorker.call(SystemApplicationClassLoaderWorker.java:72)
  at worker.org.gradle.process.internal.worker.GradleWorkerMain.run(GradleWorkerMain.java:69)
  at worker.org.gradle.process.internal.worker.GradleWorkerMain.main(GradleWorkerMain.java:74)
</stacktrace>
</test-failure>


TypeScriptCompilerTests_E[jvm] > expressionWithJSDocTypeArguments_ts compiles to JavaScript matching expressionWithJSDocTypeArguments_js[jvm] FAILED

<test-failure test="com.xemantic.typescript.compiler.TypeScriptCompilerTests_E.errorCause_ts__target_es2021__has expected errors matching baseline" platform="jvm">
<message>
Expected diagnostics from baseline typescript-repo/tests/baselines/reference/errorCause(target=es2021).errors.txt but none produced
</message>
<stacktrace>
  at com.xemantic.typescript.compiler.TypeScriptTestSupportKt.errorsMatchBaseline(TypeScriptTestSupport.kt:125)
  at com.xemantic.typescript.compiler.TypeScriptCompilerTests_E.errorCause_ts__target_es2021__has expected errors matching baseline(TypeScriptCompilerTests_E.kt:1288)
  at java.base/jdk.internal.reflect.DirectMethodHandleAccessor.invoke(DirectMethodHandleAccessor.java:104)
  at java.base/java.lang.reflect.Method.invoke(Method.java:565)
  at org.junit.runners.model.FrameworkMethod$1.runReflectiveCall(FrameworkMethod.java:59)
  at org.junit.internal.runners.model.ReflectiveCallable.run(ReflectiveCallable.java:12)
  at org.junit.runners.model.FrameworkMethod.invokeExplosively(FrameworkMethod.java:56)
  at org.junit.internal.runners.statements.InvokeMethod.evaluate(InvokeMethod.java:17)
  at org.junit.runners.ParentRunner$3.evaluate(ParentRunner.java:306)
  at org.junit.runners.BlockJUnit4ClassRunner$1.evaluate(BlockJUnit4ClassRunner.java:100)
  at org.junit.runners.ParentRunner.runLeaf(ParentRunner.java:366)
  at org.junit.runners.BlockJUnit4ClassRunner.runChild(BlockJUnit4ClassRunner.java:103)
  at org.junit.runners.BlockJUnit4ClassRunner.runChild(BlockJUnit4ClassRunner.java:63)
  at org.junit.runners.ParentRunner$4.run(ParentRunner.java:331)
  at org.junit.runners.ParentRunner$1.schedule(ParentRunner.java:79)
  at org.junit.runners.ParentRunner.runChildren(ParentRunner.java:329)
  at org.junit.runners.ParentRunner.access$100(ParentRunner.java:66)
  at org.junit.runners.ParentRunner$2.evaluate(ParentRunner.java:293)
  at org.junit.runners.ParentRunner$3.evaluate(ParentRunner.java:306)
  at org.junit.runners.ParentRunner.run(ParentRunner.java:413)
  at org.junit.runner.JUnitCore.run(JUnitCore.java:137)
  at org.junit.runner.JUnitCore.run(JUnitCore.java:115)
  at org.gradle.api.internal.tasks.testing.junit.JUnitTestExecutor.runRequest(JUnitTestExecutor.java:175)
  at org.gradle.api.internal.tasks.testing.junit.JUnitTestExecutor.accept(JUnitTestExecutor.java:84)
  at org.gradle.api.internal.tasks.testing.junit.JUnitTestExecutor.accept(JUnitTestExecutor.java:47)
  at org.gradle.api.internal.tasks.testing.junit.AbstractJUnitTestDefinitionProcessor.processTestDefinition(AbstractJUnitTestDefinitionProcessor.java:65)
  at org.gradle.api.internal.tasks.testing.SuiteTestDefinitionProcessor.processTestDefinition(SuiteTestDefinitionProcessor.java:54)
  at java.base/jdk.internal.reflect.DirectMethodHandleAccessor.invoke(DirectMethodHandleAccessor.java:104)
  at java.base/java.lang.reflect.Method.invoke(Method.java:565)
  at org.gradle.internal.dispatch.MethodInvocation.invokeOn(MethodInvocation.java:77)
  at org.gradle.internal.dispatch.ReflectionDispatch.dispatch(ReflectionDispatch.java:28)
  at org.gradle.internal.dispatch.ReflectionDispatch.dispatch(ReflectionDispatch.java:19)
  at org.gradle.internal.dispatch.ContextClassLoaderDispatch.dispatch(ContextClassLoaderDispatch.java:33)
  at org.gradle.internal.dispatch.ProxyDispatchAdapter$DispatchingInvocationHandler.invoke(ProxyDispatchAdapter.java:88)
  at jdk.proxy1/jdk.proxy1.$Proxy4.processTestDefinition(Unknown Source)
  at org.gradle.api.internal.tasks.testing.worker.TestWorker$2.run(TestWorker.java:178)
  at org.gradle.api.internal.tasks.testing.worker.TestWorker.executeAndMaintainThreadName(TestWorker.java:126)
  at org.gradle.api.internal.tasks.testing.worker.TestWorker.execute(TestWorker.java:103)
  at org.gradle.api.internal.tasks.testing.worker.TestWorker.execute(TestWorker.java:63)
  at org.gradle.process.internal.worker.child.ActionExecutionWorker.execute(ActionExecutionWorker.java:56)
  at org.gradle.process.internal.worker.child.SystemApplicationClassLoaderWorker.call(SystemApplicationClassLoaderWorker.java:122)
  at org.gradle.process.internal.worker.child.SystemApplicationClassLoaderWorker.call(SystemApplicationClassLoaderWorker.java:72)
  at worker.org.gradle.process.internal.worker.GradleWorkerMain.run(GradleWorkerMain.java:69)
  at worker.org.gradle.process.internal.worker.GradleWorkerMain.main(GradleWorkerMain.java:74)
</stacktrace>
</test-failure>


TypeScriptCompilerTests_E[jvm] > errorCause_ts__target_es2021__has expected errors matching baseline[jvm] FAILED

<test-failure test="com.xemantic.typescript.compiler.TypeScriptCompilerTests_E.es6ExportEqualsInterop_ts compiles to JavaScript matching es6ExportEqualsInterop_js" platform="jvm">
<message>
--- expected
+++ actual
@@ -247,6 +247,8 @@
 };
 Object.defineProperty(exports, "__esModule", { value: true });
 exports.a0 = exports.a9 = exports.a8 = exports.a7 = exports.a6 = exports.a5 = exports.a4 = exports.a3 = exports.a2 = exports.a1 = void 0;
+// import-equals
+const z1 = require("interface");
 const z2 = require("variable");
 const z3 = require("interface-variable");
 const z4 = require("module");
@@ -266,6 +268,8 @@
 z8.a;
 z9.a;
 z0.a;
+// namespace import
+const y1 = __importStar(require("interface"));
 const y2 = __importStar(require("variable"));
 const y3 = __importStar(require("interface-variable"));
 const y4 = __importStar(require("module"));
@@ -286,47 +290,47 @@
 y9.a;
 y0.a;
 // named import
-const interface_1 = require("interface");
-const variable_1 = require("variable");
-const interface_variable_1 = require("interface-variable");
-const module_1 = require("module");
-const interface_module_1 = require("interface-module");
-const variable_module_1 = require("variable-module");
-const function_1 = require("function");
-const function_module_1 = require("function-module");
-const class_1 = require("class");
-const class_module_1 = require("class-module");
-interface_1.a;
-variable_1.a;
-interface_variable_1.a;
-module_1.a;
-interface_module_1.a;
-variable_module_1.a;
-function_1.a;
-function_module_1.a;
-class_1.a;
-class_module_1.a;
+const interface_2 = require("interface");
+const variable_2 = require("variable");
+const interface_variable_2 = require("interface-variable");
+const module_2 = require("module");
+const interface_module_2 = require("interface-module");
+const variable_module_2 = require("variable-module");
+const function_2 = require("function");
+const function_module_2 = require("function-module");
+const class_2 = require("class");
+const class_module_2 = require("class-module");
+interface_2.a;
+variable_2.a;
+interface_variable_2.a;
+module_2.a;
+interface_module_2.a;
+variable_module_2.a;
+function_2.a;
+function_module_2.a;
+class_2.a;
+class_module_2.a;
 // named export
-var interface_2 = require("interface");
-Object.defineProperty(exports, "a1", { enumerable: true, get: function () { return interface_2.a; } });
-var variable_2 = require("variable");
-Object.defineProperty(exports, "a2", { enumerable: true, get: function () { return variable_2.a; } });
-var interface_variable_2 = require("interface-variable");
-Object.defineProperty(exports, "a3", { enumerable: true, get: function () { return interface_variable_2.a; } });
-var module_2 = require("module");
-Object.defineProperty(exports, "a4", { enumerable: true, get: function () { return module_2.a; } });
-var interface_module_2 = require("interface-module");
-Object.defineProperty(exports, "a5", { enumerable: true, get: function () { return interface_module_2.a; } });
-var variable_module_2 = require("variable-module");
-Object.defineProperty(exports, "a6", { enumerable: true, get: function () { return variable_module_2.a; } });
-var function_2 = require("function");
-Object.defineProperty(exports, "a7", { enumerable: true, get: function () { return function_2.a; } });
-var function_module_2 = require("function-module");
-Object.defineProperty(exports, "a8", { enumerable: true, get: function () { return function_module_2.a; } });
-var class_2 = require("class");
-Object.defineProperty(exports, "a9", { enumerable: true, get: function () { return class_2.a; } });
-var class_module_2 = require("class-module");
-Object.defineProperty(exports, "a0", { enumerable: true, get: function () { return class_module_2.a; } });
+var interface_3 = require("interface");
+Object.defineProperty(exports, "a1", { enumerable: true, get: function () { return interface_3.a; } });
+var variable_3 = require("variable");
+Object.defineProperty(exports, "a2", { enumerable: true, get: function () { return variable_3.a; } });
+var interface_variable_3 = require("interface-variable");
+Object.defineProperty(exports, "a3", { enumerable: true, get: function () { return interface_variable_3.a; } });
+var module_3 = require("module");
+Object.defineProperty(exports, "a4", { enumerable: true, get: function () { return module_3.a; } });
+var interface_module_3 = require("interface-module");
+Object.defineProperty(exports, "a5", { enumerable: true, get: function () { return interface_module_3.a; } });
+var variable_module_3 = require("variable-module");
+Object.defineProperty(exports, "a6", { enumerable: true, get: function () { return variable_module_3.a; } });
+var function_3 = require("function");
+Object.defineProperty(exports, "a7", { enumerable: true, get: function () { return function_3.a; } });
+var function_module_3 = require("function-module");
+Object.defineProperty(exports, "a8", { enumerable: true, get: function () { return function_module_3.a; } });
+var class_3 = require("class");
+Object.defineProperty(exports, "a9", { enumerable: true, get: function () { return class_3.a; } });
+var class_module_3 = require("class-module");
+Object.defineProperty(exports, "a0", { enumerable: true, get: function () { return class_module_3.a; } });
 // export-star
 __exportStar(require("interface"), exports);
 __exportStar(require("variable"), exports);

</message>
<stacktrace>
  at org.junit.Assert.fail(Assert.java:89)
  at kotlin.test.junit.JUnitAsserter.fail(JUnitSupport.kt:56)
  at kotlin.test.AssertionsKt__AssertionsKt.fail(Assertions.kt:563)
  at kotlin.test.AssertionsKt.fail(Unknown Source)
  at com.xemantic.kotlin.test.SameAsKt.sameAs(SameAs.kt:52)
  at com.xemantic.typescript.compiler.TypeScriptTestSupportKt.sameAs(TypeScriptTestSupport.kt:99)
  at com.xemantic.typescript.compiler.TypeScriptCompilerTests_E.es6ExportEqualsInterop_ts compiles to JavaScript matching es6ExportEqualsInterop_js(TypeScriptCompilerTests_E.kt:3052)
  at java.base/jdk.internal.reflect.DirectMethodHandleAccessor.invoke(DirectMethodHandleAccessor.java:104)
  at java.base/java.lang.reflect.Method.invoke(Method.java:565)
  at org.junit.runners.model.FrameworkMethod$1.runReflectiveCall(FrameworkMethod.java:59)
  at org.junit.internal.runners.model.ReflectiveCallable.run(ReflectiveCallable.java:12)
  at org.junit.runners.model.FrameworkMethod.invokeExplosively(FrameworkMethod.java:56)
  at org.junit.internal.runners.statements.InvokeMethod.evaluate(InvokeMethod.java:17)
  at org.junit.runners.ParentRunner$3.evaluate(ParentRunner.java:306)
  at org.junit.runners.BlockJUnit4ClassRunner$1.evaluate(BlockJUnit4ClassRunner.java:100)
  at org.junit.runners.ParentRunner.runLeaf(ParentRunner.java:366)
  at org.junit.runners.BlockJUnit4ClassRunner.runChild(BlockJUnit4ClassRunner.java:103)
  at org.junit.runners.BlockJUnit4ClassRunner.runChild(BlockJUnit4ClassRunner.java:63)
  at org.junit.runners.ParentRunner$4.run(ParentRunner.java:331)
  at org.junit.runners.ParentRunner$1.schedule(ParentRunner.java:79)
  at org.junit.runners.ParentRunner.runChildren(ParentRunner.java:329)
  at org.junit.runners.ParentRunner.access$100(ParentRunner.java:66)
  at org.junit.runners.ParentRunner$2.evaluate(ParentRunner.java:293)
  at org.junit.runners.ParentRunner$3.evaluate(ParentRunner.java:306)
  at org.junit.runners.ParentRunner.run(ParentRunner.java:413)
  at org.junit.runner.JUnitCore.run(JUnitCore.java:137)
  at org.junit.runner.JUnitCore.run(JUnitCore.java:115)
  at org.gradle.api.internal.tasks.testing.junit.JUnitTestExecutor.runRequest(JUnitTestExecutor.java:175)
  at org.gradle.api.internal.tasks.testing.junit.JUnitTestExecutor.accept(JUnitTestExecutor.java:84)
  at org.gradle.api.internal.tasks.testing.junit.JUnitTestExecutor.accept(JUnitTestExecutor.java:47)
  at org.gradle.api.internal.tasks.testing.junit.AbstractJUnitTestDefinitionProcessor.processTestDefinition(AbstractJUnitTestDefinitionProcessor.java:65)
  at org.gradle.api.internal.tasks.testing.SuiteTestDefinitionProcessor.processTestDefinition(SuiteTestDefinitionProcessor.java:54)
  at java.base/jdk.internal.reflect.DirectMethodHandleAccessor.invoke(DirectMethodHandleAccessor.java:104)
  at java.base/java.lang.reflect.Method.invoke(Method.java:565)
  at org.gradle.internal.dispatch.MethodInvocation.invokeOn(MethodInvocation.java:77)
  at org.gradle.internal.dispatch.ReflectionDispatch.dispatch(ReflectionDispatch.java:28)
  at org.gradle.internal.dispatch.ReflectionDispatch.dispatch(ReflectionDispatch.java:19)
  at org.gradle.internal.dispatch.ContextClassLoaderDispatch.dispatch(ContextClassLoaderDispatch.java:33)
  at org.gradle.internal.dispatch.ProxyDispatchAdapter$DispatchingInvocationHandler.invoke(ProxyDispatchAdapter.java:88)
  at jdk.proxy1/jdk.proxy1.$Proxy4.processTestDefinition(Unknown Source)
  at org.gradle.api.internal.tasks.testing.worker.TestWorker$2.run(TestWorker.java:178)
  at org.gradle.api.internal.tasks.testing.worker.TestWorker.executeAndMaintainThreadName(TestWorker.java:126)
  at org.gradle.api.internal.tasks.testing.worker.TestWorker.execute(TestWorker.java:103)
  at org.gradle.api.internal.tasks.testing.worker.TestWorker.execute(TestWorker.java:63)
  at org.gradle.process.internal.worker.child.ActionExecutionWorker.execute(ActionExecutionWorker.java:56)
  at org.gradle.process.internal.worker.child.SystemApplicationClassLoaderWorker.call(SystemApplicationClassLoaderWorker.java:122)
  at org.gradle.process.internal.worker.child.SystemApplicationClassLoaderWorker.call(SystemApplicationClassLoaderWorker.java:72)
  at worker.org.gradle.process.internal.worker.GradleWorkerMain.run(GradleWorkerMain.java:69)
  at worker.org.gradle.process.internal.worker.GradleWorkerMain.main(GradleWorkerMain.java:74)
</stacktrace>
</test-failure>


TypeScriptCompilerTests_E[jvm] > es6ExportEqualsInterop_ts compiles to JavaScript matching es6ExportEqualsInterop_js[jvm] FAILED

<test-failure test="com.xemantic.typescript.compiler.TypeScriptCompilerTests_E.es6ImportDefaultBindingFollowedWithNamespaceBindingInEs5_ts__target_es5__has expected errors matching baseline" platform="jvm">
<message>
--- expected
+++ actual
@@ -1,13 +1,10 @@
 error TS5107: Option 'target=ES5' is deprecated and will stop functioning in TypeScript 7.0. Specify compilerOption '"ignoreDeprecations": "6.0"' to silence this error.
-es6ImportDefaultBindingFollowedWithNamespaceBindingInEs5_1.ts(1,8): error TS1192: Module '"es6ImportDefaultBindingFollowedWithNamespaceBindingInEs5_0"' has no default export.
 
 
 !!! error TS5107: Option 'target=ES5' is deprecated and will stop functioning in TypeScript 7.0. Specify compilerOption '"ignoreDeprecations": "6.0"' to silence this error.
 ==== es6ImportDefaultBindingFollowedWithNamespaceBindingInEs5_0.ts (0 errors) ====
     export var a = 10;
     
-==== es6ImportDefaultBindingFollowedWithNamespaceBindingInEs5_1.ts (1 errors) ====
+==== es6ImportDefaultBindingFollowedWithNamespaceBindingInEs5_1.ts (0 errors) ====
     import defaultBinding, * as nameSpaceBinding  from "./es6ImportDefaultBindingFollowedWithNamespaceBindingInEs5_0";
-           ~~~~~~~~~~~~~~
-!!! error TS1192: Module '"es6ImportDefaultBindingFollowedWithNamespaceBindingInEs5_0"' has no default export.
     var x: number = nameSpaceBinding.a;

</message>
<stacktrace>
  at org.junit.Assert.fail(Assert.java:89)
  at kotlin.test.junit.JUnitAsserter.fail(JUnitSupport.kt:56)
  at kotlin.test.AssertionsKt__AssertionsKt.fail(Assertions.kt:563)
  at kotlin.test.AssertionsKt.fail(Unknown Source)
  at com.xemantic.kotlin.test.SameAsKt.sameAs(SameAs.kt:52)
  at com.xemantic.typescript.compiler.TypeScriptTestSupportKt.errorsMatchBaseline(TypeScriptTestSupport.kt:135)
  at com.xemantic.typescript.compiler.TypeScriptCompilerTests_E.es6ImportDefaultBindingFollowedWithNamespaceBindingInEs5_ts__target_es5__has expected errors matching baseline(TypeScriptCompilerTests_E.kt:3325)
  at java.base/jdk.internal.reflect.DirectMethodHandleAccessor.invoke(DirectMethodHandleAccessor.java:104)
  at java.base/java.lang.reflect.Method.invoke(Method.java:565)
  at org.junit.runners.model.FrameworkMethod$1.runReflectiveCall(FrameworkMethod.java:59)
  at org.junit.internal.runners.model.ReflectiveCallable.run(ReflectiveCallable.java:12)
  at org.junit.runners.model.FrameworkMethod.invokeExplosively(FrameworkMethod.java:56)
  at org.junit.internal.runners.statements.InvokeMethod.evaluate(InvokeMethod.java:17)
  at org.junit.runners.ParentRunner$3.evaluate(ParentRunner.java:306)
  at org.junit.runners.BlockJUnit4ClassRunner$1.evaluate(BlockJUnit4ClassRunner.java:100)
  at org.junit.runners.ParentRunner.runLeaf(ParentRunner.java:366)
  at org.junit.runners.BlockJUnit4ClassRunner.runChild(BlockJUnit4ClassRunner.java:103)
  at org.junit.runners.BlockJUnit4ClassRunner.runChild(BlockJUnit4ClassRunner.java:63)
  at org.junit.runners.ParentRunner$4.run(ParentRunner.java:331)
  at org.junit.runners.ParentRunner$1.schedule(ParentRunner.java:79)
  at org.junit.runners.ParentRunner.runChildren(ParentRunner.java:329)
  at org.junit.runners.ParentRunner.access$100(ParentRunner.java:66)
  at org.junit.runners.ParentRunner$2.evaluate(ParentRunner.java:293)
  at org.junit.runners.ParentRunner$3.evaluate(ParentRunner.java:306)
  at org.junit.runners.ParentRunner.run(ParentRunner.java:413)
  at org.junit.runner.JUnitCore.run(JUnitCore.java:137)
  at org.junit.runner.JUnitCore.run(JUnitCore.java:115)
  at org.gradle.api.internal.tasks.testing.junit.JUnitTestExecutor.runRequest(JUnitTestExecutor.java:175)
  at org.gradle.api.internal.tasks.testing.junit.JUnitTestExecutor.accept(JUnitTestExecutor.java:84)
  at org.gradle.api.internal.tasks.testing.junit.JUnitTestExecutor.accept(JUnitTestExecutor.java:47)
  at org.gradle.api.internal.tasks.testing.junit.AbstractJUnitTestDefinitionProcessor.processTestDefinition(AbstractJUnitTestDefinitionProcessor.java:65)
  at org.gradle.api.internal.tasks.testing.SuiteTestDefinitionProcessor.processTestDefinition(SuiteTestDefinitionProcessor.java:54)
  at java.base/jdk.internal.reflect.DirectMethodHandleAccessor.invoke(DirectMethodHandleAccessor.java:104)
  at java.base/java.lang.reflect.Method.invoke(Method.java:565)
  at org.gradle.internal.dispatch.MethodInvocation.invokeOn(MethodInvocation.java:77)
  at org.gradle.internal.dispatch.ReflectionDispatch.dispatch(ReflectionDispatch.java:28)
  at org.gradle.internal.dispatch.ReflectionDispatch.dispatch(ReflectionDispatch.java:19)
  at org.gradle.internal.dispatch.ContextClassLoaderDispatch.dispatch(ContextClassLoaderDispatch.java:33)
  at org.gradle.internal.dispatch.ProxyDispatchAdapter$DispatchingInvocationHandler.invoke(ProxyDispatchAdapter.java:88)
  at jdk.proxy1/jdk.proxy1.$Proxy4.processTestDefinition(Unknown Source)
  at org.gradle.api.internal.tasks.testing.worker.TestWorker$2.run(TestWorker.java:178)
  at org.gradle.api.internal.tasks.testing.worker.TestWorker.executeAndMaintainThreadName(TestWorker.java:126)
  at org.gradle.api.internal.tasks.testing.worker.TestWorker.execute(TestWorker.java:103)
  at org.gradle.api.internal.tasks.testing.worker.TestWorker.execute(TestWorker.java:63)
  at org.gradle.process.internal.worker.child.ActionExecutionWorker.execute(ActionExecutionWorker.java:56)
  at org.gradle.process.internal.worker.child.SystemApplicationClassLoaderWorker.call(SystemApplicationClassLoaderWorker.java:122)
  at org.gradle.process.internal.worker.child.SystemApplicationClassLoaderWorker.call(SystemApplicationClassLoaderWorker.java:72)
  at worker.org.gradle.process.internal.worker.GradleWorkerMain.run(GradleWorkerMain.java:69)
  at worker.org.gradle.process.internal.worker.GradleWorkerMain.main(GradleWorkerMain.java:74)
</stacktrace>
</test-failure>


TypeScriptCompilerTests_E[jvm] > es6ImportDefaultBindingFollowedWithNamespaceBindingInEs5_ts__target_es5__has expected errors matching baseline[jvm] FAILED

<test-failure test="com.xemantic.typescript.compiler.TypeScriptCompilerTests_E.es6ImportDefaultBindingFollowedWithNamedImport1InEs5_ts__target_es5__has expected errors matching baseline" platform="jvm">
<message>
--- expected
+++ actual
@@ -1,10 +1,4 @@
 error TS5107: Option 'target=ES5' is deprecated and will stop functioning in TypeScript 7.0. Specify compilerOption '"ignoreDeprecations": "6.0"' to silence this error.
-es6ImportDefaultBindingFollowedWithNamedImport1InEs5_1.ts(3,27): error TS2614: Module '"./es6ImportDefaultBindingFollowedWithNamedImport1InEs5_0"' has no exported member 'a'. Did you mean to use 'import a from "./es6ImportDefaultBindingFollowedWithNamedImport1InEs5_0"' instead?
-es6ImportDefaultBindingFollowedWithNamedImport1InEs5_1.ts(5,27): error TS2614: Module '"./es6ImportDefaultBindingFollowedWithNamedImport1InEs5_0"' has no exported member 'a'. Did you mean to use 'import a from "./es6ImportDefaultBindingFollowedWithNamedImport1InEs5_0"' instead?
-es6ImportDefaultBindingFollowedWithNamedImport1InEs5_1.ts(7,27): error TS2614: Module '"./es6ImportDefaultBindingFollowedWithNamedImport1InEs5_0"' has no exported member 'x'. Did you mean to use 'import x from "./es6ImportDefaultBindingFollowedWithNamedImport1InEs5_0"' instead?
-es6ImportDefaultBindingFollowedWithNamedImport1InEs5_1.ts(7,30): error TS2614: Module '"./es6ImportDefaultBindingFollowedWithNamedImport1InEs5_0"' has no exported member 'a'. Did you mean to use 'import a from "./es6ImportDefaultBindingFollowedWithNamedImport1InEs5_0"' instead?
-es6ImportDefaultBindingFollowedWithNamedImport1InEs5_1.ts(9,27): error TS2614: Module '"./es6ImportDefaultBindingFollowedWithNamedImport1InEs5_0"' has no exported member 'x'. Did you mean to use 'import x from "./es6ImportDefaultBindingFollowedWithNamedImport1InEs5_0"' instead?
-es6ImportDefaultBindingFollowedWithNamedImport1InEs5_1.ts(11,27): error TS2614: Module '"./es6ImportDefaultBindingFollowedWithNamedImport1InEs5_0"' has no exported member 'm'. Did you mean to use 'import m from "./es6ImportDefaultBindingFollowedWithNamedImport1InEs5_0"' instead?
 
 
 !!! error TS5107: Option 'target=ES5' is deprecated and will stop functioning in TypeScript 7.0. Specify compilerOption '"ignoreDeprecations": "6.0"' to silence this error.
@@ -12,28 +6,16 @@
     var a = 10;
     export default a;
     
-==== es6ImportDefaultBindingFollowedWithNamedImport1InEs5_1.ts (6 errors) ====
+==== es6ImportDefaultBindingFollowedWithNamedImport1InEs5_1.ts (0 errors) ====
     import defaultBinding1, { } from "./es6ImportDefaultBindingFollowedWithNamedImport1InEs5_0";
     var x: number = defaultBinding1;
     import defaultBinding2, { a } from "./es6ImportDefaultBindingFollowedWithNamedImport1InEs5_0";
-                              ~
-!!! error TS2614: Module '"./es6ImportDefaultBindingFollowedWithNamedImport1InEs5_0"' has no exported member 'a'. Did you mean to use 'import a from "./es6ImportDefaultBindingFollowedWithNamedImport1InEs5_0"' instead?
     var x: number = defaultBinding2;
     import defaultBinding3, { a as b } from "./es6ImportDefaultBindingFollowedWithNamedImport1InEs5_0";
-                              ~
-!!! error TS2614: Module '"./es6ImportDefaultBindingFollowedWithNamedImport1InEs5_0"' has no exported member 'a'. Did you mean to use 'import a from "./es6ImportDefaultBindingFollowedWithNamedImport1InEs5_0"' instead?
     var x: number = defaultBinding3;
     import defaultBinding4, { x, a as y } from "./es6ImportDefaultBindingFollowedWithNamedImport1InEs5_0";
-                              ~
-!!! error TS2614: Module '"./es6ImportDefaultBindingFollowedWithNamedImport1InEs5_0"' has no exported member 'x'. Did you mean to use 'import x from "./es6ImportDefaultBindingFollowedWithNamedImport1InEs5_0"' instead?
-                                 ~
-!!! error TS2614: Module '"./es6ImportDefaultBindingFollowedWithNamedImport1InEs5_0"' has no exported member 'a'. Did you mean to use 'import a from "./es6ImportDefaultBindingFollowedWithNamedImport1InEs5_0"' instead?
     var x: number = defaultBinding4;
     import defaultBinding5, { x as z,  } from "./es6ImportDefaultBindingFollowedWithNamedImport1InEs5_0";
-                              ~
-!!! error TS2614: Module '"./es6ImportDefaultBindingFollowedWithNamedImport1InEs5_0"' has no exported member 'x'. Did you mean to use 'import x from "./es6ImportDefaultBindingFollowedWithNamedImport1InEs5_0"' instead?
     var x: number = defaultBinding5;
     import defaultBinding6, { m,  } from "./es6ImportDefaultBindingFollowedWithNamedImport1InEs5_0";
-                              ~
-!!! error TS2614: Module '"./es6ImportDefaultBindingFollowedWithNamedImport1InEs5_0"' has no exported member 'm'. Did you mean to use 'import m from "./es6ImportDefaultBindingFollowedWithNamedImport1InEs5_0"' instead?
     var x: number = defaultBinding6;

</message>
<stacktrace>
  at org.junit.Assert.fail(Assert.java:89)
  at kotlin.test.junit.JUnitAsserter.fail(JUnitSupport.kt:56)
  at kotlin.test.AssertionsKt__AssertionsKt.fail(Assertions.kt:563)
  at kotlin.test.AssertionsKt.fail(Unknown Source)
  at com.xemantic.kotlin.test.SameAsKt.sameAs(SameAs.kt:52)
  at com.xemantic.typescript.compiler.TypeScriptTestSupportKt.errorsMatchBaseline(TypeScriptTestSupport.kt:135)
  at com.xemantic.typescript.compiler.TypeScriptCompilerTests_E.es6ImportDefaultBindingFollowedWithNamedImport1InEs5_ts__target_es5__has expected errors matching baseline(TypeScriptCompilerTests_E.kt:3129)
  at java.base/jdk.internal.reflect.DirectMethodHandleAccessor.invoke(DirectMethodHandleAccessor.java:104)
  at java.base/java.lang.reflect.Method.invoke(Method.java:565)
  at org.junit.runners.model.FrameworkMethod$1.runReflectiveCall(FrameworkMethod.java:59)
  at org.junit.internal.runners.model.ReflectiveCallable.run(ReflectiveCallable.java:12)
  at org.junit.runners.model.FrameworkMethod.invokeExplosively(FrameworkMethod.java:56)
  at org.junit.internal.runners.statements.InvokeMethod.evaluate(InvokeMethod.java:17)
  at org.junit.runners.ParentRunner$3.evaluate(ParentRunner.java:306)
  at org.junit.runners.BlockJUnit4ClassRunner$1.evaluate(BlockJUnit4ClassRunner.java:100)
  at org.junit.runners.ParentRunner.runLeaf(ParentRunner.java:366)
  at org.junit.runners.BlockJUnit4ClassRunner.runChild(BlockJUnit4ClassRunner.java:103)
  at org.junit.runners.BlockJUnit4ClassRunner.runChild(BlockJUnit4ClassRunner.java:63)
  at org.junit.runners.ParentRunner$4.run(ParentRunner.java:331)
  at org.junit.runners.ParentRunner$1.schedule(ParentRunner.java:79)
  at org.junit.runners.ParentRunner.runChildren(ParentRunner.java:329)
  at org.junit.runners.ParentRunner.access$100(ParentRunner.java:66)
  at org.junit.runners.ParentRunner$2.evaluate(ParentRunner.java:293)
  at org.junit.runners.ParentRunner$3.evaluate(ParentRunner.java:306)
  at org.junit.runners.ParentRunner.run(ParentRunner.java:413)
  at org.junit.runner.JUnitCore.run(JUnitCore.java:137)
  at org.junit.runner.JUnitCore.run(JUnitCore.java:115)
  at org.gradle.api.internal.tasks.testing.junit.JUnitTestExecutor.runRequest(JUnitTestExecutor.java:175)
  at org.gradle.api.internal.tasks.testing.junit.JUnitTestExecutor.accept(JUnitTestExecutor.java:84)
  at org.gradle.api.internal.tasks.testing.junit.JUnitTestExecutor.accept(JUnitTestExecutor.java:47)
  at org.gradle.api.internal.tasks.testing.junit.AbstractJUnitTestDefinitionProcessor.processTestDefinition(AbstractJUnitTestDefinitionProcessor.java:65)
  at org.gradle.api.internal.tasks.testing.SuiteTestDefinitionProcessor.processTestDefinition(SuiteTestDefinitionProcessor.java:54)
  at java.base/jdk.internal.reflect.DirectMethodHandleAccessor.invoke(DirectMethodHandleAccessor.java:104)
  at java.base/java.lang.reflect.Method.invoke(Method.java:565)
  at org.gradle.internal.dispatch.MethodInvocation.invokeOn(MethodInvocation.java:77)
  at org.gradle.internal.dispatch.ReflectionDispatch.dispatch(ReflectionDispatch.java:28)
  at org.gradle.internal.dispatch.ReflectionDispatch.dispatch(ReflectionDispatch.java:19)
  at org.gradle.internal.dispatch.ContextClassLoaderDispatch.dispatch(ContextClassLoaderDispatch.java:33)
  at org.gradle.internal.dispatch.ProxyDispatchAdapter$DispatchingInvocationHandler.invoke(ProxyDispatchAdapter.java:88)
  at jdk.proxy1/jdk.proxy1.$Proxy4.processTestDefinition(Unknown Source)
  at org.gradle.api.internal.tasks.testing.worker.TestWorker$2.run(TestWorker.java:178)
  at org.gradle.api.internal.tasks.testing.worker.TestWorker.executeAndMaintainThreadName(TestWorker.java:126)
  at org.gradle.api.internal.tasks.testing.worker.TestWorker.execute(TestWorker.java:103)
  at org.gradle.api.internal.tasks.testing.worker.TestWorker.execute(TestWorker.java:63)
  at org.gradle.process.internal.worker.child.ActionExecutionWorker.execute(ActionExecutionWorker.java:56)
  at org.gradle.process.internal.worker.child.SystemApplicationClassLoaderWorker.call(SystemApplicationClassLoaderWorker.java:122)
  at org.gradle.process.internal.worker.child.SystemApplicationClassLoaderWorker.call(SystemApplicationClassLoaderWorker.java:72)
  at worker.org.gradle.process.internal.worker.GradleWorkerMain.run(GradleWorkerMain.java:69)
  at worker.org.gradle.process.internal.worker.GradleWorkerMain.main(GradleWorkerMain.java:74)
</stacktrace>
</test-failure>


TypeScriptCompilerTests_E[jvm] > es6ImportDefaultBindingFollowedWithNamedImport1InEs5_ts__target_es5__has expected errors matching baseline[jvm] FAILED

<test-failure test="com.xemantic.typescript.compiler.TypeScriptCompilerTests_E.extendAndImplementTheSameBaseType2_ts has expected errors matching extendAndImplementTheSameBaseType2_errors_txt" platform="jvm">
<message>
--- expected
+++ actual
@@ -1,14 +1,11 @@
 extendAndImplementTheSameBaseType2.ts(2,5): error TS2564: Property 'foo' has no initializer and is not definitely assigned in the constructor.
 extendAndImplementTheSameBaseType2.ts(4,9): error TS2322: Type 'null' is not assignable to type 'T'.
   'T' could be instantiated with an arbitrary type which could be unrelated to 'null'.
-extendAndImplementTheSameBaseType2.ts(7,7): error TS2720: Class 'D' incorrectly implements class 'C<number>'. Did you mean to extend 'C<number>' and inherit its members as a subclass?
-  The types returned by 'bar()' are incompatible between these types.
-    Type 'string' is not assignable to type 'number'.
 extendAndImplementTheSameBaseType2.ts(12,5): error TS2322: Type 'number' is not assignable to type 'string'.
-extendAndImplementTheSameBaseType2.ts(16,5): error TS2322: Type 'string' is not assignable to type 'number'.
+  Type 'number' is not assignable to type 'string'.
 
 
-==== extendAndImplementTheSameBaseType2.ts (5 errors) ====
+==== extendAndImplementTheSameBaseType2.ts (3 errors) ====
     class C<T> {
         foo: number
         ~~~
@@ -21,10 +18,6 @@
         }
     }
     class D extends C<string> implements C<number> {
-          ~
-!!! error TS2720: Class 'D' incorrectly implements class 'C<number>'. Did you mean to extend 'C<number>' and inherit its members as a subclass?
-!!! error TS2720:   The types returned by 'bar()' are incompatible between these types.
-!!! error TS2720:     Type 'string' is not assignable to type 'number'.
         baz() { }
     }
     
@@ -32,9 +25,8 @@
     var r: string = d.foo;
         ~
 !!! error TS2322: Type 'number' is not assignable to type 'string'.
+!!! error TS2322:   Type 'number' is not assignable to type 'string'.
     var r2: number = d.foo;
     
     var r3: string = d.bar();
     var r4: number = d.bar();
-        ~~
-!!! error TS2322: Type 'string' is not assignable to type 'number'.

</message>
<stacktrace>
  at org.junit.Assert.fail(Assert.java:89)
  at kotlin.test.junit.JUnitAsserter.fail(JUnitSupport.kt:56)
  at kotlin.test.AssertionsKt__AssertionsKt.fail(Assertions.kt:563)
  at kotlin.test.AssertionsKt.fail(Unknown Source)
  at com.xemantic.kotlin.test.SameAsKt.sameAs(SameAs.kt:52)
  at com.xemantic.typescript.compiler.TypeScriptTestSupportKt.errorsMatchBaseline(TypeScriptTestSupport.kt:135)
  at com.xemantic.typescript.compiler.TypeScriptCompilerTests_E.extendAndImplementTheSameBaseType2_ts has expected errors matching extendAndImplementTheSameBaseType2_errors_txt(TypeScriptCompilerTests_E.kt:6293)
  at java.base/jdk.internal.reflect.DirectMethodHandleAccessor.invoke(DirectMethodHandleAccessor.java:104)
  at java.base/java.lang.reflect.Method.invoke(Method.java:565)
  at org.junit.runners.model.FrameworkMethod$1.runReflectiveCall(FrameworkMethod.java:59)
  at org.junit.internal.runners.model.ReflectiveCallable.run(ReflectiveCallable.java:12)
  at org.junit.runners.model.FrameworkMethod.invokeExplosively(FrameworkMethod.java:56)
  at org.junit.internal.runners.statements.InvokeMethod.evaluate(InvokeMethod.java:17)
  at org.junit.runners.ParentRunner$3.evaluate(ParentRunner.java:306)
  at org.junit.runners.BlockJUnit4ClassRunner$1.evaluate(BlockJUnit4ClassRunner.java:100)
  at org.junit.runners.ParentRunner.runLeaf(ParentRunner.java:366)
  at org.junit.runners.BlockJUnit4ClassRunner.runChild(BlockJUnit4ClassRunner.java:103)
  at org.junit.runners.BlockJUnit4ClassRunner.runChild(BlockJUnit4ClassRunner.java:63)
  at org.junit.runners.ParentRunner$4.run(ParentRunner.java:331)
  at org.junit.runners.ParentRunner$1.schedule(ParentRunner.java:79)
  at org.junit.runners.ParentRunner.runChildren(ParentRunner.java:329)
  at org.junit.runners.ParentRunner.access$100(ParentRunner.java:66)
  at org.junit.runners.ParentRunner$2.evaluate(ParentRunner.java:293)
  at org.junit.runners.ParentRunner$3.evaluate(ParentRunner.java:306)
  at org.junit.runners.ParentRunner.run(ParentRunner.java:413)
  at org.junit.runner.JUnitCore.run(JUnitCore.java:137)
  at org.junit.runner.JUnitCore.run(JUnitCore.java:115)
  at org.gradle.api.internal.tasks.testing.junit.JUnitTestExecutor.runRequest(JUnitTestExecutor.java:175)
  at org.gradle.api.internal.tasks.testing.junit.JUnitTestExecutor.accept(JUnitTestExecutor.java:84)
  at org.gradle.api.internal.tasks.testing.junit.JUnitTestExecutor.accept(JUnitTestExecutor.java:47)
  at org.gradle.api.internal.tasks.testing.junit.AbstractJUnitTestDefinitionProcessor.processTestDefinition(AbstractJUnitTestDefinitionProcessor.java:65)
  at org.gradle.api.internal.tasks.testing.SuiteTestDefinitionProcessor.processTestDefinition(SuiteTestDefinitionProcessor.java:54)
  at java.base/jdk.internal.reflect.DirectMethodHandleAccessor.invoke(DirectMethodHandleAccessor.java:104)
  at java.base/java.lang.reflect.Method.invoke(Method.java:565)
  at org.gradle.internal.dispatch.MethodInvocation.invokeOn(MethodInvocation.java:77)
  at org.gradle.internal.dispatch.ReflectionDispatch.dispatch(ReflectionDispatch.java:28)
  at org.gradle.internal.dispatch.ReflectionDispatch.dispatch(ReflectionDispatch.java:19)
  at org.gradle.internal.dispatch.ContextClassLoaderDispatch.dispatch(ContextClassLoaderDispatch.java:33)
  at org.gradle.internal.dispatch.ProxyDispatchAdapter$DispatchingInvocationHandler.invoke(ProxyDispatchAdapter.java:88)
  at jdk.proxy1/jdk.proxy1.$Proxy4.processTestDefinition(Unknown Source)
  at org.gradle.api.internal.tasks.testing.worker.TestWorker$2.run(TestWorker.java:178)
  at org.gradle.api.internal.tasks.testing.worker.TestWorker.executeAndMaintainThreadName(TestWorker.java:126)
  at org.gradle.api.internal.tasks.testing.worker.TestWorker.execute(TestWorker.java:103)
  at org.gradle.api.internal.tasks.testing.worker.TestWorker.execute(TestWorker.java:63)
  at org.gradle.process.internal.worker.child.ActionExecutionWorker.execute(ActionExecutionWorker.java:56)
  at org.gradle.process.internal.worker.child.SystemApplicationClassLoaderWorker.call(SystemApplicationClassLoaderWorker.java:122)
  at org.gradle.process.internal.worker.child.SystemApplicationClassLoaderWorker.call(SystemApplicationClassLoaderWorker.java:72)
  at worker.org.gradle.process.internal.worker.GradleWorkerMain.run(GradleWorkerMain.java:69)
  at worker.org.gradle.process.internal.worker.GradleWorkerMain.main(GradleWorkerMain.java:74)
</stacktrace>
</test-failure>


TypeScriptCompilerTests_E[jvm] > extendAndImplementTheSameBaseType2_ts has expected errors matching extendAndImplementTheSameBaseType2_errors_txt[jvm] FAILED

<test-failure test="com.xemantic.typescript.compiler.TypeScriptCompilerTests_E.externalModuleRefernceResolutionOrderInImportDeclaration_ts has expected errors matching externalModuleRefernceResolutionOrderInImportDeclaration_errors_txt" platform="jvm">
<message>
Expected diagnostics from baseline typescript-repo/tests/baselines/reference/externalModuleRefernceResolutionOrderInImportDeclaration.errors.txt but none produced
</message>
<stacktrace>
  at com.xemantic.typescript.compiler.TypeScriptTestSupportKt.errorsMatchBaseline(TypeScriptTestSupport.kt:125)
  at com.xemantic.typescript.compiler.TypeScriptCompilerTests_E.externalModuleRefernceResolutionOrderInImportDeclaration_ts has expected errors matching externalModuleRefernceResolutionOrderInImportDeclaration_errors_txt(TypeScriptCompilerTests_E.kt:6713)
  at java.base/jdk.internal.reflect.DirectMethodHandleAccessor.invoke(DirectMethodHandleAccessor.java:104)
  at java.base/java.lang.reflect.Method.invoke(Method.java:565)
  at org.junit.runners.model.FrameworkMethod$1.runReflectiveCall(FrameworkMethod.java:59)
  at org.junit.internal.runners.model.ReflectiveCallable.run(ReflectiveCallable.java:12)
  at org.junit.runners.model.FrameworkMethod.invokeExplosively(FrameworkMethod.java:56)
  at org.junit.internal.runners.statements.InvokeMethod.evaluate(InvokeMethod.java:17)
  at org.junit.runners.ParentRunner$3.evaluate(ParentRunner.java:306)
  at org.junit.runners.BlockJUnit4ClassRunner$1.evaluate(BlockJUnit4ClassRunner.java:100)
  at org.junit.runners.ParentRunner.runLeaf(ParentRunner.java:366)
  at org.junit.runners.BlockJUnit4ClassRunner.runChild(BlockJUnit4ClassRunner.java:103)
  at org.junit.runners.BlockJUnit4ClassRunner.runChild(BlockJUnit4ClassRunner.java:63)
  at org.junit.runners.ParentRunner$4.run(ParentRunner.java:331)
  at org.junit.runners.ParentRunner$1.schedule(ParentRunner.java:79)
  at org.junit.runners.ParentRunner.runChildren(ParentRunner.java:329)
  at org.junit.runners.ParentRunner.access$100(ParentRunner.java:66)
  at org.junit.runners.ParentRunner$2.evaluate(ParentRunner.java:293)
  at org.junit.runners.ParentRunner$3.evaluate(ParentRunner.java:306)
  at org.junit.runners.ParentRunner.run(ParentRunner.java:413)
  at org.junit.runner.JUnitCore.run(JUnitCore.java:137)
  at org.junit.runner.JUnitCore.run(JUnitCore.java:115)
  at org.gradle.api.internal.tasks.testing.junit.JUnitTestExecutor.runRequest(JUnitTestExecutor.java:175)
  at org.gradle.api.internal.tasks.testing.junit.JUnitTestExecutor.accept(JUnitTestExecutor.java:84)
  at org.gradle.api.internal.tasks.testing.junit.JUnitTestExecutor.accept(JUnitTestExecutor.java:47)
  at org.gradle.api.internal.tasks.testing.junit.AbstractJUnitTestDefinitionProcessor.processTestDefinition(AbstractJUnitTestDefinitionProcessor.java:65)
  at org.gradle.api.internal.tasks.testing.SuiteTestDefinitionProcessor.processTestDefinition(SuiteTestDefinitionProcessor.java:54)
  at java.base/jdk.internal.reflect.DirectMethodHandleAccessor.invoke(DirectMethodHandleAccessor.java:104)
  at java.base/java.lang.reflect.Method.invoke(Method.java:565)
  at org.gradle.internal.dispatch.MethodInvocation.invokeOn(MethodInvocation.java:77)
  at org.gradle.internal.dispatch.ReflectionDispatch.dispatch(ReflectionDispatch.java:28)
  at org.gradle.internal.dispatch.ReflectionDispatch.dispatch(ReflectionDispatch.java:19)
  at org.gradle.internal.dispatch.ContextClassLoaderDispatch.dispatch(ContextClassLoaderDispatch.java:33)
  at org.gradle.internal.dispatch.ProxyDispatchAdapter$DispatchingInvocationHandler.invoke(ProxyDispatchAdapter.java:88)
  at jdk.proxy1/jdk.proxy1.$Proxy4.processTestDefinition(Unknown Source)
  at org.gradle.api.internal.tasks.testing.worker.TestWorker$2.run(TestWorker.java:178)
  at org.gradle.api.internal.tasks.testing.worker.TestWorker.executeAndMaintainThreadName(TestWorker.java:126)
  at org.gradle.api.internal.tasks.testing.worker.TestWorker.execute(TestWorker.java:103)
  at org.gradle.api.internal.tasks.testing.worker.TestWorker.execute(TestWorker.java:63)
  at org.gradle.process.internal.worker.child.ActionExecutionWorker.execute(ActionExecutionWorker.java:56)
  at org.gradle.process.internal.worker.child.SystemApplicationClassLoaderWorker.call(SystemApplicationClassLoaderWorker.java:122)
  at org.gradle.process.internal.worker.child.SystemApplicationClassLoaderWorker.call(SystemApplicationClassLoaderWorker.java:72)
  at worker.org.gradle.process.internal.worker.GradleWorkerMain.run(GradleWorkerMain.java:69)
  at worker.org.gradle.process.internal.worker.GradleWorkerMain.main(GradleWorkerMain.java:74)
</stacktrace>
</test-failure>


TypeScriptCompilerTests_E[jvm] > externalModuleRefernceResolutionOrderInImportDeclaration_ts has expected errors matching externalModuleRefernceResolutionOrderInImportDeclaration_errors_txt[jvm] FAILED

<test-failure test="com.xemantic.typescript.compiler.TypeScriptCompilerTests_E.expressionsForbiddenInParameterInitializers_ts has expected errors matching expressionsForbiddenInParameterInitializers_errors_txt" platform="jvm">
<message>
Expected diagnostics from baseline typescript-repo/tests/baselines/reference/expressionsForbiddenInParameterInitializers.errors.txt but none produced
</message>
<stacktrace>
  at com.xemantic.typescript.compiler.TypeScriptTestSupportKt.errorsMatchBaseline(TypeScriptTestSupport.kt:125)
  at com.xemantic.typescript.compiler.TypeScriptCompilerTests_E.expressionsForbiddenInParameterInitializers_ts has expected errors matching expressionsForbiddenInParameterInitializers_errors_txt(TypeScriptCompilerTests_E.kt:6244)
  at java.base/jdk.internal.reflect.DirectMethodHandleAccessor.invoke(DirectMethodHandleAccessor.java:104)
  at java.base/java.lang.reflect.Method.invoke(Method.java:565)
  at org.junit.runners.model.FrameworkMethod$1.runReflectiveCall(FrameworkMethod.java:59)
  at org.junit.internal.runners.model.ReflectiveCallable.run(ReflectiveCallable.java:12)
  at org.junit.runners.model.FrameworkMethod.invokeExplosively(FrameworkMethod.java:56)
  at org.junit.internal.runners.statements.InvokeMethod.evaluate(InvokeMethod.java:17)
  at org.junit.runners.ParentRunner$3.evaluate(ParentRunner.java:306)
  at org.junit.runners.BlockJUnit4ClassRunner$1.evaluate(BlockJUnit4ClassRunner.java:100)
  at org.junit.runners.ParentRunner.runLeaf(ParentRunner.java:366)
  at org.junit.runners.BlockJUnit4ClassRunner.runChild(BlockJUnit4ClassRunner.java:103)
  at org.junit.runners.BlockJUnit4ClassRunner.runChild(BlockJUnit4ClassRunner.java:63)
  at org.junit.runners.ParentRunner$4.run(ParentRunner.java:331)
  at org.junit.runners.ParentRunner$1.schedule(ParentRunner.java:79)
  at org.junit.runners.ParentRunner.runChildren(ParentRunner.java:329)
  at org.junit.runners.ParentRunner.access$100(ParentRunner.java:66)
  at org.junit.runners.ParentRunner$2.evaluate(ParentRunner.java:293)
  at org.junit.runners.ParentRunner$3.evaluate(ParentRunner.java:306)
  at org.junit.runners.ParentRunner.run(ParentRunner.java:413)
  at org.junit.runner.JUnitCore.run(JUnitCore.java:137)
  at org.junit.runner.JUnitCore.run(JUnitCore.java:115)
  at org.gradle.api.internal.tasks.testing.junit.JUnitTestExecutor.runRequest(JUnitTestExecutor.java:175)
  at org.gradle.api.internal.tasks.testing.junit.JUnitTestExecutor.accept(JUnitTestExecutor.java:84)
  at org.gradle.api.internal.tasks.testing.junit.JUnitTestExecutor.accept(JUnitTestExecutor.java:47)
  at org.gradle.api.internal.tasks.testing.junit.AbstractJUnitTestDefinitionProcessor.processTestDefinition(AbstractJUnitTestDefinitionProcessor.java:65)
  at org.gradle.api.internal.tasks.testing.SuiteTestDefinitionProcessor.processTestDefinition(SuiteTestDefinitionProcessor.java:54)
  at java.base/jdk.internal.reflect.DirectMethodHandleAccessor.invoke(DirectMethodHandleAccessor.java:104)
  at java.base/java.lang.reflect.Method.invoke(Method.java:565)
  at org.gradle.internal.dispatch.MethodInvocation.invokeOn(MethodInvocation.java:77)
  at org.gradle.internal.dispatch.ReflectionDispatch.dispatch(ReflectionDispatch.java:28)
  at org.gradle.internal.dispatch.ReflectionDispatch.dispatch(ReflectionDispatch.java:19)
  at org.gradle.internal.dispatch.ContextClassLoaderDispatch.dispatch(ContextClassLoaderDispatch.java:33)
  at org.gradle.internal.dispatch.ProxyDispatchAdapter$DispatchingInvocationHandler.invoke(ProxyDispatchAdapter.java:88)
  at jdk.proxy1/jdk.proxy1.$Proxy4.processTestDefinition(Unknown Source)
  at org.gradle.api.internal.tasks.testing.worker.TestWorker$2.run(TestWorker.java:178)
  at org.gradle.api.internal.tasks.testing.worker.TestWorker.executeAndMaintainThreadName(TestWorker.java:126)
  at org.gradle.api.internal.tasks.testing.worker.TestWorker.execute(TestWorker.java:103)
  at org.gradle.api.internal.tasks.testing.worker.TestWorker.execute(TestWorker.java:63)
  at org.gradle.process.internal.worker.child.ActionExecutionWorker.execute(ActionExecutionWorker.java:56)
  at org.gradle.process.internal.worker.child.SystemApplicationClassLoaderWorker.call(SystemApplicationClassLoaderWorker.java:122)
  at org.gradle.process.internal.worker.child.SystemApplicationClassLoaderWorker.call(SystemApplicationClassLoaderWorker.java:72)
  at worker.org.gradle.process.internal.worker.GradleWorkerMain.run(GradleWorkerMain.java:69)
  at worker.org.gradle.process.internal.worker.GradleWorkerMain.main(GradleWorkerMain.java:74)
</stacktrace>
</test-failure>


TypeScriptCompilerTests_E[jvm] > expressionsForbiddenInParameterInitializers_ts has expected errors matching expressionsForbiddenInParameterInitializers_errors_txt[jvm] FAILED

<test-failure test="com.xemantic.typescript.compiler.TypeScriptCompilerTests_E.expressionTypeNodeShouldError_ts compiles to JavaScript matching expressionTypeNodeShouldError_js" platform="jvm">
<message>
--- expected
+++ actual
@@ -52,28 +52,28 @@
 class C {
     foo() {
         const x;
-        typeof (this.foo);
+        .typeof(this.foo);
     }
 }
 const nodes = document.getElementsByTagName("li");
-typeof (nodes.item(0));
+.typeof(nodes.item(0));
 //// [number.js]
 "use strict";
 class C2 {
     foo() {
         const x;
-        typeof (this.foo);
+        .typeof(this.foo);
     }
 }
 const nodes2 = document.getElementsByTagName("li");
-typeof (nodes.item(0));
+.typeof(nodes.item(0));
 //// [boolean.js]
 "use strict";
 class C3 {
     foo() {
         const x;
-        typeof (this.foo);
+        .typeof(this.foo);
     }
 }
 const nodes3 = document.getElementsByTagName("li");
-typeof (nodes.item(0));
+.typeof(nodes.item(0));

</message>
<stacktrace>
  at org.junit.Assert.fail(Assert.java:89)
  at kotlin.test.junit.JUnitAsserter.fail(JUnitSupport.kt:56)
  at kotlin.test.AssertionsKt__AssertionsKt.fail(Assertions.kt:563)
  at kotlin.test.AssertionsKt.fail(Unknown Source)
  at com.xemantic.kotlin.test.SameAsKt.sameAs(SameAs.kt:52)
  at com.xemantic.typescript.compiler.TypeScriptTestSupportKt.sameAs(TypeScriptTestSupport.kt:99)
  at com.xemantic.typescript.compiler.TypeScriptCompilerTests_E.expressionTypeNodeShouldError_ts compiles to JavaScript matching expressionTypeNodeShouldError_js(TypeScriptCompilerTests_E.kt:6209)
  at java.base/jdk.internal.reflect.DirectMethodHandleAccessor.invoke(DirectMethodHandleAccessor.java:104)
  at java.base/java.lang.reflect.Method.invoke(Method.java:565)
  at org.junit.runners.model.FrameworkMethod$1.runReflectiveCall(FrameworkMethod.java:59)
  at org.junit.internal.runners.model.ReflectiveCallable.run(ReflectiveCallable.java:12)
  at org.junit.runners.model.FrameworkMethod.invokeExplosively(FrameworkMethod.java:56)
  at org.junit.internal.runners.statements.InvokeMethod.evaluate(InvokeMethod.java:17)
  at org.junit.runners.ParentRunner$3.evaluate(ParentRunner.java:306)
  at org.junit.runners.BlockJUnit4ClassRunner$1.evaluate(BlockJUnit4ClassRunner.java:100)
  at org.junit.runners.ParentRunner.runLeaf(ParentRunner.java:366)
  at org.junit.runners.BlockJUnit4ClassRunner.runChild(BlockJUnit4ClassRunner.java:103)
  at org.junit.runners.BlockJUnit4ClassRunner.runChild(BlockJUnit4ClassRunner.java:63)
  at org.junit.runners.ParentRunner$4.run(ParentRunner.java:331)
  at org.junit.runners.ParentRunner$1.schedule(ParentRunner.java:79)
  at org.junit.runners.ParentRunner.runChildren(ParentRunner.java:329)
  at org.junit.runners.ParentRunner.access$100(ParentRunner.java:66)
  at org.junit.runners.ParentRunner$2.evaluate(ParentRunner.java:293)
  at org.junit.runners.ParentRunner$3.evaluate(ParentRunner.java:306)
  at org.junit.runners.ParentRunner.run(ParentRunner.java:413)
  at org.junit.runner.JUnitCore.run(JUnitCore.java:137)
  at org.junit.runner.JUnitCore.run(JUnitCore.java:115)
  at org.gradle.api.internal.tasks.testing.junit.JUnitTestExecutor.runRequest(JUnitTestExecutor.java:175)
  at org.gradle.api.internal.tasks.testing.junit.JUnitTestExecutor.accept(JUnitTestExecutor.java:84)
  at org.gradle.api.internal.tasks.testing.junit.JUnitTestExecutor.accept(JUnitTestExecutor.java:47)
  at org.gradle.api.internal.tasks.testing.junit.AbstractJUnitTestDefinitionProcessor.processTestDefinition(AbstractJUnitTestDefinitionProcessor.java:65)
  at org.gradle.api.internal.tasks.testing.SuiteTestDefinitionProcessor.processTestDefinition(SuiteTestDefinitionProcessor.java:54)
  at java.base/jdk.internal.reflect.DirectMethodHandleAccessor.invoke(DirectMethodHandleAccessor.java:104)
  at java.base/java.lang.reflect.Method.invoke(Method.java:565)
  at org.gradle.internal.dispatch.MethodInvocation.invokeOn(MethodInvocation.java:77)
  at org.gradle.internal.dispatch.ReflectionDispatch.dispatch(ReflectionDispatch.java:28)
  at org.gradle.internal.dispatch.ReflectionDispatch.dispatch(ReflectionDispatch.java:19)
  at org.gradle.internal.dispatch.ContextClassLoaderDispatch.dispatch(ContextClassLoaderDispatch.java:33)
  at org.gradle.internal.dispatch.ProxyDispatchAdapter$DispatchingInvocationHandler.invoke(ProxyDispatchAdapter.java:88)
  at jdk.proxy1/jdk.proxy1.$Proxy4.processTestDefinition(Unknown Source)
  at org.gradle.api.internal.tasks.testing.worker.TestWorker$2.run(TestWorker.java:178)
  at org.gradle.api.internal.tasks.testing.worker.TestWorker.executeAndMaintainThreadName(TestWorker.java:126)
  at org.gradle.api.internal.tasks.testing.worker.TestWorker.execute(TestWorker.java:103)
  at org.gradle.api.internal.tasks.testing.worker.TestWorker.execute(TestWorker.java:63)
  at org.gradle.process.internal.worker.child.ActionExecutionWorker.execute(ActionExecutionWorker.java:56)
  at org.gradle.process.internal.worker.child.SystemApplicationClassLoaderWorker.call(SystemApplicationClassLoaderWorker.java:122)
  at org.gradle.process.internal.worker.child.SystemApplicationClassLoaderWorker.call(SystemApplicationClassLoaderWorker.java:72)
  at worker.org.gradle.process.internal.worker.GradleWorkerMain.run(GradleWorkerMain.java:69)
  at worker.org.gradle.process.internal.worker.GradleWorkerMain.main(GradleWorkerMain.java:74)
</stacktrace>
</test-failure>


TypeScriptCompilerTests_E[jvm] > expressionTypeNodeShouldError_ts compiles to JavaScript matching expressionTypeNodeShouldError_js[jvm] FAILED

<test-failure test="com.xemantic.typescript.compiler.TypeScriptCompilerTests_E.enumPropertyAccess_ts has expected errors matching enumPropertyAccess_errors_txt" platform="jvm">
<message>
Expected diagnostics from baseline typescript-repo/tests/baselines/reference/enumPropertyAccess.errors.txt but none produced
</message>
<stacktrace>
  at com.xemantic.typescript.compiler.TypeScriptTestSupportKt.errorsMatchBaseline(TypeScriptTestSupport.kt:125)
  at com.xemantic.typescript.compiler.TypeScriptCompilerTests_E.enumPropertyAccess_ts has expected errors matching enumPropertyAccess_errors_txt(TypeScriptCompilerTests_E.kt:1029)
  at java.base/jdk.internal.reflect.DirectMethodHandleAccessor.invoke(DirectMethodHandleAccessor.java:104)
  at java.base/java.lang.reflect.Method.invoke(Method.java:565)
  at org.junit.runners.model.FrameworkMethod$1.runReflectiveCall(FrameworkMethod.java:59)
  at org.junit.internal.runners.model.ReflectiveCallable.run(ReflectiveCallable.java:12)
  at org.junit.runners.model.FrameworkMethod.invokeExplosively(FrameworkMethod.java:56)
  at org.junit.internal.runners.statements.InvokeMethod.evaluate(InvokeMethod.java:17)
  at org.junit.runners.ParentRunner$3.evaluate(ParentRunner.java:306)
  at org.junit.runners.BlockJUnit4ClassRunner$1.evaluate(BlockJUnit4ClassRunner.java:100)
  at org.junit.runners.ParentRunner.runLeaf(ParentRunner.java:366)
  at org.junit.runners.BlockJUnit4ClassRunner.runChild(BlockJUnit4ClassRunner.java:103)
  at org.junit.runners.BlockJUnit4ClassRunner.runChild(BlockJUnit4ClassRunner.java:63)
  at org.junit.runners.ParentRunner$4.run(ParentRunner.java:331)
  at org.junit.runners.ParentRunner$1.schedule(ParentRunner.java:79)
  at org.junit.runners.ParentRunner.runChildren(ParentRunner.java:329)
  at org.junit.runners.ParentRunner.access$100(ParentRunner.java:66)
  at org.junit.runners.ParentRunner$2.evaluate(ParentRunner.java:293)
  at org.junit.runners.ParentRunner$3.evaluate(ParentRunner.java:306)
  at org.junit.runners.ParentRunner.run(ParentRunner.java:413)
  at org.junit.runner.JUnitCore.run(JUnitCore.java:137)
  at org.junit.runner.JUnitCore.run(JUnitCore.java:115)
  at org.gradle.api.internal.tasks.testing.junit.JUnitTestExecutor.runRequest(JUnitTestExecutor.java:175)
  at org.gradle.api.internal.tasks.testing.junit.JUnitTestExecutor.accept(JUnitTestExecutor.java:84)
  at org.gradle.api.internal.tasks.testing.junit.JUnitTestExecutor.accept(JUnitTestExecutor.java:47)
  at org.gradle.api.internal.tasks.testing.junit.AbstractJUnitTestDefinitionProcessor.processTestDefinition(AbstractJUnitTestDefinitionProcessor.java:65)
  at org.gradle.api.internal.tasks.testing.SuiteTestDefinitionProcessor.processTestDefinition(SuiteTestDefinitionProcessor.java:54)
  at java.base/jdk.internal.reflect.DirectMethodHandleAccessor.invoke(DirectMethodHandleAccessor.java:104)
  at java.base/java.lang.reflect.Method.invoke(Method.java:565)
  at org.gradle.internal.dispatch.MethodInvocation.invokeOn(MethodInvocation.java:77)
  at org.gradle.internal.dispatch.ReflectionDispatch.dispatch(ReflectionDispatch.java:28)
  at org.gradle.internal.dispatch.ReflectionDispatch.dispatch(ReflectionDispatch.java:19)
  at org.gradle.internal.dispatch.ContextClassLoaderDispatch.dispatch(ContextClassLoaderDispatch.java:33)
  at org.gradle.internal.dispatch.ProxyDispatchAdapter$DispatchingInvocationHandler.invoke(ProxyDispatchAdapter.java:88)
  at jdk.proxy1/jdk.proxy1.$Proxy4.processTestDefinition(Unknown Source)
  at org.gradle.api.internal.tasks.testing.worker.TestWorker$2.run(TestWorker.java:178)
  at org.gradle.api.internal.tasks.testing.worker.TestWorker.executeAndMaintainThreadName(TestWorker.java:126)
  at org.gradle.api.internal.tasks.testing.worker.TestWorker.execute(TestWorker.java:103)
  at org.gradle.api.internal.tasks.testing.worker.TestWorker.execute(TestWorker.java:63)
  at org.gradle.process.internal.worker.child.ActionExecutionWorker.execute(ActionExecutionWorker.java:56)
  at org.gradle.process.internal.worker.child.SystemApplicationClassLoaderWorker.call(SystemApplicationClassLoaderWorker.java:122)
  at org.gradle.process.internal.worker.child.SystemApplicationClassLoaderWorker.call(SystemApplicationClassLoaderWorker.java:72)
  at worker.org.gradle.process.internal.worker.GradleWorkerMain.run(GradleWorkerMain.java:69)
  at worker.org.gradle.process.internal.worker.GradleWorkerMain.main(GradleWorkerMain.java:74)
</stacktrace>
</test-failure>


TypeScriptCompilerTests_E[jvm] > enumPropertyAccess_ts has expected errors matching enumPropertyAccess_errors_txt[jvm] FAILED

<test-failure test="com.xemantic.typescript.compiler.TypeScriptCompilerTests_E.esmNoSynthesizedDefault_ts__module_preserve__has expected errors matching baseline" platform="jvm">
<message>
Expected diagnostics from baseline typescript-repo/tests/baselines/reference/esmNoSynthesizedDefault(module=preserve).errors.txt but none produced
</message>
<stacktrace>
  at com.xemantic.typescript.compiler.TypeScriptTestSupportKt.errorsMatchBaseline(TypeScriptTestSupport.kt:125)
  at com.xemantic.typescript.compiler.TypeScriptCompilerTests_E.esmNoSynthesizedDefault_ts__module_preserve__has expected errors matching baseline(TypeScriptCompilerTests_E.kt:4158)
  at java.base/jdk.internal.reflect.DirectMethodHandleAccessor.invoke(DirectMethodHandleAccessor.java:104)
  at java.base/java.lang.reflect.Method.invoke(Method.java:565)
  at org.junit.runners.model.FrameworkMethod$1.runReflectiveCall(FrameworkMethod.java:59)
  at org.junit.internal.runners.model.ReflectiveCallable.run(ReflectiveCallable.java:12)
  at org.junit.runners.model.FrameworkMethod.invokeExplosively(FrameworkMethod.java:56)
  at org.junit.internal.runners.statements.InvokeMethod.evaluate(InvokeMethod.java:17)
  at org.junit.runners.ParentRunner$3.evaluate(ParentRunner.java:306)
  at org.junit.runners.BlockJUnit4ClassRunner$1.evaluate(BlockJUnit4ClassRunner.java:100)
  at org.junit.runners.ParentRunner.runLeaf(ParentRunner.java:366)
  at org.junit.runners.BlockJUnit4ClassRunner.runChild(BlockJUnit4ClassRunner.java:103)
  at org.junit.runners.BlockJUnit4ClassRunner.runChild(BlockJUnit4ClassRunner.java:63)
  at org.junit.runners.ParentRunner$4.run(ParentRunner.java:331)
  at org.junit.runners.ParentRunner$1.schedule(ParentRunner.java:79)
  at org.junit.runners.ParentRunner.runChildren(ParentRunner.java:329)
  at org.junit.runners.ParentRunner.access$100(ParentRunner.java:66)
  at org.junit.runners.ParentRunner$2.evaluate(ParentRunner.java:293)
  at org.junit.runners.ParentRunner$3.evaluate(ParentRunner.java:306)
  at org.junit.runners.ParentRunner.run(ParentRunner.java:413)
  at org.junit.runner.JUnitCore.run(JUnitCore.java:137)
  at org.junit.runner.JUnitCore.run(JUnitCore.java:115)
  at org.gradle.api.internal.tasks.testing.junit.JUnitTestExecutor.runRequest(JUnitTestExecutor.java:175)
  at org.gradle.api.internal.tasks.testing.junit.JUnitTestExecutor.accept(JUnitTestExecutor.java:84)
  at org.gradle.api.internal.tasks.testing.junit.JUnitTestExecutor.accept(JUnitTestExecutor.java:47)
  at org.gradle.api.internal.tasks.testing.junit.AbstractJUnitTestDefinitionProcessor.processTestDefinition(AbstractJUnitTestDefinitionProcessor.java:65)
  at org.gradle.api.internal.tasks.testing.SuiteTestDefinitionProcessor.processTestDefinition(SuiteTestDefinitionProcessor.java:54)
  at java.base/jdk.internal.reflect.DirectMethodHandleAccessor.invoke(DirectMethodHandleAccessor.java:104)
  at java.base/java.lang.reflect.Method.invoke(Method.java:565)
  at org.gradle.internal.dispatch.MethodInvocation.invokeOn(MethodInvocation.java:77)
  at org.gradle.internal.dispatch.ReflectionDispatch.dispatch(ReflectionDispatch.java:28)
  at org.gradle.internal.dispatch.ReflectionDispatch.dispatch(ReflectionDispatch.java:19)
  at org.gradle.internal.dispatch.ContextClassLoaderDispatch.dispatch(ContextClassLoaderDispatch.java:33)
  at org.gradle.internal.dispatch.ProxyDispatchAdapter$DispatchingInvocationHandler.invoke(ProxyDispatchAdapter.java:88)
  at jdk.proxy1/jdk.proxy1.$Proxy4.processTestDefinition(Unknown Source)
  at org.gradle.api.internal.tasks.testing.worker.TestWorker$2.run(TestWorker.java:178)
  at org.gradle.api.internal.tasks.testing.worker.TestWorker.executeAndMaintainThreadName(TestWorker.java:126)
  at org.gradle.api.internal.tasks.testing.worker.TestWorker.execute(TestWorker.java:103)
  at org.gradle.api.internal.tasks.testing.worker.TestWorker.execute(TestWorker.java:63)
  at org.gradle.process.internal.worker.child.ActionExecutionWorker.execute(ActionExecutionWorker.java:56)
  at org.gradle.process.internal.worker.child.SystemApplicationClassLoaderWorker.call(SystemApplicationClassLoaderWorker.java:122)
  at org.gradle.process.internal.worker.child.SystemApplicationClassLoaderWorker.call(SystemApplicationClassLoaderWorker.java:72)
  at worker.org.gradle.process.internal.worker.GradleWorkerMain.run(GradleWorkerMain.java:69)
  at worker.org.gradle.process.internal.worker.GradleWorkerMain.main(GradleWorkerMain.java:74)
</stacktrace>
</test-failure>


TypeScriptCompilerTests_E[jvm] > esmNoSynthesizedDefault_ts__module_preserve__has expected errors matching baseline[jvm] FAILED

<test-failure test="com.xemantic.typescript.compiler.TypeScriptCompilerTests_E.excessPropertyCheckIntersectionWithIndexSignature_ts has expected errors matching excessPropertyCheckIntersectionWithIndexSignature_errors_txt" platform="jvm">
<message>
Expected diagnostics from baseline typescript-repo/tests/baselines/reference/excessPropertyCheckIntersectionWithIndexSignature.errors.txt but none produced
</message>
<stacktrace>
  at com.xemantic.typescript.compiler.TypeScriptTestSupportKt.errorsMatchBaseline(TypeScriptTestSupport.kt:125)
  at com.xemantic.typescript.compiler.TypeScriptCompilerTests_E.excessPropertyCheckIntersectionWithIndexSignature_ts has expected errors matching excessPropertyCheckIntersectionWithIndexSignature_errors_txt(TypeScriptCompilerTests_E.kt:4263)
  at java.base/jdk.internal.reflect.DirectMethodHandleAccessor.invoke(DirectMethodHandleAccessor.java:104)
  at java.base/java.lang.reflect.Method.invoke(Method.java:565)
  at org.junit.runners.model.FrameworkMethod$1.runReflectiveCall(FrameworkMethod.java:59)
  at org.junit.internal.runners.model.ReflectiveCallable.run(ReflectiveCallable.java:12)
  at org.junit.runners.model.FrameworkMethod.invokeExplosively(FrameworkMethod.java:56)
  at org.junit.internal.runners.statements.InvokeMethod.evaluate(InvokeMethod.java:17)
  at org.junit.runners.ParentRunner$3.evaluate(ParentRunner.java:306)
  at org.junit.runners.BlockJUnit4ClassRunner$1.evaluate(BlockJUnit4ClassRunner.java:100)
  at org.junit.runners.ParentRunner.runLeaf(ParentRunner.java:366)
  at org.junit.runners.BlockJUnit4ClassRunner.runChild(BlockJUnit4ClassRunner.java:103)
  at org.junit.runners.BlockJUnit4ClassRunner.runChild(BlockJUnit4ClassRunner.java:63)
  at org.junit.runners.ParentRunner$4.run(ParentRunner.java:331)
  at org.junit.runners.ParentRunner$1.schedule(ParentRunner.java:79)
  at org.junit.runners.ParentRunner.runChildren(ParentRunner.java:329)
  at org.junit.runners.ParentRunner.access$100(ParentRunner.java:66)
  at org.junit.runners.ParentRunner$2.evaluate(ParentRunner.java:293)
  at org.junit.runners.ParentRunner$3.evaluate(ParentRunner.java:306)
  at org.junit.runners.ParentRunner.run(ParentRunner.java:413)
  at org.junit.runner.JUnitCore.run(JUnitCore.java:137)
  at org.junit.runner.JUnitCore.run(JUnitCore.java:115)
  at org.gradle.api.internal.tasks.testing.junit.JUnitTestExecutor.runRequest(JUnitTestExecutor.java:175)
  at org.gradle.api.internal.tasks.testing.junit.JUnitTestExecutor.accept(JUnitTestExecutor.java:84)
  at org.gradle.api.internal.tasks.testing.junit.JUnitTestExecutor.accept(JUnitTestExecutor.java:47)
  at org.gradle.api.internal.tasks.testing.junit.AbstractJUnitTestDefinitionProcessor.processTestDefinition(AbstractJUnitTestDefinitionProcessor.java:65)
  at org.gradle.api.internal.tasks.testing.SuiteTestDefinitionProcessor.processTestDefinition(SuiteTestDefinitionProcessor.java:54)
  at java.base/jdk.internal.reflect.DirectMethodHandleAccessor.invoke(DirectMethodHandleAccessor.java:104)
  at java.base/java.lang.reflect.Method.invoke(Method.java:565)
  at org.gradle.internal.dispatch.MethodInvocation.invokeOn(MethodInvocation.java:77)
  at org.gradle.internal.dispatch.ReflectionDispatch.dispatch(ReflectionDispatch.java:28)
  at org.gradle.internal.dispatch.ReflectionDispatch.dispatch(ReflectionDispatch.java:19)
  at org.gradle.internal.dispatch.ContextClassLoaderDispatch.dispatch(ContextClassLoaderDispatch.java:33)
  at org.gradle.internal.dispatch.ProxyDispatchAdapter$DispatchingInvocationHandler.invoke(ProxyDispatchAdapter.java:88)
  at jdk.proxy1/jdk.proxy1.$Proxy4.processTestDefinition(Unknown Source)
  at org.gradle.api.internal.tasks.testing.worker.TestWorker$2.run(TestWorker.java:178)
  at org.gradle.api.internal.tasks.testing.worker.TestWorker.executeAndMaintainThreadName(TestWorker.java:126)
  at org.gradle.api.internal.tasks.testing.worker.TestWorker.execute(TestWorker.java:103)
  at org.gradle.api.internal.tasks.testing.worker.TestWorker.execute(TestWorker.java:63)
  at org.gradle.process.internal.worker.child.ActionExecutionWorker.execute(ActionExecutionWorker.java:56)
  at org.gradle.process.internal.worker.child.SystemApplicationClassLoaderWorker.call(SystemApplicationClassLoaderWorker.java:122)
  at org.gradle.process.internal.worker.child.SystemApplicationClassLoaderWorker.call(SystemApplicationClassLoaderWorker.java:72)
  at worker.org.gradle.process.internal.worker.GradleWorkerMain.run(GradleWorkerMain.java:69)
  at worker.org.gradle.process.internal.worker.GradleWorkerMain.main(GradleWorkerMain.java:74)
</stacktrace>
</test-failure>


TypeScriptCompilerTests_E[jvm] > excessPropertyCheckIntersectionWithIndexSignature_ts has expected errors matching excessPropertyCheckIntersectionWithIndexSignature_errors_txt[jvm] FAILED

<test-failure test="com.xemantic.typescript.compiler.TypeScriptCompilerTests_E.enumIdentifierLiterals_ts has expected errors matching enumIdentifierLiterals_errors_txt" platform="jvm">
<message>
Expected diagnostics from baseline typescript-repo/tests/baselines/reference/enumIdentifierLiterals.errors.txt but none produced
</message>
<stacktrace>
  at com.xemantic.typescript.compiler.TypeScriptTestSupportKt.errorsMatchBaseline(TypeScriptTestSupport.kt:125)
  at com.xemantic.typescript.compiler.TypeScriptCompilerTests_E.enumIdentifierLiterals_ts has expected errors matching enumIdentifierLiterals_errors_txt(TypeScriptCompilerTests_E.kt:896)
  at java.base/jdk.internal.reflect.DirectMethodHandleAccessor.invoke(DirectMethodHandleAccessor.java:104)
  at java.base/java.lang.reflect.Method.invoke(Method.java:565)
  at org.junit.runners.model.FrameworkMethod$1.runReflectiveCall(FrameworkMethod.java:59)
  at org.junit.internal.runners.model.ReflectiveCallable.run(ReflectiveCallable.java:12)
  at org.junit.runners.model.FrameworkMethod.invokeExplosively(FrameworkMethod.java:56)
  at org.junit.internal.runners.statements.InvokeMethod.evaluate(InvokeMethod.java:17)
  at org.junit.runners.ParentRunner$3.evaluate(ParentRunner.java:306)
  at org.junit.runners.BlockJUnit4ClassRunner$1.evaluate(BlockJUnit4ClassRunner.java:100)
  at org.junit.runners.ParentRunner.runLeaf(ParentRunner.java:366)
  at org.junit.runners.BlockJUnit4ClassRunner.runChild(BlockJUnit4ClassRunner.java:103)
  at org.junit.runners.BlockJUnit4ClassRunner.runChild(BlockJUnit4ClassRunner.java:63)
  at org.junit.runners.ParentRunner$4.run(ParentRunner.java:331)
  at org.junit.runners.ParentRunner$1.schedule(ParentRunner.java:79)
  at org.junit.runners.ParentRunner.runChildren(ParentRunner.java:329)
  at org.junit.runners.ParentRunner.access$100(ParentRunner.java:66)
  at org.junit.runners.ParentRunner$2.evaluate(ParentRunner.java:293)
  at org.junit.runners.ParentRunner$3.evaluate(ParentRunner.java:306)
  at org.junit.runners.ParentRunner.run(ParentRunner.java:413)
  at org.junit.runner.JUnitCore.run(JUnitCore.java:137)
  at org.junit.runner.JUnitCore.run(JUnitCore.java:115)
  at org.gradle.api.internal.tasks.testing.junit.JUnitTestExecutor.runRequest(JUnitTestExecutor.java:175)
  at org.gradle.api.internal.tasks.testing.junit.JUnitTestExecutor.accept(JUnitTestExecutor.java:84)
  at org.gradle.api.internal.tasks.testing.junit.JUnitTestExecutor.accept(JUnitTestExecutor.java:47)
  at org.gradle.api.internal.tasks.testing.junit.AbstractJUnitTestDefinitionProcessor.processTestDefinition(AbstractJUnitTestDefinitionProcessor.java:65)
  at org.gradle.api.internal.tasks.testing.SuiteTestDefinitionProcessor.processTestDefinition(SuiteTestDefinitionProcessor.java:54)
  at java.base/jdk.internal.reflect.DirectMethodHandleAccessor.invoke(DirectMethodHandleAccessor.java:104)
  at java.base/java.lang.reflect.Method.invoke(Method.java:565)
  at org.gradle.internal.dispatch.MethodInvocation.invokeOn(MethodInvocation.java:77)
  at org.gradle.internal.dispatch.ReflectionDispatch.dispatch(ReflectionDispatch.java:28)
  at org.gradle.internal.dispatch.ReflectionDispatch.dispatch(ReflectionDispatch.java:19)
  at org.gradle.internal.dispatch.ContextClassLoaderDispatch.dispatch(ContextClassLoaderDispatch.java:33)
  at org.gradle.internal.dispatch.ProxyDispatchAdapter$DispatchingInvocationHandler.invoke(ProxyDispatchAdapter.java:88)
  at jdk.proxy1/jdk.proxy1.$Proxy4.processTestDefinition(Unknown Source)
  at org.gradle.api.internal.tasks.testing.worker.TestWorker$2.run(TestWorker.java:178)
  at org.gradle.api.internal.tasks.testing.worker.TestWorker.executeAndMaintainThreadName(TestWorker.java:126)
  at org.gradle.api.internal.tasks.testing.worker.TestWorker.execute(TestWorker.java:103)
  at org.gradle.api.internal.tasks.testing.worker.TestWorker.execute(TestWorker.java:63)
  at org.gradle.process.internal.worker.child.ActionExecutionWorker.execute(ActionExecutionWorker.java:56)
  at org.gradle.process.internal.worker.child.SystemApplicationClassLoaderWorker.call(SystemApplicationClassLoaderWorker.java:122)
  at org.gradle.process.internal.worker.child.SystemApplicationClassLoaderWorker.call(SystemApplicationClassLoaderWorker.java:72)
  at worker.org.gradle.process.internal.worker.GradleWorkerMain.run(GradleWorkerMain.java:69)
  at worker.org.gradle.process.internal.worker.GradleWorkerMain.main(GradleWorkerMain.java:74)
</stacktrace>
</test-failure>


TypeScriptCompilerTests_E[jvm] > enumIdentifierLiterals_ts has expected errors matching enumIdentifierLiterals_errors_txt[jvm] FAILED

<test-failure test="com.xemantic.typescript.compiler.TypeScriptCompilerTests_E.enumWithBigint_ts has expected errors matching enumWithBigint_errors_txt" platform="jvm">
<message>
Expected diagnostics from baseline typescript-repo/tests/baselines/reference/enumWithBigint.errors.txt but none produced
</message>
<stacktrace>
  at com.xemantic.typescript.compiler.TypeScriptTestSupportKt.errorsMatchBaseline(TypeScriptTestSupport.kt:125)
  at com.xemantic.typescript.compiler.TypeScriptCompilerTests_E.enumWithBigint_ts has expected errors matching enumWithBigint_errors_txt(TypeScriptCompilerTests_E.kt:1071)
  at java.base/jdk.internal.reflect.DirectMethodHandleAccessor.invoke(DirectMethodHandleAccessor.java:104)
  at java.base/java.lang.reflect.Method.invoke(Method.java:565)
  at org.junit.runners.model.FrameworkMethod$1.runReflectiveCall(FrameworkMethod.java:59)
  at org.junit.internal.runners.model.ReflectiveCallable.run(ReflectiveCallable.java:12)
  at org.junit.runners.model.FrameworkMethod.invokeExplosively(FrameworkMethod.java:56)
  at org.junit.internal.runners.statements.InvokeMethod.evaluate(InvokeMethod.java:17)
  at org.junit.runners.ParentRunner$3.evaluate(ParentRunner.java:306)
  at org.junit.runners.BlockJUnit4ClassRunner$1.evaluate(BlockJUnit4ClassRunner.java:100)
  at org.junit.runners.ParentRunner.runLeaf(ParentRunner.java:366)
  at org.junit.runners.BlockJUnit4ClassRunner.runChild(BlockJUnit4ClassRunner.java:103)
  at org.junit.runners.BlockJUnit4ClassRunner.runChild(BlockJUnit4ClassRunner.java:63)
  at org.junit.runners.ParentRunner$4.run(ParentRunner.java:331)
  at org.junit.runners.ParentRunner$1.schedule(ParentRunner.java:79)
  at org.junit.runners.ParentRunner.runChildren(ParentRunner.java:329)
  at org.junit.runners.ParentRunner.access$100(ParentRunner.java:66)
  at org.junit.runners.ParentRunner$2.evaluate(ParentRunner.java:293)
  at org.junit.runners.ParentRunner$3.evaluate(ParentRunner.java:306)
  at org.junit.runners.ParentRunner.run(ParentRunner.java:413)
  at org.junit.runner.JUnitCore.run(JUnitCore.java:137)
  at org.junit.runner.JUnitCore.run(JUnitCore.java:115)
  at org.gradle.api.internal.tasks.testing.junit.JUnitTestExecutor.runRequest(JUnitTestExecutor.java:175)
  at org.gradle.api.internal.tasks.testing.junit.JUnitTestExecutor.accept(JUnitTestExecutor.java:84)
  at org.gradle.api.internal.tasks.testing.junit.JUnitTestExecutor.accept(JUnitTestExecutor.java:47)
  at org.gradle.api.internal.tasks.testing.junit.AbstractJUnitTestDefinitionProcessor.processTestDefinition(AbstractJUnitTestDefinitionProcessor.java:65)
  at org.gradle.api.internal.tasks.testing.SuiteTestDefinitionProcessor.processTestDefinition(SuiteTestDefinitionProcessor.java:54)
  at java.base/jdk.internal.reflect.DirectMethodHandleAccessor.invoke(DirectMethodHandleAccessor.java:104)
  at java.base/java.lang.reflect.Method.invoke(Method.java:565)
  at org.gradle.internal.dispatch.MethodInvocation.invokeOn(MethodInvocation.java:77)
  at org.gradle.internal.dispatch.ReflectionDispatch.dispatch(ReflectionDispatch.java:28)
  at org.gradle.internal.dispatch.ReflectionDispatch.dispatch(ReflectionDispatch.java:19)
  at org.gradle.internal.dispatch.ContextClassLoaderDispatch.dispatch(ContextClassLoaderDispatch.java:33)
  at org.gradle.internal.dispatch.ProxyDispatchAdapter$DispatchingInvocationHandler.invoke(ProxyDispatchAdapter.java:88)
  at jdk.proxy1/jdk.proxy1.$Proxy4.processTestDefinition(Unknown Source)
  at org.gradle.api.internal.tasks.testing.worker.TestWorker$2.run(TestWorker.java:178)
  at org.gradle.api.internal.tasks.testing.worker.TestWorker.executeAndMaintainThreadName(TestWorker.java:126)
  at org.gradle.api.internal.tasks.testing.worker.TestWorker.execute(TestWorker.java:103)
  at org.gradle.api.internal.tasks.testing.worker.TestWorker.execute(TestWorker.java:63)
  at org.gradle.process.internal.worker.child.ActionExecutionWorker.execute(ActionExecutionWorker.java:56)
  at org.gradle.process.internal.worker.child.SystemApplicationClassLoaderWorker.call(SystemApplicationClassLoaderWorker.java:122)
  at org.gradle.process.internal.worker.child.SystemApplicationClassLoaderWorker.call(SystemApplicationClassLoaderWorker.java:72)
  at worker.org.gradle.process.internal.worker.GradleWorkerMain.run(GradleWorkerMain.java:69)
  at worker.org.gradle.process.internal.worker.GradleWorkerMain.main(GradleWorkerMain.java:74)
</stacktrace>
</test-failure>


TypeScriptCompilerTests_E[jvm] > enumWithBigint_ts has expected errors matching enumWithBigint_errors_txt[jvm] FAILED

<test-failure test="com.xemantic.typescript.compiler.TypeScriptCompilerTests_E.extension_ts has expected errors matching extension_errors_txt" platform="jvm">
<message>
--- expected
+++ actual
@@ -1,12 +1,7 @@
-extension.ts(10,18): error TS2300: Duplicate identifier 'C'.
-extension.ts(16,5): error TS1128: Declaration or statement expected.
-extension.ts(16,12): error TS1434: Unexpected keyword or identifier.
-extension.ts(16,12): error TS2304: Cannot find name 'extension'.
-extension.ts(16,28): error TS2300: Duplicate identifier 'C'.
-extension.ts(22,3): error TS2339: Property 'pe' does not exist on type 'C'.
+extension.ts(16,12): error TS1036: Statements are not allowed in ambient contexts.
 
 
-==== extension.ts (6 errors) ====
+==== extension.ts (1 errors) ====
     interface I {
         x;
     }
@@ -17,30 +12,20 @@
     
     declare namespace M {
         export class C {
-                     ~
-!!! error TS2300: Duplicate identifier 'C'.
             public p:number;
         }
     }
     
     declare namespace M {
         export extension class C {
-        ~~~~~~
-!!! error TS1128: Declaration or statement expected.
                ~~~~~~~~~
-!!! error TS1434: Unexpected keyword or identifier.
-               ~~~~~~~~~
-!!! error TS2304: Cannot find name 'extension'.
-                               ~
-!!! error TS2300: Duplicate identifier 'C'.
+!!! error TS1036: Statements are not allowed in ambient contexts.
             public pe:string;
         }
     }
     
     var c=new M.C();
     c.pe;
-      ~~
-!!! error TS2339: Property 'pe' does not exist on type 'C'.
     c.p;
     declare var i:I;
     i.x;

</message>
<stacktrace>
  at org.junit.Assert.fail(Assert.java:89)
  at kotlin.test.junit.JUnitAsserter.fail(JUnitSupport.kt:56)
  at kotlin.test.AssertionsKt__AssertionsKt.fail(Assertions.kt:563)
  at kotlin.test.AssertionsKt.fail(Unknown Source)
  at com.xemantic.kotlin.test.SameAsKt.sameAs(SameAs.kt:52)
  at com.xemantic.typescript.compiler.TypeScriptTestSupportKt.errorsMatchBaseline(TypeScriptTestSupport.kt:135)
  at com.xemantic.typescript.compiler.TypeScriptCompilerTests_E.extension_ts has expected errors matching extension_errors_txt(TypeScriptCompilerTests_E.kt:6566)
  at java.base/jdk.internal.reflect.DirectMethodHandleAccessor.invoke(DirectMethodHandleAccessor.java:104)
  at java.base/java.lang.reflect.Method.invoke(Method.java:565)
  at org.junit.runners.model.FrameworkMethod$1.runReflectiveCall(FrameworkMethod.java:59)
  at org.junit.internal.runners.model.ReflectiveCallable.run(ReflectiveCallable.java:12)
  at org.junit.runners.model.FrameworkMethod.invokeExplosively(FrameworkMethod.java:56)
  at org.junit.internal.runners.statements.InvokeMethod.evaluate(InvokeMethod.java:17)
  at org.junit.runners.ParentRunner$3.evaluate(ParentRunner.java:306)
  at org.junit.runners.BlockJUnit4ClassRunner$1.evaluate(BlockJUnit4ClassRunner.java:100)
  at org.junit.runners.ParentRunner.runLeaf(ParentRunner.java:366)
  at org.junit.runners.BlockJUnit4ClassRunner.runChild(BlockJUnit4ClassRunner.java:103)
  at org.junit.runners.BlockJUnit4ClassRunner.runChild(BlockJUnit4ClassRunner.java:63)
  at org.junit.runners.ParentRunner$4.run(ParentRunner.java:331)
  at org.junit.runners.ParentRunner$1.schedule(ParentRunner.java:79)
  at org.junit.runners.ParentRunner.runChildren(ParentRunner.java:329)
  at org.junit.runners.ParentRunner.access$100(ParentRunner.java:66)
  at org.junit.runners.ParentRunner$2.evaluate(ParentRunner.java:293)
  at org.junit.runners.ParentRunner$3.evaluate(ParentRunner.java:306)
  at org.junit.runners.ParentRunner.run(ParentRunner.java:413)
  at org.junit.runner.JUnitCore.run(JUnitCore.java:137)
  at org.junit.runner.JUnitCore.run(JUnitCore.java:115)
  at org.gradle.api.internal.tasks.testing.junit.JUnitTestExecutor.runRequest(JUnitTestExecutor.java:175)
  at org.gradle.api.internal.tasks.testing.junit.JUnitTestExecutor.accept(JUnitTestExecutor.java:84)
  at org.gradle.api.internal.tasks.testing.junit.JUnitTestExecutor.accept(JUnitTestExecutor.java:47)
  at org.gradle.api.internal.tasks.testing.junit.AbstractJUnitTestDefinitionProcessor.processTestDefinition(AbstractJUnitTestDefinitionProcessor.java:65)
  at org.gradle.api.internal.tasks.testing.SuiteTestDefinitionProcessor.processTestDefinition(SuiteTestDefinitionProcessor.java:54)
  at java.base/jdk.internal.reflect.DirectMethodHandleAccessor.invoke(DirectMethodHandleAccessor.java:104)
  at java.base/java.lang.reflect.Method.invoke(Method.java:565)
  at org.gradle.internal.dispatch.MethodInvocation.invokeOn(MethodInvocation.java:77)
  at org.gradle.internal.dispatch.ReflectionDispatch.dispatch(ReflectionDispatch.java:28)
  at org.gradle.internal.dispatch.ReflectionDispatch.dispatch(ReflectionDispatch.java:19)
  at org.gradle.internal.dispatch.ContextClassLoaderDispatch.dispatch(ContextClassLoaderDispatch.java:33)
  at org.gradle.internal.dispatch.ProxyDispatchAdapter$DispatchingInvocationHandler.invoke(ProxyDispatchAdapter.java:88)
  at jdk.proxy1/jdk.proxy1.$Proxy4.processTestDefinition(Unknown Source)
  at org.gradle.api.internal.tasks.testing.worker.TestWorker$2.run(TestWorker.java:178)
  at org.gradle.api.internal.tasks.testing.worker.TestWorker.executeAndMaintainThreadName(TestWorker.java:126)
  at org.gradle.api.internal.tasks.testing.worker.TestWorker.execute(TestWorker.java:103)
  at org.gradle.api.internal.tasks.testing.worker.TestWorker.execute(TestWorker.java:63)
  at org.gradle.process.internal.worker.child.ActionExecutionWorker.execute(ActionExecutionWorker.java:56)
  at org.gradle.process.internal.worker.child.SystemApplicationClassLoaderWorker.call(SystemApplicationClassLoaderWorker.java:122)
  at org.gradle.process.internal.worker.child.SystemApplicationClassLoaderWorker.call(SystemApplicationClassLoaderWorker.java:72)
  at worker.org.gradle.process.internal.worker.GradleWorkerMain.run(GradleWorkerMain.java:69)
  at worker.org.gradle.process.internal.worker.GradleWorkerMain.main(GradleWorkerMain.java:74)
</stacktrace>
</test-failure>


TypeScriptCompilerTests_E[jvm] > extension_ts has expected errors matching extension_errors_txt[jvm] FAILED

<test-failure test="com.xemantic.typescript.compiler.TypeScriptCompilerTests_E.es6ImportDefaultBindingFollowedWithNamedImport_ts compiles to JavaScript matching es6ImportDefaultBindingFollowedWithNamedImport_js" platform="jvm">
<message>
--- expected
+++ actual
@@ -31,15 +31,48 @@
 exports.default = {};
 //// [es6ImportDefaultBindingFollowedWithNamedImport_1.js]
 "use strict";
+var __createBinding = (this && this.__createBinding) || (Object.create ? (function(o, m, k, k2) {
+    if (k2 === undefined) k2 = k;
+    var desc = Object.getOwnPropertyDescriptor(m, k);
+    if (!desc || ("get" in desc ? !m.__esModule : desc.writable || desc.configurable)) {
+      desc = { enumerable: true, get: function() { return m[k]; } };
+    }
+    Object.defineProperty(o, k2, desc);
+}) : (function(o, m, k, k2) {
+    if (k2 === undefined) k2 = k;
+    o[k2] = m[k];
+}));
+var __setModuleDefault = (this && this.__setModuleDefault) || (Object.create ? (function(o, v) {
+    Object.defineProperty(o, "default", { enumerable: true, value: v });
+}) : function(o, v) {
+    o["default"] = v;
+});
+var __importStar = (this && this.__importStar) || (function () {
+    var ownKeys = function(o) {
+        ownKeys = Object.getOwnPropertyNames || function (o) {
+            var ar = [];
+            for (var k in o) if (Object.prototype.hasOwnProperty.call(o, k)) ar[ar.length] = k;
+            return ar;
+        };
+        return ownKeys(o);
+    };
+    return function (mod) {
+        if (mod && mod.__esModule) return mod;
+        var result = {};
+        if (mod != null) for (var k = ownKeys(mod), i = 0; i < k.length; i++) if (k[i] !== "default") __createBinding(result, mod, k[i]);
+        __setModuleDefault(result, mod);
+        return result;
+    };
+})();
 Object.defineProperty(exports, "__esModule", { value: true });
-const es6ImportDefaultBindingFollowedWithNamedImport_0_1 = require("./es6ImportDefaultBindingFollowedWithNamedImport_0");
-var x1 = es6ImportDefaultBindingFollowedWithNamedImport_0_1.a;
-const es6ImportDefaultBindingFollowedWithNamedImport_0_2 = require("./es6ImportDefaultBindingFollowedWithNamedImport_0");
+const es6ImportDefaultBindingFollowedWithNamedImport_0_2 = __importStar(require("./es6ImportDefaultBindingFollowedWithNamedImport_0"));
 var x1 = es6ImportDefaultBindingFollowedWithNamedImport_0_2.a;
-const es6ImportDefaultBindingFollowedWithNamedImport_0_3 = require("./es6ImportDefaultBindingFollowedWithNamedImport_0");
-var x1 = es6ImportDefaultBindingFollowedWithNamedImport_0_3.x;
+const es6ImportDefaultBindingFollowedWithNamedImport_0_3 = __importStar(require("./es6ImportDefaultBindingFollowedWithNamedImport_0"));
 var x1 = es6ImportDefaultBindingFollowedWithNamedImport_0_3.a;
-const es6ImportDefaultBindingFollowedWithNamedImport_0_4 = require("./es6ImportDefaultBindingFollowedWithNamedImport_0");
+const es6ImportDefaultBindingFollowedWithNamedImport_0_4 = __importStar(require("./es6ImportDefaultBindingFollowedWithNamedImport_0"));
 var x1 = es6ImportDefaultBindingFollowedWithNamedImport_0_4.x;
-const es6ImportDefaultBindingFollowedWithNamedImport_0_5 = require("./es6ImportDefaultBindingFollowedWithNamedImport_0");
-var x1 = es6ImportDefaultBindingFollowedWithNamedImport_0_5.m;
+var x1 = es6ImportDefaultBindingFollowedWithNamedImport_0_4.a;
+const es6ImportDefaultBindingFollowedWithNamedImport_0_5 = __importStar(require("./es6ImportDefaultBindingFollowedWithNamedImport_0"));
+var x1 = es6ImportDefaultBindingFollowedWithNamedImport_0_5.x;
+const es6ImportDefaultBindingFollowedWithNamedImport_0_6 = __importStar(require("./es6ImportDefaultBindingFollowedWithNamedImport_0"));
+var x1 = es6ImportDefaultBindingFollowedWithNamedImport_0_6.m;

</message>
<stacktrace>
  at org.junit.Assert.fail(Assert.java:89)
  at kotlin.test.junit.JUnitAsserter.fail(JUnitSupport.kt:56)
  at kotlin.test.AssertionsKt__AssertionsKt.fail(Assertions.kt:563)
  at kotlin.test.AssertionsKt.fail(Unknown Source)
  at com.xemantic.kotlin.test.SameAsKt.sameAs(SameAs.kt:52)
  at com.xemantic.typescript.compiler.TypeScriptTestSupportKt.sameAs(TypeScriptTestSupport.kt:99)
  at com.xemantic.typescript.compiler.TypeScriptCompilerTests_E.es6ImportDefaultBindingFollowedWithNamedImport_ts compiles to JavaScript matching es6ImportDefaultBindingFollowedWithNamedImport_js(TypeScriptCompilerTests_E.kt:3101)
  at java.base/jdk.internal.reflect.DirectMethodHandleAccessor.invoke(DirectMethodHandleAccessor.java:104)
  at java.base/java.lang.reflect.Method.invoke(Method.java:565)
  at org.junit.runners.model.FrameworkMethod$1.runReflectiveCall(FrameworkMethod.java:59)
  at org.junit.internal.runners.model.ReflectiveCallable.run(ReflectiveCallable.java:12)
  at org.junit.runners.model.FrameworkMethod.invokeExplosively(FrameworkMethod.java:56)
  at org.junit.internal.runners.statements.InvokeMethod.evaluate(InvokeMethod.java:17)
  at org.junit.runners.ParentRunner$3.evaluate(ParentRunner.java:306)
  at org.junit.runners.BlockJUnit4ClassRunner$1.evaluate(BlockJUnit4ClassRunner.java:100)
  at org.junit.runners.ParentRunner.runLeaf(ParentRunner.java:366)
  at org.junit.runners.BlockJUnit4ClassRunner.runChild(BlockJUnit4ClassRunner.java:103)
  at org.junit.runners.BlockJUnit4ClassRunner.runChild(BlockJUnit4ClassRunner.java:63)
  at org.junit.runners.ParentRunner$4.run(ParentRunner.java:331)
  at org.junit.runners.ParentRunner$1.schedule(ParentRunner.java:79)
  at org.junit.runners.ParentRunner.runChildren(ParentRunner.java:329)
  at org.junit.runners.ParentRunner.access$100(ParentRunner.java:66)
  at org.junit.runners.ParentRunner$2.evaluate(ParentRunner.java:293)
  at org.junit.runners.ParentRunner$3.evaluate(ParentRunner.java:306)
  at org.junit.runners.ParentRunner.run(ParentRunner.java:413)
  at org.junit.runner.JUnitCore.run(JUnitCore.java:137)
  at org.junit.runner.JUnitCore.run(JUnitCore.java:115)
  at org.gradle.api.internal.tasks.testing.junit.JUnitTestExecutor.runRequest(JUnitTestExecutor.java:175)
  at org.gradle.api.internal.tasks.testing.junit.JUnitTestExecutor.accept(JUnitTestExecutor.java:84)
  at org.gradle.api.internal.tasks.testing.junit.JUnitTestExecutor.accept(JUnitTestExecutor.java:47)
  at org.gradle.api.internal.tasks.testing.junit.AbstractJUnitTestDefinitionProcessor.processTestDefinition(AbstractJUnitTestDefinitionProcessor.java:65)
  at org.gradle.api.internal.tasks.testing.SuiteTestDefinitionProcessor.processTestDefinition(SuiteTestDefinitionProcessor.java:54)
  at java.base/jdk.internal.reflect.DirectMethodHandleAccessor.invoke(DirectMethodHandleAccessor.java:104)
  at java.base/java.lang.reflect.Method.invoke(Method.java:565)
  at org.gradle.internal.dispatch.MethodInvocation.invokeOn(MethodInvocation.java:77)
  at org.gradle.internal.dispatch.ReflectionDispatch.dispatch(ReflectionDispatch.java:28)
  at org.gradle.internal.dispatch.ReflectionDispatch.dispatch(ReflectionDispatch.java:19)
  at org.gradle.internal.dispatch.ContextClassLoaderDispatch.dispatch(ContextClassLoaderDispatch.java:33)
  at org.gradle.internal.dispatch.ProxyDispatchAdapter$DispatchingInvocationHandler.invoke(ProxyDispatchAdapter.java:88)
  at jdk.proxy1/jdk.proxy1.$Proxy4.processTestDefinition(Unknown Source)
  at org.gradle.api.internal.tasks.testing.worker.TestWorker$2.run(TestWorker.java:178)
  at org.gradle.api.internal.tasks.testing.worker.TestWorker.executeAndMaintainThreadName(TestWorker.java:126)
  at org.gradle.api.internal.tasks.testing.worker.TestWorker.execute(TestWorker.java:103)
  at org.gradle.api.internal.tasks.testing.worker.TestWorker.execute(TestWorker.java:63)
  at org.gradle.process.internal.worker.child.ActionExecutionWorker.execute(ActionExecutionWorker.java:56)
  at org.gradle.process.internal.worker.child.SystemApplicationClassLoaderWorker.call(SystemApplicationClassLoaderWorker.java:122)
  at org.gradle.process.internal.worker.child.SystemApplicationClassLoaderWorker.call(SystemApplicationClassLoaderWorker.java:72)
  at worker.org.gradle.process.internal.worker.GradleWorkerMain.run(GradleWorkerMain.java:69)
  at worker.org.gradle.process.internal.worker.GradleWorkerMain.main(GradleWorkerMain.java:74)
</stacktrace>
</test-failure>


TypeScriptCompilerTests_E[jvm] > es6ImportDefaultBindingFollowedWithNamedImport_ts compiles to JavaScript matching es6ImportDefaultBindingFollowedWithNamedImport_js[jvm] FAILED

<test-failure test="com.xemantic.typescript.compiler.TypeScriptCompilerTests_E.elidedJSImport2_ts__module_es2022__compiles to JavaScript matching baseline" platform="jvm">
<message>
--- expected
+++ actual
@@ -28,13 +28,6 @@
 }
 
 
-//// [index.js]
-import { Foo } from "./other.js";
-import * as other from "./other.js";
-import defaultFoo from "./other.js";
-const x = new Foo();
-const y = other.Foo();
-const z = new defaultFoo();
 //// [other.js]
 export class Foo {
     constructor() {
@@ -46,3 +39,10 @@
         this.foo = 1.2;
     }
 }
+//// [index.js]
+import { Foo } from "./other.js";
+import * as other from "./other.js";
+import defaultFoo from "./other.js";
+const x = new Foo();
+const y = other.Foo();
+const z = new defaultFoo();

</message>
<stacktrace>
  at org.junit.Assert.fail(Assert.java:89)
  at kotlin.test.junit.JUnitAsserter.fail(JUnitSupport.kt:56)
  at kotlin.test.AssertionsKt__AssertionsKt.fail(Assertions.kt:563)
  at kotlin.test.AssertionsKt.fail(Unknown Source)
  at com.xemantic.kotlin.test.SameAsKt.sameAs(SameAs.kt:52)
  at com.xemantic.typescript.compiler.TypeScriptTestSupportKt.sameAs(TypeScriptTestSupport.kt:99)
  at com.xemantic.typescript.compiler.TypeScriptCompilerTests_E.elidedJSImport2_ts__module_es2022__compiles to JavaScript matching baseline(TypeScriptCompilerTests_E.kt:112)
  at java.base/jdk.internal.reflect.DirectMethodHandleAccessor.invoke(DirectMethodHandleAccessor.java:104)
  at java.base/java.lang.reflect.Method.invoke(Method.java:565)
  at org.junit.runners.model.FrameworkMethod$1.runReflectiveCall(FrameworkMethod.java:59)
  at org.junit.internal.runners.model.ReflectiveCallable.run(ReflectiveCallable.java:12)
  at org.junit.runners.model.FrameworkMethod.invokeExplosively(FrameworkMethod.java:56)
  at org.junit.internal.runners.statements.InvokeMethod.evaluate(InvokeMethod.java:17)
  at org.junit.runners.ParentRunner$3.evaluate(ParentRunner.java:306)
  at org.junit.runners.BlockJUnit4ClassRunner$1.evaluate(BlockJUnit4ClassRunner.java:100)
  at org.junit.runners.ParentRunner.runLeaf(ParentRunner.java:366)
  at org.junit.runners.BlockJUnit4ClassRunner.runChild(BlockJUnit4ClassRunner.java:103)
  at org.junit.runners.BlockJUnit4ClassRunner.runChild(BlockJUnit4ClassRunner.java:63)
  at org.junit.runners.ParentRunner$4.run(ParentRunner.java:331)
  at org.junit.runners.ParentRunner$1.schedule(ParentRunner.java:79)
  at org.junit.runners.ParentRunner.runChildren(ParentRunner.java:329)
  at org.junit.runners.ParentRunner.access$100(ParentRunner.java:66)
  at org.junit.runners.ParentRunner$2.evaluate(ParentRunner.java:293)
  at org.junit.runners.ParentRunner$3.evaluate(ParentRunner.java:306)
  at org.junit.runners.ParentRunner.run(ParentRunner.java:413)
  at org.junit.runner.JUnitCore.run(JUnitCore.java:137)
  at org.junit.runner.JUnitCore.run(JUnitCore.java:115)
  at org.gradle.api.internal.tasks.testing.junit.JUnitTestExecutor.runRequest(JUnitTestExecutor.java:175)
  at org.gradle.api.internal.tasks.testing.junit.JUnitTestExecutor.accept(JUnitTestExecutor.java:84)
  at org.gradle.api.internal.tasks.testing.junit.JUnitTestExecutor.accept(JUnitTestExecutor.java:47)
  at org.gradle.api.internal.tasks.testing.junit.AbstractJUnitTestDefinitionProcessor.processTestDefinition(AbstractJUnitTestDefinitionProcessor.java:65)
  at org.gradle.api.internal.tasks.testing.SuiteTestDefinitionProcessor.processTestDefinition(SuiteTestDefinitionProcessor.java:54)
  at java.base/jdk.internal.reflect.DirectMethodHandleAccessor.invoke(DirectMethodHandleAccessor.java:104)
  at java.base/java.lang.reflect.Method.invoke(Method.java:565)
  at org.gradle.internal.dispatch.MethodInvocation.invokeOn(MethodInvocation.java:77)
  at org.gradle.internal.dispatch.ReflectionDispatch.dispatch(ReflectionDispatch.java:28)
  at org.gradle.internal.dispatch.ReflectionDispatch.dispatch(ReflectionDispatch.java:19)
  at org.gradle.internal.dispatch.ContextClassLoaderDispatch.dispatch(ContextClassLoaderDispatch.java:33)
  at org.gradle.internal.dispatch.ProxyDispatchAdapter$DispatchingInvocationHandler.invoke(ProxyDispatchAdapter.java:88)
  at jdk.proxy1/jdk.proxy1.$Proxy4.processTestDefinition(Unknown Source)
  at org.gradle.api.internal.tasks.testing.worker.TestWorker$2.run(TestWorker.java:178)
  at org.gradle.api.internal.tasks.testing.worker.TestWorker.executeAndMaintainThreadName(TestWorker.java:126)
  at org.gradle.api.internal.tasks.testing.worker.TestWorker.execute(TestWorker.java:103)
  at org.gradle.api.internal.tasks.testing.worker.TestWorker.execute(TestWorker.java:63)
  at org.gradle.process.internal.worker.child.ActionExecutionWorker.execute(ActionExecutionWorker.java:56)
  at org.gradle.process.internal.worker.child.SystemApplicationClassLoaderWorker.call(SystemApplicationClassLoaderWorker.java:122)
  at org.gradle.process.internal.worker.child.SystemApplicationClassLoaderWorker.call(SystemApplicationClassLoaderWorker.java:72)
  at worker.org.gradle.process.internal.worker.GradleWorkerMain.run(GradleWorkerMain.java:69)
  at worker.org.gradle.process.internal.worker.GradleWorkerMain.main(GradleWorkerMain.java:74)
</stacktrace>
</test-failure>


TypeScriptCompilerTests_E[jvm] > elidedJSImport2_ts__module_es2022__compiles to JavaScript matching baseline[jvm] FAILED

<test-failure test="com.xemantic.typescript.compiler.TypeScriptCompilerTests_E.exportAssignmentImportMergeNoCrash_ts has expected errors matching exportAssignmentImportMergeNoCrash_errors_txt" platform="jvm">
<message>
--- expected
+++ actual
@@ -1,6 +1,3 @@
-user.ts(1,8): error TS2395: Individual declarations in merged declaration 'Obj' must be all exported or all local.
-user.ts(1,8): error TS2440: Import declaration conflicts with local declaration of 'Obj'.
-user.ts(3,14): error TS2395: Individual declarations in merged declaration 'Obj' must be all exported or all local.
 user.ts(3,25): error TS2448: Block-scoped variable 'Obj' used before its declaration.
 
 
@@ -9,16 +6,10 @@
         foo: 12
     };
     
-==== user.ts (4 errors) ====
+==== user.ts (1 errors) ====
     import Obj from "./assignment";
-           ~~~
-!!! error TS2395: Individual declarations in merged declaration 'Obj' must be all exported or all local.
-           ~~~
-!!! error TS2440: Import declaration conflicts with local declaration of 'Obj'.
     
     export const Obj = void Obj;
-                 ~~~
-!!! error TS2395: Individual declarations in merged declaration 'Obj' must be all exported or all local.
                             ~~~
 !!! error TS2448: Block-scoped variable 'Obj' used before its declaration.
 !!! related TS2728 user.ts:3:14: 'Obj' is declared here.

</message>
<stacktrace>
  at org.junit.Assert.fail(Assert.java:89)
  at kotlin.test.junit.JUnitAsserter.fail(JUnitSupport.kt:56)
  at kotlin.test.AssertionsKt__AssertionsKt.fail(Assertions.kt:563)
  at kotlin.test.AssertionsKt.fail(Unknown Source)
  at com.xemantic.kotlin.test.SameAsKt.sameAs(SameAs.kt:52)
  at com.xemantic.typescript.compiler.TypeScriptTestSupportKt.errorsMatchBaseline(TypeScriptTestSupport.kt:135)
  at com.xemantic.typescript.compiler.TypeScriptCompilerTests_E.exportAssignmentImportMergeNoCrash_ts has expected errors matching exportAssignmentImportMergeNoCrash_errors_txt(TypeScriptCompilerTests_E.kt:4704)
  at java.base/jdk.internal.reflect.DirectMethodHandleAccessor.invoke(DirectMethodHandleAccessor.java:104)
  at java.base/java.lang.reflect.Method.invoke(Method.java:565)
  at org.junit.runners.model.FrameworkMethod$1.runReflectiveCall(FrameworkMethod.java:59)
  at org.junit.internal.runners.model.ReflectiveCallable.run(ReflectiveCallable.java:12)
  at org.junit.runners.model.FrameworkMethod.invokeExplosively(FrameworkMethod.java:56)
  at org.junit.internal.runners.statements.InvokeMethod.evaluate(InvokeMethod.java:17)
  at org.junit.runners.ParentRunner$3.evaluate(ParentRunner.java:306)
  at org.junit.runners.BlockJUnit4ClassRunner$1.evaluate(BlockJUnit4ClassRunner.java:100)
  at org.junit.runners.ParentRunner.runLeaf(ParentRunner.java:366)
  at org.junit.runners.BlockJUnit4ClassRunner.runChild(BlockJUnit4ClassRunner.java:103)
  at org.junit.runners.BlockJUnit4ClassRunner.runChild(BlockJUnit4ClassRunner.java:63)
  at org.junit.runners.ParentRunner$4.run(ParentRunner.java:331)
  at org.junit.runners.ParentRunner$1.schedule(ParentRunner.java:79)
  at org.junit.runners.ParentRunner.runChildren(ParentRunner.java:329)
  at org.junit.runners.ParentRunner.access$100(ParentRunner.java:66)
  at org.junit.runners.ParentRunner$2.evaluate(ParentRunner.java:293)
  at org.junit.runners.ParentRunner$3.evaluate(ParentRunner.java:306)
  at org.junit.runners.ParentRunner.run(ParentRunner.java:413)
  at org.junit.runner.JUnitCore.run(JUnitCore.java:137)
  at org.junit.runner.JUnitCore.run(JUnitCore.java:115)
  at org.gradle.api.internal.tasks.testing.junit.JUnitTestExecutor.runRequest(JUnitTestExecutor.java:175)
  at org.gradle.api.internal.tasks.testing.junit.JUnitTestExecutor.accept(JUnitTestExecutor.java:84)
  at org.gradle.api.internal.tasks.testing.junit.JUnitTestExecutor.accept(JUnitTestExecutor.java:47)
  at org.gradle.api.internal.tasks.testing.junit.AbstractJUnitTestDefinitionProcessor.processTestDefinition(AbstractJUnitTestDefinitionProcessor.java:65)
  at org.gradle.api.internal.tasks.testing.SuiteTestDefinitionProcessor.processTestDefinition(SuiteTestDefinitionProcessor.java:54)
  at java.base/jdk.internal.reflect.DirectMethodHandleAccessor.invoke(DirectMethodHandleAccessor.java:104)
  at java.base/java.lang.reflect.Method.invoke(Method.java:565)
  at org.gradle.internal.dispatch.MethodInvocation.invokeOn(MethodInvocation.java:77)
  at org.gradle.internal.dispatch.ReflectionDispatch.dispatch(ReflectionDispatch.java:28)
  at org.gradle.internal.dispatch.ReflectionDispatch.dispatch(ReflectionDispatch.java:19)
  at org.gradle.internal.dispatch.ContextClassLoaderDispatch.dispatch(ContextClassLoaderDispatch.java:33)
  at org.gradle.internal.dispatch.ProxyDispatchAdapter$DispatchingInvocationHandler.invoke(ProxyDispatchAdapter.java:88)
  at jdk.proxy1/jdk.proxy1.$Proxy4.processTestDefinition(Unknown Source)
  at org.gradle.api.internal.tasks.testing.worker.TestWorker$2.run(TestWorker.java:178)
  at org.gradle.api.internal.tasks.testing.worker.TestWorker.executeAndMaintainThreadName(TestWorker.java:126)
  at org.gradle.api.internal.tasks.testing.worker.TestWorker.execute(TestWorker.java:103)
  at org.gradle.api.internal.tasks.testing.worker.TestWorker.execute(TestWorker.java:63)
  at org.gradle.process.internal.worker.child.ActionExecutionWorker.execute(ActionExecutionWorker.java:56)
  at org.gradle.process.internal.worker.child.SystemApplicationClassLoaderWorker.call(SystemApplicationClassLoaderWorker.java:122)
  at org.gradle.process.internal.worker.child.SystemApplicationClassLoaderWorker.call(SystemApplicationClassLoaderWorker.java:72)
  at worker.org.gradle.process.internal.worker.GradleWorkerMain.run(GradleWorkerMain.java:69)
  at worker.org.gradle.process.internal.worker.GradleWorkerMain.main(GradleWorkerMain.java:74)
</stacktrace>
</test-failure>


TypeScriptCompilerTests_E[jvm] > exportAssignmentImportMergeNoCrash_ts has expected errors matching exportAssignmentImportMergeNoCrash_errors_txt[jvm] FAILED

<test-failure test="com.xemantic.typescript.compiler.TypeScriptCompilerTests_E.es5ModuleInternalNamedImports_ts__target_es2015__has expected errors matching baseline" platform="jvm">
<message>
--- expected
+++ actual
@@ -1,18 +1,7 @@
-es5ModuleInternalNamedImports.ts(22,5): error TS1194: Export declarations are not permitted in a namespace.
-es5ModuleInternalNamedImports.ts(23,5): error TS1194: Export declarations are not permitted in a namespace.
-es5ModuleInternalNamedImports.ts(24,5): error TS1194: Export declarations are not permitted in a namespace.
-es5ModuleInternalNamedImports.ts(25,5): error TS1194: Export declarations are not permitted in a namespace.
-es5ModuleInternalNamedImports.ts(26,5): error TS1194: Export declarations are not permitted in a namespace.
-es5ModuleInternalNamedImports.ts(27,5): error TS1194: Export declarations are not permitted in a namespace.
-es5ModuleInternalNamedImports.ts(28,5): error TS1194: Export declarations are not permitted in a namespace.
-es5ModuleInternalNamedImports.ts(29,5): error TS1194: Export declarations are not permitted in a namespace.
-es5ModuleInternalNamedImports.ts(30,25): error TS1147: Import declarations in a namespace cannot reference a module.
-es5ModuleInternalNamedImports.ts(31,20): error TS1147: Import declarations in a namespace cannot reference a module.
-es5ModuleInternalNamedImports.ts(32,32): error TS1147: Import declarations in a namespace cannot reference a module.
 es5ModuleInternalNamedImports.ts(34,16): error TS2307: Cannot find module 'M3' or its corresponding type declarations.
 
 
-==== es5ModuleInternalNamedImports.ts (12 errors) ====
+==== es5ModuleInternalNamedImports.ts (1 errors) ====
     export namespace M {
         // variable
         export var M_V = 0;
@@ -35,38 +24,16 @@
     
         // Reexports
         export {M_V as v};
-        ~~~~~~~~~~~~~~~~~~
-!!! error TS1194: Export declarations are not permitted in a namespace.
         export {M_I as i};
-        ~~~~~~~~~~~~~~~~~~
-!!! error TS1194: Export declarations are not permitted in a namespace.
         export {M_C as c};
-        ~~~~~~~~~~~~~~~~~~
-!!! error TS1194: Export declarations are not permitted in a namespace.
         export {M_M as m};
-        ~~~~~~~~~~~~~~~~~~
-!!! error TS1194: Export declarations are not permitted in a namespace.
         export {M_MU as mu};
-        ~~~~~~~~~~~~~~~~~~~~
-!!! error TS1194: Export declarations are not permitted in a namespace.
         export {M_F as f};
-        ~~~~~~~~~~~~~~~~~~
-!!! error TS1194: Export declarations are not permitted in a namespace.
         export {M_E as e};
-        ~~~~~~~~~~~~~~~~~~
-!!! error TS1194: Export declarations are not permitted in a namespace.
         export {M_A as a};
-        ~~~~~~~~~~~~~~~~~~
-!!! error TS1194: Export declarations are not permitted in a namespace.
         import * as M2 from "M2";
-                            ~~~~
-!!! error TS1147: Import declarations in a namespace cannot reference a module.
         import M4 from "M4";
-                       ~~~~
-!!! error TS1147: Import declarations in a namespace cannot reference a module.
         export import M5 = require("M5");
-                                   ~~~~
-!!! error TS1147: Import declarations in a namespace cannot reference a module.
     }
     import M3 from "M3";
                    ~~~~

</message>
<stacktrace>
  at org.junit.Assert.fail(Assert.java:89)
  at kotlin.test.junit.JUnitAsserter.fail(JUnitSupport.kt:56)
  at kotlin.test.AssertionsKt__AssertionsKt.fail(Assertions.kt:563)
  at kotlin.test.AssertionsKt.fail(Unknown Source)
  at com.xemantic.kotlin.test.SameAsKt.sameAs(SameAs.kt:52)
  at com.xemantic.typescript.compiler.TypeScriptTestSupportKt.errorsMatchBaseline(TypeScriptTestSupport.kt:135)
  at com.xemantic.typescript.compiler.TypeScriptCompilerTests_E.es5ModuleInternalNamedImports_ts__target_es2015__has expected errors matching baseline(TypeScriptCompilerTests_E.kt:2625)
  at java.base/jdk.internal.reflect.DirectMethodHandleAccessor.invoke(DirectMethodHandleAccessor.java:104)
  at java.base/java.lang.reflect.Method.invoke(Method.java:565)
  at org.junit.runners.model.FrameworkMethod$1.runReflectiveCall(FrameworkMethod.java:59)
  at org.junit.internal.runners.model.ReflectiveCallable.run(ReflectiveCallable.java:12)
  at org.junit.runners.model.FrameworkMethod.invokeExplosively(FrameworkMethod.java:56)
  at org.junit.internal.runners.statements.InvokeMethod.evaluate(InvokeMethod.java:17)
  at org.junit.runners.ParentRunner$3.evaluate(ParentRunner.java:306)
  at org.junit.runners.BlockJUnit4ClassRunner$1.evaluate(BlockJUnit4ClassRunner.java:100)
  at org.junit.runners.ParentRunner.runLeaf(ParentRunner.java:366)
  at org.junit.runners.BlockJUnit4ClassRunner.runChild(BlockJUnit4ClassRunner.java:103)
  at org.junit.runners.BlockJUnit4ClassRunner.runChild(BlockJUnit4ClassRunner.java:63)
  at org.junit.runners.ParentRunner$4.run(ParentRunner.java:331)
  at org.junit.runners.ParentRunner$1.schedule(ParentRunner.java:79)
  at org.junit.runners.ParentRunner.runChildren(ParentRunner.java:329)
  at org.junit.runners.ParentRunner.access$100(ParentRunner.java:66)
  at org.junit.runners.ParentRunner$2.evaluate(ParentRunner.java:293)
  at org.junit.runners.ParentRunner$3.evaluate(ParentRunner.java:306)
  at org.junit.runners.ParentRunner.run(ParentRunner.java:413)
  at org.junit.runner.JUnitCore.run(JUnitCore.java:137)
  at org.junit.runner.JUnitCore.run(JUnitCore.java:115)
  at org.gradle.api.internal.tasks.testing.junit.JUnitTestExecutor.runRequest(JUnitTestExecutor.java:175)
  at org.gradle.api.internal.tasks.testing.junit.JUnitTestExecutor.accept(JUnitTestExecutor.java:84)
  at org.gradle.api.internal.tasks.testing.junit.JUnitTestExecutor.accept(JUnitTestExecutor.java:47)
  at org.gradle.api.internal.tasks.testing.junit.AbstractJUnitTestDefinitionProcessor.processTestDefinition(AbstractJUnitTestDefinitionProcessor.java:65)
  at org.gradle.api.internal.tasks.testing.SuiteTestDefinitionProcessor.processTestDefinition(SuiteTestDefinitionProcessor.java:54)
  at java.base/jdk.internal.reflect.DirectMethodHandleAccessor.invoke(DirectMethodHandleAccessor.java:104)
  at java.base/java.lang.reflect.Method.invoke(Method.java:565)
  at org.gradle.internal.dispatch.MethodInvocation.invokeOn(MethodInvocation.java:77)
  at org.gradle.internal.dispatch.ReflectionDispatch.dispatch(ReflectionDispatch.java:28)
  at org.gradle.internal.dispatch.ReflectionDispatch.dispatch(ReflectionDispatch.java:19)
  at org.gradle.internal.dispatch.ContextClassLoaderDispatch.dispatch(ContextClassLoaderDispatch.java:33)
  at org.gradle.internal.dispatch.ProxyDispatchAdapter$DispatchingInvocationHandler.invoke(ProxyDispatchAdapter.java:88)
  at jdk.proxy1/jdk.proxy1.$Proxy4.processTestDefinition(Unknown Source)
  at org.gradle.api.internal.tasks.testing.worker.TestWorker$2.run(TestWorker.java:178)
  at org.gradle.api.internal.tasks.testing.worker.TestWorker.executeAndMaintainThreadName(TestWorker.java:126)
  at org.gradle.api.internal.tasks.testing.worker.TestWorker.execute(TestWorker.java:103)
  at org.gradle.api.internal.tasks.testing.worker.TestWorker.execute(TestWorker.java:63)
  at org.gradle.process.internal.worker.child.ActionExecutionWorker.execute(ActionExecutionWorker.java:56)
  at org.gradle.process.internal.worker.child.SystemApplicationClassLoaderWorker.call(SystemApplicationClassLoaderWorker.java:122)
  at org.gradle.process.internal.worker.child.SystemApplicationClassLoaderWorker.call(SystemApplicationClassLoaderWorker.java:72)
  at worker.org.gradle.process.internal.worker.GradleWorkerMain.run(GradleWorkerMain.java:69)
  at worker.org.gradle.process.internal.worker.GradleWorkerMain.main(GradleWorkerMain.java:74)
</stacktrace>
</test-failure>


TypeScriptCompilerTests_E[jvm] > es5ModuleInternalNamedImports_ts__target_es2015__has expected errors matching baseline[jvm] FAILED

<test-failure test="com.xemantic.typescript.compiler.TypeScriptCompilerTests_E.exportSpecifierReferencingOuterDeclaration1_ts has expected errors matching exportSpecifierReferencingOuterDeclaration1_errors_txt" platform="jvm">
<message>
Expected diagnostics from baseline typescript-repo/tests/baselines/reference/exportSpecifierReferencingOuterDeclaration1.errors.txt but none produced
</message>
<stacktrace>
  at com.xemantic.typescript.compiler.TypeScriptTestSupportKt.errorsMatchBaseline(TypeScriptTestSupport.kt:125)
  at com.xemantic.typescript.compiler.TypeScriptCompilerTests_E.exportSpecifierReferencingOuterDeclaration1_ts has expected errors matching exportSpecifierReferencingOuterDeclaration1_errors_txt(TypeScriptCompilerTests_E.kt:5859)
  at java.base/jdk.internal.reflect.DirectMethodHandleAccessor.invoke(DirectMethodHandleAccessor.java:104)
  at java.base/java.lang.reflect.Method.invoke(Method.java:565)
  at org.junit.runners.model.FrameworkMethod$1.runReflectiveCall(FrameworkMethod.java:59)
  at org.junit.internal.runners.model.ReflectiveCallable.run(ReflectiveCallable.java:12)
  at org.junit.runners.model.FrameworkMethod.invokeExplosively(FrameworkMethod.java:56)
  at org.junit.internal.runners.statements.InvokeMethod.evaluate(InvokeMethod.java:17)
  at org.junit.runners.ParentRunner$3.evaluate(ParentRunner.java:306)
  at org.junit.runners.BlockJUnit4ClassRunner$1.evaluate(BlockJUnit4ClassRunner.java:100)
  at org.junit.runners.ParentRunner.runLeaf(ParentRunner.java:366)
  at org.junit.runners.BlockJUnit4ClassRunner.runChild(BlockJUnit4ClassRunner.java:103)
  at org.junit.runners.BlockJUnit4ClassRunner.runChild(BlockJUnit4ClassRunner.java:63)
  at org.junit.runners.ParentRunner$4.run(ParentRunner.java:331)
  at org.junit.runners.ParentRunner$1.schedule(ParentRunner.java:79)
  at org.junit.runners.ParentRunner.runChildren(ParentRunner.java:329)
  at org.junit.runners.ParentRunner.access$100(ParentRunner.java:66)
  at org.junit.runners.ParentRunner$2.evaluate(ParentRunner.java:293)
  at org.junit.runners.ParentRunner$3.evaluate(ParentRunner.java:306)
  at org.junit.runners.ParentRunner.run(ParentRunner.java:413)
  at org.junit.runner.JUnitCore.run(JUnitCore.java:137)
  at org.junit.runner.JUnitCore.run(JUnitCore.java:115)
  at org.gradle.api.internal.tasks.testing.junit.JUnitTestExecutor.runRequest(JUnitTestExecutor.java:175)
  at org.gradle.api.internal.tasks.testing.junit.JUnitTestExecutor.accept(JUnitTestExecutor.java:84)
  at org.gradle.api.internal.tasks.testing.junit.JUnitTestExecutor.accept(JUnitTestExecutor.java:47)
  at org.gradle.api.internal.tasks.testing.junit.AbstractJUnitTestDefinitionProcessor.processTestDefinition(AbstractJUnitTestDefinitionProcessor.java:65)
  at org.gradle.api.internal.tasks.testing.SuiteTestDefinitionProcessor.processTestDefinition(SuiteTestDefinitionProcessor.java:54)
  at java.base/jdk.internal.reflect.DirectMethodHandleAccessor.invoke(DirectMethodHandleAccessor.java:104)
  at java.base/java.lang.reflect.Method.invoke(Method.java:565)
  at org.gradle.internal.dispatch.MethodInvocation.invokeOn(MethodInvocation.java:77)
  at org.gradle.internal.dispatch.ReflectionDispatch.dispatch(ReflectionDispatch.java:28)
  at org.gradle.internal.dispatch.ReflectionDispatch.dispatch(ReflectionDispatch.java:19)
  at org.gradle.internal.dispatch.ContextClassLoaderDispatch.dispatch(ContextClassLoaderDispatch.java:33)
  at org.gradle.internal.dispatch.ProxyDispatchAdapter$DispatchingInvocationHandler.invoke(ProxyDispatchAdapter.java:88)
  at jdk.proxy1/jdk.proxy1.$Proxy4.processTestDefinition(Unknown Source)
  at org.gradle.api.internal.tasks.testing.worker.TestWorker$2.run(TestWorker.java:178)
  at org.gradle.api.internal.tasks.testing.worker.TestWorker.executeAndMaintainThreadName(TestWorker.java:126)
  at org.gradle.api.internal.tasks.testing.worker.TestWorker.execute(TestWorker.java:103)
  at org.gradle.api.internal.tasks.testing.worker.TestWorker.execute(TestWorker.java:63)
  at org.gradle.process.internal.worker.child.ActionExecutionWorker.execute(ActionExecutionWorker.java:56)
  at org.gradle.process.internal.worker.child.SystemApplicationClassLoaderWorker.call(SystemApplicationClassLoaderWorker.java:122)
  at org.gradle.process.internal.worker.child.SystemApplicationClassLoaderWorker.call(SystemApplicationClassLoaderWorker.java:72)
  at worker.org.gradle.process.internal.worker.GradleWorkerMain.run(GradleWorkerMain.java:69)
  at worker.org.gradle.process.internal.worker.GradleWorkerMain.main(GradleWorkerMain.java:74)
</stacktrace>
</test-failure>


TypeScriptCompilerTests_E[jvm] > exportSpecifierReferencingOuterDeclaration1_ts has expected errors matching exportSpecifierReferencingOuterDeclaration1_errors_txt[jvm] FAILED

<test-failure test="com.xemantic.typescript.compiler.TypeScriptCompilerTests_E.enumNoInitializerFollowsNonLiteralInitializer_ts has expected errors matching enumNoInitializerFollowsNonLiteralInitializer_errors_txt" platform="jvm">
<message>
Expected diagnostics from baseline typescript-repo/tests/baselines/reference/enumNoInitializerFollowsNonLiteralInitializer.errors.txt but none produced
</message>
<stacktrace>
  at com.xemantic.typescript.compiler.TypeScriptTestSupportKt.errorsMatchBaseline(TypeScriptTestSupport.kt:125)
  at com.xemantic.typescript.compiler.TypeScriptCompilerTests_E.enumNoInitializerFollowsNonLiteralInitializer_ts has expected errors matching enumNoInitializerFollowsNonLiteralInitializer_errors_txt(TypeScriptCompilerTests_E.kt:1001)
  at java.base/jdk.internal.reflect.DirectMethodHandleAccessor.invoke(DirectMethodHandleAccessor.java:104)
  at java.base/java.lang.reflect.Method.invoke(Method.java:565)
  at org.junit.runners.model.FrameworkMethod$1.runReflectiveCall(FrameworkMethod.java:59)
  at org.junit.internal.runners.model.ReflectiveCallable.run(ReflectiveCallable.java:12)
  at org.junit.runners.model.FrameworkMethod.invokeExplosively(FrameworkMethod.java:56)
  at org.junit.internal.runners.statements.InvokeMethod.evaluate(InvokeMethod.java:17)
  at org.junit.runners.ParentRunner$3.evaluate(ParentRunner.java:306)
  at org.junit.runners.BlockJUnit4ClassRunner$1.evaluate(BlockJUnit4ClassRunner.java:100)
  at org.junit.runners.ParentRunner.runLeaf(ParentRunner.java:366)
  at org.junit.runners.BlockJUnit4ClassRunner.runChild(BlockJUnit4ClassRunner.java:103)
  at org.junit.runners.BlockJUnit4ClassRunner.runChild(BlockJUnit4ClassRunner.java:63)
  at org.junit.runners.ParentRunner$4.run(ParentRunner.java:331)
  at org.junit.runners.ParentRunner$1.schedule(ParentRunner.java:79)
  at org.junit.runners.ParentRunner.runChildren(ParentRunner.java:329)
  at org.junit.runners.ParentRunner.access$100(ParentRunner.java:66)
  at org.junit.runners.ParentRunner$2.evaluate(ParentRunner.java:293)
  at org.junit.runners.ParentRunner$3.evaluate(ParentRunner.java:306)
  at org.junit.runners.ParentRunner.run(ParentRunner.java:413)
  at org.junit.runner.JUnitCore.run(JUnitCore.java:137)
  at org.junit.runner.JUnitCore.run(JUnitCore.java:115)
  at org.gradle.api.internal.tasks.testing.junit.JUnitTestExecutor.runRequest(JUnitTestExecutor.java:175)
  at org.gradle.api.internal.tasks.testing.junit.JUnitTestExecutor.accept(JUnitTestExecutor.java:84)
  at org.gradle.api.internal.tasks.testing.junit.JUnitTestExecutor.accept(JUnitTestExecutor.java:47)
  at org.gradle.api.internal.tasks.testing.junit.AbstractJUnitTestDefinitionProcessor.processTestDefinition(AbstractJUnitTestDefinitionProcessor.java:65)
  at org.gradle.api.internal.tasks.testing.SuiteTestDefinitionProcessor.processTestDefinition(SuiteTestDefinitionProcessor.java:54)
  at java.base/jdk.internal.reflect.DirectMethodHandleAccessor.invoke(DirectMethodHandleAccessor.java:104)
  at java.base/java.lang.reflect.Method.invoke(Method.java:565)
  at org.gradle.internal.dispatch.MethodInvocation.invokeOn(MethodInvocation.java:77)
  at org.gradle.internal.dispatch.ReflectionDispatch.dispatch(ReflectionDispatch.java:28)
  at org.gradle.internal.dispatch.ReflectionDispatch.dispatch(ReflectionDispatch.java:19)
  at org.gradle.internal.dispatch.ContextClassLoaderDispatch.dispatch(ContextClassLoaderDispatch.java:33)
  at org.gradle.internal.dispatch.ProxyDispatchAdapter$DispatchingInvocationHandler.invoke(ProxyDispatchAdapter.java:88)
  at jdk.proxy1/jdk.proxy1.$Proxy4.processTestDefinition(Unknown Source)
  at org.gradle.api.internal.tasks.testing.worker.TestWorker$2.run(TestWorker.java:178)
  at org.gradle.api.internal.tasks.testing.worker.TestWorker.executeAndMaintainThreadName(TestWorker.java:126)
  at org.gradle.api.internal.tasks.testing.worker.TestWorker.execute(TestWorker.java:103)
  at org.gradle.api.internal.tasks.testing.worker.TestWorker.execute(TestWorker.java:63)
  at org.gradle.process.internal.worker.child.ActionExecutionWorker.execute(ActionExecutionWorker.java:56)
  at org.gradle.process.internal.worker.child.SystemApplicationClassLoaderWorker.call(SystemApplicationClassLoaderWorker.java:122)
  at org.gradle.process.internal.worker.child.SystemApplicationClassLoaderWorker.call(SystemApplicationClassLoaderWorker.java:72)
  at worker.org.gradle.process.internal.worker.GradleWorkerMain.run(GradleWorkerMain.java:69)
  at worker.org.gradle.process.internal.worker.GradleWorkerMain.main(GradleWorkerMain.java:74)
</stacktrace>
</test-failure>


TypeScriptCompilerTests_E[jvm] > enumNoInitializerFollowsNonLiteralInitializer_ts has expected errors matching enumNoInitializerFollowsNonLiteralInitializer_errors_txt[jvm] FAILED

<test-failure test="com.xemantic.typescript.compiler.TypeScriptCompilerTests_E.emitMemberAccessExpression_ts compiles to JavaScript matching emitMemberAccessExpression_js" platform="jvm">
<message>
--- expected
+++ actual
@@ -24,6 +24,9 @@
     }
 }
 
+//// [emitMemberAccessExpression_file1.js]
+/// <reference path="emitMemberAccessExpression_file3.ts" />
+"use strict";
 //// [emitMemberAccessExpression_file2.js]
 /// <reference path="emitMemberAccessExpression_file3.ts" />
 "use strict";
@@ -42,9 +45,6 @@
         })(Model = PeopleAtWork.Model || (PeopleAtWork.Model = {}));
     })(PeopleAtWork = Microsoft.PeopleAtWork || (Microsoft.PeopleAtWork = {}));
 })(Microsoft || (Microsoft = {}));
-//// [emitMemberAccessExpression_file1.js]
-/// <reference path="emitMemberAccessExpression_file3.ts" />
-"use strict";
 //// [emitMemberAccessExpression_file3.js]
 "use strict";
 /// <reference path="emitMemberAccessExpression_file2.ts" />

</message>
<stacktrace>
  at org.junit.Assert.fail(Assert.java:89)
  at kotlin.test.junit.JUnitAsserter.fail(JUnitSupport.kt:56)
  at kotlin.test.AssertionsKt__AssertionsKt.fail(Assertions.kt:563)
  at kotlin.test.AssertionsKt.fail(Unknown Source)
  at com.xemantic.kotlin.test.SameAsKt.sameAs(SameAs.kt:52)
  at com.xemantic.typescript.compiler.TypeScriptTestSupportKt.sameAs(TypeScriptTestSupport.kt:99)
  at com.xemantic.typescript.compiler.TypeScriptCompilerTests_E.emitMemberAccessExpression_ts compiles to JavaScript matching emitMemberAccessExpression_js(TypeScriptCompilerTests_E.kt:343)
  at java.base/jdk.internal.reflect.DirectMethodHandleAccessor.invoke(DirectMethodHandleAccessor.java:104)
  at java.base/java.lang.reflect.Method.invoke(Method.java:565)
  at org.junit.runners.model.FrameworkMethod$1.runReflectiveCall(FrameworkMethod.java:59)
  at org.junit.internal.runners.model.ReflectiveCallable.run(ReflectiveCallable.java:12)
  at org.junit.runners.model.FrameworkMethod.invokeExplosively(FrameworkMethod.java:56)
  at org.junit.internal.runners.statements.InvokeMethod.evaluate(InvokeMethod.java:17)
  at org.junit.runners.ParentRunner$3.evaluate(ParentRunner.java:306)
  at org.junit.runners.BlockJUnit4ClassRunner$1.evaluate(BlockJUnit4ClassRunner.java:100)
  at org.junit.runners.ParentRunner.runLeaf(ParentRunner.java:366)
  at org.junit.runners.BlockJUnit4ClassRunner.runChild(BlockJUnit4ClassRunner.java:103)
  at org.junit.runners.BlockJUnit4ClassRunner.runChild(BlockJUnit4ClassRunner.java:63)
  at org.junit.runners.ParentRunner$4.run(ParentRunner.java:331)
  at org.junit.runners.ParentRunner$1.schedule(ParentRunner.java:79)
  at org.junit.runners.ParentRunner.runChildren(ParentRunner.java:329)
  at org.junit.runners.ParentRunner.access$100(ParentRunner.java:66)
  at org.junit.runners.ParentRunner$2.evaluate(ParentRunner.java:293)
  at org.junit.runners.ParentRunner$3.evaluate(ParentRunner.java:306)
  at org.junit.runners.ParentRunner.run(ParentRunner.java:413)
  at org.junit.runner.JUnitCore.run(JUnitCore.java:137)
  at org.junit.runner.JUnitCore.run(JUnitCore.java:115)
  at org.gradle.api.internal.tasks.testing.junit.JUnitTestExecutor.runRequest(JUnitTestExecutor.java:175)
  at org.gradle.api.internal.tasks.testing.junit.JUnitTestExecutor.accept(JUnitTestExecutor.java:84)
  at org.gradle.api.internal.tasks.testing.junit.JUnitTestExecutor.accept(JUnitTestExecutor.java:47)
  at org.gradle.api.internal.tasks.testing.junit.AbstractJUnitTestDefinitionProcessor.processTestDefinition(AbstractJUnitTestDefinitionProcessor.java:65)
  at org.gradle.api.internal.tasks.testing.SuiteTestDefinitionProcessor.processTestDefinition(SuiteTestDefinitionProcessor.java:54)
  at java.base/jdk.internal.reflect.DirectMethodHandleAccessor.invoke(DirectMethodHandleAccessor.java:104)
  at java.base/java.lang.reflect.Method.invoke(Method.java:565)
  at org.gradle.internal.dispatch.MethodInvocation.invokeOn(MethodInvocation.java:77)
  at org.gradle.internal.dispatch.ReflectionDispatch.dispatch(ReflectionDispatch.java:28)
  at org.gradle.internal.dispatch.ReflectionDispatch.dispatch(ReflectionDispatch.java:19)
  at org.gradle.internal.dispatch.ContextClassLoaderDispatch.dispatch(ContextClassLoaderDispatch.java:33)
  at org.gradle.internal.dispatch.ProxyDispatchAdapter$DispatchingInvocationHandler.invoke(ProxyDispatchAdapter.java:88)
  at jdk.proxy1/jdk.proxy1.$Proxy4.processTestDefinition(Unknown Source)
  at org.gradle.api.internal.tasks.testing.worker.TestWorker$2.run(TestWorker.java:178)
  at org.gradle.api.internal.tasks.testing.worker.TestWorker.executeAndMaintainThreadName(TestWorker.java:126)
  at org.gradle.api.internal.tasks.testing.worker.TestWorker.execute(TestWorker.java:103)
  at org.gradle.api.internal.tasks.testing.worker.TestWorker.execute(TestWorker.java:63)
  at org.gradle.process.internal.worker.child.ActionExecutionWorker.execute(ActionExecutionWorker.java:56)
  at org.gradle.process.internal.worker.child.SystemApplicationClassLoaderWorker.call(SystemApplicationClassLoaderWorker.java:122)
  at org.gradle.process.internal.worker.child.SystemApplicationClassLoaderWorker.call(SystemApplicationClassLoaderWorker.java:72)
  at worker.org.gradle.process.internal.worker.GradleWorkerMain.run(GradleWorkerMain.java:69)
  at worker.org.gradle.process.internal.worker.GradleWorkerMain.main(GradleWorkerMain.java:74)
</stacktrace>
</test-failure>


TypeScriptCompilerTests_E[jvm] > emitMemberAccessExpression_ts compiles to JavaScript matching emitMemberAccessExpression_js[jvm] FAILED

<test-failure test="com.xemantic.typescript.compiler.TypeScriptCompilerTests_E.extendGenericArray2_ts has expected errors matching extendGenericArray2_errors_txt" platform="jvm">
<message>
Expected diagnostics from baseline typescript-repo/tests/baselines/reference/extendGenericArray2.errors.txt but none produced
</message>
<stacktrace>
  at com.xemantic.typescript.compiler.TypeScriptTestSupportKt.errorsMatchBaseline(TypeScriptTestSupport.kt:125)
  at com.xemantic.typescript.compiler.TypeScriptCompilerTests_E.extendGenericArray2_ts has expected errors matching extendGenericArray2_errors_txt(TypeScriptCompilerTests_E.kt:6377)
  at java.base/jdk.internal.reflect.DirectMethodHandleAccessor.invoke(DirectMethodHandleAccessor.java:104)
  at java.base/java.lang.reflect.Method.invoke(Method.java:565)
  at org.junit.runners.model.FrameworkMethod$1.runReflectiveCall(FrameworkMethod.java:59)
  at org.junit.internal.runners.model.ReflectiveCallable.run(ReflectiveCallable.java:12)
  at org.junit.runners.model.FrameworkMethod.invokeExplosively(FrameworkMethod.java:56)
  at org.junit.internal.runners.statements.InvokeMethod.evaluate(InvokeMethod.java:17)
  at org.junit.runners.ParentRunner$3.evaluate(ParentRunner.java:306)
  at org.junit.runners.BlockJUnit4ClassRunner$1.evaluate(BlockJUnit4ClassRunner.java:100)
  at org.junit.runners.ParentRunner.runLeaf(ParentRunner.java:366)
  at org.junit.runners.BlockJUnit4ClassRunner.runChild(BlockJUnit4ClassRunner.java:103)
  at org.junit.runners.BlockJUnit4ClassRunner.runChild(BlockJUnit4ClassRunner.java:63)
  at org.junit.runners.ParentRunner$4.run(ParentRunner.java:331)
  at org.junit.runners.ParentRunner$1.schedule(ParentRunner.java:79)
  at org.junit.runners.ParentRunner.runChildren(ParentRunner.java:329)
  at org.junit.runners.ParentRunner.access$100(ParentRunner.java:66)
  at org.junit.runners.ParentRunner$2.evaluate(ParentRunner.java:293)
  at org.junit.runners.ParentRunner$3.evaluate(ParentRunner.java:306)
  at org.junit.runners.ParentRunner.run(ParentRunner.java:413)
  at org.junit.runner.JUnitCore.run(JUnitCore.java:137)
  at org.junit.runner.JUnitCore.run(JUnitCore.java:115)
  at org.gradle.api.internal.tasks.testing.junit.JUnitTestExecutor.runRequest(JUnitTestExecutor.java:175)
  at org.gradle.api.internal.tasks.testing.junit.JUnitTestExecutor.accept(JUnitTestExecutor.java:84)
  at org.gradle.api.internal.tasks.testing.junit.JUnitTestExecutor.accept(JUnitTestExecutor.java:47)
  at org.gradle.api.internal.tasks.testing.junit.AbstractJUnitTestDefinitionProcessor.processTestDefinition(AbstractJUnitTestDefinitionProcessor.java:65)
  at org.gradle.api.internal.tasks.testing.SuiteTestDefinitionProcessor.processTestDefinition(SuiteTestDefinitionProcessor.java:54)
  at java.base/jdk.internal.reflect.DirectMethodHandleAccessor.invoke(DirectMethodHandleAccessor.java:104)
  at java.base/java.lang.reflect.Method.invoke(Method.java:565)
  at org.gradle.internal.dispatch.MethodInvocation.invokeOn(MethodInvocation.java:77)
  at org.gradle.internal.dispatch.ReflectionDispatch.dispatch(ReflectionDispatch.java:28)
  at org.gradle.internal.dispatch.ReflectionDispatch.dispatch(ReflectionDispatch.java:19)
  at org.gradle.internal.dispatch.ContextClassLoaderDispatch.dispatch(ContextClassLoaderDispatch.java:33)
  at org.gradle.internal.dispatch.ProxyDispatchAdapter$DispatchingInvocationHandler.invoke(ProxyDispatchAdapter.java:88)
  at jdk.proxy1/jdk.proxy1.$Proxy4.processTestDefinition(Unknown Source)
  at org.gradle.api.internal.tasks.testing.worker.TestWorker$2.run(TestWorker.java:178)
  at org.gradle.api.internal.tasks.testing.worker.TestWorker.executeAndMaintainThreadName(TestWorker.java:126)
  at org.gradle.api.internal.tasks.testing.worker.TestWorker.execute(TestWorker.java:103)
  at org.gradle.api.internal.tasks.testing.worker.TestWorker.execute(TestWorker.java:63)
  at org.gradle.process.internal.worker.child.ActionExecutionWorker.execute(ActionExecutionWorker.java:56)
  at org.gradle.process.internal.worker.child.SystemApplicationClassLoaderWorker.call(SystemApplicationClassLoaderWorker.java:122)
  at org.gradle.process.internal.worker.child.SystemApplicationClassLoaderWorker.call(SystemApplicationClassLoaderWorker.java:72)
  at worker.org.gradle.process.internal.worker.GradleWorkerMain.run(GradleWorkerMain.java:69)
  at worker.org.gradle.process.internal.worker.GradleWorkerMain.main(GradleWorkerMain.java:74)
</stacktrace>
</test-failure>


TypeScriptCompilerTests_E[jvm] > extendGenericArray2_ts has expected errors matching extendGenericArray2_errors_txt[jvm] FAILED

<test-failure test="com.xemantic.typescript.compiler.TypeScriptCompilerTests_E.emitClassExpressionInDeclarationFile2_ts has expected errors matching emitClassExpressionInDeclarationFile2_errors_txt" platform="jvm">
<message>
Expected diagnostics from baseline typescript-repo/tests/baselines/reference/emitClassExpressionInDeclarationFile2.errors.txt but none produced
</message>
<stacktrace>
  at com.xemantic.typescript.compiler.TypeScriptTestSupportKt.errorsMatchBaseline(TypeScriptTestSupport.kt:125)
  at com.xemantic.typescript.compiler.TypeScriptCompilerTests_E.emitClassExpressionInDeclarationFile2_ts has expected errors matching emitClassExpressionInDeclarationFile2_errors_txt(TypeScriptCompilerTests_E.kt:273)
  at java.base/jdk.internal.reflect.DirectMethodHandleAccessor.invoke(DirectMethodHandleAccessor.java:104)
  at java.base/java.lang.reflect.Method.invoke(Method.java:565)
  at org.junit.runners.model.FrameworkMethod$1.runReflectiveCall(FrameworkMethod.java:59)
  at org.junit.internal.runners.model.ReflectiveCallable.run(ReflectiveCallable.java:12)
  at org.junit.runners.model.FrameworkMethod.invokeExplosively(FrameworkMethod.java:56)
  at org.junit.internal.runners.statements.InvokeMethod.evaluate(InvokeMethod.java:17)
  at org.junit.runners.ParentRunner$3.evaluate(ParentRunner.java:306)
  at org.junit.runners.BlockJUnit4ClassRunner$1.evaluate(BlockJUnit4ClassRunner.java:100)
  at org.junit.runners.ParentRunner.runLeaf(ParentRunner.java:366)
  at org.junit.runners.BlockJUnit4ClassRunner.runChild(BlockJUnit4ClassRunner.java:103)
  at org.junit.runners.BlockJUnit4ClassRunner.runChild(BlockJUnit4ClassRunner.java:63)
  at org.junit.runners.ParentRunner$4.run(ParentRunner.java:331)
  at org.junit.runners.ParentRunner$1.schedule(ParentRunner.java:79)
  at org.junit.runners.ParentRunner.runChildren(ParentRunner.java:329)
  at org.junit.runners.ParentRunner.access$100(ParentRunner.java:66)
  at org.junit.runners.ParentRunner$2.evaluate(ParentRunner.java:293)
  at org.junit.runners.ParentRunner$3.evaluate(ParentRunner.java:306)
  at org.junit.runners.ParentRunner.run(ParentRunner.java:413)
  at org.junit.runner.JUnitCore.run(JUnitCore.java:137)
  at org.junit.runner.JUnitCore.run(JUnitCore.java:115)
  at org.gradle.api.internal.tasks.testing.junit.JUnitTestExecutor.runRequest(JUnitTestExecutor.java:175)
  at org.gradle.api.internal.tasks.testing.junit.JUnitTestExecutor.accept(JUnitTestExecutor.java:84)
  at org.gradle.api.internal.tasks.testing.junit.JUnitTestExecutor.accept(JUnitTestExecutor.java:47)
  at org.gradle.api.internal.tasks.testing.junit.AbstractJUnitTestDefinitionProcessor.processTestDefinition(AbstractJUnitTestDefinitionProcessor.java:65)
  at org.gradle.api.internal.tasks.testing.SuiteTestDefinitionProcessor.processTestDefinition(SuiteTestDefinitionProcessor.java:54)
  at java.base/jdk.internal.reflect.DirectMethodHandleAccessor.invoke(DirectMethodHandleAccessor.java:104)
  at java.base/java.lang.reflect.Method.invoke(Method.java:565)
  at org.gradle.internal.dispatch.MethodInvocation.invokeOn(MethodInvocation.java:77)
  at org.gradle.internal.dispatch.ReflectionDispatch.dispatch(ReflectionDispatch.java:28)
  at org.gradle.internal.dispatch.ReflectionDispatch.dispatch(ReflectionDispatch.java:19)
  at org.gradle.internal.dispatch.ContextClassLoaderDispatch.dispatch(ContextClassLoaderDispatch.java:33)
  at org.gradle.internal.dispatch.ProxyDispatchAdapter$DispatchingInvocationHandler.invoke(ProxyDispatchAdapter.java:88)
  at jdk.proxy1/jdk.proxy1.$Proxy4.processTestDefinition(Unknown Source)
  at org.gradle.api.internal.tasks.testing.worker.TestWorker$2.run(TestWorker.java:178)
  at org.gradle.api.internal.tasks.testing.worker.TestWorker.executeAndMaintainThreadName(TestWorker.java:126)
  at org.gradle.api.internal.tasks.testing.worker.TestWorker.execute(TestWorker.java:103)
  at org.gradle.api.internal.tasks.testing.worker.TestWorker.execute(TestWorker.java:63)
  at org.gradle.process.internal.worker.child.ActionExecutionWorker.execute(ActionExecutionWorker.java:56)
  at org.gradle.process.internal.worker.child.SystemApplicationClassLoaderWorker.call(SystemApplicationClassLoaderWorker.java:122)
  at org.gradle.process.internal.worker.child.SystemApplicationClassLoaderWorker.call(SystemApplicationClassLoaderWorker.java:72)
  at worker.org.gradle.process.internal.worker.GradleWorkerMain.run(GradleWorkerMain.java:69)
  at worker.org.gradle.process.internal.worker.GradleWorkerMain.main(GradleWorkerMain.java:74)
</stacktrace>
</test-failure>


TypeScriptCompilerTests_E[jvm] > emitClassExpressionInDeclarationFile2_ts has expected errors matching emitClassExpressionInDeclarationFile2_errors_txt[jvm] FAILED

<test-failure test="com.xemantic.typescript.compiler.TypeScriptCompilerTests_E.errorOnInitializerInInterfaceProperty_ts has expected errors matching errorOnInitializerInInterfaceProperty_errors_txt" platform="jvm">
<message>
Expected diagnostics from baseline typescript-repo/tests/baselines/reference/errorOnInitializerInInterfaceProperty.errors.txt but none produced
</message>
<stacktrace>
  at com.xemantic.typescript.compiler.TypeScriptTestSupportKt.errorsMatchBaseline(TypeScriptTestSupport.kt:125)
  at com.xemantic.typescript.compiler.TypeScriptCompilerTests_E.errorOnInitializerInInterfaceProperty_ts has expected errors matching errorOnInitializerInInterfaceProperty_errors_txt(TypeScriptCompilerTests_E.kt:1575)
  at java.base/jdk.internal.reflect.DirectMethodHandleAccessor.invoke(DirectMethodHandleAccessor.java:104)
  at java.base/java.lang.reflect.Method.invoke(Method.java:565)
  at org.junit.runners.model.FrameworkMethod$1.runReflectiveCall(FrameworkMethod.java:59)
  at org.junit.internal.runners.model.ReflectiveCallable.run(ReflectiveCallable.java:12)
  at org.junit.runners.model.FrameworkMethod.invokeExplosively(FrameworkMethod.java:56)
  at org.junit.internal.runners.statements.InvokeMethod.evaluate(InvokeMethod.java:17)
  at org.junit.runners.ParentRunner$3.evaluate(ParentRunner.java:306)
  at org.junit.runners.BlockJUnit4ClassRunner$1.evaluate(BlockJUnit4ClassRunner.java:100)
  at org.junit.runners.ParentRunner.runLeaf(ParentRunner.java:366)
  at org.junit.runners.BlockJUnit4ClassRunner.runChild(BlockJUnit4ClassRunner.java:103)
  at org.junit.runners.BlockJUnit4ClassRunner.runChild(BlockJUnit4ClassRunner.java:63)
  at org.junit.runners.ParentRunner$4.run(ParentRunner.java:331)
  at org.junit.runners.ParentRunner$1.schedule(ParentRunner.java:79)
  at org.junit.runners.ParentRunner.runChildren(ParentRunner.java:329)
  at org.junit.runners.ParentRunner.access$100(ParentRunner.java:66)
  at org.junit.runners.ParentRunner$2.evaluate(ParentRunner.java:293)
  at org.junit.runners.ParentRunner$3.evaluate(ParentRunner.java:306)
  at org.junit.runners.ParentRunner.run(ParentRunner.java:413)
  at org.junit.runner.JUnitCore.run(JUnitCore.java:137)
  at org.junit.runner.JUnitCore.run(JUnitCore.java:115)
  at org.gradle.api.internal.tasks.testing.junit.JUnitTestExecutor.runRequest(JUnitTestExecutor.java:175)
  at org.gradle.api.internal.tasks.testing.junit.JUnitTestExecutor.accept(JUnitTestExecutor.java:84)
  at org.gradle.api.internal.tasks.testing.junit.JUnitTestExecutor.accept(JUnitTestExecutor.java:47)
  at org.gradle.api.internal.tasks.testing.junit.AbstractJUnitTestDefinitionProcessor.processTestDefinition(AbstractJUnitTestDefinitionProcessor.java:65)
  at org.gradle.api.internal.tasks.testing.SuiteTestDefinitionProcessor.processTestDefinition(SuiteTestDefinitionProcessor.java:54)
  at java.base/jdk.internal.reflect.DirectMethodHandleAccessor.invoke(DirectMethodHandleAccessor.java:104)
  at java.base/java.lang.reflect.Method.invoke(Method.java:565)
  at org.gradle.internal.dispatch.MethodInvocation.invokeOn(MethodInvocation.java:77)
  at org.gradle.internal.dispatch.ReflectionDispatch.dispatch(ReflectionDispatch.java:28)
  at org.gradle.internal.dispatch.ReflectionDispatch.dispatch(ReflectionDispatch.java:19)
  at org.gradle.internal.dispatch.ContextClassLoaderDispatch.dispatch(ContextClassLoaderDispatch.java:33)
  at org.gradle.internal.dispatch.ProxyDispatchAdapter$DispatchingInvocationHandler.invoke(ProxyDispatchAdapter.java:88)
  at jdk.proxy1/jdk.proxy1.$Proxy4.processTestDefinition(Unknown Source)
  at org.gradle.api.internal.tasks.testing.worker.TestWorker$2.run(TestWorker.java:178)
  at org.gradle.api.internal.tasks.testing.worker.TestWorker.executeAndMaintainThreadName(TestWorker.java:126)
  at org.gradle.api.internal.tasks.testing.worker.TestWorker.execute(TestWorker.java:103)
  at org.gradle.api.internal.tasks.testing.worker.TestWorker.execute(TestWorker.java:63)
  at org.gradle.process.internal.worker.child.ActionExecutionWorker.execute(ActionExecutionWorker.java:56)
  at org.gradle.process.internal.worker.child.SystemApplicationClassLoaderWorker.call(SystemApplicationClassLoaderWorker.java:122)
  at org.gradle.process.internal.worker.child.SystemApplicationClassLoaderWorker.call(SystemApplicationClassLoaderWorker.java:72)
  at worker.org.gradle.process.internal.worker.GradleWorkerMain.run(GradleWorkerMain.java:69)
  at worker.org.gradle.process.internal.worker.GradleWorkerMain.main(GradleWorkerMain.java:74)
</stacktrace>
</test-failure>


TypeScriptCompilerTests_E[jvm] > errorOnInitializerInInterfaceProperty_ts has expected errors matching errorOnInitializerInInterfaceProperty_errors_txt[jvm] FAILED

<test-failure test="com.xemantic.typescript.compiler.TypeScriptCompilerTests_E.es6ImportDefaultBindingFollowedWithNamespaceBinding1InEs5_ts__target_es2015__compiles to JavaScript matching baseline" platform="jvm">
<message>
--- expected
+++ actual
@@ -15,9 +15,5 @@
 exports.default = a;
 //// [es6ImportDefaultBindingFollowedWithNamespaceBindingInEs5_1.js]
 "use strict";
-var __importDefault = (this && this.__importDefault) || function (mod) {
-    return (mod && mod.__esModule) ? mod : { "default": mod };
-};
 Object.defineProperty(exports, "__esModule", { value: true });
-const es6ImportDefaultBindingFollowedWithNamespaceBindingInEs5_0_1 = __importDefault(require("./es6ImportDefaultBindingFollowedWithNamespaceBindingInEs5_0"));
-var x = es6ImportDefaultBindingFollowedWithNamespaceBindingInEs5_0_1.default;
+var x = defaultBinding;

</message>
<stacktrace>
  at org.junit.Assert.fail(Assert.java:89)
  at kotlin.test.junit.JUnitAsserter.fail(JUnitSupport.kt:56)
  at kotlin.test.AssertionsKt__AssertionsKt.fail(Assertions.kt:563)
  at kotlin.test.AssertionsKt.fail(Unknown Source)
  at com.xemantic.kotlin.test.SameAsKt.sameAs(SameAs.kt:52)
  at com.xemantic.typescript.compiler.TypeScriptTestSupportKt.sameAs(TypeScriptTestSupport.kt:99)
  at com.xemantic.typescript.compiler.TypeScriptCompilerTests_E.es6ImportDefaultBindingFollowedWithNamespaceBinding1InEs5_ts__target_es2015__compiles to JavaScript matching baseline(TypeScriptCompilerTests_E.kt:3262)
  at java.base/jdk.internal.reflect.DirectMethodHandleAccessor.invoke(DirectMethodHandleAccessor.java:104)
  at java.base/java.lang.reflect.Method.invoke(Method.java:565)
  at org.junit.runners.model.FrameworkMethod$1.runReflectiveCall(FrameworkMethod.java:59)
  at org.junit.internal.runners.model.ReflectiveCallable.run(ReflectiveCallable.java:12)
  at org.junit.runners.model.FrameworkMethod.invokeExplosively(FrameworkMethod.java:56)
  at org.junit.internal.runners.statements.InvokeMethod.evaluate(InvokeMethod.java:17)
  at org.junit.runners.ParentRunner$3.evaluate(ParentRunner.java:306)
  at org.junit.runners.BlockJUnit4ClassRunner$1.evaluate(BlockJUnit4ClassRunner.java:100)
  at org.junit.runners.ParentRunner.runLeaf(ParentRunner.java:366)
  at org.junit.runners.BlockJUnit4ClassRunner.runChild(BlockJUnit4ClassRunner.java:103)
  at org.junit.runners.BlockJUnit4ClassRunner.runChild(BlockJUnit4ClassRunner.java:63)
  at org.junit.runners.ParentRunner$4.run(ParentRunner.java:331)
  at org.junit.runners.ParentRunner$1.schedule(ParentRunner.java:79)
  at org.junit.runners.ParentRunner.runChildren(ParentRunner.java:329)
  at org.junit.runners.ParentRunner.access$100(ParentRunner.java:66)
  at org.junit.runners.ParentRunner$2.evaluate(ParentRunner.java:293)
  at org.junit.runners.ParentRunner$3.evaluate(ParentRunner.java:306)
  at org.junit.runners.ParentRunner.run(ParentRunner.java:413)
  at org.junit.runner.JUnitCore.run(JUnitCore.java:137)
  at org.junit.runner.JUnitCore.run(JUnitCore.java:115)
  at org.gradle.api.internal.tasks.testing.junit.JUnitTestExecutor.runRequest(JUnitTestExecutor.java:175)
  at org.gradle.api.internal.tasks.testing.junit.JUnitTestExecutor.accept(JUnitTestExecutor.java:84)
  at org.gradle.api.internal.tasks.testing.junit.JUnitTestExecutor.accept(JUnitTestExecutor.java:47)
  at org.gradle.api.internal.tasks.testing.junit.AbstractJUnitTestDefinitionProcessor.processTestDefinition(AbstractJUnitTestDefinitionProcessor.java:65)
  at org.gradle.api.internal.tasks.testing.SuiteTestDefinitionProcessor.processTestDefinition(SuiteTestDefinitionProcessor.java:54)
  at java.base/jdk.internal.reflect.DirectMethodHandleAccessor.invoke(DirectMethodHandleAccessor.java:104)
  at java.base/java.lang.reflect.Method.invoke(Method.java:565)
  at org.gradle.internal.dispatch.MethodInvocation.invokeOn(MethodInvocation.java:77)
  at org.gradle.internal.dispatch.ReflectionDispatch.dispatch(ReflectionDispatch.java:28)
  at org.gradle.internal.dispatch.ReflectionDispatch.dispatch(ReflectionDispatch.java:19)
  at org.gradle.internal.dispatch.ContextClassLoaderDispatch.dispatch(ContextClassLoaderDispatch.java:33)
  at org.gradle.internal.dispatch.ProxyDispatchAdapter$DispatchingInvocationHandler.invoke(ProxyDispatchAdapter.java:88)
  at jdk.proxy1/jdk.proxy1.$Proxy4.processTestDefinition(Unknown Source)
  at org.gradle.api.internal.tasks.testing.worker.TestWorker$2.run(TestWorker.java:178)
  at org.gradle.api.internal.tasks.testing.worker.TestWorker.executeAndMaintainThreadName(TestWorker.java:126)
  at org.gradle.api.internal.tasks.testing.worker.TestWorker.execute(TestWorker.java:103)
  at org.gradle.api.internal.tasks.testing.worker.TestWorker.execute(TestWorker.java:63)
  at org.gradle.process.internal.worker.child.ActionExecutionWorker.execute(ActionExecutionWorker.java:56)
  at org.gradle.process.internal.worker.child.SystemApplicationClassLoaderWorker.call(SystemApplicationClassLoaderWorker.java:122)
  at org.gradle.process.internal.worker.child.SystemApplicationClassLoaderWorker.call(SystemApplicationClassLoaderWorker.java:72)
  at worker.org.gradle.process.internal.worker.GradleWorkerMain.run(GradleWorkerMain.java:69)
  at worker.org.gradle.process.internal.worker.GradleWorkerMain.main(GradleWorkerMain.java:74)
</stacktrace>
</test-failure>


TypeScriptCompilerTests_E[jvm] > es6ImportDefaultBindingFollowedWithNamespaceBinding1InEs5_ts__target_es2015__compiles to JavaScript matching baseline[jvm] FAILED

<test-failure test="com.xemantic.typescript.compiler.TypeScriptCompilerTests_E.enumWithNonLiteralStringInitializer_ts compiles to JavaScript matching enumWithNonLiteralStringInitializer_js" platform="jvm">
<message>
--- expected
+++ actual
@@ -32,7 +32,7 @@
 const helpers_1 = require("./helpers");
 var A;
 (function (A) {
-    A["a"] = "bar";
+    A[A["a"] = helpers_1.bar] = "a";
 })(A || (A = {}));
 //// [good.js]
 "use strict";
@@ -40,7 +40,7 @@
 const helpers_1 = require("./helpers");
 var A;
 (function (A) {
-    A["a"] = "2";
+    A["a"] = `${helpers_1.foo}`;
     A["b"] = "2";
     A["c"] = "2";
     A["d"] = "foo";

</message>
<stacktrace>
  at org.junit.Assert.fail(Assert.java:89)
  at kotlin.test.junit.JUnitAsserter.fail(JUnitSupport.kt:56)
  at kotlin.test.AssertionsKt__AssertionsKt.fail(Assertions.kt:563)
  at kotlin.test.AssertionsKt.fail(Unknown Source)
  at com.xemantic.kotlin.test.SameAsKt.sameAs(SameAs.kt:52)
  at com.xemantic.typescript.compiler.TypeScriptTestSupportKt.sameAs(TypeScriptTestSupport.kt:99)
  at com.xemantic.typescript.compiler.TypeScriptCompilerTests_E.enumWithNonLiteralStringInitializer_ts compiles to JavaScript matching enumWithNonLiteralStringInitializer_js(TypeScriptCompilerTests_E.kt:1127)
  at java.base/jdk.internal.reflect.DirectMethodHandleAccessor.invoke(DirectMethodHandleAccessor.java:104)
  at java.base/java.lang.reflect.Method.invoke(Method.java:565)
  at org.junit.runners.model.FrameworkMethod$1.runReflectiveCall(FrameworkMethod.java:59)
  at org.junit.internal.runners.model.ReflectiveCallable.run(ReflectiveCallable.java:12)
  at org.junit.runners.model.FrameworkMethod.invokeExplosively(FrameworkMethod.java:56)
  at org.junit.internal.runners.statements.InvokeMethod.evaluate(InvokeMethod.java:17)
  at org.junit.runners.ParentRunner$3.evaluate(ParentRunner.java:306)
  at org.junit.runners.BlockJUnit4ClassRunner$1.evaluate(BlockJUnit4ClassRunner.java:100)
  at org.junit.runners.ParentRunner.runLeaf(ParentRunner.java:366)
  at org.junit.runners.BlockJUnit4ClassRunner.runChild(BlockJUnit4ClassRunner.java:103)
  at org.junit.runners.BlockJUnit4ClassRunner.runChild(BlockJUnit4ClassRunner.java:63)
  at org.junit.runners.ParentRunner$4.run(ParentRunner.java:331)
  at org.junit.runners.ParentRunner$1.schedule(ParentRunner.java:79)
  at org.junit.runners.ParentRunner.runChildren(ParentRunner.java:329)
  at org.junit.runners.ParentRunner.access$100(ParentRunner.java:66)
  at org.junit.runners.ParentRunner$2.evaluate(ParentRunner.java:293)
  at org.junit.runners.ParentRunner$3.evaluate(ParentRunner.java:306)
  at org.junit.runners.ParentRunner.run(ParentRunner.java:413)
  at org.junit.runner.JUnitCore.run(JUnitCore.java:137)
  at org.junit.runner.JUnitCore.run(JUnitCore.java:115)
  at org.gradle.api.internal.tasks.testing.junit.JUnitTestExecutor.runRequest(JUnitTestExecutor.java:175)
  at org.gradle.api.internal.tasks.testing.junit.JUnitTestExecutor.accept(JUnitTestExecutor.java:84)
  at org.gradle.api.internal.tasks.testing.junit.JUnitTestExecutor.accept(JUnitTestExecutor.java:47)
  at org.gradle.api.internal.tasks.testing.junit.AbstractJUnitTestDefinitionProcessor.processTestDefinition(AbstractJUnitTestDefinitionProcessor.java:65)
  at org.gradle.api.internal.tasks.testing.SuiteTestDefinitionProcessor.processTestDefinition(SuiteTestDefinitionProcessor.java:54)
  at java.base/jdk.internal.reflect.DirectMethodHandleAccessor.invoke(DirectMethodHandleAccessor.java:104)
  at java.base/java.lang.reflect.Method.invoke(Method.java:565)
  at org.gradle.internal.dispatch.MethodInvocation.invokeOn(MethodInvocation.java:77)
  at org.gradle.internal.dispatch.ReflectionDispatch.dispatch(ReflectionDispatch.java:28)
  at org.gradle.internal.dispatch.ReflectionDispatch.dispatch(ReflectionDispatch.java:19)
  at org.gradle.internal.dispatch.ContextClassLoaderDispatch.dispatch(ContextClassLoaderDispatch.java:33)
  at org.gradle.internal.dispatch.ProxyDispatchAdapter$DispatchingInvocationHandler.invoke(ProxyDispatchAdapter.java:88)
  at jdk.proxy1/jdk.proxy1.$Proxy4.processTestDefinition(Unknown Source)
  at org.gradle.api.internal.tasks.testing.worker.TestWorker$2.run(TestWorker.java:178)
  at org.gradle.api.internal.tasks.testing.worker.TestWorker.executeAndMaintainThreadName(TestWorker.java:126)
  at org.gradle.api.internal.tasks.testing.worker.TestWorker.execute(TestWorker.java:103)
  at org.gradle.api.internal.tasks.testing.worker.TestWorker.execute(TestWorker.java:63)
  at org.gradle.process.internal.worker.child.ActionExecutionWorker.execute(ActionExecutionWorker.java:56)
  at org.gradle.process.internal.worker.child.SystemApplicationClassLoaderWorker.call(SystemApplicationClassLoaderWorker.java:122)
  at org.gradle.process.internal.worker.child.SystemApplicationClassLoaderWorker.call(SystemApplicationClassLoaderWorker.java:72)
  at worker.org.gradle.process.internal.worker.GradleWorkerMain.run(GradleWorkerMain.java:69)
  at worker.org.gradle.process.internal.worker.GradleWorkerMain.main(GradleWorkerMain.java:74)
</stacktrace>
</test-failure>


TypeScriptCompilerTests_E[jvm] > enumWithNonLiteralStringInitializer_ts compiles to JavaScript matching enumWithNonLiteralStringInitializer_js[jvm] FAILED

<test-failure test="com.xemantic.typescript.compiler.TypeScriptCompilerTests_E.extendPrivateConstructorClass_ts has expected errors matching extendPrivateConstructorClass_errors_txt" platform="jvm">
<message>
Expected diagnostics from baseline typescript-repo/tests/baselines/reference/extendPrivateConstructorClass.errors.txt but none produced
</message>
<stacktrace>
  at com.xemantic.typescript.compiler.TypeScriptTestSupportKt.errorsMatchBaseline(TypeScriptTestSupport.kt:125)
  at com.xemantic.typescript.compiler.TypeScriptCompilerTests_E.extendPrivateConstructorClass_ts has expected errors matching extendPrivateConstructorClass_errors_txt(TypeScriptCompilerTests_E.kt:6440)
  at java.base/jdk.internal.reflect.DirectMethodHandleAccessor.invoke(DirectMethodHandleAccessor.java:104)
  at java.base/java.lang.reflect.Method.invoke(Method.java:565)
  at org.junit.runners.model.FrameworkMethod$1.runReflectiveCall(FrameworkMethod.java:59)
  at org.junit.internal.runners.model.ReflectiveCallable.run(ReflectiveCallable.java:12)
  at org.junit.runners.model.FrameworkMethod.invokeExplosively(FrameworkMethod.java:56)
  at org.junit.internal.runners.statements.InvokeMethod.evaluate(InvokeMethod.java:17)
  at org.junit.runners.ParentRunner$3.evaluate(ParentRunner.java:306)
  at org.junit.runners.BlockJUnit4ClassRunner$1.evaluate(BlockJUnit4ClassRunner.java:100)
  at org.junit.runners.ParentRunner.runLeaf(ParentRunner.java:366)
  at org.junit.runners.BlockJUnit4ClassRunner.runChild(BlockJUnit4ClassRunner.java:103)
  at org.junit.runners.BlockJUnit4ClassRunner.runChild(BlockJUnit4ClassRunner.java:63)
  at org.junit.runners.ParentRunner$4.run(ParentRunner.java:331)
  at org.junit.runners.ParentRunner$1.schedule(ParentRunner.java:79)
  at org.junit.runners.ParentRunner.runChildren(ParentRunner.java:329)
  at org.junit.runners.ParentRunner.access$100(ParentRunner.java:66)
  at org.junit.runners.ParentRunner$2.evaluate(ParentRunner.java:293)
  at org.junit.runners.ParentRunner$3.evaluate(ParentRunner.java:306)
  at org.junit.runners.ParentRunner.run(ParentRunner.java:413)
  at org.junit.runner.JUnitCore.run(JUnitCore.java:137)
  at org.junit.runner.JUnitCore.run(JUnitCore.java:115)
  at org.gradle.api.internal.tasks.testing.junit.JUnitTestExecutor.runRequest(JUnitTestExecutor.java:175)
  at org.gradle.api.internal.tasks.testing.junit.JUnitTestExecutor.accept(JUnitTestExecutor.java:84)
  at org.gradle.api.internal.tasks.testing.junit.JUnitTestExecutor.accept(JUnitTestExecutor.java:47)
  at org.gradle.api.internal.tasks.testing.junit.AbstractJUnitTestDefinitionProcessor.processTestDefinition(AbstractJUnitTestDefinitionProcessor.java:65)
  at org.gradle.api.internal.tasks.testing.SuiteTestDefinitionProcessor.processTestDefinition(SuiteTestDefinitionProcessor.java:54)
  at java.base/jdk.internal.reflect.DirectMethodHandleAccessor.invoke(DirectMethodHandleAccessor.java:104)
  at java.base/java.lang.reflect.Method.invoke(Method.java:565)
  at org.gradle.internal.dispatch.MethodInvocation.invokeOn(MethodInvocation.java:77)
  at org.gradle.internal.dispatch.ReflectionDispatch.dispatch(ReflectionDispatch.java:28)
  at org.gradle.internal.dispatch.ReflectionDispatch.dispatch(ReflectionDispatch.java:19)
  at org.gradle.internal.dispatch.ContextClassLoaderDispatch.dispatch(ContextClassLoaderDispatch.java:33)
  at org.gradle.internal.dispatch.ProxyDispatchAdapter$DispatchingInvocationHandler.invoke(ProxyDispatchAdapter.java:88)
  at jdk.proxy1/jdk.proxy1.$Proxy4.processTestDefinition(Unknown Source)
  at org.gradle.api.internal.tasks.testing.worker.TestWorker$2.run(TestWorker.java:178)
  at org.gradle.api.internal.tasks.testing.worker.TestWorker.executeAndMaintainThreadName(TestWorker.java:126)
  at org.gradle.api.internal.tasks.testing.worker.TestWorker.execute(TestWorker.java:103)
  at org.gradle.api.internal.tasks.testing.worker.TestWorker.execute(TestWorker.java:63)
  at org.gradle.process.internal.worker.child.ActionExecutionWorker.execute(ActionExecutionWorker.java:56)
  at org.gradle.process.internal.worker.child.SystemApplicationClassLoaderWorker.call(SystemApplicationClassLoaderWorker.java:122)
  at org.gradle.process.internal.worker.child.SystemApplicationClassLoaderWorker.call(SystemApplicationClassLoaderWorker.java:72)
  at worker.org.gradle.process.internal.worker.GradleWorkerMain.run(GradleWorkerMain.java:69)
  at worker.org.gradle.process.internal.worker.GradleWorkerMain.main(GradleWorkerMain.java:74)
</stacktrace>
</test-failure>


TypeScriptCompilerTests_E[jvm] > extendPrivateConstructorClass_ts has expected errors matching extendPrivateConstructorClass_errors_txt[jvm] FAILED

<test-failure test="com.xemantic.typescript.compiler.TypeScriptCompilerTests_E.exportDeclarationInInternalModule_ts__target_es5__has expected errors matching baseline" platform="jvm">
<message>
--- expected
+++ actual
@@ -1,9 +1,8 @@
 error TS5107: Option 'target=ES5' is deprecated and will stop functioning in TypeScript 7.0. Specify compilerOption '"ignoreDeprecations": "6.0"' to silence this error.
-exportDeclarationInInternalModule.ts(13,19): error TS1141: String literal expected.
 
 
 !!! error TS5107: Option 'target=ES5' is deprecated and will stop functioning in TypeScript 7.0. Specify compilerOption '"ignoreDeprecations": "6.0"' to silence this error.
-==== exportDeclarationInInternalModule.ts (1 errors) ====
+==== exportDeclarationInInternalModule.ts (0 errors) ====
     class Bbb {
     }
     
@@ -17,8 +16,6 @@
         export class SomeType { }
     
         export * from Aaa;      // this line causes the nullref
-                      ~~~
-!!! error TS1141: String literal expected.
     }
     
     var a: Bbb.SomeType;

</message>
<stacktrace>
  at org.junit.Assert.fail(Assert.java:89)
  at kotlin.test.junit.JUnitAsserter.fail(JUnitSupport.kt:56)
  at kotlin.test.AssertionsKt__AssertionsKt.fail(Assertions.kt:563)
  at kotlin.test.AssertionsKt.fail(Unknown Source)
  at com.xemantic.kotlin.test.SameAsKt.sameAs(SameAs.kt:52)
  at com.xemantic.typescript.compiler.TypeScriptTestSupportKt.errorsMatchBaseline(TypeScriptTestSupport.kt:135)
  at com.xemantic.typescript.compiler.TypeScriptCompilerTests_E.exportDeclarationInInternalModule_ts__target_es5__has expected errors matching baseline(TypeScriptCompilerTests_E.kt:4935)
  at java.base/jdk.internal.reflect.DirectMethodHandleAccessor.invoke(DirectMethodHandleAccessor.java:104)
  at java.base/java.lang.reflect.Method.invoke(Method.java:565)
  at org.junit.runners.model.FrameworkMethod$1.runReflectiveCall(FrameworkMethod.java:59)
  at org.junit.internal.runners.model.ReflectiveCallable.run(ReflectiveCallable.java:12)
  at org.junit.runners.model.FrameworkMethod.invokeExplosively(FrameworkMethod.java:56)
  at org.junit.internal.runners.statements.InvokeMethod.evaluate(InvokeMethod.java:17)
  at org.junit.runners.ParentRunner$3.evaluate(ParentRunner.java:306)
  at org.junit.runners.BlockJUnit4ClassRunner$1.evaluate(BlockJUnit4ClassRunner.java:100)
  at org.junit.runners.ParentRunner.runLeaf(ParentRunner.java:366)
  at org.junit.runners.BlockJUnit4ClassRunner.runChild(BlockJUnit4ClassRunner.java:103)
  at org.junit.runners.BlockJUnit4ClassRunner.runChild(BlockJUnit4ClassRunner.java:63)
  at org.junit.runners.ParentRunner$4.run(ParentRunner.java:331)
  at org.junit.runners.ParentRunner$1.schedule(ParentRunner.java:79)
  at org.junit.runners.ParentRunner.runChildren(ParentRunner.java:329)
  at org.junit.runners.ParentRunner.access$100(ParentRunner.java:66)
  at org.junit.runners.ParentRunner$2.evaluate(ParentRunner.java:293)
  at org.junit.runners.ParentRunner$3.evaluate(ParentRunner.java:306)
  at org.junit.runners.ParentRunner.run(ParentRunner.java:413)
  at org.junit.runner.JUnitCore.run(JUnitCore.java:137)
  at org.junit.runner.JUnitCore.run(JUnitCore.java:115)
  at org.gradle.api.internal.tasks.testing.junit.JUnitTestExecutor.runRequest(JUnitTestExecutor.java:175)
  at org.gradle.api.internal.tasks.testing.junit.JUnitTestExecutor.accept(JUnitTestExecutor.java:84)
  at org.gradle.api.internal.tasks.testing.junit.JUnitTestExecutor.accept(JUnitTestExecutor.java:47)
  at org.gradle.api.internal.tasks.testing.junit.AbstractJUnitTestDefinitionProcessor.processTestDefinition(AbstractJUnitTestDefinitionProcessor.java:65)
  at org.gradle.api.internal.tasks.testing.SuiteTestDefinitionProcessor.processTestDefinition(SuiteTestDefinitionProcessor.java:54)
  at java.base/jdk.internal.reflect.DirectMethodHandleAccessor.invoke(DirectMethodHandleAccessor.java:104)
  at java.base/java.lang.reflect.Method.invoke(Method.java:565)
  at org.gradle.internal.dispatch.MethodInvocation.invokeOn(MethodInvocation.java:77)
  at org.gradle.internal.dispatch.ReflectionDispatch.dispatch(ReflectionDispatch.java:28)
  at org.gradle.internal.dispatch.ReflectionDispatch.dispatch(ReflectionDispatch.java:19)
  at org.gradle.internal.dispatch.ContextClassLoaderDispatch.dispatch(ContextClassLoaderDispatch.java:33)
  at org.gradle.internal.dispatch.ProxyDispatchAdapter$DispatchingInvocationHandler.invoke(ProxyDispatchAdapter.java:88)
  at jdk.proxy1/jdk.proxy1.$Proxy4.processTestDefinition(Unknown Source)
  at org.gradle.api.internal.tasks.testing.worker.TestWorker$2.run(TestWorker.java:178)
  at org.gradle.api.internal.tasks.testing.worker.TestWorker.executeAndMaintainThreadName(TestWorker.java:126)
  at org.gradle.api.internal.tasks.testing.worker.TestWorker.execute(TestWorker.java:103)
  at org.gradle.api.internal.tasks.testing.worker.TestWorker.execute(TestWorker.java:63)
  at org.gradle.process.internal.worker.child.ActionExecutionWorker.execute(ActionExecutionWorker.java:56)
  at org.gradle.process.internal.worker.child.SystemApplicationClassLoaderWorker.call(SystemApplicationClassLoaderWorker.java:122)
  at org.gradle.process.internal.worker.child.SystemApplicationClassLoaderWorker.call(SystemApplicationClassLoaderWorker.java:72)
  at worker.org.gradle.process.internal.worker.GradleWorkerMain.run(GradleWorkerMain.java:69)
  at worker.org.gradle.process.internal.worker.GradleWorkerMain.main(GradleWorkerMain.java:74)
</stacktrace>
</test-failure>


TypeScriptCompilerTests_E[jvm] > exportDeclarationInInternalModule_ts__target_es5__has expected errors matching baseline[jvm] FAILED

<test-failure test="com.xemantic.typescript.compiler.TypeScriptCompilerTests_E.errorForUsingPropertyOfTypeAsType03_ts has expected errors matching errorForUsingPropertyOfTypeAsType03_errors_txt" platform="jvm">
<message>
Expected diagnostics from baseline typescript-repo/tests/baselines/reference/errorForUsingPropertyOfTypeAsType03.errors.txt but none produced
</message>
<stacktrace>
  at com.xemantic.typescript.compiler.TypeScriptTestSupportKt.errorsMatchBaseline(TypeScriptTestSupport.kt:125)
  at com.xemantic.typescript.compiler.TypeScriptCompilerTests_E.errorForUsingPropertyOfTypeAsType03_ts has expected errors matching errorForUsingPropertyOfTypeAsType03_errors_txt(TypeScriptCompilerTests_E.kt:1393)
  at java.base/jdk.internal.reflect.DirectMethodHandleAccessor.invoke(DirectMethodHandleAccessor.java:104)
  at java.base/java.lang.reflect.Method.invoke(Method.java:565)
  at org.junit.runners.model.FrameworkMethod$1.runReflectiveCall(FrameworkMethod.java:59)
  at org.junit.internal.runners.model.ReflectiveCallable.run(ReflectiveCallable.java:12)
  at org.junit.runners.model.FrameworkMethod.invokeExplosively(FrameworkMethod.java:56)
  at org.junit.internal.runners.statements.InvokeMethod.evaluate(InvokeMethod.java:17)
  at org.junit.runners.ParentRunner$3.evaluate(ParentRunner.java:306)
  at org.junit.runners.BlockJUnit4ClassRunner$1.evaluate(BlockJUnit4ClassRunner.java:100)
  at org.junit.runners.ParentRunner.runLeaf(ParentRunner.java:366)
  at org.junit.runners.BlockJUnit4ClassRunner.runChild(BlockJUnit4ClassRunner.java:103)
  at org.junit.runners.BlockJUnit4ClassRunner.runChild(BlockJUnit4ClassRunner.java:63)
  at org.junit.runners.ParentRunner$4.run(ParentRunner.java:331)
  at org.junit.runners.ParentRunner$1.schedule(ParentRunner.java:79)
  at org.junit.runners.ParentRunner.runChildren(ParentRunner.java:329)
  at org.junit.runners.ParentRunner.access$100(ParentRunner.java:66)
  at org.junit.runners.ParentRunner$2.evaluate(ParentRunner.java:293)
  at org.junit.runners.ParentRunner$3.evaluate(ParentRunner.java:306)
  at org.junit.runners.ParentRunner.run(ParentRunner.java:413)
  at org.junit.runner.JUnitCore.run(JUnitCore.java:137)
  at org.junit.runner.JUnitCore.run(JUnitCore.java:115)
  at org.gradle.api.internal.tasks.testing.junit.JUnitTestExecutor.runRequest(JUnitTestExecutor.java:175)
  at org.gradle.api.internal.tasks.testing.junit.JUnitTestExecutor.accept(JUnitTestExecutor.java:84)
  at org.gradle.api.internal.tasks.testing.junit.JUnitTestExecutor.accept(JUnitTestExecutor.java:47)
  at org.gradle.api.internal.tasks.testing.junit.AbstractJUnitTestDefinitionProcessor.processTestDefinition(AbstractJUnitTestDefinitionProcessor.java:65)
  at org.gradle.api.internal.tasks.testing.SuiteTestDefinitionProcessor.processTestDefinition(SuiteTestDefinitionProcessor.java:54)
  at java.base/jdk.internal.reflect.DirectMethodHandleAccessor.invoke(DirectMethodHandleAccessor.java:104)
  at java.base/java.lang.reflect.Method.invoke(Method.java:565)
  at org.gradle.internal.dispatch.MethodInvocation.invokeOn(MethodInvocation.java:77)
  at org.gradle.internal.dispatch.ReflectionDispatch.dispatch(ReflectionDispatch.java:28)
  at org.gradle.internal.dispatch.ReflectionDispatch.dispatch(ReflectionDispatch.java:19)
  at org.gradle.internal.dispatch.ContextClassLoaderDispatch.dispatch(ContextClassLoaderDispatch.java:33)
  at org.gradle.internal.dispatch.ProxyDispatchAdapter$DispatchingInvocationHandler.invoke(ProxyDispatchAdapter.java:88)
  at jdk.proxy1/jdk.proxy1.$Proxy4.processTestDefinition(Unknown Source)
  at org.gradle.api.internal.tasks.testing.worker.TestWorker$2.run(TestWorker.java:178)
  at org.gradle.api.internal.tasks.testing.worker.TestWorker.executeAndMaintainThreadName(TestWorker.java:126)
  at org.gradle.api.internal.tasks.testing.worker.TestWorker.execute(TestWorker.java:103)
  at org.gradle.api.internal.tasks.testing.worker.TestWorker.execute(TestWorker.java:63)
  at org.gradle.process.internal.worker.child.ActionExecutionWorker.execute(ActionExecutionWorker.java:56)
  at org.gradle.process.internal.worker.child.SystemApplicationClassLoaderWorker.call(SystemApplicationClassLoaderWorker.java:122)
  at org.gradle.process.internal.worker.child.SystemApplicationClassLoaderWorker.call(SystemApplicationClassLoaderWorker.java:72)
  at worker.org.gradle.process.internal.worker.GradleWorkerMain.run(GradleWorkerMain.java:69)
  at worker.org.gradle.process.internal.worker.GradleWorkerMain.main(GradleWorkerMain.java:74)
</stacktrace>
</test-failure>


TypeScriptCompilerTests_E[jvm] > errorForUsingPropertyOfTypeAsType03_ts has expected errors matching errorForUsingPropertyOfTypeAsType03_errors_txt[jvm] FAILED

<test-failure test="com.xemantic.typescript.compiler.TypeScriptCompilerTests_E.exportDefaultStripsFreshness_ts has expected errors matching exportDefaultStripsFreshness_errors_txt" platform="jvm">
<message>
Expected diagnostics from baseline typescript-repo/tests/baselines/reference/exportDefaultStripsFreshness.errors.txt but none produced
</message>
<stacktrace>
  at com.xemantic.typescript.compiler.TypeScriptTestSupportKt.errorsMatchBaseline(TypeScriptTestSupport.kt:125)
  at com.xemantic.typescript.compiler.TypeScriptCompilerTests_E.exportDefaultStripsFreshness_ts has expected errors matching exportDefaultStripsFreshness_errors_txt(TypeScriptCompilerTests_E.kt:5250)
  at java.base/jdk.internal.reflect.DirectMethodHandleAccessor.invoke(DirectMethodHandleAccessor.java:104)
  at java.base/java.lang.reflect.Method.invoke(Method.java:565)
  at org.junit.runners.model.FrameworkMethod$1.runReflectiveCall(FrameworkMethod.java:59)
  at org.junit.internal.runners.model.ReflectiveCallable.run(ReflectiveCallable.java:12)
  at org.junit.runners.model.FrameworkMethod.invokeExplosively(FrameworkMethod.java:56)
  at org.junit.internal.runners.statements.InvokeMethod.evaluate(InvokeMethod.java:17)
  at org.junit.runners.ParentRunner$3.evaluate(ParentRunner.java:306)
  at org.junit.runners.BlockJUnit4ClassRunner$1.evaluate(BlockJUnit4ClassRunner.java:100)
  at org.junit.runners.ParentRunner.runLeaf(ParentRunner.java:366)
  at org.junit.runners.BlockJUnit4ClassRunner.runChild(BlockJUnit4ClassRunner.java:103)
  at org.junit.runners.BlockJUnit4ClassRunner.runChild(BlockJUnit4ClassRunner.java:63)
  at org.junit.runners.ParentRunner$4.run(ParentRunner.java:331)
  at org.junit.runners.ParentRunner$1.schedule(ParentRunner.java:79)
  at org.junit.runners.ParentRunner.runChildren(ParentRunner.java:329)
  at org.junit.runners.ParentRunner.access$100(ParentRunner.java:66)
  at org.junit.runners.ParentRunner$2.evaluate(ParentRunner.java:293)
  at org.junit.runners.ParentRunner$3.evaluate(ParentRunner.java:306)
  at org.junit.runners.ParentRunner.run(ParentRunner.java:413)
  at org.junit.runner.JUnitCore.run(JUnitCore.java:137)
  at org.junit.runner.JUnitCore.run(JUnitCore.java:115)
  at org.gradle.api.internal.tasks.testing.junit.JUnitTestExecutor.runRequest(JUnitTestExecutor.java:175)
  at org.gradle.api.internal.tasks.testing.junit.JUnitTestExecutor.accept(JUnitTestExecutor.java:84)
  at org.gradle.api.internal.tasks.testing.junit.JUnitTestExecutor.accept(JUnitTestExecutor.java:47)
  at org.gradle.api.internal.tasks.testing.junit.AbstractJUnitTestDefinitionProcessor.processTestDefinition(AbstractJUnitTestDefinitionProcessor.java:65)
  at org.gradle.api.internal.tasks.testing.SuiteTestDefinitionProcessor.processTestDefinition(SuiteTestDefinitionProcessor.java:54)
  at java.base/jdk.internal.reflect.DirectMethodHandleAccessor.invoke(DirectMethodHandleAccessor.java:104)
  at java.base/java.lang.reflect.Method.invoke(Method.java:565)
  at org.gradle.internal.dispatch.MethodInvocation.invokeOn(MethodInvocation.java:77)
  at org.gradle.internal.dispatch.ReflectionDispatch.dispatch(ReflectionDispatch.java:28)
  at org.gradle.internal.dispatch.ReflectionDispatch.dispatch(ReflectionDispatch.java:19)
  at org.gradle.internal.dispatch.ContextClassLoaderDispatch.dispatch(ContextClassLoaderDispatch.java:33)
  at org.gradle.internal.dispatch.ProxyDispatchAdapter$DispatchingInvocationHandler.invoke(ProxyDispatchAdapter.java:88)
  at jdk.proxy1/jdk.proxy1.$Proxy4.processTestDefinition(Unknown Source)
  at org.gradle.api.internal.tasks.testing.worker.TestWorker$2.run(TestWorker.java:178)
  at org.gradle.api.internal.tasks.testing.worker.TestWorker.executeAndMaintainThreadName(TestWorker.java:126)
  at org.gradle.api.internal.tasks.testing.worker.TestWorker.execute(TestWorker.java:103)
  at org.gradle.api.internal.tasks.testing.worker.TestWorker.execute(TestWorker.java:63)
  at org.gradle.process.internal.worker.child.ActionExecutionWorker.execute(ActionExecutionWorker.java:56)
  at org.gradle.process.internal.worker.child.SystemApplicationClassLoaderWorker.call(SystemApplicationClassLoaderWorker.java:122)
  at org.gradle.process.internal.worker.child.SystemApplicationClassLoaderWorker.call(SystemApplicationClassLoaderWorker.java:72)
  at worker.org.gradle.process.internal.worker.GradleWorkerMain.run(GradleWorkerMain.java:69)
  at worker.org.gradle.process.internal.worker.GradleWorkerMain.main(GradleWorkerMain.java:74)
</stacktrace>
</test-failure>


TypeScriptCompilerTests_E[jvm] > exportDefaultStripsFreshness_ts has expected errors matching exportDefaultStripsFreshness_errors_txt[jvm] FAILED

<test-failure test="com.xemantic.typescript.compiler.TypeScriptCompilerTests_E.es5-asyncFunctionWithStatements_ts__alwaysstrict_true_target_es2015__has expected errors matching baseline" platform="jvm">
<message>
--- expected
+++ actual
@@ -1,27 +1,22 @@
 es5-asyncFunctionWithStatements.ts(4,5): error TS1101: 'with' statements are not allowed in strict mode.
-es5-asyncFunctionWithStatements.ts(4,5): error TS1300: 'with' statements are not allowed in an async function block.
 es5-asyncFunctionWithStatements.ts(4,5): error TS2410: The 'with' statement is not supported. All symbols in a 'with' block will have type 'any'.
 es5-asyncFunctionWithStatements.ts(10,5): error TS1101: 'with' statements are not allowed in strict mode.
-es5-asyncFunctionWithStatements.ts(10,5): error TS1300: 'with' statements are not allowed in an async function block.
 es5-asyncFunctionWithStatements.ts(10,5): error TS2410: The 'with' statement is not supported. All symbols in a 'with' block will have type 'any'.
 es5-asyncFunctionWithStatements.ts(16,5): error TS1101: 'with' statements are not allowed in strict mode.
-es5-asyncFunctionWithStatements.ts(16,5): error TS1300: 'with' statements are not allowed in an async function block.
 es5-asyncFunctionWithStatements.ts(16,5): error TS2410: The 'with' statement is not supported. All symbols in a 'with' block will have type 'any'.
 es5-asyncFunctionWithStatements.ts(24,5): error TS1101: 'with' statements are not allowed in strict mode.
-es5-asyncFunctionWithStatements.ts(24,5): error TS1300: 'with' statements are not allowed in an async function block.
 es5-asyncFunctionWithStatements.ts(24,5): error TS2410: The 'with' statement is not supported. All symbols in a 'with' block will have type 'any'.
 es5-asyncFunctionWithStatements.ts(25,9): error TS1101: 'with' statements are not allowed in strict mode.
+es5-asyncFunctionWithStatements.ts(25,9): error TS2410: The 'with' statement is not supported. All symbols in a 'with' block will have type 'any'.
 
 
-==== es5-asyncFunctionWithStatements.ts (13 errors) ====
+==== es5-asyncFunctionWithStatements.ts (10 errors) ====
     declare var x, y, z, a, b, c;
     
     async function withStatement0() {
         with (x) {
         ~~~~
 !!! error TS1101: 'with' statements are not allowed in strict mode.
-        ~~~~
-!!! error TS1300: 'with' statements are not allowed in an async function block.
         ~~~~~~~~
 !!! error TS2410: The 'with' statement is not supported. All symbols in a 'with' block will have type 'any'.
             y;
@@ -32,8 +27,6 @@
         with (await x) {
         ~~~~
 !!! error TS1101: 'with' statements are not allowed in strict mode.
-        ~~~~
-!!! error TS1300: 'with' statements are not allowed in an async function block.
         ~~~~~~~~~~~~~~
 !!! error TS2410: The 'with' statement is not supported. All symbols in a 'with' block will have type 'any'.
             y;
@@ -44,8 +37,6 @@
         with (x) {
         ~~~~
 !!! error TS1101: 'with' statements are not allowed in strict mode.
-        ~~~~
-!!! error TS1300: 'with' statements are not allowed in an async function block.
         ~~~~~~~~
 !!! error TS2410: The 'with' statement is not supported. All symbols in a 'with' block will have type 'any'.
             a;
@@ -58,13 +49,13 @@
         with (x) {
         ~~~~
 !!! error TS1101: 'with' statements are not allowed in strict mode.
-        ~~~~
-!!! error TS1300: 'with' statements are not allowed in an async function block.
         ~~~~~~~~
 !!! error TS2410: The 'with' statement is not supported. All symbols in a 'with' block will have type 'any'.
             with (z) {
             ~~~~
 !!! error TS1101: 'with' statements are not allowed in strict mode.
+            ~~~~~~~~
+!!! error TS2410: The 'with' statement is not supported. All symbols in a 'with' block will have type 'any'.
                 a;
                 await y;
                 b;

</message>
<stacktrace>
  at org.junit.Assert.fail(Assert.java:89)
  at kotlin.test.junit.JUnitAsserter.fail(JUnitSupport.kt:56)
  at kotlin.test.AssertionsKt__AssertionsKt.fail(Assertions.kt:563)
  at kotlin.test.AssertionsKt.fail(Unknown Source)
  at com.xemantic.kotlin.test.SameAsKt.sameAs(SameAs.kt:52)
  at com.xemantic.typescript.compiler.TypeScriptTestSupportKt.errorsMatchBaseline(TypeScriptTestSupport.kt:135)
  at com.xemantic.typescript.compiler.TypeScriptCompilerTests_E.es5-asyncFunctionWithStatements_ts__alwaysstrict_true_target_es2015__has expected errors matching baseline(TypeScriptCompilerTests_E.kt:2142)
  at java.base/jdk.internal.reflect.DirectMethodHandleAccessor.invoke(DirectMethodHandleAccessor.java:104)
  at java.base/java.lang.reflect.Method.invoke(Method.java:565)
  at org.junit.runners.model.FrameworkMethod$1.runReflectiveCall(FrameworkMethod.java:59)
  at org.junit.internal.runners.model.ReflectiveCallable.run(ReflectiveCallable.java:12)
  at org.junit.runners.model.FrameworkMethod.invokeExplosively(FrameworkMethod.java:56)
  at org.junit.internal.runners.statements.InvokeMethod.evaluate(InvokeMethod.java:17)
  at org.junit.runners.ParentRunner$3.evaluate(ParentRunner.java:306)
  at org.junit.runners.BlockJUnit4ClassRunner$1.evaluate(BlockJUnit4ClassRunner.java:100)
  at org.junit.runners.ParentRunner.runLeaf(ParentRunner.java:366)
  at org.junit.runners.BlockJUnit4ClassRunner.runChild(BlockJUnit4ClassRunner.java:103)
  at org.junit.runners.BlockJUnit4ClassRunner.runChild(BlockJUnit4ClassRunner.java:63)
  at org.junit.runners.ParentRunner$4.run(ParentRunner.java:331)
  at org.junit.runners.ParentRunner$1.schedule(ParentRunner.java:79)
  at org.junit.runners.ParentRunner.runChildren(ParentRunner.java:329)
  at org.junit.runners.ParentRunner.access$100(ParentRunner.java:66)
  at org.junit.runners.ParentRunner$2.evaluate(ParentRunner.java:293)
  at org.junit.runners.ParentRunner$3.evaluate(ParentRunner.java:306)
  at org.junit.runners.ParentRunner.run(ParentRunner.java:413)
  at org.junit.runner.JUnitCore.run(JUnitCore.java:137)
  at org.junit.runner.JUnitCore.run(JUnitCore.java:115)
  at org.gradle.api.internal.tasks.testing.junit.JUnitTestExecutor.runRequest(JUnitTestExecutor.java:175)
  at org.gradle.api.internal.tasks.testing.junit.JUnitTestExecutor.accept(JUnitTestExecutor.java:84)
  at org.gradle.api.internal.tasks.testing.junit.JUnitTestExecutor.accept(JUnitTestExecutor.java:47)
  at org.gradle.api.internal.tasks.testing.junit.AbstractJUnitTestDefinitionProcessor.processTestDefinition(AbstractJUnitTestDefinitionProcessor.java:65)
  at org.gradle.api.internal.tasks.testing.SuiteTestDefinitionProcessor.processTestDefinition(SuiteTestDefinitionProcessor.java:54)
  at java.base/jdk.internal.reflect.DirectMethodHandleAccessor.invoke(DirectMethodHandleAccessor.java:104)
  at java.base/java.lang.reflect.Method.invoke(Method.java:565)
  at org.gradle.internal.dispatch.MethodInvocation.invokeOn(MethodInvocation.java:77)
  at org.gradle.internal.dispatch.ReflectionDispatch.dispatch(ReflectionDispatch.java:28)
  at org.gradle.internal.dispatch.ReflectionDispatch.dispatch(ReflectionDispatch.java:19)
  at org.gradle.internal.dispatch.ContextClassLoaderDispatch.dispatch(ContextClassLoaderDispatch.java:33)
  at org.gradle.internal.dispatch.ProxyDispatchAdapter$DispatchingInvocationHandler.invoke(ProxyDispatchAdapter.java:88)
  at jdk.proxy1/jdk.proxy1.$Proxy4.processTestDefinition(Unknown Source)
  at org.gradle.api.internal.tasks.testing.worker.TestWorker$2.run(TestWorker.java:178)
  at org.gradle.api.internal.tasks.testing.worker.TestWorker.executeAndMaintainThreadName(TestWorker.java:126)
  at org.gradle.api.internal.tasks.testing.worker.TestWorker.execute(TestWorker.java:103)
  at org.gradle.api.internal.tasks.testing.worker.TestWorker.execute(TestWorker.java:63)
  at org.gradle.process.internal.worker.child.ActionExecutionWorker.execute(ActionExecutionWorker.java:56)
  at org.gradle.process.internal.worker.child.SystemApplicationClassLoaderWorker.call(SystemApplicationClassLoaderWorker.java:122)
  at org.gradle.process.internal.worker.child.SystemApplicationClassLoaderWorker.call(SystemApplicationClassLoaderWorker.java:72)
  at worker.org.gradle.process.internal.worker.GradleWorkerMain.run(GradleWorkerMain.java:69)
  at worker.org.gradle.process.internal.worker.GradleWorkerMain.main(GradleWorkerMain.java:74)
</stacktrace>
</test-failure>


TypeScriptCompilerTests_E[jvm] > es5-asyncFunctionWithStatements_ts__alwaysstrict_true_target_es2015__has expected errors matching baseline[jvm] FAILED

<test-failure test="com.xemantic.typescript.compiler.TypeScriptCompilerTests_E.extendsClauseAlreadySeen_ts has expected errors matching extendsClauseAlreadySeen_errors_txt" platform="jvm">
<message>
Expected diagnostics from baseline typescript-repo/tests/baselines/reference/extendsClauseAlreadySeen.errors.txt but none produced
</message>
<stacktrace>
  at com.xemantic.typescript.compiler.TypeScriptTestSupportKt.errorsMatchBaseline(TypeScriptTestSupport.kt:125)
  at com.xemantic.typescript.compiler.TypeScriptCompilerTests_E.extendsClauseAlreadySeen_ts has expected errors matching extendsClauseAlreadySeen_errors_txt(TypeScriptCompilerTests_E.kt:6517)
  at java.base/jdk.internal.reflect.DirectMethodHandleAccessor.invoke(DirectMethodHandleAccessor.java:104)
  at java.base/java.lang.reflect.Method.invoke(Method.java:565)
  at org.junit.runners.model.FrameworkMethod$1.runReflectiveCall(FrameworkMethod.java:59)
  at org.junit.internal.runners.model.ReflectiveCallable.run(ReflectiveCallable.java:12)
  at org.junit.runners.model.FrameworkMethod.invokeExplosively(FrameworkMethod.java:56)
  at org.junit.internal.runners.statements.InvokeMethod.evaluate(InvokeMethod.java:17)
  at org.junit.runners.ParentRunner$3.evaluate(ParentRunner.java:306)
  at org.junit.runners.BlockJUnit4ClassRunner$1.evaluate(BlockJUnit4ClassRunner.java:100)
  at org.junit.runners.ParentRunner.runLeaf(ParentRunner.java:366)
  at org.junit.runners.BlockJUnit4ClassRunner.runChild(BlockJUnit4ClassRunner.java:103)
  at org.junit.runners.BlockJUnit4ClassRunner.runChild(BlockJUnit4ClassRunner.java:63)
  at org.junit.runners.ParentRunner$4.run(ParentRunner.java:331)
  at org.junit.runners.ParentRunner$1.schedule(ParentRunner.java:79)
  at org.junit.runners.ParentRunner.runChildren(ParentRunner.java:329)
  at org.junit.runners.ParentRunner.access$100(ParentRunner.java:66)
  at org.junit.runners.ParentRunner$2.evaluate(ParentRunner.java:293)
  at org.junit.runners.ParentRunner$3.evaluate(ParentRunner.java:306)
  at org.junit.runners.ParentRunner.run(ParentRunner.java:413)
  at org.junit.runner.JUnitCore.run(JUnitCore.java:137)
  at org.junit.runner.JUnitCore.run(JUnitCore.java:115)
  at org.gradle.api.internal.tasks.testing.junit.JUnitTestExecutor.runRequest(JUnitTestExecutor.java:175)
  at org.gradle.api.internal.tasks.testing.junit.JUnitTestExecutor.accept(JUnitTestExecutor.java:84)
  at org.gradle.api.internal.tasks.testing.junit.JUnitTestExecutor.accept(JUnitTestExecutor.java:47)
  at org.gradle.api.internal.tasks.testing.junit.AbstractJUnitTestDefinitionProcessor.processTestDefinition(AbstractJUnitTestDefinitionProcessor.java:65)
  at org.gradle.api.internal.tasks.testing.SuiteTestDefinitionProcessor.processTestDefinition(SuiteTestDefinitionProcessor.java:54)
  at java.base/jdk.internal.reflect.DirectMethodHandleAccessor.invoke(DirectMethodHandleAccessor.java:104)
  at java.base/java.lang.reflect.Method.invoke(Method.java:565)
  at org.gradle.internal.dispatch.MethodInvocation.invokeOn(MethodInvocation.java:77)
  at org.gradle.internal.dispatch.ReflectionDispatch.dispatch(ReflectionDispatch.java:28)
  at org.gradle.internal.dispatch.ReflectionDispatch.dispatch(ReflectionDispatch.java:19)
  at org.gradle.internal.dispatch.ContextClassLoaderDispatch.dispatch(ContextClassLoaderDispatch.java:33)
  at org.gradle.internal.dispatch.ProxyDispatchAdapter$DispatchingInvocationHandler.invoke(ProxyDispatchAdapter.java:88)
  at jdk.proxy1/jdk.proxy1.$Proxy4.processTestDefinition(Unknown Source)
  at org.gradle.api.internal.tasks.testing.worker.TestWorker$2.run(TestWorker.java:178)
  at org.gradle.api.internal.tasks.testing.worker.TestWorker.executeAndMaintainThreadName(TestWorker.java:126)
  at org.gradle.api.internal.tasks.testing.worker.TestWorker.execute(TestWorker.java:103)
  at org.gradle.api.internal.tasks.testing.worker.TestWorker.execute(TestWorker.java:63)
  at org.gradle.process.internal.worker.child.ActionExecutionWorker.execute(ActionExecutionWorker.java:56)
  at org.gradle.process.internal.worker.child.SystemApplicationClassLoaderWorker.call(SystemApplicationClassLoaderWorker.java:122)
  at org.gradle.process.internal.worker.child.SystemApplicationClassLoaderWorker.call(SystemApplicationClassLoaderWorker.java:72)
  at worker.org.gradle.process.internal.worker.GradleWorkerMain.run(GradleWorkerMain.java:69)
  at worker.org.gradle.process.internal.worker.GradleWorkerMain.main(GradleWorkerMain.java:74)
</stacktrace>
</test-failure>


TypeScriptCompilerTests_E[jvm] > extendsClauseAlreadySeen_ts has expected errors matching extendsClauseAlreadySeen_errors_txt[jvm] FAILED

<test-failure test="com.xemantic.typescript.compiler.TypeScriptCompilerTests_E.es6ImportDefaultBindingFollowedWithNamespaceBindingDts_ts has expected errors matching es6ImportDefaultBindingFollowedWithNamespaceBindingDts_errors_txt" platform="jvm">
<message>
Expected diagnostics from baseline typescript-repo/tests/baselines/reference/es6ImportDefaultBindingFollowedWithNamespaceBindingDts.errors.txt but none produced
</message>
<stacktrace>
  at com.xemantic.typescript.compiler.TypeScriptTestSupportKt.errorsMatchBaseline(TypeScriptTestSupport.kt:125)
  at com.xemantic.typescript.compiler.TypeScriptCompilerTests_E.es6ImportDefaultBindingFollowedWithNamespaceBindingDts_ts has expected errors matching es6ImportDefaultBindingFollowedWithNamespaceBindingDts_errors_txt(TypeScriptCompilerTests_E.kt:3297)
  at java.base/jdk.internal.reflect.DirectMethodHandleAccessor.invoke(DirectMethodHandleAccessor.java:104)
  at java.base/java.lang.reflect.Method.invoke(Method.java:565)
  at org.junit.runners.model.FrameworkMethod$1.runReflectiveCall(FrameworkMethod.java:59)
  at org.junit.internal.runners.model.ReflectiveCallable.run(ReflectiveCallable.java:12)
  at org.junit.runners.model.FrameworkMethod.invokeExplosively(FrameworkMethod.java:56)
  at org.junit.internal.runners.statements.InvokeMethod.evaluate(InvokeMethod.java:17)
  at org.junit.runners.ParentRunner$3.evaluate(ParentRunner.java:306)
  at org.junit.runners.BlockJUnit4ClassRunner$1.evaluate(BlockJUnit4ClassRunner.java:100)
  at org.junit.runners.ParentRunner.runLeaf(ParentRunner.java:366)
  at org.junit.runners.BlockJUnit4ClassRunner.runChild(BlockJUnit4ClassRunner.java:103)
  at org.junit.runners.BlockJUnit4ClassRunner.runChild(BlockJUnit4ClassRunner.java:63)
  at org.junit.runners.ParentRunner$4.run(ParentRunner.java:331)
  at org.junit.runners.ParentRunner$1.schedule(ParentRunner.java:79)
  at org.junit.runners.ParentRunner.runChildren(ParentRunner.java:329)
  at org.junit.runners.ParentRunner.access$100(ParentRunner.java:66)
  at org.junit.runners.ParentRunner$2.evaluate(ParentRunner.java:293)
  at org.junit.runners.ParentRunner$3.evaluate(ParentRunner.java:306)
  at org.junit.runners.ParentRunner.run(ParentRunner.java:413)
  at org.junit.runner.JUnitCore.run(JUnitCore.java:137)
  at org.junit.runner.JUnitCore.run(JUnitCore.java:115)
  at org.gradle.api.internal.tasks.testing.junit.JUnitTestExecutor.runRequest(JUnitTestExecutor.java:175)
  at org.gradle.api.internal.tasks.testing.junit.JUnitTestExecutor.accept(JUnitTestExecutor.java:84)
  at org.gradle.api.internal.tasks.testing.junit.JUnitTestExecutor.accept(JUnitTestExecutor.java:47)
  at org.gradle.api.internal.tasks.testing.junit.AbstractJUnitTestDefinitionProcessor.processTestDefinition(AbstractJUnitTestDefinitionProcessor.java:65)
  at org.gradle.api.internal.tasks.testing.SuiteTestDefinitionProcessor.processTestDefinition(SuiteTestDefinitionProcessor.java:54)
  at java.base/jdk.internal.reflect.DirectMethodHandleAccessor.invoke(DirectMethodHandleAccessor.java:104)
  at java.base/java.lang.reflect.Method.invoke(Method.java:565)
  at org.gradle.internal.dispatch.MethodInvocation.invokeOn(MethodInvocation.java:77)
  at org.gradle.internal.dispatch.ReflectionDispatch.dispatch(ReflectionDispatch.java:28)
  at org.gradle.internal.dispatch.ReflectionDispatch.dispatch(ReflectionDispatch.java:19)
  at org.gradle.internal.dispatch.ContextClassLoaderDispatch.dispatch(ContextClassLoaderDispatch.java:33)
  at org.gradle.internal.dispatch.ProxyDispatchAdapter$DispatchingInvocationHandler.invoke(ProxyDispatchAdapter.java:88)
  at jdk.proxy1/jdk.proxy1.$Proxy4.processTestDefinition(Unknown Source)
  at org.gradle.api.internal.tasks.testing.worker.TestWorker$2.run(TestWorker.java:178)
  at org.gradle.api.internal.tasks.testing.worker.TestWorker.executeAndMaintainThreadName(TestWorker.java:126)
  at org.gradle.api.internal.tasks.testing.worker.TestWorker.execute(TestWorker.java:103)
  at org.gradle.api.internal.tasks.testing.worker.TestWorker.execute(TestWorker.java:63)
  at org.gradle.process.internal.worker.child.ActionExecutionWorker.execute(ActionExecutionWorker.java:56)
  at org.gradle.process.internal.worker.child.SystemApplicationClassLoaderWorker.call(SystemApplicationClassLoaderWorker.java:122)
  at org.gradle.process.internal.worker.child.SystemApplicationClassLoaderWorker.call(SystemApplicationClassLoaderWorker.java:72)
  at worker.org.gradle.process.internal.worker.GradleWorkerMain.run(GradleWorkerMain.java:69)
  at worker.org.gradle.process.internal.worker.GradleWorkerMain.main(GradleWorkerMain.java:74)
</stacktrace>
</test-failure>


TypeScriptCompilerTests_E[jvm] > es6ImportDefaultBindingFollowedWithNamespaceBindingDts_ts has expected errors matching es6ImportDefaultBindingFollowedWithNamespaceBindingDts_errors_txt[jvm] FAILED

<test-failure test="com.xemantic.typescript.compiler.TypeScriptCompilerTests_E.es6ImportDefaultBindingFollowedWithNamedImportInEs5_ts__target_es2015__has expected errors matching baseline" platform="jvm">
<message>
Expected diagnostics from baseline typescript-repo/tests/baselines/reference/es6ImportDefaultBindingFollowedWithNamedImportInEs5(target=es2015).errors.txt but none produced
</message>
<stacktrace>
  at com.xemantic.typescript.compiler.TypeScriptTestSupportKt.errorsMatchBaseline(TypeScriptTestSupport.kt:125)
  at com.xemantic.typescript.compiler.TypeScriptCompilerTests_E.es6ImportDefaultBindingFollowedWithNamedImportInEs5_ts__target_es2015__has expected errors matching baseline(TypeScriptCompilerTests_E.kt:3213)
  at java.base/jdk.internal.reflect.DirectMethodHandleAccessor.invoke(DirectMethodHandleAccessor.java:104)
  at java.base/java.lang.reflect.Method.invoke(Method.java:565)
  at org.junit.runners.model.FrameworkMethod$1.runReflectiveCall(FrameworkMethod.java:59)
  at org.junit.internal.runners.model.ReflectiveCallable.run(ReflectiveCallable.java:12)
  at org.junit.runners.model.FrameworkMethod.invokeExplosively(FrameworkMethod.java:56)
  at org.junit.internal.runners.statements.InvokeMethod.evaluate(InvokeMethod.java:17)
  at org.junit.runners.ParentRunner$3.evaluate(ParentRunner.java:306)
  at org.junit.runners.BlockJUnit4ClassRunner$1.evaluate(BlockJUnit4ClassRunner.java:100)
  at org.junit.runners.ParentRunner.runLeaf(ParentRunner.java:366)
  at org.junit.runners.BlockJUnit4ClassRunner.runChild(BlockJUnit4ClassRunner.java:103)
  at org.junit.runners.BlockJUnit4ClassRunner.runChild(BlockJUnit4ClassRunner.java:63)
  at org.junit.runners.ParentRunner$4.run(ParentRunner.java:331)
  at org.junit.runners.ParentRunner$1.schedule(ParentRunner.java:79)
  at org.junit.runners.ParentRunner.runChildren(ParentRunner.java:329)
  at org.junit.runners.ParentRunner.access$100(ParentRunner.java:66)
  at org.junit.runners.ParentRunner$2.evaluate(ParentRunner.java:293)
  at org.junit.runners.ParentRunner$3.evaluate(ParentRunner.java:306)
  at org.junit.runners.ParentRunner.run(ParentRunner.java:413)
  at org.junit.runner.JUnitCore.run(JUnitCore.java:137)
  at org.junit.runner.JUnitCore.run(JUnitCore.java:115)
  at org.gradle.api.internal.tasks.testing.junit.JUnitTestExecutor.runRequest(JUnitTestExecutor.java:175)
  at org.gradle.api.internal.tasks.testing.junit.JUnitTestExecutor.accept(JUnitTestExecutor.java:84)
  at org.gradle.api.internal.tasks.testing.junit.JUnitTestExecutor.accept(JUnitTestExecutor.java:47)
  at org.gradle.api.internal.tasks.testing.junit.AbstractJUnitTestDefinitionProcessor.processTestDefinition(AbstractJUnitTestDefinitionProcessor.java:65)
  at org.gradle.api.internal.tasks.testing.SuiteTestDefinitionProcessor.processTestDefinition(SuiteTestDefinitionProcessor.java:54)
  at java.base/jdk.internal.reflect.DirectMethodHandleAccessor.invoke(DirectMethodHandleAccessor.java:104)
  at java.base/java.lang.reflect.Method.invoke(Method.java:565)
  at org.gradle.internal.dispatch.MethodInvocation.invokeOn(MethodInvocation.java:77)
  at org.gradle.internal.dispatch.ReflectionDispatch.dispatch(ReflectionDispatch.java:28)
  at org.gradle.internal.dispatch.ReflectionDispatch.dispatch(ReflectionDispatch.java:19)
  at org.gradle.internal.dispatch.ContextClassLoaderDispatch.dispatch(ContextClassLoaderDispatch.java:33)
  at org.gradle.internal.dispatch.ProxyDispatchAdapter$DispatchingInvocationHandler.invoke(ProxyDispatchAdapter.java:88)
  at jdk.proxy1/jdk.proxy1.$Proxy4.processTestDefinition(Unknown Source)
  at org.gradle.api.internal.tasks.testing.worker.TestWorker$2.run(TestWorker.java:178)
  at org.gradle.api.internal.tasks.testing.worker.TestWorker.executeAndMaintainThreadName(TestWorker.java:126)
  at org.gradle.api.internal.tasks.testing.worker.TestWorker.execute(TestWorker.java:103)
  at org.gradle.api.internal.tasks.testing.worker.TestWorker.execute(TestWorker.java:63)
  at org.gradle.process.internal.worker.child.ActionExecutionWorker.execute(ActionExecutionWorker.java:56)
  at org.gradle.process.internal.worker.child.SystemApplicationClassLoaderWorker.call(SystemApplicationClassLoaderWorker.java:122)
  at org.gradle.process.internal.worker.child.SystemApplicationClassLoaderWorker.call(SystemApplicationClassLoaderWorker.java:72)
  at worker.org.gradle.process.internal.worker.GradleWorkerMain.run(GradleWorkerMain.java:69)
  at worker.org.gradle.process.internal.worker.GradleWorkerMain.main(GradleWorkerMain.java:74)
</stacktrace>
</test-failure>


TypeScriptCompilerTests_E[jvm] > es6ImportDefaultBindingFollowedWithNamedImportInEs5_ts__target_es2015__has expected errors matching baseline[jvm] FAILED

<test-failure test="com.xemantic.typescript.compiler.TypeScriptCompilerTests_E.enumAssignmentCompat7_ts has expected errors matching enumAssignmentCompat7_errors_txt" platform="jvm">
<message>
Expected diagnostics from baseline typescript-repo/tests/baselines/reference/enumAssignmentCompat7.errors.txt but none produced
</message>
<stacktrace>
  at com.xemantic.typescript.compiler.TypeScriptTestSupportKt.errorsMatchBaseline(TypeScriptTestSupport.kt:125)
  at com.xemantic.typescript.compiler.TypeScriptCompilerTests_E.enumAssignmentCompat7_ts has expected errors matching enumAssignmentCompat7_errors_txt(TypeScriptCompilerTests_E.kt:784)
  at java.base/jdk.internal.reflect.DirectMethodHandleAccessor.invoke(DirectMethodHandleAccessor.java:104)
  at java.base/java.lang.reflect.Method.invoke(Method.java:565)
  at org.junit.runners.model.FrameworkMethod$1.runReflectiveCall(FrameworkMethod.java:59)
  at org.junit.internal.runners.model.ReflectiveCallable.run(ReflectiveCallable.java:12)
  at org.junit.runners.model.FrameworkMethod.invokeExplosively(FrameworkMethod.java:56)
  at org.junit.internal.runners.statements.InvokeMethod.evaluate(InvokeMethod.java:17)
  at org.junit.runners.ParentRunner$3.evaluate(ParentRunner.java:306)
  at org.junit.runners.BlockJUnit4ClassRunner$1.evaluate(BlockJUnit4ClassRunner.java:100)
  at org.junit.runners.ParentRunner.runLeaf(ParentRunner.java:366)
  at org.junit.runners.BlockJUnit4ClassRunner.runChild(BlockJUnit4ClassRunner.java:103)
  at org.junit.runners.BlockJUnit4ClassRunner.runChild(BlockJUnit4ClassRunner.java:63)
  at org.junit.runners.ParentRunner$4.run(ParentRunner.java:331)
  at org.junit.runners.ParentRunner$1.schedule(ParentRunner.java:79)
  at org.junit.runners.ParentRunner.runChildren(ParentRunner.java:329)
  at org.junit.runners.ParentRunner.access$100(ParentRunner.java:66)
  at org.junit.runners.ParentRunner$2.evaluate(ParentRunner.java:293)
  at org.junit.runners.ParentRunner$3.evaluate(ParentRunner.java:306)
  at org.junit.runners.ParentRunner.run(ParentRunner.java:413)
  at org.junit.runner.JUnitCore.run(JUnitCore.java:137)
  at org.junit.runner.JUnitCore.run(JUnitCore.java:115)
  at org.gradle.api.internal.tasks.testing.junit.JUnitTestExecutor.runRequest(JUnitTestExecutor.java:175)
  at org.gradle.api.internal.tasks.testing.junit.JUnitTestExecutor.accept(JUnitTestExecutor.java:84)
  at org.gradle.api.internal.tasks.testing.junit.JUnitTestExecutor.accept(JUnitTestExecutor.java:47)
  at org.gradle.api.internal.tasks.testing.junit.AbstractJUnitTestDefinitionProcessor.processTestDefinition(AbstractJUnitTestDefinitionProcessor.java:65)
  at org.gradle.api.internal.tasks.testing.SuiteTestDefinitionProcessor.processTestDefinition(SuiteTestDefinitionProcessor.java:54)
  at java.base/jdk.internal.reflect.DirectMethodHandleAccessor.invoke(DirectMethodHandleAccessor.java:104)
  at java.base/java.lang.reflect.Method.invoke(Method.java:565)
  at org.gradle.internal.dispatch.MethodInvocation.invokeOn(MethodInvocation.java:77)
  at org.gradle.internal.dispatch.ReflectionDispatch.dispatch(ReflectionDispatch.java:28)
  at org.gradle.internal.dispatch.ReflectionDispatch.dispatch(ReflectionDispatch.java:19)
  at org.gradle.internal.dispatch.ContextClassLoaderDispatch.dispatch(ContextClassLoaderDispatch.java:33)
  at org.gradle.internal.dispatch.ProxyDispatchAdapter$DispatchingInvocationHandler.invoke(ProxyDispatchAdapter.java:88)
  at jdk.proxy1/jdk.proxy1.$Proxy4.processTestDefinition(Unknown Source)
  at org.gradle.api.internal.tasks.testing.worker.TestWorker$2.run(TestWorker.java:178)
  at org.gradle.api.internal.tasks.testing.worker.TestWorker.executeAndMaintainThreadName(TestWorker.java:126)
  at org.gradle.api.internal.tasks.testing.worker.TestWorker.execute(TestWorker.java:103)
  at org.gradle.api.internal.tasks.testing.worker.TestWorker.execute(TestWorker.java:63)
  at org.gradle.process.internal.worker.child.ActionExecutionWorker.execute(ActionExecutionWorker.java:56)
  at org.gradle.process.internal.worker.child.SystemApplicationClassLoaderWorker.call(SystemApplicationClassLoaderWorker.java:122)
  at org.gradle.process.internal.worker.child.SystemApplicationClassLoaderWorker.call(SystemApplicationClassLoaderWorker.java:72)
  at worker.org.gradle.process.internal.worker.GradleWorkerMain.run(GradleWorkerMain.java:69)
  at worker.org.gradle.process.internal.worker.GradleWorkerMain.main(GradleWorkerMain.java:74)
</stacktrace>
</test-failure>


TypeScriptCompilerTests_E[jvm] > enumAssignmentCompat7_ts has expected errors matching enumAssignmentCompat7_errors_txt[jvm] FAILED

<test-failure test="com.xemantic.typescript.compiler.TypeScriptCompilerTests_E.errorWithTruncatedType_ts has expected errors matching errorWithTruncatedType_errors_txt" platform="jvm">
<message>
--- expected
+++ actual
@@ -1,4 +1,4 @@
-errorWithTruncatedType.ts(10,5): error TS2322: Type '{ propertyWithAnExceedinglyLongName1: string; propertyWithAnExceedinglyLongName2: string; propertyWithAnExceedinglyLongName3: string; propertyWithAnExceedinglyLongName4: string; propertyWithAnExceedinglyLongName5: string; }' is not assignable to type 'string'.
+errorWithTruncatedType.ts(10,5): error TS2322: Type '{ ... }' is not assignable to type 'string'.
 
 
 ==== errorWithTruncatedType.ts (1 errors) ====
@@ -13,4 +13,4 @@
     // String representation of type of 'x' should be truncated in error message
     var s: string = x;
         ~
-!!! error TS2322: Type '{ propertyWithAnExceedinglyLongName1: string; propertyWithAnExceedinglyLongName2: string; propertyWithAnExceedinglyLongName3: string; propertyWithAnExceedinglyLongName4: string; propertyWithAnExceedinglyLongName5: string; }' is not assignable to type 'string'.
+!!! error TS2322: Type '{ ... }' is not assignable to type 'string'.

</message>
<stacktrace>
  at org.junit.Assert.fail(Assert.java:89)
  at kotlin.test.junit.JUnitAsserter.fail(JUnitSupport.kt:56)
  at kotlin.test.AssertionsKt__AssertionsKt.fail(Assertions.kt:563)
  at kotlin.test.AssertionsKt.fail(Unknown Source)
  at com.xemantic.kotlin.test.SameAsKt.sameAs(SameAs.kt:52)
  at com.xemantic.typescript.compiler.TypeScriptTestSupportKt.errorsMatchBaseline(TypeScriptTestSupport.kt:135)
  at com.xemantic.typescript.compiler.TypeScriptCompilerTests_E.errorWithTruncatedType_ts has expected errors matching errorWithTruncatedType_errors_txt(TypeScriptCompilerTests_E.kt:1701)
  at java.base/jdk.internal.reflect.DirectMethodHandleAccessor.invoke(DirectMethodHandleAccessor.java:104)
  at java.base/java.lang.reflect.Method.invoke(Method.java:565)
  at org.junit.runners.model.FrameworkMethod$1.runReflectiveCall(FrameworkMethod.java:59)
  at org.junit.internal.runners.model.ReflectiveCallable.run(ReflectiveCallable.java:12)
  at org.junit.runners.model.FrameworkMethod.invokeExplosively(FrameworkMethod.java:56)
  at org.junit.internal.runners.statements.InvokeMethod.evaluate(InvokeMethod.java:17)
  at org.junit.runners.ParentRunner$3.evaluate(ParentRunner.java:306)
  at org.junit.runners.BlockJUnit4ClassRunner$1.evaluate(BlockJUnit4ClassRunner.java:100)
  at org.junit.runners.ParentRunner.runLeaf(ParentRunner.java:366)
  at org.junit.runners.BlockJUnit4ClassRunner.runChild(BlockJUnit4ClassRunner.java:103)
  at org.junit.runners.BlockJUnit4ClassRunner.runChild(BlockJUnit4ClassRunner.java:63)
  at org.junit.runners.ParentRunner$4.run(ParentRunner.java:331)
  at org.junit.runners.ParentRunner$1.schedule(ParentRunner.java:79)
  at org.junit.runners.ParentRunner.runChildren(ParentRunner.java:329)
  at org.junit.runners.ParentRunner.access$100(ParentRunner.java:66)
  at org.junit.runners.ParentRunner$2.evaluate(ParentRunner.java:293)
  at org.junit.runners.ParentRunner$3.evaluate(ParentRunner.java:306)
  at org.junit.runners.ParentRunner.run(ParentRunner.java:413)
  at org.junit.runner.JUnitCore.run(JUnitCore.java:137)
  at org.junit.runner.JUnitCore.run(JUnitCore.java:115)
  at org.gradle.api.internal.tasks.testing.junit.JUnitTestExecutor.runRequest(JUnitTestExecutor.java:175)
  at org.gradle.api.internal.tasks.testing.junit.JUnitTestExecutor.accept(JUnitTestExecutor.java:84)
  at org.gradle.api.internal.tasks.testing.junit.JUnitTestExecutor.accept(JUnitTestExecutor.java:47)
  at org.gradle.api.internal.tasks.testing.junit.AbstractJUnitTestDefinitionProcessor.processTestDefinition(AbstractJUnitTestDefinitionProcessor.java:65)
  at org.gradle.api.internal.tasks.testing.SuiteTestDefinitionProcessor.processTestDefinition(SuiteTestDefinitionProcessor.java:54)
  at java.base/jdk.internal.reflect.DirectMethodHandleAccessor.invoke(DirectMethodHandleAccessor.java:104)
  at java.base/java.lang.reflect.Method.invoke(Method.java:565)
  at org.gradle.internal.dispatch.MethodInvocation.invokeOn(MethodInvocation.java:77)
  at org.gradle.internal.dispatch.ReflectionDispatch.dispatch(ReflectionDispatch.java:28)
  at org.gradle.internal.dispatch.ReflectionDispatch.dispatch(ReflectionDispatch.java:19)
  at org.gradle.internal.dispatch.ContextClassLoaderDispatch.dispatch(ContextClassLoaderDispatch.java:33)
  at org.gradle.internal.dispatch.ProxyDispatchAdapter$DispatchingInvocationHandler.invoke(ProxyDispatchAdapter.java:88)
  at jdk.proxy1/jdk.proxy1.$Proxy4.processTestDefinition(Unknown Source)
  at org.gradle.api.internal.tasks.testing.worker.TestWorker$2.run(TestWorker.java:178)
  at org.gradle.api.internal.tasks.testing.worker.TestWorker.executeAndMaintainThreadName(TestWorker.java:126)
  at org.gradle.api.internal.tasks.testing.worker.TestWorker.execute(TestWorker.java:103)
  at org.gradle.api.internal.tasks.testing.worker.TestWorker.execute(TestWorker.java:63)
  at org.gradle.process.internal.worker.child.ActionExecutionWorker.execute(ActionExecutionWorker.java:56)
  at org.gradle.process.internal.worker.child.SystemApplicationClassLoaderWorker.call(SystemApplicationClassLoaderWorker.java:122)
  at org.gradle.process.internal.worker.child.SystemApplicationClassLoaderWorker.call(SystemApplicationClassLoaderWorker.java:72)
  at worker.org.gradle.process.internal.worker.GradleWorkerMain.run(GradleWorkerMain.java:69)
  at worker.org.gradle.process.internal.worker.GradleWorkerMain.main(GradleWorkerMain.java:74)
</stacktrace>
</test-failure>


TypeScriptCompilerTests_E[jvm] > errorWithTruncatedType_ts has expected errors matching errorWithTruncatedType_errors_txt[jvm] FAILED

<test-failure test="com.xemantic.typescript.compiler.TypeScriptCompilerTests_E.excessiveStackDepthFlatArray_ts has expected errors matching excessiveStackDepthFlatArray_errors_txt" platform="jvm">
<message>
Expected diagnostics from baseline typescript-repo/tests/baselines/reference/excessiveStackDepthFlatArray.errors.txt but none produced
</message>
<stacktrace>
  at com.xemantic.typescript.compiler.TypeScriptTestSupportKt.errorsMatchBaseline(TypeScriptTestSupport.kt:125)
  at com.xemantic.typescript.compiler.TypeScriptCompilerTests_E.excessiveStackDepthFlatArray_ts has expected errors matching excessiveStackDepthFlatArray_errors_txt(TypeScriptCompilerTests_E.kt:4396)
  at java.base/jdk.internal.reflect.DirectMethodHandleAccessor.invoke(DirectMethodHandleAccessor.java:104)
  at java.base/java.lang.reflect.Method.invoke(Method.java:565)
  at org.junit.runners.model.FrameworkMethod$1.runReflectiveCall(FrameworkMethod.java:59)
  at org.junit.internal.runners.model.ReflectiveCallable.run(ReflectiveCallable.java:12)
  at org.junit.runners.model.FrameworkMethod.invokeExplosively(FrameworkMethod.java:56)
  at org.junit.internal.runners.statements.InvokeMethod.evaluate(InvokeMethod.java:17)
  at org.junit.runners.ParentRunner$3.evaluate(ParentRunner.java:306)
  at org.junit.runners.BlockJUnit4ClassRunner$1.evaluate(BlockJUnit4ClassRunner.java:100)
  at org.junit.runners.ParentRunner.runLeaf(ParentRunner.java:366)
  at org.junit.runners.BlockJUnit4ClassRunner.runChild(BlockJUnit4ClassRunner.java:103)
  at org.junit.runners.BlockJUnit4ClassRunner.runChild(BlockJUnit4ClassRunner.java:63)
  at org.junit.runners.ParentRunner$4.run(ParentRunner.java:331)
  at org.junit.runners.ParentRunner$1.schedule(ParentRunner.java:79)
  at org.junit.runners.ParentRunner.runChildren(ParentRunner.java:329)
  at org.junit.runners.ParentRunner.access$100(ParentRunner.java:66)
  at org.junit.runners.ParentRunner$2.evaluate(ParentRunner.java:293)
  at org.junit.runners.ParentRunner$3.evaluate(ParentRunner.java:306)
  at org.junit.runners.ParentRunner.run(ParentRunner.java:413)
  at org.junit.runner.JUnitCore.run(JUnitCore.java:137)
  at org.junit.runner.JUnitCore.run(JUnitCore.java:115)
  at org.gradle.api.internal.tasks.testing.junit.JUnitTestExecutor.runRequest(JUnitTestExecutor.java:175)
  at org.gradle.api.internal.tasks.testing.junit.JUnitTestExecutor.accept(JUnitTestExecutor.java:84)
  at org.gradle.api.internal.tasks.testing.junit.JUnitTestExecutor.accept(JUnitTestExecutor.java:47)
  at org.gradle.api.internal.tasks.testing.junit.AbstractJUnitTestDefinitionProcessor.processTestDefinition(AbstractJUnitTestDefinitionProcessor.java:65)
  at org.gradle.api.internal.tasks.testing.SuiteTestDefinitionProcessor.processTestDefinition(SuiteTestDefinitionProcessor.java:54)
  at java.base/jdk.internal.reflect.DirectMethodHandleAccessor.invoke(DirectMethodHandleAccessor.java:104)
  at java.base/java.lang.reflect.Method.invoke(Method.java:565)
  at org.gradle.internal.dispatch.MethodInvocation.invokeOn(MethodInvocation.java:77)
  at org.gradle.internal.dispatch.ReflectionDispatch.dispatch(ReflectionDispatch.java:28)
  at org.gradle.internal.dispatch.ReflectionDispatch.dispatch(ReflectionDispatch.java:19)
  at org.gradle.internal.dispatch.ContextClassLoaderDispatch.dispatch(ContextClassLoaderDispatch.java:33)
  at org.gradle.internal.dispatch.ProxyDispatchAdapter$DispatchingInvocationHandler.invoke(ProxyDispatchAdapter.java:88)
  at jdk.proxy1/jdk.proxy1.$Proxy4.processTestDefinition(Unknown Source)
  at org.gradle.api.internal.tasks.testing.worker.TestWorker$2.run(TestWorker.java:178)
  at org.gradle.api.internal.tasks.testing.worker.TestWorker.executeAndMaintainThreadName(TestWorker.java:126)
  at org.gradle.api.internal.tasks.testing.worker.TestWorker.execute(TestWorker.java:103)
  at org.gradle.api.internal.tasks.testing.worker.TestWorker.execute(TestWorker.java:63)
  at org.gradle.process.internal.worker.child.ActionExecutionWorker.execute(ActionExecutionWorker.java:56)
  at org.gradle.process.internal.worker.child.SystemApplicationClassLoaderWorker.call(SystemApplicationClassLoaderWorker.java:122)
  at org.gradle.process.internal.worker.child.SystemApplicationClassLoaderWorker.call(SystemApplicationClassLoaderWorker.java:72)
  at worker.org.gradle.process.internal.worker.GradleWorkerMain.run(GradleWorkerMain.java:69)
  at worker.org.gradle.process.internal.worker.GradleWorkerMain.main(GradleWorkerMain.java:74)
</stacktrace>
</test-failure>


TypeScriptCompilerTests_E[jvm] > excessiveStackDepthFlatArray_ts has expected errors matching excessiveStackDepthFlatArray_errors_txt[jvm] FAILED

<test-failure test="com.xemantic.typescript.compiler.TypeScriptCompilerTests_E.expressionTypeNodeShouldError_ts has expected errors matching expressionTypeNodeShouldError_errors_txt" platform="jvm">
<message>
--- expected
+++ actual
@@ -1,22 +1,16 @@
-base.d.ts(1,23): error TS1005: ',' expected.
-base.d.ts(1,34): error TS1005: ',' expected.
-boolean.ts(7,23): error TS1005: ',' expected.
-boolean.ts(7,24): error TS1389: 'typeof' is not allowed as a variable declaration name.
-boolean.ts(12,22): error TS1005: ';' expected.
-number.ts(7,26): error TS1005: ',' expected.
-number.ts(7,27): error TS1389: 'typeof' is not allowed as a variable declaration name.
-number.ts(12,20): error TS1005: ';' expected.
-string.ts(7,20): error TS1005: ',' expected.
-string.ts(7,21): error TS1389: 'typeof' is not allowed as a variable declaration name.
-string.ts(12,19): error TS1005: ';' expected.
+boolean.ts(7,15): error TS1155: 'const' declarations must be initialized.
+boolean.ts(7,23): error TS1109: Expression expected.
+boolean.ts(12,22): error TS1109: Expression expected.
+number.ts(7,15): error TS1155: 'const' declarations must be initialized.
+number.ts(7,26): error TS1109: Expression expected.
+number.ts(12,20): error TS1109: Expression expected.
+string.ts(7,15): error TS1155: 'const' declarations must be initialized.
+string.ts(7,20): error TS1109: Expression expected.
+string.ts(12,19): error TS1109: Expression expected.
 
 
-==== base.d.ts (2 errors) ====
+==== base.d.ts (0 errors) ====
     declare const x: "foo".charCodeAt(0);
-                          ~
-!!! error TS1005: ',' expected.
-                                     ~
-!!! error TS1005: ',' expected.
     
 ==== string.ts (3 errors) ====
     interface String {
@@ -26,17 +20,17 @@
     class C {
         foo() {
             const x: "".typeof(this.foo);
+                  ~
+!!! error TS1155: 'const' declarations must be initialized.
                        ~
-!!! error TS1005: ',' expected.
-                        ~~~~~~
-!!! error TS1389: 'typeof' is not allowed as a variable declaration name.
+!!! error TS1109: Expression expected.
         }
     }
     
     const nodes = document.getElementsByTagName("li");
     type ItemType = "".typeof(nodes.item(0));
                       ~
-!!! error TS1005: ';' expected.
+!!! error TS1109: Expression expected.
     
 ==== number.ts (3 errors) ====
     interface Number {
@@ -46,17 +40,17 @@
     class C2 {
         foo() {
             const x: 3.141592.typeof(this.foo);
+                  ~
+!!! error TS1155: 'const' declarations must be initialized.
                              ~
-!!! error TS1005: ',' expected.
-                              ~~~~~~
-!!! error TS1389: 'typeof' is not allowed as a variable declaration name.
+!!! error TS1109: Expression expected.
         }
     }
     
     const nodes2 = document.getElementsByTagName("li");
     type ItemType2 = 4..typeof(nodes.item(0));
                        ~
-!!! error TS1005: ';' expected.
+!!! error TS1109: Expression expected.
     
 ==== boolean.ts (3 errors) ====
     interface Boolean {
@@ -66,14 +60,14 @@
     class C3 {
         foo() {
             const x: false.typeof(this.foo);
+                  ~
+!!! error TS1155: 'const' declarations must be initialized.
                           ~
-!!! error TS1005: ',' expected.
-                           ~~~~~~
-!!! error TS1389: 'typeof' is not allowed as a variable declaration name.
+!!! error TS1109: Expression expected.
         }
     }
     
     const nodes3 = document.getElementsByTagName("li");
     type ItemType3 = true.typeof(nodes.item(0));
                          ~
-!!! error TS1005: ';' expected.
+!!! error TS1109: Expression expected.

</message>
<stacktrace>
  at org.junit.Assert.fail(Assert.java:89)
  at kotlin.test.junit.JUnitAsserter.fail(JUnitSupport.kt:56)
  at kotlin.test.AssertionsKt__AssertionsKt.fail(Assertions.kt:563)
  at kotlin.test.AssertionsKt.fail(Unknown Source)
  at com.xemantic.kotlin.test.SameAsKt.sameAs(SameAs.kt:52)
  at com.xemantic.typescript.compiler.TypeScriptTestSupportKt.errorsMatchBaseline(TypeScriptTestSupport.kt:135)
  at com.xemantic.typescript.compiler.TypeScriptCompilerTests_E.expressionTypeNodeShouldError_ts has expected errors matching expressionTypeNodeShouldError_errors_txt(TypeScriptCompilerTests_E.kt:6216)
  at java.base/jdk.internal.reflect.DirectMethodHandleAccessor.invoke(DirectMethodHandleAccessor.java:104)
  at java.base/java.lang.reflect.Method.invoke(Method.java:565)
  at org.junit.runners.model.FrameworkMethod$1.runReflectiveCall(FrameworkMethod.java:59)
  at org.junit.internal.runners.model.ReflectiveCallable.run(ReflectiveCallable.java:12)
  at org.junit.runners.model.FrameworkMethod.invokeExplosively(FrameworkMethod.java:56)
  at org.junit.internal.runners.statements.InvokeMethod.evaluate(InvokeMethod.java:17)
  at org.junit.runners.ParentRunner$3.evaluate(ParentRunner.java:306)
  at org.junit.runners.BlockJUnit4ClassRunner$1.evaluate(BlockJUnit4ClassRunner.java:100)
  at org.junit.runners.ParentRunner.runLeaf(ParentRunner.java:366)
  at org.junit.runners.BlockJUnit4ClassRunner.runChild(BlockJUnit4ClassRunner.java:103)
  at org.junit.runners.BlockJUnit4ClassRunner.runChild(BlockJUnit4ClassRunner.java:63)
  at org.junit.runners.ParentRunner$4.run(ParentRunner.java:331)
  at org.junit.runners.ParentRunner$1.schedule(ParentRunner.java:79)
  at org.junit.runners.ParentRunner.runChildren(ParentRunner.java:329)
  at org.junit.runners.ParentRunner.access$100(ParentRunner.java:66)
  at org.junit.runners.ParentRunner$2.evaluate(ParentRunner.java:293)
  at org.junit.runners.ParentRunner$3.evaluate(ParentRunner.java:306)
  at org.junit.runners.ParentRunner.run(ParentRunner.java:413)
  at org.junit.runner.JUnitCore.run(JUnitCore.java:137)
  at org.junit.runner.JUnitCore.run(JUnitCore.java:115)
  at org.gradle.api.internal.tasks.testing.junit.JUnitTestExecutor.runRequest(JUnitTestExecutor.java:175)
  at org.gradle.api.internal.tasks.testing.junit.JUnitTestExecutor.accept(JUnitTestExecutor.java:84)
  at org.gradle.api.internal.tasks.testing.junit.JUnitTestExecutor.accept(JUnitTestExecutor.java:47)
  at org.gradle.api.internal.tasks.testing.junit.AbstractJUnitTestDefinitionProcessor.processTestDefinition(AbstractJUnitTestDefinitionProcessor.java:65)
  at org.gradle.api.internal.tasks.testing.SuiteTestDefinitionProcessor.processTestDefinition(SuiteTestDefinitionProcessor.java:54)
  at java.base/jdk.internal.reflect.DirectMethodHandleAccessor.invoke(DirectMethodHandleAccessor.java:104)
  at java.base/java.lang.reflect.Method.invoke(Method.java:565)
  at org.gradle.internal.dispatch.MethodInvocation.invokeOn(MethodInvocation.java:77)
  at org.gradle.internal.dispatch.ReflectionDispatch.dispatch(ReflectionDispatch.java:28)
  at org.gradle.internal.dispatch.ReflectionDispatch.dispatch(ReflectionDispatch.java:19)
  at org.gradle.internal.dispatch.ContextClassLoaderDispatch.dispatch(ContextClassLoaderDispatch.java:33)
  at org.gradle.internal.dispatch.ProxyDispatchAdapter$DispatchingInvocationHandler.invoke(ProxyDispatchAdapter.java:88)
  at jdk.proxy1/jdk.proxy1.$Proxy4.processTestDefinition(Unknown Source)
  at org.gradle.api.internal.tasks.testing.worker.TestWorker$2.run(TestWorker.java:178)
  at org.gradle.api.internal.tasks.testing.worker.TestWorker.executeAndMaintainThreadName(TestWorker.java:126)
  at org.gradle.api.internal.tasks.testing.worker.TestWorker.execute(TestWorker.java:103)
  at org.gradle.api.internal.tasks.testing.worker.TestWorker.execute(TestWorker.java:63)
  at org.gradle.process.internal.worker.child.ActionExecutionWorker.execute(ActionExecutionWorker.java:56)
  at org.gradle.process.internal.worker.child.SystemApplicationClassLoaderWorker.call(SystemApplicationClassLoaderWorker.java:122)
  at org.gradle.process.internal.worker.child.SystemApplicationClassLoaderWorker.call(SystemApplicationClassLoaderWorker.java:72)
  at worker.org.gradle.process.internal.worker.GradleWorkerMain.run(GradleWorkerMain.java:69)
  at worker.org.gradle.process.internal.worker.GradleWorkerMain.main(GradleWorkerMain.java:74)
</stacktrace>
</test-failure>


TypeScriptCompilerTests_E[jvm] > expressionTypeNodeShouldError_ts has expected errors matching expressionTypeNodeShouldError_errors_txt[jvm] FAILED

<test-failure test="com.xemantic.typescript.compiler.TypeScriptCompilerTests_E.enumWithNonLiteralStringInitializer_ts has expected errors matching enumWithNonLiteralStringInitializer_errors_txt" platform="jvm">
<message>
Expected diagnostics from baseline typescript-repo/tests/baselines/reference/enumWithNonLiteralStringInitializer.errors.txt but none produced
</message>
<stacktrace>
  at com.xemantic.typescript.compiler.TypeScriptTestSupportKt.errorsMatchBaseline(TypeScriptTestSupport.kt:125)
  at com.xemantic.typescript.compiler.TypeScriptCompilerTests_E.enumWithNonLiteralStringInitializer_ts has expected errors matching enumWithNonLiteralStringInitializer_errors_txt(TypeScriptCompilerTests_E.kt:1134)
  at java.base/jdk.internal.reflect.DirectMethodHandleAccessor.invoke(DirectMethodHandleAccessor.java:104)
  at java.base/java.lang.reflect.Method.invoke(Method.java:565)
  at org.junit.runners.model.FrameworkMethod$1.runReflectiveCall(FrameworkMethod.java:59)
  at org.junit.internal.runners.model.ReflectiveCallable.run(ReflectiveCallable.java:12)
  at org.junit.runners.model.FrameworkMethod.invokeExplosively(FrameworkMethod.java:56)
  at org.junit.internal.runners.statements.InvokeMethod.evaluate(InvokeMethod.java:17)
  at org.junit.runners.ParentRunner$3.evaluate(ParentRunner.java:306)
  at org.junit.runners.BlockJUnit4ClassRunner$1.evaluate(BlockJUnit4ClassRunner.java:100)
  at org.junit.runners.ParentRunner.runLeaf(ParentRunner.java:366)
  at org.junit.runners.BlockJUnit4ClassRunner.runChild(BlockJUnit4ClassRunner.java:103)
  at org.junit.runners.BlockJUnit4ClassRunner.runChild(BlockJUnit4ClassRunner.java:63)
  at org.junit.runners.ParentRunner$4.run(ParentRunner.java:331)
  at org.junit.runners.ParentRunner$1.schedule(ParentRunner.java:79)
  at org.junit.runners.ParentRunner.runChildren(ParentRunner.java:329)
  at org.junit.runners.ParentRunner.access$100(ParentRunner.java:66)
  at org.junit.runners.ParentRunner$2.evaluate(ParentRunner.java:293)
  at org.junit.runners.ParentRunner$3.evaluate(ParentRunner.java:306)
  at org.junit.runners.ParentRunner.run(ParentRunner.java:413)
  at org.junit.runner.JUnitCore.run(JUnitCore.java:137)
  at org.junit.runner.JUnitCore.run(JUnitCore.java:115)
  at org.gradle.api.internal.tasks.testing.junit.JUnitTestExecutor.runRequest(JUnitTestExecutor.java:175)
  at org.gradle.api.internal.tasks.testing.junit.JUnitTestExecutor.accept(JUnitTestExecutor.java:84)
  at org.gradle.api.internal.tasks.testing.junit.JUnitTestExecutor.accept(JUnitTestExecutor.java:47)
  at org.gradle.api.internal.tasks.testing.junit.AbstractJUnitTestDefinitionProcessor.processTestDefinition(AbstractJUnitTestDefinitionProcessor.java:65)
  at org.gradle.api.internal.tasks.testing.SuiteTestDefinitionProcessor.processTestDefinition(SuiteTestDefinitionProcessor.java:54)
  at java.base/jdk.internal.reflect.DirectMethodHandleAccessor.invoke(DirectMethodHandleAccessor.java:104)
  at java.base/java.lang.reflect.Method.invoke(Method.java:565)
  at org.gradle.internal.dispatch.MethodInvocation.invokeOn(MethodInvocation.java:77)
  at org.gradle.internal.dispatch.ReflectionDispatch.dispatch(ReflectionDispatch.java:28)
  at org.gradle.internal.dispatch.ReflectionDispatch.dispatch(ReflectionDispatch.java:19)
  at org.gradle.internal.dispatch.ContextClassLoaderDispatch.dispatch(ContextClassLoaderDispatch.java:33)
  at org.gradle.internal.dispatch.ProxyDispatchAdapter$DispatchingInvocationHandler.invoke(ProxyDispatchAdapter.java:88)
  at jdk.proxy1/jdk.proxy1.$Proxy4.processTestDefinition(Unknown Source)
  at org.gradle.api.internal.tasks.testing.worker.TestWorker$2.run(TestWorker.java:178)
  at org.gradle.api.internal.tasks.testing.worker.TestWorker.executeAndMaintainThreadName(TestWorker.java:126)
  at org.gradle.api.internal.tasks.testing.worker.TestWorker.execute(TestWorker.java:103)
  at org.gradle.api.internal.tasks.testing.worker.TestWorker.execute(TestWorker.java:63)
  at org.gradle.process.internal.worker.child.ActionExecutionWorker.execute(ActionExecutionWorker.java:56)
  at org.gradle.process.internal.worker.child.SystemApplicationClassLoaderWorker.call(SystemApplicationClassLoaderWorker.java:122)
  at org.gradle.process.internal.worker.child.SystemApplicationClassLoaderWorker.call(SystemApplicationClassLoaderWorker.java:72)
  at worker.org.gradle.process.internal.worker.GradleWorkerMain.run(GradleWorkerMain.java:69)
  at worker.org.gradle.process.internal.worker.GradleWorkerMain.main(GradleWorkerMain.java:74)
</stacktrace>
</test-failure>


TypeScriptCompilerTests_E[jvm] > enumWithNonLiteralStringInitializer_ts has expected errors matching enumWithNonLiteralStringInitializer_errors_txt[jvm] FAILED

<test-failure test="com.xemantic.typescript.compiler.TypeScriptCompilerTests_E.errorInfoForRelatedIndexTypesNoConstraintElaboration_ts has expected errors matching errorInfoForRelatedIndexTypesNoConstraintElaboration_errors_txt" platform="jvm">
<message>
Expected diagnostics from baseline typescript-repo/tests/baselines/reference/errorInfoForRelatedIndexTypesNoConstraintElaboration.errors.txt but none produced
</message>
<stacktrace>
  at com.xemantic.typescript.compiler.TypeScriptTestSupportKt.errorsMatchBaseline(TypeScriptTestSupport.kt:125)
  at com.xemantic.typescript.compiler.TypeScriptCompilerTests_E.errorInfoForRelatedIndexTypesNoConstraintElaboration_ts has expected errors matching errorInfoForRelatedIndexTypesNoConstraintElaboration_errors_txt(TypeScriptCompilerTests_E.kt:1442)
  at java.base/jdk.internal.reflect.DirectMethodHandleAccessor.invoke(DirectMethodHandleAccessor.java:104)
  at java.base/java.lang.reflect.Method.invoke(Method.java:565)
  at org.junit.runners.model.FrameworkMethod$1.runReflectiveCall(FrameworkMethod.java:59)
  at org.junit.internal.runners.model.ReflectiveCallable.run(ReflectiveCallable.java:12)
  at org.junit.runners.model.FrameworkMethod.invokeExplosively(FrameworkMethod.java:56)
  at org.junit.internal.runners.statements.InvokeMethod.evaluate(InvokeMethod.java:17)
  at org.junit.runners.ParentRunner$3.evaluate(ParentRunner.java:306)
  at org.junit.runners.BlockJUnit4ClassRunner$1.evaluate(BlockJUnit4ClassRunner.java:100)
  at org.junit.runners.ParentRunner.runLeaf(ParentRunner.java:366)
  at org.junit.runners.BlockJUnit4ClassRunner.runChild(BlockJUnit4ClassRunner.java:103)
  at org.junit.runners.BlockJUnit4ClassRunner.runChild(BlockJUnit4ClassRunner.java:63)
  at org.junit.runners.ParentRunner$4.run(ParentRunner.java:331)
  at org.junit.runners.ParentRunner$1.schedule(ParentRunner.java:79)
  at org.junit.runners.ParentRunner.runChildren(ParentRunner.java:329)
  at org.junit.runners.ParentRunner.access$100(ParentRunner.java:66)
  at org.junit.runners.ParentRunner$2.evaluate(ParentRunner.java:293)
  at org.junit.runners.ParentRunner$3.evaluate(ParentRunner.java:306)
  at org.junit.runners.ParentRunner.run(ParentRunner.java:413)
  at org.junit.runner.JUnitCore.run(JUnitCore.java:137)
  at org.junit.runner.JUnitCore.run(JUnitCore.java:115)
  at org.gradle.api.internal.tasks.testing.junit.JUnitTestExecutor.runRequest(JUnitTestExecutor.java:175)
  at org.gradle.api.internal.tasks.testing.junit.JUnitTestExecutor.accept(JUnitTestExecutor.java:84)
  at org.gradle.api.internal.tasks.testing.junit.JUnitTestExecutor.accept(JUnitTestExecutor.java:47)
  at org.gradle.api.internal.tasks.testing.junit.AbstractJUnitTestDefinitionProcessor.processTestDefinition(AbstractJUnitTestDefinitionProcessor.java:65)
  at org.gradle.api.internal.tasks.testing.SuiteTestDefinitionProcessor.processTestDefinition(SuiteTestDefinitionProcessor.java:54)
  at java.base/jdk.internal.reflect.DirectMethodHandleAccessor.invoke(DirectMethodHandleAccessor.java:104)
  at java.base/java.lang.reflect.Method.invoke(Method.java:565)
  at org.gradle.internal.dispatch.MethodInvocation.invokeOn(MethodInvocation.java:77)
  at org.gradle.internal.dispatch.ReflectionDispatch.dispatch(ReflectionDispatch.java:28)
  at org.gradle.internal.dispatch.ReflectionDispatch.dispatch(ReflectionDispatch.java:19)
  at org.gradle.internal.dispatch.ContextClassLoaderDispatch.dispatch(ContextClassLoaderDispatch.java:33)
  at org.gradle.internal.dispatch.ProxyDispatchAdapter$DispatchingInvocationHandler.invoke(ProxyDispatchAdapter.java:88)
  at jdk.proxy1/jdk.proxy1.$Proxy4.processTestDefinition(Unknown Source)
  at org.gradle.api.internal.tasks.testing.worker.TestWorker$2.run(TestWorker.java:178)
  at org.gradle.api.internal.tasks.testing.worker.TestWorker.executeAndMaintainThreadName(TestWorker.java:126)
  at org.gradle.api.internal.tasks.testing.worker.TestWorker.execute(TestWorker.java:103)
  at org.gradle.api.internal.tasks.testing.worker.TestWorker.execute(TestWorker.java:63)
  at org.gradle.process.internal.worker.child.ActionExecutionWorker.execute(ActionExecutionWorker.java:56)
  at org.gradle.process.internal.worker.child.SystemApplicationClassLoaderWorker.call(SystemApplicationClassLoaderWorker.java:122)
  at org.gradle.process.internal.worker.child.SystemApplicationClassLoaderWorker.call(SystemApplicationClassLoaderWorker.java:72)
  at worker.org.gradle.process.internal.worker.GradleWorkerMain.run(GradleWorkerMain.java:69)
  at worker.org.gradle.process.internal.worker.GradleWorkerMain.main(GradleWorkerMain.java:74)
</stacktrace>
</test-failure>


TypeScriptCompilerTests_E[jvm] > errorInfoForRelatedIndexTypesNoConstraintElaboration_ts has expected errors matching errorInfoForRelatedIndexTypesNoConstraintElaboration_errors_txt[jvm] FAILED

<test-failure test="com.xemantic.typescript.compiler.TypeScriptCompilerTests_E.es6ImportNamedImportParsingError_ts compiles to JavaScript matching es6ImportNamedImportParsingError_js" platform="jvm">
<message>
--- expected
+++ actual
@@ -16,12 +16,10 @@
 export var x = a;
 export var m = a;
 //// [es6ImportNamedImportParsingError_1.js]
+import { from } from "./es6ImportNamedImportParsingError_0";
+a;
 from;
 "./es6ImportNamedImportParsingError_0";
-{
-    a;
-}
+import { a } from ";
 from;
 "./es6ImportNamedImportParsingError_0";
-import { a } from , from;
-"./es6ImportNamedImportParsingError_0";

</message>
<stacktrace>
  at org.junit.Assert.fail(Assert.java:89)
  at kotlin.test.junit.JUnitAsserter.fail(JUnitSupport.kt:56)
  at kotlin.test.AssertionsKt__AssertionsKt.fail(Assertions.kt:563)
  at kotlin.test.AssertionsKt.fail(Unknown Source)
  at com.xemantic.kotlin.test.SameAsKt.sameAs(SameAs.kt:52)
  at com.xemantic.typescript.compiler.TypeScriptTestSupportKt.sameAs(TypeScriptTestSupport.kt:99)
  at com.xemantic.typescript.compiler.TypeScriptCompilerTests_E.es6ImportNamedImportParsingError_ts compiles to JavaScript matching es6ImportNamedImportParsingError_js(TypeScriptCompilerTests_E.kt:3682)
  at java.base/jdk.internal.reflect.DirectMethodHandleAccessor.invoke(DirectMethodHandleAccessor.java:104)
  at java.base/java.lang.reflect.Method.invoke(Method.java:565)
  at org.junit.runners.model.FrameworkMethod$1.runReflectiveCall(FrameworkMethod.java:59)
  at org.junit.internal.runners.model.ReflectiveCallable.run(ReflectiveCallable.java:12)
  at org.junit.runners.model.FrameworkMethod.invokeExplosively(FrameworkMethod.java:56)
  at org.junit.internal.runners.statements.InvokeMethod.evaluate(InvokeMethod.java:17)
  at org.junit.runners.ParentRunner$3.evaluate(ParentRunner.java:306)
  at org.junit.runners.BlockJUnit4ClassRunner$1.evaluate(BlockJUnit4ClassRunner.java:100)
  at org.junit.runners.ParentRunner.runLeaf(ParentRunner.java:366)
  at org.junit.runners.BlockJUnit4ClassRunner.runChild(BlockJUnit4ClassRunner.java:103)
  at org.junit.runners.BlockJUnit4ClassRunner.runChild(BlockJUnit4ClassRunner.java:63)
  at org.junit.runners.ParentRunner$4.run(ParentRunner.java:331)
  at org.junit.runners.ParentRunner$1.schedule(ParentRunner.java:79)
  at org.junit.runners.ParentRunner.runChildren(ParentRunner.java:329)
  at org.junit.runners.ParentRunner.access$100(ParentRunner.java:66)
  at org.junit.runners.ParentRunner$2.evaluate(ParentRunner.java:293)
  at org.junit.runners.ParentRunner$3.evaluate(ParentRunner.java:306)
  at org.junit.runners.ParentRunner.run(ParentRunner.java:413)
  at org.junit.runner.JUnitCore.run(JUnitCore.java:137)
  at org.junit.runner.JUnitCore.run(JUnitCore.java:115)
  at org.gradle.api.internal.tasks.testing.junit.JUnitTestExecutor.runRequest(JUnitTestExecutor.java:175)
  at org.gradle.api.internal.tasks.testing.junit.JUnitTestExecutor.accept(JUnitTestExecutor.java:84)
  at org.gradle.api.internal.tasks.testing.junit.JUnitTestExecutor.accept(JUnitTestExecutor.java:47)
  at org.gradle.api.internal.tasks.testing.junit.AbstractJUnitTestDefinitionProcessor.processTestDefinition(AbstractJUnitTestDefinitionProcessor.java:65)
  at org.gradle.api.internal.tasks.testing.SuiteTestDefinitionProcessor.processTestDefinition(SuiteTestDefinitionProcessor.java:54)
  at java.base/jdk.internal.reflect.DirectMethodHandleAccessor.invoke(DirectMethodHandleAccessor.java:104)
  at java.base/java.lang.reflect.Method.invoke(Method.java:565)
  at org.gradle.internal.dispatch.MethodInvocation.invokeOn(MethodInvocation.java:77)
  at org.gradle.internal.dispatch.ReflectionDispatch.dispatch(ReflectionDispatch.java:28)
  at org.gradle.internal.dispatch.ReflectionDispatch.dispatch(ReflectionDispatch.java:19)
  at org.gradle.internal.dispatch.ContextClassLoaderDispatch.dispatch(ContextClassLoaderDispatch.java:33)
  at org.gradle.internal.dispatch.ProxyDispatchAdapter$DispatchingInvocationHandler.invoke(ProxyDispatchAdapter.java:88)
  at jdk.proxy1/jdk.proxy1.$Proxy4.processTestDefinition(Unknown Source)
  at org.gradle.api.internal.tasks.testing.worker.TestWorker$2.run(TestWorker.java:178)
  at org.gradle.api.internal.tasks.testing.worker.TestWorker.executeAndMaintainThreadName(TestWorker.java:126)
  at org.gradle.api.internal.tasks.testing.worker.TestWorker.execute(TestWorker.java:103)
  at org.gradle.api.internal.tasks.testing.worker.TestWorker.execute(TestWorker.java:63)
  at org.gradle.process.internal.worker.child.ActionExecutionWorker.execute(ActionExecutionWorker.java:56)
  at org.gradle.process.internal.worker.child.SystemApplicationClassLoaderWorker.call(SystemApplicationClassLoaderWorker.java:122)
  at org.gradle.process.internal.worker.child.SystemApplicationClassLoaderWorker.call(SystemApplicationClassLoaderWorker.java:72)
  at worker.org.gradle.process.internal.worker.GradleWorkerMain.run(GradleWorkerMain.java:69)
  at worker.org.gradle.process.internal.worker.GradleWorkerMain.main(GradleWorkerMain.java:74)
</stacktrace>
</test-failure>


TypeScriptCompilerTests_E[jvm] > es6ImportNamedImportParsingError_ts compiles to JavaScript matching es6ImportNamedImportParsingError_js[jvm] FAILED

<test-failure test="com.xemantic.typescript.compiler.TypeScriptCompilerTests_E.emitCapturingThisInTupleDestructuring2_ts has expected errors matching emitCapturingThisInTupleDestructuring2_errors_txt" platform="jvm">
<message>
--- expected
+++ actual
@@ -1,8 +1,7 @@
 emitCapturingThisInTupleDestructuring2.ts(4,5): error TS2564: Property 'test' has no initializer and is not definitely assigned in the constructor.
-emitCapturingThisInTupleDestructuring2.ts(8,39): error TS2493: Tuple type '[number, number]' of length '2' has no element at index '2'.
 
 
-==== emitCapturingThisInTupleDestructuring2.ts (2 errors) ====
+==== emitCapturingThisInTupleDestructuring2.ts (1 errors) ====
     var array1: [number, number] = [1, 2];
     
     class B {
@@ -13,7 +12,5 @@
         test2: any;
         method() {
             () => [this.test, this.test1, this.test2] = array1; // even though there is a compiler error, we should still emit lexical capture for "this" 
-                                          ~~~~~~~~~~
-!!! error TS2493: Tuple type '[number, number]' of length '2' has no element at index '2'.
         }
     }

</message>
<stacktrace>
  at org.junit.Assert.fail(Assert.java:89)
  at kotlin.test.junit.JUnitAsserter.fail(JUnitSupport.kt:56)
  at kotlin.test.AssertionsKt__AssertionsKt.fail(Assertions.kt:563)
  at kotlin.test.AssertionsKt.fail(Unknown Source)
  at com.xemantic.kotlin.test.SameAsKt.sameAs(SameAs.kt:52)
  at com.xemantic.typescript.compiler.TypeScriptTestSupportKt.errorsMatchBaseline(TypeScriptTestSupport.kt:135)
  at com.xemantic.typescript.compiler.TypeScriptCompilerTests_E.emitCapturingThisInTupleDestructuring2_ts has expected errors matching emitCapturingThisInTupleDestructuring2_errors_txt(TypeScriptCompilerTests_E.kt:252)
  at java.base/jdk.internal.reflect.DirectMethodHandleAccessor.invoke(DirectMethodHandleAccessor.java:104)
  at java.base/java.lang.reflect.Method.invoke(Method.java:565)
  at org.junit.runners.model.FrameworkMethod$1.runReflectiveCall(FrameworkMethod.java:59)
  at org.junit.internal.runners.model.ReflectiveCallable.run(ReflectiveCallable.java:12)
  at org.junit.runners.model.FrameworkMethod.invokeExplosively(FrameworkMethod.java:56)
  at org.junit.internal.runners.statements.InvokeMethod.evaluate(InvokeMethod.java:17)
  at org.junit.runners.ParentRunner$3.evaluate(ParentRunner.java:306)
  at org.junit.runners.BlockJUnit4ClassRunner$1.evaluate(BlockJUnit4ClassRunner.java:100)
  at org.junit.runners.ParentRunner.runLeaf(ParentRunner.java:366)
  at org.junit.runners.BlockJUnit4ClassRunner.runChild(BlockJUnit4ClassRunner.java:103)
  at org.junit.runners.BlockJUnit4ClassRunner.runChild(BlockJUnit4ClassRunner.java:63)
  at org.junit.runners.ParentRunner$4.run(ParentRunner.java:331)
  at org.junit.runners.ParentRunner$1.schedule(ParentRunner.java:79)
  at org.junit.runners.ParentRunner.runChildren(ParentRunner.java:329)
  at org.junit.runners.ParentRunner.access$100(ParentRunner.java:66)
  at org.junit.runners.ParentRunner$2.evaluate(ParentRunner.java:293)
  at org.junit.runners.ParentRunner$3.evaluate(ParentRunner.java:306)
  at org.junit.runners.ParentRunner.run(ParentRunner.java:413)
  at org.junit.runner.JUnitCore.run(JUnitCore.java:137)
  at org.junit.runner.JUnitCore.run(JUnitCore.java:115)
  at org.gradle.api.internal.tasks.testing.junit.JUnitTestExecutor.runRequest(JUnitTestExecutor.java:175)
  at org.gradle.api.internal.tasks.testing.junit.JUnitTestExecutor.accept(JUnitTestExecutor.java:84)
  at org.gradle.api.internal.tasks.testing.junit.JUnitTestExecutor.accept(JUnitTestExecutor.java:47)
  at org.gradle.api.internal.tasks.testing.junit.AbstractJUnitTestDefinitionProcessor.processTestDefinition(AbstractJUnitTestDefinitionProcessor.java:65)
  at org.gradle.api.internal.tasks.testing.SuiteTestDefinitionProcessor.processTestDefinition(SuiteTestDefinitionProcessor.java:54)
  at java.base/jdk.internal.reflect.DirectMethodHandleAccessor.invoke(DirectMethodHandleAccessor.java:104)
  at java.base/java.lang.reflect.Method.invoke(Method.java:565)
  at org.gradle.internal.dispatch.MethodInvocation.invokeOn(MethodInvocation.java:77)
  at org.gradle.internal.dispatch.ReflectionDispatch.dispatch(ReflectionDispatch.java:28)
  at org.gradle.internal.dispatch.ReflectionDispatch.dispatch(ReflectionDispatch.java:19)
  at org.gradle.internal.dispatch.ContextClassLoaderDispatch.dispatch(ContextClassLoaderDispatch.java:33)
  at org.gradle.internal.dispatch.ProxyDispatchAdapter$DispatchingInvocationHandler.invoke(ProxyDispatchAdapter.java:88)
  at jdk.proxy1/jdk.proxy1.$Proxy4.processTestDefinition(Unknown Source)
  at org.gradle.api.internal.tasks.testing.worker.TestWorker$2.run(TestWorker.java:178)
  at org.gradle.api.internal.tasks.testing.worker.TestWorker.executeAndMaintainThreadName(TestWorker.java:126)
  at org.gradle.api.internal.tasks.testing.worker.TestWorker.execute(TestWorker.java:103)
  at org.gradle.api.internal.tasks.testing.worker.TestWorker.execute(TestWorker.java:63)
  at org.gradle.process.internal.worker.child.ActionExecutionWorker.execute(ActionExecutionWorker.java:56)
  at org.gradle.process.internal.worker.child.SystemApplicationClassLoaderWorker.call(SystemApplicationClassLoaderWorker.java:122)
  at org.gradle.process.internal.worker.child.SystemApplicationClassLoaderWorker.call(SystemApplicationClassLoaderWorker.java:72)
  at worker.org.gradle.process.internal.worker.GradleWorkerMain.run(GradleWorkerMain.java:69)
  at worker.org.gradle.process.internal.worker.GradleWorkerMain.main(GradleWorkerMain.java:74)
</stacktrace>
</test-failure>


TypeScriptCompilerTests_E[jvm] > emitCapturingThisInTupleDestructuring2_ts has expected errors matching emitCapturingThisInTupleDestructuring2_errors_txt[jvm] FAILED

<test-failure test="com.xemantic.typescript.compiler.TypeScriptCompilerTests_E.enumNoInitializerFollowsNonLiteralInitializer_ts compiles to JavaScript matching enumNoInitializerFollowsNonLiteralInitializer_js" platform="jvm">
<message>
--- expected
+++ actual
@@ -52,8 +52,8 @@
 const helpers_1 = require("./helpers");
 var A;
 (function (A) {
-    A[A["a"] = 2] = "a";
-    A[A["b"] = 3] = "b";
+    A[A["a"] = helpers_1.foo] = "a";
+    A[A["b"] = void 0] = "b";
     A[A["c"] = 10] = "c";
     A[A["d"] = (A.c)] = "d";
     A[A["e"] = void 0] = "e";
@@ -64,7 +64,7 @@
 const helpers_1 = require("./helpers");
 var A;
 (function (A) {
-    A[A["a"] = 2] = "a";
+    A[A["a"] = helpers_1.foo] = "a";
     A[A["b"] = 3] = "b";
 })(A || (A = {}));
 var B;

</message>
<stacktrace>
  at org.junit.Assert.fail(Assert.java:89)
  at kotlin.test.junit.JUnitAsserter.fail(JUnitSupport.kt:56)
  at kotlin.test.AssertionsKt__AssertionsKt.fail(Assertions.kt:563)
  at kotlin.test.AssertionsKt.fail(Unknown Source)
  at com.xemantic.kotlin.test.SameAsKt.sameAs(SameAs.kt:52)
  at com.xemantic.typescript.compiler.TypeScriptTestSupportKt.sameAs(TypeScriptTestSupport.kt:99)
  at com.xemantic.typescript.compiler.TypeScriptCompilerTests_E.enumNoInitializerFollowsNonLiteralInitializer_ts compiles to JavaScript matching enumNoInitializerFollowsNonLiteralInitializer_js(TypeScriptCompilerTests_E.kt:994)
  at java.base/jdk.internal.reflect.DirectMethodHandleAccessor.invoke(DirectMethodHandleAccessor.java:104)
  at java.base/java.lang.reflect.Method.invoke(Method.java:565)
  at org.junit.runners.model.FrameworkMethod$1.runReflectiveCall(FrameworkMethod.java:59)
  at org.junit.internal.runners.model.ReflectiveCallable.run(ReflectiveCallable.java:12)
  at org.junit.runners.model.FrameworkMethod.invokeExplosively(FrameworkMethod.java:56)
  at org.junit.internal.runners.statements.InvokeMethod.evaluate(InvokeMethod.java:17)
  at org.junit.runners.ParentRunner$3.evaluate(ParentRunner.java:306)
  at org.junit.runners.BlockJUnit4ClassRunner$1.evaluate(BlockJUnit4ClassRunner.java:100)
  at org.junit.runners.ParentRunner.runLeaf(ParentRunner.java:366)
  at org.junit.runners.BlockJUnit4ClassRunner.runChild(BlockJUnit4ClassRunner.java:103)
  at org.junit.runners.BlockJUnit4ClassRunner.runChild(BlockJUnit4ClassRunner.java:63)
  at org.junit.runners.ParentRunner$4.run(ParentRunner.java:331)
  at org.junit.runners.ParentRunner$1.schedule(ParentRunner.java:79)
  at org.junit.runners.ParentRunner.runChildren(ParentRunner.java:329)
  at org.junit.runners.ParentRunner.access$100(ParentRunner.java:66)
  at org.junit.runners.ParentRunner$2.evaluate(ParentRunner.java:293)
  at org.junit.runners.ParentRunner$3.evaluate(ParentRunner.java:306)
  at org.junit.runners.ParentRunner.run(ParentRunner.java:413)
  at org.junit.runner.JUnitCore.run(JUnitCore.java:137)
  at org.junit.runner.JUnitCore.run(JUnitCore.java:115)
  at org.gradle.api.internal.tasks.testing.junit.JUnitTestExecutor.runRequest(JUnitTestExecutor.java:175)
  at org.gradle.api.internal.tasks.testing.junit.JUnitTestExecutor.accept(JUnitTestExecutor.java:84)
  at org.gradle.api.internal.tasks.testing.junit.JUnitTestExecutor.accept(JUnitTestExecutor.java:47)
  at org.gradle.api.internal.tasks.testing.junit.AbstractJUnitTestDefinitionProcessor.processTestDefinition(AbstractJUnitTestDefinitionProcessor.java:65)
  at org.gradle.api.internal.tasks.testing.SuiteTestDefinitionProcessor.processTestDefinition(SuiteTestDefinitionProcessor.java:54)
  at java.base/jdk.internal.reflect.DirectMethodHandleAccessor.invoke(DirectMethodHandleAccessor.java:104)
  at java.base/java.lang.reflect.Method.invoke(Method.java:565)
  at org.gradle.internal.dispatch.MethodInvocation.invokeOn(MethodInvocation.java:77)
  at org.gradle.internal.dispatch.ReflectionDispatch.dispatch(ReflectionDispatch.java:28)
  at org.gradle.internal.dispatch.ReflectionDispatch.dispatch(ReflectionDispatch.java:19)
  at org.gradle.internal.dispatch.ContextClassLoaderDispatch.dispatch(ContextClassLoaderDispatch.java:33)
  at org.gradle.internal.dispatch.ProxyDispatchAdapter$DispatchingInvocationHandler.invoke(ProxyDispatchAdapter.java:88)
  at jdk.proxy1/jdk.proxy1.$Proxy4.processTestDefinition(Unknown Source)
  at org.gradle.api.internal.tasks.testing.worker.TestWorker$2.run(TestWorker.java:178)
  at org.gradle.api.internal.tasks.testing.worker.TestWorker.executeAndMaintainThreadName(TestWorker.java:126)
  at org.gradle.api.internal.tasks.testing.worker.TestWorker.execute(TestWorker.java:103)
  at org.gradle.api.internal.tasks.testing.worker.TestWorker.execute(TestWorker.java:63)
  at org.gradle.process.internal.worker.child.ActionExecutionWorker.execute(ActionExecutionWorker.java:56)
  at org.gradle.process.internal.worker.child.SystemApplicationClassLoaderWorker.call(SystemApplicationClassLoaderWorker.java:122)
  at org.gradle.process.internal.worker.child.SystemApplicationClassLoaderWorker.call(SystemApplicationClassLoaderWorker.java:72)
  at worker.org.gradle.process.internal.worker.GradleWorkerMain.run(GradleWorkerMain.java:69)
  at worker.org.gradle.process.internal.worker.GradleWorkerMain.main(GradleWorkerMain.java:74)
</stacktrace>
</test-failure>


TypeScriptCompilerTests_E[jvm] > enumNoInitializerFollowsNonLiteralInitializer_ts compiles to JavaScript matching enumNoInitializerFollowsNonLiteralInitializer_js[jvm] FAILED

<test-failure test="com.xemantic.typescript.compiler.TypeScriptCompilerTests_E.es6ImportNamedImportNoExportMember_ts has expected errors matching es6ImportNamedImportNoExportMember_errors_txt" platform="jvm">
<message>
Expected diagnostics from baseline typescript-repo/tests/baselines/reference/es6ImportNamedImportNoExportMember.errors.txt but none produced
</message>
<stacktrace>
  at com.xemantic.typescript.compiler.TypeScriptTestSupportKt.errorsMatchBaseline(TypeScriptTestSupport.kt:125)
  at com.xemantic.typescript.compiler.TypeScriptCompilerTests_E.es6ImportNamedImportNoExportMember_ts has expected errors matching es6ImportNamedImportNoExportMember_errors_txt(TypeScriptCompilerTests_E.kt:3654)
  at java.base/jdk.internal.reflect.DirectMethodHandleAccessor.invoke(DirectMethodHandleAccessor.java:104)
  at java.base/java.lang.reflect.Method.invoke(Method.java:565)
  at org.junit.runners.model.FrameworkMethod$1.runReflectiveCall(FrameworkMethod.java:59)
  at org.junit.internal.runners.model.ReflectiveCallable.run(ReflectiveCallable.java:12)
  at org.junit.runners.model.FrameworkMethod.invokeExplosively(FrameworkMethod.java:56)
  at org.junit.internal.runners.statements.InvokeMethod.evaluate(InvokeMethod.java:17)
  at org.junit.runners.ParentRunner$3.evaluate(ParentRunner.java:306)
  at org.junit.runners.BlockJUnit4ClassRunner$1.evaluate(BlockJUnit4ClassRunner.java:100)
  at org.junit.runners.ParentRunner.runLeaf(ParentRunner.java:366)
  at org.junit.runners.BlockJUnit4ClassRunner.runChild(BlockJUnit4ClassRunner.java:103)
  at org.junit.runners.BlockJUnit4ClassRunner.runChild(BlockJUnit4ClassRunner.java:63)
  at org.junit.runners.ParentRunner$4.run(ParentRunner.java:331)
  at org.junit.runners.ParentRunner$1.schedule(ParentRunner.java:79)
  at org.junit.runners.ParentRunner.runChildren(ParentRunner.java:329)
  at org.junit.runners.ParentRunner.access$100(ParentRunner.java:66)
  at org.junit.runners.ParentRunner$2.evaluate(ParentRunner.java:293)
  at org.junit.runners.ParentRunner$3.evaluate(ParentRunner.java:306)
  at org.junit.runners.ParentRunner.run(ParentRunner.java:413)
  at org.junit.runner.JUnitCore.run(JUnitCore.java:137)
  at org.junit.runner.JUnitCore.run(JUnitCore.java:115)
  at org.gradle.api.internal.tasks.testing.junit.JUnitTestExecutor.runRequest(JUnitTestExecutor.java:175)
  at org.gradle.api.internal.tasks.testing.junit.JUnitTestExecutor.accept(JUnitTestExecutor.java:84)
  at org.gradle.api.internal.tasks.testing.junit.JUnitTestExecutor.accept(JUnitTestExecutor.java:47)
  at org.gradle.api.internal.tasks.testing.junit.AbstractJUnitTestDefinitionProcessor.processTestDefinition(AbstractJUnitTestDefinitionProcessor.java:65)
  at org.gradle.api.internal.tasks.testing.SuiteTestDefinitionProcessor.processTestDefinition(SuiteTestDefinitionProcessor.java:54)
  at java.base/jdk.internal.reflect.DirectMethodHandleAccessor.invoke(DirectMethodHandleAccessor.java:104)
  at java.base/java.lang.reflect.Method.invoke(Method.java:565)
  at org.gradle.internal.dispatch.MethodInvocation.invokeOn(MethodInvocation.java:77)
  at org.gradle.internal.dispatch.ReflectionDispatch.dispatch(ReflectionDispatch.java:28)
  at org.gradle.internal.dispatch.ReflectionDispatch.dispatch(ReflectionDispatch.java:19)
  at org.gradle.internal.dispatch.ContextClassLoaderDispatch.dispatch(ContextClassLoaderDispatch.java:33)
  at org.gradle.internal.dispatch.ProxyDispatchAdapter$DispatchingInvocationHandler.invoke(ProxyDispatchAdapter.java:88)
  at jdk.proxy1/jdk.proxy1.$Proxy4.processTestDefinition(Unknown Source)
  at org.gradle.api.internal.tasks.testing.worker.TestWorker$2.run(TestWorker.java:178)
  at org.gradle.api.internal.tasks.testing.worker.TestWorker.executeAndMaintainThreadName(TestWorker.java:126)
  at org.gradle.api.internal.tasks.testing.worker.TestWorker.execute(TestWorker.java:103)
  at org.gradle.api.internal.tasks.testing.worker.TestWorker.execute(TestWorker.java:63)
  at org.gradle.process.internal.worker.child.ActionExecutionWorker.execute(ActionExecutionWorker.java:56)
  at org.gradle.process.internal.worker.child.SystemApplicationClassLoaderWorker.call(SystemApplicationClassLoaderWorker.java:122)
  at org.gradle.process.internal.worker.child.SystemApplicationClassLoaderWorker.call(SystemApplicationClassLoaderWorker.java:72)
  at worker.org.gradle.process.internal.worker.GradleWorkerMain.run(GradleWorkerMain.java:69)
  at worker.org.gradle.process.internal.worker.GradleWorkerMain.main(GradleWorkerMain.java:74)
</stacktrace>
</test-failure>


TypeScriptCompilerTests_E[jvm] > es6ImportNamedImportNoExportMember_ts has expected errors matching es6ImportNamedImportNoExportMember_errors_txt[jvm] FAILED

<test-failure test="com.xemantic.typescript.compiler.TypeScriptCompilerTests_E.es6ImportDefaultBindingFollowedWithNamespaceBinding_ts has expected errors matching es6ImportDefaultBindingFollowedWithNamespaceBinding_errors_txt" platform="jvm">
<message>
Expected diagnostics from baseline typescript-repo/tests/baselines/reference/es6ImportDefaultBindingFollowedWithNamespaceBinding.errors.txt but none produced
</message>
<stacktrace>
  at com.xemantic.typescript.compiler.TypeScriptTestSupportKt.errorsMatchBaseline(TypeScriptTestSupport.kt:125)
  at com.xemantic.typescript.compiler.TypeScriptCompilerTests_E.es6ImportDefaultBindingFollowedWithNamespaceBinding_ts has expected errors matching es6ImportDefaultBindingFollowedWithNamespaceBinding_errors_txt(TypeScriptCompilerTests_E.kt:3248)
  at java.base/jdk.internal.reflect.DirectMethodHandleAccessor.invoke(DirectMethodHandleAccessor.java:104)
  at java.base/java.lang.reflect.Method.invoke(Method.java:565)
  at org.junit.runners.model.FrameworkMethod$1.runReflectiveCall(FrameworkMethod.java:59)
  at org.junit.internal.runners.model.ReflectiveCallable.run(ReflectiveCallable.java:12)
  at org.junit.runners.model.FrameworkMethod.invokeExplosively(FrameworkMethod.java:56)
  at org.junit.internal.runners.statements.InvokeMethod.evaluate(InvokeMethod.java:17)
  at org.junit.runners.ParentRunner$3.evaluate(ParentRunner.java:306)
  at org.junit.runners.BlockJUnit4ClassRunner$1.evaluate(BlockJUnit4ClassRunner.java:100)
  at org.junit.runners.ParentRunner.runLeaf(ParentRunner.java:366)
  at org.junit.runners.BlockJUnit4ClassRunner.runChild(BlockJUnit4ClassRunner.java:103)
  at org.junit.runners.BlockJUnit4ClassRunner.runChild(BlockJUnit4ClassRunner.java:63)
  at org.junit.runners.ParentRunner$4.run(ParentRunner.java:331)
  at org.junit.runners.ParentRunner$1.schedule(ParentRunner.java:79)
  at org.junit.runners.ParentRunner.runChildren(ParentRunner.java:329)
  at org.junit.runners.ParentRunner.access$100(ParentRunner.java:66)
  at org.junit.runners.ParentRunner$2.evaluate(ParentRunner.java:293)
  at org.junit.runners.ParentRunner$3.evaluate(ParentRunner.java:306)
  at org.junit.runners.ParentRunner.run(ParentRunner.java:413)
  at org.junit.runner.JUnitCore.run(JUnitCore.java:137)
  at org.junit.runner.JUnitCore.run(JUnitCore.java:115)
  at org.gradle.api.internal.tasks.testing.junit.JUnitTestExecutor.runRequest(JUnitTestExecutor.java:175)
  at org.gradle.api.internal.tasks.testing.junit.JUnitTestExecutor.accept(JUnitTestExecutor.java:84)
  at org.gradle.api.internal.tasks.testing.junit.JUnitTestExecutor.accept(JUnitTestExecutor.java:47)
  at org.gradle.api.internal.tasks.testing.junit.AbstractJUnitTestDefinitionProcessor.processTestDefinition(AbstractJUnitTestDefinitionProcessor.java:65)
  at org.gradle.api.internal.tasks.testing.SuiteTestDefinitionProcessor.processTestDefinition(SuiteTestDefinitionProcessor.java:54)
  at java.base/jdk.internal.reflect.DirectMethodHandleAccessor.invoke(DirectMethodHandleAccessor.java:104)
  at java.base/java.lang.reflect.Method.invoke(Method.java:565)
  at org.gradle.internal.dispatch.MethodInvocation.invokeOn(MethodInvocation.java:77)
  at org.gradle.internal.dispatch.ReflectionDispatch.dispatch(ReflectionDispatch.java:28)
  at org.gradle.internal.dispatch.ReflectionDispatch.dispatch(ReflectionDispatch.java:19)
  at org.gradle.internal.dispatch.ContextClassLoaderDispatch.dispatch(ContextClassLoaderDispatch.java:33)
  at org.gradle.internal.dispatch.ProxyDispatchAdapter$DispatchingInvocationHandler.invoke(ProxyDispatchAdapter.java:88)
  at jdk.proxy1/jdk.proxy1.$Proxy4.processTestDefinition(Unknown Source)
  at org.gradle.api.internal.tasks.testing.worker.TestWorker$2.run(TestWorker.java:178)
  at org.gradle.api.internal.tasks.testing.worker.TestWorker.executeAndMaintainThreadName(TestWorker.java:126)
  at org.gradle.api.internal.tasks.testing.worker.TestWorker.execute(TestWorker.java:103)
  at org.gradle.api.internal.tasks.testing.worker.TestWorker.execute(TestWorker.java:63)
  at org.gradle.process.internal.worker.child.ActionExecutionWorker.execute(ActionExecutionWorker.java:56)
  at org.gradle.process.internal.worker.child.SystemApplicationClassLoaderWorker.call(SystemApplicationClassLoaderWorker.java:122)
  at org.gradle.process.internal.worker.child.SystemApplicationClassLoaderWorker.call(SystemApplicationClassLoaderWorker.java:72)
  at worker.org.gradle.process.internal.worker.GradleWorkerMain.run(GradleWorkerMain.java:69)
  at worker.org.gradle.process.internal.worker.GradleWorkerMain.main(GradleWorkerMain.java:74)
</stacktrace>
</test-failure>


TypeScriptCompilerTests_E[jvm] > es6ImportDefaultBindingFollowedWithNamespaceBinding_ts has expected errors matching es6ImportDefaultBindingFollowedWithNamespaceBinding_errors_txt[jvm] FAILED

<test-failure test="com.xemantic.typescript.compiler.TypeScriptCompilerTests_E.es6ImportDefaultBindingFollowedWithNamespaceBindingWithExport_ts has expected errors matching es6ImportDefaultBindingFollowedWithNamespaceBindingWithExport_errors_txt" platform="jvm">
<message>
--- expected
+++ actual
@@ -1,14 +1,11 @@
 client.ts(1,1): error TS1191: An import declaration cannot have modifiers.
-client.ts(1,15): error TS1192: Module '"server"' has no default export.
 
 
 ==== server.ts (0 errors) ====
     export var a = 10;
     
-==== client.ts (2 errors) ====
+==== client.ts (1 errors) ====
     export import defaultBinding, * as nameSpaceBinding  from "./server";
     ~~~~~~
 !!! error TS1191: An import declaration cannot have modifiers.
-                  ~~~~~~~~~~~~~~
-!!! error TS1192: Module '"server"' has no default export.
     export var x: number = nameSpaceBinding.a;

</message>
<stacktrace>
  at org.junit.Assert.fail(Assert.java:89)
  at kotlin.test.junit.JUnitAsserter.fail(JUnitSupport.kt:56)
  at kotlin.test.AssertionsKt__AssertionsKt.fail(Assertions.kt:563)
  at kotlin.test.AssertionsKt.fail(Unknown Source)
  at com.xemantic.kotlin.test.SameAsKt.sameAs(SameAs.kt:52)
  at com.xemantic.typescript.compiler.TypeScriptTestSupportKt.errorsMatchBaseline(TypeScriptTestSupport.kt:135)
  at com.xemantic.typescript.compiler.TypeScriptCompilerTests_E.es6ImportDefaultBindingFollowedWithNamespaceBindingWithExport_ts has expected errors matching es6ImportDefaultBindingFollowedWithNamespaceBindingWithExport_errors_txt(TypeScriptCompilerTests_E.kt:3346)
  at java.base/jdk.internal.reflect.DirectMethodHandleAccessor.invoke(DirectMethodHandleAccessor.java:104)
  at java.base/java.lang.reflect.Method.invoke(Method.java:565)
  at org.junit.runners.model.FrameworkMethod$1.runReflectiveCall(FrameworkMethod.java:59)
  at org.junit.internal.runners.model.ReflectiveCallable.run(ReflectiveCallable.java:12)
  at org.junit.runners.model.FrameworkMethod.invokeExplosively(FrameworkMethod.java:56)
  at org.junit.internal.runners.statements.InvokeMethod.evaluate(InvokeMethod.java:17)
  at org.junit.runners.ParentRunner$3.evaluate(ParentRunner.java:306)
  at org.junit.runners.BlockJUnit4ClassRunner$1.evaluate(BlockJUnit4ClassRunner.java:100)
  at org.junit.runners.ParentRunner.runLeaf(ParentRunner.java:366)
  at org.junit.runners.BlockJUnit4ClassRunner.runChild(BlockJUnit4ClassRunner.java:103)
  at org.junit.runners.BlockJUnit4ClassRunner.runChild(BlockJUnit4ClassRunner.java:63)
  at org.junit.runners.ParentRunner$4.run(ParentRunner.java:331)
  at org.junit.runners.ParentRunner$1.schedule(ParentRunner.java:79)
  at org.junit.runners.ParentRunner.runChildren(ParentRunner.java:329)
  at org.junit.runners.ParentRunner.access$100(ParentRunner.java:66)
  at org.junit.runners.ParentRunner$2.evaluate(ParentRunner.java:293)
  at org.junit.runners.ParentRunner$3.evaluate(ParentRunner.java:306)
  at org.junit.runners.ParentRunner.run(ParentRunner.java:413)
  at org.junit.runner.JUnitCore.run(JUnitCore.java:137)
  at org.junit.runner.JUnitCore.run(JUnitCore.java:115)
  at org.gradle.api.internal.tasks.testing.junit.JUnitTestExecutor.runRequest(JUnitTestExecutor.java:175)
  at org.gradle.api.internal.tasks.testing.junit.JUnitTestExecutor.accept(JUnitTestExecutor.java:84)
  at org.gradle.api.internal.tasks.testing.junit.JUnitTestExecutor.accept(JUnitTestExecutor.java:47)
  at org.gradle.api.internal.tasks.testing.junit.AbstractJUnitTestDefinitionProcessor.processTestDefinition(AbstractJUnitTestDefinitionProcessor.java:65)
  at org.gradle.api.internal.tasks.testing.SuiteTestDefinitionProcessor.processTestDefinition(SuiteTestDefinitionProcessor.java:54)
  at java.base/jdk.internal.reflect.DirectMethodHandleAccessor.invoke(DirectMethodHandleAccessor.java:104)
  at java.base/java.lang.reflect.Method.invoke(Method.java:565)
  at org.gradle.internal.dispatch.MethodInvocation.invokeOn(MethodInvocation.java:77)
  at org.gradle.internal.dispatch.ReflectionDispatch.dispatch(ReflectionDispatch.java:28)
  at org.gradle.internal.dispatch.ReflectionDispatch.dispatch(ReflectionDispatch.java:19)
  at org.gradle.internal.dispatch.ContextClassLoaderDispatch.dispatch(ContextClassLoaderDispatch.java:33)
  at org.gradle.internal.dispatch.ProxyDispatchAdapter$DispatchingInvocationHandler.invoke(ProxyDispatchAdapter.java:88)
  at jdk.proxy1/jdk.proxy1.$Proxy4.processTestDefinition(Unknown Source)
  at org.gradle.api.internal.tasks.testing.worker.TestWorker$2.run(TestWorker.java:178)
  at org.gradle.api.internal.tasks.testing.worker.TestWorker.executeAndMaintainThreadName(TestWorker.java:126)
  at org.gradle.api.internal.tasks.testing.worker.TestWorker.execute(TestWorker.java:103)
  at org.gradle.api.internal.tasks.testing.worker.TestWorker.execute(TestWorker.java:63)
  at org.gradle.process.internal.worker.child.ActionExecutionWorker.execute(ActionExecutionWorker.java:56)
  at org.gradle.process.internal.worker.child.SystemApplicationClassLoaderWorker.call(SystemApplicationClassLoaderWorker.java:122)
  at org.gradle.process.internal.worker.child.SystemApplicationClassLoaderWorker.call(SystemApplicationClassLoaderWorker.java:72)
  at worker.org.gradle.process.internal.worker.GradleWorkerMain.run(GradleWorkerMain.java:69)
  at worker.org.gradle.process.internal.worker.GradleWorkerMain.main(GradleWorkerMain.java:74)
</stacktrace>
</test-failure>


TypeScriptCompilerTests_E[jvm] > es6ImportDefaultBindingFollowedWithNamespaceBindingWithExport_ts has expected errors matching es6ImportDefaultBindingFollowedWithNamespaceBindingWithExport_errors_txt[jvm] FAILED

<test-failure test="com.xemantic.typescript.compiler.TypeScriptCompilerTests_E.es6ImportNamedImportMergeErrors_ts has expected errors matching es6ImportNamedImportMergeErrors_errors_txt" platform="jvm">
<message>
Expected diagnostics from baseline typescript-repo/tests/baselines/reference/es6ImportNamedImportMergeErrors.errors.txt but none produced
</message>
<stacktrace>
  at com.xemantic.typescript.compiler.TypeScriptTestSupportKt.errorsMatchBaseline(TypeScriptTestSupport.kt:125)
  at com.xemantic.typescript.compiler.TypeScriptCompilerTests_E.es6ImportNamedImportMergeErrors_ts has expected errors matching es6ImportNamedImportMergeErrors_errors_txt(TypeScriptCompilerTests_E.kt:3640)
  at java.base/jdk.internal.reflect.DirectMethodHandleAccessor.invoke(DirectMethodHandleAccessor.java:104)
  at java.base/java.lang.reflect.Method.invoke(Method.java:565)
  at org.junit.runners.model.FrameworkMethod$1.runReflectiveCall(FrameworkMethod.java:59)
  at org.junit.internal.runners.model.ReflectiveCallable.run(ReflectiveCallable.java:12)
  at org.junit.runners.model.FrameworkMethod.invokeExplosively(FrameworkMethod.java:56)
  at org.junit.internal.runners.statements.InvokeMethod.evaluate(InvokeMethod.java:17)
  at org.junit.runners.ParentRunner$3.evaluate(ParentRunner.java:306)
  at org.junit.runners.BlockJUnit4ClassRunner$1.evaluate(BlockJUnit4ClassRunner.java:100)
  at org.junit.runners.ParentRunner.runLeaf(ParentRunner.java:366)
  at org.junit.runners.BlockJUnit4ClassRunner.runChild(BlockJUnit4ClassRunner.java:103)
  at org.junit.runners.BlockJUnit4ClassRunner.runChild(BlockJUnit4ClassRunner.java:63)
  at org.junit.runners.ParentRunner$4.run(ParentRunner.java:331)
  at org.junit.runners.ParentRunner$1.schedule(ParentRunner.java:79)
  at org.junit.runners.ParentRunner.runChildren(ParentRunner.java:329)
  at org.junit.runners.ParentRunner.access$100(ParentRunner.java:66)
  at org.junit.runners.ParentRunner$2.evaluate(ParentRunner.java:293)
  at org.junit.runners.ParentRunner$3.evaluate(ParentRunner.java:306)
  at org.junit.runners.ParentRunner.run(ParentRunner.java:413)
  at org.junit.runner.JUnitCore.run(JUnitCore.java:137)
  at org.junit.runner.JUnitCore.run(JUnitCore.java:115)
  at org.gradle.api.internal.tasks.testing.junit.JUnitTestExecutor.runRequest(JUnitTestExecutor.java:175)
  at org.gradle.api.internal.tasks.testing.junit.JUnitTestExecutor.accept(JUnitTestExecutor.java:84)
  at org.gradle.api.internal.tasks.testing.junit.JUnitTestExecutor.accept(JUnitTestExecutor.java:47)
  at org.gradle.api.internal.tasks.testing.junit.AbstractJUnitTestDefinitionProcessor.processTestDefinition(AbstractJUnitTestDefinitionProcessor.java:65)
  at org.gradle.api.internal.tasks.testing.SuiteTestDefinitionProcessor.processTestDefinition(SuiteTestDefinitionProcessor.java:54)
  at java.base/jdk.internal.reflect.DirectMethodHandleAccessor.invoke(DirectMethodHandleAccessor.java:104)
  at java.base/java.lang.reflect.Method.invoke(Method.java:565)
  at org.gradle.internal.dispatch.MethodInvocation.invokeOn(MethodInvocation.java:77)
  at org.gradle.internal.dispatch.ReflectionDispatch.dispatch(ReflectionDispatch.java:28)
  at org.gradle.internal.dispatch.ReflectionDispatch.dispatch(ReflectionDispatch.java:19)
  at org.gradle.internal.dispatch.ContextClassLoaderDispatch.dispatch(ContextClassLoaderDispatch.java:33)
  at org.gradle.internal.dispatch.ProxyDispatchAdapter$DispatchingInvocationHandler.invoke(ProxyDispatchAdapter.java:88)
  at jdk.proxy1/jdk.proxy1.$Proxy4.processTestDefinition(Unknown Source)
  at org.gradle.api.internal.tasks.testing.worker.TestWorker$2.run(TestWorker.java:178)
  at org.gradle.api.internal.tasks.testing.worker.TestWorker.executeAndMaintainThreadName(TestWorker.java:126)
  at org.gradle.api.internal.tasks.testing.worker.TestWorker.execute(TestWorker.java:103)
  at org.gradle.api.internal.tasks.testing.worker.TestWorker.execute(TestWorker.java:63)
  at org.gradle.process.internal.worker.child.ActionExecutionWorker.execute(ActionExecutionWorker.java:56)
  at org.gradle.process.internal.worker.child.SystemApplicationClassLoaderWorker.call(SystemApplicationClassLoaderWorker.java:122)
  at org.gradle.process.internal.worker.child.SystemApplicationClassLoaderWorker.call(SystemApplicationClassLoaderWorker.java:72)
  at worker.org.gradle.process.internal.worker.GradleWorkerMain.run(GradleWorkerMain.java:69)
  at worker.org.gradle.process.internal.worker.GradleWorkerMain.main(GradleWorkerMain.java:74)
</stacktrace>
</test-failure>


TypeScriptCompilerTests_E[jvm] > es6ImportNamedImportMergeErrors_ts has expected errors matching es6ImportNamedImportMergeErrors_errors_txt[jvm] FAILED

<test-failure test="com.xemantic.typescript.compiler.TypeScriptCompilerTests_E.errorWithSameNameType_ts has expected errors matching errorWithSameNameType_errors_txt" platform="jvm">
<message>
Expected diagnostics from baseline typescript-repo/tests/baselines/reference/errorWithSameNameType.errors.txt but none produced
</message>
<stacktrace>
  at com.xemantic.typescript.compiler.TypeScriptTestSupportKt.errorsMatchBaseline(TypeScriptTestSupport.kt:125)
  at com.xemantic.typescript.compiler.TypeScriptCompilerTests_E.errorWithSameNameType_ts has expected errors matching errorWithSameNameType_errors_txt(TypeScriptCompilerTests_E.kt:1687)
  at java.base/jdk.internal.reflect.DirectMethodHandleAccessor.invoke(DirectMethodHandleAccessor.java:104)
  at java.base/java.lang.reflect.Method.invoke(Method.java:565)
  at org.junit.runners.model.FrameworkMethod$1.runReflectiveCall(FrameworkMethod.java:59)
  at org.junit.internal.runners.model.ReflectiveCallable.run(ReflectiveCallable.java:12)
  at org.junit.runners.model.FrameworkMethod.invokeExplosively(FrameworkMethod.java:56)
  at org.junit.internal.runners.statements.InvokeMethod.evaluate(InvokeMethod.java:17)
  at org.junit.runners.ParentRunner$3.evaluate(ParentRunner.java:306)
  at org.junit.runners.BlockJUnit4ClassRunner$1.evaluate(BlockJUnit4ClassRunner.java:100)
  at org.junit.runners.ParentRunner.runLeaf(ParentRunner.java:366)
  at org.junit.runners.BlockJUnit4ClassRunner.runChild(BlockJUnit4ClassRunner.java:103)
  at org.junit.runners.BlockJUnit4ClassRunner.runChild(BlockJUnit4ClassRunner.java:63)
  at org.junit.runners.ParentRunner$4.run(ParentRunner.java:331)
  at org.junit.runners.ParentRunner$1.schedule(ParentRunner.java:79)
  at org.junit.runners.ParentRunner.runChildren(ParentRunner.java:329)
  at org.junit.runners.ParentRunner.access$100(ParentRunner.java:66)
  at org.junit.runners.ParentRunner$2.evaluate(ParentRunner.java:293)
  at org.junit.runners.ParentRunner$3.evaluate(ParentRunner.java:306)
  at org.junit.runners.ParentRunner.run(ParentRunner.java:413)
  at org.junit.runner.JUnitCore.run(JUnitCore.java:137)
  at org.junit.runner.JUnitCore.run(JUnitCore.java:115)
  at org.gradle.api.internal.tasks.testing.junit.JUnitTestExecutor.runRequest(JUnitTestExecutor.java:175)
  at org.gradle.api.internal.tasks.testing.junit.JUnitTestExecutor.accept(JUnitTestExecutor.java:84)
  at org.gradle.api.internal.tasks.testing.junit.JUnitTestExecutor.accept(JUnitTestExecutor.java:47)
  at org.gradle.api.internal.tasks.testing.junit.AbstractJUnitTestDefinitionProcessor.processTestDefinition(AbstractJUnitTestDefinitionProcessor.java:65)
  at org.gradle.api.internal.tasks.testing.SuiteTestDefinitionProcessor.processTestDefinition(SuiteTestDefinitionProcessor.java:54)
  at java.base/jdk.internal.reflect.DirectMethodHandleAccessor.invoke(DirectMethodHandleAccessor.java:104)
  at java.base/java.lang.reflect.Method.invoke(Method.java:565)
  at org.gradle.internal.dispatch.MethodInvocation.invokeOn(MethodInvocation.java:77)
  at org.gradle.internal.dispatch.ReflectionDispatch.dispatch(ReflectionDispatch.java:28)
  at org.gradle.internal.dispatch.ReflectionDispatch.dispatch(ReflectionDispatch.java:19)
  at org.gradle.internal.dispatch.ContextClassLoaderDispatch.dispatch(ContextClassLoaderDispatch.java:33)
  at org.gradle.internal.dispatch.ProxyDispatchAdapter$DispatchingInvocationHandler.invoke(ProxyDispatchAdapter.java:88)
  at jdk.proxy1/jdk.proxy1.$Proxy4.processTestDefinition(Unknown Source)
  at org.gradle.api.internal.tasks.testing.worker.TestWorker$2.run(TestWorker.java:178)
  at org.gradle.api.internal.tasks.testing.worker.TestWorker.executeAndMaintainThreadName(TestWorker.java:126)
  at org.gradle.api.internal.tasks.testing.worker.TestWorker.execute(TestWorker.java:103)
  at org.gradle.api.internal.tasks.testing.worker.TestWorker.execute(TestWorker.java:63)
  at org.gradle.process.internal.worker.child.ActionExecutionWorker.execute(ActionExecutionWorker.java:56)
  at org.gradle.process.internal.worker.child.SystemApplicationClassLoaderWorker.call(SystemApplicationClassLoaderWorker.java:122)
  at org.gradle.process.internal.worker.child.SystemApplicationClassLoaderWorker.call(SystemApplicationClassLoaderWorker.java:72)
  at worker.org.gradle.process.internal.worker.GradleWorkerMain.run(GradleWorkerMain.java:69)
  at worker.org.gradle.process.internal.worker.GradleWorkerMain.main(GradleWorkerMain.java:74)
</stacktrace>
</test-failure>


TypeScriptCompilerTests_E[jvm] > errorWithSameNameType_ts has expected errors matching errorWithSameNameType_errors_txt[jvm] FAILED

<test-failure test="com.xemantic.typescript.compiler.TypeScriptCompilerTests_E.exportEqualsDefaultProperty_ts has expected errors matching exportEqualsDefaultProperty_errors_txt" platform="jvm">
<message>
Expected diagnostics from baseline typescript-repo/tests/baselines/reference/exportEqualsDefaultProperty.errors.txt but none produced
</message>
<stacktrace>
  at com.xemantic.typescript.compiler.TypeScriptTestSupportKt.errorsMatchBaseline(TypeScriptTestSupport.kt:125)
  at com.xemantic.typescript.compiler.TypeScriptCompilerTests_E.exportEqualsDefaultProperty_ts has expected errors matching exportEqualsDefaultProperty_errors_txt(TypeScriptCompilerTests_E.kt:5551)
  at java.base/jdk.internal.reflect.DirectMethodHandleAccessor.invoke(DirectMethodHandleAccessor.java:104)
  at java.base/java.lang.reflect.Method.invoke(Method.java:565)
  at org.junit.runners.model.FrameworkMethod$1.runReflectiveCall(FrameworkMethod.java:59)
  at org.junit.internal.runners.model.ReflectiveCallable.run(ReflectiveCallable.java:12)
  at org.junit.runners.model.FrameworkMethod.invokeExplosively(FrameworkMethod.java:56)
  at org.junit.internal.runners.statements.InvokeMethod.evaluate(InvokeMethod.java:17)
  at org.junit.runners.ParentRunner$3.evaluate(ParentRunner.java:306)
  at org.junit.runners.BlockJUnit4ClassRunner$1.evaluate(BlockJUnit4ClassRunner.java:100)
  at org.junit.runners.ParentRunner.runLeaf(ParentRunner.java:366)
  at org.junit.runners.BlockJUnit4ClassRunner.runChild(BlockJUnit4ClassRunner.java:103)
  at org.junit.runners.BlockJUnit4ClassRunner.runChild(BlockJUnit4ClassRunner.java:63)
  at org.junit.runners.ParentRunner$4.run(ParentRunner.java:331)
  at org.junit.runners.ParentRunner$1.schedule(ParentRunner.java:79)
  at org.junit.runners.ParentRunner.runChildren(ParentRunner.java:329)
  at org.junit.runners.ParentRunner.access$100(ParentRunner.java:66)
  at org.junit.runners.ParentRunner$2.evaluate(ParentRunner.java:293)
  at org.junit.runners.ParentRunner$3.evaluate(ParentRunner.java:306)
  at org.junit.runners.ParentRunner.run(ParentRunner.java:413)
  at org.junit.runner.JUnitCore.run(JUnitCore.java:137)
  at org.junit.runner.JUnitCore.run(JUnitCore.java:115)
  at org.gradle.api.internal.tasks.testing.junit.JUnitTestExecutor.runRequest(JUnitTestExecutor.java:175)
  at org.gradle.api.internal.tasks.testing.junit.JUnitTestExecutor.accept(JUnitTestExecutor.java:84)
  at org.gradle.api.internal.tasks.testing.junit.JUnitTestExecutor.accept(JUnitTestExecutor.java:47)
  at org.gradle.api.internal.tasks.testing.junit.AbstractJUnitTestDefinitionProcessor.processTestDefinition(AbstractJUnitTestDefinitionProcessor.java:65)
  at org.gradle.api.internal.tasks.testing.SuiteTestDefinitionProcessor.processTestDefinition(SuiteTestDefinitionProcessor.java:54)
  at java.base/jdk.internal.reflect.DirectMethodHandleAccessor.invoke(DirectMethodHandleAccessor.java:104)
  at java.base/java.lang.reflect.Method.invoke(Method.java:565)
  at org.gradle.internal.dispatch.MethodInvocation.invokeOn(MethodInvocation.java:77)
  at org.gradle.internal.dispatch.ReflectionDispatch.dispatch(ReflectionDispatch.java:28)
  at org.gradle.internal.dispatch.ReflectionDispatch.dispatch(ReflectionDispatch.java:19)
  at org.gradle.internal.dispatch.ContextClassLoaderDispatch.dispatch(ContextClassLoaderDispatch.java:33)
  at org.gradle.internal.dispatch.ProxyDispatchAdapter$DispatchingInvocationHandler.invoke(ProxyDispatchAdapter.java:88)
  at jdk.proxy1/jdk.proxy1.$Proxy4.processTestDefinition(Unknown Source)
  at org.gradle.api.internal.tasks.testing.worker.TestWorker$2.run(TestWorker.java:178)
  at org.gradle.api.internal.tasks.testing.worker.TestWorker.executeAndMaintainThreadName(TestWorker.java:126)
  at org.gradle.api.internal.tasks.testing.worker.TestWorker.execute(TestWorker.java:103)
  at org.gradle.api.internal.tasks.testing.worker.TestWorker.execute(TestWorker.java:63)
  at org.gradle.process.internal.worker.child.ActionExecutionWorker.execute(ActionExecutionWorker.java:56)
  at org.gradle.process.internal.worker.child.SystemApplicationClassLoaderWorker.call(SystemApplicationClassLoaderWorker.java:122)
  at org.gradle.process.internal.worker.child.SystemApplicationClassLoaderWorker.call(SystemApplicationClassLoaderWorker.java:72)
  at worker.org.gradle.process.internal.worker.GradleWorkerMain.run(GradleWorkerMain.java:69)
  at worker.org.gradle.process.internal.worker.GradleWorkerMain.main(GradleWorkerMain.java:74)
</stacktrace>
</test-failure>


TypeScriptCompilerTests_E[jvm] > exportEqualsDefaultProperty_ts has expected errors matching exportEqualsDefaultProperty_errors_txt[jvm] FAILED

<test-failure test="com.xemantic.typescript.compiler.TypeScriptCompilerTests_E.externalModuleRefernceResolutionOrderInImportDeclaration_ts compiles to JavaScript matching externalModuleRefernceResolutionOrderInImportDeclaration_js" platform="jvm">
<message>
--- expected
+++ actual
@@ -17,14 +17,14 @@
 
 
 
-//// [externalModuleRefernceResolutionOrderInImportDeclaration_file2.js]
-"use strict";
 //// [externalModuleRefernceResolutionOrderInImportDeclaration_file1.js]
 "use strict";
 Object.defineProperty(exports, "__esModule", { value: true });
 exports.foo = foo;
 function foo() { }
 ;
+//// [externalModuleRefernceResolutionOrderInImportDeclaration_file2.js]
+"use strict";
 //// [externalModuleRefernceResolutionOrderInImportDeclaration_file3.js]
 "use strict";
 Object.defineProperty(exports, "__esModule", { value: true });

</message>
<stacktrace>
  at org.junit.Assert.fail(Assert.java:89)
  at kotlin.test.junit.JUnitAsserter.fail(JUnitSupport.kt:56)
  at kotlin.test.AssertionsKt__AssertionsKt.fail(Assertions.kt:563)
  at kotlin.test.AssertionsKt.fail(Unknown Source)
  at com.xemantic.kotlin.test.SameAsKt.sameAs(SameAs.kt:52)
  at com.xemantic.typescript.compiler.TypeScriptTestSupportKt.sameAs(TypeScriptTestSupport.kt:99)
  at com.xemantic.typescript.compiler.TypeScriptCompilerTests_E.externalModuleRefernceResolutionOrderInImportDeclaration_ts compiles to JavaScript matching externalModuleRefernceResolutionOrderInImportDeclaration_js(TypeScriptCompilerTests_E.kt:6706)
  at java.base/jdk.internal.reflect.DirectMethodHandleAccessor.invoke(DirectMethodHandleAccessor.java:104)
  at java.base/java.lang.reflect.Method.invoke(Method.java:565)
  at org.junit.runners.model.FrameworkMethod$1.runReflectiveCall(FrameworkMethod.java:59)
  at org.junit.internal.runners.model.ReflectiveCallable.run(ReflectiveCallable.java:12)
  at org.junit.runners.model.FrameworkMethod.invokeExplosively(FrameworkMethod.java:56)
  at org.junit.internal.runners.statements.InvokeMethod.evaluate(InvokeMethod.java:17)
  at org.junit.runners.ParentRunner$3.evaluate(ParentRunner.java:306)
  at org.junit.runners.BlockJUnit4ClassRunner$1.evaluate(BlockJUnit4ClassRunner.java:100)
  at org.junit.runners.ParentRunner.runLeaf(ParentRunner.java:366)
  at org.junit.runners.BlockJUnit4ClassRunner.runChild(BlockJUnit4ClassRunner.java:103)
  at org.junit.runners.BlockJUnit4ClassRunner.runChild(BlockJUnit4ClassRunner.java:63)
  at org.junit.runners.ParentRunner$4.run(ParentRunner.java:331)
  at org.junit.runners.ParentRunner$1.schedule(ParentRunner.java:79)
  at org.junit.runners.ParentRunner.runChildren(ParentRunner.java:329)
  at org.junit.runners.ParentRunner.access$100(ParentRunner.java:66)
  at org.junit.runners.ParentRunner$2.evaluate(ParentRunner.java:293)
  at org.junit.runners.ParentRunner$3.evaluate(ParentRunner.java:306)
  at org.junit.runners.ParentRunner.run(ParentRunner.java:413)
  at org.junit.runner.JUnitCore.run(JUnitCore.java:137)
  at org.junit.runner.JUnitCore.run(JUnitCore.java:115)
  at org.gradle.api.internal.tasks.testing.junit.JUnitTestExecutor.runRequest(JUnitTestExecutor.java:175)
  at org.gradle.api.internal.tasks.testing.junit.JUnitTestExecutor.accept(JUnitTestExecutor.java:84)
  at org.gradle.api.internal.tasks.testing.junit.JUnitTestExecutor.accept(JUnitTestExecutor.java:47)
  at org.gradle.api.internal.tasks.testing.junit.AbstractJUnitTestDefinitionProcessor.processTestDefinition(AbstractJUnitTestDefinitionProcessor.java:65)
  at org.gradle.api.internal.tasks.testing.SuiteTestDefinitionProcessor.processTestDefinition(SuiteTestDefinitionProcessor.java:54)
  at java.base/jdk.internal.reflect.DirectMethodHandleAccessor.invoke(DirectMethodHandleAccessor.java:104)
  at java.base/java.lang.reflect.Method.invoke(Method.java:565)
  at org.gradle.internal.dispatch.MethodInvocation.invokeOn(MethodInvocation.java:77)
  at org.gradle.internal.dispatch.ReflectionDispatch.dispatch(ReflectionDispatch.java:28)
  at org.gradle.internal.dispatch.ReflectionDispatch.dispatch(ReflectionDispatch.java:19)
  at org.gradle.internal.dispatch.ContextClassLoaderDispatch.dispatch(ContextClassLoaderDispatch.java:33)
  at org.gradle.internal.dispatch.ProxyDispatchAdapter$DispatchingInvocationHandler.invoke(ProxyDispatchAdapter.java:88)
  at jdk.proxy1/jdk.proxy1.$Proxy4.processTestDefinition(Unknown Source)
  at org.gradle.api.internal.tasks.testing.worker.TestWorker$2.run(TestWorker.java:178)
  at org.gradle.api.internal.tasks.testing.worker.TestWorker.executeAndMaintainThreadName(TestWorker.java:126)
  at org.gradle.api.internal.tasks.testing.worker.TestWorker.execute(TestWorker.java:103)
  at org.gradle.api.internal.tasks.testing.worker.TestWorker.execute(TestWorker.java:63)
  at org.gradle.process.internal.worker.child.ActionExecutionWorker.execute(ActionExecutionWorker.java:56)
  at org.gradle.process.internal.worker.child.SystemApplicationClassLoaderWorker.call(SystemApplicationClassLoaderWorker.java:122)
  at org.gradle.process.internal.worker.child.SystemApplicationClassLoaderWorker.call(SystemApplicationClassLoaderWorker.java:72)
  at worker.org.gradle.process.internal.worker.GradleWorkerMain.run(GradleWorkerMain.java:69)
  at worker.org.gradle.process.internal.worker.GradleWorkerMain.main(GradleWorkerMain.java:74)
</stacktrace>
</test-failure>


TypeScriptCompilerTests_E[jvm] > externalModuleRefernceResolutionOrderInImportDeclaration_ts compiles to JavaScript matching externalModuleRefernceResolutionOrderInImportDeclaration_js[jvm] FAILED

<test-failure test="com.xemantic.typescript.compiler.TypeScriptCompilerTests_E.errorForUsingPropertyOfTypeAsType02_ts has expected errors matching errorForUsingPropertyOfTypeAsType02_errors_txt" platform="jvm">
<message>
Expected diagnostics from baseline typescript-repo/tests/baselines/reference/errorForUsingPropertyOfTypeAsType02.errors.txt but none produced
</message>
<stacktrace>
  at com.xemantic.typescript.compiler.TypeScriptTestSupportKt.errorsMatchBaseline(TypeScriptTestSupport.kt:125)
  at com.xemantic.typescript.compiler.TypeScriptCompilerTests_E.errorForUsingPropertyOfTypeAsType02_ts has expected errors matching errorForUsingPropertyOfTypeAsType02_errors_txt(TypeScriptCompilerTests_E.kt:1379)
  at java.base/jdk.internal.reflect.DirectMethodHandleAccessor.invoke(DirectMethodHandleAccessor.java:104)
  at java.base/java.lang.reflect.Method.invoke(Method.java:565)
  at org.junit.runners.model.FrameworkMethod$1.runReflectiveCall(FrameworkMethod.java:59)
  at org.junit.internal.runners.model.ReflectiveCallable.run(ReflectiveCallable.java:12)
  at org.junit.runners.model.FrameworkMethod.invokeExplosively(FrameworkMethod.java:56)
  at org.junit.internal.runners.statements.InvokeMethod.evaluate(InvokeMethod.java:17)
  at org.junit.runners.ParentRunner$3.evaluate(ParentRunner.java:306)
  at org.junit.runners.BlockJUnit4ClassRunner$1.evaluate(BlockJUnit4ClassRunner.java:100)
  at org.junit.runners.ParentRunner.runLeaf(ParentRunner.java:366)
  at org.junit.runners.BlockJUnit4ClassRunner.runChild(BlockJUnit4ClassRunner.java:103)
  at org.junit.runners.BlockJUnit4ClassRunner.runChild(BlockJUnit4ClassRunner.java:63)
  at org.junit.runners.ParentRunner$4.run(ParentRunner.java:331)
  at org.junit.runners.ParentRunner$1.schedule(ParentRunner.java:79)
  at org.junit.runners.ParentRunner.runChildren(ParentRunner.java:329)
  at org.junit.runners.ParentRunner.access$100(ParentRunner.java:66)
  at org.junit.runners.ParentRunner$2.evaluate(ParentRunner.java:293)
  at org.junit.runners.ParentRunner$3.evaluate(ParentRunner.java:306)
  at org.junit.runners.ParentRunner.run(ParentRunner.java:413)
  at org.junit.runner.JUnitCore.run(JUnitCore.java:137)
  at org.junit.runner.JUnitCore.run(JUnitCore.java:115)
  at org.gradle.api.internal.tasks.testing.junit.JUnitTestExecutor.runRequest(JUnitTestExecutor.java:175)
  at org.gradle.api.internal.tasks.testing.junit.JUnitTestExecutor.accept(JUnitTestExecutor.java:84)
  at org.gradle.api.internal.tasks.testing.junit.JUnitTestExecutor.accept(JUnitTestExecutor.java:47)
  at org.gradle.api.internal.tasks.testing.junit.AbstractJUnitTestDefinitionProcessor.processTestDefinition(AbstractJUnitTestDefinitionProcessor.java:65)
  at org.gradle.api.internal.tasks.testing.SuiteTestDefinitionProcessor.processTestDefinition(SuiteTestDefinitionProcessor.java:54)
  at java.base/jdk.internal.reflect.DirectMethodHandleAccessor.invoke(DirectMethodHandleAccessor.java:104)
  at java.base/java.lang.reflect.Method.invoke(Method.java:565)
  at org.gradle.internal.dispatch.MethodInvocation.invokeOn(MethodInvocation.java:77)
  at org.gradle.internal.dispatch.ReflectionDispatch.dispatch(ReflectionDispatch.java:28)
  at org.gradle.internal.dispatch.ReflectionDispatch.dispatch(ReflectionDispatch.java:19)
  at org.gradle.internal.dispatch.ContextClassLoaderDispatch.dispatch(ContextClassLoaderDispatch.java:33)
  at org.gradle.internal.dispatch.ProxyDispatchAdapter$DispatchingInvocationHandler.invoke(ProxyDispatchAdapter.java:88)
  at jdk.proxy1/jdk.proxy1.$Proxy4.processTestDefinition(Unknown Source)
  at org.gradle.api.internal.tasks.testing.worker.TestWorker$2.run(TestWorker.java:178)
  at org.gradle.api.internal.tasks.testing.worker.TestWorker.executeAndMaintainThreadName(TestWorker.java:126)
  at org.gradle.api.internal.tasks.testing.worker.TestWorker.execute(TestWorker.java:103)
  at org.gradle.api.internal.tasks.testing.worker.TestWorker.execute(TestWorker.java:63)
  at org.gradle.process.internal.worker.child.ActionExecutionWorker.execute(ActionExecutionWorker.java:56)
  at org.gradle.process.internal.worker.child.SystemApplicationClassLoaderWorker.call(SystemApplicationClassLoaderWorker.java:122)
  at org.gradle.process.internal.worker.child.SystemApplicationClassLoaderWorker.call(SystemApplicationClassLoaderWorker.java:72)
  at worker.org.gradle.process.internal.worker.GradleWorkerMain.run(GradleWorkerMain.java:69)
  at worker.org.gradle.process.internal.worker.GradleWorkerMain.main(GradleWorkerMain.java:74)
</stacktrace>
</test-failure>


TypeScriptCompilerTests_E[jvm] > errorForUsingPropertyOfTypeAsType02_ts has expected errors matching errorForUsingPropertyOfTypeAsType02_errors_txt[jvm] FAILED

<test-failure test="com.xemantic.typescript.compiler.TypeScriptCompilerTests_E.emitSkipsThisWithRestParameter_ts has expected errors matching emitSkipsThisWithRestParameter_errors_txt" platform="jvm">
<message>
Expected diagnostics from baseline typescript-repo/tests/baselines/reference/emitSkipsThisWithRestParameter.errors.txt but none produced
</message>
<stacktrace>
  at com.xemantic.typescript.compiler.TypeScriptTestSupportKt.errorsMatchBaseline(TypeScriptTestSupport.kt:125)
  at com.xemantic.typescript.compiler.TypeScriptCompilerTests_E.emitSkipsThisWithRestParameter_ts has expected errors matching emitSkipsThisWithRestParameter_errors_txt(TypeScriptCompilerTests_E.kt:392)
  at java.base/jdk.internal.reflect.DirectMethodHandleAccessor.invoke(DirectMethodHandleAccessor.java:104)
  at java.base/java.lang.reflect.Method.invoke(Method.java:565)
  at org.junit.runners.model.FrameworkMethod$1.runReflectiveCall(FrameworkMethod.java:59)
  at org.junit.internal.runners.model.ReflectiveCallable.run(ReflectiveCallable.java:12)
  at org.junit.runners.model.FrameworkMethod.invokeExplosively(FrameworkMethod.java:56)
  at org.junit.internal.runners.statements.InvokeMethod.evaluate(InvokeMethod.java:17)
  at org.junit.runners.ParentRunner$3.evaluate(ParentRunner.java:306)
  at org.junit.runners.BlockJUnit4ClassRunner$1.evaluate(BlockJUnit4ClassRunner.java:100)
  at org.junit.runners.ParentRunner.runLeaf(ParentRunner.java:366)
  at org.junit.runners.BlockJUnit4ClassRunner.runChild(BlockJUnit4ClassRunner.java:103)
  at org.junit.runners.BlockJUnit4ClassRunner.runChild(BlockJUnit4ClassRunner.java:63)
  at org.junit.runners.ParentRunner$4.run(ParentRunner.java:331)
  at org.junit.runners.ParentRunner$1.schedule(ParentRunner.java:79)
  at org.junit.runners.ParentRunner.runChildren(ParentRunner.java:329)
  at org.junit.runners.ParentRunner.access$100(ParentRunner.java:66)
  at org.junit.runners.ParentRunner$2.evaluate(ParentRunner.java:293)
  at org.junit.runners.ParentRunner$3.evaluate(ParentRunner.java:306)
  at org.junit.runners.ParentRunner.run(ParentRunner.java:413)
  at org.junit.runner.JUnitCore.run(JUnitCore.java:137)
  at org.junit.runner.JUnitCore.run(JUnitCore.java:115)
  at org.gradle.api.internal.tasks.testing.junit.JUnitTestExecutor.runRequest(JUnitTestExecutor.java:175)
  at org.gradle.api.internal.tasks.testing.junit.JUnitTestExecutor.accept(JUnitTestExecutor.java:84)
  at org.gradle.api.internal.tasks.testing.junit.JUnitTestExecutor.accept(JUnitTestExecutor.java:47)
  at org.gradle.api.internal.tasks.testing.junit.AbstractJUnitTestDefinitionProcessor.processTestDefinition(AbstractJUnitTestDefinitionProcessor.java:65)
  at org.gradle.api.internal.tasks.testing.SuiteTestDefinitionProcessor.processTestDefinition(SuiteTestDefinitionProcessor.java:54)
  at java.base/jdk.internal.reflect.DirectMethodHandleAccessor.invoke(DirectMethodHandleAccessor.java:104)
  at java.base/java.lang.reflect.Method.invoke(Method.java:565)
  at org.gradle.internal.dispatch.MethodInvocation.invokeOn(MethodInvocation.java:77)
  at org.gradle.internal.dispatch.ReflectionDispatch.dispatch(ReflectionDispatch.java:28)
  at org.gradle.internal.dispatch.ReflectionDispatch.dispatch(ReflectionDispatch.java:19)
  at org.gradle.internal.dispatch.ContextClassLoaderDispatch.dispatch(ContextClassLoaderDispatch.java:33)
  at org.gradle.internal.dispatch.ProxyDispatchAdapter$DispatchingInvocationHandler.invoke(ProxyDispatchAdapter.java:88)
  at jdk.proxy1/jdk.proxy1.$Proxy4.processTestDefinition(Unknown Source)
  at org.gradle.api.internal.tasks.testing.worker.TestWorker$2.run(TestWorker.java:178)
  at org.gradle.api.internal.tasks.testing.worker.TestWorker.executeAndMaintainThreadName(TestWorker.java:126)
  at org.gradle.api.internal.tasks.testing.worker.TestWorker.execute(TestWorker.java:103)
  at org.gradle.api.internal.tasks.testing.worker.TestWorker.execute(TestWorker.java:63)
  at org.gradle.process.internal.worker.child.ActionExecutionWorker.execute(ActionExecutionWorker.java:56)
  at org.gradle.process.internal.worker.child.SystemApplicationClassLoaderWorker.call(SystemApplicationClassLoaderWorker.java:122)
  at org.gradle.process.internal.worker.child.SystemApplicationClassLoaderWorker.call(SystemApplicationClassLoaderWorker.java:72)
  at worker.org.gradle.process.internal.worker.GradleWorkerMain.run(GradleWorkerMain.java:69)
  at worker.org.gradle.process.internal.worker.GradleWorkerMain.main(GradleWorkerMain.java:74)
</stacktrace>
</test-failure>


TypeScriptCompilerTests_E[jvm] > emitSkipsThisWithRestParameter_ts has expected errors matching emitSkipsThisWithRestParameter_errors_txt[jvm] FAILED

<test-failure test="com.xemantic.typescript.compiler.TypeScriptCompilerTests_E.es6ImportNamedImportNoNamedExports_ts__target_es5__has expected errors matching baseline" platform="jvm">
<message>
--- expected
+++ actual
@@ -1,6 +1,4 @@
 error TS5107: Option 'target=ES5' is deprecated and will stop functioning in TypeScript 7.0. Specify compilerOption '"ignoreDeprecations": "6.0"' to silence this error.
-es6ImportNamedImportNoNamedExports_1.ts(1,10): error TS2616: 'a' can only be imported by using 'import a = require("./es6ImportNamedImportNoNamedExports_0")' or a default import.
-es6ImportNamedImportNoNamedExports_1.ts(2,10): error TS2616: 'a' can only be imported by using 'import a = require("./es6ImportNamedImportNoNamedExports_0")' or a default import.
 
 
 !!! error TS5107: Option 'target=ES5' is deprecated and will stop functioning in TypeScript 7.0. Specify compilerOption '"ignoreDeprecations": "6.0"' to silence this error.
@@ -8,10 +6,6 @@
     var a = 10;
     export = a;
     
-==== es6ImportNamedImportNoNamedExports_1.ts (2 errors) ====
+==== es6ImportNamedImportNoNamedExports_1.ts (0 errors) ====
     import { a } from "./es6ImportNamedImportNoNamedExports_0";
-             ~
-!!! error TS2616: 'a' can only be imported by using 'import a = require("./es6ImportNamedImportNoNamedExports_0")' or a default import.
     import { a as x } from "./es6ImportNamedImportNoNamedExports_0";
-             ~
-!!! error TS2616: 'a' can only be imported by using 'import a = require("./es6ImportNamedImportNoNamedExports_0")' or a default import.

</message>
<stacktrace>
  at org.junit.Assert.fail(Assert.java:89)
  at kotlin.test.junit.JUnitAsserter.fail(JUnitSupport.kt:56)
  at kotlin.test.AssertionsKt__AssertionsKt.fail(Assertions.kt:563)
  at kotlin.test.AssertionsKt.fail(Unknown Source)
  at com.xemantic.kotlin.test.SameAsKt.sameAs(SameAs.kt:52)
  at com.xemantic.typescript.compiler.TypeScriptTestSupportKt.errorsMatchBaseline(TypeScriptTestSupport.kt:135)
  at com.xemantic.typescript.compiler.TypeScriptCompilerTests_E.es6ImportNamedImportNoNamedExports_ts__target_es5__has expected errors matching baseline(TypeScriptCompilerTests_E.kt:3668)
  at java.base/jdk.internal.reflect.DirectMethodHandleAccessor.invoke(DirectMethodHandleAccessor.java:104)
  at java.base/java.lang.reflect.Method.invoke(Method.java:565)
  at org.junit.runners.model.FrameworkMethod$1.runReflectiveCall(FrameworkMethod.java:59)
  at org.junit.internal.runners.model.ReflectiveCallable.run(ReflectiveCallable.java:12)
  at org.junit.runners.model.FrameworkMethod.invokeExplosively(FrameworkMethod.java:56)
  at org.junit.internal.runners.statements.InvokeMethod.evaluate(InvokeMethod.java:17)
  at org.junit.runners.ParentRunner$3.evaluate(ParentRunner.java:306)
  at org.junit.runners.BlockJUnit4ClassRunner$1.evaluate(BlockJUnit4ClassRunner.java:100)
  at org.junit.runners.ParentRunner.runLeaf(ParentRunner.java:366)
  at org.junit.runners.BlockJUnit4ClassRunner.runChild(BlockJUnit4ClassRunner.java:103)
  at org.junit.runners.BlockJUnit4ClassRunner.runChild(BlockJUnit4ClassRunner.java:63)
  at org.junit.runners.ParentRunner$4.run(ParentRunner.java:331)
  at org.junit.runners.ParentRunner$1.schedule(ParentRunner.java:79)
  at org.junit.runners.ParentRunner.runChildren(ParentRunner.java:329)
  at org.junit.runners.ParentRunner.access$100(ParentRunner.java:66)
  at org.junit.runners.ParentRunner$2.evaluate(ParentRunner.java:293)
  at org.junit.runners.ParentRunner$3.evaluate(ParentRunner.java:306)
  at org.junit.runners.ParentRunner.run(ParentRunner.java:413)
  at org.junit.runner.JUnitCore.run(JUnitCore.java:137)
  at org.junit.runner.JUnitCore.run(JUnitCore.java:115)
  at org.gradle.api.internal.tasks.testing.junit.JUnitTestExecutor.runRequest(JUnitTestExecutor.java:175)
  at org.gradle.api.internal.tasks.testing.junit.JUnitTestExecutor.accept(JUnitTestExecutor.java:84)
  at org.gradle.api.internal.tasks.testing.junit.JUnitTestExecutor.accept(JUnitTestExecutor.java:47)
  at org.gradle.api.internal.tasks.testing.junit.AbstractJUnitTestDefinitionProcessor.processTestDefinition(AbstractJUnitTestDefinitionProcessor.java:65)
  at org.gradle.api.internal.tasks.testing.SuiteTestDefinitionProcessor.processTestDefinition(SuiteTestDefinitionProcessor.java:54)
  at java.base/jdk.internal.reflect.DirectMethodHandleAccessor.invoke(DirectMethodHandleAccessor.java:104)
  at java.base/java.lang.reflect.Method.invoke(Method.java:565)
  at org.gradle.internal.dispatch.MethodInvocation.invokeOn(MethodInvocation.java:77)
  at org.gradle.internal.dispatch.ReflectionDispatch.dispatch(ReflectionDispatch.java:28)
  at org.gradle.internal.dispatch.ReflectionDispatch.dispatch(ReflectionDispatch.java:19)
  at org.gradle.internal.dispatch.ContextClassLoaderDispatch.dispatch(ContextClassLoaderDispatch.java:33)
  at org.gradle.internal.dispatch.ProxyDispatchAdapter$DispatchingInvocationHandler.invoke(ProxyDispatchAdapter.java:88)
  at jdk.proxy1/jdk.proxy1.$Proxy4.processTestDefinition(Unknown Source)
  at org.gradle.api.internal.tasks.testing.worker.TestWorker$2.run(TestWorker.java:178)
  at org.gradle.api.internal.tasks.testing.worker.TestWorker.executeAndMaintainThreadName(TestWorker.java:126)
  at org.gradle.api.internal.tasks.testing.worker.TestWorker.execute(TestWorker.java:103)
  at org.gradle.api.internal.tasks.testing.worker.TestWorker.execute(TestWorker.java:63)
  at org.gradle.process.internal.worker.child.ActionExecutionWorker.execute(ActionExecutionWorker.java:56)
  at org.gradle.process.internal.worker.child.SystemApplicationClassLoaderWorker.call(SystemApplicationClassLoaderWorker.java:122)
  at org.gradle.process.internal.worker.child.SystemApplicationClassLoaderWorker.call(SystemApplicationClassLoaderWorker.java:72)
  at worker.org.gradle.process.internal.worker.GradleWorkerMain.run(GradleWorkerMain.java:69)
  at worker.org.gradle.process.internal.worker.GradleWorkerMain.main(GradleWorkerMain.java:74)
</stacktrace>
</test-failure>


TypeScriptCompilerTests_E[jvm] > es6ImportNamedImportNoNamedExports_ts__target_es5__has expected errors matching baseline[jvm] FAILED

<test-failure test="com.xemantic.typescript.compiler.TypeScriptCompilerTests_E.es5-asyncFunctionObjectLiterals_ts__target_es2015__compiles to JavaScript matching baseline" platform="jvm">
<message>
--- expected
+++ actual
@@ -73,7 +73,7 @@
 function objectLiteral2() {
     return __awaiter(this, void 0, void 0, function* () {
         x = {
-            [yield a]: y,
+            [await a]: y,
             b: z
         };
     });
@@ -98,7 +98,7 @@
     return __awaiter(this, void 0, void 0, function* () {
         x = {
             a: y,
-            [yield b]: z
+            [await b]: z
         };
     });
 }

</message>
<stacktrace>
  at org.junit.Assert.fail(Assert.java:89)
  at kotlin.test.junit.JUnitAsserter.fail(JUnitSupport.kt:56)
  at kotlin.test.AssertionsKt__AssertionsKt.fail(Assertions.kt:563)
  at kotlin.test.AssertionsKt.fail(Unknown Source)
  at com.xemantic.kotlin.test.SameAsKt.sameAs(SameAs.kt:52)
  at com.xemantic.typescript.compiler.TypeScriptTestSupportKt.sameAs(TypeScriptTestSupport.kt:99)
  at com.xemantic.typescript.compiler.TypeScriptCompilerTests_E.es5-asyncFunctionObjectLiterals_ts__target_es2015__compiles to JavaScript matching baseline(TypeScriptCompilerTests_E.kt:2037)
  at java.base/jdk.internal.reflect.DirectMethodHandleAccessor.invoke(DirectMethodHandleAccessor.java:104)
  at java.base/java.lang.reflect.Method.invoke(Method.java:565)
  at org.junit.runners.model.FrameworkMethod$1.runReflectiveCall(FrameworkMethod.java:59)
  at org.junit.internal.runners.model.ReflectiveCallable.run(ReflectiveCallable.java:12)
  at org.junit.runners.model.FrameworkMethod.invokeExplosively(FrameworkMethod.java:56)
  at org.junit.internal.runners.statements.InvokeMethod.evaluate(InvokeMethod.java:17)
  at org.junit.runners.ParentRunner$3.evaluate(ParentRunner.java:306)
  at org.junit.runners.BlockJUnit4ClassRunner$1.evaluate(BlockJUnit4ClassRunner.java:100)
  at org.junit.runners.ParentRunner.runLeaf(ParentRunner.java:366)
  at org.junit.runners.BlockJUnit4ClassRunner.runChild(BlockJUnit4ClassRunner.java:103)
  at org.junit.runners.BlockJUnit4ClassRunner.runChild(BlockJUnit4ClassRunner.java:63)
  at org.junit.runners.ParentRunner$4.run(ParentRunner.java:331)
  at org.junit.runners.ParentRunner$1.schedule(ParentRunner.java:79)
  at org.junit.runners.ParentRunner.runChildren(ParentRunner.java:329)
  at org.junit.runners.ParentRunner.access$100(ParentRunner.java:66)
  at org.junit.runners.ParentRunner$2.evaluate(ParentRunner.java:293)
  at org.junit.runners.ParentRunner$3.evaluate(ParentRunner.java:306)
  at org.junit.runners.ParentRunner.run(ParentRunner.java:413)
  at org.junit.runner.JUnitCore.run(JUnitCore.java:137)
  at org.junit.runner.JUnitCore.run(JUnitCore.java:115)
  at org.gradle.api.internal.tasks.testing.junit.JUnitTestExecutor.runRequest(JUnitTestExecutor.java:175)
  at org.gradle.api.internal.tasks.testing.junit.JUnitTestExecutor.accept(JUnitTestExecutor.java:84)
  at org.gradle.api.internal.tasks.testing.junit.JUnitTestExecutor.accept(JUnitTestExecutor.java:47)
  at org.gradle.api.internal.tasks.testing.junit.AbstractJUnitTestDefinitionProcessor.processTestDefinition(AbstractJUnitTestDefinitionProcessor.java:65)
  at org.gradle.api.internal.tasks.testing.SuiteTestDefinitionProcessor.processTestDefinition(SuiteTestDefinitionProcessor.java:54)
  at java.base/jdk.internal.reflect.DirectMethodHandleAccessor.invoke(DirectMethodHandleAccessor.java:104)
  at java.base/java.lang.reflect.Method.invoke(Method.java:565)
  at org.gradle.internal.dispatch.MethodInvocation.invokeOn(MethodInvocation.java:77)
  at org.gradle.internal.dispatch.ReflectionDispatch.dispatch(ReflectionDispatch.java:28)
  at org.gradle.internal.dispatch.ReflectionDispatch.dispatch(ReflectionDispatch.java:19)
  at org.gradle.internal.dispatch.ContextClassLoaderDispatch.dispatch(ContextClassLoaderDispatch.java:33)
  at org.gradle.internal.dispatch.ProxyDispatchAdapter$DispatchingInvocationHandler.invoke(ProxyDispatchAdapter.java:88)
  at jdk.proxy1/jdk.proxy1.$Proxy4.processTestDefinition(Unknown Source)
  at org.gradle.api.internal.tasks.testing.worker.TestWorker$2.run(TestWorker.java:178)
  at org.gradle.api.internal.tasks.testing.worker.TestWorker.executeAndMaintainThreadName(TestWorker.java:126)
  at org.gradle.api.internal.tasks.testing.worker.TestWorker.execute(TestWorker.java:103)
  at org.gradle.api.internal.tasks.testing.worker.TestWorker.execute(TestWorker.java:63)
  at org.gradle.process.internal.worker.child.ActionExecutionWorker.execute(ActionExecutionWorker.java:56)
  at org.gradle.process.internal.worker.child.SystemApplicationClassLoaderWorker.call(SystemApplicationClassLoaderWorker.java:122)
  at org.gradle.process.internal.worker.child.SystemApplicationClassLoaderWorker.call(SystemApplicationClassLoaderWorker.java:72)
  at worker.org.gradle.process.internal.worker.GradleWorkerMain.run(GradleWorkerMain.java:69)
  at worker.org.gradle.process.internal.worker.GradleWorkerMain.main(GradleWorkerMain.java:74)
</stacktrace>
</test-failure>


TypeScriptCompilerTests_E[jvm] > es5-asyncFunctionObjectLiterals_ts__target_es2015__compiles to JavaScript matching baseline[jvm] FAILED

<test-failure test="com.xemantic.typescript.compiler.TypeScriptCompilerTests_E.extBaseClass2_ts has expected errors matching extBaseClass2_errors_txt" platform="jvm">
<message>
--- expected
+++ actual
@@ -1,12 +1,9 @@
-extBaseClass2.ts(2,31): error TS2339: Property 'B' does not exist on type 'typeof M'.
 extBaseClass2.ts(7,29): error TS2304: Cannot find name 'B'.
 
 
-==== extBaseClass2.ts (2 errors) ====
+==== extBaseClass2.ts (1 errors) ====
     namespace N {
         export class C4 extends M.B {
-                                  ~
-!!! error TS2339: Property 'B' does not exist on type 'typeof M'.
         }
     }
     

</message>
<stacktrace>
  at org.junit.Assert.fail(Assert.java:89)
  at kotlin.test.junit.JUnitAsserter.fail(JUnitSupport.kt:56)
  at kotlin.test.AssertionsKt__AssertionsKt.fail(Assertions.kt:563)
  at kotlin.test.AssertionsKt.fail(Unknown Source)
  at com.xemantic.kotlin.test.SameAsKt.sameAs(SameAs.kt:52)
  at com.xemantic.typescript.compiler.TypeScriptTestSupportKt.errorsMatchBaseline(TypeScriptTestSupport.kt:135)
  at com.xemantic.typescript.compiler.TypeScriptCompilerTests_E.extBaseClass2_ts has expected errors matching extBaseClass2_errors_txt(TypeScriptCompilerTests_E.kt:6265)
  at java.base/jdk.internal.reflect.DirectMethodHandleAccessor.invoke(DirectMethodHandleAccessor.java:104)
  at java.base/java.lang.reflect.Method.invoke(Method.java:565)
  at org.junit.runners.model.FrameworkMethod$1.runReflectiveCall(FrameworkMethod.java:59)
  at org.junit.internal.runners.model.ReflectiveCallable.run(ReflectiveCallable.java:12)
  at org.junit.runners.model.FrameworkMethod.invokeExplosively(FrameworkMethod.java:56)
  at org.junit.internal.runners.statements.InvokeMethod.evaluate(InvokeMethod.java:17)
  at org.junit.runners.ParentRunner$3.evaluate(ParentRunner.java:306)
  at org.junit.runners.BlockJUnit4ClassRunner$1.evaluate(BlockJUnit4ClassRunner.java:100)
  at org.junit.runners.ParentRunner.runLeaf(ParentRunner.java:366)
  at org.junit.runners.BlockJUnit4ClassRunner.runChild(BlockJUnit4ClassRunner.java:103)
  at org.junit.runners.BlockJUnit4ClassRunner.runChild(BlockJUnit4ClassRunner.java:63)
  at org.junit.runners.ParentRunner$4.run(ParentRunner.java:331)
  at org.junit.runners.ParentRunner$1.schedule(ParentRunner.java:79)
  at org.junit.runners.ParentRunner.runChildren(ParentRunner.java:329)
  at org.junit.runners.ParentRunner.access$100(ParentRunner.java:66)
  at org.junit.runners.ParentRunner$2.evaluate(ParentRunner.java:293)
  at org.junit.runners.ParentRunner$3.evaluate(ParentRunner.java:306)
  at org.junit.runners.ParentRunner.run(ParentRunner.java:413)
  at org.junit.runner.JUnitCore.run(JUnitCore.java:137)
  at org.junit.runner.JUnitCore.run(JUnitCore.java:115)
  at org.gradle.api.internal.tasks.testing.junit.JUnitTestExecutor.runRequest(JUnitTestExecutor.java:175)
  at org.gradle.api.internal.tasks.testing.junit.JUnitTestExecutor.accept(JUnitTestExecutor.java:84)
  at org.gradle.api.internal.tasks.testing.junit.JUnitTestExecutor.accept(JUnitTestExecutor.java:47)
  at org.gradle.api.internal.tasks.testing.junit.AbstractJUnitTestDefinitionProcessor.processTestDefinition(AbstractJUnitTestDefinitionProcessor.java:65)
  at org.gradle.api.internal.tasks.testing.SuiteTestDefinitionProcessor.processTestDefinition(SuiteTestDefinitionProcessor.java:54)
  at java.base/jdk.internal.reflect.DirectMethodHandleAccessor.invoke(DirectMethodHandleAccessor.java:104)
  at java.base/java.lang.reflect.Method.invoke(Method.java:565)
  at org.gradle.internal.dispatch.MethodInvocation.invokeOn(MethodInvocation.java:77)
  at org.gradle.internal.dispatch.ReflectionDispatch.dispatch(ReflectionDispatch.java:28)
  at org.gradle.internal.dispatch.ReflectionDispatch.dispatch(ReflectionDispatch.java:19)
  at org.gradle.internal.dispatch.ContextClassLoaderDispatch.dispatch(ContextClassLoaderDispatch.java:33)
  at org.gradle.internal.dispatch.ProxyDispatchAdapter$DispatchingInvocationHandler.invoke(ProxyDispatchAdapter.java:88)
  at jdk.proxy1/jdk.proxy1.$Proxy4.processTestDefinition(Unknown Source)
  at org.gradle.api.internal.tasks.testing.worker.TestWorker$2.run(TestWorker.java:178)
  at org.gradle.api.internal.tasks.testing.worker.TestWorker.executeAndMaintainThreadName(TestWorker.java:126)
  at org.gradle.api.internal.tasks.testing.worker.TestWorker.execute(TestWorker.java:103)
  at org.gradle.api.internal.tasks.testing.worker.TestWorker.execute(TestWorker.java:63)
  at org.gradle.process.internal.worker.child.ActionExecutionWorker.execute(ActionExecutionWorker.java:56)
  at org.gradle.process.internal.worker.child.SystemApplicationClassLoaderWorker.call(SystemApplicationClassLoaderWorker.java:122)
  at org.gradle.process.internal.worker.child.SystemApplicationClassLoaderWorker.call(SystemApplicationClassLoaderWorker.java:72)
  at worker.org.gradle.process.internal.worker.GradleWorkerMain.run(GradleWorkerMain.java:69)
  at worker.org.gradle.process.internal.worker.GradleWorkerMain.main(GradleWorkerMain.java:74)
</stacktrace>
</test-failure>


TypeScriptCompilerTests_E[jvm] > extBaseClass2_ts has expected errors matching extBaseClass2_errors_txt[jvm] FAILED

<test-failure test="com.xemantic.typescript.compiler.TypeScriptCompilerTests_E.exportDeclarationInInternalModule_ts__target_es2015__has expected errors matching baseline" platform="jvm">
<message>
Expected diagnostics from baseline typescript-repo/tests/baselines/reference/exportDeclarationInInternalModule(target=es2015).errors.txt but none produced
</message>
<stacktrace>
  at com.xemantic.typescript.compiler.TypeScriptTestSupportKt.errorsMatchBaseline(TypeScriptTestSupport.kt:125)
  at com.xemantic.typescript.compiler.TypeScriptCompilerTests_E.exportDeclarationInInternalModule_ts__target_es2015__has expected errors matching baseline(TypeScriptCompilerTests_E.kt:4942)
  at java.base/jdk.internal.reflect.DirectMethodHandleAccessor.invoke(DirectMethodHandleAccessor.java:104)
  at java.base/java.lang.reflect.Method.invoke(Method.java:565)
  at org.junit.runners.model.FrameworkMethod$1.runReflectiveCall(FrameworkMethod.java:59)
  at org.junit.internal.runners.model.ReflectiveCallable.run(ReflectiveCallable.java:12)
  at org.junit.runners.model.FrameworkMethod.invokeExplosively(FrameworkMethod.java:56)
  at org.junit.internal.runners.statements.InvokeMethod.evaluate(InvokeMethod.java:17)
  at org.junit.runners.ParentRunner$3.evaluate(ParentRunner.java:306)
  at org.junit.runners.BlockJUnit4ClassRunner$1.evaluate(BlockJUnit4ClassRunner.java:100)
  at org.junit.runners.ParentRunner.runLeaf(ParentRunner.java:366)
  at org.junit.runners.BlockJUnit4ClassRunner.runChild(BlockJUnit4ClassRunner.java:103)
  at org.junit.runners.BlockJUnit4ClassRunner.runChild(BlockJUnit4ClassRunner.java:63)
  at org.junit.runners.ParentRunner$4.run(ParentRunner.java:331)
  at org.junit.runners.ParentRunner$1.schedule(ParentRunner.java:79)
  at org.junit.runners.ParentRunner.runChildren(ParentRunner.java:329)
  at org.junit.runners.ParentRunner.access$100(ParentRunner.java:66)
  at org.junit.runners.ParentRunner$2.evaluate(ParentRunner.java:293)
  at org.junit.runners.ParentRunner$3.evaluate(ParentRunner.java:306)
  at org.junit.runners.ParentRunner.run(ParentRunner.java:413)
  at org.junit.runner.JUnitCore.run(JUnitCore.java:137)
  at org.junit.runner.JUnitCore.run(JUnitCore.java:115)
  at org.gradle.api.internal.tasks.testing.junit.JUnitTestExecutor.runRequest(JUnitTestExecutor.java:175)
  at org.gradle.api.internal.tasks.testing.junit.JUnitTestExecutor.accept(JUnitTestExecutor.java:84)
  at org.gradle.api.internal.tasks.testing.junit.JUnitTestExecutor.accept(JUnitTestExecutor.java:47)
  at org.gradle.api.internal.tasks.testing.junit.AbstractJUnitTestDefinitionProcessor.processTestDefinition(AbstractJUnitTestDefinitionProcessor.java:65)
  at org.gradle.api.internal.tasks.testing.SuiteTestDefinitionProcessor.processTestDefinition(SuiteTestDefinitionProcessor.java:54)
  at java.base/jdk.internal.reflect.DirectMethodHandleAccessor.invoke(DirectMethodHandleAccessor.java:104)
  at java.base/java.lang.reflect.Method.invoke(Method.java:565)
  at org.gradle.internal.dispatch.MethodInvocation.invokeOn(MethodInvocation.java:77)
  at org.gradle.internal.dispatch.ReflectionDispatch.dispatch(ReflectionDispatch.java:28)
  at org.gradle.internal.dispatch.ReflectionDispatch.dispatch(ReflectionDispatch.java:19)
  at org.gradle.internal.dispatch.ContextClassLoaderDispatch.dispatch(ContextClassLoaderDispatch.java:33)
  at org.gradle.internal.dispatch.ProxyDispatchAdapter$DispatchingInvocationHandler.invoke(ProxyDispatchAdapter.java:88)
  at jdk.proxy1/jdk.proxy1.$Proxy4.processTestDefinition(Unknown Source)
  at org.gradle.api.internal.tasks.testing.worker.TestWorker$2.run(TestWorker.java:178)
  at org.gradle.api.internal.tasks.testing.worker.TestWorker.executeAndMaintainThreadName(TestWorker.java:126)
  at org.gradle.api.internal.tasks.testing.worker.TestWorker.execute(TestWorker.java:103)
  at org.gradle.api.internal.tasks.testing.worker.TestWorker.execute(TestWorker.java:63)
  at org.gradle.process.internal.worker.child.ActionExecutionWorker.execute(ActionExecutionWorker.java:56)
  at org.gradle.process.internal.worker.child.SystemApplicationClassLoaderWorker.call(SystemApplicationClassLoaderWorker.java:122)
  at org.gradle.process.internal.worker.child.SystemApplicationClassLoaderWorker.call(SystemApplicationClassLoaderWorker.java:72)
  at worker.org.gradle.process.internal.worker.GradleWorkerMain.run(GradleWorkerMain.java:69)
  at worker.org.gradle.process.internal.worker.GradleWorkerMain.main(GradleWorkerMain.java:74)
</stacktrace>
</test-failure>


TypeScriptCompilerTests_E[jvm] > exportDeclarationInInternalModule_ts__target_es2015__has expected errors matching baseline[jvm] FAILED

<test-failure test="com.xemantic.typescript.compiler.TypeScriptCompilerTests_E.errorOnInitializerInObjectTypeLiteralProperty_ts has expected errors matching errorOnInitializerInObjectTypeLiteralProperty_errors_txt" platform="jvm">
<message>
Expected diagnostics from baseline typescript-repo/tests/baselines/reference/errorOnInitializerInObjectTypeLiteralProperty.errors.txt but none produced
</message>
<stacktrace>
  at com.xemantic.typescript.compiler.TypeScriptTestSupportKt.errorsMatchBaseline(TypeScriptTestSupport.kt:125)
  at com.xemantic.typescript.compiler.TypeScriptCompilerTests_E.errorOnInitializerInObjectTypeLiteralProperty_ts has expected errors matching errorOnInitializerInObjectTypeLiteralProperty_errors_txt(TypeScriptCompilerTests_E.kt:1589)
  at java.base/jdk.internal.reflect.DirectMethodHandleAccessor.invoke(DirectMethodHandleAccessor.java:104)
  at java.base/java.lang.reflect.Method.invoke(Method.java:565)
  at org.junit.runners.model.FrameworkMethod$1.runReflectiveCall(FrameworkMethod.java:59)
  at org.junit.internal.runners.model.ReflectiveCallable.run(ReflectiveCallable.java:12)
  at org.junit.runners.model.FrameworkMethod.invokeExplosively(FrameworkMethod.java:56)
  at org.junit.internal.runners.statements.InvokeMethod.evaluate(InvokeMethod.java:17)
  at org.junit.runners.ParentRunner$3.evaluate(ParentRunner.java:306)
  at org.junit.runners.BlockJUnit4ClassRunner$1.evaluate(BlockJUnit4ClassRunner.java:100)
  at org.junit.runners.ParentRunner.runLeaf(ParentRunner.java:366)
  at org.junit.runners.BlockJUnit4ClassRunner.runChild(BlockJUnit4ClassRunner.java:103)
  at org.junit.runners.BlockJUnit4ClassRunner.runChild(BlockJUnit4ClassRunner.java:63)
  at org.junit.runners.ParentRunner$4.run(ParentRunner.java:331)
  at org.junit.runners.ParentRunner$1.schedule(ParentRunner.java:79)
  at org.junit.runners.ParentRunner.runChildren(ParentRunner.java:329)
  at org.junit.runners.ParentRunner.access$100(ParentRunner.java:66)
  at org.junit.runners.ParentRunner$2.evaluate(ParentRunner.java:293)
  at org.junit.runners.ParentRunner$3.evaluate(ParentRunner.java:306)
  at org.junit.runners.ParentRunner.run(ParentRunner.java:413)
  at org.junit.runner.JUnitCore.run(JUnitCore.java:137)
  at org.junit.runner.JUnitCore.run(JUnitCore.java:115)
  at org.gradle.api.internal.tasks.testing.junit.JUnitTestExecutor.runRequest(JUnitTestExecutor.java:175)
  at org.gradle.api.internal.tasks.testing.junit.JUnitTestExecutor.accept(JUnitTestExecutor.java:84)
  at org.gradle.api.internal.tasks.testing.junit.JUnitTestExecutor.accept(JUnitTestExecutor.java:47)
  at org.gradle.api.internal.tasks.testing.junit.AbstractJUnitTestDefinitionProcessor.processTestDefinition(AbstractJUnitTestDefinitionProcessor.java:65)
  at org.gradle.api.internal.tasks.testing.SuiteTestDefinitionProcessor.processTestDefinition(SuiteTestDefinitionProcessor.java:54)
  at java.base/jdk.internal.reflect.DirectMethodHandleAccessor.invoke(DirectMethodHandleAccessor.java:104)
  at java.base/java.lang.reflect.Method.invoke(Method.java:565)
  at org.gradle.internal.dispatch.MethodInvocation.invokeOn(MethodInvocation.java:77)
  at org.gradle.internal.dispatch.ReflectionDispatch.dispatch(ReflectionDispatch.java:28)
  at org.gradle.internal.dispatch.ReflectionDispatch.dispatch(ReflectionDispatch.java:19)
  at org.gradle.internal.dispatch.ContextClassLoaderDispatch.dispatch(ContextClassLoaderDispatch.java:33)
  at org.gradle.internal.dispatch.ProxyDispatchAdapter$DispatchingInvocationHandler.invoke(ProxyDispatchAdapter.java:88)
  at jdk.proxy1/jdk.proxy1.$Proxy4.processTestDefinition(Unknown Source)
  at org.gradle.api.internal.tasks.testing.worker.TestWorker$2.run(TestWorker.java:178)
  at org.gradle.api.internal.tasks.testing.worker.TestWorker.executeAndMaintainThreadName(TestWorker.java:126)
  at org.gradle.api.internal.tasks.testing.worker.TestWorker.execute(TestWorker.java:103)
  at org.gradle.api.internal.tasks.testing.worker.TestWorker.execute(TestWorker.java:63)
  at org.gradle.process.internal.worker.child.ActionExecutionWorker.execute(ActionExecutionWorker.java:56)
  at org.gradle.process.internal.worker.child.SystemApplicationClassLoaderWorker.call(SystemApplicationClassLoaderWorker.java:122)
  at org.gradle.process.internal.worker.child.SystemApplicationClassLoaderWorker.call(SystemApplicationClassLoaderWorker.java:72)
  at worker.org.gradle.process.internal.worker.GradleWorkerMain.run(GradleWorkerMain.java:69)
  at worker.org.gradle.process.internal.worker.GradleWorkerMain.main(GradleWorkerMain.java:74)
</stacktrace>
</test-failure>


TypeScriptCompilerTests_E[jvm] > errorOnInitializerInObjectTypeLiteralProperty_ts has expected errors matching errorOnInitializerInObjectTypeLiteralProperty_errors_txt[jvm] FAILED

<test-failure test="com.xemantic.typescript.compiler.TypeScriptCompilerTests_E.externalModuleAssignToVar_ts compiles to JavaScript matching externalModuleAssignToVar_js" platform="jvm">
<message>
--- expected
+++ actual
@@ -26,6 +26,13 @@
 y3 = ext3; // ok
 
 
+//// [externalModuleAssignToVar_ext.js]
+define(["require", "exports"], function (require, exports) {
+    "use strict";
+    class D {
+    }
+    return D;
+});
 //// [externalModuleAssignToVar_core_require.js]
 define(["require", "exports"], function (require, exports) {
     "use strict";
@@ -42,13 +49,6 @@
     }
     return C;
 });
-//// [externalModuleAssignToVar_ext.js]
-define(["require", "exports"], function (require, exports) {
-    "use strict";
-    class D {
-    }
-    return D;
-});
 //// [externalModuleAssignToVar_core.js]
 define(["require", "exports", "externalModuleAssignToVar_core_require", "externalModuleAssignToVar_core_require2", "externalModuleAssignToVar_ext"], function (require, exports, ext, ext2, ext3) {
     "use strict";

</message>
<stacktrace>
  at org.junit.Assert.fail(Assert.java:89)
  at kotlin.test.junit.JUnitAsserter.fail(JUnitSupport.kt:56)
  at kotlin.test.AssertionsKt__AssertionsKt.fail(Assertions.kt:563)
  at kotlin.test.AssertionsKt.fail(Unknown Source)
  at com.xemantic.kotlin.test.SameAsKt.sameAs(SameAs.kt:52)
  at com.xemantic.typescript.compiler.TypeScriptTestSupportKt.sameAs(TypeScriptTestSupport.kt:99)
  at com.xemantic.typescript.compiler.TypeScriptCompilerTests_E.externalModuleAssignToVar_ts compiles to JavaScript matching externalModuleAssignToVar_js(TypeScriptCompilerTests_E.kt:6629)
  at java.base/jdk.internal.reflect.DirectMethodHandleAccessor.invoke(DirectMethodHandleAccessor.java:104)
  at java.base/java.lang.reflect.Method.invoke(Method.java:565)
  at org.junit.runners.model.FrameworkMethod$1.runReflectiveCall(FrameworkMethod.java:59)
  at org.junit.internal.runners.model.ReflectiveCallable.run(ReflectiveCallable.java:12)
  at org.junit.runners.model.FrameworkMethod.invokeExplosively(FrameworkMethod.java:56)
  at org.junit.internal.runners.statements.InvokeMethod.evaluate(InvokeMethod.java:17)
  at org.junit.runners.ParentRunner$3.evaluate(ParentRunner.java:306)
  at org.junit.runners.BlockJUnit4ClassRunner$1.evaluate(BlockJUnit4ClassRunner.java:100)
  at org.junit.runners.ParentRunner.runLeaf(ParentRunner.java:366)
  at org.junit.runners.BlockJUnit4ClassRunner.runChild(BlockJUnit4ClassRunner.java:103)
  at org.junit.runners.BlockJUnit4ClassRunner.runChild(BlockJUnit4ClassRunner.java:63)
  at org.junit.runners.ParentRunner$4.run(ParentRunner.java:331)
  at org.junit.runners.ParentRunner$1.schedule(ParentRunner.java:79)
  at org.junit.runners.ParentRunner.runChildren(ParentRunner.java:329)
  at org.junit.runners.ParentRunner.access$100(ParentRunner.java:66)
  at org.junit.runners.ParentRunner$2.evaluate(ParentRunner.java:293)
  at org.junit.runners.ParentRunner$3.evaluate(ParentRunner.java:306)
  at org.junit.runners.ParentRunner.run(ParentRunner.java:413)
  at org.junit.runner.JUnitCore.run(JUnitCore.java:137)
  at org.junit.runner.JUnitCore.run(JUnitCore.java:115)
  at org.gradle.api.internal.tasks.testing.junit.JUnitTestExecutor.runRequest(JUnitTestExecutor.java:175)
  at org.gradle.api.internal.tasks.testing.junit.JUnitTestExecutor.accept(JUnitTestExecutor.java:84)
  at org.gradle.api.internal.tasks.testing.junit.JUnitTestExecutor.accept(JUnitTestExecutor.java:47)
  at org.gradle.api.internal.tasks.testing.junit.AbstractJUnitTestDefinitionProcessor.processTestDefinition(AbstractJUnitTestDefinitionProcessor.java:65)
  at org.gradle.api.internal.tasks.testing.SuiteTestDefinitionProcessor.processTestDefinition(SuiteTestDefinitionProcessor.java:54)
  at java.base/jdk.internal.reflect.DirectMethodHandleAccessor.invoke(DirectMethodHandleAccessor.java:104)
  at java.base/java.lang.reflect.Method.invoke(Method.java:565)
  at org.gradle.internal.dispatch.MethodInvocation.invokeOn(MethodInvocation.java:77)
  at org.gradle.internal.dispatch.ReflectionDispatch.dispatch(ReflectionDispatch.java:28)
  at org.gradle.internal.dispatch.ReflectionDispatch.dispatch(ReflectionDispatch.java:19)
  at org.gradle.internal.dispatch.ContextClassLoaderDispatch.dispatch(ContextClassLoaderDispatch.java:33)
  at org.gradle.internal.dispatch.ProxyDispatchAdapter$DispatchingInvocationHandler.invoke(ProxyDispatchAdapter.java:88)
  at jdk.proxy1/jdk.proxy1.$Proxy4.processTestDefinition(Unknown Source)
  at org.gradle.api.internal.tasks.testing.worker.TestWorker$2.run(TestWorker.java:178)
  at org.gradle.api.internal.tasks.testing.worker.TestWorker.executeAndMaintainThreadName(TestWorker.java:126)
  at org.gradle.api.internal.tasks.testing.worker.TestWorker.execute(TestWorker.java:103)
  at org.gradle.api.internal.tasks.testing.worker.TestWorker.execute(TestWorker.java:63)
  at org.gradle.process.internal.worker.child.ActionExecutionWorker.execute(ActionExecutionWorker.java:56)
  at org.gradle.process.internal.worker.child.SystemApplicationClassLoaderWorker.call(SystemApplicationClassLoaderWorker.java:122)
  at org.gradle.process.internal.worker.child.SystemApplicationClassLoaderWorker.call(SystemApplicationClassLoaderWorker.java:72)
  at worker.org.gradle.process.internal.worker.GradleWorkerMain.run(GradleWorkerMain.java:69)
  at worker.org.gradle.process.internal.worker.GradleWorkerMain.main(GradleWorkerMain.java:74)
</stacktrace>
</test-failure>


TypeScriptCompilerTests_E[jvm] > externalModuleAssignToVar_ts compiles to JavaScript matching externalModuleAssignToVar_js[jvm] FAILED

<test-failure test="com.xemantic.typescript.compiler.TypeScriptCompilerTests_E.extendFromAny_ts has expected errors matching extendFromAny_errors_txt" platform="jvm">
<message>
Expected diagnostics from baseline typescript-repo/tests/baselines/reference/extendFromAny.errors.txt but none produced
</message>
<stacktrace>
  at com.xemantic.typescript.compiler.TypeScriptTestSupportKt.errorsMatchBaseline(TypeScriptTestSupport.kt:125)
  at com.xemantic.typescript.compiler.TypeScriptCompilerTests_E.extendFromAny_ts has expected errors matching extendFromAny_errors_txt(TypeScriptCompilerTests_E.kt:6349)
  at java.base/jdk.internal.reflect.DirectMethodHandleAccessor.invoke(DirectMethodHandleAccessor.java:104)
  at java.base/java.lang.reflect.Method.invoke(Method.java:565)
  at org.junit.runners.model.FrameworkMethod$1.runReflectiveCall(FrameworkMethod.java:59)
  at org.junit.internal.runners.model.ReflectiveCallable.run(ReflectiveCallable.java:12)
  at org.junit.runners.model.FrameworkMethod.invokeExplosively(FrameworkMethod.java:56)
  at org.junit.internal.runners.statements.InvokeMethod.evaluate(InvokeMethod.java:17)
  at org.junit.runners.ParentRunner$3.evaluate(ParentRunner.java:306)
  at org.junit.runners.BlockJUnit4ClassRunner$1.evaluate(BlockJUnit4ClassRunner.java:100)
  at org.junit.runners.ParentRunner.runLeaf(ParentRunner.java:366)
  at org.junit.runners.BlockJUnit4ClassRunner.runChild(BlockJUnit4ClassRunner.java:103)
  at org.junit.runners.BlockJUnit4ClassRunner.runChild(BlockJUnit4ClassRunner.java:63)
  at org.junit.runners.ParentRunner$4.run(ParentRunner.java:331)
  at org.junit.runners.ParentRunner$1.schedule(ParentRunner.java:79)
  at org.junit.runners.ParentRunner.runChildren(ParentRunner.java:329)
  at org.junit.runners.ParentRunner.access$100(ParentRunner.java:66)
  at org.junit.runners.ParentRunner$2.evaluate(ParentRunner.java:293)
  at org.junit.runners.ParentRunner$3.evaluate(ParentRunner.java:306)
  at org.junit.runners.ParentRunner.run(ParentRunner.java:413)
  at org.junit.runner.JUnitCore.run(JUnitCore.java:137)
  at org.junit.runner.JUnitCore.run(JUnitCore.java:115)
  at org.gradle.api.internal.tasks.testing.junit.JUnitTestExecutor.runRequest(JUnitTestExecutor.java:175)
  at org.gradle.api.internal.tasks.testing.junit.JUnitTestExecutor.accept(JUnitTestExecutor.java:84)
  at org.gradle.api.internal.tasks.testing.junit.JUnitTestExecutor.accept(JUnitTestExecutor.java:47)
  at org.gradle.api.internal.tasks.testing.junit.AbstractJUnitTestDefinitionProcessor.processTestDefinition(AbstractJUnitTestDefinitionProcessor.java:65)
  at org.gradle.api.internal.tasks.testing.SuiteTestDefinitionProcessor.processTestDefinition(SuiteTestDefinitionProcessor.java:54)
  at java.base/jdk.internal.reflect.DirectMethodHandleAccessor.invoke(DirectMethodHandleAccessor.java:104)
  at java.base/java.lang.reflect.Method.invoke(Method.java:565)
  at org.gradle.internal.dispatch.MethodInvocation.invokeOn(MethodInvocation.java:77)
  at org.gradle.internal.dispatch.ReflectionDispatch.dispatch(ReflectionDispatch.java:28)
  at org.gradle.internal.dispatch.ReflectionDispatch.dispatch(ReflectionDispatch.java:19)
  at org.gradle.internal.dispatch.ContextClassLoaderDispatch.dispatch(ContextClassLoaderDispatch.java:33)
  at org.gradle.internal.dispatch.ProxyDispatchAdapter$DispatchingInvocationHandler.invoke(ProxyDispatchAdapter.java:88)
  at jdk.proxy1/jdk.proxy1.$Proxy4.processTestDefinition(Unknown Source)
  at org.gradle.api.internal.tasks.testing.worker.TestWorker$2.run(TestWorker.java:178)
  at org.gradle.api.internal.tasks.testing.worker.TestWorker.executeAndMaintainThreadName(TestWorker.java:126)
  at org.gradle.api.internal.tasks.testing.worker.TestWorker.execute(TestWorker.java:103)
  at org.gradle.api.internal.tasks.testing.worker.TestWorker.execute(TestWorker.java:63)
  at org.gradle.process.internal.worker.child.ActionExecutionWorker.execute(ActionExecutionWorker.java:56)
  at org.gradle.process.internal.worker.child.SystemApplicationClassLoaderWorker.call(SystemApplicationClassLoaderWorker.java:122)
  at org.gradle.process.internal.worker.child.SystemApplicationClassLoaderWorker.call(SystemApplicationClassLoaderWorker.java:72)
  at worker.org.gradle.process.internal.worker.GradleWorkerMain.run(GradleWorkerMain.java:69)
  at worker.org.gradle.process.internal.worker.GradleWorkerMain.main(GradleWorkerMain.java:74)
</stacktrace>
</test-failure>


TypeScriptCompilerTests_E[jvm] > extendFromAny_ts has expected errors matching extendFromAny_errors_txt[jvm] FAILED

<test-failure test="com.xemantic.typescript.compiler.TypeScriptCompilerTests_E.exportEqualMemberMissing_ts has expected errors matching exportEqualMemberMissing_errors_txt" platform="jvm">
<message>
Expected diagnostics from baseline typescript-repo/tests/baselines/reference/exportEqualMemberMissing.errors.txt but none produced
</message>
<stacktrace>
  at com.xemantic.typescript.compiler.TypeScriptTestSupportKt.errorsMatchBaseline(TypeScriptTestSupport.kt:125)
  at com.xemantic.typescript.compiler.TypeScriptCompilerTests_E.exportEqualMemberMissing_ts has expected errors matching exportEqualMemberMissing_errors_txt(TypeScriptCompilerTests_E.kt:5481)
  at java.base/jdk.internal.reflect.DirectMethodHandleAccessor.invoke(DirectMethodHandleAccessor.java:104)
  at java.base/java.lang.reflect.Method.invoke(Method.java:565)
  at org.junit.runners.model.FrameworkMethod$1.runReflectiveCall(FrameworkMethod.java:59)
  at org.junit.internal.runners.model.ReflectiveCallable.run(ReflectiveCallable.java:12)
  at org.junit.runners.model.FrameworkMethod.invokeExplosively(FrameworkMethod.java:56)
  at org.junit.internal.runners.statements.InvokeMethod.evaluate(InvokeMethod.java:17)
  at org.junit.runners.ParentRunner$3.evaluate(ParentRunner.java:306)
  at org.junit.runners.BlockJUnit4ClassRunner$1.evaluate(BlockJUnit4ClassRunner.java:100)
  at org.junit.runners.ParentRunner.runLeaf(ParentRunner.java:366)
  at org.junit.runners.BlockJUnit4ClassRunner.runChild(BlockJUnit4ClassRunner.java:103)
  at org.junit.runners.BlockJUnit4ClassRunner.runChild(BlockJUnit4ClassRunner.java:63)
  at org.junit.runners.ParentRunner$4.run(ParentRunner.java:331)
  at org.junit.runners.ParentRunner$1.schedule(ParentRunner.java:79)
  at org.junit.runners.ParentRunner.runChildren(ParentRunner.java:329)
  at org.junit.runners.ParentRunner.access$100(ParentRunner.java:66)
  at org.junit.runners.ParentRunner$2.evaluate(ParentRunner.java:293)
  at org.junit.runners.ParentRunner$3.evaluate(ParentRunner.java:306)
  at org.junit.runners.ParentRunner.run(ParentRunner.java:413)
  at org.junit.runner.JUnitCore.run(JUnitCore.java:137)
  at org.junit.runner.JUnitCore.run(JUnitCore.java:115)
  at org.gradle.api.internal.tasks.testing.junit.JUnitTestExecutor.runRequest(JUnitTestExecutor.java:175)
  at org.gradle.api.internal.tasks.testing.junit.JUnitTestExecutor.accept(JUnitTestExecutor.java:84)
  at org.gradle.api.internal.tasks.testing.junit.JUnitTestExecutor.accept(JUnitTestExecutor.java:47)
  at org.gradle.api.internal.tasks.testing.junit.AbstractJUnitTestDefinitionProcessor.processTestDefinition(AbstractJUnitTestDefinitionProcessor.java:65)
  at org.gradle.api.internal.tasks.testing.SuiteTestDefinitionProcessor.processTestDefinition(SuiteTestDefinitionProcessor.java:54)
  at java.base/jdk.internal.reflect.DirectMethodHandleAccessor.invoke(DirectMethodHandleAccessor.java:104)
  at java.base/java.lang.reflect.Method.invoke(Method.java:565)
  at org.gradle.internal.dispatch.MethodInvocation.invokeOn(MethodInvocation.java:77)
  at org.gradle.internal.dispatch.ReflectionDispatch.dispatch(ReflectionDispatch.java:28)
  at org.gradle.internal.dispatch.ReflectionDispatch.dispatch(ReflectionDispatch.java:19)
  at org.gradle.internal.dispatch.ContextClassLoaderDispatch.dispatch(ContextClassLoaderDispatch.java:33)
  at org.gradle.internal.dispatch.ProxyDispatchAdapter$DispatchingInvocationHandler.invoke(ProxyDispatchAdapter.java:88)
  at jdk.proxy1/jdk.proxy1.$Proxy4.processTestDefinition(Unknown Source)
  at org.gradle.api.internal.tasks.testing.worker.TestWorker$2.run(TestWorker.java:178)
  at org.gradle.api.internal.tasks.testing.worker.TestWorker.executeAndMaintainThreadName(TestWorker.java:126)
  at org.gradle.api.internal.tasks.testing.worker.TestWorker.execute(TestWorker.java:103)
  at org.gradle.api.internal.tasks.testing.worker.TestWorker.execute(TestWorker.java:63)
  at org.gradle.process.internal.worker.child.ActionExecutionWorker.execute(ActionExecutionWorker.java:56)
  at org.gradle.process.internal.worker.child.SystemApplicationClassLoaderWorker.call(SystemApplicationClassLoaderWorker.java:122)
  at org.gradle.process.internal.worker.child.SystemApplicationClassLoaderWorker.call(SystemApplicationClassLoaderWorker.java:72)
  at worker.org.gradle.process.internal.worker.GradleWorkerMain.run(GradleWorkerMain.java:69)
  at worker.org.gradle.process.internal.worker.GradleWorkerMain.main(GradleWorkerMain.java:74)
</stacktrace>
</test-failure>


TypeScriptCompilerTests_E[jvm] > exportEqualMemberMissing_ts has expected errors matching exportEqualMemberMissing_errors_txt[jvm] FAILED

<test-failure test="com.xemantic.typescript.compiler.TypeScriptCompilerTests_E.enumAssignmentCompat5_ts has expected errors matching enumAssignmentCompat5_errors_txt" platform="jvm">
<message>
Expected diagnostics from baseline typescript-repo/tests/baselines/reference/enumAssignmentCompat5.errors.txt but none produced
</message>
<stacktrace>
  at com.xemantic.typescript.compiler.TypeScriptTestSupportKt.errorsMatchBaseline(TypeScriptTestSupport.kt:125)
  at com.xemantic.typescript.compiler.TypeScriptCompilerTests_E.enumAssignmentCompat5_ts has expected errors matching enumAssignmentCompat5_errors_txt(TypeScriptCompilerTests_E.kt:756)
  at java.base/jdk.internal.reflect.DirectMethodHandleAccessor.invoke(DirectMethodHandleAccessor.java:104)
  at java.base/java.lang.reflect.Method.invoke(Method.java:565)
  at org.junit.runners.model.FrameworkMethod$1.runReflectiveCall(FrameworkMethod.java:59)
  at org.junit.internal.runners.model.ReflectiveCallable.run(ReflectiveCallable.java:12)
  at org.junit.runners.model.FrameworkMethod.invokeExplosively(FrameworkMethod.java:56)
  at org.junit.internal.runners.statements.InvokeMethod.evaluate(InvokeMethod.java:17)
  at org.junit.runners.ParentRunner$3.evaluate(ParentRunner.java:306)
  at org.junit.runners.BlockJUnit4ClassRunner$1.evaluate(BlockJUnit4ClassRunner.java:100)
  at org.junit.runners.ParentRunner.runLeaf(ParentRunner.java:366)
  at org.junit.runners.BlockJUnit4ClassRunner.runChild(BlockJUnit4ClassRunner.java:103)
  at org.junit.runners.BlockJUnit4ClassRunner.runChild(BlockJUnit4ClassRunner.java:63)
  at org.junit.runners.ParentRunner$4.run(ParentRunner.java:331)
  at org.junit.runners.ParentRunner$1.schedule(ParentRunner.java:79)
  at org.junit.runners.ParentRunner.runChildren(ParentRunner.java:329)
  at org.junit.runners.ParentRunner.access$100(ParentRunner.java:66)
  at org.junit.runners.ParentRunner$2.evaluate(ParentRunner.java:293)
  at org.junit.runners.ParentRunner$3.evaluate(ParentRunner.java:306)
  at org.junit.runners.ParentRunner.run(ParentRunner.java:413)
  at org.junit.runner.JUnitCore.run(JUnitCore.java:137)
  at org.junit.runner.JUnitCore.run(JUnitCore.java:115)
  at org.gradle.api.internal.tasks.testing.junit.JUnitTestExecutor.runRequest(JUnitTestExecutor.java:175)
  at org.gradle.api.internal.tasks.testing.junit.JUnitTestExecutor.accept(JUnitTestExecutor.java:84)
  at org.gradle.api.internal.tasks.testing.junit.JUnitTestExecutor.accept(JUnitTestExecutor.java:47)
  at org.gradle.api.internal.tasks.testing.junit.AbstractJUnitTestDefinitionProcessor.processTestDefinition(AbstractJUnitTestDefinitionProcessor.java:65)
  at org.gradle.api.internal.tasks.testing.SuiteTestDefinitionProcessor.processTestDefinition(SuiteTestDefinitionProcessor.java:54)
  at java.base/jdk.internal.reflect.DirectMethodHandleAccessor.invoke(DirectMethodHandleAccessor.java:104)
  at java.base/java.lang.reflect.Method.invoke(Method.java:565)
  at org.gradle.internal.dispatch.MethodInvocation.invokeOn(MethodInvocation.java:77)
  at org.gradle.internal.dispatch.ReflectionDispatch.dispatch(ReflectionDispatch.java:28)
  at org.gradle.internal.dispatch.ReflectionDispatch.dispatch(ReflectionDispatch.java:19)
  at org.gradle.internal.dispatch.ContextClassLoaderDispatch.dispatch(ContextClassLoaderDispatch.java:33)
  at org.gradle.internal.dispatch.ProxyDispatchAdapter$DispatchingInvocationHandler.invoke(ProxyDispatchAdapter.java:88)
  at jdk.proxy1/jdk.proxy1.$Proxy4.processTestDefinition(Unknown Source)
  at org.gradle.api.internal.tasks.testing.worker.TestWorker$2.run(TestWorker.java:178)
  at org.gradle.api.internal.tasks.testing.worker.TestWorker.executeAndMaintainThreadName(TestWorker.java:126)
  at org.gradle.api.internal.tasks.testing.worker.TestWorker.execute(TestWorker.java:103)
  at org.gradle.api.internal.tasks.testing.worker.TestWorker.execute(TestWorker.java:63)
  at org.gradle.process.internal.worker.child.ActionExecutionWorker.execute(ActionExecutionWorker.java:56)
  at org.gradle.process.internal.worker.child.SystemApplicationClassLoaderWorker.call(SystemApplicationClassLoaderWorker.java:122)
  at org.gradle.process.internal.worker.child.SystemApplicationClassLoaderWorker.call(SystemApplicationClassLoaderWorker.java:72)
  at worker.org.gradle.process.internal.worker.GradleWorkerMain.run(GradleWorkerMain.java:69)
  at worker.org.gradle.process.internal.worker.GradleWorkerMain.main(GradleWorkerMain.java:74)
</stacktrace>
</test-failure>


TypeScriptCompilerTests_E[jvm] > enumAssignmentCompat5_ts has expected errors matching enumAssignmentCompat5_errors_txt[jvm] FAILED

<test-failure test="com.xemantic.typescript.compiler.TypeScriptCompilerTests_E.emptyObjectNotSubtypeOfIndexSignatureContainingObject1_ts has expected errors matching emptyObjectNotSubtypeOfIndexSignatureContainingObject1_errors_txt" platform="jvm">
<message>
Expected diagnostics from baseline typescript-repo/tests/baselines/reference/emptyObjectNotSubtypeOfIndexSignatureContainingObject1.errors.txt but none produced
</message>
<stacktrace>
  at com.xemantic.typescript.compiler.TypeScriptTestSupportKt.errorsMatchBaseline(TypeScriptTestSupport.kt:125)
  at com.xemantic.typescript.compiler.TypeScriptCompilerTests_E.emptyObjectNotSubtypeOfIndexSignatureContainingObject1_ts has expected errors matching emptyObjectNotSubtypeOfIndexSignatureContainingObject1_errors_txt(TypeScriptCompilerTests_E.kt:623)
  at java.base/jdk.internal.reflect.DirectMethodHandleAccessor.invoke(DirectMethodHandleAccessor.java:104)
  at java.base/java.lang.reflect.Method.invoke(Method.java:565)
  at org.junit.runners.model.FrameworkMethod$1.runReflectiveCall(FrameworkMethod.java:59)
  at org.junit.internal.runners.model.ReflectiveCallable.run(ReflectiveCallable.java:12)
  at org.junit.runners.model.FrameworkMethod.invokeExplosively(FrameworkMethod.java:56)
  at org.junit.internal.runners.statements.InvokeMethod.evaluate(InvokeMethod.java:17)
  at org.junit.runners.ParentRunner$3.evaluate(ParentRunner.java:306)
  at org.junit.runners.BlockJUnit4ClassRunner$1.evaluate(BlockJUnit4ClassRunner.java:100)
  at org.junit.runners.ParentRunner.runLeaf(ParentRunner.java:366)
  at org.junit.runners.BlockJUnit4ClassRunner.runChild(BlockJUnit4ClassRunner.java:103)
  at org.junit.runners.BlockJUnit4ClassRunner.runChild(BlockJUnit4ClassRunner.java:63)
  at org.junit.runners.ParentRunner$4.run(ParentRunner.java:331)
  at org.junit.runners.ParentRunner$1.schedule(ParentRunner.java:79)
  at org.junit.runners.ParentRunner.runChildren(ParentRunner.java:329)
  at org.junit.runners.ParentRunner.access$100(ParentRunner.java:66)
  at org.junit.runners.ParentRunner$2.evaluate(ParentRunner.java:293)
  at org.junit.runners.ParentRunner$3.evaluate(ParentRunner.java:306)
  at org.junit.runners.ParentRunner.run(ParentRunner.java:413)
  at org.junit.runner.JUnitCore.run(JUnitCore.java:137)
  at org.junit.runner.JUnitCore.run(JUnitCore.java:115)
  at org.gradle.api.internal.tasks.testing.junit.JUnitTestExecutor.runRequest(JUnitTestExecutor.java:175)
  at org.gradle.api.internal.tasks.testing.junit.JUnitTestExecutor.accept(JUnitTestExecutor.java:84)
  at org.gradle.api.internal.tasks.testing.junit.JUnitTestExecutor.accept(JUnitTestExecutor.java:47)
  at org.gradle.api.internal.tasks.testing.junit.AbstractJUnitTestDefinitionProcessor.processTestDefinition(AbstractJUnitTestDefinitionProcessor.java:65)
  at org.gradle.api.internal.tasks.testing.SuiteTestDefinitionProcessor.processTestDefinition(SuiteTestDefinitionProcessor.java:54)
  at java.base/jdk.internal.reflect.DirectMethodHandleAccessor.invoke(DirectMethodHandleAccessor.java:104)
  at java.base/java.lang.reflect.Method.invoke(Method.java:565)
  at org.gradle.internal.dispatch.MethodInvocation.invokeOn(MethodInvocation.java:77)
  at org.gradle.internal.dispatch.ReflectionDispatch.dispatch(ReflectionDispatch.java:28)
  at org.gradle.internal.dispatch.ReflectionDispatch.dispatch(ReflectionDispatch.java:19)
  at org.gradle.internal.dispatch.ContextClassLoaderDispatch.dispatch(ContextClassLoaderDispatch.java:33)
  at org.gradle.internal.dispatch.ProxyDispatchAdapter$DispatchingInvocationHandler.invoke(ProxyDispatchAdapter.java:88)
  at jdk.proxy1/jdk.proxy1.$Proxy4.processTestDefinition(Unknown Source)
  at org.gradle.api.internal.tasks.testing.worker.TestWorker$2.run(TestWorker.java:178)
  at org.gradle.api.internal.tasks.testing.worker.TestWorker.executeAndMaintainThreadName(TestWorker.java:126)
  at org.gradle.api.internal.tasks.testing.worker.TestWorker.execute(TestWorker.java:103)
  at org.gradle.api.internal.tasks.testing.worker.TestWorker.execute(TestWorker.java:63)
  at org.gradle.process.internal.worker.child.ActionExecutionWorker.execute(ActionExecutionWorker.java:56)
  at org.gradle.process.internal.worker.child.SystemApplicationClassLoaderWorker.call(SystemApplicationClassLoaderWorker.java:122)
  at org.gradle.process.internal.worker.child.SystemApplicationClassLoaderWorker.call(SystemApplicationClassLoaderWorker.java:72)
  at worker.org.gradle.process.internal.worker.GradleWorkerMain.run(GradleWorkerMain.java:69)
  at worker.org.gradle.process.internal.worker.GradleWorkerMain.main(GradleWorkerMain.java:74)
</stacktrace>
</test-failure>


TypeScriptCompilerTests_E[jvm] > emptyObjectNotSubtypeOfIndexSignatureContainingObject1_ts has expected errors matching emptyObjectNotSubtypeOfIndexSignatureContainingObject1_errors_txt[jvm] FAILED

<test-failure test="com.xemantic.typescript.compiler.TypeScriptCompilerTests_E.es6ImportDefaultBindingFollowedWithNamedImport1InEs5_ts__target_es2015__compiles to JavaScript matching baseline" platform="jvm">
<message>
--- expected
+++ actual
@@ -26,19 +26,52 @@
 exports.default = a;
 //// [es6ImportDefaultBindingFollowedWithNamedImport1InEs5_1.js]
 "use strict";
+var __createBinding = (this && this.__createBinding) || (Object.create ? (function(o, m, k, k2) {
+    if (k2 === undefined) k2 = k;
+    var desc = Object.getOwnPropertyDescriptor(m, k);
+    if (!desc || ("get" in desc ? !m.__esModule : desc.writable || desc.configurable)) {
+      desc = { enumerable: true, get: function() { return m[k]; } };
+    }
+    Object.defineProperty(o, k2, desc);
+}) : (function(o, m, k, k2) {
+    if (k2 === undefined) k2 = k;
+    o[k2] = m[k];
+}));
+var __setModuleDefault = (this && this.__setModuleDefault) || (Object.create ? (function(o, v) {
+    Object.defineProperty(o, "default", { enumerable: true, value: v });
+}) : function(o, v) {
+    o["default"] = v;
+});
+var __importStar = (this && this.__importStar) || (function () {
+    var ownKeys = function(o) {
+        ownKeys = Object.getOwnPropertyNames || function (o) {
+            var ar = [];
+            for (var k in o) if (Object.prototype.hasOwnProperty.call(o, k)) ar[ar.length] = k;
+            return ar;
+        };
+        return ownKeys(o);
+    };
+    return function (mod) {
+        if (mod && mod.__esModule) return mod;
+        var result = {};
+        if (mod != null) for (var k = ownKeys(mod), i = 0; i < k.length; i++) if (k[i] !== "default") __createBinding(result, mod, k[i]);
+        __setModuleDefault(result, mod);
+        return result;
+    };
+})();
 var __importDefault = (this && this.__importDefault) || function (mod) {
     return (mod && mod.__esModule) ? mod : { "default": mod };
 };
 Object.defineProperty(exports, "__esModule", { value: true });
 const es6ImportDefaultBindingFollowedWithNamedImport1InEs5_0_1 = __importDefault(require("./es6ImportDefaultBindingFollowedWithNamedImport1InEs5_0"));
 var x = es6ImportDefaultBindingFollowedWithNamedImport1InEs5_0_1.default;
-const es6ImportDefaultBindingFollowedWithNamedImport1InEs5_0_2 = __importDefault(require("./es6ImportDefaultBindingFollowedWithNamedImport1InEs5_0"));
+const es6ImportDefaultBindingFollowedWithNamedImport1InEs5_0_2 = __importStar(require("./es6ImportDefaultBindingFollowedWithNamedImport1InEs5_0"));
 var x = es6ImportDefaultBindingFollowedWithNamedImport1InEs5_0_2.default;
-const es6ImportDefaultBindingFollowedWithNamedImport1InEs5_0_3 = __importDefault(require("./es6ImportDefaultBindingFollowedWithNamedImport1InEs5_0"));
+const es6ImportDefaultBindingFollowedWithNamedImport1InEs5_0_3 = __importStar(require("./es6ImportDefaultBindingFollowedWithNamedImport1InEs5_0"));
 var x = es6ImportDefaultBindingFollowedWithNamedImport1InEs5_0_3.default;
-const es6ImportDefaultBindingFollowedWithNamedImport1InEs5_0_4 = __importDefault(require("./es6ImportDefaultBindingFollowedWithNamedImport1InEs5_0"));
+const es6ImportDefaultBindingFollowedWithNamedImport1InEs5_0_4 = __importStar(require("./es6ImportDefaultBindingFollowedWithNamedImport1InEs5_0"));
 var x = es6ImportDefaultBindingFollowedWithNamedImport1InEs5_0_4.default;
-const es6ImportDefaultBindingFollowedWithNamedImport1InEs5_0_5 = __importDefault(require("./es6ImportDefaultBindingFollowedWithNamedImport1InEs5_0"));
+const es6ImportDefaultBindingFollowedWithNamedImport1InEs5_0_5 = __importStar(require("./es6ImportDefaultBindingFollowedWithNamedImport1InEs5_0"));
 var x = es6ImportDefaultBindingFollowedWithNamedImport1InEs5_0_5.default;
-const es6ImportDefaultBindingFollowedWithNamedImport1InEs5_0_6 = __importDefault(require("./es6ImportDefaultBindingFollowedWithNamedImport1InEs5_0"));
+const es6ImportDefaultBindingFollowedWithNamedImport1InEs5_0_6 = __importStar(require("./es6ImportDefaultBindingFollowedWithNamedImport1InEs5_0"));
 var x = es6ImportDefaultBindingFollowedWithNamedImport1InEs5_0_6.default;

</message>
<stacktrace>
  at org.junit.Assert.fail(Assert.java:89)
  at kotlin.test.junit.JUnitAsserter.fail(JUnitSupport.kt:56)
  at kotlin.test.AssertionsKt__AssertionsKt.fail(Assertions.kt:563)
  at kotlin.test.AssertionsKt.fail(Unknown Source)
  at com.xemantic.kotlin.test.SameAsKt.sameAs(SameAs.kt:52)
  at com.xemantic.typescript.compiler.TypeScriptTestSupportKt.sameAs(TypeScriptTestSupport.kt:99)
  at com.xemantic.typescript.compiler.TypeScriptCompilerTests_E.es6ImportDefaultBindingFollowedWithNamedImport1InEs5_ts__target_es2015__compiles to JavaScript matching baseline(TypeScriptCompilerTests_E.kt:3122)
  at java.base/jdk.internal.reflect.DirectMethodHandleAccessor.invoke(DirectMethodHandleAccessor.java:104)
  at java.base/java.lang.reflect.Method.invoke(Method.java:565)
  at org.junit.runners.model.FrameworkMethod$1.runReflectiveCall(FrameworkMethod.java:59)
  at org.junit.internal.runners.model.ReflectiveCallable.run(ReflectiveCallable.java:12)
  at org.junit.runners.model.FrameworkMethod.invokeExplosively(FrameworkMethod.java:56)
  at org.junit.internal.runners.statements.InvokeMethod.evaluate(InvokeMethod.java:17)
  at org.junit.runners.ParentRunner$3.evaluate(ParentRunner.java:306)
  at org.junit.runners.BlockJUnit4ClassRunner$1.evaluate(BlockJUnit4ClassRunner.java:100)
  at org.junit.runners.ParentRunner.runLeaf(ParentRunner.java:366)
  at org.junit.runners.BlockJUnit4ClassRunner.runChild(BlockJUnit4ClassRunner.java:103)
  at org.junit.runners.BlockJUnit4ClassRunner.runChild(BlockJUnit4ClassRunner.java:63)
  at org.junit.runners.ParentRunner$4.run(ParentRunner.java:331)
  at org.junit.runners.ParentRunner$1.schedule(ParentRunner.java:79)
  at org.junit.runners.ParentRunner.runChildren(ParentRunner.java:329)
  at org.junit.runners.ParentRunner.access$100(ParentRunner.java:66)
  at org.junit.runners.ParentRunner$2.evaluate(ParentRunner.java:293)
  at org.junit.runners.ParentRunner$3.evaluate(ParentRunner.java:306)
  at org.junit.runners.ParentRunner.run(ParentRunner.java:413)
  at org.junit.runner.JUnitCore.run(JUnitCore.java:137)
  at org.junit.runner.JUnitCore.run(JUnitCore.java:115)
  at org.gradle.api.internal.tasks.testing.junit.JUnitTestExecutor.runRequest(JUnitTestExecutor.java:175)
  at org.gradle.api.internal.tasks.testing.junit.JUnitTestExecutor.accept(JUnitTestExecutor.java:84)
  at org.gradle.api.internal.tasks.testing.junit.JUnitTestExecutor.accept(JUnitTestExecutor.java:47)
  at org.gradle.api.internal.tasks.testing.junit.AbstractJUnitTestDefinitionProcessor.processTestDefinition(AbstractJUnitTestDefinitionProcessor.java:65)
  at org.gradle.api.internal.tasks.testing.SuiteTestDefinitionProcessor.processTestDefinition(SuiteTestDefinitionProcessor.java:54)
  at java.base/jdk.internal.reflect.DirectMethodHandleAccessor.invoke(DirectMethodHandleAccessor.java:104)
  at java.base/java.lang.reflect.Method.invoke(Method.java:565)
  at org.gradle.internal.dispatch.MethodInvocation.invokeOn(MethodInvocation.java:77)
  at org.gradle.internal.dispatch.ReflectionDispatch.dispatch(ReflectionDispatch.java:28)
  at org.gradle.internal.dispatch.ReflectionDispatch.dispatch(ReflectionDispatch.java:19)
  at org.gradle.internal.dispatch.ContextClassLoaderDispatch.dispatch(ContextClassLoaderDispatch.java:33)
  at org.gradle.internal.dispatch.ProxyDispatchAdapter$DispatchingInvocationHandler.invoke(ProxyDispatchAdapter.java:88)
  at jdk.proxy1/jdk.proxy1.$Proxy4.processTestDefinition(Unknown Source)
  at org.gradle.api.internal.tasks.testing.worker.TestWorker$2.run(TestWorker.java:178)
  at org.gradle.api.internal.tasks.testing.worker.TestWorker.executeAndMaintainThreadName(TestWorker.java:126)
  at org.gradle.api.internal.tasks.testing.worker.TestWorker.execute(TestWorker.java:103)
  at org.gradle.api.internal.tasks.testing.worker.TestWorker.execute(TestWorker.java:63)
  at org.gradle.process.internal.worker.child.ActionExecutionWorker.execute(ActionExecutionWorker.java:56)
  at org.gradle.process.internal.worker.child.SystemApplicationClassLoaderWorker.call(SystemApplicationClassLoaderWorker.java:122)
  at org.gradle.process.internal.worker.child.SystemApplicationClassLoaderWorker.call(SystemApplicationClassLoaderWorker.java:72)
  at worker.org.gradle.process.internal.worker.GradleWorkerMain.run(GradleWorkerMain.java:69)
  at worker.org.gradle.process.internal.worker.GradleWorkerMain.main(GradleWorkerMain.java:74)
</stacktrace>
</test-failure>


TypeScriptCompilerTests_E[jvm] > es6ImportDefaultBindingFollowedWithNamedImport1InEs5_ts__target_es2015__compiles to JavaScript matching baseline[jvm] FAILED

<test-failure test="com.xemantic.typescript.compiler.TypeScriptCompilerTests_E.extractInferenceImprovement_ts has expected errors matching extractInferenceImprovement_errors_txt" platform="jvm">
<message>
Expected diagnostics from baseline typescript-repo/tests/baselines/reference/extractInferenceImprovement.errors.txt but none produced
</message>
<stacktrace>
  at com.xemantic.typescript.compiler.TypeScriptTestSupportKt.errorsMatchBaseline(TypeScriptTestSupport.kt:125)
  at com.xemantic.typescript.compiler.TypeScriptCompilerTests_E.extractInferenceImprovement_ts has expected errors matching extractInferenceImprovement_errors_txt(TypeScriptCompilerTests_E.kt:6748)
  at java.base/jdk.internal.reflect.DirectMethodHandleAccessor.invoke(DirectMethodHandleAccessor.java:104)
  at java.base/java.lang.reflect.Method.invoke(Method.java:565)
  at org.junit.runners.model.FrameworkMethod$1.runReflectiveCall(FrameworkMethod.java:59)
  at org.junit.internal.runners.model.ReflectiveCallable.run(ReflectiveCallable.java:12)
  at org.junit.runners.model.FrameworkMethod.invokeExplosively(FrameworkMethod.java:56)
  at org.junit.internal.runners.statements.InvokeMethod.evaluate(InvokeMethod.java:17)
  at org.junit.runners.ParentRunner$3.evaluate(ParentRunner.java:306)
  at org.junit.runners.BlockJUnit4ClassRunner$1.evaluate(BlockJUnit4ClassRunner.java:100)
  at org.junit.runners.ParentRunner.runLeaf(ParentRunner.java:366)
  at org.junit.runners.BlockJUnit4ClassRunner.runChild(BlockJUnit4ClassRunner.java:103)
  at org.junit.runners.BlockJUnit4ClassRunner.runChild(BlockJUnit4ClassRunner.java:63)
  at org.junit.runners.ParentRunner$4.run(ParentRunner.java:331)
  at org.junit.runners.ParentRunner$1.schedule(ParentRunner.java:79)
  at org.junit.runners.ParentRunner.runChildren(ParentRunner.java:329)
  at org.junit.runners.ParentRunner.access$100(ParentRunner.java:66)
  at org.junit.runners.ParentRunner$2.evaluate(ParentRunner.java:293)
  at org.junit.runners.ParentRunner$3.evaluate(ParentRunner.java:306)
  at org.junit.runners.ParentRunner.run(ParentRunner.java:413)
  at org.junit.runner.JUnitCore.run(JUnitCore.java:137)
  at org.junit.runner.JUnitCore.run(JUnitCore.java:115)
  at org.gradle.api.internal.tasks.testing.junit.JUnitTestExecutor.runRequest(JUnitTestExecutor.java:175)
  at org.gradle.api.internal.tasks.testing.junit.JUnitTestExecutor.accept(JUnitTestExecutor.java:84)
  at org.gradle.api.internal.tasks.testing.junit.JUnitTestExecutor.accept(JUnitTestExecutor.java:47)
  at org.gradle.api.internal.tasks.testing.junit.AbstractJUnitTestDefinitionProcessor.processTestDefinition(AbstractJUnitTestDefinitionProcessor.java:65)
  at org.gradle.api.internal.tasks.testing.SuiteTestDefinitionProcessor.processTestDefinition(SuiteTestDefinitionProcessor.java:54)
  at java.base/jdk.internal.reflect.DirectMethodHandleAccessor.invoke(DirectMethodHandleAccessor.java:104)
  at java.base/java.lang.reflect.Method.invoke(Method.java:565)
  at org.gradle.internal.dispatch.MethodInvocation.invokeOn(MethodInvocation.java:77)
  at org.gradle.internal.dispatch.ReflectionDispatch.dispatch(ReflectionDispatch.java:28)
  at org.gradle.internal.dispatch.ReflectionDispatch.dispatch(ReflectionDispatch.java:19)
  at org.gradle.internal.dispatch.ContextClassLoaderDispatch.dispatch(ContextClassLoaderDispatch.java:33)
  at org.gradle.internal.dispatch.ProxyDispatchAdapter$DispatchingInvocationHandler.invoke(ProxyDispatchAdapter.java:88)
  at jdk.proxy1/jdk.proxy1.$Proxy4.processTestDefinition(Unknown Source)
  at org.gradle.api.internal.tasks.testing.worker.TestWorker$2.run(TestWorker.java:178)
  at org.gradle.api.internal.tasks.testing.worker.TestWorker.executeAndMaintainThreadName(TestWorker.java:126)
  at org.gradle.api.internal.tasks.testing.worker.TestWorker.execute(TestWorker.java:103)
  at org.gradle.api.internal.tasks.testing.worker.TestWorker.execute(TestWorker.java:63)
  at org.gradle.process.internal.worker.child.ActionExecutionWorker.execute(ActionExecutionWorker.java:56)
  at org.gradle.process.internal.worker.child.SystemApplicationClassLoaderWorker.call(SystemApplicationClassLoaderWorker.java:122)
  at org.gradle.process.internal.worker.child.SystemApplicationClassLoaderWorker.call(SystemApplicationClassLoaderWorker.java:72)
  at worker.org.gradle.process.internal.worker.GradleWorkerMain.run(GradleWorkerMain.java:69)
  at worker.org.gradle.process.internal.worker.GradleWorkerMain.main(GradleWorkerMain.java:74)
</stacktrace>
</test-failure>


TypeScriptCompilerTests_E[jvm] > extractInferenceImprovement_ts has expected errors matching extractInferenceImprovement_errors_txt[jvm] FAILED

<test-failure test="com.xemantic.typescript.compiler.TypeScriptCompilerTests_E.exportDefaultFunctionInNamespace_ts has expected errors matching exportDefaultFunctionInNamespace_errors_txt" platform="jvm">
<message>
Expected diagnostics from baseline typescript-repo/tests/baselines/reference/exportDefaultFunctionInNamespace.errors.txt but none produced
</message>
<stacktrace>
  at com.xemantic.typescript.compiler.TypeScriptTestSupportKt.errorsMatchBaseline(TypeScriptTestSupport.kt:125)
  at com.xemantic.typescript.compiler.TypeScriptCompilerTests_E.exportDefaultFunctionInNamespace_ts has expected errors matching exportDefaultFunctionInNamespace_errors_txt(TypeScriptCompilerTests_E.kt:5096)
  at java.base/jdk.internal.reflect.DirectMethodHandleAccessor.invoke(DirectMethodHandleAccessor.java:104)
  at java.base/java.lang.reflect.Method.invoke(Method.java:565)
  at org.junit.runners.model.FrameworkMethod$1.runReflectiveCall(FrameworkMethod.java:59)
  at org.junit.internal.runners.model.ReflectiveCallable.run(ReflectiveCallable.java:12)
  at org.junit.runners.model.FrameworkMethod.invokeExplosively(FrameworkMethod.java:56)
  at org.junit.internal.runners.statements.InvokeMethod.evaluate(InvokeMethod.java:17)
  at org.junit.runners.ParentRunner$3.evaluate(ParentRunner.java:306)
  at org.junit.runners.BlockJUnit4ClassRunner$1.evaluate(BlockJUnit4ClassRunner.java:100)
  at org.junit.runners.ParentRunner.runLeaf(ParentRunner.java:366)
  at org.junit.runners.BlockJUnit4ClassRunner.runChild(BlockJUnit4ClassRunner.java:103)
  at org.junit.runners.BlockJUnit4ClassRunner.runChild(BlockJUnit4ClassRunner.java:63)
  at org.junit.runners.ParentRunner$4.run(ParentRunner.java:331)
  at org.junit.runners.ParentRunner$1.schedule(ParentRunner.java:79)
  at org.junit.runners.ParentRunner.runChildren(ParentRunner.java:329)
  at org.junit.runners.ParentRunner.access$100(ParentRunner.java:66)
  at org.junit.runners.ParentRunner$2.evaluate(ParentRunner.java:293)
  at org.junit.runners.ParentRunner$3.evaluate(ParentRunner.java:306)
  at org.junit.runners.ParentRunner.run(ParentRunner.java:413)
  at org.junit.runner.JUnitCore.run(JUnitCore.java:137)
  at org.junit.runner.JUnitCore.run(JUnitCore.java:115)
  at org.gradle.api.internal.tasks.testing.junit.JUnitTestExecutor.runRequest(JUnitTestExecutor.java:175)
  at org.gradle.api.internal.tasks.testing.junit.JUnitTestExecutor.accept(JUnitTestExecutor.java:84)
  at org.gradle.api.internal.tasks.testing.junit.JUnitTestExecutor.accept(JUnitTestExecutor.java:47)
  at org.gradle.api.internal.tasks.testing.junit.AbstractJUnitTestDefinitionProcessor.processTestDefinition(AbstractJUnitTestDefinitionProcessor.java:65)
  at org.gradle.api.internal.tasks.testing.SuiteTestDefinitionProcessor.processTestDefinition(SuiteTestDefinitionProcessor.java:54)
  at java.base/jdk.internal.reflect.DirectMethodHandleAccessor.invoke(DirectMethodHandleAccessor.java:104)
  at java.base/java.lang.reflect.Method.invoke(Method.java:565)
  at org.gradle.internal.dispatch.MethodInvocation.invokeOn(MethodInvocation.java:77)
  at org.gradle.internal.dispatch.ReflectionDispatch.dispatch(ReflectionDispatch.java:28)
  at org.gradle.internal.dispatch.ReflectionDispatch.dispatch(ReflectionDispatch.java:19)
  at org.gradle.internal.dispatch.ContextClassLoaderDispatch.dispatch(ContextClassLoaderDispatch.java:33)
  at org.gradle.internal.dispatch.ProxyDispatchAdapter$DispatchingInvocationHandler.invoke(ProxyDispatchAdapter.java:88)
  at jdk.proxy1/jdk.proxy1.$Proxy4.processTestDefinition(Unknown Source)
  at org.gradle.api.internal.tasks.testing.worker.TestWorker$2.run(TestWorker.java:178)
  at org.gradle.api.internal.tasks.testing.worker.TestWorker.executeAndMaintainThreadName(TestWorker.java:126)
  at org.gradle.api.internal.tasks.testing.worker.TestWorker.execute(TestWorker.java:103)
  at org.gradle.api.internal.tasks.testing.worker.TestWorker.execute(TestWorker.java:63)
  at org.gradle.process.internal.worker.child.ActionExecutionWorker.execute(ActionExecutionWorker.java:56)
  at org.gradle.process.internal.worker.child.SystemApplicationClassLoaderWorker.call(SystemApplicationClassLoaderWorker.java:122)
  at org.gradle.process.internal.worker.child.SystemApplicationClassLoaderWorker.call(SystemApplicationClassLoaderWorker.java:72)
  at worker.org.gradle.process.internal.worker.GradleWorkerMain.run(GradleWorkerMain.java:69)
  at worker.org.gradle.process.internal.worker.GradleWorkerMain.main(GradleWorkerMain.java:74)
</stacktrace>
</test-failure>


TypeScriptCompilerTests_E[jvm] > exportDefaultFunctionInNamespace_ts has expected errors matching exportDefaultFunctionInNamespace_errors_txt[jvm] FAILED

<test-failure test="com.xemantic.typescript.compiler.TypeScriptCompilerTests_E.exactOptionalPropertyTypesIdentical_ts has expected errors matching exactOptionalPropertyTypesIdentical_errors_txt" platform="jvm">
<message>
--- expected
+++ actual
@@ -1,14 +1,10 @@
-exactOptionalPropertyTypesIdentical.ts(2,12): error TS2322: Type '<T>() => T extends { a?: string; } ? 0 : 1' is not assignable to type '<T>() => T extends { a?: string | undefined; } ? 0 : 1'.
-  Type 'T extends { a?: string; } ? 0 : 1' is not assignable to type 'T extends { a?: string | undefined; } ? 0 : 1'.
-    Type '0 | 1' is not assignable to type 'T extends { a?: string | undefined; } ? 0 : 1'.
-      Type '0' is not assignable to type 'T extends { a?: string | undefined; } ? 0 : 1'.
+exactOptionalPropertyTypesIdentical.ts(1,12): error TS2322: Type 'null' is not assignable to type '() => any'.
+  Type 'null' is not assignable to type '() => any'.
 
 
 ==== exactOptionalPropertyTypesIdentical.ts (1 errors) ====
     export let a: <T>() => T extends {a?: string} ? 0 : 1 = null!;
-    export let b: <T>() => T extends {a?: string | undefined} ? 0 : 1 = a;
                ~
-!!! error TS2322: Type '<T>() => T extends { a?: string; } ? 0 : 1' is not assignable to type '<T>() => T extends { a?: string | undefined; } ? 0 : 1'.
-!!! error TS2322:   Type 'T extends { a?: string; } ? 0 : 1' is not assignable to type 'T extends { a?: string | undefined; } ? 0 : 1'.
-!!! error TS2322:     Type '0 | 1' is not assignable to type 'T extends { a?: string | undefined; } ? 0 : 1'.
-!!! error TS2322:       Type '0' is not assignable to type 'T extends { a?: string | undefined; } ? 0 : 1'.
+!!! error TS2322: Type 'null' is not assignable to type '() => any'.
+!!! error TS2322:   Type 'null' is not assignable to type '() => any'.
+    export let b: <T>() => T extends {a?: string | undefined} ? 0 : 1 = a;

</message>
<stacktrace>
  at org.junit.Assert.fail(Assert.java:89)
  at kotlin.test.junit.JUnitAsserter.fail(JUnitSupport.kt:56)
  at kotlin.test.AssertionsKt__AssertionsKt.fail(Assertions.kt:563)
  at kotlin.test.AssertionsKt.fail(Unknown Source)
  at com.xemantic.kotlin.test.SameAsKt.sameAs(SameAs.kt:52)
  at com.xemantic.typescript.compiler.TypeScriptTestSupportKt.errorsMatchBaseline(TypeScriptTestSupport.kt:135)
  at com.xemantic.typescript.compiler.TypeScriptCompilerTests_E.exactOptionalPropertyTypesIdentical_ts has expected errors matching exactOptionalPropertyTypesIdentical_errors_txt(TypeScriptCompilerTests_E.kt:4221)
  at java.base/jdk.internal.reflect.DirectMethodHandleAccessor.invoke(DirectMethodHandleAccessor.java:104)
  at java.base/java.lang.reflect.Method.invoke(Method.java:565)
  at org.junit.runners.model.FrameworkMethod$1.runReflectiveCall(FrameworkMethod.java:59)
  at org.junit.internal.runners.model.ReflectiveCallable.run(ReflectiveCallable.java:12)
  at org.junit.runners.model.FrameworkMethod.invokeExplosively(FrameworkMethod.java:56)
  at org.junit.internal.runners.statements.InvokeMethod.evaluate(InvokeMethod.java:17)
  at org.junit.runners.ParentRunner$3.evaluate(ParentRunner.java:306)
  at org.junit.runners.BlockJUnit4ClassRunner$1.evaluate(BlockJUnit4ClassRunner.java:100)
  at org.junit.runners.ParentRunner.runLeaf(ParentRunner.java:366)
  at org.junit.runners.BlockJUnit4ClassRunner.runChild(BlockJUnit4ClassRunner.java:103)
  at org.junit.runners.BlockJUnit4ClassRunner.runChild(BlockJUnit4ClassRunner.java:63)
  at org.junit.runners.ParentRunner$4.run(ParentRunner.java:331)
  at org.junit.runners.ParentRunner$1.schedule(ParentRunner.java:79)
  at org.junit.runners.ParentRunner.runChildren(ParentRunner.java:329)
  at org.junit.runners.ParentRunner.access$100(ParentRunner.java:66)
  at org.junit.runners.ParentRunner$2.evaluate(ParentRunner.java:293)
  at org.junit.runners.ParentRunner$3.evaluate(ParentRunner.java:306)
  at org.junit.runners.ParentRunner.run(ParentRunner.java:413)
  at org.junit.runner.JUnitCore.run(JUnitCore.java:137)
  at org.junit.runner.JUnitCore.run(JUnitCore.java:115)
  at org.gradle.api.internal.tasks.testing.junit.JUnitTestExecutor.runRequest(JUnitTestExecutor.java:175)
  at org.gradle.api.internal.tasks.testing.junit.JUnitTestExecutor.accept(JUnitTestExecutor.java:84)
  at org.gradle.api.internal.tasks.testing.junit.JUnitTestExecutor.accept(JUnitTestExecutor.java:47)
  at org.gradle.api.internal.tasks.testing.junit.AbstractJUnitTestDefinitionProcessor.processTestDefinition(AbstractJUnitTestDefinitionProcessor.java:65)
  at org.gradle.api.internal.tasks.testing.SuiteTestDefinitionProcessor.processTestDefinition(SuiteTestDefinitionProcessor.java:54)
  at java.base/jdk.internal.reflect.DirectMethodHandleAccessor.invoke(DirectMethodHandleAccessor.java:104)
  at java.base/java.lang.reflect.Method.invoke(Method.java:565)
  at org.gradle.internal.dispatch.MethodInvocation.invokeOn(MethodInvocation.java:77)
  at org.gradle.internal.dispatch.ReflectionDispatch.dispatch(ReflectionDispatch.java:28)
  at org.gradle.internal.dispatch.ReflectionDispatch.dispatch(ReflectionDispatch.java:19)
  at org.gradle.internal.dispatch.ContextClassLoaderDispatch.dispatch(ContextClassLoaderDispatch.java:33)
  at org.gradle.internal.dispatch.ProxyDispatchAdapter$DispatchingInvocationHandler.invoke(ProxyDispatchAdapter.java:88)
  at jdk.proxy1/jdk.proxy1.$Proxy4.processTestDefinition(Unknown Source)
  at org.gradle.api.internal.tasks.testing.worker.TestWorker$2.run(TestWorker.java:178)
  at org.gradle.api.internal.tasks.testing.worker.TestWorker.executeAndMaintainThreadName(TestWorker.java:126)
  at org.gradle.api.internal.tasks.testing.worker.TestWorker.execute(TestWorker.java:103)
  at org.gradle.api.internal.tasks.testing.worker.TestWorker.execute(TestWorker.java:63)
  at org.gradle.process.internal.worker.child.ActionExecutionWorker.execute(ActionExecutionWorker.java:56)
  at org.gradle.process.internal.worker.child.SystemApplicationClassLoaderWorker.call(SystemApplicationClassLoaderWorker.java:122)
  at org.gradle.process.internal.worker.child.SystemApplicationClassLoaderWorker.call(SystemApplicationClassLoaderWorker.java:72)
  at worker.org.gradle.process.internal.worker.GradleWorkerMain.run(GradleWorkerMain.java:69)
  at worker.org.gradle.process.internal.worker.GradleWorkerMain.main(GradleWorkerMain.java:74)
</stacktrace>
</test-failure>


TypeScriptCompilerTests_E[jvm] > exactOptionalPropertyTypesIdentical_ts has expected errors matching exactOptionalPropertyTypesIdentical_errors_txt[jvm] FAILED

<test-failure test="com.xemantic.typescript.compiler.TypeScriptCompilerTests_E.es5-asyncFunctionIfStatements_ts__target_es2015__compiles to JavaScript matching baseline" platform="jvm">
<message>
--- expected
+++ actual
@@ -19,30 +19,21 @@
 "use strict";
 function ifStatement1() {
     return __awaiter(this, void 0, void 0, function* () {
-        if (yield x) {
-            y;
-        }
-        else {
+        if (yield x) { y; } else {
             z;
         }
     });
 }
 function ifStatement2() {
     return __awaiter(this, void 0, void 0, function* () {
-        if (x) {
-            yield y;
-        }
-        else {
+        if (x) { yield y; } else {
             z;
         }
     });
 }
 function ifStatement3() {
     return __awaiter(this, void 0, void 0, function* () {
-        if (x) {
-            y;
-        }
-        else {
+        if (x) { y; } else {
             yield z;
         }
     });

</message>
<stacktrace>
  at org.junit.Assert.fail(Assert.java:89)
  at kotlin.test.junit.JUnitAsserter.fail(JUnitSupport.kt:56)
  at kotlin.test.AssertionsKt__AssertionsKt.fail(Assertions.kt:563)
  at kotlin.test.AssertionsKt.fail(Unknown Source)
  at com.xemantic.kotlin.test.SameAsKt.sameAs(SameAs.kt:52)
  at com.xemantic.typescript.compiler.TypeScriptTestSupportKt.sameAs(TypeScriptTestSupport.kt:99)
  at com.xemantic.typescript.compiler.TypeScriptCompilerTests_E.es5-asyncFunctionIfStatements_ts__target_es2015__compiles to JavaScript matching baseline(TypeScriptCompilerTests_E.kt:1981)
  at java.base/jdk.internal.reflect.DirectMethodHandleAccessor.invoke(DirectMethodHandleAccessor.java:104)
  at java.base/java.lang.reflect.Method.invoke(Method.java:565)
  at org.junit.runners.model.FrameworkMethod$1.runReflectiveCall(FrameworkMethod.java:59)
  at org.junit.internal.runners.model.ReflectiveCallable.run(ReflectiveCallable.java:12)
  at org.junit.runners.model.FrameworkMethod.invokeExplosively(FrameworkMethod.java:56)
  at org.junit.internal.runners.statements.InvokeMethod.evaluate(InvokeMethod.java:17)
  at org.junit.runners.ParentRunner$3.evaluate(ParentRunner.java:306)
  at org.junit.runners.BlockJUnit4ClassRunner$1.evaluate(BlockJUnit4ClassRunner.java:100)
  at org.junit.runners.ParentRunner.runLeaf(ParentRunner.java:366)
  at org.junit.runners.BlockJUnit4ClassRunner.runChild(BlockJUnit4ClassRunner.java:103)
  at org.junit.runners.BlockJUnit4ClassRunner.runChild(BlockJUnit4ClassRunner.java:63)
  at org.junit.runners.ParentRunner$4.run(ParentRunner.java:331)
  at org.junit.runners.ParentRunner$1.schedule(ParentRunner.java:79)
  at org.junit.runners.ParentRunner.runChildren(ParentRunner.java:329)
  at org.junit.runners.ParentRunner.access$100(ParentRunner.java:66)
  at org.junit.runners.ParentRunner$2.evaluate(ParentRunner.java:293)
  at org.junit.runners.ParentRunner$3.evaluate(ParentRunner.java:306)
  at org.junit.runners.ParentRunner.run(ParentRunner.java:413)
  at org.junit.runner.JUnitCore.run(JUnitCore.java:137)
  at org.junit.runner.JUnitCore.run(JUnitCore.java:115)
  at org.gradle.api.internal.tasks.testing.junit.JUnitTestExecutor.runRequest(JUnitTestExecutor.java:175)
  at org.gradle.api.internal.tasks.testing.junit.JUnitTestExecutor.accept(JUnitTestExecutor.java:84)
  at org.gradle.api.internal.tasks.testing.junit.JUnitTestExecutor.accept(JUnitTestExecutor.java:47)
  at org.gradle.api.internal.tasks.testing.junit.AbstractJUnitTestDefinitionProcessor.processTestDefinition(AbstractJUnitTestDefinitionProcessor.java:65)
  at org.gradle.api.internal.tasks.testing.SuiteTestDefinitionProcessor.processTestDefinition(SuiteTestDefinitionProcessor.java:54)
  at java.base/jdk.internal.reflect.DirectMethodHandleAccessor.invoke(DirectMethodHandleAccessor.java:104)
  at java.base/java.lang.reflect.Method.invoke(Method.java:565)
  at org.gradle.internal.dispatch.MethodInvocation.invokeOn(MethodInvocation.java:77)
  at org.gradle.internal.dispatch.ReflectionDispatch.dispatch(ReflectionDispatch.java:28)
  at org.gradle.internal.dispatch.ReflectionDispatch.dispatch(ReflectionDispatch.java:19)
  at org.gradle.internal.dispatch.ContextClassLoaderDispatch.dispatch(ContextClassLoaderDispatch.java:33)
  at org.gradle.internal.dispatch.ProxyDispatchAdapter$DispatchingInvocationHandler.invoke(ProxyDispatchAdapter.java:88)
  at jdk.proxy1/jdk.proxy1.$Proxy4.processTestDefinition(Unknown Source)
  at org.gradle.api.internal.tasks.testing.worker.TestWorker$2.run(TestWorker.java:178)
  at org.gradle.api.internal.tasks.testing.worker.TestWorker.executeAndMaintainThreadName(TestWorker.java:126)
  at org.gradle.api.internal.tasks.testing.worker.TestWorker.execute(TestWorker.java:103)
  at org.gradle.api.internal.tasks.testing.worker.TestWorker.execute(TestWorker.java:63)
  at org.gradle.process.internal.worker.child.ActionExecutionWorker.execute(ActionExecutionWorker.java:56)
  at org.gradle.process.internal.worker.child.SystemApplicationClassLoaderWorker.call(SystemApplicationClassLoaderWorker.java:122)
  at org.gradle.process.internal.worker.child.SystemApplicationClassLoaderWorker.call(SystemApplicationClassLoaderWorker.java:72)
  at worker.org.gradle.process.internal.worker.GradleWorkerMain.run(GradleWorkerMain.java:69)
  at worker.org.gradle.process.internal.worker.GradleWorkerMain.main(GradleWorkerMain.java:74)
</stacktrace>
</test-failure>


TypeScriptCompilerTests_E[jvm] > es5-asyncFunctionIfStatements_ts__target_es2015__compiles to JavaScript matching baseline[jvm] FAILED

<test-failure test="com.xemantic.typescript.compiler.TypeScriptCompilerTests_E.errorsOnImportedSymbol_ts__target_es5__has expected errors matching baseline" platform="jvm">
<message>
--- expected
+++ actual
@@ -1,17 +1,17 @@
 error TS5107: Option 'target=ES5' is deprecated and will stop functioning in TypeScript 7.0. Specify compilerOption '"ignoreDeprecations": "6.0"' to silence this error.
-errorsOnImportedSymbol_1.ts(2,13): error TS2693: 'Sammy' only refers to a type, but is being used as a value here.
-errorsOnImportedSymbol_1.ts(3,9): error TS2693: 'Sammy' only refers to a type, but is being used as a value here.
+errorsOnImportedSymbol_1.ts(2,19): error TS2339: Property 'Sammy' does not exist on type 'Sammy'.
+errorsOnImportedSymbol_1.ts(3,15): error TS2339: Property 'Sammy' does not exist on type 'Sammy'.
 
 
 !!! error TS5107: Option 'target=ES5' is deprecated and will stop functioning in TypeScript 7.0. Specify compilerOption '"ignoreDeprecations": "6.0"' to silence this error.
 ==== errorsOnImportedSymbol_1.ts (2 errors) ====
     import Sammy = require("./errorsOnImportedSymbol_0");
     var x = new Sammy.Sammy();
-                ~~~~~
-!!! error TS2693: 'Sammy' only refers to a type, but is being used as a value here.
+                      ~~~~~
+!!! error TS2339: Property 'Sammy' does not exist on type 'Sammy'.
     var y = Sammy.Sammy(); 
-            ~~~~~
-!!! error TS2693: 'Sammy' only refers to a type, but is being used as a value here.
+                  ~~~~~
+!!! error TS2339: Property 'Sammy' does not exist on type 'Sammy'.
     
     
 ==== errorsOnImportedSymbol_0.ts (0 errors) ====

</message>
<stacktrace>
  at org.junit.Assert.fail(Assert.java:89)
  at kotlin.test.junit.JUnitAsserter.fail(JUnitSupport.kt:56)
  at kotlin.test.AssertionsKt__AssertionsKt.fail(Assertions.kt:563)
  at kotlin.test.AssertionsKt.fail(Unknown Source)
  at com.xemantic.kotlin.test.SameAsKt.sameAs(SameAs.kt:52)
  at com.xemantic.typescript.compiler.TypeScriptTestSupportKt.errorsMatchBaseline(TypeScriptTestSupport.kt:135)
  at com.xemantic.typescript.compiler.TypeScriptCompilerTests_E.errorsOnImportedSymbol_ts__target_es5__has expected errors matching baseline(TypeScriptCompilerTests_E.kt:1743)
  at java.base/jdk.internal.reflect.DirectMethodHandleAccessor.invoke(DirectMethodHandleAccessor.java:104)
  at java.base/java.lang.reflect.Method.invoke(Method.java:565)
  at org.junit.runners.model.FrameworkMethod$1.runReflectiveCall(FrameworkMethod.java:59)
  at org.junit.internal.runners.model.ReflectiveCallable.run(ReflectiveCallable.java:12)
  at org.junit.runners.model.FrameworkMethod.invokeExplosively(FrameworkMethod.java:56)
  at org.junit.internal.runners.statements.InvokeMethod.evaluate(InvokeMethod.java:17)
  at org.junit.runners.ParentRunner$3.evaluate(ParentRunner.java:306)
  at org.junit.runners.BlockJUnit4ClassRunner$1.evaluate(BlockJUnit4ClassRunner.java:100)
  at org.junit.runners.ParentRunner.runLeaf(ParentRunner.java:366)
  at org.junit.runners.BlockJUnit4ClassRunner.runChild(BlockJUnit4ClassRunner.java:103)
  at org.junit.runners.BlockJUnit4ClassRunner.runChild(BlockJUnit4ClassRunner.java:63)
  at org.junit.runners.ParentRunner$4.run(ParentRunner.java:331)
  at org.junit.runners.ParentRunner$1.schedule(ParentRunner.java:79)
  at org.junit.runners.ParentRunner.runChildren(ParentRunner.java:329)
  at org.junit.runners.ParentRunner.access$100(ParentRunner.java:66)
  at org.junit.runners.ParentRunner$2.evaluate(ParentRunner.java:293)
  at org.junit.runners.ParentRunner$3.evaluate(ParentRunner.java:306)
  at org.junit.runners.ParentRunner.run(ParentRunner.java:413)
  at org.junit.runner.JUnitCore.run(JUnitCore.java:137)
  at org.junit.runner.JUnitCore.run(JUnitCore.java:115)
  at org.gradle.api.internal.tasks.testing.junit.JUnitTestExecutor.runRequest(JUnitTestExecutor.java:175)
  at org.gradle.api.internal.tasks.testing.junit.JUnitTestExecutor.accept(JUnitTestExecutor.java:84)
  at org.gradle.api.internal.tasks.testing.junit.JUnitTestExecutor.accept(JUnitTestExecutor.java:47)
  at org.gradle.api.internal.tasks.testing.junit.AbstractJUnitTestDefinitionProcessor.processTestDefinition(AbstractJUnitTestDefinitionProcessor.java:65)
  at org.gradle.api.internal.tasks.testing.SuiteTestDefinitionProcessor.processTestDefinition(SuiteTestDefinitionProcessor.java:54)
  at java.base/jdk.internal.reflect.DirectMethodHandleAccessor.invoke(DirectMethodHandleAccessor.java:104)
  at java.base/java.lang.reflect.Method.invoke(Method.java:565)
  at org.gradle.internal.dispatch.MethodInvocation.invokeOn(MethodInvocation.java:77)
  at org.gradle.internal.dispatch.ReflectionDispatch.dispatch(ReflectionDispatch.java:28)
  at org.gradle.internal.dispatch.ReflectionDispatch.dispatch(ReflectionDispatch.java:19)
  at org.gradle.internal.dispatch.ContextClassLoaderDispatch.dispatch(ContextClassLoaderDispatch.java:33)
  at org.gradle.internal.dispatch.ProxyDispatchAdapter$DispatchingInvocationHandler.invoke(ProxyDispatchAdapter.java:88)
  at jdk.proxy1/jdk.proxy1.$Proxy4.processTestDefinition(Unknown Source)
  at org.gradle.api.internal.tasks.testing.worker.TestWorker$2.run(TestWorker.java:178)
  at org.gradle.api.internal.tasks.testing.worker.TestWorker.executeAndMaintainThreadName(TestWorker.java:126)
  at org.gradle.api.internal.tasks.testing.worker.TestWorker.execute(TestWorker.java:103)
  at org.gradle.api.internal.tasks.testing.worker.TestWorker.execute(TestWorker.java:63)
  at org.gradle.process.internal.worker.child.ActionExecutionWorker.execute(ActionExecutionWorker.java:56)
  at org.gradle.process.internal.worker.child.SystemApplicationClassLoaderWorker.call(SystemApplicationClassLoaderWorker.java:122)
  at org.gradle.process.internal.worker.child.SystemApplicationClassLoaderWorker.call(SystemApplicationClassLoaderWorker.java:72)
  at worker.org.gradle.process.internal.worker.GradleWorkerMain.run(GradleWorkerMain.java:69)
  at worker.org.gradle.process.internal.worker.GradleWorkerMain.main(GradleWorkerMain.java:74)
</stacktrace>
</test-failure>


TypeScriptCompilerTests_E[jvm] > errorsOnImportedSymbol_ts__target_es5__has expected errors matching baseline[jvm] FAILED

<test-failure test="com.xemantic.typescript.compiler.TypeScriptCompilerTests_E.errorRecoveryInClassDeclaration_ts has expected errors matching errorRecoveryInClassDeclaration_errors_txt" platform="jvm">
<message>
--- expected
+++ actual
@@ -1,25 +1,22 @@
 errorRecoveryInClassDeclaration.ts(3,17): error TS2304: Cannot find name 'foo'.
-errorRecoveryInClassDeclaration.ts(4,13): error TS2304: Cannot find name 'public'.
-errorRecoveryInClassDeclaration.ts(4,20): error TS1005: ',' expected.
-errorRecoveryInClassDeclaration.ts(4,20): error TS2304: Cannot find name 'blaz'.
-errorRecoveryInClassDeclaration.ts(4,27): error TS1005: ',' expected.
+errorRecoveryInClassDeclaration.ts(4,20): error TS1005: ')' expected.
+errorRecoveryInClassDeclaration.ts(4,25): error TS1109: Expression expected.
+errorRecoveryInClassDeclaration.ts(5,13): error TS1109: Expression expected.
 
 
-==== errorRecoveryInClassDeclaration.ts (5 errors) ====
+==== errorRecoveryInClassDeclaration.ts (4 errors) ====
     class C {
         public bar() {
             var v = foo(
                     ~~~
 !!! error TS2304: Cannot find name 'foo'.
                 public blaz() {}
-                ~~~~~~
-!!! error TS2304: Cannot find name 'public'.
                        ~~~~
-!!! error TS1005: ',' expected.
-                       ~~~~
-!!! error TS2304: Cannot find name 'blaz'.
-                              ~
-!!! error TS1005: ',' expected.
+!!! error TS1005: ')' expected.
+                            ~
+!!! error TS1109: Expression expected.
                 );
+                ~
+!!! error TS1109: Expression expected.
         }
     }

</message>
<stacktrace>
  at org.junit.Assert.fail(Assert.java:89)
  at kotlin.test.junit.JUnitAsserter.fail(JUnitSupport.kt:56)
  at kotlin.test.AssertionsKt__AssertionsKt.fail(Assertions.kt:563)
  at kotlin.test.AssertionsKt.fail(Unknown Source)
  at com.xemantic.kotlin.test.SameAsKt.sameAs(SameAs.kt:52)
  at com.xemantic.typescript.compiler.TypeScriptTestSupportKt.errorsMatchBaseline(TypeScriptTestSupport.kt:135)
  at com.xemantic.typescript.compiler.TypeScriptCompilerTests_E.errorRecoveryInClassDeclaration_ts has expected errors matching errorRecoveryInClassDeclaration_errors_txt(TypeScriptCompilerTests_E.kt:1631)
  at java.base/jdk.internal.reflect.DirectMethodHandleAccessor.invoke(DirectMethodHandleAccessor.java:104)
  at java.base/java.lang.reflect.Method.invoke(Method.java:565)
  at org.junit.runners.model.FrameworkMethod$1.runReflectiveCall(FrameworkMethod.java:59)
  at org.junit.internal.runners.model.ReflectiveCallable.run(ReflectiveCallable.java:12)
  at org.junit.runners.model.FrameworkMethod.invokeExplosively(FrameworkMethod.java:56)
  at org.junit.internal.runners.statements.InvokeMethod.evaluate(InvokeMethod.java:17)
  at org.junit.runners.ParentRunner$3.evaluate(ParentRunner.java:306)
  at org.junit.runners.BlockJUnit4ClassRunner$1.evaluate(BlockJUnit4ClassRunner.java:100)
  at org.junit.runners.ParentRunner.runLeaf(ParentRunner.java:366)
  at org.junit.runners.BlockJUnit4ClassRunner.runChild(BlockJUnit4ClassRunner.java:103)
  at org.junit.runners.BlockJUnit4ClassRunner.runChild(BlockJUnit4ClassRunner.java:63)
  at org.junit.runners.ParentRunner$4.run(ParentRunner.java:331)
  at org.junit.runners.ParentRunner$1.schedule(ParentRunner.java:79)
  at org.junit.runners.ParentRunner.runChildren(ParentRunner.java:329)
  at org.junit.runners.ParentRunner.access$100(ParentRunner.java:66)
  at org.junit.runners.ParentRunner$2.evaluate(ParentRunner.java:293)
  at org.junit.runners.ParentRunner$3.evaluate(ParentRunner.java:306)
  at org.junit.runners.ParentRunner.run(ParentRunner.java:413)
  at org.junit.runner.JUnitCore.run(JUnitCore.java:137)
  at org.junit.runner.JUnitCore.run(JUnitCore.java:115)
  at org.gradle.api.internal.tasks.testing.junit.JUnitTestExecutor.runRequest(JUnitTestExecutor.java:175)
  at org.gradle.api.internal.tasks.testing.junit.JUnitTestExecutor.accept(JUnitTestExecutor.java:84)
  at org.gradle.api.internal.tasks.testing.junit.JUnitTestExecutor.accept(JUnitTestExecutor.java:47)
  at org.gradle.api.internal.tasks.testing.junit.AbstractJUnitTestDefinitionProcessor.processTestDefinition(AbstractJUnitTestDefinitionProcessor.java:65)
  at org.gradle.api.internal.tasks.testing.SuiteTestDefinitionProcessor.processTestDefinition(SuiteTestDefinitionProcessor.java:54)
  at java.base/jdk.internal.reflect.DirectMethodHandleAccessor.invoke(DirectMethodHandleAccessor.java:104)
  at java.base/java.lang.reflect.Method.invoke(Method.java:565)
  at org.gradle.internal.dispatch.MethodInvocation.invokeOn(MethodInvocation.java:77)
  at org.gradle.internal.dispatch.ReflectionDispatch.dispatch(ReflectionDispatch.java:28)
  at org.gradle.internal.dispatch.ReflectionDispatch.dispatch(ReflectionDispatch.java:19)
  at org.gradle.internal.dispatch.ContextClassLoaderDispatch.dispatch(ContextClassLoaderDispatch.java:33)
  at org.gradle.internal.dispatch.ProxyDispatchAdapter$DispatchingInvocationHandler.invoke(ProxyDispatchAdapter.java:88)
  at jdk.proxy1/jdk.proxy1.$Proxy4.processTestDefinition(Unknown Source)
  at org.gradle.api.internal.tasks.testing.worker.TestWorker$2.run(TestWorker.java:178)
  at org.gradle.api.internal.tasks.testing.worker.TestWorker.executeAndMaintainThreadName(TestWorker.java:126)
  at org.gradle.api.internal.tasks.testing.worker.TestWorker.execute(TestWorker.java:103)
  at org.gradle.api.internal.tasks.testing.worker.TestWorker.execute(TestWorker.java:63)
  at org.gradle.process.internal.worker.child.ActionExecutionWorker.execute(ActionExecutionWorker.java:56)
  at org.gradle.process.internal.worker.child.SystemApplicationClassLoaderWorker.call(SystemApplicationClassLoaderWorker.java:122)
  at org.gradle.process.internal.worker.child.SystemApplicationClassLoaderWorker.call(SystemApplicationClassLoaderWorker.java:72)
  at worker.org.gradle.process.internal.worker.GradleWorkerMain.run(GradleWorkerMain.java:69)
  at worker.org.gradle.process.internal.worker.GradleWorkerMain.main(GradleWorkerMain.java:74)
</stacktrace>
</test-failure>


TypeScriptCompilerTests_E[jvm] > errorRecoveryInClassDeclaration_ts has expected errors matching errorRecoveryInClassDeclaration_errors_txt[jvm] FAILED

<test-failure test="com.xemantic.typescript.compiler.TypeScriptCompilerTests_E.exportAssignmentWithDeclareModifier_ts has expected errors matching exportAssignmentWithDeclareModifier_errors_txt" platform="jvm">
<message>
Expected diagnostics from baseline typescript-repo/tests/baselines/reference/exportAssignmentWithDeclareModifier.errors.txt but none produced
</message>
<stacktrace>
  at com.xemantic.typescript.compiler.TypeScriptTestSupportKt.errorsMatchBaseline(TypeScriptTestSupport.kt:125)
  at com.xemantic.typescript.compiler.TypeScriptCompilerTests_E.exportAssignmentWithDeclareModifier_ts has expected errors matching exportAssignmentWithDeclareModifier_errors_txt(TypeScriptCompilerTests_E.kt:4802)
  at java.base/jdk.internal.reflect.DirectMethodHandleAccessor.invoke(DirectMethodHandleAccessor.java:104)
  at java.base/java.lang.reflect.Method.invoke(Method.java:565)
  at org.junit.runners.model.FrameworkMethod$1.runReflectiveCall(FrameworkMethod.java:59)
  at org.junit.internal.runners.model.ReflectiveCallable.run(ReflectiveCallable.java:12)
  at org.junit.runners.model.FrameworkMethod.invokeExplosively(FrameworkMethod.java:56)
  at org.junit.internal.runners.statements.InvokeMethod.evaluate(InvokeMethod.java:17)
  at org.junit.runners.ParentRunner$3.evaluate(ParentRunner.java:306)
  at org.junit.runners.BlockJUnit4ClassRunner$1.evaluate(BlockJUnit4ClassRunner.java:100)
  at org.junit.runners.ParentRunner.runLeaf(ParentRunner.java:366)
  at org.junit.runners.BlockJUnit4ClassRunner.runChild(BlockJUnit4ClassRunner.java:103)
  at org.junit.runners.BlockJUnit4ClassRunner.runChild(BlockJUnit4ClassRunner.java:63)
  at org.junit.runners.ParentRunner$4.run(ParentRunner.java:331)
  at org.junit.runners.ParentRunner$1.schedule(ParentRunner.java:79)
  at org.junit.runners.ParentRunner.runChildren(ParentRunner.java:329)
  at org.junit.runners.ParentRunner.access$100(ParentRunner.java:66)
  at org.junit.runners.ParentRunner$2.evaluate(ParentRunner.java:293)
  at org.junit.runners.ParentRunner$3.evaluate(ParentRunner.java:306)
  at org.junit.runners.ParentRunner.run(ParentRunner.java:413)
  at org.junit.runner.JUnitCore.run(JUnitCore.java:137)
  at org.junit.runner.JUnitCore.run(JUnitCore.java:115)
  at org.gradle.api.internal.tasks.testing.junit.JUnitTestExecutor.runRequest(JUnitTestExecutor.java:175)
  at org.gradle.api.internal.tasks.testing.junit.JUnitTestExecutor.accept(JUnitTestExecutor.java:84)
  at org.gradle.api.internal.tasks.testing.junit.JUnitTestExecutor.accept(JUnitTestExecutor.java:47)
  at org.gradle.api.internal.tasks.testing.junit.AbstractJUnitTestDefinitionProcessor.processTestDefinition(AbstractJUnitTestDefinitionProcessor.java:65)
  at org.gradle.api.internal.tasks.testing.SuiteTestDefinitionProcessor.processTestDefinition(SuiteTestDefinitionProcessor.java:54)
  at java.base/jdk.internal.reflect.DirectMethodHandleAccessor.invoke(DirectMethodHandleAccessor.java:104)
  at java.base/java.lang.reflect.Method.invoke(Method.java:565)
  at org.gradle.internal.dispatch.MethodInvocation.invokeOn(MethodInvocation.java:77)
  at org.gradle.internal.dispatch.ReflectionDispatch.dispatch(ReflectionDispatch.java:28)
  at org.gradle.internal.dispatch.ReflectionDispatch.dispatch(ReflectionDispatch.java:19)
  at org.gradle.internal.dispatch.ContextClassLoaderDispatch.dispatch(ContextClassLoaderDispatch.java:33)
  at org.gradle.internal.dispatch.ProxyDispatchAdapter$DispatchingInvocationHandler.invoke(ProxyDispatchAdapter.java:88)
  at jdk.proxy1/jdk.proxy1.$Proxy4.processTestDefinition(Unknown Source)
  at org.gradle.api.internal.tasks.testing.worker.TestWorker$2.run(TestWorker.java:178)
  at org.gradle.api.internal.tasks.testing.worker.TestWorker.executeAndMaintainThreadName(TestWorker.java:126)
  at org.gradle.api.internal.tasks.testing.worker.TestWorker.execute(TestWorker.java:103)
  at org.gradle.api.internal.tasks.testing.worker.TestWorker.execute(TestWorker.java:63)
  at org.gradle.process.internal.worker.child.ActionExecutionWorker.execute(ActionExecutionWorker.java:56)
  at org.gradle.process.internal.worker.child.SystemApplicationClassLoaderWorker.call(SystemApplicationClassLoaderWorker.java:122)
  at org.gradle.process.internal.worker.child.SystemApplicationClassLoaderWorker.call(SystemApplicationClassLoaderWorker.java:72)
  at worker.org.gradle.process.internal.worker.GradleWorkerMain.run(GradleWorkerMain.java:69)
  at worker.org.gradle.process.internal.worker.GradleWorkerMain.main(GradleWorkerMain.java:74)
</stacktrace>
</test-failure>


TypeScriptCompilerTests_E[jvm] > exportAssignmentWithDeclareModifier_ts has expected errors matching exportAssignmentWithDeclareModifier_errors_txt[jvm] FAILED

<test-failure test="com.xemantic.typescript.compiler.TypeScriptCompilerTests_E.es6ImportDefaultBindingFollowedWithNamedImport1WithExport_ts__target_es2015__has expected errors matching baseline" platform="jvm">
<message>
--- expected
+++ actual
@@ -1,20 +1,14 @@
 client.ts(1,1): error TS1191: An import declaration cannot have modifiers.
 client.ts(2,12): error TS2323: Cannot redeclare exported variable 'x1'.
 client.ts(3,1): error TS1191: An import declaration cannot have modifiers.
-client.ts(3,34): error TS2614: Module '"./server"' has no exported member 'a'. Did you mean to use 'import a from "./server"' instead?
 client.ts(4,12): error TS2323: Cannot redeclare exported variable 'x1'.
 client.ts(5,1): error TS1191: An import declaration cannot have modifiers.
-client.ts(5,34): error TS2614: Module '"./server"' has no exported member 'a'. Did you mean to use 'import a from "./server"' instead?
 client.ts(6,12): error TS2323: Cannot redeclare exported variable 'x1'.
 client.ts(7,1): error TS1191: An import declaration cannot have modifiers.
-client.ts(7,34): error TS2614: Module '"./server"' has no exported member 'x'. Did you mean to use 'import x from "./server"' instead?
-client.ts(7,37): error TS2614: Module '"./server"' has no exported member 'a'. Did you mean to use 'import a from "./server"' instead?
 client.ts(8,12): error TS2323: Cannot redeclare exported variable 'x1'.
 client.ts(9,1): error TS1191: An import declaration cannot have modifiers.
-client.ts(9,34): error TS2614: Module '"./server"' has no exported member 'x'. Did you mean to use 'import x from "./server"' instead?
 client.ts(10,12): error TS2323: Cannot redeclare exported variable 'x1'.
 client.ts(11,1): error TS1191: An import declaration cannot have modifiers.
-client.ts(11,34): error TS2614: Module '"./server"' has no exported member 'm'. Did you mean to use 'import m from "./server"' instead?
 client.ts(12,12): error TS2323: Cannot redeclare exported variable 'x1'.
 
 
@@ -22,7 +16,7 @@
     var a = 10;
     export default a;
     
-==== client.ts (18 errors) ====
+==== client.ts (12 errors) ====
     export import defaultBinding1, { } from "./server";
     ~~~~~~
 !!! error TS1191: An import declaration cannot have modifiers.
@@ -32,42 +26,30 @@
     export import defaultBinding2, { a } from "./server";
     ~~~~~~
 !!! error TS1191: An import declaration cannot have modifiers.
-                                     ~
-!!! error TS2614: Module '"./server"' has no exported member 'a'. Did you mean to use 'import a from "./server"' instead?
     export var x1: number = defaultBinding2;
                ~~
 !!! error TS2323: Cannot redeclare exported variable 'x1'.
     export import defaultBinding3, { a as b } from "./server";
     ~~~~~~
 !!! error TS1191: An import declaration cannot have modifiers.
-                                     ~
-!!! error TS2614: Module '"./server"' has no exported member 'a'. Did you mean to use 'import a from "./server"' instead?
     export var x1: number = defaultBinding3;
                ~~
 !!! error TS2323: Cannot redeclare exported variable 'x1'.
     export import defaultBinding4, { x, a as y } from "./server";
     ~~~~~~
 !!! error TS1191: An import declaration cannot have modifiers.
-                                     ~
-!!! error TS2614: Module '"./server"' has no exported member 'x'. Did you mean to use 'import x from "./server"' instead?
-                                        ~
-!!! error TS2614: Module '"./server"' has no exported member 'a'. Did you mean to use 'import a from "./server"' instead?
     export var x1: number = defaultBinding4;
                ~~
 !!! error TS2323: Cannot redeclare exported variable 'x1'.
     export import defaultBinding5, { x as z,  } from "./server";
     ~~~~~~
 !!! error TS1191: An import declaration cannot have modifiers.
-                                     ~
-!!! error TS2614: Module '"./server"' has no exported member 'x'. Did you mean to use 'import x from "./server"' instead?
     export var x1: number = defaultBinding5;
                ~~
 !!! error TS2323: Cannot redeclare exported variable 'x1'.
     export import defaultBinding6, { m,  } from "./server";
     ~~~~~~
 !!! error TS1191: An import declaration cannot have modifiers.
-                                     ~
-!!! error TS2614: Module '"./server"' has no exported member 'm'. Did you mean to use 'import m from "./server"' instead?
     export var x1: number = defaultBinding6;
                ~~
 !!! error TS2323: Cannot redeclare exported variable 'x1'.

</message>
<stacktrace>
  at org.junit.Assert.fail(Assert.java:89)
  at kotlin.test.junit.JUnitAsserter.fail(JUnitSupport.kt:56)
  at kotlin.test.AssertionsKt__AssertionsKt.fail(Assertions.kt:563)
  at kotlin.test.AssertionsKt.fail(Unknown Source)
  at com.xemantic.kotlin.test.SameAsKt.sameAs(SameAs.kt:52)
  at com.xemantic.typescript.compiler.TypeScriptTestSupportKt.errorsMatchBaseline(TypeScriptTestSupport.kt:135)
  at com.xemantic.typescript.compiler.TypeScriptCompilerTests_E.es6ImportDefaultBindingFollowedWithNamedImport1WithExport_ts__target_es2015__has expected errors matching baseline(TypeScriptCompilerTests_E.kt:3157)
  at java.base/jdk.internal.reflect.DirectMethodHandleAccessor.invoke(DirectMethodHandleAccessor.java:104)
  at java.base/java.lang.reflect.Method.invoke(Method.java:565)
  at org.junit.runners.model.FrameworkMethod$1.runReflectiveCall(FrameworkMethod.java:59)
  at org.junit.internal.runners.model.ReflectiveCallable.run(ReflectiveCallable.java:12)
  at org.junit.runners.model.FrameworkMethod.invokeExplosively(FrameworkMethod.java:56)
  at org.junit.internal.runners.statements.InvokeMethod.evaluate(InvokeMethod.java:17)
  at org.junit.runners.ParentRunner$3.evaluate(ParentRunner.java:306)
  at org.junit.runners.BlockJUnit4ClassRunner$1.evaluate(BlockJUnit4ClassRunner.java:100)
  at org.junit.runners.ParentRunner.runLeaf(ParentRunner.java:366)
  at org.junit.runners.BlockJUnit4ClassRunner.runChild(BlockJUnit4ClassRunner.java:103)
  at org.junit.runners.BlockJUnit4ClassRunner.runChild(BlockJUnit4ClassRunner.java:63)
  at org.junit.runners.ParentRunner$4.run(ParentRunner.java:331)
  at org.junit.runners.ParentRunner$1.schedule(ParentRunner.java:79)
  at org.junit.runners.ParentRunner.runChildren(ParentRunner.java:329)
  at org.junit.runners.ParentRunner.access$100(ParentRunner.java:66)
  at org.junit.runners.ParentRunner$2.evaluate(ParentRunner.java:293)
  at org.junit.runners.ParentRunner$3.evaluate(ParentRunner.java:306)
  at org.junit.runners.ParentRunner.run(ParentRunner.java:413)
  at org.junit.runner.JUnitCore.run(JUnitCore.java:137)
  at org.junit.runner.JUnitCore.run(JUnitCore.java:115)
  at org.gradle.api.internal.tasks.testing.junit.JUnitTestExecutor.runRequest(JUnitTestExecutor.java:175)
  at org.gradle.api.internal.tasks.testing.junit.JUnitTestExecutor.accept(JUnitTestExecutor.java:84)
  at org.gradle.api.internal.tasks.testing.junit.JUnitTestExecutor.accept(JUnitTestExecutor.java:47)
  at org.gradle.api.internal.tasks.testing.junit.AbstractJUnitTestDefinitionProcessor.processTestDefinition(AbstractJUnitTestDefinitionProcessor.java:65)
  at org.gradle.api.internal.tasks.testing.SuiteTestDefinitionProcessor.processTestDefinition(SuiteTestDefinitionProcessor.java:54)
  at java.base/jdk.internal.reflect.DirectMethodHandleAccessor.invoke(DirectMethodHandleAccessor.java:104)
  at java.base/java.lang.reflect.Method.invoke(Method.java:565)
  at org.gradle.internal.dispatch.MethodInvocation.invokeOn(MethodInvocation.java:77)
  at org.gradle.internal.dispatch.ReflectionDispatch.dispatch(ReflectionDispatch.java:28)
  at org.gradle.internal.dispatch.ReflectionDispatch.dispatch(ReflectionDispatch.java:19)
  at org.gradle.internal.dispatch.ContextClassLoaderDispatch.dispatch(ContextClassLoaderDispatch.java:33)
  at org.gradle.internal.dispatch.ProxyDispatchAdapter$DispatchingInvocationHandler.invoke(ProxyDispatchAdapter.java:88)
  at jdk.proxy1/jdk.proxy1.$Proxy4.processTestDefinition(Unknown Source)
  at org.gradle.api.internal.tasks.testing.worker.TestWorker$2.run(TestWorker.java:178)
  at org.gradle.api.internal.tasks.testing.worker.TestWorker.executeAndMaintainThreadName(TestWorker.java:126)
  at org.gradle.api.internal.tasks.testing.worker.TestWorker.execute(TestWorker.java:103)
  at org.gradle.api.internal.tasks.testing.worker.TestWorker.execute(TestWorker.java:63)
  at org.gradle.process.internal.worker.child.ActionExecutionWorker.execute(ActionExecutionWorker.java:56)
  at org.gradle.process.internal.worker.child.SystemApplicationClassLoaderWorker.call(SystemApplicationClassLoaderWorker.java:122)
  at org.gradle.process.internal.worker.child.SystemApplicationClassLoaderWorker.call(SystemApplicationClassLoaderWorker.java:72)
  at worker.org.gradle.process.internal.worker.GradleWorkerMain.run(GradleWorkerMain.java:69)
  at worker.org.gradle.process.internal.worker.GradleWorkerMain.main(GradleWorkerMain.java:74)
</stacktrace>
</test-failure>


TypeScriptCompilerTests_E[jvm] > es6ImportDefaultBindingFollowedWithNamedImport1WithExport_ts__target_es2015__has expected errors matching baseline[jvm] FAILED

<test-failure test="com.xemantic.typescript.compiler.TypeScriptCompilerTests_E.esmModeDeclarationFileWithExportAssignment_ts has expected errors matching esmModeDeclarationFileWithExportAssignment_errors_txt" platform="jvm">
<message>
Expected diagnostics from baseline typescript-repo/tests/baselines/reference/esmModeDeclarationFileWithExportAssignment.errors.txt but none produced
</message>
<stacktrace>
  at com.xemantic.typescript.compiler.TypeScriptTestSupportKt.errorsMatchBaseline(TypeScriptTestSupport.kt:125)
  at com.xemantic.typescript.compiler.TypeScriptCompilerTests_E.esmModeDeclarationFileWithExportAssignment_ts has expected errors matching esmModeDeclarationFileWithExportAssignment_errors_txt(TypeScriptCompilerTests_E.kt:4137)
  at java.base/jdk.internal.reflect.DirectMethodHandleAccessor.invoke(DirectMethodHandleAccessor.java:104)
  at java.base/java.lang.reflect.Method.invoke(Method.java:565)
  at org.junit.runners.model.FrameworkMethod$1.runReflectiveCall(FrameworkMethod.java:59)
  at org.junit.internal.runners.model.ReflectiveCallable.run(ReflectiveCallable.java:12)
  at org.junit.runners.model.FrameworkMethod.invokeExplosively(FrameworkMethod.java:56)
  at org.junit.internal.runners.statements.InvokeMethod.evaluate(InvokeMethod.java:17)
  at org.junit.runners.ParentRunner$3.evaluate(ParentRunner.java:306)
  at org.junit.runners.BlockJUnit4ClassRunner$1.evaluate(BlockJUnit4ClassRunner.java:100)
  at org.junit.runners.ParentRunner.runLeaf(ParentRunner.java:366)
  at org.junit.runners.BlockJUnit4ClassRunner.runChild(BlockJUnit4ClassRunner.java:103)
  at org.junit.runners.BlockJUnit4ClassRunner.runChild(BlockJUnit4ClassRunner.java:63)
  at org.junit.runners.ParentRunner$4.run(ParentRunner.java:331)
  at org.junit.runners.ParentRunner$1.schedule(ParentRunner.java:79)
  at org.junit.runners.ParentRunner.runChildren(ParentRunner.java:329)
  at org.junit.runners.ParentRunner.access$100(ParentRunner.java:66)
  at org.junit.runners.ParentRunner$2.evaluate(ParentRunner.java:293)
  at org.junit.runners.ParentRunner$3.evaluate(ParentRunner.java:306)
  at org.junit.runners.ParentRunner.run(ParentRunner.java:413)
  at org.junit.runner.JUnitCore.run(JUnitCore.java:137)
  at org.junit.runner.JUnitCore.run(JUnitCore.java:115)
  at org.gradle.api.internal.tasks.testing.junit.JUnitTestExecutor.runRequest(JUnitTestExecutor.java:175)
  at org.gradle.api.internal.tasks.testing.junit.JUnitTestExecutor.accept(JUnitTestExecutor.java:84)
  at org.gradle.api.internal.tasks.testing.junit.JUnitTestExecutor.accept(JUnitTestExecutor.java:47)
  at org.gradle.api.internal.tasks.testing.junit.AbstractJUnitTestDefinitionProcessor.processTestDefinition(AbstractJUnitTestDefinitionProcessor.java:65)
  at org.gradle.api.internal.tasks.testing.SuiteTestDefinitionProcessor.processTestDefinition(SuiteTestDefinitionProcessor.java:54)
  at java.base/jdk.internal.reflect.DirectMethodHandleAccessor.invoke(DirectMethodHandleAccessor.java:104)
  at java.base/java.lang.reflect.Method.invoke(Method.java:565)
  at org.gradle.internal.dispatch.MethodInvocation.invokeOn(MethodInvocation.java:77)
  at org.gradle.internal.dispatch.ReflectionDispatch.dispatch(ReflectionDispatch.java:28)
  at org.gradle.internal.dispatch.ReflectionDispatch.dispatch(ReflectionDispatch.java:19)
  at org.gradle.internal.dispatch.ContextClassLoaderDispatch.dispatch(ContextClassLoaderDispatch.java:33)
  at org.gradle.internal.dispatch.ProxyDispatchAdapter$DispatchingInvocationHandler.invoke(ProxyDispatchAdapter.java:88)
  at jdk.proxy1/jdk.proxy1.$Proxy4.processTestDefinition(Unknown Source)
  at org.gradle.api.internal.tasks.testing.worker.TestWorker$2.run(TestWorker.java:178)
  at org.gradle.api.internal.tasks.testing.worker.TestWorker.executeAndMaintainThreadName(TestWorker.java:126)
  at org.gradle.api.internal.tasks.testing.worker.TestWorker.execute(TestWorker.java:103)
  at org.gradle.api.internal.tasks.testing.worker.TestWorker.execute(TestWorker.java:63)
  at org.gradle.process.internal.worker.child.ActionExecutionWorker.execute(ActionExecutionWorker.java:56)
  at org.gradle.process.internal.worker.child.SystemApplicationClassLoaderWorker.call(SystemApplicationClassLoaderWorker.java:122)
  at org.gradle.process.internal.worker.child.SystemApplicationClassLoaderWorker.call(SystemApplicationClassLoaderWorker.java:72)
  at worker.org.gradle.process.internal.worker.GradleWorkerMain.run(GradleWorkerMain.java:69)
  at worker.org.gradle.process.internal.worker.GradleWorkerMain.main(GradleWorkerMain.java:74)
</stacktrace>
</test-failure>


TypeScriptCompilerTests_E[jvm] > esmModeDeclarationFileWithExportAssignment_ts has expected errors matching esmModeDeclarationFileWithExportAssignment_errors_txt[jvm] FAILED

<test-failure test="com.xemantic.typescript.compiler.TypeScriptCompilerTests_E.exportSpecifierReferencingOuterDeclaration4_ts has expected errors matching exportSpecifierReferencingOuterDeclaration4_errors_txt" platform="jvm">
<message>
Expected diagnostics from baseline typescript-repo/tests/baselines/reference/exportSpecifierReferencingOuterDeclaration4.errors.txt but none produced
</message>
<stacktrace>
  at com.xemantic.typescript.compiler.TypeScriptTestSupportKt.errorsMatchBaseline(TypeScriptTestSupport.kt:125)
  at com.xemantic.typescript.compiler.TypeScriptCompilerTests_E.exportSpecifierReferencingOuterDeclaration4_ts has expected errors matching exportSpecifierReferencingOuterDeclaration4_errors_txt(TypeScriptCompilerTests_E.kt:5901)
  at java.base/jdk.internal.reflect.DirectMethodHandleAccessor.invoke(DirectMethodHandleAccessor.java:104)
  at java.base/java.lang.reflect.Method.invoke(Method.java:565)
  at org.junit.runners.model.FrameworkMethod$1.runReflectiveCall(FrameworkMethod.java:59)
  at org.junit.internal.runners.model.ReflectiveCallable.run(ReflectiveCallable.java:12)
  at org.junit.runners.model.FrameworkMethod.invokeExplosively(FrameworkMethod.java:56)
  at org.junit.internal.runners.statements.InvokeMethod.evaluate(InvokeMethod.java:17)
  at org.junit.runners.ParentRunner$3.evaluate(ParentRunner.java:306)
  at org.junit.runners.BlockJUnit4ClassRunner$1.evaluate(BlockJUnit4ClassRunner.java:100)
  at org.junit.runners.ParentRunner.runLeaf(ParentRunner.java:366)
  at org.junit.runners.BlockJUnit4ClassRunner.runChild(BlockJUnit4ClassRunner.java:103)
  at org.junit.runners.BlockJUnit4ClassRunner.runChild(BlockJUnit4ClassRunner.java:63)
  at org.junit.runners.ParentRunner$4.run(ParentRunner.java:331)
  at org.junit.runners.ParentRunner$1.schedule(ParentRunner.java:79)
  at org.junit.runners.ParentRunner.runChildren(ParentRunner.java:329)
  at org.junit.runners.ParentRunner.access$100(ParentRunner.java:66)
  at org.junit.runners.ParentRunner$2.evaluate(ParentRunner.java:293)
  at org.junit.runners.ParentRunner$3.evaluate(ParentRunner.java:306)
  at org.junit.runners.ParentRunner.run(ParentRunner.java:413)
  at org.junit.runner.JUnitCore.run(JUnitCore.java:137)
  at org.junit.runner.JUnitCore.run(JUnitCore.java:115)
  at org.gradle.api.internal.tasks.testing.junit.JUnitTestExecutor.runRequest(JUnitTestExecutor.java:175)
  at org.gradle.api.internal.tasks.testing.junit.JUnitTestExecutor.accept(JUnitTestExecutor.java:84)
  at org.gradle.api.internal.tasks.testing.junit.JUnitTestExecutor.accept(JUnitTestExecutor.java:47)
  at org.gradle.api.internal.tasks.testing.junit.AbstractJUnitTestDefinitionProcessor.processTestDefinition(AbstractJUnitTestDefinitionProcessor.java:65)
  at org.gradle.api.internal.tasks.testing.SuiteTestDefinitionProcessor.processTestDefinition(SuiteTestDefinitionProcessor.java:54)
  at java.base/jdk.internal.reflect.DirectMethodHandleAccessor.invoke(DirectMethodHandleAccessor.java:104)
  at java.base/java.lang.reflect.Method.invoke(Method.java:565)
  at org.gradle.internal.dispatch.MethodInvocation.invokeOn(MethodInvocation.java:77)
  at org.gradle.internal.dispatch.ReflectionDispatch.dispatch(ReflectionDispatch.java:28)
  at org.gradle.internal.dispatch.ReflectionDispatch.dispatch(ReflectionDispatch.java:19)
  at org.gradle.internal.dispatch.ContextClassLoaderDispatch.dispatch(ContextClassLoaderDispatch.java:33)
  at org.gradle.internal.dispatch.ProxyDispatchAdapter$DispatchingInvocationHandler.invoke(ProxyDispatchAdapter.java:88)
  at jdk.proxy1/jdk.proxy1.$Proxy4.processTestDefinition(Unknown Source)
  at org.gradle.api.internal.tasks.testing.worker.TestWorker$2.run(TestWorker.java:178)
  at org.gradle.api.internal.tasks.testing.worker.TestWorker.executeAndMaintainThreadName(TestWorker.java:126)
  at org.gradle.api.internal.tasks.testing.worker.TestWorker.execute(TestWorker.java:103)
  at org.gradle.api.internal.tasks.testing.worker.TestWorker.execute(TestWorker.java:63)
  at org.gradle.process.internal.worker.child.ActionExecutionWorker.execute(ActionExecutionWorker.java:56)
  at org.gradle.process.internal.worker.child.SystemApplicationClassLoaderWorker.call(SystemApplicationClassLoaderWorker.java:122)
  at org.gradle.process.internal.worker.child.SystemApplicationClassLoaderWorker.call(SystemApplicationClassLoaderWorker.java:72)
  at worker.org.gradle.process.internal.worker.GradleWorkerMain.run(GradleWorkerMain.java:69)
  at worker.org.gradle.process.internal.worker.GradleWorkerMain.main(GradleWorkerMain.java:74)
</stacktrace>
</test-failure>


TypeScriptCompilerTests_E[jvm] > exportSpecifierReferencingOuterDeclaration4_ts has expected errors matching exportSpecifierReferencingOuterDeclaration4_errors_txt[jvm] FAILED

<test-failure test="com.xemantic.typescript.compiler.TypeScriptCompilerTests_E.errorLocationForInterfaceExtension_ts has expected errors matching errorLocationForInterfaceExtension_errors_txt" platform="jvm">
<message>
Expected diagnostics from baseline typescript-repo/tests/baselines/reference/errorLocationForInterfaceExtension.errors.txt but none produced
</message>
<stacktrace>
  at com.xemantic.typescript.compiler.TypeScriptTestSupportKt.errorsMatchBaseline(TypeScriptTestSupport.kt:125)
  at com.xemantic.typescript.compiler.TypeScriptCompilerTests_E.errorLocationForInterfaceExtension_ts has expected errors matching errorLocationForInterfaceExtension_errors_txt(TypeScriptCompilerTests_E.kt:1456)
  at java.base/jdk.internal.reflect.DirectMethodHandleAccessor.invoke(DirectMethodHandleAccessor.java:104)
  at java.base/java.lang.reflect.Method.invoke(Method.java:565)
  at org.junit.runners.model.FrameworkMethod$1.runReflectiveCall(FrameworkMethod.java:59)
  at org.junit.internal.runners.model.ReflectiveCallable.run(ReflectiveCallable.java:12)
  at org.junit.runners.model.FrameworkMethod.invokeExplosively(FrameworkMethod.java:56)
  at org.junit.internal.runners.statements.InvokeMethod.evaluate(InvokeMethod.java:17)
  at org.junit.runners.ParentRunner$3.evaluate(ParentRunner.java:306)
  at org.junit.runners.BlockJUnit4ClassRunner$1.evaluate(BlockJUnit4ClassRunner.java:100)
  at org.junit.runners.ParentRunner.runLeaf(ParentRunner.java:366)
  at org.junit.runners.BlockJUnit4ClassRunner.runChild(BlockJUnit4ClassRunner.java:103)
  at org.junit.runners.BlockJUnit4ClassRunner.runChild(BlockJUnit4ClassRunner.java:63)
  at org.junit.runners.ParentRunner$4.run(ParentRunner.java:331)
  at org.junit.runners.ParentRunner$1.schedule(ParentRunner.java:79)
  at org.junit.runners.ParentRunner.runChildren(ParentRunner.java:329)
  at org.junit.runners.ParentRunner.access$100(ParentRunner.java:66)
  at org.junit.runners.ParentRunner$2.evaluate(ParentRunner.java:293)
  at org.junit.runners.ParentRunner$3.evaluate(ParentRunner.java:306)
  at org.junit.runners.ParentRunner.run(ParentRunner.java:413)
  at org.junit.runner.JUnitCore.run(JUnitCore.java:137)
  at org.junit.runner.JUnitCore.run(JUnitCore.java:115)
  at org.gradle.api.internal.tasks.testing.junit.JUnitTestExecutor.runRequest(JUnitTestExecutor.java:175)
  at org.gradle.api.internal.tasks.testing.junit.JUnitTestExecutor.accept(JUnitTestExecutor.java:84)
  at org.gradle.api.internal.tasks.testing.junit.JUnitTestExecutor.accept(JUnitTestExecutor.java:47)
  at org.gradle.api.internal.tasks.testing.junit.AbstractJUnitTestDefinitionProcessor.processTestDefinition(AbstractJUnitTestDefinitionProcessor.java:65)
  at org.gradle.api.internal.tasks.testing.SuiteTestDefinitionProcessor.processTestDefinition(SuiteTestDefinitionProcessor.java:54)
  at java.base/jdk.internal.reflect.DirectMethodHandleAccessor.invoke(DirectMethodHandleAccessor.java:104)
  at java.base/java.lang.reflect.Method.invoke(Method.java:565)
  at org.gradle.internal.dispatch.MethodInvocation.invokeOn(MethodInvocation.java:77)
  at org.gradle.internal.dispatch.ReflectionDispatch.dispatch(ReflectionDispatch.java:28)
  at org.gradle.internal.dispatch.ReflectionDispatch.dispatch(ReflectionDispatch.java:19)
  at org.gradle.internal.dispatch.ContextClassLoaderDispatch.dispatch(ContextClassLoaderDispatch.java:33)
  at org.gradle.internal.dispatch.ProxyDispatchAdapter$DispatchingInvocationHandler.invoke(ProxyDispatchAdapter.java:88)
  at jdk.proxy1/jdk.proxy1.$Proxy4.processTestDefinition(Unknown Source)
  at org.gradle.api.internal.tasks.testing.worker.TestWorker$2.run(TestWorker.java:178)
  at org.gradle.api.internal.tasks.testing.worker.TestWorker.executeAndMaintainThreadName(TestWorker.java:126)
  at org.gradle.api.internal.tasks.testing.worker.TestWorker.execute(TestWorker.java:103)
  at org.gradle.api.internal.tasks.testing.worker.TestWorker.execute(TestWorker.java:63)
  at org.gradle.process.internal.worker.child.ActionExecutionWorker.execute(ActionExecutionWorker.java:56)
  at org.gradle.process.internal.worker.child.SystemApplicationClassLoaderWorker.call(SystemApplicationClassLoaderWorker.java:122)
  at org.gradle.process.internal.worker.child.SystemApplicationClassLoaderWorker.call(SystemApplicationClassLoaderWorker.java:72)
  at worker.org.gradle.process.internal.worker.GradleWorkerMain.run(GradleWorkerMain.java:69)
  at worker.org.gradle.process.internal.worker.GradleWorkerMain.main(GradleWorkerMain.java:74)
</stacktrace>
</test-failure>


TypeScriptCompilerTests_E[jvm] > errorLocationForInterfaceExtension_ts has expected errors matching errorLocationForInterfaceExtension_errors_txt[jvm] FAILED

<test-failure test="com.xemantic.typescript.compiler.TypeScriptCompilerTests_E.errorForUsingPropertyOfTypeAsType01_ts has expected errors matching errorForUsingPropertyOfTypeAsType01_errors_txt" platform="jvm">
<message>
--- expected
+++ actual
@@ -1,30 +1,14 @@
-errorForUsingPropertyOfTypeAsType01.ts(6,12): error TS2713: Cannot access 'Foo.bar' because 'Foo' is a type, but not a namespace. Did you mean to retrieve the type of the property 'bar' in 'Foo' with 'Foo["bar"]'?
-errorForUsingPropertyOfTypeAsType01.ts(7,22): error TS2713: Cannot access 'Foo.bar' because 'Foo' is a type, but not a namespace. Did you mean to retrieve the type of the property 'bar' in 'Foo' with 'Foo["bar"]'?
 errorForUsingPropertyOfTypeAsType01.ts(12,9): error TS2564: Property 'bar' has no initializer and is not definitely assigned in the constructor.
-errorForUsingPropertyOfTypeAsType01.ts(15,12): error TS2713: Cannot access 'Foo.bar' because 'Foo' is a type, but not a namespace. Did you mean to retrieve the type of the property 'bar' in 'Foo' with 'Foo["bar"]'?
-errorForUsingPropertyOfTypeAsType01.ts(16,22): error TS2713: Cannot access 'Foo.bar' because 'Foo' is a type, but not a namespace. Did you mean to retrieve the type of the property 'bar' in 'Foo' with 'Foo["bar"]'?
-errorForUsingPropertyOfTypeAsType01.ts(24,12): error TS2713: Cannot access 'Foo.bar' because 'Foo' is a type, but not a namespace. Did you mean to retrieve the type of the property 'bar' in 'Foo' with 'Foo["bar"]'?
-errorForUsingPropertyOfTypeAsType01.ts(25,22): error TS2713: Cannot access 'Foo.bar' because 'Foo' is a type, but not a namespace. Did you mean to retrieve the type of the property 'bar' in 'Foo' with 'Foo["bar"]'?
-errorForUsingPropertyOfTypeAsType01.ts(32,12): error TS2713: Cannot access 'Foo.bar' because 'Foo' is a type, but not a namespace. Did you mean to retrieve the type of the property 'bar' in 'Foo' with 'Foo["bar"]'?
-errorForUsingPropertyOfTypeAsType01.ts(33,22): error TS2713: Cannot access 'Foo.bar' because 'Foo' is a type, but not a namespace. Did you mean to retrieve the type of the property 'bar' in 'Foo' with 'Foo["bar"]'?
-errorForUsingPropertyOfTypeAsType01.ts(40,12): error TS2702: 'Foo' only refers to a type, but is being used as a namespace here.
-errorForUsingPropertyOfTypeAsType01.ts(41,22): error TS2713: Cannot access 'Foo.bar' because 'Foo' is a type, but not a namespace. Did you mean to retrieve the type of the property 'bar' in 'Foo' with 'Foo["bar"]'?
-errorForUsingPropertyOfTypeAsType01.ts(44,24): error TS1003: Identifier expected.
-errorForUsingPropertyOfTypeAsType01.ts(44,24): error TS2713: Cannot access 'Foo.' because 'Foo' is a type, but not a namespace. Did you mean to retrieve the type of the property '' in 'Foo' with 'Foo[""]'?
 
 
-==== errorForUsingPropertyOfTypeAsType01.ts (13 errors) ====
+==== errorForUsingPropertyOfTypeAsType01.ts (1 errors) ====
     namespace Test1 {
         export interface Foo {
             bar: string;
         }
     
         var x: Foo.bar = "";
-               ~~~~~~~
-!!! error TS2713: Cannot access 'Foo.bar' because 'Foo' is a type, but not a namespace. Did you mean to retrieve the type of the property 'bar' in 'Foo' with 'Foo["bar"]'?
         var y: Test1.Foo.bar = "";
-                         ~~~
-!!! error TS2713: Cannot access 'Foo.bar' because 'Foo' is a type, but not a namespace. Did you mean to retrieve the type of the property 'bar' in 'Foo' with 'Foo["bar"]'?
     }
     
     namespace Test2 {
@@ -35,11 +19,7 @@
         }
     
         var x: Foo.bar = "";
-               ~~~~~~~
-!!! error TS2713: Cannot access 'Foo.bar' because 'Foo' is a type, but not a namespace. Did you mean to retrieve the type of the property 'bar' in 'Foo' with 'Foo["bar"]'?
         var y: Test2.Foo.bar = "";
-                         ~~~
-!!! error TS2713: Cannot access 'Foo.bar' because 'Foo' is a type, but not a namespace. Did you mean to retrieve the type of the property 'bar' in 'Foo' with 'Foo["bar"]'?
     }
     
     namespace Test3 {
@@ -48,11 +28,7 @@
         }
     
         var x: Foo.bar = "";
-               ~~~~~~~
-!!! error TS2713: Cannot access 'Foo.bar' because 'Foo' is a type, but not a namespace. Did you mean to retrieve the type of the property 'bar' in 'Foo' with 'Foo["bar"]'?
         var y: Test3.Foo.bar = "";
-                         ~~~
-!!! error TS2713: Cannot access 'Foo.bar' because 'Foo' is a type, but not a namespace. Did you mean to retrieve the type of the property 'bar' in 'Foo' with 'Foo["bar"]'?
     }
     
     namespace Test4 {
@@ -60,11 +36,7 @@
                         | { bar: string }
     
         var x: Foo.bar = "";
-               ~~~~~~~
-!!! error TS2713: Cannot access 'Foo.bar' because 'Foo' is a type, but not a namespace. Did you mean to retrieve the type of the property 'bar' in 'Foo' with 'Foo["bar"]'?
         var y: Test4.Foo.bar = "";
-                         ~~~
-!!! error TS2713: Cannot access 'Foo.bar' because 'Foo' is a type, but not a namespace. Did you mean to retrieve the type of the property 'bar' in 'Foo' with 'Foo["bar"]'?
     }
     
     namespace Test5 {
@@ -72,15 +44,7 @@
                         | { wat: string }
     
         var x: Foo.bar = "";
-               ~~~
-!!! error TS2702: 'Foo' only refers to a type, but is being used as a namespace here.
         var y: Test5.Foo.bar = "";
-                         ~~~
-!!! error TS2713: Cannot access 'Foo.bar' because 'Foo' is a type, but not a namespace. Did you mean to retrieve the type of the property 'bar' in 'Foo' with 'Foo["bar"]'?
     }
     
     import lol = Test5.Foo.
-                           
-!!! error TS1003: Identifier expected.
-                           
-!!! error TS2713: Cannot access 'Foo.' because 'Foo' is a type, but not a namespace. Did you mean to retrieve the type of the property '' in 'Foo' with 'Foo[""]'?

</message>
<stacktrace>
  at org.junit.Assert.fail(Assert.java:89)
  at kotlin.test.junit.JUnitAsserter.fail(JUnitSupport.kt:56)
  at kotlin.test.AssertionsKt__AssertionsKt.fail(Assertions.kt:563)
  at kotlin.test.AssertionsKt.fail(Unknown Source)
  at com.xemantic.kotlin.test.SameAsKt.sameAs(SameAs.kt:52)
  at com.xemantic.typescript.compiler.TypeScriptTestSupportKt.errorsMatchBaseline(TypeScriptTestSupport.kt:135)
  at com.xemantic.typescript.compiler.TypeScriptCompilerTests_E.errorForUsingPropertyOfTypeAsType01_ts has expected errors matching errorForUsingPropertyOfTypeAsType01_errors_txt(TypeScriptCompilerTests_E.kt:1365)
  at java.base/jdk.internal.reflect.DirectMethodHandleAccessor.invoke(DirectMethodHandleAccessor.java:104)
  at java.base/java.lang.reflect.Method.invoke(Method.java:565)
  at org.junit.runners.model.FrameworkMethod$1.runReflectiveCall(FrameworkMethod.java:59)
  at org.junit.internal.runners.model.ReflectiveCallable.run(ReflectiveCallable.java:12)
  at org.junit.runners.model.FrameworkMethod.invokeExplosively(FrameworkMethod.java:56)
  at org.junit.internal.runners.statements.InvokeMethod.evaluate(InvokeMethod.java:17)
  at org.junit.runners.ParentRunner$3.evaluate(ParentRunner.java:306)
  at org.junit.runners.BlockJUnit4ClassRunner$1.evaluate(BlockJUnit4ClassRunner.java:100)
  at org.junit.runners.ParentRunner.runLeaf(ParentRunner.java:366)
  at org.junit.runners.BlockJUnit4ClassRunner.runChild(BlockJUnit4ClassRunner.java:103)
  at org.junit.runners.BlockJUnit4ClassRunner.runChild(BlockJUnit4ClassRunner.java:63)
  at org.junit.runners.ParentRunner$4.run(ParentRunner.java:331)
  at org.junit.runners.ParentRunner$1.schedule(ParentRunner.java:79)
  at org.junit.runners.ParentRunner.runChildren(ParentRunner.java:329)
  at org.junit.runners.ParentRunner.access$100(ParentRunner.java:66)
  at org.junit.runners.ParentRunner$2.evaluate(ParentRunner.java:293)
  at org.junit.runners.ParentRunner$3.evaluate(ParentRunner.java:306)
  at org.junit.runners.ParentRunner.run(ParentRunner.java:413)
  at org.junit.runner.JUnitCore.run(JUnitCore.java:137)
  at org.junit.runner.JUnitCore.run(JUnitCore.java:115)
  at org.gradle.api.internal.tasks.testing.junit.JUnitTestExecutor.runRequest(JUnitTestExecutor.java:175)
  at org.gradle.api.internal.tasks.testing.junit.JUnitTestExecutor.accept(JUnitTestExecutor.java:84)
  at org.gradle.api.internal.tasks.testing.junit.JUnitTestExecutor.accept(JUnitTestExecutor.java:47)
  at org.gradle.api.internal.tasks.testing.junit.AbstractJUnitTestDefinitionProcessor.processTestDefinition(AbstractJUnitTestDefinitionProcessor.java:65)
  at org.gradle.api.internal.tasks.testing.SuiteTestDefinitionProcessor.processTestDefinition(SuiteTestDefinitionProcessor.java:54)
  at java.base/jdk.internal.reflect.DirectMethodHandleAccessor.invoke(DirectMethodHandleAccessor.java:104)
  at java.base/java.lang.reflect.Method.invoke(Method.java:565)
  at org.gradle.internal.dispatch.MethodInvocation.invokeOn(MethodInvocation.java:77)
  at org.gradle.internal.dispatch.ReflectionDispatch.dispatch(ReflectionDispatch.java:28)
  at org.gradle.internal.dispatch.ReflectionDispatch.dispatch(ReflectionDispatch.java:19)
  at org.gradle.internal.dispatch.ContextClassLoaderDispatch.dispatch(ContextClassLoaderDispatch.java:33)
  at org.gradle.internal.dispatch.ProxyDispatchAdapter$DispatchingInvocationHandler.invoke(ProxyDispatchAdapter.java:88)
  at jdk.proxy1/jdk.proxy1.$Proxy4.processTestDefinition(Unknown Source)
  at org.gradle.api.internal.tasks.testing.worker.TestWorker$2.run(TestWorker.java:178)
  at org.gradle.api.internal.tasks.testing.worker.TestWorker.executeAndMaintainThreadName(TestWorker.java:126)
  at org.gradle.api.internal.tasks.testing.worker.TestWorker.execute(TestWorker.java:103)
  at org.gradle.api.internal.tasks.testing.worker.TestWorker.execute(TestWorker.java:63)
  at org.gradle.process.internal.worker.child.ActionExecutionWorker.execute(ActionExecutionWorker.java:56)
  at org.gradle.process.internal.worker.child.SystemApplicationClassLoaderWorker.call(SystemApplicationClassLoaderWorker.java:122)
  at org.gradle.process.internal.worker.child.SystemApplicationClassLoaderWorker.call(SystemApplicationClassLoaderWorker.java:72)
  at worker.org.gradle.process.internal.worker.GradleWorkerMain.run(GradleWorkerMain.java:69)
  at worker.org.gradle.process.internal.worker.GradleWorkerMain.main(GradleWorkerMain.java:74)
</stacktrace>
</test-failure>


TypeScriptCompilerTests_E[jvm] > errorForUsingPropertyOfTypeAsType01_ts has expected errors matching errorForUsingPropertyOfTypeAsType01_errors_txt[jvm] FAILED

<test-failure test="com.xemantic.typescript.compiler.TypeScriptCompilerTests_E.expandoFunctionNestedAssigments_ts has expected errors matching expandoFunctionNestedAssigments_errors_txt" platform="jvm">
<message>
Expected diagnostics from baseline typescript-repo/tests/baselines/reference/expandoFunctionNestedAssigments.errors.txt but none produced
</message>
<stacktrace>
  at com.xemantic.typescript.compiler.TypeScriptTestSupportKt.errorsMatchBaseline(TypeScriptTestSupport.kt:125)
  at com.xemantic.typescript.compiler.TypeScriptCompilerTests_E.expandoFunctionNestedAssigments_ts has expected errors matching expandoFunctionNestedAssigments_errors_txt(TypeScriptCompilerTests_E.kt:4501)
  at java.base/jdk.internal.reflect.DirectMethodHandleAccessor.invoke(DirectMethodHandleAccessor.java:104)
  at java.base/java.lang.reflect.Method.invoke(Method.java:565)
  at org.junit.runners.model.FrameworkMethod$1.runReflectiveCall(FrameworkMethod.java:59)
  at org.junit.internal.runners.model.ReflectiveCallable.run(ReflectiveCallable.java:12)
  at org.junit.runners.model.FrameworkMethod.invokeExplosively(FrameworkMethod.java:56)
  at org.junit.internal.runners.statements.InvokeMethod.evaluate(InvokeMethod.java:17)
  at org.junit.runners.ParentRunner$3.evaluate(ParentRunner.java:306)
  at org.junit.runners.BlockJUnit4ClassRunner$1.evaluate(BlockJUnit4ClassRunner.java:100)
  at org.junit.runners.ParentRunner.runLeaf(ParentRunner.java:366)
  at org.junit.runners.BlockJUnit4ClassRunner.runChild(BlockJUnit4ClassRunner.java:103)
  at org.junit.runners.BlockJUnit4ClassRunner.runChild(BlockJUnit4ClassRunner.java:63)
  at org.junit.runners.ParentRunner$4.run(ParentRunner.java:331)
  at org.junit.runners.ParentRunner$1.schedule(ParentRunner.java:79)
  at org.junit.runners.ParentRunner.runChildren(ParentRunner.java:329)
  at org.junit.runners.ParentRunner.access$100(ParentRunner.java:66)
  at org.junit.runners.ParentRunner$2.evaluate(ParentRunner.java:293)
  at org.junit.runners.ParentRunner$3.evaluate(ParentRunner.java:306)
  at org.junit.runners.ParentRunner.run(ParentRunner.java:413)
  at org.junit.runner.JUnitCore.run(JUnitCore.java:137)
  at org.junit.runner.JUnitCore.run(JUnitCore.java:115)
  at org.gradle.api.internal.tasks.testing.junit.JUnitTestExecutor.runRequest(JUnitTestExecutor.java:175)
  at org.gradle.api.internal.tasks.testing.junit.JUnitTestExecutor.accept(JUnitTestExecutor.java:84)
  at org.gradle.api.internal.tasks.testing.junit.JUnitTestExecutor.accept(JUnitTestExecutor.java:47)
  at org.gradle.api.internal.tasks.testing.junit.AbstractJUnitTestDefinitionProcessor.processTestDefinition(AbstractJUnitTestDefinitionProcessor.java:65)
  at org.gradle.api.internal.tasks.testing.SuiteTestDefinitionProcessor.processTestDefinition(SuiteTestDefinitionProcessor.java:54)
  at java.base/jdk.internal.reflect.DirectMethodHandleAccessor.invoke(DirectMethodHandleAccessor.java:104)
  at java.base/java.lang.reflect.Method.invoke(Method.java:565)
  at org.gradle.internal.dispatch.MethodInvocation.invokeOn(MethodInvocation.java:77)
  at org.gradle.internal.dispatch.ReflectionDispatch.dispatch(ReflectionDispatch.java:28)
  at org.gradle.internal.dispatch.ReflectionDispatch.dispatch(ReflectionDispatch.java:19)
  at org.gradle.internal.dispatch.ContextClassLoaderDispatch.dispatch(ContextClassLoaderDispatch.java:33)
  at org.gradle.internal.dispatch.ProxyDispatchAdapter$DispatchingInvocationHandler.invoke(ProxyDispatchAdapter.java:88)
  at jdk.proxy1/jdk.proxy1.$Proxy4.processTestDefinition(Unknown Source)
  at org.gradle.api.internal.tasks.testing.worker.TestWorker$2.run(TestWorker.java:178)
  at org.gradle.api.internal.tasks.testing.worker.TestWorker.executeAndMaintainThreadName(TestWorker.java:126)
  at org.gradle.api.internal.tasks.testing.worker.TestWorker.execute(TestWorker.java:103)
  at org.gradle.api.internal.tasks.testing.worker.TestWorker.execute(TestWorker.java:63)
  at org.gradle.process.internal.worker.child.ActionExecutionWorker.execute(ActionExecutionWorker.java:56)
  at org.gradle.process.internal.worker.child.SystemApplicationClassLoaderWorker.call(SystemApplicationClassLoaderWorker.java:122)
  at org.gradle.process.internal.worker.child.SystemApplicationClassLoaderWorker.call(SystemApplicationClassLoaderWorker.java:72)
  at worker.org.gradle.process.internal.worker.GradleWorkerMain.run(GradleWorkerMain.java:69)
  at worker.org.gradle.process.internal.worker.GradleWorkerMain.main(GradleWorkerMain.java:74)
</stacktrace>
</test-failure>


TypeScriptCompilerTests_E[jvm] > expandoFunctionNestedAssigments_ts has expected errors matching expandoFunctionNestedAssigments_errors_txt[jvm] FAILED

<test-failure test="com.xemantic.typescript.compiler.TypeScriptCompilerTests_E.excessPropertyChecksWithNestedIntersections_ts has expected errors matching excessPropertyChecksWithNestedIntersections_errors_txt" platform="jvm">
<message>
Expected diagnostics from baseline typescript-repo/tests/baselines/reference/excessPropertyChecksWithNestedIntersections.errors.txt but none produced
</message>
<stacktrace>
  at com.xemantic.typescript.compiler.TypeScriptTestSupportKt.errorsMatchBaseline(TypeScriptTestSupport.kt:125)
  at com.xemantic.typescript.compiler.TypeScriptCompilerTests_E.excessPropertyChecksWithNestedIntersections_ts has expected errors matching excessPropertyChecksWithNestedIntersections_errors_txt(TypeScriptCompilerTests_E.kt:4354)
  at java.base/jdk.internal.reflect.DirectMethodHandleAccessor.invoke(DirectMethodHandleAccessor.java:104)
  at java.base/java.lang.reflect.Method.invoke(Method.java:565)
  at org.junit.runners.model.FrameworkMethod$1.runReflectiveCall(FrameworkMethod.java:59)
  at org.junit.internal.runners.model.ReflectiveCallable.run(ReflectiveCallable.java:12)
  at org.junit.runners.model.FrameworkMethod.invokeExplosively(FrameworkMethod.java:56)
  at org.junit.internal.runners.statements.InvokeMethod.evaluate(InvokeMethod.java:17)
  at org.junit.runners.ParentRunner$3.evaluate(ParentRunner.java:306)
  at org.junit.runners.BlockJUnit4ClassRunner$1.evaluate(BlockJUnit4ClassRunner.java:100)
  at org.junit.runners.ParentRunner.runLeaf(ParentRunner.java:366)
  at org.junit.runners.BlockJUnit4ClassRunner.runChild(BlockJUnit4ClassRunner.java:103)
  at org.junit.runners.BlockJUnit4ClassRunner.runChild(BlockJUnit4ClassRunner.java:63)
  at org.junit.runners.ParentRunner$4.run(ParentRunner.java:331)
  at org.junit.runners.ParentRunner$1.schedule(ParentRunner.java:79)
  at org.junit.runners.ParentRunner.runChildren(ParentRunner.java:329)
  at org.junit.runners.ParentRunner.access$100(ParentRunner.java:66)
  at org.junit.runners.ParentRunner$2.evaluate(ParentRunner.java:293)
  at org.junit.runners.ParentRunner$3.evaluate(ParentRunner.java:306)
  at org.junit.runners.ParentRunner.run(ParentRunner.java:413)
  at org.junit.runner.JUnitCore.run(JUnitCore.java:137)
  at org.junit.runner.JUnitCore.run(JUnitCore.java:115)
  at org.gradle.api.internal.tasks.testing.junit.JUnitTestExecutor.runRequest(JUnitTestExecutor.java:175)
  at org.gradle.api.internal.tasks.testing.junit.JUnitTestExecutor.accept(JUnitTestExecutor.java:84)
  at org.gradle.api.internal.tasks.testing.junit.JUnitTestExecutor.accept(JUnitTestExecutor.java:47)
  at org.gradle.api.internal.tasks.testing.junit.AbstractJUnitTestDefinitionProcessor.processTestDefinition(AbstractJUnitTestDefinitionProcessor.java:65)
  at org.gradle.api.internal.tasks.testing.SuiteTestDefinitionProcessor.processTestDefinition(SuiteTestDefinitionProcessor.java:54)
  at java.base/jdk.internal.reflect.DirectMethodHandleAccessor.invoke(DirectMethodHandleAccessor.java:104)
  at java.base/java.lang.reflect.Method.invoke(Method.java:565)
  at org.gradle.internal.dispatch.MethodInvocation.invokeOn(MethodInvocation.java:77)
  at org.gradle.internal.dispatch.ReflectionDispatch.dispatch(ReflectionDispatch.java:28)
  at org.gradle.internal.dispatch.ReflectionDispatch.dispatch(ReflectionDispatch.java:19)
  at org.gradle.internal.dispatch.ContextClassLoaderDispatch.dispatch(ContextClassLoaderDispatch.java:33)
  at org.gradle.internal.dispatch.ProxyDispatchAdapter$DispatchingInvocationHandler.invoke(ProxyDispatchAdapter.java:88)
  at jdk.proxy1/jdk.proxy1.$Proxy4.processTestDefinition(Unknown Source)
  at org.gradle.api.internal.tasks.testing.worker.TestWorker$2.run(TestWorker.java:178)
  at org.gradle.api.internal.tasks.testing.worker.TestWorker.executeAndMaintainThreadName(TestWorker.java:126)
  at org.gradle.api.internal.tasks.testing.worker.TestWorker.execute(TestWorker.java:103)
  at org.gradle.api.internal.tasks.testing.worker.TestWorker.execute(TestWorker.java:63)
  at org.gradle.process.internal.worker.child.ActionExecutionWorker.execute(ActionExecutionWorker.java:56)
  at org.gradle.process.internal.worker.child.SystemApplicationClassLoaderWorker.call(SystemApplicationClassLoaderWorker.java:122)
  at org.gradle.process.internal.worker.child.SystemApplicationClassLoaderWorker.call(SystemApplicationClassLoaderWorker.java:72)
  at worker.org.gradle.process.internal.worker.GradleWorkerMain.run(GradleWorkerMain.java:69)
  at worker.org.gradle.process.internal.worker.GradleWorkerMain.main(GradleWorkerMain.java:74)
</stacktrace>
</test-failure>


TypeScriptCompilerTests_E[jvm] > excessPropertyChecksWithNestedIntersections_ts has expected errors matching excessPropertyChecksWithNestedIntersections_errors_txt[jvm] FAILED

<test-failure test="com.xemantic.typescript.compiler.TypeScriptCompilerTests_E.exactSpellingSuggestion_ts has expected errors matching exactSpellingSuggestion_errors_txt" platform="jvm">
<message>
Expected diagnostics from baseline typescript-repo/tests/baselines/reference/exactSpellingSuggestion.errors.txt but none produced
</message>
<stacktrace>
  at com.xemantic.typescript.compiler.TypeScriptTestSupportKt.errorsMatchBaseline(TypeScriptTestSupport.kt:125)
  at com.xemantic.typescript.compiler.TypeScriptCompilerTests_E.exactSpellingSuggestion_ts has expected errors matching exactSpellingSuggestion_errors_txt(TypeScriptCompilerTests_E.kt:4235)
  at java.base/jdk.internal.reflect.DirectMethodHandleAccessor.invoke(DirectMethodHandleAccessor.java:104)
  at java.base/java.lang.reflect.Method.invoke(Method.java:565)
  at org.junit.runners.model.FrameworkMethod$1.runReflectiveCall(FrameworkMethod.java:59)
  at org.junit.internal.runners.model.ReflectiveCallable.run(ReflectiveCallable.java:12)
  at org.junit.runners.model.FrameworkMethod.invokeExplosively(FrameworkMethod.java:56)
  at org.junit.internal.runners.statements.InvokeMethod.evaluate(InvokeMethod.java:17)
  at org.junit.runners.ParentRunner$3.evaluate(ParentRunner.java:306)
  at org.junit.runners.BlockJUnit4ClassRunner$1.evaluate(BlockJUnit4ClassRunner.java:100)
  at org.junit.runners.ParentRunner.runLeaf(ParentRunner.java:366)
  at org.junit.runners.BlockJUnit4ClassRunner.runChild(BlockJUnit4ClassRunner.java:103)
  at org.junit.runners.BlockJUnit4ClassRunner.runChild(BlockJUnit4ClassRunner.java:63)
  at org.junit.runners.ParentRunner$4.run(ParentRunner.java:331)
  at org.junit.runners.ParentRunner$1.schedule(ParentRunner.java:79)
  at org.junit.runners.ParentRunner.runChildren(ParentRunner.java:329)
  at org.junit.runners.ParentRunner.access$100(ParentRunner.java:66)
  at org.junit.runners.ParentRunner$2.evaluate(ParentRunner.java:293)
  at org.junit.runners.ParentRunner$3.evaluate(ParentRunner.java:306)
  at org.junit.runners.ParentRunner.run(ParentRunner.java:413)
  at org.junit.runner.JUnitCore.run(JUnitCore.java:137)
  at org.junit.runner.JUnitCore.run(JUnitCore.java:115)
  at org.gradle.api.internal.tasks.testing.junit.JUnitTestExecutor.runRequest(JUnitTestExecutor.java:175)
  at org.gradle.api.internal.tasks.testing.junit.JUnitTestExecutor.accept(JUnitTestExecutor.java:84)
  at org.gradle.api.internal.tasks.testing.junit.JUnitTestExecutor.accept(JUnitTestExecutor.java:47)
  at org.gradle.api.internal.tasks.testing.junit.AbstractJUnitTestDefinitionProcessor.processTestDefinition(AbstractJUnitTestDefinitionProcessor.java:65)
  at org.gradle.api.internal.tasks.testing.SuiteTestDefinitionProcessor.processTestDefinition(SuiteTestDefinitionProcessor.java:54)
  at java.base/jdk.internal.reflect.DirectMethodHandleAccessor.invoke(DirectMethodHandleAccessor.java:104)
  at java.base/java.lang.reflect.Method.invoke(Method.java:565)
  at org.gradle.internal.dispatch.MethodInvocation.invokeOn(MethodInvocation.java:77)
  at org.gradle.internal.dispatch.ReflectionDispatch.dispatch(ReflectionDispatch.java:28)
  at org.gradle.internal.dispatch.ReflectionDispatch.dispatch(ReflectionDispatch.java:19)
  at org.gradle.internal.dispatch.ContextClassLoaderDispatch.dispatch(ContextClassLoaderDispatch.java:33)
  at org.gradle.internal.dispatch.ProxyDispatchAdapter$DispatchingInvocationHandler.invoke(ProxyDispatchAdapter.java:88)
  at jdk.proxy1/jdk.proxy1.$Proxy4.processTestDefinition(Unknown Source)
  at org.gradle.api.internal.tasks.testing.worker.TestWorker$2.run(TestWorker.java:178)
  at org.gradle.api.internal.tasks.testing.worker.TestWorker.executeAndMaintainThreadName(TestWorker.java:126)
  at org.gradle.api.internal.tasks.testing.worker.TestWorker.execute(TestWorker.java:103)
  at org.gradle.api.internal.tasks.testing.worker.TestWorker.execute(TestWorker.java:63)
  at org.gradle.process.internal.worker.child.ActionExecutionWorker.execute(ActionExecutionWorker.java:56)
  at org.gradle.process.internal.worker.child.SystemApplicationClassLoaderWorker.call(SystemApplicationClassLoaderWorker.java:122)
  at org.gradle.process.internal.worker.child.SystemApplicationClassLoaderWorker.call(SystemApplicationClassLoaderWorker.java:72)
  at worker.org.gradle.process.internal.worker.GradleWorkerMain.run(GradleWorkerMain.java:69)
  at worker.org.gradle.process.internal.worker.GradleWorkerMain.main(GradleWorkerMain.java:74)
</stacktrace>
</test-failure>


TypeScriptCompilerTests_E[jvm] > exactSpellingSuggestion_ts has expected errors matching exactSpellingSuggestion_errors_txt[jvm] FAILED

<test-failure test="com.xemantic.typescript.compiler.TypeScriptCompilerTests_E.enumWithPrimitiveName_ts has expected errors matching enumWithPrimitiveName_errors_txt" platform="jvm">
<message>
Expected diagnostics from baseline typescript-repo/tests/baselines/reference/enumWithPrimitiveName.errors.txt but none produced
</message>
<stacktrace>
  at com.xemantic.typescript.compiler.TypeScriptTestSupportKt.errorsMatchBaseline(TypeScriptTestSupport.kt:125)
  at com.xemantic.typescript.compiler.TypeScriptCompilerTests_E.enumWithPrimitiveName_ts has expected errors matching enumWithPrimitiveName_errors_txt(TypeScriptCompilerTests_E.kt:1162)
  at java.base/jdk.internal.reflect.DirectMethodHandleAccessor.invoke(DirectMethodHandleAccessor.java:104)
  at java.base/java.lang.reflect.Method.invoke(Method.java:565)
  at org.junit.runners.model.FrameworkMethod$1.runReflectiveCall(FrameworkMethod.java:59)
  at org.junit.internal.runners.model.ReflectiveCallable.run(ReflectiveCallable.java:12)
  at org.junit.runners.model.FrameworkMethod.invokeExplosively(FrameworkMethod.java:56)
  at org.junit.internal.runners.statements.InvokeMethod.evaluate(InvokeMethod.java:17)
  at org.junit.runners.ParentRunner$3.evaluate(ParentRunner.java:306)
  at org.junit.runners.BlockJUnit4ClassRunner$1.evaluate(BlockJUnit4ClassRunner.java:100)
  at org.junit.runners.ParentRunner.runLeaf(ParentRunner.java:366)
  at org.junit.runners.BlockJUnit4ClassRunner.runChild(BlockJUnit4ClassRunner.java:103)
  at org.junit.runners.BlockJUnit4ClassRunner.runChild(BlockJUnit4ClassRunner.java:63)
  at org.junit.runners.ParentRunner$4.run(ParentRunner.java:331)
  at org.junit.runners.ParentRunner$1.schedule(ParentRunner.java:79)
  at org.junit.runners.ParentRunner.runChildren(ParentRunner.java:329)
  at org.junit.runners.ParentRunner.access$100(ParentRunner.java:66)
  at org.junit.runners.ParentRunner$2.evaluate(ParentRunner.java:293)
  at org.junit.runners.ParentRunner$3.evaluate(ParentRunner.java:306)
  at org.junit.runners.ParentRunner.run(ParentRunner.java:413)
  at org.junit.runner.JUnitCore.run(JUnitCore.java:137)
  at org.junit.runner.JUnitCore.run(JUnitCore.java:115)
  at org.gradle.api.internal.tasks.testing.junit.JUnitTestExecutor.runRequest(JUnitTestExecutor.java:175)
  at org.gradle.api.internal.tasks.testing.junit.JUnitTestExecutor.accept(JUnitTestExecutor.java:84)
  at org.gradle.api.internal.tasks.testing.junit.JUnitTestExecutor.accept(JUnitTestExecutor.java:47)
  at org.gradle.api.internal.tasks.testing.junit.AbstractJUnitTestDefinitionProcessor.processTestDefinition(AbstractJUnitTestDefinitionProcessor.java:65)
  at org.gradle.api.internal.tasks.testing.SuiteTestDefinitionProcessor.processTestDefinition(SuiteTestDefinitionProcessor.java:54)
  at java.base/jdk.internal.reflect.DirectMethodHandleAccessor.invoke(DirectMethodHandleAccessor.java:104)
  at java.base/java.lang.reflect.Method.invoke(Method.java:565)
  at org.gradle.internal.dispatch.MethodInvocation.invokeOn(MethodInvocation.java:77)
  at org.gradle.internal.dispatch.ReflectionDispatch.dispatch(ReflectionDispatch.java:28)
  at org.gradle.internal.dispatch.ReflectionDispatch.dispatch(ReflectionDispatch.java:19)
  at org.gradle.internal.dispatch.ContextClassLoaderDispatch.dispatch(ContextClassLoaderDispatch.java:33)
  at org.gradle.internal.dispatch.ProxyDispatchAdapter$DispatchingInvocationHandler.invoke(ProxyDispatchAdapter.java:88)
  at jdk.proxy1/jdk.proxy1.$Proxy4.processTestDefinition(Unknown Source)
  at org.gradle.api.internal.tasks.testing.worker.TestWorker$2.run(TestWorker.java:178)
  at org.gradle.api.internal.tasks.testing.worker.TestWorker.executeAndMaintainThreadName(TestWorker.java:126)
  at org.gradle.api.internal.tasks.testing.worker.TestWorker.execute(TestWorker.java:103)
  at org.gradle.api.internal.tasks.testing.worker.TestWorker.execute(TestWorker.java:63)
  at org.gradle.process.internal.worker.child.ActionExecutionWorker.execute(ActionExecutionWorker.java:56)
  at org.gradle.process.internal.worker.child.SystemApplicationClassLoaderWorker.call(SystemApplicationClassLoaderWorker.java:122)
  at org.gradle.process.internal.worker.child.SystemApplicationClassLoaderWorker.call(SystemApplicationClassLoaderWorker.java:72)
  at worker.org.gradle.process.internal.worker.GradleWorkerMain.run(GradleWorkerMain.java:69)
  at worker.org.gradle.process.internal.worker.GradleWorkerMain.main(GradleWorkerMain.java:74)
</stacktrace>
</test-failure>


TypeScriptCompilerTests_E[jvm] > enumWithPrimitiveName_ts has expected errors matching enumWithPrimitiveName_errors_txt[jvm] FAILED

<test-failure test="com.xemantic.typescript.compiler.TypeScriptCompilerTests_E.enumAssignmentCompat3_ts has expected errors matching enumAssignmentCompat3_errors_txt" platform="jvm">
<message>
Expected diagnostics from baseline typescript-repo/tests/baselines/reference/enumAssignmentCompat3.errors.txt but none produced
</message>
<stacktrace>
  at com.xemantic.typescript.compiler.TypeScriptTestSupportKt.errorsMatchBaseline(TypeScriptTestSupport.kt:125)
  at com.xemantic.typescript.compiler.TypeScriptCompilerTests_E.enumAssignmentCompat3_ts has expected errors matching enumAssignmentCompat3_errors_txt(TypeScriptCompilerTests_E.kt:735)
  at java.base/jdk.internal.reflect.DirectMethodHandleAccessor.invoke(DirectMethodHandleAccessor.java:104)
  at java.base/java.lang.reflect.Method.invoke(Method.java:565)
  at org.junit.runners.model.FrameworkMethod$1.runReflectiveCall(FrameworkMethod.java:59)
  at org.junit.internal.runners.model.ReflectiveCallable.run(ReflectiveCallable.java:12)
  at org.junit.runners.model.FrameworkMethod.invokeExplosively(FrameworkMethod.java:56)
  at org.junit.internal.runners.statements.InvokeMethod.evaluate(InvokeMethod.java:17)
  at org.junit.runners.ParentRunner$3.evaluate(ParentRunner.java:306)
  at org.junit.runners.BlockJUnit4ClassRunner$1.evaluate(BlockJUnit4ClassRunner.java:100)
  at org.junit.runners.ParentRunner.runLeaf(ParentRunner.java:366)
  at org.junit.runners.BlockJUnit4ClassRunner.runChild(BlockJUnit4ClassRunner.java:103)
  at org.junit.runners.BlockJUnit4ClassRunner.runChild(BlockJUnit4ClassRunner.java:63)
  at org.junit.runners.ParentRunner$4.run(ParentRunner.java:331)
  at org.junit.runners.ParentRunner$1.schedule(ParentRunner.java:79)
  at org.junit.runners.ParentRunner.runChildren(ParentRunner.java:329)
  at org.junit.runners.ParentRunner.access$100(ParentRunner.java:66)
  at org.junit.runners.ParentRunner$2.evaluate(ParentRunner.java:293)
  at org.junit.runners.ParentRunner$3.evaluate(ParentRunner.java:306)
  at org.junit.runners.ParentRunner.run(ParentRunner.java:413)
  at org.junit.runner.JUnitCore.run(JUnitCore.java:137)
  at org.junit.runner.JUnitCore.run(JUnitCore.java:115)
  at org.gradle.api.internal.tasks.testing.junit.JUnitTestExecutor.runRequest(JUnitTestExecutor.java:175)
  at org.gradle.api.internal.tasks.testing.junit.JUnitTestExecutor.accept(JUnitTestExecutor.java:84)
  at org.gradle.api.internal.tasks.testing.junit.JUnitTestExecutor.accept(JUnitTestExecutor.java:47)
  at org.gradle.api.internal.tasks.testing.junit.AbstractJUnitTestDefinitionProcessor.processTestDefinition(AbstractJUnitTestDefinitionProcessor.java:65)
  at org.gradle.api.internal.tasks.testing.SuiteTestDefinitionProcessor.processTestDefinition(SuiteTestDefinitionProcessor.java:54)
  at java.base/jdk.internal.reflect.DirectMethodHandleAccessor.invoke(DirectMethodHandleAccessor.java:104)
  at java.base/java.lang.reflect.Method.invoke(Method.java:565)
  at org.gradle.internal.dispatch.MethodInvocation.invokeOn(MethodInvocation.java:77)
  at org.gradle.internal.dispatch.ReflectionDispatch.dispatch(ReflectionDispatch.java:28)
  at org.gradle.internal.dispatch.ReflectionDispatch.dispatch(ReflectionDispatch.java:19)
  at org.gradle.internal.dispatch.ContextClassLoaderDispatch.dispatch(ContextClassLoaderDispatch.java:33)
  at org.gradle.internal.dispatch.ProxyDispatchAdapter$DispatchingInvocationHandler.invoke(ProxyDispatchAdapter.java:88)
  at jdk.proxy1/jdk.proxy1.$Proxy4.processTestDefinition(Unknown Source)
  at org.gradle.api.internal.tasks.testing.worker.TestWorker$2.run(TestWorker.java:178)
  at org.gradle.api.internal.tasks.testing.worker.TestWorker.executeAndMaintainThreadName(TestWorker.java:126)
  at org.gradle.api.internal.tasks.testing.worker.TestWorker.execute(TestWorker.java:103)
  at org.gradle.api.internal.tasks.testing.worker.TestWorker.execute(TestWorker.java:63)
  at org.gradle.process.internal.worker.child.ActionExecutionWorker.execute(ActionExecutionWorker.java:56)
  at org.gradle.process.internal.worker.child.SystemApplicationClassLoaderWorker.call(SystemApplicationClassLoaderWorker.java:122)
  at org.gradle.process.internal.worker.child.SystemApplicationClassLoaderWorker.call(SystemApplicationClassLoaderWorker.java:72)
  at worker.org.gradle.process.internal.worker.GradleWorkerMain.run(GradleWorkerMain.java:69)
  at worker.org.gradle.process.internal.worker.GradleWorkerMain.main(GradleWorkerMain.java:74)
</stacktrace>
</test-failure>


TypeScriptCompilerTests_E[jvm] > enumAssignmentCompat3_ts has expected errors matching enumAssignmentCompat3_errors_txt[jvm] FAILED

<test-failure test="com.xemantic.typescript.compiler.TypeScriptCompilerTests_E.externalModuleResolution2_ts compiles to JavaScript matching externalModuleResolution2_js" platform="jvm">
<message>
--- expected
+++ actual
@@ -6,6 +6,13 @@
 }
 export = M2
 
+//// [foo.d.ts]
+declare namespace M1 {
+    export var Y:number;
+}
+export = M1
+
+
 //// [consumer.ts]
 import x = require('./foo');
 x.X // .ts should be picked

</message>
<stacktrace>
  at org.junit.Assert.fail(Assert.java:89)
  at kotlin.test.junit.JUnitAsserter.fail(JUnitSupport.kt:56)
  at kotlin.test.AssertionsKt__AssertionsKt.fail(Assertions.kt:563)
  at kotlin.test.AssertionsKt.fail(Unknown Source)
  at com.xemantic.kotlin.test.SameAsKt.sameAs(SameAs.kt:52)
  at com.xemantic.typescript.compiler.TypeScriptTestSupportKt.sameAs(TypeScriptTestSupport.kt:99)
  at com.xemantic.typescript.compiler.TypeScriptCompilerTests_E.externalModuleResolution2_ts compiles to JavaScript matching externalModuleResolution2_js(TypeScriptCompilerTests_E.kt:6727)
  at java.base/jdk.internal.reflect.DirectMethodHandleAccessor.invoke(DirectMethodHandleAccessor.java:104)
  at java.base/java.lang.reflect.Method.invoke(Method.java:565)
  at org.junit.runners.model.FrameworkMethod$1.runReflectiveCall(FrameworkMethod.java:59)
  at org.junit.internal.runners.model.ReflectiveCallable.run(ReflectiveCallable.java:12)
  at org.junit.runners.model.FrameworkMethod.invokeExplosively(FrameworkMethod.java:56)
  at org.junit.internal.runners.statements.InvokeMethod.evaluate(InvokeMethod.java:17)
  at org.junit.runners.ParentRunner$3.evaluate(ParentRunner.java:306)
  at org.junit.runners.BlockJUnit4ClassRunner$1.evaluate(BlockJUnit4ClassRunner.java:100)
  at org.junit.runners.ParentRunner.runLeaf(ParentRunner.java:366)
  at org.junit.runners.BlockJUnit4ClassRunner.runChild(BlockJUnit4ClassRunner.java:103)
  at org.junit.runners.BlockJUnit4ClassRunner.runChild(BlockJUnit4ClassRunner.java:63)
  at org.junit.runners.ParentRunner$4.run(ParentRunner.java:331)
  at org.junit.runners.ParentRunner$1.schedule(ParentRunner.java:79)
  at org.junit.runners.ParentRunner.runChildren(ParentRunner.java:329)
  at org.junit.runners.ParentRunner.access$100(ParentRunner.java:66)
  at org.junit.runners.ParentRunner$2.evaluate(ParentRunner.java:293)
  at org.junit.runners.ParentRunner$3.evaluate(ParentRunner.java:306)
  at org.junit.runners.ParentRunner.run(ParentRunner.java:413)
  at org.junit.runner.JUnitCore.run(JUnitCore.java:137)
  at org.junit.runner.JUnitCore.run(JUnitCore.java:115)
  at org.gradle.api.internal.tasks.testing.junit.JUnitTestExecutor.runRequest(JUnitTestExecutor.java:175)
  at org.gradle.api.internal.tasks.testing.junit.JUnitTestExecutor.accept(JUnitTestExecutor.java:84)
  at org.gradle.api.internal.tasks.testing.junit.JUnitTestExecutor.accept(JUnitTestExecutor.java:47)
  at org.gradle.api.internal.tasks.testing.junit.AbstractJUnitTestDefinitionProcessor.processTestDefinition(AbstractJUnitTestDefinitionProcessor.java:65)
  at org.gradle.api.internal.tasks.testing.SuiteTestDefinitionProcessor.processTestDefinition(SuiteTestDefinitionProcessor.java:54)
  at java.base/jdk.internal.reflect.DirectMethodHandleAccessor.invoke(DirectMethodHandleAccessor.java:104)
  at java.base/java.lang.reflect.Method.invoke(Method.java:565)
  at org.gradle.internal.dispatch.MethodInvocation.invokeOn(MethodInvocation.java:77)
  at org.gradle.internal.dispatch.ReflectionDispatch.dispatch(ReflectionDispatch.java:28)
  at org.gradle.internal.dispatch.ReflectionDispatch.dispatch(ReflectionDispatch.java:19)
  at org.gradle.internal.dispatch.ContextClassLoaderDispatch.dispatch(ContextClassLoaderDispatch.java:33)
  at org.gradle.internal.dispatch.ProxyDispatchAdapter$DispatchingInvocationHandler.invoke(ProxyDispatchAdapter.java:88)
  at jdk.proxy1/jdk.proxy1.$Proxy4.processTestDefinition(Unknown Source)
  at org.gradle.api.internal.tasks.testing.worker.TestWorker$2.run(TestWorker.java:178)
  at org.gradle.api.internal.tasks.testing.worker.TestWorker.executeAndMaintainThreadName(TestWorker.java:126)
  at org.gradle.api.internal.tasks.testing.worker.TestWorker.execute(TestWorker.java:103)
  at org.gradle.api.internal.tasks.testing.worker.TestWorker.execute(TestWorker.java:63)
  at org.gradle.process.internal.worker.child.ActionExecutionWorker.execute(ActionExecutionWorker.java:56)
  at org.gradle.process.internal.worker.child.SystemApplicationClassLoaderWorker.call(SystemApplicationClassLoaderWorker.java:122)
  at org.gradle.process.internal.worker.child.SystemApplicationClassLoaderWorker.call(SystemApplicationClassLoaderWorker.java:72)
  at worker.org.gradle.process.internal.worker.GradleWorkerMain.run(GradleWorkerMain.java:69)
  at worker.org.gradle.process.internal.worker.GradleWorkerMain.main(GradleWorkerMain.java:74)
</stacktrace>
</test-failure>


TypeScriptCompilerTests_E[jvm] > externalModuleResolution2_ts compiles to JavaScript matching externalModuleResolution2_js[jvm] FAILED

<test-failure test="com.xemantic.typescript.compiler.TypeScriptCompilerTests_E.elaboratedErrors_ts has expected errors matching elaboratedErrors_errors_txt" platform="jvm">
<message>
--- expected
+++ actual
@@ -1,13 +1,9 @@
 elaboratedErrors.ts(11,3): error TS2416: Property 'read' in type 'WorkerFS' is not assignable to the same property in base type 'FileSystem'.
   Type 'string' is not assignable to type 'number'.
 elaboratedErrors.ts(11,3): error TS2564: Property 'read' has no initializer and is not definitely assigned in the constructor.
-elaboratedErrors.ts(20,1): error TS2741: Property 'x' is missing in type 'Beta' but required in type 'Alpha'.
-elaboratedErrors.ts(21,1): error TS2741: Property 'x' is missing in type 'Beta' but required in type 'Alpha'.
-elaboratedErrors.ts(24,1): error TS2741: Property 'y' is missing in type 'Alpha' but required in type 'Beta'.
-elaboratedErrors.ts(25,1): error TS2741: Property 'y' is missing in type 'Alpha' but required in type 'Beta'.
 
 
-==== elaboratedErrors.ts (6 errors) ====
+==== elaboratedErrors.ts (2 errors) ====
     interface FileSystem {
       read: number;
     }
@@ -33,20 +29,8 @@
     
     // Only one of these errors should be large
     x = y;
-    ~
-!!! error TS2741: Property 'x' is missing in type 'Beta' but required in type 'Alpha'.
-!!! related TS2728 elaboratedErrors.ts:14:19: 'x' is declared here.
     x = y;
-    ~
-!!! error TS2741: Property 'x' is missing in type 'Beta' but required in type 'Alpha'.
-!!! related TS2728 elaboratedErrors.ts:14:19: 'x' is declared here.
     
     // Only one of these errors should be large
     y = x;
-    ~
-!!! error TS2741: Property 'y' is missing in type 'Alpha' but required in type 'Beta'.
-!!! related TS2728 elaboratedErrors.ts:15:18: 'y' is declared here.
     y = x;
-    ~
-!!! error TS2741: Property 'y' is missing in type 'Alpha' but required in type 'Beta'.
-!!! related TS2728 elaboratedErrors.ts:15:18: 'y' is declared here.

</message>
<stacktrace>
  at org.junit.Assert.fail(Assert.java:89)
  at kotlin.test.junit.JUnitAsserter.fail(JUnitSupport.kt:56)
  at kotlin.test.AssertionsKt__AssertionsKt.fail(Assertions.kt:563)
  at kotlin.test.AssertionsKt.fail(Unknown Source)
  at com.xemantic.kotlin.test.SameAsKt.sameAs(SameAs.kt:52)
  at com.xemantic.typescript.compiler.TypeScriptTestSupportKt.errorsMatchBaseline(TypeScriptTestSupport.kt:135)
  at com.xemantic.typescript.compiler.TypeScriptCompilerTests_E.elaboratedErrors_ts has expected errors matching elaboratedErrors_errors_txt(TypeScriptCompilerTests_E.kt:49)
  at java.base/jdk.internal.reflect.DirectMethodHandleAccessor.invoke(DirectMethodHandleAccessor.java:104)
  at java.base/java.lang.reflect.Method.invoke(Method.java:565)
  at org.junit.runners.model.FrameworkMethod$1.runReflectiveCall(FrameworkMethod.java:59)
  at org.junit.internal.runners.model.ReflectiveCallable.run(ReflectiveCallable.java:12)
  at org.junit.runners.model.FrameworkMethod.invokeExplosively(FrameworkMethod.java:56)
  at org.junit.internal.runners.statements.InvokeMethod.evaluate(InvokeMethod.java:17)
  at org.junit.runners.ParentRunner$3.evaluate(ParentRunner.java:306)
  at org.junit.runners.BlockJUnit4ClassRunner$1.evaluate(BlockJUnit4ClassRunner.java:100)
  at org.junit.runners.ParentRunner.runLeaf(ParentRunner.java:366)
  at org.junit.runners.BlockJUnit4ClassRunner.runChild(BlockJUnit4ClassRunner.java:103)
  at org.junit.runners.BlockJUnit4ClassRunner.runChild(BlockJUnit4ClassRunner.java:63)
  at org.junit.runners.ParentRunner$4.run(ParentRunner.java:331)
  at org.junit.runners.ParentRunner$1.schedule(ParentRunner.java:79)
  at org.junit.runners.ParentRunner.runChildren(ParentRunner.java:329)
  at org.junit.runners.ParentRunner.access$100(ParentRunner.java:66)
  at org.junit.runners.ParentRunner$2.evaluate(ParentRunner.java:293)
  at org.junit.runners.ParentRunner$3.evaluate(ParentRunner.java:306)
  at org.junit.runners.ParentRunner.run(ParentRunner.java:413)
  at org.junit.runner.JUnitCore.run(JUnitCore.java:137)
  at org.junit.runner.JUnitCore.run(JUnitCore.java:115)
  at org.gradle.api.internal.tasks.testing.junit.JUnitTestExecutor.runRequest(JUnitTestExecutor.java:175)
  at org.gradle.api.internal.tasks.testing.junit.JUnitTestExecutor.accept(JUnitTestExecutor.java:84)
  at org.gradle.api.internal.tasks.testing.junit.JUnitTestExecutor.accept(JUnitTestExecutor.java:47)
  at org.gradle.api.internal.tasks.testing.junit.AbstractJUnitTestDefinitionProcessor.processTestDefinition(AbstractJUnitTestDefinitionProcessor.java:65)
  at org.gradle.api.internal.tasks.testing.SuiteTestDefinitionProcessor.processTestDefinition(SuiteTestDefinitionProcessor.java:54)
  at java.base/jdk.internal.reflect.DirectMethodHandleAccessor.invoke(DirectMethodHandleAccessor.java:104)
  at java.base/java.lang.reflect.Method.invoke(Method.java:565)
  at org.gradle.internal.dispatch.MethodInvocation.invokeOn(MethodInvocation.java:77)
  at org.gradle.internal.dispatch.ReflectionDispatch.dispatch(ReflectionDispatch.java:28)
  at org.gradle.internal.dispatch.ReflectionDispatch.dispatch(ReflectionDispatch.java:19)
  at org.gradle.internal.dispatch.ContextClassLoaderDispatch.dispatch(ContextClassLoaderDispatch.java:33)
  at org.gradle.internal.dispatch.ProxyDispatchAdapter$DispatchingInvocationHandler.invoke(ProxyDispatchAdapter.java:88)
  at jdk.proxy1/jdk.proxy1.$Proxy4.processTestDefinition(Unknown Source)
  at org.gradle.api.internal.tasks.testing.worker.TestWorker$2.run(TestWorker.java:178)
  at org.gradle.api.internal.tasks.testing.worker.TestWorker.executeAndMaintainThreadName(TestWorker.java:126)
  at org.gradle.api.internal.tasks.testing.worker.TestWorker.execute(TestWorker.java:103)
  at org.gradle.api.internal.tasks.testing.worker.TestWorker.execute(TestWorker.java:63)
  at org.gradle.process.internal.worker.child.ActionExecutionWorker.execute(ActionExecutionWorker.java:56)
  at org.gradle.process.internal.worker.child.SystemApplicationClassLoaderWorker.call(SystemApplicationClassLoaderWorker.java:122)
  at org.gradle.process.internal.worker.child.SystemApplicationClassLoaderWorker.call(SystemApplicationClassLoaderWorker.java:72)
  at worker.org.gradle.process.internal.worker.GradleWorkerMain.run(GradleWorkerMain.java:69)
  at worker.org.gradle.process.internal.worker.GradleWorkerMain.main(GradleWorkerMain.java:74)
</stacktrace>
</test-failure>


TypeScriptCompilerTests_E[jvm] > elaboratedErrors_ts has expected errors matching elaboratedErrors_errors_txt[jvm] FAILED

<test-failure test="com.xemantic.typescript.compiler.TypeScriptCompilerTests_E.excessPropertyCheckWithUnions_ts has expected errors matching excessPropertyCheckWithUnions_errors_txt" platform="jvm">
<message>
Expected diagnostics from baseline typescript-repo/tests/baselines/reference/excessPropertyCheckWithUnions.errors.txt but none produced
</message>
<stacktrace>
  at com.xemantic.typescript.compiler.TypeScriptTestSupportKt.errorsMatchBaseline(TypeScriptTestSupport.kt:125)
  at com.xemantic.typescript.compiler.TypeScriptCompilerTests_E.excessPropertyCheckWithUnions_ts has expected errors matching excessPropertyCheckWithUnions_errors_txt(TypeScriptCompilerTests_E.kt:4333)
  at java.base/jdk.internal.reflect.DirectMethodHandleAccessor.invoke(DirectMethodHandleAccessor.java:104)
  at java.base/java.lang.reflect.Method.invoke(Method.java:565)
  at org.junit.runners.model.FrameworkMethod$1.runReflectiveCall(FrameworkMethod.java:59)
  at org.junit.internal.runners.model.ReflectiveCallable.run(ReflectiveCallable.java:12)
  at org.junit.runners.model.FrameworkMethod.invokeExplosively(FrameworkMethod.java:56)
  at org.junit.internal.runners.statements.InvokeMethod.evaluate(InvokeMethod.java:17)
  at org.junit.runners.ParentRunner$3.evaluate(ParentRunner.java:306)
  at org.junit.runners.BlockJUnit4ClassRunner$1.evaluate(BlockJUnit4ClassRunner.java:100)
  at org.junit.runners.ParentRunner.runLeaf(ParentRunner.java:366)
  at org.junit.runners.BlockJUnit4ClassRunner.runChild(BlockJUnit4ClassRunner.java:103)
  at org.junit.runners.BlockJUnit4ClassRunner.runChild(BlockJUnit4ClassRunner.java:63)
  at org.junit.runners.ParentRunner$4.run(ParentRunner.java:331)
  at org.junit.runners.ParentRunner$1.schedule(ParentRunner.java:79)
  at org.junit.runners.ParentRunner.runChildren(ParentRunner.java:329)
  at org.junit.runners.ParentRunner.access$100(ParentRunner.java:66)
  at org.junit.runners.ParentRunner$2.evaluate(ParentRunner.java:293)
  at org.junit.runners.ParentRunner$3.evaluate(ParentRunner.java:306)
  at org.junit.runners.ParentRunner.run(ParentRunner.java:413)
  at org.junit.runner.JUnitCore.run(JUnitCore.java:137)
  at org.junit.runner.JUnitCore.run(JUnitCore.java:115)
  at org.gradle.api.internal.tasks.testing.junit.JUnitTestExecutor.runRequest(JUnitTestExecutor.java:175)
  at org.gradle.api.internal.tasks.testing.junit.JUnitTestExecutor.accept(JUnitTestExecutor.java:84)
  at org.gradle.api.internal.tasks.testing.junit.JUnitTestExecutor.accept(JUnitTestExecutor.java:47)
  at org.gradle.api.internal.tasks.testing.junit.AbstractJUnitTestDefinitionProcessor.processTestDefinition(AbstractJUnitTestDefinitionProcessor.java:65)
  at org.gradle.api.internal.tasks.testing.SuiteTestDefinitionProcessor.processTestDefinition(SuiteTestDefinitionProcessor.java:54)
  at java.base/jdk.internal.reflect.DirectMethodHandleAccessor.invoke(DirectMethodHandleAccessor.java:104)
  at java.base/java.lang.reflect.Method.invoke(Method.java:565)
  at org.gradle.internal.dispatch.MethodInvocation.invokeOn(MethodInvocation.java:77)
  at org.gradle.internal.dispatch.ReflectionDispatch.dispatch(ReflectionDispatch.java:28)
  at org.gradle.internal.dispatch.ReflectionDispatch.dispatch(ReflectionDispatch.java:19)
  at org.gradle.internal.dispatch.ContextClassLoaderDispatch.dispatch(ContextClassLoaderDispatch.java:33)
  at org.gradle.internal.dispatch.ProxyDispatchAdapter$DispatchingInvocationHandler.invoke(ProxyDispatchAdapter.java:88)
  at jdk.proxy1/jdk.proxy1.$Proxy4.processTestDefinition(Unknown Source)
  at org.gradle.api.internal.tasks.testing.worker.TestWorker$2.run(TestWorker.java:178)
  at org.gradle.api.internal.tasks.testing.worker.TestWorker.executeAndMaintainThreadName(TestWorker.java:126)
  at org.gradle.api.internal.tasks.testing.worker.TestWorker.execute(TestWorker.java:103)
  at org.gradle.api.internal.tasks.testing.worker.TestWorker.execute(TestWorker.java:63)
  at org.gradle.process.internal.worker.child.ActionExecutionWorker.execute(ActionExecutionWorker.java:56)
  at org.gradle.process.internal.worker.child.SystemApplicationClassLoaderWorker.call(SystemApplicationClassLoaderWorker.java:122)
  at org.gradle.process.internal.worker.child.SystemApplicationClassLoaderWorker.call(SystemApplicationClassLoaderWorker.java:72)
  at worker.org.gradle.process.internal.worker.GradleWorkerMain.run(GradleWorkerMain.java:69)
  at worker.org.gradle.process.internal.worker.GradleWorkerMain.main(GradleWorkerMain.java:74)
</stacktrace>
</test-failure>


TypeScriptCompilerTests_E[jvm] > excessPropertyCheckWithUnions_ts has expected errors matching excessPropertyCheckWithUnions_errors_txt[jvm] FAILED

<test-failure test="com.xemantic.typescript.compiler.TypeScriptCompilerTests_E.excessPropertyCheckWithEmptyObject_ts has expected errors matching excessPropertyCheckWithEmptyObject_errors_txt" platform="jvm">
<message>
Expected diagnostics from baseline typescript-repo/tests/baselines/reference/excessPropertyCheckWithEmptyObject.errors.txt but none produced
</message>
<stacktrace>
  at com.xemantic.typescript.compiler.TypeScriptTestSupportKt.errorsMatchBaseline(TypeScriptTestSupport.kt:125)
  at com.xemantic.typescript.compiler.TypeScriptCompilerTests_E.excessPropertyCheckWithEmptyObject_ts has expected errors matching excessPropertyCheckWithEmptyObject_errors_txt(TypeScriptCompilerTests_E.kt:4284)
  at java.base/jdk.internal.reflect.DirectMethodHandleAccessor.invoke(DirectMethodHandleAccessor.java:104)
  at java.base/java.lang.reflect.Method.invoke(Method.java:565)
  at org.junit.runners.model.FrameworkMethod$1.runReflectiveCall(FrameworkMethod.java:59)
  at org.junit.internal.runners.model.ReflectiveCallable.run(ReflectiveCallable.java:12)
  at org.junit.runners.model.FrameworkMethod.invokeExplosively(FrameworkMethod.java:56)
  at org.junit.internal.runners.statements.InvokeMethod.evaluate(InvokeMethod.java:17)
  at org.junit.runners.ParentRunner$3.evaluate(ParentRunner.java:306)
  at org.junit.runners.BlockJUnit4ClassRunner$1.evaluate(BlockJUnit4ClassRunner.java:100)
  at org.junit.runners.ParentRunner.runLeaf(ParentRunner.java:366)
  at org.junit.runners.BlockJUnit4ClassRunner.runChild(BlockJUnit4ClassRunner.java:103)
  at org.junit.runners.BlockJUnit4ClassRunner.runChild(BlockJUnit4ClassRunner.java:63)
  at org.junit.runners.ParentRunner$4.run(ParentRunner.java:331)
  at org.junit.runners.ParentRunner$1.schedule(ParentRunner.java:79)
  at org.junit.runners.ParentRunner.runChildren(ParentRunner.java:329)
  at org.junit.runners.ParentRunner.access$100(ParentRunner.java:66)
  at org.junit.runners.ParentRunner$2.evaluate(ParentRunner.java:293)
  at org.junit.runners.ParentRunner$3.evaluate(ParentRunner.java:306)
  at org.junit.runners.ParentRunner.run(ParentRunner.java:413)
  at org.junit.runner.JUnitCore.run(JUnitCore.java:137)
  at org.junit.runner.JUnitCore.run(JUnitCore.java:115)
  at org.gradle.api.internal.tasks.testing.junit.JUnitTestExecutor.runRequest(JUnitTestExecutor.java:175)
  at org.gradle.api.internal.tasks.testing.junit.JUnitTestExecutor.accept(JUnitTestExecutor.java:84)
  at org.gradle.api.internal.tasks.testing.junit.JUnitTestExecutor.accept(JUnitTestExecutor.java:47)
  at org.gradle.api.internal.tasks.testing.junit.AbstractJUnitTestDefinitionProcessor.processTestDefinition(AbstractJUnitTestDefinitionProcessor.java:65)
  at org.gradle.api.internal.tasks.testing.SuiteTestDefinitionProcessor.processTestDefinition(SuiteTestDefinitionProcessor.java:54)
  at java.base/jdk.internal.reflect.DirectMethodHandleAccessor.invoke(DirectMethodHandleAccessor.java:104)
  at java.base/java.lang.reflect.Method.invoke(Method.java:565)
  at org.gradle.internal.dispatch.MethodInvocation.invokeOn(MethodInvocation.java:77)
  at org.gradle.internal.dispatch.ReflectionDispatch.dispatch(ReflectionDispatch.java:28)
  at org.gradle.internal.dispatch.ReflectionDispatch.dispatch(ReflectionDispatch.java:19)
  at org.gradle.internal.dispatch.ContextClassLoaderDispatch.dispatch(ContextClassLoaderDispatch.java:33)
  at org.gradle.internal.dispatch.ProxyDispatchAdapter$DispatchingInvocationHandler.invoke(ProxyDispatchAdapter.java:88)
  at jdk.proxy1/jdk.proxy1.$Proxy4.processTestDefinition(Unknown Source)
  at org.gradle.api.internal.tasks.testing.worker.TestWorker$2.run(TestWorker.java:178)
  at org.gradle.api.internal.tasks.testing.worker.TestWorker.executeAndMaintainThreadName(TestWorker.java:126)
  at org.gradle.api.internal.tasks.testing.worker.TestWorker.execute(TestWorker.java:103)
  at org.gradle.api.internal.tasks.testing.worker.TestWorker.execute(TestWorker.java:63)
  at org.gradle.process.internal.worker.child.ActionExecutionWorker.execute(ActionExecutionWorker.java:56)
  at org.gradle.process.internal.worker.child.SystemApplicationClassLoaderWorker.call(SystemApplicationClassLoaderWorker.java:122)
  at org.gradle.process.internal.worker.child.SystemApplicationClassLoaderWorker.call(SystemApplicationClassLoaderWorker.java:72)
  at worker.org.gradle.process.internal.worker.GradleWorkerMain.run(GradleWorkerMain.java:69)
  at worker.org.gradle.process.internal.worker.GradleWorkerMain.main(GradleWorkerMain.java:74)
</stacktrace>
</test-failure>


TypeScriptCompilerTests_E[jvm] > excessPropertyCheckWithEmptyObject_ts has expected errors matching excessPropertyCheckWithEmptyObject_errors_txt[jvm] FAILED

<test-failure test="com.xemantic.typescript.compiler.TypeScriptCompilerTests_E.es6ImportDefaultBindingFollowedWithNamedImportDts_ts has expected errors matching es6ImportDefaultBindingFollowedWithNamedImportDts_errors_txt" platform="jvm">
<message>
Expected diagnostics from baseline typescript-repo/tests/baselines/reference/es6ImportDefaultBindingFollowedWithNamedImportDts.errors.txt but none produced
</message>
<stacktrace>
  at com.xemantic.typescript.compiler.TypeScriptTestSupportKt.errorsMatchBaseline(TypeScriptTestSupport.kt:125)
  at com.xemantic.typescript.compiler.TypeScriptCompilerTests_E.es6ImportDefaultBindingFollowedWithNamedImportDts_ts has expected errors matching es6ImportDefaultBindingFollowedWithNamedImportDts_errors_txt(TypeScriptCompilerTests_E.kt:3171)
  at java.base/jdk.internal.reflect.DirectMethodHandleAccessor.invoke(DirectMethodHandleAccessor.java:104)
  at java.base/java.lang.reflect.Method.invoke(Method.java:565)
  at org.junit.runners.model.FrameworkMethod$1.runReflectiveCall(FrameworkMethod.java:59)
  at org.junit.internal.runners.model.ReflectiveCallable.run(ReflectiveCallable.java:12)
  at org.junit.runners.model.FrameworkMethod.invokeExplosively(FrameworkMethod.java:56)
  at org.junit.internal.runners.statements.InvokeMethod.evaluate(InvokeMethod.java:17)
  at org.junit.runners.ParentRunner$3.evaluate(ParentRunner.java:306)
  at org.junit.runners.BlockJUnit4ClassRunner$1.evaluate(BlockJUnit4ClassRunner.java:100)
  at org.junit.runners.ParentRunner.runLeaf(ParentRunner.java:366)
  at org.junit.runners.BlockJUnit4ClassRunner.runChild(BlockJUnit4ClassRunner.java:103)
  at org.junit.runners.BlockJUnit4ClassRunner.runChild(BlockJUnit4ClassRunner.java:63)
  at org.junit.runners.ParentRunner$4.run(ParentRunner.java:331)
  at org.junit.runners.ParentRunner$1.schedule(ParentRunner.java:79)
  at org.junit.runners.ParentRunner.runChildren(ParentRunner.java:329)
  at org.junit.runners.ParentRunner.access$100(ParentRunner.java:66)
  at org.junit.runners.ParentRunner$2.evaluate(ParentRunner.java:293)
  at org.junit.runners.ParentRunner$3.evaluate(ParentRunner.java:306)
  at org.junit.runners.ParentRunner.run(ParentRunner.java:413)
  at org.junit.runner.JUnitCore.run(JUnitCore.java:137)
  at org.junit.runner.JUnitCore.run(JUnitCore.java:115)
  at org.gradle.api.internal.tasks.testing.junit.JUnitTestExecutor.runRequest(JUnitTestExecutor.java:175)
  at org.gradle.api.internal.tasks.testing.junit.JUnitTestExecutor.accept(JUnitTestExecutor.java:84)
  at org.gradle.api.internal.tasks.testing.junit.JUnitTestExecutor.accept(JUnitTestExecutor.java:47)
  at org.gradle.api.internal.tasks.testing.junit.AbstractJUnitTestDefinitionProcessor.processTestDefinition(AbstractJUnitTestDefinitionProcessor.java:65)
  at org.gradle.api.internal.tasks.testing.SuiteTestDefinitionProcessor.processTestDefinition(SuiteTestDefinitionProcessor.java:54)
  at java.base/jdk.internal.reflect.DirectMethodHandleAccessor.invoke(DirectMethodHandleAccessor.java:104)
  at java.base/java.lang.reflect.Method.invoke(Method.java:565)
  at org.gradle.internal.dispatch.MethodInvocation.invokeOn(MethodInvocation.java:77)
  at org.gradle.internal.dispatch.ReflectionDispatch.dispatch(ReflectionDispatch.java:28)
  at org.gradle.internal.dispatch.ReflectionDispatch.dispatch(ReflectionDispatch.java:19)
  at org.gradle.internal.dispatch.ContextClassLoaderDispatch.dispatch(ContextClassLoaderDispatch.java:33)
  at org.gradle.internal.dispatch.ProxyDispatchAdapter$DispatchingInvocationHandler.invoke(ProxyDispatchAdapter.java:88)
  at jdk.proxy1/jdk.proxy1.$Proxy4.processTestDefinition(Unknown Source)
  at org.gradle.api.internal.tasks.testing.worker.TestWorker$2.run(TestWorker.java:178)
  at org.gradle.api.internal.tasks.testing.worker.TestWorker.executeAndMaintainThreadName(TestWorker.java:126)
  at org.gradle.api.internal.tasks.testing.worker.TestWorker.execute(TestWorker.java:103)
  at org.gradle.api.internal.tasks.testing.worker.TestWorker.execute(TestWorker.java:63)
  at org.gradle.process.internal.worker.child.ActionExecutionWorker.execute(ActionExecutionWorker.java:56)
  at org.gradle.process.internal.worker.child.SystemApplicationClassLoaderWorker.call(SystemApplicationClassLoaderWorker.java:122)
  at org.gradle.process.internal.worker.child.SystemApplicationClassLoaderWorker.call(SystemApplicationClassLoaderWorker.java:72)
  at worker.org.gradle.process.internal.worker.GradleWorkerMain.run(GradleWorkerMain.java:69)
  at worker.org.gradle.process.internal.worker.GradleWorkerMain.main(GradleWorkerMain.java:74)
</stacktrace>
</test-failure>


TypeScriptCompilerTests_E[jvm] > es6ImportDefaultBindingFollowedWithNamedImportDts_ts has expected errors matching es6ImportDefaultBindingFollowedWithNamedImportDts_errors_txt[jvm] FAILED

<test-failure test="com.xemantic.typescript.compiler.TypeScriptCompilerTests_E.extendArray_ts has expected errors matching extendArray_errors_txt" platform="jvm">
<message>
Expected diagnostics from baseline typescript-repo/tests/baselines/reference/extendArray.errors.txt but none produced
</message>
<stacktrace>
  at com.xemantic.typescript.compiler.TypeScriptTestSupportKt.errorsMatchBaseline(TypeScriptTestSupport.kt:125)
  at com.xemantic.typescript.compiler.TypeScriptCompilerTests_E.extendArray_ts has expected errors matching extendArray_errors_txt(TypeScriptCompilerTests_E.kt:6307)
  at java.base/jdk.internal.reflect.DirectMethodHandleAccessor.invoke(DirectMethodHandleAccessor.java:104)
  at java.base/java.lang.reflect.Method.invoke(Method.java:565)
  at org.junit.runners.model.FrameworkMethod$1.runReflectiveCall(FrameworkMethod.java:59)
  at org.junit.internal.runners.model.ReflectiveCallable.run(ReflectiveCallable.java:12)
  at org.junit.runners.model.FrameworkMethod.invokeExplosively(FrameworkMethod.java:56)
  at org.junit.internal.runners.statements.InvokeMethod.evaluate(InvokeMethod.java:17)
  at org.junit.runners.ParentRunner$3.evaluate(ParentRunner.java:306)
  at org.junit.runners.BlockJUnit4ClassRunner$1.evaluate(BlockJUnit4ClassRunner.java:100)
  at org.junit.runners.ParentRunner.runLeaf(ParentRunner.java:366)
  at org.junit.runners.BlockJUnit4ClassRunner.runChild(BlockJUnit4ClassRunner.java:103)
  at org.junit.runners.BlockJUnit4ClassRunner.runChild(BlockJUnit4ClassRunner.java:63)
  at org.junit.runners.ParentRunner$4.run(ParentRunner.java:331)
  at org.junit.runners.ParentRunner$1.schedule(ParentRunner.java:79)
  at org.junit.runners.ParentRunner.runChildren(ParentRunner.java:329)
  at org.junit.runners.ParentRunner.access$100(ParentRunner.java:66)
  at org.junit.runners.ParentRunner$2.evaluate(ParentRunner.java:293)
  at org.junit.runners.ParentRunner$3.evaluate(ParentRunner.java:306)
  at org.junit.runners.ParentRunner.run(ParentRunner.java:413)
  at org.junit.runner.JUnitCore.run(JUnitCore.java:137)
  at org.junit.runner.JUnitCore.run(JUnitCore.java:115)
  at org.gradle.api.internal.tasks.testing.junit.JUnitTestExecutor.runRequest(JUnitTestExecutor.java:175)
  at org.gradle.api.internal.tasks.testing.junit.JUnitTestExecutor.accept(JUnitTestExecutor.java:84)
  at org.gradle.api.internal.tasks.testing.junit.JUnitTestExecutor.accept(JUnitTestExecutor.java:47)
  at org.gradle.api.internal.tasks.testing.junit.AbstractJUnitTestDefinitionProcessor.processTestDefinition(AbstractJUnitTestDefinitionProcessor.java:65)
  at org.gradle.api.internal.tasks.testing.SuiteTestDefinitionProcessor.processTestDefinition(SuiteTestDefinitionProcessor.java:54)
  at java.base/jdk.internal.reflect.DirectMethodHandleAccessor.invoke(DirectMethodHandleAccessor.java:104)
  at java.base/java.lang.reflect.Method.invoke(Method.java:565)
  at org.gradle.internal.dispatch.MethodInvocation.invokeOn(MethodInvocation.java:77)
  at org.gradle.internal.dispatch.ReflectionDispatch.dispatch(ReflectionDispatch.java:28)
  at org.gradle.internal.dispatch.ReflectionDispatch.dispatch(ReflectionDispatch.java:19)
  at org.gradle.internal.dispatch.ContextClassLoaderDispatch.dispatch(ContextClassLoaderDispatch.java:33)
  at org.gradle.internal.dispatch.ProxyDispatchAdapter$DispatchingInvocationHandler.invoke(ProxyDispatchAdapter.java:88)
  at jdk.proxy1/jdk.proxy1.$Proxy4.processTestDefinition(Unknown Source)
  at org.gradle.api.internal.tasks.testing.worker.TestWorker$2.run(TestWorker.java:178)
  at org.gradle.api.internal.tasks.testing.worker.TestWorker.executeAndMaintainThreadName(TestWorker.java:126)
  at org.gradle.api.internal.tasks.testing.worker.TestWorker.execute(TestWorker.java:103)
  at org.gradle.api.internal.tasks.testing.worker.TestWorker.execute(TestWorker.java:63)
  at org.gradle.process.internal.worker.child.ActionExecutionWorker.execute(ActionExecutionWorker.java:56)
  at org.gradle.process.internal.worker.child.SystemApplicationClassLoaderWorker.call(SystemApplicationClassLoaderWorker.java:122)
  at org.gradle.process.internal.worker.child.SystemApplicationClassLoaderWorker.call(SystemApplicationClassLoaderWorker.java:72)
  at worker.org.gradle.process.internal.worker.GradleWorkerMain.run(GradleWorkerMain.java:69)
  at worker.org.gradle.process.internal.worker.GradleWorkerMain.main(GradleWorkerMain.java:74)
</stacktrace>
</test-failure>


TypeScriptCompilerTests_E[jvm] > extendArray_ts has expected errors matching extendArray_errors_txt[jvm] FAILED

<test-failure test="com.xemantic.typescript.compiler.TypeScriptCompilerTests_E.errorMessageOnObjectLiteralType_ts has expected errors matching errorMessageOnObjectLiteralType_errors_txt" platform="jvm">
<message>
Expected diagnostics from baseline typescript-repo/tests/baselines/reference/errorMessageOnObjectLiteralType.errors.txt but none produced
</message>
<stacktrace>
  at com.xemantic.typescript.compiler.TypeScriptTestSupportKt.errorsMatchBaseline(TypeScriptTestSupport.kt:125)
  at com.xemantic.typescript.compiler.TypeScriptCompilerTests_E.errorMessageOnObjectLiteralType_ts has expected errors matching errorMessageOnObjectLiteralType_errors_txt(TypeScriptCompilerTests_E.kt:1477)
  at java.base/jdk.internal.reflect.DirectMethodHandleAccessor.invoke(DirectMethodHandleAccessor.java:104)
  at java.base/java.lang.reflect.Method.invoke(Method.java:565)
  at org.junit.runners.model.FrameworkMethod$1.runReflectiveCall(FrameworkMethod.java:59)
  at org.junit.internal.runners.model.ReflectiveCallable.run(ReflectiveCallable.java:12)
  at org.junit.runners.model.FrameworkMethod.invokeExplosively(FrameworkMethod.java:56)
  at org.junit.internal.runners.statements.InvokeMethod.evaluate(InvokeMethod.java:17)
  at org.junit.runners.ParentRunner$3.evaluate(ParentRunner.java:306)
  at org.junit.runners.BlockJUnit4ClassRunner$1.evaluate(BlockJUnit4ClassRunner.java:100)
  at org.junit.runners.ParentRunner.runLeaf(ParentRunner.java:366)
  at org.junit.runners.BlockJUnit4ClassRunner.runChild(BlockJUnit4ClassRunner.java:103)
  at org.junit.runners.BlockJUnit4ClassRunner.runChild(BlockJUnit4ClassRunner.java:63)
  at org.junit.runners.ParentRunner$4.run(ParentRunner.java:331)
  at org.junit.runners.ParentRunner$1.schedule(ParentRunner.java:79)
  at org.junit.runners.ParentRunner.runChildren(ParentRunner.java:329)
  at org.junit.runners.ParentRunner.access$100(ParentRunner.java:66)
  at org.junit.runners.ParentRunner$2.evaluate(ParentRunner.java:293)
  at org.junit.runners.ParentRunner$3.evaluate(ParentRunner.java:306)
  at org.junit.runners.ParentRunner.run(ParentRunner.java:413)
  at org.junit.runner.JUnitCore.run(JUnitCore.java:137)
  at org.junit.runner.JUnitCore.run(JUnitCore.java:115)
  at org.gradle.api.internal.tasks.testing.junit.JUnitTestExecutor.runRequest(JUnitTestExecutor.java:175)
  at org.gradle.api.internal.tasks.testing.junit.JUnitTestExecutor.accept(JUnitTestExecutor.java:84)
  at org.gradle.api.internal.tasks.testing.junit.JUnitTestExecutor.accept(JUnitTestExecutor.java:47)
  at org.gradle.api.internal.tasks.testing.junit.AbstractJUnitTestDefinitionProcessor.processTestDefinition(AbstractJUnitTestDefinitionProcessor.java:65)
  at org.gradle.api.internal.tasks.testing.SuiteTestDefinitionProcessor.processTestDefinition(SuiteTestDefinitionProcessor.java:54)
  at java.base/jdk.internal.reflect.DirectMethodHandleAccessor.invoke(DirectMethodHandleAccessor.java:104)
  at java.base/java.lang.reflect.Method.invoke(Method.java:565)
  at org.gradle.internal.dispatch.MethodInvocation.invokeOn(MethodInvocation.java:77)
  at org.gradle.internal.dispatch.ReflectionDispatch.dispatch(ReflectionDispatch.java:28)
  at org.gradle.internal.dispatch.ReflectionDispatch.dispatch(ReflectionDispatch.java:19)
  at org.gradle.internal.dispatch.ContextClassLoaderDispatch.dispatch(ContextClassLoaderDispatch.java:33)
  at org.gradle.internal.dispatch.ProxyDispatchAdapter$DispatchingInvocationHandler.invoke(ProxyDispatchAdapter.java:88)
  at jdk.proxy1/jdk.proxy1.$Proxy4.processTestDefinition(Unknown Source)
  at org.gradle.api.internal.tasks.testing.worker.TestWorker$2.run(TestWorker.java:178)
  at org.gradle.api.internal.tasks.testing.worker.TestWorker.executeAndMaintainThreadName(TestWorker.java:126)
  at org.gradle.api.internal.tasks.testing.worker.TestWorker.execute(TestWorker.java:103)
  at org.gradle.api.internal.tasks.testing.worker.TestWorker.execute(TestWorker.java:63)
  at org.gradle.process.internal.worker.child.ActionExecutionWorker.execute(ActionExecutionWorker.java:56)
  at org.gradle.process.internal.worker.child.SystemApplicationClassLoaderWorker.call(SystemApplicationClassLoaderWorker.java:122)
  at org.gradle.process.internal.worker.child.SystemApplicationClassLoaderWorker.call(SystemApplicationClassLoaderWorker.java:72)
  at worker.org.gradle.process.internal.worker.GradleWorkerMain.run(GradleWorkerMain.java:69)
  at worker.org.gradle.process.internal.worker.GradleWorkerMain.main(GradleWorkerMain.java:74)
</stacktrace>
</test-failure>


TypeScriptCompilerTests_E[jvm] > errorMessageOnObjectLiteralType_ts has expected errors matching errorMessageOnObjectLiteralType_errors_txt[jvm] FAILED

<test-failure test="com.xemantic.typescript.compiler.TypeScriptCompilerTests_E.es6ImportEqualsExportModuleEs2015Error_ts has expected errors matching es6ImportEqualsExportModuleEs2015Error_errors_txt" platform="jvm">
<message>
--- expected
+++ actual
@@ -1,5 +1,4 @@
 a.ts(2,1): error TS1203: Export assignment cannot be used when targeting ECMAScript modules. Consider using 'export default' or another module format instead.
-main.ts(1,20): error TS2497: This module can only be referenced with ECMAScript imports/exports by turning on the 'allowSyntheticDefaultImports' flag and referencing its default export.
 
 
 ==== a.ts (1 errors) ====
@@ -8,8 +7,6 @@
     ~~~~~~~~~~~
 !!! error TS1203: Export assignment cannot be used when targeting ECMAScript modules. Consider using 'export default' or another module format instead.
     
-==== main.ts (1 errors) ====
+==== main.ts (0 errors) ====
     import * as a from "./a";
-                       ~~~~~
-!!! error TS2497: This module can only be referenced with ECMAScript imports/exports by turning on the 'allowSyntheticDefaultImports' flag and referencing its default export.
     a;

</message>
<stacktrace>
  at org.junit.Assert.fail(Assert.java:89)
  at kotlin.test.junit.JUnitAsserter.fail(JUnitSupport.kt:56)
  at kotlin.test.AssertionsKt__AssertionsKt.fail(Assertions.kt:563)
  at kotlin.test.AssertionsKt.fail(Unknown Source)
  at com.xemantic.kotlin.test.SameAsKt.sameAs(SameAs.kt:52)
  at com.xemantic.typescript.compiler.TypeScriptTestSupportKt.errorsMatchBaseline(TypeScriptTestSupport.kt:135)
  at com.xemantic.typescript.compiler.TypeScriptCompilerTests_E.es6ImportEqualsExportModuleEs2015Error_ts has expected errors matching es6ImportEqualsExportModuleEs2015Error_errors_txt(TypeScriptCompilerTests_E.kt:3465)
  at java.base/jdk.internal.reflect.DirectMethodHandleAccessor.invoke(DirectMethodHandleAccessor.java:104)
  at java.base/java.lang.reflect.Method.invoke(Method.java:565)
  at org.junit.runners.model.FrameworkMethod$1.runReflectiveCall(FrameworkMethod.java:59)
  at org.junit.internal.runners.model.ReflectiveCallable.run(ReflectiveCallable.java:12)
  at org.junit.runners.model.FrameworkMethod.invokeExplosively(FrameworkMethod.java:56)
  at org.junit.internal.runners.statements.InvokeMethod.evaluate(InvokeMethod.java:17)
  at org.junit.runners.ParentRunner$3.evaluate(ParentRunner.java:306)
  at org.junit.runners.BlockJUnit4ClassRunner$1.evaluate(BlockJUnit4ClassRunner.java:100)
  at org.junit.runners.ParentRunner.runLeaf(ParentRunner.java:366)
  at org.junit.runners.BlockJUnit4ClassRunner.runChild(BlockJUnit4ClassRunner.java:103)
  at org.junit.runners.BlockJUnit4ClassRunner.runChild(BlockJUnit4ClassRunner.java:63)
  at org.junit.runners.ParentRunner$4.run(ParentRunner.java:331)
  at org.junit.runners.ParentRunner$1.schedule(ParentRunner.java:79)
  at org.junit.runners.ParentRunner.runChildren(ParentRunner.java:329)
  at org.junit.runners.ParentRunner.access$100(ParentRunner.java:66)
  at org.junit.runners.ParentRunner$2.evaluate(ParentRunner.java:293)
  at org.junit.runners.ParentRunner$3.evaluate(ParentRunner.java:306)
  at org.junit.runners.ParentRunner.run(ParentRunner.java:413)
  at org.junit.runner.JUnitCore.run(JUnitCore.java:137)
  at org.junit.runner.JUnitCore.run(JUnitCore.java:115)
  at org.gradle.api.internal.tasks.testing.junit.JUnitTestExecutor.runRequest(JUnitTestExecutor.java:175)
  at org.gradle.api.internal.tasks.testing.junit.JUnitTestExecutor.accept(JUnitTestExecutor.java:84)
  at org.gradle.api.internal.tasks.testing.junit.JUnitTestExecutor.accept(JUnitTestExecutor.java:47)
  at org.gradle.api.internal.tasks.testing.junit.AbstractJUnitTestDefinitionProcessor.processTestDefinition(AbstractJUnitTestDefinitionProcessor.java:65)
  at org.gradle.api.internal.tasks.testing.SuiteTestDefinitionProcessor.processTestDefinition(SuiteTestDefinitionProcessor.java:54)
  at java.base/jdk.internal.reflect.DirectMethodHandleAccessor.invoke(DirectMethodHandleAccessor.java:104)
  at java.base/java.lang.reflect.Method.invoke(Method.java:565)
  at org.gradle.internal.dispatch.MethodInvocation.invokeOn(MethodInvocation.java:77)
  at org.gradle.internal.dispatch.ReflectionDispatch.dispatch(ReflectionDispatch.java:28)
  at org.gradle.internal.dispatch.ReflectionDispatch.dispatch(ReflectionDispatch.java:19)
  at org.gradle.internal.dispatch.ContextClassLoaderDispatch.dispatch(ContextClassLoaderDispatch.java:33)
  at org.gradle.internal.dispatch.ProxyDispatchAdapter$DispatchingInvocationHandler.invoke(ProxyDispatchAdapter.java:88)
  at jdk.proxy1/jdk.proxy1.$Proxy4.processTestDefinition(Unknown Source)
  at org.gradle.api.internal.tasks.testing.worker.TestWorker$2.run(TestWorker.java:178)
  at org.gradle.api.internal.tasks.testing.worker.TestWorker.executeAndMaintainThreadName(TestWorker.java:126)
  at org.gradle.api.internal.tasks.testing.worker.TestWorker.execute(TestWorker.java:103)
  at org.gradle.api.internal.tasks.testing.worker.TestWorker.execute(TestWorker.java:63)
  at org.gradle.process.internal.worker.child.ActionExecutionWorker.execute(ActionExecutionWorker.java:56)
  at org.gradle.process.internal.worker.child.SystemApplicationClassLoaderWorker.call(SystemApplicationClassLoaderWorker.java:122)
  at org.gradle.process.internal.worker.child.SystemApplicationClassLoaderWorker.call(SystemApplicationClassLoaderWorker.java:72)
  at worker.org.gradle.process.internal.worker.GradleWorkerMain.run(GradleWorkerMain.java:69)
  at worker.org.gradle.process.internal.worker.GradleWorkerMain.main(GradleWorkerMain.java:74)
</stacktrace>
</test-failure>


TypeScriptCompilerTests_E[jvm] > es6ImportEqualsExportModuleEs2015Error_ts has expected errors matching es6ImportEqualsExportModuleEs2015Error_errors_txt[jvm] FAILED

<test-failure test="com.xemantic.typescript.compiler.TypeScriptCompilerTests_E.exportDefaultAsyncFunction2_ts compiles to JavaScript matching exportDefaultAsyncFunction2_js" platform="jvm">
<message>
--- expected
+++ actual
@@ -31,26 +31,19 @@
 export function async(...args) { }
 export function await(...args) { }
 //// [a.js]
-import { async, await } from './asyncawait';
-export default async(() => await(Promise.resolve(1)));
+import { await } from './asyncawait';
+() => await(Promise.resolve(1));
+;
 //// [b.js]
-var __awaiter = (this && this.__awaiter) || function (thisArg, _arguments, P, generator) {
-    function adopt(value) { return value instanceof P ? value : new P(function (resolve) { resolve(value); }); }
-    return new (P || (P = Promise))(function (resolve, reject) {
-        function fulfilled(value) { try { step(generator.next(value)); } catch (e) { reject(e); } }
-        function rejected(value) { try { step(generator["throw"](value)); } catch (e) { reject(e); } }
-        function step(result) { result.done ? resolve(result.value) : adopt(result.value).then(fulfilled, rejected); }
-        step((generator = generator.apply(thisArg, _arguments || [])).next());
-    });
-};
-export default () => __awaiter(void 0, void 0, void 0, function* () { return 0; });
+{
+    return 0;
+}
+;
+export {};
 //// [c.js]
-import { async } from './asyncawait';
-export default async();
+export {};
 //// [d.js]
-import { async } from './asyncawait';
-export default async;
+export {};
 //// [e.js]
-import { async } from './asyncawait';
-export default async;
-export function foo() { }
+function foo() { }
+export {};

</message>
<stacktrace>
  at org.junit.Assert.fail(Assert.java:89)
  at kotlin.test.junit.JUnitAsserter.fail(JUnitSupport.kt:56)
  at kotlin.test.AssertionsKt__AssertionsKt.fail(Assertions.kt:563)
  at kotlin.test.AssertionsKt.fail(Unknown Source)
  at com.xemantic.kotlin.test.SameAsKt.sameAs(SameAs.kt:52)
  at com.xemantic.typescript.compiler.TypeScriptTestSupportKt.sameAs(TypeScriptTestSupport.kt:99)
  at com.xemantic.typescript.compiler.TypeScriptCompilerTests_E.exportDefaultAsyncFunction2_ts compiles to JavaScript matching exportDefaultAsyncFunction2_js(TypeScriptCompilerTests_E.kt:5026)
  at java.base/jdk.internal.reflect.DirectMethodHandleAccessor.invoke(DirectMethodHandleAccessor.java:104)
  at java.base/java.lang.reflect.Method.invoke(Method.java:565)
  at org.junit.runners.model.FrameworkMethod$1.runReflectiveCall(FrameworkMethod.java:59)
  at org.junit.internal.runners.model.ReflectiveCallable.run(ReflectiveCallable.java:12)
  at org.junit.runners.model.FrameworkMethod.invokeExplosively(FrameworkMethod.java:56)
  at org.junit.internal.runners.statements.InvokeMethod.evaluate(InvokeMethod.java:17)
  at org.junit.runners.ParentRunner$3.evaluate(ParentRunner.java:306)
  at org.junit.runners.BlockJUnit4ClassRunner$1.evaluate(BlockJUnit4ClassRunner.java:100)
  at org.junit.runners.ParentRunner.runLeaf(ParentRunner.java:366)
  at org.junit.runners.BlockJUnit4ClassRunner.runChild(BlockJUnit4ClassRunner.java:103)
  at org.junit.runners.BlockJUnit4ClassRunner.runChild(BlockJUnit4ClassRunner.java:63)
  at org.junit.runners.ParentRunner$4.run(ParentRunner.java:331)
  at org.junit.runners.ParentRunner$1.schedule(ParentRunner.java:79)
  at org.junit.runners.ParentRunner.runChildren(ParentRunner.java:329)
  at org.junit.runners.ParentRunner.access$100(ParentRunner.java:66)
  at org.junit.runners.ParentRunner$2.evaluate(ParentRunner.java:293)
  at org.junit.runners.ParentRunner$3.evaluate(ParentRunner.java:306)
  at org.junit.runners.ParentRunner.run(ParentRunner.java:413)
  at org.junit.runner.JUnitCore.run(JUnitCore.java:137)
  at org.junit.runner.JUnitCore.run(JUnitCore.java:115)
  at org.gradle.api.internal.tasks.testing.junit.JUnitTestExecutor.runRequest(JUnitTestExecutor.java:175)
  at org.gradle.api.internal.tasks.testing.junit.JUnitTestExecutor.accept(JUnitTestExecutor.java:84)
  at org.gradle.api.internal.tasks.testing.junit.JUnitTestExecutor.accept(JUnitTestExecutor.java:47)
  at org.gradle.api.internal.tasks.testing.junit.AbstractJUnitTestDefinitionProcessor.processTestDefinition(AbstractJUnitTestDefinitionProcessor.java:65)
  at org.gradle.api.internal.tasks.testing.SuiteTestDefinitionProcessor.processTestDefinition(SuiteTestDefinitionProcessor.java:54)
  at java.base/jdk.internal.reflect.DirectMethodHandleAccessor.invoke(DirectMethodHandleAccessor.java:104)
  at java.base/java.lang.reflect.Method.invoke(Method.java:565)
  at org.gradle.internal.dispatch.MethodInvocation.invokeOn(MethodInvocation.java:77)
  at org.gradle.internal.dispatch.ReflectionDispatch.dispatch(ReflectionDispatch.java:28)
  at org.gradle.internal.dispatch.ReflectionDispatch.dispatch(ReflectionDispatch.java:19)
  at org.gradle.internal.dispatch.ContextClassLoaderDispatch.dispatch(ContextClassLoaderDispatch.java:33)
  at org.gradle.internal.dispatch.ProxyDispatchAdapter$DispatchingInvocationHandler.invoke(ProxyDispatchAdapter.java:88)
  at jdk.proxy1/jdk.proxy1.$Proxy4.processTestDefinition(Unknown Source)
  at org.gradle.api.internal.tasks.testing.worker.TestWorker$2.run(TestWorker.java:178)
  at org.gradle.api.internal.tasks.testing.worker.TestWorker.executeAndMaintainThreadName(TestWorker.java:126)
  at org.gradle.api.internal.tasks.testing.worker.TestWorker.execute(TestWorker.java:103)
  at org.gradle.api.internal.tasks.testing.worker.TestWorker.execute(TestWorker.java:63)
  at org.gradle.process.internal.worker.child.ActionExecutionWorker.execute(ActionExecutionWorker.java:56)
  at org.gradle.process.internal.worker.child.SystemApplicationClassLoaderWorker.call(SystemApplicationClassLoaderWorker.java:122)
  at org.gradle.process.internal.worker.child.SystemApplicationClassLoaderWorker.call(SystemApplicationClassLoaderWorker.java:72)
  at worker.org.gradle.process.internal.worker.GradleWorkerMain.run(GradleWorkerMain.java:69)
  at worker.org.gradle.process.internal.worker.GradleWorkerMain.main(GradleWorkerMain.java:74)
</stacktrace>
</test-failure>


TypeScriptCompilerTests_E[jvm] > exportDefaultAsyncFunction2_ts compiles to JavaScript matching exportDefaultAsyncFunction2_js[jvm] FAILED

<test-failure test="com.xemantic.typescript.compiler.TypeScriptCompilerTests_E.emptyObjectNotSubtypeOfIndexSignatureContainingObject2_ts has expected errors matching emptyObjectNotSubtypeOfIndexSignatureContainingObject2_errors_txt" platform="jvm">
<message>
Expected diagnostics from baseline typescript-repo/tests/baselines/reference/emptyObjectNotSubtypeOfIndexSignatureContainingObject2.errors.txt but none produced
</message>
<stacktrace>
  at com.xemantic.typescript.compiler.TypeScriptTestSupportKt.errorsMatchBaseline(TypeScriptTestSupport.kt:125)
  at com.xemantic.typescript.compiler.TypeScriptCompilerTests_E.emptyObjectNotSubtypeOfIndexSignatureContainingObject2_ts has expected errors matching emptyObjectNotSubtypeOfIndexSignatureContainingObject2_errors_txt(TypeScriptCompilerTests_E.kt:637)
  at java.base/jdk.internal.reflect.DirectMethodHandleAccessor.invoke(DirectMethodHandleAccessor.java:104)
  at java.base/java.lang.reflect.Method.invoke(Method.java:565)
  at org.junit.runners.model.FrameworkMethod$1.runReflectiveCall(FrameworkMethod.java:59)
  at org.junit.internal.runners.model.ReflectiveCallable.run(ReflectiveCallable.java:12)
  at org.junit.runners.model.FrameworkMethod.invokeExplosively(FrameworkMethod.java:56)
  at org.junit.internal.runners.statements.InvokeMethod.evaluate(InvokeMethod.java:17)
  at org.junit.runners.ParentRunner$3.evaluate(ParentRunner.java:306)
  at org.junit.runners.BlockJUnit4ClassRunner$1.evaluate(BlockJUnit4ClassRunner.java:100)
  at org.junit.runners.ParentRunner.runLeaf(ParentRunner.java:366)
  at org.junit.runners.BlockJUnit4ClassRunner.runChild(BlockJUnit4ClassRunner.java:103)
  at org.junit.runners.BlockJUnit4ClassRunner.runChild(BlockJUnit4ClassRunner.java:63)
  at org.junit.runners.ParentRunner$4.run(ParentRunner.java:331)
  at org.junit.runners.ParentRunner$1.schedule(ParentRunner.java:79)
  at org.junit.runners.ParentRunner.runChildren(ParentRunner.java:329)
  at org.junit.runners.ParentRunner.access$100(ParentRunner.java:66)
  at org.junit.runners.ParentRunner$2.evaluate(ParentRunner.java:293)
  at org.junit.runners.ParentRunner$3.evaluate(ParentRunner.java:306)
  at org.junit.runners.ParentRunner.run(ParentRunner.java:413)
  at org.junit.runner.JUnitCore.run(JUnitCore.java:137)
  at org.junit.runner.JUnitCore.run(JUnitCore.java:115)
  at org.gradle.api.internal.tasks.testing.junit.JUnitTestExecutor.runRequest(JUnitTestExecutor.java:175)
  at org.gradle.api.internal.tasks.testing.junit.JUnitTestExecutor.accept(JUnitTestExecutor.java:84)
  at org.gradle.api.internal.tasks.testing.junit.JUnitTestExecutor.accept(JUnitTestExecutor.java:47)
  at org.gradle.api.internal.tasks.testing.junit.AbstractJUnitTestDefinitionProcessor.processTestDefinition(AbstractJUnitTestDefinitionProcessor.java:65)
  at org.gradle.api.internal.tasks.testing.SuiteTestDefinitionProcessor.processTestDefinition(SuiteTestDefinitionProcessor.java:54)
  at java.base/jdk.internal.reflect.DirectMethodHandleAccessor.invoke(DirectMethodHandleAccessor.java:104)
  at java.base/java.lang.reflect.Method.invoke(Method.java:565)
  at org.gradle.internal.dispatch.MethodInvocation.invokeOn(MethodInvocation.java:77)
  at org.gradle.internal.dispatch.ReflectionDispatch.dispatch(ReflectionDispatch.java:28)
  at org.gradle.internal.dispatch.ReflectionDispatch.dispatch(ReflectionDispatch.java:19)
  at org.gradle.internal.dispatch.ContextClassLoaderDispatch.dispatch(ContextClassLoaderDispatch.java:33)
  at org.gradle.internal.dispatch.ProxyDispatchAdapter$DispatchingInvocationHandler.invoke(ProxyDispatchAdapter.java:88)
  at jdk.proxy1/jdk.proxy1.$Proxy4.processTestDefinition(Unknown Source)
  at org.gradle.api.internal.tasks.testing.worker.TestWorker$2.run(TestWorker.java:178)
  at org.gradle.api.internal.tasks.testing.worker.TestWorker.executeAndMaintainThreadName(TestWorker.java:126)
  at org.gradle.api.internal.tasks.testing.worker.TestWorker.execute(TestWorker.java:103)
  at org.gradle.api.internal.tasks.testing.worker.TestWorker.execute(TestWorker.java:63)
  at org.gradle.process.internal.worker.child.ActionExecutionWorker.execute(ActionExecutionWorker.java:56)
  at org.gradle.process.internal.worker.child.SystemApplicationClassLoaderWorker.call(SystemApplicationClassLoaderWorker.java:122)
  at org.gradle.process.internal.worker.child.SystemApplicationClassLoaderWorker.call(SystemApplicationClassLoaderWorker.java:72)
  at worker.org.gradle.process.internal.worker.GradleWorkerMain.run(GradleWorkerMain.java:69)
  at worker.org.gradle.process.internal.worker.GradleWorkerMain.main(GradleWorkerMain.java:74)
</stacktrace>
</test-failure>


TypeScriptCompilerTests_E[jvm] > emptyObjectNotSubtypeOfIndexSignatureContainingObject2_ts has expected errors matching emptyObjectNotSubtypeOfIndexSignatureContainingObject2_errors_txt[jvm] FAILED

<test-failure test="com.xemantic.typescript.compiler.TypeScriptCompilerTests_E.es6ModuleInternalNamedImports2_ts has expected errors matching es6ModuleInternalNamedImports2_errors_txt" platform="jvm">
<message>
Expected diagnostics from baseline typescript-repo/tests/baselines/reference/es6ModuleInternalNamedImports2.errors.txt but none produced
</message>
<stacktrace>
  at com.xemantic.typescript.compiler.TypeScriptTestSupportKt.errorsMatchBaseline(TypeScriptTestSupport.kt:125)
  at com.xemantic.typescript.compiler.TypeScriptCompilerTests_E.es6ModuleInternalNamedImports2_ts has expected errors matching es6ModuleInternalNamedImports2_errors_txt(TypeScriptCompilerTests_E.kt:3899)
  at java.base/jdk.internal.reflect.DirectMethodHandleAccessor.invoke(DirectMethodHandleAccessor.java:104)
  at java.base/java.lang.reflect.Method.invoke(Method.java:565)
  at org.junit.runners.model.FrameworkMethod$1.runReflectiveCall(FrameworkMethod.java:59)
  at org.junit.internal.runners.model.ReflectiveCallable.run(ReflectiveCallable.java:12)
  at org.junit.runners.model.FrameworkMethod.invokeExplosively(FrameworkMethod.java:56)
  at org.junit.internal.runners.statements.InvokeMethod.evaluate(InvokeMethod.java:17)
  at org.junit.runners.ParentRunner$3.evaluate(ParentRunner.java:306)
  at org.junit.runners.BlockJUnit4ClassRunner$1.evaluate(BlockJUnit4ClassRunner.java:100)
  at org.junit.runners.ParentRunner.runLeaf(ParentRunner.java:366)
  at org.junit.runners.BlockJUnit4ClassRunner.runChild(BlockJUnit4ClassRunner.java:103)
  at org.junit.runners.BlockJUnit4ClassRunner.runChild(BlockJUnit4ClassRunner.java:63)
  at org.junit.runners.ParentRunner$4.run(ParentRunner.java:331)
  at org.junit.runners.ParentRunner$1.schedule(ParentRunner.java:79)
  at org.junit.runners.ParentRunner.runChildren(ParentRunner.java:329)
  at org.junit.runners.ParentRunner.access$100(ParentRunner.java:66)
  at org.junit.runners.ParentRunner$2.evaluate(ParentRunner.java:293)
  at org.junit.runners.ParentRunner$3.evaluate(ParentRunner.java:306)
  at org.junit.runners.ParentRunner.run(ParentRunner.java:413)
  at org.junit.runner.JUnitCore.run(JUnitCore.java:137)
  at org.junit.runner.JUnitCore.run(JUnitCore.java:115)
  at org.gradle.api.internal.tasks.testing.junit.JUnitTestExecutor.runRequest(JUnitTestExecutor.java:175)
  at org.gradle.api.internal.tasks.testing.junit.JUnitTestExecutor.accept(JUnitTestExecutor.java:84)
  at org.gradle.api.internal.tasks.testing.junit.JUnitTestExecutor.accept(JUnitTestExecutor.java:47)
  at org.gradle.api.internal.tasks.testing.junit.AbstractJUnitTestDefinitionProcessor.processTestDefinition(AbstractJUnitTestDefinitionProcessor.java:65)
  at org.gradle.api.internal.tasks.testing.SuiteTestDefinitionProcessor.processTestDefinition(SuiteTestDefinitionProcessor.java:54)
  at java.base/jdk.internal.reflect.DirectMethodHandleAccessor.invoke(DirectMethodHandleAccessor.java:104)
  at java.base/java.lang.reflect.Method.invoke(Method.java:565)
  at org.gradle.internal.dispatch.MethodInvocation.invokeOn(MethodInvocation.java:77)
  at org.gradle.internal.dispatch.ReflectionDispatch.dispatch(ReflectionDispatch.java:28)
  at org.gradle.internal.dispatch.ReflectionDispatch.dispatch(ReflectionDispatch.java:19)
  at org.gradle.internal.dispatch.ContextClassLoaderDispatch.dispatch(ContextClassLoaderDispatch.java:33)
  at org.gradle.internal.dispatch.ProxyDispatchAdapter$DispatchingInvocationHandler.invoke(ProxyDispatchAdapter.java:88)
  at jdk.proxy1/jdk.proxy1.$Proxy4.processTestDefinition(Unknown Source)
  at org.gradle.api.internal.tasks.testing.worker.TestWorker$2.run(TestWorker.java:178)
  at org.gradle.api.internal.tasks.testing.worker.TestWorker.executeAndMaintainThreadName(TestWorker.java:126)
  at org.gradle.api.internal.tasks.testing.worker.TestWorker.execute(TestWorker.java:103)
  at org.gradle.api.internal.tasks.testing.worker.TestWorker.execute(TestWorker.java:63)
  at org.gradle.process.internal.worker.child.ActionExecutionWorker.execute(ActionExecutionWorker.java:56)
  at org.gradle.process.internal.worker.child.SystemApplicationClassLoaderWorker.call(SystemApplicationClassLoaderWorker.java:122)
  at org.gradle.process.internal.worker.child.SystemApplicationClassLoaderWorker.call(SystemApplicationClassLoaderWorker.java:72)
  at worker.org.gradle.process.internal.worker.GradleWorkerMain.run(GradleWorkerMain.java:69)
  at worker.org.gradle.process.internal.worker.GradleWorkerMain.main(GradleWorkerMain.java:74)
</stacktrace>
</test-failure>


TypeScriptCompilerTests_E[jvm] > es6ModuleInternalNamedImports2_ts has expected errors matching es6ModuleInternalNamedImports2_errors_txt[jvm] FAILED

<test-failure test="com.xemantic.typescript.compiler.TypeScriptCompilerTests_E.elaborationForPossiblyCallableTypeStillReferencesArgumentAtTopLevel_ts has expected errors matching elaborationForPossiblyCallableTypeStillReferencesArgumentAtTopLevel_errors_txt" platform="jvm">
<message>
--- expected
+++ actual
@@ -7,4 +7,3 @@
     ff(ohno)
        ~~~~
 !!! error TS2345: Argument of type 'new () => number' is not assignable to parameter of type 'number'.
-!!! related TS6213 elaborationForPossiblyCallableTypeStillReferencesArgumentAtTopLevel.ts:3:4: Did you mean to use 'new' with this expression?

</message>
<stacktrace>
  at org.junit.Assert.fail(Assert.java:89)
  at kotlin.test.junit.JUnitAsserter.fail(JUnitSupport.kt:56)
  at kotlin.test.AssertionsKt__AssertionsKt.fail(Assertions.kt:563)
  at kotlin.test.AssertionsKt.fail(Unknown Source)
  at com.xemantic.kotlin.test.SameAsKt.sameAs(SameAs.kt:52)
  at com.xemantic.typescript.compiler.TypeScriptTestSupportKt.errorsMatchBaseline(TypeScriptTestSupport.kt:135)
  at com.xemantic.typescript.compiler.TypeScriptCompilerTests_E.elaborationForPossiblyCallableTypeStillReferencesArgumentAtTopLevel_ts has expected errors matching elaborationForPossiblyCallableTypeStillReferencesArgumentAtTopLevel_errors_txt(TypeScriptCompilerTests_E.kt:77)
  at java.base/jdk.internal.reflect.DirectMethodHandleAccessor.invoke(DirectMethodHandleAccessor.java:104)
  at java.base/java.lang.reflect.Method.invoke(Method.java:565)
  at org.junit.runners.model.FrameworkMethod$1.runReflectiveCall(FrameworkMethod.java:59)
  at org.junit.internal.runners.model.ReflectiveCallable.run(ReflectiveCallable.java:12)
  at org.junit.runners.model.FrameworkMethod.invokeExplosively(FrameworkMethod.java:56)
  at org.junit.internal.runners.statements.InvokeMethod.evaluate(InvokeMethod.java:17)
  at org.junit.runners.ParentRunner$3.evaluate(ParentRunner.java:306)
  at org.junit.runners.BlockJUnit4ClassRunner$1.evaluate(BlockJUnit4ClassRunner.java:100)
  at org.junit.runners.ParentRunner.runLeaf(ParentRunner.java:366)
  at org.junit.runners.BlockJUnit4ClassRunner.runChild(BlockJUnit4ClassRunner.java:103)
  at org.junit.runners.BlockJUnit4ClassRunner.runChild(BlockJUnit4ClassRunner.java:63)
  at org.junit.runners.ParentRunner$4.run(ParentRunner.java:331)
  at org.junit.runners.ParentRunner$1.schedule(ParentRunner.java:79)
  at org.junit.runners.ParentRunner.runChildren(ParentRunner.java:329)
  at org.junit.runners.ParentRunner.access$100(ParentRunner.java:66)
  at org.junit.runners.ParentRunner$2.evaluate(ParentRunner.java:293)
  at org.junit.runners.ParentRunner$3.evaluate(ParentRunner.java:306)
  at org.junit.runners.ParentRunner.run(ParentRunner.java:413)
  at org.junit.runner.JUnitCore.run(JUnitCore.java:137)
  at org.junit.runner.JUnitCore.run(JUnitCore.java:115)
  at org.gradle.api.internal.tasks.testing.junit.JUnitTestExecutor.runRequest(JUnitTestExecutor.java:175)
  at org.gradle.api.internal.tasks.testing.junit.JUnitTestExecutor.accept(JUnitTestExecutor.java:84)
  at org.gradle.api.internal.tasks.testing.junit.JUnitTestExecutor.accept(JUnitTestExecutor.java:47)
  at org.gradle.api.internal.tasks.testing.junit.AbstractJUnitTestDefinitionProcessor.processTestDefinition(AbstractJUnitTestDefinitionProcessor.java:65)
  at org.gradle.api.internal.tasks.testing.SuiteTestDefinitionProcessor.processTestDefinition(SuiteTestDefinitionProcessor.java:54)
  at java.base/jdk.internal.reflect.DirectMethodHandleAccessor.invoke(DirectMethodHandleAccessor.java:104)
  at java.base/java.lang.reflect.Method.invoke(Method.java:565)
  at org.gradle.internal.dispatch.MethodInvocation.invokeOn(MethodInvocation.java:77)
  at org.gradle.internal.dispatch.ReflectionDispatch.dispatch(ReflectionDispatch.java:28)
  at org.gradle.internal.dispatch.ReflectionDispatch.dispatch(ReflectionDispatch.java:19)
  at org.gradle.internal.dispatch.ContextClassLoaderDispatch.dispatch(ContextClassLoaderDispatch.java:33)
  at org.gradle.internal.dispatch.ProxyDispatchAdapter$DispatchingInvocationHandler.invoke(ProxyDispatchAdapter.java:88)
  at jdk.proxy1/jdk.proxy1.$Proxy4.processTestDefinition(Unknown Source)
  at org.gradle.api.internal.tasks.testing.worker.TestWorker$2.run(TestWorker.java:178)
  at org.gradle.api.internal.tasks.testing.worker.TestWorker.executeAndMaintainThreadName(TestWorker.java:126)
  at org.gradle.api.internal.tasks.testing.worker.TestWorker.execute(TestWorker.java:103)
  at org.gradle.api.internal.tasks.testing.worker.TestWorker.execute(TestWorker.java:63)
  at org.gradle.process.internal.worker.child.ActionExecutionWorker.execute(ActionExecutionWorker.java:56)
  at org.gradle.process.internal.worker.child.SystemApplicationClassLoaderWorker.call(SystemApplicationClassLoaderWorker.java:122)
  at org.gradle.process.internal.worker.child.SystemApplicationClassLoaderWorker.call(SystemApplicationClassLoaderWorker.java:72)
  at worker.org.gradle.process.internal.worker.GradleWorkerMain.run(GradleWorkerMain.java:69)
  at worker.org.gradle.process.internal.worker.GradleWorkerMain.main(GradleWorkerMain.java:74)
</stacktrace>
</test-failure>


TypeScriptCompilerTests_E[jvm] > elaborationForPossiblyCallableTypeStillReferencesArgumentAtTopLevel_ts has expected errors matching elaborationForPossiblyCallableTypeStillReferencesArgumentAtTopLevel_errors_txt[jvm] FAILED

<test-failure test="com.xemantic.typescript.compiler.TypeScriptCompilerTests_E.erasableSyntaxOnly_ts has expected errors matching erasableSyntaxOnly_errors_txt" platform="jvm">
<message>
Expected diagnostics from baseline typescript-repo/tests/baselines/reference/erasableSyntaxOnly.errors.txt but none produced
</message>
<stacktrace>
  at com.xemantic.typescript.compiler.TypeScriptTestSupportKt.errorsMatchBaseline(TypeScriptTestSupport.kt:125)
  at com.xemantic.typescript.compiler.TypeScriptCompilerTests_E.erasableSyntaxOnly_ts has expected errors matching erasableSyntaxOnly_errors_txt(TypeScriptCompilerTests_E.kt:1239)
  at java.base/jdk.internal.reflect.DirectMethodHandleAccessor.invoke(DirectMethodHandleAccessor.java:104)
  at java.base/java.lang.reflect.Method.invoke(Method.java:565)
  at org.junit.runners.model.FrameworkMethod$1.runReflectiveCall(FrameworkMethod.java:59)
  at org.junit.internal.runners.model.ReflectiveCallable.run(ReflectiveCallable.java:12)
  at org.junit.runners.model.FrameworkMethod.invokeExplosively(FrameworkMethod.java:56)
  at org.junit.internal.runners.statements.InvokeMethod.evaluate(InvokeMethod.java:17)
  at org.junit.runners.ParentRunner$3.evaluate(ParentRunner.java:306)
  at org.junit.runners.BlockJUnit4ClassRunner$1.evaluate(BlockJUnit4ClassRunner.java:100)
  at org.junit.runners.ParentRunner.runLeaf(ParentRunner.java:366)
  at org.junit.runners.BlockJUnit4ClassRunner.runChild(BlockJUnit4ClassRunner.java:103)
  at org.junit.runners.BlockJUnit4ClassRunner.runChild(BlockJUnit4ClassRunner.java:63)
  at org.junit.runners.ParentRunner$4.run(ParentRunner.java:331)
  at org.junit.runners.ParentRunner$1.schedule(ParentRunner.java:79)
  at org.junit.runners.ParentRunner.runChildren(ParentRunner.java:329)
  at org.junit.runners.ParentRunner.access$100(ParentRunner.java:66)
  at org.junit.runners.ParentRunner$2.evaluate(ParentRunner.java:293)
  at org.junit.runners.ParentRunner$3.evaluate(ParentRunner.java:306)
  at org.junit.runners.ParentRunner.run(ParentRunner.java:413)
  at org.junit.runner.JUnitCore.run(JUnitCore.java:137)
  at org.junit.runner.JUnitCore.run(JUnitCore.java:115)
  at org.gradle.api.internal.tasks.testing.junit.JUnitTestExecutor.runRequest(JUnitTestExecutor.java:175)
  at org.gradle.api.internal.tasks.testing.junit.JUnitTestExecutor.accept(JUnitTestExecutor.java:84)
  at org.gradle.api.internal.tasks.testing.junit.JUnitTestExecutor.accept(JUnitTestExecutor.java:47)
  at org.gradle.api.internal.tasks.testing.junit.AbstractJUnitTestDefinitionProcessor.processTestDefinition(AbstractJUnitTestDefinitionProcessor.java:65)
  at org.gradle.api.internal.tasks.testing.SuiteTestDefinitionProcessor.processTestDefinition(SuiteTestDefinitionProcessor.java:54)
  at java.base/jdk.internal.reflect.DirectMethodHandleAccessor.invoke(DirectMethodHandleAccessor.java:104)
  at java.base/java.lang.reflect.Method.invoke(Method.java:565)
  at org.gradle.internal.dispatch.MethodInvocation.invokeOn(MethodInvocation.java:77)
  at org.gradle.internal.dispatch.ReflectionDispatch.dispatch(ReflectionDispatch.java:28)
  at org.gradle.internal.dispatch.ReflectionDispatch.dispatch(ReflectionDispatch.java:19)
  at org.gradle.internal.dispatch.ContextClassLoaderDispatch.dispatch(ContextClassLoaderDispatch.java:33)
  at org.gradle.internal.dispatch.ProxyDispatchAdapter$DispatchingInvocationHandler.invoke(ProxyDispatchAdapter.java:88)
  at jdk.proxy1/jdk.proxy1.$Proxy4.processTestDefinition(Unknown Source)
  at org.gradle.api.internal.tasks.testing.worker.TestWorker$2.run(TestWorker.java:178)
  at org.gradle.api.internal.tasks.testing.worker.TestWorker.executeAndMaintainThreadName(TestWorker.java:126)
  at org.gradle.api.internal.tasks.testing.worker.TestWorker.execute(TestWorker.java:103)
  at org.gradle.api.internal.tasks.testing.worker.TestWorker.execute(TestWorker.java:63)
  at org.gradle.process.internal.worker.child.ActionExecutionWorker.execute(ActionExecutionWorker.java:56)
  at org.gradle.process.internal.worker.child.SystemApplicationClassLoaderWorker.call(SystemApplicationClassLoaderWorker.java:122)
  at org.gradle.process.internal.worker.child.SystemApplicationClassLoaderWorker.call(SystemApplicationClassLoaderWorker.java:72)
  at worker.org.gradle.process.internal.worker.GradleWorkerMain.run(GradleWorkerMain.java:69)
  at worker.org.gradle.process.internal.worker.GradleWorkerMain.main(GradleWorkerMain.java:74)
</stacktrace>
</test-failure>


TypeScriptCompilerTests_E[jvm] > erasableSyntaxOnly_ts has expected errors matching erasableSyntaxOnly_errors_txt[jvm] FAILED

<test-failure test="com.xemantic.typescript.compiler.TypeScriptCompilerTests_E.elaboratedErrorsOnNullableTargets01_ts has expected errors matching elaboratedErrorsOnNullableTargets01_errors_txt" platform="jvm">
<message>
Expected diagnostics from baseline typescript-repo/tests/baselines/reference/elaboratedErrorsOnNullableTargets01.errors.txt but none produced
</message>
<stacktrace>
  at com.xemantic.typescript.compiler.TypeScriptTestSupportKt.errorsMatchBaseline(TypeScriptTestSupport.kt:125)
  at com.xemantic.typescript.compiler.TypeScriptCompilerTests_E.elaboratedErrorsOnNullableTargets01_ts has expected errors matching elaboratedErrorsOnNullableTargets01_errors_txt(TypeScriptCompilerTests_E.kt:63)
  at java.base/jdk.internal.reflect.DirectMethodHandleAccessor.invoke(DirectMethodHandleAccessor.java:104)
  at java.base/java.lang.reflect.Method.invoke(Method.java:565)
  at org.junit.runners.model.FrameworkMethod$1.runReflectiveCall(FrameworkMethod.java:59)
  at org.junit.internal.runners.model.ReflectiveCallable.run(ReflectiveCallable.java:12)
  at org.junit.runners.model.FrameworkMethod.invokeExplosively(FrameworkMethod.java:56)
  at org.junit.internal.runners.statements.InvokeMethod.evaluate(InvokeMethod.java:17)
  at org.junit.runners.ParentRunner$3.evaluate(ParentRunner.java:306)
  at org.junit.runners.BlockJUnit4ClassRunner$1.evaluate(BlockJUnit4ClassRunner.java:100)
  at org.junit.runners.ParentRunner.runLeaf(ParentRunner.java:366)
  at org.junit.runners.BlockJUnit4ClassRunner.runChild(BlockJUnit4ClassRunner.java:103)
  at org.junit.runners.BlockJUnit4ClassRunner.runChild(BlockJUnit4ClassRunner.java:63)
  at org.junit.runners.ParentRunner$4.run(ParentRunner.java:331)
  at org.junit.runners.ParentRunner$1.schedule(ParentRunner.java:79)
  at org.junit.runners.ParentRunner.runChildren(ParentRunner.java:329)
  at org.junit.runners.ParentRunner.access$100(ParentRunner.java:66)
  at org.junit.runners.ParentRunner$2.evaluate(ParentRunner.java:293)
  at org.junit.runners.ParentRunner$3.evaluate(ParentRunner.java:306)
  at org.junit.runners.ParentRunner.run(ParentRunner.java:413)
  at org.junit.runner.JUnitCore.run(JUnitCore.java:137)
  at org.junit.runner.JUnitCore.run(JUnitCore.java:115)
  at org.gradle.api.internal.tasks.testing.junit.JUnitTestExecutor.runRequest(JUnitTestExecutor.java:175)
  at org.gradle.api.internal.tasks.testing.junit.JUnitTestExecutor.accept(JUnitTestExecutor.java:84)
  at org.gradle.api.internal.tasks.testing.junit.JUnitTestExecutor.accept(JUnitTestExecutor.java:47)
  at org.gradle.api.internal.tasks.testing.junit.AbstractJUnitTestDefinitionProcessor.processTestDefinition(AbstractJUnitTestDefinitionProcessor.java:65)
  at org.gradle.api.internal.tasks.testing.SuiteTestDefinitionProcessor.processTestDefinition(SuiteTestDefinitionProcessor.java:54)
  at java.base/jdk.internal.reflect.DirectMethodHandleAccessor.invoke(DirectMethodHandleAccessor.java:104)
  at java.base/java.lang.reflect.Method.invoke(Method.java:565)
  at org.gradle.internal.dispatch.MethodInvocation.invokeOn(MethodInvocation.java:77)
  at org.gradle.internal.dispatch.ReflectionDispatch.dispatch(ReflectionDispatch.java:28)
  at org.gradle.internal.dispatch.ReflectionDispatch.dispatch(ReflectionDispatch.java:19)
  at org.gradle.internal.dispatch.ContextClassLoaderDispatch.dispatch(ContextClassLoaderDispatch.java:33)
  at org.gradle.internal.dispatch.ProxyDispatchAdapter$DispatchingInvocationHandler.invoke(ProxyDispatchAdapter.java:88)
  at jdk.proxy1/jdk.proxy1.$Proxy4.processTestDefinition(Unknown Source)
  at org.gradle.api.internal.tasks.testing.worker.TestWorker$2.run(TestWorker.java:178)
  at org.gradle.api.internal.tasks.testing.worker.TestWorker.executeAndMaintainThreadName(TestWorker.java:126)
  at org.gradle.api.internal.tasks.testing.worker.TestWorker.execute(TestWorker.java:103)
  at org.gradle.api.internal.tasks.testing.worker.TestWorker.execute(TestWorker.java:63)
  at org.gradle.process.internal.worker.child.ActionExecutionWorker.execute(ActionExecutionWorker.java:56)
  at org.gradle.process.internal.worker.child.SystemApplicationClassLoaderWorker.call(SystemApplicationClassLoaderWorker.java:122)
  at org.gradle.process.internal.worker.child.SystemApplicationClassLoaderWorker.call(SystemApplicationClassLoaderWorker.java:72)
  at worker.org.gradle.process.internal.worker.GradleWorkerMain.run(GradleWorkerMain.java:69)
  at worker.org.gradle.process.internal.worker.GradleWorkerMain.main(GradleWorkerMain.java:74)
</stacktrace>
</test-failure>


TypeScriptCompilerTests_E[jvm] > elaboratedErrorsOnNullableTargets01_ts has expected errors matching elaboratedErrorsOnNullableTargets01_errors_txt[jvm] FAILED

<test-failure test="com.xemantic.typescript.compiler.TypeScriptCompilerTests_E.es5-oldStyleOctalLiteralInEnums_ts__target_es5__has expected errors matching baseline" platform="jvm">
<message>
--- expected
+++ actual
@@ -1,15 +1,9 @@
 error TS5107: Option 'target=ES5' is deprecated and will stop functioning in TypeScript 7.0. Specify compilerOption '"ignoreDeprecations": "6.0"' to silence this error.
-es5-oldStyleOctalLiteralInEnums.ts(2,7): error TS1121: Octal literals are not allowed. Use the syntax '-0o1'.
-es5-oldStyleOctalLiteralInEnums.ts(3,7): error TS1121: Octal literals are not allowed. Use the syntax '0o2'.
 
 
 !!! error TS5107: Option 'target=ES5' is deprecated and will stop functioning in TypeScript 7.0. Specify compilerOption '"ignoreDeprecations": "6.0"' to silence this error.
-==== es5-oldStyleOctalLiteralInEnums.ts (2 errors) ====
+==== es5-oldStyleOctalLiteralInEnums.ts (0 errors) ====
     enum E {
       x = -01,
-          ~~~
-!!! error TS1121: Octal literals are not allowed. Use the syntax '-0o1'.
       y = 02,
-          ~~
-!!! error TS1121: Octal literals are not allowed. Use the syntax '0o2'.
     }

</message>
<stacktrace>
  at org.junit.Assert.fail(Assert.java:89)
  at kotlin.test.junit.JUnitAsserter.fail(JUnitSupport.kt:56)
  at kotlin.test.AssertionsKt__AssertionsKt.fail(Assertions.kt:563)
  at kotlin.test.AssertionsKt.fail(Unknown Source)
  at com.xemantic.kotlin.test.SameAsKt.sameAs(SameAs.kt:52)
  at com.xemantic.typescript.compiler.TypeScriptTestSupportKt.errorsMatchBaseline(TypeScriptTestSupport.kt:135)
  at com.xemantic.typescript.compiler.TypeScriptCompilerTests_E.es5-oldStyleOctalLiteralInEnums_ts__target_es5__has expected errors matching baseline(TypeScriptCompilerTests_E.kt:2310)
  at java.base/jdk.internal.reflect.DirectMethodHandleAccessor.invoke(DirectMethodHandleAccessor.java:104)
  at java.base/java.lang.reflect.Method.invoke(Method.java:565)
  at org.junit.runners.model.FrameworkMethod$1.runReflectiveCall(FrameworkMethod.java:59)
  at org.junit.internal.runners.model.ReflectiveCallable.run(ReflectiveCallable.java:12)
  at org.junit.runners.model.FrameworkMethod.invokeExplosively(FrameworkMethod.java:56)
  at org.junit.internal.runners.statements.InvokeMethod.evaluate(InvokeMethod.java:17)
  at org.junit.runners.ParentRunner$3.evaluate(ParentRunner.java:306)
  at org.junit.runners.BlockJUnit4ClassRunner$1.evaluate(BlockJUnit4ClassRunner.java:100)
  at org.junit.runners.ParentRunner.runLeaf(ParentRunner.java:366)
  at org.junit.runners.BlockJUnit4ClassRunner.runChild(BlockJUnit4ClassRunner.java:103)
  at org.junit.runners.BlockJUnit4ClassRunner.runChild(BlockJUnit4ClassRunner.java:63)
  at org.junit.runners.ParentRunner$4.run(ParentRunner.java:331)
  at org.junit.runners.ParentRunner$1.schedule(ParentRunner.java:79)
  at org.junit.runners.ParentRunner.runChildren(ParentRunner.java:329)
  at org.junit.runners.ParentRunner.access$100(ParentRunner.java:66)
  at org.junit.runners.ParentRunner$2.evaluate(ParentRunner.java:293)
  at org.junit.runners.ParentRunner$3.evaluate(ParentRunner.java:306)
  at org.junit.runners.ParentRunner.run(ParentRunner.java:413)
  at org.junit.runner.JUnitCore.run(JUnitCore.java:137)
  at org.junit.runner.JUnitCore.run(JUnitCore.java:115)
  at org.gradle.api.internal.tasks.testing.junit.JUnitTestExecutor.runRequest(JUnitTestExecutor.java:175)
  at org.gradle.api.internal.tasks.testing.junit.JUnitTestExecutor.accept(JUnitTestExecutor.java:84)
  at org.gradle.api.internal.tasks.testing.junit.JUnitTestExecutor.accept(JUnitTestExecutor.java:47)
  at org.gradle.api.internal.tasks.testing.junit.AbstractJUnitTestDefinitionProcessor.processTestDefinition(AbstractJUnitTestDefinitionProcessor.java:65)
  at org.gradle.api.internal.tasks.testing.SuiteTestDefinitionProcessor.processTestDefinition(SuiteTestDefinitionProcessor.java:54)
  at java.base/jdk.internal.reflect.DirectMethodHandleAccessor.invoke(DirectMethodHandleAccessor.java:104)
  at java.base/java.lang.reflect.Method.invoke(Method.java:565)
  at org.gradle.internal.dispatch.MethodInvocation.invokeOn(MethodInvocation.java:77)
  at org.gradle.internal.dispatch.ReflectionDispatch.dispatch(ReflectionDispatch.java:28)
  at org.gradle.internal.dispatch.ReflectionDispatch.dispatch(ReflectionDispatch.java:19)
  at org.gradle.internal.dispatch.ContextClassLoaderDispatch.dispatch(ContextClassLoaderDispatch.java:33)
  at org.gradle.internal.dispatch.ProxyDispatchAdapter$DispatchingInvocationHandler.invoke(ProxyDispatchAdapter.java:88)
  at jdk.proxy1/jdk.proxy1.$Proxy4.processTestDefinition(Unknown Source)
  at org.gradle.api.internal.tasks.testing.worker.TestWorker$2.run(TestWorker.java:178)
  at org.gradle.api.internal.tasks.testing.worker.TestWorker.executeAndMaintainThreadName(TestWorker.java:126)
  at org.gradle.api.internal.tasks.testing.worker.TestWorker.execute(TestWorker.java:103)
  at org.gradle.api.internal.tasks.testing.worker.TestWorker.execute(TestWorker.java:63)
  at org.gradle.process.internal.worker.child.ActionExecutionWorker.execute(ActionExecutionWorker.java:56)
  at org.gradle.process.internal.worker.child.SystemApplicationClassLoaderWorker.call(SystemApplicationClassLoaderWorker.java:122)
  at org.gradle.process.internal.worker.child.SystemApplicationClassLoaderWorker.call(SystemApplicationClassLoaderWorker.java:72)
  at worker.org.gradle.process.internal.worker.GradleWorkerMain.run(GradleWorkerMain.java:69)
  at worker.org.gradle.process.internal.worker.GradleWorkerMain.main(GradleWorkerMain.java:74)
</stacktrace>
</test-failure>


TypeScriptCompilerTests_E[jvm] > es5-oldStyleOctalLiteralInEnums_ts__target_es5__has expected errors matching baseline[jvm] FAILED

<test-failure test="com.xemantic.typescript.compiler.TypeScriptCompilerTests_E.extendedUnicodePlaneIdentifiers_ts compiles to JavaScript matching extendedUnicodePlaneIdentifiers_js" platform="jvm">
<message>
--- expected
+++ actual
@@ -47,17 +47,13 @@
 
 //// [extendedUnicodePlaneIdentifiers.js]
 "use strict";
-var _K_𝑚, _K_𝑀;
 const 𝑚 = 4;
 const 𝑀 = 5;
 console.log(𝑀 + 𝑚); // 9
 class K {
-    constructor() {
-        _K_𝑚.set(this, 4);
-        _K_𝑀.set(this, 5);
-    }
+    #𝑚 = 4;
+    #𝑀 = 5;
 }
-_K_𝑚 = new WeakMap(), _K_𝑀 = new WeakMap();
 // lower 8 bits look like 'a'
 const ၡ = 6;
 console.log(ၡ ** ၡ);

</message>
<stacktrace>
  at org.junit.Assert.fail(Assert.java:89)
  at kotlin.test.junit.JUnitAsserter.fail(JUnitSupport.kt:56)
  at kotlin.test.AssertionsKt__AssertionsKt.fail(Assertions.kt:563)
  at kotlin.test.AssertionsKt.fail(Unknown Source)
  at com.xemantic.kotlin.test.SameAsKt.sameAs(SameAs.kt:52)
  at com.xemantic.typescript.compiler.TypeScriptTestSupportKt.sameAs(TypeScriptTestSupport.kt:99)
  at com.xemantic.typescript.compiler.TypeScriptCompilerTests_E.extendedUnicodePlaneIdentifiers_ts compiles to JavaScript matching extendedUnicodePlaneIdentifiers_js(TypeScriptCompilerTests_E.kt:6482)
  at java.base/jdk.internal.reflect.DirectMethodHandleAccessor.invoke(DirectMethodHandleAccessor.java:104)
  at java.base/java.lang.reflect.Method.invoke(Method.java:565)
  at org.junit.runners.model.FrameworkMethod$1.runReflectiveCall(FrameworkMethod.java:59)
  at org.junit.internal.runners.model.ReflectiveCallable.run(ReflectiveCallable.java:12)
  at org.junit.runners.model.FrameworkMethod.invokeExplosively(FrameworkMethod.java:56)
  at org.junit.internal.runners.statements.InvokeMethod.evaluate(InvokeMethod.java:17)
  at org.junit.runners.ParentRunner$3.evaluate(ParentRunner.java:306)
  at org.junit.runners.BlockJUnit4ClassRunner$1.evaluate(BlockJUnit4ClassRunner.java:100)
  at org.junit.runners.ParentRunner.runLeaf(ParentRunner.java:366)
  at org.junit.runners.BlockJUnit4ClassRunner.runChild(BlockJUnit4ClassRunner.java:103)
  at org.junit.runners.BlockJUnit4ClassRunner.runChild(BlockJUnit4ClassRunner.java:63)
  at org.junit.runners.ParentRunner$4.run(ParentRunner.java:331)
  at org.junit.runners.ParentRunner$1.schedule(ParentRunner.java:79)
  at org.junit.runners.ParentRunner.runChildren(ParentRunner.java:329)
  at org.junit.runners.ParentRunner.access$100(ParentRunner.java:66)
  at org.junit.runners.ParentRunner$2.evaluate(ParentRunner.java:293)
  at org.junit.runners.ParentRunner$3.evaluate(ParentRunner.java:306)
  at org.junit.runners.ParentRunner.run(ParentRunner.java:413)
  at org.junit.runner.JUnitCore.run(JUnitCore.java:137)
  at org.junit.runner.JUnitCore.run(JUnitCore.java:115)
  at org.gradle.api.internal.tasks.testing.junit.JUnitTestExecutor.runRequest(JUnitTestExecutor.java:175)
  at org.gradle.api.internal.tasks.testing.junit.JUnitTestExecutor.accept(JUnitTestExecutor.java:84)
  at org.gradle.api.internal.tasks.testing.junit.JUnitTestExecutor.accept(JUnitTestExecutor.java:47)
  at org.gradle.api.internal.tasks.testing.junit.AbstractJUnitTestDefinitionProcessor.processTestDefinition(AbstractJUnitTestDefinitionProcessor.java:65)
  at org.gradle.api.internal.tasks.testing.SuiteTestDefinitionProcessor.processTestDefinition(SuiteTestDefinitionProcessor.java:54)
  at java.base/jdk.internal.reflect.DirectMethodHandleAccessor.invoke(DirectMethodHandleAccessor.java:104)
  at java.base/java.lang.reflect.Method.invoke(Method.java:565)
  at org.gradle.internal.dispatch.MethodInvocation.invokeOn(MethodInvocation.java:77)
  at org.gradle.internal.dispatch.ReflectionDispatch.dispatch(ReflectionDispatch.java:28)
  at org.gradle.internal.dispatch.ReflectionDispatch.dispatch(ReflectionDispatch.java:19)
  at org.gradle.internal.dispatch.ContextClassLoaderDispatch.dispatch(ContextClassLoaderDispatch.java:33)
  at org.gradle.internal.dispatch.ProxyDispatchAdapter$DispatchingInvocationHandler.invoke(ProxyDispatchAdapter.java:88)
  at jdk.proxy1/jdk.proxy1.$Proxy4.processTestDefinition(Unknown Source)
  at org.gradle.api.internal.tasks.testing.worker.TestWorker$2.run(TestWorker.java:178)
  at org.gradle.api.internal.tasks.testing.worker.TestWorker.executeAndMaintainThreadName(TestWorker.java:126)
  at org.gradle.api.internal.tasks.testing.worker.TestWorker.execute(TestWorker.java:103)
  at org.gradle.api.internal.tasks.testing.worker.TestWorker.execute(TestWorker.java:63)
  at org.gradle.process.internal.worker.child.ActionExecutionWorker.execute(ActionExecutionWorker.java:56)
  at org.gradle.process.internal.worker.child.SystemApplicationClassLoaderWorker.call(SystemApplicationClassLoaderWorker.java:122)
  at org.gradle.process.internal.worker.child.SystemApplicationClassLoaderWorker.call(SystemApplicationClassLoaderWorker.java:72)
  at worker.org.gradle.process.internal.worker.GradleWorkerMain.run(GradleWorkerMain.java:69)
  at worker.org.gradle.process.internal.worker.GradleWorkerMain.main(GradleWorkerMain.java:74)
</stacktrace>
</test-failure>


TypeScriptCompilerTests_E[jvm] > extendedUnicodePlaneIdentifiers_ts compiles to JavaScript matching extendedUnicodePlaneIdentifiers_js[jvm] FAILED

<test-failure test="com.xemantic.typescript.compiler.TypeScriptCompilerTests_E.exhaustiveSwitchImplicitReturn_ts has expected errors matching exhaustiveSwitchImplicitReturn_errors_txt" platform="jvm">
<message>
--- expected
+++ actual
@@ -1,8 +1,15 @@
+exhaustiveSwitchImplicitReturn.ts(1,26): error TS2366: Function lacks ending return statement and return type does not include 'undefined'.
+exhaustiveSwitchImplicitReturn.ts(8,26): error TS2366: Function lacks ending return statement and return type does not include 'undefined'.
+exhaustiveSwitchImplicitReturn.ts(17,26): error TS2366: Function lacks ending return statement and return type does not include 'undefined'.
+exhaustiveSwitchImplicitReturn.ts(26,26): error TS2366: Function lacks ending return statement and return type does not include 'undefined'.
 exhaustiveSwitchImplicitReturn.ts(35,32): error TS2366: Function lacks ending return statement and return type does not include 'undefined'.
+exhaustiveSwitchImplicitReturn.ts(42,50): error TS2366: Function lacks ending return statement and return type does not include 'undefined'.
 
 
-==== exhaustiveSwitchImplicitReturn.ts (1 errors) ====
+==== exhaustiveSwitchImplicitReturn.ts (6 errors) ====
     function foo1(bar: "a"): number {
+                             ~~~~~~
+!!! error TS2366: Function lacks ending return statement and return type does not include 'undefined'.
         switch(bar) {
             case "a":
                 return 1;
@@ -10,6 +17,8 @@
     }
     
     function foo2(bar: "a"): number {
+                             ~~~~~~
+!!! error TS2366: Function lacks ending return statement and return type does not include 'undefined'.
         switch(bar) {
             case "a":
                 return 1;
@@ -19,6 +28,8 @@
     }
     
     function foo3(bar: "a"): number {
+                             ~~~~~~
+!!! error TS2366: Function lacks ending return statement and return type does not include 'undefined'.
         switch(bar) {
             case "a":
                 return 1;
@@ -28,6 +39,8 @@
     }
     
     function foo4(bar: "a"): number {
+                             ~~~~~~
+!!! error TS2366: Function lacks ending return statement and return type does not include 'undefined'.
         switch(bar) {
             case "a":
                 return 1;
@@ -46,6 +59,8 @@
     }
     
     function foo6(bar: "a", a: boolean, b: boolean): number {
+                                                     ~~~~~~
+!!! error TS2366: Function lacks ending return statement and return type does not include 'undefined'.
         if (a) {
             switch (bar) {
                 case "a": return 1;

</message>
<stacktrace>
  at org.junit.Assert.fail(Assert.java:89)
  at kotlin.test.junit.JUnitAsserter.fail(JUnitSupport.kt:56)
  at kotlin.test.AssertionsKt__AssertionsKt.fail(Assertions.kt:563)
  at kotlin.test.AssertionsKt.fail(Unknown Source)
  at com.xemantic.kotlin.test.SameAsKt.sameAs(SameAs.kt:52)
  at com.xemantic.typescript.compiler.TypeScriptTestSupportKt.errorsMatchBaseline(TypeScriptTestSupport.kt:135)
  at com.xemantic.typescript.compiler.TypeScriptCompilerTests_E.exhaustiveSwitchImplicitReturn_ts has expected errors matching exhaustiveSwitchImplicitReturn_errors_txt(TypeScriptCompilerTests_E.kt:4438)
  at java.base/jdk.internal.reflect.DirectMethodHandleAccessor.invoke(DirectMethodHandleAccessor.java:104)
  at java.base/java.lang.reflect.Method.invoke(Method.java:565)
  at org.junit.runners.model.FrameworkMethod$1.runReflectiveCall(FrameworkMethod.java:59)
  at org.junit.internal.runners.model.ReflectiveCallable.run(ReflectiveCallable.java:12)
  at org.junit.runners.model.FrameworkMethod.invokeExplosively(FrameworkMethod.java:56)
  at org.junit.internal.runners.statements.InvokeMethod.evaluate(InvokeMethod.java:17)
  at org.junit.runners.ParentRunner$3.evaluate(ParentRunner.java:306)
  at org.junit.runners.BlockJUnit4ClassRunner$1.evaluate(BlockJUnit4ClassRunner.java:100)
  at org.junit.runners.ParentRunner.runLeaf(ParentRunner.java:366)
  at org.junit.runners.BlockJUnit4ClassRunner.runChild(BlockJUnit4ClassRunner.java:103)
  at org.junit.runners.BlockJUnit4ClassRunner.runChild(BlockJUnit4ClassRunner.java:63)
  at org.junit.runners.ParentRunner$4.run(ParentRunner.java:331)
  at org.junit.runners.ParentRunner$1.schedule(ParentRunner.java:79)
  at org.junit.runners.ParentRunner.runChildren(ParentRunner.java:329)
  at org.junit.runners.ParentRunner.access$100(ParentRunner.java:66)
  at org.junit.runners.ParentRunner$2.evaluate(ParentRunner.java:293)
  at org.junit.runners.ParentRunner$3.evaluate(ParentRunner.java:306)
  at org.junit.runners.ParentRunner.run(ParentRunner.java:413)
  at org.junit.runner.JUnitCore.run(JUnitCore.java:137)
  at org.junit.runner.JUnitCore.run(JUnitCore.java:115)
  at org.gradle.api.internal.tasks.testing.junit.JUnitTestExecutor.runRequest(JUnitTestExecutor.java:175)
  at org.gradle.api.internal.tasks.testing.junit.JUnitTestExecutor.accept(JUnitTestExecutor.java:84)
  at org.gradle.api.internal.tasks.testing.junit.JUnitTestExecutor.accept(JUnitTestExecutor.java:47)
  at org.gradle.api.internal.tasks.testing.junit.AbstractJUnitTestDefinitionProcessor.processTestDefinition(AbstractJUnitTestDefinitionProcessor.java:65)
  at org.gradle.api.internal.tasks.testing.SuiteTestDefinitionProcessor.processTestDefinition(SuiteTestDefinitionProcessor.java:54)
  at java.base/jdk.internal.reflect.DirectMethodHandleAccessor.invoke(DirectMethodHandleAccessor.java:104)
  at java.base/java.lang.reflect.Method.invoke(Method.java:565)
  at org.gradle.internal.dispatch.MethodInvocation.invokeOn(MethodInvocation.java:77)
  at org.gradle.internal.dispatch.ReflectionDispatch.dispatch(ReflectionDispatch.java:28)
  at org.gradle.internal.dispatch.ReflectionDispatch.dispatch(ReflectionDispatch.java:19)
  at org.gradle.internal.dispatch.ContextClassLoaderDispatch.dispatch(ContextClassLoaderDispatch.java:33)
  at org.gradle.internal.dispatch.ProxyDispatchAdapter$DispatchingInvocationHandler.invoke(ProxyDispatchAdapter.java:88)
  at jdk.proxy1/jdk.proxy1.$Proxy4.processTestDefinition(Unknown Source)
  at org.gradle.api.internal.tasks.testing.worker.TestWorker$2.run(TestWorker.java:178)
  at org.gradle.api.internal.tasks.testing.worker.TestWorker.executeAndMaintainThreadName(TestWorker.java:126)
  at org.gradle.api.internal.tasks.testing.worker.TestWorker.execute(TestWorker.java:103)
  at org.gradle.api.internal.tasks.testing.worker.TestWorker.execute(TestWorker.java:63)
  at org.gradle.process.internal.worker.child.ActionExecutionWorker.execute(ActionExecutionWorker.java:56)
  at org.gradle.process.internal.worker.child.SystemApplicationClassLoaderWorker.call(SystemApplicationClassLoaderWorker.java:122)
  at org.gradle.process.internal.worker.child.SystemApplicationClassLoaderWorker.call(SystemApplicationClassLoaderWorker.java:72)
  at worker.org.gradle.process.internal.worker.GradleWorkerMain.run(GradleWorkerMain.java:69)
  at worker.org.gradle.process.internal.worker.GradleWorkerMain.main(GradleWorkerMain.java:74)
</stacktrace>
</test-failure>


TypeScriptCompilerTests_E[jvm] > exhaustiveSwitchImplicitReturn_ts has expected errors matching exhaustiveSwitchImplicitReturn_errors_txt[jvm] FAILED

<test-failure test="com.xemantic.typescript.compiler.TypeScriptCompilerTests_E.es5ModuleInternalNamedImports_ts__target_es5__has expected errors matching baseline" platform="jvm">
<message>
--- expected
+++ actual
@@ -1,20 +1,9 @@
 error TS5107: Option 'target=ES5' is deprecated and will stop functioning in TypeScript 7.0. Specify compilerOption '"ignoreDeprecations": "6.0"' to silence this error.
-es5ModuleInternalNamedImports.ts(22,5): error TS1194: Export declarations are not permitted in a namespace.
-es5ModuleInternalNamedImports.ts(23,5): error TS1194: Export declarations are not permitted in a namespace.
-es5ModuleInternalNamedImports.ts(24,5): error TS1194: Export declarations are not permitted in a namespace.
-es5ModuleInternalNamedImports.ts(25,5): error TS1194: Export declarations are not permitted in a namespace.
-es5ModuleInternalNamedImports.ts(26,5): error TS1194: Export declarations are not permitted in a namespace.
-es5ModuleInternalNamedImports.ts(27,5): error TS1194: Export declarations are not permitted in a namespace.
-es5ModuleInternalNamedImports.ts(28,5): error TS1194: Export declarations are not permitted in a namespace.
-es5ModuleInternalNamedImports.ts(29,5): error TS1194: Export declarations are not permitted in a namespace.
-es5ModuleInternalNamedImports.ts(30,25): error TS1147: Import declarations in a namespace cannot reference a module.
-es5ModuleInternalNamedImports.ts(31,20): error TS1147: Import declarations in a namespace cannot reference a module.
-es5ModuleInternalNamedImports.ts(32,32): error TS1147: Import declarations in a namespace cannot reference a module.
 es5ModuleInternalNamedImports.ts(34,16): error TS2307: Cannot find module 'M3' or its corresponding type declarations.
 
 
 !!! error TS5107: Option 'target=ES5' is deprecated and will stop functioning in TypeScript 7.0. Specify compilerOption '"ignoreDeprecations": "6.0"' to silence this error.
-==== es5ModuleInternalNamedImports.ts (12 errors) ====
+==== es5ModuleInternalNamedImports.ts (1 errors) ====
     export namespace M {
         // variable
         export var M_V = 0;
@@ -37,38 +26,16 @@
     
         // Reexports
         export {M_V as v};
-        ~~~~~~~~~~~~~~~~~~
-!!! error TS1194: Export declarations are not permitted in a namespace.
         export {M_I as i};
-        ~~~~~~~~~~~~~~~~~~
-!!! error TS1194: Export declarations are not permitted in a namespace.
         export {M_C as c};
-        ~~~~~~~~~~~~~~~~~~
-!!! error TS1194: Export declarations are not permitted in a namespace.
         export {M_M as m};
-        ~~~~~~~~~~~~~~~~~~
-!!! error TS1194: Export declarations are not permitted in a namespace.
         export {M_MU as mu};
-        ~~~~~~~~~~~~~~~~~~~~
-!!! error TS1194: Export declarations are not permitted in a namespace.
         export {M_F as f};
-        ~~~~~~~~~~~~~~~~~~
-!!! error TS1194: Export declarations are not permitted in a namespace.
         export {M_E as e};
-        ~~~~~~~~~~~~~~~~~~
-!!! error TS1194: Export declarations are not permitted in a namespace.
         export {M_A as a};
-        ~~~~~~~~~~~~~~~~~~
-!!! error TS1194: Export declarations are not permitted in a namespace.
         import * as M2 from "M2";
-                            ~~~~
-!!! error TS1147: Import declarations in a namespace cannot reference a module.
         import M4 from "M4";
-                       ~~~~
-!!! error TS1147: Import declarations in a namespace cannot reference a module.
         export import M5 = require("M5");
-                                   ~~~~
-!!! error TS1147: Import declarations in a namespace cannot reference a module.
     }
     import M3 from "M3";
                    ~~~~

</message>
<stacktrace>
  at org.junit.Assert.fail(Assert.java:89)
  at kotlin.test.junit.JUnitAsserter.fail(JUnitSupport.kt:56)
  at kotlin.test.AssertionsKt__AssertionsKt.fail(Assertions.kt:563)
  at kotlin.test.AssertionsKt.fail(Unknown Source)
  at com.xemantic.kotlin.test.SameAsKt.sameAs(SameAs.kt:52)
  at com.xemantic.typescript.compiler.TypeScriptTestSupportKt.errorsMatchBaseline(TypeScriptTestSupport.kt:135)
  at com.xemantic.typescript.compiler.TypeScriptCompilerTests_E.es5ModuleInternalNamedImports_ts__target_es5__has expected errors matching baseline(TypeScriptCompilerTests_E.kt:2618)
  at java.base/jdk.internal.reflect.DirectMethodHandleAccessor.invoke(DirectMethodHandleAccessor.java:104)
  at java.base/java.lang.reflect.Method.invoke(Method.java:565)
  at org.junit.runners.model.FrameworkMethod$1.runReflectiveCall(FrameworkMethod.java:59)
  at org.junit.internal.runners.model.ReflectiveCallable.run(ReflectiveCallable.java:12)
  at org.junit.runners.model.FrameworkMethod.invokeExplosively(FrameworkMethod.java:56)
  at org.junit.internal.runners.statements.InvokeMethod.evaluate(InvokeMethod.java:17)
  at org.junit.runners.ParentRunner$3.evaluate(ParentRunner.java:306)
  at org.junit.runners.BlockJUnit4ClassRunner$1.evaluate(BlockJUnit4ClassRunner.java:100)
  at org.junit.runners.ParentRunner.runLeaf(ParentRunner.java:366)
  at org.junit.runners.BlockJUnit4ClassRunner.runChild(BlockJUnit4ClassRunner.java:103)
  at org.junit.runners.BlockJUnit4ClassRunner.runChild(BlockJUnit4ClassRunner.java:63)
  at org.junit.runners.ParentRunner$4.run(ParentRunner.java:331)
  at org.junit.runners.ParentRunner$1.schedule(ParentRunner.java:79)
  at org.junit.runners.ParentRunner.runChildren(ParentRunner.java:329)
  at org.junit.runners.ParentRunner.access$100(ParentRunner.java:66)
  at org.junit.runners.ParentRunner$2.evaluate(ParentRunner.java:293)
  at org.junit.runners.ParentRunner$3.evaluate(ParentRunner.java:306)
  at org.junit.runners.ParentRunner.run(ParentRunner.java:413)
  at org.junit.runner.JUnitCore.run(JUnitCore.java:137)
  at org.junit.runner.JUnitCore.run(JUnitCore.java:115)
  at org.gradle.api.internal.tasks.testing.junit.JUnitTestExecutor.runRequest(JUnitTestExecutor.java:175)
  at org.gradle.api.internal.tasks.testing.junit.JUnitTestExecutor.accept(JUnitTestExecutor.java:84)
  at org.gradle.api.internal.tasks.testing.junit.JUnitTestExecutor.accept(JUnitTestExecutor.java:47)
  at org.gradle.api.internal.tasks.testing.junit.AbstractJUnitTestDefinitionProcessor.processTestDefinition(AbstractJUnitTestDefinitionProcessor.java:65)
  at org.gradle.api.internal.tasks.testing.SuiteTestDefinitionProcessor.processTestDefinition(SuiteTestDefinitionProcessor.java:54)
  at java.base/jdk.internal.reflect.DirectMethodHandleAccessor.invoke(DirectMethodHandleAccessor.java:104)
  at java.base/java.lang.reflect.Method.invoke(Method.java:565)
  at org.gradle.internal.dispatch.MethodInvocation.invokeOn(MethodInvocation.java:77)
  at org.gradle.internal.dispatch.ReflectionDispatch.dispatch(ReflectionDispatch.java:28)
  at org.gradle.internal.dispatch.ReflectionDispatch.dispatch(ReflectionDispatch.java:19)
  at org.gradle.internal.dispatch.ContextClassLoaderDispatch.dispatch(ContextClassLoaderDispatch.java:33)
  at org.gradle.internal.dispatch.ProxyDispatchAdapter$DispatchingInvocationHandler.invoke(ProxyDispatchAdapter.java:88)
  at jdk.proxy1/jdk.proxy1.$Proxy4.processTestDefinition(Unknown Source)
  at org.gradle.api.internal.tasks.testing.worker.TestWorker$2.run(TestWorker.java:178)
  at org.gradle.api.internal.tasks.testing.worker.TestWorker.executeAndMaintainThreadName(TestWorker.java:126)
  at org.gradle.api.internal.tasks.testing.worker.TestWorker.execute(TestWorker.java:103)
  at org.gradle.api.internal.tasks.testing.worker.TestWorker.execute(TestWorker.java:63)
  at org.gradle.process.internal.worker.child.ActionExecutionWorker.execute(ActionExecutionWorker.java:56)
  at org.gradle.process.internal.worker.child.SystemApplicationClassLoaderWorker.call(SystemApplicationClassLoaderWorker.java:122)
  at org.gradle.process.internal.worker.child.SystemApplicationClassLoaderWorker.call(SystemApplicationClassLoaderWorker.java:72)
  at worker.org.gradle.process.internal.worker.GradleWorkerMain.run(GradleWorkerMain.java:69)
  at worker.org.gradle.process.internal.worker.GradleWorkerMain.main(GradleWorkerMain.java:74)
</stacktrace>
</test-failure>


TypeScriptCompilerTests_E[jvm] > es5ModuleInternalNamedImports_ts__target_es5__has expected errors matching baseline[jvm] FAILED

<test-failure test="com.xemantic.typescript.compiler.TypeScriptCompilerTests_E.exportEqualErrorType_ts has expected errors matching exportEqualErrorType_errors_txt" platform="jvm">
<message>
Expected diagnostics from baseline typescript-repo/tests/baselines/reference/exportEqualErrorType.errors.txt but none produced
</message>
<stacktrace>
  at com.xemantic.typescript.compiler.TypeScriptTestSupportKt.errorsMatchBaseline(TypeScriptTestSupport.kt:125)
  at com.xemantic.typescript.compiler.TypeScriptCompilerTests_E.exportEqualErrorType_ts has expected errors matching exportEqualErrorType_errors_txt(TypeScriptCompilerTests_E.kt:5467)
  at java.base/jdk.internal.reflect.DirectMethodHandleAccessor.invoke(DirectMethodHandleAccessor.java:104)
  at java.base/java.lang.reflect.Method.invoke(Method.java:565)
  at org.junit.runners.model.FrameworkMethod$1.runReflectiveCall(FrameworkMethod.java:59)
  at org.junit.internal.runners.model.ReflectiveCallable.run(ReflectiveCallable.java:12)
  at org.junit.runners.model.FrameworkMethod.invokeExplosively(FrameworkMethod.java:56)
  at org.junit.internal.runners.statements.InvokeMethod.evaluate(InvokeMethod.java:17)
  at org.junit.runners.ParentRunner$3.evaluate(ParentRunner.java:306)
  at org.junit.runners.BlockJUnit4ClassRunner$1.evaluate(BlockJUnit4ClassRunner.java:100)
  at org.junit.runners.ParentRunner.runLeaf(ParentRunner.java:366)
  at org.junit.runners.BlockJUnit4ClassRunner.runChild(BlockJUnit4ClassRunner.java:103)
  at org.junit.runners.BlockJUnit4ClassRunner.runChild(BlockJUnit4ClassRunner.java:63)
  at org.junit.runners.ParentRunner$4.run(ParentRunner.java:331)
  at org.junit.runners.ParentRunner$1.schedule(ParentRunner.java:79)
  at org.junit.runners.ParentRunner.runChildren(ParentRunner.java:329)
  at org.junit.runners.ParentRunner.access$100(ParentRunner.java:66)
  at org.junit.runners.ParentRunner$2.evaluate(ParentRunner.java:293)
  at org.junit.runners.ParentRunner$3.evaluate(ParentRunner.java:306)
  at org.junit.runners.ParentRunner.run(ParentRunner.java:413)
  at org.junit.runner.JUnitCore.run(JUnitCore.java:137)
  at org.junit.runner.JUnitCore.run(JUnitCore.java:115)
  at org.gradle.api.internal.tasks.testing.junit.JUnitTestExecutor.runRequest(JUnitTestExecutor.java:175)
  at org.gradle.api.internal.tasks.testing.junit.JUnitTestExecutor.accept(JUnitTestExecutor.java:84)
  at org.gradle.api.internal.tasks.testing.junit.JUnitTestExecutor.accept(JUnitTestExecutor.java:47)
  at org.gradle.api.internal.tasks.testing.junit.AbstractJUnitTestDefinitionProcessor.processTestDefinition(AbstractJUnitTestDefinitionProcessor.java:65)
  at org.gradle.api.internal.tasks.testing.SuiteTestDefinitionProcessor.processTestDefinition(SuiteTestDefinitionProcessor.java:54)
  at java.base/jdk.internal.reflect.DirectMethodHandleAccessor.invoke(DirectMethodHandleAccessor.java:104)
  at java.base/java.lang.reflect.Method.invoke(Method.java:565)
  at org.gradle.internal.dispatch.MethodInvocation.invokeOn(MethodInvocation.java:77)
  at org.gradle.internal.dispatch.ReflectionDispatch.dispatch(ReflectionDispatch.java:28)
  at org.gradle.internal.dispatch.ReflectionDispatch.dispatch(ReflectionDispatch.java:19)
  at org.gradle.internal.dispatch.ContextClassLoaderDispatch.dispatch(ContextClassLoaderDispatch.java:33)
  at org.gradle.internal.dispatch.ProxyDispatchAdapter$DispatchingInvocationHandler.invoke(ProxyDispatchAdapter.java:88)
  at jdk.proxy1/jdk.proxy1.$Proxy4.processTestDefinition(Unknown Source)
  at org.gradle.api.internal.tasks.testing.worker.TestWorker$2.run(TestWorker.java:178)
  at org.gradle.api.internal.tasks.testing.worker.TestWorker.executeAndMaintainThreadName(TestWorker.java:126)
  at org.gradle.api.internal.tasks.testing.worker.TestWorker.execute(TestWorker.java:103)
  at org.gradle.api.internal.tasks.testing.worker.TestWorker.execute(TestWorker.java:63)
  at org.gradle.process.internal.worker.child.ActionExecutionWorker.execute(ActionExecutionWorker.java:56)
  at org.gradle.process.internal.worker.child.SystemApplicationClassLoaderWorker.call(SystemApplicationClassLoaderWorker.java:122)
  at org.gradle.process.internal.worker.child.SystemApplicationClassLoaderWorker.call(SystemApplicationClassLoaderWorker.java:72)
  at worker.org.gradle.process.internal.worker.GradleWorkerMain.run(GradleWorkerMain.java:69)
  at worker.org.gradle.process.internal.worker.GradleWorkerMain.main(GradleWorkerMain.java:74)
</stacktrace>
</test-failure>


TypeScriptCompilerTests_E[jvm] > exportEqualErrorType_ts has expected errors matching exportEqualErrorType_errors_txt[jvm] FAILED

<test-failure test="com.xemantic.typescript.compiler.TypeScriptCompilerTests_E.es5-asyncFunctionWithStatements_ts__alwaysstrict_false_target_es2015__has expected errors matching baseline" platform="jvm">
<message>
--- expected
+++ actual
@@ -1,20 +1,15 @@
-es5-asyncFunctionWithStatements.ts(4,5): error TS1300: 'with' statements are not allowed in an async function block.
 es5-asyncFunctionWithStatements.ts(4,5): error TS2410: The 'with' statement is not supported. All symbols in a 'with' block will have type 'any'.
-es5-asyncFunctionWithStatements.ts(10,5): error TS1300: 'with' statements are not allowed in an async function block.
 es5-asyncFunctionWithStatements.ts(10,5): error TS2410: The 'with' statement is not supported. All symbols in a 'with' block will have type 'any'.
-es5-asyncFunctionWithStatements.ts(16,5): error TS1300: 'with' statements are not allowed in an async function block.
 es5-asyncFunctionWithStatements.ts(16,5): error TS2410: The 'with' statement is not supported. All symbols in a 'with' block will have type 'any'.
-es5-asyncFunctionWithStatements.ts(24,5): error TS1300: 'with' statements are not allowed in an async function block.
 es5-asyncFunctionWithStatements.ts(24,5): error TS2410: The 'with' statement is not supported. All symbols in a 'with' block will have type 'any'.
+es5-asyncFunctionWithStatements.ts(25,9): error TS2410: The 'with' statement is not supported. All symbols in a 'with' block will have type 'any'.
 
 
-==== es5-asyncFunctionWithStatements.ts (8 errors) ====
+==== es5-asyncFunctionWithStatements.ts (5 errors) ====
     declare var x, y, z, a, b, c;
     
     async function withStatement0() {
         with (x) {
-        ~~~~
-!!! error TS1300: 'with' statements are not allowed in an async function block.
         ~~~~~~~~
 !!! error TS2410: The 'with' statement is not supported. All symbols in a 'with' block will have type 'any'.
             y;
@@ -23,8 +18,6 @@
     
     async function withStatement1() {
         with (await x) {
-        ~~~~
-!!! error TS1300: 'with' statements are not allowed in an async function block.
         ~~~~~~~~~~~~~~
 !!! error TS2410: The 'with' statement is not supported. All symbols in a 'with' block will have type 'any'.
             y;
@@ -33,8 +26,6 @@
     
     async function withStatement2() {
         with (x) {
-        ~~~~
-!!! error TS1300: 'with' statements are not allowed in an async function block.
         ~~~~~~~~
 !!! error TS2410: The 'with' statement is not supported. All symbols in a 'with' block will have type 'any'.
             a;
@@ -45,11 +36,11 @@
     
     async function withStatement3() {
         with (x) {
-        ~~~~
-!!! error TS1300: 'with' statements are not allowed in an async function block.
         ~~~~~~~~
 !!! error TS2410: The 'with' statement is not supported. All symbols in a 'with' block will have type 'any'.
             with (z) {
+            ~~~~~~~~
+!!! error TS2410: The 'with' statement is not supported. All symbols in a 'with' block will have type 'any'.
                 a;
                 await y;
                 b;

</message>
<stacktrace>
  at org.junit.Assert.fail(Assert.java:89)
  at kotlin.test.junit.JUnitAsserter.fail(JUnitSupport.kt:56)
  at kotlin.test.AssertionsKt__AssertionsKt.fail(Assertions.kt:563)
  at kotlin.test.AssertionsKt.fail(Unknown Source)
  at com.xemantic.kotlin.test.SameAsKt.sameAs(SameAs.kt:52)
  at com.xemantic.typescript.compiler.TypeScriptTestSupportKt.errorsMatchBaseline(TypeScriptTestSupport.kt:135)
  at com.xemantic.typescript.compiler.TypeScriptCompilerTests_E.es5-asyncFunctionWithStatements_ts__alwaysstrict_false_target_es2015__has expected errors matching baseline(TypeScriptCompilerTests_E.kt:2156)
  at java.base/jdk.internal.reflect.DirectMethodHandleAccessor.invoke(DirectMethodHandleAccessor.java:104)
  at java.base/java.lang.reflect.Method.invoke(Method.java:565)
  at org.junit.runners.model.FrameworkMethod$1.runReflectiveCall(FrameworkMethod.java:59)
  at org.junit.internal.runners.model.ReflectiveCallable.run(ReflectiveCallable.java:12)
  at org.junit.runners.model.FrameworkMethod.invokeExplosively(FrameworkMethod.java:56)
  at org.junit.internal.runners.statements.InvokeMethod.evaluate(InvokeMethod.java:17)
  at org.junit.runners.ParentRunner$3.evaluate(ParentRunner.java:306)
  at org.junit.runners.BlockJUnit4ClassRunner$1.evaluate(BlockJUnit4ClassRunner.java:100)
  at org.junit.runners.ParentRunner.runLeaf(ParentRunner.java:366)
  at org.junit.runners.BlockJUnit4ClassRunner.runChild(BlockJUnit4ClassRunner.java:103)
  at org.junit.runners.BlockJUnit4ClassRunner.runChild(BlockJUnit4ClassRunner.java:63)
  at org.junit.runners.ParentRunner$4.run(ParentRunner.java:331)
  at org.junit.runners.ParentRunner$1.schedule(ParentRunner.java:79)
  at org.junit.runners.ParentRunner.runChildren(ParentRunner.java:329)
  at org.junit.runners.ParentRunner.access$100(ParentRunner.java:66)
  at org.junit.runners.ParentRunner$2.evaluate(ParentRunner.java:293)
  at org.junit.runners.ParentRunner$3.evaluate(ParentRunner.java:306)
  at org.junit.runners.ParentRunner.run(ParentRunner.java:413)
  at org.junit.runner.JUnitCore.run(JUnitCore.java:137)
  at org.junit.runner.JUnitCore.run(JUnitCore.java:115)
  at org.gradle.api.internal.tasks.testing.junit.JUnitTestExecutor.runRequest(JUnitTestExecutor.java:175)
  at org.gradle.api.internal.tasks.testing.junit.JUnitTestExecutor.accept(JUnitTestExecutor.java:84)
  at org.gradle.api.internal.tasks.testing.junit.JUnitTestExecutor.accept(JUnitTestExecutor.java:47)
  at org.gradle.api.internal.tasks.testing.junit.AbstractJUnitTestDefinitionProcessor.processTestDefinition(AbstractJUnitTestDefinitionProcessor.java:65)
  at org.gradle.api.internal.tasks.testing.SuiteTestDefinitionProcessor.processTestDefinition(SuiteTestDefinitionProcessor.java:54)
  at java.base/jdk.internal.reflect.DirectMethodHandleAccessor.invoke(DirectMethodHandleAccessor.java:104)
  at java.base/java.lang.reflect.Method.invoke(Method.java:565)
  at org.gradle.internal.dispatch.MethodInvocation.invokeOn(MethodInvocation.java:77)
  at org.gradle.internal.dispatch.ReflectionDispatch.dispatch(ReflectionDispatch.java:28)
  at org.gradle.internal.dispatch.ReflectionDispatch.dispatch(ReflectionDispatch.java:19)
  at org.gradle.internal.dispatch.ContextClassLoaderDispatch.dispatch(ContextClassLoaderDispatch.java:33)
  at org.gradle.internal.dispatch.ProxyDispatchAdapter$DispatchingInvocationHandler.invoke(ProxyDispatchAdapter.java:88)
  at jdk.proxy1/jdk.proxy1.$Proxy4.processTestDefinition(Unknown Source)
  at org.gradle.api.internal.tasks.testing.worker.TestWorker$2.run(TestWorker.java:178)
  at org.gradle.api.internal.tasks.testing.worker.TestWorker.executeAndMaintainThreadName(TestWorker.java:126)
  at org.gradle.api.internal.tasks.testing.worker.TestWorker.execute(TestWorker.java:103)
  at org.gradle.api.internal.tasks.testing.worker.TestWorker.execute(TestWorker.java:63)
  at org.gradle.process.internal.worker.child.ActionExecutionWorker.execute(ActionExecutionWorker.java:56)
  at org.gradle.process.internal.worker.child.SystemApplicationClassLoaderWorker.call(SystemApplicationClassLoaderWorker.java:122)
  at org.gradle.process.internal.worker.child.SystemApplicationClassLoaderWorker.call(SystemApplicationClassLoaderWorker.java:72)
  at worker.org.gradle.process.internal.worker.GradleWorkerMain.run(GradleWorkerMain.java:69)
  at worker.org.gradle.process.internal.worker.GradleWorkerMain.main(GradleWorkerMain.java:74)
</stacktrace>
</test-failure>


TypeScriptCompilerTests_E[jvm] > es5-asyncFunctionWithStatements_ts__alwaysstrict_false_target_es2015__has expected errors matching baseline[jvm] FAILED

<test-failure test="com.xemantic.typescript.compiler.TypeScriptCompilerTests_E.es6ImportDefaultBindingFollowedWithNamedImport1_ts has expected errors matching es6ImportDefaultBindingFollowedWithNamedImport1_errors_txt" platform="jvm">
<message>
Expected diagnostics from baseline typescript-repo/tests/baselines/reference/es6ImportDefaultBindingFollowedWithNamedImport1.errors.txt but none produced
</message>
<stacktrace>
  at com.xemantic.typescript.compiler.TypeScriptTestSupportKt.errorsMatchBaseline(TypeScriptTestSupport.kt:125)
  at com.xemantic.typescript.compiler.TypeScriptCompilerTests_E.es6ImportDefaultBindingFollowedWithNamedImport1_ts has expected errors matching es6ImportDefaultBindingFollowedWithNamedImport1_errors_txt(TypeScriptCompilerTests_E.kt:3115)
  at java.base/jdk.internal.reflect.DirectMethodHandleAccessor.invoke(DirectMethodHandleAccessor.java:104)
  at java.base/java.lang.reflect.Method.invoke(Method.java:565)
  at org.junit.runners.model.FrameworkMethod$1.runReflectiveCall(FrameworkMethod.java:59)
  at org.junit.internal.runners.model.ReflectiveCallable.run(ReflectiveCallable.java:12)
  at org.junit.runners.model.FrameworkMethod.invokeExplosively(FrameworkMethod.java:56)
  at org.junit.internal.runners.statements.InvokeMethod.evaluate(InvokeMethod.java:17)
  at org.junit.runners.ParentRunner$3.evaluate(ParentRunner.java:306)
  at org.junit.runners.BlockJUnit4ClassRunner$1.evaluate(BlockJUnit4ClassRunner.java:100)
  at org.junit.runners.ParentRunner.runLeaf(ParentRunner.java:366)
  at org.junit.runners.BlockJUnit4ClassRunner.runChild(BlockJUnit4ClassRunner.java:103)
  at org.junit.runners.BlockJUnit4ClassRunner.runChild(BlockJUnit4ClassRunner.java:63)
  at org.junit.runners.ParentRunner$4.run(ParentRunner.java:331)
  at org.junit.runners.ParentRunner$1.schedule(ParentRunner.java:79)
  at org.junit.runners.ParentRunner.runChildren(ParentRunner.java:329)
  at org.junit.runners.ParentRunner.access$100(ParentRunner.java:66)
  at org.junit.runners.ParentRunner$2.evaluate(ParentRunner.java:293)
  at org.junit.runners.ParentRunner$3.evaluate(ParentRunner.java:306)
  at org.junit.runners.ParentRunner.run(ParentRunner.java:413)
  at org.junit.runner.JUnitCore.run(JUnitCore.java:137)
  at org.junit.runner.JUnitCore.run(JUnitCore.java:115)
  at org.gradle.api.internal.tasks.testing.junit.JUnitTestExecutor.runRequest(JUnitTestExecutor.java:175)
  at org.gradle.api.internal.tasks.testing.junit.JUnitTestExecutor.accept(JUnitTestExecutor.java:84)
  at org.gradle.api.internal.tasks.testing.junit.JUnitTestExecutor.accept(JUnitTestExecutor.java:47)
  at org.gradle.api.internal.tasks.testing.junit.AbstractJUnitTestDefinitionProcessor.processTestDefinition(AbstractJUnitTestDefinitionProcessor.java:65)
  at org.gradle.api.internal.tasks.testing.SuiteTestDefinitionProcessor.processTestDefinition(SuiteTestDefinitionProcessor.java:54)
  at java.base/jdk.internal.reflect.DirectMethodHandleAccessor.invoke(DirectMethodHandleAccessor.java:104)
  at java.base/java.lang.reflect.Method.invoke(Method.java:565)
  at org.gradle.internal.dispatch.MethodInvocation.invokeOn(MethodInvocation.java:77)
  at org.gradle.internal.dispatch.ReflectionDispatch.dispatch(ReflectionDispatch.java:28)
  at org.gradle.internal.dispatch.ReflectionDispatch.dispatch(ReflectionDispatch.java:19)
  at org.gradle.internal.dispatch.ContextClassLoaderDispatch.dispatch(ContextClassLoaderDispatch.java:33)
  at org.gradle.internal.dispatch.ProxyDispatchAdapter$DispatchingInvocationHandler.invoke(ProxyDispatchAdapter.java:88)
  at jdk.proxy1/jdk.proxy1.$Proxy4.processTestDefinition(Unknown Source)
  at org.gradle.api.internal.tasks.testing.worker.TestWorker$2.run(TestWorker.java:178)
  at org.gradle.api.internal.tasks.testing.worker.TestWorker.executeAndMaintainThreadName(TestWorker.java:126)
  at org.gradle.api.internal.tasks.testing.worker.TestWorker.execute(TestWorker.java:103)
  at org.gradle.api.internal.tasks.testing.worker.TestWorker.execute(TestWorker.java:63)
  at org.gradle.process.internal.worker.child.ActionExecutionWorker.execute(ActionExecutionWorker.java:56)
  at org.gradle.process.internal.worker.child.SystemApplicationClassLoaderWorker.call(SystemApplicationClassLoaderWorker.java:122)
  at org.gradle.process.internal.worker.child.SystemApplicationClassLoaderWorker.call(SystemApplicationClassLoaderWorker.java:72)
  at worker.org.gradle.process.internal.worker.GradleWorkerMain.run(GradleWorkerMain.java:69)
  at worker.org.gradle.process.internal.worker.GradleWorkerMain.main(GradleWorkerMain.java:74)
</stacktrace>
</test-failure>


TypeScriptCompilerTests_E[jvm] > es6ImportDefaultBindingFollowedWithNamedImport1_ts has expected errors matching es6ImportDefaultBindingFollowedWithNamedImport1_errors_txt[jvm] FAILED

<test-failure test="com.xemantic.typescript.compiler.TypeScriptCompilerTests_E.exportDefaultAsyncFunction2_ts has expected errors matching exportDefaultAsyncFunction2_errors_txt" platform="jvm">
<message>
--- expected
+++ actual
@@ -1,43 +1,64 @@
-a.ts(1,17): error TS1262: Identifier expected. 'await' is a reserved word at the top-level of a module.
-asyncawait.ts(2,17): error TS1262: Identifier expected. 'await' is a reserved word at the top-level of a module.
-c.ts(1,17): error TS1262: Identifier expected. 'await' is a reserved word at the top-level of a module.
-d.ts(1,17): error TS1262: Identifier expected. 'await' is a reserved word at the top-level of a module.
-e.ts(1,17): error TS1262: Identifier expected. 'await' is a reserved word at the top-level of a module.
+a.ts(2,21): error TS1005: 'FunctionKeyword' expected.
+a.ts(2,22): error TS1003: Identifier expected.
+a.ts(2,53): error TS1109: Expression expected.
+b.ts(1,22): error TS1005: 'FunctionKeyword' expected.
+b.ts(1,25): error TS1109: Expression expected.
+b.ts(1,30): error TS1108: A 'return' statement can only be used within a function body.
+c.ts(2,21): error TS1005: 'FunctionKeyword' expected.
+d.ts(3,21): error TS1005: 'FunctionKeyword' expected.
+e.ts(5,1): error TS1005: 'FunctionKeyword' expected.
+e.ts(5,1): error TS1029: 'export' modifier must precede 'default' modifier.
+e.ts(5,1): error TS1030: 'export' modifier already seen.
+e.ts(5,8): error TS1005: ')' expected.
 
 
-==== asyncawait.ts (1 errors) ====
+==== asyncawait.ts (0 errors) ====
     export function async<T>(...args: any[]): any { }
     export function await(...args: any[]): any { }
-                    ~~~~~
-!!! error TS1262: Identifier expected. 'await' is a reserved word at the top-level of a module.
     
-==== a.ts (1 errors) ====
+==== a.ts (3 errors) ====
     import { async, await } from './asyncawait';
-                    ~~~~~
-!!! error TS1262: Identifier expected. 'await' is a reserved word at the top-level of a module.
     export default async(() => await(Promise.resolve(1)));
+                        ~
+!!! error TS1005: 'FunctionKeyword' expected.
+                         ~
+!!! error TS1003: Identifier expected.
+                                                        ~
+!!! error TS1109: Expression expected.
     
-==== b.ts (0 errors) ====
+==== b.ts (3 errors) ====
     export default async () => { return 0; };
+                         ~
+!!! error TS1005: 'FunctionKeyword' expected.
+                            ~~
+!!! error TS1109: Expression expected.
+                                 ~~~~~~
+!!! error TS1108: A 'return' statement can only be used within a function body.
     
 ==== c.ts (1 errors) ====
     import { async, await } from './asyncawait';
-                    ~~~~~
-!!! error TS1262: Identifier expected. 'await' is a reserved word at the top-level of a module.
     export default async<number>();
+                        ~
+!!! error TS1005: 'FunctionKeyword' expected.
     
 ==== d.ts (1 errors) ====
     import { async, await } from './asyncawait';
-                    ~~~~~
-!!! error TS1262: Identifier expected. 'await' is a reserved word at the top-level of a module.
     
     export default async;
+                        ~
+!!! error TS1005: 'FunctionKeyword' expected.
     
-==== e.ts (1 errors) ====
+==== e.ts (4 errors) ====
     import { async, await } from './asyncawait';
-                    ~~~~~
-!!! error TS1262: Identifier expected. 'await' is a reserved word at the top-level of a module.
     
     export default async
     
     export function foo() { }
+    ~~~~~~
+!!! error TS1005: 'FunctionKeyword' expected.
+    ~~~~~~
+!!! error TS1029: 'export' modifier must precede 'default' modifier.
+    ~~~~~~
+!!! error TS1030: 'export' modifier already seen.
+           ~~~~~~~~
+!!! error TS1005: ')' expected.

</message>
<stacktrace>
  at org.junit.Assert.fail(Assert.java:89)
  at kotlin.test.junit.JUnitAsserter.fail(JUnitSupport.kt:56)
  at kotlin.test.AssertionsKt__AssertionsKt.fail(Assertions.kt:563)
  at kotlin.test.AssertionsKt.fail(Unknown Source)
  at com.xemantic.kotlin.test.SameAsKt.sameAs(SameAs.kt:52)
  at com.xemantic.typescript.compiler.TypeScriptTestSupportKt.errorsMatchBaseline(TypeScriptTestSupport.kt:135)
  at com.xemantic.typescript.compiler.TypeScriptCompilerTests_E.exportDefaultAsyncFunction2_ts has expected errors matching exportDefaultAsyncFunction2_errors_txt(TypeScriptCompilerTests_E.kt:5033)
  at java.base/jdk.internal.reflect.DirectMethodHandleAccessor.invoke(DirectMethodHandleAccessor.java:104)
  at java.base/java.lang.reflect.Method.invoke(Method.java:565)
  at org.junit.runners.model.FrameworkMethod$1.runReflectiveCall(FrameworkMethod.java:59)
  at org.junit.internal.runners.model.ReflectiveCallable.run(ReflectiveCallable.java:12)
  at org.junit.runners.model.FrameworkMethod.invokeExplosively(FrameworkMethod.java:56)
  at org.junit.internal.runners.statements.InvokeMethod.evaluate(InvokeMethod.java:17)
  at org.junit.runners.ParentRunner$3.evaluate(ParentRunner.java:306)
  at org.junit.runners.BlockJUnit4ClassRunner$1.evaluate(BlockJUnit4ClassRunner.java:100)
  at org.junit.runners.ParentRunner.runLeaf(ParentRunner.java:366)
  at org.junit.runners.BlockJUnit4ClassRunner.runChild(BlockJUnit4ClassRunner.java:103)
  at org.junit.runners.BlockJUnit4ClassRunner.runChild(BlockJUnit4ClassRunner.java:63)
  at org.junit.runners.ParentRunner$4.run(ParentRunner.java:331)
  at org.junit.runners.ParentRunner$1.schedule(ParentRunner.java:79)
  at org.junit.runners.ParentRunner.runChildren(ParentRunner.java:329)
  at org.junit.runners.ParentRunner.access$100(ParentRunner.java:66)
  at org.junit.runners.ParentRunner$2.evaluate(ParentRunner.java:293)
  at org.junit.runners.ParentRunner$3.evaluate(ParentRunner.java:306)
  at org.junit.runners.ParentRunner.run(ParentRunner.java:413)
  at org.junit.runner.JUnitCore.run(JUnitCore.java:137)
  at org.junit.runner.JUnitCore.run(JUnitCore.java:115)
  at org.gradle.api.internal.tasks.testing.junit.JUnitTestExecutor.runRequest(JUnitTestExecutor.java:175)
  at org.gradle.api.internal.tasks.testing.junit.JUnitTestExecutor.accept(JUnitTestExecutor.java:84)
  at org.gradle.api.internal.tasks.testing.junit.JUnitTestExecutor.accept(JUnitTestExecutor.java:47)
  at org.gradle.api.internal.tasks.testing.junit.AbstractJUnitTestDefinitionProcessor.processTestDefinition(AbstractJUnitTestDefinitionProcessor.java:65)
  at org.gradle.api.internal.tasks.testing.SuiteTestDefinitionProcessor.processTestDefinition(SuiteTestDefinitionProcessor.java:54)
  at java.base/jdk.internal.reflect.DirectMethodHandleAccessor.invoke(DirectMethodHandleAccessor.java:104)
  at java.base/java.lang.reflect.Method.invoke(Method.java:565)
  at org.gradle.internal.dispatch.MethodInvocation.invokeOn(MethodInvocation.java:77)
  at org.gradle.internal.dispatch.ReflectionDispatch.dispatch(ReflectionDispatch.java:28)
  at org.gradle.internal.dispatch.ReflectionDispatch.dispatch(ReflectionDispatch.java:19)
  at org.gradle.internal.dispatch.ContextClassLoaderDispatch.dispatch(ContextClassLoaderDispatch.java:33)
  at org.gradle.internal.dispatch.ProxyDispatchAdapter$DispatchingInvocationHandler.invoke(ProxyDispatchAdapter.java:88)
  at jdk.proxy1/jdk.proxy1.$Proxy4.processTestDefinition(Unknown Source)
  at org.gradle.api.internal.tasks.testing.worker.TestWorker$2.run(TestWorker.java:178)
  at org.gradle.api.internal.tasks.testing.worker.TestWorker.executeAndMaintainThreadName(TestWorker.java:126)
  at org.gradle.api.internal.tasks.testing.worker.TestWorker.execute(TestWorker.java:103)
  at org.gradle.api.internal.tasks.testing.worker.TestWorker.execute(TestWorker.java:63)
  at org.gradle.process.internal.worker.child.ActionExecutionWorker.execute(ActionExecutionWorker.java:56)
  at org.gradle.process.internal.worker.child.SystemApplicationClassLoaderWorker.call(SystemApplicationClassLoaderWorker.java:122)
  at org.gradle.process.internal.worker.child.SystemApplicationClassLoaderWorker.call(SystemApplicationClassLoaderWorker.java:72)
  at worker.org.gradle.process.internal.worker.GradleWorkerMain.run(GradleWorkerMain.java:69)
  at worker.org.gradle.process.internal.worker.GradleWorkerMain.main(GradleWorkerMain.java:74)
</stacktrace>
</test-failure>


TypeScriptCompilerTests_E[jvm] > exportDefaultAsyncFunction2_ts has expected errors matching exportDefaultAsyncFunction2_errors_txt[jvm] FAILED

<test-failure test="com.xemantic.typescript.compiler.TypeScriptCompilerTests_E.emitClassExpressionInDeclarationFile2_ts compiles to JavaScript matching emitClassExpressionInDeclarationFile2_js" platform="jvm">
<message>
--- expected
+++ actual
@@ -33,14 +33,10 @@
 
 //// [emitClassExpressionInDeclarationFile2.js]
 "use strict";
-var __setFunctionName = (this && this.__setFunctionName) || function (f, name, prefix) {
-    if (typeof name === "symbol") name = name.description ? "[".concat(name.description, "]") : "";
-    return Object.defineProperty(f, "name", { configurable: true, value: prefix ? "".concat(prefix, " ", name) : name });
-};
-var _a;
 Object.defineProperty(exports, "__esModule", { value: true });
 exports.Test = exports.FooItem = exports.noPrivates = void 0;
 exports.WithTags = WithTags;
+var _a;
 exports.noPrivates = (_a = class {
         constructor() {
             this.p = 12;
@@ -48,7 +44,6 @@
         static getTags() { }
         tags() { }
     },
-    __setFunctionName(_a, "noPrivates"),
     _a.ps = -1,
     _a);
 // altered repro from #15066 to add private property

</message>
<stacktrace>
  at org.junit.Assert.fail(Assert.java:89)
  at kotlin.test.junit.JUnitAsserter.fail(JUnitSupport.kt:56)
  at kotlin.test.AssertionsKt__AssertionsKt.fail(Assertions.kt:563)
  at kotlin.test.AssertionsKt.fail(Unknown Source)
  at com.xemantic.kotlin.test.SameAsKt.sameAs(SameAs.kt:52)
  at com.xemantic.typescript.compiler.TypeScriptTestSupportKt.sameAs(TypeScriptTestSupport.kt:99)
  at com.xemantic.typescript.compiler.TypeScriptCompilerTests_E.emitClassExpressionInDeclarationFile2_ts compiles to JavaScript matching emitClassExpressionInDeclarationFile2_js(TypeScriptCompilerTests_E.kt:266)
  at java.base/jdk.internal.reflect.DirectMethodHandleAccessor.invoke(DirectMethodHandleAccessor.java:104)
  at java.base/java.lang.reflect.Method.invoke(Method.java:565)
  at org.junit.runners.model.FrameworkMethod$1.runReflectiveCall(FrameworkMethod.java:59)
  at org.junit.internal.runners.model.ReflectiveCallable.run(ReflectiveCallable.java:12)
  at org.junit.runners.model.FrameworkMethod.invokeExplosively(FrameworkMethod.java:56)
  at org.junit.internal.runners.statements.InvokeMethod.evaluate(InvokeMethod.java:17)
  at org.junit.runners.ParentRunner$3.evaluate(ParentRunner.java:306)
  at org.junit.runners.BlockJUnit4ClassRunner$1.evaluate(BlockJUnit4ClassRunner.java:100)
  at org.junit.runners.ParentRunner.runLeaf(ParentRunner.java:366)
  at org.junit.runners.BlockJUnit4ClassRunner.runChild(BlockJUnit4ClassRunner.java:103)
  at org.junit.runners.BlockJUnit4ClassRunner.runChild(BlockJUnit4ClassRunner.java:63)
  at org.junit.runners.ParentRunner$4.run(ParentRunner.java:331)
  at org.junit.runners.ParentRunner$1.schedule(ParentRunner.java:79)
  at org.junit.runners.ParentRunner.runChildren(ParentRunner.java:329)
  at org.junit.runners.ParentRunner.access$100(ParentRunner.java:66)
  at org.junit.runners.ParentRunner$2.evaluate(ParentRunner.java:293)
  at org.junit.runners.ParentRunner$3.evaluate(ParentRunner.java:306)
  at org.junit.runners.ParentRunner.run(ParentRunner.java:413)
  at org.junit.runner.JUnitCore.run(JUnitCore.java:137)
  at org.junit.runner.JUnitCore.run(JUnitCore.java:115)
  at org.gradle.api.internal.tasks.testing.junit.JUnitTestExecutor.runRequest(JUnitTestExecutor.java:175)
  at org.gradle.api.internal.tasks.testing.junit.JUnitTestExecutor.accept(JUnitTestExecutor.java:84)
  at org.gradle.api.internal.tasks.testing.junit.JUnitTestExecutor.accept(JUnitTestExecutor.java:47)
  at org.gradle.api.internal.tasks.testing.junit.AbstractJUnitTestDefinitionProcessor.processTestDefinition(AbstractJUnitTestDefinitionProcessor.java:65)
  at org.gradle.api.internal.tasks.testing.SuiteTestDefinitionProcessor.processTestDefinition(SuiteTestDefinitionProcessor.java:54)
  at java.base/jdk.internal.reflect.DirectMethodHandleAccessor.invoke(DirectMethodHandleAccessor.java:104)
  at java.base/java.lang.reflect.Method.invoke(Method.java:565)
  at org.gradle.internal.dispatch.MethodInvocation.invokeOn(MethodInvocation.java:77)
  at org.gradle.internal.dispatch.ReflectionDispatch.dispatch(ReflectionDispatch.java:28)
  at org.gradle.internal.dispatch.ReflectionDispatch.dispatch(ReflectionDispatch.java:19)
  at org.gradle.internal.dispatch.ContextClassLoaderDispatch.dispatch(ContextClassLoaderDispatch.java:33)
  at org.gradle.internal.dispatch.ProxyDispatchAdapter$DispatchingInvocationHandler.invoke(ProxyDispatchAdapter.java:88)
  at jdk.proxy1/jdk.proxy1.$Proxy4.processTestDefinition(Unknown Source)
  at org.gradle.api.internal.tasks.testing.worker.TestWorker$2.run(TestWorker.java:178)
  at org.gradle.api.internal.tasks.testing.worker.TestWorker.executeAndMaintainThreadName(TestWorker.java:126)
  at org.gradle.api.internal.tasks.testing.worker.TestWorker.execute(TestWorker.java:103)
  at org.gradle.api.internal.tasks.testing.worker.TestWorker.execute(TestWorker.java:63)
  at org.gradle.process.internal.worker.child.ActionExecutionWorker.execute(ActionExecutionWorker.java:56)
  at org.gradle.process.internal.worker.child.SystemApplicationClassLoaderWorker.call(SystemApplicationClassLoaderWorker.java:122)
  at org.gradle.process.internal.worker.child.SystemApplicationClassLoaderWorker.call(SystemApplicationClassLoaderWorker.java:72)
  at worker.org.gradle.process.internal.worker.GradleWorkerMain.run(GradleWorkerMain.java:69)
  at worker.org.gradle.process.internal.worker.GradleWorkerMain.main(GradleWorkerMain.java:74)
</stacktrace>
</test-failure>


TypeScriptCompilerTests_E[jvm] > emitClassExpressionInDeclarationFile2_ts compiles to JavaScript matching emitClassExpressionInDeclarationFile2_js[jvm] FAILED

<test-failure test="com.xemantic.typescript.compiler.TypeScriptCompilerTests_E.exportSpecifierReferencingOuterDeclaration2_ts has expected errors matching exportSpecifierReferencingOuterDeclaration2_errors_txt" platform="jvm">
<message>
Expected diagnostics from baseline typescript-repo/tests/baselines/reference/exportSpecifierReferencingOuterDeclaration2.errors.txt but none produced
</message>
<stacktrace>
  at com.xemantic.typescript.compiler.TypeScriptTestSupportKt.errorsMatchBaseline(TypeScriptTestSupport.kt:125)
  at com.xemantic.typescript.compiler.TypeScriptCompilerTests_E.exportSpecifierReferencingOuterDeclaration2_ts has expected errors matching exportSpecifierReferencingOuterDeclaration2_errors_txt(TypeScriptCompilerTests_E.kt:5873)
  at java.base/jdk.internal.reflect.DirectMethodHandleAccessor.invoke(DirectMethodHandleAccessor.java:104)
  at java.base/java.lang.reflect.Method.invoke(Method.java:565)
  at org.junit.runners.model.FrameworkMethod$1.runReflectiveCall(FrameworkMethod.java:59)
  at org.junit.internal.runners.model.ReflectiveCallable.run(ReflectiveCallable.java:12)
  at org.junit.runners.model.FrameworkMethod.invokeExplosively(FrameworkMethod.java:56)
  at org.junit.internal.runners.statements.InvokeMethod.evaluate(InvokeMethod.java:17)
  at org.junit.runners.ParentRunner$3.evaluate(ParentRunner.java:306)
  at org.junit.runners.BlockJUnit4ClassRunner$1.evaluate(BlockJUnit4ClassRunner.java:100)
  at org.junit.runners.ParentRunner.runLeaf(ParentRunner.java:366)
  at org.junit.runners.BlockJUnit4ClassRunner.runChild(BlockJUnit4ClassRunner.java:103)
  at org.junit.runners.BlockJUnit4ClassRunner.runChild(BlockJUnit4ClassRunner.java:63)
  at org.junit.runners.ParentRunner$4.run(ParentRunner.java:331)
  at org.junit.runners.ParentRunner$1.schedule(ParentRunner.java:79)
  at org.junit.runners.ParentRunner.runChildren(ParentRunner.java:329)
  at org.junit.runners.ParentRunner.access$100(ParentRunner.java:66)
  at org.junit.runners.ParentRunner$2.evaluate(ParentRunner.java:293)
  at org.junit.runners.ParentRunner$3.evaluate(ParentRunner.java:306)
  at org.junit.runners.ParentRunner.run(ParentRunner.java:413)
  at org.junit.runner.JUnitCore.run(JUnitCore.java:137)
  at org.junit.runner.JUnitCore.run(JUnitCore.java:115)
  at org.gradle.api.internal.tasks.testing.junit.JUnitTestExecutor.runRequest(JUnitTestExecutor.java:175)
  at org.gradle.api.internal.tasks.testing.junit.JUnitTestExecutor.accept(JUnitTestExecutor.java:84)
  at org.gradle.api.internal.tasks.testing.junit.JUnitTestExecutor.accept(JUnitTestExecutor.java:47)
  at org.gradle.api.internal.tasks.testing.junit.AbstractJUnitTestDefinitionProcessor.processTestDefinition(AbstractJUnitTestDefinitionProcessor.java:65)
  at org.gradle.api.internal.tasks.testing.SuiteTestDefinitionProcessor.processTestDefinition(SuiteTestDefinitionProcessor.java:54)
  at java.base/jdk.internal.reflect.DirectMethodHandleAccessor.invoke(DirectMethodHandleAccessor.java:104)
  at java.base/java.lang.reflect.Method.invoke(Method.java:565)
  at org.gradle.internal.dispatch.MethodInvocation.invokeOn(MethodInvocation.java:77)
  at org.gradle.internal.dispatch.ReflectionDispatch.dispatch(ReflectionDispatch.java:28)
  at org.gradle.internal.dispatch.ReflectionDispatch.dispatch(ReflectionDispatch.java:19)
  at org.gradle.internal.dispatch.ContextClassLoaderDispatch.dispatch(ContextClassLoaderDispatch.java:33)
  at org.gradle.internal.dispatch.ProxyDispatchAdapter$DispatchingInvocationHandler.invoke(ProxyDispatchAdapter.java:88)
  at jdk.proxy1/jdk.proxy1.$Proxy4.processTestDefinition(Unknown Source)
  at org.gradle.api.internal.tasks.testing.worker.TestWorker$2.run(TestWorker.java:178)
  at org.gradle.api.internal.tasks.testing.worker.TestWorker.executeAndMaintainThreadName(TestWorker.java:126)
  at org.gradle.api.internal.tasks.testing.worker.TestWorker.execute(TestWorker.java:103)
  at org.gradle.api.internal.tasks.testing.worker.TestWorker.execute(TestWorker.java:63)
  at org.gradle.process.internal.worker.child.ActionExecutionWorker.execute(ActionExecutionWorker.java:56)
  at org.gradle.process.internal.worker.child.SystemApplicationClassLoaderWorker.call(SystemApplicationClassLoaderWorker.java:122)
  at org.gradle.process.internal.worker.child.SystemApplicationClassLoaderWorker.call(SystemApplicationClassLoaderWorker.java:72)
  at worker.org.gradle.process.internal.worker.GradleWorkerMain.run(GradleWorkerMain.java:69)
  at worker.org.gradle.process.internal.worker.GradleWorkerMain.main(GradleWorkerMain.java:74)
</stacktrace>
</test-failure>


TypeScriptCompilerTests_E[jvm] > exportSpecifierReferencingOuterDeclaration2_ts has expected errors matching exportSpecifierReferencingOuterDeclaration2_errors_txt[jvm] FAILED

<test-failure test="com.xemantic.typescript.compiler.TypeScriptCompilerTests_E.errorElaboration_ts has expected errors matching errorElaboration_errors_txt" platform="jvm">
<message>
--- expected
+++ actual
@@ -1,15 +1,8 @@
 errorElaboration.ts(10,18): error TS2300: Duplicate identifier 'foo'.
-errorElaboration.ts(12,5): error TS2345: Argument of type '() => Container<Ref<string>>' is not assignable to parameter of type '() => Container<Ref<number>>'.
-  Type 'Container<Ref<string>>' is not assignable to type 'Container<Ref<number>>'.
-    Type 'Ref<string>' is not assignable to type 'Ref<number>'.
-      Type 'string' is not assignable to type 'number'.
-errorElaboration.ts(17,11): error TS2322: Type '"bar"' is not assignable to type '"foo"'.
 errorElaboration.ts(22,7): error TS2300: Duplicate identifier 'foo'.
-errorElaboration.ts(23,15): error TS2538: Type 'any' cannot be used as an index type.
-errorElaboration.ts(23,19): error TS2339: Property 'bar' does not exist on type '(x: () => Container<Ref<number>>) => void'.
 
 
-==== errorElaboration.ts (6 errors) ====
+==== errorElaboration.ts (2 errors) ====
     // Repro for #5712
     
     interface Ref<T> {
@@ -24,19 +17,11 @@
 !!! error TS2300: Duplicate identifier 'foo'.
     declare let a: () => Container<Ref<string>>;
     foo(a);
-        ~
-!!! error TS2345: Argument of type '() => Container<Ref<string>>' is not assignable to parameter of type '() => Container<Ref<number>>'.
-!!! error TS2345:   Type 'Container<Ref<string>>' is not assignable to type 'Container<Ref<number>>'.
-!!! error TS2345:     Type 'Ref<string>' is not assignable to type 'Ref<number>'.
-!!! error TS2345:       Type 'string' is not assignable to type 'number'.
     
     // Repro for #25498
     
     function test(): {[A in "foo"]: A} {
       return {foo: "bar"};
-              ~~~
-!!! error TS2322: Type '"bar"' is not assignable to type '"foo"'.
-!!! related TS6500 errorElaboration.ts:16:18: The expected type comes from property 'foo' which is declared here on type '{ foo: "foo"; }'
     }
     
     // Repro for #32358
@@ -45,7 +30,3 @@
           ~~~
 !!! error TS2300: Duplicate identifier 'foo'.
     const x = ({ [foo.bar]: c }) => undefined;
-                  ~~~~~~~
-!!! error TS2538: Type 'any' cannot be used as an index type.
-                      ~~~
-!!! error TS2339: Property 'bar' does not exist on type '(x: () => Container<Ref<number>>) => void'.

</message>
<stacktrace>
  at org.junit.Assert.fail(Assert.java:89)
  at kotlin.test.junit.JUnitAsserter.fail(JUnitSupport.kt:56)
  at kotlin.test.AssertionsKt__AssertionsKt.fail(Assertions.kt:563)
  at kotlin.test.AssertionsKt.fail(Unknown Source)
  at com.xemantic.kotlin.test.SameAsKt.sameAs(SameAs.kt:52)
  at com.xemantic.typescript.compiler.TypeScriptTestSupportKt.errorsMatchBaseline(TypeScriptTestSupport.kt:135)
  at com.xemantic.typescript.compiler.TypeScriptCompilerTests_E.errorElaboration_ts has expected errors matching errorElaboration_errors_txt(TypeScriptCompilerTests_E.kt:1309)
  at java.base/jdk.internal.reflect.DirectMethodHandleAccessor.invoke(DirectMethodHandleAccessor.java:104)
  at java.base/java.lang.reflect.Method.invoke(Method.java:565)
  at org.junit.runners.model.FrameworkMethod$1.runReflectiveCall(FrameworkMethod.java:59)
  at org.junit.internal.runners.model.ReflectiveCallable.run(ReflectiveCallable.java:12)
  at org.junit.runners.model.FrameworkMethod.invokeExplosively(FrameworkMethod.java:56)
  at org.junit.internal.runners.statements.InvokeMethod.evaluate(InvokeMethod.java:17)
  at org.junit.runners.ParentRunner$3.evaluate(ParentRunner.java:306)
  at org.junit.runners.BlockJUnit4ClassRunner$1.evaluate(BlockJUnit4ClassRunner.java:100)
  at org.junit.runners.ParentRunner.runLeaf(ParentRunner.java:366)
  at org.junit.runners.BlockJUnit4ClassRunner.runChild(BlockJUnit4ClassRunner.java:103)
  at org.junit.runners.BlockJUnit4ClassRunner.runChild(BlockJUnit4ClassRunner.java:63)
  at org.junit.runners.ParentRunner$4.run(ParentRunner.java:331)
  at org.junit.runners.ParentRunner$1.schedule(ParentRunner.java:79)
  at org.junit.runners.ParentRunner.runChildren(ParentRunner.java:329)
  at org.junit.runners.ParentRunner.access$100(ParentRunner.java:66)
  at org.junit.runners.ParentRunner$2.evaluate(ParentRunner.java:293)
  at org.junit.runners.ParentRunner$3.evaluate(ParentRunner.java:306)
  at org.junit.runners.ParentRunner.run(ParentRunner.java:413)
  at org.junit.runner.JUnitCore.run(JUnitCore.java:137)
  at org.junit.runner.JUnitCore.run(JUnitCore.java:115)
  at org.gradle.api.internal.tasks.testing.junit.JUnitTestExecutor.runRequest(JUnitTestExecutor.java:175)
  at org.gradle.api.internal.tasks.testing.junit.JUnitTestExecutor.accept(JUnitTestExecutor.java:84)
  at org.gradle.api.internal.tasks.testing.junit.JUnitTestExecutor.accept(JUnitTestExecutor.java:47)
  at org.gradle.api.internal.tasks.testing.junit.AbstractJUnitTestDefinitionProcessor.processTestDefinition(AbstractJUnitTestDefinitionProcessor.java:65)
  at org.gradle.api.internal.tasks.testing.SuiteTestDefinitionProcessor.processTestDefinition(SuiteTestDefinitionProcessor.java:54)
  at java.base/jdk.internal.reflect.DirectMethodHandleAccessor.invoke(DirectMethodHandleAccessor.java:104)
  at java.base/java.lang.reflect.Method.invoke(Method.java:565)
  at org.gradle.internal.dispatch.MethodInvocation.invokeOn(MethodInvocation.java:77)
  at org.gradle.internal.dispatch.ReflectionDispatch.dispatch(ReflectionDispatch.java:28)
  at org.gradle.internal.dispatch.ReflectionDispatch.dispatch(ReflectionDispatch.java:19)
  at org.gradle.internal.dispatch.ContextClassLoaderDispatch.dispatch(ContextClassLoaderDispatch.java:33)
  at org.gradle.internal.dispatch.ProxyDispatchAdapter$DispatchingInvocationHandler.invoke(ProxyDispatchAdapter.java:88)
  at jdk.proxy1/jdk.proxy1.$Proxy4.processTestDefinition(Unknown Source)
  at org.gradle.api.internal.tasks.testing.worker.TestWorker$2.run(TestWorker.java:178)
  at org.gradle.api.internal.tasks.testing.worker.TestWorker.executeAndMaintainThreadName(TestWorker.java:126)
  at org.gradle.api.internal.tasks.testing.worker.TestWorker.execute(TestWorker.java:103)
  at org.gradle.api.internal.tasks.testing.worker.TestWorker.execute(TestWorker.java:63)
  at org.gradle.process.internal.worker.child.ActionExecutionWorker.execute(ActionExecutionWorker.java:56)
  at org.gradle.process.internal.worker.child.SystemApplicationClassLoaderWorker.call(SystemApplicationClassLoaderWorker.java:122)
  at org.gradle.process.internal.worker.child.SystemApplicationClassLoaderWorker.call(SystemApplicationClassLoaderWorker.java:72)
  at worker.org.gradle.process.internal.worker.GradleWorkerMain.run(GradleWorkerMain.java:69)
  at worker.org.gradle.process.internal.worker.GradleWorkerMain.main(GradleWorkerMain.java:74)
</stacktrace>
</test-failure>


TypeScriptCompilerTests_E[jvm] > errorElaboration_ts has expected errors matching errorElaboration_errors_txt[jvm] FAILED

<test-failure test="com.xemantic.typescript.compiler.TypeScriptCompilerTests_E.errorElaborationDivesIntoApparentlyPresentPropsOnly_ts has expected errors matching errorElaborationDivesIntoApparentlyPresentPropsOnly_errors_txt" platform="jvm">
<message>
Expected diagnostics from baseline typescript-repo/tests/baselines/reference/errorElaborationDivesIntoApparentlyPresentPropsOnly.errors.txt but none produced
</message>
<stacktrace>
  at com.xemantic.typescript.compiler.TypeScriptTestSupportKt.errorsMatchBaseline(TypeScriptTestSupport.kt:125)
  at com.xemantic.typescript.compiler.TypeScriptCompilerTests_E.errorElaborationDivesIntoApparentlyPresentPropsOnly_ts has expected errors matching errorElaborationDivesIntoApparentlyPresentPropsOnly_errors_txt(TypeScriptCompilerTests_E.kt:1323)
  at java.base/jdk.internal.reflect.DirectMethodHandleAccessor.invoke(DirectMethodHandleAccessor.java:104)
  at java.base/java.lang.reflect.Method.invoke(Method.java:565)
  at org.junit.runners.model.FrameworkMethod$1.runReflectiveCall(FrameworkMethod.java:59)
  at org.junit.internal.runners.model.ReflectiveCallable.run(ReflectiveCallable.java:12)
  at org.junit.runners.model.FrameworkMethod.invokeExplosively(FrameworkMethod.java:56)
  at org.junit.internal.runners.statements.InvokeMethod.evaluate(InvokeMethod.java:17)
  at org.junit.runners.ParentRunner$3.evaluate(ParentRunner.java:306)
  at org.junit.runners.BlockJUnit4ClassRunner$1.evaluate(BlockJUnit4ClassRunner.java:100)
  at org.junit.runners.ParentRunner.runLeaf(ParentRunner.java:366)
  at org.junit.runners.BlockJUnit4ClassRunner.runChild(BlockJUnit4ClassRunner.java:103)
  at org.junit.runners.BlockJUnit4ClassRunner.runChild(BlockJUnit4ClassRunner.java:63)
  at org.junit.runners.ParentRunner$4.run(ParentRunner.java:331)
  at org.junit.runners.ParentRunner$1.schedule(ParentRunner.java:79)
  at org.junit.runners.ParentRunner.runChildren(ParentRunner.java:329)
  at org.junit.runners.ParentRunner.access$100(ParentRunner.java:66)
  at org.junit.runners.ParentRunner$2.evaluate(ParentRunner.java:293)
  at org.junit.runners.ParentRunner$3.evaluate(ParentRunner.java:306)
  at org.junit.runners.ParentRunner.run(ParentRunner.java:413)
  at org.junit.runner.JUnitCore.run(JUnitCore.java:137)
  at org.junit.runner.JUnitCore.run(JUnitCore.java:115)
  at org.gradle.api.internal.tasks.testing.junit.JUnitTestExecutor.runRequest(JUnitTestExecutor.java:175)
  at org.gradle.api.internal.tasks.testing.junit.JUnitTestExecutor.accept(JUnitTestExecutor.java:84)
  at org.gradle.api.internal.tasks.testing.junit.JUnitTestExecutor.accept(JUnitTestExecutor.java:47)
  at org.gradle.api.internal.tasks.testing.junit.AbstractJUnitTestDefinitionProcessor.processTestDefinition(AbstractJUnitTestDefinitionProcessor.java:65)
  at org.gradle.api.internal.tasks.testing.SuiteTestDefinitionProcessor.processTestDefinition(SuiteTestDefinitionProcessor.java:54)
  at java.base/jdk.internal.reflect.DirectMethodHandleAccessor.invoke(DirectMethodHandleAccessor.java:104)
  at java.base/java.lang.reflect.Method.invoke(Method.java:565)
  at org.gradle.internal.dispatch.MethodInvocation.invokeOn(MethodInvocation.java:77)
  at org.gradle.internal.dispatch.ReflectionDispatch.dispatch(ReflectionDispatch.java:28)
  at org.gradle.internal.dispatch.ReflectionDispatch.dispatch(ReflectionDispatch.java:19)
  at org.gradle.internal.dispatch.ContextClassLoaderDispatch.dispatch(ContextClassLoaderDispatch.java:33)
  at org.gradle.internal.dispatch.ProxyDispatchAdapter$DispatchingInvocationHandler.invoke(ProxyDispatchAdapter.java:88)
  at jdk.proxy1/jdk.proxy1.$Proxy4.processTestDefinition(Unknown Source)
  at org.gradle.api.internal.tasks.testing.worker.TestWorker$2.run(TestWorker.java:178)
  at org.gradle.api.internal.tasks.testing.worker.TestWorker.executeAndMaintainThreadName(TestWorker.java:126)
  at org.gradle.api.internal.tasks.testing.worker.TestWorker.execute(TestWorker.java:103)
  at org.gradle.api.internal.tasks.testing.worker.TestWorker.execute(TestWorker.java:63)
  at org.gradle.process.internal.worker.child.ActionExecutionWorker.execute(ActionExecutionWorker.java:56)
  at org.gradle.process.internal.worker.child.SystemApplicationClassLoaderWorker.call(SystemApplicationClassLoaderWorker.java:122)
  at org.gradle.process.internal.worker.child.SystemApplicationClassLoaderWorker.call(SystemApplicationClassLoaderWorker.java:72)
  at worker.org.gradle.process.internal.worker.GradleWorkerMain.run(GradleWorkerMain.java:69)
  at worker.org.gradle.process.internal.worker.GradleWorkerMain.main(GradleWorkerMain.java:74)
</stacktrace>
</test-failure>


TypeScriptCompilerTests_E[jvm] > errorElaborationDivesIntoApparentlyPresentPropsOnly_ts has expected errors matching errorElaborationDivesIntoApparentlyPresentPropsOnly_errors_txt[jvm] FAILED

<test-failure test="com.xemantic.typescript.compiler.TypeScriptCompilerTests_E.exportAssignmentImportMergeNoCrash_ts compiles to JavaScript matching exportAssignmentImportMergeNoCrash_js" platform="jvm">
<message>
--- expected
+++ actual
@@ -19,10 +19,6 @@
 };
 //// [user.js]
 "use strict";
-var __importDefault = (this && this.__importDefault) || function (mod) {
-    return (mod && mod.__esModule) ? mod : { "default": mod };
-};
 Object.defineProperty(exports, "__esModule", { value: true });
 exports.Obj = void 0;
-const assignment_1 = __importDefault(require("./assignment"));
 exports.Obj = void exports.Obj;

</message>
<stacktrace>
  at org.junit.Assert.fail(Assert.java:89)
  at kotlin.test.junit.JUnitAsserter.fail(JUnitSupport.kt:56)
  at kotlin.test.AssertionsKt__AssertionsKt.fail(Assertions.kt:563)
  at kotlin.test.AssertionsKt.fail(Unknown Source)
  at com.xemantic.kotlin.test.SameAsKt.sameAs(SameAs.kt:52)
  at com.xemantic.typescript.compiler.TypeScriptTestSupportKt.sameAs(TypeScriptTestSupport.kt:99)
  at com.xemantic.typescript.compiler.TypeScriptCompilerTests_E.exportAssignmentImportMergeNoCrash_ts compiles to JavaScript matching exportAssignmentImportMergeNoCrash_js(TypeScriptCompilerTests_E.kt:4697)
  at java.base/jdk.internal.reflect.DirectMethodHandleAccessor.invoke(DirectMethodHandleAccessor.java:104)
  at java.base/java.lang.reflect.Method.invoke(Method.java:565)
  at org.junit.runners.model.FrameworkMethod$1.runReflectiveCall(FrameworkMethod.java:59)
  at org.junit.internal.runners.model.ReflectiveCallable.run(ReflectiveCallable.java:12)
  at org.junit.runners.model.FrameworkMethod.invokeExplosively(FrameworkMethod.java:56)
  at org.junit.internal.runners.statements.InvokeMethod.evaluate(InvokeMethod.java:17)
  at org.junit.runners.ParentRunner$3.evaluate(ParentRunner.java:306)
  at org.junit.runners.BlockJUnit4ClassRunner$1.evaluate(BlockJUnit4ClassRunner.java:100)
  at org.junit.runners.ParentRunner.runLeaf(ParentRunner.java:366)
  at org.junit.runners.BlockJUnit4ClassRunner.runChild(BlockJUnit4ClassRunner.java:103)
  at org.junit.runners.BlockJUnit4ClassRunner.runChild(BlockJUnit4ClassRunner.java:63)
  at org.junit.runners.ParentRunner$4.run(ParentRunner.java:331)
  at org.junit.runners.ParentRunner$1.schedule(ParentRunner.java:79)
  at org.junit.runners.ParentRunner.runChildren(ParentRunner.java:329)
  at org.junit.runners.ParentRunner.access$100(ParentRunner.java:66)
  at org.junit.runners.ParentRunner$2.evaluate(ParentRunner.java:293)
  at org.junit.runners.ParentRunner$3.evaluate(ParentRunner.java:306)
  at org.junit.runners.ParentRunner.run(ParentRunner.java:413)
  at org.junit.runner.JUnitCore.run(JUnitCore.java:137)
  at org.junit.runner.JUnitCore.run(JUnitCore.java:115)
  at org.gradle.api.internal.tasks.testing.junit.JUnitTestExecutor.runRequest(JUnitTestExecutor.java:175)
  at org.gradle.api.internal.tasks.testing.junit.JUnitTestExecutor.accept(JUnitTestExecutor.java:84)
  at org.gradle.api.internal.tasks.testing.junit.JUnitTestExecutor.accept(JUnitTestExecutor.java:47)
  at org.gradle.api.internal.tasks.testing.junit.AbstractJUnitTestDefinitionProcessor.processTestDefinition(AbstractJUnitTestDefinitionProcessor.java:65)
  at org.gradle.api.internal.tasks.testing.SuiteTestDefinitionProcessor.processTestDefinition(SuiteTestDefinitionProcessor.java:54)
  at java.base/jdk.internal.reflect.DirectMethodHandleAccessor.invoke(DirectMethodHandleAccessor.java:104)
  at java.base/java.lang.reflect.Method.invoke(Method.java:565)
  at org.gradle.internal.dispatch.MethodInvocation.invokeOn(MethodInvocation.java:77)
  at org.gradle.internal.dispatch.ReflectionDispatch.dispatch(ReflectionDispatch.java:28)
  at org.gradle.internal.dispatch.ReflectionDispatch.dispatch(ReflectionDispatch.java:19)
  at org.gradle.internal.dispatch.ContextClassLoaderDispatch.dispatch(ContextClassLoaderDispatch.java:33)
  at org.gradle.internal.dispatch.ProxyDispatchAdapter$DispatchingInvocationHandler.invoke(ProxyDispatchAdapter.java:88)
  at jdk.proxy1/jdk.proxy1.$Proxy4.processTestDefinition(Unknown Source)
  at org.gradle.api.internal.tasks.testing.worker.TestWorker$2.run(TestWorker.java:178)
  at org.gradle.api.internal.tasks.testing.worker.TestWorker.executeAndMaintainThreadName(TestWorker.java:126)
  at org.gradle.api.internal.tasks.testing.worker.TestWorker.execute(TestWorker.java:103)
  at org.gradle.api.internal.tasks.testing.worker.TestWorker.execute(TestWorker.java:63)
  at org.gradle.process.internal.worker.child.ActionExecutionWorker.execute(ActionExecutionWorker.java:56)
  at org.gradle.process.internal.worker.child.SystemApplicationClassLoaderWorker.call(SystemApplicationClassLoaderWorker.java:122)
  at org.gradle.process.internal.worker.child.SystemApplicationClassLoaderWorker.call(SystemApplicationClassLoaderWorker.java:72)
  at worker.org.gradle.process.internal.worker.GradleWorkerMain.run(GradleWorkerMain.java:69)
  at worker.org.gradle.process.internal.worker.GradleWorkerMain.main(GradleWorkerMain.java:74)
</stacktrace>
</test-failure>


TypeScriptCompilerTests_E[jvm] > exportAssignmentImportMergeNoCrash_ts compiles to JavaScript matching exportAssignmentImportMergeNoCrash_js[jvm] FAILED

<test-failure test="com.xemantic.typescript.compiler.TypeScriptCompilerTests_E.exportAsNamespaceConflict_ts has expected errors matching exportAsNamespaceConflict_errors_txt" platform="jvm">
<message>
Expected diagnostics from baseline typescript-repo/tests/baselines/reference/exportAsNamespaceConflict.errors.txt but none produced
</message>
<stacktrace>
  at com.xemantic.typescript.compiler.TypeScriptTestSupportKt.errorsMatchBaseline(TypeScriptTestSupport.kt:125)
  at com.xemantic.typescript.compiler.TypeScriptCompilerTests_E.exportAsNamespaceConflict_ts has expected errors matching exportAsNamespaceConflict_errors_txt(TypeScriptCompilerTests_E.kt:4578)
  at java.base/jdk.internal.reflect.DirectMethodHandleAccessor.invoke(DirectMethodHandleAccessor.java:104)
  at java.base/java.lang.reflect.Method.invoke(Method.java:565)
  at org.junit.runners.model.FrameworkMethod$1.runReflectiveCall(FrameworkMethod.java:59)
  at org.junit.internal.runners.model.ReflectiveCallable.run(ReflectiveCallable.java:12)
  at org.junit.runners.model.FrameworkMethod.invokeExplosively(FrameworkMethod.java:56)
  at org.junit.internal.runners.statements.InvokeMethod.evaluate(InvokeMethod.java:17)
  at org.junit.runners.ParentRunner$3.evaluate(ParentRunner.java:306)
  at org.junit.runners.BlockJUnit4ClassRunner$1.evaluate(BlockJUnit4ClassRunner.java:100)
  at org.junit.runners.ParentRunner.runLeaf(ParentRunner.java:366)
  at org.junit.runners.BlockJUnit4ClassRunner.runChild(BlockJUnit4ClassRunner.java:103)
  at org.junit.runners.BlockJUnit4ClassRunner.runChild(BlockJUnit4ClassRunner.java:63)
  at org.junit.runners.ParentRunner$4.run(ParentRunner.java:331)
  at org.junit.runners.ParentRunner$1.schedule(ParentRunner.java:79)
  at org.junit.runners.ParentRunner.runChildren(ParentRunner.java:329)
  at org.junit.runners.ParentRunner.access$100(ParentRunner.java:66)
  at org.junit.runners.ParentRunner$2.evaluate(ParentRunner.java:293)
  at org.junit.runners.ParentRunner$3.evaluate(ParentRunner.java:306)
  at org.junit.runners.ParentRunner.run(ParentRunner.java:413)
  at org.junit.runner.JUnitCore.run(JUnitCore.java:137)
  at org.junit.runner.JUnitCore.run(JUnitCore.java:115)
  at org.gradle.api.internal.tasks.testing.junit.JUnitTestExecutor.runRequest(JUnitTestExecutor.java:175)
  at org.gradle.api.internal.tasks.testing.junit.JUnitTestExecutor.accept(JUnitTestExecutor.java:84)
  at org.gradle.api.internal.tasks.testing.junit.JUnitTestExecutor.accept(JUnitTestExecutor.java:47)
  at org.gradle.api.internal.tasks.testing.junit.AbstractJUnitTestDefinitionProcessor.processTestDefinition(AbstractJUnitTestDefinitionProcessor.java:65)
  at org.gradle.api.internal.tasks.testing.SuiteTestDefinitionProcessor.processTestDefinition(SuiteTestDefinitionProcessor.java:54)
  at java.base/jdk.internal.reflect.DirectMethodHandleAccessor.invoke(DirectMethodHandleAccessor.java:104)
  at java.base/java.lang.reflect.Method.invoke(Method.java:565)
  at org.gradle.internal.dispatch.MethodInvocation.invokeOn(MethodInvocation.java:77)
  at org.gradle.internal.dispatch.ReflectionDispatch.dispatch(ReflectionDispatch.java:28)
  at org.gradle.internal.dispatch.ReflectionDispatch.dispatch(ReflectionDispatch.java:19)
  at org.gradle.internal.dispatch.ContextClassLoaderDispatch.dispatch(ContextClassLoaderDispatch.java:33)
  at org.gradle.internal.dispatch.ProxyDispatchAdapter$DispatchingInvocationHandler.invoke(ProxyDispatchAdapter.java:88)
  at jdk.proxy1/jdk.proxy1.$Proxy4.processTestDefinition(Unknown Source)
  at org.gradle.api.internal.tasks.testing.worker.TestWorker$2.run(TestWorker.java:178)
  at org.gradle.api.internal.tasks.testing.worker.TestWorker.executeAndMaintainThreadName(TestWorker.java:126)
  at org.gradle.api.internal.tasks.testing.worker.TestWorker.execute(TestWorker.java:103)
  at org.gradle.api.internal.tasks.testing.worker.TestWorker.execute(TestWorker.java:63)
  at org.gradle.process.internal.worker.child.ActionExecutionWorker.execute(ActionExecutionWorker.java:56)
  at org.gradle.process.internal.worker.child.SystemApplicationClassLoaderWorker.call(SystemApplicationClassLoaderWorker.java:122)
  at org.gradle.process.internal.worker.child.SystemApplicationClassLoaderWorker.call(SystemApplicationClassLoaderWorker.java:72)
  at worker.org.gradle.process.internal.worker.GradleWorkerMain.run(GradleWorkerMain.java:69)
  at worker.org.gradle.process.internal.worker.GradleWorkerMain.main(GradleWorkerMain.java:74)
</stacktrace>
</test-failure>


TypeScriptCompilerTests_E[jvm] > exportAsNamespaceConflict_ts has expected errors matching exportAsNamespaceConflict_errors_txt[jvm] FAILED

<test-failure test="com.xemantic.typescript.compiler.TypeScriptCompilerTests_E.emitCapturingThisInTupleDestructuring1_ts has expected errors matching emitCapturingThisInTupleDestructuring1_errors_txt" platform="jvm">
<message>
--- expected
+++ actual
@@ -1,34 +1,10 @@
 emitCapturingThisInTupleDestructuring1.ts(1,18): error TS7010: 'wrapper', which lacks return-type annotation, implicitly has an 'any' return type.
-emitCapturingThisInTupleDestructuring1.ts(3,6): error TS7041: The containing arrow function captures the global value of 'this'.
-emitCapturingThisInTupleDestructuring1.ts(3,11): error TS7017: Element implicitly has an 'any' type because type 'typeof globalThis' has no index signature.
-emitCapturingThisInTupleDestructuring1.ts(3,17): error TS7041: The containing arrow function captures the global value of 'this'.
-emitCapturingThisInTupleDestructuring1.ts(3,17): error TS2493: Tuple type '[any]' of length '1' has no element at index '1'.
-emitCapturingThisInTupleDestructuring1.ts(3,22): error TS7017: Element implicitly has an 'any' type because type 'typeof globalThis' has no index signature.
-emitCapturingThisInTupleDestructuring1.ts(3,29): error TS7041: The containing arrow function captures the global value of 'this'.
-emitCapturingThisInTupleDestructuring1.ts(3,29): error TS2493: Tuple type '[any]' of length '1' has no element at index '2'.
-emitCapturingThisInTupleDestructuring1.ts(3,34): error TS7017: Element implicitly has an 'any' type because type 'typeof globalThis' has no index signature.
 
 
-==== emitCapturingThisInTupleDestructuring1.ts (9 errors) ====
+==== emitCapturingThisInTupleDestructuring1.ts (1 errors) ====
     declare function wrapper(x: any);
                      ~~~~~~~
 !!! error TS7010: 'wrapper', which lacks return-type annotation, implicitly has an 'any' return type.
     wrapper((array: [any]) => {
         [this.test, this.test1, this.test2] = array;  // even though there is a compiler error, we should still emit lexical capture for "this"
-         ~~~~
-!!! error TS7041: The containing arrow function captures the global value of 'this'.
-              ~~~~
-!!! error TS7017: Element implicitly has an 'any' type because type 'typeof globalThis' has no index signature.
-                    ~~~~
-!!! error TS7041: The containing arrow function captures the global value of 'this'.
-                    ~~~~~~~~~~
-!!! error TS2493: Tuple type '[any]' of length '1' has no element at index '1'.
-                         ~~~~~
-!!! error TS7017: Element implicitly has an 'any' type because type 'typeof globalThis' has no index signature.
-                                ~~~~
-!!! error TS7041: The containing arrow function captures the global value of 'this'.
-                                ~~~~~~~~~~
-!!! error TS2493: Tuple type '[any]' of length '1' has no element at index '2'.
-                                     ~~~~~
-!!! error TS7017: Element implicitly has an 'any' type because type 'typeof globalThis' has no index signature.
     });

</message>
<stacktrace>
  at org.junit.Assert.fail(Assert.java:89)
  at kotlin.test.junit.JUnitAsserter.fail(JUnitSupport.kt:56)
  at kotlin.test.AssertionsKt__AssertionsKt.fail(Assertions.kt:563)
  at kotlin.test.AssertionsKt.fail(Unknown Source)
  at com.xemantic.kotlin.test.SameAsKt.sameAs(SameAs.kt:52)
  at com.xemantic.typescript.compiler.TypeScriptTestSupportKt.errorsMatchBaseline(TypeScriptTestSupport.kt:135)
  at com.xemantic.typescript.compiler.TypeScriptCompilerTests_E.emitCapturingThisInTupleDestructuring1_ts has expected errors matching emitCapturingThisInTupleDestructuring1_errors_txt(TypeScriptCompilerTests_E.kt:238)
  at java.base/jdk.internal.reflect.DirectMethodHandleAccessor.invoke(DirectMethodHandleAccessor.java:104)
  at java.base/java.lang.reflect.Method.invoke(Method.java:565)
  at org.junit.runners.model.FrameworkMethod$1.runReflectiveCall(FrameworkMethod.java:59)
  at org.junit.internal.runners.model.ReflectiveCallable.run(ReflectiveCallable.java:12)
  at org.junit.runners.model.FrameworkMethod.invokeExplosively(FrameworkMethod.java:56)
  at org.junit.internal.runners.statements.InvokeMethod.evaluate(InvokeMethod.java:17)
  at org.junit.runners.ParentRunner$3.evaluate(ParentRunner.java:306)
  at org.junit.runners.BlockJUnit4ClassRunner$1.evaluate(BlockJUnit4ClassRunner.java:100)
  at org.junit.runners.ParentRunner.runLeaf(ParentRunner.java:366)
  at org.junit.runners.BlockJUnit4ClassRunner.runChild(BlockJUnit4ClassRunner.java:103)
  at org.junit.runners.BlockJUnit4ClassRunner.runChild(BlockJUnit4ClassRunner.java:63)
  at org.junit.runners.ParentRunner$4.run(ParentRunner.java:331)
  at org.junit.runners.ParentRunner$1.schedule(ParentRunner.java:79)
  at org.junit.runners.ParentRunner.runChildren(ParentRunner.java:329)
  at org.junit.runners.ParentRunner.access$100(ParentRunner.java:66)
  at org.junit.runners.ParentRunner$2.evaluate(ParentRunner.java:293)
  at org.junit.runners.ParentRunner$3.evaluate(ParentRunner.java:306)
  at org.junit.runners.ParentRunner.run(ParentRunner.java:413)
  at org.junit.runner.JUnitCore.run(JUnitCore.java:137)
  at org.junit.runner.JUnitCore.run(JUnitCore.java:115)
  at org.gradle.api.internal.tasks.testing.junit.JUnitTestExecutor.runRequest(JUnitTestExecutor.java:175)
  at org.gradle.api.internal.tasks.testing.junit.JUnitTestExecutor.accept(JUnitTestExecutor.java:84)
  at org.gradle.api.internal.tasks.testing.junit.JUnitTestExecutor.accept(JUnitTestExecutor.java:47)
  at org.gradle.api.internal.tasks.testing.junit.AbstractJUnitTestDefinitionProcessor.processTestDefinition(AbstractJUnitTestDefinitionProcessor.java:65)
  at org.gradle.api.internal.tasks.testing.SuiteTestDefinitionProcessor.processTestDefinition(SuiteTestDefinitionProcessor.java:54)
  at java.base/jdk.internal.reflect.DirectMethodHandleAccessor.invoke(DirectMethodHandleAccessor.java:104)
  at java.base/java.lang.reflect.Method.invoke(Method.java:565)
  at org.gradle.internal.dispatch.MethodInvocation.invokeOn(MethodInvocation.java:77)
  at org.gradle.internal.dispatch.ReflectionDispatch.dispatch(ReflectionDispatch.java:28)
  at org.gradle.internal.dispatch.ReflectionDispatch.dispatch(ReflectionDispatch.java:19)
  at org.gradle.internal.dispatch.ContextClassLoaderDispatch.dispatch(ContextClassLoaderDispatch.java:33)
  at org.gradle.internal.dispatch.ProxyDispatchAdapter$DispatchingInvocationHandler.invoke(ProxyDispatchAdapter.java:88)
  at jdk.proxy1/jdk.proxy1.$Proxy4.processTestDefinition(Unknown Source)
  at org.gradle.api.internal.tasks.testing.worker.TestWorker$2.run(TestWorker.java:178)
  at org.gradle.api.internal.tasks.testing.worker.TestWorker.executeAndMaintainThreadName(TestWorker.java:126)
  at org.gradle.api.internal.tasks.testing.worker.TestWorker.execute(TestWorker.java:103)
  at org.gradle.api.internal.tasks.testing.worker.TestWorker.execute(TestWorker.java:63)
  at org.gradle.process.internal.worker.child.ActionExecutionWorker.execute(ActionExecutionWorker.java:56)
  at org.gradle.process.internal.worker.child.SystemApplicationClassLoaderWorker.call(SystemApplicationClassLoaderWorker.java:122)
  at org.gradle.process.internal.worker.child.SystemApplicationClassLoaderWorker.call(SystemApplicationClassLoaderWorker.java:72)
  at worker.org.gradle.process.internal.worker.GradleWorkerMain.run(GradleWorkerMain.java:69)
  at worker.org.gradle.process.internal.worker.GradleWorkerMain.main(GradleWorkerMain.java:74)
</stacktrace>
</test-failure>


TypeScriptCompilerTests_E[jvm] > emitCapturingThisInTupleDestructuring1_ts has expected errors matching emitCapturingThisInTupleDestructuring1_errors_txt[jvm] FAILED

<test-failure test="com.xemantic.typescript.compiler.TypeScriptCompilerTests_E.ensureNoCrashExportAssignmentDefineProperrtyPotentialMerge_ts has expected errors matching ensureNoCrashExportAssignmentDefineProperrtyPotentialMerge_errors_txt" platform="jvm">
<message>
Expected diagnostics from baseline typescript-repo/tests/baselines/reference/ensureNoCrashExportAssignmentDefineProperrtyPotentialMerge.errors.txt but none produced
</message>
<stacktrace>
  at com.xemantic.typescript.compiler.TypeScriptTestSupportKt.errorsMatchBaseline(TypeScriptTestSupport.kt:125)
  at com.xemantic.typescript.compiler.TypeScriptCompilerTests_E.ensureNoCrashExportAssignmentDefineProperrtyPotentialMerge_ts has expected errors matching ensureNoCrashExportAssignmentDefineProperrtyPotentialMerge_errors_txt(TypeScriptCompilerTests_E.kt:693)
  at java.base/jdk.internal.reflect.DirectMethodHandleAccessor.invoke(DirectMethodHandleAccessor.java:104)
  at java.base/java.lang.reflect.Method.invoke(Method.java:565)
  at org.junit.runners.model.FrameworkMethod$1.runReflectiveCall(FrameworkMethod.java:59)
  at org.junit.internal.runners.model.ReflectiveCallable.run(ReflectiveCallable.java:12)
  at org.junit.runners.model.FrameworkMethod.invokeExplosively(FrameworkMethod.java:56)
  at org.junit.internal.runners.statements.InvokeMethod.evaluate(InvokeMethod.java:17)
  at org.junit.runners.ParentRunner$3.evaluate(ParentRunner.java:306)
  at org.junit.runners.BlockJUnit4ClassRunner$1.evaluate(BlockJUnit4ClassRunner.java:100)
  at org.junit.runners.ParentRunner.runLeaf(ParentRunner.java:366)
  at org.junit.runners.BlockJUnit4ClassRunner.runChild(BlockJUnit4ClassRunner.java:103)
  at org.junit.runners.BlockJUnit4ClassRunner.runChild(BlockJUnit4ClassRunner.java:63)
  at org.junit.runners.ParentRunner$4.run(ParentRunner.java:331)
  at org.junit.runners.ParentRunner$1.schedule(ParentRunner.java:79)
  at org.junit.runners.ParentRunner.runChildren(ParentRunner.java:329)
  at org.junit.runners.ParentRunner.access$100(ParentRunner.java:66)
  at org.junit.runners.ParentRunner$2.evaluate(ParentRunner.java:293)
  at org.junit.runners.ParentRunner$3.evaluate(ParentRunner.java:306)
  at org.junit.runners.ParentRunner.run(ParentRunner.java:413)
  at org.junit.runner.JUnitCore.run(JUnitCore.java:137)
  at org.junit.runner.JUnitCore.run(JUnitCore.java:115)
  at org.gradle.api.internal.tasks.testing.junit.JUnitTestExecutor.runRequest(JUnitTestExecutor.java:175)
  at org.gradle.api.internal.tasks.testing.junit.JUnitTestExecutor.accept(JUnitTestExecutor.java:84)
  at org.gradle.api.internal.tasks.testing.junit.JUnitTestExecutor.accept(JUnitTestExecutor.java:47)
  at org.gradle.api.internal.tasks.testing.junit.AbstractJUnitTestDefinitionProcessor.processTestDefinition(AbstractJUnitTestDefinitionProcessor.java:65)
  at org.gradle.api.internal.tasks.testing.SuiteTestDefinitionProcessor.processTestDefinition(SuiteTestDefinitionProcessor.java:54)
  at java.base/jdk.internal.reflect.DirectMethodHandleAccessor.invoke(DirectMethodHandleAccessor.java:104)
  at java.base/java.lang.reflect.Method.invoke(Method.java:565)
  at org.gradle.internal.dispatch.MethodInvocation.invokeOn(MethodInvocation.java:77)
  at org.gradle.internal.dispatch.ReflectionDispatch.dispatch(ReflectionDispatch.java:28)
  at org.gradle.internal.dispatch.ReflectionDispatch.dispatch(ReflectionDispatch.java:19)
  at org.gradle.internal.dispatch.ContextClassLoaderDispatch.dispatch(ContextClassLoaderDispatch.java:33)
  at org.gradle.internal.dispatch.ProxyDispatchAdapter$DispatchingInvocationHandler.invoke(ProxyDispatchAdapter.java:88)
  at jdk.proxy1/jdk.proxy1.$Proxy4.processTestDefinition(Unknown Source)
  at org.gradle.api.internal.tasks.testing.worker.TestWorker$2.run(TestWorker.java:178)
  at org.gradle.api.internal.tasks.testing.worker.TestWorker.executeAndMaintainThreadName(TestWorker.java:126)
  at org.gradle.api.internal.tasks.testing.worker.TestWorker.execute(TestWorker.java:103)
  at org.gradle.api.internal.tasks.testing.worker.TestWorker.execute(TestWorker.java:63)
  at org.gradle.process.internal.worker.child.ActionExecutionWorker.execute(ActionExecutionWorker.java:56)
  at org.gradle.process.internal.worker.child.SystemApplicationClassLoaderWorker.call(SystemApplicationClassLoaderWorker.java:122)
  at org.gradle.process.internal.worker.child.SystemApplicationClassLoaderWorker.call(SystemApplicationClassLoaderWorker.java:72)
  at worker.org.gradle.process.internal.worker.GradleWorkerMain.run(GradleWorkerMain.java:69)
  at worker.org.gradle.process.internal.worker.GradleWorkerMain.main(GradleWorkerMain.java:74)
</stacktrace>
</test-failure>


TypeScriptCompilerTests_E[jvm] > ensureNoCrashExportAssignmentDefineProperrtyPotentialMerge_ts has expected errors matching ensureNoCrashExportAssignmentDefineProperrtyPotentialMerge_errors_txt[jvm] FAILED

<test-failure test="com.xemantic.typescript.compiler.TypeScriptCompilerTests_E.erasableSyntaxOnly2_ts has expected errors matching erasableSyntaxOnly2_errors_txt" platform="jvm">
<message>
--- expected
+++ actual
@@ -1,24 +1,15 @@
-index.ts(1,10): error TS1294: This syntax is not allowed when 'erasableSyntaxOnly' is enabled.
 index.ts(1,19): error TS1005: '>' expected.
-index.ts(2,9): error TS1294: This syntax is not allowed when 'erasableSyntaxOnly' is enabled.
 index.ts(2,18): error TS1005: '>' expected.
-index.ts(3,9): error TS1294: This syntax is not allowed when 'erasableSyntaxOnly' is enabled.
 index.ts(3,17): error TS1005: '>' expected.
 
 
-==== index.ts (6 errors) ====
+==== index.ts (3 errors) ====
     let a = (<unknown function foo() {});
-             ~~~~~~~~
-!!! error TS1294: This syntax is not allowed when 'erasableSyntaxOnly' is enabled.
                       ~~~~~~~~
 !!! error TS1005: '>' expected.
     let b = <unknown 123;
-            ~~~~~~~~
-!!! error TS1294: This syntax is not allowed when 'erasableSyntaxOnly' is enabled.
                      ~~~
 !!! error TS1005: '>' expected.
     let c = <unknown
-            ~~~~~~~~
-!!! error TS1294: This syntax is not allowed when 'erasableSyntaxOnly' is enabled.
                     
 !!! error TS1005: '>' expected.

</message>
<stacktrace>
  at org.junit.Assert.fail(Assert.java:89)
  at kotlin.test.junit.JUnitAsserter.fail(JUnitSupport.kt:56)
  at kotlin.test.AssertionsKt__AssertionsKt.fail(Assertions.kt:563)
  at kotlin.test.AssertionsKt.fail(Unknown Source)
  at com.xemantic.kotlin.test.SameAsKt.sameAs(SameAs.kt:52)
  at com.xemantic.typescript.compiler.TypeScriptTestSupportKt.errorsMatchBaseline(TypeScriptTestSupport.kt:135)
  at com.xemantic.typescript.compiler.TypeScriptCompilerTests_E.erasableSyntaxOnly2_ts has expected errors matching erasableSyntaxOnly2_errors_txt(TypeScriptCompilerTests_E.kt:1253)
  at java.base/jdk.internal.reflect.DirectMethodHandleAccessor.invoke(DirectMethodHandleAccessor.java:104)
  at java.base/java.lang.reflect.Method.invoke(Method.java:565)
  at org.junit.runners.model.FrameworkMethod$1.runReflectiveCall(FrameworkMethod.java:59)
  at org.junit.internal.runners.model.ReflectiveCallable.run(ReflectiveCallable.java:12)
  at org.junit.runners.model.FrameworkMethod.invokeExplosively(FrameworkMethod.java:56)
  at org.junit.internal.runners.statements.InvokeMethod.evaluate(InvokeMethod.java:17)
  at org.junit.runners.ParentRunner$3.evaluate(ParentRunner.java:306)
  at org.junit.runners.BlockJUnit4ClassRunner$1.evaluate(BlockJUnit4ClassRunner.java:100)
  at org.junit.runners.ParentRunner.runLeaf(ParentRunner.java:366)
  at org.junit.runners.BlockJUnit4ClassRunner.runChild(BlockJUnit4ClassRunner.java:103)
  at org.junit.runners.BlockJUnit4ClassRunner.runChild(BlockJUnit4ClassRunner.java:63)
  at org.junit.runners.ParentRunner$4.run(ParentRunner.java:331)
  at org.junit.runners.ParentRunner$1.schedule(ParentRunner.java:79)
  at org.junit.runners.ParentRunner.runChildren(ParentRunner.java:329)
  at org.junit.runners.ParentRunner.access$100(ParentRunner.java:66)
  at org.junit.runners.ParentRunner$2.evaluate(ParentRunner.java:293)
  at org.junit.runners.ParentRunner$3.evaluate(ParentRunner.java:306)
  at org.junit.runners.ParentRunner.run(ParentRunner.java:413)
  at org.junit.runner.JUnitCore.run(JUnitCore.java:137)
  at org.junit.runner.JUnitCore.run(JUnitCore.java:115)
  at org.gradle.api.internal.tasks.testing.junit.JUnitTestExecutor.runRequest(JUnitTestExecutor.java:175)
  at org.gradle.api.internal.tasks.testing.junit.JUnitTestExecutor.accept(JUnitTestExecutor.java:84)
  at org.gradle.api.internal.tasks.testing.junit.JUnitTestExecutor.accept(JUnitTestExecutor.java:47)
  at org.gradle.api.internal.tasks.testing.junit.AbstractJUnitTestDefinitionProcessor.processTestDefinition(AbstractJUnitTestDefinitionProcessor.java:65)
  at org.gradle.api.internal.tasks.testing.SuiteTestDefinitionProcessor.processTestDefinition(SuiteTestDefinitionProcessor.java:54)
  at java.base/jdk.internal.reflect.DirectMethodHandleAccessor.invoke(DirectMethodHandleAccessor.java:104)
  at java.base/java.lang.reflect.Method.invoke(Method.java:565)
  at org.gradle.internal.dispatch.MethodInvocation.invokeOn(MethodInvocation.java:77)
  at org.gradle.internal.dispatch.ReflectionDispatch.dispatch(ReflectionDispatch.java:28)
  at org.gradle.internal.dispatch.ReflectionDispatch.dispatch(ReflectionDispatch.java:19)
  at org.gradle.internal.dispatch.ContextClassLoaderDispatch.dispatch(ContextClassLoaderDispatch.java:33)
  at org.gradle.internal.dispatch.ProxyDispatchAdapter$DispatchingInvocationHandler.invoke(ProxyDispatchAdapter.java:88)
  at jdk.proxy1/jdk.proxy1.$Proxy4.processTestDefinition(Unknown Source)
  at org.gradle.api.internal.tasks.testing.worker.TestWorker$2.run(TestWorker.java:178)
  at org.gradle.api.internal.tasks.testing.worker.TestWorker.executeAndMaintainThreadName(TestWorker.java:126)
  at org.gradle.api.internal.tasks.testing.worker.TestWorker.execute(TestWorker.java:103)
  at org.gradle.api.internal.tasks.testing.worker.TestWorker.execute(TestWorker.java:63)
  at org.gradle.process.internal.worker.child.ActionExecutionWorker.execute(ActionExecutionWorker.java:56)
  at org.gradle.process.internal.worker.child.SystemApplicationClassLoaderWorker.call(SystemApplicationClassLoaderWorker.java:122)
  at org.gradle.process.internal.worker.child.SystemApplicationClassLoaderWorker.call(SystemApplicationClassLoaderWorker.java:72)
  at worker.org.gradle.process.internal.worker.GradleWorkerMain.run(GradleWorkerMain.java:69)
  at worker.org.gradle.process.internal.worker.GradleWorkerMain.main(GradleWorkerMain.java:74)
</stacktrace>
</test-failure>


TypeScriptCompilerTests_E[jvm] > erasableSyntaxOnly2_ts has expected errors matching erasableSyntaxOnly2_errors_txt[jvm] FAILED

<test-failure test="com.xemantic.typescript.compiler.TypeScriptCompilerTests_E.es6ImportParseErrors_ts has expected errors matching es6ImportParseErrors_errors_txt" platform="jvm">
<message>
--- expected
+++ actual
@@ -1,7 +1,13 @@
-es6ImportParseErrors.ts(1,1): error TS1128: Declaration or statement expected.
+es6ImportParseErrors.ts(1,8): error TS1005: '{' expected.
+es6ImportParseErrors.ts(1,10): error TS1005: '}' expected.
+es6ImportParseErrors.ts(1,10): error TS2307: Cannot find module ';' or its corresponding type declarations.
 
 
-==== es6ImportParseErrors.ts (1 errors) ====
+==== es6ImportParseErrors.ts (3 errors) ====
     import 10;
-    ~~~~~~
-!!! error TS1128: Declaration or statement expected.
+           ~~
+!!! error TS1005: '{' expected.
+             ~
+!!! error TS1005: '}' expected.
+             ~
+!!! error TS2307: Cannot find module ';' or its corresponding type declarations.

</message>
<stacktrace>
  at org.junit.Assert.fail(Assert.java:89)
  at kotlin.test.junit.JUnitAsserter.fail(JUnitSupport.kt:56)
  at kotlin.test.AssertionsKt__AssertionsKt.fail(Assertions.kt:563)
  at kotlin.test.AssertionsKt.fail(Unknown Source)
  at com.xemantic.kotlin.test.SameAsKt.sameAs(SameAs.kt:52)
  at com.xemantic.typescript.compiler.TypeScriptTestSupportKt.errorsMatchBaseline(TypeScriptTestSupport.kt:135)
  at com.xemantic.typescript.compiler.TypeScriptCompilerTests_E.es6ImportParseErrors_ts has expected errors matching es6ImportParseErrors_errors_txt(TypeScriptCompilerTests_E.kt:3724)
  at java.base/jdk.internal.reflect.DirectMethodHandleAccessor.invoke(DirectMethodHandleAccessor.java:104)
  at java.base/java.lang.reflect.Method.invoke(Method.java:565)
  at org.junit.runners.model.FrameworkMethod$1.runReflectiveCall(FrameworkMethod.java:59)
  at org.junit.internal.runners.model.ReflectiveCallable.run(ReflectiveCallable.java:12)
  at org.junit.runners.model.FrameworkMethod.invokeExplosively(FrameworkMethod.java:56)
  at org.junit.internal.runners.statements.InvokeMethod.evaluate(InvokeMethod.java:17)
  at org.junit.runners.ParentRunner$3.evaluate(ParentRunner.java:306)
  at org.junit.runners.BlockJUnit4ClassRunner$1.evaluate(BlockJUnit4ClassRunner.java:100)
  at org.junit.runners.ParentRunner.runLeaf(ParentRunner.java:366)
  at org.junit.runners.BlockJUnit4ClassRunner.runChild(BlockJUnit4ClassRunner.java:103)
  at org.junit.runners.BlockJUnit4ClassRunner.runChild(BlockJUnit4ClassRunner.java:63)
  at org.junit.runners.ParentRunner$4.run(ParentRunner.java:331)
  at org.junit.runners.ParentRunner$1.schedule(ParentRunner.java:79)
  at org.junit.runners.ParentRunner.runChildren(ParentRunner.java:329)
  at org.junit.runners.ParentRunner.access$100(ParentRunner.java:66)
  at org.junit.runners.ParentRunner$2.evaluate(ParentRunner.java:293)
  at org.junit.runners.ParentRunner$3.evaluate(ParentRunner.java:306)
  at org.junit.runners.ParentRunner.run(ParentRunner.java:413)
  at org.junit.runner.JUnitCore.run(JUnitCore.java:137)
  at org.junit.runner.JUnitCore.run(JUnitCore.java:115)
  at org.gradle.api.internal.tasks.testing.junit.JUnitTestExecutor.runRequest(JUnitTestExecutor.java:175)
  at org.gradle.api.internal.tasks.testing.junit.JUnitTestExecutor.accept(JUnitTestExecutor.java:84)
  at org.gradle.api.internal.tasks.testing.junit.JUnitTestExecutor.accept(JUnitTestExecutor.java:47)
  at org.gradle.api.internal.tasks.testing.junit.AbstractJUnitTestDefinitionProcessor.processTestDefinition(AbstractJUnitTestDefinitionProcessor.java:65)
  at org.gradle.api.internal.tasks.testing.SuiteTestDefinitionProcessor.processTestDefinition(SuiteTestDefinitionProcessor.java:54)
  at java.base/jdk.internal.reflect.DirectMethodHandleAccessor.invoke(DirectMethodHandleAccessor.java:104)
  at java.base/java.lang.reflect.Method.invoke(Method.java:565)
  at org.gradle.internal.dispatch.MethodInvocation.invokeOn(MethodInvocation.java:77)
  at org.gradle.internal.dispatch.ReflectionDispatch.dispatch(ReflectionDispatch.java:28)
  at org.gradle.internal.dispatch.ReflectionDispatch.dispatch(ReflectionDispatch.java:19)
  at org.gradle.internal.dispatch.ContextClassLoaderDispatch.dispatch(ContextClassLoaderDispatch.java:33)
  at org.gradle.internal.dispatch.ProxyDispatchAdapter$DispatchingInvocationHandler.invoke(ProxyDispatchAdapter.java:88)
  at jdk.proxy1/jdk.proxy1.$Proxy4.processTestDefinition(Unknown Source)
  at org.gradle.api.internal.tasks.testing.worker.TestWorker$2.run(TestWorker.java:178)
  at org.gradle.api.internal.tasks.testing.worker.TestWorker.executeAndMaintainThreadName(TestWorker.java:126)
  at org.gradle.api.internal.tasks.testing.worker.TestWorker.execute(TestWorker.java:103)
  at org.gradle.api.internal.tasks.testing.worker.TestWorker.execute(TestWorker.java:63)
  at org.gradle.process.internal.worker.child.ActionExecutionWorker.execute(ActionExecutionWorker.java:56)
  at org.gradle.process.internal.worker.child.SystemApplicationClassLoaderWorker.call(SystemApplicationClassLoaderWorker.java:122)
  at org.gradle.process.internal.worker.child.SystemApplicationClassLoaderWorker.call(SystemApplicationClassLoaderWorker.java:72)
  at worker.org.gradle.process.internal.worker.GradleWorkerMain.run(GradleWorkerMain.java:69)
  at worker.org.gradle.process.internal.worker.GradleWorkerMain.main(GradleWorkerMain.java:74)
</stacktrace>
</test-failure>


TypeScriptCompilerTests_E[jvm] > es6ImportParseErrors_ts has expected errors matching es6ImportParseErrors_errors_txt[jvm] FAILED

<test-failure test="com.xemantic.typescript.compiler.TypeScriptCompilerTests_E.es6ImportDefaultBindingFollowedWithNamedImport1WithExport_ts__target_es2015__compiles to JavaScript matching baseline" platform="jvm">
<message>
--- expected
+++ actual
@@ -26,6 +26,39 @@
 exports.default = a;
 //// [client.js]
 "use strict";
+var __createBinding = (this && this.__createBinding) || (Object.create ? (function(o, m, k, k2) {
+    if (k2 === undefined) k2 = k;
+    var desc = Object.getOwnPropertyDescriptor(m, k);
+    if (!desc || ("get" in desc ? !m.__esModule : desc.writable || desc.configurable)) {
+      desc = { enumerable: true, get: function() { return m[k]; } };
+    }
+    Object.defineProperty(o, k2, desc);
+}) : (function(o, m, k, k2) {
+    if (k2 === undefined) k2 = k;
+    o[k2] = m[k];
+}));
+var __setModuleDefault = (this && this.__setModuleDefault) || (Object.create ? (function(o, v) {
+    Object.defineProperty(o, "default", { enumerable: true, value: v });
+}) : function(o, v) {
+    o["default"] = v;
+});
+var __importStar = (this && this.__importStar) || (function () {
+    var ownKeys = function(o) {
+        ownKeys = Object.getOwnPropertyNames || function (o) {
+            var ar = [];
+            for (var k in o) if (Object.prototype.hasOwnProperty.call(o, k)) ar[ar.length] = k;
+            return ar;
+        };
+        return ownKeys(o);
+    };
+    return function (mod) {
+        if (mod && mod.__esModule) return mod;
+        var result = {};
+        if (mod != null) for (var k = ownKeys(mod), i = 0; i < k.length; i++) if (k[i] !== "default") __createBinding(result, mod, k[i]);
+        __setModuleDefault(result, mod);
+        return result;
+    };
+})();
 var __importDefault = (this && this.__importDefault) || function (mod) {
     return (mod && mod.__esModule) ? mod : { "default": mod };
 };
@@ -33,13 +66,13 @@
 exports.x1 = void 0;
 const server_1 = __importDefault(require("./server"));
 exports.x1 = server_1.default;
-const server_2 = __importDefault(require("./server"));
+const server_2 = __importStar(require("./server"));
 exports.x1 = server_2.default;
-const server_3 = __importDefault(require("./server"));
+const server_3 = __importStar(require("./server"));
 exports.x1 = server_3.default;
-const server_4 = __importDefault(require("./server"));
+const server_4 = __importStar(require("./server"));
 exports.x1 = server_4.default;
-const server_5 = __importDefault(require("./server"));
+const server_5 = __importStar(require("./server"));
 exports.x1 = server_5.default;
-const server_6 = __importDefault(require("./server"));
+const server_6 = __importStar(require("./server"));
 exports.x1 = server_6.default;

</message>
<stacktrace>
  at org.junit.Assert.fail(Assert.java:89)
  at kotlin.test.junit.JUnitAsserter.fail(JUnitSupport.kt:56)
  at kotlin.test.AssertionsKt__AssertionsKt.fail(Assertions.kt:563)
  at kotlin.test.AssertionsKt.fail(Unknown Source)
  at com.xemantic.kotlin.test.SameAsKt.sameAs(SameAs.kt:52)
  at com.xemantic.typescript.compiler.TypeScriptTestSupportKt.sameAs(TypeScriptTestSupport.kt:99)
  at com.xemantic.typescript.compiler.TypeScriptCompilerTests_E.es6ImportDefaultBindingFollowedWithNamedImport1WithExport_ts__target_es2015__compiles to JavaScript matching baseline(TypeScriptCompilerTests_E.kt:3143)
  at java.base/jdk.internal.reflect.DirectMethodHandleAccessor.invoke(DirectMethodHandleAccessor.java:104)
  at java.base/java.lang.reflect.Method.invoke(Method.java:565)
  at org.junit.runners.model.FrameworkMethod$1.runReflectiveCall(FrameworkMethod.java:59)
  at org.junit.internal.runners.model.ReflectiveCallable.run(ReflectiveCallable.java:12)
  at org.junit.runners.model.FrameworkMethod.invokeExplosively(FrameworkMethod.java:56)
  at org.junit.internal.runners.statements.InvokeMethod.evaluate(InvokeMethod.java:17)
  at org.junit.runners.ParentRunner$3.evaluate(ParentRunner.java:306)
  at org.junit.runners.BlockJUnit4ClassRunner$1.evaluate(BlockJUnit4ClassRunner.java:100)
  at org.junit.runners.ParentRunner.runLeaf(ParentRunner.java:366)
  at org.junit.runners.BlockJUnit4ClassRunner.runChild(BlockJUnit4ClassRunner.java:103)
  at org.junit.runners.BlockJUnit4ClassRunner.runChild(BlockJUnit4ClassRunner.java:63)
  at org.junit.runners.ParentRunner$4.run(ParentRunner.java:331)
  at org.junit.runners.ParentRunner$1.schedule(ParentRunner.java:79)
  at org.junit.runners.ParentRunner.runChildren(ParentRunner.java:329)
  at org.junit.runners.ParentRunner.access$100(ParentRunner.java:66)
  at org.junit.runners.ParentRunner$2.evaluate(ParentRunner.java:293)
  at org.junit.runners.ParentRunner$3.evaluate(ParentRunner.java:306)
  at org.junit.runners.ParentRunner.run(ParentRunner.java:413)
  at org.junit.runner.JUnitCore.run(JUnitCore.java:137)
  at org.junit.runner.JUnitCore.run(JUnitCore.java:115)
  at org.gradle.api.internal.tasks.testing.junit.JUnitTestExecutor.runRequest(JUnitTestExecutor.java:175)
  at org.gradle.api.internal.tasks.testing.junit.JUnitTestExecutor.accept(JUnitTestExecutor.java:84)
  at org.gradle.api.internal.tasks.testing.junit.JUnitTestExecutor.accept(JUnitTestExecutor.java:47)
  at org.gradle.api.internal.tasks.testing.junit.AbstractJUnitTestDefinitionProcessor.processTestDefinition(AbstractJUnitTestDefinitionProcessor.java:65)
  at org.gradle.api.internal.tasks.testing.SuiteTestDefinitionProcessor.processTestDefinition(SuiteTestDefinitionProcessor.java:54)
  at java.base/jdk.internal.reflect.DirectMethodHandleAccessor.invoke(DirectMethodHandleAccessor.java:104)
  at java.base/java.lang.reflect.Method.invoke(Method.java:565)
  at org.gradle.internal.dispatch.MethodInvocation.invokeOn(MethodInvocation.java:77)
  at org.gradle.internal.dispatch.ReflectionDispatch.dispatch(ReflectionDispatch.java:28)
  at org.gradle.internal.dispatch.ReflectionDispatch.dispatch(ReflectionDispatch.java:19)
  at org.gradle.internal.dispatch.ContextClassLoaderDispatch.dispatch(ContextClassLoaderDispatch.java:33)
  at org.gradle.internal.dispatch.ProxyDispatchAdapter$DispatchingInvocationHandler.invoke(ProxyDispatchAdapter.java:88)
  at jdk.proxy1/jdk.proxy1.$Proxy4.processTestDefinition(Unknown Source)
  at org.gradle.api.internal.tasks.testing.worker.TestWorker$2.run(TestWorker.java:178)
  at org.gradle.api.internal.tasks.testing.worker.TestWorker.executeAndMaintainThreadName(TestWorker.java:126)
  at org.gradle.api.internal.tasks.testing.worker.TestWorker.execute(TestWorker.java:103)
  at org.gradle.api.internal.tasks.testing.worker.TestWorker.execute(TestWorker.java:63)
  at org.gradle.process.internal.worker.child.ActionExecutionWorker.execute(ActionExecutionWorker.java:56)
  at org.gradle.process.internal.worker.child.SystemApplicationClassLoaderWorker.call(SystemApplicationClassLoaderWorker.java:122)
  at org.gradle.process.internal.worker.child.SystemApplicationClassLoaderWorker.call(SystemApplicationClassLoaderWorker.java:72)
  at worker.org.gradle.process.internal.worker.GradleWorkerMain.run(GradleWorkerMain.java:69)
  at worker.org.gradle.process.internal.worker.GradleWorkerMain.main(GradleWorkerMain.java:74)
</stacktrace>
</test-failure>


TypeScriptCompilerTests_E[jvm] > es6ImportDefaultBindingFollowedWithNamedImport1WithExport_ts__target_es2015__compiles to JavaScript matching baseline[jvm] FAILED

<test-failure test="com.xemantic.typescript.compiler.TypeScriptCompilerTests_E.expr_ts has expected errors matching expr_errors_txt" platform="jvm">
<message>
Expected diagnostics from baseline typescript-repo/tests/baselines/reference/expr.errors.txt but none produced
</message>
<stacktrace>
  at com.xemantic.typescript.compiler.TypeScriptTestSupportKt.errorsMatchBaseline(TypeScriptTestSupport.kt:125)
  at com.xemantic.typescript.compiler.TypeScriptCompilerTests_E.expr_ts has expected errors matching expr_errors_txt(TypeScriptCompilerTests_E.kt:6202)
  at java.base/jdk.internal.reflect.DirectMethodHandleAccessor.invoke(DirectMethodHandleAccessor.java:104)
  at java.base/java.lang.reflect.Method.invoke(Method.java:565)
  at org.junit.runners.model.FrameworkMethod$1.runReflectiveCall(FrameworkMethod.java:59)
  at org.junit.internal.runners.model.ReflectiveCallable.run(ReflectiveCallable.java:12)
  at org.junit.runners.model.FrameworkMethod.invokeExplosively(FrameworkMethod.java:56)
  at org.junit.internal.runners.statements.InvokeMethod.evaluate(InvokeMethod.java:17)
  at org.junit.runners.ParentRunner$3.evaluate(ParentRunner.java:306)
  at org.junit.runners.BlockJUnit4ClassRunner$1.evaluate(BlockJUnit4ClassRunner.java:100)
  at org.junit.runners.ParentRunner.runLeaf(ParentRunner.java:366)
  at org.junit.runners.BlockJUnit4ClassRunner.runChild(BlockJUnit4ClassRunner.java:103)
  at org.junit.runners.BlockJUnit4ClassRunner.runChild(BlockJUnit4ClassRunner.java:63)
  at org.junit.runners.ParentRunner$4.run(ParentRunner.java:331)
  at org.junit.runners.ParentRunner$1.schedule(ParentRunner.java:79)
  at org.junit.runners.ParentRunner.runChildren(ParentRunner.java:329)
  at org.junit.runners.ParentRunner.access$100(ParentRunner.java:66)
  at org.junit.runners.ParentRunner$2.evaluate(ParentRunner.java:293)
  at org.junit.runners.ParentRunner$3.evaluate(ParentRunner.java:306)
  at org.junit.runners.ParentRunner.run(ParentRunner.java:413)
  at org.junit.runner.JUnitCore.run(JUnitCore.java:137)
  at org.junit.runner.JUnitCore.run(JUnitCore.java:115)
  at org.gradle.api.internal.tasks.testing.junit.JUnitTestExecutor.runRequest(JUnitTestExecutor.java:175)
  at org.gradle.api.internal.tasks.testing.junit.JUnitTestExecutor.accept(JUnitTestExecutor.java:84)
  at org.gradle.api.internal.tasks.testing.junit.JUnitTestExecutor.accept(JUnitTestExecutor.java:47)
  at org.gradle.api.internal.tasks.testing.junit.AbstractJUnitTestDefinitionProcessor.processTestDefinition(AbstractJUnitTestDefinitionProcessor.java:65)
  at org.gradle.api.internal.tasks.testing.SuiteTestDefinitionProcessor.processTestDefinition(SuiteTestDefinitionProcessor.java:54)
  at java.base/jdk.internal.reflect.DirectMethodHandleAccessor.invoke(DirectMethodHandleAccessor.java:104)
  at java.base/java.lang.reflect.Method.invoke(Method.java:565)
  at org.gradle.internal.dispatch.MethodInvocation.invokeOn(MethodInvocation.java:77)
  at org.gradle.internal.dispatch.ReflectionDispatch.dispatch(ReflectionDispatch.java:28)
  at org.gradle.internal.dispatch.ReflectionDispatch.dispatch(ReflectionDispatch.java:19)
  at org.gradle.internal.dispatch.ContextClassLoaderDispatch.dispatch(ContextClassLoaderDispatch.java:33)
  at org.gradle.internal.dispatch.ProxyDispatchAdapter$DispatchingInvocationHandler.invoke(ProxyDispatchAdapter.java:88)
  at jdk.proxy1/jdk.proxy1.$Proxy4.processTestDefinition(Unknown Source)
  at org.gradle.api.internal.tasks.testing.worker.TestWorker$2.run(TestWorker.java:178)
  at org.gradle.api.internal.tasks.testing.worker.TestWorker.executeAndMaintainThreadName(TestWorker.java:126)
  at org.gradle.api.internal.tasks.testing.worker.TestWorker.execute(TestWorker.java:103)
  at org.gradle.api.internal.tasks.testing.worker.TestWorker.execute(TestWorker.java:63)
  at org.gradle.process.internal.worker.child.ActionExecutionWorker.execute(ActionExecutionWorker.java:56)
  at org.gradle.process.internal.worker.child.SystemApplicationClassLoaderWorker.call(SystemApplicationClassLoaderWorker.java:122)
  at org.gradle.process.internal.worker.child.SystemApplicationClassLoaderWorker.call(SystemApplicationClassLoaderWorker.java:72)
  at worker.org.gradle.process.internal.worker.GradleWorkerMain.run(GradleWorkerMain.java:69)
  at worker.org.gradle.process.internal.worker.GradleWorkerMain.main(GradleWorkerMain.java:74)
</stacktrace>
</test-failure>


TypeScriptCompilerTests_E[jvm] > expr_ts has expected errors matching expr_errors_txt[jvm] FAILED

<test-failure test="com.xemantic.typescript.compiler.TypeScriptCompilerTests_E.exportSpecifierAndLocalMemberDeclaration_ts has expected errors matching exportSpecifierAndLocalMemberDeclaration_errors_txt" platform="jvm">
<message>
Expected diagnostics from baseline typescript-repo/tests/baselines/reference/exportSpecifierAndLocalMemberDeclaration.errors.txt but none produced
</message>
<stacktrace>
  at com.xemantic.typescript.compiler.TypeScriptTestSupportKt.errorsMatchBaseline(TypeScriptTestSupport.kt:125)
  at com.xemantic.typescript.compiler.TypeScriptCompilerTests_E.exportSpecifierAndLocalMemberDeclaration_ts has expected errors matching exportSpecifierAndLocalMemberDeclaration_errors_txt(TypeScriptCompilerTests_E.kt:5831)
  at java.base/jdk.internal.reflect.DirectMethodHandleAccessor.invoke(DirectMethodHandleAccessor.java:104)
  at java.base/java.lang.reflect.Method.invoke(Method.java:565)
  at org.junit.runners.model.FrameworkMethod$1.runReflectiveCall(FrameworkMethod.java:59)
  at org.junit.internal.runners.model.ReflectiveCallable.run(ReflectiveCallable.java:12)
  at org.junit.runners.model.FrameworkMethod.invokeExplosively(FrameworkMethod.java:56)
  at org.junit.internal.runners.statements.InvokeMethod.evaluate(InvokeMethod.java:17)
  at org.junit.runners.ParentRunner$3.evaluate(ParentRunner.java:306)
  at org.junit.runners.BlockJUnit4ClassRunner$1.evaluate(BlockJUnit4ClassRunner.java:100)
  at org.junit.runners.ParentRunner.runLeaf(ParentRunner.java:366)
  at org.junit.runners.BlockJUnit4ClassRunner.runChild(BlockJUnit4ClassRunner.java:103)
  at org.junit.runners.BlockJUnit4ClassRunner.runChild(BlockJUnit4ClassRunner.java:63)
  at org.junit.runners.ParentRunner$4.run(ParentRunner.java:331)
  at org.junit.runners.ParentRunner$1.schedule(ParentRunner.java:79)
  at org.junit.runners.ParentRunner.runChildren(ParentRunner.java:329)
  at org.junit.runners.ParentRunner.access$100(ParentRunner.java:66)
  at org.junit.runners.ParentRunner$2.evaluate(ParentRunner.java:293)
  at org.junit.runners.ParentRunner$3.evaluate(ParentRunner.java:306)
  at org.junit.runners.ParentRunner.run(ParentRunner.java:413)
  at org.junit.runner.JUnitCore.run(JUnitCore.java:137)
  at org.junit.runner.JUnitCore.run(JUnitCore.java:115)
  at org.gradle.api.internal.tasks.testing.junit.JUnitTestExecutor.runRequest(JUnitTestExecutor.java:175)
  at org.gradle.api.internal.tasks.testing.junit.JUnitTestExecutor.accept(JUnitTestExecutor.java:84)
  at org.gradle.api.internal.tasks.testing.junit.JUnitTestExecutor.accept(JUnitTestExecutor.java:47)
  at org.gradle.api.internal.tasks.testing.junit.AbstractJUnitTestDefinitionProcessor.processTestDefinition(AbstractJUnitTestDefinitionProcessor.java:65)
  at org.gradle.api.internal.tasks.testing.SuiteTestDefinitionProcessor.processTestDefinition(SuiteTestDefinitionProcessor.java:54)
  at java.base/jdk.internal.reflect.DirectMethodHandleAccessor.invoke(DirectMethodHandleAccessor.java:104)
  at java.base/java.lang.reflect.Method.invoke(Method.java:565)
  at org.gradle.internal.dispatch.MethodInvocation.invokeOn(MethodInvocation.java:77)
  at org.gradle.internal.dispatch.ReflectionDispatch.dispatch(ReflectionDispatch.java:28)
  at org.gradle.internal.dispatch.ReflectionDispatch.dispatch(ReflectionDispatch.java:19)
  at org.gradle.internal.dispatch.ContextClassLoaderDispatch.dispatch(ContextClassLoaderDispatch.java:33)
  at org.gradle.internal.dispatch.ProxyDispatchAdapter$DispatchingInvocationHandler.invoke(ProxyDispatchAdapter.java:88)
  at jdk.proxy1/jdk.proxy1.$Proxy4.processTestDefinition(Unknown Source)
  at org.gradle.api.internal.tasks.testing.worker.TestWorker$2.run(TestWorker.java:178)
  at org.gradle.api.internal.tasks.testing.worker.TestWorker.executeAndMaintainThreadName(TestWorker.java:126)
  at org.gradle.api.internal.tasks.testing.worker.TestWorker.execute(TestWorker.java:103)
  at org.gradle.api.internal.tasks.testing.worker.TestWorker.execute(TestWorker.java:63)
  at org.gradle.process.internal.worker.child.ActionExecutionWorker.execute(ActionExecutionWorker.java:56)
  at org.gradle.process.internal.worker.child.SystemApplicationClassLoaderWorker.call(SystemApplicationClassLoaderWorker.java:122)
  at org.gradle.process.internal.worker.child.SystemApplicationClassLoaderWorker.call(SystemApplicationClassLoaderWorker.java:72)
  at worker.org.gradle.process.internal.worker.GradleWorkerMain.run(GradleWorkerMain.java:69)
  at worker.org.gradle.process.internal.worker.GradleWorkerMain.main(GradleWorkerMain.java:74)
</stacktrace>
</test-failure>


TypeScriptCompilerTests_E[jvm] > exportSpecifierAndLocalMemberDeclaration_ts has expected errors matching exportSpecifierAndLocalMemberDeclaration_errors_txt[jvm] FAILED

<test-failure test="com.xemantic.typescript.compiler.TypeScriptCompilerTests_E.elidedJSImport1_ts has expected errors matching elidedJSImport1_errors_txt" platform="jvm">
<message>
Expected diagnostics from baseline typescript-repo/tests/baselines/reference/elidedJSImport1.errors.txt but none produced
</message>
<stacktrace>
  at com.xemantic.typescript.compiler.TypeScriptTestSupportKt.errorsMatchBaseline(TypeScriptTestSupport.kt:125)
  at com.xemantic.typescript.compiler.TypeScriptCompilerTests_E.elidedJSImport1_ts has expected errors matching elidedJSImport1_errors_txt(TypeScriptCompilerTests_E.kt:105)
  at java.base/jdk.internal.reflect.DirectMethodHandleAccessor.invoke(DirectMethodHandleAccessor.java:104)
  at java.base/java.lang.reflect.Method.invoke(Method.java:565)
  at org.junit.runners.model.FrameworkMethod$1.runReflectiveCall(FrameworkMethod.java:59)
  at org.junit.internal.runners.model.ReflectiveCallable.run(ReflectiveCallable.java:12)
  at org.junit.runners.model.FrameworkMethod.invokeExplosively(FrameworkMethod.java:56)
  at org.junit.internal.runners.statements.InvokeMethod.evaluate(InvokeMethod.java:17)
  at org.junit.runners.ParentRunner$3.evaluate(ParentRunner.java:306)
  at org.junit.runners.BlockJUnit4ClassRunner$1.evaluate(BlockJUnit4ClassRunner.java:100)
  at org.junit.runners.ParentRunner.runLeaf(ParentRunner.java:366)
  at org.junit.runners.BlockJUnit4ClassRunner.runChild(BlockJUnit4ClassRunner.java:103)
  at org.junit.runners.BlockJUnit4ClassRunner.runChild(BlockJUnit4ClassRunner.java:63)
  at org.junit.runners.ParentRunner$4.run(ParentRunner.java:331)
  at org.junit.runners.ParentRunner$1.schedule(ParentRunner.java:79)
  at org.junit.runners.ParentRunner.runChildren(ParentRunner.java:329)
  at org.junit.runners.ParentRunner.access$100(ParentRunner.java:66)
  at org.junit.runners.ParentRunner$2.evaluate(ParentRunner.java:293)
  at org.junit.runners.ParentRunner$3.evaluate(ParentRunner.java:306)
  at org.junit.runners.ParentRunner.run(ParentRunner.java:413)
  at org.junit.runner.JUnitCore.run(JUnitCore.java:137)
  at org.junit.runner.JUnitCore.run(JUnitCore.java:115)
  at org.gradle.api.internal.tasks.testing.junit.JUnitTestExecutor.runRequest(JUnitTestExecutor.java:175)
  at org.gradle.api.internal.tasks.testing.junit.JUnitTestExecutor.accept(JUnitTestExecutor.java:84)
  at org.gradle.api.internal.tasks.testing.junit.JUnitTestExecutor.accept(JUnitTestExecutor.java:47)
  at org.gradle.api.internal.tasks.testing.junit.AbstractJUnitTestDefinitionProcessor.processTestDefinition(AbstractJUnitTestDefinitionProcessor.java:65)
  at org.gradle.api.internal.tasks.testing.SuiteTestDefinitionProcessor.processTestDefinition(SuiteTestDefinitionProcessor.java:54)
  at java.base/jdk.internal.reflect.DirectMethodHandleAccessor.invoke(DirectMethodHandleAccessor.java:104)
  at java.base/java.lang.reflect.Method.invoke(Method.java:565)
  at org.gradle.internal.dispatch.MethodInvocation.invokeOn(MethodInvocation.java:77)
  at org.gradle.internal.dispatch.ReflectionDispatch.dispatch(ReflectionDispatch.java:28)
  at org.gradle.internal.dispatch.ReflectionDispatch.dispatch(ReflectionDispatch.java:19)
  at org.gradle.internal.dispatch.ContextClassLoaderDispatch.dispatch(ContextClassLoaderDispatch.java:33)
  at org.gradle.internal.dispatch.ProxyDispatchAdapter$DispatchingInvocationHandler.invoke(ProxyDispatchAdapter.java:88)
  at jdk.proxy1/jdk.proxy1.$Proxy4.processTestDefinition(Unknown Source)
  at org.gradle.api.internal.tasks.testing.worker.TestWorker$2.run(TestWorker.java:178)
  at org.gradle.api.internal.tasks.testing.worker.TestWorker.executeAndMaintainThreadName(TestWorker.java:126)
  at org.gradle.api.internal.tasks.testing.worker.TestWorker.execute(TestWorker.java:103)
  at org.gradle.api.internal.tasks.testing.worker.TestWorker.execute(TestWorker.java:63)
  at org.gradle.process.internal.worker.child.ActionExecutionWorker.execute(ActionExecutionWorker.java:56)
  at org.gradle.process.internal.worker.child.SystemApplicationClassLoaderWorker.call(SystemApplicationClassLoaderWorker.java:122)
  at org.gradle.process.internal.worker.child.SystemApplicationClassLoaderWorker.call(SystemApplicationClassLoaderWorker.java:72)
  at worker.org.gradle.process.internal.worker.GradleWorkerMain.run(GradleWorkerMain.java:69)
  at worker.org.gradle.process.internal.worker.GradleWorkerMain.main(GradleWorkerMain.java:74)
</stacktrace>
</test-failure>


TypeScriptCompilerTests_E[jvm] > elidedJSImport1_ts has expected errors matching elidedJSImport1_errors_txt[jvm] FAILED

<test-failure test="com.xemantic.typescript.compiler.TypeScriptCompilerTests_E.es6ImportParseErrors_ts compiles to JavaScript matching es6ImportParseErrors_js" platform="jvm">
<message>
--- expected
+++ actual
@@ -4,5 +4,4 @@
 import 10;
 
 //// [es6ImportParseErrors.js]
-"use strict";
-10;
+export {};

</message>
<stacktrace>
  at org.junit.Assert.fail(Assert.java:89)
  at kotlin.test.junit.JUnitAsserter.fail(JUnitSupport.kt:56)
  at kotlin.test.AssertionsKt__AssertionsKt.fail(Assertions.kt:563)
  at kotlin.test.AssertionsKt.fail(Unknown Source)
  at com.xemantic.kotlin.test.SameAsKt.sameAs(SameAs.kt:52)
  at com.xemantic.typescript.compiler.TypeScriptTestSupportKt.sameAs(TypeScriptTestSupport.kt:99)
  at com.xemantic.typescript.compiler.TypeScriptCompilerTests_E.es6ImportParseErrors_ts compiles to JavaScript matching es6ImportParseErrors_js(TypeScriptCompilerTests_E.kt:3717)
  at java.base/jdk.internal.reflect.DirectMethodHandleAccessor.invoke(DirectMethodHandleAccessor.java:104)
  at java.base/java.lang.reflect.Method.invoke(Method.java:565)
  at org.junit.runners.model.FrameworkMethod$1.runReflectiveCall(FrameworkMethod.java:59)
  at org.junit.internal.runners.model.ReflectiveCallable.run(ReflectiveCallable.java:12)
  at org.junit.runners.model.FrameworkMethod.invokeExplosively(FrameworkMethod.java:56)
  at org.junit.internal.runners.statements.InvokeMethod.evaluate(InvokeMethod.java:17)
  at org.junit.runners.ParentRunner$3.evaluate(ParentRunner.java:306)
  at org.junit.runners.BlockJUnit4ClassRunner$1.evaluate(BlockJUnit4ClassRunner.java:100)
  at org.junit.runners.ParentRunner.runLeaf(ParentRunner.java:366)
  at org.junit.runners.BlockJUnit4ClassRunner.runChild(BlockJUnit4ClassRunner.java:103)
  at org.junit.runners.BlockJUnit4ClassRunner.runChild(BlockJUnit4ClassRunner.java:63)
  at org.junit.runners.ParentRunner$4.run(ParentRunner.java:331)
  at org.junit.runners.ParentRunner$1.schedule(ParentRunner.java:79)
  at org.junit.runners.ParentRunner.runChildren(ParentRunner.java:329)
  at org.junit.runners.ParentRunner.access$100(ParentRunner.java:66)
  at org.junit.runners.ParentRunner$2.evaluate(ParentRunner.java:293)
  at org.junit.runners.ParentRunner$3.evaluate(ParentRunner.java:306)
  at org.junit.runners.ParentRunner.run(ParentRunner.java:413)
  at org.junit.runner.JUnitCore.run(JUnitCore.java:137)
  at org.junit.runner.JUnitCore.run(JUnitCore.java:115)
  at org.gradle.api.internal.tasks.testing.junit.JUnitTestExecutor.runRequest(JUnitTestExecutor.java:175)
  at org.gradle.api.internal.tasks.testing.junit.JUnitTestExecutor.accept(JUnitTestExecutor.java:84)
  at org.gradle.api.internal.tasks.testing.junit.JUnitTestExecutor.accept(JUnitTestExecutor.java:47)
  at org.gradle.api.internal.tasks.testing.junit.AbstractJUnitTestDefinitionProcessor.processTestDefinition(AbstractJUnitTestDefinitionProcessor.java:65)
  at org.gradle.api.internal.tasks.testing.SuiteTestDefinitionProcessor.processTestDefinition(SuiteTestDefinitionProcessor.java:54)
  at java.base/jdk.internal.reflect.DirectMethodHandleAccessor.invoke(DirectMethodHandleAccessor.java:104)
  at java.base/java.lang.reflect.Method.invoke(Method.java:565)
  at org.gradle.internal.dispatch.MethodInvocation.invokeOn(MethodInvocation.java:77)
  at org.gradle.internal.dispatch.ReflectionDispatch.dispatch(ReflectionDispatch.java:28)
  at org.gradle.internal.dispatch.ReflectionDispatch.dispatch(ReflectionDispatch.java:19)
  at org.gradle.internal.dispatch.ContextClassLoaderDispatch.dispatch(ContextClassLoaderDispatch.java:33)
  at org.gradle.internal.dispatch.ProxyDispatchAdapter$DispatchingInvocationHandler.invoke(ProxyDispatchAdapter.java:88)
  at jdk.proxy1/jdk.proxy1.$Proxy4.processTestDefinition(Unknown Source)
  at org.gradle.api.internal.tasks.testing.worker.TestWorker$2.run(TestWorker.java:178)
  at org.gradle.api.internal.tasks.testing.worker.TestWorker.executeAndMaintainThreadName(TestWorker.java:126)
  at org.gradle.api.internal.tasks.testing.worker.TestWorker.execute(TestWorker.java:103)
  at org.gradle.api.internal.tasks.testing.worker.TestWorker.execute(TestWorker.java:63)
  at org.gradle.process.internal.worker.child.ActionExecutionWorker.execute(ActionExecutionWorker.java:56)
  at org.gradle.process.internal.worker.child.SystemApplicationClassLoaderWorker.call(SystemApplicationClassLoaderWorker.java:122)
  at org.gradle.process.internal.worker.child.SystemApplicationClassLoaderWorker.call(SystemApplicationClassLoaderWorker.java:72)
  at worker.org.gradle.process.internal.worker.GradleWorkerMain.run(GradleWorkerMain.java:69)
  at worker.org.gradle.process.internal.worker.GradleWorkerMain.main(GradleWorkerMain.java:74)
</stacktrace>
</test-failure>


TypeScriptCompilerTests_E[jvm] > es6ImportParseErrors_ts compiles to JavaScript matching es6ImportParseErrors_js[jvm] FAILED

<test-failure test="com.xemantic.typescript.compiler.TypeScriptCompilerTests_E.errorMessagesIntersectionTypes01_ts has expected errors matching errorMessagesIntersectionTypes01_errors_txt" platform="jvm">
<message>
Expected diagnostics from baseline typescript-repo/tests/baselines/reference/errorMessagesIntersectionTypes01.errors.txt but none produced
</message>
<stacktrace>
  at com.xemantic.typescript.compiler.TypeScriptTestSupportKt.errorsMatchBaseline(TypeScriptTestSupport.kt:125)
  at com.xemantic.typescript.compiler.TypeScriptCompilerTests_E.errorMessagesIntersectionTypes01_ts has expected errors matching errorMessagesIntersectionTypes01_errors_txt(TypeScriptCompilerTests_E.kt:1491)
  at java.base/jdk.internal.reflect.DirectMethodHandleAccessor.invoke(DirectMethodHandleAccessor.java:104)
  at java.base/java.lang.reflect.Method.invoke(Method.java:565)
  at org.junit.runners.model.FrameworkMethod$1.runReflectiveCall(FrameworkMethod.java:59)
  at org.junit.internal.runners.model.ReflectiveCallable.run(ReflectiveCallable.java:12)
  at org.junit.runners.model.FrameworkMethod.invokeExplosively(FrameworkMethod.java:56)
  at org.junit.internal.runners.statements.InvokeMethod.evaluate(InvokeMethod.java:17)
  at org.junit.runners.ParentRunner$3.evaluate(ParentRunner.java:306)
  at org.junit.runners.BlockJUnit4ClassRunner$1.evaluate(BlockJUnit4ClassRunner.java:100)
  at org.junit.runners.ParentRunner.runLeaf(ParentRunner.java:366)
  at org.junit.runners.BlockJUnit4ClassRunner.runChild(BlockJUnit4ClassRunner.java:103)
  at org.junit.runners.BlockJUnit4ClassRunner.runChild(BlockJUnit4ClassRunner.java:63)
  at org.junit.runners.ParentRunner$4.run(ParentRunner.java:331)
  at org.junit.runners.ParentRunner$1.schedule(ParentRunner.java:79)
  at org.junit.runners.ParentRunner.runChildren(ParentRunner.java:329)
  at org.junit.runners.ParentRunner.access$100(ParentRunner.java:66)
  at org.junit.runners.ParentRunner$2.evaluate(ParentRunner.java:293)
  at org.junit.runners.ParentRunner$3.evaluate(ParentRunner.java:306)
  at org.junit.runners.ParentRunner.run(ParentRunner.java:413)
  at org.junit.runner.JUnitCore.run(JUnitCore.java:137)
  at org.junit.runner.JUnitCore.run(JUnitCore.java:115)
  at org.gradle.api.internal.tasks.testing.junit.JUnitTestExecutor.runRequest(JUnitTestExecutor.java:175)
  at org.gradle.api.internal.tasks.testing.junit.JUnitTestExecutor.accept(JUnitTestExecutor.java:84)
  at org.gradle.api.internal.tasks.testing.junit.JUnitTestExecutor.accept(JUnitTestExecutor.java:47)
  at org.gradle.api.internal.tasks.testing.junit.AbstractJUnitTestDefinitionProcessor.processTestDefinition(AbstractJUnitTestDefinitionProcessor.java:65)
  at org.gradle.api.internal.tasks.testing.SuiteTestDefinitionProcessor.processTestDefinition(SuiteTestDefinitionProcessor.java:54)
  at java.base/jdk.internal.reflect.DirectMethodHandleAccessor.invoke(DirectMethodHandleAccessor.java:104)
  at java.base/java.lang.reflect.Method.invoke(Method.java:565)
  at org.gradle.internal.dispatch.MethodInvocation.invokeOn(MethodInvocation.java:77)
  at org.gradle.internal.dispatch.ReflectionDispatch.dispatch(ReflectionDispatch.java:28)
  at org.gradle.internal.dispatch.ReflectionDispatch.dispatch(ReflectionDispatch.java:19)
  at org.gradle.internal.dispatch.ContextClassLoaderDispatch.dispatch(ContextClassLoaderDispatch.java:33)
  at org.gradle.internal.dispatch.ProxyDispatchAdapter$DispatchingInvocationHandler.invoke(ProxyDispatchAdapter.java:88)
  at jdk.proxy1/jdk.proxy1.$Proxy4.processTestDefinition(Unknown Source)
  at org.gradle.api.internal.tasks.testing.worker.TestWorker$2.run(TestWorker.java:178)
  at org.gradle.api.internal.tasks.testing.worker.TestWorker.executeAndMaintainThreadName(TestWorker.java:126)
  at org.gradle.api.internal.tasks.testing.worker.TestWorker.execute(TestWorker.java:103)
  at org.gradle.api.internal.tasks.testing.worker.TestWorker.execute(TestWorker.java:63)
  at org.gradle.process.internal.worker.child.ActionExecutionWorker.execute(ActionExecutionWorker.java:56)
  at org.gradle.process.internal.worker.child.SystemApplicationClassLoaderWorker.call(SystemApplicationClassLoaderWorker.java:122)
  at org.gradle.process.internal.worker.child.SystemApplicationClassLoaderWorker.call(SystemApplicationClassLoaderWorker.java:72)
  at worker.org.gradle.process.internal.worker.GradleWorkerMain.run(GradleWorkerMain.java:69)
  at worker.org.gradle.process.internal.worker.GradleWorkerMain.main(GradleWorkerMain.java:74)
</stacktrace>
</test-failure>


TypeScriptCompilerTests_E[jvm] > errorMessagesIntersectionTypes01_ts has expected errors matching errorMessagesIntersectionTypes01_errors_txt[jvm] FAILED

<test-failure test="com.xemantic.typescript.compiler.TypeScriptCompilerTests_E.es6ImportDefaultBindingFollowedWithNamedImportInEs5_ts__target_es5__has expected errors matching baseline" platform="jvm">
<message>
--- expected
+++ actual
@@ -1,10 +1,4 @@
 error TS5107: Option 'target=ES5' is deprecated and will stop functioning in TypeScript 7.0. Specify compilerOption '"ignoreDeprecations": "6.0"' to silence this error.
-es6ImportDefaultBindingFollowedWithNamedImportInEs5_1.ts(1,8): error TS1192: Module '"es6ImportDefaultBindingFollowedWithNamedImportInEs5_0"' has no default export.
-es6ImportDefaultBindingFollowedWithNamedImportInEs5_1.ts(2,8): error TS1192: Module '"es6ImportDefaultBindingFollowedWithNamedImportInEs5_0"' has no default export.
-es6ImportDefaultBindingFollowedWithNamedImportInEs5_1.ts(4,8): error TS1192: Module '"es6ImportDefaultBindingFollowedWithNamedImportInEs5_0"' has no default export.
-es6ImportDefaultBindingFollowedWithNamedImportInEs5_1.ts(6,8): error TS1192: Module '"es6ImportDefaultBindingFollowedWithNamedImportInEs5_0"' has no default export.
-es6ImportDefaultBindingFollowedWithNamedImportInEs5_1.ts(9,8): error TS1192: Module '"es6ImportDefaultBindingFollowedWithNamedImportInEs5_0"' has no default export.
-es6ImportDefaultBindingFollowedWithNamedImportInEs5_1.ts(11,8): error TS1192: Module '"es6ImportDefaultBindingFollowedWithNamedImportInEs5_0"' has no default export.
 
 
 !!! error TS5107: Option 'target=ES5' is deprecated and will stop functioning in TypeScript 7.0. Specify compilerOption '"ignoreDeprecations": "6.0"' to silence this error.
@@ -13,28 +7,16 @@
     export var x = a;
     export var m = a;
     
-==== es6ImportDefaultBindingFollowedWithNamedImportInEs5_1.ts (6 errors) ====
+==== es6ImportDefaultBindingFollowedWithNamedImportInEs5_1.ts (0 errors) ====
     import defaultBinding1, { } from "./es6ImportDefaultBindingFollowedWithNamedImportInEs5_0";
-           ~~~~~~~~~~~~~~~
-!!! error TS1192: Module '"es6ImportDefaultBindingFollowedWithNamedImportInEs5_0"' has no default export.
     import defaultBinding2, { a } from "./es6ImportDefaultBindingFollowedWithNamedImportInEs5_0";
-           ~~~~~~~~~~~~~~~
-!!! error TS1192: Module '"es6ImportDefaultBindingFollowedWithNamedImportInEs5_0"' has no default export.
     var x1: number = a;
     import defaultBinding3, { a as b } from "./es6ImportDefaultBindingFollowedWithNamedImportInEs5_0";
-           ~~~~~~~~~~~~~~~
-!!! error TS1192: Module '"es6ImportDefaultBindingFollowedWithNamedImportInEs5_0"' has no default export.
     var x1: number = b;
     import defaultBinding4, { x, a as y } from "./es6ImportDefaultBindingFollowedWithNamedImportInEs5_0";
-           ~~~~~~~~~~~~~~~
-!!! error TS1192: Module '"es6ImportDefaultBindingFollowedWithNamedImportInEs5_0"' has no default export.
     var x1: number = x;
     var x1: number = y;
     import defaultBinding5, { x as z,  } from "./es6ImportDefaultBindingFollowedWithNamedImportInEs5_0";
-           ~~~~~~~~~~~~~~~
-!!! error TS1192: Module '"es6ImportDefaultBindingFollowedWithNamedImportInEs5_0"' has no default export.
     var x1: number = z;
     import defaultBinding6, { m,  } from "./es6ImportDefaultBindingFollowedWithNamedImportInEs5_0";
-           ~~~~~~~~~~~~~~~
-!!! error TS1192: Module '"es6ImportDefaultBindingFollowedWithNamedImportInEs5_0"' has no default export.
     var x1: number = m;

</message>
<stacktrace>
  at org.junit.Assert.fail(Assert.java:89)
  at kotlin.test.junit.JUnitAsserter.fail(JUnitSupport.kt:56)
  at kotlin.test.AssertionsKt__AssertionsKt.fail(Assertions.kt:563)
  at kotlin.test.AssertionsKt.fail(Unknown Source)
  at com.xemantic.kotlin.test.SameAsKt.sameAs(SameAs.kt:52)
  at com.xemantic.typescript.compiler.TypeScriptTestSupportKt.errorsMatchBaseline(TypeScriptTestSupport.kt:135)
  at com.xemantic.typescript.compiler.TypeScriptCompilerTests_E.es6ImportDefaultBindingFollowedWithNamedImportInEs5_ts__target_es5__has expected errors matching baseline(TypeScriptCompilerTests_E.kt:3206)
  at java.base/jdk.internal.reflect.DirectMethodHandleAccessor.invoke(DirectMethodHandleAccessor.java:104)
  at java.base/java.lang.reflect.Method.invoke(Method.java:565)
  at org.junit.runners.model.FrameworkMethod$1.runReflectiveCall(FrameworkMethod.java:59)
  at org.junit.internal.runners.model.ReflectiveCallable.run(ReflectiveCallable.java:12)
  at org.junit.runners.model.FrameworkMethod.invokeExplosively(FrameworkMethod.java:56)
  at org.junit.internal.runners.statements.InvokeMethod.evaluate(InvokeMethod.java:17)
  at org.junit.runners.ParentRunner$3.evaluate(ParentRunner.java:306)
  at org.junit.runners.BlockJUnit4ClassRunner$1.evaluate(BlockJUnit4ClassRunner.java:100)
  at org.junit.runners.ParentRunner.runLeaf(ParentRunner.java:366)
  at org.junit.runners.BlockJUnit4ClassRunner.runChild(BlockJUnit4ClassRunner.java:103)
  at org.junit.runners.BlockJUnit4ClassRunner.runChild(BlockJUnit4ClassRunner.java:63)
  at org.junit.runners.ParentRunner$4.run(ParentRunner.java:331)
  at org.junit.runners.ParentRunner$1.schedule(ParentRunner.java:79)
  at org.junit.runners.ParentRunner.runChildren(ParentRunner.java:329)
  at org.junit.runners.ParentRunner.access$100(ParentRunner.java:66)
  at org.junit.runners.ParentRunner$2.evaluate(ParentRunner.java:293)
  at org.junit.runners.ParentRunner$3.evaluate(ParentRunner.java:306)
  at org.junit.runners.ParentRunner.run(ParentRunner.java:413)
  at org.junit.runner.JUnitCore.run(JUnitCore.java:137)
  at org.junit.runner.JUnitCore.run(JUnitCore.java:115)
  at org.gradle.api.internal.tasks.testing.junit.JUnitTestExecutor.runRequest(JUnitTestExecutor.java:175)
  at org.gradle.api.internal.tasks.testing.junit.JUnitTestExecutor.accept(JUnitTestExecutor.java:84)
  at org.gradle.api.internal.tasks.testing.junit.JUnitTestExecutor.accept(JUnitTestExecutor.java:47)
  at org.gradle.api.internal.tasks.testing.junit.AbstractJUnitTestDefinitionProcessor.processTestDefinition(AbstractJUnitTestDefinitionProcessor.java:65)
  at org.gradle.api.internal.tasks.testing.SuiteTestDefinitionProcessor.processTestDefinition(SuiteTestDefinitionProcessor.java:54)
  at java.base/jdk.internal.reflect.DirectMethodHandleAccessor.invoke(DirectMethodHandleAccessor.java:104)
  at java.base/java.lang.reflect.Method.invoke(Method.java:565)
  at org.gradle.internal.dispatch.MethodInvocation.invokeOn(MethodInvocation.java:77)
  at org.gradle.internal.dispatch.ReflectionDispatch.dispatch(ReflectionDispatch.java:28)
  at org.gradle.internal.dispatch.ReflectionDispatch.dispatch(ReflectionDispatch.java:19)
  at org.gradle.internal.dispatch.ContextClassLoaderDispatch.dispatch(ContextClassLoaderDispatch.java:33)
  at org.gradle.internal.dispatch.ProxyDispatchAdapter$DispatchingInvocationHandler.invoke(ProxyDispatchAdapter.java:88)
  at jdk.proxy1/jdk.proxy1.$Proxy4.processTestDefinition(Unknown Source)
  at org.gradle.api.internal.tasks.testing.worker.TestWorker$2.run(TestWorker.java:178)
  at org.gradle.api.internal.tasks.testing.worker.TestWorker.executeAndMaintainThreadName(TestWorker.java:126)
  at org.gradle.api.internal.tasks.testing.worker.TestWorker.execute(TestWorker.java:103)
  at org.gradle.api.internal.tasks.testing.worker.TestWorker.execute(TestWorker.java:63)
  at org.gradle.process.internal.worker.child.ActionExecutionWorker.execute(ActionExecutionWorker.java:56)
  at org.gradle.process.internal.worker.child.SystemApplicationClassLoaderWorker.call(SystemApplicationClassLoaderWorker.java:122)
  at org.gradle.process.internal.worker.child.SystemApplicationClassLoaderWorker.call(SystemApplicationClassLoaderWorker.java:72)
  at worker.org.gradle.process.internal.worker.GradleWorkerMain.run(GradleWorkerMain.java:69)
  at worker.org.gradle.process.internal.worker.GradleWorkerMain.main(GradleWorkerMain.java:74)
</stacktrace>
</test-failure>


TypeScriptCompilerTests_E[jvm] > es6ImportDefaultBindingFollowedWithNamedImportInEs5_ts__target_es5__has expected errors matching baseline[jvm] FAILED

<test-failure test="com.xemantic.typescript.compiler.TypeScriptCompilerTests_E.externalModuleExportingGenericClass_ts has expected errors matching externalModuleExportingGenericClass_errors_txt" platform="jvm">
<message>
--- expected
+++ actual
@@ -1,12 +1,9 @@
 externalModuleExportingGenericClass_file0.ts(2,5): error TS2564: Property 'foo' has no initializer and is not definitely assigned in the constructor.
-externalModuleExportingGenericClass_file1.ts(2,8): error TS2314: Generic type 'C<T>' requires 1 type argument(s).
 
 
-==== externalModuleExportingGenericClass_file1.ts (1 errors) ====
+==== externalModuleExportingGenericClass_file1.ts (0 errors) ====
     import a = require('./externalModuleExportingGenericClass_file0');
     var v: a; // this should report error
-           ~
-!!! error TS2314: Generic type 'C<T>' requires 1 type argument(s).
     var v2: any = (new a()).foo;
     var v3: number = (new a<number>()).foo;
     

</message>
<stacktrace>
  at org.junit.Assert.fail(Assert.java:89)
  at kotlin.test.junit.JUnitAsserter.fail(JUnitSupport.kt:56)
  at kotlin.test.AssertionsKt__AssertionsKt.fail(Assertions.kt:563)
  at kotlin.test.AssertionsKt.fail(Unknown Source)
  at com.xemantic.kotlin.test.SameAsKt.sameAs(SameAs.kt:52)
  at com.xemantic.typescript.compiler.TypeScriptTestSupportKt.errorsMatchBaseline(TypeScriptTestSupport.kt:135)
  at com.xemantic.typescript.compiler.TypeScriptCompilerTests_E.externalModuleExportingGenericClass_ts has expected errors matching externalModuleExportingGenericClass_errors_txt(TypeScriptCompilerTests_E.kt:6650)
  at java.base/jdk.internal.reflect.DirectMethodHandleAccessor.invoke(DirectMethodHandleAccessor.java:104)
  at java.base/java.lang.reflect.Method.invoke(Method.java:565)
  at org.junit.runners.model.FrameworkMethod$1.runReflectiveCall(FrameworkMethod.java:59)
  at org.junit.internal.runners.model.ReflectiveCallable.run(ReflectiveCallable.java:12)
  at org.junit.runners.model.FrameworkMethod.invokeExplosively(FrameworkMethod.java:56)
  at org.junit.internal.runners.statements.InvokeMethod.evaluate(InvokeMethod.java:17)
  at org.junit.runners.ParentRunner$3.evaluate(ParentRunner.java:306)
  at org.junit.runners.BlockJUnit4ClassRunner$1.evaluate(BlockJUnit4ClassRunner.java:100)
  at org.junit.runners.ParentRunner.runLeaf(ParentRunner.java:366)
  at org.junit.runners.BlockJUnit4ClassRunner.runChild(BlockJUnit4ClassRunner.java:103)
  at org.junit.runners.BlockJUnit4ClassRunner.runChild(BlockJUnit4ClassRunner.java:63)
  at org.junit.runners.ParentRunner$4.run(ParentRunner.java:331)
  at org.junit.runners.ParentRunner$1.schedule(ParentRunner.java:79)
  at org.junit.runners.ParentRunner.runChildren(ParentRunner.java:329)
  at org.junit.runners.ParentRunner.access$100(ParentRunner.java:66)
  at org.junit.runners.ParentRunner$2.evaluate(ParentRunner.java:293)
  at org.junit.runners.ParentRunner$3.evaluate(ParentRunner.java:306)
  at org.junit.runners.ParentRunner.run(ParentRunner.java:413)
  at org.junit.runner.JUnitCore.run(JUnitCore.java:137)
  at org.junit.runner.JUnitCore.run(JUnitCore.java:115)
  at org.gradle.api.internal.tasks.testing.junit.JUnitTestExecutor.runRequest(JUnitTestExecutor.java:175)
  at org.gradle.api.internal.tasks.testing.junit.JUnitTestExecutor.accept(JUnitTestExecutor.java:84)
  at org.gradle.api.internal.tasks.testing.junit.JUnitTestExecutor.accept(JUnitTestExecutor.java:47)
  at org.gradle.api.internal.tasks.testing.junit.AbstractJUnitTestDefinitionProcessor.processTestDefinition(AbstractJUnitTestDefinitionProcessor.java:65)
  at org.gradle.api.internal.tasks.testing.SuiteTestDefinitionProcessor.processTestDefinition(SuiteTestDefinitionProcessor.java:54)
  at java.base/jdk.internal.reflect.DirectMethodHandleAccessor.invoke(DirectMethodHandleAccessor.java:104)
  at java.base/java.lang.reflect.Method.invoke(Method.java:565)
  at org.gradle.internal.dispatch.MethodInvocation.invokeOn(MethodInvocation.java:77)
  at org.gradle.internal.dispatch.ReflectionDispatch.dispatch(ReflectionDispatch.java:28)
  at org.gradle.internal.dispatch.ReflectionDispatch.dispatch(ReflectionDispatch.java:19)
  at org.gradle.internal.dispatch.ContextClassLoaderDispatch.dispatch(ContextClassLoaderDispatch.java:33)
  at org.gradle.internal.dispatch.ProxyDispatchAdapter$DispatchingInvocationHandler.invoke(ProxyDispatchAdapter.java:88)
  at jdk.proxy1/jdk.proxy1.$Proxy4.processTestDefinition(Unknown Source)
  at org.gradle.api.internal.tasks.testing.worker.TestWorker$2.run(TestWorker.java:178)
  at org.gradle.api.internal.tasks.testing.worker.TestWorker.executeAndMaintainThreadName(TestWorker.java:126)
  at org.gradle.api.internal.tasks.testing.worker.TestWorker.execute(TestWorker.java:103)
  at org.gradle.api.internal.tasks.testing.worker.TestWorker.execute(TestWorker.java:63)
  at org.gradle.process.internal.worker.child.ActionExecutionWorker.execute(ActionExecutionWorker.java:56)
  at org.gradle.process.internal.worker.child.SystemApplicationClassLoaderWorker.call(SystemApplicationClassLoaderWorker.java:122)
  at org.gradle.process.internal.worker.child.SystemApplicationClassLoaderWorker.call(SystemApplicationClassLoaderWorker.java:72)
  at worker.org.gradle.process.internal.worker.GradleWorkerMain.run(GradleWorkerMain.java:69)
  at worker.org.gradle.process.internal.worker.GradleWorkerMain.main(GradleWorkerMain.java:74)
</stacktrace>
</test-failure>


TypeScriptCompilerTests_E[jvm] > externalModuleExportingGenericClass_ts has expected errors matching externalModuleExportingGenericClass_errors_txt[jvm] FAILED

<test-failure test="com.xemantic.typescript.compiler.TypeScriptCompilerTests_E.experimentalDecoratorMetadataUnresolvedTypeObjectInEmit_ts compiles to JavaScript matching experimentalDecoratorMetadataUnresolvedTypeObjectInEmit_js" platform="jvm">
<message>
--- expected
+++ actual
@@ -29,13 +29,12 @@
 var __param = (this && this.__param) || function (paramIndex, decorator) {
     return function (target, key) { decorator(target, key, paramIndex); }
 };
-var _a, _b, _c, _d;
 class Foo {
     f(user) { }
 }
 __decorate([
     __param(0, decorate),
     __metadata("design:type", Function),
-    __metadata("design:paramtypes", [typeof (_d = typeof A !== "undefined" && (_a = A.B) !== void 0 && (_b = _a.C) !== void 0 && (_c = _b.D) !== void 0 && _c.E) === "function" ? _d : Object]),
+    __metadata("design:paramtypes", [A.B.C.D.E]),
     __metadata("design:returntype", void 0)
 ], Foo.prototype, "f", null);

</message>
<stacktrace>
  at org.junit.Assert.fail(Assert.java:89)
  at kotlin.test.junit.JUnitAsserter.fail(JUnitSupport.kt:56)
  at kotlin.test.AssertionsKt__AssertionsKt.fail(Assertions.kt:563)
  at kotlin.test.AssertionsKt.fail(Unknown Source)
  at com.xemantic.kotlin.test.SameAsKt.sameAs(SameAs.kt:52)
  at com.xemantic.typescript.compiler.TypeScriptTestSupportKt.sameAs(TypeScriptTestSupport.kt:99)
  at com.xemantic.typescript.compiler.TypeScriptCompilerTests_E.experimentalDecoratorMetadataUnresolvedTypeObjectInEmit_ts compiles to JavaScript matching experimentalDecoratorMetadataUnresolvedTypeObjectInEmit_js(TypeScriptCompilerTests_E.kt:4536)
  at java.base/jdk.internal.reflect.DirectMethodHandleAccessor.invoke(DirectMethodHandleAccessor.java:104)
  at java.base/java.lang.reflect.Method.invoke(Method.java:565)
  at org.junit.runners.model.FrameworkMethod$1.runReflectiveCall(FrameworkMethod.java:59)
  at org.junit.internal.runners.model.ReflectiveCallable.run(ReflectiveCallable.java:12)
  at org.junit.runners.model.FrameworkMethod.invokeExplosively(FrameworkMethod.java:56)
  at org.junit.internal.runners.statements.InvokeMethod.evaluate(InvokeMethod.java:17)
  at org.junit.runners.ParentRunner$3.evaluate(ParentRunner.java:306)
  at org.junit.runners.BlockJUnit4ClassRunner$1.evaluate(BlockJUnit4ClassRunner.java:100)
  at org.junit.runners.ParentRunner.runLeaf(ParentRunner.java:366)
  at org.junit.runners.BlockJUnit4ClassRunner.runChild(BlockJUnit4ClassRunner.java:103)
  at org.junit.runners.BlockJUnit4ClassRunner.runChild(BlockJUnit4ClassRunner.java:63)
  at org.junit.runners.ParentRunner$4.run(ParentRunner.java:331)
  at org.junit.runners.ParentRunner$1.schedule(ParentRunner.java:79)
  at org.junit.runners.ParentRunner.runChildren(ParentRunner.java:329)
  at org.junit.runners.ParentRunner.access$100(ParentRunner.java:66)
  at org.junit.runners.ParentRunner$2.evaluate(ParentRunner.java:293)
  at org.junit.runners.ParentRunner$3.evaluate(ParentRunner.java:306)
  at org.junit.runners.ParentRunner.run(ParentRunner.java:413)
  at org.junit.runner.JUnitCore.run(JUnitCore.java:137)
  at org.junit.runner.JUnitCore.run(JUnitCore.java:115)
  at org.gradle.api.internal.tasks.testing.junit.JUnitTestExecutor.runRequest(JUnitTestExecutor.java:175)
  at org.gradle.api.internal.tasks.testing.junit.JUnitTestExecutor.accept(JUnitTestExecutor.java:84)
  at org.gradle.api.internal.tasks.testing.junit.JUnitTestExecutor.accept(JUnitTestExecutor.java:47)
  at org.gradle.api.internal.tasks.testing.junit.AbstractJUnitTestDefinitionProcessor.processTestDefinition(AbstractJUnitTestDefinitionProcessor.java:65)
  at org.gradle.api.internal.tasks.testing.SuiteTestDefinitionProcessor.processTestDefinition(SuiteTestDefinitionProcessor.java:54)
  at java.base/jdk.internal.reflect.DirectMethodHandleAccessor.invoke(DirectMethodHandleAccessor.java:104)
  at java.base/java.lang.reflect.Method.invoke(Method.java:565)
  at org.gradle.internal.dispatch.MethodInvocation.invokeOn(MethodInvocation.java:77)
  at org.gradle.internal.dispatch.ReflectionDispatch.dispatch(ReflectionDispatch.java:28)
  at org.gradle.internal.dispatch.ReflectionDispatch.dispatch(ReflectionDispatch.java:19)
  at org.gradle.internal.dispatch.ContextClassLoaderDispatch.dispatch(ContextClassLoaderDispatch.java:33)
  at org.gradle.internal.dispatch.ProxyDispatchAdapter$DispatchingInvocationHandler.invoke(ProxyDispatchAdapter.java:88)
  at jdk.proxy1/jdk.proxy1.$Proxy4.processTestDefinition(Unknown Source)
  at org.gradle.api.internal.tasks.testing.worker.TestWorker$2.run(TestWorker.java:178)
  at org.gradle.api.internal.tasks.testing.worker.TestWorker.executeAndMaintainThreadName(TestWorker.java:126)
  at org.gradle.api.internal.tasks.testing.worker.TestWorker.execute(TestWorker.java:103)
  at org.gradle.api.internal.tasks.testing.worker.TestWorker.execute(TestWorker.java:63)
  at org.gradle.process.internal.worker.child.ActionExecutionWorker.execute(ActionExecutionWorker.java:56)
  at org.gradle.process.internal.worker.child.SystemApplicationClassLoaderWorker.call(SystemApplicationClassLoaderWorker.java:122)
  at org.gradle.process.internal.worker.child.SystemApplicationClassLoaderWorker.call(SystemApplicationClassLoaderWorker.java:72)
  at worker.org.gradle.process.internal.worker.GradleWorkerMain.run(GradleWorkerMain.java:69)
  at worker.org.gradle.process.internal.worker.GradleWorkerMain.main(GradleWorkerMain.java:74)
</stacktrace>
</test-failure>


TypeScriptCompilerTests_E[jvm] > experimentalDecoratorMetadataUnresolvedTypeObjectInEmit_ts compiles to JavaScript matching experimentalDecoratorMetadataUnresolvedTypeObjectInEmit_js[jvm] FAILED

<test-failure test="com.xemantic.typescript.compiler.TypeScriptCompilerTests_E.errorMessageOnIntersectionsWithDiscriminants01_ts has expected errors matching errorMessageOnIntersectionsWithDiscriminants01_errors_txt" platform="jvm">
<message>
Expected diagnostics from baseline typescript-repo/tests/baselines/reference/errorMessageOnIntersectionsWithDiscriminants01.errors.txt but none produced
</message>
<stacktrace>
  at com.xemantic.typescript.compiler.TypeScriptTestSupportKt.errorsMatchBaseline(TypeScriptTestSupport.kt:125)
  at com.xemantic.typescript.compiler.TypeScriptCompilerTests_E.errorMessageOnIntersectionsWithDiscriminants01_ts has expected errors matching errorMessageOnIntersectionsWithDiscriminants01_errors_txt(TypeScriptCompilerTests_E.kt:1463)
  at java.base/jdk.internal.reflect.DirectMethodHandleAccessor.invoke(DirectMethodHandleAccessor.java:104)
  at java.base/java.lang.reflect.Method.invoke(Method.java:565)
  at org.junit.runners.model.FrameworkMethod$1.runReflectiveCall(FrameworkMethod.java:59)
  at org.junit.internal.runners.model.ReflectiveCallable.run(ReflectiveCallable.java:12)
  at org.junit.runners.model.FrameworkMethod.invokeExplosively(FrameworkMethod.java:56)
  at org.junit.internal.runners.statements.InvokeMethod.evaluate(InvokeMethod.java:17)
  at org.junit.runners.ParentRunner$3.evaluate(ParentRunner.java:306)
  at org.junit.runners.BlockJUnit4ClassRunner$1.evaluate(BlockJUnit4ClassRunner.java:100)
  at org.junit.runners.ParentRunner.runLeaf(ParentRunner.java:366)
  at org.junit.runners.BlockJUnit4ClassRunner.runChild(BlockJUnit4ClassRunner.java:103)
  at org.junit.runners.BlockJUnit4ClassRunner.runChild(BlockJUnit4ClassRunner.java:63)
  at org.junit.runners.ParentRunner$4.run(ParentRunner.java:331)
  at org.junit.runners.ParentRunner$1.schedule(ParentRunner.java:79)
  at org.junit.runners.ParentRunner.runChildren(ParentRunner.java:329)
  at org.junit.runners.ParentRunner.access$100(ParentRunner.java:66)
  at org.junit.runners.ParentRunner$2.evaluate(ParentRunner.java:293)
  at org.junit.runners.ParentRunner$3.evaluate(ParentRunner.java:306)
  at org.junit.runners.ParentRunner.run(ParentRunner.java:413)
  at org.junit.runner.JUnitCore.run(JUnitCore.java:137)
  at org.junit.runner.JUnitCore.run(JUnitCore.java:115)
  at org.gradle.api.internal.tasks.testing.junit.JUnitTestExecutor.runRequest(JUnitTestExecutor.java:175)
  at org.gradle.api.internal.tasks.testing.junit.JUnitTestExecutor.accept(JUnitTestExecutor.java:84)
  at org.gradle.api.internal.tasks.testing.junit.JUnitTestExecutor.accept(JUnitTestExecutor.java:47)
  at org.gradle.api.internal.tasks.testing.junit.AbstractJUnitTestDefinitionProcessor.processTestDefinition(AbstractJUnitTestDefinitionProcessor.java:65)
  at org.gradle.api.internal.tasks.testing.SuiteTestDefinitionProcessor.processTestDefinition(SuiteTestDefinitionProcessor.java:54)
  at java.base/jdk.internal.reflect.DirectMethodHandleAccessor.invoke(DirectMethodHandleAccessor.java:104)
  at java.base/java.lang.reflect.Method.invoke(Method.java:565)
  at org.gradle.internal.dispatch.MethodInvocation.invokeOn(MethodInvocation.java:77)
  at org.gradle.internal.dispatch.ReflectionDispatch.dispatch(ReflectionDispatch.java:28)
  at org.gradle.internal.dispatch.ReflectionDispatch.dispatch(ReflectionDispatch.java:19)
  at org.gradle.internal.dispatch.ContextClassLoaderDispatch.dispatch(ContextClassLoaderDispatch.java:33)
  at org.gradle.internal.dispatch.ProxyDispatchAdapter$DispatchingInvocationHandler.invoke(ProxyDispatchAdapter.java:88)
  at jdk.proxy1/jdk.proxy1.$Proxy4.processTestDefinition(Unknown Source)
  at org.gradle.api.internal.tasks.testing.worker.TestWorker$2.run(TestWorker.java:178)
  at org.gradle.api.internal.tasks.testing.worker.TestWorker.executeAndMaintainThreadName(TestWorker.java:126)
  at org.gradle.api.internal.tasks.testing.worker.TestWorker.execute(TestWorker.java:103)
  at org.gradle.api.internal.tasks.testing.worker.TestWorker.execute(TestWorker.java:63)
  at org.gradle.process.internal.worker.child.ActionExecutionWorker.execute(ActionExecutionWorker.java:56)
  at org.gradle.process.internal.worker.child.SystemApplicationClassLoaderWorker.call(SystemApplicationClassLoaderWorker.java:122)
  at org.gradle.process.internal.worker.child.SystemApplicationClassLoaderWorker.call(SystemApplicationClassLoaderWorker.java:72)
  at worker.org.gradle.process.internal.worker.GradleWorkerMain.run(GradleWorkerMain.java:69)
  at worker.org.gradle.process.internal.worker.GradleWorkerMain.main(GradleWorkerMain.java:74)
</stacktrace>
</test-failure>


TypeScriptCompilerTests_E[jvm] > errorMessageOnIntersectionsWithDiscriminants01_ts has expected errors matching errorMessageOnIntersectionsWithDiscriminants01_errors_txt[jvm] FAILED

<test-failure test="com.xemantic.typescript.compiler.TypeScriptCompilerTests_E.excessPropertyCheckWithMultipleDiscriminants_ts has expected errors matching excessPropertyCheckWithMultipleDiscriminants_errors_txt" platform="jvm">
<message>
Expected diagnostics from baseline typescript-repo/tests/baselines/reference/excessPropertyCheckWithMultipleDiscriminants.errors.txt but none produced
</message>
<stacktrace>
  at com.xemantic.typescript.compiler.TypeScriptTestSupportKt.errorsMatchBaseline(TypeScriptTestSupport.kt:125)
  at com.xemantic.typescript.compiler.TypeScriptCompilerTests_E.excessPropertyCheckWithMultipleDiscriminants_ts has expected errors matching excessPropertyCheckWithMultipleDiscriminants_errors_txt(TypeScriptCompilerTests_E.kt:4298)
  at java.base/jdk.internal.reflect.DirectMethodHandleAccessor.invoke(DirectMethodHandleAccessor.java:104)
  at java.base/java.lang.reflect.Method.invoke(Method.java:565)
  at org.junit.runners.model.FrameworkMethod$1.runReflectiveCall(FrameworkMethod.java:59)
  at org.junit.internal.runners.model.ReflectiveCallable.run(ReflectiveCallable.java:12)
  at org.junit.runners.model.FrameworkMethod.invokeExplosively(FrameworkMethod.java:56)
  at org.junit.internal.runners.statements.InvokeMethod.evaluate(InvokeMethod.java:17)
  at org.junit.runners.ParentRunner$3.evaluate(ParentRunner.java:306)
  at org.junit.runners.BlockJUnit4ClassRunner$1.evaluate(BlockJUnit4ClassRunner.java:100)
  at org.junit.runners.ParentRunner.runLeaf(ParentRunner.java:366)
  at org.junit.runners.BlockJUnit4ClassRunner.runChild(BlockJUnit4ClassRunner.java:103)
  at org.junit.runners.BlockJUnit4ClassRunner.runChild(BlockJUnit4ClassRunner.java:63)
  at org.junit.runners.ParentRunner$4.run(ParentRunner.java:331)
  at org.junit.runners.ParentRunner$1.schedule(ParentRunner.java:79)
  at org.junit.runners.ParentRunner.runChildren(ParentRunner.java:329)
  at org.junit.runners.ParentRunner.access$100(ParentRunner.java:66)
  at org.junit.runners.ParentRunner$2.evaluate(ParentRunner.java:293)
  at org.junit.runners.ParentRunner$3.evaluate(ParentRunner.java:306)
  at org.junit.runners.ParentRunner.run(ParentRunner.java:413)
  at org.junit.runner.JUnitCore.run(JUnitCore.java:137)
  at org.junit.runner.JUnitCore.run(JUnitCore.java:115)
  at org.gradle.api.internal.tasks.testing.junit.JUnitTestExecutor.runRequest(JUnitTestExecutor.java:175)
  at org.gradle.api.internal.tasks.testing.junit.JUnitTestExecutor.accept(JUnitTestExecutor.java:84)
  at org.gradle.api.internal.tasks.testing.junit.JUnitTestExecutor.accept(JUnitTestExecutor.java:47)
  at org.gradle.api.internal.tasks.testing.junit.AbstractJUnitTestDefinitionProcessor.processTestDefinition(AbstractJUnitTestDefinitionProcessor.java:65)
  at org.gradle.api.internal.tasks.testing.SuiteTestDefinitionProcessor.processTestDefinition(SuiteTestDefinitionProcessor.java:54)
  at java.base/jdk.internal.reflect.DirectMethodHandleAccessor.invoke(DirectMethodHandleAccessor.java:104)
  at java.base/java.lang.reflect.Method.invoke(Method.java:565)
  at org.gradle.internal.dispatch.MethodInvocation.invokeOn(MethodInvocation.java:77)
  at org.gradle.internal.dispatch.ReflectionDispatch.dispatch(ReflectionDispatch.java:28)
  at org.gradle.internal.dispatch.ReflectionDispatch.dispatch(ReflectionDispatch.java:19)
  at org.gradle.internal.dispatch.ContextClassLoaderDispatch.dispatch(ContextClassLoaderDispatch.java:33)
  at org.gradle.internal.dispatch.ProxyDispatchAdapter$DispatchingInvocationHandler.invoke(ProxyDispatchAdapter.java:88)
  at jdk.proxy1/jdk.proxy1.$Proxy4.processTestDefinition(Unknown Source)
  at org.gradle.api.internal.tasks.testing.worker.TestWorker$2.run(TestWorker.java:178)
  at org.gradle.api.internal.tasks.testing.worker.TestWorker.executeAndMaintainThreadName(TestWorker.java:126)
  at org.gradle.api.internal.tasks.testing.worker.TestWorker.execute(TestWorker.java:103)
  at org.gradle.api.internal.tasks.testing.worker.TestWorker.execute(TestWorker.java:63)
  at org.gradle.process.internal.worker.child.ActionExecutionWorker.execute(ActionExecutionWorker.java:56)
  at org.gradle.process.internal.worker.child.SystemApplicationClassLoaderWorker.call(SystemApplicationClassLoaderWorker.java:122)
  at org.gradle.process.internal.worker.child.SystemApplicationClassLoaderWorker.call(SystemApplicationClassLoaderWorker.java:72)
  at worker.org.gradle.process.internal.worker.GradleWorkerMain.run(GradleWorkerMain.java:69)
  at worker.org.gradle.process.internal.worker.GradleWorkerMain.main(GradleWorkerMain.java:74)
</stacktrace>
</test-failure>


TypeScriptCompilerTests_E[jvm] > excessPropertyCheckWithMultipleDiscriminants_ts has expected errors matching excessPropertyCheckWithMultipleDiscriminants_errors_txt[jvm] FAILED

<test-failure test="com.xemantic.typescript.compiler.TypeScriptCompilerTests_E.exportAssignmentWithExportModifier_ts has expected errors matching exportAssignmentWithExportModifier_errors_txt" platform="jvm">
<message>
Expected diagnostics from baseline typescript-repo/tests/baselines/reference/exportAssignmentWithExportModifier.errors.txt but none produced
</message>
<stacktrace>
  at com.xemantic.typescript.compiler.TypeScriptTestSupportKt.errorsMatchBaseline(TypeScriptTestSupport.kt:125)
  at com.xemantic.typescript.compiler.TypeScriptCompilerTests_E.exportAssignmentWithExportModifier_ts has expected errors matching exportAssignmentWithExportModifier_errors_txt(TypeScriptCompilerTests_E.kt:4816)
  at java.base/jdk.internal.reflect.DirectMethodHandleAccessor.invoke(DirectMethodHandleAccessor.java:104)
  at java.base/java.lang.reflect.Method.invoke(Method.java:565)
  at org.junit.runners.model.FrameworkMethod$1.runReflectiveCall(FrameworkMethod.java:59)
  at org.junit.internal.runners.model.ReflectiveCallable.run(ReflectiveCallable.java:12)
  at org.junit.runners.model.FrameworkMethod.invokeExplosively(FrameworkMethod.java:56)
  at org.junit.internal.runners.statements.InvokeMethod.evaluate(InvokeMethod.java:17)
  at org.junit.runners.ParentRunner$3.evaluate(ParentRunner.java:306)
  at org.junit.runners.BlockJUnit4ClassRunner$1.evaluate(BlockJUnit4ClassRunner.java:100)
  at org.junit.runners.ParentRunner.runLeaf(ParentRunner.java:366)
  at org.junit.runners.BlockJUnit4ClassRunner.runChild(BlockJUnit4ClassRunner.java:103)
  at org.junit.runners.BlockJUnit4ClassRunner.runChild(BlockJUnit4ClassRunner.java:63)
  at org.junit.runners.ParentRunner$4.run(ParentRunner.java:331)
  at org.junit.runners.ParentRunner$1.schedule(ParentRunner.java:79)
  at org.junit.runners.ParentRunner.runChildren(ParentRunner.java:329)
  at org.junit.runners.ParentRunner.access$100(ParentRunner.java:66)
  at org.junit.runners.ParentRunner$2.evaluate(ParentRunner.java:293)
  at org.junit.runners.ParentRunner$3.evaluate(ParentRunner.java:306)
  at org.junit.runners.ParentRunner.run(ParentRunner.java:413)
  at org.junit.runner.JUnitCore.run(JUnitCore.java:137)
  at org.junit.runner.JUnitCore.run(JUnitCore.java:115)
  at org.gradle.api.internal.tasks.testing.junit.JUnitTestExecutor.runRequest(JUnitTestExecutor.java:175)
  at org.gradle.api.internal.tasks.testing.junit.JUnitTestExecutor.accept(JUnitTestExecutor.java:84)
  at org.gradle.api.internal.tasks.testing.junit.JUnitTestExecutor.accept(JUnitTestExecutor.java:47)
  at org.gradle.api.internal.tasks.testing.junit.AbstractJUnitTestDefinitionProcessor.processTestDefinition(AbstractJUnitTestDefinitionProcessor.java:65)
  at org.gradle.api.internal.tasks.testing.SuiteTestDefinitionProcessor.processTestDefinition(SuiteTestDefinitionProcessor.java:54)
  at java.base/jdk.internal.reflect.DirectMethodHandleAccessor.invoke(DirectMethodHandleAccessor.java:104)
  at java.base/java.lang.reflect.Method.invoke(Method.java:565)
  at org.gradle.internal.dispatch.MethodInvocation.invokeOn(MethodInvocation.java:77)
  at org.gradle.internal.dispatch.ReflectionDispatch.dispatch(ReflectionDispatch.java:28)
  at org.gradle.internal.dispatch.ReflectionDispatch.dispatch(ReflectionDispatch.java:19)
  at org.gradle.internal.dispatch.ContextClassLoaderDispatch.dispatch(ContextClassLoaderDispatch.java:33)
  at org.gradle.internal.dispatch.ProxyDispatchAdapter$DispatchingInvocationHandler.invoke(ProxyDispatchAdapter.java:88)
  at jdk.proxy1/jdk.proxy1.$Proxy4.processTestDefinition(Unknown Source)
  at org.gradle.api.internal.tasks.testing.worker.TestWorker$2.run(TestWorker.java:178)
  at org.gradle.api.internal.tasks.testing.worker.TestWorker.executeAndMaintainThreadName(TestWorker.java:126)
  at org.gradle.api.internal.tasks.testing.worker.TestWorker.execute(TestWorker.java:103)
  at org.gradle.api.internal.tasks.testing.worker.TestWorker.execute(TestWorker.java:63)
  at org.gradle.process.internal.worker.child.ActionExecutionWorker.execute(ActionExecutionWorker.java:56)
  at org.gradle.process.internal.worker.child.SystemApplicationClassLoaderWorker.call(SystemApplicationClassLoaderWorker.java:122)
  at org.gradle.process.internal.worker.child.SystemApplicationClassLoaderWorker.call(SystemApplicationClassLoaderWorker.java:72)
  at worker.org.gradle.process.internal.worker.GradleWorkerMain.run(GradleWorkerMain.java:69)
  at worker.org.gradle.process.internal.worker.GradleWorkerMain.main(GradleWorkerMain.java:74)
</stacktrace>
</test-failure>


TypeScriptCompilerTests_E[jvm] > exportAssignmentWithExportModifier_ts has expected errors matching exportAssignmentWithExportModifier_errors_txt[jvm] FAILED

<test-failure test="com.xemantic.typescript.compiler.TypeScriptCompilerTests_E.errorsOnUnionsOfOverlappingObjects01_ts has expected errors matching errorsOnUnionsOfOverlappingObjects01_errors_txt" platform="jvm">
<message>
Expected diagnostics from baseline typescript-repo/tests/baselines/reference/errorsOnUnionsOfOverlappingObjects01.errors.txt but none produced
</message>
<stacktrace>
  at com.xemantic.typescript.compiler.TypeScriptTestSupportKt.errorsMatchBaseline(TypeScriptTestSupport.kt:125)
  at com.xemantic.typescript.compiler.TypeScriptCompilerTests_E.errorsOnUnionsOfOverlappingObjects01_ts has expected errors matching errorsOnUnionsOfOverlappingObjects01_errors_txt(TypeScriptCompilerTests_E.kt:1764)
  at java.base/jdk.internal.reflect.DirectMethodHandleAccessor.invoke(DirectMethodHandleAccessor.java:104)
  at java.base/java.lang.reflect.Method.invoke(Method.java:565)
  at org.junit.runners.model.FrameworkMethod$1.runReflectiveCall(FrameworkMethod.java:59)
  at org.junit.internal.runners.model.ReflectiveCallable.run(ReflectiveCallable.java:12)
  at org.junit.runners.model.FrameworkMethod.invokeExplosively(FrameworkMethod.java:56)
  at org.junit.internal.runners.statements.InvokeMethod.evaluate(InvokeMethod.java:17)
  at org.junit.runners.ParentRunner$3.evaluate(ParentRunner.java:306)
  at org.junit.runners.BlockJUnit4ClassRunner$1.evaluate(BlockJUnit4ClassRunner.java:100)
  at org.junit.runners.ParentRunner.runLeaf(ParentRunner.java:366)
  at org.junit.runners.BlockJUnit4ClassRunner.runChild(BlockJUnit4ClassRunner.java:103)
  at org.junit.runners.BlockJUnit4ClassRunner.runChild(BlockJUnit4ClassRunner.java:63)
  at org.junit.runners.ParentRunner$4.run(ParentRunner.java:331)
  at org.junit.runners.ParentRunner$1.schedule(ParentRunner.java:79)
  at org.junit.runners.ParentRunner.runChildren(ParentRunner.java:329)
  at org.junit.runners.ParentRunner.access$100(ParentRunner.java:66)
  at org.junit.runners.ParentRunner$2.evaluate(ParentRunner.java:293)
  at org.junit.runners.ParentRunner$3.evaluate(ParentRunner.java:306)
  at org.junit.runners.ParentRunner.run(ParentRunner.java:413)
  at org.junit.runner.JUnitCore.run(JUnitCore.java:137)
  at org.junit.runner.JUnitCore.run(JUnitCore.java:115)
  at org.gradle.api.internal.tasks.testing.junit.JUnitTestExecutor.runRequest(JUnitTestExecutor.java:175)
  at org.gradle.api.internal.tasks.testing.junit.JUnitTestExecutor.accept(JUnitTestExecutor.java:84)
  at org.gradle.api.internal.tasks.testing.junit.JUnitTestExecutor.accept(JUnitTestExecutor.java:47)
  at org.gradle.api.internal.tasks.testing.junit.AbstractJUnitTestDefinitionProcessor.processTestDefinition(AbstractJUnitTestDefinitionProcessor.java:65)
  at org.gradle.api.internal.tasks.testing.SuiteTestDefinitionProcessor.processTestDefinition(SuiteTestDefinitionProcessor.java:54)
  at java.base/jdk.internal.reflect.DirectMethodHandleAccessor.invoke(DirectMethodHandleAccessor.java:104)
  at java.base/java.lang.reflect.Method.invoke(Method.java:565)
  at org.gradle.internal.dispatch.MethodInvocation.invokeOn(MethodInvocation.java:77)
  at org.gradle.internal.dispatch.ReflectionDispatch.dispatch(ReflectionDispatch.java:28)
  at org.gradle.internal.dispatch.ReflectionDispatch.dispatch(ReflectionDispatch.java:19)
  at org.gradle.internal.dispatch.ContextClassLoaderDispatch.dispatch(ContextClassLoaderDispatch.java:33)
  at org.gradle.internal.dispatch.ProxyDispatchAdapter$DispatchingInvocationHandler.invoke(ProxyDispatchAdapter.java:88)
  at jdk.proxy1/jdk.proxy1.$Proxy4.processTestDefinition(Unknown Source)
  at org.gradle.api.internal.tasks.testing.worker.TestWorker$2.run(TestWorker.java:178)
  at org.gradle.api.internal.tasks.testing.worker.TestWorker.executeAndMaintainThreadName(TestWorker.java:126)
  at org.gradle.api.internal.tasks.testing.worker.TestWorker.execute(TestWorker.java:103)
  at org.gradle.api.internal.tasks.testing.worker.TestWorker.execute(TestWorker.java:63)
  at org.gradle.process.internal.worker.child.ActionExecutionWorker.execute(ActionExecutionWorker.java:56)
  at org.gradle.process.internal.worker.child.SystemApplicationClassLoaderWorker.call(SystemApplicationClassLoaderWorker.java:122)
  at org.gradle.process.internal.worker.child.SystemApplicationClassLoaderWorker.call(SystemApplicationClassLoaderWorker.java:72)
  at worker.org.gradle.process.internal.worker.GradleWorkerMain.run(GradleWorkerMain.java:69)
  at worker.org.gradle.process.internal.worker.GradleWorkerMain.main(GradleWorkerMain.java:74)
</stacktrace>
</test-failure>


TypeScriptCompilerTests_E[jvm] > errorsOnUnionsOfOverlappingObjects01_ts has expected errors matching errorsOnUnionsOfOverlappingObjects01_errors_txt[jvm] FAILED

<test-failure test="com.xemantic.typescript.compiler.TypeScriptCompilerTests_E.es6ClassTest9_ts compiles to JavaScript matching es6ClassTest9_js" platform="jvm">
<message>
--- expected
+++ actual
@@ -7,5 +7,3 @@
 
 //// [es6ClassTest9.js]
 "use strict";
-();
-function foo() { }

</message>
<stacktrace>
  at org.junit.Assert.fail(Assert.java:89)
  at kotlin.test.junit.JUnitAsserter.fail(JUnitSupport.kt:56)
  at kotlin.test.AssertionsKt__AssertionsKt.fail(Assertions.kt:563)
  at kotlin.test.AssertionsKt.fail(Unknown Source)
  at com.xemantic.kotlin.test.SameAsKt.sameAs(SameAs.kt:52)
  at com.xemantic.typescript.compiler.TypeScriptTestSupportKt.sameAs(TypeScriptTestSupport.kt:99)
  at com.xemantic.typescript.compiler.TypeScriptCompilerTests_E.es6ClassTest9_ts compiles to JavaScript matching es6ClassTest9_js(TypeScriptCompilerTests_E.kt:2835)
  at java.base/jdk.internal.reflect.DirectMethodHandleAccessor.invoke(DirectMethodHandleAccessor.java:104)
  at java.base/java.lang.reflect.Method.invoke(Method.java:565)
  at org.junit.runners.model.FrameworkMethod$1.runReflectiveCall(FrameworkMethod.java:59)
  at org.junit.internal.runners.model.ReflectiveCallable.run(ReflectiveCallable.java:12)
  at org.junit.runners.model.FrameworkMethod.invokeExplosively(FrameworkMethod.java:56)
  at org.junit.internal.runners.statements.InvokeMethod.evaluate(InvokeMethod.java:17)
  at org.junit.runners.ParentRunner$3.evaluate(ParentRunner.java:306)
  at org.junit.runners.BlockJUnit4ClassRunner$1.evaluate(BlockJUnit4ClassRunner.java:100)
  at org.junit.runners.ParentRunner.runLeaf(ParentRunner.java:366)
  at org.junit.runners.BlockJUnit4ClassRunner.runChild(BlockJUnit4ClassRunner.java:103)
  at org.junit.runners.BlockJUnit4ClassRunner.runChild(BlockJUnit4ClassRunner.java:63)
  at org.junit.runners.ParentRunner$4.run(ParentRunner.java:331)
  at org.junit.runners.ParentRunner$1.schedule(ParentRunner.java:79)
  at org.junit.runners.ParentRunner.runChildren(ParentRunner.java:329)
  at org.junit.runners.ParentRunner.access$100(ParentRunner.java:66)
  at org.junit.runners.ParentRunner$2.evaluate(ParentRunner.java:293)
  at org.junit.runners.ParentRunner$3.evaluate(ParentRunner.java:306)
  at org.junit.runners.ParentRunner.run(ParentRunner.java:413)
  at org.junit.runner.JUnitCore.run(JUnitCore.java:137)
  at org.junit.runner.JUnitCore.run(JUnitCore.java:115)
  at org.gradle.api.internal.tasks.testing.junit.JUnitTestExecutor.runRequest(JUnitTestExecutor.java:175)
  at org.gradle.api.internal.tasks.testing.junit.JUnitTestExecutor.accept(JUnitTestExecutor.java:84)
  at org.gradle.api.internal.tasks.testing.junit.JUnitTestExecutor.accept(JUnitTestExecutor.java:47)
  at org.gradle.api.internal.tasks.testing.junit.AbstractJUnitTestDefinitionProcessor.processTestDefinition(AbstractJUnitTestDefinitionProcessor.java:65)
  at org.gradle.api.internal.tasks.testing.SuiteTestDefinitionProcessor.processTestDefinition(SuiteTestDefinitionProcessor.java:54)
  at java.base/jdk.internal.reflect.DirectMethodHandleAccessor.invoke(DirectMethodHandleAccessor.java:104)
  at java.base/java.lang.reflect.Method.invoke(Method.java:565)
  at org.gradle.internal.dispatch.MethodInvocation.invokeOn(MethodInvocation.java:77)
  at org.gradle.internal.dispatch.ReflectionDispatch.dispatch(ReflectionDispatch.java:28)
  at org.gradle.internal.dispatch.ReflectionDispatch.dispatch(ReflectionDispatch.java:19)
  at org.gradle.internal.dispatch.ContextClassLoaderDispatch.dispatch(ContextClassLoaderDispatch.java:33)
  at org.gradle.internal.dispatch.ProxyDispatchAdapter$DispatchingInvocationHandler.invoke(ProxyDispatchAdapter.java:88)
  at jdk.proxy1/jdk.proxy1.$Proxy4.processTestDefinition(Unknown Source)
  at org.gradle.api.internal.tasks.testing.worker.TestWorker$2.run(TestWorker.java:178)
  at org.gradle.api.internal.tasks.testing.worker.TestWorker.executeAndMaintainThreadName(TestWorker.java:126)
  at org.gradle.api.internal.tasks.testing.worker.TestWorker.execute(TestWorker.java:103)
  at org.gradle.api.internal.tasks.testing.worker.TestWorker.execute(TestWorker.java:63)
  at org.gradle.process.internal.worker.child.ActionExecutionWorker.execute(ActionExecutionWorker.java:56)
  at org.gradle.process.internal.worker.child.SystemApplicationClassLoaderWorker.call(SystemApplicationClassLoaderWorker.java:122)
  at org.gradle.process.internal.worker.child.SystemApplicationClassLoaderWorker.call(SystemApplicationClassLoaderWorker.java:72)
  at worker.org.gradle.process.internal.worker.GradleWorkerMain.run(GradleWorkerMain.java:69)
  at worker.org.gradle.process.internal.worker.GradleWorkerMain.main(GradleWorkerMain.java:74)
</stacktrace>
</test-failure>


TypeScriptCompilerTests_E[jvm] > es6ClassTest9_ts compiles to JavaScript matching es6ClassTest9_js[jvm] FAILED

<test-failure test="com.xemantic.typescript.compiler.TypeScriptCompilerTests_E.es6ImportDefaultBindingFollowedWithNamedImportWithExport_ts__target_es2015__compiles to JavaScript matching baseline" platform="jvm">
<message>
--- expected
+++ actual
@@ -31,16 +31,49 @@
 exports.default = {};
 //// [client.js]
 "use strict";
+var __createBinding = (this && this.__createBinding) || (Object.create ? (function(o, m, k, k2) {
+    if (k2 === undefined) k2 = k;
+    var desc = Object.getOwnPropertyDescriptor(m, k);
+    if (!desc || ("get" in desc ? !m.__esModule : desc.writable || desc.configurable)) {
+      desc = { enumerable: true, get: function() { return m[k]; } };
+    }
+    Object.defineProperty(o, k2, desc);
+}) : (function(o, m, k, k2) {
+    if (k2 === undefined) k2 = k;
+    o[k2] = m[k];
+}));
+var __setModuleDefault = (this && this.__setModuleDefault) || (Object.create ? (function(o, v) {
+    Object.defineProperty(o, "default", { enumerable: true, value: v });
+}) : function(o, v) {
+    o["default"] = v;
+});
+var __importStar = (this && this.__importStar) || (function () {
+    var ownKeys = function(o) {
+        ownKeys = Object.getOwnPropertyNames || function (o) {
+            var ar = [];
+            for (var k in o) if (Object.prototype.hasOwnProperty.call(o, k)) ar[ar.length] = k;
+            return ar;
+        };
+        return ownKeys(o);
+    };
+    return function (mod) {
+        if (mod && mod.__esModule) return mod;
+        var result = {};
+        if (mod != null) for (var k = ownKeys(mod), i = 0; i < k.length; i++) if (k[i] !== "default") __createBinding(result, mod, k[i]);
+        __setModuleDefault(result, mod);
+        return result;
+    };
+})();
 Object.defineProperty(exports, "__esModule", { value: true });
 exports.x1 = void 0;
-const server_1 = require("./server");
-exports.x1 = server_1.a;
-const server_2 = require("./server");
+const server_2 = __importStar(require("./server"));
 exports.x1 = server_2.a;
-const server_3 = require("./server");
-exports.x1 = server_3.x;
+const server_3 = __importStar(require("./server"));
 exports.x1 = server_3.a;
-const server_4 = require("./server");
+const server_4 = __importStar(require("./server"));
 exports.x1 = server_4.x;
-const server_5 = require("./server");
-exports.x1 = server_5.m;
+exports.x1 = server_4.a;
+const server_5 = __importStar(require("./server"));
+exports.x1 = server_5.x;
+const server_6 = __importStar(require("./server"));
+exports.x1 = server_6.m;

</message>
<stacktrace>
  at org.junit.Assert.fail(Assert.java:89)
  at kotlin.test.junit.JUnitAsserter.fail(JUnitSupport.kt:56)
  at kotlin.test.AssertionsKt__AssertionsKt.fail(Assertions.kt:563)
  at kotlin.test.AssertionsKt.fail(Unknown Source)
  at com.xemantic.kotlin.test.SameAsKt.sameAs(SameAs.kt:52)
  at com.xemantic.typescript.compiler.TypeScriptTestSupportKt.sameAs(TypeScriptTestSupport.kt:99)
  at com.xemantic.typescript.compiler.TypeScriptCompilerTests_E.es6ImportDefaultBindingFollowedWithNamedImportWithExport_ts__target_es2015__compiles to JavaScript matching baseline(TypeScriptCompilerTests_E.kt:3220)
  at java.base/jdk.internal.reflect.DirectMethodHandleAccessor.invoke(DirectMethodHandleAccessor.java:104)
  at java.base/java.lang.reflect.Method.invoke(Method.java:565)
  at org.junit.runners.model.FrameworkMethod$1.runReflectiveCall(FrameworkMethod.java:59)
  at org.junit.internal.runners.model.ReflectiveCallable.run(ReflectiveCallable.java:12)
  at org.junit.runners.model.FrameworkMethod.invokeExplosively(FrameworkMethod.java:56)
  at org.junit.internal.runners.statements.InvokeMethod.evaluate(InvokeMethod.java:17)
  at org.junit.runners.ParentRunner$3.evaluate(ParentRunner.java:306)
  at org.junit.runners.BlockJUnit4ClassRunner$1.evaluate(BlockJUnit4ClassRunner.java:100)
  at org.junit.runners.ParentRunner.runLeaf(ParentRunner.java:366)
  at org.junit.runners.BlockJUnit4ClassRunner.runChild(BlockJUnit4ClassRunner.java:103)
  at org.junit.runners.BlockJUnit4ClassRunner.runChild(BlockJUnit4ClassRunner.java:63)
  at org.junit.runners.ParentRunner$4.run(ParentRunner.java:331)
  at org.junit.runners.ParentRunner$1.schedule(ParentRunner.java:79)
  at org.junit.runners.ParentRunner.runChildren(ParentRunner.java:329)
  at org.junit.runners.ParentRunner.access$100(ParentRunner.java:66)
  at org.junit.runners.ParentRunner$2.evaluate(ParentRunner.java:293)
  at org.junit.runners.ParentRunner$3.evaluate(ParentRunner.java:306)
  at org.junit.runners.ParentRunner.run(ParentRunner.java:413)
  at org.junit.runner.JUnitCore.run(JUnitCore.java:137)
  at org.junit.runner.JUnitCore.run(JUnitCore.java:115)
  at org.gradle.api.internal.tasks.testing.junit.JUnitTestExecutor.runRequest(JUnitTestExecutor.java:175)
  at org.gradle.api.internal.tasks.testing.junit.JUnitTestExecutor.accept(JUnitTestExecutor.java:84)
  at org.gradle.api.internal.tasks.testing.junit.JUnitTestExecutor.accept(JUnitTestExecutor.java:47)
  at org.gradle.api.internal.tasks.testing.junit.AbstractJUnitTestDefinitionProcessor.processTestDefinition(AbstractJUnitTestDefinitionProcessor.java:65)
  at org.gradle.api.internal.tasks.testing.SuiteTestDefinitionProcessor.processTestDefinition(SuiteTestDefinitionProcessor.java:54)
  at java.base/jdk.internal.reflect.DirectMethodHandleAccessor.invoke(DirectMethodHandleAccessor.java:104)
  at java.base/java.lang.reflect.Method.invoke(Method.java:565)
  at org.gradle.internal.dispatch.MethodInvocation.invokeOn(MethodInvocation.java:77)
  at org.gradle.internal.dispatch.ReflectionDispatch.dispatch(ReflectionDispatch.java:28)
  at org.gradle.internal.dispatch.ReflectionDispatch.dispatch(ReflectionDispatch.java:19)
  at org.gradle.internal.dispatch.ContextClassLoaderDispatch.dispatch(ContextClassLoaderDispatch.java:33)
  at org.gradle.internal.dispatch.ProxyDispatchAdapter$DispatchingInvocationHandler.invoke(ProxyDispatchAdapter.java:88)
  at jdk.proxy1/jdk.proxy1.$Proxy4.processTestDefinition(Unknown Source)
  at org.gradle.api.internal.tasks.testing.worker.TestWorker$2.run(TestWorker.java:178)
  at org.gradle.api.internal.tasks.testing.worker.TestWorker.executeAndMaintainThreadName(TestWorker.java:126)
  at org.gradle.api.internal.tasks.testing.worker.TestWorker.execute(TestWorker.java:103)
  at org.gradle.api.internal.tasks.testing.worker.TestWorker.execute(TestWorker.java:63)
  at org.gradle.process.internal.worker.child.ActionExecutionWorker.execute(ActionExecutionWorker.java:56)
  at org.gradle.process.internal.worker.child.SystemApplicationClassLoaderWorker.call(SystemApplicationClassLoaderWorker.java:122)
  at org.gradle.process.internal.worker.child.SystemApplicationClassLoaderWorker.call(SystemApplicationClassLoaderWorker.java:72)
  at worker.org.gradle.process.internal.worker.GradleWorkerMain.run(GradleWorkerMain.java:69)
  at worker.org.gradle.process.internal.worker.GradleWorkerMain.main(GradleWorkerMain.java:74)
</stacktrace>
</test-failure>


TypeScriptCompilerTests_E[jvm] > es6ImportDefaultBindingFollowedWithNamedImportWithExport_ts__target_es2015__compiles to JavaScript matching baseline[jvm] FAILED

<test-failure test="com.xemantic.typescript.compiler.TypeScriptCompilerTests_E.es6ImportNameSpaceImportMergeErrors_ts__target_es2015__has expected errors matching baseline" platform="jvm">
<message>
Expected diagnostics from baseline typescript-repo/tests/baselines/reference/es6ImportNameSpaceImportMergeErrors(target=es2015).errors.txt but none produced
</message>
<stacktrace>
  at com.xemantic.typescript.compiler.TypeScriptTestSupportKt.errorsMatchBaseline(TypeScriptTestSupport.kt:125)
  at com.xemantic.typescript.compiler.TypeScriptCompilerTests_E.es6ImportNameSpaceImportMergeErrors_ts__target_es2015__has expected errors matching baseline(TypeScriptCompilerTests_E.kt:3528)
  at java.base/jdk.internal.reflect.DirectMethodHandleAccessor.invoke(DirectMethodHandleAccessor.java:104)
  at java.base/java.lang.reflect.Method.invoke(Method.java:565)
  at org.junit.runners.model.FrameworkMethod$1.runReflectiveCall(FrameworkMethod.java:59)
  at org.junit.internal.runners.model.ReflectiveCallable.run(ReflectiveCallable.java:12)
  at org.junit.runners.model.FrameworkMethod.invokeExplosively(FrameworkMethod.java:56)
  at org.junit.internal.runners.statements.InvokeMethod.evaluate(InvokeMethod.java:17)
  at org.junit.runners.ParentRunner$3.evaluate(ParentRunner.java:306)
  at org.junit.runners.BlockJUnit4ClassRunner$1.evaluate(BlockJUnit4ClassRunner.java:100)
  at org.junit.runners.ParentRunner.runLeaf(ParentRunner.java:366)
  at org.junit.runners.BlockJUnit4ClassRunner.runChild(BlockJUnit4ClassRunner.java:103)
  at org.junit.runners.BlockJUnit4ClassRunner.runChild(BlockJUnit4ClassRunner.java:63)
  at org.junit.runners.ParentRunner$4.run(ParentRunner.java:331)
  at org.junit.runners.ParentRunner$1.schedule(ParentRunner.java:79)
  at org.junit.runners.ParentRunner.runChildren(ParentRunner.java:329)
  at org.junit.runners.ParentRunner.access$100(ParentRunner.java:66)
  at org.junit.runners.ParentRunner$2.evaluate(ParentRunner.java:293)
  at org.junit.runners.ParentRunner$3.evaluate(ParentRunner.java:306)
  at org.junit.runners.ParentRunner.run(ParentRunner.java:413)
  at org.junit.runner.JUnitCore.run(JUnitCore.java:137)
  at org.junit.runner.JUnitCore.run(JUnitCore.java:115)
  at org.gradle.api.internal.tasks.testing.junit.JUnitTestExecutor.runRequest(JUnitTestExecutor.java:175)
  at org.gradle.api.internal.tasks.testing.junit.JUnitTestExecutor.accept(JUnitTestExecutor.java:84)
  at org.gradle.api.internal.tasks.testing.junit.JUnitTestExecutor.accept(JUnitTestExecutor.java:47)
  at org.gradle.api.internal.tasks.testing.junit.AbstractJUnitTestDefinitionProcessor.processTestDefinition(AbstractJUnitTestDefinitionProcessor.java:65)
  at org.gradle.api.internal.tasks.testing.SuiteTestDefinitionProcessor.processTestDefinition(SuiteTestDefinitionProcessor.java:54)
  at java.base/jdk.internal.reflect.DirectMethodHandleAccessor.invoke(DirectMethodHandleAccessor.java:104)
  at java.base/java.lang.reflect.Method.invoke(Method.java:565)
  at org.gradle.internal.dispatch.MethodInvocation.invokeOn(MethodInvocation.java:77)
  at org.gradle.internal.dispatch.ReflectionDispatch.dispatch(ReflectionDispatch.java:28)
  at org.gradle.internal.dispatch.ReflectionDispatch.dispatch(ReflectionDispatch.java:19)
  at org.gradle.internal.dispatch.ContextClassLoaderDispatch.dispatch(ContextClassLoaderDispatch.java:33)
  at org.gradle.internal.dispatch.ProxyDispatchAdapter$DispatchingInvocationHandler.invoke(ProxyDispatchAdapter.java:88)
  at jdk.proxy1/jdk.proxy1.$Proxy4.processTestDefinition(Unknown Source)
  at org.gradle.api.internal.tasks.testing.worker.TestWorker$2.run(TestWorker.java:178)
  at org.gradle.api.internal.tasks.testing.worker.TestWorker.executeAndMaintainThreadName(TestWorker.java:126)
  at org.gradle.api.internal.tasks.testing.worker.TestWorker.execute(TestWorker.java:103)
  at org.gradle.api.internal.tasks.testing.worker.TestWorker.execute(TestWorker.java:63)
  at org.gradle.process.internal.worker.child.ActionExecutionWorker.execute(ActionExecutionWorker.java:56)
  at org.gradle.process.internal.worker.child.SystemApplicationClassLoaderWorker.call(SystemApplicationClassLoaderWorker.java:122)
  at org.gradle.process.internal.worker.child.SystemApplicationClassLoaderWorker.call(SystemApplicationClassLoaderWorker.java:72)
  at worker.org.gradle.process.internal.worker.GradleWorkerMain.run(GradleWorkerMain.java:69)
  at worker.org.gradle.process.internal.worker.GradleWorkerMain.main(GradleWorkerMain.java:74)
</stacktrace>
</test-failure>


TypeScriptCompilerTests_E[jvm] > es6ImportNameSpaceImportMergeErrors_ts__target_es2015__has expected errors matching baseline[jvm] FAILED

<test-failure test="com.xemantic.typescript.compiler.TypeScriptCompilerTests_E.es6ImportDefaultBindingNoDefaultProperty_ts has expected errors matching es6ImportDefaultBindingNoDefaultProperty_errors_txt" platform="jvm">
<message>
Expected diagnostics from baseline typescript-repo/tests/baselines/reference/es6ImportDefaultBindingNoDefaultProperty.errors.txt but none produced
</message>
<stacktrace>
  at com.xemantic.typescript.compiler.TypeScriptTestSupportKt.errorsMatchBaseline(TypeScriptTestSupport.kt:125)
  at com.xemantic.typescript.compiler.TypeScriptCompilerTests_E.es6ImportDefaultBindingNoDefaultProperty_ts has expected errors matching es6ImportDefaultBindingNoDefaultProperty_errors_txt(TypeScriptCompilerTests_E.kt:3395)
  at java.base/jdk.internal.reflect.DirectMethodHandleAccessor.invoke(DirectMethodHandleAccessor.java:104)
  at java.base/java.lang.reflect.Method.invoke(Method.java:565)
  at org.junit.runners.model.FrameworkMethod$1.runReflectiveCall(FrameworkMethod.java:59)
  at org.junit.internal.runners.model.ReflectiveCallable.run(ReflectiveCallable.java:12)
  at org.junit.runners.model.FrameworkMethod.invokeExplosively(FrameworkMethod.java:56)
  at org.junit.internal.runners.statements.InvokeMethod.evaluate(InvokeMethod.java:17)
  at org.junit.runners.ParentRunner$3.evaluate(ParentRunner.java:306)
  at org.junit.runners.BlockJUnit4ClassRunner$1.evaluate(BlockJUnit4ClassRunner.java:100)
  at org.junit.runners.ParentRunner.runLeaf(ParentRunner.java:366)
  at org.junit.runners.BlockJUnit4ClassRunner.runChild(BlockJUnit4ClassRunner.java:103)
  at org.junit.runners.BlockJUnit4ClassRunner.runChild(BlockJUnit4ClassRunner.java:63)
  at org.junit.runners.ParentRunner$4.run(ParentRunner.java:331)
  at org.junit.runners.ParentRunner$1.schedule(ParentRunner.java:79)
  at org.junit.runners.ParentRunner.runChildren(ParentRunner.java:329)
  at org.junit.runners.ParentRunner.access$100(ParentRunner.java:66)
  at org.junit.runners.ParentRunner$2.evaluate(ParentRunner.java:293)
  at org.junit.runners.ParentRunner$3.evaluate(ParentRunner.java:306)
  at org.junit.runners.ParentRunner.run(ParentRunner.java:413)
  at org.junit.runner.JUnitCore.run(JUnitCore.java:137)
  at org.junit.runner.JUnitCore.run(JUnitCore.java:115)
  at org.gradle.api.internal.tasks.testing.junit.JUnitTestExecutor.runRequest(JUnitTestExecutor.java:175)
  at org.gradle.api.internal.tasks.testing.junit.JUnitTestExecutor.accept(JUnitTestExecutor.java:84)
  at org.gradle.api.internal.tasks.testing.junit.JUnitTestExecutor.accept(JUnitTestExecutor.java:47)
  at org.gradle.api.internal.tasks.testing.junit.AbstractJUnitTestDefinitionProcessor.processTestDefinition(AbstractJUnitTestDefinitionProcessor.java:65)
  at org.gradle.api.internal.tasks.testing.SuiteTestDefinitionProcessor.processTestDefinition(SuiteTestDefinitionProcessor.java:54)
  at java.base/jdk.internal.reflect.DirectMethodHandleAccessor.invoke(DirectMethodHandleAccessor.java:104)
  at java.base/java.lang.reflect.Method.invoke(Method.java:565)
  at org.gradle.internal.dispatch.MethodInvocation.invokeOn(MethodInvocation.java:77)
  at org.gradle.internal.dispatch.ReflectionDispatch.dispatch(ReflectionDispatch.java:28)
  at org.gradle.internal.dispatch.ReflectionDispatch.dispatch(ReflectionDispatch.java:19)
  at org.gradle.internal.dispatch.ContextClassLoaderDispatch.dispatch(ContextClassLoaderDispatch.java:33)
  at org.gradle.internal.dispatch.ProxyDispatchAdapter$DispatchingInvocationHandler.invoke(ProxyDispatchAdapter.java:88)
  at jdk.proxy1/jdk.proxy1.$Proxy4.processTestDefinition(Unknown Source)
  at org.gradle.api.internal.tasks.testing.worker.TestWorker$2.run(TestWorker.java:178)
  at org.gradle.api.internal.tasks.testing.worker.TestWorker.executeAndMaintainThreadName(TestWorker.java:126)
  at org.gradle.api.internal.tasks.testing.worker.TestWorker.execute(TestWorker.java:103)
  at org.gradle.api.internal.tasks.testing.worker.TestWorker.execute(TestWorker.java:63)
  at org.gradle.process.internal.worker.child.ActionExecutionWorker.execute(ActionExecutionWorker.java:56)
  at org.gradle.process.internal.worker.child.SystemApplicationClassLoaderWorker.call(SystemApplicationClassLoaderWorker.java:122)
  at org.gradle.process.internal.worker.child.SystemApplicationClassLoaderWorker.call(SystemApplicationClassLoaderWorker.java:72)
  at worker.org.gradle.process.internal.worker.GradleWorkerMain.run(GradleWorkerMain.java:69)
  at worker.org.gradle.process.internal.worker.GradleWorkerMain.main(GradleWorkerMain.java:74)
</stacktrace>
</test-failure>


TypeScriptCompilerTests_E[jvm] > es6ImportDefaultBindingNoDefaultProperty_ts has expected errors matching es6ImportDefaultBindingNoDefaultProperty_errors_txt[jvm] FAILED

<test-failure test="com.xemantic.typescript.compiler.TypeScriptCompilerTests_E.excessPropertyCheckIntersectionWithRecursiveType_ts has expected errors matching excessPropertyCheckIntersectionWithRecursiveType_errors_txt" platform="jvm">
<message>
Expected diagnostics from baseline typescript-repo/tests/baselines/reference/excessPropertyCheckIntersectionWithRecursiveType.errors.txt but none produced
</message>
<stacktrace>
  at com.xemantic.typescript.compiler.TypeScriptTestSupportKt.errorsMatchBaseline(TypeScriptTestSupport.kt:125)
  at com.xemantic.typescript.compiler.TypeScriptCompilerTests_E.excessPropertyCheckIntersectionWithRecursiveType_ts has expected errors matching excessPropertyCheckIntersectionWithRecursiveType_errors_txt(TypeScriptCompilerTests_E.kt:4270)
  at java.base/jdk.internal.reflect.DirectMethodHandleAccessor.invoke(DirectMethodHandleAccessor.java:104)
  at java.base/java.lang.reflect.Method.invoke(Method.java:565)
  at org.junit.runners.model.FrameworkMethod$1.runReflectiveCall(FrameworkMethod.java:59)
  at org.junit.internal.runners.model.ReflectiveCallable.run(ReflectiveCallable.java:12)
  at org.junit.runners.model.FrameworkMethod.invokeExplosively(FrameworkMethod.java:56)
  at org.junit.internal.runners.statements.InvokeMethod.evaluate(InvokeMethod.java:17)
  at org.junit.runners.ParentRunner$3.evaluate(ParentRunner.java:306)
  at org.junit.runners.BlockJUnit4ClassRunner$1.evaluate(BlockJUnit4ClassRunner.java:100)
  at org.junit.runners.ParentRunner.runLeaf(ParentRunner.java:366)
  at org.junit.runners.BlockJUnit4ClassRunner.runChild(BlockJUnit4ClassRunner.java:103)
  at org.junit.runners.BlockJUnit4ClassRunner.runChild(BlockJUnit4ClassRunner.java:63)
  at org.junit.runners.ParentRunner$4.run(ParentRunner.java:331)
  at org.junit.runners.ParentRunner$1.schedule(ParentRunner.java:79)
  at org.junit.runners.ParentRunner.runChildren(ParentRunner.java:329)
  at org.junit.runners.ParentRunner.access$100(ParentRunner.java:66)
  at org.junit.runners.ParentRunner$2.evaluate(ParentRunner.java:293)
  at org.junit.runners.ParentRunner$3.evaluate(ParentRunner.java:306)
  at org.junit.runners.ParentRunner.run(ParentRunner.java:413)
  at org.junit.runner.JUnitCore.run(JUnitCore.java:137)
  at org.junit.runner.JUnitCore.run(JUnitCore.java:115)
  at org.gradle.api.internal.tasks.testing.junit.JUnitTestExecutor.runRequest(JUnitTestExecutor.java:175)
  at org.gradle.api.internal.tasks.testing.junit.JUnitTestExecutor.accept(JUnitTestExecutor.java:84)
  at org.gradle.api.internal.tasks.testing.junit.JUnitTestExecutor.accept(JUnitTestExecutor.java:47)
  at org.gradle.api.internal.tasks.testing.junit.AbstractJUnitTestDefinitionProcessor.processTestDefinition(AbstractJUnitTestDefinitionProcessor.java:65)
  at org.gradle.api.internal.tasks.testing.SuiteTestDefinitionProcessor.processTestDefinition(SuiteTestDefinitionProcessor.java:54)
  at java.base/jdk.internal.reflect.DirectMethodHandleAccessor.invoke(DirectMethodHandleAccessor.java:104)
  at java.base/java.lang.reflect.Method.invoke(Method.java:565)
  at org.gradle.internal.dispatch.MethodInvocation.invokeOn(MethodInvocation.java:77)
  at org.gradle.internal.dispatch.ReflectionDispatch.dispatch(ReflectionDispatch.java:28)
  at org.gradle.internal.dispatch.ReflectionDispatch.dispatch(ReflectionDispatch.java:19)
  at org.gradle.internal.dispatch.ContextClassLoaderDispatch.dispatch(ContextClassLoaderDispatch.java:33)
  at org.gradle.internal.dispatch.ProxyDispatchAdapter$DispatchingInvocationHandler.invoke(ProxyDispatchAdapter.java:88)
  at jdk.proxy1/jdk.proxy1.$Proxy4.processTestDefinition(Unknown Source)
  at org.gradle.api.internal.tasks.testing.worker.TestWorker$2.run(TestWorker.java:178)
  at org.gradle.api.internal.tasks.testing.worker.TestWorker.executeAndMaintainThreadName(TestWorker.java:126)
  at org.gradle.api.internal.tasks.testing.worker.TestWorker.execute(TestWorker.java:103)
  at org.gradle.api.internal.tasks.testing.worker.TestWorker.execute(TestWorker.java:63)
  at org.gradle.process.internal.worker.child.ActionExecutionWorker.execute(ActionExecutionWorker.java:56)
  at org.gradle.process.internal.worker.child.SystemApplicationClassLoaderWorker.call(SystemApplicationClassLoaderWorker.java:122)
  at org.gradle.process.internal.worker.child.SystemApplicationClassLoaderWorker.call(SystemApplicationClassLoaderWorker.java:72)
  at worker.org.gradle.process.internal.worker.GradleWorkerMain.run(GradleWorkerMain.java:69)
  at worker.org.gradle.process.internal.worker.GradleWorkerMain.main(GradleWorkerMain.java:74)
</stacktrace>
</test-failure>


TypeScriptCompilerTests_E[jvm] > excessPropertyCheckIntersectionWithRecursiveType_ts has expected errors matching excessPropertyCheckIntersectionWithRecursiveType_errors_txt[jvm] FAILED

<test-failure test="com.xemantic.typescript.compiler.TypeScriptCompilerTests_E.es6ExportEqualsInterop_ts has expected errors matching es6ExportEqualsInterop_errors_txt" platform="jvm">
<message>
Expected diagnostics from baseline typescript-repo/tests/baselines/reference/es6ExportEqualsInterop.errors.txt but none produced
</message>
<stacktrace>
  at com.xemantic.typescript.compiler.TypeScriptTestSupportKt.errorsMatchBaseline(TypeScriptTestSupport.kt:125)
  at com.xemantic.typescript.compiler.TypeScriptCompilerTests_E.es6ExportEqualsInterop_ts has expected errors matching es6ExportEqualsInterop_errors_txt(TypeScriptCompilerTests_E.kt:3059)
  at java.base/jdk.internal.reflect.DirectMethodHandleAccessor.invoke(DirectMethodHandleAccessor.java:104)
  at java.base/java.lang.reflect.Method.invoke(Method.java:565)
  at org.junit.runners.model.FrameworkMethod$1.runReflectiveCall(FrameworkMethod.java:59)
  at org.junit.internal.runners.model.ReflectiveCallable.run(ReflectiveCallable.java:12)
  at org.junit.runners.model.FrameworkMethod.invokeExplosively(FrameworkMethod.java:56)
  at org.junit.internal.runners.statements.InvokeMethod.evaluate(InvokeMethod.java:17)
  at org.junit.runners.ParentRunner$3.evaluate(ParentRunner.java:306)
  at org.junit.runners.BlockJUnit4ClassRunner$1.evaluate(BlockJUnit4ClassRunner.java:100)
  at org.junit.runners.ParentRunner.runLeaf(ParentRunner.java:366)
  at org.junit.runners.BlockJUnit4ClassRunner.runChild(BlockJUnit4ClassRunner.java:103)
  at org.junit.runners.BlockJUnit4ClassRunner.runChild(BlockJUnit4ClassRunner.java:63)
  at org.junit.runners.ParentRunner$4.run(ParentRunner.java:331)
  at org.junit.runners.ParentRunner$1.schedule(ParentRunner.java:79)
  at org.junit.runners.ParentRunner.runChildren(ParentRunner.java:329)
  at org.junit.runners.ParentRunner.access$100(ParentRunner.java:66)
  at org.junit.runners.ParentRunner$2.evaluate(ParentRunner.java:293)
  at org.junit.runners.ParentRunner$3.evaluate(ParentRunner.java:306)
  at org.junit.runners.ParentRunner.run(ParentRunner.java:413)
  at org.junit.runner.JUnitCore.run(JUnitCore.java:137)
  at org.junit.runner.JUnitCore.run(JUnitCore.java:115)
  at org.gradle.api.internal.tasks.testing.junit.JUnitTestExecutor.runRequest(JUnitTestExecutor.java:175)
  at org.gradle.api.internal.tasks.testing.junit.JUnitTestExecutor.accept(JUnitTestExecutor.java:84)
  at org.gradle.api.internal.tasks.testing.junit.JUnitTestExecutor.accept(JUnitTestExecutor.java:47)
  at org.gradle.api.internal.tasks.testing.junit.AbstractJUnitTestDefinitionProcessor.processTestDefinition(AbstractJUnitTestDefinitionProcessor.java:65)
  at org.gradle.api.internal.tasks.testing.SuiteTestDefinitionProcessor.processTestDefinition(SuiteTestDefinitionProcessor.java:54)
  at java.base/jdk.internal.reflect.DirectMethodHandleAccessor.invoke(DirectMethodHandleAccessor.java:104)
  at java.base/java.lang.reflect.Method.invoke(Method.java:565)
  at org.gradle.internal.dispatch.MethodInvocation.invokeOn(MethodInvocation.java:77)
  at org.gradle.internal.dispatch.ReflectionDispatch.dispatch(ReflectionDispatch.java:28)
  at org.gradle.internal.dispatch.ReflectionDispatch.dispatch(ReflectionDispatch.java:19)
  at org.gradle.internal.dispatch.ContextClassLoaderDispatch.dispatch(ContextClassLoaderDispatch.java:33)
  at org.gradle.internal.dispatch.ProxyDispatchAdapter$DispatchingInvocationHandler.invoke(ProxyDispatchAdapter.java:88)
  at jdk.proxy1/jdk.proxy1.$Proxy4.processTestDefinition(Unknown Source)
  at org.gradle.api.internal.tasks.testing.worker.TestWorker$2.run(TestWorker.java:178)
  at org.gradle.api.internal.tasks.testing.worker.TestWorker.executeAndMaintainThreadName(TestWorker.java:126)
  at org.gradle.api.internal.tasks.testing.worker.TestWorker.execute(TestWorker.java:103)
  at org.gradle.api.internal.tasks.testing.worker.TestWorker.execute(TestWorker.java:63)
  at org.gradle.process.internal.worker.child.ActionExecutionWorker.execute(ActionExecutionWorker.java:56)
  at org.gradle.process.internal.worker.child.SystemApplicationClassLoaderWorker.call(SystemApplicationClassLoaderWorker.java:122)
  at org.gradle.process.internal.worker.child.SystemApplicationClassLoaderWorker.call(SystemApplicationClassLoaderWorker.java:72)
  at worker.org.gradle.process.internal.worker.GradleWorkerMain.run(GradleWorkerMain.java:69)
  at worker.org.gradle.process.internal.worker.GradleWorkerMain.main(GradleWorkerMain.java:74)
</stacktrace>
</test-failure>


TypeScriptCompilerTests_E[jvm] > es6ExportEqualsInterop_ts has expected errors matching es6ExportEqualsInterop_errors_txt[jvm] FAILED

<test-failure test="com.xemantic.typescript.compiler.TypeScriptCompilerTests_E.errorMessagesIntersectionTypes02_ts has expected errors matching errorMessagesIntersectionTypes02_errors_txt" platform="jvm">
<message>
Expected diagnostics from baseline typescript-repo/tests/baselines/reference/errorMessagesIntersectionTypes02.errors.txt but none produced
</message>
<stacktrace>
  at com.xemantic.typescript.compiler.TypeScriptTestSupportKt.errorsMatchBaseline(TypeScriptTestSupport.kt:125)
  at com.xemantic.typescript.compiler.TypeScriptCompilerTests_E.errorMessagesIntersectionTypes02_ts has expected errors matching errorMessagesIntersectionTypes02_errors_txt(TypeScriptCompilerTests_E.kt:1505)
  at java.base/jdk.internal.reflect.DirectMethodHandleAccessor.invoke(DirectMethodHandleAccessor.java:104)
  at java.base/java.lang.reflect.Method.invoke(Method.java:565)
  at org.junit.runners.model.FrameworkMethod$1.runReflectiveCall(FrameworkMethod.java:59)
  at org.junit.internal.runners.model.ReflectiveCallable.run(ReflectiveCallable.java:12)
  at org.junit.runners.model.FrameworkMethod.invokeExplosively(FrameworkMethod.java:56)
  at org.junit.internal.runners.statements.InvokeMethod.evaluate(InvokeMethod.java:17)
  at org.junit.runners.ParentRunner$3.evaluate(ParentRunner.java:306)
  at org.junit.runners.BlockJUnit4ClassRunner$1.evaluate(BlockJUnit4ClassRunner.java:100)
  at org.junit.runners.ParentRunner.runLeaf(ParentRunner.java:366)
  at org.junit.runners.BlockJUnit4ClassRunner.runChild(BlockJUnit4ClassRunner.java:103)
  at org.junit.runners.BlockJUnit4ClassRunner.runChild(BlockJUnit4ClassRunner.java:63)
  at org.junit.runners.ParentRunner$4.run(ParentRunner.java:331)
  at org.junit.runners.ParentRunner$1.schedule(ParentRunner.java:79)
  at org.junit.runners.ParentRunner.runChildren(ParentRunner.java:329)
  at org.junit.runners.ParentRunner.access$100(ParentRunner.java:66)
  at org.junit.runners.ParentRunner$2.evaluate(ParentRunner.java:293)
  at org.junit.runners.ParentRunner$3.evaluate(ParentRunner.java:306)
  at org.junit.runners.ParentRunner.run(ParentRunner.java:413)
  at org.junit.runner.JUnitCore.run(JUnitCore.java:137)
  at org.junit.runner.JUnitCore.run(JUnitCore.java:115)
  at org.gradle.api.internal.tasks.testing.junit.JUnitTestExecutor.runRequest(JUnitTestExecutor.java:175)
  at org.gradle.api.internal.tasks.testing.junit.JUnitTestExecutor.accept(JUnitTestExecutor.java:84)
  at org.gradle.api.internal.tasks.testing.junit.JUnitTestExecutor.accept(JUnitTestExecutor.java:47)
  at org.gradle.api.internal.tasks.testing.junit.AbstractJUnitTestDefinitionProcessor.processTestDefinition(AbstractJUnitTestDefinitionProcessor.java:65)
  at org.gradle.api.internal.tasks.testing.SuiteTestDefinitionProcessor.processTestDefinition(SuiteTestDefinitionProcessor.java:54)
  at java.base/jdk.internal.reflect.DirectMethodHandleAccessor.invoke(DirectMethodHandleAccessor.java:104)
  at java.base/java.lang.reflect.Method.invoke(Method.java:565)
  at org.gradle.internal.dispatch.MethodInvocation.invokeOn(MethodInvocation.java:77)
  at org.gradle.internal.dispatch.ReflectionDispatch.dispatch(ReflectionDispatch.java:28)
  at org.gradle.internal.dispatch.ReflectionDispatch.dispatch(ReflectionDispatch.java:19)
  at org.gradle.internal.dispatch.ContextClassLoaderDispatch.dispatch(ContextClassLoaderDispatch.java:33)
  at org.gradle.internal.dispatch.ProxyDispatchAdapter$DispatchingInvocationHandler.invoke(ProxyDispatchAdapter.java:88)
  at jdk.proxy1/jdk.proxy1.$Proxy4.processTestDefinition(Unknown Source)
  at org.gradle.api.internal.tasks.testing.worker.TestWorker$2.run(TestWorker.java:178)
  at org.gradle.api.internal.tasks.testing.worker.TestWorker.executeAndMaintainThreadName(TestWorker.java:126)
  at org.gradle.api.internal.tasks.testing.worker.TestWorker.execute(TestWorker.java:103)
  at org.gradle.api.internal.tasks.testing.worker.TestWorker.execute(TestWorker.java:63)
  at org.gradle.process.internal.worker.child.ActionExecutionWorker.execute(ActionExecutionWorker.java:56)
  at org.gradle.process.internal.worker.child.SystemApplicationClassLoaderWorker.call(SystemApplicationClassLoaderWorker.java:122)
  at org.gradle.process.internal.worker.child.SystemApplicationClassLoaderWorker.call(SystemApplicationClassLoaderWorker.java:72)
  at worker.org.gradle.process.internal.worker.GradleWorkerMain.run(GradleWorkerMain.java:69)
  at worker.org.gradle.process.internal.worker.GradleWorkerMain.main(GradleWorkerMain.java:74)
</stacktrace>
</test-failure>


TypeScriptCompilerTests_E[jvm] > errorMessagesIntersectionTypes02_ts has expected errors matching errorMessagesIntersectionTypes02_errors_txt[jvm] FAILED

<test-failure test="com.xemantic.typescript.compiler.TypeScriptCompilerTests_E.errorOnUnionVsObjectShouldDeeplyDisambiguate2_ts has expected errors matching errorOnUnionVsObjectShouldDeeplyDisambiguate2_errors_txt" platform="jvm">
<message>
Expected diagnostics from baseline typescript-repo/tests/baselines/reference/errorOnUnionVsObjectShouldDeeplyDisambiguate2.errors.txt but none produced
</message>
<stacktrace>
  at com.xemantic.typescript.compiler.TypeScriptTestSupportKt.errorsMatchBaseline(TypeScriptTestSupport.kt:125)
  at com.xemantic.typescript.compiler.TypeScriptCompilerTests_E.errorOnUnionVsObjectShouldDeeplyDisambiguate2_ts has expected errors matching errorOnUnionVsObjectShouldDeeplyDisambiguate2_errors_txt(TypeScriptCompilerTests_E.kt:1617)
  at java.base/jdk.internal.reflect.DirectMethodHandleAccessor.invoke(DirectMethodHandleAccessor.java:104)
  at java.base/java.lang.reflect.Method.invoke(Method.java:565)
  at org.junit.runners.model.FrameworkMethod$1.runReflectiveCall(FrameworkMethod.java:59)
  at org.junit.internal.runners.model.ReflectiveCallable.run(ReflectiveCallable.java:12)
  at org.junit.runners.model.FrameworkMethod.invokeExplosively(FrameworkMethod.java:56)
  at org.junit.internal.runners.statements.InvokeMethod.evaluate(InvokeMethod.java:17)
  at org.junit.runners.ParentRunner$3.evaluate(ParentRunner.java:306)
  at org.junit.runners.BlockJUnit4ClassRunner$1.evaluate(BlockJUnit4ClassRunner.java:100)
  at org.junit.runners.ParentRunner.runLeaf(ParentRunner.java:366)
  at org.junit.runners.BlockJUnit4ClassRunner.runChild(BlockJUnit4ClassRunner.java:103)
  at org.junit.runners.BlockJUnit4ClassRunner.runChild(BlockJUnit4ClassRunner.java:63)
  at org.junit.runners.ParentRunner$4.run(ParentRunner.java:331)
  at org.junit.runners.ParentRunner$1.schedule(ParentRunner.java:79)
  at org.junit.runners.ParentRunner.runChildren(ParentRunner.java:329)
  at org.junit.runners.ParentRunner.access$100(ParentRunner.java:66)
  at org.junit.runners.ParentRunner$2.evaluate(ParentRunner.java:293)
  at org.junit.runners.ParentRunner$3.evaluate(ParentRunner.java:306)
  at org.junit.runners.ParentRunner.run(ParentRunner.java:413)
  at org.junit.runner.JUnitCore.run(JUnitCore.java:137)
  at org.junit.runner.JUnitCore.run(JUnitCore.java:115)
  at org.gradle.api.internal.tasks.testing.junit.JUnitTestExecutor.runRequest(JUnitTestExecutor.java:175)
  at org.gradle.api.internal.tasks.testing.junit.JUnitTestExecutor.accept(JUnitTestExecutor.java:84)
  at org.gradle.api.internal.tasks.testing.junit.JUnitTestExecutor.accept(JUnitTestExecutor.java:47)
  at org.gradle.api.internal.tasks.testing.junit.AbstractJUnitTestDefinitionProcessor.processTestDefinition(AbstractJUnitTestDefinitionProcessor.java:65)
  at org.gradle.api.internal.tasks.testing.SuiteTestDefinitionProcessor.processTestDefinition(SuiteTestDefinitionProcessor.java:54)
  at java.base/jdk.internal.reflect.DirectMethodHandleAccessor.invoke(DirectMethodHandleAccessor.java:104)
  at java.base/java.lang.reflect.Method.invoke(Method.java:565)
  at org.gradle.internal.dispatch.MethodInvocation.invokeOn(MethodInvocation.java:77)
  at org.gradle.internal.dispatch.ReflectionDispatch.dispatch(ReflectionDispatch.java:28)
  at org.gradle.internal.dispatch.ReflectionDispatch.dispatch(ReflectionDispatch.java:19)
  at org.gradle.internal.dispatch.ContextClassLoaderDispatch.dispatch(ContextClassLoaderDispatch.java:33)
  at org.gradle.internal.dispatch.ProxyDispatchAdapter$DispatchingInvocationHandler.invoke(ProxyDispatchAdapter.java:88)
  at jdk.proxy1/jdk.proxy1.$Proxy4.processTestDefinition(Unknown Source)
  at org.gradle.api.internal.tasks.testing.worker.TestWorker$2.run(TestWorker.java:178)
  at org.gradle.api.internal.tasks.testing.worker.TestWorker.executeAndMaintainThreadName(TestWorker.java:126)
  at org.gradle.api.internal.tasks.testing.worker.TestWorker.execute(TestWorker.java:103)
  at org.gradle.api.internal.tasks.testing.worker.TestWorker.execute(TestWorker.java:63)
  at org.gradle.process.internal.worker.child.ActionExecutionWorker.execute(ActionExecutionWorker.java:56)
  at org.gradle.process.internal.worker.child.SystemApplicationClassLoaderWorker.call(SystemApplicationClassLoaderWorker.java:122)
  at org.gradle.process.internal.worker.child.SystemApplicationClassLoaderWorker.call(SystemApplicationClassLoaderWorker.java:72)
  at worker.org.gradle.process.internal.worker.GradleWorkerMain.run(GradleWorkerMain.java:69)
  at worker.org.gradle.process.internal.worker.GradleWorkerMain.main(GradleWorkerMain.java:74)
</stacktrace>
</test-failure>


TypeScriptCompilerTests_E[jvm] > errorOnUnionVsObjectShouldDeeplyDisambiguate2_ts has expected errors matching errorOnUnionVsObjectShouldDeeplyDisambiguate2_errors_txt[jvm] FAILED

<test-failure test="com.xemantic.typescript.compiler.TypeScriptCompilerTests_E.excessPropertyErrorsSuppressed_ts has expected errors matching excessPropertyErrorsSuppressed_errors_txt" platform="jvm">
<message>
--- expected
+++ actual
@@ -1,9 +1,6 @@
 error TS5102: Option 'suppressExcessPropertyErrors' has been removed. Please remove it from your configuration.
-excessPropertyErrorsSuppressed.ts(1,38): error TS2353: Object literal may only specify known properties, and 'b' does not exist in type '{ a: string; }'.
 
 
 !!! error TS5102: Option 'suppressExcessPropertyErrors' has been removed. Please remove it from your configuration.
-==== excessPropertyErrorsSuppressed.ts (1 errors) ====
+==== excessPropertyErrorsSuppressed.ts (0 errors) ====
     var x: { a: string } = { a: "hello", b: 42 };  // No error
-                                         ~
-!!! error TS2353: Object literal may only specify known properties, and 'b' does not exist in type '{ a: string; }'.

</message>
<stacktrace>
  at org.junit.Assert.fail(Assert.java:89)
  at kotlin.test.junit.JUnitAsserter.fail(JUnitSupport.kt:56)
  at kotlin.test.AssertionsKt__AssertionsKt.fail(Assertions.kt:563)
  at kotlin.test.AssertionsKt.fail(Unknown Source)
  at com.xemantic.kotlin.test.SameAsKt.sameAs(SameAs.kt:52)
  at com.xemantic.typescript.compiler.TypeScriptTestSupportKt.errorsMatchBaseline(TypeScriptTestSupport.kt:135)
  at com.xemantic.typescript.compiler.TypeScriptCompilerTests_E.excessPropertyErrorsSuppressed_ts has expected errors matching excessPropertyErrorsSuppressed_errors_txt(TypeScriptCompilerTests_E.kt:4382)
  at java.base/jdk.internal.reflect.DirectMethodHandleAccessor.invoke(DirectMethodHandleAccessor.java:104)
  at java.base/java.lang.reflect.Method.invoke(Method.java:565)
  at org.junit.runners.model.FrameworkMethod$1.runReflectiveCall(FrameworkMethod.java:59)
  at org.junit.internal.runners.model.ReflectiveCallable.run(ReflectiveCallable.java:12)
  at org.junit.runners.model.FrameworkMethod.invokeExplosively(FrameworkMethod.java:56)
  at org.junit.internal.runners.statements.InvokeMethod.evaluate(InvokeMethod.java:17)
  at org.junit.runners.ParentRunner$3.evaluate(ParentRunner.java:306)
  at org.junit.runners.BlockJUnit4ClassRunner$1.evaluate(BlockJUnit4ClassRunner.java:100)
  at org.junit.runners.ParentRunner.runLeaf(ParentRunner.java:366)
  at org.junit.runners.BlockJUnit4ClassRunner.runChild(BlockJUnit4ClassRunner.java:103)
  at org.junit.runners.BlockJUnit4ClassRunner.runChild(BlockJUnit4ClassRunner.java:63)
  at org.junit.runners.ParentRunner$4.run(ParentRunner.java:331)
  at org.junit.runners.ParentRunner$1.schedule(ParentRunner.java:79)
  at org.junit.runners.ParentRunner.runChildren(ParentRunner.java:329)
  at org.junit.runners.ParentRunner.access$100(ParentRunner.java:66)
  at org.junit.runners.ParentRunner$2.evaluate(ParentRunner.java:293)
  at org.junit.runners.ParentRunner$3.evaluate(ParentRunner.java:306)
  at org.junit.runners.ParentRunner.run(ParentRunner.java:413)
  at org.junit.runner.JUnitCore.run(JUnitCore.java:137)
  at org.junit.runner.JUnitCore.run(JUnitCore.java:115)
  at org.gradle.api.internal.tasks.testing.junit.JUnitTestExecutor.runRequest(JUnitTestExecutor.java:175)
  at org.gradle.api.internal.tasks.testing.junit.JUnitTestExecutor.accept(JUnitTestExecutor.java:84)
  at org.gradle.api.internal.tasks.testing.junit.JUnitTestExecutor.accept(JUnitTestExecutor.java:47)
  at org.gradle.api.internal.tasks.testing.junit.AbstractJUnitTestDefinitionProcessor.processTestDefinition(AbstractJUnitTestDefinitionProcessor.java:65)
  at org.gradle.api.internal.tasks.testing.SuiteTestDefinitionProcessor.processTestDefinition(SuiteTestDefinitionProcessor.java:54)
  at java.base/jdk.internal.reflect.DirectMethodHandleAccessor.invoke(DirectMethodHandleAccessor.java:104)
  at java.base/java.lang.reflect.Method.invoke(Method.java:565)
  at org.gradle.internal.dispatch.MethodInvocation.invokeOn(MethodInvocation.java:77)
  at org.gradle.internal.dispatch.ReflectionDispatch.dispatch(ReflectionDispatch.java:28)
  at org.gradle.internal.dispatch.ReflectionDispatch.dispatch(ReflectionDispatch.java:19)
  at org.gradle.internal.dispatch.ContextClassLoaderDispatch.dispatch(ContextClassLoaderDispatch.java:33)
  at org.gradle.internal.dispatch.ProxyDispatchAdapter$DispatchingInvocationHandler.invoke(ProxyDispatchAdapter.java:88)
  at jdk.proxy1/jdk.proxy1.$Proxy4.processTestDefinition(Unknown Source)
  at org.gradle.api.internal.tasks.testing.worker.TestWorker$2.run(TestWorker.java:178)
  at org.gradle.api.internal.tasks.testing.worker.TestWorker.executeAndMaintainThreadName(TestWorker.java:126)
  at org.gradle.api.internal.tasks.testing.worker.TestWorker.execute(TestWorker.java:103)
  at org.gradle.api.internal.tasks.testing.worker.TestWorker.execute(TestWorker.java:63)
  at org.gradle.process.internal.worker.child.ActionExecutionWorker.execute(ActionExecutionWorker.java:56)
  at org.gradle.process.internal.worker.child.SystemApplicationClassLoaderWorker.call(SystemApplicationClassLoaderWorker.java:122)
  at org.gradle.process.internal.worker.child.SystemApplicationClassLoaderWorker.call(SystemApplicationClassLoaderWorker.java:72)
  at worker.org.gradle.process.internal.worker.GradleWorkerMain.run(GradleWorkerMain.java:69)
  at worker.org.gradle.process.internal.worker.GradleWorkerMain.main(GradleWorkerMain.java:74)
</stacktrace>
</test-failure>


TypeScriptCompilerTests_E[jvm] > excessPropertyErrorsSuppressed_ts has expected errors matching excessPropertyErrorsSuppressed_errors_txt[jvm] FAILED

<test-failure test="com.xemantic.typescript.compiler.TypeScriptCompilerTests_E.exportStarFromEmptyModule_ts__target_es2015__has expected errors matching baseline" platform="jvm">
<message>
Expected diagnostics from baseline typescript-repo/tests/baselines/reference/exportStarFromEmptyModule(target=es2015).errors.txt but none produced
</message>
<stacktrace>
  at com.xemantic.typescript.compiler.TypeScriptTestSupportKt.errorsMatchBaseline(TypeScriptTestSupport.kt:125)
  at com.xemantic.typescript.compiler.TypeScriptCompilerTests_E.exportStarFromEmptyModule_ts__target_es2015__has expected errors matching baseline(TypeScriptCompilerTests_E.kt:6076)
  at java.base/jdk.internal.reflect.DirectMethodHandleAccessor.invoke(DirectMethodHandleAccessor.java:104)
  at java.base/java.lang.reflect.Method.invoke(Method.java:565)
  at org.junit.runners.model.FrameworkMethod$1.runReflectiveCall(FrameworkMethod.java:59)
  at org.junit.internal.runners.model.ReflectiveCallable.run(ReflectiveCallable.java:12)
  at org.junit.runners.model.FrameworkMethod.invokeExplosively(FrameworkMethod.java:56)
  at org.junit.internal.runners.statements.InvokeMethod.evaluate(InvokeMethod.java:17)
  at org.junit.runners.ParentRunner$3.evaluate(ParentRunner.java:306)
  at org.junit.runners.BlockJUnit4ClassRunner$1.evaluate(BlockJUnit4ClassRunner.java:100)
  at org.junit.runners.ParentRunner.runLeaf(ParentRunner.java:366)
  at org.junit.runners.BlockJUnit4ClassRunner.runChild(BlockJUnit4ClassRunner.java:103)
  at org.junit.runners.BlockJUnit4ClassRunner.runChild(BlockJUnit4ClassRunner.java:63)
  at org.junit.runners.ParentRunner$4.run(ParentRunner.java:331)
  at org.junit.runners.ParentRunner$1.schedule(ParentRunner.java:79)
  at org.junit.runners.ParentRunner.runChildren(ParentRunner.java:329)
  at org.junit.runners.ParentRunner.access$100(ParentRunner.java:66)
  at org.junit.runners.ParentRunner$2.evaluate(ParentRunner.java:293)
  at org.junit.runners.ParentRunner$3.evaluate(ParentRunner.java:306)
  at org.junit.runners.ParentRunner.run(ParentRunner.java:413)
  at org.junit.runner.JUnitCore.run(JUnitCore.java:137)
  at org.junit.runner.JUnitCore.run(JUnitCore.java:115)
  at org.gradle.api.internal.tasks.testing.junit.JUnitTestExecutor.runRequest(JUnitTestExecutor.java:175)
  at org.gradle.api.internal.tasks.testing.junit.JUnitTestExecutor.accept(JUnitTestExecutor.java:84)
  at org.gradle.api.internal.tasks.testing.junit.JUnitTestExecutor.accept(JUnitTestExecutor.java:47)
  at org.gradle.api.internal.tasks.testing.junit.AbstractJUnitTestDefinitionProcessor.processTestDefinition(AbstractJUnitTestDefinitionProcessor.java:65)
  at org.gradle.api.internal.tasks.testing.SuiteTestDefinitionProcessor.processTestDefinition(SuiteTestDefinitionProcessor.java:54)
  at java.base/jdk.internal.reflect.DirectMethodHandleAccessor.invoke(DirectMethodHandleAccessor.java:104)
  at java.base/java.lang.reflect.Method.invoke(Method.java:565)
  at org.gradle.internal.dispatch.MethodInvocation.invokeOn(MethodInvocation.java:77)
  at org.gradle.internal.dispatch.ReflectionDispatch.dispatch(ReflectionDispatch.java:28)
  at org.gradle.internal.dispatch.ReflectionDispatch.dispatch(ReflectionDispatch.java:19)
  at org.gradle.internal.dispatch.ContextClassLoaderDispatch.dispatch(ContextClassLoaderDispatch.java:33)
  at org.gradle.internal.dispatch.ProxyDispatchAdapter$DispatchingInvocationHandler.invoke(ProxyDispatchAdapter.java:88)
  at jdk.proxy1/jdk.proxy1.$Proxy4.processTestDefinition(Unknown Source)
  at org.gradle.api.internal.tasks.testing.worker.TestWorker$2.run(TestWorker.java:178)
  at org.gradle.api.internal.tasks.testing.worker.TestWorker.executeAndMaintainThreadName(TestWorker.java:126)
  at org.gradle.api.internal.tasks.testing.worker.TestWorker.execute(TestWorker.java:103)
  at org.gradle.api.internal.tasks.testing.worker.TestWorker.execute(TestWorker.java:63)
  at org.gradle.process.internal.worker.child.ActionExecutionWorker.execute(ActionExecutionWorker.java:56)
  at org.gradle.process.internal.worker.child.SystemApplicationClassLoaderWorker.call(SystemApplicationClassLoaderWorker.java:122)
  at org.gradle.process.internal.worker.child.SystemApplicationClassLoaderWorker.call(SystemApplicationClassLoaderWorker.java:72)
  at worker.org.gradle.process.internal.worker.GradleWorkerMain.run(GradleWorkerMain.java:69)
  at worker.org.gradle.process.internal.worker.GradleWorkerMain.main(GradleWorkerMain.java:74)
</stacktrace>
</test-failure>


TypeScriptCompilerTests_E[jvm] > exportStarFromEmptyModule_ts__target_es2015__has expected errors matching baseline[jvm] FAILED

<test-failure test="com.xemantic.typescript.compiler.TypeScriptCompilerTests_E.es6ImportDefaultBindingFollowedWithNamedImportInEs5_ts__target_es2015__compiles to JavaScript matching baseline" platform="jvm">
<message>
--- expected
+++ actual
@@ -29,15 +29,48 @@
 exports.m = exports.a;
 //// [es6ImportDefaultBindingFollowedWithNamedImportInEs5_1.js]
 "use strict";
+var __createBinding = (this && this.__createBinding) || (Object.create ? (function(o, m, k, k2) {
+    if (k2 === undefined) k2 = k;
+    var desc = Object.getOwnPropertyDescriptor(m, k);
+    if (!desc || ("get" in desc ? !m.__esModule : desc.writable || desc.configurable)) {
+      desc = { enumerable: true, get: function() { return m[k]; } };
+    }
+    Object.defineProperty(o, k2, desc);
+}) : (function(o, m, k, k2) {
+    if (k2 === undefined) k2 = k;
+    o[k2] = m[k];
+}));
+var __setModuleDefault = (this && this.__setModuleDefault) || (Object.create ? (function(o, v) {
+    Object.defineProperty(o, "default", { enumerable: true, value: v });
+}) : function(o, v) {
+    o["default"] = v;
+});
+var __importStar = (this && this.__importStar) || (function () {
+    var ownKeys = function(o) {
+        ownKeys = Object.getOwnPropertyNames || function (o) {
+            var ar = [];
+            for (var k in o) if (Object.prototype.hasOwnProperty.call(o, k)) ar[ar.length] = k;
+            return ar;
+        };
+        return ownKeys(o);
+    };
+    return function (mod) {
+        if (mod && mod.__esModule) return mod;
+        var result = {};
+        if (mod != null) for (var k = ownKeys(mod), i = 0; i < k.length; i++) if (k[i] !== "default") __createBinding(result, mod, k[i]);
+        __setModuleDefault(result, mod);
+        return result;
+    };
+})();
 Object.defineProperty(exports, "__esModule", { value: true });
-const es6ImportDefaultBindingFollowedWithNamedImportInEs5_0_1 = require("./es6ImportDefaultBindingFollowedWithNamedImportInEs5_0");
-var x1 = es6ImportDefaultBindingFollowedWithNamedImportInEs5_0_1.a;
-const es6ImportDefaultBindingFollowedWithNamedImportInEs5_0_2 = require("./es6ImportDefaultBindingFollowedWithNamedImportInEs5_0");
+const es6ImportDefaultBindingFollowedWithNamedImportInEs5_0_2 = __importStar(require("./es6ImportDefaultBindingFollowedWithNamedImportInEs5_0"));
 var x1 = es6ImportDefaultBindingFollowedWithNamedImportInEs5_0_2.a;
-const es6ImportDefaultBindingFollowedWithNamedImportInEs5_0_3 = require("./es6ImportDefaultBindingFollowedWithNamedImportInEs5_0");
-var x1 = es6ImportDefaultBindingFollowedWithNamedImportInEs5_0_3.x;
+const es6ImportDefaultBindingFollowedWithNamedImportInEs5_0_3 = __importStar(require("./es6ImportDefaultBindingFollowedWithNamedImportInEs5_0"));
 var x1 = es6ImportDefaultBindingFollowedWithNamedImportInEs5_0_3.a;
-const es6ImportDefaultBindingFollowedWithNamedImportInEs5_0_4 = require("./es6ImportDefaultBindingFollowedWithNamedImportInEs5_0");
+const es6ImportDefaultBindingFollowedWithNamedImportInEs5_0_4 = __importStar(require("./es6ImportDefaultBindingFollowedWithNamedImportInEs5_0"));
 var x1 = es6ImportDefaultBindingFollowedWithNamedImportInEs5_0_4.x;
-const es6ImportDefaultBindingFollowedWithNamedImportInEs5_0_5 = require("./es6ImportDefaultBindingFollowedWithNamedImportInEs5_0");
-var x1 = es6ImportDefaultBindingFollowedWithNamedImportInEs5_0_5.m;
+var x1 = es6ImportDefaultBindingFollowedWithNamedImportInEs5_0_4.a;
+const es6ImportDefaultBindingFollowedWithNamedImportInEs5_0_5 = __importStar(require("./es6ImportDefaultBindingFollowedWithNamedImportInEs5_0"));
+var x1 = es6ImportDefaultBindingFollowedWithNamedImportInEs5_0_5.x;
+const es6ImportDefaultBindingFollowedWithNamedImportInEs5_0_6 = __importStar(require("./es6ImportDefaultBindingFollowedWithNamedImportInEs5_0"));
+var x1 = es6ImportDefaultBindingFollowedWithNamedImportInEs5_0_6.m;

</message>
<stacktrace>
  at org.junit.Assert.fail(Assert.java:89)
  at kotlin.test.junit.JUnitAsserter.fail(JUnitSupport.kt:56)
  at kotlin.test.AssertionsKt__AssertionsKt.fail(Assertions.kt:563)
  at kotlin.test.AssertionsKt.fail(Unknown Source)
  at com.xemantic.kotlin.test.SameAsKt.sameAs(SameAs.kt:52)
  at com.xemantic.typescript.compiler.TypeScriptTestSupportKt.sameAs(TypeScriptTestSupport.kt:99)
  at com.xemantic.typescript.compiler.TypeScriptCompilerTests_E.es6ImportDefaultBindingFollowedWithNamedImportInEs5_ts__target_es2015__compiles to JavaScript matching baseline(TypeScriptCompilerTests_E.kt:3199)
  at java.base/jdk.internal.reflect.DirectMethodHandleAccessor.invoke(DirectMethodHandleAccessor.java:104)
  at java.base/java.lang.reflect.Method.invoke(Method.java:565)
  at org.junit.runners.model.FrameworkMethod$1.runReflectiveCall(FrameworkMethod.java:59)
  at org.junit.internal.runners.model.ReflectiveCallable.run(ReflectiveCallable.java:12)
  at org.junit.runners.model.FrameworkMethod.invokeExplosively(FrameworkMethod.java:56)
  at org.junit.internal.runners.statements.InvokeMethod.evaluate(InvokeMethod.java:17)
  at org.junit.runners.ParentRunner$3.evaluate(ParentRunner.java:306)
  at org.junit.runners.BlockJUnit4ClassRunner$1.evaluate(BlockJUnit4ClassRunner.java:100)
  at org.junit.runners.ParentRunner.runLeaf(ParentRunner.java:366)
  at org.junit.runners.BlockJUnit4ClassRunner.runChild(BlockJUnit4ClassRunner.java:103)
  at org.junit.runners.BlockJUnit4ClassRunner.runChild(BlockJUnit4ClassRunner.java:63)
  at org.junit.runners.ParentRunner$4.run(ParentRunner.java:331)
  at org.junit.runners.ParentRunner$1.schedule(ParentRunner.java:79)
  at org.junit.runners.ParentRunner.runChildren(ParentRunner.java:329)
  at org.junit.runners.ParentRunner.access$100(ParentRunner.java:66)
  at org.junit.runners.ParentRunner$2.evaluate(ParentRunner.java:293)
  at org.junit.runners.ParentRunner$3.evaluate(ParentRunner.java:306)
  at org.junit.runners.ParentRunner.run(ParentRunner.java:413)
  at org.junit.runner.JUnitCore.run(JUnitCore.java:137)
  at org.junit.runner.JUnitCore.run(JUnitCore.java:115)
  at org.gradle.api.internal.tasks.testing.junit.JUnitTestExecutor.runRequest(JUnitTestExecutor.java:175)
  at org.gradle.api.internal.tasks.testing.junit.JUnitTestExecutor.accept(JUnitTestExecutor.java:84)
  at org.gradle.api.internal.tasks.testing.junit.JUnitTestExecutor.accept(JUnitTestExecutor.java:47)
  at org.gradle.api.internal.tasks.testing.junit.AbstractJUnitTestDefinitionProcessor.processTestDefinition(AbstractJUnitTestDefinitionProcessor.java:65)
  at org.gradle.api.internal.tasks.testing.SuiteTestDefinitionProcessor.processTestDefinition(SuiteTestDefinitionProcessor.java:54)
  at java.base/jdk.internal.reflect.DirectMethodHandleAccessor.invoke(DirectMethodHandleAccessor.java:104)
  at java.base/java.lang.reflect.Method.invoke(Method.java:565)
  at org.gradle.internal.dispatch.MethodInvocation.invokeOn(MethodInvocation.java:77)
  at org.gradle.internal.dispatch.ReflectionDispatch.dispatch(ReflectionDispatch.java:28)
  at org.gradle.internal.dispatch.ReflectionDispatch.dispatch(ReflectionDispatch.java:19)
  at org.gradle.internal.dispatch.ContextClassLoaderDispatch.dispatch(ContextClassLoaderDispatch.java:33)
  at org.gradle.internal.dispatch.ProxyDispatchAdapter$DispatchingInvocationHandler.invoke(ProxyDispatchAdapter.java:88)
  at jdk.proxy1/jdk.proxy1.$Proxy4.processTestDefinition(Unknown Source)
  at org.gradle.api.internal.tasks.testing.worker.TestWorker$2.run(TestWorker.java:178)
  at org.gradle.api.internal.tasks.testing.worker.TestWorker.executeAndMaintainThreadName(TestWorker.java:126)
  at org.gradle.api.internal.tasks.testing.worker.TestWorker.execute(TestWorker.java:103)
  at org.gradle.api.internal.tasks.testing.worker.TestWorker.execute(TestWorker.java:63)
  at org.gradle.process.internal.worker.child.ActionExecutionWorker.execute(ActionExecutionWorker.java:56)
  at org.gradle.process.internal.worker.child.SystemApplicationClassLoaderWorker.call(SystemApplicationClassLoaderWorker.java:122)
  at org.gradle.process.internal.worker.child.SystemApplicationClassLoaderWorker.call(SystemApplicationClassLoaderWorker.java:72)
  at worker.org.gradle.process.internal.worker.GradleWorkerMain.run(GradleWorkerMain.java:69)
  at worker.org.gradle.process.internal.worker.GradleWorkerMain.main(GradleWorkerMain.java:74)
</stacktrace>
</test-failure>


TypeScriptCompilerTests_E[jvm] > es6ImportDefaultBindingFollowedWithNamedImportInEs5_ts__target_es2015__compiles to JavaScript matching baseline[jvm] FAILED

<test-failure test="com.xemantic.typescript.compiler.TypeScriptCompilerTests_E.es6ImportEqualsExportModuleCommonJsError_ts has expected errors matching es6ImportEqualsExportModuleCommonJsError_errors_txt" platform="jvm">
<message>
Expected diagnostics from baseline typescript-repo/tests/baselines/reference/es6ImportEqualsExportModuleCommonJsError.errors.txt but none produced
</message>
<stacktrace>
  at com.xemantic.typescript.compiler.TypeScriptTestSupportKt.errorsMatchBaseline(TypeScriptTestSupport.kt:125)
  at com.xemantic.typescript.compiler.TypeScriptCompilerTests_E.es6ImportEqualsExportModuleCommonJsError_ts has expected errors matching es6ImportEqualsExportModuleCommonJsError_errors_txt(TypeScriptCompilerTests_E.kt:3451)
  at java.base/jdk.internal.reflect.DirectMethodHandleAccessor.invoke(DirectMethodHandleAccessor.java:104)
  at java.base/java.lang.reflect.Method.invoke(Method.java:565)
  at org.junit.runners.model.FrameworkMethod$1.runReflectiveCall(FrameworkMethod.java:59)
  at org.junit.internal.runners.model.ReflectiveCallable.run(ReflectiveCallable.java:12)
  at org.junit.runners.model.FrameworkMethod.invokeExplosively(FrameworkMethod.java:56)
  at org.junit.internal.runners.statements.InvokeMethod.evaluate(InvokeMethod.java:17)
  at org.junit.runners.ParentRunner$3.evaluate(ParentRunner.java:306)
  at org.junit.runners.BlockJUnit4ClassRunner$1.evaluate(BlockJUnit4ClassRunner.java:100)
  at org.junit.runners.ParentRunner.runLeaf(ParentRunner.java:366)
  at org.junit.runners.BlockJUnit4ClassRunner.runChild(BlockJUnit4ClassRunner.java:103)
  at org.junit.runners.BlockJUnit4ClassRunner.runChild(BlockJUnit4ClassRunner.java:63)
  at org.junit.runners.ParentRunner$4.run(ParentRunner.java:331)
  at org.junit.runners.ParentRunner$1.schedule(ParentRunner.java:79)
  at org.junit.runners.ParentRunner.runChildren(ParentRunner.java:329)
  at org.junit.runners.ParentRunner.access$100(ParentRunner.java:66)
  at org.junit.runners.ParentRunner$2.evaluate(ParentRunner.java:293)
  at org.junit.runners.ParentRunner$3.evaluate(ParentRunner.java:306)
  at org.junit.runners.ParentRunner.run(ParentRunner.java:413)
  at org.junit.runner.JUnitCore.run(JUnitCore.java:137)
  at org.junit.runner.JUnitCore.run(JUnitCore.java:115)
  at org.gradle.api.internal.tasks.testing.junit.JUnitTestExecutor.runRequest(JUnitTestExecutor.java:175)
  at org.gradle.api.internal.tasks.testing.junit.JUnitTestExecutor.accept(JUnitTestExecutor.java:84)
  at org.gradle.api.internal.tasks.testing.junit.JUnitTestExecutor.accept(JUnitTestExecutor.java:47)
  at org.gradle.api.internal.tasks.testing.junit.AbstractJUnitTestDefinitionProcessor.processTestDefinition(AbstractJUnitTestDefinitionProcessor.java:65)
  at org.gradle.api.internal.tasks.testing.SuiteTestDefinitionProcessor.processTestDefinition(SuiteTestDefinitionProcessor.java:54)
  at java.base/jdk.internal.reflect.DirectMethodHandleAccessor.invoke(DirectMethodHandleAccessor.java:104)
  at java.base/java.lang.reflect.Method.invoke(Method.java:565)
  at org.gradle.internal.dispatch.MethodInvocation.invokeOn(MethodInvocation.java:77)
  at org.gradle.internal.dispatch.ReflectionDispatch.dispatch(ReflectionDispatch.java:28)
  at org.gradle.internal.dispatch.ReflectionDispatch.dispatch(ReflectionDispatch.java:19)
  at org.gradle.internal.dispatch.ContextClassLoaderDispatch.dispatch(ContextClassLoaderDispatch.java:33)
  at org.gradle.internal.dispatch.ProxyDispatchAdapter$DispatchingInvocationHandler.invoke(ProxyDispatchAdapter.java:88)
  at jdk.proxy1/jdk.proxy1.$Proxy4.processTestDefinition(Unknown Source)
  at org.gradle.api.internal.tasks.testing.worker.TestWorker$2.run(TestWorker.java:178)
  at org.gradle.api.internal.tasks.testing.worker.TestWorker.executeAndMaintainThreadName(TestWorker.java:126)
  at org.gradle.api.internal.tasks.testing.worker.TestWorker.execute(TestWorker.java:103)
  at org.gradle.api.internal.tasks.testing.worker.TestWorker.execute(TestWorker.java:63)
  at org.gradle.process.internal.worker.child.ActionExecutionWorker.execute(ActionExecutionWorker.java:56)
  at org.gradle.process.internal.worker.child.SystemApplicationClassLoaderWorker.call(SystemApplicationClassLoaderWorker.java:122)
  at org.gradle.process.internal.worker.child.SystemApplicationClassLoaderWorker.call(SystemApplicationClassLoaderWorker.java:72)
  at worker.org.gradle.process.internal.worker.GradleWorkerMain.run(GradleWorkerMain.java:69)
  at worker.org.gradle.process.internal.worker.GradleWorkerMain.main(GradleWorkerMain.java:74)
</stacktrace>
</test-failure>


TypeScriptCompilerTests_E[jvm] > es6ImportEqualsExportModuleCommonJsError_ts has expected errors matching es6ImportEqualsExportModuleCommonJsError_errors_txt[jvm] FAILED

<test-failure test="com.xemantic.typescript.compiler.TypeScriptCompilerTests_E.esDecoratorsClassFieldsCrash_ts compiles to JavaScript matching esDecoratorsClassFieldsCrash_js" platform="jvm">
<message>
--- expected
+++ actual
@@ -19,87 +19,7 @@
 
 //// [esDecoratorsClassFieldsCrash.js]
 "use strict";
-var __esDecorate = (this && this.__esDecorate) || function (ctor, descriptorIn, decorators, contextIn, initializers, extraInitializers) {
-    function accept(f) { if (f !== void 0 && typeof f !== "function") throw new TypeError("Function expected"); return f; }
-    var kind = contextIn.kind, key = kind === "getter" ? "get" : kind === "setter" ? "set" : "value";
-    var target = !descriptorIn && ctor ? contextIn["static"] ? ctor : ctor.prototype : null;
-    var descriptor = descriptorIn || (target ? Object.getOwnPropertyDescriptor(target, contextIn.name) : {});
-    var _, done = false;
-    for (var i = decorators.length - 1; i >= 0; i--) {
-        var context = {};
-        for (var p in contextIn) context[p] = p === "access" ? {} : contextIn[p];
-        for (var p in contextIn.access) context.access[p] = contextIn.access[p];
-        context.addInitializer = function (f) { if (done) throw new TypeError("Cannot add initializers after decoration has completed"); extraInitializers.push(accept(f || null)); };
-        var result = (0, decorators[i])(kind === "accessor" ? { get: descriptor.get, set: descriptor.set } : descriptor[key], context);
-        if (kind === "accessor") {
-            if (result === void 0) continue;
-            if (result === null || typeof result !== "object") throw new TypeError("Object expected");
-            if (_ = accept(result.get)) descriptor.get = _;
-            if (_ = accept(result.set)) descriptor.set = _;
-            if (_ = accept(result.init)) initializers.unshift(_);
-        }
-        else if (_ = accept(result)) {
-            if (kind === "field") initializers.unshift(_);
-            else descriptor[key] = _;
-        }
-    }
-    if (target) Object.defineProperty(target, contextIn.name, descriptor);
-    done = true;
-};
-var __runInitializers = (this && this.__runInitializers) || function (thisArg, initializers, value) {
-    var useValue = arguments.length > 2;
-    for (var i = 0; i < initializers.length; i++) {
-        value = useValue ? initializers[i].call(thisArg, value) : initializers[i].call(thisArg);
-    }
-    return useValue ? value : void 0;
-};
-var __setFunctionName = (this && this.__setFunctionName) || function (f, name, prefix) {
-    if (typeof name === "symbol") name = name.description ? "[".concat(name.description, "]") : "";
-    return Object.defineProperty(f, "name", { configurable: true, value: prefix ? "".concat(prefix, " ", name) : name });
-};
 // https://github.com/microsoft/TypeScript/issues/58436
 const dec = (x, y, z, t) => (_, ctx) => { };
-const Foo = (() => {
-    let _static_field_decorators;
-    let _static_field_initializers = [];
-    let _static_field_extraInitializers = [];
-    let _static_accessor_decorators;
-    let _static_accessor_initializers = [];
-    let _static_accessor_extraInitializers = [];
-    let _field_decorators;
-    let _field_initializers = [];
-    let _field_extraInitializers = [];
-    let _accessor_decorators;
-    let _accessor_initializers = [];
-    let _accessor_extraInitializers = [];
-    return class {
-        static { __setFunctionName(this, "Foo"); }
-        static {
-            const _metadata = typeof Symbol === "function" && Symbol.metadata ? Object.create(null) : void 0;
-            _field_decorators = [dec(1, 3, 3, 1)];
-            _static_field_decorators = [dec(2, 2, 0, 0)];
-            _accessor_decorators = [dec(3, 1, 4, 1)];
-            _static_accessor_decorators = [dec(4, 0, 1, 0)];
-            __esDecorate(this, null, _static_accessor_decorators, { kind: "accessor", name: "accessor", static: true, private: false, access: { has: obj => "accessor" in obj, get: obj => obj.accessor, set: (obj, value) => { obj.accessor = value; } }, metadata: _metadata }, _static_accessor_initializers, _static_accessor_extraInitializers);
-            __esDecorate(this, null, _accessor_decorators, { kind: "accessor", name: "accessor", static: false, private: false, access: { has: obj => "accessor" in obj, get: obj => obj.accessor, set: (obj, value) => { obj.accessor = value; } }, metadata: _metadata }, _accessor_initializers, _accessor_extraInitializers);
-            __esDecorate(null, null, _static_field_decorators, { kind: "field", name: "field", static: true, private: false, access: { has: obj => "field" in obj, get: obj => obj.field, set: (obj, value) => { obj.field = value; } }, metadata: _metadata }, _static_field_initializers, _static_field_extraInitializers);
-            __esDecorate(null, null, _field_decorators, { kind: "field", name: "field", static: false, private: false, access: { has: obj => "field" in obj, get: obj => obj.field, set: (obj, value) => { obj.field = value; } }, metadata: _metadata }, _field_initializers, _field_extraInitializers);
-            if (_metadata) Object.defineProperty(this, Symbol.metadata, { enumerable: true, configurable: true, writable: true, value: _metadata });
-        }
-        static { this.field = __runInitializers(this, _static_field_initializers, void 0); }
-        #accessor_accessor_storage;
-        get accessor() { return this.#accessor_accessor_storage; }
-        set accessor(value) { this.#accessor_accessor_storage = value; }
-        static #accessor_1_accessor_storage = (__runInitializers(this, _static_field_extraInitializers), __runInitializers(this, _static_accessor_initializers, void 0));
-        static get accessor() { return this.#accessor_1_accessor_storage; }
-        static set accessor(value) { this.#accessor_1_accessor_storage = value; }
-        constructor() {
-            this.field = __runInitializers(this, _field_initializers, void 0);
-            this.#accessor_accessor_storage = (__runInitializers(this, _field_extraInitializers), __runInitializers(this, _accessor_initializers, void 0));
-            __runInitializers(this, _accessor_extraInitializers);
-        }
-        static {
-            __runInitializers(this, _static_accessor_extraInitializers);
-        }
-    };
-})();
+const Foo = class {
+};

</message>
<stacktrace>
  at org.junit.Assert.fail(Assert.java:89)
  at kotlin.test.junit.JUnitAsserter.fail(JUnitSupport.kt:56)
  at kotlin.test.AssertionsKt__AssertionsKt.fail(Assertions.kt:563)
  at kotlin.test.AssertionsKt.fail(Unknown Source)
  at com.xemantic.kotlin.test.SameAsKt.sameAs(SameAs.kt:52)
  at com.xemantic.typescript.compiler.TypeScriptTestSupportKt.sameAs(TypeScriptTestSupport.kt:99)
  at com.xemantic.typescript.compiler.TypeScriptCompilerTests_E.esDecoratorsClassFieldsCrash_ts compiles to JavaScript matching esDecoratorsClassFieldsCrash_js(TypeScriptCompilerTests_E.kt:3955)
  at java.base/jdk.internal.reflect.DirectMethodHandleAccessor.invoke(DirectMethodHandleAccessor.java:104)
  at java.base/java.lang.reflect.Method.invoke(Method.java:565)
  at org.junit.runners.model.FrameworkMethod$1.runReflectiveCall(FrameworkMethod.java:59)
  at org.junit.internal.runners.model.ReflectiveCallable.run(ReflectiveCallable.java:12)
  at org.junit.runners.model.FrameworkMethod.invokeExplosively(FrameworkMethod.java:56)
  at org.junit.internal.runners.statements.InvokeMethod.evaluate(InvokeMethod.java:17)
  at org.junit.runners.ParentRunner$3.evaluate(ParentRunner.java:306)
  at org.junit.runners.BlockJUnit4ClassRunner$1.evaluate(BlockJUnit4ClassRunner.java:100)
  at org.junit.runners.ParentRunner.runLeaf(ParentRunner.java:366)
  at org.junit.runners.BlockJUnit4ClassRunner.runChild(BlockJUnit4ClassRunner.java:103)
  at org.junit.runners.BlockJUnit4ClassRunner.runChild(BlockJUnit4ClassRunner.java:63)
  at org.junit.runners.ParentRunner$4.run(ParentRunner.java:331)
  at org.junit.runners.ParentRunner$1.schedule(ParentRunner.java:79)
  at org.junit.runners.ParentRunner.runChildren(ParentRunner.java:329)
  at org.junit.runners.ParentRunner.access$100(ParentRunner.java:66)
  at org.junit.runners.ParentRunner$2.evaluate(ParentRunner.java:293)
  at org.junit.runners.ParentRunner$3.evaluate(ParentRunner.java:306)
  at org.junit.runners.ParentRunner.run(ParentRunner.java:413)
  at org.junit.runner.JUnitCore.run(JUnitCore.java:137)
  at org.junit.runner.JUnitCore.run(JUnitCore.java:115)
  at org.gradle.api.internal.tasks.testing.junit.JUnitTestExecutor.runRequest(JUnitTestExecutor.java:175)
  at org.gradle.api.internal.tasks.testing.junit.JUnitTestExecutor.accept(JUnitTestExecutor.java:84)
  at org.gradle.api.internal.tasks.testing.junit.JUnitTestExecutor.accept(JUnitTestExecutor.java:47)
  at org.gradle.api.internal.tasks.testing.junit.AbstractJUnitTestDefinitionProcessor.processTestDefinition(AbstractJUnitTestDefinitionProcessor.java:65)
  at org.gradle.api.internal.tasks.testing.SuiteTestDefinitionProcessor.processTestDefinition(SuiteTestDefinitionProcessor.java:54)
  at java.base/jdk.internal.reflect.DirectMethodHandleAccessor.invoke(DirectMethodHandleAccessor.java:104)
  at java.base/java.lang.reflect.Method.invoke(Method.java:565)
  at org.gradle.internal.dispatch.MethodInvocation.invokeOn(MethodInvocation.java:77)
  at org.gradle.internal.dispatch.ReflectionDispatch.dispatch(ReflectionDispatch.java:28)
  at org.gradle.internal.dispatch.ReflectionDispatch.dispatch(ReflectionDispatch.java:19)
  at org.gradle.internal.dispatch.ContextClassLoaderDispatch.dispatch(ContextClassLoaderDispatch.java:33)
  at org.gradle.internal.dispatch.ProxyDispatchAdapter$DispatchingInvocationHandler.invoke(ProxyDispatchAdapter.java:88)
  at jdk.proxy1/jdk.proxy1.$Proxy4.processTestDefinition(Unknown Source)
  at org.gradle.api.internal.tasks.testing.worker.TestWorker$2.run(TestWorker.java:178)
  at org.gradle.api.internal.tasks.testing.worker.TestWorker.executeAndMaintainThreadName(TestWorker.java:126)
  at org.gradle.api.internal.tasks.testing.worker.TestWorker.execute(TestWorker.java:103)
  at org.gradle.api.internal.tasks.testing.worker.TestWorker.execute(TestWorker.java:63)
  at org.gradle.process.internal.worker.child.ActionExecutionWorker.execute(ActionExecutionWorker.java:56)
  at org.gradle.process.internal.worker.child.SystemApplicationClassLoaderWorker.call(SystemApplicationClassLoaderWorker.java:122)
  at org.gradle.process.internal.worker.child.SystemApplicationClassLoaderWorker.call(SystemApplicationClassLoaderWorker.java:72)
  at worker.org.gradle.process.internal.worker.GradleWorkerMain.run(GradleWorkerMain.java:69)
  at worker.org.gradle.process.internal.worker.GradleWorkerMain.main(GradleWorkerMain.java:74)
</stacktrace>
</test-failure>


TypeScriptCompilerTests_E[jvm] > esDecoratorsClassFieldsCrash_ts compiles to JavaScript matching esDecoratorsClassFieldsCrash_js[jvm] FAILED

<test-failure test="com.xemantic.typescript.compiler.TypeScriptCompilerTests_E.es6ImportDefaultBindingMergeErrors_ts__target_es5__has expected errors matching baseline" platform="jvm">
<message>
--- expected
+++ actual
@@ -1,7 +1,4 @@
 error TS5107: Option 'target=ES5' is deprecated and will stop functioning in TypeScript 7.0. Specify compilerOption '"ignoreDeprecations": "6.0"' to silence this error.
-es6ImportDefaultBindingMergeErrors_1.ts(5,8): error TS2440: Import declaration conflicts with local declaration of 'defaultBinding2'.
-es6ImportDefaultBindingMergeErrors_1.ts(7,8): error TS2300: Duplicate identifier 'defaultBinding3'.
-es6ImportDefaultBindingMergeErrors_1.ts(8,8): error TS2300: Duplicate identifier 'defaultBinding3'.
 
 
 !!! error TS5107: Option 'target=ES5' is deprecated and will stop functioning in TypeScript 7.0. Specify compilerOption '"ignoreDeprecations": "6.0"' to silence this error.
@@ -9,18 +6,12 @@
     var a = 10;
     export default a;
     
-==== es6ImportDefaultBindingMergeErrors_1.ts (3 errors) ====
+==== es6ImportDefaultBindingMergeErrors_1.ts (0 errors) ====
     import defaultBinding from "./es6ImportDefaultBindingMergeErrors_0";
     interface defaultBinding { // This is ok
     }
     var x = defaultBinding;
     import defaultBinding2 from "./es6ImportDefaultBindingMergeErrors_0"; // Should be error
-           ~~~~~~~~~~~~~~~
-!!! error TS2440: Import declaration conflicts with local declaration of 'defaultBinding2'.
     var defaultBinding2 = "hello world"; 
     import defaultBinding3 from "./es6ImportDefaultBindingMergeErrors_0"; // Should be error
-           ~~~~~~~~~~~~~~~
-!!! error TS2300: Duplicate identifier 'defaultBinding3'.
     import defaultBinding3 from "./es6ImportDefaultBindingMergeErrors_0"; // SHould be error
-           ~~~~~~~~~~~~~~~
-!!! error TS2300: Duplicate identifier 'defaultBinding3'.

</message>
<stacktrace>
  at org.junit.Assert.fail(Assert.java:89)
  at kotlin.test.junit.JUnitAsserter.fail(JUnitSupport.kt:56)
  at kotlin.test.AssertionsKt__AssertionsKt.fail(Assertions.kt:563)
  at kotlin.test.AssertionsKt.fail(Unknown Source)
  at com.xemantic.kotlin.test.SameAsKt.sameAs(SameAs.kt:52)
  at com.xemantic.typescript.compiler.TypeScriptTestSupportKt.errorsMatchBaseline(TypeScriptTestSupport.kt:135)
  at com.xemantic.typescript.compiler.TypeScriptCompilerTests_E.es6ImportDefaultBindingMergeErrors_ts__target_es5__has expected errors matching baseline(TypeScriptCompilerTests_E.kt:3374)
  at java.base/jdk.internal.reflect.DirectMethodHandleAccessor.invoke(DirectMethodHandleAccessor.java:104)
  at java.base/java.lang.reflect.Method.invoke(Method.java:565)
  at org.junit.runners.model.FrameworkMethod$1.runReflectiveCall(FrameworkMethod.java:59)
  at org.junit.internal.runners.model.ReflectiveCallable.run(ReflectiveCallable.java:12)
  at org.junit.runners.model.FrameworkMethod.invokeExplosively(FrameworkMethod.java:56)
  at org.junit.internal.runners.statements.InvokeMethod.evaluate(InvokeMethod.java:17)
  at org.junit.runners.ParentRunner$3.evaluate(ParentRunner.java:306)
  at org.junit.runners.BlockJUnit4ClassRunner$1.evaluate(BlockJUnit4ClassRunner.java:100)
  at org.junit.runners.ParentRunner.runLeaf(ParentRunner.java:366)
  at org.junit.runners.BlockJUnit4ClassRunner.runChild(BlockJUnit4ClassRunner.java:103)
  at org.junit.runners.BlockJUnit4ClassRunner.runChild(BlockJUnit4ClassRunner.java:63)
  at org.junit.runners.ParentRunner$4.run(ParentRunner.java:331)
  at org.junit.runners.ParentRunner$1.schedule(ParentRunner.java:79)
  at org.junit.runners.ParentRunner.runChildren(ParentRunner.java:329)
  at org.junit.runners.ParentRunner.access$100(ParentRunner.java:66)
  at org.junit.runners.ParentRunner$2.evaluate(ParentRunner.java:293)
  at org.junit.runners.ParentRunner$3.evaluate(ParentRunner.java:306)
  at org.junit.runners.ParentRunner.run(ParentRunner.java:413)
  at org.junit.runner.JUnitCore.run(JUnitCore.java:137)
  at org.junit.runner.JUnitCore.run(JUnitCore.java:115)
  at org.gradle.api.internal.tasks.testing.junit.JUnitTestExecutor.runRequest(JUnitTestExecutor.java:175)
  at org.gradle.api.internal.tasks.testing.junit.JUnitTestExecutor.accept(JUnitTestExecutor.java:84)
  at org.gradle.api.internal.tasks.testing.junit.JUnitTestExecutor.accept(JUnitTestExecutor.java:47)
  at org.gradle.api.internal.tasks.testing.junit.AbstractJUnitTestDefinitionProcessor.processTestDefinition(AbstractJUnitTestDefinitionProcessor.java:65)
  at org.gradle.api.internal.tasks.testing.SuiteTestDefinitionProcessor.processTestDefinition(SuiteTestDefinitionProcessor.java:54)
  at java.base/jdk.internal.reflect.DirectMethodHandleAccessor.invoke(DirectMethodHandleAccessor.java:104)
  at java.base/java.lang.reflect.Method.invoke(Method.java:565)
  at org.gradle.internal.dispatch.MethodInvocation.invokeOn(MethodInvocation.java:77)
  at org.gradle.internal.dispatch.ReflectionDispatch.dispatch(ReflectionDispatch.java:28)
  at org.gradle.internal.dispatch.ReflectionDispatch.dispatch(ReflectionDispatch.java:19)
  at org.gradle.internal.dispatch.ContextClassLoaderDispatch.dispatch(ContextClassLoaderDispatch.java:33)
  at org.gradle.internal.dispatch.ProxyDispatchAdapter$DispatchingInvocationHandler.invoke(ProxyDispatchAdapter.java:88)
  at jdk.proxy1/jdk.proxy1.$Proxy4.processTestDefinition(Unknown Source)
  at org.gradle.api.internal.tasks.testing.worker.TestWorker$2.run(TestWorker.java:178)
  at org.gradle.api.internal.tasks.testing.worker.TestWorker.executeAndMaintainThreadName(TestWorker.java:126)
  at org.gradle.api.internal.tasks.testing.worker.TestWorker.execute(TestWorker.java:103)
  at org.gradle.api.internal.tasks.testing.worker.TestWorker.execute(TestWorker.java:63)
  at org.gradle.process.internal.worker.child.ActionExecutionWorker.execute(ActionExecutionWorker.java:56)
  at org.gradle.process.internal.worker.child.SystemApplicationClassLoaderWorker.call(SystemApplicationClassLoaderWorker.java:122)
  at org.gradle.process.internal.worker.child.SystemApplicationClassLoaderWorker.call(SystemApplicationClassLoaderWorker.java:72)
  at worker.org.gradle.process.internal.worker.GradleWorkerMain.run(GradleWorkerMain.java:69)
  at worker.org.gradle.process.internal.worker.GradleWorkerMain.main(GradleWorkerMain.java:74)
</stacktrace>
</test-failure>


TypeScriptCompilerTests_E[jvm] > es6ImportDefaultBindingMergeErrors_ts__target_es5__has expected errors matching baseline[jvm] FAILED

<test-failure test="com.xemantic.typescript.compiler.TypeScriptCompilerTests_E.exportDeclarationsInAmbientNamespaces2_ts has expected errors matching exportDeclarationsInAmbientNamespaces2_errors_txt" platform="jvm">
<message>
Expected diagnostics from baseline typescript-repo/tests/baselines/reference/exportDeclarationsInAmbientNamespaces2.errors.txt but none produced
</message>
<stacktrace>
  at com.xemantic.typescript.compiler.TypeScriptTestSupportKt.errorsMatchBaseline(TypeScriptTestSupport.kt:125)
  at com.xemantic.typescript.compiler.TypeScriptCompilerTests_E.exportDeclarationsInAmbientNamespaces2_ts has expected errors matching exportDeclarationsInAmbientNamespaces2_errors_txt(TypeScriptCompilerTests_E.kt:4970)
  at java.base/jdk.internal.reflect.DirectMethodHandleAccessor.invoke(DirectMethodHandleAccessor.java:104)
  at java.base/java.lang.reflect.Method.invoke(Method.java:565)
  at org.junit.runners.model.FrameworkMethod$1.runReflectiveCall(FrameworkMethod.java:59)
  at org.junit.internal.runners.model.ReflectiveCallable.run(ReflectiveCallable.java:12)
  at org.junit.runners.model.FrameworkMethod.invokeExplosively(FrameworkMethod.java:56)
  at org.junit.internal.runners.statements.InvokeMethod.evaluate(InvokeMethod.java:17)
  at org.junit.runners.ParentRunner$3.evaluate(ParentRunner.java:306)
  at org.junit.runners.BlockJUnit4ClassRunner$1.evaluate(BlockJUnit4ClassRunner.java:100)
  at org.junit.runners.ParentRunner.runLeaf(ParentRunner.java:366)
  at org.junit.runners.BlockJUnit4ClassRunner.runChild(BlockJUnit4ClassRunner.java:103)
  at org.junit.runners.BlockJUnit4ClassRunner.runChild(BlockJUnit4ClassRunner.java:63)
  at org.junit.runners.ParentRunner$4.run(ParentRunner.java:331)
  at org.junit.runners.ParentRunner$1.schedule(ParentRunner.java:79)
  at org.junit.runners.ParentRunner.runChildren(ParentRunner.java:329)
  at org.junit.runners.ParentRunner.access$100(ParentRunner.java:66)
  at org.junit.runners.ParentRunner$2.evaluate(ParentRunner.java:293)
  at org.junit.runners.ParentRunner$3.evaluate(ParentRunner.java:306)
  at org.junit.runners.ParentRunner.run(ParentRunner.java:413)
  at org.junit.runner.JUnitCore.run(JUnitCore.java:137)
  at org.junit.runner.JUnitCore.run(JUnitCore.java:115)
  at org.gradle.api.internal.tasks.testing.junit.JUnitTestExecutor.runRequest(JUnitTestExecutor.java:175)
  at org.gradle.api.internal.tasks.testing.junit.JUnitTestExecutor.accept(JUnitTestExecutor.java:84)
  at org.gradle.api.internal.tasks.testing.junit.JUnitTestExecutor.accept(JUnitTestExecutor.java:47)
  at org.gradle.api.internal.tasks.testing.junit.AbstractJUnitTestDefinitionProcessor.processTestDefinition(AbstractJUnitTestDefinitionProcessor.java:65)
  at org.gradle.api.internal.tasks.testing.SuiteTestDefinitionProcessor.processTestDefinition(SuiteTestDefinitionProcessor.java:54)
  at java.base/jdk.internal.reflect.DirectMethodHandleAccessor.invoke(DirectMethodHandleAccessor.java:104)
  at java.base/java.lang.reflect.Method.invoke(Method.java:565)
  at org.gradle.internal.dispatch.MethodInvocation.invokeOn(MethodInvocation.java:77)
  at org.gradle.internal.dispatch.ReflectionDispatch.dispatch(ReflectionDispatch.java:28)
  at org.gradle.internal.dispatch.ReflectionDispatch.dispatch(ReflectionDispatch.java:19)
  at org.gradle.internal.dispatch.ContextClassLoaderDispatch.dispatch(ContextClassLoaderDispatch.java:33)
  at org.gradle.internal.dispatch.ProxyDispatchAdapter$DispatchingInvocationHandler.invoke(ProxyDispatchAdapter.java:88)
  at jdk.proxy1/jdk.proxy1.$Proxy4.processTestDefinition(Unknown Source)
  at org.gradle.api.internal.tasks.testing.worker.TestWorker$2.run(TestWorker.java:178)
  at org.gradle.api.internal.tasks.testing.worker.TestWorker.executeAndMaintainThreadName(TestWorker.java:126)
  at org.gradle.api.internal.tasks.testing.worker.TestWorker.execute(TestWorker.java:103)
  at org.gradle.api.internal.tasks.testing.worker.TestWorker.execute(TestWorker.java:63)
  at org.gradle.process.internal.worker.child.ActionExecutionWorker.execute(ActionExecutionWorker.java:56)
  at org.gradle.process.internal.worker.child.SystemApplicationClassLoaderWorker.call(SystemApplicationClassLoaderWorker.java:122)
  at org.gradle.process.internal.worker.child.SystemApplicationClassLoaderWorker.call(SystemApplicationClassLoaderWorker.java:72)
  at worker.org.gradle.process.internal.worker.GradleWorkerMain.run(GradleWorkerMain.java:69)
  at worker.org.gradle.process.internal.worker.GradleWorkerMain.main(GradleWorkerMain.java:74)
</stacktrace>
</test-failure>


TypeScriptCompilerTests_E[jvm] > exportDeclarationsInAmbientNamespaces2_ts has expected errors matching exportDeclarationsInAmbientNamespaces2_errors_txt[jvm] FAILED

<test-failure test="com.xemantic.typescript.compiler.TypeScriptCompilerTests_E.excessPropertiesInOverloads_ts has expected errors matching excessPropertiesInOverloads_errors_txt" platform="jvm">
<message>
Expected diagnostics from baseline typescript-repo/tests/baselines/reference/excessPropertiesInOverloads.errors.txt but none produced
</message>
<stacktrace>
  at com.xemantic.typescript.compiler.TypeScriptTestSupportKt.errorsMatchBaseline(TypeScriptTestSupport.kt:125)
  at com.xemantic.typescript.compiler.TypeScriptCompilerTests_E.excessPropertiesInOverloads_ts has expected errors matching excessPropertiesInOverloads_errors_txt(TypeScriptCompilerTests_E.kt:4249)
  at java.base/jdk.internal.reflect.DirectMethodHandleAccessor.invoke(DirectMethodHandleAccessor.java:104)
  at java.base/java.lang.reflect.Method.invoke(Method.java:565)
  at org.junit.runners.model.FrameworkMethod$1.runReflectiveCall(FrameworkMethod.java:59)
  at org.junit.internal.runners.model.ReflectiveCallable.run(ReflectiveCallable.java:12)
  at org.junit.runners.model.FrameworkMethod.invokeExplosively(FrameworkMethod.java:56)
  at org.junit.internal.runners.statements.InvokeMethod.evaluate(InvokeMethod.java:17)
  at org.junit.runners.ParentRunner$3.evaluate(ParentRunner.java:306)
  at org.junit.runners.BlockJUnit4ClassRunner$1.evaluate(BlockJUnit4ClassRunner.java:100)
  at org.junit.runners.ParentRunner.runLeaf(ParentRunner.java:366)
  at org.junit.runners.BlockJUnit4ClassRunner.runChild(BlockJUnit4ClassRunner.java:103)
  at org.junit.runners.BlockJUnit4ClassRunner.runChild(BlockJUnit4ClassRunner.java:63)
  at org.junit.runners.ParentRunner$4.run(ParentRunner.java:331)
  at org.junit.runners.ParentRunner$1.schedule(ParentRunner.java:79)
  at org.junit.runners.ParentRunner.runChildren(ParentRunner.java:329)
  at org.junit.runners.ParentRunner.access$100(ParentRunner.java:66)
  at org.junit.runners.ParentRunner$2.evaluate(ParentRunner.java:293)
  at org.junit.runners.ParentRunner$3.evaluate(ParentRunner.java:306)
  at org.junit.runners.ParentRunner.run(ParentRunner.java:413)
  at org.junit.runner.JUnitCore.run(JUnitCore.java:137)
  at org.junit.runner.JUnitCore.run(JUnitCore.java:115)
  at org.gradle.api.internal.tasks.testing.junit.JUnitTestExecutor.runRequest(JUnitTestExecutor.java:175)
  at org.gradle.api.internal.tasks.testing.junit.JUnitTestExecutor.accept(JUnitTestExecutor.java:84)
  at org.gradle.api.internal.tasks.testing.junit.JUnitTestExecutor.accept(JUnitTestExecutor.java:47)
  at org.gradle.api.internal.tasks.testing.junit.AbstractJUnitTestDefinitionProcessor.processTestDefinition(AbstractJUnitTestDefinitionProcessor.java:65)
  at org.gradle.api.internal.tasks.testing.SuiteTestDefinitionProcessor.processTestDefinition(SuiteTestDefinitionProcessor.java:54)
  at java.base/jdk.internal.reflect.DirectMethodHandleAccessor.invoke(DirectMethodHandleAccessor.java:104)
  at java.base/java.lang.reflect.Method.invoke(Method.java:565)
  at org.gradle.internal.dispatch.MethodInvocation.invokeOn(MethodInvocation.java:77)
  at org.gradle.internal.dispatch.ReflectionDispatch.dispatch(ReflectionDispatch.java:28)
  at org.gradle.internal.dispatch.ReflectionDispatch.dispatch(ReflectionDispatch.java:19)
  at org.gradle.internal.dispatch.ContextClassLoaderDispatch.dispatch(ContextClassLoaderDispatch.java:33)
  at org.gradle.internal.dispatch.ProxyDispatchAdapter$DispatchingInvocationHandler.invoke(ProxyDispatchAdapter.java:88)
  at jdk.proxy1/jdk.proxy1.$Proxy4.processTestDefinition(Unknown Source)
  at org.gradle.api.internal.tasks.testing.worker.TestWorker$2.run(TestWorker.java:178)
  at org.gradle.api.internal.tasks.testing.worker.TestWorker.executeAndMaintainThreadName(TestWorker.java:126)
  at org.gradle.api.internal.tasks.testing.worker.TestWorker.execute(TestWorker.java:103)
  at org.gradle.api.internal.tasks.testing.worker.TestWorker.execute(TestWorker.java:63)
  at org.gradle.process.internal.worker.child.ActionExecutionWorker.execute(ActionExecutionWorker.java:56)
  at org.gradle.process.internal.worker.child.SystemApplicationClassLoaderWorker.call(SystemApplicationClassLoaderWorker.java:122)
  at org.gradle.process.internal.worker.child.SystemApplicationClassLoaderWorker.call(SystemApplicationClassLoaderWorker.java:72)
  at worker.org.gradle.process.internal.worker.GradleWorkerMain.run(GradleWorkerMain.java:69)
  at worker.org.gradle.process.internal.worker.GradleWorkerMain.main(GradleWorkerMain.java:74)
</stacktrace>
</test-failure>


TypeScriptCompilerTests_E[jvm] > excessPropertiesInOverloads_ts has expected errors matching excessPropertiesInOverloads_errors_txt[jvm] FAILED

<test-failure test="com.xemantic.typescript.compiler.TypeScriptCompilerTests_E.emitDecoratorMetadata_isolatedModules_ts__module_esnext__has expected errors matching baseline" platform="jvm">
<message>
--- expected
+++ actual
@@ -1,6 +1,5 @@
-index.ts(9,23): error TS1272: A type referenced in a decorated signature must be imported with 'import type' or a namespace import when 'isolatedModules' and 'emitDecoratorMetadata' are enabled.
-index.ts(15,8): error TS1272: A type referenced in a decorated signature must be imported with 'import type' or a namespace import when 'isolatedModules' and 'emitDecoratorMetadata' are enabled.
-index.ts(24,28): error TS1272: A type referenced in a decorated signature must be imported with 'import type' or a namespace import when 'isolatedModules' and 'emitDecoratorMetadata' are enabled.
+index.ts(18,14): error TS2694: Namespace '"index".t1' has no exported member 'T1'.
+index.ts(24,33): error TS2322: Type 'undefined' is not assignable to type 'T1'.
 
 
 ==== type1.ts (0 errors) ====
@@ -13,7 +12,7 @@
 ==== class3.ts (0 errors) ====
     export class C3 {}
     
-==== index.ts (3 errors) ====
+==== index.ts (2 errors) ====
     import { T1 } from "./type1";
     import * as t1 from "./type1";
     import type { T2 } from "./type2";
@@ -23,28 +22,23 @@
     class HelloWorld {
       @EventListener('1')
       handleEvent1(event: T1) {} // Error
-                          ~~
-!!! error TS1272: A type referenced in a decorated signature must be imported with 'import type' or a namespace import when 'isolatedModules' and 'emitDecoratorMetadata' are enabled.
-!!! related TS1376 index.ts:1:10: 'T1' was imported here.
       
       @EventListener('2')
       handleEvent2(event: T2) {} // Ok
     
       @EventListener('1')
       p1!: T1; // Error
-           ~~
-!!! error TS1272: A type referenced in a decorated signature must be imported with 'import type' or a namespace import when 'isolatedModules' and 'emitDecoratorMetadata' are enabled.
-!!! related TS1376 index.ts:1:10: 'T1' was imported here.
     
       @EventListener('1')
       p1_ns!: t1.T1; // Ok
+                 ~~
+!!! error TS2694: Namespace '"index".t1' has no exported member 'T1'.
     
       @EventListener('2')
       p2!: T2; // Ok
     
       @EventListener('3')
       handleEvent3(event: C3): T1 { return undefined! } // Ok, Error
-                               ~~
-!!! error TS1272: A type referenced in a decorated signature must be imported with 'import type' or a namespace import when 'isolatedModules' and 'emitDecoratorMetadata' are enabled.
-!!! related TS1376 index.ts:1:10: 'T1' was imported here.
+                                    ~~~~~~
+!!! error TS2322: Type 'undefined' is not assignable to type 'T1'.
     }

</message>
<stacktrace>
  at org.junit.Assert.fail(Assert.java:89)
  at kotlin.test.junit.JUnitAsserter.fail(JUnitSupport.kt:56)
  at kotlin.test.AssertionsKt__AssertionsKt.fail(Assertions.kt:563)
  at kotlin.test.AssertionsKt.fail(Unknown Source)
  at com.xemantic.kotlin.test.SameAsKt.sameAs(SameAs.kt:52)
  at com.xemantic.typescript.compiler.TypeScriptTestSupportKt.errorsMatchBaseline(TypeScriptTestSupport.kt:135)
  at com.xemantic.typescript.compiler.TypeScriptCompilerTests_E.emitDecoratorMetadata_isolatedModules_ts__module_esnext__has expected errors matching baseline(TypeScriptCompilerTests_E.kt:308)
  at java.base/jdk.internal.reflect.DirectMethodHandleAccessor.invoke(DirectMethodHandleAccessor.java:104)
  at java.base/java.lang.reflect.Method.invoke(Method.java:565)
  at org.junit.runners.model.FrameworkMethod$1.runReflectiveCall(FrameworkMethod.java:59)
  at org.junit.internal.runners.model.ReflectiveCallable.run(ReflectiveCallable.java:12)
  at org.junit.runners.model.FrameworkMethod.invokeExplosively(FrameworkMethod.java:56)
  at org.junit.internal.runners.statements.InvokeMethod.evaluate(InvokeMethod.java:17)
  at org.junit.runners.ParentRunner$3.evaluate(ParentRunner.java:306)
  at org.junit.runners.BlockJUnit4ClassRunner$1.evaluate(BlockJUnit4ClassRunner.java:100)
  at org.junit.runners.ParentRunner.runLeaf(ParentRunner.java:366)
  at org.junit.runners.BlockJUnit4ClassRunner.runChild(BlockJUnit4ClassRunner.java:103)
  at org.junit.runners.BlockJUnit4ClassRunner.runChild(BlockJUnit4ClassRunner.java:63)
  at org.junit.runners.ParentRunner$4.run(ParentRunner.java:331)
  at org.junit.runners.ParentRunner$1.schedule(ParentRunner.java:79)
  at org.junit.runners.ParentRunner.runChildren(ParentRunner.java:329)
  at org.junit.runners.ParentRunner.access$100(ParentRunner.java:66)
  at org.junit.runners.ParentRunner$2.evaluate(ParentRunner.java:293)
  at org.junit.runners.ParentRunner$3.evaluate(ParentRunner.java:306)
  at org.junit.runners.ParentRunner.run(ParentRunner.java:413)
  at org.junit.runner.JUnitCore.run(JUnitCore.java:137)
  at org.junit.runner.JUnitCore.run(JUnitCore.java:115)
  at org.gradle.api.internal.tasks.testing.junit.JUnitTestExecutor.runRequest(JUnitTestExecutor.java:175)
  at org.gradle.api.internal.tasks.testing.junit.JUnitTestExecutor.accept(JUnitTestExecutor.java:84)
  at org.gradle.api.internal.tasks.testing.junit.JUnitTestExecutor.accept(JUnitTestExecutor.java:47)
  at org.gradle.api.internal.tasks.testing.junit.AbstractJUnitTestDefinitionProcessor.processTestDefinition(AbstractJUnitTestDefinitionProcessor.java:65)
  at org.gradle.api.internal.tasks.testing.SuiteTestDefinitionProcessor.processTestDefinition(SuiteTestDefinitionProcessor.java:54)
  at java.base/jdk.internal.reflect.DirectMethodHandleAccessor.invoke(DirectMethodHandleAccessor.java:104)
  at java.base/java.lang.reflect.Method.invoke(Method.java:565)
  at org.gradle.internal.dispatch.MethodInvocation.invokeOn(MethodInvocation.java:77)
  at org.gradle.internal.dispatch.ReflectionDispatch.dispatch(ReflectionDispatch.java:28)
  at org.gradle.internal.dispatch.ReflectionDispatch.dispatch(ReflectionDispatch.java:19)
  at org.gradle.internal.dispatch.ContextClassLoaderDispatch.dispatch(ContextClassLoaderDispatch.java:33)
  at org.gradle.internal.dispatch.ProxyDispatchAdapter$DispatchingInvocationHandler.invoke(ProxyDispatchAdapter.java:88)
  at jdk.proxy1/jdk.proxy1.$Proxy4.processTestDefinition(Unknown Source)
  at org.gradle.api.internal.tasks.testing.worker.TestWorker$2.run(TestWorker.java:178)
  at org.gradle.api.internal.tasks.testing.worker.TestWorker.executeAndMaintainThreadName(TestWorker.java:126)
  at org.gradle.api.internal.tasks.testing.worker.TestWorker.execute(TestWorker.java:103)
  at org.gradle.api.internal.tasks.testing.worker.TestWorker.execute(TestWorker.java:63)
  at org.gradle.process.internal.worker.child.ActionExecutionWorker.execute(ActionExecutionWorker.java:56)
  at org.gradle.process.internal.worker.child.SystemApplicationClassLoaderWorker.call(SystemApplicationClassLoaderWorker.java:122)
  at org.gradle.process.internal.worker.child.SystemApplicationClassLoaderWorker.call(SystemApplicationClassLoaderWorker.java:72)
  at worker.org.gradle.process.internal.worker.GradleWorkerMain.run(GradleWorkerMain.java:69)
  at worker.org.gradle.process.internal.worker.GradleWorkerMain.main(GradleWorkerMain.java:74)
</stacktrace>
</test-failure>


TypeScriptCompilerTests_E[jvm] > emitDecoratorMetadata_isolatedModules_ts__module_esnext__has expected errors matching baseline[jvm] FAILED

<test-failure test="com.xemantic.typescript.compiler.TypeScriptCompilerTests_E.errorMessagesIntersectionTypes03_ts has expected errors matching errorMessagesIntersectionTypes03_errors_txt" platform="jvm">
<message>
Expected diagnostics from baseline typescript-repo/tests/baselines/reference/errorMessagesIntersectionTypes03.errors.txt but none produced
</message>
<stacktrace>
  at com.xemantic.typescript.compiler.TypeScriptTestSupportKt.errorsMatchBaseline(TypeScriptTestSupport.kt:125)
  at com.xemantic.typescript.compiler.TypeScriptCompilerTests_E.errorMessagesIntersectionTypes03_ts has expected errors matching errorMessagesIntersectionTypes03_errors_txt(TypeScriptCompilerTests_E.kt:1519)
  at java.base/jdk.internal.reflect.DirectMethodHandleAccessor.invoke(DirectMethodHandleAccessor.java:104)
  at java.base/java.lang.reflect.Method.invoke(Method.java:565)
  at org.junit.runners.model.FrameworkMethod$1.runReflectiveCall(FrameworkMethod.java:59)
  at org.junit.internal.runners.model.ReflectiveCallable.run(ReflectiveCallable.java:12)
  at org.junit.runners.model.FrameworkMethod.invokeExplosively(FrameworkMethod.java:56)
  at org.junit.internal.runners.statements.InvokeMethod.evaluate(InvokeMethod.java:17)
  at org.junit.runners.ParentRunner$3.evaluate(ParentRunner.java:306)
  at org.junit.runners.BlockJUnit4ClassRunner$1.evaluate(BlockJUnit4ClassRunner.java:100)
  at org.junit.runners.ParentRunner.runLeaf(ParentRunner.java:366)
  at org.junit.runners.BlockJUnit4ClassRunner.runChild(BlockJUnit4ClassRunner.java:103)
  at org.junit.runners.BlockJUnit4ClassRunner.runChild(BlockJUnit4ClassRunner.java:63)
  at org.junit.runners.ParentRunner$4.run(ParentRunner.java:331)
  at org.junit.runners.ParentRunner$1.schedule(ParentRunner.java:79)
  at org.junit.runners.ParentRunner.runChildren(ParentRunner.java:329)
  at org.junit.runners.ParentRunner.access$100(ParentRunner.java:66)
  at org.junit.runners.ParentRunner$2.evaluate(ParentRunner.java:293)
  at org.junit.runners.ParentRunner$3.evaluate(ParentRunner.java:306)
  at org.junit.runners.ParentRunner.run(ParentRunner.java:413)
  at org.junit.runner.JUnitCore.run(JUnitCore.java:137)
  at org.junit.runner.JUnitCore.run(JUnitCore.java:115)
  at org.gradle.api.internal.tasks.testing.junit.JUnitTestExecutor.runRequest(JUnitTestExecutor.java:175)
  at org.gradle.api.internal.tasks.testing.junit.JUnitTestExecutor.accept(JUnitTestExecutor.java:84)
  at org.gradle.api.internal.tasks.testing.junit.JUnitTestExecutor.accept(JUnitTestExecutor.java:47)
  at org.gradle.api.internal.tasks.testing.junit.AbstractJUnitTestDefinitionProcessor.processTestDefinition(AbstractJUnitTestDefinitionProcessor.java:65)
  at org.gradle.api.internal.tasks.testing.SuiteTestDefinitionProcessor.processTestDefinition(SuiteTestDefinitionProcessor.java:54)
  at java.base/jdk.internal.reflect.DirectMethodHandleAccessor.invoke(DirectMethodHandleAccessor.java:104)
  at java.base/java.lang.reflect.Method.invoke(Method.java:565)
  at org.gradle.internal.dispatch.MethodInvocation.invokeOn(MethodInvocation.java:77)
  at org.gradle.internal.dispatch.ReflectionDispatch.dispatch(ReflectionDispatch.java:28)
  at org.gradle.internal.dispatch.ReflectionDispatch.dispatch(ReflectionDispatch.java:19)
  at org.gradle.internal.dispatch.ContextClassLoaderDispatch.dispatch(ContextClassLoaderDispatch.java:33)
  at org.gradle.internal.dispatch.ProxyDispatchAdapter$DispatchingInvocationHandler.invoke(ProxyDispatchAdapter.java:88)
  at jdk.proxy1/jdk.proxy1.$Proxy4.processTestDefinition(Unknown Source)
  at org.gradle.api.internal.tasks.testing.worker.TestWorker$2.run(TestWorker.java:178)
  at org.gradle.api.internal.tasks.testing.worker.TestWorker.executeAndMaintainThreadName(TestWorker.java:126)
  at org.gradle.api.internal.tasks.testing.worker.TestWorker.execute(TestWorker.java:103)
  at org.gradle.api.internal.tasks.testing.worker.TestWorker.execute(TestWorker.java:63)
  at org.gradle.process.internal.worker.child.ActionExecutionWorker.execute(ActionExecutionWorker.java:56)
  at org.gradle.process.internal.worker.child.SystemApplicationClassLoaderWorker.call(SystemApplicationClassLoaderWorker.java:122)
  at org.gradle.process.internal.worker.child.SystemApplicationClassLoaderWorker.call(SystemApplicationClassLoaderWorker.java:72)
  at worker.org.gradle.process.internal.worker.GradleWorkerMain.run(GradleWorkerMain.java:69)
  at worker.org.gradle.process.internal.worker.GradleWorkerMain.main(GradleWorkerMain.java:74)
</stacktrace>
</test-failure>


TypeScriptCompilerTests_E[jvm] > errorMessagesIntersectionTypes03_ts has expected errors matching errorMessagesIntersectionTypes03_errors_txt[jvm] FAILED

<test-failure test="com.xemantic.typescript.compiler.TypeScriptCompilerTests_E.enumPropertyAccessBeforeInitalisation_ts has expected errors matching enumPropertyAccessBeforeInitalisation_errors_txt" platform="jvm">
<message>
Expected diagnostics from baseline typescript-repo/tests/baselines/reference/enumPropertyAccessBeforeInitalisation.errors.txt but none produced
</message>
<stacktrace>
  at com.xemantic.typescript.compiler.TypeScriptTestSupportKt.errorsMatchBaseline(TypeScriptTestSupport.kt:125)
  at com.xemantic.typescript.compiler.TypeScriptCompilerTests_E.enumPropertyAccessBeforeInitalisation_ts has expected errors matching enumPropertyAccessBeforeInitalisation_errors_txt(TypeScriptCompilerTests_E.kt:1043)
  at java.base/jdk.internal.reflect.DirectMethodHandleAccessor.invoke(DirectMethodHandleAccessor.java:104)
  at java.base/java.lang.reflect.Method.invoke(Method.java:565)
  at org.junit.runners.model.FrameworkMethod$1.runReflectiveCall(FrameworkMethod.java:59)
  at org.junit.internal.runners.model.ReflectiveCallable.run(ReflectiveCallable.java:12)
  at org.junit.runners.model.FrameworkMethod.invokeExplosively(FrameworkMethod.java:56)
  at org.junit.internal.runners.statements.InvokeMethod.evaluate(InvokeMethod.java:17)
  at org.junit.runners.ParentRunner$3.evaluate(ParentRunner.java:306)
  at org.junit.runners.BlockJUnit4ClassRunner$1.evaluate(BlockJUnit4ClassRunner.java:100)
  at org.junit.runners.ParentRunner.runLeaf(ParentRunner.java:366)
  at org.junit.runners.BlockJUnit4ClassRunner.runChild(BlockJUnit4ClassRunner.java:103)
  at org.junit.runners.BlockJUnit4ClassRunner.runChild(BlockJUnit4ClassRunner.java:63)
  at org.junit.runners.ParentRunner$4.run(ParentRunner.java:331)
  at org.junit.runners.ParentRunner$1.schedule(ParentRunner.java:79)
  at org.junit.runners.ParentRunner.runChildren(ParentRunner.java:329)
  at org.junit.runners.ParentRunner.access$100(ParentRunner.java:66)
  at org.junit.runners.ParentRunner$2.evaluate(ParentRunner.java:293)
  at org.junit.runners.ParentRunner$3.evaluate(ParentRunner.java:306)
  at org.junit.runners.ParentRunner.run(ParentRunner.java:413)
  at org.junit.runner.JUnitCore.run(JUnitCore.java:137)
  at org.junit.runner.JUnitCore.run(JUnitCore.java:115)
  at org.gradle.api.internal.tasks.testing.junit.JUnitTestExecutor.runRequest(JUnitTestExecutor.java:175)
  at org.gradle.api.internal.tasks.testing.junit.JUnitTestExecutor.accept(JUnitTestExecutor.java:84)
  at org.gradle.api.internal.tasks.testing.junit.JUnitTestExecutor.accept(JUnitTestExecutor.java:47)
  at org.gradle.api.internal.tasks.testing.junit.AbstractJUnitTestDefinitionProcessor.processTestDefinition(AbstractJUnitTestDefinitionProcessor.java:65)
  at org.gradle.api.internal.tasks.testing.SuiteTestDefinitionProcessor.processTestDefinition(SuiteTestDefinitionProcessor.java:54)
  at java.base/jdk.internal.reflect.DirectMethodHandleAccessor.invoke(DirectMethodHandleAccessor.java:104)
  at java.base/java.lang.reflect.Method.invoke(Method.java:565)
  at org.gradle.internal.dispatch.MethodInvocation.invokeOn(MethodInvocation.java:77)
  at org.gradle.internal.dispatch.ReflectionDispatch.dispatch(ReflectionDispatch.java:28)
  at org.gradle.internal.dispatch.ReflectionDispatch.dispatch(ReflectionDispatch.java:19)
  at org.gradle.internal.dispatch.ContextClassLoaderDispatch.dispatch(ContextClassLoaderDispatch.java:33)
  at org.gradle.internal.dispatch.ProxyDispatchAdapter$DispatchingInvocationHandler.invoke(ProxyDispatchAdapter.java:88)
  at jdk.proxy1/jdk.proxy1.$Proxy4.processTestDefinition(Unknown Source)
  at org.gradle.api.internal.tasks.testing.worker.TestWorker$2.run(TestWorker.java:178)
  at org.gradle.api.internal.tasks.testing.worker.TestWorker.executeAndMaintainThreadName(TestWorker.java:126)
  at org.gradle.api.internal.tasks.testing.worker.TestWorker.execute(TestWorker.java:103)
  at org.gradle.api.internal.tasks.testing.worker.TestWorker.execute(TestWorker.java:63)
  at org.gradle.process.internal.worker.child.ActionExecutionWorker.execute(ActionExecutionWorker.java:56)
  at org.gradle.process.internal.worker.child.SystemApplicationClassLoaderWorker.call(SystemApplicationClassLoaderWorker.java:122)
  at org.gradle.process.internal.worker.child.SystemApplicationClassLoaderWorker.call(SystemApplicationClassLoaderWorker.java:72)
  at worker.org.gradle.process.internal.worker.GradleWorkerMain.run(GradleWorkerMain.java:69)
  at worker.org.gradle.process.internal.worker.GradleWorkerMain.main(GradleWorkerMain.java:74)
</stacktrace>
</test-failure>


TypeScriptCompilerTests_E[jvm] > enumPropertyAccessBeforeInitalisation_ts has expected errors matching enumPropertyAccessBeforeInitalisation_errors_txt[jvm] FAILED

<test-failure test="com.xemantic.typescript.compiler.TypeScriptCompilerTests_E.es6ImportDefaultBindingFollowedWithNamedImportDts1_ts__target_es5__has expected errors matching baseline" platform="jvm">
<message>
--- expected
+++ actual
@@ -1,10 +1,4 @@
 error TS5107: Option 'target=ES5' is deprecated and will stop functioning in TypeScript 7.0. Specify compilerOption '"ignoreDeprecations": "6.0"' to silence this error.
-client.ts(3,27): error TS2614: Module '"./server"' has no exported member 'a'. Did you mean to use 'import a from "./server"' instead?
-client.ts(5,27): error TS2614: Module '"./server"' has no exported member 'a'. Did you mean to use 'import a from "./server"' instead?
-client.ts(7,27): error TS2614: Module '"./server"' has no exported member 'x'. Did you mean to use 'import x from "./server"' instead?
-client.ts(7,30): error TS2614: Module '"./server"' has no exported member 'a'. Did you mean to use 'import a from "./server"' instead?
-client.ts(9,27): error TS2614: Module '"./server"' has no exported member 'x'. Did you mean to use 'import x from "./server"' instead?
-client.ts(11,27): error TS2614: Module '"./server"' has no exported member 'm'. Did you mean to use 'import m from "./server"' instead?
 
 
 !!! error TS5107: Option 'target=ES5' is deprecated and will stop functioning in TypeScript 7.0. Specify compilerOption '"ignoreDeprecations": "6.0"' to silence this error.
@@ -12,28 +6,16 @@
     class a { }
     export default a;
     
-==== client.ts (6 errors) ====
+==== client.ts (0 errors) ====
     import defaultBinding1, { } from "./server";
     export var x1 = new defaultBinding1();
     import defaultBinding2, { a } from "./server";
-                              ~
-!!! error TS2614: Module '"./server"' has no exported member 'a'. Did you mean to use 'import a from "./server"' instead?
     export var x2 = new defaultBinding2();
     import defaultBinding3, { a as b } from "./server";
-                              ~
-!!! error TS2614: Module '"./server"' has no exported member 'a'. Did you mean to use 'import a from "./server"' instead?
     export var x3 = new defaultBinding3();
     import defaultBinding4, { x, a as y } from "./server";
-                              ~
-!!! error TS2614: Module '"./server"' has no exported member 'x'. Did you mean to use 'import x from "./server"' instead?
-                                 ~
-!!! error TS2614: Module '"./server"' has no exported member 'a'. Did you mean to use 'import a from "./server"' instead?
     export var x4 = new defaultBinding4();
     import defaultBinding5, { x as z,  } from "./server";
-                              ~
-!!! error TS2614: Module '"./server"' has no exported member 'x'. Did you mean to use 'import x from "./server"' instead?
     export var x5 = new defaultBinding5();
     import defaultBinding6, { m,  } from "./server";
-                              ~
-!!! error TS2614: Module '"./server"' has no exported member 'm'. Did you mean to use 'import m from "./server"' instead?
     export var x6 = new defaultBinding6();

</message>
<stacktrace>
  at org.junit.Assert.fail(Assert.java:89)
  at kotlin.test.junit.JUnitAsserter.fail(JUnitSupport.kt:56)
  at kotlin.test.AssertionsKt__AssertionsKt.fail(Assertions.kt:563)
  at kotlin.test.AssertionsKt.fail(Unknown Source)
  at com.xemantic.kotlin.test.SameAsKt.sameAs(SameAs.kt:52)
  at com.xemantic.typescript.compiler.TypeScriptTestSupportKt.errorsMatchBaseline(TypeScriptTestSupport.kt:135)
  at com.xemantic.typescript.compiler.TypeScriptCompilerTests_E.es6ImportDefaultBindingFollowedWithNamedImportDts1_ts__target_es5__has expected errors matching baseline(TypeScriptCompilerTests_E.kt:3185)
  at java.base/jdk.internal.reflect.DirectMethodHandleAccessor.invoke(DirectMethodHandleAccessor.java:104)
  at java.base/java.lang.reflect.Method.invoke(Method.java:565)
  at org.junit.runners.model.FrameworkMethod$1.runReflectiveCall(FrameworkMethod.java:59)
  at org.junit.internal.runners.model.ReflectiveCallable.run(ReflectiveCallable.java:12)
  at org.junit.runners.model.FrameworkMethod.invokeExplosively(FrameworkMethod.java:56)
  at org.junit.internal.runners.statements.InvokeMethod.evaluate(InvokeMethod.java:17)
  at org.junit.runners.ParentRunner$3.evaluate(ParentRunner.java:306)
  at org.junit.runners.BlockJUnit4ClassRunner$1.evaluate(BlockJUnit4ClassRunner.java:100)
  at org.junit.runners.ParentRunner.runLeaf(ParentRunner.java:366)
  at org.junit.runners.BlockJUnit4ClassRunner.runChild(BlockJUnit4ClassRunner.java:103)
  at org.junit.runners.BlockJUnit4ClassRunner.runChild(BlockJUnit4ClassRunner.java:63)
  at org.junit.runners.ParentRunner$4.run(ParentRunner.java:331)
  at org.junit.runners.ParentRunner$1.schedule(ParentRunner.java:79)
  at org.junit.runners.ParentRunner.runChildren(ParentRunner.java:329)
  at org.junit.runners.ParentRunner.access$100(ParentRunner.java:66)
  at org.junit.runners.ParentRunner$2.evaluate(ParentRunner.java:293)
  at org.junit.runners.ParentRunner$3.evaluate(ParentRunner.java:306)
  at org.junit.runners.ParentRunner.run(ParentRunner.java:413)
  at org.junit.runner.JUnitCore.run(JUnitCore.java:137)
  at org.junit.runner.JUnitCore.run(JUnitCore.java:115)
  at org.gradle.api.internal.tasks.testing.junit.JUnitTestExecutor.runRequest(JUnitTestExecutor.java:175)
  at org.gradle.api.internal.tasks.testing.junit.JUnitTestExecutor.accept(JUnitTestExecutor.java:84)
  at org.gradle.api.internal.tasks.testing.junit.JUnitTestExecutor.accept(JUnitTestExecutor.java:47)
  at org.gradle.api.internal.tasks.testing.junit.AbstractJUnitTestDefinitionProcessor.processTestDefinition(AbstractJUnitTestDefinitionProcessor.java:65)
  at org.gradle.api.internal.tasks.testing.SuiteTestDefinitionProcessor.processTestDefinition(SuiteTestDefinitionProcessor.java:54)
  at java.base/jdk.internal.reflect.DirectMethodHandleAccessor.invoke(DirectMethodHandleAccessor.java:104)
  at java.base/java.lang.reflect.Method.invoke(Method.java:565)
  at org.gradle.internal.dispatch.MethodInvocation.invokeOn(MethodInvocation.java:77)
  at org.gradle.internal.dispatch.ReflectionDispatch.dispatch(ReflectionDispatch.java:28)
  at org.gradle.internal.dispatch.ReflectionDispatch.dispatch(ReflectionDispatch.java:19)
  at org.gradle.internal.dispatch.ContextClassLoaderDispatch.dispatch(ContextClassLoaderDispatch.java:33)
  at org.gradle.internal.dispatch.ProxyDispatchAdapter$DispatchingInvocationHandler.invoke(ProxyDispatchAdapter.java:88)
  at jdk.proxy1/jdk.proxy1.$Proxy4.processTestDefinition(Unknown Source)
  at org.gradle.api.internal.tasks.testing.worker.TestWorker$2.run(TestWorker.java:178)
  at org.gradle.api.internal.tasks.testing.worker.TestWorker.executeAndMaintainThreadName(TestWorker.java:126)
  at org.gradle.api.internal.tasks.testing.worker.TestWorker.execute(TestWorker.java:103)
  at org.gradle.api.internal.tasks.testing.worker.TestWorker.execute(TestWorker.java:63)
  at org.gradle.process.internal.worker.child.ActionExecutionWorker.execute(ActionExecutionWorker.java:56)
  at org.gradle.process.internal.worker.child.SystemApplicationClassLoaderWorker.call(SystemApplicationClassLoaderWorker.java:122)
  at org.gradle.process.internal.worker.child.SystemApplicationClassLoaderWorker.call(SystemApplicationClassLoaderWorker.java:72)
  at worker.org.gradle.process.internal.worker.GradleWorkerMain.run(GradleWorkerMain.java:69)
  at worker.org.gradle.process.internal.worker.GradleWorkerMain.main(GradleWorkerMain.java:74)
</stacktrace>
</test-failure>


TypeScriptCompilerTests_E[jvm] > es6ImportDefaultBindingFollowedWithNamedImportDts1_ts__target_es5__has expected errors matching baseline[jvm] FAILED

<test-failure test="com.xemantic.typescript.compiler.TypeScriptCompilerTests_E.extendNonClassSymbol2_ts has expected errors matching extendNonClassSymbol2_errors_txt" platform="jvm">
<message>
Expected diagnostics from baseline typescript-repo/tests/baselines/reference/extendNonClassSymbol2.errors.txt but none produced
</message>
<stacktrace>
  at com.xemantic.typescript.compiler.TypeScriptTestSupportKt.errorsMatchBaseline(TypeScriptTestSupport.kt:125)
  at com.xemantic.typescript.compiler.TypeScriptCompilerTests_E.extendNonClassSymbol2_ts has expected errors matching extendNonClassSymbol2_errors_txt(TypeScriptCompilerTests_E.kt:6426)
  at java.base/jdk.internal.reflect.DirectMethodHandleAccessor.invoke(DirectMethodHandleAccessor.java:104)
  at java.base/java.lang.reflect.Method.invoke(Method.java:565)
  at org.junit.runners.model.FrameworkMethod$1.runReflectiveCall(FrameworkMethod.java:59)
  at org.junit.internal.runners.model.ReflectiveCallable.run(ReflectiveCallable.java:12)
  at org.junit.runners.model.FrameworkMethod.invokeExplosively(FrameworkMethod.java:56)
  at org.junit.internal.runners.statements.InvokeMethod.evaluate(InvokeMethod.java:17)
  at org.junit.runners.ParentRunner$3.evaluate(ParentRunner.java:306)
  at org.junit.runners.BlockJUnit4ClassRunner$1.evaluate(BlockJUnit4ClassRunner.java:100)
  at org.junit.runners.ParentRunner.runLeaf(ParentRunner.java:366)
  at org.junit.runners.BlockJUnit4ClassRunner.runChild(BlockJUnit4ClassRunner.java:103)
  at org.junit.runners.BlockJUnit4ClassRunner.runChild(BlockJUnit4ClassRunner.java:63)
  at org.junit.runners.ParentRunner$4.run(ParentRunner.java:331)
  at org.junit.runners.ParentRunner$1.schedule(ParentRunner.java:79)
  at org.junit.runners.ParentRunner.runChildren(ParentRunner.java:329)
  at org.junit.runners.ParentRunner.access$100(ParentRunner.java:66)
  at org.junit.runners.ParentRunner$2.evaluate(ParentRunner.java:293)
  at org.junit.runners.ParentRunner$3.evaluate(ParentRunner.java:306)
  at org.junit.runners.ParentRunner.run(ParentRunner.java:413)
  at org.junit.runner.JUnitCore.run(JUnitCore.java:137)
  at org.junit.runner.JUnitCore.run(JUnitCore.java:115)
  at org.gradle.api.internal.tasks.testing.junit.JUnitTestExecutor.runRequest(JUnitTestExecutor.java:175)
  at org.gradle.api.internal.tasks.testing.junit.JUnitTestExecutor.accept(JUnitTestExecutor.java:84)
  at org.gradle.api.internal.tasks.testing.junit.JUnitTestExecutor.accept(JUnitTestExecutor.java:47)
  at org.gradle.api.internal.tasks.testing.junit.AbstractJUnitTestDefinitionProcessor.processTestDefinition(AbstractJUnitTestDefinitionProcessor.java:65)
  at org.gradle.api.internal.tasks.testing.SuiteTestDefinitionProcessor.processTestDefinition(SuiteTestDefinitionProcessor.java:54)
  at java.base/jdk.internal.reflect.DirectMethodHandleAccessor.invoke(DirectMethodHandleAccessor.java:104)
  at java.base/java.lang.reflect.Method.invoke(Method.java:565)
  at org.gradle.internal.dispatch.MethodInvocation.invokeOn(MethodInvocation.java:77)
  at org.gradle.internal.dispatch.ReflectionDispatch.dispatch(ReflectionDispatch.java:28)
  at org.gradle.internal.dispatch.ReflectionDispatch.dispatch(ReflectionDispatch.java:19)
  at org.gradle.internal.dispatch.ContextClassLoaderDispatch.dispatch(ContextClassLoaderDispatch.java:33)
  at org.gradle.internal.dispatch.ProxyDispatchAdapter$DispatchingInvocationHandler.invoke(ProxyDispatchAdapter.java:88)
  at jdk.proxy1/jdk.proxy1.$Proxy4.processTestDefinition(Unknown Source)
  at org.gradle.api.internal.tasks.testing.worker.TestWorker$2.run(TestWorker.java:178)
  at org.gradle.api.internal.tasks.testing.worker.TestWorker.executeAndMaintainThreadName(TestWorker.java:126)
  at org.gradle.api.internal.tasks.testing.worker.TestWorker.execute(TestWorker.java:103)
  at org.gradle.api.internal.tasks.testing.worker.TestWorker.execute(TestWorker.java:63)
  at org.gradle.process.internal.worker.child.ActionExecutionWorker.execute(ActionExecutionWorker.java:56)
  at org.gradle.process.internal.worker.child.SystemApplicationClassLoaderWorker.call(SystemApplicationClassLoaderWorker.java:122)
  at org.gradle.process.internal.worker.child.SystemApplicationClassLoaderWorker.call(SystemApplicationClassLoaderWorker.java:72)
  at worker.org.gradle.process.internal.worker.GradleWorkerMain.run(GradleWorkerMain.java:69)
  at worker.org.gradle.process.internal.worker.GradleWorkerMain.main(GradleWorkerMain.java:74)
</stacktrace>
</test-failure>


TypeScriptCompilerTests_E[jvm] > extendNonClassSymbol2_ts has expected errors matching extendNonClassSymbol2_errors_txt[jvm] FAILED

<test-failure test="com.xemantic.typescript.compiler.TypeScriptCompilerTests_E.exportObjectRest_ts__module_commonjs_target_esnext__compiles to JavaScript matching baseline" platform="jvm">
<message>
--- expected
+++ actual
@@ -5,7 +5,8 @@
 
 //// [exportObjectRest.js]
 "use strict";
-var _a;
 Object.defineProperty(exports, "__esModule", { value: true });
 exports.rest = exports.x = void 0;
-_a = { x: 'x', y: 'y' }, exports.x = _a.x, exports.rest = __rest(_a, ["x"]);
+const { x, ...rest } = { x: 'x', y: 'y' };
+exports.x = x;
+exports.rest = rest;

</message>
<stacktrace>
  at org.junit.Assert.fail(Assert.java:89)
  at kotlin.test.junit.JUnitAsserter.fail(JUnitSupport.kt:56)
  at kotlin.test.AssertionsKt__AssertionsKt.fail(Assertions.kt:563)
  at kotlin.test.AssertionsKt.fail(Unknown Source)
  at com.xemantic.kotlin.test.SameAsKt.sameAs(SameAs.kt:52)
  at com.xemantic.typescript.compiler.TypeScriptTestSupportKt.sameAs(TypeScriptTestSupport.kt:99)
  at com.xemantic.typescript.compiler.TypeScriptCompilerTests_E.exportObjectRest_ts__module_commonjs_target_esnext__compiles to JavaScript matching baseline(TypeScriptCompilerTests_E.kt:5712)
  at java.base/jdk.internal.reflect.DirectMethodHandleAccessor.invoke(DirectMethodHandleAccessor.java:104)
  at java.base/java.lang.reflect.Method.invoke(Method.java:565)
  at org.junit.runners.model.FrameworkMethod$1.runReflectiveCall(FrameworkMethod.java:59)
  at org.junit.internal.runners.model.ReflectiveCallable.run(ReflectiveCallable.java:12)
  at org.junit.runners.model.FrameworkMethod.invokeExplosively(FrameworkMethod.java:56)
  at org.junit.internal.runners.statements.InvokeMethod.evaluate(InvokeMethod.java:17)
  at org.junit.runners.ParentRunner$3.evaluate(ParentRunner.java:306)
  at org.junit.runners.BlockJUnit4ClassRunner$1.evaluate(BlockJUnit4ClassRunner.java:100)
  at org.junit.runners.ParentRunner.runLeaf(ParentRunner.java:366)
  at org.junit.runners.BlockJUnit4ClassRunner.runChild(BlockJUnit4ClassRunner.java:103)
  at org.junit.runners.BlockJUnit4ClassRunner.runChild(BlockJUnit4ClassRunner.java:63)
  at org.junit.runners.ParentRunner$4.run(ParentRunner.java:331)
  at org.junit.runners.ParentRunner$1.schedule(ParentRunner.java:79)
  at org.junit.runners.ParentRunner.runChildren(ParentRunner.java:329)
  at org.junit.runners.ParentRunner.access$100(ParentRunner.java:66)
  at org.junit.runners.ParentRunner$2.evaluate(ParentRunner.java:293)
  at org.junit.runners.ParentRunner$3.evaluate(ParentRunner.java:306)
  at org.junit.runners.ParentRunner.run(ParentRunner.java:413)
  at org.junit.runner.JUnitCore.run(JUnitCore.java:137)
  at org.junit.runner.JUnitCore.run(JUnitCore.java:115)
  at org.gradle.api.internal.tasks.testing.junit.JUnitTestExecutor.runRequest(JUnitTestExecutor.java:175)
  at org.gradle.api.internal.tasks.testing.junit.JUnitTestExecutor.accept(JUnitTestExecutor.java:84)
  at org.gradle.api.internal.tasks.testing.junit.JUnitTestExecutor.accept(JUnitTestExecutor.java:47)
  at org.gradle.api.internal.tasks.testing.junit.AbstractJUnitTestDefinitionProcessor.processTestDefinition(AbstractJUnitTestDefinitionProcessor.java:65)
  at org.gradle.api.internal.tasks.testing.SuiteTestDefinitionProcessor.processTestDefinition(SuiteTestDefinitionProcessor.java:54)
  at java.base/jdk.internal.reflect.DirectMethodHandleAccessor.invoke(DirectMethodHandleAccessor.java:104)
  at java.base/java.lang.reflect.Method.invoke(Method.java:565)
  at org.gradle.internal.dispatch.MethodInvocation.invokeOn(MethodInvocation.java:77)
  at org.gradle.internal.dispatch.ReflectionDispatch.dispatch(ReflectionDispatch.java:28)
  at org.gradle.internal.dispatch.ReflectionDispatch.dispatch(ReflectionDispatch.java:19)
  at org.gradle.internal.dispatch.ContextClassLoaderDispatch.dispatch(ContextClassLoaderDispatch.java:33)
  at org.gradle.internal.dispatch.ProxyDispatchAdapter$DispatchingInvocationHandler.invoke(ProxyDispatchAdapter.java:88)
  at jdk.proxy1/jdk.proxy1.$Proxy4.processTestDefinition(Unknown Source)
  at org.gradle.api.internal.tasks.testing.worker.TestWorker$2.run(TestWorker.java:178)
  at org.gradle.api.internal.tasks.testing.worker.TestWorker.executeAndMaintainThreadName(TestWorker.java:126)
  at org.gradle.api.internal.tasks.testing.worker.TestWorker.execute(TestWorker.java:103)
  at org.gradle.api.internal.tasks.testing.worker.TestWorker.execute(TestWorker.java:63)
  at org.gradle.process.internal.worker.child.ActionExecutionWorker.execute(ActionExecutionWorker.java:56)
  at org.gradle.process.internal.worker.child.SystemApplicationClassLoaderWorker.call(SystemApplicationClassLoaderWorker.java:122)
  at org.gradle.process.internal.worker.child.SystemApplicationClassLoaderWorker.call(SystemApplicationClassLoaderWorker.java:72)
  at worker.org.gradle.process.internal.worker.GradleWorkerMain.run(GradleWorkerMain.java:69)
  at worker.org.gradle.process.internal.worker.GradleWorkerMain.main(GradleWorkerMain.java:74)
</stacktrace>
</test-failure>


TypeScriptCompilerTests_E[jvm] > exportObjectRest_ts__module_commonjs_target_esnext__compiles to JavaScript matching baseline[jvm] FAILED

<test-failure test="com.xemantic.typescript.compiler.TypeScriptCompilerTests_E.errorMessagesIntersectionTypes04_ts has expected errors matching errorMessagesIntersectionTypes04_errors_txt" platform="jvm">
<message>
Expected diagnostics from baseline typescript-repo/tests/baselines/reference/errorMessagesIntersectionTypes04.errors.txt but none produced
</message>
<stacktrace>
  at com.xemantic.typescript.compiler.TypeScriptTestSupportKt.errorsMatchBaseline(TypeScriptTestSupport.kt:125)
  at com.xemantic.typescript.compiler.TypeScriptCompilerTests_E.errorMessagesIntersectionTypes04_ts has expected errors matching errorMessagesIntersectionTypes04_errors_txt(TypeScriptCompilerTests_E.kt:1533)
  at java.base/jdk.internal.reflect.DirectMethodHandleAccessor.invoke(DirectMethodHandleAccessor.java:104)
  at java.base/java.lang.reflect.Method.invoke(Method.java:565)
  at org.junit.runners.model.FrameworkMethod$1.runReflectiveCall(FrameworkMethod.java:59)
  at org.junit.internal.runners.model.ReflectiveCallable.run(ReflectiveCallable.java:12)
  at org.junit.runners.model.FrameworkMethod.invokeExplosively(FrameworkMethod.java:56)
  at org.junit.internal.runners.statements.InvokeMethod.evaluate(InvokeMethod.java:17)
  at org.junit.runners.ParentRunner$3.evaluate(ParentRunner.java:306)
  at org.junit.runners.BlockJUnit4ClassRunner$1.evaluate(BlockJUnit4ClassRunner.java:100)
  at org.junit.runners.ParentRunner.runLeaf(ParentRunner.java:366)
  at org.junit.runners.BlockJUnit4ClassRunner.runChild(BlockJUnit4ClassRunner.java:103)
  at org.junit.runners.BlockJUnit4ClassRunner.runChild(BlockJUnit4ClassRunner.java:63)
  at org.junit.runners.ParentRunner$4.run(ParentRunner.java:331)
  at org.junit.runners.ParentRunner$1.schedule(ParentRunner.java:79)
  at org.junit.runners.ParentRunner.runChildren(ParentRunner.java:329)
  at org.junit.runners.ParentRunner.access$100(ParentRunner.java:66)
  at org.junit.runners.ParentRunner$2.evaluate(ParentRunner.java:293)
  at org.junit.runners.ParentRunner$3.evaluate(ParentRunner.java:306)
  at org.junit.runners.ParentRunner.run(ParentRunner.java:413)
  at org.junit.runner.JUnitCore.run(JUnitCore.java:137)
  at org.junit.runner.JUnitCore.run(JUnitCore.java:115)
  at org.gradle.api.internal.tasks.testing.junit.JUnitTestExecutor.runRequest(JUnitTestExecutor.java:175)
  at org.gradle.api.internal.tasks.testing.junit.JUnitTestExecutor.accept(JUnitTestExecutor.java:84)
  at org.gradle.api.internal.tasks.testing.junit.JUnitTestExecutor.accept(JUnitTestExecutor.java:47)
  at org.gradle.api.internal.tasks.testing.junit.AbstractJUnitTestDefinitionProcessor.processTestDefinition(AbstractJUnitTestDefinitionProcessor.java:65)
  at org.gradle.api.internal.tasks.testing.SuiteTestDefinitionProcessor.processTestDefinition(SuiteTestDefinitionProcessor.java:54)
  at java.base/jdk.internal.reflect.DirectMethodHandleAccessor.invoke(DirectMethodHandleAccessor.java:104)
  at java.base/java.lang.reflect.Method.invoke(Method.java:565)
  at org.gradle.internal.dispatch.MethodInvocation.invokeOn(MethodInvocation.java:77)
  at org.gradle.internal.dispatch.ReflectionDispatch.dispatch(ReflectionDispatch.java:28)
  at org.gradle.internal.dispatch.ReflectionDispatch.dispatch(ReflectionDispatch.java:19)
  at org.gradle.internal.dispatch.ContextClassLoaderDispatch.dispatch(ContextClassLoaderDispatch.java:33)
  at org.gradle.internal.dispatch.ProxyDispatchAdapter$DispatchingInvocationHandler.invoke(ProxyDispatchAdapter.java:88)
  at jdk.proxy1/jdk.proxy1.$Proxy4.processTestDefinition(Unknown Source)
  at org.gradle.api.internal.tasks.testing.worker.TestWorker$2.run(TestWorker.java:178)
  at org.gradle.api.internal.tasks.testing.worker.TestWorker.executeAndMaintainThreadName(TestWorker.java:126)
  at org.gradle.api.internal.tasks.testing.worker.TestWorker.execute(TestWorker.java:103)
  at org.gradle.api.internal.tasks.testing.worker.TestWorker.execute(TestWorker.java:63)
  at org.gradle.process.internal.worker.child.ActionExecutionWorker.execute(ActionExecutionWorker.java:56)
  at org.gradle.process.internal.worker.child.SystemApplicationClassLoaderWorker.call(SystemApplicationClassLoaderWorker.java:122)
  at org.gradle.process.internal.worker.child.SystemApplicationClassLoaderWorker.call(SystemApplicationClassLoaderWorker.java:72)
  at worker.org.gradle.process.internal.worker.GradleWorkerMain.run(GradleWorkerMain.java:69)
  at worker.org.gradle.process.internal.worker.GradleWorkerMain.main(GradleWorkerMain.java:74)
</stacktrace>
</test-failure>


TypeScriptCompilerTests_E[jvm] > errorMessagesIntersectionTypes04_ts has expected errors matching errorMessagesIntersectionTypes04_errors_txt[jvm] FAILED

<test-failure test="com.xemantic.typescript.compiler.TypeScriptCompilerTests_E.extendGenericArray_ts has expected errors matching extendGenericArray_errors_txt" platform="jvm">
<message>
Expected diagnostics from baseline typescript-repo/tests/baselines/reference/extendGenericArray.errors.txt but none produced
</message>
<stacktrace>
  at com.xemantic.typescript.compiler.TypeScriptTestSupportKt.errorsMatchBaseline(TypeScriptTestSupport.kt:125)
  at com.xemantic.typescript.compiler.TypeScriptCompilerTests_E.extendGenericArray_ts has expected errors matching extendGenericArray_errors_txt(TypeScriptCompilerTests_E.kt:6363)
  at java.base/jdk.internal.reflect.DirectMethodHandleAccessor.invoke(DirectMethodHandleAccessor.java:104)
  at java.base/java.lang.reflect.Method.invoke(Method.java:565)
  at org.junit.runners.model.FrameworkMethod$1.runReflectiveCall(FrameworkMethod.java:59)
  at org.junit.internal.runners.model.ReflectiveCallable.run(ReflectiveCallable.java:12)
  at org.junit.runners.model.FrameworkMethod.invokeExplosively(FrameworkMethod.java:56)
  at org.junit.internal.runners.statements.InvokeMethod.evaluate(InvokeMethod.java:17)
  at org.junit.runners.ParentRunner$3.evaluate(ParentRunner.java:306)
  at org.junit.runners.BlockJUnit4ClassRunner$1.evaluate(BlockJUnit4ClassRunner.java:100)
  at org.junit.runners.ParentRunner.runLeaf(ParentRunner.java:366)
  at org.junit.runners.BlockJUnit4ClassRunner.runChild(BlockJUnit4ClassRunner.java:103)
  at org.junit.runners.BlockJUnit4ClassRunner.runChild(BlockJUnit4ClassRunner.java:63)
  at org.junit.runners.ParentRunner$4.run(ParentRunner.java:331)
  at org.junit.runners.ParentRunner$1.schedule(ParentRunner.java:79)
  at org.junit.runners.ParentRunner.runChildren(ParentRunner.java:329)
  at org.junit.runners.ParentRunner.access$100(ParentRunner.java:66)
  at org.junit.runners.ParentRunner$2.evaluate(ParentRunner.java:293)
  at org.junit.runners.ParentRunner$3.evaluate(ParentRunner.java:306)
  at org.junit.runners.ParentRunner.run(ParentRunner.java:413)
  at org.junit.runner.JUnitCore.run(JUnitCore.java:137)
  at org.junit.runner.JUnitCore.run(JUnitCore.java:115)
  at org.gradle.api.internal.tasks.testing.junit.JUnitTestExecutor.runRequest(JUnitTestExecutor.java:175)
  at org.gradle.api.internal.tasks.testing.junit.JUnitTestExecutor.accept(JUnitTestExecutor.java:84)
  at org.gradle.api.internal.tasks.testing.junit.JUnitTestExecutor.accept(JUnitTestExecutor.java:47)
  at org.gradle.api.internal.tasks.testing.junit.AbstractJUnitTestDefinitionProcessor.processTestDefinition(AbstractJUnitTestDefinitionProcessor.java:65)
  at org.gradle.api.internal.tasks.testing.SuiteTestDefinitionProcessor.processTestDefinition(SuiteTestDefinitionProcessor.java:54)
  at java.base/jdk.internal.reflect.DirectMethodHandleAccessor.invoke(DirectMethodHandleAccessor.java:104)
  at java.base/java.lang.reflect.Method.invoke(Method.java:565)
  at org.gradle.internal.dispatch.MethodInvocation.invokeOn(MethodInvocation.java:77)
  at org.gradle.internal.dispatch.ReflectionDispatch.dispatch(ReflectionDispatch.java:28)
  at org.gradle.internal.dispatch.ReflectionDispatch.dispatch(ReflectionDispatch.java:19)
  at org.gradle.internal.dispatch.ContextClassLoaderDispatch.dispatch(ContextClassLoaderDispatch.java:33)
  at org.gradle.internal.dispatch.ProxyDispatchAdapter$DispatchingInvocationHandler.invoke(ProxyDispatchAdapter.java:88)
  at jdk.proxy1/jdk.proxy1.$Proxy4.processTestDefinition(Unknown Source)
  at org.gradle.api.internal.tasks.testing.worker.TestWorker$2.run(TestWorker.java:178)
  at org.gradle.api.internal.tasks.testing.worker.TestWorker.executeAndMaintainThreadName(TestWorker.java:126)
  at org.gradle.api.internal.tasks.testing.worker.TestWorker.execute(TestWorker.java:103)
  at org.gradle.api.internal.tasks.testing.worker.TestWorker.execute(TestWorker.java:63)
  at org.gradle.process.internal.worker.child.ActionExecutionWorker.execute(ActionExecutionWorker.java:56)
  at org.gradle.process.internal.worker.child.SystemApplicationClassLoaderWorker.call(SystemApplicationClassLoaderWorker.java:122)
  at org.gradle.process.internal.worker.child.SystemApplicationClassLoaderWorker.call(SystemApplicationClassLoaderWorker.java:72)
  at worker.org.gradle.process.internal.worker.GradleWorkerMain.run(GradleWorkerMain.java:69)
  at worker.org.gradle.process.internal.worker.GradleWorkerMain.main(GradleWorkerMain.java:74)
</stacktrace>
</test-failure>


TypeScriptCompilerTests_E[jvm] > extendGenericArray_ts has expected errors matching extendGenericArray_errors_txt[jvm] FAILED

<test-failure test="com.xemantic.typescript.compiler.TypeScriptCompilerTests_E.expressionWithJSDocTypeArguments_ts has expected errors matching expressionWithJSDocTypeArguments_errors_txt" platform="jvm">
<message>
--- expected
+++ actual
@@ -1,26 +1,44 @@
-expressionWithJSDocTypeArguments.ts(9,21): error TS8020: JSDoc types can only be used inside documentation comments.
-expressionWithJSDocTypeArguments.ts(10,20): error TS17019: '?' at the end of a type is not valid TypeScript syntax. Did you mean to write 'string | undefined'?
-expressionWithJSDocTypeArguments.ts(11,21): error TS17020: '?' at the start of a type is not valid TypeScript syntax. Did you mean to write 'string | null | undefined'?
-expressionWithJSDocTypeArguments.ts(12,23): error TS17020: '?' at the start of a type is not valid TypeScript syntax. Did you mean to write 'string | null | undefined'?
-expressionWithJSDocTypeArguments.ts(12,24): error TS17019: '?' at the end of a type is not valid TypeScript syntax. Did you mean to write 'string | undefined'?
-expressionWithJSDocTypeArguments.ts(14,28): error TS8020: JSDoc types can only be used inside documentation comments.
-expressionWithJSDocTypeArguments.ts(15,27): error TS17019: '?' at the end of a type is not valid TypeScript syntax. Did you mean to write 'string | undefined'?
-expressionWithJSDocTypeArguments.ts(16,28): error TS17020: '?' at the start of a type is not valid TypeScript syntax. Did you mean to write 'string | null | undefined'?
-expressionWithJSDocTypeArguments.ts(17,30): error TS17020: '?' at the start of a type is not valid TypeScript syntax. Did you mean to write 'string | null | undefined'?
-expressionWithJSDocTypeArguments.ts(17,31): error TS17019: '?' at the end of a type is not valid TypeScript syntax. Did you mean to write 'string | undefined'?
-expressionWithJSDocTypeArguments.ts(19,21): error TS8020: JSDoc types can only be used inside documentation comments.
-expressionWithJSDocTypeArguments.ts(20,20): error TS17019: '?' at the end of a type is not valid TypeScript syntax. Did you mean to write 'string | undefined'?
-expressionWithJSDocTypeArguments.ts(21,21): error TS17020: '?' at the start of a type is not valid TypeScript syntax. Did you mean to write 'string | null | undefined'?
-expressionWithJSDocTypeArguments.ts(22,23): error TS17020: '?' at the start of a type is not valid TypeScript syntax. Did you mean to write 'string | null | undefined'?
-expressionWithJSDocTypeArguments.ts(22,24): error TS17019: '?' at the end of a type is not valid TypeScript syntax. Did you mean to write 'string | undefined'?
-expressionWithJSDocTypeArguments.ts(24,28): error TS8020: JSDoc types can only be used inside documentation comments.
-expressionWithJSDocTypeArguments.ts(25,27): error TS17019: '?' at the end of a type is not valid TypeScript syntax. Did you mean to write 'string | undefined'?
-expressionWithJSDocTypeArguments.ts(26,28): error TS17020: '?' at the start of a type is not valid TypeScript syntax. Did you mean to write 'string | null | undefined'?
-expressionWithJSDocTypeArguments.ts(27,30): error TS17020: '?' at the start of a type is not valid TypeScript syntax. Did you mean to write 'string | null | undefined'?
-expressionWithJSDocTypeArguments.ts(27,31): error TS17019: '?' at the end of a type is not valid TypeScript syntax. Did you mean to write 'string | undefined'?
+expressionWithJSDocTypeArguments.ts(10,20): error TS2693: 'string' only refers to a type, but is being used as a value here.
+expressionWithJSDocTypeArguments.ts(10,27): error TS1109: Expression expected.
+expressionWithJSDocTypeArguments.ts(10,28): error TS1109: Expression expected.
+expressionWithJSDocTypeArguments.ts(11,21): error TS1109: Expression expected.
+expressionWithJSDocTypeArguments.ts(11,22): error TS2693: 'string' only refers to a type, but is being used as a value here.
+expressionWithJSDocTypeArguments.ts(11,29): error TS1109: Expression expected.
+expressionWithJSDocTypeArguments.ts(12,23): error TS1109: Expression expected.
+expressionWithJSDocTypeArguments.ts(12,24): error TS2693: 'string' only refers to a type, but is being used as a value here.
+expressionWithJSDocTypeArguments.ts(12,31): error TS1109: Expression expected.
+expressionWithJSDocTypeArguments.ts(12,32): error TS1109: Expression expected.
+expressionWithJSDocTypeArguments.ts(15,26): error TS1109: Expression expected.
+expressionWithJSDocTypeArguments.ts(15,27): error TS2693: 'string' only refers to a type, but is being used as a value here.
+expressionWithJSDocTypeArguments.ts(15,34): error TS1109: Expression expected.
+expressionWithJSDocTypeArguments.ts(15,35): error TS1109: Expression expected.
+expressionWithJSDocTypeArguments.ts(16,29): error TS2693: 'string' only refers to a type, but is being used as a value here.
+expressionWithJSDocTypeArguments.ts(16,36): error TS1109: Expression expected.
+expressionWithJSDocTypeArguments.ts(17,31): error TS2693: 'string' only refers to a type, but is being used as a value here.
+expressionWithJSDocTypeArguments.ts(17,38): error TS1109: Expression expected.
+expressionWithJSDocTypeArguments.ts(17,39): error TS1109: Expression expected.
+expressionWithJSDocTypeArguments.ts(20,20): error TS2693: 'string' only refers to a type, but is being used as a value here.
+expressionWithJSDocTypeArguments.ts(20,27): error TS1109: Expression expected.
+expressionWithJSDocTypeArguments.ts(20,28): error TS1109: Expression expected.
+expressionWithJSDocTypeArguments.ts(21,21): error TS1109: Expression expected.
+expressionWithJSDocTypeArguments.ts(21,22): error TS2693: 'string' only refers to a type, but is being used as a value here.
+expressionWithJSDocTypeArguments.ts(21,29): error TS1109: Expression expected.
+expressionWithJSDocTypeArguments.ts(22,23): error TS1109: Expression expected.
+expressionWithJSDocTypeArguments.ts(22,24): error TS2693: 'string' only refers to a type, but is being used as a value here.
+expressionWithJSDocTypeArguments.ts(22,31): error TS1109: Expression expected.
+expressionWithJSDocTypeArguments.ts(22,32): error TS1109: Expression expected.
+expressionWithJSDocTypeArguments.ts(25,26): error TS1109: Expression expected.
+expressionWithJSDocTypeArguments.ts(25,27): error TS2693: 'string' only refers to a type, but is being used as a value here.
+expressionWithJSDocTypeArguments.ts(25,34): error TS1109: Expression expected.
+expressionWithJSDocTypeArguments.ts(25,35): error TS1109: Expression expected.
+expressionWithJSDocTypeArguments.ts(26,29): error TS2693: 'string' only refers to a type, but is being used as a value here.
+expressionWithJSDocTypeArguments.ts(26,36): error TS1109: Expression expected.
+expressionWithJSDocTypeArguments.ts(27,31): error TS2693: 'string' only refers to a type, but is being used as a value here.
+expressionWithJSDocTypeArguments.ts(27,38): error TS1109: Expression expected.
+expressionWithJSDocTypeArguments.ts(27,39): error TS1109: Expression expected.
 
 
-==== expressionWithJSDocTypeArguments.ts (20 errors) ====
+==== expressionWithJSDocTypeArguments.ts (38 errors) ====
     // Repro from #51802
     
     function foo<T>(x: T): T { return x }
@@ -30,23 +48,35 @@
     // Errors expected on all of the following
     
     const WhatFoo = foo<?>;
-                        ~
-!!! error TS8020: JSDoc types can only be used inside documentation comments.
     const HuhFoo = foo<string?>;
-                       ~~~~~~~
-!!! error TS17019: '?' at the end of a type is not valid TypeScript syntax. Did you mean to write 'string | undefined'?
+                       ~~~~~~
+!!! error TS2693: 'string' only refers to a type, but is being used as a value here.
+                              ~
+!!! error TS1109: Expression expected.
+                               ~
+!!! error TS1109: Expression expected.
     const NopeFoo = foo<?string>;
-                        ~~~~~~~
-!!! error TS17020: '?' at the start of a type is not valid TypeScript syntax. Did you mean to write 'string | null | undefined'?
+                        ~
+!!! error TS1109: Expression expected.
+                         ~~~~~~
+!!! error TS2693: 'string' only refers to a type, but is being used as a value here.
+                                ~
+!!! error TS1109: Expression expected.
     const ComeOnFoo = foo<?string?>;
-                          ~~~~~~~~
-!!! error TS17020: '?' at the start of a type is not valid TypeScript syntax. Did you mean to write 'string | null | undefined'?
-                           ~~~~~~~
-!!! error TS17019: '?' at the end of a type is not valid TypeScript syntax. Did you mean to write 'string | undefined'?
+                          ~
+!!! error TS1109: Expression expected.
+                           ~~~~~~
+!!! error TS2693: 'string' only refers to a type, but is being used as a value here.
+                                  ~
+!!! error TS1109: Expression expected.
+                                   ~
+!!! error TS1109: Expression expected.
     
     type TWhatFoo = typeof foo<?>;
-                               ~
-!!! error TS8020: JSDoc types can only be used inside documentation comments.
     type THuhFoo = typeof foo<string?>;
-                              ~~~~~~~
-!!! error TS17019: '?' at the end of a type is not valid TypeScript syntax. Did you mean to write 'string | undefined'?
+                             ~
+!!! error TS1109: Expression expected.
+                              ~~~~~~
+!!! error TS2693: 'string' only refers to a type, but is being used as a value here.
+                                     ~
+!!! error TS1109: Expression expected.

Diff truncated: more than 100 lines changed

Expected: 90 lines
Actual: 144 lines

The differences are too extensive to show in unified diff format.
Consider comparing smaller sections or reviewing the strings directly.

</message>
<stacktrace>
  at org.junit.Assert.fail(Assert.java:89)
  at kotlin.test.junit.JUnitAsserter.fail(JUnitSupport.kt:56)
  at kotlin.test.AssertionsKt__AssertionsKt.fail(Assertions.kt:563)
  at kotlin.test.AssertionsKt.fail(Unknown Source)
  at com.xemantic.kotlin.test.SameAsKt.sameAs(SameAs.kt:52)
  at com.xemantic.typescript.compiler.TypeScriptTestSupportKt.errorsMatchBaseline(TypeScriptTestSupport.kt:135)
  at com.xemantic.typescript.compiler.TypeScriptCompilerTests_E.expressionWithJSDocTypeArguments_ts has expected errors matching expressionWithJSDocTypeArguments_errors_txt(TypeScriptCompilerTests_E.kt:6230)
  at java.base/jdk.internal.reflect.DirectMethodHandleAccessor.invoke(DirectMethodHandleAccessor.java:104)
  at java.base/java.lang.reflect.Method.invoke(Method.java:565)
  at org.junit.runners.model.FrameworkMethod$1.runReflectiveCall(FrameworkMethod.java:59)
  at org.junit.internal.runners.model.ReflectiveCallable.run(ReflectiveCallable.java:12)
  at org.junit.runners.model.FrameworkMethod.invokeExplosively(FrameworkMethod.java:56)
  at org.junit.internal.runners.statements.InvokeMethod.evaluate(InvokeMethod.java:17)
  at org.junit.runners.ParentRunner$3.evaluate(ParentRunner.java:306)
  at org.junit.runners.BlockJUnit4ClassRunner$1.evaluate(BlockJUnit4ClassRunner.java:100)
  at org.junit.runners.ParentRunner.runLeaf(ParentRunner.java:366)
  at org.junit.runners.BlockJUnit4ClassRunner.runChild(BlockJUnit4ClassRunner.java:103)
  at org.junit.runners.BlockJUnit4ClassRunner.runChild(BlockJUnit4ClassRunner.java:63)
  at org.junit.runners.ParentRunner$4.run(ParentRunner.java:331)
  at org.junit.runners.ParentRunner$1.schedule(ParentRunner.java:79)
  at org.junit.runners.ParentRunner.runChildren(ParentRunner.java:329)
  at org.junit.runners.ParentRunner.access$100(ParentRunner.java:66)
  at org.junit.runners.ParentRunner$2.evaluate(ParentRunner.java:293)
  at org.junit.runners.ParentRunner$3.evaluate(ParentRunner.java:306)
  at org.junit.runners.ParentRunner.run(ParentRunner.java:413)
  at org.junit.runner.JUnitCore.run(JUnitCore.java:137)
  at org.junit.runner.JUnitCore.run(JUnitCore.java:115)
  at org.gradle.api.internal.tasks.testing.junit.JUnitTestExecutor.runRequest(JUnitTestExecutor.java:175)
  at org.gradle.api.internal.tasks.testing.junit.JUnitTestExecutor.accept(JUnitTestExecutor.java:84)
  at org.gradle.api.internal.tasks.testing.junit.JUnitTestExecutor.accept(JUnitTestExecutor.java:47)
  at org.gradle.api.internal.tasks.testing.junit.AbstractJUnitTestDefinitionProcessor.processTestDefinition(AbstractJUnitTestDefinitionProcessor.java:65)
  at org.gradle.api.internal.tasks.testing.SuiteTestDefinitionProcessor.processTestDefinition(SuiteTestDefinitionProcessor.java:54)
  at java.base/jdk.internal.reflect.DirectMethodHandleAccessor.invoke(DirectMethodHandleAccessor.java:104)
  at java.base/java.lang.reflect.Method.invoke(Method.java:565)
  at org.gradle.internal.dispatch.MethodInvocation.invokeOn(MethodInvocation.java:77)
  at org.gradle.internal.dispatch.ReflectionDispatch.dispatch(ReflectionDispatch.java:28)
  at org.gradle.internal.dispatch.ReflectionDispatch.dispatch(ReflectionDispatch.java:19)
  at org.gradle.internal.dispatch.ContextClassLoaderDispatch.dispatch(ContextClassLoaderDispatch.java:33)
  at org.gradle.internal.dispatch.ProxyDispatchAdapter$DispatchingInvocationHandler.invoke(ProxyDispatchAdapter.java:88)
  at jdk.proxy1/jdk.proxy1.$Proxy4.processTestDefinition(Unknown Source)
  at org.gradle.api.internal.tasks.testing.worker.TestWorker$2.run(TestWorker.java:178)
  at org.gradle.api.internal.tasks.testing.worker.TestWorker.executeAndMaintainThreadName(TestWorker.java:126)
  at org.gradle.api.internal.tasks.testing.worker.TestWorker.execute(TestWorker.java:103)
  at org.gradle.api.internal.tasks.testing.worker.TestWorker.execute(TestWorker.java:63)
  at org.gradle.process.internal.worker.child.ActionExecutionWorker.execute(ActionExecutionWorker.java:56)
  at org.gradle.process.internal.worker.child.SystemApplicationClassLoaderWorker.call(SystemApplicationClassLoaderWorker.java:122)
  at org.gradle.process.internal.worker.child.SystemApplicationClassLoaderWorker.call(SystemApplicationClassLoaderWorker.java:72)
  at worker.org.gradle.process.internal.worker.GradleWorkerMain.run(GradleWorkerMain.java:69)
  at worker.org.gradle.process.internal.worker.GradleWorkerMain.main(GradleWorkerMain.java:74)
</stacktrace>
</test-failure>


TypeScriptCompilerTests_E[jvm] > expressionWithJSDocTypeArguments_ts has expected errors matching expressionWithJSDocTypeArguments_errors_txt[jvm] FAILED

<test-failure test="com.xemantic.typescript.compiler.TypeScriptCompilerTests_E.emitBOM_ts compiles to JavaScript matching emitBOM_js" platform="jvm">
<message>
--- expected
+++ actual
@@ -4,16 +4,8 @@
 // JS and d.ts output should have a BOM but not the sourcemap
 var x;
 
-emitBOM.js(1,2): error TS1127: Invalid character.
-emitBOM.js(1,3): error TS1127: Invalid character.
-
-
-==== emitBOM.js (2 errors) ====
-    ï»¿"use strict";
-     ~
-!!! error TS1127: Invalid character.
-      ~
-!!! error TS1127: Invalid character.
-    // JS and d.ts output should have a BOM but not the sourcemap
-    var x;
-    //# sourceMappingURL=emitBOM.js.map
+//// [emitBOM.js]
+"use strict";
+// JS and d.ts output should have a BOM but not the sourcemap
+var x;
+//# sourceMappingURL=emitBOM.js.map

</message>
<stacktrace>
  at org.junit.Assert.fail(Assert.java:89)
  at kotlin.test.junit.JUnitAsserter.fail(JUnitSupport.kt:56)
  at kotlin.test.AssertionsKt__AssertionsKt.fail(Assertions.kt:563)
  at kotlin.test.AssertionsKt.fail(Unknown Source)
  at com.xemantic.kotlin.test.SameAsKt.sameAs(SameAs.kt:52)
  at com.xemantic.typescript.compiler.TypeScriptTestSupportKt.sameAs(TypeScriptTestSupport.kt:99)
  at com.xemantic.typescript.compiler.TypeScriptCompilerTests_E.emitBOM_ts compiles to JavaScript matching emitBOM_js(TypeScriptCompilerTests_E.kt:168)
  at java.base/jdk.internal.reflect.DirectMethodHandleAccessor.invoke(DirectMethodHandleAccessor.java:104)
  at java.base/java.lang.reflect.Method.invoke(Method.java:565)
  at org.junit.runners.model.FrameworkMethod$1.runReflectiveCall(FrameworkMethod.java:59)
  at org.junit.internal.runners.model.ReflectiveCallable.run(ReflectiveCallable.java:12)
  at org.junit.runners.model.FrameworkMethod.invokeExplosively(FrameworkMethod.java:56)
  at org.junit.internal.runners.statements.InvokeMethod.evaluate(InvokeMethod.java:17)
  at org.junit.runners.ParentRunner$3.evaluate(ParentRunner.java:306)
  at org.junit.runners.BlockJUnit4ClassRunner$1.evaluate(BlockJUnit4ClassRunner.java:100)
  at org.junit.runners.ParentRunner.runLeaf(ParentRunner.java:366)
  at org.junit.runners.BlockJUnit4ClassRunner.runChild(BlockJUnit4ClassRunner.java:103)
  at org.junit.runners.BlockJUnit4ClassRunner.runChild(BlockJUnit4ClassRunner.java:63)
  at org.junit.runners.ParentRunner$4.run(ParentRunner.java:331)
  at org.junit.runners.ParentRunner$1.schedule(ParentRunner.java:79)
  at org.junit.runners.ParentRunner.runChildren(ParentRunner.java:329)
  at org.junit.runners.ParentRunner.access$100(ParentRunner.java:66)
  at org.junit.runners.ParentRunner$2.evaluate(ParentRunner.java:293)
  at org.junit.runners.ParentRunner$3.evaluate(ParentRunner.java:306)
  at org.junit.runners.ParentRunner.run(ParentRunner.java:413)
  at org.junit.runner.JUnitCore.run(JUnitCore.java:137)
  at org.junit.runner.JUnitCore.run(JUnitCore.java:115)
  at org.gradle.api.internal.tasks.testing.junit.JUnitTestExecutor.runRequest(JUnitTestExecutor.java:175)
  at org.gradle.api.internal.tasks.testing.junit.JUnitTestExecutor.accept(JUnitTestExecutor.java:84)
  at org.gradle.api.internal.tasks.testing.junit.JUnitTestExecutor.accept(JUnitTestExecutor.java:47)
  at org.gradle.api.internal.tasks.testing.junit.AbstractJUnitTestDefinitionProcessor.processTestDefinition(AbstractJUnitTestDefinitionProcessor.java:65)
  at org.gradle.api.internal.tasks.testing.SuiteTestDefinitionProcessor.processTestDefinition(SuiteTestDefinitionProcessor.java:54)
  at java.base/jdk.internal.reflect.DirectMethodHandleAccessor.invoke(DirectMethodHandleAccessor.java:104)
  at java.base/java.lang.reflect.Method.invoke(Method.java:565)
  at org.gradle.internal.dispatch.MethodInvocation.invokeOn(MethodInvocation.java:77)
  at org.gradle.internal.dispatch.ReflectionDispatch.dispatch(ReflectionDispatch.java:28)
  at org.gradle.internal.dispatch.ReflectionDispatch.dispatch(ReflectionDispatch.java:19)
  at org.gradle.internal.dispatch.ContextClassLoaderDispatch.dispatch(ContextClassLoaderDispatch.java:33)
  at org.gradle.internal.dispatch.ProxyDispatchAdapter$DispatchingInvocationHandler.invoke(ProxyDispatchAdapter.java:88)
  at jdk.proxy1/jdk.proxy1.$Proxy4.processTestDefinition(Unknown Source)
  at org.gradle.api.internal.tasks.testing.worker.TestWorker$2.run(TestWorker.java:178)
  at org.gradle.api.internal.tasks.testing.worker.TestWorker.executeAndMaintainThreadName(TestWorker.java:126)
  at org.gradle.api.internal.tasks.testing.worker.TestWorker.execute(TestWorker.java:103)
  at org.gradle.api.internal.tasks.testing.worker.TestWorker.execute(TestWorker.java:63)
  at org.gradle.process.internal.worker.child.ActionExecutionWorker.execute(ActionExecutionWorker.java:56)
  at org.gradle.process.internal.worker.child.SystemApplicationClassLoaderWorker.call(SystemApplicationClassLoaderWorker.java:122)
  at org.gradle.process.internal.worker.child.SystemApplicationClassLoaderWorker.call(SystemApplicationClassLoaderWorker.java:72)
  at worker.org.gradle.process.internal.worker.GradleWorkerMain.run(GradleWorkerMain.java:69)
  at worker.org.gradle.process.internal.worker.GradleWorkerMain.main(GradleWorkerMain.java:74)
</stacktrace>
</test-failure>


TypeScriptCompilerTests_E[jvm] > emitBOM_ts compiles to JavaScript matching emitBOM_js[jvm] FAILED

<test-failure test="com.xemantic.typescript.compiler.TypeScriptCompilerTests_E.es6ExportClauseWithAssignmentInEs5_ts__target_es2015__compiles to JavaScript matching baseline" platform="jvm">
<message>
--- expected
+++ actual
@@ -28,12 +28,12 @@
 var baz = 3;
 exports.baz = baz;
 exports.quux = baz;
-exports.quux = exports.baz = baz = 4;
+exports.quux = baz = 4;
 var buzz = 10;
 exports.buzz = buzz;
-exports.buzz = buzz += 3;
+buzz += 3;
 var bizz = 8;
 exports.bizz = bizz;
-exports.bizz = (bizz++, bizz); // compiles to exports.bizz = (bizz++, bizz)
-exports.bizz = (bizz--, bizz); // similarly
-exports.bizz = ++bizz; // compiles to exports.bizz = ++bizz
+bizz++; // compiles to exports.bizz = (bizz++, bizz)
+bizz--; // similarly
+++bizz; // compiles to exports.bizz = ++bizz

</message>
<stacktrace>
  at org.junit.Assert.fail(Assert.java:89)
  at kotlin.test.junit.JUnitAsserter.fail(JUnitSupport.kt:56)
  at kotlin.test.AssertionsKt__AssertionsKt.fail(Assertions.kt:563)
  at kotlin.test.AssertionsKt.fail(Unknown Source)
  at com.xemantic.kotlin.test.SameAsKt.sameAs(SameAs.kt:52)
  at com.xemantic.typescript.compiler.TypeScriptTestSupportKt.sameAs(TypeScriptTestSupport.kt:99)
  at com.xemantic.typescript.compiler.TypeScriptCompilerTests_E.es6ExportClauseWithAssignmentInEs5_ts__target_es2015__compiles to JavaScript matching baseline(TypeScriptCompilerTests_E.kt:2961)
  at java.base/jdk.internal.reflect.DirectMethodHandleAccessor.invoke(DirectMethodHandleAccessor.java:104)
  at java.base/java.lang.reflect.Method.invoke(Method.java:565)
  at org.junit.runners.model.FrameworkMethod$1.runReflectiveCall(FrameworkMethod.java:59)
  at org.junit.internal.runners.model.ReflectiveCallable.run(ReflectiveCallable.java:12)
  at org.junit.runners.model.FrameworkMethod.invokeExplosively(FrameworkMethod.java:56)
  at org.junit.internal.runners.statements.InvokeMethod.evaluate(InvokeMethod.java:17)
  at org.junit.runners.ParentRunner$3.evaluate(ParentRunner.java:306)
  at org.junit.runners.BlockJUnit4ClassRunner$1.evaluate(BlockJUnit4ClassRunner.java:100)
  at org.junit.runners.ParentRunner.runLeaf(ParentRunner.java:366)
  at org.junit.runners.BlockJUnit4ClassRunner.runChild(BlockJUnit4ClassRunner.java:103)
  at org.junit.runners.BlockJUnit4ClassRunner.runChild(BlockJUnit4ClassRunner.java:63)
  at org.junit.runners.ParentRunner$4.run(ParentRunner.java:331)
  at org.junit.runners.ParentRunner$1.schedule(ParentRunner.java:79)
  at org.junit.runners.ParentRunner.runChildren(ParentRunner.java:329)
  at org.junit.runners.ParentRunner.access$100(ParentRunner.java:66)
  at org.junit.runners.ParentRunner$2.evaluate(ParentRunner.java:293)
  at org.junit.runners.ParentRunner$3.evaluate(ParentRunner.java:306)
  at org.junit.runners.ParentRunner.run(ParentRunner.java:413)
  at org.junit.runner.JUnitCore.run(JUnitCore.java:137)
  at org.junit.runner.JUnitCore.run(JUnitCore.java:115)
  at org.gradle.api.internal.tasks.testing.junit.JUnitTestExecutor.runRequest(JUnitTestExecutor.java:175)
  at org.gradle.api.internal.tasks.testing.junit.JUnitTestExecutor.accept(JUnitTestExecutor.java:84)
  at org.gradle.api.internal.tasks.testing.junit.JUnitTestExecutor.accept(JUnitTestExecutor.java:47)
  at org.gradle.api.internal.tasks.testing.junit.AbstractJUnitTestDefinitionProcessor.processTestDefinition(AbstractJUnitTestDefinitionProcessor.java:65)
  at org.gradle.api.internal.tasks.testing.SuiteTestDefinitionProcessor.processTestDefinition(SuiteTestDefinitionProcessor.java:54)
  at java.base/jdk.internal.reflect.DirectMethodHandleAccessor.invoke(DirectMethodHandleAccessor.java:104)
  at java.base/java.lang.reflect.Method.invoke(Method.java:565)
  at org.gradle.internal.dispatch.MethodInvocation.invokeOn(MethodInvocation.java:77)
  at org.gradle.internal.dispatch.ReflectionDispatch.dispatch(ReflectionDispatch.java:28)
  at org.gradle.internal.dispatch.ReflectionDispatch.dispatch(ReflectionDispatch.java:19)
  at org.gradle.internal.dispatch.ContextClassLoaderDispatch.dispatch(ContextClassLoaderDispatch.java:33)
  at org.gradle.internal.dispatch.ProxyDispatchAdapter$DispatchingInvocationHandler.invoke(ProxyDispatchAdapter.java:88)
  at jdk.proxy1/jdk.proxy1.$Proxy4.processTestDefinition(Unknown Source)
  at org.gradle.api.internal.tasks.testing.worker.TestWorker$2.run(TestWorker.java:178)
  at org.gradle.api.internal.tasks.testing.worker.TestWorker.executeAndMaintainThreadName(TestWorker.java:126)
  at org.gradle.api.internal.tasks.testing.worker.TestWorker.execute(TestWorker.java:103)
  at org.gradle.api.internal.tasks.testing.worker.TestWorker.execute(TestWorker.java:63)
  at org.gradle.process.internal.worker.child.ActionExecutionWorker.execute(ActionExecutionWorker.java:56)
  at org.gradle.process.internal.worker.child.SystemApplicationClassLoaderWorker.call(SystemApplicationClassLoaderWorker.java:122)
  at org.gradle.process.internal.worker.child.SystemApplicationClassLoaderWorker.call(SystemApplicationClassLoaderWorker.java:72)
  at worker.org.gradle.process.internal.worker.GradleWorkerMain.run(GradleWorkerMain.java:69)
  at worker.org.gradle.process.internal.worker.GradleWorkerMain.main(GradleWorkerMain.java:74)
</stacktrace>
</test-failure>


TypeScriptCompilerTests_E[jvm] > es6ExportClauseWithAssignmentInEs5_ts__target_es2015__compiles to JavaScript matching baseline[jvm] FAILED

<test-failure test="com.xemantic.typescript.compiler.TypeScriptCompilerTests_E.exportAssignmentOfDeclaredExternalModule_ts has expected errors matching exportAssignmentOfDeclaredExternalModule_errors_txt" platform="jvm">
<message>
Expected diagnostics from baseline typescript-repo/tests/baselines/reference/exportAssignmentOfDeclaredExternalModule.errors.txt but none produced
</message>
<stacktrace>
  at com.xemantic.typescript.compiler.TypeScriptTestSupportKt.errorsMatchBaseline(TypeScriptTestSupport.kt:125)
  at com.xemantic.typescript.compiler.TypeScriptCompilerTests_E.exportAssignmentOfDeclaredExternalModule_ts has expected errors matching exportAssignmentOfDeclaredExternalModule_errors_txt(TypeScriptCompilerTests_E.kt:4753)
  at java.base/jdk.internal.reflect.DirectMethodHandleAccessor.invoke(DirectMethodHandleAccessor.java:104)
  at java.base/java.lang.reflect.Method.invoke(Method.java:565)
  at org.junit.runners.model.FrameworkMethod$1.runReflectiveCall(FrameworkMethod.java:59)
  at org.junit.internal.runners.model.ReflectiveCallable.run(ReflectiveCallable.java:12)
  at org.junit.runners.model.FrameworkMethod.invokeExplosively(FrameworkMethod.java:56)
  at org.junit.internal.runners.statements.InvokeMethod.evaluate(InvokeMethod.java:17)
  at org.junit.runners.ParentRunner$3.evaluate(ParentRunner.java:306)
  at org.junit.runners.BlockJUnit4ClassRunner$1.evaluate(BlockJUnit4ClassRunner.java:100)
  at org.junit.runners.ParentRunner.runLeaf(ParentRunner.java:366)
  at org.junit.runners.BlockJUnit4ClassRunner.runChild(BlockJUnit4ClassRunner.java:103)
  at org.junit.runners.BlockJUnit4ClassRunner.runChild(BlockJUnit4ClassRunner.java:63)
  at org.junit.runners.ParentRunner$4.run(ParentRunner.java:331)
  at org.junit.runners.ParentRunner$1.schedule(ParentRunner.java:79)
  at org.junit.runners.ParentRunner.runChildren(ParentRunner.java:329)
  at org.junit.runners.ParentRunner.access$100(ParentRunner.java:66)
  at org.junit.runners.ParentRunner$2.evaluate(ParentRunner.java:293)
  at org.junit.runners.ParentRunner$3.evaluate(ParentRunner.java:306)
  at org.junit.runners.ParentRunner.run(ParentRunner.java:413)
  at org.junit.runner.JUnitCore.run(JUnitCore.java:137)
  at org.junit.runner.JUnitCore.run(JUnitCore.java:115)
  at org.gradle.api.internal.tasks.testing.junit.JUnitTestExecutor.runRequest(JUnitTestExecutor.java:175)
  at org.gradle.api.internal.tasks.testing.junit.JUnitTestExecutor.accept(JUnitTestExecutor.java:84)
  at org.gradle.api.internal.tasks.testing.junit.JUnitTestExecutor.accept(JUnitTestExecutor.java:47)
  at org.gradle.api.internal.tasks.testing.junit.AbstractJUnitTestDefinitionProcessor.processTestDefinition(AbstractJUnitTestDefinitionProcessor.java:65)
  at org.gradle.api.internal.tasks.testing.SuiteTestDefinitionProcessor.processTestDefinition(SuiteTestDefinitionProcessor.java:54)
  at java.base/jdk.internal.reflect.DirectMethodHandleAccessor.invoke(DirectMethodHandleAccessor.java:104)
  at java.base/java.lang.reflect.Method.invoke(Method.java:565)
  at org.gradle.internal.dispatch.MethodInvocation.invokeOn(MethodInvocation.java:77)
  at org.gradle.internal.dispatch.ReflectionDispatch.dispatch(ReflectionDispatch.java:28)
  at org.gradle.internal.dispatch.ReflectionDispatch.dispatch(ReflectionDispatch.java:19)
  at org.gradle.internal.dispatch.ContextClassLoaderDispatch.dispatch(ContextClassLoaderDispatch.java:33)
  at org.gradle.internal.dispatch.ProxyDispatchAdapter$DispatchingInvocationHandler.invoke(ProxyDispatchAdapter.java:88)
  at jdk.proxy1/jdk.proxy1.$Proxy4.processTestDefinition(Unknown Source)
  at org.gradle.api.internal.tasks.testing.worker.TestWorker$2.run(TestWorker.java:178)
  at org.gradle.api.internal.tasks.testing.worker.TestWorker.executeAndMaintainThreadName(TestWorker.java:126)
  at org.gradle.api.internal.tasks.testing.worker.TestWorker.execute(TestWorker.java:103)
  at org.gradle.api.internal.tasks.testing.worker.TestWorker.execute(TestWorker.java:63)
  at org.gradle.process.internal.worker.child.ActionExecutionWorker.execute(ActionExecutionWorker.java:56)
  at org.gradle.process.internal.worker.child.SystemApplicationClassLoaderWorker.call(SystemApplicationClassLoaderWorker.java:122)
  at org.gradle.process.internal.worker.child.SystemApplicationClassLoaderWorker.call(SystemApplicationClassLoaderWorker.java:72)
  at worker.org.gradle.process.internal.worker.GradleWorkerMain.run(GradleWorkerMain.java:69)
  at worker.org.gradle.process.internal.worker.GradleWorkerMain.main(GradleWorkerMain.java:74)
</stacktrace>
</test-failure>


TypeScriptCompilerTests_E[jvm] > exportAssignmentOfDeclaredExternalModule_ts has expected errors matching exportAssignmentOfDeclaredExternalModule_errors_txt[jvm] FAILED

<test-failure test="com.xemantic.typescript.compiler.TypeScriptCompilerTests_E.errorOnEnumReferenceInCondition_ts has expected errors matching errorOnEnumReferenceInCondition_errors_txt" platform="jvm">
<message>
Expected diagnostics from baseline typescript-repo/tests/baselines/reference/errorOnEnumReferenceInCondition.errors.txt but none produced
</message>
<stacktrace>
  at com.xemantic.typescript.compiler.TypeScriptTestSupportKt.errorsMatchBaseline(TypeScriptTestSupport.kt:125)
  at com.xemantic.typescript.compiler.TypeScriptCompilerTests_E.errorOnEnumReferenceInCondition_ts has expected errors matching errorOnEnumReferenceInCondition_errors_txt(TypeScriptCompilerTests_E.kt:1561)
  at java.base/jdk.internal.reflect.DirectMethodHandleAccessor.invoke(DirectMethodHandleAccessor.java:104)
  at java.base/java.lang.reflect.Method.invoke(Method.java:565)
  at org.junit.runners.model.FrameworkMethod$1.runReflectiveCall(FrameworkMethod.java:59)
  at org.junit.internal.runners.model.ReflectiveCallable.run(ReflectiveCallable.java:12)
  at org.junit.runners.model.FrameworkMethod.invokeExplosively(FrameworkMethod.java:56)
  at org.junit.internal.runners.statements.InvokeMethod.evaluate(InvokeMethod.java:17)
  at org.junit.runners.ParentRunner$3.evaluate(ParentRunner.java:306)
  at org.junit.runners.BlockJUnit4ClassRunner$1.evaluate(BlockJUnit4ClassRunner.java:100)
  at org.junit.runners.ParentRunner.runLeaf(ParentRunner.java:366)
  at org.junit.runners.BlockJUnit4ClassRunner.runChild(BlockJUnit4ClassRunner.java:103)
  at org.junit.runners.BlockJUnit4ClassRunner.runChild(BlockJUnit4ClassRunner.java:63)
  at org.junit.runners.ParentRunner$4.run(ParentRunner.java:331)
  at org.junit.runners.ParentRunner$1.schedule(ParentRunner.java:79)
  at org.junit.runners.ParentRunner.runChildren(ParentRunner.java:329)
  at org.junit.runners.ParentRunner.access$100(ParentRunner.java:66)
  at org.junit.runners.ParentRunner$2.evaluate(ParentRunner.java:293)
  at org.junit.runners.ParentRunner$3.evaluate(ParentRunner.java:306)
  at org.junit.runners.ParentRunner.run(ParentRunner.java:413)
  at org.junit.runner.JUnitCore.run(JUnitCore.java:137)
  at org.junit.runner.JUnitCore.run(JUnitCore.java:115)
  at org.gradle.api.internal.tasks.testing.junit.JUnitTestExecutor.runRequest(JUnitTestExecutor.java:175)
  at org.gradle.api.internal.tasks.testing.junit.JUnitTestExecutor.accept(JUnitTestExecutor.java:84)
  at org.gradle.api.internal.tasks.testing.junit.JUnitTestExecutor.accept(JUnitTestExecutor.java:47)
  at org.gradle.api.internal.tasks.testing.junit.AbstractJUnitTestDefinitionProcessor.processTestDefinition(AbstractJUnitTestDefinitionProcessor.java:65)
  at org.gradle.api.internal.tasks.testing.SuiteTestDefinitionProcessor.processTestDefinition(SuiteTestDefinitionProcessor.java:54)
  at java.base/jdk.internal.reflect.DirectMethodHandleAccessor.invoke(DirectMethodHandleAccessor.java:104)
  at java.base/java.lang.reflect.Method.invoke(Method.java:565)
  at org.gradle.internal.dispatch.MethodInvocation.invokeOn(MethodInvocation.java:77)
  at org.gradle.internal.dispatch.ReflectionDispatch.dispatch(ReflectionDispatch.java:28)
  at org.gradle.internal.dispatch.ReflectionDispatch.dispatch(ReflectionDispatch.java:19)
  at org.gradle.internal.dispatch.ContextClassLoaderDispatch.dispatch(ContextClassLoaderDispatch.java:33)
  at org.gradle.internal.dispatch.ProxyDispatchAdapter$DispatchingInvocationHandler.invoke(ProxyDispatchAdapter.java:88)
  at jdk.proxy1/jdk.proxy1.$Proxy4.processTestDefinition(Unknown Source)
  at org.gradle.api.internal.tasks.testing.worker.TestWorker$2.run(TestWorker.java:178)
  at org.gradle.api.internal.tasks.testing.worker.TestWorker.executeAndMaintainThreadName(TestWorker.java:126)
  at org.gradle.api.internal.tasks.testing.worker.TestWorker.execute(TestWorker.java:103)
  at org.gradle.api.internal.tasks.testing.worker.TestWorker.execute(TestWorker.java:63)
  at org.gradle.process.internal.worker.child.ActionExecutionWorker.execute(ActionExecutionWorker.java:56)
  at org.gradle.process.internal.worker.child.SystemApplicationClassLoaderWorker.call(SystemApplicationClassLoaderWorker.java:122)
  at org.gradle.process.internal.worker.child.SystemApplicationClassLoaderWorker.call(SystemApplicationClassLoaderWorker.java:72)
  at worker.org.gradle.process.internal.worker.GradleWorkerMain.run(GradleWorkerMain.java:69)
  at worker.org.gradle.process.internal.worker.GradleWorkerMain.main(GradleWorkerMain.java:74)
</stacktrace>
</test-failure>


TypeScriptCompilerTests_E[jvm] > errorOnEnumReferenceInCondition_ts has expected errors matching errorOnEnumReferenceInCondition_errors_txt[jvm] FAILED

<test-failure test="com.xemantic.typescript.compiler.TypeScriptCompilerTests_E.esmNoSynthesizedDefault_ts__module_esnext__has expected errors matching baseline" platform="jvm">
<message>
Expected diagnostics from baseline typescript-repo/tests/baselines/reference/esmNoSynthesizedDefault(module=esnext).errors.txt but none produced
</message>
<stacktrace>
  at com.xemantic.typescript.compiler.TypeScriptTestSupportKt.errorsMatchBaseline(TypeScriptTestSupport.kt:125)
  at com.xemantic.typescript.compiler.TypeScriptCompilerTests_E.esmNoSynthesizedDefault_ts__module_esnext__has expected errors matching baseline(TypeScriptCompilerTests_E.kt:4165)
  at java.base/jdk.internal.reflect.DirectMethodHandleAccessor.invoke(DirectMethodHandleAccessor.java:104)
  at java.base/java.lang.reflect.Method.invoke(Method.java:565)
  at org.junit.runners.model.FrameworkMethod$1.runReflectiveCall(FrameworkMethod.java:59)
  at org.junit.internal.runners.model.ReflectiveCallable.run(ReflectiveCallable.java:12)
  at org.junit.runners.model.FrameworkMethod.invokeExplosively(FrameworkMethod.java:56)
  at org.junit.internal.runners.statements.InvokeMethod.evaluate(InvokeMethod.java:17)
  at org.junit.runners.ParentRunner$3.evaluate(ParentRunner.java:306)
  at org.junit.runners.BlockJUnit4ClassRunner$1.evaluate(BlockJUnit4ClassRunner.java:100)
  at org.junit.runners.ParentRunner.runLeaf(ParentRunner.java:366)
  at org.junit.runners.BlockJUnit4ClassRunner.runChild(BlockJUnit4ClassRunner.java:103)
  at org.junit.runners.BlockJUnit4ClassRunner.runChild(BlockJUnit4ClassRunner.java:63)
  at org.junit.runners.ParentRunner$4.run(ParentRunner.java:331)
  at org.junit.runners.ParentRunner$1.schedule(ParentRunner.java:79)
  at org.junit.runners.ParentRunner.runChildren(ParentRunner.java:329)
  at org.junit.runners.ParentRunner.access$100(ParentRunner.java:66)
  at org.junit.runners.ParentRunner$2.evaluate(ParentRunner.java:293)
  at org.junit.runners.ParentRunner$3.evaluate(ParentRunner.java:306)
  at org.junit.runners.ParentRunner.run(ParentRunner.java:413)
  at org.junit.runner.JUnitCore.run(JUnitCore.java:137)
  at org.junit.runner.JUnitCore.run(JUnitCore.java:115)
  at org.gradle.api.internal.tasks.testing.junit.JUnitTestExecutor.runRequest(JUnitTestExecutor.java:175)
  at org.gradle.api.internal.tasks.testing.junit.JUnitTestExecutor.accept(JUnitTestExecutor.java:84)
  at org.gradle.api.internal.tasks.testing.junit.JUnitTestExecutor.accept(JUnitTestExecutor.java:47)
  at org.gradle.api.internal.tasks.testing.junit.AbstractJUnitTestDefinitionProcessor.processTestDefinition(AbstractJUnitTestDefinitionProcessor.java:65)
  at org.gradle.api.internal.tasks.testing.SuiteTestDefinitionProcessor.processTestDefinition(SuiteTestDefinitionProcessor.java:54)
  at java.base/jdk.internal.reflect.DirectMethodHandleAccessor.invoke(DirectMethodHandleAccessor.java:104)
  at java.base/java.lang.reflect.Method.invoke(Method.java:565)
  at org.gradle.internal.dispatch.MethodInvocation.invokeOn(MethodInvocation.java:77)
  at org.gradle.internal.dispatch.ReflectionDispatch.dispatch(ReflectionDispatch.java:28)
  at org.gradle.internal.dispatch.ReflectionDispatch.dispatch(ReflectionDispatch.java:19)
  at org.gradle.internal.dispatch.ContextClassLoaderDispatch.dispatch(ContextClassLoaderDispatch.java:33)
  at org.gradle.internal.dispatch.ProxyDispatchAdapter$DispatchingInvocationHandler.invoke(ProxyDispatchAdapter.java:88)
  at jdk.proxy1/jdk.proxy1.$Proxy4.processTestDefinition(Unknown Source)
  at org.gradle.api.internal.tasks.testing.worker.TestWorker$2.run(TestWorker.java:178)
  at org.gradle.api.internal.tasks.testing.worker.TestWorker.executeAndMaintainThreadName(TestWorker.java:126)
  at org.gradle.api.internal.tasks.testing.worker.TestWorker.execute(TestWorker.java:103)
  at org.gradle.api.internal.tasks.testing.worker.TestWorker.execute(TestWorker.java:63)
  at org.gradle.process.internal.worker.child.ActionExecutionWorker.execute(ActionExecutionWorker.java:56)
  at org.gradle.process.internal.worker.child.SystemApplicationClassLoaderWorker.call(SystemApplicationClassLoaderWorker.java:122)
  at org.gradle.process.internal.worker.child.SystemApplicationClassLoaderWorker.call(SystemApplicationClassLoaderWorker.java:72)
  at worker.org.gradle.process.internal.worker.GradleWorkerMain.run(GradleWorkerMain.java:69)
  at worker.org.gradle.process.internal.worker.GradleWorkerMain.main(GradleWorkerMain.java:74)
</stacktrace>
</test-failure>


TypeScriptCompilerTests_E[jvm] > esmNoSynthesizedDefault_ts__module_esnext__has expected errors matching baseline[jvm] FAILED

<test-failure test="com.xemantic.typescript.compiler.TypeScriptCompilerTests_E.exportStarFromEmptyModule_ts__target_es5__has expected errors matching baseline" platform="jvm">
<message>
--- expected
+++ actual
@@ -1,6 +1,4 @@
 error TS5107: Option 'target=ES5' is deprecated and will stop functioning in TypeScript 7.0. Specify compilerOption '"ignoreDeprecations": "6.0"' to silence this error.
-exportStarFromEmptyModule_module3.ts(1,15): error TS2306: File 'exportStarFromEmptyModule_module2.ts' is not a module.
-exportStarFromEmptyModule_module4.ts(4,5): error TS2339: Property 'r' does not exist on type 'typeof A'.
 
 
 !!! error TS5107: Option 'target=ES5' is deprecated and will stop functioning in TypeScript 7.0. Specify compilerOption '"ignoreDeprecations": "6.0"' to silence this error.
@@ -12,20 +10,16 @@
 ==== exportStarFromEmptyModule_module2.ts (0 errors) ====
     // empty
     
-==== exportStarFromEmptyModule_module3.ts (1 errors) ====
+==== exportStarFromEmptyModule_module3.ts (0 errors) ====
     export * from "./exportStarFromEmptyModule_module2";
-                  ~~~~~~~~~~~~~~~~~~~~~~~~~~~~~~~~~~~~~
-!!! error TS2306: File 'exportStarFromEmptyModule_module2.ts' is not a module.
     export * from "./exportStarFromEmptyModule_module1";
     
     export class A {
         static q;
     }
     
-==== exportStarFromEmptyModule_module4.ts (1 errors) ====
+==== exportStarFromEmptyModule_module4.ts (0 errors) ====
     import * as X from "./exportStarFromEmptyModule_module3";
     var s: X.A;
     X.A.q;
     X.A.r; // Error
-        ~
-!!! error TS2339: Property 'r' does not exist on type 'typeof A'.

</message>
<stacktrace>
  at org.junit.Assert.fail(Assert.java:89)
  at kotlin.test.junit.JUnitAsserter.fail(JUnitSupport.kt:56)
  at kotlin.test.AssertionsKt__AssertionsKt.fail(Assertions.kt:563)
  at kotlin.test.AssertionsKt.fail(Unknown Source)
  at com.xemantic.kotlin.test.SameAsKt.sameAs(SameAs.kt:52)
  at com.xemantic.typescript.compiler.TypeScriptTestSupportKt.errorsMatchBaseline(TypeScriptTestSupport.kt:135)
  at com.xemantic.typescript.compiler.TypeScriptCompilerTests_E.exportStarFromEmptyModule_ts__target_es5__has expected errors matching baseline(TypeScriptCompilerTests_E.kt:6069)
  at java.base/jdk.internal.reflect.DirectMethodHandleAccessor.invoke(DirectMethodHandleAccessor.java:104)
  at java.base/java.lang.reflect.Method.invoke(Method.java:565)
  at org.junit.runners.model.FrameworkMethod$1.runReflectiveCall(FrameworkMethod.java:59)
  at org.junit.internal.runners.model.ReflectiveCallable.run(ReflectiveCallable.java:12)
  at org.junit.runners.model.FrameworkMethod.invokeExplosively(FrameworkMethod.java:56)
  at org.junit.internal.runners.statements.InvokeMethod.evaluate(InvokeMethod.java:17)
  at org.junit.runners.ParentRunner$3.evaluate(ParentRunner.java:306)
  at org.junit.runners.BlockJUnit4ClassRunner$1.evaluate(BlockJUnit4ClassRunner.java:100)
  at org.junit.runners.ParentRunner.runLeaf(ParentRunner.java:366)
  at org.junit.runners.BlockJUnit4ClassRunner.runChild(BlockJUnit4ClassRunner.java:103)
  at org.junit.runners.BlockJUnit4ClassRunner.runChild(BlockJUnit4ClassRunner.java:63)
  at org.junit.runners.ParentRunner$4.run(ParentRunner.java:331)
  at org.junit.runners.ParentRunner$1.schedule(ParentRunner.java:79)
  at org.junit.runners.ParentRunner.runChildren(ParentRunner.java:329)
  at org.junit.runners.ParentRunner.access$100(ParentRunner.java:66)
  at org.junit.runners.ParentRunner$2.evaluate(ParentRunner.java:293)
  at org.junit.runners.ParentRunner$3.evaluate(ParentRunner.java:306)
  at org.junit.runners.ParentRunner.run(ParentRunner.java:413)
  at org.junit.runner.JUnitCore.run(JUnitCore.java:137)
  at org.junit.runner.JUnitCore.run(JUnitCore.java:115)
  at org.gradle.api.internal.tasks.testing.junit.JUnitTestExecutor.runRequest(JUnitTestExecutor.java:175)
  at org.gradle.api.internal.tasks.testing.junit.JUnitTestExecutor.accept(JUnitTestExecutor.java:84)
  at org.gradle.api.internal.tasks.testing.junit.JUnitTestExecutor.accept(JUnitTestExecutor.java:47)
  at org.gradle.api.internal.tasks.testing.junit.AbstractJUnitTestDefinitionProcessor.processTestDefinition(AbstractJUnitTestDefinitionProcessor.java:65)
  at org.gradle.api.internal.tasks.testing.SuiteTestDefinitionProcessor.processTestDefinition(SuiteTestDefinitionProcessor.java:54)
  at java.base/jdk.internal.reflect.DirectMethodHandleAccessor.invoke(DirectMethodHandleAccessor.java:104)
  at java.base/java.lang.reflect.Method.invoke(Method.java:565)
  at org.gradle.internal.dispatch.MethodInvocation.invokeOn(MethodInvocation.java:77)
  at org.gradle.internal.dispatch.ReflectionDispatch.dispatch(ReflectionDispatch.java:28)
  at org.gradle.internal.dispatch.ReflectionDispatch.dispatch(ReflectionDispatch.java:19)
  at org.gradle.internal.dispatch.ContextClassLoaderDispatch.dispatch(ContextClassLoaderDispatch.java:33)
  at org.gradle.internal.dispatch.ProxyDispatchAdapter$DispatchingInvocationHandler.invoke(ProxyDispatchAdapter.java:88)
  at jdk.proxy1/jdk.proxy1.$Proxy4.processTestDefinition(Unknown Source)
  at org.gradle.api.internal.tasks.testing.worker.TestWorker$2.run(TestWorker.java:178)
  at org.gradle.api.internal.tasks.testing.worker.TestWorker.executeAndMaintainThreadName(TestWorker.java:126)
  at org.gradle.api.internal.tasks.testing.worker.TestWorker.execute(TestWorker.java:103)
  at org.gradle.api.internal.tasks.testing.worker.TestWorker.execute(TestWorker.java:63)
  at org.gradle.process.internal.worker.child.ActionExecutionWorker.execute(ActionExecutionWorker.java:56)
  at org.gradle.process.internal.worker.child.SystemApplicationClassLoaderWorker.call(SystemApplicationClassLoaderWorker.java:122)
  at org.gradle.process.internal.worker.child.SystemApplicationClassLoaderWorker.call(SystemApplicationClassLoaderWorker.java:72)
  at worker.org.gradle.process.internal.worker.GradleWorkerMain.run(GradleWorkerMain.java:69)
  at worker.org.gradle.process.internal.worker.GradleWorkerMain.main(GradleWorkerMain.java:74)
</stacktrace>
</test-failure>


TypeScriptCompilerTests_E[jvm] > exportStarFromEmptyModule_ts__target_es5__has expected errors matching baseline[jvm] FAILED

<test-failure test="com.xemantic.typescript.compiler.TypeScriptCompilerTests_E.exportAssignmentWithDeclareAndExportModifiers_ts has expected errors matching exportAssignmentWithDeclareAndExportModifiers_errors_txt" platform="jvm">
<message>
Expected diagnostics from baseline typescript-repo/tests/baselines/reference/exportAssignmentWithDeclareAndExportModifiers.errors.txt but none produced
</message>
<stacktrace>
  at com.xemantic.typescript.compiler.TypeScriptTestSupportKt.errorsMatchBaseline(TypeScriptTestSupport.kt:125)
  at com.xemantic.typescript.compiler.TypeScriptCompilerTests_E.exportAssignmentWithDeclareAndExportModifiers_ts has expected errors matching exportAssignmentWithDeclareAndExportModifiers_errors_txt(TypeScriptCompilerTests_E.kt:4788)
  at java.base/jdk.internal.reflect.DirectMethodHandleAccessor.invoke(DirectMethodHandleAccessor.java:104)
  at java.base/java.lang.reflect.Method.invoke(Method.java:565)
  at org.junit.runners.model.FrameworkMethod$1.runReflectiveCall(FrameworkMethod.java:59)
  at org.junit.internal.runners.model.ReflectiveCallable.run(ReflectiveCallable.java:12)
  at org.junit.runners.model.FrameworkMethod.invokeExplosively(FrameworkMethod.java:56)
  at org.junit.internal.runners.statements.InvokeMethod.evaluate(InvokeMethod.java:17)
  at org.junit.runners.ParentRunner$3.evaluate(ParentRunner.java:306)
  at org.junit.runners.BlockJUnit4ClassRunner$1.evaluate(BlockJUnit4ClassRunner.java:100)
  at org.junit.runners.ParentRunner.runLeaf(ParentRunner.java:366)
  at org.junit.runners.BlockJUnit4ClassRunner.runChild(BlockJUnit4ClassRunner.java:103)
  at org.junit.runners.BlockJUnit4ClassRunner.runChild(BlockJUnit4ClassRunner.java:63)
  at org.junit.runners.ParentRunner$4.run(ParentRunner.java:331)
  at org.junit.runners.ParentRunner$1.schedule(ParentRunner.java:79)
  at org.junit.runners.ParentRunner.runChildren(ParentRunner.java:329)
  at org.junit.runners.ParentRunner.access$100(ParentRunner.java:66)
  at org.junit.runners.ParentRunner$2.evaluate(ParentRunner.java:293)
  at org.junit.runners.ParentRunner$3.evaluate(ParentRunner.java:306)
  at org.junit.runners.ParentRunner.run(ParentRunner.java:413)
  at org.junit.runner.JUnitCore.run(JUnitCore.java:137)
  at org.junit.runner.JUnitCore.run(JUnitCore.java:115)
  at org.gradle.api.internal.tasks.testing.junit.JUnitTestExecutor.runRequest(JUnitTestExecutor.java:175)
  at org.gradle.api.internal.tasks.testing.junit.JUnitTestExecutor.accept(JUnitTestExecutor.java:84)
  at org.gradle.api.internal.tasks.testing.junit.JUnitTestExecutor.accept(JUnitTestExecutor.java:47)
  at org.gradle.api.internal.tasks.testing.junit.AbstractJUnitTestDefinitionProcessor.processTestDefinition(AbstractJUnitTestDefinitionProcessor.java:65)
  at org.gradle.api.internal.tasks.testing.SuiteTestDefinitionProcessor.processTestDefinition(SuiteTestDefinitionProcessor.java:54)
  at java.base/jdk.internal.reflect.DirectMethodHandleAccessor.invoke(DirectMethodHandleAccessor.java:104)
  at java.base/java.lang.reflect.Method.invoke(Method.java:565)
  at org.gradle.internal.dispatch.MethodInvocation.invokeOn(MethodInvocation.java:77)
  at org.gradle.internal.dispatch.ReflectionDispatch.dispatch(ReflectionDispatch.java:28)
  at org.gradle.internal.dispatch.ReflectionDispatch.dispatch(ReflectionDispatch.java:19)
  at org.gradle.internal.dispatch.ContextClassLoaderDispatch.dispatch(ContextClassLoaderDispatch.java:33)
  at org.gradle.internal.dispatch.ProxyDispatchAdapter$DispatchingInvocationHandler.invoke(ProxyDispatchAdapter.java:88)
  at jdk.proxy1/jdk.proxy1.$Proxy4.processTestDefinition(Unknown Source)
  at org.gradle.api.internal.tasks.testing.worker.TestWorker$2.run(TestWorker.java:178)
  at org.gradle.api.internal.tasks.testing.worker.TestWorker.executeAndMaintainThreadName(TestWorker.java:126)
  at org.gradle.api.internal.tasks.testing.worker.TestWorker.execute(TestWorker.java:103)
  at org.gradle.api.internal.tasks.testing.worker.TestWorker.execute(TestWorker.java:63)
  at org.gradle.process.internal.worker.child.ActionExecutionWorker.execute(ActionExecutionWorker.java:56)
  at org.gradle.process.internal.worker.child.SystemApplicationClassLoaderWorker.call(SystemApplicationClassLoaderWorker.java:122)
  at org.gradle.process.internal.worker.child.SystemApplicationClassLoaderWorker.call(SystemApplicationClassLoaderWorker.java:72)
  at worker.org.gradle.process.internal.worker.GradleWorkerMain.run(GradleWorkerMain.java:69)
  at worker.org.gradle.process.internal.worker.GradleWorkerMain.main(GradleWorkerMain.java:74)
</stacktrace>
</test-failure>


TypeScriptCompilerTests_E[jvm] > exportAssignmentWithDeclareAndExportModifiers_ts has expected errors matching exportAssignmentWithDeclareAndExportModifiers_errors_txt[jvm] FAILED

<test-failure test="com.xemantic.typescript.compiler.TypeScriptCompilerTests_E.exportDefaultInterfaceClassAndFunctionOverloads_ts has expected errors matching exportDefaultInterfaceClassAndFunctionOverloads_errors_txt" platform="jvm">
<message>
--- expected
+++ actual
@@ -1,29 +1,26 @@
-exportDefaultInterfaceClassAndFunctionOverloads.ts(1,25): error TS2528: A module cannot have multiple default exports.
-exportDefaultInterfaceClassAndFunctionOverloads.ts(2,25): error TS2528: A module cannot have multiple default exports.
-exportDefaultInterfaceClassAndFunctionOverloads.ts(3,25): error TS2528: A module cannot have multiple default exports.
-exportDefaultInterfaceClassAndFunctionOverloads.ts(7,16): error TS2528: A module cannot have multiple default exports.
+exportDefaultInterfaceClassAndFunctionOverloads.ts(1,25): error TS2323: Cannot redeclare exported variable 'default'.
+exportDefaultInterfaceClassAndFunctionOverloads.ts(2,25): error TS2323: Cannot redeclare exported variable 'default'.
+exportDefaultInterfaceClassAndFunctionOverloads.ts(3,25): error TS2323: Cannot redeclare exported variable 'default'.
+exportDefaultInterfaceClassAndFunctionOverloads.ts(7,1): error TS2323: Cannot redeclare exported variable 'default'.
+exportDefaultInterfaceClassAndFunctionOverloads.ts(8,26): error TS2323: Cannot redeclare exported variable 'default'.
 
 
-==== exportDefaultInterfaceClassAndFunctionOverloads.ts (4 errors) ====
+==== exportDefaultInterfaceClassAndFunctionOverloads.ts (5 errors) ====
     export default function foo(value: number): number
                             ~~~
-!!! error TS2528: A module cannot have multiple default exports.
-!!! related TS2753 exportDefaultInterfaceClassAndFunctionOverloads.ts:7:16: Another export default is here.
+!!! error TS2323: Cannot redeclare exported variable 'default'.
     export default function foo(value: string): string
                             ~~~
-!!! error TS2528: A module cannot have multiple default exports.
-!!! related TS6204 exportDefaultInterfaceClassAndFunctionOverloads.ts:7:16: and here.
+!!! error TS2323: Cannot redeclare exported variable 'default'.
     export default function foo(value: string | number): string | number {
                             ~~~
-!!! error TS2528: A module cannot have multiple default exports.
-!!! related TS6204 exportDefaultInterfaceClassAndFunctionOverloads.ts:7:16: and here.
+!!! error TS2323: Cannot redeclare exported variable 'default'.
         return 1
     }
     declare class Foo {}
     export default Foo
-                   ~~~
-!!! error TS2528: A module cannot have multiple default exports.
-!!! related TS2752 exportDefaultInterfaceClassAndFunctionOverloads.ts:1:25: The first export default is here.
-!!! related TS2752 exportDefaultInterfaceClassAndFunctionOverloads.ts:2:25: The first export default is here.
-!!! related TS2752 exportDefaultInterfaceClassAndFunctionOverloads.ts:3:25: The first export default is here.
+    ~~~~~~~~~~~~~~~~~~
+!!! error TS2323: Cannot redeclare exported variable 'default'.
     export default interface Bar {}
+                             ~~~
+!!! error TS2323: Cannot redeclare exported variable 'default'.

</message>
<stacktrace>
  at org.junit.Assert.fail(Assert.java:89)
  at kotlin.test.junit.JUnitAsserter.fail(JUnitSupport.kt:56)
  at kotlin.test.AssertionsKt__AssertionsKt.fail(Assertions.kt:563)
  at kotlin.test.AssertionsKt.fail(Unknown Source)
  at com.xemantic.kotlin.test.SameAsKt.sameAs(SameAs.kt:52)
  at com.xemantic.typescript.compiler.TypeScriptTestSupportKt.errorsMatchBaseline(TypeScriptTestSupport.kt:135)
  at com.xemantic.typescript.compiler.TypeScriptCompilerTests_E.exportDefaultInterfaceClassAndFunctionOverloads_ts has expected errors matching exportDefaultInterfaceClassAndFunctionOverloads_errors_txt(TypeScriptCompilerTests_E.kt:5159)
  at java.base/jdk.internal.reflect.DirectMethodHandleAccessor.invoke(DirectMethodHandleAccessor.java:104)
  at java.base/java.lang.reflect.Method.invoke(Method.java:565)
  at org.junit.runners.model.FrameworkMethod$1.runReflectiveCall(FrameworkMethod.java:59)
  at org.junit.internal.runners.model.ReflectiveCallable.run(ReflectiveCallable.java:12)
  at org.junit.runners.model.FrameworkMethod.invokeExplosively(FrameworkMethod.java:56)
  at org.junit.internal.runners.statements.InvokeMethod.evaluate(InvokeMethod.java:17)
  at org.junit.runners.ParentRunner$3.evaluate(ParentRunner.java:306)
  at org.junit.runners.BlockJUnit4ClassRunner$1.evaluate(BlockJUnit4ClassRunner.java:100)
  at org.junit.runners.ParentRunner.runLeaf(ParentRunner.java:366)
  at org.junit.runners.BlockJUnit4ClassRunner.runChild(BlockJUnit4ClassRunner.java:103)
  at org.junit.runners.BlockJUnit4ClassRunner.runChild(BlockJUnit4ClassRunner.java:63)
  at org.junit.runners.ParentRunner$4.run(ParentRunner.java:331)
  at org.junit.runners.ParentRunner$1.schedule(ParentRunner.java:79)
  at org.junit.runners.ParentRunner.runChildren(ParentRunner.java:329)
  at org.junit.runners.ParentRunner.access$100(ParentRunner.java:66)
  at org.junit.runners.ParentRunner$2.evaluate(ParentRunner.java:293)
  at org.junit.runners.ParentRunner$3.evaluate(ParentRunner.java:306)
  at org.junit.runners.ParentRunner.run(ParentRunner.java:413)
  at org.junit.runner.JUnitCore.run(JUnitCore.java:137)
  at org.junit.runner.JUnitCore.run(JUnitCore.java:115)
  at org.gradle.api.internal.tasks.testing.junit.JUnitTestExecutor.runRequest(JUnitTestExecutor.java:175)
  at org.gradle.api.internal.tasks.testing.junit.JUnitTestExecutor.accept(JUnitTestExecutor.java:84)
  at org.gradle.api.internal.tasks.testing.junit.JUnitTestExecutor.accept(JUnitTestExecutor.java:47)
  at org.gradle.api.internal.tasks.testing.junit.AbstractJUnitTestDefinitionProcessor.processTestDefinition(AbstractJUnitTestDefinitionProcessor.java:65)
  at org.gradle.api.internal.tasks.testing.SuiteTestDefinitionProcessor.processTestDefinition(SuiteTestDefinitionProcessor.java:54)
  at java.base/jdk.internal.reflect.DirectMethodHandleAccessor.invoke(DirectMethodHandleAccessor.java:104)
  at java.base/java.lang.reflect.Method.invoke(Method.java:565)
  at org.gradle.internal.dispatch.MethodInvocation.invokeOn(MethodInvocation.java:77)
  at org.gradle.internal.dispatch.ReflectionDispatch.dispatch(ReflectionDispatch.java:28)
  at org.gradle.internal.dispatch.ReflectionDispatch.dispatch(ReflectionDispatch.java:19)
  at org.gradle.internal.dispatch.ContextClassLoaderDispatch.dispatch(ContextClassLoaderDispatch.java:33)
  at org.gradle.internal.dispatch.ProxyDispatchAdapter$DispatchingInvocationHandler.invoke(ProxyDispatchAdapter.java:88)
  at jdk.proxy1/jdk.proxy1.$Proxy4.processTestDefinition(Unknown Source)
  at org.gradle.api.internal.tasks.testing.worker.TestWorker$2.run(TestWorker.java:178)
  at org.gradle.api.internal.tasks.testing.worker.TestWorker.executeAndMaintainThreadName(TestWorker.java:126)
  at org.gradle.api.internal.tasks.testing.worker.TestWorker.execute(TestWorker.java:103)
  at org.gradle.api.internal.tasks.testing.worker.TestWorker.execute(TestWorker.java:63)
  at org.gradle.process.internal.worker.child.ActionExecutionWorker.execute(ActionExecutionWorker.java:56)
  at org.gradle.process.internal.worker.child.SystemApplicationClassLoaderWorker.call(SystemApplicationClassLoaderWorker.java:122)
  at org.gradle.process.internal.worker.child.SystemApplicationClassLoaderWorker.call(SystemApplicationClassLoaderWorker.java:72)
  at worker.org.gradle.process.internal.worker.GradleWorkerMain.run(GradleWorkerMain.java:69)
  at worker.org.gradle.process.internal.worker.GradleWorkerMain.main(GradleWorkerMain.java:74)
</stacktrace>
</test-failure>


TypeScriptCompilerTests_E[jvm] > exportDefaultInterfaceClassAndFunctionOverloads_ts has expected errors matching exportDefaultInterfaceClassAndFunctionOverloads_errors_txt[jvm] FAILED

<test-failure test="com.xemantic.typescript.compiler.TypeScriptCompilerTests_E.enumAssignmentCompat6_ts has expected errors matching enumAssignmentCompat6_errors_txt" platform="jvm">
<message>
Expected diagnostics from baseline typescript-repo/tests/baselines/reference/enumAssignmentCompat6.errors.txt but none produced
</message>
<stacktrace>
  at com.xemantic.typescript.compiler.TypeScriptTestSupportKt.errorsMatchBaseline(TypeScriptTestSupport.kt:125)
  at com.xemantic.typescript.compiler.TypeScriptCompilerTests_E.enumAssignmentCompat6_ts has expected errors matching enumAssignmentCompat6_errors_txt(TypeScriptCompilerTests_E.kt:770)
  at java.base/jdk.internal.reflect.DirectMethodHandleAccessor.invoke(DirectMethodHandleAccessor.java:104)
  at java.base/java.lang.reflect.Method.invoke(Method.java:565)
  at org.junit.runners.model.FrameworkMethod$1.runReflectiveCall(FrameworkMethod.java:59)
  at org.junit.internal.runners.model.ReflectiveCallable.run(ReflectiveCallable.java:12)
  at org.junit.runners.model.FrameworkMethod.invokeExplosively(FrameworkMethod.java:56)
  at org.junit.internal.runners.statements.InvokeMethod.evaluate(InvokeMethod.java:17)
  at org.junit.runners.ParentRunner$3.evaluate(ParentRunner.java:306)
  at org.junit.runners.BlockJUnit4ClassRunner$1.evaluate(BlockJUnit4ClassRunner.java:100)
  at org.junit.runners.ParentRunner.runLeaf(ParentRunner.java:366)
  at org.junit.runners.BlockJUnit4ClassRunner.runChild(BlockJUnit4ClassRunner.java:103)
  at org.junit.runners.BlockJUnit4ClassRunner.runChild(BlockJUnit4ClassRunner.java:63)
  at org.junit.runners.ParentRunner$4.run(ParentRunner.java:331)
  at org.junit.runners.ParentRunner$1.schedule(ParentRunner.java:79)
  at org.junit.runners.ParentRunner.runChildren(ParentRunner.java:329)
  at org.junit.runners.ParentRunner.access$100(ParentRunner.java:66)
  at org.junit.runners.ParentRunner$2.evaluate(ParentRunner.java:293)
  at org.junit.runners.ParentRunner$3.evaluate(ParentRunner.java:306)
  at org.junit.runners.ParentRunner.run(ParentRunner.java:413)
  at org.junit.runner.JUnitCore.run(JUnitCore.java:137)
  at org.junit.runner.JUnitCore.run(JUnitCore.java:115)
  at org.gradle.api.internal.tasks.testing.junit.JUnitTestExecutor.runRequest(JUnitTestExecutor.java:175)
  at org.gradle.api.internal.tasks.testing.junit.JUnitTestExecutor.accept(JUnitTestExecutor.java:84)
  at org.gradle.api.internal.tasks.testing.junit.JUnitTestExecutor.accept(JUnitTestExecutor.java:47)
  at org.gradle.api.internal.tasks.testing.junit.AbstractJUnitTestDefinitionProcessor.processTestDefinition(AbstractJUnitTestDefinitionProcessor.java:65)
  at org.gradle.api.internal.tasks.testing.SuiteTestDefinitionProcessor.processTestDefinition(SuiteTestDefinitionProcessor.java:54)
  at java.base/jdk.internal.reflect.DirectMethodHandleAccessor.invoke(DirectMethodHandleAccessor.java:104)
  at java.base/java.lang.reflect.Method.invoke(Method.java:565)
  at org.gradle.internal.dispatch.MethodInvocation.invokeOn(MethodInvocation.java:77)
  at org.gradle.internal.dispatch.ReflectionDispatch.dispatch(ReflectionDispatch.java:28)
  at org.gradle.internal.dispatch.ReflectionDispatch.dispatch(ReflectionDispatch.java:19)
  at org.gradle.internal.dispatch.ContextClassLoaderDispatch.dispatch(ContextClassLoaderDispatch.java:33)
  at org.gradle.internal.dispatch.ProxyDispatchAdapter$DispatchingInvocationHandler.invoke(ProxyDispatchAdapter.java:88)
  at jdk.proxy1/jdk.proxy1.$Proxy4.processTestDefinition(Unknown Source)
  at org.gradle.api.internal.tasks.testing.worker.TestWorker$2.run(TestWorker.java:178)
  at org.gradle.api.internal.tasks.testing.worker.TestWorker.executeAndMaintainThreadName(TestWorker.java:126)
  at org.gradle.api.internal.tasks.testing.worker.TestWorker.execute(TestWorker.java:103)
  at org.gradle.api.internal.tasks.testing.worker.TestWorker.execute(TestWorker.java:63)
  at org.gradle.process.internal.worker.child.ActionExecutionWorker.execute(ActionExecutionWorker.java:56)
  at org.gradle.process.internal.worker.child.SystemApplicationClassLoaderWorker.call(SystemApplicationClassLoaderWorker.java:122)
  at org.gradle.process.internal.worker.child.SystemApplicationClassLoaderWorker.call(SystemApplicationClassLoaderWorker.java:72)
  at worker.org.gradle.process.internal.worker.GradleWorkerMain.run(GradleWorkerMain.java:69)
  at worker.org.gradle.process.internal.worker.GradleWorkerMain.main(GradleWorkerMain.java:74)
</stacktrace>
</test-failure>


TypeScriptCompilerTests_E[jvm] > enumAssignmentCompat6_ts has expected errors matching enumAssignmentCompat6_errors_txt[jvm] FAILED

<test-failure test="com.xemantic.typescript.compiler.TypeScriptCompilerTests_E.externalModuleImmutableBindings_ts has expected errors matching externalModuleImmutableBindings_errors_txt" platform="jvm">
<message>
Expected diagnostics from baseline typescript-repo/tests/baselines/reference/externalModuleImmutableBindings.errors.txt but none produced
</message>
<stacktrace>
  at com.xemantic.typescript.compiler.TypeScriptTestSupportKt.errorsMatchBaseline(TypeScriptTestSupport.kt:125)
  at com.xemantic.typescript.compiler.TypeScriptCompilerTests_E.externalModuleImmutableBindings_ts has expected errors matching externalModuleImmutableBindings_errors_txt(TypeScriptCompilerTests_E.kt:6664)
  at java.base/jdk.internal.reflect.DirectMethodHandleAccessor.invoke(DirectMethodHandleAccessor.java:104)
  at java.base/java.lang.reflect.Method.invoke(Method.java:565)
  at org.junit.runners.model.FrameworkMethod$1.runReflectiveCall(FrameworkMethod.java:59)
  at org.junit.internal.runners.model.ReflectiveCallable.run(ReflectiveCallable.java:12)
  at org.junit.runners.model.FrameworkMethod.invokeExplosively(FrameworkMethod.java:56)
  at org.junit.internal.runners.statements.InvokeMethod.evaluate(InvokeMethod.java:17)
  at org.junit.runners.ParentRunner$3.evaluate(ParentRunner.java:306)
  at org.junit.runners.BlockJUnit4ClassRunner$1.evaluate(BlockJUnit4ClassRunner.java:100)
  at org.junit.runners.ParentRunner.runLeaf(ParentRunner.java:366)
  at org.junit.runners.BlockJUnit4ClassRunner.runChild(BlockJUnit4ClassRunner.java:103)
  at org.junit.runners.BlockJUnit4ClassRunner.runChild(BlockJUnit4ClassRunner.java:63)
  at org.junit.runners.ParentRunner$4.run(ParentRunner.java:331)
  at org.junit.runners.ParentRunner$1.schedule(ParentRunner.java:79)
  at org.junit.runners.ParentRunner.runChildren(ParentRunner.java:329)
  at org.junit.runners.ParentRunner.access$100(ParentRunner.java:66)
  at org.junit.runners.ParentRunner$2.evaluate(ParentRunner.java:293)
  at org.junit.runners.ParentRunner$3.evaluate(ParentRunner.java:306)
  at org.junit.runners.ParentRunner.run(ParentRunner.java:413)
  at org.junit.runner.JUnitCore.run(JUnitCore.java:137)
  at org.junit.runner.JUnitCore.run(JUnitCore.java:115)
  at org.gradle.api.internal.tasks.testing.junit.JUnitTestExecutor.runRequest(JUnitTestExecutor.java:175)
  at org.gradle.api.internal.tasks.testing.junit.JUnitTestExecutor.accept(JUnitTestExecutor.java:84)
  at org.gradle.api.internal.tasks.testing.junit.JUnitTestExecutor.accept(JUnitTestExecutor.java:47)
  at org.gradle.api.internal.tasks.testing.junit.AbstractJUnitTestDefinitionProcessor.processTestDefinition(AbstractJUnitTestDefinitionProcessor.java:65)
  at org.gradle.api.internal.tasks.testing.SuiteTestDefinitionProcessor.processTestDefinition(SuiteTestDefinitionProcessor.java:54)
  at java.base/jdk.internal.reflect.DirectMethodHandleAccessor.invoke(DirectMethodHandleAccessor.java:104)
  at java.base/java.lang.reflect.Method.invoke(Method.java:565)
  at org.gradle.internal.dispatch.MethodInvocation.invokeOn(MethodInvocation.java:77)
  at org.gradle.internal.dispatch.ReflectionDispatch.dispatch(ReflectionDispatch.java:28)
  at org.gradle.internal.dispatch.ReflectionDispatch.dispatch(ReflectionDispatch.java:19)
  at org.gradle.internal.dispatch.ContextClassLoaderDispatch.dispatch(ContextClassLoaderDispatch.java:33)
  at org.gradle.internal.dispatch.ProxyDispatchAdapter$DispatchingInvocationHandler.invoke(ProxyDispatchAdapter.java:88)
  at jdk.proxy1/jdk.proxy1.$Proxy4.processTestDefinition(Unknown Source)
  at org.gradle.api.internal.tasks.testing.worker.TestWorker$2.run(TestWorker.java:178)
  at org.gradle.api.internal.tasks.testing.worker.TestWorker.executeAndMaintainThreadName(TestWorker.java:126)
  at org.gradle.api.internal.tasks.testing.worker.TestWorker.execute(TestWorker.java:103)
  at org.gradle.api.internal.tasks.testing.worker.TestWorker.execute(TestWorker.java:63)
  at org.gradle.process.internal.worker.child.ActionExecutionWorker.execute(ActionExecutionWorker.java:56)
  at org.gradle.process.internal.worker.child.SystemApplicationClassLoaderWorker.call(SystemApplicationClassLoaderWorker.java:122)
  at org.gradle.process.internal.worker.child.SystemApplicationClassLoaderWorker.call(SystemApplicationClassLoaderWorker.java:72)
  at worker.org.gradle.process.internal.worker.GradleWorkerMain.run(GradleWorkerMain.java:69)
  at worker.org.gradle.process.internal.worker.GradleWorkerMain.main(GradleWorkerMain.java:74)
</stacktrace>
</test-failure>


TypeScriptCompilerTests_E[jvm] > externalModuleImmutableBindings_ts has expected errors matching externalModuleImmutableBindings_errors_txt[jvm] FAILED

<test-failure test="com.xemantic.typescript.compiler.TypeScriptCompilerTests_E.excessPropertyCheckWithSpread_ts has expected errors matching excessPropertyCheckWithSpread_errors_txt" platform="jvm">
<message>
Expected diagnostics from baseline typescript-repo/tests/baselines/reference/excessPropertyCheckWithSpread.errors.txt but none produced
</message>
<stacktrace>
  at com.xemantic.typescript.compiler.TypeScriptTestSupportKt.errorsMatchBaseline(TypeScriptTestSupport.kt:125)
  at com.xemantic.typescript.compiler.TypeScriptCompilerTests_E.excessPropertyCheckWithSpread_ts has expected errors matching excessPropertyCheckWithSpread_errors_txt(TypeScriptCompilerTests_E.kt:4319)
  at java.base/jdk.internal.reflect.DirectMethodHandleAccessor.invoke(DirectMethodHandleAccessor.java:104)
  at java.base/java.lang.reflect.Method.invoke(Method.java:565)
  at org.junit.runners.model.FrameworkMethod$1.runReflectiveCall(FrameworkMethod.java:59)
  at org.junit.internal.runners.model.ReflectiveCallable.run(ReflectiveCallable.java:12)
  at org.junit.runners.model.FrameworkMethod.invokeExplosively(FrameworkMethod.java:56)
  at org.junit.internal.runners.statements.InvokeMethod.evaluate(InvokeMethod.java:17)
  at org.junit.runners.ParentRunner$3.evaluate(ParentRunner.java:306)
  at org.junit.runners.BlockJUnit4ClassRunner$1.evaluate(BlockJUnit4ClassRunner.java:100)
  at org.junit.runners.ParentRunner.runLeaf(ParentRunner.java:366)
  at org.junit.runners.BlockJUnit4ClassRunner.runChild(BlockJUnit4ClassRunner.java:103)
  at org.junit.runners.BlockJUnit4ClassRunner.runChild(BlockJUnit4ClassRunner.java:63)
  at org.junit.runners.ParentRunner$4.run(ParentRunner.java:331)
  at org.junit.runners.ParentRunner$1.schedule(ParentRunner.java:79)
  at org.junit.runners.ParentRunner.runChildren(ParentRunner.java:329)
  at org.junit.runners.ParentRunner.access$100(ParentRunner.java:66)
  at org.junit.runners.ParentRunner$2.evaluate(ParentRunner.java:293)
  at org.junit.runners.ParentRunner$3.evaluate(ParentRunner.java:306)
  at org.junit.runners.ParentRunner.run(ParentRunner.java:413)
  at org.junit.runner.JUnitCore.run(JUnitCore.java:137)
  at org.junit.runner.JUnitCore.run(JUnitCore.java:115)
  at org.gradle.api.internal.tasks.testing.junit.JUnitTestExecutor.runRequest(JUnitTestExecutor.java:175)
  at org.gradle.api.internal.tasks.testing.junit.JUnitTestExecutor.accept(JUnitTestExecutor.java:84)
  at org.gradle.api.internal.tasks.testing.junit.JUnitTestExecutor.accept(JUnitTestExecutor.java:47)
  at org.gradle.api.internal.tasks.testing.junit.AbstractJUnitTestDefinitionProcessor.processTestDefinition(AbstractJUnitTestDefinitionProcessor.java:65)
  at org.gradle.api.internal.tasks.testing.SuiteTestDefinitionProcessor.processTestDefinition(SuiteTestDefinitionProcessor.java:54)
  at java.base/jdk.internal.reflect.DirectMethodHandleAccessor.invoke(DirectMethodHandleAccessor.java:104)
  at java.base/java.lang.reflect.Method.invoke(Method.java:565)
  at org.gradle.internal.dispatch.MethodInvocation.invokeOn(MethodInvocation.java:77)
  at org.gradle.internal.dispatch.ReflectionDispatch.dispatch(ReflectionDispatch.java:28)
  at org.gradle.internal.dispatch.ReflectionDispatch.dispatch(ReflectionDispatch.java:19)
  at org.gradle.internal.dispatch.ContextClassLoaderDispatch.dispatch(ContextClassLoaderDispatch.java:33)
  at org.gradle.internal.dispatch.ProxyDispatchAdapter$DispatchingInvocationHandler.invoke(ProxyDispatchAdapter.java:88)
  at jdk.proxy1/jdk.proxy1.$Proxy4.processTestDefinition(Unknown Source)
  at org.gradle.api.internal.tasks.testing.worker.TestWorker$2.run(TestWorker.java:178)
  at org.gradle.api.internal.tasks.testing.worker.TestWorker.executeAndMaintainThreadName(TestWorker.java:126)
  at org.gradle.api.internal.tasks.testing.worker.TestWorker.execute(TestWorker.java:103)
  at org.gradle.api.internal.tasks.testing.worker.TestWorker.execute(TestWorker.java:63)
  at org.gradle.process.internal.worker.child.ActionExecutionWorker.execute(ActionExecutionWorker.java:56)
  at org.gradle.process.internal.worker.child.SystemApplicationClassLoaderWorker.call(SystemApplicationClassLoaderWorker.java:122)
  at org.gradle.process.internal.worker.child.SystemApplicationClassLoaderWorker.call(SystemApplicationClassLoaderWorker.java:72)
  at worker.org.gradle.process.internal.worker.GradleWorkerMain.run(GradleWorkerMain.java:69)
  at worker.org.gradle.process.internal.worker.GradleWorkerMain.main(GradleWorkerMain.java:74)
</stacktrace>
</test-failure>


TypeScriptCompilerTests_E[jvm] > excessPropertyCheckWithSpread_ts has expected errors matching excessPropertyCheckWithSpread_errors_txt[jvm] FAILED

<test-failure test="com.xemantic.typescript.compiler.TypeScriptCompilerTests_E.es6ImportDefaultBindingMergeErrors_ts__target_es2015__has expected errors matching baseline" platform="jvm">
<message>
Expected diagnostics from baseline typescript-repo/tests/baselines/reference/es6ImportDefaultBindingMergeErrors(target=es2015).errors.txt but none produced
</message>
<stacktrace>
  at com.xemantic.typescript.compiler.TypeScriptTestSupportKt.errorsMatchBaseline(TypeScriptTestSupport.kt:125)
  at com.xemantic.typescript.compiler.TypeScriptCompilerTests_E.es6ImportDefaultBindingMergeErrors_ts__target_es2015__has expected errors matching baseline(TypeScriptCompilerTests_E.kt:3381)
  at java.base/jdk.internal.reflect.DirectMethodHandleAccessor.invoke(DirectMethodHandleAccessor.java:104)
  at java.base/java.lang.reflect.Method.invoke(Method.java:565)
  at org.junit.runners.model.FrameworkMethod$1.runReflectiveCall(FrameworkMethod.java:59)
  at org.junit.internal.runners.model.ReflectiveCallable.run(ReflectiveCallable.java:12)
  at org.junit.runners.model.FrameworkMethod.invokeExplosively(FrameworkMethod.java:56)
  at org.junit.internal.runners.statements.InvokeMethod.evaluate(InvokeMethod.java:17)
  at org.junit.runners.ParentRunner$3.evaluate(ParentRunner.java:306)
  at org.junit.runners.BlockJUnit4ClassRunner$1.evaluate(BlockJUnit4ClassRunner.java:100)
  at org.junit.runners.ParentRunner.runLeaf(ParentRunner.java:366)
  at org.junit.runners.BlockJUnit4ClassRunner.runChild(BlockJUnit4ClassRunner.java:103)
  at org.junit.runners.BlockJUnit4ClassRunner.runChild(BlockJUnit4ClassRunner.java:63)
  at org.junit.runners.ParentRunner$4.run(ParentRunner.java:331)
  at org.junit.runners.ParentRunner$1.schedule(ParentRunner.java:79)
  at org.junit.runners.ParentRunner.runChildren(ParentRunner.java:329)
  at org.junit.runners.ParentRunner.access$100(ParentRunner.java:66)
  at org.junit.runners.ParentRunner$2.evaluate(ParentRunner.java:293)
  at org.junit.runners.ParentRunner$3.evaluate(ParentRunner.java:306)
  at org.junit.runners.ParentRunner.run(ParentRunner.java:413)
  at org.junit.runner.JUnitCore.run(JUnitCore.java:137)
  at org.junit.runner.JUnitCore.run(JUnitCore.java:115)
  at org.gradle.api.internal.tasks.testing.junit.JUnitTestExecutor.runRequest(JUnitTestExecutor.java:175)
  at org.gradle.api.internal.tasks.testing.junit.JUnitTestExecutor.accept(JUnitTestExecutor.java:84)
  at org.gradle.api.internal.tasks.testing.junit.JUnitTestExecutor.accept(JUnitTestExecutor.java:47)
  at org.gradle.api.internal.tasks.testing.junit.AbstractJUnitTestDefinitionProcessor.processTestDefinition(AbstractJUnitTestDefinitionProcessor.java:65)
  at org.gradle.api.internal.tasks.testing.SuiteTestDefinitionProcessor.processTestDefinition(SuiteTestDefinitionProcessor.java:54)
  at java.base/jdk.internal.reflect.DirectMethodHandleAccessor.invoke(DirectMethodHandleAccessor.java:104)
  at java.base/java.lang.reflect.Method.invoke(Method.java:565)
  at org.gradle.internal.dispatch.MethodInvocation.invokeOn(MethodInvocation.java:77)
  at org.gradle.internal.dispatch.ReflectionDispatch.dispatch(ReflectionDispatch.java:28)
  at org.gradle.internal.dispatch.ReflectionDispatch.dispatch(ReflectionDispatch.java:19)
  at org.gradle.internal.dispatch.ContextClassLoaderDispatch.dispatch(ContextClassLoaderDispatch.java:33)
  at org.gradle.internal.dispatch.ProxyDispatchAdapter$DispatchingInvocationHandler.invoke(ProxyDispatchAdapter.java:88)
  at jdk.proxy1/jdk.proxy1.$Proxy4.processTestDefinition(Unknown Source)
  at org.gradle.api.internal.tasks.testing.worker.TestWorker$2.run(TestWorker.java:178)
  at org.gradle.api.internal.tasks.testing.worker.TestWorker.executeAndMaintainThreadName(TestWorker.java:126)
  at org.gradle.api.internal.tasks.testing.worker.TestWorker.execute(TestWorker.java:103)
  at org.gradle.api.internal.tasks.testing.worker.TestWorker.execute(TestWorker.java:63)
  at org.gradle.process.internal.worker.child.ActionExecutionWorker.execute(ActionExecutionWorker.java:56)
  at org.gradle.process.internal.worker.child.SystemApplicationClassLoaderWorker.call(SystemApplicationClassLoaderWorker.java:122)
  at org.gradle.process.internal.worker.child.SystemApplicationClassLoaderWorker.call(SystemApplicationClassLoaderWorker.java:72)
  at worker.org.gradle.process.internal.worker.GradleWorkerMain.run(GradleWorkerMain.java:69)
  at worker.org.gradle.process.internal.worker.GradleWorkerMain.main(GradleWorkerMain.java:74)
</stacktrace>
</test-failure>


TypeScriptCompilerTests_E[jvm] > es6ImportDefaultBindingMergeErrors_ts__target_es2015__has expected errors matching baseline[jvm] FAILED

<test-failure test="com.xemantic.typescript.compiler.TypeScriptCompilerTests_E.exportClassWithoutName_ts has expected errors matching exportClassWithoutName_errors_txt" platform="jvm">
<message>
Expected diagnostics from baseline typescript-repo/tests/baselines/reference/exportClassWithoutName.errors.txt but none produced
</message>
<stacktrace>
  at com.xemantic.typescript.compiler.TypeScriptTestSupportKt.errorsMatchBaseline(TypeScriptTestSupport.kt:125)
  at com.xemantic.typescript.compiler.TypeScriptCompilerTests_E.exportClassWithoutName_ts has expected errors matching exportClassWithoutName_errors_txt(TypeScriptCompilerTests_E.kt:4907)
  at java.base/jdk.internal.reflect.DirectMethodHandleAccessor.invoke(DirectMethodHandleAccessor.java:104)
  at java.base/java.lang.reflect.Method.invoke(Method.java:565)
  at org.junit.runners.model.FrameworkMethod$1.runReflectiveCall(FrameworkMethod.java:59)
  at org.junit.internal.runners.model.ReflectiveCallable.run(ReflectiveCallable.java:12)
  at org.junit.runners.model.FrameworkMethod.invokeExplosively(FrameworkMethod.java:56)
  at org.junit.internal.runners.statements.InvokeMethod.evaluate(InvokeMethod.java:17)
  at org.junit.runners.ParentRunner$3.evaluate(ParentRunner.java:306)
  at org.junit.runners.BlockJUnit4ClassRunner$1.evaluate(BlockJUnit4ClassRunner.java:100)
  at org.junit.runners.ParentRunner.runLeaf(ParentRunner.java:366)
  at org.junit.runners.BlockJUnit4ClassRunner.runChild(BlockJUnit4ClassRunner.java:103)
  at org.junit.runners.BlockJUnit4ClassRunner.runChild(BlockJUnit4ClassRunner.java:63)
  at org.junit.runners.ParentRunner$4.run(ParentRunner.java:331)
  at org.junit.runners.ParentRunner$1.schedule(ParentRunner.java:79)
  at org.junit.runners.ParentRunner.runChildren(ParentRunner.java:329)
  at org.junit.runners.ParentRunner.access$100(ParentRunner.java:66)
  at org.junit.runners.ParentRunner$2.evaluate(ParentRunner.java:293)
  at org.junit.runners.ParentRunner$3.evaluate(ParentRunner.java:306)
  at org.junit.runners.ParentRunner.run(ParentRunner.java:413)
  at org.junit.runner.JUnitCore.run(JUnitCore.java:137)
  at org.junit.runner.JUnitCore.run(JUnitCore.java:115)
  at org.gradle.api.internal.tasks.testing.junit.JUnitTestExecutor.runRequest(JUnitTestExecutor.java:175)
  at org.gradle.api.internal.tasks.testing.junit.JUnitTestExecutor.accept(JUnitTestExecutor.java:84)
  at org.gradle.api.internal.tasks.testing.junit.JUnitTestExecutor.accept(JUnitTestExecutor.java:47)
  at org.gradle.api.internal.tasks.testing.junit.AbstractJUnitTestDefinitionProcessor.processTestDefinition(AbstractJUnitTestDefinitionProcessor.java:65)
  at org.gradle.api.internal.tasks.testing.SuiteTestDefinitionProcessor.processTestDefinition(SuiteTestDefinitionProcessor.java:54)
  at java.base/jdk.internal.reflect.DirectMethodHandleAccessor.invoke(DirectMethodHandleAccessor.java:104)
  at java.base/java.lang.reflect.Method.invoke(Method.java:565)
  at org.gradle.internal.dispatch.MethodInvocation.invokeOn(MethodInvocation.java:77)
  at org.gradle.internal.dispatch.ReflectionDispatch.dispatch(ReflectionDispatch.java:28)
  at org.gradle.internal.dispatch.ReflectionDispatch.dispatch(ReflectionDispatch.java:19)
  at org.gradle.internal.dispatch.ContextClassLoaderDispatch.dispatch(ContextClassLoaderDispatch.java:33)
  at org.gradle.internal.dispatch.ProxyDispatchAdapter$DispatchingInvocationHandler.invoke(ProxyDispatchAdapter.java:88)
  at jdk.proxy1/jdk.proxy1.$Proxy4.processTestDefinition(Unknown Source)
  at org.gradle.api.internal.tasks.testing.worker.TestWorker$2.run(TestWorker.java:178)
  at org.gradle.api.internal.tasks.testing.worker.TestWorker.executeAndMaintainThreadName(TestWorker.java:126)
  at org.gradle.api.internal.tasks.testing.worker.TestWorker.execute(TestWorker.java:103)
  at org.gradle.api.internal.tasks.testing.worker.TestWorker.execute(TestWorker.java:63)
  at org.gradle.process.internal.worker.child.ActionExecutionWorker.execute(ActionExecutionWorker.java:56)
  at org.gradle.process.internal.worker.child.SystemApplicationClassLoaderWorker.call(SystemApplicationClassLoaderWorker.java:122)
  at org.gradle.process.internal.worker.child.SystemApplicationClassLoaderWorker.call(SystemApplicationClassLoaderWorker.java:72)
  at worker.org.gradle.process.internal.worker.GradleWorkerMain.run(GradleWorkerMain.java:69)
  at worker.org.gradle.process.internal.worker.GradleWorkerMain.main(GradleWorkerMain.java:74)
</stacktrace>
</test-failure>


TypeScriptCompilerTests_E[jvm] > exportClassWithoutName_ts has expected errors matching exportClassWithoutName_errors_txt[jvm] FAILED

<test-failure test="com.xemantic.typescript.compiler.TypeScriptCompilerTests_E.enumLiteralAssignableToEnumInsideUnion_ts has expected errors matching enumLiteralAssignableToEnumInsideUnion_errors_txt" platform="jvm">
<message>
Expected diagnostics from baseline typescript-repo/tests/baselines/reference/enumLiteralAssignableToEnumInsideUnion.errors.txt but none produced
</message>
<stacktrace>
  at com.xemantic.typescript.compiler.TypeScriptTestSupportKt.errorsMatchBaseline(TypeScriptTestSupport.kt:125)
  at com.xemantic.typescript.compiler.TypeScriptCompilerTests_E.enumLiteralAssignableToEnumInsideUnion_ts has expected errors matching enumLiteralAssignableToEnumInsideUnion_errors_txt(TypeScriptCompilerTests_E.kt:931)
  at java.base/jdk.internal.reflect.DirectMethodHandleAccessor.invoke(DirectMethodHandleAccessor.java:104)
  at java.base/java.lang.reflect.Method.invoke(Method.java:565)
  at org.junit.runners.model.FrameworkMethod$1.runReflectiveCall(FrameworkMethod.java:59)
  at org.junit.internal.runners.model.ReflectiveCallable.run(ReflectiveCallable.java:12)
  at org.junit.runners.model.FrameworkMethod.invokeExplosively(FrameworkMethod.java:56)
  at org.junit.internal.runners.statements.InvokeMethod.evaluate(InvokeMethod.java:17)
  at org.junit.runners.ParentRunner$3.evaluate(ParentRunner.java:306)
  at org.junit.runners.BlockJUnit4ClassRunner$1.evaluate(BlockJUnit4ClassRunner.java:100)
  at org.junit.runners.ParentRunner.runLeaf(ParentRunner.java:366)
  at org.junit.runners.BlockJUnit4ClassRunner.runChild(BlockJUnit4ClassRunner.java:103)
  at org.junit.runners.BlockJUnit4ClassRunner.runChild(BlockJUnit4ClassRunner.java:63)
  at org.junit.runners.ParentRunner$4.run(ParentRunner.java:331)
  at org.junit.runners.ParentRunner$1.schedule(ParentRunner.java:79)
  at org.junit.runners.ParentRunner.runChildren(ParentRunner.java:329)
  at org.junit.runners.ParentRunner.access$100(ParentRunner.java:66)
  at org.junit.runners.ParentRunner$2.evaluate(ParentRunner.java:293)
  at org.junit.runners.ParentRunner$3.evaluate(ParentRunner.java:306)
  at org.junit.runners.ParentRunner.run(ParentRunner.java:413)
  at org.junit.runner.JUnitCore.run(JUnitCore.java:137)
  at org.junit.runner.JUnitCore.run(JUnitCore.java:115)
  at org.gradle.api.internal.tasks.testing.junit.JUnitTestExecutor.runRequest(JUnitTestExecutor.java:175)
  at org.gradle.api.internal.tasks.testing.junit.JUnitTestExecutor.accept(JUnitTestExecutor.java:84)
  at org.gradle.api.internal.tasks.testing.junit.JUnitTestExecutor.accept(JUnitTestExecutor.java:47)
  at org.gradle.api.internal.tasks.testing.junit.AbstractJUnitTestDefinitionProcessor.processTestDefinition(AbstractJUnitTestDefinitionProcessor.java:65)
  at org.gradle.api.internal.tasks.testing.SuiteTestDefinitionProcessor.processTestDefinition(SuiteTestDefinitionProcessor.java:54)
  at java.base/jdk.internal.reflect.DirectMethodHandleAccessor.invoke(DirectMethodHandleAccessor.java:104)
  at java.base/java.lang.reflect.Method.invoke(Method.java:565)
  at org.gradle.internal.dispatch.MethodInvocation.invokeOn(MethodInvocation.java:77)
  at org.gradle.internal.dispatch.ReflectionDispatch.dispatch(ReflectionDispatch.java:28)
  at org.gradle.internal.dispatch.ReflectionDispatch.dispatch(ReflectionDispatch.java:19)
  at org.gradle.internal.dispatch.ContextClassLoaderDispatch.dispatch(ContextClassLoaderDispatch.java:33)
  at org.gradle.internal.dispatch.ProxyDispatchAdapter$DispatchingInvocationHandler.invoke(ProxyDispatchAdapter.java:88)
  at jdk.proxy1/jdk.proxy1.$Proxy4.processTestDefinition(Unknown Source)
  at org.gradle.api.internal.tasks.testing.worker.TestWorker$2.run(TestWorker.java:178)
  at org.gradle.api.internal.tasks.testing.worker.TestWorker.executeAndMaintainThreadName(TestWorker.java:126)
  at org.gradle.api.internal.tasks.testing.worker.TestWorker.execute(TestWorker.java:103)
  at org.gradle.api.internal.tasks.testing.worker.TestWorker.execute(TestWorker.java:63)
  at org.gradle.process.internal.worker.child.ActionExecutionWorker.execute(ActionExecutionWorker.java:56)
  at org.gradle.process.internal.worker.child.SystemApplicationClassLoaderWorker.call(SystemApplicationClassLoaderWorker.java:122)
  at org.gradle.process.internal.worker.child.SystemApplicationClassLoaderWorker.call(SystemApplicationClassLoaderWorker.java:72)
  at worker.org.gradle.process.internal.worker.GradleWorkerMain.run(GradleWorkerMain.java:69)
  at worker.org.gradle.process.internal.worker.GradleWorkerMain.main(GradleWorkerMain.java:74)
</stacktrace>
</test-failure>


TypeScriptCompilerTests_E[jvm] > enumLiteralAssignableToEnumInsideUnion_ts has expected errors matching enumLiteralAssignableToEnumInsideUnion_errors_txt[jvm] FAILED

<test-failure test="com.xemantic.typescript.compiler.TypeScriptCompilerTests_E.es5ModuleInternalNamedImports_ts__target_es2015__compiles to JavaScript matching baseline" platform="jvm">
<message>
--- expected
+++ actual
@@ -63,4 +63,6 @@
     })(M_E = M.M_E || (M.M_E = {}));
     // alias
     M.M_A = M_M;
+    import * as M2 from "M2";
+    import M4 from "M4";
 })(M || (exports.M = M = {}));

</message>
<stacktrace>
  at org.junit.Assert.fail(Assert.java:89)
  at kotlin.test.junit.JUnitAsserter.fail(JUnitSupport.kt:56)
  at kotlin.test.AssertionsKt__AssertionsKt.fail(Assertions.kt:563)
  at kotlin.test.AssertionsKt.fail(Unknown Source)
  at com.xemantic.kotlin.test.SameAsKt.sameAs(SameAs.kt:52)
  at com.xemantic.typescript.compiler.TypeScriptTestSupportKt.sameAs(TypeScriptTestSupport.kt:99)
  at com.xemantic.typescript.compiler.TypeScriptCompilerTests_E.es5ModuleInternalNamedImports_ts__target_es2015__compiles to JavaScript matching baseline(TypeScriptCompilerTests_E.kt:2611)
  at java.base/jdk.internal.reflect.DirectMethodHandleAccessor.invoke(DirectMethodHandleAccessor.java:104)
  at java.base/java.lang.reflect.Method.invoke(Method.java:565)
  at org.junit.runners.model.FrameworkMethod$1.runReflectiveCall(FrameworkMethod.java:59)
  at org.junit.internal.runners.model.ReflectiveCallable.run(ReflectiveCallable.java:12)
  at org.junit.runners.model.FrameworkMethod.invokeExplosively(FrameworkMethod.java:56)
  at org.junit.internal.runners.statements.InvokeMethod.evaluate(InvokeMethod.java:17)
  at org.junit.runners.ParentRunner$3.evaluate(ParentRunner.java:306)
  at org.junit.runners.BlockJUnit4ClassRunner$1.evaluate(BlockJUnit4ClassRunner.java:100)
  at org.junit.runners.ParentRunner.runLeaf(ParentRunner.java:366)
  at org.junit.runners.BlockJUnit4ClassRunner.runChild(BlockJUnit4ClassRunner.java:103)
  at org.junit.runners.BlockJUnit4ClassRunner.runChild(BlockJUnit4ClassRunner.java:63)
  at org.junit.runners.ParentRunner$4.run(ParentRunner.java:331)
  at org.junit.runners.ParentRunner$1.schedule(ParentRunner.java:79)
  at org.junit.runners.ParentRunner.runChildren(ParentRunner.java:329)
  at org.junit.runners.ParentRunner.access$100(ParentRunner.java:66)
  at org.junit.runners.ParentRunner$2.evaluate(ParentRunner.java:293)
  at org.junit.runners.ParentRunner$3.evaluate(ParentRunner.java:306)
  at org.junit.runners.ParentRunner.run(ParentRunner.java:413)
  at org.junit.runner.JUnitCore.run(JUnitCore.java:137)
  at org.junit.runner.JUnitCore.run(JUnitCore.java:115)
  at org.gradle.api.internal.tasks.testing.junit.JUnitTestExecutor.runRequest(JUnitTestExecutor.java:175)
  at org.gradle.api.internal.tasks.testing.junit.JUnitTestExecutor.accept(JUnitTestExecutor.java:84)
  at org.gradle.api.internal.tasks.testing.junit.JUnitTestExecutor.accept(JUnitTestExecutor.java:47)
  at org.gradle.api.internal.tasks.testing.junit.AbstractJUnitTestDefinitionProcessor.processTestDefinition(AbstractJUnitTestDefinitionProcessor.java:65)
  at org.gradle.api.internal.tasks.testing.SuiteTestDefinitionProcessor.processTestDefinition(SuiteTestDefinitionProcessor.java:54)
  at java.base/jdk.internal.reflect.DirectMethodHandleAccessor.invoke(DirectMethodHandleAccessor.java:104)
  at java.base/java.lang.reflect.Method.invoke(Method.java:565)
  at org.gradle.internal.dispatch.MethodInvocation.invokeOn(MethodInvocation.java:77)
  at org.gradle.internal.dispatch.ReflectionDispatch.dispatch(ReflectionDispatch.java:28)
  at org.gradle.internal.dispatch.ReflectionDispatch.dispatch(ReflectionDispatch.java:19)
  at org.gradle.internal.dispatch.ContextClassLoaderDispatch.dispatch(ContextClassLoaderDispatch.java:33)
  at org.gradle.internal.dispatch.ProxyDispatchAdapter$DispatchingInvocationHandler.invoke(ProxyDispatchAdapter.java:88)
  at jdk.proxy1/jdk.proxy1.$Proxy4.processTestDefinition(Unknown Source)
  at org.gradle.api.internal.tasks.testing.worker.TestWorker$2.run(TestWorker.java:178)
  at org.gradle.api.internal.tasks.testing.worker.TestWorker.executeAndMaintainThreadName(TestWorker.java:126)
  at org.gradle.api.internal.tasks.testing.worker.TestWorker.execute(TestWorker.java:103)
  at org.gradle.api.internal.tasks.testing.worker.TestWorker.execute(TestWorker.java:63)
  at org.gradle.process.internal.worker.child.ActionExecutionWorker.execute(ActionExecutionWorker.java:56)
  at org.gradle.process.internal.worker.child.SystemApplicationClassLoaderWorker.call(SystemApplicationClassLoaderWorker.java:122)
  at org.gradle.process.internal.worker.child.SystemApplicationClassLoaderWorker.call(SystemApplicationClassLoaderWorker.java:72)
  at worker.org.gradle.process.internal.worker.GradleWorkerMain.run(GradleWorkerMain.java:69)
  at worker.org.gradle.process.internal.worker.GradleWorkerMain.main(GradleWorkerMain.java:74)
</stacktrace>
</test-failure>


TypeScriptCompilerTests_E[jvm] > es5ModuleInternalNamedImports_ts__target_es2015__compiles to JavaScript matching baseline[jvm] FAILED

<test-failure test="com.xemantic.typescript.compiler.TypeScriptCompilerTests_E.errorsForCallAndAssignmentAreSimilar_ts has expected errors matching errorsForCallAndAssignmentAreSimilar_errors_txt" platform="jvm">
<message>
Expected diagnostics from baseline typescript-repo/tests/baselines/reference/errorsForCallAndAssignmentAreSimilar.errors.txt but none produced
</message>
<stacktrace>
  at com.xemantic.typescript.compiler.TypeScriptTestSupportKt.errorsMatchBaseline(TypeScriptTestSupport.kt:125)
  at com.xemantic.typescript.compiler.TypeScriptCompilerTests_E.errorsForCallAndAssignmentAreSimilar_ts has expected errors matching errorsForCallAndAssignmentAreSimilar_errors_txt(TypeScriptCompilerTests_E.kt:1715)
  at java.base/jdk.internal.reflect.DirectMethodHandleAccessor.invoke(DirectMethodHandleAccessor.java:104)
  at java.base/java.lang.reflect.Method.invoke(Method.java:565)
  at org.junit.runners.model.FrameworkMethod$1.runReflectiveCall(FrameworkMethod.java:59)
  at org.junit.internal.runners.model.ReflectiveCallable.run(ReflectiveCallable.java:12)
  at org.junit.runners.model.FrameworkMethod.invokeExplosively(FrameworkMethod.java:56)
  at org.junit.internal.runners.statements.InvokeMethod.evaluate(InvokeMethod.java:17)
  at org.junit.runners.ParentRunner$3.evaluate(ParentRunner.java:306)
  at org.junit.runners.BlockJUnit4ClassRunner$1.evaluate(BlockJUnit4ClassRunner.java:100)
  at org.junit.runners.ParentRunner.runLeaf(ParentRunner.java:366)
  at org.junit.runners.BlockJUnit4ClassRunner.runChild(BlockJUnit4ClassRunner.java:103)
  at org.junit.runners.BlockJUnit4ClassRunner.runChild(BlockJUnit4ClassRunner.java:63)
  at org.junit.runners.ParentRunner$4.run(ParentRunner.java:331)
  at org.junit.runners.ParentRunner$1.schedule(ParentRunner.java:79)
  at org.junit.runners.ParentRunner.runChildren(ParentRunner.java:329)
  at org.junit.runners.ParentRunner.access$100(ParentRunner.java:66)
  at org.junit.runners.ParentRunner$2.evaluate(ParentRunner.java:293)
  at org.junit.runners.ParentRunner$3.evaluate(ParentRunner.java:306)
  at org.junit.runners.ParentRunner.run(ParentRunner.java:413)
  at org.junit.runner.JUnitCore.run(JUnitCore.java:137)
  at org.junit.runner.JUnitCore.run(JUnitCore.java:115)
  at org.gradle.api.internal.tasks.testing.junit.JUnitTestExecutor.runRequest(JUnitTestExecutor.java:175)
  at org.gradle.api.internal.tasks.testing.junit.JUnitTestExecutor.accept(JUnitTestExecutor.java:84)
  at org.gradle.api.internal.tasks.testing.junit.JUnitTestExecutor.accept(JUnitTestExecutor.java:47)
  at org.gradle.api.internal.tasks.testing.junit.AbstractJUnitTestDefinitionProcessor.processTestDefinition(AbstractJUnitTestDefinitionProcessor.java:65)
  at org.gradle.api.internal.tasks.testing.SuiteTestDefinitionProcessor.processTestDefinition(SuiteTestDefinitionProcessor.java:54)
  at java.base/jdk.internal.reflect.DirectMethodHandleAccessor.invoke(DirectMethodHandleAccessor.java:104)
  at java.base/java.lang.reflect.Method.invoke(Method.java:565)
  at org.gradle.internal.dispatch.MethodInvocation.invokeOn(MethodInvocation.java:77)
  at org.gradle.internal.dispatch.ReflectionDispatch.dispatch(ReflectionDispatch.java:28)
  at org.gradle.internal.dispatch.ReflectionDispatch.dispatch(ReflectionDispatch.java:19)
  at org.gradle.internal.dispatch.ContextClassLoaderDispatch.dispatch(ContextClassLoaderDispatch.java:33)
  at org.gradle.internal.dispatch.ProxyDispatchAdapter$DispatchingInvocationHandler.invoke(ProxyDispatchAdapter.java:88)
  at jdk.proxy1/jdk.proxy1.$Proxy4.processTestDefinition(Unknown Source)
  at org.gradle.api.internal.tasks.testing.worker.TestWorker$2.run(TestWorker.java:178)
  at org.gradle.api.internal.tasks.testing.worker.TestWorker.executeAndMaintainThreadName(TestWorker.java:126)
  at org.gradle.api.internal.tasks.testing.worker.TestWorker.execute(TestWorker.java:103)
  at org.gradle.api.internal.tasks.testing.worker.TestWorker.execute(TestWorker.java:63)
  at org.gradle.process.internal.worker.child.ActionExecutionWorker.execute(ActionExecutionWorker.java:56)
  at org.gradle.process.internal.worker.child.SystemApplicationClassLoaderWorker.call(SystemApplicationClassLoaderWorker.java:122)
  at org.gradle.process.internal.worker.child.SystemApplicationClassLoaderWorker.call(SystemApplicationClassLoaderWorker.java:72)
  at worker.org.gradle.process.internal.worker.GradleWorkerMain.run(GradleWorkerMain.java:69)
  at worker.org.gradle.process.internal.worker.GradleWorkerMain.main(GradleWorkerMain.java:74)
</stacktrace>
</test-failure>


TypeScriptCompilerTests_E[jvm] > errorsForCallAndAssignmentAreSimilar_ts has expected errors matching errorsForCallAndAssignmentAreSimilar_errors_txt[jvm] FAILED

<test-failure test="com.xemantic.typescript.compiler.TypeScriptCompilerTests_E.errorsWithInvokablesInUnions01_ts has expected errors matching errorsWithInvokablesInUnions01_errors_txt" platform="jvm">
<message>
Expected diagnostics from baseline typescript-repo/tests/baselines/reference/errorsWithInvokablesInUnions01.errors.txt but none produced
</message>
<stacktrace>
  at com.xemantic.typescript.compiler.TypeScriptTestSupportKt.errorsMatchBaseline(TypeScriptTestSupport.kt:125)
  at com.xemantic.typescript.compiler.TypeScriptCompilerTests_E.errorsWithInvokablesInUnions01_ts has expected errors matching errorsWithInvokablesInUnions01_errors_txt(TypeScriptCompilerTests_E.kt:1778)
  at java.base/jdk.internal.reflect.DirectMethodHandleAccessor.invoke(DirectMethodHandleAccessor.java:104)
  at java.base/java.lang.reflect.Method.invoke(Method.java:565)
  at org.junit.runners.model.FrameworkMethod$1.runReflectiveCall(FrameworkMethod.java:59)
  at org.junit.internal.runners.model.ReflectiveCallable.run(ReflectiveCallable.java:12)
  at org.junit.runners.model.FrameworkMethod.invokeExplosively(FrameworkMethod.java:56)
  at org.junit.internal.runners.statements.InvokeMethod.evaluate(InvokeMethod.java:17)
  at org.junit.runners.ParentRunner$3.evaluate(ParentRunner.java:306)
  at org.junit.runners.BlockJUnit4ClassRunner$1.evaluate(BlockJUnit4ClassRunner.java:100)
  at org.junit.runners.ParentRunner.runLeaf(ParentRunner.java:366)
  at org.junit.runners.BlockJUnit4ClassRunner.runChild(BlockJUnit4ClassRunner.java:103)
  at org.junit.runners.BlockJUnit4ClassRunner.runChild(BlockJUnit4ClassRunner.java:63)
  at org.junit.runners.ParentRunner$4.run(ParentRunner.java:331)
  at org.junit.runners.ParentRunner$1.schedule(ParentRunner.java:79)
  at org.junit.runners.ParentRunner.runChildren(ParentRunner.java:329)
  at org.junit.runners.ParentRunner.access$100(ParentRunner.java:66)
  at org.junit.runners.ParentRunner$2.evaluate(ParentRunner.java:293)
  at org.junit.runners.ParentRunner$3.evaluate(ParentRunner.java:306)
  at org.junit.runners.ParentRunner.run(ParentRunner.java:413)
  at org.junit.runner.JUnitCore.run(JUnitCore.java:137)
  at org.junit.runner.JUnitCore.run(JUnitCore.java:115)
  at org.gradle.api.internal.tasks.testing.junit.JUnitTestExecutor.runRequest(JUnitTestExecutor.java:175)
  at org.gradle.api.internal.tasks.testing.junit.JUnitTestExecutor.accept(JUnitTestExecutor.java:84)
  at org.gradle.api.internal.tasks.testing.junit.JUnitTestExecutor.accept(JUnitTestExecutor.java:47)
  at org.gradle.api.internal.tasks.testing.junit.AbstractJUnitTestDefinitionProcessor.processTestDefinition(AbstractJUnitTestDefinitionProcessor.java:65)
  at org.gradle.api.internal.tasks.testing.SuiteTestDefinitionProcessor.processTestDefinition(SuiteTestDefinitionProcessor.java:54)
  at java.base/jdk.internal.reflect.DirectMethodHandleAccessor.invoke(DirectMethodHandleAccessor.java:104)
  at java.base/java.lang.reflect.Method.invoke(Method.java:565)
  at org.gradle.internal.dispatch.MethodInvocation.invokeOn(MethodInvocation.java:77)
  at org.gradle.internal.dispatch.ReflectionDispatch.dispatch(ReflectionDispatch.java:28)
  at org.gradle.internal.dispatch.ReflectionDispatch.dispatch(ReflectionDispatch.java:19)
  at org.gradle.internal.dispatch.ContextClassLoaderDispatch.dispatch(ContextClassLoaderDispatch.java:33)
  at org.gradle.internal.dispatch.ProxyDispatchAdapter$DispatchingInvocationHandler.invoke(ProxyDispatchAdapter.java:88)
  at jdk.proxy1/jdk.proxy1.$Proxy4.processTestDefinition(Unknown Source)
  at org.gradle.api.internal.tasks.testing.worker.TestWorker$2.run(TestWorker.java:178)
  at org.gradle.api.internal.tasks.testing.worker.TestWorker.executeAndMaintainThreadName(TestWorker.java:126)
  at org.gradle.api.internal.tasks.testing.worker.TestWorker.execute(TestWorker.java:103)
  at org.gradle.api.internal.tasks.testing.worker.TestWorker.execute(TestWorker.java:63)
  at org.gradle.process.internal.worker.child.ActionExecutionWorker.execute(ActionExecutionWorker.java:56)
  at org.gradle.process.internal.worker.child.SystemApplicationClassLoaderWorker.call(SystemApplicationClassLoaderWorker.java:122)
  at org.gradle.process.internal.worker.child.SystemApplicationClassLoaderWorker.call(SystemApplicationClassLoaderWorker.java:72)
  at worker.org.gradle.process.internal.worker.GradleWorkerMain.run(GradleWorkerMain.java:69)
  at worker.org.gradle.process.internal.worker.GradleWorkerMain.main(GradleWorkerMain.java:74)
</stacktrace>
</test-failure>


TypeScriptCompilerTests_E[jvm] > errorsWithInvokablesInUnions01_ts has expected errors matching errorsWithInvokablesInUnions01_errors_txt[jvm] FAILED

<test-failure test="com.xemantic.typescript.compiler.TypeScriptCompilerTests_E.errorsOnImportedSymbol_ts__target_es2015__has expected errors matching baseline" platform="jvm">
<message>
--- expected
+++ actual
@@ -1,15 +1,15 @@
-errorsOnImportedSymbol_1.ts(2,13): error TS2693: 'Sammy' only refers to a type, but is being used as a value here.
-errorsOnImportedSymbol_1.ts(3,9): error TS2693: 'Sammy' only refers to a type, but is being used as a value here.
+errorsOnImportedSymbol_1.ts(2,19): error TS2339: Property 'Sammy' does not exist on type 'Sammy'.
+errorsOnImportedSymbol_1.ts(3,15): error TS2339: Property 'Sammy' does not exist on type 'Sammy'.
 
 
 ==== errorsOnImportedSymbol_1.ts (2 errors) ====
     import Sammy = require("./errorsOnImportedSymbol_0");
     var x = new Sammy.Sammy();
-                ~~~~~
-!!! error TS2693: 'Sammy' only refers to a type, but is being used as a value here.
+                      ~~~~~
+!!! error TS2339: Property 'Sammy' does not exist on type 'Sammy'.
     var y = Sammy.Sammy(); 
-            ~~~~~
-!!! error TS2693: 'Sammy' only refers to a type, but is being used as a value here.
+                  ~~~~~
+!!! error TS2339: Property 'Sammy' does not exist on type 'Sammy'.
     
     
 ==== errorsOnImportedSymbol_0.ts (0 errors) ====

</message>
<stacktrace>
  at org.junit.Assert.fail(Assert.java:89)
  at kotlin.test.junit.JUnitAsserter.fail(JUnitSupport.kt:56)
  at kotlin.test.AssertionsKt__AssertionsKt.fail(Assertions.kt:563)
  at kotlin.test.AssertionsKt.fail(Unknown Source)
  at com.xemantic.kotlin.test.SameAsKt.sameAs(SameAs.kt:52)
  at com.xemantic.typescript.compiler.TypeScriptTestSupportKt.errorsMatchBaseline(TypeScriptTestSupport.kt:135)
  at com.xemantic.typescript.compiler.TypeScriptCompilerTests_E.errorsOnImportedSymbol_ts__target_es2015__has expected errors matching baseline(TypeScriptCompilerTests_E.kt:1750)
  at java.base/jdk.internal.reflect.DirectMethodHandleAccessor.invoke(DirectMethodHandleAccessor.java:104)
  at java.base/java.lang.reflect.Method.invoke(Method.java:565)
  at org.junit.runners.model.FrameworkMethod$1.runReflectiveCall(FrameworkMethod.java:59)
  at org.junit.internal.runners.model.ReflectiveCallable.run(ReflectiveCallable.java:12)
  at org.junit.runners.model.FrameworkMethod.invokeExplosively(FrameworkMethod.java:56)
  at org.junit.internal.runners.statements.InvokeMethod.evaluate(InvokeMethod.java:17)
  at org.junit.runners.ParentRunner$3.evaluate(ParentRunner.java:306)
  at org.junit.runners.BlockJUnit4ClassRunner$1.evaluate(BlockJUnit4ClassRunner.java:100)
  at org.junit.runners.ParentRunner.runLeaf(ParentRunner.java:366)
  at org.junit.runners.BlockJUnit4ClassRunner.runChild(BlockJUnit4ClassRunner.java:103)
  at org.junit.runners.BlockJUnit4ClassRunner.runChild(BlockJUnit4ClassRunner.java:63)
  at org.junit.runners.ParentRunner$4.run(ParentRunner.java:331)
  at org.junit.runners.ParentRunner$1.schedule(ParentRunner.java:79)
  at org.junit.runners.ParentRunner.runChildren(ParentRunner.java:329)
  at org.junit.runners.ParentRunner.access$100(ParentRunner.java:66)
  at org.junit.runners.ParentRunner$2.evaluate(ParentRunner.java:293)
  at org.junit.runners.ParentRunner$3.evaluate(ParentRunner.java:306)
  at org.junit.runners.ParentRunner.run(ParentRunner.java:413)
  at org.junit.runner.JUnitCore.run(JUnitCore.java:137)
  at org.junit.runner.JUnitCore.run(JUnitCore.java:115)
  at org.gradle.api.internal.tasks.testing.junit.JUnitTestExecutor.runRequest(JUnitTestExecutor.java:175)
  at org.gradle.api.internal.tasks.testing.junit.JUnitTestExecutor.accept(JUnitTestExecutor.java:84)
  at org.gradle.api.internal.tasks.testing.junit.JUnitTestExecutor.accept(JUnitTestExecutor.java:47)
  at org.gradle.api.internal.tasks.testing.junit.AbstractJUnitTestDefinitionProcessor.processTestDefinition(AbstractJUnitTestDefinitionProcessor.java:65)
  at org.gradle.api.internal.tasks.testing.SuiteTestDefinitionProcessor.processTestDefinition(SuiteTestDefinitionProcessor.java:54)
  at java.base/jdk.internal.reflect.DirectMethodHandleAccessor.invoke(DirectMethodHandleAccessor.java:104)
  at java.base/java.lang.reflect.Method.invoke(Method.java:565)
  at org.gradle.internal.dispatch.MethodInvocation.invokeOn(MethodInvocation.java:77)
  at org.gradle.internal.dispatch.ReflectionDispatch.dispatch(ReflectionDispatch.java:28)
  at org.gradle.internal.dispatch.ReflectionDispatch.dispatch(ReflectionDispatch.java:19)
  at org.gradle.internal.dispatch.ContextClassLoaderDispatch.dispatch(ContextClassLoaderDispatch.java:33)
  at org.gradle.internal.dispatch.ProxyDispatchAdapter$DispatchingInvocationHandler.invoke(ProxyDispatchAdapter.java:88)
  at jdk.proxy1/jdk.proxy1.$Proxy4.processTestDefinition(Unknown Source)
  at org.gradle.api.internal.tasks.testing.worker.TestWorker$2.run(TestWorker.java:178)
  at org.gradle.api.internal.tasks.testing.worker.TestWorker.executeAndMaintainThreadName(TestWorker.java:126)
  at org.gradle.api.internal.tasks.testing.worker.TestWorker.execute(TestWorker.java:103)
  at org.gradle.api.internal.tasks.testing.worker.TestWorker.execute(TestWorker.java:63)
  at org.gradle.process.internal.worker.child.ActionExecutionWorker.execute(ActionExecutionWorker.java:56)
  at org.gradle.process.internal.worker.child.SystemApplicationClassLoaderWorker.call(SystemApplicationClassLoaderWorker.java:122)
  at org.gradle.process.internal.worker.child.SystemApplicationClassLoaderWorker.call(SystemApplicationClassLoaderWorker.java:72)
  at worker.org.gradle.process.internal.worker.GradleWorkerMain.run(GradleWorkerMain.java:69)
  at worker.org.gradle.process.internal.worker.GradleWorkerMain.main(GradleWorkerMain.java:74)
</stacktrace>
</test-failure>


TypeScriptCompilerTests_E[jvm] > errorsOnImportedSymbol_ts__target_es2015__has expected errors matching baseline[jvm] FAILED

<test-failure test="com.xemantic.typescript.compiler.TypeScriptCompilerTests_E.es6ImportDefaultBindingFollowedWithNamedImportDts1_ts__target_es2015__compiles to JavaScript matching baseline" platform="jvm">
<message>
--- expected
+++ actual
@@ -26,6 +26,39 @@
 exports.default = a;
 //// [client.js]
 "use strict";
+var __createBinding = (this && this.__createBinding) || (Object.create ? (function(o, m, k, k2) {
+    if (k2 === undefined) k2 = k;
+    var desc = Object.getOwnPropertyDescriptor(m, k);
+    if (!desc || ("get" in desc ? !m.__esModule : desc.writable || desc.configurable)) {
+      desc = { enumerable: true, get: function() { return m[k]; } };
+    }
+    Object.defineProperty(o, k2, desc);
+}) : (function(o, m, k, k2) {
+    if (k2 === undefined) k2 = k;
+    o[k2] = m[k];
+}));
+var __setModuleDefault = (this && this.__setModuleDefault) || (Object.create ? (function(o, v) {
+    Object.defineProperty(o, "default", { enumerable: true, value: v });
+}) : function(o, v) {
+    o["default"] = v;
+});
+var __importStar = (this && this.__importStar) || (function () {
+    var ownKeys = function(o) {
+        ownKeys = Object.getOwnPropertyNames || function (o) {
+            var ar = [];
+            for (var k in o) if (Object.prototype.hasOwnProperty.call(o, k)) ar[ar.length] = k;
+            return ar;
+        };
+        return ownKeys(o);
+    };
+    return function (mod) {
+        if (mod && mod.__esModule) return mod;
+        var result = {};
+        if (mod != null) for (var k = ownKeys(mod), i = 0; i < k.length; i++) if (k[i] !== "default") __createBinding(result, mod, k[i]);
+        __setModuleDefault(result, mod);
+        return result;
+    };
+})();
 var __importDefault = (this && this.__importDefault) || function (mod) {
     return (mod && mod.__esModule) ? mod : { "default": mod };
 };
@@ -33,13 +66,13 @@
 exports.x6 = exports.x5 = exports.x4 = exports.x3 = exports.x2 = exports.x1 = void 0;
 const server_1 = __importDefault(require("./server"));
 exports.x1 = new server_1.default();
-const server_2 = __importDefault(require("./server"));
+const server_2 = __importStar(require("./server"));
 exports.x2 = new server_2.default();
-const server_3 = __importDefault(require("./server"));
+const server_3 = __importStar(require("./server"));
 exports.x3 = new server_3.default();
-const server_4 = __importDefault(require("./server"));
+const server_4 = __importStar(require("./server"));
 exports.x4 = new server_4.default();
-const server_5 = __importDefault(require("./server"));
+const server_5 = __importStar(require("./server"));
 exports.x5 = new server_5.default();
-const server_6 = __importDefault(require("./server"));
+const server_6 = __importStar(require("./server"));
 exports.x6 = new server_6.default();

</message>
<stacktrace>
  at org.junit.Assert.fail(Assert.java:89)
  at kotlin.test.junit.JUnitAsserter.fail(JUnitSupport.kt:56)
  at kotlin.test.AssertionsKt__AssertionsKt.fail(Assertions.kt:563)
  at kotlin.test.AssertionsKt.fail(Unknown Source)
  at com.xemantic.kotlin.test.SameAsKt.sameAs(SameAs.kt:52)
  at com.xemantic.typescript.compiler.TypeScriptTestSupportKt.sameAs(TypeScriptTestSupport.kt:99)
  at com.xemantic.typescript.compiler.TypeScriptCompilerTests_E.es6ImportDefaultBindingFollowedWithNamedImportDts1_ts__target_es2015__compiles to JavaScript matching baseline(TypeScriptCompilerTests_E.kt:3178)
  at java.base/jdk.internal.reflect.DirectMethodHandleAccessor.invoke(DirectMethodHandleAccessor.java:104)
  at java.base/java.lang.reflect.Method.invoke(Method.java:565)
  at org.junit.runners.model.FrameworkMethod$1.runReflectiveCall(FrameworkMethod.java:59)
  at org.junit.internal.runners.model.ReflectiveCallable.run(ReflectiveCallable.java:12)
  at org.junit.runners.model.FrameworkMethod.invokeExplosively(FrameworkMethod.java:56)
  at org.junit.internal.runners.statements.InvokeMethod.evaluate(InvokeMethod.java:17)
  at org.junit.runners.ParentRunner$3.evaluate(ParentRunner.java:306)
  at org.junit.runners.BlockJUnit4ClassRunner$1.evaluate(BlockJUnit4ClassRunner.java:100)
  at org.junit.runners.ParentRunner.runLeaf(ParentRunner.java:366)
  at org.junit.runners.BlockJUnit4ClassRunner.runChild(BlockJUnit4ClassRunner.java:103)
  at org.junit.runners.BlockJUnit4ClassRunner.runChild(BlockJUnit4ClassRunner.java:63)
  at org.junit.runners.ParentRunner$4.run(ParentRunner.java:331)
  at org.junit.runners.ParentRunner$1.schedule(ParentRunner.java:79)
  at org.junit.runners.ParentRunner.runChildren(ParentRunner.java:329)
  at org.junit.runners.ParentRunner.access$100(ParentRunner.java:66)
  at org.junit.runners.ParentRunner$2.evaluate(ParentRunner.java:293)
  at org.junit.runners.ParentRunner$3.evaluate(ParentRunner.java:306)
  at org.junit.runners.ParentRunner.run(ParentRunner.java:413)
  at org.junit.runner.JUnitCore.run(JUnitCore.java:137)
  at org.junit.runner.JUnitCore.run(JUnitCore.java:115)
  at org.gradle.api.internal.tasks.testing.junit.JUnitTestExecutor.runRequest(JUnitTestExecutor.java:175)
  at org.gradle.api.internal.tasks.testing.junit.JUnitTestExecutor.accept(JUnitTestExecutor.java:84)
  at org.gradle.api.internal.tasks.testing.junit.JUnitTestExecutor.accept(JUnitTestExecutor.java:47)
  at org.gradle.api.internal.tasks.testing.junit.AbstractJUnitTestDefinitionProcessor.processTestDefinition(AbstractJUnitTestDefinitionProcessor.java:65)
  at org.gradle.api.internal.tasks.testing.SuiteTestDefinitionProcessor.processTestDefinition(SuiteTestDefinitionProcessor.java:54)
  at java.base/jdk.internal.reflect.DirectMethodHandleAccessor.invoke(DirectMethodHandleAccessor.java:104)
  at java.base/java.lang.reflect.Method.invoke(Method.java:565)
  at org.gradle.internal.dispatch.MethodInvocation.invokeOn(MethodInvocation.java:77)
  at org.gradle.internal.dispatch.ReflectionDispatch.dispatch(ReflectionDispatch.java:28)
  at org.gradle.internal.dispatch.ReflectionDispatch.dispatch(ReflectionDispatch.java:19)
  at org.gradle.internal.dispatch.ContextClassLoaderDispatch.dispatch(ContextClassLoaderDispatch.java:33)
  at org.gradle.internal.dispatch.ProxyDispatchAdapter$DispatchingInvocationHandler.invoke(ProxyDispatchAdapter.java:88)
  at jdk.proxy1/jdk.proxy1.$Proxy4.processTestDefinition(Unknown Source)
  at org.gradle.api.internal.tasks.testing.worker.TestWorker$2.run(TestWorker.java:178)
  at org.gradle.api.internal.tasks.testing.worker.TestWorker.executeAndMaintainThreadName(TestWorker.java:126)
  at org.gradle.api.internal.tasks.testing.worker.TestWorker.execute(TestWorker.java:103)
  at org.gradle.api.internal.tasks.testing.worker.TestWorker.execute(TestWorker.java:63)
  at org.gradle.process.internal.worker.child.ActionExecutionWorker.execute(ActionExecutionWorker.java:56)
  at org.gradle.process.internal.worker.child.SystemApplicationClassLoaderWorker.call(SystemApplicationClassLoaderWorker.java:122)
  at org.gradle.process.internal.worker.child.SystemApplicationClassLoaderWorker.call(SystemApplicationClassLoaderWorker.java:72)
  at worker.org.gradle.process.internal.worker.GradleWorkerMain.run(GradleWorkerMain.java:69)
  at worker.org.gradle.process.internal.worker.GradleWorkerMain.main(GradleWorkerMain.java:74)
</stacktrace>
</test-failure>


TypeScriptCompilerTests_E[jvm] > es6ImportDefaultBindingFollowedWithNamedImportDts1_ts__target_es2015__compiles to JavaScript matching baseline[jvm] FAILED

<test-failure test="com.xemantic.typescript.compiler.TypeScriptCompilerTests_E.enumAssignmentCompat_ts has expected errors matching enumAssignmentCompat_errors_txt" platform="jvm">
<message>
--- expected
+++ actual
@@ -1,13 +1,7 @@
-enumAssignmentCompat.ts(26,5): error TS2322: Type 'typeof W' is not assignable to type 'number'.
-enumAssignmentCompat.ts(28,5): error TS2322: Type 'W' is not assignable to type 'typeof W'.
-enumAssignmentCompat.ts(30,5): error TS2322: Type 'number' is not assignable to type 'typeof W'.
-enumAssignmentCompat.ts(31,5): error TS2322: Type '4' is not assignable to type 'W.a'.
-enumAssignmentCompat.ts(32,5): error TS2322: Type 'W' is not assignable to type 'WStatic'.
-enumAssignmentCompat.ts(33,5): error TS2322: Type 'number' is not assignable to type 'WStatic'.
-enumAssignmentCompat.ts(34,5): error TS2322: Type '3' is not assignable to type 'W'.
+enumAssignmentCompat.ts(26,5): error TS2322: Type 'W' is not assignable to type 'number'.
 
 
-==== enumAssignmentCompat.ts (7 errors) ====
+==== enumAssignmentCompat.ts (1 errors) ====
     namespace W {
         export class D { }
     }
@@ -35,27 +29,15 @@
     var y: typeof W = W;
     var z: number = W; // error
         ~
-!!! error TS2322: Type 'typeof W' is not assignable to type 'number'.
+!!! error TS2322: Type 'W' is not assignable to type 'number'.
     var a: number = W.a;
     var b: typeof W = W.a; // error
-        ~
-!!! error TS2322: Type 'W' is not assignable to type 'typeof W'.
     var c: typeof W.a = W.a;
     var d: typeof W = 3; // error
-        ~
-!!! error TS2322: Type 'number' is not assignable to type 'typeof W'.
     var e: typeof W.a = 4;
-        ~
-!!! error TS2322: Type '4' is not assignable to type 'W.a'.
     var f: WStatic = W.a; // error
-        ~
-!!! error TS2322: Type 'W' is not assignable to type 'WStatic'.
     var g: WStatic = 5; // error
-        ~
-!!! error TS2322: Type 'number' is not assignable to type 'WStatic'.
     var h: W = 3;
-        ~
-!!! error TS2322: Type '3' is not assignable to type 'W'.
     var i: W = W.a;
     i = W.a;
     W.D;

</message>
<stacktrace>
  at org.junit.Assert.fail(Assert.java:89)
  at kotlin.test.junit.JUnitAsserter.fail(JUnitSupport.kt:56)
  at kotlin.test.AssertionsKt__AssertionsKt.fail(Assertions.kt:563)
  at kotlin.test.AssertionsKt.fail(Unknown Source)
  at com.xemantic.kotlin.test.SameAsKt.sameAs(SameAs.kt:52)
  at com.xemantic.typescript.compiler.TypeScriptTestSupportKt.errorsMatchBaseline(TypeScriptTestSupport.kt:135)
  at com.xemantic.typescript.compiler.TypeScriptCompilerTests_E.enumAssignmentCompat_ts has expected errors matching enumAssignmentCompat_errors_txt(TypeScriptCompilerTests_E.kt:707)
  at java.base/jdk.internal.reflect.DirectMethodHandleAccessor.invoke(DirectMethodHandleAccessor.java:104)
  at java.base/java.lang.reflect.Method.invoke(Method.java:565)
  at org.junit.runners.model.FrameworkMethod$1.runReflectiveCall(FrameworkMethod.java:59)
  at org.junit.internal.runners.model.ReflectiveCallable.run(ReflectiveCallable.java:12)
  at org.junit.runners.model.FrameworkMethod.invokeExplosively(FrameworkMethod.java:56)
  at org.junit.internal.runners.statements.InvokeMethod.evaluate(InvokeMethod.java:17)
  at org.junit.runners.ParentRunner$3.evaluate(ParentRunner.java:306)
  at org.junit.runners.BlockJUnit4ClassRunner$1.evaluate(BlockJUnit4ClassRunner.java:100)
  at org.junit.runners.ParentRunner.runLeaf(ParentRunner.java:366)
  at org.junit.runners.BlockJUnit4ClassRunner.runChild(BlockJUnit4ClassRunner.java:103)
  at org.junit.runners.BlockJUnit4ClassRunner.runChild(BlockJUnit4ClassRunner.java:63)
  at org.junit.runners.ParentRunner$4.run(ParentRunner.java:331)
  at org.junit.runners.ParentRunner$1.schedule(ParentRunner.java:79)
  at org.junit.runners.ParentRunner.runChildren(ParentRunner.java:329)
  at org.junit.runners.ParentRunner.access$100(ParentRunner.java:66)
  at org.junit.runners.ParentRunner$2.evaluate(ParentRunner.java:293)
  at org.junit.runners.ParentRunner$3.evaluate(ParentRunner.java:306)
  at org.junit.runners.ParentRunner.run(ParentRunner.java:413)
  at org.junit.runner.JUnitCore.run(JUnitCore.java:137)
  at org.junit.runner.JUnitCore.run(JUnitCore.java:115)
  at org.gradle.api.internal.tasks.testing.junit.JUnitTestExecutor.runRequest(JUnitTestExecutor.java:175)
  at org.gradle.api.internal.tasks.testing.junit.JUnitTestExecutor.accept(JUnitTestExecutor.java:84)
  at org.gradle.api.internal.tasks.testing.junit.JUnitTestExecutor.accept(JUnitTestExecutor.java:47)
  at org.gradle.api.internal.tasks.testing.junit.AbstractJUnitTestDefinitionProcessor.processTestDefinition(AbstractJUnitTestDefinitionProcessor.java:65)
  at org.gradle.api.internal.tasks.testing.SuiteTestDefinitionProcessor.processTestDefinition(SuiteTestDefinitionProcessor.java:54)
  at java.base/jdk.internal.reflect.DirectMethodHandleAccessor.invoke(DirectMethodHandleAccessor.java:104)
  at java.base/java.lang.reflect.Method.invoke(Method.java:565)
  at org.gradle.internal.dispatch.MethodInvocation.invokeOn(MethodInvocation.java:77)
  at org.gradle.internal.dispatch.ReflectionDispatch.dispatch(ReflectionDispatch.java:28)
  at org.gradle.internal.dispatch.ReflectionDispatch.dispatch(ReflectionDispatch.java:19)
  at org.gradle.internal.dispatch.ContextClassLoaderDispatch.dispatch(ContextClassLoaderDispatch.java:33)
  at org.gradle.internal.dispatch.ProxyDispatchAdapter$DispatchingInvocationHandler.invoke(ProxyDispatchAdapter.java:88)
  at jdk.proxy1/jdk.proxy1.$Proxy4.processTestDefinition(Unknown Source)
  at org.gradle.api.internal.tasks.testing.worker.TestWorker$2.run(TestWorker.java:178)
  at org.gradle.api.internal.tasks.testing.worker.TestWorker.executeAndMaintainThreadName(TestWorker.java:126)
  at org.gradle.api.internal.tasks.testing.worker.TestWorker.execute(TestWorker.java:103)
  at org.gradle.api.internal.tasks.testing.worker.TestWorker.execute(TestWorker.java:63)
  at org.gradle.process.internal.worker.child.ActionExecutionWorker.execute(ActionExecutionWorker.java:56)
  at org.gradle.process.internal.worker.child.SystemApplicationClassLoaderWorker.call(SystemApplicationClassLoaderWorker.java:122)
  at org.gradle.process.internal.worker.child.SystemApplicationClassLoaderWorker.call(SystemApplicationClassLoaderWorker.java:72)
  at worker.org.gradle.process.internal.worker.GradleWorkerMain.run(GradleWorkerMain.java:69)
  at worker.org.gradle.process.internal.worker.GradleWorkerMain.main(GradleWorkerMain.java:74)
</stacktrace>
</test-failure>


TypeScriptCompilerTests_E[jvm] > enumAssignmentCompat_ts has expected errors matching enumAssignmentCompat_errors_txt[jvm] FAILED

<test-failure test="com.xemantic.typescript.compiler.TypeScriptCompilerTests_E.errorOnUnionVsObjectShouldDeeplyDisambiguate_ts has expected errors matching errorOnUnionVsObjectShouldDeeplyDisambiguate_errors_txt" platform="jvm">
<message>
Expected diagnostics from baseline typescript-repo/tests/baselines/reference/errorOnUnionVsObjectShouldDeeplyDisambiguate.errors.txt but none produced
</message>
<stacktrace>
  at com.xemantic.typescript.compiler.TypeScriptTestSupportKt.errorsMatchBaseline(TypeScriptTestSupport.kt:125)
  at com.xemantic.typescript.compiler.TypeScriptCompilerTests_E.errorOnUnionVsObjectShouldDeeplyDisambiguate_ts has expected errors matching errorOnUnionVsObjectShouldDeeplyDisambiguate_errors_txt(TypeScriptCompilerTests_E.kt:1603)
  at java.base/jdk.internal.reflect.DirectMethodHandleAccessor.invoke(DirectMethodHandleAccessor.java:104)
  at java.base/java.lang.reflect.Method.invoke(Method.java:565)
  at org.junit.runners.model.FrameworkMethod$1.runReflectiveCall(FrameworkMethod.java:59)
  at org.junit.internal.runners.model.ReflectiveCallable.run(ReflectiveCallable.java:12)
  at org.junit.runners.model.FrameworkMethod.invokeExplosively(FrameworkMethod.java:56)
  at org.junit.internal.runners.statements.InvokeMethod.evaluate(InvokeMethod.java:17)
  at org.junit.runners.ParentRunner$3.evaluate(ParentRunner.java:306)
  at org.junit.runners.BlockJUnit4ClassRunner$1.evaluate(BlockJUnit4ClassRunner.java:100)
  at org.junit.runners.ParentRunner.runLeaf(ParentRunner.java:366)
  at org.junit.runners.BlockJUnit4ClassRunner.runChild(BlockJUnit4ClassRunner.java:103)
  at org.junit.runners.BlockJUnit4ClassRunner.runChild(BlockJUnit4ClassRunner.java:63)
  at org.junit.runners.ParentRunner$4.run(ParentRunner.java:331)
  at org.junit.runners.ParentRunner$1.schedule(ParentRunner.java:79)
  at org.junit.runners.ParentRunner.runChildren(ParentRunner.java:329)
  at org.junit.runners.ParentRunner.access$100(ParentRunner.java:66)
  at org.junit.runners.ParentRunner$2.evaluate(ParentRunner.java:293)
  at org.junit.runners.ParentRunner$3.evaluate(ParentRunner.java:306)
  at org.junit.runners.ParentRunner.run(ParentRunner.java:413)
  at org.junit.runner.JUnitCore.run(JUnitCore.java:137)
  at org.junit.runner.JUnitCore.run(JUnitCore.java:115)
  at org.gradle.api.internal.tasks.testing.junit.JUnitTestExecutor.runRequest(JUnitTestExecutor.java:175)
  at org.gradle.api.internal.tasks.testing.junit.JUnitTestExecutor.accept(JUnitTestExecutor.java:84)
  at org.gradle.api.internal.tasks.testing.junit.JUnitTestExecutor.accept(JUnitTestExecutor.java:47)
  at org.gradle.api.internal.tasks.testing.junit.AbstractJUnitTestDefinitionProcessor.processTestDefinition(AbstractJUnitTestDefinitionProcessor.java:65)
  at org.gradle.api.internal.tasks.testing.SuiteTestDefinitionProcessor.processTestDefinition(SuiteTestDefinitionProcessor.java:54)
  at java.base/jdk.internal.reflect.DirectMethodHandleAccessor.invoke(DirectMethodHandleAccessor.java:104)
  at java.base/java.lang.reflect.Method.invoke(Method.java:565)
  at org.gradle.internal.dispatch.MethodInvocation.invokeOn(MethodInvocation.java:77)
  at org.gradle.internal.dispatch.ReflectionDispatch.dispatch(ReflectionDispatch.java:28)
  at org.gradle.internal.dispatch.ReflectionDispatch.dispatch(ReflectionDispatch.java:19)
  at org.gradle.internal.dispatch.ContextClassLoaderDispatch.dispatch(ContextClassLoaderDispatch.java:33)
  at org.gradle.internal.dispatch.ProxyDispatchAdapter$DispatchingInvocationHandler.invoke(ProxyDispatchAdapter.java:88)
  at jdk.proxy1/jdk.proxy1.$Proxy4.processTestDefinition(Unknown Source)
  at org.gradle.api.internal.tasks.testing.worker.TestWorker$2.run(TestWorker.java:178)
  at org.gradle.api.internal.tasks.testing.worker.TestWorker.executeAndMaintainThreadName(TestWorker.java:126)
  at org.gradle.api.internal.tasks.testing.worker.TestWorker.execute(TestWorker.java:103)
  at org.gradle.api.internal.tasks.testing.worker.TestWorker.execute(TestWorker.java:63)
  at org.gradle.process.internal.worker.child.ActionExecutionWorker.execute(ActionExecutionWorker.java:56)
  at org.gradle.process.internal.worker.child.SystemApplicationClassLoaderWorker.call(SystemApplicationClassLoaderWorker.java:122)
  at org.gradle.process.internal.worker.child.SystemApplicationClassLoaderWorker.call(SystemApplicationClassLoaderWorker.java:72)
  at worker.org.gradle.process.internal.worker.GradleWorkerMain.run(GradleWorkerMain.java:69)
  at worker.org.gradle.process.internal.worker.GradleWorkerMain.main(GradleWorkerMain.java:74)
</stacktrace>
</test-failure>


TypeScriptCompilerTests_E[jvm] > errorOnUnionVsObjectShouldDeeplyDisambiguate_ts has expected errors matching errorOnUnionVsObjectShouldDeeplyDisambiguate_errors_txt[jvm] FAILED

<test-failure test="com.xemantic.typescript.compiler.TypeScriptCompilerTests_E.erasableSyntaxOnlyDeclaration_ts has expected errors matching erasableSyntaxOnlyDeclaration_errors_txt" platform="jvm">
<message>
Expected diagnostics from baseline typescript-repo/tests/baselines/reference/erasableSyntaxOnlyDeclaration.errors.txt but none produced
</message>
<stacktrace>
  at com.xemantic.typescript.compiler.TypeScriptTestSupportKt.errorsMatchBaseline(TypeScriptTestSupport.kt:125)
  at com.xemantic.typescript.compiler.TypeScriptCompilerTests_E.erasableSyntaxOnlyDeclaration_ts has expected errors matching erasableSyntaxOnlyDeclaration_errors_txt(TypeScriptCompilerTests_E.kt:1260)
  at java.base/jdk.internal.reflect.DirectMethodHandleAccessor.invoke(DirectMethodHandleAccessor.java:104)
  at java.base/java.lang.reflect.Method.invoke(Method.java:565)
  at org.junit.runners.model.FrameworkMethod$1.runReflectiveCall(FrameworkMethod.java:59)
  at org.junit.internal.runners.model.ReflectiveCallable.run(ReflectiveCallable.java:12)
  at org.junit.runners.model.FrameworkMethod.invokeExplosively(FrameworkMethod.java:56)
  at org.junit.internal.runners.statements.InvokeMethod.evaluate(InvokeMethod.java:17)
  at org.junit.runners.ParentRunner$3.evaluate(ParentRunner.java:306)
  at org.junit.runners.BlockJUnit4ClassRunner$1.evaluate(BlockJUnit4ClassRunner.java:100)
  at org.junit.runners.ParentRunner.runLeaf(ParentRunner.java:366)
  at org.junit.runners.BlockJUnit4ClassRunner.runChild(BlockJUnit4ClassRunner.java:103)
  at org.junit.runners.BlockJUnit4ClassRunner.runChild(BlockJUnit4ClassRunner.java:63)
  at org.junit.runners.ParentRunner$4.run(ParentRunner.java:331)
  at org.junit.runners.ParentRunner$1.schedule(ParentRunner.java:79)
  at org.junit.runners.ParentRunner.runChildren(ParentRunner.java:329)
  at org.junit.runners.ParentRunner.access$100(ParentRunner.java:66)
  at org.junit.runners.ParentRunner$2.evaluate(ParentRunner.java:293)
  at org.junit.runners.ParentRunner$3.evaluate(ParentRunner.java:306)
  at org.junit.runners.ParentRunner.run(ParentRunner.java:413)
  at org.junit.runner.JUnitCore.run(JUnitCore.java:137)
  at org.junit.runner.JUnitCore.run(JUnitCore.java:115)
  at org.gradle.api.internal.tasks.testing.junit.JUnitTestExecutor.runRequest(JUnitTestExecutor.java:175)
  at org.gradle.api.internal.tasks.testing.junit.JUnitTestExecutor.accept(JUnitTestExecutor.java:84)
  at org.gradle.api.internal.tasks.testing.junit.JUnitTestExecutor.accept(JUnitTestExecutor.java:47)
  at org.gradle.api.internal.tasks.testing.junit.AbstractJUnitTestDefinitionProcessor.processTestDefinition(AbstractJUnitTestDefinitionProcessor.java:65)
  at org.gradle.api.internal.tasks.testing.SuiteTestDefinitionProcessor.processTestDefinition(SuiteTestDefinitionProcessor.java:54)
  at java.base/jdk.internal.reflect.DirectMethodHandleAccessor.invoke(DirectMethodHandleAccessor.java:104)
  at java.base/java.lang.reflect.Method.invoke(Method.java:565)
  at org.gradle.internal.dispatch.MethodInvocation.invokeOn(MethodInvocation.java:77)
  at org.gradle.internal.dispatch.ReflectionDispatch.dispatch(ReflectionDispatch.java:28)
  at org.gradle.internal.dispatch.ReflectionDispatch.dispatch(ReflectionDispatch.java:19)
  at org.gradle.internal.dispatch.ContextClassLoaderDispatch.dispatch(ContextClassLoaderDispatch.java:33)
  at org.gradle.internal.dispatch.ProxyDispatchAdapter$DispatchingInvocationHandler.invoke(ProxyDispatchAdapter.java:88)
  at jdk.proxy1/jdk.proxy1.$Proxy4.processTestDefinition(Unknown Source)
  at org.gradle.api.internal.tasks.testing.worker.TestWorker$2.run(TestWorker.java:178)
  at org.gradle.api.internal.tasks.testing.worker.TestWorker.executeAndMaintainThreadName(TestWorker.java:126)
  at org.gradle.api.internal.tasks.testing.worker.TestWorker.execute(TestWorker.java:103)
  at org.gradle.api.internal.tasks.testing.worker.TestWorker.execute(TestWorker.java:63)
  at org.gradle.process.internal.worker.child.ActionExecutionWorker.execute(ActionExecutionWorker.java:56)
  at org.gradle.process.internal.worker.child.SystemApplicationClassLoaderWorker.call(SystemApplicationClassLoaderWorker.java:122)
  at org.gradle.process.internal.worker.child.SystemApplicationClassLoaderWorker.call(SystemApplicationClassLoaderWorker.java:72)
  at worker.org.gradle.process.internal.worker.GradleWorkerMain.run(GradleWorkerMain.java:69)
  at worker.org.gradle.process.internal.worker.GradleWorkerMain.main(GradleWorkerMain.java:74)
</stacktrace>
</test-failure>


TypeScriptCompilerTests_E[jvm] > erasableSyntaxOnlyDeclaration_ts has expected errors matching erasableSyntaxOnlyDeclaration_errors_txt[jvm] FAILED

<test-failure test="com.xemantic.typescript.compiler.TypeScriptCompilerTests_E.es6ImportDefaultBindingFollowedWithNamedImportDts1_ts__target_es2015__has expected errors matching baseline" platform="jvm">
<message>
Expected diagnostics from baseline typescript-repo/tests/baselines/reference/es6ImportDefaultBindingFollowedWithNamedImportDts1(target=es2015).errors.txt but none produced
</message>
<stacktrace>
  at com.xemantic.typescript.compiler.TypeScriptTestSupportKt.errorsMatchBaseline(TypeScriptTestSupport.kt:125)
  at com.xemantic.typescript.compiler.TypeScriptCompilerTests_E.es6ImportDefaultBindingFollowedWithNamedImportDts1_ts__target_es2015__has expected errors matching baseline(TypeScriptCompilerTests_E.kt:3192)
  at java.base/jdk.internal.reflect.DirectMethodHandleAccessor.invoke(DirectMethodHandleAccessor.java:104)
  at java.base/java.lang.reflect.Method.invoke(Method.java:565)
  at org.junit.runners.model.FrameworkMethod$1.runReflectiveCall(FrameworkMethod.java:59)
  at org.junit.internal.runners.model.ReflectiveCallable.run(ReflectiveCallable.java:12)
  at org.junit.runners.model.FrameworkMethod.invokeExplosively(FrameworkMethod.java:56)
  at org.junit.internal.runners.statements.InvokeMethod.evaluate(InvokeMethod.java:17)
  at org.junit.runners.ParentRunner$3.evaluate(ParentRunner.java:306)
  at org.junit.runners.BlockJUnit4ClassRunner$1.evaluate(BlockJUnit4ClassRunner.java:100)
  at org.junit.runners.ParentRunner.runLeaf(ParentRunner.java:366)
  at org.junit.runners.BlockJUnit4ClassRunner.runChild(BlockJUnit4ClassRunner.java:103)
  at org.junit.runners.BlockJUnit4ClassRunner.runChild(BlockJUnit4ClassRunner.java:63)
  at org.junit.runners.ParentRunner$4.run(ParentRunner.java:331)
  at org.junit.runners.ParentRunner$1.schedule(ParentRunner.java:79)
  at org.junit.runners.ParentRunner.runChildren(ParentRunner.java:329)
  at org.junit.runners.ParentRunner.access$100(ParentRunner.java:66)
  at org.junit.runners.ParentRunner$2.evaluate(ParentRunner.java:293)
  at org.junit.runners.ParentRunner$3.evaluate(ParentRunner.java:306)
  at org.junit.runners.ParentRunner.run(ParentRunner.java:413)
  at org.junit.runner.JUnitCore.run(JUnitCore.java:137)
  at org.junit.runner.JUnitCore.run(JUnitCore.java:115)
  at org.gradle.api.internal.tasks.testing.junit.JUnitTestExecutor.runRequest(JUnitTestExecutor.java:175)
  at org.gradle.api.internal.tasks.testing.junit.JUnitTestExecutor.accept(JUnitTestExecutor.java:84)
  at org.gradle.api.internal.tasks.testing.junit.JUnitTestExecutor.accept(JUnitTestExecutor.java:47)
  at org.gradle.api.internal.tasks.testing.junit.AbstractJUnitTestDefinitionProcessor.processTestDefinition(AbstractJUnitTestDefinitionProcessor.java:65)
  at org.gradle.api.internal.tasks.testing.SuiteTestDefinitionProcessor.processTestDefinition(SuiteTestDefinitionProcessor.java:54)
  at java.base/jdk.internal.reflect.DirectMethodHandleAccessor.invoke(DirectMethodHandleAccessor.java:104)
  at java.base/java.lang.reflect.Method.invoke(Method.java:565)
  at org.gradle.internal.dispatch.MethodInvocation.invokeOn(MethodInvocation.java:77)
  at org.gradle.internal.dispatch.ReflectionDispatch.dispatch(ReflectionDispatch.java:28)
  at org.gradle.internal.dispatch.ReflectionDispatch.dispatch(ReflectionDispatch.java:19)
  at org.gradle.internal.dispatch.ContextClassLoaderDispatch.dispatch(ContextClassLoaderDispatch.java:33)
  at org.gradle.internal.dispatch.ProxyDispatchAdapter$DispatchingInvocationHandler.invoke(ProxyDispatchAdapter.java:88)
  at jdk.proxy1/jdk.proxy1.$Proxy4.processTestDefinition(Unknown Source)
  at org.gradle.api.internal.tasks.testing.worker.TestWorker$2.run(TestWorker.java:178)
  at org.gradle.api.internal.tasks.testing.worker.TestWorker.executeAndMaintainThreadName(TestWorker.java:126)
  at org.gradle.api.internal.tasks.testing.worker.TestWorker.execute(TestWorker.java:103)
  at org.gradle.api.internal.tasks.testing.worker.TestWorker.execute(TestWorker.java:63)
  at org.gradle.process.internal.worker.child.ActionExecutionWorker.execute(ActionExecutionWorker.java:56)
  at org.gradle.process.internal.worker.child.SystemApplicationClassLoaderWorker.call(SystemApplicationClassLoaderWorker.java:122)
  at org.gradle.process.internal.worker.child.SystemApplicationClassLoaderWorker.call(SystemApplicationClassLoaderWorker.java:72)
  at worker.org.gradle.process.internal.worker.GradleWorkerMain.run(GradleWorkerMain.java:69)
  at worker.org.gradle.process.internal.worker.GradleWorkerMain.main(GradleWorkerMain.java:74)
</stacktrace>
</test-failure>


TypeScriptCompilerTests_E[jvm] > es6ImportDefaultBindingFollowedWithNamedImportDts1_ts__target_es2015__has expected errors matching baseline[jvm] FAILED

<test-failure test="com.xemantic.typescript.compiler.TypeScriptCompilerTests_E.es6ImportNameSpaceImportMergeErrors_ts__target_es5__has expected errors matching baseline" platform="jvm">
<message>
--- expected
+++ actual
@@ -1,25 +1,16 @@
 error TS5107: Option 'target=ES5' is deprecated and will stop functioning in TypeScript 7.0. Specify compilerOption '"ignoreDeprecations": "6.0"' to silence this error.
-es6ImportNameSpaceImportMergeErrors_1.ts(4,13): error TS2300: Duplicate identifier 'nameSpaceBinding1'.
-es6ImportNameSpaceImportMergeErrors_1.ts(5,13): error TS2300: Duplicate identifier 'nameSpaceBinding1'.
-es6ImportNameSpaceImportMergeErrors_1.ts(7,13): error TS2440: Import declaration conflicts with local declaration of 'nameSpaceBinding3'.
 
 
 !!! error TS5107: Option 'target=ES5' is deprecated and will stop functioning in TypeScript 7.0. Specify compilerOption '"ignoreDeprecations": "6.0"' to silence this error.
 ==== es6ImportNameSpaceImportMergeErrors_0.ts (0 errors) ====
     export var a = 10;
     
-==== es6ImportNameSpaceImportMergeErrors_1.ts (3 errors) ====
+==== es6ImportNameSpaceImportMergeErrors_1.ts (0 errors) ====
     import * as nameSpaceBinding from "./es6ImportNameSpaceImportMergeErrors_0"; 
     interface nameSpaceBinding { } // this should be ok
     
     import * as nameSpaceBinding1 from "./es6ImportNameSpaceImportMergeErrors_0"; // should be error
-                ~~~~~~~~~~~~~~~~~
-!!! error TS2300: Duplicate identifier 'nameSpaceBinding1'.
     import * as nameSpaceBinding1 from "./es6ImportNameSpaceImportMergeErrors_0"; // should be error
-                ~~~~~~~~~~~~~~~~~
-!!! error TS2300: Duplicate identifier 'nameSpaceBinding1'.
     
     import * as nameSpaceBinding3 from "./es6ImportNameSpaceImportMergeErrors_0"; // should be error
-                ~~~~~~~~~~~~~~~~~
-!!! error TS2440: Import declaration conflicts with local declaration of 'nameSpaceBinding3'.
     var nameSpaceBinding3 = 10;

</message>
<stacktrace>
  at org.junit.Assert.fail(Assert.java:89)
  at kotlin.test.junit.JUnitAsserter.fail(JUnitSupport.kt:56)
  at kotlin.test.AssertionsKt__AssertionsKt.fail(Assertions.kt:563)
  at kotlin.test.AssertionsKt.fail(Unknown Source)
  at com.xemantic.kotlin.test.SameAsKt.sameAs(SameAs.kt:52)
  at com.xemantic.typescript.compiler.TypeScriptTestSupportKt.errorsMatchBaseline(TypeScriptTestSupport.kt:135)
  at com.xemantic.typescript.compiler.TypeScriptCompilerTests_E.es6ImportNameSpaceImportMergeErrors_ts__target_es5__has expected errors matching baseline(TypeScriptCompilerTests_E.kt:3521)
  at java.base/jdk.internal.reflect.DirectMethodHandleAccessor.invoke(DirectMethodHandleAccessor.java:104)
  at java.base/java.lang.reflect.Method.invoke(Method.java:565)
  at org.junit.runners.model.FrameworkMethod$1.runReflectiveCall(FrameworkMethod.java:59)
  at org.junit.internal.runners.model.ReflectiveCallable.run(ReflectiveCallable.java:12)
  at org.junit.runners.model.FrameworkMethod.invokeExplosively(FrameworkMethod.java:56)
  at org.junit.internal.runners.statements.InvokeMethod.evaluate(InvokeMethod.java:17)
  at org.junit.runners.ParentRunner$3.evaluate(ParentRunner.java:306)
  at org.junit.runners.BlockJUnit4ClassRunner$1.evaluate(BlockJUnit4ClassRunner.java:100)
  at org.junit.runners.ParentRunner.runLeaf(ParentRunner.java:366)
  at org.junit.runners.BlockJUnit4ClassRunner.runChild(BlockJUnit4ClassRunner.java:103)
  at org.junit.runners.BlockJUnit4ClassRunner.runChild(BlockJUnit4ClassRunner.java:63)
  at org.junit.runners.ParentRunner$4.run(ParentRunner.java:331)
  at org.junit.runners.ParentRunner$1.schedule(ParentRunner.java:79)
  at org.junit.runners.ParentRunner.runChildren(ParentRunner.java:329)
  at org.junit.runners.ParentRunner.access$100(ParentRunner.java:66)
  at org.junit.runners.ParentRunner$2.evaluate(ParentRunner.java:293)
  at org.junit.runners.ParentRunner$3.evaluate(ParentRunner.java:306)
  at org.junit.runners.ParentRunner.run(ParentRunner.java:413)
  at org.junit.runner.JUnitCore.run(JUnitCore.java:137)
  at org.junit.runner.JUnitCore.run(JUnitCore.java:115)
  at org.gradle.api.internal.tasks.testing.junit.JUnitTestExecutor.runRequest(JUnitTestExecutor.java:175)
  at org.gradle.api.internal.tasks.testing.junit.JUnitTestExecutor.accept(JUnitTestExecutor.java:84)
  at org.gradle.api.internal.tasks.testing.junit.JUnitTestExecutor.accept(JUnitTestExecutor.java:47)
  at org.gradle.api.internal.tasks.testing.junit.AbstractJUnitTestDefinitionProcessor.processTestDefinition(AbstractJUnitTestDefinitionProcessor.java:65)
  at org.gradle.api.internal.tasks.testing.SuiteTestDefinitionProcessor.processTestDefinition(SuiteTestDefinitionProcessor.java:54)
  at java.base/jdk.internal.reflect.DirectMethodHandleAccessor.invoke(DirectMethodHandleAccessor.java:104)
  at java.base/java.lang.reflect.Method.invoke(Method.java:565)
  at org.gradle.internal.dispatch.MethodInvocation.invokeOn(MethodInvocation.java:77)
  at org.gradle.internal.dispatch.ReflectionDispatch.dispatch(ReflectionDispatch.java:28)
  at org.gradle.internal.dispatch.ReflectionDispatch.dispatch(ReflectionDispatch.java:19)
  at org.gradle.internal.dispatch.ContextClassLoaderDispatch.dispatch(ContextClassLoaderDispatch.java:33)
  at org.gradle.internal.dispatch.ProxyDispatchAdapter$DispatchingInvocationHandler.invoke(ProxyDispatchAdapter.java:88)
  at jdk.proxy1/jdk.proxy1.$Proxy4.processTestDefinition(Unknown Source)
  at org.gradle.api.internal.tasks.testing.worker.TestWorker$2.run(TestWorker.java:178)
  at org.gradle.api.internal.tasks.testing.worker.TestWorker.executeAndMaintainThreadName(TestWorker.java:126)
  at org.gradle.api.internal.tasks.testing.worker.TestWorker.execute(TestWorker.java:103)
  at org.gradle.api.internal.tasks.testing.worker.TestWorker.execute(TestWorker.java:63)
  at org.gradle.process.internal.worker.child.ActionExecutionWorker.execute(ActionExecutionWorker.java:56)
  at org.gradle.process.internal.worker.child.SystemApplicationClassLoaderWorker.call(SystemApplicationClassLoaderWorker.java:122)
  at org.gradle.process.internal.worker.child.SystemApplicationClassLoaderWorker.call(SystemApplicationClassLoaderWorker.java:72)
  at worker.org.gradle.process.internal.worker.GradleWorkerMain.run(GradleWorkerMain.java:69)
  at worker.org.gradle.process.internal.worker.GradleWorkerMain.main(GradleWorkerMain.java:74)
</stacktrace>
</test-failure>


TypeScriptCompilerTests_E[jvm] > es6ImportNameSpaceImportMergeErrors_ts__target_es5__has expected errors matching baseline[jvm] FAILED

<test-failure test="com.xemantic.typescript.compiler.TypeScriptCompilerTests_E.es6ImportDefaultBindingFollowedWithNamespaceBindingInEs5_ts__target_es2015__has expected errors matching baseline" platform="jvm">
<message>
Expected diagnostics from baseline typescript-repo/tests/baselines/reference/es6ImportDefaultBindingFollowedWithNamespaceBindingInEs5(target=es2015).errors.txt but none produced
</message>
<stacktrace>
  at com.xemantic.typescript.compiler.TypeScriptTestSupportKt.errorsMatchBaseline(TypeScriptTestSupport.kt:125)
  at com.xemantic.typescript.compiler.TypeScriptCompilerTests_E.es6ImportDefaultBindingFollowedWithNamespaceBindingInEs5_ts__target_es2015__has expected errors matching baseline(TypeScriptCompilerTests_E.kt:3332)
  at java.base/jdk.internal.reflect.DirectMethodHandleAccessor.invoke(DirectMethodHandleAccessor.java:104)
  at java.base/java.lang.reflect.Method.invoke(Method.java:565)
  at org.junit.runners.model.FrameworkMethod$1.runReflectiveCall(FrameworkMethod.java:59)
  at org.junit.internal.runners.model.ReflectiveCallable.run(ReflectiveCallable.java:12)
  at org.junit.runners.model.FrameworkMethod.invokeExplosively(FrameworkMethod.java:56)
  at org.junit.internal.runners.statements.InvokeMethod.evaluate(InvokeMethod.java:17)
  at org.junit.runners.ParentRunner$3.evaluate(ParentRunner.java:306)
  at org.junit.runners.BlockJUnit4ClassRunner$1.evaluate(BlockJUnit4ClassRunner.java:100)
  at org.junit.runners.ParentRunner.runLeaf(ParentRunner.java:366)
  at org.junit.runners.BlockJUnit4ClassRunner.runChild(BlockJUnit4ClassRunner.java:103)
  at org.junit.runners.BlockJUnit4ClassRunner.runChild(BlockJUnit4ClassRunner.java:63)
  at org.junit.runners.ParentRunner$4.run(ParentRunner.java:331)
  at org.junit.runners.ParentRunner$1.schedule(ParentRunner.java:79)
  at org.junit.runners.ParentRunner.runChildren(ParentRunner.java:329)
  at org.junit.runners.ParentRunner.access$100(ParentRunner.java:66)
  at org.junit.runners.ParentRunner$2.evaluate(ParentRunner.java:293)
  at org.junit.runners.ParentRunner$3.evaluate(ParentRunner.java:306)
  at org.junit.runners.ParentRunner.run(ParentRunner.java:413)
  at org.junit.runner.JUnitCore.run(JUnitCore.java:137)
  at org.junit.runner.JUnitCore.run(JUnitCore.java:115)
  at org.gradle.api.internal.tasks.testing.junit.JUnitTestExecutor.runRequest(JUnitTestExecutor.java:175)
  at org.gradle.api.internal.tasks.testing.junit.JUnitTestExecutor.accept(JUnitTestExecutor.java:84)
  at org.gradle.api.internal.tasks.testing.junit.JUnitTestExecutor.accept(JUnitTestExecutor.java:47)
  at org.gradle.api.internal.tasks.testing.junit.AbstractJUnitTestDefinitionProcessor.processTestDefinition(AbstractJUnitTestDefinitionProcessor.java:65)
  at org.gradle.api.internal.tasks.testing.SuiteTestDefinitionProcessor.processTestDefinition(SuiteTestDefinitionProcessor.java:54)
  at java.base/jdk.internal.reflect.DirectMethodHandleAccessor.invoke(DirectMethodHandleAccessor.java:104)
  at java.base/java.lang.reflect.Method.invoke(Method.java:565)
  at org.gradle.internal.dispatch.MethodInvocation.invokeOn(MethodInvocation.java:77)
  at org.gradle.internal.dispatch.ReflectionDispatch.dispatch(ReflectionDispatch.java:28)
  at org.gradle.internal.dispatch.ReflectionDispatch.dispatch(ReflectionDispatch.java:19)
  at org.gradle.internal.dispatch.ContextClassLoaderDispatch.dispatch(ContextClassLoaderDispatch.java:33)
  at org.gradle.internal.dispatch.ProxyDispatchAdapter$DispatchingInvocationHandler.invoke(ProxyDispatchAdapter.java:88)
  at jdk.proxy1/jdk.proxy1.$Proxy4.processTestDefinition(Unknown Source)
  at org.gradle.api.internal.tasks.testing.worker.TestWorker$2.run(TestWorker.java:178)
  at org.gradle.api.internal.tasks.testing.worker.TestWorker.executeAndMaintainThreadName(TestWorker.java:126)
  at org.gradle.api.internal.tasks.testing.worker.TestWorker.execute(TestWorker.java:103)
  at org.gradle.api.internal.tasks.testing.worker.TestWorker.execute(TestWorker.java:63)
  at org.gradle.process.internal.worker.child.ActionExecutionWorker.execute(ActionExecutionWorker.java:56)
  at org.gradle.process.internal.worker.child.SystemApplicationClassLoaderWorker.call(SystemApplicationClassLoaderWorker.java:122)
  at org.gradle.process.internal.worker.child.SystemApplicationClassLoaderWorker.call(SystemApplicationClassLoaderWorker.java:72)
  at worker.org.gradle.process.internal.worker.GradleWorkerMain.run(GradleWorkerMain.java:69)
  at worker.org.gradle.process.internal.worker.GradleWorkerMain.main(GradleWorkerMain.java:74)
</stacktrace>
</test-failure>


TypeScriptCompilerTests_E[jvm] > es6ImportDefaultBindingFollowedWithNamespaceBindingInEs5_ts__target_es2015__has expected errors matching baseline[jvm] FAILED

<test-failure test="com.xemantic.typescript.compiler.TypeScriptCompilerTests_E.es6ImportDefaultBindingFollowedWithNamedImport1InEs5_ts__target_es2015__has expected errors matching baseline" platform="jvm">
<message>
Expected diagnostics from baseline typescript-repo/tests/baselines/reference/es6ImportDefaultBindingFollowedWithNamedImport1InEs5(target=es2015).errors.txt but none produced
</message>
<stacktrace>
  at com.xemantic.typescript.compiler.TypeScriptTestSupportKt.errorsMatchBaseline(TypeScriptTestSupport.kt:125)
  at com.xemantic.typescript.compiler.TypeScriptCompilerTests_E.es6ImportDefaultBindingFollowedWithNamedImport1InEs5_ts__target_es2015__has expected errors matching baseline(TypeScriptCompilerTests_E.kt:3136)
  at java.base/jdk.internal.reflect.DirectMethodHandleAccessor.invoke(DirectMethodHandleAccessor.java:104)
  at java.base/java.lang.reflect.Method.invoke(Method.java:565)
  at org.junit.runners.model.FrameworkMethod$1.runReflectiveCall(FrameworkMethod.java:59)
  at org.junit.internal.runners.model.ReflectiveCallable.run(ReflectiveCallable.java:12)
  at org.junit.runners.model.FrameworkMethod.invokeExplosively(FrameworkMethod.java:56)
  at org.junit.internal.runners.statements.InvokeMethod.evaluate(InvokeMethod.java:17)
  at org.junit.runners.ParentRunner$3.evaluate(ParentRunner.java:306)
  at org.junit.runners.BlockJUnit4ClassRunner$1.evaluate(BlockJUnit4ClassRunner.java:100)
  at org.junit.runners.ParentRunner.runLeaf(ParentRunner.java:366)
  at org.junit.runners.BlockJUnit4ClassRunner.runChild(BlockJUnit4ClassRunner.java:103)
  at org.junit.runners.BlockJUnit4ClassRunner.runChild(BlockJUnit4ClassRunner.java:63)
  at org.junit.runners.ParentRunner$4.run(ParentRunner.java:331)
  at org.junit.runners.ParentRunner$1.schedule(ParentRunner.java:79)
  at org.junit.runners.ParentRunner.runChildren(ParentRunner.java:329)
  at org.junit.runners.ParentRunner.access$100(ParentRunner.java:66)
  at org.junit.runners.ParentRunner$2.evaluate(ParentRunner.java:293)
  at org.junit.runners.ParentRunner$3.evaluate(ParentRunner.java:306)
  at org.junit.runners.ParentRunner.run(ParentRunner.java:413)
  at org.junit.runner.JUnitCore.run(JUnitCore.java:137)
  at org.junit.runner.JUnitCore.run(JUnitCore.java:115)
  at org.gradle.api.internal.tasks.testing.junit.JUnitTestExecutor.runRequest(JUnitTestExecutor.java:175)
  at org.gradle.api.internal.tasks.testing.junit.JUnitTestExecutor.accept(JUnitTestExecutor.java:84)
  at org.gradle.api.internal.tasks.testing.junit.JUnitTestExecutor.accept(JUnitTestExecutor.java:47)
  at org.gradle.api.internal.tasks.testing.junit.AbstractJUnitTestDefinitionProcessor.processTestDefinition(AbstractJUnitTestDefinitionProcessor.java:65)
  at org.gradle.api.internal.tasks.testing.SuiteTestDefinitionProcessor.processTestDefinition(SuiteTestDefinitionProcessor.java:54)
  at java.base/jdk.internal.reflect.DirectMethodHandleAccessor.invoke(DirectMethodHandleAccessor.java:104)
  at java.base/java.lang.reflect.Method.invoke(Method.java:565)
  at org.gradle.internal.dispatch.MethodInvocation.invokeOn(MethodInvocation.java:77)
  at org.gradle.internal.dispatch.ReflectionDispatch.dispatch(ReflectionDispatch.java:28)
  at org.gradle.internal.dispatch.ReflectionDispatch.dispatch(ReflectionDispatch.java:19)
  at org.gradle.internal.dispatch.ContextClassLoaderDispatch.dispatch(ContextClassLoaderDispatch.java:33)
  at org.gradle.internal.dispatch.ProxyDispatchAdapter$DispatchingInvocationHandler.invoke(ProxyDispatchAdapter.java:88)
  at jdk.proxy1/jdk.proxy1.$Proxy4.processTestDefinition(Unknown Source)
  at org.gradle.api.internal.tasks.testing.worker.TestWorker$2.run(TestWorker.java:178)
  at org.gradle.api.internal.tasks.testing.worker.TestWorker.executeAndMaintainThreadName(TestWorker.java:126)
  at org.gradle.api.internal.tasks.testing.worker.TestWorker.execute(TestWorker.java:103)
  at org.gradle.api.internal.tasks.testing.worker.TestWorker.execute(TestWorker.java:63)
  at org.gradle.process.internal.worker.child.ActionExecutionWorker.execute(ActionExecutionWorker.java:56)
  at org.gradle.process.internal.worker.child.SystemApplicationClassLoaderWorker.call(SystemApplicationClassLoaderWorker.java:122)
  at org.gradle.process.internal.worker.child.SystemApplicationClassLoaderWorker.call(SystemApplicationClassLoaderWorker.java:72)
  at worker.org.gradle.process.internal.worker.GradleWorkerMain.run(GradleWorkerMain.java:69)
  at worker.org.gradle.process.internal.worker.GradleWorkerMain.main(GradleWorkerMain.java:74)
</stacktrace>
</test-failure>


TypeScriptCompilerTests_E[jvm] > es6ImportDefaultBindingFollowedWithNamedImport1InEs5_ts__target_es2015__has expected errors matching baseline[jvm] FAILED

<test-failure test="com.xemantic.typescript.compiler.TypeScriptCompilerTests_E.esModuleInteropDefaultImports_ts has expected errors matching esModuleInteropDefaultImports_errors_txt" platform="jvm">
<message>
Expected diagnostics from baseline typescript-repo/tests/baselines/reference/esModuleInteropDefaultImports.errors.txt but none produced
</message>
<stacktrace>
  at com.xemantic.typescript.compiler.TypeScriptTestSupportKt.errorsMatchBaseline(TypeScriptTestSupport.kt:125)
  at com.xemantic.typescript.compiler.TypeScriptCompilerTests_E.esModuleInteropDefaultImports_ts has expected errors matching esModuleInteropDefaultImports_errors_txt(TypeScriptCompilerTests_E.kt:3976)
  at java.base/jdk.internal.reflect.DirectMethodHandleAccessor.invoke(DirectMethodHandleAccessor.java:104)
  at java.base/java.lang.reflect.Method.invoke(Method.java:565)
  at org.junit.runners.model.FrameworkMethod$1.runReflectiveCall(FrameworkMethod.java:59)
  at org.junit.internal.runners.model.ReflectiveCallable.run(ReflectiveCallable.java:12)
  at org.junit.runners.model.FrameworkMethod.invokeExplosively(FrameworkMethod.java:56)
  at org.junit.internal.runners.statements.InvokeMethod.evaluate(InvokeMethod.java:17)
  at org.junit.runners.ParentRunner$3.evaluate(ParentRunner.java:306)
  at org.junit.runners.BlockJUnit4ClassRunner$1.evaluate(BlockJUnit4ClassRunner.java:100)
  at org.junit.runners.ParentRunner.runLeaf(ParentRunner.java:366)
  at org.junit.runners.BlockJUnit4ClassRunner.runChild(BlockJUnit4ClassRunner.java:103)
  at org.junit.runners.BlockJUnit4ClassRunner.runChild(BlockJUnit4ClassRunner.java:63)
  at org.junit.runners.ParentRunner$4.run(ParentRunner.java:331)
  at org.junit.runners.ParentRunner$1.schedule(ParentRunner.java:79)
  at org.junit.runners.ParentRunner.runChildren(ParentRunner.java:329)
  at org.junit.runners.ParentRunner.access$100(ParentRunner.java:66)
  at org.junit.runners.ParentRunner$2.evaluate(ParentRunner.java:293)
  at org.junit.runners.ParentRunner$3.evaluate(ParentRunner.java:306)
  at org.junit.runners.ParentRunner.run(ParentRunner.java:413)
  at org.junit.runner.JUnitCore.run(JUnitCore.java:137)
  at org.junit.runner.JUnitCore.run(JUnitCore.java:115)
  at org.gradle.api.internal.tasks.testing.junit.JUnitTestExecutor.runRequest(JUnitTestExecutor.java:175)
  at org.gradle.api.internal.tasks.testing.junit.JUnitTestExecutor.accept(JUnitTestExecutor.java:84)
  at org.gradle.api.internal.tasks.testing.junit.JUnitTestExecutor.accept(JUnitTestExecutor.java:47)
  at org.gradle.api.internal.tasks.testing.junit.AbstractJUnitTestDefinitionProcessor.processTestDefinition(AbstractJUnitTestDefinitionProcessor.java:65)
  at org.gradle.api.internal.tasks.testing.SuiteTestDefinitionProcessor.processTestDefinition(SuiteTestDefinitionProcessor.java:54)
  at java.base/jdk.internal.reflect.DirectMethodHandleAccessor.invoke(DirectMethodHandleAccessor.java:104)
  at java.base/java.lang.reflect.Method.invoke(Method.java:565)
  at org.gradle.internal.dispatch.MethodInvocation.invokeOn(MethodInvocation.java:77)
  at org.gradle.internal.dispatch.ReflectionDispatch.dispatch(ReflectionDispatch.java:28)
  at org.gradle.internal.dispatch.ReflectionDispatch.dispatch(ReflectionDispatch.java:19)
  at org.gradle.internal.dispatch.ContextClassLoaderDispatch.dispatch(ContextClassLoaderDispatch.java:33)
  at org.gradle.internal.dispatch.ProxyDispatchAdapter$DispatchingInvocationHandler.invoke(ProxyDispatchAdapter.java:88)
  at jdk.proxy1/jdk.proxy1.$Proxy4.processTestDefinition(Unknown Source)
  at org.gradle.api.internal.tasks.testing.worker.TestWorker$2.run(TestWorker.java:178)
  at org.gradle.api.internal.tasks.testing.worker.TestWorker.executeAndMaintainThreadName(TestWorker.java:126)
  at org.gradle.api.internal.tasks.testing.worker.TestWorker.execute(TestWorker.java:103)
  at org.gradle.api.internal.tasks.testing.worker.TestWorker.execute(TestWorker.java:63)
  at org.gradle.process.internal.worker.child.ActionExecutionWorker.execute(ActionExecutionWorker.java:56)
  at org.gradle.process.internal.worker.child.SystemApplicationClassLoaderWorker.call(SystemApplicationClassLoaderWorker.java:122)
  at org.gradle.process.internal.worker.child.SystemApplicationClassLoaderWorker.call(SystemApplicationClassLoaderWorker.java:72)
  at worker.org.gradle.process.internal.worker.GradleWorkerMain.run(GradleWorkerMain.java:69)
  at worker.org.gradle.process.internal.worker.GradleWorkerMain.main(GradleWorkerMain.java:74)
</stacktrace>
</test-failure>


TypeScriptCompilerTests_E[jvm] > esModuleInteropDefaultImports_ts has expected errors matching esModuleInteropDefaultImports_errors_txt[jvm] FAILED

<test-failure test="com.xemantic.typescript.compiler.TypeScriptCompilerTests_E.externModule_ts compiles to JavaScript matching externModule_js" platform="jvm">
<message>
--- expected
+++ actual
@@ -43,12 +43,6 @@
 
 //// [externModule.js]
 "use strict";
-declare;
-module;
-{
-    export class XDate {
-    }
-}
 var d = new XDate();
 d.getDay();
 d = new XDate(1978, 2);

</message>
<stacktrace>
  at org.junit.Assert.fail(Assert.java:89)
  at kotlin.test.junit.JUnitAsserter.fail(JUnitSupport.kt:56)
  at kotlin.test.AssertionsKt__AssertionsKt.fail(Assertions.kt:563)
  at kotlin.test.AssertionsKt.fail(Unknown Source)
  at com.xemantic.kotlin.test.SameAsKt.sameAs(SameAs.kt:52)
  at com.xemantic.typescript.compiler.TypeScriptTestSupportKt.sameAs(TypeScriptTestSupport.kt:99)
  at com.xemantic.typescript.compiler.TypeScriptCompilerTests_E.externModule_ts compiles to JavaScript matching externModule_js(TypeScriptCompilerTests_E.kt:6580)
  at java.base/jdk.internal.reflect.DirectMethodHandleAccessor.invoke(DirectMethodHandleAccessor.java:104)
  at java.base/java.lang.reflect.Method.invoke(Method.java:565)
  at org.junit.runners.model.FrameworkMethod$1.runReflectiveCall(FrameworkMethod.java:59)
  at org.junit.internal.runners.model.ReflectiveCallable.run(ReflectiveCallable.java:12)
  at org.junit.runners.model.FrameworkMethod.invokeExplosively(FrameworkMethod.java:56)
  at org.junit.internal.runners.statements.InvokeMethod.evaluate(InvokeMethod.java:17)
  at org.junit.runners.ParentRunner$3.evaluate(ParentRunner.java:306)
  at org.junit.runners.BlockJUnit4ClassRunner$1.evaluate(BlockJUnit4ClassRunner.java:100)
  at org.junit.runners.ParentRunner.runLeaf(ParentRunner.java:366)
  at org.junit.runners.BlockJUnit4ClassRunner.runChild(BlockJUnit4ClassRunner.java:103)
  at org.junit.runners.BlockJUnit4ClassRunner.runChild(BlockJUnit4ClassRunner.java:63)
  at org.junit.runners.ParentRunner$4.run(ParentRunner.java:331)
  at org.junit.runners.ParentRunner$1.schedule(ParentRunner.java:79)
  at org.junit.runners.ParentRunner.runChildren(ParentRunner.java:329)
  at org.junit.runners.ParentRunner.access$100(ParentRunner.java:66)
  at org.junit.runners.ParentRunner$2.evaluate(ParentRunner.java:293)
  at org.junit.runners.ParentRunner$3.evaluate(ParentRunner.java:306)
  at org.junit.runners.ParentRunner.run(ParentRunner.java:413)
  at org.junit.runner.JUnitCore.run(JUnitCore.java:137)
  at org.junit.runner.JUnitCore.run(JUnitCore.java:115)
  at org.gradle.api.internal.tasks.testing.junit.JUnitTestExecutor.runRequest(JUnitTestExecutor.java:175)
  at org.gradle.api.internal.tasks.testing.junit.JUnitTestExecutor.accept(JUnitTestExecutor.java:84)
  at org.gradle.api.internal.tasks.testing.junit.JUnitTestExecutor.accept(JUnitTestExecutor.java:47)
  at org.gradle.api.internal.tasks.testing.junit.AbstractJUnitTestDefinitionProcessor.processTestDefinition(AbstractJUnitTestDefinitionProcessor.java:65)
  at org.gradle.api.internal.tasks.testing.SuiteTestDefinitionProcessor.processTestDefinition(SuiteTestDefinitionProcessor.java:54)
  at java.base/jdk.internal.reflect.DirectMethodHandleAccessor.invoke(DirectMethodHandleAccessor.java:104)
  at java.base/java.lang.reflect.Method.invoke(Method.java:565)
  at org.gradle.internal.dispatch.MethodInvocation.invokeOn(MethodInvocation.java:77)
  at org.gradle.internal.dispatch.ReflectionDispatch.dispatch(ReflectionDispatch.java:28)
  at org.gradle.internal.dispatch.ReflectionDispatch.dispatch(ReflectionDispatch.java:19)
  at org.gradle.internal.dispatch.ContextClassLoaderDispatch.dispatch(ContextClassLoaderDispatch.java:33)
  at org.gradle.internal.dispatch.ProxyDispatchAdapter$DispatchingInvocationHandler.invoke(ProxyDispatchAdapter.java:88)
  at jdk.proxy1/jdk.proxy1.$Proxy4.processTestDefinition(Unknown Source)
  at org.gradle.api.internal.tasks.testing.worker.TestWorker$2.run(TestWorker.java:178)
  at org.gradle.api.internal.tasks.testing.worker.TestWorker.executeAndMaintainThreadName(TestWorker.java:126)
  at org.gradle.api.internal.tasks.testing.worker.TestWorker.execute(TestWorker.java:103)
  at org.gradle.api.internal.tasks.testing.worker.TestWorker.execute(TestWorker.java:63)
  at org.gradle.process.internal.worker.child.ActionExecutionWorker.execute(ActionExecutionWorker.java:56)
  at org.gradle.process.internal.worker.child.SystemApplicationClassLoaderWorker.call(SystemApplicationClassLoaderWorker.java:122)
  at org.gradle.process.internal.worker.child.SystemApplicationClassLoaderWorker.call(SystemApplicationClassLoaderWorker.java:72)
  at worker.org.gradle.process.internal.worker.GradleWorkerMain.run(GradleWorkerMain.java:69)
  at worker.org.gradle.process.internal.worker.GradleWorkerMain.main(GradleWorkerMain.java:74)
</stacktrace>
</test-failure>


TypeScriptCompilerTests_E[jvm] > externModule_ts compiles to JavaScript matching externModule_js[jvm] FAILED

<test-failure test="com.xemantic.typescript.compiler.TypeScriptCompilerTests_E.errorInUnnamedClassExpression_ts has expected errors matching errorInUnnamedClassExpression_errors_txt" platform="jvm">
<message>
Expected diagnostics from baseline typescript-repo/tests/baselines/reference/errorInUnnamedClassExpression.errors.txt but none produced
</message>
<stacktrace>
  at com.xemantic.typescript.compiler.TypeScriptTestSupportKt.errorsMatchBaseline(TypeScriptTestSupport.kt:125)
  at com.xemantic.typescript.compiler.TypeScriptCompilerTests_E.errorInUnnamedClassExpression_ts has expected errors matching errorInUnnamedClassExpression_errors_txt(TypeScriptCompilerTests_E.kt:1428)
  at java.base/jdk.internal.reflect.DirectMethodHandleAccessor.invoke(DirectMethodHandleAccessor.java:104)
  at java.base/java.lang.reflect.Method.invoke(Method.java:565)
  at org.junit.runners.model.FrameworkMethod$1.runReflectiveCall(FrameworkMethod.java:59)
  at org.junit.internal.runners.model.ReflectiveCallable.run(ReflectiveCallable.java:12)
  at org.junit.runners.model.FrameworkMethod.invokeExplosively(FrameworkMethod.java:56)
  at org.junit.internal.runners.statements.InvokeMethod.evaluate(InvokeMethod.java:17)
  at org.junit.runners.ParentRunner$3.evaluate(ParentRunner.java:306)
  at org.junit.runners.BlockJUnit4ClassRunner$1.evaluate(BlockJUnit4ClassRunner.java:100)
  at org.junit.runners.ParentRunner.runLeaf(ParentRunner.java:366)
  at org.junit.runners.BlockJUnit4ClassRunner.runChild(BlockJUnit4ClassRunner.java:103)
  at org.junit.runners.BlockJUnit4ClassRunner.runChild(BlockJUnit4ClassRunner.java:63)
  at org.junit.runners.ParentRunner$4.run(ParentRunner.java:331)
  at org.junit.runners.ParentRunner$1.schedule(ParentRunner.java:79)
  at org.junit.runners.ParentRunner.runChildren(ParentRunner.java:329)
  at org.junit.runners.ParentRunner.access$100(ParentRunner.java:66)
  at org.junit.runners.ParentRunner$2.evaluate(ParentRunner.java:293)
  at org.junit.runners.ParentRunner$3.evaluate(ParentRunner.java:306)
  at org.junit.runners.ParentRunner.run(ParentRunner.java:413)
  at org.junit.runner.JUnitCore.run(JUnitCore.java:137)
  at org.junit.runner.JUnitCore.run(JUnitCore.java:115)
  at org.gradle.api.internal.tasks.testing.junit.JUnitTestExecutor.runRequest(JUnitTestExecutor.java:175)
  at org.gradle.api.internal.tasks.testing.junit.JUnitTestExecutor.accept(JUnitTestExecutor.java:84)
  at org.gradle.api.internal.tasks.testing.junit.JUnitTestExecutor.accept(JUnitTestExecutor.java:47)
  at org.gradle.api.internal.tasks.testing.junit.AbstractJUnitTestDefinitionProcessor.processTestDefinition(AbstractJUnitTestDefinitionProcessor.java:65)
  at org.gradle.api.internal.tasks.testing.SuiteTestDefinitionProcessor.processTestDefinition(SuiteTestDefinitionProcessor.java:54)
  at java.base/jdk.internal.reflect.DirectMethodHandleAccessor.invoke(DirectMethodHandleAccessor.java:104)
  at java.base/java.lang.reflect.Method.invoke(Method.java:565)
  at org.gradle.internal.dispatch.MethodInvocation.invokeOn(MethodInvocation.java:77)
  at org.gradle.internal.dispatch.ReflectionDispatch.dispatch(ReflectionDispatch.java:28)
  at org.gradle.internal.dispatch.ReflectionDispatch.dispatch(ReflectionDispatch.java:19)
  at org.gradle.internal.dispatch.ContextClassLoaderDispatch.dispatch(ContextClassLoaderDispatch.java:33)
  at org.gradle.internal.dispatch.ProxyDispatchAdapter$DispatchingInvocationHandler.invoke(ProxyDispatchAdapter.java:88)
  at jdk.proxy1/jdk.proxy1.$Proxy4.processTestDefinition(Unknown Source)
  at org.gradle.api.internal.tasks.testing.worker.TestWorker$2.run(TestWorker.java:178)
  at org.gradle.api.internal.tasks.testing.worker.TestWorker.executeAndMaintainThreadName(TestWorker.java:126)
  at org.gradle.api.internal.tasks.testing.worker.TestWorker.execute(TestWorker.java:103)
  at org.gradle.api.internal.tasks.testing.worker.TestWorker.execute(TestWorker.java:63)
  at org.gradle.process.internal.worker.child.ActionExecutionWorker.execute(ActionExecutionWorker.java:56)
  at org.gradle.process.internal.worker.child.SystemApplicationClassLoaderWorker.call(SystemApplicationClassLoaderWorker.java:122)
  at org.gradle.process.internal.worker.child.SystemApplicationClassLoaderWorker.call(SystemApplicationClassLoaderWorker.java:72)
  at worker.org.gradle.process.internal.worker.GradleWorkerMain.run(GradleWorkerMain.java:69)
  at worker.org.gradle.process.internal.worker.GradleWorkerMain.main(GradleWorkerMain.java:74)
</stacktrace>
</test-failure>


TypeScriptCompilerTests_E[jvm] > errorInUnnamedClassExpression_ts has expected errors matching errorInUnnamedClassExpression_errors_txt[jvm] FAILED

<test-failure test="com.xemantic.typescript.compiler.TypeScriptCompilerTests_E.exhaustiveSwitchCheckCircularity_ts has expected errors matching exhaustiveSwitchCheckCircularity_errors_txt" platform="jvm">
<message>
Expected diagnostics from baseline typescript-repo/tests/baselines/reference/exhaustiveSwitchCheckCircularity.errors.txt but none produced
</message>
<stacktrace>
  at com.xemantic.typescript.compiler.TypeScriptTestSupportKt.errorsMatchBaseline(TypeScriptTestSupport.kt:125)
  at com.xemantic.typescript.compiler.TypeScriptCompilerTests_E.exhaustiveSwitchCheckCircularity_ts has expected errors matching exhaustiveSwitchCheckCircularity_errors_txt(TypeScriptCompilerTests_E.kt:4424)
  at java.base/jdk.internal.reflect.DirectMethodHandleAccessor.invoke(DirectMethodHandleAccessor.java:104)
  at java.base/java.lang.reflect.Method.invoke(Method.java:565)
  at org.junit.runners.model.FrameworkMethod$1.runReflectiveCall(FrameworkMethod.java:59)
  at org.junit.internal.runners.model.ReflectiveCallable.run(ReflectiveCallable.java:12)
  at org.junit.runners.model.FrameworkMethod.invokeExplosively(FrameworkMethod.java:56)
  at org.junit.internal.runners.statements.InvokeMethod.evaluate(InvokeMethod.java:17)
  at org.junit.runners.ParentRunner$3.evaluate(ParentRunner.java:306)
  at org.junit.runners.BlockJUnit4ClassRunner$1.evaluate(BlockJUnit4ClassRunner.java:100)
  at org.junit.runners.ParentRunner.runLeaf(ParentRunner.java:366)
  at org.junit.runners.BlockJUnit4ClassRunner.runChild(BlockJUnit4ClassRunner.java:103)
  at org.junit.runners.BlockJUnit4ClassRunner.runChild(BlockJUnit4ClassRunner.java:63)
  at org.junit.runners.ParentRunner$4.run(ParentRunner.java:331)
  at org.junit.runners.ParentRunner$1.schedule(ParentRunner.java:79)
  at org.junit.runners.ParentRunner.runChildren(ParentRunner.java:329)
  at org.junit.runners.ParentRunner.access$100(ParentRunner.java:66)
  at org.junit.runners.ParentRunner$2.evaluate(ParentRunner.java:293)
  at org.junit.runners.ParentRunner$3.evaluate(ParentRunner.java:306)
  at org.junit.runners.ParentRunner.run(ParentRunner.java:413)
  at org.junit.runner.JUnitCore.run(JUnitCore.java:137)
  at org.junit.runner.JUnitCore.run(JUnitCore.java:115)
  at org.gradle.api.internal.tasks.testing.junit.JUnitTestExecutor.runRequest(JUnitTestExecutor.java:175)
  at org.gradle.api.internal.tasks.testing.junit.JUnitTestExecutor.accept(JUnitTestExecutor.java:84)
  at org.gradle.api.internal.tasks.testing.junit.JUnitTestExecutor.accept(JUnitTestExecutor.java:47)
  at org.gradle.api.internal.tasks.testing.junit.AbstractJUnitTestDefinitionProcessor.processTestDefinition(AbstractJUnitTestDefinitionProcessor.java:65)
  at org.gradle.api.internal.tasks.testing.SuiteTestDefinitionProcessor.processTestDefinition(SuiteTestDefinitionProcessor.java:54)
  at java.base/jdk.internal.reflect.DirectMethodHandleAccessor.invoke(DirectMethodHandleAccessor.java:104)
  at java.base/java.lang.reflect.Method.invoke(Method.java:565)
  at org.gradle.internal.dispatch.MethodInvocation.invokeOn(MethodInvocation.java:77)
  at org.gradle.internal.dispatch.ReflectionDispatch.dispatch(ReflectionDispatch.java:28)
  at org.gradle.internal.dispatch.ReflectionDispatch.dispatch(ReflectionDispatch.java:19)
  at org.gradle.internal.dispatch.ContextClassLoaderDispatch.dispatch(ContextClassLoaderDispatch.java:33)
  at org.gradle.internal.dispatch.ProxyDispatchAdapter$DispatchingInvocationHandler.invoke(ProxyDispatchAdapter.java:88)
  at jdk.proxy1/jdk.proxy1.$Proxy4.processTestDefinition(Unknown Source)
  at org.gradle.api.internal.tasks.testing.worker.TestWorker$2.run(TestWorker.java:178)
  at org.gradle.api.internal.tasks.testing.worker.TestWorker.executeAndMaintainThreadName(TestWorker.java:126)
  at org.gradle.api.internal.tasks.testing.worker.TestWorker.execute(TestWorker.java:103)
  at org.gradle.api.internal.tasks.testing.worker.TestWorker.execute(TestWorker.java:63)
  at org.gradle.process.internal.worker.child.ActionExecutionWorker.execute(ActionExecutionWorker.java:56)
  at org.gradle.process.internal.worker.child.SystemApplicationClassLoaderWorker.call(SystemApplicationClassLoaderWorker.java:122)
  at org.gradle.process.internal.worker.child.SystemApplicationClassLoaderWorker.call(SystemApplicationClassLoaderWorker.java:72)
  at worker.org.gradle.process.internal.worker.GradleWorkerMain.run(GradleWorkerMain.java:69)
  at worker.org.gradle.process.internal.worker.GradleWorkerMain.main(GradleWorkerMain.java:74)
</stacktrace>
</test-failure>


TypeScriptCompilerTests_E[jvm] > exhaustiveSwitchCheckCircularity_ts has expected errors matching exhaustiveSwitchCheckCircularity_errors_txt[jvm] FAILED

<test-failure test="com.xemantic.typescript.compiler.TypeScriptCompilerTests_E.enumBasics1_ts has expected errors matching enumBasics1_errors_txt" platform="jvm">
<message>
--- expected
+++ actual
@@ -1,8 +1,7 @@
-enumBasics1.ts(26,5): error TS2339: Property 'A' does not exist on type 'E.A'.
 enumBasics1.ts(35,2): error TS2432: In an enum with multiple declarations, only one declaration can omit an initializer for its first enum element.
 
 
-==== enumBasics1.ts (2 errors) ====
+==== enumBasics1.ts (1 errors) ====
     enum E {
     	A = 1,
     	B,
@@ -29,8 +28,6 @@
     var e = E; // shouldn't error
     */
     E.A.A; // should error
-        ~
-!!! error TS2339: Property 'A' does not exist on type 'E.A'.
     
     
     enum E2 {

</message>
<stacktrace>
  at org.junit.Assert.fail(Assert.java:89)
  at kotlin.test.junit.JUnitAsserter.fail(JUnitSupport.kt:56)
  at kotlin.test.AssertionsKt__AssertionsKt.fail(Assertions.kt:563)
  at kotlin.test.AssertionsKt.fail(Unknown Source)
  at com.xemantic.kotlin.test.SameAsKt.sameAs(SameAs.kt:52)
  at com.xemantic.typescript.compiler.TypeScriptTestSupportKt.errorsMatchBaseline(TypeScriptTestSupport.kt:135)
  at com.xemantic.typescript.compiler.TypeScriptCompilerTests_E.enumBasics1_ts has expected errors matching enumBasics1_errors_txt(TypeScriptCompilerTests_E.kt:798)
  at java.base/jdk.internal.reflect.DirectMethodHandleAccessor.invoke(DirectMethodHandleAccessor.java:104)
  at java.base/java.lang.reflect.Method.invoke(Method.java:565)
  at org.junit.runners.model.FrameworkMethod$1.runReflectiveCall(FrameworkMethod.java:59)
  at org.junit.internal.runners.model.ReflectiveCallable.run(ReflectiveCallable.java:12)
  at org.junit.runners.model.FrameworkMethod.invokeExplosively(FrameworkMethod.java:56)
  at org.junit.internal.runners.statements.InvokeMethod.evaluate(InvokeMethod.java:17)
  at org.junit.runners.ParentRunner$3.evaluate(ParentRunner.java:306)
  at org.junit.runners.BlockJUnit4ClassRunner$1.evaluate(BlockJUnit4ClassRunner.java:100)
  at org.junit.runners.ParentRunner.runLeaf(ParentRunner.java:366)
  at org.junit.runners.BlockJUnit4ClassRunner.runChild(BlockJUnit4ClassRunner.java:103)
  at org.junit.runners.BlockJUnit4ClassRunner.runChild(BlockJUnit4ClassRunner.java:63)
  at org.junit.runners.ParentRunner$4.run(ParentRunner.java:331)
  at org.junit.runners.ParentRunner$1.schedule(ParentRunner.java:79)
  at org.junit.runners.ParentRunner.runChildren(ParentRunner.java:329)
  at org.junit.runners.ParentRunner.access$100(ParentRunner.java:66)
  at org.junit.runners.ParentRunner$2.evaluate(ParentRunner.java:293)
  at org.junit.runners.ParentRunner$3.evaluate(ParentRunner.java:306)
  at org.junit.runners.ParentRunner.run(ParentRunner.java:413)
  at org.junit.runner.JUnitCore.run(JUnitCore.java:137)
  at org.junit.runner.JUnitCore.run(JUnitCore.java:115)
  at org.gradle.api.internal.tasks.testing.junit.JUnitTestExecutor.runRequest(JUnitTestExecutor.java:175)
  at org.gradle.api.internal.tasks.testing.junit.JUnitTestExecutor.accept(JUnitTestExecutor.java:84)
  at org.gradle.api.internal.tasks.testing.junit.JUnitTestExecutor.accept(JUnitTestExecutor.java:47)
  at org.gradle.api.internal.tasks.testing.junit.AbstractJUnitTestDefinitionProcessor.processTestDefinition(AbstractJUnitTestDefinitionProcessor.java:65)
  at org.gradle.api.internal.tasks.testing.SuiteTestDefinitionProcessor.processTestDefinition(SuiteTestDefinitionProcessor.java:54)
  at java.base/jdk.internal.reflect.DirectMethodHandleAccessor.invoke(DirectMethodHandleAccessor.java:104)
  at java.base/java.lang.reflect.Method.invoke(Method.java:565)
  at org.gradle.internal.dispatch.MethodInvocation.invokeOn(MethodInvocation.java:77)
  at org.gradle.internal.dispatch.ReflectionDispatch.dispatch(ReflectionDispatch.java:28)
  at org.gradle.internal.dispatch.ReflectionDispatch.dispatch(ReflectionDispatch.java:19)
  at org.gradle.internal.dispatch.ContextClassLoaderDispatch.dispatch(ContextClassLoaderDispatch.java:33)
  at org.gradle.internal.dispatch.ProxyDispatchAdapter$DispatchingInvocationHandler.invoke(ProxyDispatchAdapter.java:88)
  at jdk.proxy1/jdk.proxy1.$Proxy4.processTestDefinition(Unknown Source)
  at org.gradle.api.internal.tasks.testing.worker.TestWorker$2.run(TestWorker.java:178)
  at org.gradle.api.internal.tasks.testing.worker.TestWorker.executeAndMaintainThreadName(TestWorker.java:126)
  at org.gradle.api.internal.tasks.testing.worker.TestWorker.execute(TestWorker.java:103)
  at org.gradle.api.internal.tasks.testing.worker.TestWorker.execute(TestWorker.java:63)
  at org.gradle.process.internal.worker.child.ActionExecutionWorker.execute(ActionExecutionWorker.java:56)
  at org.gradle.process.internal.worker.child.SystemApplicationClassLoaderWorker.call(SystemApplicationClassLoaderWorker.java:122)
  at org.gradle.process.internal.worker.child.SystemApplicationClassLoaderWorker.call(SystemApplicationClassLoaderWorker.java:72)
  at worker.org.gradle.process.internal.worker.GradleWorkerMain.run(GradleWorkerMain.java:69)
  at worker.org.gradle.process.internal.worker.GradleWorkerMain.main(GradleWorkerMain.java:74)
</stacktrace>
</test-failure>


TypeScriptCompilerTests_E[jvm] > enumBasics1_ts has expected errors matching enumBasics1_errors_txt[jvm] FAILED

<test-failure test="com.xemantic.typescript.compiler.TypeScriptCompilerTests_E.es5-asyncFunctionWithStatements_ts__alwaysstrict_true_target_es5__has expected errors matching baseline" platform="jvm">
<message>
--- expected
+++ actual
@@ -1,27 +1,22 @@
 es5-asyncFunctionWithStatements.ts(4,5): error TS1101: 'with' statements are not allowed in strict mode.
-es5-asyncFunctionWithStatements.ts(4,5): error TS1300: 'with' statements are not allowed in an async function block.
 es5-asyncFunctionWithStatements.ts(4,5): error TS2410: The 'with' statement is not supported. All symbols in a 'with' block will have type 'any'.
 es5-asyncFunctionWithStatements.ts(10,5): error TS1101: 'with' statements are not allowed in strict mode.
-es5-asyncFunctionWithStatements.ts(10,5): error TS1300: 'with' statements are not allowed in an async function block.
 es5-asyncFunctionWithStatements.ts(10,5): error TS2410: The 'with' statement is not supported. All symbols in a 'with' block will have type 'any'.
 es5-asyncFunctionWithStatements.ts(16,5): error TS1101: 'with' statements are not allowed in strict mode.
-es5-asyncFunctionWithStatements.ts(16,5): error TS1300: 'with' statements are not allowed in an async function block.
 es5-asyncFunctionWithStatements.ts(16,5): error TS2410: The 'with' statement is not supported. All symbols in a 'with' block will have type 'any'.
 es5-asyncFunctionWithStatements.ts(24,5): error TS1101: 'with' statements are not allowed in strict mode.
-es5-asyncFunctionWithStatements.ts(24,5): error TS1300: 'with' statements are not allowed in an async function block.
 es5-asyncFunctionWithStatements.ts(24,5): error TS2410: The 'with' statement is not supported. All symbols in a 'with' block will have type 'any'.
 es5-asyncFunctionWithStatements.ts(25,9): error TS1101: 'with' statements are not allowed in strict mode.
+es5-asyncFunctionWithStatements.ts(25,9): error TS2410: The 'with' statement is not supported. All symbols in a 'with' block will have type 'any'.
 
 
-==== es5-asyncFunctionWithStatements.ts (13 errors) ====
+==== es5-asyncFunctionWithStatements.ts (10 errors) ====
     declare var x, y, z, a, b, c;
     
     async function withStatement0() {
         with (x) {
         ~~~~
 !!! error TS1101: 'with' statements are not allowed in strict mode.
-        ~~~~
-!!! error TS1300: 'with' statements are not allowed in an async function block.
         ~~~~~~~~
 !!! error TS2410: The 'with' statement is not supported. All symbols in a 'with' block will have type 'any'.
             y;
@@ -32,8 +27,6 @@
         with (await x) {
         ~~~~
 !!! error TS1101: 'with' statements are not allowed in strict mode.
-        ~~~~
-!!! error TS1300: 'with' statements are not allowed in an async function block.
         ~~~~~~~~~~~~~~
 !!! error TS2410: The 'with' statement is not supported. All symbols in a 'with' block will have type 'any'.
             y;
@@ -44,8 +37,6 @@
         with (x) {
         ~~~~
 !!! error TS1101: 'with' statements are not allowed in strict mode.
-        ~~~~
-!!! error TS1300: 'with' statements are not allowed in an async function block.
         ~~~~~~~~
 !!! error TS2410: The 'with' statement is not supported. All symbols in a 'with' block will have type 'any'.
             a;
@@ -58,13 +49,13 @@
         with (x) {
         ~~~~
 !!! error TS1101: 'with' statements are not allowed in strict mode.
-        ~~~~
-!!! error TS1300: 'with' statements are not allowed in an async function block.
         ~~~~~~~~
 !!! error TS2410: The 'with' statement is not supported. All symbols in a 'with' block will have type 'any'.
             with (z) {
             ~~~~
 !!! error TS1101: 'with' statements are not allowed in strict mode.
+            ~~~~~~~~
+!!! error TS2410: The 'with' statement is not supported. All symbols in a 'with' block will have type 'any'.
                 a;
                 await y;
                 b;

</message>
<stacktrace>
  at org.junit.Assert.fail(Assert.java:89)
  at kotlin.test.junit.JUnitAsserter.fail(JUnitSupport.kt:56)
  at kotlin.test.AssertionsKt__AssertionsKt.fail(Assertions.kt:563)
  at kotlin.test.AssertionsKt.fail(Unknown Source)
  at com.xemantic.kotlin.test.SameAsKt.sameAs(SameAs.kt:52)
  at com.xemantic.typescript.compiler.TypeScriptTestSupportKt.errorsMatchBaseline(TypeScriptTestSupport.kt:135)
  at com.xemantic.typescript.compiler.TypeScriptCompilerTests_E.es5-asyncFunctionWithStatements_ts__alwaysstrict_true_target_es5__has expected errors matching baseline(TypeScriptCompilerTests_E.kt:2135)
  at java.base/jdk.internal.reflect.DirectMethodHandleAccessor.invoke(DirectMethodHandleAccessor.java:104)
  at java.base/java.lang.reflect.Method.invoke(Method.java:565)
  at org.junit.runners.model.FrameworkMethod$1.runReflectiveCall(FrameworkMethod.java:59)
  at org.junit.internal.runners.model.ReflectiveCallable.run(ReflectiveCallable.java:12)
  at org.junit.runners.model.FrameworkMethod.invokeExplosively(FrameworkMethod.java:56)
  at org.junit.internal.runners.statements.InvokeMethod.evaluate(InvokeMethod.java:17)
  at org.junit.runners.ParentRunner$3.evaluate(ParentRunner.java:306)
  at org.junit.runners.BlockJUnit4ClassRunner$1.evaluate(BlockJUnit4ClassRunner.java:100)
  at org.junit.runners.ParentRunner.runLeaf(ParentRunner.java:366)
  at org.junit.runners.BlockJUnit4ClassRunner.runChild(BlockJUnit4ClassRunner.java:103)
  at org.junit.runners.BlockJUnit4ClassRunner.runChild(BlockJUnit4ClassRunner.java:63)
  at org.junit.runners.ParentRunner$4.run(ParentRunner.java:331)
  at org.junit.runners.ParentRunner$1.schedule(ParentRunner.java:79)
  at org.junit.runners.ParentRunner.runChildren(ParentRunner.java:329)
  at org.junit.runners.ParentRunner.access$100(ParentRunner.java:66)
  at org.junit.runners.ParentRunner$2.evaluate(ParentRunner.java:293)
  at org.junit.runners.ParentRunner$3.evaluate(ParentRunner.java:306)
  at org.junit.runners.ParentRunner.run(ParentRunner.java:413)
  at org.junit.runner.JUnitCore.run(JUnitCore.java:137)
  at org.junit.runner.JUnitCore.run(JUnitCore.java:115)
  at org.gradle.api.internal.tasks.testing.junit.JUnitTestExecutor.runRequest(JUnitTestExecutor.java:175)
  at org.gradle.api.internal.tasks.testing.junit.JUnitTestExecutor.accept(JUnitTestExecutor.java:84)
  at org.gradle.api.internal.tasks.testing.junit.JUnitTestExecutor.accept(JUnitTestExecutor.java:47)
  at org.gradle.api.internal.tasks.testing.junit.AbstractJUnitTestDefinitionProcessor.processTestDefinition(AbstractJUnitTestDefinitionProcessor.java:65)
  at org.gradle.api.internal.tasks.testing.SuiteTestDefinitionProcessor.processTestDefinition(SuiteTestDefinitionProcessor.java:54)
  at java.base/jdk.internal.reflect.DirectMethodHandleAccessor.invoke(DirectMethodHandleAccessor.java:104)
  at java.base/java.lang.reflect.Method.invoke(Method.java:565)
  at org.gradle.internal.dispatch.MethodInvocation.invokeOn(MethodInvocation.java:77)
  at org.gradle.internal.dispatch.ReflectionDispatch.dispatch(ReflectionDispatch.java:28)
  at org.gradle.internal.dispatch.ReflectionDispatch.dispatch(ReflectionDispatch.java:19)
  at org.gradle.internal.dispatch.ContextClassLoaderDispatch.dispatch(ContextClassLoaderDispatch.java:33)
  at org.gradle.internal.dispatch.ProxyDispatchAdapter$DispatchingInvocationHandler.invoke(ProxyDispatchAdapter.java:88)
  at jdk.proxy1/jdk.proxy1.$Proxy4.processTestDefinition(Unknown Source)
  at org.gradle.api.internal.tasks.testing.worker.TestWorker$2.run(TestWorker.java:178)
  at org.gradle.api.internal.tasks.testing.worker.TestWorker.executeAndMaintainThreadName(TestWorker.java:126)
  at org.gradle.api.internal.tasks.testing.worker.TestWorker.execute(TestWorker.java:103)
  at org.gradle.api.internal.tasks.testing.worker.TestWorker.execute(TestWorker.java:63)
  at org.gradle.process.internal.worker.child.ActionExecutionWorker.execute(ActionExecutionWorker.java:56)
  at org.gradle.process.internal.worker.child.SystemApplicationClassLoaderWorker.call(SystemApplicationClassLoaderWorker.java:122)
  at org.gradle.process.internal.worker.child.SystemApplicationClassLoaderWorker.call(SystemApplicationClassLoaderWorker.java:72)
  at worker.org.gradle.process.internal.worker.GradleWorkerMain.run(GradleWorkerMain.java:69)
  at worker.org.gradle.process.internal.worker.GradleWorkerMain.main(GradleWorkerMain.java:74)
</stacktrace>
</test-failure>


TypeScriptCompilerTests_E[jvm] > es5-asyncFunctionWithStatements_ts__alwaysstrict_true_target_es5__has expected errors matching baseline[jvm] FAILED

<test-failure test="com.xemantic.typescript.compiler.TypeScriptCompilerTests_E.externModule_ts has expected errors matching externModule_errors_txt" platform="jvm">
<message>
--- expected
+++ actual
@@ -1,33 +1,18 @@
-externModule.ts(1,1): error TS2304: Cannot find name 'declare'.
-externModule.ts(1,9): error TS2591: Cannot find name 'module'. Do you need to install type definitions for node? Try `npm i --save-dev @types/node` and then add 'node' to the types field in your tsconfig.
-externModule.ts(1,16): error TS1437: Namespace must be given a name.
-externModule.ts(3,10): error TS2391: Function implementation is missing or not immediately following the declaration.
-externModule.ts(4,10): error TS2391: Function implementation is missing or not immediately following the declaration.
-externModule.ts(18,6): error TS2390: Constructor implementation is missing.
-externModule.ts(20,13): error TS2391: Function implementation is missing or not immediately following the declaration.
-externModule.ts(26,13): error TS2391: Function implementation is missing or not immediately following the declaration.
-externModule.ts(28,13): error TS2391: Function implementation is missing or not immediately following the declaration.
+externModule.ts(1,16): error TS1540: A 'namespace' declaration should not be declared using the 'module' keyword. Please use the 'namespace' keyword instead.
 externModule.ts(32,11): error TS2552: Cannot find name 'XDate'. Did you mean 'Date'?
+externModule.ts(32,11): error TS2554: Expected 2 arguments, but got 0.
 externModule.ts(34,7): error TS2552: Cannot find name 'XDate'. Did you mean 'Date'?
 externModule.ts(36,7): error TS2552: Cannot find name 'XDate'. Did you mean 'Date'?
 externModule.ts(37,3): error TS2552: Cannot find name 'XDate'. Did you mean 'Date'?
 
 
-==== externModule.ts (13 errors) ====
+==== externModule.ts (6 errors) ====
     declare module {
-    ~~~~~~~
-!!! error TS2304: Cannot find name 'declare'.
-            ~~~~~~
-!!! error TS2591: Cannot find name 'module'. Do you need to install type definitions for node? Try `npm i --save-dev @types/node` and then add 'node' to the types field in your tsconfig.
                    ~
-!!! error TS1437: Namespace must be given a name.
+!!! error TS1540: A 'namespace' declaration should not be declared using the 'module' keyword. Please use the 'namespace' keyword instead.
         export class XDate {
     		public getDay():number;
-    		       ~~~~~~
-!!! error TS2391: Function implementation is missing or not immediately following the declaration.
     		public getXDate():number;
-    		       ~~~~~~~~
-!!! error TS2391: Function implementation is missing or not immediately following the declaration.
     		// etc.
     
     	    // Called as a function
@@ -42,42 +27,32 @@
     	    constructor(year: number, month: number, date: number, hours: number, minutes: number, seconds: number, ms: number);
     	    constructor(value: number);
     	    constructor();
-    	    ~~~~~~~~~~~
-!!! error TS2390: Constructor implementation is missing.
     	    
     	    static parse(string: string): number;
-    	           ~~~~~
-!!! error TS2391: Function implementation is missing or not immediately following the declaration.
     	    static UTC(year: number, month: number): number;
     	    static UTC(year: number, month: number, date: number): number;
     	    static UTC(year: number, month: number, date: number, hours: number): number;
     	    static UTC(year: number, month: number, date: number, hours: number, minutes: number): number;
     	    static UTC(year: number, month: number, date: number, hours: number, minutes: number, seconds: number): number;
     	    static UTC(year: number, month: number, date: number, hours: number, minutes: number, seconds: number,
-    	           ~~~
-!!! error TS2391: Function implementation is missing or not immediately following the declaration.
     		         ms: number): number;
     	    static now(): number;
-    	           ~~~
-!!! error TS2391: Function implementation is missing or not immediately following the declaration.
         }
     }
     
     var d=new XDate();
               ~~~~~
 !!! error TS2552: Cannot find name 'XDate'. Did you mean 'Date'?
-!!! related TS2728 lib.es5.d.ts:--:--: 'Date' is declared here.
+              ~~~~~
+!!! error TS2554: Expected 2 arguments, but got 0.
     d.getDay();
     d=new XDate(1978,2);
           ~~~~~
 !!! error TS2552: Cannot find name 'XDate'. Did you mean 'Date'?
-!!! related TS2728 lib.es5.d.ts:--:--: 'Date' is declared here.
     d.getXDate();
     var n=XDate.parse("3/2/2004");
           ~~~~~
 !!! error TS2552: Cannot find name 'XDate'. Did you mean 'Date'?
-!!! related TS2728 lib.es5.d.ts:--:--: 'Date' is declared here.
     n=XDate.UTC(1964,2,1);
       ~~~~~
 !!! error TS2552: Cannot find name 'XDate'. Did you mean 'Date'?
-!!! related TS2728 lib.es5.d.ts:--:--: 'Date' is declared here.

</message>
<stacktrace>
  at org.junit.Assert.fail(Assert.java:89)
  at kotlin.test.junit.JUnitAsserter.fail(JUnitSupport.kt:56)
  at kotlin.test.AssertionsKt__AssertionsKt.fail(Assertions.kt:563)
  at kotlin.test.AssertionsKt.fail(Unknown Source)
  at com.xemantic.kotlin.test.SameAsKt.sameAs(SameAs.kt:52)
  at com.xemantic.typescript.compiler.TypeScriptTestSupportKt.errorsMatchBaseline(TypeScriptTestSupport.kt:135)
  at com.xemantic.typescript.compiler.TypeScriptCompilerTests_E.externModule_ts has expected errors matching externModule_errors_txt(TypeScriptCompilerTests_E.kt:6587)
  at java.base/jdk.internal.reflect.DirectMethodHandleAccessor.invoke(DirectMethodHandleAccessor.java:104)
  at java.base/java.lang.reflect.Method.invoke(Method.java:565)
  at org.junit.runners.model.FrameworkMethod$1.runReflectiveCall(FrameworkMethod.java:59)
  at org.junit.internal.runners.model.ReflectiveCallable.run(ReflectiveCallable.java:12)
  at org.junit.runners.model.FrameworkMethod.invokeExplosively(FrameworkMethod.java:56)
  at org.junit.internal.runners.statements.InvokeMethod.evaluate(InvokeMethod.java:17)
  at org.junit.runners.ParentRunner$3.evaluate(ParentRunner.java:306)
  at org.junit.runners.BlockJUnit4ClassRunner$1.evaluate(BlockJUnit4ClassRunner.java:100)
  at org.junit.runners.ParentRunner.runLeaf(ParentRunner.java:366)
  at org.junit.runners.BlockJUnit4ClassRunner.runChild(BlockJUnit4ClassRunner.java:103)
  at org.junit.runners.BlockJUnit4ClassRunner.runChild(BlockJUnit4ClassRunner.java:63)
  at org.junit.runners.ParentRunner$4.run(ParentRunner.java:331)
  at org.junit.runners.ParentRunner$1.schedule(ParentRunner.java:79)
  at org.junit.runners.ParentRunner.runChildren(ParentRunner.java:329)
  at org.junit.runners.ParentRunner.access$100(ParentRunner.java:66)
  at org.junit.runners.ParentRunner$2.evaluate(ParentRunner.java:293)
  at org.junit.runners.ParentRunner$3.evaluate(ParentRunner.java:306)
  at org.junit.runners.ParentRunner.run(ParentRunner.java:413)
  at org.junit.runner.JUnitCore.run(JUnitCore.java:137)
  at org.junit.runner.JUnitCore.run(JUnitCore.java:115)
  at org.gradle.api.internal.tasks.testing.junit.JUnitTestExecutor.runRequest(JUnitTestExecutor.java:175)
  at org.gradle.api.internal.tasks.testing.junit.JUnitTestExecutor.accept(JUnitTestExecutor.java:84)
  at org.gradle.api.internal.tasks.testing.junit.JUnitTestExecutor.accept(JUnitTestExecutor.java:47)
  at org.gradle.api.internal.tasks.testing.junit.AbstractJUnitTestDefinitionProcessor.processTestDefinition(AbstractJUnitTestDefinitionProcessor.java:65)
  at org.gradle.api.internal.tasks.testing.SuiteTestDefinitionProcessor.processTestDefinition(SuiteTestDefinitionProcessor.java:54)
  at java.base/jdk.internal.reflect.DirectMethodHandleAccessor.invoke(DirectMethodHandleAccessor.java:104)
  at java.base/java.lang.reflect.Method.invoke(Method.java:565)
  at org.gradle.internal.dispatch.MethodInvocation.invokeOn(MethodInvocation.java:77)
  at org.gradle.internal.dispatch.ReflectionDispatch.dispatch(ReflectionDispatch.java:28)
  at org.gradle.internal.dispatch.ReflectionDispatch.dispatch(ReflectionDispatch.java:19)
  at org.gradle.internal.dispatch.ContextClassLoaderDispatch.dispatch(ContextClassLoaderDispatch.java:33)
  at org.gradle.internal.dispatch.ProxyDispatchAdapter$DispatchingInvocationHandler.invoke(ProxyDispatchAdapter.java:88)
  at jdk.proxy1/jdk.proxy1.$Proxy4.processTestDefinition(Unknown Source)
  at org.gradle.api.internal.tasks.testing.worker.TestWorker$2.run(TestWorker.java:178)
  at org.gradle.api.internal.tasks.testing.worker.TestWorker.executeAndMaintainThreadName(TestWorker.java:126)
  at org.gradle.api.internal.tasks.testing.worker.TestWorker.execute(TestWorker.java:103)
  at org.gradle.api.internal.tasks.testing.worker.TestWorker.execute(TestWorker.java:63)
  at org.gradle.process.internal.worker.child.ActionExecutionWorker.execute(ActionExecutionWorker.java:56)
  at org.gradle.process.internal.worker.child.SystemApplicationClassLoaderWorker.call(SystemApplicationClassLoaderWorker.java:122)
  at org.gradle.process.internal.worker.child.SystemApplicationClassLoaderWorker.call(SystemApplicationClassLoaderWorker.java:72)
  at worker.org.gradle.process.internal.worker.GradleWorkerMain.run(GradleWorkerMain.java:69)
  at worker.org.gradle.process.internal.worker.GradleWorkerMain.main(GradleWorkerMain.java:74)
</stacktrace>
</test-failure>


TypeScriptCompilerTests_E[jvm] > externModule_ts has expected errors matching externModule_errors_txt[jvm] FAILED

<test-failure test="com.xemantic.typescript.compiler.TypeScriptCompilerTests_E.es6ImportDefaultBindingFollowedWithNamedImport1WithExport_ts__target_es5__has expected errors matching baseline" platform="jvm">
<message>
--- expected
+++ actual
@@ -2,20 +2,14 @@
 client.ts(1,1): error TS1191: An import declaration cannot have modifiers.
 client.ts(2,12): error TS2323: Cannot redeclare exported variable 'x1'.
 client.ts(3,1): error TS1191: An import declaration cannot have modifiers.
-client.ts(3,34): error TS2614: Module '"./server"' has no exported member 'a'. Did you mean to use 'import a from "./server"' instead?
 client.ts(4,12): error TS2323: Cannot redeclare exported variable 'x1'.
 client.ts(5,1): error TS1191: An import declaration cannot have modifiers.
-client.ts(5,34): error TS2614: Module '"./server"' has no exported member 'a'. Did you mean to use 'import a from "./server"' instead?
 client.ts(6,12): error TS2323: Cannot redeclare exported variable 'x1'.
 client.ts(7,1): error TS1191: An import declaration cannot have modifiers.
-client.ts(7,34): error TS2614: Module '"./server"' has no exported member 'x'. Did you mean to use 'import x from "./server"' instead?
-client.ts(7,37): error TS2614: Module '"./server"' has no exported member 'a'. Did you mean to use 'import a from "./server"' instead?
 client.ts(8,12): error TS2323: Cannot redeclare exported variable 'x1'.
 client.ts(9,1): error TS1191: An import declaration cannot have modifiers.
-client.ts(9,34): error TS2614: Module '"./server"' has no exported member 'x'. Did you mean to use 'import x from "./server"' instead?
 client.ts(10,12): error TS2323: Cannot redeclare exported variable 'x1'.
 client.ts(11,1): error TS1191: An import declaration cannot have modifiers.
-client.ts(11,34): error TS2614: Module '"./server"' has no exported member 'm'. Did you mean to use 'import m from "./server"' instead?
 client.ts(12,12): error TS2323: Cannot redeclare exported variable 'x1'.
 
 
@@ -24,7 +18,7 @@
     var a = 10;
     export default a;
     
-==== client.ts (18 errors) ====
+==== client.ts (12 errors) ====
     export import defaultBinding1, { } from "./server";
     ~~~~~~
 !!! error TS1191: An import declaration cannot have modifiers.
@@ -34,42 +28,30 @@
     export import defaultBinding2, { a } from "./server";
     ~~~~~~
 !!! error TS1191: An import declaration cannot have modifiers.
-                                     ~
-!!! error TS2614: Module '"./server"' has no exported member 'a'. Did you mean to use 'import a from "./server"' instead?
     export var x1: number = defaultBinding2;
                ~~
 !!! error TS2323: Cannot redeclare exported variable 'x1'.
     export import defaultBinding3, { a as b } from "./server";
     ~~~~~~
 !!! error TS1191: An import declaration cannot have modifiers.
-                                     ~
-!!! error TS2614: Module '"./server"' has no exported member 'a'. Did you mean to use 'import a from "./server"' instead?
     export var x1: number = defaultBinding3;
                ~~
 !!! error TS2323: Cannot redeclare exported variable 'x1'.
     export import defaultBinding4, { x, a as y } from "./server";
     ~~~~~~
 !!! error TS1191: An import declaration cannot have modifiers.
-                                     ~
-!!! error TS2614: Module '"./server"' has no exported member 'x'. Did you mean to use 'import x from "./server"' instead?
-                                        ~
-!!! error TS2614: Module '"./server"' has no exported member 'a'. Did you mean to use 'import a from "./server"' instead?
     export var x1: number = defaultBinding4;
                ~~
 !!! error TS2323: Cannot redeclare exported variable 'x1'.
     export import defaultBinding5, { x as z,  } from "./server";
     ~~~~~~
 !!! error TS1191: An import declaration cannot have modifiers.
-                                     ~
-!!! error TS2614: Module '"./server"' has no exported member 'x'. Did you mean to use 'import x from "./server"' instead?
     export var x1: number = defaultBinding5;
                ~~
 !!! error TS2323: Cannot redeclare exported variable 'x1'.
     export import defaultBinding6, { m,  } from "./server";
     ~~~~~~
 !!! error TS1191: An import declaration cannot have modifiers.
-                                     ~
-!!! error TS2614: Module '"./server"' has no exported member 'm'. Did you mean to use 'import m from "./server"' instead?
     export var x1: number = defaultBinding6;
                ~~
 !!! error TS2323: Cannot redeclare exported variable 'x1'.

</message>
<stacktrace>
  at org.junit.Assert.fail(Assert.java:89)
  at kotlin.test.junit.JUnitAsserter.fail(JUnitSupport.kt:56)
  at kotlin.test.AssertionsKt__AssertionsKt.fail(Assertions.kt:563)
  at kotlin.test.AssertionsKt.fail(Unknown Source)
  at com.xemantic.kotlin.test.SameAsKt.sameAs(SameAs.kt:52)
  at com.xemantic.typescript.compiler.TypeScriptTestSupportKt.errorsMatchBaseline(TypeScriptTestSupport.kt:135)
  at com.xemantic.typescript.compiler.TypeScriptCompilerTests_E.es6ImportDefaultBindingFollowedWithNamedImport1WithExport_ts__target_es5__has expected errors matching baseline(TypeScriptCompilerTests_E.kt:3150)
  at java.base/jdk.internal.reflect.DirectMethodHandleAccessor.invoke(DirectMethodHandleAccessor.java:104)
  at java.base/java.lang.reflect.Method.invoke(Method.java:565)
  at org.junit.runners.model.FrameworkMethod$1.runReflectiveCall(FrameworkMethod.java:59)
  at org.junit.internal.runners.model.ReflectiveCallable.run(ReflectiveCallable.java:12)
  at org.junit.runners.model.FrameworkMethod.invokeExplosively(FrameworkMethod.java:56)
  at org.junit.internal.runners.statements.InvokeMethod.evaluate(InvokeMethod.java:17)
  at org.junit.runners.ParentRunner$3.evaluate(ParentRunner.java:306)
  at org.junit.runners.BlockJUnit4ClassRunner$1.evaluate(BlockJUnit4ClassRunner.java:100)
  at org.junit.runners.ParentRunner.runLeaf(ParentRunner.java:366)
  at org.junit.runners.BlockJUnit4ClassRunner.runChild(BlockJUnit4ClassRunner.java:103)
  at org.junit.runners.BlockJUnit4ClassRunner.runChild(BlockJUnit4ClassRunner.java:63)
  at org.junit.runners.ParentRunner$4.run(ParentRunner.java:331)
  at org.junit.runners.ParentRunner$1.schedule(ParentRunner.java:79)
  at org.junit.runners.ParentRunner.runChildren(ParentRunner.java:329)
  at org.junit.runners.ParentRunner.access$100(ParentRunner.java:66)
  at org.junit.runners.ParentRunner$2.evaluate(ParentRunner.java:293)
  at org.junit.runners.ParentRunner$3.evaluate(ParentRunner.java:306)
  at org.junit.runners.ParentRunner.run(ParentRunner.java:413)
  at org.junit.runner.JUnitCore.run(JUnitCore.java:137)
  at org.junit.runner.JUnitCore.run(JUnitCore.java:115)
  at org.gradle.api.internal.tasks.testing.junit.JUnitTestExecutor.runRequest(JUnitTestExecutor.java:175)
  at org.gradle.api.internal.tasks.testing.junit.JUnitTestExecutor.accept(JUnitTestExecutor.java:84)
  at org.gradle.api.internal.tasks.testing.junit.JUnitTestExecutor.accept(JUnitTestExecutor.java:47)
  at org.gradle.api.internal.tasks.testing.junit.AbstractJUnitTestDefinitionProcessor.processTestDefinition(AbstractJUnitTestDefinitionProcessor.java:65)
  at org.gradle.api.internal.tasks.testing.SuiteTestDefinitionProcessor.processTestDefinition(SuiteTestDefinitionProcessor.java:54)
  at java.base/jdk.internal.reflect.DirectMethodHandleAccessor.invoke(DirectMethodHandleAccessor.java:104)
  at java.base/java.lang.reflect.Method.invoke(Method.java:565)
  at org.gradle.internal.dispatch.MethodInvocation.invokeOn(MethodInvocation.java:77)
  at org.gradle.internal.dispatch.ReflectionDispatch.dispatch(ReflectionDispatch.java:28)
  at org.gradle.internal.dispatch.ReflectionDispatch.dispatch(ReflectionDispatch.java:19)
  at org.gradle.internal.dispatch.ContextClassLoaderDispatch.dispatch(ContextClassLoaderDispatch.java:33)
  at org.gradle.internal.dispatch.ProxyDispatchAdapter$DispatchingInvocationHandler.invoke(ProxyDispatchAdapter.java:88)
  at jdk.proxy1/jdk.proxy1.$Proxy4.processTestDefinition(Unknown Source)
  at org.gradle.api.internal.tasks.testing.worker.TestWorker$2.run(TestWorker.java:178)
  at org.gradle.api.internal.tasks.testing.worker.TestWorker.executeAndMaintainThreadName(TestWorker.java:126)
  at org.gradle.api.internal.tasks.testing.worker.TestWorker.execute(TestWorker.java:103)
  at org.gradle.api.internal.tasks.testing.worker.TestWorker.execute(TestWorker.java:63)
  at org.gradle.process.internal.worker.child.ActionExecutionWorker.execute(ActionExecutionWorker.java:56)
  at org.gradle.process.internal.worker.child.SystemApplicationClassLoaderWorker.call(SystemApplicationClassLoaderWorker.java:122)
  at org.gradle.process.internal.worker.child.SystemApplicationClassLoaderWorker.call(SystemApplicationClassLoaderWorker.java:72)
  at worker.org.gradle.process.internal.worker.GradleWorkerMain.run(GradleWorkerMain.java:69)
  at worker.org.gradle.process.internal.worker.GradleWorkerMain.main(GradleWorkerMain.java:74)
</stacktrace>
</test-failure>


TypeScriptCompilerTests_E[jvm] > es6ImportDefaultBindingFollowedWithNamedImport1WithExport_ts__target_es5__has expected errors matching baseline[jvm] FAILED

<test-failure test="com.xemantic.typescript.compiler.TypeScriptCompilerTests_E.errorRecoveryWithDotFollowedByNamespaceKeyword_ts has expected errors matching errorRecoveryWithDotFollowedByNamespaceKeyword_errors_txt" platform="jvm">
<message>
--- expected
+++ actual
@@ -1,19 +1,30 @@
-errorRecoveryWithDotFollowedByNamespaceKeyword.ts(4,15): error TS1003: Identifier expected.
+errorRecoveryWithDotFollowedByNamespaceKeyword.ts(4,13): error TS2304: Cannot find name 'B'.
+errorRecoveryWithDotFollowedByNamespaceKeyword.ts(7,19): error TS2304: Cannot find name 'B'.
 errorRecoveryWithDotFollowedByNamespaceKeyword.ts(9,2): error TS1005: '}' expected.
+errorRecoveryWithDotFollowedByNamespaceKeyword.ts(9,2): error TS1005: '}' expected.
+errorRecoveryWithDotFollowedByNamespaceKeyword.ts(9,2): error TS1005: '}' expected.
 
 
-==== errorRecoveryWithDotFollowedByNamespaceKeyword.ts (2 errors) ====
+==== errorRecoveryWithDotFollowedByNamespaceKeyword.ts (5 errors) ====
     namespace A {
         function foo() {
             if (true) {
                 B.
-                  
-!!! error TS1003: Identifier expected.
+                ~
+!!! error TS2304: Cannot find name 'B'.
                 
     
             namespace B {
+                      ~
+!!! error TS2304: Cannot find name 'B'.
                 export function baz() { }
     }
      
 !!! error TS1005: '}' expected.
 !!! related TS1007 errorRecoveryWithDotFollowedByNamespaceKeyword.ts:3:19: The parser expected to find a '}' to match the '{' token here.
+     
+!!! error TS1005: '}' expected.
+!!! related TS1007 errorRecoveryWithDotFollowedByNamespaceKeyword.ts:2:20: The parser expected to find a '}' to match the '{' token here.
+     
+!!! error TS1005: '}' expected.
+!!! related TS1007 errorRecoveryWithDotFollowedByNamespaceKeyword.ts:1:13: The parser expected to find a '}' to match the '{' token here.

</message>
<stacktrace>
  at org.junit.Assert.fail(Assert.java:89)
  at kotlin.test.junit.JUnitAsserter.fail(JUnitSupport.kt:56)
  at kotlin.test.AssertionsKt__AssertionsKt.fail(Assertions.kt:563)
  at kotlin.test.AssertionsKt.fail(Unknown Source)
  at com.xemantic.kotlin.test.SameAsKt.sameAs(SameAs.kt:52)
  at com.xemantic.typescript.compiler.TypeScriptTestSupportKt.errorsMatchBaseline(TypeScriptTestSupport.kt:135)
  at com.xemantic.typescript.compiler.TypeScriptCompilerTests_E.errorRecoveryWithDotFollowedByNamespaceKeyword_ts has expected errors matching errorRecoveryWithDotFollowedByNamespaceKeyword_errors_txt(TypeScriptCompilerTests_E.kt:1645)
  at java.base/jdk.internal.reflect.DirectMethodHandleAccessor.invoke(DirectMethodHandleAccessor.java:104)
  at java.base/java.lang.reflect.Method.invoke(Method.java:565)
  at org.junit.runners.model.FrameworkMethod$1.runReflectiveCall(FrameworkMethod.java:59)
  at org.junit.internal.runners.model.ReflectiveCallable.run(ReflectiveCallable.java:12)
  at org.junit.runners.model.FrameworkMethod.invokeExplosively(FrameworkMethod.java:56)
  at org.junit.internal.runners.statements.InvokeMethod.evaluate(InvokeMethod.java:17)
  at org.junit.runners.ParentRunner$3.evaluate(ParentRunner.java:306)
  at org.junit.runners.BlockJUnit4ClassRunner$1.evaluate(BlockJUnit4ClassRunner.java:100)
  at org.junit.runners.ParentRunner.runLeaf(ParentRunner.java:366)
  at org.junit.runners.BlockJUnit4ClassRunner.runChild(BlockJUnit4ClassRunner.java:103)
  at org.junit.runners.BlockJUnit4ClassRunner.runChild(BlockJUnit4ClassRunner.java:63)
  at org.junit.runners.ParentRunner$4.run(ParentRunner.java:331)
  at org.junit.runners.ParentRunner$1.schedule(ParentRunner.java:79)
  at org.junit.runners.ParentRunner.runChildren(ParentRunner.java:329)
  at org.junit.runners.ParentRunner.access$100(ParentRunner.java:66)
  at org.junit.runners.ParentRunner$2.evaluate(ParentRunner.java:293)
  at org.junit.runners.ParentRunner$3.evaluate(ParentRunner.java:306)
  at org.junit.runners.ParentRunner.run(ParentRunner.java:413)
  at org.junit.runner.JUnitCore.run(JUnitCore.java:137)
  at org.junit.runner.JUnitCore.run(JUnitCore.java:115)
  at org.gradle.api.internal.tasks.testing.junit.JUnitTestExecutor.runRequest(JUnitTestExecutor.java:175)
  at org.gradle.api.internal.tasks.testing.junit.JUnitTestExecutor.accept(JUnitTestExecutor.java:84)
  at org.gradle.api.internal.tasks.testing.junit.JUnitTestExecutor.accept(JUnitTestExecutor.java:47)
  at org.gradle.api.internal.tasks.testing.junit.AbstractJUnitTestDefinitionProcessor.processTestDefinition(AbstractJUnitTestDefinitionProcessor.java:65)
  at org.gradle.api.internal.tasks.testing.SuiteTestDefinitionProcessor.processTestDefinition(SuiteTestDefinitionProcessor.java:54)
  at java.base/jdk.internal.reflect.DirectMethodHandleAccessor.invoke(DirectMethodHandleAccessor.java:104)
  at java.base/java.lang.reflect.Method.invoke(Method.java:565)
  at org.gradle.internal.dispatch.MethodInvocation.invokeOn(MethodInvocation.java:77)
  at org.gradle.internal.dispatch.ReflectionDispatch.dispatch(ReflectionDispatch.java:28)
  at org.gradle.internal.dispatch.ReflectionDispatch.dispatch(ReflectionDispatch.java:19)
  at org.gradle.internal.dispatch.ContextClassLoaderDispatch.dispatch(ContextClassLoaderDispatch.java:33)
  at org.gradle.internal.dispatch.ProxyDispatchAdapter$DispatchingInvocationHandler.invoke(ProxyDispatchAdapter.java:88)
  at jdk.proxy1/jdk.proxy1.$Proxy4.processTestDefinition(Unknown Source)
  at org.gradle.api.internal.tasks.testing.worker.TestWorker$2.run(TestWorker.java:178)
  at org.gradle.api.internal.tasks.testing.worker.TestWorker.executeAndMaintainThreadName(TestWorker.java:126)
  at org.gradle.api.internal.tasks.testing.worker.TestWorker.execute(TestWorker.java:103)
  at org.gradle.api.internal.tasks.testing.worker.TestWorker.execute(TestWorker.java:63)
  at org.gradle.process.internal.worker.child.ActionExecutionWorker.execute(ActionExecutionWorker.java:56)
  at org.gradle.process.internal.worker.child.SystemApplicationClassLoaderWorker.call(SystemApplicationClassLoaderWorker.java:122)
  at org.gradle.process.internal.worker.child.SystemApplicationClassLoaderWorker.call(SystemApplicationClassLoaderWorker.java:72)
  at worker.org.gradle.process.internal.worker.GradleWorkerMain.run(GradleWorkerMain.java:69)
  at worker.org.gradle.process.internal.worker.GradleWorkerMain.main(GradleWorkerMain.java:74)
</stacktrace>
</test-failure>


TypeScriptCompilerTests_E[jvm] > errorRecoveryWithDotFollowedByNamespaceKeyword_ts has expected errors matching errorRecoveryWithDotFollowedByNamespaceKeyword_errors_txt[jvm] FAILED

<test-failure test="com.xemantic.typescript.compiler.TypeScriptCompilerTests_E.elementAccessExpressionInternalComments_ts compiles to JavaScript matching elementAccessExpressionInternalComments_js" platform="jvm">
<message>
--- expected
+++ actual
@@ -12,9 +12,5 @@
 
 //// [elementAccessExpressionInternalComments.js]
 "use strict";
-/*0*/ Array /*1*/[ /*2*/"toString" /*3*/] /*4*/; /*5*/
-/*0*/ Array
-// single line
-/*1*/ [ /*2*/"toString"
-// single line
-/*3*/ ]; /*4*/
+/*0*/ Array["toString"] /*4*/; /*5*/
+/*0*/ Array["toString"]; /*4*/

</message>
<stacktrace>
  at org.junit.Assert.fail(Assert.java:89)
  at kotlin.test.junit.JUnitAsserter.fail(JUnitSupport.kt:56)
  at kotlin.test.AssertionsKt__AssertionsKt.fail(Assertions.kt:563)
  at kotlin.test.AssertionsKt.fail(Unknown Source)
  at com.xemantic.kotlin.test.SameAsKt.sameAs(SameAs.kt:52)
  at com.xemantic.typescript.compiler.TypeScriptTestSupportKt.sameAs(TypeScriptTestSupport.kt:99)
  at com.xemantic.typescript.compiler.TypeScriptCompilerTests_E.elementAccessExpressionInternalComments_ts compiles to JavaScript matching elementAccessExpressionInternalComments_js(TypeScriptCompilerTests_E.kt:84)
  at java.base/jdk.internal.reflect.DirectMethodHandleAccessor.invoke(DirectMethodHandleAccessor.java:104)
  at java.base/java.lang.reflect.Method.invoke(Method.java:565)
  at org.junit.runners.model.FrameworkMethod$1.runReflectiveCall(FrameworkMethod.java:59)
  at org.junit.internal.runners.model.ReflectiveCallable.run(ReflectiveCallable.java:12)
  at org.junit.runners.model.FrameworkMethod.invokeExplosively(FrameworkMethod.java:56)
  at org.junit.internal.runners.statements.InvokeMethod.evaluate(InvokeMethod.java:17)
  at org.junit.runners.ParentRunner$3.evaluate(ParentRunner.java:306)
  at org.junit.runners.BlockJUnit4ClassRunner$1.evaluate(BlockJUnit4ClassRunner.java:100)
  at org.junit.runners.ParentRunner.runLeaf(ParentRunner.java:366)
  at org.junit.runners.BlockJUnit4ClassRunner.runChild(BlockJUnit4ClassRunner.java:103)
  at org.junit.runners.BlockJUnit4ClassRunner.runChild(BlockJUnit4ClassRunner.java:63)
  at org.junit.runners.ParentRunner$4.run(ParentRunner.java:331)
  at org.junit.runners.ParentRunner$1.schedule(ParentRunner.java:79)
  at org.junit.runners.ParentRunner.runChildren(ParentRunner.java:329)
  at org.junit.runners.ParentRunner.access$100(ParentRunner.java:66)
  at org.junit.runners.ParentRunner$2.evaluate(ParentRunner.java:293)
  at org.junit.runners.ParentRunner$3.evaluate(ParentRunner.java:306)
  at org.junit.runners.ParentRunner.run(ParentRunner.java:413)
  at org.junit.runner.JUnitCore.run(JUnitCore.java:137)
  at org.junit.runner.JUnitCore.run(JUnitCore.java:115)
  at org.gradle.api.internal.tasks.testing.junit.JUnitTestExecutor.runRequest(JUnitTestExecutor.java:175)
  at org.gradle.api.internal.tasks.testing.junit.JUnitTestExecutor.accept(JUnitTestExecutor.java:84)
  at org.gradle.api.internal.tasks.testing.junit.JUnitTestExecutor.accept(JUnitTestExecutor.java:47)
  at org.gradle.api.internal.tasks.testing.junit.AbstractJUnitTestDefinitionProcessor.processTestDefinition(AbstractJUnitTestDefinitionProcessor.java:65)
  at org.gradle.api.internal.tasks.testing.SuiteTestDefinitionProcessor.processTestDefinition(SuiteTestDefinitionProcessor.java:54)
  at java.base/jdk.internal.reflect.DirectMethodHandleAccessor.invoke(DirectMethodHandleAccessor.java:104)
  at java.base/java.lang.reflect.Method.invoke(Method.java:565)
  at org.gradle.internal.dispatch.MethodInvocation.invokeOn(MethodInvocation.java:77)
  at org.gradle.internal.dispatch.ReflectionDispatch.dispatch(ReflectionDispatch.java:28)
  at org.gradle.internal.dispatch.ReflectionDispatch.dispatch(ReflectionDispatch.java:19)
  at org.gradle.internal.dispatch.ContextClassLoaderDispatch.dispatch(ContextClassLoaderDispatch.java:33)
  at org.gradle.internal.dispatch.ProxyDispatchAdapter$DispatchingInvocationHandler.invoke(ProxyDispatchAdapter.java:88)
  at jdk.proxy1/jdk.proxy1.$Proxy4.processTestDefinition(Unknown Source)
  at org.gradle.api.internal.tasks.testing.worker.TestWorker$2.run(TestWorker.java:178)
  at org.gradle.api.internal.tasks.testing.worker.TestWorker.executeAndMaintainThreadName(TestWorker.java:126)
  at org.gradle.api.internal.tasks.testing.worker.TestWorker.execute(TestWorker.java:103)
  at org.gradle.api.internal.tasks.testing.worker.TestWorker.execute(TestWorker.java:63)
  at org.gradle.process.internal.worker.child.ActionExecutionWorker.execute(ActionExecutionWorker.java:56)
  at org.gradle.process.internal.worker.child.SystemApplicationClassLoaderWorker.call(SystemApplicationClassLoaderWorker.java:122)
  at org.gradle.process.internal.worker.child.SystemApplicationClassLoaderWorker.call(SystemApplicationClassLoaderWorker.java:72)
  at worker.org.gradle.process.internal.worker.GradleWorkerMain.run(GradleWorkerMain.java:69)
  at worker.org.gradle.process.internal.worker.GradleWorkerMain.main(GradleWorkerMain.java:74)
</stacktrace>
</test-failure>


TypeScriptCompilerTests_E[jvm] > elementAccessExpressionInternalComments_ts compiles to JavaScript matching elementAccessExpressionInternalComments_js[jvm] FAILED

<test-failure test="com.xemantic.typescript.compiler.TypeScriptCompilerTests_E.emitThisInSuperMethodCall_ts has expected errors matching emitThisInSuperMethodCall_errors_txt" platform="jvm">
<message>
Expected diagnostics from baseline typescript-repo/tests/baselines/reference/emitThisInSuperMethodCall.errors.txt but none produced
</message>
<stacktrace>
  at com.xemantic.typescript.compiler.TypeScriptTestSupportKt.errorsMatchBaseline(TypeScriptTestSupport.kt:125)
  at com.xemantic.typescript.compiler.TypeScriptCompilerTests_E.emitThisInSuperMethodCall_ts has expected errors matching emitThisInSuperMethodCall_errors_txt(TypeScriptCompilerTests_E.kt:462)
  at java.base/jdk.internal.reflect.DirectMethodHandleAccessor.invoke(DirectMethodHandleAccessor.java:104)
  at java.base/java.lang.reflect.Method.invoke(Method.java:565)
  at org.junit.runners.model.FrameworkMethod$1.runReflectiveCall(FrameworkMethod.java:59)
  at org.junit.internal.runners.model.ReflectiveCallable.run(ReflectiveCallable.java:12)
  at org.junit.runners.model.FrameworkMethod.invokeExplosively(FrameworkMethod.java:56)
  at org.junit.internal.runners.statements.InvokeMethod.evaluate(InvokeMethod.java:17)
  at org.junit.runners.ParentRunner$3.evaluate(ParentRunner.java:306)
  at org.junit.runners.BlockJUnit4ClassRunner$1.evaluate(BlockJUnit4ClassRunner.java:100)
  at org.junit.runners.ParentRunner.runLeaf(ParentRunner.java:366)
  at org.junit.runners.BlockJUnit4ClassRunner.runChild(BlockJUnit4ClassRunner.java:103)
  at org.junit.runners.BlockJUnit4ClassRunner.runChild(BlockJUnit4ClassRunner.java:63)
  at org.junit.runners.ParentRunner$4.run(ParentRunner.java:331)
  at org.junit.runners.ParentRunner$1.schedule(ParentRunner.java:79)
  at org.junit.runners.ParentRunner.runChildren(ParentRunner.java:329)
  at org.junit.runners.ParentRunner.access$100(ParentRunner.java:66)
  at org.junit.runners.ParentRunner$2.evaluate(ParentRunner.java:293)
  at org.junit.runners.ParentRunner$3.evaluate(ParentRunner.java:306)
  at org.junit.runners.ParentRunner.run(ParentRunner.java:413)
  at org.junit.runner.JUnitCore.run(JUnitCore.java:137)
  at org.junit.runner.JUnitCore.run(JUnitCore.java:115)
  at org.gradle.api.internal.tasks.testing.junit.JUnitTestExecutor.runRequest(JUnitTestExecutor.java:175)
  at org.gradle.api.internal.tasks.testing.junit.JUnitTestExecutor.accept(JUnitTestExecutor.java:84)
  at org.gradle.api.internal.tasks.testing.junit.JUnitTestExecutor.accept(JUnitTestExecutor.java:47)
  at org.gradle.api.internal.tasks.testing.junit.AbstractJUnitTestDefinitionProcessor.processTestDefinition(AbstractJUnitTestDefinitionProcessor.java:65)
  at org.gradle.api.internal.tasks.testing.SuiteTestDefinitionProcessor.processTestDefinition(SuiteTestDefinitionProcessor.java:54)
  at java.base/jdk.internal.reflect.DirectMethodHandleAccessor.invoke(DirectMethodHandleAccessor.java:104)
  at java.base/java.lang.reflect.Method.invoke(Method.java:565)
  at org.gradle.internal.dispatch.MethodInvocation.invokeOn(MethodInvocation.java:77)
  at org.gradle.internal.dispatch.ReflectionDispatch.dispatch(ReflectionDispatch.java:28)
  at org.gradle.internal.dispatch.ReflectionDispatch.dispatch(ReflectionDispatch.java:19)
  at org.gradle.internal.dispatch.ContextClassLoaderDispatch.dispatch(ContextClassLoaderDispatch.java:33)
  at org.gradle.internal.dispatch.ProxyDispatchAdapter$DispatchingInvocationHandler.invoke(ProxyDispatchAdapter.java:88)
  at jdk.proxy1/jdk.proxy1.$Proxy4.processTestDefinition(Unknown Source)
  at org.gradle.api.internal.tasks.testing.worker.TestWorker$2.run(TestWorker.java:178)
  at org.gradle.api.internal.tasks.testing.worker.TestWorker.executeAndMaintainThreadName(TestWorker.java:126)
  at org.gradle.api.internal.tasks.testing.worker.TestWorker.execute(TestWorker.java:103)
  at org.gradle.api.internal.tasks.testing.worker.TestWorker.execute(TestWorker.java:63)
  at org.gradle.process.internal.worker.child.ActionExecutionWorker.execute(ActionExecutionWorker.java:56)
  at org.gradle.process.internal.worker.child.SystemApplicationClassLoaderWorker.call(SystemApplicationClassLoaderWorker.java:122)
  at org.gradle.process.internal.worker.child.SystemApplicationClassLoaderWorker.call(SystemApplicationClassLoaderWorker.java:72)
  at worker.org.gradle.process.internal.worker.GradleWorkerMain.run(GradleWorkerMain.java:69)
  at worker.org.gradle.process.internal.worker.GradleWorkerMain.main(GradleWorkerMain.java:74)
</stacktrace>
</test-failure>


TypeScriptCompilerTests_E[jvm] > emitThisInSuperMethodCall_ts has expected errors matching emitThisInSuperMethodCall_errors_txt[jvm] FAILED

<test-failure test="com.xemantic.typescript.compiler.TypeScriptCompilerTests_E.enumBasics2_ts has expected errors matching enumBasics2_errors_txt" platform="jvm">
<message>
Expected diagnostics from baseline typescript-repo/tests/baselines/reference/enumBasics2.errors.txt but none produced
</message>
<stacktrace>
  at com.xemantic.typescript.compiler.TypeScriptTestSupportKt.errorsMatchBaseline(TypeScriptTestSupport.kt:125)
  at com.xemantic.typescript.compiler.TypeScriptCompilerTests_E.enumBasics2_ts has expected errors matching enumBasics2_errors_txt(TypeScriptCompilerTests_E.kt:812)
  at java.base/jdk.internal.reflect.DirectMethodHandleAccessor.invoke(DirectMethodHandleAccessor.java:104)
  at java.base/java.lang.reflect.Method.invoke(Method.java:565)
  at org.junit.runners.model.FrameworkMethod$1.runReflectiveCall(FrameworkMethod.java:59)
  at org.junit.internal.runners.model.ReflectiveCallable.run(ReflectiveCallable.java:12)
  at org.junit.runners.model.FrameworkMethod.invokeExplosively(FrameworkMethod.java:56)
  at org.junit.internal.runners.statements.InvokeMethod.evaluate(InvokeMethod.java:17)
  at org.junit.runners.ParentRunner$3.evaluate(ParentRunner.java:306)
  at org.junit.runners.BlockJUnit4ClassRunner$1.evaluate(BlockJUnit4ClassRunner.java:100)
  at org.junit.runners.ParentRunner.runLeaf(ParentRunner.java:366)
  at org.junit.runners.BlockJUnit4ClassRunner.runChild(BlockJUnit4ClassRunner.java:103)
  at org.junit.runners.BlockJUnit4ClassRunner.runChild(BlockJUnit4ClassRunner.java:63)
  at org.junit.runners.ParentRunner$4.run(ParentRunner.java:331)
  at org.junit.runners.ParentRunner$1.schedule(ParentRunner.java:79)
  at org.junit.runners.ParentRunner.runChildren(ParentRunner.java:329)
  at org.junit.runners.ParentRunner.access$100(ParentRunner.java:66)
  at org.junit.runners.ParentRunner$2.evaluate(ParentRunner.java:293)
  at org.junit.runners.ParentRunner$3.evaluate(ParentRunner.java:306)
  at org.junit.runners.ParentRunner.run(ParentRunner.java:413)
  at org.junit.runner.JUnitCore.run(JUnitCore.java:137)
  at org.junit.runner.JUnitCore.run(JUnitCore.java:115)
  at org.gradle.api.internal.tasks.testing.junit.JUnitTestExecutor.runRequest(JUnitTestExecutor.java:175)
  at org.gradle.api.internal.tasks.testing.junit.JUnitTestExecutor.accept(JUnitTestExecutor.java:84)
  at org.gradle.api.internal.tasks.testing.junit.JUnitTestExecutor.accept(JUnitTestExecutor.java:47)
  at org.gradle.api.internal.tasks.testing.junit.AbstractJUnitTestDefinitionProcessor.processTestDefinition(AbstractJUnitTestDefinitionProcessor.java:65)
  at org.gradle.api.internal.tasks.testing.SuiteTestDefinitionProcessor.processTestDefinition(SuiteTestDefinitionProcessor.java:54)
  at java.base/jdk.internal.reflect.DirectMethodHandleAccessor.invoke(DirectMethodHandleAccessor.java:104)
  at java.base/java.lang.reflect.Method.invoke(Method.java:565)
  at org.gradle.internal.dispatch.MethodInvocation.invokeOn(MethodInvocation.java:77)
  at org.gradle.internal.dispatch.ReflectionDispatch.dispatch(ReflectionDispatch.java:28)
  at org.gradle.internal.dispatch.ReflectionDispatch.dispatch(ReflectionDispatch.java:19)
  at org.gradle.internal.dispatch.ContextClassLoaderDispatch.dispatch(ContextClassLoaderDispatch.java:33)
  at org.gradle.internal.dispatch.ProxyDispatchAdapter$DispatchingInvocationHandler.invoke(ProxyDispatchAdapter.java:88)
  at jdk.proxy1/jdk.proxy1.$Proxy4.processTestDefinition(Unknown Source)
  at org.gradle.api.internal.tasks.testing.worker.TestWorker$2.run(TestWorker.java:178)
  at org.gradle.api.internal.tasks.testing.worker.TestWorker.executeAndMaintainThreadName(TestWorker.java:126)
  at org.gradle.api.internal.tasks.testing.worker.TestWorker.execute(TestWorker.java:103)
  at org.gradle.api.internal.tasks.testing.worker.TestWorker.execute(TestWorker.java:63)
  at org.gradle.process.internal.worker.child.ActionExecutionWorker.execute(ActionExecutionWorker.java:56)
  at org.gradle.process.internal.worker.child.SystemApplicationClassLoaderWorker.call(SystemApplicationClassLoaderWorker.java:122)
  at org.gradle.process.internal.worker.child.SystemApplicationClassLoaderWorker.call(SystemApplicationClassLoaderWorker.java:72)
  at worker.org.gradle.process.internal.worker.GradleWorkerMain.run(GradleWorkerMain.java:69)
  at worker.org.gradle.process.internal.worker.GradleWorkerMain.main(GradleWorkerMain.java:74)
</stacktrace>
</test-failure>


TypeScriptCompilerTests_E[jvm] > enumBasics2_ts has expected errors matching enumBasics2_errors_txt[jvm] FAILED

<test-failure test="com.xemantic.typescript.compiler.TypeScriptCompilerTests_E.es6ImportNamedImportNoNamedExports_ts__target_es2015__has expected errors matching baseline" platform="jvm">
<message>
Expected diagnostics from baseline typescript-repo/tests/baselines/reference/es6ImportNamedImportNoNamedExports(target=es2015).errors.txt but none produced
</message>
<stacktrace>
  at com.xemantic.typescript.compiler.TypeScriptTestSupportKt.errorsMatchBaseline(TypeScriptTestSupport.kt:125)
  at com.xemantic.typescript.compiler.TypeScriptCompilerTests_E.es6ImportNamedImportNoNamedExports_ts__target_es2015__has expected errors matching baseline(TypeScriptCompilerTests_E.kt:3675)
  at java.base/jdk.internal.reflect.DirectMethodHandleAccessor.invoke(DirectMethodHandleAccessor.java:104)
  at java.base/java.lang.reflect.Method.invoke(Method.java:565)
  at org.junit.runners.model.FrameworkMethod$1.runReflectiveCall(FrameworkMethod.java:59)
  at org.junit.internal.runners.model.ReflectiveCallable.run(ReflectiveCallable.java:12)
  at org.junit.runners.model.FrameworkMethod.invokeExplosively(FrameworkMethod.java:56)
  at org.junit.internal.runners.statements.InvokeMethod.evaluate(InvokeMethod.java:17)
  at org.junit.runners.ParentRunner$3.evaluate(ParentRunner.java:306)
  at org.junit.runners.BlockJUnit4ClassRunner$1.evaluate(BlockJUnit4ClassRunner.java:100)
  at org.junit.runners.ParentRunner.runLeaf(ParentRunner.java:366)
  at org.junit.runners.BlockJUnit4ClassRunner.runChild(BlockJUnit4ClassRunner.java:103)
  at org.junit.runners.BlockJUnit4ClassRunner.runChild(BlockJUnit4ClassRunner.java:63)
  at org.junit.runners.ParentRunner$4.run(ParentRunner.java:331)
  at org.junit.runners.ParentRunner$1.schedule(ParentRunner.java:79)
  at org.junit.runners.ParentRunner.runChildren(ParentRunner.java:329)
  at org.junit.runners.ParentRunner.access$100(ParentRunner.java:66)
  at org.junit.runners.ParentRunner$2.evaluate(ParentRunner.java:293)
  at org.junit.runners.ParentRunner$3.evaluate(ParentRunner.java:306)
  at org.junit.runners.ParentRunner.run(ParentRunner.java:413)
  at org.junit.runner.JUnitCore.run(JUnitCore.java:137)
  at org.junit.runner.JUnitCore.run(JUnitCore.java:115)
  at org.gradle.api.internal.tasks.testing.junit.JUnitTestExecutor.runRequest(JUnitTestExecutor.java:175)
  at org.gradle.api.internal.tasks.testing.junit.JUnitTestExecutor.accept(JUnitTestExecutor.java:84)
  at org.gradle.api.internal.tasks.testing.junit.JUnitTestExecutor.accept(JUnitTestExecutor.java:47)
  at org.gradle.api.internal.tasks.testing.junit.AbstractJUnitTestDefinitionProcessor.processTestDefinition(AbstractJUnitTestDefinitionProcessor.java:65)
  at org.gradle.api.internal.tasks.testing.SuiteTestDefinitionProcessor.processTestDefinition(SuiteTestDefinitionProcessor.java:54)
  at java.base/jdk.internal.reflect.DirectMethodHandleAccessor.invoke(DirectMethodHandleAccessor.java:104)
  at java.base/java.lang.reflect.Method.invoke(Method.java:565)
  at org.gradle.internal.dispatch.MethodInvocation.invokeOn(MethodInvocation.java:77)
  at org.gradle.internal.dispatch.ReflectionDispatch.dispatch(ReflectionDispatch.java:28)
  at org.gradle.internal.dispatch.ReflectionDispatch.dispatch(ReflectionDispatch.java:19)
  at org.gradle.internal.dispatch.ContextClassLoaderDispatch.dispatch(ContextClassLoaderDispatch.java:33)
  at org.gradle.internal.dispatch.ProxyDispatchAdapter$DispatchingInvocationHandler.invoke(ProxyDispatchAdapter.java:88)
  at jdk.proxy1/jdk.proxy1.$Proxy4.processTestDefinition(Unknown Source)
  at org.gradle.api.internal.tasks.testing.worker.TestWorker$2.run(TestWorker.java:178)
  at org.gradle.api.internal.tasks.testing.worker.TestWorker.executeAndMaintainThreadName(TestWorker.java:126)
  at org.gradle.api.internal.tasks.testing.worker.TestWorker.execute(TestWorker.java:103)
  at org.gradle.api.internal.tasks.testing.worker.TestWorker.execute(TestWorker.java:63)
  at org.gradle.process.internal.worker.child.ActionExecutionWorker.execute(ActionExecutionWorker.java:56)
  at org.gradle.process.internal.worker.child.SystemApplicationClassLoaderWorker.call(SystemApplicationClassLoaderWorker.java:122)
  at org.gradle.process.internal.worker.child.SystemApplicationClassLoaderWorker.call(SystemApplicationClassLoaderWorker.java:72)
  at worker.org.gradle.process.internal.worker.GradleWorkerMain.run(GradleWorkerMain.java:69)
  at worker.org.gradle.process.internal.worker.GradleWorkerMain.main(GradleWorkerMain.java:74)
</stacktrace>
</test-failure>


TypeScriptCompilerTests_E[jvm] > es6ImportNamedImportNoNamedExports_ts__target_es2015__has expected errors matching baseline[jvm] FAILED

<test-failure test="com.xemantic.typescript.compiler.TypeScriptCompilerTests_E.esModuleInteropImportCall_ts compiles to JavaScript matching esModuleInteropImportCall_js" platform="jvm">
<message>
--- expected
+++ actual
@@ -12,39 +12,6 @@
 
 //// [index.js]
 "use strict";
-var __createBinding = (this && this.__createBinding) || (Object.create ? (function(o, m, k, k2) {
-    if (k2 === undefined) k2 = k;
-    var desc = Object.getOwnPropertyDescriptor(m, k);
-    if (!desc || ("get" in desc ? !m.__esModule : desc.writable || desc.configurable)) {
-      desc = { enumerable: true, get: function() { return m[k]; } };
-    }
-    Object.defineProperty(o, k2, desc);
-}) : (function(o, m, k, k2) {
-    if (k2 === undefined) k2 = k;
-    o[k2] = m[k];
-}));
-var __setModuleDefault = (this && this.__setModuleDefault) || (Object.create ? (function(o, v) {
-    Object.defineProperty(o, "default", { enumerable: true, value: v });
-}) : function(o, v) {
-    o["default"] = v;
-});
-var __importStar = (this && this.__importStar) || (function () {
-    var ownKeys = function(o) {
-        ownKeys = Object.getOwnPropertyNames || function (o) {
-            var ar = [];
-            for (var k in o) if (Object.prototype.hasOwnProperty.call(o, k)) ar[ar.length] = k;
-            return ar;
-        };
-        return ownKeys(o);
-    };
-    return function (mod) {
-        if (mod && mod.__esModule) return mod;
-        var result = {};
-        if (mod != null) for (var k = ownKeys(mod), i = 0; i < k.length; i++) if (k[i] !== "default") __createBinding(result, mod, k[i]);
-        __setModuleDefault(result, mod);
-        return result;
-    };
-})();
-Promise.resolve().then(() => __importStar(require("./foo"))).then(f => {
+import("./foo").then(f => {
     f.default;
 });

</message>
<stacktrace>
  at org.junit.Assert.fail(Assert.java:89)
  at kotlin.test.junit.JUnitAsserter.fail(JUnitSupport.kt:56)
  at kotlin.test.AssertionsKt__AssertionsKt.fail(Assertions.kt:563)
  at kotlin.test.AssertionsKt.fail(Unknown Source)
  at com.xemantic.kotlin.test.SameAsKt.sameAs(SameAs.kt:52)
  at com.xemantic.typescript.compiler.TypeScriptTestSupportKt.sameAs(TypeScriptTestSupport.kt:99)
  at com.xemantic.typescript.compiler.TypeScriptCompilerTests_E.esModuleInteropImportCall_ts compiles to JavaScript matching esModuleInteropImportCall_js(TypeScriptCompilerTests_E.kt:3997)
  at java.base/jdk.internal.reflect.DirectMethodHandleAccessor.invoke(DirectMethodHandleAccessor.java:104)
  at java.base/java.lang.reflect.Method.invoke(Method.java:565)
  at org.junit.runners.model.FrameworkMethod$1.runReflectiveCall(FrameworkMethod.java:59)
  at org.junit.internal.runners.model.ReflectiveCallable.run(ReflectiveCallable.java:12)
  at org.junit.runners.model.FrameworkMethod.invokeExplosively(FrameworkMethod.java:56)
  at org.junit.internal.runners.statements.InvokeMethod.evaluate(InvokeMethod.java:17)
  at org.junit.runners.ParentRunner$3.evaluate(ParentRunner.java:306)
  at org.junit.runners.BlockJUnit4ClassRunner$1.evaluate(BlockJUnit4ClassRunner.java:100)
  at org.junit.runners.ParentRunner.runLeaf(ParentRunner.java:366)
  at org.junit.runners.BlockJUnit4ClassRunner.runChild(BlockJUnit4ClassRunner.java:103)
  at org.junit.runners.BlockJUnit4ClassRunner.runChild(BlockJUnit4ClassRunner.java:63)
  at org.junit.runners.ParentRunner$4.run(ParentRunner.java:331)
  at org.junit.runners.ParentRunner$1.schedule(ParentRunner.java:79)
  at org.junit.runners.ParentRunner.runChildren(ParentRunner.java:329)
  at org.junit.runners.ParentRunner.access$100(ParentRunner.java:66)
  at org.junit.runners.ParentRunner$2.evaluate(ParentRunner.java:293)
  at org.junit.runners.ParentRunner$3.evaluate(ParentRunner.java:306)
  at org.junit.runners.ParentRunner.run(ParentRunner.java:413)
  at org.junit.runner.JUnitCore.run(JUnitCore.java:137)
  at org.junit.runner.JUnitCore.run(JUnitCore.java:115)
  at org.gradle.api.internal.tasks.testing.junit.JUnitTestExecutor.runRequest(JUnitTestExecutor.java:175)
  at org.gradle.api.internal.tasks.testing.junit.JUnitTestExecutor.accept(JUnitTestExecutor.java:84)
  at org.gradle.api.internal.tasks.testing.junit.JUnitTestExecutor.accept(JUnitTestExecutor.java:47)
  at org.gradle.api.internal.tasks.testing.junit.AbstractJUnitTestDefinitionProcessor.processTestDefinition(AbstractJUnitTestDefinitionProcessor.java:65)
  at org.gradle.api.internal.tasks.testing.SuiteTestDefinitionProcessor.processTestDefinition(SuiteTestDefinitionProcessor.java:54)
  at java.base/jdk.internal.reflect.DirectMethodHandleAccessor.invoke(DirectMethodHandleAccessor.java:104)
  at java.base/java.lang.reflect.Method.invoke(Method.java:565)
  at org.gradle.internal.dispatch.MethodInvocation.invokeOn(MethodInvocation.java:77)
  at org.gradle.internal.dispatch.ReflectionDispatch.dispatch(ReflectionDispatch.java:28)
  at org.gradle.internal.dispatch.ReflectionDispatch.dispatch(ReflectionDispatch.java:19)
  at org.gradle.internal.dispatch.ContextClassLoaderDispatch.dispatch(ContextClassLoaderDispatch.java:33)
  at org.gradle.internal.dispatch.ProxyDispatchAdapter$DispatchingInvocationHandler.invoke(ProxyDispatchAdapter.java:88)
  at jdk.proxy1/jdk.proxy1.$Proxy4.processTestDefinition(Unknown Source)
  at org.gradle.api.internal.tasks.testing.worker.TestWorker$2.run(TestWorker.java:178)
  at org.gradle.api.internal.tasks.testing.worker.TestWorker.executeAndMaintainThreadName(TestWorker.java:126)
  at org.gradle.api.internal.tasks.testing.worker.TestWorker.execute(TestWorker.java:103)
  at org.gradle.api.internal.tasks.testing.worker.TestWorker.execute(TestWorker.java:63)
  at org.gradle.process.internal.worker.child.ActionExecutionWorker.execute(ActionExecutionWorker.java:56)
  at org.gradle.process.internal.worker.child.SystemApplicationClassLoaderWorker.call(SystemApplicationClassLoaderWorker.java:122)
  at org.gradle.process.internal.worker.child.SystemApplicationClassLoaderWorker.call(SystemApplicationClassLoaderWorker.java:72)
  at worker.org.gradle.process.internal.worker.GradleWorkerMain.run(GradleWorkerMain.java:69)
  at worker.org.gradle.process.internal.worker.GradleWorkerMain.main(GradleWorkerMain.java:74)
</stacktrace>
</test-failure>


TypeScriptCompilerTests_E[jvm] > esModuleInteropImportCall_ts compiles to JavaScript matching esModuleInteropImportCall_js[jvm] FAILED

<test-failure test="com.xemantic.typescript.compiler.TypeScriptCompilerTests_E.elidedJSImport2_ts__module_commonjs__compiles to JavaScript matching baseline" platform="jvm">
<message>
--- expected
+++ actual
@@ -28,6 +28,22 @@
 }
 
 
+//// [other.js]
+"use strict";
+Object.defineProperty(exports, "__esModule", { value: true });
+exports.Foo = void 0;
+class Foo {
+    constructor() {
+        this.bar = 2.4;
+    }
+}
+exports.Foo = Foo;
+class Bar {
+    constructor() {
+        this.foo = 1.2;
+    }
+}
+exports.default = Bar;
 //// [index.js]
 "use strict";
 var __createBinding = (this && this.__createBinding) || (Object.create ? (function(o, m, k, k2) {
@@ -73,19 +89,3 @@
 const x = new other_js_1.Foo();
 const y = other.Foo();
 const z = new other_js_2.default();
-//// [other.js]
-"use strict";
-Object.defineProperty(exports, "__esModule", { value: true });
-exports.Foo = void 0;
-class Foo {
-    constructor() {
-        this.bar = 2.4;
-    }
-}
-exports.Foo = Foo;
-class Bar {
-    constructor() {
-        this.foo = 1.2;
-    }
-}
-exports.default = Bar;

</message>
<stacktrace>
  at org.junit.Assert.fail(Assert.java:89)
  at kotlin.test.junit.JUnitAsserter.fail(JUnitSupport.kt:56)
  at kotlin.test.AssertionsKt__AssertionsKt.fail(Assertions.kt:563)
  at kotlin.test.AssertionsKt.fail(Unknown Source)
  at com.xemantic.kotlin.test.SameAsKt.sameAs(SameAs.kt:52)
  at com.xemantic.typescript.compiler.TypeScriptTestSupportKt.sameAs(TypeScriptTestSupport.kt:99)
  at com.xemantic.typescript.compiler.TypeScriptCompilerTests_E.elidedJSImport2_ts__module_commonjs__compiles to JavaScript matching baseline(TypeScriptCompilerTests_E.kt:119)
  at java.base/jdk.internal.reflect.DirectMethodHandleAccessor.invoke(DirectMethodHandleAccessor.java:104)
  at java.base/java.lang.reflect.Method.invoke(Method.java:565)
  at org.junit.runners.model.FrameworkMethod$1.runReflectiveCall(FrameworkMethod.java:59)
  at org.junit.internal.runners.model.ReflectiveCallable.run(ReflectiveCallable.java:12)
  at org.junit.runners.model.FrameworkMethod.invokeExplosively(FrameworkMethod.java:56)
  at org.junit.internal.runners.statements.InvokeMethod.evaluate(InvokeMethod.java:17)
  at org.junit.runners.ParentRunner$3.evaluate(ParentRunner.java:306)
  at org.junit.runners.BlockJUnit4ClassRunner$1.evaluate(BlockJUnit4ClassRunner.java:100)
  at org.junit.runners.ParentRunner.runLeaf(ParentRunner.java:366)
  at org.junit.runners.BlockJUnit4ClassRunner.runChild(BlockJUnit4ClassRunner.java:103)
  at org.junit.runners.BlockJUnit4ClassRunner.runChild(BlockJUnit4ClassRunner.java:63)
  at org.junit.runners.ParentRunner$4.run(ParentRunner.java:331)
  at org.junit.runners.ParentRunner$1.schedule(ParentRunner.java:79)
  at org.junit.runners.ParentRunner.runChildren(ParentRunner.java:329)
  at org.junit.runners.ParentRunner.access$100(ParentRunner.java:66)
  at org.junit.runners.ParentRunner$2.evaluate(ParentRunner.java:293)
  at org.junit.runners.ParentRunner$3.evaluate(ParentRunner.java:306)
  at org.junit.runners.ParentRunner.run(ParentRunner.java:413)
  at org.junit.runner.JUnitCore.run(JUnitCore.java:137)
  at org.junit.runner.JUnitCore.run(JUnitCore.java:115)
  at org.gradle.api.internal.tasks.testing.junit.JUnitTestExecutor.runRequest(JUnitTestExecutor.java:175)
  at org.gradle.api.internal.tasks.testing.junit.JUnitTestExecutor.accept(JUnitTestExecutor.java:84)
  at org.gradle.api.internal.tasks.testing.junit.JUnitTestExecutor.accept(JUnitTestExecutor.java:47)
  at org.gradle.api.internal.tasks.testing.junit.AbstractJUnitTestDefinitionProcessor.processTestDefinition(AbstractJUnitTestDefinitionProcessor.java:65)
  at org.gradle.api.internal.tasks.testing.SuiteTestDefinitionProcessor.processTestDefinition(SuiteTestDefinitionProcessor.java:54)
  at java.base/jdk.internal.reflect.DirectMethodHandleAccessor.invoke(DirectMethodHandleAccessor.java:104)
  at java.base/java.lang.reflect.Method.invoke(Method.java:565)
  at org.gradle.internal.dispatch.MethodInvocation.invokeOn(MethodInvocation.java:77)
  at org.gradle.internal.dispatch.ReflectionDispatch.dispatch(ReflectionDispatch.java:28)
  at org.gradle.internal.dispatch.ReflectionDispatch.dispatch(ReflectionDispatch.java:19)
  at org.gradle.internal.dispatch.ContextClassLoaderDispatch.dispatch(ContextClassLoaderDispatch.java:33)
  at org.gradle.internal.dispatch.ProxyDispatchAdapter$DispatchingInvocationHandler.invoke(ProxyDispatchAdapter.java:88)
  at jdk.proxy1/jdk.proxy1.$Proxy4.processTestDefinition(Unknown Source)
  at org.gradle.api.internal.tasks.testing.worker.TestWorker$2.run(TestWorker.java:178)
  at org.gradle.api.internal.tasks.testing.worker.TestWorker.executeAndMaintainThreadName(TestWorker.java:126)
  at org.gradle.api.internal.tasks.testing.worker.TestWorker.execute(TestWorker.java:103)
  at org.gradle.api.internal.tasks.testing.worker.TestWorker.execute(TestWorker.java:63)
  at org.gradle.process.internal.worker.child.ActionExecutionWorker.execute(ActionExecutionWorker.java:56)
  at org.gradle.process.internal.worker.child.SystemApplicationClassLoaderWorker.call(SystemApplicationClassLoaderWorker.java:122)
  at org.gradle.process.internal.worker.child.SystemApplicationClassLoaderWorker.call(SystemApplicationClassLoaderWorker.java:72)
  at worker.org.gradle.process.internal.worker.GradleWorkerMain.run(GradleWorkerMain.java:69)
  at worker.org.gradle.process.internal.worker.GradleWorkerMain.main(GradleWorkerMain.java:74)
</stacktrace>
</test-failure>


TypeScriptCompilerTests_E[jvm] > elidedJSImport2_ts__module_commonjs__compiles to JavaScript matching baseline[jvm] FAILED

<test-failure test="com.xemantic.typescript.compiler.TypeScriptCompilerTests_E.es6ImportNamedImportIdentifiersParsing_ts has expected errors matching es6ImportNamedImportIdentifiersParsing_errors_txt" platform="jvm">
<message>
--- expected
+++ actual
@@ -1,47 +1,23 @@
-es6ImportNamedImportIdentifiersParsing.ts(1,10): error TS2300: Duplicate identifier 'yield'.
 es6ImportNamedImportIdentifiersParsing.ts(1,23): error TS2307: Cannot find module 'somemodule' or its corresponding type declarations.
-es6ImportNamedImportIdentifiersParsing.ts(2,10): error TS1003: Identifier expected.
-es6ImportNamedImportIdentifiersParsing.ts(2,10): error TS2300: Duplicate identifier 'default'.
 es6ImportNamedImportIdentifiersParsing.ts(2,25): error TS2307: Cannot find module 'somemodule' or its corresponding type declarations.
-es6ImportNamedImportIdentifiersParsing.ts(3,19): error TS1003: Identifier expected.
-es6ImportNamedImportIdentifiersParsing.ts(3,19): error TS2300: Duplicate identifier 'default'.
 es6ImportNamedImportIdentifiersParsing.ts(3,34): error TS2307: Cannot find module 'somemodule' or its corresponding type declarations.
-es6ImportNamedImportIdentifiersParsing.ts(4,21): error TS2300: Duplicate identifier 'yield'.
 es6ImportNamedImportIdentifiersParsing.ts(4,34): error TS2307: Cannot find module 'somemodule' or its corresponding type declarations.
-es6ImportNamedImportIdentifiersParsing.ts(5,21): error TS1003: Identifier expected.
-es6ImportNamedImportIdentifiersParsing.ts(5,21): error TS2300: Duplicate identifier 'default'.
 es6ImportNamedImportIdentifiersParsing.ts(5,36): error TS2307: Cannot find module 'somemodule' or its corresponding type declarations.
 
 
-==== es6ImportNamedImportIdentifiersParsing.ts (13 errors) ====
+==== es6ImportNamedImportIdentifiersParsing.ts (5 errors) ====
     import { yield } from "somemodule"; // Allowed
-             ~~~~~
-!!! error TS2300: Duplicate identifier 'yield'.
                           ~~~~~~~~~~~~
 !!! error TS2307: Cannot find module 'somemodule' or its corresponding type declarations.
     import { default } from "somemodule"; // Error - as this is keyword that is not allowed as identifier
-             ~~~~~~~
-!!! error TS1003: Identifier expected.
-             ~~~~~~~
-!!! error TS2300: Duplicate identifier 'default'.
                             ~~~~~~~~~~~~
 !!! error TS2307: Cannot find module 'somemodule' or its corresponding type declarations.
     import { yield as default } from "somemodule"; // error to use default as binding name
-                      ~~~~~~~
-!!! error TS1003: Identifier expected.
-                      ~~~~~~~
-!!! error TS2300: Duplicate identifier 'default'.
                                      ~~~~~~~~~~~~
 !!! error TS2307: Cannot find module 'somemodule' or its corresponding type declarations.
     import { default as yield } from "somemodule"; // no error 
-                        ~~~~~
-!!! error TS2300: Duplicate identifier 'yield'.
                                      ~~~~~~~~~~~~
 !!! error TS2307: Cannot find module 'somemodule' or its corresponding type declarations.
     import { default as default } from "somemodule"; // default as is ok, error of default binding name
-                        ~~~~~~~
-!!! error TS1003: Identifier expected.
-                        ~~~~~~~
-!!! error TS2300: Duplicate identifier 'default'.
                                        ~~~~~~~~~~~~
 !!! error TS2307: Cannot find module 'somemodule' or its corresponding type declarations.

</message>
<stacktrace>
  at org.junit.Assert.fail(Assert.java:89)
  at kotlin.test.junit.JUnitAsserter.fail(JUnitSupport.kt:56)
  at kotlin.test.AssertionsKt__AssertionsKt.fail(Assertions.kt:563)
  at kotlin.test.AssertionsKt.fail(Unknown Source)
  at com.xemantic.kotlin.test.SameAsKt.sameAs(SameAs.kt:52)
  at com.xemantic.typescript.compiler.TypeScriptTestSupportKt.errorsMatchBaseline(TypeScriptTestSupport.kt:135)
  at com.xemantic.typescript.compiler.TypeScriptCompilerTests_E.es6ImportNamedImportIdentifiersParsing_ts has expected errors matching es6ImportNamedImportIdentifiersParsing_errors_txt(TypeScriptCompilerTests_E.kt:3598)
  at java.base/jdk.internal.reflect.DirectMethodHandleAccessor.invoke(DirectMethodHandleAccessor.java:104)
  at java.base/java.lang.reflect.Method.invoke(Method.java:565)
  at org.junit.runners.model.FrameworkMethod$1.runReflectiveCall(FrameworkMethod.java:59)
  at org.junit.internal.runners.model.ReflectiveCallable.run(ReflectiveCallable.java:12)
  at org.junit.runners.model.FrameworkMethod.invokeExplosively(FrameworkMethod.java:56)
  at org.junit.internal.runners.statements.InvokeMethod.evaluate(InvokeMethod.java:17)
  at org.junit.runners.ParentRunner$3.evaluate(ParentRunner.java:306)
  at org.junit.runners.BlockJUnit4ClassRunner$1.evaluate(BlockJUnit4ClassRunner.java:100)
  at org.junit.runners.ParentRunner.runLeaf(ParentRunner.java:366)
  at org.junit.runners.BlockJUnit4ClassRunner.runChild(BlockJUnit4ClassRunner.java:103)
  at org.junit.runners.BlockJUnit4ClassRunner.runChild(BlockJUnit4ClassRunner.java:63)
  at org.junit.runners.ParentRunner$4.run(ParentRunner.java:331)
  at org.junit.runners.ParentRunner$1.schedule(ParentRunner.java:79)
  at org.junit.runners.ParentRunner.runChildren(ParentRunner.java:329)
  at org.junit.runners.ParentRunner.access$100(ParentRunner.java:66)
  at org.junit.runners.ParentRunner$2.evaluate(ParentRunner.java:293)
  at org.junit.runners.ParentRunner$3.evaluate(ParentRunner.java:306)
  at org.junit.runners.ParentRunner.run(ParentRunner.java:413)
  at org.junit.runner.JUnitCore.run(JUnitCore.java:137)
  at org.junit.runner.JUnitCore.run(JUnitCore.java:115)
  at org.gradle.api.internal.tasks.testing.junit.JUnitTestExecutor.runRequest(JUnitTestExecutor.java:175)
  at org.gradle.api.internal.tasks.testing.junit.JUnitTestExecutor.accept(JUnitTestExecutor.java:84)
  at org.gradle.api.internal.tasks.testing.junit.JUnitTestExecutor.accept(JUnitTestExecutor.java:47)
  at org.gradle.api.internal.tasks.testing.junit.AbstractJUnitTestDefinitionProcessor.processTestDefinition(AbstractJUnitTestDefinitionProcessor.java:65)
  at org.gradle.api.internal.tasks.testing.SuiteTestDefinitionProcessor.processTestDefinition(SuiteTestDefinitionProcessor.java:54)
  at java.base/jdk.internal.reflect.DirectMethodHandleAccessor.invoke(DirectMethodHandleAccessor.java:104)
  at java.base/java.lang.reflect.Method.invoke(Method.java:565)
  at org.gradle.internal.dispatch.MethodInvocation.invokeOn(MethodInvocation.java:77)
  at org.gradle.internal.dispatch.ReflectionDispatch.dispatch(ReflectionDispatch.java:28)
  at org.gradle.internal.dispatch.ReflectionDispatch.dispatch(ReflectionDispatch.java:19)
  at org.gradle.internal.dispatch.ContextClassLoaderDispatch.dispatch(ContextClassLoaderDispatch.java:33)
  at org.gradle.internal.dispatch.ProxyDispatchAdapter$DispatchingInvocationHandler.invoke(ProxyDispatchAdapter.java:88)
  at jdk.proxy1/jdk.proxy1.$Proxy4.processTestDefinition(Unknown Source)
  at org.gradle.api.internal.tasks.testing.worker.TestWorker$2.run(TestWorker.java:178)
  at org.gradle.api.internal.tasks.testing.worker.TestWorker.executeAndMaintainThreadName(TestWorker.java:126)
  at org.gradle.api.internal.tasks.testing.worker.TestWorker.execute(TestWorker.java:103)
  at org.gradle.api.internal.tasks.testing.worker.TestWorker.execute(TestWorker.java:63)
  at org.gradle.process.internal.worker.child.ActionExecutionWorker.execute(ActionExecutionWorker.java:56)
  at org.gradle.process.internal.worker.child.SystemApplicationClassLoaderWorker.call(SystemApplicationClassLoaderWorker.java:122)
  at org.gradle.process.internal.worker.child.SystemApplicationClassLoaderWorker.call(SystemApplicationClassLoaderWorker.java:72)
  at worker.org.gradle.process.internal.worker.GradleWorkerMain.run(GradleWorkerMain.java:69)
  at worker.org.gradle.process.internal.worker.GradleWorkerMain.main(GradleWorkerMain.java:74)
</stacktrace>
</test-failure>


TypeScriptCompilerTests_E[jvm] > es6ImportNamedImportIdentifiersParsing_ts has expected errors matching es6ImportNamedImportIdentifiersParsing_errors_txt[jvm] FAILED

<test-failure test="com.xemantic.typescript.compiler.TypeScriptCompilerTests_E.expressionsForbiddenInParameterInitializers_ts compiles to JavaScript matching expressionsForbiddenInParameterInitializers_js" platform="jvm">
<message>
--- expected
+++ actual
@@ -10,39 +10,6 @@
 
 //// [bar.js]
 "use strict";
-var __createBinding = (this && this.__createBinding) || (Object.create ? (function(o, m, k, k2) {
-    if (k2 === undefined) k2 = k;
-    var desc = Object.getOwnPropertyDescriptor(m, k);
-    if (!desc || ("get" in desc ? !m.__esModule : desc.writable || desc.configurable)) {
-      desc = { enumerable: true, get: function() { return m[k]; } };
-    }
-    Object.defineProperty(o, k2, desc);
-}) : (function(o, m, k, k2) {
-    if (k2 === undefined) k2 = k;
-    o[k2] = m[k];
-}));
-var __setModuleDefault = (this && this.__setModuleDefault) || (Object.create ? (function(o, v) {
-    Object.defineProperty(o, "default", { enumerable: true, value: v });
-}) : function(o, v) {
-    o["default"] = v;
-});
-var __importStar = (this && this.__importStar) || (function () {
-    var ownKeys = function(o) {
-        ownKeys = Object.getOwnPropertyNames || function (o) {
-            var ar = [];
-            for (var k in o) if (Object.prototype.hasOwnProperty.call(o, k)) ar[ar.length] = k;
-            return ar;
-        };
-        return ownKeys(o);
-    };
-    return function (mod) {
-        if (mod && mod.__esModule) return mod;
-        var result = {};
-        if (mod != null) for (var k = ownKeys(mod), i = 0; i < k.length; i++) if (k[i] !== "default") __createBinding(result, mod, k[i]);
-        __setModuleDefault(result, mod);
-        return result;
-    };
-})();
 var __awaiter = (this && this.__awaiter) || function (thisArg, _arguments, P, generator) {
     function adopt(value) { return value instanceof P ? value : new P(function (resolve) { resolve(value); }); }
     return new (P || (P = Promise))(function (resolve, reject) {
@@ -55,8 +22,8 @@
 Object.defineProperty(exports, "__esModule", { value: true });
 exports.foo = foo;
 exports.foo2 = foo2;
-function foo(_a) {
-    return __awaiter(this, arguments, void 0, function* ({ foo = yield Promise.resolve().then(() => __importStar(require("./bar"))) }) {
+function foo({ foo = yield import("./bar") }) {
+    return __awaiter(this, void 0, void 0, function* () {
     });
 }
 function* foo2({ foo = yield "a" }) {

</message>
<stacktrace>
  at org.junit.Assert.fail(Assert.java:89)
  at kotlin.test.junit.JUnitAsserter.fail(JUnitSupport.kt:56)
  at kotlin.test.AssertionsKt__AssertionsKt.fail(Assertions.kt:563)
  at kotlin.test.AssertionsKt.fail(Unknown Source)
  at com.xemantic.kotlin.test.SameAsKt.sameAs(SameAs.kt:52)
  at com.xemantic.typescript.compiler.TypeScriptTestSupportKt.sameAs(TypeScriptTestSupport.kt:99)
  at com.xemantic.typescript.compiler.TypeScriptCompilerTests_E.expressionsForbiddenInParameterInitializers_ts compiles to JavaScript matching expressionsForbiddenInParameterInitializers_js(TypeScriptCompilerTests_E.kt:6237)
  at java.base/jdk.internal.reflect.DirectMethodHandleAccessor.invoke(DirectMethodHandleAccessor.java:104)
  at java.base/java.lang.reflect.Method.invoke(Method.java:565)
  at org.junit.runners.model.FrameworkMethod$1.runReflectiveCall(FrameworkMethod.java:59)
  at org.junit.internal.runners.model.ReflectiveCallable.run(ReflectiveCallable.java:12)
  at org.junit.runners.model.FrameworkMethod.invokeExplosively(FrameworkMethod.java:56)
  at org.junit.internal.runners.statements.InvokeMethod.evaluate(InvokeMethod.java:17)
  at org.junit.runners.ParentRunner$3.evaluate(ParentRunner.java:306)
  at org.junit.runners.BlockJUnit4ClassRunner$1.evaluate(BlockJUnit4ClassRunner.java:100)
  at org.junit.runners.ParentRunner.runLeaf(ParentRunner.java:366)
  at org.junit.runners.BlockJUnit4ClassRunner.runChild(BlockJUnit4ClassRunner.java:103)
  at org.junit.runners.BlockJUnit4ClassRunner.runChild(BlockJUnit4ClassRunner.java:63)
  at org.junit.runners.ParentRunner$4.run(ParentRunner.java:331)
  at org.junit.runners.ParentRunner$1.schedule(ParentRunner.java:79)
  at org.junit.runners.ParentRunner.runChildren(ParentRunner.java:329)
  at org.junit.runners.ParentRunner.access$100(ParentRunner.java:66)
  at org.junit.runners.ParentRunner$2.evaluate(ParentRunner.java:293)
  at org.junit.runners.ParentRunner$3.evaluate(ParentRunner.java:306)
  at org.junit.runners.ParentRunner.run(ParentRunner.java:413)
  at org.junit.runner.JUnitCore.run(JUnitCore.java:137)
  at org.junit.runner.JUnitCore.run(JUnitCore.java:115)
  at org.gradle.api.internal.tasks.testing.junit.JUnitTestExecutor.runRequest(JUnitTestExecutor.java:175)
  at org.gradle.api.internal.tasks.testing.junit.JUnitTestExecutor.accept(JUnitTestExecutor.java:84)
  at org.gradle.api.internal.tasks.testing.junit.JUnitTestExecutor.accept(JUnitTestExecutor.java:47)
  at org.gradle.api.internal.tasks.testing.junit.AbstractJUnitTestDefinitionProcessor.processTestDefinition(AbstractJUnitTestDefinitionProcessor.java:65)
  at org.gradle.api.internal.tasks.testing.SuiteTestDefinitionProcessor.processTestDefinition(SuiteTestDefinitionProcessor.java:54)
  at java.base/jdk.internal.reflect.DirectMethodHandleAccessor.invoke(DirectMethodHandleAccessor.java:104)
  at java.base/java.lang.reflect.Method.invoke(Method.java:565)
  at org.gradle.internal.dispatch.MethodInvocation.invokeOn(MethodInvocation.java:77)
  at org.gradle.internal.dispatch.ReflectionDispatch.dispatch(ReflectionDispatch.java:28)
  at org.gradle.internal.dispatch.ReflectionDispatch.dispatch(ReflectionDispatch.java:19)
  at org.gradle.internal.dispatch.ContextClassLoaderDispatch.dispatch(ContextClassLoaderDispatch.java:33)
  at org.gradle.internal.dispatch.ProxyDispatchAdapter$DispatchingInvocationHandler.invoke(ProxyDispatchAdapter.java:88)
  at jdk.proxy1/jdk.proxy1.$Proxy4.processTestDefinition(Unknown Source)
  at org.gradle.api.internal.tasks.testing.worker.TestWorker$2.run(TestWorker.java:178)
  at org.gradle.api.internal.tasks.testing.worker.TestWorker.executeAndMaintainThreadName(TestWorker.java:126)
  at org.gradle.api.internal.tasks.testing.worker.TestWorker.execute(TestWorker.java:103)
  at org.gradle.api.internal.tasks.testing.worker.TestWorker.execute(TestWorker.java:63)
  at org.gradle.process.internal.worker.child.ActionExecutionWorker.execute(ActionExecutionWorker.java:56)
  at org.gradle.process.internal.worker.child.SystemApplicationClassLoaderWorker.call(SystemApplicationClassLoaderWorker.java:122)
  at org.gradle.process.internal.worker.child.SystemApplicationClassLoaderWorker.call(SystemApplicationClassLoaderWorker.java:72)
  at worker.org.gradle.process.internal.worker.GradleWorkerMain.run(GradleWorkerMain.java:69)
  at worker.org.gradle.process.internal.worker.GradleWorkerMain.main(GradleWorkerMain.java:74)
</stacktrace>
</test-failure>


TypeScriptCompilerTests_E[jvm] > expressionsForbiddenInParameterInitializers_ts compiles to JavaScript matching expressionsForbiddenInParameterInitializers_js[jvm] FAILED

<test-failure test="com.xemantic.typescript.compiler.TypeScriptCompilerTests_E.es6ModuleInternalNamedImports_ts has expected errors matching es6ModuleInternalNamedImports_errors_txt" platform="jvm">
<message>
Expected diagnostics from baseline typescript-repo/tests/baselines/reference/es6ModuleInternalNamedImports.errors.txt but none produced
</message>
<stacktrace>
  at com.xemantic.typescript.compiler.TypeScriptTestSupportKt.errorsMatchBaseline(TypeScriptTestSupport.kt:125)
  at com.xemantic.typescript.compiler.TypeScriptCompilerTests_E.es6ModuleInternalNamedImports_ts has expected errors matching es6ModuleInternalNamedImports_errors_txt(TypeScriptCompilerTests_E.kt:3885)
  at java.base/jdk.internal.reflect.DirectMethodHandleAccessor.invoke(DirectMethodHandleAccessor.java:104)
  at java.base/java.lang.reflect.Method.invoke(Method.java:565)
  at org.junit.runners.model.FrameworkMethod$1.runReflectiveCall(FrameworkMethod.java:59)
  at org.junit.internal.runners.model.ReflectiveCallable.run(ReflectiveCallable.java:12)
  at org.junit.runners.model.FrameworkMethod.invokeExplosively(FrameworkMethod.java:56)
  at org.junit.internal.runners.statements.InvokeMethod.evaluate(InvokeMethod.java:17)
  at org.junit.runners.ParentRunner$3.evaluate(ParentRunner.java:306)
  at org.junit.runners.BlockJUnit4ClassRunner$1.evaluate(BlockJUnit4ClassRunner.java:100)
  at org.junit.runners.ParentRunner.runLeaf(ParentRunner.java:366)
  at org.junit.runners.BlockJUnit4ClassRunner.runChild(BlockJUnit4ClassRunner.java:103)
  at org.junit.runners.BlockJUnit4ClassRunner.runChild(BlockJUnit4ClassRunner.java:63)
  at org.junit.runners.ParentRunner$4.run(ParentRunner.java:331)
  at org.junit.runners.ParentRunner$1.schedule(ParentRunner.java:79)
  at org.junit.runners.ParentRunner.runChildren(ParentRunner.java:329)
  at org.junit.runners.ParentRunner.access$100(ParentRunner.java:66)
  at org.junit.runners.ParentRunner$2.evaluate(ParentRunner.java:293)
  at org.junit.runners.ParentRunner$3.evaluate(ParentRunner.java:306)
  at org.junit.runners.ParentRunner.run(ParentRunner.java:413)
  at org.junit.runner.JUnitCore.run(JUnitCore.java:137)
  at org.junit.runner.JUnitCore.run(JUnitCore.java:115)
  at org.gradle.api.internal.tasks.testing.junit.JUnitTestExecutor.runRequest(JUnitTestExecutor.java:175)
  at org.gradle.api.internal.tasks.testing.junit.JUnitTestExecutor.accept(JUnitTestExecutor.java:84)
  at org.gradle.api.internal.tasks.testing.junit.JUnitTestExecutor.accept(JUnitTestExecutor.java:47)
  at org.gradle.api.internal.tasks.testing.junit.AbstractJUnitTestDefinitionProcessor.processTestDefinition(AbstractJUnitTestDefinitionProcessor.java:65)
  at org.gradle.api.internal.tasks.testing.SuiteTestDefinitionProcessor.processTestDefinition(SuiteTestDefinitionProcessor.java:54)
  at java.base/jdk.internal.reflect.DirectMethodHandleAccessor.invoke(DirectMethodHandleAccessor.java:104)
  at java.base/java.lang.reflect.Method.invoke(Method.java:565)
  at org.gradle.internal.dispatch.MethodInvocation.invokeOn(MethodInvocation.java:77)
  at org.gradle.internal.dispatch.ReflectionDispatch.dispatch(ReflectionDispatch.java:28)
  at org.gradle.internal.dispatch.ReflectionDispatch.dispatch(ReflectionDispatch.java:19)
  at org.gradle.internal.dispatch.ContextClassLoaderDispatch.dispatch(ContextClassLoaderDispatch.java:33)
  at org.gradle.internal.dispatch.ProxyDispatchAdapter$DispatchingInvocationHandler.invoke(ProxyDispatchAdapter.java:88)
  at jdk.proxy1/jdk.proxy1.$Proxy4.processTestDefinition(Unknown Source)
  at org.gradle.api.internal.tasks.testing.worker.TestWorker$2.run(TestWorker.java:178)
  at org.gradle.api.internal.tasks.testing.worker.TestWorker.executeAndMaintainThreadName(TestWorker.java:126)
  at org.gradle.api.internal.tasks.testing.worker.TestWorker.execute(TestWorker.java:103)
  at org.gradle.api.internal.tasks.testing.worker.TestWorker.execute(TestWorker.java:63)
  at org.gradle.process.internal.worker.child.ActionExecutionWorker.execute(ActionExecutionWorker.java:56)
  at org.gradle.process.internal.worker.child.SystemApplicationClassLoaderWorker.call(SystemApplicationClassLoaderWorker.java:122)
  at org.gradle.process.internal.worker.child.SystemApplicationClassLoaderWorker.call(SystemApplicationClassLoaderWorker.java:72)
  at worker.org.gradle.process.internal.worker.GradleWorkerMain.run(GradleWorkerMain.java:69)
  at worker.org.gradle.process.internal.worker.GradleWorkerMain.main(GradleWorkerMain.java:74)
</stacktrace>
</test-failure>


TypeScriptCompilerTests_E[jvm] > es6ModuleInternalNamedImports_ts has expected errors matching es6ModuleInternalNamedImports_errors_txt[jvm] FAILED

<test-failure test="com.xemantic.typescript.compiler.TypeScriptCompilerTests_E.es5-asyncFunctionWithStatements_ts__alwaysstrict_false_target_es5__has expected errors matching baseline" platform="jvm">
<message>
--- expected
+++ actual
@@ -1,20 +1,15 @@
-es5-asyncFunctionWithStatements.ts(4,5): error TS1300: 'with' statements are not allowed in an async function block.
 es5-asyncFunctionWithStatements.ts(4,5): error TS2410: The 'with' statement is not supported. All symbols in a 'with' block will have type 'any'.
-es5-asyncFunctionWithStatements.ts(10,5): error TS1300: 'with' statements are not allowed in an async function block.
 es5-asyncFunctionWithStatements.ts(10,5): error TS2410: The 'with' statement is not supported. All symbols in a 'with' block will have type 'any'.
-es5-asyncFunctionWithStatements.ts(16,5): error TS1300: 'with' statements are not allowed in an async function block.
 es5-asyncFunctionWithStatements.ts(16,5): error TS2410: The 'with' statement is not supported. All symbols in a 'with' block will have type 'any'.
-es5-asyncFunctionWithStatements.ts(24,5): error TS1300: 'with' statements are not allowed in an async function block.
 es5-asyncFunctionWithStatements.ts(24,5): error TS2410: The 'with' statement is not supported. All symbols in a 'with' block will have type 'any'.
+es5-asyncFunctionWithStatements.ts(25,9): error TS2410: The 'with' statement is not supported. All symbols in a 'with' block will have type 'any'.
 
 
-==== es5-asyncFunctionWithStatements.ts (8 errors) ====
+==== es5-asyncFunctionWithStatements.ts (5 errors) ====
     declare var x, y, z, a, b, c;
     
     async function withStatement0() {
         with (x) {
-        ~~~~
-!!! error TS1300: 'with' statements are not allowed in an async function block.
         ~~~~~~~~
 !!! error TS2410: The 'with' statement is not supported. All symbols in a 'with' block will have type 'any'.
             y;
@@ -23,8 +18,6 @@
     
     async function withStatement1() {
         with (await x) {
-        ~~~~
-!!! error TS1300: 'with' statements are not allowed in an async function block.
         ~~~~~~~~~~~~~~
 !!! error TS2410: The 'with' statement is not supported. All symbols in a 'with' block will have type 'any'.
             y;
@@ -33,8 +26,6 @@
     
     async function withStatement2() {
         with (x) {
-        ~~~~
-!!! error TS1300: 'with' statements are not allowed in an async function block.
         ~~~~~~~~
 !!! error TS2410: The 'with' statement is not supported. All symbols in a 'with' block will have type 'any'.
             a;
@@ -45,11 +36,11 @@
     
     async function withStatement3() {
         with (x) {
-        ~~~~
-!!! error TS1300: 'with' statements are not allowed in an async function block.
         ~~~~~~~~
 !!! error TS2410: The 'with' statement is not supported. All symbols in a 'with' block will have type 'any'.
             with (z) {
+            ~~~~~~~~
+!!! error TS2410: The 'with' statement is not supported. All symbols in a 'with' block will have type 'any'.
                 a;
                 await y;
                 b;

</message>
<stacktrace>
  at org.junit.Assert.fail(Assert.java:89)
  at kotlin.test.junit.JUnitAsserter.fail(JUnitSupport.kt:56)
  at kotlin.test.AssertionsKt__AssertionsKt.fail(Assertions.kt:563)
  at kotlin.test.AssertionsKt.fail(Unknown Source)
  at com.xemantic.kotlin.test.SameAsKt.sameAs(SameAs.kt:52)
  at com.xemantic.typescript.compiler.TypeScriptTestSupportKt.errorsMatchBaseline(TypeScriptTestSupport.kt:135)
  at com.xemantic.typescript.compiler.TypeScriptCompilerTests_E.es5-asyncFunctionWithStatements_ts__alwaysstrict_false_target_es5__has expected errors matching baseline(TypeScriptCompilerTests_E.kt:2149)
  at java.base/jdk.internal.reflect.DirectMethodHandleAccessor.invoke(DirectMethodHandleAccessor.java:104)
  at java.base/java.lang.reflect.Method.invoke(Method.java:565)
  at org.junit.runners.model.FrameworkMethod$1.runReflectiveCall(FrameworkMethod.java:59)
  at org.junit.internal.runners.model.ReflectiveCallable.run(ReflectiveCallable.java:12)
  at org.junit.runners.model.FrameworkMethod.invokeExplosively(FrameworkMethod.java:56)
  at org.junit.internal.runners.statements.InvokeMethod.evaluate(InvokeMethod.java:17)
  at org.junit.runners.ParentRunner$3.evaluate(ParentRunner.java:306)
  at org.junit.runners.BlockJUnit4ClassRunner$1.evaluate(BlockJUnit4ClassRunner.java:100)
  at org.junit.runners.ParentRunner.runLeaf(ParentRunner.java:366)
  at org.junit.runners.BlockJUnit4ClassRunner.runChild(BlockJUnit4ClassRunner.java:103)
  at org.junit.runners.BlockJUnit4ClassRunner.runChild(BlockJUnit4ClassRunner.java:63)
  at org.junit.runners.ParentRunner$4.run(ParentRunner.java:331)
  at org.junit.runners.ParentRunner$1.schedule(ParentRunner.java:79)
  at org.junit.runners.ParentRunner.runChildren(ParentRunner.java:329)
  at org.junit.runners.ParentRunner.access$100(ParentRunner.java:66)
  at org.junit.runners.ParentRunner$2.evaluate(ParentRunner.java:293)
  at org.junit.runners.ParentRunner$3.evaluate(ParentRunner.java:306)
  at org.junit.runners.ParentRunner.run(ParentRunner.java:413)
  at org.junit.runner.JUnitCore.run(JUnitCore.java:137)
  at org.junit.runner.JUnitCore.run(JUnitCore.java:115)
  at org.gradle.api.internal.tasks.testing.junit.JUnitTestExecutor.runRequest(JUnitTestExecutor.java:175)
  at org.gradle.api.internal.tasks.testing.junit.JUnitTestExecutor.accept(JUnitTestExecutor.java:84)
  at org.gradle.api.internal.tasks.testing.junit.JUnitTestExecutor.accept(JUnitTestExecutor.java:47)
  at org.gradle.api.internal.tasks.testing.junit.AbstractJUnitTestDefinitionProcessor.processTestDefinition(AbstractJUnitTestDefinitionProcessor.java:65)
  at org.gradle.api.internal.tasks.testing.SuiteTestDefinitionProcessor.processTestDefinition(SuiteTestDefinitionProcessor.java:54)
  at java.base/jdk.internal.reflect.DirectMethodHandleAccessor.invoke(DirectMethodHandleAccessor.java:104)
  at java.base/java.lang.reflect.Method.invoke(Method.java:565)
  at org.gradle.internal.dispatch.MethodInvocation.invokeOn(MethodInvocation.java:77)
  at org.gradle.internal.dispatch.ReflectionDispatch.dispatch(ReflectionDispatch.java:28)
  at org.gradle.internal.dispatch.ReflectionDispatch.dispatch(ReflectionDispatch.java:19)
  at org.gradle.internal.dispatch.ContextClassLoaderDispatch.dispatch(ContextClassLoaderDispatch.java:33)
  at org.gradle.internal.dispatch.ProxyDispatchAdapter$DispatchingInvocationHandler.invoke(ProxyDispatchAdapter.java:88)
  at jdk.proxy1/jdk.proxy1.$Proxy4.processTestDefinition(Unknown Source)
  at org.gradle.api.internal.tasks.testing.worker.TestWorker$2.run(TestWorker.java:178)
  at org.gradle.api.internal.tasks.testing.worker.TestWorker.executeAndMaintainThreadName(TestWorker.java:126)
  at org.gradle.api.internal.tasks.testing.worker.TestWorker.execute(TestWorker.java:103)
  at org.gradle.api.internal.tasks.testing.worker.TestWorker.execute(TestWorker.java:63)
  at org.gradle.process.internal.worker.child.ActionExecutionWorker.execute(ActionExecutionWorker.java:56)
  at org.gradle.process.internal.worker.child.SystemApplicationClassLoaderWorker.call(SystemApplicationClassLoaderWorker.java:122)
  at org.gradle.process.internal.worker.child.SystemApplicationClassLoaderWorker.call(SystemApplicationClassLoaderWorker.java:72)
  at worker.org.gradle.process.internal.worker.GradleWorkerMain.run(GradleWorkerMain.java:69)
  at worker.org.gradle.process.internal.worker.GradleWorkerMain.main(GradleWorkerMain.java:74)
</stacktrace>
</test-failure>


TypeScriptCompilerTests_E[jvm] > es5-asyncFunctionWithStatements_ts__alwaysstrict_false_target_es5__has expected errors matching baseline[jvm] FAILED

<test-failure test="com.xemantic.typescript.compiler.TypeScriptCompilerTests_E.es6ExportAll_ts has expected errors matching es6ExportAll_errors_txt" platform="jvm">
<message>
Expected diagnostics from baseline typescript-repo/tests/baselines/reference/es6ExportAll.errors.txt but none produced
</message>
<stacktrace>
  at com.xemantic.typescript.compiler.TypeScriptTestSupportKt.errorsMatchBaseline(TypeScriptTestSupport.kt:125)
  at com.xemantic.typescript.compiler.TypeScriptCompilerTests_E.es6ExportAll_ts has expected errors matching es6ExportAll_errors_txt(TypeScriptCompilerTests_E.kt:2870)
  at java.base/jdk.internal.reflect.DirectMethodHandleAccessor.invoke(DirectMethodHandleAccessor.java:104)
  at java.base/java.lang.reflect.Method.invoke(Method.java:565)
  at org.junit.runners.model.FrameworkMethod$1.runReflectiveCall(FrameworkMethod.java:59)
  at org.junit.internal.runners.model.ReflectiveCallable.run(ReflectiveCallable.java:12)
  at org.junit.runners.model.FrameworkMethod.invokeExplosively(FrameworkMethod.java:56)
  at org.junit.internal.runners.statements.InvokeMethod.evaluate(InvokeMethod.java:17)
  at org.junit.runners.ParentRunner$3.evaluate(ParentRunner.java:306)
  at org.junit.runners.BlockJUnit4ClassRunner$1.evaluate(BlockJUnit4ClassRunner.java:100)
  at org.junit.runners.ParentRunner.runLeaf(ParentRunner.java:366)
  at org.junit.runners.BlockJUnit4ClassRunner.runChild(BlockJUnit4ClassRunner.java:103)
  at org.junit.runners.BlockJUnit4ClassRunner.runChild(BlockJUnit4ClassRunner.java:63)
  at org.junit.runners.ParentRunner$4.run(ParentRunner.java:331)
  at org.junit.runners.ParentRunner$1.schedule(ParentRunner.java:79)
  at org.junit.runners.ParentRunner.runChildren(ParentRunner.java:329)
  at org.junit.runners.ParentRunner.access$100(ParentRunner.java:66)
  at org.junit.runners.ParentRunner$2.evaluate(ParentRunner.java:293)
  at org.junit.runners.ParentRunner$3.evaluate(ParentRunner.java:306)
  at org.junit.runners.ParentRunner.run(ParentRunner.java:413)
  at org.junit.runner.JUnitCore.run(JUnitCore.java:137)
  at org.junit.runner.JUnitCore.run(JUnitCore.java:115)
  at org.gradle.api.internal.tasks.testing.junit.JUnitTestExecutor.runRequest(JUnitTestExecutor.java:175)
  at org.gradle.api.internal.tasks.testing.junit.JUnitTestExecutor.accept(JUnitTestExecutor.java:84)
  at org.gradle.api.internal.tasks.testing.junit.JUnitTestExecutor.accept(JUnitTestExecutor.java:47)
  at org.gradle.api.internal.tasks.testing.junit.AbstractJUnitTestDefinitionProcessor.processTestDefinition(AbstractJUnitTestDefinitionProcessor.java:65)
  at org.gradle.api.internal.tasks.testing.SuiteTestDefinitionProcessor.processTestDefinition(SuiteTestDefinitionProcessor.java:54)
  at java.base/jdk.internal.reflect.DirectMethodHandleAccessor.invoke(DirectMethodHandleAccessor.java:104)
  at java.base/java.lang.reflect.Method.invoke(Method.java:565)
  at org.gradle.internal.dispatch.MethodInvocation.invokeOn(MethodInvocation.java:77)
  at org.gradle.internal.dispatch.ReflectionDispatch.dispatch(ReflectionDispatch.java:28)
  at org.gradle.internal.dispatch.ReflectionDispatch.dispatch(ReflectionDispatch.java:19)
  at org.gradle.internal.dispatch.ContextClassLoaderDispatch.dispatch(ContextClassLoaderDispatch.java:33)
  at org.gradle.internal.dispatch.ProxyDispatchAdapter$DispatchingInvocationHandler.invoke(ProxyDispatchAdapter.java:88)
  at jdk.proxy1/jdk.proxy1.$Proxy4.processTestDefinition(Unknown Source)
  at org.gradle.api.internal.tasks.testing.worker.TestWorker$2.run(TestWorker.java:178)
  at org.gradle.api.internal.tasks.testing.worker.TestWorker.executeAndMaintainThreadName(TestWorker.java:126)
  at org.gradle.api.internal.tasks.testing.worker.TestWorker.execute(TestWorker.java:103)
  at org.gradle.api.internal.tasks.testing.worker.TestWorker.execute(TestWorker.java:63)
  at org.gradle.process.internal.worker.child.ActionExecutionWorker.execute(ActionExecutionWorker.java:56)
  at org.gradle.process.internal.worker.child.SystemApplicationClassLoaderWorker.call(SystemApplicationClassLoaderWorker.java:122)
  at org.gradle.process.internal.worker.child.SystemApplicationClassLoaderWorker.call(SystemApplicationClassLoaderWorker.java:72)
  at worker.org.gradle.process.internal.worker.GradleWorkerMain.run(GradleWorkerMain.java:69)
  at worker.org.gradle.process.internal.worker.GradleWorkerMain.main(GradleWorkerMain.java:74)
</stacktrace>
</test-failure>


TypeScriptCompilerTests_E[jvm] > es6ExportAll_ts has expected errors matching es6ExportAll_errors_txt[jvm] FAILED

<test-failure test="com.xemantic.typescript.compiler.TypeScriptCompilerTests_E.exportSpecifierForAGlobal_ts has expected errors matching exportSpecifierForAGlobal_errors_txt" platform="jvm">
<message>
Expected diagnostics from baseline typescript-repo/tests/baselines/reference/exportSpecifierForAGlobal.errors.txt but none produced
</message>
<stacktrace>
  at com.xemantic.typescript.compiler.TypeScriptTestSupportKt.errorsMatchBaseline(TypeScriptTestSupport.kt:125)
  at com.xemantic.typescript.compiler.TypeScriptCompilerTests_E.exportSpecifierForAGlobal_ts has expected errors matching exportSpecifierForAGlobal_errors_txt(TypeScriptCompilerTests_E.kt:5845)
  at java.base/jdk.internal.reflect.DirectMethodHandleAccessor.invoke(DirectMethodHandleAccessor.java:104)
  at java.base/java.lang.reflect.Method.invoke(Method.java:565)
  at org.junit.runners.model.FrameworkMethod$1.runReflectiveCall(FrameworkMethod.java:59)
  at org.junit.internal.runners.model.ReflectiveCallable.run(ReflectiveCallable.java:12)
  at org.junit.runners.model.FrameworkMethod.invokeExplosively(FrameworkMethod.java:56)
  at org.junit.internal.runners.statements.InvokeMethod.evaluate(InvokeMethod.java:17)
  at org.junit.runners.ParentRunner$3.evaluate(ParentRunner.java:306)
  at org.junit.runners.BlockJUnit4ClassRunner$1.evaluate(BlockJUnit4ClassRunner.java:100)
  at org.junit.runners.ParentRunner.runLeaf(ParentRunner.java:366)
  at org.junit.runners.BlockJUnit4ClassRunner.runChild(BlockJUnit4ClassRunner.java:103)
  at org.junit.runners.BlockJUnit4ClassRunner.runChild(BlockJUnit4ClassRunner.java:63)
  at org.junit.runners.ParentRunner$4.run(ParentRunner.java:331)
  at org.junit.runners.ParentRunner$1.schedule(ParentRunner.java:79)
  at org.junit.runners.ParentRunner.runChildren(ParentRunner.java:329)
  at org.junit.runners.ParentRunner.access$100(ParentRunner.java:66)
  at org.junit.runners.ParentRunner$2.evaluate(ParentRunner.java:293)
  at org.junit.runners.ParentRunner$3.evaluate(ParentRunner.java:306)
  at org.junit.runners.ParentRunner.run(ParentRunner.java:413)
  at org.junit.runner.JUnitCore.run(JUnitCore.java:137)
  at org.junit.runner.JUnitCore.run(JUnitCore.java:115)
  at org.gradle.api.internal.tasks.testing.junit.JUnitTestExecutor.runRequest(JUnitTestExecutor.java:175)
  at org.gradle.api.internal.tasks.testing.junit.JUnitTestExecutor.accept(JUnitTestExecutor.java:84)
  at org.gradle.api.internal.tasks.testing.junit.JUnitTestExecutor.accept(JUnitTestExecutor.java:47)
  at org.gradle.api.internal.tasks.testing.junit.AbstractJUnitTestDefinitionProcessor.processTestDefinition(AbstractJUnitTestDefinitionProcessor.java:65)
  at org.gradle.api.internal.tasks.testing.SuiteTestDefinitionProcessor.processTestDefinition(SuiteTestDefinitionProcessor.java:54)
  at java.base/jdk.internal.reflect.DirectMethodHandleAccessor.invoke(DirectMethodHandleAccessor.java:104)
  at java.base/java.lang.reflect.Method.invoke(Method.java:565)
  at org.gradle.internal.dispatch.MethodInvocation.invokeOn(MethodInvocation.java:77)
  at org.gradle.internal.dispatch.ReflectionDispatch.dispatch(ReflectionDispatch.java:28)
  at org.gradle.internal.dispatch.ReflectionDispatch.dispatch(ReflectionDispatch.java:19)
  at org.gradle.internal.dispatch.ContextClassLoaderDispatch.dispatch(ContextClassLoaderDispatch.java:33)
  at org.gradle.internal.dispatch.ProxyDispatchAdapter$DispatchingInvocationHandler.invoke(ProxyDispatchAdapter.java:88)
  at jdk.proxy1/jdk.proxy1.$Proxy4.processTestDefinition(Unknown Source)
  at org.gradle.api.internal.tasks.testing.worker.TestWorker$2.run(TestWorker.java:178)
  at org.gradle.api.internal.tasks.testing.worker.TestWorker.executeAndMaintainThreadName(TestWorker.java:126)
  at org.gradle.api.internal.tasks.testing.worker.TestWorker.execute(TestWorker.java:103)
  at org.gradle.api.internal.tasks.testing.worker.TestWorker.execute(TestWorker.java:63)
  at org.gradle.process.internal.worker.child.ActionExecutionWorker.execute(ActionExecutionWorker.java:56)
  at org.gradle.process.internal.worker.child.SystemApplicationClassLoaderWorker.call(SystemApplicationClassLoaderWorker.java:122)
  at org.gradle.process.internal.worker.child.SystemApplicationClassLoaderWorker.call(SystemApplicationClassLoaderWorker.java:72)
  at worker.org.gradle.process.internal.worker.GradleWorkerMain.run(GradleWorkerMain.java:69)
  at worker.org.gradle.process.internal.worker.GradleWorkerMain.main(GradleWorkerMain.java:74)
</stacktrace>
</test-failure>


TypeScriptCompilerTests_E[jvm] > exportSpecifierForAGlobal_ts has expected errors matching exportSpecifierForAGlobal_errors_txt[jvm] FAILED

<test-failure test="com.xemantic.typescript.compiler.TypeScriptCompilerTests_E.evolvingArrayResolvedAssert_ts has expected errors matching evolvingArrayResolvedAssert_errors_txt" platform="jvm">
<message>
Expected diagnostics from baseline typescript-repo/tests/baselines/reference/evolvingArrayResolvedAssert.errors.txt but none produced
</message>
<stacktrace>
  at com.xemantic.typescript.compiler.TypeScriptTestSupportKt.errorsMatchBaseline(TypeScriptTestSupport.kt:125)
  at com.xemantic.typescript.compiler.TypeScriptCompilerTests_E.evolvingArrayResolvedAssert_ts has expected errors matching evolvingArrayResolvedAssert_errors_txt(TypeScriptCompilerTests_E.kt:4200)
  at java.base/jdk.internal.reflect.DirectMethodHandleAccessor.invoke(DirectMethodHandleAccessor.java:104)
  at java.base/java.lang.reflect.Method.invoke(Method.java:565)
  at org.junit.runners.model.FrameworkMethod$1.runReflectiveCall(FrameworkMethod.java:59)
  at org.junit.internal.runners.model.ReflectiveCallable.run(ReflectiveCallable.java:12)
  at org.junit.runners.model.FrameworkMethod.invokeExplosively(FrameworkMethod.java:56)
  at org.junit.internal.runners.statements.InvokeMethod.evaluate(InvokeMethod.java:17)
  at org.junit.runners.ParentRunner$3.evaluate(ParentRunner.java:306)
  at org.junit.runners.BlockJUnit4ClassRunner$1.evaluate(BlockJUnit4ClassRunner.java:100)
  at org.junit.runners.ParentRunner.runLeaf(ParentRunner.java:366)
  at org.junit.runners.BlockJUnit4ClassRunner.runChild(BlockJUnit4ClassRunner.java:103)
  at org.junit.runners.BlockJUnit4ClassRunner.runChild(BlockJUnit4ClassRunner.java:63)
  at org.junit.runners.ParentRunner$4.run(ParentRunner.java:331)
  at org.junit.runners.ParentRunner$1.schedule(ParentRunner.java:79)
  at org.junit.runners.ParentRunner.runChildren(ParentRunner.java:329)
  at org.junit.runners.ParentRunner.access$100(ParentRunner.java:66)
  at org.junit.runners.ParentRunner$2.evaluate(ParentRunner.java:293)
  at org.junit.runners.ParentRunner$3.evaluate(ParentRunner.java:306)
  at org.junit.runners.ParentRunner.run(ParentRunner.java:413)
  at org.junit.runner.JUnitCore.run(JUnitCore.java:137)
  at org.junit.runner.JUnitCore.run(JUnitCore.java:115)
  at org.gradle.api.internal.tasks.testing.junit.JUnitTestExecutor.runRequest(JUnitTestExecutor.java:175)
  at org.gradle.api.internal.tasks.testing.junit.JUnitTestExecutor.accept(JUnitTestExecutor.java:84)
  at org.gradle.api.internal.tasks.testing.junit.JUnitTestExecutor.accept(JUnitTestExecutor.java:47)
  at org.gradle.api.internal.tasks.testing.junit.AbstractJUnitTestDefinitionProcessor.processTestDefinition(AbstractJUnitTestDefinitionProcessor.java:65)
  at org.gradle.api.internal.tasks.testing.SuiteTestDefinitionProcessor.processTestDefinition(SuiteTestDefinitionProcessor.java:54)
  at java.base/jdk.internal.reflect.DirectMethodHandleAccessor.invoke(DirectMethodHandleAccessor.java:104)
  at java.base/java.lang.reflect.Method.invoke(Method.java:565)
  at org.gradle.internal.dispatch.MethodInvocation.invokeOn(MethodInvocation.java:77)
  at org.gradle.internal.dispatch.ReflectionDispatch.dispatch(ReflectionDispatch.java:28)
  at org.gradle.internal.dispatch.ReflectionDispatch.dispatch(ReflectionDispatch.java:19)
  at org.gradle.internal.dispatch.ContextClassLoaderDispatch.dispatch(ContextClassLoaderDispatch.java:33)
  at org.gradle.internal.dispatch.ProxyDispatchAdapter$DispatchingInvocationHandler.invoke(ProxyDispatchAdapter.java:88)
  at jdk.proxy1/jdk.proxy1.$Proxy4.processTestDefinition(Unknown Source)
  at org.gradle.api.internal.tasks.testing.worker.TestWorker$2.run(TestWorker.java:178)
  at org.gradle.api.internal.tasks.testing.worker.TestWorker.executeAndMaintainThreadName(TestWorker.java:126)
  at org.gradle.api.internal.tasks.testing.worker.TestWorker.execute(TestWorker.java:103)
  at org.gradle.api.internal.tasks.testing.worker.TestWorker.execute(TestWorker.java:63)
  at org.gradle.process.internal.worker.child.ActionExecutionWorker.execute(ActionExecutionWorker.java:56)
  at org.gradle.process.internal.worker.child.SystemApplicationClassLoaderWorker.call(SystemApplicationClassLoaderWorker.java:122)
  at org.gradle.process.internal.worker.child.SystemApplicationClassLoaderWorker.call(SystemApplicationClassLoaderWorker.java:72)
  at worker.org.gradle.process.internal.worker.GradleWorkerMain.run(GradleWorkerMain.java:69)
  at worker.org.gradle.process.internal.worker.GradleWorkerMain.main(GradleWorkerMain.java:74)
</stacktrace>
</test-failure>


TypeScriptCompilerTests_E[jvm] > evolvingArrayResolvedAssert_ts has expected errors matching evolvingArrayResolvedAssert_errors_txt[jvm] FAILED

<test-failure test="com.xemantic.typescript.compiler.TypeScriptCompilerTests_E.enumBasics3_ts has expected errors matching enumBasics3_errors_txt" platform="jvm">
<message>
Expected diagnostics from baseline typescript-repo/tests/baselines/reference/enumBasics3.errors.txt but none produced
</message>
<stacktrace>
  at com.xemantic.typescript.compiler.TypeScriptTestSupportKt.errorsMatchBaseline(TypeScriptTestSupport.kt:125)
  at com.xemantic.typescript.compiler.TypeScriptCompilerTests_E.enumBasics3_ts has expected errors matching enumBasics3_errors_txt(TypeScriptCompilerTests_E.kt:826)
  at java.base/jdk.internal.reflect.DirectMethodHandleAccessor.invoke(DirectMethodHandleAccessor.java:104)
  at java.base/java.lang.reflect.Method.invoke(Method.java:565)
  at org.junit.runners.model.FrameworkMethod$1.runReflectiveCall(FrameworkMethod.java:59)
  at org.junit.internal.runners.model.ReflectiveCallable.run(ReflectiveCallable.java:12)
  at org.junit.runners.model.FrameworkMethod.invokeExplosively(FrameworkMethod.java:56)
  at org.junit.internal.runners.statements.InvokeMethod.evaluate(InvokeMethod.java:17)
  at org.junit.runners.ParentRunner$3.evaluate(ParentRunner.java:306)
  at org.junit.runners.BlockJUnit4ClassRunner$1.evaluate(BlockJUnit4ClassRunner.java:100)
  at org.junit.runners.ParentRunner.runLeaf(ParentRunner.java:366)
  at org.junit.runners.BlockJUnit4ClassRunner.runChild(BlockJUnit4ClassRunner.java:103)
  at org.junit.runners.BlockJUnit4ClassRunner.runChild(BlockJUnit4ClassRunner.java:63)
  at org.junit.runners.ParentRunner$4.run(ParentRunner.java:331)
  at org.junit.runners.ParentRunner$1.schedule(ParentRunner.java:79)
  at org.junit.runners.ParentRunner.runChildren(ParentRunner.java:329)
  at org.junit.runners.ParentRunner.access$100(ParentRunner.java:66)
  at org.junit.runners.ParentRunner$2.evaluate(ParentRunner.java:293)
  at org.junit.runners.ParentRunner$3.evaluate(ParentRunner.java:306)
  at org.junit.runners.ParentRunner.run(ParentRunner.java:413)
  at org.junit.runner.JUnitCore.run(JUnitCore.java:137)
  at org.junit.runner.JUnitCore.run(JUnitCore.java:115)
  at org.gradle.api.internal.tasks.testing.junit.JUnitTestExecutor.runRequest(JUnitTestExecutor.java:175)
  at org.gradle.api.internal.tasks.testing.junit.JUnitTestExecutor.accept(JUnitTestExecutor.java:84)
  at org.gradle.api.internal.tasks.testing.junit.JUnitTestExecutor.accept(JUnitTestExecutor.java:47)
  at org.gradle.api.internal.tasks.testing.junit.AbstractJUnitTestDefinitionProcessor.processTestDefinition(AbstractJUnitTestDefinitionProcessor.java:65)
  at org.gradle.api.internal.tasks.testing.SuiteTestDefinitionProcessor.processTestDefinition(SuiteTestDefinitionProcessor.java:54)
  at java.base/jdk.internal.reflect.DirectMethodHandleAccessor.invoke(DirectMethodHandleAccessor.java:104)
  at java.base/java.lang.reflect.Method.invoke(Method.java:565)
  at org.gradle.internal.dispatch.MethodInvocation.invokeOn(MethodInvocation.java:77)
  at org.gradle.internal.dispatch.ReflectionDispatch.dispatch(ReflectionDispatch.java:28)
  at org.gradle.internal.dispatch.ReflectionDispatch.dispatch(ReflectionDispatch.java:19)
  at org.gradle.internal.dispatch.ContextClassLoaderDispatch.dispatch(ContextClassLoaderDispatch.java:33)
  at org.gradle.internal.dispatch.ProxyDispatchAdapter$DispatchingInvocationHandler.invoke(ProxyDispatchAdapter.java:88)
  at jdk.proxy1/jdk.proxy1.$Proxy4.processTestDefinition(Unknown Source)
  at org.gradle.api.internal.tasks.testing.worker.TestWorker$2.run(TestWorker.java:178)
  at org.gradle.api.internal.tasks.testing.worker.TestWorker.executeAndMaintainThreadName(TestWorker.java:126)
  at org.gradle.api.internal.tasks.testing.worker.TestWorker.execute(TestWorker.java:103)
  at org.gradle.api.internal.tasks.testing.worker.TestWorker.execute(TestWorker.java:63)
  at org.gradle.process.internal.worker.child.ActionExecutionWorker.execute(ActionExecutionWorker.java:56)
  at org.gradle.process.internal.worker.child.SystemApplicationClassLoaderWorker.call(SystemApplicationClassLoaderWorker.java:122)
  at org.gradle.process.internal.worker.child.SystemApplicationClassLoaderWorker.call(SystemApplicationClassLoaderWorker.java:72)
  at worker.org.gradle.process.internal.worker.GradleWorkerMain.run(GradleWorkerMain.java:69)
  at worker.org.gradle.process.internal.worker.GradleWorkerMain.main(GradleWorkerMain.java:74)
</stacktrace>
</test-failure>


TypeScriptCompilerTests_E[jvm] > enumBasics3_ts has expected errors matching enumBasics3_errors_txt[jvm] FAILED

<test-failure test="com.xemantic.typescript.compiler.TypeScriptCompilerTests_E.emptyThenWarning_ts has expected errors matching emptyThenWarning_errors_txt" platform="jvm">
<message>
Expected diagnostics from baseline typescript-repo/tests/baselines/reference/emptyThenWarning.errors.txt but none produced
</message>
<stacktrace>
  at com.xemantic.typescript.compiler.TypeScriptTestSupportKt.errorsMatchBaseline(TypeScriptTestSupport.kt:125)
  at com.xemantic.typescript.compiler.TypeScriptCompilerTests_E.emptyThenWarning_ts has expected errors matching emptyThenWarning_errors_txt(TypeScriptCompilerTests_E.kt:651)
  at java.base/jdk.internal.reflect.DirectMethodHandleAccessor.invoke(DirectMethodHandleAccessor.java:104)
  at java.base/java.lang.reflect.Method.invoke(Method.java:565)
  at org.junit.runners.model.FrameworkMethod$1.runReflectiveCall(FrameworkMethod.java:59)
  at org.junit.internal.runners.model.ReflectiveCallable.run(ReflectiveCallable.java:12)
  at org.junit.runners.model.FrameworkMethod.invokeExplosively(FrameworkMethod.java:56)
  at org.junit.internal.runners.statements.InvokeMethod.evaluate(InvokeMethod.java:17)
  at org.junit.runners.ParentRunner$3.evaluate(ParentRunner.java:306)
  at org.junit.runners.BlockJUnit4ClassRunner$1.evaluate(BlockJUnit4ClassRunner.java:100)
  at org.junit.runners.ParentRunner.runLeaf(ParentRunner.java:366)
  at org.junit.runners.BlockJUnit4ClassRunner.runChild(BlockJUnit4ClassRunner.java:103)
  at org.junit.runners.BlockJUnit4ClassRunner.runChild(BlockJUnit4ClassRunner.java:63)
  at org.junit.runners.ParentRunner$4.run(ParentRunner.java:331)
  at org.junit.runners.ParentRunner$1.schedule(ParentRunner.java:79)
  at org.junit.runners.ParentRunner.runChildren(ParentRunner.java:329)
  at org.junit.runners.ParentRunner.access$100(ParentRunner.java:66)
  at org.junit.runners.ParentRunner$2.evaluate(ParentRunner.java:293)
  at org.junit.runners.ParentRunner$3.evaluate(ParentRunner.java:306)
  at org.junit.runners.ParentRunner.run(ParentRunner.java:413)
  at org.junit.runner.JUnitCore.run(JUnitCore.java:137)
  at org.junit.runner.JUnitCore.run(JUnitCore.java:115)
  at org.gradle.api.internal.tasks.testing.junit.JUnitTestExecutor.runRequest(JUnitTestExecutor.java:175)
  at org.gradle.api.internal.tasks.testing.junit.JUnitTestExecutor.accept(JUnitTestExecutor.java:84)
  at org.gradle.api.internal.tasks.testing.junit.JUnitTestExecutor.accept(JUnitTestExecutor.java:47)
  at org.gradle.api.internal.tasks.testing.junit.AbstractJUnitTestDefinitionProcessor.processTestDefinition(AbstractJUnitTestDefinitionProcessor.java:65)
  at org.gradle.api.internal.tasks.testing.SuiteTestDefinitionProcessor.processTestDefinition(SuiteTestDefinitionProcessor.java:54)
  at java.base/jdk.internal.reflect.DirectMethodHandleAccessor.invoke(DirectMethodHandleAccessor.java:104)
  at java.base/java.lang.reflect.Method.invoke(Method.java:565)
  at org.gradle.internal.dispatch.MethodInvocation.invokeOn(MethodInvocation.java:77)
  at org.gradle.internal.dispatch.ReflectionDispatch.dispatch(ReflectionDispatch.java:28)
  at org.gradle.internal.dispatch.ReflectionDispatch.dispatch(ReflectionDispatch.java:19)
  at org.gradle.internal.dispatch.ContextClassLoaderDispatch.dispatch(ContextClassLoaderDispatch.java:33)
  at org.gradle.internal.dispatch.ProxyDispatchAdapter$DispatchingInvocationHandler.invoke(ProxyDispatchAdapter.java:88)
  at jdk.proxy1/jdk.proxy1.$Proxy4.processTestDefinition(Unknown Source)
  at org.gradle.api.internal.tasks.testing.worker.TestWorker$2.run(TestWorker.java:178)
  at org.gradle.api.internal.tasks.testing.worker.TestWorker.executeAndMaintainThreadName(TestWorker.java:126)
  at org.gradle.api.internal.tasks.testing.worker.TestWorker.execute(TestWorker.java:103)
  at org.gradle.api.internal.tasks.testing.worker.TestWorker.execute(TestWorker.java:63)
  at org.gradle.process.internal.worker.child.ActionExecutionWorker.execute(ActionExecutionWorker.java:56)
  at org.gradle.process.internal.worker.child.SystemApplicationClassLoaderWorker.call(SystemApplicationClassLoaderWorker.java:122)
  at org.gradle.process.internal.worker.child.SystemApplicationClassLoaderWorker.call(SystemApplicationClassLoaderWorker.java:72)
  at worker.org.gradle.process.internal.worker.GradleWorkerMain.run(GradleWorkerMain.java:69)
  at worker.org.gradle.process.internal.worker.GradleWorkerMain.main(GradleWorkerMain.java:74)
</stacktrace>
</test-failure>


TypeScriptCompilerTests_E[jvm] > emptyThenWarning_ts has expected errors matching emptyThenWarning_errors_txt[jvm] FAILED

<test-failure test="com.xemantic.typescript.compiler.TypeScriptCompilerTests_E.exportSpecifierReferencingOuterDeclaration3_ts has expected errors matching exportSpecifierReferencingOuterDeclaration3_errors_txt" platform="jvm">
<message>
Expected diagnostics from baseline typescript-repo/tests/baselines/reference/exportSpecifierReferencingOuterDeclaration3.errors.txt but none produced
</message>
<stacktrace>
  at com.xemantic.typescript.compiler.TypeScriptTestSupportKt.errorsMatchBaseline(TypeScriptTestSupport.kt:125)
  at com.xemantic.typescript.compiler.TypeScriptCompilerTests_E.exportSpecifierReferencingOuterDeclaration3_ts has expected errors matching exportSpecifierReferencingOuterDeclaration3_errors_txt(TypeScriptCompilerTests_E.kt:5887)
  at java.base/jdk.internal.reflect.DirectMethodHandleAccessor.invoke(DirectMethodHandleAccessor.java:104)
  at java.base/java.lang.reflect.Method.invoke(Method.java:565)
  at org.junit.runners.model.FrameworkMethod$1.runReflectiveCall(FrameworkMethod.java:59)
  at org.junit.internal.runners.model.ReflectiveCallable.run(ReflectiveCallable.java:12)
  at org.junit.runners.model.FrameworkMethod.invokeExplosively(FrameworkMethod.java:56)
  at org.junit.internal.runners.statements.InvokeMethod.evaluate(InvokeMethod.java:17)
  at org.junit.runners.ParentRunner$3.evaluate(ParentRunner.java:306)
  at org.junit.runners.BlockJUnit4ClassRunner$1.evaluate(BlockJUnit4ClassRunner.java:100)
  at org.junit.runners.ParentRunner.runLeaf(ParentRunner.java:366)
  at org.junit.runners.BlockJUnit4ClassRunner.runChild(BlockJUnit4ClassRunner.java:103)
  at org.junit.runners.BlockJUnit4ClassRunner.runChild(BlockJUnit4ClassRunner.java:63)
  at org.junit.runners.ParentRunner$4.run(ParentRunner.java:331)
  at org.junit.runners.ParentRunner$1.schedule(ParentRunner.java:79)
  at org.junit.runners.ParentRunner.runChildren(ParentRunner.java:329)
  at org.junit.runners.ParentRunner.access$100(ParentRunner.java:66)
  at org.junit.runners.ParentRunner$2.evaluate(ParentRunner.java:293)
  at org.junit.runners.ParentRunner$3.evaluate(ParentRunner.java:306)
  at org.junit.runners.ParentRunner.run(ParentRunner.java:413)
  at org.junit.runner.JUnitCore.run(JUnitCore.java:137)
  at org.junit.runner.JUnitCore.run(JUnitCore.java:115)
  at org.gradle.api.internal.tasks.testing.junit.JUnitTestExecutor.runRequest(JUnitTestExecutor.java:175)
  at org.gradle.api.internal.tasks.testing.junit.JUnitTestExecutor.accept(JUnitTestExecutor.java:84)
  at org.gradle.api.internal.tasks.testing.junit.JUnitTestExecutor.accept(JUnitTestExecutor.java:47)
  at org.gradle.api.internal.tasks.testing.junit.AbstractJUnitTestDefinitionProcessor.processTestDefinition(AbstractJUnitTestDefinitionProcessor.java:65)
  at org.gradle.api.internal.tasks.testing.SuiteTestDefinitionProcessor.processTestDefinition(SuiteTestDefinitionProcessor.java:54)
  at java.base/jdk.internal.reflect.DirectMethodHandleAccessor.invoke(DirectMethodHandleAccessor.java:104)
  at java.base/java.lang.reflect.Method.invoke(Method.java:565)
  at org.gradle.internal.dispatch.MethodInvocation.invokeOn(MethodInvocation.java:77)
  at org.gradle.internal.dispatch.ReflectionDispatch.dispatch(ReflectionDispatch.java:28)
  at org.gradle.internal.dispatch.ReflectionDispatch.dispatch(ReflectionDispatch.java:19)
  at org.gradle.internal.dispatch.ContextClassLoaderDispatch.dispatch(ContextClassLoaderDispatch.java:33)
  at org.gradle.internal.dispatch.ProxyDispatchAdapter$DispatchingInvocationHandler.invoke(ProxyDispatchAdapter.java:88)
  at jdk.proxy1/jdk.proxy1.$Proxy4.processTestDefinition(Unknown Source)
  at org.gradle.api.internal.tasks.testing.worker.TestWorker$2.run(TestWorker.java:178)
  at org.gradle.api.internal.tasks.testing.worker.TestWorker.executeAndMaintainThreadName(TestWorker.java:126)
  at org.gradle.api.internal.tasks.testing.worker.TestWorker.execute(TestWorker.java:103)
  at org.gradle.api.internal.tasks.testing.worker.TestWorker.execute(TestWorker.java:63)
  at org.gradle.process.internal.worker.child.ActionExecutionWorker.execute(ActionExecutionWorker.java:56)
  at org.gradle.process.internal.worker.child.SystemApplicationClassLoaderWorker.call(SystemApplicationClassLoaderWorker.java:122)
  at org.gradle.process.internal.worker.child.SystemApplicationClassLoaderWorker.call(SystemApplicationClassLoaderWorker.java:72)
  at worker.org.gradle.process.internal.worker.GradleWorkerMain.run(GradleWorkerMain.java:69)
  at worker.org.gradle.process.internal.worker.GradleWorkerMain.main(GradleWorkerMain.java:74)
</stacktrace>
</test-failure>


TypeScriptCompilerTests_E[jvm] > exportSpecifierReferencingOuterDeclaration3_ts has expected errors matching exportSpecifierReferencingOuterDeclaration3_errors_txt[jvm] FAILED

<test-failure test="com.xemantic.typescript.compiler.TypeScriptCompilerTests_E.es6ClassTest9_ts has expected errors matching es6ClassTest9_errors_txt" platform="jvm">
<message>
--- expected
+++ actual
@@ -1,11 +1,15 @@
 es6ClassTest9.ts(1,18): error TS1005: '{' expected.
-es6ClassTest9.ts(1,19): error TS1109: Expression expected.
+es6ClassTest9.ts(2,16): error TS1183: An implementation cannot be declared in ambient contexts.
+es6ClassTest9.ts(3,1): error TS1005: '}' expected.
 
 
-==== es6ClassTest9.ts (2 errors) ====
+==== es6ClassTest9.ts (3 errors) ====
     declare class foo();
                      ~
 !!! error TS1005: '{' expected.
-                      ~
-!!! error TS1109: Expression expected.
     function foo() {}
+                   ~
+!!! error TS1183: An implementation cannot be declared in ambient contexts.
+    
+    
+!!! error TS1005: '}' expected.

</message>
<stacktrace>
  at org.junit.Assert.fail(Assert.java:89)
  at kotlin.test.junit.JUnitAsserter.fail(JUnitSupport.kt:56)
  at kotlin.test.AssertionsKt__AssertionsKt.fail(Assertions.kt:563)
  at kotlin.test.AssertionsKt.fail(Unknown Source)
  at com.xemantic.kotlin.test.SameAsKt.sameAs(SameAs.kt:52)
  at com.xemantic.typescript.compiler.TypeScriptTestSupportKt.errorsMatchBaseline(TypeScriptTestSupport.kt:135)
  at com.xemantic.typescript.compiler.TypeScriptCompilerTests_E.es6ClassTest9_ts has expected errors matching es6ClassTest9_errors_txt(TypeScriptCompilerTests_E.kt:2842)
  at java.base/jdk.internal.reflect.DirectMethodHandleAccessor.invoke(DirectMethodHandleAccessor.java:104)
  at java.base/java.lang.reflect.Method.invoke(Method.java:565)
  at org.junit.runners.model.FrameworkMethod$1.runReflectiveCall(FrameworkMethod.java:59)
  at org.junit.internal.runners.model.ReflectiveCallable.run(ReflectiveCallable.java:12)
  at org.junit.runners.model.FrameworkMethod.invokeExplosively(FrameworkMethod.java:56)
  at org.junit.internal.runners.statements.InvokeMethod.evaluate(InvokeMethod.java:17)
  at org.junit.runners.ParentRunner$3.evaluate(ParentRunner.java:306)
  at org.junit.runners.BlockJUnit4ClassRunner$1.evaluate(BlockJUnit4ClassRunner.java:100)
  at org.junit.runners.ParentRunner.runLeaf(ParentRunner.java:366)
  at org.junit.runners.BlockJUnit4ClassRunner.runChild(BlockJUnit4ClassRunner.java:103)
  at org.junit.runners.BlockJUnit4ClassRunner.runChild(BlockJUnit4ClassRunner.java:63)
  at org.junit.runners.ParentRunner$4.run(ParentRunner.java:331)
  at org.junit.runners.ParentRunner$1.schedule(ParentRunner.java:79)
  at org.junit.runners.ParentRunner.runChildren(ParentRunner.java:329)
  at org.junit.runners.ParentRunner.access$100(ParentRunner.java:66)
  at org.junit.runners.ParentRunner$2.evaluate(ParentRunner.java:293)
  at org.junit.runners.ParentRunner$3.evaluate(ParentRunner.java:306)
  at org.junit.runners.ParentRunner.run(ParentRunner.java:413)
  at org.junit.runner.JUnitCore.run(JUnitCore.java:137)
  at org.junit.runner.JUnitCore.run(JUnitCore.java:115)
  at org.gradle.api.internal.tasks.testing.junit.JUnitTestExecutor.runRequest(JUnitTestExecutor.java:175)
  at org.gradle.api.internal.tasks.testing.junit.JUnitTestExecutor.accept(JUnitTestExecutor.java:84)
  at org.gradle.api.internal.tasks.testing.junit.JUnitTestExecutor.accept(JUnitTestExecutor.java:47)
  at org.gradle.api.internal.tasks.testing.junit.AbstractJUnitTestDefinitionProcessor.processTestDefinition(AbstractJUnitTestDefinitionProcessor.java:65)
  at org.gradle.api.internal.tasks.testing.SuiteTestDefinitionProcessor.processTestDefinition(SuiteTestDefinitionProcessor.java:54)
  at java.base/jdk.internal.reflect.DirectMethodHandleAccessor.invoke(DirectMethodHandleAccessor.java:104)
  at java.base/java.lang.reflect.Method.invoke(Method.java:565)
  at org.gradle.internal.dispatch.MethodInvocation.invokeOn(MethodInvocation.java:77)
  at org.gradle.internal.dispatch.ReflectionDispatch.dispatch(ReflectionDispatch.java:28)
  at org.gradle.internal.dispatch.ReflectionDispatch.dispatch(ReflectionDispatch.java:19)
  at org.gradle.internal.dispatch.ContextClassLoaderDispatch.dispatch(ContextClassLoaderDispatch.java:33)
  at org.gradle.internal.dispatch.ProxyDispatchAdapter$DispatchingInvocationHandler.invoke(ProxyDispatchAdapter.java:88)
  at jdk.proxy1/jdk.proxy1.$Proxy4.processTestDefinition(Unknown Source)
  at org.gradle.api.internal.tasks.testing.worker.TestWorker$2.run(TestWorker.java:178)
  at org.gradle.api.internal.tasks.testing.worker.TestWorker.executeAndMaintainThreadName(TestWorker.java:126)
  at org.gradle.api.internal.tasks.testing.worker.TestWorker.execute(TestWorker.java:103)
  at org.gradle.api.internal.tasks.testing.worker.TestWorker.execute(TestWorker.java:63)
  at org.gradle.process.internal.worker.child.ActionExecutionWorker.execute(ActionExecutionWorker.java:56)
  at org.gradle.process.internal.worker.child.SystemApplicationClassLoaderWorker.call(SystemApplicationClassLoaderWorker.java:122)
  at org.gradle.process.internal.worker.child.SystemApplicationClassLoaderWorker.call(SystemApplicationClassLoaderWorker.java:72)
  at worker.org.gradle.process.internal.worker.GradleWorkerMain.run(GradleWorkerMain.java:69)
  at worker.org.gradle.process.internal.worker.GradleWorkerMain.main(GradleWorkerMain.java:74)
</stacktrace>
</test-failure>


TypeScriptCompilerTests_E[jvm] > es6ClassTest9_ts has expected errors matching es6ClassTest9_errors_txt[jvm] FAILED

<test-failure test="com.xemantic.typescript.compiler.TypeScriptCompilerTests_E.exportAsNamespace_augment_ts has expected errors matching exportAsNamespace_augment_errors_txt" platform="jvm">
<message>
Expected diagnostics from baseline typescript-repo/tests/baselines/reference/exportAsNamespace_augment.errors.txt but none produced
</message>
<stacktrace>
  at com.xemantic.typescript.compiler.TypeScriptTestSupportKt.errorsMatchBaseline(TypeScriptTestSupport.kt:125)
  at com.xemantic.typescript.compiler.TypeScriptCompilerTests_E.exportAsNamespace_augment_ts has expected errors matching exportAsNamespace_augment_errors_txt(TypeScriptCompilerTests_E.kt:4592)
  at java.base/jdk.internal.reflect.DirectMethodHandleAccessor.invoke(DirectMethodHandleAccessor.java:104)
  at java.base/java.lang.reflect.Method.invoke(Method.java:565)
  at org.junit.runners.model.FrameworkMethod$1.runReflectiveCall(FrameworkMethod.java:59)
  at org.junit.internal.runners.model.ReflectiveCallable.run(ReflectiveCallable.java:12)
  at org.junit.runners.model.FrameworkMethod.invokeExplosively(FrameworkMethod.java:56)
  at org.junit.internal.runners.statements.InvokeMethod.evaluate(InvokeMethod.java:17)
  at org.junit.runners.ParentRunner$3.evaluate(ParentRunner.java:306)
  at org.junit.runners.BlockJUnit4ClassRunner$1.evaluate(BlockJUnit4ClassRunner.java:100)
  at org.junit.runners.ParentRunner.runLeaf(ParentRunner.java:366)
  at org.junit.runners.BlockJUnit4ClassRunner.runChild(BlockJUnit4ClassRunner.java:103)
  at org.junit.runners.BlockJUnit4ClassRunner.runChild(BlockJUnit4ClassRunner.java:63)
  at org.junit.runners.ParentRunner$4.run(ParentRunner.java:331)
  at org.junit.runners.ParentRunner$1.schedule(ParentRunner.java:79)
  at org.junit.runners.ParentRunner.runChildren(ParentRunner.java:329)
  at org.junit.runners.ParentRunner.access$100(ParentRunner.java:66)
  at org.junit.runners.ParentRunner$2.evaluate(ParentRunner.java:293)
  at org.junit.runners.ParentRunner$3.evaluate(ParentRunner.java:306)
  at org.junit.runners.ParentRunner.run(ParentRunner.java:413)
  at org.junit.runner.JUnitCore.run(JUnitCore.java:137)
  at org.junit.runner.JUnitCore.run(JUnitCore.java:115)
  at org.gradle.api.internal.tasks.testing.junit.JUnitTestExecutor.runRequest(JUnitTestExecutor.java:175)
  at org.gradle.api.internal.tasks.testing.junit.JUnitTestExecutor.accept(JUnitTestExecutor.java:84)
  at org.gradle.api.internal.tasks.testing.junit.JUnitTestExecutor.accept(JUnitTestExecutor.java:47)
  at org.gradle.api.internal.tasks.testing.junit.AbstractJUnitTestDefinitionProcessor.processTestDefinition(AbstractJUnitTestDefinitionProcessor.java:65)
  at org.gradle.api.internal.tasks.testing.SuiteTestDefinitionProcessor.processTestDefinition(SuiteTestDefinitionProcessor.java:54)
  at java.base/jdk.internal.reflect.DirectMethodHandleAccessor.invoke(DirectMethodHandleAccessor.java:104)
  at java.base/java.lang.reflect.Method.invoke(Method.java:565)
  at org.gradle.internal.dispatch.MethodInvocation.invokeOn(MethodInvocation.java:77)
  at org.gradle.internal.dispatch.ReflectionDispatch.dispatch(ReflectionDispatch.java:28)
  at org.gradle.internal.dispatch.ReflectionDispatch.dispatch(ReflectionDispatch.java:19)
  at org.gradle.internal.dispatch.ContextClassLoaderDispatch.dispatch(ContextClassLoaderDispatch.java:33)
  at org.gradle.internal.dispatch.ProxyDispatchAdapter$DispatchingInvocationHandler.invoke(ProxyDispatchAdapter.java:88)
  at jdk.proxy1/jdk.proxy1.$Proxy4.processTestDefinition(Unknown Source)
  at org.gradle.api.internal.tasks.testing.worker.TestWorker$2.run(TestWorker.java:178)
  at org.gradle.api.internal.tasks.testing.worker.TestWorker.executeAndMaintainThreadName(TestWorker.java:126)
  at org.gradle.api.internal.tasks.testing.worker.TestWorker.execute(TestWorker.java:103)
  at org.gradle.api.internal.tasks.testing.worker.TestWorker.execute(TestWorker.java:63)
  at org.gradle.process.internal.worker.child.ActionExecutionWorker.execute(ActionExecutionWorker.java:56)
  at org.gradle.process.internal.worker.child.SystemApplicationClassLoaderWorker.call(SystemApplicationClassLoaderWorker.java:122)
  at org.gradle.process.internal.worker.child.SystemApplicationClassLoaderWorker.call(SystemApplicationClassLoaderWorker.java:72)
  at worker.org.gradle.process.internal.worker.GradleWorkerMain.run(GradleWorkerMain.java:69)
  at worker.org.gradle.process.internal.worker.GradleWorkerMain.main(GradleWorkerMain.java:74)
</stacktrace>
</test-failure>


TypeScriptCompilerTests_E[jvm] > exportAsNamespace_augment_ts has expected errors matching exportAsNamespace_augment_errors_txt[jvm] FAILED

<test-failure test="com.xemantic.typescript.compiler.TypeScriptCompilerTests_E.errorRecoveryWithDotFollowedByNamespaceKeyword_ts compiles to JavaScript matching errorRecoveryWithDotFollowedByNamespaceKeyword_js" platform="jvm">
<message>
--- expected
+++ actual
@@ -18,12 +18,11 @@
     function foo() {
         if (true) {
             B.
-            ;
-            let B;
-            (function (B) {
-                function baz() { }
-                B.baz = baz;
-            })(B || (B = {}));
+                namespace;
+            B;
+            {
+                export function baz() { }
+            }
         }
     }
 })(A || (A = {}));

</message>
<stacktrace>
  at org.junit.Assert.fail(Assert.java:89)
  at kotlin.test.junit.JUnitAsserter.fail(JUnitSupport.kt:56)
  at kotlin.test.AssertionsKt__AssertionsKt.fail(Assertions.kt:563)
  at kotlin.test.AssertionsKt.fail(Unknown Source)
  at com.xemantic.kotlin.test.SameAsKt.sameAs(SameAs.kt:52)
  at com.xemantic.typescript.compiler.TypeScriptTestSupportKt.sameAs(TypeScriptTestSupport.kt:99)
  at com.xemantic.typescript.compiler.TypeScriptCompilerTests_E.errorRecoveryWithDotFollowedByNamespaceKeyword_ts compiles to JavaScript matching errorRecoveryWithDotFollowedByNamespaceKeyword_js(TypeScriptCompilerTests_E.kt:1638)
  at java.base/jdk.internal.reflect.DirectMethodHandleAccessor.invoke(DirectMethodHandleAccessor.java:104)
  at java.base/java.lang.reflect.Method.invoke(Method.java:565)
  at org.junit.runners.model.FrameworkMethod$1.runReflectiveCall(FrameworkMethod.java:59)
  at org.junit.internal.runners.model.ReflectiveCallable.run(ReflectiveCallable.java:12)
  at org.junit.runners.model.FrameworkMethod.invokeExplosively(FrameworkMethod.java:56)
  at org.junit.internal.runners.statements.InvokeMethod.evaluate(InvokeMethod.java:17)
  at org.junit.runners.ParentRunner$3.evaluate(ParentRunner.java:306)
  at org.junit.runners.BlockJUnit4ClassRunner$1.evaluate(BlockJUnit4ClassRunner.java:100)
  at org.junit.runners.ParentRunner.runLeaf(ParentRunner.java:366)
  at org.junit.runners.BlockJUnit4ClassRunner.runChild(BlockJUnit4ClassRunner.java:103)
  at org.junit.runners.BlockJUnit4ClassRunner.runChild(BlockJUnit4ClassRunner.java:63)
  at org.junit.runners.ParentRunner$4.run(ParentRunner.java:331)
  at org.junit.runners.ParentRunner$1.schedule(ParentRunner.java:79)
  at org.junit.runners.ParentRunner.runChildren(ParentRunner.java:329)
  at org.junit.runners.ParentRunner.access$100(ParentRunner.java:66)
  at org.junit.runners.ParentRunner$2.evaluate(ParentRunner.java:293)
  at org.junit.runners.ParentRunner$3.evaluate(ParentRunner.java:306)
  at org.junit.runners.ParentRunner.run(ParentRunner.java:413)
  at org.junit.runner.JUnitCore.run(JUnitCore.java:137)
  at org.junit.runner.JUnitCore.run(JUnitCore.java:115)
  at org.gradle.api.internal.tasks.testing.junit.JUnitTestExecutor.runRequest(JUnitTestExecutor.java:175)
  at org.gradle.api.internal.tasks.testing.junit.JUnitTestExecutor.accept(JUnitTestExecutor.java:84)
  at org.gradle.api.internal.tasks.testing.junit.JUnitTestExecutor.accept(JUnitTestExecutor.java:47)
  at org.gradle.api.internal.tasks.testing.junit.AbstractJUnitTestDefinitionProcessor.processTestDefinition(AbstractJUnitTestDefinitionProcessor.java:65)
  at org.gradle.api.internal.tasks.testing.SuiteTestDefinitionProcessor.processTestDefinition(SuiteTestDefinitionProcessor.java:54)
  at java.base/jdk.internal.reflect.DirectMethodHandleAccessor.invoke(DirectMethodHandleAccessor.java:104)
  at java.base/java.lang.reflect.Method.invoke(Method.java:565)
  at org.gradle.internal.dispatch.MethodInvocation.invokeOn(MethodInvocation.java:77)
  at org.gradle.internal.dispatch.ReflectionDispatch.dispatch(ReflectionDispatch.java:28)
  at org.gradle.internal.dispatch.ReflectionDispatch.dispatch(ReflectionDispatch.java:19)
  at org.gradle.internal.dispatch.ContextClassLoaderDispatch.dispatch(ContextClassLoaderDispatch.java:33)
  at org.gradle.internal.dispatch.ProxyDispatchAdapter$DispatchingInvocationHandler.invoke(ProxyDispatchAdapter.java:88)
  at jdk.proxy1/jdk.proxy1.$Proxy4.processTestDefinition(Unknown Source)
  at org.gradle.api.internal.tasks.testing.worker.TestWorker$2.run(TestWorker.java:178)
  at org.gradle.api.internal.tasks.testing.worker.TestWorker.executeAndMaintainThreadName(TestWorker.java:126)
  at org.gradle.api.internal.tasks.testing.worker.TestWorker.execute(TestWorker.java:103)
  at org.gradle.api.internal.tasks.testing.worker.TestWorker.execute(TestWorker.java:63)
  at org.gradle.process.internal.worker.child.ActionExecutionWorker.execute(ActionExecutionWorker.java:56)
  at org.gradle.process.internal.worker.child.SystemApplicationClassLoaderWorker.call(SystemApplicationClassLoaderWorker.java:122)
  at org.gradle.process.internal.worker.child.SystemApplicationClassLoaderWorker.call(SystemApplicationClassLoaderWorker.java:72)
  at worker.org.gradle.process.internal.worker.GradleWorkerMain.run(GradleWorkerMain.java:69)
  at worker.org.gradle.process.internal.worker.GradleWorkerMain.main(GradleWorkerMain.java:74)
</stacktrace>
</test-failure>


TypeScriptCompilerTests_E[jvm] > errorRecoveryWithDotFollowedByNamespaceKeyword_ts compiles to JavaScript matching errorRecoveryWithDotFollowedByNamespaceKeyword_js[jvm] FAILED

<test-failure test="com.xemantic.typescript.compiler.TypeScriptCompilerTests_E.enumWithComputedMember_ts has expected errors matching enumWithComputedMember_errors_txt" platform="jvm">
<message>
Expected diagnostics from baseline typescript-repo/tests/baselines/reference/enumWithComputedMember.errors.txt but none produced
</message>
<stacktrace>
  at com.xemantic.typescript.compiler.TypeScriptTestSupportKt.errorsMatchBaseline(TypeScriptTestSupport.kt:125)
  at com.xemantic.typescript.compiler.TypeScriptCompilerTests_E.enumWithComputedMember_ts has expected errors matching enumWithComputedMember_errors_txt(TypeScriptCompilerTests_E.kt:1085)
  at java.base/jdk.internal.reflect.DirectMethodHandleAccessor.invoke(DirectMethodHandleAccessor.java:104)
  at java.base/java.lang.reflect.Method.invoke(Method.java:565)
  at org.junit.runners.model.FrameworkMethod$1.runReflectiveCall(FrameworkMethod.java:59)
  at org.junit.internal.runners.model.ReflectiveCallable.run(ReflectiveCallable.java:12)
  at org.junit.runners.model.FrameworkMethod.invokeExplosively(FrameworkMethod.java:56)
  at org.junit.internal.runners.statements.InvokeMethod.evaluate(InvokeMethod.java:17)
  at org.junit.runners.ParentRunner$3.evaluate(ParentRunner.java:306)
  at org.junit.runners.BlockJUnit4ClassRunner$1.evaluate(BlockJUnit4ClassRunner.java:100)
  at org.junit.runners.ParentRunner.runLeaf(ParentRunner.java:366)
  at org.junit.runners.BlockJUnit4ClassRunner.runChild(BlockJUnit4ClassRunner.java:103)
  at org.junit.runners.BlockJUnit4ClassRunner.runChild(BlockJUnit4ClassRunner.java:63)
  at org.junit.runners.ParentRunner$4.run(ParentRunner.java:331)
  at org.junit.runners.ParentRunner$1.schedule(ParentRunner.java:79)
  at org.junit.runners.ParentRunner.runChildren(ParentRunner.java:329)
  at org.junit.runners.ParentRunner.access$100(ParentRunner.java:66)
  at org.junit.runners.ParentRunner$2.evaluate(ParentRunner.java:293)
  at org.junit.runners.ParentRunner$3.evaluate(ParentRunner.java:306)
  at org.junit.runners.ParentRunner.run(ParentRunner.java:413)
  at org.junit.runner.JUnitCore.run(JUnitCore.java:137)
  at org.junit.runner.JUnitCore.run(JUnitCore.java:115)
  at org.gradle.api.internal.tasks.testing.junit.JUnitTestExecutor.runRequest(JUnitTestExecutor.java:175)
  at org.gradle.api.internal.tasks.testing.junit.JUnitTestExecutor.accept(JUnitTestExecutor.java:84)
  at org.gradle.api.internal.tasks.testing.junit.JUnitTestExecutor.accept(JUnitTestExecutor.java:47)
  at org.gradle.api.internal.tasks.testing.junit.AbstractJUnitTestDefinitionProcessor.processTestDefinition(AbstractJUnitTestDefinitionProcessor.java:65)
  at org.gradle.api.internal.tasks.testing.SuiteTestDefinitionProcessor.processTestDefinition(SuiteTestDefinitionProcessor.java:54)
  at java.base/jdk.internal.reflect.DirectMethodHandleAccessor.invoke(DirectMethodHandleAccessor.java:104)
  at java.base/java.lang.reflect.Method.invoke(Method.java:565)
  at org.gradle.internal.dispatch.MethodInvocation.invokeOn(MethodInvocation.java:77)
  at org.gradle.internal.dispatch.ReflectionDispatch.dispatch(ReflectionDispatch.java:28)
  at org.gradle.internal.dispatch.ReflectionDispatch.dispatch(ReflectionDispatch.java:19)
  at org.gradle.internal.dispatch.ContextClassLoaderDispatch.dispatch(ContextClassLoaderDispatch.java:33)
  at org.gradle.internal.dispatch.ProxyDispatchAdapter$DispatchingInvocationHandler.invoke(ProxyDispatchAdapter.java:88)
  at jdk.proxy1/jdk.proxy1.$Proxy4.processTestDefinition(Unknown Source)
  at org.gradle.api.internal.tasks.testing.worker.TestWorker$2.run(TestWorker.java:178)
  at org.gradle.api.internal.tasks.testing.worker.TestWorker.executeAndMaintainThreadName(TestWorker.java:126)
  at org.gradle.api.internal.tasks.testing.worker.TestWorker.execute(TestWorker.java:103)
  at org.gradle.api.internal.tasks.testing.worker.TestWorker.execute(TestWorker.java:63)
  at org.gradle.process.internal.worker.child.ActionExecutionWorker.execute(ActionExecutionWorker.java:56)
  at org.gradle.process.internal.worker.child.SystemApplicationClassLoaderWorker.call(SystemApplicationClassLoaderWorker.java:122)
  at org.gradle.process.internal.worker.child.SystemApplicationClassLoaderWorker.call(SystemApplicationClassLoaderWorker.java:72)
  at worker.org.gradle.process.internal.worker.GradleWorkerMain.run(GradleWorkerMain.java:69)
  at worker.org.gradle.process.internal.worker.GradleWorkerMain.main(GradleWorkerMain.java:74)
</stacktrace>
</test-failure>


TypeScriptCompilerTests_E[jvm] > enumWithComputedMember_ts has expected errors matching enumWithComputedMember_errors_txt[jvm] FAILED

<test-failure test="com.xemantic.typescript.compiler.TypeScriptCompilerTests_E.exportDefaultClassInNamespace_ts has expected errors matching exportDefaultClassInNamespace_errors_txt" platform="jvm">
<message>
Expected diagnostics from baseline typescript-repo/tests/baselines/reference/exportDefaultClassInNamespace.errors.txt but none produced
</message>
<stacktrace>
  at com.xemantic.typescript.compiler.TypeScriptTestSupportKt.errorsMatchBaseline(TypeScriptTestSupport.kt:125)
  at com.xemantic.typescript.compiler.TypeScriptCompilerTests_E.exportDefaultClassInNamespace_ts has expected errors matching exportDefaultClassInNamespace_errors_txt(TypeScriptCompilerTests_E.kt:5061)
  at java.base/jdk.internal.reflect.DirectMethodHandleAccessor.invoke(DirectMethodHandleAccessor.java:104)
  at java.base/java.lang.reflect.Method.invoke(Method.java:565)
  at org.junit.runners.model.FrameworkMethod$1.runReflectiveCall(FrameworkMethod.java:59)
  at org.junit.internal.runners.model.ReflectiveCallable.run(ReflectiveCallable.java:12)
  at org.junit.runners.model.FrameworkMethod.invokeExplosively(FrameworkMethod.java:56)
  at org.junit.internal.runners.statements.InvokeMethod.evaluate(InvokeMethod.java:17)
  at org.junit.runners.ParentRunner$3.evaluate(ParentRunner.java:306)
  at org.junit.runners.BlockJUnit4ClassRunner$1.evaluate(BlockJUnit4ClassRunner.java:100)
  at org.junit.runners.ParentRunner.runLeaf(ParentRunner.java:366)
  at org.junit.runners.BlockJUnit4ClassRunner.runChild(BlockJUnit4ClassRunner.java:103)
  at org.junit.runners.BlockJUnit4ClassRunner.runChild(BlockJUnit4ClassRunner.java:63)
  at org.junit.runners.ParentRunner$4.run(ParentRunner.java:331)
  at org.junit.runners.ParentRunner$1.schedule(ParentRunner.java:79)
  at org.junit.runners.ParentRunner.runChildren(ParentRunner.java:329)
  at org.junit.runners.ParentRunner.access$100(ParentRunner.java:66)
  at org.junit.runners.ParentRunner$2.evaluate(ParentRunner.java:293)
  at org.junit.runners.ParentRunner$3.evaluate(ParentRunner.java:306)
  at org.junit.runners.ParentRunner.run(ParentRunner.java:413)
  at org.junit.runner.JUnitCore.run(JUnitCore.java:137)
  at org.junit.runner.JUnitCore.run(JUnitCore.java:115)
  at org.gradle.api.internal.tasks.testing.junit.JUnitTestExecutor.runRequest(JUnitTestExecutor.java:175)
  at org.gradle.api.internal.tasks.testing.junit.JUnitTestExecutor.accept(JUnitTestExecutor.java:84)
  at org.gradle.api.internal.tasks.testing.junit.JUnitTestExecutor.accept(JUnitTestExecutor.java:47)
  at org.gradle.api.internal.tasks.testing.junit.AbstractJUnitTestDefinitionProcessor.processTestDefinition(AbstractJUnitTestDefinitionProcessor.java:65)
  at org.gradle.api.internal.tasks.testing.SuiteTestDefinitionProcessor.processTestDefinition(SuiteTestDefinitionProcessor.java:54)
  at java.base/jdk.internal.reflect.DirectMethodHandleAccessor.invoke(DirectMethodHandleAccessor.java:104)
  at java.base/java.lang.reflect.Method.invoke(Method.java:565)
  at org.gradle.internal.dispatch.MethodInvocation.invokeOn(MethodInvocation.java:77)
  at org.gradle.internal.dispatch.ReflectionDispatch.dispatch(ReflectionDispatch.java:28)
  at org.gradle.internal.dispatch.ReflectionDispatch.dispatch(ReflectionDispatch.java:19)
  at org.gradle.internal.dispatch.ContextClassLoaderDispatch.dispatch(ContextClassLoaderDispatch.java:33)
  at org.gradle.internal.dispatch.ProxyDispatchAdapter$DispatchingInvocationHandler.invoke(ProxyDispatchAdapter.java:88)
  at jdk.proxy1/jdk.proxy1.$Proxy4.processTestDefinition(Unknown Source)
  at org.gradle.api.internal.tasks.testing.worker.TestWorker$2.run(TestWorker.java:178)
  at org.gradle.api.internal.tasks.testing.worker.TestWorker.executeAndMaintainThreadName(TestWorker.java:126)
  at org.gradle.api.internal.tasks.testing.worker.TestWorker.execute(TestWorker.java:103)
  at org.gradle.api.internal.tasks.testing.worker.TestWorker.execute(TestWorker.java:63)
  at org.gradle.process.internal.worker.child.ActionExecutionWorker.execute(ActionExecutionWorker.java:56)
  at org.gradle.process.internal.worker.child.SystemApplicationClassLoaderWorker.call(SystemApplicationClassLoaderWorker.java:122)
  at org.gradle.process.internal.worker.child.SystemApplicationClassLoaderWorker.call(SystemApplicationClassLoaderWorker.java:72)
  at worker.org.gradle.process.internal.worker.GradleWorkerMain.run(GradleWorkerMain.java:69)
  at worker.org.gradle.process.internal.worker.GradleWorkerMain.main(GradleWorkerMain.java:74)
</stacktrace>
</test-failure>


TypeScriptCompilerTests_E[jvm] > exportDefaultClassInNamespace_ts has expected errors matching exportDefaultClassInNamespace_errors_txt[jvm] FAILED

<test-failure test="com.xemantic.typescript.compiler.TypeScriptCompilerTests_E.exportInterfaceClassAndValue_ts has expected errors matching exportInterfaceClassAndValue_errors_txt" platform="jvm">
<message>
--- expected
+++ actual
@@ -1,12 +1,12 @@
-exportInterfaceClassAndValue.ts(1,14): error TS2451: Cannot redeclare block-scoped variable 'foo'.
-exportInterfaceClassAndValue.ts(2,22): error TS2451: Cannot redeclare block-scoped variable 'foo'.
+exportInterfaceClassAndValue.ts(1,14): error TS2300: Duplicate identifier 'foo'.
+exportInterfaceClassAndValue.ts(2,22): error TS2300: Duplicate identifier 'foo'.
 
 
 ==== exportInterfaceClassAndValue.ts (2 errors) ====
     export const foo = 1
                  ~~~
-!!! error TS2451: Cannot redeclare block-scoped variable 'foo'.
+!!! error TS2300: Duplicate identifier 'foo'.
     export declare class foo {}
                          ~~~
-!!! error TS2451: Cannot redeclare block-scoped variable 'foo'.
+!!! error TS2300: Duplicate identifier 'foo'.
     export interface foo {}

</message>
<stacktrace>
  at org.junit.Assert.fail(Assert.java:89)
  at kotlin.test.junit.JUnitAsserter.fail(JUnitSupport.kt:56)
  at kotlin.test.AssertionsKt__AssertionsKt.fail(Assertions.kt:563)
  at kotlin.test.AssertionsKt.fail(Unknown Source)
  at com.xemantic.kotlin.test.SameAsKt.sameAs(SameAs.kt:52)
  at com.xemantic.typescript.compiler.TypeScriptTestSupportKt.errorsMatchBaseline(TypeScriptTestSupport.kt:135)
  at com.xemantic.typescript.compiler.TypeScriptCompilerTests_E.exportInterfaceClassAndValue_ts has expected errors matching exportInterfaceClassAndValue_errors_txt(TypeScriptCompilerTests_E.kt:5684)
  at java.base/jdk.internal.reflect.DirectMethodHandleAccessor.invoke(DirectMethodHandleAccessor.java:104)
  at java.base/java.lang.reflect.Method.invoke(Method.java:565)
  at org.junit.runners.model.FrameworkMethod$1.runReflectiveCall(FrameworkMethod.java:59)
  at org.junit.internal.runners.model.ReflectiveCallable.run(ReflectiveCallable.java:12)
  at org.junit.runners.model.FrameworkMethod.invokeExplosively(FrameworkMethod.java:56)
  at org.junit.internal.runners.statements.InvokeMethod.evaluate(InvokeMethod.java:17)
  at org.junit.runners.ParentRunner$3.evaluate(ParentRunner.java:306)
  at org.junit.runners.BlockJUnit4ClassRunner$1.evaluate(BlockJUnit4ClassRunner.java:100)
  at org.junit.runners.ParentRunner.runLeaf(ParentRunner.java:366)
  at org.junit.runners.BlockJUnit4ClassRunner.runChild(BlockJUnit4ClassRunner.java:103)
  at org.junit.runners.BlockJUnit4ClassRunner.runChild(BlockJUnit4ClassRunner.java:63)
  at org.junit.runners.ParentRunner$4.run(ParentRunner.java:331)
  at org.junit.runners.ParentRunner$1.schedule(ParentRunner.java:79)
  at org.junit.runners.ParentRunner.runChildren(ParentRunner.java:329)
  at org.junit.runners.ParentRunner.access$100(ParentRunner.java:66)
  at org.junit.runners.ParentRunner$2.evaluate(ParentRunner.java:293)
  at org.junit.runners.ParentRunner$3.evaluate(ParentRunner.java:306)
  at org.junit.runners.ParentRunner.run(ParentRunner.java:413)
  at org.junit.runner.JUnitCore.run(JUnitCore.java:137)
  at org.junit.runner.JUnitCore.run(JUnitCore.java:115)
  at org.gradle.api.internal.tasks.testing.junit.JUnitTestExecutor.runRequest(JUnitTestExecutor.java:175)
  at org.gradle.api.internal.tasks.testing.junit.JUnitTestExecutor.accept(JUnitTestExecutor.java:84)
  at org.gradle.api.internal.tasks.testing.junit.JUnitTestExecutor.accept(JUnitTestExecutor.java:47)
  at org.gradle.api.internal.tasks.testing.junit.AbstractJUnitTestDefinitionProcessor.processTestDefinition(AbstractJUnitTestDefinitionProcessor.java:65)
  at org.gradle.api.internal.tasks.testing.SuiteTestDefinitionProcessor.processTestDefinition(SuiteTestDefinitionProcessor.java:54)
  at java.base/jdk.internal.reflect.DirectMethodHandleAccessor.invoke(DirectMethodHandleAccessor.java:104)
  at java.base/java.lang.reflect.Method.invoke(Method.java:565)
  at org.gradle.internal.dispatch.MethodInvocation.invokeOn(MethodInvocation.java:77)
  at org.gradle.internal.dispatch.ReflectionDispatch.dispatch(ReflectionDispatch.java:28)
  at org.gradle.internal.dispatch.ReflectionDispatch.dispatch(ReflectionDispatch.java:19)
  at org.gradle.internal.dispatch.ContextClassLoaderDispatch.dispatch(ContextClassLoaderDispatch.java:33)
  at org.gradle.internal.dispatch.ProxyDispatchAdapter$DispatchingInvocationHandler.invoke(ProxyDispatchAdapter.java:88)
  at jdk.proxy1/jdk.proxy1.$Proxy4.processTestDefinition(Unknown Source)
  at org.gradle.api.internal.tasks.testing.worker.TestWorker$2.run(TestWorker.java:178)
  at org.gradle.api.internal.tasks.testing.worker.TestWorker.executeAndMaintainThreadName(TestWorker.java:126)
  at org.gradle.api.internal.tasks.testing.worker.TestWorker.execute(TestWorker.java:103)
  at org.gradle.api.internal.tasks.testing.worker.TestWorker.execute(TestWorker.java:63)
  at org.gradle.process.internal.worker.child.ActionExecutionWorker.execute(ActionExecutionWorker.java:56)
  at org.gradle.process.internal.worker.child.SystemApplicationClassLoaderWorker.call(SystemApplicationClassLoaderWorker.java:122)
  at org.gradle.process.internal.worker.child.SystemApplicationClassLoaderWorker.call(SystemApplicationClassLoaderWorker.java:72)
  at worker.org.gradle.process.internal.worker.GradleWorkerMain.run(GradleWorkerMain.java:69)
  at worker.org.gradle.process.internal.worker.GradleWorkerMain.main(GradleWorkerMain.java:74)
</stacktrace>
</test-failure>


TypeScriptCompilerTests_E[jvm] > exportInterfaceClassAndValue_ts has expected errors matching exportInterfaceClassAndValue_errors_txt[jvm] FAILED

<test-failure test="com.xemantic.typescript.compiler.TypeScriptCompilerTests_E.es6ImportNamedImportParsingError_ts has expected errors matching es6ImportNamedImportParsingError_errors_txt" platform="jvm">
<message>
--- expected
+++ actual
@@ -1,17 +1,9 @@
-es6ImportNamedImportParsingError_1.ts(1,10): error TS1003: Identifier expected.
-es6ImportNamedImportParsingError_1.ts(1,10): error TS1141: String literal expected.
-es6ImportNamedImportParsingError_1.ts(1,12): error TS1109: Expression expected.
-es6ImportNamedImportParsingError_1.ts(1,14): error TS1434: Unexpected keyword or identifier.
-es6ImportNamedImportParsingError_1.ts(1,14): error TS2304: Cannot find name 'from'.
-es6ImportNamedImportParsingError_1.ts(2,8): error TS1192: Module '"es6ImportNamedImportParsingError_0"' has no default export.
 es6ImportNamedImportParsingError_1.ts(2,24): error TS1005: '{' expected.
-es6ImportNamedImportParsingError_1.ts(3,1): error TS1128: Declaration or statement expected.
-es6ImportNamedImportParsingError_1.ts(3,8): error TS1128: Declaration or statement expected.
-es6ImportNamedImportParsingError_1.ts(3,16): error TS1434: Unexpected keyword or identifier.
-es6ImportNamedImportParsingError_1.ts(3,16): error TS2304: Cannot find name 'from'.
-es6ImportNamedImportParsingError_1.ts(4,13): error TS1005: 'from' expected.
-es6ImportNamedImportParsingError_1.ts(4,13): error TS1141: String literal expected.
-es6ImportNamedImportParsingError_1.ts(4,20): error TS1005: ';' expected.
+es6ImportNamedImportParsingError_1.ts(2,29): error TS1005: '}' expected.
+es6ImportNamedImportParsingError_1.ts(3,8): error TS1005: '{' expected.
+es6ImportNamedImportParsingError_1.ts(3,10): error TS1005: '}' expected.
+es6ImportNamedImportParsingError_1.ts(3,14): error TS1128: Declaration or statement expected.
+es6ImportNamedImportParsingError_1.ts(4,13): error TS1005: 'FromKeyword' expected.
 
 
 ==== es6ImportNamedImportParsingError_0.ts (0 errors) ====
@@ -19,36 +11,20 @@
     export var x = a;
     export var m = a;
     
-==== es6ImportNamedImportParsingError_1.ts (14 errors) ====
+==== es6ImportNamedImportParsingError_1.ts (6 errors) ====
     import { * } from "./es6ImportNamedImportParsingError_0";
-             ~
-!!! error TS1003: Identifier expected.
-             ~
-!!! error TS1141: String literal expected.
-               ~
-!!! error TS1109: Expression expected.
-                 ~~~~
-!!! error TS1434: Unexpected keyword or identifier.
-                 ~~~~
-!!! error TS2304: Cannot find name 'from'.
     import defaultBinding, from "./es6ImportNamedImportParsingError_0";
-           ~~~~~~~~~~~~~~
-!!! error TS1192: Module '"es6ImportNamedImportParsingError_0"' has no default export.
                            ~~~~
 !!! error TS1005: '{' expected.
+                                ~~~~~~~~~~~~~~~~~~~~~~~~~~~~~~~~~~~~~~
+!!! error TS1005: '}' expected.
     import , { a } from "./es6ImportNamedImportParsingError_0";
-    ~~~~~~
-!!! error TS1128: Declaration or statement expected.
            ~
+!!! error TS1005: '{' expected.
+             ~
+!!! error TS1005: '}' expected.
+                 ~
 !!! error TS1128: Declaration or statement expected.
-                   ~~~~
-!!! error TS1434: Unexpected keyword or identifier.
-                   ~~~~
-!!! error TS2304: Cannot find name 'from'.
     import { a }, from "./es6ImportNamedImportParsingError_0";
                 ~
-!!! error TS1005: 'from' expected.
-                ~~~~~~
-!!! error TS1141: String literal expected.
-                       ~~~~~~~~~~~~~~~~~~~~~~~~~~~~~~~~~~~~~~
-!!! error TS1005: ';' expected.
+!!! error TS1005: 'FromKeyword' expected.

</message>
<stacktrace>
  at org.junit.Assert.fail(Assert.java:89)
  at kotlin.test.junit.JUnitAsserter.fail(JUnitSupport.kt:56)
  at kotlin.test.AssertionsKt__AssertionsKt.fail(Assertions.kt:563)
  at kotlin.test.AssertionsKt.fail(Unknown Source)
  at com.xemantic.kotlin.test.SameAsKt.sameAs(SameAs.kt:52)
  at com.xemantic.typescript.compiler.TypeScriptTestSupportKt.errorsMatchBaseline(TypeScriptTestSupport.kt:135)
  at com.xemantic.typescript.compiler.TypeScriptCompilerTests_E.es6ImportNamedImportParsingError_ts has expected errors matching es6ImportNamedImportParsingError_errors_txt(TypeScriptCompilerTests_E.kt:3689)
  at java.base/jdk.internal.reflect.DirectMethodHandleAccessor.invoke(DirectMethodHandleAccessor.java:104)
  at java.base/java.lang.reflect.Method.invoke(Method.java:565)
  at org.junit.runners.model.FrameworkMethod$1.runReflectiveCall(FrameworkMethod.java:59)
  at org.junit.internal.runners.model.ReflectiveCallable.run(ReflectiveCallable.java:12)
  at org.junit.runners.model.FrameworkMethod.invokeExplosively(FrameworkMethod.java:56)
  at org.junit.internal.runners.statements.InvokeMethod.evaluate(InvokeMethod.java:17)
  at org.junit.runners.ParentRunner$3.evaluate(ParentRunner.java:306)
  at org.junit.runners.BlockJUnit4ClassRunner$1.evaluate(BlockJUnit4ClassRunner.java:100)
  at org.junit.runners.ParentRunner.runLeaf(ParentRunner.java:366)
  at org.junit.runners.BlockJUnit4ClassRunner.runChild(BlockJUnit4ClassRunner.java:103)
  at org.junit.runners.BlockJUnit4ClassRunner.runChild(BlockJUnit4ClassRunner.java:63)
  at org.junit.runners.ParentRunner$4.run(ParentRunner.java:331)
  at org.junit.runners.ParentRunner$1.schedule(ParentRunner.java:79)
  at org.junit.runners.ParentRunner.runChildren(ParentRunner.java:329)
  at org.junit.runners.ParentRunner.access$100(ParentRunner.java:66)
  at org.junit.runners.ParentRunner$2.evaluate(ParentRunner.java:293)
  at org.junit.runners.ParentRunner$3.evaluate(ParentRunner.java:306)
  at org.junit.runners.ParentRunner.run(ParentRunner.java:413)
  at org.junit.runner.JUnitCore.run(JUnitCore.java:137)
  at org.junit.runner.JUnitCore.run(JUnitCore.java:115)
  at org.gradle.api.internal.tasks.testing.junit.JUnitTestExecutor.runRequest(JUnitTestExecutor.java:175)
  at org.gradle.api.internal.tasks.testing.junit.JUnitTestExecutor.accept(JUnitTestExecutor.java:84)
  at org.gradle.api.internal.tasks.testing.junit.JUnitTestExecutor.accept(JUnitTestExecutor.java:47)
  at org.gradle.api.internal.tasks.testing.junit.AbstractJUnitTestDefinitionProcessor.processTestDefinition(AbstractJUnitTestDefinitionProcessor.java:65)
  at org.gradle.api.internal.tasks.testing.SuiteTestDefinitionProcessor.processTestDefinition(SuiteTestDefinitionProcessor.java:54)
  at java.base/jdk.internal.reflect.DirectMethodHandleAccessor.invoke(DirectMethodHandleAccessor.java:104)
  at java.base/java.lang.reflect.Method.invoke(Method.java:565)
  at org.gradle.internal.dispatch.MethodInvocation.invokeOn(MethodInvocation.java:77)
  at org.gradle.internal.dispatch.ReflectionDispatch.dispatch(ReflectionDispatch.java:28)
  at org.gradle.internal.dispatch.ReflectionDispatch.dispatch(ReflectionDispatch.java:19)
  at org.gradle.internal.dispatch.ContextClassLoaderDispatch.dispatch(ContextClassLoaderDispatch.java:33)
  at org.gradle.internal.dispatch.ProxyDispatchAdapter$DispatchingInvocationHandler.invoke(ProxyDispatchAdapter.java:88)
  at jdk.proxy1/jdk.proxy1.$Proxy4.processTestDefinition(Unknown Source)
  at org.gradle.api.internal.tasks.testing.worker.TestWorker$2.run(TestWorker.java:178)
  at org.gradle.api.internal.tasks.testing.worker.TestWorker.executeAndMaintainThreadName(TestWorker.java:126)
  at org.gradle.api.internal.tasks.testing.worker.TestWorker.execute(TestWorker.java:103)
  at org.gradle.api.internal.tasks.testing.worker.TestWorker.execute(TestWorker.java:63)
  at org.gradle.process.internal.worker.child.ActionExecutionWorker.execute(ActionExecutionWorker.java:56)
  at org.gradle.process.internal.worker.child.SystemApplicationClassLoaderWorker.call(SystemApplicationClassLoaderWorker.java:122)
  at org.gradle.process.internal.worker.child.SystemApplicationClassLoaderWorker.call(SystemApplicationClassLoaderWorker.java:72)
  at worker.org.gradle.process.internal.worker.GradleWorkerMain.run(GradleWorkerMain.java:69)
  at worker.org.gradle.process.internal.worker.GradleWorkerMain.main(GradleWorkerMain.java:74)
</stacktrace>
</test-failure>


TypeScriptCompilerTests_E[jvm] > es6ImportNamedImportParsingError_ts has expected errors matching es6ImportNamedImportParsingError_errors_txt[jvm] FAILED

<test-failure test="com.xemantic.typescript.compiler.TypeScriptCompilerTests_F.functionAndImportNameConflict_ts has expected errors matching functionAndImportNameConflict_errors_txt" platform="jvm">
<message>
Expected diagnostics from baseline typescript-repo/tests/baselines/reference/functionAndImportNameConflict.errors.txt but none produced
</message>
<stacktrace>
  at com.xemantic.typescript.compiler.TypeScriptTestSupportKt.errorsMatchBaseline(TypeScriptTestSupport.kt:125)
  at com.xemantic.typescript.compiler.TypeScriptCompilerTests_F.functionAndImportNameConflict_ts has expected errors matching functionAndImportNameConflict_errors_txt(TypeScriptCompilerTests_F.kt:770)
  at java.base/jdk.internal.reflect.DirectMethodHandleAccessor.invoke(DirectMethodHandleAccessor.java:104)
  at java.base/java.lang.reflect.Method.invoke(Method.java:565)
  at org.junit.runners.model.FrameworkMethod$1.runReflectiveCall(FrameworkMethod.java:59)
  at org.junit.internal.runners.model.ReflectiveCallable.run(ReflectiveCallable.java:12)
  at org.junit.runners.model.FrameworkMethod.invokeExplosively(FrameworkMethod.java:56)
  at org.junit.internal.runners.statements.InvokeMethod.evaluate(InvokeMethod.java:17)
  at org.junit.runners.ParentRunner$3.evaluate(ParentRunner.java:306)
  at org.junit.runners.BlockJUnit4ClassRunner$1.evaluate(BlockJUnit4ClassRunner.java:100)
  at org.junit.runners.ParentRunner.runLeaf(ParentRunner.java:366)
  at org.junit.runners.BlockJUnit4ClassRunner.runChild(BlockJUnit4ClassRunner.java:103)
  at org.junit.runners.BlockJUnit4ClassRunner.runChild(BlockJUnit4ClassRunner.java:63)
  at org.junit.runners.ParentRunner$4.run(ParentRunner.java:331)
  at org.junit.runners.ParentRunner$1.schedule(ParentRunner.java:79)
  at org.junit.runners.ParentRunner.runChildren(ParentRunner.java:329)
  at org.junit.runners.ParentRunner.access$100(ParentRunner.java:66)
  at org.junit.runners.ParentRunner$2.evaluate(ParentRunner.java:293)
  at org.junit.runners.ParentRunner$3.evaluate(ParentRunner.java:306)
  at org.junit.runners.ParentRunner.run(ParentRunner.java:413)
  at org.junit.runner.JUnitCore.run(JUnitCore.java:137)
  at org.junit.runner.JUnitCore.run(JUnitCore.java:115)
  at org.gradle.api.internal.tasks.testing.junit.JUnitTestExecutor.runRequest(JUnitTestExecutor.java:175)
  at org.gradle.api.internal.tasks.testing.junit.JUnitTestExecutor.accept(JUnitTestExecutor.java:84)
  at org.gradle.api.internal.tasks.testing.junit.JUnitTestExecutor.accept(JUnitTestExecutor.java:47)
  at org.gradle.api.internal.tasks.testing.junit.AbstractJUnitTestDefinitionProcessor.processTestDefinition(AbstractJUnitTestDefinitionProcessor.java:65)
  at org.gradle.api.internal.tasks.testing.SuiteTestDefinitionProcessor.processTestDefinition(SuiteTestDefinitionProcessor.java:54)
  at java.base/jdk.internal.reflect.DirectMethodHandleAccessor.invoke(DirectMethodHandleAccessor.java:104)
  at java.base/java.lang.reflect.Method.invoke(Method.java:565)
  at org.gradle.internal.dispatch.MethodInvocation.invokeOn(MethodInvocation.java:77)
  at org.gradle.internal.dispatch.ReflectionDispatch.dispatch(ReflectionDispatch.java:28)
  at org.gradle.internal.dispatch.ReflectionDispatch.dispatch(ReflectionDispatch.java:19)
  at org.gradle.internal.dispatch.ContextClassLoaderDispatch.dispatch(ContextClassLoaderDispatch.java:33)
  at org.gradle.internal.dispatch.ProxyDispatchAdapter$DispatchingInvocationHandler.invoke(ProxyDispatchAdapter.java:88)
  at jdk.proxy1/jdk.proxy1.$Proxy4.processTestDefinition(Unknown Source)
  at org.gradle.api.internal.tasks.testing.worker.TestWorker$2.run(TestWorker.java:178)
  at org.gradle.api.internal.tasks.testing.worker.TestWorker.executeAndMaintainThreadName(TestWorker.java:126)
  at org.gradle.api.internal.tasks.testing.worker.TestWorker.execute(TestWorker.java:103)
  at org.gradle.api.internal.tasks.testing.worker.TestWorker.execute(TestWorker.java:63)
  at org.gradle.process.internal.worker.child.ActionExecutionWorker.execute(ActionExecutionWorker.java:56)
  at org.gradle.process.internal.worker.child.SystemApplicationClassLoaderWorker.call(SystemApplicationClassLoaderWorker.java:122)
  at org.gradle.process.internal.worker.child.SystemApplicationClassLoaderWorker.call(SystemApplicationClassLoaderWorker.java:72)
  at worker.org.gradle.process.internal.worker.GradleWorkerMain.run(GradleWorkerMain.java:69)
  at worker.org.gradle.process.internal.worker.GradleWorkerMain.main(GradleWorkerMain.java:74)
</stacktrace>
</test-failure>


TypeScriptCompilerTests_F[jvm] > functionAndImportNameConflict_ts has expected errors matching functionAndImportNameConflict_errors_txt[jvm] FAILED

<test-failure test="com.xemantic.typescript.compiler.TypeScriptCompilerTests_F.functionAssignabilityWithArrayLike01_ts__strict_false__has expected errors matching baseline" platform="jvm">
<message>
Expected diagnostics from baseline typescript-repo/tests/baselines/reference/functionAssignabilityWithArrayLike01(strict=false).errors.txt but none produced
</message>
<stacktrace>
  at com.xemantic.typescript.compiler.TypeScriptTestSupportKt.errorsMatchBaseline(TypeScriptTestSupport.kt:125)
  at com.xemantic.typescript.compiler.TypeScriptCompilerTests_F.functionAssignabilityWithArrayLike01_ts__strict_false__has expected errors matching baseline(TypeScriptCompilerTests_F.kt:840)
  at java.base/jdk.internal.reflect.DirectMethodHandleAccessor.invoke(DirectMethodHandleAccessor.java:104)
  at java.base/java.lang.reflect.Method.invoke(Method.java:565)
  at org.junit.runners.model.FrameworkMethod$1.runReflectiveCall(FrameworkMethod.java:59)
  at org.junit.internal.runners.model.ReflectiveCallable.run(ReflectiveCallable.java:12)
  at org.junit.runners.model.FrameworkMethod.invokeExplosively(FrameworkMethod.java:56)
  at org.junit.internal.runners.statements.InvokeMethod.evaluate(InvokeMethod.java:17)
  at org.junit.runners.ParentRunner$3.evaluate(ParentRunner.java:306)
  at org.junit.runners.BlockJUnit4ClassRunner$1.evaluate(BlockJUnit4ClassRunner.java:100)
  at org.junit.runners.ParentRunner.runLeaf(ParentRunner.java:366)
  at org.junit.runners.BlockJUnit4ClassRunner.runChild(BlockJUnit4ClassRunner.java:103)
  at org.junit.runners.BlockJUnit4ClassRunner.runChild(BlockJUnit4ClassRunner.java:63)
  at org.junit.runners.ParentRunner$4.run(ParentRunner.java:331)
  at org.junit.runners.ParentRunner$1.schedule(ParentRunner.java:79)
  at org.junit.runners.ParentRunner.runChildren(ParentRunner.java:329)
  at org.junit.runners.ParentRunner.access$100(ParentRunner.java:66)
  at org.junit.runners.ParentRunner$2.evaluate(ParentRunner.java:293)
  at org.junit.runners.ParentRunner$3.evaluate(ParentRunner.java:306)
  at org.junit.runners.ParentRunner.run(ParentRunner.java:413)
  at org.junit.runner.JUnitCore.run(JUnitCore.java:137)
  at org.junit.runner.JUnitCore.run(JUnitCore.java:115)
  at org.gradle.api.internal.tasks.testing.junit.JUnitTestExecutor.runRequest(JUnitTestExecutor.java:175)
  at org.gradle.api.internal.tasks.testing.junit.JUnitTestExecutor.accept(JUnitTestExecutor.java:84)
  at org.gradle.api.internal.tasks.testing.junit.JUnitTestExecutor.accept(JUnitTestExecutor.java:47)
  at org.gradle.api.internal.tasks.testing.junit.AbstractJUnitTestDefinitionProcessor.processTestDefinition(AbstractJUnitTestDefinitionProcessor.java:65)
  at org.gradle.api.internal.tasks.testing.SuiteTestDefinitionProcessor.processTestDefinition(SuiteTestDefinitionProcessor.java:54)
  at java.base/jdk.internal.reflect.DirectMethodHandleAccessor.invoke(DirectMethodHandleAccessor.java:104)
  at java.base/java.lang.reflect.Method.invoke(Method.java:565)
  at org.gradle.internal.dispatch.MethodInvocation.invokeOn(MethodInvocation.java:77)
  at org.gradle.internal.dispatch.ReflectionDispatch.dispatch(ReflectionDispatch.java:28)
  at org.gradle.internal.dispatch.ReflectionDispatch.dispatch(ReflectionDispatch.java:19)
  at org.gradle.internal.dispatch.ContextClassLoaderDispatch.dispatch(ContextClassLoaderDispatch.java:33)
  at org.gradle.internal.dispatch.ProxyDispatchAdapter$DispatchingInvocationHandler.invoke(ProxyDispatchAdapter.java:88)
  at jdk.proxy1/jdk.proxy1.$Proxy4.processTestDefinition(Unknown Source)
  at org.gradle.api.internal.tasks.testing.worker.TestWorker$2.run(TestWorker.java:178)
  at org.gradle.api.internal.tasks.testing.worker.TestWorker.executeAndMaintainThreadName(TestWorker.java:126)
  at org.gradle.api.internal.tasks.testing.worker.TestWorker.execute(TestWorker.java:103)
  at org.gradle.api.internal.tasks.testing.worker.TestWorker.execute(TestWorker.java:63)
  at org.gradle.process.internal.worker.child.ActionExecutionWorker.execute(ActionExecutionWorker.java:56)
  at org.gradle.process.internal.worker.child.SystemApplicationClassLoaderWorker.call(SystemApplicationClassLoaderWorker.java:122)
  at org.gradle.process.internal.worker.child.SystemApplicationClassLoaderWorker.call(SystemApplicationClassLoaderWorker.java:72)
  at worker.org.gradle.process.internal.worker.GradleWorkerMain.run(GradleWorkerMain.java:69)
  at worker.org.gradle.process.internal.worker.GradleWorkerMain.main(GradleWorkerMain.java:74)
</stacktrace>
</test-failure>


TypeScriptCompilerTests_F[jvm] > functionAssignabilityWithArrayLike01_ts__strict_false__has expected errors matching baseline[jvm] FAILED

<test-failure test="com.xemantic.typescript.compiler.TypeScriptCompilerTests_F.functionOverloads34_ts has expected errors matching functionOverloads34_errors_txt" platform="jvm">
<message>
Expected diagnostics from baseline typescript-repo/tests/baselines/reference/functionOverloads34.errors.txt but none produced
</message>
<stacktrace>
  at com.xemantic.typescript.compiler.TypeScriptTestSupportKt.errorsMatchBaseline(TypeScriptTestSupport.kt:125)
  at com.xemantic.typescript.compiler.TypeScriptCompilerTests_F.functionOverloads34_ts has expected errors matching functionOverloads34_errors_txt(TypeScriptCompilerTests_F.kt:1554)
  at java.base/jdk.internal.reflect.DirectMethodHandleAccessor.invoke(DirectMethodHandleAccessor.java:104)
  at java.base/java.lang.reflect.Method.invoke(Method.java:565)
  at org.junit.runners.model.FrameworkMethod$1.runReflectiveCall(FrameworkMethod.java:59)
  at org.junit.internal.runners.model.ReflectiveCallable.run(ReflectiveCallable.java:12)
  at org.junit.runners.model.FrameworkMethod.invokeExplosively(FrameworkMethod.java:56)
  at org.junit.internal.runners.statements.InvokeMethod.evaluate(InvokeMethod.java:17)
  at org.junit.runners.ParentRunner$3.evaluate(ParentRunner.java:306)
  at org.junit.runners.BlockJUnit4ClassRunner$1.evaluate(BlockJUnit4ClassRunner.java:100)
  at org.junit.runners.ParentRunner.runLeaf(ParentRunner.java:366)
  at org.junit.runners.BlockJUnit4ClassRunner.runChild(BlockJUnit4ClassRunner.java:103)
  at org.junit.runners.BlockJUnit4ClassRunner.runChild(BlockJUnit4ClassRunner.java:63)
  at org.junit.runners.ParentRunner$4.run(ParentRunner.java:331)
  at org.junit.runners.ParentRunner$1.schedule(ParentRunner.java:79)
  at org.junit.runners.ParentRunner.runChildren(ParentRunner.java:329)
  at org.junit.runners.ParentRunner.access$100(ParentRunner.java:66)
  at org.junit.runners.ParentRunner$2.evaluate(ParentRunner.java:293)
  at org.junit.runners.ParentRunner$3.evaluate(ParentRunner.java:306)
  at org.junit.runners.ParentRunner.run(ParentRunner.java:413)
  at org.junit.runner.JUnitCore.run(JUnitCore.java:137)
  at org.junit.runner.JUnitCore.run(JUnitCore.java:115)
  at org.gradle.api.internal.tasks.testing.junit.JUnitTestExecutor.runRequest(JUnitTestExecutor.java:175)
  at org.gradle.api.internal.tasks.testing.junit.JUnitTestExecutor.accept(JUnitTestExecutor.java:84)
  at org.gradle.api.internal.tasks.testing.junit.JUnitTestExecutor.accept(JUnitTestExecutor.java:47)
  at org.gradle.api.internal.tasks.testing.junit.AbstractJUnitTestDefinitionProcessor.processTestDefinition(AbstractJUnitTestDefinitionProcessor.java:65)
  at org.gradle.api.internal.tasks.testing.SuiteTestDefinitionProcessor.processTestDefinition(SuiteTestDefinitionProcessor.java:54)
  at java.base/jdk.internal.reflect.DirectMethodHandleAccessor.invoke(DirectMethodHandleAccessor.java:104)
  at java.base/java.lang.reflect.Method.invoke(Method.java:565)
  at org.gradle.internal.dispatch.MethodInvocation.invokeOn(MethodInvocation.java:77)
  at org.gradle.internal.dispatch.ReflectionDispatch.dispatch(ReflectionDispatch.java:28)
  at org.gradle.internal.dispatch.ReflectionDispatch.dispatch(ReflectionDispatch.java:19)
  at org.gradle.internal.dispatch.ContextClassLoaderDispatch.dispatch(ContextClassLoaderDispatch.java:33)
  at org.gradle.internal.dispatch.ProxyDispatchAdapter$DispatchingInvocationHandler.invoke(ProxyDispatchAdapter.java:88)
  at jdk.proxy1/jdk.proxy1.$Proxy4.processTestDefinition(Unknown Source)
  at org.gradle.api.internal.tasks.testing.worker.TestWorker$2.run(TestWorker.java:178)
  at org.gradle.api.internal.tasks.testing.worker.TestWorker.executeAndMaintainThreadName(TestWorker.java:126)
  at org.gradle.api.internal.tasks.testing.worker.TestWorker.execute(TestWorker.java:103)
  at org.gradle.api.internal.tasks.testing.worker.TestWorker.execute(TestWorker.java:63)
  at org.gradle.process.internal.worker.child.ActionExecutionWorker.execute(ActionExecutionWorker.java:56)
  at org.gradle.process.internal.worker.child.SystemApplicationClassLoaderWorker.call(SystemApplicationClassLoaderWorker.java:122)
  at org.gradle.process.internal.worker.child.SystemApplicationClassLoaderWorker.call(SystemApplicationClassLoaderWorker.java:72)
  at worker.org.gradle.process.internal.worker.GradleWorkerMain.run(GradleWorkerMain.java:69)
  at worker.org.gradle.process.internal.worker.GradleWorkerMain.main(GradleWorkerMain.java:74)
</stacktrace>
</test-failure>


TypeScriptCompilerTests_F[jvm] > functionOverloads34_ts has expected errors matching functionOverloads34_errors_txt[jvm] FAILED

<test-failure test="com.xemantic.typescript.compiler.TypeScriptCompilerTests_F.fatarrowfunctionsOptionalArgs_ts compiles to JavaScript matching fatarrowfunctionsOptionalArgs_js" platform="jvm">
<message>
--- expected
+++ actual
@@ -204,9 +204,7 @@
 // nested ternary expressions
 ((a) => { return a; }) ? (b) => { return b; } : (c) => { return c; };
 //multiple levels
-(a) => { return a; };
-(b) => (c) => 81;
-(c) => (d) => 82;
+(a) => { return a; } ? (b) => (c) => 81 : (c) => (d) => 82;
 // In Expressions
 ((arg) => 90) instanceof Function;
 ((arg = 1) => 91) instanceof Function;

</message>
<stacktrace>
  at org.junit.Assert.fail(Assert.java:89)
  at kotlin.test.junit.JUnitAsserter.fail(JUnitSupport.kt:56)
  at kotlin.test.AssertionsKt__AssertionsKt.fail(Assertions.kt:563)
  at kotlin.test.AssertionsKt.fail(Unknown Source)
  at com.xemantic.kotlin.test.SameAsKt.sameAs(SameAs.kt:52)
  at com.xemantic.typescript.compiler.TypeScriptTestSupportKt.sameAs(TypeScriptTestSupport.kt:99)
  at com.xemantic.typescript.compiler.TypeScriptCompilerTests_F.fatarrowfunctionsOptionalArgs_ts compiles to JavaScript matching fatarrowfunctionsOptionalArgs_js(TypeScriptCompilerTests_F.kt:182)
  at java.base/jdk.internal.reflect.DirectMethodHandleAccessor.invoke(DirectMethodHandleAccessor.java:104)
  at java.base/java.lang.reflect.Method.invoke(Method.java:565)
  at org.junit.runners.model.FrameworkMethod$1.runReflectiveCall(FrameworkMethod.java:59)
  at org.junit.internal.runners.model.ReflectiveCallable.run(ReflectiveCallable.java:12)
  at org.junit.runners.model.FrameworkMethod.invokeExplosively(FrameworkMethod.java:56)
  at org.junit.internal.runners.statements.InvokeMethod.evaluate(InvokeMethod.java:17)
  at org.junit.runners.ParentRunner$3.evaluate(ParentRunner.java:306)
  at org.junit.runners.BlockJUnit4ClassRunner$1.evaluate(BlockJUnit4ClassRunner.java:100)
  at org.junit.runners.ParentRunner.runLeaf(ParentRunner.java:366)
  at org.junit.runners.BlockJUnit4ClassRunner.runChild(BlockJUnit4ClassRunner.java:103)
  at org.junit.runners.BlockJUnit4ClassRunner.runChild(BlockJUnit4ClassRunner.java:63)
  at org.junit.runners.ParentRunner$4.run(ParentRunner.java:331)
  at org.junit.runners.ParentRunner$1.schedule(ParentRunner.java:79)
  at org.junit.runners.ParentRunner.runChildren(ParentRunner.java:329)
  at org.junit.runners.ParentRunner.access$100(ParentRunner.java:66)
  at org.junit.runners.ParentRunner$2.evaluate(ParentRunner.java:293)
  at org.junit.runners.ParentRunner$3.evaluate(ParentRunner.java:306)
  at org.junit.runners.ParentRunner.run(ParentRunner.java:413)
  at org.junit.runner.JUnitCore.run(JUnitCore.java:137)
  at org.junit.runner.JUnitCore.run(JUnitCore.java:115)
  at org.gradle.api.internal.tasks.testing.junit.JUnitTestExecutor.runRequest(JUnitTestExecutor.java:175)
  at org.gradle.api.internal.tasks.testing.junit.JUnitTestExecutor.accept(JUnitTestExecutor.java:84)
  at org.gradle.api.internal.tasks.testing.junit.JUnitTestExecutor.accept(JUnitTestExecutor.java:47)
  at org.gradle.api.internal.tasks.testing.junit.AbstractJUnitTestDefinitionProcessor.processTestDefinition(AbstractJUnitTestDefinitionProcessor.java:65)
  at org.gradle.api.internal.tasks.testing.SuiteTestDefinitionProcessor.processTestDefinition(SuiteTestDefinitionProcessor.java:54)
  at java.base/jdk.internal.reflect.DirectMethodHandleAccessor.invoke(DirectMethodHandleAccessor.java:104)
  at java.base/java.lang.reflect.Method.invoke(Method.java:565)
  at org.gradle.internal.dispatch.MethodInvocation.invokeOn(MethodInvocation.java:77)
  at org.gradle.internal.dispatch.ReflectionDispatch.dispatch(ReflectionDispatch.java:28)
  at org.gradle.internal.dispatch.ReflectionDispatch.dispatch(ReflectionDispatch.java:19)
  at org.gradle.internal.dispatch.ContextClassLoaderDispatch.dispatch(ContextClassLoaderDispatch.java:33)
  at org.gradle.internal.dispatch.ProxyDispatchAdapter$DispatchingInvocationHandler.invoke(ProxyDispatchAdapter.java:88)
  at jdk.proxy1/jdk.proxy1.$Proxy4.processTestDefinition(Unknown Source)
  at org.gradle.api.internal.tasks.testing.worker.TestWorker$2.run(TestWorker.java:178)
  at org.gradle.api.internal.tasks.testing.worker.TestWorker.executeAndMaintainThreadName(TestWorker.java:126)
  at org.gradle.api.internal.tasks.testing.worker.TestWorker.execute(TestWorker.java:103)
  at org.gradle.api.internal.tasks.testing.worker.TestWorker.execute(TestWorker.java:63)
  at org.gradle.process.internal.worker.child.ActionExecutionWorker.execute(ActionExecutionWorker.java:56)
  at org.gradle.process.internal.worker.child.SystemApplicationClassLoaderWorker.call(SystemApplicationClassLoaderWorker.java:122)
  at org.gradle.process.internal.worker.child.SystemApplicationClassLoaderWorker.call(SystemApplicationClassLoaderWorker.java:72)
  at worker.org.gradle.process.internal.worker.GradleWorkerMain.run(GradleWorkerMain.java:69)
  at worker.org.gradle.process.internal.worker.GradleWorkerMain.main(GradleWorkerMain.java:74)
</stacktrace>
</test-failure>


TypeScriptCompilerTests_F[jvm] > fatarrowfunctionsOptionalArgs_ts compiles to JavaScript matching fatarrowfunctionsOptionalArgs_js[jvm] FAILED

<test-failure test="com.xemantic.typescript.compiler.TypeScriptCompilerTests_F.forInStatement2_ts has expected errors matching forInStatement2_errors_txt" platform="jvm">
<message>
Expected diagnostics from baseline typescript-repo/tests/baselines/reference/forInStatement2.errors.txt but none produced
</message>
<stacktrace>
  at com.xemantic.typescript.compiler.TypeScriptTestSupportKt.errorsMatchBaseline(TypeScriptTestSupport.kt:125)
  at com.xemantic.typescript.compiler.TypeScriptCompilerTests_F.forInStatement2_ts has expected errors matching forInStatement2_errors_txt(TypeScriptCompilerTests_F.kt:539)
  at java.base/jdk.internal.reflect.DirectMethodHandleAccessor.invoke(DirectMethodHandleAccessor.java:104)
  at java.base/java.lang.reflect.Method.invoke(Method.java:565)
  at org.junit.runners.model.FrameworkMethod$1.runReflectiveCall(FrameworkMethod.java:59)
  at org.junit.internal.runners.model.ReflectiveCallable.run(ReflectiveCallable.java:12)
  at org.junit.runners.model.FrameworkMethod.invokeExplosively(FrameworkMethod.java:56)
  at org.junit.internal.runners.statements.InvokeMethod.evaluate(InvokeMethod.java:17)
  at org.junit.runners.ParentRunner$3.evaluate(ParentRunner.java:306)
  at org.junit.runners.BlockJUnit4ClassRunner$1.evaluate(BlockJUnit4ClassRunner.java:100)
  at org.junit.runners.ParentRunner.runLeaf(ParentRunner.java:366)
  at org.junit.runners.BlockJUnit4ClassRunner.runChild(BlockJUnit4ClassRunner.java:103)
  at org.junit.runners.BlockJUnit4ClassRunner.runChild(BlockJUnit4ClassRunner.java:63)
  at org.junit.runners.ParentRunner$4.run(ParentRunner.java:331)
  at org.junit.runners.ParentRunner$1.schedule(ParentRunner.java:79)
  at org.junit.runners.ParentRunner.runChildren(ParentRunner.java:329)
  at org.junit.runners.ParentRunner.access$100(ParentRunner.java:66)
  at org.junit.runners.ParentRunner$2.evaluate(ParentRunner.java:293)
  at org.junit.runners.ParentRunner$3.evaluate(ParentRunner.java:306)
  at org.junit.runners.ParentRunner.run(ParentRunner.java:413)
  at org.junit.runner.JUnitCore.run(JUnitCore.java:137)
  at org.junit.runner.JUnitCore.run(JUnitCore.java:115)
  at org.gradle.api.internal.tasks.testing.junit.JUnitTestExecutor.runRequest(JUnitTestExecutor.java:175)
  at org.gradle.api.internal.tasks.testing.junit.JUnitTestExecutor.accept(JUnitTestExecutor.java:84)
  at org.gradle.api.internal.tasks.testing.junit.JUnitTestExecutor.accept(JUnitTestExecutor.java:47)
  at org.gradle.api.internal.tasks.testing.junit.AbstractJUnitTestDefinitionProcessor.processTestDefinition(AbstractJUnitTestDefinitionProcessor.java:65)
  at org.gradle.api.internal.tasks.testing.SuiteTestDefinitionProcessor.processTestDefinition(SuiteTestDefinitionProcessor.java:54)
  at java.base/jdk.internal.reflect.DirectMethodHandleAccessor.invoke(DirectMethodHandleAccessor.java:104)
  at java.base/java.lang.reflect.Method.invoke(Method.java:565)
  at org.gradle.internal.dispatch.MethodInvocation.invokeOn(MethodInvocation.java:77)
  at org.gradle.internal.dispatch.ReflectionDispatch.dispatch(ReflectionDispatch.java:28)
  at org.gradle.internal.dispatch.ReflectionDispatch.dispatch(ReflectionDispatch.java:19)
  at org.gradle.internal.dispatch.ContextClassLoaderDispatch.dispatch(ContextClassLoaderDispatch.java:33)
  at org.gradle.internal.dispatch.ProxyDispatchAdapter$DispatchingInvocationHandler.invoke(ProxyDispatchAdapter.java:88)
  at jdk.proxy1/jdk.proxy1.$Proxy4.processTestDefinition(Unknown Source)
  at org.gradle.api.internal.tasks.testing.worker.TestWorker$2.run(TestWorker.java:178)
  at org.gradle.api.internal.tasks.testing.worker.TestWorker.executeAndMaintainThreadName(TestWorker.java:126)
  at org.gradle.api.internal.tasks.testing.worker.TestWorker.execute(TestWorker.java:103)
  at org.gradle.api.internal.tasks.testing.worker.TestWorker.execute(TestWorker.java:63)
  at org.gradle.process.internal.worker.child.ActionExecutionWorker.execute(ActionExecutionWorker.java:56)
  at org.gradle.process.internal.worker.child.SystemApplicationClassLoaderWorker.call(SystemApplicationClassLoaderWorker.java:122)
  at org.gradle.process.internal.worker.child.SystemApplicationClassLoaderWorker.call(SystemApplicationClassLoaderWorker.java:72)
  at worker.org.gradle.process.internal.worker.GradleWorkerMain.run(GradleWorkerMain.java:69)
  at worker.org.gradle.process.internal.worker.GradleWorkerMain.main(GradleWorkerMain.java:74)
</stacktrace>
</test-failure>


TypeScriptCompilerTests_F[jvm] > forInStatement2_ts has expected errors matching forInStatement2_errors_txt[jvm] FAILED

<test-failure test="com.xemantic.typescript.compiler.TypeScriptCompilerTests_F.functionTypeArgumentArityErrors_ts has expected errors matching functionTypeArgumentArityErrors_errors_txt" platform="jvm">
<message>
Expected diagnostics from baseline typescript-repo/tests/baselines/reference/functionTypeArgumentArityErrors.errors.txt but none produced
</message>
<stacktrace>
  at com.xemantic.typescript.compiler.TypeScriptTestSupportKt.errorsMatchBaseline(TypeScriptTestSupport.kt:125)
  at com.xemantic.typescript.compiler.TypeScriptCompilerTests_F.functionTypeArgumentArityErrors_ts has expected errors matching functionTypeArgumentArityErrors_errors_txt(TypeScriptCompilerTests_F.kt:1862)
  at java.base/jdk.internal.reflect.DirectMethodHandleAccessor.invoke(DirectMethodHandleAccessor.java:104)
  at java.base/java.lang.reflect.Method.invoke(Method.java:565)
  at org.junit.runners.model.FrameworkMethod$1.runReflectiveCall(FrameworkMethod.java:59)
  at org.junit.internal.runners.model.ReflectiveCallable.run(ReflectiveCallable.java:12)
  at org.junit.runners.model.FrameworkMethod.invokeExplosively(FrameworkMethod.java:56)
  at org.junit.internal.runners.statements.InvokeMethod.evaluate(InvokeMethod.java:17)
  at org.junit.runners.ParentRunner$3.evaluate(ParentRunner.java:306)
  at org.junit.runners.BlockJUnit4ClassRunner$1.evaluate(BlockJUnit4ClassRunner.java:100)
  at org.junit.runners.ParentRunner.runLeaf(ParentRunner.java:366)
  at org.junit.runners.BlockJUnit4ClassRunner.runChild(BlockJUnit4ClassRunner.java:103)
  at org.junit.runners.BlockJUnit4ClassRunner.runChild(BlockJUnit4ClassRunner.java:63)
  at org.junit.runners.ParentRunner$4.run(ParentRunner.java:331)
  at org.junit.runners.ParentRunner$1.schedule(ParentRunner.java:79)
  at org.junit.runners.ParentRunner.runChildren(ParentRunner.java:329)
  at org.junit.runners.ParentRunner.access$100(ParentRunner.java:66)
  at org.junit.runners.ParentRunner$2.evaluate(ParentRunner.java:293)
  at org.junit.runners.ParentRunner$3.evaluate(ParentRunner.java:306)
  at org.junit.runners.ParentRunner.run(ParentRunner.java:413)
  at org.junit.runner.JUnitCore.run(JUnitCore.java:137)
  at org.junit.runner.JUnitCore.run(JUnitCore.java:115)
  at org.gradle.api.internal.tasks.testing.junit.JUnitTestExecutor.runRequest(JUnitTestExecutor.java:175)
  at org.gradle.api.internal.tasks.testing.junit.JUnitTestExecutor.accept(JUnitTestExecutor.java:84)
  at org.gradle.api.internal.tasks.testing.junit.JUnitTestExecutor.accept(JUnitTestExecutor.java:47)
  at org.gradle.api.internal.tasks.testing.junit.AbstractJUnitTestDefinitionProcessor.processTestDefinition(AbstractJUnitTestDefinitionProcessor.java:65)
  at org.gradle.api.internal.tasks.testing.SuiteTestDefinitionProcessor.processTestDefinition(SuiteTestDefinitionProcessor.java:54)
  at java.base/jdk.internal.reflect.DirectMethodHandleAccessor.invoke(DirectMethodHandleAccessor.java:104)
  at java.base/java.lang.reflect.Method.invoke(Method.java:565)
  at org.gradle.internal.dispatch.MethodInvocation.invokeOn(MethodInvocation.java:77)
  at org.gradle.internal.dispatch.ReflectionDispatch.dispatch(ReflectionDispatch.java:28)
  at org.gradle.internal.dispatch.ReflectionDispatch.dispatch(ReflectionDispatch.java:19)
  at org.gradle.internal.dispatch.ContextClassLoaderDispatch.dispatch(ContextClassLoaderDispatch.java:33)
  at org.gradle.internal.dispatch.ProxyDispatchAdapter$DispatchingInvocationHandler.invoke(ProxyDispatchAdapter.java:88)
  at jdk.proxy1/jdk.proxy1.$Proxy4.processTestDefinition(Unknown Source)
  at org.gradle.api.internal.tasks.testing.worker.TestWorker$2.run(TestWorker.java:178)
  at org.gradle.api.internal.tasks.testing.worker.TestWorker.executeAndMaintainThreadName(TestWorker.java:126)
  at org.gradle.api.internal.tasks.testing.worker.TestWorker.execute(TestWorker.java:103)
  at org.gradle.api.internal.tasks.testing.worker.TestWorker.execute(TestWorker.java:63)
  at org.gradle.process.internal.worker.child.ActionExecutionWorker.execute(ActionExecutionWorker.java:56)
  at org.gradle.process.internal.worker.child.SystemApplicationClassLoaderWorker.call(SystemApplicationClassLoaderWorker.java:122)
  at org.gradle.process.internal.worker.child.SystemApplicationClassLoaderWorker.call(SystemApplicationClassLoaderWorker.java:72)
  at worker.org.gradle.process.internal.worker.GradleWorkerMain.run(GradleWorkerMain.java:69)
  at worker.org.gradle.process.internal.worker.GradleWorkerMain.main(GradleWorkerMain.java:74)
</stacktrace>
</test-failure>


TypeScriptCompilerTests_F[jvm] > functionTypeArgumentArityErrors_ts has expected errors matching functionTypeArgumentArityErrors_errors_txt[jvm] FAILED

<test-failure test="com.xemantic.typescript.compiler.TypeScriptCompilerTests_F.flatArrayNoExcessiveStackDepth_ts has expected errors matching flatArrayNoExcessiveStackDepth_errors_txt" platform="jvm">
<message>
Expected diagnostics from baseline typescript-repo/tests/baselines/reference/flatArrayNoExcessiveStackDepth.errors.txt but none produced
</message>
<stacktrace>
  at com.xemantic.typescript.compiler.TypeScriptTestSupportKt.errorsMatchBaseline(TypeScriptTestSupport.kt:125)
  at com.xemantic.typescript.compiler.TypeScriptCompilerTests_F.flatArrayNoExcessiveStackDepth_ts has expected errors matching flatArrayNoExcessiveStackDepth_errors_txt(TypeScriptCompilerTests_F.kt:434)
  at java.base/jdk.internal.reflect.DirectMethodHandleAccessor.invoke(DirectMethodHandleAccessor.java:104)
  at java.base/java.lang.reflect.Method.invoke(Method.java:565)
  at org.junit.runners.model.FrameworkMethod$1.runReflectiveCall(FrameworkMethod.java:59)
  at org.junit.internal.runners.model.ReflectiveCallable.run(ReflectiveCallable.java:12)
  at org.junit.runners.model.FrameworkMethod.invokeExplosively(FrameworkMethod.java:56)
  at org.junit.internal.runners.statements.InvokeMethod.evaluate(InvokeMethod.java:17)
  at org.junit.runners.ParentRunner$3.evaluate(ParentRunner.java:306)
  at org.junit.runners.BlockJUnit4ClassRunner$1.evaluate(BlockJUnit4ClassRunner.java:100)
  at org.junit.runners.ParentRunner.runLeaf(ParentRunner.java:366)
  at org.junit.runners.BlockJUnit4ClassRunner.runChild(BlockJUnit4ClassRunner.java:103)
  at org.junit.runners.BlockJUnit4ClassRunner.runChild(BlockJUnit4ClassRunner.java:63)
  at org.junit.runners.ParentRunner$4.run(ParentRunner.java:331)
  at org.junit.runners.ParentRunner$1.schedule(ParentRunner.java:79)
  at org.junit.runners.ParentRunner.runChildren(ParentRunner.java:329)
  at org.junit.runners.ParentRunner.access$100(ParentRunner.java:66)
  at org.junit.runners.ParentRunner$2.evaluate(ParentRunner.java:293)
  at org.junit.runners.ParentRunner$3.evaluate(ParentRunner.java:306)
  at org.junit.runners.ParentRunner.run(ParentRunner.java:413)
  at org.junit.runner.JUnitCore.run(JUnitCore.java:137)
  at org.junit.runner.JUnitCore.run(JUnitCore.java:115)
  at org.gradle.api.internal.tasks.testing.junit.JUnitTestExecutor.runRequest(JUnitTestExecutor.java:175)
  at org.gradle.api.internal.tasks.testing.junit.JUnitTestExecutor.accept(JUnitTestExecutor.java:84)
  at org.gradle.api.internal.tasks.testing.junit.JUnitTestExecutor.accept(JUnitTestExecutor.java:47)
  at org.gradle.api.internal.tasks.testing.junit.AbstractJUnitTestDefinitionProcessor.processTestDefinition(AbstractJUnitTestDefinitionProcessor.java:65)
  at org.gradle.api.internal.tasks.testing.SuiteTestDefinitionProcessor.processTestDefinition(SuiteTestDefinitionProcessor.java:54)
  at java.base/jdk.internal.reflect.DirectMethodHandleAccessor.invoke(DirectMethodHandleAccessor.java:104)
  at java.base/java.lang.reflect.Method.invoke(Method.java:565)
  at org.gradle.internal.dispatch.MethodInvocation.invokeOn(MethodInvocation.java:77)
  at org.gradle.internal.dispatch.ReflectionDispatch.dispatch(ReflectionDispatch.java:28)
  at org.gradle.internal.dispatch.ReflectionDispatch.dispatch(ReflectionDispatch.java:19)
  at org.gradle.internal.dispatch.ContextClassLoaderDispatch.dispatch(ContextClassLoaderDispatch.java:33)
  at org.gradle.internal.dispatch.ProxyDispatchAdapter$DispatchingInvocationHandler.invoke(ProxyDispatchAdapter.java:88)
  at jdk.proxy1/jdk.proxy1.$Proxy4.processTestDefinition(Unknown Source)
  at org.gradle.api.internal.tasks.testing.worker.TestWorker$2.run(TestWorker.java:178)
  at org.gradle.api.internal.tasks.testing.worker.TestWorker.executeAndMaintainThreadName(TestWorker.java:126)
  at org.gradle.api.internal.tasks.testing.worker.TestWorker.execute(TestWorker.java:103)
  at org.gradle.api.internal.tasks.testing.worker.TestWorker.execute(TestWorker.java:63)
  at org.gradle.process.internal.worker.child.ActionExecutionWorker.execute(ActionExecutionWorker.java:56)
  at org.gradle.process.internal.worker.child.SystemApplicationClassLoaderWorker.call(SystemApplicationClassLoaderWorker.java:122)
  at org.gradle.process.internal.worker.child.SystemApplicationClassLoaderWorker.call(SystemApplicationClassLoaderWorker.java:72)
  at worker.org.gradle.process.internal.worker.GradleWorkerMain.run(GradleWorkerMain.java:69)
  at worker.org.gradle.process.internal.worker.GradleWorkerMain.main(GradleWorkerMain.java:74)
</stacktrace>
</test-failure>


TypeScriptCompilerTests_F[jvm] > flatArrayNoExcessiveStackDepth_ts has expected errors matching flatArrayNoExcessiveStackDepth_errors_txt[jvm] FAILED

<test-failure test="com.xemantic.typescript.compiler.TypeScriptCompilerTests_F.functionCall18_ts has expected errors matching functionCall18_errors_txt" platform="jvm">
<message>
Expected diagnostics from baseline typescript-repo/tests/baselines/reference/functionCall18.errors.txt but none produced
</message>
<stacktrace>
  at com.xemantic.typescript.compiler.TypeScriptTestSupportKt.errorsMatchBaseline(TypeScriptTestSupport.kt:125)
  at com.xemantic.typescript.compiler.TypeScriptCompilerTests_F.functionCall18_ts has expected errors matching functionCall18_errors_txt(TypeScriptCompilerTests_F.kt:994)
  at java.base/jdk.internal.reflect.DirectMethodHandleAccessor.invoke(DirectMethodHandleAccessor.java:104)
  at java.base/java.lang.reflect.Method.invoke(Method.java:565)
  at org.junit.runners.model.FrameworkMethod$1.runReflectiveCall(FrameworkMethod.java:59)
  at org.junit.internal.runners.model.ReflectiveCallable.run(ReflectiveCallable.java:12)
  at org.junit.runners.model.FrameworkMethod.invokeExplosively(FrameworkMethod.java:56)
  at org.junit.internal.runners.statements.InvokeMethod.evaluate(InvokeMethod.java:17)
  at org.junit.runners.ParentRunner$3.evaluate(ParentRunner.java:306)
  at org.junit.runners.BlockJUnit4ClassRunner$1.evaluate(BlockJUnit4ClassRunner.java:100)
  at org.junit.runners.ParentRunner.runLeaf(ParentRunner.java:366)
  at org.junit.runners.BlockJUnit4ClassRunner.runChild(BlockJUnit4ClassRunner.java:103)
  at org.junit.runners.BlockJUnit4ClassRunner.runChild(BlockJUnit4ClassRunner.java:63)
  at org.junit.runners.ParentRunner$4.run(ParentRunner.java:331)
  at org.junit.runners.ParentRunner$1.schedule(ParentRunner.java:79)
  at org.junit.runners.ParentRunner.runChildren(ParentRunner.java:329)
  at org.junit.runners.ParentRunner.access$100(ParentRunner.java:66)
  at org.junit.runners.ParentRunner$2.evaluate(ParentRunner.java:293)
  at org.junit.runners.ParentRunner$3.evaluate(ParentRunner.java:306)
  at org.junit.runners.ParentRunner.run(ParentRunner.java:413)
  at org.junit.runner.JUnitCore.run(JUnitCore.java:137)
  at org.junit.runner.JUnitCore.run(JUnitCore.java:115)
  at org.gradle.api.internal.tasks.testing.junit.JUnitTestExecutor.runRequest(JUnitTestExecutor.java:175)
  at org.gradle.api.internal.tasks.testing.junit.JUnitTestExecutor.accept(JUnitTestExecutor.java:84)
  at org.gradle.api.internal.tasks.testing.junit.JUnitTestExecutor.accept(JUnitTestExecutor.java:47)
  at org.gradle.api.internal.tasks.testing.junit.AbstractJUnitTestDefinitionProcessor.processTestDefinition(AbstractJUnitTestDefinitionProcessor.java:65)
  at org.gradle.api.internal.tasks.testing.SuiteTestDefinitionProcessor.processTestDefinition(SuiteTestDefinitionProcessor.java:54)
  at java.base/jdk.internal.reflect.DirectMethodHandleAccessor.invoke(DirectMethodHandleAccessor.java:104)
  at java.base/java.lang.reflect.Method.invoke(Method.java:565)
  at org.gradle.internal.dispatch.MethodInvocation.invokeOn(MethodInvocation.java:77)
  at org.gradle.internal.dispatch.ReflectionDispatch.dispatch(ReflectionDispatch.java:28)
  at org.gradle.internal.dispatch.ReflectionDispatch.dispatch(ReflectionDispatch.java:19)
  at org.gradle.internal.dispatch.ContextClassLoaderDispatch.dispatch(ContextClassLoaderDispatch.java:33)
  at org.gradle.internal.dispatch.ProxyDispatchAdapter$DispatchingInvocationHandler.invoke(ProxyDispatchAdapter.java:88)
  at jdk.proxy1/jdk.proxy1.$Proxy4.processTestDefinition(Unknown Source)
  at org.gradle.api.internal.tasks.testing.worker.TestWorker$2.run(TestWorker.java:178)
  at org.gradle.api.internal.tasks.testing.worker.TestWorker.executeAndMaintainThreadName(TestWorker.java:126)
  at org.gradle.api.internal.tasks.testing.worker.TestWorker.execute(TestWorker.java:103)
  at org.gradle.api.internal.tasks.testing.worker.TestWorker.execute(TestWorker.java:63)
  at org.gradle.process.internal.worker.child.ActionExecutionWorker.execute(ActionExecutionWorker.java:56)
  at org.gradle.process.internal.worker.child.SystemApplicationClassLoaderWorker.call(SystemApplicationClassLoaderWorker.java:122)
  at org.gradle.process.internal.worker.child.SystemApplicationClassLoaderWorker.call(SystemApplicationClassLoaderWorker.java:72)
  at worker.org.gradle.process.internal.worker.GradleWorkerMain.run(GradleWorkerMain.java:69)
  at worker.org.gradle.process.internal.worker.GradleWorkerMain.main(GradleWorkerMain.java:74)
</stacktrace>
</test-failure>


TypeScriptCompilerTests_F[jvm] > functionCall18_ts has expected errors matching functionCall18_errors_txt[jvm] FAILED

<test-failure test="com.xemantic.typescript.compiler.TypeScriptCompilerTests_F.functionToFunctionWithPropError_ts has expected errors matching functionToFunctionWithPropError_errors_txt" platform="jvm">
<message>
Expected diagnostics from baseline typescript-repo/tests/baselines/reference/functionToFunctionWithPropError.errors.txt but none produced
</message>
<stacktrace>
  at com.xemantic.typescript.compiler.TypeScriptTestSupportKt.errorsMatchBaseline(TypeScriptTestSupport.kt:125)
  at com.xemantic.typescript.compiler.TypeScriptCompilerTests_F.functionToFunctionWithPropError_ts has expected errors matching functionToFunctionWithPropError_errors_txt(TypeScriptCompilerTests_F.kt:1841)
  at java.base/jdk.internal.reflect.DirectMethodHandleAccessor.invoke(DirectMethodHandleAccessor.java:104)
  at java.base/java.lang.reflect.Method.invoke(Method.java:565)
  at org.junit.runners.model.FrameworkMethod$1.runReflectiveCall(FrameworkMethod.java:59)
  at org.junit.internal.runners.model.ReflectiveCallable.run(ReflectiveCallable.java:12)
  at org.junit.runners.model.FrameworkMethod.invokeExplosively(FrameworkMethod.java:56)
  at org.junit.internal.runners.statements.InvokeMethod.evaluate(InvokeMethod.java:17)
  at org.junit.runners.ParentRunner$3.evaluate(ParentRunner.java:306)
  at org.junit.runners.BlockJUnit4ClassRunner$1.evaluate(BlockJUnit4ClassRunner.java:100)
  at org.junit.runners.ParentRunner.runLeaf(ParentRunner.java:366)
  at org.junit.runners.BlockJUnit4ClassRunner.runChild(BlockJUnit4ClassRunner.java:103)
  at org.junit.runners.BlockJUnit4ClassRunner.runChild(BlockJUnit4ClassRunner.java:63)
  at org.junit.runners.ParentRunner$4.run(ParentRunner.java:331)
  at org.junit.runners.ParentRunner$1.schedule(ParentRunner.java:79)
  at org.junit.runners.ParentRunner.runChildren(ParentRunner.java:329)
  at org.junit.runners.ParentRunner.access$100(ParentRunner.java:66)
  at org.junit.runners.ParentRunner$2.evaluate(ParentRunner.java:293)
  at org.junit.runners.ParentRunner$3.evaluate(ParentRunner.java:306)
  at org.junit.runners.ParentRunner.run(ParentRunner.java:413)
  at org.junit.runner.JUnitCore.run(JUnitCore.java:137)
  at org.junit.runner.JUnitCore.run(JUnitCore.java:115)
  at org.gradle.api.internal.tasks.testing.junit.JUnitTestExecutor.runRequest(JUnitTestExecutor.java:175)
  at org.gradle.api.internal.tasks.testing.junit.JUnitTestExecutor.accept(JUnitTestExecutor.java:84)
  at org.gradle.api.internal.tasks.testing.junit.JUnitTestExecutor.accept(JUnitTestExecutor.java:47)
  at org.gradle.api.internal.tasks.testing.junit.AbstractJUnitTestDefinitionProcessor.processTestDefinition(AbstractJUnitTestDefinitionProcessor.java:65)
  at org.gradle.api.internal.tasks.testing.SuiteTestDefinitionProcessor.processTestDefinition(SuiteTestDefinitionProcessor.java:54)
  at java.base/jdk.internal.reflect.DirectMethodHandleAccessor.invoke(DirectMethodHandleAccessor.java:104)
  at java.base/java.lang.reflect.Method.invoke(Method.java:565)
  at org.gradle.internal.dispatch.MethodInvocation.invokeOn(MethodInvocation.java:77)
  at org.gradle.internal.dispatch.ReflectionDispatch.dispatch(ReflectionDispatch.java:28)
  at org.gradle.internal.dispatch.ReflectionDispatch.dispatch(ReflectionDispatch.java:19)
  at org.gradle.internal.dispatch.ContextClassLoaderDispatch.dispatch(ContextClassLoaderDispatch.java:33)
  at org.gradle.internal.dispatch.ProxyDispatchAdapter$DispatchingInvocationHandler.invoke(ProxyDispatchAdapter.java:88)
  at jdk.proxy1/jdk.proxy1.$Proxy4.processTestDefinition(Unknown Source)
  at org.gradle.api.internal.tasks.testing.worker.TestWorker$2.run(TestWorker.java:178)
  at org.gradle.api.internal.tasks.testing.worker.TestWorker.executeAndMaintainThreadName(TestWorker.java:126)
  at org.gradle.api.internal.tasks.testing.worker.TestWorker.execute(TestWorker.java:103)
  at org.gradle.api.internal.tasks.testing.worker.TestWorker.execute(TestWorker.java:63)
  at org.gradle.process.internal.worker.child.ActionExecutionWorker.execute(ActionExecutionWorker.java:56)
  at org.gradle.process.internal.worker.child.SystemApplicationClassLoaderWorker.call(SystemApplicationClassLoaderWorker.java:122)
  at org.gradle.process.internal.worker.child.SystemApplicationClassLoaderWorker.call(SystemApplicationClassLoaderWorker.java:72)
  at worker.org.gradle.process.internal.worker.GradleWorkerMain.run(GradleWorkerMain.java:69)
  at worker.org.gradle.process.internal.worker.GradleWorkerMain.main(GradleWorkerMain.java:74)
</stacktrace>
</test-failure>


TypeScriptCompilerTests_F[jvm] > functionToFunctionWithPropError_ts has expected errors matching functionToFunctionWithPropError_errors_txt[jvm] FAILED

<test-failure test="com.xemantic.typescript.compiler.TypeScriptCompilerTests_F.functionOverloads17_ts has expected errors matching functionOverloads17_errors_txt" platform="jvm">
<message>
Expected diagnostics from baseline typescript-repo/tests/baselines/reference/functionOverloads17.errors.txt but none produced
</message>
<stacktrace>
  at com.xemantic.typescript.compiler.TypeScriptTestSupportKt.errorsMatchBaseline(TypeScriptTestSupport.kt:125)
  at com.xemantic.typescript.compiler.TypeScriptCompilerTests_F.functionOverloads17_ts has expected errors matching functionOverloads17_errors_txt(TypeScriptCompilerTests_F.kt:1358)
  at java.base/jdk.internal.reflect.DirectMethodHandleAccessor.invoke(DirectMethodHandleAccessor.java:104)
  at java.base/java.lang.reflect.Method.invoke(Method.java:565)
  at org.junit.runners.model.FrameworkMethod$1.runReflectiveCall(FrameworkMethod.java:59)
  at org.junit.internal.runners.model.ReflectiveCallable.run(ReflectiveCallable.java:12)
  at org.junit.runners.model.FrameworkMethod.invokeExplosively(FrameworkMethod.java:56)
  at org.junit.internal.runners.statements.InvokeMethod.evaluate(InvokeMethod.java:17)
  at org.junit.runners.ParentRunner$3.evaluate(ParentRunner.java:306)
  at org.junit.runners.BlockJUnit4ClassRunner$1.evaluate(BlockJUnit4ClassRunner.java:100)
  at org.junit.runners.ParentRunner.runLeaf(ParentRunner.java:366)
  at org.junit.runners.BlockJUnit4ClassRunner.runChild(BlockJUnit4ClassRunner.java:103)
  at org.junit.runners.BlockJUnit4ClassRunner.runChild(BlockJUnit4ClassRunner.java:63)
  at org.junit.runners.ParentRunner$4.run(ParentRunner.java:331)
  at org.junit.runners.ParentRunner$1.schedule(ParentRunner.java:79)
  at org.junit.runners.ParentRunner.runChildren(ParentRunner.java:329)
  at org.junit.runners.ParentRunner.access$100(ParentRunner.java:66)
  at org.junit.runners.ParentRunner$2.evaluate(ParentRunner.java:293)
  at org.junit.runners.ParentRunner$3.evaluate(ParentRunner.java:306)
  at org.junit.runners.ParentRunner.run(ParentRunner.java:413)
  at org.junit.runner.JUnitCore.run(JUnitCore.java:137)
  at org.junit.runner.JUnitCore.run(JUnitCore.java:115)
  at org.gradle.api.internal.tasks.testing.junit.JUnitTestExecutor.runRequest(JUnitTestExecutor.java:175)
  at org.gradle.api.internal.tasks.testing.junit.JUnitTestExecutor.accept(JUnitTestExecutor.java:84)
  at org.gradle.api.internal.tasks.testing.junit.JUnitTestExecutor.accept(JUnitTestExecutor.java:47)
  at org.gradle.api.internal.tasks.testing.junit.AbstractJUnitTestDefinitionProcessor.processTestDefinition(AbstractJUnitTestDefinitionProcessor.java:65)
  at org.gradle.api.internal.tasks.testing.SuiteTestDefinitionProcessor.processTestDefinition(SuiteTestDefinitionProcessor.java:54)
  at java.base/jdk.internal.reflect.DirectMethodHandleAccessor.invoke(DirectMethodHandleAccessor.java:104)
  at java.base/java.lang.reflect.Method.invoke(Method.java:565)
  at org.gradle.internal.dispatch.MethodInvocation.invokeOn(MethodInvocation.java:77)
  at org.gradle.internal.dispatch.ReflectionDispatch.dispatch(ReflectionDispatch.java:28)
  at org.gradle.internal.dispatch.ReflectionDispatch.dispatch(ReflectionDispatch.java:19)
  at org.gradle.internal.dispatch.ContextClassLoaderDispatch.dispatch(ContextClassLoaderDispatch.java:33)
  at org.gradle.internal.dispatch.ProxyDispatchAdapter$DispatchingInvocationHandler.invoke(ProxyDispatchAdapter.java:88)
  at jdk.proxy1/jdk.proxy1.$Proxy4.processTestDefinition(Unknown Source)
  at org.gradle.api.internal.tasks.testing.worker.TestWorker$2.run(TestWorker.java:178)
  at org.gradle.api.internal.tasks.testing.worker.TestWorker.executeAndMaintainThreadName(TestWorker.java:126)
  at org.gradle.api.internal.tasks.testing.worker.TestWorker.execute(TestWorker.java:103)
  at org.gradle.api.internal.tasks.testing.worker.TestWorker.execute(TestWorker.java:63)
  at org.gradle.process.internal.worker.child.ActionExecutionWorker.execute(ActionExecutionWorker.java:56)
  at org.gradle.process.internal.worker.child.SystemApplicationClassLoaderWorker.call(SystemApplicationClassLoaderWorker.java:122)
  at org.gradle.process.internal.worker.child.SystemApplicationClassLoaderWorker.call(SystemApplicationClassLoaderWorker.java:72)
  at worker.org.gradle.process.internal.worker.GradleWorkerMain.run(GradleWorkerMain.java:69)
  at worker.org.gradle.process.internal.worker.GradleWorkerMain.main(GradleWorkerMain.java:74)
</stacktrace>
</test-failure>


TypeScriptCompilerTests_F[jvm] > functionOverloads17_ts has expected errors matching functionOverloads17_errors_txt[jvm] FAILED

<test-failure test="com.xemantic.typescript.compiler.TypeScriptCompilerTests_F.functionTypesLackingReturnTypes_ts has expected errors matching functionTypesLackingReturnTypes_errors_txt" platform="jvm">
<message>
--- expected
+++ actual
@@ -1,12 +1,12 @@
-functionTypesLackingReturnTypes.ts(2,17): error TS1005: '=>' expected.
+functionTypesLackingReturnTypes.ts(2,19): error TS1005: ')' expected.
 functionTypesLackingReturnTypes.ts(6,9): error TS2304: Cannot find name 'param'.
 
 
 ==== functionTypesLackingReturnTypes.ts (2 errors) ====
     // Error (no '=>')
     function f(x: ()) {
-                    ~
-!!! error TS1005: '=>' expected.
+                      ~
+!!! error TS1005: ')' expected.
     }
     
     // Error (no '=>')

</message>
<stacktrace>
  at org.junit.Assert.fail(Assert.java:89)
  at kotlin.test.junit.JUnitAsserter.fail(JUnitSupport.kt:56)
  at kotlin.test.AssertionsKt__AssertionsKt.fail(Assertions.kt:563)
  at kotlin.test.AssertionsKt.fail(Unknown Source)
  at com.xemantic.kotlin.test.SameAsKt.sameAs(SameAs.kt:52)
  at com.xemantic.typescript.compiler.TypeScriptTestSupportKt.errorsMatchBaseline(TypeScriptTestSupport.kt:135)
  at com.xemantic.typescript.compiler.TypeScriptCompilerTests_F.functionTypesLackingReturnTypes_ts has expected errors matching functionTypesLackingReturnTypes_errors_txt(TypeScriptCompilerTests_F.kt:1897)
  at java.base/jdk.internal.reflect.DirectMethodHandleAccessor.invoke(DirectMethodHandleAccessor.java:104)
  at java.base/java.lang.reflect.Method.invoke(Method.java:565)
  at org.junit.runners.model.FrameworkMethod$1.runReflectiveCall(FrameworkMethod.java:59)
  at org.junit.internal.runners.model.ReflectiveCallable.run(ReflectiveCallable.java:12)
  at org.junit.runners.model.FrameworkMethod.invokeExplosively(FrameworkMethod.java:56)
  at org.junit.internal.runners.statements.InvokeMethod.evaluate(InvokeMethod.java:17)
  at org.junit.runners.ParentRunner$3.evaluate(ParentRunner.java:306)
  at org.junit.runners.BlockJUnit4ClassRunner$1.evaluate(BlockJUnit4ClassRunner.java:100)
  at org.junit.runners.ParentRunner.runLeaf(ParentRunner.java:366)
  at org.junit.runners.BlockJUnit4ClassRunner.runChild(BlockJUnit4ClassRunner.java:103)
  at org.junit.runners.BlockJUnit4ClassRunner.runChild(BlockJUnit4ClassRunner.java:63)
  at org.junit.runners.ParentRunner$4.run(ParentRunner.java:331)
  at org.junit.runners.ParentRunner$1.schedule(ParentRunner.java:79)
  at org.junit.runners.ParentRunner.runChildren(ParentRunner.java:329)
  at org.junit.runners.ParentRunner.access$100(ParentRunner.java:66)
  at org.junit.runners.ParentRunner$2.evaluate(ParentRunner.java:293)
  at org.junit.runners.ParentRunner$3.evaluate(ParentRunner.java:306)
  at org.junit.runners.ParentRunner.run(ParentRunner.java:413)
  at org.junit.runner.JUnitCore.run(JUnitCore.java:137)
  at org.junit.runner.JUnitCore.run(JUnitCore.java:115)
  at org.gradle.api.internal.tasks.testing.junit.JUnitTestExecutor.runRequest(JUnitTestExecutor.java:175)
  at org.gradle.api.internal.tasks.testing.junit.JUnitTestExecutor.accept(JUnitTestExecutor.java:84)
  at org.gradle.api.internal.tasks.testing.junit.JUnitTestExecutor.accept(JUnitTestExecutor.java:47)
  at org.gradle.api.internal.tasks.testing.junit.AbstractJUnitTestDefinitionProcessor.processTestDefinition(AbstractJUnitTestDefinitionProcessor.java:65)
  at org.gradle.api.internal.tasks.testing.SuiteTestDefinitionProcessor.processTestDefinition(SuiteTestDefinitionProcessor.java:54)
  at java.base/jdk.internal.reflect.DirectMethodHandleAccessor.invoke(DirectMethodHandleAccessor.java:104)
  at java.base/java.lang.reflect.Method.invoke(Method.java:565)
  at org.gradle.internal.dispatch.MethodInvocation.invokeOn(MethodInvocation.java:77)
  at org.gradle.internal.dispatch.ReflectionDispatch.dispatch(ReflectionDispatch.java:28)
  at org.gradle.internal.dispatch.ReflectionDispatch.dispatch(ReflectionDispatch.java:19)
  at org.gradle.internal.dispatch.ContextClassLoaderDispatch.dispatch(ContextClassLoaderDispatch.java:33)
  at org.gradle.internal.dispatch.ProxyDispatchAdapter$DispatchingInvocationHandler.invoke(ProxyDispatchAdapter.java:88)
  at jdk.proxy1/jdk.proxy1.$Proxy4.processTestDefinition(Unknown Source)
  at org.gradle.api.internal.tasks.testing.worker.TestWorker$2.run(TestWorker.java:178)
  at org.gradle.api.internal.tasks.testing.worker.TestWorker.executeAndMaintainThreadName(TestWorker.java:126)
  at org.gradle.api.internal.tasks.testing.worker.TestWorker.execute(TestWorker.java:103)
  at org.gradle.api.internal.tasks.testing.worker.TestWorker.execute(TestWorker.java:63)
  at org.gradle.process.internal.worker.child.ActionExecutionWorker.execute(ActionExecutionWorker.java:56)
  at org.gradle.process.internal.worker.child.SystemApplicationClassLoaderWorker.call(SystemApplicationClassLoaderWorker.java:122)
  at org.gradle.process.internal.worker.child.SystemApplicationClassLoaderWorker.call(SystemApplicationClassLoaderWorker.java:72)
  at worker.org.gradle.process.internal.worker.GradleWorkerMain.run(GradleWorkerMain.java:69)
  at worker.org.gradle.process.internal.worker.GradleWorkerMain.main(GradleWorkerMain.java:74)
</stacktrace>
</test-failure>


TypeScriptCompilerTests_F[jvm] > functionTypesLackingReturnTypes_ts has expected errors matching functionTypesLackingReturnTypes_errors_txt[jvm] FAILED

<test-failure test="com.xemantic.typescript.compiler.TypeScriptCompilerTests_F.fallbackToBindingPatternForTypeInference_ts has expected errors matching fallbackToBindingPatternForTypeInference_errors_txt" platform="jvm">
<message>
Expected diagnostics from baseline typescript-repo/tests/baselines/reference/fallbackToBindingPatternForTypeInference.errors.txt but none produced
</message>
<stacktrace>
  at com.xemantic.typescript.compiler.TypeScriptTestSupportKt.errorsMatchBaseline(TypeScriptTestSupport.kt:125)
  at com.xemantic.typescript.compiler.TypeScriptCompilerTests_F.fallbackToBindingPatternForTypeInference_ts has expected errors matching fallbackToBindingPatternForTypeInference_errors_txt(TypeScriptCompilerTests_F.kt:126)
  at java.base/jdk.internal.reflect.DirectMethodHandleAccessor.invoke(DirectMethodHandleAccessor.java:104)
  at java.base/java.lang.reflect.Method.invoke(Method.java:565)
  at org.junit.runners.model.FrameworkMethod$1.runReflectiveCall(FrameworkMethod.java:59)
  at org.junit.internal.runners.model.ReflectiveCallable.run(ReflectiveCallable.java:12)
  at org.junit.runners.model.FrameworkMethod.invokeExplosively(FrameworkMethod.java:56)
  at org.junit.internal.runners.statements.InvokeMethod.evaluate(InvokeMethod.java:17)
  at org.junit.runners.ParentRunner$3.evaluate(ParentRunner.java:306)
  at org.junit.runners.BlockJUnit4ClassRunner$1.evaluate(BlockJUnit4ClassRunner.java:100)
  at org.junit.runners.ParentRunner.runLeaf(ParentRunner.java:366)
  at org.junit.runners.BlockJUnit4ClassRunner.runChild(BlockJUnit4ClassRunner.java:103)
  at org.junit.runners.BlockJUnit4ClassRunner.runChild(BlockJUnit4ClassRunner.java:63)
  at org.junit.runners.ParentRunner$4.run(ParentRunner.java:331)
  at org.junit.runners.ParentRunner$1.schedule(ParentRunner.java:79)
  at org.junit.runners.ParentRunner.runChildren(ParentRunner.java:329)
  at org.junit.runners.ParentRunner.access$100(ParentRunner.java:66)
  at org.junit.runners.ParentRunner$2.evaluate(ParentRunner.java:293)
  at org.junit.runners.ParentRunner$3.evaluate(ParentRunner.java:306)
  at org.junit.runners.ParentRunner.run(ParentRunner.java:413)
  at org.junit.runner.JUnitCore.run(JUnitCore.java:137)
  at org.junit.runner.JUnitCore.run(JUnitCore.java:115)
  at org.gradle.api.internal.tasks.testing.junit.JUnitTestExecutor.runRequest(JUnitTestExecutor.java:175)
  at org.gradle.api.internal.tasks.testing.junit.JUnitTestExecutor.accept(JUnitTestExecutor.java:84)
  at org.gradle.api.internal.tasks.testing.junit.JUnitTestExecutor.accept(JUnitTestExecutor.java:47)
  at org.gradle.api.internal.tasks.testing.junit.AbstractJUnitTestDefinitionProcessor.processTestDefinition(AbstractJUnitTestDefinitionProcessor.java:65)
  at org.gradle.api.internal.tasks.testing.SuiteTestDefinitionProcessor.processTestDefinition(SuiteTestDefinitionProcessor.java:54)
  at java.base/jdk.internal.reflect.DirectMethodHandleAccessor.invoke(DirectMethodHandleAccessor.java:104)
  at java.base/java.lang.reflect.Method.invoke(Method.java:565)
  at org.gradle.internal.dispatch.MethodInvocation.invokeOn(MethodInvocation.java:77)
  at org.gradle.internal.dispatch.ReflectionDispatch.dispatch(ReflectionDispatch.java:28)
  at org.gradle.internal.dispatch.ReflectionDispatch.dispatch(ReflectionDispatch.java:19)
  at org.gradle.internal.dispatch.ContextClassLoaderDispatch.dispatch(ContextClassLoaderDispatch.java:33)
  at org.gradle.internal.dispatch.ProxyDispatchAdapter$DispatchingInvocationHandler.invoke(ProxyDispatchAdapter.java:88)
  at jdk.proxy1/jdk.proxy1.$Proxy4.processTestDefinition(Unknown Source)
  at org.gradle.api.internal.tasks.testing.worker.TestWorker$2.run(TestWorker.java:178)
  at org.gradle.api.internal.tasks.testing.worker.TestWorker.executeAndMaintainThreadName(TestWorker.java:126)
  at org.gradle.api.internal.tasks.testing.worker.TestWorker.execute(TestWorker.java:103)
  at org.gradle.api.internal.tasks.testing.worker.TestWorker.execute(TestWorker.java:63)
  at org.gradle.process.internal.worker.child.ActionExecutionWorker.execute(ActionExecutionWorker.java:56)
  at org.gradle.process.internal.worker.child.SystemApplicationClassLoaderWorker.call(SystemApplicationClassLoaderWorker.java:122)
  at org.gradle.process.internal.worker.child.SystemApplicationClassLoaderWorker.call(SystemApplicationClassLoaderWorker.java:72)
  at worker.org.gradle.process.internal.worker.GradleWorkerMain.run(GradleWorkerMain.java:69)
  at worker.org.gradle.process.internal.worker.GradleWorkerMain.main(GradleWorkerMain.java:74)
</stacktrace>
</test-failure>


TypeScriptCompilerTests_F[jvm] > fallbackToBindingPatternForTypeInference_ts has expected errors matching fallbackToBindingPatternForTypeInference_errors_txt[jvm] FAILED

<test-failure test="com.xemantic.typescript.compiler.TypeScriptCompilerTests_F.functionOverloads40_ts has expected errors matching functionOverloads40_errors_txt" platform="jvm">
<message>
Expected diagnostics from baseline typescript-repo/tests/baselines/reference/functionOverloads40.errors.txt but none produced
</message>
<stacktrace>
  at com.xemantic.typescript.compiler.TypeScriptTestSupportKt.errorsMatchBaseline(TypeScriptTestSupport.kt:125)
  at com.xemantic.typescript.compiler.TypeScriptCompilerTests_F.functionOverloads40_ts has expected errors matching functionOverloads40_errors_txt(TypeScriptCompilerTests_F.kt:1624)
  at java.base/jdk.internal.reflect.DirectMethodHandleAccessor.invoke(DirectMethodHandleAccessor.java:104)
  at java.base/java.lang.reflect.Method.invoke(Method.java:565)
  at org.junit.runners.model.FrameworkMethod$1.runReflectiveCall(FrameworkMethod.java:59)
  at org.junit.internal.runners.model.ReflectiveCallable.run(ReflectiveCallable.java:12)
  at org.junit.runners.model.FrameworkMethod.invokeExplosively(FrameworkMethod.java:56)
  at org.junit.internal.runners.statements.InvokeMethod.evaluate(InvokeMethod.java:17)
  at org.junit.runners.ParentRunner$3.evaluate(ParentRunner.java:306)
  at org.junit.runners.BlockJUnit4ClassRunner$1.evaluate(BlockJUnit4ClassRunner.java:100)
  at org.junit.runners.ParentRunner.runLeaf(ParentRunner.java:366)
  at org.junit.runners.BlockJUnit4ClassRunner.runChild(BlockJUnit4ClassRunner.java:103)
  at org.junit.runners.BlockJUnit4ClassRunner.runChild(BlockJUnit4ClassRunner.java:63)
  at org.junit.runners.ParentRunner$4.run(ParentRunner.java:331)
  at org.junit.runners.ParentRunner$1.schedule(ParentRunner.java:79)
  at org.junit.runners.ParentRunner.runChildren(ParentRunner.java:329)
  at org.junit.runners.ParentRunner.access$100(ParentRunner.java:66)
  at org.junit.runners.ParentRunner$2.evaluate(ParentRunner.java:293)
  at org.junit.runners.ParentRunner$3.evaluate(ParentRunner.java:306)
  at org.junit.runners.ParentRunner.run(ParentRunner.java:413)
  at org.junit.runner.JUnitCore.run(JUnitCore.java:137)
  at org.junit.runner.JUnitCore.run(JUnitCore.java:115)
  at org.gradle.api.internal.tasks.testing.junit.JUnitTestExecutor.runRequest(JUnitTestExecutor.java:175)
  at org.gradle.api.internal.tasks.testing.junit.JUnitTestExecutor.accept(JUnitTestExecutor.java:84)
  at org.gradle.api.internal.tasks.testing.junit.JUnitTestExecutor.accept(JUnitTestExecutor.java:47)
  at org.gradle.api.internal.tasks.testing.junit.AbstractJUnitTestDefinitionProcessor.processTestDefinition(AbstractJUnitTestDefinitionProcessor.java:65)
  at org.gradle.api.internal.tasks.testing.SuiteTestDefinitionProcessor.processTestDefinition(SuiteTestDefinitionProcessor.java:54)
  at java.base/jdk.internal.reflect.DirectMethodHandleAccessor.invoke(DirectMethodHandleAccessor.java:104)
  at java.base/java.lang.reflect.Method.invoke(Method.java:565)
  at org.gradle.internal.dispatch.MethodInvocation.invokeOn(MethodInvocation.java:77)
  at org.gradle.internal.dispatch.ReflectionDispatch.dispatch(ReflectionDispatch.java:28)
  at org.gradle.internal.dispatch.ReflectionDispatch.dispatch(ReflectionDispatch.java:19)
  at org.gradle.internal.dispatch.ContextClassLoaderDispatch.dispatch(ContextClassLoaderDispatch.java:33)
  at org.gradle.internal.dispatch.ProxyDispatchAdapter$DispatchingInvocationHandler.invoke(ProxyDispatchAdapter.java:88)
  at jdk.proxy1/jdk.proxy1.$Proxy4.processTestDefinition(Unknown Source)
  at org.gradle.api.internal.tasks.testing.worker.TestWorker$2.run(TestWorker.java:178)
  at org.gradle.api.internal.tasks.testing.worker.TestWorker.executeAndMaintainThreadName(TestWorker.java:126)
  at org.gradle.api.internal.tasks.testing.worker.TestWorker.execute(TestWorker.java:103)
  at org.gradle.api.internal.tasks.testing.worker.TestWorker.execute(TestWorker.java:63)
  at org.gradle.process.internal.worker.child.ActionExecutionWorker.execute(ActionExecutionWorker.java:56)
  at org.gradle.process.internal.worker.child.SystemApplicationClassLoaderWorker.call(SystemApplicationClassLoaderWorker.java:122)
  at org.gradle.process.internal.worker.child.SystemApplicationClassLoaderWorker.call(SystemApplicationClassLoaderWorker.java:72)
  at worker.org.gradle.process.internal.worker.GradleWorkerMain.run(GradleWorkerMain.java:69)
  at worker.org.gradle.process.internal.worker.GradleWorkerMain.main(GradleWorkerMain.java:74)
</stacktrace>
</test-failure>


TypeScriptCompilerTests_F[jvm] > functionOverloads40_ts has expected errors matching functionOverloads40_errors_txt[jvm] FAILED

<test-failure test="com.xemantic.typescript.compiler.TypeScriptCompilerTests_F.functionOverloads19_ts has expected errors matching functionOverloads19_errors_txt" platform="jvm">
<message>
Expected diagnostics from baseline typescript-repo/tests/baselines/reference/functionOverloads19.errors.txt but none produced
</message>
<stacktrace>
  at com.xemantic.typescript.compiler.TypeScriptTestSupportKt.errorsMatchBaseline(TypeScriptTestSupport.kt:125)
  at com.xemantic.typescript.compiler.TypeScriptCompilerTests_F.functionOverloads19_ts has expected errors matching functionOverloads19_errors_txt(TypeScriptCompilerTests_F.kt:1386)
  at java.base/jdk.internal.reflect.DirectMethodHandleAccessor.invoke(DirectMethodHandleAccessor.java:104)
  at java.base/java.lang.reflect.Method.invoke(Method.java:565)
  at org.junit.runners.model.FrameworkMethod$1.runReflectiveCall(FrameworkMethod.java:59)
  at org.junit.internal.runners.model.ReflectiveCallable.run(ReflectiveCallable.java:12)
  at org.junit.runners.model.FrameworkMethod.invokeExplosively(FrameworkMethod.java:56)
  at org.junit.internal.runners.statements.InvokeMethod.evaluate(InvokeMethod.java:17)
  at org.junit.runners.ParentRunner$3.evaluate(ParentRunner.java:306)
  at org.junit.runners.BlockJUnit4ClassRunner$1.evaluate(BlockJUnit4ClassRunner.java:100)
  at org.junit.runners.ParentRunner.runLeaf(ParentRunner.java:366)
  at org.junit.runners.BlockJUnit4ClassRunner.runChild(BlockJUnit4ClassRunner.java:103)
  at org.junit.runners.BlockJUnit4ClassRunner.runChild(BlockJUnit4ClassRunner.java:63)
  at org.junit.runners.ParentRunner$4.run(ParentRunner.java:331)
  at org.junit.runners.ParentRunner$1.schedule(ParentRunner.java:79)
  at org.junit.runners.ParentRunner.runChildren(ParentRunner.java:329)
  at org.junit.runners.ParentRunner.access$100(ParentRunner.java:66)
  at org.junit.runners.ParentRunner$2.evaluate(ParentRunner.java:293)
  at org.junit.runners.ParentRunner$3.evaluate(ParentRunner.java:306)
  at org.junit.runners.ParentRunner.run(ParentRunner.java:413)
  at org.junit.runner.JUnitCore.run(JUnitCore.java:137)
  at org.junit.runner.JUnitCore.run(JUnitCore.java:115)
  at org.gradle.api.internal.tasks.testing.junit.JUnitTestExecutor.runRequest(JUnitTestExecutor.java:175)
  at org.gradle.api.internal.tasks.testing.junit.JUnitTestExecutor.accept(JUnitTestExecutor.java:84)
  at org.gradle.api.internal.tasks.testing.junit.JUnitTestExecutor.accept(JUnitTestExecutor.java:47)
  at org.gradle.api.internal.tasks.testing.junit.AbstractJUnitTestDefinitionProcessor.processTestDefinition(AbstractJUnitTestDefinitionProcessor.java:65)
  at org.gradle.api.internal.tasks.testing.SuiteTestDefinitionProcessor.processTestDefinition(SuiteTestDefinitionProcessor.java:54)
  at java.base/jdk.internal.reflect.DirectMethodHandleAccessor.invoke(DirectMethodHandleAccessor.java:104)
  at java.base/java.lang.reflect.Method.invoke(Method.java:565)
  at org.gradle.internal.dispatch.MethodInvocation.invokeOn(MethodInvocation.java:77)
  at org.gradle.internal.dispatch.ReflectionDispatch.dispatch(ReflectionDispatch.java:28)
  at org.gradle.internal.dispatch.ReflectionDispatch.dispatch(ReflectionDispatch.java:19)
  at org.gradle.internal.dispatch.ContextClassLoaderDispatch.dispatch(ContextClassLoaderDispatch.java:33)
  at org.gradle.internal.dispatch.ProxyDispatchAdapter$DispatchingInvocationHandler.invoke(ProxyDispatchAdapter.java:88)
  at jdk.proxy1/jdk.proxy1.$Proxy4.processTestDefinition(Unknown Source)
  at org.gradle.api.internal.tasks.testing.worker.TestWorker$2.run(TestWorker.java:178)
  at org.gradle.api.internal.tasks.testing.worker.TestWorker.executeAndMaintainThreadName(TestWorker.java:126)
  at org.gradle.api.internal.tasks.testing.worker.TestWorker.execute(TestWorker.java:103)
  at org.gradle.api.internal.tasks.testing.worker.TestWorker.execute(TestWorker.java:63)
  at org.gradle.process.internal.worker.child.ActionExecutionWorker.execute(ActionExecutionWorker.java:56)
  at org.gradle.process.internal.worker.child.SystemApplicationClassLoaderWorker.call(SystemApplicationClassLoaderWorker.java:122)
  at org.gradle.process.internal.worker.child.SystemApplicationClassLoaderWorker.call(SystemApplicationClassLoaderWorker.java:72)
  at worker.org.gradle.process.internal.worker.GradleWorkerMain.run(GradleWorkerMain.java:69)
  at worker.org.gradle.process.internal.worker.GradleWorkerMain.main(GradleWorkerMain.java:74)
</stacktrace>
</test-failure>


TypeScriptCompilerTests_F[jvm] > functionOverloads19_ts has expected errors matching functionOverloads19_errors_txt[jvm] FAILED

<test-failure test="com.xemantic.typescript.compiler.TypeScriptCompilerTests_F.functionsMissingReturnStatementsAndExpressionsStrictNullChecks_ts has expected errors matching functionsMissingReturnStatementsAndExpressionsStrictNullChecks_errors_txt" platform="jvm">
<message>
--- expected
+++ actual
@@ -1,21 +1,15 @@
-functionsMissingReturnStatementsAndExpressionsStrictNullChecks.ts(5,17): error TS2355: A function whose declared type is neither 'undefined', 'void', nor 'any' must return a value.
 functionsMissingReturnStatementsAndExpressionsStrictNullChecks.ts(9,17): error TS2355: A function whose declared type is neither 'undefined', 'void', nor 'any' must return a value.
 functionsMissingReturnStatementsAndExpressionsStrictNullChecks.ts(21,7): error TS2322: Type '() => void' is not assignable to type '() => number'.
   Type 'void' is not assignable to type 'number'.
-functionsMissingReturnStatementsAndExpressionsStrictNullChecks.ts(29,23): error TS2355: A function whose declared type is neither 'undefined', 'void', nor 'any' must return a value.
 functionsMissingReturnStatementsAndExpressionsStrictNullChecks.ts(33,23): error TS2355: A function whose declared type is neither 'undefined', 'void', nor 'any' must return a value.
-functionsMissingReturnStatementsAndExpressionsStrictNullChecks.ts(52,3): error TS2345: Argument of type '() => void' is not assignable to parameter of type '() => undefined'.
-  Type 'void' is not assignable to type 'undefined'.
 
 
-==== functionsMissingReturnStatementsAndExpressionsStrictNullChecks.ts (6 errors) ====
+==== functionsMissingReturnStatementsAndExpressionsStrictNullChecks.ts (3 errors) ====
     function f10(): undefined {
         // Ok, return type allows implicit return of undefined
     }
     
     function f11(): undefined | number {
-                    ~~~~~~~~~~~~~~~~~~
-!!! error TS2355: A function whose declared type is neither 'undefined', 'void', nor 'any' must return a value.
         // Error, return type isn't just undefined
     }
     
@@ -45,8 +39,6 @@
     }
     
     async function f31(): Promise<undefined | number> {
-                          ~~~~~~~~~~~~~~~~~~~~~~~~~~~
-!!! error TS2355: A function whose declared type is neither 'undefined', 'void', nor 'any' must return a value.
         // Error, return type isn't just undefined
     }
     
@@ -72,9 +64,6 @@
     }
     
     f(h1);  // Error
-      ~~
-!!! error TS2345: Argument of type '() => void' is not assignable to parameter of type '() => undefined'.
-!!! error TS2345:   Type 'void' is not assignable to type 'undefined'.
     
     function h2(): undefined {
     }

</message>
<stacktrace>
  at org.junit.Assert.fail(Assert.java:89)
  at kotlin.test.junit.JUnitAsserter.fail(JUnitSupport.kt:56)
  at kotlin.test.AssertionsKt__AssertionsKt.fail(Assertions.kt:563)
  at kotlin.test.AssertionsKt.fail(Unknown Source)
  at com.xemantic.kotlin.test.SameAsKt.sameAs(SameAs.kt:52)
  at com.xemantic.typescript.compiler.TypeScriptTestSupportKt.errorsMatchBaseline(TypeScriptTestSupport.kt:135)
  at com.xemantic.typescript.compiler.TypeScriptCompilerTests_F.functionsMissingReturnStatementsAndExpressionsStrictNullChecks_ts has expected errors matching functionsMissingReturnStatementsAndExpressionsStrictNullChecks_errors_txt(TypeScriptCompilerTests_F.kt:2107)
  at java.base/jdk.internal.reflect.DirectMethodHandleAccessor.invoke(DirectMethodHandleAccessor.java:104)
  at java.base/java.lang.reflect.Method.invoke(Method.java:565)
  at org.junit.runners.model.FrameworkMethod$1.runReflectiveCall(FrameworkMethod.java:59)
  at org.junit.internal.runners.model.ReflectiveCallable.run(ReflectiveCallable.java:12)
  at org.junit.runners.model.FrameworkMethod.invokeExplosively(FrameworkMethod.java:56)
  at org.junit.internal.runners.statements.InvokeMethod.evaluate(InvokeMethod.java:17)
  at org.junit.runners.ParentRunner$3.evaluate(ParentRunner.java:306)
  at org.junit.runners.BlockJUnit4ClassRunner$1.evaluate(BlockJUnit4ClassRunner.java:100)
  at org.junit.runners.ParentRunner.runLeaf(ParentRunner.java:366)
  at org.junit.runners.BlockJUnit4ClassRunner.runChild(BlockJUnit4ClassRunner.java:103)
  at org.junit.runners.BlockJUnit4ClassRunner.runChild(BlockJUnit4ClassRunner.java:63)
  at org.junit.runners.ParentRunner$4.run(ParentRunner.java:331)
  at org.junit.runners.ParentRunner$1.schedule(ParentRunner.java:79)
  at org.junit.runners.ParentRunner.runChildren(ParentRunner.java:329)
  at org.junit.runners.ParentRunner.access$100(ParentRunner.java:66)
  at org.junit.runners.ParentRunner$2.evaluate(ParentRunner.java:293)
  at org.junit.runners.ParentRunner$3.evaluate(ParentRunner.java:306)
  at org.junit.runners.ParentRunner.run(ParentRunner.java:413)
  at org.junit.runner.JUnitCore.run(JUnitCore.java:137)
  at org.junit.runner.JUnitCore.run(JUnitCore.java:115)
  at org.gradle.api.internal.tasks.testing.junit.JUnitTestExecutor.runRequest(JUnitTestExecutor.java:175)
  at org.gradle.api.internal.tasks.testing.junit.JUnitTestExecutor.accept(JUnitTestExecutor.java:84)
  at org.gradle.api.internal.tasks.testing.junit.JUnitTestExecutor.accept(JUnitTestExecutor.java:47)
  at org.gradle.api.internal.tasks.testing.junit.AbstractJUnitTestDefinitionProcessor.processTestDefinition(AbstractJUnitTestDefinitionProcessor.java:65)
  at org.gradle.api.internal.tasks.testing.SuiteTestDefinitionProcessor.processTestDefinition(SuiteTestDefinitionProcessor.java:54)
  at java.base/jdk.internal.reflect.DirectMethodHandleAccessor.invoke(DirectMethodHandleAccessor.java:104)
  at java.base/java.lang.reflect.Method.invoke(Method.java:565)
  at org.gradle.internal.dispatch.MethodInvocation.invokeOn(MethodInvocation.java:77)
  at org.gradle.internal.dispatch.ReflectionDispatch.dispatch(ReflectionDispatch.java:28)
  at org.gradle.internal.dispatch.ReflectionDispatch.dispatch(ReflectionDispatch.java:19)
  at org.gradle.internal.dispatch.ContextClassLoaderDispatch.dispatch(ContextClassLoaderDispatch.java:33)
  at org.gradle.internal.dispatch.ProxyDispatchAdapter$DispatchingInvocationHandler.invoke(ProxyDispatchAdapter.java:88)
  at jdk.proxy1/jdk.proxy1.$Proxy4.processTestDefinition(Unknown Source)
  at org.gradle.api.internal.tasks.testing.worker.TestWorker$2.run(TestWorker.java:178)
  at org.gradle.api.internal.tasks.testing.worker.TestWorker.executeAndMaintainThreadName(TestWorker.java:126)
  at org.gradle.api.internal.tasks.testing.worker.TestWorker.execute(TestWorker.java:103)
  at org.gradle.api.internal.tasks.testing.worker.TestWorker.execute(TestWorker.java:63)
  at org.gradle.process.internal.worker.child.ActionExecutionWorker.execute(ActionExecutionWorker.java:56)
  at org.gradle.process.internal.worker.child.SystemApplicationClassLoaderWorker.call(SystemApplicationClassLoaderWorker.java:122)
  at org.gradle.process.internal.worker.child.SystemApplicationClassLoaderWorker.call(SystemApplicationClassLoaderWorker.java:72)
  at worker.org.gradle.process.internal.worker.GradleWorkerMain.run(GradleWorkerMain.java:69)
  at worker.org.gradle.process.internal.worker.GradleWorkerMain.main(GradleWorkerMain.java:74)
</stacktrace>
</test-failure>


TypeScriptCompilerTests_F[jvm] > functionsMissingReturnStatementsAndExpressionsStrictNullChecks_ts has expected errors matching functionsMissingReturnStatementsAndExpressionsStrictNullChecks_errors_txt[jvm] FAILED

<test-failure test="com.xemantic.typescript.compiler.TypeScriptCompilerTests_F.functionTypeArgumentAssignmentCompat_ts has expected errors matching functionTypeArgumentAssignmentCompat_errors_txt" platform="jvm">
<message>
Expected diagnostics from baseline typescript-repo/tests/baselines/reference/functionTypeArgumentAssignmentCompat.errors.txt but none produced
</message>
<stacktrace>
  at com.xemantic.typescript.compiler.TypeScriptTestSupportKt.errorsMatchBaseline(TypeScriptTestSupport.kt:125)
  at com.xemantic.typescript.compiler.TypeScriptCompilerTests_F.functionTypeArgumentAssignmentCompat_ts has expected errors matching functionTypeArgumentAssignmentCompat_errors_txt(TypeScriptCompilerTests_F.kt:1883)
  at java.base/jdk.internal.reflect.DirectMethodHandleAccessor.invoke(DirectMethodHandleAccessor.java:104)
  at java.base/java.lang.reflect.Method.invoke(Method.java:565)
  at org.junit.runners.model.FrameworkMethod$1.runReflectiveCall(FrameworkMethod.java:59)
  at org.junit.internal.runners.model.ReflectiveCallable.run(ReflectiveCallable.java:12)
  at org.junit.runners.model.FrameworkMethod.invokeExplosively(FrameworkMethod.java:56)
  at org.junit.internal.runners.statements.InvokeMethod.evaluate(InvokeMethod.java:17)
  at org.junit.runners.ParentRunner$3.evaluate(ParentRunner.java:306)
  at org.junit.runners.BlockJUnit4ClassRunner$1.evaluate(BlockJUnit4ClassRunner.java:100)
  at org.junit.runners.ParentRunner.runLeaf(ParentRunner.java:366)
  at org.junit.runners.BlockJUnit4ClassRunner.runChild(BlockJUnit4ClassRunner.java:103)
  at org.junit.runners.BlockJUnit4ClassRunner.runChild(BlockJUnit4ClassRunner.java:63)
  at org.junit.runners.ParentRunner$4.run(ParentRunner.java:331)
  at org.junit.runners.ParentRunner$1.schedule(ParentRunner.java:79)
  at org.junit.runners.ParentRunner.runChildren(ParentRunner.java:329)
  at org.junit.runners.ParentRunner.access$100(ParentRunner.java:66)
  at org.junit.runners.ParentRunner$2.evaluate(ParentRunner.java:293)
  at org.junit.runners.ParentRunner$3.evaluate(ParentRunner.java:306)
  at org.junit.runners.ParentRunner.run(ParentRunner.java:413)
  at org.junit.runner.JUnitCore.run(JUnitCore.java:137)
  at org.junit.runner.JUnitCore.run(JUnitCore.java:115)
  at org.gradle.api.internal.tasks.testing.junit.JUnitTestExecutor.runRequest(JUnitTestExecutor.java:175)
  at org.gradle.api.internal.tasks.testing.junit.JUnitTestExecutor.accept(JUnitTestExecutor.java:84)
  at org.gradle.api.internal.tasks.testing.junit.JUnitTestExecutor.accept(JUnitTestExecutor.java:47)
  at org.gradle.api.internal.tasks.testing.junit.AbstractJUnitTestDefinitionProcessor.processTestDefinition(AbstractJUnitTestDefinitionProcessor.java:65)
  at org.gradle.api.internal.tasks.testing.SuiteTestDefinitionProcessor.processTestDefinition(SuiteTestDefinitionProcessor.java:54)
  at java.base/jdk.internal.reflect.DirectMethodHandleAccessor.invoke(DirectMethodHandleAccessor.java:104)
  at java.base/java.lang.reflect.Method.invoke(Method.java:565)
  at org.gradle.internal.dispatch.MethodInvocation.invokeOn(MethodInvocation.java:77)
  at org.gradle.internal.dispatch.ReflectionDispatch.dispatch(ReflectionDispatch.java:28)
  at org.gradle.internal.dispatch.ReflectionDispatch.dispatch(ReflectionDispatch.java:19)
  at org.gradle.internal.dispatch.ContextClassLoaderDispatch.dispatch(ContextClassLoaderDispatch.java:33)
  at org.gradle.internal.dispatch.ProxyDispatchAdapter$DispatchingInvocationHandler.invoke(ProxyDispatchAdapter.java:88)
  at jdk.proxy1/jdk.proxy1.$Proxy4.processTestDefinition(Unknown Source)
  at org.gradle.api.internal.tasks.testing.worker.TestWorker$2.run(TestWorker.java:178)
  at org.gradle.api.internal.tasks.testing.worker.TestWorker.executeAndMaintainThreadName(TestWorker.java:126)
  at org.gradle.api.internal.tasks.testing.worker.TestWorker.execute(TestWorker.java:103)
  at org.gradle.api.internal.tasks.testing.worker.TestWorker.execute(TestWorker.java:63)
  at org.gradle.process.internal.worker.child.ActionExecutionWorker.execute(ActionExecutionWorker.java:56)
  at org.gradle.process.internal.worker.child.SystemApplicationClassLoaderWorker.call(SystemApplicationClassLoaderWorker.java:122)
  at org.gradle.process.internal.worker.child.SystemApplicationClassLoaderWorker.call(SystemApplicationClassLoaderWorker.java:72)
  at worker.org.gradle.process.internal.worker.GradleWorkerMain.run(GradleWorkerMain.java:69)
  at worker.org.gradle.process.internal.worker.GradleWorkerMain.main(GradleWorkerMain.java:74)
</stacktrace>
</test-failure>


TypeScriptCompilerTests_F[jvm] > functionTypeArgumentAssignmentCompat_ts has expected errors matching functionTypeArgumentAssignmentCompat_errors_txt[jvm] FAILED

<test-failure test="com.xemantic.typescript.compiler.TypeScriptCompilerTests_F.forwardDeclaredCommonTypes01_ts__target_es2015__has expected errors matching baseline" platform="jvm">
<message>
Expected diagnostics from baseline typescript-repo/tests/baselines/reference/forwardDeclaredCommonTypes01(target=es2015).errors.txt but none produced
</message>
<stacktrace>
  at com.xemantic.typescript.compiler.TypeScriptTestSupportKt.errorsMatchBaseline(TypeScriptTestSupport.kt:125)
  at com.xemantic.typescript.compiler.TypeScriptCompilerTests_F.forwardDeclaredCommonTypes01_ts__target_es2015__has expected errors matching baseline(TypeScriptCompilerTests_F.kt:665)
  at java.base/jdk.internal.reflect.DirectMethodHandleAccessor.invoke(DirectMethodHandleAccessor.java:104)
  at java.base/java.lang.reflect.Method.invoke(Method.java:565)
  at org.junit.runners.model.FrameworkMethod$1.runReflectiveCall(FrameworkMethod.java:59)
  at org.junit.internal.runners.model.ReflectiveCallable.run(ReflectiveCallable.java:12)
  at org.junit.runners.model.FrameworkMethod.invokeExplosively(FrameworkMethod.java:56)
  at org.junit.internal.runners.statements.InvokeMethod.evaluate(InvokeMethod.java:17)
  at org.junit.runners.ParentRunner$3.evaluate(ParentRunner.java:306)
  at org.junit.runners.BlockJUnit4ClassRunner$1.evaluate(BlockJUnit4ClassRunner.java:100)
  at org.junit.runners.ParentRunner.runLeaf(ParentRunner.java:366)
  at org.junit.runners.BlockJUnit4ClassRunner.runChild(BlockJUnit4ClassRunner.java:103)
  at org.junit.runners.BlockJUnit4ClassRunner.runChild(BlockJUnit4ClassRunner.java:63)
  at org.junit.runners.ParentRunner$4.run(ParentRunner.java:331)
  at org.junit.runners.ParentRunner$1.schedule(ParentRunner.java:79)
  at org.junit.runners.ParentRunner.runChildren(ParentRunner.java:329)
  at org.junit.runners.ParentRunner.access$100(ParentRunner.java:66)
  at org.junit.runners.ParentRunner$2.evaluate(ParentRunner.java:293)
  at org.junit.runners.ParentRunner$3.evaluate(ParentRunner.java:306)
  at org.junit.runners.ParentRunner.run(ParentRunner.java:413)
  at org.junit.runner.JUnitCore.run(JUnitCore.java:137)
  at org.junit.runner.JUnitCore.run(JUnitCore.java:115)
  at org.gradle.api.internal.tasks.testing.junit.JUnitTestExecutor.runRequest(JUnitTestExecutor.java:175)
  at org.gradle.api.internal.tasks.testing.junit.JUnitTestExecutor.accept(JUnitTestExecutor.java:84)
  at org.gradle.api.internal.tasks.testing.junit.JUnitTestExecutor.accept(JUnitTestExecutor.java:47)
  at org.gradle.api.internal.tasks.testing.junit.AbstractJUnitTestDefinitionProcessor.processTestDefinition(AbstractJUnitTestDefinitionProcessor.java:65)
  at org.gradle.api.internal.tasks.testing.SuiteTestDefinitionProcessor.processTestDefinition(SuiteTestDefinitionProcessor.java:54)
  at java.base/jdk.internal.reflect.DirectMethodHandleAccessor.invoke(DirectMethodHandleAccessor.java:104)
  at java.base/java.lang.reflect.Method.invoke(Method.java:565)
  at org.gradle.internal.dispatch.MethodInvocation.invokeOn(MethodInvocation.java:77)
  at org.gradle.internal.dispatch.ReflectionDispatch.dispatch(ReflectionDispatch.java:28)
  at org.gradle.internal.dispatch.ReflectionDispatch.dispatch(ReflectionDispatch.java:19)
  at org.gradle.internal.dispatch.ContextClassLoaderDispatch.dispatch(ContextClassLoaderDispatch.java:33)
  at org.gradle.internal.dispatch.ProxyDispatchAdapter$DispatchingInvocationHandler.invoke(ProxyDispatchAdapter.java:88)
  at jdk.proxy1/jdk.proxy1.$Proxy4.processTestDefinition(Unknown Source)
  at org.gradle.api.internal.tasks.testing.worker.TestWorker$2.run(TestWorker.java:178)
  at org.gradle.api.internal.tasks.testing.worker.TestWorker.executeAndMaintainThreadName(TestWorker.java:126)
  at org.gradle.api.internal.tasks.testing.worker.TestWorker.execute(TestWorker.java:103)
  at org.gradle.api.internal.tasks.testing.worker.TestWorker.execute(TestWorker.java:63)
  at org.gradle.process.internal.worker.child.ActionExecutionWorker.execute(ActionExecutionWorker.java:56)
  at org.gradle.process.internal.worker.child.SystemApplicationClassLoaderWorker.call(SystemApplicationClassLoaderWorker.java:122)
  at org.gradle.process.internal.worker.child.SystemApplicationClassLoaderWorker.call(SystemApplicationClassLoaderWorker.java:72)
  at worker.org.gradle.process.internal.worker.GradleWorkerMain.run(GradleWorkerMain.java:69)
  at worker.org.gradle.process.internal.worker.GradleWorkerMain.main(GradleWorkerMain.java:74)
</stacktrace>
</test-failure>


TypeScriptCompilerTests_F[jvm] > forwardDeclaredCommonTypes01_ts__target_es2015__has expected errors matching baseline[jvm] FAILED

<test-failure test="com.xemantic.typescript.compiler.TypeScriptCompilerTests_F.functionAssignment_ts has expected errors matching functionAssignment_errors_txt" platform="jvm">
<message>
Expected diagnostics from baseline typescript-repo/tests/baselines/reference/functionAssignment.errors.txt but none produced
</message>
<stacktrace>
  at com.xemantic.typescript.compiler.TypeScriptTestSupportKt.errorsMatchBaseline(TypeScriptTestSupport.kt:125)
  at com.xemantic.typescript.compiler.TypeScriptCompilerTests_F.functionAssignment_ts has expected errors matching functionAssignment_errors_txt(TypeScriptCompilerTests_F.kt:854)
  at java.base/jdk.internal.reflect.DirectMethodHandleAccessor.invoke(DirectMethodHandleAccessor.java:104)
  at java.base/java.lang.reflect.Method.invoke(Method.java:565)
  at org.junit.runners.model.FrameworkMethod$1.runReflectiveCall(FrameworkMethod.java:59)
  at org.junit.internal.runners.model.ReflectiveCallable.run(ReflectiveCallable.java:12)
  at org.junit.runners.model.FrameworkMethod.invokeExplosively(FrameworkMethod.java:56)
  at org.junit.internal.runners.statements.InvokeMethod.evaluate(InvokeMethod.java:17)
  at org.junit.runners.ParentRunner$3.evaluate(ParentRunner.java:306)
  at org.junit.runners.BlockJUnit4ClassRunner$1.evaluate(BlockJUnit4ClassRunner.java:100)
  at org.junit.runners.ParentRunner.runLeaf(ParentRunner.java:366)
  at org.junit.runners.BlockJUnit4ClassRunner.runChild(BlockJUnit4ClassRunner.java:103)
  at org.junit.runners.BlockJUnit4ClassRunner.runChild(BlockJUnit4ClassRunner.java:63)
  at org.junit.runners.ParentRunner$4.run(ParentRunner.java:331)
  at org.junit.runners.ParentRunner$1.schedule(ParentRunner.java:79)
  at org.junit.runners.ParentRunner.runChildren(ParentRunner.java:329)
  at org.junit.runners.ParentRunner.access$100(ParentRunner.java:66)
  at org.junit.runners.ParentRunner$2.evaluate(ParentRunner.java:293)
  at org.junit.runners.ParentRunner$3.evaluate(ParentRunner.java:306)
  at org.junit.runners.ParentRunner.run(ParentRunner.java:413)
  at org.junit.runner.JUnitCore.run(JUnitCore.java:137)
  at org.junit.runner.JUnitCore.run(JUnitCore.java:115)
  at org.gradle.api.internal.tasks.testing.junit.JUnitTestExecutor.runRequest(JUnitTestExecutor.java:175)
  at org.gradle.api.internal.tasks.testing.junit.JUnitTestExecutor.accept(JUnitTestExecutor.java:84)
  at org.gradle.api.internal.tasks.testing.junit.JUnitTestExecutor.accept(JUnitTestExecutor.java:47)
  at org.gradle.api.internal.tasks.testing.junit.AbstractJUnitTestDefinitionProcessor.processTestDefinition(AbstractJUnitTestDefinitionProcessor.java:65)
  at org.gradle.api.internal.tasks.testing.SuiteTestDefinitionProcessor.processTestDefinition(SuiteTestDefinitionProcessor.java:54)
  at java.base/jdk.internal.reflect.DirectMethodHandleAccessor.invoke(DirectMethodHandleAccessor.java:104)
  at java.base/java.lang.reflect.Method.invoke(Method.java:565)
  at org.gradle.internal.dispatch.MethodInvocation.invokeOn(MethodInvocation.java:77)
  at org.gradle.internal.dispatch.ReflectionDispatch.dispatch(ReflectionDispatch.java:28)
  at org.gradle.internal.dispatch.ReflectionDispatch.dispatch(ReflectionDispatch.java:19)
  at org.gradle.internal.dispatch.ContextClassLoaderDispatch.dispatch(ContextClassLoaderDispatch.java:33)
  at org.gradle.internal.dispatch.ProxyDispatchAdapter$DispatchingInvocationHandler.invoke(ProxyDispatchAdapter.java:88)
  at jdk.proxy1/jdk.proxy1.$Proxy4.processTestDefinition(Unknown Source)
  at org.gradle.api.internal.tasks.testing.worker.TestWorker$2.run(TestWorker.java:178)
  at org.gradle.api.internal.tasks.testing.worker.TestWorker.executeAndMaintainThreadName(TestWorker.java:126)
  at org.gradle.api.internal.tasks.testing.worker.TestWorker.execute(TestWorker.java:103)
  at org.gradle.api.internal.tasks.testing.worker.TestWorker.execute(TestWorker.java:63)
  at org.gradle.process.internal.worker.child.ActionExecutionWorker.execute(ActionExecutionWorker.java:56)
  at org.gradle.process.internal.worker.child.SystemApplicationClassLoaderWorker.call(SystemApplicationClassLoaderWorker.java:122)
  at org.gradle.process.internal.worker.child.SystemApplicationClassLoaderWorker.call(SystemApplicationClassLoaderWorker.java:72)
  at worker.org.gradle.process.internal.worker.GradleWorkerMain.run(GradleWorkerMain.java:69)
  at worker.org.gradle.process.internal.worker.GradleWorkerMain.main(GradleWorkerMain.java:74)
</stacktrace>
</test-failure>


TypeScriptCompilerTests_F[jvm] > functionAssignment_ts has expected errors matching functionAssignment_errors_txt[jvm] FAILED

<test-failure test="com.xemantic.typescript.compiler.TypeScriptCompilerTests_F.forInStatement7_ts has expected errors matching forInStatement7_errors_txt" platform="jvm">
<message>
Expected diagnostics from baseline typescript-repo/tests/baselines/reference/forInStatement7.errors.txt but none produced
</message>
<stacktrace>
  at com.xemantic.typescript.compiler.TypeScriptTestSupportKt.errorsMatchBaseline(TypeScriptTestSupport.kt:125)
  at com.xemantic.typescript.compiler.TypeScriptCompilerTests_F.forInStatement7_ts has expected errors matching forInStatement7_errors_txt(TypeScriptCompilerTests_F.kt:588)
  at java.base/jdk.internal.reflect.DirectMethodHandleAccessor.invoke(DirectMethodHandleAccessor.java:104)
  at java.base/java.lang.reflect.Method.invoke(Method.java:565)
  at org.junit.runners.model.FrameworkMethod$1.runReflectiveCall(FrameworkMethod.java:59)
  at org.junit.internal.runners.model.ReflectiveCallable.run(ReflectiveCallable.java:12)
  at org.junit.runners.model.FrameworkMethod.invokeExplosively(FrameworkMethod.java:56)
  at org.junit.internal.runners.statements.InvokeMethod.evaluate(InvokeMethod.java:17)
  at org.junit.runners.ParentRunner$3.evaluate(ParentRunner.java:306)
  at org.junit.runners.BlockJUnit4ClassRunner$1.evaluate(BlockJUnit4ClassRunner.java:100)
  at org.junit.runners.ParentRunner.runLeaf(ParentRunner.java:366)
  at org.junit.runners.BlockJUnit4ClassRunner.runChild(BlockJUnit4ClassRunner.java:103)
  at org.junit.runners.BlockJUnit4ClassRunner.runChild(BlockJUnit4ClassRunner.java:63)
  at org.junit.runners.ParentRunner$4.run(ParentRunner.java:331)
  at org.junit.runners.ParentRunner$1.schedule(ParentRunner.java:79)
  at org.junit.runners.ParentRunner.runChildren(ParentRunner.java:329)
  at org.junit.runners.ParentRunner.access$100(ParentRunner.java:66)
  at org.junit.runners.ParentRunner$2.evaluate(ParentRunner.java:293)
  at org.junit.runners.ParentRunner$3.evaluate(ParentRunner.java:306)
  at org.junit.runners.ParentRunner.run(ParentRunner.java:413)
  at org.junit.runner.JUnitCore.run(JUnitCore.java:137)
  at org.junit.runner.JUnitCore.run(JUnitCore.java:115)
  at org.gradle.api.internal.tasks.testing.junit.JUnitTestExecutor.runRequest(JUnitTestExecutor.java:175)
  at org.gradle.api.internal.tasks.testing.junit.JUnitTestExecutor.accept(JUnitTestExecutor.java:84)
  at org.gradle.api.internal.tasks.testing.junit.JUnitTestExecutor.accept(JUnitTestExecutor.java:47)
  at org.gradle.api.internal.tasks.testing.junit.AbstractJUnitTestDefinitionProcessor.processTestDefinition(AbstractJUnitTestDefinitionProcessor.java:65)
  at org.gradle.api.internal.tasks.testing.SuiteTestDefinitionProcessor.processTestDefinition(SuiteTestDefinitionProcessor.java:54)
  at java.base/jdk.internal.reflect.DirectMethodHandleAccessor.invoke(DirectMethodHandleAccessor.java:104)
  at java.base/java.lang.reflect.Method.invoke(Method.java:565)
  at org.gradle.internal.dispatch.MethodInvocation.invokeOn(MethodInvocation.java:77)
  at org.gradle.internal.dispatch.ReflectionDispatch.dispatch(ReflectionDispatch.java:28)
  at org.gradle.internal.dispatch.ReflectionDispatch.dispatch(ReflectionDispatch.java:19)
  at org.gradle.internal.dispatch.ContextClassLoaderDispatch.dispatch(ContextClassLoaderDispatch.java:33)
  at org.gradle.internal.dispatch.ProxyDispatchAdapter$DispatchingInvocationHandler.invoke(ProxyDispatchAdapter.java:88)
  at jdk.proxy1/jdk.proxy1.$Proxy4.processTestDefinition(Unknown Source)
  at org.gradle.api.internal.tasks.testing.worker.TestWorker$2.run(TestWorker.java:178)
  at org.gradle.api.internal.tasks.testing.worker.TestWorker.executeAndMaintainThreadName(TestWorker.java:126)
  at org.gradle.api.internal.tasks.testing.worker.TestWorker.execute(TestWorker.java:103)
  at org.gradle.api.internal.tasks.testing.worker.TestWorker.execute(TestWorker.java:63)
  at org.gradle.process.internal.worker.child.ActionExecutionWorker.execute(ActionExecutionWorker.java:56)
  at org.gradle.process.internal.worker.child.SystemApplicationClassLoaderWorker.call(SystemApplicationClassLoaderWorker.java:122)
  at org.gradle.process.internal.worker.child.SystemApplicationClassLoaderWorker.call(SystemApplicationClassLoaderWorker.java:72)
  at worker.org.gradle.process.internal.worker.GradleWorkerMain.run(GradleWorkerMain.java:69)
  at worker.org.gradle.process.internal.worker.GradleWorkerMain.main(GradleWorkerMain.java:74)
</stacktrace>
</test-failure>


TypeScriptCompilerTests_F[jvm] > forInStatement7_ts has expected errors matching forInStatement7_errors_txt[jvm] FAILED

<test-failure test="com.xemantic.typescript.compiler.TypeScriptCompilerTests_F.functionCall10_ts has expected errors matching functionCall10_errors_txt" platform="jvm">
<message>
Expected diagnostics from baseline typescript-repo/tests/baselines/reference/functionCall10.errors.txt but none produced
</message>
<stacktrace>
  at com.xemantic.typescript.compiler.TypeScriptTestSupportKt.errorsMatchBaseline(TypeScriptTestSupport.kt:125)
  at com.xemantic.typescript.compiler.TypeScriptCompilerTests_F.functionCall10_ts has expected errors matching functionCall10_errors_txt(TypeScriptCompilerTests_F.kt:882)
  at java.base/jdk.internal.reflect.DirectMethodHandleAccessor.invoke(DirectMethodHandleAccessor.java:104)
  at java.base/java.lang.reflect.Method.invoke(Method.java:565)
  at org.junit.runners.model.FrameworkMethod$1.runReflectiveCall(FrameworkMethod.java:59)
  at org.junit.internal.runners.model.ReflectiveCallable.run(ReflectiveCallable.java:12)
  at org.junit.runners.model.FrameworkMethod.invokeExplosively(FrameworkMethod.java:56)
  at org.junit.internal.runners.statements.InvokeMethod.evaluate(InvokeMethod.java:17)
  at org.junit.runners.ParentRunner$3.evaluate(ParentRunner.java:306)
  at org.junit.runners.BlockJUnit4ClassRunner$1.evaluate(BlockJUnit4ClassRunner.java:100)
  at org.junit.runners.ParentRunner.runLeaf(ParentRunner.java:366)
  at org.junit.runners.BlockJUnit4ClassRunner.runChild(BlockJUnit4ClassRunner.java:103)
  at org.junit.runners.BlockJUnit4ClassRunner.runChild(BlockJUnit4ClassRunner.java:63)
  at org.junit.runners.ParentRunner$4.run(ParentRunner.java:331)
  at org.junit.runners.ParentRunner$1.schedule(ParentRunner.java:79)
  at org.junit.runners.ParentRunner.runChildren(ParentRunner.java:329)
  at org.junit.runners.ParentRunner.access$100(ParentRunner.java:66)
  at org.junit.runners.ParentRunner$2.evaluate(ParentRunner.java:293)
  at org.junit.runners.ParentRunner$3.evaluate(ParentRunner.java:306)
  at org.junit.runners.ParentRunner.run(ParentRunner.java:413)
  at org.junit.runner.JUnitCore.run(JUnitCore.java:137)
  at org.junit.runner.JUnitCore.run(JUnitCore.java:115)
  at org.gradle.api.internal.tasks.testing.junit.JUnitTestExecutor.runRequest(JUnitTestExecutor.java:175)
  at org.gradle.api.internal.tasks.testing.junit.JUnitTestExecutor.accept(JUnitTestExecutor.java:84)
  at org.gradle.api.internal.tasks.testing.junit.JUnitTestExecutor.accept(JUnitTestExecutor.java:47)
  at org.gradle.api.internal.tasks.testing.junit.AbstractJUnitTestDefinitionProcessor.processTestDefinition(AbstractJUnitTestDefinitionProcessor.java:65)
  at org.gradle.api.internal.tasks.testing.SuiteTestDefinitionProcessor.processTestDefinition(SuiteTestDefinitionProcessor.java:54)
  at java.base/jdk.internal.reflect.DirectMethodHandleAccessor.invoke(DirectMethodHandleAccessor.java:104)
  at java.base/java.lang.reflect.Method.invoke(Method.java:565)
  at org.gradle.internal.dispatch.MethodInvocation.invokeOn(MethodInvocation.java:77)
  at org.gradle.internal.dispatch.ReflectionDispatch.dispatch(ReflectionDispatch.java:28)
  at org.gradle.internal.dispatch.ReflectionDispatch.dispatch(ReflectionDispatch.java:19)
  at org.gradle.internal.dispatch.ContextClassLoaderDispatch.dispatch(ContextClassLoaderDispatch.java:33)
  at org.gradle.internal.dispatch.ProxyDispatchAdapter$DispatchingInvocationHandler.invoke(ProxyDispatchAdapter.java:88)
  at jdk.proxy1/jdk.proxy1.$Proxy4.processTestDefinition(Unknown Source)
  at org.gradle.api.internal.tasks.testing.worker.TestWorker$2.run(TestWorker.java:178)
  at org.gradle.api.internal.tasks.testing.worker.TestWorker.executeAndMaintainThreadName(TestWorker.java:126)
  at org.gradle.api.internal.tasks.testing.worker.TestWorker.execute(TestWorker.java:103)
  at org.gradle.api.internal.tasks.testing.worker.TestWorker.execute(TestWorker.java:63)
  at org.gradle.process.internal.worker.child.ActionExecutionWorker.execute(ActionExecutionWorker.java:56)
  at org.gradle.process.internal.worker.child.SystemApplicationClassLoaderWorker.call(SystemApplicationClassLoaderWorker.java:122)
  at org.gradle.process.internal.worker.child.SystemApplicationClassLoaderWorker.call(SystemApplicationClassLoaderWorker.java:72)
  at worker.org.gradle.process.internal.worker.GradleWorkerMain.run(GradleWorkerMain.java:69)
  at worker.org.gradle.process.internal.worker.GradleWorkerMain.main(GradleWorkerMain.java:74)
</stacktrace>
</test-failure>


TypeScriptCompilerTests_F[jvm] > functionCall10_ts has expected errors matching functionCall10_errors_txt[jvm] FAILED

<test-failure test="com.xemantic.typescript.compiler.TypeScriptCompilerTests_F.functionOverloads27_ts has expected errors matching functionOverloads27_errors_txt" platform="jvm">
<message>
Expected diagnostics from baseline typescript-repo/tests/baselines/reference/functionOverloads27.errors.txt but none produced
</message>
<stacktrace>
  at com.xemantic.typescript.compiler.TypeScriptTestSupportKt.errorsMatchBaseline(TypeScriptTestSupport.kt:125)
  at com.xemantic.typescript.compiler.TypeScriptCompilerTests_F.functionOverloads27_ts has expected errors matching functionOverloads27_errors_txt(TypeScriptCompilerTests_F.kt:1470)
  at java.base/jdk.internal.reflect.DirectMethodHandleAccessor.invoke(DirectMethodHandleAccessor.java:104)
  at java.base/java.lang.reflect.Method.invoke(Method.java:565)
  at org.junit.runners.model.FrameworkMethod$1.runReflectiveCall(FrameworkMethod.java:59)
  at org.junit.internal.runners.model.ReflectiveCallable.run(ReflectiveCallable.java:12)
  at org.junit.runners.model.FrameworkMethod.invokeExplosively(FrameworkMethod.java:56)
  at org.junit.internal.runners.statements.InvokeMethod.evaluate(InvokeMethod.java:17)
  at org.junit.runners.ParentRunner$3.evaluate(ParentRunner.java:306)
  at org.junit.runners.BlockJUnit4ClassRunner$1.evaluate(BlockJUnit4ClassRunner.java:100)
  at org.junit.runners.ParentRunner.runLeaf(ParentRunner.java:366)
  at org.junit.runners.BlockJUnit4ClassRunner.runChild(BlockJUnit4ClassRunner.java:103)
  at org.junit.runners.BlockJUnit4ClassRunner.runChild(BlockJUnit4ClassRunner.java:63)
  at org.junit.runners.ParentRunner$4.run(ParentRunner.java:331)
  at org.junit.runners.ParentRunner$1.schedule(ParentRunner.java:79)
  at org.junit.runners.ParentRunner.runChildren(ParentRunner.java:329)
  at org.junit.runners.ParentRunner.access$100(ParentRunner.java:66)
  at org.junit.runners.ParentRunner$2.evaluate(ParentRunner.java:293)
  at org.junit.runners.ParentRunner$3.evaluate(ParentRunner.java:306)
  at org.junit.runners.ParentRunner.run(ParentRunner.java:413)
  at org.junit.runner.JUnitCore.run(JUnitCore.java:137)
  at org.junit.runner.JUnitCore.run(JUnitCore.java:115)
  at org.gradle.api.internal.tasks.testing.junit.JUnitTestExecutor.runRequest(JUnitTestExecutor.java:175)
  at org.gradle.api.internal.tasks.testing.junit.JUnitTestExecutor.accept(JUnitTestExecutor.java:84)
  at org.gradle.api.internal.tasks.testing.junit.JUnitTestExecutor.accept(JUnitTestExecutor.java:47)
  at org.gradle.api.internal.tasks.testing.junit.AbstractJUnitTestDefinitionProcessor.processTestDefinition(AbstractJUnitTestDefinitionProcessor.java:65)
  at org.gradle.api.internal.tasks.testing.SuiteTestDefinitionProcessor.processTestDefinition(SuiteTestDefinitionProcessor.java:54)
  at java.base/jdk.internal.reflect.DirectMethodHandleAccessor.invoke(DirectMethodHandleAccessor.java:104)
  at java.base/java.lang.reflect.Method.invoke(Method.java:565)
  at org.gradle.internal.dispatch.MethodInvocation.invokeOn(MethodInvocation.java:77)
  at org.gradle.internal.dispatch.ReflectionDispatch.dispatch(ReflectionDispatch.java:28)
  at org.gradle.internal.dispatch.ReflectionDispatch.dispatch(ReflectionDispatch.java:19)
  at org.gradle.internal.dispatch.ContextClassLoaderDispatch.dispatch(ContextClassLoaderDispatch.java:33)
  at org.gradle.internal.dispatch.ProxyDispatchAdapter$DispatchingInvocationHandler.invoke(ProxyDispatchAdapter.java:88)
  at jdk.proxy1/jdk.proxy1.$Proxy4.processTestDefinition(Unknown Source)
  at org.gradle.api.internal.tasks.testing.worker.TestWorker$2.run(TestWorker.java:178)
  at org.gradle.api.internal.tasks.testing.worker.TestWorker.executeAndMaintainThreadName(TestWorker.java:126)
  at org.gradle.api.internal.tasks.testing.worker.TestWorker.execute(TestWorker.java:103)
  at org.gradle.api.internal.tasks.testing.worker.TestWorker.execute(TestWorker.java:63)
  at org.gradle.process.internal.worker.child.ActionExecutionWorker.execute(ActionExecutionWorker.java:56)
  at org.gradle.process.internal.worker.child.SystemApplicationClassLoaderWorker.call(SystemApplicationClassLoaderWorker.java:122)
  at org.gradle.process.internal.worker.child.SystemApplicationClassLoaderWorker.call(SystemApplicationClassLoaderWorker.java:72)
  at worker.org.gradle.process.internal.worker.GradleWorkerMain.run(GradleWorkerMain.java:69)
  at worker.org.gradle.process.internal.worker.GradleWorkerMain.main(GradleWorkerMain.java:74)
</stacktrace>
</test-failure>


TypeScriptCompilerTests_F[jvm] > functionOverloads27_ts has expected errors matching functionOverloads27_errors_txt[jvm] FAILED

<test-failure test="com.xemantic.typescript.compiler.TypeScriptCompilerTests_F.functionOverloads29_ts has expected errors matching functionOverloads29_errors_txt" platform="jvm">
<message>
Expected diagnostics from baseline typescript-repo/tests/baselines/reference/functionOverloads29.errors.txt but none produced
</message>
<stacktrace>
  at com.xemantic.typescript.compiler.TypeScriptTestSupportKt.errorsMatchBaseline(TypeScriptTestSupport.kt:125)
  at com.xemantic.typescript.compiler.TypeScriptCompilerTests_F.functionOverloads29_ts has expected errors matching functionOverloads29_errors_txt(TypeScriptCompilerTests_F.kt:1491)
  at java.base/jdk.internal.reflect.DirectMethodHandleAccessor.invoke(DirectMethodHandleAccessor.java:104)
  at java.base/java.lang.reflect.Method.invoke(Method.java:565)
  at org.junit.runners.model.FrameworkMethod$1.runReflectiveCall(FrameworkMethod.java:59)
  at org.junit.internal.runners.model.ReflectiveCallable.run(ReflectiveCallable.java:12)
  at org.junit.runners.model.FrameworkMethod.invokeExplosively(FrameworkMethod.java:56)
  at org.junit.internal.runners.statements.InvokeMethod.evaluate(InvokeMethod.java:17)
  at org.junit.runners.ParentRunner$3.evaluate(ParentRunner.java:306)
  at org.junit.runners.BlockJUnit4ClassRunner$1.evaluate(BlockJUnit4ClassRunner.java:100)
  at org.junit.runners.ParentRunner.runLeaf(ParentRunner.java:366)
  at org.junit.runners.BlockJUnit4ClassRunner.runChild(BlockJUnit4ClassRunner.java:103)
  at org.junit.runners.BlockJUnit4ClassRunner.runChild(BlockJUnit4ClassRunner.java:63)
  at org.junit.runners.ParentRunner$4.run(ParentRunner.java:331)
  at org.junit.runners.ParentRunner$1.schedule(ParentRunner.java:79)
  at org.junit.runners.ParentRunner.runChildren(ParentRunner.java:329)
  at org.junit.runners.ParentRunner.access$100(ParentRunner.java:66)
  at org.junit.runners.ParentRunner$2.evaluate(ParentRunner.java:293)
  at org.junit.runners.ParentRunner$3.evaluate(ParentRunner.java:306)
  at org.junit.runners.ParentRunner.run(ParentRunner.java:413)
  at org.junit.runner.JUnitCore.run(JUnitCore.java:137)
  at org.junit.runner.JUnitCore.run(JUnitCore.java:115)
  at org.gradle.api.internal.tasks.testing.junit.JUnitTestExecutor.runRequest(JUnitTestExecutor.java:175)
  at org.gradle.api.internal.tasks.testing.junit.JUnitTestExecutor.accept(JUnitTestExecutor.java:84)
  at org.gradle.api.internal.tasks.testing.junit.JUnitTestExecutor.accept(JUnitTestExecutor.java:47)
  at org.gradle.api.internal.tasks.testing.junit.AbstractJUnitTestDefinitionProcessor.processTestDefinition(AbstractJUnitTestDefinitionProcessor.java:65)
  at org.gradle.api.internal.tasks.testing.SuiteTestDefinitionProcessor.processTestDefinition(SuiteTestDefinitionProcessor.java:54)
  at java.base/jdk.internal.reflect.DirectMethodHandleAccessor.invoke(DirectMethodHandleAccessor.java:104)
  at java.base/java.lang.reflect.Method.invoke(Method.java:565)
  at org.gradle.internal.dispatch.MethodInvocation.invokeOn(MethodInvocation.java:77)
  at org.gradle.internal.dispatch.ReflectionDispatch.dispatch(ReflectionDispatch.java:28)
  at org.gradle.internal.dispatch.ReflectionDispatch.dispatch(ReflectionDispatch.java:19)
  at org.gradle.internal.dispatch.ContextClassLoaderDispatch.dispatch(ContextClassLoaderDispatch.java:33)
  at org.gradle.internal.dispatch.ProxyDispatchAdapter$DispatchingInvocationHandler.invoke(ProxyDispatchAdapter.java:88)
  at jdk.proxy1/jdk.proxy1.$Proxy4.processTestDefinition(Unknown Source)
  at org.gradle.api.internal.tasks.testing.worker.TestWorker$2.run(TestWorker.java:178)
  at org.gradle.api.internal.tasks.testing.worker.TestWorker.executeAndMaintainThreadName(TestWorker.java:126)
  at org.gradle.api.internal.tasks.testing.worker.TestWorker.execute(TestWorker.java:103)
  at org.gradle.api.internal.tasks.testing.worker.TestWorker.execute(TestWorker.java:63)
  at org.gradle.process.internal.worker.child.ActionExecutionWorker.execute(ActionExecutionWorker.java:56)
  at org.gradle.process.internal.worker.child.SystemApplicationClassLoaderWorker.call(SystemApplicationClassLoaderWorker.java:122)
  at org.gradle.process.internal.worker.child.SystemApplicationClassLoaderWorker.call(SystemApplicationClassLoaderWorker.java:72)
  at worker.org.gradle.process.internal.worker.GradleWorkerMain.run(GradleWorkerMain.java:69)
  at worker.org.gradle.process.internal.worker.GradleWorkerMain.main(GradleWorkerMain.java:74)
</stacktrace>
</test-failure>


TypeScriptCompilerTests_F[jvm] > functionOverloads29_ts has expected errors matching functionOverloads29_errors_txt[jvm] FAILED

<test-failure test="com.xemantic.typescript.compiler.TypeScriptCompilerTests_F.fatarrowfunctionsErrors_ts compiles to JavaScript matching fatarrowfunctionsErrors_js" platform="jvm">
<message>
--- expected
+++ actual
@@ -17,14 +17,26 @@
 //// [fatarrowfunctionsErrors.js]
 "use strict";
 foo((...Far) => { return 0; });
-foo((1), { return: 0 });
+foo(() => 1);
+{
+    return 0;
+}
+;
 foo((x) => { return x; });
 foo((x = 0) => { return x; });
-var y = x, number;
-x * x;
+var y = x;
+number => x * x;
 false ? (() => null) : null;
 // missing fatarrow
 var x1 = () => { };
-var x2 = (a) => { };
-var x3 = (a) => { };
-var x4 = (...a) => { };
+var x2 = (a);
+number;
+void {};
+var x3 = (a);
+number;
+{ }
+;
+var x4 = ();
+a: any[];
+{ }
+;

</message>
<stacktrace>
  at org.junit.Assert.fail(Assert.java:89)
  at kotlin.test.junit.JUnitAsserter.fail(JUnitSupport.kt:56)
  at kotlin.test.AssertionsKt__AssertionsKt.fail(Assertions.kt:563)
  at kotlin.test.AssertionsKt.fail(Unknown Source)
  at com.xemantic.kotlin.test.SameAsKt.sameAs(SameAs.kt:52)
  at com.xemantic.typescript.compiler.TypeScriptTestSupportKt.sameAs(TypeScriptTestSupport.kt:99)
  at com.xemantic.typescript.compiler.TypeScriptCompilerTests_F.fatarrowfunctionsErrors_ts compiles to JavaScript matching fatarrowfunctionsErrors_js(TypeScriptCompilerTests_F.kt:154)
  at java.base/jdk.internal.reflect.DirectMethodHandleAccessor.invoke(DirectMethodHandleAccessor.java:104)
  at java.base/java.lang.reflect.Method.invoke(Method.java:565)
  at org.junit.runners.model.FrameworkMethod$1.runReflectiveCall(FrameworkMethod.java:59)
  at org.junit.internal.runners.model.ReflectiveCallable.run(ReflectiveCallable.java:12)
  at org.junit.runners.model.FrameworkMethod.invokeExplosively(FrameworkMethod.java:56)
  at org.junit.internal.runners.statements.InvokeMethod.evaluate(InvokeMethod.java:17)
  at org.junit.runners.ParentRunner$3.evaluate(ParentRunner.java:306)
  at org.junit.runners.BlockJUnit4ClassRunner$1.evaluate(BlockJUnit4ClassRunner.java:100)
  at org.junit.runners.ParentRunner.runLeaf(ParentRunner.java:366)
  at org.junit.runners.BlockJUnit4ClassRunner.runChild(BlockJUnit4ClassRunner.java:103)
  at org.junit.runners.BlockJUnit4ClassRunner.runChild(BlockJUnit4ClassRunner.java:63)
  at org.junit.runners.ParentRunner$4.run(ParentRunner.java:331)
  at org.junit.runners.ParentRunner$1.schedule(ParentRunner.java:79)
  at org.junit.runners.ParentRunner.runChildren(ParentRunner.java:329)
  at org.junit.runners.ParentRunner.access$100(ParentRunner.java:66)
  at org.junit.runners.ParentRunner$2.evaluate(ParentRunner.java:293)
  at org.junit.runners.ParentRunner$3.evaluate(ParentRunner.java:306)
  at org.junit.runners.ParentRunner.run(ParentRunner.java:413)
  at org.junit.runner.JUnitCore.run(JUnitCore.java:137)
  at org.junit.runner.JUnitCore.run(JUnitCore.java:115)
  at org.gradle.api.internal.tasks.testing.junit.JUnitTestExecutor.runRequest(JUnitTestExecutor.java:175)
  at org.gradle.api.internal.tasks.testing.junit.JUnitTestExecutor.accept(JUnitTestExecutor.java:84)
  at org.gradle.api.internal.tasks.testing.junit.JUnitTestExecutor.accept(JUnitTestExecutor.java:47)
  at org.gradle.api.internal.tasks.testing.junit.AbstractJUnitTestDefinitionProcessor.processTestDefinition(AbstractJUnitTestDefinitionProcessor.java:65)
  at org.gradle.api.internal.tasks.testing.SuiteTestDefinitionProcessor.processTestDefinition(SuiteTestDefinitionProcessor.java:54)
  at java.base/jdk.internal.reflect.DirectMethodHandleAccessor.invoke(DirectMethodHandleAccessor.java:104)
  at java.base/java.lang.reflect.Method.invoke(Method.java:565)
  at org.gradle.internal.dispatch.MethodInvocation.invokeOn(MethodInvocation.java:77)
  at org.gradle.internal.dispatch.ReflectionDispatch.dispatch(ReflectionDispatch.java:28)
  at org.gradle.internal.dispatch.ReflectionDispatch.dispatch(ReflectionDispatch.java:19)
  at org.gradle.internal.dispatch.ContextClassLoaderDispatch.dispatch(ContextClassLoaderDispatch.java:33)
  at org.gradle.internal.dispatch.ProxyDispatchAdapter$DispatchingInvocationHandler.invoke(ProxyDispatchAdapter.java:88)
  at jdk.proxy1/jdk.proxy1.$Proxy4.processTestDefinition(Unknown Source)
  at org.gradle.api.internal.tasks.testing.worker.TestWorker$2.run(TestWorker.java:178)
  at org.gradle.api.internal.tasks.testing.worker.TestWorker.executeAndMaintainThreadName(TestWorker.java:126)
  at org.gradle.api.internal.tasks.testing.worker.TestWorker.execute(TestWorker.java:103)
  at org.gradle.api.internal.tasks.testing.worker.TestWorker.execute(TestWorker.java:63)
  at org.gradle.process.internal.worker.child.ActionExecutionWorker.execute(ActionExecutionWorker.java:56)
  at org.gradle.process.internal.worker.child.SystemApplicationClassLoaderWorker.call(SystemApplicationClassLoaderWorker.java:122)
  at org.gradle.process.internal.worker.child.SystemApplicationClassLoaderWorker.call(SystemApplicationClassLoaderWorker.java:72)
  at worker.org.gradle.process.internal.worker.GradleWorkerMain.run(GradleWorkerMain.java:69)
  at worker.org.gradle.process.internal.worker.GradleWorkerMain.main(GradleWorkerMain.java:74)
</stacktrace>
</test-failure>


TypeScriptCompilerTests_F[jvm] > fatarrowfunctionsErrors_ts compiles to JavaScript matching fatarrowfunctionsErrors_js[jvm] FAILED

<test-failure test="com.xemantic.typescript.compiler.TypeScriptCompilerTests_F.forwardRefInClassProperties_ts has expected errors matching forwardRefInClassProperties_errors_txt" platform="jvm">
<message>
--- expected
+++ actual
@@ -1,22 +1,13 @@
-forwardRefInClassProperties.ts(3,15): error TS2729: Property '_a' is used before its initialization.
-forwardRefInClassProperties.ts(6,22): error TS2729: Property '_A' is used before its initialization.
 forwardRefInClassProperties.ts(11,17): error TS2448: Block-scoped variable 'b' used before its declaration.
-forwardRefInClassProperties.ts(11,17): error TS2454: Variable 'b' is used before being assigned.
 
 
-==== forwardRefInClassProperties.ts (4 errors) ====
+==== forwardRefInClassProperties.ts (1 errors) ====
     class Test
     {
         _b = this._a; // undefined, no error/warning
-                  ~~
-!!! error TS2729: Property '_a' is used before its initialization.
-!!! related TS2728 forwardRefInClassProperties.ts:4:5: '_a' is declared here.
         _a = 3;
     
         static _B = Test._A; // undefined, no error/warning
-                         ~~
-!!! error TS2729: Property '_A' is used before its initialization.
-!!! related TS2728 forwardRefInClassProperties.ts:7:12: '_A' is declared here.
         static _A = 3;
     
         method()
@@ -25,8 +16,6 @@
                     ~
 !!! error TS2448: Block-scoped variable 'b' used before its declaration.
 !!! related TS2728 forwardRefInClassProperties.ts:12:13: 'b' is declared here.
-                    ~
-!!! error TS2454: Variable 'b' is used before being assigned.
             let b = 3;
         }
     }

</message>
<stacktrace>
  at org.junit.Assert.fail(Assert.java:89)
  at kotlin.test.junit.JUnitAsserter.fail(JUnitSupport.kt:56)
  at kotlin.test.AssertionsKt__AssertionsKt.fail(Assertions.kt:563)
  at kotlin.test.AssertionsKt.fail(Unknown Source)
  at com.xemantic.kotlin.test.SameAsKt.sameAs(SameAs.kt:52)
  at com.xemantic.typescript.compiler.TypeScriptTestSupportKt.errorsMatchBaseline(TypeScriptTestSupport.kt:135)
  at com.xemantic.typescript.compiler.TypeScriptCompilerTests_F.forwardRefInClassProperties_ts has expected errors matching forwardRefInClassProperties_errors_txt(TypeScriptCompilerTests_F.kt:679)
  at java.base/jdk.internal.reflect.DirectMethodHandleAccessor.invoke(DirectMethodHandleAccessor.java:104)
  at java.base/java.lang.reflect.Method.invoke(Method.java:565)
  at org.junit.runners.model.FrameworkMethod$1.runReflectiveCall(FrameworkMethod.java:59)
  at org.junit.internal.runners.model.ReflectiveCallable.run(ReflectiveCallable.java:12)
  at org.junit.runners.model.FrameworkMethod.invokeExplosively(FrameworkMethod.java:56)
  at org.junit.internal.runners.statements.InvokeMethod.evaluate(InvokeMethod.java:17)
  at org.junit.runners.ParentRunner$3.evaluate(ParentRunner.java:306)
  at org.junit.runners.BlockJUnit4ClassRunner$1.evaluate(BlockJUnit4ClassRunner.java:100)
  at org.junit.runners.ParentRunner.runLeaf(ParentRunner.java:366)
  at org.junit.runners.BlockJUnit4ClassRunner.runChild(BlockJUnit4ClassRunner.java:103)
  at org.junit.runners.BlockJUnit4ClassRunner.runChild(BlockJUnit4ClassRunner.java:63)
  at org.junit.runners.ParentRunner$4.run(ParentRunner.java:331)
  at org.junit.runners.ParentRunner$1.schedule(ParentRunner.java:79)
  at org.junit.runners.ParentRunner.runChildren(ParentRunner.java:329)
  at org.junit.runners.ParentRunner.access$100(ParentRunner.java:66)
  at org.junit.runners.ParentRunner$2.evaluate(ParentRunner.java:293)
  at org.junit.runners.ParentRunner$3.evaluate(ParentRunner.java:306)
  at org.junit.runners.ParentRunner.run(ParentRunner.java:413)
  at org.junit.runner.JUnitCore.run(JUnitCore.java:137)
  at org.junit.runner.JUnitCore.run(JUnitCore.java:115)
  at org.gradle.api.internal.tasks.testing.junit.JUnitTestExecutor.runRequest(JUnitTestExecutor.java:175)
  at org.gradle.api.internal.tasks.testing.junit.JUnitTestExecutor.accept(JUnitTestExecutor.java:84)
  at org.gradle.api.internal.tasks.testing.junit.JUnitTestExecutor.accept(JUnitTestExecutor.java:47)
  at org.gradle.api.internal.tasks.testing.junit.AbstractJUnitTestDefinitionProcessor.processTestDefinition(AbstractJUnitTestDefinitionProcessor.java:65)
  at org.gradle.api.internal.tasks.testing.SuiteTestDefinitionProcessor.processTestDefinition(SuiteTestDefinitionProcessor.java:54)
  at java.base/jdk.internal.reflect.DirectMethodHandleAccessor.invoke(DirectMethodHandleAccessor.java:104)
  at java.base/java.lang.reflect.Method.invoke(Method.java:565)
  at org.gradle.internal.dispatch.MethodInvocation.invokeOn(MethodInvocation.java:77)
  at org.gradle.internal.dispatch.ReflectionDispatch.dispatch(ReflectionDispatch.java:28)
  at org.gradle.internal.dispatch.ReflectionDispatch.dispatch(ReflectionDispatch.java:19)
  at org.gradle.internal.dispatch.ContextClassLoaderDispatch.dispatch(ContextClassLoaderDispatch.java:33)
  at org.gradle.internal.dispatch.ProxyDispatchAdapter$DispatchingInvocationHandler.invoke(ProxyDispatchAdapter.java:88)
  at jdk.proxy1/jdk.proxy1.$Proxy4.processTestDefinition(Unknown Source)
  at org.gradle.api.internal.tasks.testing.worker.TestWorker$2.run(TestWorker.java:178)
  at org.gradle.api.internal.tasks.testing.worker.TestWorker.executeAndMaintainThreadName(TestWorker.java:126)
  at org.gradle.api.internal.tasks.testing.worker.TestWorker.execute(TestWorker.java:103)
  at org.gradle.api.internal.tasks.testing.worker.TestWorker.execute(TestWorker.java:63)
  at org.gradle.process.internal.worker.child.ActionExecutionWorker.execute(ActionExecutionWorker.java:56)
  at org.gradle.process.internal.worker.child.SystemApplicationClassLoaderWorker.call(SystemApplicationClassLoaderWorker.java:122)
  at org.gradle.process.internal.worker.child.SystemApplicationClassLoaderWorker.call(SystemApplicationClassLoaderWorker.java:72)
  at worker.org.gradle.process.internal.worker.GradleWorkerMain.run(GradleWorkerMain.java:69)
  at worker.org.gradle.process.internal.worker.GradleWorkerMain.main(GradleWorkerMain.java:74)
</stacktrace>
</test-failure>


TypeScriptCompilerTests_F[jvm] > forwardRefInClassProperties_ts has expected errors matching forwardRefInClassProperties_errors_txt[jvm] FAILED

<test-failure test="com.xemantic.typescript.compiler.TypeScriptCompilerTests_F.fuzzy_ts has expected errors matching fuzzy_errors_txt" platform="jvm">
<message>
Expected diagnostics from baseline typescript-repo/tests/baselines/reference/fuzzy.errors.txt but none produced
</message>
<stacktrace>
  at com.xemantic.typescript.compiler.TypeScriptTestSupportKt.errorsMatchBaseline(TypeScriptTestSupport.kt:125)
  at com.xemantic.typescript.compiler.TypeScriptCompilerTests_F.fuzzy_ts has expected errors matching fuzzy_errors_txt(TypeScriptCompilerTests_F.kt:2191)
  at java.base/jdk.internal.reflect.DirectMethodHandleAccessor.invoke(DirectMethodHandleAccessor.java:104)
  at java.base/java.lang.reflect.Method.invoke(Method.java:565)
  at org.junit.runners.model.FrameworkMethod$1.runReflectiveCall(FrameworkMethod.java:59)
  at org.junit.internal.runners.model.ReflectiveCallable.run(ReflectiveCallable.java:12)
  at org.junit.runners.model.FrameworkMethod.invokeExplosively(FrameworkMethod.java:56)
  at org.junit.internal.runners.statements.InvokeMethod.evaluate(InvokeMethod.java:17)
  at org.junit.runners.ParentRunner$3.evaluate(ParentRunner.java:306)
  at org.junit.runners.BlockJUnit4ClassRunner$1.evaluate(BlockJUnit4ClassRunner.java:100)
  at org.junit.runners.ParentRunner.runLeaf(ParentRunner.java:366)
  at org.junit.runners.BlockJUnit4ClassRunner.runChild(BlockJUnit4ClassRunner.java:103)
  at org.junit.runners.BlockJUnit4ClassRunner.runChild(BlockJUnit4ClassRunner.java:63)
  at org.junit.runners.ParentRunner$4.run(ParentRunner.java:331)
  at org.junit.runners.ParentRunner$1.schedule(ParentRunner.java:79)
  at org.junit.runners.ParentRunner.runChildren(ParentRunner.java:329)
  at org.junit.runners.ParentRunner.access$100(ParentRunner.java:66)
  at org.junit.runners.ParentRunner$2.evaluate(ParentRunner.java:293)
  at org.junit.runners.ParentRunner$3.evaluate(ParentRunner.java:306)
  at org.junit.runners.ParentRunner.run(ParentRunner.java:413)
  at org.junit.runner.JUnitCore.run(JUnitCore.java:137)
  at org.junit.runner.JUnitCore.run(JUnitCore.java:115)
  at org.gradle.api.internal.tasks.testing.junit.JUnitTestExecutor.runRequest(JUnitTestExecutor.java:175)
  at org.gradle.api.internal.tasks.testing.junit.JUnitTestExecutor.accept(JUnitTestExecutor.java:84)
  at org.gradle.api.internal.tasks.testing.junit.JUnitTestExecutor.accept(JUnitTestExecutor.java:47)
  at org.gradle.api.internal.tasks.testing.junit.AbstractJUnitTestDefinitionProcessor.processTestDefinition(AbstractJUnitTestDefinitionProcessor.java:65)
  at org.gradle.api.internal.tasks.testing.SuiteTestDefinitionProcessor.processTestDefinition(SuiteTestDefinitionProcessor.java:54)
  at java.base/jdk.internal.reflect.DirectMethodHandleAccessor.invoke(DirectMethodHandleAccessor.java:104)
  at java.base/java.lang.reflect.Method.invoke(Method.java:565)
  at org.gradle.internal.dispatch.MethodInvocation.invokeOn(MethodInvocation.java:77)
  at org.gradle.internal.dispatch.ReflectionDispatch.dispatch(ReflectionDispatch.java:28)
  at org.gradle.internal.dispatch.ReflectionDispatch.dispatch(ReflectionDispatch.java:19)
  at org.gradle.internal.dispatch.ContextClassLoaderDispatch.dispatch(ContextClassLoaderDispatch.java:33)
  at org.gradle.internal.dispatch.ProxyDispatchAdapter$DispatchingInvocationHandler.invoke(ProxyDispatchAdapter.java:88)
  at jdk.proxy1/jdk.proxy1.$Proxy4.processTestDefinition(Unknown Source)
  at org.gradle.api.internal.tasks.testing.worker.TestWorker$2.run(TestWorker.java:178)
  at org.gradle.api.internal.tasks.testing.worker.TestWorker.executeAndMaintainThreadName(TestWorker.java:126)
  at org.gradle.api.internal.tasks.testing.worker.TestWorker.execute(TestWorker.java:103)
  at org.gradle.api.internal.tasks.testing.worker.TestWorker.execute(TestWorker.java:63)
  at org.gradle.process.internal.worker.child.ActionExecutionWorker.execute(ActionExecutionWorker.java:56)
  at org.gradle.process.internal.worker.child.SystemApplicationClassLoaderWorker.call(SystemApplicationClassLoaderWorker.java:122)
  at org.gradle.process.internal.worker.child.SystemApplicationClassLoaderWorker.call(SystemApplicationClassLoaderWorker.java:72)
  at worker.org.gradle.process.internal.worker.GradleWorkerMain.run(GradleWorkerMain.java:69)
  at worker.org.gradle.process.internal.worker.GradleWorkerMain.main(GradleWorkerMain.java:74)
</stacktrace>
</test-failure>


TypeScriptCompilerTests_F[jvm] > fuzzy_ts has expected errors matching fuzzy_errors_txt[jvm] FAILED

<test-failure test="com.xemantic.typescript.compiler.TypeScriptCompilerTests_F.functionAssignabilityWithArrayLike01_ts__strict_true__has expected errors matching baseline" platform="jvm">
<message>
Expected diagnostics from baseline typescript-repo/tests/baselines/reference/functionAssignabilityWithArrayLike01(strict=true).errors.txt but none produced
</message>
<stacktrace>
  at com.xemantic.typescript.compiler.TypeScriptTestSupportKt.errorsMatchBaseline(TypeScriptTestSupport.kt:125)
  at com.xemantic.typescript.compiler.TypeScriptCompilerTests_F.functionAssignabilityWithArrayLike01_ts__strict_true__has expected errors matching baseline(TypeScriptCompilerTests_F.kt:833)
  at java.base/jdk.internal.reflect.DirectMethodHandleAccessor.invoke(DirectMethodHandleAccessor.java:104)
  at java.base/java.lang.reflect.Method.invoke(Method.java:565)
  at org.junit.runners.model.FrameworkMethod$1.runReflectiveCall(FrameworkMethod.java:59)
  at org.junit.internal.runners.model.ReflectiveCallable.run(ReflectiveCallable.java:12)
  at org.junit.runners.model.FrameworkMethod.invokeExplosively(FrameworkMethod.java:56)
  at org.junit.internal.runners.statements.InvokeMethod.evaluate(InvokeMethod.java:17)
  at org.junit.runners.ParentRunner$3.evaluate(ParentRunner.java:306)
  at org.junit.runners.BlockJUnit4ClassRunner$1.evaluate(BlockJUnit4ClassRunner.java:100)
  at org.junit.runners.ParentRunner.runLeaf(ParentRunner.java:366)
  at org.junit.runners.BlockJUnit4ClassRunner.runChild(BlockJUnit4ClassRunner.java:103)
  at org.junit.runners.BlockJUnit4ClassRunner.runChild(BlockJUnit4ClassRunner.java:63)
  at org.junit.runners.ParentRunner$4.run(ParentRunner.java:331)
  at org.junit.runners.ParentRunner$1.schedule(ParentRunner.java:79)
  at org.junit.runners.ParentRunner.runChildren(ParentRunner.java:329)
  at org.junit.runners.ParentRunner.access$100(ParentRunner.java:66)
  at org.junit.runners.ParentRunner$2.evaluate(ParentRunner.java:293)
  at org.junit.runners.ParentRunner$3.evaluate(ParentRunner.java:306)
  at org.junit.runners.ParentRunner.run(ParentRunner.java:413)
  at org.junit.runner.JUnitCore.run(JUnitCore.java:137)
  at org.junit.runner.JUnitCore.run(JUnitCore.java:115)
  at org.gradle.api.internal.tasks.testing.junit.JUnitTestExecutor.runRequest(JUnitTestExecutor.java:175)
  at org.gradle.api.internal.tasks.testing.junit.JUnitTestExecutor.accept(JUnitTestExecutor.java:84)
  at org.gradle.api.internal.tasks.testing.junit.JUnitTestExecutor.accept(JUnitTestExecutor.java:47)
  at org.gradle.api.internal.tasks.testing.junit.AbstractJUnitTestDefinitionProcessor.processTestDefinition(AbstractJUnitTestDefinitionProcessor.java:65)
  at org.gradle.api.internal.tasks.testing.SuiteTestDefinitionProcessor.processTestDefinition(SuiteTestDefinitionProcessor.java:54)
  at java.base/jdk.internal.reflect.DirectMethodHandleAccessor.invoke(DirectMethodHandleAccessor.java:104)
  at java.base/java.lang.reflect.Method.invoke(Method.java:565)
  at org.gradle.internal.dispatch.MethodInvocation.invokeOn(MethodInvocation.java:77)
  at org.gradle.internal.dispatch.ReflectionDispatch.dispatch(ReflectionDispatch.java:28)
  at org.gradle.internal.dispatch.ReflectionDispatch.dispatch(ReflectionDispatch.java:19)
  at org.gradle.internal.dispatch.ContextClassLoaderDispatch.dispatch(ContextClassLoaderDispatch.java:33)
  at org.gradle.internal.dispatch.ProxyDispatchAdapter$DispatchingInvocationHandler.invoke(ProxyDispatchAdapter.java:88)
  at jdk.proxy1/jdk.proxy1.$Proxy4.processTestDefinition(Unknown Source)
  at org.gradle.api.internal.tasks.testing.worker.TestWorker$2.run(TestWorker.java:178)
  at org.gradle.api.internal.tasks.testing.worker.TestWorker.executeAndMaintainThreadName(TestWorker.java:126)
  at org.gradle.api.internal.tasks.testing.worker.TestWorker.execute(TestWorker.java:103)
  at org.gradle.api.internal.tasks.testing.worker.TestWorker.execute(TestWorker.java:63)
  at org.gradle.process.internal.worker.child.ActionExecutionWorker.execute(ActionExecutionWorker.java:56)
  at org.gradle.process.internal.worker.child.SystemApplicationClassLoaderWorker.call(SystemApplicationClassLoaderWorker.java:122)
  at org.gradle.process.internal.worker.child.SystemApplicationClassLoaderWorker.call(SystemApplicationClassLoaderWorker.java:72)
  at worker.org.gradle.process.internal.worker.GradleWorkerMain.run(GradleWorkerMain.java:69)
  at worker.org.gradle.process.internal.worker.GradleWorkerMain.main(GradleWorkerMain.java:74)
</stacktrace>
</test-failure>


TypeScriptCompilerTests_F[jvm] > functionAssignabilityWithArrayLike01_ts__strict_true__has expected errors matching baseline[jvm] FAILED

<test-failure test="com.xemantic.typescript.compiler.TypeScriptCompilerTests_F.forIn2_ts has expected errors matching forIn2_errors_txt" platform="jvm">
<message>
Expected diagnostics from baseline typescript-repo/tests/baselines/reference/forIn2.errors.txt but none produced
</message>
<stacktrace>
  at com.xemantic.typescript.compiler.TypeScriptTestSupportKt.errorsMatchBaseline(TypeScriptTestSupport.kt:125)
  at com.xemantic.typescript.compiler.TypeScriptCompilerTests_F.forIn2_ts has expected errors matching forIn2_errors_txt(TypeScriptCompilerTests_F.kt:511)
  at java.base/jdk.internal.reflect.DirectMethodHandleAccessor.invoke(DirectMethodHandleAccessor.java:104)
  at java.base/java.lang.reflect.Method.invoke(Method.java:565)
  at org.junit.runners.model.FrameworkMethod$1.runReflectiveCall(FrameworkMethod.java:59)
  at org.junit.internal.runners.model.ReflectiveCallable.run(ReflectiveCallable.java:12)
  at org.junit.runners.model.FrameworkMethod.invokeExplosively(FrameworkMethod.java:56)
  at org.junit.internal.runners.statements.InvokeMethod.evaluate(InvokeMethod.java:17)
  at org.junit.runners.ParentRunner$3.evaluate(ParentRunner.java:306)
  at org.junit.runners.BlockJUnit4ClassRunner$1.evaluate(BlockJUnit4ClassRunner.java:100)
  at org.junit.runners.ParentRunner.runLeaf(ParentRunner.java:366)
  at org.junit.runners.BlockJUnit4ClassRunner.runChild(BlockJUnit4ClassRunner.java:103)
  at org.junit.runners.BlockJUnit4ClassRunner.runChild(BlockJUnit4ClassRunner.java:63)
  at org.junit.runners.ParentRunner$4.run(ParentRunner.java:331)
  at org.junit.runners.ParentRunner$1.schedule(ParentRunner.java:79)
  at org.junit.runners.ParentRunner.runChildren(ParentRunner.java:329)
  at org.junit.runners.ParentRunner.access$100(ParentRunner.java:66)
  at org.junit.runners.ParentRunner$2.evaluate(ParentRunner.java:293)
  at org.junit.runners.ParentRunner$3.evaluate(ParentRunner.java:306)
  at org.junit.runners.ParentRunner.run(ParentRunner.java:413)
  at org.junit.runner.JUnitCore.run(JUnitCore.java:137)
  at org.junit.runner.JUnitCore.run(JUnitCore.java:115)
  at org.gradle.api.internal.tasks.testing.junit.JUnitTestExecutor.runRequest(JUnitTestExecutor.java:175)
  at org.gradle.api.internal.tasks.testing.junit.JUnitTestExecutor.accept(JUnitTestExecutor.java:84)
  at org.gradle.api.internal.tasks.testing.junit.JUnitTestExecutor.accept(JUnitTestExecutor.java:47)
  at org.gradle.api.internal.tasks.testing.junit.AbstractJUnitTestDefinitionProcessor.processTestDefinition(AbstractJUnitTestDefinitionProcessor.java:65)
  at org.gradle.api.internal.tasks.testing.SuiteTestDefinitionProcessor.processTestDefinition(SuiteTestDefinitionProcessor.java:54)
  at java.base/jdk.internal.reflect.DirectMethodHandleAccessor.invoke(DirectMethodHandleAccessor.java:104)
  at java.base/java.lang.reflect.Method.invoke(Method.java:565)
  at org.gradle.internal.dispatch.MethodInvocation.invokeOn(MethodInvocation.java:77)
  at org.gradle.internal.dispatch.ReflectionDispatch.dispatch(ReflectionDispatch.java:28)
  at org.gradle.internal.dispatch.ReflectionDispatch.dispatch(ReflectionDispatch.java:19)
  at org.gradle.internal.dispatch.ContextClassLoaderDispatch.dispatch(ContextClassLoaderDispatch.java:33)
  at org.gradle.internal.dispatch.ProxyDispatchAdapter$DispatchingInvocationHandler.invoke(ProxyDispatchAdapter.java:88)
  at jdk.proxy1/jdk.proxy1.$Proxy4.processTestDefinition(Unknown Source)
  at org.gradle.api.internal.tasks.testing.worker.TestWorker$2.run(TestWorker.java:178)
  at org.gradle.api.internal.tasks.testing.worker.TestWorker.executeAndMaintainThreadName(TestWorker.java:126)
  at org.gradle.api.internal.tasks.testing.worker.TestWorker.execute(TestWorker.java:103)
  at org.gradle.api.internal.tasks.testing.worker.TestWorker.execute(TestWorker.java:63)
  at org.gradle.process.internal.worker.child.ActionExecutionWorker.execute(ActionExecutionWorker.java:56)
  at org.gradle.process.internal.worker.child.SystemApplicationClassLoaderWorker.call(SystemApplicationClassLoaderWorker.java:122)
  at org.gradle.process.internal.worker.child.SystemApplicationClassLoaderWorker.call(SystemApplicationClassLoaderWorker.java:72)
  at worker.org.gradle.process.internal.worker.GradleWorkerMain.run(GradleWorkerMain.java:69)
  at worker.org.gradle.process.internal.worker.GradleWorkerMain.main(GradleWorkerMain.java:74)
</stacktrace>
</test-failure>


TypeScriptCompilerTests_F[jvm] > forIn2_ts has expected errors matching forIn2_errors_txt[jvm] FAILED

<test-failure test="com.xemantic.typescript.compiler.TypeScriptCompilerTests_F.forwardRefInEnum_ts has expected errors matching forwardRefInEnum_errors_txt" platform="jvm">
<message>
Expected diagnostics from baseline typescript-repo/tests/baselines/reference/forwardRefInEnum.errors.txt but none produced
</message>
<stacktrace>
  at com.xemantic.typescript.compiler.TypeScriptTestSupportKt.errorsMatchBaseline(TypeScriptTestSupport.kt:125)
  at com.xemantic.typescript.compiler.TypeScriptCompilerTests_F.forwardRefInEnum_ts has expected errors matching forwardRefInEnum_errors_txt(TypeScriptCompilerTests_F.kt:693)
  at java.base/jdk.internal.reflect.DirectMethodHandleAccessor.invoke(DirectMethodHandleAccessor.java:104)
  at java.base/java.lang.reflect.Method.invoke(Method.java:565)
  at org.junit.runners.model.FrameworkMethod$1.runReflectiveCall(FrameworkMethod.java:59)
  at org.junit.internal.runners.model.ReflectiveCallable.run(ReflectiveCallable.java:12)
  at org.junit.runners.model.FrameworkMethod.invokeExplosively(FrameworkMethod.java:56)
  at org.junit.internal.runners.statements.InvokeMethod.evaluate(InvokeMethod.java:17)
  at org.junit.runners.ParentRunner$3.evaluate(ParentRunner.java:306)
  at org.junit.runners.BlockJUnit4ClassRunner$1.evaluate(BlockJUnit4ClassRunner.java:100)
  at org.junit.runners.ParentRunner.runLeaf(ParentRunner.java:366)
  at org.junit.runners.BlockJUnit4ClassRunner.runChild(BlockJUnit4ClassRunner.java:103)
  at org.junit.runners.BlockJUnit4ClassRunner.runChild(BlockJUnit4ClassRunner.java:63)
  at org.junit.runners.ParentRunner$4.run(ParentRunner.java:331)
  at org.junit.runners.ParentRunner$1.schedule(ParentRunner.java:79)
  at org.junit.runners.ParentRunner.runChildren(ParentRunner.java:329)
  at org.junit.runners.ParentRunner.access$100(ParentRunner.java:66)
  at org.junit.runners.ParentRunner$2.evaluate(ParentRunner.java:293)
  at org.junit.runners.ParentRunner$3.evaluate(ParentRunner.java:306)
  at org.junit.runners.ParentRunner.run(ParentRunner.java:413)
  at org.junit.runner.JUnitCore.run(JUnitCore.java:137)
  at org.junit.runner.JUnitCore.run(JUnitCore.java:115)
  at org.gradle.api.internal.tasks.testing.junit.JUnitTestExecutor.runRequest(JUnitTestExecutor.java:175)
  at org.gradle.api.internal.tasks.testing.junit.JUnitTestExecutor.accept(JUnitTestExecutor.java:84)
  at org.gradle.api.internal.tasks.testing.junit.JUnitTestExecutor.accept(JUnitTestExecutor.java:47)
  at org.gradle.api.internal.tasks.testing.junit.AbstractJUnitTestDefinitionProcessor.processTestDefinition(AbstractJUnitTestDefinitionProcessor.java:65)
  at org.gradle.api.internal.tasks.testing.SuiteTestDefinitionProcessor.processTestDefinition(SuiteTestDefinitionProcessor.java:54)
  at java.base/jdk.internal.reflect.DirectMethodHandleAccessor.invoke(DirectMethodHandleAccessor.java:104)
  at java.base/java.lang.reflect.Method.invoke(Method.java:565)
  at org.gradle.internal.dispatch.MethodInvocation.invokeOn(MethodInvocation.java:77)
  at org.gradle.internal.dispatch.ReflectionDispatch.dispatch(ReflectionDispatch.java:28)
  at org.gradle.internal.dispatch.ReflectionDispatch.dispatch(ReflectionDispatch.java:19)
  at org.gradle.internal.dispatch.ContextClassLoaderDispatch.dispatch(ContextClassLoaderDispatch.java:33)
  at org.gradle.internal.dispatch.ProxyDispatchAdapter$DispatchingInvocationHandler.invoke(ProxyDispatchAdapter.java:88)
  at jdk.proxy1/jdk.proxy1.$Proxy4.processTestDefinition(Unknown Source)
  at org.gradle.api.internal.tasks.testing.worker.TestWorker$2.run(TestWorker.java:178)
  at org.gradle.api.internal.tasks.testing.worker.TestWorker.executeAndMaintainThreadName(TestWorker.java:126)
  at org.gradle.api.internal.tasks.testing.worker.TestWorker.execute(TestWorker.java:103)
  at org.gradle.api.internal.tasks.testing.worker.TestWorker.execute(TestWorker.java:63)
  at org.gradle.process.internal.worker.child.ActionExecutionWorker.execute(ActionExecutionWorker.java:56)
  at org.gradle.process.internal.worker.child.SystemApplicationClassLoaderWorker.call(SystemApplicationClassLoaderWorker.java:122)
  at org.gradle.process.internal.worker.child.SystemApplicationClassLoaderWorker.call(SystemApplicationClassLoaderWorker.java:72)
  at worker.org.gradle.process.internal.worker.GradleWorkerMain.run(GradleWorkerMain.java:69)
  at worker.org.gradle.process.internal.worker.GradleWorkerMain.main(GradleWorkerMain.java:74)
</stacktrace>
</test-failure>


TypeScriptCompilerTests_F[jvm] > forwardRefInEnum_ts has expected errors matching forwardRefInEnum_errors_txt[jvm] FAILED

<test-failure test="com.xemantic.typescript.compiler.TypeScriptCompilerTests_F.functionAndInterfaceWithSeparateErrors_ts has expected errors matching functionAndInterfaceWithSeparateErrors_errors_txt" platform="jvm">
<message>
--- expected
+++ actual
@@ -1,9 +1,8 @@
 functionAndInterfaceWithSeparateErrors.ts(1,10): error TS2394: This overload signature is not compatible with its implementation signature.
 functionAndInterfaceWithSeparateErrors.ts(1,10): error TS7010: 'Foo', which lacks return-type annotation, implicitly has an 'any' return type.
-functionAndInterfaceWithSeparateErrors.ts(6,5): error TS2411: Property 'prop' of type 'number' is not assignable to 'string' index type 'string'.
 
 
-==== functionAndInterfaceWithSeparateErrors.ts (3 errors) ====
+==== functionAndInterfaceWithSeparateErrors.ts (2 errors) ====
     function Foo(s: string);
              ~~~
 !!! error TS2394: This overload signature is not compatible with its implementation signature.
@@ -15,6 +14,4 @@
     interface Foo {
         [s: string]: string;
         prop: number;
-        ~~~~
-!!! error TS2411: Property 'prop' of type 'number' is not assignable to 'string' index type 'string'.
     }

</message>
<stacktrace>
  at org.junit.Assert.fail(Assert.java:89)
  at kotlin.test.junit.JUnitAsserter.fail(JUnitSupport.kt:56)
  at kotlin.test.AssertionsKt__AssertionsKt.fail(Assertions.kt:563)
  at kotlin.test.AssertionsKt.fail(Unknown Source)
  at com.xemantic.kotlin.test.SameAsKt.sameAs(SameAs.kt:52)
  at com.xemantic.typescript.compiler.TypeScriptTestSupportKt.errorsMatchBaseline(TypeScriptTestSupport.kt:135)
  at com.xemantic.typescript.compiler.TypeScriptCompilerTests_F.functionAndInterfaceWithSeparateErrors_ts has expected errors matching functionAndInterfaceWithSeparateErrors_errors_txt(TypeScriptCompilerTests_F.kt:784)
  at java.base/jdk.internal.reflect.DirectMethodHandleAccessor.invoke(DirectMethodHandleAccessor.java:104)
  at java.base/java.lang.reflect.Method.invoke(Method.java:565)
  at org.junit.runners.model.FrameworkMethod$1.runReflectiveCall(FrameworkMethod.java:59)
  at org.junit.internal.runners.model.ReflectiveCallable.run(ReflectiveCallable.java:12)
  at org.junit.runners.model.FrameworkMethod.invokeExplosively(FrameworkMethod.java:56)
  at org.junit.internal.runners.statements.InvokeMethod.evaluate(InvokeMethod.java:17)
  at org.junit.runners.ParentRunner$3.evaluate(ParentRunner.java:306)
  at org.junit.runners.BlockJUnit4ClassRunner$1.evaluate(BlockJUnit4ClassRunner.java:100)
  at org.junit.runners.ParentRunner.runLeaf(ParentRunner.java:366)
  at org.junit.runners.BlockJUnit4ClassRunner.runChild(BlockJUnit4ClassRunner.java:103)
  at org.junit.runners.BlockJUnit4ClassRunner.runChild(BlockJUnit4ClassRunner.java:63)
  at org.junit.runners.ParentRunner$4.run(ParentRunner.java:331)
  at org.junit.runners.ParentRunner$1.schedule(ParentRunner.java:79)
  at org.junit.runners.ParentRunner.runChildren(ParentRunner.java:329)
  at org.junit.runners.ParentRunner.access$100(ParentRunner.java:66)
  at org.junit.runners.ParentRunner$2.evaluate(ParentRunner.java:293)
  at org.junit.runners.ParentRunner$3.evaluate(ParentRunner.java:306)
  at org.junit.runners.ParentRunner.run(ParentRunner.java:413)
  at org.junit.runner.JUnitCore.run(JUnitCore.java:137)
  at org.junit.runner.JUnitCore.run(JUnitCore.java:115)
  at org.gradle.api.internal.tasks.testing.junit.JUnitTestExecutor.runRequest(JUnitTestExecutor.java:175)
  at org.gradle.api.internal.tasks.testing.junit.JUnitTestExecutor.accept(JUnitTestExecutor.java:84)
  at org.gradle.api.internal.tasks.testing.junit.JUnitTestExecutor.accept(JUnitTestExecutor.java:47)
  at org.gradle.api.internal.tasks.testing.junit.AbstractJUnitTestDefinitionProcessor.processTestDefinition(AbstractJUnitTestDefinitionProcessor.java:65)
  at org.gradle.api.internal.tasks.testing.SuiteTestDefinitionProcessor.processTestDefinition(SuiteTestDefinitionProcessor.java:54)
  at java.base/jdk.internal.reflect.DirectMethodHandleAccessor.invoke(DirectMethodHandleAccessor.java:104)
  at java.base/java.lang.reflect.Method.invoke(Method.java:565)
  at org.gradle.internal.dispatch.MethodInvocation.invokeOn(MethodInvocation.java:77)
  at org.gradle.internal.dispatch.ReflectionDispatch.dispatch(ReflectionDispatch.java:28)
  at org.gradle.internal.dispatch.ReflectionDispatch.dispatch(ReflectionDispatch.java:19)
  at org.gradle.internal.dispatch.ContextClassLoaderDispatch.dispatch(ContextClassLoaderDispatch.java:33)
  at org.gradle.internal.dispatch.ProxyDispatchAdapter$DispatchingInvocationHandler.invoke(ProxyDispatchAdapter.java:88)
  at jdk.proxy1/jdk.proxy1.$Proxy4.processTestDefinition(Unknown Source)
  at org.gradle.api.internal.tasks.testing.worker.TestWorker$2.run(TestWorker.java:178)
  at org.gradle.api.internal.tasks.testing.worker.TestWorker.executeAndMaintainThreadName(TestWorker.java:126)
  at org.gradle.api.internal.tasks.testing.worker.TestWorker.execute(TestWorker.java:103)
  at org.gradle.api.internal.tasks.testing.worker.TestWorker.execute(TestWorker.java:63)
  at org.gradle.process.internal.worker.child.ActionExecutionWorker.execute(ActionExecutionWorker.java:56)
  at org.gradle.process.internal.worker.child.SystemApplicationClassLoaderWorker.call(SystemApplicationClassLoaderWorker.java:122)
  at org.gradle.process.internal.worker.child.SystemApplicationClassLoaderWorker.call(SystemApplicationClassLoaderWorker.java:72)
  at worker.org.gradle.process.internal.worker.GradleWorkerMain.run(GradleWorkerMain.java:69)
  at worker.org.gradle.process.internal.worker.GradleWorkerMain.main(GradleWorkerMain.java:74)
</stacktrace>
</test-failure>


TypeScriptCompilerTests_F[jvm] > functionAndInterfaceWithSeparateErrors_ts has expected errors matching functionAndInterfaceWithSeparateErrors_errors_txt[jvm] FAILED

<test-failure test="com.xemantic.typescript.compiler.TypeScriptCompilerTests_F.functionOverloads37_ts has expected errors matching functionOverloads37_errors_txt" platform="jvm">
<message>
Expected diagnostics from baseline typescript-repo/tests/baselines/reference/functionOverloads37.errors.txt but none produced
</message>
<stacktrace>
  at com.xemantic.typescript.compiler.TypeScriptTestSupportKt.errorsMatchBaseline(TypeScriptTestSupport.kt:125)
  at com.xemantic.typescript.compiler.TypeScriptCompilerTests_F.functionOverloads37_ts has expected errors matching functionOverloads37_errors_txt(TypeScriptCompilerTests_F.kt:1582)
  at java.base/jdk.internal.reflect.DirectMethodHandleAccessor.invoke(DirectMethodHandleAccessor.java:104)
  at java.base/java.lang.reflect.Method.invoke(Method.java:565)
  at org.junit.runners.model.FrameworkMethod$1.runReflectiveCall(FrameworkMethod.java:59)
  at org.junit.internal.runners.model.ReflectiveCallable.run(ReflectiveCallable.java:12)
  at org.junit.runners.model.FrameworkMethod.invokeExplosively(FrameworkMethod.java:56)
  at org.junit.internal.runners.statements.InvokeMethod.evaluate(InvokeMethod.java:17)
  at org.junit.runners.ParentRunner$3.evaluate(ParentRunner.java:306)
  at org.junit.runners.BlockJUnit4ClassRunner$1.evaluate(BlockJUnit4ClassRunner.java:100)
  at org.junit.runners.ParentRunner.runLeaf(ParentRunner.java:366)
  at org.junit.runners.BlockJUnit4ClassRunner.runChild(BlockJUnit4ClassRunner.java:103)
  at org.junit.runners.BlockJUnit4ClassRunner.runChild(BlockJUnit4ClassRunner.java:63)
  at org.junit.runners.ParentRunner$4.run(ParentRunner.java:331)
  at org.junit.runners.ParentRunner$1.schedule(ParentRunner.java:79)
  at org.junit.runners.ParentRunner.runChildren(ParentRunner.java:329)
  at org.junit.runners.ParentRunner.access$100(ParentRunner.java:66)
  at org.junit.runners.ParentRunner$2.evaluate(ParentRunner.java:293)
  at org.junit.runners.ParentRunner$3.evaluate(ParentRunner.java:306)
  at org.junit.runners.ParentRunner.run(ParentRunner.java:413)
  at org.junit.runner.JUnitCore.run(JUnitCore.java:137)
  at org.junit.runner.JUnitCore.run(JUnitCore.java:115)
  at org.gradle.api.internal.tasks.testing.junit.JUnitTestExecutor.runRequest(JUnitTestExecutor.java:175)
  at org.gradle.api.internal.tasks.testing.junit.JUnitTestExecutor.accept(JUnitTestExecutor.java:84)
  at org.gradle.api.internal.tasks.testing.junit.JUnitTestExecutor.accept(JUnitTestExecutor.java:47)
  at org.gradle.api.internal.tasks.testing.junit.AbstractJUnitTestDefinitionProcessor.processTestDefinition(AbstractJUnitTestDefinitionProcessor.java:65)
  at org.gradle.api.internal.tasks.testing.SuiteTestDefinitionProcessor.processTestDefinition(SuiteTestDefinitionProcessor.java:54)
  at java.base/jdk.internal.reflect.DirectMethodHandleAccessor.invoke(DirectMethodHandleAccessor.java:104)
  at java.base/java.lang.reflect.Method.invoke(Method.java:565)
  at org.gradle.internal.dispatch.MethodInvocation.invokeOn(MethodInvocation.java:77)
  at org.gradle.internal.dispatch.ReflectionDispatch.dispatch(ReflectionDispatch.java:28)
  at org.gradle.internal.dispatch.ReflectionDispatch.dispatch(ReflectionDispatch.java:19)
  at org.gradle.internal.dispatch.ContextClassLoaderDispatch.dispatch(ContextClassLoaderDispatch.java:33)
  at org.gradle.internal.dispatch.ProxyDispatchAdapter$DispatchingInvocationHandler.invoke(ProxyDispatchAdapter.java:88)
  at jdk.proxy1/jdk.proxy1.$Proxy4.processTestDefinition(Unknown Source)
  at org.gradle.api.internal.tasks.testing.worker.TestWorker$2.run(TestWorker.java:178)
  at org.gradle.api.internal.tasks.testing.worker.TestWorker.executeAndMaintainThreadName(TestWorker.java:126)
  at org.gradle.api.internal.tasks.testing.worker.TestWorker.execute(TestWorker.java:103)
  at org.gradle.api.internal.tasks.testing.worker.TestWorker.execute(TestWorker.java:63)
  at org.gradle.process.internal.worker.child.ActionExecutionWorker.execute(ActionExecutionWorker.java:56)
  at org.gradle.process.internal.worker.child.SystemApplicationClassLoaderWorker.call(SystemApplicationClassLoaderWorker.java:122)
  at org.gradle.process.internal.worker.child.SystemApplicationClassLoaderWorker.call(SystemApplicationClassLoaderWorker.java:72)
  at worker.org.gradle.process.internal.worker.GradleWorkerMain.run(GradleWorkerMain.java:69)
  at worker.org.gradle.process.internal.worker.GradleWorkerMain.main(GradleWorkerMain.java:74)
</stacktrace>
</test-failure>


TypeScriptCompilerTests_F[jvm] > functionOverloads37_ts has expected errors matching functionOverloads37_errors_txt[jvm] FAILED

<test-failure test="com.xemantic.typescript.compiler.TypeScriptCompilerTests_F.findLast_ts__target_es2022__has expected errors matching baseline" platform="jvm">
<message>
Expected diagnostics from baseline typescript-repo/tests/baselines/reference/findLast(target=es2022).errors.txt but none produced
</message>
<stacktrace>
  at com.xemantic.typescript.compiler.TypeScriptTestSupportKt.errorsMatchBaseline(TypeScriptTestSupport.kt:125)
  at com.xemantic.typescript.compiler.TypeScriptCompilerTests_F.findLast_ts__target_es2022__has expected errors matching baseline(TypeScriptCompilerTests_F.kt:357)
  at java.base/jdk.internal.reflect.DirectMethodHandleAccessor.invoke(DirectMethodHandleAccessor.java:104)
  at java.base/java.lang.reflect.Method.invoke(Method.java:565)
  at org.junit.runners.model.FrameworkMethod$1.runReflectiveCall(FrameworkMethod.java:59)
  at org.junit.internal.runners.model.ReflectiveCallable.run(ReflectiveCallable.java:12)
  at org.junit.runners.model.FrameworkMethod.invokeExplosively(FrameworkMethod.java:56)
  at org.junit.internal.runners.statements.InvokeMethod.evaluate(InvokeMethod.java:17)
  at org.junit.runners.ParentRunner$3.evaluate(ParentRunner.java:306)
  at org.junit.runners.BlockJUnit4ClassRunner$1.evaluate(BlockJUnit4ClassRunner.java:100)
  at org.junit.runners.ParentRunner.runLeaf(ParentRunner.java:366)
  at org.junit.runners.BlockJUnit4ClassRunner.runChild(BlockJUnit4ClassRunner.java:103)
  at org.junit.runners.BlockJUnit4ClassRunner.runChild(BlockJUnit4ClassRunner.java:63)
  at org.junit.runners.ParentRunner$4.run(ParentRunner.java:331)
  at org.junit.runners.ParentRunner$1.schedule(ParentRunner.java:79)
  at org.junit.runners.ParentRunner.runChildren(ParentRunner.java:329)
  at org.junit.runners.ParentRunner.access$100(ParentRunner.java:66)
  at org.junit.runners.ParentRunner$2.evaluate(ParentRunner.java:293)
  at org.junit.runners.ParentRunner$3.evaluate(ParentRunner.java:306)
  at org.junit.runners.ParentRunner.run(ParentRunner.java:413)
  at org.junit.runner.JUnitCore.run(JUnitCore.java:137)
  at org.junit.runner.JUnitCore.run(JUnitCore.java:115)
  at org.gradle.api.internal.tasks.testing.junit.JUnitTestExecutor.runRequest(JUnitTestExecutor.java:175)
  at org.gradle.api.internal.tasks.testing.junit.JUnitTestExecutor.accept(JUnitTestExecutor.java:84)
  at org.gradle.api.internal.tasks.testing.junit.JUnitTestExecutor.accept(JUnitTestExecutor.java:47)
  at org.gradle.api.internal.tasks.testing.junit.AbstractJUnitTestDefinitionProcessor.processTestDefinition(AbstractJUnitTestDefinitionProcessor.java:65)
  at org.gradle.api.internal.tasks.testing.SuiteTestDefinitionProcessor.processTestDefinition(SuiteTestDefinitionProcessor.java:54)
  at java.base/jdk.internal.reflect.DirectMethodHandleAccessor.invoke(DirectMethodHandleAccessor.java:104)
  at java.base/java.lang.reflect.Method.invoke(Method.java:565)
  at org.gradle.internal.dispatch.MethodInvocation.invokeOn(MethodInvocation.java:77)
  at org.gradle.internal.dispatch.ReflectionDispatch.dispatch(ReflectionDispatch.java:28)
  at org.gradle.internal.dispatch.ReflectionDispatch.dispatch(ReflectionDispatch.java:19)
  at org.gradle.internal.dispatch.ContextClassLoaderDispatch.dispatch(ContextClassLoaderDispatch.java:33)
  at org.gradle.internal.dispatch.ProxyDispatchAdapter$DispatchingInvocationHandler.invoke(ProxyDispatchAdapter.java:88)
  at jdk.proxy1/jdk.proxy1.$Proxy4.processTestDefinition(Unknown Source)
  at org.gradle.api.internal.tasks.testing.worker.TestWorker$2.run(TestWorker.java:178)
  at org.gradle.api.internal.tasks.testing.worker.TestWorker.executeAndMaintainThreadName(TestWorker.java:126)
  at org.gradle.api.internal.tasks.testing.worker.TestWorker.execute(TestWorker.java:103)
  at org.gradle.api.internal.tasks.testing.worker.TestWorker.execute(TestWorker.java:63)
  at org.gradle.process.internal.worker.child.ActionExecutionWorker.execute(ActionExecutionWorker.java:56)
  at org.gradle.process.internal.worker.child.SystemApplicationClassLoaderWorker.call(SystemApplicationClassLoaderWorker.java:122)
  at org.gradle.process.internal.worker.child.SystemApplicationClassLoaderWorker.call(SystemApplicationClassLoaderWorker.java:72)
  at worker.org.gradle.process.internal.worker.GradleWorkerMain.run(GradleWorkerMain.java:69)
  at worker.org.gradle.process.internal.worker.GradleWorkerMain.main(GradleWorkerMain.java:74)
</stacktrace>
</test-failure>


TypeScriptCompilerTests_F[jvm] > findLast_ts__target_es2022__has expected errors matching baseline[jvm] FAILED

<test-failure test="com.xemantic.typescript.compiler.TypeScriptCompilerTests_F.fixingTypeParametersRepeatedly2_ts has expected errors matching fixingTypeParametersRepeatedly2_errors_txt" platform="jvm">
<message>
Expected diagnostics from baseline typescript-repo/tests/baselines/reference/fixingTypeParametersRepeatedly2.errors.txt but none produced
</message>
<stacktrace>
  at com.xemantic.typescript.compiler.TypeScriptTestSupportKt.errorsMatchBaseline(TypeScriptTestSupport.kt:125)
  at com.xemantic.typescript.compiler.TypeScriptCompilerTests_F.fixingTypeParametersRepeatedly2_ts has expected errors matching fixingTypeParametersRepeatedly2_errors_txt(TypeScriptCompilerTests_F.kt:413)
  at java.base/jdk.internal.reflect.DirectMethodHandleAccessor.invoke(DirectMethodHandleAccessor.java:104)
  at java.base/java.lang.reflect.Method.invoke(Method.java:565)
  at org.junit.runners.model.FrameworkMethod$1.runReflectiveCall(FrameworkMethod.java:59)
  at org.junit.internal.runners.model.ReflectiveCallable.run(ReflectiveCallable.java:12)
  at org.junit.runners.model.FrameworkMethod.invokeExplosively(FrameworkMethod.java:56)
  at org.junit.internal.runners.statements.InvokeMethod.evaluate(InvokeMethod.java:17)
  at org.junit.runners.ParentRunner$3.evaluate(ParentRunner.java:306)
  at org.junit.runners.BlockJUnit4ClassRunner$1.evaluate(BlockJUnit4ClassRunner.java:100)
  at org.junit.runners.ParentRunner.runLeaf(ParentRunner.java:366)
  at org.junit.runners.BlockJUnit4ClassRunner.runChild(BlockJUnit4ClassRunner.java:103)
  at org.junit.runners.BlockJUnit4ClassRunner.runChild(BlockJUnit4ClassRunner.java:63)
  at org.junit.runners.ParentRunner$4.run(ParentRunner.java:331)
  at org.junit.runners.ParentRunner$1.schedule(ParentRunner.java:79)
  at org.junit.runners.ParentRunner.runChildren(ParentRunner.java:329)
  at org.junit.runners.ParentRunner.access$100(ParentRunner.java:66)
  at org.junit.runners.ParentRunner$2.evaluate(ParentRunner.java:293)
  at org.junit.runners.ParentRunner$3.evaluate(ParentRunner.java:306)
  at org.junit.runners.ParentRunner.run(ParentRunner.java:413)
  at org.junit.runner.JUnitCore.run(JUnitCore.java:137)
  at org.junit.runner.JUnitCore.run(JUnitCore.java:115)
  at org.gradle.api.internal.tasks.testing.junit.JUnitTestExecutor.runRequest(JUnitTestExecutor.java:175)
  at org.gradle.api.internal.tasks.testing.junit.JUnitTestExecutor.accept(JUnitTestExecutor.java:84)
  at org.gradle.api.internal.tasks.testing.junit.JUnitTestExecutor.accept(JUnitTestExecutor.java:47)
  at org.gradle.api.internal.tasks.testing.junit.AbstractJUnitTestDefinitionProcessor.processTestDefinition(AbstractJUnitTestDefinitionProcessor.java:65)
  at org.gradle.api.internal.tasks.testing.SuiteTestDefinitionProcessor.processTestDefinition(SuiteTestDefinitionProcessor.java:54)
  at java.base/jdk.internal.reflect.DirectMethodHandleAccessor.invoke(DirectMethodHandleAccessor.java:104)
  at java.base/java.lang.reflect.Method.invoke(Method.java:565)
  at org.gradle.internal.dispatch.MethodInvocation.invokeOn(MethodInvocation.java:77)
  at org.gradle.internal.dispatch.ReflectionDispatch.dispatch(ReflectionDispatch.java:28)
  at org.gradle.internal.dispatch.ReflectionDispatch.dispatch(ReflectionDispatch.java:19)
  at org.gradle.internal.dispatch.ContextClassLoaderDispatch.dispatch(ContextClassLoaderDispatch.java:33)
  at org.gradle.internal.dispatch.ProxyDispatchAdapter$DispatchingInvocationHandler.invoke(ProxyDispatchAdapter.java:88)
  at jdk.proxy1/jdk.proxy1.$Proxy4.processTestDefinition(Unknown Source)
  at org.gradle.api.internal.tasks.testing.worker.TestWorker$2.run(TestWorker.java:178)
  at org.gradle.api.internal.tasks.testing.worker.TestWorker.executeAndMaintainThreadName(TestWorker.java:126)
  at org.gradle.api.internal.tasks.testing.worker.TestWorker.execute(TestWorker.java:103)
  at org.gradle.api.internal.tasks.testing.worker.TestWorker.execute(TestWorker.java:63)
  at org.gradle.process.internal.worker.child.ActionExecutionWorker.execute(ActionExecutionWorker.java:56)
  at org.gradle.process.internal.worker.child.SystemApplicationClassLoaderWorker.call(SystemApplicationClassLoaderWorker.java:122)
  at org.gradle.process.internal.worker.child.SystemApplicationClassLoaderWorker.call(SystemApplicationClassLoaderWorker.java:72)
  at worker.org.gradle.process.internal.worker.GradleWorkerMain.run(GradleWorkerMain.java:69)
  at worker.org.gradle.process.internal.worker.GradleWorkerMain.main(GradleWorkerMain.java:74)
</stacktrace>
</test-failure>


TypeScriptCompilerTests_F[jvm] > fixingTypeParametersRepeatedly2_ts has expected errors matching fixingTypeParametersRepeatedly2_errors_txt[jvm] FAILED

<test-failure test="com.xemantic.typescript.compiler.TypeScriptCompilerTests_F.functionsWithModifiersInBlocks1_ts has expected errors matching functionsWithModifiersInBlocks1_errors_txt" platform="jvm">
<message>
--- expected
+++ actual
@@ -1,32 +1,17 @@
-functionsWithModifiersInBlocks1.ts(2,4): error TS1184: Modifiers cannot appear here.
-functionsWithModifiersInBlocks1.ts(2,21): error TS2393: Duplicate function implementation.
 functionsWithModifiersInBlocks1.ts(2,25): error TS1183: An implementation cannot be declared in ambient contexts.
-functionsWithModifiersInBlocks1.ts(3,4): error TS1184: Modifiers cannot appear here.
-functionsWithModifiersInBlocks1.ts(3,20): error TS2393: Duplicate function implementation.
-functionsWithModifiersInBlocks1.ts(4,4): error TS1184: Modifiers cannot appear here.
-functionsWithModifiersInBlocks1.ts(4,28): error TS2393: Duplicate function implementation.
+functionsWithModifiersInBlocks1.ts(4,12): error TS1029: 'export' modifier must precede 'declare' modifier.
 functionsWithModifiersInBlocks1.ts(4,32): error TS1183: An implementation cannot be declared in ambient contexts.
 
 
-==== functionsWithModifiersInBlocks1.ts (8 errors) ====
+==== functionsWithModifiersInBlocks1.ts (3 errors) ====
     {
        declare function f() { }
-       ~~~~~~~
-!!! error TS1184: Modifiers cannot appear here.
-                        ~
-!!! error TS2393: Duplicate function implementation.
                             ~
 !!! error TS1183: An implementation cannot be declared in ambient contexts.
        export function f() { }
-       ~~~~~~
-!!! error TS1184: Modifiers cannot appear here.
-                       ~
-!!! error TS2393: Duplicate function implementation.
        declare export function f() { }
-       ~~~~~~~
-!!! error TS1184: Modifiers cannot appear here.
-                               ~
-!!! error TS2393: Duplicate function implementation.
+               ~~~~~~
+!!! error TS1029: 'export' modifier must precede 'declare' modifier.
                                    ~
 !!! error TS1183: An implementation cannot be declared in ambient contexts.
     }

</message>
<stacktrace>
  at org.junit.Assert.fail(Assert.java:89)
  at kotlin.test.junit.JUnitAsserter.fail(JUnitSupport.kt:56)
  at kotlin.test.AssertionsKt__AssertionsKt.fail(Assertions.kt:563)
  at kotlin.test.AssertionsKt.fail(Unknown Source)
  at com.xemantic.kotlin.test.SameAsKt.sameAs(SameAs.kt:52)
  at com.xemantic.typescript.compiler.TypeScriptTestSupportKt.errorsMatchBaseline(TypeScriptTestSupport.kt:135)
  at com.xemantic.typescript.compiler.TypeScriptCompilerTests_F.functionsWithModifiersInBlocks1_ts has expected errors matching functionsWithModifiersInBlocks1_errors_txt(TypeScriptCompilerTests_F.kt:2142)
  at java.base/jdk.internal.reflect.DirectMethodHandleAccessor.invoke(DirectMethodHandleAccessor.java:104)
  at java.base/java.lang.reflect.Method.invoke(Method.java:565)
  at org.junit.runners.model.FrameworkMethod$1.runReflectiveCall(FrameworkMethod.java:59)
  at org.junit.internal.runners.model.ReflectiveCallable.run(ReflectiveCallable.java:12)
  at org.junit.runners.model.FrameworkMethod.invokeExplosively(FrameworkMethod.java:56)
  at org.junit.internal.runners.statements.InvokeMethod.evaluate(InvokeMethod.java:17)
  at org.junit.runners.ParentRunner$3.evaluate(ParentRunner.java:306)
  at org.junit.runners.BlockJUnit4ClassRunner$1.evaluate(BlockJUnit4ClassRunner.java:100)
  at org.junit.runners.ParentRunner.runLeaf(ParentRunner.java:366)
  at org.junit.runners.BlockJUnit4ClassRunner.runChild(BlockJUnit4ClassRunner.java:103)
  at org.junit.runners.BlockJUnit4ClassRunner.runChild(BlockJUnit4ClassRunner.java:63)
  at org.junit.runners.ParentRunner$4.run(ParentRunner.java:331)
  at org.junit.runners.ParentRunner$1.schedule(ParentRunner.java:79)
  at org.junit.runners.ParentRunner.runChildren(ParentRunner.java:329)
  at org.junit.runners.ParentRunner.access$100(ParentRunner.java:66)
  at org.junit.runners.ParentRunner$2.evaluate(ParentRunner.java:293)
  at org.junit.runners.ParentRunner$3.evaluate(ParentRunner.java:306)
  at org.junit.runners.ParentRunner.run(ParentRunner.java:413)
  at org.junit.runner.JUnitCore.run(JUnitCore.java:137)
  at org.junit.runner.JUnitCore.run(JUnitCore.java:115)
  at org.gradle.api.internal.tasks.testing.junit.JUnitTestExecutor.runRequest(JUnitTestExecutor.java:175)
  at org.gradle.api.internal.tasks.testing.junit.JUnitTestExecutor.accept(JUnitTestExecutor.java:84)
  at org.gradle.api.internal.tasks.testing.junit.JUnitTestExecutor.accept(JUnitTestExecutor.java:47)
  at org.gradle.api.internal.tasks.testing.junit.AbstractJUnitTestDefinitionProcessor.processTestDefinition(AbstractJUnitTestDefinitionProcessor.java:65)
  at org.gradle.api.internal.tasks.testing.SuiteTestDefinitionProcessor.processTestDefinition(SuiteTestDefinitionProcessor.java:54)
  at java.base/jdk.internal.reflect.DirectMethodHandleAccessor.invoke(DirectMethodHandleAccessor.java:104)
  at java.base/java.lang.reflect.Method.invoke(Method.java:565)
  at org.gradle.internal.dispatch.MethodInvocation.invokeOn(MethodInvocation.java:77)
  at org.gradle.internal.dispatch.ReflectionDispatch.dispatch(ReflectionDispatch.java:28)
  at org.gradle.internal.dispatch.ReflectionDispatch.dispatch(ReflectionDispatch.java:19)
  at org.gradle.internal.dispatch.ContextClassLoaderDispatch.dispatch(ContextClassLoaderDispatch.java:33)
  at org.gradle.internal.dispatch.ProxyDispatchAdapter$DispatchingInvocationHandler.invoke(ProxyDispatchAdapter.java:88)
  at jdk.proxy1/jdk.proxy1.$Proxy4.processTestDefinition(Unknown Source)
  at org.gradle.api.internal.tasks.testing.worker.TestWorker$2.run(TestWorker.java:178)
  at org.gradle.api.internal.tasks.testing.worker.TestWorker.executeAndMaintainThreadName(TestWorker.java:126)
  at org.gradle.api.internal.tasks.testing.worker.TestWorker.execute(TestWorker.java:103)
  at org.gradle.api.internal.tasks.testing.worker.TestWorker.execute(TestWorker.java:63)
  at org.gradle.process.internal.worker.child.ActionExecutionWorker.execute(ActionExecutionWorker.java:56)
  at org.gradle.process.internal.worker.child.SystemApplicationClassLoaderWorker.call(SystemApplicationClassLoaderWorker.java:122)
  at org.gradle.process.internal.worker.child.SystemApplicationClassLoaderWorker.call(SystemApplicationClassLoaderWorker.java:72)
  at worker.org.gradle.process.internal.worker.GradleWorkerMain.run(GradleWorkerMain.java:69)
  at worker.org.gradle.process.internal.worker.GradleWorkerMain.main(GradleWorkerMain.java:74)
</stacktrace>
</test-failure>


TypeScriptCompilerTests_F[jvm] > functionsWithModifiersInBlocks1_ts has expected errors matching functionsWithModifiersInBlocks1_errors_txt[jvm] FAILED

<test-failure test="com.xemantic.typescript.compiler.TypeScriptCompilerTests_F.functionOverloads18_ts has expected errors matching functionOverloads18_errors_txt" platform="jvm">
<message>
Expected diagnostics from baseline typescript-repo/tests/baselines/reference/functionOverloads18.errors.txt but none produced
</message>
<stacktrace>
  at com.xemantic.typescript.compiler.TypeScriptTestSupportKt.errorsMatchBaseline(TypeScriptTestSupport.kt:125)
  at com.xemantic.typescript.compiler.TypeScriptCompilerTests_F.functionOverloads18_ts has expected errors matching functionOverloads18_errors_txt(TypeScriptCompilerTests_F.kt:1372)
  at java.base/jdk.internal.reflect.DirectMethodHandleAccessor.invoke(DirectMethodHandleAccessor.java:104)
  at java.base/java.lang.reflect.Method.invoke(Method.java:565)
  at org.junit.runners.model.FrameworkMethod$1.runReflectiveCall(FrameworkMethod.java:59)
  at org.junit.internal.runners.model.ReflectiveCallable.run(ReflectiveCallable.java:12)
  at org.junit.runners.model.FrameworkMethod.invokeExplosively(FrameworkMethod.java:56)
  at org.junit.internal.runners.statements.InvokeMethod.evaluate(InvokeMethod.java:17)
  at org.junit.runners.ParentRunner$3.evaluate(ParentRunner.java:306)
  at org.junit.runners.BlockJUnit4ClassRunner$1.evaluate(BlockJUnit4ClassRunner.java:100)
  at org.junit.runners.ParentRunner.runLeaf(ParentRunner.java:366)
  at org.junit.runners.BlockJUnit4ClassRunner.runChild(BlockJUnit4ClassRunner.java:103)
  at org.junit.runners.BlockJUnit4ClassRunner.runChild(BlockJUnit4ClassRunner.java:63)
  at org.junit.runners.ParentRunner$4.run(ParentRunner.java:331)
  at org.junit.runners.ParentRunner$1.schedule(ParentRunner.java:79)
  at org.junit.runners.ParentRunner.runChildren(ParentRunner.java:329)
  at org.junit.runners.ParentRunner.access$100(ParentRunner.java:66)
  at org.junit.runners.ParentRunner$2.evaluate(ParentRunner.java:293)
  at org.junit.runners.ParentRunner$3.evaluate(ParentRunner.java:306)
  at org.junit.runners.ParentRunner.run(ParentRunner.java:413)
  at org.junit.runner.JUnitCore.run(JUnitCore.java:137)
  at org.junit.runner.JUnitCore.run(JUnitCore.java:115)
  at org.gradle.api.internal.tasks.testing.junit.JUnitTestExecutor.runRequest(JUnitTestExecutor.java:175)
  at org.gradle.api.internal.tasks.testing.junit.JUnitTestExecutor.accept(JUnitTestExecutor.java:84)
  at org.gradle.api.internal.tasks.testing.junit.JUnitTestExecutor.accept(JUnitTestExecutor.java:47)
  at org.gradle.api.internal.tasks.testing.junit.AbstractJUnitTestDefinitionProcessor.processTestDefinition(AbstractJUnitTestDefinitionProcessor.java:65)
  at org.gradle.api.internal.tasks.testing.SuiteTestDefinitionProcessor.processTestDefinition(SuiteTestDefinitionProcessor.java:54)
  at java.base/jdk.internal.reflect.DirectMethodHandleAccessor.invoke(DirectMethodHandleAccessor.java:104)
  at java.base/java.lang.reflect.Method.invoke(Method.java:565)
  at org.gradle.internal.dispatch.MethodInvocation.invokeOn(MethodInvocation.java:77)
  at org.gradle.internal.dispatch.ReflectionDispatch.dispatch(ReflectionDispatch.java:28)
  at org.gradle.internal.dispatch.ReflectionDispatch.dispatch(ReflectionDispatch.java:19)
  at org.gradle.internal.dispatch.ContextClassLoaderDispatch.dispatch(ContextClassLoaderDispatch.java:33)
  at org.gradle.internal.dispatch.ProxyDispatchAdapter$DispatchingInvocationHandler.invoke(ProxyDispatchAdapter.java:88)
  at jdk.proxy1/jdk.proxy1.$Proxy4.processTestDefinition(Unknown Source)
  at org.gradle.api.internal.tasks.testing.worker.TestWorker$2.run(TestWorker.java:178)
  at org.gradle.api.internal.tasks.testing.worker.TestWorker.executeAndMaintainThreadName(TestWorker.java:126)
  at org.gradle.api.internal.tasks.testing.worker.TestWorker.execute(TestWorker.java:103)
  at org.gradle.api.internal.tasks.testing.worker.TestWorker.execute(TestWorker.java:63)
  at org.gradle.process.internal.worker.child.ActionExecutionWorker.execute(ActionExecutionWorker.java:56)
  at org.gradle.process.internal.worker.child.SystemApplicationClassLoaderWorker.call(SystemApplicationClassLoaderWorker.java:122)
  at org.gradle.process.internal.worker.child.SystemApplicationClassLoaderWorker.call(SystemApplicationClassLoaderWorker.java:72)
  at worker.org.gradle.process.internal.worker.GradleWorkerMain.run(GradleWorkerMain.java:69)
  at worker.org.gradle.process.internal.worker.GradleWorkerMain.main(GradleWorkerMain.java:74)
</stacktrace>
</test-failure>


TypeScriptCompilerTests_F[jvm] > functionOverloads18_ts has expected errors matching functionOverloads18_errors_txt[jvm] FAILED

<test-failure test="com.xemantic.typescript.compiler.TypeScriptCompilerTests_F.functionParameterArityMismatch_ts has expected errors matching functionParameterArityMismatch_errors_txt" platform="jvm">
<message>
Expected diagnostics from baseline typescript-repo/tests/baselines/reference/functionParameterArityMismatch.errors.txt but none produced
</message>
<stacktrace>
  at com.xemantic.typescript.compiler.TypeScriptTestSupportKt.errorsMatchBaseline(TypeScriptTestSupport.kt:125)
  at com.xemantic.typescript.compiler.TypeScriptCompilerTests_F.functionParameterArityMismatch_ts has expected errors matching functionParameterArityMismatch_errors_txt(TypeScriptCompilerTests_F.kt:1771)
  at java.base/jdk.internal.reflect.DirectMethodHandleAccessor.invoke(DirectMethodHandleAccessor.java:104)
  at java.base/java.lang.reflect.Method.invoke(Method.java:565)
  at org.junit.runners.model.FrameworkMethod$1.runReflectiveCall(FrameworkMethod.java:59)
  at org.junit.internal.runners.model.ReflectiveCallable.run(ReflectiveCallable.java:12)
  at org.junit.runners.model.FrameworkMethod.invokeExplosively(FrameworkMethod.java:56)
  at org.junit.internal.runners.statements.InvokeMethod.evaluate(InvokeMethod.java:17)
  at org.junit.runners.ParentRunner$3.evaluate(ParentRunner.java:306)
  at org.junit.runners.BlockJUnit4ClassRunner$1.evaluate(BlockJUnit4ClassRunner.java:100)
  at org.junit.runners.ParentRunner.runLeaf(ParentRunner.java:366)
  at org.junit.runners.BlockJUnit4ClassRunner.runChild(BlockJUnit4ClassRunner.java:103)
  at org.junit.runners.BlockJUnit4ClassRunner.runChild(BlockJUnit4ClassRunner.java:63)
  at org.junit.runners.ParentRunner$4.run(ParentRunner.java:331)
  at org.junit.runners.ParentRunner$1.schedule(ParentRunner.java:79)
  at org.junit.runners.ParentRunner.runChildren(ParentRunner.java:329)
  at org.junit.runners.ParentRunner.access$100(ParentRunner.java:66)
  at org.junit.runners.ParentRunner$2.evaluate(ParentRunner.java:293)
  at org.junit.runners.ParentRunner$3.evaluate(ParentRunner.java:306)
  at org.junit.runners.ParentRunner.run(ParentRunner.java:413)
  at org.junit.runner.JUnitCore.run(JUnitCore.java:137)
  at org.junit.runner.JUnitCore.run(JUnitCore.java:115)
  at org.gradle.api.internal.tasks.testing.junit.JUnitTestExecutor.runRequest(JUnitTestExecutor.java:175)
  at org.gradle.api.internal.tasks.testing.junit.JUnitTestExecutor.accept(JUnitTestExecutor.java:84)
  at org.gradle.api.internal.tasks.testing.junit.JUnitTestExecutor.accept(JUnitTestExecutor.java:47)
  at org.gradle.api.internal.tasks.testing.junit.AbstractJUnitTestDefinitionProcessor.processTestDefinition(AbstractJUnitTestDefinitionProcessor.java:65)
  at org.gradle.api.internal.tasks.testing.SuiteTestDefinitionProcessor.processTestDefinition(SuiteTestDefinitionProcessor.java:54)
  at java.base/jdk.internal.reflect.DirectMethodHandleAccessor.invoke(DirectMethodHandleAccessor.java:104)
  at java.base/java.lang.reflect.Method.invoke(Method.java:565)
  at org.gradle.internal.dispatch.MethodInvocation.invokeOn(MethodInvocation.java:77)
  at org.gradle.internal.dispatch.ReflectionDispatch.dispatch(ReflectionDispatch.java:28)
  at org.gradle.internal.dispatch.ReflectionDispatch.dispatch(ReflectionDispatch.java:19)
  at org.gradle.internal.dispatch.ContextClassLoaderDispatch.dispatch(ContextClassLoaderDispatch.java:33)
  at org.gradle.internal.dispatch.ProxyDispatchAdapter$DispatchingInvocationHandler.invoke(ProxyDispatchAdapter.java:88)
  at jdk.proxy1/jdk.proxy1.$Proxy4.processTestDefinition(Unknown Source)
  at org.gradle.api.internal.tasks.testing.worker.TestWorker$2.run(TestWorker.java:178)
  at org.gradle.api.internal.tasks.testing.worker.TestWorker.executeAndMaintainThreadName(TestWorker.java:126)
  at org.gradle.api.internal.tasks.testing.worker.TestWorker.execute(TestWorker.java:103)
  at org.gradle.api.internal.tasks.testing.worker.TestWorker.execute(TestWorker.java:63)
  at org.gradle.process.internal.worker.child.ActionExecutionWorker.execute(ActionExecutionWorker.java:56)
  at org.gradle.process.internal.worker.child.SystemApplicationClassLoaderWorker.call(SystemApplicationClassLoaderWorker.java:122)
  at org.gradle.process.internal.worker.child.SystemApplicationClassLoaderWorker.call(SystemApplicationClassLoaderWorker.java:72)
  at worker.org.gradle.process.internal.worker.GradleWorkerMain.run(GradleWorkerMain.java:69)
  at worker.org.gradle.process.internal.worker.GradleWorkerMain.main(GradleWorkerMain.java:74)
</stacktrace>
</test-failure>


TypeScriptCompilerTests_F[jvm] > functionParameterArityMismatch_ts has expected errors matching functionParameterArityMismatch_errors_txt[jvm] FAILED

<test-failure test="com.xemantic.typescript.compiler.TypeScriptCompilerTests_F.forInStrictNullChecksNoError_ts has expected errors matching forInStrictNullChecksNoError_errors_txt" platform="jvm">
<message>
Expected diagnostics from baseline typescript-repo/tests/baselines/reference/forInStrictNullChecksNoError.errors.txt but none produced
</message>
<stacktrace>
  at com.xemantic.typescript.compiler.TypeScriptTestSupportKt.errorsMatchBaseline(TypeScriptTestSupport.kt:125)
  at com.xemantic.typescript.compiler.TypeScriptCompilerTests_F.forInStrictNullChecksNoError_ts has expected errors matching forInStrictNullChecksNoError_errors_txt(TypeScriptCompilerTests_F.kt:602)
  at java.base/jdk.internal.reflect.DirectMethodHandleAccessor.invoke(DirectMethodHandleAccessor.java:104)
  at java.base/java.lang.reflect.Method.invoke(Method.java:565)
  at org.junit.runners.model.FrameworkMethod$1.runReflectiveCall(FrameworkMethod.java:59)
  at org.junit.internal.runners.model.ReflectiveCallable.run(ReflectiveCallable.java:12)
  at org.junit.runners.model.FrameworkMethod.invokeExplosively(FrameworkMethod.java:56)
  at org.junit.internal.runners.statements.InvokeMethod.evaluate(InvokeMethod.java:17)
  at org.junit.runners.ParentRunner$3.evaluate(ParentRunner.java:306)
  at org.junit.runners.BlockJUnit4ClassRunner$1.evaluate(BlockJUnit4ClassRunner.java:100)
  at org.junit.runners.ParentRunner.runLeaf(ParentRunner.java:366)
  at org.junit.runners.BlockJUnit4ClassRunner.runChild(BlockJUnit4ClassRunner.java:103)
  at org.junit.runners.BlockJUnit4ClassRunner.runChild(BlockJUnit4ClassRunner.java:63)
  at org.junit.runners.ParentRunner$4.run(ParentRunner.java:331)
  at org.junit.runners.ParentRunner$1.schedule(ParentRunner.java:79)
  at org.junit.runners.ParentRunner.runChildren(ParentRunner.java:329)
  at org.junit.runners.ParentRunner.access$100(ParentRunner.java:66)
  at org.junit.runners.ParentRunner$2.evaluate(ParentRunner.java:293)
  at org.junit.runners.ParentRunner$3.evaluate(ParentRunner.java:306)
  at org.junit.runners.ParentRunner.run(ParentRunner.java:413)
  at org.junit.runner.JUnitCore.run(JUnitCore.java:137)
  at org.junit.runner.JUnitCore.run(JUnitCore.java:115)
  at org.gradle.api.internal.tasks.testing.junit.JUnitTestExecutor.runRequest(JUnitTestExecutor.java:175)
  at org.gradle.api.internal.tasks.testing.junit.JUnitTestExecutor.accept(JUnitTestExecutor.java:84)
  at org.gradle.api.internal.tasks.testing.junit.JUnitTestExecutor.accept(JUnitTestExecutor.java:47)
  at org.gradle.api.internal.tasks.testing.junit.AbstractJUnitTestDefinitionProcessor.processTestDefinition(AbstractJUnitTestDefinitionProcessor.java:65)
  at org.gradle.api.internal.tasks.testing.SuiteTestDefinitionProcessor.processTestDefinition(SuiteTestDefinitionProcessor.java:54)
  at java.base/jdk.internal.reflect.DirectMethodHandleAccessor.invoke(DirectMethodHandleAccessor.java:104)
  at java.base/java.lang.reflect.Method.invoke(Method.java:565)
  at org.gradle.internal.dispatch.MethodInvocation.invokeOn(MethodInvocation.java:77)
  at org.gradle.internal.dispatch.ReflectionDispatch.dispatch(ReflectionDispatch.java:28)
  at org.gradle.internal.dispatch.ReflectionDispatch.dispatch(ReflectionDispatch.java:19)
  at org.gradle.internal.dispatch.ContextClassLoaderDispatch.dispatch(ContextClassLoaderDispatch.java:33)
  at org.gradle.internal.dispatch.ProxyDispatchAdapter$DispatchingInvocationHandler.invoke(ProxyDispatchAdapter.java:88)
  at jdk.proxy1/jdk.proxy1.$Proxy4.processTestDefinition(Unknown Source)
  at org.gradle.api.internal.tasks.testing.worker.TestWorker$2.run(TestWorker.java:178)
  at org.gradle.api.internal.tasks.testing.worker.TestWorker.executeAndMaintainThreadName(TestWorker.java:126)
  at org.gradle.api.internal.tasks.testing.worker.TestWorker.execute(TestWorker.java:103)
  at org.gradle.api.internal.tasks.testing.worker.TestWorker.execute(TestWorker.java:63)
  at org.gradle.process.internal.worker.child.ActionExecutionWorker.execute(ActionExecutionWorker.java:56)
  at org.gradle.process.internal.worker.child.SystemApplicationClassLoaderWorker.call(SystemApplicationClassLoaderWorker.java:122)
  at org.gradle.process.internal.worker.child.SystemApplicationClassLoaderWorker.call(SystemApplicationClassLoaderWorker.java:72)
  at worker.org.gradle.process.internal.worker.GradleWorkerMain.run(GradleWorkerMain.java:69)
  at worker.org.gradle.process.internal.worker.GradleWorkerMain.main(GradleWorkerMain.java:74)
</stacktrace>
</test-failure>


TypeScriptCompilerTests_F[jvm] > forInStrictNullChecksNoError_ts has expected errors matching forInStrictNullChecksNoError_errors_txt[jvm] FAILED

<test-failure test="com.xemantic.typescript.compiler.TypeScriptCompilerTests_F.forwardDeclaredCommonTypes01_ts__target_es5__has expected errors matching baseline" platform="jvm">
<message>
--- expected
+++ actual
@@ -1,15 +1,8 @@
 error TS5107: Option 'target=ES5' is deprecated and will stop functioning in TypeScript 7.0. Specify compilerOption '"ignoreDeprecations": "6.0"' to silence this error.
-forwardDeclaredCommonTypes01.ts(9,9): error TS2585: 'Promise' only refers to a type, but is being used as a value here. Do you need to change your target library? Try changing the 'lib' compiler option to es2015 or later.
-forwardDeclaredCommonTypes01.ts(10,9): error TS2585: 'Symbol' only refers to a type, but is being used as a value here. Do you need to change your target library? Try changing the 'lib' compiler option to es2015 or later.
-forwardDeclaredCommonTypes01.ts(10,17): error TS2585: 'Symbol' only refers to a type, but is being used as a value here. Do you need to change your target library? Try changing the 'lib' compiler option to es2015 or later.
-forwardDeclaredCommonTypes01.ts(11,9): error TS2585: 'Map' only refers to a type, but is being used as a value here. Do you need to change your target library? Try changing the 'lib' compiler option to es2015 or later.
-forwardDeclaredCommonTypes01.ts(12,9): error TS2585: 'WeakMap' only refers to a type, but is being used as a value here. Do you need to change your target library? Try changing the 'lib' compiler option to es2015 or later.
-forwardDeclaredCommonTypes01.ts(13,9): error TS2585: 'Set' only refers to a type, but is being used as a value here. Do you need to change your target library? Try changing the 'lib' compiler option to es2015 or later.
-forwardDeclaredCommonTypes01.ts(14,9): error TS2585: 'WeakSet' only refers to a type, but is being used as a value here. Do you need to change your target library? Try changing the 'lib' compiler option to es2015 or later.
 
 
 !!! error TS5107: Option 'target=ES5' is deprecated and will stop functioning in TypeScript 7.0. Specify compilerOption '"ignoreDeprecations": "6.0"' to silence this error.
-==== forwardDeclaredCommonTypes01.ts (7 errors) ====
+==== forwardDeclaredCommonTypes01.ts (0 errors) ====
     interface Promise<T> {}
     interface Symbol {}
     interface Map<K, V> {}
@@ -19,23 +12,9 @@
     
     (function() {
         new Promise;
-            ~~~~~~~
-!!! error TS2585: 'Promise' only refers to a type, but is being used as a value here. Do you need to change your target library? Try changing the 'lib' compiler option to es2015 or later.
         new Symbol; Symbol();
-            ~~~~~~
-!!! error TS2585: 'Symbol' only refers to a type, but is being used as a value here. Do you need to change your target library? Try changing the 'lib' compiler option to es2015 or later.
-                    ~~~~~~
-!!! error TS2585: 'Symbol' only refers to a type, but is being used as a value here. Do you need to change your target library? Try changing the 'lib' compiler option to es2015 or later.
         new Map;
-            ~~~
-!!! error TS2585: 'Map' only refers to a type, but is being used as a value here. Do you need to change your target library? Try changing the 'lib' compiler option to es2015 or later.
         new WeakMap;
-            ~~~~~~~
-!!! error TS2585: 'WeakMap' only refers to a type, but is being used as a value here. Do you need to change your target library? Try changing the 'lib' compiler option to es2015 or later.
         new Set;
-            ~~~
-!!! error TS2585: 'Set' only refers to a type, but is being used as a value here. Do you need to change your target library? Try changing the 'lib' compiler option to es2015 or later.
         new WeakSet;
-            ~~~~~~~
-!!! error TS2585: 'WeakSet' only refers to a type, but is being used as a value here. Do you need to change your target library? Try changing the 'lib' compiler option to es2015 or later.
     });

</message>
<stacktrace>
  at org.junit.Assert.fail(Assert.java:89)
  at kotlin.test.junit.JUnitAsserter.fail(JUnitSupport.kt:56)
  at kotlin.test.AssertionsKt__AssertionsKt.fail(Assertions.kt:563)
  at kotlin.test.AssertionsKt.fail(Unknown Source)
  at com.xemantic.kotlin.test.SameAsKt.sameAs(SameAs.kt:52)
  at com.xemantic.typescript.compiler.TypeScriptTestSupportKt.errorsMatchBaseline(TypeScriptTestSupport.kt:135)
  at com.xemantic.typescript.compiler.TypeScriptCompilerTests_F.forwardDeclaredCommonTypes01_ts__target_es5__has expected errors matching baseline(TypeScriptCompilerTests_F.kt:658)
  at java.base/jdk.internal.reflect.DirectMethodHandleAccessor.invoke(DirectMethodHandleAccessor.java:104)
  at java.base/java.lang.reflect.Method.invoke(Method.java:565)
  at org.junit.runners.model.FrameworkMethod$1.runReflectiveCall(FrameworkMethod.java:59)
  at org.junit.internal.runners.model.ReflectiveCallable.run(ReflectiveCallable.java:12)
  at org.junit.runners.model.FrameworkMethod.invokeExplosively(FrameworkMethod.java:56)
  at org.junit.internal.runners.statements.InvokeMethod.evaluate(InvokeMethod.java:17)
  at org.junit.runners.ParentRunner$3.evaluate(ParentRunner.java:306)
  at org.junit.runners.BlockJUnit4ClassRunner$1.evaluate(BlockJUnit4ClassRunner.java:100)
  at org.junit.runners.ParentRunner.runLeaf(ParentRunner.java:366)
  at org.junit.runners.BlockJUnit4ClassRunner.runChild(BlockJUnit4ClassRunner.java:103)
  at org.junit.runners.BlockJUnit4ClassRunner.runChild(BlockJUnit4ClassRunner.java:63)
  at org.junit.runners.ParentRunner$4.run(ParentRunner.java:331)
  at org.junit.runners.ParentRunner$1.schedule(ParentRunner.java:79)
  at org.junit.runners.ParentRunner.runChildren(ParentRunner.java:329)
  at org.junit.runners.ParentRunner.access$100(ParentRunner.java:66)
  at org.junit.runners.ParentRunner$2.evaluate(ParentRunner.java:293)
  at org.junit.runners.ParentRunner$3.evaluate(ParentRunner.java:306)
  at org.junit.runners.ParentRunner.run(ParentRunner.java:413)
  at org.junit.runner.JUnitCore.run(JUnitCore.java:137)
  at org.junit.runner.JUnitCore.run(JUnitCore.java:115)
  at org.gradle.api.internal.tasks.testing.junit.JUnitTestExecutor.runRequest(JUnitTestExecutor.java:175)
  at org.gradle.api.internal.tasks.testing.junit.JUnitTestExecutor.accept(JUnitTestExecutor.java:84)
  at org.gradle.api.internal.tasks.testing.junit.JUnitTestExecutor.accept(JUnitTestExecutor.java:47)
  at org.gradle.api.internal.tasks.testing.junit.AbstractJUnitTestDefinitionProcessor.processTestDefinition(AbstractJUnitTestDefinitionProcessor.java:65)
  at org.gradle.api.internal.tasks.testing.SuiteTestDefinitionProcessor.processTestDefinition(SuiteTestDefinitionProcessor.java:54)
  at java.base/jdk.internal.reflect.DirectMethodHandleAccessor.invoke(DirectMethodHandleAccessor.java:104)
  at java.base/java.lang.reflect.Method.invoke(Method.java:565)
  at org.gradle.internal.dispatch.MethodInvocation.invokeOn(MethodInvocation.java:77)
  at org.gradle.internal.dispatch.ReflectionDispatch.dispatch(ReflectionDispatch.java:28)
  at org.gradle.internal.dispatch.ReflectionDispatch.dispatch(ReflectionDispatch.java:19)
  at org.gradle.internal.dispatch.ContextClassLoaderDispatch.dispatch(ContextClassLoaderDispatch.java:33)
  at org.gradle.internal.dispatch.ProxyDispatchAdapter$DispatchingInvocationHandler.invoke(ProxyDispatchAdapter.java:88)
  at jdk.proxy1/jdk.proxy1.$Proxy4.processTestDefinition(Unknown Source)
  at org.gradle.api.internal.tasks.testing.worker.TestWorker$2.run(TestWorker.java:178)
  at org.gradle.api.internal.tasks.testing.worker.TestWorker.executeAndMaintainThreadName(TestWorker.java:126)
  at org.gradle.api.internal.tasks.testing.worker.TestWorker.execute(TestWorker.java:103)
  at org.gradle.api.internal.tasks.testing.worker.TestWorker.execute(TestWorker.java:63)
  at org.gradle.process.internal.worker.child.ActionExecutionWorker.execute(ActionExecutionWorker.java:56)
  at org.gradle.process.internal.worker.child.SystemApplicationClassLoaderWorker.call(SystemApplicationClassLoaderWorker.java:122)
  at org.gradle.process.internal.worker.child.SystemApplicationClassLoaderWorker.call(SystemApplicationClassLoaderWorker.java:72)
  at worker.org.gradle.process.internal.worker.GradleWorkerMain.run(GradleWorkerMain.java:69)
  at worker.org.gradle.process.internal.worker.GradleWorkerMain.main(GradleWorkerMain.java:74)
</stacktrace>
</test-failure>


TypeScriptCompilerTests_F[jvm] > forwardDeclaredCommonTypes01_ts__target_es5__has expected errors matching baseline[jvm] FAILED

<test-failure test="com.xemantic.typescript.compiler.TypeScriptCompilerTests_F.fatarrowfunctionsOptionalArgsErrors2_ts compiles to JavaScript matching fatarrowfunctionsOptionalArgsErrors2_js" platform="jvm">
<message>
--- expected
+++ actual
@@ -8,9 +8,9 @@
 
 //// [fatarrowfunctionsOptionalArgsErrors2.js]
 "use strict";
-var tt1 = (a, (b, c));
+var tt1 = (a, ) => (b, c);
 a + b + c;
-var tt2 = ((a), b, c);
+var tt2 = () => (a), b, c;
 a + b + c;
-var tt3 = ((a));
+var tt3 = () => (a);
 a;

</message>
<stacktrace>
  at org.junit.Assert.fail(Assert.java:89)
  at kotlin.test.junit.JUnitAsserter.fail(JUnitSupport.kt:56)
  at kotlin.test.AssertionsKt__AssertionsKt.fail(Assertions.kt:563)
  at kotlin.test.AssertionsKt.fail(Unknown Source)
  at com.xemantic.kotlin.test.SameAsKt.sameAs(SameAs.kt:52)
  at com.xemantic.typescript.compiler.TypeScriptTestSupportKt.sameAs(TypeScriptTestSupport.kt:99)
  at com.xemantic.typescript.compiler.TypeScriptCompilerTests_F.fatarrowfunctionsOptionalArgsErrors2_ts compiles to JavaScript matching fatarrowfunctionsOptionalArgsErrors2_js(TypeScriptCompilerTests_F.kt:210)
  at java.base/jdk.internal.reflect.DirectMethodHandleAccessor.invoke(DirectMethodHandleAccessor.java:104)
  at java.base/java.lang.reflect.Method.invoke(Method.java:565)
  at org.junit.runners.model.FrameworkMethod$1.runReflectiveCall(FrameworkMethod.java:59)
  at org.junit.internal.runners.model.ReflectiveCallable.run(ReflectiveCallable.java:12)
  at org.junit.runners.model.FrameworkMethod.invokeExplosively(FrameworkMethod.java:56)
  at org.junit.internal.runners.statements.InvokeMethod.evaluate(InvokeMethod.java:17)
  at org.junit.runners.ParentRunner$3.evaluate(ParentRunner.java:306)
  at org.junit.runners.BlockJUnit4ClassRunner$1.evaluate(BlockJUnit4ClassRunner.java:100)
  at org.junit.runners.ParentRunner.runLeaf(ParentRunner.java:366)
  at org.junit.runners.BlockJUnit4ClassRunner.runChild(BlockJUnit4ClassRunner.java:103)
  at org.junit.runners.BlockJUnit4ClassRunner.runChild(BlockJUnit4ClassRunner.java:63)
  at org.junit.runners.ParentRunner$4.run(ParentRunner.java:331)
  at org.junit.runners.ParentRunner$1.schedule(ParentRunner.java:79)
  at org.junit.runners.ParentRunner.runChildren(ParentRunner.java:329)
  at org.junit.runners.ParentRunner.access$100(ParentRunner.java:66)
  at org.junit.runners.ParentRunner$2.evaluate(ParentRunner.java:293)
  at org.junit.runners.ParentRunner$3.evaluate(ParentRunner.java:306)
  at org.junit.runners.ParentRunner.run(ParentRunner.java:413)
  at org.junit.runner.JUnitCore.run(JUnitCore.java:137)
  at org.junit.runner.JUnitCore.run(JUnitCore.java:115)
  at org.gradle.api.internal.tasks.testing.junit.JUnitTestExecutor.runRequest(JUnitTestExecutor.java:175)
  at org.gradle.api.internal.tasks.testing.junit.JUnitTestExecutor.accept(JUnitTestExecutor.java:84)
  at org.gradle.api.internal.tasks.testing.junit.JUnitTestExecutor.accept(JUnitTestExecutor.java:47)
  at org.gradle.api.internal.tasks.testing.junit.AbstractJUnitTestDefinitionProcessor.processTestDefinition(AbstractJUnitTestDefinitionProcessor.java:65)
  at org.gradle.api.internal.tasks.testing.SuiteTestDefinitionProcessor.processTestDefinition(SuiteTestDefinitionProcessor.java:54)
  at java.base/jdk.internal.reflect.DirectMethodHandleAccessor.invoke(DirectMethodHandleAccessor.java:104)
  at java.base/java.lang.reflect.Method.invoke(Method.java:565)
  at org.gradle.internal.dispatch.MethodInvocation.invokeOn(MethodInvocation.java:77)
  at org.gradle.internal.dispatch.ReflectionDispatch.dispatch(ReflectionDispatch.java:28)
  at org.gradle.internal.dispatch.ReflectionDispatch.dispatch(ReflectionDispatch.java:19)
  at org.gradle.internal.dispatch.ContextClassLoaderDispatch.dispatch(ContextClassLoaderDispatch.java:33)
  at org.gradle.internal.dispatch.ProxyDispatchAdapter$DispatchingInvocationHandler.invoke(ProxyDispatchAdapter.java:88)
  at jdk.proxy1/jdk.proxy1.$Proxy4.processTestDefinition(Unknown Source)
  at org.gradle.api.internal.tasks.testing.worker.TestWorker$2.run(TestWorker.java:178)
  at org.gradle.api.internal.tasks.testing.worker.TestWorker.executeAndMaintainThreadName(TestWorker.java:126)
  at org.gradle.api.internal.tasks.testing.worker.TestWorker.execute(TestWorker.java:103)
  at org.gradle.api.internal.tasks.testing.worker.TestWorker.execute(TestWorker.java:63)
  at org.gradle.process.internal.worker.child.ActionExecutionWorker.execute(ActionExecutionWorker.java:56)
  at org.gradle.process.internal.worker.child.SystemApplicationClassLoaderWorker.call(SystemApplicationClassLoaderWorker.java:122)
  at org.gradle.process.internal.worker.child.SystemApplicationClassLoaderWorker.call(SystemApplicationClassLoaderWorker.java:72)
  at worker.org.gradle.process.internal.worker.GradleWorkerMain.run(GradleWorkerMain.java:69)
  at worker.org.gradle.process.internal.worker.GradleWorkerMain.main(GradleWorkerMain.java:74)
</stacktrace>
</test-failure>


TypeScriptCompilerTests_F[jvm] > fatarrowfunctionsOptionalArgsErrors2_ts compiles to JavaScript matching fatarrowfunctionsOptionalArgsErrors2_js[jvm] FAILED

<test-failure test="com.xemantic.typescript.compiler.TypeScriptCompilerTests_F.functionOverloads41_ts has expected errors matching functionOverloads41_errors_txt" platform="jvm">
<message>
Expected diagnostics from baseline typescript-repo/tests/baselines/reference/functionOverloads41.errors.txt but none produced
</message>
<stacktrace>
  at com.xemantic.typescript.compiler.TypeScriptTestSupportKt.errorsMatchBaseline(TypeScriptTestSupport.kt:125)
  at com.xemantic.typescript.compiler.TypeScriptCompilerTests_F.functionOverloads41_ts has expected errors matching functionOverloads41_errors_txt(TypeScriptCompilerTests_F.kt:1638)
  at java.base/jdk.internal.reflect.DirectMethodHandleAccessor.invoke(DirectMethodHandleAccessor.java:104)
  at java.base/java.lang.reflect.Method.invoke(Method.java:565)
  at org.junit.runners.model.FrameworkMethod$1.runReflectiveCall(FrameworkMethod.java:59)
  at org.junit.internal.runners.model.ReflectiveCallable.run(ReflectiveCallable.java:12)
  at org.junit.runners.model.FrameworkMethod.invokeExplosively(FrameworkMethod.java:56)
  at org.junit.internal.runners.statements.InvokeMethod.evaluate(InvokeMethod.java:17)
  at org.junit.runners.ParentRunner$3.evaluate(ParentRunner.java:306)
  at org.junit.runners.BlockJUnit4ClassRunner$1.evaluate(BlockJUnit4ClassRunner.java:100)
  at org.junit.runners.ParentRunner.runLeaf(ParentRunner.java:366)
  at org.junit.runners.BlockJUnit4ClassRunner.runChild(BlockJUnit4ClassRunner.java:103)
  at org.junit.runners.BlockJUnit4ClassRunner.runChild(BlockJUnit4ClassRunner.java:63)
  at org.junit.runners.ParentRunner$4.run(ParentRunner.java:331)
  at org.junit.runners.ParentRunner$1.schedule(ParentRunner.java:79)
  at org.junit.runners.ParentRunner.runChildren(ParentRunner.java:329)
  at org.junit.runners.ParentRunner.access$100(ParentRunner.java:66)
  at org.junit.runners.ParentRunner$2.evaluate(ParentRunner.java:293)
  at org.junit.runners.ParentRunner$3.evaluate(ParentRunner.java:306)
  at org.junit.runners.ParentRunner.run(ParentRunner.java:413)
  at org.junit.runner.JUnitCore.run(JUnitCore.java:137)
  at org.junit.runner.JUnitCore.run(JUnitCore.java:115)
  at org.gradle.api.internal.tasks.testing.junit.JUnitTestExecutor.runRequest(JUnitTestExecutor.java:175)
  at org.gradle.api.internal.tasks.testing.junit.JUnitTestExecutor.accept(JUnitTestExecutor.java:84)
  at org.gradle.api.internal.tasks.testing.junit.JUnitTestExecutor.accept(JUnitTestExecutor.java:47)
  at org.gradle.api.internal.tasks.testing.junit.AbstractJUnitTestDefinitionProcessor.processTestDefinition(AbstractJUnitTestDefinitionProcessor.java:65)
  at org.gradle.api.internal.tasks.testing.SuiteTestDefinitionProcessor.processTestDefinition(SuiteTestDefinitionProcessor.java:54)
  at java.base/jdk.internal.reflect.DirectMethodHandleAccessor.invoke(DirectMethodHandleAccessor.java:104)
  at java.base/java.lang.reflect.Method.invoke(Method.java:565)
  at org.gradle.internal.dispatch.MethodInvocation.invokeOn(MethodInvocation.java:77)
  at org.gradle.internal.dispatch.ReflectionDispatch.dispatch(ReflectionDispatch.java:28)
  at org.gradle.internal.dispatch.ReflectionDispatch.dispatch(ReflectionDispatch.java:19)
  at org.gradle.internal.dispatch.ContextClassLoaderDispatch.dispatch(ContextClassLoaderDispatch.java:33)
  at org.gradle.internal.dispatch.ProxyDispatchAdapter$DispatchingInvocationHandler.invoke(ProxyDispatchAdapter.java:88)
  at jdk.proxy1/jdk.proxy1.$Proxy4.processTestDefinition(Unknown Source)
  at org.gradle.api.internal.tasks.testing.worker.TestWorker$2.run(TestWorker.java:178)
  at org.gradle.api.internal.tasks.testing.worker.TestWorker.executeAndMaintainThreadName(TestWorker.java:126)
  at org.gradle.api.internal.tasks.testing.worker.TestWorker.execute(TestWorker.java:103)
  at org.gradle.api.internal.tasks.testing.worker.TestWorker.execute(TestWorker.java:63)
  at org.gradle.process.internal.worker.child.ActionExecutionWorker.execute(ActionExecutionWorker.java:56)
  at org.gradle.process.internal.worker.child.SystemApplicationClassLoaderWorker.call(SystemApplicationClassLoaderWorker.java:122)
  at org.gradle.process.internal.worker.child.SystemApplicationClassLoaderWorker.call(SystemApplicationClassLoaderWorker.java:72)
  at worker.org.gradle.process.internal.worker.GradleWorkerMain.run(GradleWorkerMain.java:69)
  at worker.org.gradle.process.internal.worker.GradleWorkerMain.main(GradleWorkerMain.java:74)
</stacktrace>
</test-failure>


TypeScriptCompilerTests_F[jvm] > functionOverloads41_ts has expected errors matching functionOverloads41_errors_txt[jvm] FAILED

<test-failure test="com.xemantic.typescript.compiler.TypeScriptCompilerTests_F.functionCallOnConstrainedTypeVariable_ts has expected errors matching functionCallOnConstrainedTypeVariable_errors_txt" platform="jvm">
<message>
Expected diagnostics from baseline typescript-repo/tests/baselines/reference/functionCallOnConstrainedTypeVariable.errors.txt but none produced
</message>
<stacktrace>
  at com.xemantic.typescript.compiler.TypeScriptTestSupportKt.errorsMatchBaseline(TypeScriptTestSupport.kt:125)
  at com.xemantic.typescript.compiler.TypeScriptCompilerTests_F.functionCallOnConstrainedTypeVariable_ts has expected errors matching functionCallOnConstrainedTypeVariable_errors_txt(TypeScriptCompilerTests_F.kt:1092)
  at java.base/jdk.internal.reflect.DirectMethodHandleAccessor.invoke(DirectMethodHandleAccessor.java:104)
  at java.base/java.lang.reflect.Method.invoke(Method.java:565)
  at org.junit.runners.model.FrameworkMethod$1.runReflectiveCall(FrameworkMethod.java:59)
  at org.junit.internal.runners.model.ReflectiveCallable.run(ReflectiveCallable.java:12)
  at org.junit.runners.model.FrameworkMethod.invokeExplosively(FrameworkMethod.java:56)
  at org.junit.internal.runners.statements.InvokeMethod.evaluate(InvokeMethod.java:17)
  at org.junit.runners.ParentRunner$3.evaluate(ParentRunner.java:306)
  at org.junit.runners.BlockJUnit4ClassRunner$1.evaluate(BlockJUnit4ClassRunner.java:100)
  at org.junit.runners.ParentRunner.runLeaf(ParentRunner.java:366)
  at org.junit.runners.BlockJUnit4ClassRunner.runChild(BlockJUnit4ClassRunner.java:103)
  at org.junit.runners.BlockJUnit4ClassRunner.runChild(BlockJUnit4ClassRunner.java:63)
  at org.junit.runners.ParentRunner$4.run(ParentRunner.java:331)
  at org.junit.runners.ParentRunner$1.schedule(ParentRunner.java:79)
  at org.junit.runners.ParentRunner.runChildren(ParentRunner.java:329)
  at org.junit.runners.ParentRunner.access$100(ParentRunner.java:66)
  at org.junit.runners.ParentRunner$2.evaluate(ParentRunner.java:293)
  at org.junit.runners.ParentRunner$3.evaluate(ParentRunner.java:306)
  at org.junit.runners.ParentRunner.run(ParentRunner.java:413)
  at org.junit.runner.JUnitCore.run(JUnitCore.java:137)
  at org.junit.runner.JUnitCore.run(JUnitCore.java:115)
  at org.gradle.api.internal.tasks.testing.junit.JUnitTestExecutor.runRequest(JUnitTestExecutor.java:175)
  at org.gradle.api.internal.tasks.testing.junit.JUnitTestExecutor.accept(JUnitTestExecutor.java:84)
  at org.gradle.api.internal.tasks.testing.junit.JUnitTestExecutor.accept(JUnitTestExecutor.java:47)
  at org.gradle.api.internal.tasks.testing.junit.AbstractJUnitTestDefinitionProcessor.processTestDefinition(AbstractJUnitTestDefinitionProcessor.java:65)
  at org.gradle.api.internal.tasks.testing.SuiteTestDefinitionProcessor.processTestDefinition(SuiteTestDefinitionProcessor.java:54)
  at java.base/jdk.internal.reflect.DirectMethodHandleAccessor.invoke(DirectMethodHandleAccessor.java:104)
  at java.base/java.lang.reflect.Method.invoke(Method.java:565)
  at org.gradle.internal.dispatch.MethodInvocation.invokeOn(MethodInvocation.java:77)
  at org.gradle.internal.dispatch.ReflectionDispatch.dispatch(ReflectionDispatch.java:28)
  at org.gradle.internal.dispatch.ReflectionDispatch.dispatch(ReflectionDispatch.java:19)
  at org.gradle.internal.dispatch.ContextClassLoaderDispatch.dispatch(ContextClassLoaderDispatch.java:33)
  at org.gradle.internal.dispatch.ProxyDispatchAdapter$DispatchingInvocationHandler.invoke(ProxyDispatchAdapter.java:88)
  at jdk.proxy1/jdk.proxy1.$Proxy4.processTestDefinition(Unknown Source)
  at org.gradle.api.internal.tasks.testing.worker.TestWorker$2.run(TestWorker.java:178)
  at org.gradle.api.internal.tasks.testing.worker.TestWorker.executeAndMaintainThreadName(TestWorker.java:126)
  at org.gradle.api.internal.tasks.testing.worker.TestWorker.execute(TestWorker.java:103)
  at org.gradle.api.internal.tasks.testing.worker.TestWorker.execute(TestWorker.java:63)
  at org.gradle.process.internal.worker.child.ActionExecutionWorker.execute(ActionExecutionWorker.java:56)
  at org.gradle.process.internal.worker.child.SystemApplicationClassLoaderWorker.call(SystemApplicationClassLoaderWorker.java:122)
  at org.gradle.process.internal.worker.child.SystemApplicationClassLoaderWorker.call(SystemApplicationClassLoaderWorker.java:72)
  at worker.org.gradle.process.internal.worker.GradleWorkerMain.run(GradleWorkerMain.java:69)
  at worker.org.gradle.process.internal.worker.GradleWorkerMain.main(GradleWorkerMain.java:74)
</stacktrace>
</test-failure>


TypeScriptCompilerTests_F[jvm] > functionCallOnConstrainedTypeVariable_ts has expected errors matching functionCallOnConstrainedTypeVariable_errors_txt[jvm] FAILED

<test-failure test="com.xemantic.typescript.compiler.TypeScriptCompilerTests_F.functionOverloadAmbiguity1_ts has expected errors matching functionOverloadAmbiguity1_errors_txt" platform="jvm">
<message>
Expected diagnostics from baseline typescript-repo/tests/baselines/reference/functionOverloadAmbiguity1.errors.txt but none produced
</message>
<stacktrace>
  at com.xemantic.typescript.compiler.TypeScriptTestSupportKt.errorsMatchBaseline(TypeScriptTestSupport.kt:125)
  at com.xemantic.typescript.compiler.TypeScriptCompilerTests_F.functionOverloadAmbiguity1_ts has expected errors matching functionOverloadAmbiguity1_errors_txt(TypeScriptCompilerTests_F.kt:1232)
  at java.base/jdk.internal.reflect.DirectMethodHandleAccessor.invoke(DirectMethodHandleAccessor.java:104)
  at java.base/java.lang.reflect.Method.invoke(Method.java:565)
  at org.junit.runners.model.FrameworkMethod$1.runReflectiveCall(FrameworkMethod.java:59)
  at org.junit.internal.runners.model.ReflectiveCallable.run(ReflectiveCallable.java:12)
  at org.junit.runners.model.FrameworkMethod.invokeExplosively(FrameworkMethod.java:56)
  at org.junit.internal.runners.statements.InvokeMethod.evaluate(InvokeMethod.java:17)
  at org.junit.runners.ParentRunner$3.evaluate(ParentRunner.java:306)
  at org.junit.runners.BlockJUnit4ClassRunner$1.evaluate(BlockJUnit4ClassRunner.java:100)
  at org.junit.runners.ParentRunner.runLeaf(ParentRunner.java:366)
  at org.junit.runners.BlockJUnit4ClassRunner.runChild(BlockJUnit4ClassRunner.java:103)
  at org.junit.runners.BlockJUnit4ClassRunner.runChild(BlockJUnit4ClassRunner.java:63)
  at org.junit.runners.ParentRunner$4.run(ParentRunner.java:331)
  at org.junit.runners.ParentRunner$1.schedule(ParentRunner.java:79)
  at org.junit.runners.ParentRunner.runChildren(ParentRunner.java:329)
  at org.junit.runners.ParentRunner.access$100(ParentRunner.java:66)
  at org.junit.runners.ParentRunner$2.evaluate(ParentRunner.java:293)
  at org.junit.runners.ParentRunner$3.evaluate(ParentRunner.java:306)
  at org.junit.runners.ParentRunner.run(ParentRunner.java:413)
  at org.junit.runner.JUnitCore.run(JUnitCore.java:137)
  at org.junit.runner.JUnitCore.run(JUnitCore.java:115)
  at org.gradle.api.internal.tasks.testing.junit.JUnitTestExecutor.runRequest(JUnitTestExecutor.java:175)
  at org.gradle.api.internal.tasks.testing.junit.JUnitTestExecutor.accept(JUnitTestExecutor.java:84)
  at org.gradle.api.internal.tasks.testing.junit.JUnitTestExecutor.accept(JUnitTestExecutor.java:47)
  at org.gradle.api.internal.tasks.testing.junit.AbstractJUnitTestDefinitionProcessor.processTestDefinition(AbstractJUnitTestDefinitionProcessor.java:65)
  at org.gradle.api.internal.tasks.testing.SuiteTestDefinitionProcessor.processTestDefinition(SuiteTestDefinitionProcessor.java:54)
  at java.base/jdk.internal.reflect.DirectMethodHandleAccessor.invoke(DirectMethodHandleAccessor.java:104)
  at java.base/java.lang.reflect.Method.invoke(Method.java:565)
  at org.gradle.internal.dispatch.MethodInvocation.invokeOn(MethodInvocation.java:77)
  at org.gradle.internal.dispatch.ReflectionDispatch.dispatch(ReflectionDispatch.java:28)
  at org.gradle.internal.dispatch.ReflectionDispatch.dispatch(ReflectionDispatch.java:19)
  at org.gradle.internal.dispatch.ContextClassLoaderDispatch.dispatch(ContextClassLoaderDispatch.java:33)
  at org.gradle.internal.dispatch.ProxyDispatchAdapter$DispatchingInvocationHandler.invoke(ProxyDispatchAdapter.java:88)
  at jdk.proxy1/jdk.proxy1.$Proxy4.processTestDefinition(Unknown Source)
  at org.gradle.api.internal.tasks.testing.worker.TestWorker$2.run(TestWorker.java:178)
  at org.gradle.api.internal.tasks.testing.worker.TestWorker.executeAndMaintainThreadName(TestWorker.java:126)
  at org.gradle.api.internal.tasks.testing.worker.TestWorker.execute(TestWorker.java:103)
  at org.gradle.api.internal.tasks.testing.worker.TestWorker.execute(TestWorker.java:63)
  at org.gradle.process.internal.worker.child.ActionExecutionWorker.execute(ActionExecutionWorker.java:56)
  at org.gradle.process.internal.worker.child.SystemApplicationClassLoaderWorker.call(SystemApplicationClassLoaderWorker.java:122)
  at org.gradle.process.internal.worker.child.SystemApplicationClassLoaderWorker.call(SystemApplicationClassLoaderWorker.java:72)
  at worker.org.gradle.process.internal.worker.GradleWorkerMain.run(GradleWorkerMain.java:69)
  at worker.org.gradle.process.internal.worker.GradleWorkerMain.main(GradleWorkerMain.java:74)
</stacktrace>
</test-failure>


TypeScriptCompilerTests_F[jvm] > functionOverloadAmbiguity1_ts has expected errors matching functionOverloadAmbiguity1_errors_txt[jvm] FAILED

<test-failure test="com.xemantic.typescript.compiler.TypeScriptCompilerTests_F.firstMatchRegExpMatchArray_ts has expected errors matching firstMatchRegExpMatchArray_errors_txt" platform="jvm">
<message>
Expected diagnostics from baseline typescript-repo/tests/baselines/reference/firstMatchRegExpMatchArray.errors.txt but none produced
</message>
<stacktrace>
  at com.xemantic.typescript.compiler.TypeScriptTestSupportKt.errorsMatchBaseline(TypeScriptTestSupport.kt:125)
  at com.xemantic.typescript.compiler.TypeScriptCompilerTests_F.firstMatchRegExpMatchArray_ts has expected errors matching firstMatchRegExpMatchArray_errors_txt(TypeScriptCompilerTests_F.kt:371)
  at java.base/jdk.internal.reflect.DirectMethodHandleAccessor.invoke(DirectMethodHandleAccessor.java:104)
  at java.base/java.lang.reflect.Method.invoke(Method.java:565)
  at org.junit.runners.model.FrameworkMethod$1.runReflectiveCall(FrameworkMethod.java:59)
  at org.junit.internal.runners.model.ReflectiveCallable.run(ReflectiveCallable.java:12)
  at org.junit.runners.model.FrameworkMethod.invokeExplosively(FrameworkMethod.java:56)
  at org.junit.internal.runners.statements.InvokeMethod.evaluate(InvokeMethod.java:17)
  at org.junit.runners.ParentRunner$3.evaluate(ParentRunner.java:306)
  at org.junit.runners.BlockJUnit4ClassRunner$1.evaluate(BlockJUnit4ClassRunner.java:100)
  at org.junit.runners.ParentRunner.runLeaf(ParentRunner.java:366)
  at org.junit.runners.BlockJUnit4ClassRunner.runChild(BlockJUnit4ClassRunner.java:103)
  at org.junit.runners.BlockJUnit4ClassRunner.runChild(BlockJUnit4ClassRunner.java:63)
  at org.junit.runners.ParentRunner$4.run(ParentRunner.java:331)
  at org.junit.runners.ParentRunner$1.schedule(ParentRunner.java:79)
  at org.junit.runners.ParentRunner.runChildren(ParentRunner.java:329)
  at org.junit.runners.ParentRunner.access$100(ParentRunner.java:66)
  at org.junit.runners.ParentRunner$2.evaluate(ParentRunner.java:293)
  at org.junit.runners.ParentRunner$3.evaluate(ParentRunner.java:306)
  at org.junit.runners.ParentRunner.run(ParentRunner.java:413)
  at org.junit.runner.JUnitCore.run(JUnitCore.java:137)
  at org.junit.runner.JUnitCore.run(JUnitCore.java:115)
  at org.gradle.api.internal.tasks.testing.junit.JUnitTestExecutor.runRequest(JUnitTestExecutor.java:175)
  at org.gradle.api.internal.tasks.testing.junit.JUnitTestExecutor.accept(JUnitTestExecutor.java:84)
  at org.gradle.api.internal.tasks.testing.junit.JUnitTestExecutor.accept(JUnitTestExecutor.java:47)
  at org.gradle.api.internal.tasks.testing.junit.AbstractJUnitTestDefinitionProcessor.processTestDefinition(AbstractJUnitTestDefinitionProcessor.java:65)
  at org.gradle.api.internal.tasks.testing.SuiteTestDefinitionProcessor.processTestDefinition(SuiteTestDefinitionProcessor.java:54)
  at java.base/jdk.internal.reflect.DirectMethodHandleAccessor.invoke(DirectMethodHandleAccessor.java:104)
  at java.base/java.lang.reflect.Method.invoke(Method.java:565)
  at org.gradle.internal.dispatch.MethodInvocation.invokeOn(MethodInvocation.java:77)
  at org.gradle.internal.dispatch.ReflectionDispatch.dispatch(ReflectionDispatch.java:28)
  at org.gradle.internal.dispatch.ReflectionDispatch.dispatch(ReflectionDispatch.java:19)
  at org.gradle.internal.dispatch.ContextClassLoaderDispatch.dispatch(ContextClassLoaderDispatch.java:33)
  at org.gradle.internal.dispatch.ProxyDispatchAdapter$DispatchingInvocationHandler.invoke(ProxyDispatchAdapter.java:88)
  at jdk.proxy1/jdk.proxy1.$Proxy4.processTestDefinition(Unknown Source)
  at org.gradle.api.internal.tasks.testing.worker.TestWorker$2.run(TestWorker.java:178)
  at org.gradle.api.internal.tasks.testing.worker.TestWorker.executeAndMaintainThreadName(TestWorker.java:126)
  at org.gradle.api.internal.tasks.testing.worker.TestWorker.execute(TestWorker.java:103)
  at org.gradle.api.internal.tasks.testing.worker.TestWorker.execute(TestWorker.java:63)
  at org.gradle.process.internal.worker.child.ActionExecutionWorker.execute(ActionExecutionWorker.java:56)
  at org.gradle.process.internal.worker.child.SystemApplicationClassLoaderWorker.call(SystemApplicationClassLoaderWorker.java:122)
  at org.gradle.process.internal.worker.child.SystemApplicationClassLoaderWorker.call(SystemApplicationClassLoaderWorker.java:72)
  at worker.org.gradle.process.internal.worker.GradleWorkerMain.run(GradleWorkerMain.java:69)
  at worker.org.gradle.process.internal.worker.GradleWorkerMain.main(GradleWorkerMain.java:74)
</stacktrace>
</test-failure>


TypeScriptCompilerTests_F[jvm] > firstMatchRegExpMatchArray_ts has expected errors matching firstMatchRegExpMatchArray_errors_txt[jvm] FAILED

<test-failure test="com.xemantic.typescript.compiler.TypeScriptCompilerTests_F.functionsMissingReturnStatementsAndExpressions_ts__target_es5__has expected errors matching baseline" platform="jvm">
<message>
--- expected
+++ actual
@@ -5,14 +5,11 @@
 functionsMissingReturnStatementsAndExpressions.ts(45,5): error TS2322: Type 'null' is not assignable to type 'void'.
 functionsMissingReturnStatementsAndExpressions.ts(74,5): error TS2322: Type 'undefined' is not assignable to type 'number'.
 functionsMissingReturnStatementsAndExpressions.ts(99,17): error TS2355: A function whose declared type is neither 'undefined', 'void', nor 'any' must return a value.
-functionsMissingReturnStatementsAndExpressions.ts(107,17): error TS2355: A function whose declared type is neither 'undefined', 'void', nor 'any' must return a value.
-functionsMissingReturnStatementsAndExpressions.ts(130,16): error TS2378: A 'get' accessor must return a value.
-functionsMissingReturnStatementsAndExpressions.ts(152,15): error TS18050: The value 'undefined' cannot be used here.
-functionsMissingReturnStatementsAndExpressions.ts(153,5): error TS1003: Identifier expected.
+functionsMissingReturnStatementsAndExpressions.ts(152,25): error TS1003: Identifier expected.
 
 
 !!! error TS5107: Option 'target=ES5' is deprecated and will stop functioning in TypeScript 7.0. Specify compilerOption '"ignoreDeprecations": "6.0"' to silence this error.
-==== functionsMissingReturnStatementsAndExpressions.ts (10 errors) ====
+==== functionsMissingReturnStatementsAndExpressions.ts (7 errors) ====
     function f1(): string {
                    ~~~~~~
 !!! error TS2355: A function whose declared type is neither 'undefined', 'void', nor 'any' must return a value.
@@ -132,8 +129,6 @@
     }
     
     function f23(): undefined | number {
-                    ~~~~~~~~~~~~~~~~~~
-!!! error TS2355: A function whose declared type is neither 'undefined', 'void', nor 'any' must return a value.
         // Error; because `undefined | number` becomes `number` without strictNullChecks.
     }
     
@@ -157,8 +152,6 @@
     
     class C {
         public get m1() {
-                   ~~
-!!! error TS2378: A 'get' accessor must return a value.
             // Errors; get accessors must return a value.
         }
     
@@ -181,9 +174,7 @@
             // if no return statements are present but we are a get accessor.
             throw null;
             throw undefined.
-                  ~~~~~~~~~
-!!! error TS18050: The value 'undefined' cannot be used here.
-        }
-        ~
+                            
 !!! error TS1003: Identifier expected.
+        }
     }

</message>
<stacktrace>
  at org.junit.Assert.fail(Assert.java:89)
  at kotlin.test.junit.JUnitAsserter.fail(JUnitSupport.kt:56)
  at kotlin.test.AssertionsKt__AssertionsKt.fail(Assertions.kt:563)
  at kotlin.test.AssertionsKt.fail(Unknown Source)
  at com.xemantic.kotlin.test.SameAsKt.sameAs(SameAs.kt:52)
  at com.xemantic.typescript.compiler.TypeScriptTestSupportKt.errorsMatchBaseline(TypeScriptTestSupport.kt:135)
  at com.xemantic.typescript.compiler.TypeScriptCompilerTests_F.functionsMissingReturnStatementsAndExpressions_ts__target_es5__has expected errors matching baseline(TypeScriptCompilerTests_F.kt:2086)
  at java.base/jdk.internal.reflect.DirectMethodHandleAccessor.invoke(DirectMethodHandleAccessor.java:104)
  at java.base/java.lang.reflect.Method.invoke(Method.java:565)
  at org.junit.runners.model.FrameworkMethod$1.runReflectiveCall(FrameworkMethod.java:59)
  at org.junit.internal.runners.model.ReflectiveCallable.run(ReflectiveCallable.java:12)
  at org.junit.runners.model.FrameworkMethod.invokeExplosively(FrameworkMethod.java:56)
  at org.junit.internal.runners.statements.InvokeMethod.evaluate(InvokeMethod.java:17)
  at org.junit.runners.ParentRunner$3.evaluate(ParentRunner.java:306)
  at org.junit.runners.BlockJUnit4ClassRunner$1.evaluate(BlockJUnit4ClassRunner.java:100)
  at org.junit.runners.ParentRunner.runLeaf(ParentRunner.java:366)
  at org.junit.runners.BlockJUnit4ClassRunner.runChild(BlockJUnit4ClassRunner.java:103)
  at org.junit.runners.BlockJUnit4ClassRunner.runChild(BlockJUnit4ClassRunner.java:63)
  at org.junit.runners.ParentRunner$4.run(ParentRunner.java:331)
  at org.junit.runners.ParentRunner$1.schedule(ParentRunner.java:79)
  at org.junit.runners.ParentRunner.runChildren(ParentRunner.java:329)
  at org.junit.runners.ParentRunner.access$100(ParentRunner.java:66)
  at org.junit.runners.ParentRunner$2.evaluate(ParentRunner.java:293)
  at org.junit.runners.ParentRunner$3.evaluate(ParentRunner.java:306)
  at org.junit.runners.ParentRunner.run(ParentRunner.java:413)
  at org.junit.runner.JUnitCore.run(JUnitCore.java:137)
  at org.junit.runner.JUnitCore.run(JUnitCore.java:115)
  at org.gradle.api.internal.tasks.testing.junit.JUnitTestExecutor.runRequest(JUnitTestExecutor.java:175)
  at org.gradle.api.internal.tasks.testing.junit.JUnitTestExecutor.accept(JUnitTestExecutor.java:84)
  at org.gradle.api.internal.tasks.testing.junit.JUnitTestExecutor.accept(JUnitTestExecutor.java:47)
  at org.gradle.api.internal.tasks.testing.junit.AbstractJUnitTestDefinitionProcessor.processTestDefinition(AbstractJUnitTestDefinitionProcessor.java:65)
  at org.gradle.api.internal.tasks.testing.SuiteTestDefinitionProcessor.processTestDefinition(SuiteTestDefinitionProcessor.java:54)
  at java.base/jdk.internal.reflect.DirectMethodHandleAccessor.invoke(DirectMethodHandleAccessor.java:104)
  at java.base/java.lang.reflect.Method.invoke(Method.java:565)
  at org.gradle.internal.dispatch.MethodInvocation.invokeOn(MethodInvocation.java:77)
  at org.gradle.internal.dispatch.ReflectionDispatch.dispatch(ReflectionDispatch.java:28)
  at org.gradle.internal.dispatch.ReflectionDispatch.dispatch(ReflectionDispatch.java:19)
  at org.gradle.internal.dispatch.ContextClassLoaderDispatch.dispatch(ContextClassLoaderDispatch.java:33)
  at org.gradle.internal.dispatch.ProxyDispatchAdapter$DispatchingInvocationHandler.invoke(ProxyDispatchAdapter.java:88)
  at jdk.proxy1/jdk.proxy1.$Proxy4.processTestDefinition(Unknown Source)
  at org.gradle.api.internal.tasks.testing.worker.TestWorker$2.run(TestWorker.java:178)
  at org.gradle.api.internal.tasks.testing.worker.TestWorker.executeAndMaintainThreadName(TestWorker.java:126)
  at org.gradle.api.internal.tasks.testing.worker.TestWorker.execute(TestWorker.java:103)
  at org.gradle.api.internal.tasks.testing.worker.TestWorker.execute(TestWorker.java:63)
  at org.gradle.process.internal.worker.child.ActionExecutionWorker.execute(ActionExecutionWorker.java:56)
  at org.gradle.process.internal.worker.child.SystemApplicationClassLoaderWorker.call(SystemApplicationClassLoaderWorker.java:122)
  at org.gradle.process.internal.worker.child.SystemApplicationClassLoaderWorker.call(SystemApplicationClassLoaderWorker.java:72)
  at worker.org.gradle.process.internal.worker.GradleWorkerMain.run(GradleWorkerMain.java:69)
  at worker.org.gradle.process.internal.worker.GradleWorkerMain.main(GradleWorkerMain.java:74)
</stacktrace>
</test-failure>


TypeScriptCompilerTests_F[jvm] > functionsMissingReturnStatementsAndExpressions_ts__target_es5__has expected errors matching baseline[jvm] FAILED

<test-failure test="com.xemantic.typescript.compiler.TypeScriptCompilerTests_F.functionCall7_ts has expected errors matching functionCall7_errors_txt" platform="jvm">
<message>
--- expected
+++ actual
@@ -1,9 +1,8 @@
 functionCall7.ts(5,10): error TS2554: Expected 1 arguments, but got 2.
-functionCall7.ts(6,5): error TS2345: Argument of type 'number' is not assignable to parameter of type 'c1'.
 functionCall7.ts(7,1): error TS2554: Expected 1 arguments, but got 0.
 
 
-==== functionCall7.ts (3 errors) ====
+==== functionCall7.ts (2 errors) ====
     namespace m1 { export class c1 { public a; }}
     function foo(a:m1.c1){ a.a = 1; }; 
     var myC = new m1.c1(); 
@@ -12,8 +11,6 @@
              ~~~
 !!! error TS2554: Expected 1 arguments, but got 2.
     foo(4);
-        ~
-!!! error TS2345: Argument of type 'number' is not assignable to parameter of type 'c1'.
     foo();
     ~~~
 !!! error TS2554: Expected 1 arguments, but got 0.

</message>
<stacktrace>
  at org.junit.Assert.fail(Assert.java:89)
  at kotlin.test.junit.JUnitAsserter.fail(JUnitSupport.kt:56)
  at kotlin.test.AssertionsKt__AssertionsKt.fail(Assertions.kt:563)
  at kotlin.test.AssertionsKt.fail(Unknown Source)
  at com.xemantic.kotlin.test.SameAsKt.sameAs(SameAs.kt:52)
  at com.xemantic.typescript.compiler.TypeScriptTestSupportKt.errorsMatchBaseline(TypeScriptTestSupport.kt:135)
  at com.xemantic.typescript.compiler.TypeScriptCompilerTests_F.functionCall7_ts has expected errors matching functionCall7_errors_txt(TypeScriptCompilerTests_F.kt:1050)
  at java.base/jdk.internal.reflect.DirectMethodHandleAccessor.invoke(DirectMethodHandleAccessor.java:104)
  at java.base/java.lang.reflect.Method.invoke(Method.java:565)
  at org.junit.runners.model.FrameworkMethod$1.runReflectiveCall(FrameworkMethod.java:59)
  at org.junit.internal.runners.model.ReflectiveCallable.run(ReflectiveCallable.java:12)
  at org.junit.runners.model.FrameworkMethod.invokeExplosively(FrameworkMethod.java:56)
  at org.junit.internal.runners.statements.InvokeMethod.evaluate(InvokeMethod.java:17)
  at org.junit.runners.ParentRunner$3.evaluate(ParentRunner.java:306)
  at org.junit.runners.BlockJUnit4ClassRunner$1.evaluate(BlockJUnit4ClassRunner.java:100)
  at org.junit.runners.ParentRunner.runLeaf(ParentRunner.java:366)
  at org.junit.runners.BlockJUnit4ClassRunner.runChild(BlockJUnit4ClassRunner.java:103)
  at org.junit.runners.BlockJUnit4ClassRunner.runChild(BlockJUnit4ClassRunner.java:63)
  at org.junit.runners.ParentRunner$4.run(ParentRunner.java:331)
  at org.junit.runners.ParentRunner$1.schedule(ParentRunner.java:79)
  at org.junit.runners.ParentRunner.runChildren(ParentRunner.java:329)
  at org.junit.runners.ParentRunner.access$100(ParentRunner.java:66)
  at org.junit.runners.ParentRunner$2.evaluate(ParentRunner.java:293)
  at org.junit.runners.ParentRunner$3.evaluate(ParentRunner.java:306)
  at org.junit.runners.ParentRunner.run(ParentRunner.java:413)
  at org.junit.runner.JUnitCore.run(JUnitCore.java:137)
  at org.junit.runner.JUnitCore.run(JUnitCore.java:115)
  at org.gradle.api.internal.tasks.testing.junit.JUnitTestExecutor.runRequest(JUnitTestExecutor.java:175)
  at org.gradle.api.internal.tasks.testing.junit.JUnitTestExecutor.accept(JUnitTestExecutor.java:84)
  at org.gradle.api.internal.tasks.testing.junit.JUnitTestExecutor.accept(JUnitTestExecutor.java:47)
  at org.gradle.api.internal.tasks.testing.junit.AbstractJUnitTestDefinitionProcessor.processTestDefinition(AbstractJUnitTestDefinitionProcessor.java:65)
  at org.gradle.api.internal.tasks.testing.SuiteTestDefinitionProcessor.processTestDefinition(SuiteTestDefinitionProcessor.java:54)
  at java.base/jdk.internal.reflect.DirectMethodHandleAccessor.invoke(DirectMethodHandleAccessor.java:104)
  at java.base/java.lang.reflect.Method.invoke(Method.java:565)
  at org.gradle.internal.dispatch.MethodInvocation.invokeOn(MethodInvocation.java:77)
  at org.gradle.internal.dispatch.ReflectionDispatch.dispatch(ReflectionDispatch.java:28)
  at org.gradle.internal.dispatch.ReflectionDispatch.dispatch(ReflectionDispatch.java:19)
  at org.gradle.internal.dispatch.ContextClassLoaderDispatch.dispatch(ContextClassLoaderDispatch.java:33)
  at org.gradle.internal.dispatch.ProxyDispatchAdapter$DispatchingInvocationHandler.invoke(ProxyDispatchAdapter.java:88)
  at jdk.proxy1/jdk.proxy1.$Proxy4.processTestDefinition(Unknown Source)
  at org.gradle.api.internal.tasks.testing.worker.TestWorker$2.run(TestWorker.java:178)
  at org.gradle.api.internal.tasks.testing.worker.TestWorker.executeAndMaintainThreadName(TestWorker.java:126)
  at org.gradle.api.internal.tasks.testing.worker.TestWorker.execute(TestWorker.java:103)
  at org.gradle.api.internal.tasks.testing.worker.TestWorker.execute(TestWorker.java:63)
  at org.gradle.process.internal.worker.child.ActionExecutionWorker.execute(ActionExecutionWorker.java:56)
  at org.gradle.process.internal.worker.child.SystemApplicationClassLoaderWorker.call(SystemApplicationClassLoaderWorker.java:122)
  at org.gradle.process.internal.worker.child.SystemApplicationClassLoaderWorker.call(SystemApplicationClassLoaderWorker.java:72)
  at worker.org.gradle.process.internal.worker.GradleWorkerMain.run(GradleWorkerMain.java:69)
  at worker.org.gradle.process.internal.worker.GradleWorkerMain.main(GradleWorkerMain.java:74)
</stacktrace>
</test-failure>


TypeScriptCompilerTests_F[jvm] > functionCall7_ts has expected errors matching functionCall7_errors_txt[jvm] FAILED

<test-failure test="com.xemantic.typescript.compiler.TypeScriptCompilerTests_F.fatarrowfunctionsOptionalArgs_ts has expected errors matching fatarrowfunctionsOptionalArgs_errors_txt" platform="jvm">
<message>
--- expected
+++ actual
@@ -1,60 +1,13 @@
-fatarrowfunctionsOptionalArgs.ts(7,2): error TS7006: Parameter 'arg' implicitly has an 'any' type.
-fatarrowfunctionsOptionalArgs.ts(10,1): error TS7006: Parameter 'arg' implicitly has an 'any' type.
-fatarrowfunctionsOptionalArgs.ts(16,2): error TS7006: Parameter 'arg' implicitly has an 'any' type.
-fatarrowfunctionsOptionalArgs.ts(31,2): error TS7006: Parameter 'arg1' implicitly has an 'any' type.
-fatarrowfunctionsOptionalArgs.ts(31,8): error TS7006: Parameter 'arg2' implicitly has an 'any' type.
-fatarrowfunctionsOptionalArgs.ts(33,2): error TS7006: Parameter 'arg1' implicitly has an 'any' type.
-fatarrowfunctionsOptionalArgs.ts(33,9): error TS7006: Parameter 'arg2' implicitly has an 'any' type.
-fatarrowfunctionsOptionalArgs.ts(37,2): error TS7006: Parameter 'arg1' implicitly has an 'any' type.
-fatarrowfunctionsOptionalArgs.ts(38,2): error TS7006: Parameter 'arg1' implicitly has an 'any' type.
-fatarrowfunctionsOptionalArgs.ts(42,3): error TS7006: Parameter 'arg' implicitly has an 'any' type.
-fatarrowfunctionsOptionalArgs.ts(44,3): error TS7006: Parameter 'arg' implicitly has an 'any' type.
-fatarrowfunctionsOptionalArgs.ts(51,6): error TS7006: Parameter 'arg' implicitly has an 'any' type.
-fatarrowfunctionsOptionalArgs.ts(55,10): error TS7006: Parameter 'arg' implicitly has an 'any' type.
-fatarrowfunctionsOptionalArgs.ts(57,10): error TS7006: Parameter 'arg' implicitly has an 'any' type.
-fatarrowfunctionsOptionalArgs.ts(65,11): error TS7006: Parameter 'arg' implicitly has an 'any' type.
-fatarrowfunctionsOptionalArgs.ts(67,11): error TS7006: Parameter 'arg' implicitly has an 'any' type.
-fatarrowfunctionsOptionalArgs.ts(75,17): error TS7006: Parameter 'arg' implicitly has an 'any' type.
-fatarrowfunctionsOptionalArgs.ts(77,17): error TS7006: Parameter 'arg' implicitly has an 'any' type.
-fatarrowfunctionsOptionalArgs.ts(85,1): error TS2872: This kind of expression is always truthy.
-fatarrowfunctionsOptionalArgs.ts(85,3): error TS7006: Parameter 'a' implicitly has an 'any' type.
-fatarrowfunctionsOptionalArgs.ts(85,28): error TS7006: Parameter 'b' implicitly has an 'any' type.
-fatarrowfunctionsOptionalArgs.ts(85,53): error TS7006: Parameter 'c' implicitly has an 'any' type.
-fatarrowfunctionsOptionalArgs.ts(88,2): error TS7006: Parameter 'a' implicitly has an 'any' type.
-fatarrowfunctionsOptionalArgs.ts(88,23): error TS1005: ';' expected.
-fatarrowfunctionsOptionalArgs.ts(88,26): error TS7006: Parameter 'b' implicitly has an 'any' type.
-fatarrowfunctionsOptionalArgs.ts(88,31): error TS7006: Parameter 'c' implicitly has an 'any' type.
-fatarrowfunctionsOptionalArgs.ts(88,38): error TS1005: ';' expected.
-fatarrowfunctionsOptionalArgs.ts(88,41): error TS7006: Parameter 'c' implicitly has an 'any' type.
-fatarrowfunctionsOptionalArgs.ts(88,46): error TS7006: Parameter 'd' implicitly has an 'any' type.
-fatarrowfunctionsOptionalArgs.ts(92,3): error TS7006: Parameter 'arg' implicitly has an 'any' type.
-fatarrowfunctionsOptionalArgs.ts(94,3): error TS7006: Parameter 'arg' implicitly has an 'any' type.
-fatarrowfunctionsOptionalArgs.ts(100,8): error TS7006: Parameter 'arg' implicitly has an 'any' type.
-fatarrowfunctionsOptionalArgs.ts(101,3): error TS7006: Parameter 'arg' implicitly has an 'any' type.
-fatarrowfunctionsOptionalArgs.ts(101,23): error TS7006: Parameter 'arg' implicitly has an 'any' type.
-fatarrowfunctionsOptionalArgs.ts(103,3): error TS7006: Parameter 'arg' implicitly has an 'any' type.
-fatarrowfunctionsOptionalArgs.ts(103,24): error TS7006: Parameter 'arg' implicitly has an 'any' type.
-fatarrowfunctionsOptionalArgs.ts(108,3): error TS7006: Parameter 'arg1' implicitly has an 'any' type.
-fatarrowfunctionsOptionalArgs.ts(108,9): error TS7006: Parameter 'arg2' implicitly has an 'any' type.
-fatarrowfunctionsOptionalArgs.ts(108,31): error TS7006: Parameter 'arg1' implicitly has an 'any' type.
-fatarrowfunctionsOptionalArgs.ts(108,36): error TS7006: Parameter 'arg2' implicitly has an 'any' type.
-fatarrowfunctionsOptionalArgs.ts(109,3): error TS7006: Parameter 'arg1' implicitly has an 'any' type.
-fatarrowfunctionsOptionalArgs.ts(109,42): error TS7006: Parameter 'arg1' implicitly has an 'any' type.
-fatarrowfunctionsOptionalArgs.ts(116,6): error TS7006: Parameter 'a' implicitly has an 'any' type.
-fatarrowfunctionsOptionalArgs.ts(117,7): error TS7006: Parameter 'a' implicitly has an 'any' type.
-fatarrowfunctionsOptionalArgs.ts(118,6): error TS7006: Parameter 'a' implicitly has an 'any' type.
-fatarrowfunctionsOptionalArgs.ts(121,6): error TS7006: Parameter 'a' implicitly has an 'any' type.
-fatarrowfunctionsOptionalArgs.ts(122,6): error TS7006: Parameter 'a' implicitly has an 'any' type.
-fatarrowfunctionsOptionalArgs.ts(122,9): error TS7006: Parameter 'b' implicitly has an 'any' type.
-fatarrowfunctionsOptionalArgs.ts(128,6): error TS7006: Parameter 'a' implicitly has an 'any' type.
-fatarrowfunctionsOptionalArgs.ts(129,6): error TS7006: Parameter 'a' implicitly has an 'any' type.
-fatarrowfunctionsOptionalArgs.ts(129,13): error TS7006: Parameter 'b' implicitly has an 'any' type.
-fatarrowfunctionsOptionalArgs.ts(129,20): error TS7006: Parameter 'c' implicitly has an 'any' type.
-fatarrowfunctionsOptionalArgs.ts(130,13): error TS7006: Parameter 'a' implicitly has an 'any' type.
-fatarrowfunctionsOptionalArgs.ts(130,24): error TS7006: Parameter 'b' implicitly has an 'any' type.
+fatarrowfunctionsOptionalArgs.ts(60,10): error TS1015: Parameter cannot have question mark and initializer.
+fatarrowfunctionsOptionalArgs.ts(70,11): error TS1015: Parameter cannot have question mark and initializer.
+fatarrowfunctionsOptionalArgs.ts(80,17): error TS1015: Parameter cannot have question mark and initializer.
+fatarrowfunctionsOptionalArgs.ts(106,3): error TS1015: Parameter cannot have question mark and initializer.
+fatarrowfunctionsOptionalArgs.ts(106,35): error TS1015: Parameter cannot have question mark and initializer.
+fatarrowfunctionsOptionalArgs.ts(126,6): error TS1015: Parameter cannot have question mark and initializer.
+fatarrowfunctionsOptionalArgs.ts(128,9): error TS1015: Parameter cannot have question mark and initializer.
 
 
-==== fatarrowfunctionsOptionalArgs.ts (54 errors) ====
+==== fatarrowfunctionsOptionalArgs.ts (7 errors) ====
     // valid
     
     // no params
@@ -62,21 +15,15 @@
     
     // one param, no type
     (arg) => 2;
-     ~~~
-!!! error TS7006: Parameter 'arg' implicitly has an 'any' type.
     
     // one param, no type
     arg => 2;
-    ~~~
-!!! error TS7006: Parameter 'arg' implicitly has an 'any' type.
     
     // one param, no type with default value
     (arg = 1) => 3;
     
     // one param, no type, optional
     (arg?) => 4;
-     ~~~~
-!!! error TS7006: Parameter 'arg' implicitly has an 'any' type.
     
     // typed param
     (arg: number) => 5;
@@ -92,35 +39,19 @@
     
     // multiple arguments
     (arg1, arg2) => 12;
-     ~~~~
-!!! error TS7006: Parameter 'arg1' implicitly has an 'any' type.
-           ~~~~
-!!! error TS7006: Parameter 'arg2' implicitly has an 'any' type.
     (arg1 = 1, arg2 =3) => 13;
     (arg1?, arg2?) => 14;
-     ~~~~~
-!!! error TS7006: Parameter 'arg1' implicitly has an 'any' type.
-            ~~~~~
-!!! error TS7006: Parameter 'arg2' implicitly has an 'any' type.
     (arg1: number, arg2: number) => 15;
     (arg1: number = 0, arg2: number = 1) => 16;
     (arg1?: number, arg2?: number) => 17;
     (arg1, ...arg2: number[]) => 18;
-     ~~~~
-!!! error TS7006: Parameter 'arg1' implicitly has an 'any' type.
     (arg1, arg2?: number) => 19;
-     ~~~~
-!!! error TS7006: Parameter 'arg1' implicitly has an 'any' type.
     
     // in paren
     (() => 21);
     ((arg) => 22);
-      ~~~
-!!! error TS7006: Parameter 'arg' implicitly has an 'any' type.
     ((arg = 1) => 23);
     ((arg?) => 24);
-      ~~~~
-!!! error TS7006: Parameter 'arg' implicitly has an 'any' type.
     ((arg: number) => 25);
     ((arg: number = 0) => 26);
     ((arg?: number) => 27);
@@ -128,38 +59,31 @@
     
     // in multiple paren
     (((((arg) => { return 32; }))));
-         ~~~
-!!! error TS7006: Parameter 'arg' implicitly has an 'any' type.
     
     // in ternary exression
     false ? () => 41 : null;
     false ? (arg) => 42 : null;
-             ~~~
-!!! error TS7006: Parameter 'arg' implicitly has an 'any' type.
     false ? (arg = 1) => 43 : null;
     false ? (arg?) => 44 : null;
-             ~~~~
-!!! error TS7006: Parameter 'arg' implicitly has an 'any' type.
     false ? (arg: number) => 45 : null;
     false ? (arg?: number) => 46 : null;
     false ? (arg?: number = 0) => 47 : null;
+             ~~~
+!!! error TS1015: Parameter cannot have question mark and initializer.
     false ? (...arg: number[]) => 48 : null;
     
     // in ternary exression within paren
     false ? (() => 51) : null;
     false ? ((arg) => 52) : null;
-              ~~~
-!!! error TS7006: Parameter 'arg' implicitly has an 'any' type.
     false ? ((arg = 1) => 53) : null;
     false ? ((arg?) => 54) : null;
-              ~~~~
-!!! error TS7006: Parameter 'arg' implicitly has an 'any' type.
     false ? ((arg: number) => 55) : null;
     false ? ((arg?: number) => 56) : null;
     false ? ((arg?: number = 0) => 57) : null;
+              ~~~
+!!! error TS1015: Parameter cannot have question mark and initializer.
     false ? ((...arg: number[]) => 58) : null;
     
     // ternary exression's else clause
     false ? null : () => 61;
     false ? null : (arg) => 62;
-                    ~~~

Diff truncated: more than 100 lines changed

Expected: 296 lines
Actual: 155 lines

The differences are too extensive to show in unified diff format.
Consider comparing smaller sections or reviewing the strings directly.

</message>
<stacktrace>
  at org.junit.Assert.fail(Assert.java:89)
  at kotlin.test.junit.JUnitAsserter.fail(JUnitSupport.kt:56)
  at kotlin.test.AssertionsKt__AssertionsKt.fail(Assertions.kt:563)
  at kotlin.test.AssertionsKt.fail(Unknown Source)
  at com.xemantic.kotlin.test.SameAsKt.sameAs(SameAs.kt:52)
  at com.xemantic.typescript.compiler.TypeScriptTestSupportKt.errorsMatchBaseline(TypeScriptTestSupport.kt:135)
  at com.xemantic.typescript.compiler.TypeScriptCompilerTests_F.fatarrowfunctionsOptionalArgs_ts has expected errors matching fatarrowfunctionsOptionalArgs_errors_txt(TypeScriptCompilerTests_F.kt:189)
  at java.base/jdk.internal.reflect.DirectMethodHandleAccessor.invoke(DirectMethodHandleAccessor.java:104)
  at java.base/java.lang.reflect.Method.invoke(Method.java:565)
  at org.junit.runners.model.FrameworkMethod$1.runReflectiveCall(FrameworkMethod.java:59)
  at org.junit.internal.runners.model.ReflectiveCallable.run(ReflectiveCallable.java:12)
  at org.junit.runners.model.FrameworkMethod.invokeExplosively(FrameworkMethod.java:56)
  at org.junit.internal.runners.statements.InvokeMethod.evaluate(InvokeMethod.java:17)
  at org.junit.runners.ParentRunner$3.evaluate(ParentRunner.java:306)
  at org.junit.runners.BlockJUnit4ClassRunner$1.evaluate(BlockJUnit4ClassRunner.java:100)
  at org.junit.runners.ParentRunner.runLeaf(ParentRunner.java:366)
  at org.junit.runners.BlockJUnit4ClassRunner.runChild(BlockJUnit4ClassRunner.java:103)
  at org.junit.runners.BlockJUnit4ClassRunner.runChild(BlockJUnit4ClassRunner.java:63)
  at org.junit.runners.ParentRunner$4.run(ParentRunner.java:331)
  at org.junit.runners.ParentRunner$1.schedule(ParentRunner.java:79)
  at org.junit.runners.ParentRunner.runChildren(ParentRunner.java:329)
  at org.junit.runners.ParentRunner.access$100(ParentRunner.java:66)
  at org.junit.runners.ParentRunner$2.evaluate(ParentRunner.java:293)
  at org.junit.runners.ParentRunner$3.evaluate(ParentRunner.java:306)
  at org.junit.runners.ParentRunner.run(ParentRunner.java:413)
  at org.junit.runner.JUnitCore.run(JUnitCore.java:137)
  at org.junit.runner.JUnitCore.run(JUnitCore.java:115)
  at org.gradle.api.internal.tasks.testing.junit.JUnitTestExecutor.runRequest(JUnitTestExecutor.java:175)
  at org.gradle.api.internal.tasks.testing.junit.JUnitTestExecutor.accept(JUnitTestExecutor.java:84)
  at org.gradle.api.internal.tasks.testing.junit.JUnitTestExecutor.accept(JUnitTestExecutor.java:47)
  at org.gradle.api.internal.tasks.testing.junit.AbstractJUnitTestDefinitionProcessor.processTestDefinition(AbstractJUnitTestDefinitionProcessor.java:65)
  at org.gradle.api.internal.tasks.testing.SuiteTestDefinitionProcessor.processTestDefinition(SuiteTestDefinitionProcessor.java:54)
  at java.base/jdk.internal.reflect.DirectMethodHandleAccessor.invoke(DirectMethodHandleAccessor.java:104)
  at java.base/java.lang.reflect.Method.invoke(Method.java:565)
  at org.gradle.internal.dispatch.MethodInvocation.invokeOn(MethodInvocation.java:77)
  at org.gradle.internal.dispatch.ReflectionDispatch.dispatch(ReflectionDispatch.java:28)
  at org.gradle.internal.dispatch.ReflectionDispatch.dispatch(ReflectionDispatch.java:19)
  at org.gradle.internal.dispatch.ContextClassLoaderDispatch.dispatch(ContextClassLoaderDispatch.java:33)
  at org.gradle.internal.dispatch.ProxyDispatchAdapter$DispatchingInvocationHandler.invoke(ProxyDispatchAdapter.java:88)
  at jdk.proxy1/jdk.proxy1.$Proxy4.processTestDefinition(Unknown Source)
  at org.gradle.api.internal.tasks.testing.worker.TestWorker$2.run(TestWorker.java:178)
  at org.gradle.api.internal.tasks.testing.worker.TestWorker.executeAndMaintainThreadName(TestWorker.java:126)
  at org.gradle.api.internal.tasks.testing.worker.TestWorker.execute(TestWorker.java:103)
  at org.gradle.api.internal.tasks.testing.worker.TestWorker.execute(TestWorker.java:63)
  at org.gradle.process.internal.worker.child.ActionExecutionWorker.execute(ActionExecutionWorker.java:56)
  at org.gradle.process.internal.worker.child.SystemApplicationClassLoaderWorker.call(SystemApplicationClassLoaderWorker.java:122)
  at org.gradle.process.internal.worker.child.SystemApplicationClassLoaderWorker.call(SystemApplicationClassLoaderWorker.java:72)
  at worker.org.gradle.process.internal.worker.GradleWorkerMain.run(GradleWorkerMain.java:69)
  at worker.org.gradle.process.internal.worker.GradleWorkerMain.main(GradleWorkerMain.java:74)
</stacktrace>
</test-failure>


TypeScriptCompilerTests_F[jvm] > fatarrowfunctionsOptionalArgs_ts has expected errors matching fatarrowfunctionsOptionalArgs_errors_txt[jvm] FAILED

<test-failure test="com.xemantic.typescript.compiler.TypeScriptCompilerTests_F.fakeInfinity1_ts has expected errors matching fakeInfinity1_errors_txt" platform="jvm">
<message>
Expected diagnostics from baseline typescript-repo/tests/baselines/reference/fakeInfinity1.errors.txt but none produced
</message>
<stacktrace>
  at com.xemantic.typescript.compiler.TypeScriptTestSupportKt.errorsMatchBaseline(TypeScriptTestSupport.kt:125)
  at com.xemantic.typescript.compiler.TypeScriptCompilerTests_F.fakeInfinity1_ts has expected errors matching fakeInfinity1_errors_txt(TypeScriptCompilerTests_F.kt:77)
  at java.base/jdk.internal.reflect.DirectMethodHandleAccessor.invoke(DirectMethodHandleAccessor.java:104)
  at java.base/java.lang.reflect.Method.invoke(Method.java:565)
  at org.junit.runners.model.FrameworkMethod$1.runReflectiveCall(FrameworkMethod.java:59)
  at org.junit.internal.runners.model.ReflectiveCallable.run(ReflectiveCallable.java:12)
  at org.junit.runners.model.FrameworkMethod.invokeExplosively(FrameworkMethod.java:56)
  at org.junit.internal.runners.statements.InvokeMethod.evaluate(InvokeMethod.java:17)
  at org.junit.runners.ParentRunner$3.evaluate(ParentRunner.java:306)
  at org.junit.runners.BlockJUnit4ClassRunner$1.evaluate(BlockJUnit4ClassRunner.java:100)
  at org.junit.runners.ParentRunner.runLeaf(ParentRunner.java:366)
  at org.junit.runners.BlockJUnit4ClassRunner.runChild(BlockJUnit4ClassRunner.java:103)
  at org.junit.runners.BlockJUnit4ClassRunner.runChild(BlockJUnit4ClassRunner.java:63)
  at org.junit.runners.ParentRunner$4.run(ParentRunner.java:331)
  at org.junit.runners.ParentRunner$1.schedule(ParentRunner.java:79)
  at org.junit.runners.ParentRunner.runChildren(ParentRunner.java:329)
  at org.junit.runners.ParentRunner.access$100(ParentRunner.java:66)
  at org.junit.runners.ParentRunner$2.evaluate(ParentRunner.java:293)
  at org.junit.runners.ParentRunner$3.evaluate(ParentRunner.java:306)
  at org.junit.runners.ParentRunner.run(ParentRunner.java:413)
  at org.junit.runner.JUnitCore.run(JUnitCore.java:137)
  at org.junit.runner.JUnitCore.run(JUnitCore.java:115)
  at org.gradle.api.internal.tasks.testing.junit.JUnitTestExecutor.runRequest(JUnitTestExecutor.java:175)
  at org.gradle.api.internal.tasks.testing.junit.JUnitTestExecutor.accept(JUnitTestExecutor.java:84)
  at org.gradle.api.internal.tasks.testing.junit.JUnitTestExecutor.accept(JUnitTestExecutor.java:47)
  at org.gradle.api.internal.tasks.testing.junit.AbstractJUnitTestDefinitionProcessor.processTestDefinition(AbstractJUnitTestDefinitionProcessor.java:65)
  at org.gradle.api.internal.tasks.testing.SuiteTestDefinitionProcessor.processTestDefinition(SuiteTestDefinitionProcessor.java:54)
  at java.base/jdk.internal.reflect.DirectMethodHandleAccessor.invoke(DirectMethodHandleAccessor.java:104)
  at java.base/java.lang.reflect.Method.invoke(Method.java:565)
  at org.gradle.internal.dispatch.MethodInvocation.invokeOn(MethodInvocation.java:77)
  at org.gradle.internal.dispatch.ReflectionDispatch.dispatch(ReflectionDispatch.java:28)
  at org.gradle.internal.dispatch.ReflectionDispatch.dispatch(ReflectionDispatch.java:19)
  at org.gradle.internal.dispatch.ContextClassLoaderDispatch.dispatch(ContextClassLoaderDispatch.java:33)
  at org.gradle.internal.dispatch.ProxyDispatchAdapter$DispatchingInvocationHandler.invoke(ProxyDispatchAdapter.java:88)
  at jdk.proxy1/jdk.proxy1.$Proxy4.processTestDefinition(Unknown Source)
  at org.gradle.api.internal.tasks.testing.worker.TestWorker$2.run(TestWorker.java:178)
  at org.gradle.api.internal.tasks.testing.worker.TestWorker.executeAndMaintainThreadName(TestWorker.java:126)
  at org.gradle.api.internal.tasks.testing.worker.TestWorker.execute(TestWorker.java:103)
  at org.gradle.api.internal.tasks.testing.worker.TestWorker.execute(TestWorker.java:63)
  at org.gradle.process.internal.worker.child.ActionExecutionWorker.execute(ActionExecutionWorker.java:56)
  at org.gradle.process.internal.worker.child.SystemApplicationClassLoaderWorker.call(SystemApplicationClassLoaderWorker.java:122)
  at org.gradle.process.internal.worker.child.SystemApplicationClassLoaderWorker.call(SystemApplicationClassLoaderWorker.java:72)
  at worker.org.gradle.process.internal.worker.GradleWorkerMain.run(GradleWorkerMain.java:69)
  at worker.org.gradle.process.internal.worker.GradleWorkerMain.main(GradleWorkerMain.java:74)
</stacktrace>
</test-failure>


TypeScriptCompilerTests_F[jvm] > fakeInfinity1_ts has expected errors matching fakeInfinity1_errors_txt[jvm] FAILED

<test-failure test="com.xemantic.typescript.compiler.TypeScriptCompilerTests_F.functionsMissingReturnStatementsAndExpressions_ts__target_es2015__has expected errors matching baseline" platform="jvm">
<message>
--- expected
+++ actual
@@ -4,13 +4,10 @@
 functionsMissingReturnStatementsAndExpressions.ts(45,5): error TS2322: Type 'null' is not assignable to type 'void'.
 functionsMissingReturnStatementsAndExpressions.ts(74,5): error TS2322: Type 'undefined' is not assignable to type 'number'.
 functionsMissingReturnStatementsAndExpressions.ts(99,17): error TS2355: A function whose declared type is neither 'undefined', 'void', nor 'any' must return a value.
-functionsMissingReturnStatementsAndExpressions.ts(107,17): error TS2355: A function whose declared type is neither 'undefined', 'void', nor 'any' must return a value.
-functionsMissingReturnStatementsAndExpressions.ts(130,16): error TS2378: A 'get' accessor must return a value.
-functionsMissingReturnStatementsAndExpressions.ts(152,15): error TS18050: The value 'undefined' cannot be used here.
-functionsMissingReturnStatementsAndExpressions.ts(153,5): error TS1003: Identifier expected.
+functionsMissingReturnStatementsAndExpressions.ts(152,25): error TS1003: Identifier expected.
 
 
-==== functionsMissingReturnStatementsAndExpressions.ts (10 errors) ====
+==== functionsMissingReturnStatementsAndExpressions.ts (7 errors) ====
     function f1(): string {
                    ~~~~~~
 !!! error TS2355: A function whose declared type is neither 'undefined', 'void', nor 'any' must return a value.
@@ -130,8 +127,6 @@
     }
     
     function f23(): undefined | number {
-                    ~~~~~~~~~~~~~~~~~~
-!!! error TS2355: A function whose declared type is neither 'undefined', 'void', nor 'any' must return a value.
         // Error; because `undefined | number` becomes `number` without strictNullChecks.
     }
     
@@ -155,8 +150,6 @@
     
     class C {
         public get m1() {
-                   ~~
-!!! error TS2378: A 'get' accessor must return a value.
             // Errors; get accessors must return a value.
         }
     
@@ -179,9 +172,7 @@
             // if no return statements are present but we are a get accessor.
             throw null;
             throw undefined.
-                  ~~~~~~~~~
-!!! error TS18050: The value 'undefined' cannot be used here.
-        }
-        ~
+                            
 !!! error TS1003: Identifier expected.
+        }
     }

</message>
<stacktrace>
  at org.junit.Assert.fail(Assert.java:89)
  at kotlin.test.junit.JUnitAsserter.fail(JUnitSupport.kt:56)
  at kotlin.test.AssertionsKt__AssertionsKt.fail(Assertions.kt:563)
  at kotlin.test.AssertionsKt.fail(Unknown Source)
  at com.xemantic.kotlin.test.SameAsKt.sameAs(SameAs.kt:52)
  at com.xemantic.typescript.compiler.TypeScriptTestSupportKt.errorsMatchBaseline(TypeScriptTestSupport.kt:135)
  at com.xemantic.typescript.compiler.TypeScriptCompilerTests_F.functionsMissingReturnStatementsAndExpressions_ts__target_es2015__has expected errors matching baseline(TypeScriptCompilerTests_F.kt:2093)
  at java.base/jdk.internal.reflect.DirectMethodHandleAccessor.invoke(DirectMethodHandleAccessor.java:104)
  at java.base/java.lang.reflect.Method.invoke(Method.java:565)
  at org.junit.runners.model.FrameworkMethod$1.runReflectiveCall(FrameworkMethod.java:59)
  at org.junit.internal.runners.model.ReflectiveCallable.run(ReflectiveCallable.java:12)
  at org.junit.runners.model.FrameworkMethod.invokeExplosively(FrameworkMethod.java:56)
  at org.junit.internal.runners.statements.InvokeMethod.evaluate(InvokeMethod.java:17)
  at org.junit.runners.ParentRunner$3.evaluate(ParentRunner.java:306)
  at org.junit.runners.BlockJUnit4ClassRunner$1.evaluate(BlockJUnit4ClassRunner.java:100)
  at org.junit.runners.ParentRunner.runLeaf(ParentRunner.java:366)
  at org.junit.runners.BlockJUnit4ClassRunner.runChild(BlockJUnit4ClassRunner.java:103)
  at org.junit.runners.BlockJUnit4ClassRunner.runChild(BlockJUnit4ClassRunner.java:63)
  at org.junit.runners.ParentRunner$4.run(ParentRunner.java:331)
  at org.junit.runners.ParentRunner$1.schedule(ParentRunner.java:79)
  at org.junit.runners.ParentRunner.runChildren(ParentRunner.java:329)
  at org.junit.runners.ParentRunner.access$100(ParentRunner.java:66)
  at org.junit.runners.ParentRunner$2.evaluate(ParentRunner.java:293)
  at org.junit.runners.ParentRunner$3.evaluate(ParentRunner.java:306)
  at org.junit.runners.ParentRunner.run(ParentRunner.java:413)
  at org.junit.runner.JUnitCore.run(JUnitCore.java:137)
  at org.junit.runner.JUnitCore.run(JUnitCore.java:115)
  at org.gradle.api.internal.tasks.testing.junit.JUnitTestExecutor.runRequest(JUnitTestExecutor.java:175)
  at org.gradle.api.internal.tasks.testing.junit.JUnitTestExecutor.accept(JUnitTestExecutor.java:84)
  at org.gradle.api.internal.tasks.testing.junit.JUnitTestExecutor.accept(JUnitTestExecutor.java:47)
  at org.gradle.api.internal.tasks.testing.junit.AbstractJUnitTestDefinitionProcessor.processTestDefinition(AbstractJUnitTestDefinitionProcessor.java:65)
  at org.gradle.api.internal.tasks.testing.SuiteTestDefinitionProcessor.processTestDefinition(SuiteTestDefinitionProcessor.java:54)
  at java.base/jdk.internal.reflect.DirectMethodHandleAccessor.invoke(DirectMethodHandleAccessor.java:104)
  at java.base/java.lang.reflect.Method.invoke(Method.java:565)
  at org.gradle.internal.dispatch.MethodInvocation.invokeOn(MethodInvocation.java:77)
  at org.gradle.internal.dispatch.ReflectionDispatch.dispatch(ReflectionDispatch.java:28)
  at org.gradle.internal.dispatch.ReflectionDispatch.dispatch(ReflectionDispatch.java:19)
  at org.gradle.internal.dispatch.ContextClassLoaderDispatch.dispatch(ContextClassLoaderDispatch.java:33)
  at org.gradle.internal.dispatch.ProxyDispatchAdapter$DispatchingInvocationHandler.invoke(ProxyDispatchAdapter.java:88)
  at jdk.proxy1/jdk.proxy1.$Proxy4.processTestDefinition(Unknown Source)
  at org.gradle.api.internal.tasks.testing.worker.TestWorker$2.run(TestWorker.java:178)
  at org.gradle.api.internal.tasks.testing.worker.TestWorker.executeAndMaintainThreadName(TestWorker.java:126)
  at org.gradle.api.internal.tasks.testing.worker.TestWorker.execute(TestWorker.java:103)
  at org.gradle.api.internal.tasks.testing.worker.TestWorker.execute(TestWorker.java:63)
  at org.gradle.process.internal.worker.child.ActionExecutionWorker.execute(ActionExecutionWorker.java:56)
  at org.gradle.process.internal.worker.child.SystemApplicationClassLoaderWorker.call(SystemApplicationClassLoaderWorker.java:122)
  at org.gradle.process.internal.worker.child.SystemApplicationClassLoaderWorker.call(SystemApplicationClassLoaderWorker.java:72)
  at worker.org.gradle.process.internal.worker.GradleWorkerMain.run(GradleWorkerMain.java:69)
  at worker.org.gradle.process.internal.worker.GradleWorkerMain.main(GradleWorkerMain.java:74)
</stacktrace>
</test-failure>


TypeScriptCompilerTests_F[jvm] > functionsMissingReturnStatementsAndExpressions_ts__target_es2015__has expected errors matching baseline[jvm] FAILED

<test-failure test="com.xemantic.typescript.compiler.TypeScriptCompilerTests_F.fileReferencesWithNoExtensions_ts compiles to JavaScript matching fileReferencesWithNoExtensions_js" platform="jvm">
<message>
--- expected
+++ actual
@@ -17,12 +17,10 @@
 //// [c.ts]
 var cc = 1;
 
-//// [a.js]
-"use strict";
-var aa = 1;
-//// [c.js]
-"use strict";
-var cc = 1;
+//// [c.d.ts]
+declare var xx: number;
+
+
 //// [t.js]
 "use strict";
 /// <reference path="a"/>
@@ -31,3 +29,9 @@
 var a = aa; // Check that a.ts is referenced
 var b = bb; // Check that b.d.ts is referenced
 var c = cc; // Check that c.ts has precedence over c.d.ts
+//// [a.js]
+"use strict";
+var aa = 1;
+//// [c.js]
+"use strict";
+var cc = 1;

</message>
<stacktrace>
  at org.junit.Assert.fail(Assert.java:89)
  at kotlin.test.junit.JUnitAsserter.fail(JUnitSupport.kt:56)
  at kotlin.test.AssertionsKt__AssertionsKt.fail(Assertions.kt:563)
  at kotlin.test.AssertionsKt.fail(Unknown Source)
  at com.xemantic.kotlin.test.SameAsKt.sameAs(SameAs.kt:52)
  at com.xemantic.typescript.compiler.TypeScriptTestSupportKt.sameAs(TypeScriptTestSupport.kt:99)
  at com.xemantic.typescript.compiler.TypeScriptCompilerTests_F.fileReferencesWithNoExtensions_ts compiles to JavaScript matching fileReferencesWithNoExtensions_js(TypeScriptCompilerTests_F.kt:266)
  at java.base/jdk.internal.reflect.DirectMethodHandleAccessor.invoke(DirectMethodHandleAccessor.java:104)
  at java.base/java.lang.reflect.Method.invoke(Method.java:565)
  at org.junit.runners.model.FrameworkMethod$1.runReflectiveCall(FrameworkMethod.java:59)
  at org.junit.internal.runners.model.ReflectiveCallable.run(ReflectiveCallable.java:12)
  at org.junit.runners.model.FrameworkMethod.invokeExplosively(FrameworkMethod.java:56)
  at org.junit.internal.runners.statements.InvokeMethod.evaluate(InvokeMethod.java:17)
  at org.junit.runners.ParentRunner$3.evaluate(ParentRunner.java:306)
  at org.junit.runners.BlockJUnit4ClassRunner$1.evaluate(BlockJUnit4ClassRunner.java:100)
  at org.junit.runners.ParentRunner.runLeaf(ParentRunner.java:366)
  at org.junit.runners.BlockJUnit4ClassRunner.runChild(BlockJUnit4ClassRunner.java:103)
  at org.junit.runners.BlockJUnit4ClassRunner.runChild(BlockJUnit4ClassRunner.java:63)
  at org.junit.runners.ParentRunner$4.run(ParentRunner.java:331)
  at org.junit.runners.ParentRunner$1.schedule(ParentRunner.java:79)
  at org.junit.runners.ParentRunner.runChildren(ParentRunner.java:329)
  at org.junit.runners.ParentRunner.access$100(ParentRunner.java:66)
  at org.junit.runners.ParentRunner$2.evaluate(ParentRunner.java:293)
  at org.junit.runners.ParentRunner$3.evaluate(ParentRunner.java:306)
  at org.junit.runners.ParentRunner.run(ParentRunner.java:413)
  at org.junit.runner.JUnitCore.run(JUnitCore.java:137)
  at org.junit.runner.JUnitCore.run(JUnitCore.java:115)
  at org.gradle.api.internal.tasks.testing.junit.JUnitTestExecutor.runRequest(JUnitTestExecutor.java:175)
  at org.gradle.api.internal.tasks.testing.junit.JUnitTestExecutor.accept(JUnitTestExecutor.java:84)
  at org.gradle.api.internal.tasks.testing.junit.JUnitTestExecutor.accept(JUnitTestExecutor.java:47)
  at org.gradle.api.internal.tasks.testing.junit.AbstractJUnitTestDefinitionProcessor.processTestDefinition(AbstractJUnitTestDefinitionProcessor.java:65)
  at org.gradle.api.internal.tasks.testing.SuiteTestDefinitionProcessor.processTestDefinition(SuiteTestDefinitionProcessor.java:54)
  at java.base/jdk.internal.reflect.DirectMethodHandleAccessor.invoke(DirectMethodHandleAccessor.java:104)
  at java.base/java.lang.reflect.Method.invoke(Method.java:565)
  at org.gradle.internal.dispatch.MethodInvocation.invokeOn(MethodInvocation.java:77)
  at org.gradle.internal.dispatch.ReflectionDispatch.dispatch(ReflectionDispatch.java:28)
  at org.gradle.internal.dispatch.ReflectionDispatch.dispatch(ReflectionDispatch.java:19)
  at org.gradle.internal.dispatch.ContextClassLoaderDispatch.dispatch(ContextClassLoaderDispatch.java:33)
  at org.gradle.internal.dispatch.ProxyDispatchAdapter$DispatchingInvocationHandler.invoke(ProxyDispatchAdapter.java:88)
  at jdk.proxy1/jdk.proxy1.$Proxy4.processTestDefinition(Unknown Source)
  at org.gradle.api.internal.tasks.testing.worker.TestWorker$2.run(TestWorker.java:178)
  at org.gradle.api.internal.tasks.testing.worker.TestWorker.executeAndMaintainThreadName(TestWorker.java:126)
  at org.gradle.api.internal.tasks.testing.worker.TestWorker.execute(TestWorker.java:103)
  at org.gradle.api.internal.tasks.testing.worker.TestWorker.execute(TestWorker.java:63)
  at org.gradle.process.internal.worker.child.ActionExecutionWorker.execute(ActionExecutionWorker.java:56)
  at org.gradle.process.internal.worker.child.SystemApplicationClassLoaderWorker.call(SystemApplicationClassLoaderWorker.java:122)
  at org.gradle.process.internal.worker.child.SystemApplicationClassLoaderWorker.call(SystemApplicationClassLoaderWorker.java:72)
  at worker.org.gradle.process.internal.worker.GradleWorkerMain.run(GradleWorkerMain.java:69)
  at worker.org.gradle.process.internal.worker.GradleWorkerMain.main(GradleWorkerMain.java:74)
</stacktrace>
</test-failure>


TypeScriptCompilerTests_F[jvm] > fileReferencesWithNoExtensions_ts compiles to JavaScript matching fileReferencesWithNoExtensions_js[jvm] FAILED

<test-failure test="com.xemantic.typescript.compiler.TypeScriptCompilerTests_F.functionExpressionShadowedByParams_ts has expected errors matching functionExpressionShadowedByParams_errors_txt" platform="jvm">
<message>
Expected diagnostics from baseline typescript-repo/tests/baselines/reference/functionExpressionShadowedByParams.errors.txt but none produced
</message>
<stacktrace>
  at com.xemantic.typescript.compiler.TypeScriptTestSupportKt.errorsMatchBaseline(TypeScriptTestSupport.kt:125)
  at com.xemantic.typescript.compiler.TypeScriptCompilerTests_F.functionExpressionShadowedByParams_ts has expected errors matching functionExpressionShadowedByParams_errors_txt(TypeScriptCompilerTests_F.kt:1155)
  at java.base/jdk.internal.reflect.DirectMethodHandleAccessor.invoke(DirectMethodHandleAccessor.java:104)
  at java.base/java.lang.reflect.Method.invoke(Method.java:565)
  at org.junit.runners.model.FrameworkMethod$1.runReflectiveCall(FrameworkMethod.java:59)
  at org.junit.internal.runners.model.ReflectiveCallable.run(ReflectiveCallable.java:12)
  at org.junit.runners.model.FrameworkMethod.invokeExplosively(FrameworkMethod.java:56)
  at org.junit.internal.runners.statements.InvokeMethod.evaluate(InvokeMethod.java:17)
  at org.junit.runners.ParentRunner$3.evaluate(ParentRunner.java:306)
  at org.junit.runners.BlockJUnit4ClassRunner$1.evaluate(BlockJUnit4ClassRunner.java:100)
  at org.junit.runners.ParentRunner.runLeaf(ParentRunner.java:366)
  at org.junit.runners.BlockJUnit4ClassRunner.runChild(BlockJUnit4ClassRunner.java:103)
  at org.junit.runners.BlockJUnit4ClassRunner.runChild(BlockJUnit4ClassRunner.java:63)
  at org.junit.runners.ParentRunner$4.run(ParentRunner.java:331)
  at org.junit.runners.ParentRunner$1.schedule(ParentRunner.java:79)
  at org.junit.runners.ParentRunner.runChildren(ParentRunner.java:329)
  at org.junit.runners.ParentRunner.access$100(ParentRunner.java:66)
  at org.junit.runners.ParentRunner$2.evaluate(ParentRunner.java:293)
  at org.junit.runners.ParentRunner$3.evaluate(ParentRunner.java:306)
  at org.junit.runners.ParentRunner.run(ParentRunner.java:413)
  at org.junit.runner.JUnitCore.run(JUnitCore.java:137)
  at org.junit.runner.JUnitCore.run(JUnitCore.java:115)
  at org.gradle.api.internal.tasks.testing.junit.JUnitTestExecutor.runRequest(JUnitTestExecutor.java:175)
  at org.gradle.api.internal.tasks.testing.junit.JUnitTestExecutor.accept(JUnitTestExecutor.java:84)
  at org.gradle.api.internal.tasks.testing.junit.JUnitTestExecutor.accept(JUnitTestExecutor.java:47)
  at org.gradle.api.internal.tasks.testing.junit.AbstractJUnitTestDefinitionProcessor.processTestDefinition(AbstractJUnitTestDefinitionProcessor.java:65)
  at org.gradle.api.internal.tasks.testing.SuiteTestDefinitionProcessor.processTestDefinition(SuiteTestDefinitionProcessor.java:54)
  at java.base/jdk.internal.reflect.DirectMethodHandleAccessor.invoke(DirectMethodHandleAccessor.java:104)
  at java.base/java.lang.reflect.Method.invoke(Method.java:565)
  at org.gradle.internal.dispatch.MethodInvocation.invokeOn(MethodInvocation.java:77)
  at org.gradle.internal.dispatch.ReflectionDispatch.dispatch(ReflectionDispatch.java:28)
  at org.gradle.internal.dispatch.ReflectionDispatch.dispatch(ReflectionDispatch.java:19)
  at org.gradle.internal.dispatch.ContextClassLoaderDispatch.dispatch(ContextClassLoaderDispatch.java:33)
  at org.gradle.internal.dispatch.ProxyDispatchAdapter$DispatchingInvocationHandler.invoke(ProxyDispatchAdapter.java:88)
  at jdk.proxy1/jdk.proxy1.$Proxy4.processTestDefinition(Unknown Source)
  at org.gradle.api.internal.tasks.testing.worker.TestWorker$2.run(TestWorker.java:178)
  at org.gradle.api.internal.tasks.testing.worker.TestWorker.executeAndMaintainThreadName(TestWorker.java:126)
  at org.gradle.api.internal.tasks.testing.worker.TestWorker.execute(TestWorker.java:103)
  at org.gradle.api.internal.tasks.testing.worker.TestWorker.execute(TestWorker.java:63)
  at org.gradle.process.internal.worker.child.ActionExecutionWorker.execute(ActionExecutionWorker.java:56)
  at org.gradle.process.internal.worker.child.SystemApplicationClassLoaderWorker.call(SystemApplicationClassLoaderWorker.java:122)
  at org.gradle.process.internal.worker.child.SystemApplicationClassLoaderWorker.call(SystemApplicationClassLoaderWorker.java:72)
  at worker.org.gradle.process.internal.worker.GradleWorkerMain.run(GradleWorkerMain.java:69)
  at worker.org.gradle.process.internal.worker.GradleWorkerMain.main(GradleWorkerMain.java:74)
</stacktrace>
</test-failure>


TypeScriptCompilerTests_F[jvm] > functionExpressionShadowedByParams_ts has expected errors matching functionExpressionShadowedByParams_errors_txt[jvm] FAILED

<test-failure test="com.xemantic.typescript.compiler.TypeScriptCompilerTests_F.fixTypeParameterInSignatureWithRestParameters_ts has expected errors matching fixTypeParameterInSignatureWithRestParameters_errors_txt" platform="jvm">
<message>
Expected diagnostics from baseline typescript-repo/tests/baselines/reference/fixTypeParameterInSignatureWithRestParameters.errors.txt but none produced
</message>
<stacktrace>
  at com.xemantic.typescript.compiler.TypeScriptTestSupportKt.errorsMatchBaseline(TypeScriptTestSupport.kt:125)
  at com.xemantic.typescript.compiler.TypeScriptCompilerTests_F.fixTypeParameterInSignatureWithRestParameters_ts has expected errors matching fixTypeParameterInSignatureWithRestParameters_errors_txt(TypeScriptCompilerTests_F.kt:392)
  at java.base/jdk.internal.reflect.DirectMethodHandleAccessor.invoke(DirectMethodHandleAccessor.java:104)
  at java.base/java.lang.reflect.Method.invoke(Method.java:565)
  at org.junit.runners.model.FrameworkMethod$1.runReflectiveCall(FrameworkMethod.java:59)
  at org.junit.internal.runners.model.ReflectiveCallable.run(ReflectiveCallable.java:12)
  at org.junit.runners.model.FrameworkMethod.invokeExplosively(FrameworkMethod.java:56)
  at org.junit.internal.runners.statements.InvokeMethod.evaluate(InvokeMethod.java:17)
  at org.junit.runners.ParentRunner$3.evaluate(ParentRunner.java:306)
  at org.junit.runners.BlockJUnit4ClassRunner$1.evaluate(BlockJUnit4ClassRunner.java:100)
  at org.junit.runners.ParentRunner.runLeaf(ParentRunner.java:366)
  at org.junit.runners.BlockJUnit4ClassRunner.runChild(BlockJUnit4ClassRunner.java:103)
  at org.junit.runners.BlockJUnit4ClassRunner.runChild(BlockJUnit4ClassRunner.java:63)
  at org.junit.runners.ParentRunner$4.run(ParentRunner.java:331)
  at org.junit.runners.ParentRunner$1.schedule(ParentRunner.java:79)
  at org.junit.runners.ParentRunner.runChildren(ParentRunner.java:329)
  at org.junit.runners.ParentRunner.access$100(ParentRunner.java:66)
  at org.junit.runners.ParentRunner$2.evaluate(ParentRunner.java:293)
  at org.junit.runners.ParentRunner$3.evaluate(ParentRunner.java:306)
  at org.junit.runners.ParentRunner.run(ParentRunner.java:413)
  at org.junit.runner.JUnitCore.run(JUnitCore.java:137)
  at org.junit.runner.JUnitCore.run(JUnitCore.java:115)
  at org.gradle.api.internal.tasks.testing.junit.JUnitTestExecutor.runRequest(JUnitTestExecutor.java:175)
  at org.gradle.api.internal.tasks.testing.junit.JUnitTestExecutor.accept(JUnitTestExecutor.java:84)
  at org.gradle.api.internal.tasks.testing.junit.JUnitTestExecutor.accept(JUnitTestExecutor.java:47)
  at org.gradle.api.internal.tasks.testing.junit.AbstractJUnitTestDefinitionProcessor.processTestDefinition(AbstractJUnitTestDefinitionProcessor.java:65)
  at org.gradle.api.internal.tasks.testing.SuiteTestDefinitionProcessor.processTestDefinition(SuiteTestDefinitionProcessor.java:54)
  at java.base/jdk.internal.reflect.DirectMethodHandleAccessor.invoke(DirectMethodHandleAccessor.java:104)
  at java.base/java.lang.reflect.Method.invoke(Method.java:565)
  at org.gradle.internal.dispatch.MethodInvocation.invokeOn(MethodInvocation.java:77)
  at org.gradle.internal.dispatch.ReflectionDispatch.dispatch(ReflectionDispatch.java:28)
  at org.gradle.internal.dispatch.ReflectionDispatch.dispatch(ReflectionDispatch.java:19)
  at org.gradle.internal.dispatch.ContextClassLoaderDispatch.dispatch(ContextClassLoaderDispatch.java:33)
  at org.gradle.internal.dispatch.ProxyDispatchAdapter$DispatchingInvocationHandler.invoke(ProxyDispatchAdapter.java:88)
  at jdk.proxy1/jdk.proxy1.$Proxy4.processTestDefinition(Unknown Source)
  at org.gradle.api.internal.tasks.testing.worker.TestWorker$2.run(TestWorker.java:178)
  at org.gradle.api.internal.tasks.testing.worker.TestWorker.executeAndMaintainThreadName(TestWorker.java:126)
  at org.gradle.api.internal.tasks.testing.worker.TestWorker.execute(TestWorker.java:103)
  at org.gradle.api.internal.tasks.testing.worker.TestWorker.execute(TestWorker.java:63)
  at org.gradle.process.internal.worker.child.ActionExecutionWorker.execute(ActionExecutionWorker.java:56)
  at org.gradle.process.internal.worker.child.SystemApplicationClassLoaderWorker.call(SystemApplicationClassLoaderWorker.java:122)
  at org.gradle.process.internal.worker.child.SystemApplicationClassLoaderWorker.call(SystemApplicationClassLoaderWorker.java:72)
  at worker.org.gradle.process.internal.worker.GradleWorkerMain.run(GradleWorkerMain.java:69)
  at worker.org.gradle.process.internal.worker.GradleWorkerMain.main(GradleWorkerMain.java:74)
</stacktrace>
</test-failure>


TypeScriptCompilerTests_F[jvm] > fixTypeParameterInSignatureWithRestParameters_ts has expected errors matching fixTypeParameterInSignatureWithRestParameters_errors_txt[jvm] FAILED

<test-failure test="com.xemantic.typescript.compiler.TypeScriptCompilerTests_F.fillInMissingTypeArgsOnJSConstructCalls_ts has expected errors matching fillInMissingTypeArgsOnJSConstructCalls_errors_txt" platform="jvm">
<message>
--- expected
+++ actual
@@ -1,10 +1,11 @@
-BaseB.js(2,24): error TS8004: Type parameter declarations can only be used in TypeScript files.
-BaseB.js(2,25): error TS1005: ',' expected.
+BaseB.js(2,23): error TS1005: '{' expected.
+BaseB.js(2,27): error TS8010: Type annotations can only be used in TypeScript files.
 BaseB.js(3,14): error TS2304: Cannot find name 'Class'.
 BaseB.js(3,14): error TS8010: Type annotations can only be used in TypeScript files.
+BaseB.js(3,20): error TS2304: Cannot find name 'T'.
 BaseB.js(4,25): error TS2304: Cannot find name 'Class'.
 BaseB.js(4,25): error TS8010: Type annotations can only be used in TypeScript files.
-SubB.js(3,41): error TS8011: Type arguments can only be used in TypeScript files.
+BaseB.js(4,31): error TS2304: Cannot find name 'T'.
 
 
 ==== BaseA.js (0 errors) ====
@@ -14,32 +15,34 @@
     import BaseA from './BaseA';
     export default class SubA extends BaseA {
     }
-==== BaseB.js (6 errors) ====
+==== BaseB.js (8 errors) ====
     import BaseA from './BaseA';
     export default class B<T: BaseA> {
-                           ~~~~~~~~
-!!! error TS8004: Type parameter declarations can only be used in TypeScript files.
-                            ~
-!!! error TS1005: ',' expected.
+                          ~
+!!! error TS1005: '{' expected.
+                              ~~~~~~
+!!! error TS8010: Type annotations can only be used in TypeScript files.
         _AClass: Class<T>;
                  ~~~~~
 !!! error TS2304: Cannot find name 'Class'.
                  ~~~~~~~~
 !!! error TS8010: Type annotations can only be used in TypeScript files.
+                       ~
+!!! error TS2304: Cannot find name 'T'.
         constructor(AClass: Class<T>) {
                             ~~~~~
 !!! error TS2304: Cannot find name 'Class'.
                             ~~~~~~~~
 !!! error TS8010: Type annotations can only be used in TypeScript files.
+                                  ~
+!!! error TS2304: Cannot find name 'T'.
             this._AClass = AClass;
         }
     }
-==== SubB.js (1 errors) ====
+==== SubB.js (0 errors) ====
     import SubA from './SubA';
     import BaseB from './BaseB';
     export default class SubB extends BaseB<SubA> {
-                                            ~~~~
-!!! error TS8011: Type arguments can only be used in TypeScript files.
         constructor() {
             super(SubA);
         }

</message>
<stacktrace>
  at org.junit.Assert.fail(Assert.java:89)
  at kotlin.test.junit.JUnitAsserter.fail(JUnitSupport.kt:56)
  at kotlin.test.AssertionsKt__AssertionsKt.fail(Assertions.kt:563)
  at kotlin.test.AssertionsKt.fail(Unknown Source)
  at com.xemantic.kotlin.test.SameAsKt.sameAs(SameAs.kt:52)
  at com.xemantic.typescript.compiler.TypeScriptTestSupportKt.errorsMatchBaseline(TypeScriptTestSupport.kt:135)
  at com.xemantic.typescript.compiler.TypeScriptCompilerTests_F.fillInMissingTypeArgsOnJSConstructCalls_ts has expected errors matching fillInMissingTypeArgsOnJSConstructCalls_errors_txt(TypeScriptCompilerTests_F.kt:336)
  at java.base/jdk.internal.reflect.DirectMethodHandleAccessor.invoke(DirectMethodHandleAccessor.java:104)
  at java.base/java.lang.reflect.Method.invoke(Method.java:565)
  at org.junit.runners.model.FrameworkMethod$1.runReflectiveCall(FrameworkMethod.java:59)
  at org.junit.internal.runners.model.ReflectiveCallable.run(ReflectiveCallable.java:12)
  at org.junit.runners.model.FrameworkMethod.invokeExplosively(FrameworkMethod.java:56)
  at org.junit.internal.runners.statements.InvokeMethod.evaluate(InvokeMethod.java:17)
  at org.junit.runners.ParentRunner$3.evaluate(ParentRunner.java:306)
  at org.junit.runners.BlockJUnit4ClassRunner$1.evaluate(BlockJUnit4ClassRunner.java:100)
  at org.junit.runners.ParentRunner.runLeaf(ParentRunner.java:366)
  at org.junit.runners.BlockJUnit4ClassRunner.runChild(BlockJUnit4ClassRunner.java:103)
  at org.junit.runners.BlockJUnit4ClassRunner.runChild(BlockJUnit4ClassRunner.java:63)
  at org.junit.runners.ParentRunner$4.run(ParentRunner.java:331)
  at org.junit.runners.ParentRunner$1.schedule(ParentRunner.java:79)
  at org.junit.runners.ParentRunner.runChildren(ParentRunner.java:329)
  at org.junit.runners.ParentRunner.access$100(ParentRunner.java:66)
  at org.junit.runners.ParentRunner$2.evaluate(ParentRunner.java:293)
  at org.junit.runners.ParentRunner$3.evaluate(ParentRunner.java:306)
  at org.junit.runners.ParentRunner.run(ParentRunner.java:413)
  at org.junit.runner.JUnitCore.run(JUnitCore.java:137)
  at org.junit.runner.JUnitCore.run(JUnitCore.java:115)
  at org.gradle.api.internal.tasks.testing.junit.JUnitTestExecutor.runRequest(JUnitTestExecutor.java:175)
  at org.gradle.api.internal.tasks.testing.junit.JUnitTestExecutor.accept(JUnitTestExecutor.java:84)
  at org.gradle.api.internal.tasks.testing.junit.JUnitTestExecutor.accept(JUnitTestExecutor.java:47)
  at org.gradle.api.internal.tasks.testing.junit.AbstractJUnitTestDefinitionProcessor.processTestDefinition(AbstractJUnitTestDefinitionProcessor.java:65)
  at org.gradle.api.internal.tasks.testing.SuiteTestDefinitionProcessor.processTestDefinition(SuiteTestDefinitionProcessor.java:54)
  at java.base/jdk.internal.reflect.DirectMethodHandleAccessor.invoke(DirectMethodHandleAccessor.java:104)
  at java.base/java.lang.reflect.Method.invoke(Method.java:565)
  at org.gradle.internal.dispatch.MethodInvocation.invokeOn(MethodInvocation.java:77)
  at org.gradle.internal.dispatch.ReflectionDispatch.dispatch(ReflectionDispatch.java:28)
  at org.gradle.internal.dispatch.ReflectionDispatch.dispatch(ReflectionDispatch.java:19)
  at org.gradle.internal.dispatch.ContextClassLoaderDispatch.dispatch(ContextClassLoaderDispatch.java:33)
  at org.gradle.internal.dispatch.ProxyDispatchAdapter$DispatchingInvocationHandler.invoke(ProxyDispatchAdapter.java:88)
  at jdk.proxy1/jdk.proxy1.$Proxy4.processTestDefinition(Unknown Source)
  at org.gradle.api.internal.tasks.testing.worker.TestWorker$2.run(TestWorker.java:178)
  at org.gradle.api.internal.tasks.testing.worker.TestWorker.executeAndMaintainThreadName(TestWorker.java:126)
  at org.gradle.api.internal.tasks.testing.worker.TestWorker.execute(TestWorker.java:103)
  at org.gradle.api.internal.tasks.testing.worker.TestWorker.execute(TestWorker.java:63)
  at org.gradle.process.internal.worker.child.ActionExecutionWorker.execute(ActionExecutionWorker.java:56)
  at org.gradle.process.internal.worker.child.SystemApplicationClassLoaderWorker.call(SystemApplicationClassLoaderWorker.java:122)
  at org.gradle.process.internal.worker.child.SystemApplicationClassLoaderWorker.call(SystemApplicationClassLoaderWorker.java:72)
  at worker.org.gradle.process.internal.worker.GradleWorkerMain.run(GradleWorkerMain.java:69)
  at worker.org.gradle.process.internal.worker.GradleWorkerMain.main(GradleWorkerMain.java:74)
</stacktrace>
</test-failure>


TypeScriptCompilerTests_F[jvm] > fillInMissingTypeArgsOnJSConstructCalls_ts has expected errors matching fillInMissingTypeArgsOnJSConstructCalls_errors_txt[jvm] FAILED

<test-failure test="com.xemantic.typescript.compiler.TypeScriptCompilerTests_F.functionOverloads5_ts has expected errors matching functionOverloads5_errors_txt" platform="jvm">
<message>
Expected diagnostics from baseline typescript-repo/tests/baselines/reference/functionOverloads5.errors.txt but none produced
</message>
<stacktrace>
  at com.xemantic.typescript.compiler.TypeScriptTestSupportKt.errorsMatchBaseline(TypeScriptTestSupport.kt:125)
  at com.xemantic.typescript.compiler.TypeScriptCompilerTests_F.functionOverloads5_ts has expected errors matching functionOverloads5_errors_txt(TypeScriptCompilerTests_F.kt:1687)
  at java.base/jdk.internal.reflect.DirectMethodHandleAccessor.invoke(DirectMethodHandleAccessor.java:104)
  at java.base/java.lang.reflect.Method.invoke(Method.java:565)
  at org.junit.runners.model.FrameworkMethod$1.runReflectiveCall(FrameworkMethod.java:59)
  at org.junit.internal.runners.model.ReflectiveCallable.run(ReflectiveCallable.java:12)
  at org.junit.runners.model.FrameworkMethod.invokeExplosively(FrameworkMethod.java:56)
  at org.junit.internal.runners.statements.InvokeMethod.evaluate(InvokeMethod.java:17)
  at org.junit.runners.ParentRunner$3.evaluate(ParentRunner.java:306)
  at org.junit.runners.BlockJUnit4ClassRunner$1.evaluate(BlockJUnit4ClassRunner.java:100)
  at org.junit.runners.ParentRunner.runLeaf(ParentRunner.java:366)
  at org.junit.runners.BlockJUnit4ClassRunner.runChild(BlockJUnit4ClassRunner.java:103)
  at org.junit.runners.BlockJUnit4ClassRunner.runChild(BlockJUnit4ClassRunner.java:63)
  at org.junit.runners.ParentRunner$4.run(ParentRunner.java:331)
  at org.junit.runners.ParentRunner$1.schedule(ParentRunner.java:79)
  at org.junit.runners.ParentRunner.runChildren(ParentRunner.java:329)
  at org.junit.runners.ParentRunner.access$100(ParentRunner.java:66)
  at org.junit.runners.ParentRunner$2.evaluate(ParentRunner.java:293)
  at org.junit.runners.ParentRunner$3.evaluate(ParentRunner.java:306)
  at org.junit.runners.ParentRunner.run(ParentRunner.java:413)
  at org.junit.runner.JUnitCore.run(JUnitCore.java:137)
  at org.junit.runner.JUnitCore.run(JUnitCore.java:115)
  at org.gradle.api.internal.tasks.testing.junit.JUnitTestExecutor.runRequest(JUnitTestExecutor.java:175)
  at org.gradle.api.internal.tasks.testing.junit.JUnitTestExecutor.accept(JUnitTestExecutor.java:84)
  at org.gradle.api.internal.tasks.testing.junit.JUnitTestExecutor.accept(JUnitTestExecutor.java:47)
  at org.gradle.api.internal.tasks.testing.junit.AbstractJUnitTestDefinitionProcessor.processTestDefinition(AbstractJUnitTestDefinitionProcessor.java:65)
  at org.gradle.api.internal.tasks.testing.SuiteTestDefinitionProcessor.processTestDefinition(SuiteTestDefinitionProcessor.java:54)
  at java.base/jdk.internal.reflect.DirectMethodHandleAccessor.invoke(DirectMethodHandleAccessor.java:104)
  at java.base/java.lang.reflect.Method.invoke(Method.java:565)
  at org.gradle.internal.dispatch.MethodInvocation.invokeOn(MethodInvocation.java:77)
  at org.gradle.internal.dispatch.ReflectionDispatch.dispatch(ReflectionDispatch.java:28)
  at org.gradle.internal.dispatch.ReflectionDispatch.dispatch(ReflectionDispatch.java:19)
  at org.gradle.internal.dispatch.ContextClassLoaderDispatch.dispatch(ContextClassLoaderDispatch.java:33)
  at org.gradle.internal.dispatch.ProxyDispatchAdapter$DispatchingInvocationHandler.invoke(ProxyDispatchAdapter.java:88)
  at jdk.proxy1/jdk.proxy1.$Proxy4.processTestDefinition(Unknown Source)
  at org.gradle.api.internal.tasks.testing.worker.TestWorker$2.run(TestWorker.java:178)
  at org.gradle.api.internal.tasks.testing.worker.TestWorker.executeAndMaintainThreadName(TestWorker.java:126)
  at org.gradle.api.internal.tasks.testing.worker.TestWorker.execute(TestWorker.java:103)
  at org.gradle.api.internal.tasks.testing.worker.TestWorker.execute(TestWorker.java:63)
  at org.gradle.process.internal.worker.child.ActionExecutionWorker.execute(ActionExecutionWorker.java:56)
  at org.gradle.process.internal.worker.child.SystemApplicationClassLoaderWorker.call(SystemApplicationClassLoaderWorker.java:122)
  at org.gradle.process.internal.worker.child.SystemApplicationClassLoaderWorker.call(SystemApplicationClassLoaderWorker.java:72)
  at worker.org.gradle.process.internal.worker.GradleWorkerMain.run(GradleWorkerMain.java:69)
  at worker.org.gradle.process.internal.worker.GradleWorkerMain.main(GradleWorkerMain.java:74)
</stacktrace>
</test-failure>


TypeScriptCompilerTests_F[jvm] > functionOverloads5_ts has expected errors matching functionOverloads5_errors_txt[jvm] FAILED

<test-failure test="com.xemantic.typescript.compiler.TypeScriptCompilerTests_F.fatarrowfunctionsOptionalArgsErrors2_ts has expected errors matching fatarrowfunctionsOptionalArgsErrors2_errors_txt" platform="jvm">
<message>
--- expected
+++ actual
@@ -1,70 +1,52 @@
-fatarrowfunctionsOptionalArgsErrors2.ts(1,12): error TS2304: Cannot find name 'a'.
-fatarrowfunctionsOptionalArgsErrors2.ts(1,12): error TS2695: Left side of comma operator is unused and has no side effects.
-fatarrowfunctionsOptionalArgsErrors2.ts(1,16): error TS2304: Cannot find name 'b'.
+fatarrowfunctionsOptionalArgsErrors2.ts(1,15): error TS1003: Identifier expected.
 fatarrowfunctionsOptionalArgsErrors2.ts(1,16): error TS2695: Left side of comma operator is unused and has no side effects.
-fatarrowfunctionsOptionalArgsErrors2.ts(1,19): error TS2304: Cannot find name 'c'.
-fatarrowfunctionsOptionalArgsErrors2.ts(1,23): error TS1005: ';' expected.
+fatarrowfunctionsOptionalArgsErrors2.ts(1,21): error TS1109: Expression expected.
+fatarrowfunctionsOptionalArgsErrors2.ts(1,23): error TS1109: Expression expected.
 fatarrowfunctionsOptionalArgsErrors2.ts(1,26): error TS2304: Cannot find name 'a'.
-fatarrowfunctionsOptionalArgsErrors2.ts(1,28): error TS2304: Cannot find name 'b'.
-fatarrowfunctionsOptionalArgsErrors2.ts(1,30): error TS2304: Cannot find name 'c'.
-fatarrowfunctionsOptionalArgsErrors2.ts(2,12): error TS2695: Left side of comma operator is unused and has no side effects.
-fatarrowfunctionsOptionalArgsErrors2.ts(2,12): error TS2695: Left side of comma operator is unused and has no side effects.
+fatarrowfunctionsOptionalArgsErrors2.ts(2,12): error TS1003: Identifier expected.
 fatarrowfunctionsOptionalArgsErrors2.ts(2,13): error TS2304: Cannot find name 'a'.
-fatarrowfunctionsOptionalArgsErrors2.ts(2,17): error TS2304: Cannot find name 'b'.
-fatarrowfunctionsOptionalArgsErrors2.ts(2,20): error TS2304: Cannot find name 'c'.
-fatarrowfunctionsOptionalArgsErrors2.ts(2,23): error TS1005: ';' expected.
+fatarrowfunctionsOptionalArgsErrors2.ts(2,21): error TS1109: Expression expected.
+fatarrowfunctionsOptionalArgsErrors2.ts(2,23): error TS1109: Expression expected.
 fatarrowfunctionsOptionalArgsErrors2.ts(2,26): error TS2304: Cannot find name 'a'.
-fatarrowfunctionsOptionalArgsErrors2.ts(2,28): error TS2304: Cannot find name 'b'.
-fatarrowfunctionsOptionalArgsErrors2.ts(2,30): error TS2304: Cannot find name 'c'.
+fatarrowfunctionsOptionalArgsErrors2.ts(4,12): error TS1003: Identifier expected.
 fatarrowfunctionsOptionalArgsErrors2.ts(4,13): error TS2304: Cannot find name 'a'.
-fatarrowfunctionsOptionalArgsErrors2.ts(4,17): error TS1005: ';' expected.
+fatarrowfunctionsOptionalArgsErrors2.ts(4,15): error TS1109: Expression expected.
+fatarrowfunctionsOptionalArgsErrors2.ts(4,17): error TS1109: Expression expected.
 fatarrowfunctionsOptionalArgsErrors2.ts(4,20): error TS2304: Cannot find name 'a'.
 
 
-==== fatarrowfunctionsOptionalArgsErrors2.ts (21 errors) ====
+==== fatarrowfunctionsOptionalArgsErrors2.ts (15 errors) ====
     var tt1 = (a, (b, c)) => a+b+c;
-               ~
-!!! error TS2304: Cannot find name 'a'.
-               ~
-!!! error TS2695: Left side of comma operator is unused and has no side effects.
+                  ~
+!!! error TS1003: Identifier expected.
                    ~
-!!! error TS2304: Cannot find name 'b'.
-                   ~
 !!! error TS2695: Left side of comma operator is unused and has no side effects.
-                      ~
-!!! error TS2304: Cannot find name 'c'.
+                        ~
+!!! error TS1109: Expression expected.
                           ~~
-!!! error TS1005: ';' expected.
+!!! error TS1109: Expression expected.
                              ~
 !!! error TS2304: Cannot find name 'a'.
-                               ~
-!!! error TS2304: Cannot find name 'b'.
-                                 ~
-!!! error TS2304: Cannot find name 'c'.
     var tt2 = ((a), b, c) => a+b+c;
-               ~~~
-!!! error TS2695: Left side of comma operator is unused and has no side effects.
-               ~~~~~~
-!!! error TS2695: Left side of comma operator is unused and has no side effects.
+               ~
+!!! error TS1003: Identifier expected.
                 ~
 !!! error TS2304: Cannot find name 'a'.
-                    ~
-!!! error TS2304: Cannot find name 'b'.
-                       ~
-!!! error TS2304: Cannot find name 'c'.
+                        ~
+!!! error TS1109: Expression expected.
                           ~~
-!!! error TS1005: ';' expected.
+!!! error TS1109: Expression expected.
                              ~
 !!! error TS2304: Cannot find name 'a'.
-                               ~
-!!! error TS2304: Cannot find name 'b'.
-                                 ~
-!!! error TS2304: Cannot find name 'c'.
     
     var tt3 = ((a)) => a;
+               ~
+!!! error TS1003: Identifier expected.
                 ~
 !!! error TS2304: Cannot find name 'a'.
+                  ~
+!!! error TS1109: Expression expected.
                     ~~
-!!! error TS1005: ';' expected.
+!!! error TS1109: Expression expected.
                        ~
 !!! error TS2304: Cannot find name 'a'.

</message>
<stacktrace>
  at org.junit.Assert.fail(Assert.java:89)
  at kotlin.test.junit.JUnitAsserter.fail(JUnitSupport.kt:56)
  at kotlin.test.AssertionsKt__AssertionsKt.fail(Assertions.kt:563)
  at kotlin.test.AssertionsKt.fail(Unknown Source)
  at com.xemantic.kotlin.test.SameAsKt.sameAs(SameAs.kt:52)
  at com.xemantic.typescript.compiler.TypeScriptTestSupportKt.errorsMatchBaseline(TypeScriptTestSupport.kt:135)
  at com.xemantic.typescript.compiler.TypeScriptCompilerTests_F.fatarrowfunctionsOptionalArgsErrors2_ts has expected errors matching fatarrowfunctionsOptionalArgsErrors2_errors_txt(TypeScriptCompilerTests_F.kt:217)
  at java.base/jdk.internal.reflect.DirectMethodHandleAccessor.invoke(DirectMethodHandleAccessor.java:104)
  at java.base/java.lang.reflect.Method.invoke(Method.java:565)
  at org.junit.runners.model.FrameworkMethod$1.runReflectiveCall(FrameworkMethod.java:59)
  at org.junit.internal.runners.model.ReflectiveCallable.run(ReflectiveCallable.java:12)
  at org.junit.runners.model.FrameworkMethod.invokeExplosively(FrameworkMethod.java:56)
  at org.junit.internal.runners.statements.InvokeMethod.evaluate(InvokeMethod.java:17)
  at org.junit.runners.ParentRunner$3.evaluate(ParentRunner.java:306)
  at org.junit.runners.BlockJUnit4ClassRunner$1.evaluate(BlockJUnit4ClassRunner.java:100)
  at org.junit.runners.ParentRunner.runLeaf(ParentRunner.java:366)
  at org.junit.runners.BlockJUnit4ClassRunner.runChild(BlockJUnit4ClassRunner.java:103)
  at org.junit.runners.BlockJUnit4ClassRunner.runChild(BlockJUnit4ClassRunner.java:63)
  at org.junit.runners.ParentRunner$4.run(ParentRunner.java:331)
  at org.junit.runners.ParentRunner$1.schedule(ParentRunner.java:79)
  at org.junit.runners.ParentRunner.runChildren(ParentRunner.java:329)
  at org.junit.runners.ParentRunner.access$100(ParentRunner.java:66)
  at org.junit.runners.ParentRunner$2.evaluate(ParentRunner.java:293)
  at org.junit.runners.ParentRunner$3.evaluate(ParentRunner.java:306)
  at org.junit.runners.ParentRunner.run(ParentRunner.java:413)
  at org.junit.runner.JUnitCore.run(JUnitCore.java:137)
  at org.junit.runner.JUnitCore.run(JUnitCore.java:115)
  at org.gradle.api.internal.tasks.testing.junit.JUnitTestExecutor.runRequest(JUnitTestExecutor.java:175)
  at org.gradle.api.internal.tasks.testing.junit.JUnitTestExecutor.accept(JUnitTestExecutor.java:84)
  at org.gradle.api.internal.tasks.testing.junit.JUnitTestExecutor.accept(JUnitTestExecutor.java:47)
  at org.gradle.api.internal.tasks.testing.junit.AbstractJUnitTestDefinitionProcessor.processTestDefinition(AbstractJUnitTestDefinitionProcessor.java:65)
  at org.gradle.api.internal.tasks.testing.SuiteTestDefinitionProcessor.processTestDefinition(SuiteTestDefinitionProcessor.java:54)
  at java.base/jdk.internal.reflect.DirectMethodHandleAccessor.invoke(DirectMethodHandleAccessor.java:104)
  at java.base/java.lang.reflect.Method.invoke(Method.java:565)
  at org.gradle.internal.dispatch.MethodInvocation.invokeOn(MethodInvocation.java:77)
  at org.gradle.internal.dispatch.ReflectionDispatch.dispatch(ReflectionDispatch.java:28)
  at org.gradle.internal.dispatch.ReflectionDispatch.dispatch(ReflectionDispatch.java:19)
  at org.gradle.internal.dispatch.ContextClassLoaderDispatch.dispatch(ContextClassLoaderDispatch.java:33)
  at org.gradle.internal.dispatch.ProxyDispatchAdapter$DispatchingInvocationHandler.invoke(ProxyDispatchAdapter.java:88)
  at jdk.proxy1/jdk.proxy1.$Proxy4.processTestDefinition(Unknown Source)
  at org.gradle.api.internal.tasks.testing.worker.TestWorker$2.run(TestWorker.java:178)
  at org.gradle.api.internal.tasks.testing.worker.TestWorker.executeAndMaintainThreadName(TestWorker.java:126)
  at org.gradle.api.internal.tasks.testing.worker.TestWorker.execute(TestWorker.java:103)
  at org.gradle.api.internal.tasks.testing.worker.TestWorker.execute(TestWorker.java:63)
  at org.gradle.process.internal.worker.child.ActionExecutionWorker.execute(ActionExecutionWorker.java:56)
  at org.gradle.process.internal.worker.child.SystemApplicationClassLoaderWorker.call(SystemApplicationClassLoaderWorker.java:122)
  at org.gradle.process.internal.worker.child.SystemApplicationClassLoaderWorker.call(SystemApplicationClassLoaderWorker.java:72)
  at worker.org.gradle.process.internal.worker.GradleWorkerMain.run(GradleWorkerMain.java:69)
  at worker.org.gradle.process.internal.worker.GradleWorkerMain.main(GradleWorkerMain.java:74)
</stacktrace>
</test-failure>


TypeScriptCompilerTests_F[jvm] > fatarrowfunctionsOptionalArgsErrors2_ts has expected errors matching fatarrowfunctionsOptionalArgsErrors2_errors_txt[jvm] FAILED

<test-failure test="com.xemantic.typescript.compiler.TypeScriptCompilerTests_F.funduleSplitAcrossFiles_ts has expected errors matching funduleSplitAcrossFiles_errors_txt" platform="jvm">
<message>
Expected diagnostics from baseline typescript-repo/tests/baselines/reference/funduleSplitAcrossFiles.errors.txt but none produced
</message>
<stacktrace>
  at com.xemantic.typescript.compiler.TypeScriptTestSupportKt.errorsMatchBaseline(TypeScriptTestSupport.kt:125)
  at com.xemantic.typescript.compiler.TypeScriptCompilerTests_F.funduleSplitAcrossFiles_ts has expected errors matching funduleSplitAcrossFiles_errors_txt(TypeScriptCompilerTests_F.kt:2170)
  at java.base/jdk.internal.reflect.DirectMethodHandleAccessor.invoke(DirectMethodHandleAccessor.java:104)
  at java.base/java.lang.reflect.Method.invoke(Method.java:565)
  at org.junit.runners.model.FrameworkMethod$1.runReflectiveCall(FrameworkMethod.java:59)
  at org.junit.internal.runners.model.ReflectiveCallable.run(ReflectiveCallable.java:12)
  at org.junit.runners.model.FrameworkMethod.invokeExplosively(FrameworkMethod.java:56)
  at org.junit.internal.runners.statements.InvokeMethod.evaluate(InvokeMethod.java:17)
  at org.junit.runners.ParentRunner$3.evaluate(ParentRunner.java:306)
  at org.junit.runners.BlockJUnit4ClassRunner$1.evaluate(BlockJUnit4ClassRunner.java:100)
  at org.junit.runners.ParentRunner.runLeaf(ParentRunner.java:366)
  at org.junit.runners.BlockJUnit4ClassRunner.runChild(BlockJUnit4ClassRunner.java:103)
  at org.junit.runners.BlockJUnit4ClassRunner.runChild(BlockJUnit4ClassRunner.java:63)
  at org.junit.runners.ParentRunner$4.run(ParentRunner.java:331)
  at org.junit.runners.ParentRunner$1.schedule(ParentRunner.java:79)
  at org.junit.runners.ParentRunner.runChildren(ParentRunner.java:329)
  at org.junit.runners.ParentRunner.access$100(ParentRunner.java:66)
  at org.junit.runners.ParentRunner$2.evaluate(ParentRunner.java:293)
  at org.junit.runners.ParentRunner$3.evaluate(ParentRunner.java:306)
  at org.junit.runners.ParentRunner.run(ParentRunner.java:413)
  at org.junit.runner.JUnitCore.run(JUnitCore.java:137)
  at org.junit.runner.JUnitCore.run(JUnitCore.java:115)
  at org.gradle.api.internal.tasks.testing.junit.JUnitTestExecutor.runRequest(JUnitTestExecutor.java:175)
  at org.gradle.api.internal.tasks.testing.junit.JUnitTestExecutor.accept(JUnitTestExecutor.java:84)
  at org.gradle.api.internal.tasks.testing.junit.JUnitTestExecutor.accept(JUnitTestExecutor.java:47)
  at org.gradle.api.internal.tasks.testing.junit.AbstractJUnitTestDefinitionProcessor.processTestDefinition(AbstractJUnitTestDefinitionProcessor.java:65)
  at org.gradle.api.internal.tasks.testing.SuiteTestDefinitionProcessor.processTestDefinition(SuiteTestDefinitionProcessor.java:54)
  at java.base/jdk.internal.reflect.DirectMethodHandleAccessor.invoke(DirectMethodHandleAccessor.java:104)
  at java.base/java.lang.reflect.Method.invoke(Method.java:565)
  at org.gradle.internal.dispatch.MethodInvocation.invokeOn(MethodInvocation.java:77)
  at org.gradle.internal.dispatch.ReflectionDispatch.dispatch(ReflectionDispatch.java:28)
  at org.gradle.internal.dispatch.ReflectionDispatch.dispatch(ReflectionDispatch.java:19)
  at org.gradle.internal.dispatch.ContextClassLoaderDispatch.dispatch(ContextClassLoaderDispatch.java:33)
  at org.gradle.internal.dispatch.ProxyDispatchAdapter$DispatchingInvocationHandler.invoke(ProxyDispatchAdapter.java:88)
  at jdk.proxy1/jdk.proxy1.$Proxy4.processTestDefinition(Unknown Source)
  at org.gradle.api.internal.tasks.testing.worker.TestWorker$2.run(TestWorker.java:178)
  at org.gradle.api.internal.tasks.testing.worker.TestWorker.executeAndMaintainThreadName(TestWorker.java:126)
  at org.gradle.api.internal.tasks.testing.worker.TestWorker.execute(TestWorker.java:103)
  at org.gradle.api.internal.tasks.testing.worker.TestWorker.execute(TestWorker.java:63)
  at org.gradle.process.internal.worker.child.ActionExecutionWorker.execute(ActionExecutionWorker.java:56)
  at org.gradle.process.internal.worker.child.SystemApplicationClassLoaderWorker.call(SystemApplicationClassLoaderWorker.java:122)
  at org.gradle.process.internal.worker.child.SystemApplicationClassLoaderWorker.call(SystemApplicationClassLoaderWorker.java:72)
  at worker.org.gradle.process.internal.worker.GradleWorkerMain.run(GradleWorkerMain.java:69)
  at worker.org.gradle.process.internal.worker.GradleWorkerMain.main(GradleWorkerMain.java:74)
</stacktrace>
</test-failure>


TypeScriptCompilerTests_F[jvm] > funduleSplitAcrossFiles_ts has expected errors matching funduleSplitAcrossFiles_errors_txt[jvm] FAILED

<test-failure test="com.xemantic.typescript.compiler.TypeScriptCompilerTests_F.functionArgShadowing_ts has expected errors matching functionArgShadowing_errors_txt" platform="jvm">
<message>
--- expected
+++ actual
@@ -1,28 +1,20 @@
-functionArgShadowing.ts(4,8): error TS2403: Subsequent variable declarations must have the same type.  Variable 'x' must be of type 'A', but here has type 'B'.
-functionArgShadowing.ts(5,8): error TS2339: Property 'bar' does not exist on type 'A'.
-functionArgShadowing.ts(10,7): error TS2403: Subsequent variable declarations must have the same type.  Variable 'p' must be of type 'number', but here has type 'string'.
+functionArgShadowing.ts(12,7): error TS2322: Type 'string' is not assignable to type 'number'.
 
 
-==== functionArgShadowing.ts (3 errors) ====
+==== functionArgShadowing.ts (1 errors) ====
     class A { foo() { } }
     class B { bar() { } }
     function foo(x: A) {
        var x: B = new B();
-           ~
-!!! error TS2403: Subsequent variable declarations must have the same type.  Variable 'x' must be of type 'A', but here has type 'B'.
-!!! related TS6203 functionArgShadowing.ts:3:14: 'x' was also declared here.
          x.bar(); // the property bar does not exist on a value of type A
-           ~~~
-!!! error TS2339: Property 'bar' does not exist on type 'A'.
     }
      
     class C {
     	constructor(public p: number) {
     		var p: string;
-    		    ~
-!!! error TS2403: Subsequent variable declarations must have the same type.  Variable 'p' must be of type 'number', but here has type 'string'.
-!!! related TS6203 functionArgShadowing.ts:9:14: 'p' was also declared here.
     
     		var n: number = p;
+    		    ~
+!!! error TS2322: Type 'string' is not assignable to type 'number'.
     	}
     }

</message>
<stacktrace>
  at org.junit.Assert.fail(Assert.java:89)
  at kotlin.test.junit.JUnitAsserter.fail(JUnitSupport.kt:56)
  at kotlin.test.AssertionsKt__AssertionsKt.fail(Assertions.kt:563)
  at kotlin.test.AssertionsKt.fail(Unknown Source)
  at com.xemantic.kotlin.test.SameAsKt.sameAs(SameAs.kt:52)
  at com.xemantic.typescript.compiler.TypeScriptTestSupportKt.errorsMatchBaseline(TypeScriptTestSupport.kt:135)
  at com.xemantic.typescript.compiler.TypeScriptCompilerTests_F.functionArgShadowing_ts has expected errors matching functionArgShadowing_errors_txt(TypeScriptCompilerTests_F.kt:812)
  at java.base/jdk.internal.reflect.DirectMethodHandleAccessor.invoke(DirectMethodHandleAccessor.java:104)
  at java.base/java.lang.reflect.Method.invoke(Method.java:565)
  at org.junit.runners.model.FrameworkMethod$1.runReflectiveCall(FrameworkMethod.java:59)
  at org.junit.internal.runners.model.ReflectiveCallable.run(ReflectiveCallable.java:12)
  at org.junit.runners.model.FrameworkMethod.invokeExplosively(FrameworkMethod.java:56)
  at org.junit.internal.runners.statements.InvokeMethod.evaluate(InvokeMethod.java:17)
  at org.junit.runners.ParentRunner$3.evaluate(ParentRunner.java:306)
  at org.junit.runners.BlockJUnit4ClassRunner$1.evaluate(BlockJUnit4ClassRunner.java:100)
  at org.junit.runners.ParentRunner.runLeaf(ParentRunner.java:366)
  at org.junit.runners.BlockJUnit4ClassRunner.runChild(BlockJUnit4ClassRunner.java:103)
  at org.junit.runners.BlockJUnit4ClassRunner.runChild(BlockJUnit4ClassRunner.java:63)
  at org.junit.runners.ParentRunner$4.run(ParentRunner.java:331)
  at org.junit.runners.ParentRunner$1.schedule(ParentRunner.java:79)
  at org.junit.runners.ParentRunner.runChildren(ParentRunner.java:329)
  at org.junit.runners.ParentRunner.access$100(ParentRunner.java:66)
  at org.junit.runners.ParentRunner$2.evaluate(ParentRunner.java:293)
  at org.junit.runners.ParentRunner$3.evaluate(ParentRunner.java:306)
  at org.junit.runners.ParentRunner.run(ParentRunner.java:413)
  at org.junit.runner.JUnitCore.run(JUnitCore.java:137)
  at org.junit.runner.JUnitCore.run(JUnitCore.java:115)
  at org.gradle.api.internal.tasks.testing.junit.JUnitTestExecutor.runRequest(JUnitTestExecutor.java:175)
  at org.gradle.api.internal.tasks.testing.junit.JUnitTestExecutor.accept(JUnitTestExecutor.java:84)
  at org.gradle.api.internal.tasks.testing.junit.JUnitTestExecutor.accept(JUnitTestExecutor.java:47)
  at org.gradle.api.internal.tasks.testing.junit.AbstractJUnitTestDefinitionProcessor.processTestDefinition(AbstractJUnitTestDefinitionProcessor.java:65)
  at org.gradle.api.internal.tasks.testing.SuiteTestDefinitionProcessor.processTestDefinition(SuiteTestDefinitionProcessor.java:54)
  at java.base/jdk.internal.reflect.DirectMethodHandleAccessor.invoke(DirectMethodHandleAccessor.java:104)
  at java.base/java.lang.reflect.Method.invoke(Method.java:565)
  at org.gradle.internal.dispatch.MethodInvocation.invokeOn(MethodInvocation.java:77)
  at org.gradle.internal.dispatch.ReflectionDispatch.dispatch(ReflectionDispatch.java:28)
  at org.gradle.internal.dispatch.ReflectionDispatch.dispatch(ReflectionDispatch.java:19)
  at org.gradle.internal.dispatch.ContextClassLoaderDispatch.dispatch(ContextClassLoaderDispatch.java:33)
  at org.gradle.internal.dispatch.ProxyDispatchAdapter$DispatchingInvocationHandler.invoke(ProxyDispatchAdapter.java:88)
  at jdk.proxy1/jdk.proxy1.$Proxy4.processTestDefinition(Unknown Source)
  at org.gradle.api.internal.tasks.testing.worker.TestWorker$2.run(TestWorker.java:178)
  at org.gradle.api.internal.tasks.testing.worker.TestWorker.executeAndMaintainThreadName(TestWorker.java:126)
  at org.gradle.api.internal.tasks.testing.worker.TestWorker.execute(TestWorker.java:103)
  at org.gradle.api.internal.tasks.testing.worker.TestWorker.execute(TestWorker.java:63)
  at org.gradle.process.internal.worker.child.ActionExecutionWorker.execute(ActionExecutionWorker.java:56)
  at org.gradle.process.internal.worker.child.SystemApplicationClassLoaderWorker.call(SystemApplicationClassLoaderWorker.java:122)
  at org.gradle.process.internal.worker.child.SystemApplicationClassLoaderWorker.call(SystemApplicationClassLoaderWorker.java:72)
  at worker.org.gradle.process.internal.worker.GradleWorkerMain.run(GradleWorkerMain.java:69)
  at worker.org.gradle.process.internal.worker.GradleWorkerMain.main(GradleWorkerMain.java:74)
</stacktrace>
</test-failure>


TypeScriptCompilerTests_F[jvm] > functionArgShadowing_ts has expected errors matching functionArgShadowing_errors_txt[jvm] FAILED

<test-failure test="com.xemantic.typescript.compiler.TypeScriptCompilerTests_F.functionOverloads2_ts has expected errors matching functionOverloads2_errors_txt" platform="jvm">
<message>
--- expected
+++ actual
@@ -1,8 +1,8 @@
 functionOverloads2.ts(4,13): error TS2769: No overload matches this call.
   Overload 1 of 2, '(bar: string): string', gave the following error.
-    Argument of type 'boolean' is not assignable to parameter of type 'string'.
+    Argument of type 'true' is not assignable to parameter of type 'string'.
   Overload 2 of 2, '(bar: number): number', gave the following error.
-    Argument of type 'boolean' is not assignable to parameter of type 'number'.
+    Argument of type 'true' is not assignable to parameter of type 'number'.
 
 
 ==== functionOverloads2.ts (1 errors) ====
@@ -13,7 +13,6 @@
                 ~~~~
 !!! error TS2769: No overload matches this call.
 !!! error TS2769:   Overload 1 of 2, '(bar: string): string', gave the following error.
-!!! error TS2769:     Argument of type 'boolean' is not assignable to parameter of type 'string'.
+!!! error TS2769:     Argument of type 'true' is not assignable to parameter of type 'string'.
 !!! error TS2769:   Overload 2 of 2, '(bar: number): number', gave the following error.
-!!! error TS2769:     Argument of type 'boolean' is not assignable to parameter of type 'number'.
-!!! related TS2793 functionOverloads2.ts:3:10: The call would have succeeded against this implementation, but implementation signatures of overloads are not externally visible.
+!!! error TS2769:     Argument of type 'true' is not assignable to parameter of type 'number'.

</message>
<stacktrace>
  at org.junit.Assert.fail(Assert.java:89)
  at kotlin.test.junit.JUnitAsserter.fail(JUnitSupport.kt:56)
  at kotlin.test.AssertionsKt__AssertionsKt.fail(Assertions.kt:563)
  at kotlin.test.AssertionsKt.fail(Unknown Source)
  at com.xemantic.kotlin.test.SameAsKt.sameAs(SameAs.kt:52)
  at com.xemantic.typescript.compiler.TypeScriptTestSupportKt.errorsMatchBaseline(TypeScriptTestSupport.kt:135)
  at com.xemantic.typescript.compiler.TypeScriptCompilerTests_F.functionOverloads2_ts has expected errors matching functionOverloads2_errors_txt(TypeScriptCompilerTests_F.kt:1400)
  at java.base/jdk.internal.reflect.DirectMethodHandleAccessor.invoke(DirectMethodHandleAccessor.java:104)
  at java.base/java.lang.reflect.Method.invoke(Method.java:565)
  at org.junit.runners.model.FrameworkMethod$1.runReflectiveCall(FrameworkMethod.java:59)
  at org.junit.internal.runners.model.ReflectiveCallable.run(ReflectiveCallable.java:12)
  at org.junit.runners.model.FrameworkMethod.invokeExplosively(FrameworkMethod.java:56)
  at org.junit.internal.runners.statements.InvokeMethod.evaluate(InvokeMethod.java:17)
  at org.junit.runners.ParentRunner$3.evaluate(ParentRunner.java:306)
  at org.junit.runners.BlockJUnit4ClassRunner$1.evaluate(BlockJUnit4ClassRunner.java:100)
  at org.junit.runners.ParentRunner.runLeaf(ParentRunner.java:366)
  at org.junit.runners.BlockJUnit4ClassRunner.runChild(BlockJUnit4ClassRunner.java:103)
  at org.junit.runners.BlockJUnit4ClassRunner.runChild(BlockJUnit4ClassRunner.java:63)
  at org.junit.runners.ParentRunner$4.run(ParentRunner.java:331)
  at org.junit.runners.ParentRunner$1.schedule(ParentRunner.java:79)
  at org.junit.runners.ParentRunner.runChildren(ParentRunner.java:329)
  at org.junit.runners.ParentRunner.access$100(ParentRunner.java:66)
  at org.junit.runners.ParentRunner$2.evaluate(ParentRunner.java:293)
  at org.junit.runners.ParentRunner$3.evaluate(ParentRunner.java:306)
  at org.junit.runners.ParentRunner.run(ParentRunner.java:413)
  at org.junit.runner.JUnitCore.run(JUnitCore.java:137)
  at org.junit.runner.JUnitCore.run(JUnitCore.java:115)
  at org.gradle.api.internal.tasks.testing.junit.JUnitTestExecutor.runRequest(JUnitTestExecutor.java:175)
  at org.gradle.api.internal.tasks.testing.junit.JUnitTestExecutor.accept(JUnitTestExecutor.java:84)
  at org.gradle.api.internal.tasks.testing.junit.JUnitTestExecutor.accept(JUnitTestExecutor.java:47)
  at org.gradle.api.internal.tasks.testing.junit.AbstractJUnitTestDefinitionProcessor.processTestDefinition(AbstractJUnitTestDefinitionProcessor.java:65)
  at org.gradle.api.internal.tasks.testing.SuiteTestDefinitionProcessor.processTestDefinition(SuiteTestDefinitionProcessor.java:54)
  at java.base/jdk.internal.reflect.DirectMethodHandleAccessor.invoke(DirectMethodHandleAccessor.java:104)
  at java.base/java.lang.reflect.Method.invoke(Method.java:565)
  at org.gradle.internal.dispatch.MethodInvocation.invokeOn(MethodInvocation.java:77)
  at org.gradle.internal.dispatch.ReflectionDispatch.dispatch(ReflectionDispatch.java:28)
  at org.gradle.internal.dispatch.ReflectionDispatch.dispatch(ReflectionDispatch.java:19)
  at org.gradle.internal.dispatch.ContextClassLoaderDispatch.dispatch(ContextClassLoaderDispatch.java:33)
  at org.gradle.internal.dispatch.ProxyDispatchAdapter$DispatchingInvocationHandler.invoke(ProxyDispatchAdapter.java:88)
  at jdk.proxy1/jdk.proxy1.$Proxy4.processTestDefinition(Unknown Source)
  at org.gradle.api.internal.tasks.testing.worker.TestWorker$2.run(TestWorker.java:178)
  at org.gradle.api.internal.tasks.testing.worker.TestWorker.executeAndMaintainThreadName(TestWorker.java:126)
  at org.gradle.api.internal.tasks.testing.worker.TestWorker.execute(TestWorker.java:103)
  at org.gradle.api.internal.tasks.testing.worker.TestWorker.execute(TestWorker.java:63)
  at org.gradle.process.internal.worker.child.ActionExecutionWorker.execute(ActionExecutionWorker.java:56)
  at org.gradle.process.internal.worker.child.SystemApplicationClassLoaderWorker.call(SystemApplicationClassLoaderWorker.java:122)
  at org.gradle.process.internal.worker.child.SystemApplicationClassLoaderWorker.call(SystemApplicationClassLoaderWorker.java:72)
  at worker.org.gradle.process.internal.worker.GradleWorkerMain.run(GradleWorkerMain.java:69)
  at worker.org.gradle.process.internal.worker.GradleWorkerMain.main(GradleWorkerMain.java:74)
</stacktrace>
</test-failure>


TypeScriptCompilerTests_F[jvm] > functionOverloads2_ts has expected errors matching functionOverloads2_errors_txt[jvm] FAILED

<test-failure test="com.xemantic.typescript.compiler.TypeScriptCompilerTests_F.functionSignatureAssignmentCompat1_ts has expected errors matching functionSignatureAssignmentCompat1_errors_txt" platform="jvm">
<message>
Expected diagnostics from baseline typescript-repo/tests/baselines/reference/functionSignatureAssignmentCompat1.errors.txt but none produced
</message>
<stacktrace>
  at com.xemantic.typescript.compiler.TypeScriptTestSupportKt.errorsMatchBaseline(TypeScriptTestSupport.kt:125)
  at com.xemantic.typescript.compiler.TypeScriptCompilerTests_F.functionSignatureAssignmentCompat1_ts has expected errors matching functionSignatureAssignmentCompat1_errors_txt(TypeScriptCompilerTests_F.kt:1813)
  at java.base/jdk.internal.reflect.DirectMethodHandleAccessor.invoke(DirectMethodHandleAccessor.java:104)
  at java.base/java.lang.reflect.Method.invoke(Method.java:565)
  at org.junit.runners.model.FrameworkMethod$1.runReflectiveCall(FrameworkMethod.java:59)
  at org.junit.internal.runners.model.ReflectiveCallable.run(ReflectiveCallable.java:12)
  at org.junit.runners.model.FrameworkMethod.invokeExplosively(FrameworkMethod.java:56)
  at org.junit.internal.runners.statements.InvokeMethod.evaluate(InvokeMethod.java:17)
  at org.junit.runners.ParentRunner$3.evaluate(ParentRunner.java:306)
  at org.junit.runners.BlockJUnit4ClassRunner$1.evaluate(BlockJUnit4ClassRunner.java:100)
  at org.junit.runners.ParentRunner.runLeaf(ParentRunner.java:366)
  at org.junit.runners.BlockJUnit4ClassRunner.runChild(BlockJUnit4ClassRunner.java:103)
  at org.junit.runners.BlockJUnit4ClassRunner.runChild(BlockJUnit4ClassRunner.java:63)
  at org.junit.runners.ParentRunner$4.run(ParentRunner.java:331)
  at org.junit.runners.ParentRunner$1.schedule(ParentRunner.java:79)
  at org.junit.runners.ParentRunner.runChildren(ParentRunner.java:329)
  at org.junit.runners.ParentRunner.access$100(ParentRunner.java:66)
  at org.junit.runners.ParentRunner$2.evaluate(ParentRunner.java:293)
  at org.junit.runners.ParentRunner$3.evaluate(ParentRunner.java:306)
  at org.junit.runners.ParentRunner.run(ParentRunner.java:413)
  at org.junit.runner.JUnitCore.run(JUnitCore.java:137)
  at org.junit.runner.JUnitCore.run(JUnitCore.java:115)
  at org.gradle.api.internal.tasks.testing.junit.JUnitTestExecutor.runRequest(JUnitTestExecutor.java:175)
  at org.gradle.api.internal.tasks.testing.junit.JUnitTestExecutor.accept(JUnitTestExecutor.java:84)
  at org.gradle.api.internal.tasks.testing.junit.JUnitTestExecutor.accept(JUnitTestExecutor.java:47)
  at org.gradle.api.internal.tasks.testing.junit.AbstractJUnitTestDefinitionProcessor.processTestDefinition(AbstractJUnitTestDefinitionProcessor.java:65)
  at org.gradle.api.internal.tasks.testing.SuiteTestDefinitionProcessor.processTestDefinition(SuiteTestDefinitionProcessor.java:54)
  at java.base/jdk.internal.reflect.DirectMethodHandleAccessor.invoke(DirectMethodHandleAccessor.java:104)
  at java.base/java.lang.reflect.Method.invoke(Method.java:565)
  at org.gradle.internal.dispatch.MethodInvocation.invokeOn(MethodInvocation.java:77)
  at org.gradle.internal.dispatch.ReflectionDispatch.dispatch(ReflectionDispatch.java:28)
  at org.gradle.internal.dispatch.ReflectionDispatch.dispatch(ReflectionDispatch.java:19)
  at org.gradle.internal.dispatch.ContextClassLoaderDispatch.dispatch(ContextClassLoaderDispatch.java:33)
  at org.gradle.internal.dispatch.ProxyDispatchAdapter$DispatchingInvocationHandler.invoke(ProxyDispatchAdapter.java:88)
  at jdk.proxy1/jdk.proxy1.$Proxy4.processTestDefinition(Unknown Source)
  at org.gradle.api.internal.tasks.testing.worker.TestWorker$2.run(TestWorker.java:178)
  at org.gradle.api.internal.tasks.testing.worker.TestWorker.executeAndMaintainThreadName(TestWorker.java:126)
  at org.gradle.api.internal.tasks.testing.worker.TestWorker.execute(TestWorker.java:103)
  at org.gradle.api.internal.tasks.testing.worker.TestWorker.execute(TestWorker.java:63)
  at org.gradle.process.internal.worker.child.ActionExecutionWorker.execute(ActionExecutionWorker.java:56)
  at org.gradle.process.internal.worker.child.SystemApplicationClassLoaderWorker.call(SystemApplicationClassLoaderWorker.java:122)
  at org.gradle.process.internal.worker.child.SystemApplicationClassLoaderWorker.call(SystemApplicationClassLoaderWorker.java:72)
  at worker.org.gradle.process.internal.worker.GradleWorkerMain.run(GradleWorkerMain.java:69)
  at worker.org.gradle.process.internal.worker.GradleWorkerMain.main(GradleWorkerMain.java:74)
</stacktrace>
</test-failure>


TypeScriptCompilerTests_F[jvm] > functionSignatureAssignmentCompat1_ts has expected errors matching functionSignatureAssignmentCompat1_errors_txt[jvm] FAILED

<test-failure test="com.xemantic.typescript.compiler.TypeScriptCompilerTests_F.fatarrowfunctionsErrors_ts has expected errors matching fatarrowfunctionsErrors_errors_txt" platform="jvm">
<message>
--- expected
+++ actual
@@ -1,34 +1,46 @@
 fatarrowfunctionsErrors.ts(1,1): error TS2304: Cannot find name 'foo'.
 fatarrowfunctionsErrors.ts(2,1): error TS2304: Cannot find name 'foo'.
-fatarrowfunctionsErrors.ts(2,8): error TS1005: ',' expected.
-fatarrowfunctionsErrors.ts(2,18): error TS1005: ':' expected.
-fatarrowfunctionsErrors.ts(2,19): error TS1005: ',' expected.
+fatarrowfunctionsErrors.ts(2,6): error TS1003: Identifier expected.
+fatarrowfunctionsErrors.ts(2,8): error TS1109: Expression expected.
+fatarrowfunctionsErrors.ts(2,11): error TS1108: A 'return' statement can only be used within a function body.
+fatarrowfunctionsErrors.ts(2,21): error TS1109: Expression expected.
 fatarrowfunctionsErrors.ts(3,1): error TS2304: Cannot find name 'foo'.
 fatarrowfunctionsErrors.ts(4,1): error TS2304: Cannot find name 'foo'.
 fatarrowfunctionsErrors.ts(5,9): error TS2304: Cannot find name 'x'.
-fatarrowfunctionsErrors.ts(5,10): error TS1005: ',' expected.
-fatarrowfunctionsErrors.ts(5,18): error TS1005: ';' expected.
+fatarrowfunctionsErrors.ts(5,10): error TS1109: Expression expected.
 fatarrowfunctionsErrors.ts(5,21): error TS2304: Cannot find name 'x'.
 fatarrowfunctionsErrors.ts(5,23): error TS2304: Cannot find name 'x'.
 fatarrowfunctionsErrors.ts(9,19): error TS1005: '=>' expected.
-fatarrowfunctionsErrors.ts(10,27): error TS1005: '=>' expected.
-fatarrowfunctionsErrors.ts(11,21): error TS1005: '=>' expected.
-fatarrowfunctionsErrors.ts(12,23): error TS1005: '=>' expected.
+fatarrowfunctionsErrors.ts(10,11): error TS2304: Cannot find name 'a'.
+fatarrowfunctionsErrors.ts(10,12): error TS1005: ')' expected.
+fatarrowfunctionsErrors.ts(10,13): error TS2693: 'number' only refers to a type, but is being used as a value here.
+fatarrowfunctionsErrors.ts(10,19): error TS1109: Expression expected.
+fatarrowfunctionsErrors.ts(10,21): error TS1109: Expression expected.
+fatarrowfunctionsErrors.ts(11,11): error TS2304: Cannot find name 'a'.
+fatarrowfunctionsErrors.ts(11,12): error TS1005: ')' expected.
+fatarrowfunctionsErrors.ts(11,13): error TS2693: 'number' only refers to a type, but is being used as a value here.
+fatarrowfunctionsErrors.ts(11,19): error TS1109: Expression expected.
+fatarrowfunctionsErrors.ts(12,10): error TS1109: Expression expected.
+fatarrowfunctionsErrors.ts(12,16): error TS2693: 'any' only refers to a type, but is being used as a value here.
+fatarrowfunctionsErrors.ts(12,20): error TS1011: An element access expression should take an argument.
+fatarrowfunctionsErrors.ts(12,21): error TS1109: Expression expected.
 
 
-==== fatarrowfunctionsErrors.ts (16 errors) ====
+==== fatarrowfunctionsErrors.ts (26 errors) ====
     foo((...Far:any[])=>{return 0;})
     ~~~
 !!! error TS2304: Cannot find name 'foo'.
     foo((1)=>{return 0;}); 
     ~~~
 !!! error TS2304: Cannot find name 'foo'.
+         ~
+!!! error TS1003: Identifier expected.
            ~~
-!!! error TS1005: ',' expected.
-                     ~
-!!! error TS1005: ':' expected.
-                      ~
-!!! error TS1005: ',' expected.
+!!! error TS1109: Expression expected.
+              ~~~~~~
+!!! error TS1108: A 'return' statement can only be used within a function body.
+                        ~
+!!! error TS1109: Expression expected.
     foo((x?)=>{return x;})
     ~~~
 !!! error TS2304: Cannot find name 'foo'.
@@ -39,9 +51,7 @@
             ~
 !!! error TS2304: Cannot find name 'x'.
              ~
-!!! error TS1005: ',' expected.
-                     ~~
-!!! error TS1005: ';' expected.
+!!! error TS1109: Expression expected.
                         ~
 !!! error TS2304: Cannot find name 'x'.
                           ~
@@ -53,11 +63,31 @@
                       ~
 !!! error TS1005: '=>' expected.
     var x2 = (a:number) :void {};
-                              ~
-!!! error TS1005: '=>' expected.
-    var x3 = (a:number) {};
+              ~
+!!! error TS2304: Cannot find name 'a'.
+               ~
+!!! error TS1005: ')' expected.
+                ~~~~~~
+!!! error TS2693: 'number' only refers to a type, but is being used as a value here.
+                      ~
+!!! error TS1109: Expression expected.
                         ~
-!!! error TS1005: '=>' expected.
+!!! error TS1109: Expression expected.
+    var x3 = (a:number) {};
+              ~
+!!! error TS2304: Cannot find name 'a'.
+               ~
+!!! error TS1005: ')' expected.
+                ~~~~~~
+!!! error TS2693: 'number' only refers to a type, but is being used as a value here.
+                      ~
+!!! error TS1109: Expression expected.
     var x4= (...a: any[]) { };
-                          ~
-!!! error TS1005: '=>' expected.
+             ~~~
+!!! error TS1109: Expression expected.
+                   ~~~
+!!! error TS2693: 'any' only refers to a type, but is being used as a value here.
+                       
+!!! error TS1011: An element access expression should take an argument.
+                        ~
+!!! error TS1109: Expression expected.

</message>
<stacktrace>
  at org.junit.Assert.fail(Assert.java:89)
  at kotlin.test.junit.JUnitAsserter.fail(JUnitSupport.kt:56)
  at kotlin.test.AssertionsKt__AssertionsKt.fail(Assertions.kt:563)
  at kotlin.test.AssertionsKt.fail(Unknown Source)
  at com.xemantic.kotlin.test.SameAsKt.sameAs(SameAs.kt:52)
  at com.xemantic.typescript.compiler.TypeScriptTestSupportKt.errorsMatchBaseline(TypeScriptTestSupport.kt:135)
  at com.xemantic.typescript.compiler.TypeScriptCompilerTests_F.fatarrowfunctionsErrors_ts has expected errors matching fatarrowfunctionsErrors_errors_txt(TypeScriptCompilerTests_F.kt:161)
  at java.base/jdk.internal.reflect.DirectMethodHandleAccessor.invoke(DirectMethodHandleAccessor.java:104)
  at java.base/java.lang.reflect.Method.invoke(Method.java:565)
  at org.junit.runners.model.FrameworkMethod$1.runReflectiveCall(FrameworkMethod.java:59)
  at org.junit.internal.runners.model.ReflectiveCallable.run(ReflectiveCallable.java:12)
  at org.junit.runners.model.FrameworkMethod.invokeExplosively(FrameworkMethod.java:56)
  at org.junit.internal.runners.statements.InvokeMethod.evaluate(InvokeMethod.java:17)
  at org.junit.runners.ParentRunner$3.evaluate(ParentRunner.java:306)
  at org.junit.runners.BlockJUnit4ClassRunner$1.evaluate(BlockJUnit4ClassRunner.java:100)
  at org.junit.runners.ParentRunner.runLeaf(ParentRunner.java:366)
  at org.junit.runners.BlockJUnit4ClassRunner.runChild(BlockJUnit4ClassRunner.java:103)
  at org.junit.runners.BlockJUnit4ClassRunner.runChild(BlockJUnit4ClassRunner.java:63)
  at org.junit.runners.ParentRunner$4.run(ParentRunner.java:331)
  at org.junit.runners.ParentRunner$1.schedule(ParentRunner.java:79)
  at org.junit.runners.ParentRunner.runChildren(ParentRunner.java:329)
  at org.junit.runners.ParentRunner.access$100(ParentRunner.java:66)
  at org.junit.runners.ParentRunner$2.evaluate(ParentRunner.java:293)
  at org.junit.runners.ParentRunner$3.evaluate(ParentRunner.java:306)
  at org.junit.runners.ParentRunner.run(ParentRunner.java:413)
  at org.junit.runner.JUnitCore.run(JUnitCore.java:137)
  at org.junit.runner.JUnitCore.run(JUnitCore.java:115)
  at org.gradle.api.internal.tasks.testing.junit.JUnitTestExecutor.runRequest(JUnitTestExecutor.java:175)
  at org.gradle.api.internal.tasks.testing.junit.JUnitTestExecutor.accept(JUnitTestExecutor.java:84)
  at org.gradle.api.internal.tasks.testing.junit.JUnitTestExecutor.accept(JUnitTestExecutor.java:47)
  at org.gradle.api.internal.tasks.testing.junit.AbstractJUnitTestDefinitionProcessor.processTestDefinition(AbstractJUnitTestDefinitionProcessor.java:65)
  at org.gradle.api.internal.tasks.testing.SuiteTestDefinitionProcessor.processTestDefinition(SuiteTestDefinitionProcessor.java:54)
  at java.base/jdk.internal.reflect.DirectMethodHandleAccessor.invoke(DirectMethodHandleAccessor.java:104)
  at java.base/java.lang.reflect.Method.invoke(Method.java:565)
  at org.gradle.internal.dispatch.MethodInvocation.invokeOn(MethodInvocation.java:77)
  at org.gradle.internal.dispatch.ReflectionDispatch.dispatch(ReflectionDispatch.java:28)
  at org.gradle.internal.dispatch.ReflectionDispatch.dispatch(ReflectionDispatch.java:19)
  at org.gradle.internal.dispatch.ContextClassLoaderDispatch.dispatch(ContextClassLoaderDispatch.java:33)
  at org.gradle.internal.dispatch.ProxyDispatchAdapter$DispatchingInvocationHandler.invoke(ProxyDispatchAdapter.java:88)
  at jdk.proxy1/jdk.proxy1.$Proxy4.processTestDefinition(Unknown Source)
  at org.gradle.api.internal.tasks.testing.worker.TestWorker$2.run(TestWorker.java:178)
  at org.gradle.api.internal.tasks.testing.worker.TestWorker.executeAndMaintainThreadName(TestWorker.java:126)
  at org.gradle.api.internal.tasks.testing.worker.TestWorker.execute(TestWorker.java:103)
  at org.gradle.api.internal.tasks.testing.worker.TestWorker.execute(TestWorker.java:63)
  at org.gradle.process.internal.worker.child.ActionExecutionWorker.execute(ActionExecutionWorker.java:56)
  at org.gradle.process.internal.worker.child.SystemApplicationClassLoaderWorker.call(SystemApplicationClassLoaderWorker.java:122)
  at org.gradle.process.internal.worker.child.SystemApplicationClassLoaderWorker.call(SystemApplicationClassLoaderWorker.java:72)
  at worker.org.gradle.process.internal.worker.GradleWorkerMain.run(GradleWorkerMain.java:69)
  at worker.org.gradle.process.internal.worker.GradleWorkerMain.main(GradleWorkerMain.java:74)
</stacktrace>
</test-failure>


TypeScriptCompilerTests_F[jvm] > fatarrowfunctionsErrors_ts has expected errors matching fatarrowfunctionsErrors_errors_txt[jvm] FAILED

<test-failure test="com.xemantic.typescript.compiler.TypeScriptCompilerTests_F.fatarrowfunctionsOptionalArgsErrors1_ts has expected errors matching fatarrowfunctionsOptionalArgsErrors1_errors_txt" platform="jvm">
<message>
Expected diagnostics from baseline typescript-repo/tests/baselines/reference/fatarrowfunctionsOptionalArgsErrors1.errors.txt but none produced
</message>
<stacktrace>
  at com.xemantic.typescript.compiler.TypeScriptTestSupportKt.errorsMatchBaseline(TypeScriptTestSupport.kt:125)
  at com.xemantic.typescript.compiler.TypeScriptCompilerTests_F.fatarrowfunctionsOptionalArgsErrors1_ts has expected errors matching fatarrowfunctionsOptionalArgsErrors1_errors_txt(TypeScriptCompilerTests_F.kt:203)
  at java.base/jdk.internal.reflect.DirectMethodHandleAccessor.invoke(DirectMethodHandleAccessor.java:104)
  at java.base/java.lang.reflect.Method.invoke(Method.java:565)
  at org.junit.runners.model.FrameworkMethod$1.runReflectiveCall(FrameworkMethod.java:59)
  at org.junit.internal.runners.model.ReflectiveCallable.run(ReflectiveCallable.java:12)
  at org.junit.runners.model.FrameworkMethod.invokeExplosively(FrameworkMethod.java:56)
  at org.junit.internal.runners.statements.InvokeMethod.evaluate(InvokeMethod.java:17)
  at org.junit.runners.ParentRunner$3.evaluate(ParentRunner.java:306)
  at org.junit.runners.BlockJUnit4ClassRunner$1.evaluate(BlockJUnit4ClassRunner.java:100)
  at org.junit.runners.ParentRunner.runLeaf(ParentRunner.java:366)
  at org.junit.runners.BlockJUnit4ClassRunner.runChild(BlockJUnit4ClassRunner.java:103)
  at org.junit.runners.BlockJUnit4ClassRunner.runChild(BlockJUnit4ClassRunner.java:63)
  at org.junit.runners.ParentRunner$4.run(ParentRunner.java:331)
  at org.junit.runners.ParentRunner$1.schedule(ParentRunner.java:79)
  at org.junit.runners.ParentRunner.runChildren(ParentRunner.java:329)
  at org.junit.runners.ParentRunner.access$100(ParentRunner.java:66)
  at org.junit.runners.ParentRunner$2.evaluate(ParentRunner.java:293)
  at org.junit.runners.ParentRunner$3.evaluate(ParentRunner.java:306)
  at org.junit.runners.ParentRunner.run(ParentRunner.java:413)
  at org.junit.runner.JUnitCore.run(JUnitCore.java:137)
  at org.junit.runner.JUnitCore.run(JUnitCore.java:115)
  at org.gradle.api.internal.tasks.testing.junit.JUnitTestExecutor.runRequest(JUnitTestExecutor.java:175)
  at org.gradle.api.internal.tasks.testing.junit.JUnitTestExecutor.accept(JUnitTestExecutor.java:84)
  at org.gradle.api.internal.tasks.testing.junit.JUnitTestExecutor.accept(JUnitTestExecutor.java:47)
  at org.gradle.api.internal.tasks.testing.junit.AbstractJUnitTestDefinitionProcessor.processTestDefinition(AbstractJUnitTestDefinitionProcessor.java:65)
  at org.gradle.api.internal.tasks.testing.SuiteTestDefinitionProcessor.processTestDefinition(SuiteTestDefinitionProcessor.java:54)
  at java.base/jdk.internal.reflect.DirectMethodHandleAccessor.invoke(DirectMethodHandleAccessor.java:104)
  at java.base/java.lang.reflect.Method.invoke(Method.java:565)
  at org.gradle.internal.dispatch.MethodInvocation.invokeOn(MethodInvocation.java:77)
  at org.gradle.internal.dispatch.ReflectionDispatch.dispatch(ReflectionDispatch.java:28)
  at org.gradle.internal.dispatch.ReflectionDispatch.dispatch(ReflectionDispatch.java:19)
  at org.gradle.internal.dispatch.ContextClassLoaderDispatch.dispatch(ContextClassLoaderDispatch.java:33)
  at org.gradle.internal.dispatch.ProxyDispatchAdapter$DispatchingInvocationHandler.invoke(ProxyDispatchAdapter.java:88)
  at jdk.proxy1/jdk.proxy1.$Proxy4.processTestDefinition(Unknown Source)
  at org.gradle.api.internal.tasks.testing.worker.TestWorker$2.run(TestWorker.java:178)
  at org.gradle.api.internal.tasks.testing.worker.TestWorker.executeAndMaintainThreadName(TestWorker.java:126)
  at org.gradle.api.internal.tasks.testing.worker.TestWorker.execute(TestWorker.java:103)
  at org.gradle.api.internal.tasks.testing.worker.TestWorker.execute(TestWorker.java:63)
  at org.gradle.process.internal.worker.child.ActionExecutionWorker.execute(ActionExecutionWorker.java:56)
  at org.gradle.process.internal.worker.child.SystemApplicationClassLoaderWorker.call(SystemApplicationClassLoaderWorker.java:122)
  at org.gradle.process.internal.worker.child.SystemApplicationClassLoaderWorker.call(SystemApplicationClassLoaderWorker.java:72)
  at worker.org.gradle.process.internal.worker.GradleWorkerMain.run(GradleWorkerMain.java:69)
  at worker.org.gradle.process.internal.worker.GradleWorkerMain.main(GradleWorkerMain.java:74)
</stacktrace>
</test-failure>


TypeScriptCompilerTests_F[jvm] > fatarrowfunctionsOptionalArgsErrors1_ts has expected errors matching fatarrowfunctionsOptionalArgsErrors1_errors_txt[jvm] FAILED

<test-failure test="com.xemantic.typescript.compiler.TypeScriptCompilerTests_F.functionOverloads_ts has expected errors matching functionOverloads_errors_txt" platform="jvm">
<message>
Expected diagnostics from baseline typescript-repo/tests/baselines/reference/functionOverloads.errors.txt but none produced
</message>
<stacktrace>
  at com.xemantic.typescript.compiler.TypeScriptTestSupportKt.errorsMatchBaseline(TypeScriptTestSupport.kt:125)
  at com.xemantic.typescript.compiler.TypeScriptCompilerTests_F.functionOverloads_ts has expected errors matching functionOverloads_errors_txt(TypeScriptCompilerTests_F.kt:1274)
  at java.base/jdk.internal.reflect.DirectMethodHandleAccessor.invoke(DirectMethodHandleAccessor.java:104)
  at java.base/java.lang.reflect.Method.invoke(Method.java:565)
  at org.junit.runners.model.FrameworkMethod$1.runReflectiveCall(FrameworkMethod.java:59)
  at org.junit.internal.runners.model.ReflectiveCallable.run(ReflectiveCallable.java:12)
  at org.junit.runners.model.FrameworkMethod.invokeExplosively(FrameworkMethod.java:56)
  at org.junit.internal.runners.statements.InvokeMethod.evaluate(InvokeMethod.java:17)
  at org.junit.runners.ParentRunner$3.evaluate(ParentRunner.java:306)
  at org.junit.runners.BlockJUnit4ClassRunner$1.evaluate(BlockJUnit4ClassRunner.java:100)
  at org.junit.runners.ParentRunner.runLeaf(ParentRunner.java:366)
  at org.junit.runners.BlockJUnit4ClassRunner.runChild(BlockJUnit4ClassRunner.java:103)
  at org.junit.runners.BlockJUnit4ClassRunner.runChild(BlockJUnit4ClassRunner.java:63)
  at org.junit.runners.ParentRunner$4.run(ParentRunner.java:331)
  at org.junit.runners.ParentRunner$1.schedule(ParentRunner.java:79)
  at org.junit.runners.ParentRunner.runChildren(ParentRunner.java:329)
  at org.junit.runners.ParentRunner.access$100(ParentRunner.java:66)
  at org.junit.runners.ParentRunner$2.evaluate(ParentRunner.java:293)
  at org.junit.runners.ParentRunner$3.evaluate(ParentRunner.java:306)
  at org.junit.runners.ParentRunner.run(ParentRunner.java:413)
  at org.junit.runner.JUnitCore.run(JUnitCore.java:137)
  at org.junit.runner.JUnitCore.run(JUnitCore.java:115)
  at org.gradle.api.internal.tasks.testing.junit.JUnitTestExecutor.runRequest(JUnitTestExecutor.java:175)
  at org.gradle.api.internal.tasks.testing.junit.JUnitTestExecutor.accept(JUnitTestExecutor.java:84)
  at org.gradle.api.internal.tasks.testing.junit.JUnitTestExecutor.accept(JUnitTestExecutor.java:47)
  at org.gradle.api.internal.tasks.testing.junit.AbstractJUnitTestDefinitionProcessor.processTestDefinition(AbstractJUnitTestDefinitionProcessor.java:65)
  at org.gradle.api.internal.tasks.testing.SuiteTestDefinitionProcessor.processTestDefinition(SuiteTestDefinitionProcessor.java:54)
  at java.base/jdk.internal.reflect.DirectMethodHandleAccessor.invoke(DirectMethodHandleAccessor.java:104)
  at java.base/java.lang.reflect.Method.invoke(Method.java:565)
  at org.gradle.internal.dispatch.MethodInvocation.invokeOn(MethodInvocation.java:77)
  at org.gradle.internal.dispatch.ReflectionDispatch.dispatch(ReflectionDispatch.java:28)
  at org.gradle.internal.dispatch.ReflectionDispatch.dispatch(ReflectionDispatch.java:19)
  at org.gradle.internal.dispatch.ContextClassLoaderDispatch.dispatch(ContextClassLoaderDispatch.java:33)
  at org.gradle.internal.dispatch.ProxyDispatchAdapter$DispatchingInvocationHandler.invoke(ProxyDispatchAdapter.java:88)
  at jdk.proxy1/jdk.proxy1.$Proxy4.processTestDefinition(Unknown Source)
  at org.gradle.api.internal.tasks.testing.worker.TestWorker$2.run(TestWorker.java:178)
  at org.gradle.api.internal.tasks.testing.worker.TestWorker.executeAndMaintainThreadName(TestWorker.java:126)
  at org.gradle.api.internal.tasks.testing.worker.TestWorker.execute(TestWorker.java:103)
  at org.gradle.api.internal.tasks.testing.worker.TestWorker.execute(TestWorker.java:63)
  at org.gradle.process.internal.worker.child.ActionExecutionWorker.execute(ActionExecutionWorker.java:56)
  at org.gradle.process.internal.worker.child.SystemApplicationClassLoaderWorker.call(SystemApplicationClassLoaderWorker.java:122)
  at org.gradle.process.internal.worker.child.SystemApplicationClassLoaderWorker.call(SystemApplicationClassLoaderWorker.java:72)
  at worker.org.gradle.process.internal.worker.GradleWorkerMain.run(GradleWorkerMain.java:69)
  at worker.org.gradle.process.internal.worker.GradleWorkerMain.main(GradleWorkerMain.java:74)
</stacktrace>
</test-failure>


TypeScriptCompilerTests_F[jvm] > functionOverloads_ts has expected errors matching functionOverloads_errors_txt[jvm] FAILED

<test-failure test="com.xemantic.typescript.compiler.TypeScriptCompilerTests_G.genericDefaultsErrors_ts has expected errors matching genericDefaultsErrors_errors_txt" platform="jvm">
<message>
--- expected
+++ actual
@@ -1,65 +1,28 @@
-genericDefaultsErrors.ts(3,41): error TS2344: Type 'number' does not satisfy the constraint 'string'.
-genericDefaultsErrors.ts(4,59): error TS2344: Type 'T' does not satisfy the constraint 'number'.
-  Type 'string' is not assignable to type 'number'.
-genericDefaultsErrors.ts(5,44): error TS2344: Type 'T' does not satisfy the constraint 'number'.
-genericDefaultsErrors.ts(6,39): error TS2344: Type 'number' does not satisfy the constraint 'T'.
-  'T' could be instantiated with an arbitrary type which could be unrelated to 'number'.
-genericDefaultsErrors.ts(10,5): error TS2558: Expected 2-3 type arguments, but got 1.
-genericDefaultsErrors.ts(13,5): error TS2558: Expected 2-3 type arguments, but got 4.
-genericDefaultsErrors.ts(17,13): error TS2345: Argument of type 'string' is not assignable to parameter of type 'number'.
 genericDefaultsErrors.ts(19,11): error TS2428: All declarations of 'i00' must have identical type parameters.
 genericDefaultsErrors.ts(20,11): error TS2428: All declarations of 'i00' must have identical type parameters.
-genericDefaultsErrors.ts(22,11): error TS2428: All declarations of 'i01' must have identical type parameters.
-genericDefaultsErrors.ts(23,11): error TS2428: All declarations of 'i01' must have identical type parameters.
-genericDefaultsErrors.ts(25,27): error TS2706: Required type parameters may not follow optional type parameters.
-genericDefaultsErrors.ts(26,34): error TS2344: Type 'number' does not satisfy the constraint 'string'.
-genericDefaultsErrors.ts(27,52): error TS2344: Type 'T' does not satisfy the constraint 'number'.
-  Type 'string' is not assignable to type 'number'.
-genericDefaultsErrors.ts(28,37): error TS2344: Type 'T' does not satisfy the constraint 'number'.
-genericDefaultsErrors.ts(29,32): error TS2344: Type 'number' does not satisfy the constraint 'T'.
-  'T' could be instantiated with an arbitrary type which could be unrelated to 'number'.
-genericDefaultsErrors.ts(32,15): error TS2707: Generic type 'i09<T, U, V>' requires between 2 and 3 type arguments.
-genericDefaultsErrors.ts(33,15): error TS2707: Generic type 'i09<T, U, V>' requires between 2 and 3 type arguments.
-genericDefaultsErrors.ts(36,15): error TS2707: Generic type 'i09<T, U, V>' requires between 2 and 3 type arguments.
+genericDefaultsErrors.ts(38,11): error TS2428: All declarations of 'i10' must have identical type parameters.
 genericDefaultsErrors.ts(38,20): error TS2304: Cannot find name 'T'.
-genericDefaultsErrors.ts(42,29): error TS2716: Type parameter 'T' has a circular default.
+genericDefaultsErrors.ts(39,11): error TS2428: All declarations of 'i10' must have identical type parameters.
 
 
-==== genericDefaultsErrors.ts (21 errors) ====
+==== genericDefaultsErrors.ts (5 errors) ====
     declare const x: any;
     
     declare function f03<T extends string = number>(): void; // error
-                                            ~~~~~~
-!!! error TS2344: Type 'number' does not satisfy the constraint 'string'.
     declare function f04<T extends string, U extends number = T>(): void; // error
-                                                              ~
-!!! error TS2344: Type 'T' does not satisfy the constraint 'number'.
-!!! error TS2344:   Type 'string' is not assignable to type 'number'.
     declare function f05<T, U extends number = T>(): void; // error
-                                               ~
-!!! error TS2344: Type 'T' does not satisfy the constraint 'number'.
-!!! related TS2208 genericDefaultsErrors.ts:5:22: This type parameter might need an `extends number` constraint.
     declare function f06<T, U extends T = number>(): void; // error
-                                          ~~~~~~
-!!! error TS2344: Type 'number' does not satisfy the constraint 'T'.
-!!! error TS2344:   'T' could be instantiated with an arbitrary type which could be unrelated to 'number'.
     
     declare function f11<T, U, V = number>(): void;
     f11(); // ok
     f11<1>(); // error
-        ~
-!!! error TS2558: Expected 2-3 type arguments, but got 1.
     f11<1, 2>(); // ok
     f11<1, 2, 3>(); // ok
     f11<1, 2, 3, 4>(); // error
-        ~~~~~~~~~~
-!!! error TS2558: Expected 2-3 type arguments, but got 4.
     
     declare function f12<T, U = T>(a?: U): void;
     f12<number>(); // ok
     f12<number>("a"); // error
-                ~~~
-!!! error TS2345: Argument of type 'string' is not assignable to parameter of type 'number'.
     
     interface i00<T> { } // ok
               ~~~
@@ -69,50 +32,29 @@
 !!! error TS2428: All declarations of 'i00' must have identical type parameters.
     
     interface i01<T = number> { } // ok
-              ~~~
-!!! error TS2428: All declarations of 'i01' must have identical type parameters.
     interface i01<T = string> { } // error
-              ~~~
-!!! error TS2428: All declarations of 'i01' must have identical type parameters.
     
     interface i04<T = number, U> { } // error
-                              ~
-!!! error TS2706: Required type parameters may not follow optional type parameters.
     interface i05<T extends string = number> { } // error
-                                     ~~~~~~
-!!! error TS2344: Type 'number' does not satisfy the constraint 'string'.
     interface i06<T extends string, U extends number = T> { } // error
-                                                       ~
-!!! error TS2344: Type 'T' does not satisfy the constraint 'number'.
-!!! error TS2344:   Type 'string' is not assignable to type 'number'.
     interface i07<T, U extends number = T> { } // error
-                                        ~
-!!! error TS2344: Type 'T' does not satisfy the constraint 'number'.
-!!! related TS2208 genericDefaultsErrors.ts:28:15: This type parameter might need an `extends number` constraint.
     interface i08<T, U extends T = number> { } // error
-                                   ~~~~~~
-!!! error TS2344: Type 'number' does not satisfy the constraint 'T'.
-!!! error TS2344:   'T' could be instantiated with an arbitrary type which could be unrelated to 'number'.
     
     interface i09<T, U, V = number> { }
     type i09t00 = i09; // error
-                  ~~~
-!!! error TS2707: Generic type 'i09<T, U, V>' requires between 2 and 3 type arguments.
     type i09t01 = i09<1>; // error
-                  ~~~~~~
-!!! error TS2707: Generic type 'i09<T, U, V>' requires between 2 and 3 type arguments.
     type i09t02 = i09<1, 2>; // ok
     type i09t03 = i09<1, 2, 3>; // ok
     type i09t04 = i09<1, 2, 3, 4>; // error
-                  ~~~~~~~~~~~~~~~
-!!! error TS2707: Generic type 'i09<T, U, V>' requires between 2 and 3 type arguments.
     
     interface i10 { x: T; } // error
+              ~~~
+!!! error TS2428: All declarations of 'i10' must have identical type parameters.
                        ~
 !!! error TS2304: Cannot find name 'T'.
     interface i10<T = number> {}
+              ~~~
+!!! error TS2428: All declarations of 'i10' must have identical type parameters.
     
     // https://github.com/Microsoft/TypeScript/issues/16221
     interface SelfReference<T = SelfReference> {}
-                                ~~~~~~~~~~~~~
-!!! error TS2716: Type parameter 'T' has a circular default.

</message>
<stacktrace>
  at org.junit.Assert.fail(Assert.java:89)
  at kotlin.test.junit.JUnitAsserter.fail(JUnitSupport.kt:56)
  at kotlin.test.AssertionsKt__AssertionsKt.fail(Assertions.kt:563)
  at kotlin.test.AssertionsKt.fail(Unknown Source)
  at com.xemantic.kotlin.test.SameAsKt.sameAs(SameAs.kt:52)
  at com.xemantic.typescript.compiler.TypeScriptTestSupportKt.errorsMatchBaseline(TypeScriptTestSupport.kt:135)
  at com.xemantic.typescript.compiler.TypeScriptCompilerTests_G.genericDefaultsErrors_ts has expected errors matching genericDefaultsErrors_errors_txt(TypeScriptCompilerTests_G.kt:833)
  at java.base/jdk.internal.reflect.DirectMethodHandleAccessor.invoke(DirectMethodHandleAccessor.java:104)
  at java.base/java.lang.reflect.Method.invoke(Method.java:565)
  at org.junit.runners.model.FrameworkMethod$1.runReflectiveCall(FrameworkMethod.java:59)
  at org.junit.internal.runners.model.ReflectiveCallable.run(ReflectiveCallable.java:12)
  at org.junit.runners.model.FrameworkMethod.invokeExplosively(FrameworkMethod.java:56)
  at org.junit.internal.runners.statements.InvokeMethod.evaluate(InvokeMethod.java:17)
  at org.junit.runners.ParentRunner$3.evaluate(ParentRunner.java:306)
  at org.junit.runners.BlockJUnit4ClassRunner$1.evaluate(BlockJUnit4ClassRunner.java:100)
  at org.junit.runners.ParentRunner.runLeaf(ParentRunner.java:366)
  at org.junit.runners.BlockJUnit4ClassRunner.runChild(BlockJUnit4ClassRunner.java:103)
  at org.junit.runners.BlockJUnit4ClassRunner.runChild(BlockJUnit4ClassRunner.java:63)
  at org.junit.runners.ParentRunner$4.run(ParentRunner.java:331)
  at org.junit.runners.ParentRunner$1.schedule(ParentRunner.java:79)
  at org.junit.runners.ParentRunner.runChildren(ParentRunner.java:329)
  at org.junit.runners.ParentRunner.access$100(ParentRunner.java:66)
  at org.junit.runners.ParentRunner$2.evaluate(ParentRunner.java:293)
  at org.junit.runners.ParentRunner$3.evaluate(ParentRunner.java:306)
  at org.junit.runners.ParentRunner.run(ParentRunner.java:413)
  at org.junit.runner.JUnitCore.run(JUnitCore.java:137)
  at org.junit.runner.JUnitCore.run(JUnitCore.java:115)
  at org.gradle.api.internal.tasks.testing.junit.JUnitTestExecutor.runRequest(JUnitTestExecutor.java:175)
  at org.gradle.api.internal.tasks.testing.junit.JUnitTestExecutor.accept(JUnitTestExecutor.java:84)
  at org.gradle.api.internal.tasks.testing.junit.JUnitTestExecutor.accept(JUnitTestExecutor.java:47)
  at org.gradle.api.internal.tasks.testing.junit.AbstractJUnitTestDefinitionProcessor.processTestDefinition(AbstractJUnitTestDefinitionProcessor.java:65)
  at org.gradle.api.internal.tasks.testing.SuiteTestDefinitionProcessor.processTestDefinition(SuiteTestDefinitionProcessor.java:54)
  at java.base/jdk.internal.reflect.DirectMethodHandleAccessor.invoke(DirectMethodHandleAccessor.java:104)
  at java.base/java.lang.reflect.Method.invoke(Method.java:565)
  at org.gradle.internal.dispatch.MethodInvocation.invokeOn(MethodInvocation.java:77)
  at org.gradle.internal.dispatch.ReflectionDispatch.dispatch(ReflectionDispatch.java:28)
  at org.gradle.internal.dispatch.ReflectionDispatch.dispatch(ReflectionDispatch.java:19)
  at org.gradle.internal.dispatch.ContextClassLoaderDispatch.dispatch(ContextClassLoaderDispatch.java:33)
  at org.gradle.internal.dispatch.ProxyDispatchAdapter$DispatchingInvocationHandler.invoke(ProxyDispatchAdapter.java:88)
  at jdk.proxy1/jdk.proxy1.$Proxy4.processTestDefinition(Unknown Source)
  at org.gradle.api.internal.tasks.testing.worker.TestWorker$2.run(TestWorker.java:178)
  at org.gradle.api.internal.tasks.testing.worker.TestWorker.executeAndMaintainThreadName(TestWorker.java:126)
  at org.gradle.api.internal.tasks.testing.worker.TestWorker.execute(TestWorker.java:103)
  at org.gradle.api.internal.tasks.testing.worker.TestWorker.execute(TestWorker.java:63)
  at org.gradle.process.internal.worker.child.ActionExecutionWorker.execute(ActionExecutionWorker.java:56)
  at org.gradle.process.internal.worker.child.SystemApplicationClassLoaderWorker.call(SystemApplicationClassLoaderWorker.java:122)
  at org.gradle.process.internal.worker.child.SystemApplicationClassLoaderWorker.call(SystemApplicationClassLoaderWorker.java:72)
  at worker.org.gradle.process.internal.worker.GradleWorkerMain.run(GradleWorkerMain.java:69)
  at worker.org.gradle.process.internal.worker.GradleWorkerMain.main(GradleWorkerMain.java:74)
</stacktrace>
</test-failure>


TypeScriptCompilerTests_G[jvm] > genericDefaultsErrors_ts has expected errors matching genericDefaultsErrors_errors_txt[jvm] FAILED

<test-failure test="com.xemantic.typescript.compiler.TypeScriptCompilerTests_G.genericSpecializations3_ts has expected errors matching genericSpecializations3_errors_txt" platform="jvm">
<message>
--- expected
+++ actual
@@ -1,25 +1,11 @@
-genericSpecializations3.ts(9,5): error TS2416: Property 'foo' in type 'IntFooBad' is not assignable to the same property in base type 'IFoo<number>'.
-  Type '(x: string) => string' is not assignable to type '(x: number) => number'.
-    Types of parameters 'x' and 'x' are incompatible.
-      Type 'number' is not assignable to type 'string'.
 genericSpecializations3.ts(9,30): error TS2322: Type 'null' is not assignable to type 'string'.
 genericSpecializations3.ts(15,30): error TS2322: Type 'null' is not assignable to type 'number'.
 genericSpecializations3.ts(21,30): error TS2322: Type 'null' is not assignable to type 'string'.
-genericSpecializations3.ts(28,1): error TS2322: Type 'StringFoo2' is not assignable to type 'IntFoo'.
-  Types of property 'foo' are incompatible.
-    Type '(x: string) => string' is not assignable to type '(x: number) => number'.
-      Types of parameters 'x' and 'x' are incompatible.
-        Type 'number' is not assignable to type 'string'.
-genericSpecializations3.ts(29,1): error TS2322: Type 'IntFoo' is not assignable to type 'StringFoo2'.
-  Types of property 'foo' are incompatible.
-    Type '(x: number) => number' is not assignable to type '(x: string) => string'.
-      Types of parameters 'x' and 'x' are incompatible.
-        Type 'string' is not assignable to type 'number'.
 genericSpecializations3.ts(33,23): error TS2322: Type 'null' is not assignable to type 'T'.
   'T' could be instantiated with an arbitrary type which could be unrelated to 'null'.
 
 
-==== genericSpecializations3.ts (7 errors) ====
+==== genericSpecializations3.ts (4 errors) ====
     interface IFoo<T> {
         foo(x: T): T;
     }
@@ -29,11 +15,6 @@
     
     class IntFooBad implements IFoo<number> { // error
         foo(x: string): string { return null; }
-        ~~~
-!!! error TS2416: Property 'foo' in type 'IntFooBad' is not assignable to the same property in base type 'IFoo<number>'.
-!!! error TS2416:   Type '(x: string) => string' is not assignable to type '(x: number) => number'.
-!!! error TS2416:     Types of parameters 'x' and 'x' are incompatible.
-!!! error TS2416:       Type 'number' is not assignable to type 'string'.
                                  ~~~~~~
 !!! error TS2322: Type 'null' is not assignable to type 'string'.
     }
@@ -59,19 +40,7 @@
     
     
     intFoo = stringFoo2; // error
-    ~~~~~~
-!!! error TS2322: Type 'StringFoo2' is not assignable to type 'IntFoo'.
-!!! error TS2322:   Types of property 'foo' are incompatible.
-!!! error TS2322:     Type '(x: string) => string' is not assignable to type '(x: number) => number'.
-!!! error TS2322:       Types of parameters 'x' and 'x' are incompatible.
-!!! error TS2322:         Type 'number' is not assignable to type 'string'.
     stringFoo2 = intFoo; // error
-    ~~~~~~~~~~
-!!! error TS2322: Type 'IntFoo' is not assignable to type 'StringFoo2'.
-!!! error TS2322:   Types of property 'foo' are incompatible.
-!!! error TS2322:     Type '(x: number) => number' is not assignable to type '(x: string) => string'.
-!!! error TS2322:       Types of parameters 'x' and 'x' are incompatible.
-!!! error TS2322:         Type 'string' is not assignable to type 'number'.
     
     
     class StringFoo3 implements IFoo<string> { // error

</message>
<stacktrace>
  at org.junit.Assert.fail(Assert.java:89)
  at kotlin.test.junit.JUnitAsserter.fail(JUnitSupport.kt:56)
  at kotlin.test.AssertionsKt__AssertionsKt.fail(Assertions.kt:563)
  at kotlin.test.AssertionsKt.fail(Unknown Source)
  at com.xemantic.kotlin.test.SameAsKt.sameAs(SameAs.kt:52)
  at com.xemantic.typescript.compiler.TypeScriptTestSupportKt.errorsMatchBaseline(TypeScriptTestSupport.kt:135)
  at com.xemantic.typescript.compiler.TypeScriptCompilerTests_G.genericSpecializations3_ts has expected errors matching genericSpecializations3_errors_txt(TypeScriptCompilerTests_G.kt:1652)
  at java.base/jdk.internal.reflect.DirectMethodHandleAccessor.invoke(DirectMethodHandleAccessor.java:104)
  at java.base/java.lang.reflect.Method.invoke(Method.java:565)
  at org.junit.runners.model.FrameworkMethod$1.runReflectiveCall(FrameworkMethod.java:59)
  at org.junit.internal.runners.model.ReflectiveCallable.run(ReflectiveCallable.java:12)
  at org.junit.runners.model.FrameworkMethod.invokeExplosively(FrameworkMethod.java:56)
  at org.junit.internal.runners.statements.InvokeMethod.evaluate(InvokeMethod.java:17)
  at org.junit.runners.ParentRunner$3.evaluate(ParentRunner.java:306)
  at org.junit.runners.BlockJUnit4ClassRunner$1.evaluate(BlockJUnit4ClassRunner.java:100)
  at org.junit.runners.ParentRunner.runLeaf(ParentRunner.java:366)
  at org.junit.runners.BlockJUnit4ClassRunner.runChild(BlockJUnit4ClassRunner.java:103)
  at org.junit.runners.BlockJUnit4ClassRunner.runChild(BlockJUnit4ClassRunner.java:63)
  at org.junit.runners.ParentRunner$4.run(ParentRunner.java:331)
  at org.junit.runners.ParentRunner$1.schedule(ParentRunner.java:79)
  at org.junit.runners.ParentRunner.runChildren(ParentRunner.java:329)
  at org.junit.runners.ParentRunner.access$100(ParentRunner.java:66)
  at org.junit.runners.ParentRunner$2.evaluate(ParentRunner.java:293)
  at org.junit.runners.ParentRunner$3.evaluate(ParentRunner.java:306)
  at org.junit.runners.ParentRunner.run(ParentRunner.java:413)
  at org.junit.runner.JUnitCore.run(JUnitCore.java:137)
  at org.junit.runner.JUnitCore.run(JUnitCore.java:115)
  at org.gradle.api.internal.tasks.testing.junit.JUnitTestExecutor.runRequest(JUnitTestExecutor.java:175)
  at org.gradle.api.internal.tasks.testing.junit.JUnitTestExecutor.accept(JUnitTestExecutor.java:84)
  at org.gradle.api.internal.tasks.testing.junit.JUnitTestExecutor.accept(JUnitTestExecutor.java:47)
  at org.gradle.api.internal.tasks.testing.junit.AbstractJUnitTestDefinitionProcessor.processTestDefinition(AbstractJUnitTestDefinitionProcessor.java:65)
  at org.gradle.api.internal.tasks.testing.SuiteTestDefinitionProcessor.processTestDefinition(SuiteTestDefinitionProcessor.java:54)
  at java.base/jdk.internal.reflect.DirectMethodHandleAccessor.invoke(DirectMethodHandleAccessor.java:104)
  at java.base/java.lang.reflect.Method.invoke(Method.java:565)
  at org.gradle.internal.dispatch.MethodInvocation.invokeOn(MethodInvocation.java:77)
  at org.gradle.internal.dispatch.ReflectionDispatch.dispatch(ReflectionDispatch.java:28)
  at org.gradle.internal.dispatch.ReflectionDispatch.dispatch(ReflectionDispatch.java:19)
  at org.gradle.internal.dispatch.ContextClassLoaderDispatch.dispatch(ContextClassLoaderDispatch.java:33)
  at org.gradle.internal.dispatch.ProxyDispatchAdapter$DispatchingInvocationHandler.invoke(ProxyDispatchAdapter.java:88)
  at jdk.proxy1/jdk.proxy1.$Proxy4.processTestDefinition(Unknown Source)
  at org.gradle.api.internal.tasks.testing.worker.TestWorker$2.run(TestWorker.java:178)
  at org.gradle.api.internal.tasks.testing.worker.TestWorker.executeAndMaintainThreadName(TestWorker.java:126)
  at org.gradle.api.internal.tasks.testing.worker.TestWorker.execute(TestWorker.java:103)
  at org.gradle.api.internal.tasks.testing.worker.TestWorker.execute(TestWorker.java:63)
  at org.gradle.process.internal.worker.child.ActionExecutionWorker.execute(ActionExecutionWorker.java:56)
  at org.gradle.process.internal.worker.child.SystemApplicationClassLoaderWorker.call(SystemApplicationClassLoaderWorker.java:122)
  at org.gradle.process.internal.worker.child.SystemApplicationClassLoaderWorker.call(SystemApplicationClassLoaderWorker.java:72)
  at worker.org.gradle.process.internal.worker.GradleWorkerMain.run(GradleWorkerMain.java:69)
  at worker.org.gradle.process.internal.worker.GradleWorkerMain.main(GradleWorkerMain.java:74)
</stacktrace>
</test-failure>


TypeScriptCompilerTests_G[jvm] > genericSpecializations3_ts has expected errors matching genericSpecializations3_errors_txt[jvm] FAILED

<test-failure test="com.xemantic.typescript.compiler.TypeScriptCompilerTests_G.genericConstraint2_ts has expected errors matching genericConstraint2_errors_txt" platform="jvm">
<message>
--- expected
+++ actual
@@ -1,10 +1,8 @@
-genericConstraint2.ts(11,7): error TS2420: Class 'ComparableString' incorrectly implements interface 'Comparable<string>'.
-  Property 'comparer' is missing in type 'ComparableString' but required in type 'Comparable<string>'.
-genericConstraint2.ts(21,17): error TS2344: Type 'ComparableString' does not satisfy the constraint 'Comparable<ComparableString>'.
-  Property 'comparer' is missing in type 'ComparableString' but required in type 'Comparable<ComparableString>'.
+genericConstraint2.ts(11,7): error TS2420: Class 'ComparableString' incorrectly implements interface 'Comparable'.
+  Property 'comparer' is missing in type 'ComparableString' but required in type 'Comparable'.
 
 
-==== genericConstraint2.ts (2 errors) ====
+==== genericConstraint2.ts (1 errors) ====
     interface Comparable<T> {
         comparer(other: T): number;
     }
@@ -17,8 +15,8 @@
     
     class ComparableString implements Comparable<string>{
           ~~~~~~~~~~~~~~~~
-!!! error TS2420: Class 'ComparableString' incorrectly implements interface 'Comparable<string>'.
-!!! error TS2420:   Property 'comparer' is missing in type 'ComparableString' but required in type 'Comparable<string>'.
+!!! error TS2420: Class 'ComparableString' incorrectly implements interface 'Comparable'.
+!!! error TS2420:   Property 'comparer' is missing in type 'ComparableString' but required in type 'Comparable'.
 !!! related TS2728 genericConstraint2.ts:2:5: 'comparer' is declared here.
         constructor(public currentValue: string) { }
     
@@ -30,7 +28,3 @@
     var a = new ComparableString("a");
     var b = new ComparableString("b");
     var c = compare<ComparableString>(a, b);
-                    ~~~~~~~~~~~~~~~~
-!!! error TS2344: Type 'ComparableString' does not satisfy the constraint 'Comparable<ComparableString>'.
-!!! error TS2344:   Property 'comparer' is missing in type 'ComparableString' but required in type 'Comparable<ComparableString>'.
-!!! related TS2728 genericConstraint2.ts:2:5: 'comparer' is declared here.

</message>
<stacktrace>
  at org.junit.Assert.fail(Assert.java:89)
  at kotlin.test.junit.JUnitAsserter.fail(JUnitSupport.kt:56)
  at kotlin.test.AssertionsKt__AssertionsKt.fail(Assertions.kt:563)
  at kotlin.test.AssertionsKt.fail(Unknown Source)
  at com.xemantic.kotlin.test.SameAsKt.sameAs(SameAs.kt:52)
  at com.xemantic.typescript.compiler.TypeScriptTestSupportKt.errorsMatchBaseline(TypeScriptTestSupport.kt:135)
  at com.xemantic.typescript.compiler.TypeScriptCompilerTests_G.genericConstraint2_ts has expected errors matching genericConstraint2_errors_txt(TypeScriptCompilerTests_G.kt:707)
  at java.base/jdk.internal.reflect.DirectMethodHandleAccessor.invoke(DirectMethodHandleAccessor.java:104)
  at java.base/java.lang.reflect.Method.invoke(Method.java:565)
  at org.junit.runners.model.FrameworkMethod$1.runReflectiveCall(FrameworkMethod.java:59)
  at org.junit.internal.runners.model.ReflectiveCallable.run(ReflectiveCallable.java:12)
  at org.junit.runners.model.FrameworkMethod.invokeExplosively(FrameworkMethod.java:56)
  at org.junit.internal.runners.statements.InvokeMethod.evaluate(InvokeMethod.java:17)
  at org.junit.runners.ParentRunner$3.evaluate(ParentRunner.java:306)
  at org.junit.runners.BlockJUnit4ClassRunner$1.evaluate(BlockJUnit4ClassRunner.java:100)
  at org.junit.runners.ParentRunner.runLeaf(ParentRunner.java:366)
  at org.junit.runners.BlockJUnit4ClassRunner.runChild(BlockJUnit4ClassRunner.java:103)
  at org.junit.runners.BlockJUnit4ClassRunner.runChild(BlockJUnit4ClassRunner.java:63)
  at org.junit.runners.ParentRunner$4.run(ParentRunner.java:331)
  at org.junit.runners.ParentRunner$1.schedule(ParentRunner.java:79)
  at org.junit.runners.ParentRunner.runChildren(ParentRunner.java:329)
  at org.junit.runners.ParentRunner.access$100(ParentRunner.java:66)
  at org.junit.runners.ParentRunner$2.evaluate(ParentRunner.java:293)
  at org.junit.runners.ParentRunner$3.evaluate(ParentRunner.java:306)
  at org.junit.runners.ParentRunner.run(ParentRunner.java:413)
  at org.junit.runner.JUnitCore.run(JUnitCore.java:137)
  at org.junit.runner.JUnitCore.run(JUnitCore.java:115)
  at org.gradle.api.internal.tasks.testing.junit.JUnitTestExecutor.runRequest(JUnitTestExecutor.java:175)
  at org.gradle.api.internal.tasks.testing.junit.JUnitTestExecutor.accept(JUnitTestExecutor.java:84)
  at org.gradle.api.internal.tasks.testing.junit.JUnitTestExecutor.accept(JUnitTestExecutor.java:47)
  at org.gradle.api.internal.tasks.testing.junit.AbstractJUnitTestDefinitionProcessor.processTestDefinition(AbstractJUnitTestDefinitionProcessor.java:65)
  at org.gradle.api.internal.tasks.testing.SuiteTestDefinitionProcessor.processTestDefinition(SuiteTestDefinitionProcessor.java:54)
  at java.base/jdk.internal.reflect.DirectMethodHandleAccessor.invoke(DirectMethodHandleAccessor.java:104)
  at java.base/java.lang.reflect.Method.invoke(Method.java:565)
  at org.gradle.internal.dispatch.MethodInvocation.invokeOn(MethodInvocation.java:77)
  at org.gradle.internal.dispatch.ReflectionDispatch.dispatch(ReflectionDispatch.java:28)
  at org.gradle.internal.dispatch.ReflectionDispatch.dispatch(ReflectionDispatch.java:19)
  at org.gradle.internal.dispatch.ContextClassLoaderDispatch.dispatch(ContextClassLoaderDispatch.java:33)
  at org.gradle.internal.dispatch.ProxyDispatchAdapter$DispatchingInvocationHandler.invoke(ProxyDispatchAdapter.java:88)
  at jdk.proxy1/jdk.proxy1.$Proxy4.processTestDefinition(Unknown Source)
  at org.gradle.api.internal.tasks.testing.worker.TestWorker$2.run(TestWorker.java:178)
  at org.gradle.api.internal.tasks.testing.worker.TestWorker.executeAndMaintainThreadName(TestWorker.java:126)
  at org.gradle.api.internal.tasks.testing.worker.TestWorker.execute(TestWorker.java:103)
  at org.gradle.api.internal.tasks.testing.worker.TestWorker.execute(TestWorker.java:63)
  at org.gradle.process.internal.worker.child.ActionExecutionWorker.execute(ActionExecutionWorker.java:56)
  at org.gradle.process.internal.worker.child.SystemApplicationClassLoaderWorker.call(SystemApplicationClassLoaderWorker.java:122)
  at org.gradle.process.internal.worker.child.SystemApplicationClassLoaderWorker.call(SystemApplicationClassLoaderWorker.java:72)
  at worker.org.gradle.process.internal.worker.GradleWorkerMain.run(GradleWorkerMain.java:69)
  at worker.org.gradle.process.internal.worker.GradleWorkerMain.main(GradleWorkerMain.java:74)
</stacktrace>
</test-failure>


TypeScriptCompilerTests_G[jvm] > genericConstraint2_ts has expected errors matching genericConstraint2_errors_txt[jvm] FAILED

<test-failure test="com.xemantic.typescript.compiler.TypeScriptCompilerTests_G.gettersAndSettersErrors_ts has expected errors matching gettersAndSettersErrors_errors_txt" platform="jvm">
<message>
--- expected
+++ actual
@@ -1,13 +1,9 @@
 gettersAndSettersErrors.ts(5,12): error TS2300: Duplicate identifier 'Foo'.
-gettersAndSettersErrors.ts(5,12): error TS2717: Subsequent property declarations must have the same type.  Property 'Foo' must be of type 'string', but here has type 'number'.
 gettersAndSettersErrors.ts(6,16): error TS1054: A 'get' accessor cannot have parameters.
 gettersAndSettersErrors.ts(6,38): error TS2322: Type 'null' is not assignable to type 'string'.
-gettersAndSettersErrors.ts(7,16): error TS1095: A 'set' accessor cannot have a return type annotation.
-gettersAndSettersErrors.ts(11,17): error TS2808: A get accessor must be at least as accessible as the setter
-gettersAndSettersErrors.ts(12,16): error TS2808: A get accessor must be at least as accessible as the setter
 
 
-==== gettersAndSettersErrors.ts (7 errors) ====
+==== gettersAndSettersErrors.ts (3 errors) ====
     class C {
         public get Foo() { return "foo";} // ok
         public set Foo(foo:string) {} // ok
@@ -15,24 +11,15 @@
         public Foo = 0; // error - duplicate identifier Foo - confirmed
                ~~~
 !!! error TS2300: Duplicate identifier 'Foo'.
-               ~~~
-!!! error TS2717: Subsequent property declarations must have the same type.  Property 'Foo' must be of type 'string', but here has type 'number'.
-!!! related TS6203 gettersAndSettersErrors.ts:2:16: 'Foo' was also declared here.
         public get Goo(v:string):string {return null;} // error - getters must not have a parameter
                    ~~~
 !!! error TS1054: A 'get' accessor cannot have parameters.
                                          ~~~~~~
 !!! error TS2322: Type 'null' is not assignable to type 'string'.
         public set Goo(v:string):string {} // error - setters must not specify a return type
-                   ~~~
-!!! error TS1095: A 'set' accessor cannot have a return type annotation.
     }
     
     class E {
         private get Baz():number { return 0; }
-                    ~~~
-!!! error TS2808: A get accessor must be at least as accessible as the setter
         public set Baz(n:number) {} // error - accessors do not agree in visibility
-                   ~~~
-!!! error TS2808: A get accessor must be at least as accessible as the setter
     }

</message>
<stacktrace>
  at org.junit.Assert.fail(Assert.java:89)
  at kotlin.test.junit.JUnitAsserter.fail(JUnitSupport.kt:56)
  at kotlin.test.AssertionsKt__AssertionsKt.fail(Assertions.kt:563)
  at kotlin.test.AssertionsKt.fail(Unknown Source)
  at com.xemantic.kotlin.test.SameAsKt.sameAs(SameAs.kt:52)
  at com.xemantic.typescript.compiler.TypeScriptTestSupportKt.errorsMatchBaseline(TypeScriptTestSupport.kt:135)
  at com.xemantic.typescript.compiler.TypeScriptCompilerTests_G.gettersAndSettersErrors_ts has expected errors matching gettersAndSettersErrors_errors_txt(TypeScriptCompilerTests_G.kt:2317)
  at java.base/jdk.internal.reflect.DirectMethodHandleAccessor.invoke(DirectMethodHandleAccessor.java:104)
  at java.base/java.lang.reflect.Method.invoke(Method.java:565)
  at org.junit.runners.model.FrameworkMethod$1.runReflectiveCall(FrameworkMethod.java:59)
  at org.junit.internal.runners.model.ReflectiveCallable.run(ReflectiveCallable.java:12)
  at org.junit.runners.model.FrameworkMethod.invokeExplosively(FrameworkMethod.java:56)
  at org.junit.internal.runners.statements.InvokeMethod.evaluate(InvokeMethod.java:17)
  at org.junit.runners.ParentRunner$3.evaluate(ParentRunner.java:306)
  at org.junit.runners.BlockJUnit4ClassRunner$1.evaluate(BlockJUnit4ClassRunner.java:100)
  at org.junit.runners.ParentRunner.runLeaf(ParentRunner.java:366)
  at org.junit.runners.BlockJUnit4ClassRunner.runChild(BlockJUnit4ClassRunner.java:103)
  at org.junit.runners.BlockJUnit4ClassRunner.runChild(BlockJUnit4ClassRunner.java:63)
  at org.junit.runners.ParentRunner$4.run(ParentRunner.java:331)
  at org.junit.runners.ParentRunner$1.schedule(ParentRunner.java:79)
  at org.junit.runners.ParentRunner.runChildren(ParentRunner.java:329)
  at org.junit.runners.ParentRunner.access$100(ParentRunner.java:66)
  at org.junit.runners.ParentRunner$2.evaluate(ParentRunner.java:293)
  at org.junit.runners.ParentRunner$3.evaluate(ParentRunner.java:306)
  at org.junit.runners.ParentRunner.run(ParentRunner.java:413)
  at org.junit.runner.JUnitCore.run(JUnitCore.java:137)
  at org.junit.runner.JUnitCore.run(JUnitCore.java:115)
  at org.gradle.api.internal.tasks.testing.junit.JUnitTestExecutor.runRequest(JUnitTestExecutor.java:175)
  at org.gradle.api.internal.tasks.testing.junit.JUnitTestExecutor.accept(JUnitTestExecutor.java:84)
  at org.gradle.api.internal.tasks.testing.junit.JUnitTestExecutor.accept(JUnitTestExecutor.java:47)
  at org.gradle.api.internal.tasks.testing.junit.AbstractJUnitTestDefinitionProcessor.processTestDefinition(AbstractJUnitTestDefinitionProcessor.java:65)
  at org.gradle.api.internal.tasks.testing.SuiteTestDefinitionProcessor.processTestDefinition(SuiteTestDefinitionProcessor.java:54)
  at java.base/jdk.internal.reflect.DirectMethodHandleAccessor.invoke(DirectMethodHandleAccessor.java:104)
  at java.base/java.lang.reflect.Method.invoke(Method.java:565)
  at org.gradle.internal.dispatch.MethodInvocation.invokeOn(MethodInvocation.java:77)
  at org.gradle.internal.dispatch.ReflectionDispatch.dispatch(ReflectionDispatch.java:28)
  at org.gradle.internal.dispatch.ReflectionDispatch.dispatch(ReflectionDispatch.java:19)
  at org.gradle.internal.dispatch.ContextClassLoaderDispatch.dispatch(ContextClassLoaderDispatch.java:33)
  at org.gradle.internal.dispatch.ProxyDispatchAdapter$DispatchingInvocationHandler.invoke(ProxyDispatchAdapter.java:88)
  at jdk.proxy1/jdk.proxy1.$Proxy4.processTestDefinition(Unknown Source)
  at org.gradle.api.internal.tasks.testing.worker.TestWorker$2.run(TestWorker.java:178)
  at org.gradle.api.internal.tasks.testing.worker.TestWorker.executeAndMaintainThreadName(TestWorker.java:126)
  at org.gradle.api.internal.tasks.testing.worker.TestWorker.execute(TestWorker.java:103)
  at org.gradle.api.internal.tasks.testing.worker.TestWorker.execute(TestWorker.java:63)
  at org.gradle.process.internal.worker.child.ActionExecutionWorker.execute(ActionExecutionWorker.java:56)
  at org.gradle.process.internal.worker.child.SystemApplicationClassLoaderWorker.call(SystemApplicationClassLoaderWorker.java:122)
  at org.gradle.process.internal.worker.child.SystemApplicationClassLoaderWorker.call(SystemApplicationClassLoaderWorker.java:72)
  at worker.org.gradle.process.internal.worker.GradleWorkerMain.run(GradleWorkerMain.java:69)
  at worker.org.gradle.process.internal.worker.GradleWorkerMain.main(GradleWorkerMain.java:74)
</stacktrace>
</test-failure>


TypeScriptCompilerTests_G[jvm] > gettersAndSettersErrors_ts has expected errors matching gettersAndSettersErrors_errors_txt[jvm] FAILED

<test-failure test="com.xemantic.typescript.compiler.TypeScriptCompilerTests_G.genericFunctionInference1_ts has expected errors matching genericFunctionInference1_errors_txt" platform="jvm">
<message>
Expected diagnostics from baseline typescript-repo/tests/baselines/reference/genericFunctionInference1.errors.txt but none produced
</message>
<stacktrace>
  at com.xemantic.typescript.compiler.TypeScriptTestSupportKt.errorsMatchBaseline(TypeScriptTestSupport.kt:125)
  at com.xemantic.typescript.compiler.TypeScriptCompilerTests_G.genericFunctionInference1_ts has expected errors matching genericFunctionInference1_errors_txt(TypeScriptCompilerTests_G.kt:896)
  at java.base/jdk.internal.reflect.DirectMethodHandleAccessor.invoke(DirectMethodHandleAccessor.java:104)
  at java.base/java.lang.reflect.Method.invoke(Method.java:565)
  at org.junit.runners.model.FrameworkMethod$1.runReflectiveCall(FrameworkMethod.java:59)
  at org.junit.internal.runners.model.ReflectiveCallable.run(ReflectiveCallable.java:12)
  at org.junit.runners.model.FrameworkMethod.invokeExplosively(FrameworkMethod.java:56)
  at org.junit.internal.runners.statements.InvokeMethod.evaluate(InvokeMethod.java:17)
  at org.junit.runners.ParentRunner$3.evaluate(ParentRunner.java:306)
  at org.junit.runners.BlockJUnit4ClassRunner$1.evaluate(BlockJUnit4ClassRunner.java:100)
  at org.junit.runners.ParentRunner.runLeaf(ParentRunner.java:366)
  at org.junit.runners.BlockJUnit4ClassRunner.runChild(BlockJUnit4ClassRunner.java:103)
  at org.junit.runners.BlockJUnit4ClassRunner.runChild(BlockJUnit4ClassRunner.java:63)
  at org.junit.runners.ParentRunner$4.run(ParentRunner.java:331)
  at org.junit.runners.ParentRunner$1.schedule(ParentRunner.java:79)
  at org.junit.runners.ParentRunner.runChildren(ParentRunner.java:329)
  at org.junit.runners.ParentRunner.access$100(ParentRunner.java:66)
  at org.junit.runners.ParentRunner$2.evaluate(ParentRunner.java:293)
  at org.junit.runners.ParentRunner$3.evaluate(ParentRunner.java:306)
  at org.junit.runners.ParentRunner.run(ParentRunner.java:413)
  at org.junit.runner.JUnitCore.run(JUnitCore.java:137)
  at org.junit.runner.JUnitCore.run(JUnitCore.java:115)
  at org.gradle.api.internal.tasks.testing.junit.JUnitTestExecutor.runRequest(JUnitTestExecutor.java:175)
  at org.gradle.api.internal.tasks.testing.junit.JUnitTestExecutor.accept(JUnitTestExecutor.java:84)
  at org.gradle.api.internal.tasks.testing.junit.JUnitTestExecutor.accept(JUnitTestExecutor.java:47)
  at org.gradle.api.internal.tasks.testing.junit.AbstractJUnitTestDefinitionProcessor.processTestDefinition(AbstractJUnitTestDefinitionProcessor.java:65)
  at org.gradle.api.internal.tasks.testing.SuiteTestDefinitionProcessor.processTestDefinition(SuiteTestDefinitionProcessor.java:54)
  at java.base/jdk.internal.reflect.DirectMethodHandleAccessor.invoke(DirectMethodHandleAccessor.java:104)
  at java.base/java.lang.reflect.Method.invoke(Method.java:565)
  at org.gradle.internal.dispatch.MethodInvocation.invokeOn(MethodInvocation.java:77)
  at org.gradle.internal.dispatch.ReflectionDispatch.dispatch(ReflectionDispatch.java:28)
  at org.gradle.internal.dispatch.ReflectionDispatch.dispatch(ReflectionDispatch.java:19)
  at org.gradle.internal.dispatch.ContextClassLoaderDispatch.dispatch(ContextClassLoaderDispatch.java:33)
  at org.gradle.internal.dispatch.ProxyDispatchAdapter$DispatchingInvocationHandler.invoke(ProxyDispatchAdapter.java:88)
  at jdk.proxy1/jdk.proxy1.$Proxy4.processTestDefinition(Unknown Source)
  at org.gradle.api.internal.tasks.testing.worker.TestWorker$2.run(TestWorker.java:178)
  at org.gradle.api.internal.tasks.testing.worker.TestWorker.executeAndMaintainThreadName(TestWorker.java:126)
  at org.gradle.api.internal.tasks.testing.worker.TestWorker.execute(TestWorker.java:103)
  at org.gradle.api.internal.tasks.testing.worker.TestWorker.execute(TestWorker.java:63)
  at org.gradle.process.internal.worker.child.ActionExecutionWorker.execute(ActionExecutionWorker.java:56)
  at org.gradle.process.internal.worker.child.SystemApplicationClassLoaderWorker.call(SystemApplicationClassLoaderWorker.java:122)
  at org.gradle.process.internal.worker.child.SystemApplicationClassLoaderWorker.call(SystemApplicationClassLoaderWorker.java:72)
  at worker.org.gradle.process.internal.worker.GradleWorkerMain.run(GradleWorkerMain.java:69)
  at worker.org.gradle.process.internal.worker.GradleWorkerMain.main(GradleWorkerMain.java:74)
</stacktrace>
</test-failure>


TypeScriptCompilerTests_G[jvm] > genericFunctionInference1_ts has expected errors matching genericFunctionInference1_errors_txt[jvm] FAILED

<test-failure test="com.xemantic.typescript.compiler.TypeScriptCompilerTests_G.genericConstraint1_ts has expected errors matching genericConstraint1_errors_txt" platform="jvm">
<message>
--- expected
+++ actual
@@ -1,9 +1,8 @@
 genericConstraint1.ts(3,9): error TS2322: Type 'null' is not assignable to type 'T'.
   'T' could be instantiated with an arbitrary type which could be unrelated to 'null'.
-genericConstraint1.ts(8,8): error TS2344: Type 'string' does not satisfy the constraint 'number'.
 
 
-==== genericConstraint1.ts (2 errors) ====
+==== genericConstraint1.ts (1 errors) ====
     class C<T> {
         public bar2<U extends T>(x: T, y: U): T {
             return null;
@@ -15,5 +14,3 @@
     
     var x = new C<number>();
     x.bar2<string>(2, "");
-           ~~~~~~
-!!! error TS2344: Type 'string' does not satisfy the constraint 'number'.

</message>
<stacktrace>
  at org.junit.Assert.fail(Assert.java:89)
  at kotlin.test.junit.JUnitAsserter.fail(JUnitSupport.kt:56)
  at kotlin.test.AssertionsKt__AssertionsKt.fail(Assertions.kt:563)
  at kotlin.test.AssertionsKt.fail(Unknown Source)
  at com.xemantic.kotlin.test.SameAsKt.sameAs(SameAs.kt:52)
  at com.xemantic.typescript.compiler.TypeScriptTestSupportKt.errorsMatchBaseline(TypeScriptTestSupport.kt:135)
  at com.xemantic.typescript.compiler.TypeScriptCompilerTests_G.genericConstraint1_ts has expected errors matching genericConstraint1_errors_txt(TypeScriptCompilerTests_G.kt:693)
  at java.base/jdk.internal.reflect.DirectMethodHandleAccessor.invoke(DirectMethodHandleAccessor.java:104)
  at java.base/java.lang.reflect.Method.invoke(Method.java:565)
  at org.junit.runners.model.FrameworkMethod$1.runReflectiveCall(FrameworkMethod.java:59)
  at org.junit.internal.runners.model.ReflectiveCallable.run(ReflectiveCallable.java:12)
  at org.junit.runners.model.FrameworkMethod.invokeExplosively(FrameworkMethod.java:56)
  at org.junit.internal.runners.statements.InvokeMethod.evaluate(InvokeMethod.java:17)
  at org.junit.runners.ParentRunner$3.evaluate(ParentRunner.java:306)
  at org.junit.runners.BlockJUnit4ClassRunner$1.evaluate(BlockJUnit4ClassRunner.java:100)
  at org.junit.runners.ParentRunner.runLeaf(ParentRunner.java:366)
  at org.junit.runners.BlockJUnit4ClassRunner.runChild(BlockJUnit4ClassRunner.java:103)
  at org.junit.runners.BlockJUnit4ClassRunner.runChild(BlockJUnit4ClassRunner.java:63)
  at org.junit.runners.ParentRunner$4.run(ParentRunner.java:331)
  at org.junit.runners.ParentRunner$1.schedule(ParentRunner.java:79)
  at org.junit.runners.ParentRunner.runChildren(ParentRunner.java:329)
  at org.junit.runners.ParentRunner.access$100(ParentRunner.java:66)
  at org.junit.runners.ParentRunner$2.evaluate(ParentRunner.java:293)
  at org.junit.runners.ParentRunner$3.evaluate(ParentRunner.java:306)
  at org.junit.runners.ParentRunner.run(ParentRunner.java:413)
  at org.junit.runner.JUnitCore.run(JUnitCore.java:137)
  at org.junit.runner.JUnitCore.run(JUnitCore.java:115)
  at org.gradle.api.internal.tasks.testing.junit.JUnitTestExecutor.runRequest(JUnitTestExecutor.java:175)
  at org.gradle.api.internal.tasks.testing.junit.JUnitTestExecutor.accept(JUnitTestExecutor.java:84)
  at org.gradle.api.internal.tasks.testing.junit.JUnitTestExecutor.accept(JUnitTestExecutor.java:47)
  at org.gradle.api.internal.tasks.testing.junit.AbstractJUnitTestDefinitionProcessor.processTestDefinition(AbstractJUnitTestDefinitionProcessor.java:65)
  at org.gradle.api.internal.tasks.testing.SuiteTestDefinitionProcessor.processTestDefinition(SuiteTestDefinitionProcessor.java:54)
  at java.base/jdk.internal.reflect.DirectMethodHandleAccessor.invoke(DirectMethodHandleAccessor.java:104)
  at java.base/java.lang.reflect.Method.invoke(Method.java:565)
  at org.gradle.internal.dispatch.MethodInvocation.invokeOn(MethodInvocation.java:77)
  at org.gradle.internal.dispatch.ReflectionDispatch.dispatch(ReflectionDispatch.java:28)
  at org.gradle.internal.dispatch.ReflectionDispatch.dispatch(ReflectionDispatch.java:19)
  at org.gradle.internal.dispatch.ContextClassLoaderDispatch.dispatch(ContextClassLoaderDispatch.java:33)
  at org.gradle.internal.dispatch.ProxyDispatchAdapter$DispatchingInvocationHandler.invoke(ProxyDispatchAdapter.java:88)
  at jdk.proxy1/jdk.proxy1.$Proxy4.processTestDefinition(Unknown Source)
  at org.gradle.api.internal.tasks.testing.worker.TestWorker$2.run(TestWorker.java:178)
  at org.gradle.api.internal.tasks.testing.worker.TestWorker.executeAndMaintainThreadName(TestWorker.java:126)
  at org.gradle.api.internal.tasks.testing.worker.TestWorker.execute(TestWorker.java:103)
  at org.gradle.api.internal.tasks.testing.worker.TestWorker.execute(TestWorker.java:63)
  at org.gradle.process.internal.worker.child.ActionExecutionWorker.execute(ActionExecutionWorker.java:56)
  at org.gradle.process.internal.worker.child.SystemApplicationClassLoaderWorker.call(SystemApplicationClassLoaderWorker.java:122)
  at org.gradle.process.internal.worker.child.SystemApplicationClassLoaderWorker.call(SystemApplicationClassLoaderWorker.java:72)
  at worker.org.gradle.process.internal.worker.GradleWorkerMain.run(GradleWorkerMain.java:69)
  at worker.org.gradle.process.internal.worker.GradleWorkerMain.main(GradleWorkerMain.java:74)
</stacktrace>
</test-failure>


TypeScriptCompilerTests_G[jvm] > genericConstraint1_ts has expected errors matching genericConstraint1_errors_txt[jvm] FAILED

<test-failure test="com.xemantic.typescript.compiler.TypeScriptCompilerTests_G.genericMappedTypeAsClause_ts has expected errors matching genericMappedTypeAsClause_errors_txt" platform="jvm">
<message>
--- expected
+++ actual
@@ -1,14 +1,7 @@
-genericMappedTypeAsClause.ts(11,36): error TS2322: Type 'string' is not assignable to type 'number'.
-genericMappedTypeAsClause.ts(14,11): error TS2322: Type 'number' is not assignable to type 'MappedModel<T>'.
-genericMappedTypeAsClause.ts(15,11): error TS2322: Type 'string' is not assignable to type 'MappedModel<T>'.
-genericMappedTypeAsClause.ts(16,11): error TS2322: Type 'number[]' is not assignable to type 'MappedModel<T>'.
-genericMappedTypeAsClause.ts(17,11): error TS2322: Type 'boolean' is not assignable to type 'MappedModel<T>'.
-genericMappedTypeAsClause.ts(18,34): error TS2353: Object literal may only specify known properties, and 'a' does not exist in type 'MappedModel<T>'.
 genericMappedTypeAsClause.ts(19,11): error TS2322: Type 'undefined' is not assignable to type 'MappedModel<T>'.
-genericMappedTypeAsClause.ts(25,60): error TS2312: An interface can only extend an object type or intersection of object types with statically known members.
 
 
-==== genericMappedTypeAsClause.ts (8 errors) ====
+==== genericMappedTypeAsClause.ts (1 errors) ====
     type Model = {
         a: string;
         b: number;
@@ -20,26 +13,13 @@
     
     const foo1: MappedModel<'Foo'> = { aFoo: 'test', bFoo: 42 };
     const foo2: MappedModel<'Foo'> = { bFoo: 'bar' };  // Error
-                                       ~~~~
-!!! error TS2322: Type 'string' is not assignable to type 'number'.
-!!! related TS6500 genericMappedTypeAsClause.ts:6:43: The expected type comes from property 'bFoo' which is declared here on type 'MappedModel<"Foo">'
     
     function f1<T extends string>() {
         const x1: MappedModel<T> = 42;  // Error
-              ~~
-!!! error TS2322: Type 'number' is not assignable to type 'MappedModel<T>'.
         const x2: MappedModel<T> = 'test';  // Error
-              ~~
-!!! error TS2322: Type 'string' is not assignable to type 'MappedModel<T>'.
         const x3: MappedModel<T> = [1, 2, 3];  // Error
-              ~~
-!!! error TS2322: Type 'number[]' is not assignable to type 'MappedModel<T>'.
         const x4: MappedModel<T> = false;  // Error
-              ~~
-!!! error TS2322: Type 'boolean' is not assignable to type 'MappedModel<T>'.
         const x5: MappedModel<T> = { a: 'bar', b: 42 };  // Error
-                                     ~
-!!! error TS2353: Object literal may only specify known properties, and 'a' does not exist in type 'MappedModel<T>'.
         const x6: MappedModel<T> = undefined;  // Error
               ~~
 !!! error TS2322: Type 'undefined' is not assignable to type 'MappedModel<T>'.
@@ -49,5 +29,3 @@
     
     type RemapRecord<K extends keyof any, V> = { [_ in never as K]: V }
     interface RecordInterface2<K extends keyof any, V> extends RemapRecord<K, V> {} // should error
-                                                               ~~~~~~~~~~~~~~~~~
-!!! error TS2312: An interface can only extend an object type or intersection of object types with statically known members.

</message>
<stacktrace>
  at org.junit.Assert.fail(Assert.java:89)
  at kotlin.test.junit.JUnitAsserter.fail(JUnitSupport.kt:56)
  at kotlin.test.AssertionsKt__AssertionsKt.fail(Assertions.kt:563)
  at kotlin.test.AssertionsKt.fail(Unknown Source)
  at com.xemantic.kotlin.test.SameAsKt.sameAs(SameAs.kt:52)
  at com.xemantic.typescript.compiler.TypeScriptTestSupportKt.errorsMatchBaseline(TypeScriptTestSupport.kt:135)
  at com.xemantic.typescript.compiler.TypeScriptCompilerTests_G.genericMappedTypeAsClause_ts has expected errors matching genericMappedTypeAsClause_errors_txt(TypeScriptCompilerTests_G.kt:1267)
  at java.base/jdk.internal.reflect.DirectMethodHandleAccessor.invoke(DirectMethodHandleAccessor.java:104)
  at java.base/java.lang.reflect.Method.invoke(Method.java:565)
  at org.junit.runners.model.FrameworkMethod$1.runReflectiveCall(FrameworkMethod.java:59)
  at org.junit.internal.runners.model.ReflectiveCallable.run(ReflectiveCallable.java:12)
  at org.junit.runners.model.FrameworkMethod.invokeExplosively(FrameworkMethod.java:56)
  at org.junit.internal.runners.statements.InvokeMethod.evaluate(InvokeMethod.java:17)
  at org.junit.runners.ParentRunner$3.evaluate(ParentRunner.java:306)
  at org.junit.runners.BlockJUnit4ClassRunner$1.evaluate(BlockJUnit4ClassRunner.java:100)
  at org.junit.runners.ParentRunner.runLeaf(ParentRunner.java:366)
  at org.junit.runners.BlockJUnit4ClassRunner.runChild(BlockJUnit4ClassRunner.java:103)
  at org.junit.runners.BlockJUnit4ClassRunner.runChild(BlockJUnit4ClassRunner.java:63)
  at org.junit.runners.ParentRunner$4.run(ParentRunner.java:331)
  at org.junit.runners.ParentRunner$1.schedule(ParentRunner.java:79)
  at org.junit.runners.ParentRunner.runChildren(ParentRunner.java:329)
  at org.junit.runners.ParentRunner.access$100(ParentRunner.java:66)
  at org.junit.runners.ParentRunner$2.evaluate(ParentRunner.java:293)
  at org.junit.runners.ParentRunner$3.evaluate(ParentRunner.java:306)
  at org.junit.runners.ParentRunner.run(ParentRunner.java:413)
  at org.junit.runner.JUnitCore.run(JUnitCore.java:137)
  at org.junit.runner.JUnitCore.run(JUnitCore.java:115)
  at org.gradle.api.internal.tasks.testing.junit.JUnitTestExecutor.runRequest(JUnitTestExecutor.java:175)
  at org.gradle.api.internal.tasks.testing.junit.JUnitTestExecutor.accept(JUnitTestExecutor.java:84)
  at org.gradle.api.internal.tasks.testing.junit.JUnitTestExecutor.accept(JUnitTestExecutor.java:47)
  at org.gradle.api.internal.tasks.testing.junit.AbstractJUnitTestDefinitionProcessor.processTestDefinition(AbstractJUnitTestDefinitionProcessor.java:65)
  at org.gradle.api.internal.tasks.testing.SuiteTestDefinitionProcessor.processTestDefinition(SuiteTestDefinitionProcessor.java:54)
  at java.base/jdk.internal.reflect.DirectMethodHandleAccessor.invoke(DirectMethodHandleAccessor.java:104)
  at java.base/java.lang.reflect.Method.invoke(Method.java:565)
  at org.gradle.internal.dispatch.MethodInvocation.invokeOn(MethodInvocation.java:77)
  at org.gradle.internal.dispatch.ReflectionDispatch.dispatch(ReflectionDispatch.java:28)
  at org.gradle.internal.dispatch.ReflectionDispatch.dispatch(ReflectionDispatch.java:19)
  at org.gradle.internal.dispatch.ContextClassLoaderDispatch.dispatch(ContextClassLoaderDispatch.java:33)
  at org.gradle.internal.dispatch.ProxyDispatchAdapter$DispatchingInvocationHandler.invoke(ProxyDispatchAdapter.java:88)
  at jdk.proxy1/jdk.proxy1.$Proxy4.processTestDefinition(Unknown Source)
  at org.gradle.api.internal.tasks.testing.worker.TestWorker$2.run(TestWorker.java:178)
  at org.gradle.api.internal.tasks.testing.worker.TestWorker.executeAndMaintainThreadName(TestWorker.java:126)
  at org.gradle.api.internal.tasks.testing.worker.TestWorker.execute(TestWorker.java:103)
  at org.gradle.api.internal.tasks.testing.worker.TestWorker.execute(TestWorker.java:63)
  at org.gradle.process.internal.worker.child.ActionExecutionWorker.execute(ActionExecutionWorker.java:56)
  at org.gradle.process.internal.worker.child.SystemApplicationClassLoaderWorker.call(SystemApplicationClassLoaderWorker.java:122)
  at org.gradle.process.internal.worker.child.SystemApplicationClassLoaderWorker.call(SystemApplicationClassLoaderWorker.java:72)
  at worker.org.gradle.process.internal.worker.GradleWorkerMain.run(GradleWorkerMain.java:69)
  at worker.org.gradle.process.internal.worker.GradleWorkerMain.main(GradleWorkerMain.java:74)
</stacktrace>
</test-failure>


TypeScriptCompilerTests_G[jvm] > genericMappedTypeAsClause_ts has expected errors matching genericMappedTypeAsClause_errors_txt[jvm] FAILED

<test-failure test="com.xemantic.typescript.compiler.TypeScriptCompilerTests_G.genericImplements_ts has expected errors matching genericImplements_errors_txt" platform="jvm">
<message>
Expected diagnostics from baseline typescript-repo/tests/baselines/reference/genericImplements.errors.txt but none produced
</message>
<stacktrace>
  at com.xemantic.typescript.compiler.TypeScriptTestSupportKt.errorsMatchBaseline(TypeScriptTestSupport.kt:125)
  at com.xemantic.typescript.compiler.TypeScriptCompilerTests_G.genericImplements_ts has expected errors matching genericImplements_errors_txt(TypeScriptCompilerTests_G.kt:1106)
  at java.base/jdk.internal.reflect.DirectMethodHandleAccessor.invoke(DirectMethodHandleAccessor.java:104)
  at java.base/java.lang.reflect.Method.invoke(Method.java:565)
  at org.junit.runners.model.FrameworkMethod$1.runReflectiveCall(FrameworkMethod.java:59)
  at org.junit.internal.runners.model.ReflectiveCallable.run(ReflectiveCallable.java:12)
  at org.junit.runners.model.FrameworkMethod.invokeExplosively(FrameworkMethod.java:56)
  at org.junit.internal.runners.statements.InvokeMethod.evaluate(InvokeMethod.java:17)
  at org.junit.runners.ParentRunner$3.evaluate(ParentRunner.java:306)
  at org.junit.runners.BlockJUnit4ClassRunner$1.evaluate(BlockJUnit4ClassRunner.java:100)
  at org.junit.runners.ParentRunner.runLeaf(ParentRunner.java:366)
  at org.junit.runners.BlockJUnit4ClassRunner.runChild(BlockJUnit4ClassRunner.java:103)
  at org.junit.runners.BlockJUnit4ClassRunner.runChild(BlockJUnit4ClassRunner.java:63)
  at org.junit.runners.ParentRunner$4.run(ParentRunner.java:331)
  at org.junit.runners.ParentRunner$1.schedule(ParentRunner.java:79)
  at org.junit.runners.ParentRunner.runChildren(ParentRunner.java:329)
  at org.junit.runners.ParentRunner.access$100(ParentRunner.java:66)
  at org.junit.runners.ParentRunner$2.evaluate(ParentRunner.java:293)
  at org.junit.runners.ParentRunner$3.evaluate(ParentRunner.java:306)
  at org.junit.runners.ParentRunner.run(ParentRunner.java:413)
  at org.junit.runner.JUnitCore.run(JUnitCore.java:137)
  at org.junit.runner.JUnitCore.run(JUnitCore.java:115)
  at org.gradle.api.internal.tasks.testing.junit.JUnitTestExecutor.runRequest(JUnitTestExecutor.java:175)
  at org.gradle.api.internal.tasks.testing.junit.JUnitTestExecutor.accept(JUnitTestExecutor.java:84)
  at org.gradle.api.internal.tasks.testing.junit.JUnitTestExecutor.accept(JUnitTestExecutor.java:47)
  at org.gradle.api.internal.tasks.testing.junit.AbstractJUnitTestDefinitionProcessor.processTestDefinition(AbstractJUnitTestDefinitionProcessor.java:65)
  at org.gradle.api.internal.tasks.testing.SuiteTestDefinitionProcessor.processTestDefinition(SuiteTestDefinitionProcessor.java:54)
  at java.base/jdk.internal.reflect.DirectMethodHandleAccessor.invoke(DirectMethodHandleAccessor.java:104)
  at java.base/java.lang.reflect.Method.invoke(Method.java:565)
  at org.gradle.internal.dispatch.MethodInvocation.invokeOn(MethodInvocation.java:77)
  at org.gradle.internal.dispatch.ReflectionDispatch.dispatch(ReflectionDispatch.java:28)
  at org.gradle.internal.dispatch.ReflectionDispatch.dispatch(ReflectionDispatch.java:19)
  at org.gradle.internal.dispatch.ContextClassLoaderDispatch.dispatch(ContextClassLoaderDispatch.java:33)
  at org.gradle.internal.dispatch.ProxyDispatchAdapter$DispatchingInvocationHandler.invoke(ProxyDispatchAdapter.java:88)
  at jdk.proxy1/jdk.proxy1.$Proxy4.processTestDefinition(Unknown Source)
  at org.gradle.api.internal.tasks.testing.worker.TestWorker$2.run(TestWorker.java:178)
  at org.gradle.api.internal.tasks.testing.worker.TestWorker.executeAndMaintainThreadName(TestWorker.java:126)
  at org.gradle.api.internal.tasks.testing.worker.TestWorker.execute(TestWorker.java:103)
  at org.gradle.api.internal.tasks.testing.worker.TestWorker.execute(TestWorker.java:63)
  at org.gradle.process.internal.worker.child.ActionExecutionWorker.execute(ActionExecutionWorker.java:56)
  at org.gradle.process.internal.worker.child.SystemApplicationClassLoaderWorker.call(SystemApplicationClassLoaderWorker.java:122)
  at org.gradle.process.internal.worker.child.SystemApplicationClassLoaderWorker.call(SystemApplicationClassLoaderWorker.java:72)
  at worker.org.gradle.process.internal.worker.GradleWorkerMain.run(GradleWorkerMain.java:69)
  at worker.org.gradle.process.internal.worker.GradleWorkerMain.main(GradleWorkerMain.java:74)
</stacktrace>
</test-failure>


TypeScriptCompilerTests_G[jvm] > genericImplements_ts has expected errors matching genericImplements_errors_txt[jvm] FAILED

<test-failure test="com.xemantic.typescript.compiler.TypeScriptCompilerTests_G.genericCallWithObjectLiteralArguments1_ts has expected errors matching genericCallWithObjectLiteralArguments1_errors_txt" platform="jvm">
<message>
Expected diagnostics from baseline typescript-repo/tests/baselines/reference/genericCallWithObjectLiteralArguments1.errors.txt but none produced
</message>
<stacktrace>
  at com.xemantic.typescript.compiler.TypeScriptTestSupportKt.errorsMatchBaseline(TypeScriptTestSupport.kt:125)
  at com.xemantic.typescript.compiler.TypeScriptCompilerTests_G.genericCallWithObjectLiteralArguments1_ts has expected errors matching genericCallWithObjectLiteralArguments1_errors_txt(TypeScriptCompilerTests_G.kt:364)
  at java.base/jdk.internal.reflect.DirectMethodHandleAccessor.invoke(DirectMethodHandleAccessor.java:104)
  at java.base/java.lang.reflect.Method.invoke(Method.java:565)
  at org.junit.runners.model.FrameworkMethod$1.runReflectiveCall(FrameworkMethod.java:59)
  at org.junit.internal.runners.model.ReflectiveCallable.run(ReflectiveCallable.java:12)
  at org.junit.runners.model.FrameworkMethod.invokeExplosively(FrameworkMethod.java:56)
  at org.junit.internal.runners.statements.InvokeMethod.evaluate(InvokeMethod.java:17)
  at org.junit.runners.ParentRunner$3.evaluate(ParentRunner.java:306)
  at org.junit.runners.BlockJUnit4ClassRunner$1.evaluate(BlockJUnit4ClassRunner.java:100)
  at org.junit.runners.ParentRunner.runLeaf(ParentRunner.java:366)
  at org.junit.runners.BlockJUnit4ClassRunner.runChild(BlockJUnit4ClassRunner.java:103)
  at org.junit.runners.BlockJUnit4ClassRunner.runChild(BlockJUnit4ClassRunner.java:63)
  at org.junit.runners.ParentRunner$4.run(ParentRunner.java:331)
  at org.junit.runners.ParentRunner$1.schedule(ParentRunner.java:79)
  at org.junit.runners.ParentRunner.runChildren(ParentRunner.java:329)
  at org.junit.runners.ParentRunner.access$100(ParentRunner.java:66)
  at org.junit.runners.ParentRunner$2.evaluate(ParentRunner.java:293)
  at org.junit.runners.ParentRunner$3.evaluate(ParentRunner.java:306)
  at org.junit.runners.ParentRunner.run(ParentRunner.java:413)
  at org.junit.runner.JUnitCore.run(JUnitCore.java:137)
  at org.junit.runner.JUnitCore.run(JUnitCore.java:115)
  at org.gradle.api.internal.tasks.testing.junit.JUnitTestExecutor.runRequest(JUnitTestExecutor.java:175)
  at org.gradle.api.internal.tasks.testing.junit.JUnitTestExecutor.accept(JUnitTestExecutor.java:84)
  at org.gradle.api.internal.tasks.testing.junit.JUnitTestExecutor.accept(JUnitTestExecutor.java:47)
  at org.gradle.api.internal.tasks.testing.junit.AbstractJUnitTestDefinitionProcessor.processTestDefinition(AbstractJUnitTestDefinitionProcessor.java:65)
  at org.gradle.api.internal.tasks.testing.SuiteTestDefinitionProcessor.processTestDefinition(SuiteTestDefinitionProcessor.java:54)
  at java.base/jdk.internal.reflect.DirectMethodHandleAccessor.invoke(DirectMethodHandleAccessor.java:104)
  at java.base/java.lang.reflect.Method.invoke(Method.java:565)
  at org.gradle.internal.dispatch.MethodInvocation.invokeOn(MethodInvocation.java:77)
  at org.gradle.internal.dispatch.ReflectionDispatch.dispatch(ReflectionDispatch.java:28)
  at org.gradle.internal.dispatch.ReflectionDispatch.dispatch(ReflectionDispatch.java:19)
  at org.gradle.internal.dispatch.ContextClassLoaderDispatch.dispatch(ContextClassLoaderDispatch.java:33)
  at org.gradle.internal.dispatch.ProxyDispatchAdapter$DispatchingInvocationHandler.invoke(ProxyDispatchAdapter.java:88)
  at jdk.proxy1/jdk.proxy1.$Proxy4.processTestDefinition(Unknown Source)
  at org.gradle.api.internal.tasks.testing.worker.TestWorker$2.run(TestWorker.java:178)
  at org.gradle.api.internal.tasks.testing.worker.TestWorker.executeAndMaintainThreadName(TestWorker.java:126)
  at org.gradle.api.internal.tasks.testing.worker.TestWorker.execute(TestWorker.java:103)
  at org.gradle.api.internal.tasks.testing.worker.TestWorker.execute(TestWorker.java:63)
  at org.gradle.process.internal.worker.child.ActionExecutionWorker.execute(ActionExecutionWorker.java:56)
  at org.gradle.process.internal.worker.child.SystemApplicationClassLoaderWorker.call(SystemApplicationClassLoaderWorker.java:122)
  at org.gradle.process.internal.worker.child.SystemApplicationClassLoaderWorker.call(SystemApplicationClassLoaderWorker.java:72)
  at worker.org.gradle.process.internal.worker.GradleWorkerMain.run(GradleWorkerMain.java:69)
  at worker.org.gradle.process.internal.worker.GradleWorkerMain.main(GradleWorkerMain.java:74)
</stacktrace>
</test-failure>


TypeScriptCompilerTests_G[jvm] > genericCallWithObjectLiteralArguments1_ts has expected errors matching genericCallWithObjectLiteralArguments1_errors_txt[jvm] FAILED

<test-failure test="com.xemantic.typescript.compiler.TypeScriptCompilerTests_G.genericIndexedAccessVarianceComparisonResultCorrect_ts has expected errors matching genericIndexedAccessVarianceComparisonResultCorrect_errors_txt" platform="jvm">
<message>
Expected diagnostics from baseline typescript-repo/tests/baselines/reference/genericIndexedAccessVarianceComparisonResultCorrect.errors.txt but none produced
</message>
<stacktrace>
  at com.xemantic.typescript.compiler.TypeScriptTestSupportKt.errorsMatchBaseline(TypeScriptTestSupport.kt:125)
  at com.xemantic.typescript.compiler.TypeScriptCompilerTests_G.genericIndexedAccessVarianceComparisonResultCorrect_ts has expected errors matching genericIndexedAccessVarianceComparisonResultCorrect_errors_txt(TypeScriptCompilerTests_G.kt:1141)
  at java.base/jdk.internal.reflect.DirectMethodHandleAccessor.invoke(DirectMethodHandleAccessor.java:104)
  at java.base/java.lang.reflect.Method.invoke(Method.java:565)
  at org.junit.runners.model.FrameworkMethod$1.runReflectiveCall(FrameworkMethod.java:59)
  at org.junit.internal.runners.model.ReflectiveCallable.run(ReflectiveCallable.java:12)
  at org.junit.runners.model.FrameworkMethod.invokeExplosively(FrameworkMethod.java:56)
  at org.junit.internal.runners.statements.InvokeMethod.evaluate(InvokeMethod.java:17)
  at org.junit.runners.ParentRunner$3.evaluate(ParentRunner.java:306)
  at org.junit.runners.BlockJUnit4ClassRunner$1.evaluate(BlockJUnit4ClassRunner.java:100)
  at org.junit.runners.ParentRunner.runLeaf(ParentRunner.java:366)
  at org.junit.runners.BlockJUnit4ClassRunner.runChild(BlockJUnit4ClassRunner.java:103)
  at org.junit.runners.BlockJUnit4ClassRunner.runChild(BlockJUnit4ClassRunner.java:63)
  at org.junit.runners.ParentRunner$4.run(ParentRunner.java:331)
  at org.junit.runners.ParentRunner$1.schedule(ParentRunner.java:79)
  at org.junit.runners.ParentRunner.runChildren(ParentRunner.java:329)
  at org.junit.runners.ParentRunner.access$100(ParentRunner.java:66)
  at org.junit.runners.ParentRunner$2.evaluate(ParentRunner.java:293)
  at org.junit.runners.ParentRunner$3.evaluate(ParentRunner.java:306)
  at org.junit.runners.ParentRunner.run(ParentRunner.java:413)
  at org.junit.runner.JUnitCore.run(JUnitCore.java:137)
  at org.junit.runner.JUnitCore.run(JUnitCore.java:115)
  at org.gradle.api.internal.tasks.testing.junit.JUnitTestExecutor.runRequest(JUnitTestExecutor.java:175)
  at org.gradle.api.internal.tasks.testing.junit.JUnitTestExecutor.accept(JUnitTestExecutor.java:84)
  at org.gradle.api.internal.tasks.testing.junit.JUnitTestExecutor.accept(JUnitTestExecutor.java:47)
  at org.gradle.api.internal.tasks.testing.junit.AbstractJUnitTestDefinitionProcessor.processTestDefinition(AbstractJUnitTestDefinitionProcessor.java:65)
  at org.gradle.api.internal.tasks.testing.SuiteTestDefinitionProcessor.processTestDefinition(SuiteTestDefinitionProcessor.java:54)
  at java.base/jdk.internal.reflect.DirectMethodHandleAccessor.invoke(DirectMethodHandleAccessor.java:104)
  at java.base/java.lang.reflect.Method.invoke(Method.java:565)
  at org.gradle.internal.dispatch.MethodInvocation.invokeOn(MethodInvocation.java:77)
  at org.gradle.internal.dispatch.ReflectionDispatch.dispatch(ReflectionDispatch.java:28)
  at org.gradle.internal.dispatch.ReflectionDispatch.dispatch(ReflectionDispatch.java:19)
  at org.gradle.internal.dispatch.ContextClassLoaderDispatch.dispatch(ContextClassLoaderDispatch.java:33)
  at org.gradle.internal.dispatch.ProxyDispatchAdapter$DispatchingInvocationHandler.invoke(ProxyDispatchAdapter.java:88)
  at jdk.proxy1/jdk.proxy1.$Proxy4.processTestDefinition(Unknown Source)
  at org.gradle.api.internal.tasks.testing.worker.TestWorker$2.run(TestWorker.java:178)
  at org.gradle.api.internal.tasks.testing.worker.TestWorker.executeAndMaintainThreadName(TestWorker.java:126)
  at org.gradle.api.internal.tasks.testing.worker.TestWorker.execute(TestWorker.java:103)
  at org.gradle.api.internal.tasks.testing.worker.TestWorker.execute(TestWorker.java:63)
  at org.gradle.process.internal.worker.child.ActionExecutionWorker.execute(ActionExecutionWorker.java:56)
  at org.gradle.process.internal.worker.child.SystemApplicationClassLoaderWorker.call(SystemApplicationClassLoaderWorker.java:122)
  at org.gradle.process.internal.worker.child.SystemApplicationClassLoaderWorker.call(SystemApplicationClassLoaderWorker.java:72)
  at worker.org.gradle.process.internal.worker.GradleWorkerMain.run(GradleWorkerMain.java:69)
  at worker.org.gradle.process.internal.worker.GradleWorkerMain.main(GradleWorkerMain.java:74)
</stacktrace>
</test-failure>


TypeScriptCompilerTests_G[jvm] > genericIndexedAccessVarianceComparisonResultCorrect_ts has expected errors matching genericIndexedAccessVarianceComparisonResultCorrect_errors_txt[jvm] FAILED

<test-failure test="com.xemantic.typescript.compiler.TypeScriptCompilerTests_G.genericFunctionsWithOptionalParameters1_ts has expected errors matching genericFunctionsWithOptionalParameters1_errors_txt" platform="jvm">
<message>
--- expected
+++ actual
@@ -1,13 +1,10 @@
 genericFunctionsWithOptionalParameters1.ts(7,1): error TS2454: Variable 'utils' is used before being assigned.
 genericFunctionsWithOptionalParameters1.ts(8,1): error TS2454: Variable 'utils' is used before being assigned.
-genericFunctionsWithOptionalParameters1.ts(8,12): error TS2345: Argument of type 'null' is not assignable to parameter of type 'unknown[] | undefined'.
 genericFunctionsWithOptionalParameters1.ts(9,1): error TS2454: Variable 'utils' is used before being assigned.
-genericFunctionsWithOptionalParameters1.ts(9,12): error TS2345: Argument of type 'null' is not assignable to parameter of type 'unknown[] | undefined'.
 genericFunctionsWithOptionalParameters1.ts(10,1): error TS2454: Variable 'utils' is used before being assigned.
-genericFunctionsWithOptionalParameters1.ts(10,12): error TS2345: Argument of type 'null' is not assignable to parameter of type 'unknown[] | undefined'.
 
 
-==== genericFunctionsWithOptionalParameters1.ts (7 errors) ====
+==== genericFunctionsWithOptionalParameters1.ts (4 errors) ====
     interface Utils {
        fold<T, S>(c?: Array<T>, folder?: (s: S, t: T) => T, init?: S): T;
     }
@@ -20,15 +17,9 @@
     utils.fold(null); // no error
     ~~~~~
 !!! error TS2454: Variable 'utils' is used before being assigned.
-               ~~~~
-!!! error TS2345: Argument of type 'null' is not assignable to parameter of type 'unknown[] | undefined'.
     utils.fold(null, null); // no error
     ~~~~~
 !!! error TS2454: Variable 'utils' is used before being assigned.
-               ~~~~
-!!! error TS2345: Argument of type 'null' is not assignable to parameter of type 'unknown[] | undefined'.
     utils.fold(null, null, null); // no error
     ~~~~~
 !!! error TS2454: Variable 'utils' is used before being assigned.
-               ~~~~
-!!! error TS2345: Argument of type 'null' is not assignable to parameter of type 'unknown[] | undefined'.

</message>
<stacktrace>
  at org.junit.Assert.fail(Assert.java:89)
  at kotlin.test.junit.JUnitAsserter.fail(JUnitSupport.kt:56)
  at kotlin.test.AssertionsKt__AssertionsKt.fail(Assertions.kt:563)
  at kotlin.test.AssertionsKt.fail(Unknown Source)
  at com.xemantic.kotlin.test.SameAsKt.sameAs(SameAs.kt:52)
  at com.xemantic.typescript.compiler.TypeScriptTestSupportKt.errorsMatchBaseline(TypeScriptTestSupport.kt:135)
  at com.xemantic.typescript.compiler.TypeScriptCompilerTests_G.genericFunctionsWithOptionalParameters1_ts has expected errors matching genericFunctionsWithOptionalParameters1_errors_txt(TypeScriptCompilerTests_G.kt:994)
  at java.base/jdk.internal.reflect.DirectMethodHandleAccessor.invoke(DirectMethodHandleAccessor.java:104)
  at java.base/java.lang.reflect.Method.invoke(Method.java:565)
  at org.junit.runners.model.FrameworkMethod$1.runReflectiveCall(FrameworkMethod.java:59)
  at org.junit.internal.runners.model.ReflectiveCallable.run(ReflectiveCallable.java:12)
  at org.junit.runners.model.FrameworkMethod.invokeExplosively(FrameworkMethod.java:56)
  at org.junit.internal.runners.statements.InvokeMethod.evaluate(InvokeMethod.java:17)
  at org.junit.runners.ParentRunner$3.evaluate(ParentRunner.java:306)
  at org.junit.runners.BlockJUnit4ClassRunner$1.evaluate(BlockJUnit4ClassRunner.java:100)
  at org.junit.runners.ParentRunner.runLeaf(ParentRunner.java:366)
  at org.junit.runners.BlockJUnit4ClassRunner.runChild(BlockJUnit4ClassRunner.java:103)
  at org.junit.runners.BlockJUnit4ClassRunner.runChild(BlockJUnit4ClassRunner.java:63)
  at org.junit.runners.ParentRunner$4.run(ParentRunner.java:331)
  at org.junit.runners.ParentRunner$1.schedule(ParentRunner.java:79)
  at org.junit.runners.ParentRunner.runChildren(ParentRunner.java:329)
  at org.junit.runners.ParentRunner.access$100(ParentRunner.java:66)
  at org.junit.runners.ParentRunner$2.evaluate(ParentRunner.java:293)
  at org.junit.runners.ParentRunner$3.evaluate(ParentRunner.java:306)
  at org.junit.runners.ParentRunner.run(ParentRunner.java:413)
  at org.junit.runner.JUnitCore.run(JUnitCore.java:137)
  at org.junit.runner.JUnitCore.run(JUnitCore.java:115)
  at org.gradle.api.internal.tasks.testing.junit.JUnitTestExecutor.runRequest(JUnitTestExecutor.java:175)
  at org.gradle.api.internal.tasks.testing.junit.JUnitTestExecutor.accept(JUnitTestExecutor.java:84)
  at org.gradle.api.internal.tasks.testing.junit.JUnitTestExecutor.accept(JUnitTestExecutor.java:47)
  at org.gradle.api.internal.tasks.testing.junit.AbstractJUnitTestDefinitionProcessor.processTestDefinition(AbstractJUnitTestDefinitionProcessor.java:65)
  at org.gradle.api.internal.tasks.testing.SuiteTestDefinitionProcessor.processTestDefinition(SuiteTestDefinitionProcessor.java:54)
  at java.base/jdk.internal.reflect.DirectMethodHandleAccessor.invoke(DirectMethodHandleAccessor.java:104)
  at java.base/java.lang.reflect.Method.invoke(Method.java:565)
  at org.gradle.internal.dispatch.MethodInvocation.invokeOn(MethodInvocation.java:77)
  at org.gradle.internal.dispatch.ReflectionDispatch.dispatch(ReflectionDispatch.java:28)
  at org.gradle.internal.dispatch.ReflectionDispatch.dispatch(ReflectionDispatch.java:19)
  at org.gradle.internal.dispatch.ContextClassLoaderDispatch.dispatch(ContextClassLoaderDispatch.java:33)
  at org.gradle.internal.dispatch.ProxyDispatchAdapter$DispatchingInvocationHandler.invoke(ProxyDispatchAdapter.java:88)
  at jdk.proxy1/jdk.proxy1.$Proxy4.processTestDefinition(Unknown Source)
  at org.gradle.api.internal.tasks.testing.worker.TestWorker$2.run(TestWorker.java:178)
  at org.gradle.api.internal.tasks.testing.worker.TestWorker.executeAndMaintainThreadName(TestWorker.java:126)
  at org.gradle.api.internal.tasks.testing.worker.TestWorker.execute(TestWorker.java:103)
  at org.gradle.api.internal.tasks.testing.worker.TestWorker.execute(TestWorker.java:63)
  at org.gradle.process.internal.worker.child.ActionExecutionWorker.execute(ActionExecutionWorker.java:56)
  at org.gradle.process.internal.worker.child.SystemApplicationClassLoaderWorker.call(SystemApplicationClassLoaderWorker.java:122)
  at org.gradle.process.internal.worker.child.SystemApplicationClassLoaderWorker.call(SystemApplicationClassLoaderWorker.java:72)
  at worker.org.gradle.process.internal.worker.GradleWorkerMain.run(GradleWorkerMain.java:69)
  at worker.org.gradle.process.internal.worker.GradleWorkerMain.main(GradleWorkerMain.java:74)
</stacktrace>
</test-failure>


TypeScriptCompilerTests_G[jvm] > genericFunctionsWithOptionalParameters1_ts has expected errors matching genericFunctionsWithOptionalParameters1_errors_txt[jvm] FAILED

<test-failure test="com.xemantic.typescript.compiler.TypeScriptCompilerTests_G.genericCloneReturnTypes2_ts has expected errors matching genericCloneReturnTypes2_errors_txt" platform="jvm">
<message>
--- expected
+++ actual
@@ -1,11 +1,9 @@
 genericCloneReturnTypes2.ts(13,22): error TS2454: Variable 'a' is used before being assigned.
 genericCloneReturnTypes2.ts(14,25): error TS2454: Variable 'a' is used before being assigned.
-genericCloneReturnTypes2.ts(15,5): error TS2322: Type 'MyList<string>' is not assignable to type 'MyList<number>'.
-  Type 'string' is not assignable to type 'number'.
 genericCloneReturnTypes2.ts(15,25): error TS2454: Variable 'a' is used before being assigned.
 
 
-==== genericCloneReturnTypes2.ts (4 errors) ====
+==== genericCloneReturnTypes2.ts (3 errors) ====
     class MyList<T> {
         public size: number;
         public data: T[];
@@ -25,8 +23,5 @@
                             ~
 !!! error TS2454: Variable 'a' is used before being assigned.
     var d: MyList<number> = a.clone(); // error
-        ~
-!!! error TS2322: Type 'MyList<string>' is not assignable to type 'MyList<number>'.
-!!! error TS2322:   Type 'string' is not assignable to type 'number'.
                             ~
 !!! error TS2454: Variable 'a' is used before being assigned.

</message>
<stacktrace>
  at org.junit.Assert.fail(Assert.java:89)
  at kotlin.test.junit.JUnitAsserter.fail(JUnitSupport.kt:56)
  at kotlin.test.AssertionsKt__AssertionsKt.fail(Assertions.kt:563)
  at kotlin.test.AssertionsKt.fail(Unknown Source)
  at com.xemantic.kotlin.test.SameAsKt.sameAs(SameAs.kt:52)
  at com.xemantic.typescript.compiler.TypeScriptTestSupportKt.errorsMatchBaseline(TypeScriptTestSupport.kt:135)
  at com.xemantic.typescript.compiler.TypeScriptCompilerTests_G.genericCloneReturnTypes2_ts has expected errors matching genericCloneReturnTypes2_errors_txt(TypeScriptCompilerTests_G.kt:651)
  at java.base/jdk.internal.reflect.DirectMethodHandleAccessor.invoke(DirectMethodHandleAccessor.java:104)
  at java.base/java.lang.reflect.Method.invoke(Method.java:565)
  at org.junit.runners.model.FrameworkMethod$1.runReflectiveCall(FrameworkMethod.java:59)
  at org.junit.internal.runners.model.ReflectiveCallable.run(ReflectiveCallable.java:12)
  at org.junit.runners.model.FrameworkMethod.invokeExplosively(FrameworkMethod.java:56)
  at org.junit.internal.runners.statements.InvokeMethod.evaluate(InvokeMethod.java:17)
  at org.junit.runners.ParentRunner$3.evaluate(ParentRunner.java:306)
  at org.junit.runners.BlockJUnit4ClassRunner$1.evaluate(BlockJUnit4ClassRunner.java:100)
  at org.junit.runners.ParentRunner.runLeaf(ParentRunner.java:366)
  at org.junit.runners.BlockJUnit4ClassRunner.runChild(BlockJUnit4ClassRunner.java:103)
  at org.junit.runners.BlockJUnit4ClassRunner.runChild(BlockJUnit4ClassRunner.java:63)
  at org.junit.runners.ParentRunner$4.run(ParentRunner.java:331)
  at org.junit.runners.ParentRunner$1.schedule(ParentRunner.java:79)
  at org.junit.runners.ParentRunner.runChildren(ParentRunner.java:329)
  at org.junit.runners.ParentRunner.access$100(ParentRunner.java:66)
  at org.junit.runners.ParentRunner$2.evaluate(ParentRunner.java:293)
  at org.junit.runners.ParentRunner$3.evaluate(ParentRunner.java:306)
  at org.junit.runners.ParentRunner.run(ParentRunner.java:413)
  at org.junit.runner.JUnitCore.run(JUnitCore.java:137)
  at org.junit.runner.JUnitCore.run(JUnitCore.java:115)
  at org.gradle.api.internal.tasks.testing.junit.JUnitTestExecutor.runRequest(JUnitTestExecutor.java:175)
  at org.gradle.api.internal.tasks.testing.junit.JUnitTestExecutor.accept(JUnitTestExecutor.java:84)
  at org.gradle.api.internal.tasks.testing.junit.JUnitTestExecutor.accept(JUnitTestExecutor.java:47)
  at org.gradle.api.internal.tasks.testing.junit.AbstractJUnitTestDefinitionProcessor.processTestDefinition(AbstractJUnitTestDefinitionProcessor.java:65)
  at org.gradle.api.internal.tasks.testing.SuiteTestDefinitionProcessor.processTestDefinition(SuiteTestDefinitionProcessor.java:54)
  at java.base/jdk.internal.reflect.DirectMethodHandleAccessor.invoke(DirectMethodHandleAccessor.java:104)
  at java.base/java.lang.reflect.Method.invoke(Method.java:565)
  at org.gradle.internal.dispatch.MethodInvocation.invokeOn(MethodInvocation.java:77)
  at org.gradle.internal.dispatch.ReflectionDispatch.dispatch(ReflectionDispatch.java:28)
  at org.gradle.internal.dispatch.ReflectionDispatch.dispatch(ReflectionDispatch.java:19)
  at org.gradle.internal.dispatch.ContextClassLoaderDispatch.dispatch(ContextClassLoaderDispatch.java:33)
  at org.gradle.internal.dispatch.ProxyDispatchAdapter$DispatchingInvocationHandler.invoke(ProxyDispatchAdapter.java:88)
  at jdk.proxy1/jdk.proxy1.$Proxy4.processTestDefinition(Unknown Source)
  at org.gradle.api.internal.tasks.testing.worker.TestWorker$2.run(TestWorker.java:178)
  at org.gradle.api.internal.tasks.testing.worker.TestWorker.executeAndMaintainThreadName(TestWorker.java:126)
  at org.gradle.api.internal.tasks.testing.worker.TestWorker.execute(TestWorker.java:103)
  at org.gradle.api.internal.tasks.testing.worker.TestWorker.execute(TestWorker.java:63)
  at org.gradle.process.internal.worker.child.ActionExecutionWorker.execute(ActionExecutionWorker.java:56)
  at org.gradle.process.internal.worker.child.SystemApplicationClassLoaderWorker.call(SystemApplicationClassLoaderWorker.java:122)
  at org.gradle.process.internal.worker.child.SystemApplicationClassLoaderWorker.call(SystemApplicationClassLoaderWorker.java:72)
  at worker.org.gradle.process.internal.worker.GradleWorkerMain.run(GradleWorkerMain.java:69)
  at worker.org.gradle.process.internal.worker.GradleWorkerMain.main(GradleWorkerMain.java:74)
</stacktrace>
</test-failure>


TypeScriptCompilerTests_G[jvm] > genericCloneReturnTypes2_ts has expected errors matching genericCloneReturnTypes2_errors_txt[jvm] FAILED

<test-failure test="com.xemantic.typescript.compiler.TypeScriptCompilerTests_G.getterControlFlowStrictNull_ts__target_es5__has expected errors matching baseline" platform="jvm">
<message>
--- expected
+++ actual
@@ -1,11 +1,10 @@
 error TS5107: Option 'target=ES5' is deprecated and will stop functioning in TypeScript 7.0. Specify compilerOption '"ignoreDeprecations": "6.0"' to silence this error.
 getterControlFlowStrictNull.ts(2,9): error TS2366: Function lacks ending return statement and return type does not include 'undefined'.
 getterControlFlowStrictNull.ts(11,14): error TS2366: Function lacks ending return statement and return type does not include 'undefined'.
-getterControlFlowStrictNull.ts(20,9): error TS2366: Function lacks ending return statement and return type does not include 'undefined'.
 
 
 !!! error TS5107: Option 'target=ES5' is deprecated and will stop functioning in TypeScript 7.0. Specify compilerOption '"ignoreDeprecations": "6.0"' to silence this error.
-==== getterControlFlowStrictNull.ts (3 errors) ====
+==== getterControlFlowStrictNull.ts (2 errors) ====
     class A {
        a(): string | null {
             ~~~~~~~~~~~~~
@@ -30,8 +29,6 @@
     }
     class C {
         get a() {
-            ~
-!!! error TS2366: Function lacks ending return statement and return type does not include 'undefined'.
             if (Math.random() > 0.5) {
                 return 0;
             }

</message>
<stacktrace>
  at org.junit.Assert.fail(Assert.java:89)
  at kotlin.test.junit.JUnitAsserter.fail(JUnitSupport.kt:56)
  at kotlin.test.AssertionsKt__AssertionsKt.fail(Assertions.kt:563)
  at kotlin.test.AssertionsKt.fail(Unknown Source)
  at com.xemantic.kotlin.test.SameAsKt.sameAs(SameAs.kt:52)
  at com.xemantic.typescript.compiler.TypeScriptTestSupportKt.errorsMatchBaseline(TypeScriptTestSupport.kt:135)
  at com.xemantic.typescript.compiler.TypeScriptCompilerTests_G.getterControlFlowStrictNull_ts__target_es5__has expected errors matching baseline(TypeScriptCompilerTests_G.kt:2226)
  at java.base/jdk.internal.reflect.DirectMethodHandleAccessor.invoke(DirectMethodHandleAccessor.java:104)
  at java.base/java.lang.reflect.Method.invoke(Method.java:565)
  at org.junit.runners.model.FrameworkMethod$1.runReflectiveCall(FrameworkMethod.java:59)
  at org.junit.internal.runners.model.ReflectiveCallable.run(ReflectiveCallable.java:12)
  at org.junit.runners.model.FrameworkMethod.invokeExplosively(FrameworkMethod.java:56)
  at org.junit.internal.runners.statements.InvokeMethod.evaluate(InvokeMethod.java:17)
  at org.junit.runners.ParentRunner$3.evaluate(ParentRunner.java:306)
  at org.junit.runners.BlockJUnit4ClassRunner$1.evaluate(BlockJUnit4ClassRunner.java:100)
  at org.junit.runners.ParentRunner.runLeaf(ParentRunner.java:366)
  at org.junit.runners.BlockJUnit4ClassRunner.runChild(BlockJUnit4ClassRunner.java:103)
  at org.junit.runners.BlockJUnit4ClassRunner.runChild(BlockJUnit4ClassRunner.java:63)
  at org.junit.runners.ParentRunner$4.run(ParentRunner.java:331)
  at org.junit.runners.ParentRunner$1.schedule(ParentRunner.java:79)
  at org.junit.runners.ParentRunner.runChildren(ParentRunner.java:329)
  at org.junit.runners.ParentRunner.access$100(ParentRunner.java:66)
  at org.junit.runners.ParentRunner$2.evaluate(ParentRunner.java:293)
  at org.junit.runners.ParentRunner$3.evaluate(ParentRunner.java:306)
  at org.junit.runners.ParentRunner.run(ParentRunner.java:413)
  at org.junit.runner.JUnitCore.run(JUnitCore.java:137)
  at org.junit.runner.JUnitCore.run(JUnitCore.java:115)
  at org.gradle.api.internal.tasks.testing.junit.JUnitTestExecutor.runRequest(JUnitTestExecutor.java:175)
  at org.gradle.api.internal.tasks.testing.junit.JUnitTestExecutor.accept(JUnitTestExecutor.java:84)
  at org.gradle.api.internal.tasks.testing.junit.JUnitTestExecutor.accept(JUnitTestExecutor.java:47)
  at org.gradle.api.internal.tasks.testing.junit.AbstractJUnitTestDefinitionProcessor.processTestDefinition(AbstractJUnitTestDefinitionProcessor.java:65)
  at org.gradle.api.internal.tasks.testing.SuiteTestDefinitionProcessor.processTestDefinition(SuiteTestDefinitionProcessor.java:54)
  at java.base/jdk.internal.reflect.DirectMethodHandleAccessor.invoke(DirectMethodHandleAccessor.java:104)
  at java.base/java.lang.reflect.Method.invoke(Method.java:565)
  at org.gradle.internal.dispatch.MethodInvocation.invokeOn(MethodInvocation.java:77)
  at org.gradle.internal.dispatch.ReflectionDispatch.dispatch(ReflectionDispatch.java:28)
  at org.gradle.internal.dispatch.ReflectionDispatch.dispatch(ReflectionDispatch.java:19)
  at org.gradle.internal.dispatch.ContextClassLoaderDispatch.dispatch(ContextClassLoaderDispatch.java:33)
  at org.gradle.internal.dispatch.ProxyDispatchAdapter$DispatchingInvocationHandler.invoke(ProxyDispatchAdapter.java:88)
  at jdk.proxy1/jdk.proxy1.$Proxy4.processTestDefinition(Unknown Source)
  at org.gradle.api.internal.tasks.testing.worker.TestWorker$2.run(TestWorker.java:178)
  at org.gradle.api.internal.tasks.testing.worker.TestWorker.executeAndMaintainThreadName(TestWorker.java:126)
  at org.gradle.api.internal.tasks.testing.worker.TestWorker.execute(TestWorker.java:103)
  at org.gradle.api.internal.tasks.testing.worker.TestWorker.execute(TestWorker.java:63)
  at org.gradle.process.internal.worker.child.ActionExecutionWorker.execute(ActionExecutionWorker.java:56)
  at org.gradle.process.internal.worker.child.SystemApplicationClassLoaderWorker.call(SystemApplicationClassLoaderWorker.java:122)
  at org.gradle.process.internal.worker.child.SystemApplicationClassLoaderWorker.call(SystemApplicationClassLoaderWorker.java:72)
  at worker.org.gradle.process.internal.worker.GradleWorkerMain.run(GradleWorkerMain.java:69)
  at worker.org.gradle.process.internal.worker.GradleWorkerMain.main(GradleWorkerMain.java:74)
</stacktrace>
</test-failure>


TypeScriptCompilerTests_G[jvm] > getterControlFlowStrictNull_ts__target_es5__has expected errors matching baseline[jvm] FAILED

<test-failure test="com.xemantic.typescript.compiler.TypeScriptCompilerTests_G.gettersAndSettersAccessibility_ts has expected errors matching gettersAndSettersAccessibility_errors_txt" platform="jvm">
<message>
Expected diagnostics from baseline typescript-repo/tests/baselines/reference/gettersAndSettersAccessibility.errors.txt but none produced
</message>
<stacktrace>
  at com.xemantic.typescript.compiler.TypeScriptTestSupportKt.errorsMatchBaseline(TypeScriptTestSupport.kt:125)
  at com.xemantic.typescript.compiler.TypeScriptCompilerTests_G.gettersAndSettersAccessibility_ts has expected errors matching gettersAndSettersAccessibility_errors_txt(TypeScriptCompilerTests_G.kt:2303)
  at java.base/jdk.internal.reflect.DirectMethodHandleAccessor.invoke(DirectMethodHandleAccessor.java:104)
  at java.base/java.lang.reflect.Method.invoke(Method.java:565)
  at org.junit.runners.model.FrameworkMethod$1.runReflectiveCall(FrameworkMethod.java:59)
  at org.junit.internal.runners.model.ReflectiveCallable.run(ReflectiveCallable.java:12)
  at org.junit.runners.model.FrameworkMethod.invokeExplosively(FrameworkMethod.java:56)
  at org.junit.internal.runners.statements.InvokeMethod.evaluate(InvokeMethod.java:17)
  at org.junit.runners.ParentRunner$3.evaluate(ParentRunner.java:306)
  at org.junit.runners.BlockJUnit4ClassRunner$1.evaluate(BlockJUnit4ClassRunner.java:100)
  at org.junit.runners.ParentRunner.runLeaf(ParentRunner.java:366)
  at org.junit.runners.BlockJUnit4ClassRunner.runChild(BlockJUnit4ClassRunner.java:103)
  at org.junit.runners.BlockJUnit4ClassRunner.runChild(BlockJUnit4ClassRunner.java:63)
  at org.junit.runners.ParentRunner$4.run(ParentRunner.java:331)
  at org.junit.runners.ParentRunner$1.schedule(ParentRunner.java:79)
  at org.junit.runners.ParentRunner.runChildren(ParentRunner.java:329)
  at org.junit.runners.ParentRunner.access$100(ParentRunner.java:66)
  at org.junit.runners.ParentRunner$2.evaluate(ParentRunner.java:293)
  at org.junit.runners.ParentRunner$3.evaluate(ParentRunner.java:306)
  at org.junit.runners.ParentRunner.run(ParentRunner.java:413)
  at org.junit.runner.JUnitCore.run(JUnitCore.java:137)
  at org.junit.runner.JUnitCore.run(JUnitCore.java:115)
  at org.gradle.api.internal.tasks.testing.junit.JUnitTestExecutor.runRequest(JUnitTestExecutor.java:175)
  at org.gradle.api.internal.tasks.testing.junit.JUnitTestExecutor.accept(JUnitTestExecutor.java:84)
  at org.gradle.api.internal.tasks.testing.junit.JUnitTestExecutor.accept(JUnitTestExecutor.java:47)
  at org.gradle.api.internal.tasks.testing.junit.AbstractJUnitTestDefinitionProcessor.processTestDefinition(AbstractJUnitTestDefinitionProcessor.java:65)
  at org.gradle.api.internal.tasks.testing.SuiteTestDefinitionProcessor.processTestDefinition(SuiteTestDefinitionProcessor.java:54)
  at java.base/jdk.internal.reflect.DirectMethodHandleAccessor.invoke(DirectMethodHandleAccessor.java:104)
  at java.base/java.lang.reflect.Method.invoke(Method.java:565)
  at org.gradle.internal.dispatch.MethodInvocation.invokeOn(MethodInvocation.java:77)
  at org.gradle.internal.dispatch.ReflectionDispatch.dispatch(ReflectionDispatch.java:28)
  at org.gradle.internal.dispatch.ReflectionDispatch.dispatch(ReflectionDispatch.java:19)
  at org.gradle.internal.dispatch.ContextClassLoaderDispatch.dispatch(ContextClassLoaderDispatch.java:33)
  at org.gradle.internal.dispatch.ProxyDispatchAdapter$DispatchingInvocationHandler.invoke(ProxyDispatchAdapter.java:88)
  at jdk.proxy1/jdk.proxy1.$Proxy4.processTestDefinition(Unknown Source)
  at org.gradle.api.internal.tasks.testing.worker.TestWorker$2.run(TestWorker.java:178)
  at org.gradle.api.internal.tasks.testing.worker.TestWorker.executeAndMaintainThreadName(TestWorker.java:126)
  at org.gradle.api.internal.tasks.testing.worker.TestWorker.execute(TestWorker.java:103)
  at org.gradle.api.internal.tasks.testing.worker.TestWorker.execute(TestWorker.java:63)
  at org.gradle.process.internal.worker.child.ActionExecutionWorker.execute(ActionExecutionWorker.java:56)
  at org.gradle.process.internal.worker.child.SystemApplicationClassLoaderWorker.call(SystemApplicationClassLoaderWorker.java:122)
  at org.gradle.process.internal.worker.child.SystemApplicationClassLoaderWorker.call(SystemApplicationClassLoaderWorker.java:72)
  at worker.org.gradle.process.internal.worker.GradleWorkerMain.run(GradleWorkerMain.java:69)
  at worker.org.gradle.process.internal.worker.GradleWorkerMain.main(GradleWorkerMain.java:74)
</stacktrace>
</test-failure>


TypeScriptCompilerTests_G[jvm] > gettersAndSettersAccessibility_ts has expected errors matching gettersAndSettersAccessibility_errors_txt[jvm] FAILED

<test-failure test="com.xemantic.typescript.compiler.TypeScriptCompilerTests_G.genericUnboundedTypeParamAssignability_ts has expected errors matching genericUnboundedTypeParamAssignability_errors_txt" platform="jvm">
<message>
Expected diagnostics from baseline typescript-repo/tests/baselines/reference/genericUnboundedTypeParamAssignability.errors.txt but none produced
</message>
<stacktrace>
  at com.xemantic.typescript.compiler.TypeScriptTestSupportKt.errorsMatchBaseline(TypeScriptTestSupport.kt:125)
  at com.xemantic.typescript.compiler.TypeScriptCompilerTests_G.genericUnboundedTypeParamAssignability_ts has expected errors matching genericUnboundedTypeParamAssignability_errors_txt(TypeScriptCompilerTests_G.kt:1904)
  at java.base/jdk.internal.reflect.DirectMethodHandleAccessor.invoke(DirectMethodHandleAccessor.java:104)
  at java.base/java.lang.reflect.Method.invoke(Method.java:565)
  at org.junit.runners.model.FrameworkMethod$1.runReflectiveCall(FrameworkMethod.java:59)
  at org.junit.internal.runners.model.ReflectiveCallable.run(ReflectiveCallable.java:12)
  at org.junit.runners.model.FrameworkMethod.invokeExplosively(FrameworkMethod.java:56)
  at org.junit.internal.runners.statements.InvokeMethod.evaluate(InvokeMethod.java:17)
  at org.junit.runners.ParentRunner$3.evaluate(ParentRunner.java:306)
  at org.junit.runners.BlockJUnit4ClassRunner$1.evaluate(BlockJUnit4ClassRunner.java:100)
  at org.junit.runners.ParentRunner.runLeaf(ParentRunner.java:366)
  at org.junit.runners.BlockJUnit4ClassRunner.runChild(BlockJUnit4ClassRunner.java:103)
  at org.junit.runners.BlockJUnit4ClassRunner.runChild(BlockJUnit4ClassRunner.java:63)
  at org.junit.runners.ParentRunner$4.run(ParentRunner.java:331)
  at org.junit.runners.ParentRunner$1.schedule(ParentRunner.java:79)
  at org.junit.runners.ParentRunner.runChildren(ParentRunner.java:329)
  at org.junit.runners.ParentRunner.access$100(ParentRunner.java:66)
  at org.junit.runners.ParentRunner$2.evaluate(ParentRunner.java:293)
  at org.junit.runners.ParentRunner$3.evaluate(ParentRunner.java:306)
  at org.junit.runners.ParentRunner.run(ParentRunner.java:413)
  at org.junit.runner.JUnitCore.run(JUnitCore.java:137)
  at org.junit.runner.JUnitCore.run(JUnitCore.java:115)
  at org.gradle.api.internal.tasks.testing.junit.JUnitTestExecutor.runRequest(JUnitTestExecutor.java:175)
  at org.gradle.api.internal.tasks.testing.junit.JUnitTestExecutor.accept(JUnitTestExecutor.java:84)
  at org.gradle.api.internal.tasks.testing.junit.JUnitTestExecutor.accept(JUnitTestExecutor.java:47)
  at org.gradle.api.internal.tasks.testing.junit.AbstractJUnitTestDefinitionProcessor.processTestDefinition(AbstractJUnitTestDefinitionProcessor.java:65)
  at org.gradle.api.internal.tasks.testing.SuiteTestDefinitionProcessor.processTestDefinition(SuiteTestDefinitionProcessor.java:54)
  at java.base/jdk.internal.reflect.DirectMethodHandleAccessor.invoke(DirectMethodHandleAccessor.java:104)
  at java.base/java.lang.reflect.Method.invoke(Method.java:565)
  at org.gradle.internal.dispatch.MethodInvocation.invokeOn(MethodInvocation.java:77)
  at org.gradle.internal.dispatch.ReflectionDispatch.dispatch(ReflectionDispatch.java:28)
  at org.gradle.internal.dispatch.ReflectionDispatch.dispatch(ReflectionDispatch.java:19)
  at org.gradle.internal.dispatch.ContextClassLoaderDispatch.dispatch(ContextClassLoaderDispatch.java:33)
  at org.gradle.internal.dispatch.ProxyDispatchAdapter$DispatchingInvocationHandler.invoke(ProxyDispatchAdapter.java:88)
  at jdk.proxy1/jdk.proxy1.$Proxy4.processTestDefinition(Unknown Source)
  at org.gradle.api.internal.tasks.testing.worker.TestWorker$2.run(TestWorker.java:178)
  at org.gradle.api.internal.tasks.testing.worker.TestWorker.executeAndMaintainThreadName(TestWorker.java:126)
  at org.gradle.api.internal.tasks.testing.worker.TestWorker.execute(TestWorker.java:103)
  at org.gradle.api.internal.tasks.testing.worker.TestWorker.execute(TestWorker.java:63)
  at org.gradle.process.internal.worker.child.ActionExecutionWorker.execute(ActionExecutionWorker.java:56)
  at org.gradle.process.internal.worker.child.SystemApplicationClassLoaderWorker.call(SystemApplicationClassLoaderWorker.java:122)
  at org.gradle.process.internal.worker.child.SystemApplicationClassLoaderWorker.call(SystemApplicationClassLoaderWorker.java:72)
  at worker.org.gradle.process.internal.worker.GradleWorkerMain.run(GradleWorkerMain.java:69)
  at worker.org.gradle.process.internal.worker.GradleWorkerMain.main(GradleWorkerMain.java:74)
</stacktrace>
</test-failure>


TypeScriptCompilerTests_G[jvm] > genericUnboundedTypeParamAssignability_ts has expected errors matching genericUnboundedTypeParamAssignability_errors_txt[jvm] FAILED

<test-failure test="com.xemantic.typescript.compiler.TypeScriptCompilerTests_G.genericSignatureIdentity_ts has expected errors matching genericSignatureIdentity_errors_txt" platform="jvm">
<message>
Expected diagnostics from baseline typescript-repo/tests/baselines/reference/genericSignatureIdentity.errors.txt but none produced
</message>
<stacktrace>
  at com.xemantic.typescript.compiler.TypeScriptTestSupportKt.errorsMatchBaseline(TypeScriptTestSupport.kt:125)
  at com.xemantic.typescript.compiler.TypeScriptCompilerTests_G.genericSignatureIdentity_ts has expected errors matching genericSignatureIdentity_errors_txt(TypeScriptCompilerTests_G.kt:1589)
  at java.base/jdk.internal.reflect.DirectMethodHandleAccessor.invoke(DirectMethodHandleAccessor.java:104)
  at java.base/java.lang.reflect.Method.invoke(Method.java:565)
  at org.junit.runners.model.FrameworkMethod$1.runReflectiveCall(FrameworkMethod.java:59)
  at org.junit.internal.runners.model.ReflectiveCallable.run(ReflectiveCallable.java:12)
  at org.junit.runners.model.FrameworkMethod.invokeExplosively(FrameworkMethod.java:56)
  at org.junit.internal.runners.statements.InvokeMethod.evaluate(InvokeMethod.java:17)
  at org.junit.runners.ParentRunner$3.evaluate(ParentRunner.java:306)
  at org.junit.runners.BlockJUnit4ClassRunner$1.evaluate(BlockJUnit4ClassRunner.java:100)
  at org.junit.runners.ParentRunner.runLeaf(ParentRunner.java:366)
  at org.junit.runners.BlockJUnit4ClassRunner.runChild(BlockJUnit4ClassRunner.java:103)
  at org.junit.runners.BlockJUnit4ClassRunner.runChild(BlockJUnit4ClassRunner.java:63)
  at org.junit.runners.ParentRunner$4.run(ParentRunner.java:331)
  at org.junit.runners.ParentRunner$1.schedule(ParentRunner.java:79)
  at org.junit.runners.ParentRunner.runChildren(ParentRunner.java:329)
  at org.junit.runners.ParentRunner.access$100(ParentRunner.java:66)
  at org.junit.runners.ParentRunner$2.evaluate(ParentRunner.java:293)
  at org.junit.runners.ParentRunner$3.evaluate(ParentRunner.java:306)
  at org.junit.runners.ParentRunner.run(ParentRunner.java:413)
  at org.junit.runner.JUnitCore.run(JUnitCore.java:137)
  at org.junit.runner.JUnitCore.run(JUnitCore.java:115)
  at org.gradle.api.internal.tasks.testing.junit.JUnitTestExecutor.runRequest(JUnitTestExecutor.java:175)
  at org.gradle.api.internal.tasks.testing.junit.JUnitTestExecutor.accept(JUnitTestExecutor.java:84)
  at org.gradle.api.internal.tasks.testing.junit.JUnitTestExecutor.accept(JUnitTestExecutor.java:47)
  at org.gradle.api.internal.tasks.testing.junit.AbstractJUnitTestDefinitionProcessor.processTestDefinition(AbstractJUnitTestDefinitionProcessor.java:65)
  at org.gradle.api.internal.tasks.testing.SuiteTestDefinitionProcessor.processTestDefinition(SuiteTestDefinitionProcessor.java:54)
  at java.base/jdk.internal.reflect.DirectMethodHandleAccessor.invoke(DirectMethodHandleAccessor.java:104)
  at java.base/java.lang.reflect.Method.invoke(Method.java:565)
  at org.gradle.internal.dispatch.MethodInvocation.invokeOn(MethodInvocation.java:77)
  at org.gradle.internal.dispatch.ReflectionDispatch.dispatch(ReflectionDispatch.java:28)
  at org.gradle.internal.dispatch.ReflectionDispatch.dispatch(ReflectionDispatch.java:19)
  at org.gradle.internal.dispatch.ContextClassLoaderDispatch.dispatch(ContextClassLoaderDispatch.java:33)
  at org.gradle.internal.dispatch.ProxyDispatchAdapter$DispatchingInvocationHandler.invoke(ProxyDispatchAdapter.java:88)
  at jdk.proxy1/jdk.proxy1.$Proxy4.processTestDefinition(Unknown Source)
  at org.gradle.api.internal.tasks.testing.worker.TestWorker$2.run(TestWorker.java:178)
  at org.gradle.api.internal.tasks.testing.worker.TestWorker.executeAndMaintainThreadName(TestWorker.java:126)
  at org.gradle.api.internal.tasks.testing.worker.TestWorker.execute(TestWorker.java:103)
  at org.gradle.api.internal.tasks.testing.worker.TestWorker.execute(TestWorker.java:63)
  at org.gradle.process.internal.worker.child.ActionExecutionWorker.execute(ActionExecutionWorker.java:56)
  at org.gradle.process.internal.worker.child.SystemApplicationClassLoaderWorker.call(SystemApplicationClassLoaderWorker.java:122)
  at org.gradle.process.internal.worker.child.SystemApplicationClassLoaderWorker.call(SystemApplicationClassLoaderWorker.java:72)
  at worker.org.gradle.process.internal.worker.GradleWorkerMain.run(GradleWorkerMain.java:69)
  at worker.org.gradle.process.internal.worker.GradleWorkerMain.main(GradleWorkerMain.java:74)
</stacktrace>
</test-failure>


TypeScriptCompilerTests_G[jvm] > genericSignatureIdentity_ts has expected errors matching genericSignatureIdentity_errors_txt[jvm] FAILED

<test-failure test="com.xemantic.typescript.compiler.TypeScriptCompilerTests_G.genericFunduleInModule_ts has expected errors matching genericFunduleInModule_errors_txt" platform="jvm">
<message>
Expected diagnostics from baseline typescript-repo/tests/baselines/reference/genericFunduleInModule.errors.txt but none produced
</message>
<stacktrace>
  at com.xemantic.typescript.compiler.TypeScriptTestSupportKt.errorsMatchBaseline(TypeScriptTestSupport.kt:125)
  at com.xemantic.typescript.compiler.TypeScriptCompilerTests_G.genericFunduleInModule_ts has expected errors matching genericFunduleInModule_errors_txt(TypeScriptCompilerTests_G.kt:1036)
  at java.base/jdk.internal.reflect.DirectMethodHandleAccessor.invoke(DirectMethodHandleAccessor.java:104)
  at java.base/java.lang.reflect.Method.invoke(Method.java:565)
  at org.junit.runners.model.FrameworkMethod$1.runReflectiveCall(FrameworkMethod.java:59)
  at org.junit.internal.runners.model.ReflectiveCallable.run(ReflectiveCallable.java:12)
  at org.junit.runners.model.FrameworkMethod.invokeExplosively(FrameworkMethod.java:56)
  at org.junit.internal.runners.statements.InvokeMethod.evaluate(InvokeMethod.java:17)
  at org.junit.runners.ParentRunner$3.evaluate(ParentRunner.java:306)
  at org.junit.runners.BlockJUnit4ClassRunner$1.evaluate(BlockJUnit4ClassRunner.java:100)
  at org.junit.runners.ParentRunner.runLeaf(ParentRunner.java:366)
  at org.junit.runners.BlockJUnit4ClassRunner.runChild(BlockJUnit4ClassRunner.java:103)
  at org.junit.runners.BlockJUnit4ClassRunner.runChild(BlockJUnit4ClassRunner.java:63)
  at org.junit.runners.ParentRunner$4.run(ParentRunner.java:331)
  at org.junit.runners.ParentRunner$1.schedule(ParentRunner.java:79)
  at org.junit.runners.ParentRunner.runChildren(ParentRunner.java:329)
  at org.junit.runners.ParentRunner.access$100(ParentRunner.java:66)
  at org.junit.runners.ParentRunner$2.evaluate(ParentRunner.java:293)
  at org.junit.runners.ParentRunner$3.evaluate(ParentRunner.java:306)
  at org.junit.runners.ParentRunner.run(ParentRunner.java:413)
  at org.junit.runner.JUnitCore.run(JUnitCore.java:137)
  at org.junit.runner.JUnitCore.run(JUnitCore.java:115)
  at org.gradle.api.internal.tasks.testing.junit.JUnitTestExecutor.runRequest(JUnitTestExecutor.java:175)
  at org.gradle.api.internal.tasks.testing.junit.JUnitTestExecutor.accept(JUnitTestExecutor.java:84)
  at org.gradle.api.internal.tasks.testing.junit.JUnitTestExecutor.accept(JUnitTestExecutor.java:47)
  at org.gradle.api.internal.tasks.testing.junit.AbstractJUnitTestDefinitionProcessor.processTestDefinition(AbstractJUnitTestDefinitionProcessor.java:65)
  at org.gradle.api.internal.tasks.testing.SuiteTestDefinitionProcessor.processTestDefinition(SuiteTestDefinitionProcessor.java:54)
  at java.base/jdk.internal.reflect.DirectMethodHandleAccessor.invoke(DirectMethodHandleAccessor.java:104)
  at java.base/java.lang.reflect.Method.invoke(Method.java:565)
  at org.gradle.internal.dispatch.MethodInvocation.invokeOn(MethodInvocation.java:77)
  at org.gradle.internal.dispatch.ReflectionDispatch.dispatch(ReflectionDispatch.java:28)
  at org.gradle.internal.dispatch.ReflectionDispatch.dispatch(ReflectionDispatch.java:19)
  at org.gradle.internal.dispatch.ContextClassLoaderDispatch.dispatch(ContextClassLoaderDispatch.java:33)
  at org.gradle.internal.dispatch.ProxyDispatchAdapter$DispatchingInvocationHandler.invoke(ProxyDispatchAdapter.java:88)
  at jdk.proxy1/jdk.proxy1.$Proxy4.processTestDefinition(Unknown Source)
  at org.gradle.api.internal.tasks.testing.worker.TestWorker$2.run(TestWorker.java:178)
  at org.gradle.api.internal.tasks.testing.worker.TestWorker.executeAndMaintainThreadName(TestWorker.java:126)
  at org.gradle.api.internal.tasks.testing.worker.TestWorker.execute(TestWorker.java:103)
  at org.gradle.api.internal.tasks.testing.worker.TestWorker.execute(TestWorker.java:63)
  at org.gradle.process.internal.worker.child.ActionExecutionWorker.execute(ActionExecutionWorker.java:56)
  at org.gradle.process.internal.worker.child.SystemApplicationClassLoaderWorker.call(SystemApplicationClassLoaderWorker.java:122)
  at org.gradle.process.internal.worker.child.SystemApplicationClassLoaderWorker.call(SystemApplicationClassLoaderWorker.java:72)
  at worker.org.gradle.process.internal.worker.GradleWorkerMain.run(GradleWorkerMain.java:69)
  at worker.org.gradle.process.internal.worker.GradleWorkerMain.main(GradleWorkerMain.java:74)
</stacktrace>
</test-failure>


TypeScriptCompilerTests_G[jvm] > genericFunduleInModule_ts has expected errors matching genericFunduleInModule_errors_txt[jvm] FAILED

<test-failure test="com.xemantic.typescript.compiler.TypeScriptCompilerTests_G.genericChainedCalls_ts has expected errors matching genericChainedCalls_errors_txt" platform="jvm">
<message>
Expected diagnostics from baseline typescript-repo/tests/baselines/reference/genericChainedCalls.errors.txt but none produced
</message>
<stacktrace>
  at com.xemantic.typescript.compiler.TypeScriptTestSupportKt.errorsMatchBaseline(TypeScriptTestSupport.kt:125)
  at com.xemantic.typescript.compiler.TypeScriptCompilerTests_G.genericChainedCalls_ts has expected errors matching genericChainedCalls_errors_txt(TypeScriptCompilerTests_G.kt:434)
  at java.base/jdk.internal.reflect.DirectMethodHandleAccessor.invoke(DirectMethodHandleAccessor.java:104)
  at java.base/java.lang.reflect.Method.invoke(Method.java:565)
  at org.junit.runners.model.FrameworkMethod$1.runReflectiveCall(FrameworkMethod.java:59)
  at org.junit.internal.runners.model.ReflectiveCallable.run(ReflectiveCallable.java:12)
  at org.junit.runners.model.FrameworkMethod.invokeExplosively(FrameworkMethod.java:56)
  at org.junit.internal.runners.statements.InvokeMethod.evaluate(InvokeMethod.java:17)
  at org.junit.runners.ParentRunner$3.evaluate(ParentRunner.java:306)
  at org.junit.runners.BlockJUnit4ClassRunner$1.evaluate(BlockJUnit4ClassRunner.java:100)
  at org.junit.runners.ParentRunner.runLeaf(ParentRunner.java:366)
  at org.junit.runners.BlockJUnit4ClassRunner.runChild(BlockJUnit4ClassRunner.java:103)
  at org.junit.runners.BlockJUnit4ClassRunner.runChild(BlockJUnit4ClassRunner.java:63)
  at org.junit.runners.ParentRunner$4.run(ParentRunner.java:331)
  at org.junit.runners.ParentRunner$1.schedule(ParentRunner.java:79)
  at org.junit.runners.ParentRunner.runChildren(ParentRunner.java:329)
  at org.junit.runners.ParentRunner.access$100(ParentRunner.java:66)
  at org.junit.runners.ParentRunner$2.evaluate(ParentRunner.java:293)
  at org.junit.runners.ParentRunner$3.evaluate(ParentRunner.java:306)
  at org.junit.runners.ParentRunner.run(ParentRunner.java:413)
  at org.junit.runner.JUnitCore.run(JUnitCore.java:137)
  at org.junit.runner.JUnitCore.run(JUnitCore.java:115)
  at org.gradle.api.internal.tasks.testing.junit.JUnitTestExecutor.runRequest(JUnitTestExecutor.java:175)
  at org.gradle.api.internal.tasks.testing.junit.JUnitTestExecutor.accept(JUnitTestExecutor.java:84)
  at org.gradle.api.internal.tasks.testing.junit.JUnitTestExecutor.accept(JUnitTestExecutor.java:47)
  at org.gradle.api.internal.tasks.testing.junit.AbstractJUnitTestDefinitionProcessor.processTestDefinition(AbstractJUnitTestDefinitionProcessor.java:65)
  at org.gradle.api.internal.tasks.testing.SuiteTestDefinitionProcessor.processTestDefinition(SuiteTestDefinitionProcessor.java:54)
  at java.base/jdk.internal.reflect.DirectMethodHandleAccessor.invoke(DirectMethodHandleAccessor.java:104)
  at java.base/java.lang.reflect.Method.invoke(Method.java:565)
  at org.gradle.internal.dispatch.MethodInvocation.invokeOn(MethodInvocation.java:77)
  at org.gradle.internal.dispatch.ReflectionDispatch.dispatch(ReflectionDispatch.java:28)
  at org.gradle.internal.dispatch.ReflectionDispatch.dispatch(ReflectionDispatch.java:19)
  at org.gradle.internal.dispatch.ContextClassLoaderDispatch.dispatch(ContextClassLoaderDispatch.java:33)
  at org.gradle.internal.dispatch.ProxyDispatchAdapter$DispatchingInvocationHandler.invoke(ProxyDispatchAdapter.java:88)
  at jdk.proxy1/jdk.proxy1.$Proxy4.processTestDefinition(Unknown Source)
  at org.gradle.api.internal.tasks.testing.worker.TestWorker$2.run(TestWorker.java:178)
  at org.gradle.api.internal.tasks.testing.worker.TestWorker.executeAndMaintainThreadName(TestWorker.java:126)
  at org.gradle.api.internal.tasks.testing.worker.TestWorker.execute(TestWorker.java:103)
  at org.gradle.api.internal.tasks.testing.worker.TestWorker.execute(TestWorker.java:63)
  at org.gradle.process.internal.worker.child.ActionExecutionWorker.execute(ActionExecutionWorker.java:56)
  at org.gradle.process.internal.worker.child.SystemApplicationClassLoaderWorker.call(SystemApplicationClassLoaderWorker.java:122)
  at org.gradle.process.internal.worker.child.SystemApplicationClassLoaderWorker.call(SystemApplicationClassLoaderWorker.java:72)
  at worker.org.gradle.process.internal.worker.GradleWorkerMain.run(GradleWorkerMain.java:69)
  at worker.org.gradle.process.internal.worker.GradleWorkerMain.main(GradleWorkerMain.java:74)
</stacktrace>
</test-failure>


TypeScriptCompilerTests_G[jvm] > genericChainedCalls_ts has expected errors matching genericChainedCalls_errors_txt[jvm] FAILED

<test-failure test="com.xemantic.typescript.compiler.TypeScriptCompilerTests_G.genericClassWithStaticsUsingTypeArguments_ts has expected errors matching genericClassWithStaticsUsingTypeArguments_errors_txt" platform="jvm">
<message>
Expected diagnostics from baseline typescript-repo/tests/baselines/reference/genericClassWithStaticsUsingTypeArguments.errors.txt but none produced
</message>
<stacktrace>
  at com.xemantic.typescript.compiler.TypeScriptTestSupportKt.errorsMatchBaseline(TypeScriptTestSupport.kt:125)
  at com.xemantic.typescript.compiler.TypeScriptCompilerTests_G.genericClassWithStaticsUsingTypeArguments_ts has expected errors matching genericClassWithStaticsUsingTypeArguments_errors_txt(TypeScriptCompilerTests_G.kt:497)
  at java.base/jdk.internal.reflect.DirectMethodHandleAccessor.invoke(DirectMethodHandleAccessor.java:104)
  at java.base/java.lang.reflect.Method.invoke(Method.java:565)
  at org.junit.runners.model.FrameworkMethod$1.runReflectiveCall(FrameworkMethod.java:59)
  at org.junit.internal.runners.model.ReflectiveCallable.run(ReflectiveCallable.java:12)
  at org.junit.runners.model.FrameworkMethod.invokeExplosively(FrameworkMethod.java:56)
  at org.junit.internal.runners.statements.InvokeMethod.evaluate(InvokeMethod.java:17)
  at org.junit.runners.ParentRunner$3.evaluate(ParentRunner.java:306)
  at org.junit.runners.BlockJUnit4ClassRunner$1.evaluate(BlockJUnit4ClassRunner.java:100)
  at org.junit.runners.ParentRunner.runLeaf(ParentRunner.java:366)
  at org.junit.runners.BlockJUnit4ClassRunner.runChild(BlockJUnit4ClassRunner.java:103)
  at org.junit.runners.BlockJUnit4ClassRunner.runChild(BlockJUnit4ClassRunner.java:63)
  at org.junit.runners.ParentRunner$4.run(ParentRunner.java:331)
  at org.junit.runners.ParentRunner$1.schedule(ParentRunner.java:79)
  at org.junit.runners.ParentRunner.runChildren(ParentRunner.java:329)
  at org.junit.runners.ParentRunner.access$100(ParentRunner.java:66)
  at org.junit.runners.ParentRunner$2.evaluate(ParentRunner.java:293)
  at org.junit.runners.ParentRunner$3.evaluate(ParentRunner.java:306)
  at org.junit.runners.ParentRunner.run(ParentRunner.java:413)
  at org.junit.runner.JUnitCore.run(JUnitCore.java:137)
  at org.junit.runner.JUnitCore.run(JUnitCore.java:115)
  at org.gradle.api.internal.tasks.testing.junit.JUnitTestExecutor.runRequest(JUnitTestExecutor.java:175)
  at org.gradle.api.internal.tasks.testing.junit.JUnitTestExecutor.accept(JUnitTestExecutor.java:84)
  at org.gradle.api.internal.tasks.testing.junit.JUnitTestExecutor.accept(JUnitTestExecutor.java:47)
  at org.gradle.api.internal.tasks.testing.junit.AbstractJUnitTestDefinitionProcessor.processTestDefinition(AbstractJUnitTestDefinitionProcessor.java:65)
  at org.gradle.api.internal.tasks.testing.SuiteTestDefinitionProcessor.processTestDefinition(SuiteTestDefinitionProcessor.java:54)
  at java.base/jdk.internal.reflect.DirectMethodHandleAccessor.invoke(DirectMethodHandleAccessor.java:104)
  at java.base/java.lang.reflect.Method.invoke(Method.java:565)
  at org.gradle.internal.dispatch.MethodInvocation.invokeOn(MethodInvocation.java:77)
  at org.gradle.internal.dispatch.ReflectionDispatch.dispatch(ReflectionDispatch.java:28)
  at org.gradle.internal.dispatch.ReflectionDispatch.dispatch(ReflectionDispatch.java:19)
  at org.gradle.internal.dispatch.ContextClassLoaderDispatch.dispatch(ContextClassLoaderDispatch.java:33)
  at org.gradle.internal.dispatch.ProxyDispatchAdapter$DispatchingInvocationHandler.invoke(ProxyDispatchAdapter.java:88)
  at jdk.proxy1/jdk.proxy1.$Proxy4.processTestDefinition(Unknown Source)
  at org.gradle.api.internal.tasks.testing.worker.TestWorker$2.run(TestWorker.java:178)
  at org.gradle.api.internal.tasks.testing.worker.TestWorker.executeAndMaintainThreadName(TestWorker.java:126)
  at org.gradle.api.internal.tasks.testing.worker.TestWorker.execute(TestWorker.java:103)
  at org.gradle.api.internal.tasks.testing.worker.TestWorker.execute(TestWorker.java:63)
  at org.gradle.process.internal.worker.child.ActionExecutionWorker.execute(ActionExecutionWorker.java:56)
  at org.gradle.process.internal.worker.child.SystemApplicationClassLoaderWorker.call(SystemApplicationClassLoaderWorker.java:122)
  at org.gradle.process.internal.worker.child.SystemApplicationClassLoaderWorker.call(SystemApplicationClassLoaderWorker.java:72)
  at worker.org.gradle.process.internal.worker.GradleWorkerMain.run(GradleWorkerMain.java:69)
  at worker.org.gradle.process.internal.worker.GradleWorkerMain.main(GradleWorkerMain.java:74)
</stacktrace>
</test-failure>


TypeScriptCompilerTests_G[jvm] > genericClassWithStaticsUsingTypeArguments_ts has expected errors matching genericClassWithStaticsUsingTypeArguments_errors_txt[jvm] FAILED

<test-failure test="com.xemantic.typescript.compiler.TypeScriptCompilerTests_G.genericNewInterface_ts has expected errors matching genericNewInterface_errors_txt" platform="jvm">
<message>
Expected diagnostics from baseline typescript-repo/tests/baselines/reference/genericNewInterface.errors.txt but none produced
</message>
<stacktrace>
  at com.xemantic.typescript.compiler.TypeScriptTestSupportKt.errorsMatchBaseline(TypeScriptTestSupport.kt:125)
  at com.xemantic.typescript.compiler.TypeScriptCompilerTests_G.genericNewInterface_ts has expected errors matching genericNewInterface_errors_txt(TypeScriptCompilerTests_G.kt:1330)
  at java.base/jdk.internal.reflect.DirectMethodHandleAccessor.invoke(DirectMethodHandleAccessor.java:104)
  at java.base/java.lang.reflect.Method.invoke(Method.java:565)
  at org.junit.runners.model.FrameworkMethod$1.runReflectiveCall(FrameworkMethod.java:59)
  at org.junit.internal.runners.model.ReflectiveCallable.run(ReflectiveCallable.java:12)
  at org.junit.runners.model.FrameworkMethod.invokeExplosively(FrameworkMethod.java:56)
  at org.junit.internal.runners.statements.InvokeMethod.evaluate(InvokeMethod.java:17)
  at org.junit.runners.ParentRunner$3.evaluate(ParentRunner.java:306)
  at org.junit.runners.BlockJUnit4ClassRunner$1.evaluate(BlockJUnit4ClassRunner.java:100)
  at org.junit.runners.ParentRunner.runLeaf(ParentRunner.java:366)
  at org.junit.runners.BlockJUnit4ClassRunner.runChild(BlockJUnit4ClassRunner.java:103)
  at org.junit.runners.BlockJUnit4ClassRunner.runChild(BlockJUnit4ClassRunner.java:63)
  at org.junit.runners.ParentRunner$4.run(ParentRunner.java:331)
  at org.junit.runners.ParentRunner$1.schedule(ParentRunner.java:79)
  at org.junit.runners.ParentRunner.runChildren(ParentRunner.java:329)
  at org.junit.runners.ParentRunner.access$100(ParentRunner.java:66)
  at org.junit.runners.ParentRunner$2.evaluate(ParentRunner.java:293)
  at org.junit.runners.ParentRunner$3.evaluate(ParentRunner.java:306)
  at org.junit.runners.ParentRunner.run(ParentRunner.java:413)
  at org.junit.runner.JUnitCore.run(JUnitCore.java:137)
  at org.junit.runner.JUnitCore.run(JUnitCore.java:115)
  at org.gradle.api.internal.tasks.testing.junit.JUnitTestExecutor.runRequest(JUnitTestExecutor.java:175)
  at org.gradle.api.internal.tasks.testing.junit.JUnitTestExecutor.accept(JUnitTestExecutor.java:84)
  at org.gradle.api.internal.tasks.testing.junit.JUnitTestExecutor.accept(JUnitTestExecutor.java:47)
  at org.gradle.api.internal.tasks.testing.junit.AbstractJUnitTestDefinitionProcessor.processTestDefinition(AbstractJUnitTestDefinitionProcessor.java:65)
  at org.gradle.api.internal.tasks.testing.SuiteTestDefinitionProcessor.processTestDefinition(SuiteTestDefinitionProcessor.java:54)
  at java.base/jdk.internal.reflect.DirectMethodHandleAccessor.invoke(DirectMethodHandleAccessor.java:104)
  at java.base/java.lang.reflect.Method.invoke(Method.java:565)
  at org.gradle.internal.dispatch.MethodInvocation.invokeOn(MethodInvocation.java:77)
  at org.gradle.internal.dispatch.ReflectionDispatch.dispatch(ReflectionDispatch.java:28)
  at org.gradle.internal.dispatch.ReflectionDispatch.dispatch(ReflectionDispatch.java:19)
  at org.gradle.internal.dispatch.ContextClassLoaderDispatch.dispatch(ContextClassLoaderDispatch.java:33)
  at org.gradle.internal.dispatch.ProxyDispatchAdapter$DispatchingInvocationHandler.invoke(ProxyDispatchAdapter.java:88)
  at jdk.proxy1/jdk.proxy1.$Proxy4.processTestDefinition(Unknown Source)
  at org.gradle.api.internal.tasks.testing.worker.TestWorker$2.run(TestWorker.java:178)
  at org.gradle.api.internal.tasks.testing.worker.TestWorker.executeAndMaintainThreadName(TestWorker.java:126)
  at org.gradle.api.internal.tasks.testing.worker.TestWorker.execute(TestWorker.java:103)
  at org.gradle.api.internal.tasks.testing.worker.TestWorker.execute(TestWorker.java:63)
  at org.gradle.process.internal.worker.child.ActionExecutionWorker.execute(ActionExecutionWorker.java:56)
  at org.gradle.process.internal.worker.child.SystemApplicationClassLoaderWorker.call(SystemApplicationClassLoaderWorker.java:122)
  at org.gradle.process.internal.worker.child.SystemApplicationClassLoaderWorker.call(SystemApplicationClassLoaderWorker.java:72)
  at worker.org.gradle.process.internal.worker.GradleWorkerMain.run(GradleWorkerMain.java:69)
  at worker.org.gradle.process.internal.worker.GradleWorkerMain.main(GradleWorkerMain.java:74)
</stacktrace>
</test-failure>


TypeScriptCompilerTests_G[jvm] > genericNewInterface_ts has expected errors matching genericNewInterface_errors_txt[jvm] FAILED

<test-failure test="com.xemantic.typescript.compiler.TypeScriptCompilerTests_G.grammarAmbiguities1_ts has expected errors matching grammarAmbiguities1_errors_txt" platform="jvm">
<message>
--- expected
+++ actual
@@ -1,12 +1,8 @@
-grammarAmbiguities1.ts(8,3): error TS2365: Operator '<' cannot be applied to types '<T, U>(x: any) => any' and 'typeof A'.
-grammarAmbiguities1.ts(8,10): error TS2365: Operator '>' cannot be applied to types 'typeof B' and 'number'.
 grammarAmbiguities1.ts(8,10): error TS2554: Expected 1 arguments, but got 2.
-grammarAmbiguities1.ts(9,3): error TS2365: Operator '<' cannot be applied to types '<T, U>(x: any) => any' and 'typeof A'.
-grammarAmbiguities1.ts(9,10): error TS2365: Operator '>' cannot be applied to types 'typeof B' and 'number'.
 grammarAmbiguities1.ts(9,10): error TS2554: Expected 1 arguments, but got 2.
 
 
-==== grammarAmbiguities1.ts (6 errors) ====
+==== grammarAmbiguities1.ts (2 errors) ====
     class A { foo() { } }
     class B { bar() { }}
     function f(x) { return x; }
@@ -15,16 +11,8 @@
     
     f(g<A, B>(7));
     f(g < A, B > 7);
-      ~~~~~
-!!! error TS2365: Operator '<' cannot be applied to types '<T, U>(x: any) => any' and 'typeof A'.
              ~~~~~
-!!! error TS2365: Operator '>' cannot be applied to types 'typeof B' and 'number'.
-             ~~~~~
 !!! error TS2554: Expected 1 arguments, but got 2.
     f(g < A, B > +(7));
-      ~~~~~
-!!! error TS2365: Operator '<' cannot be applied to types '<T, U>(x: any) => any' and 'typeof A'.
              ~~~~~~~~
-!!! error TS2365: Operator '>' cannot be applied to types 'typeof B' and 'number'.
-             ~~~~~~~~
 !!! error TS2554: Expected 1 arguments, but got 2.

</message>
<stacktrace>
  at org.junit.Assert.fail(Assert.java:89)
  at kotlin.test.junit.JUnitAsserter.fail(JUnitSupport.kt:56)
  at kotlin.test.AssertionsKt__AssertionsKt.fail(Assertions.kt:563)
  at kotlin.test.AssertionsKt.fail(Unknown Source)
  at com.xemantic.kotlin.test.SameAsKt.sameAs(SameAs.kt:52)
  at com.xemantic.typescript.compiler.TypeScriptTestSupportKt.errorsMatchBaseline(TypeScriptTestSupport.kt:135)
  at com.xemantic.typescript.compiler.TypeScriptCompilerTests_G.grammarAmbiguities1_ts has expected errors matching grammarAmbiguities1_errors_txt(TypeScriptCompilerTests_G.kt:2415)
  at java.base/jdk.internal.reflect.DirectMethodHandleAccessor.invoke(DirectMethodHandleAccessor.java:104)
  at java.base/java.lang.reflect.Method.invoke(Method.java:565)
  at org.junit.runners.model.FrameworkMethod$1.runReflectiveCall(FrameworkMethod.java:59)
  at org.junit.internal.runners.model.ReflectiveCallable.run(ReflectiveCallable.java:12)
  at org.junit.runners.model.FrameworkMethod.invokeExplosively(FrameworkMethod.java:56)
  at org.junit.internal.runners.statements.InvokeMethod.evaluate(InvokeMethod.java:17)
  at org.junit.runners.ParentRunner$3.evaluate(ParentRunner.java:306)
  at org.junit.runners.BlockJUnit4ClassRunner$1.evaluate(BlockJUnit4ClassRunner.java:100)
  at org.junit.runners.ParentRunner.runLeaf(ParentRunner.java:366)
  at org.junit.runners.BlockJUnit4ClassRunner.runChild(BlockJUnit4ClassRunner.java:103)
  at org.junit.runners.BlockJUnit4ClassRunner.runChild(BlockJUnit4ClassRunner.java:63)
  at org.junit.runners.ParentRunner$4.run(ParentRunner.java:331)
  at org.junit.runners.ParentRunner$1.schedule(ParentRunner.java:79)
  at org.junit.runners.ParentRunner.runChildren(ParentRunner.java:329)
  at org.junit.runners.ParentRunner.access$100(ParentRunner.java:66)
  at org.junit.runners.ParentRunner$2.evaluate(ParentRunner.java:293)
  at org.junit.runners.ParentRunner$3.evaluate(ParentRunner.java:306)
  at org.junit.runners.ParentRunner.run(ParentRunner.java:413)
  at org.junit.runner.JUnitCore.run(JUnitCore.java:137)
  at org.junit.runner.JUnitCore.run(JUnitCore.java:115)
  at org.gradle.api.internal.tasks.testing.junit.JUnitTestExecutor.runRequest(JUnitTestExecutor.java:175)
  at org.gradle.api.internal.tasks.testing.junit.JUnitTestExecutor.accept(JUnitTestExecutor.java:84)
  at org.gradle.api.internal.tasks.testing.junit.JUnitTestExecutor.accept(JUnitTestExecutor.java:47)
  at org.gradle.api.internal.tasks.testing.junit.AbstractJUnitTestDefinitionProcessor.processTestDefinition(AbstractJUnitTestDefinitionProcessor.java:65)
  at org.gradle.api.internal.tasks.testing.SuiteTestDefinitionProcessor.processTestDefinition(SuiteTestDefinitionProcessor.java:54)
  at java.base/jdk.internal.reflect.DirectMethodHandleAccessor.invoke(DirectMethodHandleAccessor.java:104)
  at java.base/java.lang.reflect.Method.invoke(Method.java:565)
  at org.gradle.internal.dispatch.MethodInvocation.invokeOn(MethodInvocation.java:77)
  at org.gradle.internal.dispatch.ReflectionDispatch.dispatch(ReflectionDispatch.java:28)
  at org.gradle.internal.dispatch.ReflectionDispatch.dispatch(ReflectionDispatch.java:19)
  at org.gradle.internal.dispatch.ContextClassLoaderDispatch.dispatch(ContextClassLoaderDispatch.java:33)
  at org.gradle.internal.dispatch.ProxyDispatchAdapter$DispatchingInvocationHandler.invoke(ProxyDispatchAdapter.java:88)
  at jdk.proxy1/jdk.proxy1.$Proxy4.processTestDefinition(Unknown Source)
  at org.gradle.api.internal.tasks.testing.worker.TestWorker$2.run(TestWorker.java:178)
  at org.gradle.api.internal.tasks.testing.worker.TestWorker.executeAndMaintainThreadName(TestWorker.java:126)
  at org.gradle.api.internal.tasks.testing.worker.TestWorker.execute(TestWorker.java:103)
  at org.gradle.api.internal.tasks.testing.worker.TestWorker.execute(TestWorker.java:63)
  at org.gradle.process.internal.worker.child.ActionExecutionWorker.execute(ActionExecutionWorker.java:56)
  at org.gradle.process.internal.worker.child.SystemApplicationClassLoaderWorker.call(SystemApplicationClassLoaderWorker.java:122)
  at org.gradle.process.internal.worker.child.SystemApplicationClassLoaderWorker.call(SystemApplicationClassLoaderWorker.java:72)
  at worker.org.gradle.process.internal.worker.GradleWorkerMain.run(GradleWorkerMain.java:69)
  at worker.org.gradle.process.internal.worker.GradleWorkerMain.main(GradleWorkerMain.java:74)
</stacktrace>
</test-failure>


TypeScriptCompilerTests_G[jvm] > grammarAmbiguities1_ts has expected errors matching grammarAmbiguities1_errors_txt[jvm] FAILED

<test-failure test="com.xemantic.typescript.compiler.TypeScriptCompilerTests_G.genericCallSpecializedToTypeArg_ts has expected errors matching genericCallSpecializedToTypeArg_errors_txt" platform="jvm">
<message>
Expected diagnostics from baseline typescript-repo/tests/baselines/reference/genericCallSpecializedToTypeArg.errors.txt but none produced
</message>
<stacktrace>
  at com.xemantic.typescript.compiler.TypeScriptTestSupportKt.errorsMatchBaseline(TypeScriptTestSupport.kt:125)
  at com.xemantic.typescript.compiler.TypeScriptCompilerTests_G.genericCallSpecializedToTypeArg_ts has expected errors matching genericCallSpecializedToTypeArg_errors_txt(TypeScriptCompilerTests_G.kt:336)
  at java.base/jdk.internal.reflect.DirectMethodHandleAccessor.invoke(DirectMethodHandleAccessor.java:104)
  at java.base/java.lang.reflect.Method.invoke(Method.java:565)
  at org.junit.runners.model.FrameworkMethod$1.runReflectiveCall(FrameworkMethod.java:59)
  at org.junit.internal.runners.model.ReflectiveCallable.run(ReflectiveCallable.java:12)
  at org.junit.runners.model.FrameworkMethod.invokeExplosively(FrameworkMethod.java:56)
  at org.junit.internal.runners.statements.InvokeMethod.evaluate(InvokeMethod.java:17)
  at org.junit.runners.ParentRunner$3.evaluate(ParentRunner.java:306)
  at org.junit.runners.BlockJUnit4ClassRunner$1.evaluate(BlockJUnit4ClassRunner.java:100)
  at org.junit.runners.ParentRunner.runLeaf(ParentRunner.java:366)
  at org.junit.runners.BlockJUnit4ClassRunner.runChild(BlockJUnit4ClassRunner.java:103)
  at org.junit.runners.BlockJUnit4ClassRunner.runChild(BlockJUnit4ClassRunner.java:63)
  at org.junit.runners.ParentRunner$4.run(ParentRunner.java:331)
  at org.junit.runners.ParentRunner$1.schedule(ParentRunner.java:79)
  at org.junit.runners.ParentRunner.runChildren(ParentRunner.java:329)
  at org.junit.runners.ParentRunner.access$100(ParentRunner.java:66)
  at org.junit.runners.ParentRunner$2.evaluate(ParentRunner.java:293)
  at org.junit.runners.ParentRunner$3.evaluate(ParentRunner.java:306)
  at org.junit.runners.ParentRunner.run(ParentRunner.java:413)
  at org.junit.runner.JUnitCore.run(JUnitCore.java:137)
  at org.junit.runner.JUnitCore.run(JUnitCore.java:115)
  at org.gradle.api.internal.tasks.testing.junit.JUnitTestExecutor.runRequest(JUnitTestExecutor.java:175)
  at org.gradle.api.internal.tasks.testing.junit.JUnitTestExecutor.accept(JUnitTestExecutor.java:84)
  at org.gradle.api.internal.tasks.testing.junit.JUnitTestExecutor.accept(JUnitTestExecutor.java:47)
  at org.gradle.api.internal.tasks.testing.junit.AbstractJUnitTestDefinitionProcessor.processTestDefinition(AbstractJUnitTestDefinitionProcessor.java:65)
  at org.gradle.api.internal.tasks.testing.SuiteTestDefinitionProcessor.processTestDefinition(SuiteTestDefinitionProcessor.java:54)
  at java.base/jdk.internal.reflect.DirectMethodHandleAccessor.invoke(DirectMethodHandleAccessor.java:104)
  at java.base/java.lang.reflect.Method.invoke(Method.java:565)
  at org.gradle.internal.dispatch.MethodInvocation.invokeOn(MethodInvocation.java:77)
  at org.gradle.internal.dispatch.ReflectionDispatch.dispatch(ReflectionDispatch.java:28)
  at org.gradle.internal.dispatch.ReflectionDispatch.dispatch(ReflectionDispatch.java:19)
  at org.gradle.internal.dispatch.ContextClassLoaderDispatch.dispatch(ContextClassLoaderDispatch.java:33)
  at org.gradle.internal.dispatch.ProxyDispatchAdapter$DispatchingInvocationHandler.invoke(ProxyDispatchAdapter.java:88)
  at jdk.proxy1/jdk.proxy1.$Proxy4.processTestDefinition(Unknown Source)
  at org.gradle.api.internal.tasks.testing.worker.TestWorker$2.run(TestWorker.java:178)
  at org.gradle.api.internal.tasks.testing.worker.TestWorker.executeAndMaintainThreadName(TestWorker.java:126)
  at org.gradle.api.internal.tasks.testing.worker.TestWorker.execute(TestWorker.java:103)
  at org.gradle.api.internal.tasks.testing.worker.TestWorker.execute(TestWorker.java:63)
  at org.gradle.process.internal.worker.child.ActionExecutionWorker.execute(ActionExecutionWorker.java:56)
  at org.gradle.process.internal.worker.child.SystemApplicationClassLoaderWorker.call(SystemApplicationClassLoaderWorker.java:122)
  at org.gradle.process.internal.worker.child.SystemApplicationClassLoaderWorker.call(SystemApplicationClassLoaderWorker.java:72)
  at worker.org.gradle.process.internal.worker.GradleWorkerMain.run(GradleWorkerMain.java:69)
  at worker.org.gradle.process.internal.worker.GradleWorkerMain.main(GradleWorkerMain.java:74)
</stacktrace>
</test-failure>


TypeScriptCompilerTests_G[jvm] > genericCallSpecializedToTypeArg_ts has expected errors matching genericCallSpecializedToTypeArg_errors_txt[jvm] FAILED

<test-failure test="com.xemantic.typescript.compiler.TypeScriptCompilerTests_G.generics4_ts has expected errors matching generics4_errors_txt" platform="jvm">
<message>
--- expected
+++ actual
@@ -1,11 +1,7 @@
 generics4.ts(1,22): error TS2564: Property 'x' has no initializer and is not definitely assigned in the constructor.
-generics4.ts(7,1): error TS2322: Type 'C<Y>' is not assignable to type 'C<X>'.
-  Type 'Y' is not assignable to type 'X'.
-    The types returned by 'f()' are incompatible between these types.
-      Type 'boolean' is not assignable to type 'string'.
 
 
-==== generics4.ts (2 errors) ====
+==== generics4.ts (1 errors) ====
     class C<T> { private x: T; }
                          ~
 !!! error TS2564: Property 'x' has no initializer and is not definitely assigned in the constructor.
@@ -15,8 +11,3 @@
     declare var b: C<Y>;
     
     a = b; // Not ok - return types of "f" are different
-    ~
-!!! error TS2322: Type 'C<Y>' is not assignable to type 'C<X>'.
-!!! error TS2322:   Type 'Y' is not assignable to type 'X'.
-!!! error TS2322:     The types returned by 'f()' are incompatible between these types.
-!!! error TS2322:       Type 'boolean' is not assignable to type 'string'.

</message>
<stacktrace>
  at org.junit.Assert.fail(Assert.java:89)
  at kotlin.test.junit.JUnitAsserter.fail(JUnitSupport.kt:56)
  at kotlin.test.AssertionsKt__AssertionsKt.fail(Assertions.kt:563)
  at kotlin.test.AssertionsKt.fail(Unknown Source)
  at com.xemantic.kotlin.test.SameAsKt.sameAs(SameAs.kt:52)
  at com.xemantic.typescript.compiler.TypeScriptTestSupportKt.errorsMatchBaseline(TypeScriptTestSupport.kt:135)
  at com.xemantic.typescript.compiler.TypeScriptCompilerTests_G.generics4_ts has expected errors matching generics4_errors_txt(TypeScriptCompilerTests_G.kt:2065)
  at java.base/jdk.internal.reflect.DirectMethodHandleAccessor.invoke(DirectMethodHandleAccessor.java:104)
  at java.base/java.lang.reflect.Method.invoke(Method.java:565)
  at org.junit.runners.model.FrameworkMethod$1.runReflectiveCall(FrameworkMethod.java:59)
  at org.junit.internal.runners.model.ReflectiveCallable.run(ReflectiveCallable.java:12)
  at org.junit.runners.model.FrameworkMethod.invokeExplosively(FrameworkMethod.java:56)
  at org.junit.internal.runners.statements.InvokeMethod.evaluate(InvokeMethod.java:17)
  at org.junit.runners.ParentRunner$3.evaluate(ParentRunner.java:306)
  at org.junit.runners.BlockJUnit4ClassRunner$1.evaluate(BlockJUnit4ClassRunner.java:100)
  at org.junit.runners.ParentRunner.runLeaf(ParentRunner.java:366)
  at org.junit.runners.BlockJUnit4ClassRunner.runChild(BlockJUnit4ClassRunner.java:103)
  at org.junit.runners.BlockJUnit4ClassRunner.runChild(BlockJUnit4ClassRunner.java:63)
  at org.junit.runners.ParentRunner$4.run(ParentRunner.java:331)
  at org.junit.runners.ParentRunner$1.schedule(ParentRunner.java:79)
  at org.junit.runners.ParentRunner.runChildren(ParentRunner.java:329)
  at org.junit.runners.ParentRunner.access$100(ParentRunner.java:66)
  at org.junit.runners.ParentRunner$2.evaluate(ParentRunner.java:293)
  at org.junit.runners.ParentRunner$3.evaluate(ParentRunner.java:306)
  at org.junit.runners.ParentRunner.run(ParentRunner.java:413)
  at org.junit.runner.JUnitCore.run(JUnitCore.java:137)
  at org.junit.runner.JUnitCore.run(JUnitCore.java:115)
  at org.gradle.api.internal.tasks.testing.junit.JUnitTestExecutor.runRequest(JUnitTestExecutor.java:175)
  at org.gradle.api.internal.tasks.testing.junit.JUnitTestExecutor.accept(JUnitTestExecutor.java:84)
  at org.gradle.api.internal.tasks.testing.junit.JUnitTestExecutor.accept(JUnitTestExecutor.java:47)
  at org.gradle.api.internal.tasks.testing.junit.AbstractJUnitTestDefinitionProcessor.processTestDefinition(AbstractJUnitTestDefinitionProcessor.java:65)
  at org.gradle.api.internal.tasks.testing.SuiteTestDefinitionProcessor.processTestDefinition(SuiteTestDefinitionProcessor.java:54)
  at java.base/jdk.internal.reflect.DirectMethodHandleAccessor.invoke(DirectMethodHandleAccessor.java:104)
  at java.base/java.lang.reflect.Method.invoke(Method.java:565)
  at org.gradle.internal.dispatch.MethodInvocation.invokeOn(MethodInvocation.java:77)
  at org.gradle.internal.dispatch.ReflectionDispatch.dispatch(ReflectionDispatch.java:28)
  at org.gradle.internal.dispatch.ReflectionDispatch.dispatch(ReflectionDispatch.java:19)
  at org.gradle.internal.dispatch.ContextClassLoaderDispatch.dispatch(ContextClassLoaderDispatch.java:33)
  at org.gradle.internal.dispatch.ProxyDispatchAdapter$DispatchingInvocationHandler.invoke(ProxyDispatchAdapter.java:88)
  at jdk.proxy1/jdk.proxy1.$Proxy4.processTestDefinition(Unknown Source)
  at org.gradle.api.internal.tasks.testing.worker.TestWorker$2.run(TestWorker.java:178)
  at org.gradle.api.internal.tasks.testing.worker.TestWorker.executeAndMaintainThreadName(TestWorker.java:126)
  at org.gradle.api.internal.tasks.testing.worker.TestWorker.execute(TestWorker.java:103)
  at org.gradle.api.internal.tasks.testing.worker.TestWorker.execute(TestWorker.java:63)
  at org.gradle.process.internal.worker.child.ActionExecutionWorker.execute(ActionExecutionWorker.java:56)
  at org.gradle.process.internal.worker.child.SystemApplicationClassLoaderWorker.call(SystemApplicationClassLoaderWorker.java:122)
  at org.gradle.process.internal.worker.child.SystemApplicationClassLoaderWorker.call(SystemApplicationClassLoaderWorker.java:72)
  at worker.org.gradle.process.internal.worker.GradleWorkerMain.run(GradleWorkerMain.java:69)
  at worker.org.gradle.process.internal.worker.GradleWorkerMain.main(GradleWorkerMain.java:74)
</stacktrace>
</test-failure>


TypeScriptCompilerTests_G[jvm] > generics4_ts has expected errors matching generics4_errors_txt[jvm] FAILED

<test-failure test="com.xemantic.typescript.compiler.TypeScriptCompilerTests_G.genericConditionalConstrainedToUnknownNotAssignableToConcreteObject_ts has expected errors matching genericConditionalConstrainedToUnknownNotAssignableToConcreteObject_errors_txt" platform="jvm">
<message>
Expected diagnostics from baseline typescript-repo/tests/baselines/reference/genericConditionalConstrainedToUnknownNotAssignableToConcreteObject.errors.txt but none produced
</message>
<stacktrace>
  at com.xemantic.typescript.compiler.TypeScriptTestSupportKt.errorsMatchBaseline(TypeScriptTestSupport.kt:125)
  at com.xemantic.typescript.compiler.TypeScriptCompilerTests_G.genericConditionalConstrainedToUnknownNotAssignableToConcreteObject_ts has expected errors matching genericConditionalConstrainedToUnknownNotAssignableToConcreteObject_errors_txt(TypeScriptCompilerTests_G.kt:679)
  at java.base/jdk.internal.reflect.DirectMethodHandleAccessor.invoke(DirectMethodHandleAccessor.java:104)
  at java.base/java.lang.reflect.Method.invoke(Method.java:565)
  at org.junit.runners.model.FrameworkMethod$1.runReflectiveCall(FrameworkMethod.java:59)
  at org.junit.internal.runners.model.ReflectiveCallable.run(ReflectiveCallable.java:12)
  at org.junit.runners.model.FrameworkMethod.invokeExplosively(FrameworkMethod.java:56)
  at org.junit.internal.runners.statements.InvokeMethod.evaluate(InvokeMethod.java:17)
  at org.junit.runners.ParentRunner$3.evaluate(ParentRunner.java:306)
  at org.junit.runners.BlockJUnit4ClassRunner$1.evaluate(BlockJUnit4ClassRunner.java:100)
  at org.junit.runners.ParentRunner.runLeaf(ParentRunner.java:366)
  at org.junit.runners.BlockJUnit4ClassRunner.runChild(BlockJUnit4ClassRunner.java:103)
  at org.junit.runners.BlockJUnit4ClassRunner.runChild(BlockJUnit4ClassRunner.java:63)
  at org.junit.runners.ParentRunner$4.run(ParentRunner.java:331)
  at org.junit.runners.ParentRunner$1.schedule(ParentRunner.java:79)
  at org.junit.runners.ParentRunner.runChildren(ParentRunner.java:329)
  at org.junit.runners.ParentRunner.access$100(ParentRunner.java:66)
  at org.junit.runners.ParentRunner$2.evaluate(ParentRunner.java:293)
  at org.junit.runners.ParentRunner$3.evaluate(ParentRunner.java:306)
  at org.junit.runners.ParentRunner.run(ParentRunner.java:413)
  at org.junit.runner.JUnitCore.run(JUnitCore.java:137)
  at org.junit.runner.JUnitCore.run(JUnitCore.java:115)
  at org.gradle.api.internal.tasks.testing.junit.JUnitTestExecutor.runRequest(JUnitTestExecutor.java:175)
  at org.gradle.api.internal.tasks.testing.junit.JUnitTestExecutor.accept(JUnitTestExecutor.java:84)
  at org.gradle.api.internal.tasks.testing.junit.JUnitTestExecutor.accept(JUnitTestExecutor.java:47)
  at org.gradle.api.internal.tasks.testing.junit.AbstractJUnitTestDefinitionProcessor.processTestDefinition(AbstractJUnitTestDefinitionProcessor.java:65)
  at org.gradle.api.internal.tasks.testing.SuiteTestDefinitionProcessor.processTestDefinition(SuiteTestDefinitionProcessor.java:54)
  at java.base/jdk.internal.reflect.DirectMethodHandleAccessor.invoke(DirectMethodHandleAccessor.java:104)
  at java.base/java.lang.reflect.Method.invoke(Method.java:565)
  at org.gradle.internal.dispatch.MethodInvocation.invokeOn(MethodInvocation.java:77)
  at org.gradle.internal.dispatch.ReflectionDispatch.dispatch(ReflectionDispatch.java:28)
  at org.gradle.internal.dispatch.ReflectionDispatch.dispatch(ReflectionDispatch.java:19)
  at org.gradle.internal.dispatch.ContextClassLoaderDispatch.dispatch(ContextClassLoaderDispatch.java:33)
  at org.gradle.internal.dispatch.ProxyDispatchAdapter$DispatchingInvocationHandler.invoke(ProxyDispatchAdapter.java:88)
  at jdk.proxy1/jdk.proxy1.$Proxy4.processTestDefinition(Unknown Source)
  at org.gradle.api.internal.tasks.testing.worker.TestWorker$2.run(TestWorker.java:178)
  at org.gradle.api.internal.tasks.testing.worker.TestWorker.executeAndMaintainThreadName(TestWorker.java:126)
  at org.gradle.api.internal.tasks.testing.worker.TestWorker.execute(TestWorker.java:103)
  at org.gradle.api.internal.tasks.testing.worker.TestWorker.execute(TestWorker.java:63)
  at org.gradle.process.internal.worker.child.ActionExecutionWorker.execute(ActionExecutionWorker.java:56)
  at org.gradle.process.internal.worker.child.SystemApplicationClassLoaderWorker.call(SystemApplicationClassLoaderWorker.java:122)
  at org.gradle.process.internal.worker.child.SystemApplicationClassLoaderWorker.call(SystemApplicationClassLoaderWorker.java:72)
  at worker.org.gradle.process.internal.worker.GradleWorkerMain.run(GradleWorkerMain.java:69)
  at worker.org.gradle.process.internal.worker.GradleWorkerMain.main(GradleWorkerMain.java:74)
</stacktrace>
</test-failure>


TypeScriptCompilerTests_G[jvm] > genericConditionalConstrainedToUnknownNotAssignableToConcreteObject_ts has expected errors matching genericConditionalConstrainedToUnknownNotAssignableToConcreteObject_errors_txt[jvm] FAILED

<test-failure test="com.xemantic.typescript.compiler.TypeScriptCompilerTests_G.genericAssignmentCompatWithInterfaces1_ts has expected errors matching genericAssignmentCompatWithInterfaces1_errors_txt" platform="jvm">
<message>
Expected diagnostics from baseline typescript-repo/tests/baselines/reference/genericAssignmentCompatWithInterfaces1.errors.txt but none produced
</message>
<stacktrace>
  at com.xemantic.typescript.compiler.TypeScriptTestSupportKt.errorsMatchBaseline(TypeScriptTestSupport.kt:125)
  at com.xemantic.typescript.compiler.TypeScriptCompilerTests_G.genericAssignmentCompatWithInterfaces1_ts has expected errors matching genericAssignmentCompatWithInterfaces1_errors_txt(TypeScriptCompilerTests_G.kt:294)
  at java.base/jdk.internal.reflect.DirectMethodHandleAccessor.invoke(DirectMethodHandleAccessor.java:104)
  at java.base/java.lang.reflect.Method.invoke(Method.java:565)
  at org.junit.runners.model.FrameworkMethod$1.runReflectiveCall(FrameworkMethod.java:59)
  at org.junit.internal.runners.model.ReflectiveCallable.run(ReflectiveCallable.java:12)
  at org.junit.runners.model.FrameworkMethod.invokeExplosively(FrameworkMethod.java:56)
  at org.junit.internal.runners.statements.InvokeMethod.evaluate(InvokeMethod.java:17)
  at org.junit.runners.ParentRunner$3.evaluate(ParentRunner.java:306)
  at org.junit.runners.BlockJUnit4ClassRunner$1.evaluate(BlockJUnit4ClassRunner.java:100)
  at org.junit.runners.ParentRunner.runLeaf(ParentRunner.java:366)
  at org.junit.runners.BlockJUnit4ClassRunner.runChild(BlockJUnit4ClassRunner.java:103)
  at org.junit.runners.BlockJUnit4ClassRunner.runChild(BlockJUnit4ClassRunner.java:63)
  at org.junit.runners.ParentRunner$4.run(ParentRunner.java:331)
  at org.junit.runners.ParentRunner$1.schedule(ParentRunner.java:79)
  at org.junit.runners.ParentRunner.runChildren(ParentRunner.java:329)
  at org.junit.runners.ParentRunner.access$100(ParentRunner.java:66)
  at org.junit.runners.ParentRunner$2.evaluate(ParentRunner.java:293)
  at org.junit.runners.ParentRunner$3.evaluate(ParentRunner.java:306)
  at org.junit.runners.ParentRunner.run(ParentRunner.java:413)
  at org.junit.runner.JUnitCore.run(JUnitCore.java:137)
  at org.junit.runner.JUnitCore.run(JUnitCore.java:115)
  at org.gradle.api.internal.tasks.testing.junit.JUnitTestExecutor.runRequest(JUnitTestExecutor.java:175)
  at org.gradle.api.internal.tasks.testing.junit.JUnitTestExecutor.accept(JUnitTestExecutor.java:84)
  at org.gradle.api.internal.tasks.testing.junit.JUnitTestExecutor.accept(JUnitTestExecutor.java:47)
  at org.gradle.api.internal.tasks.testing.junit.AbstractJUnitTestDefinitionProcessor.processTestDefinition(AbstractJUnitTestDefinitionProcessor.java:65)
  at org.gradle.api.internal.tasks.testing.SuiteTestDefinitionProcessor.processTestDefinition(SuiteTestDefinitionProcessor.java:54)
  at java.base/jdk.internal.reflect.DirectMethodHandleAccessor.invoke(DirectMethodHandleAccessor.java:104)
  at java.base/java.lang.reflect.Method.invoke(Method.java:565)
  at org.gradle.internal.dispatch.MethodInvocation.invokeOn(MethodInvocation.java:77)
  at org.gradle.internal.dispatch.ReflectionDispatch.dispatch(ReflectionDispatch.java:28)
  at org.gradle.internal.dispatch.ReflectionDispatch.dispatch(ReflectionDispatch.java:19)
  at org.gradle.internal.dispatch.ContextClassLoaderDispatch.dispatch(ContextClassLoaderDispatch.java:33)
  at org.gradle.internal.dispatch.ProxyDispatchAdapter$DispatchingInvocationHandler.invoke(ProxyDispatchAdapter.java:88)
  at jdk.proxy1/jdk.proxy1.$Proxy4.processTestDefinition(Unknown Source)
  at org.gradle.api.internal.tasks.testing.worker.TestWorker$2.run(TestWorker.java:178)
  at org.gradle.api.internal.tasks.testing.worker.TestWorker.executeAndMaintainThreadName(TestWorker.java:126)
  at org.gradle.api.internal.tasks.testing.worker.TestWorker.execute(TestWorker.java:103)
  at org.gradle.api.internal.tasks.testing.worker.TestWorker.execute(TestWorker.java:63)
  at org.gradle.process.internal.worker.child.ActionExecutionWorker.execute(ActionExecutionWorker.java:56)
  at org.gradle.process.internal.worker.child.SystemApplicationClassLoaderWorker.call(SystemApplicationClassLoaderWorker.java:122)
  at org.gradle.process.internal.worker.child.SystemApplicationClassLoaderWorker.call(SystemApplicationClassLoaderWorker.java:72)
  at worker.org.gradle.process.internal.worker.GradleWorkerMain.run(GradleWorkerMain.java:69)
  at worker.org.gradle.process.internal.worker.GradleWorkerMain.main(GradleWorkerMain.java:74)
</stacktrace>
</test-failure>


TypeScriptCompilerTests_G[jvm] > genericAssignmentCompatWithInterfaces1_ts has expected errors matching genericAssignmentCompatWithInterfaces1_errors_txt[jvm] FAILED

<test-failure test="com.xemantic.typescript.compiler.TypeScriptCompilerTests_G.genericMemberFunction_ts has expected errors matching genericMemberFunction_errors_txt" platform="jvm">
<message>
--- expected
+++ actual
@@ -1,12 +1,11 @@
 genericMemberFunction.ts(3,5): error TS2322: Type 'undefined' is not assignable to type 'FileWithErrors<A, B, C>'.
-genericMemberFunction.ts(8,5): error TS2322: Type 'undefined' is not assignable to type 'BuildError<A, B, C>[]'.
 genericMemberFunction.ts(11,5): error TS2322: Type 'undefined' is not assignable to type 'BuildResult<A, B, C>'.
 genericMemberFunction.ts(16,5): error TS2304: Cannot find name 'a'.
 genericMemberFunction.ts(17,5): error TS2304: Cannot find name 'removedFiles'.
 genericMemberFunction.ts(18,12): error TS2339: Property 'removeFile' does not exist on type 'BuildResult<A, B, C>'.
 
 
-==== genericMemberFunction.ts (6 errors) ====
+==== genericMemberFunction.ts (5 errors) ====
     export class BuildError<A, B, C>{
       public parent<A, B extends A, C>(): FileWithErrors<A, B, C> {
         return undefined;
@@ -17,8 +16,6 @@
     export class FileWithErrors<A, B, C>{
       public errors<A, B extends A, C>(): BuildError<A, B, C>[] {
         return undefined;
-        ~~~~~~
-!!! error TS2322: Type 'undefined' is not assignable to type 'BuildError<A, B, C>[]'.
       }
       public parent<A, B extends A, C>(): BuildResult<A, B, C> {
         return undefined;

</message>
<stacktrace>
  at org.junit.Assert.fail(Assert.java:89)
  at kotlin.test.junit.JUnitAsserter.fail(JUnitSupport.kt:56)
  at kotlin.test.AssertionsKt__AssertionsKt.fail(Assertions.kt:563)
  at kotlin.test.AssertionsKt.fail(Unknown Source)
  at com.xemantic.kotlin.test.SameAsKt.sameAs(SameAs.kt:52)
  at com.xemantic.typescript.compiler.TypeScriptTestSupportKt.errorsMatchBaseline(TypeScriptTestSupport.kt:135)
  at com.xemantic.typescript.compiler.TypeScriptCompilerTests_G.genericMemberFunction_ts has expected errors matching genericMemberFunction_errors_txt(TypeScriptCompilerTests_G.kt:1281)
  at java.base/jdk.internal.reflect.DirectMethodHandleAccessor.invoke(DirectMethodHandleAccessor.java:104)
  at java.base/java.lang.reflect.Method.invoke(Method.java:565)
  at org.junit.runners.model.FrameworkMethod$1.runReflectiveCall(FrameworkMethod.java:59)
  at org.junit.internal.runners.model.ReflectiveCallable.run(ReflectiveCallable.java:12)
  at org.junit.runners.model.FrameworkMethod.invokeExplosively(FrameworkMethod.java:56)
  at org.junit.internal.runners.statements.InvokeMethod.evaluate(InvokeMethod.java:17)
  at org.junit.runners.ParentRunner$3.evaluate(ParentRunner.java:306)
  at org.junit.runners.BlockJUnit4ClassRunner$1.evaluate(BlockJUnit4ClassRunner.java:100)
  at org.junit.runners.ParentRunner.runLeaf(ParentRunner.java:366)
  at org.junit.runners.BlockJUnit4ClassRunner.runChild(BlockJUnit4ClassRunner.java:103)
  at org.junit.runners.BlockJUnit4ClassRunner.runChild(BlockJUnit4ClassRunner.java:63)
  at org.junit.runners.ParentRunner$4.run(ParentRunner.java:331)
  at org.junit.runners.ParentRunner$1.schedule(ParentRunner.java:79)
  at org.junit.runners.ParentRunner.runChildren(ParentRunner.java:329)
  at org.junit.runners.ParentRunner.access$100(ParentRunner.java:66)
  at org.junit.runners.ParentRunner$2.evaluate(ParentRunner.java:293)
  at org.junit.runners.ParentRunner$3.evaluate(ParentRunner.java:306)
  at org.junit.runners.ParentRunner.run(ParentRunner.java:413)
  at org.junit.runner.JUnitCore.run(JUnitCore.java:137)
  at org.junit.runner.JUnitCore.run(JUnitCore.java:115)
  at org.gradle.api.internal.tasks.testing.junit.JUnitTestExecutor.runRequest(JUnitTestExecutor.java:175)
  at org.gradle.api.internal.tasks.testing.junit.JUnitTestExecutor.accept(JUnitTestExecutor.java:84)
  at org.gradle.api.internal.tasks.testing.junit.JUnitTestExecutor.accept(JUnitTestExecutor.java:47)
  at org.gradle.api.internal.tasks.testing.junit.AbstractJUnitTestDefinitionProcessor.processTestDefinition(AbstractJUnitTestDefinitionProcessor.java:65)
  at org.gradle.api.internal.tasks.testing.SuiteTestDefinitionProcessor.processTestDefinition(SuiteTestDefinitionProcessor.java:54)
  at java.base/jdk.internal.reflect.DirectMethodHandleAccessor.invoke(DirectMethodHandleAccessor.java:104)
  at java.base/java.lang.reflect.Method.invoke(Method.java:565)
  at org.gradle.internal.dispatch.MethodInvocation.invokeOn(MethodInvocation.java:77)
  at org.gradle.internal.dispatch.ReflectionDispatch.dispatch(ReflectionDispatch.java:28)
  at org.gradle.internal.dispatch.ReflectionDispatch.dispatch(ReflectionDispatch.java:19)
  at org.gradle.internal.dispatch.ContextClassLoaderDispatch.dispatch(ContextClassLoaderDispatch.java:33)
  at org.gradle.internal.dispatch.ProxyDispatchAdapter$DispatchingInvocationHandler.invoke(ProxyDispatchAdapter.java:88)
  at jdk.proxy1/jdk.proxy1.$Proxy4.processTestDefinition(Unknown Source)
  at org.gradle.api.internal.tasks.testing.worker.TestWorker$2.run(TestWorker.java:178)
  at org.gradle.api.internal.tasks.testing.worker.TestWorker.executeAndMaintainThreadName(TestWorker.java:126)
  at org.gradle.api.internal.tasks.testing.worker.TestWorker.execute(TestWorker.java:103)
  at org.gradle.api.internal.tasks.testing.worker.TestWorker.execute(TestWorker.java:63)
  at org.gradle.process.internal.worker.child.ActionExecutionWorker.execute(ActionExecutionWorker.java:56)
  at org.gradle.process.internal.worker.child.SystemApplicationClassLoaderWorker.call(SystemApplicationClassLoaderWorker.java:122)
  at org.gradle.process.internal.worker.child.SystemApplicationClassLoaderWorker.call(SystemApplicationClassLoaderWorker.java:72)
  at worker.org.gradle.process.internal.worker.GradleWorkerMain.run(GradleWorkerMain.java:69)
  at worker.org.gradle.process.internal.worker.GradleWorkerMain.main(GradleWorkerMain.java:74)
</stacktrace>
</test-failure>


TypeScriptCompilerTests_G[jvm] > genericMemberFunction_ts has expected errors matching genericMemberFunction_errors_txt[jvm] FAILED

<test-failure test="com.xemantic.typescript.compiler.TypeScriptCompilerTests_G.genericWithNoConstraintComparableWithCurlyCurly_ts has expected errors matching genericWithNoConstraintComparableWithCurlyCurly_errors_txt" platform="jvm">
<message>
Expected diagnostics from baseline typescript-repo/tests/baselines/reference/genericWithNoConstraintComparableWithCurlyCurly.errors.txt but none produced
</message>
<stacktrace>
  at com.xemantic.typescript.compiler.TypeScriptTestSupportKt.errorsMatchBaseline(TypeScriptTestSupport.kt:125)
  at com.xemantic.typescript.compiler.TypeScriptCompilerTests_G.genericWithNoConstraintComparableWithCurlyCurly_ts has expected errors matching genericWithNoConstraintComparableWithCurlyCurly_errors_txt(TypeScriptCompilerTests_G.kt:1967)
  at java.base/jdk.internal.reflect.DirectMethodHandleAccessor.invoke(DirectMethodHandleAccessor.java:104)
  at java.base/java.lang.reflect.Method.invoke(Method.java:565)
  at org.junit.runners.model.FrameworkMethod$1.runReflectiveCall(FrameworkMethod.java:59)
  at org.junit.internal.runners.model.ReflectiveCallable.run(ReflectiveCallable.java:12)
  at org.junit.runners.model.FrameworkMethod.invokeExplosively(FrameworkMethod.java:56)
  at org.junit.internal.runners.statements.InvokeMethod.evaluate(InvokeMethod.java:17)
  at org.junit.runners.ParentRunner$3.evaluate(ParentRunner.java:306)
  at org.junit.runners.BlockJUnit4ClassRunner$1.evaluate(BlockJUnit4ClassRunner.java:100)
  at org.junit.runners.ParentRunner.runLeaf(ParentRunner.java:366)
  at org.junit.runners.BlockJUnit4ClassRunner.runChild(BlockJUnit4ClassRunner.java:103)
  at org.junit.runners.BlockJUnit4ClassRunner.runChild(BlockJUnit4ClassRunner.java:63)
  at org.junit.runners.ParentRunner$4.run(ParentRunner.java:331)
  at org.junit.runners.ParentRunner$1.schedule(ParentRunner.java:79)
  at org.junit.runners.ParentRunner.runChildren(ParentRunner.java:329)
  at org.junit.runners.ParentRunner.access$100(ParentRunner.java:66)
  at org.junit.runners.ParentRunner$2.evaluate(ParentRunner.java:293)
  at org.junit.runners.ParentRunner$3.evaluate(ParentRunner.java:306)
  at org.junit.runners.ParentRunner.run(ParentRunner.java:413)
  at org.junit.runner.JUnitCore.run(JUnitCore.java:137)
  at org.junit.runner.JUnitCore.run(JUnitCore.java:115)
  at org.gradle.api.internal.tasks.testing.junit.JUnitTestExecutor.runRequest(JUnitTestExecutor.java:175)
  at org.gradle.api.internal.tasks.testing.junit.JUnitTestExecutor.accept(JUnitTestExecutor.java:84)
  at org.gradle.api.internal.tasks.testing.junit.JUnitTestExecutor.accept(JUnitTestExecutor.java:47)
  at org.gradle.api.internal.tasks.testing.junit.AbstractJUnitTestDefinitionProcessor.processTestDefinition(AbstractJUnitTestDefinitionProcessor.java:65)
  at org.gradle.api.internal.tasks.testing.SuiteTestDefinitionProcessor.processTestDefinition(SuiteTestDefinitionProcessor.java:54)
  at java.base/jdk.internal.reflect.DirectMethodHandleAccessor.invoke(DirectMethodHandleAccessor.java:104)
  at java.base/java.lang.reflect.Method.invoke(Method.java:565)
  at org.gradle.internal.dispatch.MethodInvocation.invokeOn(MethodInvocation.java:77)
  at org.gradle.internal.dispatch.ReflectionDispatch.dispatch(ReflectionDispatch.java:28)
  at org.gradle.internal.dispatch.ReflectionDispatch.dispatch(ReflectionDispatch.java:19)
  at org.gradle.internal.dispatch.ContextClassLoaderDispatch.dispatch(ContextClassLoaderDispatch.java:33)
  at org.gradle.internal.dispatch.ProxyDispatchAdapter$DispatchingInvocationHandler.invoke(ProxyDispatchAdapter.java:88)
  at jdk.proxy1/jdk.proxy1.$Proxy4.processTestDefinition(Unknown Source)
  at org.gradle.api.internal.tasks.testing.worker.TestWorker$2.run(TestWorker.java:178)
  at org.gradle.api.internal.tasks.testing.worker.TestWorker.executeAndMaintainThreadName(TestWorker.java:126)
  at org.gradle.api.internal.tasks.testing.worker.TestWorker.execute(TestWorker.java:103)
  at org.gradle.api.internal.tasks.testing.worker.TestWorker.execute(TestWorker.java:63)
  at org.gradle.process.internal.worker.child.ActionExecutionWorker.execute(ActionExecutionWorker.java:56)
  at org.gradle.process.internal.worker.child.SystemApplicationClassLoaderWorker.call(SystemApplicationClassLoaderWorker.java:122)
  at org.gradle.process.internal.worker.child.SystemApplicationClassLoaderWorker.call(SystemApplicationClassLoaderWorker.java:72)
  at worker.org.gradle.process.internal.worker.GradleWorkerMain.run(GradleWorkerMain.java:69)
  at worker.org.gradle.process.internal.worker.GradleWorkerMain.main(GradleWorkerMain.java:74)
</stacktrace>
</test-failure>


TypeScriptCompilerTests_G[jvm] > genericWithNoConstraintComparableWithCurlyCurly_ts has expected errors matching genericWithNoConstraintComparableWithCurlyCurly_errors_txt[jvm] FAILED

<test-failure test="com.xemantic.typescript.compiler.TypeScriptCompilerTests_G.genericSpecializations2_ts has expected errors matching genericSpecializations2_errors_txt" platform="jvm">
<message>
--- expected
+++ actual
@@ -1,22 +1,12 @@
 genericSpecializations2.ts(3,9): error TS2322: Type 'null' is not assignable to type 'T'.
   'T' could be instantiated with an arbitrary type which could be unrelated to 'null'.
-genericSpecializations2.ts(8,5): error TS2416: Property 'foo' in type 'IntFooBad' is not assignable to the same property in base type 'IFoo<number>'.
-  Type '<string>(x: string) => string' is not assignable to type '<T>(x: T) => T'.
-    Types of parameters 'x' and 'x' are incompatible.
-      Type 'T' is not assignable to type 'string'.
-genericSpecializations2.ts(8,9): error TS2368: Type parameter name cannot be 'string'.
 genericSpecializations2.ts(8,38): error TS2322: Type 'null' is not assignable to type 'string'.
-genericSpecializations2.ts(12,5): error TS2416: Property 'foo' in type 'StringFoo2' is not assignable to the same property in base type 'IFoo<string>'.
-  Type '<string>(x: string) => string' is not assignable to type '<T>(x: T) => T'.
-    Types of parameters 'x' and 'x' are incompatible.
-      Type 'T' is not assignable to type 'string'.
-genericSpecializations2.ts(12,9): error TS2368: Type parameter name cannot be 'string'.
 genericSpecializations2.ts(12,38): error TS2322: Type 'null' is not assignable to type 'string'.
 genericSpecializations2.ts(16,23): error TS2322: Type 'null' is not assignable to type 'T'.
   'T' could be instantiated with an arbitrary type which could be unrelated to 'null'.
 
 
-==== genericSpecializations2.ts (8 errors) ====
+==== genericSpecializations2.ts (4 errors) ====
     class IFoo<T> {
         foo<T>(x: T): T { // no error on implementors because IFoo's T is different from foo's T
             return null;
@@ -28,28 +18,12 @@
     
     class IntFooBad implements IFoo<number> {
         foo<string>(x: string): string { return null; }
-        ~~~
-!!! error TS2416: Property 'foo' in type 'IntFooBad' is not assignable to the same property in base type 'IFoo<number>'.
-!!! error TS2416:   Type '<string>(x: string) => string' is not assignable to type '<T>(x: T) => T'.
-!!! error TS2416:     Types of parameters 'x' and 'x' are incompatible.
-!!! error TS2416:       Type 'T' is not assignable to type 'string'.
-!!! related TS2208 genericSpecializations2.ts:2:9: This type parameter might need an `extends string` constraint.
-            ~~~~~~
-!!! error TS2368: Type parameter name cannot be 'string'.
                                          ~~~~~~
 !!! error TS2322: Type 'null' is not assignable to type 'string'.
     }
     
     class StringFoo2 implements IFoo<string> {
         foo<string>(x: string): string { return null; }
-        ~~~
-!!! error TS2416: Property 'foo' in type 'StringFoo2' is not assignable to the same property in base type 'IFoo<string>'.
-!!! error TS2416:   Type '<string>(x: string) => string' is not assignable to type '<T>(x: T) => T'.
-!!! error TS2416:     Types of parameters 'x' and 'x' are incompatible.
-!!! error TS2416:       Type 'T' is not assignable to type 'string'.
-!!! related TS2208 genericSpecializations2.ts:2:9: This type parameter might need an `extends string` constraint.
-            ~~~~~~
-!!! error TS2368: Type parameter name cannot be 'string'.
                                          ~~~~~~
 !!! error TS2322: Type 'null' is not assignable to type 'string'.
     }

</message>
<stacktrace>
  at org.junit.Assert.fail(Assert.java:89)
  at kotlin.test.junit.JUnitAsserter.fail(JUnitSupport.kt:56)
  at kotlin.test.AssertionsKt__AssertionsKt.fail(Assertions.kt:563)
  at kotlin.test.AssertionsKt.fail(Unknown Source)
  at com.xemantic.kotlin.test.SameAsKt.sameAs(SameAs.kt:52)
  at com.xemantic.typescript.compiler.TypeScriptTestSupportKt.errorsMatchBaseline(TypeScriptTestSupport.kt:135)
  at com.xemantic.typescript.compiler.TypeScriptCompilerTests_G.genericSpecializations2_ts has expected errors matching genericSpecializations2_errors_txt(TypeScriptCompilerTests_G.kt:1638)
  at java.base/jdk.internal.reflect.DirectMethodHandleAccessor.invoke(DirectMethodHandleAccessor.java:104)
  at java.base/java.lang.reflect.Method.invoke(Method.java:565)
  at org.junit.runners.model.FrameworkMethod$1.runReflectiveCall(FrameworkMethod.java:59)
  at org.junit.internal.runners.model.ReflectiveCallable.run(ReflectiveCallable.java:12)
  at org.junit.runners.model.FrameworkMethod.invokeExplosively(FrameworkMethod.java:56)
  at org.junit.internal.runners.statements.InvokeMethod.evaluate(InvokeMethod.java:17)
  at org.junit.runners.ParentRunner$3.evaluate(ParentRunner.java:306)
  at org.junit.runners.BlockJUnit4ClassRunner$1.evaluate(BlockJUnit4ClassRunner.java:100)
  at org.junit.runners.ParentRunner.runLeaf(ParentRunner.java:366)
  at org.junit.runners.BlockJUnit4ClassRunner.runChild(BlockJUnit4ClassRunner.java:103)
  at org.junit.runners.BlockJUnit4ClassRunner.runChild(BlockJUnit4ClassRunner.java:63)
  at org.junit.runners.ParentRunner$4.run(ParentRunner.java:331)
  at org.junit.runners.ParentRunner$1.schedule(ParentRunner.java:79)
  at org.junit.runners.ParentRunner.runChildren(ParentRunner.java:329)
  at org.junit.runners.ParentRunner.access$100(ParentRunner.java:66)
  at org.junit.runners.ParentRunner$2.evaluate(ParentRunner.java:293)
  at org.junit.runners.ParentRunner$3.evaluate(ParentRunner.java:306)
  at org.junit.runners.ParentRunner.run(ParentRunner.java:413)
  at org.junit.runner.JUnitCore.run(JUnitCore.java:137)
  at org.junit.runner.JUnitCore.run(JUnitCore.java:115)
  at org.gradle.api.internal.tasks.testing.junit.JUnitTestExecutor.runRequest(JUnitTestExecutor.java:175)
  at org.gradle.api.internal.tasks.testing.junit.JUnitTestExecutor.accept(JUnitTestExecutor.java:84)
  at org.gradle.api.internal.tasks.testing.junit.JUnitTestExecutor.accept(JUnitTestExecutor.java:47)
  at org.gradle.api.internal.tasks.testing.junit.AbstractJUnitTestDefinitionProcessor.processTestDefinition(AbstractJUnitTestDefinitionProcessor.java:65)
  at org.gradle.api.internal.tasks.testing.SuiteTestDefinitionProcessor.processTestDefinition(SuiteTestDefinitionProcessor.java:54)
  at java.base/jdk.internal.reflect.DirectMethodHandleAccessor.invoke(DirectMethodHandleAccessor.java:104)
  at java.base/java.lang.reflect.Method.invoke(Method.java:565)
  at org.gradle.internal.dispatch.MethodInvocation.invokeOn(MethodInvocation.java:77)
  at org.gradle.internal.dispatch.ReflectionDispatch.dispatch(ReflectionDispatch.java:28)
  at org.gradle.internal.dispatch.ReflectionDispatch.dispatch(ReflectionDispatch.java:19)
  at org.gradle.internal.dispatch.ContextClassLoaderDispatch.dispatch(ContextClassLoaderDispatch.java:33)
  at org.gradle.internal.dispatch.ProxyDispatchAdapter$DispatchingInvocationHandler.invoke(ProxyDispatchAdapter.java:88)
  at jdk.proxy1/jdk.proxy1.$Proxy4.processTestDefinition(Unknown Source)
  at org.gradle.api.internal.tasks.testing.worker.TestWorker$2.run(TestWorker.java:178)
  at org.gradle.api.internal.tasks.testing.worker.TestWorker.executeAndMaintainThreadName(TestWorker.java:126)
  at org.gradle.api.internal.tasks.testing.worker.TestWorker.execute(TestWorker.java:103)
  at org.gradle.api.internal.tasks.testing.worker.TestWorker.execute(TestWorker.java:63)
  at org.gradle.process.internal.worker.child.ActionExecutionWorker.execute(ActionExecutionWorker.java:56)
  at org.gradle.process.internal.worker.child.SystemApplicationClassLoaderWorker.call(SystemApplicationClassLoaderWorker.java:122)
  at org.gradle.process.internal.worker.child.SystemApplicationClassLoaderWorker.call(SystemApplicationClassLoaderWorker.java:72)
  at worker.org.gradle.process.internal.worker.GradleWorkerMain.run(GradleWorkerMain.java:69)
  at worker.org.gradle.process.internal.worker.GradleWorkerMain.main(GradleWorkerMain.java:74)
</stacktrace>
</test-failure>


TypeScriptCompilerTests_G[jvm] > genericSpecializations2_ts has expected errors matching genericSpecializations2_errors_txt[jvm] FAILED

<test-failure test="com.xemantic.typescript.compiler.TypeScriptCompilerTests_G.genericTypeAssertions6_ts has expected errors matching genericTypeAssertions6_errors_txt" platform="jvm">
<message>
Expected diagnostics from baseline typescript-repo/tests/baselines/reference/genericTypeAssertions6.errors.txt but none produced
</message>
<stacktrace>
  at com.xemantic.typescript.compiler.TypeScriptTestSupportKt.errorsMatchBaseline(TypeScriptTestSupport.kt:125)
  at com.xemantic.typescript.compiler.TypeScriptCompilerTests_G.genericTypeAssertions6_ts has expected errors matching genericTypeAssertions6_errors_txt(TypeScriptCompilerTests_G.kt:1757)
  at java.base/jdk.internal.reflect.DirectMethodHandleAccessor.invoke(DirectMethodHandleAccessor.java:104)
  at java.base/java.lang.reflect.Method.invoke(Method.java:565)
  at org.junit.runners.model.FrameworkMethod$1.runReflectiveCall(FrameworkMethod.java:59)
  at org.junit.internal.runners.model.ReflectiveCallable.run(ReflectiveCallable.java:12)
  at org.junit.runners.model.FrameworkMethod.invokeExplosively(FrameworkMethod.java:56)
  at org.junit.internal.runners.statements.InvokeMethod.evaluate(InvokeMethod.java:17)
  at org.junit.runners.ParentRunner$3.evaluate(ParentRunner.java:306)
  at org.junit.runners.BlockJUnit4ClassRunner$1.evaluate(BlockJUnit4ClassRunner.java:100)
  at org.junit.runners.ParentRunner.runLeaf(ParentRunner.java:366)
  at org.junit.runners.BlockJUnit4ClassRunner.runChild(BlockJUnit4ClassRunner.java:103)
  at org.junit.runners.BlockJUnit4ClassRunner.runChild(BlockJUnit4ClassRunner.java:63)
  at org.junit.runners.ParentRunner$4.run(ParentRunner.java:331)
  at org.junit.runners.ParentRunner$1.schedule(ParentRunner.java:79)
  at org.junit.runners.ParentRunner.runChildren(ParentRunner.java:329)
  at org.junit.runners.ParentRunner.access$100(ParentRunner.java:66)
  at org.junit.runners.ParentRunner$2.evaluate(ParentRunner.java:293)
  at org.junit.runners.ParentRunner$3.evaluate(ParentRunner.java:306)
  at org.junit.runners.ParentRunner.run(ParentRunner.java:413)
  at org.junit.runner.JUnitCore.run(JUnitCore.java:137)
  at org.junit.runner.JUnitCore.run(JUnitCore.java:115)
  at org.gradle.api.internal.tasks.testing.junit.JUnitTestExecutor.runRequest(JUnitTestExecutor.java:175)
  at org.gradle.api.internal.tasks.testing.junit.JUnitTestExecutor.accept(JUnitTestExecutor.java:84)
  at org.gradle.api.internal.tasks.testing.junit.JUnitTestExecutor.accept(JUnitTestExecutor.java:47)
  at org.gradle.api.internal.tasks.testing.junit.AbstractJUnitTestDefinitionProcessor.processTestDefinition(AbstractJUnitTestDefinitionProcessor.java:65)
  at org.gradle.api.internal.tasks.testing.SuiteTestDefinitionProcessor.processTestDefinition(SuiteTestDefinitionProcessor.java:54)
  at java.base/jdk.internal.reflect.DirectMethodHandleAccessor.invoke(DirectMethodHandleAccessor.java:104)
  at java.base/java.lang.reflect.Method.invoke(Method.java:565)
  at org.gradle.internal.dispatch.MethodInvocation.invokeOn(MethodInvocation.java:77)
  at org.gradle.internal.dispatch.ReflectionDispatch.dispatch(ReflectionDispatch.java:28)
  at org.gradle.internal.dispatch.ReflectionDispatch.dispatch(ReflectionDispatch.java:19)
  at org.gradle.internal.dispatch.ContextClassLoaderDispatch.dispatch(ContextClassLoaderDispatch.java:33)
  at org.gradle.internal.dispatch.ProxyDispatchAdapter$DispatchingInvocationHandler.invoke(ProxyDispatchAdapter.java:88)
  at jdk.proxy1/jdk.proxy1.$Proxy4.processTestDefinition(Unknown Source)
  at org.gradle.api.internal.tasks.testing.worker.TestWorker$2.run(TestWorker.java:178)
  at org.gradle.api.internal.tasks.testing.worker.TestWorker.executeAndMaintainThreadName(TestWorker.java:126)
  at org.gradle.api.internal.tasks.testing.worker.TestWorker.execute(TestWorker.java:103)
  at org.gradle.api.internal.tasks.testing.worker.TestWorker.execute(TestWorker.java:63)
  at org.gradle.process.internal.worker.child.ActionExecutionWorker.execute(ActionExecutionWorker.java:56)
  at org.gradle.process.internal.worker.child.SystemApplicationClassLoaderWorker.call(SystemApplicationClassLoaderWorker.java:122)
  at org.gradle.process.internal.worker.child.SystemApplicationClassLoaderWorker.call(SystemApplicationClassLoaderWorker.java:72)
  at worker.org.gradle.process.internal.worker.GradleWorkerMain.run(GradleWorkerMain.java:69)
  at worker.org.gradle.process.internal.worker.GradleWorkerMain.main(GradleWorkerMain.java:74)
</stacktrace>
</test-failure>


TypeScriptCompilerTests_G[jvm] > genericTypeAssertions6_ts has expected errors matching genericTypeAssertions6_errors_txt[jvm] FAILED

<test-failure test="com.xemantic.typescript.compiler.TypeScriptCompilerTests_G.gettersAndSetters_ts has expected errors matching gettersAndSetters_errors_txt" platform="jvm">
<message>
Expected diagnostics from baseline typescript-repo/tests/baselines/reference/gettersAndSetters.errors.txt but none produced
</message>
<stacktrace>
  at com.xemantic.typescript.compiler.TypeScriptTestSupportKt.errorsMatchBaseline(TypeScriptTestSupport.kt:125)
  at com.xemantic.typescript.compiler.TypeScriptCompilerTests_G.gettersAndSetters_ts has expected errors matching gettersAndSetters_errors_txt(TypeScriptCompilerTests_G.kt:2289)
  at java.base/jdk.internal.reflect.DirectMethodHandleAccessor.invoke(DirectMethodHandleAccessor.java:104)
  at java.base/java.lang.reflect.Method.invoke(Method.java:565)
  at org.junit.runners.model.FrameworkMethod$1.runReflectiveCall(FrameworkMethod.java:59)
  at org.junit.internal.runners.model.ReflectiveCallable.run(ReflectiveCallable.java:12)
  at org.junit.runners.model.FrameworkMethod.invokeExplosively(FrameworkMethod.java:56)
  at org.junit.internal.runners.statements.InvokeMethod.evaluate(InvokeMethod.java:17)
  at org.junit.runners.ParentRunner$3.evaluate(ParentRunner.java:306)
  at org.junit.runners.BlockJUnit4ClassRunner$1.evaluate(BlockJUnit4ClassRunner.java:100)
  at org.junit.runners.ParentRunner.runLeaf(ParentRunner.java:366)
  at org.junit.runners.BlockJUnit4ClassRunner.runChild(BlockJUnit4ClassRunner.java:103)
  at org.junit.runners.BlockJUnit4ClassRunner.runChild(BlockJUnit4ClassRunner.java:63)
  at org.junit.runners.ParentRunner$4.run(ParentRunner.java:331)
  at org.junit.runners.ParentRunner$1.schedule(ParentRunner.java:79)
  at org.junit.runners.ParentRunner.runChildren(ParentRunner.java:329)
  at org.junit.runners.ParentRunner.access$100(ParentRunner.java:66)
  at org.junit.runners.ParentRunner$2.evaluate(ParentRunner.java:293)
  at org.junit.runners.ParentRunner$3.evaluate(ParentRunner.java:306)
  at org.junit.runners.ParentRunner.run(ParentRunner.java:413)
  at org.junit.runner.JUnitCore.run(JUnitCore.java:137)
  at org.junit.runner.JUnitCore.run(JUnitCore.java:115)
  at org.gradle.api.internal.tasks.testing.junit.JUnitTestExecutor.runRequest(JUnitTestExecutor.java:175)
  at org.gradle.api.internal.tasks.testing.junit.JUnitTestExecutor.accept(JUnitTestExecutor.java:84)
  at org.gradle.api.internal.tasks.testing.junit.JUnitTestExecutor.accept(JUnitTestExecutor.java:47)
  at org.gradle.api.internal.tasks.testing.junit.AbstractJUnitTestDefinitionProcessor.processTestDefinition(AbstractJUnitTestDefinitionProcessor.java:65)
  at org.gradle.api.internal.tasks.testing.SuiteTestDefinitionProcessor.processTestDefinition(SuiteTestDefinitionProcessor.java:54)
  at java.base/jdk.internal.reflect.DirectMethodHandleAccessor.invoke(DirectMethodHandleAccessor.java:104)
  at java.base/java.lang.reflect.Method.invoke(Method.java:565)
  at org.gradle.internal.dispatch.MethodInvocation.invokeOn(MethodInvocation.java:77)
  at org.gradle.internal.dispatch.ReflectionDispatch.dispatch(ReflectionDispatch.java:28)
  at org.gradle.internal.dispatch.ReflectionDispatch.dispatch(ReflectionDispatch.java:19)
  at org.gradle.internal.dispatch.ContextClassLoaderDispatch.dispatch(ContextClassLoaderDispatch.java:33)
  at org.gradle.internal.dispatch.ProxyDispatchAdapter$DispatchingInvocationHandler.invoke(ProxyDispatchAdapter.java:88)
  at jdk.proxy1/jdk.proxy1.$Proxy4.processTestDefinition(Unknown Source)
  at org.gradle.api.internal.tasks.testing.worker.TestWorker$2.run(TestWorker.java:178)
  at org.gradle.api.internal.tasks.testing.worker.TestWorker.executeAndMaintainThreadName(TestWorker.java:126)
  at org.gradle.api.internal.tasks.testing.worker.TestWorker.execute(TestWorker.java:103)
  at org.gradle.api.internal.tasks.testing.worker.TestWorker.execute(TestWorker.java:63)
  at org.gradle.process.internal.worker.child.ActionExecutionWorker.execute(ActionExecutionWorker.java:56)
  at org.gradle.process.internal.worker.child.SystemApplicationClassLoaderWorker.call(SystemApplicationClassLoaderWorker.java:122)
  at org.gradle.process.internal.worker.child.SystemApplicationClassLoaderWorker.call(SystemApplicationClassLoaderWorker.java:72)
  at worker.org.gradle.process.internal.worker.GradleWorkerMain.run(GradleWorkerMain.java:69)
  at worker.org.gradle.process.internal.worker.GradleWorkerMain.main(GradleWorkerMain.java:74)
</stacktrace>
</test-failure>


TypeScriptCompilerTests_G[jvm] > gettersAndSetters_ts has expected errors matching gettersAndSetters_errors_txt[jvm] FAILED

<test-failure test="com.xemantic.typescript.compiler.TypeScriptCompilerTests_G.genericsManyTypeParameters_ts compiles to JavaScript matching genericsManyTypeParameters_js" platform="jvm">
<message>
--- expected
+++ actual
@@ -64,21 +64,85 @@
 //// [genericsManyTypeParameters.js]
 "use strict";
 function Foo(x1, y1, z1, a1, b1, c1, x2, y2, z2, a2, b2, c2, x3, y3, z3, a3, b3, c3, x4, y4, z4, a4, b4, c4, x5, y5, z5, a5, b5, c5, x6, y6, z6, a6, b6, c6, x7, y7, z7, a7, b7, c7, x8, y8, z8, a8, b8, c8, x9, y9, z9, a9, b9, c9, x10, y12, z10, a10, b10, c10, x11, y13, z11, a11, b11, c11, x12, y14, z12, a12, b12, c12, x13, y15, z13, a13, b13, c13, x14, y16, z14, a14, b14, c14, x15, y17, z15, a15, b15, c15, x16, y18, z16, a16, b16, c16, x17, y19, z17, a17, b17, c17, x18, y10, z18, a18, b18, c18) {
-    return [x1, y1, z1, a1, b1, c1,
-        x2, y2, z2, a2, b2, c2,
-        x3, y3, z3, a3, b3, c3,
-        x4, y4, z4, a4, b4, c4,
-        x5, y5, z5, a5, b5, c5,
-        x6, y6, z6, a6, b6, c6,
-        x7, y7, z7, a7, b7, c7,
-        x8, y8, z8, a8, b8, c8,
-        x9, y9, z9, a9, b9, c9,
-        x10, y12, z10, a10, b10, c10,
-        x11, y13, z11, a11, b11, c11,
-        x12, y14, z12, a12, b12, c12,
-        x13, y15, z13, a13, b13, c13,
-        x14, y16, z14, a14, b14, c14,
-        x15, y17, z15, a15, b15, c15,
-        x16, y18, z16, a16, b16, c16,
-        x17, y19, z17, a17, b17, c17,
-        x18, y10, z18, a18, b18, c18];
+    return [x1,
+        y1,
+        z1,
+        a1,
+        b1,
+        c1,
+        x2,
+        y2,
+        z2,
+        a2,
+        b2,
+        c2,
+        x3,
+        y3,
+        z3,
+        a3,
+        b3,
+        c3,
+        x4,
+        y4,
+        z4,
+        a4,
+        b4,
+        c4,
+        x5,
+        y5,
+        z5,
+        a5,
+        b5,
+        c5,
+        x6,
+        y6,
+        z6,
+        a6,
+        b6,
+        c6,
+        x7,
+        y7,
+        z7,
+        a7,
+        b7,
+        c7,
+        x8,
+        y8,
+        z8,
+        a8,
+        b8,
+        c8,
+        x9,
+        y9,
+        z9,
+        a9,
+        b9,
+        c9,
+        x10,
+        y12,
+        z10,
+        a10,
+        b10,
+        c10,
+        x11,
+        y13,
+        z11,
+        a11,
+        b11,
+        c11,
+        x12,
+        y14,
+        z12,
+        a12,
+        b12,
+        c12,
+        x13,
+        y15,
+        z13,
+        a13,
+        b13,
+        c13,
+        x14,
+        y16,
+        z14,
+        a14,

Diff truncated: more than 100 lines changed

Expected: 85 lines
Actual: 176 lines

The differences are too extensive to show in unified diff format.
Consider comparing smaller sections or reviewing the strings directly.

</message>
<stacktrace>
  at org.junit.Assert.fail(Assert.java:89)
  at kotlin.test.junit.JUnitAsserter.fail(JUnitSupport.kt:56)
  at kotlin.test.AssertionsKt__AssertionsKt.fail(Assertions.kt:563)
  at kotlin.test.AssertionsKt.fail(Unknown Source)
  at com.xemantic.kotlin.test.SameAsKt.sameAs(SameAs.kt:52)
  at com.xemantic.typescript.compiler.TypeScriptTestSupportKt.sameAs(TypeScriptTestSupport.kt:99)
  at com.xemantic.typescript.compiler.TypeScriptCompilerTests_G.genericsManyTypeParameters_ts compiles to JavaScript matching genericsManyTypeParameters_js(TypeScriptCompilerTests_G.kt:2107)
  at java.base/jdk.internal.reflect.DirectMethodHandleAccessor.invoke(DirectMethodHandleAccessor.java:104)
  at java.base/java.lang.reflect.Method.invoke(Method.java:565)
  at org.junit.runners.model.FrameworkMethod$1.runReflectiveCall(FrameworkMethod.java:59)
  at org.junit.internal.runners.model.ReflectiveCallable.run(ReflectiveCallable.java:12)
  at org.junit.runners.model.FrameworkMethod.invokeExplosively(FrameworkMethod.java:56)
  at org.junit.internal.runners.statements.InvokeMethod.evaluate(InvokeMethod.java:17)
  at org.junit.runners.ParentRunner$3.evaluate(ParentRunner.java:306)
  at org.junit.runners.BlockJUnit4ClassRunner$1.evaluate(BlockJUnit4ClassRunner.java:100)
  at org.junit.runners.ParentRunner.runLeaf(ParentRunner.java:366)
  at org.junit.runners.BlockJUnit4ClassRunner.runChild(BlockJUnit4ClassRunner.java:103)
  at org.junit.runners.BlockJUnit4ClassRunner.runChild(BlockJUnit4ClassRunner.java:63)
  at org.junit.runners.ParentRunner$4.run(ParentRunner.java:331)
  at org.junit.runners.ParentRunner$1.schedule(ParentRunner.java:79)
  at org.junit.runners.ParentRunner.runChildren(ParentRunner.java:329)
  at org.junit.runners.ParentRunner.access$100(ParentRunner.java:66)
  at org.junit.runners.ParentRunner$2.evaluate(ParentRunner.java:293)
  at org.junit.runners.ParentRunner$3.evaluate(ParentRunner.java:306)
  at org.junit.runners.ParentRunner.run(ParentRunner.java:413)
  at org.junit.runner.JUnitCore.run(JUnitCore.java:137)
  at org.junit.runner.JUnitCore.run(JUnitCore.java:115)
  at org.gradle.api.internal.tasks.testing.junit.JUnitTestExecutor.runRequest(JUnitTestExecutor.java:175)
  at org.gradle.api.internal.tasks.testing.junit.JUnitTestExecutor.accept(JUnitTestExecutor.java:84)
  at org.gradle.api.internal.tasks.testing.junit.JUnitTestExecutor.accept(JUnitTestExecutor.java:47)
  at org.gradle.api.internal.tasks.testing.junit.AbstractJUnitTestDefinitionProcessor.processTestDefinition(AbstractJUnitTestDefinitionProcessor.java:65)
  at org.gradle.api.internal.tasks.testing.SuiteTestDefinitionProcessor.processTestDefinition(SuiteTestDefinitionProcessor.java:54)
  at java.base/jdk.internal.reflect.DirectMethodHandleAccessor.invoke(DirectMethodHandleAccessor.java:104)
  at java.base/java.lang.reflect.Method.invoke(Method.java:565)
  at org.gradle.internal.dispatch.MethodInvocation.invokeOn(MethodInvocation.java:77)
  at org.gradle.internal.dispatch.ReflectionDispatch.dispatch(ReflectionDispatch.java:28)
  at org.gradle.internal.dispatch.ReflectionDispatch.dispatch(ReflectionDispatch.java:19)
  at org.gradle.internal.dispatch.ContextClassLoaderDispatch.dispatch(ContextClassLoaderDispatch.java:33)
  at org.gradle.internal.dispatch.ProxyDispatchAdapter$DispatchingInvocationHandler.invoke(ProxyDispatchAdapter.java:88)
  at jdk.proxy1/jdk.proxy1.$Proxy4.processTestDefinition(Unknown Source)
  at org.gradle.api.internal.tasks.testing.worker.TestWorker$2.run(TestWorker.java:178)
  at org.gradle.api.internal.tasks.testing.worker.TestWorker.executeAndMaintainThreadName(TestWorker.java:126)
  at org.gradle.api.internal.tasks.testing.worker.TestWorker.execute(TestWorker.java:103)
  at org.gradle.api.internal.tasks.testing.worker.TestWorker.execute(TestWorker.java:63)
  at org.gradle.process.internal.worker.child.ActionExecutionWorker.execute(ActionExecutionWorker.java:56)
  at org.gradle.process.internal.worker.child.SystemApplicationClassLoaderWorker.call(SystemApplicationClassLoaderWorker.java:122)
  at org.gradle.process.internal.worker.child.SystemApplicationClassLoaderWorker.call(SystemApplicationClassLoaderWorker.java:72)
  at worker.org.gradle.process.internal.worker.GradleWorkerMain.run(GradleWorkerMain.java:69)
  at worker.org.gradle.process.internal.worker.GradleWorkerMain.main(GradleWorkerMain.java:74)
</stacktrace>
</test-failure>


TypeScriptCompilerTests_G[jvm] > genericsManyTypeParameters_ts compiles to JavaScript matching genericsManyTypeParameters_js[jvm] FAILED

<test-failure test="com.xemantic.typescript.compiler.TypeScriptCompilerTests_G.genericCallAtYieldExpressionInGenericCall1_ts has expected errors matching genericCallAtYieldExpressionInGenericCall1_errors_txt" platform="jvm">
<message>
Expected diagnostics from baseline typescript-repo/tests/baselines/reference/genericCallAtYieldExpressionInGenericCall1.errors.txt but none produced
</message>
<stacktrace>
  at com.xemantic.typescript.compiler.TypeScriptTestSupportKt.errorsMatchBaseline(TypeScriptTestSupport.kt:125)
  at com.xemantic.typescript.compiler.TypeScriptCompilerTests_G.genericCallAtYieldExpressionInGenericCall1_ts has expected errors matching genericCallAtYieldExpressionInGenericCall1_errors_txt(TypeScriptCompilerTests_G.kt:322)
  at java.base/jdk.internal.reflect.DirectMethodHandleAccessor.invoke(DirectMethodHandleAccessor.java:104)
  at java.base/java.lang.reflect.Method.invoke(Method.java:565)
  at org.junit.runners.model.FrameworkMethod$1.runReflectiveCall(FrameworkMethod.java:59)
  at org.junit.internal.runners.model.ReflectiveCallable.run(ReflectiveCallable.java:12)
  at org.junit.runners.model.FrameworkMethod.invokeExplosively(FrameworkMethod.java:56)
  at org.junit.internal.runners.statements.InvokeMethod.evaluate(InvokeMethod.java:17)
  at org.junit.runners.ParentRunner$3.evaluate(ParentRunner.java:306)
  at org.junit.runners.BlockJUnit4ClassRunner$1.evaluate(BlockJUnit4ClassRunner.java:100)
  at org.junit.runners.ParentRunner.runLeaf(ParentRunner.java:366)
  at org.junit.runners.BlockJUnit4ClassRunner.runChild(BlockJUnit4ClassRunner.java:103)
  at org.junit.runners.BlockJUnit4ClassRunner.runChild(BlockJUnit4ClassRunner.java:63)
  at org.junit.runners.ParentRunner$4.run(ParentRunner.java:331)
  at org.junit.runners.ParentRunner$1.schedule(ParentRunner.java:79)
  at org.junit.runners.ParentRunner.runChildren(ParentRunner.java:329)
  at org.junit.runners.ParentRunner.access$100(ParentRunner.java:66)
  at org.junit.runners.ParentRunner$2.evaluate(ParentRunner.java:293)
  at org.junit.runners.ParentRunner$3.evaluate(ParentRunner.java:306)
  at org.junit.runners.ParentRunner.run(ParentRunner.java:413)
  at org.junit.runner.JUnitCore.run(JUnitCore.java:137)
  at org.junit.runner.JUnitCore.run(JUnitCore.java:115)
  at org.gradle.api.internal.tasks.testing.junit.JUnitTestExecutor.runRequest(JUnitTestExecutor.java:175)
  at org.gradle.api.internal.tasks.testing.junit.JUnitTestExecutor.accept(JUnitTestExecutor.java:84)
  at org.gradle.api.internal.tasks.testing.junit.JUnitTestExecutor.accept(JUnitTestExecutor.java:47)
  at org.gradle.api.internal.tasks.testing.junit.AbstractJUnitTestDefinitionProcessor.processTestDefinition(AbstractJUnitTestDefinitionProcessor.java:65)
  at org.gradle.api.internal.tasks.testing.SuiteTestDefinitionProcessor.processTestDefinition(SuiteTestDefinitionProcessor.java:54)
  at java.base/jdk.internal.reflect.DirectMethodHandleAccessor.invoke(DirectMethodHandleAccessor.java:104)
  at java.base/java.lang.reflect.Method.invoke(Method.java:565)
  at org.gradle.internal.dispatch.MethodInvocation.invokeOn(MethodInvocation.java:77)
  at org.gradle.internal.dispatch.ReflectionDispatch.dispatch(ReflectionDispatch.java:28)
  at org.gradle.internal.dispatch.ReflectionDispatch.dispatch(ReflectionDispatch.java:19)
  at org.gradle.internal.dispatch.ContextClassLoaderDispatch.dispatch(ContextClassLoaderDispatch.java:33)
  at org.gradle.internal.dispatch.ProxyDispatchAdapter$DispatchingInvocationHandler.invoke(ProxyDispatchAdapter.java:88)
  at jdk.proxy1/jdk.proxy1.$Proxy4.processTestDefinition(Unknown Source)
  at org.gradle.api.internal.tasks.testing.worker.TestWorker$2.run(TestWorker.java:178)
  at org.gradle.api.internal.tasks.testing.worker.TestWorker.executeAndMaintainThreadName(TestWorker.java:126)
  at org.gradle.api.internal.tasks.testing.worker.TestWorker.execute(TestWorker.java:103)
  at org.gradle.api.internal.tasks.testing.worker.TestWorker.execute(TestWorker.java:63)
  at org.gradle.process.internal.worker.child.ActionExecutionWorker.execute(ActionExecutionWorker.java:56)
  at org.gradle.process.internal.worker.child.SystemApplicationClassLoaderWorker.call(SystemApplicationClassLoaderWorker.java:122)
  at org.gradle.process.internal.worker.child.SystemApplicationClassLoaderWorker.call(SystemApplicationClassLoaderWorker.java:72)
  at worker.org.gradle.process.internal.worker.GradleWorkerMain.run(GradleWorkerMain.java:69)
  at worker.org.gradle.process.internal.worker.GradleWorkerMain.main(GradleWorkerMain.java:74)
</stacktrace>
</test-failure>


TypeScriptCompilerTests_G[jvm] > genericCallAtYieldExpressionInGenericCall1_ts has expected errors matching genericCallAtYieldExpressionInGenericCall1_errors_txt[jvm] FAILED

<test-failure test="com.xemantic.typescript.compiler.TypeScriptCompilerTests_G.genericCallbackInvokedInsideItsContainingFunction1_ts has expected errors matching genericCallbackInvokedInsideItsContainingFunction1_errors_txt" platform="jvm">
<message>
Expected diagnostics from baseline typescript-repo/tests/baselines/reference/genericCallbackInvokedInsideItsContainingFunction1.errors.txt but none produced
</message>
<stacktrace>
  at com.xemantic.typescript.compiler.TypeScriptTestSupportKt.errorsMatchBaseline(TypeScriptTestSupport.kt:125)
  at com.xemantic.typescript.compiler.TypeScriptCompilerTests_G.genericCallbackInvokedInsideItsContainingFunction1_ts has expected errors matching genericCallbackInvokedInsideItsContainingFunction1_errors_txt(TypeScriptCompilerTests_G.kt:399)
  at java.base/jdk.internal.reflect.DirectMethodHandleAccessor.invoke(DirectMethodHandleAccessor.java:104)
  at java.base/java.lang.reflect.Method.invoke(Method.java:565)
  at org.junit.runners.model.FrameworkMethod$1.runReflectiveCall(FrameworkMethod.java:59)
  at org.junit.internal.runners.model.ReflectiveCallable.run(ReflectiveCallable.java:12)
  at org.junit.runners.model.FrameworkMethod.invokeExplosively(FrameworkMethod.java:56)
  at org.junit.internal.runners.statements.InvokeMethod.evaluate(InvokeMethod.java:17)
  at org.junit.runners.ParentRunner$3.evaluate(ParentRunner.java:306)
  at org.junit.runners.BlockJUnit4ClassRunner$1.evaluate(BlockJUnit4ClassRunner.java:100)
  at org.junit.runners.ParentRunner.runLeaf(ParentRunner.java:366)
  at org.junit.runners.BlockJUnit4ClassRunner.runChild(BlockJUnit4ClassRunner.java:103)
  at org.junit.runners.BlockJUnit4ClassRunner.runChild(BlockJUnit4ClassRunner.java:63)
  at org.junit.runners.ParentRunner$4.run(ParentRunner.java:331)
  at org.junit.runners.ParentRunner$1.schedule(ParentRunner.java:79)
  at org.junit.runners.ParentRunner.runChildren(ParentRunner.java:329)
  at org.junit.runners.ParentRunner.access$100(ParentRunner.java:66)
  at org.junit.runners.ParentRunner$2.evaluate(ParentRunner.java:293)
  at org.junit.runners.ParentRunner$3.evaluate(ParentRunner.java:306)
  at org.junit.runners.ParentRunner.run(ParentRunner.java:413)
  at org.junit.runner.JUnitCore.run(JUnitCore.java:137)
  at org.junit.runner.JUnitCore.run(JUnitCore.java:115)
  at org.gradle.api.internal.tasks.testing.junit.JUnitTestExecutor.runRequest(JUnitTestExecutor.java:175)
  at org.gradle.api.internal.tasks.testing.junit.JUnitTestExecutor.accept(JUnitTestExecutor.java:84)
  at org.gradle.api.internal.tasks.testing.junit.JUnitTestExecutor.accept(JUnitTestExecutor.java:47)
  at org.gradle.api.internal.tasks.testing.junit.AbstractJUnitTestDefinitionProcessor.processTestDefinition(AbstractJUnitTestDefinitionProcessor.java:65)
  at org.gradle.api.internal.tasks.testing.SuiteTestDefinitionProcessor.processTestDefinition(SuiteTestDefinitionProcessor.java:54)
  at java.base/jdk.internal.reflect.DirectMethodHandleAccessor.invoke(DirectMethodHandleAccessor.java:104)
  at java.base/java.lang.reflect.Method.invoke(Method.java:565)
  at org.gradle.internal.dispatch.MethodInvocation.invokeOn(MethodInvocation.java:77)
  at org.gradle.internal.dispatch.ReflectionDispatch.dispatch(ReflectionDispatch.java:28)
  at org.gradle.internal.dispatch.ReflectionDispatch.dispatch(ReflectionDispatch.java:19)
  at org.gradle.internal.dispatch.ContextClassLoaderDispatch.dispatch(ContextClassLoaderDispatch.java:33)
  at org.gradle.internal.dispatch.ProxyDispatchAdapter$DispatchingInvocationHandler.invoke(ProxyDispatchAdapter.java:88)
  at jdk.proxy1/jdk.proxy1.$Proxy4.processTestDefinition(Unknown Source)
  at org.gradle.api.internal.tasks.testing.worker.TestWorker$2.run(TestWorker.java:178)
  at org.gradle.api.internal.tasks.testing.worker.TestWorker.executeAndMaintainThreadName(TestWorker.java:126)
  at org.gradle.api.internal.tasks.testing.worker.TestWorker.execute(TestWorker.java:103)
  at org.gradle.api.internal.tasks.testing.worker.TestWorker.execute(TestWorker.java:63)
  at org.gradle.process.internal.worker.child.ActionExecutionWorker.execute(ActionExecutionWorker.java:56)
  at org.gradle.process.internal.worker.child.SystemApplicationClassLoaderWorker.call(SystemApplicationClassLoaderWorker.java:122)
  at org.gradle.process.internal.worker.child.SystemApplicationClassLoaderWorker.call(SystemApplicationClassLoaderWorker.java:72)
  at worker.org.gradle.process.internal.worker.GradleWorkerMain.run(GradleWorkerMain.java:69)
  at worker.org.gradle.process.internal.worker.GradleWorkerMain.main(GradleWorkerMain.java:74)
</stacktrace>
</test-failure>


TypeScriptCompilerTests_G[jvm] > genericCallbackInvokedInsideItsContainingFunction1_ts has expected errors matching genericCallbackInvokedInsideItsContainingFunction1_errors_txt[jvm] FAILED

<test-failure test="com.xemantic.typescript.compiler.TypeScriptCompilerTests_G.genericCallWithoutArgs_ts has expected errors matching genericCallWithoutArgs_errors_txt" platform="jvm">
<message>
--- expected
+++ actual
@@ -1,13 +1,10 @@
-genericCallWithoutArgs.ts(4,2): error TS1477: An instantiation expression cannot be followed by a property access.
 genericCallWithoutArgs.ts(4,18): error TS1003: Identifier expected.
 
 
-==== genericCallWithoutArgs.ts (2 errors) ====
+==== genericCallWithoutArgs.ts (1 errors) ====
     function f<X, Y>(x: X, y: Y) {
     }
     
     f<number,string>.
-     ~~~~~~~~~~~~~~~
-!!! error TS1477: An instantiation expression cannot be followed by a property access.
                      
 !!! error TS1003: Identifier expected.

</message>
<stacktrace>
  at org.junit.Assert.fail(Assert.java:89)
  at kotlin.test.junit.JUnitAsserter.fail(JUnitSupport.kt:56)
  at kotlin.test.AssertionsKt__AssertionsKt.fail(Assertions.kt:563)
  at kotlin.test.AssertionsKt.fail(Unknown Source)
  at com.xemantic.kotlin.test.SameAsKt.sameAs(SameAs.kt:52)
  at com.xemantic.typescript.compiler.TypeScriptTestSupportKt.errorsMatchBaseline(TypeScriptTestSupport.kt:135)
  at com.xemantic.typescript.compiler.TypeScriptCompilerTests_G.genericCallWithoutArgs_ts has expected errors matching genericCallWithoutArgs_errors_txt(TypeScriptCompilerTests_G.kt:385)
  at java.base/jdk.internal.reflect.DirectMethodHandleAccessor.invoke(DirectMethodHandleAccessor.java:104)
  at java.base/java.lang.reflect.Method.invoke(Method.java:565)
  at org.junit.runners.model.FrameworkMethod$1.runReflectiveCall(FrameworkMethod.java:59)
  at org.junit.internal.runners.model.ReflectiveCallable.run(ReflectiveCallable.java:12)
  at org.junit.runners.model.FrameworkMethod.invokeExplosively(FrameworkMethod.java:56)
  at org.junit.internal.runners.statements.InvokeMethod.evaluate(InvokeMethod.java:17)
  at org.junit.runners.ParentRunner$3.evaluate(ParentRunner.java:306)
  at org.junit.runners.BlockJUnit4ClassRunner$1.evaluate(BlockJUnit4ClassRunner.java:100)
  at org.junit.runners.ParentRunner.runLeaf(ParentRunner.java:366)
  at org.junit.runners.BlockJUnit4ClassRunner.runChild(BlockJUnit4ClassRunner.java:103)
  at org.junit.runners.BlockJUnit4ClassRunner.runChild(BlockJUnit4ClassRunner.java:63)
  at org.junit.runners.ParentRunner$4.run(ParentRunner.java:331)
  at org.junit.runners.ParentRunner$1.schedule(ParentRunner.java:79)
  at org.junit.runners.ParentRunner.runChildren(ParentRunner.java:329)
  at org.junit.runners.ParentRunner.access$100(ParentRunner.java:66)
  at org.junit.runners.ParentRunner$2.evaluate(ParentRunner.java:293)
  at org.junit.runners.ParentRunner$3.evaluate(ParentRunner.java:306)
  at org.junit.runners.ParentRunner.run(ParentRunner.java:413)
  at org.junit.runner.JUnitCore.run(JUnitCore.java:137)
  at org.junit.runner.JUnitCore.run(JUnitCore.java:115)
  at org.gradle.api.internal.tasks.testing.junit.JUnitTestExecutor.runRequest(JUnitTestExecutor.java:175)
  at org.gradle.api.internal.tasks.testing.junit.JUnitTestExecutor.accept(JUnitTestExecutor.java:84)
  at org.gradle.api.internal.tasks.testing.junit.JUnitTestExecutor.accept(JUnitTestExecutor.java:47)
  at org.gradle.api.internal.tasks.testing.junit.AbstractJUnitTestDefinitionProcessor.processTestDefinition(AbstractJUnitTestDefinitionProcessor.java:65)
  at org.gradle.api.internal.tasks.testing.SuiteTestDefinitionProcessor.processTestDefinition(SuiteTestDefinitionProcessor.java:54)
  at java.base/jdk.internal.reflect.DirectMethodHandleAccessor.invoke(DirectMethodHandleAccessor.java:104)
  at java.base/java.lang.reflect.Method.invoke(Method.java:565)
  at org.gradle.internal.dispatch.MethodInvocation.invokeOn(MethodInvocation.java:77)
  at org.gradle.internal.dispatch.ReflectionDispatch.dispatch(ReflectionDispatch.java:28)
  at org.gradle.internal.dispatch.ReflectionDispatch.dispatch(ReflectionDispatch.java:19)
  at org.gradle.internal.dispatch.ContextClassLoaderDispatch.dispatch(ContextClassLoaderDispatch.java:33)
  at org.gradle.internal.dispatch.ProxyDispatchAdapter$DispatchingInvocationHandler.invoke(ProxyDispatchAdapter.java:88)
  at jdk.proxy1/jdk.proxy1.$Proxy4.processTestDefinition(Unknown Source)
  at org.gradle.api.internal.tasks.testing.worker.TestWorker$2.run(TestWorker.java:178)
  at org.gradle.api.internal.tasks.testing.worker.TestWorker.executeAndMaintainThreadName(TestWorker.java:126)
  at org.gradle.api.internal.tasks.testing.worker.TestWorker.execute(TestWorker.java:103)
  at org.gradle.api.internal.tasks.testing.worker.TestWorker.execute(TestWorker.java:63)
  at org.gradle.process.internal.worker.child.ActionExecutionWorker.execute(ActionExecutionWorker.java:56)
  at org.gradle.process.internal.worker.child.SystemApplicationClassLoaderWorker.call(SystemApplicationClassLoaderWorker.java:122)
  at org.gradle.process.internal.worker.child.SystemApplicationClassLoaderWorker.call(SystemApplicationClassLoaderWorker.java:72)
  at worker.org.gradle.process.internal.worker.GradleWorkerMain.run(GradleWorkerMain.java:69)
  at worker.org.gradle.process.internal.worker.GradleWorkerMain.main(GradleWorkerMain.java:74)
</stacktrace>
</test-failure>


TypeScriptCompilerTests_G[jvm] > genericCallWithoutArgs_ts has expected errors matching genericCallWithoutArgs_errors_txt[jvm] FAILED

<test-failure test="com.xemantic.typescript.compiler.TypeScriptCompilerTests_G.genericGetter3_ts has expected errors matching genericGetter3_errors_txt" platform="jvm">
<message>
--- expected
+++ actual
@@ -1,8 +1,7 @@
 genericGetter3.ts(4,5): error TS2564: Property 'data' has no initializer and is not definitely assigned in the constructor.
-genericGetter3.ts(11,5): error TS2322: Type 'A<number>' is not assignable to type 'string'.
 
 
-==== genericGetter3.ts (2 errors) ====
+==== genericGetter3.ts (1 errors) ====
     class A<T> { }
     
     class C<T> {
@@ -16,5 +15,3 @@
     
     var c = new C<number>();
     var r: string = c.x;
-        ~
-!!! error TS2322: Type 'A<number>' is not assignable to type 'string'.

</message>
<stacktrace>
  at org.junit.Assert.fail(Assert.java:89)
  at kotlin.test.junit.JUnitAsserter.fail(JUnitSupport.kt:56)
  at kotlin.test.AssertionsKt__AssertionsKt.fail(Assertions.kt:563)
  at kotlin.test.AssertionsKt.fail(Unknown Source)
  at com.xemantic.kotlin.test.SameAsKt.sameAs(SameAs.kt:52)
  at com.xemantic.typescript.compiler.TypeScriptTestSupportKt.errorsMatchBaseline(TypeScriptTestSupport.kt:135)
  at com.xemantic.typescript.compiler.TypeScriptCompilerTests_G.genericGetter3_ts has expected errors matching genericGetter3_errors_txt(TypeScriptCompilerTests_G.kt:1092)
  at java.base/jdk.internal.reflect.DirectMethodHandleAccessor.invoke(DirectMethodHandleAccessor.java:104)
  at java.base/java.lang.reflect.Method.invoke(Method.java:565)
  at org.junit.runners.model.FrameworkMethod$1.runReflectiveCall(FrameworkMethod.java:59)
  at org.junit.internal.runners.model.ReflectiveCallable.run(ReflectiveCallable.java:12)
  at org.junit.runners.model.FrameworkMethod.invokeExplosively(FrameworkMethod.java:56)
  at org.junit.internal.runners.statements.InvokeMethod.evaluate(InvokeMethod.java:17)
  at org.junit.runners.ParentRunner$3.evaluate(ParentRunner.java:306)
  at org.junit.runners.BlockJUnit4ClassRunner$1.evaluate(BlockJUnit4ClassRunner.java:100)
  at org.junit.runners.ParentRunner.runLeaf(ParentRunner.java:366)
  at org.junit.runners.BlockJUnit4ClassRunner.runChild(BlockJUnit4ClassRunner.java:103)
  at org.junit.runners.BlockJUnit4ClassRunner.runChild(BlockJUnit4ClassRunner.java:63)
  at org.junit.runners.ParentRunner$4.run(ParentRunner.java:331)
  at org.junit.runners.ParentRunner$1.schedule(ParentRunner.java:79)
  at org.junit.runners.ParentRunner.runChildren(ParentRunner.java:329)
  at org.junit.runners.ParentRunner.access$100(ParentRunner.java:66)
  at org.junit.runners.ParentRunner$2.evaluate(ParentRunner.java:293)
  at org.junit.runners.ParentRunner$3.evaluate(ParentRunner.java:306)
  at org.junit.runners.ParentRunner.run(ParentRunner.java:413)
  at org.junit.runner.JUnitCore.run(JUnitCore.java:137)
  at org.junit.runner.JUnitCore.run(JUnitCore.java:115)
  at org.gradle.api.internal.tasks.testing.junit.JUnitTestExecutor.runRequest(JUnitTestExecutor.java:175)
  at org.gradle.api.internal.tasks.testing.junit.JUnitTestExecutor.accept(JUnitTestExecutor.java:84)
  at org.gradle.api.internal.tasks.testing.junit.JUnitTestExecutor.accept(JUnitTestExecutor.java:47)
  at org.gradle.api.internal.tasks.testing.junit.AbstractJUnitTestDefinitionProcessor.processTestDefinition(AbstractJUnitTestDefinitionProcessor.java:65)
  at org.gradle.api.internal.tasks.testing.SuiteTestDefinitionProcessor.processTestDefinition(SuiteTestDefinitionProcessor.java:54)
  at java.base/jdk.internal.reflect.DirectMethodHandleAccessor.invoke(DirectMethodHandleAccessor.java:104)
  at java.base/java.lang.reflect.Method.invoke(Method.java:565)
  at org.gradle.internal.dispatch.MethodInvocation.invokeOn(MethodInvocation.java:77)
  at org.gradle.internal.dispatch.ReflectionDispatch.dispatch(ReflectionDispatch.java:28)
  at org.gradle.internal.dispatch.ReflectionDispatch.dispatch(ReflectionDispatch.java:19)
  at org.gradle.internal.dispatch.ContextClassLoaderDispatch.dispatch(ContextClassLoaderDispatch.java:33)
  at org.gradle.internal.dispatch.ProxyDispatchAdapter$DispatchingInvocationHandler.invoke(ProxyDispatchAdapter.java:88)
  at jdk.proxy1/jdk.proxy1.$Proxy4.processTestDefinition(Unknown Source)
  at org.gradle.api.internal.tasks.testing.worker.TestWorker$2.run(TestWorker.java:178)
  at org.gradle.api.internal.tasks.testing.worker.TestWorker.executeAndMaintainThreadName(TestWorker.java:126)
  at org.gradle.api.internal.tasks.testing.worker.TestWorker.execute(TestWorker.java:103)
  at org.gradle.api.internal.tasks.testing.worker.TestWorker.execute(TestWorker.java:63)
  at org.gradle.process.internal.worker.child.ActionExecutionWorker.execute(ActionExecutionWorker.java:56)
  at org.gradle.process.internal.worker.child.SystemApplicationClassLoaderWorker.call(SystemApplicationClassLoaderWorker.java:122)
  at org.gradle.process.internal.worker.child.SystemApplicationClassLoaderWorker.call(SystemApplicationClassLoaderWorker.java:72)
  at worker.org.gradle.process.internal.worker.GradleWorkerMain.run(GradleWorkerMain.java:69)
  at worker.org.gradle.process.internal.worker.GradleWorkerMain.main(GradleWorkerMain.java:74)
</stacktrace>
</test-failure>


TypeScriptCompilerTests_G[jvm] > genericGetter3_ts has expected errors matching genericGetter3_errors_txt[jvm] FAILED

<test-failure test="com.xemantic.typescript.compiler.TypeScriptCompilerTests_G.genericFunduleInModule2_ts has expected errors matching genericFunduleInModule2_errors_txt" platform="jvm">
<message>
Expected diagnostics from baseline typescript-repo/tests/baselines/reference/genericFunduleInModule2.errors.txt but none produced
</message>
<stacktrace>
  at com.xemantic.typescript.compiler.TypeScriptTestSupportKt.errorsMatchBaseline(TypeScriptTestSupport.kt:125)
  at com.xemantic.typescript.compiler.TypeScriptCompilerTests_G.genericFunduleInModule2_ts has expected errors matching genericFunduleInModule2_errors_txt(TypeScriptCompilerTests_G.kt:1050)
  at java.base/jdk.internal.reflect.DirectMethodHandleAccessor.invoke(DirectMethodHandleAccessor.java:104)
  at java.base/java.lang.reflect.Method.invoke(Method.java:565)
  at org.junit.runners.model.FrameworkMethod$1.runReflectiveCall(FrameworkMethod.java:59)
  at org.junit.internal.runners.model.ReflectiveCallable.run(ReflectiveCallable.java:12)
  at org.junit.runners.model.FrameworkMethod.invokeExplosively(FrameworkMethod.java:56)
  at org.junit.internal.runners.statements.InvokeMethod.evaluate(InvokeMethod.java:17)
  at org.junit.runners.ParentRunner$3.evaluate(ParentRunner.java:306)
  at org.junit.runners.BlockJUnit4ClassRunner$1.evaluate(BlockJUnit4ClassRunner.java:100)
  at org.junit.runners.ParentRunner.runLeaf(ParentRunner.java:366)
  at org.junit.runners.BlockJUnit4ClassRunner.runChild(BlockJUnit4ClassRunner.java:103)
  at org.junit.runners.BlockJUnit4ClassRunner.runChild(BlockJUnit4ClassRunner.java:63)
  at org.junit.runners.ParentRunner$4.run(ParentRunner.java:331)
  at org.junit.runners.ParentRunner$1.schedule(ParentRunner.java:79)
  at org.junit.runners.ParentRunner.runChildren(ParentRunner.java:329)
  at org.junit.runners.ParentRunner.access$100(ParentRunner.java:66)
  at org.junit.runners.ParentRunner$2.evaluate(ParentRunner.java:293)
  at org.junit.runners.ParentRunner$3.evaluate(ParentRunner.java:306)
  at org.junit.runners.ParentRunner.run(ParentRunner.java:413)
  at org.junit.runner.JUnitCore.run(JUnitCore.java:137)
  at org.junit.runner.JUnitCore.run(JUnitCore.java:115)
  at org.gradle.api.internal.tasks.testing.junit.JUnitTestExecutor.runRequest(JUnitTestExecutor.java:175)
  at org.gradle.api.internal.tasks.testing.junit.JUnitTestExecutor.accept(JUnitTestExecutor.java:84)
  at org.gradle.api.internal.tasks.testing.junit.JUnitTestExecutor.accept(JUnitTestExecutor.java:47)
  at org.gradle.api.internal.tasks.testing.junit.AbstractJUnitTestDefinitionProcessor.processTestDefinition(AbstractJUnitTestDefinitionProcessor.java:65)
  at org.gradle.api.internal.tasks.testing.SuiteTestDefinitionProcessor.processTestDefinition(SuiteTestDefinitionProcessor.java:54)
  at java.base/jdk.internal.reflect.DirectMethodHandleAccessor.invoke(DirectMethodHandleAccessor.java:104)
  at java.base/java.lang.reflect.Method.invoke(Method.java:565)
  at org.gradle.internal.dispatch.MethodInvocation.invokeOn(MethodInvocation.java:77)
  at org.gradle.internal.dispatch.ReflectionDispatch.dispatch(ReflectionDispatch.java:28)
  at org.gradle.internal.dispatch.ReflectionDispatch.dispatch(ReflectionDispatch.java:19)
  at org.gradle.internal.dispatch.ContextClassLoaderDispatch.dispatch(ContextClassLoaderDispatch.java:33)
  at org.gradle.internal.dispatch.ProxyDispatchAdapter$DispatchingInvocationHandler.invoke(ProxyDispatchAdapter.java:88)
  at jdk.proxy1/jdk.proxy1.$Proxy4.processTestDefinition(Unknown Source)
  at org.gradle.api.internal.tasks.testing.worker.TestWorker$2.run(TestWorker.java:178)
  at org.gradle.api.internal.tasks.testing.worker.TestWorker.executeAndMaintainThreadName(TestWorker.java:126)
  at org.gradle.api.internal.tasks.testing.worker.TestWorker.execute(TestWorker.java:103)
  at org.gradle.api.internal.tasks.testing.worker.TestWorker.execute(TestWorker.java:63)
  at org.gradle.process.internal.worker.child.ActionExecutionWorker.execute(ActionExecutionWorker.java:56)
  at org.gradle.process.internal.worker.child.SystemApplicationClassLoaderWorker.call(SystemApplicationClassLoaderWorker.java:122)
  at org.gradle.process.internal.worker.child.SystemApplicationClassLoaderWorker.call(SystemApplicationClassLoaderWorker.java:72)
  at worker.org.gradle.process.internal.worker.GradleWorkerMain.run(GradleWorkerMain.java:69)
  at worker.org.gradle.process.internal.worker.GradleWorkerMain.main(GradleWorkerMain.java:74)
</stacktrace>
</test-failure>


TypeScriptCompilerTests_G[jvm] > genericFunduleInModule2_ts has expected errors matching genericFunduleInModule2_errors_txt[jvm] FAILED

<test-failure test="com.xemantic.typescript.compiler.TypeScriptCompilerTests_G.genericFunctionsWithOptionalParameters2_ts has expected errors matching genericFunctionsWithOptionalParameters2_errors_txt" platform="jvm">
<message>
Expected diagnostics from baseline typescript-repo/tests/baselines/reference/genericFunctionsWithOptionalParameters2.errors.txt but none produced
</message>
<stacktrace>
  at com.xemantic.typescript.compiler.TypeScriptTestSupportKt.errorsMatchBaseline(TypeScriptTestSupport.kt:125)
  at com.xemantic.typescript.compiler.TypeScriptCompilerTests_G.genericFunctionsWithOptionalParameters2_ts has expected errors matching genericFunctionsWithOptionalParameters2_errors_txt(TypeScriptCompilerTests_G.kt:1008)
  at java.base/jdk.internal.reflect.DirectMethodHandleAccessor.invoke(DirectMethodHandleAccessor.java:104)
  at java.base/java.lang.reflect.Method.invoke(Method.java:565)
  at org.junit.runners.model.FrameworkMethod$1.runReflectiveCall(FrameworkMethod.java:59)
  at org.junit.internal.runners.model.ReflectiveCallable.run(ReflectiveCallable.java:12)
  at org.junit.runners.model.FrameworkMethod.invokeExplosively(FrameworkMethod.java:56)
  at org.junit.internal.runners.statements.InvokeMethod.evaluate(InvokeMethod.java:17)
  at org.junit.runners.ParentRunner$3.evaluate(ParentRunner.java:306)
  at org.junit.runners.BlockJUnit4ClassRunner$1.evaluate(BlockJUnit4ClassRunner.java:100)
  at org.junit.runners.ParentRunner.runLeaf(ParentRunner.java:366)
  at org.junit.runners.BlockJUnit4ClassRunner.runChild(BlockJUnit4ClassRunner.java:103)
  at org.junit.runners.BlockJUnit4ClassRunner.runChild(BlockJUnit4ClassRunner.java:63)
  at org.junit.runners.ParentRunner$4.run(ParentRunner.java:331)
  at org.junit.runners.ParentRunner$1.schedule(ParentRunner.java:79)
  at org.junit.runners.ParentRunner.runChildren(ParentRunner.java:329)
  at org.junit.runners.ParentRunner.access$100(ParentRunner.java:66)
  at org.junit.runners.ParentRunner$2.evaluate(ParentRunner.java:293)
  at org.junit.runners.ParentRunner$3.evaluate(ParentRunner.java:306)
  at org.junit.runners.ParentRunner.run(ParentRunner.java:413)
  at org.junit.runner.JUnitCore.run(JUnitCore.java:137)
  at org.junit.runner.JUnitCore.run(JUnitCore.java:115)
  at org.gradle.api.internal.tasks.testing.junit.JUnitTestExecutor.runRequest(JUnitTestExecutor.java:175)
  at org.gradle.api.internal.tasks.testing.junit.JUnitTestExecutor.accept(JUnitTestExecutor.java:84)
  at org.gradle.api.internal.tasks.testing.junit.JUnitTestExecutor.accept(JUnitTestExecutor.java:47)
  at org.gradle.api.internal.tasks.testing.junit.AbstractJUnitTestDefinitionProcessor.processTestDefinition(AbstractJUnitTestDefinitionProcessor.java:65)
  at org.gradle.api.internal.tasks.testing.SuiteTestDefinitionProcessor.processTestDefinition(SuiteTestDefinitionProcessor.java:54)
  at java.base/jdk.internal.reflect.DirectMethodHandleAccessor.invoke(DirectMethodHandleAccessor.java:104)
  at java.base/java.lang.reflect.Method.invoke(Method.java:565)
  at org.gradle.internal.dispatch.MethodInvocation.invokeOn(MethodInvocation.java:77)
  at org.gradle.internal.dispatch.ReflectionDispatch.dispatch(ReflectionDispatch.java:28)
  at org.gradle.internal.dispatch.ReflectionDispatch.dispatch(ReflectionDispatch.java:19)
  at org.gradle.internal.dispatch.ContextClassLoaderDispatch.dispatch(ContextClassLoaderDispatch.java:33)
  at org.gradle.internal.dispatch.ProxyDispatchAdapter$DispatchingInvocationHandler.invoke(ProxyDispatchAdapter.java:88)
  at jdk.proxy1/jdk.proxy1.$Proxy4.processTestDefinition(Unknown Source)
  at org.gradle.api.internal.tasks.testing.worker.TestWorker$2.run(TestWorker.java:178)
  at org.gradle.api.internal.tasks.testing.worker.TestWorker.executeAndMaintainThreadName(TestWorker.java:126)
  at org.gradle.api.internal.tasks.testing.worker.TestWorker.execute(TestWorker.java:103)
  at org.gradle.api.internal.tasks.testing.worker.TestWorker.execute(TestWorker.java:63)
  at org.gradle.process.internal.worker.child.ActionExecutionWorker.execute(ActionExecutionWorker.java:56)
  at org.gradle.process.internal.worker.child.SystemApplicationClassLoaderWorker.call(SystemApplicationClassLoaderWorker.java:122)
  at org.gradle.process.internal.worker.child.SystemApplicationClassLoaderWorker.call(SystemApplicationClassLoaderWorker.java:72)
  at worker.org.gradle.process.internal.worker.GradleWorkerMain.run(GradleWorkerMain.java:69)
  at worker.org.gradle.process.internal.worker.GradleWorkerMain.main(GradleWorkerMain.java:74)
</stacktrace>
</test-failure>


TypeScriptCompilerTests_G[jvm] > genericFunctionsWithOptionalParameters2_ts has expected errors matching genericFunctionsWithOptionalParameters2_errors_txt[jvm] FAILED

<test-failure test="com.xemantic.typescript.compiler.TypeScriptCompilerTests_G.genericArrayAssignment1_ts has expected errors matching genericArrayAssignment1_errors_txt" platform="jvm">
<message>
Expected diagnostics from baseline typescript-repo/tests/baselines/reference/genericArrayAssignment1.errors.txt but none produced
</message>
<stacktrace>
  at com.xemantic.typescript.compiler.TypeScriptTestSupportKt.errorsMatchBaseline(TypeScriptTestSupport.kt:125)
  at com.xemantic.typescript.compiler.TypeScriptCompilerTests_G.genericArrayAssignment1_ts has expected errors matching genericArrayAssignment1_errors_txt(TypeScriptCompilerTests_G.kt:203)
  at java.base/jdk.internal.reflect.DirectMethodHandleAccessor.invoke(DirectMethodHandleAccessor.java:104)
  at java.base/java.lang.reflect.Method.invoke(Method.java:565)
  at org.junit.runners.model.FrameworkMethod$1.runReflectiveCall(FrameworkMethod.java:59)
  at org.junit.internal.runners.model.ReflectiveCallable.run(ReflectiveCallable.java:12)
  at org.junit.runners.model.FrameworkMethod.invokeExplosively(FrameworkMethod.java:56)
  at org.junit.internal.runners.statements.InvokeMethod.evaluate(InvokeMethod.java:17)
  at org.junit.runners.ParentRunner$3.evaluate(ParentRunner.java:306)
  at org.junit.runners.BlockJUnit4ClassRunner$1.evaluate(BlockJUnit4ClassRunner.java:100)
  at org.junit.runners.ParentRunner.runLeaf(ParentRunner.java:366)
  at org.junit.runners.BlockJUnit4ClassRunner.runChild(BlockJUnit4ClassRunner.java:103)
  at org.junit.runners.BlockJUnit4ClassRunner.runChild(BlockJUnit4ClassRunner.java:63)
  at org.junit.runners.ParentRunner$4.run(ParentRunner.java:331)
  at org.junit.runners.ParentRunner$1.schedule(ParentRunner.java:79)
  at org.junit.runners.ParentRunner.runChildren(ParentRunner.java:329)
  at org.junit.runners.ParentRunner.access$100(ParentRunner.java:66)
  at org.junit.runners.ParentRunner$2.evaluate(ParentRunner.java:293)
  at org.junit.runners.ParentRunner$3.evaluate(ParentRunner.java:306)
  at org.junit.runners.ParentRunner.run(ParentRunner.java:413)
  at org.junit.runner.JUnitCore.run(JUnitCore.java:137)
  at org.junit.runner.JUnitCore.run(JUnitCore.java:115)
  at org.gradle.api.internal.tasks.testing.junit.JUnitTestExecutor.runRequest(JUnitTestExecutor.java:175)
  at org.gradle.api.internal.tasks.testing.junit.JUnitTestExecutor.accept(JUnitTestExecutor.java:84)
  at org.gradle.api.internal.tasks.testing.junit.JUnitTestExecutor.accept(JUnitTestExecutor.java:47)
  at org.gradle.api.internal.tasks.testing.junit.AbstractJUnitTestDefinitionProcessor.processTestDefinition(AbstractJUnitTestDefinitionProcessor.java:65)
  at org.gradle.api.internal.tasks.testing.SuiteTestDefinitionProcessor.processTestDefinition(SuiteTestDefinitionProcessor.java:54)
  at java.base/jdk.internal.reflect.DirectMethodHandleAccessor.invoke(DirectMethodHandleAccessor.java:104)
  at java.base/java.lang.reflect.Method.invoke(Method.java:565)
  at org.gradle.internal.dispatch.MethodInvocation.invokeOn(MethodInvocation.java:77)
  at org.gradle.internal.dispatch.ReflectionDispatch.dispatch(ReflectionDispatch.java:28)
  at org.gradle.internal.dispatch.ReflectionDispatch.dispatch(ReflectionDispatch.java:19)
  at org.gradle.internal.dispatch.ContextClassLoaderDispatch.dispatch(ContextClassLoaderDispatch.java:33)
  at org.gradle.internal.dispatch.ProxyDispatchAdapter$DispatchingInvocationHandler.invoke(ProxyDispatchAdapter.java:88)
  at jdk.proxy1/jdk.proxy1.$Proxy4.processTestDefinition(Unknown Source)
  at org.gradle.api.internal.tasks.testing.worker.TestWorker$2.run(TestWorker.java:178)
  at org.gradle.api.internal.tasks.testing.worker.TestWorker.executeAndMaintainThreadName(TestWorker.java:126)
  at org.gradle.api.internal.tasks.testing.worker.TestWorker.execute(TestWorker.java:103)
  at org.gradle.api.internal.tasks.testing.worker.TestWorker.execute(TestWorker.java:63)
  at org.gradle.process.internal.worker.child.ActionExecutionWorker.execute(ActionExecutionWorker.java:56)
  at org.gradle.process.internal.worker.child.SystemApplicationClassLoaderWorker.call(SystemApplicationClassLoaderWorker.java:122)
  at org.gradle.process.internal.worker.child.SystemApplicationClassLoaderWorker.call(SystemApplicationClassLoaderWorker.java:72)
  at worker.org.gradle.process.internal.worker.GradleWorkerMain.run(GradleWorkerMain.java:69)
  at worker.org.gradle.process.internal.worker.GradleWorkerMain.main(GradleWorkerMain.java:74)
</stacktrace>
</test-failure>


TypeScriptCompilerTests_G[jvm] > genericArrayAssignment1_ts has expected errors matching genericArrayAssignment1_errors_txt[jvm] FAILED

<test-failure test="com.xemantic.typescript.compiler.TypeScriptCompilerTests_G.genericTypeAssertions5_ts has expected errors matching genericTypeAssertions5_errors_txt" platform="jvm">
<message>
Expected diagnostics from baseline typescript-repo/tests/baselines/reference/genericTypeAssertions5.errors.txt but none produced
</message>
<stacktrace>
  at com.xemantic.typescript.compiler.TypeScriptTestSupportKt.errorsMatchBaseline(TypeScriptTestSupport.kt:125)
  at com.xemantic.typescript.compiler.TypeScriptCompilerTests_G.genericTypeAssertions5_ts has expected errors matching genericTypeAssertions5_errors_txt(TypeScriptCompilerTests_G.kt:1743)
  at java.base/jdk.internal.reflect.DirectMethodHandleAccessor.invoke(DirectMethodHandleAccessor.java:104)
  at java.base/java.lang.reflect.Method.invoke(Method.java:565)
  at org.junit.runners.model.FrameworkMethod$1.runReflectiveCall(FrameworkMethod.java:59)
  at org.junit.internal.runners.model.ReflectiveCallable.run(ReflectiveCallable.java:12)
  at org.junit.runners.model.FrameworkMethod.invokeExplosively(FrameworkMethod.java:56)
  at org.junit.internal.runners.statements.InvokeMethod.evaluate(InvokeMethod.java:17)
  at org.junit.runners.ParentRunner$3.evaluate(ParentRunner.java:306)
  at org.junit.runners.BlockJUnit4ClassRunner$1.evaluate(BlockJUnit4ClassRunner.java:100)
  at org.junit.runners.ParentRunner.runLeaf(ParentRunner.java:366)
  at org.junit.runners.BlockJUnit4ClassRunner.runChild(BlockJUnit4ClassRunner.java:103)
  at org.junit.runners.BlockJUnit4ClassRunner.runChild(BlockJUnit4ClassRunner.java:63)
  at org.junit.runners.ParentRunner$4.run(ParentRunner.java:331)
  at org.junit.runners.ParentRunner$1.schedule(ParentRunner.java:79)
  at org.junit.runners.ParentRunner.runChildren(ParentRunner.java:329)
  at org.junit.runners.ParentRunner.access$100(ParentRunner.java:66)
  at org.junit.runners.ParentRunner$2.evaluate(ParentRunner.java:293)
  at org.junit.runners.ParentRunner$3.evaluate(ParentRunner.java:306)
  at org.junit.runners.ParentRunner.run(ParentRunner.java:413)
  at org.junit.runner.JUnitCore.run(JUnitCore.java:137)
  at org.junit.runner.JUnitCore.run(JUnitCore.java:115)
  at org.gradle.api.internal.tasks.testing.junit.JUnitTestExecutor.runRequest(JUnitTestExecutor.java:175)
  at org.gradle.api.internal.tasks.testing.junit.JUnitTestExecutor.accept(JUnitTestExecutor.java:84)
  at org.gradle.api.internal.tasks.testing.junit.JUnitTestExecutor.accept(JUnitTestExecutor.java:47)
  at org.gradle.api.internal.tasks.testing.junit.AbstractJUnitTestDefinitionProcessor.processTestDefinition(AbstractJUnitTestDefinitionProcessor.java:65)
  at org.gradle.api.internal.tasks.testing.SuiteTestDefinitionProcessor.processTestDefinition(SuiteTestDefinitionProcessor.java:54)
  at java.base/jdk.internal.reflect.DirectMethodHandleAccessor.invoke(DirectMethodHandleAccessor.java:104)
  at java.base/java.lang.reflect.Method.invoke(Method.java:565)
  at org.gradle.internal.dispatch.MethodInvocation.invokeOn(MethodInvocation.java:77)
  at org.gradle.internal.dispatch.ReflectionDispatch.dispatch(ReflectionDispatch.java:28)
  at org.gradle.internal.dispatch.ReflectionDispatch.dispatch(ReflectionDispatch.java:19)
  at org.gradle.internal.dispatch.ContextClassLoaderDispatch.dispatch(ContextClassLoaderDispatch.java:33)
  at org.gradle.internal.dispatch.ProxyDispatchAdapter$DispatchingInvocationHandler.invoke(ProxyDispatchAdapter.java:88)
  at jdk.proxy1/jdk.proxy1.$Proxy4.processTestDefinition(Unknown Source)
  at org.gradle.api.internal.tasks.testing.worker.TestWorker$2.run(TestWorker.java:178)
  at org.gradle.api.internal.tasks.testing.worker.TestWorker.executeAndMaintainThreadName(TestWorker.java:126)
  at org.gradle.api.internal.tasks.testing.worker.TestWorker.execute(TestWorker.java:103)
  at org.gradle.api.internal.tasks.testing.worker.TestWorker.execute(TestWorker.java:63)
  at org.gradle.process.internal.worker.child.ActionExecutionWorker.execute(ActionExecutionWorker.java:56)
  at org.gradle.process.internal.worker.child.SystemApplicationClassLoaderWorker.call(SystemApplicationClassLoaderWorker.java:122)
  at org.gradle.process.internal.worker.child.SystemApplicationClassLoaderWorker.call(SystemApplicationClassLoaderWorker.java:72)
  at worker.org.gradle.process.internal.worker.GradleWorkerMain.run(GradleWorkerMain.java:69)
  at worker.org.gradle.process.internal.worker.GradleWorkerMain.main(GradleWorkerMain.java:74)
</stacktrace>
</test-failure>


TypeScriptCompilerTests_G[jvm] > genericTypeAssertions5_ts has expected errors matching genericTypeAssertions5_errors_txt[jvm] FAILED

<test-failure test="com.xemantic.typescript.compiler.TypeScriptCompilerTests_G.genericAndNonGenericInheritedSignature1_ts has expected errors matching genericAndNonGenericInheritedSignature1_errors_txt" platform="jvm">
<message>
Expected diagnostics from baseline typescript-repo/tests/baselines/reference/genericAndNonGenericInheritedSignature1.errors.txt but none produced
</message>
<stacktrace>
  at com.xemantic.typescript.compiler.TypeScriptTestSupportKt.errorsMatchBaseline(TypeScriptTestSupport.kt:125)
  at com.xemantic.typescript.compiler.TypeScriptCompilerTests_G.genericAndNonGenericInheritedSignature1_ts has expected errors matching genericAndNonGenericInheritedSignature1_errors_txt(TypeScriptCompilerTests_G.kt:126)
  at java.base/jdk.internal.reflect.DirectMethodHandleAccessor.invoke(DirectMethodHandleAccessor.java:104)
  at java.base/java.lang.reflect.Method.invoke(Method.java:565)
  at org.junit.runners.model.FrameworkMethod$1.runReflectiveCall(FrameworkMethod.java:59)
  at org.junit.internal.runners.model.ReflectiveCallable.run(ReflectiveCallable.java:12)
  at org.junit.runners.model.FrameworkMethod.invokeExplosively(FrameworkMethod.java:56)
  at org.junit.internal.runners.statements.InvokeMethod.evaluate(InvokeMethod.java:17)
  at org.junit.runners.ParentRunner$3.evaluate(ParentRunner.java:306)
  at org.junit.runners.BlockJUnit4ClassRunner$1.evaluate(BlockJUnit4ClassRunner.java:100)
  at org.junit.runners.ParentRunner.runLeaf(ParentRunner.java:366)
  at org.junit.runners.BlockJUnit4ClassRunner.runChild(BlockJUnit4ClassRunner.java:103)
  at org.junit.runners.BlockJUnit4ClassRunner.runChild(BlockJUnit4ClassRunner.java:63)
  at org.junit.runners.ParentRunner$4.run(ParentRunner.java:331)
  at org.junit.runners.ParentRunner$1.schedule(ParentRunner.java:79)
  at org.junit.runners.ParentRunner.runChildren(ParentRunner.java:329)
  at org.junit.runners.ParentRunner.access$100(ParentRunner.java:66)
  at org.junit.runners.ParentRunner$2.evaluate(ParentRunner.java:293)
  at org.junit.runners.ParentRunner$3.evaluate(ParentRunner.java:306)
  at org.junit.runners.ParentRunner.run(ParentRunner.java:413)
  at org.junit.runner.JUnitCore.run(JUnitCore.java:137)
  at org.junit.runner.JUnitCore.run(JUnitCore.java:115)
  at org.gradle.api.internal.tasks.testing.junit.JUnitTestExecutor.runRequest(JUnitTestExecutor.java:175)
  at org.gradle.api.internal.tasks.testing.junit.JUnitTestExecutor.accept(JUnitTestExecutor.java:84)
  at org.gradle.api.internal.tasks.testing.junit.JUnitTestExecutor.accept(JUnitTestExecutor.java:47)
  at org.gradle.api.internal.tasks.testing.junit.AbstractJUnitTestDefinitionProcessor.processTestDefinition(AbstractJUnitTestDefinitionProcessor.java:65)
  at org.gradle.api.internal.tasks.testing.SuiteTestDefinitionProcessor.processTestDefinition(SuiteTestDefinitionProcessor.java:54)
  at java.base/jdk.internal.reflect.DirectMethodHandleAccessor.invoke(DirectMethodHandleAccessor.java:104)
  at java.base/java.lang.reflect.Method.invoke(Method.java:565)
  at org.gradle.internal.dispatch.MethodInvocation.invokeOn(MethodInvocation.java:77)
  at org.gradle.internal.dispatch.ReflectionDispatch.dispatch(ReflectionDispatch.java:28)
  at org.gradle.internal.dispatch.ReflectionDispatch.dispatch(ReflectionDispatch.java:19)
  at org.gradle.internal.dispatch.ContextClassLoaderDispatch.dispatch(ContextClassLoaderDispatch.java:33)
  at org.gradle.internal.dispatch.ProxyDispatchAdapter$DispatchingInvocationHandler.invoke(ProxyDispatchAdapter.java:88)
  at jdk.proxy1/jdk.proxy1.$Proxy4.processTestDefinition(Unknown Source)
  at org.gradle.api.internal.tasks.testing.worker.TestWorker$2.run(TestWorker.java:178)
  at org.gradle.api.internal.tasks.testing.worker.TestWorker.executeAndMaintainThreadName(TestWorker.java:126)
  at org.gradle.api.internal.tasks.testing.worker.TestWorker.execute(TestWorker.java:103)
  at org.gradle.api.internal.tasks.testing.worker.TestWorker.execute(TestWorker.java:63)
  at org.gradle.process.internal.worker.child.ActionExecutionWorker.execute(ActionExecutionWorker.java:56)
  at org.gradle.process.internal.worker.child.SystemApplicationClassLoaderWorker.call(SystemApplicationClassLoaderWorker.java:122)
  at org.gradle.process.internal.worker.child.SystemApplicationClassLoaderWorker.call(SystemApplicationClassLoaderWorker.java:72)
  at worker.org.gradle.process.internal.worker.GradleWorkerMain.run(GradleWorkerMain.java:69)
  at worker.org.gradle.process.internal.worker.GradleWorkerMain.main(GradleWorkerMain.java:74)
</stacktrace>
</test-failure>


TypeScriptCompilerTests_G[jvm] > genericAndNonGenericInheritedSignature1_ts has expected errors matching genericAndNonGenericInheritedSignature1_errors_txt[jvm] FAILED

<test-failure test="com.xemantic.typescript.compiler.TypeScriptCompilerTests_G.genericCloduleInModule2_ts has expected errors matching genericCloduleInModule2_errors_txt" platform="jvm">
<message>
--- expected
+++ actual
@@ -1,4 +1,4 @@
-genericCloduleInModule2.ts(14,8): error TS2314: Generic type 'B<T>' requires 1 type argument(s).
+genericCloduleInModule2.ts(15,1): error TS2454: Variable 'b' is used before being assigned.
 
 
 ==== genericCloduleInModule2.ts (1 errors) ====
@@ -16,6 +16,6 @@
     }
     
     var b: A.B;
-           ~~~
-!!! error TS2314: Generic type 'B<T>' requires 1 type argument(s).
     b.foo();
+    ~
+!!! error TS2454: Variable 'b' is used before being assigned.

</message>
<stacktrace>
  at org.junit.Assert.fail(Assert.java:89)
  at kotlin.test.junit.JUnitAsserter.fail(JUnitSupport.kt:56)
  at kotlin.test.AssertionsKt__AssertionsKt.fail(Assertions.kt:563)
  at kotlin.test.AssertionsKt.fail(Unknown Source)
  at com.xemantic.kotlin.test.SameAsKt.sameAs(SameAs.kt:52)
  at com.xemantic.typescript.compiler.TypeScriptTestSupportKt.errorsMatchBaseline(TypeScriptTestSupport.kt:135)
  at com.xemantic.typescript.compiler.TypeScriptCompilerTests_G.genericCloduleInModule2_ts has expected errors matching genericCloduleInModule2_errors_txt(TypeScriptCompilerTests_G.kt:623)
  at java.base/jdk.internal.reflect.DirectMethodHandleAccessor.invoke(DirectMethodHandleAccessor.java:104)
  at java.base/java.lang.reflect.Method.invoke(Method.java:565)
  at org.junit.runners.model.FrameworkMethod$1.runReflectiveCall(FrameworkMethod.java:59)
  at org.junit.internal.runners.model.ReflectiveCallable.run(ReflectiveCallable.java:12)
  at org.junit.runners.model.FrameworkMethod.invokeExplosively(FrameworkMethod.java:56)
  at org.junit.internal.runners.statements.InvokeMethod.evaluate(InvokeMethod.java:17)
  at org.junit.runners.ParentRunner$3.evaluate(ParentRunner.java:306)
  at org.junit.runners.BlockJUnit4ClassRunner$1.evaluate(BlockJUnit4ClassRunner.java:100)
  at org.junit.runners.ParentRunner.runLeaf(ParentRunner.java:366)
  at org.junit.runners.BlockJUnit4ClassRunner.runChild(BlockJUnit4ClassRunner.java:103)
  at org.junit.runners.BlockJUnit4ClassRunner.runChild(BlockJUnit4ClassRunner.java:63)
  at org.junit.runners.ParentRunner$4.run(ParentRunner.java:331)
  at org.junit.runners.ParentRunner$1.schedule(ParentRunner.java:79)
  at org.junit.runners.ParentRunner.runChildren(ParentRunner.java:329)
  at org.junit.runners.ParentRunner.access$100(ParentRunner.java:66)
  at org.junit.runners.ParentRunner$2.evaluate(ParentRunner.java:293)
  at org.junit.runners.ParentRunner$3.evaluate(ParentRunner.java:306)
  at org.junit.runners.ParentRunner.run(ParentRunner.java:413)
  at org.junit.runner.JUnitCore.run(JUnitCore.java:137)
  at org.junit.runner.JUnitCore.run(JUnitCore.java:115)
  at org.gradle.api.internal.tasks.testing.junit.JUnitTestExecutor.runRequest(JUnitTestExecutor.java:175)
  at org.gradle.api.internal.tasks.testing.junit.JUnitTestExecutor.accept(JUnitTestExecutor.java:84)
  at org.gradle.api.internal.tasks.testing.junit.JUnitTestExecutor.accept(JUnitTestExecutor.java:47)
  at org.gradle.api.internal.tasks.testing.junit.AbstractJUnitTestDefinitionProcessor.processTestDefinition(AbstractJUnitTestDefinitionProcessor.java:65)
  at org.gradle.api.internal.tasks.testing.SuiteTestDefinitionProcessor.processTestDefinition(SuiteTestDefinitionProcessor.java:54)
  at java.base/jdk.internal.reflect.DirectMethodHandleAccessor.invoke(DirectMethodHandleAccessor.java:104)
  at java.base/java.lang.reflect.Method.invoke(Method.java:565)
  at org.gradle.internal.dispatch.MethodInvocation.invokeOn(MethodInvocation.java:77)
  at org.gradle.internal.dispatch.ReflectionDispatch.dispatch(ReflectionDispatch.java:28)
  at org.gradle.internal.dispatch.ReflectionDispatch.dispatch(ReflectionDispatch.java:19)
  at org.gradle.internal.dispatch.ContextClassLoaderDispatch.dispatch(ContextClassLoaderDispatch.java:33)
  at org.gradle.internal.dispatch.ProxyDispatchAdapter$DispatchingInvocationHandler.invoke(ProxyDispatchAdapter.java:88)
  at jdk.proxy1/jdk.proxy1.$Proxy4.processTestDefinition(Unknown Source)
  at org.gradle.api.internal.tasks.testing.worker.TestWorker$2.run(TestWorker.java:178)
  at org.gradle.api.internal.tasks.testing.worker.TestWorker.executeAndMaintainThreadName(TestWorker.java:126)
  at org.gradle.api.internal.tasks.testing.worker.TestWorker.execute(TestWorker.java:103)
  at org.gradle.api.internal.tasks.testing.worker.TestWorker.execute(TestWorker.java:63)
  at org.gradle.process.internal.worker.child.ActionExecutionWorker.execute(ActionExecutionWorker.java:56)
  at org.gradle.process.internal.worker.child.SystemApplicationClassLoaderWorker.call(SystemApplicationClassLoaderWorker.java:122)
  at org.gradle.process.internal.worker.child.SystemApplicationClassLoaderWorker.call(SystemApplicationClassLoaderWorker.java:72)
  at worker.org.gradle.process.internal.worker.GradleWorkerMain.run(GradleWorkerMain.java:69)
  at worker.org.gradle.process.internal.worker.GradleWorkerMain.main(GradleWorkerMain.java:74)
</stacktrace>
</test-failure>


TypeScriptCompilerTests_G[jvm] > genericCloduleInModule2_ts has expected errors matching genericCloduleInModule2_errors_txt[jvm] FAILED

<test-failure test="com.xemantic.typescript.compiler.TypeScriptCompilerTests_G.genericIndexTypeHasSensibleErrorMessage_ts has expected errors matching genericIndexTypeHasSensibleErrorMessage_errors_txt" platform="jvm">
<message>
Expected diagnostics from baseline typescript-repo/tests/baselines/reference/genericIndexTypeHasSensibleErrorMessage.errors.txt but none produced
</message>
<stacktrace>
  at com.xemantic.typescript.compiler.TypeScriptTestSupportKt.errorsMatchBaseline(TypeScriptTestSupport.kt:125)
  at com.xemantic.typescript.compiler.TypeScriptCompilerTests_G.genericIndexTypeHasSensibleErrorMessage_ts has expected errors matching genericIndexTypeHasSensibleErrorMessage_errors_txt(TypeScriptCompilerTests_G.kt:1120)
  at java.base/jdk.internal.reflect.DirectMethodHandleAccessor.invoke(DirectMethodHandleAccessor.java:104)
  at java.base/java.lang.reflect.Method.invoke(Method.java:565)
  at org.junit.runners.model.FrameworkMethod$1.runReflectiveCall(FrameworkMethod.java:59)
  at org.junit.internal.runners.model.ReflectiveCallable.run(ReflectiveCallable.java:12)
  at org.junit.runners.model.FrameworkMethod.invokeExplosively(FrameworkMethod.java:56)
  at org.junit.internal.runners.statements.InvokeMethod.evaluate(InvokeMethod.java:17)
  at org.junit.runners.ParentRunner$3.evaluate(ParentRunner.java:306)
  at org.junit.runners.BlockJUnit4ClassRunner$1.evaluate(BlockJUnit4ClassRunner.java:100)
  at org.junit.runners.ParentRunner.runLeaf(ParentRunner.java:366)
  at org.junit.runners.BlockJUnit4ClassRunner.runChild(BlockJUnit4ClassRunner.java:103)
  at org.junit.runners.BlockJUnit4ClassRunner.runChild(BlockJUnit4ClassRunner.java:63)
  at org.junit.runners.ParentRunner$4.run(ParentRunner.java:331)
  at org.junit.runners.ParentRunner$1.schedule(ParentRunner.java:79)
  at org.junit.runners.ParentRunner.runChildren(ParentRunner.java:329)
  at org.junit.runners.ParentRunner.access$100(ParentRunner.java:66)
  at org.junit.runners.ParentRunner$2.evaluate(ParentRunner.java:293)
  at org.junit.runners.ParentRunner$3.evaluate(ParentRunner.java:306)
  at org.junit.runners.ParentRunner.run(ParentRunner.java:413)
  at org.junit.runner.JUnitCore.run(JUnitCore.java:137)
  at org.junit.runner.JUnitCore.run(JUnitCore.java:115)
  at org.gradle.api.internal.tasks.testing.junit.JUnitTestExecutor.runRequest(JUnitTestExecutor.java:175)
  at org.gradle.api.internal.tasks.testing.junit.JUnitTestExecutor.accept(JUnitTestExecutor.java:84)
  at org.gradle.api.internal.tasks.testing.junit.JUnitTestExecutor.accept(JUnitTestExecutor.java:47)
  at org.gradle.api.internal.tasks.testing.junit.AbstractJUnitTestDefinitionProcessor.processTestDefinition(AbstractJUnitTestDefinitionProcessor.java:65)
  at org.gradle.api.internal.tasks.testing.SuiteTestDefinitionProcessor.processTestDefinition(SuiteTestDefinitionProcessor.java:54)
  at java.base/jdk.internal.reflect.DirectMethodHandleAccessor.invoke(DirectMethodHandleAccessor.java:104)
  at java.base/java.lang.reflect.Method.invoke(Method.java:565)
  at org.gradle.internal.dispatch.MethodInvocation.invokeOn(MethodInvocation.java:77)
  at org.gradle.internal.dispatch.ReflectionDispatch.dispatch(ReflectionDispatch.java:28)
  at org.gradle.internal.dispatch.ReflectionDispatch.dispatch(ReflectionDispatch.java:19)
  at org.gradle.internal.dispatch.ContextClassLoaderDispatch.dispatch(ContextClassLoaderDispatch.java:33)
  at org.gradle.internal.dispatch.ProxyDispatchAdapter$DispatchingInvocationHandler.invoke(ProxyDispatchAdapter.java:88)
  at jdk.proxy1/jdk.proxy1.$Proxy4.processTestDefinition(Unknown Source)
  at org.gradle.api.internal.tasks.testing.worker.TestWorker$2.run(TestWorker.java:178)
  at org.gradle.api.internal.tasks.testing.worker.TestWorker.executeAndMaintainThreadName(TestWorker.java:126)
  at org.gradle.api.internal.tasks.testing.worker.TestWorker.execute(TestWorker.java:103)
  at org.gradle.api.internal.tasks.testing.worker.TestWorker.execute(TestWorker.java:63)
  at org.gradle.process.internal.worker.child.ActionExecutionWorker.execute(ActionExecutionWorker.java:56)
  at org.gradle.process.internal.worker.child.SystemApplicationClassLoaderWorker.call(SystemApplicationClassLoaderWorker.java:122)
  at org.gradle.process.internal.worker.child.SystemApplicationClassLoaderWorker.call(SystemApplicationClassLoaderWorker.java:72)
  at worker.org.gradle.process.internal.worker.GradleWorkerMain.run(GradleWorkerMain.java:69)
  at worker.org.gradle.process.internal.worker.GradleWorkerMain.main(GradleWorkerMain.java:74)
</stacktrace>
</test-failure>


TypeScriptCompilerTests_G[jvm] > genericIndexTypeHasSensibleErrorMessage_ts has expected errors matching genericIndexTypeHasSensibleErrorMessage_errors_txt[jvm] FAILED

<test-failure test="com.xemantic.typescript.compiler.TypeScriptCompilerTests_G.genericArrayMethods1_ts has expected errors matching genericArrayMethods1_errors_txt" platform="jvm">
<message>
Expected diagnostics from baseline typescript-repo/tests/baselines/reference/genericArrayMethods1.errors.txt but none produced
</message>
<stacktrace>
  at com.xemantic.typescript.compiler.TypeScriptTestSupportKt.errorsMatchBaseline(TypeScriptTestSupport.kt:125)
  at com.xemantic.typescript.compiler.TypeScriptCompilerTests_G.genericArrayMethods1_ts has expected errors matching genericArrayMethods1_errors_txt(TypeScriptCompilerTests_G.kt:245)
  at java.base/jdk.internal.reflect.DirectMethodHandleAccessor.invoke(DirectMethodHandleAccessor.java:104)
  at java.base/java.lang.reflect.Method.invoke(Method.java:565)
  at org.junit.runners.model.FrameworkMethod$1.runReflectiveCall(FrameworkMethod.java:59)
  at org.junit.internal.runners.model.ReflectiveCallable.run(ReflectiveCallable.java:12)
  at org.junit.runners.model.FrameworkMethod.invokeExplosively(FrameworkMethod.java:56)
  at org.junit.internal.runners.statements.InvokeMethod.evaluate(InvokeMethod.java:17)
  at org.junit.runners.ParentRunner$3.evaluate(ParentRunner.java:306)
  at org.junit.runners.BlockJUnit4ClassRunner$1.evaluate(BlockJUnit4ClassRunner.java:100)
  at org.junit.runners.ParentRunner.runLeaf(ParentRunner.java:366)
  at org.junit.runners.BlockJUnit4ClassRunner.runChild(BlockJUnit4ClassRunner.java:103)
  at org.junit.runners.BlockJUnit4ClassRunner.runChild(BlockJUnit4ClassRunner.java:63)
  at org.junit.runners.ParentRunner$4.run(ParentRunner.java:331)
  at org.junit.runners.ParentRunner$1.schedule(ParentRunner.java:79)
  at org.junit.runners.ParentRunner.runChildren(ParentRunner.java:329)
  at org.junit.runners.ParentRunner.access$100(ParentRunner.java:66)
  at org.junit.runners.ParentRunner$2.evaluate(ParentRunner.java:293)
  at org.junit.runners.ParentRunner$3.evaluate(ParentRunner.java:306)
  at org.junit.runners.ParentRunner.run(ParentRunner.java:413)
  at org.junit.runner.JUnitCore.run(JUnitCore.java:137)
  at org.junit.runner.JUnitCore.run(JUnitCore.java:115)
  at org.gradle.api.internal.tasks.testing.junit.JUnitTestExecutor.runRequest(JUnitTestExecutor.java:175)
  at org.gradle.api.internal.tasks.testing.junit.JUnitTestExecutor.accept(JUnitTestExecutor.java:84)
  at org.gradle.api.internal.tasks.testing.junit.JUnitTestExecutor.accept(JUnitTestExecutor.java:47)
  at org.gradle.api.internal.tasks.testing.junit.AbstractJUnitTestDefinitionProcessor.processTestDefinition(AbstractJUnitTestDefinitionProcessor.java:65)
  at org.gradle.api.internal.tasks.testing.SuiteTestDefinitionProcessor.processTestDefinition(SuiteTestDefinitionProcessor.java:54)
  at java.base/jdk.internal.reflect.DirectMethodHandleAccessor.invoke(DirectMethodHandleAccessor.java:104)
  at java.base/java.lang.reflect.Method.invoke(Method.java:565)
  at org.gradle.internal.dispatch.MethodInvocation.invokeOn(MethodInvocation.java:77)
  at org.gradle.internal.dispatch.ReflectionDispatch.dispatch(ReflectionDispatch.java:28)
  at org.gradle.internal.dispatch.ReflectionDispatch.dispatch(ReflectionDispatch.java:19)
  at org.gradle.internal.dispatch.ContextClassLoaderDispatch.dispatch(ContextClassLoaderDispatch.java:33)
  at org.gradle.internal.dispatch.ProxyDispatchAdapter$DispatchingInvocationHandler.invoke(ProxyDispatchAdapter.java:88)
  at jdk.proxy1/jdk.proxy1.$Proxy4.processTestDefinition(Unknown Source)
  at org.gradle.api.internal.tasks.testing.worker.TestWorker$2.run(TestWorker.java:178)
  at org.gradle.api.internal.tasks.testing.worker.TestWorker.executeAndMaintainThreadName(TestWorker.java:126)
  at org.gradle.api.internal.tasks.testing.worker.TestWorker.execute(TestWorker.java:103)
  at org.gradle.api.internal.tasks.testing.worker.TestWorker.execute(TestWorker.java:63)
  at org.gradle.process.internal.worker.child.ActionExecutionWorker.execute(ActionExecutionWorker.java:56)
  at org.gradle.process.internal.worker.child.SystemApplicationClassLoaderWorker.call(SystemApplicationClassLoaderWorker.java:122)
  at org.gradle.process.internal.worker.child.SystemApplicationClassLoaderWorker.call(SystemApplicationClassLoaderWorker.java:72)
  at worker.org.gradle.process.internal.worker.GradleWorkerMain.run(GradleWorkerMain.java:69)
  at worker.org.gradle.process.internal.worker.GradleWorkerMain.main(GradleWorkerMain.java:74)
</stacktrace>
</test-failure>


TypeScriptCompilerTests_G[jvm] > genericArrayMethods1_ts has expected errors matching genericArrayMethods1_errors_txt[jvm] FAILED

<test-failure test="com.xemantic.typescript.compiler.TypeScriptCompilerTests_G.genericGetter_ts has expected errors matching genericGetter_errors_txt" platform="jvm">
<message>
--- expected
+++ actual
@@ -1,8 +1,7 @@
 genericGetter.ts(2,5): error TS2564: Property 'data' has no initializer and is not definitely assigned in the constructor.
-genericGetter.ts(9,5): error TS2322: Type 'number' is not assignable to type 'string'.
 
 
-==== genericGetter.ts (2 errors) ====
+==== genericGetter.ts (1 errors) ====
     class C<T> {
         data: T;
         ~~~~
@@ -14,5 +13,3 @@
     
     var c = new C<number>();
     var r: string = c.x;
-        ~
-!!! error TS2322: Type 'number' is not assignable to type 'string'.

</message>
<stacktrace>
  at org.junit.Assert.fail(Assert.java:89)
  at kotlin.test.junit.JUnitAsserter.fail(JUnitSupport.kt:56)
  at kotlin.test.AssertionsKt__AssertionsKt.fail(Assertions.kt:563)
  at kotlin.test.AssertionsKt.fail(Unknown Source)
  at com.xemantic.kotlin.test.SameAsKt.sameAs(SameAs.kt:52)
  at com.xemantic.typescript.compiler.TypeScriptTestSupportKt.errorsMatchBaseline(TypeScriptTestSupport.kt:135)
  at com.xemantic.typescript.compiler.TypeScriptCompilerTests_G.genericGetter_ts has expected errors matching genericGetter_errors_txt(TypeScriptCompilerTests_G.kt:1064)
  at java.base/jdk.internal.reflect.DirectMethodHandleAccessor.invoke(DirectMethodHandleAccessor.java:104)
  at java.base/java.lang.reflect.Method.invoke(Method.java:565)
  at org.junit.runners.model.FrameworkMethod$1.runReflectiveCall(FrameworkMethod.java:59)
  at org.junit.internal.runners.model.ReflectiveCallable.run(ReflectiveCallable.java:12)
  at org.junit.runners.model.FrameworkMethod.invokeExplosively(FrameworkMethod.java:56)
  at org.junit.internal.runners.statements.InvokeMethod.evaluate(InvokeMethod.java:17)
  at org.junit.runners.ParentRunner$3.evaluate(ParentRunner.java:306)
  at org.junit.runners.BlockJUnit4ClassRunner$1.evaluate(BlockJUnit4ClassRunner.java:100)
  at org.junit.runners.ParentRunner.runLeaf(ParentRunner.java:366)
  at org.junit.runners.BlockJUnit4ClassRunner.runChild(BlockJUnit4ClassRunner.java:103)
  at org.junit.runners.BlockJUnit4ClassRunner.runChild(BlockJUnit4ClassRunner.java:63)
  at org.junit.runners.ParentRunner$4.run(ParentRunner.java:331)
  at org.junit.runners.ParentRunner$1.schedule(ParentRunner.java:79)
  at org.junit.runners.ParentRunner.runChildren(ParentRunner.java:329)
  at org.junit.runners.ParentRunner.access$100(ParentRunner.java:66)
  at org.junit.runners.ParentRunner$2.evaluate(ParentRunner.java:293)
  at org.junit.runners.ParentRunner$3.evaluate(ParentRunner.java:306)
  at org.junit.runners.ParentRunner.run(ParentRunner.java:413)
  at org.junit.runner.JUnitCore.run(JUnitCore.java:137)
  at org.junit.runner.JUnitCore.run(JUnitCore.java:115)
  at org.gradle.api.internal.tasks.testing.junit.JUnitTestExecutor.runRequest(JUnitTestExecutor.java:175)
  at org.gradle.api.internal.tasks.testing.junit.JUnitTestExecutor.accept(JUnitTestExecutor.java:84)
  at org.gradle.api.internal.tasks.testing.junit.JUnitTestExecutor.accept(JUnitTestExecutor.java:47)
  at org.gradle.api.internal.tasks.testing.junit.AbstractJUnitTestDefinitionProcessor.processTestDefinition(AbstractJUnitTestDefinitionProcessor.java:65)
  at org.gradle.api.internal.tasks.testing.SuiteTestDefinitionProcessor.processTestDefinition(SuiteTestDefinitionProcessor.java:54)
  at java.base/jdk.internal.reflect.DirectMethodHandleAccessor.invoke(DirectMethodHandleAccessor.java:104)
  at java.base/java.lang.reflect.Method.invoke(Method.java:565)
  at org.gradle.internal.dispatch.MethodInvocation.invokeOn(MethodInvocation.java:77)
  at org.gradle.internal.dispatch.ReflectionDispatch.dispatch(ReflectionDispatch.java:28)
  at org.gradle.internal.dispatch.ReflectionDispatch.dispatch(ReflectionDispatch.java:19)
  at org.gradle.internal.dispatch.ContextClassLoaderDispatch.dispatch(ContextClassLoaderDispatch.java:33)
  at org.gradle.internal.dispatch.ProxyDispatchAdapter$DispatchingInvocationHandler.invoke(ProxyDispatchAdapter.java:88)
  at jdk.proxy1/jdk.proxy1.$Proxy4.processTestDefinition(Unknown Source)
  at org.gradle.api.internal.tasks.testing.worker.TestWorker$2.run(TestWorker.java:178)
  at org.gradle.api.internal.tasks.testing.worker.TestWorker.executeAndMaintainThreadName(TestWorker.java:126)
  at org.gradle.api.internal.tasks.testing.worker.TestWorker.execute(TestWorker.java:103)
  at org.gradle.api.internal.tasks.testing.worker.TestWorker.execute(TestWorker.java:63)
  at org.gradle.process.internal.worker.child.ActionExecutionWorker.execute(ActionExecutionWorker.java:56)
  at org.gradle.process.internal.worker.child.SystemApplicationClassLoaderWorker.call(SystemApplicationClassLoaderWorker.java:122)
  at org.gradle.process.internal.worker.child.SystemApplicationClassLoaderWorker.call(SystemApplicationClassLoaderWorker.java:72)
  at worker.org.gradle.process.internal.worker.GradleWorkerMain.run(GradleWorkerMain.java:69)
  at worker.org.gradle.process.internal.worker.GradleWorkerMain.main(GradleWorkerMain.java:74)
</stacktrace>
</test-failure>


TypeScriptCompilerTests_G[jvm] > genericGetter_ts has expected errors matching genericGetter_errors_txt[jvm] FAILED

<test-failure test="com.xemantic.typescript.compiler.TypeScriptCompilerTests_G.genericClassesRedeclaration_ts has expected errors matching genericClassesRedeclaration_errors_txt" platform="jvm">
<message>
Expected diagnostics from baseline typescript-repo/tests/baselines/reference/genericClassesRedeclaration.errors.txt but none produced
</message>
<stacktrace>
  at com.xemantic.typescript.compiler.TypeScriptTestSupportKt.errorsMatchBaseline(TypeScriptTestSupport.kt:125)
  at com.xemantic.typescript.compiler.TypeScriptCompilerTests_G.genericClassesRedeclaration_ts has expected errors matching genericClassesRedeclaration_errors_txt(TypeScriptCompilerTests_G.kt:595)
  at java.base/jdk.internal.reflect.DirectMethodHandleAccessor.invoke(DirectMethodHandleAccessor.java:104)
  at java.base/java.lang.reflect.Method.invoke(Method.java:565)
  at org.junit.runners.model.FrameworkMethod$1.runReflectiveCall(FrameworkMethod.java:59)
  at org.junit.internal.runners.model.ReflectiveCallable.run(ReflectiveCallable.java:12)
  at org.junit.runners.model.FrameworkMethod.invokeExplosively(FrameworkMethod.java:56)
  at org.junit.internal.runners.statements.InvokeMethod.evaluate(InvokeMethod.java:17)
  at org.junit.runners.ParentRunner$3.evaluate(ParentRunner.java:306)
  at org.junit.runners.BlockJUnit4ClassRunner$1.evaluate(BlockJUnit4ClassRunner.java:100)
  at org.junit.runners.ParentRunner.runLeaf(ParentRunner.java:366)
  at org.junit.runners.BlockJUnit4ClassRunner.runChild(BlockJUnit4ClassRunner.java:103)
  at org.junit.runners.BlockJUnit4ClassRunner.runChild(BlockJUnit4ClassRunner.java:63)
  at org.junit.runners.ParentRunner$4.run(ParentRunner.java:331)
  at org.junit.runners.ParentRunner$1.schedule(ParentRunner.java:79)
  at org.junit.runners.ParentRunner.runChildren(ParentRunner.java:329)
  at org.junit.runners.ParentRunner.access$100(ParentRunner.java:66)
  at org.junit.runners.ParentRunner$2.evaluate(ParentRunner.java:293)
  at org.junit.runners.ParentRunner$3.evaluate(ParentRunner.java:306)
  at org.junit.runners.ParentRunner.run(ParentRunner.java:413)
  at org.junit.runner.JUnitCore.run(JUnitCore.java:137)
  at org.junit.runner.JUnitCore.run(JUnitCore.java:115)
  at org.gradle.api.internal.tasks.testing.junit.JUnitTestExecutor.runRequest(JUnitTestExecutor.java:175)
  at org.gradle.api.internal.tasks.testing.junit.JUnitTestExecutor.accept(JUnitTestExecutor.java:84)
  at org.gradle.api.internal.tasks.testing.junit.JUnitTestExecutor.accept(JUnitTestExecutor.java:47)
  at org.gradle.api.internal.tasks.testing.junit.AbstractJUnitTestDefinitionProcessor.processTestDefinition(AbstractJUnitTestDefinitionProcessor.java:65)
  at org.gradle.api.internal.tasks.testing.SuiteTestDefinitionProcessor.processTestDefinition(SuiteTestDefinitionProcessor.java:54)
  at java.base/jdk.internal.reflect.DirectMethodHandleAccessor.invoke(DirectMethodHandleAccessor.java:104)
  at java.base/java.lang.reflect.Method.invoke(Method.java:565)
  at org.gradle.internal.dispatch.MethodInvocation.invokeOn(MethodInvocation.java:77)
  at org.gradle.internal.dispatch.ReflectionDispatch.dispatch(ReflectionDispatch.java:28)
  at org.gradle.internal.dispatch.ReflectionDispatch.dispatch(ReflectionDispatch.java:19)
  at org.gradle.internal.dispatch.ContextClassLoaderDispatch.dispatch(ContextClassLoaderDispatch.java:33)
  at org.gradle.internal.dispatch.ProxyDispatchAdapter$DispatchingInvocationHandler.invoke(ProxyDispatchAdapter.java:88)
  at jdk.proxy1/jdk.proxy1.$Proxy4.processTestDefinition(Unknown Source)
  at org.gradle.api.internal.tasks.testing.worker.TestWorker$2.run(TestWorker.java:178)
  at org.gradle.api.internal.tasks.testing.worker.TestWorker.executeAndMaintainThreadName(TestWorker.java:126)
  at org.gradle.api.internal.tasks.testing.worker.TestWorker.execute(TestWorker.java:103)
  at org.gradle.api.internal.tasks.testing.worker.TestWorker.execute(TestWorker.java:63)
  at org.gradle.process.internal.worker.child.ActionExecutionWorker.execute(ActionExecutionWorker.java:56)
  at org.gradle.process.internal.worker.child.SystemApplicationClassLoaderWorker.call(SystemApplicationClassLoaderWorker.java:122)
  at org.gradle.process.internal.worker.child.SystemApplicationClassLoaderWorker.call(SystemApplicationClassLoaderWorker.java:72)
  at worker.org.gradle.process.internal.worker.GradleWorkerMain.run(GradleWorkerMain.java:69)
  at worker.org.gradle.process.internal.worker.GradleWorkerMain.main(GradleWorkerMain.java:74)
</stacktrace>
</test-failure>


TypeScriptCompilerTests_G[jvm] > genericClassesRedeclaration_ts has expected errors matching genericClassesRedeclaration_errors_txt[jvm] FAILED

<test-failure test="com.xemantic.typescript.compiler.TypeScriptCompilerTests_G.genericReduce_ts has expected errors matching genericReduce_errors_txt" platform="jvm">
<message>
Expected diagnostics from baseline typescript-repo/tests/baselines/reference/genericReduce.errors.txt but none produced
</message>
<stacktrace>
  at com.xemantic.typescript.compiler.TypeScriptTestSupportKt.errorsMatchBaseline(TypeScriptTestSupport.kt:125)
  at com.xemantic.typescript.compiler.TypeScriptCompilerTests_G.genericReduce_ts has expected errors matching genericReduce_errors_txt(TypeScriptCompilerTests_G.kt:1505)
  at java.base/jdk.internal.reflect.DirectMethodHandleAccessor.invoke(DirectMethodHandleAccessor.java:104)
  at java.base/java.lang.reflect.Method.invoke(Method.java:565)
  at org.junit.runners.model.FrameworkMethod$1.runReflectiveCall(FrameworkMethod.java:59)
  at org.junit.internal.runners.model.ReflectiveCallable.run(ReflectiveCallable.java:12)
  at org.junit.runners.model.FrameworkMethod.invokeExplosively(FrameworkMethod.java:56)
  at org.junit.internal.runners.statements.InvokeMethod.evaluate(InvokeMethod.java:17)
  at org.junit.runners.ParentRunner$3.evaluate(ParentRunner.java:306)
  at org.junit.runners.BlockJUnit4ClassRunner$1.evaluate(BlockJUnit4ClassRunner.java:100)
  at org.junit.runners.ParentRunner.runLeaf(ParentRunner.java:366)
  at org.junit.runners.BlockJUnit4ClassRunner.runChild(BlockJUnit4ClassRunner.java:103)
  at org.junit.runners.BlockJUnit4ClassRunner.runChild(BlockJUnit4ClassRunner.java:63)
  at org.junit.runners.ParentRunner$4.run(ParentRunner.java:331)
  at org.junit.runners.ParentRunner$1.schedule(ParentRunner.java:79)
  at org.junit.runners.ParentRunner.runChildren(ParentRunner.java:329)
  at org.junit.runners.ParentRunner.access$100(ParentRunner.java:66)
  at org.junit.runners.ParentRunner$2.evaluate(ParentRunner.java:293)
  at org.junit.runners.ParentRunner$3.evaluate(ParentRunner.java:306)
  at org.junit.runners.ParentRunner.run(ParentRunner.java:413)
  at org.junit.runner.JUnitCore.run(JUnitCore.java:137)
  at org.junit.runner.JUnitCore.run(JUnitCore.java:115)
  at org.gradle.api.internal.tasks.testing.junit.JUnitTestExecutor.runRequest(JUnitTestExecutor.java:175)
  at org.gradle.api.internal.tasks.testing.junit.JUnitTestExecutor.accept(JUnitTestExecutor.java:84)
  at org.gradle.api.internal.tasks.testing.junit.JUnitTestExecutor.accept(JUnitTestExecutor.java:47)
  at org.gradle.api.internal.tasks.testing.junit.AbstractJUnitTestDefinitionProcessor.processTestDefinition(AbstractJUnitTestDefinitionProcessor.java:65)
  at org.gradle.api.internal.tasks.testing.SuiteTestDefinitionProcessor.processTestDefinition(SuiteTestDefinitionProcessor.java:54)
  at java.base/jdk.internal.reflect.DirectMethodHandleAccessor.invoke(DirectMethodHandleAccessor.java:104)
  at java.base/java.lang.reflect.Method.invoke(Method.java:565)
  at org.gradle.internal.dispatch.MethodInvocation.invokeOn(MethodInvocation.java:77)
  at org.gradle.internal.dispatch.ReflectionDispatch.dispatch(ReflectionDispatch.java:28)
  at org.gradle.internal.dispatch.ReflectionDispatch.dispatch(ReflectionDispatch.java:19)
  at org.gradle.internal.dispatch.ContextClassLoaderDispatch.dispatch(ContextClassLoaderDispatch.java:33)
  at org.gradle.internal.dispatch.ProxyDispatchAdapter$DispatchingInvocationHandler.invoke(ProxyDispatchAdapter.java:88)
  at jdk.proxy1/jdk.proxy1.$Proxy4.processTestDefinition(Unknown Source)
  at org.gradle.api.internal.tasks.testing.worker.TestWorker$2.run(TestWorker.java:178)
  at org.gradle.api.internal.tasks.testing.worker.TestWorker.executeAndMaintainThreadName(TestWorker.java:126)
  at org.gradle.api.internal.tasks.testing.worker.TestWorker.execute(TestWorker.java:103)
  at org.gradle.api.internal.tasks.testing.worker.TestWorker.execute(TestWorker.java:63)
  at org.gradle.process.internal.worker.child.ActionExecutionWorker.execute(ActionExecutionWorker.java:56)
  at org.gradle.process.internal.worker.child.SystemApplicationClassLoaderWorker.call(SystemApplicationClassLoaderWorker.java:122)
  at org.gradle.process.internal.worker.child.SystemApplicationClassLoaderWorker.call(SystemApplicationClassLoaderWorker.java:72)
  at worker.org.gradle.process.internal.worker.GradleWorkerMain.run(GradleWorkerMain.java:69)
  at worker.org.gradle.process.internal.worker.GradleWorkerMain.main(GradleWorkerMain.java:74)
</stacktrace>
</test-failure>


TypeScriptCompilerTests_G[jvm] > genericReduce_ts has expected errors matching genericReduce_errors_txt[jvm] FAILED

<test-failure test="com.xemantic.typescript.compiler.TypeScriptCompilerTests_G.genericTypeAssertions4_ts has expected errors matching genericTypeAssertions4_errors_txt" platform="jvm">
<message>
Expected diagnostics from baseline typescript-repo/tests/baselines/reference/genericTypeAssertions4.errors.txt but none produced
</message>
<stacktrace>
  at com.xemantic.typescript.compiler.TypeScriptTestSupportKt.errorsMatchBaseline(TypeScriptTestSupport.kt:125)
  at com.xemantic.typescript.compiler.TypeScriptCompilerTests_G.genericTypeAssertions4_ts has expected errors matching genericTypeAssertions4_errors_txt(TypeScriptCompilerTests_G.kt:1729)
  at java.base/jdk.internal.reflect.DirectMethodHandleAccessor.invoke(DirectMethodHandleAccessor.java:104)
  at java.base/java.lang.reflect.Method.invoke(Method.java:565)
  at org.junit.runners.model.FrameworkMethod$1.runReflectiveCall(FrameworkMethod.java:59)
  at org.junit.internal.runners.model.ReflectiveCallable.run(ReflectiveCallable.java:12)
  at org.junit.runners.model.FrameworkMethod.invokeExplosively(FrameworkMethod.java:56)
  at org.junit.internal.runners.statements.InvokeMethod.evaluate(InvokeMethod.java:17)
  at org.junit.runners.ParentRunner$3.evaluate(ParentRunner.java:306)
  at org.junit.runners.BlockJUnit4ClassRunner$1.evaluate(BlockJUnit4ClassRunner.java:100)
  at org.junit.runners.ParentRunner.runLeaf(ParentRunner.java:366)
  at org.junit.runners.BlockJUnit4ClassRunner.runChild(BlockJUnit4ClassRunner.java:103)
  at org.junit.runners.BlockJUnit4ClassRunner.runChild(BlockJUnit4ClassRunner.java:63)
  at org.junit.runners.ParentRunner$4.run(ParentRunner.java:331)
  at org.junit.runners.ParentRunner$1.schedule(ParentRunner.java:79)
  at org.junit.runners.ParentRunner.runChildren(ParentRunner.java:329)
  at org.junit.runners.ParentRunner.access$100(ParentRunner.java:66)
  at org.junit.runners.ParentRunner$2.evaluate(ParentRunner.java:293)
  at org.junit.runners.ParentRunner$3.evaluate(ParentRunner.java:306)
  at org.junit.runners.ParentRunner.run(ParentRunner.java:413)
  at org.junit.runner.JUnitCore.run(JUnitCore.java:137)
  at org.junit.runner.JUnitCore.run(JUnitCore.java:115)
  at org.gradle.api.internal.tasks.testing.junit.JUnitTestExecutor.runRequest(JUnitTestExecutor.java:175)
  at org.gradle.api.internal.tasks.testing.junit.JUnitTestExecutor.accept(JUnitTestExecutor.java:84)
  at org.gradle.api.internal.tasks.testing.junit.JUnitTestExecutor.accept(JUnitTestExecutor.java:47)
  at org.gradle.api.internal.tasks.testing.junit.AbstractJUnitTestDefinitionProcessor.processTestDefinition(AbstractJUnitTestDefinitionProcessor.java:65)
  at org.gradle.api.internal.tasks.testing.SuiteTestDefinitionProcessor.processTestDefinition(SuiteTestDefinitionProcessor.java:54)
  at java.base/jdk.internal.reflect.DirectMethodHandleAccessor.invoke(DirectMethodHandleAccessor.java:104)
  at java.base/java.lang.reflect.Method.invoke(Method.java:565)
  at org.gradle.internal.dispatch.MethodInvocation.invokeOn(MethodInvocation.java:77)
  at org.gradle.internal.dispatch.ReflectionDispatch.dispatch(ReflectionDispatch.java:28)
  at org.gradle.internal.dispatch.ReflectionDispatch.dispatch(ReflectionDispatch.java:19)
  at org.gradle.internal.dispatch.ContextClassLoaderDispatch.dispatch(ContextClassLoaderDispatch.java:33)
  at org.gradle.internal.dispatch.ProxyDispatchAdapter$DispatchingInvocationHandler.invoke(ProxyDispatchAdapter.java:88)
  at jdk.proxy1/jdk.proxy1.$Proxy4.processTestDefinition(Unknown Source)
  at org.gradle.api.internal.tasks.testing.worker.TestWorker$2.run(TestWorker.java:178)
  at org.gradle.api.internal.tasks.testing.worker.TestWorker.executeAndMaintainThreadName(TestWorker.java:126)
  at org.gradle.api.internal.tasks.testing.worker.TestWorker.execute(TestWorker.java:103)
  at org.gradle.api.internal.tasks.testing.worker.TestWorker.execute(TestWorker.java:63)
  at org.gradle.process.internal.worker.child.ActionExecutionWorker.execute(ActionExecutionWorker.java:56)
  at org.gradle.process.internal.worker.child.SystemApplicationClassLoaderWorker.call(SystemApplicationClassLoaderWorker.java:122)
  at org.gradle.process.internal.worker.child.SystemApplicationClassLoaderWorker.call(SystemApplicationClassLoaderWorker.java:72)
  at worker.org.gradle.process.internal.worker.GradleWorkerMain.run(GradleWorkerMain.java:69)
  at worker.org.gradle.process.internal.worker.GradleWorkerMain.main(GradleWorkerMain.java:74)
</stacktrace>
</test-failure>


TypeScriptCompilerTests_G[jvm] > genericTypeAssertions4_ts has expected errors matching genericTypeAssertions4_errors_txt[jvm] FAILED

<test-failure test="com.xemantic.typescript.compiler.TypeScriptCompilerTests_G.getterMissingReturnError_ts has expected errors matching getterMissingReturnError_errors_txt" platform="jvm">
<message>
Expected diagnostics from baseline typescript-repo/tests/baselines/reference/getterMissingReturnError.errors.txt but none produced
</message>
<stacktrace>
  at com.xemantic.typescript.compiler.TypeScriptTestSupportKt.errorsMatchBaseline(TypeScriptTestSupport.kt:125)
  at com.xemantic.typescript.compiler.TypeScriptCompilerTests_G.getterMissingReturnError_ts has expected errors matching getterMissingReturnError_errors_txt(TypeScriptCompilerTests_G.kt:2254)
  at java.base/jdk.internal.reflect.DirectMethodHandleAccessor.invoke(DirectMethodHandleAccessor.java:104)
  at java.base/java.lang.reflect.Method.invoke(Method.java:565)
  at org.junit.runners.model.FrameworkMethod$1.runReflectiveCall(FrameworkMethod.java:59)
  at org.junit.internal.runners.model.ReflectiveCallable.run(ReflectiveCallable.java:12)
  at org.junit.runners.model.FrameworkMethod.invokeExplosively(FrameworkMethod.java:56)
  at org.junit.internal.runners.statements.InvokeMethod.evaluate(InvokeMethod.java:17)
  at org.junit.runners.ParentRunner$3.evaluate(ParentRunner.java:306)
  at org.junit.runners.BlockJUnit4ClassRunner$1.evaluate(BlockJUnit4ClassRunner.java:100)
  at org.junit.runners.ParentRunner.runLeaf(ParentRunner.java:366)
  at org.junit.runners.BlockJUnit4ClassRunner.runChild(BlockJUnit4ClassRunner.java:103)
  at org.junit.runners.BlockJUnit4ClassRunner.runChild(BlockJUnit4ClassRunner.java:63)
  at org.junit.runners.ParentRunner$4.run(ParentRunner.java:331)
  at org.junit.runners.ParentRunner$1.schedule(ParentRunner.java:79)
  at org.junit.runners.ParentRunner.runChildren(ParentRunner.java:329)
  at org.junit.runners.ParentRunner.access$100(ParentRunner.java:66)
  at org.junit.runners.ParentRunner$2.evaluate(ParentRunner.java:293)
  at org.junit.runners.ParentRunner$3.evaluate(ParentRunner.java:306)
  at org.junit.runners.ParentRunner.run(ParentRunner.java:413)
  at org.junit.runner.JUnitCore.run(JUnitCore.java:137)
  at org.junit.runner.JUnitCore.run(JUnitCore.java:115)
  at org.gradle.api.internal.tasks.testing.junit.JUnitTestExecutor.runRequest(JUnitTestExecutor.java:175)
  at org.gradle.api.internal.tasks.testing.junit.JUnitTestExecutor.accept(JUnitTestExecutor.java:84)
  at org.gradle.api.internal.tasks.testing.junit.JUnitTestExecutor.accept(JUnitTestExecutor.java:47)
  at org.gradle.api.internal.tasks.testing.junit.AbstractJUnitTestDefinitionProcessor.processTestDefinition(AbstractJUnitTestDefinitionProcessor.java:65)
  at org.gradle.api.internal.tasks.testing.SuiteTestDefinitionProcessor.processTestDefinition(SuiteTestDefinitionProcessor.java:54)
  at java.base/jdk.internal.reflect.DirectMethodHandleAccessor.invoke(DirectMethodHandleAccessor.java:104)
  at java.base/java.lang.reflect.Method.invoke(Method.java:565)
  at org.gradle.internal.dispatch.MethodInvocation.invokeOn(MethodInvocation.java:77)
  at org.gradle.internal.dispatch.ReflectionDispatch.dispatch(ReflectionDispatch.java:28)
  at org.gradle.internal.dispatch.ReflectionDispatch.dispatch(ReflectionDispatch.java:19)
  at org.gradle.internal.dispatch.ContextClassLoaderDispatch.dispatch(ContextClassLoaderDispatch.java:33)
  at org.gradle.internal.dispatch.ProxyDispatchAdapter$DispatchingInvocationHandler.invoke(ProxyDispatchAdapter.java:88)
  at jdk.proxy1/jdk.proxy1.$Proxy4.processTestDefinition(Unknown Source)
  at org.gradle.api.internal.tasks.testing.worker.TestWorker$2.run(TestWorker.java:178)
  at org.gradle.api.internal.tasks.testing.worker.TestWorker.executeAndMaintainThreadName(TestWorker.java:126)
  at org.gradle.api.internal.tasks.testing.worker.TestWorker.execute(TestWorker.java:103)
  at org.gradle.api.internal.tasks.testing.worker.TestWorker.execute(TestWorker.java:63)
  at org.gradle.process.internal.worker.child.ActionExecutionWorker.execute(ActionExecutionWorker.java:56)
  at org.gradle.process.internal.worker.child.SystemApplicationClassLoaderWorker.call(SystemApplicationClassLoaderWorker.java:122)
  at org.gradle.process.internal.worker.child.SystemApplicationClassLoaderWorker.call(SystemApplicationClassLoaderWorker.java:72)
  at worker.org.gradle.process.internal.worker.GradleWorkerMain.run(GradleWorkerMain.java:69)
  at worker.org.gradle.process.internal.worker.GradleWorkerMain.main(GradleWorkerMain.java:74)
</stacktrace>
</test-failure>


TypeScriptCompilerTests_G[jvm] > getterMissingReturnError_ts has expected errors matching getterMissingReturnError_errors_txt[jvm] FAILED

<test-failure test="com.xemantic.typescript.compiler.TypeScriptCompilerTests_G.genericArgumentCallSigAssignmentCompat_ts has expected errors matching genericArgumentCallSigAssignmentCompat_errors_txt" platform="jvm">
<message>
Expected diagnostics from baseline typescript-repo/tests/baselines/reference/genericArgumentCallSigAssignmentCompat.errors.txt but none produced
</message>
<stacktrace>
  at com.xemantic.typescript.compiler.TypeScriptTestSupportKt.errorsMatchBaseline(TypeScriptTestSupport.kt:125)
  at com.xemantic.typescript.compiler.TypeScriptCompilerTests_G.genericArgumentCallSigAssignmentCompat_ts has expected errors matching genericArgumentCallSigAssignmentCompat_errors_txt(TypeScriptCompilerTests_G.kt:168)
  at java.base/jdk.internal.reflect.DirectMethodHandleAccessor.invoke(DirectMethodHandleAccessor.java:104)
  at java.base/java.lang.reflect.Method.invoke(Method.java:565)
  at org.junit.runners.model.FrameworkMethod$1.runReflectiveCall(FrameworkMethod.java:59)
  at org.junit.internal.runners.model.ReflectiveCallable.run(ReflectiveCallable.java:12)
  at org.junit.runners.model.FrameworkMethod.invokeExplosively(FrameworkMethod.java:56)
  at org.junit.internal.runners.statements.InvokeMethod.evaluate(InvokeMethod.java:17)
  at org.junit.runners.ParentRunner$3.evaluate(ParentRunner.java:306)
  at org.junit.runners.BlockJUnit4ClassRunner$1.evaluate(BlockJUnit4ClassRunner.java:100)
  at org.junit.runners.ParentRunner.runLeaf(ParentRunner.java:366)
  at org.junit.runners.BlockJUnit4ClassRunner.runChild(BlockJUnit4ClassRunner.java:103)
  at org.junit.runners.BlockJUnit4ClassRunner.runChild(BlockJUnit4ClassRunner.java:63)
  at org.junit.runners.ParentRunner$4.run(ParentRunner.java:331)
  at org.junit.runners.ParentRunner$1.schedule(ParentRunner.java:79)
  at org.junit.runners.ParentRunner.runChildren(ParentRunner.java:329)
  at org.junit.runners.ParentRunner.access$100(ParentRunner.java:66)
  at org.junit.runners.ParentRunner$2.evaluate(ParentRunner.java:293)
  at org.junit.runners.ParentRunner$3.evaluate(ParentRunner.java:306)
  at org.junit.runners.ParentRunner.run(ParentRunner.java:413)
  at org.junit.runner.JUnitCore.run(JUnitCore.java:137)
  at org.junit.runner.JUnitCore.run(JUnitCore.java:115)
  at org.gradle.api.internal.tasks.testing.junit.JUnitTestExecutor.runRequest(JUnitTestExecutor.java:175)
  at org.gradle.api.internal.tasks.testing.junit.JUnitTestExecutor.accept(JUnitTestExecutor.java:84)
  at org.gradle.api.internal.tasks.testing.junit.JUnitTestExecutor.accept(JUnitTestExecutor.java:47)
  at org.gradle.api.internal.tasks.testing.junit.AbstractJUnitTestDefinitionProcessor.processTestDefinition(AbstractJUnitTestDefinitionProcessor.java:65)
  at org.gradle.api.internal.tasks.testing.SuiteTestDefinitionProcessor.processTestDefinition(SuiteTestDefinitionProcessor.java:54)
  at java.base/jdk.internal.reflect.DirectMethodHandleAccessor.invoke(DirectMethodHandleAccessor.java:104)
  at java.base/java.lang.reflect.Method.invoke(Method.java:565)
  at org.gradle.internal.dispatch.MethodInvocation.invokeOn(MethodInvocation.java:77)
  at org.gradle.internal.dispatch.ReflectionDispatch.dispatch(ReflectionDispatch.java:28)
  at org.gradle.internal.dispatch.ReflectionDispatch.dispatch(ReflectionDispatch.java:19)
  at org.gradle.internal.dispatch.ContextClassLoaderDispatch.dispatch(ContextClassLoaderDispatch.java:33)
  at org.gradle.internal.dispatch.ProxyDispatchAdapter$DispatchingInvocationHandler.invoke(ProxyDispatchAdapter.java:88)
  at jdk.proxy1/jdk.proxy1.$Proxy4.processTestDefinition(Unknown Source)
  at org.gradle.api.internal.tasks.testing.worker.TestWorker$2.run(TestWorker.java:178)
  at org.gradle.api.internal.tasks.testing.worker.TestWorker.executeAndMaintainThreadName(TestWorker.java:126)
  at org.gradle.api.internal.tasks.testing.worker.TestWorker.execute(TestWorker.java:103)
  at org.gradle.api.internal.tasks.testing.worker.TestWorker.execute(TestWorker.java:63)
  at org.gradle.process.internal.worker.child.ActionExecutionWorker.execute(ActionExecutionWorker.java:56)
  at org.gradle.process.internal.worker.child.SystemApplicationClassLoaderWorker.call(SystemApplicationClassLoaderWorker.java:122)
  at org.gradle.process.internal.worker.child.SystemApplicationClassLoaderWorker.call(SystemApplicationClassLoaderWorker.java:72)
  at worker.org.gradle.process.internal.worker.GradleWorkerMain.run(GradleWorkerMain.java:69)
  at worker.org.gradle.process.internal.worker.GradleWorkerMain.main(GradleWorkerMain.java:74)
</stacktrace>
</test-failure>


TypeScriptCompilerTests_G[jvm] > genericArgumentCallSigAssignmentCompat_ts has expected errors matching genericArgumentCallSigAssignmentCompat_errors_txt[jvm] FAILED

<test-failure test="com.xemantic.typescript.compiler.TypeScriptCompilerTests_G.getAndSetNotIdenticalType3_ts has expected errors matching getAndSetNotIdenticalType3_errors_txt" platform="jvm">
<message>
--- expected
+++ actual
@@ -1,12 +1,8 @@
 getAndSetNotIdenticalType3.ts(1,14): error TS2564: Property 'foo' has no initializer and is not definitely assigned in the constructor.
 getAndSetNotIdenticalType3.ts(4,5): error TS2564: Property 'data' has no initializer and is not definitely assigned in the constructor.
-getAndSetNotIdenticalType3.ts(9,9): error TS2322: Type 'A<string>' is not assignable to type 'A<number>'.
-  Type 'string' is not assignable to type 'number'.
-getAndSetNotIdenticalType3.ts(15,1): error TS2322: Type 'A<number>' is not assignable to type 'A<string>'.
-  Type 'number' is not assignable to type 'string'.
 
 
-==== getAndSetNotIdenticalType3.ts (4 errors) ====
+==== getAndSetNotIdenticalType3.ts (2 errors) ====
     class A<T> { foo: T; }
                  ~~~
 !!! error TS2564: Property 'foo' has no initializer and is not definitely assigned in the constructor.
@@ -20,15 +16,9 @@
         }
         set x(v: A<string>) {
             this.data = v;
-            ~~~~~~~~~
-!!! error TS2322: Type 'A<string>' is not assignable to type 'A<number>'.
-!!! error TS2322:   Type 'string' is not assignable to type 'number'.
         }
     }
     
     var x = new C();
     var r = x.x;
     x.x = r;
-    ~~~
-!!! error TS2322: Type 'A<number>' is not assignable to type 'A<string>'.
-!!! error TS2322:   Type 'number' is not assignable to type 'string'.

</message>
<stacktrace>
  at org.junit.Assert.fail(Assert.java:89)
  at kotlin.test.junit.JUnitAsserter.fail(JUnitSupport.kt:56)
  at kotlin.test.AssertionsKt__AssertionsKt.fail(Assertions.kt:563)
  at kotlin.test.AssertionsKt.fail(Unknown Source)
  at com.xemantic.kotlin.test.SameAsKt.sameAs(SameAs.kt:52)
  at com.xemantic.typescript.compiler.TypeScriptTestSupportKt.errorsMatchBaseline(TypeScriptTestSupport.kt:135)
  at com.xemantic.typescript.compiler.TypeScriptCompilerTests_G.getAndSetNotIdenticalType3_ts has expected errors matching getAndSetNotIdenticalType3_errors_txt(TypeScriptCompilerTests_G.kt:2184)
  at java.base/jdk.internal.reflect.DirectMethodHandleAccessor.invoke(DirectMethodHandleAccessor.java:104)
  at java.base/java.lang.reflect.Method.invoke(Method.java:565)
  at org.junit.runners.model.FrameworkMethod$1.runReflectiveCall(FrameworkMethod.java:59)
  at org.junit.internal.runners.model.ReflectiveCallable.run(ReflectiveCallable.java:12)
  at org.junit.runners.model.FrameworkMethod.invokeExplosively(FrameworkMethod.java:56)
  at org.junit.internal.runners.statements.InvokeMethod.evaluate(InvokeMethod.java:17)
  at org.junit.runners.ParentRunner$3.evaluate(ParentRunner.java:306)
  at org.junit.runners.BlockJUnit4ClassRunner$1.evaluate(BlockJUnit4ClassRunner.java:100)
  at org.junit.runners.ParentRunner.runLeaf(ParentRunner.java:366)
  at org.junit.runners.BlockJUnit4ClassRunner.runChild(BlockJUnit4ClassRunner.java:103)
  at org.junit.runners.BlockJUnit4ClassRunner.runChild(BlockJUnit4ClassRunner.java:63)
  at org.junit.runners.ParentRunner$4.run(ParentRunner.java:331)
  at org.junit.runners.ParentRunner$1.schedule(ParentRunner.java:79)
  at org.junit.runners.ParentRunner.runChildren(ParentRunner.java:329)
  at org.junit.runners.ParentRunner.access$100(ParentRunner.java:66)
  at org.junit.runners.ParentRunner$2.evaluate(ParentRunner.java:293)
  at org.junit.runners.ParentRunner$3.evaluate(ParentRunner.java:306)
  at org.junit.runners.ParentRunner.run(ParentRunner.java:413)
  at org.junit.runner.JUnitCore.run(JUnitCore.java:137)
  at org.junit.runner.JUnitCore.run(JUnitCore.java:115)
  at org.gradle.api.internal.tasks.testing.junit.JUnitTestExecutor.runRequest(JUnitTestExecutor.java:175)
  at org.gradle.api.internal.tasks.testing.junit.JUnitTestExecutor.accept(JUnitTestExecutor.java:84)
  at org.gradle.api.internal.tasks.testing.junit.JUnitTestExecutor.accept(JUnitTestExecutor.java:47)
  at org.gradle.api.internal.tasks.testing.junit.AbstractJUnitTestDefinitionProcessor.processTestDefinition(AbstractJUnitTestDefinitionProcessor.java:65)
  at org.gradle.api.internal.tasks.testing.SuiteTestDefinitionProcessor.processTestDefinition(SuiteTestDefinitionProcessor.java:54)
  at java.base/jdk.internal.reflect.DirectMethodHandleAccessor.invoke(DirectMethodHandleAccessor.java:104)
  at java.base/java.lang.reflect.Method.invoke(Method.java:565)
  at org.gradle.internal.dispatch.MethodInvocation.invokeOn(MethodInvocation.java:77)
  at org.gradle.internal.dispatch.ReflectionDispatch.dispatch(ReflectionDispatch.java:28)
  at org.gradle.internal.dispatch.ReflectionDispatch.dispatch(ReflectionDispatch.java:19)
  at org.gradle.internal.dispatch.ContextClassLoaderDispatch.dispatch(ContextClassLoaderDispatch.java:33)
  at org.gradle.internal.dispatch.ProxyDispatchAdapter$DispatchingInvocationHandler.invoke(ProxyDispatchAdapter.java:88)
  at jdk.proxy1/jdk.proxy1.$Proxy4.processTestDefinition(Unknown Source)
  at org.gradle.api.internal.tasks.testing.worker.TestWorker$2.run(TestWorker.java:178)
  at org.gradle.api.internal.tasks.testing.worker.TestWorker.executeAndMaintainThreadName(TestWorker.java:126)
  at org.gradle.api.internal.tasks.testing.worker.TestWorker.execute(TestWorker.java:103)
  at org.gradle.api.internal.tasks.testing.worker.TestWorker.execute(TestWorker.java:63)
  at org.gradle.process.internal.worker.child.ActionExecutionWorker.execute(ActionExecutionWorker.java:56)
  at org.gradle.process.internal.worker.child.SystemApplicationClassLoaderWorker.call(SystemApplicationClassLoaderWorker.java:122)
  at org.gradle.process.internal.worker.child.SystemApplicationClassLoaderWorker.call(SystemApplicationClassLoaderWorker.java:72)
  at worker.org.gradle.process.internal.worker.GradleWorkerMain.run(GradleWorkerMain.java:69)
  at worker.org.gradle.process.internal.worker.GradleWorkerMain.main(GradleWorkerMain.java:74)
</stacktrace>
</test-failure>


TypeScriptCompilerTests_G[jvm] > getAndSetNotIdenticalType3_ts has expected errors matching getAndSetNotIdenticalType3_errors_txt[jvm] FAILED

<test-failure test="com.xemantic.typescript.compiler.TypeScriptCompilerTests_G.genericPrototypeProperty3_ts has expected errors matching genericPrototypeProperty3_errors_txt" platform="jvm">
<message>
--- expected
+++ actual
@@ -1,12 +1,10 @@
 genericPrototypeProperty3.ts(2,5): error TS2564: Property 'target' has no initializer and is not definitely assigned in the constructor.
-genericPrototypeProperty3.ts(6,5): error TS2416: Property 'target' in type 'MyEvent<T>' is not assignable to the same property in base type 'BaseEvent'.
-  Type 'T' is not assignable to type '{}'.
 genericPrototypeProperty3.ts(6,5): error TS2564: Property 'target' has no initializer and is not definitely assigned in the constructor.
 genericPrototypeProperty3.ts(9,5): error TS2564: Property 't' has no initializer and is not definitely assigned in the constructor.
 genericPrototypeProperty3.ts(13,5): error TS2564: Property 't' has no initializer and is not definitely assigned in the constructor.
 
 
-==== genericPrototypeProperty3.ts (5 errors) ====
+==== genericPrototypeProperty3.ts (4 errors) ====
     class BaseEvent {
         target: {};
         ~~~~~~
@@ -16,10 +14,6 @@
     class MyEvent<T> extends BaseEvent { // T is instantiated to any in the prototype, which is assignable to {}
         target: T;
         ~~~~~~
-!!! error TS2416: Property 'target' in type 'MyEvent<T>' is not assignable to the same property in base type 'BaseEvent'.
-!!! error TS2416:   Type 'T' is not assignable to type '{}'.
-!!! related TS2208 genericPrototypeProperty3.ts:5:15: This type parameter might need an `extends {}` constraint.
-        ~~~~~~
 !!! error TS2564: Property 'target' has no initializer and is not definitely assigned in the constructor.
     }
     class BaseEventWrapper {

</message>
<stacktrace>
  at org.junit.Assert.fail(Assert.java:89)
  at kotlin.test.junit.JUnitAsserter.fail(JUnitSupport.kt:56)
  at kotlin.test.AssertionsKt__AssertionsKt.fail(Assertions.kt:563)
  at kotlin.test.AssertionsKt.fail(Unknown Source)
  at com.xemantic.kotlin.test.SameAsKt.sameAs(SameAs.kt:52)
  at com.xemantic.typescript.compiler.TypeScriptTestSupportKt.errorsMatchBaseline(TypeScriptTestSupport.kt:135)
  at com.xemantic.typescript.compiler.TypeScriptCompilerTests_G.genericPrototypeProperty3_ts has expected errors matching genericPrototypeProperty3_errors_txt(TypeScriptCompilerTests_G.kt:1449)
  at java.base/jdk.internal.reflect.DirectMethodHandleAccessor.invoke(DirectMethodHandleAccessor.java:104)
  at java.base/java.lang.reflect.Method.invoke(Method.java:565)
  at org.junit.runners.model.FrameworkMethod$1.runReflectiveCall(FrameworkMethod.java:59)
  at org.junit.internal.runners.model.ReflectiveCallable.run(ReflectiveCallable.java:12)
  at org.junit.runners.model.FrameworkMethod.invokeExplosively(FrameworkMethod.java:56)
  at org.junit.internal.runners.statements.InvokeMethod.evaluate(InvokeMethod.java:17)
  at org.junit.runners.ParentRunner$3.evaluate(ParentRunner.java:306)
  at org.junit.runners.BlockJUnit4ClassRunner$1.evaluate(BlockJUnit4ClassRunner.java:100)
  at org.junit.runners.ParentRunner.runLeaf(ParentRunner.java:366)
  at org.junit.runners.BlockJUnit4ClassRunner.runChild(BlockJUnit4ClassRunner.java:103)
  at org.junit.runners.BlockJUnit4ClassRunner.runChild(BlockJUnit4ClassRunner.java:63)
  at org.junit.runners.ParentRunner$4.run(ParentRunner.java:331)
  at org.junit.runners.ParentRunner$1.schedule(ParentRunner.java:79)
  at org.junit.runners.ParentRunner.runChildren(ParentRunner.java:329)
  at org.junit.runners.ParentRunner.access$100(ParentRunner.java:66)
  at org.junit.runners.ParentRunner$2.evaluate(ParentRunner.java:293)
  at org.junit.runners.ParentRunner$3.evaluate(ParentRunner.java:306)
  at org.junit.runners.ParentRunner.run(ParentRunner.java:413)
  at org.junit.runner.JUnitCore.run(JUnitCore.java:137)
  at org.junit.runner.JUnitCore.run(JUnitCore.java:115)
  at org.gradle.api.internal.tasks.testing.junit.JUnitTestExecutor.runRequest(JUnitTestExecutor.java:175)
  at org.gradle.api.internal.tasks.testing.junit.JUnitTestExecutor.accept(JUnitTestExecutor.java:84)
  at org.gradle.api.internal.tasks.testing.junit.JUnitTestExecutor.accept(JUnitTestExecutor.java:47)
  at org.gradle.api.internal.tasks.testing.junit.AbstractJUnitTestDefinitionProcessor.processTestDefinition(AbstractJUnitTestDefinitionProcessor.java:65)
  at org.gradle.api.internal.tasks.testing.SuiteTestDefinitionProcessor.processTestDefinition(SuiteTestDefinitionProcessor.java:54)
  at java.base/jdk.internal.reflect.DirectMethodHandleAccessor.invoke(DirectMethodHandleAccessor.java:104)
  at java.base/java.lang.reflect.Method.invoke(Method.java:565)
  at org.gradle.internal.dispatch.MethodInvocation.invokeOn(MethodInvocation.java:77)
  at org.gradle.internal.dispatch.ReflectionDispatch.dispatch(ReflectionDispatch.java:28)
  at org.gradle.internal.dispatch.ReflectionDispatch.dispatch(ReflectionDispatch.java:19)
  at org.gradle.internal.dispatch.ContextClassLoaderDispatch.dispatch(ContextClassLoaderDispatch.java:33)
  at org.gradle.internal.dispatch.ProxyDispatchAdapter$DispatchingInvocationHandler.invoke(ProxyDispatchAdapter.java:88)
  at jdk.proxy1/jdk.proxy1.$Proxy4.processTestDefinition(Unknown Source)
  at org.gradle.api.internal.tasks.testing.worker.TestWorker$2.run(TestWorker.java:178)
  at org.gradle.api.internal.tasks.testing.worker.TestWorker.executeAndMaintainThreadName(TestWorker.java:126)
  at org.gradle.api.internal.tasks.testing.worker.TestWorker.execute(TestWorker.java:103)
  at org.gradle.api.internal.tasks.testing.worker.TestWorker.execute(TestWorker.java:63)
  at org.gradle.process.internal.worker.child.ActionExecutionWorker.execute(ActionExecutionWorker.java:56)
  at org.gradle.process.internal.worker.child.SystemApplicationClassLoaderWorker.call(SystemApplicationClassLoaderWorker.java:122)
  at org.gradle.process.internal.worker.child.SystemApplicationClassLoaderWorker.call(SystemApplicationClassLoaderWorker.java:72)
  at worker.org.gradle.process.internal.worker.GradleWorkerMain.run(GradleWorkerMain.java:69)
  at worker.org.gradle.process.internal.worker.GradleWorkerMain.main(GradleWorkerMain.java:74)
</stacktrace>
</test-failure>


TypeScriptCompilerTests_G[jvm] > genericPrototypeProperty3_ts has expected errors matching genericPrototypeProperty3_errors_txt[jvm] FAILED

<test-failure test="com.xemantic.typescript.compiler.TypeScriptCompilerTests_G.genericConstraintSatisfaction1_ts has expected errors matching genericConstraintSatisfaction1_errors_txt" platform="jvm">
<message>
--- expected
+++ actual
@@ -1,8 +1,7 @@
 genericConstraintSatisfaction1.ts(7,1): error TS2454: Variable 'x' is used before being assigned.
-genericConstraintSatisfaction1.ts(7,6): error TS2322: Type 'number' is not assignable to type 'string'.
 
 
-==== genericConstraintSatisfaction1.ts (2 errors) ====
+==== genericConstraintSatisfaction1.ts (1 errors) ====
     interface I<S> {
        f: <T extends S>(x: T) => void
     }
@@ -12,6 +11,3 @@
     x.f({s: 1})
     ~
 !!! error TS2454: Variable 'x' is used before being assigned.
-         ~
-!!! error TS2322: Type 'number' is not assignable to type 'string'.
-!!! related TS6500 genericConstraintSatisfaction1.ts:5:11: The expected type comes from property 's' which is declared here on type '{ s: string; }'

</message>
<stacktrace>
  at org.junit.Assert.fail(Assert.java:89)
  at kotlin.test.junit.JUnitAsserter.fail(JUnitSupport.kt:56)
  at kotlin.test.AssertionsKt__AssertionsKt.fail(Assertions.kt:563)
  at kotlin.test.AssertionsKt.fail(Unknown Source)
  at com.xemantic.kotlin.test.SameAsKt.sameAs(SameAs.kt:52)
  at com.xemantic.typescript.compiler.TypeScriptTestSupportKt.errorsMatchBaseline(TypeScriptTestSupport.kt:135)
  at com.xemantic.typescript.compiler.TypeScriptCompilerTests_G.genericConstraintSatisfaction1_ts has expected errors matching genericConstraintSatisfaction1_errors_txt(TypeScriptCompilerTests_G.kt:756)
  at java.base/jdk.internal.reflect.DirectMethodHandleAccessor.invoke(DirectMethodHandleAccessor.java:104)
  at java.base/java.lang.reflect.Method.invoke(Method.java:565)
  at org.junit.runners.model.FrameworkMethod$1.runReflectiveCall(FrameworkMethod.java:59)
  at org.junit.internal.runners.model.ReflectiveCallable.run(ReflectiveCallable.java:12)
  at org.junit.runners.model.FrameworkMethod.invokeExplosively(FrameworkMethod.java:56)
  at org.junit.internal.runners.statements.InvokeMethod.evaluate(InvokeMethod.java:17)
  at org.junit.runners.ParentRunner$3.evaluate(ParentRunner.java:306)
  at org.junit.runners.BlockJUnit4ClassRunner$1.evaluate(BlockJUnit4ClassRunner.java:100)
  at org.junit.runners.ParentRunner.runLeaf(ParentRunner.java:366)
  at org.junit.runners.BlockJUnit4ClassRunner.runChild(BlockJUnit4ClassRunner.java:103)
  at org.junit.runners.BlockJUnit4ClassRunner.runChild(BlockJUnit4ClassRunner.java:63)
  at org.junit.runners.ParentRunner$4.run(ParentRunner.java:331)
  at org.junit.runners.ParentRunner$1.schedule(ParentRunner.java:79)
  at org.junit.runners.ParentRunner.runChildren(ParentRunner.java:329)
  at org.junit.runners.ParentRunner.access$100(ParentRunner.java:66)
  at org.junit.runners.ParentRunner$2.evaluate(ParentRunner.java:293)
  at org.junit.runners.ParentRunner$3.evaluate(ParentRunner.java:306)
  at org.junit.runners.ParentRunner.run(ParentRunner.java:413)
  at org.junit.runner.JUnitCore.run(JUnitCore.java:137)
  at org.junit.runner.JUnitCore.run(JUnitCore.java:115)
  at org.gradle.api.internal.tasks.testing.junit.JUnitTestExecutor.runRequest(JUnitTestExecutor.java:175)
  at org.gradle.api.internal.tasks.testing.junit.JUnitTestExecutor.accept(JUnitTestExecutor.java:84)
  at org.gradle.api.internal.tasks.testing.junit.JUnitTestExecutor.accept(JUnitTestExecutor.java:47)
  at org.gradle.api.internal.tasks.testing.junit.AbstractJUnitTestDefinitionProcessor.processTestDefinition(AbstractJUnitTestDefinitionProcessor.java:65)
  at org.gradle.api.internal.tasks.testing.SuiteTestDefinitionProcessor.processTestDefinition(SuiteTestDefinitionProcessor.java:54)
  at java.base/jdk.internal.reflect.DirectMethodHandleAccessor.invoke(DirectMethodHandleAccessor.java:104)
  at java.base/java.lang.reflect.Method.invoke(Method.java:565)
  at org.gradle.internal.dispatch.MethodInvocation.invokeOn(MethodInvocation.java:77)
  at org.gradle.internal.dispatch.ReflectionDispatch.dispatch(ReflectionDispatch.java:28)
  at org.gradle.internal.dispatch.ReflectionDispatch.dispatch(ReflectionDispatch.java:19)
  at org.gradle.internal.dispatch.ContextClassLoaderDispatch.dispatch(ContextClassLoaderDispatch.java:33)
  at org.gradle.internal.dispatch.ProxyDispatchAdapter$DispatchingInvocationHandler.invoke(ProxyDispatchAdapter.java:88)
  at jdk.proxy1/jdk.proxy1.$Proxy4.processTestDefinition(Unknown Source)
  at org.gradle.api.internal.tasks.testing.worker.TestWorker$2.run(TestWorker.java:178)
  at org.gradle.api.internal.tasks.testing.worker.TestWorker.executeAndMaintainThreadName(TestWorker.java:126)
  at org.gradle.api.internal.tasks.testing.worker.TestWorker.execute(TestWorker.java:103)
  at org.gradle.api.internal.tasks.testing.worker.TestWorker.execute(TestWorker.java:63)
  at org.gradle.process.internal.worker.child.ActionExecutionWorker.execute(ActionExecutionWorker.java:56)
  at org.gradle.process.internal.worker.child.SystemApplicationClassLoaderWorker.call(SystemApplicationClassLoaderWorker.java:122)
  at org.gradle.process.internal.worker.child.SystemApplicationClassLoaderWorker.call(SystemApplicationClassLoaderWorker.java:72)
  at worker.org.gradle.process.internal.worker.GradleWorkerMain.run(GradleWorkerMain.java:69)
  at worker.org.gradle.process.internal.worker.GradleWorkerMain.main(GradleWorkerMain.java:74)
</stacktrace>
</test-failure>


TypeScriptCompilerTests_G[jvm] > genericConstraintSatisfaction1_ts has expected errors matching genericConstraintSatisfaction1_errors_txt[jvm] FAILED

<test-failure test="com.xemantic.typescript.compiler.TypeScriptCompilerTests_G.genericDerivedTypeWithSpecializedBase2_ts has expected errors matching genericDerivedTypeWithSpecializedBase2_errors_txt" platform="jvm">
<message>
--- expected
+++ actual
@@ -1,8 +1,6 @@
 genericDerivedTypeWithSpecializedBase2.ts(2,5): error TS2564: Property 'x' has no initializer and is not definitely assigned in the constructor.
+genericDerivedTypeWithSpecializedBase2.ts(5,22): error TS2344: Type 'string' does not satisfy the constraint '{ ... }'.
 genericDerivedTypeWithSpecializedBase2.ts(6,5): error TS2564: Property 'y' has no initializer and is not definitely assigned in the constructor.
-genericDerivedTypeWithSpecializedBase2.ts(11,1): error TS2322: Type 'B<number>' is not assignable to type 'A<{ length: number; foo: number; }>'.
-  Types of property 'x' are incompatible.
-    Type 'string' is not assignable to type '{ length: number; foo: number; }'.
 
 
 ==== genericDerivedTypeWithSpecializedBase2.ts (3 errors) ====
@@ -13,6 +11,8 @@
     }
     
     class B<U> extends A<string> {
+                         ~~~~~~
+!!! error TS2344: Type 'string' does not satisfy the constraint '{ ... }'.
         y: U;
         ~
 !!! error TS2564: Property 'y' has no initializer and is not definitely assigned in the constructor.
@@ -21,7 +21,3 @@
     declare var x: A<{ length: number; foo: number }>;
     declare var y: B<number>;
     x = y;  // error
-    ~
-!!! error TS2322: Type 'B<number>' is not assignable to type 'A<{ length: number; foo: number; }>'.
-!!! error TS2322:   Types of property 'x' are incompatible.
-!!! error TS2322:     Type 'string' is not assignable to type '{ length: number; foo: number; }'.

</message>
<stacktrace>
  at org.junit.Assert.fail(Assert.java:89)
  at kotlin.test.junit.JUnitAsserter.fail(JUnitSupport.kt:56)
  at kotlin.test.AssertionsKt__AssertionsKt.fail(Assertions.kt:563)
  at kotlin.test.AssertionsKt.fail(Unknown Source)
  at com.xemantic.kotlin.test.SameAsKt.sameAs(SameAs.kt:52)
  at com.xemantic.typescript.compiler.TypeScriptTestSupportKt.errorsMatchBaseline(TypeScriptTestSupport.kt:135)
  at com.xemantic.typescript.compiler.TypeScriptCompilerTests_G.genericDerivedTypeWithSpecializedBase2_ts has expected errors matching genericDerivedTypeWithSpecializedBase2_errors_txt(TypeScriptCompilerTests_G.kt:861)
  at java.base/jdk.internal.reflect.DirectMethodHandleAccessor.invoke(DirectMethodHandleAccessor.java:104)
  at java.base/java.lang.reflect.Method.invoke(Method.java:565)
  at org.junit.runners.model.FrameworkMethod$1.runReflectiveCall(FrameworkMethod.java:59)
  at org.junit.internal.runners.model.ReflectiveCallable.run(ReflectiveCallable.java:12)
  at org.junit.runners.model.FrameworkMethod.invokeExplosively(FrameworkMethod.java:56)
  at org.junit.internal.runners.statements.InvokeMethod.evaluate(InvokeMethod.java:17)
  at org.junit.runners.ParentRunner$3.evaluate(ParentRunner.java:306)
  at org.junit.runners.BlockJUnit4ClassRunner$1.evaluate(BlockJUnit4ClassRunner.java:100)
  at org.junit.runners.ParentRunner.runLeaf(ParentRunner.java:366)
  at org.junit.runners.BlockJUnit4ClassRunner.runChild(BlockJUnit4ClassRunner.java:103)
  at org.junit.runners.BlockJUnit4ClassRunner.runChild(BlockJUnit4ClassRunner.java:63)
  at org.junit.runners.ParentRunner$4.run(ParentRunner.java:331)
  at org.junit.runners.ParentRunner$1.schedule(ParentRunner.java:79)
  at org.junit.runners.ParentRunner.runChildren(ParentRunner.java:329)
  at org.junit.runners.ParentRunner.access$100(ParentRunner.java:66)
  at org.junit.runners.ParentRunner$2.evaluate(ParentRunner.java:293)
  at org.junit.runners.ParentRunner$3.evaluate(ParentRunner.java:306)
  at org.junit.runners.ParentRunner.run(ParentRunner.java:413)
  at org.junit.runner.JUnitCore.run(JUnitCore.java:137)
  at org.junit.runner.JUnitCore.run(JUnitCore.java:115)
  at org.gradle.api.internal.tasks.testing.junit.JUnitTestExecutor.runRequest(JUnitTestExecutor.java:175)
  at org.gradle.api.internal.tasks.testing.junit.JUnitTestExecutor.accept(JUnitTestExecutor.java:84)
  at org.gradle.api.internal.tasks.testing.junit.JUnitTestExecutor.accept(JUnitTestExecutor.java:47)
  at org.gradle.api.internal.tasks.testing.junit.AbstractJUnitTestDefinitionProcessor.processTestDefinition(AbstractJUnitTestDefinitionProcessor.java:65)
  at org.gradle.api.internal.tasks.testing.SuiteTestDefinitionProcessor.processTestDefinition(SuiteTestDefinitionProcessor.java:54)
  at java.base/jdk.internal.reflect.DirectMethodHandleAccessor.invoke(DirectMethodHandleAccessor.java:104)
  at java.base/java.lang.reflect.Method.invoke(Method.java:565)
  at org.gradle.internal.dispatch.MethodInvocation.invokeOn(MethodInvocation.java:77)
  at org.gradle.internal.dispatch.ReflectionDispatch.dispatch(ReflectionDispatch.java:28)
  at org.gradle.internal.dispatch.ReflectionDispatch.dispatch(ReflectionDispatch.java:19)
  at org.gradle.internal.dispatch.ContextClassLoaderDispatch.dispatch(ContextClassLoaderDispatch.java:33)
  at org.gradle.internal.dispatch.ProxyDispatchAdapter$DispatchingInvocationHandler.invoke(ProxyDispatchAdapter.java:88)
  at jdk.proxy1/jdk.proxy1.$Proxy4.processTestDefinition(Unknown Source)
  at org.gradle.api.internal.tasks.testing.worker.TestWorker$2.run(TestWorker.java:178)
  at org.gradle.api.internal.tasks.testing.worker.TestWorker.executeAndMaintainThreadName(TestWorker.java:126)
  at org.gradle.api.internal.tasks.testing.worker.TestWorker.execute(TestWorker.java:103)
  at org.gradle.api.internal.tasks.testing.worker.TestWorker.execute(TestWorker.java:63)
  at org.gradle.process.internal.worker.child.ActionExecutionWorker.execute(ActionExecutionWorker.java:56)
  at org.gradle.process.internal.worker.child.SystemApplicationClassLoaderWorker.call(SystemApplicationClassLoaderWorker.java:122)
  at org.gradle.process.internal.worker.child.SystemApplicationClassLoaderWorker.call(SystemApplicationClassLoaderWorker.java:72)
  at worker.org.gradle.process.internal.worker.GradleWorkerMain.run(GradleWorkerMain.java:69)
  at worker.org.gradle.process.internal.worker.GradleWorkerMain.main(GradleWorkerMain.java:74)
</stacktrace>
</test-failure>


TypeScriptCompilerTests_G[jvm] > genericDerivedTypeWithSpecializedBase2_ts has expected errors matching genericDerivedTypeWithSpecializedBase2_errors_txt[jvm] FAILED

<test-failure test="com.xemantic.typescript.compiler.TypeScriptCompilerTests_G.genericRestArgs_ts has expected errors matching genericRestArgs_errors_txt" platform="jvm">
<message>
Expected diagnostics from baseline typescript-repo/tests/baselines/reference/genericRestArgs.errors.txt but none produced
</message>
<stacktrace>
  at com.xemantic.typescript.compiler.TypeScriptTestSupportKt.errorsMatchBaseline(TypeScriptTestSupport.kt:125)
  at com.xemantic.typescript.compiler.TypeScriptCompilerTests_G.genericRestArgs_ts has expected errors matching genericRestArgs_errors_txt(TypeScriptCompilerTests_G.kt:1519)
  at java.base/jdk.internal.reflect.DirectMethodHandleAccessor.invoke(DirectMethodHandleAccessor.java:104)
  at java.base/java.lang.reflect.Method.invoke(Method.java:565)
  at org.junit.runners.model.FrameworkMethod$1.runReflectiveCall(FrameworkMethod.java:59)
  at org.junit.internal.runners.model.ReflectiveCallable.run(ReflectiveCallable.java:12)
  at org.junit.runners.model.FrameworkMethod.invokeExplosively(FrameworkMethod.java:56)
  at org.junit.internal.runners.statements.InvokeMethod.evaluate(InvokeMethod.java:17)
  at org.junit.runners.ParentRunner$3.evaluate(ParentRunner.java:306)
  at org.junit.runners.BlockJUnit4ClassRunner$1.evaluate(BlockJUnit4ClassRunner.java:100)
  at org.junit.runners.ParentRunner.runLeaf(ParentRunner.java:366)
  at org.junit.runners.BlockJUnit4ClassRunner.runChild(BlockJUnit4ClassRunner.java:103)
  at org.junit.runners.BlockJUnit4ClassRunner.runChild(BlockJUnit4ClassRunner.java:63)
  at org.junit.runners.ParentRunner$4.run(ParentRunner.java:331)
  at org.junit.runners.ParentRunner$1.schedule(ParentRunner.java:79)
  at org.junit.runners.ParentRunner.runChildren(ParentRunner.java:329)
  at org.junit.runners.ParentRunner.access$100(ParentRunner.java:66)
  at org.junit.runners.ParentRunner$2.evaluate(ParentRunner.java:293)
  at org.junit.runners.ParentRunner$3.evaluate(ParentRunner.java:306)
  at org.junit.runners.ParentRunner.run(ParentRunner.java:413)
  at org.junit.runner.JUnitCore.run(JUnitCore.java:137)
  at org.junit.runner.JUnitCore.run(JUnitCore.java:115)
  at org.gradle.api.internal.tasks.testing.junit.JUnitTestExecutor.runRequest(JUnitTestExecutor.java:175)
  at org.gradle.api.internal.tasks.testing.junit.JUnitTestExecutor.accept(JUnitTestExecutor.java:84)
  at org.gradle.api.internal.tasks.testing.junit.JUnitTestExecutor.accept(JUnitTestExecutor.java:47)
  at org.gradle.api.internal.tasks.testing.junit.AbstractJUnitTestDefinitionProcessor.processTestDefinition(AbstractJUnitTestDefinitionProcessor.java:65)
  at org.gradle.api.internal.tasks.testing.SuiteTestDefinitionProcessor.processTestDefinition(SuiteTestDefinitionProcessor.java:54)
  at java.base/jdk.internal.reflect.DirectMethodHandleAccessor.invoke(DirectMethodHandleAccessor.java:104)
  at java.base/java.lang.reflect.Method.invoke(Method.java:565)
  at org.gradle.internal.dispatch.MethodInvocation.invokeOn(MethodInvocation.java:77)
  at org.gradle.internal.dispatch.ReflectionDispatch.dispatch(ReflectionDispatch.java:28)
  at org.gradle.internal.dispatch.ReflectionDispatch.dispatch(ReflectionDispatch.java:19)
  at org.gradle.internal.dispatch.ContextClassLoaderDispatch.dispatch(ContextClassLoaderDispatch.java:33)
  at org.gradle.internal.dispatch.ProxyDispatchAdapter$DispatchingInvocationHandler.invoke(ProxyDispatchAdapter.java:88)
  at jdk.proxy1/jdk.proxy1.$Proxy4.processTestDefinition(Unknown Source)
  at org.gradle.api.internal.tasks.testing.worker.TestWorker$2.run(TestWorker.java:178)
  at org.gradle.api.internal.tasks.testing.worker.TestWorker.executeAndMaintainThreadName(TestWorker.java:126)
  at org.gradle.api.internal.tasks.testing.worker.TestWorker.execute(TestWorker.java:103)
  at org.gradle.api.internal.tasks.testing.worker.TestWorker.execute(TestWorker.java:63)
  at org.gradle.process.internal.worker.child.ActionExecutionWorker.execute(ActionExecutionWorker.java:56)
  at org.gradle.process.internal.worker.child.SystemApplicationClassLoaderWorker.call(SystemApplicationClassLoaderWorker.java:122)
  at org.gradle.process.internal.worker.child.SystemApplicationClassLoaderWorker.call(SystemApplicationClassLoaderWorker.java:72)
  at worker.org.gradle.process.internal.worker.GradleWorkerMain.run(GradleWorkerMain.java:69)
  at worker.org.gradle.process.internal.worker.GradleWorkerMain.main(GradleWorkerMain.java:74)
</stacktrace>
</test-failure>


TypeScriptCompilerTests_G[jvm] > genericRestArgs_ts has expected errors matching genericRestArgs_errors_txt[jvm] FAILED

<test-failure test="com.xemantic.typescript.compiler.TypeScriptCompilerTests_G.genericWithOpenTypeParameters1_ts has expected errors matching genericWithOpenTypeParameters1_errors_txt" platform="jvm">
<message>
--- expected
+++ actual
@@ -1,12 +1,8 @@
 genericWithOpenTypeParameters1.ts(2,19): error TS2322: Type 'null' is not assignable to type 'T'.
   'T' could be instantiated with an arbitrary type which could be unrelated to 'null'.
-genericWithOpenTypeParameters1.ts(7,40): error TS2345: Argument of type 'number' is not assignable to parameter of type 'T'.
-  'T' could be instantiated with an arbitrary type which could be unrelated to 'number'.
-genericWithOpenTypeParameters1.ts(8,41): error TS2558: Expected 0 type arguments, but got 1.
-genericWithOpenTypeParameters1.ts(9,41): error TS2558: Expected 0 type arguments, but got 1.
 
 
-==== genericWithOpenTypeParameters1.ts (4 errors) ====
+==== genericWithOpenTypeParameters1.ts (1 errors) ====
     class B<T> {
        foo(x: T): T { return null; }
                       ~~~~~~
@@ -17,13 +13,6 @@
     declare var x: B<number>;
     x.foo(1); // no error
     var f = <T>(x: B<T>) => { return x.foo(1); } // error
-                                           ~
-!!! error TS2345: Argument of type 'number' is not assignable to parameter of type 'T'.
-!!! error TS2345:   'T' could be instantiated with an arbitrary type which could be unrelated to 'number'.
     var f2 = <T>(x: B<T>) => { return x.foo<T>(1); } // error
-                                            ~
-!!! error TS2558: Expected 0 type arguments, but got 1.
     var f3 = <T>(x: B<T>) => { return x.foo<number>(1); } // error
-                                            ~~~~~~
-!!! error TS2558: Expected 0 type arguments, but got 1.
     var f4 = (x: B<number>) => { return x.foo(1); } // no error

</message>
<stacktrace>
  at org.junit.Assert.fail(Assert.java:89)
  at kotlin.test.junit.JUnitAsserter.fail(JUnitSupport.kt:56)
  at kotlin.test.AssertionsKt__AssertionsKt.fail(Assertions.kt:563)
  at kotlin.test.AssertionsKt.fail(Unknown Source)
  at com.xemantic.kotlin.test.SameAsKt.sameAs(SameAs.kt:52)
  at com.xemantic.typescript.compiler.TypeScriptTestSupportKt.errorsMatchBaseline(TypeScriptTestSupport.kt:135)
  at com.xemantic.typescript.compiler.TypeScriptCompilerTests_G.genericWithOpenTypeParameters1_ts has expected errors matching genericWithOpenTypeParameters1_errors_txt(TypeScriptCompilerTests_G.kt:1981)
  at java.base/jdk.internal.reflect.DirectMethodHandleAccessor.invoke(DirectMethodHandleAccessor.java:104)
  at java.base/java.lang.reflect.Method.invoke(Method.java:565)
  at org.junit.runners.model.FrameworkMethod$1.runReflectiveCall(FrameworkMethod.java:59)
  at org.junit.internal.runners.model.ReflectiveCallable.run(ReflectiveCallable.java:12)
  at org.junit.runners.model.FrameworkMethod.invokeExplosively(FrameworkMethod.java:56)
  at org.junit.internal.runners.statements.InvokeMethod.evaluate(InvokeMethod.java:17)
  at org.junit.runners.ParentRunner$3.evaluate(ParentRunner.java:306)
  at org.junit.runners.BlockJUnit4ClassRunner$1.evaluate(BlockJUnit4ClassRunner.java:100)
  at org.junit.runners.ParentRunner.runLeaf(ParentRunner.java:366)
  at org.junit.runners.BlockJUnit4ClassRunner.runChild(BlockJUnit4ClassRunner.java:103)
  at org.junit.runners.BlockJUnit4ClassRunner.runChild(BlockJUnit4ClassRunner.java:63)
  at org.junit.runners.ParentRunner$4.run(ParentRunner.java:331)
  at org.junit.runners.ParentRunner$1.schedule(ParentRunner.java:79)
  at org.junit.runners.ParentRunner.runChildren(ParentRunner.java:329)
  at org.junit.runners.ParentRunner.access$100(ParentRunner.java:66)
  at org.junit.runners.ParentRunner$2.evaluate(ParentRunner.java:293)
  at org.junit.runners.ParentRunner$3.evaluate(ParentRunner.java:306)
  at org.junit.runners.ParentRunner.run(ParentRunner.java:413)
  at org.junit.runner.JUnitCore.run(JUnitCore.java:137)
  at org.junit.runner.JUnitCore.run(JUnitCore.java:115)
  at org.gradle.api.internal.tasks.testing.junit.JUnitTestExecutor.runRequest(JUnitTestExecutor.java:175)
  at org.gradle.api.internal.tasks.testing.junit.JUnitTestExecutor.accept(JUnitTestExecutor.java:84)
  at org.gradle.api.internal.tasks.testing.junit.JUnitTestExecutor.accept(JUnitTestExecutor.java:47)
  at org.gradle.api.internal.tasks.testing.junit.AbstractJUnitTestDefinitionProcessor.processTestDefinition(AbstractJUnitTestDefinitionProcessor.java:65)
  at org.gradle.api.internal.tasks.testing.SuiteTestDefinitionProcessor.processTestDefinition(SuiteTestDefinitionProcessor.java:54)
  at java.base/jdk.internal.reflect.DirectMethodHandleAccessor.invoke(DirectMethodHandleAccessor.java:104)
  at java.base/java.lang.reflect.Method.invoke(Method.java:565)
  at org.gradle.internal.dispatch.MethodInvocation.invokeOn(MethodInvocation.java:77)
  at org.gradle.internal.dispatch.ReflectionDispatch.dispatch(ReflectionDispatch.java:28)
  at org.gradle.internal.dispatch.ReflectionDispatch.dispatch(ReflectionDispatch.java:19)
  at org.gradle.internal.dispatch.ContextClassLoaderDispatch.dispatch(ContextClassLoaderDispatch.java:33)
  at org.gradle.internal.dispatch.ProxyDispatchAdapter$DispatchingInvocationHandler.invoke(ProxyDispatchAdapter.java:88)
  at jdk.proxy1/jdk.proxy1.$Proxy4.processTestDefinition(Unknown Source)
  at org.gradle.api.internal.tasks.testing.worker.TestWorker$2.run(TestWorker.java:178)
  at org.gradle.api.internal.tasks.testing.worker.TestWorker.executeAndMaintainThreadName(TestWorker.java:126)
  at org.gradle.api.internal.tasks.testing.worker.TestWorker.execute(TestWorker.java:103)
  at org.gradle.api.internal.tasks.testing.worker.TestWorker.execute(TestWorker.java:63)
  at org.gradle.process.internal.worker.child.ActionExecutionWorker.execute(ActionExecutionWorker.java:56)
  at org.gradle.process.internal.worker.child.SystemApplicationClassLoaderWorker.call(SystemApplicationClassLoaderWorker.java:122)
  at org.gradle.process.internal.worker.child.SystemApplicationClassLoaderWorker.call(SystemApplicationClassLoaderWorker.java:72)
  at worker.org.gradle.process.internal.worker.GradleWorkerMain.run(GradleWorkerMain.java:69)
  at worker.org.gradle.process.internal.worker.GradleWorkerMain.main(GradleWorkerMain.java:74)
</stacktrace>
</test-failure>


TypeScriptCompilerTests_G[jvm] > genericWithOpenTypeParameters1_ts has expected errors matching genericWithOpenTypeParameters1_errors_txt[jvm] FAILED

<test-failure test="com.xemantic.typescript.compiler.TypeScriptCompilerTests_G.getAndSetNotIdenticalType2_ts has expected errors matching getAndSetNotIdenticalType2_errors_txt" platform="jvm">
<message>
--- expected
+++ actual
@@ -1,13 +1,8 @@
 getAndSetNotIdenticalType2.ts(1,14): error TS2564: Property 'foo' has no initializer and is not definitely assigned in the constructor.
 getAndSetNotIdenticalType2.ts(4,5): error TS2564: Property 'data' has no initializer and is not definitely assigned in the constructor.
-getAndSetNotIdenticalType2.ts(9,9): error TS2322: Type 'A<string>' is not assignable to type 'A<T>'.
-  Type 'string' is not assignable to type 'T'.
-    'T' could be instantiated with an arbitrary type which could be unrelated to 'string'.
-getAndSetNotIdenticalType2.ts(15,1): error TS2322: Type 'A<unknown>' is not assignable to type 'A<string>'.
-  Type 'unknown' is not assignable to type 'string'.
 
 
-==== getAndSetNotIdenticalType2.ts (4 errors) ====
+==== getAndSetNotIdenticalType2.ts (2 errors) ====
     class A<T> { foo: T; }
                  ~~~
 !!! error TS2564: Property 'foo' has no initializer and is not definitely assigned in the constructor.
@@ -21,16 +16,9 @@
         }
         set x(v: A<string>) {
             this.data = v;
-            ~~~~~~~~~
-!!! error TS2322: Type 'A<string>' is not assignable to type 'A<T>'.
-!!! error TS2322:   Type 'string' is not assignable to type 'T'.
-!!! error TS2322:     'T' could be instantiated with an arbitrary type which could be unrelated to 'string'.
         }
     }
     
     var x = new C();
     var r = x.x;
     x.x = r;
-    ~~~
-!!! error TS2322: Type 'A<unknown>' is not assignable to type 'A<string>'.
-!!! error TS2322:   Type 'unknown' is not assignable to type 'string'.

</message>
<stacktrace>
  at org.junit.Assert.fail(Assert.java:89)
  at kotlin.test.junit.JUnitAsserter.fail(JUnitSupport.kt:56)
  at kotlin.test.AssertionsKt__AssertionsKt.fail(Assertions.kt:563)
  at kotlin.test.AssertionsKt.fail(Unknown Source)
  at com.xemantic.kotlin.test.SameAsKt.sameAs(SameAs.kt:52)
  at com.xemantic.typescript.compiler.TypeScriptTestSupportKt.errorsMatchBaseline(TypeScriptTestSupport.kt:135)
  at com.xemantic.typescript.compiler.TypeScriptCompilerTests_G.getAndSetNotIdenticalType2_ts has expected errors matching getAndSetNotIdenticalType2_errors_txt(TypeScriptCompilerTests_G.kt:2170)
  at java.base/jdk.internal.reflect.DirectMethodHandleAccessor.invoke(DirectMethodHandleAccessor.java:104)
  at java.base/java.lang.reflect.Method.invoke(Method.java:565)
  at org.junit.runners.model.FrameworkMethod$1.runReflectiveCall(FrameworkMethod.java:59)
  at org.junit.internal.runners.model.ReflectiveCallable.run(ReflectiveCallable.java:12)
  at org.junit.runners.model.FrameworkMethod.invokeExplosively(FrameworkMethod.java:56)
  at org.junit.internal.runners.statements.InvokeMethod.evaluate(InvokeMethod.java:17)
  at org.junit.runners.ParentRunner$3.evaluate(ParentRunner.java:306)
  at org.junit.runners.BlockJUnit4ClassRunner$1.evaluate(BlockJUnit4ClassRunner.java:100)
  at org.junit.runners.ParentRunner.runLeaf(ParentRunner.java:366)
  at org.junit.runners.BlockJUnit4ClassRunner.runChild(BlockJUnit4ClassRunner.java:103)
  at org.junit.runners.BlockJUnit4ClassRunner.runChild(BlockJUnit4ClassRunner.java:63)
  at org.junit.runners.ParentRunner$4.run(ParentRunner.java:331)
  at org.junit.runners.ParentRunner$1.schedule(ParentRunner.java:79)
  at org.junit.runners.ParentRunner.runChildren(ParentRunner.java:329)
  at org.junit.runners.ParentRunner.access$100(ParentRunner.java:66)
  at org.junit.runners.ParentRunner$2.evaluate(ParentRunner.java:293)
  at org.junit.runners.ParentRunner$3.evaluate(ParentRunner.java:306)
  at org.junit.runners.ParentRunner.run(ParentRunner.java:413)
  at org.junit.runner.JUnitCore.run(JUnitCore.java:137)
  at org.junit.runner.JUnitCore.run(JUnitCore.java:115)
  at org.gradle.api.internal.tasks.testing.junit.JUnitTestExecutor.runRequest(JUnitTestExecutor.java:175)
  at org.gradle.api.internal.tasks.testing.junit.JUnitTestExecutor.accept(JUnitTestExecutor.java:84)
  at org.gradle.api.internal.tasks.testing.junit.JUnitTestExecutor.accept(JUnitTestExecutor.java:47)
  at org.gradle.api.internal.tasks.testing.junit.AbstractJUnitTestDefinitionProcessor.processTestDefinition(AbstractJUnitTestDefinitionProcessor.java:65)
  at org.gradle.api.internal.tasks.testing.SuiteTestDefinitionProcessor.processTestDefinition(SuiteTestDefinitionProcessor.java:54)
  at java.base/jdk.internal.reflect.DirectMethodHandleAccessor.invoke(DirectMethodHandleAccessor.java:104)
  at java.base/java.lang.reflect.Method.invoke(Method.java:565)
  at org.gradle.internal.dispatch.MethodInvocation.invokeOn(MethodInvocation.java:77)
  at org.gradle.internal.dispatch.ReflectionDispatch.dispatch(ReflectionDispatch.java:28)
  at org.gradle.internal.dispatch.ReflectionDispatch.dispatch(ReflectionDispatch.java:19)
  at org.gradle.internal.dispatch.ContextClassLoaderDispatch.dispatch(ContextClassLoaderDispatch.java:33)
  at org.gradle.internal.dispatch.ProxyDispatchAdapter$DispatchingInvocationHandler.invoke(ProxyDispatchAdapter.java:88)
  at jdk.proxy1/jdk.proxy1.$Proxy4.processTestDefinition(Unknown Source)
  at org.gradle.api.internal.tasks.testing.worker.TestWorker$2.run(TestWorker.java:178)
  at org.gradle.api.internal.tasks.testing.worker.TestWorker.executeAndMaintainThreadName(TestWorker.java:126)
  at org.gradle.api.internal.tasks.testing.worker.TestWorker.execute(TestWorker.java:103)
  at org.gradle.api.internal.tasks.testing.worker.TestWorker.execute(TestWorker.java:63)
  at org.gradle.process.internal.worker.child.ActionExecutionWorker.execute(ActionExecutionWorker.java:56)
  at org.gradle.process.internal.worker.child.SystemApplicationClassLoaderWorker.call(SystemApplicationClassLoaderWorker.java:122)
  at org.gradle.process.internal.worker.child.SystemApplicationClassLoaderWorker.call(SystemApplicationClassLoaderWorker.java:72)
  at worker.org.gradle.process.internal.worker.GradleWorkerMain.run(GradleWorkerMain.java:69)
  at worker.org.gradle.process.internal.worker.GradleWorkerMain.main(GradleWorkerMain.java:74)
</stacktrace>
</test-failure>


TypeScriptCompilerTests_G[jvm] > getAndSetNotIdenticalType2_ts has expected errors matching getAndSetNotIdenticalType2_errors_txt[jvm] FAILED

<test-failure test="com.xemantic.typescript.compiler.TypeScriptCompilerTests_G.genericCloneReturnTypes_ts has expected errors matching genericCloneReturnTypes_errors_txt" platform="jvm">
<message>
--- expected
+++ actual
@@ -1,11 +1,9 @@
 genericCloneReturnTypes.ts(4,12): error TS2564: Property 't' has no initializer and is not definitely assigned in the constructor.
 genericCloneReturnTypes.ts(22,10): error TS2454: Variable 'b' is used before being assigned.
-genericCloneReturnTypes.ts(25,1): error TS2322: Type 'Bar<string>' is not assignable to type 'Bar<number>'.
-  Type 'string' is not assignable to type 'number'.
 genericCloneReturnTypes.ts(25,5): error TS2454: Variable 'b3' is used before being assigned.
 
 
-==== genericCloneReturnTypes.ts (4 errors) ====
+==== genericCloneReturnTypes.ts (3 errors) ====
     class Bar<T> {
     
         public size: number;
@@ -35,8 +33,5 @@
     var b3: Bar<string>;
     b = b2;
     b = b3;
-    ~
-!!! error TS2322: Type 'Bar<string>' is not assignable to type 'Bar<number>'.
-!!! error TS2322:   Type 'string' is not assignable to type 'number'.
         ~~
 !!! error TS2454: Variable 'b3' is used before being assigned.

</message>
<stacktrace>
  at org.junit.Assert.fail(Assert.java:89)
  at kotlin.test.junit.JUnitAsserter.fail(JUnitSupport.kt:56)
  at kotlin.test.AssertionsKt__AssertionsKt.fail(Assertions.kt:563)
  at kotlin.test.AssertionsKt.fail(Unknown Source)
  at com.xemantic.kotlin.test.SameAsKt.sameAs(SameAs.kt:52)
  at com.xemantic.typescript.compiler.TypeScriptTestSupportKt.errorsMatchBaseline(TypeScriptTestSupport.kt:135)
  at com.xemantic.typescript.compiler.TypeScriptCompilerTests_G.genericCloneReturnTypes_ts has expected errors matching genericCloneReturnTypes_errors_txt(TypeScriptCompilerTests_G.kt:637)
  at java.base/jdk.internal.reflect.DirectMethodHandleAccessor.invoke(DirectMethodHandleAccessor.java:104)
  at java.base/java.lang.reflect.Method.invoke(Method.java:565)
  at org.junit.runners.model.FrameworkMethod$1.runReflectiveCall(FrameworkMethod.java:59)
  at org.junit.internal.runners.model.ReflectiveCallable.run(ReflectiveCallable.java:12)
  at org.junit.runners.model.FrameworkMethod.invokeExplosively(FrameworkMethod.java:56)
  at org.junit.internal.runners.statements.InvokeMethod.evaluate(InvokeMethod.java:17)
  at org.junit.runners.ParentRunner$3.evaluate(ParentRunner.java:306)
  at org.junit.runners.BlockJUnit4ClassRunner$1.evaluate(BlockJUnit4ClassRunner.java:100)
  at org.junit.runners.ParentRunner.runLeaf(ParentRunner.java:366)
  at org.junit.runners.BlockJUnit4ClassRunner.runChild(BlockJUnit4ClassRunner.java:103)
  at org.junit.runners.BlockJUnit4ClassRunner.runChild(BlockJUnit4ClassRunner.java:63)
  at org.junit.runners.ParentRunner$4.run(ParentRunner.java:331)
  at org.junit.runners.ParentRunner$1.schedule(ParentRunner.java:79)
  at org.junit.runners.ParentRunner.runChildren(ParentRunner.java:329)
  at org.junit.runners.ParentRunner.access$100(ParentRunner.java:66)
  at org.junit.runners.ParentRunner$2.evaluate(ParentRunner.java:293)
  at org.junit.runners.ParentRunner$3.evaluate(ParentRunner.java:306)
  at org.junit.runners.ParentRunner.run(ParentRunner.java:413)
  at org.junit.runner.JUnitCore.run(JUnitCore.java:137)
  at org.junit.runner.JUnitCore.run(JUnitCore.java:115)
  at org.gradle.api.internal.tasks.testing.junit.JUnitTestExecutor.runRequest(JUnitTestExecutor.java:175)
  at org.gradle.api.internal.tasks.testing.junit.JUnitTestExecutor.accept(JUnitTestExecutor.java:84)
  at org.gradle.api.internal.tasks.testing.junit.JUnitTestExecutor.accept(JUnitTestExecutor.java:47)
  at org.gradle.api.internal.tasks.testing.junit.AbstractJUnitTestDefinitionProcessor.processTestDefinition(AbstractJUnitTestDefinitionProcessor.java:65)
  at org.gradle.api.internal.tasks.testing.SuiteTestDefinitionProcessor.processTestDefinition(SuiteTestDefinitionProcessor.java:54)
  at java.base/jdk.internal.reflect.DirectMethodHandleAccessor.invoke(DirectMethodHandleAccessor.java:104)
  at java.base/java.lang.reflect.Method.invoke(Method.java:565)
  at org.gradle.internal.dispatch.MethodInvocation.invokeOn(MethodInvocation.java:77)
  at org.gradle.internal.dispatch.ReflectionDispatch.dispatch(ReflectionDispatch.java:28)
  at org.gradle.internal.dispatch.ReflectionDispatch.dispatch(ReflectionDispatch.java:19)
  at org.gradle.internal.dispatch.ContextClassLoaderDispatch.dispatch(ContextClassLoaderDispatch.java:33)
  at org.gradle.internal.dispatch.ProxyDispatchAdapter$DispatchingInvocationHandler.invoke(ProxyDispatchAdapter.java:88)
  at jdk.proxy1/jdk.proxy1.$Proxy4.processTestDefinition(Unknown Source)
  at org.gradle.api.internal.tasks.testing.worker.TestWorker$2.run(TestWorker.java:178)
  at org.gradle.api.internal.tasks.testing.worker.TestWorker.executeAndMaintainThreadName(TestWorker.java:126)
  at org.gradle.api.internal.tasks.testing.worker.TestWorker.execute(TestWorker.java:103)
  at org.gradle.api.internal.tasks.testing.worker.TestWorker.execute(TestWorker.java:63)
  at org.gradle.process.internal.worker.child.ActionExecutionWorker.execute(ActionExecutionWorker.java:56)
  at org.gradle.process.internal.worker.child.SystemApplicationClassLoaderWorker.call(SystemApplicationClassLoaderWorker.java:122)
  at org.gradle.process.internal.worker.child.SystemApplicationClassLoaderWorker.call(SystemApplicationClassLoaderWorker.java:72)
  at worker.org.gradle.process.internal.worker.GradleWorkerMain.run(GradleWorkerMain.java:69)
  at worker.org.gradle.process.internal.worker.GradleWorkerMain.main(GradleWorkerMain.java:74)
</stacktrace>
</test-failure>


TypeScriptCompilerTests_G[jvm] > genericCloneReturnTypes_ts has expected errors matching genericCloneReturnTypes_errors_txt[jvm] FAILED

<test-failure test="com.xemantic.typescript.compiler.TypeScriptCompilerTests_G.genericSpecializations1_ts has expected errors matching genericSpecializations1_errors_txt" platform="jvm">
<message>
--- expected
+++ actual
@@ -1,42 +1,22 @@
-genericSpecializations1.ts(6,5): error TS2416: Property 'foo' in type 'IntFooBad' is not assignable to the same property in base type 'IFoo<number>'.
-  Type '(x: string) => string' is not assignable to type '<T>(x: T) => T'.
-    Types of parameters 'x' and 'x' are incompatible.
-      Type 'T' is not assignable to type 'string'.
 genericSpecializations1.ts(6,30): error TS2322: Type 'null' is not assignable to type 'string'.
-genericSpecializations1.ts(10,5): error TS2416: Property 'foo' in type 'StringFoo2' is not assignable to the same property in base type 'IFoo<string>'.
-  Type '(x: string) => string' is not assignable to type '<T>(x: T) => T'.
-    Types of parameters 'x' and 'x' are incompatible.
-      Type 'T' is not assignable to type 'string'.
 genericSpecializations1.ts(10,30): error TS2322: Type 'null' is not assignable to type 'string'.
 genericSpecializations1.ts(14,23): error TS2322: Type 'null' is not assignable to type 'T'.
   'T' could be instantiated with an arbitrary type which could be unrelated to 'null'.
 
 
-==== genericSpecializations1.ts (5 errors) ====
+==== genericSpecializations1.ts (3 errors) ====
     interface IFoo<T> {
         foo<T>(x: T): T; // no error on implementors because IFoo's T is different from foo's T
     }
     
     class IntFooBad implements IFoo<number> {
         foo(x: string): string { return null; }
-        ~~~
-!!! error TS2416: Property 'foo' in type 'IntFooBad' is not assignable to the same property in base type 'IFoo<number>'.
-!!! error TS2416:   Type '(x: string) => string' is not assignable to type '<T>(x: T) => T'.
-!!! error TS2416:     Types of parameters 'x' and 'x' are incompatible.
-!!! error TS2416:       Type 'T' is not assignable to type 'string'.
-!!! related TS2208 genericSpecializations1.ts:2:9: This type parameter might need an `extends string` constraint.
                                  ~~~~~~
 !!! error TS2322: Type 'null' is not assignable to type 'string'.
     }
     
     class StringFoo2 implements IFoo<string> {
         foo(x: string): string { return null; }
-        ~~~
-!!! error TS2416: Property 'foo' in type 'StringFoo2' is not assignable to the same property in base type 'IFoo<string>'.
-!!! error TS2416:   Type '(x: string) => string' is not assignable to type '<T>(x: T) => T'.
-!!! error TS2416:     Types of parameters 'x' and 'x' are incompatible.
-!!! error TS2416:       Type 'T' is not assignable to type 'string'.
-!!! related TS2208 genericSpecializations1.ts:2:9: This type parameter might need an `extends string` constraint.
                                  ~~~~~~
 !!! error TS2322: Type 'null' is not assignable to type 'string'.
     }

</message>
<stacktrace>
  at org.junit.Assert.fail(Assert.java:89)
  at kotlin.test.junit.JUnitAsserter.fail(JUnitSupport.kt:56)
  at kotlin.test.AssertionsKt__AssertionsKt.fail(Assertions.kt:563)
  at kotlin.test.AssertionsKt.fail(Unknown Source)
  at com.xemantic.kotlin.test.SameAsKt.sameAs(SameAs.kt:52)
  at com.xemantic.typescript.compiler.TypeScriptTestSupportKt.errorsMatchBaseline(TypeScriptTestSupport.kt:135)
  at com.xemantic.typescript.compiler.TypeScriptCompilerTests_G.genericSpecializations1_ts has expected errors matching genericSpecializations1_errors_txt(TypeScriptCompilerTests_G.kt:1624)
  at java.base/jdk.internal.reflect.DirectMethodHandleAccessor.invoke(DirectMethodHandleAccessor.java:104)
  at java.base/java.lang.reflect.Method.invoke(Method.java:565)
  at org.junit.runners.model.FrameworkMethod$1.runReflectiveCall(FrameworkMethod.java:59)
  at org.junit.internal.runners.model.ReflectiveCallable.run(ReflectiveCallable.java:12)
  at org.junit.runners.model.FrameworkMethod.invokeExplosively(FrameworkMethod.java:56)
  at org.junit.internal.runners.statements.InvokeMethod.evaluate(InvokeMethod.java:17)
  at org.junit.runners.ParentRunner$3.evaluate(ParentRunner.java:306)
  at org.junit.runners.BlockJUnit4ClassRunner$1.evaluate(BlockJUnit4ClassRunner.java:100)
  at org.junit.runners.ParentRunner.runLeaf(ParentRunner.java:366)
  at org.junit.runners.BlockJUnit4ClassRunner.runChild(BlockJUnit4ClassRunner.java:103)
  at org.junit.runners.BlockJUnit4ClassRunner.runChild(BlockJUnit4ClassRunner.java:63)
  at org.junit.runners.ParentRunner$4.run(ParentRunner.java:331)
  at org.junit.runners.ParentRunner$1.schedule(ParentRunner.java:79)
  at org.junit.runners.ParentRunner.runChildren(ParentRunner.java:329)
  at org.junit.runners.ParentRunner.access$100(ParentRunner.java:66)
  at org.junit.runners.ParentRunner$2.evaluate(ParentRunner.java:293)
  at org.junit.runners.ParentRunner$3.evaluate(ParentRunner.java:306)
  at org.junit.runners.ParentRunner.run(ParentRunner.java:413)
  at org.junit.runner.JUnitCore.run(JUnitCore.java:137)
  at org.junit.runner.JUnitCore.run(JUnitCore.java:115)
  at org.gradle.api.internal.tasks.testing.junit.JUnitTestExecutor.runRequest(JUnitTestExecutor.java:175)
  at org.gradle.api.internal.tasks.testing.junit.JUnitTestExecutor.accept(JUnitTestExecutor.java:84)
  at org.gradle.api.internal.tasks.testing.junit.JUnitTestExecutor.accept(JUnitTestExecutor.java:47)
  at org.gradle.api.internal.tasks.testing.junit.AbstractJUnitTestDefinitionProcessor.processTestDefinition(AbstractJUnitTestDefinitionProcessor.java:65)
  at org.gradle.api.internal.tasks.testing.SuiteTestDefinitionProcessor.processTestDefinition(SuiteTestDefinitionProcessor.java:54)
  at java.base/jdk.internal.reflect.DirectMethodHandleAccessor.invoke(DirectMethodHandleAccessor.java:104)
  at java.base/java.lang.reflect.Method.invoke(Method.java:565)
  at org.gradle.internal.dispatch.MethodInvocation.invokeOn(MethodInvocation.java:77)
  at org.gradle.internal.dispatch.ReflectionDispatch.dispatch(ReflectionDispatch.java:28)
  at org.gradle.internal.dispatch.ReflectionDispatch.dispatch(ReflectionDispatch.java:19)
  at org.gradle.internal.dispatch.ContextClassLoaderDispatch.dispatch(ContextClassLoaderDispatch.java:33)
  at org.gradle.internal.dispatch.ProxyDispatchAdapter$DispatchingInvocationHandler.invoke(ProxyDispatchAdapter.java:88)
  at jdk.proxy1/jdk.proxy1.$Proxy4.processTestDefinition(Unknown Source)
  at org.gradle.api.internal.tasks.testing.worker.TestWorker$2.run(TestWorker.java:178)
  at org.gradle.api.internal.tasks.testing.worker.TestWorker.executeAndMaintainThreadName(TestWorker.java:126)
  at org.gradle.api.internal.tasks.testing.worker.TestWorker.execute(TestWorker.java:103)
  at org.gradle.api.internal.tasks.testing.worker.TestWorker.execute(TestWorker.java:63)
  at org.gradle.process.internal.worker.child.ActionExecutionWorker.execute(ActionExecutionWorker.java:56)
  at org.gradle.process.internal.worker.child.SystemApplicationClassLoaderWorker.call(SystemApplicationClassLoaderWorker.java:122)
  at org.gradle.process.internal.worker.child.SystemApplicationClassLoaderWorker.call(SystemApplicationClassLoaderWorker.java:72)
  at worker.org.gradle.process.internal.worker.GradleWorkerMain.run(GradleWorkerMain.java:69)
  at worker.org.gradle.process.internal.worker.GradleWorkerMain.main(GradleWorkerMain.java:74)
</stacktrace>
</test-failure>


TypeScriptCompilerTests_G[jvm] > genericSpecializations1_ts has expected errors matching genericSpecializations1_errors_txt[jvm] FAILED

<test-failure test="com.xemantic.typescript.compiler.TypeScriptCompilerTests_G.genericFunctionTypedArgumentsAreFixed_ts has expected errors matching genericFunctionTypedArgumentsAreFixed_errors_txt" platform="jvm">
<message>
Expected diagnostics from baseline typescript-repo/tests/baselines/reference/genericFunctionTypedArgumentsAreFixed.errors.txt but none produced
</message>
<stacktrace>
  at com.xemantic.typescript.compiler.TypeScriptTestSupportKt.errorsMatchBaseline(TypeScriptTestSupport.kt:125)
  at com.xemantic.typescript.compiler.TypeScriptCompilerTests_G.genericFunctionTypedArgumentsAreFixed_ts has expected errors matching genericFunctionTypedArgumentsAreFixed_errors_txt(TypeScriptCompilerTests_G.kt:924)
  at java.base/jdk.internal.reflect.DirectMethodHandleAccessor.invoke(DirectMethodHandleAccessor.java:104)
  at java.base/java.lang.reflect.Method.invoke(Method.java:565)
  at org.junit.runners.model.FrameworkMethod$1.runReflectiveCall(FrameworkMethod.java:59)
  at org.junit.internal.runners.model.ReflectiveCallable.run(ReflectiveCallable.java:12)
  at org.junit.runners.model.FrameworkMethod.invokeExplosively(FrameworkMethod.java:56)
  at org.junit.internal.runners.statements.InvokeMethod.evaluate(InvokeMethod.java:17)
  at org.junit.runners.ParentRunner$3.evaluate(ParentRunner.java:306)
  at org.junit.runners.BlockJUnit4ClassRunner$1.evaluate(BlockJUnit4ClassRunner.java:100)
  at org.junit.runners.ParentRunner.runLeaf(ParentRunner.java:366)
  at org.junit.runners.BlockJUnit4ClassRunner.runChild(BlockJUnit4ClassRunner.java:103)
  at org.junit.runners.BlockJUnit4ClassRunner.runChild(BlockJUnit4ClassRunner.java:63)
  at org.junit.runners.ParentRunner$4.run(ParentRunner.java:331)
  at org.junit.runners.ParentRunner$1.schedule(ParentRunner.java:79)
  at org.junit.runners.ParentRunner.runChildren(ParentRunner.java:329)
  at org.junit.runners.ParentRunner.access$100(ParentRunner.java:66)
  at org.junit.runners.ParentRunner$2.evaluate(ParentRunner.java:293)
  at org.junit.runners.ParentRunner$3.evaluate(ParentRunner.java:306)
  at org.junit.runners.ParentRunner.run(ParentRunner.java:413)
  at org.junit.runner.JUnitCore.run(JUnitCore.java:137)
  at org.junit.runner.JUnitCore.run(JUnitCore.java:115)
  at org.gradle.api.internal.tasks.testing.junit.JUnitTestExecutor.runRequest(JUnitTestExecutor.java:175)
  at org.gradle.api.internal.tasks.testing.junit.JUnitTestExecutor.accept(JUnitTestExecutor.java:84)
  at org.gradle.api.internal.tasks.testing.junit.JUnitTestExecutor.accept(JUnitTestExecutor.java:47)
  at org.gradle.api.internal.tasks.testing.junit.AbstractJUnitTestDefinitionProcessor.processTestDefinition(AbstractJUnitTestDefinitionProcessor.java:65)
  at org.gradle.api.internal.tasks.testing.SuiteTestDefinitionProcessor.processTestDefinition(SuiteTestDefinitionProcessor.java:54)
  at java.base/jdk.internal.reflect.DirectMethodHandleAccessor.invoke(DirectMethodHandleAccessor.java:104)
  at java.base/java.lang.reflect.Method.invoke(Method.java:565)
  at org.gradle.internal.dispatch.MethodInvocation.invokeOn(MethodInvocation.java:77)
  at org.gradle.internal.dispatch.ReflectionDispatch.dispatch(ReflectionDispatch.java:28)
  at org.gradle.internal.dispatch.ReflectionDispatch.dispatch(ReflectionDispatch.java:19)
  at org.gradle.internal.dispatch.ContextClassLoaderDispatch.dispatch(ContextClassLoaderDispatch.java:33)
  at org.gradle.internal.dispatch.ProxyDispatchAdapter$DispatchingInvocationHandler.invoke(ProxyDispatchAdapter.java:88)
  at jdk.proxy1/jdk.proxy1.$Proxy4.processTestDefinition(Unknown Source)
  at org.gradle.api.internal.tasks.testing.worker.TestWorker$2.run(TestWorker.java:178)
  at org.gradle.api.internal.tasks.testing.worker.TestWorker.executeAndMaintainThreadName(TestWorker.java:126)
  at org.gradle.api.internal.tasks.testing.worker.TestWorker.execute(TestWorker.java:103)
  at org.gradle.api.internal.tasks.testing.worker.TestWorker.execute(TestWorker.java:63)
  at org.gradle.process.internal.worker.child.ActionExecutionWorker.execute(ActionExecutionWorker.java:56)
  at org.gradle.process.internal.worker.child.SystemApplicationClassLoaderWorker.call(SystemApplicationClassLoaderWorker.java:122)
  at org.gradle.process.internal.worker.child.SystemApplicationClassLoaderWorker.call(SystemApplicationClassLoaderWorker.java:72)
  at worker.org.gradle.process.internal.worker.GradleWorkerMain.run(GradleWorkerMain.java:69)
  at worker.org.gradle.process.internal.worker.GradleWorkerMain.main(GradleWorkerMain.java:74)
</stacktrace>
</test-failure>


TypeScriptCompilerTests_G[jvm] > genericFunctionTypedArgumentsAreFixed_ts has expected errors matching genericFunctionTypedArgumentsAreFixed_errors_txt[jvm] FAILED

<test-failure test="com.xemantic.typescript.compiler.TypeScriptCompilerTests_G.genericAssignmentCompatOfFunctionSignatures1_ts has expected errors matching genericAssignmentCompatOfFunctionSignatures1_errors_txt" platform="jvm">
<message>
Expected diagnostics from baseline typescript-repo/tests/baselines/reference/genericAssignmentCompatOfFunctionSignatures1.errors.txt but none produced
</message>
<stacktrace>
  at com.xemantic.typescript.compiler.TypeScriptTestSupportKt.errorsMatchBaseline(TypeScriptTestSupport.kt:125)
  at com.xemantic.typescript.compiler.TypeScriptCompilerTests_G.genericAssignmentCompatOfFunctionSignatures1_ts has expected errors matching genericAssignmentCompatOfFunctionSignatures1_errors_txt(TypeScriptCompilerTests_G.kt:280)
  at java.base/jdk.internal.reflect.DirectMethodHandleAccessor.invoke(DirectMethodHandleAccessor.java:104)
  at java.base/java.lang.reflect.Method.invoke(Method.java:565)
  at org.junit.runners.model.FrameworkMethod$1.runReflectiveCall(FrameworkMethod.java:59)
  at org.junit.internal.runners.model.ReflectiveCallable.run(ReflectiveCallable.java:12)
  at org.junit.runners.model.FrameworkMethod.invokeExplosively(FrameworkMethod.java:56)
  at org.junit.internal.runners.statements.InvokeMethod.evaluate(InvokeMethod.java:17)
  at org.junit.runners.ParentRunner$3.evaluate(ParentRunner.java:306)
  at org.junit.runners.BlockJUnit4ClassRunner$1.evaluate(BlockJUnit4ClassRunner.java:100)
  at org.junit.runners.ParentRunner.runLeaf(ParentRunner.java:366)
  at org.junit.runners.BlockJUnit4ClassRunner.runChild(BlockJUnit4ClassRunner.java:103)
  at org.junit.runners.BlockJUnit4ClassRunner.runChild(BlockJUnit4ClassRunner.java:63)
  at org.junit.runners.ParentRunner$4.run(ParentRunner.java:331)
  at org.junit.runners.ParentRunner$1.schedule(ParentRunner.java:79)
  at org.junit.runners.ParentRunner.runChildren(ParentRunner.java:329)
  at org.junit.runners.ParentRunner.access$100(ParentRunner.java:66)
  at org.junit.runners.ParentRunner$2.evaluate(ParentRunner.java:293)
  at org.junit.runners.ParentRunner$3.evaluate(ParentRunner.java:306)
  at org.junit.runners.ParentRunner.run(ParentRunner.java:413)
  at org.junit.runner.JUnitCore.run(JUnitCore.java:137)
  at org.junit.runner.JUnitCore.run(JUnitCore.java:115)
  at org.gradle.api.internal.tasks.testing.junit.JUnitTestExecutor.runRequest(JUnitTestExecutor.java:175)
  at org.gradle.api.internal.tasks.testing.junit.JUnitTestExecutor.accept(JUnitTestExecutor.java:84)
  at org.gradle.api.internal.tasks.testing.junit.JUnitTestExecutor.accept(JUnitTestExecutor.java:47)
  at org.gradle.api.internal.tasks.testing.junit.AbstractJUnitTestDefinitionProcessor.processTestDefinition(AbstractJUnitTestDefinitionProcessor.java:65)
  at org.gradle.api.internal.tasks.testing.SuiteTestDefinitionProcessor.processTestDefinition(SuiteTestDefinitionProcessor.java:54)
  at java.base/jdk.internal.reflect.DirectMethodHandleAccessor.invoke(DirectMethodHandleAccessor.java:104)
  at java.base/java.lang.reflect.Method.invoke(Method.java:565)
  at org.gradle.internal.dispatch.MethodInvocation.invokeOn(MethodInvocation.java:77)
  at org.gradle.internal.dispatch.ReflectionDispatch.dispatch(ReflectionDispatch.java:28)
  at org.gradle.internal.dispatch.ReflectionDispatch.dispatch(ReflectionDispatch.java:19)
  at org.gradle.internal.dispatch.ContextClassLoaderDispatch.dispatch(ContextClassLoaderDispatch.java:33)
  at org.gradle.internal.dispatch.ProxyDispatchAdapter$DispatchingInvocationHandler.invoke(ProxyDispatchAdapter.java:88)
  at jdk.proxy1/jdk.proxy1.$Proxy4.processTestDefinition(Unknown Source)
  at org.gradle.api.internal.tasks.testing.worker.TestWorker$2.run(TestWorker.java:178)
  at org.gradle.api.internal.tasks.testing.worker.TestWorker.executeAndMaintainThreadName(TestWorker.java:126)
  at org.gradle.api.internal.tasks.testing.worker.TestWorker.execute(TestWorker.java:103)
  at org.gradle.api.internal.tasks.testing.worker.TestWorker.execute(TestWorker.java:63)
  at org.gradle.process.internal.worker.child.ActionExecutionWorker.execute(ActionExecutionWorker.java:56)
  at org.gradle.process.internal.worker.child.SystemApplicationClassLoaderWorker.call(SystemApplicationClassLoaderWorker.java:122)
  at org.gradle.process.internal.worker.child.SystemApplicationClassLoaderWorker.call(SystemApplicationClassLoaderWorker.java:72)
  at worker.org.gradle.process.internal.worker.GradleWorkerMain.run(GradleWorkerMain.java:69)
  at worker.org.gradle.process.internal.worker.GradleWorkerMain.main(GradleWorkerMain.java:74)
</stacktrace>
</test-failure>


TypeScriptCompilerTests_G[jvm] > genericAssignmentCompatOfFunctionSignatures1_ts has expected errors matching genericAssignmentCompatOfFunctionSignatures1_errors_txt[jvm] FAILED

<test-failure test="com.xemantic.typescript.compiler.TypeScriptCompilerTests_G.genericArrayAssignmentCompatErrors_ts has expected errors matching genericArrayAssignmentCompatErrors_errors_txt" platform="jvm">
<message>
--- expected
+++ actual
@@ -1,14 +1,9 @@
-genericArrayAssignmentCompatErrors.ts(2,19): error TS2351: This expression is not constructable.
-  Type 'never[]' has no construct signatures.
 genericArrayAssignmentCompatErrors.ts(4,22): error TS2314: Generic type 'Array<T>' requires 1 type argument(s).
 
 
-==== genericArrayAssignmentCompatErrors.ts (2 errors) ====
+==== genericArrayAssignmentCompatErrors.ts (1 errors) ====
     var myCars=new Array(); 
     var myCars2 = new [];
-                      ~~
-!!! error TS2351: This expression is not constructable.
-!!! error TS2351:   Type 'never[]' has no construct signatures.
     var myCars3 = new Array({});
     declare var myCars4: Array; // error
                          ~~~~~

</message>
<stacktrace>
  at org.junit.Assert.fail(Assert.java:89)
  at kotlin.test.junit.JUnitAsserter.fail(JUnitSupport.kt:56)
  at kotlin.test.AssertionsKt__AssertionsKt.fail(Assertions.kt:563)
  at kotlin.test.AssertionsKt.fail(Unknown Source)
  at com.xemantic.kotlin.test.SameAsKt.sameAs(SameAs.kt:52)
  at com.xemantic.typescript.compiler.TypeScriptTestSupportKt.errorsMatchBaseline(TypeScriptTestSupport.kt:135)
  at com.xemantic.typescript.compiler.TypeScriptCompilerTests_G.genericArrayAssignmentCompatErrors_ts has expected errors matching genericArrayAssignmentCompatErrors_errors_txt(TypeScriptCompilerTests_G.kt:217)
  at java.base/jdk.internal.reflect.DirectMethodHandleAccessor.invoke(DirectMethodHandleAccessor.java:104)
  at java.base/java.lang.reflect.Method.invoke(Method.java:565)
  at org.junit.runners.model.FrameworkMethod$1.runReflectiveCall(FrameworkMethod.java:59)
  at org.junit.internal.runners.model.ReflectiveCallable.run(ReflectiveCallable.java:12)
  at org.junit.runners.model.FrameworkMethod.invokeExplosively(FrameworkMethod.java:56)
  at org.junit.internal.runners.statements.InvokeMethod.evaluate(InvokeMethod.java:17)
  at org.junit.runners.ParentRunner$3.evaluate(ParentRunner.java:306)
  at org.junit.runners.BlockJUnit4ClassRunner$1.evaluate(BlockJUnit4ClassRunner.java:100)
  at org.junit.runners.ParentRunner.runLeaf(ParentRunner.java:366)
  at org.junit.runners.BlockJUnit4ClassRunner.runChild(BlockJUnit4ClassRunner.java:103)
  at org.junit.runners.BlockJUnit4ClassRunner.runChild(BlockJUnit4ClassRunner.java:63)
  at org.junit.runners.ParentRunner$4.run(ParentRunner.java:331)
  at org.junit.runners.ParentRunner$1.schedule(ParentRunner.java:79)
  at org.junit.runners.ParentRunner.runChildren(ParentRunner.java:329)
  at org.junit.runners.ParentRunner.access$100(ParentRunner.java:66)
  at org.junit.runners.ParentRunner$2.evaluate(ParentRunner.java:293)
  at org.junit.runners.ParentRunner$3.evaluate(ParentRunner.java:306)
  at org.junit.runners.ParentRunner.run(ParentRunner.java:413)
  at org.junit.runner.JUnitCore.run(JUnitCore.java:137)
  at org.junit.runner.JUnitCore.run(JUnitCore.java:115)
  at org.gradle.api.internal.tasks.testing.junit.JUnitTestExecutor.runRequest(JUnitTestExecutor.java:175)
  at org.gradle.api.internal.tasks.testing.junit.JUnitTestExecutor.accept(JUnitTestExecutor.java:84)
  at org.gradle.api.internal.tasks.testing.junit.JUnitTestExecutor.accept(JUnitTestExecutor.java:47)
  at org.gradle.api.internal.tasks.testing.junit.AbstractJUnitTestDefinitionProcessor.processTestDefinition(AbstractJUnitTestDefinitionProcessor.java:65)
  at org.gradle.api.internal.tasks.testing.SuiteTestDefinitionProcessor.processTestDefinition(SuiteTestDefinitionProcessor.java:54)
  at java.base/jdk.internal.reflect.DirectMethodHandleAccessor.invoke(DirectMethodHandleAccessor.java:104)
  at java.base/java.lang.reflect.Method.invoke(Method.java:565)
  at org.gradle.internal.dispatch.MethodInvocation.invokeOn(MethodInvocation.java:77)
  at org.gradle.internal.dispatch.ReflectionDispatch.dispatch(ReflectionDispatch.java:28)
  at org.gradle.internal.dispatch.ReflectionDispatch.dispatch(ReflectionDispatch.java:19)
  at org.gradle.internal.dispatch.ContextClassLoaderDispatch.dispatch(ContextClassLoaderDispatch.java:33)
  at org.gradle.internal.dispatch.ProxyDispatchAdapter$DispatchingInvocationHandler.invoke(ProxyDispatchAdapter.java:88)
  at jdk.proxy1/jdk.proxy1.$Proxy4.processTestDefinition(Unknown Source)
  at org.gradle.api.internal.tasks.testing.worker.TestWorker$2.run(TestWorker.java:178)
  at org.gradle.api.internal.tasks.testing.worker.TestWorker.executeAndMaintainThreadName(TestWorker.java:126)
  at org.gradle.api.internal.tasks.testing.worker.TestWorker.execute(TestWorker.java:103)
  at org.gradle.api.internal.tasks.testing.worker.TestWorker.execute(TestWorker.java:63)
  at org.gradle.process.internal.worker.child.ActionExecutionWorker.execute(ActionExecutionWorker.java:56)
  at org.gradle.process.internal.worker.child.SystemApplicationClassLoaderWorker.call(SystemApplicationClassLoaderWorker.java:122)
  at org.gradle.process.internal.worker.child.SystemApplicationClassLoaderWorker.call(SystemApplicationClassLoaderWorker.java:72)
  at worker.org.gradle.process.internal.worker.GradleWorkerMain.run(GradleWorkerMain.java:69)
  at worker.org.gradle.process.internal.worker.GradleWorkerMain.main(GradleWorkerMain.java:74)
</stacktrace>
</test-failure>


TypeScriptCompilerTests_G[jvm] > genericArrayAssignmentCompatErrors_ts has expected errors matching genericArrayAssignmentCompatErrors_errors_txt[jvm] FAILED

<test-failure test="com.xemantic.typescript.compiler.TypeScriptCompilerTests_G.genericClassWithStaticFactory_ts has expected errors matching genericClassWithStaticFactory_errors_txt" platform="jvm">
<message>
--- expected
+++ actual
@@ -3,13 +3,11 @@
 genericClassWithStaticFactory.ts(45,17): error TS2322: Type 'null' is not assignable to type 'T'.
   'T' could be instantiated with an arbitrary type which could be unrelated to 'null'.
 genericClassWithStaticFactory.ts(69,17): error TS2322: Type 'null' is not assignable to type 'List<T>'.
-genericClassWithStaticFactory.ts(112,52): error TS2345: Argument of type 'null' is not assignable to parameter of type 'T'.
-  'T' could be instantiated with an arbitrary type which could be unrelated to 'null'.
 genericClassWithStaticFactory.ts(127,17): error TS2322: Type 'null' is not assignable to type 'List<T>'.
 genericClassWithStaticFactory.ts(131,17): error TS2322: Type 'null' is not assignable to type 'List<T>'.
 
 
-==== genericClassWithStaticFactory.ts (7 errors) ====
+==== genericClassWithStaticFactory.ts (6 errors) ====
     namespace Editor {
     
         export class List<T> {
@@ -131,9 +129,6 @@
     
             public MakeHead<T>(): List<T> {
                 var entry: List<T> = new List<T>(true, null);
-                                                       ~~~~
-!!! error TS2345: Argument of type 'null' is not assignable to parameter of type 'T'.
-!!! error TS2345:   'T' could be instantiated with an arbitrary type which could be unrelated to 'null'.
                 entry.prev = entry;
                 entry.next = entry;
                 return entry;

</message>
<stacktrace>
  at org.junit.Assert.fail(Assert.java:89)
  at kotlin.test.junit.JUnitAsserter.fail(JUnitSupport.kt:56)
  at kotlin.test.AssertionsKt__AssertionsKt.fail(Assertions.kt:563)
  at kotlin.test.AssertionsKt.fail(Unknown Source)
  at com.xemantic.kotlin.test.SameAsKt.sameAs(SameAs.kt:52)
  at com.xemantic.typescript.compiler.TypeScriptTestSupportKt.errorsMatchBaseline(TypeScriptTestSupport.kt:135)
  at com.xemantic.typescript.compiler.TypeScriptCompilerTests_G.genericClassWithStaticFactory_ts has expected errors matching genericClassWithStaticFactory_errors_txt(TypeScriptCompilerTests_G.kt:483)
  at java.base/jdk.internal.reflect.DirectMethodHandleAccessor.invoke(DirectMethodHandleAccessor.java:104)
  at java.base/java.lang.reflect.Method.invoke(Method.java:565)
  at org.junit.runners.model.FrameworkMethod$1.runReflectiveCall(FrameworkMethod.java:59)
  at org.junit.internal.runners.model.ReflectiveCallable.run(ReflectiveCallable.java:12)
  at org.junit.runners.model.FrameworkMethod.invokeExplosively(FrameworkMethod.java:56)
  at org.junit.internal.runners.statements.InvokeMethod.evaluate(InvokeMethod.java:17)
  at org.junit.runners.ParentRunner$3.evaluate(ParentRunner.java:306)
  at org.junit.runners.BlockJUnit4ClassRunner$1.evaluate(BlockJUnit4ClassRunner.java:100)
  at org.junit.runners.ParentRunner.runLeaf(ParentRunner.java:366)
  at org.junit.runners.BlockJUnit4ClassRunner.runChild(BlockJUnit4ClassRunner.java:103)
  at org.junit.runners.BlockJUnit4ClassRunner.runChild(BlockJUnit4ClassRunner.java:63)
  at org.junit.runners.ParentRunner$4.run(ParentRunner.java:331)
  at org.junit.runners.ParentRunner$1.schedule(ParentRunner.java:79)
  at org.junit.runners.ParentRunner.runChildren(ParentRunner.java:329)
  at org.junit.runners.ParentRunner.access$100(ParentRunner.java:66)
  at org.junit.runners.ParentRunner$2.evaluate(ParentRunner.java:293)
  at org.junit.runners.ParentRunner$3.evaluate(ParentRunner.java:306)
  at org.junit.runners.ParentRunner.run(ParentRunner.java:413)
  at org.junit.runner.JUnitCore.run(JUnitCore.java:137)
  at org.junit.runner.JUnitCore.run(JUnitCore.java:115)
  at org.gradle.api.internal.tasks.testing.junit.JUnitTestExecutor.runRequest(JUnitTestExecutor.java:175)
  at org.gradle.api.internal.tasks.testing.junit.JUnitTestExecutor.accept(JUnitTestExecutor.java:84)
  at org.gradle.api.internal.tasks.testing.junit.JUnitTestExecutor.accept(JUnitTestExecutor.java:47)
  at org.gradle.api.internal.tasks.testing.junit.AbstractJUnitTestDefinitionProcessor.processTestDefinition(AbstractJUnitTestDefinitionProcessor.java:65)
  at org.gradle.api.internal.tasks.testing.SuiteTestDefinitionProcessor.processTestDefinition(SuiteTestDefinitionProcessor.java:54)
  at java.base/jdk.internal.reflect.DirectMethodHandleAccessor.invoke(DirectMethodHandleAccessor.java:104)
  at java.base/java.lang.reflect.Method.invoke(Method.java:565)
  at org.gradle.internal.dispatch.MethodInvocation.invokeOn(MethodInvocation.java:77)
  at org.gradle.internal.dispatch.ReflectionDispatch.dispatch(ReflectionDispatch.java:28)
  at org.gradle.internal.dispatch.ReflectionDispatch.dispatch(ReflectionDispatch.java:19)
  at org.gradle.internal.dispatch.ContextClassLoaderDispatch.dispatch(ContextClassLoaderDispatch.java:33)
  at org.gradle.internal.dispatch.ProxyDispatchAdapter$DispatchingInvocationHandler.invoke(ProxyDispatchAdapter.java:88)
  at jdk.proxy1/jdk.proxy1.$Proxy4.processTestDefinition(Unknown Source)
  at org.gradle.api.internal.tasks.testing.worker.TestWorker$2.run(TestWorker.java:178)
  at org.gradle.api.internal.tasks.testing.worker.TestWorker.executeAndMaintainThreadName(TestWorker.java:126)
  at org.gradle.api.internal.tasks.testing.worker.TestWorker.execute(TestWorker.java:103)
  at org.gradle.api.internal.tasks.testing.worker.TestWorker.execute(TestWorker.java:63)
  at org.gradle.process.internal.worker.child.ActionExecutionWorker.execute(ActionExecutionWorker.java:56)
  at org.gradle.process.internal.worker.child.SystemApplicationClassLoaderWorker.call(SystemApplicationClassLoaderWorker.java:122)
  at org.gradle.process.internal.worker.child.SystemApplicationClassLoaderWorker.call(SystemApplicationClassLoaderWorker.java:72)
  at worker.org.gradle.process.internal.worker.GradleWorkerMain.run(GradleWorkerMain.java:69)
  at worker.org.gradle.process.internal.worker.GradleWorkerMain.main(GradleWorkerMain.java:74)
</stacktrace>
</test-failure>


TypeScriptCompilerTests_G[jvm] > genericClassWithStaticFactory_ts has expected errors matching genericClassWithStaticFactory_errors_txt[jvm] FAILED

<test-failure test="com.xemantic.typescript.compiler.TypeScriptCompilerTests_G.genericCombinators2_ts has expected errors matching genericCombinators2_errors_txt" platform="jvm">
<message>
Expected diagnostics from baseline typescript-repo/tests/baselines/reference/genericCombinators2.errors.txt but none produced
</message>
<stacktrace>
  at com.xemantic.typescript.compiler.TypeScriptTestSupportKt.errorsMatchBaseline(TypeScriptTestSupport.kt:125)
  at com.xemantic.typescript.compiler.TypeScriptCompilerTests_G.genericCombinators2_ts has expected errors matching genericCombinators2_errors_txt(TypeScriptCompilerTests_G.kt:665)
  at java.base/jdk.internal.reflect.DirectMethodHandleAccessor.invoke(DirectMethodHandleAccessor.java:104)
  at java.base/java.lang.reflect.Method.invoke(Method.java:565)
  at org.junit.runners.model.FrameworkMethod$1.runReflectiveCall(FrameworkMethod.java:59)
  at org.junit.internal.runners.model.ReflectiveCallable.run(ReflectiveCallable.java:12)
  at org.junit.runners.model.FrameworkMethod.invokeExplosively(FrameworkMethod.java:56)
  at org.junit.internal.runners.statements.InvokeMethod.evaluate(InvokeMethod.java:17)
  at org.junit.runners.ParentRunner$3.evaluate(ParentRunner.java:306)
  at org.junit.runners.BlockJUnit4ClassRunner$1.evaluate(BlockJUnit4ClassRunner.java:100)
  at org.junit.runners.ParentRunner.runLeaf(ParentRunner.java:366)
  at org.junit.runners.BlockJUnit4ClassRunner.runChild(BlockJUnit4ClassRunner.java:103)
  at org.junit.runners.BlockJUnit4ClassRunner.runChild(BlockJUnit4ClassRunner.java:63)
  at org.junit.runners.ParentRunner$4.run(ParentRunner.java:331)
  at org.junit.runners.ParentRunner$1.schedule(ParentRunner.java:79)
  at org.junit.runners.ParentRunner.runChildren(ParentRunner.java:329)
  at org.junit.runners.ParentRunner.access$100(ParentRunner.java:66)
  at org.junit.runners.ParentRunner$2.evaluate(ParentRunner.java:293)
  at org.junit.runners.ParentRunner$3.evaluate(ParentRunner.java:306)
  at org.junit.runners.ParentRunner.run(ParentRunner.java:413)
  at org.junit.runner.JUnitCore.run(JUnitCore.java:137)
  at org.junit.runner.JUnitCore.run(JUnitCore.java:115)
  at org.gradle.api.internal.tasks.testing.junit.JUnitTestExecutor.runRequest(JUnitTestExecutor.java:175)
  at org.gradle.api.internal.tasks.testing.junit.JUnitTestExecutor.accept(JUnitTestExecutor.java:84)
  at org.gradle.api.internal.tasks.testing.junit.JUnitTestExecutor.accept(JUnitTestExecutor.java:47)
  at org.gradle.api.internal.tasks.testing.junit.AbstractJUnitTestDefinitionProcessor.processTestDefinition(AbstractJUnitTestDefinitionProcessor.java:65)
  at org.gradle.api.internal.tasks.testing.SuiteTestDefinitionProcessor.processTestDefinition(SuiteTestDefinitionProcessor.java:54)
  at java.base/jdk.internal.reflect.DirectMethodHandleAccessor.invoke(DirectMethodHandleAccessor.java:104)
  at java.base/java.lang.reflect.Method.invoke(Method.java:565)
  at org.gradle.internal.dispatch.MethodInvocation.invokeOn(MethodInvocation.java:77)
  at org.gradle.internal.dispatch.ReflectionDispatch.dispatch(ReflectionDispatch.java:28)
  at org.gradle.internal.dispatch.ReflectionDispatch.dispatch(ReflectionDispatch.java:19)
  at org.gradle.internal.dispatch.ContextClassLoaderDispatch.dispatch(ContextClassLoaderDispatch.java:33)
  at org.gradle.internal.dispatch.ProxyDispatchAdapter$DispatchingInvocationHandler.invoke(ProxyDispatchAdapter.java:88)
  at jdk.proxy1/jdk.proxy1.$Proxy4.processTestDefinition(Unknown Source)
  at org.gradle.api.internal.tasks.testing.worker.TestWorker$2.run(TestWorker.java:178)
  at org.gradle.api.internal.tasks.testing.worker.TestWorker.executeAndMaintainThreadName(TestWorker.java:126)
  at org.gradle.api.internal.tasks.testing.worker.TestWorker.execute(TestWorker.java:103)
  at org.gradle.api.internal.tasks.testing.worker.TestWorker.execute(TestWorker.java:63)
  at org.gradle.process.internal.worker.child.ActionExecutionWorker.execute(ActionExecutionWorker.java:56)
  at org.gradle.process.internal.worker.child.SystemApplicationClassLoaderWorker.call(SystemApplicationClassLoaderWorker.java:122)
  at org.gradle.process.internal.worker.child.SystemApplicationClassLoaderWorker.call(SystemApplicationClassLoaderWorker.java:72)
  at worker.org.gradle.process.internal.worker.GradleWorkerMain.run(GradleWorkerMain.java:69)
  at worker.org.gradle.process.internal.worker.GradleWorkerMain.main(GradleWorkerMain.java:74)
</stacktrace>
</test-failure>


TypeScriptCompilerTests_G[jvm] > genericCombinators2_ts has expected errors matching genericCombinators2_errors_txt[jvm] FAILED

<test-failure test="com.xemantic.typescript.compiler.TypeScriptCompilerTests_G.genericOfACloduleType2_ts has expected errors matching genericOfACloduleType2_errors_txt" platform="jvm">
<message>
Expected diagnostics from baseline typescript-repo/tests/baselines/reference/genericOfACloduleType2.errors.txt but none produced
</message>
<stacktrace>
  at com.xemantic.typescript.compiler.TypeScriptTestSupportKt.errorsMatchBaseline(TypeScriptTestSupport.kt:125)
  at com.xemantic.typescript.compiler.TypeScriptCompilerTests_G.genericOfACloduleType2_ts has expected errors matching genericOfACloduleType2_errors_txt(TypeScriptCompilerTests_G.kt:1393)
  at java.base/jdk.internal.reflect.DirectMethodHandleAccessor.invoke(DirectMethodHandleAccessor.java:104)
  at java.base/java.lang.reflect.Method.invoke(Method.java:565)
  at org.junit.runners.model.FrameworkMethod$1.runReflectiveCall(FrameworkMethod.java:59)
  at org.junit.internal.runners.model.ReflectiveCallable.run(ReflectiveCallable.java:12)
  at org.junit.runners.model.FrameworkMethod.invokeExplosively(FrameworkMethod.java:56)
  at org.junit.internal.runners.statements.InvokeMethod.evaluate(InvokeMethod.java:17)
  at org.junit.runners.ParentRunner$3.evaluate(ParentRunner.java:306)
  at org.junit.runners.BlockJUnit4ClassRunner$1.evaluate(BlockJUnit4ClassRunner.java:100)
  at org.junit.runners.ParentRunner.runLeaf(ParentRunner.java:366)
  at org.junit.runners.BlockJUnit4ClassRunner.runChild(BlockJUnit4ClassRunner.java:103)
  at org.junit.runners.BlockJUnit4ClassRunner.runChild(BlockJUnit4ClassRunner.java:63)
  at org.junit.runners.ParentRunner$4.run(ParentRunner.java:331)
  at org.junit.runners.ParentRunner$1.schedule(ParentRunner.java:79)
  at org.junit.runners.ParentRunner.runChildren(ParentRunner.java:329)
  at org.junit.runners.ParentRunner.access$100(ParentRunner.java:66)
  at org.junit.runners.ParentRunner$2.evaluate(ParentRunner.java:293)
  at org.junit.runners.ParentRunner$3.evaluate(ParentRunner.java:306)
  at org.junit.runners.ParentRunner.run(ParentRunner.java:413)
  at org.junit.runner.JUnitCore.run(JUnitCore.java:137)
  at org.junit.runner.JUnitCore.run(JUnitCore.java:115)
  at org.gradle.api.internal.tasks.testing.junit.JUnitTestExecutor.runRequest(JUnitTestExecutor.java:175)
  at org.gradle.api.internal.tasks.testing.junit.JUnitTestExecutor.accept(JUnitTestExecutor.java:84)
  at org.gradle.api.internal.tasks.testing.junit.JUnitTestExecutor.accept(JUnitTestExecutor.java:47)
  at org.gradle.api.internal.tasks.testing.junit.AbstractJUnitTestDefinitionProcessor.processTestDefinition(AbstractJUnitTestDefinitionProcessor.java:65)
  at org.gradle.api.internal.tasks.testing.SuiteTestDefinitionProcessor.processTestDefinition(SuiteTestDefinitionProcessor.java:54)
  at java.base/jdk.internal.reflect.DirectMethodHandleAccessor.invoke(DirectMethodHandleAccessor.java:104)
  at java.base/java.lang.reflect.Method.invoke(Method.java:565)
  at org.gradle.internal.dispatch.MethodInvocation.invokeOn(MethodInvocation.java:77)
  at org.gradle.internal.dispatch.ReflectionDispatch.dispatch(ReflectionDispatch.java:28)
  at org.gradle.internal.dispatch.ReflectionDispatch.dispatch(ReflectionDispatch.java:19)
  at org.gradle.internal.dispatch.ContextClassLoaderDispatch.dispatch(ContextClassLoaderDispatch.java:33)
  at org.gradle.internal.dispatch.ProxyDispatchAdapter$DispatchingInvocationHandler.invoke(ProxyDispatchAdapter.java:88)
  at jdk.proxy1/jdk.proxy1.$Proxy4.processTestDefinition(Unknown Source)
  at org.gradle.api.internal.tasks.testing.worker.TestWorker$2.run(TestWorker.java:178)
  at org.gradle.api.internal.tasks.testing.worker.TestWorker.executeAndMaintainThreadName(TestWorker.java:126)
  at org.gradle.api.internal.tasks.testing.worker.TestWorker.execute(TestWorker.java:103)
  at org.gradle.api.internal.tasks.testing.worker.TestWorker.execute(TestWorker.java:63)
  at org.gradle.process.internal.worker.child.ActionExecutionWorker.execute(ActionExecutionWorker.java:56)
  at org.gradle.process.internal.worker.child.SystemApplicationClassLoaderWorker.call(SystemApplicationClassLoaderWorker.java:122)
  at org.gradle.process.internal.worker.child.SystemApplicationClassLoaderWorker.call(SystemApplicationClassLoaderWorker.java:72)
  at worker.org.gradle.process.internal.worker.GradleWorkerMain.run(GradleWorkerMain.java:69)
  at worker.org.gradle.process.internal.worker.GradleWorkerMain.main(GradleWorkerMain.java:74)
</stacktrace>
</test-failure>


TypeScriptCompilerTests_G[jvm] > genericOfACloduleType2_ts has expected errors matching genericOfACloduleType2_errors_txt[jvm] FAILED

<test-failure test="com.xemantic.typescript.compiler.TypeScriptCompilerTests_G.genericFunctionCallSignatureReturnTypeMismatch_ts has expected errors matching genericFunctionCallSignatureReturnTypeMismatch_errors_txt" platform="jvm">
<message>
Expected diagnostics from baseline typescript-repo/tests/baselines/reference/genericFunctionCallSignatureReturnTypeMismatch.errors.txt but none produced
</message>
<stacktrace>
  at com.xemantic.typescript.compiler.TypeScriptTestSupportKt.errorsMatchBaseline(TypeScriptTestSupport.kt:125)
  at com.xemantic.typescript.compiler.TypeScriptCompilerTests_G.genericFunctionCallSignatureReturnTypeMismatch_ts has expected errors matching genericFunctionCallSignatureReturnTypeMismatch_errors_txt(TypeScriptCompilerTests_G.kt:875)
  at java.base/jdk.internal.reflect.DirectMethodHandleAccessor.invoke(DirectMethodHandleAccessor.java:104)
  at java.base/java.lang.reflect.Method.invoke(Method.java:565)
  at org.junit.runners.model.FrameworkMethod$1.runReflectiveCall(FrameworkMethod.java:59)
  at org.junit.internal.runners.model.ReflectiveCallable.run(ReflectiveCallable.java:12)
  at org.junit.runners.model.FrameworkMethod.invokeExplosively(FrameworkMethod.java:56)
  at org.junit.internal.runners.statements.InvokeMethod.evaluate(InvokeMethod.java:17)
  at org.junit.runners.ParentRunner$3.evaluate(ParentRunner.java:306)
  at org.junit.runners.BlockJUnit4ClassRunner$1.evaluate(BlockJUnit4ClassRunner.java:100)
  at org.junit.runners.ParentRunner.runLeaf(ParentRunner.java:366)
  at org.junit.runners.BlockJUnit4ClassRunner.runChild(BlockJUnit4ClassRunner.java:103)
  at org.junit.runners.BlockJUnit4ClassRunner.runChild(BlockJUnit4ClassRunner.java:63)
  at org.junit.runners.ParentRunner$4.run(ParentRunner.java:331)
  at org.junit.runners.ParentRunner$1.schedule(ParentRunner.java:79)
  at org.junit.runners.ParentRunner.runChildren(ParentRunner.java:329)
  at org.junit.runners.ParentRunner.access$100(ParentRunner.java:66)
  at org.junit.runners.ParentRunner$2.evaluate(ParentRunner.java:293)
  at org.junit.runners.ParentRunner$3.evaluate(ParentRunner.java:306)
  at org.junit.runners.ParentRunner.run(ParentRunner.java:413)
  at org.junit.runner.JUnitCore.run(JUnitCore.java:137)
  at org.junit.runner.JUnitCore.run(JUnitCore.java:115)
  at org.gradle.api.internal.tasks.testing.junit.JUnitTestExecutor.runRequest(JUnitTestExecutor.java:175)
  at org.gradle.api.internal.tasks.testing.junit.JUnitTestExecutor.accept(JUnitTestExecutor.java:84)
  at org.gradle.api.internal.tasks.testing.junit.JUnitTestExecutor.accept(JUnitTestExecutor.java:47)
  at org.gradle.api.internal.tasks.testing.junit.AbstractJUnitTestDefinitionProcessor.processTestDefinition(AbstractJUnitTestDefinitionProcessor.java:65)
  at org.gradle.api.internal.tasks.testing.SuiteTestDefinitionProcessor.processTestDefinition(SuiteTestDefinitionProcessor.java:54)
  at java.base/jdk.internal.reflect.DirectMethodHandleAccessor.invoke(DirectMethodHandleAccessor.java:104)
  at java.base/java.lang.reflect.Method.invoke(Method.java:565)
  at org.gradle.internal.dispatch.MethodInvocation.invokeOn(MethodInvocation.java:77)
  at org.gradle.internal.dispatch.ReflectionDispatch.dispatch(ReflectionDispatch.java:28)
  at org.gradle.internal.dispatch.ReflectionDispatch.dispatch(ReflectionDispatch.java:19)
  at org.gradle.internal.dispatch.ContextClassLoaderDispatch.dispatch(ContextClassLoaderDispatch.java:33)
  at org.gradle.internal.dispatch.ProxyDispatchAdapter$DispatchingInvocationHandler.invoke(ProxyDispatchAdapter.java:88)
  at jdk.proxy1/jdk.proxy1.$Proxy4.processTestDefinition(Unknown Source)
  at org.gradle.api.internal.tasks.testing.worker.TestWorker$2.run(TestWorker.java:178)
  at org.gradle.api.internal.tasks.testing.worker.TestWorker.executeAndMaintainThreadName(TestWorker.java:126)
  at org.gradle.api.internal.tasks.testing.worker.TestWorker.execute(TestWorker.java:103)
  at org.gradle.api.internal.tasks.testing.worker.TestWorker.execute(TestWorker.java:63)
  at org.gradle.process.internal.worker.child.ActionExecutionWorker.execute(ActionExecutionWorker.java:56)
  at org.gradle.process.internal.worker.child.SystemApplicationClassLoaderWorker.call(SystemApplicationClassLoaderWorker.java:122)
  at org.gradle.process.internal.worker.child.SystemApplicationClassLoaderWorker.call(SystemApplicationClassLoaderWorker.java:72)
  at worker.org.gradle.process.internal.worker.GradleWorkerMain.run(GradleWorkerMain.java:69)
  at worker.org.gradle.process.internal.worker.GradleWorkerMain.main(GradleWorkerMain.java:74)
</stacktrace>
</test-failure>


TypeScriptCompilerTests_G[jvm] > genericFunctionCallSignatureReturnTypeMismatch_ts has expected errors matching genericFunctionCallSignatureReturnTypeMismatch_errors_txt[jvm] FAILED

<test-failure test="com.xemantic.typescript.compiler.TypeScriptCompilerTests_G.genericDefaults_ts has expected errors matching genericDefaults_errors_txt" platform="jvm">
<message>
--- expected
+++ actual
@@ -1,17 +1,12 @@
-genericDefaults.ts(44,26): error TS2744: Type parameter defaults can only reference previously declared type parameters.
-genericDefaults.ts(237,26): error TS2744: Type parameter defaults can only reference previously declared type parameters.
-genericDefaults.ts(254,29): error TS2744: Type parameter defaults can only reference previously declared type parameters.
-genericDefaults.ts(277,26): error TS2744: Type parameter defaults can only reference previously declared type parameters.
-genericDefaults.ts(292,29): error TS2744: Type parameter defaults can only reference previously declared type parameters.
-genericDefaults.ts(314,26): error TS2744: Type parameter defaults can only reference previously declared type parameters.
-genericDefaults.ts(332,29): error TS2744: Type parameter defaults can only reference previously declared type parameters.
-genericDefaults.ts(357,26): error TS2744: Type parameter defaults can only reference previously declared type parameters.
-genericDefaults.ts(375,29): error TS2744: Type parameter defaults can only reference previously declared type parameters.
-genericDefaults.ts(423,19): error TS2744: Type parameter defaults can only reference previously declared type parameters.
-genericDefaults.ts(427,19): error TS2744: Type parameter defaults can only reference previously declared type parameters.
+genericDefaults.ts(418,11): error TS2428: All declarations of 'i04' must have identical type parameters.
+genericDefaults.ts(419,11): error TS2428: All declarations of 'i04' must have identical type parameters.
+genericDefaults.ts(420,11): error TS2428: All declarations of 'i04' must have identical type parameters.
+genericDefaults.ts(421,11): error TS2428: All declarations of 'i04' must have identical type parameters.
+genericDefaults.ts(432,11): error TS2428: All declarations of 'i07' must have identical type parameters.
+genericDefaults.ts(433,11): error TS2428: All declarations of 'i07' must have identical type parameters.
 
 
-==== genericDefaults.ts (11 errors) ====
+==== genericDefaults.ts (6 errors) ====
     interface A { a: number; }
     interface B { b: number; }
     interface C { c: number; }
@@ -56,8 +51,6 @@
     
     // function with a type parameter with a default that refers to itself
     declare function f03<T = T>(a?: T): T;
-                             ~
-!!! error TS2744: Type parameter defaults can only reference previously declared type parameters.
     // inference
     f03();
     f03(a);
@@ -251,8 +244,6 @@
     
     // function with a type parameter with a default that refers to a later type parameter with a default
     declare function f13<T = U, U = B>(a?: T, b?: U): [T, U];
-                             ~
-!!! error TS2744: Type parameter defaults can only reference previously declared type parameters.
     // inference
     f13();
     f13(a);
@@ -270,8 +261,6 @@
     
     // function with a type parameter without a default and a type parameter with a default that refers to a later type parameter with a default
     declare function f14<T, U = V, V = C>(a?: T, b?: U, c?: V): [T, U, V];
-                                ~
-!!! error TS2744: Type parameter defaults can only reference previously declared type parameters.
     // inference
     f14();
     f14(a);
@@ -295,8 +284,6 @@
     
     // function with two type parameters with defaults that mutually refer to each other
     declare function f15<T = U, U = T>(a?: T, b?: U): [T, U];
-                             ~
-!!! error TS2744: Type parameter defaults can only reference previously declared type parameters.
     // inference
     f15();
     f15(a);
@@ -312,8 +299,6 @@
     
     // function with a type parameter without a default and two type parameters with defaults that mutually refer to each other
     declare function f16<T, U = V, V = U>(a?: T, b?: U, c?: V): [T, U, V];
-                                ~
-!!! error TS2744: Type parameter defaults can only reference previously declared type parameters.
     // no inference
     f16();
     f16(a);
@@ -336,8 +321,6 @@
     
     // function with a type parameter with a default that refers to a later type parameter with a default that refers to an earlier type parameter in a union
     declare function f17<T = U, U = T | B>(a?: T, b?: U): [T, U];
-                             ~
-!!! error TS2744: Type parameter defaults can only reference previously declared type parameters.
     // inference
     f17();
     f17(a);
@@ -356,8 +339,6 @@
     
     // function with a type parameter without a default and a type parameter with a default that refers to a later type parameter with a default that refers to an earlier type parameter in a union
     declare function f18<T, U = V, V = U | C>(a?: T, b?: U, c?: V): [T, U, V];
-                                ~
-!!! error TS2744: Type parameter defaults can only reference previously declared type parameters.
     // inference
     f18();
     f18(a);
@@ -383,8 +364,6 @@
     
     // function with a type parameter with a default that refers to a later type parameter with a default that refers to an earlier type parameter in an intersection
     declare function f19<T = U, U = T & B>(a?: T, b?: U): [T, U];
-                             ~
-!!! error TS2744: Type parameter defaults can only reference previously declared type parameters.
     // inference
     f19();
     f19(a);
@@ -403,8 +382,6 @@
     
     // function with a type parameter without a default and a type parameter with a default that refers to a later type parameter with a default that refers to an earlier type parameter in an intersection
     declare function f20<T, U = V, V = U & C>(a?: T, b?: U, c?: V): [T, U, V];
-                                ~
-!!! error TS2744: Type parameter defaults can only reference previously declared type parameters.
     // inference
     f20();
     f20(a);
@@ -448,25 +425,33 @@
     const i03c04 = (<i03<number, 1>>x).a;
     
     interface i04 {}
+              ~~~
+!!! error TS2428: All declarations of 'i04' must have identical type parameters.
     interface i04<T> {}
+              ~~~
+!!! error TS2428: All declarations of 'i04' must have identical type parameters.
     interface i04<T = number> {}
+              ~~~
+!!! error TS2428: All declarations of 'i04' must have identical type parameters.
     interface i04<T = number, U = string> {}
+              ~~~
+!!! error TS2428: All declarations of 'i04' must have identical type parameters.
     
     interface i05<T = T> { a: T; }
-                      ~
-!!! error TS2744: Type parameter defaults can only reference previously declared type parameters.
     const i05c00 = (<i05>x).a;
     const i05c01 = (<i05<number>>x).a;
     
     interface i06<T = U, U = T> { a: [T, U]; }
-                      ~
-!!! error TS2744: Type parameter defaults can only reference previously declared type parameters.
     const i06c00 = (<i06>x).a;
     const i06c01 = (<i06<number>>x).a;
     const i06c02 = (<i06<number, string>>x).a;
     
     interface i07 { a: A; }
+              ~~~
+!!! error TS2428: All declarations of 'i07' must have identical type parameters.
     interface i07<A = number> { b: A; }
+              ~~~
+!!! error TS2428: All declarations of 'i07' must have identical type parameters.
     const i07c00 = (<i07>x).a;
     const i07c01 = (<i07>x).b;
     const i07c02 = (<i07<B>>x).a;

</message>
<stacktrace>
  at org.junit.Assert.fail(Assert.java:89)
  at kotlin.test.junit.JUnitAsserter.fail(JUnitSupport.kt:56)
  at kotlin.test.AssertionsKt__AssertionsKt.fail(Assertions.kt:563)
  at kotlin.test.AssertionsKt.fail(Unknown Source)
  at com.xemantic.kotlin.test.SameAsKt.sameAs(SameAs.kt:52)
  at com.xemantic.typescript.compiler.TypeScriptTestSupportKt.errorsMatchBaseline(TypeScriptTestSupport.kt:135)
  at com.xemantic.typescript.compiler.TypeScriptCompilerTests_G.genericDefaults_ts has expected errors matching genericDefaults_errors_txt(TypeScriptCompilerTests_G.kt:819)
  at java.base/jdk.internal.reflect.DirectMethodHandleAccessor.invoke(DirectMethodHandleAccessor.java:104)
  at java.base/java.lang.reflect.Method.invoke(Method.java:565)
  at org.junit.runners.model.FrameworkMethod$1.runReflectiveCall(FrameworkMethod.java:59)
  at org.junit.internal.runners.model.ReflectiveCallable.run(ReflectiveCallable.java:12)
  at org.junit.runners.model.FrameworkMethod.invokeExplosively(FrameworkMethod.java:56)
  at org.junit.internal.runners.statements.InvokeMethod.evaluate(InvokeMethod.java:17)
  at org.junit.runners.ParentRunner$3.evaluate(ParentRunner.java:306)
  at org.junit.runners.BlockJUnit4ClassRunner$1.evaluate(BlockJUnit4ClassRunner.java:100)
  at org.junit.runners.ParentRunner.runLeaf(ParentRunner.java:366)
  at org.junit.runners.BlockJUnit4ClassRunner.runChild(BlockJUnit4ClassRunner.java:103)
  at org.junit.runners.BlockJUnit4ClassRunner.runChild(BlockJUnit4ClassRunner.java:63)
  at org.junit.runners.ParentRunner$4.run(ParentRunner.java:331)
  at org.junit.runners.ParentRunner$1.schedule(ParentRunner.java:79)
  at org.junit.runners.ParentRunner.runChildren(ParentRunner.java:329)
  at org.junit.runners.ParentRunner.access$100(ParentRunner.java:66)
  at org.junit.runners.ParentRunner$2.evaluate(ParentRunner.java:293)
  at org.junit.runners.ParentRunner$3.evaluate(ParentRunner.java:306)
  at org.junit.runners.ParentRunner.run(ParentRunner.java:413)
  at org.junit.runner.JUnitCore.run(JUnitCore.java:137)
  at org.junit.runner.JUnitCore.run(JUnitCore.java:115)
  at org.gradle.api.internal.tasks.testing.junit.JUnitTestExecutor.runRequest(JUnitTestExecutor.java:175)
  at org.gradle.api.internal.tasks.testing.junit.JUnitTestExecutor.accept(JUnitTestExecutor.java:84)
  at org.gradle.api.internal.tasks.testing.junit.JUnitTestExecutor.accept(JUnitTestExecutor.java:47)
  at org.gradle.api.internal.tasks.testing.junit.AbstractJUnitTestDefinitionProcessor.processTestDefinition(AbstractJUnitTestDefinitionProcessor.java:65)
  at org.gradle.api.internal.tasks.testing.SuiteTestDefinitionProcessor.processTestDefinition(SuiteTestDefinitionProcessor.java:54)
  at java.base/jdk.internal.reflect.DirectMethodHandleAccessor.invoke(DirectMethodHandleAccessor.java:104)
  at java.base/java.lang.reflect.Method.invoke(Method.java:565)
  at org.gradle.internal.dispatch.MethodInvocation.invokeOn(MethodInvocation.java:77)
  at org.gradle.internal.dispatch.ReflectionDispatch.dispatch(ReflectionDispatch.java:28)
  at org.gradle.internal.dispatch.ReflectionDispatch.dispatch(ReflectionDispatch.java:19)
  at org.gradle.internal.dispatch.ContextClassLoaderDispatch.dispatch(ContextClassLoaderDispatch.java:33)
  at org.gradle.internal.dispatch.ProxyDispatchAdapter$DispatchingInvocationHandler.invoke(ProxyDispatchAdapter.java:88)
  at jdk.proxy1/jdk.proxy1.$Proxy4.processTestDefinition(Unknown Source)
  at org.gradle.api.internal.tasks.testing.worker.TestWorker$2.run(TestWorker.java:178)
  at org.gradle.api.internal.tasks.testing.worker.TestWorker.executeAndMaintainThreadName(TestWorker.java:126)
  at org.gradle.api.internal.tasks.testing.worker.TestWorker.execute(TestWorker.java:103)
  at org.gradle.api.internal.tasks.testing.worker.TestWorker.execute(TestWorker.java:63)
  at org.gradle.process.internal.worker.child.ActionExecutionWorker.execute(ActionExecutionWorker.java:56)
  at org.gradle.process.internal.worker.child.SystemApplicationClassLoaderWorker.call(SystemApplicationClassLoaderWorker.java:122)
  at org.gradle.process.internal.worker.child.SystemApplicationClassLoaderWorker.call(SystemApplicationClassLoaderWorker.java:72)
  at worker.org.gradle.process.internal.worker.GradleWorkerMain.run(GradleWorkerMain.java:69)
  at worker.org.gradle.process.internal.worker.GradleWorkerMain.main(GradleWorkerMain.java:74)
</stacktrace>
</test-failure>


TypeScriptCompilerTests_G[jvm] > genericDefaults_ts has expected errors matching genericDefaults_errors_txt[jvm] FAILED

<test-failure test="com.xemantic.typescript.compiler.TypeScriptCompilerTests_G.genericRecursiveImplicitConstructorErrors3_ts has expected errors matching genericRecursiveImplicitConstructorErrors3_errors_txt" platform="jvm">
<message>
--- expected
+++ actual
@@ -1,18 +1,12 @@
-genericRecursiveImplicitConstructorErrors3.ts(3,66): error TS2314: Generic type 'MemberName<A, B, C>' requires 3 type argument(s).
-genericRecursiveImplicitConstructorErrors3.ts(10,22): error TS2314: Generic type 'PullTypeSymbol<A, B, C>' requires 3 type argument(s).
-genericRecursiveImplicitConstructorErrors3.ts(12,48): error TS2314: Generic type 'PullSymbol<A, B, C>' requires 3 type argument(s).
-genericRecursiveImplicitConstructorErrors3.ts(13,31): error TS2314: Generic type 'PullTypeSymbol<A, B, C>' requires 3 type argument(s).
-genericRecursiveImplicitConstructorErrors3.ts(14,46): error TS2314: Generic type 'PullSymbol<A, B, C>' requires 3 type argument(s).
-genericRecursiveImplicitConstructorErrors3.ts(18,53): error TS2314: Generic type 'PullSymbol<A, B, C>' requires 3 type argument(s).
-genericRecursiveImplicitConstructorErrors3.ts(19,22): error TS2339: Property 'isArray' does not exist on type 'PullTypeSymbol<A, B, C>'.
+genericRecursiveImplicitConstructorErrors3.ts(3,66): error TS2355: A function whose declared type is neither 'undefined', 'void', nor 'any' must return a value.
 
 
-==== genericRecursiveImplicitConstructorErrors3.ts (7 errors) ====
+==== genericRecursiveImplicitConstructorErrors3.ts (1 errors) ====
     namespace TypeScript {
         export class MemberName <A,B,C>{
             static create<A,B,C>(arg1: any, arg2?: any, arg3?: any): MemberName {
                                                                      ~~~~~~~~~~
-!!! error TS2314: Generic type 'MemberName<A, B, C>' requires 3 type argument(s).
+!!! error TS2355: A function whose declared type is neither 'undefined', 'void', nor 'any' must return a value.
             }
         }
     }
@@ -20,27 +14,15 @@
     namespace TypeScript {
         export class PullSymbol <A,B,C>{
             public type: PullTypeSymbol = null;
-                         ~~~~~~~~~~~~~~
-!!! error TS2314: Generic type 'PullTypeSymbol<A, B, C>' requires 3 type argument(s).
         }
         export class PullTypeSymbol <A,B,C>extends PullSymbol {
-                                                   ~~~~~~~~~~
-!!! error TS2314: Generic type 'PullSymbol<A, B, C>' requires 3 type argument(s).
             private _elementType: PullTypeSymbol = null;
-                                  ~~~~~~~~~~~~~~
-!!! error TS2314: Generic type 'PullTypeSymbol<A, B, C>' requires 3 type argument(s).
             public toString<A,B,C>(scopeSymbol?: PullSymbol, useConstraintInName?: boolean) {
-                                                 ~~~~~~~~~~
-!!! error TS2314: Generic type 'PullSymbol<A, B, C>' requires 3 type argument(s).
                 var s = this.getScopedNameEx(scopeSymbol, useConstraintInName).toString();
                 return s;
             }
             public getScopedNameEx<A,B,C>(scopeSymbol?: PullSymbol, useConstraintInName?: boolean, getPrettyTypeName?: boolean, getTypeParamMarkerInfo?: boolean) {
-                                                        ~~~~~~~~~~
-!!! error TS2314: Generic type 'PullSymbol<A, B, C>' requires 3 type argument(s).
                 if (this.isArray()) {
-                         ~~~~~~~
-!!! error TS2339: Property 'isArray' does not exist on type 'PullTypeSymbol<A, B, C>'.
                     var elementMemberName = this._elementType ?
                     (this._elementType.isArray() || this._elementType.isNamedTypeSymbol() ?
                     this._elementType.getScopedNameEx(scopeSymbol, false, getPrettyTypeName, getTypeParamMarkerInfo) :

</message>
<stacktrace>
  at org.junit.Assert.fail(Assert.java:89)
  at kotlin.test.junit.JUnitAsserter.fail(JUnitSupport.kt:56)
  at kotlin.test.AssertionsKt__AssertionsKt.fail(Assertions.kt:563)
  at kotlin.test.AssertionsKt.fail(Unknown Source)
  at com.xemantic.kotlin.test.SameAsKt.sameAs(SameAs.kt:52)
  at com.xemantic.typescript.compiler.TypeScriptTestSupportKt.errorsMatchBaseline(TypeScriptTestSupport.kt:135)
  at com.xemantic.typescript.compiler.TypeScriptCompilerTests_G.genericRecursiveImplicitConstructorErrors3_ts has expected errors matching genericRecursiveImplicitConstructorErrors3_errors_txt(TypeScriptCompilerTests_G.kt:1491)
  at java.base/jdk.internal.reflect.DirectMethodHandleAccessor.invoke(DirectMethodHandleAccessor.java:104)
  at java.base/java.lang.reflect.Method.invoke(Method.java:565)
  at org.junit.runners.model.FrameworkMethod$1.runReflectiveCall(FrameworkMethod.java:59)
  at org.junit.internal.runners.model.ReflectiveCallable.run(ReflectiveCallable.java:12)
  at org.junit.runners.model.FrameworkMethod.invokeExplosively(FrameworkMethod.java:56)
  at org.junit.internal.runners.statements.InvokeMethod.evaluate(InvokeMethod.java:17)
  at org.junit.runners.ParentRunner$3.evaluate(ParentRunner.java:306)
  at org.junit.runners.BlockJUnit4ClassRunner$1.evaluate(BlockJUnit4ClassRunner.java:100)
  at org.junit.runners.ParentRunner.runLeaf(ParentRunner.java:366)
  at org.junit.runners.BlockJUnit4ClassRunner.runChild(BlockJUnit4ClassRunner.java:103)
  at org.junit.runners.BlockJUnit4ClassRunner.runChild(BlockJUnit4ClassRunner.java:63)
  at org.junit.runners.ParentRunner$4.run(ParentRunner.java:331)
  at org.junit.runners.ParentRunner$1.schedule(ParentRunner.java:79)
  at org.junit.runners.ParentRunner.runChildren(ParentRunner.java:329)
  at org.junit.runners.ParentRunner.access$100(ParentRunner.java:66)
  at org.junit.runners.ParentRunner$2.evaluate(ParentRunner.java:293)
  at org.junit.runners.ParentRunner$3.evaluate(ParentRunner.java:306)
  at org.junit.runners.ParentRunner.run(ParentRunner.java:413)
  at org.junit.runner.JUnitCore.run(JUnitCore.java:137)
  at org.junit.runner.JUnitCore.run(JUnitCore.java:115)
  at org.gradle.api.internal.tasks.testing.junit.JUnitTestExecutor.runRequest(JUnitTestExecutor.java:175)
  at org.gradle.api.internal.tasks.testing.junit.JUnitTestExecutor.accept(JUnitTestExecutor.java:84)
  at org.gradle.api.internal.tasks.testing.junit.JUnitTestExecutor.accept(JUnitTestExecutor.java:47)
  at org.gradle.api.internal.tasks.testing.junit.AbstractJUnitTestDefinitionProcessor.processTestDefinition(AbstractJUnitTestDefinitionProcessor.java:65)
  at org.gradle.api.internal.tasks.testing.SuiteTestDefinitionProcessor.processTestDefinition(SuiteTestDefinitionProcessor.java:54)
  at java.base/jdk.internal.reflect.DirectMethodHandleAccessor.invoke(DirectMethodHandleAccessor.java:104)
  at java.base/java.lang.reflect.Method.invoke(Method.java:565)
  at org.gradle.internal.dispatch.MethodInvocation.invokeOn(MethodInvocation.java:77)
  at org.gradle.internal.dispatch.ReflectionDispatch.dispatch(ReflectionDispatch.java:28)
  at org.gradle.internal.dispatch.ReflectionDispatch.dispatch(ReflectionDispatch.java:19)
  at org.gradle.internal.dispatch.ContextClassLoaderDispatch.dispatch(ContextClassLoaderDispatch.java:33)
  at org.gradle.internal.dispatch.ProxyDispatchAdapter$DispatchingInvocationHandler.invoke(ProxyDispatchAdapter.java:88)
  at jdk.proxy1/jdk.proxy1.$Proxy4.processTestDefinition(Unknown Source)
  at org.gradle.api.internal.tasks.testing.worker.TestWorker$2.run(TestWorker.java:178)
  at org.gradle.api.internal.tasks.testing.worker.TestWorker.executeAndMaintainThreadName(TestWorker.java:126)
  at org.gradle.api.internal.tasks.testing.worker.TestWorker.execute(TestWorker.java:103)
  at org.gradle.api.internal.tasks.testing.worker.TestWorker.execute(TestWorker.java:63)
  at org.gradle.process.internal.worker.child.ActionExecutionWorker.execute(ActionExecutionWorker.java:56)
  at org.gradle.process.internal.worker.child.SystemApplicationClassLoaderWorker.call(SystemApplicationClassLoaderWorker.java:122)
  at org.gradle.process.internal.worker.child.SystemApplicationClassLoaderWorker.call(SystemApplicationClassLoaderWorker.java:72)
  at worker.org.gradle.process.internal.worker.GradleWorkerMain.run(GradleWorkerMain.java:69)
  at worker.org.gradle.process.internal.worker.GradleWorkerMain.main(GradleWorkerMain.java:74)
</stacktrace>
</test-failure>


TypeScriptCompilerTests_G[jvm] > genericRecursiveImplicitConstructorErrors3_ts has expected errors matching genericRecursiveImplicitConstructorErrors3_errors_txt[jvm] FAILED

<test-failure test="com.xemantic.typescript.compiler.TypeScriptCompilerTests_G.genericArrayExtenstions_ts has expected errors matching genericArrayExtenstions_errors_txt" platform="jvm">
<message>
Expected diagnostics from baseline typescript-repo/tests/baselines/reference/genericArrayExtenstions.errors.txt but none produced
</message>
<stacktrace>
  at com.xemantic.typescript.compiler.TypeScriptTestSupportKt.errorsMatchBaseline(TypeScriptTestSupport.kt:125)
  at com.xemantic.typescript.compiler.TypeScriptCompilerTests_G.genericArrayExtenstions_ts has expected errors matching genericArrayExtenstions_errors_txt(TypeScriptCompilerTests_G.kt:231)
  at java.base/jdk.internal.reflect.DirectMethodHandleAccessor.invoke(DirectMethodHandleAccessor.java:104)
  at java.base/java.lang.reflect.Method.invoke(Method.java:565)
  at org.junit.runners.model.FrameworkMethod$1.runReflectiveCall(FrameworkMethod.java:59)
  at org.junit.internal.runners.model.ReflectiveCallable.run(ReflectiveCallable.java:12)
  at org.junit.runners.model.FrameworkMethod.invokeExplosively(FrameworkMethod.java:56)
  at org.junit.internal.runners.statements.InvokeMethod.evaluate(InvokeMethod.java:17)
  at org.junit.runners.ParentRunner$3.evaluate(ParentRunner.java:306)
  at org.junit.runners.BlockJUnit4ClassRunner$1.evaluate(BlockJUnit4ClassRunner.java:100)
  at org.junit.runners.ParentRunner.runLeaf(ParentRunner.java:366)
  at org.junit.runners.BlockJUnit4ClassRunner.runChild(BlockJUnit4ClassRunner.java:103)
  at org.junit.runners.BlockJUnit4ClassRunner.runChild(BlockJUnit4ClassRunner.java:63)
  at org.junit.runners.ParentRunner$4.run(ParentRunner.java:331)
  at org.junit.runners.ParentRunner$1.schedule(ParentRunner.java:79)
  at org.junit.runners.ParentRunner.runChildren(ParentRunner.java:329)
  at org.junit.runners.ParentRunner.access$100(ParentRunner.java:66)
  at org.junit.runners.ParentRunner$2.evaluate(ParentRunner.java:293)
  at org.junit.runners.ParentRunner$3.evaluate(ParentRunner.java:306)
  at org.junit.runners.ParentRunner.run(ParentRunner.java:413)
  at org.junit.runner.JUnitCore.run(JUnitCore.java:137)
  at org.junit.runner.JUnitCore.run(JUnitCore.java:115)
  at org.gradle.api.internal.tasks.testing.junit.JUnitTestExecutor.runRequest(JUnitTestExecutor.java:175)
  at org.gradle.api.internal.tasks.testing.junit.JUnitTestExecutor.accept(JUnitTestExecutor.java:84)
  at org.gradle.api.internal.tasks.testing.junit.JUnitTestExecutor.accept(JUnitTestExecutor.java:47)
  at org.gradle.api.internal.tasks.testing.junit.AbstractJUnitTestDefinitionProcessor.processTestDefinition(AbstractJUnitTestDefinitionProcessor.java:65)
  at org.gradle.api.internal.tasks.testing.SuiteTestDefinitionProcessor.processTestDefinition(SuiteTestDefinitionProcessor.java:54)
  at java.base/jdk.internal.reflect.DirectMethodHandleAccessor.invoke(DirectMethodHandleAccessor.java:104)
  at java.base/java.lang.reflect.Method.invoke(Method.java:565)
  at org.gradle.internal.dispatch.MethodInvocation.invokeOn(MethodInvocation.java:77)
  at org.gradle.internal.dispatch.ReflectionDispatch.dispatch(ReflectionDispatch.java:28)
  at org.gradle.internal.dispatch.ReflectionDispatch.dispatch(ReflectionDispatch.java:19)
  at org.gradle.internal.dispatch.ContextClassLoaderDispatch.dispatch(ContextClassLoaderDispatch.java:33)
  at org.gradle.internal.dispatch.ProxyDispatchAdapter$DispatchingInvocationHandler.invoke(ProxyDispatchAdapter.java:88)
  at jdk.proxy1/jdk.proxy1.$Proxy4.processTestDefinition(Unknown Source)
  at org.gradle.api.internal.tasks.testing.worker.TestWorker$2.run(TestWorker.java:178)
  at org.gradle.api.internal.tasks.testing.worker.TestWorker.executeAndMaintainThreadName(TestWorker.java:126)
  at org.gradle.api.internal.tasks.testing.worker.TestWorker.execute(TestWorker.java:103)
  at org.gradle.api.internal.tasks.testing.worker.TestWorker.execute(TestWorker.java:63)
  at org.gradle.process.internal.worker.child.ActionExecutionWorker.execute(ActionExecutionWorker.java:56)
  at org.gradle.process.internal.worker.child.SystemApplicationClassLoaderWorker.call(SystemApplicationClassLoaderWorker.java:122)
  at org.gradle.process.internal.worker.child.SystemApplicationClassLoaderWorker.call(SystemApplicationClassLoaderWorker.java:72)
  at worker.org.gradle.process.internal.worker.GradleWorkerMain.run(GradleWorkerMain.java:69)
  at worker.org.gradle.process.internal.worker.GradleWorkerMain.main(GradleWorkerMain.java:74)
</stacktrace>
</test-failure>


TypeScriptCompilerTests_G[jvm] > genericArrayExtenstions_ts has expected errors matching genericArrayExtenstions_errors_txt[jvm] FAILED

<test-failure test="com.xemantic.typescript.compiler.TypeScriptCompilerTests_G.genericTypeArgumentInference1_ts has expected errors matching genericTypeArgumentInference1_errors_txt" platform="jvm">
<message>
Expected diagnostics from baseline typescript-repo/tests/baselines/reference/genericTypeArgumentInference1.errors.txt but none produced
</message>
<stacktrace>
  at com.xemantic.typescript.compiler.TypeScriptTestSupportKt.errorsMatchBaseline(TypeScriptTestSupport.kt:125)
  at com.xemantic.typescript.compiler.TypeScriptCompilerTests_G.genericTypeArgumentInference1_ts has expected errors matching genericTypeArgumentInference1_errors_txt(TypeScriptCompilerTests_G.kt:1680)
  at java.base/jdk.internal.reflect.DirectMethodHandleAccessor.invoke(DirectMethodHandleAccessor.java:104)
  at java.base/java.lang.reflect.Method.invoke(Method.java:565)
  at org.junit.runners.model.FrameworkMethod$1.runReflectiveCall(FrameworkMethod.java:59)
  at org.junit.internal.runners.model.ReflectiveCallable.run(ReflectiveCallable.java:12)
  at org.junit.runners.model.FrameworkMethod.invokeExplosively(FrameworkMethod.java:56)
  at org.junit.internal.runners.statements.InvokeMethod.evaluate(InvokeMethod.java:17)
  at org.junit.runners.ParentRunner$3.evaluate(ParentRunner.java:306)
  at org.junit.runners.BlockJUnit4ClassRunner$1.evaluate(BlockJUnit4ClassRunner.java:100)
  at org.junit.runners.ParentRunner.runLeaf(ParentRunner.java:366)
  at org.junit.runners.BlockJUnit4ClassRunner.runChild(BlockJUnit4ClassRunner.java:103)
  at org.junit.runners.BlockJUnit4ClassRunner.runChild(BlockJUnit4ClassRunner.java:63)
  at org.junit.runners.ParentRunner$4.run(ParentRunner.java:331)
  at org.junit.runners.ParentRunner$1.schedule(ParentRunner.java:79)
  at org.junit.runners.ParentRunner.runChildren(ParentRunner.java:329)
  at org.junit.runners.ParentRunner.access$100(ParentRunner.java:66)
  at org.junit.runners.ParentRunner$2.evaluate(ParentRunner.java:293)
  at org.junit.runners.ParentRunner$3.evaluate(ParentRunner.java:306)
  at org.junit.runners.ParentRunner.run(ParentRunner.java:413)
  at org.junit.runner.JUnitCore.run(JUnitCore.java:137)
  at org.junit.runner.JUnitCore.run(JUnitCore.java:115)
  at org.gradle.api.internal.tasks.testing.junit.JUnitTestExecutor.runRequest(JUnitTestExecutor.java:175)
  at org.gradle.api.internal.tasks.testing.junit.JUnitTestExecutor.accept(JUnitTestExecutor.java:84)
  at org.gradle.api.internal.tasks.testing.junit.JUnitTestExecutor.accept(JUnitTestExecutor.java:47)
  at org.gradle.api.internal.tasks.testing.junit.AbstractJUnitTestDefinitionProcessor.processTestDefinition(AbstractJUnitTestDefinitionProcessor.java:65)
  at org.gradle.api.internal.tasks.testing.SuiteTestDefinitionProcessor.processTestDefinition(SuiteTestDefinitionProcessor.java:54)
  at java.base/jdk.internal.reflect.DirectMethodHandleAccessor.invoke(DirectMethodHandleAccessor.java:104)
  at java.base/java.lang.reflect.Method.invoke(Method.java:565)
  at org.gradle.internal.dispatch.MethodInvocation.invokeOn(MethodInvocation.java:77)
  at org.gradle.internal.dispatch.ReflectionDispatch.dispatch(ReflectionDispatch.java:28)
  at org.gradle.internal.dispatch.ReflectionDispatch.dispatch(ReflectionDispatch.java:19)
  at org.gradle.internal.dispatch.ContextClassLoaderDispatch.dispatch(ContextClassLoaderDispatch.java:33)
  at org.gradle.internal.dispatch.ProxyDispatchAdapter$DispatchingInvocationHandler.invoke(ProxyDispatchAdapter.java:88)
  at jdk.proxy1/jdk.proxy1.$Proxy4.processTestDefinition(Unknown Source)
  at org.gradle.api.internal.tasks.testing.worker.TestWorker$2.run(TestWorker.java:178)
  at org.gradle.api.internal.tasks.testing.worker.TestWorker.executeAndMaintainThreadName(TestWorker.java:126)
  at org.gradle.api.internal.tasks.testing.worker.TestWorker.execute(TestWorker.java:103)
  at org.gradle.api.internal.tasks.testing.worker.TestWorker.execute(TestWorker.java:63)
  at org.gradle.process.internal.worker.child.ActionExecutionWorker.execute(ActionExecutionWorker.java:56)
  at org.gradle.process.internal.worker.child.SystemApplicationClassLoaderWorker.call(SystemApplicationClassLoaderWorker.java:122)
  at org.gradle.process.internal.worker.child.SystemApplicationClassLoaderWorker.call(SystemApplicationClassLoaderWorker.java:72)
  at worker.org.gradle.process.internal.worker.GradleWorkerMain.run(GradleWorkerMain.java:69)
  at worker.org.gradle.process.internal.worker.GradleWorkerMain.main(GradleWorkerMain.java:74)
</stacktrace>
</test-failure>


TypeScriptCompilerTests_G[jvm] > genericTypeArgumentInference1_ts has expected errors matching genericTypeArgumentInference1_errors_txt[jvm] FAILED

<test-failure test="com.xemantic.typescript.compiler.TypeScriptCompilerTests_G.getterControlFlowStrictNull_ts__target_es2015__has expected errors matching baseline" platform="jvm">
<message>
--- expected
+++ actual
@@ -1,9 +1,8 @@
 getterControlFlowStrictNull.ts(2,9): error TS2366: Function lacks ending return statement and return type does not include 'undefined'.
 getterControlFlowStrictNull.ts(11,14): error TS2366: Function lacks ending return statement and return type does not include 'undefined'.
-getterControlFlowStrictNull.ts(20,9): error TS2366: Function lacks ending return statement and return type does not include 'undefined'.
 
 
-==== getterControlFlowStrictNull.ts (3 errors) ====
+==== getterControlFlowStrictNull.ts (2 errors) ====
     class A {
        a(): string | null {
             ~~~~~~~~~~~~~
@@ -28,8 +27,6 @@
     }
     class C {
         get a() {
-            ~
-!!! error TS2366: Function lacks ending return statement and return type does not include 'undefined'.
             if (Math.random() > 0.5) {
                 return 0;
             }

</message>
<stacktrace>
  at org.junit.Assert.fail(Assert.java:89)
  at kotlin.test.junit.JUnitAsserter.fail(JUnitSupport.kt:56)
  at kotlin.test.AssertionsKt__AssertionsKt.fail(Assertions.kt:563)
  at kotlin.test.AssertionsKt.fail(Unknown Source)
  at com.xemantic.kotlin.test.SameAsKt.sameAs(SameAs.kt:52)
  at com.xemantic.typescript.compiler.TypeScriptTestSupportKt.errorsMatchBaseline(TypeScriptTestSupport.kt:135)
  at com.xemantic.typescript.compiler.TypeScriptCompilerTests_G.getterControlFlowStrictNull_ts__target_es2015__has expected errors matching baseline(TypeScriptCompilerTests_G.kt:2233)
  at java.base/jdk.internal.reflect.DirectMethodHandleAccessor.invoke(DirectMethodHandleAccessor.java:104)
  at java.base/java.lang.reflect.Method.invoke(Method.java:565)
  at org.junit.runners.model.FrameworkMethod$1.runReflectiveCall(FrameworkMethod.java:59)
  at org.junit.internal.runners.model.ReflectiveCallable.run(ReflectiveCallable.java:12)
  at org.junit.runners.model.FrameworkMethod.invokeExplosively(FrameworkMethod.java:56)
  at org.junit.internal.runners.statements.InvokeMethod.evaluate(InvokeMethod.java:17)
  at org.junit.runners.ParentRunner$3.evaluate(ParentRunner.java:306)
  at org.junit.runners.BlockJUnit4ClassRunner$1.evaluate(BlockJUnit4ClassRunner.java:100)
  at org.junit.runners.ParentRunner.runLeaf(ParentRunner.java:366)
  at org.junit.runners.BlockJUnit4ClassRunner.runChild(BlockJUnit4ClassRunner.java:103)
  at org.junit.runners.BlockJUnit4ClassRunner.runChild(BlockJUnit4ClassRunner.java:63)
  at org.junit.runners.ParentRunner$4.run(ParentRunner.java:331)
  at org.junit.runners.ParentRunner$1.schedule(ParentRunner.java:79)
  at org.junit.runners.ParentRunner.runChildren(ParentRunner.java:329)
  at org.junit.runners.ParentRunner.access$100(ParentRunner.java:66)
  at org.junit.runners.ParentRunner$2.evaluate(ParentRunner.java:293)
  at org.junit.runners.ParentRunner$3.evaluate(ParentRunner.java:306)
  at org.junit.runners.ParentRunner.run(ParentRunner.java:413)
  at org.junit.runner.JUnitCore.run(JUnitCore.java:137)
  at org.junit.runner.JUnitCore.run(JUnitCore.java:115)
  at org.gradle.api.internal.tasks.testing.junit.JUnitTestExecutor.runRequest(JUnitTestExecutor.java:175)
  at org.gradle.api.internal.tasks.testing.junit.JUnitTestExecutor.accept(JUnitTestExecutor.java:84)
  at org.gradle.api.internal.tasks.testing.junit.JUnitTestExecutor.accept(JUnitTestExecutor.java:47)
  at org.gradle.api.internal.tasks.testing.junit.AbstractJUnitTestDefinitionProcessor.processTestDefinition(AbstractJUnitTestDefinitionProcessor.java:65)
  at org.gradle.api.internal.tasks.testing.SuiteTestDefinitionProcessor.processTestDefinition(SuiteTestDefinitionProcessor.java:54)
  at java.base/jdk.internal.reflect.DirectMethodHandleAccessor.invoke(DirectMethodHandleAccessor.java:104)
  at java.base/java.lang.reflect.Method.invoke(Method.java:565)
  at org.gradle.internal.dispatch.MethodInvocation.invokeOn(MethodInvocation.java:77)
  at org.gradle.internal.dispatch.ReflectionDispatch.dispatch(ReflectionDispatch.java:28)
  at org.gradle.internal.dispatch.ReflectionDispatch.dispatch(ReflectionDispatch.java:19)
  at org.gradle.internal.dispatch.ContextClassLoaderDispatch.dispatch(ContextClassLoaderDispatch.java:33)
  at org.gradle.internal.dispatch.ProxyDispatchAdapter$DispatchingInvocationHandler.invoke(ProxyDispatchAdapter.java:88)
  at jdk.proxy1/jdk.proxy1.$Proxy4.processTestDefinition(Unknown Source)
  at org.gradle.api.internal.tasks.testing.worker.TestWorker$2.run(TestWorker.java:178)
  at org.gradle.api.internal.tasks.testing.worker.TestWorker.executeAndMaintainThreadName(TestWorker.java:126)
  at org.gradle.api.internal.tasks.testing.worker.TestWorker.execute(TestWorker.java:103)
  at org.gradle.api.internal.tasks.testing.worker.TestWorker.execute(TestWorker.java:63)
  at org.gradle.process.internal.worker.child.ActionExecutionWorker.execute(ActionExecutionWorker.java:56)
  at org.gradle.process.internal.worker.child.SystemApplicationClassLoaderWorker.call(SystemApplicationClassLoaderWorker.java:122)
  at org.gradle.process.internal.worker.child.SystemApplicationClassLoaderWorker.call(SystemApplicationClassLoaderWorker.java:72)
  at worker.org.gradle.process.internal.worker.GradleWorkerMain.run(GradleWorkerMain.java:69)
  at worker.org.gradle.process.internal.worker.GradleWorkerMain.main(GradleWorkerMain.java:74)
</stacktrace>
</test-failure>


TypeScriptCompilerTests_G[jvm] > getterControlFlowStrictNull_ts__target_es2015__has expected errors matching baseline[jvm] FAILED

<test-failure test="com.xemantic.typescript.compiler.TypeScriptCompilerTests_G.genericAndNonGenericInheritedSignature2_ts has expected errors matching genericAndNonGenericInheritedSignature2_errors_txt" platform="jvm">
<message>
Expected diagnostics from baseline typescript-repo/tests/baselines/reference/genericAndNonGenericInheritedSignature2.errors.txt but none produced
</message>
<stacktrace>
  at com.xemantic.typescript.compiler.TypeScriptTestSupportKt.errorsMatchBaseline(TypeScriptTestSupport.kt:125)
  at com.xemantic.typescript.compiler.TypeScriptCompilerTests_G.genericAndNonGenericInheritedSignature2_ts has expected errors matching genericAndNonGenericInheritedSignature2_errors_txt(TypeScriptCompilerTests_G.kt:140)
  at java.base/jdk.internal.reflect.DirectMethodHandleAccessor.invoke(DirectMethodHandleAccessor.java:104)
  at java.base/java.lang.reflect.Method.invoke(Method.java:565)
  at org.junit.runners.model.FrameworkMethod$1.runReflectiveCall(FrameworkMethod.java:59)
  at org.junit.internal.runners.model.ReflectiveCallable.run(ReflectiveCallable.java:12)
  at org.junit.runners.model.FrameworkMethod.invokeExplosively(FrameworkMethod.java:56)
  at org.junit.internal.runners.statements.InvokeMethod.evaluate(InvokeMethod.java:17)
  at org.junit.runners.ParentRunner$3.evaluate(ParentRunner.java:306)
  at org.junit.runners.BlockJUnit4ClassRunner$1.evaluate(BlockJUnit4ClassRunner.java:100)
  at org.junit.runners.ParentRunner.runLeaf(ParentRunner.java:366)
  at org.junit.runners.BlockJUnit4ClassRunner.runChild(BlockJUnit4ClassRunner.java:103)
  at org.junit.runners.BlockJUnit4ClassRunner.runChild(BlockJUnit4ClassRunner.java:63)
  at org.junit.runners.ParentRunner$4.run(ParentRunner.java:331)
  at org.junit.runners.ParentRunner$1.schedule(ParentRunner.java:79)
  at org.junit.runners.ParentRunner.runChildren(ParentRunner.java:329)
  at org.junit.runners.ParentRunner.access$100(ParentRunner.java:66)
  at org.junit.runners.ParentRunner$2.evaluate(ParentRunner.java:293)
  at org.junit.runners.ParentRunner$3.evaluate(ParentRunner.java:306)
  at org.junit.runners.ParentRunner.run(ParentRunner.java:413)
  at org.junit.runner.JUnitCore.run(JUnitCore.java:137)
  at org.junit.runner.JUnitCore.run(JUnitCore.java:115)
  at org.gradle.api.internal.tasks.testing.junit.JUnitTestExecutor.runRequest(JUnitTestExecutor.java:175)
  at org.gradle.api.internal.tasks.testing.junit.JUnitTestExecutor.accept(JUnitTestExecutor.java:84)
  at org.gradle.api.internal.tasks.testing.junit.JUnitTestExecutor.accept(JUnitTestExecutor.java:47)
  at org.gradle.api.internal.tasks.testing.junit.AbstractJUnitTestDefinitionProcessor.processTestDefinition(AbstractJUnitTestDefinitionProcessor.java:65)
  at org.gradle.api.internal.tasks.testing.SuiteTestDefinitionProcessor.processTestDefinition(SuiteTestDefinitionProcessor.java:54)
  at java.base/jdk.internal.reflect.DirectMethodHandleAccessor.invoke(DirectMethodHandleAccessor.java:104)
  at java.base/java.lang.reflect.Method.invoke(Method.java:565)
  at org.gradle.internal.dispatch.MethodInvocation.invokeOn(MethodInvocation.java:77)
  at org.gradle.internal.dispatch.ReflectionDispatch.dispatch(ReflectionDispatch.java:28)
  at org.gradle.internal.dispatch.ReflectionDispatch.dispatch(ReflectionDispatch.java:19)
  at org.gradle.internal.dispatch.ContextClassLoaderDispatch.dispatch(ContextClassLoaderDispatch.java:33)
  at org.gradle.internal.dispatch.ProxyDispatchAdapter$DispatchingInvocationHandler.invoke(ProxyDispatchAdapter.java:88)
  at jdk.proxy1/jdk.proxy1.$Proxy4.processTestDefinition(Unknown Source)
  at org.gradle.api.internal.tasks.testing.worker.TestWorker$2.run(TestWorker.java:178)
  at org.gradle.api.internal.tasks.testing.worker.TestWorker.executeAndMaintainThreadName(TestWorker.java:126)
  at org.gradle.api.internal.tasks.testing.worker.TestWorker.execute(TestWorker.java:103)
  at org.gradle.api.internal.tasks.testing.worker.TestWorker.execute(TestWorker.java:63)
  at org.gradle.process.internal.worker.child.ActionExecutionWorker.execute(ActionExecutionWorker.java:56)
  at org.gradle.process.internal.worker.child.SystemApplicationClassLoaderWorker.call(SystemApplicationClassLoaderWorker.java:122)
  at org.gradle.process.internal.worker.child.SystemApplicationClassLoaderWorker.call(SystemApplicationClassLoaderWorker.java:72)
  at worker.org.gradle.process.internal.worker.GradleWorkerMain.run(GradleWorkerMain.java:69)
  at worker.org.gradle.process.internal.worker.GradleWorkerMain.main(GradleWorkerMain.java:74)
</stacktrace>
</test-failure>


TypeScriptCompilerTests_G[jvm] > genericAndNonGenericInheritedSignature2_ts has expected errors matching genericAndNonGenericInheritedSignature2_errors_txt[jvm] FAILED

<test-failure test="com.xemantic.typescript.compiler.TypeScriptCompilerTests_G.giant_ts has expected errors matching giant_errors_txt" platform="jvm">
<message>
--- expected
+++ actual
@@ -18,7 +18,6 @@
 giant.ts(36,20): error TS1005: '{' expected.
 giant.ts(62,5): error TS1021: An index signature must have a type annotation.
 giant.ts(63,6): error TS1096: An index signature must have exactly one parameter.
-giant.ts(76,5): error TS2386: Overload signatures must all be optional or required.
 giant.ts(87,16): error TS2300: Duplicate identifier 'pgF'.
 giant.ts(88,20): error TS2300: Duplicate identifier 'pgF'.
 giant.ts(88,24): error TS1005: '{' expected.
@@ -39,7 +38,6 @@
 giant.ts(100,24): error TS1005: '{' expected.
 giant.ts(126,9): error TS1021: An index signature must have a type annotation.
 giant.ts(127,10): error TS1096: An index signature must have exactly one parameter.
-giant.ts(140,9): error TS2386: Overload signatures must all be optional or required.
 giant.ts(154,39): error TS1183: An implementation cannot be declared in ambient contexts.
 giant.ts(166,16): error TS2300: Duplicate identifier 'pgF'.
 giant.ts(167,20): error TS2300: Duplicate identifier 'pgF'.
@@ -61,7 +59,6 @@
 giant.ts(179,24): error TS1005: '{' expected.
 giant.ts(205,9): error TS1021: An index signature must have a type annotation.
 giant.ts(206,10): error TS1096: An index signature must have exactly one parameter.
-giant.ts(219,9): error TS2386: Overload signatures must all be optional or required.
 giant.ts(233,39): error TS1183: An implementation cannot be declared in ambient contexts.
 giant.ts(238,35): error TS1183: An implementation cannot be declared in ambient contexts.
 giant.ts(240,24): error TS1183: An implementation cannot be declared in ambient contexts.
@@ -70,24 +67,29 @@
 giant.ts(245,16): error TS2300: Duplicate identifier 'pgF'.
 giant.ts(245,22): error TS1183: An implementation cannot be declared in ambient contexts.
 giant.ts(246,20): error TS2300: Duplicate identifier 'pgF'.
+giant.ts(246,24): error TS1005: '{' expected.
 giant.ts(247,16): error TS2300: Duplicate identifier 'psF'.
 giant.ts(247,31): error TS1183: An implementation cannot be declared in ambient contexts.
 giant.ts(248,20): error TS2300: Duplicate identifier 'psF'.
+giant.ts(248,33): error TS1005: '{' expected.
 giant.ts(249,17): error TS2300: Duplicate identifier 'rgF'.
 giant.ts(249,23): error TS1183: An implementation cannot be declared in ambient contexts.
 giant.ts(250,21): error TS2300: Duplicate identifier 'rgF'.
+giant.ts(250,25): error TS1005: '{' expected.
 giant.ts(251,17): error TS2300: Duplicate identifier 'rsF'.
 giant.ts(251,32): error TS1183: An implementation cannot be declared in ambient contexts.
 giant.ts(252,21): error TS2300: Duplicate identifier 'rsF'.
+giant.ts(252,34): error TS1005: '{' expected.
 giant.ts(254,21): error TS1183: An implementation cannot be declared in ambient contexts.
 giant.ts(255,16): error TS2300: Duplicate identifier 'tsF'.
 giant.ts(255,31): error TS1183: An implementation cannot be declared in ambient contexts.
 giant.ts(256,20): error TS2300: Duplicate identifier 'tsF'.
+giant.ts(256,33): error TS1005: '{' expected.
 giant.ts(257,16): error TS2300: Duplicate identifier 'tgF'.
 giant.ts(257,22): error TS1183: An implementation cannot be declared in ambient contexts.
 giant.ts(258,20): error TS2300: Duplicate identifier 'tgF'.
+giant.ts(258,24): error TS1005: '{' expected.
 giant.ts(262,22): error TS1183: An implementation cannot be declared in ambient contexts.
-giant.ts(262,25): error TS1036: Statements are not allowed in ambient contexts.
 giant.ts(267,30): error TS1183: An implementation cannot be declared in ambient contexts.
 giant.ts(281,12): error TS2300: Duplicate identifier 'pgF'.
 giant.ts(282,16): error TS2300: Duplicate identifier 'pgF'.
@@ -109,7 +111,6 @@
 giant.ts(294,20): error TS1005: '{' expected.
 giant.ts(320,5): error TS1021: An index signature must have a type annotation.
 giant.ts(321,6): error TS1096: An index signature must have exactly one parameter.
-giant.ts(334,5): error TS2386: Overload signatures must all be optional or required.
 giant.ts(345,16): error TS2300: Duplicate identifier 'pgF'.
 giant.ts(346,20): error TS2300: Duplicate identifier 'pgF'.
 giant.ts(346,24): error TS1005: '{' expected.
@@ -130,7 +131,6 @@
 giant.ts(358,24): error TS1005: '{' expected.
 giant.ts(384,9): error TS1021: An index signature must have a type annotation.
 giant.ts(385,10): error TS1096: An index signature must have exactly one parameter.
-giant.ts(398,9): error TS2386: Overload signatures must all be optional or required.
 giant.ts(412,39): error TS1183: An implementation cannot be declared in ambient contexts.
 giant.ts(424,16): error TS2300: Duplicate identifier 'pgF'.
 giant.ts(425,20): error TS2300: Duplicate identifier 'pgF'.
@@ -152,7 +152,6 @@
 giant.ts(437,24): error TS1005: '{' expected.
 giant.ts(463,9): error TS1021: An index signature must have a type annotation.
 giant.ts(464,10): error TS1096: An index signature must have exactly one parameter.
-giant.ts(477,9): error TS2386: Overload signatures must all be optional or required.
 giant.ts(491,39): error TS1183: An implementation cannot be declared in ambient contexts.
 giant.ts(496,35): error TS1183: An implementation cannot be declared in ambient contexts.
 giant.ts(498,24): error TS1183: An implementation cannot be declared in ambient contexts.
@@ -161,24 +160,29 @@
 giant.ts(503,16): error TS2300: Duplicate identifier 'pgF'.
 giant.ts(503,22): error TS1183: An implementation cannot be declared in ambient contexts.
 giant.ts(504,20): error TS2300: Duplicate identifier 'pgF'.
+giant.ts(504,24): error TS1005: '{' expected.
 giant.ts(505,16): error TS2300: Duplicate identifier 'psF'.
 giant.ts(505,31): error TS1183: An implementation cannot be declared in ambient contexts.
 giant.ts(506,20): error TS2300: Duplicate identifier 'psF'.
+giant.ts(506,33): error TS1005: '{' expected.
 giant.ts(507,17): error TS2300: Duplicate identifier 'rgF'.
 giant.ts(507,23): error TS1183: An implementation cannot be declared in ambient contexts.
 giant.ts(508,21): error TS2300: Duplicate identifier 'rgF'.
+giant.ts(508,25): error TS1005: '{' expected.
 giant.ts(509,17): error TS2300: Duplicate identifier 'rsF'.
 giant.ts(509,32): error TS1183: An implementation cannot be declared in ambient contexts.
 giant.ts(510,21): error TS2300: Duplicate identifier 'rsF'.
+giant.ts(510,34): error TS1005: '{' expected.
 giant.ts(512,21): error TS1183: An implementation cannot be declared in ambient contexts.
 giant.ts(513,16): error TS2300: Duplicate identifier 'tsF'.
 giant.ts(513,31): error TS1183: An implementation cannot be declared in ambient contexts.
 giant.ts(514,20): error TS2300: Duplicate identifier 'tsF'.
+giant.ts(514,33): error TS1005: '{' expected.
 giant.ts(515,16): error TS2300: Duplicate identifier 'tgF'.
 giant.ts(515,22): error TS1183: An implementation cannot be declared in ambient contexts.
 giant.ts(516,20): error TS2300: Duplicate identifier 'tgF'.
+giant.ts(516,24): error TS1005: '{' expected.
 giant.ts(520,22): error TS1183: An implementation cannot be declared in ambient contexts.
-giant.ts(520,25): error TS1036: Statements are not allowed in ambient contexts.
 giant.ts(525,30): error TS1183: An implementation cannot be declared in ambient contexts.
 giant.ts(532,31): error TS1183: An implementation cannot be declared in ambient contexts.
 giant.ts(534,20): error TS1183: An implementation cannot be declared in ambient contexts.
@@ -187,22 +191,28 @@
 giant.ts(539,12): error TS2300: Duplicate identifier 'pgF'.
 giant.ts(539,18): error TS1183: An implementation cannot be declared in ambient contexts.
 giant.ts(540,16): error TS2300: Duplicate identifier 'pgF'.
+giant.ts(540,20): error TS1005: '{' expected.
 giant.ts(541,12): error TS2300: Duplicate identifier 'psF'.
 giant.ts(541,27): error TS1183: An implementation cannot be declared in ambient contexts.
 giant.ts(542,16): error TS2300: Duplicate identifier 'psF'.
+giant.ts(542,29): error TS1005: '{' expected.
 giant.ts(543,13): error TS2300: Duplicate identifier 'rgF'.
 giant.ts(543,19): error TS1183: An implementation cannot be declared in ambient contexts.
 giant.ts(544,17): error TS2300: Duplicate identifier 'rgF'.
+giant.ts(544,21): error TS1005: '{' expected.
 giant.ts(545,13): error TS2300: Duplicate identifier 'rsF'.
 giant.ts(545,28): error TS1183: An implementation cannot be declared in ambient contexts.
 giant.ts(546,17): error TS2300: Duplicate identifier 'rsF'.
+giant.ts(546,30): error TS1005: '{' expected.
 giant.ts(548,17): error TS1183: An implementation cannot be declared in ambient contexts.
 giant.ts(549,12): error TS2300: Duplicate identifier 'tsF'.
 giant.ts(549,27): error TS1183: An implementation cannot be declared in ambient contexts.
 giant.ts(550,16): error TS2300: Duplicate identifier 'tsF'.
+giant.ts(550,29): error TS1005: '{' expected.
 giant.ts(551,12): error TS2300: Duplicate identifier 'tgF'.
 giant.ts(551,18): error TS1183: An implementation cannot be declared in ambient contexts.
 giant.ts(552,16): error TS2300: Duplicate identifier 'tgF'.
+giant.ts(552,20): error TS1005: '{' expected.
 giant.ts(556,18): error TS1183: An implementation cannot be declared in ambient contexts.
 giant.ts(556,21): error TS1036: Statements are not allowed in ambient contexts.
 giant.ts(558,24): error TS1183: An implementation cannot be declared in ambient contexts.
@@ -210,28 +220,22 @@
 giant.ts(563,21): error TS1183: An implementation cannot be declared in ambient contexts.
 giant.ts(588,9): error TS1021: An index signature must have a type annotation.
 giant.ts(589,10): error TS1096: An index signature must have exactly one parameter.
-giant.ts(602,9): error TS2386: Overload signatures must all be optional or required.
 giant.ts(606,22): error TS1183: An implementation cannot be declared in ambient contexts.
 giant.ts(606,25): error TS1036: Statements are not allowed in ambient contexts.
 giant.ts(611,30): error TS1183: An implementation cannot be declared in ambient contexts.
-giant.ts(615,16): error TS1038: A 'declare' modifier cannot be used in an already ambient context.
-giant.ts(616,16): error TS1038: A 'declare' modifier cannot be used in an already ambient context.
 giant.ts(616,39): error TS1183: An implementation cannot be declared in ambient contexts.
-giant.ts(617,16): error TS1038: A 'declare' modifier cannot be used in an already ambient context.
-giant.ts(618,16): error TS1038: A 'declare' modifier cannot be used in an already ambient context.
 giant.ts(621,26): error TS1183: An implementation cannot be declared in ambient contexts.
 giant.ts(623,24): error TS1183: An implementation cannot be declared in ambient contexts.
 giant.ts(626,21): error TS1183: An implementation cannot be declared in ambient contexts.
 giant.ts(628,21): error TS1183: An implementation cannot be declared in ambient contexts.
 giant.ts(654,9): error TS1021: An index signature must have a type annotation.
 giant.ts(655,10): error TS1096: An index signature must have exactly one parameter.
-giant.ts(668,9): error TS2386: Overload signatures must all be optional or required.
 giant.ts(672,22): error TS1183: An implementation cannot be declared in ambient contexts.
 giant.ts(672,25): error TS1036: Statements are not allowed in ambient contexts.
 giant.ts(676,30): error TS1183: An implementation cannot be declared in ambient contexts.
 
 
-==== giant.ts (231 errors) ====
+==== giant.ts (235 errors) ====
     /*
         Prefixes
         p -> public
@@ -348,8 +352,6 @@
         p6(pa1): void;
         p7(pa1, pa2): void;
         p7? (pa1, pa2): void;
-        ~~
-!!! error TS2386: Overload signatures must all be optional or required.
     }
     namespace M {
         var V;
@@ -454,8 +456,6 @@
             p6(pa1): void;
             p7(pa1, pa2): void;
             p7? (pa1, pa2): void;
-            ~~
-!!! error TS2386: Overload signatures must all be optional or required.
         }
         namespace M {
             var V;
@@ -577,8 +577,6 @@
             p6(pa1): void;
             p7(pa1, pa2): void;
             p7? (pa1, pa2): void;
-            ~~
-!!! error TS2386: Overload signatures must all be optional or required.
         }
         export namespace eM {
             var V;
@@ -622,6 +620,8 @@
             public get pgF()
                        ~~~
 !!! error TS2300: Duplicate identifier 'pgF'.
+                           ~
+!!! error TS1005: '{' expected.
             public psF(param:any) { }
                    ~~~
 !!! error TS2300: Duplicate identifier 'psF'.
@@ -630,6 +630,8 @@
             public set psF(param:any)
                        ~~~
 !!! error TS2300: Duplicate identifier 'psF'.
+                                    ~
+!!! error TS1005: '{' expected.
             private rgF() { }
                     ~~~
 !!! error TS2300: Duplicate identifier 'rgF'.
@@ -638,6 +640,8 @@
             private get rgF()
                         ~~~
 !!! error TS2300: Duplicate identifier 'rgF'.
+                            ~
+!!! error TS1005: '{' expected.
             private rsF(param:any) { }
                     ~~~
 !!! error TS2300: Duplicate identifier 'rsF'.
@@ -646,6 +650,8 @@
             private set rsF(param:any)
                         ~~~
 !!! error TS2300: Duplicate identifier 'rsF'.
+                                     ~
+!!! error TS1005: '{' expected.
             static tV;
             static tF() { }
                         ~
@@ -658,6 +664,8 @@
             static set tsF(param:any)
                        ~~~
 !!! error TS2300: Duplicate identifier 'tsF'.
+                                    ~
+!!! error TS1005: '{' expected.
             static tgF() { }
                    ~~~
 !!! error TS2300: Duplicate identifier 'tgF'.
@@ -666,14 +674,14 @@
             static get tgF()
                        ~~~
 !!! error TS2300: Duplicate identifier 'tgF'.
+                           ~
+!!! error TS1005: '{' expected.
         }
         export declare namespace eaM {
             var V;
             function F() { };
                          ~
 !!! error TS1183: An implementation cannot be declared in ambient contexts.
-                            ~
-!!! error TS1036: Statements are not allowed in ambient contexts.
             class C { }
             interface I { }
             namespace M { }
@@ -788,8 +796,6 @@
         p6(pa1): void;
         p7(pa1, pa2): void;
         p7? (pa1, pa2): void;
-        ~~
-!!! error TS2386: Overload signatures must all be optional or required.
     }
     export namespace eM {
         var V;
@@ -894,8 +900,6 @@
             p6(pa1): void;
             p7(pa1, pa2): void;
             p7? (pa1, pa2): void;
-            ~~
-!!! error TS2386: Overload signatures must all be optional or required.
         }
         namespace M {
             var V;
@@ -1017,8 +1021,6 @@
             p6(pa1): void;
             p7(pa1, pa2): void;
             p7? (pa1, pa2): void;
-            ~~
-!!! error TS2386: Overload signatures must all be optional or required.
         }
         export namespace eM {
             var V;
@@ -1062,6 +1064,8 @@
             public get pgF()
                        ~~~
 !!! error TS2300: Duplicate identifier 'pgF'.
+                           ~
+!!! error TS1005: '{' expected.
             public psF(param:any) { }
                    ~~~
 !!! error TS2300: Duplicate identifier 'psF'.
@@ -1070,6 +1074,8 @@
             public set psF(param:any)
                        ~~~
 !!! error TS2300: Duplicate identifier 'psF'.
+                                    ~
+!!! error TS1005: '{' expected.
             private rgF() { }
                     ~~~
 !!! error TS2300: Duplicate identifier 'rgF'.
@@ -1078,6 +1084,8 @@
             private get rgF()
                         ~~~
 !!! error TS2300: Duplicate identifier 'rgF'.
+                            ~
+!!! error TS1005: '{' expected.
             private rsF(param:any) { }
                     ~~~
 !!! error TS2300: Duplicate identifier 'rsF'.
@@ -1086,6 +1094,8 @@
             private set rsF(param:any)
                         ~~~
 !!! error TS2300: Duplicate identifier 'rsF'.
+                                     ~
+!!! error TS1005: '{' expected.
             static tV;
             static tF() { }
                         ~
@@ -1098,6 +1108,8 @@
             static set tsF(param:any)
                        ~~~
 !!! error TS2300: Duplicate identifier 'tsF'.
+                                    ~
+!!! error TS1005: '{' expected.
             static tgF() { }
                    ~~~
 !!! error TS2300: Duplicate identifier 'tgF'.
@@ -1106,14 +1118,14 @@
             static get tgF()
                        ~~~
 !!! error TS2300: Duplicate identifier 'tgF'.
+                           ~
+!!! error TS1005: '{' expected.
         }
         export declare namespace eaM {
             var V;
             function F() { };
                          ~
 !!! error TS1183: An implementation cannot be declared in ambient contexts.
-                            ~
-!!! error TS1036: Statements are not allowed in ambient contexts.
             class C { }
             interface I { }
             namespace M { }
@@ -1150,6 +1162,8 @@
         public get pgF()
                    ~~~
 !!! error TS2300: Duplicate identifier 'pgF'.
+                       ~
+!!! error TS1005: '{' expected.
         public psF(param:any) { }
                ~~~
 !!! error TS2300: Duplicate identifier 'psF'.
@@ -1158,6 +1172,8 @@
         public set psF(param:any)
                    ~~~
 !!! error TS2300: Duplicate identifier 'psF'.
+                                ~
+!!! error TS1005: '{' expected.
         private rgF() { }
                 ~~~
 !!! error TS2300: Duplicate identifier 'rgF'.
@@ -1166,6 +1182,8 @@
         private get rgF()
                     ~~~
 !!! error TS2300: Duplicate identifier 'rgF'.
+                        ~
+!!! error TS1005: '{' expected.
         private rsF(param:any) { }
                 ~~~
 !!! error TS2300: Duplicate identifier 'rsF'.
@@ -1174,6 +1192,8 @@
         private set rsF(param:any)
                     ~~~
 !!! error TS2300: Duplicate identifier 'rsF'.
+                                 ~
+!!! error TS1005: '{' expected.
         static tV;
         static tF() { }
                     ~
@@ -1186,6 +1206,8 @@
         static set tsF(param:any)
                    ~~~
 !!! error TS2300: Duplicate identifier 'tsF'.
+                                ~
+!!! error TS1005: '{' expected.
         static tgF() { }
                ~~~
 !!! error TS2300: Duplicate identifier 'tgF'.
@@ -1194,6 +1216,8 @@
         static get tgF()
                    ~~~
 !!! error TS2300: Duplicate identifier 'tgF'.
+                       ~
+!!! error TS1005: '{' expected.
     }
     export declare namespace eaM {
         var V;
@@ -1258,8 +1282,6 @@
             p6(pa1): void;
             p7(pa1, pa2): void;
             p7? (pa1, pa2): void;
-            ~~
-!!! error TS2386: Overload signatures must all be optional or required.
         }
         namespace M {
             var V;
@@ -1279,19 +1301,11 @@
             export interface eI { }
             export namespace eM { }
             export declare var eaV
-                   ~~~~~~~
-!!! error TS1038: A 'declare' modifier cannot be used in an already ambient context.
             export declare function eaF() { };
-                   ~~~~~~~
-!!! error TS1038: A 'declare' modifier cannot be used in an already ambient context.
                                           ~
 !!! error TS1183: An implementation cannot be declared in ambient contexts.
             export declare class eaC { }
-                   ~~~~~~~
-!!! error TS1038: A 'declare' modifier cannot be used in an already ambient context.
             export declare namespace eaM { }
-                   ~~~~~~~
-!!! error TS1038: A 'declare' modifier cannot be used in an already ambient context.
         }
         export var eV;
         export function eF() { };
@@ -1354,8 +1368,6 @@
             p6(pa1): void;
             p7(pa1, pa2): void;
             p7? (pa1, pa2): void;
-            ~~
-!!! error TS2386: Overload signatures must all be optional or required.
         }
         export namespace eM {
             var V;

</message>
<stacktrace>
  at org.junit.Assert.fail(Assert.java:89)
  at kotlin.test.junit.JUnitAsserter.fail(JUnitSupport.kt:56)
  at kotlin.test.AssertionsKt__AssertionsKt.fail(Assertions.kt:563)
  at kotlin.test.AssertionsKt.fail(Unknown Source)
  at com.xemantic.kotlin.test.SameAsKt.sameAs(SameAs.kt:52)
  at com.xemantic.typescript.compiler.TypeScriptTestSupportKt.errorsMatchBaseline(TypeScriptTestSupport.kt:135)
  at com.xemantic.typescript.compiler.TypeScriptCompilerTests_G.giant_ts has expected errors matching giant_errors_txt(TypeScriptCompilerTests_G.kt:2338)
  at java.base/jdk.internal.reflect.DirectMethodHandleAccessor.invoke(DirectMethodHandleAccessor.java:104)
  at java.base/java.lang.reflect.Method.invoke(Method.java:565)
  at org.junit.runners.model.FrameworkMethod$1.runReflectiveCall(FrameworkMethod.java:59)
  at org.junit.internal.runners.model.ReflectiveCallable.run(ReflectiveCallable.java:12)
  at org.junit.runners.model.FrameworkMethod.invokeExplosively(FrameworkMethod.java:56)
  at org.junit.internal.runners.statements.InvokeMethod.evaluate(InvokeMethod.java:17)
  at org.junit.runners.ParentRunner$3.evaluate(ParentRunner.java:306)
  at org.junit.runners.BlockJUnit4ClassRunner$1.evaluate(BlockJUnit4ClassRunner.java:100)
  at org.junit.runners.ParentRunner.runLeaf(ParentRunner.java:366)
  at org.junit.runners.BlockJUnit4ClassRunner.runChild(BlockJUnit4ClassRunner.java:103)
  at org.junit.runners.BlockJUnit4ClassRunner.runChild(BlockJUnit4ClassRunner.java:63)
  at org.junit.runners.ParentRunner$4.run(ParentRunner.java:331)
  at org.junit.runners.ParentRunner$1.schedule(ParentRunner.java:79)
  at org.junit.runners.ParentRunner.runChildren(ParentRunner.java:329)
  at org.junit.runners.ParentRunner.access$100(ParentRunner.java:66)
  at org.junit.runners.ParentRunner$2.evaluate(ParentRunner.java:293)
  at org.junit.runners.ParentRunner$3.evaluate(ParentRunner.java:306)
  at org.junit.runners.ParentRunner.run(ParentRunner.java:413)
  at org.junit.runner.JUnitCore.run(JUnitCore.java:137)
  at org.junit.runner.JUnitCore.run(JUnitCore.java:115)
  at org.gradle.api.internal.tasks.testing.junit.JUnitTestExecutor.runRequest(JUnitTestExecutor.java:175)
  at org.gradle.api.internal.tasks.testing.junit.JUnitTestExecutor.accept(JUnitTestExecutor.java:84)
  at org.gradle.api.internal.tasks.testing.junit.JUnitTestExecutor.accept(JUnitTestExecutor.java:47)
  at org.gradle.api.internal.tasks.testing.junit.AbstractJUnitTestDefinitionProcessor.processTestDefinition(AbstractJUnitTestDefinitionProcessor.java:65)
  at org.gradle.api.internal.tasks.testing.SuiteTestDefinitionProcessor.processTestDefinition(SuiteTestDefinitionProcessor.java:54)
  at java.base/jdk.internal.reflect.DirectMethodHandleAccessor.invoke(DirectMethodHandleAccessor.java:104)
  at java.base/java.lang.reflect.Method.invoke(Method.java:565)
  at org.gradle.internal.dispatch.MethodInvocation.invokeOn(MethodInvocation.java:77)
  at org.gradle.internal.dispatch.ReflectionDispatch.dispatch(ReflectionDispatch.java:28)
  at org.gradle.internal.dispatch.ReflectionDispatch.dispatch(ReflectionDispatch.java:19)
  at org.gradle.internal.dispatch.ContextClassLoaderDispatch.dispatch(ContextClassLoaderDispatch.java:33)
  at org.gradle.internal.dispatch.ProxyDispatchAdapter$DispatchingInvocationHandler.invoke(ProxyDispatchAdapter.java:88)
  at jdk.proxy1/jdk.proxy1.$Proxy4.processTestDefinition(Unknown Source)
  at org.gradle.api.internal.tasks.testing.worker.TestWorker$2.run(TestWorker.java:178)
  at org.gradle.api.internal.tasks.testing.worker.TestWorker.executeAndMaintainThreadName(TestWorker.java:126)
  at org.gradle.api.internal.tasks.testing.worker.TestWorker.execute(TestWorker.java:103)
  at org.gradle.api.internal.tasks.testing.worker.TestWorker.execute(TestWorker.java:63)
  at org.gradle.process.internal.worker.child.ActionExecutionWorker.execute(ActionExecutionWorker.java:56)
  at org.gradle.process.internal.worker.child.SystemApplicationClassLoaderWorker.call(SystemApplicationClassLoaderWorker.java:122)
  at org.gradle.process.internal.worker.child.SystemApplicationClassLoaderWorker.call(SystemApplicationClassLoaderWorker.java:72)
  at worker.org.gradle.process.internal.worker.GradleWorkerMain.run(GradleWorkerMain.java:69)
  at worker.org.gradle.process.internal.worker.GradleWorkerMain.main(GradleWorkerMain.java:74)
</stacktrace>
</test-failure>


TypeScriptCompilerTests_G[jvm] > giant_ts has expected errors matching giant_errors_txt[jvm] FAILED

<test-failure test="com.xemantic.typescript.compiler.TypeScriptCompilerTests_G.genericTypeAssertions2_ts has expected errors matching genericTypeAssertions2_errors_txt" platform="jvm">
<message>
--- expected
+++ actual
@@ -1,16 +1,8 @@
 genericTypeAssertions2.ts(4,9): error TS2322: Type 'null' is not assignable to type 'T'.
   'T' could be instantiated with an arbitrary type which could be unrelated to 'null'.
-genericTypeAssertions2.ts(10,5): error TS2322: Type 'B<string>' is not assignable to type 'A<number>'.
-  Types of property 'foo' are incompatible.
-    Type '(x: string) => void' is not assignable to type '(x: number) => void'.
-      Types of parameters 'x' and 'x' are incompatible.
-        Type 'number' is not assignable to type 'string'.
-genericTypeAssertions2.ts(11,5): error TS2741: Property 'bar' is missing in type 'A<number>' but required in type 'B<number>'.
-genericTypeAssertions2.ts(13,21): error TS2352: Conversion of type 'never[]' to type 'A<number>' may be a mistake because neither type sufficiently overlaps with the other. If this was intentional, convert the expression to 'unknown' first.
-  Property 'foo' is missing in type 'never[]' but required in type 'A<number>'.
 
 
-==== genericTypeAssertions2.ts (4 errors) ====
+==== genericTypeAssertions2.ts (1 errors) ====
     class A<T> { foo(x: T) { } }
     class B<T> extends A<T> {
         bar(): T {
@@ -24,19 +16,6 @@
     var foo = new A<number>();
     var r: A<string> = <B<string>>new B();
     var r2: A<number> = <B<string>>new B(); // error
-        ~~
-!!! error TS2322: Type 'B<string>' is not assignable to type 'A<number>'.
-!!! error TS2322:   Types of property 'foo' are incompatible.
-!!! error TS2322:     Type '(x: string) => void' is not assignable to type '(x: number) => void'.
-!!! error TS2322:       Types of parameters 'x' and 'x' are incompatible.
-!!! error TS2322:         Type 'number' is not assignable to type 'string'.
     var r3: B<number> = <A<number>>new B(); // error
-        ~~
-!!! error TS2741: Property 'bar' is missing in type 'A<number>' but required in type 'B<number>'.
-!!! related TS2728 genericTypeAssertions2.ts:3:5: 'bar' is declared here.
     var r4: A<number> = <A<number>>new A();
     var r5: A<number> = <A<number>>[]; // error
-                        ~~~~~~~~~~~~~
-!!! error TS2352: Conversion of type 'never[]' to type 'A<number>' may be a mistake because neither type sufficiently overlaps with the other. If this was intentional, convert the expression to 'unknown' first.
-!!! error TS2352:   Property 'foo' is missing in type 'never[]' but required in type 'A<number>'.
-!!! related TS2728 genericTypeAssertions2.ts:1:14: 'foo' is declared here.

</message>
<stacktrace>
  at org.junit.Assert.fail(Assert.java:89)
  at kotlin.test.junit.JUnitAsserter.fail(JUnitSupport.kt:56)
  at kotlin.test.AssertionsKt__AssertionsKt.fail(Assertions.kt:563)
  at kotlin.test.AssertionsKt.fail(Unknown Source)
  at com.xemantic.kotlin.test.SameAsKt.sameAs(SameAs.kt:52)
  at com.xemantic.typescript.compiler.TypeScriptTestSupportKt.errorsMatchBaseline(TypeScriptTestSupport.kt:135)
  at com.xemantic.typescript.compiler.TypeScriptCompilerTests_G.genericTypeAssertions2_ts has expected errors matching genericTypeAssertions2_errors_txt(TypeScriptCompilerTests_G.kt:1708)
  at java.base/jdk.internal.reflect.DirectMethodHandleAccessor.invoke(DirectMethodHandleAccessor.java:104)
  at java.base/java.lang.reflect.Method.invoke(Method.java:565)
  at org.junit.runners.model.FrameworkMethod$1.runReflectiveCall(FrameworkMethod.java:59)
  at org.junit.internal.runners.model.ReflectiveCallable.run(ReflectiveCallable.java:12)
  at org.junit.runners.model.FrameworkMethod.invokeExplosively(FrameworkMethod.java:56)
  at org.junit.internal.runners.statements.InvokeMethod.evaluate(InvokeMethod.java:17)
  at org.junit.runners.ParentRunner$3.evaluate(ParentRunner.java:306)
  at org.junit.runners.BlockJUnit4ClassRunner$1.evaluate(BlockJUnit4ClassRunner.java:100)
  at org.junit.runners.ParentRunner.runLeaf(ParentRunner.java:366)
  at org.junit.runners.BlockJUnit4ClassRunner.runChild(BlockJUnit4ClassRunner.java:103)
  at org.junit.runners.BlockJUnit4ClassRunner.runChild(BlockJUnit4ClassRunner.java:63)
  at org.junit.runners.ParentRunner$4.run(ParentRunner.java:331)
  at org.junit.runners.ParentRunner$1.schedule(ParentRunner.java:79)
  at org.junit.runners.ParentRunner.runChildren(ParentRunner.java:329)
  at org.junit.runners.ParentRunner.access$100(ParentRunner.java:66)
  at org.junit.runners.ParentRunner$2.evaluate(ParentRunner.java:293)
  at org.junit.runners.ParentRunner$3.evaluate(ParentRunner.java:306)
  at org.junit.runners.ParentRunner.run(ParentRunner.java:413)
  at org.junit.runner.JUnitCore.run(JUnitCore.java:137)
  at org.junit.runner.JUnitCore.run(JUnitCore.java:115)
  at org.gradle.api.internal.tasks.testing.junit.JUnitTestExecutor.runRequest(JUnitTestExecutor.java:175)
  at org.gradle.api.internal.tasks.testing.junit.JUnitTestExecutor.accept(JUnitTestExecutor.java:84)
  at org.gradle.api.internal.tasks.testing.junit.JUnitTestExecutor.accept(JUnitTestExecutor.java:47)
  at org.gradle.api.internal.tasks.testing.junit.AbstractJUnitTestDefinitionProcessor.processTestDefinition(AbstractJUnitTestDefinitionProcessor.java:65)
  at org.gradle.api.internal.tasks.testing.SuiteTestDefinitionProcessor.processTestDefinition(SuiteTestDefinitionProcessor.java:54)
  at java.base/jdk.internal.reflect.DirectMethodHandleAccessor.invoke(DirectMethodHandleAccessor.java:104)
  at java.base/java.lang.reflect.Method.invoke(Method.java:565)
  at org.gradle.internal.dispatch.MethodInvocation.invokeOn(MethodInvocation.java:77)
  at org.gradle.internal.dispatch.ReflectionDispatch.dispatch(ReflectionDispatch.java:28)
  at org.gradle.internal.dispatch.ReflectionDispatch.dispatch(ReflectionDispatch.java:19)
  at org.gradle.internal.dispatch.ContextClassLoaderDispatch.dispatch(ContextClassLoaderDispatch.java:33)
  at org.gradle.internal.dispatch.ProxyDispatchAdapter$DispatchingInvocationHandler.invoke(ProxyDispatchAdapter.java:88)
  at jdk.proxy1/jdk.proxy1.$Proxy4.processTestDefinition(Unknown Source)
  at org.gradle.api.internal.tasks.testing.worker.TestWorker$2.run(TestWorker.java:178)
  at org.gradle.api.internal.tasks.testing.worker.TestWorker.executeAndMaintainThreadName(TestWorker.java:126)
  at org.gradle.api.internal.tasks.testing.worker.TestWorker.execute(TestWorker.java:103)
  at org.gradle.api.internal.tasks.testing.worker.TestWorker.execute(TestWorker.java:63)
  at org.gradle.process.internal.worker.child.ActionExecutionWorker.execute(ActionExecutionWorker.java:56)
  at org.gradle.process.internal.worker.child.SystemApplicationClassLoaderWorker.call(SystemApplicationClassLoaderWorker.java:122)
  at org.gradle.process.internal.worker.child.SystemApplicationClassLoaderWorker.call(SystemApplicationClassLoaderWorker.java:72)
  at worker.org.gradle.process.internal.worker.GradleWorkerMain.run(GradleWorkerMain.java:69)
  at worker.org.gradle.process.internal.worker.GradleWorkerMain.main(GradleWorkerMain.java:74)
</stacktrace>
</test-failure>


TypeScriptCompilerTests_G[jvm] > genericTypeAssertions2_ts has expected errors matching genericTypeAssertions2_errors_txt[jvm] FAILED

<test-failure test="com.xemantic.typescript.compiler.TypeScriptCompilerTests_G.genericDerivedTypeWithSpecializedBase_ts has expected errors matching genericDerivedTypeWithSpecializedBase_errors_txt" platform="jvm">
<message>
--- expected
+++ actual
@@ -1,11 +1,8 @@
 genericDerivedTypeWithSpecializedBase.ts(2,5): error TS2564: Property 'x' has no initializer and is not definitely assigned in the constructor.
 genericDerivedTypeWithSpecializedBase.ts(6,5): error TS2564: Property 'y' has no initializer and is not definitely assigned in the constructor.
-genericDerivedTypeWithSpecializedBase.ts(11,1): error TS2322: Type 'B<number>' is not assignable to type 'A<number>'.
-  Types of property 'x' are incompatible.
-    Type 'string' is not assignable to type 'number'.
 
 
-==== genericDerivedTypeWithSpecializedBase.ts (3 errors) ====
+==== genericDerivedTypeWithSpecializedBase.ts (2 errors) ====
     class A<T> {
         x: T;
         ~
@@ -21,7 +18,3 @@
     declare var x: A<number>;
     declare var y: B<number>;
     x = y;  // error
-    ~
-!!! error TS2322: Type 'B<number>' is not assignable to type 'A<number>'.
-!!! error TS2322:   Types of property 'x' are incompatible.
-!!! error TS2322:     Type 'string' is not assignable to type 'number'.

</message>
<stacktrace>
  at org.junit.Assert.fail(Assert.java:89)
  at kotlin.test.junit.JUnitAsserter.fail(JUnitSupport.kt:56)
  at kotlin.test.AssertionsKt__AssertionsKt.fail(Assertions.kt:563)
  at kotlin.test.AssertionsKt.fail(Unknown Source)
  at com.xemantic.kotlin.test.SameAsKt.sameAs(SameAs.kt:52)
  at com.xemantic.typescript.compiler.TypeScriptTestSupportKt.errorsMatchBaseline(TypeScriptTestSupport.kt:135)
  at com.xemantic.typescript.compiler.TypeScriptCompilerTests_G.genericDerivedTypeWithSpecializedBase_ts has expected errors matching genericDerivedTypeWithSpecializedBase_errors_txt(TypeScriptCompilerTests_G.kt:847)
  at java.base/jdk.internal.reflect.DirectMethodHandleAccessor.invoke(DirectMethodHandleAccessor.java:104)
  at java.base/java.lang.reflect.Method.invoke(Method.java:565)
  at org.junit.runners.model.FrameworkMethod$1.runReflectiveCall(FrameworkMethod.java:59)
  at org.junit.internal.runners.model.ReflectiveCallable.run(ReflectiveCallable.java:12)
  at org.junit.runners.model.FrameworkMethod.invokeExplosively(FrameworkMethod.java:56)
  at org.junit.internal.runners.statements.InvokeMethod.evaluate(InvokeMethod.java:17)
  at org.junit.runners.ParentRunner$3.evaluate(ParentRunner.java:306)
  at org.junit.runners.BlockJUnit4ClassRunner$1.evaluate(BlockJUnit4ClassRunner.java:100)
  at org.junit.runners.ParentRunner.runLeaf(ParentRunner.java:366)
  at org.junit.runners.BlockJUnit4ClassRunner.runChild(BlockJUnit4ClassRunner.java:103)
  at org.junit.runners.BlockJUnit4ClassRunner.runChild(BlockJUnit4ClassRunner.java:63)
  at org.junit.runners.ParentRunner$4.run(ParentRunner.java:331)
  at org.junit.runners.ParentRunner$1.schedule(ParentRunner.java:79)
  at org.junit.runners.ParentRunner.runChildren(ParentRunner.java:329)
  at org.junit.runners.ParentRunner.access$100(ParentRunner.java:66)
  at org.junit.runners.ParentRunner$2.evaluate(ParentRunner.java:293)
  at org.junit.runners.ParentRunner$3.evaluate(ParentRunner.java:306)
  at org.junit.runners.ParentRunner.run(ParentRunner.java:413)
  at org.junit.runner.JUnitCore.run(JUnitCore.java:137)
  at org.junit.runner.JUnitCore.run(JUnitCore.java:115)
  at org.gradle.api.internal.tasks.testing.junit.JUnitTestExecutor.runRequest(JUnitTestExecutor.java:175)
  at org.gradle.api.internal.tasks.testing.junit.JUnitTestExecutor.accept(JUnitTestExecutor.java:84)
  at org.gradle.api.internal.tasks.testing.junit.JUnitTestExecutor.accept(JUnitTestExecutor.java:47)
  at org.gradle.api.internal.tasks.testing.junit.AbstractJUnitTestDefinitionProcessor.processTestDefinition(AbstractJUnitTestDefinitionProcessor.java:65)
  at org.gradle.api.internal.tasks.testing.SuiteTestDefinitionProcessor.processTestDefinition(SuiteTestDefinitionProcessor.java:54)
  at java.base/jdk.internal.reflect.DirectMethodHandleAccessor.invoke(DirectMethodHandleAccessor.java:104)
  at java.base/java.lang.reflect.Method.invoke(Method.java:565)
  at org.gradle.internal.dispatch.MethodInvocation.invokeOn(MethodInvocation.java:77)
  at org.gradle.internal.dispatch.ReflectionDispatch.dispatch(ReflectionDispatch.java:28)
  at org.gradle.internal.dispatch.ReflectionDispatch.dispatch(ReflectionDispatch.java:19)
  at org.gradle.internal.dispatch.ContextClassLoaderDispatch.dispatch(ContextClassLoaderDispatch.java:33)
  at org.gradle.internal.dispatch.ProxyDispatchAdapter$DispatchingInvocationHandler.invoke(ProxyDispatchAdapter.java:88)
  at jdk.proxy1/jdk.proxy1.$Proxy4.processTestDefinition(Unknown Source)
  at org.gradle.api.internal.tasks.testing.worker.TestWorker$2.run(TestWorker.java:178)
  at org.gradle.api.internal.tasks.testing.worker.TestWorker.executeAndMaintainThreadName(TestWorker.java:126)
  at org.gradle.api.internal.tasks.testing.worker.TestWorker.execute(TestWorker.java:103)
  at org.gradle.api.internal.tasks.testing.worker.TestWorker.execute(TestWorker.java:63)
  at org.gradle.process.internal.worker.child.ActionExecutionWorker.execute(ActionExecutionWorker.java:56)
  at org.gradle.process.internal.worker.child.SystemApplicationClassLoaderWorker.call(SystemApplicationClassLoaderWorker.java:122)
  at org.gradle.process.internal.worker.child.SystemApplicationClassLoaderWorker.call(SystemApplicationClassLoaderWorker.java:72)
  at worker.org.gradle.process.internal.worker.GradleWorkerMain.run(GradleWorkerMain.java:69)
  at worker.org.gradle.process.internal.worker.GradleWorkerMain.main(GradleWorkerMain.java:74)
</stacktrace>
</test-failure>


TypeScriptCompilerTests_G[jvm] > genericDerivedTypeWithSpecializedBase_ts has expected errors matching genericDerivedTypeWithSpecializedBase_errors_txt[jvm] FAILED

<test-failure test="com.xemantic.typescript.compiler.TypeScriptCompilerTests_G.globalThisDeclarationEmit_ts has expected errors matching globalThisDeclarationEmit_errors_txt" platform="jvm">
<message>
Expected diagnostics from baseline typescript-repo/tests/baselines/reference/globalThisDeclarationEmit.errors.txt but none produced
</message>
<stacktrace>
  at com.xemantic.typescript.compiler.TypeScriptTestSupportKt.errorsMatchBaseline(TypeScriptTestSupport.kt:125)
  at com.xemantic.typescript.compiler.TypeScriptCompilerTests_G.globalThisDeclarationEmit_ts has expected errors matching globalThisDeclarationEmit_errors_txt(TypeScriptCompilerTests_G.kt:2387)
  at java.base/jdk.internal.reflect.DirectMethodHandleAccessor.invoke(DirectMethodHandleAccessor.java:104)
  at java.base/java.lang.reflect.Method.invoke(Method.java:565)
  at org.junit.runners.model.FrameworkMethod$1.runReflectiveCall(FrameworkMethod.java:59)
  at org.junit.internal.runners.model.ReflectiveCallable.run(ReflectiveCallable.java:12)
  at org.junit.runners.model.FrameworkMethod.invokeExplosively(FrameworkMethod.java:56)
  at org.junit.internal.runners.statements.InvokeMethod.evaluate(InvokeMethod.java:17)
  at org.junit.runners.ParentRunner$3.evaluate(ParentRunner.java:306)
  at org.junit.runners.BlockJUnit4ClassRunner$1.evaluate(BlockJUnit4ClassRunner.java:100)
  at org.junit.runners.ParentRunner.runLeaf(ParentRunner.java:366)
  at org.junit.runners.BlockJUnit4ClassRunner.runChild(BlockJUnit4ClassRunner.java:103)
  at org.junit.runners.BlockJUnit4ClassRunner.runChild(BlockJUnit4ClassRunner.java:63)
  at org.junit.runners.ParentRunner$4.run(ParentRunner.java:331)
  at org.junit.runners.ParentRunner$1.schedule(ParentRunner.java:79)
  at org.junit.runners.ParentRunner.runChildren(ParentRunner.java:329)
  at org.junit.runners.ParentRunner.access$100(ParentRunner.java:66)
  at org.junit.runners.ParentRunner$2.evaluate(ParentRunner.java:293)
  at org.junit.runners.ParentRunner$3.evaluate(ParentRunner.java:306)
  at org.junit.runners.ParentRunner.run(ParentRunner.java:413)
  at org.junit.runner.JUnitCore.run(JUnitCore.java:137)
  at org.junit.runner.JUnitCore.run(JUnitCore.java:115)
  at org.gradle.api.internal.tasks.testing.junit.JUnitTestExecutor.runRequest(JUnitTestExecutor.java:175)
  at org.gradle.api.internal.tasks.testing.junit.JUnitTestExecutor.accept(JUnitTestExecutor.java:84)
  at org.gradle.api.internal.tasks.testing.junit.JUnitTestExecutor.accept(JUnitTestExecutor.java:47)
  at org.gradle.api.internal.tasks.testing.junit.AbstractJUnitTestDefinitionProcessor.processTestDefinition(AbstractJUnitTestDefinitionProcessor.java:65)
  at org.gradle.api.internal.tasks.testing.SuiteTestDefinitionProcessor.processTestDefinition(SuiteTestDefinitionProcessor.java:54)
  at java.base/jdk.internal.reflect.DirectMethodHandleAccessor.invoke(DirectMethodHandleAccessor.java:104)
  at java.base/java.lang.reflect.Method.invoke(Method.java:565)
  at org.gradle.internal.dispatch.MethodInvocation.invokeOn(MethodInvocation.java:77)
  at org.gradle.internal.dispatch.ReflectionDispatch.dispatch(ReflectionDispatch.java:28)
  at org.gradle.internal.dispatch.ReflectionDispatch.dispatch(ReflectionDispatch.java:19)
  at org.gradle.internal.dispatch.ContextClassLoaderDispatch.dispatch(ContextClassLoaderDispatch.java:33)
  at org.gradle.internal.dispatch.ProxyDispatchAdapter$DispatchingInvocationHandler.invoke(ProxyDispatchAdapter.java:88)
  at jdk.proxy1/jdk.proxy1.$Proxy4.processTestDefinition(Unknown Source)
  at org.gradle.api.internal.tasks.testing.worker.TestWorker$2.run(TestWorker.java:178)
  at org.gradle.api.internal.tasks.testing.worker.TestWorker.executeAndMaintainThreadName(TestWorker.java:126)
  at org.gradle.api.internal.tasks.testing.worker.TestWorker.execute(TestWorker.java:103)
  at org.gradle.api.internal.tasks.testing.worker.TestWorker.execute(TestWorker.java:63)
  at org.gradle.process.internal.worker.child.ActionExecutionWorker.execute(ActionExecutionWorker.java:56)
  at org.gradle.process.internal.worker.child.SystemApplicationClassLoaderWorker.call(SystemApplicationClassLoaderWorker.java:122)
  at org.gradle.process.internal.worker.child.SystemApplicationClassLoaderWorker.call(SystemApplicationClassLoaderWorker.java:72)
  at worker.org.gradle.process.internal.worker.GradleWorkerMain.run(GradleWorkerMain.java:69)
  at worker.org.gradle.process.internal.worker.GradleWorkerMain.main(GradleWorkerMain.java:74)
</stacktrace>
</test-failure>


TypeScriptCompilerTests_G[jvm] > globalThisDeclarationEmit_ts has expected errors matching globalThisDeclarationEmit_errors_txt[jvm] FAILED

<test-failure test="com.xemantic.typescript.compiler.TypeScriptCompilerTests_G.genericConstructorFunction1_ts has expected errors matching genericConstructorFunction1_errors_txt" platform="jvm">
<message>
Expected diagnostics from baseline typescript-repo/tests/baselines/reference/genericConstructorFunction1.errors.txt but none produced
</message>
<stacktrace>
  at com.xemantic.typescript.compiler.TypeScriptTestSupportKt.errorsMatchBaseline(TypeScriptTestSupport.kt:125)
  at com.xemantic.typescript.compiler.TypeScriptCompilerTests_G.genericConstructorFunction1_ts has expected errors matching genericConstructorFunction1_errors_txt(TypeScriptCompilerTests_G.kt:791)
  at java.base/jdk.internal.reflect.DirectMethodHandleAccessor.invoke(DirectMethodHandleAccessor.java:104)
  at java.base/java.lang.reflect.Method.invoke(Method.java:565)
  at org.junit.runners.model.FrameworkMethod$1.runReflectiveCall(FrameworkMethod.java:59)
  at org.junit.internal.runners.model.ReflectiveCallable.run(ReflectiveCallable.java:12)
  at org.junit.runners.model.FrameworkMethod.invokeExplosively(FrameworkMethod.java:56)
  at org.junit.internal.runners.statements.InvokeMethod.evaluate(InvokeMethod.java:17)
  at org.junit.runners.ParentRunner$3.evaluate(ParentRunner.java:306)
  at org.junit.runners.BlockJUnit4ClassRunner$1.evaluate(BlockJUnit4ClassRunner.java:100)
  at org.junit.runners.ParentRunner.runLeaf(ParentRunner.java:366)
  at org.junit.runners.BlockJUnit4ClassRunner.runChild(BlockJUnit4ClassRunner.java:103)
  at org.junit.runners.BlockJUnit4ClassRunner.runChild(BlockJUnit4ClassRunner.java:63)
  at org.junit.runners.ParentRunner$4.run(ParentRunner.java:331)
  at org.junit.runners.ParentRunner$1.schedule(ParentRunner.java:79)
  at org.junit.runners.ParentRunner.runChildren(ParentRunner.java:329)
  at org.junit.runners.ParentRunner.access$100(ParentRunner.java:66)
  at org.junit.runners.ParentRunner$2.evaluate(ParentRunner.java:293)
  at org.junit.runners.ParentRunner$3.evaluate(ParentRunner.java:306)
  at org.junit.runners.ParentRunner.run(ParentRunner.java:413)
  at org.junit.runner.JUnitCore.run(JUnitCore.java:137)
  at org.junit.runner.JUnitCore.run(JUnitCore.java:115)
  at org.gradle.api.internal.tasks.testing.junit.JUnitTestExecutor.runRequest(JUnitTestExecutor.java:175)
  at org.gradle.api.internal.tasks.testing.junit.JUnitTestExecutor.accept(JUnitTestExecutor.java:84)
  at org.gradle.api.internal.tasks.testing.junit.JUnitTestExecutor.accept(JUnitTestExecutor.java:47)
  at org.gradle.api.internal.tasks.testing.junit.AbstractJUnitTestDefinitionProcessor.processTestDefinition(AbstractJUnitTestDefinitionProcessor.java:65)
  at org.gradle.api.internal.tasks.testing.SuiteTestDefinitionProcessor.processTestDefinition(SuiteTestDefinitionProcessor.java:54)
  at java.base/jdk.internal.reflect.DirectMethodHandleAccessor.invoke(DirectMethodHandleAccessor.java:104)
  at java.base/java.lang.reflect.Method.invoke(Method.java:565)
  at org.gradle.internal.dispatch.MethodInvocation.invokeOn(MethodInvocation.java:77)
  at org.gradle.internal.dispatch.ReflectionDispatch.dispatch(ReflectionDispatch.java:28)
  at org.gradle.internal.dispatch.ReflectionDispatch.dispatch(ReflectionDispatch.java:19)
  at org.gradle.internal.dispatch.ContextClassLoaderDispatch.dispatch(ContextClassLoaderDispatch.java:33)
  at org.gradle.internal.dispatch.ProxyDispatchAdapter$DispatchingInvocationHandler.invoke(ProxyDispatchAdapter.java:88)
  at jdk.proxy1/jdk.proxy1.$Proxy4.processTestDefinition(Unknown Source)
  at org.gradle.api.internal.tasks.testing.worker.TestWorker$2.run(TestWorker.java:178)
  at org.gradle.api.internal.tasks.testing.worker.TestWorker.executeAndMaintainThreadName(TestWorker.java:126)
  at org.gradle.api.internal.tasks.testing.worker.TestWorker.execute(TestWorker.java:103)
  at org.gradle.api.internal.tasks.testing.worker.TestWorker.execute(TestWorker.java:63)
  at org.gradle.process.internal.worker.child.ActionExecutionWorker.execute(ActionExecutionWorker.java:56)
  at org.gradle.process.internal.worker.child.SystemApplicationClassLoaderWorker.call(SystemApplicationClassLoaderWorker.java:122)
  at org.gradle.process.internal.worker.child.SystemApplicationClassLoaderWorker.call(SystemApplicationClassLoaderWorker.java:72)
  at worker.org.gradle.process.internal.worker.GradleWorkerMain.run(GradleWorkerMain.java:69)
  at worker.org.gradle.process.internal.worker.GradleWorkerMain.main(GradleWorkerMain.java:74)
</stacktrace>
</test-failure>


TypeScriptCompilerTests_G[jvm] > genericConstructorFunction1_ts has expected errors matching genericConstructorFunction1_errors_txt[jvm] FAILED

<test-failure test="com.xemantic.typescript.compiler.TypeScriptCompilerTests_G.genericRecursiveImplicitConstructorErrors1_ts has expected errors matching genericRecursiveImplicitConstructorErrors1_errors_txt" platform="jvm">
<message>
--- expected
+++ actual
@@ -1,9 +1,8 @@
 error TS5107: Option 'module=AMD' is deprecated and will stop functioning in TypeScript 7.0. Specify compilerOption '"ignoreDeprecations": "6.0"' to silence this error.
-genericRecursiveImplicitConstructorErrors1.ts(9,49): error TS2314: Generic type 'PullTypeSymbol<A, B, C>' requires 3 type argument(s).
 
 
 !!! error TS5107: Option 'module=AMD' is deprecated and will stop functioning in TypeScript 7.0. Specify compilerOption '"ignoreDeprecations": "6.0"' to silence this error.
-==== genericRecursiveImplicitConstructorErrors1.ts (1 errors) ====
+==== genericRecursiveImplicitConstructorErrors1.ts (0 errors) ====
     export declare namespace TypeScript {
       class PullSymbol { }
       class PullSignatureSymbol <A,B,C> extends PullSymbol {
@@ -13,7 +12,5 @@
         public findTypeParameter<A,B,C>(name: string): PullTypeParameterSymbol<A,B,C>;
       }
       class PullTypeParameterSymbol <A,B,C> extends PullTypeSymbol {
-                                                    ~~~~~~~~~~~~~~
-!!! error TS2314: Generic type 'PullTypeSymbol<A, B, C>' requires 3 type argument(s).
       }
     }

</message>
<stacktrace>
  at org.junit.Assert.fail(Assert.java:89)
  at kotlin.test.junit.JUnitAsserter.fail(JUnitSupport.kt:56)
  at kotlin.test.AssertionsKt__AssertionsKt.fail(Assertions.kt:563)
  at kotlin.test.AssertionsKt.fail(Unknown Source)
  at com.xemantic.kotlin.test.SameAsKt.sameAs(SameAs.kt:52)
  at com.xemantic.typescript.compiler.TypeScriptTestSupportKt.errorsMatchBaseline(TypeScriptTestSupport.kt:135)
  at com.xemantic.typescript.compiler.TypeScriptCompilerTests_G.genericRecursiveImplicitConstructorErrors1_ts has expected errors matching genericRecursiveImplicitConstructorErrors1_errors_txt(TypeScriptCompilerTests_G.kt:1463)
  at java.base/jdk.internal.reflect.DirectMethodHandleAccessor.invoke(DirectMethodHandleAccessor.java:104)
  at java.base/java.lang.reflect.Method.invoke(Method.java:565)
  at org.junit.runners.model.FrameworkMethod$1.runReflectiveCall(FrameworkMethod.java:59)
  at org.junit.internal.runners.model.ReflectiveCallable.run(ReflectiveCallable.java:12)
  at org.junit.runners.model.FrameworkMethod.invokeExplosively(FrameworkMethod.java:56)
  at org.junit.internal.runners.statements.InvokeMethod.evaluate(InvokeMethod.java:17)
  at org.junit.runners.ParentRunner$3.evaluate(ParentRunner.java:306)
  at org.junit.runners.BlockJUnit4ClassRunner$1.evaluate(BlockJUnit4ClassRunner.java:100)
  at org.junit.runners.ParentRunner.runLeaf(ParentRunner.java:366)
  at org.junit.runners.BlockJUnit4ClassRunner.runChild(BlockJUnit4ClassRunner.java:103)
  at org.junit.runners.BlockJUnit4ClassRunner.runChild(BlockJUnit4ClassRunner.java:63)
  at org.junit.runners.ParentRunner$4.run(ParentRunner.java:331)
  at org.junit.runners.ParentRunner$1.schedule(ParentRunner.java:79)
  at org.junit.runners.ParentRunner.runChildren(ParentRunner.java:329)
  at org.junit.runners.ParentRunner.access$100(ParentRunner.java:66)
  at org.junit.runners.ParentRunner$2.evaluate(ParentRunner.java:293)
  at org.junit.runners.ParentRunner$3.evaluate(ParentRunner.java:306)
  at org.junit.runners.ParentRunner.run(ParentRunner.java:413)
  at org.junit.runner.JUnitCore.run(JUnitCore.java:137)
  at org.junit.runner.JUnitCore.run(JUnitCore.java:115)
  at org.gradle.api.internal.tasks.testing.junit.JUnitTestExecutor.runRequest(JUnitTestExecutor.java:175)
  at org.gradle.api.internal.tasks.testing.junit.JUnitTestExecutor.accept(JUnitTestExecutor.java:84)
  at org.gradle.api.internal.tasks.testing.junit.JUnitTestExecutor.accept(JUnitTestExecutor.java:47)
  at org.gradle.api.internal.tasks.testing.junit.AbstractJUnitTestDefinitionProcessor.processTestDefinition(AbstractJUnitTestDefinitionProcessor.java:65)
  at org.gradle.api.internal.tasks.testing.SuiteTestDefinitionProcessor.processTestDefinition(SuiteTestDefinitionProcessor.java:54)
  at java.base/jdk.internal.reflect.DirectMethodHandleAccessor.invoke(DirectMethodHandleAccessor.java:104)
  at java.base/java.lang.reflect.Method.invoke(Method.java:565)
  at org.gradle.internal.dispatch.MethodInvocation.invokeOn(MethodInvocation.java:77)
  at org.gradle.internal.dispatch.ReflectionDispatch.dispatch(ReflectionDispatch.java:28)
  at org.gradle.internal.dispatch.ReflectionDispatch.dispatch(ReflectionDispatch.java:19)
  at org.gradle.internal.dispatch.ContextClassLoaderDispatch.dispatch(ContextClassLoaderDispatch.java:33)
  at org.gradle.internal.dispatch.ProxyDispatchAdapter$DispatchingInvocationHandler.invoke(ProxyDispatchAdapter.java:88)
  at jdk.proxy1/jdk.proxy1.$Proxy4.processTestDefinition(Unknown Source)
  at org.gradle.api.internal.tasks.testing.worker.TestWorker$2.run(TestWorker.java:178)
  at org.gradle.api.internal.tasks.testing.worker.TestWorker.executeAndMaintainThreadName(TestWorker.java:126)
  at org.gradle.api.internal.tasks.testing.worker.TestWorker.execute(TestWorker.java:103)
  at org.gradle.api.internal.tasks.testing.worker.TestWorker.execute(TestWorker.java:63)
  at org.gradle.process.internal.worker.child.ActionExecutionWorker.execute(ActionExecutionWorker.java:56)
  at org.gradle.process.internal.worker.child.SystemApplicationClassLoaderWorker.call(SystemApplicationClassLoaderWorker.java:122)
  at org.gradle.process.internal.worker.child.SystemApplicationClassLoaderWorker.call(SystemApplicationClassLoaderWorker.java:72)
  at worker.org.gradle.process.internal.worker.GradleWorkerMain.run(GradleWorkerMain.java:69)
  at worker.org.gradle.process.internal.worker.GradleWorkerMain.main(GradleWorkerMain.java:74)
</stacktrace>
</test-failure>


TypeScriptCompilerTests_G[jvm] > genericRecursiveImplicitConstructorErrors1_ts has expected errors matching genericRecursiveImplicitConstructorErrors1_errors_txt[jvm] FAILED

<test-failure test="com.xemantic.typescript.compiler.TypeScriptCompilerTests_G.genericOfACloduleType1_ts has expected errors matching genericOfACloduleType1_errors_txt" platform="jvm">
<message>
Expected diagnostics from baseline typescript-repo/tests/baselines/reference/genericOfACloduleType1.errors.txt but none produced
</message>
<stacktrace>
  at com.xemantic.typescript.compiler.TypeScriptTestSupportKt.errorsMatchBaseline(TypeScriptTestSupport.kt:125)
  at com.xemantic.typescript.compiler.TypeScriptCompilerTests_G.genericOfACloduleType1_ts has expected errors matching genericOfACloduleType1_errors_txt(TypeScriptCompilerTests_G.kt:1379)
  at java.base/jdk.internal.reflect.DirectMethodHandleAccessor.invoke(DirectMethodHandleAccessor.java:104)
  at java.base/java.lang.reflect.Method.invoke(Method.java:565)
  at org.junit.runners.model.FrameworkMethod$1.runReflectiveCall(FrameworkMethod.java:59)
  at org.junit.internal.runners.model.ReflectiveCallable.run(ReflectiveCallable.java:12)
  at org.junit.runners.model.FrameworkMethod.invokeExplosively(FrameworkMethod.java:56)
  at org.junit.internal.runners.statements.InvokeMethod.evaluate(InvokeMethod.java:17)
  at org.junit.runners.ParentRunner$3.evaluate(ParentRunner.java:306)
  at org.junit.runners.BlockJUnit4ClassRunner$1.evaluate(BlockJUnit4ClassRunner.java:100)
  at org.junit.runners.ParentRunner.runLeaf(ParentRunner.java:366)
  at org.junit.runners.BlockJUnit4ClassRunner.runChild(BlockJUnit4ClassRunner.java:103)
  at org.junit.runners.BlockJUnit4ClassRunner.runChild(BlockJUnit4ClassRunner.java:63)
  at org.junit.runners.ParentRunner$4.run(ParentRunner.java:331)
  at org.junit.runners.ParentRunner$1.schedule(ParentRunner.java:79)
  at org.junit.runners.ParentRunner.runChildren(ParentRunner.java:329)
  at org.junit.runners.ParentRunner.access$100(ParentRunner.java:66)
  at org.junit.runners.ParentRunner$2.evaluate(ParentRunner.java:293)
  at org.junit.runners.ParentRunner$3.evaluate(ParentRunner.java:306)
  at org.junit.runners.ParentRunner.run(ParentRunner.java:413)
  at org.junit.runner.JUnitCore.run(JUnitCore.java:137)
  at org.junit.runner.JUnitCore.run(JUnitCore.java:115)
  at org.gradle.api.internal.tasks.testing.junit.JUnitTestExecutor.runRequest(JUnitTestExecutor.java:175)
  at org.gradle.api.internal.tasks.testing.junit.JUnitTestExecutor.accept(JUnitTestExecutor.java:84)
  at org.gradle.api.internal.tasks.testing.junit.JUnitTestExecutor.accept(JUnitTestExecutor.java:47)
  at org.gradle.api.internal.tasks.testing.junit.AbstractJUnitTestDefinitionProcessor.processTestDefinition(AbstractJUnitTestDefinitionProcessor.java:65)
  at org.gradle.api.internal.tasks.testing.SuiteTestDefinitionProcessor.processTestDefinition(SuiteTestDefinitionProcessor.java:54)
  at java.base/jdk.internal.reflect.DirectMethodHandleAccessor.invoke(DirectMethodHandleAccessor.java:104)
  at java.base/java.lang.reflect.Method.invoke(Method.java:565)
  at org.gradle.internal.dispatch.MethodInvocation.invokeOn(MethodInvocation.java:77)
  at org.gradle.internal.dispatch.ReflectionDispatch.dispatch(ReflectionDispatch.java:28)
  at org.gradle.internal.dispatch.ReflectionDispatch.dispatch(ReflectionDispatch.java:19)
  at org.gradle.internal.dispatch.ContextClassLoaderDispatch.dispatch(ContextClassLoaderDispatch.java:33)
  at org.gradle.internal.dispatch.ProxyDispatchAdapter$DispatchingInvocationHandler.invoke(ProxyDispatchAdapter.java:88)
  at jdk.proxy1/jdk.proxy1.$Proxy4.processTestDefinition(Unknown Source)
  at org.gradle.api.internal.tasks.testing.worker.TestWorker$2.run(TestWorker.java:178)
  at org.gradle.api.internal.tasks.testing.worker.TestWorker.executeAndMaintainThreadName(TestWorker.java:126)
  at org.gradle.api.internal.tasks.testing.worker.TestWorker.execute(TestWorker.java:103)
  at org.gradle.api.internal.tasks.testing.worker.TestWorker.execute(TestWorker.java:63)
  at org.gradle.process.internal.worker.child.ActionExecutionWorker.execute(ActionExecutionWorker.java:56)
  at org.gradle.process.internal.worker.child.SystemApplicationClassLoaderWorker.call(SystemApplicationClassLoaderWorker.java:122)
  at org.gradle.process.internal.worker.child.SystemApplicationClassLoaderWorker.call(SystemApplicationClassLoaderWorker.java:72)
  at worker.org.gradle.process.internal.worker.GradleWorkerMain.run(GradleWorkerMain.java:69)
  at worker.org.gradle.process.internal.worker.GradleWorkerMain.main(GradleWorkerMain.java:74)
</stacktrace>
</test-failure>


TypeScriptCompilerTests_G[jvm] > genericOfACloduleType1_ts has expected errors matching genericOfACloduleType1_errors_txt[jvm] FAILED

<test-failure test="com.xemantic.typescript.compiler.TypeScriptCompilerTests_G.genericTypeAssertions1_ts has expected errors matching genericTypeAssertions1_errors_txt" platform="jvm">
<message>
Expected diagnostics from baseline typescript-repo/tests/baselines/reference/genericTypeAssertions1.errors.txt but none produced
</message>
<stacktrace>
  at com.xemantic.typescript.compiler.TypeScriptTestSupportKt.errorsMatchBaseline(TypeScriptTestSupport.kt:125)
  at com.xemantic.typescript.compiler.TypeScriptCompilerTests_G.genericTypeAssertions1_ts has expected errors matching genericTypeAssertions1_errors_txt(TypeScriptCompilerTests_G.kt:1694)
  at java.base/jdk.internal.reflect.DirectMethodHandleAccessor.invoke(DirectMethodHandleAccessor.java:104)
  at java.base/java.lang.reflect.Method.invoke(Method.java:565)
  at org.junit.runners.model.FrameworkMethod$1.runReflectiveCall(FrameworkMethod.java:59)
  at org.junit.internal.runners.model.ReflectiveCallable.run(ReflectiveCallable.java:12)
  at org.junit.runners.model.FrameworkMethod.invokeExplosively(FrameworkMethod.java:56)
  at org.junit.internal.runners.statements.InvokeMethod.evaluate(InvokeMethod.java:17)
  at org.junit.runners.ParentRunner$3.evaluate(ParentRunner.java:306)
  at org.junit.runners.BlockJUnit4ClassRunner$1.evaluate(BlockJUnit4ClassRunner.java:100)
  at org.junit.runners.ParentRunner.runLeaf(ParentRunner.java:366)
  at org.junit.runners.BlockJUnit4ClassRunner.runChild(BlockJUnit4ClassRunner.java:103)
  at org.junit.runners.BlockJUnit4ClassRunner.runChild(BlockJUnit4ClassRunner.java:63)
  at org.junit.runners.ParentRunner$4.run(ParentRunner.java:331)
  at org.junit.runners.ParentRunner$1.schedule(ParentRunner.java:79)
  at org.junit.runners.ParentRunner.runChildren(ParentRunner.java:329)
  at org.junit.runners.ParentRunner.access$100(ParentRunner.java:66)
  at org.junit.runners.ParentRunner$2.evaluate(ParentRunner.java:293)
  at org.junit.runners.ParentRunner$3.evaluate(ParentRunner.java:306)
  at org.junit.runners.ParentRunner.run(ParentRunner.java:413)
  at org.junit.runner.JUnitCore.run(JUnitCore.java:137)
  at org.junit.runner.JUnitCore.run(JUnitCore.java:115)
  at org.gradle.api.internal.tasks.testing.junit.JUnitTestExecutor.runRequest(JUnitTestExecutor.java:175)
  at org.gradle.api.internal.tasks.testing.junit.JUnitTestExecutor.accept(JUnitTestExecutor.java:84)
  at org.gradle.api.internal.tasks.testing.junit.JUnitTestExecutor.accept(JUnitTestExecutor.java:47)
  at org.gradle.api.internal.tasks.testing.junit.AbstractJUnitTestDefinitionProcessor.processTestDefinition(AbstractJUnitTestDefinitionProcessor.java:65)
  at org.gradle.api.internal.tasks.testing.SuiteTestDefinitionProcessor.processTestDefinition(SuiteTestDefinitionProcessor.java:54)
  at java.base/jdk.internal.reflect.DirectMethodHandleAccessor.invoke(DirectMethodHandleAccessor.java:104)
  at java.base/java.lang.reflect.Method.invoke(Method.java:565)
  at org.gradle.internal.dispatch.MethodInvocation.invokeOn(MethodInvocation.java:77)
  at org.gradle.internal.dispatch.ReflectionDispatch.dispatch(ReflectionDispatch.java:28)
  at org.gradle.internal.dispatch.ReflectionDispatch.dispatch(ReflectionDispatch.java:19)
  at org.gradle.internal.dispatch.ContextClassLoaderDispatch.dispatch(ContextClassLoaderDispatch.java:33)
  at org.gradle.internal.dispatch.ProxyDispatchAdapter$DispatchingInvocationHandler.invoke(ProxyDispatchAdapter.java:88)
  at jdk.proxy1/jdk.proxy1.$Proxy4.processTestDefinition(Unknown Source)
  at org.gradle.api.internal.tasks.testing.worker.TestWorker$2.run(TestWorker.java:178)
  at org.gradle.api.internal.tasks.testing.worker.TestWorker.executeAndMaintainThreadName(TestWorker.java:126)
  at org.gradle.api.internal.tasks.testing.worker.TestWorker.execute(TestWorker.java:103)
  at org.gradle.api.internal.tasks.testing.worker.TestWorker.execute(TestWorker.java:63)
  at org.gradle.process.internal.worker.child.ActionExecutionWorker.execute(ActionExecutionWorker.java:56)
  at org.gradle.process.internal.worker.child.SystemApplicationClassLoaderWorker.call(SystemApplicationClassLoaderWorker.java:122)
  at org.gradle.process.internal.worker.child.SystemApplicationClassLoaderWorker.call(SystemApplicationClassLoaderWorker.java:72)
  at worker.org.gradle.process.internal.worker.GradleWorkerMain.run(GradleWorkerMain.java:69)
  at worker.org.gradle.process.internal.worker.GradleWorkerMain.main(GradleWorkerMain.java:74)
</stacktrace>
</test-failure>


TypeScriptCompilerTests_G[jvm] > genericTypeAssertions1_ts has expected errors matching genericTypeAssertions1_errors_txt[jvm] FAILED

<test-failure test="com.xemantic.typescript.compiler.TypeScriptCompilerTests_G.genericRestTypes_ts has expected errors matching genericRestTypes_errors_txt" platform="jvm">
<message>
--- expected
+++ actual
@@ -1,10 +1,17 @@
-genericRestTypes.ts(21,11): error TS2322: Type '(cb: (x: string, ...rest: T) => void) => void' is not assignable to type '(cb: (...args: never) => void) => void'.
+genericRestTypes.ts(15,51): error TS7006: Parameter 'x' implicitly has an 'any' type.
+genericRestTypes.ts(15,54): error TS7019: Rest parameter '_' implicitly has an 'any[]' type.
+genericRestTypes.ts(20,65): error TS7006: Parameter 'cb' implicitly has an 'any' type.
+genericRestTypes.ts(21,11): error TS2322: Type '(cb: (x: string, rest: error) => void) => void' is not assignable to type '(cb: (args: never) => void) => void'.
   Types of parameters 'cb' and 'cb' are incompatible.
-    Types of parameters 'args' and 'x' are incompatible.
-      Type '[x: string, ...rest: T]' is not assignable to type 'never'.
+    Type '(args: never) => void' is not assignable to type '(x: string, rest: error) => void'.
+genericRestTypes.ts(25,51): error TS7006: Parameter 'x' implicitly has an 'any' type.
+genericRestTypes.ts(25,54): error TS7019: Rest parameter '_' implicitly has an 'any[]' type.
+genericRestTypes.ts(26,11): error TS2322: Type '(x: string, rest: error) => void' is not assignable to type '(args: any) => void'.
+  Types of parameters 'x' and 'args' are incompatible.
+    Type '{ ... } & { ... }' is not assignable to type 'string'.
 
 
-==== genericRestTypes.ts (1 errors) ====
+==== genericRestTypes.ts (7 errors) ====
     // Repro from #25793
     
     // Gets the parameters of a function type as a tuple
@@ -20,20 +27,33 @@
     
     function assignmentWithComplexRest<T extends any[]>() {
         const fn1: (x: string, ...rest: T) => void = (x, ..._) => x;
+                                                      ~
+!!! error TS7006: Parameter 'x' implicitly has an 'any' type.
+                                                         ~~~~
+!!! error TS7019: Rest parameter '_' implicitly has an 'any[]' type.
         const fn2: (...args: never) => void = fn1;
     }
     
     function assignmentWithComplexRest2<T extends any[]>() {
         const fn1: (cb: (x: string, ...rest: T) => void) => void = (cb) => {};
+                                                                    ~~
+!!! error TS7006: Parameter 'cb' implicitly has an 'any' type.
         const fn2: (cb: (...args: never) => void) => void = fn1;
               ~~~
-!!! error TS2322: Type '(cb: (x: string, ...rest: T) => void) => void' is not assignable to type '(cb: (...args: never) => void) => void'.
+!!! error TS2322: Type '(cb: (x: string, rest: error) => void) => void' is not assignable to type '(cb: (args: never) => void) => void'.
 !!! error TS2322:   Types of parameters 'cb' and 'cb' are incompatible.
-!!! error TS2322:     Types of parameters 'args' and 'x' are incompatible.
-!!! error TS2322:       Type '[x: string, ...rest: T]' is not assignable to type 'never'.
+!!! error TS2322:     Type '(args: never) => void' is not assignable to type '(x: string, rest: error) => void'.
     }
     
     function assignmentWithComplexRest3<T extends any[]>() {
         const fn1: (x: string, ...rest: T) => void = (x, ..._) => x;
+                                                      ~
+!!! error TS7006: Parameter 'x' implicitly has an 'any' type.
+                                                         ~~~~
+!!! error TS7019: Rest parameter '_' implicitly has an 'any[]' type.
         const fn2: (...args: {x: "a"} & {x: "b"}) => void = fn1;
+              ~~~
+!!! error TS2322: Type '(x: string, rest: error) => void' is not assignable to type '(args: any) => void'.
+!!! error TS2322:   Types of parameters 'x' and 'args' are incompatible.
+!!! error TS2322:     Type '{ ... } & { ... }' is not assignable to type 'string'.
     }

</message>
<stacktrace>
  at org.junit.Assert.fail(Assert.java:89)
  at kotlin.test.junit.JUnitAsserter.fail(JUnitSupport.kt:56)
  at kotlin.test.AssertionsKt__AssertionsKt.fail(Assertions.kt:563)
  at kotlin.test.AssertionsKt.fail(Unknown Source)
  at com.xemantic.kotlin.test.SameAsKt.sameAs(SameAs.kt:52)
  at com.xemantic.typescript.compiler.TypeScriptTestSupportKt.errorsMatchBaseline(TypeScriptTestSupport.kt:135)
  at com.xemantic.typescript.compiler.TypeScriptCompilerTests_G.genericRestTypes_ts has expected errors matching genericRestTypes_errors_txt(TypeScriptCompilerTests_G.kt:1533)
  at java.base/jdk.internal.reflect.DirectMethodHandleAccessor.invoke(DirectMethodHandleAccessor.java:104)
  at java.base/java.lang.reflect.Method.invoke(Method.java:565)
  at org.junit.runners.model.FrameworkMethod$1.runReflectiveCall(FrameworkMethod.java:59)
  at org.junit.internal.runners.model.ReflectiveCallable.run(ReflectiveCallable.java:12)
  at org.junit.runners.model.FrameworkMethod.invokeExplosively(FrameworkMethod.java:56)
  at org.junit.internal.runners.statements.InvokeMethod.evaluate(InvokeMethod.java:17)
  at org.junit.runners.ParentRunner$3.evaluate(ParentRunner.java:306)
  at org.junit.runners.BlockJUnit4ClassRunner$1.evaluate(BlockJUnit4ClassRunner.java:100)
  at org.junit.runners.ParentRunner.runLeaf(ParentRunner.java:366)
  at org.junit.runners.BlockJUnit4ClassRunner.runChild(BlockJUnit4ClassRunner.java:103)
  at org.junit.runners.BlockJUnit4ClassRunner.runChild(BlockJUnit4ClassRunner.java:63)
  at org.junit.runners.ParentRunner$4.run(ParentRunner.java:331)
  at org.junit.runners.ParentRunner$1.schedule(ParentRunner.java:79)
  at org.junit.runners.ParentRunner.runChildren(ParentRunner.java:329)
  at org.junit.runners.ParentRunner.access$100(ParentRunner.java:66)
  at org.junit.runners.ParentRunner$2.evaluate(ParentRunner.java:293)
  at org.junit.runners.ParentRunner$3.evaluate(ParentRunner.java:306)
  at org.junit.runners.ParentRunner.run(ParentRunner.java:413)
  at org.junit.runner.JUnitCore.run(JUnitCore.java:137)
  at org.junit.runner.JUnitCore.run(JUnitCore.java:115)
  at org.gradle.api.internal.tasks.testing.junit.JUnitTestExecutor.runRequest(JUnitTestExecutor.java:175)
  at org.gradle.api.internal.tasks.testing.junit.JUnitTestExecutor.accept(JUnitTestExecutor.java:84)
  at org.gradle.api.internal.tasks.testing.junit.JUnitTestExecutor.accept(JUnitTestExecutor.java:47)
  at org.gradle.api.internal.tasks.testing.junit.AbstractJUnitTestDefinitionProcessor.processTestDefinition(AbstractJUnitTestDefinitionProcessor.java:65)
  at org.gradle.api.internal.tasks.testing.SuiteTestDefinitionProcessor.processTestDefinition(SuiteTestDefinitionProcessor.java:54)
  at java.base/jdk.internal.reflect.DirectMethodHandleAccessor.invoke(DirectMethodHandleAccessor.java:104)
  at java.base/java.lang.reflect.Method.invoke(Method.java:565)
  at org.gradle.internal.dispatch.MethodInvocation.invokeOn(MethodInvocation.java:77)
  at org.gradle.internal.dispatch.ReflectionDispatch.dispatch(ReflectionDispatch.java:28)
  at org.gradle.internal.dispatch.ReflectionDispatch.dispatch(ReflectionDispatch.java:19)
  at org.gradle.internal.dispatch.ContextClassLoaderDispatch.dispatch(ContextClassLoaderDispatch.java:33)
  at org.gradle.internal.dispatch.ProxyDispatchAdapter$DispatchingInvocationHandler.invoke(ProxyDispatchAdapter.java:88)
  at jdk.proxy1/jdk.proxy1.$Proxy4.processTestDefinition(Unknown Source)
  at org.gradle.api.internal.tasks.testing.worker.TestWorker$2.run(TestWorker.java:178)
  at org.gradle.api.internal.tasks.testing.worker.TestWorker.executeAndMaintainThreadName(TestWorker.java:126)
  at org.gradle.api.internal.tasks.testing.worker.TestWorker.execute(TestWorker.java:103)
  at org.gradle.api.internal.tasks.testing.worker.TestWorker.execute(TestWorker.java:63)
  at org.gradle.process.internal.worker.child.ActionExecutionWorker.execute(ActionExecutionWorker.java:56)
  at org.gradle.process.internal.worker.child.SystemApplicationClassLoaderWorker.call(SystemApplicationClassLoaderWorker.java:122)
  at org.gradle.process.internal.worker.child.SystemApplicationClassLoaderWorker.call(SystemApplicationClassLoaderWorker.java:72)
  at worker.org.gradle.process.internal.worker.GradleWorkerMain.run(GradleWorkerMain.java:69)
  at worker.org.gradle.process.internal.worker.GradleWorkerMain.main(GradleWorkerMain.java:74)
</stacktrace>
</test-failure>


TypeScriptCompilerTests_G[jvm] > genericRestTypes_ts has expected errors matching genericRestTypes_errors_txt[jvm] FAILED

<test-failure test="com.xemantic.typescript.compiler.TypeScriptCompilerTests_G.genericTypeWithNonGenericBaseMisMatch_ts has expected errors matching genericTypeWithNonGenericBaseMisMatch_errors_txt" platform="jvm">
<message>
Expected diagnostics from baseline typescript-repo/tests/baselines/reference/genericTypeWithNonGenericBaseMisMatch.errors.txt but none produced
</message>
<stacktrace>
  at com.xemantic.typescript.compiler.TypeScriptTestSupportKt.errorsMatchBaseline(TypeScriptTestSupport.kt:125)
  at com.xemantic.typescript.compiler.TypeScriptCompilerTests_G.genericTypeWithNonGenericBaseMisMatch_ts has expected errors matching genericTypeWithNonGenericBaseMisMatch_errors_txt(TypeScriptCompilerTests_G.kt:1890)
  at java.base/jdk.internal.reflect.DirectMethodHandleAccessor.invoke(DirectMethodHandleAccessor.java:104)
  at java.base/java.lang.reflect.Method.invoke(Method.java:565)
  at org.junit.runners.model.FrameworkMethod$1.runReflectiveCall(FrameworkMethod.java:59)
  at org.junit.internal.runners.model.ReflectiveCallable.run(ReflectiveCallable.java:12)
  at org.junit.runners.model.FrameworkMethod.invokeExplosively(FrameworkMethod.java:56)
  at org.junit.internal.runners.statements.InvokeMethod.evaluate(InvokeMethod.java:17)
  at org.junit.runners.ParentRunner$3.evaluate(ParentRunner.java:306)
  at org.junit.runners.BlockJUnit4ClassRunner$1.evaluate(BlockJUnit4ClassRunner.java:100)
  at org.junit.runners.ParentRunner.runLeaf(ParentRunner.java:366)
  at org.junit.runners.BlockJUnit4ClassRunner.runChild(BlockJUnit4ClassRunner.java:103)
  at org.junit.runners.BlockJUnit4ClassRunner.runChild(BlockJUnit4ClassRunner.java:63)
  at org.junit.runners.ParentRunner$4.run(ParentRunner.java:331)
  at org.junit.runners.ParentRunner$1.schedule(ParentRunner.java:79)
  at org.junit.runners.ParentRunner.runChildren(ParentRunner.java:329)
  at org.junit.runners.ParentRunner.access$100(ParentRunner.java:66)
  at org.junit.runners.ParentRunner$2.evaluate(ParentRunner.java:293)
  at org.junit.runners.ParentRunner$3.evaluate(ParentRunner.java:306)
  at org.junit.runners.ParentRunner.run(ParentRunner.java:413)
  at org.junit.runner.JUnitCore.run(JUnitCore.java:137)
  at org.junit.runner.JUnitCore.run(JUnitCore.java:115)
  at org.gradle.api.internal.tasks.testing.junit.JUnitTestExecutor.runRequest(JUnitTestExecutor.java:175)
  at org.gradle.api.internal.tasks.testing.junit.JUnitTestExecutor.accept(JUnitTestExecutor.java:84)
  at org.gradle.api.internal.tasks.testing.junit.JUnitTestExecutor.accept(JUnitTestExecutor.java:47)
  at org.gradle.api.internal.tasks.testing.junit.AbstractJUnitTestDefinitionProcessor.processTestDefinition(AbstractJUnitTestDefinitionProcessor.java:65)
  at org.gradle.api.internal.tasks.testing.SuiteTestDefinitionProcessor.processTestDefinition(SuiteTestDefinitionProcessor.java:54)
  at java.base/jdk.internal.reflect.DirectMethodHandleAccessor.invoke(DirectMethodHandleAccessor.java:104)
  at java.base/java.lang.reflect.Method.invoke(Method.java:565)
  at org.gradle.internal.dispatch.MethodInvocation.invokeOn(MethodInvocation.java:77)
  at org.gradle.internal.dispatch.ReflectionDispatch.dispatch(ReflectionDispatch.java:28)
  at org.gradle.internal.dispatch.ReflectionDispatch.dispatch(ReflectionDispatch.java:19)
  at org.gradle.internal.dispatch.ContextClassLoaderDispatch.dispatch(ContextClassLoaderDispatch.java:33)
  at org.gradle.internal.dispatch.ProxyDispatchAdapter$DispatchingInvocationHandler.invoke(ProxyDispatchAdapter.java:88)
  at jdk.proxy1/jdk.proxy1.$Proxy4.processTestDefinition(Unknown Source)
  at org.gradle.api.internal.tasks.testing.worker.TestWorker$2.run(TestWorker.java:178)
  at org.gradle.api.internal.tasks.testing.worker.TestWorker.executeAndMaintainThreadName(TestWorker.java:126)
  at org.gradle.api.internal.tasks.testing.worker.TestWorker.execute(TestWorker.java:103)
  at org.gradle.api.internal.tasks.testing.worker.TestWorker.execute(TestWorker.java:63)
  at org.gradle.process.internal.worker.child.ActionExecutionWorker.execute(ActionExecutionWorker.java:56)
  at org.gradle.process.internal.worker.child.SystemApplicationClassLoaderWorker.call(SystemApplicationClassLoaderWorker.java:122)
  at org.gradle.process.internal.worker.child.SystemApplicationClassLoaderWorker.call(SystemApplicationClassLoaderWorker.java:72)
  at worker.org.gradle.process.internal.worker.GradleWorkerMain.run(GradleWorkerMain.java:69)
  at worker.org.gradle.process.internal.worker.GradleWorkerMain.main(GradleWorkerMain.java:74)
</stacktrace>
</test-failure>


TypeScriptCompilerTests_G[jvm] > genericTypeWithNonGenericBaseMisMatch_ts has expected errors matching genericTypeWithNonGenericBaseMisMatch_errors_txt[jvm] FAILED

<test-failure test="com.xemantic.typescript.compiler.TypeScriptCompilerTests_H.heterogeneousArrayAndOverloads_ts has expected errors matching heterogeneousArrayAndOverloads_errors_txt" platform="jvm">
<message>
Expected diagnostics from baseline typescript-repo/tests/baselines/reference/heterogeneousArrayAndOverloads.errors.txt but none produced
</message>
<stacktrace>
  at com.xemantic.typescript.compiler.TypeScriptTestSupportKt.errorsMatchBaseline(TypeScriptTestSupport.kt:125)
  at com.xemantic.typescript.compiler.TypeScriptCompilerTests_H.heterogeneousArrayAndOverloads_ts has expected errors matching heterogeneousArrayAndOverloads_errors_txt(TypeScriptCompilerTests_H.kt:21)
  at java.base/jdk.internal.reflect.DirectMethodHandleAccessor.invoke(DirectMethodHandleAccessor.java:104)
  at java.base/java.lang.reflect.Method.invoke(Method.java:565)
  at org.junit.runners.model.FrameworkMethod$1.runReflectiveCall(FrameworkMethod.java:59)
  at org.junit.internal.runners.model.ReflectiveCallable.run(ReflectiveCallable.java:12)
  at org.junit.runners.model.FrameworkMethod.invokeExplosively(FrameworkMethod.java:56)
  at org.junit.internal.runners.statements.InvokeMethod.evaluate(InvokeMethod.java:17)
  at org.junit.runners.ParentRunner$3.evaluate(ParentRunner.java:306)
  at org.junit.runners.BlockJUnit4ClassRunner$1.evaluate(BlockJUnit4ClassRunner.java:100)
  at org.junit.runners.ParentRunner.runLeaf(ParentRunner.java:366)
  at org.junit.runners.BlockJUnit4ClassRunner.runChild(BlockJUnit4ClassRunner.java:103)
  at org.junit.runners.BlockJUnit4ClassRunner.runChild(BlockJUnit4ClassRunner.java:63)
  at org.junit.runners.ParentRunner$4.run(ParentRunner.java:331)
  at org.junit.runners.ParentRunner$1.schedule(ParentRunner.java:79)
  at org.junit.runners.ParentRunner.runChildren(ParentRunner.java:329)
  at org.junit.runners.ParentRunner.access$100(ParentRunner.java:66)
  at org.junit.runners.ParentRunner$2.evaluate(ParentRunner.java:293)
  at org.junit.runners.ParentRunner$3.evaluate(ParentRunner.java:306)
  at org.junit.runners.ParentRunner.run(ParentRunner.java:413)
  at org.junit.runner.JUnitCore.run(JUnitCore.java:137)
  at org.junit.runner.JUnitCore.run(JUnitCore.java:115)
  at org.gradle.api.internal.tasks.testing.junit.JUnitTestExecutor.runRequest(JUnitTestExecutor.java:175)
  at org.gradle.api.internal.tasks.testing.junit.JUnitTestExecutor.accept(JUnitTestExecutor.java:84)
  at org.gradle.api.internal.tasks.testing.junit.JUnitTestExecutor.accept(JUnitTestExecutor.java:47)
  at org.gradle.api.internal.tasks.testing.junit.AbstractJUnitTestDefinitionProcessor.processTestDefinition(AbstractJUnitTestDefinitionProcessor.java:65)
  at org.gradle.api.internal.tasks.testing.SuiteTestDefinitionProcessor.processTestDefinition(SuiteTestDefinitionProcessor.java:54)
  at java.base/jdk.internal.reflect.DirectMethodHandleAccessor.invoke(DirectMethodHandleAccessor.java:104)
  at java.base/java.lang.reflect.Method.invoke(Method.java:565)
  at org.gradle.internal.dispatch.MethodInvocation.invokeOn(MethodInvocation.java:77)
  at org.gradle.internal.dispatch.ReflectionDispatch.dispatch(ReflectionDispatch.java:28)
  at org.gradle.internal.dispatch.ReflectionDispatch.dispatch(ReflectionDispatch.java:19)
  at org.gradle.internal.dispatch.ContextClassLoaderDispatch.dispatch(ContextClassLoaderDispatch.java:33)
  at org.gradle.internal.dispatch.ProxyDispatchAdapter$DispatchingInvocationHandler.invoke(ProxyDispatchAdapter.java:88)
  at jdk.proxy1/jdk.proxy1.$Proxy4.processTestDefinition(Unknown Source)
  at org.gradle.api.internal.tasks.testing.worker.TestWorker$2.run(TestWorker.java:178)
  at org.gradle.api.internal.tasks.testing.worker.TestWorker.executeAndMaintainThreadName(TestWorker.java:126)
  at org.gradle.api.internal.tasks.testing.worker.TestWorker.execute(TestWorker.java:103)
  at org.gradle.api.internal.tasks.testing.worker.TestWorker.execute(TestWorker.java:63)
  at org.gradle.process.internal.worker.child.ActionExecutionWorker.execute(ActionExecutionWorker.java:56)
  at org.gradle.process.internal.worker.child.SystemApplicationClassLoaderWorker.call(SystemApplicationClassLoaderWorker.java:122)
  at org.gradle.process.internal.worker.child.SystemApplicationClassLoaderWorker.call(SystemApplicationClassLoaderWorker.java:72)
  at worker.org.gradle.process.internal.worker.GradleWorkerMain.run(GradleWorkerMain.java:69)
  at worker.org.gradle.process.internal.worker.GradleWorkerMain.main(GradleWorkerMain.java:74)
</stacktrace>
</test-failure>


TypeScriptCompilerTests_H[jvm] > heterogeneousArrayAndOverloads_ts has expected errors matching heterogeneousArrayAndOverloads_errors_txt[jvm] FAILED

<test-failure test="com.xemantic.typescript.compiler.TypeScriptCompilerTests_H.hugeDeclarationOutputGetsTruncatedWithError_ts has expected errors matching hugeDeclarationOutputGetsTruncatedWithError_errors_txt" platform="jvm">
<message>
Expected diagnostics from baseline typescript-repo/tests/baselines/reference/hugeDeclarationOutputGetsTruncatedWithError.errors.txt but none produced
</message>
<stacktrace>
  at com.xemantic.typescript.compiler.TypeScriptTestSupportKt.errorsMatchBaseline(TypeScriptTestSupport.kt:125)
  at com.xemantic.typescript.compiler.TypeScriptCompilerTests_H.hugeDeclarationOutputGetsTruncatedWithError_ts has expected errors matching hugeDeclarationOutputGetsTruncatedWithError_errors_txt(TypeScriptCompilerTests_H.kt:91)
  at java.base/jdk.internal.reflect.DirectMethodHandleAccessor.invoke(DirectMethodHandleAccessor.java:104)
  at java.base/java.lang.reflect.Method.invoke(Method.java:565)
  at org.junit.runners.model.FrameworkMethod$1.runReflectiveCall(FrameworkMethod.java:59)
  at org.junit.internal.runners.model.ReflectiveCallable.run(ReflectiveCallable.java:12)
  at org.junit.runners.model.FrameworkMethod.invokeExplosively(FrameworkMethod.java:56)
  at org.junit.internal.runners.statements.InvokeMethod.evaluate(InvokeMethod.java:17)
  at org.junit.runners.ParentRunner$3.evaluate(ParentRunner.java:306)
  at org.junit.runners.BlockJUnit4ClassRunner$1.evaluate(BlockJUnit4ClassRunner.java:100)
  at org.junit.runners.ParentRunner.runLeaf(ParentRunner.java:366)
  at org.junit.runners.BlockJUnit4ClassRunner.runChild(BlockJUnit4ClassRunner.java:103)
  at org.junit.runners.BlockJUnit4ClassRunner.runChild(BlockJUnit4ClassRunner.java:63)
  at org.junit.runners.ParentRunner$4.run(ParentRunner.java:331)
  at org.junit.runners.ParentRunner$1.schedule(ParentRunner.java:79)
  at org.junit.runners.ParentRunner.runChildren(ParentRunner.java:329)
  at org.junit.runners.ParentRunner.access$100(ParentRunner.java:66)
  at org.junit.runners.ParentRunner$2.evaluate(ParentRunner.java:293)
  at org.junit.runners.ParentRunner$3.evaluate(ParentRunner.java:306)
  at org.junit.runners.ParentRunner.run(ParentRunner.java:413)
  at org.junit.runner.JUnitCore.run(JUnitCore.java:137)
  at org.junit.runner.JUnitCore.run(JUnitCore.java:115)
  at org.gradle.api.internal.tasks.testing.junit.JUnitTestExecutor.runRequest(JUnitTestExecutor.java:175)
  at org.gradle.api.internal.tasks.testing.junit.JUnitTestExecutor.accept(JUnitTestExecutor.java:84)
  at org.gradle.api.internal.tasks.testing.junit.JUnitTestExecutor.accept(JUnitTestExecutor.java:47)
  at org.gradle.api.internal.tasks.testing.junit.AbstractJUnitTestDefinitionProcessor.processTestDefinition(AbstractJUnitTestDefinitionProcessor.java:65)
  at org.gradle.api.internal.tasks.testing.SuiteTestDefinitionProcessor.processTestDefinition(SuiteTestDefinitionProcessor.java:54)
  at java.base/jdk.internal.reflect.DirectMethodHandleAccessor.invoke(DirectMethodHandleAccessor.java:104)
  at java.base/java.lang.reflect.Method.invoke(Method.java:565)
  at org.gradle.internal.dispatch.MethodInvocation.invokeOn(MethodInvocation.java:77)
  at org.gradle.internal.dispatch.ReflectionDispatch.dispatch(ReflectionDispatch.java:28)
  at org.gradle.internal.dispatch.ReflectionDispatch.dispatch(ReflectionDispatch.java:19)
  at org.gradle.internal.dispatch.ContextClassLoaderDispatch.dispatch(ContextClassLoaderDispatch.java:33)
  at org.gradle.internal.dispatch.ProxyDispatchAdapter$DispatchingInvocationHandler.invoke(ProxyDispatchAdapter.java:88)
  at jdk.proxy1/jdk.proxy1.$Proxy4.processTestDefinition(Unknown Source)
  at org.gradle.api.internal.tasks.testing.worker.TestWorker$2.run(TestWorker.java:178)
  at org.gradle.api.internal.tasks.testing.worker.TestWorker.executeAndMaintainThreadName(TestWorker.java:126)
  at org.gradle.api.internal.tasks.testing.worker.TestWorker.execute(TestWorker.java:103)
  at org.gradle.api.internal.tasks.testing.worker.TestWorker.execute(TestWorker.java:63)
  at org.gradle.process.internal.worker.child.ActionExecutionWorker.execute(ActionExecutionWorker.java:56)
  at org.gradle.process.internal.worker.child.SystemApplicationClassLoaderWorker.call(SystemApplicationClassLoaderWorker.java:122)
  at org.gradle.process.internal.worker.child.SystemApplicationClassLoaderWorker.call(SystemApplicationClassLoaderWorker.java:72)
  at worker.org.gradle.process.internal.worker.GradleWorkerMain.run(GradleWorkerMain.java:69)
  at worker.org.gradle.process.internal.worker.GradleWorkerMain.main(GradleWorkerMain.java:74)
</stacktrace>
</test-failure>


TypeScriptCompilerTests_H[jvm] > hugeDeclarationOutputGetsTruncatedWithError_ts has expected errors matching hugeDeclarationOutputGetsTruncatedWithError_errors_txt[jvm] FAILED

<test-failure test="com.xemantic.typescript.compiler.TypeScriptCompilerTests_I.isolatedDeclarationErrorsObjects_ts has expected errors matching isolatedDeclarationErrorsObjects_errors_txt" platform="jvm">
<message>
Expected diagnostics from baseline typescript-repo/tests/baselines/reference/isolatedDeclarationErrorsObjects.errors.txt but none produced
</message>
<stacktrace>
  at com.xemantic.typescript.compiler.TypeScriptTestSupportKt.errorsMatchBaseline(TypeScriptTestSupport.kt:125)
  at com.xemantic.typescript.compiler.TypeScriptCompilerTests_I.isolatedDeclarationErrorsObjects_ts has expected errors matching isolatedDeclarationErrorsObjects_errors_txt(TypeScriptCompilerTests_I.kt:6643)
  at java.base/jdk.internal.reflect.DirectMethodHandleAccessor.invoke(DirectMethodHandleAccessor.java:104)
  at java.base/java.lang.reflect.Method.invoke(Method.java:565)
  at org.junit.runners.model.FrameworkMethod$1.runReflectiveCall(FrameworkMethod.java:59)
  at org.junit.internal.runners.model.ReflectiveCallable.run(ReflectiveCallable.java:12)
  at org.junit.runners.model.FrameworkMethod.invokeExplosively(FrameworkMethod.java:56)
  at org.junit.internal.runners.statements.InvokeMethod.evaluate(InvokeMethod.java:17)
  at org.junit.runners.ParentRunner$3.evaluate(ParentRunner.java:306)
  at org.junit.runners.BlockJUnit4ClassRunner$1.evaluate(BlockJUnit4ClassRunner.java:100)
  at org.junit.runners.ParentRunner.runLeaf(ParentRunner.java:366)
  at org.junit.runners.BlockJUnit4ClassRunner.runChild(BlockJUnit4ClassRunner.java:103)
  at org.junit.runners.BlockJUnit4ClassRunner.runChild(BlockJUnit4ClassRunner.java:63)
  at org.junit.runners.ParentRunner$4.run(ParentRunner.java:331)
  at org.junit.runners.ParentRunner$1.schedule(ParentRunner.java:79)
  at org.junit.runners.ParentRunner.runChildren(ParentRunner.java:329)
  at org.junit.runners.ParentRunner.access$100(ParentRunner.java:66)
  at org.junit.runners.ParentRunner$2.evaluate(ParentRunner.java:293)
  at org.junit.runners.ParentRunner$3.evaluate(ParentRunner.java:306)
  at org.junit.runners.ParentRunner.run(ParentRunner.java:413)
  at org.junit.runner.JUnitCore.run(JUnitCore.java:137)
  at org.junit.runner.JUnitCore.run(JUnitCore.java:115)
  at org.gradle.api.internal.tasks.testing.junit.JUnitTestExecutor.runRequest(JUnitTestExecutor.java:175)
  at org.gradle.api.internal.tasks.testing.junit.JUnitTestExecutor.accept(JUnitTestExecutor.java:84)
  at org.gradle.api.internal.tasks.testing.junit.JUnitTestExecutor.accept(JUnitTestExecutor.java:47)
  at org.gradle.api.internal.tasks.testing.junit.AbstractJUnitTestDefinitionProcessor.processTestDefinition(AbstractJUnitTestDefinitionProcessor.java:65)
  at org.gradle.api.internal.tasks.testing.SuiteTestDefinitionProcessor.processTestDefinition(SuiteTestDefinitionProcessor.java:54)
  at java.base/jdk.internal.reflect.DirectMethodHandleAccessor.invoke(DirectMethodHandleAccessor.java:104)
  at java.base/java.lang.reflect.Method.invoke(Method.java:565)
  at org.gradle.internal.dispatch.MethodInvocation.invokeOn(MethodInvocation.java:77)
  at org.gradle.internal.dispatch.ReflectionDispatch.dispatch(ReflectionDispatch.java:28)
  at org.gradle.internal.dispatch.ReflectionDispatch.dispatch(ReflectionDispatch.java:19)
  at org.gradle.internal.dispatch.ContextClassLoaderDispatch.dispatch(ContextClassLoaderDispatch.java:33)
  at org.gradle.internal.dispatch.ProxyDispatchAdapter$DispatchingInvocationHandler.invoke(ProxyDispatchAdapter.java:88)
  at jdk.proxy1/jdk.proxy1.$Proxy4.processTestDefinition(Unknown Source)
  at org.gradle.api.internal.tasks.testing.worker.TestWorker$2.run(TestWorker.java:178)
  at org.gradle.api.internal.tasks.testing.worker.TestWorker.executeAndMaintainThreadName(TestWorker.java:126)
  at org.gradle.api.internal.tasks.testing.worker.TestWorker.execute(TestWorker.java:103)
  at org.gradle.api.internal.tasks.testing.worker.TestWorker.execute(TestWorker.java:63)
  at org.gradle.process.internal.worker.child.ActionExecutionWorker.execute(ActionExecutionWorker.java:56)
  at org.gradle.process.internal.worker.child.SystemApplicationClassLoaderWorker.call(SystemApplicationClassLoaderWorker.java:122)
  at org.gradle.process.internal.worker.child.SystemApplicationClassLoaderWorker.call(SystemApplicationClassLoaderWorker.java:72)
  at worker.org.gradle.process.internal.worker.GradleWorkerMain.run(GradleWorkerMain.java:69)
  at worker.org.gradle.process.internal.worker.GradleWorkerMain.main(GradleWorkerMain.java:74)
</stacktrace>
</test-failure>


TypeScriptCompilerTests_I[jvm] > isolatedDeclarationErrorsObjects_ts has expected errors matching isolatedDeclarationErrorsObjects_errors_txt[jvm] FAILED

<test-failure test="com.xemantic.typescript.compiler.TypeScriptCompilerTests_I.inheritanceMemberFuncOverridingAccessor_ts has expected errors matching inheritanceMemberFuncOverridingAccessor_errors_txt" platform="jvm">
<message>
Expected diagnostics from baseline typescript-repo/tests/baselines/reference/inheritanceMemberFuncOverridingAccessor.errors.txt but none produced
</message>
<stacktrace>
  at com.xemantic.typescript.compiler.TypeScriptTestSupportKt.errorsMatchBaseline(TypeScriptTestSupport.kt:125)
  at com.xemantic.typescript.compiler.TypeScriptCompilerTests_I.inheritanceMemberFuncOverridingAccessor_ts has expected errors matching inheritanceMemberFuncOverridingAccessor_errors_txt(TypeScriptCompilerTests_I.kt:4039)
  at java.base/jdk.internal.reflect.DirectMethodHandleAccessor.invoke(DirectMethodHandleAccessor.java:104)
  at java.base/java.lang.reflect.Method.invoke(Method.java:565)
  at org.junit.runners.model.FrameworkMethod$1.runReflectiveCall(FrameworkMethod.java:59)
  at org.junit.internal.runners.model.ReflectiveCallable.run(ReflectiveCallable.java:12)
  at org.junit.runners.model.FrameworkMethod.invokeExplosively(FrameworkMethod.java:56)
  at org.junit.internal.runners.statements.InvokeMethod.evaluate(InvokeMethod.java:17)
  at org.junit.runners.ParentRunner$3.evaluate(ParentRunner.java:306)
  at org.junit.runners.BlockJUnit4ClassRunner$1.evaluate(BlockJUnit4ClassRunner.java:100)
  at org.junit.runners.ParentRunner.runLeaf(ParentRunner.java:366)
  at org.junit.runners.BlockJUnit4ClassRunner.runChild(BlockJUnit4ClassRunner.java:103)
  at org.junit.runners.BlockJUnit4ClassRunner.runChild(BlockJUnit4ClassRunner.java:63)
  at org.junit.runners.ParentRunner$4.run(ParentRunner.java:331)
  at org.junit.runners.ParentRunner$1.schedule(ParentRunner.java:79)
  at org.junit.runners.ParentRunner.runChildren(ParentRunner.java:329)
  at org.junit.runners.ParentRunner.access$100(ParentRunner.java:66)
  at org.junit.runners.ParentRunner$2.evaluate(ParentRunner.java:293)
  at org.junit.runners.ParentRunner$3.evaluate(ParentRunner.java:306)
  at org.junit.runners.ParentRunner.run(ParentRunner.java:413)
  at org.junit.runner.JUnitCore.run(JUnitCore.java:137)
  at org.junit.runner.JUnitCore.run(JUnitCore.java:115)
  at org.gradle.api.internal.tasks.testing.junit.JUnitTestExecutor.runRequest(JUnitTestExecutor.java:175)
  at org.gradle.api.internal.tasks.testing.junit.JUnitTestExecutor.accept(JUnitTestExecutor.java:84)
  at org.gradle.api.internal.tasks.testing.junit.JUnitTestExecutor.accept(JUnitTestExecutor.java:47)
  at org.gradle.api.internal.tasks.testing.junit.AbstractJUnitTestDefinitionProcessor.processTestDefinition(AbstractJUnitTestDefinitionProcessor.java:65)
  at org.gradle.api.internal.tasks.testing.SuiteTestDefinitionProcessor.processTestDefinition(SuiteTestDefinitionProcessor.java:54)
  at java.base/jdk.internal.reflect.DirectMethodHandleAccessor.invoke(DirectMethodHandleAccessor.java:104)
  at java.base/java.lang.reflect.Method.invoke(Method.java:565)
  at org.gradle.internal.dispatch.MethodInvocation.invokeOn(MethodInvocation.java:77)
  at org.gradle.internal.dispatch.ReflectionDispatch.dispatch(ReflectionDispatch.java:28)
  at org.gradle.internal.dispatch.ReflectionDispatch.dispatch(ReflectionDispatch.java:19)
  at org.gradle.internal.dispatch.ContextClassLoaderDispatch.dispatch(ContextClassLoaderDispatch.java:33)
  at org.gradle.internal.dispatch.ProxyDispatchAdapter$DispatchingInvocationHandler.invoke(ProxyDispatchAdapter.java:88)
  at jdk.proxy1/jdk.proxy1.$Proxy4.processTestDefinition(Unknown Source)
  at org.gradle.api.internal.tasks.testing.worker.TestWorker$2.run(TestWorker.java:178)
  at org.gradle.api.internal.tasks.testing.worker.TestWorker.executeAndMaintainThreadName(TestWorker.java:126)
  at org.gradle.api.internal.tasks.testing.worker.TestWorker.execute(TestWorker.java:103)
  at org.gradle.api.internal.tasks.testing.worker.TestWorker.execute(TestWorker.java:63)
  at org.gradle.process.internal.worker.child.ActionExecutionWorker.execute(ActionExecutionWorker.java:56)
  at org.gradle.process.internal.worker.child.SystemApplicationClassLoaderWorker.call(SystemApplicationClassLoaderWorker.java:122)
  at org.gradle.process.internal.worker.child.SystemApplicationClassLoaderWorker.call(SystemApplicationClassLoaderWorker.java:72)
  at worker.org.gradle.process.internal.worker.GradleWorkerMain.run(GradleWorkerMain.java:69)
  at worker.org.gradle.process.internal.worker.GradleWorkerMain.main(GradleWorkerMain.java:74)
</stacktrace>
</test-failure>


TypeScriptCompilerTests_I[jvm] > inheritanceMemberFuncOverridingAccessor_ts has expected errors matching inheritanceMemberFuncOverridingAccessor_errors_txt[jvm] FAILED

<test-failure test="com.xemantic.typescript.compiler.TypeScriptCompilerTests_I.identifierStartAfterNumericLiteral_ts has expected errors matching identifierStartAfterNumericLiteral_errors_txt" platform="jvm">
<message>
--- expected
+++ actual
@@ -1,140 +1,59 @@
-identifierStartAfterNumericLiteral.ts(1,16): error TS1351: An identifier or keyword cannot immediately follow a numeric literal.
-identifierStartAfterNumericLiteral.ts(3,2): error TS1351: An identifier or keyword cannot immediately follow a numeric literal.
 identifierStartAfterNumericLiteral.ts(3,2): error TS2304: Cannot find name 'a'.
-identifierStartAfterNumericLiteral.ts(4,4): error TS1351: An identifier or keyword cannot immediately follow a numeric literal.
 identifierStartAfterNumericLiteral.ts(4,4): error TS2304: Cannot find name 'a'.
-identifierStartAfterNumericLiteral.ts(5,3): error TS1124: Digit expected.
-identifierStartAfterNumericLiteral.ts(5,4): error TS2538: Type 'null' cannot be used as an index type.
-identifierStartAfterNumericLiteral.ts(6,5): error TS1124: Digit expected.
-identifierStartAfterNumericLiteral.ts(6,6): error TS2538: Type 'null' cannot be used as an index type.
-identifierStartAfterNumericLiteral.ts(7,2): error TS1351: An identifier or keyword cannot immediately follow a numeric literal.
-identifierStartAfterNumericLiteral.ts(8,4): error TS1351: An identifier or keyword cannot immediately follow a numeric literal.
-identifierStartAfterNumericLiteral.ts(9,1): error TS1352: A bigint literal cannot use exponential notation.
-identifierStartAfterNumericLiteral.ts(9,3): error TS1124: Digit expected.
-identifierStartAfterNumericLiteral.ts(9,5): error TS2538: Type 'null' cannot be used as an index type.
-identifierStartAfterNumericLiteral.ts(10,1): error TS1352: A bigint literal cannot use exponential notation.
-identifierStartAfterNumericLiteral.ts(10,5): error TS1124: Digit expected.
-identifierStartAfterNumericLiteral.ts(10,7): error TS2538: Type 'null' cannot be used as an index type.
-identifierStartAfterNumericLiteral.ts(11,2): error TS1351: An identifier or keyword cannot immediately follow a numeric literal.
 identifierStartAfterNumericLiteral.ts(11,2): error TS2304: Cannot find name 'a'.
-identifierStartAfterNumericLiteral.ts(12,4): error TS1351: An identifier or keyword cannot immediately follow a numeric literal.
 identifierStartAfterNumericLiteral.ts(12,4): error TS2304: Cannot find name 'a'.
-identifierStartAfterNumericLiteral.ts(13,4): error TS1351: An identifier or keyword cannot immediately follow a numeric literal.
 identifierStartAfterNumericLiteral.ts(13,4): error TS2304: Cannot find name 'abc'.
-identifierStartAfterNumericLiteral.ts(14,3): error TS1124: Digit expected.
-identifierStartAfterNumericLiteral.ts(15,5): error TS1124: Digit expected.
-identifierStartAfterNumericLiteral.ts(18,3): error TS1124: Digit expected.
 identifierStartAfterNumericLiteral.ts(18,3): error TS2304: Cannot find name 'e'.
-identifierStartAfterNumericLiteral.ts(19,5): error TS1124: Digit expected.
 identifierStartAfterNumericLiteral.ts(19,5): error TS2304: Cannot find name 'e'.
-identifierStartAfterNumericLiteral.ts(22,3): error TS1005: ';' expected.
-identifierStartAfterNumericLiteral.ts(23,5): error TS1005: ';' expected.
-identifierStartAfterNumericLiteral.ts(24,3): error TS1351: An identifier or keyword cannot immediately follow a numeric literal.
 identifierStartAfterNumericLiteral.ts(24,3): error TS2304: Cannot find name 'a'.
-identifierStartAfterNumericLiteral.ts(25,5): error TS1351: An identifier or keyword cannot immediately follow a numeric literal.
 identifierStartAfterNumericLiteral.ts(25,5): error TS2304: Cannot find name 'a'.
-identifierStartAfterNumericLiteral.ts(26,5): error TS1351: An identifier or keyword cannot immediately follow a numeric literal.
 identifierStartAfterNumericLiteral.ts(26,5): error TS2304: Cannot find name 'abc'.
 
 
-==== identifierStartAfterNumericLiteral.ts (37 errors) ====
+==== identifierStartAfterNumericLiteral.ts (10 errors) ====
     let valueIn = 3in[null];
-                   ~~
-!!! error TS1351: An identifier or keyword cannot immediately follow a numeric literal.
     
     3a[null]
      ~
-!!! error TS1351: An identifier or keyword cannot immediately follow a numeric literal.
-     ~
 !!! error TS2304: Cannot find name 'a'.
     123a[null]
        ~
-!!! error TS1351: An identifier or keyword cannot immediately follow a numeric literal.
-       ~
 !!! error TS2304: Cannot find name 'a'.
     3e[null]
-      
-!!! error TS1124: Digit expected.
-       ~~~~
-!!! error TS2538: Type 'null' cannot be used as an index type.
     123e[null]
-        
-!!! error TS1124: Digit expected.
-         ~~~~
-!!! error TS2538: Type 'null' cannot be used as an index type.
     3in[null]
-     ~~
-!!! error TS1351: An identifier or keyword cannot immediately follow a numeric literal.
     123in[null]
-       ~~
-!!! error TS1351: An identifier or keyword cannot immediately follow a numeric literal.
     3en[null]
-    ~~~
-!!! error TS1352: A bigint literal cannot use exponential notation.
-      
-!!! error TS1124: Digit expected.
-        ~~~~
-!!! error TS2538: Type 'null' cannot be used as an index type.
     123en[null]
-    ~~~~~
-!!! error TS1352: A bigint literal cannot use exponential notation.
-        
-!!! error TS1124: Digit expected.
-          ~~~~
-!!! error TS2538: Type 'null' cannot be used as an index type.
     1a
      ~
-!!! error TS1351: An identifier or keyword cannot immediately follow a numeric literal.
-     ~
 !!! error TS2304: Cannot find name 'a'.
     123a
        ~
-!!! error TS1351: An identifier or keyword cannot immediately follow a numeric literal.
-       ~
 !!! error TS2304: Cannot find name 'a'.
     123abc
        ~~~
-!!! error TS1351: An identifier or keyword cannot immediately follow a numeric literal.
-       ~~~
 !!! error TS2304: Cannot find name 'abc'.
     1e
-      
-!!! error TS1124: Digit expected.
     123e
-        
-!!! error TS1124: Digit expected.
     1e9
     123e9
     1ee
-      
-!!! error TS1124: Digit expected.
       ~
 !!! error TS2304: Cannot find name 'e'.
     123ee
-        
-!!! error TS1124: Digit expected.
         ~
 !!! error TS2304: Cannot find name 'e'.
     1n
     123n
     2n2
-      ~
-!!! error TS1005: ';' expected.
     123n2
-        ~
-!!! error TS1005: ';' expected.
     2na
       ~
-!!! error TS1351: An identifier or keyword cannot immediately follow a numeric literal.
-      ~
 !!! error TS2304: Cannot find name 'a'.
     123na
         ~
-!!! error TS1351: An identifier or keyword cannot immediately follow a numeric literal.
-        ~
 !!! error TS2304: Cannot find name 'a'.
     123nabc
         ~~~
-!!! error TS1351: An identifier or keyword cannot immediately follow a numeric literal.
-        ~~~
 !!! error TS2304: Cannot find name 'abc'.

</message>
<stacktrace>
  at org.junit.Assert.fail(Assert.java:89)
  at kotlin.test.junit.JUnitAsserter.fail(JUnitSupport.kt:56)
  at kotlin.test.AssertionsKt__AssertionsKt.fail(Assertions.kt:563)
  at kotlin.test.AssertionsKt.fail(Unknown Source)
  at com.xemantic.kotlin.test.SameAsKt.sameAs(SameAs.kt:52)
  at com.xemantic.typescript.compiler.TypeScriptTestSupportKt.errorsMatchBaseline(TypeScriptTestSupport.kt:135)
  at com.xemantic.typescript.compiler.TypeScriptCompilerTests_I.identifierStartAfterNumericLiteral_ts has expected errors matching identifierStartAfterNumericLiteral_errors_txt(TypeScriptCompilerTests_I.kt:84)
  at java.base/jdk.internal.reflect.DirectMethodHandleAccessor.invoke(DirectMethodHandleAccessor.java:104)
  at java.base/java.lang.reflect.Method.invoke(Method.java:565)
  at org.junit.runners.model.FrameworkMethod$1.runReflectiveCall(FrameworkMethod.java:59)
  at org.junit.internal.runners.model.ReflectiveCallable.run(ReflectiveCallable.java:12)
  at org.junit.runners.model.FrameworkMethod.invokeExplosively(FrameworkMethod.java:56)
  at org.junit.internal.runners.statements.InvokeMethod.evaluate(InvokeMethod.java:17)
  at org.junit.runners.ParentRunner$3.evaluate(ParentRunner.java:306)
  at org.junit.runners.BlockJUnit4ClassRunner$1.evaluate(BlockJUnit4ClassRunner.java:100)
  at org.junit.runners.ParentRunner.runLeaf(ParentRunner.java:366)
  at org.junit.runners.BlockJUnit4ClassRunner.runChild(BlockJUnit4ClassRunner.java:103)
  at org.junit.runners.BlockJUnit4ClassRunner.runChild(BlockJUnit4ClassRunner.java:63)
  at org.junit.runners.ParentRunner$4.run(ParentRunner.java:331)
  at org.junit.runners.ParentRunner$1.schedule(ParentRunner.java:79)
  at org.junit.runners.ParentRunner.runChildren(ParentRunner.java:329)
  at org.junit.runners.ParentRunner.access$100(ParentRunner.java:66)
  at org.junit.runners.ParentRunner$2.evaluate(ParentRunner.java:293)
  at org.junit.runners.ParentRunner$3.evaluate(ParentRunner.java:306)
  at org.junit.runners.ParentRunner.run(ParentRunner.java:413)
  at org.junit.runner.JUnitCore.run(JUnitCore.java:137)
  at org.junit.runner.JUnitCore.run(JUnitCore.java:115)
  at org.gradle.api.internal.tasks.testing.junit.JUnitTestExecutor.runRequest(JUnitTestExecutor.java:175)
  at org.gradle.api.internal.tasks.testing.junit.JUnitTestExecutor.accept(JUnitTestExecutor.java:84)
  at org.gradle.api.internal.tasks.testing.junit.JUnitTestExecutor.accept(JUnitTestExecutor.java:47)
  at org.gradle.api.internal.tasks.testing.junit.AbstractJUnitTestDefinitionProcessor.processTestDefinition(AbstractJUnitTestDefinitionProcessor.java:65)
  at org.gradle.api.internal.tasks.testing.SuiteTestDefinitionProcessor.processTestDefinition(SuiteTestDefinitionProcessor.java:54)
  at java.base/jdk.internal.reflect.DirectMethodHandleAccessor.invoke(DirectMethodHandleAccessor.java:104)
  at java.base/java.lang.reflect.Method.invoke(Method.java:565)
  at org.gradle.internal.dispatch.MethodInvocation.invokeOn(MethodInvocation.java:77)
  at org.gradle.internal.dispatch.ReflectionDispatch.dispatch(ReflectionDispatch.java:28)
  at org.gradle.internal.dispatch.ReflectionDispatch.dispatch(ReflectionDispatch.java:19)
  at org.gradle.internal.dispatch.ContextClassLoaderDispatch.dispatch(ContextClassLoaderDispatch.java:33)
  at org.gradle.internal.dispatch.ProxyDispatchAdapter$DispatchingInvocationHandler.invoke(ProxyDispatchAdapter.java:88)
  at jdk.proxy1/jdk.proxy1.$Proxy4.processTestDefinition(Unknown Source)
  at org.gradle.api.internal.tasks.testing.worker.TestWorker$2.run(TestWorker.java:178)
  at org.gradle.api.internal.tasks.testing.worker.TestWorker.executeAndMaintainThreadName(TestWorker.java:126)
  at org.gradle.api.internal.tasks.testing.worker.TestWorker.execute(TestWorker.java:103)
  at org.gradle.api.internal.tasks.testing.worker.TestWorker.execute(TestWorker.java:63)
  at org.gradle.process.internal.worker.child.ActionExecutionWorker.execute(ActionExecutionWorker.java:56)
  at org.gradle.process.internal.worker.child.SystemApplicationClassLoaderWorker.call(SystemApplicationClassLoaderWorker.java:122)
  at org.gradle.process.internal.worker.child.SystemApplicationClassLoaderWorker.call(SystemApplicationClassLoaderWorker.java:72)
  at worker.org.gradle.process.internal.worker.GradleWorkerMain.run(GradleWorkerMain.java:69)
  at worker.org.gradle.process.internal.worker.GradleWorkerMain.main(GradleWorkerMain.java:74)
</stacktrace>
</test-failure>


TypeScriptCompilerTests_I[jvm] > identifierStartAfterNumericLiteral_ts has expected errors matching identifierStartAfterNumericLiteral_errors_txt[jvm] FAILED

<test-failure test="com.xemantic.typescript.compiler.TypeScriptCompilerTests_I.indexSignatureWithInitializer_ts has expected errors matching indexSignatureWithInitializer_errors_txt" platform="jvm">
<message>
--- expected
+++ actual
@@ -1,26 +1,17 @@
-indexSignatureWithInitializer.ts(3,5): error TS1169: A computed property name in an interface must refer to an expression whose type is a literal type or a 'unique symbol' type.
 indexSignatureWithInitializer.ts(3,6): error TS2304: Cannot find name 'x'.
-indexSignatureWithInitializer.ts(7,5): error TS1166: A computed property name in a class property declaration must have a simple literal type or a 'unique symbol' type.
-indexSignatureWithInitializer.ts(7,5): error TS2564: Property '[x = 0]' has no initializer and is not definitely assigned in the constructor.
 indexSignatureWithInitializer.ts(7,6): error TS2304: Cannot find name 'x'.
 
 
-==== indexSignatureWithInitializer.ts (5 errors) ====
+==== indexSignatureWithInitializer.ts (2 errors) ====
     // These used to be indexers, now they are computed properties
     interface I {
         [x = '']: string;
-        ~~~~~~~~
-!!! error TS1169: A computed property name in an interface must refer to an expression whose type is a literal type or a 'unique symbol' type.
          ~
 !!! error TS2304: Cannot find name 'x'.
     }
     
     class C {
         [x = 0]: string
-        ~~~~~~~
-!!! error TS1166: A computed property name in a class property declaration must have a simple literal type or a 'unique symbol' type.
-        ~~~~~~~
-!!! error TS2564: Property '[x = 0]' has no initializer and is not definitely assigned in the constructor.
          ~
 !!! error TS2304: Cannot find name 'x'.
     }

</message>
<stacktrace>
  at org.junit.Assert.fail(Assert.java:89)
  at kotlin.test.junit.JUnitAsserter.fail(JUnitSupport.kt:56)
  at kotlin.test.AssertionsKt__AssertionsKt.fail(Assertions.kt:563)
  at kotlin.test.AssertionsKt.fail(Unknown Source)
  at com.xemantic.kotlin.test.SameAsKt.sameAs(SameAs.kt:52)
  at com.xemantic.typescript.compiler.TypeScriptTestSupportKt.errorsMatchBaseline(TypeScriptTestSupport.kt:135)
  at com.xemantic.typescript.compiler.TypeScriptCompilerTests_I.indexSignatureWithInitializer_ts has expected errors matching indexSignatureWithInitializer_errors_txt(TypeScriptCompilerTests_I.kt:2716)
  at java.base/jdk.internal.reflect.DirectMethodHandleAccessor.invoke(DirectMethodHandleAccessor.java:104)
  at java.base/java.lang.reflect.Method.invoke(Method.java:565)
  at org.junit.runners.model.FrameworkMethod$1.runReflectiveCall(FrameworkMethod.java:59)
  at org.junit.internal.runners.model.ReflectiveCallable.run(ReflectiveCallable.java:12)
  at org.junit.runners.model.FrameworkMethod.invokeExplosively(FrameworkMethod.java:56)
  at org.junit.internal.runners.statements.InvokeMethod.evaluate(InvokeMethod.java:17)
  at org.junit.runners.ParentRunner$3.evaluate(ParentRunner.java:306)
  at org.junit.runners.BlockJUnit4ClassRunner$1.evaluate(BlockJUnit4ClassRunner.java:100)
  at org.junit.runners.ParentRunner.runLeaf(ParentRunner.java:366)
  at org.junit.runners.BlockJUnit4ClassRunner.runChild(BlockJUnit4ClassRunner.java:103)
  at org.junit.runners.BlockJUnit4ClassRunner.runChild(BlockJUnit4ClassRunner.java:63)
  at org.junit.runners.ParentRunner$4.run(ParentRunner.java:331)
  at org.junit.runners.ParentRunner$1.schedule(ParentRunner.java:79)
  at org.junit.runners.ParentRunner.runChildren(ParentRunner.java:329)
  at org.junit.runners.ParentRunner.access$100(ParentRunner.java:66)
  at org.junit.runners.ParentRunner$2.evaluate(ParentRunner.java:293)
  at org.junit.runners.ParentRunner$3.evaluate(ParentRunner.java:306)
  at org.junit.runners.ParentRunner.run(ParentRunner.java:413)
  at org.junit.runner.JUnitCore.run(JUnitCore.java:137)
  at org.junit.runner.JUnitCore.run(JUnitCore.java:115)
  at org.gradle.api.internal.tasks.testing.junit.JUnitTestExecutor.runRequest(JUnitTestExecutor.java:175)
  at org.gradle.api.internal.tasks.testing.junit.JUnitTestExecutor.accept(JUnitTestExecutor.java:84)
  at org.gradle.api.internal.tasks.testing.junit.JUnitTestExecutor.accept(JUnitTestExecutor.java:47)
  at org.gradle.api.internal.tasks.testing.junit.AbstractJUnitTestDefinitionProcessor.processTestDefinition(AbstractJUnitTestDefinitionProcessor.java:65)
  at org.gradle.api.internal.tasks.testing.SuiteTestDefinitionProcessor.processTestDefinition(SuiteTestDefinitionProcessor.java:54)
  at java.base/jdk.internal.reflect.DirectMethodHandleAccessor.invoke(DirectMethodHandleAccessor.java:104)
  at java.base/java.lang.reflect.Method.invoke(Method.java:565)
  at org.gradle.internal.dispatch.MethodInvocation.invokeOn(MethodInvocation.java:77)
  at org.gradle.internal.dispatch.ReflectionDispatch.dispatch(ReflectionDispatch.java:28)
  at org.gradle.internal.dispatch.ReflectionDispatch.dispatch(ReflectionDispatch.java:19)
  at org.gradle.internal.dispatch.ContextClassLoaderDispatch.dispatch(ContextClassLoaderDispatch.java:33)
  at org.gradle.internal.dispatch.ProxyDispatchAdapter$DispatchingInvocationHandler.invoke(ProxyDispatchAdapter.java:88)
  at jdk.proxy1/jdk.proxy1.$Proxy4.processTestDefinition(Unknown Source)
  at org.gradle.api.internal.tasks.testing.worker.TestWorker$2.run(TestWorker.java:178)
  at org.gradle.api.internal.tasks.testing.worker.TestWorker.executeAndMaintainThreadName(TestWorker.java:126)
  at org.gradle.api.internal.tasks.testing.worker.TestWorker.execute(TestWorker.java:103)
  at org.gradle.api.internal.tasks.testing.worker.TestWorker.execute(TestWorker.java:63)
  at org.gradle.process.internal.worker.child.ActionExecutionWorker.execute(ActionExecutionWorker.java:56)
  at org.gradle.process.internal.worker.child.SystemApplicationClassLoaderWorker.call(SystemApplicationClassLoaderWorker.java:122)
  at org.gradle.process.internal.worker.child.SystemApplicationClassLoaderWorker.call(SystemApplicationClassLoaderWorker.java:72)
  at worker.org.gradle.process.internal.worker.GradleWorkerMain.run(GradleWorkerMain.java:69)
  at worker.org.gradle.process.internal.worker.GradleWorkerMain.main(GradleWorkerMain.java:74)
</stacktrace>
</test-failure>


TypeScriptCompilerTests_I[jvm] > indexSignatureWithInitializer_ts has expected errors matching indexSignatureWithInitializer_errors_txt[jvm] FAILED

<test-failure test="com.xemantic.typescript.compiler.TypeScriptCompilerTests_I.importHelpersNoHelpersForPrivateFields_ts has expected errors matching importHelpersNoHelpersForPrivateFields_errors_txt" platform="jvm">
<message>
--- expected
+++ actual
@@ -1,22 +1,13 @@
 error TS5107: Option 'moduleResolution=classic' is deprecated and will stop functioning in TypeScript 7.0. Specify compilerOption '"ignoreDeprecations": "6.0"' to silence this error.
-main.ts(4,9): error TS2343: This syntax requires an imported helper named '__classPrivateFieldSet' which does not exist in 'tslib'. Consider upgrading your version of 'tslib'.
-main.ts(4,23): error TS2343: This syntax requires an imported helper named '__classPrivateFieldGet' which does not exist in 'tslib'. Consider upgrading your version of 'tslib'.
-main.ts(5,9): error TS2343: This syntax requires an imported helper named '__classPrivateFieldIn' which does not exist in 'tslib'. Consider upgrading your version of 'tslib'.
 
 
 !!! error TS5107: Option 'moduleResolution=classic' is deprecated and will stop functioning in TypeScript 7.0. Specify compilerOption '"ignoreDeprecations": "6.0"' to silence this error.
-==== main.ts (3 errors) ====
+==== main.ts (0 errors) ====
     export class Foo {
         #field = true;
         f() {
             this.#field = this.#field;
-            ~~~~~~~~~~~
-!!! error TS2343: This syntax requires an imported helper named '__classPrivateFieldSet' which does not exist in 'tslib'. Consider upgrading your version of 'tslib'.
-                          ~~~~~~~~~~~
-!!! error TS2343: This syntax requires an imported helper named '__classPrivateFieldGet' which does not exist in 'tslib'. Consider upgrading your version of 'tslib'.
             #field in this;
-            ~~~~~~
-!!! error TS2343: This syntax requires an imported helper named '__classPrivateFieldIn' which does not exist in 'tslib'. Consider upgrading your version of 'tslib'.
         }
     }
     

</message>
<stacktrace>
  at org.junit.Assert.fail(Assert.java:89)
  at kotlin.test.junit.JUnitAsserter.fail(JUnitSupport.kt:56)
  at kotlin.test.AssertionsKt__AssertionsKt.fail(Assertions.kt:563)
  at kotlin.test.AssertionsKt.fail(Unknown Source)
  at com.xemantic.kotlin.test.SameAsKt.sameAs(SameAs.kt:52)
  at com.xemantic.typescript.compiler.TypeScriptTestSupportKt.errorsMatchBaseline(TypeScriptTestSupport.kt:135)
  at com.xemantic.typescript.compiler.TypeScriptCompilerTests_I.importHelpersNoHelpersForPrivateFields_ts has expected errors matching importHelpersNoHelpersForPrivateFields_errors_txt(TypeScriptCompilerTests_I.kt:1253)
  at java.base/jdk.internal.reflect.DirectMethodHandleAccessor.invoke(DirectMethodHandleAccessor.java:104)
  at java.base/java.lang.reflect.Method.invoke(Method.java:565)
  at org.junit.runners.model.FrameworkMethod$1.runReflectiveCall(FrameworkMethod.java:59)
  at org.junit.internal.runners.model.ReflectiveCallable.run(ReflectiveCallable.java:12)
  at org.junit.runners.model.FrameworkMethod.invokeExplosively(FrameworkMethod.java:56)
  at org.junit.internal.runners.statements.InvokeMethod.evaluate(InvokeMethod.java:17)
  at org.junit.runners.ParentRunner$3.evaluate(ParentRunner.java:306)
  at org.junit.runners.BlockJUnit4ClassRunner$1.evaluate(BlockJUnit4ClassRunner.java:100)
  at org.junit.runners.ParentRunner.runLeaf(ParentRunner.java:366)
  at org.junit.runners.BlockJUnit4ClassRunner.runChild(BlockJUnit4ClassRunner.java:103)
  at org.junit.runners.BlockJUnit4ClassRunner.runChild(BlockJUnit4ClassRunner.java:63)
  at org.junit.runners.ParentRunner$4.run(ParentRunner.java:331)
  at org.junit.runners.ParentRunner$1.schedule(ParentRunner.java:79)
  at org.junit.runners.ParentRunner.runChildren(ParentRunner.java:329)
  at org.junit.runners.ParentRunner.access$100(ParentRunner.java:66)
  at org.junit.runners.ParentRunner$2.evaluate(ParentRunner.java:293)
  at org.junit.runners.ParentRunner$3.evaluate(ParentRunner.java:306)
  at org.junit.runners.ParentRunner.run(ParentRunner.java:413)
  at org.junit.runner.JUnitCore.run(JUnitCore.java:137)
  at org.junit.runner.JUnitCore.run(JUnitCore.java:115)
  at org.gradle.api.internal.tasks.testing.junit.JUnitTestExecutor.runRequest(JUnitTestExecutor.java:175)
  at org.gradle.api.internal.tasks.testing.junit.JUnitTestExecutor.accept(JUnitTestExecutor.java:84)
  at org.gradle.api.internal.tasks.testing.junit.JUnitTestExecutor.accept(JUnitTestExecutor.java:47)
  at org.gradle.api.internal.tasks.testing.junit.AbstractJUnitTestDefinitionProcessor.processTestDefinition(AbstractJUnitTestDefinitionProcessor.java:65)
  at org.gradle.api.internal.tasks.testing.SuiteTestDefinitionProcessor.processTestDefinition(SuiteTestDefinitionProcessor.java:54)
  at java.base/jdk.internal.reflect.DirectMethodHandleAccessor.invoke(DirectMethodHandleAccessor.java:104)
  at java.base/java.lang.reflect.Method.invoke(Method.java:565)
  at org.gradle.internal.dispatch.MethodInvocation.invokeOn(MethodInvocation.java:77)
  at org.gradle.internal.dispatch.ReflectionDispatch.dispatch(ReflectionDispatch.java:28)
  at org.gradle.internal.dispatch.ReflectionDispatch.dispatch(ReflectionDispatch.java:19)
  at org.gradle.internal.dispatch.ContextClassLoaderDispatch.dispatch(ContextClassLoaderDispatch.java:33)
  at org.gradle.internal.dispatch.ProxyDispatchAdapter$DispatchingInvocationHandler.invoke(ProxyDispatchAdapter.java:88)
  at jdk.proxy1/jdk.proxy1.$Proxy4.processTestDefinition(Unknown Source)
  at org.gradle.api.internal.tasks.testing.worker.TestWorker$2.run(TestWorker.java:178)
  at org.gradle.api.internal.tasks.testing.worker.TestWorker.executeAndMaintainThreadName(TestWorker.java:126)
  at org.gradle.api.internal.tasks.testing.worker.TestWorker.execute(TestWorker.java:103)
  at org.gradle.api.internal.tasks.testing.worker.TestWorker.execute(TestWorker.java:63)
  at org.gradle.process.internal.worker.child.ActionExecutionWorker.execute(ActionExecutionWorker.java:56)
  at org.gradle.process.internal.worker.child.SystemApplicationClassLoaderWorker.call(SystemApplicationClassLoaderWorker.java:122)
  at org.gradle.process.internal.worker.child.SystemApplicationClassLoaderWorker.call(SystemApplicationClassLoaderWorker.java:72)
  at worker.org.gradle.process.internal.worker.GradleWorkerMain.run(GradleWorkerMain.java:69)
  at worker.org.gradle.process.internal.worker.GradleWorkerMain.main(GradleWorkerMain.java:74)
</stacktrace>
</test-failure>


TypeScriptCompilerTests_I[jvm] > importHelpersNoHelpersForPrivateFields_ts has expected errors matching importHelpersNoHelpersForPrivateFields_errors_txt[jvm] FAILED

<test-failure test="com.xemantic.typescript.compiler.TypeScriptCompilerTests_I.indexerConstraints2_ts has expected errors matching indexerConstraints2_errors_txt" platform="jvm">
<message>
--- expected
+++ actual
@@ -1,17 +1,9 @@
 indexerConstraints2.ts(1,11): error TS2564: Property 'a' has no initializer and is not definitely assigned in the constructor.
 indexerConstraints2.ts(2,21): error TS2564: Property 'b' has no initializer and is not definitely assigned in the constructor.
-indexerConstraints2.ts(9,5): error TS2413: 'number' index type 'A' is not assignable to 'string' index type 'B'.
-indexerConstraints2.ts(17,5): error TS2413: 'number' index type 'A' is not assignable to 'string' index type 'B'.
-indexerConstraints2.ts(26,5): error TS2413: 'number' index type 'A' is not assignable to 'string' index type 'B'.
-indexerConstraints2.ts(46,6): error TS1268: An index signature parameter type must be 'string', 'number', 'symbol', or a template literal type.
-indexerConstraints2.ts(52,6): error TS1337: An index signature parameter type cannot be a literal type or generic type. Consider using a mapped object type instead.
-indexerConstraints2.ts(58,6): error TS1268: An index signature parameter type must be 'string', 'number', 'symbol', or a template literal type.
-indexerConstraints2.ts(70,6): error TS1337: An index signature parameter type cannot be a literal type or generic type. Consider using a mapped object type instead.
-indexerConstraints2.ts(74,6): error TS1337: An index signature parameter type cannot be a literal type or generic type. Consider using a mapped object type instead.
 indexerConstraints2.ts(79,5): error TS1021: An index signature must have a type annotation.
 
 
-==== indexerConstraints2.ts (11 errors) ====
+==== indexerConstraints2.ts (3 errors) ====
     class A { a: number; }
               ~
 !!! error TS2564: Property 'a' has no initializer and is not definitely assigned in the constructor.
@@ -25,8 +17,6 @@
     }
     class G extends F {
         [n: number]: A
-        ~~~~~~~~~~~~~~
-!!! error TS2413: 'number' index type 'A' is not assignable to 'string' index type 'B'.
     }
     
     // Other way
@@ -35,8 +25,6 @@
     }
     class I extends H {
         [s: string]: B
-        ~~~~~~~~~~~~~~
-!!! error TS2413: 'number' index type 'A' is not assignable to 'string' index type 'B'.
     }
     
     // With hidden indexer
@@ -46,8 +34,6 @@
     
     class K extends J {
         [n: number]: A;
-        ~~~~~~~~~~~~~~~
-!!! error TS2413: 'number' index type 'A' is not assignable to 'string' index type 'B'.
         [s: string]: B;
     }
     
@@ -68,24 +54,18 @@
     
     interface N {
         [b: AliasedBoolean]: A;
-         ~
-!!! error TS1268: An index signature parameter type must be 'string', 'number', 'symbol', or a template literal type.
     }
     
     type IndexableUnion = "foo" | "bar";
     
     interface O {
         [u: IndexableUnion]: A;
-         ~
-!!! error TS1337: An index signature parameter type cannot be a literal type or generic type. Consider using a mapped object type instead.
     }
     
     type NonIndexableUnion = boolean | {};
     
     interface P {
         [u: NonIndexableUnion]: A;
-         ~
-!!! error TS1268: An index signature parameter type must be 'string', 'number', 'symbol', or a template literal type.
     }
     
     type NonIndexableUnion2 = string | number;
@@ -98,14 +78,10 @@
     
     interface R {
         [u: NonIndexableUnion3]: A;
-         ~
-!!! error TS1337: An index signature parameter type cannot be a literal type or generic type. Consider using a mapped object type instead.
     }
     
     interface S {
         [u: "foo" | "bar"]: A;
-         ~
-!!! error TS1337: An index signature parameter type cannot be a literal type or generic type. Consider using a mapped object type instead.
     }
     
     type Key = string;

</message>
<stacktrace>
  at org.junit.Assert.fail(Assert.java:89)
  at kotlin.test.junit.JUnitAsserter.fail(JUnitSupport.kt:56)
  at kotlin.test.AssertionsKt__AssertionsKt.fail(Assertions.kt:563)
  at kotlin.test.AssertionsKt.fail(Unknown Source)
  at com.xemantic.kotlin.test.SameAsKt.sameAs(SameAs.kt:52)
  at com.xemantic.typescript.compiler.TypeScriptTestSupportKt.errorsMatchBaseline(TypeScriptTestSupport.kt:135)
  at com.xemantic.typescript.compiler.TypeScriptCompilerTests_I.indexerConstraints2_ts has expected errors matching indexerConstraints2_errors_txt(TypeScriptCompilerTests_I.kt:3080)
  at java.base/jdk.internal.reflect.DirectMethodHandleAccessor.invoke(DirectMethodHandleAccessor.java:104)
  at java.base/java.lang.reflect.Method.invoke(Method.java:565)
  at org.junit.runners.model.FrameworkMethod$1.runReflectiveCall(FrameworkMethod.java:59)
  at org.junit.internal.runners.model.ReflectiveCallable.run(ReflectiveCallable.java:12)
  at org.junit.runners.model.FrameworkMethod.invokeExplosively(FrameworkMethod.java:56)
  at org.junit.internal.runners.statements.InvokeMethod.evaluate(InvokeMethod.java:17)
  at org.junit.runners.ParentRunner$3.evaluate(ParentRunner.java:306)
  at org.junit.runners.BlockJUnit4ClassRunner$1.evaluate(BlockJUnit4ClassRunner.java:100)
  at org.junit.runners.ParentRunner.runLeaf(ParentRunner.java:366)
  at org.junit.runners.BlockJUnit4ClassRunner.runChild(BlockJUnit4ClassRunner.java:103)
  at org.junit.runners.BlockJUnit4ClassRunner.runChild(BlockJUnit4ClassRunner.java:63)
  at org.junit.runners.ParentRunner$4.run(ParentRunner.java:331)
  at org.junit.runners.ParentRunner$1.schedule(ParentRunner.java:79)
  at org.junit.runners.ParentRunner.runChildren(ParentRunner.java:329)
  at org.junit.runners.ParentRunner.access$100(ParentRunner.java:66)
  at org.junit.runners.ParentRunner$2.evaluate(ParentRunner.java:293)
  at org.junit.runners.ParentRunner$3.evaluate(ParentRunner.java:306)
  at org.junit.runners.ParentRunner.run(ParentRunner.java:413)
  at org.junit.runner.JUnitCore.run(JUnitCore.java:137)
  at org.junit.runner.JUnitCore.run(JUnitCore.java:115)
  at org.gradle.api.internal.tasks.testing.junit.JUnitTestExecutor.runRequest(JUnitTestExecutor.java:175)
  at org.gradle.api.internal.tasks.testing.junit.JUnitTestExecutor.accept(JUnitTestExecutor.java:84)
  at org.gradle.api.internal.tasks.testing.junit.JUnitTestExecutor.accept(JUnitTestExecutor.java:47)
  at org.gradle.api.internal.tasks.testing.junit.AbstractJUnitTestDefinitionProcessor.processTestDefinition(AbstractJUnitTestDefinitionProcessor.java:65)
  at org.gradle.api.internal.tasks.testing.SuiteTestDefinitionProcessor.processTestDefinition(SuiteTestDefinitionProcessor.java:54)
  at java.base/jdk.internal.reflect.DirectMethodHandleAccessor.invoke(DirectMethodHandleAccessor.java:104)
  at java.base/java.lang.reflect.Method.invoke(Method.java:565)
  at org.gradle.internal.dispatch.MethodInvocation.invokeOn(MethodInvocation.java:77)
  at org.gradle.internal.dispatch.ReflectionDispatch.dispatch(ReflectionDispatch.java:28)
  at org.gradle.internal.dispatch.ReflectionDispatch.dispatch(ReflectionDispatch.java:19)
  at org.gradle.internal.dispatch.ContextClassLoaderDispatch.dispatch(ContextClassLoaderDispatch.java:33)
  at org.gradle.internal.dispatch.ProxyDispatchAdapter$DispatchingInvocationHandler.invoke(ProxyDispatchAdapter.java:88)
  at jdk.proxy1/jdk.proxy1.$Proxy4.processTestDefinition(Unknown Source)
  at org.gradle.api.internal.tasks.testing.worker.TestWorker$2.run(TestWorker.java:178)
  at org.gradle.api.internal.tasks.testing.worker.TestWorker.executeAndMaintainThreadName(TestWorker.java:126)
  at org.gradle.api.internal.tasks.testing.worker.TestWorker.execute(TestWorker.java:103)
  at org.gradle.api.internal.tasks.testing.worker.TestWorker.execute(TestWorker.java:63)
  at org.gradle.process.internal.worker.child.ActionExecutionWorker.execute(ActionExecutionWorker.java:56)
  at org.gradle.process.internal.worker.child.SystemApplicationClassLoaderWorker.call(SystemApplicationClassLoaderWorker.java:122)
  at org.gradle.process.internal.worker.child.SystemApplicationClassLoaderWorker.call(SystemApplicationClassLoaderWorker.java:72)
  at worker.org.gradle.process.internal.worker.GradleWorkerMain.run(GradleWorkerMain.java:69)
  at worker.org.gradle.process.internal.worker.GradleWorkerMain.main(GradleWorkerMain.java:74)
</stacktrace>
</test-failure>


TypeScriptCompilerTests_I[jvm] > indexerConstraints2_ts has expected errors matching indexerConstraints2_errors_txt[jvm] FAILED

<test-failure test="com.xemantic.typescript.compiler.TypeScriptCompilerTests_I.importHelpersES6_ts has expected errors matching importHelpersES6_errors_txt" platform="jvm">
<message>
Expected diagnostics from baseline typescript-repo/tests/baselines/reference/importHelpersES6.errors.txt but none produced
</message>
<stacktrace>
  at com.xemantic.typescript.compiler.TypeScriptTestSupportKt.errorsMatchBaseline(TypeScriptTestSupport.kt:125)
  at com.xemantic.typescript.compiler.TypeScriptCompilerTests_I.importHelpersES6_ts has expected errors matching importHelpersES6_errors_txt(TypeScriptCompilerTests_I.kt:1155)
  at java.base/jdk.internal.reflect.DirectMethodHandleAccessor.invoke(DirectMethodHandleAccessor.java:104)
  at java.base/java.lang.reflect.Method.invoke(Method.java:565)
  at org.junit.runners.model.FrameworkMethod$1.runReflectiveCall(FrameworkMethod.java:59)
  at org.junit.internal.runners.model.ReflectiveCallable.run(ReflectiveCallable.java:12)
  at org.junit.runners.model.FrameworkMethod.invokeExplosively(FrameworkMethod.java:56)
  at org.junit.internal.runners.statements.InvokeMethod.evaluate(InvokeMethod.java:17)
  at org.junit.runners.ParentRunner$3.evaluate(ParentRunner.java:306)
  at org.junit.runners.BlockJUnit4ClassRunner$1.evaluate(BlockJUnit4ClassRunner.java:100)
  at org.junit.runners.ParentRunner.runLeaf(ParentRunner.java:366)
  at org.junit.runners.BlockJUnit4ClassRunner.runChild(BlockJUnit4ClassRunner.java:103)
  at org.junit.runners.BlockJUnit4ClassRunner.runChild(BlockJUnit4ClassRunner.java:63)
  at org.junit.runners.ParentRunner$4.run(ParentRunner.java:331)
  at org.junit.runners.ParentRunner$1.schedule(ParentRunner.java:79)
  at org.junit.runners.ParentRunner.runChildren(ParentRunner.java:329)
  at org.junit.runners.ParentRunner.access$100(ParentRunner.java:66)
  at org.junit.runners.ParentRunner$2.evaluate(ParentRunner.java:293)
  at org.junit.runners.ParentRunner$3.evaluate(ParentRunner.java:306)
  at org.junit.runners.ParentRunner.run(ParentRunner.java:413)
  at org.junit.runner.JUnitCore.run(JUnitCore.java:137)
  at org.junit.runner.JUnitCore.run(JUnitCore.java:115)
  at org.gradle.api.internal.tasks.testing.junit.JUnitTestExecutor.runRequest(JUnitTestExecutor.java:175)
  at org.gradle.api.internal.tasks.testing.junit.JUnitTestExecutor.accept(JUnitTestExecutor.java:84)
  at org.gradle.api.internal.tasks.testing.junit.JUnitTestExecutor.accept(JUnitTestExecutor.java:47)
  at org.gradle.api.internal.tasks.testing.junit.AbstractJUnitTestDefinitionProcessor.processTestDefinition(AbstractJUnitTestDefinitionProcessor.java:65)
  at org.gradle.api.internal.tasks.testing.SuiteTestDefinitionProcessor.processTestDefinition(SuiteTestDefinitionProcessor.java:54)
  at java.base/jdk.internal.reflect.DirectMethodHandleAccessor.invoke(DirectMethodHandleAccessor.java:104)
  at java.base/java.lang.reflect.Method.invoke(Method.java:565)
  at org.gradle.internal.dispatch.MethodInvocation.invokeOn(MethodInvocation.java:77)
  at org.gradle.internal.dispatch.ReflectionDispatch.dispatch(ReflectionDispatch.java:28)
  at org.gradle.internal.dispatch.ReflectionDispatch.dispatch(ReflectionDispatch.java:19)
  at org.gradle.internal.dispatch.ContextClassLoaderDispatch.dispatch(ContextClassLoaderDispatch.java:33)
  at org.gradle.internal.dispatch.ProxyDispatchAdapter$DispatchingInvocationHandler.invoke(ProxyDispatchAdapter.java:88)
  at jdk.proxy1/jdk.proxy1.$Proxy4.processTestDefinition(Unknown Source)
  at org.gradle.api.internal.tasks.testing.worker.TestWorker$2.run(TestWorker.java:178)
  at org.gradle.api.internal.tasks.testing.worker.TestWorker.executeAndMaintainThreadName(TestWorker.java:126)
  at org.gradle.api.internal.tasks.testing.worker.TestWorker.execute(TestWorker.java:103)
  at org.gradle.api.internal.tasks.testing.worker.TestWorker.execute(TestWorker.java:63)
  at org.gradle.process.internal.worker.child.ActionExecutionWorker.execute(ActionExecutionWorker.java:56)
  at org.gradle.process.internal.worker.child.SystemApplicationClassLoaderWorker.call(SystemApplicationClassLoaderWorker.java:122)
  at org.gradle.process.internal.worker.child.SystemApplicationClassLoaderWorker.call(SystemApplicationClassLoaderWorker.java:72)
  at worker.org.gradle.process.internal.worker.GradleWorkerMain.run(GradleWorkerMain.java:69)
  at worker.org.gradle.process.internal.worker.GradleWorkerMain.main(GradleWorkerMain.java:74)
</stacktrace>
</test-failure>


TypeScriptCompilerTests_I[jvm] > importHelpersES6_ts has expected errors matching importHelpersES6_errors_txt[jvm] FAILED

<test-failure test="com.xemantic.typescript.compiler.TypeScriptCompilerTests_I.intersectionPropertyCheck_ts has expected errors matching intersectionPropertyCheck_errors_txt" platform="jvm">
<message>
Expected diagnostics from baseline typescript-repo/tests/baselines/reference/intersectionPropertyCheck.errors.txt but none produced
</message>
<stacktrace>
  at com.xemantic.typescript.compiler.TypeScriptTestSupportKt.errorsMatchBaseline(TypeScriptTestSupport.kt:125)
  at com.xemantic.typescript.compiler.TypeScriptCompilerTests_I.intersectionPropertyCheck_ts has expected errors matching intersectionPropertyCheck_errors_txt(TypeScriptCompilerTests_I.kt:5978)
  at java.base/jdk.internal.reflect.DirectMethodHandleAccessor.invoke(DirectMethodHandleAccessor.java:104)
  at java.base/java.lang.reflect.Method.invoke(Method.java:565)
  at org.junit.runners.model.FrameworkMethod$1.runReflectiveCall(FrameworkMethod.java:59)
  at org.junit.internal.runners.model.ReflectiveCallable.run(ReflectiveCallable.java:12)
  at org.junit.runners.model.FrameworkMethod.invokeExplosively(FrameworkMethod.java:56)
  at org.junit.internal.runners.statements.InvokeMethod.evaluate(InvokeMethod.java:17)
  at org.junit.runners.ParentRunner$3.evaluate(ParentRunner.java:306)
  at org.junit.runners.BlockJUnit4ClassRunner$1.evaluate(BlockJUnit4ClassRunner.java:100)
  at org.junit.runners.ParentRunner.runLeaf(ParentRunner.java:366)
  at org.junit.runners.BlockJUnit4ClassRunner.runChild(BlockJUnit4ClassRunner.java:103)
  at org.junit.runners.BlockJUnit4ClassRunner.runChild(BlockJUnit4ClassRunner.java:63)
  at org.junit.runners.ParentRunner$4.run(ParentRunner.java:331)
  at org.junit.runners.ParentRunner$1.schedule(ParentRunner.java:79)
  at org.junit.runners.ParentRunner.runChildren(ParentRunner.java:329)
  at org.junit.runners.ParentRunner.access$100(ParentRunner.java:66)
  at org.junit.runners.ParentRunner$2.evaluate(ParentRunner.java:293)
  at org.junit.runners.ParentRunner$3.evaluate(ParentRunner.java:306)
  at org.junit.runners.ParentRunner.run(ParentRunner.java:413)
  at org.junit.runner.JUnitCore.run(JUnitCore.java:137)
  at org.junit.runner.JUnitCore.run(JUnitCore.java:115)
  at org.gradle.api.internal.tasks.testing.junit.JUnitTestExecutor.runRequest(JUnitTestExecutor.java:175)
  at org.gradle.api.internal.tasks.testing.junit.JUnitTestExecutor.accept(JUnitTestExecutor.java:84)
  at org.gradle.api.internal.tasks.testing.junit.JUnitTestExecutor.accept(JUnitTestExecutor.java:47)
  at org.gradle.api.internal.tasks.testing.junit.AbstractJUnitTestDefinitionProcessor.processTestDefinition(AbstractJUnitTestDefinitionProcessor.java:65)
  at org.gradle.api.internal.tasks.testing.SuiteTestDefinitionProcessor.processTestDefinition(SuiteTestDefinitionProcessor.java:54)
  at java.base/jdk.internal.reflect.DirectMethodHandleAccessor.invoke(DirectMethodHandleAccessor.java:104)
  at java.base/java.lang.reflect.Method.invoke(Method.java:565)
  at org.gradle.internal.dispatch.MethodInvocation.invokeOn(MethodInvocation.java:77)
  at org.gradle.internal.dispatch.ReflectionDispatch.dispatch(ReflectionDispatch.java:28)
  at org.gradle.internal.dispatch.ReflectionDispatch.dispatch(ReflectionDispatch.java:19)
  at org.gradle.internal.dispatch.ContextClassLoaderDispatch.dispatch(ContextClassLoaderDispatch.java:33)
  at org.gradle.internal.dispatch.ProxyDispatchAdapter$DispatchingInvocationHandler.invoke(ProxyDispatchAdapter.java:88)
  at jdk.proxy1/jdk.proxy1.$Proxy4.processTestDefinition(Unknown Source)
  at org.gradle.api.internal.tasks.testing.worker.TestWorker$2.run(TestWorker.java:178)
  at org.gradle.api.internal.tasks.testing.worker.TestWorker.executeAndMaintainThreadName(TestWorker.java:126)
  at org.gradle.api.internal.tasks.testing.worker.TestWorker.execute(TestWorker.java:103)
  at org.gradle.api.internal.tasks.testing.worker.TestWorker.execute(TestWorker.java:63)
  at org.gradle.process.internal.worker.child.ActionExecutionWorker.execute(ActionExecutionWorker.java:56)
  at org.gradle.process.internal.worker.child.SystemApplicationClassLoaderWorker.call(SystemApplicationClassLoaderWorker.java:122)
  at org.gradle.process.internal.worker.child.SystemApplicationClassLoaderWorker.call(SystemApplicationClassLoaderWorker.java:72)
  at worker.org.gradle.process.internal.worker.GradleWorkerMain.run(GradleWorkerMain.java:69)
  at worker.org.gradle.process.internal.worker.GradleWorkerMain.main(GradleWorkerMain.java:74)
</stacktrace>
</test-failure>


TypeScriptCompilerTests_I[jvm] > intersectionPropertyCheck_ts has expected errors matching intersectionPropertyCheck_errors_txt[jvm] FAILED

<test-failure test="com.xemantic.typescript.compiler.TypeScriptCompilerTests_I.indexedAccessPrivateMemberOfGenericConstraint_ts has expected errors matching indexedAccessPrivateMemberOfGenericConstraint_errors_txt" platform="jvm">
<message>
--- expected
+++ actual
@@ -1,11 +1,8 @@
 indexedAccessPrivateMemberOfGenericConstraint.ts(2,11): error TS2564: Property 'a' has no initializer and is not definitely assigned in the constructor.
 indexedAccessPrivateMemberOfGenericConstraint.ts(6,11): error TS2564: Property 'a' has no initializer and is not definitely assigned in the constructor.
-indexedAccessPrivateMemberOfGenericConstraint.ts(9,24): error TS4105: Private or protected member 'a' cannot be accessed on a type parameter.
-indexedAccessPrivateMemberOfGenericConstraint.ts(9,32): error TS4105: Private or protected member 'a' cannot be accessed on a type parameter.
-indexedAccessPrivateMemberOfGenericConstraint.ts(10,27): error TS4105: Private or protected member 'a' cannot be accessed on a type parameter.
 
 
-==== indexedAccessPrivateMemberOfGenericConstraint.ts (5 errors) ====
+==== indexedAccessPrivateMemberOfGenericConstraint.ts (2 errors) ====
     class A {
       private a: number;
               ~
@@ -19,11 +16,5 @@
     }
     
     type X<T extends A> = [T["a"], (T | B)["a"]];
-                           ~~~~~~
-!!! error TS4105: Private or protected member 'a' cannot be accessed on a type parameter.
-                                   ~~~~~~~~~~~~
-!!! error TS4105: Private or protected member 'a' cannot be accessed on a type parameter.
     type Y<T extends A | B> = T["a"];
-                              ~~~~~~
-!!! error TS4105: Private or protected member 'a' cannot be accessed on a type parameter.
     type Z<T extends A & B> = T["a"];

</message>
<stacktrace>
  at org.junit.Assert.fail(Assert.java:89)
  at kotlin.test.junit.JUnitAsserter.fail(JUnitSupport.kt:56)
  at kotlin.test.AssertionsKt__AssertionsKt.fail(Assertions.kt:563)
  at kotlin.test.AssertionsKt.fail(Unknown Source)
  at com.xemantic.kotlin.test.SameAsKt.sameAs(SameAs.kt:52)
  at com.xemantic.typescript.compiler.TypeScriptTestSupportKt.errorsMatchBaseline(TypeScriptTestSupport.kt:135)
  at com.xemantic.typescript.compiler.TypeScriptCompilerTests_I.indexedAccessPrivateMemberOfGenericConstraint_ts has expected errors matching indexedAccessPrivateMemberOfGenericConstraint_errors_txt(TypeScriptCompilerTests_I.kt:2919)
  at java.base/jdk.internal.reflect.DirectMethodHandleAccessor.invoke(DirectMethodHandleAccessor.java:104)
  at java.base/java.lang.reflect.Method.invoke(Method.java:565)
  at org.junit.runners.model.FrameworkMethod$1.runReflectiveCall(FrameworkMethod.java:59)
  at org.junit.internal.runners.model.ReflectiveCallable.run(ReflectiveCallable.java:12)
  at org.junit.runners.model.FrameworkMethod.invokeExplosively(FrameworkMethod.java:56)
  at org.junit.internal.runners.statements.InvokeMethod.evaluate(InvokeMethod.java:17)
  at org.junit.runners.ParentRunner$3.evaluate(ParentRunner.java:306)
  at org.junit.runners.BlockJUnit4ClassRunner$1.evaluate(BlockJUnit4ClassRunner.java:100)
  at org.junit.runners.ParentRunner.runLeaf(ParentRunner.java:366)
  at org.junit.runners.BlockJUnit4ClassRunner.runChild(BlockJUnit4ClassRunner.java:103)
  at org.junit.runners.BlockJUnit4ClassRunner.runChild(BlockJUnit4ClassRunner.java:63)
  at org.junit.runners.ParentRunner$4.run(ParentRunner.java:331)
  at org.junit.runners.ParentRunner$1.schedule(ParentRunner.java:79)
  at org.junit.runners.ParentRunner.runChildren(ParentRunner.java:329)
  at org.junit.runners.ParentRunner.access$100(ParentRunner.java:66)
  at org.junit.runners.ParentRunner$2.evaluate(ParentRunner.java:293)
  at org.junit.runners.ParentRunner$3.evaluate(ParentRunner.java:306)
  at org.junit.runners.ParentRunner.run(ParentRunner.java:413)
  at org.junit.runner.JUnitCore.run(JUnitCore.java:137)
  at org.junit.runner.JUnitCore.run(JUnitCore.java:115)
  at org.gradle.api.internal.tasks.testing.junit.JUnitTestExecutor.runRequest(JUnitTestExecutor.java:175)
  at org.gradle.api.internal.tasks.testing.junit.JUnitTestExecutor.accept(JUnitTestExecutor.java:84)
  at org.gradle.api.internal.tasks.testing.junit.JUnitTestExecutor.accept(JUnitTestExecutor.java:47)
  at org.gradle.api.internal.tasks.testing.junit.AbstractJUnitTestDefinitionProcessor.processTestDefinition(AbstractJUnitTestDefinitionProcessor.java:65)
  at org.gradle.api.internal.tasks.testing.SuiteTestDefinitionProcessor.processTestDefinition(SuiteTestDefinitionProcessor.java:54)
  at java.base/jdk.internal.reflect.DirectMethodHandleAccessor.invoke(DirectMethodHandleAccessor.java:104)
  at java.base/java.lang.reflect.Method.invoke(Method.java:565)
  at org.gradle.internal.dispatch.MethodInvocation.invokeOn(MethodInvocation.java:77)
  at org.gradle.internal.dispatch.ReflectionDispatch.dispatch(ReflectionDispatch.java:28)
  at org.gradle.internal.dispatch.ReflectionDispatch.dispatch(ReflectionDispatch.java:19)
  at org.gradle.internal.dispatch.ContextClassLoaderDispatch.dispatch(ContextClassLoaderDispatch.java:33)
  at org.gradle.internal.dispatch.ProxyDispatchAdapter$DispatchingInvocationHandler.invoke(ProxyDispatchAdapter.java:88)
  at jdk.proxy1/jdk.proxy1.$Proxy4.processTestDefinition(Unknown Source)
  at org.gradle.api.internal.tasks.testing.worker.TestWorker$2.run(TestWorker.java:178)
  at org.gradle.api.internal.tasks.testing.worker.TestWorker.executeAndMaintainThreadName(TestWorker.java:126)
  at org.gradle.api.internal.tasks.testing.worker.TestWorker.execute(TestWorker.java:103)
  at org.gradle.api.internal.tasks.testing.worker.TestWorker.execute(TestWorker.java:63)
  at org.gradle.process.internal.worker.child.ActionExecutionWorker.execute(ActionExecutionWorker.java:56)
  at org.gradle.process.internal.worker.child.SystemApplicationClassLoaderWorker.call(SystemApplicationClassLoaderWorker.java:122)
  at org.gradle.process.internal.worker.child.SystemApplicationClassLoaderWorker.call(SystemApplicationClassLoaderWorker.java:72)
  at worker.org.gradle.process.internal.worker.GradleWorkerMain.run(GradleWorkerMain.java:69)
  at worker.org.gradle.process.internal.worker.GradleWorkerMain.main(GradleWorkerMain.java:74)
</stacktrace>
</test-failure>


TypeScriptCompilerTests_I[jvm] > indexedAccessPrivateMemberOfGenericConstraint_ts has expected errors matching indexedAccessPrivateMemberOfGenericConstraint_errors_txt[jvm] FAILED

<test-failure test="com.xemantic.typescript.compiler.TypeScriptCompilerTests_I.importDeclWithExportModifier_ts has expected errors matching importDeclWithExportModifier_errors_txt" platform="jvm">
<message>
--- expected
+++ actual
@@ -1,17 +1,11 @@
 error TS5107: Option 'module=AMD' is deprecated and will stop functioning in TypeScript 7.0. Specify compilerOption '"ignoreDeprecations": "6.0"' to silence this error.
-importDeclWithExportModifier.ts(5,19): error TS2708: Cannot use namespace 'x' as a value.
-importDeclWithExportModifier.ts(5,21): error TS2694: Namespace 'x' has no exported member 'c'.
 
 
 !!! error TS5107: Option 'module=AMD' is deprecated and will stop functioning in TypeScript 7.0. Specify compilerOption '"ignoreDeprecations": "6.0"' to silence this error.
-==== importDeclWithExportModifier.ts (2 errors) ====
+==== importDeclWithExportModifier.ts (0 errors) ====
     namespace x {
         interface c {
         }
     }
     export import a = x.c;
-                      ~
-!!! error TS2708: Cannot use namespace 'x' as a value.
-                        ~
-!!! error TS2694: Namespace 'x' has no exported member 'c'.
     var b: a;

</message>
<stacktrace>
  at org.junit.Assert.fail(Assert.java:89)
  at kotlin.test.junit.JUnitAsserter.fail(JUnitSupport.kt:56)
  at kotlin.test.AssertionsKt__AssertionsKt.fail(Assertions.kt:563)
  at kotlin.test.AssertionsKt.fail(Unknown Source)
  at com.xemantic.kotlin.test.SameAsKt.sameAs(SameAs.kt:52)
  at com.xemantic.typescript.compiler.TypeScriptTestSupportKt.errorsMatchBaseline(TypeScriptTestSupport.kt:135)
  at com.xemantic.typescript.compiler.TypeScriptCompilerTests_I.importDeclWithExportModifier_ts has expected errors matching importDeclWithExportModifier_errors_txt(TypeScriptCompilerTests_I.kt:980)
  at java.base/jdk.internal.reflect.DirectMethodHandleAccessor.invoke(DirectMethodHandleAccessor.java:104)
  at java.base/java.lang.reflect.Method.invoke(Method.java:565)
  at org.junit.runners.model.FrameworkMethod$1.runReflectiveCall(FrameworkMethod.java:59)
  at org.junit.internal.runners.model.ReflectiveCallable.run(ReflectiveCallable.java:12)
  at org.junit.runners.model.FrameworkMethod.invokeExplosively(FrameworkMethod.java:56)
  at org.junit.internal.runners.statements.InvokeMethod.evaluate(InvokeMethod.java:17)
  at org.junit.runners.ParentRunner$3.evaluate(ParentRunner.java:306)
  at org.junit.runners.BlockJUnit4ClassRunner$1.evaluate(BlockJUnit4ClassRunner.java:100)
  at org.junit.runners.ParentRunner.runLeaf(ParentRunner.java:366)
  at org.junit.runners.BlockJUnit4ClassRunner.runChild(BlockJUnit4ClassRunner.java:103)
  at org.junit.runners.BlockJUnit4ClassRunner.runChild(BlockJUnit4ClassRunner.java:63)
  at org.junit.runners.ParentRunner$4.run(ParentRunner.java:331)
  at org.junit.runners.ParentRunner$1.schedule(ParentRunner.java:79)
  at org.junit.runners.ParentRunner.runChildren(ParentRunner.java:329)
  at org.junit.runners.ParentRunner.access$100(ParentRunner.java:66)
  at org.junit.runners.ParentRunner$2.evaluate(ParentRunner.java:293)
  at org.junit.runners.ParentRunner$3.evaluate(ParentRunner.java:306)
  at org.junit.runners.ParentRunner.run(ParentRunner.java:413)
  at org.junit.runner.JUnitCore.run(JUnitCore.java:137)
  at org.junit.runner.JUnitCore.run(JUnitCore.java:115)
  at org.gradle.api.internal.tasks.testing.junit.JUnitTestExecutor.runRequest(JUnitTestExecutor.java:175)
  at org.gradle.api.internal.tasks.testing.junit.JUnitTestExecutor.accept(JUnitTestExecutor.java:84)
  at org.gradle.api.internal.tasks.testing.junit.JUnitTestExecutor.accept(JUnitTestExecutor.java:47)
  at org.gradle.api.internal.tasks.testing.junit.AbstractJUnitTestDefinitionProcessor.processTestDefinition(AbstractJUnitTestDefinitionProcessor.java:65)
  at org.gradle.api.internal.tasks.testing.SuiteTestDefinitionProcessor.processTestDefinition(SuiteTestDefinitionProcessor.java:54)
  at java.base/jdk.internal.reflect.DirectMethodHandleAccessor.invoke(DirectMethodHandleAccessor.java:104)
  at java.base/java.lang.reflect.Method.invoke(Method.java:565)
  at org.gradle.internal.dispatch.MethodInvocation.invokeOn(MethodInvocation.java:77)
  at org.gradle.internal.dispatch.ReflectionDispatch.dispatch(ReflectionDispatch.java:28)
  at org.gradle.internal.dispatch.ReflectionDispatch.dispatch(ReflectionDispatch.java:19)
  at org.gradle.internal.dispatch.ContextClassLoaderDispatch.dispatch(ContextClassLoaderDispatch.java:33)
  at org.gradle.internal.dispatch.ProxyDispatchAdapter$DispatchingInvocationHandler.invoke(ProxyDispatchAdapter.java:88)
  at jdk.proxy1/jdk.proxy1.$Proxy4.processTestDefinition(Unknown Source)
  at org.gradle.api.internal.tasks.testing.worker.TestWorker$2.run(TestWorker.java:178)
  at org.gradle.api.internal.tasks.testing.worker.TestWorker.executeAndMaintainThreadName(TestWorker.java:126)
  at org.gradle.api.internal.tasks.testing.worker.TestWorker.execute(TestWorker.java:103)
  at org.gradle.api.internal.tasks.testing.worker.TestWorker.execute(TestWorker.java:63)
  at org.gradle.process.internal.worker.child.ActionExecutionWorker.execute(ActionExecutionWorker.java:56)
  at org.gradle.process.internal.worker.child.SystemApplicationClassLoaderWorker.call(SystemApplicationClassLoaderWorker.java:122)
  at org.gradle.process.internal.worker.child.SystemApplicationClassLoaderWorker.call(SystemApplicationClassLoaderWorker.java:72)
  at worker.org.gradle.process.internal.worker.GradleWorkerMain.run(GradleWorkerMain.java:69)
  at worker.org.gradle.process.internal.worker.GradleWorkerMain.main(GradleWorkerMain.java:74)
</stacktrace>
</test-failure>


TypeScriptCompilerTests_I[jvm] > importDeclWithExportModifier_ts has expected errors matching importDeclWithExportModifier_errors_txt[jvm] FAILED

<test-failure test="com.xemantic.typescript.compiler.TypeScriptCompilerTests_I.isolatedDeclarationErrorsAugmentation_ts has expected errors matching isolatedDeclarationErrorsAugmentation_errors_txt" platform="jvm">
<message>
Expected diagnostics from baseline typescript-repo/tests/baselines/reference/isolatedDeclarationErrorsAugmentation.errors.txt but none produced
</message>
<stacktrace>
  at com.xemantic.typescript.compiler.TypeScriptTestSupportKt.errorsMatchBaseline(TypeScriptTestSupport.kt:125)
  at com.xemantic.typescript.compiler.TypeScriptCompilerTests_I.isolatedDeclarationErrorsAugmentation_ts has expected errors matching isolatedDeclarationErrorsAugmentation_errors_txt(TypeScriptCompilerTests_I.kt:6531)
  at java.base/jdk.internal.reflect.DirectMethodHandleAccessor.invoke(DirectMethodHandleAccessor.java:104)
  at java.base/java.lang.reflect.Method.invoke(Method.java:565)
  at org.junit.runners.model.FrameworkMethod$1.runReflectiveCall(FrameworkMethod.java:59)
  at org.junit.internal.runners.model.ReflectiveCallable.run(ReflectiveCallable.java:12)
  at org.junit.runners.model.FrameworkMethod.invokeExplosively(FrameworkMethod.java:56)
  at org.junit.internal.runners.statements.InvokeMethod.evaluate(InvokeMethod.java:17)
  at org.junit.runners.ParentRunner$3.evaluate(ParentRunner.java:306)
  at org.junit.runners.BlockJUnit4ClassRunner$1.evaluate(BlockJUnit4ClassRunner.java:100)
  at org.junit.runners.ParentRunner.runLeaf(ParentRunner.java:366)
  at org.junit.runners.BlockJUnit4ClassRunner.runChild(BlockJUnit4ClassRunner.java:103)
  at org.junit.runners.BlockJUnit4ClassRunner.runChild(BlockJUnit4ClassRunner.java:63)
  at org.junit.runners.ParentRunner$4.run(ParentRunner.java:331)
  at org.junit.runners.ParentRunner$1.schedule(ParentRunner.java:79)
  at org.junit.runners.ParentRunner.runChildren(ParentRunner.java:329)
  at org.junit.runners.ParentRunner.access$100(ParentRunner.java:66)
  at org.junit.runners.ParentRunner$2.evaluate(ParentRunner.java:293)
  at org.junit.runners.ParentRunner$3.evaluate(ParentRunner.java:306)
  at org.junit.runners.ParentRunner.run(ParentRunner.java:413)
  at org.junit.runner.JUnitCore.run(JUnitCore.java:137)
  at org.junit.runner.JUnitCore.run(JUnitCore.java:115)
  at org.gradle.api.internal.tasks.testing.junit.JUnitTestExecutor.runRequest(JUnitTestExecutor.java:175)
  at org.gradle.api.internal.tasks.testing.junit.JUnitTestExecutor.accept(JUnitTestExecutor.java:84)
  at org.gradle.api.internal.tasks.testing.junit.JUnitTestExecutor.accept(JUnitTestExecutor.java:47)
  at org.gradle.api.internal.tasks.testing.junit.AbstractJUnitTestDefinitionProcessor.processTestDefinition(AbstractJUnitTestDefinitionProcessor.java:65)
  at org.gradle.api.internal.tasks.testing.SuiteTestDefinitionProcessor.processTestDefinition(SuiteTestDefinitionProcessor.java:54)
  at java.base/jdk.internal.reflect.DirectMethodHandleAccessor.invoke(DirectMethodHandleAccessor.java:104)
  at java.base/java.lang.reflect.Method.invoke(Method.java:565)
  at org.gradle.internal.dispatch.MethodInvocation.invokeOn(MethodInvocation.java:77)
  at org.gradle.internal.dispatch.ReflectionDispatch.dispatch(ReflectionDispatch.java:28)
  at org.gradle.internal.dispatch.ReflectionDispatch.dispatch(ReflectionDispatch.java:19)
  at org.gradle.internal.dispatch.ContextClassLoaderDispatch.dispatch(ContextClassLoaderDispatch.java:33)
  at org.gradle.internal.dispatch.ProxyDispatchAdapter$DispatchingInvocationHandler.invoke(ProxyDispatchAdapter.java:88)
  at jdk.proxy1/jdk.proxy1.$Proxy4.processTestDefinition(Unknown Source)
  at org.gradle.api.internal.tasks.testing.worker.TestWorker$2.run(TestWorker.java:178)
  at org.gradle.api.internal.tasks.testing.worker.TestWorker.executeAndMaintainThreadName(TestWorker.java:126)
  at org.gradle.api.internal.tasks.testing.worker.TestWorker.execute(TestWorker.java:103)
  at org.gradle.api.internal.tasks.testing.worker.TestWorker.execute(TestWorker.java:63)
  at org.gradle.process.internal.worker.child.ActionExecutionWorker.execute(ActionExecutionWorker.java:56)
  at org.gradle.process.internal.worker.child.SystemApplicationClassLoaderWorker.call(SystemApplicationClassLoaderWorker.java:122)
  at org.gradle.process.internal.worker.child.SystemApplicationClassLoaderWorker.call(SystemApplicationClassLoaderWorker.java:72)
  at worker.org.gradle.process.internal.worker.GradleWorkerMain.run(GradleWorkerMain.java:69)
  at worker.org.gradle.process.internal.worker.GradleWorkerMain.main(GradleWorkerMain.java:74)
</stacktrace>
</test-failure>


TypeScriptCompilerTests_I[jvm] > isolatedDeclarationErrorsAugmentation_ts has expected errors matching isolatedDeclarationErrorsAugmentation_errors_txt[jvm] FAILED

<test-failure test="com.xemantic.typescript.compiler.TypeScriptCompilerTests_I.indexerReturningTypeParameter1_ts has expected errors matching indexerReturningTypeParameter1_errors_txt" platform="jvm">
<message>
--- expected
+++ actual
@@ -1,9 +1,8 @@
 indexerReturningTypeParameter1.ts(5,9): error TS2454: Variable 'a' is used before being assigned.
-indexerReturningTypeParameter1.ts(9,9): error TS2322: Type 'null' is not assignable to type '{ [key: string]: T[]; }'.
 indexerReturningTypeParameter1.ts(13,10): error TS2454: Variable 'a2' is used before being assigned.
 
 
-==== indexerReturningTypeParameter1.ts (3 errors) ====
+==== indexerReturningTypeParameter1.ts (2 errors) ====
     interface f {
         groupBy<T>(): { [key: string]: T[]; };
     }
@@ -15,8 +14,6 @@
     class c {
         groupBy<T>(): { [key: string]: T[]; } {
             return null;
-            ~~~~~~
-!!! error TS2322: Type 'null' is not assignable to type '{ [key: string]: T[]; }'.
         }
     }
     var a2: c;

</message>
<stacktrace>
  at org.junit.Assert.fail(Assert.java:89)
  at kotlin.test.junit.JUnitAsserter.fail(JUnitSupport.kt:56)
  at kotlin.test.AssertionsKt__AssertionsKt.fail(Assertions.kt:563)
  at kotlin.test.AssertionsKt.fail(Unknown Source)
  at com.xemantic.kotlin.test.SameAsKt.sameAs(SameAs.kt:52)
  at com.xemantic.typescript.compiler.TypeScriptTestSupportKt.errorsMatchBaseline(TypeScriptTestSupport.kt:135)
  at com.xemantic.typescript.compiler.TypeScriptCompilerTests_I.indexerReturningTypeParameter1_ts has expected errors matching indexerReturningTypeParameter1_errors_txt(TypeScriptCompilerTests_I.kt:3094)
  at java.base/jdk.internal.reflect.DirectMethodHandleAccessor.invoke(DirectMethodHandleAccessor.java:104)
  at java.base/java.lang.reflect.Method.invoke(Method.java:565)
  at org.junit.runners.model.FrameworkMethod$1.runReflectiveCall(FrameworkMethod.java:59)
  at org.junit.internal.runners.model.ReflectiveCallable.run(ReflectiveCallable.java:12)
  at org.junit.runners.model.FrameworkMethod.invokeExplosively(FrameworkMethod.java:56)
  at org.junit.internal.runners.statements.InvokeMethod.evaluate(InvokeMethod.java:17)
  at org.junit.runners.ParentRunner$3.evaluate(ParentRunner.java:306)
  at org.junit.runners.BlockJUnit4ClassRunner$1.evaluate(BlockJUnit4ClassRunner.java:100)
  at org.junit.runners.ParentRunner.runLeaf(ParentRunner.java:366)
  at org.junit.runners.BlockJUnit4ClassRunner.runChild(BlockJUnit4ClassRunner.java:103)
  at org.junit.runners.BlockJUnit4ClassRunner.runChild(BlockJUnit4ClassRunner.java:63)
  at org.junit.runners.ParentRunner$4.run(ParentRunner.java:331)
  at org.junit.runners.ParentRunner$1.schedule(ParentRunner.java:79)
  at org.junit.runners.ParentRunner.runChildren(ParentRunner.java:329)
  at org.junit.runners.ParentRunner.access$100(ParentRunner.java:66)
  at org.junit.runners.ParentRunner$2.evaluate(ParentRunner.java:293)
  at org.junit.runners.ParentRunner$3.evaluate(ParentRunner.java:306)
  at org.junit.runners.ParentRunner.run(ParentRunner.java:413)
  at org.junit.runner.JUnitCore.run(JUnitCore.java:137)
  at org.junit.runner.JUnitCore.run(JUnitCore.java:115)
  at org.gradle.api.internal.tasks.testing.junit.JUnitTestExecutor.runRequest(JUnitTestExecutor.java:175)
  at org.gradle.api.internal.tasks.testing.junit.JUnitTestExecutor.accept(JUnitTestExecutor.java:84)
  at org.gradle.api.internal.tasks.testing.junit.JUnitTestExecutor.accept(JUnitTestExecutor.java:47)
  at org.gradle.api.internal.tasks.testing.junit.AbstractJUnitTestDefinitionProcessor.processTestDefinition(AbstractJUnitTestDefinitionProcessor.java:65)
  at org.gradle.api.internal.tasks.testing.SuiteTestDefinitionProcessor.processTestDefinition(SuiteTestDefinitionProcessor.java:54)
  at java.base/jdk.internal.reflect.DirectMethodHandleAccessor.invoke(DirectMethodHandleAccessor.java:104)
  at java.base/java.lang.reflect.Method.invoke(Method.java:565)
  at org.gradle.internal.dispatch.MethodInvocation.invokeOn(MethodInvocation.java:77)
  at org.gradle.internal.dispatch.ReflectionDispatch.dispatch(ReflectionDispatch.java:28)
  at org.gradle.internal.dispatch.ReflectionDispatch.dispatch(ReflectionDispatch.java:19)
  at org.gradle.internal.dispatch.ContextClassLoaderDispatch.dispatch(ContextClassLoaderDispatch.java:33)
  at org.gradle.internal.dispatch.ProxyDispatchAdapter$DispatchingInvocationHandler.invoke(ProxyDispatchAdapter.java:88)
  at jdk.proxy1/jdk.proxy1.$Proxy4.processTestDefinition(Unknown Source)
  at org.gradle.api.internal.tasks.testing.worker.TestWorker$2.run(TestWorker.java:178)
  at org.gradle.api.internal.tasks.testing.worker.TestWorker.executeAndMaintainThreadName(TestWorker.java:126)
  at org.gradle.api.internal.tasks.testing.worker.TestWorker.execute(TestWorker.java:103)
  at org.gradle.api.internal.tasks.testing.worker.TestWorker.execute(TestWorker.java:63)
  at org.gradle.process.internal.worker.child.ActionExecutionWorker.execute(ActionExecutionWorker.java:56)
  at org.gradle.process.internal.worker.child.SystemApplicationClassLoaderWorker.call(SystemApplicationClassLoaderWorker.java:122)
  at org.gradle.process.internal.worker.child.SystemApplicationClassLoaderWorker.call(SystemApplicationClassLoaderWorker.java:72)
  at worker.org.gradle.process.internal.worker.GradleWorkerMain.run(GradleWorkerMain.java:69)
  at worker.org.gradle.process.internal.worker.GradleWorkerMain.main(GradleWorkerMain.java:74)
</stacktrace>
</test-failure>


TypeScriptCompilerTests_I[jvm] > indexerReturningTypeParameter1_ts has expected errors matching indexerReturningTypeParameter1_errors_txt[jvm] FAILED

<test-failure test="com.xemantic.typescript.compiler.TypeScriptCompilerTests_I.importAndVariableDeclarationConflict1_ts has expected errors matching importAndVariableDeclarationConflict1_errors_txt" platform="jvm">
<message>
Expected diagnostics from baseline typescript-repo/tests/baselines/reference/importAndVariableDeclarationConflict1.errors.txt but none produced
</message>
<stacktrace>
  at com.xemantic.typescript.compiler.TypeScriptTestSupportKt.errorsMatchBaseline(TypeScriptTestSupport.kt:125)
  at com.xemantic.typescript.compiler.TypeScriptCompilerTests_I.importAndVariableDeclarationConflict1_ts has expected errors matching importAndVariableDeclarationConflict1_errors_txt(TypeScriptCompilerTests_I.kt:791)
  at java.base/jdk.internal.reflect.DirectMethodHandleAccessor.invoke(DirectMethodHandleAccessor.java:104)
  at java.base/java.lang.reflect.Method.invoke(Method.java:565)
  at org.junit.runners.model.FrameworkMethod$1.runReflectiveCall(FrameworkMethod.java:59)
  at org.junit.internal.runners.model.ReflectiveCallable.run(ReflectiveCallable.java:12)
  at org.junit.runners.model.FrameworkMethod.invokeExplosively(FrameworkMethod.java:56)
  at org.junit.internal.runners.statements.InvokeMethod.evaluate(InvokeMethod.java:17)
  at org.junit.runners.ParentRunner$3.evaluate(ParentRunner.java:306)
  at org.junit.runners.BlockJUnit4ClassRunner$1.evaluate(BlockJUnit4ClassRunner.java:100)
  at org.junit.runners.ParentRunner.runLeaf(ParentRunner.java:366)
  at org.junit.runners.BlockJUnit4ClassRunner.runChild(BlockJUnit4ClassRunner.java:103)
  at org.junit.runners.BlockJUnit4ClassRunner.runChild(BlockJUnit4ClassRunner.java:63)
  at org.junit.runners.ParentRunner$4.run(ParentRunner.java:331)
  at org.junit.runners.ParentRunner$1.schedule(ParentRunner.java:79)
  at org.junit.runners.ParentRunner.runChildren(ParentRunner.java:329)
  at org.junit.runners.ParentRunner.access$100(ParentRunner.java:66)
  at org.junit.runners.ParentRunner$2.evaluate(ParentRunner.java:293)
  at org.junit.runners.ParentRunner$3.evaluate(ParentRunner.java:306)
  at org.junit.runners.ParentRunner.run(ParentRunner.java:413)
  at org.junit.runner.JUnitCore.run(JUnitCore.java:137)
  at org.junit.runner.JUnitCore.run(JUnitCore.java:115)
  at org.gradle.api.internal.tasks.testing.junit.JUnitTestExecutor.runRequest(JUnitTestExecutor.java:175)
  at org.gradle.api.internal.tasks.testing.junit.JUnitTestExecutor.accept(JUnitTestExecutor.java:84)
  at org.gradle.api.internal.tasks.testing.junit.JUnitTestExecutor.accept(JUnitTestExecutor.java:47)
  at org.gradle.api.internal.tasks.testing.junit.AbstractJUnitTestDefinitionProcessor.processTestDefinition(AbstractJUnitTestDefinitionProcessor.java:65)
  at org.gradle.api.internal.tasks.testing.SuiteTestDefinitionProcessor.processTestDefinition(SuiteTestDefinitionProcessor.java:54)
  at java.base/jdk.internal.reflect.DirectMethodHandleAccessor.invoke(DirectMethodHandleAccessor.java:104)
  at java.base/java.lang.reflect.Method.invoke(Method.java:565)
  at org.gradle.internal.dispatch.MethodInvocation.invokeOn(MethodInvocation.java:77)
  at org.gradle.internal.dispatch.ReflectionDispatch.dispatch(ReflectionDispatch.java:28)
  at org.gradle.internal.dispatch.ReflectionDispatch.dispatch(ReflectionDispatch.java:19)
  at org.gradle.internal.dispatch.ContextClassLoaderDispatch.dispatch(ContextClassLoaderDispatch.java:33)
  at org.gradle.internal.dispatch.ProxyDispatchAdapter$DispatchingInvocationHandler.invoke(ProxyDispatchAdapter.java:88)
  at jdk.proxy1/jdk.proxy1.$Proxy4.processTestDefinition(Unknown Source)
  at org.gradle.api.internal.tasks.testing.worker.TestWorker$2.run(TestWorker.java:178)
  at org.gradle.api.internal.tasks.testing.worker.TestWorker.executeAndMaintainThreadName(TestWorker.java:126)
  at org.gradle.api.internal.tasks.testing.worker.TestWorker.execute(TestWorker.java:103)
  at org.gradle.api.internal.tasks.testing.worker.TestWorker.execute(TestWorker.java:63)
  at org.gradle.process.internal.worker.child.ActionExecutionWorker.execute(ActionExecutionWorker.java:56)
  at org.gradle.process.internal.worker.child.SystemApplicationClassLoaderWorker.call(SystemApplicationClassLoaderWorker.java:122)
  at org.gradle.process.internal.worker.child.SystemApplicationClassLoaderWorker.call(SystemApplicationClassLoaderWorker.java:72)
  at worker.org.gradle.process.internal.worker.GradleWorkerMain.run(GradleWorkerMain.java:69)
  at worker.org.gradle.process.internal.worker.GradleWorkerMain.main(GradleWorkerMain.java:74)
</stacktrace>
</test-failure>


TypeScriptCompilerTests_I[jvm] > importAndVariableDeclarationConflict1_ts has expected errors matching importAndVariableDeclarationConflict1_errors_txt[jvm] FAILED

<test-failure test="com.xemantic.typescript.compiler.TypeScriptCompilerTests_I.interfaceMayNotBeExtendedWitACall_ts has expected errors matching interfaceMayNotBeExtendedWitACall_errors_txt" platform="jvm">
<message>
Expected diagnostics from baseline typescript-repo/tests/baselines/reference/interfaceMayNotBeExtendedWitACall.errors.txt but none produced
</message>
<stacktrace>
  at com.xemantic.typescript.compiler.TypeScriptTestSupportKt.errorsMatchBaseline(TypeScriptTestSupport.kt:125)
  at com.xemantic.typescript.compiler.TypeScriptCompilerTests_I.interfaceMayNotBeExtendedWitACall_ts has expected errors matching interfaceMayNotBeExtendedWitACall_errors_txt(TypeScriptCompilerTests_I.kt:5264)
  at java.base/jdk.internal.reflect.DirectMethodHandleAccessor.invoke(DirectMethodHandleAccessor.java:104)
  at java.base/java.lang.reflect.Method.invoke(Method.java:565)
  at org.junit.runners.model.FrameworkMethod$1.runReflectiveCall(FrameworkMethod.java:59)
  at org.junit.internal.runners.model.ReflectiveCallable.run(ReflectiveCallable.java:12)
  at org.junit.runners.model.FrameworkMethod.invokeExplosively(FrameworkMethod.java:56)
  at org.junit.internal.runners.statements.InvokeMethod.evaluate(InvokeMethod.java:17)
  at org.junit.runners.ParentRunner$3.evaluate(ParentRunner.java:306)
  at org.junit.runners.BlockJUnit4ClassRunner$1.evaluate(BlockJUnit4ClassRunner.java:100)
  at org.junit.runners.ParentRunner.runLeaf(ParentRunner.java:366)
  at org.junit.runners.BlockJUnit4ClassRunner.runChild(BlockJUnit4ClassRunner.java:103)
  at org.junit.runners.BlockJUnit4ClassRunner.runChild(BlockJUnit4ClassRunner.java:63)
  at org.junit.runners.ParentRunner$4.run(ParentRunner.java:331)
  at org.junit.runners.ParentRunner$1.schedule(ParentRunner.java:79)
  at org.junit.runners.ParentRunner.runChildren(ParentRunner.java:329)
  at org.junit.runners.ParentRunner.access$100(ParentRunner.java:66)
  at org.junit.runners.ParentRunner$2.evaluate(ParentRunner.java:293)
  at org.junit.runners.ParentRunner$3.evaluate(ParentRunner.java:306)
  at org.junit.runners.ParentRunner.run(ParentRunner.java:413)
  at org.junit.runner.JUnitCore.run(JUnitCore.java:137)
  at org.junit.runner.JUnitCore.run(JUnitCore.java:115)
  at org.gradle.api.internal.tasks.testing.junit.JUnitTestExecutor.runRequest(JUnitTestExecutor.java:175)
  at org.gradle.api.internal.tasks.testing.junit.JUnitTestExecutor.accept(JUnitTestExecutor.java:84)
  at org.gradle.api.internal.tasks.testing.junit.JUnitTestExecutor.accept(JUnitTestExecutor.java:47)
  at org.gradle.api.internal.tasks.testing.junit.AbstractJUnitTestDefinitionProcessor.processTestDefinition(AbstractJUnitTestDefinitionProcessor.java:65)
  at org.gradle.api.internal.tasks.testing.SuiteTestDefinitionProcessor.processTestDefinition(SuiteTestDefinitionProcessor.java:54)
  at java.base/jdk.internal.reflect.DirectMethodHandleAccessor.invoke(DirectMethodHandleAccessor.java:104)
  at java.base/java.lang.reflect.Method.invoke(Method.java:565)
  at org.gradle.internal.dispatch.MethodInvocation.invokeOn(MethodInvocation.java:77)
  at org.gradle.internal.dispatch.ReflectionDispatch.dispatch(ReflectionDispatch.java:28)
  at org.gradle.internal.dispatch.ReflectionDispatch.dispatch(ReflectionDispatch.java:19)
  at org.gradle.internal.dispatch.ContextClassLoaderDispatch.dispatch(ContextClassLoaderDispatch.java:33)
  at org.gradle.internal.dispatch.ProxyDispatchAdapter$DispatchingInvocationHandler.invoke(ProxyDispatchAdapter.java:88)
  at jdk.proxy1/jdk.proxy1.$Proxy4.processTestDefinition(Unknown Source)
  at org.gradle.api.internal.tasks.testing.worker.TestWorker$2.run(TestWorker.java:178)
  at org.gradle.api.internal.tasks.testing.worker.TestWorker.executeAndMaintainThreadName(TestWorker.java:126)
  at org.gradle.api.internal.tasks.testing.worker.TestWorker.execute(TestWorker.java:103)
  at org.gradle.api.internal.tasks.testing.worker.TestWorker.execute(TestWorker.java:63)
  at org.gradle.process.internal.worker.child.ActionExecutionWorker.execute(ActionExecutionWorker.java:56)
  at org.gradle.process.internal.worker.child.SystemApplicationClassLoaderWorker.call(SystemApplicationClassLoaderWorker.java:122)
  at org.gradle.process.internal.worker.child.SystemApplicationClassLoaderWorker.call(SystemApplicationClassLoaderWorker.java:72)
  at worker.org.gradle.process.internal.worker.GradleWorkerMain.run(GradleWorkerMain.java:69)
  at worker.org.gradle.process.internal.worker.GradleWorkerMain.main(GradleWorkerMain.java:74)
</stacktrace>
</test-failure>


TypeScriptCompilerTests_I[jvm] > interfaceMayNotBeExtendedWitACall_ts has expected errors matching interfaceMayNotBeExtendedWitACall_errors_txt[jvm] FAILED

<test-failure test="com.xemantic.typescript.compiler.TypeScriptCompilerTests_I.invalidReferenceSyntax1_ts has expected errors matching invalidReferenceSyntax1_errors_txt" platform="jvm">
<message>
Expected diagnostics from baseline typescript-repo/tests/baselines/reference/invalidReferenceSyntax1.errors.txt but none produced
</message>
<stacktrace>
  at com.xemantic.typescript.compiler.TypeScriptTestSupportKt.errorsMatchBaseline(TypeScriptTestSupport.kt:125)
  at com.xemantic.typescript.compiler.TypeScriptCompilerTests_I.invalidReferenceSyntax1_ts has expected errors matching invalidReferenceSyntax1_errors_txt(TypeScriptCompilerTests_I.kt:6202)
  at java.base/jdk.internal.reflect.DirectMethodHandleAccessor.invoke(DirectMethodHandleAccessor.java:104)
  at java.base/java.lang.reflect.Method.invoke(Method.java:565)
  at org.junit.runners.model.FrameworkMethod$1.runReflectiveCall(FrameworkMethod.java:59)
  at org.junit.internal.runners.model.ReflectiveCallable.run(ReflectiveCallable.java:12)
  at org.junit.runners.model.FrameworkMethod.invokeExplosively(FrameworkMethod.java:56)
  at org.junit.internal.runners.statements.InvokeMethod.evaluate(InvokeMethod.java:17)
  at org.junit.runners.ParentRunner$3.evaluate(ParentRunner.java:306)
  at org.junit.runners.BlockJUnit4ClassRunner$1.evaluate(BlockJUnit4ClassRunner.java:100)
  at org.junit.runners.ParentRunner.runLeaf(ParentRunner.java:366)
  at org.junit.runners.BlockJUnit4ClassRunner.runChild(BlockJUnit4ClassRunner.java:103)
  at org.junit.runners.BlockJUnit4ClassRunner.runChild(BlockJUnit4ClassRunner.java:63)
  at org.junit.runners.ParentRunner$4.run(ParentRunner.java:331)
  at org.junit.runners.ParentRunner$1.schedule(ParentRunner.java:79)
  at org.junit.runners.ParentRunner.runChildren(ParentRunner.java:329)
  at org.junit.runners.ParentRunner.access$100(ParentRunner.java:66)
  at org.junit.runners.ParentRunner$2.evaluate(ParentRunner.java:293)
  at org.junit.runners.ParentRunner$3.evaluate(ParentRunner.java:306)
  at org.junit.runners.ParentRunner.run(ParentRunner.java:413)
  at org.junit.runner.JUnitCore.run(JUnitCore.java:137)
  at org.junit.runner.JUnitCore.run(JUnitCore.java:115)
  at org.gradle.api.internal.tasks.testing.junit.JUnitTestExecutor.runRequest(JUnitTestExecutor.java:175)
  at org.gradle.api.internal.tasks.testing.junit.JUnitTestExecutor.accept(JUnitTestExecutor.java:84)
  at org.gradle.api.internal.tasks.testing.junit.JUnitTestExecutor.accept(JUnitTestExecutor.java:47)
  at org.gradle.api.internal.tasks.testing.junit.AbstractJUnitTestDefinitionProcessor.processTestDefinition(AbstractJUnitTestDefinitionProcessor.java:65)
  at org.gradle.api.internal.tasks.testing.SuiteTestDefinitionProcessor.processTestDefinition(SuiteTestDefinitionProcessor.java:54)
  at java.base/jdk.internal.reflect.DirectMethodHandleAccessor.invoke(DirectMethodHandleAccessor.java:104)
  at java.base/java.lang.reflect.Method.invoke(Method.java:565)
  at org.gradle.internal.dispatch.MethodInvocation.invokeOn(MethodInvocation.java:77)
  at org.gradle.internal.dispatch.ReflectionDispatch.dispatch(ReflectionDispatch.java:28)
  at org.gradle.internal.dispatch.ReflectionDispatch.dispatch(ReflectionDispatch.java:19)
  at org.gradle.internal.dispatch.ContextClassLoaderDispatch.dispatch(ContextClassLoaderDispatch.java:33)
  at org.gradle.internal.dispatch.ProxyDispatchAdapter$DispatchingInvocationHandler.invoke(ProxyDispatchAdapter.java:88)
  at jdk.proxy1/jdk.proxy1.$Proxy4.processTestDefinition(Unknown Source)
  at org.gradle.api.internal.tasks.testing.worker.TestWorker$2.run(TestWorker.java:178)
  at org.gradle.api.internal.tasks.testing.worker.TestWorker.executeAndMaintainThreadName(TestWorker.java:126)
  at org.gradle.api.internal.tasks.testing.worker.TestWorker.execute(TestWorker.java:103)
  at org.gradle.api.internal.tasks.testing.worker.TestWorker.execute(TestWorker.java:63)
  at org.gradle.process.internal.worker.child.ActionExecutionWorker.execute(ActionExecutionWorker.java:56)
  at org.gradle.process.internal.worker.child.SystemApplicationClassLoaderWorker.call(SystemApplicationClassLoaderWorker.java:122)
  at org.gradle.process.internal.worker.child.SystemApplicationClassLoaderWorker.call(SystemApplicationClassLoaderWorker.java:72)
  at worker.org.gradle.process.internal.worker.GradleWorkerMain.run(GradleWorkerMain.java:69)
  at worker.org.gradle.process.internal.worker.GradleWorkerMain.main(GradleWorkerMain.java:74)
</stacktrace>
</test-failure>


TypeScriptCompilerTests_I[jvm] > invalidReferenceSyntax1_ts has expected errors matching invalidReferenceSyntax1_errors_txt[jvm] FAILED

<test-failure test="com.xemantic.typescript.compiler.TypeScriptCompilerTests_I.intersectionsOfLargeUnions_ts has expected errors matching intersectionsOfLargeUnions_errors_txt" platform="jvm">
<message>
Expected diagnostics from baseline typescript-repo/tests/baselines/reference/intersectionsOfLargeUnions.errors.txt but none produced
</message>
<stacktrace>
  at com.xemantic.typescript.compiler.TypeScriptTestSupportKt.errorsMatchBaseline(TypeScriptTestSupport.kt:125)
  at com.xemantic.typescript.compiler.TypeScriptCompilerTests_I.intersectionsOfLargeUnions_ts has expected errors matching intersectionsOfLargeUnions_errors_txt(TypeScriptCompilerTests_I.kt:6083)
  at java.base/jdk.internal.reflect.DirectMethodHandleAccessor.invoke(DirectMethodHandleAccessor.java:104)
  at java.base/java.lang.reflect.Method.invoke(Method.java:565)
  at org.junit.runners.model.FrameworkMethod$1.runReflectiveCall(FrameworkMethod.java:59)
  at org.junit.internal.runners.model.ReflectiveCallable.run(ReflectiveCallable.java:12)
  at org.junit.runners.model.FrameworkMethod.invokeExplosively(FrameworkMethod.java:56)
  at org.junit.internal.runners.statements.InvokeMethod.evaluate(InvokeMethod.java:17)
  at org.junit.runners.ParentRunner$3.evaluate(ParentRunner.java:306)
  at org.junit.runners.BlockJUnit4ClassRunner$1.evaluate(BlockJUnit4ClassRunner.java:100)
  at org.junit.runners.ParentRunner.runLeaf(ParentRunner.java:366)
  at org.junit.runners.BlockJUnit4ClassRunner.runChild(BlockJUnit4ClassRunner.java:103)
  at org.junit.runners.BlockJUnit4ClassRunner.runChild(BlockJUnit4ClassRunner.java:63)
  at org.junit.runners.ParentRunner$4.run(ParentRunner.java:331)
  at org.junit.runners.ParentRunner$1.schedule(ParentRunner.java:79)
  at org.junit.runners.ParentRunner.runChildren(ParentRunner.java:329)
  at org.junit.runners.ParentRunner.access$100(ParentRunner.java:66)
  at org.junit.runners.ParentRunner$2.evaluate(ParentRunner.java:293)
  at org.junit.runners.ParentRunner$3.evaluate(ParentRunner.java:306)
  at org.junit.runners.ParentRunner.run(ParentRunner.java:413)
  at org.junit.runner.JUnitCore.run(JUnitCore.java:137)
  at org.junit.runner.JUnitCore.run(JUnitCore.java:115)
  at org.gradle.api.internal.tasks.testing.junit.JUnitTestExecutor.runRequest(JUnitTestExecutor.java:175)
  at org.gradle.api.internal.tasks.testing.junit.JUnitTestExecutor.accept(JUnitTestExecutor.java:84)
  at org.gradle.api.internal.tasks.testing.junit.JUnitTestExecutor.accept(JUnitTestExecutor.java:47)
  at org.gradle.api.internal.tasks.testing.junit.AbstractJUnitTestDefinitionProcessor.processTestDefinition(AbstractJUnitTestDefinitionProcessor.java:65)
  at org.gradle.api.internal.tasks.testing.SuiteTestDefinitionProcessor.processTestDefinition(SuiteTestDefinitionProcessor.java:54)
  at java.base/jdk.internal.reflect.DirectMethodHandleAccessor.invoke(DirectMethodHandleAccessor.java:104)
  at java.base/java.lang.reflect.Method.invoke(Method.java:565)
  at org.gradle.internal.dispatch.MethodInvocation.invokeOn(MethodInvocation.java:77)
  at org.gradle.internal.dispatch.ReflectionDispatch.dispatch(ReflectionDispatch.java:28)
  at org.gradle.internal.dispatch.ReflectionDispatch.dispatch(ReflectionDispatch.java:19)
  at org.gradle.internal.dispatch.ContextClassLoaderDispatch.dispatch(ContextClassLoaderDispatch.java:33)
  at org.gradle.internal.dispatch.ProxyDispatchAdapter$DispatchingInvocationHandler.invoke(ProxyDispatchAdapter.java:88)
  at jdk.proxy1/jdk.proxy1.$Proxy4.processTestDefinition(Unknown Source)
  at org.gradle.api.internal.tasks.testing.worker.TestWorker$2.run(TestWorker.java:178)
  at org.gradle.api.internal.tasks.testing.worker.TestWorker.executeAndMaintainThreadName(TestWorker.java:126)
  at org.gradle.api.internal.tasks.testing.worker.TestWorker.execute(TestWorker.java:103)
  at org.gradle.api.internal.tasks.testing.worker.TestWorker.execute(TestWorker.java:63)
  at org.gradle.process.internal.worker.child.ActionExecutionWorker.execute(ActionExecutionWorker.java:56)
  at org.gradle.process.internal.worker.child.SystemApplicationClassLoaderWorker.call(SystemApplicationClassLoaderWorker.java:122)
  at org.gradle.process.internal.worker.child.SystemApplicationClassLoaderWorker.call(SystemApplicationClassLoaderWorker.java:72)
  at worker.org.gradle.process.internal.worker.GradleWorkerMain.run(GradleWorkerMain.java:69)
  at worker.org.gradle.process.internal.worker.GradleWorkerMain.main(GradleWorkerMain.java:74)
</stacktrace>
</test-failure>


TypeScriptCompilerTests_I[jvm] > intersectionsOfLargeUnions_ts has expected errors matching intersectionsOfLargeUnions_errors_txt[jvm] FAILED

<test-failure test="com.xemantic.typescript.compiler.TypeScriptCompilerTests_I.isArray_ts has expected errors matching isArray_errors_txt" platform="jvm">
<message>
--- expected
+++ actual
@@ -1,10 +1,7 @@
 isArray.ts(4,19): error TS2454: Variable 'maybeArray' is used before being assigned.
-isArray.ts(8,5): error TS2454: Variable 'maybeArray' is used before being assigned.
-isArray.ts(8,16): error TS2339: Property 'toFixed' does not exist on type 'number | number[]'.
-  Property 'toFixed' does not exist on type 'number[]'.
 
 
-==== isArray.ts (3 errors) ====
+==== isArray.ts (1 errors) ====
     var maybeArray: number | number[];
     
     
@@ -15,9 +12,4 @@
     }
     else {
         maybeArray.toFixed(); // OK
-        ~~~~~~~~~~
-!!! error TS2454: Variable 'maybeArray' is used before being assigned.
-                   ~~~~~~~
-!!! error TS2339: Property 'toFixed' does not exist on type 'number | number[]'.
-!!! error TS2339:   Property 'toFixed' does not exist on type 'number[]'.
     }

</message>
<stacktrace>
  at org.junit.Assert.fail(Assert.java:89)
  at kotlin.test.junit.JUnitAsserter.fail(JUnitSupport.kt:56)
  at kotlin.test.AssertionsKt__AssertionsKt.fail(Assertions.kt:563)
  at kotlin.test.AssertionsKt.fail(Unknown Source)
  at com.xemantic.kotlin.test.SameAsKt.sameAs(SameAs.kt:52)
  at com.xemantic.typescript.compiler.TypeScriptTestSupportKt.errorsMatchBaseline(TypeScriptTestSupport.kt:135)
  at com.xemantic.typescript.compiler.TypeScriptCompilerTests_I.isArray_ts has expected errors matching isArray_errors_txt(TypeScriptCompilerTests_I.kt:6454)
  at java.base/jdk.internal.reflect.DirectMethodHandleAccessor.invoke(DirectMethodHandleAccessor.java:104)
  at java.base/java.lang.reflect.Method.invoke(Method.java:565)
  at org.junit.runners.model.FrameworkMethod$1.runReflectiveCall(FrameworkMethod.java:59)
  at org.junit.internal.runners.model.ReflectiveCallable.run(ReflectiveCallable.java:12)
  at org.junit.runners.model.FrameworkMethod.invokeExplosively(FrameworkMethod.java:56)
  at org.junit.internal.runners.statements.InvokeMethod.evaluate(InvokeMethod.java:17)
  at org.junit.runners.ParentRunner$3.evaluate(ParentRunner.java:306)
  at org.junit.runners.BlockJUnit4ClassRunner$1.evaluate(BlockJUnit4ClassRunner.java:100)
  at org.junit.runners.ParentRunner.runLeaf(ParentRunner.java:366)
  at org.junit.runners.BlockJUnit4ClassRunner.runChild(BlockJUnit4ClassRunner.java:103)
  at org.junit.runners.BlockJUnit4ClassRunner.runChild(BlockJUnit4ClassRunner.java:63)
  at org.junit.runners.ParentRunner$4.run(ParentRunner.java:331)
  at org.junit.runners.ParentRunner$1.schedule(ParentRunner.java:79)
  at org.junit.runners.ParentRunner.runChildren(ParentRunner.java:329)
  at org.junit.runners.ParentRunner.access$100(ParentRunner.java:66)
  at org.junit.runners.ParentRunner$2.evaluate(ParentRunner.java:293)
  at org.junit.runners.ParentRunner$3.evaluate(ParentRunner.java:306)
  at org.junit.runners.ParentRunner.run(ParentRunner.java:413)
  at org.junit.runner.JUnitCore.run(JUnitCore.java:137)
  at org.junit.runner.JUnitCore.run(JUnitCore.java:115)
  at org.gradle.api.internal.tasks.testing.junit.JUnitTestExecutor.runRequest(JUnitTestExecutor.java:175)
  at org.gradle.api.internal.tasks.testing.junit.JUnitTestExecutor.accept(JUnitTestExecutor.java:84)
  at org.gradle.api.internal.tasks.testing.junit.JUnitTestExecutor.accept(JUnitTestExecutor.java:47)
  at org.gradle.api.internal.tasks.testing.junit.AbstractJUnitTestDefinitionProcessor.processTestDefinition(AbstractJUnitTestDefinitionProcessor.java:65)
  at org.gradle.api.internal.tasks.testing.SuiteTestDefinitionProcessor.processTestDefinition(SuiteTestDefinitionProcessor.java:54)
  at java.base/jdk.internal.reflect.DirectMethodHandleAccessor.invoke(DirectMethodHandleAccessor.java:104)
  at java.base/java.lang.reflect.Method.invoke(Method.java:565)
  at org.gradle.internal.dispatch.MethodInvocation.invokeOn(MethodInvocation.java:77)
  at org.gradle.internal.dispatch.ReflectionDispatch.dispatch(ReflectionDispatch.java:28)
  at org.gradle.internal.dispatch.ReflectionDispatch.dispatch(ReflectionDispatch.java:19)
  at org.gradle.internal.dispatch.ContextClassLoaderDispatch.dispatch(ContextClassLoaderDispatch.java:33)
  at org.gradle.internal.dispatch.ProxyDispatchAdapter$DispatchingInvocationHandler.invoke(ProxyDispatchAdapter.java:88)
  at jdk.proxy1/jdk.proxy1.$Proxy4.processTestDefinition(Unknown Source)
  at org.gradle.api.internal.tasks.testing.worker.TestWorker$2.run(TestWorker.java:178)
  at org.gradle.api.internal.tasks.testing.worker.TestWorker.executeAndMaintainThreadName(TestWorker.java:126)
  at org.gradle.api.internal.tasks.testing.worker.TestWorker.execute(TestWorker.java:103)
  at org.gradle.api.internal.tasks.testing.worker.TestWorker.execute(TestWorker.java:63)
  at org.gradle.process.internal.worker.child.ActionExecutionWorker.execute(ActionExecutionWorker.java:56)
  at org.gradle.process.internal.worker.child.SystemApplicationClassLoaderWorker.call(SystemApplicationClassLoaderWorker.java:122)
  at org.gradle.process.internal.worker.child.SystemApplicationClassLoaderWorker.call(SystemApplicationClassLoaderWorker.java:72)
  at worker.org.gradle.process.internal.worker.GradleWorkerMain.run(GradleWorkerMain.java:69)
  at worker.org.gradle.process.internal.worker.GradleWorkerMain.main(GradleWorkerMain.java:74)
</stacktrace>
</test-failure>


TypeScriptCompilerTests_I[jvm] > isArray_ts has expected errors matching isArray_errors_txt[jvm] FAILED

<test-failure test="com.xemantic.typescript.compiler.TypeScriptCompilerTests_I.internalAliasVarInsideLocalModuleWithoutExportAccessError_ts has expected errors matching internalAliasVarInsideLocalModuleWithoutExportAccessError_errors_txt" platform="jvm">
<message>
Expected diagnostics from baseline typescript-repo/tests/baselines/reference/internalAliasVarInsideLocalModuleWithoutExportAccessError.errors.txt but none produced
</message>
<stacktrace>
  at com.xemantic.typescript.compiler.TypeScriptTestSupportKt.errorsMatchBaseline(TypeScriptTestSupport.kt:125)
  at com.xemantic.typescript.compiler.TypeScriptCompilerTests_I.internalAliasVarInsideLocalModuleWithoutExportAccessError_ts has expected errors matching internalAliasVarInsideLocalModuleWithoutExportAccessError_errors_txt(TypeScriptCompilerTests_I.kt:5845)
  at java.base/jdk.internal.reflect.DirectMethodHandleAccessor.invoke(DirectMethodHandleAccessor.java:104)
  at java.base/java.lang.reflect.Method.invoke(Method.java:565)
  at org.junit.runners.model.FrameworkMethod$1.runReflectiveCall(FrameworkMethod.java:59)
  at org.junit.internal.runners.model.ReflectiveCallable.run(ReflectiveCallable.java:12)
  at org.junit.runners.model.FrameworkMethod.invokeExplosively(FrameworkMethod.java:56)
  at org.junit.internal.runners.statements.InvokeMethod.evaluate(InvokeMethod.java:17)
  at org.junit.runners.ParentRunner$3.evaluate(ParentRunner.java:306)
  at org.junit.runners.BlockJUnit4ClassRunner$1.evaluate(BlockJUnit4ClassRunner.java:100)
  at org.junit.runners.ParentRunner.runLeaf(ParentRunner.java:366)
  at org.junit.runners.BlockJUnit4ClassRunner.runChild(BlockJUnit4ClassRunner.java:103)
  at org.junit.runners.BlockJUnit4ClassRunner.runChild(BlockJUnit4ClassRunner.java:63)
  at org.junit.runners.ParentRunner$4.run(ParentRunner.java:331)
  at org.junit.runners.ParentRunner$1.schedule(ParentRunner.java:79)
  at org.junit.runners.ParentRunner.runChildren(ParentRunner.java:329)
  at org.junit.runners.ParentRunner.access$100(ParentRunner.java:66)
  at org.junit.runners.ParentRunner$2.evaluate(ParentRunner.java:293)
  at org.junit.runners.ParentRunner$3.evaluate(ParentRunner.java:306)
  at org.junit.runners.ParentRunner.run(ParentRunner.java:413)
  at org.junit.runner.JUnitCore.run(JUnitCore.java:137)
  at org.junit.runner.JUnitCore.run(JUnitCore.java:115)
  at org.gradle.api.internal.tasks.testing.junit.JUnitTestExecutor.runRequest(JUnitTestExecutor.java:175)
  at org.gradle.api.internal.tasks.testing.junit.JUnitTestExecutor.accept(JUnitTestExecutor.java:84)
  at org.gradle.api.internal.tasks.testing.junit.JUnitTestExecutor.accept(JUnitTestExecutor.java:47)
  at org.gradle.api.internal.tasks.testing.junit.AbstractJUnitTestDefinitionProcessor.processTestDefinition(AbstractJUnitTestDefinitionProcessor.java:65)
  at org.gradle.api.internal.tasks.testing.SuiteTestDefinitionProcessor.processTestDefinition(SuiteTestDefinitionProcessor.java:54)
  at java.base/jdk.internal.reflect.DirectMethodHandleAccessor.invoke(DirectMethodHandleAccessor.java:104)
  at java.base/java.lang.reflect.Method.invoke(Method.java:565)
  at org.gradle.internal.dispatch.MethodInvocation.invokeOn(MethodInvocation.java:77)
  at org.gradle.internal.dispatch.ReflectionDispatch.dispatch(ReflectionDispatch.java:28)
  at org.gradle.internal.dispatch.ReflectionDispatch.dispatch(ReflectionDispatch.java:19)
  at org.gradle.internal.dispatch.ContextClassLoaderDispatch.dispatch(ContextClassLoaderDispatch.java:33)
  at org.gradle.internal.dispatch.ProxyDispatchAdapter$DispatchingInvocationHandler.invoke(ProxyDispatchAdapter.java:88)
  at jdk.proxy1/jdk.proxy1.$Proxy4.processTestDefinition(Unknown Source)
  at org.gradle.api.internal.tasks.testing.worker.TestWorker$2.run(TestWorker.java:178)
  at org.gradle.api.internal.tasks.testing.worker.TestWorker.executeAndMaintainThreadName(TestWorker.java:126)
  at org.gradle.api.internal.tasks.testing.worker.TestWorker.execute(TestWorker.java:103)
  at org.gradle.api.internal.tasks.testing.worker.TestWorker.execute(TestWorker.java:63)
  at org.gradle.process.internal.worker.child.ActionExecutionWorker.execute(ActionExecutionWorker.java:56)
  at org.gradle.process.internal.worker.child.SystemApplicationClassLoaderWorker.call(SystemApplicationClassLoaderWorker.java:122)
  at org.gradle.process.internal.worker.child.SystemApplicationClassLoaderWorker.call(SystemApplicationClassLoaderWorker.java:72)
  at worker.org.gradle.process.internal.worker.GradleWorkerMain.run(GradleWorkerMain.java:69)
  at worker.org.gradle.process.internal.worker.GradleWorkerMain.main(GradleWorkerMain.java:74)
</stacktrace>
</test-failure>


TypeScriptCompilerTests_I[jvm] > internalAliasVarInsideLocalModuleWithoutExportAccessError_ts has expected errors matching internalAliasVarInsideLocalModuleWithoutExportAccessError_errors_txt[jvm] FAILED

<test-failure test="com.xemantic.typescript.compiler.TypeScriptCompilerTests_I.importHelpersNoHelpersForAsyncGenerators_ts__target_es5__has expected errors matching baseline" platform="jvm">
<message>
--- expected
+++ actual
@@ -1,29 +1,14 @@
 error TS5107: Option 'moduleResolution=classic' is deprecated and will stop functioning in TypeScript 7.0. Specify compilerOption '"ignoreDeprecations": "6.0"' to silence this error.
 error TS5107: Option 'target=ES5' is deprecated and will stop functioning in TypeScript 7.0. Specify compilerOption '"ignoreDeprecations": "6.0"' to silence this error.
-main.ts(1,25): error TS2343: This syntax requires an imported helper named '__asyncGenerator' which does not exist in 'tslib'. Consider upgrading your version of 'tslib'.
-main.ts(1,25): error TS2343: This syntax requires an imported helper named '__await' which does not exist in 'tslib'. Consider upgrading your version of 'tslib'.
-main.ts(1,25): error TS2343: This syntax requires an imported helper named '__generator' which does not exist in 'tslib'. Consider upgrading your version of 'tslib'.
-main.ts(4,5): error TS2343: This syntax requires an imported helper named '__asyncDelegator' which does not exist in 'tslib'. Consider upgrading your version of 'tslib'.
-main.ts(4,5): error TS2343: This syntax requires an imported helper named '__asyncValues' which does not exist in 'tslib'. Consider upgrading your version of 'tslib'.
 
 
 !!! error TS5107: Option 'moduleResolution=classic' is deprecated and will stop functioning in TypeScript 7.0. Specify compilerOption '"ignoreDeprecations": "6.0"' to silence this error.
 !!! error TS5107: Option 'target=ES5' is deprecated and will stop functioning in TypeScript 7.0. Specify compilerOption '"ignoreDeprecations": "6.0"' to silence this error.
-==== main.ts (5 errors) ====
+==== main.ts (0 errors) ====
     export async function * f() {
-                            ~
-!!! error TS2343: This syntax requires an imported helper named '__asyncGenerator' which does not exist in 'tslib'. Consider upgrading your version of 'tslib'.
-                            ~
-!!! error TS2343: This syntax requires an imported helper named '__await' which does not exist in 'tslib'. Consider upgrading your version of 'tslib'.
-                            ~
-!!! error TS2343: This syntax requires an imported helper named '__generator' which does not exist in 'tslib'. Consider upgrading your version of 'tslib'.
         await 1;
         yield 2;
         yield* [3];
-        ~~~~~
-!!! error TS2343: This syntax requires an imported helper named '__asyncDelegator' which does not exist in 'tslib'. Consider upgrading your version of 'tslib'.
-        ~~~~~
-!!! error TS2343: This syntax requires an imported helper named '__asyncValues' which does not exist in 'tslib'. Consider upgrading your version of 'tslib'.
     }
     
 ==== tslib.d.ts (0 errors) ====

</message>
<stacktrace>
  at org.junit.Assert.fail(Assert.java:89)
  at kotlin.test.junit.JUnitAsserter.fail(JUnitSupport.kt:56)
  at kotlin.test.AssertionsKt__AssertionsKt.fail(Assertions.kt:563)
  at kotlin.test.AssertionsKt.fail(Unknown Source)
  at com.xemantic.kotlin.test.SameAsKt.sameAs(SameAs.kt:52)
  at com.xemantic.typescript.compiler.TypeScriptTestSupportKt.errorsMatchBaseline(TypeScriptTestSupport.kt:135)
  at com.xemantic.typescript.compiler.TypeScriptCompilerTests_I.importHelpersNoHelpersForAsyncGenerators_ts__target_es5__has expected errors matching baseline(TypeScriptCompilerTests_I.kt:1232)
  at java.base/jdk.internal.reflect.DirectMethodHandleAccessor.invoke(DirectMethodHandleAccessor.java:104)
  at java.base/java.lang.reflect.Method.invoke(Method.java:565)
  at org.junit.runners.model.FrameworkMethod$1.runReflectiveCall(FrameworkMethod.java:59)
  at org.junit.internal.runners.model.ReflectiveCallable.run(ReflectiveCallable.java:12)
  at org.junit.runners.model.FrameworkMethod.invokeExplosively(FrameworkMethod.java:56)
  at org.junit.internal.runners.statements.InvokeMethod.evaluate(InvokeMethod.java:17)
  at org.junit.runners.ParentRunner$3.evaluate(ParentRunner.java:306)
  at org.junit.runners.BlockJUnit4ClassRunner$1.evaluate(BlockJUnit4ClassRunner.java:100)
  at org.junit.runners.ParentRunner.runLeaf(ParentRunner.java:366)
  at org.junit.runners.BlockJUnit4ClassRunner.runChild(BlockJUnit4ClassRunner.java:103)
  at org.junit.runners.BlockJUnit4ClassRunner.runChild(BlockJUnit4ClassRunner.java:63)
  at org.junit.runners.ParentRunner$4.run(ParentRunner.java:331)
  at org.junit.runners.ParentRunner$1.schedule(ParentRunner.java:79)
  at org.junit.runners.ParentRunner.runChildren(ParentRunner.java:329)
  at org.junit.runners.ParentRunner.access$100(ParentRunner.java:66)
  at org.junit.runners.ParentRunner$2.evaluate(ParentRunner.java:293)
  at org.junit.runners.ParentRunner$3.evaluate(ParentRunner.java:306)
  at org.junit.runners.ParentRunner.run(ParentRunner.java:413)
  at org.junit.runner.JUnitCore.run(JUnitCore.java:137)
  at org.junit.runner.JUnitCore.run(JUnitCore.java:115)
  at org.gradle.api.internal.tasks.testing.junit.JUnitTestExecutor.runRequest(JUnitTestExecutor.java:175)
  at org.gradle.api.internal.tasks.testing.junit.JUnitTestExecutor.accept(JUnitTestExecutor.java:84)
  at org.gradle.api.internal.tasks.testing.junit.JUnitTestExecutor.accept(JUnitTestExecutor.java:47)
  at org.gradle.api.internal.tasks.testing.junit.AbstractJUnitTestDefinitionProcessor.processTestDefinition(AbstractJUnitTestDefinitionProcessor.java:65)
  at org.gradle.api.internal.tasks.testing.SuiteTestDefinitionProcessor.processTestDefinition(SuiteTestDefinitionProcessor.java:54)
  at java.base/jdk.internal.reflect.DirectMethodHandleAccessor.invoke(DirectMethodHandleAccessor.java:104)
  at java.base/java.lang.reflect.Method.invoke(Method.java:565)
  at org.gradle.internal.dispatch.MethodInvocation.invokeOn(MethodInvocation.java:77)
  at org.gradle.internal.dispatch.ReflectionDispatch.dispatch(ReflectionDispatch.java:28)
  at org.gradle.internal.dispatch.ReflectionDispatch.dispatch(ReflectionDispatch.java:19)
  at org.gradle.internal.dispatch.ContextClassLoaderDispatch.dispatch(ContextClassLoaderDispatch.java:33)
  at org.gradle.internal.dispatch.ProxyDispatchAdapter$DispatchingInvocationHandler.invoke(ProxyDispatchAdapter.java:88)
  at jdk.proxy1/jdk.proxy1.$Proxy4.processTestDefinition(Unknown Source)
  at org.gradle.api.internal.tasks.testing.worker.TestWorker$2.run(TestWorker.java:178)
  at org.gradle.api.internal.tasks.testing.worker.TestWorker.executeAndMaintainThreadName(TestWorker.java:126)
  at org.gradle.api.internal.tasks.testing.worker.TestWorker.execute(TestWorker.java:103)
  at org.gradle.api.internal.tasks.testing.worker.TestWorker.execute(TestWorker.java:63)
  at org.gradle.process.internal.worker.child.ActionExecutionWorker.execute(ActionExecutionWorker.java:56)
  at org.gradle.process.internal.worker.child.SystemApplicationClassLoaderWorker.call(SystemApplicationClassLoaderWorker.java:122)
  at org.gradle.process.internal.worker.child.SystemApplicationClassLoaderWorker.call(SystemApplicationClassLoaderWorker.java:72)
  at worker.org.gradle.process.internal.worker.GradleWorkerMain.run(GradleWorkerMain.java:69)
  at worker.org.gradle.process.internal.worker.GradleWorkerMain.main(GradleWorkerMain.java:74)
</stacktrace>
</test-failure>


TypeScriptCompilerTests_I[jvm] > importHelpersNoHelpersForAsyncGenerators_ts__target_es5__has expected errors matching baseline[jvm] FAILED

<test-failure test="com.xemantic.typescript.compiler.TypeScriptCompilerTests_I.inferSetterParamType_ts has expected errors matching inferSetterParamType_errors_txt" platform="jvm">
<message>
Expected diagnostics from baseline typescript-repo/tests/baselines/reference/inferSetterParamType.errors.txt but none produced
</message>
<stacktrace>
  at com.xemantic.typescript.compiler.TypeScriptTestSupportKt.errorsMatchBaseline(TypeScriptTestSupport.kt:125)
  at com.xemantic.typescript.compiler.TypeScriptCompilerTests_I.inferSetterParamType_ts has expected errors matching inferSetterParamType_errors_txt(TypeScriptCompilerTests_I.kt:3290)
  at java.base/jdk.internal.reflect.DirectMethodHandleAccessor.invoke(DirectMethodHandleAccessor.java:104)
  at java.base/java.lang.reflect.Method.invoke(Method.java:565)
  at org.junit.runners.model.FrameworkMethod$1.runReflectiveCall(FrameworkMethod.java:59)
  at org.junit.internal.runners.model.ReflectiveCallable.run(ReflectiveCallable.java:12)
  at org.junit.runners.model.FrameworkMethod.invokeExplosively(FrameworkMethod.java:56)
  at org.junit.internal.runners.statements.InvokeMethod.evaluate(InvokeMethod.java:17)
  at org.junit.runners.ParentRunner$3.evaluate(ParentRunner.java:306)
  at org.junit.runners.BlockJUnit4ClassRunner$1.evaluate(BlockJUnit4ClassRunner.java:100)
  at org.junit.runners.ParentRunner.runLeaf(ParentRunner.java:366)
  at org.junit.runners.BlockJUnit4ClassRunner.runChild(BlockJUnit4ClassRunner.java:103)
  at org.junit.runners.BlockJUnit4ClassRunner.runChild(BlockJUnit4ClassRunner.java:63)
  at org.junit.runners.ParentRunner$4.run(ParentRunner.java:331)
  at org.junit.runners.ParentRunner$1.schedule(ParentRunner.java:79)
  at org.junit.runners.ParentRunner.runChildren(ParentRunner.java:329)
  at org.junit.runners.ParentRunner.access$100(ParentRunner.java:66)
  at org.junit.runners.ParentRunner$2.evaluate(ParentRunner.java:293)
  at org.junit.runners.ParentRunner$3.evaluate(ParentRunner.java:306)
  at org.junit.runners.ParentRunner.run(ParentRunner.java:413)
  at org.junit.runner.JUnitCore.run(JUnitCore.java:137)
  at org.junit.runner.JUnitCore.run(JUnitCore.java:115)
  at org.gradle.api.internal.tasks.testing.junit.JUnitTestExecutor.runRequest(JUnitTestExecutor.java:175)
  at org.gradle.api.internal.tasks.testing.junit.JUnitTestExecutor.accept(JUnitTestExecutor.java:84)
  at org.gradle.api.internal.tasks.testing.junit.JUnitTestExecutor.accept(JUnitTestExecutor.java:47)
  at org.gradle.api.internal.tasks.testing.junit.AbstractJUnitTestDefinitionProcessor.processTestDefinition(AbstractJUnitTestDefinitionProcessor.java:65)
  at org.gradle.api.internal.tasks.testing.SuiteTestDefinitionProcessor.processTestDefinition(SuiteTestDefinitionProcessor.java:54)
  at java.base/jdk.internal.reflect.DirectMethodHandleAccessor.invoke(DirectMethodHandleAccessor.java:104)
  at java.base/java.lang.reflect.Method.invoke(Method.java:565)
  at org.gradle.internal.dispatch.MethodInvocation.invokeOn(MethodInvocation.java:77)
  at org.gradle.internal.dispatch.ReflectionDispatch.dispatch(ReflectionDispatch.java:28)
  at org.gradle.internal.dispatch.ReflectionDispatch.dispatch(ReflectionDispatch.java:19)
  at org.gradle.internal.dispatch.ContextClassLoaderDispatch.dispatch(ContextClassLoaderDispatch.java:33)
  at org.gradle.internal.dispatch.ProxyDispatchAdapter$DispatchingInvocationHandler.invoke(ProxyDispatchAdapter.java:88)
  at jdk.proxy1/jdk.proxy1.$Proxy4.processTestDefinition(Unknown Source)
  at org.gradle.api.internal.tasks.testing.worker.TestWorker$2.run(TestWorker.java:178)
  at org.gradle.api.internal.tasks.testing.worker.TestWorker.executeAndMaintainThreadName(TestWorker.java:126)
  at org.gradle.api.internal.tasks.testing.worker.TestWorker.execute(TestWorker.java:103)
  at org.gradle.api.internal.tasks.testing.worker.TestWorker.execute(TestWorker.java:63)
  at org.gradle.process.internal.worker.child.ActionExecutionWorker.execute(ActionExecutionWorker.java:56)
  at org.gradle.process.internal.worker.child.SystemApplicationClassLoaderWorker.call(SystemApplicationClassLoaderWorker.java:122)
  at org.gradle.process.internal.worker.child.SystemApplicationClassLoaderWorker.call(SystemApplicationClassLoaderWorker.java:72)
  at worker.org.gradle.process.internal.worker.GradleWorkerMain.run(GradleWorkerMain.java:69)
  at worker.org.gradle.process.internal.worker.GradleWorkerMain.main(GradleWorkerMain.java:74)
</stacktrace>
</test-failure>


TypeScriptCompilerTests_I[jvm] > inferSetterParamType_ts has expected errors matching inferSetterParamType_errors_txt[jvm] FAILED

<test-failure test="com.xemantic.typescript.compiler.TypeScriptCompilerTests_I.importAnImport_ts has expected errors matching importAnImport_errors_txt" platform="jvm">
<message>
Expected diagnostics from baseline typescript-repo/tests/baselines/reference/importAnImport.errors.txt but none produced
</message>
<stacktrace>
  at com.xemantic.typescript.compiler.TypeScriptTestSupportKt.errorsMatchBaseline(TypeScriptTestSupport.kt:125)
  at com.xemantic.typescript.compiler.TypeScriptCompilerTests_I.importAnImport_ts has expected errors matching importAnImport_errors_txt(TypeScriptCompilerTests_I.kt:777)
  at java.base/jdk.internal.reflect.DirectMethodHandleAccessor.invoke(DirectMethodHandleAccessor.java:104)
  at java.base/java.lang.reflect.Method.invoke(Method.java:565)
  at org.junit.runners.model.FrameworkMethod$1.runReflectiveCall(FrameworkMethod.java:59)
  at org.junit.internal.runners.model.ReflectiveCallable.run(ReflectiveCallable.java:12)
  at org.junit.runners.model.FrameworkMethod.invokeExplosively(FrameworkMethod.java:56)
  at org.junit.internal.runners.statements.InvokeMethod.evaluate(InvokeMethod.java:17)
  at org.junit.runners.ParentRunner$3.evaluate(ParentRunner.java:306)
  at org.junit.runners.BlockJUnit4ClassRunner$1.evaluate(BlockJUnit4ClassRunner.java:100)
  at org.junit.runners.ParentRunner.runLeaf(ParentRunner.java:366)
  at org.junit.runners.BlockJUnit4ClassRunner.runChild(BlockJUnit4ClassRunner.java:103)
  at org.junit.runners.BlockJUnit4ClassRunner.runChild(BlockJUnit4ClassRunner.java:63)
  at org.junit.runners.ParentRunner$4.run(ParentRunner.java:331)
  at org.junit.runners.ParentRunner$1.schedule(ParentRunner.java:79)
  at org.junit.runners.ParentRunner.runChildren(ParentRunner.java:329)
  at org.junit.runners.ParentRunner.access$100(ParentRunner.java:66)
  at org.junit.runners.ParentRunner$2.evaluate(ParentRunner.java:293)
  at org.junit.runners.ParentRunner$3.evaluate(ParentRunner.java:306)
  at org.junit.runners.ParentRunner.run(ParentRunner.java:413)
  at org.junit.runner.JUnitCore.run(JUnitCore.java:137)
  at org.junit.runner.JUnitCore.run(JUnitCore.java:115)
  at org.gradle.api.internal.tasks.testing.junit.JUnitTestExecutor.runRequest(JUnitTestExecutor.java:175)
  at org.gradle.api.internal.tasks.testing.junit.JUnitTestExecutor.accept(JUnitTestExecutor.java:84)
  at org.gradle.api.internal.tasks.testing.junit.JUnitTestExecutor.accept(JUnitTestExecutor.java:47)
  at org.gradle.api.internal.tasks.testing.junit.AbstractJUnitTestDefinitionProcessor.processTestDefinition(AbstractJUnitTestDefinitionProcessor.java:65)
  at org.gradle.api.internal.tasks.testing.SuiteTestDefinitionProcessor.processTestDefinition(SuiteTestDefinitionProcessor.java:54)
  at java.base/jdk.internal.reflect.DirectMethodHandleAccessor.invoke(DirectMethodHandleAccessor.java:104)
  at java.base/java.lang.reflect.Method.invoke(Method.java:565)
  at org.gradle.internal.dispatch.MethodInvocation.invokeOn(MethodInvocation.java:77)
  at org.gradle.internal.dispatch.ReflectionDispatch.dispatch(ReflectionDispatch.java:28)
  at org.gradle.internal.dispatch.ReflectionDispatch.dispatch(ReflectionDispatch.java:19)
  at org.gradle.internal.dispatch.ContextClassLoaderDispatch.dispatch(ContextClassLoaderDispatch.java:33)
  at org.gradle.internal.dispatch.ProxyDispatchAdapter$DispatchingInvocationHandler.invoke(ProxyDispatchAdapter.java:88)
  at jdk.proxy1/jdk.proxy1.$Proxy4.processTestDefinition(Unknown Source)
  at org.gradle.api.internal.tasks.testing.worker.TestWorker$2.run(TestWorker.java:178)
  at org.gradle.api.internal.tasks.testing.worker.TestWorker.executeAndMaintainThreadName(TestWorker.java:126)
  at org.gradle.api.internal.tasks.testing.worker.TestWorker.execute(TestWorker.java:103)
  at org.gradle.api.internal.tasks.testing.worker.TestWorker.execute(TestWorker.java:63)
  at org.gradle.process.internal.worker.child.ActionExecutionWorker.execute(ActionExecutionWorker.java:56)
  at org.gradle.process.internal.worker.child.SystemApplicationClassLoaderWorker.call(SystemApplicationClassLoaderWorker.java:122)
  at org.gradle.process.internal.worker.child.SystemApplicationClassLoaderWorker.call(SystemApplicationClassLoaderWorker.java:72)
  at worker.org.gradle.process.internal.worker.GradleWorkerMain.run(GradleWorkerMain.java:69)
  at worker.org.gradle.process.internal.worker.GradleWorkerMain.main(GradleWorkerMain.java:74)
</stacktrace>
</test-failure>


TypeScriptCompilerTests_I[jvm] > importAnImport_ts has expected errors matching importAnImport_errors_txt[jvm] FAILED

<test-failure test="com.xemantic.typescript.compiler.TypeScriptCompilerTests_I.isolatedModulesExportImportUninstantiatedNamespace_ts has expected errors matching isolatedModulesExportImportUninstantiatedNamespace_errors_txt" platform="jvm">
<message>
Expected diagnostics from baseline typescript-repo/tests/baselines/reference/isolatedModulesExportImportUninstantiatedNamespace.errors.txt but none produced
</message>
<stacktrace>
  at com.xemantic.typescript.compiler.TypeScriptTestSupportKt.errorsMatchBaseline(TypeScriptTestSupport.kt:125)
  at com.xemantic.typescript.compiler.TypeScriptCompilerTests_I.isolatedModulesExportImportUninstantiatedNamespace_ts has expected errors matching isolatedModulesExportImportUninstantiatedNamespace_errors_txt(TypeScriptCompilerTests_I.kt:6818)
  at java.base/jdk.internal.reflect.DirectMethodHandleAccessor.invoke(DirectMethodHandleAccessor.java:104)
  at java.base/java.lang.reflect.Method.invoke(Method.java:565)
  at org.junit.runners.model.FrameworkMethod$1.runReflectiveCall(FrameworkMethod.java:59)
  at org.junit.internal.runners.model.ReflectiveCallable.run(ReflectiveCallable.java:12)
  at org.junit.runners.model.FrameworkMethod.invokeExplosively(FrameworkMethod.java:56)
  at org.junit.internal.runners.statements.InvokeMethod.evaluate(InvokeMethod.java:17)
  at org.junit.runners.ParentRunner$3.evaluate(ParentRunner.java:306)
  at org.junit.runners.BlockJUnit4ClassRunner$1.evaluate(BlockJUnit4ClassRunner.java:100)
  at org.junit.runners.ParentRunner.runLeaf(ParentRunner.java:366)
  at org.junit.runners.BlockJUnit4ClassRunner.runChild(BlockJUnit4ClassRunner.java:103)
  at org.junit.runners.BlockJUnit4ClassRunner.runChild(BlockJUnit4ClassRunner.java:63)
  at org.junit.runners.ParentRunner$4.run(ParentRunner.java:331)
  at org.junit.runners.ParentRunner$1.schedule(ParentRunner.java:79)
  at org.junit.runners.ParentRunner.runChildren(ParentRunner.java:329)
  at org.junit.runners.ParentRunner.access$100(ParentRunner.java:66)
  at org.junit.runners.ParentRunner$2.evaluate(ParentRunner.java:293)
  at org.junit.runners.ParentRunner$3.evaluate(ParentRunner.java:306)
  at org.junit.runners.ParentRunner.run(ParentRunner.java:413)
  at org.junit.runner.JUnitCore.run(JUnitCore.java:137)
  at org.junit.runner.JUnitCore.run(JUnitCore.java:115)
  at org.gradle.api.internal.tasks.testing.junit.JUnitTestExecutor.runRequest(JUnitTestExecutor.java:175)
  at org.gradle.api.internal.tasks.testing.junit.JUnitTestExecutor.accept(JUnitTestExecutor.java:84)
  at org.gradle.api.internal.tasks.testing.junit.JUnitTestExecutor.accept(JUnitTestExecutor.java:47)
  at org.gradle.api.internal.tasks.testing.junit.AbstractJUnitTestDefinitionProcessor.processTestDefinition(AbstractJUnitTestDefinitionProcessor.java:65)
  at org.gradle.api.internal.tasks.testing.SuiteTestDefinitionProcessor.processTestDefinition(SuiteTestDefinitionProcessor.java:54)
  at java.base/jdk.internal.reflect.DirectMethodHandleAccessor.invoke(DirectMethodHandleAccessor.java:104)
  at java.base/java.lang.reflect.Method.invoke(Method.java:565)
  at org.gradle.internal.dispatch.MethodInvocation.invokeOn(MethodInvocation.java:77)
  at org.gradle.internal.dispatch.ReflectionDispatch.dispatch(ReflectionDispatch.java:28)
  at org.gradle.internal.dispatch.ReflectionDispatch.dispatch(ReflectionDispatch.java:19)
  at org.gradle.internal.dispatch.ContextClassLoaderDispatch.dispatch(ContextClassLoaderDispatch.java:33)
  at org.gradle.internal.dispatch.ProxyDispatchAdapter$DispatchingInvocationHandler.invoke(ProxyDispatchAdapter.java:88)
  at jdk.proxy1/jdk.proxy1.$Proxy4.processTestDefinition(Unknown Source)
  at org.gradle.api.internal.tasks.testing.worker.TestWorker$2.run(TestWorker.java:178)
  at org.gradle.api.internal.tasks.testing.worker.TestWorker.executeAndMaintainThreadName(TestWorker.java:126)
  at org.gradle.api.internal.tasks.testing.worker.TestWorker.execute(TestWorker.java:103)
  at org.gradle.api.internal.tasks.testing.worker.TestWorker.execute(TestWorker.java:63)
  at org.gradle.process.internal.worker.child.ActionExecutionWorker.execute(ActionExecutionWorker.java:56)
  at org.gradle.process.internal.worker.child.SystemApplicationClassLoaderWorker.call(SystemApplicationClassLoaderWorker.java:122)
  at org.gradle.process.internal.worker.child.SystemApplicationClassLoaderWorker.call(SystemApplicationClassLoaderWorker.java:72)
  at worker.org.gradle.process.internal.worker.GradleWorkerMain.run(GradleWorkerMain.java:69)
  at worker.org.gradle.process.internal.worker.GradleWorkerMain.main(GradleWorkerMain.java:74)
</stacktrace>
</test-failure>


TypeScriptCompilerTests_I[jvm] > isolatedModulesExportImportUninstantiatedNamespace_ts has expected errors matching isolatedModulesExportImportUninstantiatedNamespace_errors_txt[jvm] FAILED

<test-failure test="com.xemantic.typescript.compiler.TypeScriptCompilerTests_I.implicitAnyGetAndSetAccessorWithAnyReturnType_ts has expected errors matching implicitAnyGetAndSetAccessorWithAnyReturnType_errors_txt" platform="jvm">
<message>
Expected diagnostics from baseline typescript-repo/tests/baselines/reference/implicitAnyGetAndSetAccessorWithAnyReturnType.errors.txt but none produced
</message>
<stacktrace>
  at com.xemantic.typescript.compiler.TypeScriptTestSupportKt.errorsMatchBaseline(TypeScriptTestSupport.kt:125)
  at com.xemantic.typescript.compiler.TypeScriptCompilerTests_I.implicitAnyGetAndSetAccessorWithAnyReturnType_ts has expected errors matching implicitAnyGetAndSetAccessorWithAnyReturnType_errors_txt(TypeScriptCompilerTests_I.kt:497)
  at java.base/jdk.internal.reflect.DirectMethodHandleAccessor.invoke(DirectMethodHandleAccessor.java:104)
  at java.base/java.lang.reflect.Method.invoke(Method.java:565)
  at org.junit.runners.model.FrameworkMethod$1.runReflectiveCall(FrameworkMethod.java:59)
  at org.junit.internal.runners.model.ReflectiveCallable.run(ReflectiveCallable.java:12)
  at org.junit.runners.model.FrameworkMethod.invokeExplosively(FrameworkMethod.java:56)
  at org.junit.internal.runners.statements.InvokeMethod.evaluate(InvokeMethod.java:17)
  at org.junit.runners.ParentRunner$3.evaluate(ParentRunner.java:306)
  at org.junit.runners.BlockJUnit4ClassRunner$1.evaluate(BlockJUnit4ClassRunner.java:100)
  at org.junit.runners.ParentRunner.runLeaf(ParentRunner.java:366)
  at org.junit.runners.BlockJUnit4ClassRunner.runChild(BlockJUnit4ClassRunner.java:103)
  at org.junit.runners.BlockJUnit4ClassRunner.runChild(BlockJUnit4ClassRunner.java:63)
  at org.junit.runners.ParentRunner$4.run(ParentRunner.java:331)
  at org.junit.runners.ParentRunner$1.schedule(ParentRunner.java:79)
  at org.junit.runners.ParentRunner.runChildren(ParentRunner.java:329)
  at org.junit.runners.ParentRunner.access$100(ParentRunner.java:66)
  at org.junit.runners.ParentRunner$2.evaluate(ParentRunner.java:293)
  at org.junit.runners.ParentRunner$3.evaluate(ParentRunner.java:306)
  at org.junit.runners.ParentRunner.run(ParentRunner.java:413)
  at org.junit.runner.JUnitCore.run(JUnitCore.java:137)
  at org.junit.runner.JUnitCore.run(JUnitCore.java:115)
  at org.gradle.api.internal.tasks.testing.junit.JUnitTestExecutor.runRequest(JUnitTestExecutor.java:175)
  at org.gradle.api.internal.tasks.testing.junit.JUnitTestExecutor.accept(JUnitTestExecutor.java:84)
  at org.gradle.api.internal.tasks.testing.junit.JUnitTestExecutor.accept(JUnitTestExecutor.java:47)
  at org.gradle.api.internal.tasks.testing.junit.AbstractJUnitTestDefinitionProcessor.processTestDefinition(AbstractJUnitTestDefinitionProcessor.java:65)
  at org.gradle.api.internal.tasks.testing.SuiteTestDefinitionProcessor.processTestDefinition(SuiteTestDefinitionProcessor.java:54)
  at java.base/jdk.internal.reflect.DirectMethodHandleAccessor.invoke(DirectMethodHandleAccessor.java:104)
  at java.base/java.lang.reflect.Method.invoke(Method.java:565)
  at org.gradle.internal.dispatch.MethodInvocation.invokeOn(MethodInvocation.java:77)
  at org.gradle.internal.dispatch.ReflectionDispatch.dispatch(ReflectionDispatch.java:28)
  at org.gradle.internal.dispatch.ReflectionDispatch.dispatch(ReflectionDispatch.java:19)
  at org.gradle.internal.dispatch.ContextClassLoaderDispatch.dispatch(ContextClassLoaderDispatch.java:33)
  at org.gradle.internal.dispatch.ProxyDispatchAdapter$DispatchingInvocationHandler.invoke(ProxyDispatchAdapter.java:88)
  at jdk.proxy1/jdk.proxy1.$Proxy4.processTestDefinition(Unknown Source)
  at org.gradle.api.internal.tasks.testing.worker.TestWorker$2.run(TestWorker.java:178)
  at org.gradle.api.internal.tasks.testing.worker.TestWorker.executeAndMaintainThreadName(TestWorker.java:126)
  at org.gradle.api.internal.tasks.testing.worker.TestWorker.execute(TestWorker.java:103)
  at org.gradle.api.internal.tasks.testing.worker.TestWorker.execute(TestWorker.java:63)
  at org.gradle.process.internal.worker.child.ActionExecutionWorker.execute(ActionExecutionWorker.java:56)
  at org.gradle.process.internal.worker.child.SystemApplicationClassLoaderWorker.call(SystemApplicationClassLoaderWorker.java:122)
  at org.gradle.process.internal.worker.child.SystemApplicationClassLoaderWorker.call(SystemApplicationClassLoaderWorker.java:72)
  at worker.org.gradle.process.internal.worker.GradleWorkerMain.run(GradleWorkerMain.java:69)
  at worker.org.gradle.process.internal.worker.GradleWorkerMain.main(GradleWorkerMain.java:74)
</stacktrace>
</test-failure>


TypeScriptCompilerTests_I[jvm] > implicitAnyGetAndSetAccessorWithAnyReturnType_ts has expected errors matching implicitAnyGetAndSetAccessorWithAnyReturnType_errors_txt[jvm] FAILED

<test-failure test="com.xemantic.typescript.compiler.TypeScriptCompilerTests_I.instantiationExpressionErrorNoCrash_ts has expected errors matching instantiationExpressionErrorNoCrash_errors_txt" platform="jvm">
<message>
Expected diagnostics from baseline typescript-repo/tests/baselines/reference/instantiationExpressionErrorNoCrash.errors.txt but none produced
</message>
<stacktrace>
  at com.xemantic.typescript.compiler.TypeScriptTestSupportKt.errorsMatchBaseline(TypeScriptTestSupport.kt:125)
  at com.xemantic.typescript.compiler.TypeScriptCompilerTests_I.instantiationExpressionErrorNoCrash_ts has expected errors matching instantiationExpressionErrorNoCrash_errors_txt(TypeScriptCompilerTests_I.kt:4830)
  at java.base/jdk.internal.reflect.DirectMethodHandleAccessor.invoke(DirectMethodHandleAccessor.java:104)
  at java.base/java.lang.reflect.Method.invoke(Method.java:565)
  at org.junit.runners.model.FrameworkMethod$1.runReflectiveCall(FrameworkMethod.java:59)
  at org.junit.internal.runners.model.ReflectiveCallable.run(ReflectiveCallable.java:12)
  at org.junit.runners.model.FrameworkMethod.invokeExplosively(FrameworkMethod.java:56)
  at org.junit.internal.runners.statements.InvokeMethod.evaluate(InvokeMethod.java:17)
  at org.junit.runners.ParentRunner$3.evaluate(ParentRunner.java:306)
  at org.junit.runners.BlockJUnit4ClassRunner$1.evaluate(BlockJUnit4ClassRunner.java:100)
  at org.junit.runners.ParentRunner.runLeaf(ParentRunner.java:366)
  at org.junit.runners.BlockJUnit4ClassRunner.runChild(BlockJUnit4ClassRunner.java:103)
  at org.junit.runners.BlockJUnit4ClassRunner.runChild(BlockJUnit4ClassRunner.java:63)
  at org.junit.runners.ParentRunner$4.run(ParentRunner.java:331)
  at org.junit.runners.ParentRunner$1.schedule(ParentRunner.java:79)
  at org.junit.runners.ParentRunner.runChildren(ParentRunner.java:329)
  at org.junit.runners.ParentRunner.access$100(ParentRunner.java:66)
  at org.junit.runners.ParentRunner$2.evaluate(ParentRunner.java:293)
  at org.junit.runners.ParentRunner$3.evaluate(ParentRunner.java:306)
  at org.junit.runners.ParentRunner.run(ParentRunner.java:413)
  at org.junit.runner.JUnitCore.run(JUnitCore.java:137)
  at org.junit.runner.JUnitCore.run(JUnitCore.java:115)
  at org.gradle.api.internal.tasks.testing.junit.JUnitTestExecutor.runRequest(JUnitTestExecutor.java:175)
  at org.gradle.api.internal.tasks.testing.junit.JUnitTestExecutor.accept(JUnitTestExecutor.java:84)
  at org.gradle.api.internal.tasks.testing.junit.JUnitTestExecutor.accept(JUnitTestExecutor.java:47)
  at org.gradle.api.internal.tasks.testing.junit.AbstractJUnitTestDefinitionProcessor.processTestDefinition(AbstractJUnitTestDefinitionProcessor.java:65)
  at org.gradle.api.internal.tasks.testing.SuiteTestDefinitionProcessor.processTestDefinition(SuiteTestDefinitionProcessor.java:54)
  at java.base/jdk.internal.reflect.DirectMethodHandleAccessor.invoke(DirectMethodHandleAccessor.java:104)
  at java.base/java.lang.reflect.Method.invoke(Method.java:565)
  at org.gradle.internal.dispatch.MethodInvocation.invokeOn(MethodInvocation.java:77)
  at org.gradle.internal.dispatch.ReflectionDispatch.dispatch(ReflectionDispatch.java:28)
  at org.gradle.internal.dispatch.ReflectionDispatch.dispatch(ReflectionDispatch.java:19)
  at org.gradle.internal.dispatch.ContextClassLoaderDispatch.dispatch(ContextClassLoaderDispatch.java:33)
  at org.gradle.internal.dispatch.ProxyDispatchAdapter$DispatchingInvocationHandler.invoke(ProxyDispatchAdapter.java:88)
  at jdk.proxy1/jdk.proxy1.$Proxy4.processTestDefinition(Unknown Source)
  at org.gradle.api.internal.tasks.testing.worker.TestWorker$2.run(TestWorker.java:178)
  at org.gradle.api.internal.tasks.testing.worker.TestWorker.executeAndMaintainThreadName(TestWorker.java:126)
  at org.gradle.api.internal.tasks.testing.worker.TestWorker.execute(TestWorker.java:103)
  at org.gradle.api.internal.tasks.testing.worker.TestWorker.execute(TestWorker.java:63)
  at org.gradle.process.internal.worker.child.ActionExecutionWorker.execute(ActionExecutionWorker.java:56)
  at org.gradle.process.internal.worker.child.SystemApplicationClassLoaderWorker.call(SystemApplicationClassLoaderWorker.java:122)
  at org.gradle.process.internal.worker.child.SystemApplicationClassLoaderWorker.call(SystemApplicationClassLoaderWorker.java:72)
  at worker.org.gradle.process.internal.worker.GradleWorkerMain.run(GradleWorkerMain.java:69)
  at worker.org.gradle.process.internal.worker.GradleWorkerMain.main(GradleWorkerMain.java:74)
</stacktrace>
</test-failure>


TypeScriptCompilerTests_I[jvm] > instantiationExpressionErrorNoCrash_ts has expected errors matching instantiationExpressionErrorNoCrash_errors_txt[jvm] FAILED

<test-failure test="com.xemantic.typescript.compiler.TypeScriptCompilerTests_I.inKeywordTypeguard_ts__strict_true__has expected errors matching baseline" platform="jvm">
<message>
--- expected
+++ actual
@@ -1,40 +1,14 @@
 inKeywordTypeguard.ts(1,11): error TS2564: Property 'a' has no initializer and is not definitely assigned in the constructor.
 inKeywordTypeguard.ts(2,11): error TS2564: Property 'b' has no initializer and is not definitely assigned in the constructor.
-inKeywordTypeguard.ts(6,11): error TS2339: Property 'b' does not exist on type 'A'.
-inKeywordTypeguard.ts(8,11): error TS2339: Property 'a' does not exist on type 'B'.
-inKeywordTypeguard.ts(14,11): error TS2339: Property 'b' does not exist on type 'A'.
-inKeywordTypeguard.ts(16,11): error TS2339: Property 'a' does not exist on type 'B'.
-inKeywordTypeguard.ts(27,11): error TS2339: Property 'b' does not exist on type 'AWithOptionalProp | BWithOptionalProp'.
-  Property 'b' does not exist on type 'AWithOptionalProp'.
-inKeywordTypeguard.ts(42,11): error TS2339: Property 'b' does not exist on type 'AWithMethod'.
-inKeywordTypeguard.ts(49,11): error TS2339: Property 'a' does not exist on type '(AWithMethod | BWithMethod) & Record<"c", unknown>'.
-  Property 'a' does not exist on type 'BWithMethod & Record<"c", unknown>'.
-inKeywordTypeguard.ts(50,11): error TS2339: Property 'b' does not exist on type '(AWithMethod | BWithMethod) & Record<"c", unknown>'.
-  Property 'b' does not exist on type 'AWithMethod & Record<"c", unknown>'.
-inKeywordTypeguard.ts(52,11): error TS2339: Property 'a' does not exist on type 'AWithMethod | BWithMethod'.
-  Property 'a' does not exist on type 'BWithMethod'.
-inKeywordTypeguard.ts(53,11): error TS2339: Property 'b' does not exist on type 'AWithMethod | BWithMethod'.
-  Property 'b' does not exist on type 'AWithMethod'.
 inKeywordTypeguard.ts(57,11): error TS2564: Property 'a' has no initializer and is not definitely assigned in the constructor.
 inKeywordTypeguard.ts(58,11): error TS2564: Property 'a' has no initializer and is not definitely assigned in the constructor.
-inKeywordTypeguard.ts(62,11): error TS2339: Property 'b' does not exist on type 'A | C | D'.
-  Property 'b' does not exist on type 'A'.
-inKeywordTypeguard.ts(64,11): error TS2339: Property 'a' does not exist on type 'B'.
 inKeywordTypeguard.ts(68,28): error TS2564: Property 'prop' has no initializer and is not definitely assigned in the constructor.
-inKeywordTypeguard.ts(72,32): error TS2339: Property 'b' does not exist on type 'A'.
-inKeywordTypeguard.ts(74,32): error TS2339: Property 'a' does not exist on type 'B'.
 inKeywordTypeguard.ts(79,15): error TS2564: Property 'prop' has no initializer and is not definitely assigned in the constructor.
-inKeywordTypeguard.ts(82,39): error TS2339: Property 'b' does not exist on type 'A'.
-inKeywordTypeguard.ts(84,39): error TS2339: Property 'a' does not exist on type 'B'.
 inKeywordTypeguard.ts(90,5): error TS2564: Property 'a' has no initializer and is not definitely assigned in the constructor.
-inKeywordTypeguard.ts(94,26): error TS2339: Property 'a' does not exist on type 'never'.
-inKeywordTypeguard.ts(155,16): error TS18046: 'x' is of type 'unknown'.
-inKeywordTypeguard.ts(158,21): error TS2638: Type '{}' may represent a primitive value, which is not permitted as the right operand of the 'in' operator.
-inKeywordTypeguard.ts(183,16): error TS2322: Type 'T' is not assignable to type 'object'.
-inKeywordTypeguard.ts(186,21): error TS2638: Type 'NonNullable<T>' may represent a primitive value, which is not permitted as the right operand of the 'in' operator.
+inKeywordTypeguard.ts(142,15): error TS2322: Type 'unknown' is not assignable to type 'never'.
 
 
-==== inKeywordTypeguard.ts (28 errors) ====
+==== inKeywordTypeguard.ts (8 errors) ====
     class A { a: string; }
               ~
 !!! error TS2564: Property 'a' has no initializer and is not definitely assigned in the constructor.
@@ -45,24 +19,16 @@
     function negativeClassesTest(x: A | B) {
         if ("a" in x) {
             x.b = "1";
-              ~
-!!! error TS2339: Property 'b' does not exist on type 'A'.
         } else {
             x.a = "1";
-              ~
-!!! error TS2339: Property 'a' does not exist on type 'B'.
         }
     }
     
     function positiveClassesTest(x: A | B) {
         if ("a" in x) {
             x.b = "1";
-              ~
-!!! error TS2339: Property 'b' does not exist on type 'A'.
         } else {
             x.a = "1";
-              ~
-!!! error TS2339: Property 'a' does not exist on type 'B'.
         }
     }
     
@@ -74,9 +40,6 @@
             x.a = "1";
         } else {
             x.b = "1";
-              ~
-!!! error TS2339: Property 'b' does not exist on type 'AWithOptionalProp | BWithOptionalProp'.
-!!! error TS2339:   Property 'b' does not exist on type 'AWithOptionalProp'.
         }
     }
     
@@ -92,8 +55,6 @@
         if ("a" in x) {
             x.a();
             x.b();
-              ~
-!!! error TS2339: Property 'b' does not exist on type 'AWithMethod'.
         } else {
         }
     }
@@ -101,22 +62,10 @@
     function negativeTestClassesWithMemberMissingInBothClasses(x: AWithMethod | BWithMethod) {
         if ("c" in x) {
             x.a();
-              ~
-!!! error TS2339: Property 'a' does not exist on type '(AWithMethod | BWithMethod) & Record<"c", unknown>'.
-!!! error TS2339:   Property 'a' does not exist on type 'BWithMethod & Record<"c", unknown>'.
             x.b();
-              ~
-!!! error TS2339: Property 'b' does not exist on type '(AWithMethod | BWithMethod) & Record<"c", unknown>'.
-!!! error TS2339:   Property 'b' does not exist on type 'AWithMethod & Record<"c", unknown>'.
         } else {
             x.a();
-              ~
-!!! error TS2339: Property 'a' does not exist on type 'AWithMethod | BWithMethod'.
-!!! error TS2339:   Property 'a' does not exist on type 'BWithMethod'.
             x.b();
-              ~
-!!! error TS2339: Property 'b' does not exist on type 'AWithMethod | BWithMethod'.
-!!! error TS2339:   Property 'b' does not exist on type 'AWithMethod'.
         }
     }
     
@@ -130,13 +79,8 @@
     function negativeMultipleClassesTest(x: A | B | C | D) {
         if ("a" in x) {
             x.b = "1";
-              ~
-!!! error TS2339: Property 'b' does not exist on type 'A | C | D'.
-!!! error TS2339:   Property 'b' does not exist on type 'A'.
         } else {
             x.a = "1";
-              ~
-!!! error TS2339: Property 'a' does not exist on type 'B'.
         }
     }
     
@@ -147,12 +91,8 @@
     function negativePropTest(x: ClassWithUnionProp) {
         if ("a" in x.prop) {
             let y: string = x.prop.b;
-                                   ~
-!!! error TS2339: Property 'b' does not exist on type 'A'.
         } else {
             let z: string = x.prop.a;
-                                   ~
-!!! error TS2339: Property 'a' does not exist on type 'B'.
         }
     }
     
@@ -163,12 +103,8 @@
         inThis() {
             if ("a" in this.prop) {
                 let z: number = this.prop.b;
-                                          ~
-!!! error TS2339: Property 'b' does not exist on type 'A'.
             } else {
                 let y: string = this.prop.a;
-                                          ~
-!!! error TS2339: Property 'a' does not exist on type 'B'.
             }
         }
     }
@@ -181,8 +117,6 @@
             if ("a" in this) {
             } else {
                 let y = this.a;
-                             ~
-!!! error TS2339: Property 'a' does not exist on type 'never'.
             }
         }
     }
@@ -231,6 +165,8 @@
         // x is never because of the type predicate from unknown
         else if ("cProp" in x) {
             const _never: never = x;
+                  ~~~~~~
+!!! error TS2322: Type 'unknown' is not assignable to type 'never'.
         }
     }
     
@@ -244,13 +180,9 @@
     
     function f1(x: unknown) {
         if ("a" in x) {
-                   ~
-!!! error TS18046: 'x' is of type 'unknown'.
             x.a;
         }
         if (x && "a" in x) {
-                        ~
-!!! error TS2638: Type '{}' may represent a primitive value, which is not permitted as the right operand of the 'in' operator.
             x.a;
         }
         if (x && typeof x === "object" && "a" in x) {
@@ -276,14 +208,9 @@
     
     function f3<T>(x: T) {
         if ("a" in x) {
-                   ~
-!!! error TS2322: Type 'T' is not assignable to type 'object'.
-!!! related TS2208 inKeywordTypeguard.ts:182:13: This type parameter might need an `extends object` constraint.
             x.a;
         }
         if (x && "a" in x) {
-                        ~
-!!! error TS2638: Type 'NonNullable<T>' may represent a primitive value, which is not permitted as the right operand of the 'in' operator.
             x.a;
         }
         if (x && typeof x === "object" && "a" in x) {

</message>
<stacktrace>
  at org.junit.Assert.fail(Assert.java:89)
  at kotlin.test.junit.JUnitAsserter.fail(JUnitSupport.kt:56)
  at kotlin.test.AssertionsKt__AssertionsKt.fail(Assertions.kt:563)
  at kotlin.test.AssertionsKt.fail(Unknown Source)
  at com.xemantic.kotlin.test.SameAsKt.sameAs(SameAs.kt:52)
  at com.xemantic.typescript.compiler.TypeScriptTestSupportKt.errorsMatchBaseline(TypeScriptTestSupport.kt:135)
  at com.xemantic.typescript.compiler.TypeScriptCompilerTests_I.inKeywordTypeguard_ts__strict_true__has expected errors matching baseline(TypeScriptCompilerTests_I.kt:2296)
  at java.base/jdk.internal.reflect.DirectMethodHandleAccessor.invoke(DirectMethodHandleAccessor.java:104)
  at java.base/java.lang.reflect.Method.invoke(Method.java:565)
  at org.junit.runners.model.FrameworkMethod$1.runReflectiveCall(FrameworkMethod.java:59)
  at org.junit.internal.runners.model.ReflectiveCallable.run(ReflectiveCallable.java:12)
  at org.junit.runners.model.FrameworkMethod.invokeExplosively(FrameworkMethod.java:56)
  at org.junit.internal.runners.statements.InvokeMethod.evaluate(InvokeMethod.java:17)
  at org.junit.runners.ParentRunner$3.evaluate(ParentRunner.java:306)
  at org.junit.runners.BlockJUnit4ClassRunner$1.evaluate(BlockJUnit4ClassRunner.java:100)
  at org.junit.runners.ParentRunner.runLeaf(ParentRunner.java:366)
  at org.junit.runners.BlockJUnit4ClassRunner.runChild(BlockJUnit4ClassRunner.java:103)
  at org.junit.runners.BlockJUnit4ClassRunner.runChild(BlockJUnit4ClassRunner.java:63)
  at org.junit.runners.ParentRunner$4.run(ParentRunner.java:331)
  at org.junit.runners.ParentRunner$1.schedule(ParentRunner.java:79)
  at org.junit.runners.ParentRunner.runChildren(ParentRunner.java:329)
  at org.junit.runners.ParentRunner.access$100(ParentRunner.java:66)
  at org.junit.runners.ParentRunner$2.evaluate(ParentRunner.java:293)
  at org.junit.runners.ParentRunner$3.evaluate(ParentRunner.java:306)
  at org.junit.runners.ParentRunner.run(ParentRunner.java:413)
  at org.junit.runner.JUnitCore.run(JUnitCore.java:137)
  at org.junit.runner.JUnitCore.run(JUnitCore.java:115)
  at org.gradle.api.internal.tasks.testing.junit.JUnitTestExecutor.runRequest(JUnitTestExecutor.java:175)
  at org.gradle.api.internal.tasks.testing.junit.JUnitTestExecutor.accept(JUnitTestExecutor.java:84)
  at org.gradle.api.internal.tasks.testing.junit.JUnitTestExecutor.accept(JUnitTestExecutor.java:47)
  at org.gradle.api.internal.tasks.testing.junit.AbstractJUnitTestDefinitionProcessor.processTestDefinition(AbstractJUnitTestDefinitionProcessor.java:65)
  at org.gradle.api.internal.tasks.testing.SuiteTestDefinitionProcessor.processTestDefinition(SuiteTestDefinitionProcessor.java:54)
  at java.base/jdk.internal.reflect.DirectMethodHandleAccessor.invoke(DirectMethodHandleAccessor.java:104)
  at java.base/java.lang.reflect.Method.invoke(Method.java:565)
  at org.gradle.internal.dispatch.MethodInvocation.invokeOn(MethodInvocation.java:77)
  at org.gradle.internal.dispatch.ReflectionDispatch.dispatch(ReflectionDispatch.java:28)
  at org.gradle.internal.dispatch.ReflectionDispatch.dispatch(ReflectionDispatch.java:19)
  at org.gradle.internal.dispatch.ContextClassLoaderDispatch.dispatch(ContextClassLoaderDispatch.java:33)
  at org.gradle.internal.dispatch.ProxyDispatchAdapter$DispatchingInvocationHandler.invoke(ProxyDispatchAdapter.java:88)
  at jdk.proxy1/jdk.proxy1.$Proxy4.processTestDefinition(Unknown Source)
  at org.gradle.api.internal.tasks.testing.worker.TestWorker$2.run(TestWorker.java:178)
  at org.gradle.api.internal.tasks.testing.worker.TestWorker.executeAndMaintainThreadName(TestWorker.java:126)
  at org.gradle.api.internal.tasks.testing.worker.TestWorker.execute(TestWorker.java:103)
  at org.gradle.api.internal.tasks.testing.worker.TestWorker.execute(TestWorker.java:63)
  at org.gradle.process.internal.worker.child.ActionExecutionWorker.execute(ActionExecutionWorker.java:56)
  at org.gradle.process.internal.worker.child.SystemApplicationClassLoaderWorker.call(SystemApplicationClassLoaderWorker.java:122)
  at org.gradle.process.internal.worker.child.SystemApplicationClassLoaderWorker.call(SystemApplicationClassLoaderWorker.java:72)
  at worker.org.gradle.process.internal.worker.GradleWorkerMain.run(GradleWorkerMain.java:69)
  at worker.org.gradle.process.internal.worker.GradleWorkerMain.main(GradleWorkerMain.java:74)
</stacktrace>
</test-failure>


TypeScriptCompilerTests_I[jvm] > inKeywordTypeguard_ts__strict_true__has expected errors matching baseline[jvm] FAILED

<test-failure test="com.xemantic.typescript.compiler.TypeScriptCompilerTests_I.invalidConstraint1_ts has expected errors matching invalidConstraint1_errors_txt" platform="jvm">
<message>
Expected diagnostics from baseline typescript-repo/tests/baselines/reference/invalidConstraint1.errors.txt but none produced
</message>
<stacktrace>
  at com.xemantic.typescript.compiler.TypeScriptTestSupportKt.errorsMatchBaseline(TypeScriptTestSupport.kt:125)
  at com.xemantic.typescript.compiler.TypeScriptCompilerTests_I.invalidConstraint1_ts has expected errors matching invalidConstraint1_errors_txt(TypeScriptCompilerTests_I.kt:6132)
  at java.base/jdk.internal.reflect.DirectMethodHandleAccessor.invoke(DirectMethodHandleAccessor.java:104)
  at java.base/java.lang.reflect.Method.invoke(Method.java:565)
  at org.junit.runners.model.FrameworkMethod$1.runReflectiveCall(FrameworkMethod.java:59)
  at org.junit.internal.runners.model.ReflectiveCallable.run(ReflectiveCallable.java:12)
  at org.junit.runners.model.FrameworkMethod.invokeExplosively(FrameworkMethod.java:56)
  at org.junit.internal.runners.statements.InvokeMethod.evaluate(InvokeMethod.java:17)
  at org.junit.runners.ParentRunner$3.evaluate(ParentRunner.java:306)
  at org.junit.runners.BlockJUnit4ClassRunner$1.evaluate(BlockJUnit4ClassRunner.java:100)
  at org.junit.runners.ParentRunner.runLeaf(ParentRunner.java:366)
  at org.junit.runners.BlockJUnit4ClassRunner.runChild(BlockJUnit4ClassRunner.java:103)
  at org.junit.runners.BlockJUnit4ClassRunner.runChild(BlockJUnit4ClassRunner.java:63)
  at org.junit.runners.ParentRunner$4.run(ParentRunner.java:331)
  at org.junit.runners.ParentRunner$1.schedule(ParentRunner.java:79)
  at org.junit.runners.ParentRunner.runChildren(ParentRunner.java:329)
  at org.junit.runners.ParentRunner.access$100(ParentRunner.java:66)
  at org.junit.runners.ParentRunner$2.evaluate(ParentRunner.java:293)
  at org.junit.runners.ParentRunner$3.evaluate(ParentRunner.java:306)
  at org.junit.runners.ParentRunner.run(ParentRunner.java:413)
  at org.junit.runner.JUnitCore.run(JUnitCore.java:137)
  at org.junit.runner.JUnitCore.run(JUnitCore.java:115)
  at org.gradle.api.internal.tasks.testing.junit.JUnitTestExecutor.runRequest(JUnitTestExecutor.java:175)
  at org.gradle.api.internal.tasks.testing.junit.JUnitTestExecutor.accept(JUnitTestExecutor.java:84)
  at org.gradle.api.internal.tasks.testing.junit.JUnitTestExecutor.accept(JUnitTestExecutor.java:47)
  at org.gradle.api.internal.tasks.testing.junit.AbstractJUnitTestDefinitionProcessor.processTestDefinition(AbstractJUnitTestDefinitionProcessor.java:65)
  at org.gradle.api.internal.tasks.testing.SuiteTestDefinitionProcessor.processTestDefinition(SuiteTestDefinitionProcessor.java:54)
  at java.base/jdk.internal.reflect.DirectMethodHandleAccessor.invoke(DirectMethodHandleAccessor.java:104)
  at java.base/java.lang.reflect.Method.invoke(Method.java:565)
  at org.gradle.internal.dispatch.MethodInvocation.invokeOn(MethodInvocation.java:77)
  at org.gradle.internal.dispatch.ReflectionDispatch.dispatch(ReflectionDispatch.java:28)
  at org.gradle.internal.dispatch.ReflectionDispatch.dispatch(ReflectionDispatch.java:19)
  at org.gradle.internal.dispatch.ContextClassLoaderDispatch.dispatch(ContextClassLoaderDispatch.java:33)
  at org.gradle.internal.dispatch.ProxyDispatchAdapter$DispatchingInvocationHandler.invoke(ProxyDispatchAdapter.java:88)
  at jdk.proxy1/jdk.proxy1.$Proxy4.processTestDefinition(Unknown Source)
  at org.gradle.api.internal.tasks.testing.worker.TestWorker$2.run(TestWorker.java:178)
  at org.gradle.api.internal.tasks.testing.worker.TestWorker.executeAndMaintainThreadName(TestWorker.java:126)
  at org.gradle.api.internal.tasks.testing.worker.TestWorker.execute(TestWorker.java:103)
  at org.gradle.api.internal.tasks.testing.worker.TestWorker.execute(TestWorker.java:63)
  at org.gradle.process.internal.worker.child.ActionExecutionWorker.execute(ActionExecutionWorker.java:56)
  at org.gradle.process.internal.worker.child.SystemApplicationClassLoaderWorker.call(SystemApplicationClassLoaderWorker.java:122)
  at org.gradle.process.internal.worker.child.SystemApplicationClassLoaderWorker.call(SystemApplicationClassLoaderWorker.java:72)
  at worker.org.gradle.process.internal.worker.GradleWorkerMain.run(GradleWorkerMain.java:69)
  at worker.org.gradle.process.internal.worker.GradleWorkerMain.main(GradleWorkerMain.java:74)
</stacktrace>
</test-failure>


TypeScriptCompilerTests_I[jvm] > invalidConstraint1_ts has expected errors matching invalidConstraint1_errors_txt[jvm] FAILED

<test-failure test="com.xemantic.typescript.compiler.TypeScriptCompilerTests_I.internalAliasInitializedModuleInsideLocalModuleWithoutExportAccessError_ts has expected errors matching internalAliasInitializedModuleInsideLocalModuleWithoutExportAccessError_errors_txt" platform="jvm">
<message>
Expected diagnostics from baseline typescript-repo/tests/baselines/reference/internalAliasInitializedModuleInsideLocalModuleWithoutExportAccessError.errors.txt but none produced
</message>
<stacktrace>
  at com.xemantic.typescript.compiler.TypeScriptTestSupportKt.errorsMatchBaseline(TypeScriptTestSupport.kt:125)
  at com.xemantic.typescript.compiler.TypeScriptCompilerTests_I.internalAliasInitializedModuleInsideLocalModuleWithoutExportAccessError_ts has expected errors matching internalAliasInitializedModuleInsideLocalModuleWithoutExportAccessError_errors_txt(TypeScriptCompilerTests_I.kt:5649)
  at java.base/jdk.internal.reflect.DirectMethodHandleAccessor.invoke(DirectMethodHandleAccessor.java:104)
  at java.base/java.lang.reflect.Method.invoke(Method.java:565)
  at org.junit.runners.model.FrameworkMethod$1.runReflectiveCall(FrameworkMethod.java:59)
  at org.junit.internal.runners.model.ReflectiveCallable.run(ReflectiveCallable.java:12)
  at org.junit.runners.model.FrameworkMethod.invokeExplosively(FrameworkMethod.java:56)
  at org.junit.internal.runners.statements.InvokeMethod.evaluate(InvokeMethod.java:17)
  at org.junit.runners.ParentRunner$3.evaluate(ParentRunner.java:306)
  at org.junit.runners.BlockJUnit4ClassRunner$1.evaluate(BlockJUnit4ClassRunner.java:100)
  at org.junit.runners.ParentRunner.runLeaf(ParentRunner.java:366)
  at org.junit.runners.BlockJUnit4ClassRunner.runChild(BlockJUnit4ClassRunner.java:103)
  at org.junit.runners.BlockJUnit4ClassRunner.runChild(BlockJUnit4ClassRunner.java:63)
  at org.junit.runners.ParentRunner$4.run(ParentRunner.java:331)
  at org.junit.runners.ParentRunner$1.schedule(ParentRunner.java:79)
  at org.junit.runners.ParentRunner.runChildren(ParentRunner.java:329)
  at org.junit.runners.ParentRunner.access$100(ParentRunner.java:66)
  at org.junit.runners.ParentRunner$2.evaluate(ParentRunner.java:293)
  at org.junit.runners.ParentRunner$3.evaluate(ParentRunner.java:306)
  at org.junit.runners.ParentRunner.run(ParentRunner.java:413)
  at org.junit.runner.JUnitCore.run(JUnitCore.java:137)
  at org.junit.runner.JUnitCore.run(JUnitCore.java:115)
  at org.gradle.api.internal.tasks.testing.junit.JUnitTestExecutor.runRequest(JUnitTestExecutor.java:175)
  at org.gradle.api.internal.tasks.testing.junit.JUnitTestExecutor.accept(JUnitTestExecutor.java:84)
  at org.gradle.api.internal.tasks.testing.junit.JUnitTestExecutor.accept(JUnitTestExecutor.java:47)
  at org.gradle.api.internal.tasks.testing.junit.AbstractJUnitTestDefinitionProcessor.processTestDefinition(AbstractJUnitTestDefinitionProcessor.java:65)
  at org.gradle.api.internal.tasks.testing.SuiteTestDefinitionProcessor.processTestDefinition(SuiteTestDefinitionProcessor.java:54)
  at java.base/jdk.internal.reflect.DirectMethodHandleAccessor.invoke(DirectMethodHandleAccessor.java:104)
  at java.base/java.lang.reflect.Method.invoke(Method.java:565)
  at org.gradle.internal.dispatch.MethodInvocation.invokeOn(MethodInvocation.java:77)
  at org.gradle.internal.dispatch.ReflectionDispatch.dispatch(ReflectionDispatch.java:28)
  at org.gradle.internal.dispatch.ReflectionDispatch.dispatch(ReflectionDispatch.java:19)
  at org.gradle.internal.dispatch.ContextClassLoaderDispatch.dispatch(ContextClassLoaderDispatch.java:33)
  at org.gradle.internal.dispatch.ProxyDispatchAdapter$DispatchingInvocationHandler.invoke(ProxyDispatchAdapter.java:88)
  at jdk.proxy1/jdk.proxy1.$Proxy4.processTestDefinition(Unknown Source)
  at org.gradle.api.internal.tasks.testing.worker.TestWorker$2.run(TestWorker.java:178)
  at org.gradle.api.internal.tasks.testing.worker.TestWorker.executeAndMaintainThreadName(TestWorker.java:126)
  at org.gradle.api.internal.tasks.testing.worker.TestWorker.execute(TestWorker.java:103)
  at org.gradle.api.internal.tasks.testing.worker.TestWorker.execute(TestWorker.java:63)
  at org.gradle.process.internal.worker.child.ActionExecutionWorker.execute(ActionExecutionWorker.java:56)
  at org.gradle.process.internal.worker.child.SystemApplicationClassLoaderWorker.call(SystemApplicationClassLoaderWorker.java:122)
  at org.gradle.process.internal.worker.child.SystemApplicationClassLoaderWorker.call(SystemApplicationClassLoaderWorker.java:72)
  at worker.org.gradle.process.internal.worker.GradleWorkerMain.run(GradleWorkerMain.java:69)
  at worker.org.gradle.process.internal.worker.GradleWorkerMain.main(GradleWorkerMain.java:74)
</stacktrace>
</test-failure>


TypeScriptCompilerTests_I[jvm] > internalAliasInitializedModuleInsideLocalModuleWithoutExportAccessError_ts has expected errors matching internalAliasInitializedModuleInsideLocalModuleWithoutExportAccessError_errors_txt[jvm] FAILED

<test-failure test="com.xemantic.typescript.compiler.TypeScriptCompilerTests_I.indirectSelfReferenceGeneric_ts has expected errors matching indirectSelfReferenceGeneric_errors_txt" platform="jvm">
<message>
--- expected
+++ actual
@@ -1,15 +1,9 @@
-indirectSelfReferenceGeneric.ts(1,7): error TS2506: 'a' is referenced directly or indirectly in its own base expression.
 indirectSelfReferenceGeneric.ts(1,20): error TS2449: Class 'b' used before its declaration.
-indirectSelfReferenceGeneric.ts(2,7): error TS2506: 'b' is referenced directly or indirectly in its own base expression.
 
 
-==== indirectSelfReferenceGeneric.ts (3 errors) ====
+==== indirectSelfReferenceGeneric.ts (1 errors) ====
     class a<T> extends b<T> { }
-          ~
-!!! error TS2506: 'a' is referenced directly or indirectly in its own base expression.
                        ~
 !!! error TS2449: Class 'b' used before its declaration.
 !!! related TS2728 indirectSelfReferenceGeneric.ts:2:7: 'b' is declared here.
     class b<T> extends a<T> { }
-          ~
-!!! error TS2506: 'b' is referenced directly or indirectly in its own base expression.

</message>
<stacktrace>
  at org.junit.Assert.fail(Assert.java:89)
  at kotlin.test.junit.JUnitAsserter.fail(JUnitSupport.kt:56)
  at kotlin.test.AssertionsKt__AssertionsKt.fail(Assertions.kt:563)
  at kotlin.test.AssertionsKt.fail(Unknown Source)
  at com.xemantic.kotlin.test.SameAsKt.sameAs(SameAs.kt:52)
  at com.xemantic.typescript.compiler.TypeScriptTestSupportKt.errorsMatchBaseline(TypeScriptTestSupport.kt:135)
  at com.xemantic.typescript.compiler.TypeScriptCompilerTests_I.indirectSelfReferenceGeneric_ts has expected errors matching indirectSelfReferenceGeneric_errors_txt(TypeScriptCompilerTests_I.kt:3164)
  at java.base/jdk.internal.reflect.DirectMethodHandleAccessor.invoke(DirectMethodHandleAccessor.java:104)
  at java.base/java.lang.reflect.Method.invoke(Method.java:565)
  at org.junit.runners.model.FrameworkMethod$1.runReflectiveCall(FrameworkMethod.java:59)
  at org.junit.internal.runners.model.ReflectiveCallable.run(ReflectiveCallable.java:12)
  at org.junit.runners.model.FrameworkMethod.invokeExplosively(FrameworkMethod.java:56)
  at org.junit.internal.runners.statements.InvokeMethod.evaluate(InvokeMethod.java:17)
  at org.junit.runners.ParentRunner$3.evaluate(ParentRunner.java:306)
  at org.junit.runners.BlockJUnit4ClassRunner$1.evaluate(BlockJUnit4ClassRunner.java:100)
  at org.junit.runners.ParentRunner.runLeaf(ParentRunner.java:366)
  at org.junit.runners.BlockJUnit4ClassRunner.runChild(BlockJUnit4ClassRunner.java:103)
  at org.junit.runners.BlockJUnit4ClassRunner.runChild(BlockJUnit4ClassRunner.java:63)
  at org.junit.runners.ParentRunner$4.run(ParentRunner.java:331)
  at org.junit.runners.ParentRunner$1.schedule(ParentRunner.java:79)
  at org.junit.runners.ParentRunner.runChildren(ParentRunner.java:329)
  at org.junit.runners.ParentRunner.access$100(ParentRunner.java:66)
  at org.junit.runners.ParentRunner$2.evaluate(ParentRunner.java:293)
  at org.junit.runners.ParentRunner$3.evaluate(ParentRunner.java:306)
  at org.junit.runners.ParentRunner.run(ParentRunner.java:413)
  at org.junit.runner.JUnitCore.run(JUnitCore.java:137)
  at org.junit.runner.JUnitCore.run(JUnitCore.java:115)
  at org.gradle.api.internal.tasks.testing.junit.JUnitTestExecutor.runRequest(JUnitTestExecutor.java:175)
  at org.gradle.api.internal.tasks.testing.junit.JUnitTestExecutor.accept(JUnitTestExecutor.java:84)
  at org.gradle.api.internal.tasks.testing.junit.JUnitTestExecutor.accept(JUnitTestExecutor.java:47)
  at org.gradle.api.internal.tasks.testing.junit.AbstractJUnitTestDefinitionProcessor.processTestDefinition(AbstractJUnitTestDefinitionProcessor.java:65)
  at org.gradle.api.internal.tasks.testing.SuiteTestDefinitionProcessor.processTestDefinition(SuiteTestDefinitionProcessor.java:54)
  at java.base/jdk.internal.reflect.DirectMethodHandleAccessor.invoke(DirectMethodHandleAccessor.java:104)
  at java.base/java.lang.reflect.Method.invoke(Method.java:565)
  at org.gradle.internal.dispatch.MethodInvocation.invokeOn(MethodInvocation.java:77)
  at org.gradle.internal.dispatch.ReflectionDispatch.dispatch(ReflectionDispatch.java:28)
  at org.gradle.internal.dispatch.ReflectionDispatch.dispatch(ReflectionDispatch.java:19)
  at org.gradle.internal.dispatch.ContextClassLoaderDispatch.dispatch(ContextClassLoaderDispatch.java:33)
  at org.gradle.internal.dispatch.ProxyDispatchAdapter$DispatchingInvocationHandler.invoke(ProxyDispatchAdapter.java:88)
  at jdk.proxy1/jdk.proxy1.$Proxy4.processTestDefinition(Unknown Source)
  at org.gradle.api.internal.tasks.testing.worker.TestWorker$2.run(TestWorker.java:178)
  at org.gradle.api.internal.tasks.testing.worker.TestWorker.executeAndMaintainThreadName(TestWorker.java:126)
  at org.gradle.api.internal.tasks.testing.worker.TestWorker.execute(TestWorker.java:103)
  at org.gradle.api.internal.tasks.testing.worker.TestWorker.execute(TestWorker.java:63)
  at org.gradle.process.internal.worker.child.ActionExecutionWorker.execute(ActionExecutionWorker.java:56)
  at org.gradle.process.internal.worker.child.SystemApplicationClassLoaderWorker.call(SystemApplicationClassLoaderWorker.java:122)
  at org.gradle.process.internal.worker.child.SystemApplicationClassLoaderWorker.call(SystemApplicationClassLoaderWorker.java:72)
  at worker.org.gradle.process.internal.worker.GradleWorkerMain.run(GradleWorkerMain.java:69)
  at worker.org.gradle.process.internal.worker.GradleWorkerMain.main(GradleWorkerMain.java:74)
</stacktrace>
</test-failure>


TypeScriptCompilerTests_I[jvm] > indirectSelfReferenceGeneric_ts has expected errors matching indirectSelfReferenceGeneric_errors_txt[jvm] FAILED

<test-failure test="com.xemantic.typescript.compiler.TypeScriptCompilerTests_I.importDeclWithClassModifiers_ts has expected errors matching importDeclWithClassModifiers_errors_txt" platform="jvm">
<message>
Expected diagnostics from baseline typescript-repo/tests/baselines/reference/importDeclWithClassModifiers.errors.txt but none produced
</message>
<stacktrace>
  at com.xemantic.typescript.compiler.TypeScriptTestSupportKt.errorsMatchBaseline(TypeScriptTestSupport.kt:125)
  at com.xemantic.typescript.compiler.TypeScriptCompilerTests_I.importDeclWithClassModifiers_ts has expected errors matching importDeclWithClassModifiers_errors_txt(TypeScriptCompilerTests_I.kt:938)
  at java.base/jdk.internal.reflect.DirectMethodHandleAccessor.invoke(DirectMethodHandleAccessor.java:104)
  at java.base/java.lang.reflect.Method.invoke(Method.java:565)
  at org.junit.runners.model.FrameworkMethod$1.runReflectiveCall(FrameworkMethod.java:59)
  at org.junit.internal.runners.model.ReflectiveCallable.run(ReflectiveCallable.java:12)
  at org.junit.runners.model.FrameworkMethod.invokeExplosively(FrameworkMethod.java:56)
  at org.junit.internal.runners.statements.InvokeMethod.evaluate(InvokeMethod.java:17)
  at org.junit.runners.ParentRunner$3.evaluate(ParentRunner.java:306)
  at org.junit.runners.BlockJUnit4ClassRunner$1.evaluate(BlockJUnit4ClassRunner.java:100)
  at org.junit.runners.ParentRunner.runLeaf(ParentRunner.java:366)
  at org.junit.runners.BlockJUnit4ClassRunner.runChild(BlockJUnit4ClassRunner.java:103)
  at org.junit.runners.BlockJUnit4ClassRunner.runChild(BlockJUnit4ClassRunner.java:63)
  at org.junit.runners.ParentRunner$4.run(ParentRunner.java:331)
  at org.junit.runners.ParentRunner$1.schedule(ParentRunner.java:79)
  at org.junit.runners.ParentRunner.runChildren(ParentRunner.java:329)
  at org.junit.runners.ParentRunner.access$100(ParentRunner.java:66)
  at org.junit.runners.ParentRunner$2.evaluate(ParentRunner.java:293)
  at org.junit.runners.ParentRunner$3.evaluate(ParentRunner.java:306)
  at org.junit.runners.ParentRunner.run(ParentRunner.java:413)
  at org.junit.runner.JUnitCore.run(JUnitCore.java:137)
  at org.junit.runner.JUnitCore.run(JUnitCore.java:115)
  at org.gradle.api.internal.tasks.testing.junit.JUnitTestExecutor.runRequest(JUnitTestExecutor.java:175)
  at org.gradle.api.internal.tasks.testing.junit.JUnitTestExecutor.accept(JUnitTestExecutor.java:84)
  at org.gradle.api.internal.tasks.testing.junit.JUnitTestExecutor.accept(JUnitTestExecutor.java:47)
  at org.gradle.api.internal.tasks.testing.junit.AbstractJUnitTestDefinitionProcessor.processTestDefinition(AbstractJUnitTestDefinitionProcessor.java:65)
  at org.gradle.api.internal.tasks.testing.SuiteTestDefinitionProcessor.processTestDefinition(SuiteTestDefinitionProcessor.java:54)
  at java.base/jdk.internal.reflect.DirectMethodHandleAccessor.invoke(DirectMethodHandleAccessor.java:104)
  at java.base/java.lang.reflect.Method.invoke(Method.java:565)
  at org.gradle.internal.dispatch.MethodInvocation.invokeOn(MethodInvocation.java:77)
  at org.gradle.internal.dispatch.ReflectionDispatch.dispatch(ReflectionDispatch.java:28)
  at org.gradle.internal.dispatch.ReflectionDispatch.dispatch(ReflectionDispatch.java:19)
  at org.gradle.internal.dispatch.ContextClassLoaderDispatch.dispatch(ContextClassLoaderDispatch.java:33)
  at org.gradle.internal.dispatch.ProxyDispatchAdapter$DispatchingInvocationHandler.invoke(ProxyDispatchAdapter.java:88)
  at jdk.proxy1/jdk.proxy1.$Proxy4.processTestDefinition(Unknown Source)
  at org.gradle.api.internal.tasks.testing.worker.TestWorker$2.run(TestWorker.java:178)
  at org.gradle.api.internal.tasks.testing.worker.TestWorker.executeAndMaintainThreadName(TestWorker.java:126)
  at org.gradle.api.internal.tasks.testing.worker.TestWorker.execute(TestWorker.java:103)
  at org.gradle.api.internal.tasks.testing.worker.TestWorker.execute(TestWorker.java:63)
  at org.gradle.process.internal.worker.child.ActionExecutionWorker.execute(ActionExecutionWorker.java:56)
  at org.gradle.process.internal.worker.child.SystemApplicationClassLoaderWorker.call(SystemApplicationClassLoaderWorker.java:122)
  at org.gradle.process.internal.worker.child.SystemApplicationClassLoaderWorker.call(SystemApplicationClassLoaderWorker.java:72)
  at worker.org.gradle.process.internal.worker.GradleWorkerMain.run(GradleWorkerMain.java:69)
  at worker.org.gradle.process.internal.worker.GradleWorkerMain.main(GradleWorkerMain.java:74)
</stacktrace>
</test-failure>


TypeScriptCompilerTests_I[jvm] > importDeclWithClassModifiers_ts has expected errors matching importDeclWithClassModifiers_errors_txt[jvm] FAILED

<test-failure test="com.xemantic.typescript.compiler.TypeScriptCompilerTests_I.intersectionsAndOptionalProperties2_ts__exactoptionalpropertytypes_true__has expected errors matching baseline" platform="jvm">
<message>
Expected diagnostics from baseline typescript-repo/tests/baselines/reference/intersectionsAndOptionalProperties2(exactoptionalpropertytypes=true).errors.txt but none produced
</message>
<stacktrace>
  at com.xemantic.typescript.compiler.TypeScriptTestSupportKt.errorsMatchBaseline(TypeScriptTestSupport.kt:125)
  at com.xemantic.typescript.compiler.TypeScriptCompilerTests_I.intersectionsAndOptionalProperties2_ts__exactoptionalpropertytypes_true__has expected errors matching baseline(TypeScriptCompilerTests_I.kt:6048)
  at java.base/jdk.internal.reflect.DirectMethodHandleAccessor.invoke(DirectMethodHandleAccessor.java:104)
  at java.base/java.lang.reflect.Method.invoke(Method.java:565)
  at org.junit.runners.model.FrameworkMethod$1.runReflectiveCall(FrameworkMethod.java:59)
  at org.junit.internal.runners.model.ReflectiveCallable.run(ReflectiveCallable.java:12)
  at org.junit.runners.model.FrameworkMethod.invokeExplosively(FrameworkMethod.java:56)
  at org.junit.internal.runners.statements.InvokeMethod.evaluate(InvokeMethod.java:17)
  at org.junit.runners.ParentRunner$3.evaluate(ParentRunner.java:306)
  at org.junit.runners.BlockJUnit4ClassRunner$1.evaluate(BlockJUnit4ClassRunner.java:100)
  at org.junit.runners.ParentRunner.runLeaf(ParentRunner.java:366)
  at org.junit.runners.BlockJUnit4ClassRunner.runChild(BlockJUnit4ClassRunner.java:103)
  at org.junit.runners.BlockJUnit4ClassRunner.runChild(BlockJUnit4ClassRunner.java:63)
  at org.junit.runners.ParentRunner$4.run(ParentRunner.java:331)
  at org.junit.runners.ParentRunner$1.schedule(ParentRunner.java:79)
  at org.junit.runners.ParentRunner.runChildren(ParentRunner.java:329)
  at org.junit.runners.ParentRunner.access$100(ParentRunner.java:66)
  at org.junit.runners.ParentRunner$2.evaluate(ParentRunner.java:293)
  at org.junit.runners.ParentRunner$3.evaluate(ParentRunner.java:306)
  at org.junit.runners.ParentRunner.run(ParentRunner.java:413)
  at org.junit.runner.JUnitCore.run(JUnitCore.java:137)
  at org.junit.runner.JUnitCore.run(JUnitCore.java:115)
  at org.gradle.api.internal.tasks.testing.junit.JUnitTestExecutor.runRequest(JUnitTestExecutor.java:175)
  at org.gradle.api.internal.tasks.testing.junit.JUnitTestExecutor.accept(JUnitTestExecutor.java:84)
  at org.gradle.api.internal.tasks.testing.junit.JUnitTestExecutor.accept(JUnitTestExecutor.java:47)
  at org.gradle.api.internal.tasks.testing.junit.AbstractJUnitTestDefinitionProcessor.processTestDefinition(AbstractJUnitTestDefinitionProcessor.java:65)
  at org.gradle.api.internal.tasks.testing.SuiteTestDefinitionProcessor.processTestDefinition(SuiteTestDefinitionProcessor.java:54)
  at java.base/jdk.internal.reflect.DirectMethodHandleAccessor.invoke(DirectMethodHandleAccessor.java:104)
  at java.base/java.lang.reflect.Method.invoke(Method.java:565)
  at org.gradle.internal.dispatch.MethodInvocation.invokeOn(MethodInvocation.java:77)
  at org.gradle.internal.dispatch.ReflectionDispatch.dispatch(ReflectionDispatch.java:28)
  at org.gradle.internal.dispatch.ReflectionDispatch.dispatch(ReflectionDispatch.java:19)
  at org.gradle.internal.dispatch.ContextClassLoaderDispatch.dispatch(ContextClassLoaderDispatch.java:33)
  at org.gradle.internal.dispatch.ProxyDispatchAdapter$DispatchingInvocationHandler.invoke(ProxyDispatchAdapter.java:88)
  at jdk.proxy1/jdk.proxy1.$Proxy4.processTestDefinition(Unknown Source)
  at org.gradle.api.internal.tasks.testing.worker.TestWorker$2.run(TestWorker.java:178)
  at org.gradle.api.internal.tasks.testing.worker.TestWorker.executeAndMaintainThreadName(TestWorker.java:126)
  at org.gradle.api.internal.tasks.testing.worker.TestWorker.execute(TestWorker.java:103)
  at org.gradle.api.internal.tasks.testing.worker.TestWorker.execute(TestWorker.java:63)
  at org.gradle.process.internal.worker.child.ActionExecutionWorker.execute(ActionExecutionWorker.java:56)
  at org.gradle.process.internal.worker.child.SystemApplicationClassLoaderWorker.call(SystemApplicationClassLoaderWorker.java:122)
  at org.gradle.process.internal.worker.child.SystemApplicationClassLoaderWorker.call(SystemApplicationClassLoaderWorker.java:72)
  at worker.org.gradle.process.internal.worker.GradleWorkerMain.run(GradleWorkerMain.java:69)
  at worker.org.gradle.process.internal.worker.GradleWorkerMain.main(GradleWorkerMain.java:74)
</stacktrace>
</test-failure>


TypeScriptCompilerTests_I[jvm] > intersectionsAndOptionalProperties2_ts__exactoptionalpropertytypes_true__has expected errors matching baseline[jvm] FAILED

<test-failure test="com.xemantic.typescript.compiler.TypeScriptCompilerTests_I.indexSignatureOfTypeUnknownStillRequiresIndexSignature_ts has expected errors matching indexSignatureOfTypeUnknownStillRequiresIndexSignature_errors_txt" platform="jvm">
<message>
Expected diagnostics from baseline typescript-repo/tests/baselines/reference/indexSignatureOfTypeUnknownStillRequiresIndexSignature.errors.txt but none produced
</message>
<stacktrace>
  at com.xemantic.typescript.compiler.TypeScriptTestSupportKt.errorsMatchBaseline(TypeScriptTestSupport.kt:125)
  at com.xemantic.typescript.compiler.TypeScriptCompilerTests_I.indexSignatureOfTypeUnknownStillRequiresIndexSignature_ts has expected errors matching indexSignatureOfTypeUnknownStillRequiresIndexSignature_errors_txt(TypeScriptCompilerTests_I.kt:2660)
  at java.base/jdk.internal.reflect.DirectMethodHandleAccessor.invoke(DirectMethodHandleAccessor.java:104)
  at java.base/java.lang.reflect.Method.invoke(Method.java:565)
  at org.junit.runners.model.FrameworkMethod$1.runReflectiveCall(FrameworkMethod.java:59)
  at org.junit.internal.runners.model.ReflectiveCallable.run(ReflectiveCallable.java:12)
  at org.junit.runners.model.FrameworkMethod.invokeExplosively(FrameworkMethod.java:56)
  at org.junit.internal.runners.statements.InvokeMethod.evaluate(InvokeMethod.java:17)
  at org.junit.runners.ParentRunner$3.evaluate(ParentRunner.java:306)
  at org.junit.runners.BlockJUnit4ClassRunner$1.evaluate(BlockJUnit4ClassRunner.java:100)
  at org.junit.runners.ParentRunner.runLeaf(ParentRunner.java:366)
  at org.junit.runners.BlockJUnit4ClassRunner.runChild(BlockJUnit4ClassRunner.java:103)
  at org.junit.runners.BlockJUnit4ClassRunner.runChild(BlockJUnit4ClassRunner.java:63)
  at org.junit.runners.ParentRunner$4.run(ParentRunner.java:331)
  at org.junit.runners.ParentRunner$1.schedule(ParentRunner.java:79)
  at org.junit.runners.ParentRunner.runChildren(ParentRunner.java:329)
  at org.junit.runners.ParentRunner.access$100(ParentRunner.java:66)
  at org.junit.runners.ParentRunner$2.evaluate(ParentRunner.java:293)
  at org.junit.runners.ParentRunner$3.evaluate(ParentRunner.java:306)
  at org.junit.runners.ParentRunner.run(ParentRunner.java:413)
  at org.junit.runner.JUnitCore.run(JUnitCore.java:137)
  at org.junit.runner.JUnitCore.run(JUnitCore.java:115)
  at org.gradle.api.internal.tasks.testing.junit.JUnitTestExecutor.runRequest(JUnitTestExecutor.java:175)
  at org.gradle.api.internal.tasks.testing.junit.JUnitTestExecutor.accept(JUnitTestExecutor.java:84)
  at org.gradle.api.internal.tasks.testing.junit.JUnitTestExecutor.accept(JUnitTestExecutor.java:47)
  at org.gradle.api.internal.tasks.testing.junit.AbstractJUnitTestDefinitionProcessor.processTestDefinition(AbstractJUnitTestDefinitionProcessor.java:65)
  at org.gradle.api.internal.tasks.testing.SuiteTestDefinitionProcessor.processTestDefinition(SuiteTestDefinitionProcessor.java:54)
  at java.base/jdk.internal.reflect.DirectMethodHandleAccessor.invoke(DirectMethodHandleAccessor.java:104)
  at java.base/java.lang.reflect.Method.invoke(Method.java:565)
  at org.gradle.internal.dispatch.MethodInvocation.invokeOn(MethodInvocation.java:77)
  at org.gradle.internal.dispatch.ReflectionDispatch.dispatch(ReflectionDispatch.java:28)
  at org.gradle.internal.dispatch.ReflectionDispatch.dispatch(ReflectionDispatch.java:19)
  at org.gradle.internal.dispatch.ContextClassLoaderDispatch.dispatch(ContextClassLoaderDispatch.java:33)
  at org.gradle.internal.dispatch.ProxyDispatchAdapter$DispatchingInvocationHandler.invoke(ProxyDispatchAdapter.java:88)
  at jdk.proxy1/jdk.proxy1.$Proxy4.processTestDefinition(Unknown Source)
  at org.gradle.api.internal.tasks.testing.worker.TestWorker$2.run(TestWorker.java:178)
  at org.gradle.api.internal.tasks.testing.worker.TestWorker.executeAndMaintainThreadName(TestWorker.java:126)
  at org.gradle.api.internal.tasks.testing.worker.TestWorker.execute(TestWorker.java:103)
  at org.gradle.api.internal.tasks.testing.worker.TestWorker.execute(TestWorker.java:63)
  at org.gradle.process.internal.worker.child.ActionExecutionWorker.execute(ActionExecutionWorker.java:56)
  at org.gradle.process.internal.worker.child.SystemApplicationClassLoaderWorker.call(SystemApplicationClassLoaderWorker.java:122)
  at org.gradle.process.internal.worker.child.SystemApplicationClassLoaderWorker.call(SystemApplicationClassLoaderWorker.java:72)
  at worker.org.gradle.process.internal.worker.GradleWorkerMain.run(GradleWorkerMain.java:69)
  at worker.org.gradle.process.internal.worker.GradleWorkerMain.main(GradleWorkerMain.java:74)
</stacktrace>
</test-failure>


TypeScriptCompilerTests_I[jvm] > indexSignatureOfTypeUnknownStillRequiresIndexSignature_ts has expected errors matching indexSignatureOfTypeUnknownStillRequiresIndexSignature_errors_txt[jvm] FAILED

<test-failure test="com.xemantic.typescript.compiler.TypeScriptCompilerTests_I.implicitAnyInAmbientDeclaration2_d_ts has expected errors matching implicitAnyInAmbientDeclaration2_d_errors_txt" platform="jvm">
<message>
--- expected
+++ actual
@@ -1,16 +1,11 @@
-implicitAnyInAmbientDeclaration2.d.ts(1,18): error TS7010: 'foo', which lacks return-type annotation, implicitly has an 'any' return type.
 implicitAnyInAmbientDeclaration2.d.ts(1,22): error TS7006: Parameter 'x' implicitly has an 'any' type.
 implicitAnyInAmbientDeclaration2.d.ts(2,13): error TS7005: Variable 'bar' implicitly has an 'any' type.
 implicitAnyInAmbientDeclaration2.d.ts(4,12): error TS7008: Member 'publicMember' implicitly has an 'any' type.
-implicitAnyInAmbientDeclaration2.d.ts(7,12): error TS7010: 'publicFunction', which lacks return-type annotation, implicitly has an 'any' return type.
 implicitAnyInAmbientDeclaration2.d.ts(7,27): error TS7006: Parameter 'x' implicitly has an 'any' type.
-implicitAnyInAmbientDeclaration2.d.ts(13,24): error TS7006: Parameter 'publicConsParam' implicitly has an 'any' type.
 
 
-==== implicitAnyInAmbientDeclaration2.d.ts (7 errors) ====
+==== implicitAnyInAmbientDeclaration2.d.ts (4 errors) ====
     declare function foo(x);  // this should be an error
-                     ~~~
-!!! error TS7010: 'foo', which lacks return-type annotation, implicitly has an 'any' return type.
                          ~
 !!! error TS7006: Parameter 'x' implicitly has an 'any' type.
     declare var bar;  // this should be be an erro
@@ -23,8 +18,6 @@
         private privateMember;  // this should not be an error
     
         public publicFunction(x);  // this should be an error
-               ~~~~~~~~~~~~~~
-!!! error TS7010: 'publicFunction', which lacks return-type annotation, implicitly has an 'any' return type.
                               ~
 !!! error TS7006: Parameter 'x' implicitly has an 'any' type.
         private privateFunction(privateParam);  // this should not be an error
@@ -33,6 +26,4 @@
     
     declare class D {
         public constructor(publicConsParam, int: number);  // this should be an error
-                           ~~~~~~~~~~~~~~~
-!!! error TS7006: Parameter 'publicConsParam' implicitly has an 'any' type.
     }

</message>
<stacktrace>
  at org.junit.Assert.fail(Assert.java:89)
  at kotlin.test.junit.JUnitAsserter.fail(JUnitSupport.kt:56)
  at kotlin.test.AssertionsKt__AssertionsKt.fail(Assertions.kt:563)
  at kotlin.test.AssertionsKt.fail(Unknown Source)
  at com.xemantic.kotlin.test.SameAsKt.sameAs(SameAs.kt:52)
  at com.xemantic.typescript.compiler.TypeScriptTestSupportKt.errorsMatchBaseline(TypeScriptTestSupport.kt:135)
  at com.xemantic.typescript.compiler.TypeScriptCompilerTests_I.implicitAnyInAmbientDeclaration2_d_ts has expected errors matching implicitAnyInAmbientDeclaration2_d_errors_txt(TypeScriptCompilerTests_I.kt:518)
  at java.base/jdk.internal.reflect.DirectMethodHandleAccessor.invoke(DirectMethodHandleAccessor.java:104)
  at java.base/java.lang.reflect.Method.invoke(Method.java:565)
  at org.junit.runners.model.FrameworkMethod$1.runReflectiveCall(FrameworkMethod.java:59)
  at org.junit.internal.runners.model.ReflectiveCallable.run(ReflectiveCallable.java:12)
  at org.junit.runners.model.FrameworkMethod.invokeExplosively(FrameworkMethod.java:56)
  at org.junit.internal.runners.statements.InvokeMethod.evaluate(InvokeMethod.java:17)
  at org.junit.runners.ParentRunner$3.evaluate(ParentRunner.java:306)
  at org.junit.runners.BlockJUnit4ClassRunner$1.evaluate(BlockJUnit4ClassRunner.java:100)
  at org.junit.runners.ParentRunner.runLeaf(ParentRunner.java:366)
  at org.junit.runners.BlockJUnit4ClassRunner.runChild(BlockJUnit4ClassRunner.java:103)
  at org.junit.runners.BlockJUnit4ClassRunner.runChild(BlockJUnit4ClassRunner.java:63)
  at org.junit.runners.ParentRunner$4.run(ParentRunner.java:331)
  at org.junit.runners.ParentRunner$1.schedule(ParentRunner.java:79)
  at org.junit.runners.ParentRunner.runChildren(ParentRunner.java:329)
  at org.junit.runners.ParentRunner.access$100(ParentRunner.java:66)
  at org.junit.runners.ParentRunner$2.evaluate(ParentRunner.java:293)
  at org.junit.runners.ParentRunner$3.evaluate(ParentRunner.java:306)
  at org.junit.runners.ParentRunner.run(ParentRunner.java:413)
  at org.junit.runner.JUnitCore.run(JUnitCore.java:137)
  at org.junit.runner.JUnitCore.run(JUnitCore.java:115)
  at org.gradle.api.internal.tasks.testing.junit.JUnitTestExecutor.runRequest(JUnitTestExecutor.java:175)
  at org.gradle.api.internal.tasks.testing.junit.JUnitTestExecutor.accept(JUnitTestExecutor.java:84)
  at org.gradle.api.internal.tasks.testing.junit.JUnitTestExecutor.accept(JUnitTestExecutor.java:47)
  at org.gradle.api.internal.tasks.testing.junit.AbstractJUnitTestDefinitionProcessor.processTestDefinition(AbstractJUnitTestDefinitionProcessor.java:65)
  at org.gradle.api.internal.tasks.testing.SuiteTestDefinitionProcessor.processTestDefinition(SuiteTestDefinitionProcessor.java:54)
  at java.base/jdk.internal.reflect.DirectMethodHandleAccessor.invoke(DirectMethodHandleAccessor.java:104)
  at java.base/java.lang.reflect.Method.invoke(Method.java:565)
  at org.gradle.internal.dispatch.MethodInvocation.invokeOn(MethodInvocation.java:77)
  at org.gradle.internal.dispatch.ReflectionDispatch.dispatch(ReflectionDispatch.java:28)
  at org.gradle.internal.dispatch.ReflectionDispatch.dispatch(ReflectionDispatch.java:19)
  at org.gradle.internal.dispatch.ContextClassLoaderDispatch.dispatch(ContextClassLoaderDispatch.java:33)
  at org.gradle.internal.dispatch.ProxyDispatchAdapter$DispatchingInvocationHandler.invoke(ProxyDispatchAdapter.java:88)
  at jdk.proxy1/jdk.proxy1.$Proxy4.processTestDefinition(Unknown Source)
  at org.gradle.api.internal.tasks.testing.worker.TestWorker$2.run(TestWorker.java:178)
  at org.gradle.api.internal.tasks.testing.worker.TestWorker.executeAndMaintainThreadName(TestWorker.java:126)
  at org.gradle.api.internal.tasks.testing.worker.TestWorker.execute(TestWorker.java:103)
  at org.gradle.api.internal.tasks.testing.worker.TestWorker.execute(TestWorker.java:63)
  at org.gradle.process.internal.worker.child.ActionExecutionWorker.execute(ActionExecutionWorker.java:56)
  at org.gradle.process.internal.worker.child.SystemApplicationClassLoaderWorker.call(SystemApplicationClassLoaderWorker.java:122)
  at org.gradle.process.internal.worker.child.SystemApplicationClassLoaderWorker.call(SystemApplicationClassLoaderWorker.java:72)
  at worker.org.gradle.process.internal.worker.GradleWorkerMain.run(GradleWorkerMain.java:69)
  at worker.org.gradle.process.internal.worker.GradleWorkerMain.main(GradleWorkerMain.java:74)
</stacktrace>
</test-failure>


TypeScriptCompilerTests_I[jvm] > implicitAnyInAmbientDeclaration2_d_ts has expected errors matching implicitAnyInAmbientDeclaration2_d_errors_txt[jvm] FAILED

<test-failure test="com.xemantic.typescript.compiler.TypeScriptCompilerTests_I.isolatedDeclarationErrorsDefault_ts has expected errors matching isolatedDeclarationErrorsDefault_errors_txt" platform="jvm">
<message>
Expected diagnostics from baseline typescript-repo/tests/baselines/reference/isolatedDeclarationErrorsDefault.errors.txt but none produced
</message>
<stacktrace>
  at com.xemantic.typescript.compiler.TypeScriptTestSupportKt.errorsMatchBaseline(TypeScriptTestSupport.kt:125)
  at com.xemantic.typescript.compiler.TypeScriptCompilerTests_I.isolatedDeclarationErrorsDefault_ts has expected errors matching isolatedDeclarationErrorsDefault_errors_txt(TypeScriptCompilerTests_I.kt:6573)
  at java.base/jdk.internal.reflect.DirectMethodHandleAccessor.invoke(DirectMethodHandleAccessor.java:104)
  at java.base/java.lang.reflect.Method.invoke(Method.java:565)
  at org.junit.runners.model.FrameworkMethod$1.runReflectiveCall(FrameworkMethod.java:59)
  at org.junit.internal.runners.model.ReflectiveCallable.run(ReflectiveCallable.java:12)
  at org.junit.runners.model.FrameworkMethod.invokeExplosively(FrameworkMethod.java:56)
  at org.junit.internal.runners.statements.InvokeMethod.evaluate(InvokeMethod.java:17)
  at org.junit.runners.ParentRunner$3.evaluate(ParentRunner.java:306)
  at org.junit.runners.BlockJUnit4ClassRunner$1.evaluate(BlockJUnit4ClassRunner.java:100)
  at org.junit.runners.ParentRunner.runLeaf(ParentRunner.java:366)
  at org.junit.runners.BlockJUnit4ClassRunner.runChild(BlockJUnit4ClassRunner.java:103)
  at org.junit.runners.BlockJUnit4ClassRunner.runChild(BlockJUnit4ClassRunner.java:63)
  at org.junit.runners.ParentRunner$4.run(ParentRunner.java:331)
  at org.junit.runners.ParentRunner$1.schedule(ParentRunner.java:79)
  at org.junit.runners.ParentRunner.runChildren(ParentRunner.java:329)
  at org.junit.runners.ParentRunner.access$100(ParentRunner.java:66)
  at org.junit.runners.ParentRunner$2.evaluate(ParentRunner.java:293)
  at org.junit.runners.ParentRunner$3.evaluate(ParentRunner.java:306)
  at org.junit.runners.ParentRunner.run(ParentRunner.java:413)
  at org.junit.runner.JUnitCore.run(JUnitCore.java:137)
  at org.junit.runner.JUnitCore.run(JUnitCore.java:115)
  at org.gradle.api.internal.tasks.testing.junit.JUnitTestExecutor.runRequest(JUnitTestExecutor.java:175)
  at org.gradle.api.internal.tasks.testing.junit.JUnitTestExecutor.accept(JUnitTestExecutor.java:84)
  at org.gradle.api.internal.tasks.testing.junit.JUnitTestExecutor.accept(JUnitTestExecutor.java:47)
  at org.gradle.api.internal.tasks.testing.junit.AbstractJUnitTestDefinitionProcessor.processTestDefinition(AbstractJUnitTestDefinitionProcessor.java:65)
  at org.gradle.api.internal.tasks.testing.SuiteTestDefinitionProcessor.processTestDefinition(SuiteTestDefinitionProcessor.java:54)
  at java.base/jdk.internal.reflect.DirectMethodHandleAccessor.invoke(DirectMethodHandleAccessor.java:104)
  at java.base/java.lang.reflect.Method.invoke(Method.java:565)
  at org.gradle.internal.dispatch.MethodInvocation.invokeOn(MethodInvocation.java:77)
  at org.gradle.internal.dispatch.ReflectionDispatch.dispatch(ReflectionDispatch.java:28)
  at org.gradle.internal.dispatch.ReflectionDispatch.dispatch(ReflectionDispatch.java:19)
  at org.gradle.internal.dispatch.ContextClassLoaderDispatch.dispatch(ContextClassLoaderDispatch.java:33)
  at org.gradle.internal.dispatch.ProxyDispatchAdapter$DispatchingInvocationHandler.invoke(ProxyDispatchAdapter.java:88)
  at jdk.proxy1/jdk.proxy1.$Proxy4.processTestDefinition(Unknown Source)
  at org.gradle.api.internal.tasks.testing.worker.TestWorker$2.run(TestWorker.java:178)
  at org.gradle.api.internal.tasks.testing.worker.TestWorker.executeAndMaintainThreadName(TestWorker.java:126)
  at org.gradle.api.internal.tasks.testing.worker.TestWorker.execute(TestWorker.java:103)
  at org.gradle.api.internal.tasks.testing.worker.TestWorker.execute(TestWorker.java:63)
  at org.gradle.process.internal.worker.child.ActionExecutionWorker.execute(ActionExecutionWorker.java:56)
  at org.gradle.process.internal.worker.child.SystemApplicationClassLoaderWorker.call(SystemApplicationClassLoaderWorker.java:122)
  at org.gradle.process.internal.worker.child.SystemApplicationClassLoaderWorker.call(SystemApplicationClassLoaderWorker.java:72)
  at worker.org.gradle.process.internal.worker.GradleWorkerMain.run(GradleWorkerMain.java:69)
  at worker.org.gradle.process.internal.worker.GradleWorkerMain.main(GradleWorkerMain.java:74)
</stacktrace>
</test-failure>


TypeScriptCompilerTests_I[jvm] > isolatedDeclarationErrorsDefault_ts has expected errors matching isolatedDeclarationErrorsDefault_errors_txt[jvm] FAILED

<test-failure test="com.xemantic.typescript.compiler.TypeScriptCompilerTests_I.internalAliasUninitializedModuleInsideLocalModuleWithoutExportAccessError_ts has expected errors matching internalAliasUninitializedModuleInsideLocalModuleWithoutExportAccessError_errors_txt" platform="jvm">
<message>
Expected diagnostics from baseline typescript-repo/tests/baselines/reference/internalAliasUninitializedModuleInsideLocalModuleWithoutExportAccessError.errors.txt but none produced
</message>
<stacktrace>
  at com.xemantic.typescript.compiler.TypeScriptTestSupportKt.errorsMatchBaseline(TypeScriptTestSupport.kt:125)
  at com.xemantic.typescript.compiler.TypeScriptCompilerTests_I.internalAliasUninitializedModuleInsideLocalModuleWithoutExportAccessError_ts has expected errors matching internalAliasUninitializedModuleInsideLocalModuleWithoutExportAccessError_errors_txt(TypeScriptCompilerTests_I.kt:5775)
  at java.base/jdk.internal.reflect.DirectMethodHandleAccessor.invoke(DirectMethodHandleAccessor.java:104)
  at java.base/java.lang.reflect.Method.invoke(Method.java:565)
  at org.junit.runners.model.FrameworkMethod$1.runReflectiveCall(FrameworkMethod.java:59)
  at org.junit.internal.runners.model.ReflectiveCallable.run(ReflectiveCallable.java:12)
  at org.junit.runners.model.FrameworkMethod.invokeExplosively(FrameworkMethod.java:56)
  at org.junit.internal.runners.statements.InvokeMethod.evaluate(InvokeMethod.java:17)
  at org.junit.runners.ParentRunner$3.evaluate(ParentRunner.java:306)
  at org.junit.runners.BlockJUnit4ClassRunner$1.evaluate(BlockJUnit4ClassRunner.java:100)
  at org.junit.runners.ParentRunner.runLeaf(ParentRunner.java:366)
  at org.junit.runners.BlockJUnit4ClassRunner.runChild(BlockJUnit4ClassRunner.java:103)
  at org.junit.runners.BlockJUnit4ClassRunner.runChild(BlockJUnit4ClassRunner.java:63)
  at org.junit.runners.ParentRunner$4.run(ParentRunner.java:331)
  at org.junit.runners.ParentRunner$1.schedule(ParentRunner.java:79)
  at org.junit.runners.ParentRunner.runChildren(ParentRunner.java:329)
  at org.junit.runners.ParentRunner.access$100(ParentRunner.java:66)
  at org.junit.runners.ParentRunner$2.evaluate(ParentRunner.java:293)
  at org.junit.runners.ParentRunner$3.evaluate(ParentRunner.java:306)
  at org.junit.runners.ParentRunner.run(ParentRunner.java:413)
  at org.junit.runner.JUnitCore.run(JUnitCore.java:137)
  at org.junit.runner.JUnitCore.run(JUnitCore.java:115)
  at org.gradle.api.internal.tasks.testing.junit.JUnitTestExecutor.runRequest(JUnitTestExecutor.java:175)
  at org.gradle.api.internal.tasks.testing.junit.JUnitTestExecutor.accept(JUnitTestExecutor.java:84)
  at org.gradle.api.internal.tasks.testing.junit.JUnitTestExecutor.accept(JUnitTestExecutor.java:47)
  at org.gradle.api.internal.tasks.testing.junit.AbstractJUnitTestDefinitionProcessor.processTestDefinition(AbstractJUnitTestDefinitionProcessor.java:65)
  at org.gradle.api.internal.tasks.testing.SuiteTestDefinitionProcessor.processTestDefinition(SuiteTestDefinitionProcessor.java:54)
  at java.base/jdk.internal.reflect.DirectMethodHandleAccessor.invoke(DirectMethodHandleAccessor.java:104)
  at java.base/java.lang.reflect.Method.invoke(Method.java:565)
  at org.gradle.internal.dispatch.MethodInvocation.invokeOn(MethodInvocation.java:77)
  at org.gradle.internal.dispatch.ReflectionDispatch.dispatch(ReflectionDispatch.java:28)
  at org.gradle.internal.dispatch.ReflectionDispatch.dispatch(ReflectionDispatch.java:19)
  at org.gradle.internal.dispatch.ContextClassLoaderDispatch.dispatch(ContextClassLoaderDispatch.java:33)
  at org.gradle.internal.dispatch.ProxyDispatchAdapter$DispatchingInvocationHandler.invoke(ProxyDispatchAdapter.java:88)
  at jdk.proxy1/jdk.proxy1.$Proxy4.processTestDefinition(Unknown Source)
  at org.gradle.api.internal.tasks.testing.worker.TestWorker$2.run(TestWorker.java:178)
  at org.gradle.api.internal.tasks.testing.worker.TestWorker.executeAndMaintainThreadName(TestWorker.java:126)
  at org.gradle.api.internal.tasks.testing.worker.TestWorker.execute(TestWorker.java:103)
  at org.gradle.api.internal.tasks.testing.worker.TestWorker.execute(TestWorker.java:63)
  at org.gradle.process.internal.worker.child.ActionExecutionWorker.execute(ActionExecutionWorker.java:56)
  at org.gradle.process.internal.worker.child.SystemApplicationClassLoaderWorker.call(SystemApplicationClassLoaderWorker.java:122)
  at org.gradle.process.internal.worker.child.SystemApplicationClassLoaderWorker.call(SystemApplicationClassLoaderWorker.java:72)
  at worker.org.gradle.process.internal.worker.GradleWorkerMain.run(GradleWorkerMain.java:69)
  at worker.org.gradle.process.internal.worker.GradleWorkerMain.main(GradleWorkerMain.java:74)
</stacktrace>
</test-failure>


TypeScriptCompilerTests_I[jvm] > internalAliasUninitializedModuleInsideLocalModuleWithoutExportAccessError_ts has expected errors matching internalAliasUninitializedModuleInsideLocalModuleWithoutExportAccessError_errors_txt[jvm] FAILED

<test-failure test="com.xemantic.typescript.compiler.TypeScriptCompilerTests_I.inKeywordTypeguard_ts__strict_false__has expected errors matching baseline" platform="jvm">
<message>
--- expected
+++ actual
@@ -1,57 +1,23 @@
-inKeywordTypeguard.ts(6,11): error TS2339: Property 'b' does not exist on type 'A'.
-inKeywordTypeguard.ts(8,11): error TS2339: Property 'a' does not exist on type 'B'.
-inKeywordTypeguard.ts(14,11): error TS2339: Property 'b' does not exist on type 'A'.
-inKeywordTypeguard.ts(16,11): error TS2339: Property 'a' does not exist on type 'B'.
-inKeywordTypeguard.ts(27,11): error TS2339: Property 'b' does not exist on type 'AWithOptionalProp | BWithOptionalProp'.
-  Property 'b' does not exist on type 'AWithOptionalProp'.
-inKeywordTypeguard.ts(42,11): error TS2339: Property 'b' does not exist on type 'AWithMethod'.
-inKeywordTypeguard.ts(49,11): error TS2339: Property 'a' does not exist on type '(AWithMethod | BWithMethod) & Record<"c", unknown>'.
-  Property 'a' does not exist on type 'BWithMethod & Record<"c", unknown>'.
-inKeywordTypeguard.ts(50,11): error TS2339: Property 'b' does not exist on type '(AWithMethod | BWithMethod) & Record<"c", unknown>'.
-  Property 'b' does not exist on type 'AWithMethod & Record<"c", unknown>'.
-inKeywordTypeguard.ts(52,11): error TS2339: Property 'a' does not exist on type 'AWithMethod | BWithMethod'.
-  Property 'a' does not exist on type 'BWithMethod'.
-inKeywordTypeguard.ts(53,11): error TS2339: Property 'b' does not exist on type 'AWithMethod | BWithMethod'.
-  Property 'b' does not exist on type 'AWithMethod'.
-inKeywordTypeguard.ts(62,11): error TS2339: Property 'b' does not exist on type 'A | C | D'.
-  Property 'b' does not exist on type 'A'.
-inKeywordTypeguard.ts(64,11): error TS2339: Property 'a' does not exist on type 'B'.
-inKeywordTypeguard.ts(72,32): error TS2339: Property 'b' does not exist on type 'A'.
-inKeywordTypeguard.ts(74,32): error TS2339: Property 'a' does not exist on type 'B'.
-inKeywordTypeguard.ts(82,39): error TS2339: Property 'b' does not exist on type 'A'.
-inKeywordTypeguard.ts(84,39): error TS2339: Property 'a' does not exist on type 'B'.
-inKeywordTypeguard.ts(94,26): error TS2339: Property 'a' does not exist on type 'never'.
-inKeywordTypeguard.ts(155,16): error TS2322: Type 'unknown' is not assignable to type 'object'.
-inKeywordTypeguard.ts(158,21): error TS2322: Type 'unknown' is not assignable to type 'object'.
-inKeywordTypeguard.ts(183,16): error TS2322: Type 'T' is not assignable to type 'object'.
-inKeywordTypeguard.ts(186,21): error TS2322: Type 'T' is not assignable to type 'object'.
+inKeywordTypeguard.ts(142,15): error TS2322: Type 'unknown' is not assignable to type 'never'.
 
 
-==== inKeywordTypeguard.ts (21 errors) ====
+==== inKeywordTypeguard.ts (1 errors) ====
     class A { a: string; }
     class B { b: string; }
     
     function negativeClassesTest(x: A | B) {
         if ("a" in x) {
             x.b = "1";
-              ~
-!!! error TS2339: Property 'b' does not exist on type 'A'.
         } else {
             x.a = "1";
-              ~
-!!! error TS2339: Property 'a' does not exist on type 'B'.
         }
     }
     
     function positiveClassesTest(x: A | B) {
         if ("a" in x) {
             x.b = "1";
-              ~
-!!! error TS2339: Property 'b' does not exist on type 'A'.
         } else {
             x.a = "1";
-              ~
-!!! error TS2339: Property 'a' does not exist on type 'B'.
         }
     }
     
@@ -63,9 +29,6 @@
             x.a = "1";
         } else {
             x.b = "1";
-              ~
-!!! error TS2339: Property 'b' does not exist on type 'AWithOptionalProp | BWithOptionalProp'.
-!!! error TS2339:   Property 'b' does not exist on type 'AWithOptionalProp'.
         }
     }
     
@@ -81,8 +44,6 @@
         if ("a" in x) {
             x.a();
             x.b();
-              ~
-!!! error TS2339: Property 'b' does not exist on type 'AWithMethod'.
         } else {
         }
     }
@@ -90,22 +51,10 @@
     function negativeTestClassesWithMemberMissingInBothClasses(x: AWithMethod | BWithMethod) {
         if ("c" in x) {
             x.a();
-              ~
-!!! error TS2339: Property 'a' does not exist on type '(AWithMethod | BWithMethod) & Record<"c", unknown>'.
-!!! error TS2339:   Property 'a' does not exist on type 'BWithMethod & Record<"c", unknown>'.
             x.b();
-              ~
-!!! error TS2339: Property 'b' does not exist on type '(AWithMethod | BWithMethod) & Record<"c", unknown>'.
-!!! error TS2339:   Property 'b' does not exist on type 'AWithMethod & Record<"c", unknown>'.
         } else {
             x.a();
-              ~
-!!! error TS2339: Property 'a' does not exist on type 'AWithMethod | BWithMethod'.
-!!! error TS2339:   Property 'a' does not exist on type 'BWithMethod'.
             x.b();
-              ~
-!!! error TS2339: Property 'b' does not exist on type 'AWithMethod | BWithMethod'.
-!!! error TS2339:   Property 'b' does not exist on type 'AWithMethod'.
         }
     }
     
@@ -115,13 +64,8 @@
     function negativeMultipleClassesTest(x: A | B | C | D) {
         if ("a" in x) {
             x.b = "1";
-              ~
-!!! error TS2339: Property 'b' does not exist on type 'A | C | D'.
-!!! error TS2339:   Property 'b' does not exist on type 'A'.
         } else {
             x.a = "1";
-              ~
-!!! error TS2339: Property 'a' does not exist on type 'B'.
         }
     }
     
@@ -130,12 +74,8 @@
     function negativePropTest(x: ClassWithUnionProp) {
         if ("a" in x.prop) {
             let y: string = x.prop.b;
-                                   ~
-!!! error TS2339: Property 'b' does not exist on type 'A'.
         } else {
             let z: string = x.prop.a;
-                                   ~
-!!! error TS2339: Property 'a' does not exist on type 'B'.
         }
     }
     
@@ -144,12 +84,8 @@
         inThis() {
             if ("a" in this.prop) {
                 let z: number = this.prop.b;
-                                          ~
-!!! error TS2339: Property 'b' does not exist on type 'A'.
             } else {
                 let y: string = this.prop.a;
-                                          ~
-!!! error TS2339: Property 'a' does not exist on type 'B'.
             }
         }
     }
@@ -160,8 +96,6 @@
             if ("a" in this) {
             } else {
                 let y = this.a;
-                             ~
-!!! error TS2339: Property 'a' does not exist on type 'never'.
             }
         }
     }
@@ -210,6 +144,8 @@
         // x is never because of the type predicate from unknown
         else if ("cProp" in x) {
             const _never: never = x;
+                  ~~~~~~
+!!! error TS2322: Type 'unknown' is not assignable to type 'never'.
         }
     }
     
@@ -223,13 +159,9 @@
     
     function f1(x: unknown) {
         if ("a" in x) {
-                   ~
-!!! error TS2322: Type 'unknown' is not assignable to type 'object'.
             x.a;
         }
         if (x && "a" in x) {
-                        ~
-!!! error TS2322: Type 'unknown' is not assignable to type 'object'.
             x.a;
         }
         if (x && typeof x === "object" && "a" in x) {
@@ -255,15 +187,9 @@
     
     function f3<T>(x: T) {
         if ("a" in x) {
-                   ~
-!!! error TS2322: Type 'T' is not assignable to type 'object'.
-!!! related TS2208 inKeywordTypeguard.ts:182:13: This type parameter might need an `extends object` constraint.
             x.a;
         }
         if (x && "a" in x) {
-                        ~
-!!! error TS2322: Type 'T' is not assignable to type 'object'.
-!!! related TS2208 inKeywordTypeguard.ts:182:13: This type parameter might need an `extends object` constraint.
             x.a;
         }
         if (x && typeof x === "object" && "a" in x) {

</message>
<stacktrace>
  at org.junit.Assert.fail(Assert.java:89)
  at kotlin.test.junit.JUnitAsserter.fail(JUnitSupport.kt:56)
  at kotlin.test.AssertionsKt__AssertionsKt.fail(Assertions.kt:563)
  at kotlin.test.AssertionsKt.fail(Unknown Source)
  at com.xemantic.kotlin.test.SameAsKt.sameAs(SameAs.kt:52)
  at com.xemantic.typescript.compiler.TypeScriptTestSupportKt.errorsMatchBaseline(TypeScriptTestSupport.kt:135)
  at com.xemantic.typescript.compiler.TypeScriptCompilerTests_I.inKeywordTypeguard_ts__strict_false__has expected errors matching baseline(TypeScriptCompilerTests_I.kt:2303)
  at java.base/jdk.internal.reflect.DirectMethodHandleAccessor.invoke(DirectMethodHandleAccessor.java:104)
  at java.base/java.lang.reflect.Method.invoke(Method.java:565)
  at org.junit.runners.model.FrameworkMethod$1.runReflectiveCall(FrameworkMethod.java:59)
  at org.junit.internal.runners.model.ReflectiveCallable.run(ReflectiveCallable.java:12)
  at org.junit.runners.model.FrameworkMethod.invokeExplosively(FrameworkMethod.java:56)
  at org.junit.internal.runners.statements.InvokeMethod.evaluate(InvokeMethod.java:17)
  at org.junit.runners.ParentRunner$3.evaluate(ParentRunner.java:306)
  at org.junit.runners.BlockJUnit4ClassRunner$1.evaluate(BlockJUnit4ClassRunner.java:100)
  at org.junit.runners.ParentRunner.runLeaf(ParentRunner.java:366)
  at org.junit.runners.BlockJUnit4ClassRunner.runChild(BlockJUnit4ClassRunner.java:103)
  at org.junit.runners.BlockJUnit4ClassRunner.runChild(BlockJUnit4ClassRunner.java:63)
  at org.junit.runners.ParentRunner$4.run(ParentRunner.java:331)
  at org.junit.runners.ParentRunner$1.schedule(ParentRunner.java:79)
  at org.junit.runners.ParentRunner.runChildren(ParentRunner.java:329)
  at org.junit.runners.ParentRunner.access$100(ParentRunner.java:66)
  at org.junit.runners.ParentRunner$2.evaluate(ParentRunner.java:293)
  at org.junit.runners.ParentRunner$3.evaluate(ParentRunner.java:306)
  at org.junit.runners.ParentRunner.run(ParentRunner.java:413)
  at org.junit.runner.JUnitCore.run(JUnitCore.java:137)
  at org.junit.runner.JUnitCore.run(JUnitCore.java:115)
  at org.gradle.api.internal.tasks.testing.junit.JUnitTestExecutor.runRequest(JUnitTestExecutor.java:175)
  at org.gradle.api.internal.tasks.testing.junit.JUnitTestExecutor.accept(JUnitTestExecutor.java:84)
  at org.gradle.api.internal.tasks.testing.junit.JUnitTestExecutor.accept(JUnitTestExecutor.java:47)
  at org.gradle.api.internal.tasks.testing.junit.AbstractJUnitTestDefinitionProcessor.processTestDefinition(AbstractJUnitTestDefinitionProcessor.java:65)
  at org.gradle.api.internal.tasks.testing.SuiteTestDefinitionProcessor.processTestDefinition(SuiteTestDefinitionProcessor.java:54)
  at java.base/jdk.internal.reflect.DirectMethodHandleAccessor.invoke(DirectMethodHandleAccessor.java:104)
  at java.base/java.lang.reflect.Method.invoke(Method.java:565)
  at org.gradle.internal.dispatch.MethodInvocation.invokeOn(MethodInvocation.java:77)
  at org.gradle.internal.dispatch.ReflectionDispatch.dispatch(ReflectionDispatch.java:28)
  at org.gradle.internal.dispatch.ReflectionDispatch.dispatch(ReflectionDispatch.java:19)
  at org.gradle.internal.dispatch.ContextClassLoaderDispatch.dispatch(ContextClassLoaderDispatch.java:33)
  at org.gradle.internal.dispatch.ProxyDispatchAdapter$DispatchingInvocationHandler.invoke(ProxyDispatchAdapter.java:88)
  at jdk.proxy1/jdk.proxy1.$Proxy4.processTestDefinition(Unknown Source)
  at org.gradle.api.internal.tasks.testing.worker.TestWorker$2.run(TestWorker.java:178)
  at org.gradle.api.internal.tasks.testing.worker.TestWorker.executeAndMaintainThreadName(TestWorker.java:126)
  at org.gradle.api.internal.tasks.testing.worker.TestWorker.execute(TestWorker.java:103)
  at org.gradle.api.internal.tasks.testing.worker.TestWorker.execute(TestWorker.java:63)
  at org.gradle.process.internal.worker.child.ActionExecutionWorker.execute(ActionExecutionWorker.java:56)
  at org.gradle.process.internal.worker.child.SystemApplicationClassLoaderWorker.call(SystemApplicationClassLoaderWorker.java:122)
  at org.gradle.process.internal.worker.child.SystemApplicationClassLoaderWorker.call(SystemApplicationClassLoaderWorker.java:72)
  at worker.org.gradle.process.internal.worker.GradleWorkerMain.run(GradleWorkerMain.java:69)
  at worker.org.gradle.process.internal.worker.GradleWorkerMain.main(GradleWorkerMain.java:74)
</stacktrace>
</test-failure>


TypeScriptCompilerTests_I[jvm] > inKeywordTypeguard_ts__strict_false__has expected errors matching baseline[jvm] FAILED

<test-failure test="com.xemantic.typescript.compiler.TypeScriptCompilerTests_I.inheritanceStaticMembersIncompatible_ts has expected errors matching inheritanceStaticMembersIncompatible_errors_txt" platform="jvm">
<message>
Expected diagnostics from baseline typescript-repo/tests/baselines/reference/inheritanceStaticMembersIncompatible.errors.txt but none produced
</message>
<stacktrace>
  at com.xemantic.typescript.compiler.TypeScriptTestSupportKt.errorsMatchBaseline(TypeScriptTestSupport.kt:125)
  at com.xemantic.typescript.compiler.TypeScriptCompilerTests_I.inheritanceStaticMembersIncompatible_ts has expected errors matching inheritanceStaticMembersIncompatible_errors_txt(TypeScriptCompilerTests_I.kt:4207)
  at java.base/jdk.internal.reflect.DirectMethodHandleAccessor.invoke(DirectMethodHandleAccessor.java:104)
  at java.base/java.lang.reflect.Method.invoke(Method.java:565)
  at org.junit.runners.model.FrameworkMethod$1.runReflectiveCall(FrameworkMethod.java:59)
  at org.junit.internal.runners.model.ReflectiveCallable.run(ReflectiveCallable.java:12)
  at org.junit.runners.model.FrameworkMethod.invokeExplosively(FrameworkMethod.java:56)
  at org.junit.internal.runners.statements.InvokeMethod.evaluate(InvokeMethod.java:17)
  at org.junit.runners.ParentRunner$3.evaluate(ParentRunner.java:306)
  at org.junit.runners.BlockJUnit4ClassRunner$1.evaluate(BlockJUnit4ClassRunner.java:100)
  at org.junit.runners.ParentRunner.runLeaf(ParentRunner.java:366)
  at org.junit.runners.BlockJUnit4ClassRunner.runChild(BlockJUnit4ClassRunner.java:103)
  at org.junit.runners.BlockJUnit4ClassRunner.runChild(BlockJUnit4ClassRunner.java:63)
  at org.junit.runners.ParentRunner$4.run(ParentRunner.java:331)
  at org.junit.runners.ParentRunner$1.schedule(ParentRunner.java:79)
  at org.junit.runners.ParentRunner.runChildren(ParentRunner.java:329)
  at org.junit.runners.ParentRunner.access$100(ParentRunner.java:66)
  at org.junit.runners.ParentRunner$2.evaluate(ParentRunner.java:293)
  at org.junit.runners.ParentRunner$3.evaluate(ParentRunner.java:306)
  at org.junit.runners.ParentRunner.run(ParentRunner.java:413)
  at org.junit.runner.JUnitCore.run(JUnitCore.java:137)
  at org.junit.runner.JUnitCore.run(JUnitCore.java:115)
  at org.gradle.api.internal.tasks.testing.junit.JUnitTestExecutor.runRequest(JUnitTestExecutor.java:175)
  at org.gradle.api.internal.tasks.testing.junit.JUnitTestExecutor.accept(JUnitTestExecutor.java:84)
  at org.gradle.api.internal.tasks.testing.junit.JUnitTestExecutor.accept(JUnitTestExecutor.java:47)
  at org.gradle.api.internal.tasks.testing.junit.AbstractJUnitTestDefinitionProcessor.processTestDefinition(AbstractJUnitTestDefinitionProcessor.java:65)
  at org.gradle.api.internal.tasks.testing.SuiteTestDefinitionProcessor.processTestDefinition(SuiteTestDefinitionProcessor.java:54)
  at java.base/jdk.internal.reflect.DirectMethodHandleAccessor.invoke(DirectMethodHandleAccessor.java:104)
  at java.base/java.lang.reflect.Method.invoke(Method.java:565)
  at org.gradle.internal.dispatch.MethodInvocation.invokeOn(MethodInvocation.java:77)
  at org.gradle.internal.dispatch.ReflectionDispatch.dispatch(ReflectionDispatch.java:28)
  at org.gradle.internal.dispatch.ReflectionDispatch.dispatch(ReflectionDispatch.java:19)
  at org.gradle.internal.dispatch.ContextClassLoaderDispatch.dispatch(ContextClassLoaderDispatch.java:33)
  at org.gradle.internal.dispatch.ProxyDispatchAdapter$DispatchingInvocationHandler.invoke(ProxyDispatchAdapter.java:88)
  at jdk.proxy1/jdk.proxy1.$Proxy4.processTestDefinition(Unknown Source)
  at org.gradle.api.internal.tasks.testing.worker.TestWorker$2.run(TestWorker.java:178)
  at org.gradle.api.internal.tasks.testing.worker.TestWorker.executeAndMaintainThreadName(TestWorker.java:126)
  at org.gradle.api.internal.tasks.testing.worker.TestWorker.execute(TestWorker.java:103)
  at org.gradle.api.internal.tasks.testing.worker.TestWorker.execute(TestWorker.java:63)
  at org.gradle.process.internal.worker.child.ActionExecutionWorker.execute(ActionExecutionWorker.java:56)
  at org.gradle.process.internal.worker.child.SystemApplicationClassLoaderWorker.call(SystemApplicationClassLoaderWorker.java:122)
  at org.gradle.process.internal.worker.child.SystemApplicationClassLoaderWorker.call(SystemApplicationClassLoaderWorker.java:72)
  at worker.org.gradle.process.internal.worker.GradleWorkerMain.run(GradleWorkerMain.java:69)
  at worker.org.gradle.process.internal.worker.GradleWorkerMain.main(GradleWorkerMain.java:74)
</stacktrace>
</test-failure>


TypeScriptCompilerTests_I[jvm] > inheritanceStaticMembersIncompatible_ts has expected errors matching inheritanceStaticMembersIncompatible_errors_txt[jvm] FAILED

<test-failure test="com.xemantic.typescript.compiler.TypeScriptCompilerTests_I.isolatedModulesShadowGlobalTypeNotValue_ts__isolatedmodules_true_verbatimmodulesyntax_false__has expected errors matching baseline" platform="jvm">
<message>
Expected diagnostics from baseline typescript-repo/tests/baselines/reference/isolatedModulesShadowGlobalTypeNotValue(isolatedmodules=true,verbatimmodulesyntax=false).errors.txt but none produced
</message>
<stacktrace>
  at com.xemantic.typescript.compiler.TypeScriptTestSupportKt.errorsMatchBaseline(TypeScriptTestSupport.kt:125)
  at com.xemantic.typescript.compiler.TypeScriptCompilerTests_I.isolatedModulesShadowGlobalTypeNotValue_ts__isolatedmodules_true_verbatimmodulesyntax_false__has expected errors matching baseline(TypeScriptCompilerTests_I.kt:7028)
  at java.base/jdk.internal.reflect.DirectMethodHandleAccessor.invoke(DirectMethodHandleAccessor.java:104)
  at java.base/java.lang.reflect.Method.invoke(Method.java:565)
  at org.junit.runners.model.FrameworkMethod$1.runReflectiveCall(FrameworkMethod.java:59)
  at org.junit.internal.runners.model.ReflectiveCallable.run(ReflectiveCallable.java:12)
  at org.junit.runners.model.FrameworkMethod.invokeExplosively(FrameworkMethod.java:56)
  at org.junit.internal.runners.statements.InvokeMethod.evaluate(InvokeMethod.java:17)
  at org.junit.runners.ParentRunner$3.evaluate(ParentRunner.java:306)
  at org.junit.runners.BlockJUnit4ClassRunner$1.evaluate(BlockJUnit4ClassRunner.java:100)
  at org.junit.runners.ParentRunner.runLeaf(ParentRunner.java:366)
  at org.junit.runners.BlockJUnit4ClassRunner.runChild(BlockJUnit4ClassRunner.java:103)
  at org.junit.runners.BlockJUnit4ClassRunner.runChild(BlockJUnit4ClassRunner.java:63)
  at org.junit.runners.ParentRunner$4.run(ParentRunner.java:331)
  at org.junit.runners.ParentRunner$1.schedule(ParentRunner.java:79)
  at org.junit.runners.ParentRunner.runChildren(ParentRunner.java:329)
  at org.junit.runners.ParentRunner.access$100(ParentRunner.java:66)
  at org.junit.runners.ParentRunner$2.evaluate(ParentRunner.java:293)
  at org.junit.runners.ParentRunner$3.evaluate(ParentRunner.java:306)
  at org.junit.runners.ParentRunner.run(ParentRunner.java:413)
  at org.junit.runner.JUnitCore.run(JUnitCore.java:137)
  at org.junit.runner.JUnitCore.run(JUnitCore.java:115)
  at org.gradle.api.internal.tasks.testing.junit.JUnitTestExecutor.runRequest(JUnitTestExecutor.java:175)
  at org.gradle.api.internal.tasks.testing.junit.JUnitTestExecutor.accept(JUnitTestExecutor.java:84)
  at org.gradle.api.internal.tasks.testing.junit.JUnitTestExecutor.accept(JUnitTestExecutor.java:47)
  at org.gradle.api.internal.tasks.testing.junit.AbstractJUnitTestDefinitionProcessor.processTestDefinition(AbstractJUnitTestDefinitionProcessor.java:65)
  at org.gradle.api.internal.tasks.testing.SuiteTestDefinitionProcessor.processTestDefinition(SuiteTestDefinitionProcessor.java:54)
  at java.base/jdk.internal.reflect.DirectMethodHandleAccessor.invoke(DirectMethodHandleAccessor.java:104)
  at java.base/java.lang.reflect.Method.invoke(Method.java:565)
  at org.gradle.internal.dispatch.MethodInvocation.invokeOn(MethodInvocation.java:77)
  at org.gradle.internal.dispatch.ReflectionDispatch.dispatch(ReflectionDispatch.java:28)
  at org.gradle.internal.dispatch.ReflectionDispatch.dispatch(ReflectionDispatch.java:19)
  at org.gradle.internal.dispatch.ContextClassLoaderDispatch.dispatch(ContextClassLoaderDispatch.java:33)
  at org.gradle.internal.dispatch.ProxyDispatchAdapter$DispatchingInvocationHandler.invoke(ProxyDispatchAdapter.java:88)
  at jdk.proxy1/jdk.proxy1.$Proxy4.processTestDefinition(Unknown Source)
  at org.gradle.api.internal.tasks.testing.worker.TestWorker$2.run(TestWorker.java:178)
  at org.gradle.api.internal.tasks.testing.worker.TestWorker.executeAndMaintainThreadName(TestWorker.java:126)
  at org.gradle.api.internal.tasks.testing.worker.TestWorker.execute(TestWorker.java:103)
  at org.gradle.api.internal.tasks.testing.worker.TestWorker.execute(TestWorker.java:63)
  at org.gradle.process.internal.worker.child.ActionExecutionWorker.execute(ActionExecutionWorker.java:56)
  at org.gradle.process.internal.worker.child.SystemApplicationClassLoaderWorker.call(SystemApplicationClassLoaderWorker.java:122)
  at org.gradle.process.internal.worker.child.SystemApplicationClassLoaderWorker.call(SystemApplicationClassLoaderWorker.java:72)
  at worker.org.gradle.process.internal.worker.GradleWorkerMain.run(GradleWorkerMain.java:69)
  at worker.org.gradle.process.internal.worker.GradleWorkerMain.main(GradleWorkerMain.java:74)
</stacktrace>
</test-failure>


TypeScriptCompilerTests_I[jvm] > isolatedModulesShadowGlobalTypeNotValue_ts__isolatedmodules_true_verbatimmodulesyntax_false__has expected errors matching baseline[jvm] FAILED

<test-failure test="com.xemantic.typescript.compiler.TypeScriptCompilerTests_I.isolatedModulesSketchyAliasLocalMerge_ts__isolatedmodules_false_verbatimmodulesyntax_true__has expected errors matching baseline" platform="jvm">
<message>
Expected diagnostics from baseline typescript-repo/tests/baselines/reference/isolatedModulesSketchyAliasLocalMerge(isolatedmodules=false,verbatimmodulesyntax=true).errors.txt but none produced
</message>
<stacktrace>
  at com.xemantic.typescript.compiler.TypeScriptTestSupportKt.errorsMatchBaseline(TypeScriptTestSupport.kt:125)
  at com.xemantic.typescript.compiler.TypeScriptCompilerTests_I.isolatedModulesSketchyAliasLocalMerge_ts__isolatedmodules_false_verbatimmodulesyntax_true__has expected errors matching baseline(TypeScriptCompilerTests_I.kt:7042)
  at java.base/jdk.internal.reflect.DirectMethodHandleAccessor.invoke(DirectMethodHandleAccessor.java:104)
  at java.base/java.lang.reflect.Method.invoke(Method.java:565)
  at org.junit.runners.model.FrameworkMethod$1.runReflectiveCall(FrameworkMethod.java:59)
  at org.junit.internal.runners.model.ReflectiveCallable.run(ReflectiveCallable.java:12)
  at org.junit.runners.model.FrameworkMethod.invokeExplosively(FrameworkMethod.java:56)
  at org.junit.internal.runners.statements.InvokeMethod.evaluate(InvokeMethod.java:17)
  at org.junit.runners.ParentRunner$3.evaluate(ParentRunner.java:306)
  at org.junit.runners.BlockJUnit4ClassRunner$1.evaluate(BlockJUnit4ClassRunner.java:100)
  at org.junit.runners.ParentRunner.runLeaf(ParentRunner.java:366)
  at org.junit.runners.BlockJUnit4ClassRunner.runChild(BlockJUnit4ClassRunner.java:103)
  at org.junit.runners.BlockJUnit4ClassRunner.runChild(BlockJUnit4ClassRunner.java:63)
  at org.junit.runners.ParentRunner$4.run(ParentRunner.java:331)
  at org.junit.runners.ParentRunner$1.schedule(ParentRunner.java:79)
  at org.junit.runners.ParentRunner.runChildren(ParentRunner.java:329)
  at org.junit.runners.ParentRunner.access$100(ParentRunner.java:66)
  at org.junit.runners.ParentRunner$2.evaluate(ParentRunner.java:293)
  at org.junit.runners.ParentRunner$3.evaluate(ParentRunner.java:306)
  at org.junit.runners.ParentRunner.run(ParentRunner.java:413)
  at org.junit.runner.JUnitCore.run(JUnitCore.java:137)
  at org.junit.runner.JUnitCore.run(JUnitCore.java:115)
  at org.gradle.api.internal.tasks.testing.junit.JUnitTestExecutor.runRequest(JUnitTestExecutor.java:175)
  at org.gradle.api.internal.tasks.testing.junit.JUnitTestExecutor.accept(JUnitTestExecutor.java:84)
  at org.gradle.api.internal.tasks.testing.junit.JUnitTestExecutor.accept(JUnitTestExecutor.java:47)
  at org.gradle.api.internal.tasks.testing.junit.AbstractJUnitTestDefinitionProcessor.processTestDefinition(AbstractJUnitTestDefinitionProcessor.java:65)
  at org.gradle.api.internal.tasks.testing.SuiteTestDefinitionProcessor.processTestDefinition(SuiteTestDefinitionProcessor.java:54)
  at java.base/jdk.internal.reflect.DirectMethodHandleAccessor.invoke(DirectMethodHandleAccessor.java:104)
  at java.base/java.lang.reflect.Method.invoke(Method.java:565)
  at org.gradle.internal.dispatch.MethodInvocation.invokeOn(MethodInvocation.java:77)
  at org.gradle.internal.dispatch.ReflectionDispatch.dispatch(ReflectionDispatch.java:28)
  at org.gradle.internal.dispatch.ReflectionDispatch.dispatch(ReflectionDispatch.java:19)
  at org.gradle.internal.dispatch.ContextClassLoaderDispatch.dispatch(ContextClassLoaderDispatch.java:33)
  at org.gradle.internal.dispatch.ProxyDispatchAdapter$DispatchingInvocationHandler.invoke(ProxyDispatchAdapter.java:88)
  at jdk.proxy1/jdk.proxy1.$Proxy4.processTestDefinition(Unknown Source)
  at org.gradle.api.internal.tasks.testing.worker.TestWorker$2.run(TestWorker.java:178)
  at org.gradle.api.internal.tasks.testing.worker.TestWorker.executeAndMaintainThreadName(TestWorker.java:126)
  at org.gradle.api.internal.tasks.testing.worker.TestWorker.execute(TestWorker.java:103)
  at org.gradle.api.internal.tasks.testing.worker.TestWorker.execute(TestWorker.java:63)
  at org.gradle.process.internal.worker.child.ActionExecutionWorker.execute(ActionExecutionWorker.java:56)
  at org.gradle.process.internal.worker.child.SystemApplicationClassLoaderWorker.call(SystemApplicationClassLoaderWorker.java:122)
  at org.gradle.process.internal.worker.child.SystemApplicationClassLoaderWorker.call(SystemApplicationClassLoaderWorker.java:72)
  at worker.org.gradle.process.internal.worker.GradleWorkerMain.run(GradleWorkerMain.java:69)
  at worker.org.gradle.process.internal.worker.GradleWorkerMain.main(GradleWorkerMain.java:74)
</stacktrace>
</test-failure>


TypeScriptCompilerTests_I[jvm] > isolatedModulesSketchyAliasLocalMerge_ts__isolatedmodules_false_verbatimmodulesyntax_true__has expected errors matching baseline[jvm] FAILED

<test-failure test="com.xemantic.typescript.compiler.TypeScriptCompilerTests_I.incompatibleAssignmentOfIdenticallyNamedTypes_ts has expected errors matching incompatibleAssignmentOfIdenticallyNamedTypes_errors_txt" platform="jvm">
<message>
--- expected
+++ actual
@@ -1,9 +1,7 @@
 incompatibleAssignmentOfIdenticallyNamedTypes.ts(4,5): error TS2564: Property 'x' has no initializer and is not definitely assigned in the constructor.
-incompatibleAssignmentOfIdenticallyNamedTypes.ts(6,9): error TS2719: Type 'T' is not assignable to type 'T'. Two different types with this name exist, but they are unrelated.
-  'T' could be instantiated with an arbitrary type which could be unrelated to 'T'.
 
 
-==== incompatibleAssignmentOfIdenticallyNamedTypes.ts (2 errors) ====
+==== incompatibleAssignmentOfIdenticallyNamedTypes.ts (1 errors) ====
     interface T { }
     declare const a: T;
     class Foo<T> {
@@ -12,8 +10,5 @@
 !!! error TS2564: Property 'x' has no initializer and is not definitely assigned in the constructor.
         fn() {
             this.x = a;
-            ~~~~~~
-!!! error TS2719: Type 'T' is not assignable to type 'T'. Two different types with this name exist, but they are unrelated.
-!!! error TS2719:   'T' could be instantiated with an arbitrary type which could be unrelated to 'T'.
         }
     }

</message>
<stacktrace>
  at org.junit.Assert.fail(Assert.java:89)
  at kotlin.test.junit.JUnitAsserter.fail(JUnitSupport.kt:56)
  at kotlin.test.AssertionsKt__AssertionsKt.fail(Assertions.kt:563)
  at kotlin.test.AssertionsKt.fail(Unknown Source)
  at com.xemantic.kotlin.test.SameAsKt.sameAs(SameAs.kt:52)
  at com.xemantic.typescript.compiler.TypeScriptTestSupportKt.errorsMatchBaseline(TypeScriptTestSupport.kt:135)
  at com.xemantic.typescript.compiler.TypeScriptCompilerTests_I.incompatibleAssignmentOfIdenticallyNamedTypes_ts has expected errors matching incompatibleAssignmentOfIdenticallyNamedTypes_errors_txt(TypeScriptCompilerTests_I.kt:2345)
  at java.base/jdk.internal.reflect.DirectMethodHandleAccessor.invoke(DirectMethodHandleAccessor.java:104)
  at java.base/java.lang.reflect.Method.invoke(Method.java:565)
  at org.junit.runners.model.FrameworkMethod$1.runReflectiveCall(FrameworkMethod.java:59)
  at org.junit.internal.runners.model.ReflectiveCallable.run(ReflectiveCallable.java:12)
  at org.junit.runners.model.FrameworkMethod.invokeExplosively(FrameworkMethod.java:56)
  at org.junit.internal.runners.statements.InvokeMethod.evaluate(InvokeMethod.java:17)
  at org.junit.runners.ParentRunner$3.evaluate(ParentRunner.java:306)
  at org.junit.runners.BlockJUnit4ClassRunner$1.evaluate(BlockJUnit4ClassRunner.java:100)
  at org.junit.runners.ParentRunner.runLeaf(ParentRunner.java:366)
  at org.junit.runners.BlockJUnit4ClassRunner.runChild(BlockJUnit4ClassRunner.java:103)
  at org.junit.runners.BlockJUnit4ClassRunner.runChild(BlockJUnit4ClassRunner.java:63)
  at org.junit.runners.ParentRunner$4.run(ParentRunner.java:331)
  at org.junit.runners.ParentRunner$1.schedule(ParentRunner.java:79)
  at org.junit.runners.ParentRunner.runChildren(ParentRunner.java:329)
  at org.junit.runners.ParentRunner.access$100(ParentRunner.java:66)
  at org.junit.runners.ParentRunner$2.evaluate(ParentRunner.java:293)
  at org.junit.runners.ParentRunner$3.evaluate(ParentRunner.java:306)
  at org.junit.runners.ParentRunner.run(ParentRunner.java:413)
  at org.junit.runner.JUnitCore.run(JUnitCore.java:137)
  at org.junit.runner.JUnitCore.run(JUnitCore.java:115)
  at org.gradle.api.internal.tasks.testing.junit.JUnitTestExecutor.runRequest(JUnitTestExecutor.java:175)
  at org.gradle.api.internal.tasks.testing.junit.JUnitTestExecutor.accept(JUnitTestExecutor.java:84)
  at org.gradle.api.internal.tasks.testing.junit.JUnitTestExecutor.accept(JUnitTestExecutor.java:47)
  at org.gradle.api.internal.tasks.testing.junit.AbstractJUnitTestDefinitionProcessor.processTestDefinition(AbstractJUnitTestDefinitionProcessor.java:65)
  at org.gradle.api.internal.tasks.testing.SuiteTestDefinitionProcessor.processTestDefinition(SuiteTestDefinitionProcessor.java:54)
  at java.base/jdk.internal.reflect.DirectMethodHandleAccessor.invoke(DirectMethodHandleAccessor.java:104)
  at java.base/java.lang.reflect.Method.invoke(Method.java:565)
  at org.gradle.internal.dispatch.MethodInvocation.invokeOn(MethodInvocation.java:77)
  at org.gradle.internal.dispatch.ReflectionDispatch.dispatch(ReflectionDispatch.java:28)
  at org.gradle.internal.dispatch.ReflectionDispatch.dispatch(ReflectionDispatch.java:19)
  at org.gradle.internal.dispatch.ContextClassLoaderDispatch.dispatch(ContextClassLoaderDispatch.java:33)
  at org.gradle.internal.dispatch.ProxyDispatchAdapter$DispatchingInvocationHandler.invoke(ProxyDispatchAdapter.java:88)
  at jdk.proxy1/jdk.proxy1.$Proxy4.processTestDefinition(Unknown Source)
  at org.gradle.api.internal.tasks.testing.worker.TestWorker$2.run(TestWorker.java:178)
  at org.gradle.api.internal.tasks.testing.worker.TestWorker.executeAndMaintainThreadName(TestWorker.java:126)
  at org.gradle.api.internal.tasks.testing.worker.TestWorker.execute(TestWorker.java:103)
  at org.gradle.api.internal.tasks.testing.worker.TestWorker.execute(TestWorker.java:63)
  at org.gradle.process.internal.worker.child.ActionExecutionWorker.execute(ActionExecutionWorker.java:56)
  at org.gradle.process.internal.worker.child.SystemApplicationClassLoaderWorker.call(SystemApplicationClassLoaderWorker.java:122)
  at org.gradle.process.internal.worker.child.SystemApplicationClassLoaderWorker.call(SystemApplicationClassLoaderWorker.java:72)
  at worker.org.gradle.process.internal.worker.GradleWorkerMain.run(GradleWorkerMain.java:69)
  at worker.org.gradle.process.internal.worker.GradleWorkerMain.main(GradleWorkerMain.java:74)
</stacktrace>
</test-failure>


TypeScriptCompilerTests_I[jvm] > incompatibleAssignmentOfIdenticallyNamedTypes_ts has expected errors matching incompatibleAssignmentOfIdenticallyNamedTypes_errors_txt[jvm] FAILED

<test-failure test="com.xemantic.typescript.compiler.TypeScriptCompilerTests_I.incrementOnTypeParameter_ts has expected errors matching incrementOnTypeParameter_errors_txt" platform="jvm">
<message>
Expected diagnostics from baseline typescript-repo/tests/baselines/reference/incrementOnTypeParameter.errors.txt but none produced
</message>
<stacktrace>
  at com.xemantic.typescript.compiler.TypeScriptTestSupportKt.errorsMatchBaseline(TypeScriptTestSupport.kt:125)
  at com.xemantic.typescript.compiler.TypeScriptCompilerTests_I.incrementOnTypeParameter_ts has expected errors matching incrementOnTypeParameter_errors_txt(TypeScriptCompilerTests_I.kt:2492)
  at java.base/jdk.internal.reflect.DirectMethodHandleAccessor.invoke(DirectMethodHandleAccessor.java:104)
  at java.base/java.lang.reflect.Method.invoke(Method.java:565)
  at org.junit.runners.model.FrameworkMethod$1.runReflectiveCall(FrameworkMethod.java:59)
  at org.junit.internal.runners.model.ReflectiveCallable.run(ReflectiveCallable.java:12)
  at org.junit.runners.model.FrameworkMethod.invokeExplosively(FrameworkMethod.java:56)
  at org.junit.internal.runners.statements.InvokeMethod.evaluate(InvokeMethod.java:17)
  at org.junit.runners.ParentRunner$3.evaluate(ParentRunner.java:306)
  at org.junit.runners.BlockJUnit4ClassRunner$1.evaluate(BlockJUnit4ClassRunner.java:100)
  at org.junit.runners.ParentRunner.runLeaf(ParentRunner.java:366)
  at org.junit.runners.BlockJUnit4ClassRunner.runChild(BlockJUnit4ClassRunner.java:103)
  at org.junit.runners.BlockJUnit4ClassRunner.runChild(BlockJUnit4ClassRunner.java:63)
  at org.junit.runners.ParentRunner$4.run(ParentRunner.java:331)
  at org.junit.runners.ParentRunner$1.schedule(ParentRunner.java:79)
  at org.junit.runners.ParentRunner.runChildren(ParentRunner.java:329)
  at org.junit.runners.ParentRunner.access$100(ParentRunner.java:66)
  at org.junit.runners.ParentRunner$2.evaluate(ParentRunner.java:293)
  at org.junit.runners.ParentRunner$3.evaluate(ParentRunner.java:306)
  at org.junit.runners.ParentRunner.run(ParentRunner.java:413)
  at org.junit.runner.JUnitCore.run(JUnitCore.java:137)
  at org.junit.runner.JUnitCore.run(JUnitCore.java:115)
  at org.gradle.api.internal.tasks.testing.junit.JUnitTestExecutor.runRequest(JUnitTestExecutor.java:175)
  at org.gradle.api.internal.tasks.testing.junit.JUnitTestExecutor.accept(JUnitTestExecutor.java:84)
  at org.gradle.api.internal.tasks.testing.junit.JUnitTestExecutor.accept(JUnitTestExecutor.java:47)
  at org.gradle.api.internal.tasks.testing.junit.AbstractJUnitTestDefinitionProcessor.processTestDefinition(AbstractJUnitTestDefinitionProcessor.java:65)
  at org.gradle.api.internal.tasks.testing.SuiteTestDefinitionProcessor.processTestDefinition(SuiteTestDefinitionProcessor.java:54)
  at java.base/jdk.internal.reflect.DirectMethodHandleAccessor.invoke(DirectMethodHandleAccessor.java:104)
  at java.base/java.lang.reflect.Method.invoke(Method.java:565)
  at org.gradle.internal.dispatch.MethodInvocation.invokeOn(MethodInvocation.java:77)
  at org.gradle.internal.dispatch.ReflectionDispatch.dispatch(ReflectionDispatch.java:28)
  at org.gradle.internal.dispatch.ReflectionDispatch.dispatch(ReflectionDispatch.java:19)
  at org.gradle.internal.dispatch.ContextClassLoaderDispatch.dispatch(ContextClassLoaderDispatch.java:33)
  at org.gradle.internal.dispatch.ProxyDispatchAdapter$DispatchingInvocationHandler.invoke(ProxyDispatchAdapter.java:88)
  at jdk.proxy1/jdk.proxy1.$Proxy4.processTestDefinition(Unknown Source)
  at org.gradle.api.internal.tasks.testing.worker.TestWorker$2.run(TestWorker.java:178)
  at org.gradle.api.internal.tasks.testing.worker.TestWorker.executeAndMaintainThreadName(TestWorker.java:126)
  at org.gradle.api.internal.tasks.testing.worker.TestWorker.execute(TestWorker.java:103)
  at org.gradle.api.internal.tasks.testing.worker.TestWorker.execute(TestWorker.java:63)
  at org.gradle.process.internal.worker.child.ActionExecutionWorker.execute(ActionExecutionWorker.java:56)
  at org.gradle.process.internal.worker.child.SystemApplicationClassLoaderWorker.call(SystemApplicationClassLoaderWorker.java:122)
  at org.gradle.process.internal.worker.child.SystemApplicationClassLoaderWorker.call(SystemApplicationClassLoaderWorker.java:72)
  at worker.org.gradle.process.internal.worker.GradleWorkerMain.run(GradleWorkerMain.java:69)
  at worker.org.gradle.process.internal.worker.GradleWorkerMain.main(GradleWorkerMain.java:74)
</stacktrace>
</test-failure>


TypeScriptCompilerTests_I[jvm] > incrementOnTypeParameter_ts has expected errors matching incrementOnTypeParameter_errors_txt[jvm] FAILED

<test-failure test="com.xemantic.typescript.compiler.TypeScriptCompilerTests_I.infiniteConstraints_ts has expected errors matching infiniteConstraints_errors_txt" platform="jvm">
<message>
Expected diagnostics from baseline typescript-repo/tests/baselines/reference/infiniteConstraints.errors.txt but none produced
</message>
<stacktrace>
  at com.xemantic.typescript.compiler.TypeScriptTestSupportKt.errorsMatchBaseline(TypeScriptTestSupport.kt:125)
  at com.xemantic.typescript.compiler.TypeScriptCompilerTests_I.infiniteConstraints_ts has expected errors matching infiniteConstraints_errors_txt(TypeScriptCompilerTests_I.kt:3703)
  at java.base/jdk.internal.reflect.DirectMethodHandleAccessor.invoke(DirectMethodHandleAccessor.java:104)
  at java.base/java.lang.reflect.Method.invoke(Method.java:565)
  at org.junit.runners.model.FrameworkMethod$1.runReflectiveCall(FrameworkMethod.java:59)
  at org.junit.internal.runners.model.ReflectiveCallable.run(ReflectiveCallable.java:12)
  at org.junit.runners.model.FrameworkMethod.invokeExplosively(FrameworkMethod.java:56)
  at org.junit.internal.runners.statements.InvokeMethod.evaluate(InvokeMethod.java:17)
  at org.junit.runners.ParentRunner$3.evaluate(ParentRunner.java:306)
  at org.junit.runners.BlockJUnit4ClassRunner$1.evaluate(BlockJUnit4ClassRunner.java:100)
  at org.junit.runners.ParentRunner.runLeaf(ParentRunner.java:366)
  at org.junit.runners.BlockJUnit4ClassRunner.runChild(BlockJUnit4ClassRunner.java:103)
  at org.junit.runners.BlockJUnit4ClassRunner.runChild(BlockJUnit4ClassRunner.java:63)
  at org.junit.runners.ParentRunner$4.run(ParentRunner.java:331)
  at org.junit.runners.ParentRunner$1.schedule(ParentRunner.java:79)
  at org.junit.runners.ParentRunner.runChildren(ParentRunner.java:329)
  at org.junit.runners.ParentRunner.access$100(ParentRunner.java:66)
  at org.junit.runners.ParentRunner$2.evaluate(ParentRunner.java:293)
  at org.junit.runners.ParentRunner$3.evaluate(ParentRunner.java:306)
  at org.junit.runners.ParentRunner.run(ParentRunner.java:413)
  at org.junit.runner.JUnitCore.run(JUnitCore.java:137)
  at org.junit.runner.JUnitCore.run(JUnitCore.java:115)
  at org.gradle.api.internal.tasks.testing.junit.JUnitTestExecutor.runRequest(JUnitTestExecutor.java:175)
  at org.gradle.api.internal.tasks.testing.junit.JUnitTestExecutor.accept(JUnitTestExecutor.java:84)
  at org.gradle.api.internal.tasks.testing.junit.JUnitTestExecutor.accept(JUnitTestExecutor.java:47)
  at org.gradle.api.internal.tasks.testing.junit.AbstractJUnitTestDefinitionProcessor.processTestDefinition(AbstractJUnitTestDefinitionProcessor.java:65)
  at org.gradle.api.internal.tasks.testing.SuiteTestDefinitionProcessor.processTestDefinition(SuiteTestDefinitionProcessor.java:54)
  at java.base/jdk.internal.reflect.DirectMethodHandleAccessor.invoke(DirectMethodHandleAccessor.java:104)
  at java.base/java.lang.reflect.Method.invoke(Method.java:565)
  at org.gradle.internal.dispatch.MethodInvocation.invokeOn(MethodInvocation.java:77)
  at org.gradle.internal.dispatch.ReflectionDispatch.dispatch(ReflectionDispatch.java:28)
  at org.gradle.internal.dispatch.ReflectionDispatch.dispatch(ReflectionDispatch.java:19)
  at org.gradle.internal.dispatch.ContextClassLoaderDispatch.dispatch(ContextClassLoaderDispatch.java:33)
  at org.gradle.internal.dispatch.ProxyDispatchAdapter$DispatchingInvocationHandler.invoke(ProxyDispatchAdapter.java:88)
  at jdk.proxy1/jdk.proxy1.$Proxy4.processTestDefinition(Unknown Source)
  at org.gradle.api.internal.tasks.testing.worker.TestWorker$2.run(TestWorker.java:178)
  at org.gradle.api.internal.tasks.testing.worker.TestWorker.executeAndMaintainThreadName(TestWorker.java:126)
  at org.gradle.api.internal.tasks.testing.worker.TestWorker.execute(TestWorker.java:103)
  at org.gradle.api.internal.tasks.testing.worker.TestWorker.execute(TestWorker.java:63)
  at org.gradle.process.internal.worker.child.ActionExecutionWorker.execute(ActionExecutionWorker.java:56)
  at org.gradle.process.internal.worker.child.SystemApplicationClassLoaderWorker.call(SystemApplicationClassLoaderWorker.java:122)
  at org.gradle.process.internal.worker.child.SystemApplicationClassLoaderWorker.call(SystemApplicationClassLoaderWorker.java:72)
  at worker.org.gradle.process.internal.worker.GradleWorkerMain.run(GradleWorkerMain.java:69)
  at worker.org.gradle.process.internal.worker.GradleWorkerMain.main(GradleWorkerMain.java:74)
</stacktrace>
</test-failure>


TypeScriptCompilerTests_I[jvm] > infiniteConstraints_ts has expected errors matching infiniteConstraints_errors_txt[jvm] FAILED

<test-failure test="com.xemantic.typescript.compiler.TypeScriptCompilerTests_I.inheritanceStaticPropertyOverridingMethod_ts has expected errors matching inheritanceStaticPropertyOverridingMethod_errors_txt" platform="jvm">
<message>
Expected diagnostics from baseline typescript-repo/tests/baselines/reference/inheritanceStaticPropertyOverridingMethod.errors.txt but none produced
</message>
<stacktrace>
  at com.xemantic.typescript.compiler.TypeScriptTestSupportKt.errorsMatchBaseline(TypeScriptTestSupport.kt:125)
  at com.xemantic.typescript.compiler.TypeScriptCompilerTests_I.inheritanceStaticPropertyOverridingMethod_ts has expected errors matching inheritanceStaticPropertyOverridingMethod_errors_txt(TypeScriptCompilerTests_I.kt:4228)
  at java.base/jdk.internal.reflect.DirectMethodHandleAccessor.invoke(DirectMethodHandleAccessor.java:104)
  at java.base/java.lang.reflect.Method.invoke(Method.java:565)
  at org.junit.runners.model.FrameworkMethod$1.runReflectiveCall(FrameworkMethod.java:59)
  at org.junit.internal.runners.model.ReflectiveCallable.run(ReflectiveCallable.java:12)
  at org.junit.runners.model.FrameworkMethod.invokeExplosively(FrameworkMethod.java:56)
  at org.junit.internal.runners.statements.InvokeMethod.evaluate(InvokeMethod.java:17)
  at org.junit.runners.ParentRunner$3.evaluate(ParentRunner.java:306)
  at org.junit.runners.BlockJUnit4ClassRunner$1.evaluate(BlockJUnit4ClassRunner.java:100)
  at org.junit.runners.ParentRunner.runLeaf(ParentRunner.java:366)
  at org.junit.runners.BlockJUnit4ClassRunner.runChild(BlockJUnit4ClassRunner.java:103)
  at org.junit.runners.BlockJUnit4ClassRunner.runChild(BlockJUnit4ClassRunner.java:63)
  at org.junit.runners.ParentRunner$4.run(ParentRunner.java:331)
  at org.junit.runners.ParentRunner$1.schedule(ParentRunner.java:79)
  at org.junit.runners.ParentRunner.runChildren(ParentRunner.java:329)
  at org.junit.runners.ParentRunner.access$100(ParentRunner.java:66)
  at org.junit.runners.ParentRunner$2.evaluate(ParentRunner.java:293)
  at org.junit.runners.ParentRunner$3.evaluate(ParentRunner.java:306)
  at org.junit.runners.ParentRunner.run(ParentRunner.java:413)
  at org.junit.runner.JUnitCore.run(JUnitCore.java:137)
  at org.junit.runner.JUnitCore.run(JUnitCore.java:115)
  at org.gradle.api.internal.tasks.testing.junit.JUnitTestExecutor.runRequest(JUnitTestExecutor.java:175)
  at org.gradle.api.internal.tasks.testing.junit.JUnitTestExecutor.accept(JUnitTestExecutor.java:84)
  at org.gradle.api.internal.tasks.testing.junit.JUnitTestExecutor.accept(JUnitTestExecutor.java:47)
  at org.gradle.api.internal.tasks.testing.junit.AbstractJUnitTestDefinitionProcessor.processTestDefinition(AbstractJUnitTestDefinitionProcessor.java:65)
  at org.gradle.api.internal.tasks.testing.SuiteTestDefinitionProcessor.processTestDefinition(SuiteTestDefinitionProcessor.java:54)
  at java.base/jdk.internal.reflect.DirectMethodHandleAccessor.invoke(DirectMethodHandleAccessor.java:104)
  at java.base/java.lang.reflect.Method.invoke(Method.java:565)
  at org.gradle.internal.dispatch.MethodInvocation.invokeOn(MethodInvocation.java:77)
  at org.gradle.internal.dispatch.ReflectionDispatch.dispatch(ReflectionDispatch.java:28)
  at org.gradle.internal.dispatch.ReflectionDispatch.dispatch(ReflectionDispatch.java:19)
  at org.gradle.internal.dispatch.ContextClassLoaderDispatch.dispatch(ContextClassLoaderDispatch.java:33)
  at org.gradle.internal.dispatch.ProxyDispatchAdapter$DispatchingInvocationHandler.invoke(ProxyDispatchAdapter.java:88)
  at jdk.proxy1/jdk.proxy1.$Proxy4.processTestDefinition(Unknown Source)
  at org.gradle.api.internal.tasks.testing.worker.TestWorker$2.run(TestWorker.java:178)
  at org.gradle.api.internal.tasks.testing.worker.TestWorker.executeAndMaintainThreadName(TestWorker.java:126)
  at org.gradle.api.internal.tasks.testing.worker.TestWorker.execute(TestWorker.java:103)
  at org.gradle.api.internal.tasks.testing.worker.TestWorker.execute(TestWorker.java:63)
  at org.gradle.process.internal.worker.child.ActionExecutionWorker.execute(ActionExecutionWorker.java:56)
  at org.gradle.process.internal.worker.child.SystemApplicationClassLoaderWorker.call(SystemApplicationClassLoaderWorker.java:122)
  at org.gradle.process.internal.worker.child.SystemApplicationClassLoaderWorker.call(SystemApplicationClassLoaderWorker.java:72)
  at worker.org.gradle.process.internal.worker.GradleWorkerMain.run(GradleWorkerMain.java:69)
  at worker.org.gradle.process.internal.worker.GradleWorkerMain.main(GradleWorkerMain.java:74)
</stacktrace>
</test-failure>


TypeScriptCompilerTests_I[jvm] > inheritanceStaticPropertyOverridingMethod_ts has expected errors matching inheritanceStaticPropertyOverridingMethod_errors_txt[jvm] FAILED

<test-failure test="com.xemantic.typescript.compiler.TypeScriptCompilerTests_I.intraBindingPatternReferences_ts has expected errors matching intraBindingPatternReferences_errors_txt" platform="jvm">
<message>
--- expected
+++ actual
@@ -1,7 +1,8 @@
+intraBindingPatternReferences.ts(18,54): error TS7006: Parameter 'x' implicitly has an 'any' type.
 intraBindingPatternReferences.ts(18,71): error TS7006: Parameter 'x' implicitly has an 'any' type.
 
 
-==== intraBindingPatternReferences.ts (1 errors) ====
+==== intraBindingPatternReferences.ts (2 errors) ====
     // https://github.com/microsoft/TypeScript/issues/59177
     
     function foo() { return a }
@@ -20,5 +21,7 @@
     // The contextual type for the second lambda in the object literal is 'any' because of the
     // intra-binding-pattern reference in the initializer for fn2
     const { fn1 = (x: number) => 0, fn2 = fn1 } = { fn1: x => x + 1, fn2: x => x + 2 };
+                                                         ~
+!!! error TS7006: Parameter 'x' implicitly has an 'any' type.
                                                                           ~
 !!! error TS7006: Parameter 'x' implicitly has an 'any' type.

</message>
<stacktrace>
  at org.junit.Assert.fail(Assert.java:89)
  at kotlin.test.junit.JUnitAsserter.fail(JUnitSupport.kt:56)
  at kotlin.test.AssertionsKt__AssertionsKt.fail(Assertions.kt:563)
  at kotlin.test.AssertionsKt.fail(Unknown Source)
  at com.xemantic.kotlin.test.SameAsKt.sameAs(SameAs.kt:52)
  at com.xemantic.typescript.compiler.TypeScriptTestSupportKt.errorsMatchBaseline(TypeScriptTestSupport.kt:135)
  at com.xemantic.typescript.compiler.TypeScriptCompilerTests_I.intraBindingPatternReferences_ts has expected errors matching intraBindingPatternReferences_errors_txt(TypeScriptCompilerTests_I.kt:6104)
  at java.base/jdk.internal.reflect.DirectMethodHandleAccessor.invoke(DirectMethodHandleAccessor.java:104)
  at java.base/java.lang.reflect.Method.invoke(Method.java:565)
  at org.junit.runners.model.FrameworkMethod$1.runReflectiveCall(FrameworkMethod.java:59)
  at org.junit.internal.runners.model.ReflectiveCallable.run(ReflectiveCallable.java:12)
  at org.junit.runners.model.FrameworkMethod.invokeExplosively(FrameworkMethod.java:56)
  at org.junit.internal.runners.statements.InvokeMethod.evaluate(InvokeMethod.java:17)
  at org.junit.runners.ParentRunner$3.evaluate(ParentRunner.java:306)
  at org.junit.runners.BlockJUnit4ClassRunner$1.evaluate(BlockJUnit4ClassRunner.java:100)
  at org.junit.runners.ParentRunner.runLeaf(ParentRunner.java:366)
  at org.junit.runners.BlockJUnit4ClassRunner.runChild(BlockJUnit4ClassRunner.java:103)
  at org.junit.runners.BlockJUnit4ClassRunner.runChild(BlockJUnit4ClassRunner.java:63)
  at org.junit.runners.ParentRunner$4.run(ParentRunner.java:331)
  at org.junit.runners.ParentRunner$1.schedule(ParentRunner.java:79)
  at org.junit.runners.ParentRunner.runChildren(ParentRunner.java:329)
  at org.junit.runners.ParentRunner.access$100(ParentRunner.java:66)
  at org.junit.runners.ParentRunner$2.evaluate(ParentRunner.java:293)
  at org.junit.runners.ParentRunner$3.evaluate(ParentRunner.java:306)
  at org.junit.runners.ParentRunner.run(ParentRunner.java:413)
  at org.junit.runner.JUnitCore.run(JUnitCore.java:137)
  at org.junit.runner.JUnitCore.run(JUnitCore.java:115)
  at org.gradle.api.internal.tasks.testing.junit.JUnitTestExecutor.runRequest(JUnitTestExecutor.java:175)
  at org.gradle.api.internal.tasks.testing.junit.JUnitTestExecutor.accept(JUnitTestExecutor.java:84)
  at org.gradle.api.internal.tasks.testing.junit.JUnitTestExecutor.accept(JUnitTestExecutor.java:47)
  at org.gradle.api.internal.tasks.testing.junit.AbstractJUnitTestDefinitionProcessor.processTestDefinition(AbstractJUnitTestDefinitionProcessor.java:65)
  at org.gradle.api.internal.tasks.testing.SuiteTestDefinitionProcessor.processTestDefinition(SuiteTestDefinitionProcessor.java:54)
  at java.base/jdk.internal.reflect.DirectMethodHandleAccessor.invoke(DirectMethodHandleAccessor.java:104)
  at java.base/java.lang.reflect.Method.invoke(Method.java:565)
  at org.gradle.internal.dispatch.MethodInvocation.invokeOn(MethodInvocation.java:77)
  at org.gradle.internal.dispatch.ReflectionDispatch.dispatch(ReflectionDispatch.java:28)
  at org.gradle.internal.dispatch.ReflectionDispatch.dispatch(ReflectionDispatch.java:19)
  at org.gradle.internal.dispatch.ContextClassLoaderDispatch.dispatch(ContextClassLoaderDispatch.java:33)
  at org.gradle.internal.dispatch.ProxyDispatchAdapter$DispatchingInvocationHandler.invoke(ProxyDispatchAdapter.java:88)
  at jdk.proxy1/jdk.proxy1.$Proxy4.processTestDefinition(Unknown Source)
  at org.gradle.api.internal.tasks.testing.worker.TestWorker$2.run(TestWorker.java:178)
  at org.gradle.api.internal.tasks.testing.worker.TestWorker.executeAndMaintainThreadName(TestWorker.java:126)
  at org.gradle.api.internal.tasks.testing.worker.TestWorker.execute(TestWorker.java:103)
  at org.gradle.api.internal.tasks.testing.worker.TestWorker.execute(TestWorker.java:63)
  at org.gradle.process.internal.worker.child.ActionExecutionWorker.execute(ActionExecutionWorker.java:56)
  at org.gradle.process.internal.worker.child.SystemApplicationClassLoaderWorker.call(SystemApplicationClassLoaderWorker.java:122)
  at org.gradle.process.internal.worker.child.SystemApplicationClassLoaderWorker.call(SystemApplicationClassLoaderWorker.java:72)
  at worker.org.gradle.process.internal.worker.GradleWorkerMain.run(GradleWorkerMain.java:69)
  at worker.org.gradle.process.internal.worker.GradleWorkerMain.main(GradleWorkerMain.java:74)
</stacktrace>
</test-failure>


TypeScriptCompilerTests_I[jvm] > intraBindingPatternReferences_ts has expected errors matching intraBindingPatternReferences_errors_txt[jvm] FAILED

<test-failure test="com.xemantic.typescript.compiler.TypeScriptCompilerTests_I.invalidOptionalChainFromNewExpression_ts has expected errors matching invalidOptionalChainFromNewExpression_errors_txt" platform="jvm">
<message>
Expected diagnostics from baseline typescript-repo/tests/baselines/reference/invalidOptionalChainFromNewExpression.errors.txt but none produced
</message>
<stacktrace>
  at com.xemantic.typescript.compiler.TypeScriptTestSupportKt.errorsMatchBaseline(TypeScriptTestSupport.kt:125)
  at com.xemantic.typescript.compiler.TypeScriptCompilerTests_I.invalidOptionalChainFromNewExpression_ts has expected errors matching invalidOptionalChainFromNewExpression_errors_txt(TypeScriptCompilerTests_I.kt:6188)
  at java.base/jdk.internal.reflect.DirectMethodHandleAccessor.invoke(DirectMethodHandleAccessor.java:104)
  at java.base/java.lang.reflect.Method.invoke(Method.java:565)
  at org.junit.runners.model.FrameworkMethod$1.runReflectiveCall(FrameworkMethod.java:59)
  at org.junit.internal.runners.model.ReflectiveCallable.run(ReflectiveCallable.java:12)
  at org.junit.runners.model.FrameworkMethod.invokeExplosively(FrameworkMethod.java:56)
  at org.junit.internal.runners.statements.InvokeMethod.evaluate(InvokeMethod.java:17)
  at org.junit.runners.ParentRunner$3.evaluate(ParentRunner.java:306)
  at org.junit.runners.BlockJUnit4ClassRunner$1.evaluate(BlockJUnit4ClassRunner.java:100)
  at org.junit.runners.ParentRunner.runLeaf(ParentRunner.java:366)
  at org.junit.runners.BlockJUnit4ClassRunner.runChild(BlockJUnit4ClassRunner.java:103)
  at org.junit.runners.BlockJUnit4ClassRunner.runChild(BlockJUnit4ClassRunner.java:63)
  at org.junit.runners.ParentRunner$4.run(ParentRunner.java:331)
  at org.junit.runners.ParentRunner$1.schedule(ParentRunner.java:79)
  at org.junit.runners.ParentRunner.runChildren(ParentRunner.java:329)
  at org.junit.runners.ParentRunner.access$100(ParentRunner.java:66)
  at org.junit.runners.ParentRunner$2.evaluate(ParentRunner.java:293)
  at org.junit.runners.ParentRunner$3.evaluate(ParentRunner.java:306)
  at org.junit.runners.ParentRunner.run(ParentRunner.java:413)
  at org.junit.runner.JUnitCore.run(JUnitCore.java:137)
  at org.junit.runner.JUnitCore.run(JUnitCore.java:115)
  at org.gradle.api.internal.tasks.testing.junit.JUnitTestExecutor.runRequest(JUnitTestExecutor.java:175)
  at org.gradle.api.internal.tasks.testing.junit.JUnitTestExecutor.accept(JUnitTestExecutor.java:84)
  at org.gradle.api.internal.tasks.testing.junit.JUnitTestExecutor.accept(JUnitTestExecutor.java:47)
  at org.gradle.api.internal.tasks.testing.junit.AbstractJUnitTestDefinitionProcessor.processTestDefinition(AbstractJUnitTestDefinitionProcessor.java:65)
  at org.gradle.api.internal.tasks.testing.SuiteTestDefinitionProcessor.processTestDefinition(SuiteTestDefinitionProcessor.java:54)
  at java.base/jdk.internal.reflect.DirectMethodHandleAccessor.invoke(DirectMethodHandleAccessor.java:104)
  at java.base/java.lang.reflect.Method.invoke(Method.java:565)
  at org.gradle.internal.dispatch.MethodInvocation.invokeOn(MethodInvocation.java:77)
  at org.gradle.internal.dispatch.ReflectionDispatch.dispatch(ReflectionDispatch.java:28)
  at org.gradle.internal.dispatch.ReflectionDispatch.dispatch(ReflectionDispatch.java:19)
  at org.gradle.internal.dispatch.ContextClassLoaderDispatch.dispatch(ContextClassLoaderDispatch.java:33)
  at org.gradle.internal.dispatch.ProxyDispatchAdapter$DispatchingInvocationHandler.invoke(ProxyDispatchAdapter.java:88)
  at jdk.proxy1/jdk.proxy1.$Proxy4.processTestDefinition(Unknown Source)
  at org.gradle.api.internal.tasks.testing.worker.TestWorker$2.run(TestWorker.java:178)
  at org.gradle.api.internal.tasks.testing.worker.TestWorker.executeAndMaintainThreadName(TestWorker.java:126)
  at org.gradle.api.internal.tasks.testing.worker.TestWorker.execute(TestWorker.java:103)
  at org.gradle.api.internal.tasks.testing.worker.TestWorker.execute(TestWorker.java:63)
  at org.gradle.process.internal.worker.child.ActionExecutionWorker.execute(ActionExecutionWorker.java:56)
  at org.gradle.process.internal.worker.child.SystemApplicationClassLoaderWorker.call(SystemApplicationClassLoaderWorker.java:122)
  at org.gradle.process.internal.worker.child.SystemApplicationClassLoaderWorker.call(SystemApplicationClassLoaderWorker.java:72)
  at worker.org.gradle.process.internal.worker.GradleWorkerMain.run(GradleWorkerMain.java:69)
  at worker.org.gradle.process.internal.worker.GradleWorkerMain.main(GradleWorkerMain.java:74)
</stacktrace>
</test-failure>


TypeScriptCompilerTests_I[jvm] > invalidOptionalChainFromNewExpression_ts has expected errors matching invalidOptionalChainFromNewExpression_errors_txt[jvm] FAILED

<test-failure test="com.xemantic.typescript.compiler.TypeScriptCompilerTests_I.intersectionWithConflictingPrivates_ts has expected errors matching intersectionWithConflictingPrivates_errors_txt" platform="jvm">
<message>
Expected diagnostics from baseline typescript-repo/tests/baselines/reference/intersectionWithConflictingPrivates.errors.txt but none produced
</message>
<stacktrace>
  at com.xemantic.typescript.compiler.TypeScriptTestSupportKt.errorsMatchBaseline(TypeScriptTestSupport.kt:125)
  at com.xemantic.typescript.compiler.TypeScriptCompilerTests_I.intersectionWithConflictingPrivates_ts has expected errors matching intersectionWithConflictingPrivates_errors_txt(TypeScriptCompilerTests_I.kt:6027)
  at java.base/jdk.internal.reflect.DirectMethodHandleAccessor.invoke(DirectMethodHandleAccessor.java:104)
  at java.base/java.lang.reflect.Method.invoke(Method.java:565)
  at org.junit.runners.model.FrameworkMethod$1.runReflectiveCall(FrameworkMethod.java:59)
  at org.junit.internal.runners.model.ReflectiveCallable.run(ReflectiveCallable.java:12)
  at org.junit.runners.model.FrameworkMethod.invokeExplosively(FrameworkMethod.java:56)
  at org.junit.internal.runners.statements.InvokeMethod.evaluate(InvokeMethod.java:17)
  at org.junit.runners.ParentRunner$3.evaluate(ParentRunner.java:306)
  at org.junit.runners.BlockJUnit4ClassRunner$1.evaluate(BlockJUnit4ClassRunner.java:100)
  at org.junit.runners.ParentRunner.runLeaf(ParentRunner.java:366)
  at org.junit.runners.BlockJUnit4ClassRunner.runChild(BlockJUnit4ClassRunner.java:103)
  at org.junit.runners.BlockJUnit4ClassRunner.runChild(BlockJUnit4ClassRunner.java:63)
  at org.junit.runners.ParentRunner$4.run(ParentRunner.java:331)
  at org.junit.runners.ParentRunner$1.schedule(ParentRunner.java:79)
  at org.junit.runners.ParentRunner.runChildren(ParentRunner.java:329)
  at org.junit.runners.ParentRunner.access$100(ParentRunner.java:66)
  at org.junit.runners.ParentRunner$2.evaluate(ParentRunner.java:293)
  at org.junit.runners.ParentRunner$3.evaluate(ParentRunner.java:306)
  at org.junit.runners.ParentRunner.run(ParentRunner.java:413)
  at org.junit.runner.JUnitCore.run(JUnitCore.java:137)
  at org.junit.runner.JUnitCore.run(JUnitCore.java:115)
  at org.gradle.api.internal.tasks.testing.junit.JUnitTestExecutor.runRequest(JUnitTestExecutor.java:175)
  at org.gradle.api.internal.tasks.testing.junit.JUnitTestExecutor.accept(JUnitTestExecutor.java:84)
  at org.gradle.api.internal.tasks.testing.junit.JUnitTestExecutor.accept(JUnitTestExecutor.java:47)
  at org.gradle.api.internal.tasks.testing.junit.AbstractJUnitTestDefinitionProcessor.processTestDefinition(AbstractJUnitTestDefinitionProcessor.java:65)
  at org.gradle.api.internal.tasks.testing.SuiteTestDefinitionProcessor.processTestDefinition(SuiteTestDefinitionProcessor.java:54)
  at java.base/jdk.internal.reflect.DirectMethodHandleAccessor.invoke(DirectMethodHandleAccessor.java:104)
  at java.base/java.lang.reflect.Method.invoke(Method.java:565)
  at org.gradle.internal.dispatch.MethodInvocation.invokeOn(MethodInvocation.java:77)
  at org.gradle.internal.dispatch.ReflectionDispatch.dispatch(ReflectionDispatch.java:28)
  at org.gradle.internal.dispatch.ReflectionDispatch.dispatch(ReflectionDispatch.java:19)
  at org.gradle.internal.dispatch.ContextClassLoaderDispatch.dispatch(ContextClassLoaderDispatch.java:33)
  at org.gradle.internal.dispatch.ProxyDispatchAdapter$DispatchingInvocationHandler.invoke(ProxyDispatchAdapter.java:88)
  at jdk.proxy1/jdk.proxy1.$Proxy4.processTestDefinition(Unknown Source)
  at org.gradle.api.internal.tasks.testing.worker.TestWorker$2.run(TestWorker.java:178)
  at org.gradle.api.internal.tasks.testing.worker.TestWorker.executeAndMaintainThreadName(TestWorker.java:126)
  at org.gradle.api.internal.tasks.testing.worker.TestWorker.execute(TestWorker.java:103)
  at org.gradle.api.internal.tasks.testing.worker.TestWorker.execute(TestWorker.java:63)
  at org.gradle.process.internal.worker.child.ActionExecutionWorker.execute(ActionExecutionWorker.java:56)
  at org.gradle.process.internal.worker.child.SystemApplicationClassLoaderWorker.call(SystemApplicationClassLoaderWorker.java:122)
  at org.gradle.process.internal.worker.child.SystemApplicationClassLoaderWorker.call(SystemApplicationClassLoaderWorker.java:72)
  at worker.org.gradle.process.internal.worker.GradleWorkerMain.run(GradleWorkerMain.java:69)
  at worker.org.gradle.process.internal.worker.GradleWorkerMain.main(GradleWorkerMain.java:74)
</stacktrace>
</test-failure>


TypeScriptCompilerTests_I[jvm] > intersectionWithConflictingPrivates_ts has expected errors matching intersectionWithConflictingPrivates_errors_txt[jvm] FAILED

<test-failure test="com.xemantic.typescript.compiler.TypeScriptCompilerTests_I.importDeclRefereingExternalModuleWithNoResolve_ts has expected errors matching importDeclRefereingExternalModuleWithNoResolve_errors_txt" platform="jvm">
<message>
--- expected
+++ actual
@@ -1,16 +1,10 @@
 importDeclRefereingExternalModuleWithNoResolve.ts(1,20): error TS2307: Cannot find module 'externalModule' or its corresponding type declarations.
-importDeclRefereingExternalModuleWithNoResolve.ts(2,16): error TS2664: Invalid module name in augmentation, module 'm1' cannot be found.
-importDeclRefereingExternalModuleWithNoResolve.ts(3,26): error TS2307: Cannot find module 'externalModule' or its corresponding type declarations.
 
 
-==== importDeclRefereingExternalModuleWithNoResolve.ts (3 errors) ====
+==== importDeclRefereingExternalModuleWithNoResolve.ts (1 errors) ====
     import b = require("externalModule");
                        ~~~~~~~~~~~~~~~~
 !!! error TS2307: Cannot find module 'externalModule' or its corresponding type declarations.
     declare module "m1" {
-                   ~~~~
-!!! error TS2664: Invalid module name in augmentation, module 'm1' cannot be found.
         import im2 = require("externalModule");
-                             ~~~~~~~~~~~~~~~~
-!!! error TS2307: Cannot find module 'externalModule' or its corresponding type declarations.
     }

</message>
<stacktrace>
  at org.junit.Assert.fail(Assert.java:89)
  at kotlin.test.junit.JUnitAsserter.fail(JUnitSupport.kt:56)
  at kotlin.test.AssertionsKt__AssertionsKt.fail(Assertions.kt:563)
  at kotlin.test.AssertionsKt.fail(Unknown Source)
  at com.xemantic.kotlin.test.SameAsKt.sameAs(SameAs.kt:52)
  at com.xemantic.typescript.compiler.TypeScriptTestSupportKt.errorsMatchBaseline(TypeScriptTestSupport.kt:135)
  at com.xemantic.typescript.compiler.TypeScriptCompilerTests_I.importDeclRefereingExternalModuleWithNoResolve_ts has expected errors matching importDeclRefereingExternalModuleWithNoResolve_errors_txt(TypeScriptCompilerTests_I.kt:910)
  at java.base/jdk.internal.reflect.DirectMethodHandleAccessor.invoke(DirectMethodHandleAccessor.java:104)
  at java.base/java.lang.reflect.Method.invoke(Method.java:565)
  at org.junit.runners.model.FrameworkMethod$1.runReflectiveCall(FrameworkMethod.java:59)
  at org.junit.internal.runners.model.ReflectiveCallable.run(ReflectiveCallable.java:12)
  at org.junit.runners.model.FrameworkMethod.invokeExplosively(FrameworkMethod.java:56)
  at org.junit.internal.runners.statements.InvokeMethod.evaluate(InvokeMethod.java:17)
  at org.junit.runners.ParentRunner$3.evaluate(ParentRunner.java:306)
  at org.junit.runners.BlockJUnit4ClassRunner$1.evaluate(BlockJUnit4ClassRunner.java:100)
  at org.junit.runners.ParentRunner.runLeaf(ParentRunner.java:366)
  at org.junit.runners.BlockJUnit4ClassRunner.runChild(BlockJUnit4ClassRunner.java:103)
  at org.junit.runners.BlockJUnit4ClassRunner.runChild(BlockJUnit4ClassRunner.java:63)
  at org.junit.runners.ParentRunner$4.run(ParentRunner.java:331)
  at org.junit.runners.ParentRunner$1.schedule(ParentRunner.java:79)
  at org.junit.runners.ParentRunner.runChildren(ParentRunner.java:329)
  at org.junit.runners.ParentRunner.access$100(ParentRunner.java:66)
  at org.junit.runners.ParentRunner$2.evaluate(ParentRunner.java:293)
  at org.junit.runners.ParentRunner$3.evaluate(ParentRunner.java:306)
  at org.junit.runners.ParentRunner.run(ParentRunner.java:413)
  at org.junit.runner.JUnitCore.run(JUnitCore.java:137)
  at org.junit.runner.JUnitCore.run(JUnitCore.java:115)
  at org.gradle.api.internal.tasks.testing.junit.JUnitTestExecutor.runRequest(JUnitTestExecutor.java:175)
  at org.gradle.api.internal.tasks.testing.junit.JUnitTestExecutor.accept(JUnitTestExecutor.java:84)
  at org.gradle.api.internal.tasks.testing.junit.JUnitTestExecutor.accept(JUnitTestExecutor.java:47)
  at org.gradle.api.internal.tasks.testing.junit.AbstractJUnitTestDefinitionProcessor.processTestDefinition(AbstractJUnitTestDefinitionProcessor.java:65)
  at org.gradle.api.internal.tasks.testing.SuiteTestDefinitionProcessor.processTestDefinition(SuiteTestDefinitionProcessor.java:54)
  at java.base/jdk.internal.reflect.DirectMethodHandleAccessor.invoke(DirectMethodHandleAccessor.java:104)
  at java.base/java.lang.reflect.Method.invoke(Method.java:565)
  at org.gradle.internal.dispatch.MethodInvocation.invokeOn(MethodInvocation.java:77)
  at org.gradle.internal.dispatch.ReflectionDispatch.dispatch(ReflectionDispatch.java:28)
  at org.gradle.internal.dispatch.ReflectionDispatch.dispatch(ReflectionDispatch.java:19)
  at org.gradle.internal.dispatch.ContextClassLoaderDispatch.dispatch(ContextClassLoaderDispatch.java:33)
  at org.gradle.internal.dispatch.ProxyDispatchAdapter$DispatchingInvocationHandler.invoke(ProxyDispatchAdapter.java:88)
  at jdk.proxy1/jdk.proxy1.$Proxy4.processTestDefinition(Unknown Source)
  at org.gradle.api.internal.tasks.testing.worker.TestWorker$2.run(TestWorker.java:178)
  at org.gradle.api.internal.tasks.testing.worker.TestWorker.executeAndMaintainThreadName(TestWorker.java:126)
  at org.gradle.api.internal.tasks.testing.worker.TestWorker.execute(TestWorker.java:103)
  at org.gradle.api.internal.tasks.testing.worker.TestWorker.execute(TestWorker.java:63)
  at org.gradle.process.internal.worker.child.ActionExecutionWorker.execute(ActionExecutionWorker.java:56)
  at org.gradle.process.internal.worker.child.SystemApplicationClassLoaderWorker.call(SystemApplicationClassLoaderWorker.java:122)
  at org.gradle.process.internal.worker.child.SystemApplicationClassLoaderWorker.call(SystemApplicationClassLoaderWorker.java:72)
  at worker.org.gradle.process.internal.worker.GradleWorkerMain.run(GradleWorkerMain.java:69)
  at worker.org.gradle.process.internal.worker.GradleWorkerMain.main(GradleWorkerMain.java:74)
</stacktrace>
</test-failure>


TypeScriptCompilerTests_I[jvm] > importDeclRefereingExternalModuleWithNoResolve_ts has expected errors matching importDeclRefereingExternalModuleWithNoResolve_errors_txt[jvm] FAILED

<test-failure test="com.xemantic.typescript.compiler.TypeScriptCompilerTests_I.implementsIncorrectlyNoAssertion_ts has expected errors matching implementsIncorrectlyNoAssertion_errors_txt" platform="jvm">
<message>
--- expected
+++ actual
@@ -1,10 +1,8 @@
-implementsIncorrectlyNoAssertion.ts(9,5): error TS2416: Property 'x' in type 'Baz' is not assignable to the same property in base type 'Foo & Bar'.
-  Type 'number' is not assignable to type 'string'.
 implementsIncorrectlyNoAssertion.ts(9,5): error TS2564: Property 'x' has no initializer and is not definitely assigned in the constructor.
 implementsIncorrectlyNoAssertion.ts(10,5): error TS2564: Property 'y' has no initializer and is not definitely assigned in the constructor.
 
 
-==== implementsIncorrectlyNoAssertion.ts (3 errors) ====
+==== implementsIncorrectlyNoAssertion.ts (2 errors) ====
     declare class Foo {
         x: string;
     }
@@ -15,9 +13,6 @@
     class Baz implements Wrapper {
         x: number;
         ~
-!!! error TS2416: Property 'x' in type 'Baz' is not assignable to the same property in base type 'Foo & Bar'.
-!!! error TS2416:   Type 'number' is not assignable to type 'string'.
-        ~
 !!! error TS2564: Property 'x' has no initializer and is not definitely assigned in the constructor.
         y: string;
         ~

</message>
<stacktrace>
  at org.junit.Assert.fail(Assert.java:89)
  at kotlin.test.junit.JUnitAsserter.fail(JUnitSupport.kt:56)
  at kotlin.test.AssertionsKt__AssertionsKt.fail(Assertions.kt:563)
  at kotlin.test.AssertionsKt.fail(Unknown Source)
  at com.xemantic.kotlin.test.SameAsKt.sameAs(SameAs.kt:52)
  at com.xemantic.typescript.compiler.TypeScriptTestSupportKt.errorsMatchBaseline(TypeScriptTestSupport.kt:135)
  at com.xemantic.typescript.compiler.TypeScriptCompilerTests_I.implementsIncorrectlyNoAssertion_ts has expected errors matching implementsIncorrectlyNoAssertion_errors_txt(TypeScriptCompilerTests_I.kt:273)
  at java.base/jdk.internal.reflect.DirectMethodHandleAccessor.invoke(DirectMethodHandleAccessor.java:104)
  at java.base/java.lang.reflect.Method.invoke(Method.java:565)
  at org.junit.runners.model.FrameworkMethod$1.runReflectiveCall(FrameworkMethod.java:59)
  at org.junit.internal.runners.model.ReflectiveCallable.run(ReflectiveCallable.java:12)
  at org.junit.runners.model.FrameworkMethod.invokeExplosively(FrameworkMethod.java:56)
  at org.junit.internal.runners.statements.InvokeMethod.evaluate(InvokeMethod.java:17)
  at org.junit.runners.ParentRunner$3.evaluate(ParentRunner.java:306)
  at org.junit.runners.BlockJUnit4ClassRunner$1.evaluate(BlockJUnit4ClassRunner.java:100)
  at org.junit.runners.ParentRunner.runLeaf(ParentRunner.java:366)
  at org.junit.runners.BlockJUnit4ClassRunner.runChild(BlockJUnit4ClassRunner.java:103)
  at org.junit.runners.BlockJUnit4ClassRunner.runChild(BlockJUnit4ClassRunner.java:63)
  at org.junit.runners.ParentRunner$4.run(ParentRunner.java:331)
  at org.junit.runners.ParentRunner$1.schedule(ParentRunner.java:79)
  at org.junit.runners.ParentRunner.runChildren(ParentRunner.java:329)
  at org.junit.runners.ParentRunner.access$100(ParentRunner.java:66)
  at org.junit.runners.ParentRunner$2.evaluate(ParentRunner.java:293)
  at org.junit.runners.ParentRunner$3.evaluate(ParentRunner.java:306)
  at org.junit.runners.ParentRunner.run(ParentRunner.java:413)
  at org.junit.runner.JUnitCore.run(JUnitCore.java:137)
  at org.junit.runner.JUnitCore.run(JUnitCore.java:115)
  at org.gradle.api.internal.tasks.testing.junit.JUnitTestExecutor.runRequest(JUnitTestExecutor.java:175)
  at org.gradle.api.internal.tasks.testing.junit.JUnitTestExecutor.accept(JUnitTestExecutor.java:84)
  at org.gradle.api.internal.tasks.testing.junit.JUnitTestExecutor.accept(JUnitTestExecutor.java:47)
  at org.gradle.api.internal.tasks.testing.junit.AbstractJUnitTestDefinitionProcessor.processTestDefinition(AbstractJUnitTestDefinitionProcessor.java:65)
  at org.gradle.api.internal.tasks.testing.SuiteTestDefinitionProcessor.processTestDefinition(SuiteTestDefinitionProcessor.java:54)
  at java.base/jdk.internal.reflect.DirectMethodHandleAccessor.invoke(DirectMethodHandleAccessor.java:104)
  at java.base/java.lang.reflect.Method.invoke(Method.java:565)
  at org.gradle.internal.dispatch.MethodInvocation.invokeOn(MethodInvocation.java:77)
  at org.gradle.internal.dispatch.ReflectionDispatch.dispatch(ReflectionDispatch.java:28)
  at org.gradle.internal.dispatch.ReflectionDispatch.dispatch(ReflectionDispatch.java:19)
  at org.gradle.internal.dispatch.ContextClassLoaderDispatch.dispatch(ContextClassLoaderDispatch.java:33)
  at org.gradle.internal.dispatch.ProxyDispatchAdapter$DispatchingInvocationHandler.invoke(ProxyDispatchAdapter.java:88)
  at jdk.proxy1/jdk.proxy1.$Proxy4.processTestDefinition(Unknown Source)
  at org.gradle.api.internal.tasks.testing.worker.TestWorker$2.run(TestWorker.java:178)
  at org.gradle.api.internal.tasks.testing.worker.TestWorker.executeAndMaintainThreadName(TestWorker.java:126)
  at org.gradle.api.internal.tasks.testing.worker.TestWorker.execute(TestWorker.java:103)
  at org.gradle.api.internal.tasks.testing.worker.TestWorker.execute(TestWorker.java:63)
  at org.gradle.process.internal.worker.child.ActionExecutionWorker.execute(ActionExecutionWorker.java:56)
  at org.gradle.process.internal.worker.child.SystemApplicationClassLoaderWorker.call(SystemApplicationClassLoaderWorker.java:122)
  at org.gradle.process.internal.worker.child.SystemApplicationClassLoaderWorker.call(SystemApplicationClassLoaderWorker.java:72)
  at worker.org.gradle.process.internal.worker.GradleWorkerMain.run(GradleWorkerMain.java:69)
  at worker.org.gradle.process.internal.worker.GradleWorkerMain.main(GradleWorkerMain.java:74)
</stacktrace>
</test-failure>


TypeScriptCompilerTests_I[jvm] > implementsIncorrectlyNoAssertion_ts has expected errors matching implementsIncorrectlyNoAssertion_errors_txt[jvm] FAILED

<test-failure test="com.xemantic.typescript.compiler.TypeScriptCompilerTests_I.interfaceAssignmentCompat_ts has expected errors matching interfaceAssignmentCompat_errors_txt" platform="jvm">
<message>
Expected diagnostics from baseline typescript-repo/tests/baselines/reference/interfaceAssignmentCompat.errors.txt but none produced
</message>
<stacktrace>
  at com.xemantic.typescript.compiler.TypeScriptTestSupportKt.errorsMatchBaseline(TypeScriptTestSupport.kt:125)
  at com.xemantic.typescript.compiler.TypeScriptCompilerTests_I.interfaceAssignmentCompat_ts has expected errors matching interfaceAssignmentCompat_errors_txt(TypeScriptCompilerTests_I.kt:4949)
  at java.base/jdk.internal.reflect.DirectMethodHandleAccessor.invoke(DirectMethodHandleAccessor.java:104)
  at java.base/java.lang.reflect.Method.invoke(Method.java:565)
  at org.junit.runners.model.FrameworkMethod$1.runReflectiveCall(FrameworkMethod.java:59)
  at org.junit.internal.runners.model.ReflectiveCallable.run(ReflectiveCallable.java:12)
  at org.junit.runners.model.FrameworkMethod.invokeExplosively(FrameworkMethod.java:56)
  at org.junit.internal.runners.statements.InvokeMethod.evaluate(InvokeMethod.java:17)
  at org.junit.runners.ParentRunner$3.evaluate(ParentRunner.java:306)
  at org.junit.runners.BlockJUnit4ClassRunner$1.evaluate(BlockJUnit4ClassRunner.java:100)
  at org.junit.runners.ParentRunner.runLeaf(ParentRunner.java:366)
  at org.junit.runners.BlockJUnit4ClassRunner.runChild(BlockJUnit4ClassRunner.java:103)
  at org.junit.runners.BlockJUnit4ClassRunner.runChild(BlockJUnit4ClassRunner.java:63)
  at org.junit.runners.ParentRunner$4.run(ParentRunner.java:331)
  at org.junit.runners.ParentRunner$1.schedule(ParentRunner.java:79)
  at org.junit.runners.ParentRunner.runChildren(ParentRunner.java:329)
  at org.junit.runners.ParentRunner.access$100(ParentRunner.java:66)
  at org.junit.runners.ParentRunner$2.evaluate(ParentRunner.java:293)
  at org.junit.runners.ParentRunner$3.evaluate(ParentRunner.java:306)
  at org.junit.runners.ParentRunner.run(ParentRunner.java:413)
  at org.junit.runner.JUnitCore.run(JUnitCore.java:137)
  at org.junit.runner.JUnitCore.run(JUnitCore.java:115)
  at org.gradle.api.internal.tasks.testing.junit.JUnitTestExecutor.runRequest(JUnitTestExecutor.java:175)
  at org.gradle.api.internal.tasks.testing.junit.JUnitTestExecutor.accept(JUnitTestExecutor.java:84)
  at org.gradle.api.internal.tasks.testing.junit.JUnitTestExecutor.accept(JUnitTestExecutor.java:47)
  at org.gradle.api.internal.tasks.testing.junit.AbstractJUnitTestDefinitionProcessor.processTestDefinition(AbstractJUnitTestDefinitionProcessor.java:65)
  at org.gradle.api.internal.tasks.testing.SuiteTestDefinitionProcessor.processTestDefinition(SuiteTestDefinitionProcessor.java:54)
  at java.base/jdk.internal.reflect.DirectMethodHandleAccessor.invoke(DirectMethodHandleAccessor.java:104)
  at java.base/java.lang.reflect.Method.invoke(Method.java:565)
  at org.gradle.internal.dispatch.MethodInvocation.invokeOn(MethodInvocation.java:77)
  at org.gradle.internal.dispatch.ReflectionDispatch.dispatch(ReflectionDispatch.java:28)
  at org.gradle.internal.dispatch.ReflectionDispatch.dispatch(ReflectionDispatch.java:19)
  at org.gradle.internal.dispatch.ContextClassLoaderDispatch.dispatch(ContextClassLoaderDispatch.java:33)
  at org.gradle.internal.dispatch.ProxyDispatchAdapter$DispatchingInvocationHandler.invoke(ProxyDispatchAdapter.java:88)
  at jdk.proxy1/jdk.proxy1.$Proxy4.processTestDefinition(Unknown Source)
  at org.gradle.api.internal.tasks.testing.worker.TestWorker$2.run(TestWorker.java:178)
  at org.gradle.api.internal.tasks.testing.worker.TestWorker.executeAndMaintainThreadName(TestWorker.java:126)
  at org.gradle.api.internal.tasks.testing.worker.TestWorker.execute(TestWorker.java:103)
  at org.gradle.api.internal.tasks.testing.worker.TestWorker.execute(TestWorker.java:63)
  at org.gradle.process.internal.worker.child.ActionExecutionWorker.execute(ActionExecutionWorker.java:56)
  at org.gradle.process.internal.worker.child.SystemApplicationClassLoaderWorker.call(SystemApplicationClassLoaderWorker.java:122)
  at org.gradle.process.internal.worker.child.SystemApplicationClassLoaderWorker.call(SystemApplicationClassLoaderWorker.java:72)
  at worker.org.gradle.process.internal.worker.GradleWorkerMain.run(GradleWorkerMain.java:69)
  at worker.org.gradle.process.internal.worker.GradleWorkerMain.main(GradleWorkerMain.java:74)
</stacktrace>
</test-failure>


TypeScriptCompilerTests_I[jvm] > interfaceAssignmentCompat_ts has expected errors matching interfaceAssignmentCompat_errors_txt[jvm] FAILED

<test-failure test="com.xemantic.typescript.compiler.TypeScriptCompilerTests_I.inDoesNotOperateOnPrimitiveTypes_ts has expected errors matching inDoesNotOperateOnPrimitiveTypes_errors_txt" platform="jvm">
<message>
Expected diagnostics from baseline typescript-repo/tests/baselines/reference/inDoesNotOperateOnPrimitiveTypes.errors.txt but none produced
</message>
<stacktrace>
  at com.xemantic.typescript.compiler.TypeScriptTestSupportKt.errorsMatchBaseline(TypeScriptTestSupport.kt:125)
  at com.xemantic.typescript.compiler.TypeScriptCompilerTests_I.inDoesNotOperateOnPrimitiveTypes_ts has expected errors matching inDoesNotOperateOnPrimitiveTypes_errors_txt(TypeScriptCompilerTests_I.kt:2254)
  at java.base/jdk.internal.reflect.DirectMethodHandleAccessor.invoke(DirectMethodHandleAccessor.java:104)
  at java.base/java.lang.reflect.Method.invoke(Method.java:565)
  at org.junit.runners.model.FrameworkMethod$1.runReflectiveCall(FrameworkMethod.java:59)
  at org.junit.internal.runners.model.ReflectiveCallable.run(ReflectiveCallable.java:12)
  at org.junit.runners.model.FrameworkMethod.invokeExplosively(FrameworkMethod.java:56)
  at org.junit.internal.runners.statements.InvokeMethod.evaluate(InvokeMethod.java:17)
  at org.junit.runners.ParentRunner$3.evaluate(ParentRunner.java:306)
  at org.junit.runners.BlockJUnit4ClassRunner$1.evaluate(BlockJUnit4ClassRunner.java:100)
  at org.junit.runners.ParentRunner.runLeaf(ParentRunner.java:366)
  at org.junit.runners.BlockJUnit4ClassRunner.runChild(BlockJUnit4ClassRunner.java:103)
  at org.junit.runners.BlockJUnit4ClassRunner.runChild(BlockJUnit4ClassRunner.java:63)
  at org.junit.runners.ParentRunner$4.run(ParentRunner.java:331)
  at org.junit.runners.ParentRunner$1.schedule(ParentRunner.java:79)
  at org.junit.runners.ParentRunner.runChildren(ParentRunner.java:329)
  at org.junit.runners.ParentRunner.access$100(ParentRunner.java:66)
  at org.junit.runners.ParentRunner$2.evaluate(ParentRunner.java:293)
  at org.junit.runners.ParentRunner$3.evaluate(ParentRunner.java:306)
  at org.junit.runners.ParentRunner.run(ParentRunner.java:413)
  at org.junit.runner.JUnitCore.run(JUnitCore.java:137)
  at org.junit.runner.JUnitCore.run(JUnitCore.java:115)
  at org.gradle.api.internal.tasks.testing.junit.JUnitTestExecutor.runRequest(JUnitTestExecutor.java:175)
  at org.gradle.api.internal.tasks.testing.junit.JUnitTestExecutor.accept(JUnitTestExecutor.java:84)
  at org.gradle.api.internal.tasks.testing.junit.JUnitTestExecutor.accept(JUnitTestExecutor.java:47)
  at org.gradle.api.internal.tasks.testing.junit.AbstractJUnitTestDefinitionProcessor.processTestDefinition(AbstractJUnitTestDefinitionProcessor.java:65)
  at org.gradle.api.internal.tasks.testing.SuiteTestDefinitionProcessor.processTestDefinition(SuiteTestDefinitionProcessor.java:54)
  at java.base/jdk.internal.reflect.DirectMethodHandleAccessor.invoke(DirectMethodHandleAccessor.java:104)
  at java.base/java.lang.reflect.Method.invoke(Method.java:565)
  at org.gradle.internal.dispatch.MethodInvocation.invokeOn(MethodInvocation.java:77)
  at org.gradle.internal.dispatch.ReflectionDispatch.dispatch(ReflectionDispatch.java:28)
  at org.gradle.internal.dispatch.ReflectionDispatch.dispatch(ReflectionDispatch.java:19)
  at org.gradle.internal.dispatch.ContextClassLoaderDispatch.dispatch(ContextClassLoaderDispatch.java:33)
  at org.gradle.internal.dispatch.ProxyDispatchAdapter$DispatchingInvocationHandler.invoke(ProxyDispatchAdapter.java:88)
  at jdk.proxy1/jdk.proxy1.$Proxy4.processTestDefinition(Unknown Source)
  at org.gradle.api.internal.tasks.testing.worker.TestWorker$2.run(TestWorker.java:178)
  at org.gradle.api.internal.tasks.testing.worker.TestWorker.executeAndMaintainThreadName(TestWorker.java:126)
  at org.gradle.api.internal.tasks.testing.worker.TestWorker.execute(TestWorker.java:103)
  at org.gradle.api.internal.tasks.testing.worker.TestWorker.execute(TestWorker.java:63)
  at org.gradle.process.internal.worker.child.ActionExecutionWorker.execute(ActionExecutionWorker.java:56)
  at org.gradle.process.internal.worker.child.SystemApplicationClassLoaderWorker.call(SystemApplicationClassLoaderWorker.java:122)
  at org.gradle.process.internal.worker.child.SystemApplicationClassLoaderWorker.call(SystemApplicationClassLoaderWorker.java:72)
  at worker.org.gradle.process.internal.worker.GradleWorkerMain.run(GradleWorkerMain.java:69)
  at worker.org.gradle.process.internal.worker.GradleWorkerMain.main(GradleWorkerMain.java:74)
</stacktrace>
</test-failure>


TypeScriptCompilerTests_I[jvm] > inDoesNotOperateOnPrimitiveTypes_ts has expected errors matching inDoesNotOperateOnPrimitiveTypes_errors_txt[jvm] FAILED

<test-failure test="com.xemantic.typescript.compiler.TypeScriptCompilerTests_I.importWithTrailingSlash_ts has expected errors matching importWithTrailingSlash_errors_txt" platform="jvm">
<message>
Expected diagnostics from baseline typescript-repo/tests/baselines/reference/importWithTrailingSlash.errors.txt but none produced
</message>
<stacktrace>
  at com.xemantic.typescript.compiler.TypeScriptTestSupportKt.errorsMatchBaseline(TypeScriptTestSupport.kt:125)
  at com.xemantic.typescript.compiler.TypeScriptCompilerTests_I.importWithTrailingSlash_ts has expected errors matching importWithTrailingSlash_errors_txt(TypeScriptCompilerTests_I.kt:2065)
  at java.base/jdk.internal.reflect.DirectMethodHandleAccessor.invoke(DirectMethodHandleAccessor.java:104)
  at java.base/java.lang.reflect.Method.invoke(Method.java:565)
  at org.junit.runners.model.FrameworkMethod$1.runReflectiveCall(FrameworkMethod.java:59)
  at org.junit.internal.runners.model.ReflectiveCallable.run(ReflectiveCallable.java:12)
  at org.junit.runners.model.FrameworkMethod.invokeExplosively(FrameworkMethod.java:56)
  at org.junit.internal.runners.statements.InvokeMethod.evaluate(InvokeMethod.java:17)
  at org.junit.runners.ParentRunner$3.evaluate(ParentRunner.java:306)
  at org.junit.runners.BlockJUnit4ClassRunner$1.evaluate(BlockJUnit4ClassRunner.java:100)
  at org.junit.runners.ParentRunner.runLeaf(ParentRunner.java:366)
  at org.junit.runners.BlockJUnit4ClassRunner.runChild(BlockJUnit4ClassRunner.java:103)
  at org.junit.runners.BlockJUnit4ClassRunner.runChild(BlockJUnit4ClassRunner.java:63)
  at org.junit.runners.ParentRunner$4.run(ParentRunner.java:331)
  at org.junit.runners.ParentRunner$1.schedule(ParentRunner.java:79)
  at org.junit.runners.ParentRunner.runChildren(ParentRunner.java:329)
  at org.junit.runners.ParentRunner.access$100(ParentRunner.java:66)
  at org.junit.runners.ParentRunner$2.evaluate(ParentRunner.java:293)
  at org.junit.runners.ParentRunner$3.evaluate(ParentRunner.java:306)
  at org.junit.runners.ParentRunner.run(ParentRunner.java:413)
  at org.junit.runner.JUnitCore.run(JUnitCore.java:137)
  at org.junit.runner.JUnitCore.run(JUnitCore.java:115)
  at org.gradle.api.internal.tasks.testing.junit.JUnitTestExecutor.runRequest(JUnitTestExecutor.java:175)
  at org.gradle.api.internal.tasks.testing.junit.JUnitTestExecutor.accept(JUnitTestExecutor.java:84)
  at org.gradle.api.internal.tasks.testing.junit.JUnitTestExecutor.accept(JUnitTestExecutor.java:47)
  at org.gradle.api.internal.tasks.testing.junit.AbstractJUnitTestDefinitionProcessor.processTestDefinition(AbstractJUnitTestDefinitionProcessor.java:65)
  at org.gradle.api.internal.tasks.testing.SuiteTestDefinitionProcessor.processTestDefinition(SuiteTestDefinitionProcessor.java:54)
  at java.base/jdk.internal.reflect.DirectMethodHandleAccessor.invoke(DirectMethodHandleAccessor.java:104)
  at java.base/java.lang.reflect.Method.invoke(Method.java:565)
  at org.gradle.internal.dispatch.MethodInvocation.invokeOn(MethodInvocation.java:77)
  at org.gradle.internal.dispatch.ReflectionDispatch.dispatch(ReflectionDispatch.java:28)
  at org.gradle.internal.dispatch.ReflectionDispatch.dispatch(ReflectionDispatch.java:19)
  at org.gradle.internal.dispatch.ContextClassLoaderDispatch.dispatch(ContextClassLoaderDispatch.java:33)
  at org.gradle.internal.dispatch.ProxyDispatchAdapter$DispatchingInvocationHandler.invoke(ProxyDispatchAdapter.java:88)
  at jdk.proxy1/jdk.proxy1.$Proxy4.processTestDefinition(Unknown Source)
  at org.gradle.api.internal.tasks.testing.worker.TestWorker$2.run(TestWorker.java:178)
  at org.gradle.api.internal.tasks.testing.worker.TestWorker.executeAndMaintainThreadName(TestWorker.java:126)
  at org.gradle.api.internal.tasks.testing.worker.TestWorker.execute(TestWorker.java:103)
  at org.gradle.api.internal.tasks.testing.worker.TestWorker.execute(TestWorker.java:63)
  at org.gradle.process.internal.worker.child.ActionExecutionWorker.execute(ActionExecutionWorker.java:56)
  at org.gradle.process.internal.worker.child.SystemApplicationClassLoaderWorker.call(SystemApplicationClassLoaderWorker.java:122)
  at org.gradle.process.internal.worker.child.SystemApplicationClassLoaderWorker.call(SystemApplicationClassLoaderWorker.java:72)
  at worker.org.gradle.process.internal.worker.GradleWorkerMain.run(GradleWorkerMain.java:69)
  at worker.org.gradle.process.internal.worker.GradleWorkerMain.main(GradleWorkerMain.java:74)
</stacktrace>
</test-failure>


TypeScriptCompilerTests_I[jvm] > importWithTrailingSlash_ts has expected errors matching importWithTrailingSlash_errors_txt[jvm] FAILED

<test-failure test="com.xemantic.typescript.compiler.TypeScriptCompilerTests_I.indexerConstraints_ts has expected errors matching indexerConstraints_errors_txt" platform="jvm">
<message>
Expected diagnostics from baseline typescript-repo/tests/baselines/reference/indexerConstraints.errors.txt but none produced
</message>
<stacktrace>
  at com.xemantic.typescript.compiler.TypeScriptTestSupportKt.errorsMatchBaseline(TypeScriptTestSupport.kt:125)
  at com.xemantic.typescript.compiler.TypeScriptCompilerTests_I.indexerConstraints_ts has expected errors matching indexerConstraints_errors_txt(TypeScriptCompilerTests_I.kt:3066)
  at java.base/jdk.internal.reflect.DirectMethodHandleAccessor.invoke(DirectMethodHandleAccessor.java:104)
  at java.base/java.lang.reflect.Method.invoke(Method.java:565)
  at org.junit.runners.model.FrameworkMethod$1.runReflectiveCall(FrameworkMethod.java:59)
  at org.junit.internal.runners.model.ReflectiveCallable.run(ReflectiveCallable.java:12)
  at org.junit.runners.model.FrameworkMethod.invokeExplosively(FrameworkMethod.java:56)
  at org.junit.internal.runners.statements.InvokeMethod.evaluate(InvokeMethod.java:17)
  at org.junit.runners.ParentRunner$3.evaluate(ParentRunner.java:306)
  at org.junit.runners.BlockJUnit4ClassRunner$1.evaluate(BlockJUnit4ClassRunner.java:100)
  at org.junit.runners.ParentRunner.runLeaf(ParentRunner.java:366)
  at org.junit.runners.BlockJUnit4ClassRunner.runChild(BlockJUnit4ClassRunner.java:103)
  at org.junit.runners.BlockJUnit4ClassRunner.runChild(BlockJUnit4ClassRunner.java:63)
  at org.junit.runners.ParentRunner$4.run(ParentRunner.java:331)
  at org.junit.runners.ParentRunner$1.schedule(ParentRunner.java:79)
  at org.junit.runners.ParentRunner.runChildren(ParentRunner.java:329)
  at org.junit.runners.ParentRunner.access$100(ParentRunner.java:66)
  at org.junit.runners.ParentRunner$2.evaluate(ParentRunner.java:293)
  at org.junit.runners.ParentRunner$3.evaluate(ParentRunner.java:306)
  at org.junit.runners.ParentRunner.run(ParentRunner.java:413)
  at org.junit.runner.JUnitCore.run(JUnitCore.java:137)
  at org.junit.runner.JUnitCore.run(JUnitCore.java:115)
  at org.gradle.api.internal.tasks.testing.junit.JUnitTestExecutor.runRequest(JUnitTestExecutor.java:175)
  at org.gradle.api.internal.tasks.testing.junit.JUnitTestExecutor.accept(JUnitTestExecutor.java:84)
  at org.gradle.api.internal.tasks.testing.junit.JUnitTestExecutor.accept(JUnitTestExecutor.java:47)
  at org.gradle.api.internal.tasks.testing.junit.AbstractJUnitTestDefinitionProcessor.processTestDefinition(AbstractJUnitTestDefinitionProcessor.java:65)
  at org.gradle.api.internal.tasks.testing.SuiteTestDefinitionProcessor.processTestDefinition(SuiteTestDefinitionProcessor.java:54)
  at java.base/jdk.internal.reflect.DirectMethodHandleAccessor.invoke(DirectMethodHandleAccessor.java:104)
  at java.base/java.lang.reflect.Method.invoke(Method.java:565)
  at org.gradle.internal.dispatch.MethodInvocation.invokeOn(MethodInvocation.java:77)
  at org.gradle.internal.dispatch.ReflectionDispatch.dispatch(ReflectionDispatch.java:28)
  at org.gradle.internal.dispatch.ReflectionDispatch.dispatch(ReflectionDispatch.java:19)
  at org.gradle.internal.dispatch.ContextClassLoaderDispatch.dispatch(ContextClassLoaderDispatch.java:33)
  at org.gradle.internal.dispatch.ProxyDispatchAdapter$DispatchingInvocationHandler.invoke(ProxyDispatchAdapter.java:88)
  at jdk.proxy1/jdk.proxy1.$Proxy4.processTestDefinition(Unknown Source)
  at org.gradle.api.internal.tasks.testing.worker.TestWorker$2.run(TestWorker.java:178)
  at org.gradle.api.internal.tasks.testing.worker.TestWorker.executeAndMaintainThreadName(TestWorker.java:126)
  at org.gradle.api.internal.tasks.testing.worker.TestWorker.execute(TestWorker.java:103)
  at org.gradle.api.internal.tasks.testing.worker.TestWorker.execute(TestWorker.java:63)
  at org.gradle.process.internal.worker.child.ActionExecutionWorker.execute(ActionExecutionWorker.java:56)
  at org.gradle.process.internal.worker.child.SystemApplicationClassLoaderWorker.call(SystemApplicationClassLoaderWorker.java:122)
  at org.gradle.process.internal.worker.child.SystemApplicationClassLoaderWorker.call(SystemApplicationClassLoaderWorker.java:72)
  at worker.org.gradle.process.internal.worker.GradleWorkerMain.run(GradleWorkerMain.java:69)
  at worker.org.gradle.process.internal.worker.GradleWorkerMain.main(GradleWorkerMain.java:74)
</stacktrace>
</test-failure>


TypeScriptCompilerTests_I[jvm] > indexerConstraints_ts has expected errors matching indexerConstraints_errors_txt[jvm] FAILED

<test-failure test="com.xemantic.typescript.compiler.TypeScriptCompilerTests_I.interfaceMemberValidation_ts has expected errors matching interfaceMemberValidation_errors_txt" platform="jvm">
<message>
--- expected
+++ actual
@@ -1,12 +1,9 @@
 interfaceMemberValidation.ts(2,11): error TS2430: Interface 'i2' incorrectly extends interface 'i1'.
   Types of property 'name' are incompatible.
     Type 'number' is not assignable to type 'string'.
-interfaceMemberValidation.ts(5,2): error TS2411: Property 'bar' of type '{ (): any; (): any; }' is not assignable to 'string' index type 'number'.
-interfaceMemberValidation.ts(9,2): error TS2374: Duplicate index signature for type 'string'.
-interfaceMemberValidation.ts(10,2): error TS2374: Duplicate index signature for type 'string'.
 
 
-==== interfaceMemberValidation.ts (4 errors) ====
+==== interfaceMemberValidation.ts (1 errors) ====
     interface i1 { name: string; }
     interface i2 extends i1 { name: number; yo: string; }
               ~~
@@ -16,15 +13,9 @@
     
     interface foo {
      bar():any;
-     ~~~~~~~~~~
-!!! error TS2411: Property 'bar' of type '{ (): any; (): any; }' is not assignable to 'string' index type 'number'.
      bar():any;
      new():void;
      new():void;
      [s:string]:number;
-     ~~~~~~~~~~~~~~~~~~
-!!! error TS2374: Duplicate index signature for type 'string'.
      [s:string]:number;
-     ~~~~~~~~~~~~~~~~~~
-!!! error TS2374: Duplicate index signature for type 'string'.
     }

</message>
<stacktrace>
  at org.junit.Assert.fail(Assert.java:89)
  at kotlin.test.junit.JUnitAsserter.fail(JUnitSupport.kt:56)
  at kotlin.test.AssertionsKt__AssertionsKt.fail(Assertions.kt:563)
  at kotlin.test.AssertionsKt.fail(Unknown Source)
  at com.xemantic.kotlin.test.SameAsKt.sameAs(SameAs.kt:52)
  at com.xemantic.typescript.compiler.TypeScriptTestSupportKt.errorsMatchBaseline(TypeScriptTestSupport.kt:135)
  at com.xemantic.typescript.compiler.TypeScriptCompilerTests_I.interfaceMemberValidation_ts has expected errors matching interfaceMemberValidation_errors_txt(TypeScriptCompilerTests_I.kt:5278)
  at java.base/jdk.internal.reflect.DirectMethodHandleAccessor.invoke(DirectMethodHandleAccessor.java:104)
  at java.base/java.lang.reflect.Method.invoke(Method.java:565)
  at org.junit.runners.model.FrameworkMethod$1.runReflectiveCall(FrameworkMethod.java:59)
  at org.junit.internal.runners.model.ReflectiveCallable.run(ReflectiveCallable.java:12)
  at org.junit.runners.model.FrameworkMethod.invokeExplosively(FrameworkMethod.java:56)
  at org.junit.internal.runners.statements.InvokeMethod.evaluate(InvokeMethod.java:17)
  at org.junit.runners.ParentRunner$3.evaluate(ParentRunner.java:306)
  at org.junit.runners.BlockJUnit4ClassRunner$1.evaluate(BlockJUnit4ClassRunner.java:100)
  at org.junit.runners.ParentRunner.runLeaf(ParentRunner.java:366)
  at org.junit.runners.BlockJUnit4ClassRunner.runChild(BlockJUnit4ClassRunner.java:103)
  at org.junit.runners.BlockJUnit4ClassRunner.runChild(BlockJUnit4ClassRunner.java:63)
  at org.junit.runners.ParentRunner$4.run(ParentRunner.java:331)
  at org.junit.runners.ParentRunner$1.schedule(ParentRunner.java:79)
  at org.junit.runners.ParentRunner.runChildren(ParentRunner.java:329)
  at org.junit.runners.ParentRunner.access$100(ParentRunner.java:66)
  at org.junit.runners.ParentRunner$2.evaluate(ParentRunner.java:293)
  at org.junit.runners.ParentRunner$3.evaluate(ParentRunner.java:306)
  at org.junit.runners.ParentRunner.run(ParentRunner.java:413)
  at org.junit.runner.JUnitCore.run(JUnitCore.java:137)
  at org.junit.runner.JUnitCore.run(JUnitCore.java:115)
  at org.gradle.api.internal.tasks.testing.junit.JUnitTestExecutor.runRequest(JUnitTestExecutor.java:175)
  at org.gradle.api.internal.tasks.testing.junit.JUnitTestExecutor.accept(JUnitTestExecutor.java:84)
  at org.gradle.api.internal.tasks.testing.junit.JUnitTestExecutor.accept(JUnitTestExecutor.java:47)
  at org.gradle.api.internal.tasks.testing.junit.AbstractJUnitTestDefinitionProcessor.processTestDefinition(AbstractJUnitTestDefinitionProcessor.java:65)
  at org.gradle.api.internal.tasks.testing.SuiteTestDefinitionProcessor.processTestDefinition(SuiteTestDefinitionProcessor.java:54)
  at java.base/jdk.internal.reflect.DirectMethodHandleAccessor.invoke(DirectMethodHandleAccessor.java:104)
  at java.base/java.lang.reflect.Method.invoke(Method.java:565)
  at org.gradle.internal.dispatch.MethodInvocation.invokeOn(MethodInvocation.java:77)
  at org.gradle.internal.dispatch.ReflectionDispatch.dispatch(ReflectionDispatch.java:28)
  at org.gradle.internal.dispatch.ReflectionDispatch.dispatch(ReflectionDispatch.java:19)
  at org.gradle.internal.dispatch.ContextClassLoaderDispatch.dispatch(ContextClassLoaderDispatch.java:33)
  at org.gradle.internal.dispatch.ProxyDispatchAdapter$DispatchingInvocationHandler.invoke(ProxyDispatchAdapter.java:88)
  at jdk.proxy1/jdk.proxy1.$Proxy4.processTestDefinition(Unknown Source)
  at org.gradle.api.internal.tasks.testing.worker.TestWorker$2.run(TestWorker.java:178)
  at org.gradle.api.internal.tasks.testing.worker.TestWorker.executeAndMaintainThreadName(TestWorker.java:126)
  at org.gradle.api.internal.tasks.testing.worker.TestWorker.execute(TestWorker.java:103)
  at org.gradle.api.internal.tasks.testing.worker.TestWorker.execute(TestWorker.java:63)
  at org.gradle.process.internal.worker.child.ActionExecutionWorker.execute(ActionExecutionWorker.java:56)
  at org.gradle.process.internal.worker.child.SystemApplicationClassLoaderWorker.call(SystemApplicationClassLoaderWorker.java:122)
  at org.gradle.process.internal.worker.child.SystemApplicationClassLoaderWorker.call(SystemApplicationClassLoaderWorker.java:72)
  at worker.org.gradle.process.internal.worker.GradleWorkerMain.run(GradleWorkerMain.java:69)
  at worker.org.gradle.process.internal.worker.GradleWorkerMain.main(GradleWorkerMain.java:74)
</stacktrace>
</test-failure>


TypeScriptCompilerTests_I[jvm] > interfaceMemberValidation_ts has expected errors matching interfaceMemberValidation_errors_txt[jvm] FAILED

<test-failure test="com.xemantic.typescript.compiler.TypeScriptCompilerTests_I.importDeclWithDeclareModifier_ts has expected errors matching importDeclWithDeclareModifier_errors_txt" platform="jvm">
<message>
Expected diagnostics from baseline typescript-repo/tests/baselines/reference/importDeclWithDeclareModifier.errors.txt but none produced
</message>
<stacktrace>
  at com.xemantic.typescript.compiler.TypeScriptTestSupportKt.errorsMatchBaseline(TypeScriptTestSupport.kt:125)
  at com.xemantic.typescript.compiler.TypeScriptCompilerTests_I.importDeclWithDeclareModifier_ts has expected errors matching importDeclWithDeclareModifier_errors_txt(TypeScriptCompilerTests_I.kt:952)
  at java.base/jdk.internal.reflect.DirectMethodHandleAccessor.invoke(DirectMethodHandleAccessor.java:104)
  at java.base/java.lang.reflect.Method.invoke(Method.java:565)
  at org.junit.runners.model.FrameworkMethod$1.runReflectiveCall(FrameworkMethod.java:59)
  at org.junit.internal.runners.model.ReflectiveCallable.run(ReflectiveCallable.java:12)
  at org.junit.runners.model.FrameworkMethod.invokeExplosively(FrameworkMethod.java:56)
  at org.junit.internal.runners.statements.InvokeMethod.evaluate(InvokeMethod.java:17)
  at org.junit.runners.ParentRunner$3.evaluate(ParentRunner.java:306)
  at org.junit.runners.BlockJUnit4ClassRunner$1.evaluate(BlockJUnit4ClassRunner.java:100)
  at org.junit.runners.ParentRunner.runLeaf(ParentRunner.java:366)
  at org.junit.runners.BlockJUnit4ClassRunner.runChild(BlockJUnit4ClassRunner.java:103)
  at org.junit.runners.BlockJUnit4ClassRunner.runChild(BlockJUnit4ClassRunner.java:63)
  at org.junit.runners.ParentRunner$4.run(ParentRunner.java:331)
  at org.junit.runners.ParentRunner$1.schedule(ParentRunner.java:79)
  at org.junit.runners.ParentRunner.runChildren(ParentRunner.java:329)
  at org.junit.runners.ParentRunner.access$100(ParentRunner.java:66)
  at org.junit.runners.ParentRunner$2.evaluate(ParentRunner.java:293)
  at org.junit.runners.ParentRunner$3.evaluate(ParentRunner.java:306)
  at org.junit.runners.ParentRunner.run(ParentRunner.java:413)
  at org.junit.runner.JUnitCore.run(JUnitCore.java:137)
  at org.junit.runner.JUnitCore.run(JUnitCore.java:115)
  at org.gradle.api.internal.tasks.testing.junit.JUnitTestExecutor.runRequest(JUnitTestExecutor.java:175)
  at org.gradle.api.internal.tasks.testing.junit.JUnitTestExecutor.accept(JUnitTestExecutor.java:84)
  at org.gradle.api.internal.tasks.testing.junit.JUnitTestExecutor.accept(JUnitTestExecutor.java:47)
  at org.gradle.api.internal.tasks.testing.junit.AbstractJUnitTestDefinitionProcessor.processTestDefinition(AbstractJUnitTestDefinitionProcessor.java:65)
  at org.gradle.api.internal.tasks.testing.SuiteTestDefinitionProcessor.processTestDefinition(SuiteTestDefinitionProcessor.java:54)
  at java.base/jdk.internal.reflect.DirectMethodHandleAccessor.invoke(DirectMethodHandleAccessor.java:104)
  at java.base/java.lang.reflect.Method.invoke(Method.java:565)
  at org.gradle.internal.dispatch.MethodInvocation.invokeOn(MethodInvocation.java:77)
  at org.gradle.internal.dispatch.ReflectionDispatch.dispatch(ReflectionDispatch.java:28)
  at org.gradle.internal.dispatch.ReflectionDispatch.dispatch(ReflectionDispatch.java:19)
  at org.gradle.internal.dispatch.ContextClassLoaderDispatch.dispatch(ContextClassLoaderDispatch.java:33)
  at org.gradle.internal.dispatch.ProxyDispatchAdapter$DispatchingInvocationHandler.invoke(ProxyDispatchAdapter.java:88)
  at jdk.proxy1/jdk.proxy1.$Proxy4.processTestDefinition(Unknown Source)
  at org.gradle.api.internal.tasks.testing.worker.TestWorker$2.run(TestWorker.java:178)
  at org.gradle.api.internal.tasks.testing.worker.TestWorker.executeAndMaintainThreadName(TestWorker.java:126)
  at org.gradle.api.internal.tasks.testing.worker.TestWorker.execute(TestWorker.java:103)
  at org.gradle.api.internal.tasks.testing.worker.TestWorker.execute(TestWorker.java:63)
  at org.gradle.process.internal.worker.child.ActionExecutionWorker.execute(ActionExecutionWorker.java:56)
  at org.gradle.process.internal.worker.child.SystemApplicationClassLoaderWorker.call(SystemApplicationClassLoaderWorker.java:122)
  at org.gradle.process.internal.worker.child.SystemApplicationClassLoaderWorker.call(SystemApplicationClassLoaderWorker.java:72)
  at worker.org.gradle.process.internal.worker.GradleWorkerMain.run(GradleWorkerMain.java:69)
  at worker.org.gradle.process.internal.worker.GradleWorkerMain.main(GradleWorkerMain.java:74)
</stacktrace>
</test-failure>


TypeScriptCompilerTests_I[jvm] > importDeclWithDeclareModifier_ts has expected errors matching importDeclWithDeclareModifier_errors_txt[jvm] FAILED

<test-failure test="com.xemantic.typescript.compiler.TypeScriptCompilerTests_I.importAssertionNonstring_ts has expected errors matching importAssertionNonstring_errors_txt" platform="jvm">
<message>
Expected diagnostics from baseline typescript-repo/tests/baselines/reference/importAssertionNonstring.errors.txt but none produced
</message>
<stacktrace>
  at com.xemantic.typescript.compiler.TypeScriptTestSupportKt.errorsMatchBaseline(TypeScriptTestSupport.kt:125)
  at com.xemantic.typescript.compiler.TypeScriptCompilerTests_I.importAssertionNonstring_ts has expected errors matching importAssertionNonstring_errors_txt(TypeScriptCompilerTests_I.kt:854)
  at java.base/jdk.internal.reflect.DirectMethodHandleAccessor.invoke(DirectMethodHandleAccessor.java:104)
  at java.base/java.lang.reflect.Method.invoke(Method.java:565)
  at org.junit.runners.model.FrameworkMethod$1.runReflectiveCall(FrameworkMethod.java:59)
  at org.junit.internal.runners.model.ReflectiveCallable.run(ReflectiveCallable.java:12)
  at org.junit.runners.model.FrameworkMethod.invokeExplosively(FrameworkMethod.java:56)
  at org.junit.internal.runners.statements.InvokeMethod.evaluate(InvokeMethod.java:17)
  at org.junit.runners.ParentRunner$3.evaluate(ParentRunner.java:306)
  at org.junit.runners.BlockJUnit4ClassRunner$1.evaluate(BlockJUnit4ClassRunner.java:100)
  at org.junit.runners.ParentRunner.runLeaf(ParentRunner.java:366)
  at org.junit.runners.BlockJUnit4ClassRunner.runChild(BlockJUnit4ClassRunner.java:103)
  at org.junit.runners.BlockJUnit4ClassRunner.runChild(BlockJUnit4ClassRunner.java:63)
  at org.junit.runners.ParentRunner$4.run(ParentRunner.java:331)
  at org.junit.runners.ParentRunner$1.schedule(ParentRunner.java:79)
  at org.junit.runners.ParentRunner.runChildren(ParentRunner.java:329)
  at org.junit.runners.ParentRunner.access$100(ParentRunner.java:66)
  at org.junit.runners.ParentRunner$2.evaluate(ParentRunner.java:293)
  at org.junit.runners.ParentRunner$3.evaluate(ParentRunner.java:306)
  at org.junit.runners.ParentRunner.run(ParentRunner.java:413)
  at org.junit.runner.JUnitCore.run(JUnitCore.java:137)
  at org.junit.runner.JUnitCore.run(JUnitCore.java:115)
  at org.gradle.api.internal.tasks.testing.junit.JUnitTestExecutor.runRequest(JUnitTestExecutor.java:175)
  at org.gradle.api.internal.tasks.testing.junit.JUnitTestExecutor.accept(JUnitTestExecutor.java:84)
  at org.gradle.api.internal.tasks.testing.junit.JUnitTestExecutor.accept(JUnitTestExecutor.java:47)
  at org.gradle.api.internal.tasks.testing.junit.AbstractJUnitTestDefinitionProcessor.processTestDefinition(AbstractJUnitTestDefinitionProcessor.java:65)
  at org.gradle.api.internal.tasks.testing.SuiteTestDefinitionProcessor.processTestDefinition(SuiteTestDefinitionProcessor.java:54)
  at java.base/jdk.internal.reflect.DirectMethodHandleAccessor.invoke(DirectMethodHandleAccessor.java:104)
  at java.base/java.lang.reflect.Method.invoke(Method.java:565)
  at org.gradle.internal.dispatch.MethodInvocation.invokeOn(MethodInvocation.java:77)
  at org.gradle.internal.dispatch.ReflectionDispatch.dispatch(ReflectionDispatch.java:28)
  at org.gradle.internal.dispatch.ReflectionDispatch.dispatch(ReflectionDispatch.java:19)
  at org.gradle.internal.dispatch.ContextClassLoaderDispatch.dispatch(ContextClassLoaderDispatch.java:33)
  at org.gradle.internal.dispatch.ProxyDispatchAdapter$DispatchingInvocationHandler.invoke(ProxyDispatchAdapter.java:88)
  at jdk.proxy1/jdk.proxy1.$Proxy4.processTestDefinition(Unknown Source)
  at org.gradle.api.internal.tasks.testing.worker.TestWorker$2.run(TestWorker.java:178)
  at org.gradle.api.internal.tasks.testing.worker.TestWorker.executeAndMaintainThreadName(TestWorker.java:126)
  at org.gradle.api.internal.tasks.testing.worker.TestWorker.execute(TestWorker.java:103)
  at org.gradle.api.internal.tasks.testing.worker.TestWorker.execute(TestWorker.java:63)
  at org.gradle.process.internal.worker.child.ActionExecutionWorker.execute(ActionExecutionWorker.java:56)
  at org.gradle.process.internal.worker.child.SystemApplicationClassLoaderWorker.call(SystemApplicationClassLoaderWorker.java:122)
  at org.gradle.process.internal.worker.child.SystemApplicationClassLoaderWorker.call(SystemApplicationClassLoaderWorker.java:72)
  at worker.org.gradle.process.internal.worker.GradleWorkerMain.run(GradleWorkerMain.java:69)
  at worker.org.gradle.process.internal.worker.GradleWorkerMain.main(GradleWorkerMain.java:74)
</stacktrace>
</test-failure>


TypeScriptCompilerTests_I[jvm] > importAssertionNonstring_ts has expected errors matching importAssertionNonstring_errors_txt[jvm] FAILED

<test-failure test="com.xemantic.typescript.compiler.TypeScriptCompilerTests_I.importUsedAsTypeWithErrors_ts has expected errors matching importUsedAsTypeWithErrors_errors_txt" platform="jvm">
<message>
Expected diagnostics from baseline typescript-repo/tests/baselines/reference/importUsedAsTypeWithErrors.errors.txt but none produced
</message>
<stacktrace>
  at com.xemantic.typescript.compiler.TypeScriptTestSupportKt.errorsMatchBaseline(TypeScriptTestSupport.kt:125)
  at com.xemantic.typescript.compiler.TypeScriptCompilerTests_I.importUsedAsTypeWithErrors_ts has expected errors matching importUsedAsTypeWithErrors_errors_txt(TypeScriptCompilerTests_I.kt:2030)
  at java.base/jdk.internal.reflect.DirectMethodHandleAccessor.invoke(DirectMethodHandleAccessor.java:104)
  at java.base/java.lang.reflect.Method.invoke(Method.java:565)
  at org.junit.runners.model.FrameworkMethod$1.runReflectiveCall(FrameworkMethod.java:59)
  at org.junit.internal.runners.model.ReflectiveCallable.run(ReflectiveCallable.java:12)
  at org.junit.runners.model.FrameworkMethod.invokeExplosively(FrameworkMethod.java:56)
  at org.junit.internal.runners.statements.InvokeMethod.evaluate(InvokeMethod.java:17)
  at org.junit.runners.ParentRunner$3.evaluate(ParentRunner.java:306)
  at org.junit.runners.BlockJUnit4ClassRunner$1.evaluate(BlockJUnit4ClassRunner.java:100)
  at org.junit.runners.ParentRunner.runLeaf(ParentRunner.java:366)
  at org.junit.runners.BlockJUnit4ClassRunner.runChild(BlockJUnit4ClassRunner.java:103)
  at org.junit.runners.BlockJUnit4ClassRunner.runChild(BlockJUnit4ClassRunner.java:63)
  at org.junit.runners.ParentRunner$4.run(ParentRunner.java:331)
  at org.junit.runners.ParentRunner$1.schedule(ParentRunner.java:79)
  at org.junit.runners.ParentRunner.runChildren(ParentRunner.java:329)
  at org.junit.runners.ParentRunner.access$100(ParentRunner.java:66)
  at org.junit.runners.ParentRunner$2.evaluate(ParentRunner.java:293)
  at org.junit.runners.ParentRunner$3.evaluate(ParentRunner.java:306)
  at org.junit.runners.ParentRunner.run(ParentRunner.java:413)
  at org.junit.runner.JUnitCore.run(JUnitCore.java:137)
  at org.junit.runner.JUnitCore.run(JUnitCore.java:115)
  at org.gradle.api.internal.tasks.testing.junit.JUnitTestExecutor.runRequest(JUnitTestExecutor.java:175)
  at org.gradle.api.internal.tasks.testing.junit.JUnitTestExecutor.accept(JUnitTestExecutor.java:84)
  at org.gradle.api.internal.tasks.testing.junit.JUnitTestExecutor.accept(JUnitTestExecutor.java:47)
  at org.gradle.api.internal.tasks.testing.junit.AbstractJUnitTestDefinitionProcessor.processTestDefinition(AbstractJUnitTestDefinitionProcessor.java:65)
  at org.gradle.api.internal.tasks.testing.SuiteTestDefinitionProcessor.processTestDefinition(SuiteTestDefinitionProcessor.java:54)
  at java.base/jdk.internal.reflect.DirectMethodHandleAccessor.invoke(DirectMethodHandleAccessor.java:104)
  at java.base/java.lang.reflect.Method.invoke(Method.java:565)
  at org.gradle.internal.dispatch.MethodInvocation.invokeOn(MethodInvocation.java:77)
  at org.gradle.internal.dispatch.ReflectionDispatch.dispatch(ReflectionDispatch.java:28)
  at org.gradle.internal.dispatch.ReflectionDispatch.dispatch(ReflectionDispatch.java:19)
  at org.gradle.internal.dispatch.ContextClassLoaderDispatch.dispatch(ContextClassLoaderDispatch.java:33)
  at org.gradle.internal.dispatch.ProxyDispatchAdapter$DispatchingInvocationHandler.invoke(ProxyDispatchAdapter.java:88)
  at jdk.proxy1/jdk.proxy1.$Proxy4.processTestDefinition(Unknown Source)
  at org.gradle.api.internal.tasks.testing.worker.TestWorker$2.run(TestWorker.java:178)
  at org.gradle.api.internal.tasks.testing.worker.TestWorker.executeAndMaintainThreadName(TestWorker.java:126)
  at org.gradle.api.internal.tasks.testing.worker.TestWorker.execute(TestWorker.java:103)
  at org.gradle.api.internal.tasks.testing.worker.TestWorker.execute(TestWorker.java:63)
  at org.gradle.process.internal.worker.child.ActionExecutionWorker.execute(ActionExecutionWorker.java:56)
  at org.gradle.process.internal.worker.child.SystemApplicationClassLoaderWorker.call(SystemApplicationClassLoaderWorker.java:122)
  at org.gradle.process.internal.worker.child.SystemApplicationClassLoaderWorker.call(SystemApplicationClassLoaderWorker.java:72)
  at worker.org.gradle.process.internal.worker.GradleWorkerMain.run(GradleWorkerMain.java:69)
  at worker.org.gradle.process.internal.worker.GradleWorkerMain.main(GradleWorkerMain.java:74)
</stacktrace>
</test-failure>


TypeScriptCompilerTests_I[jvm] > importUsedAsTypeWithErrors_ts has expected errors matching importUsedAsTypeWithErrors_errors_txt[jvm] FAILED

<test-failure test="com.xemantic.typescript.compiler.TypeScriptCompilerTests_I.inferTypePredicates_ts compiles to JavaScript matching inferTypePredicates_js" platform="jvm">
<message>
--- expected
+++ actual
@@ -320,17 +320,14 @@
 const numsOrNull = [1, 2, 3, 4, null];
 const filteredNumsTruthy = numsOrNull.filter(x => !!x); // should error
 const filteredNumsNonNullish = numsOrNull.filter(x => x !== null); // should ok
-const evenSquaresInline = // should error
- [1, 2, 3, 4]
+const evenSquaresInline = [1, 2, 3, 4]
     .map(x => x % 2 === 0 ? x * x : null)
     .filter(x => !!x); // tests truthiness, not non-nullishness
 const isTruthy = (x) => !!x;
-const evenSquares = // should error
- [1, 2, 3, 4]
+const evenSquares = [1, 2, 3, 4]
     .map(x => x % 2 === 0 ? x * x : null)
     .filter(isTruthy);
-const evenSquaresNonNull = // should ok
- [1, 2, 3, 4]
+const evenSquaresNonNull = [1, 2, 3, 4]
     .map(x => x % 2 === 0 ? x * x : null)
     .filter(x => x !== null);
 function isNonNull(x) {
@@ -351,7 +348,7 @@
 const result = myArray
     .map((arr) => arr.list)
     .filter((arr) => arr && arr.length)
-    .map((arr) => arr // should error
+    .map((arr) => arr
     .filter((obj) => obj && obj.data)
     .map(obj => JSON.parse(obj.data)) // should error
 );
@@ -359,9 +356,8 @@
     .map((arr) => arr.list)
     .filter((arr) => !!arr)
     .filter(arr => arr.length)
-    .map((arr) => arr // should ok
+    .map((arr) => arr
     .filter((obj) => obj)
-    // inferring a guard here would require https://github.com/microsoft/TypeScript/issues/42384
     .filter(obj => !!obj.data)
     .map(obj => JSON.parse(obj.data)));
 const list = [];

</message>
<stacktrace>
  at org.junit.Assert.fail(Assert.java:89)
  at kotlin.test.junit.JUnitAsserter.fail(JUnitSupport.kt:56)
  at kotlin.test.AssertionsKt__AssertionsKt.fail(Assertions.kt:563)
  at kotlin.test.AssertionsKt.fail(Unknown Source)
  at com.xemantic.kotlin.test.SameAsKt.sameAs(SameAs.kt:52)
  at com.xemantic.typescript.compiler.TypeScriptTestSupportKt.sameAs(TypeScriptTestSupport.kt:99)
  at com.xemantic.typescript.compiler.TypeScriptCompilerTests_I.inferTypePredicates_ts compiles to JavaScript matching inferTypePredicates_js(TypeScriptCompilerTests_I.kt:3339)
  at java.base/jdk.internal.reflect.DirectMethodHandleAccessor.invoke(DirectMethodHandleAccessor.java:104)
  at java.base/java.lang.reflect.Method.invoke(Method.java:565)
  at org.junit.runners.model.FrameworkMethod$1.runReflectiveCall(FrameworkMethod.java:59)
  at org.junit.internal.runners.model.ReflectiveCallable.run(ReflectiveCallable.java:12)
  at org.junit.runners.model.FrameworkMethod.invokeExplosively(FrameworkMethod.java:56)
  at org.junit.internal.runners.statements.InvokeMethod.evaluate(InvokeMethod.java:17)
  at org.junit.runners.ParentRunner$3.evaluate(ParentRunner.java:306)
  at org.junit.runners.BlockJUnit4ClassRunner$1.evaluate(BlockJUnit4ClassRunner.java:100)
  at org.junit.runners.ParentRunner.runLeaf(ParentRunner.java:366)
  at org.junit.runners.BlockJUnit4ClassRunner.runChild(BlockJUnit4ClassRunner.java:103)
  at org.junit.runners.BlockJUnit4ClassRunner.runChild(BlockJUnit4ClassRunner.java:63)
  at org.junit.runners.ParentRunner$4.run(ParentRunner.java:331)
  at org.junit.runners.ParentRunner$1.schedule(ParentRunner.java:79)
  at org.junit.runners.ParentRunner.runChildren(ParentRunner.java:329)
  at org.junit.runners.ParentRunner.access$100(ParentRunner.java:66)
  at org.junit.runners.ParentRunner$2.evaluate(ParentRunner.java:293)
  at org.junit.runners.ParentRunner$3.evaluate(ParentRunner.java:306)
  at org.junit.runners.ParentRunner.run(ParentRunner.java:413)
  at org.junit.runner.JUnitCore.run(JUnitCore.java:137)
  at org.junit.runner.JUnitCore.run(JUnitCore.java:115)
  at org.gradle.api.internal.tasks.testing.junit.JUnitTestExecutor.runRequest(JUnitTestExecutor.java:175)
  at org.gradle.api.internal.tasks.testing.junit.JUnitTestExecutor.accept(JUnitTestExecutor.java:84)
  at org.gradle.api.internal.tasks.testing.junit.JUnitTestExecutor.accept(JUnitTestExecutor.java:47)
  at org.gradle.api.internal.tasks.testing.junit.AbstractJUnitTestDefinitionProcessor.processTestDefinition(AbstractJUnitTestDefinitionProcessor.java:65)
  at org.gradle.api.internal.tasks.testing.SuiteTestDefinitionProcessor.processTestDefinition(SuiteTestDefinitionProcessor.java:54)
  at java.base/jdk.internal.reflect.DirectMethodHandleAccessor.invoke(DirectMethodHandleAccessor.java:104)
  at java.base/java.lang.reflect.Method.invoke(Method.java:565)
  at org.gradle.internal.dispatch.MethodInvocation.invokeOn(MethodInvocation.java:77)
  at org.gradle.internal.dispatch.ReflectionDispatch.dispatch(ReflectionDispatch.java:28)
  at org.gradle.internal.dispatch.ReflectionDispatch.dispatch(ReflectionDispatch.java:19)
  at org.gradle.internal.dispatch.ContextClassLoaderDispatch.dispatch(ContextClassLoaderDispatch.java:33)
  at org.gradle.internal.dispatch.ProxyDispatchAdapter$DispatchingInvocationHandler.invoke(ProxyDispatchAdapter.java:88)
  at jdk.proxy1/jdk.proxy1.$Proxy4.processTestDefinition(Unknown Source)
  at org.gradle.api.internal.tasks.testing.worker.TestWorker$2.run(TestWorker.java:178)
  at org.gradle.api.internal.tasks.testing.worker.TestWorker.executeAndMaintainThreadName(TestWorker.java:126)
  at org.gradle.api.internal.tasks.testing.worker.TestWorker.execute(TestWorker.java:103)
  at org.gradle.api.internal.tasks.testing.worker.TestWorker.execute(TestWorker.java:63)
  at org.gradle.process.internal.worker.child.ActionExecutionWorker.execute(ActionExecutionWorker.java:56)
  at org.gradle.process.internal.worker.child.SystemApplicationClassLoaderWorker.call(SystemApplicationClassLoaderWorker.java:122)
  at org.gradle.process.internal.worker.child.SystemApplicationClassLoaderWorker.call(SystemApplicationClassLoaderWorker.java:72)
  at worker.org.gradle.process.internal.worker.GradleWorkerMain.run(GradleWorkerMain.java:69)
  at worker.org.gradle.process.internal.worker.GradleWorkerMain.main(GradleWorkerMain.java:74)
</stacktrace>
</test-failure>


TypeScriptCompilerTests_I[jvm] > inferTypePredicates_ts compiles to JavaScript matching inferTypePredicates_js[jvm] FAILED

<test-failure test="com.xemantic.typescript.compiler.TypeScriptCompilerTests_I.inheritanceMemberAccessorOverridingMethod_ts__target_es2015__has expected errors matching baseline" platform="jvm">
<message>
Expected diagnostics from baseline typescript-repo/tests/baselines/reference/inheritanceMemberAccessorOverridingMethod(target=es2015).errors.txt but none produced
</message>
<stacktrace>
  at com.xemantic.typescript.compiler.TypeScriptTestSupportKt.errorsMatchBaseline(TypeScriptTestSupport.kt:125)
  at com.xemantic.typescript.compiler.TypeScriptCompilerTests_I.inheritanceMemberAccessorOverridingMethod_ts__target_es2015__has expected errors matching baseline(TypeScriptCompilerTests_I.kt:4011)
  at java.base/jdk.internal.reflect.DirectMethodHandleAccessor.invoke(DirectMethodHandleAccessor.java:104)
  at java.base/java.lang.reflect.Method.invoke(Method.java:565)
  at org.junit.runners.model.FrameworkMethod$1.runReflectiveCall(FrameworkMethod.java:59)
  at org.junit.internal.runners.model.ReflectiveCallable.run(ReflectiveCallable.java:12)
  at org.junit.runners.model.FrameworkMethod.invokeExplosively(FrameworkMethod.java:56)
  at org.junit.internal.runners.statements.InvokeMethod.evaluate(InvokeMethod.java:17)
  at org.junit.runners.ParentRunner$3.evaluate(ParentRunner.java:306)
  at org.junit.runners.BlockJUnit4ClassRunner$1.evaluate(BlockJUnit4ClassRunner.java:100)
  at org.junit.runners.ParentRunner.runLeaf(ParentRunner.java:366)
  at org.junit.runners.BlockJUnit4ClassRunner.runChild(BlockJUnit4ClassRunner.java:103)
  at org.junit.runners.BlockJUnit4ClassRunner.runChild(BlockJUnit4ClassRunner.java:63)
  at org.junit.runners.ParentRunner$4.run(ParentRunner.java:331)
  at org.junit.runners.ParentRunner$1.schedule(ParentRunner.java:79)
  at org.junit.runners.ParentRunner.runChildren(ParentRunner.java:329)
  at org.junit.runners.ParentRunner.access$100(ParentRunner.java:66)
  at org.junit.runners.ParentRunner$2.evaluate(ParentRunner.java:293)
  at org.junit.runners.ParentRunner$3.evaluate(ParentRunner.java:306)
  at org.junit.runners.ParentRunner.run(ParentRunner.java:413)
  at org.junit.runner.JUnitCore.run(JUnitCore.java:137)
  at org.junit.runner.JUnitCore.run(JUnitCore.java:115)
  at org.gradle.api.internal.tasks.testing.junit.JUnitTestExecutor.runRequest(JUnitTestExecutor.java:175)
  at org.gradle.api.internal.tasks.testing.junit.JUnitTestExecutor.accept(JUnitTestExecutor.java:84)
  at org.gradle.api.internal.tasks.testing.junit.JUnitTestExecutor.accept(JUnitTestExecutor.java:47)
  at org.gradle.api.internal.tasks.testing.junit.AbstractJUnitTestDefinitionProcessor.processTestDefinition(AbstractJUnitTestDefinitionProcessor.java:65)
  at org.gradle.api.internal.tasks.testing.SuiteTestDefinitionProcessor.processTestDefinition(SuiteTestDefinitionProcessor.java:54)
  at java.base/jdk.internal.reflect.DirectMethodHandleAccessor.invoke(DirectMethodHandleAccessor.java:104)
  at java.base/java.lang.reflect.Method.invoke(Method.java:565)
  at org.gradle.internal.dispatch.MethodInvocation.invokeOn(MethodInvocation.java:77)
  at org.gradle.internal.dispatch.ReflectionDispatch.dispatch(ReflectionDispatch.java:28)
  at org.gradle.internal.dispatch.ReflectionDispatch.dispatch(ReflectionDispatch.java:19)
  at org.gradle.internal.dispatch.ContextClassLoaderDispatch.dispatch(ContextClassLoaderDispatch.java:33)
  at org.gradle.internal.dispatch.ProxyDispatchAdapter$DispatchingInvocationHandler.invoke(ProxyDispatchAdapter.java:88)
  at jdk.proxy1/jdk.proxy1.$Proxy4.processTestDefinition(Unknown Source)
  at org.gradle.api.internal.tasks.testing.worker.TestWorker$2.run(TestWorker.java:178)
  at org.gradle.api.internal.tasks.testing.worker.TestWorker.executeAndMaintainThreadName(TestWorker.java:126)
  at org.gradle.api.internal.tasks.testing.worker.TestWorker.execute(TestWorker.java:103)
  at org.gradle.api.internal.tasks.testing.worker.TestWorker.execute(TestWorker.java:63)
  at org.gradle.process.internal.worker.child.ActionExecutionWorker.execute(ActionExecutionWorker.java:56)
  at org.gradle.process.internal.worker.child.SystemApplicationClassLoaderWorker.call(SystemApplicationClassLoaderWorker.java:122)
  at org.gradle.process.internal.worker.child.SystemApplicationClassLoaderWorker.call(SystemApplicationClassLoaderWorker.java:72)
  at worker.org.gradle.process.internal.worker.GradleWorkerMain.run(GradleWorkerMain.java:69)
  at worker.org.gradle.process.internal.worker.GradleWorkerMain.main(GradleWorkerMain.java:74)
</stacktrace>
</test-failure>


TypeScriptCompilerTests_I[jvm] > inheritanceMemberAccessorOverridingMethod_ts__target_es2015__has expected errors matching baseline[jvm] FAILED

<test-failure test="com.xemantic.typescript.compiler.TypeScriptCompilerTests_I.isolatedDeclarationErrorsExpandoFunctions_ts has expected errors matching isolatedDeclarationErrorsExpandoFunctions_errors_txt" platform="jvm">
<message>
Expected diagnostics from baseline typescript-repo/tests/baselines/reference/isolatedDeclarationErrorsExpandoFunctions.errors.txt but none produced
</message>
<stacktrace>
  at com.xemantic.typescript.compiler.TypeScriptTestSupportKt.errorsMatchBaseline(TypeScriptTestSupport.kt:125)
  at com.xemantic.typescript.compiler.TypeScriptCompilerTests_I.isolatedDeclarationErrorsExpandoFunctions_ts has expected errors matching isolatedDeclarationErrorsExpandoFunctions_errors_txt(TypeScriptCompilerTests_I.kt:6601)
  at java.base/jdk.internal.reflect.DirectMethodHandleAccessor.invoke(DirectMethodHandleAccessor.java:104)
  at java.base/java.lang.reflect.Method.invoke(Method.java:565)
  at org.junit.runners.model.FrameworkMethod$1.runReflectiveCall(FrameworkMethod.java:59)
  at org.junit.internal.runners.model.ReflectiveCallable.run(ReflectiveCallable.java:12)
  at org.junit.runners.model.FrameworkMethod.invokeExplosively(FrameworkMethod.java:56)
  at org.junit.internal.runners.statements.InvokeMethod.evaluate(InvokeMethod.java:17)
  at org.junit.runners.ParentRunner$3.evaluate(ParentRunner.java:306)
  at org.junit.runners.BlockJUnit4ClassRunner$1.evaluate(BlockJUnit4ClassRunner.java:100)
  at org.junit.runners.ParentRunner.runLeaf(ParentRunner.java:366)
  at org.junit.runners.BlockJUnit4ClassRunner.runChild(BlockJUnit4ClassRunner.java:103)
  at org.junit.runners.BlockJUnit4ClassRunner.runChild(BlockJUnit4ClassRunner.java:63)
  at org.junit.runners.ParentRunner$4.run(ParentRunner.java:331)
  at org.junit.runners.ParentRunner$1.schedule(ParentRunner.java:79)
  at org.junit.runners.ParentRunner.runChildren(ParentRunner.java:329)
  at org.junit.runners.ParentRunner.access$100(ParentRunner.java:66)
  at org.junit.runners.ParentRunner$2.evaluate(ParentRunner.java:293)
  at org.junit.runners.ParentRunner$3.evaluate(ParentRunner.java:306)
  at org.junit.runners.ParentRunner.run(ParentRunner.java:413)
  at org.junit.runner.JUnitCore.run(JUnitCore.java:137)
  at org.junit.runner.JUnitCore.run(JUnitCore.java:115)
  at org.gradle.api.internal.tasks.testing.junit.JUnitTestExecutor.runRequest(JUnitTestExecutor.java:175)
  at org.gradle.api.internal.tasks.testing.junit.JUnitTestExecutor.accept(JUnitTestExecutor.java:84)
  at org.gradle.api.internal.tasks.testing.junit.JUnitTestExecutor.accept(JUnitTestExecutor.java:47)
  at org.gradle.api.internal.tasks.testing.junit.AbstractJUnitTestDefinitionProcessor.processTestDefinition(AbstractJUnitTestDefinitionProcessor.java:65)
  at org.gradle.api.internal.tasks.testing.SuiteTestDefinitionProcessor.processTestDefinition(SuiteTestDefinitionProcessor.java:54)
  at java.base/jdk.internal.reflect.DirectMethodHandleAccessor.invoke(DirectMethodHandleAccessor.java:104)
  at java.base/java.lang.reflect.Method.invoke(Method.java:565)
  at org.gradle.internal.dispatch.MethodInvocation.invokeOn(MethodInvocation.java:77)
  at org.gradle.internal.dispatch.ReflectionDispatch.dispatch(ReflectionDispatch.java:28)
  at org.gradle.internal.dispatch.ReflectionDispatch.dispatch(ReflectionDispatch.java:19)
  at org.gradle.internal.dispatch.ContextClassLoaderDispatch.dispatch(ContextClassLoaderDispatch.java:33)
  at org.gradle.internal.dispatch.ProxyDispatchAdapter$DispatchingInvocationHandler.invoke(ProxyDispatchAdapter.java:88)
  at jdk.proxy1/jdk.proxy1.$Proxy4.processTestDefinition(Unknown Source)
  at org.gradle.api.internal.tasks.testing.worker.TestWorker$2.run(TestWorker.java:178)
  at org.gradle.api.internal.tasks.testing.worker.TestWorker.executeAndMaintainThreadName(TestWorker.java:126)
  at org.gradle.api.internal.tasks.testing.worker.TestWorker.execute(TestWorker.java:103)
  at org.gradle.api.internal.tasks.testing.worker.TestWorker.execute(TestWorker.java:63)
  at org.gradle.process.internal.worker.child.ActionExecutionWorker.execute(ActionExecutionWorker.java:56)
  at org.gradle.process.internal.worker.child.SystemApplicationClassLoaderWorker.call(SystemApplicationClassLoaderWorker.java:122)
  at org.gradle.process.internal.worker.child.SystemApplicationClassLoaderWorker.call(SystemApplicationClassLoaderWorker.java:72)
  at worker.org.gradle.process.internal.worker.GradleWorkerMain.run(GradleWorkerMain.java:69)
  at worker.org.gradle.process.internal.worker.GradleWorkerMain.main(GradleWorkerMain.java:74)
</stacktrace>
</test-failure>


TypeScriptCompilerTests_I[jvm] > isolatedDeclarationErrorsExpandoFunctions_ts has expected errors matching isolatedDeclarationErrorsExpandoFunctions_errors_txt[jvm] FAILED

<test-failure test="com.xemantic.typescript.compiler.TypeScriptCompilerTests_I.inferenceFromIncompleteSource_ts has expected errors matching inferenceFromIncompleteSource_errors_txt" platform="jvm">
<message>
Expected diagnostics from baseline typescript-repo/tests/baselines/reference/inferenceFromIncompleteSource.errors.txt but none produced
</message>
<stacktrace>
  at com.xemantic.typescript.compiler.TypeScriptTestSupportKt.errorsMatchBaseline(TypeScriptTestSupport.kt:125)
  at com.xemantic.typescript.compiler.TypeScriptCompilerTests_I.inferenceFromIncompleteSource_ts has expected errors matching inferenceFromIncompleteSource_errors_txt(TypeScriptCompilerTests_I.kt:3402)
  at java.base/jdk.internal.reflect.DirectMethodHandleAccessor.invoke(DirectMethodHandleAccessor.java:104)
  at java.base/java.lang.reflect.Method.invoke(Method.java:565)
  at org.junit.runners.model.FrameworkMethod$1.runReflectiveCall(FrameworkMethod.java:59)
  at org.junit.internal.runners.model.ReflectiveCallable.run(ReflectiveCallable.java:12)
  at org.junit.runners.model.FrameworkMethod.invokeExplosively(FrameworkMethod.java:56)
  at org.junit.internal.runners.statements.InvokeMethod.evaluate(InvokeMethod.java:17)
  at org.junit.runners.ParentRunner$3.evaluate(ParentRunner.java:306)
  at org.junit.runners.BlockJUnit4ClassRunner$1.evaluate(BlockJUnit4ClassRunner.java:100)
  at org.junit.runners.ParentRunner.runLeaf(ParentRunner.java:366)
  at org.junit.runners.BlockJUnit4ClassRunner.runChild(BlockJUnit4ClassRunner.java:103)
  at org.junit.runners.BlockJUnit4ClassRunner.runChild(BlockJUnit4ClassRunner.java:63)
  at org.junit.runners.ParentRunner$4.run(ParentRunner.java:331)
  at org.junit.runners.ParentRunner$1.schedule(ParentRunner.java:79)
  at org.junit.runners.ParentRunner.runChildren(ParentRunner.java:329)
  at org.junit.runners.ParentRunner.access$100(ParentRunner.java:66)
  at org.junit.runners.ParentRunner$2.evaluate(ParentRunner.java:293)
  at org.junit.runners.ParentRunner$3.evaluate(ParentRunner.java:306)
  at org.junit.runners.ParentRunner.run(ParentRunner.java:413)
  at org.junit.runner.JUnitCore.run(JUnitCore.java:137)
  at org.junit.runner.JUnitCore.run(JUnitCore.java:115)
  at org.gradle.api.internal.tasks.testing.junit.JUnitTestExecutor.runRequest(JUnitTestExecutor.java:175)
  at org.gradle.api.internal.tasks.testing.junit.JUnitTestExecutor.accept(JUnitTestExecutor.java:84)
  at org.gradle.api.internal.tasks.testing.junit.JUnitTestExecutor.accept(JUnitTestExecutor.java:47)
  at org.gradle.api.internal.tasks.testing.junit.AbstractJUnitTestDefinitionProcessor.processTestDefinition(AbstractJUnitTestDefinitionProcessor.java:65)
  at org.gradle.api.internal.tasks.testing.SuiteTestDefinitionProcessor.processTestDefinition(SuiteTestDefinitionProcessor.java:54)
  at java.base/jdk.internal.reflect.DirectMethodHandleAccessor.invoke(DirectMethodHandleAccessor.java:104)
  at java.base/java.lang.reflect.Method.invoke(Method.java:565)
  at org.gradle.internal.dispatch.MethodInvocation.invokeOn(MethodInvocation.java:77)
  at org.gradle.internal.dispatch.ReflectionDispatch.dispatch(ReflectionDispatch.java:28)
  at org.gradle.internal.dispatch.ReflectionDispatch.dispatch(ReflectionDispatch.java:19)
  at org.gradle.internal.dispatch.ContextClassLoaderDispatch.dispatch(ContextClassLoaderDispatch.java:33)
  at org.gradle.internal.dispatch.ProxyDispatchAdapter$DispatchingInvocationHandler.invoke(ProxyDispatchAdapter.java:88)
  at jdk.proxy1/jdk.proxy1.$Proxy4.processTestDefinition(Unknown Source)
  at org.gradle.api.internal.tasks.testing.worker.TestWorker$2.run(TestWorker.java:178)
  at org.gradle.api.internal.tasks.testing.worker.TestWorker.executeAndMaintainThreadName(TestWorker.java:126)
  at org.gradle.api.internal.tasks.testing.worker.TestWorker.execute(TestWorker.java:103)
  at org.gradle.api.internal.tasks.testing.worker.TestWorker.execute(TestWorker.java:63)
  at org.gradle.process.internal.worker.child.ActionExecutionWorker.execute(ActionExecutionWorker.java:56)
  at org.gradle.process.internal.worker.child.SystemApplicationClassLoaderWorker.call(SystemApplicationClassLoaderWorker.java:122)
  at org.gradle.process.internal.worker.child.SystemApplicationClassLoaderWorker.call(SystemApplicationClassLoaderWorker.java:72)
  at worker.org.gradle.process.internal.worker.GradleWorkerMain.run(GradleWorkerMain.java:69)
  at worker.org.gradle.process.internal.worker.GradleWorkerMain.main(GradleWorkerMain.java:74)
</stacktrace>
</test-failure>


TypeScriptCompilerTests_I[jvm] > inferenceFromIncompleteSource_ts has expected errors matching inferenceFromIncompleteSource_errors_txt[jvm] FAILED

<test-failure test="com.xemantic.typescript.compiler.TypeScriptCompilerTests_I.inexistentPropertyInsideToStringType_ts has expected errors matching inexistentPropertyInsideToStringType_errors_txt" platform="jvm">
<message>
Expected diagnostics from baseline typescript-repo/tests/baselines/reference/inexistentPropertyInsideToStringType.errors.txt but none produced
</message>
<stacktrace>
  at com.xemantic.typescript.compiler.TypeScriptTestSupportKt.errorsMatchBaseline(TypeScriptTestSupport.kt:125)
  at com.xemantic.typescript.compiler.TypeScriptCompilerTests_I.inexistentPropertyInsideToStringType_ts has expected errors matching inexistentPropertyInsideToStringType_errors_txt(TypeScriptCompilerTests_I.kt:3185)
  at java.base/jdk.internal.reflect.DirectMethodHandleAccessor.invoke(DirectMethodHandleAccessor.java:104)
  at java.base/java.lang.reflect.Method.invoke(Method.java:565)
  at org.junit.runners.model.FrameworkMethod$1.runReflectiveCall(FrameworkMethod.java:59)
  at org.junit.internal.runners.model.ReflectiveCallable.run(ReflectiveCallable.java:12)
  at org.junit.runners.model.FrameworkMethod.invokeExplosively(FrameworkMethod.java:56)
  at org.junit.internal.runners.statements.InvokeMethod.evaluate(InvokeMethod.java:17)
  at org.junit.runners.ParentRunner$3.evaluate(ParentRunner.java:306)
  at org.junit.runners.BlockJUnit4ClassRunner$1.evaluate(BlockJUnit4ClassRunner.java:100)
  at org.junit.runners.ParentRunner.runLeaf(ParentRunner.java:366)
  at org.junit.runners.BlockJUnit4ClassRunner.runChild(BlockJUnit4ClassRunner.java:103)
  at org.junit.runners.BlockJUnit4ClassRunner.runChild(BlockJUnit4ClassRunner.java:63)
  at org.junit.runners.ParentRunner$4.run(ParentRunner.java:331)
  at org.junit.runners.ParentRunner$1.schedule(ParentRunner.java:79)
  at org.junit.runners.ParentRunner.runChildren(ParentRunner.java:329)
  at org.junit.runners.ParentRunner.access$100(ParentRunner.java:66)
  at org.junit.runners.ParentRunner$2.evaluate(ParentRunner.java:293)
  at org.junit.runners.ParentRunner$3.evaluate(ParentRunner.java:306)
  at org.junit.runners.ParentRunner.run(ParentRunner.java:413)
  at org.junit.runner.JUnitCore.run(JUnitCore.java:137)
  at org.junit.runner.JUnitCore.run(JUnitCore.java:115)
  at org.gradle.api.internal.tasks.testing.junit.JUnitTestExecutor.runRequest(JUnitTestExecutor.java:175)
  at org.gradle.api.internal.tasks.testing.junit.JUnitTestExecutor.accept(JUnitTestExecutor.java:84)
  at org.gradle.api.internal.tasks.testing.junit.JUnitTestExecutor.accept(JUnitTestExecutor.java:47)
  at org.gradle.api.internal.tasks.testing.junit.AbstractJUnitTestDefinitionProcessor.processTestDefinition(AbstractJUnitTestDefinitionProcessor.java:65)
  at org.gradle.api.internal.tasks.testing.SuiteTestDefinitionProcessor.processTestDefinition(SuiteTestDefinitionProcessor.java:54)
  at java.base/jdk.internal.reflect.DirectMethodHandleAccessor.invoke(DirectMethodHandleAccessor.java:104)
  at java.base/java.lang.reflect.Method.invoke(Method.java:565)
  at org.gradle.internal.dispatch.MethodInvocation.invokeOn(MethodInvocation.java:77)
  at org.gradle.internal.dispatch.ReflectionDispatch.dispatch(ReflectionDispatch.java:28)
  at org.gradle.internal.dispatch.ReflectionDispatch.dispatch(ReflectionDispatch.java:19)
  at org.gradle.internal.dispatch.ContextClassLoaderDispatch.dispatch(ContextClassLoaderDispatch.java:33)
  at org.gradle.internal.dispatch.ProxyDispatchAdapter$DispatchingInvocationHandler.invoke(ProxyDispatchAdapter.java:88)
  at jdk.proxy1/jdk.proxy1.$Proxy4.processTestDefinition(Unknown Source)
  at org.gradle.api.internal.tasks.testing.worker.TestWorker$2.run(TestWorker.java:178)
  at org.gradle.api.internal.tasks.testing.worker.TestWorker.executeAndMaintainThreadName(TestWorker.java:126)
  at org.gradle.api.internal.tasks.testing.worker.TestWorker.execute(TestWorker.java:103)
  at org.gradle.api.internal.tasks.testing.worker.TestWorker.execute(TestWorker.java:63)
  at org.gradle.process.internal.worker.child.ActionExecutionWorker.execute(ActionExecutionWorker.java:56)
  at org.gradle.process.internal.worker.child.SystemApplicationClassLoaderWorker.call(SystemApplicationClassLoaderWorker.java:122)
  at org.gradle.process.internal.worker.child.SystemApplicationClassLoaderWorker.call(SystemApplicationClassLoaderWorker.java:72)
  at worker.org.gradle.process.internal.worker.GradleWorkerMain.run(GradleWorkerMain.java:69)
  at worker.org.gradle.process.internal.worker.GradleWorkerMain.main(GradleWorkerMain.java:74)
</stacktrace>
</test-failure>


TypeScriptCompilerTests_I[jvm] > inexistentPropertyInsideToStringType_ts has expected errors matching inexistentPropertyInsideToStringType_errors_txt[jvm] FAILED

<test-failure test="com.xemantic.typescript.compiler.TypeScriptCompilerTests_I.isolatedDeclarationErrorsClassesExpressions_ts has expected errors matching isolatedDeclarationErrorsClassesExpressions_errors_txt" platform="jvm">
<message>
Expected diagnostics from baseline typescript-repo/tests/baselines/reference/isolatedDeclarationErrorsClassesExpressions.errors.txt but none produced
</message>
<stacktrace>
  at com.xemantic.typescript.compiler.TypeScriptTestSupportKt.errorsMatchBaseline(TypeScriptTestSupport.kt:125)
  at com.xemantic.typescript.compiler.TypeScriptCompilerTests_I.isolatedDeclarationErrorsClassesExpressions_ts has expected errors matching isolatedDeclarationErrorsClassesExpressions_errors_txt(TypeScriptCompilerTests_I.kt:6559)
  at java.base/jdk.internal.reflect.DirectMethodHandleAccessor.invoke(DirectMethodHandleAccessor.java:104)
  at java.base/java.lang.reflect.Method.invoke(Method.java:565)
  at org.junit.runners.model.FrameworkMethod$1.runReflectiveCall(FrameworkMethod.java:59)
  at org.junit.internal.runners.model.ReflectiveCallable.run(ReflectiveCallable.java:12)
  at org.junit.runners.model.FrameworkMethod.invokeExplosively(FrameworkMethod.java:56)
  at org.junit.internal.runners.statements.InvokeMethod.evaluate(InvokeMethod.java:17)
  at org.junit.runners.ParentRunner$3.evaluate(ParentRunner.java:306)
  at org.junit.runners.BlockJUnit4ClassRunner$1.evaluate(BlockJUnit4ClassRunner.java:100)
  at org.junit.runners.ParentRunner.runLeaf(ParentRunner.java:366)
  at org.junit.runners.BlockJUnit4ClassRunner.runChild(BlockJUnit4ClassRunner.java:103)
  at org.junit.runners.BlockJUnit4ClassRunner.runChild(BlockJUnit4ClassRunner.java:63)
  at org.junit.runners.ParentRunner$4.run(ParentRunner.java:331)
  at org.junit.runners.ParentRunner$1.schedule(ParentRunner.java:79)
  at org.junit.runners.ParentRunner.runChildren(ParentRunner.java:329)
  at org.junit.runners.ParentRunner.access$100(ParentRunner.java:66)
  at org.junit.runners.ParentRunner$2.evaluate(ParentRunner.java:293)
  at org.junit.runners.ParentRunner$3.evaluate(ParentRunner.java:306)
  at org.junit.runners.ParentRunner.run(ParentRunner.java:413)
  at org.junit.runner.JUnitCore.run(JUnitCore.java:137)
  at org.junit.runner.JUnitCore.run(JUnitCore.java:115)
  at org.gradle.api.internal.tasks.testing.junit.JUnitTestExecutor.runRequest(JUnitTestExecutor.java:175)
  at org.gradle.api.internal.tasks.testing.junit.JUnitTestExecutor.accept(JUnitTestExecutor.java:84)
  at org.gradle.api.internal.tasks.testing.junit.JUnitTestExecutor.accept(JUnitTestExecutor.java:47)
  at org.gradle.api.internal.tasks.testing.junit.AbstractJUnitTestDefinitionProcessor.processTestDefinition(AbstractJUnitTestDefinitionProcessor.java:65)
  at org.gradle.api.internal.tasks.testing.SuiteTestDefinitionProcessor.processTestDefinition(SuiteTestDefinitionProcessor.java:54)
  at java.base/jdk.internal.reflect.DirectMethodHandleAccessor.invoke(DirectMethodHandleAccessor.java:104)
  at java.base/java.lang.reflect.Method.invoke(Method.java:565)
  at org.gradle.internal.dispatch.MethodInvocation.invokeOn(MethodInvocation.java:77)
  at org.gradle.internal.dispatch.ReflectionDispatch.dispatch(ReflectionDispatch.java:28)
  at org.gradle.internal.dispatch.ReflectionDispatch.dispatch(ReflectionDispatch.java:19)
  at org.gradle.internal.dispatch.ContextClassLoaderDispatch.dispatch(ContextClassLoaderDispatch.java:33)
  at org.gradle.internal.dispatch.ProxyDispatchAdapter$DispatchingInvocationHandler.invoke(ProxyDispatchAdapter.java:88)
  at jdk.proxy1/jdk.proxy1.$Proxy4.processTestDefinition(Unknown Source)
  at org.gradle.api.internal.tasks.testing.worker.TestWorker$2.run(TestWorker.java:178)
  at org.gradle.api.internal.tasks.testing.worker.TestWorker.executeAndMaintainThreadName(TestWorker.java:126)
  at org.gradle.api.internal.tasks.testing.worker.TestWorker.execute(TestWorker.java:103)
  at org.gradle.api.internal.tasks.testing.worker.TestWorker.execute(TestWorker.java:63)
  at org.gradle.process.internal.worker.child.ActionExecutionWorker.execute(ActionExecutionWorker.java:56)
  at org.gradle.process.internal.worker.child.SystemApplicationClassLoaderWorker.call(SystemApplicationClassLoaderWorker.java:122)
  at org.gradle.process.internal.worker.child.SystemApplicationClassLoaderWorker.call(SystemApplicationClassLoaderWorker.java:72)
  at worker.org.gradle.process.internal.worker.GradleWorkerMain.run(GradleWorkerMain.java:69)
  at worker.org.gradle.process.internal.worker.GradleWorkerMain.main(GradleWorkerMain.java:74)
</stacktrace>
</test-failure>


TypeScriptCompilerTests_I[jvm] > isolatedDeclarationErrorsClassesExpressions_ts has expected errors matching isolatedDeclarationErrorsClassesExpressions_errors_txt[jvm] FAILED

<test-failure test="com.xemantic.typescript.compiler.TypeScriptCompilerTests_I.interfacedeclWithIndexerErrors_ts has expected errors matching interfacedeclWithIndexerErrors_errors_txt" platform="jvm">
<message>
Expected diagnostics from baseline typescript-repo/tests/baselines/reference/interfacedeclWithIndexerErrors.errors.txt but none produced
</message>
<stacktrace>
  at com.xemantic.typescript.compiler.TypeScriptTestSupportKt.errorsMatchBaseline(TypeScriptTestSupport.kt:125)
  at com.xemantic.typescript.compiler.TypeScriptCompilerTests_I.interfacedeclWithIndexerErrors_ts has expected errors matching interfacedeclWithIndexerErrors_errors_txt(TypeScriptCompilerTests_I.kt:5439)
  at java.base/jdk.internal.reflect.DirectMethodHandleAccessor.invoke(DirectMethodHandleAccessor.java:104)
  at java.base/java.lang.reflect.Method.invoke(Method.java:565)
  at org.junit.runners.model.FrameworkMethod$1.runReflectiveCall(FrameworkMethod.java:59)
  at org.junit.internal.runners.model.ReflectiveCallable.run(ReflectiveCallable.java:12)
  at org.junit.runners.model.FrameworkMethod.invokeExplosively(FrameworkMethod.java:56)
  at org.junit.internal.runners.statements.InvokeMethod.evaluate(InvokeMethod.java:17)
  at org.junit.runners.ParentRunner$3.evaluate(ParentRunner.java:306)
  at org.junit.runners.BlockJUnit4ClassRunner$1.evaluate(BlockJUnit4ClassRunner.java:100)
  at org.junit.runners.ParentRunner.runLeaf(ParentRunner.java:366)
  at org.junit.runners.BlockJUnit4ClassRunner.runChild(BlockJUnit4ClassRunner.java:103)
  at org.junit.runners.BlockJUnit4ClassRunner.runChild(BlockJUnit4ClassRunner.java:63)
  at org.junit.runners.ParentRunner$4.run(ParentRunner.java:331)
  at org.junit.runners.ParentRunner$1.schedule(ParentRunner.java:79)
  at org.junit.runners.ParentRunner.runChildren(ParentRunner.java:329)
  at org.junit.runners.ParentRunner.access$100(ParentRunner.java:66)
  at org.junit.runners.ParentRunner$2.evaluate(ParentRunner.java:293)
  at org.junit.runners.ParentRunner$3.evaluate(ParentRunner.java:306)
  at org.junit.runners.ParentRunner.run(ParentRunner.java:413)
  at org.junit.runner.JUnitCore.run(JUnitCore.java:137)
  at org.junit.runner.JUnitCore.run(JUnitCore.java:115)
  at org.gradle.api.internal.tasks.testing.junit.JUnitTestExecutor.runRequest(JUnitTestExecutor.java:175)
  at org.gradle.api.internal.tasks.testing.junit.JUnitTestExecutor.accept(JUnitTestExecutor.java:84)
  at org.gradle.api.internal.tasks.testing.junit.JUnitTestExecutor.accept(JUnitTestExecutor.java:47)
  at org.gradle.api.internal.tasks.testing.junit.AbstractJUnitTestDefinitionProcessor.processTestDefinition(AbstractJUnitTestDefinitionProcessor.java:65)
  at org.gradle.api.internal.tasks.testing.SuiteTestDefinitionProcessor.processTestDefinition(SuiteTestDefinitionProcessor.java:54)
  at java.base/jdk.internal.reflect.DirectMethodHandleAccessor.invoke(DirectMethodHandleAccessor.java:104)
  at java.base/java.lang.reflect.Method.invoke(Method.java:565)
  at org.gradle.internal.dispatch.MethodInvocation.invokeOn(MethodInvocation.java:77)
  at org.gradle.internal.dispatch.ReflectionDispatch.dispatch(ReflectionDispatch.java:28)
  at org.gradle.internal.dispatch.ReflectionDispatch.dispatch(ReflectionDispatch.java:19)
  at org.gradle.internal.dispatch.ContextClassLoaderDispatch.dispatch(ContextClassLoaderDispatch.java:33)
  at org.gradle.internal.dispatch.ProxyDispatchAdapter$DispatchingInvocationHandler.invoke(ProxyDispatchAdapter.java:88)
  at jdk.proxy1/jdk.proxy1.$Proxy4.processTestDefinition(Unknown Source)
  at org.gradle.api.internal.tasks.testing.worker.TestWorker$2.run(TestWorker.java:178)
  at org.gradle.api.internal.tasks.testing.worker.TestWorker.executeAndMaintainThreadName(TestWorker.java:126)
  at org.gradle.api.internal.tasks.testing.worker.TestWorker.execute(TestWorker.java:103)
  at org.gradle.api.internal.tasks.testing.worker.TestWorker.execute(TestWorker.java:63)
  at org.gradle.process.internal.worker.child.ActionExecutionWorker.execute(ActionExecutionWorker.java:56)
  at org.gradle.process.internal.worker.child.SystemApplicationClassLoaderWorker.call(SystemApplicationClassLoaderWorker.java:122)
  at org.gradle.process.internal.worker.child.SystemApplicationClassLoaderWorker.call(SystemApplicationClassLoaderWorker.java:72)
  at worker.org.gradle.process.internal.worker.GradleWorkerMain.run(GradleWorkerMain.java:69)
  at worker.org.gradle.process.internal.worker.GradleWorkerMain.main(GradleWorkerMain.java:74)
</stacktrace>
</test-failure>


TypeScriptCompilerTests_I[jvm] > interfacedeclWithIndexerErrors_ts has expected errors matching interfacedeclWithIndexerErrors_errors_txt[jvm] FAILED

<test-failure test="com.xemantic.typescript.compiler.TypeScriptCompilerTests_I.isolatedDeclarationErrors_ts has expected errors matching isolatedDeclarationErrors_errors_txt" platform="jvm">
<message>
Expected diagnostics from baseline typescript-repo/tests/baselines/reference/isolatedDeclarationErrors.errors.txt but none produced
</message>
<stacktrace>
  at com.xemantic.typescript.compiler.TypeScriptTestSupportKt.errorsMatchBaseline(TypeScriptTestSupport.kt:125)
  at com.xemantic.typescript.compiler.TypeScriptCompilerTests_I.isolatedDeclarationErrors_ts has expected errors matching isolatedDeclarationErrors_errors_txt(TypeScriptCompilerTests_I.kt:6517)
  at java.base/jdk.internal.reflect.DirectMethodHandleAccessor.invoke(DirectMethodHandleAccessor.java:104)
  at java.base/java.lang.reflect.Method.invoke(Method.java:565)
  at org.junit.runners.model.FrameworkMethod$1.runReflectiveCall(FrameworkMethod.java:59)
  at org.junit.internal.runners.model.ReflectiveCallable.run(ReflectiveCallable.java:12)
  at org.junit.runners.model.FrameworkMethod.invokeExplosively(FrameworkMethod.java:56)
  at org.junit.internal.runners.statements.InvokeMethod.evaluate(InvokeMethod.java:17)
  at org.junit.runners.ParentRunner$3.evaluate(ParentRunner.java:306)
  at org.junit.runners.BlockJUnit4ClassRunner$1.evaluate(BlockJUnit4ClassRunner.java:100)
  at org.junit.runners.ParentRunner.runLeaf(ParentRunner.java:366)
  at org.junit.runners.BlockJUnit4ClassRunner.runChild(BlockJUnit4ClassRunner.java:103)
  at org.junit.runners.BlockJUnit4ClassRunner.runChild(BlockJUnit4ClassRunner.java:63)
  at org.junit.runners.ParentRunner$4.run(ParentRunner.java:331)
  at org.junit.runners.ParentRunner$1.schedule(ParentRunner.java:79)
  at org.junit.runners.ParentRunner.runChildren(ParentRunner.java:329)
  at org.junit.runners.ParentRunner.access$100(ParentRunner.java:66)
  at org.junit.runners.ParentRunner$2.evaluate(ParentRunner.java:293)
  at org.junit.runners.ParentRunner$3.evaluate(ParentRunner.java:306)
  at org.junit.runners.ParentRunner.run(ParentRunner.java:413)
  at org.junit.runner.JUnitCore.run(JUnitCore.java:137)
  at org.junit.runner.JUnitCore.run(JUnitCore.java:115)
  at org.gradle.api.internal.tasks.testing.junit.JUnitTestExecutor.runRequest(JUnitTestExecutor.java:175)
  at org.gradle.api.internal.tasks.testing.junit.JUnitTestExecutor.accept(JUnitTestExecutor.java:84)
  at org.gradle.api.internal.tasks.testing.junit.JUnitTestExecutor.accept(JUnitTestExecutor.java:47)
  at org.gradle.api.internal.tasks.testing.junit.AbstractJUnitTestDefinitionProcessor.processTestDefinition(AbstractJUnitTestDefinitionProcessor.java:65)
  at org.gradle.api.internal.tasks.testing.SuiteTestDefinitionProcessor.processTestDefinition(SuiteTestDefinitionProcessor.java:54)
  at java.base/jdk.internal.reflect.DirectMethodHandleAccessor.invoke(DirectMethodHandleAccessor.java:104)
  at java.base/java.lang.reflect.Method.invoke(Method.java:565)
  at org.gradle.internal.dispatch.MethodInvocation.invokeOn(MethodInvocation.java:77)
  at org.gradle.internal.dispatch.ReflectionDispatch.dispatch(ReflectionDispatch.java:28)
  at org.gradle.internal.dispatch.ReflectionDispatch.dispatch(ReflectionDispatch.java:19)
  at org.gradle.internal.dispatch.ContextClassLoaderDispatch.dispatch(ContextClassLoaderDispatch.java:33)
  at org.gradle.internal.dispatch.ProxyDispatchAdapter$DispatchingInvocationHandler.invoke(ProxyDispatchAdapter.java:88)
  at jdk.proxy1/jdk.proxy1.$Proxy4.processTestDefinition(Unknown Source)
  at org.gradle.api.internal.tasks.testing.worker.TestWorker$2.run(TestWorker.java:178)
  at org.gradle.api.internal.tasks.testing.worker.TestWorker.executeAndMaintainThreadName(TestWorker.java:126)
  at org.gradle.api.internal.tasks.testing.worker.TestWorker.execute(TestWorker.java:103)
  at org.gradle.api.internal.tasks.testing.worker.TestWorker.execute(TestWorker.java:63)
  at org.gradle.process.internal.worker.child.ActionExecutionWorker.execute(ActionExecutionWorker.java:56)
  at org.gradle.process.internal.worker.child.SystemApplicationClassLoaderWorker.call(SystemApplicationClassLoaderWorker.java:122)
  at org.gradle.process.internal.worker.child.SystemApplicationClassLoaderWorker.call(SystemApplicationClassLoaderWorker.java:72)
  at worker.org.gradle.process.internal.worker.GradleWorkerMain.run(GradleWorkerMain.java:69)
  at worker.org.gradle.process.internal.worker.GradleWorkerMain.main(GradleWorkerMain.java:74)
</stacktrace>
</test-failure>


TypeScriptCompilerTests_I[jvm] > isolatedDeclarationErrors_ts has expected errors matching isolatedDeclarationErrors_errors_txt[jvm] FAILED

<test-failure test="com.xemantic.typescript.compiler.TypeScriptCompilerTests_I.internalAliasEnumInsideLocalModuleWithoutExportAccessError_ts has expected errors matching internalAliasEnumInsideLocalModuleWithoutExportAccessError_errors_txt" platform="jvm">
<message>
Expected diagnostics from baseline typescript-repo/tests/baselines/reference/internalAliasEnumInsideLocalModuleWithoutExportAccessError.errors.txt but none produced
</message>
<stacktrace>
  at com.xemantic.typescript.compiler.TypeScriptTestSupportKt.errorsMatchBaseline(TypeScriptTestSupport.kt:125)
  at com.xemantic.typescript.compiler.TypeScriptCompilerTests_I.internalAliasEnumInsideLocalModuleWithoutExportAccessError_ts has expected errors matching internalAliasEnumInsideLocalModuleWithoutExportAccessError_errors_txt(TypeScriptCompilerTests_I.kt:5523)
  at java.base/jdk.internal.reflect.DirectMethodHandleAccessor.invoke(DirectMethodHandleAccessor.java:104)
  at java.base/java.lang.reflect.Method.invoke(Method.java:565)
  at org.junit.runners.model.FrameworkMethod$1.runReflectiveCall(FrameworkMethod.java:59)
  at org.junit.internal.runners.model.ReflectiveCallable.run(ReflectiveCallable.java:12)
  at org.junit.runners.model.FrameworkMethod.invokeExplosively(FrameworkMethod.java:56)
  at org.junit.internal.runners.statements.InvokeMethod.evaluate(InvokeMethod.java:17)
  at org.junit.runners.ParentRunner$3.evaluate(ParentRunner.java:306)
  at org.junit.runners.BlockJUnit4ClassRunner$1.evaluate(BlockJUnit4ClassRunner.java:100)
  at org.junit.runners.ParentRunner.runLeaf(ParentRunner.java:366)
  at org.junit.runners.BlockJUnit4ClassRunner.runChild(BlockJUnit4ClassRunner.java:103)
  at org.junit.runners.BlockJUnit4ClassRunner.runChild(BlockJUnit4ClassRunner.java:63)
  at org.junit.runners.ParentRunner$4.run(ParentRunner.java:331)
  at org.junit.runners.ParentRunner$1.schedule(ParentRunner.java:79)
  at org.junit.runners.ParentRunner.runChildren(ParentRunner.java:329)
  at org.junit.runners.ParentRunner.access$100(ParentRunner.java:66)
  at org.junit.runners.ParentRunner$2.evaluate(ParentRunner.java:293)
  at org.junit.runners.ParentRunner$3.evaluate(ParentRunner.java:306)
  at org.junit.runners.ParentRunner.run(ParentRunner.java:413)
  at org.junit.runner.JUnitCore.run(JUnitCore.java:137)
  at org.junit.runner.JUnitCore.run(JUnitCore.java:115)
  at org.gradle.api.internal.tasks.testing.junit.JUnitTestExecutor.runRequest(JUnitTestExecutor.java:175)
  at org.gradle.api.internal.tasks.testing.junit.JUnitTestExecutor.accept(JUnitTestExecutor.java:84)
  at org.gradle.api.internal.tasks.testing.junit.JUnitTestExecutor.accept(JUnitTestExecutor.java:47)
  at org.gradle.api.internal.tasks.testing.junit.AbstractJUnitTestDefinitionProcessor.processTestDefinition(AbstractJUnitTestDefinitionProcessor.java:65)
  at org.gradle.api.internal.tasks.testing.SuiteTestDefinitionProcessor.processTestDefinition(SuiteTestDefinitionProcessor.java:54)
  at java.base/jdk.internal.reflect.DirectMethodHandleAccessor.invoke(DirectMethodHandleAccessor.java:104)
  at java.base/java.lang.reflect.Method.invoke(Method.java:565)
  at org.gradle.internal.dispatch.MethodInvocation.invokeOn(MethodInvocation.java:77)
  at org.gradle.internal.dispatch.ReflectionDispatch.dispatch(ReflectionDispatch.java:28)
  at org.gradle.internal.dispatch.ReflectionDispatch.dispatch(ReflectionDispatch.java:19)
  at org.gradle.internal.dispatch.ContextClassLoaderDispatch.dispatch(ContextClassLoaderDispatch.java:33)
  at org.gradle.internal.dispatch.ProxyDispatchAdapter$DispatchingInvocationHandler.invoke(ProxyDispatchAdapter.java:88)
  at jdk.proxy1/jdk.proxy1.$Proxy4.processTestDefinition(Unknown Source)
  at org.gradle.api.internal.tasks.testing.worker.TestWorker$2.run(TestWorker.java:178)
  at org.gradle.api.internal.tasks.testing.worker.TestWorker.executeAndMaintainThreadName(TestWorker.java:126)
  at org.gradle.api.internal.tasks.testing.worker.TestWorker.execute(TestWorker.java:103)
  at org.gradle.api.internal.tasks.testing.worker.TestWorker.execute(TestWorker.java:63)
  at org.gradle.process.internal.worker.child.ActionExecutionWorker.execute(ActionExecutionWorker.java:56)
  at org.gradle.process.internal.worker.child.SystemApplicationClassLoaderWorker.call(SystemApplicationClassLoaderWorker.java:122)
  at org.gradle.process.internal.worker.child.SystemApplicationClassLoaderWorker.call(SystemApplicationClassLoaderWorker.java:72)
  at worker.org.gradle.process.internal.worker.GradleWorkerMain.run(GradleWorkerMain.java:69)
  at worker.org.gradle.process.internal.worker.GradleWorkerMain.main(GradleWorkerMain.java:74)
</stacktrace>
</test-failure>


TypeScriptCompilerTests_I[jvm] > internalAliasEnumInsideLocalModuleWithoutExportAccessError_ts has expected errors matching internalAliasEnumInsideLocalModuleWithoutExportAccessError_errors_txt[jvm] FAILED

<test-failure test="com.xemantic.typescript.compiler.TypeScriptCompilerTests_I.implementPublicPropertyAsPrivate_ts has expected errors matching implementPublicPropertyAsPrivate_errors_txt" platform="jvm">
<message>
Expected diagnostics from baseline typescript-repo/tests/baselines/reference/implementPublicPropertyAsPrivate.errors.txt but none produced
</message>
<stacktrace>
  at com.xemantic.typescript.compiler.TypeScriptTestSupportKt.errorsMatchBaseline(TypeScriptTestSupport.kt:125)
  at com.xemantic.typescript.compiler.TypeScriptCompilerTests_I.implementPublicPropertyAsPrivate_ts has expected errors matching implementPublicPropertyAsPrivate_errors_txt(TypeScriptCompilerTests_I.kt:238)
  at java.base/jdk.internal.reflect.DirectMethodHandleAccessor.invoke(DirectMethodHandleAccessor.java:104)
  at java.base/java.lang.reflect.Method.invoke(Method.java:565)
  at org.junit.runners.model.FrameworkMethod$1.runReflectiveCall(FrameworkMethod.java:59)
  at org.junit.internal.runners.model.ReflectiveCallable.run(ReflectiveCallable.java:12)
  at org.junit.runners.model.FrameworkMethod.invokeExplosively(FrameworkMethod.java:56)
  at org.junit.internal.runners.statements.InvokeMethod.evaluate(InvokeMethod.java:17)
  at org.junit.runners.ParentRunner$3.evaluate(ParentRunner.java:306)
  at org.junit.runners.BlockJUnit4ClassRunner$1.evaluate(BlockJUnit4ClassRunner.java:100)
  at org.junit.runners.ParentRunner.runLeaf(ParentRunner.java:366)
  at org.junit.runners.BlockJUnit4ClassRunner.runChild(BlockJUnit4ClassRunner.java:103)
  at org.junit.runners.BlockJUnit4ClassRunner.runChild(BlockJUnit4ClassRunner.java:63)
  at org.junit.runners.ParentRunner$4.run(ParentRunner.java:331)
  at org.junit.runners.ParentRunner$1.schedule(ParentRunner.java:79)
  at org.junit.runners.ParentRunner.runChildren(ParentRunner.java:329)
  at org.junit.runners.ParentRunner.access$100(ParentRunner.java:66)
  at org.junit.runners.ParentRunner$2.evaluate(ParentRunner.java:293)
  at org.junit.runners.ParentRunner$3.evaluate(ParentRunner.java:306)
  at org.junit.runners.ParentRunner.run(ParentRunner.java:413)
  at org.junit.runner.JUnitCore.run(JUnitCore.java:137)
  at org.junit.runner.JUnitCore.run(JUnitCore.java:115)
  at org.gradle.api.internal.tasks.testing.junit.JUnitTestExecutor.runRequest(JUnitTestExecutor.java:175)
  at org.gradle.api.internal.tasks.testing.junit.JUnitTestExecutor.accept(JUnitTestExecutor.java:84)
  at org.gradle.api.internal.tasks.testing.junit.JUnitTestExecutor.accept(JUnitTestExecutor.java:47)
  at org.gradle.api.internal.tasks.testing.junit.AbstractJUnitTestDefinitionProcessor.processTestDefinition(AbstractJUnitTestDefinitionProcessor.java:65)
  at org.gradle.api.internal.tasks.testing.SuiteTestDefinitionProcessor.processTestDefinition(SuiteTestDefinitionProcessor.java:54)
  at java.base/jdk.internal.reflect.DirectMethodHandleAccessor.invoke(DirectMethodHandleAccessor.java:104)
  at java.base/java.lang.reflect.Method.invoke(Method.java:565)
  at org.gradle.internal.dispatch.MethodInvocation.invokeOn(MethodInvocation.java:77)
  at org.gradle.internal.dispatch.ReflectionDispatch.dispatch(ReflectionDispatch.java:28)
  at org.gradle.internal.dispatch.ReflectionDispatch.dispatch(ReflectionDispatch.java:19)
  at org.gradle.internal.dispatch.ContextClassLoaderDispatch.dispatch(ContextClassLoaderDispatch.java:33)
  at org.gradle.internal.dispatch.ProxyDispatchAdapter$DispatchingInvocationHandler.invoke(ProxyDispatchAdapter.java:88)
  at jdk.proxy1/jdk.proxy1.$Proxy4.processTestDefinition(Unknown Source)
  at org.gradle.api.internal.tasks.testing.worker.TestWorker$2.run(TestWorker.java:178)
  at org.gradle.api.internal.tasks.testing.worker.TestWorker.executeAndMaintainThreadName(TestWorker.java:126)
  at org.gradle.api.internal.tasks.testing.worker.TestWorker.execute(TestWorker.java:103)
  at org.gradle.api.internal.tasks.testing.worker.TestWorker.execute(TestWorker.java:63)
  at org.gradle.process.internal.worker.child.ActionExecutionWorker.execute(ActionExecutionWorker.java:56)
  at org.gradle.process.internal.worker.child.SystemApplicationClassLoaderWorker.call(SystemApplicationClassLoaderWorker.java:122)
  at org.gradle.process.internal.worker.child.SystemApplicationClassLoaderWorker.call(SystemApplicationClassLoaderWorker.java:72)
  at worker.org.gradle.process.internal.worker.GradleWorkerMain.run(GradleWorkerMain.java:69)
  at worker.org.gradle.process.internal.worker.GradleWorkerMain.main(GradleWorkerMain.java:74)
</stacktrace>
</test-failure>


TypeScriptCompilerTests_I[jvm] > implementPublicPropertyAsPrivate_ts has expected errors matching implementPublicPropertyAsPrivate_errors_txt[jvm] FAILED

<test-failure test="com.xemantic.typescript.compiler.TypeScriptCompilerTests_I.inheritanceStaticFuncOverridingAccessor_ts has expected errors matching inheritanceStaticFuncOverridingAccessor_errors_txt" platform="jvm">
<message>
Expected diagnostics from baseline typescript-repo/tests/baselines/reference/inheritanceStaticFuncOverridingAccessor.errors.txt but none produced
</message>
<stacktrace>
  at com.xemantic.typescript.compiler.TypeScriptTestSupportKt.errorsMatchBaseline(TypeScriptTestSupport.kt:125)
  at com.xemantic.typescript.compiler.TypeScriptCompilerTests_I.inheritanceStaticFuncOverridingAccessor_ts has expected errors matching inheritanceStaticFuncOverridingAccessor_errors_txt(TypeScriptCompilerTests_I.kt:4144)
  at java.base/jdk.internal.reflect.DirectMethodHandleAccessor.invoke(DirectMethodHandleAccessor.java:104)
  at java.base/java.lang.reflect.Method.invoke(Method.java:565)
  at org.junit.runners.model.FrameworkMethod$1.runReflectiveCall(FrameworkMethod.java:59)
  at org.junit.internal.runners.model.ReflectiveCallable.run(ReflectiveCallable.java:12)
  at org.junit.runners.model.FrameworkMethod.invokeExplosively(FrameworkMethod.java:56)
  at org.junit.internal.runners.statements.InvokeMethod.evaluate(InvokeMethod.java:17)
  at org.junit.runners.ParentRunner$3.evaluate(ParentRunner.java:306)
  at org.junit.runners.BlockJUnit4ClassRunner$1.evaluate(BlockJUnit4ClassRunner.java:100)
  at org.junit.runners.ParentRunner.runLeaf(ParentRunner.java:366)
  at org.junit.runners.BlockJUnit4ClassRunner.runChild(BlockJUnit4ClassRunner.java:103)
  at org.junit.runners.BlockJUnit4ClassRunner.runChild(BlockJUnit4ClassRunner.java:63)
  at org.junit.runners.ParentRunner$4.run(ParentRunner.java:331)
  at org.junit.runners.ParentRunner$1.schedule(ParentRunner.java:79)
  at org.junit.runners.ParentRunner.runChildren(ParentRunner.java:329)
  at org.junit.runners.ParentRunner.access$100(ParentRunner.java:66)
  at org.junit.runners.ParentRunner$2.evaluate(ParentRunner.java:293)
  at org.junit.runners.ParentRunner$3.evaluate(ParentRunner.java:306)
  at org.junit.runners.ParentRunner.run(ParentRunner.java:413)
  at org.junit.runner.JUnitCore.run(JUnitCore.java:137)
  at org.junit.runner.JUnitCore.run(JUnitCore.java:115)
  at org.gradle.api.internal.tasks.testing.junit.JUnitTestExecutor.runRequest(JUnitTestExecutor.java:175)
  at org.gradle.api.internal.tasks.testing.junit.JUnitTestExecutor.accept(JUnitTestExecutor.java:84)
  at org.gradle.api.internal.tasks.testing.junit.JUnitTestExecutor.accept(JUnitTestExecutor.java:47)
  at org.gradle.api.internal.tasks.testing.junit.AbstractJUnitTestDefinitionProcessor.processTestDefinition(AbstractJUnitTestDefinitionProcessor.java:65)
  at org.gradle.api.internal.tasks.testing.SuiteTestDefinitionProcessor.processTestDefinition(SuiteTestDefinitionProcessor.java:54)
  at java.base/jdk.internal.reflect.DirectMethodHandleAccessor.invoke(DirectMethodHandleAccessor.java:104)
  at java.base/java.lang.reflect.Method.invoke(Method.java:565)
  at org.gradle.internal.dispatch.MethodInvocation.invokeOn(MethodInvocation.java:77)
  at org.gradle.internal.dispatch.ReflectionDispatch.dispatch(ReflectionDispatch.java:28)
  at org.gradle.internal.dispatch.ReflectionDispatch.dispatch(ReflectionDispatch.java:19)
  at org.gradle.internal.dispatch.ContextClassLoaderDispatch.dispatch(ContextClassLoaderDispatch.java:33)
  at org.gradle.internal.dispatch.ProxyDispatchAdapter$DispatchingInvocationHandler.invoke(ProxyDispatchAdapter.java:88)
  at jdk.proxy1/jdk.proxy1.$Proxy4.processTestDefinition(Unknown Source)
  at org.gradle.api.internal.tasks.testing.worker.TestWorker$2.run(TestWorker.java:178)
  at org.gradle.api.internal.tasks.testing.worker.TestWorker.executeAndMaintainThreadName(TestWorker.java:126)
  at org.gradle.api.internal.tasks.testing.worker.TestWorker.execute(TestWorker.java:103)
  at org.gradle.api.internal.tasks.testing.worker.TestWorker.execute(TestWorker.java:63)
  at org.gradle.process.internal.worker.child.ActionExecutionWorker.execute(ActionExecutionWorker.java:56)
  at org.gradle.process.internal.worker.child.SystemApplicationClassLoaderWorker.call(SystemApplicationClassLoaderWorker.java:122)
  at org.gradle.process.internal.worker.child.SystemApplicationClassLoaderWorker.call(SystemApplicationClassLoaderWorker.java:72)
  at worker.org.gradle.process.internal.worker.GradleWorkerMain.run(GradleWorkerMain.java:69)
  at worker.org.gradle.process.internal.worker.GradleWorkerMain.main(GradleWorkerMain.java:74)
</stacktrace>
</test-failure>


TypeScriptCompilerTests_I[jvm] > inheritanceStaticFuncOverridingAccessor_ts has expected errors matching inheritanceStaticFuncOverridingAccessor_errors_txt[jvm] FAILED

<test-failure test="com.xemantic.typescript.compiler.TypeScriptCompilerTests_I.indexWithUndefinedAndNullStrictNullChecks_ts has expected errors matching indexWithUndefinedAndNullStrictNullChecks_errors_txt" platform="jvm">
<message>
--- expected
+++ actual
@@ -1,14 +1,10 @@
 indexWithUndefinedAndNullStrictNullChecks.ts(9,19): error TS2454: Variable 'n' is used before being assigned.
-indexWithUndefinedAndNullStrictNullChecks.ts(9,21): error TS2538: Type 'undefined' cannot be used as an index type.
 indexWithUndefinedAndNullStrictNullChecks.ts(10,7): error TS2454: Variable 'n' is used before being assigned.
-indexWithUndefinedAndNullStrictNullChecks.ts(10,9): error TS2538: Type 'null' cannot be used as an index type.
 indexWithUndefinedAndNullStrictNullChecks.ts(11,19): error TS2454: Variable 's' is used before being assigned.
-indexWithUndefinedAndNullStrictNullChecks.ts(11,21): error TS2538: Type 'undefined' cannot be used as an index type.
 indexWithUndefinedAndNullStrictNullChecks.ts(12,7): error TS2454: Variable 's' is used before being assigned.
-indexWithUndefinedAndNullStrictNullChecks.ts(12,9): error TS2538: Type 'null' cannot be used as an index type.
 
 
-==== indexWithUndefinedAndNullStrictNullChecks.ts (8 errors) ====
+==== indexWithUndefinedAndNullStrictNullChecks.ts (4 errors) ====
     interface N {
         [n: number]: string;
     }
@@ -20,20 +16,12 @@
     let str: string = n[undefined];
                       ~
 !!! error TS2454: Variable 'n' is used before being assigned.
-                        ~~~~~~~~~
-!!! error TS2538: Type 'undefined' cannot be used as an index type.
     str = n[null];
           ~
 !!! error TS2454: Variable 'n' is used before being assigned.
-            ~~~~
-!!! error TS2538: Type 'null' cannot be used as an index type.
     let num: number = s[undefined];
                       ~
 !!! error TS2454: Variable 's' is used before being assigned.
-                        ~~~~~~~~~
-!!! error TS2538: Type 'undefined' cannot be used as an index type.
     num = s[null];
           ~
 !!! error TS2454: Variable 's' is used before being assigned.
-            ~~~~
-!!! error TS2538: Type 'null' cannot be used as an index type.

</message>
<stacktrace>
  at org.junit.Assert.fail(Assert.java:89)
  at kotlin.test.junit.JUnitAsserter.fail(JUnitSupport.kt:56)
  at kotlin.test.AssertionsKt__AssertionsKt.fail(Assertions.kt:563)
  at kotlin.test.AssertionsKt.fail(Unknown Source)
  at com.xemantic.kotlin.test.SameAsKt.sameAs(SameAs.kt:52)
  at com.xemantic.typescript.compiler.TypeScriptTestSupportKt.errorsMatchBaseline(TypeScriptTestSupport.kt:135)
  at com.xemantic.typescript.compiler.TypeScriptCompilerTests_I.indexWithUndefinedAndNullStrictNullChecks_ts has expected errors matching indexWithUndefinedAndNullStrictNullChecks_errors_txt(TypeScriptCompilerTests_I.kt:2828)
  at java.base/jdk.internal.reflect.DirectMethodHandleAccessor.invoke(DirectMethodHandleAccessor.java:104)
  at java.base/java.lang.reflect.Method.invoke(Method.java:565)
  at org.junit.runners.model.FrameworkMethod$1.runReflectiveCall(FrameworkMethod.java:59)
  at org.junit.internal.runners.model.ReflectiveCallable.run(ReflectiveCallable.java:12)
  at org.junit.runners.model.FrameworkMethod.invokeExplosively(FrameworkMethod.java:56)
  at org.junit.internal.runners.statements.InvokeMethod.evaluate(InvokeMethod.java:17)
  at org.junit.runners.ParentRunner$3.evaluate(ParentRunner.java:306)
  at org.junit.runners.BlockJUnit4ClassRunner$1.evaluate(BlockJUnit4ClassRunner.java:100)
  at org.junit.runners.ParentRunner.runLeaf(ParentRunner.java:366)
  at org.junit.runners.BlockJUnit4ClassRunner.runChild(BlockJUnit4ClassRunner.java:103)
  at org.junit.runners.BlockJUnit4ClassRunner.runChild(BlockJUnit4ClassRunner.java:63)
  at org.junit.runners.ParentRunner$4.run(ParentRunner.java:331)
  at org.junit.runners.ParentRunner$1.schedule(ParentRunner.java:79)
  at org.junit.runners.ParentRunner.runChildren(ParentRunner.java:329)
  at org.junit.runners.ParentRunner.access$100(ParentRunner.java:66)
  at org.junit.runners.ParentRunner$2.evaluate(ParentRunner.java:293)
  at org.junit.runners.ParentRunner$3.evaluate(ParentRunner.java:306)
  at org.junit.runners.ParentRunner.run(ParentRunner.java:413)
  at org.junit.runner.JUnitCore.run(JUnitCore.java:137)
  at org.junit.runner.JUnitCore.run(JUnitCore.java:115)
  at org.gradle.api.internal.tasks.testing.junit.JUnitTestExecutor.runRequest(JUnitTestExecutor.java:175)
  at org.gradle.api.internal.tasks.testing.junit.JUnitTestExecutor.accept(JUnitTestExecutor.java:84)
  at org.gradle.api.internal.tasks.testing.junit.JUnitTestExecutor.accept(JUnitTestExecutor.java:47)
  at org.gradle.api.internal.tasks.testing.junit.AbstractJUnitTestDefinitionProcessor.processTestDefinition(AbstractJUnitTestDefinitionProcessor.java:65)
  at org.gradle.api.internal.tasks.testing.SuiteTestDefinitionProcessor.processTestDefinition(SuiteTestDefinitionProcessor.java:54)
  at java.base/jdk.internal.reflect.DirectMethodHandleAccessor.invoke(DirectMethodHandleAccessor.java:104)
  at java.base/java.lang.reflect.Method.invoke(Method.java:565)
  at org.gradle.internal.dispatch.MethodInvocation.invokeOn(MethodInvocation.java:77)
  at org.gradle.internal.dispatch.ReflectionDispatch.dispatch(ReflectionDispatch.java:28)
  at org.gradle.internal.dispatch.ReflectionDispatch.dispatch(ReflectionDispatch.java:19)
  at org.gradle.internal.dispatch.ContextClassLoaderDispatch.dispatch(ContextClassLoaderDispatch.java:33)
  at org.gradle.internal.dispatch.ProxyDispatchAdapter$DispatchingInvocationHandler.invoke(ProxyDispatchAdapter.java:88)
  at jdk.proxy1/jdk.proxy1.$Proxy4.processTestDefinition(Unknown Source)
  at org.gradle.api.internal.tasks.testing.worker.TestWorker$2.run(TestWorker.java:178)
  at org.gradle.api.internal.tasks.testing.worker.TestWorker.executeAndMaintainThreadName(TestWorker.java:126)
  at org.gradle.api.internal.tasks.testing.worker.TestWorker.execute(TestWorker.java:103)
  at org.gradle.api.internal.tasks.testing.worker.TestWorker.execute(TestWorker.java:63)
  at org.gradle.process.internal.worker.child.ActionExecutionWorker.execute(ActionExecutionWorker.java:56)
  at org.gradle.process.internal.worker.child.SystemApplicationClassLoaderWorker.call(SystemApplicationClassLoaderWorker.java:122)
  at org.gradle.process.internal.worker.child.SystemApplicationClassLoaderWorker.call(SystemApplicationClassLoaderWorker.java:72)
  at worker.org.gradle.process.internal.worker.GradleWorkerMain.run(GradleWorkerMain.java:69)
  at worker.org.gradle.process.internal.worker.GradleWorkerMain.main(GradleWorkerMain.java:74)
</stacktrace>
</test-failure>


TypeScriptCompilerTests_I[jvm] > indexWithUndefinedAndNullStrictNullChecks_ts has expected errors matching indexWithUndefinedAndNullStrictNullChecks_errors_txt[jvm] FAILED

<test-failure test="com.xemantic.typescript.compiler.TypeScriptCompilerTests_I.intersectionsAndOptionalProperties_ts has expected errors matching intersectionsAndOptionalProperties_errors_txt" platform="jvm">
<message>
Expected diagnostics from baseline typescript-repo/tests/baselines/reference/intersectionsAndOptionalProperties.errors.txt but none produced
</message>
<stacktrace>
  at com.xemantic.typescript.compiler.TypeScriptTestSupportKt.errorsMatchBaseline(TypeScriptTestSupport.kt:125)
  at com.xemantic.typescript.compiler.TypeScriptCompilerTests_I.intersectionsAndOptionalProperties_ts has expected errors matching intersectionsAndOptionalProperties_errors_txt(TypeScriptCompilerTests_I.kt:6041)
  at java.base/jdk.internal.reflect.DirectMethodHandleAccessor.invoke(DirectMethodHandleAccessor.java:104)
  at java.base/java.lang.reflect.Method.invoke(Method.java:565)
  at org.junit.runners.model.FrameworkMethod$1.runReflectiveCall(FrameworkMethod.java:59)
  at org.junit.internal.runners.model.ReflectiveCallable.run(ReflectiveCallable.java:12)
  at org.junit.runners.model.FrameworkMethod.invokeExplosively(FrameworkMethod.java:56)
  at org.junit.internal.runners.statements.InvokeMethod.evaluate(InvokeMethod.java:17)
  at org.junit.runners.ParentRunner$3.evaluate(ParentRunner.java:306)
  at org.junit.runners.BlockJUnit4ClassRunner$1.evaluate(BlockJUnit4ClassRunner.java:100)
  at org.junit.runners.ParentRunner.runLeaf(ParentRunner.java:366)
  at org.junit.runners.BlockJUnit4ClassRunner.runChild(BlockJUnit4ClassRunner.java:103)
  at org.junit.runners.BlockJUnit4ClassRunner.runChild(BlockJUnit4ClassRunner.java:63)
  at org.junit.runners.ParentRunner$4.run(ParentRunner.java:331)
  at org.junit.runners.ParentRunner$1.schedule(ParentRunner.java:79)
  at org.junit.runners.ParentRunner.runChildren(ParentRunner.java:329)
  at org.junit.runners.ParentRunner.access$100(ParentRunner.java:66)
  at org.junit.runners.ParentRunner$2.evaluate(ParentRunner.java:293)
  at org.junit.runners.ParentRunner$3.evaluate(ParentRunner.java:306)
  at org.junit.runners.ParentRunner.run(ParentRunner.java:413)
  at org.junit.runner.JUnitCore.run(JUnitCore.java:137)
  at org.junit.runner.JUnitCore.run(JUnitCore.java:115)
  at org.gradle.api.internal.tasks.testing.junit.JUnitTestExecutor.runRequest(JUnitTestExecutor.java:175)
  at org.gradle.api.internal.tasks.testing.junit.JUnitTestExecutor.accept(JUnitTestExecutor.java:84)
  at org.gradle.api.internal.tasks.testing.junit.JUnitTestExecutor.accept(JUnitTestExecutor.java:47)
  at org.gradle.api.internal.tasks.testing.junit.AbstractJUnitTestDefinitionProcessor.processTestDefinition(AbstractJUnitTestDefinitionProcessor.java:65)
  at org.gradle.api.internal.tasks.testing.SuiteTestDefinitionProcessor.processTestDefinition(SuiteTestDefinitionProcessor.java:54)
  at java.base/jdk.internal.reflect.DirectMethodHandleAccessor.invoke(DirectMethodHandleAccessor.java:104)
  at java.base/java.lang.reflect.Method.invoke(Method.java:565)
  at org.gradle.internal.dispatch.MethodInvocation.invokeOn(MethodInvocation.java:77)
  at org.gradle.internal.dispatch.ReflectionDispatch.dispatch(ReflectionDispatch.java:28)
  at org.gradle.internal.dispatch.ReflectionDispatch.dispatch(ReflectionDispatch.java:19)
  at org.gradle.internal.dispatch.ContextClassLoaderDispatch.dispatch(ContextClassLoaderDispatch.java:33)
  at org.gradle.internal.dispatch.ProxyDispatchAdapter$DispatchingInvocationHandler.invoke(ProxyDispatchAdapter.java:88)
  at jdk.proxy1/jdk.proxy1.$Proxy4.processTestDefinition(Unknown Source)
  at org.gradle.api.internal.tasks.testing.worker.TestWorker$2.run(TestWorker.java:178)
  at org.gradle.api.internal.tasks.testing.worker.TestWorker.executeAndMaintainThreadName(TestWorker.java:126)
  at org.gradle.api.internal.tasks.testing.worker.TestWorker.execute(TestWorker.java:103)
  at org.gradle.api.internal.tasks.testing.worker.TestWorker.execute(TestWorker.java:63)
  at org.gradle.process.internal.worker.child.ActionExecutionWorker.execute(ActionExecutionWorker.java:56)
  at org.gradle.process.internal.worker.child.SystemApplicationClassLoaderWorker.call(SystemApplicationClassLoaderWorker.java:122)
  at org.gradle.process.internal.worker.child.SystemApplicationClassLoaderWorker.call(SystemApplicationClassLoaderWorker.java:72)
  at worker.org.gradle.process.internal.worker.GradleWorkerMain.run(GradleWorkerMain.java:69)
  at worker.org.gradle.process.internal.worker.GradleWorkerMain.main(GradleWorkerMain.java:74)
</stacktrace>
</test-failure>


TypeScriptCompilerTests_I[jvm] > intersectionsAndOptionalProperties_ts has expected errors matching intersectionsAndOptionalProperties_errors_txt[jvm] FAILED

<test-failure test="com.xemantic.typescript.compiler.TypeScriptCompilerTests_I.importDeclarationInModuleDeclaration1_ts has expected errors matching importDeclarationInModuleDeclaration1_errors_txt" platform="jvm">
<message>
Expected diagnostics from baseline typescript-repo/tests/baselines/reference/importDeclarationInModuleDeclaration1.errors.txt but none produced
</message>
<stacktrace>
  at com.xemantic.typescript.compiler.TypeScriptTestSupportKt.errorsMatchBaseline(TypeScriptTestSupport.kt:125)
  at com.xemantic.typescript.compiler.TypeScriptCompilerTests_I.importDeclarationInModuleDeclaration1_ts has expected errors matching importDeclarationInModuleDeclaration1_errors_txt(TypeScriptCompilerTests_I.kt:1029)
  at java.base/jdk.internal.reflect.DirectMethodHandleAccessor.invoke(DirectMethodHandleAccessor.java:104)
  at java.base/java.lang.reflect.Method.invoke(Method.java:565)
  at org.junit.runners.model.FrameworkMethod$1.runReflectiveCall(FrameworkMethod.java:59)
  at org.junit.internal.runners.model.ReflectiveCallable.run(ReflectiveCallable.java:12)
  at org.junit.runners.model.FrameworkMethod.invokeExplosively(FrameworkMethod.java:56)
  at org.junit.internal.runners.statements.InvokeMethod.evaluate(InvokeMethod.java:17)
  at org.junit.runners.ParentRunner$3.evaluate(ParentRunner.java:306)
  at org.junit.runners.BlockJUnit4ClassRunner$1.evaluate(BlockJUnit4ClassRunner.java:100)
  at org.junit.runners.ParentRunner.runLeaf(ParentRunner.java:366)
  at org.junit.runners.BlockJUnit4ClassRunner.runChild(BlockJUnit4ClassRunner.java:103)
  at org.junit.runners.BlockJUnit4ClassRunner.runChild(BlockJUnit4ClassRunner.java:63)
  at org.junit.runners.ParentRunner$4.run(ParentRunner.java:331)
  at org.junit.runners.ParentRunner$1.schedule(ParentRunner.java:79)
  at org.junit.runners.ParentRunner.runChildren(ParentRunner.java:329)
  at org.junit.runners.ParentRunner.access$100(ParentRunner.java:66)
  at org.junit.runners.ParentRunner$2.evaluate(ParentRunner.java:293)
  at org.junit.runners.ParentRunner$3.evaluate(ParentRunner.java:306)
  at org.junit.runners.ParentRunner.run(ParentRunner.java:413)
  at org.junit.runner.JUnitCore.run(JUnitCore.java:137)
  at org.junit.runner.JUnitCore.run(JUnitCore.java:115)
  at org.gradle.api.internal.tasks.testing.junit.JUnitTestExecutor.runRequest(JUnitTestExecutor.java:175)
  at org.gradle.api.internal.tasks.testing.junit.JUnitTestExecutor.accept(JUnitTestExecutor.java:84)
  at org.gradle.api.internal.tasks.testing.junit.JUnitTestExecutor.accept(JUnitTestExecutor.java:47)
  at org.gradle.api.internal.tasks.testing.junit.AbstractJUnitTestDefinitionProcessor.processTestDefinition(AbstractJUnitTestDefinitionProcessor.java:65)
  at org.gradle.api.internal.tasks.testing.SuiteTestDefinitionProcessor.processTestDefinition(SuiteTestDefinitionProcessor.java:54)
  at java.base/jdk.internal.reflect.DirectMethodHandleAccessor.invoke(DirectMethodHandleAccessor.java:104)
  at java.base/java.lang.reflect.Method.invoke(Method.java:565)
  at org.gradle.internal.dispatch.MethodInvocation.invokeOn(MethodInvocation.java:77)
  at org.gradle.internal.dispatch.ReflectionDispatch.dispatch(ReflectionDispatch.java:28)
  at org.gradle.internal.dispatch.ReflectionDispatch.dispatch(ReflectionDispatch.java:19)
  at org.gradle.internal.dispatch.ContextClassLoaderDispatch.dispatch(ContextClassLoaderDispatch.java:33)
  at org.gradle.internal.dispatch.ProxyDispatchAdapter$DispatchingInvocationHandler.invoke(ProxyDispatchAdapter.java:88)
  at jdk.proxy1/jdk.proxy1.$Proxy4.processTestDefinition(Unknown Source)
  at org.gradle.api.internal.tasks.testing.worker.TestWorker$2.run(TestWorker.java:178)
  at org.gradle.api.internal.tasks.testing.worker.TestWorker.executeAndMaintainThreadName(TestWorker.java:126)
  at org.gradle.api.internal.tasks.testing.worker.TestWorker.execute(TestWorker.java:103)
  at org.gradle.api.internal.tasks.testing.worker.TestWorker.execute(TestWorker.java:63)
  at org.gradle.process.internal.worker.child.ActionExecutionWorker.execute(ActionExecutionWorker.java:56)
  at org.gradle.process.internal.worker.child.SystemApplicationClassLoaderWorker.call(SystemApplicationClassLoaderWorker.java:122)
  at org.gradle.process.internal.worker.child.SystemApplicationClassLoaderWorker.call(SystemApplicationClassLoaderWorker.java:72)
  at worker.org.gradle.process.internal.worker.GradleWorkerMain.run(GradleWorkerMain.java:69)
  at worker.org.gradle.process.internal.worker.GradleWorkerMain.main(GradleWorkerMain.java:74)
</stacktrace>
</test-failure>


TypeScriptCompilerTests_I[jvm] > importDeclarationInModuleDeclaration1_ts has expected errors matching importDeclarationInModuleDeclaration1_errors_txt[jvm] FAILED

<test-failure test="com.xemantic.typescript.compiler.TypeScriptCompilerTests_I.inferenceExactOptionalProperties2_ts has expected errors matching inferenceExactOptionalProperties2_errors_txt" platform="jvm">
<message>
Expected diagnostics from baseline typescript-repo/tests/baselines/reference/inferenceExactOptionalProperties2.errors.txt but none produced
</message>
<stacktrace>
  at com.xemantic.typescript.compiler.TypeScriptTestSupportKt.errorsMatchBaseline(TypeScriptTestSupport.kt:125)
  at com.xemantic.typescript.compiler.TypeScriptCompilerTests_I.inferenceExactOptionalProperties2_ts has expected errors matching inferenceExactOptionalProperties2_errors_txt(TypeScriptCompilerTests_I.kt:3381)
  at java.base/jdk.internal.reflect.DirectMethodHandleAccessor.invoke(DirectMethodHandleAccessor.java:104)
  at java.base/java.lang.reflect.Method.invoke(Method.java:565)
  at org.junit.runners.model.FrameworkMethod$1.runReflectiveCall(FrameworkMethod.java:59)
  at org.junit.internal.runners.model.ReflectiveCallable.run(ReflectiveCallable.java:12)
  at org.junit.runners.model.FrameworkMethod.invokeExplosively(FrameworkMethod.java:56)
  at org.junit.internal.runners.statements.InvokeMethod.evaluate(InvokeMethod.java:17)
  at org.junit.runners.ParentRunner$3.evaluate(ParentRunner.java:306)
  at org.junit.runners.BlockJUnit4ClassRunner$1.evaluate(BlockJUnit4ClassRunner.java:100)
  at org.junit.runners.ParentRunner.runLeaf(ParentRunner.java:366)
  at org.junit.runners.BlockJUnit4ClassRunner.runChild(BlockJUnit4ClassRunner.java:103)
  at org.junit.runners.BlockJUnit4ClassRunner.runChild(BlockJUnit4ClassRunner.java:63)
  at org.junit.runners.ParentRunner$4.run(ParentRunner.java:331)
  at org.junit.runners.ParentRunner$1.schedule(ParentRunner.java:79)
  at org.junit.runners.ParentRunner.runChildren(ParentRunner.java:329)
  at org.junit.runners.ParentRunner.access$100(ParentRunner.java:66)
  at org.junit.runners.ParentRunner$2.evaluate(ParentRunner.java:293)
  at org.junit.runners.ParentRunner$3.evaluate(ParentRunner.java:306)
  at org.junit.runners.ParentRunner.run(ParentRunner.java:413)
  at org.junit.runner.JUnitCore.run(JUnitCore.java:137)
  at org.junit.runner.JUnitCore.run(JUnitCore.java:115)
  at org.gradle.api.internal.tasks.testing.junit.JUnitTestExecutor.runRequest(JUnitTestExecutor.java:175)
  at org.gradle.api.internal.tasks.testing.junit.JUnitTestExecutor.accept(JUnitTestExecutor.java:84)
  at org.gradle.api.internal.tasks.testing.junit.JUnitTestExecutor.accept(JUnitTestExecutor.java:47)
  at org.gradle.api.internal.tasks.testing.junit.AbstractJUnitTestDefinitionProcessor.processTestDefinition(AbstractJUnitTestDefinitionProcessor.java:65)
  at org.gradle.api.internal.tasks.testing.SuiteTestDefinitionProcessor.processTestDefinition(SuiteTestDefinitionProcessor.java:54)
  at java.base/jdk.internal.reflect.DirectMethodHandleAccessor.invoke(DirectMethodHandleAccessor.java:104)
  at java.base/java.lang.reflect.Method.invoke(Method.java:565)
  at org.gradle.internal.dispatch.MethodInvocation.invokeOn(MethodInvocation.java:77)
  at org.gradle.internal.dispatch.ReflectionDispatch.dispatch(ReflectionDispatch.java:28)
  at org.gradle.internal.dispatch.ReflectionDispatch.dispatch(ReflectionDispatch.java:19)
  at org.gradle.internal.dispatch.ContextClassLoaderDispatch.dispatch(ContextClassLoaderDispatch.java:33)
  at org.gradle.internal.dispatch.ProxyDispatchAdapter$DispatchingInvocationHandler.invoke(ProxyDispatchAdapter.java:88)
  at jdk.proxy1/jdk.proxy1.$Proxy4.processTestDefinition(Unknown Source)
  at org.gradle.api.internal.tasks.testing.worker.TestWorker$2.run(TestWorker.java:178)
  at org.gradle.api.internal.tasks.testing.worker.TestWorker.executeAndMaintainThreadName(TestWorker.java:126)
  at org.gradle.api.internal.tasks.testing.worker.TestWorker.execute(TestWorker.java:103)
  at org.gradle.api.internal.tasks.testing.worker.TestWorker.execute(TestWorker.java:63)
  at org.gradle.process.internal.worker.child.ActionExecutionWorker.execute(ActionExecutionWorker.java:56)
  at org.gradle.process.internal.worker.child.SystemApplicationClassLoaderWorker.call(SystemApplicationClassLoaderWorker.java:122)
  at org.gradle.process.internal.worker.child.SystemApplicationClassLoaderWorker.call(SystemApplicationClassLoaderWorker.java:72)
  at worker.org.gradle.process.internal.worker.GradleWorkerMain.run(GradleWorkerMain.java:69)
  at worker.org.gradle.process.internal.worker.GradleWorkerMain.main(GradleWorkerMain.java:74)
</stacktrace>
</test-failure>


TypeScriptCompilerTests_I[jvm] > inferenceExactOptionalProperties2_ts has expected errors matching inferenceExactOptionalProperties2_errors_txt[jvm] FAILED

<test-failure test="com.xemantic.typescript.compiler.TypeScriptCompilerTests_I.isolatedDeclarationErrorsClasses_ts has expected errors matching isolatedDeclarationErrorsClasses_errors_txt" platform="jvm">
<message>
--- expected
+++ actual
@@ -1,68 +1,23 @@
-isolatedDeclarationErrorsClasses.ts(3,5): error TS9012: Property must have an explicit type annotation with --isolatedDeclarations.
-isolatedDeclarationErrorsClasses.ts(4,5): error TS9008: Method must have an explicit return type annotation with --isolatedDeclarations.
 isolatedDeclarationErrorsClasses.ts(8,18): error TS7006: Parameter 'p' implicitly has an 'any' type.
-isolatedDeclarationErrorsClasses.ts(8,18): error TS9011: Parameter must have an explicit type annotation with --isolatedDeclarations.
-isolatedDeclarationErrorsClasses.ts(9,23): error TS9011: Parameter must have an explicit type annotation with --isolatedDeclarations.
-isolatedDeclarationErrorsClasses.ts(11,9): error TS9009: At least one accessor must have an explicit type annotation with --isolatedDeclarations.
-isolatedDeclarationErrorsClasses.ts(12,9): error TS7032: Property 'setOnly' implicitly has type 'any', because its set accessor lacks a parameter type annotation.
-isolatedDeclarationErrorsClasses.ts(12,17): error TS7006: Parameter 'value' implicitly has an 'any' type.
-isolatedDeclarationErrorsClasses.ts(12,17): error TS9009: At least one accessor must have an explicit type annotation with --isolatedDeclarations.
-isolatedDeclarationErrorsClasses.ts(36,5): error TS9038: Computed property names on class or object literals cannot be inferred with --isolatedDeclarations.
 isolatedDeclarationErrorsClasses.ts(36,6): error TS2304: Cannot find name 'missing'.
-isolatedDeclarationErrorsClasses.ts(38,5): error TS9038: Computed property names on class or object literals cannot be inferred with --isolatedDeclarations.
-isolatedDeclarationErrorsClasses.ts(40,5): error TS9038: Computed property names on class or object literals cannot be inferred with --isolatedDeclarations.
-isolatedDeclarationErrorsClasses.ts(42,5): error TS9008: Method must have an explicit return type annotation with --isolatedDeclarations.
-isolatedDeclarationErrorsClasses.ts(42,5): error TS9038: Computed property names on class or object literals cannot be inferred with --isolatedDeclarations.
-isolatedDeclarationErrorsClasses.ts(44,5): error TS9038: Computed property names on class or object literals cannot be inferred with --isolatedDeclarations.
 isolatedDeclarationErrorsClasses.ts(44,35): error TS7006: Parameter 'v' implicitly has an 'any' type.
-isolatedDeclarationErrorsClasses.ts(44,35): error TS9011: Parameter must have an explicit type annotation with --isolatedDeclarations.
-isolatedDeclarationErrorsClasses.ts(46,9): error TS9038: Computed property names on class or object literals cannot be inferred with --isolatedDeclarations.
-isolatedDeclarationErrorsClasses.ts(48,9): error TS7032: Property '[noParamAnnotationStringName]' implicitly has type 'any', because its set accessor lacks a parameter type annotation.
-isolatedDeclarationErrorsClasses.ts(48,9): error TS9038: Computed property names on class or object literals cannot be inferred with --isolatedDeclarations.
-isolatedDeclarationErrorsClasses.ts(48,39): error TS7006: Parameter 'value' implicitly has an 'any' type.
-isolatedDeclarationErrorsClasses.ts(50,5): error TS1166: A computed property name in a class property declaration must have a simple literal type or a 'unique symbol' type.
-isolatedDeclarationErrorsClasses.ts(50,5): error TS9038: Computed property names on class or object literals cannot be inferred with --isolatedDeclarations.
-isolatedDeclarationErrorsClasses.ts(56,5): error TS7010: '[noAnnotationLiteralName]', which lacks return-type annotation, implicitly has an 'any' return type.
-isolatedDeclarationErrorsClasses.ts(56,5): error TS9013: Expression type can't be inferred with --isolatedDeclarations.
 
 
-==== isolatedDeclarationErrorsClasses.ts (26 errors) ====
+==== isolatedDeclarationErrorsClasses.ts (3 errors) ====
     export class Cls {
     
         field = 1 + 1;
-        ~~~~~
-!!! error TS9012: Property must have an explicit type annotation with --isolatedDeclarations.
-!!! related TS9029 isolatedDeclarationErrorsClasses.ts:3:5: Add a type annotation to the property field.
         method() {}
-        ~~~~~~
-!!! error TS9008: Method must have an explicit return type annotation with --isolatedDeclarations.
-!!! related TS9034 isolatedDeclarationErrorsClasses.ts:4:5: Add a return type to the method
     
         methodOk(): void {}
     
         methodParams(p): void {}
                      ~
 !!! error TS7006: Parameter 'p' implicitly has an 'any' type.
-                     ~
-!!! error TS9011: Parameter must have an explicit type annotation with --isolatedDeclarations.
-!!! related TS9028 isolatedDeclarationErrorsClasses.ts:8:18: Add a type annotation to the parameter p.
         methodParams2(p = 1 + 1): void {}
-                          ~~~~~
-!!! error TS9011: Parameter must have an explicit type annotation with --isolatedDeclarations.
-!!! related TS9028 isolatedDeclarationErrorsClasses.ts:9:19: Add a type annotation to the parameter p.
     
         get getOnly() { return 1 + 1 }
-            ~~~~~~~
-!!! error TS9009: At least one accessor must have an explicit type annotation with --isolatedDeclarations.
-!!! related TS9032 isolatedDeclarationErrorsClasses.ts:11:9: Add a return type to the get accessor declaration.
         set setOnly(value) { }
-            ~~~~~~~
-!!! error TS7032: Property 'setOnly' implicitly has type 'any', because its set accessor lacks a parameter type annotation.
-                    ~~~~~
-!!! error TS7006: Parameter 'value' implicitly has an 'any' type.
-                    ~~~~~
-!!! error TS9009: At least one accessor must have an explicit type annotation with --isolatedDeclarations.
-!!! related TS9033 isolatedDeclarationErrorsClasses.ts:12:9: Add a type to parameter of the set accessor declaration.
     
         get getSetBad() { return 0 }
         set getSetBad(value) { }
@@ -87,60 +42,28 @@
     
         // Should not be reported as an isolated declaration error
         [missing] = 1;
-        ~~~~~~~~~
-!!! error TS9038: Computed property names on class or object literals cannot be inferred with --isolatedDeclarations.
          ~~~~~~~
 !!! error TS2304: Cannot find name 'missing'.
         
         [noAnnotationLiteralName](): void { }
-        ~~~~~~~~~~~~~~~~~~~~~~~~~
-!!! error TS9038: Computed property names on class or object literals cannot be inferred with --isolatedDeclarations.
     
         [noParamAnnotationLiteralName](v: string): void { }
-        ~~~~~~~~~~~~~~~~~~~~~~~~~~~~~~
-!!! error TS9038: Computed property names on class or object literals cannot be inferred with --isolatedDeclarations.
     
         [noAnnotationStringName]() { }
-        ~~~~~~~~~~~~~~~~~~~~~~~~
-!!! error TS9008: Method must have an explicit return type annotation with --isolatedDeclarations.
-!!! related TS9034 isolatedDeclarationErrorsClasses.ts:42:5: Add a return type to the method
-        ~~~~~~~~~~~~~~~~~~~~~~~~
-!!! error TS9038: Computed property names on class or object literals cannot be inferred with --isolatedDeclarations.
     
         [noParamAnnotationStringName](v): void { }
-        ~~~~~~~~~~~~~~~~~~~~~~~~~~~~~
-!!! error TS9038: Computed property names on class or object literals cannot be inferred with --isolatedDeclarations.
                                       ~
 !!! error TS7006: Parameter 'v' implicitly has an 'any' type.
-                                      ~
-!!! error TS9011: Parameter must have an explicit type annotation with --isolatedDeclarations.
-!!! related TS9028 isolatedDeclarationErrorsClasses.ts:44:35: Add a type annotation to the parameter v.
     
         get [noAnnotationStringName]() { return 0;}
-            ~~~~~~~~~~~~~~~~~~~~~~~~
-!!! error TS9038: Computed property names on class or object literals cannot be inferred with --isolatedDeclarations.
     
         set [noParamAnnotationStringName](value) { }
-            ~~~~~~~~~~~~~~~~~~~~~~~~~~~~~
-!!! error TS7032: Property '[noParamAnnotationStringName]' implicitly has type 'any', because its set accessor lacks a parameter type annotation.
-            ~~~~~~~~~~~~~~~~~~~~~~~~~~~~~
-!!! error TS9038: Computed property names on class or object literals cannot be inferred with --isolatedDeclarations.
-                                          ~~~~~
-!!! error TS7006: Parameter 'value' implicitly has an 'any' type.
     
         [("A" + "B") as "AB"] =  1;
-        ~~~~~~~~~~~~~~~~~~~~~
-!!! error TS1166: A computed property name in a class property declaration must have a simple literal type or a 'unique symbol' type.
-        ~~~~~~~~~~~~~~~~~~~~~
-!!! error TS9038: Computed property names on class or object literals cannot be inferred with --isolatedDeclarations.
     
     }
     
     export interface I {
         [noAnnotationStringName]: 10;
         [noAnnotationLiteralName]();
-        ~~~~~~~~~~~~~~~~~~~~~~~~~~~~
-!!! error TS7010: '[noAnnotationLiteralName]', which lacks return-type annotation, implicitly has an 'any' return type.
-        ~~~~~~~~~~~~~~~~~~~~~~~~~~~~
-!!! error TS9013: Expression type can't be inferred with --isolatedDeclarations.
     }

</message>
<stacktrace>
  at org.junit.Assert.fail(Assert.java:89)
  at kotlin.test.junit.JUnitAsserter.fail(JUnitSupport.kt:56)
  at kotlin.test.AssertionsKt__AssertionsKt.fail(Assertions.kt:563)
  at kotlin.test.AssertionsKt.fail(Unknown Source)
  at com.xemantic.kotlin.test.SameAsKt.sameAs(SameAs.kt:52)
  at com.xemantic.typescript.compiler.TypeScriptTestSupportKt.errorsMatchBaseline(TypeScriptTestSupport.kt:135)
  at com.xemantic.typescript.compiler.TypeScriptCompilerTests_I.isolatedDeclarationErrorsClasses_ts has expected errors matching isolatedDeclarationErrorsClasses_errors_txt(TypeScriptCompilerTests_I.kt:6545)
  at java.base/jdk.internal.reflect.DirectMethodHandleAccessor.invoke(DirectMethodHandleAccessor.java:104)
  at java.base/java.lang.reflect.Method.invoke(Method.java:565)
  at org.junit.runners.model.FrameworkMethod$1.runReflectiveCall(FrameworkMethod.java:59)
  at org.junit.internal.runners.model.ReflectiveCallable.run(ReflectiveCallable.java:12)
  at org.junit.runners.model.FrameworkMethod.invokeExplosively(FrameworkMethod.java:56)
  at org.junit.internal.runners.statements.InvokeMethod.evaluate(InvokeMethod.java:17)
  at org.junit.runners.ParentRunner$3.evaluate(ParentRunner.java:306)
  at org.junit.runners.BlockJUnit4ClassRunner$1.evaluate(BlockJUnit4ClassRunner.java:100)
  at org.junit.runners.ParentRunner.runLeaf(ParentRunner.java:366)
  at org.junit.runners.BlockJUnit4ClassRunner.runChild(BlockJUnit4ClassRunner.java:103)
  at org.junit.runners.BlockJUnit4ClassRunner.runChild(BlockJUnit4ClassRunner.java:63)
  at org.junit.runners.ParentRunner$4.run(ParentRunner.java:331)
  at org.junit.runners.ParentRunner$1.schedule(ParentRunner.java:79)
  at org.junit.runners.ParentRunner.runChildren(ParentRunner.java:329)
  at org.junit.runners.ParentRunner.access$100(ParentRunner.java:66)
  at org.junit.runners.ParentRunner$2.evaluate(ParentRunner.java:293)
  at org.junit.runners.ParentRunner$3.evaluate(ParentRunner.java:306)
  at org.junit.runners.ParentRunner.run(ParentRunner.java:413)
  at org.junit.runner.JUnitCore.run(JUnitCore.java:137)
  at org.junit.runner.JUnitCore.run(JUnitCore.java:115)
  at org.gradle.api.internal.tasks.testing.junit.JUnitTestExecutor.runRequest(JUnitTestExecutor.java:175)
  at org.gradle.api.internal.tasks.testing.junit.JUnitTestExecutor.accept(JUnitTestExecutor.java:84)
  at org.gradle.api.internal.tasks.testing.junit.JUnitTestExecutor.accept(JUnitTestExecutor.java:47)
  at org.gradle.api.internal.tasks.testing.junit.AbstractJUnitTestDefinitionProcessor.processTestDefinition(AbstractJUnitTestDefinitionProcessor.java:65)
  at org.gradle.api.internal.tasks.testing.SuiteTestDefinitionProcessor.processTestDefinition(SuiteTestDefinitionProcessor.java:54)
  at java.base/jdk.internal.reflect.DirectMethodHandleAccessor.invoke(DirectMethodHandleAccessor.java:104)
  at java.base/java.lang.reflect.Method.invoke(Method.java:565)
  at org.gradle.internal.dispatch.MethodInvocation.invokeOn(MethodInvocation.java:77)
  at org.gradle.internal.dispatch.ReflectionDispatch.dispatch(ReflectionDispatch.java:28)
  at org.gradle.internal.dispatch.ReflectionDispatch.dispatch(ReflectionDispatch.java:19)
  at org.gradle.internal.dispatch.ContextClassLoaderDispatch.dispatch(ContextClassLoaderDispatch.java:33)
  at org.gradle.internal.dispatch.ProxyDispatchAdapter$DispatchingInvocationHandler.invoke(ProxyDispatchAdapter.java:88)
  at jdk.proxy1/jdk.proxy1.$Proxy4.processTestDefinition(Unknown Source)
  at org.gradle.api.internal.tasks.testing.worker.TestWorker$2.run(TestWorker.java:178)
  at org.gradle.api.internal.tasks.testing.worker.TestWorker.executeAndMaintainThreadName(TestWorker.java:126)
  at org.gradle.api.internal.tasks.testing.worker.TestWorker.execute(TestWorker.java:103)
  at org.gradle.api.internal.tasks.testing.worker.TestWorker.execute(TestWorker.java:63)
  at org.gradle.process.internal.worker.child.ActionExecutionWorker.execute(ActionExecutionWorker.java:56)
  at org.gradle.process.internal.worker.child.SystemApplicationClassLoaderWorker.call(SystemApplicationClassLoaderWorker.java:122)
  at org.gradle.process.internal.worker.child.SystemApplicationClassLoaderWorker.call(SystemApplicationClassLoaderWorker.java:72)
  at worker.org.gradle.process.internal.worker.GradleWorkerMain.run(GradleWorkerMain.java:69)
  at worker.org.gradle.process.internal.worker.GradleWorkerMain.main(GradleWorkerMain.java:74)
</stacktrace>
</test-failure>


TypeScriptCompilerTests_I[jvm] > isolatedDeclarationErrorsClasses_ts has expected errors matching isolatedDeclarationErrorsClasses_errors_txt[jvm] FAILED

<test-failure test="com.xemantic.typescript.compiler.TypeScriptCompilerTests_I.interfaceExtendsClassWithPrivate1_ts has expected errors matching interfaceExtendsClassWithPrivate1_errors_txt" platform="jvm">
<message>
--- expected
+++ actual
@@ -1,9 +1,8 @@
-interfaceExtendsClassWithPrivate1.ts(21,1): error TS2741: Property 'other' is missing in type 'C' but required in type 'I'.
-interfaceExtendsClassWithPrivate1.ts(24,1): error TS2741: Property 'bar' is missing in type 'I' but required in type 'D'.
-interfaceExtendsClassWithPrivate1.ts(27,1): error TS2739: Type 'C' is missing the following properties from type 'D': other, bar
+interfaceExtendsClassWithPrivate1.ts(10,7): error TS2420: Class 'D' incorrectly implements interface 'I'.
+  Property 'x' is missing in type 'D' but required in type 'I'.
 
 
-==== interfaceExtendsClassWithPrivate1.ts (3 errors) ====
+==== interfaceExtendsClassWithPrivate1.ts (1 errors) ====
     class C {
         public foo(x: any) { return x; }
         private x = 1;
@@ -14,6 +13,10 @@
     }
     
     class D extends C implements I {
+          ~
+!!! error TS2420: Class 'D' incorrectly implements interface 'I'.
+!!! error TS2420:   Property 'x' is missing in type 'D' but required in type 'I'.
+!!! related TS2728 interfaceExtendsClassWithPrivate1.ts:3:13: 'x' is declared here.
         public foo(x: any) { return x; }
         other(x: any) { return x; }
         bar() { }
@@ -25,17 +28,9 @@
     
     c = i;
     i = c; // error
-    ~
-!!! error TS2741: Property 'other' is missing in type 'C' but required in type 'I'.
-!!! related TS2728 interfaceExtendsClassWithPrivate1.ts:7:5: 'other' is declared here.
     
     i = d;
     d = i; // error
-    ~
-!!! error TS2741: Property 'bar' is missing in type 'I' but required in type 'D'.
-!!! related TS2728 interfaceExtendsClassWithPrivate1.ts:13:5: 'bar' is declared here.
     
     c = d;
     d = c; // error
-    ~
-!!! error TS2739: Type 'C' is missing the following properties from type 'D': other, bar

</message>
<stacktrace>
  at org.junit.Assert.fail(Assert.java:89)
  at kotlin.test.junit.JUnitAsserter.fail(JUnitSupport.kt:56)
  at kotlin.test.AssertionsKt__AssertionsKt.fail(Assertions.kt:563)
  at kotlin.test.AssertionsKt.fail(Unknown Source)
  at com.xemantic.kotlin.test.SameAsKt.sameAs(SameAs.kt:52)
  at com.xemantic.typescript.compiler.TypeScriptTestSupportKt.errorsMatchBaseline(TypeScriptTestSupport.kt:135)
  at com.xemantic.typescript.compiler.TypeScriptCompilerTests_I.interfaceExtendsClassWithPrivate1_ts has expected errors matching interfaceExtendsClassWithPrivate1_errors_txt(TypeScriptCompilerTests_I.kt:5089)
  at java.base/jdk.internal.reflect.DirectMethodHandleAccessor.invoke(DirectMethodHandleAccessor.java:104)
  at java.base/java.lang.reflect.Method.invoke(Method.java:565)
  at org.junit.runners.model.FrameworkMethod$1.runReflectiveCall(FrameworkMethod.java:59)
  at org.junit.internal.runners.model.ReflectiveCallable.run(ReflectiveCallable.java:12)
  at org.junit.runners.model.FrameworkMethod.invokeExplosively(FrameworkMethod.java:56)
  at org.junit.internal.runners.statements.InvokeMethod.evaluate(InvokeMethod.java:17)
  at org.junit.runners.ParentRunner$3.evaluate(ParentRunner.java:306)
  at org.junit.runners.BlockJUnit4ClassRunner$1.evaluate(BlockJUnit4ClassRunner.java:100)
  at org.junit.runners.ParentRunner.runLeaf(ParentRunner.java:366)
  at org.junit.runners.BlockJUnit4ClassRunner.runChild(BlockJUnit4ClassRunner.java:103)
  at org.junit.runners.BlockJUnit4ClassRunner.runChild(BlockJUnit4ClassRunner.java:63)
  at org.junit.runners.ParentRunner$4.run(ParentRunner.java:331)
  at org.junit.runners.ParentRunner$1.schedule(ParentRunner.java:79)
  at org.junit.runners.ParentRunner.runChildren(ParentRunner.java:329)
  at org.junit.runners.ParentRunner.access$100(ParentRunner.java:66)
  at org.junit.runners.ParentRunner$2.evaluate(ParentRunner.java:293)
  at org.junit.runners.ParentRunner$3.evaluate(ParentRunner.java:306)
  at org.junit.runners.ParentRunner.run(ParentRunner.java:413)
  at org.junit.runner.JUnitCore.run(JUnitCore.java:137)
  at org.junit.runner.JUnitCore.run(JUnitCore.java:115)
  at org.gradle.api.internal.tasks.testing.junit.JUnitTestExecutor.runRequest(JUnitTestExecutor.java:175)
  at org.gradle.api.internal.tasks.testing.junit.JUnitTestExecutor.accept(JUnitTestExecutor.java:84)
  at org.gradle.api.internal.tasks.testing.junit.JUnitTestExecutor.accept(JUnitTestExecutor.java:47)
  at org.gradle.api.internal.tasks.testing.junit.AbstractJUnitTestDefinitionProcessor.processTestDefinition(AbstractJUnitTestDefinitionProcessor.java:65)
  at org.gradle.api.internal.tasks.testing.SuiteTestDefinitionProcessor.processTestDefinition(SuiteTestDefinitionProcessor.java:54)
  at java.base/jdk.internal.reflect.DirectMethodHandleAccessor.invoke(DirectMethodHandleAccessor.java:104)
  at java.base/java.lang.reflect.Method.invoke(Method.java:565)
  at org.gradle.internal.dispatch.MethodInvocation.invokeOn(MethodInvocation.java:77)
  at org.gradle.internal.dispatch.ReflectionDispatch.dispatch(ReflectionDispatch.java:28)
  at org.gradle.internal.dispatch.ReflectionDispatch.dispatch(ReflectionDispatch.java:19)
  at org.gradle.internal.dispatch.ContextClassLoaderDispatch.dispatch(ContextClassLoaderDispatch.java:33)
  at org.gradle.internal.dispatch.ProxyDispatchAdapter$DispatchingInvocationHandler.invoke(ProxyDispatchAdapter.java:88)
  at jdk.proxy1/jdk.proxy1.$Proxy4.processTestDefinition(Unknown Source)
  at org.gradle.api.internal.tasks.testing.worker.TestWorker$2.run(TestWorker.java:178)
  at org.gradle.api.internal.tasks.testing.worker.TestWorker.executeAndMaintainThreadName(TestWorker.java:126)
  at org.gradle.api.internal.tasks.testing.worker.TestWorker.execute(TestWorker.java:103)
  at org.gradle.api.internal.tasks.testing.worker.TestWorker.execute(TestWorker.java:63)
  at org.gradle.process.internal.worker.child.ActionExecutionWorker.execute(ActionExecutionWorker.java:56)
  at org.gradle.process.internal.worker.child.SystemApplicationClassLoaderWorker.call(SystemApplicationClassLoaderWorker.java:122)
  at org.gradle.process.internal.worker.child.SystemApplicationClassLoaderWorker.call(SystemApplicationClassLoaderWorker.java:72)
  at worker.org.gradle.process.internal.worker.GradleWorkerMain.run(GradleWorkerMain.java:69)
  at worker.org.gradle.process.internal.worker.GradleWorkerMain.main(GradleWorkerMain.java:74)
</stacktrace>
</test-failure>


TypeScriptCompilerTests_I[jvm] > interfaceExtendsClassWithPrivate1_ts has expected errors matching interfaceExtendsClassWithPrivate1_errors_txt[jvm] FAILED

<test-failure test="com.xemantic.typescript.compiler.TypeScriptCompilerTests_I.indexedAccessImplicitlyAny_ts has expected errors matching indexedAccessImplicitlyAny_errors_txt" platform="jvm">
<message>
--- expected
+++ actual
@@ -1,8 +1,7 @@
 indexedAccessImplicitlyAny.ts(3,3): error TS2551: Property 'foo' does not exist on type 'I'. Did you mean 'foof'?
-indexedAccessImplicitlyAny.ts(4,3): error TS2551: Property 'foo' does not exist on type 'I'. Did you mean 'foof'?
 
 
-==== indexedAccessImplicitlyAny.ts (2 errors) ====
+==== indexedAccessImplicitlyAny.ts (1 errors) ====
     interface I { foof: number };
     declare const i: I;
     i.foo;
@@ -10,5 +9,3 @@
 !!! error TS2551: Property 'foo' does not exist on type 'I'. Did you mean 'foof'?
 !!! related TS2728 indexedAccessImplicitlyAny.ts:1:15: 'foof' is declared here.
     i["foo"];
-      ~~~~~
-!!! error TS2551: Property 'foo' does not exist on type 'I'. Did you mean 'foof'?

</message>
<stacktrace>
  at org.junit.Assert.fail(Assert.java:89)
  at kotlin.test.junit.JUnitAsserter.fail(JUnitSupport.kt:56)
  at kotlin.test.AssertionsKt__AssertionsKt.fail(Assertions.kt:563)
  at kotlin.test.AssertionsKt.fail(Unknown Source)
  at com.xemantic.kotlin.test.SameAsKt.sameAs(SameAs.kt:52)
  at com.xemantic.typescript.compiler.TypeScriptTestSupportKt.errorsMatchBaseline(TypeScriptTestSupport.kt:135)
  at com.xemantic.typescript.compiler.TypeScriptCompilerTests_I.indexedAccessImplicitlyAny_ts has expected errors matching indexedAccessImplicitlyAny_errors_txt(TypeScriptCompilerTests_I.kt:2884)
  at java.base/jdk.internal.reflect.DirectMethodHandleAccessor.invoke(DirectMethodHandleAccessor.java:104)
  at java.base/java.lang.reflect.Method.invoke(Method.java:565)
  at org.junit.runners.model.FrameworkMethod$1.runReflectiveCall(FrameworkMethod.java:59)
  at org.junit.internal.runners.model.ReflectiveCallable.run(ReflectiveCallable.java:12)
  at org.junit.runners.model.FrameworkMethod.invokeExplosively(FrameworkMethod.java:56)
  at org.junit.internal.runners.statements.InvokeMethod.evaluate(InvokeMethod.java:17)
  at org.junit.runners.ParentRunner$3.evaluate(ParentRunner.java:306)
  at org.junit.runners.BlockJUnit4ClassRunner$1.evaluate(BlockJUnit4ClassRunner.java:100)
  at org.junit.runners.ParentRunner.runLeaf(ParentRunner.java:366)
  at org.junit.runners.BlockJUnit4ClassRunner.runChild(BlockJUnit4ClassRunner.java:103)
  at org.junit.runners.BlockJUnit4ClassRunner.runChild(BlockJUnit4ClassRunner.java:63)
  at org.junit.runners.ParentRunner$4.run(ParentRunner.java:331)
  at org.junit.runners.ParentRunner$1.schedule(ParentRunner.java:79)
  at org.junit.runners.ParentRunner.runChildren(ParentRunner.java:329)
  at org.junit.runners.ParentRunner.access$100(ParentRunner.java:66)
  at org.junit.runners.ParentRunner$2.evaluate(ParentRunner.java:293)
  at org.junit.runners.ParentRunner$3.evaluate(ParentRunner.java:306)
  at org.junit.runners.ParentRunner.run(ParentRunner.java:413)
  at org.junit.runner.JUnitCore.run(JUnitCore.java:137)
  at org.junit.runner.JUnitCore.run(JUnitCore.java:115)
  at org.gradle.api.internal.tasks.testing.junit.JUnitTestExecutor.runRequest(JUnitTestExecutor.java:175)
  at org.gradle.api.internal.tasks.testing.junit.JUnitTestExecutor.accept(JUnitTestExecutor.java:84)
  at org.gradle.api.internal.tasks.testing.junit.JUnitTestExecutor.accept(JUnitTestExecutor.java:47)
  at org.gradle.api.internal.tasks.testing.junit.AbstractJUnitTestDefinitionProcessor.processTestDefinition(AbstractJUnitTestDefinitionProcessor.java:65)
  at org.gradle.api.internal.tasks.testing.SuiteTestDefinitionProcessor.processTestDefinition(SuiteTestDefinitionProcessor.java:54)
  at java.base/jdk.internal.reflect.DirectMethodHandleAccessor.invoke(DirectMethodHandleAccessor.java:104)
  at java.base/java.lang.reflect.Method.invoke(Method.java:565)
  at org.gradle.internal.dispatch.MethodInvocation.invokeOn(MethodInvocation.java:77)
  at org.gradle.internal.dispatch.ReflectionDispatch.dispatch(ReflectionDispatch.java:28)
  at org.gradle.internal.dispatch.ReflectionDispatch.dispatch(ReflectionDispatch.java:19)
  at org.gradle.internal.dispatch.ContextClassLoaderDispatch.dispatch(ContextClassLoaderDispatch.java:33)
  at org.gradle.internal.dispatch.ProxyDispatchAdapter$DispatchingInvocationHandler.invoke(ProxyDispatchAdapter.java:88)
  at jdk.proxy1/jdk.proxy1.$Proxy4.processTestDefinition(Unknown Source)
  at org.gradle.api.internal.tasks.testing.worker.TestWorker$2.run(TestWorker.java:178)
  at org.gradle.api.internal.tasks.testing.worker.TestWorker.executeAndMaintainThreadName(TestWorker.java:126)
  at org.gradle.api.internal.tasks.testing.worker.TestWorker.execute(TestWorker.java:103)
  at org.gradle.api.internal.tasks.testing.worker.TestWorker.execute(TestWorker.java:63)
  at org.gradle.process.internal.worker.child.ActionExecutionWorker.execute(ActionExecutionWorker.java:56)
  at org.gradle.process.internal.worker.child.SystemApplicationClassLoaderWorker.call(SystemApplicationClassLoaderWorker.java:122)
  at org.gradle.process.internal.worker.child.SystemApplicationClassLoaderWorker.call(SystemApplicationClassLoaderWorker.java:72)
  at worker.org.gradle.process.internal.worker.GradleWorkerMain.run(GradleWorkerMain.java:69)
  at worker.org.gradle.process.internal.worker.GradleWorkerMain.main(GradleWorkerMain.java:74)
</stacktrace>
</test-failure>


TypeScriptCompilerTests_I[jvm] > indexedAccessImplicitlyAny_ts has expected errors matching indexedAccessImplicitlyAny_errors_txt[jvm] FAILED

<test-failure test="com.xemantic.typescript.compiler.TypeScriptCompilerTests_I.indexSignatureInOtherFile1_ts has expected errors matching indexSignatureInOtherFile1_errors_txt" platform="jvm">
<message>
--- expected
+++ actual
@@ -1,5 +1,4 @@
-index.ts(2,3): error TS2411: Property '[Symbol.iterator]' of type '() => IterableIterator<any>' is not assignable to 'symbol' index type 'string'.
-index.ts(2,3): error TS2411: Property '[Symbol.unscopables]' of type '() => { copyWithin: boolean; entries: boolean; fill: boolean; find: boolean; findIndex: boolean; keys: boolean; values: boolean; }' is not assignable to 'symbol' index type 'string'.
+index.ts(1,20): error TS2314: Generic type 'Array1<T>' requires 1 type argument(s).
 
 
 ==== other.ts (0 errors) ====
@@ -36,13 +35,9 @@
       };
     }
     
-==== index.ts (2 errors) ====
+==== index.ts (1 errors) ====
     class Test extends Array1 {
+                       ~~~~~~
+!!! error TS2314: Generic type 'Array1<T>' requires 1 type argument(s).
       [key: symbol]: string
-      ~~~~~~~~~~~~~~~~~~~~~
-!!! error TS2411: Property '[Symbol.iterator]' of type '() => IterableIterator<any>' is not assignable to 'symbol' index type 'string'.
-!!! related TS2728 other.ts:14:3: '[Symbol.iterator]' is declared here.
-      ~~~~~~~~~~~~~~~~~~~~~
-!!! error TS2411: Property '[Symbol.unscopables]' of type '() => { copyWithin: boolean; entries: boolean; fill: boolean; find: boolean; findIndex: boolean; keys: boolean; values: boolean; }' is not assignable to 'symbol' index type 'string'.
-!!! related TS2728 other.ts:23:3: '[Symbol.unscopables]' is declared here.
     }

</message>
<stacktrace>
  at org.junit.Assert.fail(Assert.java:89)
  at kotlin.test.junit.JUnitAsserter.fail(JUnitSupport.kt:56)
  at kotlin.test.AssertionsKt__AssertionsKt.fail(Assertions.kt:563)
  at kotlin.test.AssertionsKt.fail(Unknown Source)
  at com.xemantic.kotlin.test.SameAsKt.sameAs(SameAs.kt:52)
  at com.xemantic.typescript.compiler.TypeScriptTestSupportKt.errorsMatchBaseline(TypeScriptTestSupport.kt:135)
  at com.xemantic.typescript.compiler.TypeScriptCompilerTests_I.indexSignatureInOtherFile1_ts has expected errors matching indexSignatureInOtherFile1_errors_txt(TypeScriptCompilerTests_I.kt:2632)
  at java.base/jdk.internal.reflect.DirectMethodHandleAccessor.invoke(DirectMethodHandleAccessor.java:104)
  at java.base/java.lang.reflect.Method.invoke(Method.java:565)
  at org.junit.runners.model.FrameworkMethod$1.runReflectiveCall(FrameworkMethod.java:59)
  at org.junit.internal.runners.model.ReflectiveCallable.run(ReflectiveCallable.java:12)
  at org.junit.runners.model.FrameworkMethod.invokeExplosively(FrameworkMethod.java:56)
  at org.junit.internal.runners.statements.InvokeMethod.evaluate(InvokeMethod.java:17)
  at org.junit.runners.ParentRunner$3.evaluate(ParentRunner.java:306)
  at org.junit.runners.BlockJUnit4ClassRunner$1.evaluate(BlockJUnit4ClassRunner.java:100)
  at org.junit.runners.ParentRunner.runLeaf(ParentRunner.java:366)
  at org.junit.runners.BlockJUnit4ClassRunner.runChild(BlockJUnit4ClassRunner.java:103)
  at org.junit.runners.BlockJUnit4ClassRunner.runChild(BlockJUnit4ClassRunner.java:63)
  at org.junit.runners.ParentRunner$4.run(ParentRunner.java:331)
  at org.junit.runners.ParentRunner$1.schedule(ParentRunner.java:79)
  at org.junit.runners.ParentRunner.runChildren(ParentRunner.java:329)
  at org.junit.runners.ParentRunner.access$100(ParentRunner.java:66)
  at org.junit.runners.ParentRunner$2.evaluate(ParentRunner.java:293)
  at org.junit.runners.ParentRunner$3.evaluate(ParentRunner.java:306)
  at org.junit.runners.ParentRunner.run(ParentRunner.java:413)
  at org.junit.runner.JUnitCore.run(JUnitCore.java:137)
  at org.junit.runner.JUnitCore.run(JUnitCore.java:115)
  at org.gradle.api.internal.tasks.testing.junit.JUnitTestExecutor.runRequest(JUnitTestExecutor.java:175)
  at org.gradle.api.internal.tasks.testing.junit.JUnitTestExecutor.accept(JUnitTestExecutor.java:84)
  at org.gradle.api.internal.tasks.testing.junit.JUnitTestExecutor.accept(JUnitTestExecutor.java:47)
  at org.gradle.api.internal.tasks.testing.junit.AbstractJUnitTestDefinitionProcessor.processTestDefinition(AbstractJUnitTestDefinitionProcessor.java:65)
  at org.gradle.api.internal.tasks.testing.SuiteTestDefinitionProcessor.processTestDefinition(SuiteTestDefinitionProcessor.java:54)
  at java.base/jdk.internal.reflect.DirectMethodHandleAccessor.invoke(DirectMethodHandleAccessor.java:104)
  at java.base/java.lang.reflect.Method.invoke(Method.java:565)
  at org.gradle.internal.dispatch.MethodInvocation.invokeOn(MethodInvocation.java:77)
  at org.gradle.internal.dispatch.ReflectionDispatch.dispatch(ReflectionDispatch.java:28)
  at org.gradle.internal.dispatch.ReflectionDispatch.dispatch(ReflectionDispatch.java:19)
  at org.gradle.internal.dispatch.ContextClassLoaderDispatch.dispatch(ContextClassLoaderDispatch.java:33)
  at org.gradle.internal.dispatch.ProxyDispatchAdapter$DispatchingInvocationHandler.invoke(ProxyDispatchAdapter.java:88)
  at jdk.proxy1/jdk.proxy1.$Proxy4.processTestDefinition(Unknown Source)
  at org.gradle.api.internal.tasks.testing.worker.TestWorker$2.run(TestWorker.java:178)
  at org.gradle.api.internal.tasks.testing.worker.TestWorker.executeAndMaintainThreadName(TestWorker.java:126)
  at org.gradle.api.internal.tasks.testing.worker.TestWorker.execute(TestWorker.java:103)
  at org.gradle.api.internal.tasks.testing.worker.TestWorker.execute(TestWorker.java:63)
  at org.gradle.process.internal.worker.child.ActionExecutionWorker.execute(ActionExecutionWorker.java:56)
  at org.gradle.process.internal.worker.child.SystemApplicationClassLoaderWorker.call(SystemApplicationClassLoaderWorker.java:122)
  at org.gradle.process.internal.worker.child.SystemApplicationClassLoaderWorker.call(SystemApplicationClassLoaderWorker.java:72)
  at worker.org.gradle.process.internal.worker.GradleWorkerMain.run(GradleWorkerMain.java:69)
  at worker.org.gradle.process.internal.worker.GradleWorkerMain.main(GradleWorkerMain.java:74)
</stacktrace>
</test-failure>


TypeScriptCompilerTests_I[jvm] > indexSignatureInOtherFile1_ts has expected errors matching indexSignatureInOtherFile1_errors_txt[jvm] FAILED

<test-failure test="com.xemantic.typescript.compiler.TypeScriptCompilerTests_I.implicitAnyFunctionInvocationWithAnyArguements_ts has expected errors matching implicitAnyFunctionInvocationWithAnyArguements_errors_txt" platform="jvm">
<message>
--- expected
+++ actual
@@ -1,19 +1,12 @@
-implicitAnyFunctionInvocationWithAnyArguements.ts(4,21): error TS7008: Member 'v' implicitly has an 'any' type.
-implicitAnyFunctionInvocationWithAnyArguements.ts(4,24): error TS7008: Member 'w' implicitly has an 'any' type.
 implicitAnyFunctionInvocationWithAnyArguements.ts(5,21): error TS7006: Parameter 'y2' implicitly has an 'any' type.
 implicitAnyFunctionInvocationWithAnyArguements.ts(6,16): error TS7006: Parameter 'arg1' implicitly has an 'any' type.
-implicitAnyFunctionInvocationWithAnyArguements.ts(10,36): error TS7006: Parameter 'y2' implicitly has an 'any' type.
 
 
-==== implicitAnyFunctionInvocationWithAnyArguements.ts (5 errors) ====
+==== implicitAnyFunctionInvocationWithAnyArguements.ts (2 errors) ====
     // this should be errors
     var arg0 = null;  // error at "arg0"
     var anyArray = [null, undefined];  // error at array literal
     declare var objL: { v; w; }             // error at "y,z"
-                        ~
-!!! error TS7008: Member 'v' implicitly has an 'any' type.
-                           ~
-!!! error TS7008: Member 'w' implicitly has an 'any' type.
     declare var funcL: (y2) => number;
                         ~~
 !!! error TS7006: Parameter 'y2' implicitly has an 'any' type.
@@ -24,8 +17,6 @@
     function testFunctionExprC2(eq: (v1: any, v2: any) => number) { };
     function testObjLiteral(objLit: { v: any; w: any }) { }; 
     function testFuncLiteral(funcLit: (y2) => number) { };
-                                       ~~
-!!! error TS7006: Parameter 'y2' implicitly has an 'any' type.
     
     // this should not be an error
     testFunctionExprC2((v1, v2) => 1);

</message>
<stacktrace>
  at org.junit.Assert.fail(Assert.java:89)
  at kotlin.test.junit.JUnitAsserter.fail(JUnitSupport.kt:56)
  at kotlin.test.AssertionsKt__AssertionsKt.fail(Assertions.kt:563)
  at kotlin.test.AssertionsKt.fail(Unknown Source)
  at com.xemantic.kotlin.test.SameAsKt.sameAs(SameAs.kt:52)
  at com.xemantic.typescript.compiler.TypeScriptTestSupportKt.errorsMatchBaseline(TypeScriptTestSupport.kt:135)
  at com.xemantic.typescript.compiler.TypeScriptCompilerTests_I.implicitAnyFunctionInvocationWithAnyArguements_ts has expected errors matching implicitAnyFunctionInvocationWithAnyArguements_errors_txt(TypeScriptCompilerTests_I.kt:441)
  at java.base/jdk.internal.reflect.DirectMethodHandleAccessor.invoke(DirectMethodHandleAccessor.java:104)
  at java.base/java.lang.reflect.Method.invoke(Method.java:565)
  at org.junit.runners.model.FrameworkMethod$1.runReflectiveCall(FrameworkMethod.java:59)
  at org.junit.internal.runners.model.ReflectiveCallable.run(ReflectiveCallable.java:12)
  at org.junit.runners.model.FrameworkMethod.invokeExplosively(FrameworkMethod.java:56)
  at org.junit.internal.runners.statements.InvokeMethod.evaluate(InvokeMethod.java:17)
  at org.junit.runners.ParentRunner$3.evaluate(ParentRunner.java:306)
  at org.junit.runners.BlockJUnit4ClassRunner$1.evaluate(BlockJUnit4ClassRunner.java:100)
  at org.junit.runners.ParentRunner.runLeaf(ParentRunner.java:366)
  at org.junit.runners.BlockJUnit4ClassRunner.runChild(BlockJUnit4ClassRunner.java:103)
  at org.junit.runners.BlockJUnit4ClassRunner.runChild(BlockJUnit4ClassRunner.java:63)
  at org.junit.runners.ParentRunner$4.run(ParentRunner.java:331)
  at org.junit.runners.ParentRunner$1.schedule(ParentRunner.java:79)
  at org.junit.runners.ParentRunner.runChildren(ParentRunner.java:329)
  at org.junit.runners.ParentRunner.access$100(ParentRunner.java:66)
  at org.junit.runners.ParentRunner$2.evaluate(ParentRunner.java:293)
  at org.junit.runners.ParentRunner$3.evaluate(ParentRunner.java:306)
  at org.junit.runners.ParentRunner.run(ParentRunner.java:413)
  at org.junit.runner.JUnitCore.run(JUnitCore.java:137)
  at org.junit.runner.JUnitCore.run(JUnitCore.java:115)
  at org.gradle.api.internal.tasks.testing.junit.JUnitTestExecutor.runRequest(JUnitTestExecutor.java:175)
  at org.gradle.api.internal.tasks.testing.junit.JUnitTestExecutor.accept(JUnitTestExecutor.java:84)
  at org.gradle.api.internal.tasks.testing.junit.JUnitTestExecutor.accept(JUnitTestExecutor.java:47)
  at org.gradle.api.internal.tasks.testing.junit.AbstractJUnitTestDefinitionProcessor.processTestDefinition(AbstractJUnitTestDefinitionProcessor.java:65)
  at org.gradle.api.internal.tasks.testing.SuiteTestDefinitionProcessor.processTestDefinition(SuiteTestDefinitionProcessor.java:54)
  at java.base/jdk.internal.reflect.DirectMethodHandleAccessor.invoke(DirectMethodHandleAccessor.java:104)
  at java.base/java.lang.reflect.Method.invoke(Method.java:565)
  at org.gradle.internal.dispatch.MethodInvocation.invokeOn(MethodInvocation.java:77)
  at org.gradle.internal.dispatch.ReflectionDispatch.dispatch(ReflectionDispatch.java:28)
  at org.gradle.internal.dispatch.ReflectionDispatch.dispatch(ReflectionDispatch.java:19)
  at org.gradle.internal.dispatch.ContextClassLoaderDispatch.dispatch(ContextClassLoaderDispatch.java:33)
  at org.gradle.internal.dispatch.ProxyDispatchAdapter$DispatchingInvocationHandler.invoke(ProxyDispatchAdapter.java:88)
  at jdk.proxy1/jdk.proxy1.$Proxy4.processTestDefinition(Unknown Source)
  at org.gradle.api.internal.tasks.testing.worker.TestWorker$2.run(TestWorker.java:178)
  at org.gradle.api.internal.tasks.testing.worker.TestWorker.executeAndMaintainThreadName(TestWorker.java:126)
  at org.gradle.api.internal.tasks.testing.worker.TestWorker.execute(TestWorker.java:103)
  at org.gradle.api.internal.tasks.testing.worker.TestWorker.execute(TestWorker.java:63)
  at org.gradle.process.internal.worker.child.ActionExecutionWorker.execute(ActionExecutionWorker.java:56)
  at org.gradle.process.internal.worker.child.SystemApplicationClassLoaderWorker.call(SystemApplicationClassLoaderWorker.java:122)
  at org.gradle.process.internal.worker.child.SystemApplicationClassLoaderWorker.call(SystemApplicationClassLoaderWorker.java:72)
  at worker.org.gradle.process.internal.worker.GradleWorkerMain.run(GradleWorkerMain.java:69)
  at worker.org.gradle.process.internal.worker.GradleWorkerMain.main(GradleWorkerMain.java:74)
</stacktrace>
</test-failure>


TypeScriptCompilerTests_I[jvm] > implicitAnyFunctionInvocationWithAnyArguements_ts has expected errors matching implicitAnyFunctionInvocationWithAnyArguements_errors_txt[jvm] FAILED

<test-failure test="com.xemantic.typescript.compiler.TypeScriptCompilerTests_I.inferFromNestedSameShapeTuple_ts has expected errors matching inferFromNestedSameShapeTuple_errors_txt" platform="jvm">
<message>
Expected diagnostics from baseline typescript-repo/tests/baselines/reference/inferFromNestedSameShapeTuple.errors.txt but none produced
</message>
<stacktrace>
  at com.xemantic.typescript.compiler.TypeScriptTestSupportKt.errorsMatchBaseline(TypeScriptTestSupport.kt:125)
  at com.xemantic.typescript.compiler.TypeScriptCompilerTests_I.inferFromNestedSameShapeTuple_ts has expected errors matching inferFromNestedSameShapeTuple_errors_txt(TypeScriptCompilerTests_I.kt:3248)
  at java.base/jdk.internal.reflect.DirectMethodHandleAccessor.invoke(DirectMethodHandleAccessor.java:104)
  at java.base/java.lang.reflect.Method.invoke(Method.java:565)
  at org.junit.runners.model.FrameworkMethod$1.runReflectiveCall(FrameworkMethod.java:59)
  at org.junit.internal.runners.model.ReflectiveCallable.run(ReflectiveCallable.java:12)
  at org.junit.runners.model.FrameworkMethod.invokeExplosively(FrameworkMethod.java:56)
  at org.junit.internal.runners.statements.InvokeMethod.evaluate(InvokeMethod.java:17)
  at org.junit.runners.ParentRunner$3.evaluate(ParentRunner.java:306)
  at org.junit.runners.BlockJUnit4ClassRunner$1.evaluate(BlockJUnit4ClassRunner.java:100)
  at org.junit.runners.ParentRunner.runLeaf(ParentRunner.java:366)
  at org.junit.runners.BlockJUnit4ClassRunner.runChild(BlockJUnit4ClassRunner.java:103)
  at org.junit.runners.BlockJUnit4ClassRunner.runChild(BlockJUnit4ClassRunner.java:63)
  at org.junit.runners.ParentRunner$4.run(ParentRunner.java:331)
  at org.junit.runners.ParentRunner$1.schedule(ParentRunner.java:79)
  at org.junit.runners.ParentRunner.runChildren(ParentRunner.java:329)
  at org.junit.runners.ParentRunner.access$100(ParentRunner.java:66)
  at org.junit.runners.ParentRunner$2.evaluate(ParentRunner.java:293)
  at org.junit.runners.ParentRunner$3.evaluate(ParentRunner.java:306)
  at org.junit.runners.ParentRunner.run(ParentRunner.java:413)
  at org.junit.runner.JUnitCore.run(JUnitCore.java:137)
  at org.junit.runner.JUnitCore.run(JUnitCore.java:115)
  at org.gradle.api.internal.tasks.testing.junit.JUnitTestExecutor.runRequest(JUnitTestExecutor.java:175)
  at org.gradle.api.internal.tasks.testing.junit.JUnitTestExecutor.accept(JUnitTestExecutor.java:84)
  at org.gradle.api.internal.tasks.testing.junit.JUnitTestExecutor.accept(JUnitTestExecutor.java:47)
  at org.gradle.api.internal.tasks.testing.junit.AbstractJUnitTestDefinitionProcessor.processTestDefinition(AbstractJUnitTestDefinitionProcessor.java:65)
  at org.gradle.api.internal.tasks.testing.SuiteTestDefinitionProcessor.processTestDefinition(SuiteTestDefinitionProcessor.java:54)
  at java.base/jdk.internal.reflect.DirectMethodHandleAccessor.invoke(DirectMethodHandleAccessor.java:104)
  at java.base/java.lang.reflect.Method.invoke(Method.java:565)
  at org.gradle.internal.dispatch.MethodInvocation.invokeOn(MethodInvocation.java:77)
  at org.gradle.internal.dispatch.ReflectionDispatch.dispatch(ReflectionDispatch.java:28)
  at org.gradle.internal.dispatch.ReflectionDispatch.dispatch(ReflectionDispatch.java:19)
  at org.gradle.internal.dispatch.ContextClassLoaderDispatch.dispatch(ContextClassLoaderDispatch.java:33)
  at org.gradle.internal.dispatch.ProxyDispatchAdapter$DispatchingInvocationHandler.invoke(ProxyDispatchAdapter.java:88)
  at jdk.proxy1/jdk.proxy1.$Proxy4.processTestDefinition(Unknown Source)
  at org.gradle.api.internal.tasks.testing.worker.TestWorker$2.run(TestWorker.java:178)
  at org.gradle.api.internal.tasks.testing.worker.TestWorker.executeAndMaintainThreadName(TestWorker.java:126)
  at org.gradle.api.internal.tasks.testing.worker.TestWorker.execute(TestWorker.java:103)
  at org.gradle.api.internal.tasks.testing.worker.TestWorker.execute(TestWorker.java:63)
  at org.gradle.process.internal.worker.child.ActionExecutionWorker.execute(ActionExecutionWorker.java:56)
  at org.gradle.process.internal.worker.child.SystemApplicationClassLoaderWorker.call(SystemApplicationClassLoaderWorker.java:122)
  at org.gradle.process.internal.worker.child.SystemApplicationClassLoaderWorker.call(SystemApplicationClassLoaderWorker.java:72)
  at worker.org.gradle.process.internal.worker.GradleWorkerMain.run(GradleWorkerMain.java:69)
  at worker.org.gradle.process.internal.worker.GradleWorkerMain.main(GradleWorkerMain.java:74)
</stacktrace>
</test-failure>


TypeScriptCompilerTests_I[jvm] > inferFromNestedSameShapeTuple_ts has expected errors matching inferFromNestedSameShapeTuple_errors_txt[jvm] FAILED

<test-failure test="com.xemantic.typescript.compiler.TypeScriptCompilerTests_I.isolatedModulesRequiresPreserveConstEnum_ts has expected errors matching isolatedModulesRequiresPreserveConstEnum_errors_txt" platform="jvm">
<message>
Expected diagnostics from baseline typescript-repo/tests/baselines/reference/isolatedModulesRequiresPreserveConstEnum.errors.txt but none produced
</message>
<stacktrace>
  at com.xemantic.typescript.compiler.TypeScriptTestSupportKt.errorsMatchBaseline(TypeScriptTestSupport.kt:125)
  at com.xemantic.typescript.compiler.TypeScriptCompilerTests_I.isolatedModulesRequiresPreserveConstEnum_ts has expected errors matching isolatedModulesRequiresPreserveConstEnum_errors_txt(TypeScriptCompilerTests_I.kt:7014)
  at java.base/jdk.internal.reflect.DirectMethodHandleAccessor.invoke(DirectMethodHandleAccessor.java:104)
  at java.base/java.lang.reflect.Method.invoke(Method.java:565)
  at org.junit.runners.model.FrameworkMethod$1.runReflectiveCall(FrameworkMethod.java:59)
  at org.junit.internal.runners.model.ReflectiveCallable.run(ReflectiveCallable.java:12)
  at org.junit.runners.model.FrameworkMethod.invokeExplosively(FrameworkMethod.java:56)
  at org.junit.internal.runners.statements.InvokeMethod.evaluate(InvokeMethod.java:17)
  at org.junit.runners.ParentRunner$3.evaluate(ParentRunner.java:306)
  at org.junit.runners.BlockJUnit4ClassRunner$1.evaluate(BlockJUnit4ClassRunner.java:100)
  at org.junit.runners.ParentRunner.runLeaf(ParentRunner.java:366)
  at org.junit.runners.BlockJUnit4ClassRunner.runChild(BlockJUnit4ClassRunner.java:103)
  at org.junit.runners.BlockJUnit4ClassRunner.runChild(BlockJUnit4ClassRunner.java:63)
  at org.junit.runners.ParentRunner$4.run(ParentRunner.java:331)
  at org.junit.runners.ParentRunner$1.schedule(ParentRunner.java:79)
  at org.junit.runners.ParentRunner.runChildren(ParentRunner.java:329)
  at org.junit.runners.ParentRunner.access$100(ParentRunner.java:66)
  at org.junit.runners.ParentRunner$2.evaluate(ParentRunner.java:293)
  at org.junit.runners.ParentRunner$3.evaluate(ParentRunner.java:306)
  at org.junit.runners.ParentRunner.run(ParentRunner.java:413)
  at org.junit.runner.JUnitCore.run(JUnitCore.java:137)
  at org.junit.runner.JUnitCore.run(JUnitCore.java:115)
  at org.gradle.api.internal.tasks.testing.junit.JUnitTestExecutor.runRequest(JUnitTestExecutor.java:175)
  at org.gradle.api.internal.tasks.testing.junit.JUnitTestExecutor.accept(JUnitTestExecutor.java:84)
  at org.gradle.api.internal.tasks.testing.junit.JUnitTestExecutor.accept(JUnitTestExecutor.java:47)
  at org.gradle.api.internal.tasks.testing.junit.AbstractJUnitTestDefinitionProcessor.processTestDefinition(AbstractJUnitTestDefinitionProcessor.java:65)
  at org.gradle.api.internal.tasks.testing.SuiteTestDefinitionProcessor.processTestDefinition(SuiteTestDefinitionProcessor.java:54)
  at java.base/jdk.internal.reflect.DirectMethodHandleAccessor.invoke(DirectMethodHandleAccessor.java:104)
  at java.base/java.lang.reflect.Method.invoke(Method.java:565)
  at org.gradle.internal.dispatch.MethodInvocation.invokeOn(MethodInvocation.java:77)
  at org.gradle.internal.dispatch.ReflectionDispatch.dispatch(ReflectionDispatch.java:28)
  at org.gradle.internal.dispatch.ReflectionDispatch.dispatch(ReflectionDispatch.java:19)
  at org.gradle.internal.dispatch.ContextClassLoaderDispatch.dispatch(ContextClassLoaderDispatch.java:33)
  at org.gradle.internal.dispatch.ProxyDispatchAdapter$DispatchingInvocationHandler.invoke(ProxyDispatchAdapter.java:88)
  at jdk.proxy1/jdk.proxy1.$Proxy4.processTestDefinition(Unknown Source)
  at org.gradle.api.internal.tasks.testing.worker.TestWorker$2.run(TestWorker.java:178)
  at org.gradle.api.internal.tasks.testing.worker.TestWorker.executeAndMaintainThreadName(TestWorker.java:126)
  at org.gradle.api.internal.tasks.testing.worker.TestWorker.execute(TestWorker.java:103)
  at org.gradle.api.internal.tasks.testing.worker.TestWorker.execute(TestWorker.java:63)
  at org.gradle.process.internal.worker.child.ActionExecutionWorker.execute(ActionExecutionWorker.java:56)
  at org.gradle.process.internal.worker.child.SystemApplicationClassLoaderWorker.call(SystemApplicationClassLoaderWorker.java:122)
  at org.gradle.process.internal.worker.child.SystemApplicationClassLoaderWorker.call(SystemApplicationClassLoaderWorker.java:72)
  at worker.org.gradle.process.internal.worker.GradleWorkerMain.run(GradleWorkerMain.java:69)
  at worker.org.gradle.process.internal.worker.GradleWorkerMain.main(GradleWorkerMain.java:74)
</stacktrace>
</test-failure>


TypeScriptCompilerTests_I[jvm] > isolatedModulesRequiresPreserveConstEnum_ts has expected errors matching isolatedModulesRequiresPreserveConstEnum_errors_txt[jvm] FAILED

<test-failure test="com.xemantic.typescript.compiler.TypeScriptCompilerTests_I.interfaceDeclaration3_ts has expected errors matching interfaceDeclaration3_errors_txt" platform="jvm">
<message>
--- expected
+++ actual
@@ -1,24 +1,34 @@
-interfaceDeclaration3.ts(7,16): error TS2416: Property 'item' in type 'C1' is not assignable to the same property in base type 'I1'.
-  Type 'number' is not assignable to type 'string'.
 interfaceDeclaration3.ts(7,16): error TS2564: Property 'item' has no initializer and is not definitely assigned in the constructor.
+interfaceDeclaration3.ts(10,16): error TS2416: Property 'item' in type 'C2' is not assignable to the same property in base type 'I1'.
+  Type 'string' is not assignable to type 'number'.
 interfaceDeclaration3.ts(10,16): error TS2564: Property 'item' has no initializer and is not definitely assigned in the constructor.
+interfaceDeclaration3.ts(13,16): error TS2416: Property 'item' in type 'C3' is not assignable to the same property in base type 'I2'.
+  Type 'number' is not assignable to type 'string'.
 interfaceDeclaration3.ts(13,16): error TS2564: Property 'item' has no initializer and is not definitely assigned in the constructor.
+interfaceDeclaration3.ts(17,16): error TS2416: Property 'item' in type 'C4' is not assignable to the same property in base type 'I1'.
+  Type 'string' is not assignable to type 'number'.
 interfaceDeclaration3.ts(17,16): error TS2564: Property 'item' has no initializer and is not definitely assigned in the constructor.
+interfaceDeclaration3.ts(21,16): error TS2416: Property 'item' in type 'C5' is not assignable to the same property in base type 'I1'.
+  Type 'string' is not assignable to type 'number'.
 interfaceDeclaration3.ts(21,16): error TS2564: Property 'item' has no initializer and is not definitely assigned in the constructor.
-interfaceDeclaration3.ts(32,16): error TS2416: Property 'item' in type 'C1' is not assignable to the same property in base type 'I1'.
-  Type 'number' is not assignable to type 'string'.
 interfaceDeclaration3.ts(32,16): error TS2564: Property 'item' has no initializer and is not definitely assigned in the constructor.
+interfaceDeclaration3.ts(35,16): error TS2416: Property 'item' in type 'C2' is not assignable to the same property in base type 'I1'.
+  Type 'string' is not assignable to type 'number'.
 interfaceDeclaration3.ts(35,16): error TS2564: Property 'item' has no initializer and is not definitely assigned in the constructor.
 interfaceDeclaration3.ts(38,16): error TS2564: Property 'item' has no initializer and is not definitely assigned in the constructor.
 interfaceDeclaration3.ts(43,12): error TS2564: Property 'item' has no initializer and is not definitely assigned in the constructor.
+interfaceDeclaration3.ts(47,12): error TS2416: Property 'item' in type 'C2' is not assignable to the same property in base type 'I1'.
+  Type 'string' is not assignable to type 'number'.
 interfaceDeclaration3.ts(47,12): error TS2564: Property 'item' has no initializer and is not definitely assigned in the constructor.
+interfaceDeclaration3.ts(51,12): error TS2416: Property 'item' in type 'C3' is not assignable to the same property in base type 'I1'.
+  Type 'string' is not assignable to type 'number'.
 interfaceDeclaration3.ts(51,12): error TS2564: Property 'item' has no initializer and is not definitely assigned in the constructor.
 interfaceDeclaration3.ts(54,11): error TS2430: Interface 'I2' incorrectly extends interface 'I1'.
   Types of property 'item' are incompatible.
     Type 'string' is not assignable to type 'number'.
 
 
-==== interfaceDeclaration3.ts (14 errors) ====
+==== interfaceDeclaration3.ts (19 errors) ====
     interface I1 { item:number; }
     
     namespace M1 {
@@ -27,31 +37,40 @@
         class C1 implements I1 {
             public item:number;
                    ~~~~
-!!! error TS2416: Property 'item' in type 'C1' is not assignable to the same property in base type 'I1'.
-!!! error TS2416:   Type 'number' is not assignable to type 'string'.
-                   ~~~~
 !!! error TS2564: Property 'item' has no initializer and is not definitely assigned in the constructor.
         }
         class C2 implements I1 {
             public item:string;
                    ~~~~
+!!! error TS2416: Property 'item' in type 'C2' is not assignable to the same property in base type 'I1'.
+!!! error TS2416:   Type 'string' is not assignable to type 'number'.
+                   ~~~~
 !!! error TS2564: Property 'item' has no initializer and is not definitely assigned in the constructor.
         }
         class C3 implements I2 {
             public item:number;
                    ~~~~
+!!! error TS2416: Property 'item' in type 'C3' is not assignable to the same property in base type 'I2'.
+!!! error TS2416:   Type 'number' is not assignable to type 'string'.
+                   ~~~~
 !!! error TS2564: Property 'item' has no initializer and is not definitely assigned in the constructor.
         }
         
         class C4 implements M2.I1 { 
             public item:string;
                    ~~~~
+!!! error TS2416: Property 'item' in type 'C4' is not assignable to the same property in base type 'I1'.
+!!! error TS2416:   Type 'string' is not assignable to type 'number'.
+                   ~~~~
 !!! error TS2564: Property 'item' has no initializer and is not definitely assigned in the constructor.
         }
     
         class C5 implements M2.M3.I1 {
             public item:string;
                    ~~~~
+!!! error TS2416: Property 'item' in type 'C5' is not assignable to the same property in base type 'I1'.
+!!! error TS2416:   Type 'string' is not assignable to type 'number'.
+                   ~~~~
 !!! error TS2564: Property 'item' has no initializer and is not definitely assigned in the constructor.
         }
     }
@@ -65,14 +84,14 @@
         class C1 implements I1 {
             public item:number;    
                    ~~~~
-!!! error TS2416: Property 'item' in type 'C1' is not assignable to the same property in base type 'I1'.
-!!! error TS2416:   Type 'number' is not assignable to type 'string'.
-                   ~~~~
 !!! error TS2564: Property 'item' has no initializer and is not definitely assigned in the constructor.
         }
         class C2 implements I1 {
             public item:string;    
                    ~~~~
+!!! error TS2416: Property 'item' in type 'C2' is not assignable to the same property in base type 'I1'.
+!!! error TS2416:   Type 'string' is not assignable to type 'number'.
+                   ~~~~
 !!! error TS2564: Property 'item' has no initializer and is not definitely assigned in the constructor.
         }
         class C3 implements I2 {
@@ -91,12 +110,18 @@
     class C2 implements M2.I1 { 
         public item:string;
                ~~~~
+!!! error TS2416: Property 'item' in type 'C2' is not assignable to the same property in base type 'I1'.
+!!! error TS2416:   Type 'string' is not assignable to type 'number'.
+               ~~~~
 !!! error TS2564: Property 'item' has no initializer and is not definitely assigned in the constructor.
     }
     
     class C3 implements M2.M3.I1 {
         public item:string;
                ~~~~
+!!! error TS2416: Property 'item' in type 'C3' is not assignable to the same property in base type 'I1'.
+!!! error TS2416:   Type 'string' is not assignable to type 'number'.
+               ~~~~
 !!! error TS2564: Property 'item' has no initializer and is not definitely assigned in the constructor.
     }
     

</message>
<stacktrace>
  at org.junit.Assert.fail(Assert.java:89)
  at kotlin.test.junit.JUnitAsserter.fail(JUnitSupport.kt:56)
  at kotlin.test.AssertionsKt__AssertionsKt.fail(Assertions.kt:563)
  at kotlin.test.AssertionsKt.fail(Unknown Source)
  at com.xemantic.kotlin.test.SameAsKt.sameAs(SameAs.kt:52)
  at com.xemantic.typescript.compiler.TypeScriptTestSupportKt.errorsMatchBaseline(TypeScriptTestSupport.kt:135)
  at com.xemantic.typescript.compiler.TypeScriptCompilerTests_I.interfaceDeclaration3_ts has expected errors matching interfaceDeclaration3_errors_txt(TypeScriptCompilerTests_I.kt:5026)
  at java.base/jdk.internal.reflect.DirectMethodHandleAccessor.invoke(DirectMethodHandleAccessor.java:104)
  at java.base/java.lang.reflect.Method.invoke(Method.java:565)
  at org.junit.runners.model.FrameworkMethod$1.runReflectiveCall(FrameworkMethod.java:59)
  at org.junit.internal.runners.model.ReflectiveCallable.run(ReflectiveCallable.java:12)
  at org.junit.runners.model.FrameworkMethod.invokeExplosively(FrameworkMethod.java:56)
  at org.junit.internal.runners.statements.InvokeMethod.evaluate(InvokeMethod.java:17)
  at org.junit.runners.ParentRunner$3.evaluate(ParentRunner.java:306)
  at org.junit.runners.BlockJUnit4ClassRunner$1.evaluate(BlockJUnit4ClassRunner.java:100)
  at org.junit.runners.ParentRunner.runLeaf(ParentRunner.java:366)
  at org.junit.runners.BlockJUnit4ClassRunner.runChild(BlockJUnit4ClassRunner.java:103)
  at org.junit.runners.BlockJUnit4ClassRunner.runChild(BlockJUnit4ClassRunner.java:63)
  at org.junit.runners.ParentRunner$4.run(ParentRunner.java:331)
  at org.junit.runners.ParentRunner$1.schedule(ParentRunner.java:79)
  at org.junit.runners.ParentRunner.runChildren(ParentRunner.java:329)
  at org.junit.runners.ParentRunner.access$100(ParentRunner.java:66)
  at org.junit.runners.ParentRunner$2.evaluate(ParentRunner.java:293)
  at org.junit.runners.ParentRunner$3.evaluate(ParentRunner.java:306)
  at org.junit.runners.ParentRunner.run(ParentRunner.java:413)
  at org.junit.runner.JUnitCore.run(JUnitCore.java:137)
  at org.junit.runner.JUnitCore.run(JUnitCore.java:115)
  at org.gradle.api.internal.tasks.testing.junit.JUnitTestExecutor.runRequest(JUnitTestExecutor.java:175)
  at org.gradle.api.internal.tasks.testing.junit.JUnitTestExecutor.accept(JUnitTestExecutor.java:84)
  at org.gradle.api.internal.tasks.testing.junit.JUnitTestExecutor.accept(JUnitTestExecutor.java:47)
  at org.gradle.api.internal.tasks.testing.junit.AbstractJUnitTestDefinitionProcessor.processTestDefinition(AbstractJUnitTestDefinitionProcessor.java:65)
  at org.gradle.api.internal.tasks.testing.SuiteTestDefinitionProcessor.processTestDefinition(SuiteTestDefinitionProcessor.java:54)
  at java.base/jdk.internal.reflect.DirectMethodHandleAccessor.invoke(DirectMethodHandleAccessor.java:104)
  at java.base/java.lang.reflect.Method.invoke(Method.java:565)
  at org.gradle.internal.dispatch.MethodInvocation.invokeOn(MethodInvocation.java:77)
  at org.gradle.internal.dispatch.ReflectionDispatch.dispatch(ReflectionDispatch.java:28)
  at org.gradle.internal.dispatch.ReflectionDispatch.dispatch(ReflectionDispatch.java:19)
  at org.gradle.internal.dispatch.ContextClassLoaderDispatch.dispatch(ContextClassLoaderDispatch.java:33)
  at org.gradle.internal.dispatch.ProxyDispatchAdapter$DispatchingInvocationHandler.invoke(ProxyDispatchAdapter.java:88)
  at jdk.proxy1/jdk.proxy1.$Proxy4.processTestDefinition(Unknown Source)
  at org.gradle.api.internal.tasks.testing.worker.TestWorker$2.run(TestWorker.java:178)
  at org.gradle.api.internal.tasks.testing.worker.TestWorker.executeAndMaintainThreadName(TestWorker.java:126)
  at org.gradle.api.internal.tasks.testing.worker.TestWorker.execute(TestWorker.java:103)
  at org.gradle.api.internal.tasks.testing.worker.TestWorker.execute(TestWorker.java:63)
  at org.gradle.process.internal.worker.child.ActionExecutionWorker.execute(ActionExecutionWorker.java:56)
  at org.gradle.process.internal.worker.child.SystemApplicationClassLoaderWorker.call(SystemApplicationClassLoaderWorker.java:122)
  at org.gradle.process.internal.worker.child.SystemApplicationClassLoaderWorker.call(SystemApplicationClassLoaderWorker.java:72)
  at worker.org.gradle.process.internal.worker.GradleWorkerMain.run(GradleWorkerMain.java:69)
  at worker.org.gradle.process.internal.worker.GradleWorkerMain.main(GradleWorkerMain.java:74)
</stacktrace>
</test-failure>


TypeScriptCompilerTests_I[jvm] > interfaceDeclaration3_ts has expected errors matching interfaceDeclaration3_errors_txt[jvm] FAILED

<test-failure test="com.xemantic.typescript.compiler.TypeScriptCompilerTests_I.inheritedStringIndexersFromDifferentBaseTypes_ts has expected errors matching inheritedStringIndexersFromDifferentBaseTypes_errors_txt" platform="jvm">
<message>
Expected diagnostics from baseline typescript-repo/tests/baselines/reference/inheritedStringIndexersFromDifferentBaseTypes.errors.txt but none produced
</message>
<stacktrace>
  at com.xemantic.typescript.compiler.TypeScriptTestSupportKt.errorsMatchBaseline(TypeScriptTestSupport.kt:125)
  at com.xemantic.typescript.compiler.TypeScriptCompilerTests_I.inheritedStringIndexersFromDifferentBaseTypes_ts has expected errors matching inheritedStringIndexersFromDifferentBaseTypes_errors_txt(TypeScriptCompilerTests_I.kt:4354)
  at java.base/jdk.internal.reflect.DirectMethodHandleAccessor.invoke(DirectMethodHandleAccessor.java:104)
  at java.base/java.lang.reflect.Method.invoke(Method.java:565)
  at org.junit.runners.model.FrameworkMethod$1.runReflectiveCall(FrameworkMethod.java:59)
  at org.junit.internal.runners.model.ReflectiveCallable.run(ReflectiveCallable.java:12)
  at org.junit.runners.model.FrameworkMethod.invokeExplosively(FrameworkMethod.java:56)
  at org.junit.internal.runners.statements.InvokeMethod.evaluate(InvokeMethod.java:17)
  at org.junit.runners.ParentRunner$3.evaluate(ParentRunner.java:306)
  at org.junit.runners.BlockJUnit4ClassRunner$1.evaluate(BlockJUnit4ClassRunner.java:100)
  at org.junit.runners.ParentRunner.runLeaf(ParentRunner.java:366)
  at org.junit.runners.BlockJUnit4ClassRunner.runChild(BlockJUnit4ClassRunner.java:103)
  at org.junit.runners.BlockJUnit4ClassRunner.runChild(BlockJUnit4ClassRunner.java:63)
  at org.junit.runners.ParentRunner$4.run(ParentRunner.java:331)
  at org.junit.runners.ParentRunner$1.schedule(ParentRunner.java:79)
  at org.junit.runners.ParentRunner.runChildren(ParentRunner.java:329)
  at org.junit.runners.ParentRunner.access$100(ParentRunner.java:66)
  at org.junit.runners.ParentRunner$2.evaluate(ParentRunner.java:293)
  at org.junit.runners.ParentRunner$3.evaluate(ParentRunner.java:306)
  at org.junit.runners.ParentRunner.run(ParentRunner.java:413)
  at org.junit.runner.JUnitCore.run(JUnitCore.java:137)
  at org.junit.runner.JUnitCore.run(JUnitCore.java:115)
  at org.gradle.api.internal.tasks.testing.junit.JUnitTestExecutor.runRequest(JUnitTestExecutor.java:175)
  at org.gradle.api.internal.tasks.testing.junit.JUnitTestExecutor.accept(JUnitTestExecutor.java:84)
  at org.gradle.api.internal.tasks.testing.junit.JUnitTestExecutor.accept(JUnitTestExecutor.java:47)
  at org.gradle.api.internal.tasks.testing.junit.AbstractJUnitTestDefinitionProcessor.processTestDefinition(AbstractJUnitTestDefinitionProcessor.java:65)
  at org.gradle.api.internal.tasks.testing.SuiteTestDefinitionProcessor.processTestDefinition(SuiteTestDefinitionProcessor.java:54)
  at java.base/jdk.internal.reflect.DirectMethodHandleAccessor.invoke(DirectMethodHandleAccessor.java:104)
  at java.base/java.lang.reflect.Method.invoke(Method.java:565)
  at org.gradle.internal.dispatch.MethodInvocation.invokeOn(MethodInvocation.java:77)
  at org.gradle.internal.dispatch.ReflectionDispatch.dispatch(ReflectionDispatch.java:28)
  at org.gradle.internal.dispatch.ReflectionDispatch.dispatch(ReflectionDispatch.java:19)
  at org.gradle.internal.dispatch.ContextClassLoaderDispatch.dispatch(ContextClassLoaderDispatch.java:33)
  at org.gradle.internal.dispatch.ProxyDispatchAdapter$DispatchingInvocationHandler.invoke(ProxyDispatchAdapter.java:88)
  at jdk.proxy1/jdk.proxy1.$Proxy4.processTestDefinition(Unknown Source)
  at org.gradle.api.internal.tasks.testing.worker.TestWorker$2.run(TestWorker.java:178)
  at org.gradle.api.internal.tasks.testing.worker.TestWorker.executeAndMaintainThreadName(TestWorker.java:126)
  at org.gradle.api.internal.tasks.testing.worker.TestWorker.execute(TestWorker.java:103)
  at org.gradle.api.internal.tasks.testing.worker.TestWorker.execute(TestWorker.java:63)
  at org.gradle.process.internal.worker.child.ActionExecutionWorker.execute(ActionExecutionWorker.java:56)
  at org.gradle.process.internal.worker.child.SystemApplicationClassLoaderWorker.call(SystemApplicationClassLoaderWorker.java:122)
  at org.gradle.process.internal.worker.child.SystemApplicationClassLoaderWorker.call(SystemApplicationClassLoaderWorker.java:72)
  at worker.org.gradle.process.internal.worker.GradleWorkerMain.run(GradleWorkerMain.java:69)
  at worker.org.gradle.process.internal.worker.GradleWorkerMain.main(GradleWorkerMain.java:74)
</stacktrace>
</test-failure>


TypeScriptCompilerTests_I[jvm] > inheritedStringIndexersFromDifferentBaseTypes_ts has expected errors matching inheritedStringIndexersFromDifferentBaseTypes_errors_txt[jvm] FAILED

<test-failure test="com.xemantic.typescript.compiler.TypeScriptCompilerTests_I.isolatedModulesShadowGlobalTypeNotValue_ts__isolatedmodules_true_verbatimmodulesyntax_true__has expected errors matching baseline" platform="jvm">
<message>
Expected diagnostics from baseline typescript-repo/tests/baselines/reference/isolatedModulesShadowGlobalTypeNotValue(isolatedmodules=true,verbatimmodulesyntax=true).errors.txt but none produced
</message>
<stacktrace>
  at com.xemantic.typescript.compiler.TypeScriptTestSupportKt.errorsMatchBaseline(TypeScriptTestSupport.kt:125)
  at com.xemantic.typescript.compiler.TypeScriptCompilerTests_I.isolatedModulesShadowGlobalTypeNotValue_ts__isolatedmodules_true_verbatimmodulesyntax_true__has expected errors matching baseline(TypeScriptCompilerTests_I.kt:7035)
  at java.base/jdk.internal.reflect.DirectMethodHandleAccessor.invoke(DirectMethodHandleAccessor.java:104)
  at java.base/java.lang.reflect.Method.invoke(Method.java:565)
  at org.junit.runners.model.FrameworkMethod$1.runReflectiveCall(FrameworkMethod.java:59)
  at org.junit.internal.runners.model.ReflectiveCallable.run(ReflectiveCallable.java:12)
  at org.junit.runners.model.FrameworkMethod.invokeExplosively(FrameworkMethod.java:56)
  at org.junit.internal.runners.statements.InvokeMethod.evaluate(InvokeMethod.java:17)
  at org.junit.runners.ParentRunner$3.evaluate(ParentRunner.java:306)
  at org.junit.runners.BlockJUnit4ClassRunner$1.evaluate(BlockJUnit4ClassRunner.java:100)
  at org.junit.runners.ParentRunner.runLeaf(ParentRunner.java:366)
  at org.junit.runners.BlockJUnit4ClassRunner.runChild(BlockJUnit4ClassRunner.java:103)
  at org.junit.runners.BlockJUnit4ClassRunner.runChild(BlockJUnit4ClassRunner.java:63)
  at org.junit.runners.ParentRunner$4.run(ParentRunner.java:331)
  at org.junit.runners.ParentRunner$1.schedule(ParentRunner.java:79)
  at org.junit.runners.ParentRunner.runChildren(ParentRunner.java:329)
  at org.junit.runners.ParentRunner.access$100(ParentRunner.java:66)
  at org.junit.runners.ParentRunner$2.evaluate(ParentRunner.java:293)
  at org.junit.runners.ParentRunner$3.evaluate(ParentRunner.java:306)
  at org.junit.runners.ParentRunner.run(ParentRunner.java:413)
  at org.junit.runner.JUnitCore.run(JUnitCore.java:137)
  at org.junit.runner.JUnitCore.run(JUnitCore.java:115)
  at org.gradle.api.internal.tasks.testing.junit.JUnitTestExecutor.runRequest(JUnitTestExecutor.java:175)
  at org.gradle.api.internal.tasks.testing.junit.JUnitTestExecutor.accept(JUnitTestExecutor.java:84)
  at org.gradle.api.internal.tasks.testing.junit.JUnitTestExecutor.accept(JUnitTestExecutor.java:47)
  at org.gradle.api.internal.tasks.testing.junit.AbstractJUnitTestDefinitionProcessor.processTestDefinition(AbstractJUnitTestDefinitionProcessor.java:65)
  at org.gradle.api.internal.tasks.testing.SuiteTestDefinitionProcessor.processTestDefinition(SuiteTestDefinitionProcessor.java:54)
  at java.base/jdk.internal.reflect.DirectMethodHandleAccessor.invoke(DirectMethodHandleAccessor.java:104)
  at java.base/java.lang.reflect.Method.invoke(Method.java:565)
  at org.gradle.internal.dispatch.MethodInvocation.invokeOn(MethodInvocation.java:77)
  at org.gradle.internal.dispatch.ReflectionDispatch.dispatch(ReflectionDispatch.java:28)
  at org.gradle.internal.dispatch.ReflectionDispatch.dispatch(ReflectionDispatch.java:19)
  at org.gradle.internal.dispatch.ContextClassLoaderDispatch.dispatch(ContextClassLoaderDispatch.java:33)
  at org.gradle.internal.dispatch.ProxyDispatchAdapter$DispatchingInvocationHandler.invoke(ProxyDispatchAdapter.java:88)
  at jdk.proxy1/jdk.proxy1.$Proxy4.processTestDefinition(Unknown Source)
  at org.gradle.api.internal.tasks.testing.worker.TestWorker$2.run(TestWorker.java:178)
  at org.gradle.api.internal.tasks.testing.worker.TestWorker.executeAndMaintainThreadName(TestWorker.java:126)
  at org.gradle.api.internal.tasks.testing.worker.TestWorker.execute(TestWorker.java:103)
  at org.gradle.api.internal.tasks.testing.worker.TestWorker.execute(TestWorker.java:63)
  at org.gradle.process.internal.worker.child.ActionExecutionWorker.execute(ActionExecutionWorker.java:56)
  at org.gradle.process.internal.worker.child.SystemApplicationClassLoaderWorker.call(SystemApplicationClassLoaderWorker.java:122)
  at org.gradle.process.internal.worker.child.SystemApplicationClassLoaderWorker.call(SystemApplicationClassLoaderWorker.java:72)
  at worker.org.gradle.process.internal.worker.GradleWorkerMain.run(GradleWorkerMain.java:69)
  at worker.org.gradle.process.internal.worker.GradleWorkerMain.main(GradleWorkerMain.java:74)
</stacktrace>
</test-failure>


TypeScriptCompilerTests_I[jvm] > isolatedModulesShadowGlobalTypeNotValue_ts__isolatedmodules_true_verbatimmodulesyntax_true__has expected errors matching baseline[jvm] FAILED

<test-failure test="com.xemantic.typescript.compiler.TypeScriptCompilerTests_I.instanceofOnInstantiationExpression_ts has expected errors matching instanceofOnInstantiationExpression_errors_txt" platform="jvm">
<message>
Expected diagnostics from baseline typescript-repo/tests/baselines/reference/instanceofOnInstantiationExpression.errors.txt but none produced
</message>
<stacktrace>
  at com.xemantic.typescript.compiler.TypeScriptTestSupportKt.errorsMatchBaseline(TypeScriptTestSupport.kt:125)
  at com.xemantic.typescript.compiler.TypeScriptCompilerTests_I.instanceofOnInstantiationExpression_ts has expected errors matching instanceofOnInstantiationExpression_errors_txt(TypeScriptCompilerTests_I.kt:4697)
  at java.base/jdk.internal.reflect.DirectMethodHandleAccessor.invoke(DirectMethodHandleAccessor.java:104)
  at java.base/java.lang.reflect.Method.invoke(Method.java:565)
  at org.junit.runners.model.FrameworkMethod$1.runReflectiveCall(FrameworkMethod.java:59)
  at org.junit.internal.runners.model.ReflectiveCallable.run(ReflectiveCallable.java:12)
  at org.junit.runners.model.FrameworkMethod.invokeExplosively(FrameworkMethod.java:56)
  at org.junit.internal.runners.statements.InvokeMethod.evaluate(InvokeMethod.java:17)
  at org.junit.runners.ParentRunner$3.evaluate(ParentRunner.java:306)
  at org.junit.runners.BlockJUnit4ClassRunner$1.evaluate(BlockJUnit4ClassRunner.java:100)
  at org.junit.runners.ParentRunner.runLeaf(ParentRunner.java:366)
  at org.junit.runners.BlockJUnit4ClassRunner.runChild(BlockJUnit4ClassRunner.java:103)
  at org.junit.runners.BlockJUnit4ClassRunner.runChild(BlockJUnit4ClassRunner.java:63)
  at org.junit.runners.ParentRunner$4.run(ParentRunner.java:331)
  at org.junit.runners.ParentRunner$1.schedule(ParentRunner.java:79)
  at org.junit.runners.ParentRunner.runChildren(ParentRunner.java:329)
  at org.junit.runners.ParentRunner.access$100(ParentRunner.java:66)
  at org.junit.runners.ParentRunner$2.evaluate(ParentRunner.java:293)
  at org.junit.runners.ParentRunner$3.evaluate(ParentRunner.java:306)
  at org.junit.runners.ParentRunner.run(ParentRunner.java:413)
  at org.junit.runner.JUnitCore.run(JUnitCore.java:137)
  at org.junit.runner.JUnitCore.run(JUnitCore.java:115)
  at org.gradle.api.internal.tasks.testing.junit.JUnitTestExecutor.runRequest(JUnitTestExecutor.java:175)
  at org.gradle.api.internal.tasks.testing.junit.JUnitTestExecutor.accept(JUnitTestExecutor.java:84)
  at org.gradle.api.internal.tasks.testing.junit.JUnitTestExecutor.accept(JUnitTestExecutor.java:47)
  at org.gradle.api.internal.tasks.testing.junit.AbstractJUnitTestDefinitionProcessor.processTestDefinition(AbstractJUnitTestDefinitionProcessor.java:65)
  at org.gradle.api.internal.tasks.testing.SuiteTestDefinitionProcessor.processTestDefinition(SuiteTestDefinitionProcessor.java:54)
  at java.base/jdk.internal.reflect.DirectMethodHandleAccessor.invoke(DirectMethodHandleAccessor.java:104)
  at java.base/java.lang.reflect.Method.invoke(Method.java:565)
  at org.gradle.internal.dispatch.MethodInvocation.invokeOn(MethodInvocation.java:77)
  at org.gradle.internal.dispatch.ReflectionDispatch.dispatch(ReflectionDispatch.java:28)
  at org.gradle.internal.dispatch.ReflectionDispatch.dispatch(ReflectionDispatch.java:19)
  at org.gradle.internal.dispatch.ContextClassLoaderDispatch.dispatch(ContextClassLoaderDispatch.java:33)
  at org.gradle.internal.dispatch.ProxyDispatchAdapter$DispatchingInvocationHandler.invoke(ProxyDispatchAdapter.java:88)
  at jdk.proxy1/jdk.proxy1.$Proxy4.processTestDefinition(Unknown Source)
  at org.gradle.api.internal.tasks.testing.worker.TestWorker$2.run(TestWorker.java:178)
  at org.gradle.api.internal.tasks.testing.worker.TestWorker.executeAndMaintainThreadName(TestWorker.java:126)
  at org.gradle.api.internal.tasks.testing.worker.TestWorker.execute(TestWorker.java:103)
  at org.gradle.api.internal.tasks.testing.worker.TestWorker.execute(TestWorker.java:63)
  at org.gradle.process.internal.worker.child.ActionExecutionWorker.execute(ActionExecutionWorker.java:56)
  at org.gradle.process.internal.worker.child.SystemApplicationClassLoaderWorker.call(SystemApplicationClassLoaderWorker.java:122)
  at org.gradle.process.internal.worker.child.SystemApplicationClassLoaderWorker.call(SystemApplicationClassLoaderWorker.java:72)
  at worker.org.gradle.process.internal.worker.GradleWorkerMain.run(GradleWorkerMain.java:69)
  at worker.org.gradle.process.internal.worker.GradleWorkerMain.main(GradleWorkerMain.java:74)
</stacktrace>
</test-failure>


TypeScriptCompilerTests_I[jvm] > instanceofOnInstantiationExpression_ts has expected errors matching instanceofOnInstantiationExpression_errors_txt[jvm] FAILED

<test-failure test="com.xemantic.typescript.compiler.TypeScriptCompilerTests_I.isolatedModulesImportExportElision_ts__target_es5__has expected errors matching baseline" platform="jvm">
<message>
--- expected
+++ actual
@@ -1,21 +1,11 @@
 error TS5107: Option 'target=ES5' is deprecated and will stop functioning in TypeScript 7.0. Specify compilerOption '"ignoreDeprecations": "6.0"' to silence this error.
-file1.ts(1,17): error TS2591: Cannot find name 'module'. Do you need to install type definitions for node? Try `npm i --save-dev @types/node` and then add 'node' to the types field in your tsconfig.
-file1.ts(2,18): error TS2591: Cannot find name 'module'. Do you need to install type definitions for node? Try `npm i --save-dev @types/node` and then add 'node' to the types field in your tsconfig.
-file1.ts(3,21): error TS2591: Cannot find name 'module'. Do you need to install type definitions for node? Try `npm i --save-dev @types/node` and then add 'node' to the types field in your tsconfig.
-file1.ts(11,18): error TS2591: Cannot find name 'module'. Do you need to install type definitions for node? Try `npm i --save-dev @types/node` and then add 'node' to the types field in your tsconfig.
 
 
 !!! error TS5107: Option 'target=ES5' is deprecated and will stop functioning in TypeScript 7.0. Specify compilerOption '"ignoreDeprecations": "6.0"' to silence this error.
-==== file1.ts (4 errors) ====
+==== file1.ts (0 errors) ====
     import {c} from "module"
-                    ~~~~~~~~
-!!! error TS2591: Cannot find name 'module'. Do you need to install type definitions for node? Try `npm i --save-dev @types/node` and then add 'node' to the types field in your tsconfig.
     import {c2} from "module"
-                     ~~~~~~~~
-!!! error TS2591: Cannot find name 'module'. Do you need to install type definitions for node? Try `npm i --save-dev @types/node` and then add 'node' to the types field in your tsconfig.
     import * as ns from "module"
-                        ~~~~~~~~
-!!! error TS2591: Cannot find name 'module'. Do you need to install type definitions for node? Try `npm i --save-dev @types/node` and then add 'node' to the types field in your tsconfig.
     
     class C extends c2.C {
     }
@@ -24,6 +14,4 @@
     let y = ns.value;
     
     export {c1} from "module";
-                     ~~~~~~~~
-!!! error TS2591: Cannot find name 'module'. Do you need to install type definitions for node? Try `npm i --save-dev @types/node` and then add 'node' to the types field in your tsconfig.
     export var z = x;

</message>
<stacktrace>
  at org.junit.Assert.fail(Assert.java:89)
  at kotlin.test.junit.JUnitAsserter.fail(JUnitSupport.kt:56)
  at kotlin.test.AssertionsKt__AssertionsKt.fail(Assertions.kt:563)
  at kotlin.test.AssertionsKt.fail(Unknown Source)
  at com.xemantic.kotlin.test.SameAsKt.sameAs(SameAs.kt:52)
  at com.xemantic.typescript.compiler.TypeScriptTestSupportKt.errorsMatchBaseline(TypeScriptTestSupport.kt:135)
  at com.xemantic.typescript.compiler.TypeScriptCompilerTests_I.isolatedModulesImportExportElision_ts__target_es5__has expected errors matching baseline(TypeScriptCompilerTests_I.kt:6867)
  at java.base/jdk.internal.reflect.DirectMethodHandleAccessor.invoke(DirectMethodHandleAccessor.java:104)
  at java.base/java.lang.reflect.Method.invoke(Method.java:565)
  at org.junit.runners.model.FrameworkMethod$1.runReflectiveCall(FrameworkMethod.java:59)
  at org.junit.internal.runners.model.ReflectiveCallable.run(ReflectiveCallable.java:12)
  at org.junit.runners.model.FrameworkMethod.invokeExplosively(FrameworkMethod.java:56)
  at org.junit.internal.runners.statements.InvokeMethod.evaluate(InvokeMethod.java:17)
  at org.junit.runners.ParentRunner$3.evaluate(ParentRunner.java:306)
  at org.junit.runners.BlockJUnit4ClassRunner$1.evaluate(BlockJUnit4ClassRunner.java:100)
  at org.junit.runners.ParentRunner.runLeaf(ParentRunner.java:366)
  at org.junit.runners.BlockJUnit4ClassRunner.runChild(BlockJUnit4ClassRunner.java:103)
  at org.junit.runners.BlockJUnit4ClassRunner.runChild(BlockJUnit4ClassRunner.java:63)
  at org.junit.runners.ParentRunner$4.run(ParentRunner.java:331)
  at org.junit.runners.ParentRunner$1.schedule(ParentRunner.java:79)
  at org.junit.runners.ParentRunner.runChildren(ParentRunner.java:329)
  at org.junit.runners.ParentRunner.access$100(ParentRunner.java:66)
  at org.junit.runners.ParentRunner$2.evaluate(ParentRunner.java:293)
  at org.junit.runners.ParentRunner$3.evaluate(ParentRunner.java:306)
  at org.junit.runners.ParentRunner.run(ParentRunner.java:413)
  at org.junit.runner.JUnitCore.run(JUnitCore.java:137)
  at org.junit.runner.JUnitCore.run(JUnitCore.java:115)
  at org.gradle.api.internal.tasks.testing.junit.JUnitTestExecutor.runRequest(JUnitTestExecutor.java:175)
  at org.gradle.api.internal.tasks.testing.junit.JUnitTestExecutor.accept(JUnitTestExecutor.java:84)
  at org.gradle.api.internal.tasks.testing.junit.JUnitTestExecutor.accept(JUnitTestExecutor.java:47)
  at org.gradle.api.internal.tasks.testing.junit.AbstractJUnitTestDefinitionProcessor.processTestDefinition(AbstractJUnitTestDefinitionProcessor.java:65)
  at org.gradle.api.internal.tasks.testing.SuiteTestDefinitionProcessor.processTestDefinition(SuiteTestDefinitionProcessor.java:54)
  at java.base/jdk.internal.reflect.DirectMethodHandleAccessor.invoke(DirectMethodHandleAccessor.java:104)
  at java.base/java.lang.reflect.Method.invoke(Method.java:565)
  at org.gradle.internal.dispatch.MethodInvocation.invokeOn(MethodInvocation.java:77)
  at org.gradle.internal.dispatch.ReflectionDispatch.dispatch(ReflectionDispatch.java:28)
  at org.gradle.internal.dispatch.ReflectionDispatch.dispatch(ReflectionDispatch.java:19)
  at org.gradle.internal.dispatch.ContextClassLoaderDispatch.dispatch(ContextClassLoaderDispatch.java:33)
  at org.gradle.internal.dispatch.ProxyDispatchAdapter$DispatchingInvocationHandler.invoke(ProxyDispatchAdapter.java:88)
  at jdk.proxy1/jdk.proxy1.$Proxy4.processTestDefinition(Unknown Source)
  at org.gradle.api.internal.tasks.testing.worker.TestWorker$2.run(TestWorker.java:178)
  at org.gradle.api.internal.tasks.testing.worker.TestWorker.executeAndMaintainThreadName(TestWorker.java:126)
  at org.gradle.api.internal.tasks.testing.worker.TestWorker.execute(TestWorker.java:103)
  at org.gradle.api.internal.tasks.testing.worker.TestWorker.execute(TestWorker.java:63)
  at org.gradle.process.internal.worker.child.ActionExecutionWorker.execute(ActionExecutionWorker.java:56)
  at org.gradle.process.internal.worker.child.SystemApplicationClassLoaderWorker.call(SystemApplicationClassLoaderWorker.java:122)
  at org.gradle.process.internal.worker.child.SystemApplicationClassLoaderWorker.call(SystemApplicationClassLoaderWorker.java:72)
  at worker.org.gradle.process.internal.worker.GradleWorkerMain.run(GradleWorkerMain.java:69)
  at worker.org.gradle.process.internal.worker.GradleWorkerMain.main(GradleWorkerMain.java:74)
</stacktrace>
</test-failure>


TypeScriptCompilerTests_I[jvm] > isolatedModulesImportExportElision_ts__target_es5__has expected errors matching baseline[jvm] FAILED

<test-failure test="com.xemantic.typescript.compiler.TypeScriptCompilerTests_I.inheritanceGrandParentPrivateMemberCollisionWithPublicMember_ts has expected errors matching inheritanceGrandParentPrivateMemberCollisionWithPublicMember_errors_txt" platform="jvm">
<message>
Expected diagnostics from baseline typescript-repo/tests/baselines/reference/inheritanceGrandParentPrivateMemberCollisionWithPublicMember.errors.txt but none produced
</message>
<stacktrace>
  at com.xemantic.typescript.compiler.TypeScriptTestSupportKt.errorsMatchBaseline(TypeScriptTestSupport.kt:125)
  at com.xemantic.typescript.compiler.TypeScriptCompilerTests_I.inheritanceGrandParentPrivateMemberCollisionWithPublicMember_ts has expected errors matching inheritanceGrandParentPrivateMemberCollisionWithPublicMember_errors_txt(TypeScriptCompilerTests_I.kt:3969)
  at java.base/jdk.internal.reflect.DirectMethodHandleAccessor.invoke(DirectMethodHandleAccessor.java:104)
  at java.base/java.lang.reflect.Method.invoke(Method.java:565)
  at org.junit.runners.model.FrameworkMethod$1.runReflectiveCall(FrameworkMethod.java:59)
  at org.junit.internal.runners.model.ReflectiveCallable.run(ReflectiveCallable.java:12)
  at org.junit.runners.model.FrameworkMethod.invokeExplosively(FrameworkMethod.java:56)
  at org.junit.internal.runners.statements.InvokeMethod.evaluate(InvokeMethod.java:17)
  at org.junit.runners.ParentRunner$3.evaluate(ParentRunner.java:306)
  at org.junit.runners.BlockJUnit4ClassRunner$1.evaluate(BlockJUnit4ClassRunner.java:100)
  at org.junit.runners.ParentRunner.runLeaf(ParentRunner.java:366)
  at org.junit.runners.BlockJUnit4ClassRunner.runChild(BlockJUnit4ClassRunner.java:103)
  at org.junit.runners.BlockJUnit4ClassRunner.runChild(BlockJUnit4ClassRunner.java:63)
  at org.junit.runners.ParentRunner$4.run(ParentRunner.java:331)
  at org.junit.runners.ParentRunner$1.schedule(ParentRunner.java:79)
  at org.junit.runners.ParentRunner.runChildren(ParentRunner.java:329)
  at org.junit.runners.ParentRunner.access$100(ParentRunner.java:66)
  at org.junit.runners.ParentRunner$2.evaluate(ParentRunner.java:293)
  at org.junit.runners.ParentRunner$3.evaluate(ParentRunner.java:306)
  at org.junit.runners.ParentRunner.run(ParentRunner.java:413)
  at org.junit.runner.JUnitCore.run(JUnitCore.java:137)
  at org.junit.runner.JUnitCore.run(JUnitCore.java:115)
  at org.gradle.api.internal.tasks.testing.junit.JUnitTestExecutor.runRequest(JUnitTestExecutor.java:175)
  at org.gradle.api.internal.tasks.testing.junit.JUnitTestExecutor.accept(JUnitTestExecutor.java:84)
  at org.gradle.api.internal.tasks.testing.junit.JUnitTestExecutor.accept(JUnitTestExecutor.java:47)
  at org.gradle.api.internal.tasks.testing.junit.AbstractJUnitTestDefinitionProcessor.processTestDefinition(AbstractJUnitTestDefinitionProcessor.java:65)
  at org.gradle.api.internal.tasks.testing.SuiteTestDefinitionProcessor.processTestDefinition(SuiteTestDefinitionProcessor.java:54)
  at java.base/jdk.internal.reflect.DirectMethodHandleAccessor.invoke(DirectMethodHandleAccessor.java:104)
  at java.base/java.lang.reflect.Method.invoke(Method.java:565)
  at org.gradle.internal.dispatch.MethodInvocation.invokeOn(MethodInvocation.java:77)
  at org.gradle.internal.dispatch.ReflectionDispatch.dispatch(ReflectionDispatch.java:28)
  at org.gradle.internal.dispatch.ReflectionDispatch.dispatch(ReflectionDispatch.java:19)
  at org.gradle.internal.dispatch.ContextClassLoaderDispatch.dispatch(ContextClassLoaderDispatch.java:33)
  at org.gradle.internal.dispatch.ProxyDispatchAdapter$DispatchingInvocationHandler.invoke(ProxyDispatchAdapter.java:88)
  at jdk.proxy1/jdk.proxy1.$Proxy4.processTestDefinition(Unknown Source)
  at org.gradle.api.internal.tasks.testing.worker.TestWorker$2.run(TestWorker.java:178)
  at org.gradle.api.internal.tasks.testing.worker.TestWorker.executeAndMaintainThreadName(TestWorker.java:126)
  at org.gradle.api.internal.tasks.testing.worker.TestWorker.execute(TestWorker.java:103)
  at org.gradle.api.internal.tasks.testing.worker.TestWorker.execute(TestWorker.java:63)
  at org.gradle.process.internal.worker.child.ActionExecutionWorker.execute(ActionExecutionWorker.java:56)
  at org.gradle.process.internal.worker.child.SystemApplicationClassLoaderWorker.call(SystemApplicationClassLoaderWorker.java:122)
  at org.gradle.process.internal.worker.child.SystemApplicationClassLoaderWorker.call(SystemApplicationClassLoaderWorker.java:72)
  at worker.org.gradle.process.internal.worker.GradleWorkerMain.run(GradleWorkerMain.java:69)
  at worker.org.gradle.process.internal.worker.GradleWorkerMain.main(GradleWorkerMain.java:74)
</stacktrace>
</test-failure>


TypeScriptCompilerTests_I[jvm] > inheritanceGrandParentPrivateMemberCollisionWithPublicMember_ts has expected errors matching inheritanceGrandParentPrivateMemberCollisionWithPublicMember_errors_txt[jvm] FAILED

<test-failure test="com.xemantic.typescript.compiler.TypeScriptCompilerTests_I.inheritance_ts has expected errors matching inheritance_errors_txt" platform="jvm">
<message>
--- expected
+++ actual
@@ -1,10 +1,9 @@
-inheritance.ts(31,12): error TS2425: Class 'Good' defines instance member property 'f', but extended class 'Baad' defines it as instance member function.
 inheritance.ts(32,12): error TS2416: Property 'g' in type 'Baad' is not assignable to the same property in base type 'Good'.
-  Type '(n: number) => number' is not assignable to type '() => number'.
+  Type '(n: number) => any' is not assignable to type '() => any'.
     Target signature provides too few arguments. Expected 1 or more, but got 0.
 
 
-==== inheritance.ts (2 errors) ====
+==== inheritance.ts (1 errors) ====
     class B1 {
         public x;
     }
@@ -36,11 +35,9 @@
     
     class Baad extends Good {
         public f(): number { return 0; }
-               ~
-!!! error TS2425: Class 'Good' defines instance member property 'f', but extended class 'Baad' defines it as instance member function.
         public g(n: number) { return 0; }
                ~
 !!! error TS2416: Property 'g' in type 'Baad' is not assignable to the same property in base type 'Good'.
-!!! error TS2416:   Type '(n: number) => number' is not assignable to type '() => number'.
+!!! error TS2416:   Type '(n: number) => any' is not assignable to type '() => any'.
 !!! error TS2416:     Target signature provides too few arguments. Expected 1 or more, but got 0.
     }

</message>
<stacktrace>
  at org.junit.Assert.fail(Assert.java:89)
  at kotlin.test.junit.JUnitAsserter.fail(JUnitSupport.kt:56)
  at kotlin.test.AssertionsKt__AssertionsKt.fail(Assertions.kt:563)
  at kotlin.test.AssertionsKt.fail(Unknown Source)
  at com.xemantic.kotlin.test.SameAsKt.sameAs(SameAs.kt:52)
  at com.xemantic.typescript.compiler.TypeScriptTestSupportKt.errorsMatchBaseline(TypeScriptTestSupport.kt:135)
  at com.xemantic.typescript.compiler.TypeScriptCompilerTests_I.inheritance_ts has expected errors matching inheritance_errors_txt(TypeScriptCompilerTests_I.kt:3927)
  at java.base/jdk.internal.reflect.DirectMethodHandleAccessor.invoke(DirectMethodHandleAccessor.java:104)
  at java.base/java.lang.reflect.Method.invoke(Method.java:565)
  at org.junit.runners.model.FrameworkMethod$1.runReflectiveCall(FrameworkMethod.java:59)
  at org.junit.internal.runners.model.ReflectiveCallable.run(ReflectiveCallable.java:12)
  at org.junit.runners.model.FrameworkMethod.invokeExplosively(FrameworkMethod.java:56)
  at org.junit.internal.runners.statements.InvokeMethod.evaluate(InvokeMethod.java:17)
  at org.junit.runners.ParentRunner$3.evaluate(ParentRunner.java:306)
  at org.junit.runners.BlockJUnit4ClassRunner$1.evaluate(BlockJUnit4ClassRunner.java:100)
  at org.junit.runners.ParentRunner.runLeaf(ParentRunner.java:366)
  at org.junit.runners.BlockJUnit4ClassRunner.runChild(BlockJUnit4ClassRunner.java:103)
  at org.junit.runners.BlockJUnit4ClassRunner.runChild(BlockJUnit4ClassRunner.java:63)
  at org.junit.runners.ParentRunner$4.run(ParentRunner.java:331)
  at org.junit.runners.ParentRunner$1.schedule(ParentRunner.java:79)
  at org.junit.runners.ParentRunner.runChildren(ParentRunner.java:329)
  at org.junit.runners.ParentRunner.access$100(ParentRunner.java:66)
  at org.junit.runners.ParentRunner$2.evaluate(ParentRunner.java:293)
  at org.junit.runners.ParentRunner$3.evaluate(ParentRunner.java:306)
  at org.junit.runners.ParentRunner.run(ParentRunner.java:413)
  at org.junit.runner.JUnitCore.run(JUnitCore.java:137)
  at org.junit.runner.JUnitCore.run(JUnitCore.java:115)
  at org.gradle.api.internal.tasks.testing.junit.JUnitTestExecutor.runRequest(JUnitTestExecutor.java:175)
  at org.gradle.api.internal.tasks.testing.junit.JUnitTestExecutor.accept(JUnitTestExecutor.java:84)
  at org.gradle.api.internal.tasks.testing.junit.JUnitTestExecutor.accept(JUnitTestExecutor.java:47)
  at org.gradle.api.internal.tasks.testing.junit.AbstractJUnitTestDefinitionProcessor.processTestDefinition(AbstractJUnitTestDefinitionProcessor.java:65)
  at org.gradle.api.internal.tasks.testing.SuiteTestDefinitionProcessor.processTestDefinition(SuiteTestDefinitionProcessor.java:54)
  at java.base/jdk.internal.reflect.DirectMethodHandleAccessor.invoke(DirectMethodHandleAccessor.java:104)
  at java.base/java.lang.reflect.Method.invoke(Method.java:565)
  at org.gradle.internal.dispatch.MethodInvocation.invokeOn(MethodInvocation.java:77)
  at org.gradle.internal.dispatch.ReflectionDispatch.dispatch(ReflectionDispatch.java:28)
  at org.gradle.internal.dispatch.ReflectionDispatch.dispatch(ReflectionDispatch.java:19)
  at org.gradle.internal.dispatch.ContextClassLoaderDispatch.dispatch(ContextClassLoaderDispatch.java:33)
  at org.gradle.internal.dispatch.ProxyDispatchAdapter$DispatchingInvocationHandler.invoke(ProxyDispatchAdapter.java:88)
  at jdk.proxy1/jdk.proxy1.$Proxy4.processTestDefinition(Unknown Source)
  at org.gradle.api.internal.tasks.testing.worker.TestWorker$2.run(TestWorker.java:178)
  at org.gradle.api.internal.tasks.testing.worker.TestWorker.executeAndMaintainThreadName(TestWorker.java:126)
  at org.gradle.api.internal.tasks.testing.worker.TestWorker.execute(TestWorker.java:103)
  at org.gradle.api.internal.tasks.testing.worker.TestWorker.execute(TestWorker.java:63)
  at org.gradle.process.internal.worker.child.ActionExecutionWorker.execute(ActionExecutionWorker.java:56)
  at org.gradle.process.internal.worker.child.SystemApplicationClassLoaderWorker.call(SystemApplicationClassLoaderWorker.java:122)
  at org.gradle.process.internal.worker.child.SystemApplicationClassLoaderWorker.call(SystemApplicationClassLoaderWorker.java:72)
  at worker.org.gradle.process.internal.worker.GradleWorkerMain.run(GradleWorkerMain.java:69)
  at worker.org.gradle.process.internal.worker.GradleWorkerMain.main(GradleWorkerMain.java:74)
</stacktrace>
</test-failure>


TypeScriptCompilerTests_I[jvm] > inheritance_ts has expected errors matching inheritance_errors_txt[jvm] FAILED

<test-failure test="com.xemantic.typescript.compiler.TypeScriptCompilerTests_I.implicitConstParameters_ts has expected errors matching implicitConstParameters_errors_txt" platform="jvm">
<message>
Expected diagnostics from baseline typescript-repo/tests/baselines/reference/implicitConstParameters.errors.txt but none produced
</message>
<stacktrace>
  at com.xemantic.typescript.compiler.TypeScriptTestSupportKt.errorsMatchBaseline(TypeScriptTestSupport.kt:125)
  at com.xemantic.typescript.compiler.TypeScriptCompilerTests_I.implicitConstParameters_ts has expected errors matching implicitConstParameters_errors_txt(TypeScriptCompilerTests_I.kt:567)
  at java.base/jdk.internal.reflect.DirectMethodHandleAccessor.invoke(DirectMethodHandleAccessor.java:104)
  at java.base/java.lang.reflect.Method.invoke(Method.java:565)
  at org.junit.runners.model.FrameworkMethod$1.runReflectiveCall(FrameworkMethod.java:59)
  at org.junit.internal.runners.model.ReflectiveCallable.run(ReflectiveCallable.java:12)
  at org.junit.runners.model.FrameworkMethod.invokeExplosively(FrameworkMethod.java:56)
  at org.junit.internal.runners.statements.InvokeMethod.evaluate(InvokeMethod.java:17)
  at org.junit.runners.ParentRunner$3.evaluate(ParentRunner.java:306)
  at org.junit.runners.BlockJUnit4ClassRunner$1.evaluate(BlockJUnit4ClassRunner.java:100)
  at org.junit.runners.ParentRunner.runLeaf(ParentRunner.java:366)
  at org.junit.runners.BlockJUnit4ClassRunner.runChild(BlockJUnit4ClassRunner.java:103)
  at org.junit.runners.BlockJUnit4ClassRunner.runChild(BlockJUnit4ClassRunner.java:63)
  at org.junit.runners.ParentRunner$4.run(ParentRunner.java:331)
  at org.junit.runners.ParentRunner$1.schedule(ParentRunner.java:79)
  at org.junit.runners.ParentRunner.runChildren(ParentRunner.java:329)
  at org.junit.runners.ParentRunner.access$100(ParentRunner.java:66)
  at org.junit.runners.ParentRunner$2.evaluate(ParentRunner.java:293)
  at org.junit.runners.ParentRunner$3.evaluate(ParentRunner.java:306)
  at org.junit.runners.ParentRunner.run(ParentRunner.java:413)
  at org.junit.runner.JUnitCore.run(JUnitCore.java:137)
  at org.junit.runner.JUnitCore.run(JUnitCore.java:115)
  at org.gradle.api.internal.tasks.testing.junit.JUnitTestExecutor.runRequest(JUnitTestExecutor.java:175)
  at org.gradle.api.internal.tasks.testing.junit.JUnitTestExecutor.accept(JUnitTestExecutor.java:84)
  at org.gradle.api.internal.tasks.testing.junit.JUnitTestExecutor.accept(JUnitTestExecutor.java:47)
  at org.gradle.api.internal.tasks.testing.junit.AbstractJUnitTestDefinitionProcessor.processTestDefinition(AbstractJUnitTestDefinitionProcessor.java:65)
  at org.gradle.api.internal.tasks.testing.SuiteTestDefinitionProcessor.processTestDefinition(SuiteTestDefinitionProcessor.java:54)
  at java.base/jdk.internal.reflect.DirectMethodHandleAccessor.invoke(DirectMethodHandleAccessor.java:104)
  at java.base/java.lang.reflect.Method.invoke(Method.java:565)
  at org.gradle.internal.dispatch.MethodInvocation.invokeOn(MethodInvocation.java:77)
  at org.gradle.internal.dispatch.ReflectionDispatch.dispatch(ReflectionDispatch.java:28)
  at org.gradle.internal.dispatch.ReflectionDispatch.dispatch(ReflectionDispatch.java:19)
  at org.gradle.internal.dispatch.ContextClassLoaderDispatch.dispatch(ContextClassLoaderDispatch.java:33)
  at org.gradle.internal.dispatch.ProxyDispatchAdapter$DispatchingInvocationHandler.invoke(ProxyDispatchAdapter.java:88)
  at jdk.proxy1/jdk.proxy1.$Proxy4.processTestDefinition(Unknown Source)
  at org.gradle.api.internal.tasks.testing.worker.TestWorker$2.run(TestWorker.java:178)
  at org.gradle.api.internal.tasks.testing.worker.TestWorker.executeAndMaintainThreadName(TestWorker.java:126)
  at org.gradle.api.internal.tasks.testing.worker.TestWorker.execute(TestWorker.java:103)
  at org.gradle.api.internal.tasks.testing.worker.TestWorker.execute(TestWorker.java:63)
  at org.gradle.process.internal.worker.child.ActionExecutionWorker.execute(ActionExecutionWorker.java:56)
  at org.gradle.process.internal.worker.child.SystemApplicationClassLoaderWorker.call(SystemApplicationClassLoaderWorker.java:122)
  at org.gradle.process.internal.worker.child.SystemApplicationClassLoaderWorker.call(SystemApplicationClassLoaderWorker.java:72)
  at worker.org.gradle.process.internal.worker.GradleWorkerMain.run(GradleWorkerMain.java:69)
  at worker.org.gradle.process.internal.worker.GradleWorkerMain.main(GradleWorkerMain.java:74)
</stacktrace>
</test-failure>


TypeScriptCompilerTests_I[jvm] > implicitConstParameters_ts has expected errors matching implicitConstParameters_errors_txt[jvm] FAILED

<test-failure test="com.xemantic.typescript.compiler.TypeScriptCompilerTests_I.intersectionsAndReadonlyProperties_ts has expected errors matching intersectionsAndReadonlyProperties_errors_txt" platform="jvm">
<message>
Expected diagnostics from baseline typescript-repo/tests/baselines/reference/intersectionsAndReadonlyProperties.errors.txt but none produced
</message>
<stacktrace>
  at com.xemantic.typescript.compiler.TypeScriptTestSupportKt.errorsMatchBaseline(TypeScriptTestSupport.kt:125)
  at com.xemantic.typescript.compiler.TypeScriptCompilerTests_I.intersectionsAndReadonlyProperties_ts has expected errors matching intersectionsAndReadonlyProperties_errors_txt(TypeScriptCompilerTests_I.kt:6069)
  at java.base/jdk.internal.reflect.DirectMethodHandleAccessor.invoke(DirectMethodHandleAccessor.java:104)
  at java.base/java.lang.reflect.Method.invoke(Method.java:565)
  at org.junit.runners.model.FrameworkMethod$1.runReflectiveCall(FrameworkMethod.java:59)
  at org.junit.internal.runners.model.ReflectiveCallable.run(ReflectiveCallable.java:12)
  at org.junit.runners.model.FrameworkMethod.invokeExplosively(FrameworkMethod.java:56)
  at org.junit.internal.runners.statements.InvokeMethod.evaluate(InvokeMethod.java:17)
  at org.junit.runners.ParentRunner$3.evaluate(ParentRunner.java:306)
  at org.junit.runners.BlockJUnit4ClassRunner$1.evaluate(BlockJUnit4ClassRunner.java:100)
  at org.junit.runners.ParentRunner.runLeaf(ParentRunner.java:366)
  at org.junit.runners.BlockJUnit4ClassRunner.runChild(BlockJUnit4ClassRunner.java:103)
  at org.junit.runners.BlockJUnit4ClassRunner.runChild(BlockJUnit4ClassRunner.java:63)
  at org.junit.runners.ParentRunner$4.run(ParentRunner.java:331)
  at org.junit.runners.ParentRunner$1.schedule(ParentRunner.java:79)
  at org.junit.runners.ParentRunner.runChildren(ParentRunner.java:329)
  at org.junit.runners.ParentRunner.access$100(ParentRunner.java:66)
  at org.junit.runners.ParentRunner$2.evaluate(ParentRunner.java:293)
  at org.junit.runners.ParentRunner$3.evaluate(ParentRunner.java:306)
  at org.junit.runners.ParentRunner.run(ParentRunner.java:413)
  at org.junit.runner.JUnitCore.run(JUnitCore.java:137)
  at org.junit.runner.JUnitCore.run(JUnitCore.java:115)
  at org.gradle.api.internal.tasks.testing.junit.JUnitTestExecutor.runRequest(JUnitTestExecutor.java:175)
  at org.gradle.api.internal.tasks.testing.junit.JUnitTestExecutor.accept(JUnitTestExecutor.java:84)
  at org.gradle.api.internal.tasks.testing.junit.JUnitTestExecutor.accept(JUnitTestExecutor.java:47)
  at org.gradle.api.internal.tasks.testing.junit.AbstractJUnitTestDefinitionProcessor.processTestDefinition(AbstractJUnitTestDefinitionProcessor.java:65)
  at org.gradle.api.internal.tasks.testing.SuiteTestDefinitionProcessor.processTestDefinition(SuiteTestDefinitionProcessor.java:54)
  at java.base/jdk.internal.reflect.DirectMethodHandleAccessor.invoke(DirectMethodHandleAccessor.java:104)
  at java.base/java.lang.reflect.Method.invoke(Method.java:565)
  at org.gradle.internal.dispatch.MethodInvocation.invokeOn(MethodInvocation.java:77)
  at org.gradle.internal.dispatch.ReflectionDispatch.dispatch(ReflectionDispatch.java:28)
  at org.gradle.internal.dispatch.ReflectionDispatch.dispatch(ReflectionDispatch.java:19)
  at org.gradle.internal.dispatch.ContextClassLoaderDispatch.dispatch(ContextClassLoaderDispatch.java:33)
  at org.gradle.internal.dispatch.ProxyDispatchAdapter$DispatchingInvocationHandler.invoke(ProxyDispatchAdapter.java:88)
  at jdk.proxy1/jdk.proxy1.$Proxy4.processTestDefinition(Unknown Source)
  at org.gradle.api.internal.tasks.testing.worker.TestWorker$2.run(TestWorker.java:178)
  at org.gradle.api.internal.tasks.testing.worker.TestWorker.executeAndMaintainThreadName(TestWorker.java:126)
  at org.gradle.api.internal.tasks.testing.worker.TestWorker.execute(TestWorker.java:103)
  at org.gradle.api.internal.tasks.testing.worker.TestWorker.execute(TestWorker.java:63)
  at org.gradle.process.internal.worker.child.ActionExecutionWorker.execute(ActionExecutionWorker.java:56)
  at org.gradle.process.internal.worker.child.SystemApplicationClassLoaderWorker.call(SystemApplicationClassLoaderWorker.java:122)
  at org.gradle.process.internal.worker.child.SystemApplicationClassLoaderWorker.call(SystemApplicationClassLoaderWorker.java:72)
  at worker.org.gradle.process.internal.worker.GradleWorkerMain.run(GradleWorkerMain.java:69)
  at worker.org.gradle.process.internal.worker.GradleWorkerMain.main(GradleWorkerMain.java:74)
</stacktrace>
</test-failure>


TypeScriptCompilerTests_I[jvm] > intersectionsAndReadonlyProperties_ts has expected errors matching intersectionsAndReadonlyProperties_errors_txt[jvm] FAILED

<test-failure test="com.xemantic.typescript.compiler.TypeScriptCompilerTests_I.intTypeCheck_ts has expected errors matching intTypeCheck_errors_txt" platform="jvm">
<message>
--- expected
+++ actual
@@ -1,102 +1,12 @@
 intTypeCheck.ts(35,6): error TS2304: Cannot find name 'p'.
+intTypeCheck.ts(37,5): error TS1021: An index signature must have a type annotation.
+intTypeCheck.ts(38,6): error TS1096: An index signature must have exactly one parameter.
 intTypeCheck.ts(71,6): error TS2304: Cannot find name 'p'.
-intTypeCheck.ts(85,5): error TS2386: Overload signatures must all be optional or required.
-intTypeCheck.ts(99,5): error TS2696: The 'Object' type is assignable to very few other types. Did you mean to use the 'any' type instead?
-  Type 'Object' is missing the following properties from type 'i1': p, p3, p6
-intTypeCheck.ts(100,20): error TS2351: This expression is not constructable.
-  Type 'i1' has no construct signatures.
-intTypeCheck.ts(101,5): error TS2739: Type 'Base' is missing the following properties from type 'i1': p, p3, p6
-intTypeCheck.ts(103,5): error TS2322: Type '() => void' is not assignable to type 'i1'.
-intTypeCheck.ts(106,5): error TS2322: Type 'boolean' is not assignable to type 'i1'.
-intTypeCheck.ts(106,20): error TS1109: Expression expected.
-intTypeCheck.ts(106,21): error TS2693: 'i1' only refers to a type, but is being used as a value here.
-intTypeCheck.ts(107,21): error TS2351: This expression is not constructable.
-  Type '{}' has no construct signatures.
-intTypeCheck.ts(112,5): error TS2322: Type '{}' is not assignable to type 'i2'.
-  Type '{}' provides no match for the signature '(): any'.
-intTypeCheck.ts(113,5): error TS2322: Type 'Object' is not assignable to type 'i2'.
-  The 'Object' type is assignable to very few other types. Did you mean to use the 'any' type instead?
-    Type 'Object' provides no match for the signature '(): any'.
-intTypeCheck.ts(114,17): error TS2350: Only a void function can be called with the 'new' keyword.
-intTypeCheck.ts(115,5): error TS2322: Type 'Base' is not assignable to type 'i2'.
-  Type 'Base' provides no match for the signature '(): any'.
-intTypeCheck.ts(120,5): error TS2322: Type 'boolean' is not assignable to type 'i2'.
-intTypeCheck.ts(120,21): error TS1109: Expression expected.
-intTypeCheck.ts(120,22): error TS2693: 'i2' only refers to a type, but is being used as a value here.
-intTypeCheck.ts(121,21): error TS2351: This expression is not constructable.
-  Type '{}' has no construct signatures.
-intTypeCheck.ts(126,5): error TS2322: Type '{}' is not assignable to type 'i3'.
-  Type '{}' provides no match for the signature 'new (): any'.
-intTypeCheck.ts(127,5): error TS2322: Type 'Object' is not assignable to type 'i3'.
-  The 'Object' type is assignable to very few other types. Did you mean to use the 'any' type instead?
-    Type 'Object' provides no match for the signature 'new (): any'.
-intTypeCheck.ts(129,5): error TS2322: Type 'Base' is not assignable to type 'i3'.
-  Type 'Base' provides no match for the signature 'new (): any'.
-intTypeCheck.ts(131,5): error TS2322: Type '() => void' is not assignable to type 'i3'.
-  Type '() => void' provides no match for the signature 'new (): any'.
-intTypeCheck.ts(134,5): error TS2322: Type 'boolean' is not assignable to type 'i3'.
-intTypeCheck.ts(134,21): error TS1109: Expression expected.
-intTypeCheck.ts(134,22): error TS2693: 'i3' only refers to a type, but is being used as a value here.
-intTypeCheck.ts(135,21): error TS2351: This expression is not constructable.
-  Type '{}' has no construct signatures.
-intTypeCheck.ts(142,21): error TS2351: This expression is not constructable.
-  Type 'i4' has no construct signatures.
-intTypeCheck.ts(148,5): error TS2322: Type 'boolean' is not assignable to type 'i4'.
-intTypeCheck.ts(148,21): error TS1109: Expression expected.
-intTypeCheck.ts(148,22): error TS2693: 'i4' only refers to a type, but is being used as a value here.
-intTypeCheck.ts(149,21): error TS2351: This expression is not constructable.
-  Type '{}' has no construct signatures.
-intTypeCheck.ts(154,5): error TS2739: Type '{}' is missing the following properties from type 'i5': p, p3, p6
-intTypeCheck.ts(155,5): error TS2696: The 'Object' type is assignable to very few other types. Did you mean to use the 'any' type instead?
-  Type 'Object' is missing the following properties from type 'i5': p, p3, p6
-intTypeCheck.ts(156,21): error TS2351: This expression is not constructable.
-  Type 'i5' has no construct signatures.
-intTypeCheck.ts(157,5): error TS2739: Type 'Base' is missing the following properties from type 'i5': p, p3, p6
-intTypeCheck.ts(159,5): error TS2322: Type '() => void' is not assignable to type 'i5'.
-intTypeCheck.ts(162,5): error TS2322: Type 'boolean' is not assignable to type 'i5'.
-intTypeCheck.ts(162,21): error TS1109: Expression expected.
-intTypeCheck.ts(162,22): error TS2693: 'i5' only refers to a type, but is being used as a value here.
-intTypeCheck.ts(163,21): error TS2351: This expression is not constructable.
-  Type '{}' has no construct signatures.
-intTypeCheck.ts(168,5): error TS2322: Type '{}' is not assignable to type 'i6'.
-  Type '{}' provides no match for the signature '(): any'.
-intTypeCheck.ts(169,5): error TS2322: Type 'Object' is not assignable to type 'i6'.
-  The 'Object' type is assignable to very few other types. Did you mean to use the 'any' type instead?
-    Type 'Object' provides no match for the signature '(): any'.
-intTypeCheck.ts(170,17): error TS2350: Only a void function can be called with the 'new' keyword.
-intTypeCheck.ts(171,5): error TS2322: Type 'Base' is not assignable to type 'i6'.
-  Type 'Base' provides no match for the signature '(): any'.
-intTypeCheck.ts(173,5): error TS2322: Type '() => void' is not assignable to type 'i6'.
-  Type 'void' is not assignable to type 'number'.
-intTypeCheck.ts(176,5): error TS2322: Type 'boolean' is not assignable to type 'i6'.
-intTypeCheck.ts(176,21): error TS1109: Expression expected.
-intTypeCheck.ts(176,22): error TS2693: 'i6' only refers to a type, but is being used as a value here.
-intTypeCheck.ts(177,21): error TS2351: This expression is not constructable.
-  Type '{}' has no construct signatures.
-intTypeCheck.ts(182,5): error TS2322: Type '{}' is not assignable to type 'i7'.
-  Type '{}' provides no match for the signature 'new (): any'.
-intTypeCheck.ts(183,5): error TS2322: Type 'Object' is not assignable to type 'i7'.
-  The 'Object' type is assignable to very few other types. Did you mean to use the 'any' type instead?
-    Type 'Object' provides no match for the signature 'new (): any'.
-intTypeCheck.ts(185,17): error TS2352: Conversion of type 'Base' to type 'i7' may be a mistake because neither type sufficiently overlaps with the other. If this was intentional, convert the expression to 'unknown' first.
-  Type 'Base' provides no match for the signature 'new (): any'.
-intTypeCheck.ts(187,5): error TS2322: Type '() => void' is not assignable to type 'i7'.
-  Type '() => void' provides no match for the signature 'new (): any'.
-intTypeCheck.ts(190,5): error TS2322: Type 'boolean' is not assignable to type 'i7'.
-intTypeCheck.ts(190,21): error TS1109: Expression expected.
-intTypeCheck.ts(190,22): error TS2693: 'i7' only refers to a type, but is being used as a value here.
-intTypeCheck.ts(191,21): error TS2351: This expression is not constructable.
-  Type '{}' has no construct signatures.
-intTypeCheck.ts(198,21): error TS2351: This expression is not constructable.
-  Type 'i8' has no construct signatures.
-intTypeCheck.ts(204,5): error TS2322: Type 'boolean' is not assignable to type 'i8'.
-intTypeCheck.ts(204,21): error TS1109: Expression expected.
-intTypeCheck.ts(204,22): error TS2693: 'i8' only refers to a type, but is being used as a value here.
-intTypeCheck.ts(205,21): error TS2351: This expression is not constructable.
-  Type '{}' has no construct signatures.
+intTypeCheck.ts(73,5): error TS1021: An index signature must have a type annotation.
+intTypeCheck.ts(74,6): error TS1096: An index signature must have exactly one parameter.
 
 
-==== intTypeCheck.ts (63 errors) ====
+==== intTypeCheck.ts (6 errors) ====
     interface i1 {
         //Property Signatures
         p;
@@ -136,3 +46,3 @@
 !!! error TS2304: Cannot find name 'p'.
         //Index Signatures
         [p1: string];

Diff truncated: more than 100 lines changed

Expected: 463 lines
Actual: 226 lines

The differences are too extensive to show in unified diff format.
Consider comparing smaller sections or reviewing the strings directly.

</message>
<stacktrace>
  at org.junit.Assert.fail(Assert.java:89)
  at kotlin.test.junit.JUnitAsserter.fail(JUnitSupport.kt:56)
  at kotlin.test.AssertionsKt__AssertionsKt.fail(Assertions.kt:563)
  at kotlin.test.AssertionsKt.fail(Unknown Source)
  at com.xemantic.kotlin.test.SameAsKt.sameAs(SameAs.kt:52)
  at com.xemantic.typescript.compiler.TypeScriptTestSupportKt.errorsMatchBaseline(TypeScriptTestSupport.kt:135)
  at com.xemantic.typescript.compiler.TypeScriptCompilerTests_I.intTypeCheck_ts has expected errors matching intTypeCheck_errors_txt(TypeScriptCompilerTests_I.kt:4844)
  at java.base/jdk.internal.reflect.DirectMethodHandleAccessor.invoke(DirectMethodHandleAccessor.java:104)
  at java.base/java.lang.reflect.Method.invoke(Method.java:565)
  at org.junit.runners.model.FrameworkMethod$1.runReflectiveCall(FrameworkMethod.java:59)
  at org.junit.internal.runners.model.ReflectiveCallable.run(ReflectiveCallable.java:12)
  at org.junit.runners.model.FrameworkMethod.invokeExplosively(FrameworkMethod.java:56)
  at org.junit.internal.runners.statements.InvokeMethod.evaluate(InvokeMethod.java:17)
  at org.junit.runners.ParentRunner$3.evaluate(ParentRunner.java:306)
  at org.junit.runners.BlockJUnit4ClassRunner$1.evaluate(BlockJUnit4ClassRunner.java:100)
  at org.junit.runners.ParentRunner.runLeaf(ParentRunner.java:366)
  at org.junit.runners.BlockJUnit4ClassRunner.runChild(BlockJUnit4ClassRunner.java:103)
  at org.junit.runners.BlockJUnit4ClassRunner.runChild(BlockJUnit4ClassRunner.java:63)
  at org.junit.runners.ParentRunner$4.run(ParentRunner.java:331)
  at org.junit.runners.ParentRunner$1.schedule(ParentRunner.java:79)
  at org.junit.runners.ParentRunner.runChildren(ParentRunner.java:329)
  at org.junit.runners.ParentRunner.access$100(ParentRunner.java:66)
  at org.junit.runners.ParentRunner$2.evaluate(ParentRunner.java:293)
  at org.junit.runners.ParentRunner$3.evaluate(ParentRunner.java:306)
  at org.junit.runners.ParentRunner.run(ParentRunner.java:413)
  at org.junit.runner.JUnitCore.run(JUnitCore.java:137)
  at org.junit.runner.JUnitCore.run(JUnitCore.java:115)
  at org.gradle.api.internal.tasks.testing.junit.JUnitTestExecutor.runRequest(JUnitTestExecutor.java:175)
  at org.gradle.api.internal.tasks.testing.junit.JUnitTestExecutor.accept(JUnitTestExecutor.java:84)
  at org.gradle.api.internal.tasks.testing.junit.JUnitTestExecutor.accept(JUnitTestExecutor.java:47)
  at org.gradle.api.internal.tasks.testing.junit.AbstractJUnitTestDefinitionProcessor.processTestDefinition(AbstractJUnitTestDefinitionProcessor.java:65)
  at org.gradle.api.internal.tasks.testing.SuiteTestDefinitionProcessor.processTestDefinition(SuiteTestDefinitionProcessor.java:54)
  at java.base/jdk.internal.reflect.DirectMethodHandleAccessor.invoke(DirectMethodHandleAccessor.java:104)
  at java.base/java.lang.reflect.Method.invoke(Method.java:565)
  at org.gradle.internal.dispatch.MethodInvocation.invokeOn(MethodInvocation.java:77)
  at org.gradle.internal.dispatch.ReflectionDispatch.dispatch(ReflectionDispatch.java:28)
  at org.gradle.internal.dispatch.ReflectionDispatch.dispatch(ReflectionDispatch.java:19)
  at org.gradle.internal.dispatch.ContextClassLoaderDispatch.dispatch(ContextClassLoaderDispatch.java:33)
  at org.gradle.internal.dispatch.ProxyDispatchAdapter$DispatchingInvocationHandler.invoke(ProxyDispatchAdapter.java:88)
  at jdk.proxy1/jdk.proxy1.$Proxy4.processTestDefinition(Unknown Source)
  at org.gradle.api.internal.tasks.testing.worker.TestWorker$2.run(TestWorker.java:178)
  at org.gradle.api.internal.tasks.testing.worker.TestWorker.executeAndMaintainThreadName(TestWorker.java:126)
  at org.gradle.api.internal.tasks.testing.worker.TestWorker.execute(TestWorker.java:103)
  at org.gradle.api.internal.tasks.testing.worker.TestWorker.execute(TestWorker.java:63)
  at org.gradle.process.internal.worker.child.ActionExecutionWorker.execute(ActionExecutionWorker.java:56)
  at org.gradle.process.internal.worker.child.SystemApplicationClassLoaderWorker.call(SystemApplicationClassLoaderWorker.java:122)
  at org.gradle.process.internal.worker.child.SystemApplicationClassLoaderWorker.call(SystemApplicationClassLoaderWorker.java:72)
  at worker.org.gradle.process.internal.worker.GradleWorkerMain.run(GradleWorkerMain.java:69)
  at worker.org.gradle.process.internal.worker.GradleWorkerMain.main(GradleWorkerMain.java:74)
</stacktrace>
</test-failure>


TypeScriptCompilerTests_I[jvm] > intTypeCheck_ts has expected errors matching intTypeCheck_errors_txt[jvm] FAILED

<test-failure test="com.xemantic.typescript.compiler.TypeScriptCompilerTests_I.implicitAnyFromCircularInference_ts__target_es2015__has expected errors matching baseline" platform="jvm">
<message>
--- expected
+++ actual
@@ -1,32 +1,16 @@
-implicitAnyFromCircularInference.ts(2,5): error TS2502: 'a' is referenced directly or indirectly in its own type annotation.
-implicitAnyFromCircularInference.ts(5,5): error TS2502: 'b' is referenced directly or indirectly in its own type annotation.
-implicitAnyFromCircularInference.ts(6,5): error TS2502: 'c' is referenced directly or indirectly in its own type annotation.
-implicitAnyFromCircularInference.ts(9,5): error TS2502: 'd' is referenced directly or indirectly in its own type annotation.
-implicitAnyFromCircularInference.ts(17,5): error TS7023: 'f1' implicitly has return type 'any' because it does not have a return type annotation and is referenced directly or indirectly in one of its return expressions.
-implicitAnyFromCircularInference.ts(22,5): error TS7023: 'f2' implicitly has return type 'any' because it does not have a return type annotation and is referenced directly or indirectly in one of its return expressions.
-implicitAnyFromCircularInference.ts(25,10): error TS7023: 'h' implicitly has return type 'any' because it does not have a return type annotation and is referenced directly or indirectly in one of its return expressions.
-implicitAnyFromCircularInference.ts(27,14): error TS7023: 'foo' implicitly has return type 'any' because it does not have a return type annotation and is referenced directly or indirectly in one of its return expressions.
-implicitAnyFromCircularInference.ts(44,9): error TS7023: 'x' implicitly has return type 'any' because it does not have a return type annotation and is referenced directly or indirectly in one of its return expressions.
+implicitAnyFromCircularInference.ts(26,12): error TS2554: Expected 1 arguments, but got 0.
 
 
-==== implicitAnyFromCircularInference.ts (9 errors) ====
+==== implicitAnyFromCircularInference.ts (1 errors) ====
     // Error expected
     var a: typeof a;
-        ~
-!!! error TS2502: 'a' is referenced directly or indirectly in its own type annotation.
     
     // Error expected on b or c
     var b: typeof c;
-        ~
-!!! error TS2502: 'b' is referenced directly or indirectly in its own type annotation.
     var c: typeof b;
-        ~
-!!! error TS2502: 'c' is referenced directly or indirectly in its own type annotation.
     
     // Error expected
     var d: Array<typeof d>;
-        ~
-!!! error TS2502: 'd' is referenced directly or indirectly in its own type annotation.
     
     function f() { return f; }
     
@@ -35,24 +19,19 @@
     
     // Error expected
     var f1 = function () {
-        ~~
-!!! error TS7023: 'f1' implicitly has return type 'any' because it does not have a return type annotation and is referenced directly or indirectly in one of its return expressions.
         return f1();
     };
     
     // Error expected
     var f2 = () => f2();
-        ~~
-!!! error TS7023: 'f2' implicitly has return type 'any' because it does not have a return type annotation and is referenced directly or indirectly in one of its return expressions.
     
     // Error expected
     function h() {
-             ~
-!!! error TS7023: 'h' implicitly has return type 'any' because it does not have a return type annotation and is referenced directly or indirectly in one of its return expressions.
         return foo();
+               ~~~
+!!! error TS2554: Expected 1 arguments, but got 0.
+!!! related TS6210 implicitAnyFromCircularInference.ts:36:14: An argument for 'x' was not provided.
         function foo() {
-                 ~~~
-!!! error TS7023: 'foo' implicitly has return type 'any' because it does not have a return type annotation and is referenced directly or indirectly in one of its return expressions.
             return h() || "hello";
         }
     }
@@ -70,8 +49,6 @@
     class D {
         // Error expected
         get x() {
-            ~
-!!! error TS7023: 'x' implicitly has return type 'any' because it does not have a return type annotation and is referenced directly or indirectly in one of its return expressions.
             return this.x;
         }
     }

</message>
<stacktrace>
  at org.junit.Assert.fail(Assert.java:89)
  at kotlin.test.junit.JUnitAsserter.fail(JUnitSupport.kt:56)
  at kotlin.test.AssertionsKt__AssertionsKt.fail(Assertions.kt:563)
  at kotlin.test.AssertionsKt.fail(Unknown Source)
  at com.xemantic.kotlin.test.SameAsKt.sameAs(SameAs.kt:52)
  at com.xemantic.typescript.compiler.TypeScriptTestSupportKt.errorsMatchBaseline(TypeScriptTestSupport.kt:135)
  at com.xemantic.typescript.compiler.TypeScriptCompilerTests_I.implicitAnyFromCircularInference_ts__target_es2015__has expected errors matching baseline(TypeScriptCompilerTests_I.kt:427)
  at java.base/jdk.internal.reflect.DirectMethodHandleAccessor.invoke(DirectMethodHandleAccessor.java:104)
  at java.base/java.lang.reflect.Method.invoke(Method.java:565)
  at org.junit.runners.model.FrameworkMethod$1.runReflectiveCall(FrameworkMethod.java:59)
  at org.junit.internal.runners.model.ReflectiveCallable.run(ReflectiveCallable.java:12)
  at org.junit.runners.model.FrameworkMethod.invokeExplosively(FrameworkMethod.java:56)
  at org.junit.internal.runners.statements.InvokeMethod.evaluate(InvokeMethod.java:17)
  at org.junit.runners.ParentRunner$3.evaluate(ParentRunner.java:306)
  at org.junit.runners.BlockJUnit4ClassRunner$1.evaluate(BlockJUnit4ClassRunner.java:100)
  at org.junit.runners.ParentRunner.runLeaf(ParentRunner.java:366)
  at org.junit.runners.BlockJUnit4ClassRunner.runChild(BlockJUnit4ClassRunner.java:103)
  at org.junit.runners.BlockJUnit4ClassRunner.runChild(BlockJUnit4ClassRunner.java:63)
  at org.junit.runners.ParentRunner$4.run(ParentRunner.java:331)
  at org.junit.runners.ParentRunner$1.schedule(ParentRunner.java:79)
  at org.junit.runners.ParentRunner.runChildren(ParentRunner.java:329)
  at org.junit.runners.ParentRunner.access$100(ParentRunner.java:66)
  at org.junit.runners.ParentRunner$2.evaluate(ParentRunner.java:293)
  at org.junit.runners.ParentRunner$3.evaluate(ParentRunner.java:306)
  at org.junit.runners.ParentRunner.run(ParentRunner.java:413)
  at org.junit.runner.JUnitCore.run(JUnitCore.java:137)
  at org.junit.runner.JUnitCore.run(JUnitCore.java:115)
  at org.gradle.api.internal.tasks.testing.junit.JUnitTestExecutor.runRequest(JUnitTestExecutor.java:175)
  at org.gradle.api.internal.tasks.testing.junit.JUnitTestExecutor.accept(JUnitTestExecutor.java:84)
  at org.gradle.api.internal.tasks.testing.junit.JUnitTestExecutor.accept(JUnitTestExecutor.java:47)
  at org.gradle.api.internal.tasks.testing.junit.AbstractJUnitTestDefinitionProcessor.processTestDefinition(AbstractJUnitTestDefinitionProcessor.java:65)
  at org.gradle.api.internal.tasks.testing.SuiteTestDefinitionProcessor.processTestDefinition(SuiteTestDefinitionProcessor.java:54)
  at java.base/jdk.internal.reflect.DirectMethodHandleAccessor.invoke(DirectMethodHandleAccessor.java:104)
  at java.base/java.lang.reflect.Method.invoke(Method.java:565)
  at org.gradle.internal.dispatch.MethodInvocation.invokeOn(MethodInvocation.java:77)
  at org.gradle.internal.dispatch.ReflectionDispatch.dispatch(ReflectionDispatch.java:28)
  at org.gradle.internal.dispatch.ReflectionDispatch.dispatch(ReflectionDispatch.java:19)
  at org.gradle.internal.dispatch.ContextClassLoaderDispatch.dispatch(ContextClassLoaderDispatch.java:33)
  at org.gradle.internal.dispatch.ProxyDispatchAdapter$DispatchingInvocationHandler.invoke(ProxyDispatchAdapter.java:88)
  at jdk.proxy1/jdk.proxy1.$Proxy4.processTestDefinition(Unknown Source)
  at org.gradle.api.internal.tasks.testing.worker.TestWorker$2.run(TestWorker.java:178)
  at org.gradle.api.internal.tasks.testing.worker.TestWorker.executeAndMaintainThreadName(TestWorker.java:126)
  at org.gradle.api.internal.tasks.testing.worker.TestWorker.execute(TestWorker.java:103)
  at org.gradle.api.internal.tasks.testing.worker.TestWorker.execute(TestWorker.java:63)
  at org.gradle.process.internal.worker.child.ActionExecutionWorker.execute(ActionExecutionWorker.java:56)
  at org.gradle.process.internal.worker.child.SystemApplicationClassLoaderWorker.call(SystemApplicationClassLoaderWorker.java:122)
  at org.gradle.process.internal.worker.child.SystemApplicationClassLoaderWorker.call(SystemApplicationClassLoaderWorker.java:72)
  at worker.org.gradle.process.internal.worker.GradleWorkerMain.run(GradleWorkerMain.java:69)
  at worker.org.gradle.process.internal.worker.GradleWorkerMain.main(GradleWorkerMain.java:74)
</stacktrace>
</test-failure>


TypeScriptCompilerTests_I[jvm] > implicitAnyFromCircularInference_ts__target_es2015__has expected errors matching baseline[jvm] FAILED

<test-failure test="com.xemantic.typescript.compiler.TypeScriptCompilerTests_I.iteratorExtraParameters_ts has expected errors matching iteratorExtraParameters_errors_txt" platform="jvm">
<message>
Expected diagnostics from baseline typescript-repo/tests/baselines/reference/iteratorExtraParameters.errors.txt but none produced
</message>
<stacktrace>
  at com.xemantic.typescript.compiler.TypeScriptTestSupportKt.errorsMatchBaseline(TypeScriptTestSupport.kt:125)
  at com.xemantic.typescript.compiler.TypeScriptCompilerTests_I.iteratorExtraParameters_ts has expected errors matching iteratorExtraParameters_errors_txt(TypeScriptCompilerTests_I.kt:7119)
  at java.base/jdk.internal.reflect.DirectMethodHandleAccessor.invoke(DirectMethodHandleAccessor.java:104)
  at java.base/java.lang.reflect.Method.invoke(Method.java:565)
  at org.junit.runners.model.FrameworkMethod$1.runReflectiveCall(FrameworkMethod.java:59)
  at org.junit.internal.runners.model.ReflectiveCallable.run(ReflectiveCallable.java:12)
  at org.junit.runners.model.FrameworkMethod.invokeExplosively(FrameworkMethod.java:56)
  at org.junit.internal.runners.statements.InvokeMethod.evaluate(InvokeMethod.java:17)
  at org.junit.runners.ParentRunner$3.evaluate(ParentRunner.java:306)
  at org.junit.runners.BlockJUnit4ClassRunner$1.evaluate(BlockJUnit4ClassRunner.java:100)
  at org.junit.runners.ParentRunner.runLeaf(ParentRunner.java:366)
  at org.junit.runners.BlockJUnit4ClassRunner.runChild(BlockJUnit4ClassRunner.java:103)
  at org.junit.runners.BlockJUnit4ClassRunner.runChild(BlockJUnit4ClassRunner.java:63)
  at org.junit.runners.ParentRunner$4.run(ParentRunner.java:331)
  at org.junit.runners.ParentRunner$1.schedule(ParentRunner.java:79)
  at org.junit.runners.ParentRunner.runChildren(ParentRunner.java:329)
  at org.junit.runners.ParentRunner.access$100(ParentRunner.java:66)
  at org.junit.runners.ParentRunner$2.evaluate(ParentRunner.java:293)
  at org.junit.runners.ParentRunner$3.evaluate(ParentRunner.java:306)
  at org.junit.runners.ParentRunner.run(ParentRunner.java:413)
  at org.junit.runner.JUnitCore.run(JUnitCore.java:137)
  at org.junit.runner.JUnitCore.run(JUnitCore.java:115)
  at org.gradle.api.internal.tasks.testing.junit.JUnitTestExecutor.runRequest(JUnitTestExecutor.java:175)
  at org.gradle.api.internal.tasks.testing.junit.JUnitTestExecutor.accept(JUnitTestExecutor.java:84)
  at org.gradle.api.internal.tasks.testing.junit.JUnitTestExecutor.accept(JUnitTestExecutor.java:47)
  at org.gradle.api.internal.tasks.testing.junit.AbstractJUnitTestDefinitionProcessor.processTestDefinition(AbstractJUnitTestDefinitionProcessor.java:65)
  at org.gradle.api.internal.tasks.testing.SuiteTestDefinitionProcessor.processTestDefinition(SuiteTestDefinitionProcessor.java:54)
  at java.base/jdk.internal.reflect.DirectMethodHandleAccessor.invoke(DirectMethodHandleAccessor.java:104)
  at java.base/java.lang.reflect.Method.invoke(Method.java:565)
  at org.gradle.internal.dispatch.MethodInvocation.invokeOn(MethodInvocation.java:77)
  at org.gradle.internal.dispatch.ReflectionDispatch.dispatch(ReflectionDispatch.java:28)
  at org.gradle.internal.dispatch.ReflectionDispatch.dispatch(ReflectionDispatch.java:19)
  at org.gradle.internal.dispatch.ContextClassLoaderDispatch.dispatch(ContextClassLoaderDispatch.java:33)
  at org.gradle.internal.dispatch.ProxyDispatchAdapter$DispatchingInvocationHandler.invoke(ProxyDispatchAdapter.java:88)
  at jdk.proxy1/jdk.proxy1.$Proxy4.processTestDefinition(Unknown Source)
  at org.gradle.api.internal.tasks.testing.worker.TestWorker$2.run(TestWorker.java:178)
  at org.gradle.api.internal.tasks.testing.worker.TestWorker.executeAndMaintainThreadName(TestWorker.java:126)
  at org.gradle.api.internal.tasks.testing.worker.TestWorker.execute(TestWorker.java:103)
  at org.gradle.api.internal.tasks.testing.worker.TestWorker.execute(TestWorker.java:63)
  at org.gradle.process.internal.worker.child.ActionExecutionWorker.execute(ActionExecutionWorker.java:56)
  at org.gradle.process.internal.worker.child.SystemApplicationClassLoaderWorker.call(SystemApplicationClassLoaderWorker.java:122)
  at org.gradle.process.internal.worker.child.SystemApplicationClassLoaderWorker.call(SystemApplicationClassLoaderWorker.java:72)
  at worker.org.gradle.process.internal.worker.GradleWorkerMain.run(GradleWorkerMain.java:69)
  at worker.org.gradle.process.internal.worker.GradleWorkerMain.main(GradleWorkerMain.java:74)
</stacktrace>
</test-failure>


TypeScriptCompilerTests_I[jvm] > iteratorExtraParameters_ts has expected errors matching iteratorExtraParameters_errors_txt[jvm] FAILED

<test-failure test="com.xemantic.typescript.compiler.TypeScriptCompilerTests_I.isolatedDeclarationErrorsEnums_ts compiles to JavaScript matching isolatedDeclarationErrorsEnums_js" platform="jvm">
<message>
--- expected
+++ actual
@@ -75,7 +75,7 @@
 var ExtFlags;
 (function (ExtFlags) {
     ExtFlags[ExtFlags["D"] = 2] = "D";
-    ExtFlags[ExtFlags["E"] = 1] = "E";
+    ExtFlags[ExtFlags["E"] = EV] = "E";
     ExtFlags[ExtFlags["ABCD"] = 2] = "ABCD";
     ExtFlags[ExtFlags["AC"] = 2] = "AC";
 })(ExtFlags || (ExtFlags = {}));
@@ -83,11 +83,11 @@
 (function (Str) {
     Str["A"] = "A";
     Str["B"] = "B";
-    Str["AB"] = "AB";
+    Str["AB"] = Str.A + Str.B;
 })(Str || (Str = {}));
 var StrExt;
 (function (StrExt) {
     StrExt["D"] = "D";
-    StrExt["ABD"] = "ABD";
-    StrExt["AD"] = "AD";
+    StrExt["ABD"] = Str.AB + StrExt.D;
+    StrExt["AD"] = Str["A"] + StrExt.D;
 })(StrExt || (StrExt = {}));

</message>
<stacktrace>
  at org.junit.Assert.fail(Assert.java:89)
  at kotlin.test.junit.JUnitAsserter.fail(JUnitSupport.kt:56)
  at kotlin.test.AssertionsKt__AssertionsKt.fail(Assertions.kt:563)
  at kotlin.test.AssertionsKt.fail(Unknown Source)
  at com.xemantic.kotlin.test.SameAsKt.sameAs(SameAs.kt:52)
  at com.xemantic.typescript.compiler.TypeScriptTestSupportKt.sameAs(TypeScriptTestSupport.kt:99)
  at com.xemantic.typescript.compiler.TypeScriptCompilerTests_I.isolatedDeclarationErrorsEnums_ts compiles to JavaScript matching isolatedDeclarationErrorsEnums_js(TypeScriptCompilerTests_I.kt:6580)
  at java.base/jdk.internal.reflect.DirectMethodHandleAccessor.invoke(DirectMethodHandleAccessor.java:104)
  at java.base/java.lang.reflect.Method.invoke(Method.java:565)
  at org.junit.runners.model.FrameworkMethod$1.runReflectiveCall(FrameworkMethod.java:59)
  at org.junit.internal.runners.model.ReflectiveCallable.run(ReflectiveCallable.java:12)
  at org.junit.runners.model.FrameworkMethod.invokeExplosively(FrameworkMethod.java:56)
  at org.junit.internal.runners.statements.InvokeMethod.evaluate(InvokeMethod.java:17)
  at org.junit.runners.ParentRunner$3.evaluate(ParentRunner.java:306)
  at org.junit.runners.BlockJUnit4ClassRunner$1.evaluate(BlockJUnit4ClassRunner.java:100)
  at org.junit.runners.ParentRunner.runLeaf(ParentRunner.java:366)
  at org.junit.runners.BlockJUnit4ClassRunner.runChild(BlockJUnit4ClassRunner.java:103)
  at org.junit.runners.BlockJUnit4ClassRunner.runChild(BlockJUnit4ClassRunner.java:63)
  at org.junit.runners.ParentRunner$4.run(ParentRunner.java:331)
  at org.junit.runners.ParentRunner$1.schedule(ParentRunner.java:79)
  at org.junit.runners.ParentRunner.runChildren(ParentRunner.java:329)
  at org.junit.runners.ParentRunner.access$100(ParentRunner.java:66)
  at org.junit.runners.ParentRunner$2.evaluate(ParentRunner.java:293)
  at org.junit.runners.ParentRunner$3.evaluate(ParentRunner.java:306)
  at org.junit.runners.ParentRunner.run(ParentRunner.java:413)
  at org.junit.runner.JUnitCore.run(JUnitCore.java:137)
  at org.junit.runner.JUnitCore.run(JUnitCore.java:115)
  at org.gradle.api.internal.tasks.testing.junit.JUnitTestExecutor.runRequest(JUnitTestExecutor.java:175)
  at org.gradle.api.internal.tasks.testing.junit.JUnitTestExecutor.accept(JUnitTestExecutor.java:84)
  at org.gradle.api.internal.tasks.testing.junit.JUnitTestExecutor.accept(JUnitTestExecutor.java:47)
  at org.gradle.api.internal.tasks.testing.junit.AbstractJUnitTestDefinitionProcessor.processTestDefinition(AbstractJUnitTestDefinitionProcessor.java:65)
  at org.gradle.api.internal.tasks.testing.SuiteTestDefinitionProcessor.processTestDefinition(SuiteTestDefinitionProcessor.java:54)
  at java.base/jdk.internal.reflect.DirectMethodHandleAccessor.invoke(DirectMethodHandleAccessor.java:104)
  at java.base/java.lang.reflect.Method.invoke(Method.java:565)
  at org.gradle.internal.dispatch.MethodInvocation.invokeOn(MethodInvocation.java:77)
  at org.gradle.internal.dispatch.ReflectionDispatch.dispatch(ReflectionDispatch.java:28)
  at org.gradle.internal.dispatch.ReflectionDispatch.dispatch(ReflectionDispatch.java:19)
  at org.gradle.internal.dispatch.ContextClassLoaderDispatch.dispatch(ContextClassLoaderDispatch.java:33)
  at org.gradle.internal.dispatch.ProxyDispatchAdapter$DispatchingInvocationHandler.invoke(ProxyDispatchAdapter.java:88)
  at jdk.proxy1/jdk.proxy1.$Proxy4.processTestDefinition(Unknown Source)
  at org.gradle.api.internal.tasks.testing.worker.TestWorker$2.run(TestWorker.java:178)
  at org.gradle.api.internal.tasks.testing.worker.TestWorker.executeAndMaintainThreadName(TestWorker.java:126)
  at org.gradle.api.internal.tasks.testing.worker.TestWorker.execute(TestWorker.java:103)
  at org.gradle.api.internal.tasks.testing.worker.TestWorker.execute(TestWorker.java:63)
  at org.gradle.process.internal.worker.child.ActionExecutionWorker.execute(ActionExecutionWorker.java:56)
  at org.gradle.process.internal.worker.child.SystemApplicationClassLoaderWorker.call(SystemApplicationClassLoaderWorker.java:122)
  at org.gradle.process.internal.worker.child.SystemApplicationClassLoaderWorker.call(SystemApplicationClassLoaderWorker.java:72)
  at worker.org.gradle.process.internal.worker.GradleWorkerMain.run(GradleWorkerMain.java:69)
  at worker.org.gradle.process.internal.worker.GradleWorkerMain.main(GradleWorkerMain.java:74)
</stacktrace>
</test-failure>


TypeScriptCompilerTests_I[jvm] > isolatedDeclarationErrorsEnums_ts compiles to JavaScript matching isolatedDeclarationErrorsEnums_js[jvm] FAILED

<test-failure test="com.xemantic.typescript.compiler.TypeScriptCompilerTests_I.importAliasFromNamespace_ts has expected errors matching importAliasFromNamespace_errors_txt" platform="jvm">
<message>
--- expected
+++ actual
@@ -1,8 +1,7 @@
 usage.ts(5,17): error TS2564: Property '_which' has no initializer and is not definitely assigned in the constructor.
-usage.ts(8,13): error TS2845: This condition will always return 'false'.
 
 
-==== usage.ts (2 errors) ====
+==== usage.ts (1 errors) ====
     /// <reference path="./internal.ts" preserve="true" />
     namespace SomeOther.Thing {
         import Internal = My.Internal;
@@ -13,8 +12,6 @@
             constructor() {
                 Internal.getThing();
                 Internal.WhichThing.A ? "foo" : "bar";
-                ~~~~~~~~~~~~~~~~~~~~~
-!!! error TS2845: This condition will always return 'false'.
             }
         }
     }

</message>
<stacktrace>
  at org.junit.Assert.fail(Assert.java:89)
  at kotlin.test.junit.JUnitAsserter.fail(JUnitSupport.kt:56)
  at kotlin.test.AssertionsKt__AssertionsKt.fail(Assertions.kt:563)
  at kotlin.test.AssertionsKt.fail(Unknown Source)
  at com.xemantic.kotlin.test.SameAsKt.sameAs(SameAs.kt:52)
  at com.xemantic.typescript.compiler.TypeScriptTestSupportKt.errorsMatchBaseline(TypeScriptTestSupport.kt:135)
  at com.xemantic.typescript.compiler.TypeScriptCompilerTests_I.importAliasFromNamespace_ts has expected errors matching importAliasFromNamespace_errors_txt(TypeScriptCompilerTests_I.kt:742)
  at java.base/jdk.internal.reflect.DirectMethodHandleAccessor.invoke(DirectMethodHandleAccessor.java:104)
  at java.base/java.lang.reflect.Method.invoke(Method.java:565)
  at org.junit.runners.model.FrameworkMethod$1.runReflectiveCall(FrameworkMethod.java:59)
  at org.junit.internal.runners.model.ReflectiveCallable.run(ReflectiveCallable.java:12)
  at org.junit.runners.model.FrameworkMethod.invokeExplosively(FrameworkMethod.java:56)
  at org.junit.internal.runners.statements.InvokeMethod.evaluate(InvokeMethod.java:17)
  at org.junit.runners.ParentRunner$3.evaluate(ParentRunner.java:306)
  at org.junit.runners.BlockJUnit4ClassRunner$1.evaluate(BlockJUnit4ClassRunner.java:100)
  at org.junit.runners.ParentRunner.runLeaf(ParentRunner.java:366)
  at org.junit.runners.BlockJUnit4ClassRunner.runChild(BlockJUnit4ClassRunner.java:103)
  at org.junit.runners.BlockJUnit4ClassRunner.runChild(BlockJUnit4ClassRunner.java:63)
  at org.junit.runners.ParentRunner$4.run(ParentRunner.java:331)
  at org.junit.runners.ParentRunner$1.schedule(ParentRunner.java:79)
  at org.junit.runners.ParentRunner.runChildren(ParentRunner.java:329)
  at org.junit.runners.ParentRunner.access$100(ParentRunner.java:66)
  at org.junit.runners.ParentRunner$2.evaluate(ParentRunner.java:293)
  at org.junit.runners.ParentRunner$3.evaluate(ParentRunner.java:306)
  at org.junit.runners.ParentRunner.run(ParentRunner.java:413)
  at org.junit.runner.JUnitCore.run(JUnitCore.java:137)
  at org.junit.runner.JUnitCore.run(JUnitCore.java:115)
  at org.gradle.api.internal.tasks.testing.junit.JUnitTestExecutor.runRequest(JUnitTestExecutor.java:175)
  at org.gradle.api.internal.tasks.testing.junit.JUnitTestExecutor.accept(JUnitTestExecutor.java:84)
  at org.gradle.api.internal.tasks.testing.junit.JUnitTestExecutor.accept(JUnitTestExecutor.java:47)
  at org.gradle.api.internal.tasks.testing.junit.AbstractJUnitTestDefinitionProcessor.processTestDefinition(AbstractJUnitTestDefinitionProcessor.java:65)
  at org.gradle.api.internal.tasks.testing.SuiteTestDefinitionProcessor.processTestDefinition(SuiteTestDefinitionProcessor.java:54)
  at java.base/jdk.internal.reflect.DirectMethodHandleAccessor.invoke(DirectMethodHandleAccessor.java:104)
  at java.base/java.lang.reflect.Method.invoke(Method.java:565)
  at org.gradle.internal.dispatch.MethodInvocation.invokeOn(MethodInvocation.java:77)
  at org.gradle.internal.dispatch.ReflectionDispatch.dispatch(ReflectionDispatch.java:28)
  at org.gradle.internal.dispatch.ReflectionDispatch.dispatch(ReflectionDispatch.java:19)
  at org.gradle.internal.dispatch.ContextClassLoaderDispatch.dispatch(ContextClassLoaderDispatch.java:33)
  at org.gradle.internal.dispatch.ProxyDispatchAdapter$DispatchingInvocationHandler.invoke(ProxyDispatchAdapter.java:88)
  at jdk.proxy1/jdk.proxy1.$Proxy4.processTestDefinition(Unknown Source)
  at org.gradle.api.internal.tasks.testing.worker.TestWorker$2.run(TestWorker.java:178)
  at org.gradle.api.internal.tasks.testing.worker.TestWorker.executeAndMaintainThreadName(TestWorker.java:126)
  at org.gradle.api.internal.tasks.testing.worker.TestWorker.execute(TestWorker.java:103)
  at org.gradle.api.internal.tasks.testing.worker.TestWorker.execute(TestWorker.java:63)
  at org.gradle.process.internal.worker.child.ActionExecutionWorker.execute(ActionExecutionWorker.java:56)
  at org.gradle.process.internal.worker.child.SystemApplicationClassLoaderWorker.call(SystemApplicationClassLoaderWorker.java:122)
  at org.gradle.process.internal.worker.child.SystemApplicationClassLoaderWorker.call(SystemApplicationClassLoaderWorker.java:72)
  at worker.org.gradle.process.internal.worker.GradleWorkerMain.run(GradleWorkerMain.java:69)
  at worker.org.gradle.process.internal.worker.GradleWorkerMain.main(GradleWorkerMain.java:74)
</stacktrace>
</test-failure>


TypeScriptCompilerTests_I[jvm] > importAliasFromNamespace_ts has expected errors matching importAliasFromNamespace_errors_txt[jvm] FAILED

<test-failure test="com.xemantic.typescript.compiler.TypeScriptCompilerTests_I.inheritanceGrandParentPrivateMemberCollision_ts has expected errors matching inheritanceGrandParentPrivateMemberCollision_errors_txt" platform="jvm">
<message>
Expected diagnostics from baseline typescript-repo/tests/baselines/reference/inheritanceGrandParentPrivateMemberCollision.errors.txt but none produced
</message>
<stacktrace>
  at com.xemantic.typescript.compiler.TypeScriptTestSupportKt.errorsMatchBaseline(TypeScriptTestSupport.kt:125)
  at com.xemantic.typescript.compiler.TypeScriptCompilerTests_I.inheritanceGrandParentPrivateMemberCollision_ts has expected errors matching inheritanceGrandParentPrivateMemberCollision_errors_txt(TypeScriptCompilerTests_I.kt:3955)
  at java.base/jdk.internal.reflect.DirectMethodHandleAccessor.invoke(DirectMethodHandleAccessor.java:104)
  at java.base/java.lang.reflect.Method.invoke(Method.java:565)
  at org.junit.runners.model.FrameworkMethod$1.runReflectiveCall(FrameworkMethod.java:59)
  at org.junit.internal.runners.model.ReflectiveCallable.run(ReflectiveCallable.java:12)
  at org.junit.runners.model.FrameworkMethod.invokeExplosively(FrameworkMethod.java:56)
  at org.junit.internal.runners.statements.InvokeMethod.evaluate(InvokeMethod.java:17)
  at org.junit.runners.ParentRunner$3.evaluate(ParentRunner.java:306)
  at org.junit.runners.BlockJUnit4ClassRunner$1.evaluate(BlockJUnit4ClassRunner.java:100)
  at org.junit.runners.ParentRunner.runLeaf(ParentRunner.java:366)
  at org.junit.runners.BlockJUnit4ClassRunner.runChild(BlockJUnit4ClassRunner.java:103)
  at org.junit.runners.BlockJUnit4ClassRunner.runChild(BlockJUnit4ClassRunner.java:63)
  at org.junit.runners.ParentRunner$4.run(ParentRunner.java:331)
  at org.junit.runners.ParentRunner$1.schedule(ParentRunner.java:79)
  at org.junit.runners.ParentRunner.runChildren(ParentRunner.java:329)
  at org.junit.runners.ParentRunner.access$100(ParentRunner.java:66)
  at org.junit.runners.ParentRunner$2.evaluate(ParentRunner.java:293)
  at org.junit.runners.ParentRunner$3.evaluate(ParentRunner.java:306)
  at org.junit.runners.ParentRunner.run(ParentRunner.java:413)
  at org.junit.runner.JUnitCore.run(JUnitCore.java:137)
  at org.junit.runner.JUnitCore.run(JUnitCore.java:115)
  at org.gradle.api.internal.tasks.testing.junit.JUnitTestExecutor.runRequest(JUnitTestExecutor.java:175)
  at org.gradle.api.internal.tasks.testing.junit.JUnitTestExecutor.accept(JUnitTestExecutor.java:84)
  at org.gradle.api.internal.tasks.testing.junit.JUnitTestExecutor.accept(JUnitTestExecutor.java:47)
  at org.gradle.api.internal.tasks.testing.junit.AbstractJUnitTestDefinitionProcessor.processTestDefinition(AbstractJUnitTestDefinitionProcessor.java:65)
  at org.gradle.api.internal.tasks.testing.SuiteTestDefinitionProcessor.processTestDefinition(SuiteTestDefinitionProcessor.java:54)
  at java.base/jdk.internal.reflect.DirectMethodHandleAccessor.invoke(DirectMethodHandleAccessor.java:104)
  at java.base/java.lang.reflect.Method.invoke(Method.java:565)
  at org.gradle.internal.dispatch.MethodInvocation.invokeOn(MethodInvocation.java:77)
  at org.gradle.internal.dispatch.ReflectionDispatch.dispatch(ReflectionDispatch.java:28)
  at org.gradle.internal.dispatch.ReflectionDispatch.dispatch(ReflectionDispatch.java:19)
  at org.gradle.internal.dispatch.ContextClassLoaderDispatch.dispatch(ContextClassLoaderDispatch.java:33)
  at org.gradle.internal.dispatch.ProxyDispatchAdapter$DispatchingInvocationHandler.invoke(ProxyDispatchAdapter.java:88)
  at jdk.proxy1/jdk.proxy1.$Proxy4.processTestDefinition(Unknown Source)
  at org.gradle.api.internal.tasks.testing.worker.TestWorker$2.run(TestWorker.java:178)
  at org.gradle.api.internal.tasks.testing.worker.TestWorker.executeAndMaintainThreadName(TestWorker.java:126)
  at org.gradle.api.internal.tasks.testing.worker.TestWorker.execute(TestWorker.java:103)
  at org.gradle.api.internal.tasks.testing.worker.TestWorker.execute(TestWorker.java:63)
  at org.gradle.process.internal.worker.child.ActionExecutionWorker.execute(ActionExecutionWorker.java:56)
  at org.gradle.process.internal.worker.child.SystemApplicationClassLoaderWorker.call(SystemApplicationClassLoaderWorker.java:122)
  at org.gradle.process.internal.worker.child.SystemApplicationClassLoaderWorker.call(SystemApplicationClassLoaderWorker.java:72)
  at worker.org.gradle.process.internal.worker.GradleWorkerMain.run(GradleWorkerMain.java:69)
  at worker.org.gradle.process.internal.worker.GradleWorkerMain.main(GradleWorkerMain.java:74)
</stacktrace>
</test-failure>


TypeScriptCompilerTests_I[jvm] > inheritanceGrandParentPrivateMemberCollision_ts has expected errors matching inheritanceGrandParentPrivateMemberCollision_errors_txt[jvm] FAILED

<test-failure test="com.xemantic.typescript.compiler.TypeScriptCompilerTests_I.intersectionsAndOptionalProperties3_ts__exactoptionalpropertytypes_true__has expected errors matching baseline" platform="jvm">
<message>
Expected diagnostics from baseline typescript-repo/tests/baselines/reference/intersectionsAndOptionalProperties3(exactoptionalpropertytypes=true).errors.txt but none produced
</message>
<stacktrace>
  at com.xemantic.typescript.compiler.TypeScriptTestSupportKt.errorsMatchBaseline(TypeScriptTestSupport.kt:125)
  at com.xemantic.typescript.compiler.TypeScriptCompilerTests_I.intersectionsAndOptionalProperties3_ts__exactoptionalpropertytypes_true__has expected errors matching baseline(TypeScriptCompilerTests_I.kt:6055)
  at java.base/jdk.internal.reflect.DirectMethodHandleAccessor.invoke(DirectMethodHandleAccessor.java:104)
  at java.base/java.lang.reflect.Method.invoke(Method.java:565)
  at org.junit.runners.model.FrameworkMethod$1.runReflectiveCall(FrameworkMethod.java:59)
  at org.junit.internal.runners.model.ReflectiveCallable.run(ReflectiveCallable.java:12)
  at org.junit.runners.model.FrameworkMethod.invokeExplosively(FrameworkMethod.java:56)
  at org.junit.internal.runners.statements.InvokeMethod.evaluate(InvokeMethod.java:17)
  at org.junit.runners.ParentRunner$3.evaluate(ParentRunner.java:306)
  at org.junit.runners.BlockJUnit4ClassRunner$1.evaluate(BlockJUnit4ClassRunner.java:100)
  at org.junit.runners.ParentRunner.runLeaf(ParentRunner.java:366)
  at org.junit.runners.BlockJUnit4ClassRunner.runChild(BlockJUnit4ClassRunner.java:103)
  at org.junit.runners.BlockJUnit4ClassRunner.runChild(BlockJUnit4ClassRunner.java:63)
  at org.junit.runners.ParentRunner$4.run(ParentRunner.java:331)
  at org.junit.runners.ParentRunner$1.schedule(ParentRunner.java:79)
  at org.junit.runners.ParentRunner.runChildren(ParentRunner.java:329)
  at org.junit.runners.ParentRunner.access$100(ParentRunner.java:66)
  at org.junit.runners.ParentRunner$2.evaluate(ParentRunner.java:293)
  at org.junit.runners.ParentRunner$3.evaluate(ParentRunner.java:306)
  at org.junit.runners.ParentRunner.run(ParentRunner.java:413)
  at org.junit.runner.JUnitCore.run(JUnitCore.java:137)
  at org.junit.runner.JUnitCore.run(JUnitCore.java:115)
  at org.gradle.api.internal.tasks.testing.junit.JUnitTestExecutor.runRequest(JUnitTestExecutor.java:175)
  at org.gradle.api.internal.tasks.testing.junit.JUnitTestExecutor.accept(JUnitTestExecutor.java:84)
  at org.gradle.api.internal.tasks.testing.junit.JUnitTestExecutor.accept(JUnitTestExecutor.java:47)
  at org.gradle.api.internal.tasks.testing.junit.AbstractJUnitTestDefinitionProcessor.processTestDefinition(AbstractJUnitTestDefinitionProcessor.java:65)
  at org.gradle.api.internal.tasks.testing.SuiteTestDefinitionProcessor.processTestDefinition(SuiteTestDefinitionProcessor.java:54)
  at java.base/jdk.internal.reflect.DirectMethodHandleAccessor.invoke(DirectMethodHandleAccessor.java:104)
  at java.base/java.lang.reflect.Method.invoke(Method.java:565)
  at org.gradle.internal.dispatch.MethodInvocation.invokeOn(MethodInvocation.java:77)
  at org.gradle.internal.dispatch.ReflectionDispatch.dispatch(ReflectionDispatch.java:28)
  at org.gradle.internal.dispatch.ReflectionDispatch.dispatch(ReflectionDispatch.java:19)
  at org.gradle.internal.dispatch.ContextClassLoaderDispatch.dispatch(ContextClassLoaderDispatch.java:33)
  at org.gradle.internal.dispatch.ProxyDispatchAdapter$DispatchingInvocationHandler.invoke(ProxyDispatchAdapter.java:88)
  at jdk.proxy1/jdk.proxy1.$Proxy4.processTestDefinition(Unknown Source)
  at org.gradle.api.internal.tasks.testing.worker.TestWorker$2.run(TestWorker.java:178)
  at org.gradle.api.internal.tasks.testing.worker.TestWorker.executeAndMaintainThreadName(TestWorker.java:126)
  at org.gradle.api.internal.tasks.testing.worker.TestWorker.execute(TestWorker.java:103)
  at org.gradle.api.internal.tasks.testing.worker.TestWorker.execute(TestWorker.java:63)
  at org.gradle.process.internal.worker.child.ActionExecutionWorker.execute(ActionExecutionWorker.java:56)
  at org.gradle.process.internal.worker.child.SystemApplicationClassLoaderWorker.call(SystemApplicationClassLoaderWorker.java:122)
  at org.gradle.process.internal.worker.child.SystemApplicationClassLoaderWorker.call(SystemApplicationClassLoaderWorker.java:72)
  at worker.org.gradle.process.internal.worker.GradleWorkerMain.run(GradleWorkerMain.java:69)
  at worker.org.gradle.process.internal.worker.GradleWorkerMain.main(GradleWorkerMain.java:74)
</stacktrace>
</test-failure>


TypeScriptCompilerTests_I[jvm] > intersectionsAndOptionalProperties3_ts__exactoptionalpropertytypes_true__has expected errors matching baseline[jvm] FAILED

<test-failure test="com.xemantic.typescript.compiler.TypeScriptCompilerTests_I.implementsClauseAlreadySeen_ts has expected errors matching implementsClauseAlreadySeen_errors_txt" platform="jvm">
<message>
Expected diagnostics from baseline typescript-repo/tests/baselines/reference/implementsClauseAlreadySeen.errors.txt but none produced
</message>
<stacktrace>
  at com.xemantic.typescript.compiler.TypeScriptTestSupportKt.errorsMatchBaseline(TypeScriptTestSupport.kt:125)
  at com.xemantic.typescript.compiler.TypeScriptCompilerTests_I.implementsClauseAlreadySeen_ts has expected errors matching implementsClauseAlreadySeen_errors_txt(TypeScriptCompilerTests_I.kt:252)
  at java.base/jdk.internal.reflect.DirectMethodHandleAccessor.invoke(DirectMethodHandleAccessor.java:104)
  at java.base/java.lang.reflect.Method.invoke(Method.java:565)
  at org.junit.runners.model.FrameworkMethod$1.runReflectiveCall(FrameworkMethod.java:59)
  at org.junit.internal.runners.model.ReflectiveCallable.run(ReflectiveCallable.java:12)
  at org.junit.runners.model.FrameworkMethod.invokeExplosively(FrameworkMethod.java:56)
  at org.junit.internal.runners.statements.InvokeMethod.evaluate(InvokeMethod.java:17)
  at org.junit.runners.ParentRunner$3.evaluate(ParentRunner.java:306)
  at org.junit.runners.BlockJUnit4ClassRunner$1.evaluate(BlockJUnit4ClassRunner.java:100)
  at org.junit.runners.ParentRunner.runLeaf(ParentRunner.java:366)
  at org.junit.runners.BlockJUnit4ClassRunner.runChild(BlockJUnit4ClassRunner.java:103)
  at org.junit.runners.BlockJUnit4ClassRunner.runChild(BlockJUnit4ClassRunner.java:63)
  at org.junit.runners.ParentRunner$4.run(ParentRunner.java:331)
  at org.junit.runners.ParentRunner$1.schedule(ParentRunner.java:79)
  at org.junit.runners.ParentRunner.runChildren(ParentRunner.java:329)
  at org.junit.runners.ParentRunner.access$100(ParentRunner.java:66)
  at org.junit.runners.ParentRunner$2.evaluate(ParentRunner.java:293)
  at org.junit.runners.ParentRunner$3.evaluate(ParentRunner.java:306)
  at org.junit.runners.ParentRunner.run(ParentRunner.java:413)
  at org.junit.runner.JUnitCore.run(JUnitCore.java:137)
  at org.junit.runner.JUnitCore.run(JUnitCore.java:115)
  at org.gradle.api.internal.tasks.testing.junit.JUnitTestExecutor.runRequest(JUnitTestExecutor.java:175)
  at org.gradle.api.internal.tasks.testing.junit.JUnitTestExecutor.accept(JUnitTestExecutor.java:84)
  at org.gradle.api.internal.tasks.testing.junit.JUnitTestExecutor.accept(JUnitTestExecutor.java:47)
  at org.gradle.api.internal.tasks.testing.junit.AbstractJUnitTestDefinitionProcessor.processTestDefinition(AbstractJUnitTestDefinitionProcessor.java:65)
  at org.gradle.api.internal.tasks.testing.SuiteTestDefinitionProcessor.processTestDefinition(SuiteTestDefinitionProcessor.java:54)
  at java.base/jdk.internal.reflect.DirectMethodHandleAccessor.invoke(DirectMethodHandleAccessor.java:104)
  at java.base/java.lang.reflect.Method.invoke(Method.java:565)
  at org.gradle.internal.dispatch.MethodInvocation.invokeOn(MethodInvocation.java:77)
  at org.gradle.internal.dispatch.ReflectionDispatch.dispatch(ReflectionDispatch.java:28)
  at org.gradle.internal.dispatch.ReflectionDispatch.dispatch(ReflectionDispatch.java:19)
  at org.gradle.internal.dispatch.ContextClassLoaderDispatch.dispatch(ContextClassLoaderDispatch.java:33)
  at org.gradle.internal.dispatch.ProxyDispatchAdapter$DispatchingInvocationHandler.invoke(ProxyDispatchAdapter.java:88)
  at jdk.proxy1/jdk.proxy1.$Proxy4.processTestDefinition(Unknown Source)
  at org.gradle.api.internal.tasks.testing.worker.TestWorker$2.run(TestWorker.java:178)
  at org.gradle.api.internal.tasks.testing.worker.TestWorker.executeAndMaintainThreadName(TestWorker.java:126)
  at org.gradle.api.internal.tasks.testing.worker.TestWorker.execute(TestWorker.java:103)
  at org.gradle.api.internal.tasks.testing.worker.TestWorker.execute(TestWorker.java:63)
  at org.gradle.process.internal.worker.child.ActionExecutionWorker.execute(ActionExecutionWorker.java:56)
  at org.gradle.process.internal.worker.child.SystemApplicationClassLoaderWorker.call(SystemApplicationClassLoaderWorker.java:122)
  at org.gradle.process.internal.worker.child.SystemApplicationClassLoaderWorker.call(SystemApplicationClassLoaderWorker.java:72)
  at worker.org.gradle.process.internal.worker.GradleWorkerMain.run(GradleWorkerMain.java:69)
  at worker.org.gradle.process.internal.worker.GradleWorkerMain.main(GradleWorkerMain.java:74)
</stacktrace>
</test-failure>


TypeScriptCompilerTests_I[jvm] > implementsClauseAlreadySeen_ts has expected errors matching implementsClauseAlreadySeen_errors_txt[jvm] FAILED

<test-failure test="com.xemantic.typescript.compiler.TypeScriptCompilerTests_I.inferenceShouldFailOnEvolvingArrays_ts has expected errors matching inferenceShouldFailOnEvolvingArrays_errors_txt" platform="jvm">
<message>
Expected diagnostics from baseline typescript-repo/tests/baselines/reference/inferenceShouldFailOnEvolvingArrays.errors.txt but none produced
</message>
<stacktrace>
  at com.xemantic.typescript.compiler.TypeScriptTestSupportKt.errorsMatchBaseline(TypeScriptTestSupport.kt:125)
  at com.xemantic.typescript.compiler.TypeScriptCompilerTests_I.inferenceShouldFailOnEvolvingArrays_ts has expected errors matching inferenceShouldFailOnEvolvingArrays_errors_txt(TypeScriptCompilerTests_I.kt:3472)
  at java.base/jdk.internal.reflect.DirectMethodHandleAccessor.invoke(DirectMethodHandleAccessor.java:104)
  at java.base/java.lang.reflect.Method.invoke(Method.java:565)
  at org.junit.runners.model.FrameworkMethod$1.runReflectiveCall(FrameworkMethod.java:59)
  at org.junit.internal.runners.model.ReflectiveCallable.run(ReflectiveCallable.java:12)
  at org.junit.runners.model.FrameworkMethod.invokeExplosively(FrameworkMethod.java:56)
  at org.junit.internal.runners.statements.InvokeMethod.evaluate(InvokeMethod.java:17)
  at org.junit.runners.ParentRunner$3.evaluate(ParentRunner.java:306)
  at org.junit.runners.BlockJUnit4ClassRunner$1.evaluate(BlockJUnit4ClassRunner.java:100)
  at org.junit.runners.ParentRunner.runLeaf(ParentRunner.java:366)
  at org.junit.runners.BlockJUnit4ClassRunner.runChild(BlockJUnit4ClassRunner.java:103)
  at org.junit.runners.BlockJUnit4ClassRunner.runChild(BlockJUnit4ClassRunner.java:63)
  at org.junit.runners.ParentRunner$4.run(ParentRunner.java:331)
  at org.junit.runners.ParentRunner$1.schedule(ParentRunner.java:79)
  at org.junit.runners.ParentRunner.runChildren(ParentRunner.java:329)
  at org.junit.runners.ParentRunner.access$100(ParentRunner.java:66)
  at org.junit.runners.ParentRunner$2.evaluate(ParentRunner.java:293)
  at org.junit.runners.ParentRunner$3.evaluate(ParentRunner.java:306)
  at org.junit.runners.ParentRunner.run(ParentRunner.java:413)
  at org.junit.runner.JUnitCore.run(JUnitCore.java:137)
  at org.junit.runner.JUnitCore.run(JUnitCore.java:115)
  at org.gradle.api.internal.tasks.testing.junit.JUnitTestExecutor.runRequest(JUnitTestExecutor.java:175)
  at org.gradle.api.internal.tasks.testing.junit.JUnitTestExecutor.accept(JUnitTestExecutor.java:84)
  at org.gradle.api.internal.tasks.testing.junit.JUnitTestExecutor.accept(JUnitTestExecutor.java:47)
  at org.gradle.api.internal.tasks.testing.junit.AbstractJUnitTestDefinitionProcessor.processTestDefinition(AbstractJUnitTestDefinitionProcessor.java:65)
  at org.gradle.api.internal.tasks.testing.SuiteTestDefinitionProcessor.processTestDefinition(SuiteTestDefinitionProcessor.java:54)
  at java.base/jdk.internal.reflect.DirectMethodHandleAccessor.invoke(DirectMethodHandleAccessor.java:104)
  at java.base/java.lang.reflect.Method.invoke(Method.java:565)
  at org.gradle.internal.dispatch.MethodInvocation.invokeOn(MethodInvocation.java:77)
  at org.gradle.internal.dispatch.ReflectionDispatch.dispatch(ReflectionDispatch.java:28)
  at org.gradle.internal.dispatch.ReflectionDispatch.dispatch(ReflectionDispatch.java:19)
  at org.gradle.internal.dispatch.ContextClassLoaderDispatch.dispatch(ContextClassLoaderDispatch.java:33)
  at org.gradle.internal.dispatch.ProxyDispatchAdapter$DispatchingInvocationHandler.invoke(ProxyDispatchAdapter.java:88)
  at jdk.proxy1/jdk.proxy1.$Proxy4.processTestDefinition(Unknown Source)
  at org.gradle.api.internal.tasks.testing.worker.TestWorker$2.run(TestWorker.java:178)
  at org.gradle.api.internal.tasks.testing.worker.TestWorker.executeAndMaintainThreadName(TestWorker.java:126)
  at org.gradle.api.internal.tasks.testing.worker.TestWorker.execute(TestWorker.java:103)
  at org.gradle.api.internal.tasks.testing.worker.TestWorker.execute(TestWorker.java:63)
  at org.gradle.process.internal.worker.child.ActionExecutionWorker.execute(ActionExecutionWorker.java:56)
  at org.gradle.process.internal.worker.child.SystemApplicationClassLoaderWorker.call(SystemApplicationClassLoaderWorker.java:122)
  at org.gradle.process.internal.worker.child.SystemApplicationClassLoaderWorker.call(SystemApplicationClassLoaderWorker.java:72)
  at worker.org.gradle.process.internal.worker.GradleWorkerMain.run(GradleWorkerMain.java:69)
  at worker.org.gradle.process.internal.worker.GradleWorkerMain.main(GradleWorkerMain.java:74)
</stacktrace>
</test-failure>


TypeScriptCompilerTests_I[jvm] > inferenceShouldFailOnEvolvingArrays_ts has expected errors matching inferenceShouldFailOnEvolvingArrays_errors_txt[jvm] FAILED

<test-failure test="com.xemantic.typescript.compiler.TypeScriptCompilerTests_I.incrementalInvalid_ts has expected errors matching incrementalInvalid_errors_txt" platform="jvm">
<message>
Expected diagnostics from baseline typescript-repo/tests/baselines/reference/incrementalInvalid.errors.txt but none produced
</message>
<stacktrace>
  at com.xemantic.typescript.compiler.TypeScriptTestSupportKt.errorsMatchBaseline(TypeScriptTestSupport.kt:125)
  at com.xemantic.typescript.compiler.TypeScriptCompilerTests_I.incrementalInvalid_ts has expected errors matching incrementalInvalid_errors_txt(TypeScriptCompilerTests_I.kt:2513)
  at java.base/jdk.internal.reflect.DirectMethodHandleAccessor.invoke(DirectMethodHandleAccessor.java:104)
  at java.base/java.lang.reflect.Method.invoke(Method.java:565)
  at org.junit.runners.model.FrameworkMethod$1.runReflectiveCall(FrameworkMethod.java:59)
  at org.junit.internal.runners.model.ReflectiveCallable.run(ReflectiveCallable.java:12)
  at org.junit.runners.model.FrameworkMethod.invokeExplosively(FrameworkMethod.java:56)
  at org.junit.internal.runners.statements.InvokeMethod.evaluate(InvokeMethod.java:17)
  at org.junit.runners.ParentRunner$3.evaluate(ParentRunner.java:306)
  at org.junit.runners.BlockJUnit4ClassRunner$1.evaluate(BlockJUnit4ClassRunner.java:100)
  at org.junit.runners.ParentRunner.runLeaf(ParentRunner.java:366)
  at org.junit.runners.BlockJUnit4ClassRunner.runChild(BlockJUnit4ClassRunner.java:103)
  at org.junit.runners.BlockJUnit4ClassRunner.runChild(BlockJUnit4ClassRunner.java:63)
  at org.junit.runners.ParentRunner$4.run(ParentRunner.java:331)
  at org.junit.runners.ParentRunner$1.schedule(ParentRunner.java:79)
  at org.junit.runners.ParentRunner.runChildren(ParentRunner.java:329)
  at org.junit.runners.ParentRunner.access$100(ParentRunner.java:66)
  at org.junit.runners.ParentRunner$2.evaluate(ParentRunner.java:293)
  at org.junit.runners.ParentRunner$3.evaluate(ParentRunner.java:306)
  at org.junit.runners.ParentRunner.run(ParentRunner.java:413)
  at org.junit.runner.JUnitCore.run(JUnitCore.java:137)
  at org.junit.runner.JUnitCore.run(JUnitCore.java:115)
  at org.gradle.api.internal.tasks.testing.junit.JUnitTestExecutor.runRequest(JUnitTestExecutor.java:175)
  at org.gradle.api.internal.tasks.testing.junit.JUnitTestExecutor.accept(JUnitTestExecutor.java:84)
  at org.gradle.api.internal.tasks.testing.junit.JUnitTestExecutor.accept(JUnitTestExecutor.java:47)
  at org.gradle.api.internal.tasks.testing.junit.AbstractJUnitTestDefinitionProcessor.processTestDefinition(AbstractJUnitTestDefinitionProcessor.java:65)
  at org.gradle.api.internal.tasks.testing.SuiteTestDefinitionProcessor.processTestDefinition(SuiteTestDefinitionProcessor.java:54)
  at java.base/jdk.internal.reflect.DirectMethodHandleAccessor.invoke(DirectMethodHandleAccessor.java:104)
  at java.base/java.lang.reflect.Method.invoke(Method.java:565)
  at org.gradle.internal.dispatch.MethodInvocation.invokeOn(MethodInvocation.java:77)
  at org.gradle.internal.dispatch.ReflectionDispatch.dispatch(ReflectionDispatch.java:28)
  at org.gradle.internal.dispatch.ReflectionDispatch.dispatch(ReflectionDispatch.java:19)
  at org.gradle.internal.dispatch.ContextClassLoaderDispatch.dispatch(ContextClassLoaderDispatch.java:33)
  at org.gradle.internal.dispatch.ProxyDispatchAdapter$DispatchingInvocationHandler.invoke(ProxyDispatchAdapter.java:88)
  at jdk.proxy1/jdk.proxy1.$Proxy4.processTestDefinition(Unknown Source)
  at org.gradle.api.internal.tasks.testing.worker.TestWorker$2.run(TestWorker.java:178)
  at org.gradle.api.internal.tasks.testing.worker.TestWorker.executeAndMaintainThreadName(TestWorker.java:126)
  at org.gradle.api.internal.tasks.testing.worker.TestWorker.execute(TestWorker.java:103)
  at org.gradle.api.internal.tasks.testing.worker.TestWorker.execute(TestWorker.java:63)
  at org.gradle.process.internal.worker.child.ActionExecutionWorker.execute(ActionExecutionWorker.java:56)
  at org.gradle.process.internal.worker.child.SystemApplicationClassLoaderWorker.call(SystemApplicationClassLoaderWorker.java:122)
  at org.gradle.process.internal.worker.child.SystemApplicationClassLoaderWorker.call(SystemApplicationClassLoaderWorker.java:72)
  at worker.org.gradle.process.internal.worker.GradleWorkerMain.run(GradleWorkerMain.java:69)
  at worker.org.gradle.process.internal.worker.GradleWorkerMain.main(GradleWorkerMain.java:74)
</stacktrace>
</test-failure>


TypeScriptCompilerTests_I[jvm] > incrementalInvalid_ts has expected errors matching incrementalInvalid_errors_txt[jvm] FAILED

<test-failure test="com.xemantic.typescript.compiler.TypeScriptCompilerTests_I.interfaceExtendsClassWithPrivate2_ts has expected errors matching interfaceExtendsClassWithPrivate2_errors_txt" platform="jvm">
<message>
--- expected
+++ actual
@@ -1,14 +1,10 @@
-interfaceExtendsClassWithPrivate2.ts(10,7): error TS2415: Class 'D' incorrectly extends base class 'C'.
-  Types have separate declarations of a private property 'x'.
-interfaceExtendsClassWithPrivate2.ts(10,7): error TS2420: Class 'D' incorrectly implements interface 'I'.
-  Types have separate declarations of a private property 'x'.
 interfaceExtendsClassWithPrivate2.ts(20,13): error TS2416: Property 'x' in type 'D2' is not assignable to the same property in base type 'C'.
   Type 'string' is not assignable to type 'number'.
 interfaceExtendsClassWithPrivate2.ts(20,13): error TS2416: Property 'x' in type 'D2' is not assignable to the same property in base type 'I'.
   Type 'string' is not assignable to type 'number'.
 
 
-==== interfaceExtendsClassWithPrivate2.ts (4 errors) ====
+==== interfaceExtendsClassWithPrivate2.ts (2 errors) ====
     class C {
         public foo(x: any) { return x; }
         private x = 1;
@@ -19,12 +15,6 @@
     }
     
     class D extends C implements I { // error
-          ~
-!!! error TS2415: Class 'D' incorrectly extends base class 'C'.
-!!! error TS2415:   Types have separate declarations of a private property 'x'.
-          ~
-!!! error TS2420: Class 'D' incorrectly implements interface 'I'.
-!!! error TS2420:   Types have separate declarations of a private property 'x'.
         public foo(x: any) { return x; }
         private x = 2;
         private y = 3;

</message>
<stacktrace>
  at org.junit.Assert.fail(Assert.java:89)
  at kotlin.test.junit.JUnitAsserter.fail(JUnitSupport.kt:56)
  at kotlin.test.AssertionsKt__AssertionsKt.fail(Assertions.kt:563)
  at kotlin.test.AssertionsKt.fail(Unknown Source)
  at com.xemantic.kotlin.test.SameAsKt.sameAs(SameAs.kt:52)
  at com.xemantic.typescript.compiler.TypeScriptTestSupportKt.errorsMatchBaseline(TypeScriptTestSupport.kt:135)
  at com.xemantic.typescript.compiler.TypeScriptCompilerTests_I.interfaceExtendsClassWithPrivate2_ts has expected errors matching interfaceExtendsClassWithPrivate2_errors_txt(TypeScriptCompilerTests_I.kt:5103)
  at java.base/jdk.internal.reflect.DirectMethodHandleAccessor.invoke(DirectMethodHandleAccessor.java:104)
  at java.base/java.lang.reflect.Method.invoke(Method.java:565)
  at org.junit.runners.model.FrameworkMethod$1.runReflectiveCall(FrameworkMethod.java:59)
  at org.junit.internal.runners.model.ReflectiveCallable.run(ReflectiveCallable.java:12)
  at org.junit.runners.model.FrameworkMethod.invokeExplosively(FrameworkMethod.java:56)
  at org.junit.internal.runners.statements.InvokeMethod.evaluate(InvokeMethod.java:17)
  at org.junit.runners.ParentRunner$3.evaluate(ParentRunner.java:306)
  at org.junit.runners.BlockJUnit4ClassRunner$1.evaluate(BlockJUnit4ClassRunner.java:100)
  at org.junit.runners.ParentRunner.runLeaf(ParentRunner.java:366)
  at org.junit.runners.BlockJUnit4ClassRunner.runChild(BlockJUnit4ClassRunner.java:103)
  at org.junit.runners.BlockJUnit4ClassRunner.runChild(BlockJUnit4ClassRunner.java:63)
  at org.junit.runners.ParentRunner$4.run(ParentRunner.java:331)
  at org.junit.runners.ParentRunner$1.schedule(ParentRunner.java:79)
  at org.junit.runners.ParentRunner.runChildren(ParentRunner.java:329)
  at org.junit.runners.ParentRunner.access$100(ParentRunner.java:66)
  at org.junit.runners.ParentRunner$2.evaluate(ParentRunner.java:293)
  at org.junit.runners.ParentRunner$3.evaluate(ParentRunner.java:306)
  at org.junit.runners.ParentRunner.run(ParentRunner.java:413)
  at org.junit.runner.JUnitCore.run(JUnitCore.java:137)
  at org.junit.runner.JUnitCore.run(JUnitCore.java:115)
  at org.gradle.api.internal.tasks.testing.junit.JUnitTestExecutor.runRequest(JUnitTestExecutor.java:175)
  at org.gradle.api.internal.tasks.testing.junit.JUnitTestExecutor.accept(JUnitTestExecutor.java:84)
  at org.gradle.api.internal.tasks.testing.junit.JUnitTestExecutor.accept(JUnitTestExecutor.java:47)
  at org.gradle.api.internal.tasks.testing.junit.AbstractJUnitTestDefinitionProcessor.processTestDefinition(AbstractJUnitTestDefinitionProcessor.java:65)
  at org.gradle.api.internal.tasks.testing.SuiteTestDefinitionProcessor.processTestDefinition(SuiteTestDefinitionProcessor.java:54)
  at java.base/jdk.internal.reflect.DirectMethodHandleAccessor.invoke(DirectMethodHandleAccessor.java:104)
  at java.base/java.lang.reflect.Method.invoke(Method.java:565)
  at org.gradle.internal.dispatch.MethodInvocation.invokeOn(MethodInvocation.java:77)
  at org.gradle.internal.dispatch.ReflectionDispatch.dispatch(ReflectionDispatch.java:28)
  at org.gradle.internal.dispatch.ReflectionDispatch.dispatch(ReflectionDispatch.java:19)
  at org.gradle.internal.dispatch.ContextClassLoaderDispatch.dispatch(ContextClassLoaderDispatch.java:33)
  at org.gradle.internal.dispatch.ProxyDispatchAdapter$DispatchingInvocationHandler.invoke(ProxyDispatchAdapter.java:88)
  at jdk.proxy1/jdk.proxy1.$Proxy4.processTestDefinition(Unknown Source)
  at org.gradle.api.internal.tasks.testing.worker.TestWorker$2.run(TestWorker.java:178)
  at org.gradle.api.internal.tasks.testing.worker.TestWorker.executeAndMaintainThreadName(TestWorker.java:126)
  at org.gradle.api.internal.tasks.testing.worker.TestWorker.execute(TestWorker.java:103)
  at org.gradle.api.internal.tasks.testing.worker.TestWorker.execute(TestWorker.java:63)
  at org.gradle.process.internal.worker.child.ActionExecutionWorker.execute(ActionExecutionWorker.java:56)
  at org.gradle.process.internal.worker.child.SystemApplicationClassLoaderWorker.call(SystemApplicationClassLoaderWorker.java:122)
  at org.gradle.process.internal.worker.child.SystemApplicationClassLoaderWorker.call(SystemApplicationClassLoaderWorker.java:72)
  at worker.org.gradle.process.internal.worker.GradleWorkerMain.run(GradleWorkerMain.java:69)
  at worker.org.gradle.process.internal.worker.GradleWorkerMain.main(GradleWorkerMain.java:74)
</stacktrace>
</test-failure>


TypeScriptCompilerTests_I[jvm] > interfaceExtendsClassWithPrivate2_ts has expected errors matching interfaceExtendsClassWithPrivate2_errors_txt[jvm] FAILED

<test-failure test="com.xemantic.typescript.compiler.TypeScriptCompilerTests_I.importDeclWithExportModifierAndExportAssignment_ts has expected errors matching importDeclWithExportModifierAndExportAssignment_errors_txt" platform="jvm">
<message>
--- expected
+++ actual
@@ -1,18 +1,12 @@
-importDeclWithExportModifierAndExportAssignment.ts(5,19): error TS2708: Cannot use namespace 'x' as a value.
-importDeclWithExportModifierAndExportAssignment.ts(5,21): error TS2694: Namespace 'x' has no exported member 'c'.
 importDeclWithExportModifierAndExportAssignment.ts(6,1): error TS2309: An export assignment cannot be used in a module with other exported elements.
 
 
-==== importDeclWithExportModifierAndExportAssignment.ts (3 errors) ====
+==== importDeclWithExportModifierAndExportAssignment.ts (1 errors) ====
     namespace x {
         interface c {
         }
     }
     export import a = x.c;
-                      ~
-!!! error TS2708: Cannot use namespace 'x' as a value.
-                        ~
-!!! error TS2694: Namespace 'x' has no exported member 'c'.
     export = x;
     ~~~~~~~~~~~
 !!! error TS2309: An export assignment cannot be used in a module with other exported elements.

</message>
<stacktrace>
  at org.junit.Assert.fail(Assert.java:89)
  at kotlin.test.junit.JUnitAsserter.fail(JUnitSupport.kt:56)
  at kotlin.test.AssertionsKt__AssertionsKt.fail(Assertions.kt:563)
  at kotlin.test.AssertionsKt.fail(Unknown Source)
  at com.xemantic.kotlin.test.SameAsKt.sameAs(SameAs.kt:52)
  at com.xemantic.typescript.compiler.TypeScriptTestSupportKt.errorsMatchBaseline(TypeScriptTestSupport.kt:135)
  at com.xemantic.typescript.compiler.TypeScriptCompilerTests_I.importDeclWithExportModifierAndExportAssignment_ts has expected errors matching importDeclWithExportModifierAndExportAssignment_errors_txt(TypeScriptCompilerTests_I.kt:994)
  at java.base/jdk.internal.reflect.DirectMethodHandleAccessor.invoke(DirectMethodHandleAccessor.java:104)
  at java.base/java.lang.reflect.Method.invoke(Method.java:565)
  at org.junit.runners.model.FrameworkMethod$1.runReflectiveCall(FrameworkMethod.java:59)
  at org.junit.internal.runners.model.ReflectiveCallable.run(ReflectiveCallable.java:12)
  at org.junit.runners.model.FrameworkMethod.invokeExplosively(FrameworkMethod.java:56)
  at org.junit.internal.runners.statements.InvokeMethod.evaluate(InvokeMethod.java:17)
  at org.junit.runners.ParentRunner$3.evaluate(ParentRunner.java:306)
  at org.junit.runners.BlockJUnit4ClassRunner$1.evaluate(BlockJUnit4ClassRunner.java:100)
  at org.junit.runners.ParentRunner.runLeaf(ParentRunner.java:366)
  at org.junit.runners.BlockJUnit4ClassRunner.runChild(BlockJUnit4ClassRunner.java:103)
  at org.junit.runners.BlockJUnit4ClassRunner.runChild(BlockJUnit4ClassRunner.java:63)
  at org.junit.runners.ParentRunner$4.run(ParentRunner.java:331)
  at org.junit.runners.ParentRunner$1.schedule(ParentRunner.java:79)
  at org.junit.runners.ParentRunner.runChildren(ParentRunner.java:329)
  at org.junit.runners.ParentRunner.access$100(ParentRunner.java:66)
  at org.junit.runners.ParentRunner$2.evaluate(ParentRunner.java:293)
  at org.junit.runners.ParentRunner$3.evaluate(ParentRunner.java:306)
  at org.junit.runners.ParentRunner.run(ParentRunner.java:413)
  at org.junit.runner.JUnitCore.run(JUnitCore.java:137)
  at org.junit.runner.JUnitCore.run(JUnitCore.java:115)
  at org.gradle.api.internal.tasks.testing.junit.JUnitTestExecutor.runRequest(JUnitTestExecutor.java:175)
  at org.gradle.api.internal.tasks.testing.junit.JUnitTestExecutor.accept(JUnitTestExecutor.java:84)
  at org.gradle.api.internal.tasks.testing.junit.JUnitTestExecutor.accept(JUnitTestExecutor.java:47)
  at org.gradle.api.internal.tasks.testing.junit.AbstractJUnitTestDefinitionProcessor.processTestDefinition(AbstractJUnitTestDefinitionProcessor.java:65)
  at org.gradle.api.internal.tasks.testing.SuiteTestDefinitionProcessor.processTestDefinition(SuiteTestDefinitionProcessor.java:54)
  at java.base/jdk.internal.reflect.DirectMethodHandleAccessor.invoke(DirectMethodHandleAccessor.java:104)
  at java.base/java.lang.reflect.Method.invoke(Method.java:565)
  at org.gradle.internal.dispatch.MethodInvocation.invokeOn(MethodInvocation.java:77)
  at org.gradle.internal.dispatch.ReflectionDispatch.dispatch(ReflectionDispatch.java:28)
  at org.gradle.internal.dispatch.ReflectionDispatch.dispatch(ReflectionDispatch.java:19)
  at org.gradle.internal.dispatch.ContextClassLoaderDispatch.dispatch(ContextClassLoaderDispatch.java:33)
  at org.gradle.internal.dispatch.ProxyDispatchAdapter$DispatchingInvocationHandler.invoke(ProxyDispatchAdapter.java:88)
  at jdk.proxy1/jdk.proxy1.$Proxy4.processTestDefinition(Unknown Source)
  at org.gradle.api.internal.tasks.testing.worker.TestWorker$2.run(TestWorker.java:178)
  at org.gradle.api.internal.tasks.testing.worker.TestWorker.executeAndMaintainThreadName(TestWorker.java:126)
  at org.gradle.api.internal.tasks.testing.worker.TestWorker.execute(TestWorker.java:103)
  at org.gradle.api.internal.tasks.testing.worker.TestWorker.execute(TestWorker.java:63)
  at org.gradle.process.internal.worker.child.ActionExecutionWorker.execute(ActionExecutionWorker.java:56)
  at org.gradle.process.internal.worker.child.SystemApplicationClassLoaderWorker.call(SystemApplicationClassLoaderWorker.java:122)
  at org.gradle.process.internal.worker.child.SystemApplicationClassLoaderWorker.call(SystemApplicationClassLoaderWorker.java:72)
  at worker.org.gradle.process.internal.worker.GradleWorkerMain.run(GradleWorkerMain.java:69)
  at worker.org.gradle.process.internal.worker.GradleWorkerMain.main(GradleWorkerMain.java:74)
</stacktrace>
</test-failure>


TypeScriptCompilerTests_I[jvm] > importDeclWithExportModifierAndExportAssignment_ts has expected errors matching importDeclWithExportModifierAndExportAssignment_errors_txt[jvm] FAILED

<test-failure test="com.xemantic.typescript.compiler.TypeScriptCompilerTests_I.interfaceImplementation8_ts has expected errors matching interfaceImplementation8_errors_txt" platform="jvm">
<message>
--- expected
+++ actual
@@ -1,16 +1,18 @@
 interfaceImplementation8.ts(9,12): error TS2564: Property 'name' has no initializer and is not definitely assigned in the constructor.
-interfaceImplementation8.ts(12,7): error TS2420: Class 'C2' incorrectly implements interface 'i1'.
-  Property 'name' is private in type 'C2' but not in type 'i1'.
 interfaceImplementation8.ts(13,13): error TS2564: Property 'name' has no initializer and is not definitely assigned in the constructor.
+interfaceImplementation8.ts(20,7): error TS2420: Class 'C4' incorrectly implements interface 'i1'.
+  Property 'name' is missing in type 'C4' but required in type 'i1'.
 interfaceImplementation8.ts(21,7): error TS2420: Class 'C5' incorrectly implements interface 'i1'.
-  Property 'name' is private in type 'C2' but not in type 'i1'.
+  Property 'name' is missing in type 'C5' but required in type 'i1'.
 interfaceImplementation8.ts(22,7): error TS2420: Class 'C6' incorrectly implements interface 'i1'.
-  Property 'name' is private in type 'C3' but not in type 'i1'.
+  Property 'name' is missing in type 'C6' but required in type 'i1'.
 interfaceImplementation8.ts(34,12): error TS2564: Property 'name' has no initializer and is not definitely assigned in the constructor.
+interfaceImplementation8.ts(37,7): error TS2420: Class 'C8' incorrectly implements interface 'i2'.
+  Property 'name' is missing in type 'C8' but required in type 'i2'.
 interfaceImplementation8.ts(38,12): error TS2564: Property 'age' has no initializer and is not definitely assigned in the constructor.
 
 
-==== interfaceImplementation8.ts (7 errors) ====
+==== interfaceImplementation8.ts (8 errors) ====
     /*
         1
     */
@@ -25,9 +27,6 @@
     }
     
     class C2 implements i1 {
-          ~~
-!!! error TS2420: Class 'C2' incorrectly implements interface 'i1'.
-!!! error TS2420:   Property 'name' is private in type 'C2' but not in type 'i1'.
         private name:string;
                 ~~~~
 !!! error TS2564: Property 'name' has no initializer and is not definitely assigned in the constructor.
@@ -38,14 +37,20 @@
     }
     
     class C4 extends C1 implements i1{ }
+          ~~
+!!! error TS2420: Class 'C4' incorrectly implements interface 'i1'.
+!!! error TS2420:   Property 'name' is missing in type 'C4' but required in type 'i1'.
+!!! related TS2728 interfaceImplementation8.ts:5:5: 'name' is declared here.
     class C5 extends C2 implements i1{ }
           ~~
 !!! error TS2420: Class 'C5' incorrectly implements interface 'i1'.
-!!! error TS2420:   Property 'name' is private in type 'C2' but not in type 'i1'.
+!!! error TS2420:   Property 'name' is missing in type 'C5' but required in type 'i1'.
+!!! related TS2728 interfaceImplementation8.ts:5:5: 'name' is declared here.
     class C6 extends C3 implements i1{ }
           ~~
 !!! error TS2420: Class 'C6' incorrectly implements interface 'i1'.
-!!! error TS2420:   Property 'name' is private in type 'C3' but not in type 'i1'.
+!!! error TS2420:   Property 'name' is missing in type 'C6' but required in type 'i1'.
+!!! related TS2728 interfaceImplementation8.ts:5:5: 'name' is declared here.
     
     /*
         2
@@ -63,6 +68,10 @@
     }
     
     class C8 extends C7 implements i2{
+          ~~
+!!! error TS2420: Class 'C8' incorrectly implements interface 'i2'.
+!!! error TS2420:   Property 'name' is missing in type 'C8' but required in type 'i2'.
+!!! related TS2728 interfaceImplementation8.ts:29:5: 'name' is declared here.
         public age:number;
                ~~~
 !!! error TS2564: Property 'age' has no initializer and is not definitely assigned in the constructor.

</message>
<stacktrace>
  at org.junit.Assert.fail(Assert.java:89)
  at kotlin.test.junit.JUnitAsserter.fail(JUnitSupport.kt:56)
  at kotlin.test.AssertionsKt__AssertionsKt.fail(Assertions.kt:563)
  at kotlin.test.AssertionsKt.fail(Unknown Source)
  at com.xemantic.kotlin.test.SameAsKt.sameAs(SameAs.kt:52)
  at com.xemantic.typescript.compiler.TypeScriptTestSupportKt.errorsMatchBaseline(TypeScriptTestSupport.kt:135)
  at com.xemantic.typescript.compiler.TypeScriptCompilerTests_I.interfaceImplementation8_ts has expected errors matching interfaceImplementation8_errors_txt(TypeScriptCompilerTests_I.kt:5208)
  at java.base/jdk.internal.reflect.DirectMethodHandleAccessor.invoke(DirectMethodHandleAccessor.java:104)
  at java.base/java.lang.reflect.Method.invoke(Method.java:565)
  at org.junit.runners.model.FrameworkMethod$1.runReflectiveCall(FrameworkMethod.java:59)
  at org.junit.internal.runners.model.ReflectiveCallable.run(ReflectiveCallable.java:12)
  at org.junit.runners.model.FrameworkMethod.invokeExplosively(FrameworkMethod.java:56)
  at org.junit.internal.runners.statements.InvokeMethod.evaluate(InvokeMethod.java:17)
  at org.junit.runners.ParentRunner$3.evaluate(ParentRunner.java:306)
  at org.junit.runners.BlockJUnit4ClassRunner$1.evaluate(BlockJUnit4ClassRunner.java:100)
  at org.junit.runners.ParentRunner.runLeaf(ParentRunner.java:366)
  at org.junit.runners.BlockJUnit4ClassRunner.runChild(BlockJUnit4ClassRunner.java:103)
  at org.junit.runners.BlockJUnit4ClassRunner.runChild(BlockJUnit4ClassRunner.java:63)
  at org.junit.runners.ParentRunner$4.run(ParentRunner.java:331)
  at org.junit.runners.ParentRunner$1.schedule(ParentRunner.java:79)
  at org.junit.runners.ParentRunner.runChildren(ParentRunner.java:329)
  at org.junit.runners.ParentRunner.access$100(ParentRunner.java:66)
  at org.junit.runners.ParentRunner$2.evaluate(ParentRunner.java:293)
  at org.junit.runners.ParentRunner$3.evaluate(ParentRunner.java:306)
  at org.junit.runners.ParentRunner.run(ParentRunner.java:413)
  at org.junit.runner.JUnitCore.run(JUnitCore.java:137)
  at org.junit.runner.JUnitCore.run(JUnitCore.java:115)
  at org.gradle.api.internal.tasks.testing.junit.JUnitTestExecutor.runRequest(JUnitTestExecutor.java:175)
  at org.gradle.api.internal.tasks.testing.junit.JUnitTestExecutor.accept(JUnitTestExecutor.java:84)
  at org.gradle.api.internal.tasks.testing.junit.JUnitTestExecutor.accept(JUnitTestExecutor.java:47)
  at org.gradle.api.internal.tasks.testing.junit.AbstractJUnitTestDefinitionProcessor.processTestDefinition(AbstractJUnitTestDefinitionProcessor.java:65)
  at org.gradle.api.internal.tasks.testing.SuiteTestDefinitionProcessor.processTestDefinition(SuiteTestDefinitionProcessor.java:54)
  at java.base/jdk.internal.reflect.DirectMethodHandleAccessor.invoke(DirectMethodHandleAccessor.java:104)
  at java.base/java.lang.reflect.Method.invoke(Method.java:565)
  at org.gradle.internal.dispatch.MethodInvocation.invokeOn(MethodInvocation.java:77)
  at org.gradle.internal.dispatch.ReflectionDispatch.dispatch(ReflectionDispatch.java:28)
  at org.gradle.internal.dispatch.ReflectionDispatch.dispatch(ReflectionDispatch.java:19)
  at org.gradle.internal.dispatch.ContextClassLoaderDispatch.dispatch(ContextClassLoaderDispatch.java:33)
  at org.gradle.internal.dispatch.ProxyDispatchAdapter$DispatchingInvocationHandler.invoke(ProxyDispatchAdapter.java:88)
  at jdk.proxy1/jdk.proxy1.$Proxy4.processTestDefinition(Unknown Source)
  at org.gradle.api.internal.tasks.testing.worker.TestWorker$2.run(TestWorker.java:178)
  at org.gradle.api.internal.tasks.testing.worker.TestWorker.executeAndMaintainThreadName(TestWorker.java:126)
  at org.gradle.api.internal.tasks.testing.worker.TestWorker.execute(TestWorker.java:103)
  at org.gradle.api.internal.tasks.testing.worker.TestWorker.execute(TestWorker.java:63)
  at org.gradle.process.internal.worker.child.ActionExecutionWorker.execute(ActionExecutionWorker.java:56)
  at org.gradle.process.internal.worker.child.SystemApplicationClassLoaderWorker.call(SystemApplicationClassLoaderWorker.java:122)
  at org.gradle.process.internal.worker.child.SystemApplicationClassLoaderWorker.call(SystemApplicationClassLoaderWorker.java:72)
  at worker.org.gradle.process.internal.worker.GradleWorkerMain.run(GradleWorkerMain.java:69)
  at worker.org.gradle.process.internal.worker.GradleWorkerMain.main(GradleWorkerMain.java:74)
</stacktrace>
</test-failure>


TypeScriptCompilerTests_I[jvm] > interfaceImplementation8_ts has expected errors matching interfaceImplementation8_errors_txt[jvm] FAILED

<test-failure test="com.xemantic.typescript.compiler.TypeScriptCompilerTests_I.interfaceDeclaration1_ts has expected errors matching interfaceDeclaration1_errors_txt" platform="jvm">
<message>
--- expected
+++ actual
@@ -2,18 +2,12 @@
 interfaceDeclaration1.ts(3,5): error TS2300: Duplicate identifier 'item'.
 interfaceDeclaration1.ts(7,5): error TS2300: Duplicate identifier 'item'.
 interfaceDeclaration1.ts(8,5): error TS2300: Duplicate identifier 'item'.
-interfaceDeclaration1.ts(8,5): error TS2717: Subsequent property declarations must have the same type.  Property 'item' must be of type 'any', but here has type 'number'.
-interfaceDeclaration1.ts(22,11): error TS2310: Type 'I5' recursively references itself as a base type.
 interfaceDeclaration1.ts(33,1): error TS2454: Variable 'v1' is used before being assigned.
 interfaceDeclaration1.ts(35,7): error TS2420: Class 'C1' incorrectly implements interface 'I3'.
   Property 'prototype' is missing in type 'C1' but required in type 'I3'.
-interfaceDeclaration1.ts(41,11): error TS2310: Type 'i8' recursively references itself as a base type.
-interfaceDeclaration1.ts(42,11): error TS2310: Type 'i9' recursively references itself as a base type.
-interfaceDeclaration1.ts(52,11): error TS2320: Interface 'i12' cannot simultaneously extend types 'i10' and 'i11'.
-  Named property 'foo' of types 'i10' and 'i11' are not identical.
 
 
-==== interfaceDeclaration1.ts (11 errors) ====
+==== interfaceDeclaration1.ts (6 errors) ====
     interface I1 {
         item:number;
         ~~~~
@@ -30,9 +24,6 @@
         item:number;
         ~~~~
 !!! error TS2300: Duplicate identifier 'item'.
-        ~~~~
-!!! error TS2717: Subsequent property declarations must have the same type.  Property 'item' must be of type 'any', but here has type 'number'.
-!!! related TS6203 interfaceDeclaration1.ts:7:5: 'item' was also declared here.
     }
     
     interface I3 {
@@ -47,8 +38,6 @@
     }
     
     interface I5 extends I5 { 
-              ~~
-!!! error TS2310: Type 'I5' recursively references itself as a base type.
         foo():void;
     }
     
@@ -74,11 +63,7 @@
     }
     
     interface i8 extends i9 { }
-              ~~
-!!! error TS2310: Type 'i8' recursively references itself as a base type.
     interface i9 extends i8 { }
-              ~~
-!!! error TS2310: Type 'i9' recursively references itself as a base type.
     
     interface i10 {
     	foo():number;
@@ -89,6 +74,3 @@
     }
     
     interface i12 extends i10, i11 { }
-              ~~~
-!!! error TS2320: Interface 'i12' cannot simultaneously extend types 'i10' and 'i11'.
-!!! error TS2320:   Named property 'foo' of types 'i10' and 'i11' are not identical.

</message>
<stacktrace>
  at org.junit.Assert.fail(Assert.java:89)
  at kotlin.test.junit.JUnitAsserter.fail(JUnitSupport.kt:56)
  at kotlin.test.AssertionsKt__AssertionsKt.fail(Assertions.kt:563)
  at kotlin.test.AssertionsKt.fail(Unknown Source)
  at com.xemantic.kotlin.test.SameAsKt.sameAs(SameAs.kt:52)
  at com.xemantic.typescript.compiler.TypeScriptTestSupportKt.errorsMatchBaseline(TypeScriptTestSupport.kt:135)
  at com.xemantic.typescript.compiler.TypeScriptCompilerTests_I.interfaceDeclaration1_ts has expected errors matching interfaceDeclaration1_errors_txt(TypeScriptCompilerTests_I.kt:5005)
  at java.base/jdk.internal.reflect.DirectMethodHandleAccessor.invoke(DirectMethodHandleAccessor.java:104)
  at java.base/java.lang.reflect.Method.invoke(Method.java:565)
  at org.junit.runners.model.FrameworkMethod$1.runReflectiveCall(FrameworkMethod.java:59)
  at org.junit.internal.runners.model.ReflectiveCallable.run(ReflectiveCallable.java:12)
  at org.junit.runners.model.FrameworkMethod.invokeExplosively(FrameworkMethod.java:56)
  at org.junit.internal.runners.statements.InvokeMethod.evaluate(InvokeMethod.java:17)
  at org.junit.runners.ParentRunner$3.evaluate(ParentRunner.java:306)
  at org.junit.runners.BlockJUnit4ClassRunner$1.evaluate(BlockJUnit4ClassRunner.java:100)
  at org.junit.runners.ParentRunner.runLeaf(ParentRunner.java:366)
  at org.junit.runners.BlockJUnit4ClassRunner.runChild(BlockJUnit4ClassRunner.java:103)
  at org.junit.runners.BlockJUnit4ClassRunner.runChild(BlockJUnit4ClassRunner.java:63)
  at org.junit.runners.ParentRunner$4.run(ParentRunner.java:331)
  at org.junit.runners.ParentRunner$1.schedule(ParentRunner.java:79)
  at org.junit.runners.ParentRunner.runChildren(ParentRunner.java:329)
  at org.junit.runners.ParentRunner.access$100(ParentRunner.java:66)
  at org.junit.runners.ParentRunner$2.evaluate(ParentRunner.java:293)
  at org.junit.runners.ParentRunner$3.evaluate(ParentRunner.java:306)
  at org.junit.runners.ParentRunner.run(ParentRunner.java:413)
  at org.junit.runner.JUnitCore.run(JUnitCore.java:137)
  at org.junit.runner.JUnitCore.run(JUnitCore.java:115)
  at org.gradle.api.internal.tasks.testing.junit.JUnitTestExecutor.runRequest(JUnitTestExecutor.java:175)
  at org.gradle.api.internal.tasks.testing.junit.JUnitTestExecutor.accept(JUnitTestExecutor.java:84)
  at org.gradle.api.internal.tasks.testing.junit.JUnitTestExecutor.accept(JUnitTestExecutor.java:47)
  at org.gradle.api.internal.tasks.testing.junit.AbstractJUnitTestDefinitionProcessor.processTestDefinition(AbstractJUnitTestDefinitionProcessor.java:65)
  at org.gradle.api.internal.tasks.testing.SuiteTestDefinitionProcessor.processTestDefinition(SuiteTestDefinitionProcessor.java:54)
  at java.base/jdk.internal.reflect.DirectMethodHandleAccessor.invoke(DirectMethodHandleAccessor.java:104)
  at java.base/java.lang.reflect.Method.invoke(Method.java:565)
  at org.gradle.internal.dispatch.MethodInvocation.invokeOn(MethodInvocation.java:77)
  at org.gradle.internal.dispatch.ReflectionDispatch.dispatch(ReflectionDispatch.java:28)
  at org.gradle.internal.dispatch.ReflectionDispatch.dispatch(ReflectionDispatch.java:19)
  at org.gradle.internal.dispatch.ContextClassLoaderDispatch.dispatch(ContextClassLoaderDispatch.java:33)
  at org.gradle.internal.dispatch.ProxyDispatchAdapter$DispatchingInvocationHandler.invoke(ProxyDispatchAdapter.java:88)
  at jdk.proxy1/jdk.proxy1.$Proxy4.processTestDefinition(Unknown Source)
  at org.gradle.api.internal.tasks.testing.worker.TestWorker$2.run(TestWorker.java:178)
  at org.gradle.api.internal.tasks.testing.worker.TestWorker.executeAndMaintainThreadName(TestWorker.java:126)
  at org.gradle.api.internal.tasks.testing.worker.TestWorker.execute(TestWorker.java:103)
  at org.gradle.api.internal.tasks.testing.worker.TestWorker.execute(TestWorker.java:63)
  at org.gradle.process.internal.worker.child.ActionExecutionWorker.execute(ActionExecutionWorker.java:56)
  at org.gradle.process.internal.worker.child.SystemApplicationClassLoaderWorker.call(SystemApplicationClassLoaderWorker.java:122)
  at org.gradle.process.internal.worker.child.SystemApplicationClassLoaderWorker.call(SystemApplicationClassLoaderWorker.java:72)
  at worker.org.gradle.process.internal.worker.GradleWorkerMain.run(GradleWorkerMain.java:69)
  at worker.org.gradle.process.internal.worker.GradleWorkerMain.main(GradleWorkerMain.java:74)
</stacktrace>
</test-failure>


TypeScriptCompilerTests_I[jvm] > interfaceDeclaration1_ts has expected errors matching interfaceDeclaration1_errors_txt[jvm] FAILED

<test-failure test="com.xemantic.typescript.compiler.TypeScriptCompilerTests_I.inheritanceMemberFuncOverridingProperty_ts has expected errors matching inheritanceMemberFuncOverridingProperty_errors_txt" platform="jvm">
<message>
Expected diagnostics from baseline typescript-repo/tests/baselines/reference/inheritanceMemberFuncOverridingProperty.errors.txt but none produced
</message>
<stacktrace>
  at com.xemantic.typescript.compiler.TypeScriptTestSupportKt.errorsMatchBaseline(TypeScriptTestSupport.kt:125)
  at com.xemantic.typescript.compiler.TypeScriptCompilerTests_I.inheritanceMemberFuncOverridingProperty_ts has expected errors matching inheritanceMemberFuncOverridingProperty_errors_txt(TypeScriptCompilerTests_I.kt:4060)
  at java.base/jdk.internal.reflect.DirectMethodHandleAccessor.invoke(DirectMethodHandleAccessor.java:104)
  at java.base/java.lang.reflect.Method.invoke(Method.java:565)
  at org.junit.runners.model.FrameworkMethod$1.runReflectiveCall(FrameworkMethod.java:59)
  at org.junit.internal.runners.model.ReflectiveCallable.run(ReflectiveCallable.java:12)
  at org.junit.runners.model.FrameworkMethod.invokeExplosively(FrameworkMethod.java:56)
  at org.junit.internal.runners.statements.InvokeMethod.evaluate(InvokeMethod.java:17)
  at org.junit.runners.ParentRunner$3.evaluate(ParentRunner.java:306)
  at org.junit.runners.BlockJUnit4ClassRunner$1.evaluate(BlockJUnit4ClassRunner.java:100)
  at org.junit.runners.ParentRunner.runLeaf(ParentRunner.java:366)
  at org.junit.runners.BlockJUnit4ClassRunner.runChild(BlockJUnit4ClassRunner.java:103)
  at org.junit.runners.BlockJUnit4ClassRunner.runChild(BlockJUnit4ClassRunner.java:63)
  at org.junit.runners.ParentRunner$4.run(ParentRunner.java:331)
  at org.junit.runners.ParentRunner$1.schedule(ParentRunner.java:79)
  at org.junit.runners.ParentRunner.runChildren(ParentRunner.java:329)
  at org.junit.runners.ParentRunner.access$100(ParentRunner.java:66)
  at org.junit.runners.ParentRunner$2.evaluate(ParentRunner.java:293)
  at org.junit.runners.ParentRunner$3.evaluate(ParentRunner.java:306)
  at org.junit.runners.ParentRunner.run(ParentRunner.java:413)
  at org.junit.runner.JUnitCore.run(JUnitCore.java:137)
  at org.junit.runner.JUnitCore.run(JUnitCore.java:115)
  at org.gradle.api.internal.tasks.testing.junit.JUnitTestExecutor.runRequest(JUnitTestExecutor.java:175)
  at org.gradle.api.internal.tasks.testing.junit.JUnitTestExecutor.accept(JUnitTestExecutor.java:84)
  at org.gradle.api.internal.tasks.testing.junit.JUnitTestExecutor.accept(JUnitTestExecutor.java:47)
  at org.gradle.api.internal.tasks.testing.junit.AbstractJUnitTestDefinitionProcessor.processTestDefinition(AbstractJUnitTestDefinitionProcessor.java:65)
  at org.gradle.api.internal.tasks.testing.SuiteTestDefinitionProcessor.processTestDefinition(SuiteTestDefinitionProcessor.java:54)
  at java.base/jdk.internal.reflect.DirectMethodHandleAccessor.invoke(DirectMethodHandleAccessor.java:104)
  at java.base/java.lang.reflect.Method.invoke(Method.java:565)
  at org.gradle.internal.dispatch.MethodInvocation.invokeOn(MethodInvocation.java:77)
  at org.gradle.internal.dispatch.ReflectionDispatch.dispatch(ReflectionDispatch.java:28)
  at org.gradle.internal.dispatch.ReflectionDispatch.dispatch(ReflectionDispatch.java:19)
  at org.gradle.internal.dispatch.ContextClassLoaderDispatch.dispatch(ContextClassLoaderDispatch.java:33)
  at org.gradle.internal.dispatch.ProxyDispatchAdapter$DispatchingInvocationHandler.invoke(ProxyDispatchAdapter.java:88)
  at jdk.proxy1/jdk.proxy1.$Proxy4.processTestDefinition(Unknown Source)
  at org.gradle.api.internal.tasks.testing.worker.TestWorker$2.run(TestWorker.java:178)
  at org.gradle.api.internal.tasks.testing.worker.TestWorker.executeAndMaintainThreadName(TestWorker.java:126)
  at org.gradle.api.internal.tasks.testing.worker.TestWorker.execute(TestWorker.java:103)
  at org.gradle.api.internal.tasks.testing.worker.TestWorker.execute(TestWorker.java:63)
  at org.gradle.process.internal.worker.child.ActionExecutionWorker.execute(ActionExecutionWorker.java:56)
  at org.gradle.process.internal.worker.child.SystemApplicationClassLoaderWorker.call(SystemApplicationClassLoaderWorker.java:122)
  at org.gradle.process.internal.worker.child.SystemApplicationClassLoaderWorker.call(SystemApplicationClassLoaderWorker.java:72)
  at worker.org.gradle.process.internal.worker.GradleWorkerMain.run(GradleWorkerMain.java:69)
  at worker.org.gradle.process.internal.worker.GradleWorkerMain.main(GradleWorkerMain.java:74)
</stacktrace>
</test-failure>


TypeScriptCompilerTests_I[jvm] > inheritanceMemberFuncOverridingProperty_ts has expected errors matching inheritanceMemberFuncOverridingProperty_errors_txt[jvm] FAILED

<test-failure test="com.xemantic.typescript.compiler.TypeScriptCompilerTests_I.inferTypePredicates_ts has expected errors matching inferTypePredicates_errors_txt" platform="jvm">
<message>
--- expected
+++ actual
@@ -1,42 +1,14 @@
-inferTypePredicates.ts(4,7): error TS2322: Type '(number | null)[]' is not assignable to type 'number[]'.
-  Type 'number | null' is not assignable to type 'number'.
-    Type 'null' is not assignable to type 'number'.
-inferTypePredicates.ts(7,7): error TS2322: Type '(number | null)[]' is not assignable to type 'number[]'.
-  Type 'number | null' is not assignable to type 'number'.
-    Type 'null' is not assignable to type 'number'.
-inferTypePredicates.ts(14,7): error TS2322: Type '(number | null)[]' is not assignable to type 'number[]'.
-  Type 'number | null' is not assignable to type 'number'.
-    Type 'null' is not assignable to type 'number'.
-inferTypePredicates.ts(52,17): error TS18048: 'arr' is possibly 'undefined'.
-inferTypePredicates.ts(54,28): error TS2345: Argument of type 'string | undefined' is not assignable to parameter of type 'string'.
-  Type 'undefined' is not assignable to type 'string'.
-inferTypePredicates.ts(65,28): error TS2345: Argument of type 'string | undefined' is not assignable to parameter of type 'string'.
-  Type 'undefined' is not assignable to type 'string'.
-inferTypePredicates.ts(90,8): error TS2345: Argument of type 'number' is not assignable to parameter of type 'string'.
-inferTypePredicates.ts(113,7): error TS2322: Type 'string | number' is not assignable to type 'string'.
-  Type 'number' is not assignable to type 'string'.
-inferTypePredicates.ts(115,7): error TS2322: Type 'string | number' is not assignable to type 'number'.
-  Type 'string' is not assignable to type 'number'.
-inferTypePredicates.ts(133,7): error TS2740: Type '{}' is missing the following properties from type 'Date': toDateString, toTimeString, toLocaleDateString, toLocaleTimeString, and 38 more.
-inferTypePredicates.ts(205,7): error TS2741: Property 'z' is missing in type 'C1' but required in type 'C2'.
+inferTypePredicates.ts(230,7): error TS2322: Type 'string' is not assignable to type 'never'.
 
 
-==== inferTypePredicates.ts (11 errors) ====
+==== inferTypePredicates.ts (1 errors) ====
     // https://github.com/microsoft/TypeScript/issues/16069
     
     const numsOrNull = [1, 2, 3, 4, null];
     const filteredNumsTruthy: number[] = numsOrNull.filter(x => !!x);  // should error
-          ~~~~~~~~~~~~~~~~~~
-!!! error TS2322: Type '(number | null)[]' is not assignable to type 'number[]'.
-!!! error TS2322:   Type 'number | null' is not assignable to type 'number'.
-!!! error TS2322:     Type 'null' is not assignable to type 'number'.
     const filteredNumsNonNullish: number[] = numsOrNull.filter(x => x !== null);  // should ok
     
     const evenSquaresInline: number[] =  // should error
-          ~~~~~~~~~~~~~~~~~
-!!! error TS2322: Type '(number | null)[]' is not assignable to type 'number[]'.
-!!! error TS2322:   Type 'number | null' is not assignable to type 'number'.
-!!! error TS2322:     Type 'null' is not assignable to type 'number'.
         [1, 2, 3, 4]
             .map(x => x % 2 === 0 ? x * x : null)
             .filter(x => !!x); // tests truthiness, not non-nullishness
@@ -44,10 +16,6 @@
     const isTruthy = (x: number | null) => !!x;
     
     const evenSquares: number[] =  // should error
-          ~~~~~~~~~~~
-!!! error TS2322: Type '(number | null)[]' is not assignable to type 'number[]'.
-!!! error TS2322:   Type 'number | null' is not assignable to type 'number'.
-!!! error TS2322:     Type 'null' is not assignable to type 'number'.
         [1, 2, 3, 4]
         .map(x => x % 2 === 0 ? x * x : null)
           .filter(isTruthy);
@@ -86,13 +54,8 @@
       .map((arr) => arr.list)
       .filter((arr) => arr && arr.length)
       .map((arr) => arr // should error
-                    ~~~
-!!! error TS18048: 'arr' is possibly 'undefined'.
         .filter((obj) => obj && obj.data)
         .map(obj => JSON.parse(obj.data))  // should error
-                               ~~~~~~~~
-!!! error TS2345: Argument of type 'string | undefined' is not assignable to parameter of type 'string'.
-!!! error TS2345:   Type 'undefined' is not assignable to type 'string'.
       );
     
     const result2 = myArray
@@ -104,9 +67,6 @@
         // inferring a guard here would require https://github.com/microsoft/TypeScript/issues/42384
         .filter(obj => !!obj.data)
         .map(obj => JSON.parse(obj.data))
-                               ~~~~~~~~
-!!! error TS2345: Argument of type 'string | undefined' is not assignable to parameter of type 'string'.
-!!! error TS2345:   Type 'undefined' is not assignable to type 'string'.
       );
     
     // https://github.com/microsoft/TypeScript/issues/16069#issuecomment-1183547889
@@ -132,8 +92,6 @@
     // Ryan's example (currently legal):
     const a = [1, "foo", 2, "bar"].filter(x => typeof x === "string");
     a.push(10);
-           ~~
-!!! error TS2345: Argument of type 'number' is not assignable to parameter of type 'string'.
     
     // Defer to explicit type guards, even when they're incorrect.
     function backwardsGuard(x: number|string): x is number {
@@ -157,14 +115,8 @@
     }
     if (flakyIsString(strOrNum)) {
       let t: string = strOrNum;  // should error
-          ~
-!!! error TS2322: Type 'string | number' is not assignable to type 'string'.
-!!! error TS2322:   Type 'number' is not assignable to type 'string'.
     } else {
       let t: number = strOrNum;  // should error
-          ~
-!!! error TS2322: Type 'string | number' is not assignable to type 'number'.
-!!! error TS2322:   Type 'string' is not assignable to type 'number'.
     }
     
     function isDate(x: object) {
@@ -183,8 +135,6 @@
     
     if (flakyIsDate(maybeDate)) {
       let t: Date = maybeDate;  // should error
-          ~
-!!! error TS2740: Type '{}' is missing the following properties from type 'Date': toDateString, toTimeString, toLocaleDateString, toLocaleTimeString, and 38 more.
     } else {
       let t: object = maybeDate;  // should ok
     }
@@ -257,9 +207,6 @@
     declare let c: C1;
     if (c.isC2()) {
       let c2: C2 = c;  // should error
-          ~~
-!!! error TS2741: Property 'z' is missing in type 'C1' but required in type 'C2'.
-!!! related TS2728 inferTypePredicates.ts:201:3: 'z' is declared here.
     }
     
     function doNotRefineDestructuredParam({x, y}: {x: number | null, y: number}) {
@@ -285,6 +232,8 @@
       str.charAt(0);  // should OK
     } else {
       let t: never = str;  // should OK
+          ~
+!!! error TS2322: Type 'string' is not assignable to type 'never'.
     }
     
     // infer a union type

</message>
<stacktrace>
  at org.junit.Assert.fail(Assert.java:89)
  at kotlin.test.junit.JUnitAsserter.fail(JUnitSupport.kt:56)
  at kotlin.test.AssertionsKt__AssertionsKt.fail(Assertions.kt:563)
  at kotlin.test.AssertionsKt.fail(Unknown Source)
  at com.xemantic.kotlin.test.SameAsKt.sameAs(SameAs.kt:52)
  at com.xemantic.typescript.compiler.TypeScriptTestSupportKt.errorsMatchBaseline(TypeScriptTestSupport.kt:135)
  at com.xemantic.typescript.compiler.TypeScriptCompilerTests_I.inferTypePredicates_ts has expected errors matching inferTypePredicates_errors_txt(TypeScriptCompilerTests_I.kt:3346)
  at java.base/jdk.internal.reflect.DirectMethodHandleAccessor.invoke(DirectMethodHandleAccessor.java:104)
  at java.base/java.lang.reflect.Method.invoke(Method.java:565)
  at org.junit.runners.model.FrameworkMethod$1.runReflectiveCall(FrameworkMethod.java:59)
  at org.junit.internal.runners.model.ReflectiveCallable.run(ReflectiveCallable.java:12)
  at org.junit.runners.model.FrameworkMethod.invokeExplosively(FrameworkMethod.java:56)
  at org.junit.internal.runners.statements.InvokeMethod.evaluate(InvokeMethod.java:17)
  at org.junit.runners.ParentRunner$3.evaluate(ParentRunner.java:306)
  at org.junit.runners.BlockJUnit4ClassRunner$1.evaluate(BlockJUnit4ClassRunner.java:100)
  at org.junit.runners.ParentRunner.runLeaf(ParentRunner.java:366)
  at org.junit.runners.BlockJUnit4ClassRunner.runChild(BlockJUnit4ClassRunner.java:103)
  at org.junit.runners.BlockJUnit4ClassRunner.runChild(BlockJUnit4ClassRunner.java:63)
  at org.junit.runners.ParentRunner$4.run(ParentRunner.java:331)
  at org.junit.runners.ParentRunner$1.schedule(ParentRunner.java:79)
  at org.junit.runners.ParentRunner.runChildren(ParentRunner.java:329)
  at org.junit.runners.ParentRunner.access$100(ParentRunner.java:66)
  at org.junit.runners.ParentRunner$2.evaluate(ParentRunner.java:293)
  at org.junit.runners.ParentRunner$3.evaluate(ParentRunner.java:306)
  at org.junit.runners.ParentRunner.run(ParentRunner.java:413)
  at org.junit.runner.JUnitCore.run(JUnitCore.java:137)
  at org.junit.runner.JUnitCore.run(JUnitCore.java:115)
  at org.gradle.api.internal.tasks.testing.junit.JUnitTestExecutor.runRequest(JUnitTestExecutor.java:175)
  at org.gradle.api.internal.tasks.testing.junit.JUnitTestExecutor.accept(JUnitTestExecutor.java:84)
  at org.gradle.api.internal.tasks.testing.junit.JUnitTestExecutor.accept(JUnitTestExecutor.java:47)
  at org.gradle.api.internal.tasks.testing.junit.AbstractJUnitTestDefinitionProcessor.processTestDefinition(AbstractJUnitTestDefinitionProcessor.java:65)
  at org.gradle.api.internal.tasks.testing.SuiteTestDefinitionProcessor.processTestDefinition(SuiteTestDefinitionProcessor.java:54)
  at java.base/jdk.internal.reflect.DirectMethodHandleAccessor.invoke(DirectMethodHandleAccessor.java:104)
  at java.base/java.lang.reflect.Method.invoke(Method.java:565)
  at org.gradle.internal.dispatch.MethodInvocation.invokeOn(MethodInvocation.java:77)
  at org.gradle.internal.dispatch.ReflectionDispatch.dispatch(ReflectionDispatch.java:28)
  at org.gradle.internal.dispatch.ReflectionDispatch.dispatch(ReflectionDispatch.java:19)
  at org.gradle.internal.dispatch.ContextClassLoaderDispatch.dispatch(ContextClassLoaderDispatch.java:33)
  at org.gradle.internal.dispatch.ProxyDispatchAdapter$DispatchingInvocationHandler.invoke(ProxyDispatchAdapter.java:88)
  at jdk.proxy1/jdk.proxy1.$Proxy4.processTestDefinition(Unknown Source)
  at org.gradle.api.internal.tasks.testing.worker.TestWorker$2.run(TestWorker.java:178)
  at org.gradle.api.internal.tasks.testing.worker.TestWorker.executeAndMaintainThreadName(TestWorker.java:126)
  at org.gradle.api.internal.tasks.testing.worker.TestWorker.execute(TestWorker.java:103)
  at org.gradle.api.internal.tasks.testing.worker.TestWorker.execute(TestWorker.java:63)
  at org.gradle.process.internal.worker.child.ActionExecutionWorker.execute(ActionExecutionWorker.java:56)
  at org.gradle.process.internal.worker.child.SystemApplicationClassLoaderWorker.call(SystemApplicationClassLoaderWorker.java:122)
  at org.gradle.process.internal.worker.child.SystemApplicationClassLoaderWorker.call(SystemApplicationClassLoaderWorker.java:72)
  at worker.org.gradle.process.internal.worker.GradleWorkerMain.run(GradleWorkerMain.java:69)
  at worker.org.gradle.process.internal.worker.GradleWorkerMain.main(GradleWorkerMain.java:74)
</stacktrace>
</test-failure>


TypeScriptCompilerTests_I[jvm] > inferTypePredicates_ts has expected errors matching inferTypePredicates_errors_txt[jvm] FAILED

<test-failure test="com.xemantic.typescript.compiler.TypeScriptCompilerTests_I.invokingNonGenericMethodWithTypeArguments2_ts has expected errors matching invokingNonGenericMethodWithTypeArguments2_errors_txt" platform="jvm">
<message>
Expected diagnostics from baseline typescript-repo/tests/baselines/reference/invokingNonGenericMethodWithTypeArguments2.errors.txt but none produced
</message>
<stacktrace>
  at com.xemantic.typescript.compiler.TypeScriptTestSupportKt.errorsMatchBaseline(TypeScriptTestSupport.kt:125)
  at com.xemantic.typescript.compiler.TypeScriptCompilerTests_I.invokingNonGenericMethodWithTypeArguments2_ts has expected errors matching invokingNonGenericMethodWithTypeArguments2_errors_txt(TypeScriptCompilerTests_I.kt:6398)
  at java.base/jdk.internal.reflect.DirectMethodHandleAccessor.invoke(DirectMethodHandleAccessor.java:104)
  at java.base/java.lang.reflect.Method.invoke(Method.java:565)
  at org.junit.runners.model.FrameworkMethod$1.runReflectiveCall(FrameworkMethod.java:59)
  at org.junit.internal.runners.model.ReflectiveCallable.run(ReflectiveCallable.java:12)
  at org.junit.runners.model.FrameworkMethod.invokeExplosively(FrameworkMethod.java:56)
  at org.junit.internal.runners.statements.InvokeMethod.evaluate(InvokeMethod.java:17)
  at org.junit.runners.ParentRunner$3.evaluate(ParentRunner.java:306)
  at org.junit.runners.BlockJUnit4ClassRunner$1.evaluate(BlockJUnit4ClassRunner.java:100)
  at org.junit.runners.ParentRunner.runLeaf(ParentRunner.java:366)
  at org.junit.runners.BlockJUnit4ClassRunner.runChild(BlockJUnit4ClassRunner.java:103)
  at org.junit.runners.BlockJUnit4ClassRunner.runChild(BlockJUnit4ClassRunner.java:63)
  at org.junit.runners.ParentRunner$4.run(ParentRunner.java:331)
  at org.junit.runners.ParentRunner$1.schedule(ParentRunner.java:79)
  at org.junit.runners.ParentRunner.runChildren(ParentRunner.java:329)
  at org.junit.runners.ParentRunner.access$100(ParentRunner.java:66)
  at org.junit.runners.ParentRunner$2.evaluate(ParentRunner.java:293)
  at org.junit.runners.ParentRunner$3.evaluate(ParentRunner.java:306)
  at org.junit.runners.ParentRunner.run(ParentRunner.java:413)
  at org.junit.runner.JUnitCore.run(JUnitCore.java:137)
  at org.junit.runner.JUnitCore.run(JUnitCore.java:115)
  at org.gradle.api.internal.tasks.testing.junit.JUnitTestExecutor.runRequest(JUnitTestExecutor.java:175)
  at org.gradle.api.internal.tasks.testing.junit.JUnitTestExecutor.accept(JUnitTestExecutor.java:84)
  at org.gradle.api.internal.tasks.testing.junit.JUnitTestExecutor.accept(JUnitTestExecutor.java:47)
  at org.gradle.api.internal.tasks.testing.junit.AbstractJUnitTestDefinitionProcessor.processTestDefinition(AbstractJUnitTestDefinitionProcessor.java:65)
  at org.gradle.api.internal.tasks.testing.SuiteTestDefinitionProcessor.processTestDefinition(SuiteTestDefinitionProcessor.java:54)
  at java.base/jdk.internal.reflect.DirectMethodHandleAccessor.invoke(DirectMethodHandleAccessor.java:104)
  at java.base/java.lang.reflect.Method.invoke(Method.java:565)
  at org.gradle.internal.dispatch.MethodInvocation.invokeOn(MethodInvocation.java:77)
  at org.gradle.internal.dispatch.ReflectionDispatch.dispatch(ReflectionDispatch.java:28)
  at org.gradle.internal.dispatch.ReflectionDispatch.dispatch(ReflectionDispatch.java:19)
  at org.gradle.internal.dispatch.ContextClassLoaderDispatch.dispatch(ContextClassLoaderDispatch.java:33)
  at org.gradle.internal.dispatch.ProxyDispatchAdapter$DispatchingInvocationHandler.invoke(ProxyDispatchAdapter.java:88)
  at jdk.proxy1/jdk.proxy1.$Proxy4.processTestDefinition(Unknown Source)
  at org.gradle.api.internal.tasks.testing.worker.TestWorker$2.run(TestWorker.java:178)
  at org.gradle.api.internal.tasks.testing.worker.TestWorker.executeAndMaintainThreadName(TestWorker.java:126)
  at org.gradle.api.internal.tasks.testing.worker.TestWorker.execute(TestWorker.java:103)
  at org.gradle.api.internal.tasks.testing.worker.TestWorker.execute(TestWorker.java:63)
  at org.gradle.process.internal.worker.child.ActionExecutionWorker.execute(ActionExecutionWorker.java:56)
  at org.gradle.process.internal.worker.child.SystemApplicationClassLoaderWorker.call(SystemApplicationClassLoaderWorker.java:122)
  at org.gradle.process.internal.worker.child.SystemApplicationClassLoaderWorker.call(SystemApplicationClassLoaderWorker.java:72)
  at worker.org.gradle.process.internal.worker.GradleWorkerMain.run(GradleWorkerMain.java:69)
  at worker.org.gradle.process.internal.worker.GradleWorkerMain.main(GradleWorkerMain.java:74)
</stacktrace>
</test-failure>


TypeScriptCompilerTests_I[jvm] > invokingNonGenericMethodWithTypeArguments2_ts has expected errors matching invokingNonGenericMethodWithTypeArguments2_errors_txt[jvm] FAILED

<test-failure test="com.xemantic.typescript.compiler.TypeScriptCompilerTests_I.interfaceImplementation7_ts has expected errors matching interfaceImplementation7_errors_txt" platform="jvm">
<message>
--- expected
+++ actual
@@ -1,24 +1,19 @@
-interfaceImplementation7.ts(4,11): error TS2320: Interface 'i3' cannot simultaneously extend types 'i1' and 'i2'.
-  Named property 'name' of types 'i1' and 'i2' are not identical.
 interfaceImplementation7.ts(8,12): error TS2416: Property 'name' in type 'C1' is not assignable to the same property in base type 'i4'.
-  Type '() => string' is not assignable to type '() => { s: string; n: number; }'.
-    Type 'string' is not assignable to type '{ s: string; n: number; }'.
+  Type '() => string' is not assignable to type '() => { ... }'.
+    Type 'string' is not assignable to type '{ ... }'.
 
 
-==== interfaceImplementation7.ts (2 errors) ====
+==== interfaceImplementation7.ts (1 errors) ====
     interface i1{ name(): { s: string; }; }
     interface i2{ name(): { n: number; }; }
     
     interface i3 extends i1, i2 { }
-              ~~
-!!! error TS2320: Interface 'i3' cannot simultaneously extend types 'i1' and 'i2'.
-!!! error TS2320:   Named property 'name' of types 'i1' and 'i2' are not identical.
     interface i4 extends i1, i2 { name(): { s: string; n: number; }; }
     
     class C1 implements i4 {
         public name(): string { return ""; }
                ~~~~
 !!! error TS2416: Property 'name' in type 'C1' is not assignable to the same property in base type 'i4'.
-!!! error TS2416:   Type '() => string' is not assignable to type '() => { s: string; n: number; }'.
-!!! error TS2416:     Type 'string' is not assignable to type '{ s: string; n: number; }'.
+!!! error TS2416:   Type '() => string' is not assignable to type '() => { ... }'.
+!!! error TS2416:     Type 'string' is not assignable to type '{ ... }'.
     }

</message>
<stacktrace>
  at org.junit.Assert.fail(Assert.java:89)
  at kotlin.test.junit.JUnitAsserter.fail(JUnitSupport.kt:56)
  at kotlin.test.AssertionsKt__AssertionsKt.fail(Assertions.kt:563)
  at kotlin.test.AssertionsKt.fail(Unknown Source)
  at com.xemantic.kotlin.test.SameAsKt.sameAs(SameAs.kt:52)
  at com.xemantic.typescript.compiler.TypeScriptTestSupportKt.errorsMatchBaseline(TypeScriptTestSupport.kt:135)
  at com.xemantic.typescript.compiler.TypeScriptCompilerTests_I.interfaceImplementation7_ts has expected errors matching interfaceImplementation7_errors_txt(TypeScriptCompilerTests_I.kt:5194)
  at java.base/jdk.internal.reflect.DirectMethodHandleAccessor.invoke(DirectMethodHandleAccessor.java:104)
  at java.base/java.lang.reflect.Method.invoke(Method.java:565)
  at org.junit.runners.model.FrameworkMethod$1.runReflectiveCall(FrameworkMethod.java:59)
  at org.junit.internal.runners.model.ReflectiveCallable.run(ReflectiveCallable.java:12)
  at org.junit.runners.model.FrameworkMethod.invokeExplosively(FrameworkMethod.java:56)
  at org.junit.internal.runners.statements.InvokeMethod.evaluate(InvokeMethod.java:17)
  at org.junit.runners.ParentRunner$3.evaluate(ParentRunner.java:306)
  at org.junit.runners.BlockJUnit4ClassRunner$1.evaluate(BlockJUnit4ClassRunner.java:100)
  at org.junit.runners.ParentRunner.runLeaf(ParentRunner.java:366)
  at org.junit.runners.BlockJUnit4ClassRunner.runChild(BlockJUnit4ClassRunner.java:103)
  at org.junit.runners.BlockJUnit4ClassRunner.runChild(BlockJUnit4ClassRunner.java:63)
  at org.junit.runners.ParentRunner$4.run(ParentRunner.java:331)
  at org.junit.runners.ParentRunner$1.schedule(ParentRunner.java:79)
  at org.junit.runners.ParentRunner.runChildren(ParentRunner.java:329)
  at org.junit.runners.ParentRunner.access$100(ParentRunner.java:66)
  at org.junit.runners.ParentRunner$2.evaluate(ParentRunner.java:293)
  at org.junit.runners.ParentRunner$3.evaluate(ParentRunner.java:306)
  at org.junit.runners.ParentRunner.run(ParentRunner.java:413)
  at org.junit.runner.JUnitCore.run(JUnitCore.java:137)
  at org.junit.runner.JUnitCore.run(JUnitCore.java:115)
  at org.gradle.api.internal.tasks.testing.junit.JUnitTestExecutor.runRequest(JUnitTestExecutor.java:175)
  at org.gradle.api.internal.tasks.testing.junit.JUnitTestExecutor.accept(JUnitTestExecutor.java:84)
  at org.gradle.api.internal.tasks.testing.junit.JUnitTestExecutor.accept(JUnitTestExecutor.java:47)
  at org.gradle.api.internal.tasks.testing.junit.AbstractJUnitTestDefinitionProcessor.processTestDefinition(AbstractJUnitTestDefinitionProcessor.java:65)
  at org.gradle.api.internal.tasks.testing.SuiteTestDefinitionProcessor.processTestDefinition(SuiteTestDefinitionProcessor.java:54)
  at java.base/jdk.internal.reflect.DirectMethodHandleAccessor.invoke(DirectMethodHandleAccessor.java:104)
  at java.base/java.lang.reflect.Method.invoke(Method.java:565)
  at org.gradle.internal.dispatch.MethodInvocation.invokeOn(MethodInvocation.java:77)
  at org.gradle.internal.dispatch.ReflectionDispatch.dispatch(ReflectionDispatch.java:28)
  at org.gradle.internal.dispatch.ReflectionDispatch.dispatch(ReflectionDispatch.java:19)
  at org.gradle.internal.dispatch.ContextClassLoaderDispatch.dispatch(ContextClassLoaderDispatch.java:33)
  at org.gradle.internal.dispatch.ProxyDispatchAdapter$DispatchingInvocationHandler.invoke(ProxyDispatchAdapter.java:88)
  at jdk.proxy1/jdk.proxy1.$Proxy4.processTestDefinition(Unknown Source)
  at org.gradle.api.internal.tasks.testing.worker.TestWorker$2.run(TestWorker.java:178)
  at org.gradle.api.internal.tasks.testing.worker.TestWorker.executeAndMaintainThreadName(TestWorker.java:126)
  at org.gradle.api.internal.tasks.testing.worker.TestWorker.execute(TestWorker.java:103)
  at org.gradle.api.internal.tasks.testing.worker.TestWorker.execute(TestWorker.java:63)
  at org.gradle.process.internal.worker.child.ActionExecutionWorker.execute(ActionExecutionWorker.java:56)
  at org.gradle.process.internal.worker.child.SystemApplicationClassLoaderWorker.call(SystemApplicationClassLoaderWorker.java:122)
  at org.gradle.process.internal.worker.child.SystemApplicationClassLoaderWorker.call(SystemApplicationClassLoaderWorker.java:72)
  at worker.org.gradle.process.internal.worker.GradleWorkerMain.run(GradleWorkerMain.java:69)
  at worker.org.gradle.process.internal.worker.GradleWorkerMain.main(GradleWorkerMain.java:74)
</stacktrace>
</test-failure>


TypeScriptCompilerTests_I[jvm] > interfaceImplementation7_ts has expected errors matching interfaceImplementation7_errors_txt[jvm] FAILED

<test-failure test="com.xemantic.typescript.compiler.TypeScriptCompilerTests_I.indexSignatureInOtherFile_ts has expected errors matching indexSignatureInOtherFile_errors_txt" platform="jvm">
<message>
--- expected
+++ actual
@@ -1,16 +1,11 @@
-index.ts(2,3): error TS2411: Property '[Symbol.iterator]' of type '() => IterableIterator<any>' is not assignable to 'symbol' index type 'string'.
-index.ts(2,3): error TS2411: Property '[Symbol.unscopables]' of type '() => { copyWithin: boolean; entries: boolean; fill: boolean; find: boolean; findIndex: boolean; keys: boolean; values: boolean; }' is not assignable to 'symbol' index type 'string'.
+index.ts(1,20): error TS2314: Generic type 'Array1<T>' requires 1 type argument(s).
 
 
-==== index.ts (2 errors) ====
+==== index.ts (1 errors) ====
     class Test extends Array1 {
+                       ~~~~~~
+!!! error TS2314: Generic type 'Array1<T>' requires 1 type argument(s).
       [key: symbol]: string
-      ~~~~~~~~~~~~~~~~~~~~~
-!!! error TS2411: Property '[Symbol.iterator]' of type '() => IterableIterator<any>' is not assignable to 'symbol' index type 'string'.
-!!! related TS2728 other.ts:14:3: '[Symbol.iterator]' is declared here.
-      ~~~~~~~~~~~~~~~~~~~~~
-!!! error TS2411: Property '[Symbol.unscopables]' of type '() => { copyWithin: boolean; entries: boolean; fill: boolean; find: boolean; findIndex: boolean; keys: boolean; values: boolean; }' is not assignable to 'symbol' index type 'string'.
-!!! related TS2728 other.ts:23:3: '[Symbol.unscopables]' is declared here.
     }
     
 ==== other.ts (0 errors) ====

</message>
<stacktrace>
  at org.junit.Assert.fail(Assert.java:89)
  at kotlin.test.junit.JUnitAsserter.fail(JUnitSupport.kt:56)
  at kotlin.test.AssertionsKt__AssertionsKt.fail(Assertions.kt:563)
  at kotlin.test.AssertionsKt.fail(Unknown Source)
  at com.xemantic.kotlin.test.SameAsKt.sameAs(SameAs.kt:52)
  at com.xemantic.typescript.compiler.TypeScriptTestSupportKt.errorsMatchBaseline(TypeScriptTestSupport.kt:135)
  at com.xemantic.typescript.compiler.TypeScriptCompilerTests_I.indexSignatureInOtherFile_ts has expected errors matching indexSignatureInOtherFile_errors_txt(TypeScriptCompilerTests_I.kt:2618)
  at java.base/jdk.internal.reflect.DirectMethodHandleAccessor.invoke(DirectMethodHandleAccessor.java:104)
  at java.base/java.lang.reflect.Method.invoke(Method.java:565)
  at org.junit.runners.model.FrameworkMethod$1.runReflectiveCall(FrameworkMethod.java:59)
  at org.junit.internal.runners.model.ReflectiveCallable.run(ReflectiveCallable.java:12)
  at org.junit.runners.model.FrameworkMethod.invokeExplosively(FrameworkMethod.java:56)
  at org.junit.internal.runners.statements.InvokeMethod.evaluate(InvokeMethod.java:17)
  at org.junit.runners.ParentRunner$3.evaluate(ParentRunner.java:306)
  at org.junit.runners.BlockJUnit4ClassRunner$1.evaluate(BlockJUnit4ClassRunner.java:100)
  at org.junit.runners.ParentRunner.runLeaf(ParentRunner.java:366)
  at org.junit.runners.BlockJUnit4ClassRunner.runChild(BlockJUnit4ClassRunner.java:103)
  at org.junit.runners.BlockJUnit4ClassRunner.runChild(BlockJUnit4ClassRunner.java:63)
  at org.junit.runners.ParentRunner$4.run(ParentRunner.java:331)
  at org.junit.runners.ParentRunner$1.schedule(ParentRunner.java:79)
  at org.junit.runners.ParentRunner.runChildren(ParentRunner.java:329)
  at org.junit.runners.ParentRunner.access$100(ParentRunner.java:66)
  at org.junit.runners.ParentRunner$2.evaluate(ParentRunner.java:293)
  at org.junit.runners.ParentRunner$3.evaluate(ParentRunner.java:306)
  at org.junit.runners.ParentRunner.run(ParentRunner.java:413)
  at org.junit.runner.JUnitCore.run(JUnitCore.java:137)
  at org.junit.runner.JUnitCore.run(JUnitCore.java:115)
  at org.gradle.api.internal.tasks.testing.junit.JUnitTestExecutor.runRequest(JUnitTestExecutor.java:175)
  at org.gradle.api.internal.tasks.testing.junit.JUnitTestExecutor.accept(JUnitTestExecutor.java:84)
  at org.gradle.api.internal.tasks.testing.junit.JUnitTestExecutor.accept(JUnitTestExecutor.java:47)
  at org.gradle.api.internal.tasks.testing.junit.AbstractJUnitTestDefinitionProcessor.processTestDefinition(AbstractJUnitTestDefinitionProcessor.java:65)
  at org.gradle.api.internal.tasks.testing.SuiteTestDefinitionProcessor.processTestDefinition(SuiteTestDefinitionProcessor.java:54)
  at java.base/jdk.internal.reflect.DirectMethodHandleAccessor.invoke(DirectMethodHandleAccessor.java:104)
  at java.base/java.lang.reflect.Method.invoke(Method.java:565)
  at org.gradle.internal.dispatch.MethodInvocation.invokeOn(MethodInvocation.java:77)
  at org.gradle.internal.dispatch.ReflectionDispatch.dispatch(ReflectionDispatch.java:28)
  at org.gradle.internal.dispatch.ReflectionDispatch.dispatch(ReflectionDispatch.java:19)
  at org.gradle.internal.dispatch.ContextClassLoaderDispatch.dispatch(ContextClassLoaderDispatch.java:33)
  at org.gradle.internal.dispatch.ProxyDispatchAdapter$DispatchingInvocationHandler.invoke(ProxyDispatchAdapter.java:88)
  at jdk.proxy1/jdk.proxy1.$Proxy4.processTestDefinition(Unknown Source)
  at org.gradle.api.internal.tasks.testing.worker.TestWorker$2.run(TestWorker.java:178)
  at org.gradle.api.internal.tasks.testing.worker.TestWorker.executeAndMaintainThreadName(TestWorker.java:126)
  at org.gradle.api.internal.tasks.testing.worker.TestWorker.execute(TestWorker.java:103)
  at org.gradle.api.internal.tasks.testing.worker.TestWorker.execute(TestWorker.java:63)
  at org.gradle.process.internal.worker.child.ActionExecutionWorker.execute(ActionExecutionWorker.java:56)
  at org.gradle.process.internal.worker.child.SystemApplicationClassLoaderWorker.call(SystemApplicationClassLoaderWorker.java:122)
  at org.gradle.process.internal.worker.child.SystemApplicationClassLoaderWorker.call(SystemApplicationClassLoaderWorker.java:72)
  at worker.org.gradle.process.internal.worker.GradleWorkerMain.run(GradleWorkerMain.java:69)
  at worker.org.gradle.process.internal.worker.GradleWorkerMain.main(GradleWorkerMain.java:74)
</stacktrace>
</test-failure>


TypeScriptCompilerTests_I[jvm] > indexSignatureInOtherFile_ts has expected errors matching indexSignatureInOtherFile_errors_txt[jvm] FAILED

<test-failure test="com.xemantic.typescript.compiler.TypeScriptCompilerTests_I.importAliasInModuleAugmentation_ts has expected errors matching importAliasInModuleAugmentation_errors_txt" platform="jvm">
<message>
--- expected
+++ actual
@@ -1,5 +1,5 @@
-importAliasInModuleAugmentation.ts(12,5): error TS2667: Imports are not permitted in module augmentations. Consider moving them to the enclosing external module.
-importAliasInModuleAugmentation.ts(12,24): error TS2591: Cannot find name 'fs'. Do you need to install type definitions for node? Try `npm i --save-dev @types/node` and then add 'node' to the types field in your tsconfig.
+importAliasInModuleAugmentation.ts(15,19): error TS2304: Cannot find name 'x'.
+importAliasInModuleAugmentation.ts(16,8): error TS2304: Cannot find name 'x'.
 
 
 ==== importAliasInModuleAugmentation.ts (2 errors) ====
@@ -15,12 +15,12 @@
     
         // Should still error
         import f = require("fs");
-        ~~~~~~
-!!! error TS2667: Imports are not permitted in module augmentations. Consider moving them to the enclosing external module.
-                           ~~~~
-!!! error TS2591: Cannot find name 'fs'. Do you need to install type definitions for node? Try `npm i --save-dev @types/node` and then add 'node' to the types field in your tsconfig.
     }
     
     const m: number = x;
+                      ~
+!!! error TS2304: Cannot find name 'x'.
     let s: x = { s: "" };
+           ~
+!!! error TS2304: Cannot find name 'x'.
     void s.s;

</message>
<stacktrace>
  at org.junit.Assert.fail(Assert.java:89)
  at kotlin.test.junit.JUnitAsserter.fail(JUnitSupport.kt:56)
  at kotlin.test.AssertionsKt__AssertionsKt.fail(Assertions.kt:563)
  at kotlin.test.AssertionsKt.fail(Unknown Source)
  at com.xemantic.kotlin.test.SameAsKt.sameAs(SameAs.kt:52)
  at com.xemantic.typescript.compiler.TypeScriptTestSupportKt.errorsMatchBaseline(TypeScriptTestSupport.kt:135)
  at com.xemantic.typescript.compiler.TypeScriptCompilerTests_I.importAliasInModuleAugmentation_ts has expected errors matching importAliasInModuleAugmentation_errors_txt(TypeScriptCompilerTests_I.kt:756)
  at java.base/jdk.internal.reflect.DirectMethodHandleAccessor.invoke(DirectMethodHandleAccessor.java:104)
  at java.base/java.lang.reflect.Method.invoke(Method.java:565)
  at org.junit.runners.model.FrameworkMethod$1.runReflectiveCall(FrameworkMethod.java:59)
  at org.junit.internal.runners.model.ReflectiveCallable.run(ReflectiveCallable.java:12)
  at org.junit.runners.model.FrameworkMethod.invokeExplosively(FrameworkMethod.java:56)
  at org.junit.internal.runners.statements.InvokeMethod.evaluate(InvokeMethod.java:17)
  at org.junit.runners.ParentRunner$3.evaluate(ParentRunner.java:306)
  at org.junit.runners.BlockJUnit4ClassRunner$1.evaluate(BlockJUnit4ClassRunner.java:100)
  at org.junit.runners.ParentRunner.runLeaf(ParentRunner.java:366)
  at org.junit.runners.BlockJUnit4ClassRunner.runChild(BlockJUnit4ClassRunner.java:103)
  at org.junit.runners.BlockJUnit4ClassRunner.runChild(BlockJUnit4ClassRunner.java:63)
  at org.junit.runners.ParentRunner$4.run(ParentRunner.java:331)
  at org.junit.runners.ParentRunner$1.schedule(ParentRunner.java:79)
  at org.junit.runners.ParentRunner.runChildren(ParentRunner.java:329)
  at org.junit.runners.ParentRunner.access$100(ParentRunner.java:66)
  at org.junit.runners.ParentRunner$2.evaluate(ParentRunner.java:293)
  at org.junit.runners.ParentRunner$3.evaluate(ParentRunner.java:306)
  at org.junit.runners.ParentRunner.run(ParentRunner.java:413)
  at org.junit.runner.JUnitCore.run(JUnitCore.java:137)
  at org.junit.runner.JUnitCore.run(JUnitCore.java:115)
  at org.gradle.api.internal.tasks.testing.junit.JUnitTestExecutor.runRequest(JUnitTestExecutor.java:175)
  at org.gradle.api.internal.tasks.testing.junit.JUnitTestExecutor.accept(JUnitTestExecutor.java:84)
  at org.gradle.api.internal.tasks.testing.junit.JUnitTestExecutor.accept(JUnitTestExecutor.java:47)
  at org.gradle.api.internal.tasks.testing.junit.AbstractJUnitTestDefinitionProcessor.processTestDefinition(AbstractJUnitTestDefinitionProcessor.java:65)
  at org.gradle.api.internal.tasks.testing.SuiteTestDefinitionProcessor.processTestDefinition(SuiteTestDefinitionProcessor.java:54)
  at java.base/jdk.internal.reflect.DirectMethodHandleAccessor.invoke(DirectMethodHandleAccessor.java:104)
  at java.base/java.lang.reflect.Method.invoke(Method.java:565)
  at org.gradle.internal.dispatch.MethodInvocation.invokeOn(MethodInvocation.java:77)
  at org.gradle.internal.dispatch.ReflectionDispatch.dispatch(ReflectionDispatch.java:28)
  at org.gradle.internal.dispatch.ReflectionDispatch.dispatch(ReflectionDispatch.java:19)
  at org.gradle.internal.dispatch.ContextClassLoaderDispatch.dispatch(ContextClassLoaderDispatch.java:33)
  at org.gradle.internal.dispatch.ProxyDispatchAdapter$DispatchingInvocationHandler.invoke(ProxyDispatchAdapter.java:88)
  at jdk.proxy1/jdk.proxy1.$Proxy4.processTestDefinition(Unknown Source)
  at org.gradle.api.internal.tasks.testing.worker.TestWorker$2.run(TestWorker.java:178)
  at org.gradle.api.internal.tasks.testing.worker.TestWorker.executeAndMaintainThreadName(TestWorker.java:126)
  at org.gradle.api.internal.tasks.testing.worker.TestWorker.execute(TestWorker.java:103)
  at org.gradle.api.internal.tasks.testing.worker.TestWorker.execute(TestWorker.java:63)
  at org.gradle.process.internal.worker.child.ActionExecutionWorker.execute(ActionExecutionWorker.java:56)
  at org.gradle.process.internal.worker.child.SystemApplicationClassLoaderWorker.call(SystemApplicationClassLoaderWorker.java:122)
  at org.gradle.process.internal.worker.child.SystemApplicationClassLoaderWorker.call(SystemApplicationClassLoaderWorker.java:72)
  at worker.org.gradle.process.internal.worker.GradleWorkerMain.run(GradleWorkerMain.java:69)
  at worker.org.gradle.process.internal.worker.GradleWorkerMain.main(GradleWorkerMain.java:74)
</stacktrace>
</test-failure>


TypeScriptCompilerTests_I[jvm] > importAliasInModuleAugmentation_ts has expected errors matching importAliasInModuleAugmentation_errors_txt[jvm] FAILED

<test-failure test="com.xemantic.typescript.compiler.TypeScriptCompilerTests_I.importAssertionsDeprecated_ts has expected errors matching importAssertionsDeprecated_errors_txt" platform="jvm">
<message>
Expected diagnostics from baseline typescript-repo/tests/baselines/reference/importAssertionsDeprecated.errors.txt but none produced
</message>
<stacktrace>
  at com.xemantic.typescript.compiler.TypeScriptTestSupportKt.errorsMatchBaseline(TypeScriptTestSupport.kt:125)
  at com.xemantic.typescript.compiler.TypeScriptCompilerTests_I.importAssertionsDeprecated_ts has expected errors matching importAssertionsDeprecated_errors_txt(TypeScriptCompilerTests_I.kt:868)
  at java.base/jdk.internal.reflect.DirectMethodHandleAccessor.invoke(DirectMethodHandleAccessor.java:104)
  at java.base/java.lang.reflect.Method.invoke(Method.java:565)
  at org.junit.runners.model.FrameworkMethod$1.runReflectiveCall(FrameworkMethod.java:59)
  at org.junit.internal.runners.model.ReflectiveCallable.run(ReflectiveCallable.java:12)
  at org.junit.runners.model.FrameworkMethod.invokeExplosively(FrameworkMethod.java:56)
  at org.junit.internal.runners.statements.InvokeMethod.evaluate(InvokeMethod.java:17)
  at org.junit.runners.ParentRunner$3.evaluate(ParentRunner.java:306)
  at org.junit.runners.BlockJUnit4ClassRunner$1.evaluate(BlockJUnit4ClassRunner.java:100)
  at org.junit.runners.ParentRunner.runLeaf(ParentRunner.java:366)
  at org.junit.runners.BlockJUnit4ClassRunner.runChild(BlockJUnit4ClassRunner.java:103)
  at org.junit.runners.BlockJUnit4ClassRunner.runChild(BlockJUnit4ClassRunner.java:63)
  at org.junit.runners.ParentRunner$4.run(ParentRunner.java:331)
  at org.junit.runners.ParentRunner$1.schedule(ParentRunner.java:79)
  at org.junit.runners.ParentRunner.runChildren(ParentRunner.java:329)
  at org.junit.runners.ParentRunner.access$100(ParentRunner.java:66)
  at org.junit.runners.ParentRunner$2.evaluate(ParentRunner.java:293)
  at org.junit.runners.ParentRunner$3.evaluate(ParentRunner.java:306)
  at org.junit.runners.ParentRunner.run(ParentRunner.java:413)
  at org.junit.runner.JUnitCore.run(JUnitCore.java:137)
  at org.junit.runner.JUnitCore.run(JUnitCore.java:115)
  at org.gradle.api.internal.tasks.testing.junit.JUnitTestExecutor.runRequest(JUnitTestExecutor.java:175)
  at org.gradle.api.internal.tasks.testing.junit.JUnitTestExecutor.accept(JUnitTestExecutor.java:84)
  at org.gradle.api.internal.tasks.testing.junit.JUnitTestExecutor.accept(JUnitTestExecutor.java:47)
  at org.gradle.api.internal.tasks.testing.junit.AbstractJUnitTestDefinitionProcessor.processTestDefinition(AbstractJUnitTestDefinitionProcessor.java:65)
  at org.gradle.api.internal.tasks.testing.SuiteTestDefinitionProcessor.processTestDefinition(SuiteTestDefinitionProcessor.java:54)
  at java.base/jdk.internal.reflect.DirectMethodHandleAccessor.invoke(DirectMethodHandleAccessor.java:104)
  at java.base/java.lang.reflect.Method.invoke(Method.java:565)
  at org.gradle.internal.dispatch.MethodInvocation.invokeOn(MethodInvocation.java:77)
  at org.gradle.internal.dispatch.ReflectionDispatch.dispatch(ReflectionDispatch.java:28)
  at org.gradle.internal.dispatch.ReflectionDispatch.dispatch(ReflectionDispatch.java:19)
  at org.gradle.internal.dispatch.ContextClassLoaderDispatch.dispatch(ContextClassLoaderDispatch.java:33)
  at org.gradle.internal.dispatch.ProxyDispatchAdapter$DispatchingInvocationHandler.invoke(ProxyDispatchAdapter.java:88)
  at jdk.proxy1/jdk.proxy1.$Proxy4.processTestDefinition(Unknown Source)
  at org.gradle.api.internal.tasks.testing.worker.TestWorker$2.run(TestWorker.java:178)
  at org.gradle.api.internal.tasks.testing.worker.TestWorker.executeAndMaintainThreadName(TestWorker.java:126)
  at org.gradle.api.internal.tasks.testing.worker.TestWorker.execute(TestWorker.java:103)
  at org.gradle.api.internal.tasks.testing.worker.TestWorker.execute(TestWorker.java:63)
  at org.gradle.process.internal.worker.child.ActionExecutionWorker.execute(ActionExecutionWorker.java:56)
  at org.gradle.process.internal.worker.child.SystemApplicationClassLoaderWorker.call(SystemApplicationClassLoaderWorker.java:122)
  at org.gradle.process.internal.worker.child.SystemApplicationClassLoaderWorker.call(SystemApplicationClassLoaderWorker.java:72)
  at worker.org.gradle.process.internal.worker.GradleWorkerMain.run(GradleWorkerMain.java:69)
  at worker.org.gradle.process.internal.worker.GradleWorkerMain.main(GradleWorkerMain.java:74)
</stacktrace>
</test-failure>


TypeScriptCompilerTests_I[jvm] > importAssertionsDeprecated_ts has expected errors matching importAssertionsDeprecated_errors_txt[jvm] FAILED

<test-failure test="com.xemantic.typescript.compiler.TypeScriptCompilerTests_I.incorrectRecursiveMappedTypeConstraint_ts has expected errors matching incorrectRecursiveMappedTypeConstraint_errors_txt" platform="jvm">
<message>
Expected diagnostics from baseline typescript-repo/tests/baselines/reference/incorrectRecursiveMappedTypeConstraint.errors.txt but none produced
</message>
<stacktrace>
  at com.xemantic.typescript.compiler.TypeScriptTestSupportKt.errorsMatchBaseline(TypeScriptTestSupport.kt:125)
  at com.xemantic.typescript.compiler.TypeScriptCompilerTests_I.incorrectRecursiveMappedTypeConstraint_ts has expected errors matching incorrectRecursiveMappedTypeConstraint_errors_txt(TypeScriptCompilerTests_I.kt:2471)
  at java.base/jdk.internal.reflect.DirectMethodHandleAccessor.invoke(DirectMethodHandleAccessor.java:104)
  at java.base/java.lang.reflect.Method.invoke(Method.java:565)
  at org.junit.runners.model.FrameworkMethod$1.runReflectiveCall(FrameworkMethod.java:59)
  at org.junit.internal.runners.model.ReflectiveCallable.run(ReflectiveCallable.java:12)
  at org.junit.runners.model.FrameworkMethod.invokeExplosively(FrameworkMethod.java:56)
  at org.junit.internal.runners.statements.InvokeMethod.evaluate(InvokeMethod.java:17)
  at org.junit.runners.ParentRunner$3.evaluate(ParentRunner.java:306)
  at org.junit.runners.BlockJUnit4ClassRunner$1.evaluate(BlockJUnit4ClassRunner.java:100)
  at org.junit.runners.ParentRunner.runLeaf(ParentRunner.java:366)
  at org.junit.runners.BlockJUnit4ClassRunner.runChild(BlockJUnit4ClassRunner.java:103)
  at org.junit.runners.BlockJUnit4ClassRunner.runChild(BlockJUnit4ClassRunner.java:63)
  at org.junit.runners.ParentRunner$4.run(ParentRunner.java:331)
  at org.junit.runners.ParentRunner$1.schedule(ParentRunner.java:79)
  at org.junit.runners.ParentRunner.runChildren(ParentRunner.java:329)
  at org.junit.runners.ParentRunner.access$100(ParentRunner.java:66)
  at org.junit.runners.ParentRunner$2.evaluate(ParentRunner.java:293)
  at org.junit.runners.ParentRunner$3.evaluate(ParentRunner.java:306)
  at org.junit.runners.ParentRunner.run(ParentRunner.java:413)
  at org.junit.runner.JUnitCore.run(JUnitCore.java:137)
  at org.junit.runner.JUnitCore.run(JUnitCore.java:115)
  at org.gradle.api.internal.tasks.testing.junit.JUnitTestExecutor.runRequest(JUnitTestExecutor.java:175)
  at org.gradle.api.internal.tasks.testing.junit.JUnitTestExecutor.accept(JUnitTestExecutor.java:84)
  at org.gradle.api.internal.tasks.testing.junit.JUnitTestExecutor.accept(JUnitTestExecutor.java:47)
  at org.gradle.api.internal.tasks.testing.junit.AbstractJUnitTestDefinitionProcessor.processTestDefinition(AbstractJUnitTestDefinitionProcessor.java:65)
  at org.gradle.api.internal.tasks.testing.SuiteTestDefinitionProcessor.processTestDefinition(SuiteTestDefinitionProcessor.java:54)
  at java.base/jdk.internal.reflect.DirectMethodHandleAccessor.invoke(DirectMethodHandleAccessor.java:104)
  at java.base/java.lang.reflect.Method.invoke(Method.java:565)
  at org.gradle.internal.dispatch.MethodInvocation.invokeOn(MethodInvocation.java:77)
  at org.gradle.internal.dispatch.ReflectionDispatch.dispatch(ReflectionDispatch.java:28)
  at org.gradle.internal.dispatch.ReflectionDispatch.dispatch(ReflectionDispatch.java:19)
  at org.gradle.internal.dispatch.ContextClassLoaderDispatch.dispatch(ContextClassLoaderDispatch.java:33)
  at org.gradle.internal.dispatch.ProxyDispatchAdapter$DispatchingInvocationHandler.invoke(ProxyDispatchAdapter.java:88)
  at jdk.proxy1/jdk.proxy1.$Proxy4.processTestDefinition(Unknown Source)
  at org.gradle.api.internal.tasks.testing.worker.TestWorker$2.run(TestWorker.java:178)
  at org.gradle.api.internal.tasks.testing.worker.TestWorker.executeAndMaintainThreadName(TestWorker.java:126)
  at org.gradle.api.internal.tasks.testing.worker.TestWorker.execute(TestWorker.java:103)
  at org.gradle.api.internal.tasks.testing.worker.TestWorker.execute(TestWorker.java:63)
  at org.gradle.process.internal.worker.child.ActionExecutionWorker.execute(ActionExecutionWorker.java:56)
  at org.gradle.process.internal.worker.child.SystemApplicationClassLoaderWorker.call(SystemApplicationClassLoaderWorker.java:122)
  at org.gradle.process.internal.worker.child.SystemApplicationClassLoaderWorker.call(SystemApplicationClassLoaderWorker.java:72)
  at worker.org.gradle.process.internal.worker.GradleWorkerMain.run(GradleWorkerMain.java:69)
  at worker.org.gradle.process.internal.worker.GradleWorkerMain.main(GradleWorkerMain.java:74)
</stacktrace>
</test-failure>


TypeScriptCompilerTests_I[jvm] > incorrectRecursiveMappedTypeConstraint_ts has expected errors matching incorrectRecursiveMappedTypeConstraint_errors_txt[jvm] FAILED

<test-failure test="com.xemantic.typescript.compiler.TypeScriptCompilerTests_I.importHelpersWithLocalCollisions_ts__module_system__has expected errors matching baseline" platform="jvm">
<message>
--- expected
+++ actual
@@ -1,13 +1,10 @@
 error TS5107: Option 'module=System' is deprecated and will stop functioning in TypeScript 7.0. Specify compilerOption '"ignoreDeprecations": "6.0"' to silence this error.
-a.ts(2,1): error TS2354: This syntax requires an imported helper but module 'tslib' cannot be found.
 
 
 !!! error TS5107: Option 'module=System' is deprecated and will stop functioning in TypeScript 7.0. Specify compilerOption '"ignoreDeprecations": "6.0"' to silence this error.
-==== a.ts (1 errors) ====
+==== a.ts (0 errors) ====
     declare var dec: any, __decorate: any;
     @dec export class A {
-    ~~~~
-!!! error TS2354: This syntax requires an imported helper but module 'tslib' cannot be found.
     
     }
     

</message>
<stacktrace>
  at org.junit.Assert.fail(Assert.java:89)
  at kotlin.test.junit.JUnitAsserter.fail(JUnitSupport.kt:56)
  at kotlin.test.AssertionsKt__AssertionsKt.fail(Assertions.kt:563)
  at kotlin.test.AssertionsKt.fail(Unknown Source)
  at com.xemantic.kotlin.test.SameAsKt.sameAs(SameAs.kt:52)
  at com.xemantic.typescript.compiler.TypeScriptTestSupportKt.errorsMatchBaseline(TypeScriptTestSupport.kt:135)
  at com.xemantic.typescript.compiler.TypeScriptCompilerTests_I.importHelpersWithLocalCollisions_ts__module_system__has expected errors matching baseline(TypeScriptCompilerTests_I.kt:1771)
  at java.base/jdk.internal.reflect.DirectMethodHandleAccessor.invoke(DirectMethodHandleAccessor.java:104)
  at java.base/java.lang.reflect.Method.invoke(Method.java:565)
  at org.junit.runners.model.FrameworkMethod$1.runReflectiveCall(FrameworkMethod.java:59)
  at org.junit.internal.runners.model.ReflectiveCallable.run(ReflectiveCallable.java:12)
  at org.junit.runners.model.FrameworkMethod.invokeExplosively(FrameworkMethod.java:56)
  at org.junit.internal.runners.statements.InvokeMethod.evaluate(InvokeMethod.java:17)
  at org.junit.runners.ParentRunner$3.evaluate(ParentRunner.java:306)
  at org.junit.runners.BlockJUnit4ClassRunner$1.evaluate(BlockJUnit4ClassRunner.java:100)
  at org.junit.runners.ParentRunner.runLeaf(ParentRunner.java:366)
  at org.junit.runners.BlockJUnit4ClassRunner.runChild(BlockJUnit4ClassRunner.java:103)
  at org.junit.runners.BlockJUnit4ClassRunner.runChild(BlockJUnit4ClassRunner.java:63)
  at org.junit.runners.ParentRunner$4.run(ParentRunner.java:331)
  at org.junit.runners.ParentRunner$1.schedule(ParentRunner.java:79)
  at org.junit.runners.ParentRunner.runChildren(ParentRunner.java:329)
  at org.junit.runners.ParentRunner.access$100(ParentRunner.java:66)
  at org.junit.runners.ParentRunner$2.evaluate(ParentRunner.java:293)
  at org.junit.runners.ParentRunner$3.evaluate(ParentRunner.java:306)
  at org.junit.runners.ParentRunner.run(ParentRunner.java:413)
  at org.junit.runner.JUnitCore.run(JUnitCore.java:137)
  at org.junit.runner.JUnitCore.run(JUnitCore.java:115)
  at org.gradle.api.internal.tasks.testing.junit.JUnitTestExecutor.runRequest(JUnitTestExecutor.java:175)
  at org.gradle.api.internal.tasks.testing.junit.JUnitTestExecutor.accept(JUnitTestExecutor.java:84)
  at org.gradle.api.internal.tasks.testing.junit.JUnitTestExecutor.accept(JUnitTestExecutor.java:47)
  at org.gradle.api.internal.tasks.testing.junit.AbstractJUnitTestDefinitionProcessor.processTestDefinition(AbstractJUnitTestDefinitionProcessor.java:65)
  at org.gradle.api.internal.tasks.testing.SuiteTestDefinitionProcessor.processTestDefinition(SuiteTestDefinitionProcessor.java:54)
  at java.base/jdk.internal.reflect.DirectMethodHandleAccessor.invoke(DirectMethodHandleAccessor.java:104)
  at java.base/java.lang.reflect.Method.invoke(Method.java:565)
  at org.gradle.internal.dispatch.MethodInvocation.invokeOn(MethodInvocation.java:77)
  at org.gradle.internal.dispatch.ReflectionDispatch.dispatch(ReflectionDispatch.java:28)
  at org.gradle.internal.dispatch.ReflectionDispatch.dispatch(ReflectionDispatch.java:19)
  at org.gradle.internal.dispatch.ContextClassLoaderDispatch.dispatch(ContextClassLoaderDispatch.java:33)
  at org.gradle.internal.dispatch.ProxyDispatchAdapter$DispatchingInvocationHandler.invoke(ProxyDispatchAdapter.java:88)
  at jdk.proxy1/jdk.proxy1.$Proxy4.processTestDefinition(Unknown Source)
  at org.gradle.api.internal.tasks.testing.worker.TestWorker$2.run(TestWorker.java:178)
  at org.gradle.api.internal.tasks.testing.worker.TestWorker.executeAndMaintainThreadName(TestWorker.java:126)
  at org.gradle.api.internal.tasks.testing.worker.TestWorker.execute(TestWorker.java:103)
  at org.gradle.api.internal.tasks.testing.worker.TestWorker.execute(TestWorker.java:63)
  at org.gradle.process.internal.worker.child.ActionExecutionWorker.execute(ActionExecutionWorker.java:56)
  at org.gradle.process.internal.worker.child.SystemApplicationClassLoaderWorker.call(SystemApplicationClassLoaderWorker.java:122)
  at org.gradle.process.internal.worker.child.SystemApplicationClassLoaderWorker.call(SystemApplicationClassLoaderWorker.java:72)
  at worker.org.gradle.process.internal.worker.GradleWorkerMain.run(GradleWorkerMain.java:69)
  at worker.org.gradle.process.internal.worker.GradleWorkerMain.main(GradleWorkerMain.java:74)
</stacktrace>
</test-failure>


TypeScriptCompilerTests_I[jvm] > importHelpersWithLocalCollisions_ts__module_system__has expected errors matching baseline[jvm] FAILED

<test-failure test="com.xemantic.typescript.compiler.TypeScriptCompilerTests_I.identityForSignaturesWithTypeParametersAndAny_ts has expected errors matching identityForSignaturesWithTypeParametersAndAny_errors_txt" platform="jvm">
<message>
--- expected
+++ actual
@@ -1,37 +1,37 @@
-identityForSignaturesWithTypeParametersAndAny.ts(2,5): error TS2403: Subsequent variable declarations must have the same type.  Variable 'f' must be of type '<T, U>(x: T, y: U) => T', but here has type '<T, U>(x: any, y: any) => any'.
-identityForSignaturesWithTypeParametersAndAny.ts(5,5): error TS2403: Subsequent variable declarations must have the same type.  Variable 'g' must be of type '<T, U>(x: T, y: U) => T', but here has type '<T>(x: any, y: any) => any'.
-identityForSignaturesWithTypeParametersAndAny.ts(8,5): error TS2403: Subsequent variable declarations must have the same type.  Variable 'h' must be of type '<T, U>(x: T, y: U) => T', but here has type '(x: any, y: any) => any'.
-identityForSignaturesWithTypeParametersAndAny.ts(11,5): error TS2403: Subsequent variable declarations must have the same type.  Variable 'i' must be of type '<T, U>(x: T, y: U) => T', but here has type '<T, U>(x: any, y: string) => any'.
-identityForSignaturesWithTypeParametersAndAny.ts(14,5): error TS2403: Subsequent variable declarations must have the same type.  Variable 'j' must be of type '<T, U>(x: T, y: U) => T', but here has type '<T, U>(x: any, y: any) => string'.
+identityForSignaturesWithTypeParametersAndAny.ts(2,5): error TS2403: Subsequent variable declarations must have the same type.  Variable 'f' must be of type '(x: error, y: error) => error', but here has type '(x: any, y: any) => any'.
+identityForSignaturesWithTypeParametersAndAny.ts(5,5): error TS2403: Subsequent variable declarations must have the same type.  Variable 'g' must be of type '(x: error, y: error) => error', but here has type '(x: any, y: any) => any'.
+identityForSignaturesWithTypeParametersAndAny.ts(8,5): error TS2403: Subsequent variable declarations must have the same type.  Variable 'h' must be of type '(x: error, y: error) => error', but here has type '(x: any, y: any) => any'.
+identityForSignaturesWithTypeParametersAndAny.ts(11,5): error TS2403: Subsequent variable declarations must have the same type.  Variable 'i' must be of type '(x: error, y: error) => error', but here has type '(x: any, y: string) => any'.
+identityForSignaturesWithTypeParametersAndAny.ts(14,5): error TS2403: Subsequent variable declarations must have the same type.  Variable 'j' must be of type '(x: error, y: error) => error', but here has type '(x: any, y: any) => string'.
 
 
 ==== identityForSignaturesWithTypeParametersAndAny.ts (5 errors) ====
     var f: <T, U>(x: T, y: U) => T;
     var f: <T, U>(x: any, y: any) => any;
         ~
-!!! error TS2403: Subsequent variable declarations must have the same type.  Variable 'f' must be of type '<T, U>(x: T, y: U) => T', but here has type '<T, U>(x: any, y: any) => any'.
+!!! error TS2403: Subsequent variable declarations must have the same type.  Variable 'f' must be of type '(x: error, y: error) => error', but here has type '(x: any, y: any) => any'.
 !!! related TS6203 identityForSignaturesWithTypeParametersAndAny.ts:1:5: 'f' was also declared here.
     
     var g: <T, U>(x: T, y: U) => T;
     var g: <T>(x: any, y: any) => any;
         ~
-!!! error TS2403: Subsequent variable declarations must have the same type.  Variable 'g' must be of type '<T, U>(x: T, y: U) => T', but here has type '<T>(x: any, y: any) => any'.
+!!! error TS2403: Subsequent variable declarations must have the same type.  Variable 'g' must be of type '(x: error, y: error) => error', but here has type '(x: any, y: any) => any'.
 !!! related TS6203 identityForSignaturesWithTypeParametersAndAny.ts:4:5: 'g' was also declared here.
     
     var h: <T, U>(x: T, y: U) => T;
     var h: (x: any, y: any) => any;
         ~
-!!! error TS2403: Subsequent variable declarations must have the same type.  Variable 'h' must be of type '<T, U>(x: T, y: U) => T', but here has type '(x: any, y: any) => any'.
+!!! error TS2403: Subsequent variable declarations must have the same type.  Variable 'h' must be of type '(x: error, y: error) => error', but here has type '(x: any, y: any) => any'.
 !!! related TS6203 identityForSignaturesWithTypeParametersAndAny.ts:7:5: 'h' was also declared here.
     
     var i: <T, U>(x: T, y: U) => T;
     var i: <T, U>(x: any, y: string) => any;
         ~
-!!! error TS2403: Subsequent variable declarations must have the same type.  Variable 'i' must be of type '<T, U>(x: T, y: U) => T', but here has type '<T, U>(x: any, y: string) => any'.
+!!! error TS2403: Subsequent variable declarations must have the same type.  Variable 'i' must be of type '(x: error, y: error) => error', but here has type '(x: any, y: string) => any'.
 !!! related TS6203 identityForSignaturesWithTypeParametersAndAny.ts:10:5: 'i' was also declared here.
     
     var j: <T, U>(x: T, y: U) => T;
     var j: <T, U>(x: any, y: any) => string;
         ~
-!!! error TS2403: Subsequent variable declarations must have the same type.  Variable 'j' must be of type '<T, U>(x: T, y: U) => T', but here has type '<T, U>(x: any, y: any) => string'.
+!!! error TS2403: Subsequent variable declarations must have the same type.  Variable 'j' must be of type '(x: error, y: error) => error', but here has type '(x: any, y: any) => string'.
 !!! related TS6203 identityForSignaturesWithTypeParametersAndAny.ts:13:5: 'j' was also declared here.

</message>
<stacktrace>
  at org.junit.Assert.fail(Assert.java:89)
  at kotlin.test.junit.JUnitAsserter.fail(JUnitSupport.kt:56)
  at kotlin.test.AssertionsKt__AssertionsKt.fail(Assertions.kt:563)
  at kotlin.test.AssertionsKt.fail(Unknown Source)
  at com.xemantic.kotlin.test.SameAsKt.sameAs(SameAs.kt:52)
  at com.xemantic.typescript.compiler.TypeScriptTestSupportKt.errorsMatchBaseline(TypeScriptTestSupport.kt:135)
  at com.xemantic.typescript.compiler.TypeScriptCompilerTests_I.identityForSignaturesWithTypeParametersAndAny_ts has expected errors matching identityForSignaturesWithTypeParametersAndAny_errors_txt(TypeScriptCompilerTests_I.kt:98)
  at java.base/jdk.internal.reflect.DirectMethodHandleAccessor.invoke(DirectMethodHandleAccessor.java:104)
  at java.base/java.lang.reflect.Method.invoke(Method.java:565)
  at org.junit.runners.model.FrameworkMethod$1.runReflectiveCall(FrameworkMethod.java:59)
  at org.junit.internal.runners.model.ReflectiveCallable.run(ReflectiveCallable.java:12)
  at org.junit.runners.model.FrameworkMethod.invokeExplosively(FrameworkMethod.java:56)
  at org.junit.internal.runners.statements.InvokeMethod.evaluate(InvokeMethod.java:17)
  at org.junit.runners.ParentRunner$3.evaluate(ParentRunner.java:306)
  at org.junit.runners.BlockJUnit4ClassRunner$1.evaluate(BlockJUnit4ClassRunner.java:100)
  at org.junit.runners.ParentRunner.runLeaf(ParentRunner.java:366)
  at org.junit.runners.BlockJUnit4ClassRunner.runChild(BlockJUnit4ClassRunner.java:103)
  at org.junit.runners.BlockJUnit4ClassRunner.runChild(BlockJUnit4ClassRunner.java:63)
  at org.junit.runners.ParentRunner$4.run(ParentRunner.java:331)
  at org.junit.runners.ParentRunner$1.schedule(ParentRunner.java:79)
  at org.junit.runners.ParentRunner.runChildren(ParentRunner.java:329)
  at org.junit.runners.ParentRunner.access$100(ParentRunner.java:66)
  at org.junit.runners.ParentRunner$2.evaluate(ParentRunner.java:293)
  at org.junit.runners.ParentRunner$3.evaluate(ParentRunner.java:306)
  at org.junit.runners.ParentRunner.run(ParentRunner.java:413)
  at org.junit.runner.JUnitCore.run(JUnitCore.java:137)
  at org.junit.runner.JUnitCore.run(JUnitCore.java:115)
  at org.gradle.api.internal.tasks.testing.junit.JUnitTestExecutor.runRequest(JUnitTestExecutor.java:175)
  at org.gradle.api.internal.tasks.testing.junit.JUnitTestExecutor.accept(JUnitTestExecutor.java:84)
  at org.gradle.api.internal.tasks.testing.junit.JUnitTestExecutor.accept(JUnitTestExecutor.java:47)
  at org.gradle.api.internal.tasks.testing.junit.AbstractJUnitTestDefinitionProcessor.processTestDefinition(AbstractJUnitTestDefinitionProcessor.java:65)
  at org.gradle.api.internal.tasks.testing.SuiteTestDefinitionProcessor.processTestDefinition(SuiteTestDefinitionProcessor.java:54)
  at java.base/jdk.internal.reflect.DirectMethodHandleAccessor.invoke(DirectMethodHandleAccessor.java:104)
  at java.base/java.lang.reflect.Method.invoke(Method.java:565)
  at org.gradle.internal.dispatch.MethodInvocation.invokeOn(MethodInvocation.java:77)
  at org.gradle.internal.dispatch.ReflectionDispatch.dispatch(ReflectionDispatch.java:28)
  at org.gradle.internal.dispatch.ReflectionDispatch.dispatch(ReflectionDispatch.java:19)
  at org.gradle.internal.dispatch.ContextClassLoaderDispatch.dispatch(ContextClassLoaderDispatch.java:33)
  at org.gradle.internal.dispatch.ProxyDispatchAdapter$DispatchingInvocationHandler.invoke(ProxyDispatchAdapter.java:88)
  at jdk.proxy1/jdk.proxy1.$Proxy4.processTestDefinition(Unknown Source)
  at org.gradle.api.internal.tasks.testing.worker.TestWorker$2.run(TestWorker.java:178)
  at org.gradle.api.internal.tasks.testing.worker.TestWorker.executeAndMaintainThreadName(TestWorker.java:126)
  at org.gradle.api.internal.tasks.testing.worker.TestWorker.execute(TestWorker.java:103)
  at org.gradle.api.internal.tasks.testing.worker.TestWorker.execute(TestWorker.java:63)
  at org.gradle.process.internal.worker.child.ActionExecutionWorker.execute(ActionExecutionWorker.java:56)
  at org.gradle.process.internal.worker.child.SystemApplicationClassLoaderWorker.call(SystemApplicationClassLoaderWorker.java:122)
  at org.gradle.process.internal.worker.child.SystemApplicationClassLoaderWorker.call(SystemApplicationClassLoaderWorker.java:72)
  at worker.org.gradle.process.internal.worker.GradleWorkerMain.run(GradleWorkerMain.java:69)
  at worker.org.gradle.process.internal.worker.GradleWorkerMain.main(GradleWorkerMain.java:74)
</stacktrace>
</test-failure>


TypeScriptCompilerTests_I[jvm] > identityForSignaturesWithTypeParametersAndAny_ts has expected errors matching identityForSignaturesWithTypeParametersAndAny_errors_txt[jvm] FAILED

<test-failure test="com.xemantic.typescript.compiler.TypeScriptCompilerTests_I.interfaceClassMerging_ts has expected errors matching interfaceClassMerging_errors_txt" platform="jvm">
<message>
--- expected
+++ actual
@@ -1,17 +1,9 @@
 interfaceClassMerging.ts(9,5): error TS2564: Property 'additionalProperty' has no initializer and is not definitely assigned in the constructor.
-interfaceClassMerging.ts(17,5): error TS2416: Property 'method' in type 'Bar' is not assignable to the same property in base type 'Foo'.
-  Type '(a: number) => string | undefined' is not assignable to type '(a: number) => string'.
-    Type 'string | undefined' is not assignable to type 'string'.
-      Type 'undefined' is not assignable to type 'string'.
-interfaceClassMerging.ts(25,1): error TS2722: Cannot invoke an object which is possibly 'undefined'.
+interfaceClassMerging.ts(12,21): error TS2339: Property 'method' does not exist on type 'Foo'.
 interfaceClassMerging.ts(38,7): error TS2454: Variable 'obj' is used before being assigned.
-interfaceClassMerging.ts(39,1): error TS2322: Type 'Bar' is not assignable to type '{ method(a: number): string; property: string; additionalProperty: string; additionalMethod(a: number): string; }'.
-  The types returned by 'method(...)' are incompatible between these types.
-    Type 'string | undefined' is not assignable to type 'string'.
-      Type 'undefined' is not assignable to type 'string'.
 
 
-==== interfaceClassMerging.ts (5 errors) ====
+==== interfaceClassMerging.ts (3 errors) ====
     interface Foo {
         method(a: number): string;
         optionalMethod?(a: number): string;
@@ -26,16 +18,13 @@
     
         additionalMethod(a: number): string {
             return this.method(0);
+                        ~~~~~~
+!!! error TS2339: Property 'method' does not exist on type 'Foo'.
         }
     }
     
     class Bar extends Foo {
         method(a: number) {
-        ~~~~~~
-!!! error TS2416: Property 'method' in type 'Bar' is not assignable to the same property in base type 'Foo'.
-!!! error TS2416:   Type '(a: number) => string | undefined' is not assignable to type '(a: number) => string'.
-!!! error TS2416:     Type 'string | undefined' is not assignable to type 'string'.
-!!! error TS2416:       Type 'undefined' is not assignable to type 'string'.
             return this.optionalProperty;
         }
     }
@@ -44,8 +33,6 @@
     var bar = new Bar();
     bar.method(0);
     bar.optionalMethod(1);
-    ~~~~~~~~~~~~~~~~~~
-!!! error TS2722: Cannot invoke an object which is possibly 'undefined'.
     bar.property;
     bar.optionalProperty;
     bar.additionalProperty;
@@ -62,8 +49,3 @@
           ~~~
 !!! error TS2454: Variable 'obj' is used before being assigned.
     obj = bar;
-    ~~~
-!!! error TS2322: Type 'Bar' is not assignable to type '{ method(a: number): string; property: string; additionalProperty: string; additionalMethod(a: number): string; }'.
-!!! error TS2322:   The types returned by 'method(...)' are incompatible between these types.
-!!! error TS2322:     Type 'string | undefined' is not assignable to type 'string'.
-!!! error TS2322:       Type 'undefined' is not assignable to type 'string'.

</message>
<stacktrace>
  at org.junit.Assert.fail(Assert.java:89)
  at kotlin.test.junit.JUnitAsserter.fail(JUnitSupport.kt:56)
  at kotlin.test.AssertionsKt__AssertionsKt.fail(Assertions.kt:563)
  at kotlin.test.AssertionsKt.fail(Unknown Source)
  at com.xemantic.kotlin.test.SameAsKt.sameAs(SameAs.kt:52)
  at com.xemantic.typescript.compiler.TypeScriptTestSupportKt.errorsMatchBaseline(TypeScriptTestSupport.kt:135)
  at com.xemantic.typescript.compiler.TypeScriptCompilerTests_I.interfaceClassMerging_ts has expected errors matching interfaceClassMerging_errors_txt(TypeScriptCompilerTests_I.kt:4963)
  at java.base/jdk.internal.reflect.DirectMethodHandleAccessor.invoke(DirectMethodHandleAccessor.java:104)
  at java.base/java.lang.reflect.Method.invoke(Method.java:565)
  at org.junit.runners.model.FrameworkMethod$1.runReflectiveCall(FrameworkMethod.java:59)
  at org.junit.internal.runners.model.ReflectiveCallable.run(ReflectiveCallable.java:12)
  at org.junit.runners.model.FrameworkMethod.invokeExplosively(FrameworkMethod.java:56)
  at org.junit.internal.runners.statements.InvokeMethod.evaluate(InvokeMethod.java:17)
  at org.junit.runners.ParentRunner$3.evaluate(ParentRunner.java:306)
  at org.junit.runners.BlockJUnit4ClassRunner$1.evaluate(BlockJUnit4ClassRunner.java:100)
  at org.junit.runners.ParentRunner.runLeaf(ParentRunner.java:366)
  at org.junit.runners.BlockJUnit4ClassRunner.runChild(BlockJUnit4ClassRunner.java:103)
  at org.junit.runners.BlockJUnit4ClassRunner.runChild(BlockJUnit4ClassRunner.java:63)
  at org.junit.runners.ParentRunner$4.run(ParentRunner.java:331)
  at org.junit.runners.ParentRunner$1.schedule(ParentRunner.java:79)
  at org.junit.runners.ParentRunner.runChildren(ParentRunner.java:329)
  at org.junit.runners.ParentRunner.access$100(ParentRunner.java:66)
  at org.junit.runners.ParentRunner$2.evaluate(ParentRunner.java:293)
  at org.junit.runners.ParentRunner$3.evaluate(ParentRunner.java:306)
  at org.junit.runners.ParentRunner.run(ParentRunner.java:413)
  at org.junit.runner.JUnitCore.run(JUnitCore.java:137)
  at org.junit.runner.JUnitCore.run(JUnitCore.java:115)
  at org.gradle.api.internal.tasks.testing.junit.JUnitTestExecutor.runRequest(JUnitTestExecutor.java:175)
  at org.gradle.api.internal.tasks.testing.junit.JUnitTestExecutor.accept(JUnitTestExecutor.java:84)
  at org.gradle.api.internal.tasks.testing.junit.JUnitTestExecutor.accept(JUnitTestExecutor.java:47)
  at org.gradle.api.internal.tasks.testing.junit.AbstractJUnitTestDefinitionProcessor.processTestDefinition(AbstractJUnitTestDefinitionProcessor.java:65)
  at org.gradle.api.internal.tasks.testing.SuiteTestDefinitionProcessor.processTestDefinition(SuiteTestDefinitionProcessor.java:54)
  at java.base/jdk.internal.reflect.DirectMethodHandleAccessor.invoke(DirectMethodHandleAccessor.java:104)
  at java.base/java.lang.reflect.Method.invoke(Method.java:565)
  at org.gradle.internal.dispatch.MethodInvocation.invokeOn(MethodInvocation.java:77)
  at org.gradle.internal.dispatch.ReflectionDispatch.dispatch(ReflectionDispatch.java:28)
  at org.gradle.internal.dispatch.ReflectionDispatch.dispatch(ReflectionDispatch.java:19)
  at org.gradle.internal.dispatch.ContextClassLoaderDispatch.dispatch(ContextClassLoaderDispatch.java:33)
  at org.gradle.internal.dispatch.ProxyDispatchAdapter$DispatchingInvocationHandler.invoke(ProxyDispatchAdapter.java:88)
  at jdk.proxy1/jdk.proxy1.$Proxy4.processTestDefinition(Unknown Source)
  at org.gradle.api.internal.tasks.testing.worker.TestWorker$2.run(TestWorker.java:178)
  at org.gradle.api.internal.tasks.testing.worker.TestWorker.executeAndMaintainThreadName(TestWorker.java:126)
  at org.gradle.api.internal.tasks.testing.worker.TestWorker.execute(TestWorker.java:103)
  at org.gradle.api.internal.tasks.testing.worker.TestWorker.execute(TestWorker.java:63)
  at org.gradle.process.internal.worker.child.ActionExecutionWorker.execute(ActionExecutionWorker.java:56)
  at org.gradle.process.internal.worker.child.SystemApplicationClassLoaderWorker.call(SystemApplicationClassLoaderWorker.java:122)
  at org.gradle.process.internal.worker.child.SystemApplicationClassLoaderWorker.call(SystemApplicationClassLoaderWorker.java:72)
  at worker.org.gradle.process.internal.worker.GradleWorkerMain.run(GradleWorkerMain.java:69)
  at worker.org.gradle.process.internal.worker.GradleWorkerMain.main(GradleWorkerMain.java:74)
</stacktrace>
</test-failure>


TypeScriptCompilerTests_I[jvm] > interfaceClassMerging_ts has expected errors matching interfaceClassMerging_errors_txt[jvm] FAILED

<test-failure test="com.xemantic.typescript.compiler.TypeScriptCompilerTests_I.inlineSources2_ts__target_es2015__compiles to JavaScript matching baseline" platform="jvm">
<message>
--- expected
+++ actual
@@ -15,4 +15,3 @@
 console.log(a);
 var b = 0;
 console.log(b);
-//# sourceMappingURL=data:application/json;base64,eyJ2ZXJzaW9uIjozLCJmaWxlIjoib3V0LmpzIiwic291cmNlUm9vdCI6IiIsInNvdXJjZXMiOlsiYS50cyIsImIudHMiXSwibmFtZXMiOltdLCJtYXBwaW5ncyI6IjtBQUFBLElBQUksQ0FBQyxHQUFHLENBQUMsQ0FBQztBQUNWLE9BQU8sQ0FBQyxHQUFHLENBQUMsQ0FBQyxDQUFDLENBQUM7QUNEZixJQUFJLENBQUMsR0FBRyxDQUFDLENBQUM7QUFDVixPQUFPLENBQUMsR0FBRyxDQUFDLENBQUMsQ0FBQyxDQUFDIiwic291cmNlc0NvbnRlbnQiOlsidmFyIGEgPSAwO1xuY29uc29sZS5sb2coYSk7XG4iLCJ2YXIgYiA9IDA7XG5jb25zb2xlLmxvZyhiKTtcbiJdfQ==

</message>
<stacktrace>
  at org.junit.Assert.fail(Assert.java:89)
  at kotlin.test.junit.JUnitAsserter.fail(JUnitSupport.kt:56)
  at kotlin.test.AssertionsKt__AssertionsKt.fail(Assertions.kt:563)
  at kotlin.test.AssertionsKt.fail(Unknown Source)
  at com.xemantic.kotlin.test.SameAsKt.sameAs(SameAs.kt:52)
  at com.xemantic.typescript.compiler.TypeScriptTestSupportKt.sameAs(TypeScriptTestSupport.kt:99)
  at com.xemantic.typescript.compiler.TypeScriptCompilerTests_I.inlineSources2_ts__target_es2015__compiles to JavaScript matching baseline(TypeScriptCompilerTests_I.kt:4494)
  at java.base/jdk.internal.reflect.DirectMethodHandleAccessor.invoke(DirectMethodHandleAccessor.java:104)
  at java.base/java.lang.reflect.Method.invoke(Method.java:565)
  at org.junit.runners.model.FrameworkMethod$1.runReflectiveCall(FrameworkMethod.java:59)
  at org.junit.internal.runners.model.ReflectiveCallable.run(ReflectiveCallable.java:12)
  at org.junit.runners.model.FrameworkMethod.invokeExplosively(FrameworkMethod.java:56)
  at org.junit.internal.runners.statements.InvokeMethod.evaluate(InvokeMethod.java:17)
  at org.junit.runners.ParentRunner$3.evaluate(ParentRunner.java:306)
  at org.junit.runners.BlockJUnit4ClassRunner$1.evaluate(BlockJUnit4ClassRunner.java:100)
  at org.junit.runners.ParentRunner.runLeaf(ParentRunner.java:366)
  at org.junit.runners.BlockJUnit4ClassRunner.runChild(BlockJUnit4ClassRunner.java:103)
  at org.junit.runners.BlockJUnit4ClassRunner.runChild(BlockJUnit4ClassRunner.java:63)
  at org.junit.runners.ParentRunner$4.run(ParentRunner.java:331)
  at org.junit.runners.ParentRunner$1.schedule(ParentRunner.java:79)
  at org.junit.runners.ParentRunner.runChildren(ParentRunner.java:329)
  at org.junit.runners.ParentRunner.access$100(ParentRunner.java:66)
  at org.junit.runners.ParentRunner$2.evaluate(ParentRunner.java:293)
  at org.junit.runners.ParentRunner$3.evaluate(ParentRunner.java:306)
  at org.junit.runners.ParentRunner.run(ParentRunner.java:413)
  at org.junit.runner.JUnitCore.run(JUnitCore.java:137)
  at org.junit.runner.JUnitCore.run(JUnitCore.java:115)
  at org.gradle.api.internal.tasks.testing.junit.JUnitTestExecutor.runRequest(JUnitTestExecutor.java:175)
  at org.gradle.api.internal.tasks.testing.junit.JUnitTestExecutor.accept(JUnitTestExecutor.java:84)
  at org.gradle.api.internal.tasks.testing.junit.JUnitTestExecutor.accept(JUnitTestExecutor.java:47)
  at org.gradle.api.internal.tasks.testing.junit.AbstractJUnitTestDefinitionProcessor.processTestDefinition(AbstractJUnitTestDefinitionProcessor.java:65)
  at org.gradle.api.internal.tasks.testing.SuiteTestDefinitionProcessor.processTestDefinition(SuiteTestDefinitionProcessor.java:54)
  at java.base/jdk.internal.reflect.DirectMethodHandleAccessor.invoke(DirectMethodHandleAccessor.java:104)
  at java.base/java.lang.reflect.Method.invoke(Method.java:565)
  at org.gradle.internal.dispatch.MethodInvocation.invokeOn(MethodInvocation.java:77)
  at org.gradle.internal.dispatch.ReflectionDispatch.dispatch(ReflectionDispatch.java:28)
  at org.gradle.internal.dispatch.ReflectionDispatch.dispatch(ReflectionDispatch.java:19)
  at org.gradle.internal.dispatch.ContextClassLoaderDispatch.dispatch(ContextClassLoaderDispatch.java:33)
  at org.gradle.internal.dispatch.ProxyDispatchAdapter$DispatchingInvocationHandler.invoke(ProxyDispatchAdapter.java:88)
  at jdk.proxy1/jdk.proxy1.$Proxy4.processTestDefinition(Unknown Source)
  at org.gradle.api.internal.tasks.testing.worker.TestWorker$2.run(TestWorker.java:178)
  at org.gradle.api.internal.tasks.testing.worker.TestWorker.executeAndMaintainThreadName(TestWorker.java:126)
  at org.gradle.api.internal.tasks.testing.worker.TestWorker.execute(TestWorker.java:103)
  at org.gradle.api.internal.tasks.testing.worker.TestWorker.execute(TestWorker.java:63)
  at org.gradle.process.internal.worker.child.ActionExecutionWorker.execute(ActionExecutionWorker.java:56)
  at org.gradle.process.internal.worker.child.SystemApplicationClassLoaderWorker.call(SystemApplicationClassLoaderWorker.java:122)
  at org.gradle.process.internal.worker.child.SystemApplicationClassLoaderWorker.call(SystemApplicationClassLoaderWorker.java:72)
  at worker.org.gradle.process.internal.worker.GradleWorkerMain.run(GradleWorkerMain.java:69)
  at worker.org.gradle.process.internal.worker.GradleWorkerMain.main(GradleWorkerMain.java:74)
</stacktrace>
</test-failure>


TypeScriptCompilerTests_I[jvm] > inlineSources2_ts__target_es2015__compiles to JavaScript matching baseline[jvm] FAILED

<test-failure test="com.xemantic.typescript.compiler.TypeScriptCompilerTests_I.importedAliasesInTypePositions_ts compiles to JavaScript matching importedAliasesInTypePositions_js" platform="jvm">
<message>
--- expected
+++ actual
@@ -22,7 +22,6 @@
 define(["require", "exports"], function (require, exports) {
     "use strict";
     Object.defineProperty(exports, "__esModule", { value: true });
-    exports.elaborate = void 0;
     var elaborate;
     (function (elaborate) {
         var nested;
@@ -39,10 +38,10 @@
                 })(name = mod.name || (mod.name = {}));
             })(mod = nested.mod || (nested.mod = {}));
         })(nested = elaborate.nested || (elaborate.nested = {}));
-    })(elaborate || (exports.elaborate = elaborate = {}));
+    })(elaborate || (elaborate = {}));
 });
 //// [file2.js]
-define(["require", "exports"], function (require, exports) {
+define(["require", "exports", "file1"], function (require, exports, RT_ALIAS) {
     "use strict";
     Object.defineProperty(exports, "__esModule", { value: true });
     exports.ImportingModule = void 0;

</message>
<stacktrace>
  at org.junit.Assert.fail(Assert.java:89)
  at kotlin.test.junit.JUnitAsserter.fail(JUnitSupport.kt:56)
  at kotlin.test.AssertionsKt__AssertionsKt.fail(Assertions.kt:563)
  at kotlin.test.AssertionsKt.fail(Unknown Source)
  at com.xemantic.kotlin.test.SameAsKt.sameAs(SameAs.kt:52)
  at com.xemantic.typescript.compiler.TypeScriptTestSupportKt.sameAs(TypeScriptTestSupport.kt:99)
  at com.xemantic.typescript.compiler.TypeScriptCompilerTests_I.importedAliasesInTypePositions_ts compiles to JavaScript matching importedAliasesInTypePositions_js(TypeScriptCompilerTests_I.kt:2149)
  at java.base/jdk.internal.reflect.DirectMethodHandleAccessor.invoke(DirectMethodHandleAccessor.java:104)
  at java.base/java.lang.reflect.Method.invoke(Method.java:565)
  at org.junit.runners.model.FrameworkMethod$1.runReflectiveCall(FrameworkMethod.java:59)
  at org.junit.internal.runners.model.ReflectiveCallable.run(ReflectiveCallable.java:12)
  at org.junit.runners.model.FrameworkMethod.invokeExplosively(FrameworkMethod.java:56)
  at org.junit.internal.runners.statements.InvokeMethod.evaluate(InvokeMethod.java:17)
  at org.junit.runners.ParentRunner$3.evaluate(ParentRunner.java:306)
  at org.junit.runners.BlockJUnit4ClassRunner$1.evaluate(BlockJUnit4ClassRunner.java:100)
  at org.junit.runners.ParentRunner.runLeaf(ParentRunner.java:366)
  at org.junit.runners.BlockJUnit4ClassRunner.runChild(BlockJUnit4ClassRunner.java:103)
  at org.junit.runners.BlockJUnit4ClassRunner.runChild(BlockJUnit4ClassRunner.java:63)
  at org.junit.runners.ParentRunner$4.run(ParentRunner.java:331)
  at org.junit.runners.ParentRunner$1.schedule(ParentRunner.java:79)
  at org.junit.runners.ParentRunner.runChildren(ParentRunner.java:329)
  at org.junit.runners.ParentRunner.access$100(ParentRunner.java:66)
  at org.junit.runners.ParentRunner$2.evaluate(ParentRunner.java:293)
  at org.junit.runners.ParentRunner$3.evaluate(ParentRunner.java:306)
  at org.junit.runners.ParentRunner.run(ParentRunner.java:413)
  at org.junit.runner.JUnitCore.run(JUnitCore.java:137)
  at org.junit.runner.JUnitCore.run(JUnitCore.java:115)
  at org.gradle.api.internal.tasks.testing.junit.JUnitTestExecutor.runRequest(JUnitTestExecutor.java:175)
  at org.gradle.api.internal.tasks.testing.junit.JUnitTestExecutor.accept(JUnitTestExecutor.java:84)
  at org.gradle.api.internal.tasks.testing.junit.JUnitTestExecutor.accept(JUnitTestExecutor.java:47)
  at org.gradle.api.internal.tasks.testing.junit.AbstractJUnitTestDefinitionProcessor.processTestDefinition(AbstractJUnitTestDefinitionProcessor.java:65)
  at org.gradle.api.internal.tasks.testing.SuiteTestDefinitionProcessor.processTestDefinition(SuiteTestDefinitionProcessor.java:54)
  at java.base/jdk.internal.reflect.DirectMethodHandleAccessor.invoke(DirectMethodHandleAccessor.java:104)
  at java.base/java.lang.reflect.Method.invoke(Method.java:565)
  at org.gradle.internal.dispatch.MethodInvocation.invokeOn(MethodInvocation.java:77)
  at org.gradle.internal.dispatch.ReflectionDispatch.dispatch(ReflectionDispatch.java:28)
  at org.gradle.internal.dispatch.ReflectionDispatch.dispatch(ReflectionDispatch.java:19)
  at org.gradle.internal.dispatch.ContextClassLoaderDispatch.dispatch(ContextClassLoaderDispatch.java:33)
  at org.gradle.internal.dispatch.ProxyDispatchAdapter$DispatchingInvocationHandler.invoke(ProxyDispatchAdapter.java:88)
  at jdk.proxy1/jdk.proxy1.$Proxy4.processTestDefinition(Unknown Source)
  at org.gradle.api.internal.tasks.testing.worker.TestWorker$2.run(TestWorker.java:178)
  at org.gradle.api.internal.tasks.testing.worker.TestWorker.executeAndMaintainThreadName(TestWorker.java:126)
  at org.gradle.api.internal.tasks.testing.worker.TestWorker.execute(TestWorker.java:103)
  at org.gradle.api.internal.tasks.testing.worker.TestWorker.execute(TestWorker.java:63)
  at org.gradle.process.internal.worker.child.ActionExecutionWorker.execute(ActionExecutionWorker.java:56)
  at org.gradle.process.internal.worker.child.SystemApplicationClassLoaderWorker.call(SystemApplicationClassLoaderWorker.java:122)
  at org.gradle.process.internal.worker.child.SystemApplicationClassLoaderWorker.call(SystemApplicationClassLoaderWorker.java:72)
  at worker.org.gradle.process.internal.worker.GradleWorkerMain.run(GradleWorkerMain.java:69)
  at worker.org.gradle.process.internal.worker.GradleWorkerMain.main(GradleWorkerMain.java:74)
</stacktrace>
</test-failure>


TypeScriptCompilerTests_I[jvm] > importedAliasesInTypePositions_ts compiles to JavaScript matching importedAliasesInTypePositions_js[jvm] FAILED

<test-failure test="com.xemantic.typescript.compiler.TypeScriptCompilerTests_I.isDeclarationVisibleNodeKinds_ts__target_es2015__has expected errors matching baseline" platform="jvm">
<message>
--- expected
+++ actual
@@ -1,15 +1,10 @@
 isDeclarationVisibleNodeKinds.ts(4,9): error TS2322: Type 'undefined' is not assignable to type '<T>(data: T) => T'.
 isDeclarationVisibleNodeKinds.ts(11,9): error TS2322: Type 'undefined' is not assignable to type 'new <T>(data: T) => T'.
-isDeclarationVisibleNodeKinds.ts(18,9): error TS2322: Type 'undefined' is not assignable to type 'number | (new <T>(data: T) => T)'.
-isDeclarationVisibleNodeKinds.ts(25,9): error TS2322: Type 'undefined' is not assignable to type '(new <T>(data: T) => T)[]'.
-isDeclarationVisibleNodeKinds.ts(33,9): error TS2322: Type 'undefined' is not assignable to type 'new <T>(data: T) => T'.
-isDeclarationVisibleNodeKinds.ts(40,9): error TS2322: Type 'undefined' is not assignable to type '[new <T>(data: T) => T, number]'.
-isDeclarationVisibleNodeKinds.ts(47,9): error TS2322: Type 'undefined' is not assignable to type '(new <T>(data: T) => T)[]'.
-isDeclarationVisibleNodeKinds.ts(54,9): error TS2322: Type 'undefined' is not assignable to type '(<T>(data: T) => T)[]'.
+isDeclarationVisibleNodeKinds.ts(18,9): error TS2322: Type 'undefined' is not assignable to type 'number | { ... }'.
 isDeclarationVisibleNodeKinds.ts(62,13): error TS2322: Type 'undefined' is not assignable to type '<T>(data: T) => T'.
 
 
-==== isDeclarationVisibleNodeKinds.ts (9 errors) ====
+==== isDeclarationVisibleNodeKinds.ts (4 errors) ====
     // Function types
     namespace schema {
         export function createValidator1(schema: any): <T>(data: T) => T {
@@ -33,7 +28,7 @@
          export function createValidator3(schema: any): number | { new <T>(data: T): T; }  {
             return undefined;
             ~~~~~~
-!!! error TS2322: Type 'undefined' is not assignable to type 'number | (new <T>(data: T) => T)'.
+!!! error TS2322: Type 'undefined' is not assignable to type 'number | { ... }'.
         }
     }
     
@@ -41,8 +36,6 @@
     namespace schema {
          export function createValidator4(schema: any): { new <T>(data: T): T; }[] {
             return undefined;
-            ~~~~~~
-!!! error TS2322: Type 'undefined' is not assignable to type '(new <T>(data: T) => T)[]'.
         }
     }
     
@@ -51,8 +44,6 @@
     namespace schema {
         export function createValidator5(schema: any): { new <T>(data: T): T } {
             return undefined;
-            ~~~~~~
-!!! error TS2322: Type 'undefined' is not assignable to type 'new <T>(data: T) => T'.
         }
     }
     
@@ -60,8 +51,6 @@
     namespace schema {
         export function createValidator6(schema: any): [ new <T>(data: T) => T, number] {
             return undefined;
-            ~~~~~~
-!!! error TS2322: Type 'undefined' is not assignable to type '[new <T>(data: T) => T, number]'.
         }
     }
     
@@ -69,8 +58,6 @@
     namespace schema {
         export function createValidator7(schema: any): (new <T>(data: T)=>T )[] {
             return undefined;
-            ~~~~~~
-!!! error TS2322: Type 'undefined' is not assignable to type '(new <T>(data: T) => T)[]'.
         }
     }
     
@@ -78,8 +65,6 @@
     namespace schema {
         export function createValidator8(schema: any): Array<{ <T>(data: T) : T}> {
             return undefined;
-            ~~~~~~
-!!! error TS2322: Type 'undefined' is not assignable to type '(<T>(data: T) => T)[]'.
         }
     }
     

</message>
<stacktrace>
  at org.junit.Assert.fail(Assert.java:89)
  at kotlin.test.junit.JUnitAsserter.fail(JUnitSupport.kt:56)
  at kotlin.test.AssertionsKt__AssertionsKt.fail(Assertions.kt:563)
  at kotlin.test.AssertionsKt.fail(Unknown Source)
  at com.xemantic.kotlin.test.SameAsKt.sameAs(SameAs.kt:52)
  at com.xemantic.typescript.compiler.TypeScriptTestSupportKt.errorsMatchBaseline(TypeScriptTestSupport.kt:135)
  at com.xemantic.typescript.compiler.TypeScriptCompilerTests_I.isDeclarationVisibleNodeKinds_ts__target_es2015__has expected errors matching baseline(TypeScriptCompilerTests_I.kt:6475)
  at java.base/jdk.internal.reflect.DirectMethodHandleAccessor.invoke(DirectMethodHandleAccessor.java:104)
  at java.base/java.lang.reflect.Method.invoke(Method.java:565)
  at org.junit.runners.model.FrameworkMethod$1.runReflectiveCall(FrameworkMethod.java:59)
  at org.junit.internal.runners.model.ReflectiveCallable.run(ReflectiveCallable.java:12)
  at org.junit.runners.model.FrameworkMethod.invokeExplosively(FrameworkMethod.java:56)
  at org.junit.internal.runners.statements.InvokeMethod.evaluate(InvokeMethod.java:17)
  at org.junit.runners.ParentRunner$3.evaluate(ParentRunner.java:306)
  at org.junit.runners.BlockJUnit4ClassRunner$1.evaluate(BlockJUnit4ClassRunner.java:100)
  at org.junit.runners.ParentRunner.runLeaf(ParentRunner.java:366)
  at org.junit.runners.BlockJUnit4ClassRunner.runChild(BlockJUnit4ClassRunner.java:103)
  at org.junit.runners.BlockJUnit4ClassRunner.runChild(BlockJUnit4ClassRunner.java:63)
  at org.junit.runners.ParentRunner$4.run(ParentRunner.java:331)
  at org.junit.runners.ParentRunner$1.schedule(ParentRunner.java:79)
  at org.junit.runners.ParentRunner.runChildren(ParentRunner.java:329)
  at org.junit.runners.ParentRunner.access$100(ParentRunner.java:66)
  at org.junit.runners.ParentRunner$2.evaluate(ParentRunner.java:293)
  at org.junit.runners.ParentRunner$3.evaluate(ParentRunner.java:306)
  at org.junit.runners.ParentRunner.run(ParentRunner.java:413)
  at org.junit.runner.JUnitCore.run(JUnitCore.java:137)
  at org.junit.runner.JUnitCore.run(JUnitCore.java:115)
  at org.gradle.api.internal.tasks.testing.junit.JUnitTestExecutor.runRequest(JUnitTestExecutor.java:175)
  at org.gradle.api.internal.tasks.testing.junit.JUnitTestExecutor.accept(JUnitTestExecutor.java:84)
  at org.gradle.api.internal.tasks.testing.junit.JUnitTestExecutor.accept(JUnitTestExecutor.java:47)
  at org.gradle.api.internal.tasks.testing.junit.AbstractJUnitTestDefinitionProcessor.processTestDefinition(AbstractJUnitTestDefinitionProcessor.java:65)
  at org.gradle.api.internal.tasks.testing.SuiteTestDefinitionProcessor.processTestDefinition(SuiteTestDefinitionProcessor.java:54)
  at java.base/jdk.internal.reflect.DirectMethodHandleAccessor.invoke(DirectMethodHandleAccessor.java:104)
  at java.base/java.lang.reflect.Method.invoke(Method.java:565)
  at org.gradle.internal.dispatch.MethodInvocation.invokeOn(MethodInvocation.java:77)
  at org.gradle.internal.dispatch.ReflectionDispatch.dispatch(ReflectionDispatch.java:28)
  at org.gradle.internal.dispatch.ReflectionDispatch.dispatch(ReflectionDispatch.java:19)
  at org.gradle.internal.dispatch.ContextClassLoaderDispatch.dispatch(ContextClassLoaderDispatch.java:33)
  at org.gradle.internal.dispatch.ProxyDispatchAdapter$DispatchingInvocationHandler.invoke(ProxyDispatchAdapter.java:88)
  at jdk.proxy1/jdk.proxy1.$Proxy4.processTestDefinition(Unknown Source)
  at org.gradle.api.internal.tasks.testing.worker.TestWorker$2.run(TestWorker.java:178)
  at org.gradle.api.internal.tasks.testing.worker.TestWorker.executeAndMaintainThreadName(TestWorker.java:126)
  at org.gradle.api.internal.tasks.testing.worker.TestWorker.execute(TestWorker.java:103)
  at org.gradle.api.internal.tasks.testing.worker.TestWorker.execute(TestWorker.java:63)
  at org.gradle.process.internal.worker.child.ActionExecutionWorker.execute(ActionExecutionWorker.java:56)
  at org.gradle.process.internal.worker.child.SystemApplicationClassLoaderWorker.call(SystemApplicationClassLoaderWorker.java:122)
  at org.gradle.process.internal.worker.child.SystemApplicationClassLoaderWorker.call(SystemApplicationClassLoaderWorker.java:72)
  at worker.org.gradle.process.internal.worker.GradleWorkerMain.run(GradleWorkerMain.java:69)
  at worker.org.gradle.process.internal.worker.GradleWorkerMain.main(GradleWorkerMain.java:74)
</stacktrace>
</test-failure>


TypeScriptCompilerTests_I[jvm] > isDeclarationVisibleNodeKinds_ts__target_es2015__has expected errors matching baseline[jvm] FAILED

<test-failure test="com.xemantic.typescript.compiler.TypeScriptCompilerTests_I.inheritSameNamePropertiesWithDifferentOptionality_ts has expected errors matching inheritSameNamePropertiesWithDifferentOptionality_errors_txt" platform="jvm">
<message>
Expected diagnostics from baseline typescript-repo/tests/baselines/reference/inheritSameNamePropertiesWithDifferentOptionality.errors.txt but none produced
</message>
<stacktrace>
  at com.xemantic.typescript.compiler.TypeScriptTestSupportKt.errorsMatchBaseline(TypeScriptTestSupport.kt:125)
  at com.xemantic.typescript.compiler.TypeScriptCompilerTests_I.inheritSameNamePropertiesWithDifferentOptionality_ts has expected errors matching inheritSameNamePropertiesWithDifferentOptionality_errors_txt(TypeScriptCompilerTests_I.kt:3899)
  at java.base/jdk.internal.reflect.DirectMethodHandleAccessor.invoke(DirectMethodHandleAccessor.java:104)
  at java.base/java.lang.reflect.Method.invoke(Method.java:565)
  at org.junit.runners.model.FrameworkMethod$1.runReflectiveCall(FrameworkMethod.java:59)
  at org.junit.internal.runners.model.ReflectiveCallable.run(ReflectiveCallable.java:12)
  at org.junit.runners.model.FrameworkMethod.invokeExplosively(FrameworkMethod.java:56)
  at org.junit.internal.runners.statements.InvokeMethod.evaluate(InvokeMethod.java:17)
  at org.junit.runners.ParentRunner$3.evaluate(ParentRunner.java:306)
  at org.junit.runners.BlockJUnit4ClassRunner$1.evaluate(BlockJUnit4ClassRunner.java:100)
  at org.junit.runners.ParentRunner.runLeaf(ParentRunner.java:366)
  at org.junit.runners.BlockJUnit4ClassRunner.runChild(BlockJUnit4ClassRunner.java:103)
  at org.junit.runners.BlockJUnit4ClassRunner.runChild(BlockJUnit4ClassRunner.java:63)
  at org.junit.runners.ParentRunner$4.run(ParentRunner.java:331)
  at org.junit.runners.ParentRunner$1.schedule(ParentRunner.java:79)
  at org.junit.runners.ParentRunner.runChildren(ParentRunner.java:329)
  at org.junit.runners.ParentRunner.access$100(ParentRunner.java:66)
  at org.junit.runners.ParentRunner$2.evaluate(ParentRunner.java:293)
  at org.junit.runners.ParentRunner$3.evaluate(ParentRunner.java:306)
  at org.junit.runners.ParentRunner.run(ParentRunner.java:413)
  at org.junit.runner.JUnitCore.run(JUnitCore.java:137)
  at org.junit.runner.JUnitCore.run(JUnitCore.java:115)
  at org.gradle.api.internal.tasks.testing.junit.JUnitTestExecutor.runRequest(JUnitTestExecutor.java:175)
  at org.gradle.api.internal.tasks.testing.junit.JUnitTestExecutor.accept(JUnitTestExecutor.java:84)
  at org.gradle.api.internal.tasks.testing.junit.JUnitTestExecutor.accept(JUnitTestExecutor.java:47)
  at org.gradle.api.internal.tasks.testing.junit.AbstractJUnitTestDefinitionProcessor.processTestDefinition(AbstractJUnitTestDefinitionProcessor.java:65)
  at org.gradle.api.internal.tasks.testing.SuiteTestDefinitionProcessor.processTestDefinition(SuiteTestDefinitionProcessor.java:54)
  at java.base/jdk.internal.reflect.DirectMethodHandleAccessor.invoke(DirectMethodHandleAccessor.java:104)
  at java.base/java.lang.reflect.Method.invoke(Method.java:565)
  at org.gradle.internal.dispatch.MethodInvocation.invokeOn(MethodInvocation.java:77)
  at org.gradle.internal.dispatch.ReflectionDispatch.dispatch(ReflectionDispatch.java:28)
  at org.gradle.internal.dispatch.ReflectionDispatch.dispatch(ReflectionDispatch.java:19)
  at org.gradle.internal.dispatch.ContextClassLoaderDispatch.dispatch(ContextClassLoaderDispatch.java:33)
  at org.gradle.internal.dispatch.ProxyDispatchAdapter$DispatchingInvocationHandler.invoke(ProxyDispatchAdapter.java:88)
  at jdk.proxy1/jdk.proxy1.$Proxy4.processTestDefinition(Unknown Source)
  at org.gradle.api.internal.tasks.testing.worker.TestWorker$2.run(TestWorker.java:178)
  at org.gradle.api.internal.tasks.testing.worker.TestWorker.executeAndMaintainThreadName(TestWorker.java:126)
  at org.gradle.api.internal.tasks.testing.worker.TestWorker.execute(TestWorker.java:103)
  at org.gradle.api.internal.tasks.testing.worker.TestWorker.execute(TestWorker.java:63)
  at org.gradle.process.internal.worker.child.ActionExecutionWorker.execute(ActionExecutionWorker.java:56)
  at org.gradle.process.internal.worker.child.SystemApplicationClassLoaderWorker.call(SystemApplicationClassLoaderWorker.java:122)
  at org.gradle.process.internal.worker.child.SystemApplicationClassLoaderWorker.call(SystemApplicationClassLoaderWorker.java:72)
  at worker.org.gradle.process.internal.worker.GradleWorkerMain.run(GradleWorkerMain.java:69)
  at worker.org.gradle.process.internal.worker.GradleWorkerMain.main(GradleWorkerMain.java:74)
</stacktrace>
</test-failure>


TypeScriptCompilerTests_I[jvm] > inheritSameNamePropertiesWithDifferentOptionality_ts has expected errors matching inheritSameNamePropertiesWithDifferentOptionality_errors_txt[jvm] FAILED

<test-failure test="com.xemantic.typescript.compiler.TypeScriptCompilerTests_I.inferFromGenericFunctionReturnTypes3_ts has expected errors matching inferFromGenericFunctionReturnTypes3_errors_txt" platform="jvm">
<message>
--- expected
+++ actual
@@ -1,12 +1,7 @@
-inferFromGenericFunctionReturnTypes3.ts(28,30): error TS2345: Argument of type 'string' is not assignable to parameter of type '"bar"'.
-inferFromGenericFunctionReturnTypes3.ts(180,26): error TS2322: Type '{ state: State.A; }[] | { state: State.B; }[]' is not assignable to type '{ state: State.A; }[]'.
-  Type '{ state: State.B; }[]' is not assignable to type '{ state: State.A; }[]'.
-    Type '{ state: State.B; }' is not assignable to type '{ state: State.A; }'.
-      Types of property 'state' are incompatible.
-        Type 'State.B' is not assignable to type 'State.A'.
+inferFromGenericFunctionReturnTypes3.ts(26,29): error TS2345: Argument of type 'string' is not assignable to parameter of type '"bar"'.
 
 
-==== inferFromGenericFunctionReturnTypes3.ts (2 errors) ====
+==== inferFromGenericFunctionReturnTypes3.ts (1 errors) ====
     // Repros from #5487
     
     function truePromise(): Promise<true> {
@@ -33,10 +28,10 @@
         const value = 'bar';
         const inferred = wrapBar(value);
         const literal = wrapBar('bar');
+                                ~~~~~
+!!! error TS2345: Argument of type 'string' is not assignable to parameter of type '"bar"'.
         const value2: string = 'bar';
         const literal2 = wrapBar(value2);  // Error
-                                 ~~~~~~
-!!! error TS2345: Argument of type 'string' is not assignable to parameter of type '"bar"'.
         return wrap(value);
     }
     
@@ -189,13 +184,6 @@
     type Foo = { state: State }
     declare function bar<T>(f: () => T[]): T[];
     let x: Foo[] = bar(() => !!true ? [{ state: State.A }] : [{ state: State.B }]);  // Error
-                             ~~~~~~~~~~~~~~~~~~~~~~~~~~~~~~~~~~~~~~~~~~~~~~~~~~~~
-!!! error TS2322: Type '{ state: State.A; }[] | { state: State.B; }[]' is not assignable to type '{ state: State.A; }[]'.
-!!! error TS2322:   Type '{ state: State.B; }[]' is not assignable to type '{ state: State.A; }[]'.
-!!! error TS2322:     Type '{ state: State.B; }' is not assignable to type '{ state: State.A; }'.
-!!! error TS2322:       Types of property 'state' are incompatible.
-!!! error TS2322:         Type 'State.B' is not assignable to type 'State.A'.
-!!! related TS6502 inferFromGenericFunctionReturnTypes3.ts:179:28: The expected type comes from the return type of this signature.
     
     // Repros from #31443
     

</message>
<stacktrace>
  at org.junit.Assert.fail(Assert.java:89)
  at kotlin.test.junit.JUnitAsserter.fail(JUnitSupport.kt:56)
  at kotlin.test.AssertionsKt__AssertionsKt.fail(Assertions.kt:563)
  at kotlin.test.AssertionsKt.fail(Unknown Source)
  at com.xemantic.kotlin.test.SameAsKt.sameAs(SameAs.kt:52)
  at com.xemantic.typescript.compiler.TypeScriptTestSupportKt.errorsMatchBaseline(TypeScriptTestSupport.kt:135)
  at com.xemantic.typescript.compiler.TypeScriptCompilerTests_I.inferFromGenericFunctionReturnTypes3_ts has expected errors matching inferFromGenericFunctionReturnTypes3_errors_txt(TypeScriptCompilerTests_I.kt:3241)
  at java.base/jdk.internal.reflect.DirectMethodHandleAccessor.invoke(DirectMethodHandleAccessor.java:104)
  at java.base/java.lang.reflect.Method.invoke(Method.java:565)
  at org.junit.runners.model.FrameworkMethod$1.runReflectiveCall(FrameworkMethod.java:59)
  at org.junit.internal.runners.model.ReflectiveCallable.run(ReflectiveCallable.java:12)
  at org.junit.runners.model.FrameworkMethod.invokeExplosively(FrameworkMethod.java:56)
  at org.junit.internal.runners.statements.InvokeMethod.evaluate(InvokeMethod.java:17)
  at org.junit.runners.ParentRunner$3.evaluate(ParentRunner.java:306)
  at org.junit.runners.BlockJUnit4ClassRunner$1.evaluate(BlockJUnit4ClassRunner.java:100)
  at org.junit.runners.ParentRunner.runLeaf(ParentRunner.java:366)
  at org.junit.runners.BlockJUnit4ClassRunner.runChild(BlockJUnit4ClassRunner.java:103)
  at org.junit.runners.BlockJUnit4ClassRunner.runChild(BlockJUnit4ClassRunner.java:63)
  at org.junit.runners.ParentRunner$4.run(ParentRunner.java:331)
  at org.junit.runners.ParentRunner$1.schedule(ParentRunner.java:79)
  at org.junit.runners.ParentRunner.runChildren(ParentRunner.java:329)
  at org.junit.runners.ParentRunner.access$100(ParentRunner.java:66)
  at org.junit.runners.ParentRunner$2.evaluate(ParentRunner.java:293)
  at org.junit.runners.ParentRunner$3.evaluate(ParentRunner.java:306)
  at org.junit.runners.ParentRunner.run(ParentRunner.java:413)
  at org.junit.runner.JUnitCore.run(JUnitCore.java:137)
  at org.junit.runner.JUnitCore.run(JUnitCore.java:115)
  at org.gradle.api.internal.tasks.testing.junit.JUnitTestExecutor.runRequest(JUnitTestExecutor.java:175)
  at org.gradle.api.internal.tasks.testing.junit.JUnitTestExecutor.accept(JUnitTestExecutor.java:84)
  at org.gradle.api.internal.tasks.testing.junit.JUnitTestExecutor.accept(JUnitTestExecutor.java:47)
  at org.gradle.api.internal.tasks.testing.junit.AbstractJUnitTestDefinitionProcessor.processTestDefinition(AbstractJUnitTestDefinitionProcessor.java:65)
  at org.gradle.api.internal.tasks.testing.SuiteTestDefinitionProcessor.processTestDefinition(SuiteTestDefinitionProcessor.java:54)
  at java.base/jdk.internal.reflect.DirectMethodHandleAccessor.invoke(DirectMethodHandleAccessor.java:104)
  at java.base/java.lang.reflect.Method.invoke(Method.java:565)
  at org.gradle.internal.dispatch.MethodInvocation.invokeOn(MethodInvocation.java:77)
  at org.gradle.internal.dispatch.ReflectionDispatch.dispatch(ReflectionDispatch.java:28)
  at org.gradle.internal.dispatch.ReflectionDispatch.dispatch(ReflectionDispatch.java:19)
  at org.gradle.internal.dispatch.ContextClassLoaderDispatch.dispatch(ContextClassLoaderDispatch.java:33)
  at org.gradle.internal.dispatch.ProxyDispatchAdapter$DispatchingInvocationHandler.invoke(ProxyDispatchAdapter.java:88)
  at jdk.proxy1/jdk.proxy1.$Proxy4.processTestDefinition(Unknown Source)
  at org.gradle.api.internal.tasks.testing.worker.TestWorker$2.run(TestWorker.java:178)
  at org.gradle.api.internal.tasks.testing.worker.TestWorker.executeAndMaintainThreadName(TestWorker.java:126)
  at org.gradle.api.internal.tasks.testing.worker.TestWorker.execute(TestWorker.java:103)
  at org.gradle.api.internal.tasks.testing.worker.TestWorker.execute(TestWorker.java:63)
  at org.gradle.process.internal.worker.child.ActionExecutionWorker.execute(ActionExecutionWorker.java:56)
  at org.gradle.process.internal.worker.child.SystemApplicationClassLoaderWorker.call(SystemApplicationClassLoaderWorker.java:122)
  at org.gradle.process.internal.worker.child.SystemApplicationClassLoaderWorker.call(SystemApplicationClassLoaderWorker.java:72)
  at worker.org.gradle.process.internal.worker.GradleWorkerMain.run(GradleWorkerMain.java:69)
  at worker.org.gradle.process.internal.worker.GradleWorkerMain.main(GradleWorkerMain.java:74)
</stacktrace>
</test-failure>


TypeScriptCompilerTests_I[jvm] > inferFromGenericFunctionReturnTypes3_ts has expected errors matching inferFromGenericFunctionReturnTypes3_errors_txt[jvm] FAILED

<test-failure test="com.xemantic.typescript.compiler.TypeScriptCompilerTests_I.interfaceImplementation6_ts has expected errors matching interfaceImplementation6_errors_txt" platform="jvm">
<message>
--- expected
+++ actual
@@ -1,12 +1,10 @@
 interfaceImplementation6.ts(6,12): error TS2564: Property 'item' has no initializer and is not definitely assigned in the constructor.
-interfaceImplementation6.ts(9,7): error TS2420: Class 'C2' incorrectly implements interface 'I1'.
-  Property 'item' is private in type 'C2' but not in type 'I1'.
 interfaceImplementation6.ts(10,13): error TS2564: Property 'item' has no initializer and is not definitely assigned in the constructor.
 interfaceImplementation6.ts(13,7): error TS2420: Class 'C3' incorrectly implements interface 'I1'.
   Property 'item' is missing in type 'C3' but required in type 'I1'.
 
 
-==== interfaceImplementation6.ts (4 errors) ====
+==== interfaceImplementation6.ts (3 errors) ====
     interface I1 {
         item:number;
     }
@@ -18,9 +16,6 @@
     }
     
     class C2 implements I1 {
-          ~~
-!!! error TS2420: Class 'C2' incorrectly implements interface 'I1'.
-!!! error TS2420:   Property 'item' is private in type 'C2' but not in type 'I1'.
         private item:number;
                 ~~~~
 !!! error TS2564: Property 'item' has no initializer and is not definitely assigned in the constructor.

</message>
<stacktrace>
  at org.junit.Assert.fail(Assert.java:89)
  at kotlin.test.junit.JUnitAsserter.fail(JUnitSupport.kt:56)
  at kotlin.test.AssertionsKt__AssertionsKt.fail(Assertions.kt:563)
  at kotlin.test.AssertionsKt.fail(Unknown Source)
  at com.xemantic.kotlin.test.SameAsKt.sameAs(SameAs.kt:52)
  at com.xemantic.typescript.compiler.TypeScriptTestSupportKt.errorsMatchBaseline(TypeScriptTestSupport.kt:135)
  at com.xemantic.typescript.compiler.TypeScriptCompilerTests_I.interfaceImplementation6_ts has expected errors matching interfaceImplementation6_errors_txt(TypeScriptCompilerTests_I.kt:5180)
  at java.base/jdk.internal.reflect.DirectMethodHandleAccessor.invoke(DirectMethodHandleAccessor.java:104)
  at java.base/java.lang.reflect.Method.invoke(Method.java:565)
  at org.junit.runners.model.FrameworkMethod$1.runReflectiveCall(FrameworkMethod.java:59)
  at org.junit.internal.runners.model.ReflectiveCallable.run(ReflectiveCallable.java:12)
  at org.junit.runners.model.FrameworkMethod.invokeExplosively(FrameworkMethod.java:56)
  at org.junit.internal.runners.statements.InvokeMethod.evaluate(InvokeMethod.java:17)
  at org.junit.runners.ParentRunner$3.evaluate(ParentRunner.java:306)
  at org.junit.runners.BlockJUnit4ClassRunner$1.evaluate(BlockJUnit4ClassRunner.java:100)
  at org.junit.runners.ParentRunner.runLeaf(ParentRunner.java:366)
  at org.junit.runners.BlockJUnit4ClassRunner.runChild(BlockJUnit4ClassRunner.java:103)
  at org.junit.runners.BlockJUnit4ClassRunner.runChild(BlockJUnit4ClassRunner.java:63)
  at org.junit.runners.ParentRunner$4.run(ParentRunner.java:331)
  at org.junit.runners.ParentRunner$1.schedule(ParentRunner.java:79)
  at org.junit.runners.ParentRunner.runChildren(ParentRunner.java:329)
  at org.junit.runners.ParentRunner.access$100(ParentRunner.java:66)
  at org.junit.runners.ParentRunner$2.evaluate(ParentRunner.java:293)
  at org.junit.runners.ParentRunner$3.evaluate(ParentRunner.java:306)
  at org.junit.runners.ParentRunner.run(ParentRunner.java:413)
  at org.junit.runner.JUnitCore.run(JUnitCore.java:137)
  at org.junit.runner.JUnitCore.run(JUnitCore.java:115)
  at org.gradle.api.internal.tasks.testing.junit.JUnitTestExecutor.runRequest(JUnitTestExecutor.java:175)
  at org.gradle.api.internal.tasks.testing.junit.JUnitTestExecutor.accept(JUnitTestExecutor.java:84)
  at org.gradle.api.internal.tasks.testing.junit.JUnitTestExecutor.accept(JUnitTestExecutor.java:47)
  at org.gradle.api.internal.tasks.testing.junit.AbstractJUnitTestDefinitionProcessor.processTestDefinition(AbstractJUnitTestDefinitionProcessor.java:65)
  at org.gradle.api.internal.tasks.testing.SuiteTestDefinitionProcessor.processTestDefinition(SuiteTestDefinitionProcessor.java:54)
  at java.base/jdk.internal.reflect.DirectMethodHandleAccessor.invoke(DirectMethodHandleAccessor.java:104)
  at java.base/java.lang.reflect.Method.invoke(Method.java:565)
  at org.gradle.internal.dispatch.MethodInvocation.invokeOn(MethodInvocation.java:77)
  at org.gradle.internal.dispatch.ReflectionDispatch.dispatch(ReflectionDispatch.java:28)
  at org.gradle.internal.dispatch.ReflectionDispatch.dispatch(ReflectionDispatch.java:19)
  at org.gradle.internal.dispatch.ContextClassLoaderDispatch.dispatch(ContextClassLoaderDispatch.java:33)
  at org.gradle.internal.dispatch.ProxyDispatchAdapter$DispatchingInvocationHandler.invoke(ProxyDispatchAdapter.java:88)
  at jdk.proxy1/jdk.proxy1.$Proxy4.processTestDefinition(Unknown Source)
  at org.gradle.api.internal.tasks.testing.worker.TestWorker$2.run(TestWorker.java:178)
  at org.gradle.api.internal.tasks.testing.worker.TestWorker.executeAndMaintainThreadName(TestWorker.java:126)
  at org.gradle.api.internal.tasks.testing.worker.TestWorker.execute(TestWorker.java:103)
  at org.gradle.api.internal.tasks.testing.worker.TestWorker.execute(TestWorker.java:63)
  at org.gradle.process.internal.worker.child.ActionExecutionWorker.execute(ActionExecutionWorker.java:56)
  at org.gradle.process.internal.worker.child.SystemApplicationClassLoaderWorker.call(SystemApplicationClassLoaderWorker.java:122)
  at org.gradle.process.internal.worker.child.SystemApplicationClassLoaderWorker.call(SystemApplicationClassLoaderWorker.java:72)
  at worker.org.gradle.process.internal.worker.GradleWorkerMain.run(GradleWorkerMain.java:69)
  at worker.org.gradle.process.internal.worker.GradleWorkerMain.main(GradleWorkerMain.java:74)
</stacktrace>
</test-failure>


TypeScriptCompilerTests_I[jvm] > interfaceImplementation6_ts has expected errors matching interfaceImplementation6_errors_txt[jvm] FAILED

<test-failure test="com.xemantic.typescript.compiler.TypeScriptCompilerTests_I.indirectDiscriminantAndExcessProperty_ts has expected errors matching indirectDiscriminantAndExcessProperty_errors_txt" platform="jvm">
<message>
Expected diagnostics from baseline typescript-repo/tests/baselines/reference/indirectDiscriminantAndExcessProperty.errors.txt but none produced
</message>
<stacktrace>
  at com.xemantic.typescript.compiler.TypeScriptTestSupportKt.errorsMatchBaseline(TypeScriptTestSupport.kt:125)
  at com.xemantic.typescript.compiler.TypeScriptCompilerTests_I.indirectDiscriminantAndExcessProperty_ts has expected errors matching indirectDiscriminantAndExcessProperty_errors_txt(TypeScriptCompilerTests_I.kt:3129)
  at java.base/jdk.internal.reflect.DirectMethodHandleAccessor.invoke(DirectMethodHandleAccessor.java:104)
  at java.base/java.lang.reflect.Method.invoke(Method.java:565)
  at org.junit.runners.model.FrameworkMethod$1.runReflectiveCall(FrameworkMethod.java:59)
  at org.junit.internal.runners.model.ReflectiveCallable.run(ReflectiveCallable.java:12)
  at org.junit.runners.model.FrameworkMethod.invokeExplosively(FrameworkMethod.java:56)
  at org.junit.internal.runners.statements.InvokeMethod.evaluate(InvokeMethod.java:17)
  at org.junit.runners.ParentRunner$3.evaluate(ParentRunner.java:306)
  at org.junit.runners.BlockJUnit4ClassRunner$1.evaluate(BlockJUnit4ClassRunner.java:100)
  at org.junit.runners.ParentRunner.runLeaf(ParentRunner.java:366)
  at org.junit.runners.BlockJUnit4ClassRunner.runChild(BlockJUnit4ClassRunner.java:103)
  at org.junit.runners.BlockJUnit4ClassRunner.runChild(BlockJUnit4ClassRunner.java:63)
  at org.junit.runners.ParentRunner$4.run(ParentRunner.java:331)
  at org.junit.runners.ParentRunner$1.schedule(ParentRunner.java:79)
  at org.junit.runners.ParentRunner.runChildren(ParentRunner.java:329)
  at org.junit.runners.ParentRunner.access$100(ParentRunner.java:66)
  at org.junit.runners.ParentRunner$2.evaluate(ParentRunner.java:293)
  at org.junit.runners.ParentRunner$3.evaluate(ParentRunner.java:306)
  at org.junit.runners.ParentRunner.run(ParentRunner.java:413)
  at org.junit.runner.JUnitCore.run(JUnitCore.java:137)
  at org.junit.runner.JUnitCore.run(JUnitCore.java:115)
  at org.gradle.api.internal.tasks.testing.junit.JUnitTestExecutor.runRequest(JUnitTestExecutor.java:175)
  at org.gradle.api.internal.tasks.testing.junit.JUnitTestExecutor.accept(JUnitTestExecutor.java:84)
  at org.gradle.api.internal.tasks.testing.junit.JUnitTestExecutor.accept(JUnitTestExecutor.java:47)
  at org.gradle.api.internal.tasks.testing.junit.AbstractJUnitTestDefinitionProcessor.processTestDefinition(AbstractJUnitTestDefinitionProcessor.java:65)
  at org.gradle.api.internal.tasks.testing.SuiteTestDefinitionProcessor.processTestDefinition(SuiteTestDefinitionProcessor.java:54)
  at java.base/jdk.internal.reflect.DirectMethodHandleAccessor.invoke(DirectMethodHandleAccessor.java:104)
  at java.base/java.lang.reflect.Method.invoke(Method.java:565)
  at org.gradle.internal.dispatch.MethodInvocation.invokeOn(MethodInvocation.java:77)
  at org.gradle.internal.dispatch.ReflectionDispatch.dispatch(ReflectionDispatch.java:28)
  at org.gradle.internal.dispatch.ReflectionDispatch.dispatch(ReflectionDispatch.java:19)
  at org.gradle.internal.dispatch.ContextClassLoaderDispatch.dispatch(ContextClassLoaderDispatch.java:33)
  at org.gradle.internal.dispatch.ProxyDispatchAdapter$DispatchingInvocationHandler.invoke(ProxyDispatchAdapter.java:88)
  at jdk.proxy1/jdk.proxy1.$Proxy4.processTestDefinition(Unknown Source)
  at org.gradle.api.internal.tasks.testing.worker.TestWorker$2.run(TestWorker.java:178)
  at org.gradle.api.internal.tasks.testing.worker.TestWorker.executeAndMaintainThreadName(TestWorker.java:126)
  at org.gradle.api.internal.tasks.testing.worker.TestWorker.execute(TestWorker.java:103)
  at org.gradle.api.internal.tasks.testing.worker.TestWorker.execute(TestWorker.java:63)
  at org.gradle.process.internal.worker.child.ActionExecutionWorker.execute(ActionExecutionWorker.java:56)
  at org.gradle.process.internal.worker.child.SystemApplicationClassLoaderWorker.call(SystemApplicationClassLoaderWorker.java:122)
  at org.gradle.process.internal.worker.child.SystemApplicationClassLoaderWorker.call(SystemApplicationClassLoaderWorker.java:72)
  at worker.org.gradle.process.internal.worker.GradleWorkerMain.run(GradleWorkerMain.java:69)
  at worker.org.gradle.process.internal.worker.GradleWorkerMain.main(GradleWorkerMain.java:74)
</stacktrace>
</test-failure>


TypeScriptCompilerTests_I[jvm] > indirectDiscriminantAndExcessProperty_ts has expected errors matching indirectDiscriminantAndExcessProperty_errors_txt[jvm] FAILED

<test-failure test="com.xemantic.typescript.compiler.TypeScriptCompilerTests_I.importDeclarationInModuleDeclaration2_ts has expected errors matching importDeclarationInModuleDeclaration2_errors_txt" platform="jvm">
<message>
Expected diagnostics from baseline typescript-repo/tests/baselines/reference/importDeclarationInModuleDeclaration2.errors.txt but none produced
</message>
<stacktrace>
  at com.xemantic.typescript.compiler.TypeScriptTestSupportKt.errorsMatchBaseline(TypeScriptTestSupport.kt:125)
  at com.xemantic.typescript.compiler.TypeScriptCompilerTests_I.importDeclarationInModuleDeclaration2_ts has expected errors matching importDeclarationInModuleDeclaration2_errors_txt(TypeScriptCompilerTests_I.kt:1036)
  at java.base/jdk.internal.reflect.DirectMethodHandleAccessor.invoke(DirectMethodHandleAccessor.java:104)
  at java.base/java.lang.reflect.Method.invoke(Method.java:565)
  at org.junit.runners.model.FrameworkMethod$1.runReflectiveCall(FrameworkMethod.java:59)
  at org.junit.internal.runners.model.ReflectiveCallable.run(ReflectiveCallable.java:12)
  at org.junit.runners.model.FrameworkMethod.invokeExplosively(FrameworkMethod.java:56)
  at org.junit.internal.runners.statements.InvokeMethod.evaluate(InvokeMethod.java:17)
  at org.junit.runners.ParentRunner$3.evaluate(ParentRunner.java:306)
  at org.junit.runners.BlockJUnit4ClassRunner$1.evaluate(BlockJUnit4ClassRunner.java:100)
  at org.junit.runners.ParentRunner.runLeaf(ParentRunner.java:366)
  at org.junit.runners.BlockJUnit4ClassRunner.runChild(BlockJUnit4ClassRunner.java:103)
  at org.junit.runners.BlockJUnit4ClassRunner.runChild(BlockJUnit4ClassRunner.java:63)
  at org.junit.runners.ParentRunner$4.run(ParentRunner.java:331)
  at org.junit.runners.ParentRunner$1.schedule(ParentRunner.java:79)
  at org.junit.runners.ParentRunner.runChildren(ParentRunner.java:329)
  at org.junit.runners.ParentRunner.access$100(ParentRunner.java:66)
  at org.junit.runners.ParentRunner$2.evaluate(ParentRunner.java:293)
  at org.junit.runners.ParentRunner$3.evaluate(ParentRunner.java:306)
  at org.junit.runners.ParentRunner.run(ParentRunner.java:413)
  at org.junit.runner.JUnitCore.run(JUnitCore.java:137)
  at org.junit.runner.JUnitCore.run(JUnitCore.java:115)
  at org.gradle.api.internal.tasks.testing.junit.JUnitTestExecutor.runRequest(JUnitTestExecutor.java:175)
  at org.gradle.api.internal.tasks.testing.junit.JUnitTestExecutor.accept(JUnitTestExecutor.java:84)
  at org.gradle.api.internal.tasks.testing.junit.JUnitTestExecutor.accept(JUnitTestExecutor.java:47)
  at org.gradle.api.internal.tasks.testing.junit.AbstractJUnitTestDefinitionProcessor.processTestDefinition(AbstractJUnitTestDefinitionProcessor.java:65)
  at org.gradle.api.internal.tasks.testing.SuiteTestDefinitionProcessor.processTestDefinition(SuiteTestDefinitionProcessor.java:54)
  at java.base/jdk.internal.reflect.DirectMethodHandleAccessor.invoke(DirectMethodHandleAccessor.java:104)
  at java.base/java.lang.reflect.Method.invoke(Method.java:565)
  at org.gradle.internal.dispatch.MethodInvocation.invokeOn(MethodInvocation.java:77)
  at org.gradle.internal.dispatch.ReflectionDispatch.dispatch(ReflectionDispatch.java:28)
  at org.gradle.internal.dispatch.ReflectionDispatch.dispatch(ReflectionDispatch.java:19)
  at org.gradle.internal.dispatch.ContextClassLoaderDispatch.dispatch(ContextClassLoaderDispatch.java:33)
  at org.gradle.internal.dispatch.ProxyDispatchAdapter$DispatchingInvocationHandler.invoke(ProxyDispatchAdapter.java:88)
  at jdk.proxy1/jdk.proxy1.$Proxy4.processTestDefinition(Unknown Source)
  at org.gradle.api.internal.tasks.testing.worker.TestWorker$2.run(TestWorker.java:178)
  at org.gradle.api.internal.tasks.testing.worker.TestWorker.executeAndMaintainThreadName(TestWorker.java:126)
  at org.gradle.api.internal.tasks.testing.worker.TestWorker.execute(TestWorker.java:103)
  at org.gradle.api.internal.tasks.testing.worker.TestWorker.execute(TestWorker.java:63)
  at org.gradle.process.internal.worker.child.ActionExecutionWorker.execute(ActionExecutionWorker.java:56)
  at org.gradle.process.internal.worker.child.SystemApplicationClassLoaderWorker.call(SystemApplicationClassLoaderWorker.java:122)
  at org.gradle.process.internal.worker.child.SystemApplicationClassLoaderWorker.call(SystemApplicationClassLoaderWorker.java:72)
  at worker.org.gradle.process.internal.worker.GradleWorkerMain.run(GradleWorkerMain.java:69)
  at worker.org.gradle.process.internal.worker.GradleWorkerMain.main(GradleWorkerMain.java:74)
</stacktrace>
</test-failure>


TypeScriptCompilerTests_I[jvm] > importDeclarationInModuleDeclaration2_ts has expected errors matching importDeclarationInModuleDeclaration2_errors_txt[jvm] FAILED

<test-failure test="com.xemantic.typescript.compiler.TypeScriptCompilerTests_I.importedModuleAddToGlobal_ts has expected errors matching importedModuleAddToGlobal_errors_txt" platform="jvm">
<message>
--- expected
+++ actual
@@ -1,7 +1,8 @@
-importedModuleAddToGlobal.ts(15,23): error TS2833: Cannot find namespace 'b'. Did you mean 'B'?
+importedModuleAddToGlobal.ts(15,23): error TS2304: Cannot find name 'b'.
+importedModuleAddToGlobal.ts(15,29): error TS2322: Type 'null' is not assignable to type 'B'.
 
 
-==== importedModuleAddToGlobal.ts (1 errors) ====
+==== importedModuleAddToGlobal.ts (2 errors) ====
     // Binding for an import statement in a typeref position is being added to the global scope
     // Shouldn't compile b.B is not defined in C
     namespace A {
@@ -18,6 +19,7 @@
         import a = A;
         function hello(): b.B { return null; }
                           ~
-!!! error TS2833: Cannot find namespace 'b'. Did you mean 'B'?
-!!! related TS2728 importedModuleAddToGlobal.ts:8:11: 'B' is declared here.
+!!! error TS2304: Cannot find name 'b'.
+                                ~~~~~~
+!!! error TS2322: Type 'null' is not assignable to type 'B'.
     }

</message>
<stacktrace>
  at org.junit.Assert.fail(Assert.java:89)
  at kotlin.test.junit.JUnitAsserter.fail(JUnitSupport.kt:56)
  at kotlin.test.AssertionsKt__AssertionsKt.fail(Assertions.kt:563)
  at kotlin.test.AssertionsKt.fail(Unknown Source)
  at com.xemantic.kotlin.test.SameAsKt.sameAs(SameAs.kt:52)
  at com.xemantic.typescript.compiler.TypeScriptTestSupportKt.errorsMatchBaseline(TypeScriptTestSupport.kt:135)
  at com.xemantic.typescript.compiler.TypeScriptCompilerTests_I.importedModuleAddToGlobal_ts has expected errors matching importedModuleAddToGlobal_errors_txt(TypeScriptCompilerTests_I.kt:2184)
  at java.base/jdk.internal.reflect.DirectMethodHandleAccessor.invoke(DirectMethodHandleAccessor.java:104)
  at java.base/java.lang.reflect.Method.invoke(Method.java:565)
  at org.junit.runners.model.FrameworkMethod$1.runReflectiveCall(FrameworkMethod.java:59)
  at org.junit.internal.runners.model.ReflectiveCallable.run(ReflectiveCallable.java:12)
  at org.junit.runners.model.FrameworkMethod.invokeExplosively(FrameworkMethod.java:56)
  at org.junit.internal.runners.statements.InvokeMethod.evaluate(InvokeMethod.java:17)
  at org.junit.runners.ParentRunner$3.evaluate(ParentRunner.java:306)
  at org.junit.runners.BlockJUnit4ClassRunner$1.evaluate(BlockJUnit4ClassRunner.java:100)
  at org.junit.runners.ParentRunner.runLeaf(ParentRunner.java:366)
  at org.junit.runners.BlockJUnit4ClassRunner.runChild(BlockJUnit4ClassRunner.java:103)
  at org.junit.runners.BlockJUnit4ClassRunner.runChild(BlockJUnit4ClassRunner.java:63)
  at org.junit.runners.ParentRunner$4.run(ParentRunner.java:331)
  at org.junit.runners.ParentRunner$1.schedule(ParentRunner.java:79)
  at org.junit.runners.ParentRunner.runChildren(ParentRunner.java:329)
  at org.junit.runners.ParentRunner.access$100(ParentRunner.java:66)
  at org.junit.runners.ParentRunner$2.evaluate(ParentRunner.java:293)
  at org.junit.runners.ParentRunner$3.evaluate(ParentRunner.java:306)
  at org.junit.runners.ParentRunner.run(ParentRunner.java:413)
  at org.junit.runner.JUnitCore.run(JUnitCore.java:137)
  at org.junit.runner.JUnitCore.run(JUnitCore.java:115)
  at org.gradle.api.internal.tasks.testing.junit.JUnitTestExecutor.runRequest(JUnitTestExecutor.java:175)
  at org.gradle.api.internal.tasks.testing.junit.JUnitTestExecutor.accept(JUnitTestExecutor.java:84)
  at org.gradle.api.internal.tasks.testing.junit.JUnitTestExecutor.accept(JUnitTestExecutor.java:47)
  at org.gradle.api.internal.tasks.testing.junit.AbstractJUnitTestDefinitionProcessor.processTestDefinition(AbstractJUnitTestDefinitionProcessor.java:65)
  at org.gradle.api.internal.tasks.testing.SuiteTestDefinitionProcessor.processTestDefinition(SuiteTestDefinitionProcessor.java:54)
  at java.base/jdk.internal.reflect.DirectMethodHandleAccessor.invoke(DirectMethodHandleAccessor.java:104)
  at java.base/java.lang.reflect.Method.invoke(Method.java:565)
  at org.gradle.internal.dispatch.MethodInvocation.invokeOn(MethodInvocation.java:77)
  at org.gradle.internal.dispatch.ReflectionDispatch.dispatch(ReflectionDispatch.java:28)
  at org.gradle.internal.dispatch.ReflectionDispatch.dispatch(ReflectionDispatch.java:19)
  at org.gradle.internal.dispatch.ContextClassLoaderDispatch.dispatch(ContextClassLoaderDispatch.java:33)
  at org.gradle.internal.dispatch.ProxyDispatchAdapter$DispatchingInvocationHandler.invoke(ProxyDispatchAdapter.java:88)
  at jdk.proxy1/jdk.proxy1.$Proxy4.processTestDefinition(Unknown Source)
  at org.gradle.api.internal.tasks.testing.worker.TestWorker$2.run(TestWorker.java:178)
  at org.gradle.api.internal.tasks.testing.worker.TestWorker.executeAndMaintainThreadName(TestWorker.java:126)
  at org.gradle.api.internal.tasks.testing.worker.TestWorker.execute(TestWorker.java:103)
  at org.gradle.api.internal.tasks.testing.worker.TestWorker.execute(TestWorker.java:63)
  at org.gradle.process.internal.worker.child.ActionExecutionWorker.execute(ActionExecutionWorker.java:56)
  at org.gradle.process.internal.worker.child.SystemApplicationClassLoaderWorker.call(SystemApplicationClassLoaderWorker.java:122)
  at org.gradle.process.internal.worker.child.SystemApplicationClassLoaderWorker.call(SystemApplicationClassLoaderWorker.java:72)
  at worker.org.gradle.process.internal.worker.GradleWorkerMain.run(GradleWorkerMain.java:69)
  at worker.org.gradle.process.internal.worker.GradleWorkerMain.main(GradleWorkerMain.java:74)
</stacktrace>
</test-failure>


TypeScriptCompilerTests_I[jvm] > importedModuleAddToGlobal_ts has expected errors matching importedModuleAddToGlobal_errors_txt[jvm] FAILED

<test-failure test="com.xemantic.typescript.compiler.TypeScriptCompilerTests_I.importNonExportedMember_ts has expected errors matching importNonExportedMember_errors_txt" platform="jvm">
<message>
Expected diagnostics from baseline typescript-repo/tests/baselines/reference/importNonExportedMember.errors.txt but none produced
</message>
<stacktrace>
  at com.xemantic.typescript.compiler.TypeScriptTestSupportKt.errorsMatchBaseline(TypeScriptTestSupport.kt:125)
  at com.xemantic.typescript.compiler.TypeScriptCompilerTests_I.importNonExportedMember_ts has expected errors matching importNonExportedMember_errors_txt(TypeScriptCompilerTests_I.kt:1813)
  at java.base/jdk.internal.reflect.DirectMethodHandleAccessor.invoke(DirectMethodHandleAccessor.java:104)
  at java.base/java.lang.reflect.Method.invoke(Method.java:565)
  at org.junit.runners.model.FrameworkMethod$1.runReflectiveCall(FrameworkMethod.java:59)
  at org.junit.internal.runners.model.ReflectiveCallable.run(ReflectiveCallable.java:12)
  at org.junit.runners.model.FrameworkMethod.invokeExplosively(FrameworkMethod.java:56)
  at org.junit.internal.runners.statements.InvokeMethod.evaluate(InvokeMethod.java:17)
  at org.junit.runners.ParentRunner$3.evaluate(ParentRunner.java:306)
  at org.junit.runners.BlockJUnit4ClassRunner$1.evaluate(BlockJUnit4ClassRunner.java:100)
  at org.junit.runners.ParentRunner.runLeaf(ParentRunner.java:366)
  at org.junit.runners.BlockJUnit4ClassRunner.runChild(BlockJUnit4ClassRunner.java:103)
  at org.junit.runners.BlockJUnit4ClassRunner.runChild(BlockJUnit4ClassRunner.java:63)
  at org.junit.runners.ParentRunner$4.run(ParentRunner.java:331)
  at org.junit.runners.ParentRunner$1.schedule(ParentRunner.java:79)
  at org.junit.runners.ParentRunner.runChildren(ParentRunner.java:329)
  at org.junit.runners.ParentRunner.access$100(ParentRunner.java:66)
  at org.junit.runners.ParentRunner$2.evaluate(ParentRunner.java:293)
  at org.junit.runners.ParentRunner$3.evaluate(ParentRunner.java:306)
  at org.junit.runners.ParentRunner.run(ParentRunner.java:413)
  at org.junit.runner.JUnitCore.run(JUnitCore.java:137)
  at org.junit.runner.JUnitCore.run(JUnitCore.java:115)
  at org.gradle.api.internal.tasks.testing.junit.JUnitTestExecutor.runRequest(JUnitTestExecutor.java:175)
  at org.gradle.api.internal.tasks.testing.junit.JUnitTestExecutor.accept(JUnitTestExecutor.java:84)
  at org.gradle.api.internal.tasks.testing.junit.JUnitTestExecutor.accept(JUnitTestExecutor.java:47)
  at org.gradle.api.internal.tasks.testing.junit.AbstractJUnitTestDefinitionProcessor.processTestDefinition(AbstractJUnitTestDefinitionProcessor.java:65)
  at org.gradle.api.internal.tasks.testing.SuiteTestDefinitionProcessor.processTestDefinition(SuiteTestDefinitionProcessor.java:54)
  at java.base/jdk.internal.reflect.DirectMethodHandleAccessor.invoke(DirectMethodHandleAccessor.java:104)
  at java.base/java.lang.reflect.Method.invoke(Method.java:565)
  at org.gradle.internal.dispatch.MethodInvocation.invokeOn(MethodInvocation.java:77)
  at org.gradle.internal.dispatch.ReflectionDispatch.dispatch(ReflectionDispatch.java:28)
  at org.gradle.internal.dispatch.ReflectionDispatch.dispatch(ReflectionDispatch.java:19)
  at org.gradle.internal.dispatch.ContextClassLoaderDispatch.dispatch(ContextClassLoaderDispatch.java:33)
  at org.gradle.internal.dispatch.ProxyDispatchAdapter$DispatchingInvocationHandler.invoke(ProxyDispatchAdapter.java:88)
  at jdk.proxy1/jdk.proxy1.$Proxy4.processTestDefinition(Unknown Source)
  at org.gradle.api.internal.tasks.testing.worker.TestWorker$2.run(TestWorker.java:178)
  at org.gradle.api.internal.tasks.testing.worker.TestWorker.executeAndMaintainThreadName(TestWorker.java:126)
  at org.gradle.api.internal.tasks.testing.worker.TestWorker.execute(TestWorker.java:103)
  at org.gradle.api.internal.tasks.testing.worker.TestWorker.execute(TestWorker.java:63)
  at org.gradle.process.internal.worker.child.ActionExecutionWorker.execute(ActionExecutionWorker.java:56)
  at org.gradle.process.internal.worker.child.SystemApplicationClassLoaderWorker.call(SystemApplicationClassLoaderWorker.java:122)
  at org.gradle.process.internal.worker.child.SystemApplicationClassLoaderWorker.call(SystemApplicationClassLoaderWorker.java:72)
  at worker.org.gradle.process.internal.worker.GradleWorkerMain.run(GradleWorkerMain.java:69)
  at worker.org.gradle.process.internal.worker.GradleWorkerMain.main(GradleWorkerMain.java:74)
</stacktrace>
</test-failure>


TypeScriptCompilerTests_I[jvm] > importNonExportedMember_ts has expected errors matching importNonExportedMember_errors_txt[jvm] FAILED

<test-failure test="com.xemantic.typescript.compiler.TypeScriptCompilerTests_I.inheritedMembersAndIndexSignaturesFromDifferentBases_ts has expected errors matching inheritedMembersAndIndexSignaturesFromDifferentBases_errors_txt" platform="jvm">
<message>
Expected diagnostics from baseline typescript-repo/tests/baselines/reference/inheritedMembersAndIndexSignaturesFromDifferentBases.errors.txt but none produced
</message>
<stacktrace>
  at com.xemantic.typescript.compiler.TypeScriptTestSupportKt.errorsMatchBaseline(TypeScriptTestSupport.kt:125)
  at com.xemantic.typescript.compiler.TypeScriptCompilerTests_I.inheritedMembersAndIndexSignaturesFromDifferentBases_ts has expected errors matching inheritedMembersAndIndexSignaturesFromDifferentBases_errors_txt(TypeScriptCompilerTests_I.kt:4305)
  at java.base/jdk.internal.reflect.DirectMethodHandleAccessor.invoke(DirectMethodHandleAccessor.java:104)
  at java.base/java.lang.reflect.Method.invoke(Method.java:565)
  at org.junit.runners.model.FrameworkMethod$1.runReflectiveCall(FrameworkMethod.java:59)
  at org.junit.internal.runners.model.ReflectiveCallable.run(ReflectiveCallable.java:12)
  at org.junit.runners.model.FrameworkMethod.invokeExplosively(FrameworkMethod.java:56)
  at org.junit.internal.runners.statements.InvokeMethod.evaluate(InvokeMethod.java:17)
  at org.junit.runners.ParentRunner$3.evaluate(ParentRunner.java:306)
  at org.junit.runners.BlockJUnit4ClassRunner$1.evaluate(BlockJUnit4ClassRunner.java:100)
  at org.junit.runners.ParentRunner.runLeaf(ParentRunner.java:366)
  at org.junit.runners.BlockJUnit4ClassRunner.runChild(BlockJUnit4ClassRunner.java:103)
  at org.junit.runners.BlockJUnit4ClassRunner.runChild(BlockJUnit4ClassRunner.java:63)
  at org.junit.runners.ParentRunner$4.run(ParentRunner.java:331)
  at org.junit.runners.ParentRunner$1.schedule(ParentRunner.java:79)
  at org.junit.runners.ParentRunner.runChildren(ParentRunner.java:329)
  at org.junit.runners.ParentRunner.access$100(ParentRunner.java:66)
  at org.junit.runners.ParentRunner$2.evaluate(ParentRunner.java:293)
  at org.junit.runners.ParentRunner$3.evaluate(ParentRunner.java:306)
  at org.junit.runners.ParentRunner.run(ParentRunner.java:413)
  at org.junit.runner.JUnitCore.run(JUnitCore.java:137)
  at org.junit.runner.JUnitCore.run(JUnitCore.java:115)
  at org.gradle.api.internal.tasks.testing.junit.JUnitTestExecutor.runRequest(JUnitTestExecutor.java:175)
  at org.gradle.api.internal.tasks.testing.junit.JUnitTestExecutor.accept(JUnitTestExecutor.java:84)
  at org.gradle.api.internal.tasks.testing.junit.JUnitTestExecutor.accept(JUnitTestExecutor.java:47)
  at org.gradle.api.internal.tasks.testing.junit.AbstractJUnitTestDefinitionProcessor.processTestDefinition(AbstractJUnitTestDefinitionProcessor.java:65)
  at org.gradle.api.internal.tasks.testing.SuiteTestDefinitionProcessor.processTestDefinition(SuiteTestDefinitionProcessor.java:54)
  at java.base/jdk.internal.reflect.DirectMethodHandleAccessor.invoke(DirectMethodHandleAccessor.java:104)
  at java.base/java.lang.reflect.Method.invoke(Method.java:565)
  at org.gradle.internal.dispatch.MethodInvocation.invokeOn(MethodInvocation.java:77)
  at org.gradle.internal.dispatch.ReflectionDispatch.dispatch(ReflectionDispatch.java:28)
  at org.gradle.internal.dispatch.ReflectionDispatch.dispatch(ReflectionDispatch.java:19)
  at org.gradle.internal.dispatch.ContextClassLoaderDispatch.dispatch(ContextClassLoaderDispatch.java:33)
  at org.gradle.internal.dispatch.ProxyDispatchAdapter$DispatchingInvocationHandler.invoke(ProxyDispatchAdapter.java:88)
  at jdk.proxy1/jdk.proxy1.$Proxy4.processTestDefinition(Unknown Source)
  at org.gradle.api.internal.tasks.testing.worker.TestWorker$2.run(TestWorker.java:178)
  at org.gradle.api.internal.tasks.testing.worker.TestWorker.executeAndMaintainThreadName(TestWorker.java:126)
  at org.gradle.api.internal.tasks.testing.worker.TestWorker.execute(TestWorker.java:103)
  at org.gradle.api.internal.tasks.testing.worker.TestWorker.execute(TestWorker.java:63)
  at org.gradle.process.internal.worker.child.ActionExecutionWorker.execute(ActionExecutionWorker.java:56)
  at org.gradle.process.internal.worker.child.SystemApplicationClassLoaderWorker.call(SystemApplicationClassLoaderWorker.java:122)
  at org.gradle.process.internal.worker.child.SystemApplicationClassLoaderWorker.call(SystemApplicationClassLoaderWorker.java:72)
  at worker.org.gradle.process.internal.worker.GradleWorkerMain.run(GradleWorkerMain.java:69)
  at worker.org.gradle.process.internal.worker.GradleWorkerMain.main(GradleWorkerMain.java:74)
</stacktrace>
</test-failure>


TypeScriptCompilerTests_I[jvm] > inheritedMembersAndIndexSignaturesFromDifferentBases_ts has expected errors matching inheritedMembersAndIndexSignaturesFromDifferentBases_errors_txt[jvm] FAILED

<test-failure test="com.xemantic.typescript.compiler.TypeScriptCompilerTests_I.iterableWithNeverAsUnionMember_ts__target_esnext__has expected errors matching baseline" platform="jvm">
<message>
Expected diagnostics from baseline typescript-repo/tests/baselines/reference/iterableWithNeverAsUnionMember(target=esnext).errors.txt but none produced
</message>
<stacktrace>
  at com.xemantic.typescript.compiler.TypeScriptTestSupportKt.errorsMatchBaseline(TypeScriptTestSupport.kt:125)
  at com.xemantic.typescript.compiler.TypeScriptCompilerTests_I.iterableWithNeverAsUnionMember_ts__target_esnext__has expected errors matching baseline(TypeScriptCompilerTests_I.kt:7112)
  at java.base/jdk.internal.reflect.DirectMethodHandleAccessor.invoke(DirectMethodHandleAccessor.java:104)
  at java.base/java.lang.reflect.Method.invoke(Method.java:565)
  at org.junit.runners.model.FrameworkMethod$1.runReflectiveCall(FrameworkMethod.java:59)
  at org.junit.internal.runners.model.ReflectiveCallable.run(ReflectiveCallable.java:12)
  at org.junit.runners.model.FrameworkMethod.invokeExplosively(FrameworkMethod.java:56)
  at org.junit.internal.runners.statements.InvokeMethod.evaluate(InvokeMethod.java:17)
  at org.junit.runners.ParentRunner$3.evaluate(ParentRunner.java:306)
  at org.junit.runners.BlockJUnit4ClassRunner$1.evaluate(BlockJUnit4ClassRunner.java:100)
  at org.junit.runners.ParentRunner.runLeaf(ParentRunner.java:366)
  at org.junit.runners.BlockJUnit4ClassRunner.runChild(BlockJUnit4ClassRunner.java:103)
  at org.junit.runners.BlockJUnit4ClassRunner.runChild(BlockJUnit4ClassRunner.java:63)
  at org.junit.runners.ParentRunner$4.run(ParentRunner.java:331)
  at org.junit.runners.ParentRunner$1.schedule(ParentRunner.java:79)
  at org.junit.runners.ParentRunner.runChildren(ParentRunner.java:329)
  at org.junit.runners.ParentRunner.access$100(ParentRunner.java:66)
  at org.junit.runners.ParentRunner$2.evaluate(ParentRunner.java:293)
  at org.junit.runners.ParentRunner$3.evaluate(ParentRunner.java:306)
  at org.junit.runners.ParentRunner.run(ParentRunner.java:413)
  at org.junit.runner.JUnitCore.run(JUnitCore.java:137)
  at org.junit.runner.JUnitCore.run(JUnitCore.java:115)
  at org.gradle.api.internal.tasks.testing.junit.JUnitTestExecutor.runRequest(JUnitTestExecutor.java:175)
  at org.gradle.api.internal.tasks.testing.junit.JUnitTestExecutor.accept(JUnitTestExecutor.java:84)
  at org.gradle.api.internal.tasks.testing.junit.JUnitTestExecutor.accept(JUnitTestExecutor.java:47)
  at org.gradle.api.internal.tasks.testing.junit.AbstractJUnitTestDefinitionProcessor.processTestDefinition(AbstractJUnitTestDefinitionProcessor.java:65)
  at org.gradle.api.internal.tasks.testing.SuiteTestDefinitionProcessor.processTestDefinition(SuiteTestDefinitionProcessor.java:54)
  at java.base/jdk.internal.reflect.DirectMethodHandleAccessor.invoke(DirectMethodHandleAccessor.java:104)
  at java.base/java.lang.reflect.Method.invoke(Method.java:565)
  at org.gradle.internal.dispatch.MethodInvocation.invokeOn(MethodInvocation.java:77)
  at org.gradle.internal.dispatch.ReflectionDispatch.dispatch(ReflectionDispatch.java:28)
  at org.gradle.internal.dispatch.ReflectionDispatch.dispatch(ReflectionDispatch.java:19)
  at org.gradle.internal.dispatch.ContextClassLoaderDispatch.dispatch(ContextClassLoaderDispatch.java:33)
  at org.gradle.internal.dispatch.ProxyDispatchAdapter$DispatchingInvocationHandler.invoke(ProxyDispatchAdapter.java:88)
  at jdk.proxy1/jdk.proxy1.$Proxy4.processTestDefinition(Unknown Source)
  at org.gradle.api.internal.tasks.testing.worker.TestWorker$2.run(TestWorker.java:178)
  at org.gradle.api.internal.tasks.testing.worker.TestWorker.executeAndMaintainThreadName(TestWorker.java:126)
  at org.gradle.api.internal.tasks.testing.worker.TestWorker.execute(TestWorker.java:103)
  at org.gradle.api.internal.tasks.testing.worker.TestWorker.execute(TestWorker.java:63)
  at org.gradle.process.internal.worker.child.ActionExecutionWorker.execute(ActionExecutionWorker.java:56)
  at org.gradle.process.internal.worker.child.SystemApplicationClassLoaderWorker.call(SystemApplicationClassLoaderWorker.java:122)
  at org.gradle.process.internal.worker.child.SystemApplicationClassLoaderWorker.call(SystemApplicationClassLoaderWorker.java:72)
  at worker.org.gradle.process.internal.worker.GradleWorkerMain.run(GradleWorkerMain.java:69)
  at worker.org.gradle.process.internal.worker.GradleWorkerMain.main(GradleWorkerMain.java:74)
</stacktrace>
</test-failure>


TypeScriptCompilerTests_I[jvm] > iterableWithNeverAsUnionMember_ts__target_esnext__has expected errors matching baseline[jvm] FAILED

<test-failure test="com.xemantic.typescript.compiler.TypeScriptCompilerTests_I.inferentiallyTypingAnEmptyArray_ts has expected errors matching inferentiallyTypingAnEmptyArray_errors_txt" platform="jvm">
<message>
Expected diagnostics from baseline typescript-repo/tests/baselines/reference/inferentiallyTypingAnEmptyArray.errors.txt but none produced
</message>
<stacktrace>
  at com.xemantic.typescript.compiler.TypeScriptTestSupportKt.errorsMatchBaseline(TypeScriptTestSupport.kt:125)
  at com.xemantic.typescript.compiler.TypeScriptCompilerTests_I.inferentiallyTypingAnEmptyArray_ts has expected errors matching inferentiallyTypingAnEmptyArray_errors_txt(TypeScriptCompilerTests_I.kt:3605)
  at java.base/jdk.internal.reflect.DirectMethodHandleAccessor.invoke(DirectMethodHandleAccessor.java:104)
  at java.base/java.lang.reflect.Method.invoke(Method.java:565)
  at org.junit.runners.model.FrameworkMethod$1.runReflectiveCall(FrameworkMethod.java:59)
  at org.junit.internal.runners.model.ReflectiveCallable.run(ReflectiveCallable.java:12)
  at org.junit.runners.model.FrameworkMethod.invokeExplosively(FrameworkMethod.java:56)
  at org.junit.internal.runners.statements.InvokeMethod.evaluate(InvokeMethod.java:17)
  at org.junit.runners.ParentRunner$3.evaluate(ParentRunner.java:306)
  at org.junit.runners.BlockJUnit4ClassRunner$1.evaluate(BlockJUnit4ClassRunner.java:100)
  at org.junit.runners.ParentRunner.runLeaf(ParentRunner.java:366)
  at org.junit.runners.BlockJUnit4ClassRunner.runChild(BlockJUnit4ClassRunner.java:103)
  at org.junit.runners.BlockJUnit4ClassRunner.runChild(BlockJUnit4ClassRunner.java:63)
  at org.junit.runners.ParentRunner$4.run(ParentRunner.java:331)
  at org.junit.runners.ParentRunner$1.schedule(ParentRunner.java:79)
  at org.junit.runners.ParentRunner.runChildren(ParentRunner.java:329)
  at org.junit.runners.ParentRunner.access$100(ParentRunner.java:66)
  at org.junit.runners.ParentRunner$2.evaluate(ParentRunner.java:293)
  at org.junit.runners.ParentRunner$3.evaluate(ParentRunner.java:306)
  at org.junit.runners.ParentRunner.run(ParentRunner.java:413)
  at org.junit.runner.JUnitCore.run(JUnitCore.java:137)
  at org.junit.runner.JUnitCore.run(JUnitCore.java:115)
  at org.gradle.api.internal.tasks.testing.junit.JUnitTestExecutor.runRequest(JUnitTestExecutor.java:175)
  at org.gradle.api.internal.tasks.testing.junit.JUnitTestExecutor.accept(JUnitTestExecutor.java:84)
  at org.gradle.api.internal.tasks.testing.junit.JUnitTestExecutor.accept(JUnitTestExecutor.java:47)
  at org.gradle.api.internal.tasks.testing.junit.AbstractJUnitTestDefinitionProcessor.processTestDefinition(AbstractJUnitTestDefinitionProcessor.java:65)
  at org.gradle.api.internal.tasks.testing.SuiteTestDefinitionProcessor.processTestDefinition(SuiteTestDefinitionProcessor.java:54)
  at java.base/jdk.internal.reflect.DirectMethodHandleAccessor.invoke(DirectMethodHandleAccessor.java:104)
  at java.base/java.lang.reflect.Method.invoke(Method.java:565)
  at org.gradle.internal.dispatch.MethodInvocation.invokeOn(MethodInvocation.java:77)
  at org.gradle.internal.dispatch.ReflectionDispatch.dispatch(ReflectionDispatch.java:28)
  at org.gradle.internal.dispatch.ReflectionDispatch.dispatch(ReflectionDispatch.java:19)
  at org.gradle.internal.dispatch.ContextClassLoaderDispatch.dispatch(ContextClassLoaderDispatch.java:33)
  at org.gradle.internal.dispatch.ProxyDispatchAdapter$DispatchingInvocationHandler.invoke(ProxyDispatchAdapter.java:88)
  at jdk.proxy1/jdk.proxy1.$Proxy4.processTestDefinition(Unknown Source)
  at org.gradle.api.internal.tasks.testing.worker.TestWorker$2.run(TestWorker.java:178)
  at org.gradle.api.internal.tasks.testing.worker.TestWorker.executeAndMaintainThreadName(TestWorker.java:126)
  at org.gradle.api.internal.tasks.testing.worker.TestWorker.execute(TestWorker.java:103)
  at org.gradle.api.internal.tasks.testing.worker.TestWorker.execute(TestWorker.java:63)
  at org.gradle.process.internal.worker.child.ActionExecutionWorker.execute(ActionExecutionWorker.java:56)
  at org.gradle.process.internal.worker.child.SystemApplicationClassLoaderWorker.call(SystemApplicationClassLoaderWorker.java:122)
  at org.gradle.process.internal.worker.child.SystemApplicationClassLoaderWorker.call(SystemApplicationClassLoaderWorker.java:72)
  at worker.org.gradle.process.internal.worker.GradleWorkerMain.run(GradleWorkerMain.java:69)
  at worker.org.gradle.process.internal.worker.GradleWorkerMain.main(GradleWorkerMain.java:74)
</stacktrace>
</test-failure>


TypeScriptCompilerTests_I[jvm] > inferentiallyTypingAnEmptyArray_ts has expected errors matching inferentiallyTypingAnEmptyArray_errors_txt[jvm] FAILED

<test-failure test="com.xemantic.typescript.compiler.TypeScriptCompilerTests_I.isolatedModulesAmbientConstEnum_ts has expected errors matching isolatedModulesAmbientConstEnum_errors_txt" platform="jvm">
<message>
Expected diagnostics from baseline typescript-repo/tests/baselines/reference/isolatedModulesAmbientConstEnum.errors.txt but none produced
</message>
<stacktrace>
  at com.xemantic.typescript.compiler.TypeScriptTestSupportKt.errorsMatchBaseline(TypeScriptTestSupport.kt:125)
  at com.xemantic.typescript.compiler.TypeScriptCompilerTests_I.isolatedModulesAmbientConstEnum_ts has expected errors matching isolatedModulesAmbientConstEnum_errors_txt(TypeScriptCompilerTests_I.kt:6762)
  at java.base/jdk.internal.reflect.DirectMethodHandleAccessor.invoke(DirectMethodHandleAccessor.java:104)
  at java.base/java.lang.reflect.Method.invoke(Method.java:565)
  at org.junit.runners.model.FrameworkMethod$1.runReflectiveCall(FrameworkMethod.java:59)
  at org.junit.internal.runners.model.ReflectiveCallable.run(ReflectiveCallable.java:12)
  at org.junit.runners.model.FrameworkMethod.invokeExplosively(FrameworkMethod.java:56)
  at org.junit.internal.runners.statements.InvokeMethod.evaluate(InvokeMethod.java:17)
  at org.junit.runners.ParentRunner$3.evaluate(ParentRunner.java:306)
  at org.junit.runners.BlockJUnit4ClassRunner$1.evaluate(BlockJUnit4ClassRunner.java:100)
  at org.junit.runners.ParentRunner.runLeaf(ParentRunner.java:366)
  at org.junit.runners.BlockJUnit4ClassRunner.runChild(BlockJUnit4ClassRunner.java:103)
  at org.junit.runners.BlockJUnit4ClassRunner.runChild(BlockJUnit4ClassRunner.java:63)
  at org.junit.runners.ParentRunner$4.run(ParentRunner.java:331)
  at org.junit.runners.ParentRunner$1.schedule(ParentRunner.java:79)
  at org.junit.runners.ParentRunner.runChildren(ParentRunner.java:329)
  at org.junit.runners.ParentRunner.access$100(ParentRunner.java:66)
  at org.junit.runners.ParentRunner$2.evaluate(ParentRunner.java:293)
  at org.junit.runners.ParentRunner$3.evaluate(ParentRunner.java:306)
  at org.junit.runners.ParentRunner.run(ParentRunner.java:413)
  at org.junit.runner.JUnitCore.run(JUnitCore.java:137)
  at org.junit.runner.JUnitCore.run(JUnitCore.java:115)
  at org.gradle.api.internal.tasks.testing.junit.JUnitTestExecutor.runRequest(JUnitTestExecutor.java:175)
  at org.gradle.api.internal.tasks.testing.junit.JUnitTestExecutor.accept(JUnitTestExecutor.java:84)
  at org.gradle.api.internal.tasks.testing.junit.JUnitTestExecutor.accept(JUnitTestExecutor.java:47)
  at org.gradle.api.internal.tasks.testing.junit.AbstractJUnitTestDefinitionProcessor.processTestDefinition(AbstractJUnitTestDefinitionProcessor.java:65)
  at org.gradle.api.internal.tasks.testing.SuiteTestDefinitionProcessor.processTestDefinition(SuiteTestDefinitionProcessor.java:54)
  at java.base/jdk.internal.reflect.DirectMethodHandleAccessor.invoke(DirectMethodHandleAccessor.java:104)
  at java.base/java.lang.reflect.Method.invoke(Method.java:565)
  at org.gradle.internal.dispatch.MethodInvocation.invokeOn(MethodInvocation.java:77)
  at org.gradle.internal.dispatch.ReflectionDispatch.dispatch(ReflectionDispatch.java:28)
  at org.gradle.internal.dispatch.ReflectionDispatch.dispatch(ReflectionDispatch.java:19)
  at org.gradle.internal.dispatch.ContextClassLoaderDispatch.dispatch(ContextClassLoaderDispatch.java:33)
  at org.gradle.internal.dispatch.ProxyDispatchAdapter$DispatchingInvocationHandler.invoke(ProxyDispatchAdapter.java:88)
  at jdk.proxy1/jdk.proxy1.$Proxy4.processTestDefinition(Unknown Source)
  at org.gradle.api.internal.tasks.testing.worker.TestWorker$2.run(TestWorker.java:178)
  at org.gradle.api.internal.tasks.testing.worker.TestWorker.executeAndMaintainThreadName(TestWorker.java:126)
  at org.gradle.api.internal.tasks.testing.worker.TestWorker.execute(TestWorker.java:103)
  at org.gradle.api.internal.tasks.testing.worker.TestWorker.execute(TestWorker.java:63)
  at org.gradle.process.internal.worker.child.ActionExecutionWorker.execute(ActionExecutionWorker.java:56)
  at org.gradle.process.internal.worker.child.SystemApplicationClassLoaderWorker.call(SystemApplicationClassLoaderWorker.java:122)
  at org.gradle.process.internal.worker.child.SystemApplicationClassLoaderWorker.call(SystemApplicationClassLoaderWorker.java:72)
  at worker.org.gradle.process.internal.worker.GradleWorkerMain.run(GradleWorkerMain.java:69)
  at worker.org.gradle.process.internal.worker.GradleWorkerMain.main(GradleWorkerMain.java:74)
</stacktrace>
</test-failure>


TypeScriptCompilerTests_I[jvm] > isolatedModulesAmbientConstEnum_ts has expected errors matching isolatedModulesAmbientConstEnum_errors_txt[jvm] FAILED

<test-failure test="com.xemantic.typescript.compiler.TypeScriptCompilerTests_I.importTypeAssertionDeprecation_ts has expected errors matching importTypeAssertionDeprecation_errors_txt" platform="jvm">
<message>
--- expected
+++ actual
@@ -1,23 +1,81 @@
-/main.ts(1,38): error TS2880: Import assertions have been replaced by import attributes. Use 'with' instead of 'assert'.
-/main.ts(2,38): error TS2880: Import assertions have been replaced by import attributes. Use 'with' instead of 'assert'.
-/main.ts(4,31): error TS2880: Import assertions have been replaced by import attributes. Use 'with' instead of 'assert'.
-/main.ts(5,31): error TS2880: Import assertions have been replaced by import attributes. Use 'with' instead of 'assert'.
+/main.ts(1,26): error TS2448: Block-scoped variable '' used before its declaration.
+/main.ts(1,26): error TS1005: ')' expected.
+/main.ts(1,26): error TS2695: Left side of comma operator is unused and has no side effects.
+/main.ts(1,71): error TS1109: Expression expected.
+/main.ts(1,72): error TS2448: Block-scoped variable '' used before its declaration.
+/main.ts(1,72): error TS1109: Expression expected.
+/main.ts(2,26): error TS2448: Block-scoped variable '' used before its declaration.
+/main.ts(2,26): error TS1005: ')' expected.
+/main.ts(2,26): error TS2695: Left side of comma operator is unused and has no side effects.
+/main.ts(2,72): error TS1109: Expression expected.
+/main.ts(2,73): error TS2448: Block-scoped variable '' used before its declaration.
+/main.ts(2,73): error TS1109: Expression expected.
+/main.ts(4,29): error TS1005: ')' expected.
+/main.ts(4,60): error TS1003: Identifier expected.
+/main.ts(4,69): error TS1128: Declaration or statement expected.
+/main.ts(4,71): error TS1128: Declaration or statement expected.
+/main.ts(4,72): error TS1109: Expression expected.
+/main.ts(5,29): error TS1005: ')' expected.
+/main.ts(5,60): error TS1003: Identifier expected.
+/main.ts(5,70): error TS1128: Declaration or statement expected.
+/main.ts(5,72): error TS1128: Declaration or statement expected.
+/main.ts(5,73): error TS1109: Expression expected.
 
 
 ==== /types.d.ts (0 errors) ====
     export interface MyType { x: string }
     
-==== /main.ts (4 errors) ====
+==== /main.ts (22 errors) ====
     type A = import("./types", { assert: { "resolution-mode": "import" } }).MyType;
-                                         ~
-!!! error TS2880: Import assertions have been replaced by import attributes. Use 'with' instead of 'assert'.
+                             ~
+!!! error TS1005: ')' expected.
+                             
+!!! error TS2448: Block-scoped variable '' used before its declaration.
+!!! related TS2728 /main.ts:5:60: '' is declared here.
+                             ~
+!!! error TS2695: Left side of comma operator is unused and has no side effects.
+                                                                          ~
+!!! error TS1109: Expression expected.
+                                                                           ~
+!!! error TS1109: Expression expected.
+                                                                           
+!!! error TS2448: Block-scoped variable '' used before its declaration.
+!!! related TS2728 /main.ts:5:60: '' is declared here.
     type B = import("./types", { assert: { "resolution-mode": "require" } }).MyType;
-                                         ~
-!!! error TS2880: Import assertions have been replaced by import attributes. Use 'with' instead of 'assert'.
+                             ~
+!!! error TS1005: ')' expected.
+                             
+!!! error TS2448: Block-scoped variable '' used before its declaration.
+!!! related TS2728 /main.ts:5:60: '' is declared here.
+                             ~
+!!! error TS2695: Left side of comma operator is unused and has no side effects.
+                                                                           ~
+!!! error TS1109: Expression expected.
+                                                                            ~
+!!! error TS1109: Expression expected.
+                                                                            
+!!! error TS2448: Block-scoped variable '' used before its declaration.
+!!! related TS2728 /main.ts:5:60: '' is declared here.
     
     const a = import("./types", { assert: { "resolution-mode": "import" } });
-                                  ~~~~~~
-!!! error TS2880: Import assertions have been replaced by import attributes. Use 'with' instead of 'assert'.
+                                ~
+!!! error TS1005: ')' expected.
+                                                               ~~~~~~~~
+!!! error TS1003: Identifier expected.
+                                                                        ~
+!!! error TS1128: Declaration or statement expected.
+                                                                          ~
+!!! error TS1128: Declaration or statement expected.
+                                                                           ~
+!!! error TS1109: Expression expected.
     const b = import("./types", { assert: { "resolution-mode": "require" } });
-                                  ~~~~~~
-!!! error TS2880: Import assertions have been replaced by import attributes. Use 'with' instead of 'assert'.
+                                ~
+!!! error TS1005: ')' expected.
+                                                               ~~~~~~~~~
+!!! error TS1003: Identifier expected.
+                                                                         ~
+!!! error TS1128: Declaration or statement expected.
+                                                                           ~
+!!! error TS1128: Declaration or statement expected.
+                                                                            ~
+!!! error TS1109: Expression expected.

</message>
<stacktrace>
  at org.junit.Assert.fail(Assert.java:89)
  at kotlin.test.junit.JUnitAsserter.fail(JUnitSupport.kt:56)
  at kotlin.test.AssertionsKt__AssertionsKt.fail(Assertions.kt:563)
  at kotlin.test.AssertionsKt.fail(Unknown Source)
  at com.xemantic.kotlin.test.SameAsKt.sameAs(SameAs.kt:52)
  at com.xemantic.typescript.compiler.TypeScriptTestSupportKt.errorsMatchBaseline(TypeScriptTestSupport.kt:135)
  at com.xemantic.typescript.compiler.TypeScriptCompilerTests_I.importTypeAssertionDeprecation_ts has expected errors matching importTypeAssertionDeprecation_errors_txt(TypeScriptCompilerTests_I.kt:1995)
  at java.base/jdk.internal.reflect.DirectMethodHandleAccessor.invoke(DirectMethodHandleAccessor.java:104)
  at java.base/java.lang.reflect.Method.invoke(Method.java:565)
  at org.junit.runners.model.FrameworkMethod$1.runReflectiveCall(FrameworkMethod.java:59)
  at org.junit.internal.runners.model.ReflectiveCallable.run(ReflectiveCallable.java:12)
  at org.junit.runners.model.FrameworkMethod.invokeExplosively(FrameworkMethod.java:56)
  at org.junit.internal.runners.statements.InvokeMethod.evaluate(InvokeMethod.java:17)
  at org.junit.runners.ParentRunner$3.evaluate(ParentRunner.java:306)
  at org.junit.runners.BlockJUnit4ClassRunner$1.evaluate(BlockJUnit4ClassRunner.java:100)
  at org.junit.runners.ParentRunner.runLeaf(ParentRunner.java:366)
  at org.junit.runners.BlockJUnit4ClassRunner.runChild(BlockJUnit4ClassRunner.java:103)
  at org.junit.runners.BlockJUnit4ClassRunner.runChild(BlockJUnit4ClassRunner.java:63)
  at org.junit.runners.ParentRunner$4.run(ParentRunner.java:331)
  at org.junit.runners.ParentRunner$1.schedule(ParentRunner.java:79)
  at org.junit.runners.ParentRunner.runChildren(ParentRunner.java:329)
  at org.junit.runners.ParentRunner.access$100(ParentRunner.java:66)
  at org.junit.runners.ParentRunner$2.evaluate(ParentRunner.java:293)
  at org.junit.runners.ParentRunner$3.evaluate(ParentRunner.java:306)
  at org.junit.runners.ParentRunner.run(ParentRunner.java:413)
  at org.junit.runner.JUnitCore.run(JUnitCore.java:137)
  at org.junit.runner.JUnitCore.run(JUnitCore.java:115)
  at org.gradle.api.internal.tasks.testing.junit.JUnitTestExecutor.runRequest(JUnitTestExecutor.java:175)
  at org.gradle.api.internal.tasks.testing.junit.JUnitTestExecutor.accept(JUnitTestExecutor.java:84)
  at org.gradle.api.internal.tasks.testing.junit.JUnitTestExecutor.accept(JUnitTestExecutor.java:47)
  at org.gradle.api.internal.tasks.testing.junit.AbstractJUnitTestDefinitionProcessor.processTestDefinition(AbstractJUnitTestDefinitionProcessor.java:65)
  at org.gradle.api.internal.tasks.testing.SuiteTestDefinitionProcessor.processTestDefinition(SuiteTestDefinitionProcessor.java:54)
  at java.base/jdk.internal.reflect.DirectMethodHandleAccessor.invoke(DirectMethodHandleAccessor.java:104)
  at java.base/java.lang.reflect.Method.invoke(Method.java:565)
  at org.gradle.internal.dispatch.MethodInvocation.invokeOn(MethodInvocation.java:77)
  at org.gradle.internal.dispatch.ReflectionDispatch.dispatch(ReflectionDispatch.java:28)
  at org.gradle.internal.dispatch.ReflectionDispatch.dispatch(ReflectionDispatch.java:19)
  at org.gradle.internal.dispatch.ContextClassLoaderDispatch.dispatch(ContextClassLoaderDispatch.java:33)
  at org.gradle.internal.dispatch.ProxyDispatchAdapter$DispatchingInvocationHandler.invoke(ProxyDispatchAdapter.java:88)
  at jdk.proxy1/jdk.proxy1.$Proxy4.processTestDefinition(Unknown Source)
  at org.gradle.api.internal.tasks.testing.worker.TestWorker$2.run(TestWorker.java:178)
  at org.gradle.api.internal.tasks.testing.worker.TestWorker.executeAndMaintainThreadName(TestWorker.java:126)
  at org.gradle.api.internal.tasks.testing.worker.TestWorker.execute(TestWorker.java:103)
  at org.gradle.api.internal.tasks.testing.worker.TestWorker.execute(TestWorker.java:63)
  at org.gradle.process.internal.worker.child.ActionExecutionWorker.execute(ActionExecutionWorker.java:56)
  at org.gradle.process.internal.worker.child.SystemApplicationClassLoaderWorker.call(SystemApplicationClassLoaderWorker.java:122)
  at org.gradle.process.internal.worker.child.SystemApplicationClassLoaderWorker.call(SystemApplicationClassLoaderWorker.java:72)
  at worker.org.gradle.process.internal.worker.GradleWorkerMain.run(GradleWorkerMain.java:69)
  at worker.org.gradle.process.internal.worker.GradleWorkerMain.main(GradleWorkerMain.java:74)
</stacktrace>
</test-failure>


TypeScriptCompilerTests_I[jvm] > importTypeAssertionDeprecation_ts has expected errors matching importTypeAssertionDeprecation_errors_txt[jvm] FAILED

<test-failure test="com.xemantic.typescript.compiler.TypeScriptCompilerTests_I.isolatedDeclarationsAllowJs_ts has expected errors matching isolatedDeclarationsAllowJs_errors_txt" platform="jvm">
<message>
--- expected
+++ actual
@@ -1,16 +1,10 @@
-error TS5053: Option 'allowJs' cannot be specified with option 'isolatedDeclarations'.
 error TS5055: Cannot write file 'file2.js' because it would overwrite input file.
   Adding a tsconfig.json file will help organize projects that contain both TypeScript and JavaScript files. Learn more at https://aka.ms/tsconfig.
-file1.ts(1,12): error TS9010: Variable must have an explicit type annotation with --isolatedDeclarations.
 
 
-!!! error TS5053: Option 'allowJs' cannot be specified with option 'isolatedDeclarations'.
 !!! error TS5055: Cannot write file 'file2.js' because it would overwrite input file.
 !!! error TS5055:   Adding a tsconfig.json file will help organize projects that contain both TypeScript and JavaScript files. Learn more at https://aka.ms/tsconfig.
-==== file1.ts (1 errors) ====
+==== file1.ts (0 errors) ====
     export var x;
-               ~
-!!! error TS9010: Variable must have an explicit type annotation with --isolatedDeclarations.
-!!! related TS9027 file1.ts:1:12: Add a type annotation to the variable x.
 ==== file2.js (0 errors) ====
     export var y;

</message>
<stacktrace>
  at org.junit.Assert.fail(Assert.java:89)
  at kotlin.test.junit.JUnitAsserter.fail(JUnitSupport.kt:56)
  at kotlin.test.AssertionsKt__AssertionsKt.fail(Assertions.kt:563)
  at kotlin.test.AssertionsKt.fail(Unknown Source)
  at com.xemantic.kotlin.test.SameAsKt.sameAs(SameAs.kt:52)
  at com.xemantic.typescript.compiler.TypeScriptTestSupportKt.errorsMatchBaseline(TypeScriptTestSupport.kt:135)
  at com.xemantic.typescript.compiler.TypeScriptCompilerTests_I.isolatedDeclarationsAllowJs_ts has expected errors matching isolatedDeclarationsAllowJs_errors_txt(TypeScriptCompilerTests_I.kt:6727)
  at java.base/jdk.internal.reflect.DirectMethodHandleAccessor.invoke(DirectMethodHandleAccessor.java:104)
  at java.base/java.lang.reflect.Method.invoke(Method.java:565)
  at org.junit.runners.model.FrameworkMethod$1.runReflectiveCall(FrameworkMethod.java:59)
  at org.junit.internal.runners.model.ReflectiveCallable.run(ReflectiveCallable.java:12)
  at org.junit.runners.model.FrameworkMethod.invokeExplosively(FrameworkMethod.java:56)
  at org.junit.internal.runners.statements.InvokeMethod.evaluate(InvokeMethod.java:17)
  at org.junit.runners.ParentRunner$3.evaluate(ParentRunner.java:306)
  at org.junit.runners.BlockJUnit4ClassRunner$1.evaluate(BlockJUnit4ClassRunner.java:100)
  at org.junit.runners.ParentRunner.runLeaf(ParentRunner.java:366)
  at org.junit.runners.BlockJUnit4ClassRunner.runChild(BlockJUnit4ClassRunner.java:103)
  at org.junit.runners.BlockJUnit4ClassRunner.runChild(BlockJUnit4ClassRunner.java:63)
  at org.junit.runners.ParentRunner$4.run(ParentRunner.java:331)
  at org.junit.runners.ParentRunner$1.schedule(ParentRunner.java:79)
  at org.junit.runners.ParentRunner.runChildren(ParentRunner.java:329)
  at org.junit.runners.ParentRunner.access$100(ParentRunner.java:66)
  at org.junit.runners.ParentRunner$2.evaluate(ParentRunner.java:293)
  at org.junit.runners.ParentRunner$3.evaluate(ParentRunner.java:306)
  at org.junit.runners.ParentRunner.run(ParentRunner.java:413)
  at org.junit.runner.JUnitCore.run(JUnitCore.java:137)
  at org.junit.runner.JUnitCore.run(JUnitCore.java:115)
  at org.gradle.api.internal.tasks.testing.junit.JUnitTestExecutor.runRequest(JUnitTestExecutor.java:175)
  at org.gradle.api.internal.tasks.testing.junit.JUnitTestExecutor.accept(JUnitTestExecutor.java:84)
  at org.gradle.api.internal.tasks.testing.junit.JUnitTestExecutor.accept(JUnitTestExecutor.java:47)
  at org.gradle.api.internal.tasks.testing.junit.AbstractJUnitTestDefinitionProcessor.processTestDefinition(AbstractJUnitTestDefinitionProcessor.java:65)
  at org.gradle.api.internal.tasks.testing.SuiteTestDefinitionProcessor.processTestDefinition(SuiteTestDefinitionProcessor.java:54)
  at java.base/jdk.internal.reflect.DirectMethodHandleAccessor.invoke(DirectMethodHandleAccessor.java:104)
  at java.base/java.lang.reflect.Method.invoke(Method.java:565)
  at org.gradle.internal.dispatch.MethodInvocation.invokeOn(MethodInvocation.java:77)
  at org.gradle.internal.dispatch.ReflectionDispatch.dispatch(ReflectionDispatch.java:28)
  at org.gradle.internal.dispatch.ReflectionDispatch.dispatch(ReflectionDispatch.java:19)
  at org.gradle.internal.dispatch.ContextClassLoaderDispatch.dispatch(ContextClassLoaderDispatch.java:33)
  at org.gradle.internal.dispatch.ProxyDispatchAdapter$DispatchingInvocationHandler.invoke(ProxyDispatchAdapter.java:88)
  at jdk.proxy1/jdk.proxy1.$Proxy4.processTestDefinition(Unknown Source)
  at org.gradle.api.internal.tasks.testing.worker.TestWorker$2.run(TestWorker.java:178)
  at org.gradle.api.internal.tasks.testing.worker.TestWorker.executeAndMaintainThreadName(TestWorker.java:126)
  at org.gradle.api.internal.tasks.testing.worker.TestWorker.execute(TestWorker.java:103)
  at org.gradle.api.internal.tasks.testing.worker.TestWorker.execute(TestWorker.java:63)
  at org.gradle.process.internal.worker.child.ActionExecutionWorker.execute(ActionExecutionWorker.java:56)
  at org.gradle.process.internal.worker.child.SystemApplicationClassLoaderWorker.call(SystemApplicationClassLoaderWorker.java:122)
  at org.gradle.process.internal.worker.child.SystemApplicationClassLoaderWorker.call(SystemApplicationClassLoaderWorker.java:72)
  at worker.org.gradle.process.internal.worker.GradleWorkerMain.run(GradleWorkerMain.java:69)
  at worker.org.gradle.process.internal.worker.GradleWorkerMain.main(GradleWorkerMain.java:74)
</stacktrace>
</test-failure>


TypeScriptCompilerTests_I[jvm] > isolatedDeclarationsAllowJs_ts has expected errors matching isolatedDeclarationsAllowJs_errors_txt[jvm] FAILED

<test-failure test="com.xemantic.typescript.compiler.TypeScriptCompilerTests_I.inheritSameNamePropertiesWithDifferentVisibility_ts has expected errors matching inheritSameNamePropertiesWithDifferentVisibility_errors_txt" platform="jvm">
<message>
--- expected
+++ actual
@@ -1,10 +1,8 @@
 inheritSameNamePropertiesWithDifferentVisibility.ts(2,12): error TS2564: Property 'x' has no initializer and is not definitely assigned in the constructor.
 inheritSameNamePropertiesWithDifferentVisibility.ts(6,13): error TS2564: Property 'x' has no initializer and is not definitely assigned in the constructor.
-inheritSameNamePropertiesWithDifferentVisibility.ts(9,11): error TS2320: Interface 'A' cannot simultaneously extend types 'C' and 'C2'.
-  Named property 'x' of types 'C' and 'C2' are not identical.
 
 
-==== inheritSameNamePropertiesWithDifferentVisibility.ts (3 errors) ====
+==== inheritSameNamePropertiesWithDifferentVisibility.ts (2 errors) ====
     class C {
         public x: number;
                ~
@@ -18,8 +16,5 @@
     }
     
     interface A extends C, C2 { // error
-              ~
-!!! error TS2320: Interface 'A' cannot simultaneously extend types 'C' and 'C2'.
-!!! error TS2320:   Named property 'x' of types 'C' and 'C2' are not identical.
         y: string;
     }

</message>
<stacktrace>
  at org.junit.Assert.fail(Assert.java:89)
  at kotlin.test.junit.JUnitAsserter.fail(JUnitSupport.kt:56)
  at kotlin.test.AssertionsKt__AssertionsKt.fail(Assertions.kt:563)
  at kotlin.test.AssertionsKt.fail(Unknown Source)
  at com.xemantic.kotlin.test.SameAsKt.sameAs(SameAs.kt:52)
  at com.xemantic.typescript.compiler.TypeScriptTestSupportKt.errorsMatchBaseline(TypeScriptTestSupport.kt:135)
  at com.xemantic.typescript.compiler.TypeScriptCompilerTests_I.inheritSameNamePropertiesWithDifferentVisibility_ts has expected errors matching inheritSameNamePropertiesWithDifferentVisibility_errors_txt(TypeScriptCompilerTests_I.kt:3913)
  at java.base/jdk.internal.reflect.DirectMethodHandleAccessor.invoke(DirectMethodHandleAccessor.java:104)
  at java.base/java.lang.reflect.Method.invoke(Method.java:565)
  at org.junit.runners.model.FrameworkMethod$1.runReflectiveCall(FrameworkMethod.java:59)
  at org.junit.internal.runners.model.ReflectiveCallable.run(ReflectiveCallable.java:12)
  at org.junit.runners.model.FrameworkMethod.invokeExplosively(FrameworkMethod.java:56)
  at org.junit.internal.runners.statements.InvokeMethod.evaluate(InvokeMethod.java:17)
  at org.junit.runners.ParentRunner$3.evaluate(ParentRunner.java:306)
  at org.junit.runners.BlockJUnit4ClassRunner$1.evaluate(BlockJUnit4ClassRunner.java:100)
  at org.junit.runners.ParentRunner.runLeaf(ParentRunner.java:366)
  at org.junit.runners.BlockJUnit4ClassRunner.runChild(BlockJUnit4ClassRunner.java:103)
  at org.junit.runners.BlockJUnit4ClassRunner.runChild(BlockJUnit4ClassRunner.java:63)
  at org.junit.runners.ParentRunner$4.run(ParentRunner.java:331)
  at org.junit.runners.ParentRunner$1.schedule(ParentRunner.java:79)
  at org.junit.runners.ParentRunner.runChildren(ParentRunner.java:329)
  at org.junit.runners.ParentRunner.access$100(ParentRunner.java:66)
  at org.junit.runners.ParentRunner$2.evaluate(ParentRunner.java:293)
  at org.junit.runners.ParentRunner$3.evaluate(ParentRunner.java:306)
  at org.junit.runners.ParentRunner.run(ParentRunner.java:413)
  at org.junit.runner.JUnitCore.run(JUnitCore.java:137)
  at org.junit.runner.JUnitCore.run(JUnitCore.java:115)
  at org.gradle.api.internal.tasks.testing.junit.JUnitTestExecutor.runRequest(JUnitTestExecutor.java:175)
  at org.gradle.api.internal.tasks.testing.junit.JUnitTestExecutor.accept(JUnitTestExecutor.java:84)
  at org.gradle.api.internal.tasks.testing.junit.JUnitTestExecutor.accept(JUnitTestExecutor.java:47)
  at org.gradle.api.internal.tasks.testing.junit.AbstractJUnitTestDefinitionProcessor.processTestDefinition(AbstractJUnitTestDefinitionProcessor.java:65)
  at org.gradle.api.internal.tasks.testing.SuiteTestDefinitionProcessor.processTestDefinition(SuiteTestDefinitionProcessor.java:54)
  at java.base/jdk.internal.reflect.DirectMethodHandleAccessor.invoke(DirectMethodHandleAccessor.java:104)
  at java.base/java.lang.reflect.Method.invoke(Method.java:565)
  at org.gradle.internal.dispatch.MethodInvocation.invokeOn(MethodInvocation.java:77)
  at org.gradle.internal.dispatch.ReflectionDispatch.dispatch(ReflectionDispatch.java:28)
  at org.gradle.internal.dispatch.ReflectionDispatch.dispatch(ReflectionDispatch.java:19)
  at org.gradle.internal.dispatch.ContextClassLoaderDispatch.dispatch(ContextClassLoaderDispatch.java:33)
  at org.gradle.internal.dispatch.ProxyDispatchAdapter$DispatchingInvocationHandler.invoke(ProxyDispatchAdapter.java:88)
  at jdk.proxy1/jdk.proxy1.$Proxy4.processTestDefinition(Unknown Source)
  at org.gradle.api.internal.tasks.testing.worker.TestWorker$2.run(TestWorker.java:178)
  at org.gradle.api.internal.tasks.testing.worker.TestWorker.executeAndMaintainThreadName(TestWorker.java:126)
  at org.gradle.api.internal.tasks.testing.worker.TestWorker.execute(TestWorker.java:103)
  at org.gradle.api.internal.tasks.testing.worker.TestWorker.execute(TestWorker.java:63)
  at org.gradle.process.internal.worker.child.ActionExecutionWorker.execute(ActionExecutionWorker.java:56)
  at org.gradle.process.internal.worker.child.SystemApplicationClassLoaderWorker.call(SystemApplicationClassLoaderWorker.java:122)
  at org.gradle.process.internal.worker.child.SystemApplicationClassLoaderWorker.call(SystemApplicationClassLoaderWorker.java:72)
  at worker.org.gradle.process.internal.worker.GradleWorkerMain.run(GradleWorkerMain.java:69)
  at worker.org.gradle.process.internal.worker.GradleWorkerMain.main(GradleWorkerMain.java:74)
</stacktrace>
</test-failure>


TypeScriptCompilerTests_I[jvm] > inheritSameNamePropertiesWithDifferentVisibility_ts has expected errors matching inheritSameNamePropertiesWithDifferentVisibility_errors_txt[jvm] FAILED

<test-failure test="com.xemantic.typescript.compiler.TypeScriptCompilerTests_I.importNonExportedMember9_ts has expected errors matching importNonExportedMember9_errors_txt" platform="jvm">
<message>
Expected diagnostics from baseline typescript-repo/tests/baselines/reference/importNonExportedMember9.errors.txt but none produced
</message>
<stacktrace>
  at com.xemantic.typescript.compiler.TypeScriptTestSupportKt.errorsMatchBaseline(TypeScriptTestSupport.kt:125)
  at com.xemantic.typescript.compiler.TypeScriptCompilerTests_I.importNonExportedMember9_ts has expected errors matching importNonExportedMember9_errors_txt(TypeScriptCompilerTests_I.kt:1939)
  at java.base/jdk.internal.reflect.DirectMethodHandleAccessor.invoke(DirectMethodHandleAccessor.java:104)
  at java.base/java.lang.reflect.Method.invoke(Method.java:565)
  at org.junit.runners.model.FrameworkMethod$1.runReflectiveCall(FrameworkMethod.java:59)
  at org.junit.internal.runners.model.ReflectiveCallable.run(ReflectiveCallable.java:12)
  at org.junit.runners.model.FrameworkMethod.invokeExplosively(FrameworkMethod.java:56)
  at org.junit.internal.runners.statements.InvokeMethod.evaluate(InvokeMethod.java:17)
  at org.junit.runners.ParentRunner$3.evaluate(ParentRunner.java:306)
  at org.junit.runners.BlockJUnit4ClassRunner$1.evaluate(BlockJUnit4ClassRunner.java:100)
  at org.junit.runners.ParentRunner.runLeaf(ParentRunner.java:366)
  at org.junit.runners.BlockJUnit4ClassRunner.runChild(BlockJUnit4ClassRunner.java:103)
  at org.junit.runners.BlockJUnit4ClassRunner.runChild(BlockJUnit4ClassRunner.java:63)
  at org.junit.runners.ParentRunner$4.run(ParentRunner.java:331)
  at org.junit.runners.ParentRunner$1.schedule(ParentRunner.java:79)
  at org.junit.runners.ParentRunner.runChildren(ParentRunner.java:329)
  at org.junit.runners.ParentRunner.access$100(ParentRunner.java:66)
  at org.junit.runners.ParentRunner$2.evaluate(ParentRunner.java:293)
  at org.junit.runners.ParentRunner$3.evaluate(ParentRunner.java:306)
  at org.junit.runners.ParentRunner.run(ParentRunner.java:413)
  at org.junit.runner.JUnitCore.run(JUnitCore.java:137)
  at org.junit.runner.JUnitCore.run(JUnitCore.java:115)
  at org.gradle.api.internal.tasks.testing.junit.JUnitTestExecutor.runRequest(JUnitTestExecutor.java:175)
  at org.gradle.api.internal.tasks.testing.junit.JUnitTestExecutor.accept(JUnitTestExecutor.java:84)
  at org.gradle.api.internal.tasks.testing.junit.JUnitTestExecutor.accept(JUnitTestExecutor.java:47)
  at org.gradle.api.internal.tasks.testing.junit.AbstractJUnitTestDefinitionProcessor.processTestDefinition(AbstractJUnitTestDefinitionProcessor.java:65)
  at org.gradle.api.internal.tasks.testing.SuiteTestDefinitionProcessor.processTestDefinition(SuiteTestDefinitionProcessor.java:54)
  at java.base/jdk.internal.reflect.DirectMethodHandleAccessor.invoke(DirectMethodHandleAccessor.java:104)
  at java.base/java.lang.reflect.Method.invoke(Method.java:565)
  at org.gradle.internal.dispatch.MethodInvocation.invokeOn(MethodInvocation.java:77)
  at org.gradle.internal.dispatch.ReflectionDispatch.dispatch(ReflectionDispatch.java:28)
  at org.gradle.internal.dispatch.ReflectionDispatch.dispatch(ReflectionDispatch.java:19)
  at org.gradle.internal.dispatch.ContextClassLoaderDispatch.dispatch(ContextClassLoaderDispatch.java:33)
  at org.gradle.internal.dispatch.ProxyDispatchAdapter$DispatchingInvocationHandler.invoke(ProxyDispatchAdapter.java:88)
  at jdk.proxy1/jdk.proxy1.$Proxy4.processTestDefinition(Unknown Source)
  at org.gradle.api.internal.tasks.testing.worker.TestWorker$2.run(TestWorker.java:178)
  at org.gradle.api.internal.tasks.testing.worker.TestWorker.executeAndMaintainThreadName(TestWorker.java:126)
  at org.gradle.api.internal.tasks.testing.worker.TestWorker.execute(TestWorker.java:103)
  at org.gradle.api.internal.tasks.testing.worker.TestWorker.execute(TestWorker.java:63)
  at org.gradle.process.internal.worker.child.ActionExecutionWorker.execute(ActionExecutionWorker.java:56)
  at org.gradle.process.internal.worker.child.SystemApplicationClassLoaderWorker.call(SystemApplicationClassLoaderWorker.java:122)
  at org.gradle.process.internal.worker.child.SystemApplicationClassLoaderWorker.call(SystemApplicationClassLoaderWorker.java:72)
  at worker.org.gradle.process.internal.worker.GradleWorkerMain.run(GradleWorkerMain.java:69)
  at worker.org.gradle.process.internal.worker.GradleWorkerMain.main(GradleWorkerMain.java:74)
</stacktrace>
</test-failure>


TypeScriptCompilerTests_I[jvm] > importNonExportedMember9_ts has expected errors matching importNonExportedMember9_errors_txt[jvm] FAILED

<test-failure test="com.xemantic.typescript.compiler.TypeScriptCompilerTests_I.indexedAccessWithFreshObjectLiteral_ts has expected errors matching indexedAccessWithFreshObjectLiteral_errors_txt" platform="jvm">
<message>
Expected diagnostics from baseline typescript-repo/tests/baselines/reference/indexedAccessWithFreshObjectLiteral.errors.txt but none produced
</message>
<stacktrace>
  at com.xemantic.typescript.compiler.TypeScriptTestSupportKt.errorsMatchBaseline(TypeScriptTestSupport.kt:125)
  at com.xemantic.typescript.compiler.TypeScriptCompilerTests_I.indexedAccessWithFreshObjectLiteral_ts has expected errors matching indexedAccessWithFreshObjectLiteral_errors_txt(TypeScriptCompilerTests_I.kt:2968)
  at java.base/jdk.internal.reflect.DirectMethodHandleAccessor.invoke(DirectMethodHandleAccessor.java:104)
  at java.base/java.lang.reflect.Method.invoke(Method.java:565)
  at org.junit.runners.model.FrameworkMethod$1.runReflectiveCall(FrameworkMethod.java:59)
  at org.junit.internal.runners.model.ReflectiveCallable.run(ReflectiveCallable.java:12)
  at org.junit.runners.model.FrameworkMethod.invokeExplosively(FrameworkMethod.java:56)
  at org.junit.internal.runners.statements.InvokeMethod.evaluate(InvokeMethod.java:17)
  at org.junit.runners.ParentRunner$3.evaluate(ParentRunner.java:306)
  at org.junit.runners.BlockJUnit4ClassRunner$1.evaluate(BlockJUnit4ClassRunner.java:100)
  at org.junit.runners.ParentRunner.runLeaf(ParentRunner.java:366)
  at org.junit.runners.BlockJUnit4ClassRunner.runChild(BlockJUnit4ClassRunner.java:103)
  at org.junit.runners.BlockJUnit4ClassRunner.runChild(BlockJUnit4ClassRunner.java:63)
  at org.junit.runners.ParentRunner$4.run(ParentRunner.java:331)
  at org.junit.runners.ParentRunner$1.schedule(ParentRunner.java:79)
  at org.junit.runners.ParentRunner.runChildren(ParentRunner.java:329)
  at org.junit.runners.ParentRunner.access$100(ParentRunner.java:66)
  at org.junit.runners.ParentRunner$2.evaluate(ParentRunner.java:293)
  at org.junit.runners.ParentRunner$3.evaluate(ParentRunner.java:306)
  at org.junit.runners.ParentRunner.run(ParentRunner.java:413)
  at org.junit.runner.JUnitCore.run(JUnitCore.java:137)
  at org.junit.runner.JUnitCore.run(JUnitCore.java:115)
  at org.gradle.api.internal.tasks.testing.junit.JUnitTestExecutor.runRequest(JUnitTestExecutor.java:175)
  at org.gradle.api.internal.tasks.testing.junit.JUnitTestExecutor.accept(JUnitTestExecutor.java:84)
  at org.gradle.api.internal.tasks.testing.junit.JUnitTestExecutor.accept(JUnitTestExecutor.java:47)
  at org.gradle.api.internal.tasks.testing.junit.AbstractJUnitTestDefinitionProcessor.processTestDefinition(AbstractJUnitTestDefinitionProcessor.java:65)
  at org.gradle.api.internal.tasks.testing.SuiteTestDefinitionProcessor.processTestDefinition(SuiteTestDefinitionProcessor.java:54)
  at java.base/jdk.internal.reflect.DirectMethodHandleAccessor.invoke(DirectMethodHandleAccessor.java:104)
  at java.base/java.lang.reflect.Method.invoke(Method.java:565)
  at org.gradle.internal.dispatch.MethodInvocation.invokeOn(MethodInvocation.java:77)
  at org.gradle.internal.dispatch.ReflectionDispatch.dispatch(ReflectionDispatch.java:28)
  at org.gradle.internal.dispatch.ReflectionDispatch.dispatch(ReflectionDispatch.java:19)
  at org.gradle.internal.dispatch.ContextClassLoaderDispatch.dispatch(ContextClassLoaderDispatch.java:33)
  at org.gradle.internal.dispatch.ProxyDispatchAdapter$DispatchingInvocationHandler.invoke(ProxyDispatchAdapter.java:88)
  at jdk.proxy1/jdk.proxy1.$Proxy4.processTestDefinition(Unknown Source)
  at org.gradle.api.internal.tasks.testing.worker.TestWorker$2.run(TestWorker.java:178)
  at org.gradle.api.internal.tasks.testing.worker.TestWorker.executeAndMaintainThreadName(TestWorker.java:126)
  at org.gradle.api.internal.tasks.testing.worker.TestWorker.execute(TestWorker.java:103)
  at org.gradle.api.internal.tasks.testing.worker.TestWorker.execute(TestWorker.java:63)
  at org.gradle.process.internal.worker.child.ActionExecutionWorker.execute(ActionExecutionWorker.java:56)
  at org.gradle.process.internal.worker.child.SystemApplicationClassLoaderWorker.call(SystemApplicationClassLoaderWorker.java:122)
  at org.gradle.process.internal.worker.child.SystemApplicationClassLoaderWorker.call(SystemApplicationClassLoaderWorker.java:72)
  at worker.org.gradle.process.internal.worker.GradleWorkerMain.run(GradleWorkerMain.java:69)
  at worker.org.gradle.process.internal.worker.GradleWorkerMain.main(GradleWorkerMain.java:74)
</stacktrace>
</test-failure>


TypeScriptCompilerTests_I[jvm] > indexedAccessWithFreshObjectLiteral_ts has expected errors matching indexedAccessWithFreshObjectLiteral_errors_txt[jvm] FAILED

<test-failure test="com.xemantic.typescript.compiler.TypeScriptCompilerTests_I.inheritanceMemberPropertyOverridingAccessor_ts has expected errors matching inheritanceMemberPropertyOverridingAccessor_errors_txt" platform="jvm">
<message>
Expected diagnostics from baseline typescript-repo/tests/baselines/reference/inheritanceMemberPropertyOverridingAccessor.errors.txt but none produced
</message>
<stacktrace>
  at com.xemantic.typescript.compiler.TypeScriptTestSupportKt.errorsMatchBaseline(TypeScriptTestSupport.kt:125)
  at com.xemantic.typescript.compiler.TypeScriptCompilerTests_I.inheritanceMemberPropertyOverridingAccessor_ts has expected errors matching inheritanceMemberPropertyOverridingAccessor_errors_txt(TypeScriptCompilerTests_I.kt:4074)
  at java.base/jdk.internal.reflect.DirectMethodHandleAccessor.invoke(DirectMethodHandleAccessor.java:104)
  at java.base/java.lang.reflect.Method.invoke(Method.java:565)
  at org.junit.runners.model.FrameworkMethod$1.runReflectiveCall(FrameworkMethod.java:59)
  at org.junit.internal.runners.model.ReflectiveCallable.run(ReflectiveCallable.java:12)
  at org.junit.runners.model.FrameworkMethod.invokeExplosively(FrameworkMethod.java:56)
  at org.junit.internal.runners.statements.InvokeMethod.evaluate(InvokeMethod.java:17)
  at org.junit.runners.ParentRunner$3.evaluate(ParentRunner.java:306)
  at org.junit.runners.BlockJUnit4ClassRunner$1.evaluate(BlockJUnit4ClassRunner.java:100)
  at org.junit.runners.ParentRunner.runLeaf(ParentRunner.java:366)
  at org.junit.runners.BlockJUnit4ClassRunner.runChild(BlockJUnit4ClassRunner.java:103)
  at org.junit.runners.BlockJUnit4ClassRunner.runChild(BlockJUnit4ClassRunner.java:63)
  at org.junit.runners.ParentRunner$4.run(ParentRunner.java:331)
  at org.junit.runners.ParentRunner$1.schedule(ParentRunner.java:79)
  at org.junit.runners.ParentRunner.runChildren(ParentRunner.java:329)
  at org.junit.runners.ParentRunner.access$100(ParentRunner.java:66)
  at org.junit.runners.ParentRunner$2.evaluate(ParentRunner.java:293)
  at org.junit.runners.ParentRunner$3.evaluate(ParentRunner.java:306)
  at org.junit.runners.ParentRunner.run(ParentRunner.java:413)
  at org.junit.runner.JUnitCore.run(JUnitCore.java:137)
  at org.junit.runner.JUnitCore.run(JUnitCore.java:115)
  at org.gradle.api.internal.tasks.testing.junit.JUnitTestExecutor.runRequest(JUnitTestExecutor.java:175)
  at org.gradle.api.internal.tasks.testing.junit.JUnitTestExecutor.accept(JUnitTestExecutor.java:84)
  at org.gradle.api.internal.tasks.testing.junit.JUnitTestExecutor.accept(JUnitTestExecutor.java:47)
  at org.gradle.api.internal.tasks.testing.junit.AbstractJUnitTestDefinitionProcessor.processTestDefinition(AbstractJUnitTestDefinitionProcessor.java:65)
  at org.gradle.api.internal.tasks.testing.SuiteTestDefinitionProcessor.processTestDefinition(SuiteTestDefinitionProcessor.java:54)
  at java.base/jdk.internal.reflect.DirectMethodHandleAccessor.invoke(DirectMethodHandleAccessor.java:104)
  at java.base/java.lang.reflect.Method.invoke(Method.java:565)
  at org.gradle.internal.dispatch.MethodInvocation.invokeOn(MethodInvocation.java:77)
  at org.gradle.internal.dispatch.ReflectionDispatch.dispatch(ReflectionDispatch.java:28)
  at org.gradle.internal.dispatch.ReflectionDispatch.dispatch(ReflectionDispatch.java:19)
  at org.gradle.internal.dispatch.ContextClassLoaderDispatch.dispatch(ContextClassLoaderDispatch.java:33)
  at org.gradle.internal.dispatch.ProxyDispatchAdapter$DispatchingInvocationHandler.invoke(ProxyDispatchAdapter.java:88)
  at jdk.proxy1/jdk.proxy1.$Proxy4.processTestDefinition(Unknown Source)
  at org.gradle.api.internal.tasks.testing.worker.TestWorker$2.run(TestWorker.java:178)
  at org.gradle.api.internal.tasks.testing.worker.TestWorker.executeAndMaintainThreadName(TestWorker.java:126)
  at org.gradle.api.internal.tasks.testing.worker.TestWorker.execute(TestWorker.java:103)
  at org.gradle.api.internal.tasks.testing.worker.TestWorker.execute(TestWorker.java:63)
  at org.gradle.process.internal.worker.child.ActionExecutionWorker.execute(ActionExecutionWorker.java:56)
  at org.gradle.process.internal.worker.child.SystemApplicationClassLoaderWorker.call(SystemApplicationClassLoaderWorker.java:122)
  at org.gradle.process.internal.worker.child.SystemApplicationClassLoaderWorker.call(SystemApplicationClassLoaderWorker.java:72)
  at worker.org.gradle.process.internal.worker.GradleWorkerMain.run(GradleWorkerMain.java:69)
  at worker.org.gradle.process.internal.worker.GradleWorkerMain.main(GradleWorkerMain.java:74)
</stacktrace>
</test-failure>


TypeScriptCompilerTests_I[jvm] > inheritanceMemberPropertyOverridingAccessor_ts has expected errors matching inheritanceMemberPropertyOverridingAccessor_errors_txt[jvm] FAILED

<test-failure test="com.xemantic.typescript.compiler.TypeScriptCompilerTests_I.importHelpersNoHelpersForPrivateFields_ts compiles to JavaScript matching importHelpersNoHelpersForPrivateFields_js" platform="jvm">
<message>
--- expected
+++ actual
@@ -15,18 +15,13 @@
 
 //// [main.js]
 "use strict";
-var _Foo_field;
 Object.defineProperty(exports, "__esModule", { value: true });
 exports.Foo = void 0;
-const tslib_1 = require("tslib");
 class Foo {
-    constructor() {
-        _Foo_field.set(this, true);
-    }
+    #field = true;
     f() {
-        tslib_1.__classPrivateFieldSet(this, _Foo_field, tslib_1.__classPrivateFieldGet(this, _Foo_field, "f"), "f");
-        tslib_1.__classPrivateFieldIn(_Foo_field, this);
+        this.#field = this.#field;
+        #field in this;
     }
 }
 exports.Foo = Foo;
-_Foo_field = new WeakMap();

</message>
<stacktrace>
  at org.junit.Assert.fail(Assert.java:89)
  at kotlin.test.junit.JUnitAsserter.fail(JUnitSupport.kt:56)
  at kotlin.test.AssertionsKt__AssertionsKt.fail(Assertions.kt:563)
  at kotlin.test.AssertionsKt.fail(Unknown Source)
  at com.xemantic.kotlin.test.SameAsKt.sameAs(SameAs.kt:52)
  at com.xemantic.typescript.compiler.TypeScriptTestSupportKt.sameAs(TypeScriptTestSupport.kt:99)
  at com.xemantic.typescript.compiler.TypeScriptCompilerTests_I.importHelpersNoHelpersForPrivateFields_ts compiles to JavaScript matching importHelpersNoHelpersForPrivateFields_js(TypeScriptCompilerTests_I.kt:1246)
  at java.base/jdk.internal.reflect.DirectMethodHandleAccessor.invoke(DirectMethodHandleAccessor.java:104)
  at java.base/java.lang.reflect.Method.invoke(Method.java:565)
  at org.junit.runners.model.FrameworkMethod$1.runReflectiveCall(FrameworkMethod.java:59)
  at org.junit.internal.runners.model.ReflectiveCallable.run(ReflectiveCallable.java:12)
  at org.junit.runners.model.FrameworkMethod.invokeExplosively(FrameworkMethod.java:56)
  at org.junit.internal.runners.statements.InvokeMethod.evaluate(InvokeMethod.java:17)
  at org.junit.runners.ParentRunner$3.evaluate(ParentRunner.java:306)
  at org.junit.runners.BlockJUnit4ClassRunner$1.evaluate(BlockJUnit4ClassRunner.java:100)
  at org.junit.runners.ParentRunner.runLeaf(ParentRunner.java:366)
  at org.junit.runners.BlockJUnit4ClassRunner.runChild(BlockJUnit4ClassRunner.java:103)
  at org.junit.runners.BlockJUnit4ClassRunner.runChild(BlockJUnit4ClassRunner.java:63)
  at org.junit.runners.ParentRunner$4.run(ParentRunner.java:331)
  at org.junit.runners.ParentRunner$1.schedule(ParentRunner.java:79)
  at org.junit.runners.ParentRunner.runChildren(ParentRunner.java:329)
  at org.junit.runners.ParentRunner.access$100(ParentRunner.java:66)
  at org.junit.runners.ParentRunner$2.evaluate(ParentRunner.java:293)
  at org.junit.runners.ParentRunner$3.evaluate(ParentRunner.java:306)
  at org.junit.runners.ParentRunner.run(ParentRunner.java:413)
  at org.junit.runner.JUnitCore.run(JUnitCore.java:137)
  at org.junit.runner.JUnitCore.run(JUnitCore.java:115)
  at org.gradle.api.internal.tasks.testing.junit.JUnitTestExecutor.runRequest(JUnitTestExecutor.java:175)
  at org.gradle.api.internal.tasks.testing.junit.JUnitTestExecutor.accept(JUnitTestExecutor.java:84)
  at org.gradle.api.internal.tasks.testing.junit.JUnitTestExecutor.accept(JUnitTestExecutor.java:47)
  at org.gradle.api.internal.tasks.testing.junit.AbstractJUnitTestDefinitionProcessor.processTestDefinition(AbstractJUnitTestDefinitionProcessor.java:65)
  at org.gradle.api.internal.tasks.testing.SuiteTestDefinitionProcessor.processTestDefinition(SuiteTestDefinitionProcessor.java:54)
  at java.base/jdk.internal.reflect.DirectMethodHandleAccessor.invoke(DirectMethodHandleAccessor.java:104)
  at java.base/java.lang.reflect.Method.invoke(Method.java:565)
  at org.gradle.internal.dispatch.MethodInvocation.invokeOn(MethodInvocation.java:77)
  at org.gradle.internal.dispatch.ReflectionDispatch.dispatch(ReflectionDispatch.java:28)
  at org.gradle.internal.dispatch.ReflectionDispatch.dispatch(ReflectionDispatch.java:19)
  at org.gradle.internal.dispatch.ContextClassLoaderDispatch.dispatch(ContextClassLoaderDispatch.java:33)
  at org.gradle.internal.dispatch.ProxyDispatchAdapter$DispatchingInvocationHandler.invoke(ProxyDispatchAdapter.java:88)
  at jdk.proxy1/jdk.proxy1.$Proxy4.processTestDefinition(Unknown Source)
  at org.gradle.api.internal.tasks.testing.worker.TestWorker$2.run(TestWorker.java:178)
  at org.gradle.api.internal.tasks.testing.worker.TestWorker.executeAndMaintainThreadName(TestWorker.java:126)
  at org.gradle.api.internal.tasks.testing.worker.TestWorker.execute(TestWorker.java:103)
  at org.gradle.api.internal.tasks.testing.worker.TestWorker.execute(TestWorker.java:63)
  at org.gradle.process.internal.worker.child.ActionExecutionWorker.execute(ActionExecutionWorker.java:56)
  at org.gradle.process.internal.worker.child.SystemApplicationClassLoaderWorker.call(SystemApplicationClassLoaderWorker.java:122)
  at org.gradle.process.internal.worker.child.SystemApplicationClassLoaderWorker.call(SystemApplicationClassLoaderWorker.java:72)
  at worker.org.gradle.process.internal.worker.GradleWorkerMain.run(GradleWorkerMain.java:69)
  at worker.org.gradle.process.internal.worker.GradleWorkerMain.main(GradleWorkerMain.java:74)
</stacktrace>
</test-failure>


TypeScriptCompilerTests_I[jvm] > importHelpersNoHelpersForPrivateFields_ts compiles to JavaScript matching importHelpersNoHelpersForPrivateFields_js[jvm] FAILED

<test-failure test="com.xemantic.typescript.compiler.TypeScriptCompilerTests_I.interfaceDeclaration4_ts compiles to JavaScript matching interfaceDeclaration4_js" platform="jvm">
<message>
--- expected
+++ actual
@@ -59,5 +59,3 @@
 }
 class C3 {
 }
-I1;
-{ }

</message>
<stacktrace>
  at org.junit.Assert.fail(Assert.java:89)
  at kotlin.test.junit.JUnitAsserter.fail(JUnitSupport.kt:56)
  at kotlin.test.AssertionsKt__AssertionsKt.fail(Assertions.kt:563)
  at kotlin.test.AssertionsKt.fail(Unknown Source)
  at com.xemantic.kotlin.test.SameAsKt.sameAs(SameAs.kt:52)
  at com.xemantic.typescript.compiler.TypeScriptTestSupportKt.sameAs(TypeScriptTestSupport.kt:99)
  at com.xemantic.typescript.compiler.TypeScriptCompilerTests_I.interfaceDeclaration4_ts compiles to JavaScript matching interfaceDeclaration4_js(TypeScriptCompilerTests_I.kt:5033)
  at java.base/jdk.internal.reflect.DirectMethodHandleAccessor.invoke(DirectMethodHandleAccessor.java:104)
  at java.base/java.lang.reflect.Method.invoke(Method.java:565)
  at org.junit.runners.model.FrameworkMethod$1.runReflectiveCall(FrameworkMethod.java:59)
  at org.junit.internal.runners.model.ReflectiveCallable.run(ReflectiveCallable.java:12)
  at org.junit.runners.model.FrameworkMethod.invokeExplosively(FrameworkMethod.java:56)
  at org.junit.internal.runners.statements.InvokeMethod.evaluate(InvokeMethod.java:17)
  at org.junit.runners.ParentRunner$3.evaluate(ParentRunner.java:306)
  at org.junit.runners.BlockJUnit4ClassRunner$1.evaluate(BlockJUnit4ClassRunner.java:100)
  at org.junit.runners.ParentRunner.runLeaf(ParentRunner.java:366)
  at org.junit.runners.BlockJUnit4ClassRunner.runChild(BlockJUnit4ClassRunner.java:103)
  at org.junit.runners.BlockJUnit4ClassRunner.runChild(BlockJUnit4ClassRunner.java:63)
  at org.junit.runners.ParentRunner$4.run(ParentRunner.java:331)
  at org.junit.runners.ParentRunner$1.schedule(ParentRunner.java:79)
  at org.junit.runners.ParentRunner.runChildren(ParentRunner.java:329)
  at org.junit.runners.ParentRunner.access$100(ParentRunner.java:66)
  at org.junit.runners.ParentRunner$2.evaluate(ParentRunner.java:293)
  at org.junit.runners.ParentRunner$3.evaluate(ParentRunner.java:306)
  at org.junit.runners.ParentRunner.run(ParentRunner.java:413)
  at org.junit.runner.JUnitCore.run(JUnitCore.java:137)
  at org.junit.runner.JUnitCore.run(JUnitCore.java:115)
  at org.gradle.api.internal.tasks.testing.junit.JUnitTestExecutor.runRequest(JUnitTestExecutor.java:175)
  at org.gradle.api.internal.tasks.testing.junit.JUnitTestExecutor.accept(JUnitTestExecutor.java:84)
  at org.gradle.api.internal.tasks.testing.junit.JUnitTestExecutor.accept(JUnitTestExecutor.java:47)
  at org.gradle.api.internal.tasks.testing.junit.AbstractJUnitTestDefinitionProcessor.processTestDefinition(AbstractJUnitTestDefinitionProcessor.java:65)
  at org.gradle.api.internal.tasks.testing.SuiteTestDefinitionProcessor.processTestDefinition(SuiteTestDefinitionProcessor.java:54)
  at java.base/jdk.internal.reflect.DirectMethodHandleAccessor.invoke(DirectMethodHandleAccessor.java:104)
  at java.base/java.lang.reflect.Method.invoke(Method.java:565)
  at org.gradle.internal.dispatch.MethodInvocation.invokeOn(MethodInvocation.java:77)
  at org.gradle.internal.dispatch.ReflectionDispatch.dispatch(ReflectionDispatch.java:28)
  at org.gradle.internal.dispatch.ReflectionDispatch.dispatch(ReflectionDispatch.java:19)
  at org.gradle.internal.dispatch.ContextClassLoaderDispatch.dispatch(ContextClassLoaderDispatch.java:33)
  at org.gradle.internal.dispatch.ProxyDispatchAdapter$DispatchingInvocationHandler.invoke(ProxyDispatchAdapter.java:88)
  at jdk.proxy1/jdk.proxy1.$Proxy4.processTestDefinition(Unknown Source)
  at org.gradle.api.internal.tasks.testing.worker.TestWorker$2.run(TestWorker.java:178)
  at org.gradle.api.internal.tasks.testing.worker.TestWorker.executeAndMaintainThreadName(TestWorker.java:126)
  at org.gradle.api.internal.tasks.testing.worker.TestWorker.execute(TestWorker.java:103)
  at org.gradle.api.internal.tasks.testing.worker.TestWorker.execute(TestWorker.java:63)
  at org.gradle.process.internal.worker.child.ActionExecutionWorker.execute(ActionExecutionWorker.java:56)
  at org.gradle.process.internal.worker.child.SystemApplicationClassLoaderWorker.call(SystemApplicationClassLoaderWorker.java:122)
  at org.gradle.process.internal.worker.child.SystemApplicationClassLoaderWorker.call(SystemApplicationClassLoaderWorker.java:72)
  at worker.org.gradle.process.internal.worker.GradleWorkerMain.run(GradleWorkerMain.java:69)
  at worker.org.gradle.process.internal.worker.GradleWorkerMain.main(GradleWorkerMain.java:74)
</stacktrace>
</test-failure>


TypeScriptCompilerTests_I[jvm] > interfaceDeclaration4_ts compiles to JavaScript matching interfaceDeclaration4_js[jvm] FAILED

<test-failure test="com.xemantic.typescript.compiler.TypeScriptCompilerTests_I.interfaceNaming1_ts has expected errors matching interfaceNaming1_errors_txt" platform="jvm">
<message>
--- expected
+++ actual
@@ -1,18 +1,18 @@
+interfaceNaming1.ts(1,1): error TS1212: Identifier expected. 'interface' is a reserved word in strict mode.
 interfaceNaming1.ts(1,1): error TS2693: 'interface' only refers to a type, but is being used as a value here.
-interfaceNaming1.ts(1,11): error TS1438: Interface must be given a name.
+interfaceNaming1.ts(3,1): error TS1212: Identifier expected. 'interface' is a reserved word in strict mode.
 interfaceNaming1.ts(3,1): error TS2693: 'interface' only refers to a type, but is being used as a value here.
-interfaceNaming1.ts(3,13): error TS2363: The right-hand side of an arithmetic operation must be of type 'any', 'number', 'bigint' or an enum type.
 
 
 ==== interfaceNaming1.ts (4 errors) ====
     interface { }
     ~~~~~~~~~
+!!! error TS1212: Identifier expected. 'interface' is a reserved word in strict mode.
+    ~~~~~~~~~
 !!! error TS2693: 'interface' only refers to a type, but is being used as a value here.
-              ~
-!!! error TS1438: Interface must be given a name.
     interface interface{ }
     interface & { }
     ~~~~~~~~~
+!!! error TS1212: Identifier expected. 'interface' is a reserved word in strict mode.
+    ~~~~~~~~~
 !!! error TS2693: 'interface' only refers to a type, but is being used as a value here.
-                ~~~
-!!! error TS2363: The right-hand side of an arithmetic operation must be of type 'any', 'number', 'bigint' or an enum type.

</message>
<stacktrace>
  at org.junit.Assert.fail(Assert.java:89)
  at kotlin.test.junit.JUnitAsserter.fail(JUnitSupport.kt:56)
  at kotlin.test.AssertionsKt__AssertionsKt.fail(Assertions.kt:563)
  at kotlin.test.AssertionsKt.fail(Unknown Source)
  at com.xemantic.kotlin.test.SameAsKt.sameAs(SameAs.kt:52)
  at com.xemantic.typescript.compiler.TypeScriptTestSupportKt.errorsMatchBaseline(TypeScriptTestSupport.kt:135)
  at com.xemantic.typescript.compiler.TypeScriptCompilerTests_I.interfaceNaming1_ts has expected errors matching interfaceNaming1_errors_txt(TypeScriptCompilerTests_I.kt:5327)
  at java.base/jdk.internal.reflect.DirectMethodHandleAccessor.invoke(DirectMethodHandleAccessor.java:104)
  at java.base/java.lang.reflect.Method.invoke(Method.java:565)
  at org.junit.runners.model.FrameworkMethod$1.runReflectiveCall(FrameworkMethod.java:59)
  at org.junit.internal.runners.model.ReflectiveCallable.run(ReflectiveCallable.java:12)
  at org.junit.runners.model.FrameworkMethod.invokeExplosively(FrameworkMethod.java:56)
  at org.junit.internal.runners.statements.InvokeMethod.evaluate(InvokeMethod.java:17)
  at org.junit.runners.ParentRunner$3.evaluate(ParentRunner.java:306)
  at org.junit.runners.BlockJUnit4ClassRunner$1.evaluate(BlockJUnit4ClassRunner.java:100)
  at org.junit.runners.ParentRunner.runLeaf(ParentRunner.java:366)
  at org.junit.runners.BlockJUnit4ClassRunner.runChild(BlockJUnit4ClassRunner.java:103)
  at org.junit.runners.BlockJUnit4ClassRunner.runChild(BlockJUnit4ClassRunner.java:63)
  at org.junit.runners.ParentRunner$4.run(ParentRunner.java:331)
  at org.junit.runners.ParentRunner$1.schedule(ParentRunner.java:79)
  at org.junit.runners.ParentRunner.runChildren(ParentRunner.java:329)
  at org.junit.runners.ParentRunner.access$100(ParentRunner.java:66)
  at org.junit.runners.ParentRunner$2.evaluate(ParentRunner.java:293)
  at org.junit.runners.ParentRunner$3.evaluate(ParentRunner.java:306)
  at org.junit.runners.ParentRunner.run(ParentRunner.java:413)
  at org.junit.runner.JUnitCore.run(JUnitCore.java:137)
  at org.junit.runner.JUnitCore.run(JUnitCore.java:115)
  at org.gradle.api.internal.tasks.testing.junit.JUnitTestExecutor.runRequest(JUnitTestExecutor.java:175)
  at org.gradle.api.internal.tasks.testing.junit.JUnitTestExecutor.accept(JUnitTestExecutor.java:84)
  at org.gradle.api.internal.tasks.testing.junit.JUnitTestExecutor.accept(JUnitTestExecutor.java:47)
  at org.gradle.api.internal.tasks.testing.junit.AbstractJUnitTestDefinitionProcessor.processTestDefinition(AbstractJUnitTestDefinitionProcessor.java:65)
  at org.gradle.api.internal.tasks.testing.SuiteTestDefinitionProcessor.processTestDefinition(SuiteTestDefinitionProcessor.java:54)
  at java.base/jdk.internal.reflect.DirectMethodHandleAccessor.invoke(DirectMethodHandleAccessor.java:104)
  at java.base/java.lang.reflect.Method.invoke(Method.java:565)
  at org.gradle.internal.dispatch.MethodInvocation.invokeOn(MethodInvocation.java:77)
  at org.gradle.internal.dispatch.ReflectionDispatch.dispatch(ReflectionDispatch.java:28)
  at org.gradle.internal.dispatch.ReflectionDispatch.dispatch(ReflectionDispatch.java:19)
  at org.gradle.internal.dispatch.ContextClassLoaderDispatch.dispatch(ContextClassLoaderDispatch.java:33)
  at org.gradle.internal.dispatch.ProxyDispatchAdapter$DispatchingInvocationHandler.invoke(ProxyDispatchAdapter.java:88)
  at jdk.proxy1/jdk.proxy1.$Proxy4.processTestDefinition(Unknown Source)
  at org.gradle.api.internal.tasks.testing.worker.TestWorker$2.run(TestWorker.java:178)
  at org.gradle.api.internal.tasks.testing.worker.TestWorker.executeAndMaintainThreadName(TestWorker.java:126)
  at org.gradle.api.internal.tasks.testing.worker.TestWorker.execute(TestWorker.java:103)
  at org.gradle.api.internal.tasks.testing.worker.TestWorker.execute(TestWorker.java:63)
  at org.gradle.process.internal.worker.child.ActionExecutionWorker.execute(ActionExecutionWorker.java:56)
  at org.gradle.process.internal.worker.child.SystemApplicationClassLoaderWorker.call(SystemApplicationClassLoaderWorker.java:122)
  at org.gradle.process.internal.worker.child.SystemApplicationClassLoaderWorker.call(SystemApplicationClassLoaderWorker.java:72)
  at worker.org.gradle.process.internal.worker.GradleWorkerMain.run(GradleWorkerMain.java:69)
  at worker.org.gradle.process.internal.worker.GradleWorkerMain.main(GradleWorkerMain.java:74)
</stacktrace>
</test-failure>


TypeScriptCompilerTests_I[jvm] > interfaceNaming1_ts has expected errors matching interfaceNaming1_errors_txt[jvm] FAILED

<test-failure test="com.xemantic.typescript.compiler.TypeScriptCompilerTests_I.invariantGenericErrorElaboration_ts has expected errors matching invariantGenericErrorElaboration_errors_txt" platform="jvm">
<message>
Expected diagnostics from baseline typescript-repo/tests/baselines/reference/invariantGenericErrorElaboration.errors.txt but none produced
</message>
<stacktrace>
  at com.xemantic.typescript.compiler.TypeScriptTestSupportKt.errorsMatchBaseline(TypeScriptTestSupport.kt:125)
  at com.xemantic.typescript.compiler.TypeScriptCompilerTests_I.invariantGenericErrorElaboration_ts has expected errors matching invariantGenericErrorElaboration_errors_txt(TypeScriptCompilerTests_I.kt:6356)
  at java.base/jdk.internal.reflect.DirectMethodHandleAccessor.invoke(DirectMethodHandleAccessor.java:104)
  at java.base/java.lang.reflect.Method.invoke(Method.java:565)
  at org.junit.runners.model.FrameworkMethod$1.runReflectiveCall(FrameworkMethod.java:59)
  at org.junit.internal.runners.model.ReflectiveCallable.run(ReflectiveCallable.java:12)
  at org.junit.runners.model.FrameworkMethod.invokeExplosively(FrameworkMethod.java:56)
  at org.junit.internal.runners.statements.InvokeMethod.evaluate(InvokeMethod.java:17)
  at org.junit.runners.ParentRunner$3.evaluate(ParentRunner.java:306)
  at org.junit.runners.BlockJUnit4ClassRunner$1.evaluate(BlockJUnit4ClassRunner.java:100)
  at org.junit.runners.ParentRunner.runLeaf(ParentRunner.java:366)
  at org.junit.runners.BlockJUnit4ClassRunner.runChild(BlockJUnit4ClassRunner.java:103)
  at org.junit.runners.BlockJUnit4ClassRunner.runChild(BlockJUnit4ClassRunner.java:63)
  at org.junit.runners.ParentRunner$4.run(ParentRunner.java:331)
  at org.junit.runners.ParentRunner$1.schedule(ParentRunner.java:79)
  at org.junit.runners.ParentRunner.runChildren(ParentRunner.java:329)
  at org.junit.runners.ParentRunner.access$100(ParentRunner.java:66)
  at org.junit.runners.ParentRunner$2.evaluate(ParentRunner.java:293)
  at org.junit.runners.ParentRunner$3.evaluate(ParentRunner.java:306)
  at org.junit.runners.ParentRunner.run(ParentRunner.java:413)
  at org.junit.runner.JUnitCore.run(JUnitCore.java:137)
  at org.junit.runner.JUnitCore.run(JUnitCore.java:115)
  at org.gradle.api.internal.tasks.testing.junit.JUnitTestExecutor.runRequest(JUnitTestExecutor.java:175)
  at org.gradle.api.internal.tasks.testing.junit.JUnitTestExecutor.accept(JUnitTestExecutor.java:84)
  at org.gradle.api.internal.tasks.testing.junit.JUnitTestExecutor.accept(JUnitTestExecutor.java:47)
  at org.gradle.api.internal.tasks.testing.junit.AbstractJUnitTestDefinitionProcessor.processTestDefinition(AbstractJUnitTestDefinitionProcessor.java:65)
  at org.gradle.api.internal.tasks.testing.SuiteTestDefinitionProcessor.processTestDefinition(SuiteTestDefinitionProcessor.java:54)
  at java.base/jdk.internal.reflect.DirectMethodHandleAccessor.invoke(DirectMethodHandleAccessor.java:104)
  at java.base/java.lang.reflect.Method.invoke(Method.java:565)
  at org.gradle.internal.dispatch.MethodInvocation.invokeOn(MethodInvocation.java:77)
  at org.gradle.internal.dispatch.ReflectionDispatch.dispatch(ReflectionDispatch.java:28)
  at org.gradle.internal.dispatch.ReflectionDispatch.dispatch(ReflectionDispatch.java:19)
  at org.gradle.internal.dispatch.ContextClassLoaderDispatch.dispatch(ContextClassLoaderDispatch.java:33)
  at org.gradle.internal.dispatch.ProxyDispatchAdapter$DispatchingInvocationHandler.invoke(ProxyDispatchAdapter.java:88)
  at jdk.proxy1/jdk.proxy1.$Proxy4.processTestDefinition(Unknown Source)
  at org.gradle.api.internal.tasks.testing.worker.TestWorker$2.run(TestWorker.java:178)
  at org.gradle.api.internal.tasks.testing.worker.TestWorker.executeAndMaintainThreadName(TestWorker.java:126)
  at org.gradle.api.internal.tasks.testing.worker.TestWorker.execute(TestWorker.java:103)
  at org.gradle.api.internal.tasks.testing.worker.TestWorker.execute(TestWorker.java:63)
  at org.gradle.process.internal.worker.child.ActionExecutionWorker.execute(ActionExecutionWorker.java:56)
  at org.gradle.process.internal.worker.child.SystemApplicationClassLoaderWorker.call(SystemApplicationClassLoaderWorker.java:122)
  at org.gradle.process.internal.worker.child.SystemApplicationClassLoaderWorker.call(SystemApplicationClassLoaderWorker.java:72)
  at worker.org.gradle.process.internal.worker.GradleWorkerMain.run(GradleWorkerMain.java:69)
  at worker.org.gradle.process.internal.worker.GradleWorkerMain.main(GradleWorkerMain.java:74)
</stacktrace>
</test-failure>


TypeScriptCompilerTests_I[jvm] > invariantGenericErrorElaboration_ts has expected errors matching invariantGenericErrorElaboration_errors_txt[jvm] FAILED

<test-failure test="com.xemantic.typescript.compiler.TypeScriptCompilerTests_I.interfaceNameAsIdentifier_ts has expected errors matching interfaceNameAsIdentifier_errors_txt" platform="jvm">
<message>
--- expected
+++ actual
@@ -1,8 +1,7 @@
 interfaceNameAsIdentifier.ts(4,1): error TS2693: 'C' only refers to a type, but is being used as a value here.
-interfaceNameAsIdentifier.ts(12,1): error TS2708: Cannot use namespace 'm2' as a value.
 
 
-==== interfaceNameAsIdentifier.ts (2 errors) ====
+==== interfaceNameAsIdentifier.ts (1 errors) ====
     interface C {
         (): void;
     }
@@ -17,5 +16,3 @@
     }
     
     m2.C();
-    ~~
-!!! error TS2708: Cannot use namespace 'm2' as a value.

</message>
<stacktrace>
  at org.junit.Assert.fail(Assert.java:89)
  at kotlin.test.junit.JUnitAsserter.fail(JUnitSupport.kt:56)
  at kotlin.test.AssertionsKt__AssertionsKt.fail(Assertions.kt:563)
  at kotlin.test.AssertionsKt.fail(Unknown Source)
  at com.xemantic.kotlin.test.SameAsKt.sameAs(SameAs.kt:52)
  at com.xemantic.typescript.compiler.TypeScriptTestSupportKt.errorsMatchBaseline(TypeScriptTestSupport.kt:135)
  at com.xemantic.typescript.compiler.TypeScriptCompilerTests_I.interfaceNameAsIdentifier_ts has expected errors matching interfaceNameAsIdentifier_errors_txt(TypeScriptCompilerTests_I.kt:5313)
  at java.base/jdk.internal.reflect.DirectMethodHandleAccessor.invoke(DirectMethodHandleAccessor.java:104)
  at java.base/java.lang.reflect.Method.invoke(Method.java:565)
  at org.junit.runners.model.FrameworkMethod$1.runReflectiveCall(FrameworkMethod.java:59)
  at org.junit.internal.runners.model.ReflectiveCallable.run(ReflectiveCallable.java:12)
  at org.junit.runners.model.FrameworkMethod.invokeExplosively(FrameworkMethod.java:56)
  at org.junit.internal.runners.statements.InvokeMethod.evaluate(InvokeMethod.java:17)
  at org.junit.runners.ParentRunner$3.evaluate(ParentRunner.java:306)
  at org.junit.runners.BlockJUnit4ClassRunner$1.evaluate(BlockJUnit4ClassRunner.java:100)
  at org.junit.runners.ParentRunner.runLeaf(ParentRunner.java:366)
  at org.junit.runners.BlockJUnit4ClassRunner.runChild(BlockJUnit4ClassRunner.java:103)
  at org.junit.runners.BlockJUnit4ClassRunner.runChild(BlockJUnit4ClassRunner.java:63)
  at org.junit.runners.ParentRunner$4.run(ParentRunner.java:331)
  at org.junit.runners.ParentRunner$1.schedule(ParentRunner.java:79)
  at org.junit.runners.ParentRunner.runChildren(ParentRunner.java:329)
  at org.junit.runners.ParentRunner.access$100(ParentRunner.java:66)
  at org.junit.runners.ParentRunner$2.evaluate(ParentRunner.java:293)
  at org.junit.runners.ParentRunner$3.evaluate(ParentRunner.java:306)
  at org.junit.runners.ParentRunner.run(ParentRunner.java:413)
  at org.junit.runner.JUnitCore.run(JUnitCore.java:137)
  at org.junit.runner.JUnitCore.run(JUnitCore.java:115)
  at org.gradle.api.internal.tasks.testing.junit.JUnitTestExecutor.runRequest(JUnitTestExecutor.java:175)
  at org.gradle.api.internal.tasks.testing.junit.JUnitTestExecutor.accept(JUnitTestExecutor.java:84)
  at org.gradle.api.internal.tasks.testing.junit.JUnitTestExecutor.accept(JUnitTestExecutor.java:47)
  at org.gradle.api.internal.tasks.testing.junit.AbstractJUnitTestDefinitionProcessor.processTestDefinition(AbstractJUnitTestDefinitionProcessor.java:65)
  at org.gradle.api.internal.tasks.testing.SuiteTestDefinitionProcessor.processTestDefinition(SuiteTestDefinitionProcessor.java:54)
  at java.base/jdk.internal.reflect.DirectMethodHandleAccessor.invoke(DirectMethodHandleAccessor.java:104)
  at java.base/java.lang.reflect.Method.invoke(Method.java:565)
  at org.gradle.internal.dispatch.MethodInvocation.invokeOn(MethodInvocation.java:77)
  at org.gradle.internal.dispatch.ReflectionDispatch.dispatch(ReflectionDispatch.java:28)
  at org.gradle.internal.dispatch.ReflectionDispatch.dispatch(ReflectionDispatch.java:19)
  at org.gradle.internal.dispatch.ContextClassLoaderDispatch.dispatch(ContextClassLoaderDispatch.java:33)
  at org.gradle.internal.dispatch.ProxyDispatchAdapter$DispatchingInvocationHandler.invoke(ProxyDispatchAdapter.java:88)
  at jdk.proxy1/jdk.proxy1.$Proxy4.processTestDefinition(Unknown Source)
  at org.gradle.api.internal.tasks.testing.worker.TestWorker$2.run(TestWorker.java:178)
  at org.gradle.api.internal.tasks.testing.worker.TestWorker.executeAndMaintainThreadName(TestWorker.java:126)
  at org.gradle.api.internal.tasks.testing.worker.TestWorker.execute(TestWorker.java:103)
  at org.gradle.api.internal.tasks.testing.worker.TestWorker.execute(TestWorker.java:63)
  at org.gradle.process.internal.worker.child.ActionExecutionWorker.execute(ActionExecutionWorker.java:56)
  at org.gradle.process.internal.worker.child.SystemApplicationClassLoaderWorker.call(SystemApplicationClassLoaderWorker.java:122)
  at org.gradle.process.internal.worker.child.SystemApplicationClassLoaderWorker.call(SystemApplicationClassLoaderWorker.java:72)
  at worker.org.gradle.process.internal.worker.GradleWorkerMain.run(GradleWorkerMain.java:69)
  at worker.org.gradle.process.internal.worker.GradleWorkerMain.main(GradleWorkerMain.java:74)
</stacktrace>
</test-failure>


TypeScriptCompilerTests_I[jvm] > interfaceNameAsIdentifier_ts has expected errors matching interfaceNameAsIdentifier_errors_txt[jvm] FAILED

<test-failure test="com.xemantic.typescript.compiler.TypeScriptCompilerTests_I.importNonExportedMember8_ts has expected errors matching importNonExportedMember8_errors_txt" platform="jvm">
<message>
--- expected
+++ actual
@@ -1,6 +1,4 @@
 error TS5107: Option 'esModuleInterop=false' is deprecated and will stop functioning in TypeScript 7.0. Specify compilerOption '"ignoreDeprecations": "6.0"' to silence this error.
-b.js(1,10): error TS2598: 'Foo' can only be imported by using a 'require' call or by turning on the 'esModuleInterop' flag and using a default import.
-b.js(1,21): error TS2497: This module can only be referenced with ECMAScript imports/exports by turning on the 'esModuleInterop' flag and referencing its default export.
 
 
 !!! error TS5107: Option 'esModuleInterop=false' is deprecated and will stop functioning in TypeScript 7.0. Specify compilerOption '"ignoreDeprecations": "6.0"' to silence this error.
@@ -8,9 +6,5 @@
     class Foo {}
     export = Foo;
     
-==== b.js (2 errors) ====
+==== b.js (0 errors) ====
     import { Foo } from './a';
-             ~~~
-!!! error TS2598: 'Foo' can only be imported by using a 'require' call or by turning on the 'esModuleInterop' flag and using a default import.
-                        ~~~~~
-!!! error TS2497: This module can only be referenced with ECMAScript imports/exports by turning on the 'esModuleInterop' flag and referencing its default export.

</message>
<stacktrace>
  at org.junit.Assert.fail(Assert.java:89)
  at kotlin.test.junit.JUnitAsserter.fail(JUnitSupport.kt:56)
  at kotlin.test.AssertionsKt__AssertionsKt.fail(Assertions.kt:563)
  at kotlin.test.AssertionsKt.fail(Unknown Source)
  at com.xemantic.kotlin.test.SameAsKt.sameAs(SameAs.kt:52)
  at com.xemantic.typescript.compiler.TypeScriptTestSupportKt.errorsMatchBaseline(TypeScriptTestSupport.kt:135)
  at com.xemantic.typescript.compiler.TypeScriptCompilerTests_I.importNonExportedMember8_ts has expected errors matching importNonExportedMember8_errors_txt(TypeScriptCompilerTests_I.kt:1932)
  at java.base/jdk.internal.reflect.DirectMethodHandleAccessor.invoke(DirectMethodHandleAccessor.java:104)
  at java.base/java.lang.reflect.Method.invoke(Method.java:565)
  at org.junit.runners.model.FrameworkMethod$1.runReflectiveCall(FrameworkMethod.java:59)
  at org.junit.internal.runners.model.ReflectiveCallable.run(ReflectiveCallable.java:12)
  at org.junit.runners.model.FrameworkMethod.invokeExplosively(FrameworkMethod.java:56)
  at org.junit.internal.runners.statements.InvokeMethod.evaluate(InvokeMethod.java:17)
  at org.junit.runners.ParentRunner$3.evaluate(ParentRunner.java:306)
  at org.junit.runners.BlockJUnit4ClassRunner$1.evaluate(BlockJUnit4ClassRunner.java:100)
  at org.junit.runners.ParentRunner.runLeaf(ParentRunner.java:366)
  at org.junit.runners.BlockJUnit4ClassRunner.runChild(BlockJUnit4ClassRunner.java:103)
  at org.junit.runners.BlockJUnit4ClassRunner.runChild(BlockJUnit4ClassRunner.java:63)
  at org.junit.runners.ParentRunner$4.run(ParentRunner.java:331)
  at org.junit.runners.ParentRunner$1.schedule(ParentRunner.java:79)
  at org.junit.runners.ParentRunner.runChildren(ParentRunner.java:329)
  at org.junit.runners.ParentRunner.access$100(ParentRunner.java:66)
  at org.junit.runners.ParentRunner$2.evaluate(ParentRunner.java:293)
  at org.junit.runners.ParentRunner$3.evaluate(ParentRunner.java:306)
  at org.junit.runners.ParentRunner.run(ParentRunner.java:413)
  at org.junit.runner.JUnitCore.run(JUnitCore.java:137)
  at org.junit.runner.JUnitCore.run(JUnitCore.java:115)
  at org.gradle.api.internal.tasks.testing.junit.JUnitTestExecutor.runRequest(JUnitTestExecutor.java:175)
  at org.gradle.api.internal.tasks.testing.junit.JUnitTestExecutor.accept(JUnitTestExecutor.java:84)
  at org.gradle.api.internal.tasks.testing.junit.JUnitTestExecutor.accept(JUnitTestExecutor.java:47)
  at org.gradle.api.internal.tasks.testing.junit.AbstractJUnitTestDefinitionProcessor.processTestDefinition(AbstractJUnitTestDefinitionProcessor.java:65)
  at org.gradle.api.internal.tasks.testing.SuiteTestDefinitionProcessor.processTestDefinition(SuiteTestDefinitionProcessor.java:54)
  at java.base/jdk.internal.reflect.DirectMethodHandleAccessor.invoke(DirectMethodHandleAccessor.java:104)
  at java.base/java.lang.reflect.Method.invoke(Method.java:565)
  at org.gradle.internal.dispatch.MethodInvocation.invokeOn(MethodInvocation.java:77)
  at org.gradle.internal.dispatch.ReflectionDispatch.dispatch(ReflectionDispatch.java:28)
  at org.gradle.internal.dispatch.ReflectionDispatch.dispatch(ReflectionDispatch.java:19)
  at org.gradle.internal.dispatch.ContextClassLoaderDispatch.dispatch(ContextClassLoaderDispatch.java:33)
  at org.gradle.internal.dispatch.ProxyDispatchAdapter$DispatchingInvocationHandler.invoke(ProxyDispatchAdapter.java:88)
  at jdk.proxy1/jdk.proxy1.$Proxy4.processTestDefinition(Unknown Source)
  at org.gradle.api.internal.tasks.testing.worker.TestWorker$2.run(TestWorker.java:178)
  at org.gradle.api.internal.tasks.testing.worker.TestWorker.executeAndMaintainThreadName(TestWorker.java:126)
  at org.gradle.api.internal.tasks.testing.worker.TestWorker.execute(TestWorker.java:103)
  at org.gradle.api.internal.tasks.testing.worker.TestWorker.execute(TestWorker.java:63)
  at org.gradle.process.internal.worker.child.ActionExecutionWorker.execute(ActionExecutionWorker.java:56)
  at org.gradle.process.internal.worker.child.SystemApplicationClassLoaderWorker.call(SystemApplicationClassLoaderWorker.java:122)
  at org.gradle.process.internal.worker.child.SystemApplicationClassLoaderWorker.call(SystemApplicationClassLoaderWorker.java:72)
  at worker.org.gradle.process.internal.worker.GradleWorkerMain.run(GradleWorkerMain.java:69)
  at worker.org.gradle.process.internal.worker.GradleWorkerMain.main(GradleWorkerMain.java:74)
</stacktrace>
</test-failure>


TypeScriptCompilerTests_I[jvm] > importNonExportedMember8_ts has expected errors matching importNonExportedMember8_errors_txt[jvm] FAILED

<test-failure test="com.xemantic.typescript.compiler.TypeScriptCompilerTests_I.invalidLetInForOfAndForIn_ES6_ts compiles to JavaScript matching invalidLetInForOfAndForIn_ES6_js" platform="jvm">
<message>
--- expected
+++ actual
@@ -17,7 +17,5 @@
 // This should be an error
 // More details: http://www.ecma-international.org/ecma-262/6.0/#sec-iteration-statements
 var let = 10;
-for (let of, []; 1, 2, 3; )
-    ;
-{ }
-for (let  in [1, 2, 3]) { }
+for (let of; [1, 2, 3];) { }
+for (let in [1, 2, 3]) { }

</message>
<stacktrace>
  at org.junit.Assert.fail(Assert.java:89)
  at kotlin.test.junit.JUnitAsserter.fail(JUnitSupport.kt:56)
  at kotlin.test.AssertionsKt__AssertionsKt.fail(Assertions.kt:563)
  at kotlin.test.AssertionsKt.fail(Unknown Source)
  at com.xemantic.kotlin.test.SameAsKt.sameAs(SameAs.kt:52)
  at com.xemantic.typescript.compiler.TypeScriptTestSupportKt.sameAs(TypeScriptTestSupport.kt:99)
  at com.xemantic.typescript.compiler.TypeScriptCompilerTests_I.invalidLetInForOfAndForIn_ES6_ts compiles to JavaScript matching invalidLetInForOfAndForIn_ES6_js(TypeScriptCompilerTests_I.kt:6167)
  at java.base/jdk.internal.reflect.DirectMethodHandleAccessor.invoke(DirectMethodHandleAccessor.java:104)
  at java.base/java.lang.reflect.Method.invoke(Method.java:565)
  at org.junit.runners.model.FrameworkMethod$1.runReflectiveCall(FrameworkMethod.java:59)
  at org.junit.internal.runners.model.ReflectiveCallable.run(ReflectiveCallable.java:12)
  at org.junit.runners.model.FrameworkMethod.invokeExplosively(FrameworkMethod.java:56)
  at org.junit.internal.runners.statements.InvokeMethod.evaluate(InvokeMethod.java:17)
  at org.junit.runners.ParentRunner$3.evaluate(ParentRunner.java:306)
  at org.junit.runners.BlockJUnit4ClassRunner$1.evaluate(BlockJUnit4ClassRunner.java:100)
  at org.junit.runners.ParentRunner.runLeaf(ParentRunner.java:366)
  at org.junit.runners.BlockJUnit4ClassRunner.runChild(BlockJUnit4ClassRunner.java:103)
  at org.junit.runners.BlockJUnit4ClassRunner.runChild(BlockJUnit4ClassRunner.java:63)
  at org.junit.runners.ParentRunner$4.run(ParentRunner.java:331)
  at org.junit.runners.ParentRunner$1.schedule(ParentRunner.java:79)
  at org.junit.runners.ParentRunner.runChildren(ParentRunner.java:329)
  at org.junit.runners.ParentRunner.access$100(ParentRunner.java:66)
  at org.junit.runners.ParentRunner$2.evaluate(ParentRunner.java:293)
  at org.junit.runners.ParentRunner$3.evaluate(ParentRunner.java:306)
  at org.junit.runners.ParentRunner.run(ParentRunner.java:413)
  at org.junit.runner.JUnitCore.run(JUnitCore.java:137)
  at org.junit.runner.JUnitCore.run(JUnitCore.java:115)
  at org.gradle.api.internal.tasks.testing.junit.JUnitTestExecutor.runRequest(JUnitTestExecutor.java:175)
  at org.gradle.api.internal.tasks.testing.junit.JUnitTestExecutor.accept(JUnitTestExecutor.java:84)
  at org.gradle.api.internal.tasks.testing.junit.JUnitTestExecutor.accept(JUnitTestExecutor.java:47)
  at org.gradle.api.internal.tasks.testing.junit.AbstractJUnitTestDefinitionProcessor.processTestDefinition(AbstractJUnitTestDefinitionProcessor.java:65)
  at org.gradle.api.internal.tasks.testing.SuiteTestDefinitionProcessor.processTestDefinition(SuiteTestDefinitionProcessor.java:54)
  at java.base/jdk.internal.reflect.DirectMethodHandleAccessor.invoke(DirectMethodHandleAccessor.java:104)
  at java.base/java.lang.reflect.Method.invoke(Method.java:565)
  at org.gradle.internal.dispatch.MethodInvocation.invokeOn(MethodInvocation.java:77)
  at org.gradle.internal.dispatch.ReflectionDispatch.dispatch(ReflectionDispatch.java:28)
  at org.gradle.internal.dispatch.ReflectionDispatch.dispatch(ReflectionDispatch.java:19)
  at org.gradle.internal.dispatch.ContextClassLoaderDispatch.dispatch(ContextClassLoaderDispatch.java:33)
  at org.gradle.internal.dispatch.ProxyDispatchAdapter$DispatchingInvocationHandler.invoke(ProxyDispatchAdapter.java:88)
  at jdk.proxy1/jdk.proxy1.$Proxy4.processTestDefinition(Unknown Source)
  at org.gradle.api.internal.tasks.testing.worker.TestWorker$2.run(TestWorker.java:178)
  at org.gradle.api.internal.tasks.testing.worker.TestWorker.executeAndMaintainThreadName(TestWorker.java:126)
  at org.gradle.api.internal.tasks.testing.worker.TestWorker.execute(TestWorker.java:103)
  at org.gradle.api.internal.tasks.testing.worker.TestWorker.execute(TestWorker.java:63)
  at org.gradle.process.internal.worker.child.ActionExecutionWorker.execute(ActionExecutionWorker.java:56)
  at org.gradle.process.internal.worker.child.SystemApplicationClassLoaderWorker.call(SystemApplicationClassLoaderWorker.java:122)
  at org.gradle.process.internal.worker.child.SystemApplicationClassLoaderWorker.call(SystemApplicationClassLoaderWorker.java:72)
  at worker.org.gradle.process.internal.worker.GradleWorkerMain.run(GradleWorkerMain.java:69)
  at worker.org.gradle.process.internal.worker.GradleWorkerMain.main(GradleWorkerMain.java:74)
</stacktrace>
</test-failure>


TypeScriptCompilerTests_I[jvm] > invalidLetInForOfAndForIn_ES6_ts compiles to JavaScript matching invalidLetInForOfAndForIn_ES6_js[jvm] FAILED

<test-failure test="com.xemantic.typescript.compiler.TypeScriptCompilerTests_I.isolatedModulesSketchyAliasLocalMerge_ts__isolatedmodules_true_verbatimmodulesyntax_false__has expected errors matching baseline" platform="jvm">
<message>
Expected diagnostics from baseline typescript-repo/tests/baselines/reference/isolatedModulesSketchyAliasLocalMerge(isolatedmodules=true,verbatimmodulesyntax=false).errors.txt but none produced
</message>
<stacktrace>
  at com.xemantic.typescript.compiler.TypeScriptTestSupportKt.errorsMatchBaseline(TypeScriptTestSupport.kt:125)
  at com.xemantic.typescript.compiler.TypeScriptCompilerTests_I.isolatedModulesSketchyAliasLocalMerge_ts__isolatedmodules_true_verbatimmodulesyntax_false__has expected errors matching baseline(TypeScriptCompilerTests_I.kt:7049)
  at java.base/jdk.internal.reflect.DirectMethodHandleAccessor.invoke(DirectMethodHandleAccessor.java:104)
  at java.base/java.lang.reflect.Method.invoke(Method.java:565)
  at org.junit.runners.model.FrameworkMethod$1.runReflectiveCall(FrameworkMethod.java:59)
  at org.junit.internal.runners.model.ReflectiveCallable.run(ReflectiveCallable.java:12)
  at org.junit.runners.model.FrameworkMethod.invokeExplosively(FrameworkMethod.java:56)
  at org.junit.internal.runners.statements.InvokeMethod.evaluate(InvokeMethod.java:17)
  at org.junit.runners.ParentRunner$3.evaluate(ParentRunner.java:306)
  at org.junit.runners.BlockJUnit4ClassRunner$1.evaluate(BlockJUnit4ClassRunner.java:100)
  at org.junit.runners.ParentRunner.runLeaf(ParentRunner.java:366)
  at org.junit.runners.BlockJUnit4ClassRunner.runChild(BlockJUnit4ClassRunner.java:103)
  at org.junit.runners.BlockJUnit4ClassRunner.runChild(BlockJUnit4ClassRunner.java:63)
  at org.junit.runners.ParentRunner$4.run(ParentRunner.java:331)
  at org.junit.runners.ParentRunner$1.schedule(ParentRunner.java:79)
  at org.junit.runners.ParentRunner.runChildren(ParentRunner.java:329)
  at org.junit.runners.ParentRunner.access$100(ParentRunner.java:66)
  at org.junit.runners.ParentRunner$2.evaluate(ParentRunner.java:293)
  at org.junit.runners.ParentRunner$3.evaluate(ParentRunner.java:306)
  at org.junit.runners.ParentRunner.run(ParentRunner.java:413)
  at org.junit.runner.JUnitCore.run(JUnitCore.java:137)
  at org.junit.runner.JUnitCore.run(JUnitCore.java:115)
  at org.gradle.api.internal.tasks.testing.junit.JUnitTestExecutor.runRequest(JUnitTestExecutor.java:175)
  at org.gradle.api.internal.tasks.testing.junit.JUnitTestExecutor.accept(JUnitTestExecutor.java:84)
  at org.gradle.api.internal.tasks.testing.junit.JUnitTestExecutor.accept(JUnitTestExecutor.java:47)
  at org.gradle.api.internal.tasks.testing.junit.AbstractJUnitTestDefinitionProcessor.processTestDefinition(AbstractJUnitTestDefinitionProcessor.java:65)
  at org.gradle.api.internal.tasks.testing.SuiteTestDefinitionProcessor.processTestDefinition(SuiteTestDefinitionProcessor.java:54)
  at java.base/jdk.internal.reflect.DirectMethodHandleAccessor.invoke(DirectMethodHandleAccessor.java:104)
  at java.base/java.lang.reflect.Method.invoke(Method.java:565)
  at org.gradle.internal.dispatch.MethodInvocation.invokeOn(MethodInvocation.java:77)
  at org.gradle.internal.dispatch.ReflectionDispatch.dispatch(ReflectionDispatch.java:28)
  at org.gradle.internal.dispatch.ReflectionDispatch.dispatch(ReflectionDispatch.java:19)
  at org.gradle.internal.dispatch.ContextClassLoaderDispatch.dispatch(ContextClassLoaderDispatch.java:33)
  at org.gradle.internal.dispatch.ProxyDispatchAdapter$DispatchingInvocationHandler.invoke(ProxyDispatchAdapter.java:88)
  at jdk.proxy1/jdk.proxy1.$Proxy4.processTestDefinition(Unknown Source)
  at org.gradle.api.internal.tasks.testing.worker.TestWorker$2.run(TestWorker.java:178)
  at org.gradle.api.internal.tasks.testing.worker.TestWorker.executeAndMaintainThreadName(TestWorker.java:126)
  at org.gradle.api.internal.tasks.testing.worker.TestWorker.execute(TestWorker.java:103)
  at org.gradle.api.internal.tasks.testing.worker.TestWorker.execute(TestWorker.java:63)
  at org.gradle.process.internal.worker.child.ActionExecutionWorker.execute(ActionExecutionWorker.java:56)
  at org.gradle.process.internal.worker.child.SystemApplicationClassLoaderWorker.call(SystemApplicationClassLoaderWorker.java:122)
  at org.gradle.process.internal.worker.child.SystemApplicationClassLoaderWorker.call(SystemApplicationClassLoaderWorker.java:72)
  at worker.org.gradle.process.internal.worker.GradleWorkerMain.run(GradleWorkerMain.java:69)
  at worker.org.gradle.process.internal.worker.GradleWorkerMain.main(GradleWorkerMain.java:74)
</stacktrace>
</test-failure>


TypeScriptCompilerTests_I[jvm] > isolatedModulesSketchyAliasLocalMerge_ts__isolatedmodules_true_verbatimmodulesyntax_false__has expected errors matching baseline[jvm] FAILED

<test-failure test="com.xemantic.typescript.compiler.TypeScriptCompilerTests_I.importDeclTypes_ts has expected errors matching importDeclTypes_errors_txt" platform="jvm">
<message>
Expected diagnostics from baseline typescript-repo/tests/baselines/reference/importDeclTypes.errors.txt but none produced
</message>
<stacktrace>
  at com.xemantic.typescript.compiler.TypeScriptTestSupportKt.errorsMatchBaseline(TypeScriptTestSupport.kt:125)
  at com.xemantic.typescript.compiler.TypeScriptCompilerTests_I.importDeclTypes_ts has expected errors matching importDeclTypes_errors_txt(TypeScriptCompilerTests_I.kt:924)
  at java.base/jdk.internal.reflect.DirectMethodHandleAccessor.invoke(DirectMethodHandleAccessor.java:104)
  at java.base/java.lang.reflect.Method.invoke(Method.java:565)
  at org.junit.runners.model.FrameworkMethod$1.runReflectiveCall(FrameworkMethod.java:59)
  at org.junit.internal.runners.model.ReflectiveCallable.run(ReflectiveCallable.java:12)
  at org.junit.runners.model.FrameworkMethod.invokeExplosively(FrameworkMethod.java:56)
  at org.junit.internal.runners.statements.InvokeMethod.evaluate(InvokeMethod.java:17)
  at org.junit.runners.ParentRunner$3.evaluate(ParentRunner.java:306)
  at org.junit.runners.BlockJUnit4ClassRunner$1.evaluate(BlockJUnit4ClassRunner.java:100)
  at org.junit.runners.ParentRunner.runLeaf(ParentRunner.java:366)
  at org.junit.runners.BlockJUnit4ClassRunner.runChild(BlockJUnit4ClassRunner.java:103)
  at org.junit.runners.BlockJUnit4ClassRunner.runChild(BlockJUnit4ClassRunner.java:63)
  at org.junit.runners.ParentRunner$4.run(ParentRunner.java:331)
  at org.junit.runners.ParentRunner$1.schedule(ParentRunner.java:79)
  at org.junit.runners.ParentRunner.runChildren(ParentRunner.java:329)
  at org.junit.runners.ParentRunner.access$100(ParentRunner.java:66)
  at org.junit.runners.ParentRunner$2.evaluate(ParentRunner.java:293)
  at org.junit.runners.ParentRunner$3.evaluate(ParentRunner.java:306)
  at org.junit.runners.ParentRunner.run(ParentRunner.java:413)
  at org.junit.runner.JUnitCore.run(JUnitCore.java:137)
  at org.junit.runner.JUnitCore.run(JUnitCore.java:115)
  at org.gradle.api.internal.tasks.testing.junit.JUnitTestExecutor.runRequest(JUnitTestExecutor.java:175)
  at org.gradle.api.internal.tasks.testing.junit.JUnitTestExecutor.accept(JUnitTestExecutor.java:84)
  at org.gradle.api.internal.tasks.testing.junit.JUnitTestExecutor.accept(JUnitTestExecutor.java:47)
  at org.gradle.api.internal.tasks.testing.junit.AbstractJUnitTestDefinitionProcessor.processTestDefinition(AbstractJUnitTestDefinitionProcessor.java:65)
  at org.gradle.api.internal.tasks.testing.SuiteTestDefinitionProcessor.processTestDefinition(SuiteTestDefinitionProcessor.java:54)
  at java.base/jdk.internal.reflect.DirectMethodHandleAccessor.invoke(DirectMethodHandleAccessor.java:104)
  at java.base/java.lang.reflect.Method.invoke(Method.java:565)
  at org.gradle.internal.dispatch.MethodInvocation.invokeOn(MethodInvocation.java:77)
  at org.gradle.internal.dispatch.ReflectionDispatch.dispatch(ReflectionDispatch.java:28)
  at org.gradle.internal.dispatch.ReflectionDispatch.dispatch(ReflectionDispatch.java:19)
  at org.gradle.internal.dispatch.ContextClassLoaderDispatch.dispatch(ContextClassLoaderDispatch.java:33)
  at org.gradle.internal.dispatch.ProxyDispatchAdapter$DispatchingInvocationHandler.invoke(ProxyDispatchAdapter.java:88)
  at jdk.proxy1/jdk.proxy1.$Proxy4.processTestDefinition(Unknown Source)
  at org.gradle.api.internal.tasks.testing.worker.TestWorker$2.run(TestWorker.java:178)
  at org.gradle.api.internal.tasks.testing.worker.TestWorker.executeAndMaintainThreadName(TestWorker.java:126)
  at org.gradle.api.internal.tasks.testing.worker.TestWorker.execute(TestWorker.java:103)
  at org.gradle.api.internal.tasks.testing.worker.TestWorker.execute(TestWorker.java:63)
  at org.gradle.process.internal.worker.child.ActionExecutionWorker.execute(ActionExecutionWorker.java:56)
  at org.gradle.process.internal.worker.child.SystemApplicationClassLoaderWorker.call(SystemApplicationClassLoaderWorker.java:122)
  at org.gradle.process.internal.worker.child.SystemApplicationClassLoaderWorker.call(SystemApplicationClassLoaderWorker.java:72)
  at worker.org.gradle.process.internal.worker.GradleWorkerMain.run(GradleWorkerMain.java:69)
  at worker.org.gradle.process.internal.worker.GradleWorkerMain.main(GradleWorkerMain.java:74)
</stacktrace>
</test-failure>


TypeScriptCompilerTests_I[jvm] > importDeclTypes_ts has expected errors matching importDeclTypes_errors_txt[jvm] FAILED

<test-failure test="com.xemantic.typescript.compiler.TypeScriptCompilerTests_I.implementGenericWithMismatchedTypes_ts has expected errors matching implementGenericWithMismatchedTypes_errors_txt" platform="jvm">
<message>
--- expected
+++ actual
@@ -1,16 +1,8 @@
-implementGenericWithMismatchedTypes.ts(8,5): error TS2416: Property 'foo' in type 'C<T>' is not assignable to the same property in base type 'IFoo<T>'.
-  Type '(x: string) => number' is not assignable to type '(x: T) => T'.
-    Types of parameters 'x' and 'x' are incompatible.
-      Type 'T' is not assignable to type 'string'.
 implementGenericWithMismatchedTypes.ts(9,9): error TS2322: Type 'null' is not assignable to type 'number'.
-implementGenericWithMismatchedTypes.ts(17,5): error TS2416: Property 'foo' in type 'C2<T>' is not assignable to the same property in base type 'IFoo2<T>'.
-  Type '<Tstring>(x: Tstring) => number' is not assignable to type '(x: T) => T'.
-    Type 'number' is not assignable to type 'T'.
-      'T' could be instantiated with an arbitrary type which could be unrelated to 'number'.
 implementGenericWithMismatchedTypes.ts(18,9): error TS2322: Type 'null' is not assignable to type 'number'.
 
 
-==== implementGenericWithMismatchedTypes.ts (4 errors) ====
+==== implementGenericWithMismatchedTypes.ts (2 errors) ====
     // no errors because in the derived types the best common type for T's value is Object
     // and that matches the original signature for assignability since we treat its T's as Object
     
@@ -19,12 +11,6 @@
     }
     class C<T> implements IFoo<T> { // error
         foo(x: string): number {
-        ~~~
-!!! error TS2416: Property 'foo' in type 'C<T>' is not assignable to the same property in base type 'IFoo<T>'.
-!!! error TS2416:   Type '(x: string) => number' is not assignable to type '(x: T) => T'.
-!!! error TS2416:     Types of parameters 'x' and 'x' are incompatible.
-!!! error TS2416:       Type 'T' is not assignable to type 'string'.
-!!! related TS2208 implementGenericWithMismatchedTypes.ts:7:9: This type parameter might need an `extends string` constraint.
             return null;
             ~~~~~~
 !!! error TS2322: Type 'null' is not assignable to type 'number'.
@@ -36,11 +22,6 @@
     }
     class C2<T> implements IFoo2<T> { // error
         foo<Tstring>(x: Tstring): number {
-        ~~~
-!!! error TS2416: Property 'foo' in type 'C2<T>' is not assignable to the same property in base type 'IFoo2<T>'.
-!!! error TS2416:   Type '<Tstring>(x: Tstring) => number' is not assignable to type '(x: T) => T'.
-!!! error TS2416:     Type 'number' is not assignable to type 'T'.
-!!! error TS2416:       'T' could be instantiated with an arbitrary type which could be unrelated to 'number'.
             return null;
             ~~~~~~
 !!! error TS2322: Type 'null' is not assignable to type 'number'.

</message>
<stacktrace>
  at org.junit.Assert.fail(Assert.java:89)
  at kotlin.test.junit.JUnitAsserter.fail(JUnitSupport.kt:56)
  at kotlin.test.AssertionsKt__AssertionsKt.fail(Assertions.kt:563)
  at kotlin.test.AssertionsKt.fail(Unknown Source)
  at com.xemantic.kotlin.test.SameAsKt.sameAs(SameAs.kt:52)
  at com.xemantic.typescript.compiler.TypeScriptTestSupportKt.errorsMatchBaseline(TypeScriptTestSupport.kt:135)
  at com.xemantic.typescript.compiler.TypeScriptCompilerTests_I.implementGenericWithMismatchedTypes_ts has expected errors matching implementGenericWithMismatchedTypes_errors_txt(TypeScriptCompilerTests_I.kt:217)
  at java.base/jdk.internal.reflect.DirectMethodHandleAccessor.invoke(DirectMethodHandleAccessor.java:104)
  at java.base/java.lang.reflect.Method.invoke(Method.java:565)
  at org.junit.runners.model.FrameworkMethod$1.runReflectiveCall(FrameworkMethod.java:59)
  at org.junit.internal.runners.model.ReflectiveCallable.run(ReflectiveCallable.java:12)
  at org.junit.runners.model.FrameworkMethod.invokeExplosively(FrameworkMethod.java:56)
  at org.junit.internal.runners.statements.InvokeMethod.evaluate(InvokeMethod.java:17)
  at org.junit.runners.ParentRunner$3.evaluate(ParentRunner.java:306)
  at org.junit.runners.BlockJUnit4ClassRunner$1.evaluate(BlockJUnit4ClassRunner.java:100)
  at org.junit.runners.ParentRunner.runLeaf(ParentRunner.java:366)
  at org.junit.runners.BlockJUnit4ClassRunner.runChild(BlockJUnit4ClassRunner.java:103)
  at org.junit.runners.BlockJUnit4ClassRunner.runChild(BlockJUnit4ClassRunner.java:63)
  at org.junit.runners.ParentRunner$4.run(ParentRunner.java:331)
  at org.junit.runners.ParentRunner$1.schedule(ParentRunner.java:79)
  at org.junit.runners.ParentRunner.runChildren(ParentRunner.java:329)
  at org.junit.runners.ParentRunner.access$100(ParentRunner.java:66)
  at org.junit.runners.ParentRunner$2.evaluate(ParentRunner.java:293)
  at org.junit.runners.ParentRunner$3.evaluate(ParentRunner.java:306)
  at org.junit.runners.ParentRunner.run(ParentRunner.java:413)
  at org.junit.runner.JUnitCore.run(JUnitCore.java:137)
  at org.junit.runner.JUnitCore.run(JUnitCore.java:115)
  at org.gradle.api.internal.tasks.testing.junit.JUnitTestExecutor.runRequest(JUnitTestExecutor.java:175)
  at org.gradle.api.internal.tasks.testing.junit.JUnitTestExecutor.accept(JUnitTestExecutor.java:84)
  at org.gradle.api.internal.tasks.testing.junit.JUnitTestExecutor.accept(JUnitTestExecutor.java:47)
  at org.gradle.api.internal.tasks.testing.junit.AbstractJUnitTestDefinitionProcessor.processTestDefinition(AbstractJUnitTestDefinitionProcessor.java:65)
  at org.gradle.api.internal.tasks.testing.SuiteTestDefinitionProcessor.processTestDefinition(SuiteTestDefinitionProcessor.java:54)
  at java.base/jdk.internal.reflect.DirectMethodHandleAccessor.invoke(DirectMethodHandleAccessor.java:104)
  at java.base/java.lang.reflect.Method.invoke(Method.java:565)
  at org.gradle.internal.dispatch.MethodInvocation.invokeOn(MethodInvocation.java:77)
  at org.gradle.internal.dispatch.ReflectionDispatch.dispatch(ReflectionDispatch.java:28)
  at org.gradle.internal.dispatch.ReflectionDispatch.dispatch(ReflectionDispatch.java:19)
  at org.gradle.internal.dispatch.ContextClassLoaderDispatch.dispatch(ContextClassLoaderDispatch.java:33)
  at org.gradle.internal.dispatch.ProxyDispatchAdapter$DispatchingInvocationHandler.invoke(ProxyDispatchAdapter.java:88)
  at jdk.proxy1/jdk.proxy1.$Proxy4.processTestDefinition(Unknown Source)
  at org.gradle.api.internal.tasks.testing.worker.TestWorker$2.run(TestWorker.java:178)
  at org.gradle.api.internal.tasks.testing.worker.TestWorker.executeAndMaintainThreadName(TestWorker.java:126)
  at org.gradle.api.internal.tasks.testing.worker.TestWorker.execute(TestWorker.java:103)
  at org.gradle.api.internal.tasks.testing.worker.TestWorker.execute(TestWorker.java:63)
  at org.gradle.process.internal.worker.child.ActionExecutionWorker.execute(ActionExecutionWorker.java:56)
  at org.gradle.process.internal.worker.child.SystemApplicationClassLoaderWorker.call(SystemApplicationClassLoaderWorker.java:122)
  at org.gradle.process.internal.worker.child.SystemApplicationClassLoaderWorker.call(SystemApplicationClassLoaderWorker.java:72)
  at worker.org.gradle.process.internal.worker.GradleWorkerMain.run(GradleWorkerMain.java:69)
  at worker.org.gradle.process.internal.worker.GradleWorkerMain.main(GradleWorkerMain.java:74)
</stacktrace>
</test-failure>


TypeScriptCompilerTests_I[jvm] > implementGenericWithMismatchedTypes_ts has expected errors matching implementGenericWithMismatchedTypes_errors_txt[jvm] FAILED

<test-failure test="com.xemantic.typescript.compiler.TypeScriptCompilerTests_I.intrinsics_ts has expected errors matching intrinsics_errors_txt" platform="jvm">
<message>
--- expected
+++ actual
@@ -1,11 +1,8 @@
-intrinsics.ts(1,21): error TS2749: 'hasOwnProperty' refers to a value, but is being used as a type here. Did you mean 'typeof hasOwnProperty'?
 intrinsics.ts(10,1): error TS2304: Cannot find name '__proto__'.
 
 
-==== intrinsics.ts (2 errors) ====
+==== intrinsics.ts (1 errors) ====
     var hasOwnProperty: hasOwnProperty; // Error
-                        ~~~~~~~~~~~~~~
-!!! error TS2749: 'hasOwnProperty' refers to a value, but is being used as a type here. Did you mean 'typeof hasOwnProperty'?
     
     namespace m1 {
         export var __proto__;

</message>
<stacktrace>
  at org.junit.Assert.fail(Assert.java:89)
  at kotlin.test.junit.JUnitAsserter.fail(JUnitSupport.kt:56)
  at kotlin.test.AssertionsKt__AssertionsKt.fail(Assertions.kt:563)
  at kotlin.test.AssertionsKt.fail(Unknown Source)
  at com.xemantic.kotlin.test.SameAsKt.sameAs(SameAs.kt:52)
  at com.xemantic.typescript.compiler.TypeScriptTestSupportKt.errorsMatchBaseline(TypeScriptTestSupport.kt:135)
  at com.xemantic.typescript.compiler.TypeScriptCompilerTests_I.intrinsics_ts has expected errors matching intrinsics_errors_txt(TypeScriptCompilerTests_I.kt:6118)
  at java.base/jdk.internal.reflect.DirectMethodHandleAccessor.invoke(DirectMethodHandleAccessor.java:104)
  at java.base/java.lang.reflect.Method.invoke(Method.java:565)
  at org.junit.runners.model.FrameworkMethod$1.runReflectiveCall(FrameworkMethod.java:59)
  at org.junit.internal.runners.model.ReflectiveCallable.run(ReflectiveCallable.java:12)
  at org.junit.runners.model.FrameworkMethod.invokeExplosively(FrameworkMethod.java:56)
  at org.junit.internal.runners.statements.InvokeMethod.evaluate(InvokeMethod.java:17)
  at org.junit.runners.ParentRunner$3.evaluate(ParentRunner.java:306)
  at org.junit.runners.BlockJUnit4ClassRunner$1.evaluate(BlockJUnit4ClassRunner.java:100)
  at org.junit.runners.ParentRunner.runLeaf(ParentRunner.java:366)
  at org.junit.runners.BlockJUnit4ClassRunner.runChild(BlockJUnit4ClassRunner.java:103)
  at org.junit.runners.BlockJUnit4ClassRunner.runChild(BlockJUnit4ClassRunner.java:63)
  at org.junit.runners.ParentRunner$4.run(ParentRunner.java:331)
  at org.junit.runners.ParentRunner$1.schedule(ParentRunner.java:79)
  at org.junit.runners.ParentRunner.runChildren(ParentRunner.java:329)
  at org.junit.runners.ParentRunner.access$100(ParentRunner.java:66)
  at org.junit.runners.ParentRunner$2.evaluate(ParentRunner.java:293)
  at org.junit.runners.ParentRunner$3.evaluate(ParentRunner.java:306)
  at org.junit.runners.ParentRunner.run(ParentRunner.java:413)
  at org.junit.runner.JUnitCore.run(JUnitCore.java:137)
  at org.junit.runner.JUnitCore.run(JUnitCore.java:115)
  at org.gradle.api.internal.tasks.testing.junit.JUnitTestExecutor.runRequest(JUnitTestExecutor.java:175)
  at org.gradle.api.internal.tasks.testing.junit.JUnitTestExecutor.accept(JUnitTestExecutor.java:84)
  at org.gradle.api.internal.tasks.testing.junit.JUnitTestExecutor.accept(JUnitTestExecutor.java:47)
  at org.gradle.api.internal.tasks.testing.junit.AbstractJUnitTestDefinitionProcessor.processTestDefinition(AbstractJUnitTestDefinitionProcessor.java:65)
  at org.gradle.api.internal.tasks.testing.SuiteTestDefinitionProcessor.processTestDefinition(SuiteTestDefinitionProcessor.java:54)
  at java.base/jdk.internal.reflect.DirectMethodHandleAccessor.invoke(DirectMethodHandleAccessor.java:104)
  at java.base/java.lang.reflect.Method.invoke(Method.java:565)
  at org.gradle.internal.dispatch.MethodInvocation.invokeOn(MethodInvocation.java:77)
  at org.gradle.internal.dispatch.ReflectionDispatch.dispatch(ReflectionDispatch.java:28)
  at org.gradle.internal.dispatch.ReflectionDispatch.dispatch(ReflectionDispatch.java:19)
  at org.gradle.internal.dispatch.ContextClassLoaderDispatch.dispatch(ContextClassLoaderDispatch.java:33)
  at org.gradle.internal.dispatch.ProxyDispatchAdapter$DispatchingInvocationHandler.invoke(ProxyDispatchAdapter.java:88)
  at jdk.proxy1/jdk.proxy1.$Proxy4.processTestDefinition(Unknown Source)
  at org.gradle.api.internal.tasks.testing.worker.TestWorker$2.run(TestWorker.java:178)
  at org.gradle.api.internal.tasks.testing.worker.TestWorker.executeAndMaintainThreadName(TestWorker.java:126)
  at org.gradle.api.internal.tasks.testing.worker.TestWorker.execute(TestWorker.java:103)
  at org.gradle.api.internal.tasks.testing.worker.TestWorker.execute(TestWorker.java:63)
  at org.gradle.process.internal.worker.child.ActionExecutionWorker.execute(ActionExecutionWorker.java:56)
  at org.gradle.process.internal.worker.child.SystemApplicationClassLoaderWorker.call(SystemApplicationClassLoaderWorker.java:122)
  at org.gradle.process.internal.worker.child.SystemApplicationClassLoaderWorker.call(SystemApplicationClassLoaderWorker.java:72)
  at worker.org.gradle.process.internal.worker.GradleWorkerMain.run(GradleWorkerMain.java:69)
  at worker.org.gradle.process.internal.worker.GradleWorkerMain.main(GradleWorkerMain.java:74)
</stacktrace>
</test-failure>


TypeScriptCompilerTests_I[jvm] > intrinsics_ts has expected errors matching intrinsics_errors_txt[jvm] FAILED

<test-failure test="com.xemantic.typescript.compiler.TypeScriptCompilerTests_I.importTypeWithUnparenthesizedGenericFunctionParsed_ts has expected errors matching importTypeWithUnparenthesizedGenericFunctionParsed_errors_txt" platform="jvm">
<message>
--- expected
+++ actual
@@ -1,7 +1,19 @@
-importTypeWithUnparenthesizedGenericFunctionParsed.ts(1,36): error TS2591: Cannot find name 'module'. Do you need to install type definitions for node? Try `npm i --save-dev @types/node` and then add 'node' to the types field in your tsconfig.
+importTypeWithUnparenthesizedGenericFunctionParsed.ts(1,54): error TS1109: Expression expected.
+importTypeWithUnparenthesizedGenericFunctionParsed.ts(1,56): error TS2304: Cannot find name 'T'.
+importTypeWithUnparenthesizedGenericFunctionParsed.ts(1,62): error TS2304: Cannot find name 'T'.
+importTypeWithUnparenthesizedGenericFunctionParsed.ts(1,68): error TS2304: Cannot find name 'T'.
+importTypeWithUnparenthesizedGenericFunctionParsed.ts(1,70): error TS1109: Expression expected.
 
 
-==== importTypeWithUnparenthesizedGenericFunctionParsed.ts (1 errors) ====
+==== importTypeWithUnparenthesizedGenericFunctionParsed.ts (5 errors) ====
     export declare const fail1: import("module").Modifier<<T>(x: T) => T>; // shouldn't be a parse error
-                                       ~~~~~~~~
-!!! error TS2591: Cannot find name 'module'. Do you need to install type definitions for node? Try `npm i --save-dev @types/node` and then add 'node' to the types field in your tsconfig.
+                                                         ~~
+!!! error TS1109: Expression expected.
+                                                           ~
+!!! error TS2304: Cannot find name 'T'.
+                                                                 ~
+!!! error TS2304: Cannot find name 'T'.
+                                                                       ~
+!!! error TS2304: Cannot find name 'T'.
+                                                                         ~
+!!! error TS1109: Expression expected.

</message>
<stacktrace>
  at org.junit.Assert.fail(Assert.java:89)
  at kotlin.test.junit.JUnitAsserter.fail(JUnitSupport.kt:56)
  at kotlin.test.AssertionsKt__AssertionsKt.fail(Assertions.kt:563)
  at kotlin.test.AssertionsKt.fail(Unknown Source)
  at com.xemantic.kotlin.test.SameAsKt.sameAs(SameAs.kt:52)
  at com.xemantic.typescript.compiler.TypeScriptTestSupportKt.errorsMatchBaseline(TypeScriptTestSupport.kt:135)
  at com.xemantic.typescript.compiler.TypeScriptCompilerTests_I.importTypeWithUnparenthesizedGenericFunctionParsed_ts has expected errors matching importTypeWithUnparenthesizedGenericFunctionParsed_errors_txt(TypeScriptCompilerTests_I.kt:2016)
  at java.base/jdk.internal.reflect.DirectMethodHandleAccessor.invoke(DirectMethodHandleAccessor.java:104)
  at java.base/java.lang.reflect.Method.invoke(Method.java:565)
  at org.junit.runners.model.FrameworkMethod$1.runReflectiveCall(FrameworkMethod.java:59)
  at org.junit.internal.runners.model.ReflectiveCallable.run(ReflectiveCallable.java:12)
  at org.junit.runners.model.FrameworkMethod.invokeExplosively(FrameworkMethod.java:56)
  at org.junit.internal.runners.statements.InvokeMethod.evaluate(InvokeMethod.java:17)
  at org.junit.runners.ParentRunner$3.evaluate(ParentRunner.java:306)
  at org.junit.runners.BlockJUnit4ClassRunner$1.evaluate(BlockJUnit4ClassRunner.java:100)
  at org.junit.runners.ParentRunner.runLeaf(ParentRunner.java:366)
  at org.junit.runners.BlockJUnit4ClassRunner.runChild(BlockJUnit4ClassRunner.java:103)
  at org.junit.runners.BlockJUnit4ClassRunner.runChild(BlockJUnit4ClassRunner.java:63)
  at org.junit.runners.ParentRunner$4.run(ParentRunner.java:331)
  at org.junit.runners.ParentRunner$1.schedule(ParentRunner.java:79)
  at org.junit.runners.ParentRunner.runChildren(ParentRunner.java:329)
  at org.junit.runners.ParentRunner.access$100(ParentRunner.java:66)
  at org.junit.runners.ParentRunner$2.evaluate(ParentRunner.java:293)
  at org.junit.runners.ParentRunner$3.evaluate(ParentRunner.java:306)
  at org.junit.runners.ParentRunner.run(ParentRunner.java:413)
  at org.junit.runner.JUnitCore.run(JUnitCore.java:137)
  at org.junit.runner.JUnitCore.run(JUnitCore.java:115)
  at org.gradle.api.internal.tasks.testing.junit.JUnitTestExecutor.runRequest(JUnitTestExecutor.java:175)
  at org.gradle.api.internal.tasks.testing.junit.JUnitTestExecutor.accept(JUnitTestExecutor.java:84)
  at org.gradle.api.internal.tasks.testing.junit.JUnitTestExecutor.accept(JUnitTestExecutor.java:47)
  at org.gradle.api.internal.tasks.testing.junit.AbstractJUnitTestDefinitionProcessor.processTestDefinition(AbstractJUnitTestDefinitionProcessor.java:65)
  at org.gradle.api.internal.tasks.testing.SuiteTestDefinitionProcessor.processTestDefinition(SuiteTestDefinitionProcessor.java:54)
  at java.base/jdk.internal.reflect.DirectMethodHandleAccessor.invoke(DirectMethodHandleAccessor.java:104)
  at java.base/java.lang.reflect.Method.invoke(Method.java:565)
  at org.gradle.internal.dispatch.MethodInvocation.invokeOn(MethodInvocation.java:77)
  at org.gradle.internal.dispatch.ReflectionDispatch.dispatch(ReflectionDispatch.java:28)
  at org.gradle.internal.dispatch.ReflectionDispatch.dispatch(ReflectionDispatch.java:19)
  at org.gradle.internal.dispatch.ContextClassLoaderDispatch.dispatch(ContextClassLoaderDispatch.java:33)
  at org.gradle.internal.dispatch.ProxyDispatchAdapter$DispatchingInvocationHandler.invoke(ProxyDispatchAdapter.java:88)
  at jdk.proxy1/jdk.proxy1.$Proxy4.processTestDefinition(Unknown Source)
  at org.gradle.api.internal.tasks.testing.worker.TestWorker$2.run(TestWorker.java:178)
  at org.gradle.api.internal.tasks.testing.worker.TestWorker.executeAndMaintainThreadName(TestWorker.java:126)
  at org.gradle.api.internal.tasks.testing.worker.TestWorker.execute(TestWorker.java:103)
  at org.gradle.api.internal.tasks.testing.worker.TestWorker.execute(TestWorker.java:63)
  at org.gradle.process.internal.worker.child.ActionExecutionWorker.execute(ActionExecutionWorker.java:56)
  at org.gradle.process.internal.worker.child.SystemApplicationClassLoaderWorker.call(SystemApplicationClassLoaderWorker.java:122)
  at org.gradle.process.internal.worker.child.SystemApplicationClassLoaderWorker.call(SystemApplicationClassLoaderWorker.java:72)
  at worker.org.gradle.process.internal.worker.GradleWorkerMain.run(GradleWorkerMain.java:69)
  at worker.org.gradle.process.internal.worker.GradleWorkerMain.main(GradleWorkerMain.java:74)
</stacktrace>
</test-failure>


TypeScriptCompilerTests_I[jvm] > importTypeWithUnparenthesizedGenericFunctionParsed_ts has expected errors matching importTypeWithUnparenthesizedGenericFunctionParsed_errors_txt[jvm] FAILED

<test-failure test="com.xemantic.typescript.compiler.TypeScriptCompilerTests_I.internalImportInstantiatedModuleMergedWithClassNotReferencingInstance_ts has expected errors matching internalImportInstantiatedModuleMergedWithClassNotReferencingInstance_errors_txt" platform="jvm">
<message>
--- expected
+++ actual
@@ -1,8 +1,7 @@
 internalImportInstantiatedModuleMergedWithClassNotReferencingInstance.ts(2,5): error TS2564: Property 'aProp' has no initializer and is not definitely assigned in the constructor.
-internalImportInstantiatedModuleMergedWithClassNotReferencingInstance.ts(11,16): error TS2437: Module 'A' is hidden by a local declaration with the same name.
 
 
-==== internalImportInstantiatedModuleMergedWithClassNotReferencingInstance.ts (2 errors) ====
+==== internalImportInstantiatedModuleMergedWithClassNotReferencingInstance.ts (1 errors) ====
     class A {
         aProp: string;
         ~~~~~
@@ -16,6 +15,4 @@
     namespace B {
         var A = 1;
         import Y = A;
-                   ~
-!!! error TS2437: Module 'A' is hidden by a local declaration with the same name.
     }

</message>
<stacktrace>
  at org.junit.Assert.fail(Assert.java:89)
  at kotlin.test.junit.JUnitAsserter.fail(JUnitSupport.kt:56)
  at kotlin.test.AssertionsKt__AssertionsKt.fail(Assertions.kt:563)
  at kotlin.test.AssertionsKt.fail(Unknown Source)
  at com.xemantic.kotlin.test.SameAsKt.sameAs(SameAs.kt:52)
  at com.xemantic.typescript.compiler.TypeScriptTestSupportKt.errorsMatchBaseline(TypeScriptTestSupport.kt:135)
  at com.xemantic.typescript.compiler.TypeScriptCompilerTests_I.internalImportInstantiatedModuleMergedWithClassNotReferencingInstance_ts has expected errors matching internalImportInstantiatedModuleMergedWithClassNotReferencingInstance_errors_txt(TypeScriptCompilerTests_I.kt:5887)
  at java.base/jdk.internal.reflect.DirectMethodHandleAccessor.invoke(DirectMethodHandleAccessor.java:104)
  at java.base/java.lang.reflect.Method.invoke(Method.java:565)
  at org.junit.runners.model.FrameworkMethod$1.runReflectiveCall(FrameworkMethod.java:59)
  at org.junit.internal.runners.model.ReflectiveCallable.run(ReflectiveCallable.java:12)
  at org.junit.runners.model.FrameworkMethod.invokeExplosively(FrameworkMethod.java:56)
  at org.junit.internal.runners.statements.InvokeMethod.evaluate(InvokeMethod.java:17)
  at org.junit.runners.ParentRunner$3.evaluate(ParentRunner.java:306)
  at org.junit.runners.BlockJUnit4ClassRunner$1.evaluate(BlockJUnit4ClassRunner.java:100)
  at org.junit.runners.ParentRunner.runLeaf(ParentRunner.java:366)
  at org.junit.runners.BlockJUnit4ClassRunner.runChild(BlockJUnit4ClassRunner.java:103)
  at org.junit.runners.BlockJUnit4ClassRunner.runChild(BlockJUnit4ClassRunner.java:63)
  at org.junit.runners.ParentRunner$4.run(ParentRunner.java:331)
  at org.junit.runners.ParentRunner$1.schedule(ParentRunner.java:79)
  at org.junit.runners.ParentRunner.runChildren(ParentRunner.java:329)
  at org.junit.runners.ParentRunner.access$100(ParentRunner.java:66)
  at org.junit.runners.ParentRunner$2.evaluate(ParentRunner.java:293)
  at org.junit.runners.ParentRunner$3.evaluate(ParentRunner.java:306)
  at org.junit.runners.ParentRunner.run(ParentRunner.java:413)
  at org.junit.runner.JUnitCore.run(JUnitCore.java:137)
  at org.junit.runner.JUnitCore.run(JUnitCore.java:115)
  at org.gradle.api.internal.tasks.testing.junit.JUnitTestExecutor.runRequest(JUnitTestExecutor.java:175)
  at org.gradle.api.internal.tasks.testing.junit.JUnitTestExecutor.accept(JUnitTestExecutor.java:84)
  at org.gradle.api.internal.tasks.testing.junit.JUnitTestExecutor.accept(JUnitTestExecutor.java:47)
  at org.gradle.api.internal.tasks.testing.junit.AbstractJUnitTestDefinitionProcessor.processTestDefinition(AbstractJUnitTestDefinitionProcessor.java:65)
  at org.gradle.api.internal.tasks.testing.SuiteTestDefinitionProcessor.processTestDefinition(SuiteTestDefinitionProcessor.java:54)
  at java.base/jdk.internal.reflect.DirectMethodHandleAccessor.invoke(DirectMethodHandleAccessor.java:104)
  at java.base/java.lang.reflect.Method.invoke(Method.java:565)
  at org.gradle.internal.dispatch.MethodInvocation.invokeOn(MethodInvocation.java:77)
  at org.gradle.internal.dispatch.ReflectionDispatch.dispatch(ReflectionDispatch.java:28)
  at org.gradle.internal.dispatch.ReflectionDispatch.dispatch(ReflectionDispatch.java:19)
  at org.gradle.internal.dispatch.ContextClassLoaderDispatch.dispatch(ContextClassLoaderDispatch.java:33)
  at org.gradle.internal.dispatch.ProxyDispatchAdapter$DispatchingInvocationHandler.invoke(ProxyDispatchAdapter.java:88)
  at jdk.proxy1/jdk.proxy1.$Proxy4.processTestDefinition(Unknown Source)
  at org.gradle.api.internal.tasks.testing.worker.TestWorker$2.run(TestWorker.java:178)
  at org.gradle.api.internal.tasks.testing.worker.TestWorker.executeAndMaintainThreadName(TestWorker.java:126)
  at org.gradle.api.internal.tasks.testing.worker.TestWorker.execute(TestWorker.java:103)
  at org.gradle.api.internal.tasks.testing.worker.TestWorker.execute(TestWorker.java:63)
  at org.gradle.process.internal.worker.child.ActionExecutionWorker.execute(ActionExecutionWorker.java:56)
  at org.gradle.process.internal.worker.child.SystemApplicationClassLoaderWorker.call(SystemApplicationClassLoaderWorker.java:122)
  at org.gradle.process.internal.worker.child.SystemApplicationClassLoaderWorker.call(SystemApplicationClassLoaderWorker.java:72)
  at worker.org.gradle.process.internal.worker.GradleWorkerMain.run(GradleWorkerMain.java:69)
  at worker.org.gradle.process.internal.worker.GradleWorkerMain.main(GradleWorkerMain.java:74)
</stacktrace>
</test-failure>


TypeScriptCompilerTests_I[jvm] > internalImportInstantiatedModuleMergedWithClassNotReferencingInstance_ts has expected errors matching internalImportInstantiatedModuleMergedWithClassNotReferencingInstance_errors_txt[jvm] FAILED

<test-failure test="com.xemantic.typescript.compiler.TypeScriptCompilerTests_I.importNonExportedMember7_ts has expected errors matching importNonExportedMember7_errors_txt" platform="jvm">
<message>
--- expected
+++ actual
@@ -1,6 +1,4 @@
 a.ts(2,1): error TS1203: Export assignment cannot be used when targeting ECMAScript modules. Consider using 'export default' or another module format instead.
-b.ts(1,10): error TS2595: 'Foo' can only be imported by using a default import.
-b.ts(1,21): error TS2497: This module can only be referenced with ECMAScript imports/exports by turning on the 'allowSyntheticDefaultImports' flag and referencing its default export.
 
 
 ==== a.ts (1 errors) ====
@@ -9,9 +7,5 @@
     ~~~~~~~~~~~~~
 !!! error TS1203: Export assignment cannot be used when targeting ECMAScript modules. Consider using 'export default' or another module format instead.
     
-==== b.ts (2 errors) ====
+==== b.ts (0 errors) ====
     import { Foo } from './a';
-             ~~~
-!!! error TS2595: 'Foo' can only be imported by using a default import.
-                        ~~~~~
-!!! error TS2497: This module can only be referenced with ECMAScript imports/exports by turning on the 'allowSyntheticDefaultImports' flag and referencing its default export.

</message>
<stacktrace>
  at org.junit.Assert.fail(Assert.java:89)
  at kotlin.test.junit.JUnitAsserter.fail(JUnitSupport.kt:56)
  at kotlin.test.AssertionsKt__AssertionsKt.fail(Assertions.kt:563)
  at kotlin.test.AssertionsKt.fail(Unknown Source)
  at com.xemantic.kotlin.test.SameAsKt.sameAs(SameAs.kt:52)
  at com.xemantic.typescript.compiler.TypeScriptTestSupportKt.errorsMatchBaseline(TypeScriptTestSupport.kt:135)
  at com.xemantic.typescript.compiler.TypeScriptCompilerTests_I.importNonExportedMember7_ts has expected errors matching importNonExportedMember7_errors_txt(TypeScriptCompilerTests_I.kt:1925)
  at java.base/jdk.internal.reflect.DirectMethodHandleAccessor.invoke(DirectMethodHandleAccessor.java:104)
  at java.base/java.lang.reflect.Method.invoke(Method.java:565)
  at org.junit.runners.model.FrameworkMethod$1.runReflectiveCall(FrameworkMethod.java:59)
  at org.junit.internal.runners.model.ReflectiveCallable.run(ReflectiveCallable.java:12)
  at org.junit.runners.model.FrameworkMethod.invokeExplosively(FrameworkMethod.java:56)
  at org.junit.internal.runners.statements.InvokeMethod.evaluate(InvokeMethod.java:17)
  at org.junit.runners.ParentRunner$3.evaluate(ParentRunner.java:306)
  at org.junit.runners.BlockJUnit4ClassRunner$1.evaluate(BlockJUnit4ClassRunner.java:100)
  at org.junit.runners.ParentRunner.runLeaf(ParentRunner.java:366)
  at org.junit.runners.BlockJUnit4ClassRunner.runChild(BlockJUnit4ClassRunner.java:103)
  at org.junit.runners.BlockJUnit4ClassRunner.runChild(BlockJUnit4ClassRunner.java:63)
  at org.junit.runners.ParentRunner$4.run(ParentRunner.java:331)
  at org.junit.runners.ParentRunner$1.schedule(ParentRunner.java:79)
  at org.junit.runners.ParentRunner.runChildren(ParentRunner.java:329)
  at org.junit.runners.ParentRunner.access$100(ParentRunner.java:66)
  at org.junit.runners.ParentRunner$2.evaluate(ParentRunner.java:293)
  at org.junit.runners.ParentRunner$3.evaluate(ParentRunner.java:306)
  at org.junit.runners.ParentRunner.run(ParentRunner.java:413)
  at org.junit.runner.JUnitCore.run(JUnitCore.java:137)
  at org.junit.runner.JUnitCore.run(JUnitCore.java:115)
  at org.gradle.api.internal.tasks.testing.junit.JUnitTestExecutor.runRequest(JUnitTestExecutor.java:175)
  at org.gradle.api.internal.tasks.testing.junit.JUnitTestExecutor.accept(JUnitTestExecutor.java:84)
  at org.gradle.api.internal.tasks.testing.junit.JUnitTestExecutor.accept(JUnitTestExecutor.java:47)
  at org.gradle.api.internal.tasks.testing.junit.AbstractJUnitTestDefinitionProcessor.processTestDefinition(AbstractJUnitTestDefinitionProcessor.java:65)
  at org.gradle.api.internal.tasks.testing.SuiteTestDefinitionProcessor.processTestDefinition(SuiteTestDefinitionProcessor.java:54)
  at java.base/jdk.internal.reflect.DirectMethodHandleAccessor.invoke(DirectMethodHandleAccessor.java:104)
  at java.base/java.lang.reflect.Method.invoke(Method.java:565)
  at org.gradle.internal.dispatch.MethodInvocation.invokeOn(MethodInvocation.java:77)
  at org.gradle.internal.dispatch.ReflectionDispatch.dispatch(ReflectionDispatch.java:28)
  at org.gradle.internal.dispatch.ReflectionDispatch.dispatch(ReflectionDispatch.java:19)
  at org.gradle.internal.dispatch.ContextClassLoaderDispatch.dispatch(ContextClassLoaderDispatch.java:33)
  at org.gradle.internal.dispatch.ProxyDispatchAdapter$DispatchingInvocationHandler.invoke(ProxyDispatchAdapter.java:88)
  at jdk.proxy1/jdk.proxy1.$Proxy4.processTestDefinition(Unknown Source)
  at org.gradle.api.internal.tasks.testing.worker.TestWorker$2.run(TestWorker.java:178)
  at org.gradle.api.internal.tasks.testing.worker.TestWorker.executeAndMaintainThreadName(TestWorker.java:126)
  at org.gradle.api.internal.tasks.testing.worker.TestWorker.execute(TestWorker.java:103)
  at org.gradle.api.internal.tasks.testing.worker.TestWorker.execute(TestWorker.java:63)
  at org.gradle.process.internal.worker.child.ActionExecutionWorker.execute(ActionExecutionWorker.java:56)
  at org.gradle.process.internal.worker.child.SystemApplicationClassLoaderWorker.call(SystemApplicationClassLoaderWorker.java:122)
  at org.gradle.process.internal.worker.child.SystemApplicationClassLoaderWorker.call(SystemApplicationClassLoaderWorker.java:72)
  at worker.org.gradle.process.internal.worker.GradleWorkerMain.run(GradleWorkerMain.java:69)
  at worker.org.gradle.process.internal.worker.GradleWorkerMain.main(GradleWorkerMain.java:74)
</stacktrace>
</test-failure>


TypeScriptCompilerTests_I[jvm] > importNonExportedMember7_ts has expected errors matching importNonExportedMember7_errors_txt[jvm] FAILED

<test-failure test="com.xemantic.typescript.compiler.TypeScriptCompilerTests_I.implicitAnyWidenToAny_ts has expected errors matching implicitAnyWidenToAny_errors_txt" platform="jvm">
<message>
Expected diagnostics from baseline typescript-repo/tests/baselines/reference/implicitAnyWidenToAny.errors.txt but none produced
</message>
<stacktrace>
  at com.xemantic.typescript.compiler.TypeScriptTestSupportKt.errorsMatchBaseline(TypeScriptTestSupport.kt:125)
  at com.xemantic.typescript.compiler.TypeScriptCompilerTests_I.implicitAnyWidenToAny_ts has expected errors matching implicitAnyWidenToAny_errors_txt(TypeScriptCompilerTests_I.kt:553)
  at java.base/jdk.internal.reflect.DirectMethodHandleAccessor.invoke(DirectMethodHandleAccessor.java:104)
  at java.base/java.lang.reflect.Method.invoke(Method.java:565)
  at org.junit.runners.model.FrameworkMethod$1.runReflectiveCall(FrameworkMethod.java:59)
  at org.junit.internal.runners.model.ReflectiveCallable.run(ReflectiveCallable.java:12)
  at org.junit.runners.model.FrameworkMethod.invokeExplosively(FrameworkMethod.java:56)
  at org.junit.internal.runners.statements.InvokeMethod.evaluate(InvokeMethod.java:17)
  at org.junit.runners.ParentRunner$3.evaluate(ParentRunner.java:306)
  at org.junit.runners.BlockJUnit4ClassRunner$1.evaluate(BlockJUnit4ClassRunner.java:100)
  at org.junit.runners.ParentRunner.runLeaf(ParentRunner.java:366)
  at org.junit.runners.BlockJUnit4ClassRunner.runChild(BlockJUnit4ClassRunner.java:103)
  at org.junit.runners.BlockJUnit4ClassRunner.runChild(BlockJUnit4ClassRunner.java:63)
  at org.junit.runners.ParentRunner$4.run(ParentRunner.java:331)
  at org.junit.runners.ParentRunner$1.schedule(ParentRunner.java:79)
  at org.junit.runners.ParentRunner.runChildren(ParentRunner.java:329)
  at org.junit.runners.ParentRunner.access$100(ParentRunner.java:66)
  at org.junit.runners.ParentRunner$2.evaluate(ParentRunner.java:293)
  at org.junit.runners.ParentRunner$3.evaluate(ParentRunner.java:306)
  at org.junit.runners.ParentRunner.run(ParentRunner.java:413)
  at org.junit.runner.JUnitCore.run(JUnitCore.java:137)
  at org.junit.runner.JUnitCore.run(JUnitCore.java:115)
  at org.gradle.api.internal.tasks.testing.junit.JUnitTestExecutor.runRequest(JUnitTestExecutor.java:175)
  at org.gradle.api.internal.tasks.testing.junit.JUnitTestExecutor.accept(JUnitTestExecutor.java:84)
  at org.gradle.api.internal.tasks.testing.junit.JUnitTestExecutor.accept(JUnitTestExecutor.java:47)
  at org.gradle.api.internal.tasks.testing.junit.AbstractJUnitTestDefinitionProcessor.processTestDefinition(AbstractJUnitTestDefinitionProcessor.java:65)
  at org.gradle.api.internal.tasks.testing.SuiteTestDefinitionProcessor.processTestDefinition(SuiteTestDefinitionProcessor.java:54)
  at java.base/jdk.internal.reflect.DirectMethodHandleAccessor.invoke(DirectMethodHandleAccessor.java:104)
  at java.base/java.lang.reflect.Method.invoke(Method.java:565)
  at org.gradle.internal.dispatch.MethodInvocation.invokeOn(MethodInvocation.java:77)
  at org.gradle.internal.dispatch.ReflectionDispatch.dispatch(ReflectionDispatch.java:28)
  at org.gradle.internal.dispatch.ReflectionDispatch.dispatch(ReflectionDispatch.java:19)
  at org.gradle.internal.dispatch.ContextClassLoaderDispatch.dispatch(ContextClassLoaderDispatch.java:33)
  at org.gradle.internal.dispatch.ProxyDispatchAdapter$DispatchingInvocationHandler.invoke(ProxyDispatchAdapter.java:88)
  at jdk.proxy1/jdk.proxy1.$Proxy4.processTestDefinition(Unknown Source)
  at org.gradle.api.internal.tasks.testing.worker.TestWorker$2.run(TestWorker.java:178)
  at org.gradle.api.internal.tasks.testing.worker.TestWorker.executeAndMaintainThreadName(TestWorker.java:126)
  at org.gradle.api.internal.tasks.testing.worker.TestWorker.execute(TestWorker.java:103)
  at org.gradle.api.internal.tasks.testing.worker.TestWorker.execute(TestWorker.java:63)
  at org.gradle.process.internal.worker.child.ActionExecutionWorker.execute(ActionExecutionWorker.java:56)
  at org.gradle.process.internal.worker.child.SystemApplicationClassLoaderWorker.call(SystemApplicationClassLoaderWorker.java:122)
  at org.gradle.process.internal.worker.child.SystemApplicationClassLoaderWorker.call(SystemApplicationClassLoaderWorker.java:72)
  at worker.org.gradle.process.internal.worker.GradleWorkerMain.run(GradleWorkerMain.java:69)
  at worker.org.gradle.process.internal.worker.GradleWorkerMain.main(GradleWorkerMain.java:74)
</stacktrace>
</test-failure>


TypeScriptCompilerTests_I[jvm] > implicitAnyWidenToAny_ts has expected errors matching implicitAnyWidenToAny_errors_txt[jvm] FAILED

<test-failure test="com.xemantic.typescript.compiler.TypeScriptCompilerTests_I.importInsideModule_ts compiles to JavaScript matching importInsideModule_js" platform="jvm">
<message>
--- expected
+++ actual
@@ -9,6 +9,11 @@
     var a = foo.x;
 }
 
+//// [importInsideModule_file1.js]
+"use strict";
+Object.defineProperty(exports, "__esModule", { value: true });
+exports.x = void 0;
+exports.x = 1;
 //// [importInsideModule_file2.js]
 "use strict";
 Object.defineProperty(exports, "__esModule", { value: true });

</message>
<stacktrace>
  at org.junit.Assert.fail(Assert.java:89)
  at kotlin.test.junit.JUnitAsserter.fail(JUnitSupport.kt:56)
  at kotlin.test.AssertionsKt__AssertionsKt.fail(Assertions.kt:563)
  at kotlin.test.AssertionsKt.fail(Unknown Source)
  at com.xemantic.kotlin.test.SameAsKt.sameAs(SameAs.kt:52)
  at com.xemantic.typescript.compiler.TypeScriptTestSupportKt.sameAs(TypeScriptTestSupport.kt:99)
  at com.xemantic.typescript.compiler.TypeScriptCompilerTests_I.importInsideModule_ts compiles to JavaScript matching importInsideModule_js(TypeScriptCompilerTests_I.kt:1792)
  at java.base/jdk.internal.reflect.DirectMethodHandleAccessor.invoke(DirectMethodHandleAccessor.java:104)
  at java.base/java.lang.reflect.Method.invoke(Method.java:565)
  at org.junit.runners.model.FrameworkMethod$1.runReflectiveCall(FrameworkMethod.java:59)
  at org.junit.internal.runners.model.ReflectiveCallable.run(ReflectiveCallable.java:12)
  at org.junit.runners.model.FrameworkMethod.invokeExplosively(FrameworkMethod.java:56)
  at org.junit.internal.runners.statements.InvokeMethod.evaluate(InvokeMethod.java:17)
  at org.junit.runners.ParentRunner$3.evaluate(ParentRunner.java:306)
  at org.junit.runners.BlockJUnit4ClassRunner$1.evaluate(BlockJUnit4ClassRunner.java:100)
  at org.junit.runners.ParentRunner.runLeaf(ParentRunner.java:366)
  at org.junit.runners.BlockJUnit4ClassRunner.runChild(BlockJUnit4ClassRunner.java:103)
  at org.junit.runners.BlockJUnit4ClassRunner.runChild(BlockJUnit4ClassRunner.java:63)
  at org.junit.runners.ParentRunner$4.run(ParentRunner.java:331)
  at org.junit.runners.ParentRunner$1.schedule(ParentRunner.java:79)
  at org.junit.runners.ParentRunner.runChildren(ParentRunner.java:329)
  at org.junit.runners.ParentRunner.access$100(ParentRunner.java:66)
  at org.junit.runners.ParentRunner$2.evaluate(ParentRunner.java:293)
  at org.junit.runners.ParentRunner$3.evaluate(ParentRunner.java:306)
  at org.junit.runners.ParentRunner.run(ParentRunner.java:413)
  at org.junit.runner.JUnitCore.run(JUnitCore.java:137)
  at org.junit.runner.JUnitCore.run(JUnitCore.java:115)
  at org.gradle.api.internal.tasks.testing.junit.JUnitTestExecutor.runRequest(JUnitTestExecutor.java:175)
  at org.gradle.api.internal.tasks.testing.junit.JUnitTestExecutor.accept(JUnitTestExecutor.java:84)
  at org.gradle.api.internal.tasks.testing.junit.JUnitTestExecutor.accept(JUnitTestExecutor.java:47)
  at org.gradle.api.internal.tasks.testing.junit.AbstractJUnitTestDefinitionProcessor.processTestDefinition(AbstractJUnitTestDefinitionProcessor.java:65)
  at org.gradle.api.internal.tasks.testing.SuiteTestDefinitionProcessor.processTestDefinition(SuiteTestDefinitionProcessor.java:54)
  at java.base/jdk.internal.reflect.DirectMethodHandleAccessor.invoke(DirectMethodHandleAccessor.java:104)
  at java.base/java.lang.reflect.Method.invoke(Method.java:565)
  at org.gradle.internal.dispatch.MethodInvocation.invokeOn(MethodInvocation.java:77)
  at org.gradle.internal.dispatch.ReflectionDispatch.dispatch(ReflectionDispatch.java:28)
  at org.gradle.internal.dispatch.ReflectionDispatch.dispatch(ReflectionDispatch.java:19)
  at org.gradle.internal.dispatch.ContextClassLoaderDispatch.dispatch(ContextClassLoaderDispatch.java:33)
  at org.gradle.internal.dispatch.ProxyDispatchAdapter$DispatchingInvocationHandler.invoke(ProxyDispatchAdapter.java:88)
  at jdk.proxy1/jdk.proxy1.$Proxy4.processTestDefinition(Unknown Source)
  at org.gradle.api.internal.tasks.testing.worker.TestWorker$2.run(TestWorker.java:178)
  at org.gradle.api.internal.tasks.testing.worker.TestWorker.executeAndMaintainThreadName(TestWorker.java:126)
  at org.gradle.api.internal.tasks.testing.worker.TestWorker.execute(TestWorker.java:103)
  at org.gradle.api.internal.tasks.testing.worker.TestWorker.execute(TestWorker.java:63)
  at org.gradle.process.internal.worker.child.ActionExecutionWorker.execute(ActionExecutionWorker.java:56)
  at org.gradle.process.internal.worker.child.SystemApplicationClassLoaderWorker.call(SystemApplicationClassLoaderWorker.java:122)
  at org.gradle.process.internal.worker.child.SystemApplicationClassLoaderWorker.call(SystemApplicationClassLoaderWorker.java:72)
  at worker.org.gradle.process.internal.worker.GradleWorkerMain.run(GradleWorkerMain.java:69)
  at worker.org.gradle.process.internal.worker.GradleWorkerMain.main(GradleWorkerMain.java:74)
</stacktrace>
</test-failure>


TypeScriptCompilerTests_I[jvm] > importInsideModule_ts compiles to JavaScript matching importInsideModule_js[jvm] FAILED

<test-failure test="com.xemantic.typescript.compiler.TypeScriptCompilerTests_I.incompatibleGenericTypes_ts has expected errors matching incompatibleGenericTypes_errors_txt" platform="jvm">
<message>
--- expected
+++ actual
@@ -1,9 +1,7 @@
-incompatibleGenericTypes.ts(9,5): error TS2322: Type 'I1<boolean>' is not assignable to type 'I1<number>'.
-  Type 'boolean' is not assignable to type 'number'.
 incompatibleGenericTypes.ts(9,22): error TS2454: Variable 'v1' is used before being assigned.
 
 
-==== incompatibleGenericTypes.ts (2 errors) ====
+==== incompatibleGenericTypes.ts (1 errors) ====
     interface I1<T> {
     
       m1<U>(callback: (p: T) => U): I1<U>;
@@ -13,8 +11,5 @@
     var v1: I1<boolean>;
      
     var v2: I1<number> = v1;
-        ~~
-!!! error TS2322: Type 'I1<boolean>' is not assignable to type 'I1<number>'.
-!!! error TS2322:   Type 'boolean' is not assignable to type 'number'.
                          ~~
 !!! error TS2454: Variable 'v1' is used before being assigned.

</message>
<stacktrace>
  at org.junit.Assert.fail(Assert.java:89)
  at kotlin.test.junit.JUnitAsserter.fail(JUnitSupport.kt:56)
  at kotlin.test.AssertionsKt__AssertionsKt.fail(Assertions.kt:563)
  at kotlin.test.AssertionsKt.fail(Unknown Source)
  at com.xemantic.kotlin.test.SameAsKt.sameAs(SameAs.kt:52)
  at com.xemantic.typescript.compiler.TypeScriptTestSupportKt.errorsMatchBaseline(TypeScriptTestSupport.kt:135)
  at com.xemantic.typescript.compiler.TypeScriptCompilerTests_I.incompatibleGenericTypes_ts has expected errors matching incompatibleGenericTypes_errors_txt(TypeScriptCompilerTests_I.kt:2387)
  at java.base/jdk.internal.reflect.DirectMethodHandleAccessor.invoke(DirectMethodHandleAccessor.java:104)
  at java.base/java.lang.reflect.Method.invoke(Method.java:565)
  at org.junit.runners.model.FrameworkMethod$1.runReflectiveCall(FrameworkMethod.java:59)
  at org.junit.internal.runners.model.ReflectiveCallable.run(ReflectiveCallable.java:12)
  at org.junit.runners.model.FrameworkMethod.invokeExplosively(FrameworkMethod.java:56)
  at org.junit.internal.runners.statements.InvokeMethod.evaluate(InvokeMethod.java:17)
  at org.junit.runners.ParentRunner$3.evaluate(ParentRunner.java:306)
  at org.junit.runners.BlockJUnit4ClassRunner$1.evaluate(BlockJUnit4ClassRunner.java:100)
  at org.junit.runners.ParentRunner.runLeaf(ParentRunner.java:366)
  at org.junit.runners.BlockJUnit4ClassRunner.runChild(BlockJUnit4ClassRunner.java:103)
  at org.junit.runners.BlockJUnit4ClassRunner.runChild(BlockJUnit4ClassRunner.java:63)
  at org.junit.runners.ParentRunner$4.run(ParentRunner.java:331)
  at org.junit.runners.ParentRunner$1.schedule(ParentRunner.java:79)
  at org.junit.runners.ParentRunner.runChildren(ParentRunner.java:329)
  at org.junit.runners.ParentRunner.access$100(ParentRunner.java:66)
  at org.junit.runners.ParentRunner$2.evaluate(ParentRunner.java:293)
  at org.junit.runners.ParentRunner$3.evaluate(ParentRunner.java:306)
  at org.junit.runners.ParentRunner.run(ParentRunner.java:413)
  at org.junit.runner.JUnitCore.run(JUnitCore.java:137)
  at org.junit.runner.JUnitCore.run(JUnitCore.java:115)
  at org.gradle.api.internal.tasks.testing.junit.JUnitTestExecutor.runRequest(JUnitTestExecutor.java:175)
  at org.gradle.api.internal.tasks.testing.junit.JUnitTestExecutor.accept(JUnitTestExecutor.java:84)
  at org.gradle.api.internal.tasks.testing.junit.JUnitTestExecutor.accept(JUnitTestExecutor.java:47)
  at org.gradle.api.internal.tasks.testing.junit.AbstractJUnitTestDefinitionProcessor.processTestDefinition(AbstractJUnitTestDefinitionProcessor.java:65)
  at org.gradle.api.internal.tasks.testing.SuiteTestDefinitionProcessor.processTestDefinition(SuiteTestDefinitionProcessor.java:54)
  at java.base/jdk.internal.reflect.DirectMethodHandleAccessor.invoke(DirectMethodHandleAccessor.java:104)
  at java.base/java.lang.reflect.Method.invoke(Method.java:565)
  at org.gradle.internal.dispatch.MethodInvocation.invokeOn(MethodInvocation.java:77)
  at org.gradle.internal.dispatch.ReflectionDispatch.dispatch(ReflectionDispatch.java:28)
  at org.gradle.internal.dispatch.ReflectionDispatch.dispatch(ReflectionDispatch.java:19)
  at org.gradle.internal.dispatch.ContextClassLoaderDispatch.dispatch(ContextClassLoaderDispatch.java:33)
  at org.gradle.internal.dispatch.ProxyDispatchAdapter$DispatchingInvocationHandler.invoke(ProxyDispatchAdapter.java:88)
  at jdk.proxy1/jdk.proxy1.$Proxy4.processTestDefinition(Unknown Source)
  at org.gradle.api.internal.tasks.testing.worker.TestWorker$2.run(TestWorker.java:178)
  at org.gradle.api.internal.tasks.testing.worker.TestWorker.executeAndMaintainThreadName(TestWorker.java:126)
  at org.gradle.api.internal.tasks.testing.worker.TestWorker.execute(TestWorker.java:103)
  at org.gradle.api.internal.tasks.testing.worker.TestWorker.execute(TestWorker.java:63)
  at org.gradle.process.internal.worker.child.ActionExecutionWorker.execute(ActionExecutionWorker.java:56)
  at org.gradle.process.internal.worker.child.SystemApplicationClassLoaderWorker.call(SystemApplicationClassLoaderWorker.java:122)
  at org.gradle.process.internal.worker.child.SystemApplicationClassLoaderWorker.call(SystemApplicationClassLoaderWorker.java:72)
  at worker.org.gradle.process.internal.worker.GradleWorkerMain.run(GradleWorkerMain.java:69)
  at worker.org.gradle.process.internal.worker.GradleWorkerMain.main(GradleWorkerMain.java:74)
</stacktrace>
</test-failure>


TypeScriptCompilerTests_I[jvm] > incompatibleGenericTypes_ts has expected errors matching incompatibleGenericTypes_errors_txt[jvm] FAILED

<test-failure test="com.xemantic.typescript.compiler.TypeScriptCompilerTests_I.implementArrayInterface_ts has expected errors matching implementArrayInterface_errors_txt" platform="jvm">
<message>
Expected diagnostics from baseline typescript-repo/tests/baselines/reference/implementArrayInterface.errors.txt but none produced
</message>
<stacktrace>
  at com.xemantic.typescript.compiler.TypeScriptTestSupportKt.errorsMatchBaseline(TypeScriptTestSupport.kt:125)
  at com.xemantic.typescript.compiler.TypeScriptCompilerTests_I.implementArrayInterface_ts has expected errors matching implementArrayInterface_errors_txt(TypeScriptCompilerTests_I.kt:189)
  at java.base/jdk.internal.reflect.DirectMethodHandleAccessor.invoke(DirectMethodHandleAccessor.java:104)
  at java.base/java.lang.reflect.Method.invoke(Method.java:565)
  at org.junit.runners.model.FrameworkMethod$1.runReflectiveCall(FrameworkMethod.java:59)
  at org.junit.internal.runners.model.ReflectiveCallable.run(ReflectiveCallable.java:12)
  at org.junit.runners.model.FrameworkMethod.invokeExplosively(FrameworkMethod.java:56)
  at org.junit.internal.runners.statements.InvokeMethod.evaluate(InvokeMethod.java:17)
  at org.junit.runners.ParentRunner$3.evaluate(ParentRunner.java:306)
  at org.junit.runners.BlockJUnit4ClassRunner$1.evaluate(BlockJUnit4ClassRunner.java:100)
  at org.junit.runners.ParentRunner.runLeaf(ParentRunner.java:366)
  at org.junit.runners.BlockJUnit4ClassRunner.runChild(BlockJUnit4ClassRunner.java:103)
  at org.junit.runners.BlockJUnit4ClassRunner.runChild(BlockJUnit4ClassRunner.java:63)
  at org.junit.runners.ParentRunner$4.run(ParentRunner.java:331)
  at org.junit.runners.ParentRunner$1.schedule(ParentRunner.java:79)
  at org.junit.runners.ParentRunner.runChildren(ParentRunner.java:329)
  at org.junit.runners.ParentRunner.access$100(ParentRunner.java:66)
  at org.junit.runners.ParentRunner$2.evaluate(ParentRunner.java:293)
  at org.junit.runners.ParentRunner$3.evaluate(ParentRunner.java:306)
  at org.junit.runners.ParentRunner.run(ParentRunner.java:413)
  at org.junit.runner.JUnitCore.run(JUnitCore.java:137)
  at org.junit.runner.JUnitCore.run(JUnitCore.java:115)
  at org.gradle.api.internal.tasks.testing.junit.JUnitTestExecutor.runRequest(JUnitTestExecutor.java:175)
  at org.gradle.api.internal.tasks.testing.junit.JUnitTestExecutor.accept(JUnitTestExecutor.java:84)
  at org.gradle.api.internal.tasks.testing.junit.JUnitTestExecutor.accept(JUnitTestExecutor.java:47)
  at org.gradle.api.internal.tasks.testing.junit.AbstractJUnitTestDefinitionProcessor.processTestDefinition(AbstractJUnitTestDefinitionProcessor.java:65)
  at org.gradle.api.internal.tasks.testing.SuiteTestDefinitionProcessor.processTestDefinition(SuiteTestDefinitionProcessor.java:54)
  at java.base/jdk.internal.reflect.DirectMethodHandleAccessor.invoke(DirectMethodHandleAccessor.java:104)
  at java.base/java.lang.reflect.Method.invoke(Method.java:565)
  at org.gradle.internal.dispatch.MethodInvocation.invokeOn(MethodInvocation.java:77)
  at org.gradle.internal.dispatch.ReflectionDispatch.dispatch(ReflectionDispatch.java:28)
  at org.gradle.internal.dispatch.ReflectionDispatch.dispatch(ReflectionDispatch.java:19)
  at org.gradle.internal.dispatch.ContextClassLoaderDispatch.dispatch(ContextClassLoaderDispatch.java:33)
  at org.gradle.internal.dispatch.ProxyDispatchAdapter$DispatchingInvocationHandler.invoke(ProxyDispatchAdapter.java:88)
  at jdk.proxy1/jdk.proxy1.$Proxy4.processTestDefinition(Unknown Source)
  at org.gradle.api.internal.tasks.testing.worker.TestWorker$2.run(TestWorker.java:178)
  at org.gradle.api.internal.tasks.testing.worker.TestWorker.executeAndMaintainThreadName(TestWorker.java:126)
  at org.gradle.api.internal.tasks.testing.worker.TestWorker.execute(TestWorker.java:103)
  at org.gradle.api.internal.tasks.testing.worker.TestWorker.execute(TestWorker.java:63)
  at org.gradle.process.internal.worker.child.ActionExecutionWorker.execute(ActionExecutionWorker.java:56)
  at org.gradle.process.internal.worker.child.SystemApplicationClassLoaderWorker.call(SystemApplicationClassLoaderWorker.java:122)
  at org.gradle.process.internal.worker.child.SystemApplicationClassLoaderWorker.call(SystemApplicationClassLoaderWorker.java:72)
  at worker.org.gradle.process.internal.worker.GradleWorkerMain.run(GradleWorkerMain.java:69)
  at worker.org.gradle.process.internal.worker.GradleWorkerMain.main(GradleWorkerMain.java:74)
</stacktrace>
</test-failure>


TypeScriptCompilerTests_I[jvm] > implementArrayInterface_ts has expected errors matching implementArrayInterface_errors_txt[jvm] FAILED

<test-failure test="com.xemantic.typescript.compiler.TypeScriptCompilerTests_I.incorrectNumberOfTypeArgumentsDuringErrorReporting_ts has expected errors matching incorrectNumberOfTypeArgumentsDuringErrorReporting_errors_txt" platform="jvm">
<message>
Expected diagnostics from baseline typescript-repo/tests/baselines/reference/incorrectNumberOfTypeArgumentsDuringErrorReporting.errors.txt but none produced
</message>
<stacktrace>
  at com.xemantic.typescript.compiler.TypeScriptTestSupportKt.errorsMatchBaseline(TypeScriptTestSupport.kt:125)
  at com.xemantic.typescript.compiler.TypeScriptCompilerTests_I.incorrectNumberOfTypeArgumentsDuringErrorReporting_ts has expected errors matching incorrectNumberOfTypeArgumentsDuringErrorReporting_errors_txt(TypeScriptCompilerTests_I.kt:2457)
  at java.base/jdk.internal.reflect.DirectMethodHandleAccessor.invoke(DirectMethodHandleAccessor.java:104)
  at java.base/java.lang.reflect.Method.invoke(Method.java:565)
  at org.junit.runners.model.FrameworkMethod$1.runReflectiveCall(FrameworkMethod.java:59)
  at org.junit.internal.runners.model.ReflectiveCallable.run(ReflectiveCallable.java:12)
  at org.junit.runners.model.FrameworkMethod.invokeExplosively(FrameworkMethod.java:56)
  at org.junit.internal.runners.statements.InvokeMethod.evaluate(InvokeMethod.java:17)
  at org.junit.runners.ParentRunner$3.evaluate(ParentRunner.java:306)
  at org.junit.runners.BlockJUnit4ClassRunner$1.evaluate(BlockJUnit4ClassRunner.java:100)
  at org.junit.runners.ParentRunner.runLeaf(ParentRunner.java:366)
  at org.junit.runners.BlockJUnit4ClassRunner.runChild(BlockJUnit4ClassRunner.java:103)
  at org.junit.runners.BlockJUnit4ClassRunner.runChild(BlockJUnit4ClassRunner.java:63)
  at org.junit.runners.ParentRunner$4.run(ParentRunner.java:331)
  at org.junit.runners.ParentRunner$1.schedule(ParentRunner.java:79)
  at org.junit.runners.ParentRunner.runChildren(ParentRunner.java:329)
  at org.junit.runners.ParentRunner.access$100(ParentRunner.java:66)
  at org.junit.runners.ParentRunner$2.evaluate(ParentRunner.java:293)
  at org.junit.runners.ParentRunner$3.evaluate(ParentRunner.java:306)
  at org.junit.runners.ParentRunner.run(ParentRunner.java:413)
  at org.junit.runner.JUnitCore.run(JUnitCore.java:137)
  at org.junit.runner.JUnitCore.run(JUnitCore.java:115)
  at org.gradle.api.internal.tasks.testing.junit.JUnitTestExecutor.runRequest(JUnitTestExecutor.java:175)
  at org.gradle.api.internal.tasks.testing.junit.JUnitTestExecutor.accept(JUnitTestExecutor.java:84)
  at org.gradle.api.internal.tasks.testing.junit.JUnitTestExecutor.accept(JUnitTestExecutor.java:47)
  at org.gradle.api.internal.tasks.testing.junit.AbstractJUnitTestDefinitionProcessor.processTestDefinition(AbstractJUnitTestDefinitionProcessor.java:65)
  at org.gradle.api.internal.tasks.testing.SuiteTestDefinitionProcessor.processTestDefinition(SuiteTestDefinitionProcessor.java:54)
  at java.base/jdk.internal.reflect.DirectMethodHandleAccessor.invoke(DirectMethodHandleAccessor.java:104)
  at java.base/java.lang.reflect.Method.invoke(Method.java:565)
  at org.gradle.internal.dispatch.MethodInvocation.invokeOn(MethodInvocation.java:77)
  at org.gradle.internal.dispatch.ReflectionDispatch.dispatch(ReflectionDispatch.java:28)
  at org.gradle.internal.dispatch.ReflectionDispatch.dispatch(ReflectionDispatch.java:19)
  at org.gradle.internal.dispatch.ContextClassLoaderDispatch.dispatch(ContextClassLoaderDispatch.java:33)
  at org.gradle.internal.dispatch.ProxyDispatchAdapter$DispatchingInvocationHandler.invoke(ProxyDispatchAdapter.java:88)
  at jdk.proxy1/jdk.proxy1.$Proxy4.processTestDefinition(Unknown Source)
  at org.gradle.api.internal.tasks.testing.worker.TestWorker$2.run(TestWorker.java:178)
  at org.gradle.api.internal.tasks.testing.worker.TestWorker.executeAndMaintainThreadName(TestWorker.java:126)
  at org.gradle.api.internal.tasks.testing.worker.TestWorker.execute(TestWorker.java:103)
  at org.gradle.api.internal.tasks.testing.worker.TestWorker.execute(TestWorker.java:63)
  at org.gradle.process.internal.worker.child.ActionExecutionWorker.execute(ActionExecutionWorker.java:56)
  at org.gradle.process.internal.worker.child.SystemApplicationClassLoaderWorker.call(SystemApplicationClassLoaderWorker.java:122)
  at org.gradle.process.internal.worker.child.SystemApplicationClassLoaderWorker.call(SystemApplicationClassLoaderWorker.java:72)
  at worker.org.gradle.process.internal.worker.GradleWorkerMain.run(GradleWorkerMain.java:69)
  at worker.org.gradle.process.internal.worker.GradleWorkerMain.main(GradleWorkerMain.java:74)
</stacktrace>
</test-failure>


TypeScriptCompilerTests_I[jvm] > incorrectNumberOfTypeArgumentsDuringErrorReporting_ts has expected errors matching incorrectNumberOfTypeArgumentsDuringErrorReporting_errors_txt[jvm] FAILED

<test-failure test="com.xemantic.typescript.compiler.TypeScriptCompilerTests_I.isolatedModulesGlobalNamespacesAndEnums_ts has expected errors matching isolatedModulesGlobalNamespacesAndEnums_errors_txt" platform="jvm">
<message>
--- expected
+++ actual
@@ -1,13 +1,11 @@
-enum2.ts(2,9): error TS18055: 'Enum.D' has a string type, but must have syntactically recognizable string syntax when 'isolatedModules' is enabled.
-enum2.ts(3,9): error TS1281: Cannot access 'A' from another file without qualification when 'isolatedModules' is enabled. Use 'Enum.A' instead.
-enum2.ts(4,9): error TS1281: Cannot access 'X' from another file without qualification when 'isolatedModules' is enabled. Use 'Enum.X' instead.
-script-namespaces.ts(1,11): error TS1280: Namespaces are not allowed in global script files when 'isolatedModules' is enabled. If this file is not intended to be a global script, set 'moduleDetection' to 'force' or add an empty 'export {}' statement.
+enum2.ts(3,9): error TS2304: Cannot find name 'A'.
+enum2.ts(4,9): error TS2304: Cannot find name 'X'.
+enum2.ts(9,9): error TS1066: In ambient enum declarations member initializer must be constant expression.
+enum2.ts(9,9): error TS2304: Cannot find name 'A'.
 
 
-==== script-namespaces.ts (1 errors) ====
+==== script-namespaces.ts (0 errors) ====
     namespace Instantiated {
-              ~~~~~~~~~~~~
-!!! error TS1280: Namespaces are not allowed in global script files when 'isolatedModules' is enabled. If this file is not intended to be a global script, set 'moduleDetection' to 'force' or add an empty 'export {}' statement.
         export const x = 1;
     }
     namespace Uninstantiated {
@@ -27,20 +25,22 @@
     declare enum Enum { X = 1_000_000 }
     const d = 'd';
     
-==== enum2.ts (3 errors) ====
+==== enum2.ts (4 errors) ====
     enum Enum {
         D = d,
-            ~
-!!! error TS18055: 'Enum.D' has a string type, but must have syntactically recognizable string syntax when 'isolatedModules' is enabled.
         E = A, // error
             ~
-!!! error TS1281: Cannot access 'A' from another file without qualification when 'isolatedModules' is enabled. Use 'Enum.A' instead.
+!!! error TS2304: Cannot find name 'A'.
         Y = X, // error
             ~
-!!! error TS1281: Cannot access 'X' from another file without qualification when 'isolatedModules' is enabled. Use 'Enum.X' instead.
+!!! error TS2304: Cannot find name 'X'.
         Z = Enum.A
     }
     
     declare enum Enum {
         F = A
+            ~
+!!! error TS1066: In ambient enum declarations member initializer must be constant expression.
+            ~
+!!! error TS2304: Cannot find name 'A'.
     }

</message>
<stacktrace>
  at org.junit.Assert.fail(Assert.java:89)
  at kotlin.test.junit.JUnitAsserter.fail(JUnitSupport.kt:56)
  at kotlin.test.AssertionsKt__AssertionsKt.fail(Assertions.kt:563)
  at kotlin.test.AssertionsKt.fail(Unknown Source)
  at com.xemantic.kotlin.test.SameAsKt.sameAs(SameAs.kt:52)
  at com.xemantic.typescript.compiler.TypeScriptTestSupportKt.errorsMatchBaseline(TypeScriptTestSupport.kt:135)
  at com.xemantic.typescript.compiler.TypeScriptCompilerTests_I.isolatedModulesGlobalNamespacesAndEnums_ts has expected errors matching isolatedModulesGlobalNamespacesAndEnums_errors_txt(TypeScriptCompilerTests_I.kt:6839)
  at java.base/jdk.internal.reflect.DirectMethodHandleAccessor.invoke(DirectMethodHandleAccessor.java:104)
  at java.base/java.lang.reflect.Method.invoke(Method.java:565)
  at org.junit.runners.model.FrameworkMethod$1.runReflectiveCall(FrameworkMethod.java:59)
  at org.junit.internal.runners.model.ReflectiveCallable.run(ReflectiveCallable.java:12)
  at org.junit.runners.model.FrameworkMethod.invokeExplosively(FrameworkMethod.java:56)
  at org.junit.internal.runners.statements.InvokeMethod.evaluate(InvokeMethod.java:17)
  at org.junit.runners.ParentRunner$3.evaluate(ParentRunner.java:306)
  at org.junit.runners.BlockJUnit4ClassRunner$1.evaluate(BlockJUnit4ClassRunner.java:100)
  at org.junit.runners.ParentRunner.runLeaf(ParentRunner.java:366)
  at org.junit.runners.BlockJUnit4ClassRunner.runChild(BlockJUnit4ClassRunner.java:103)
  at org.junit.runners.BlockJUnit4ClassRunner.runChild(BlockJUnit4ClassRunner.java:63)
  at org.junit.runners.ParentRunner$4.run(ParentRunner.java:331)
  at org.junit.runners.ParentRunner$1.schedule(ParentRunner.java:79)
  at org.junit.runners.ParentRunner.runChildren(ParentRunner.java:329)
  at org.junit.runners.ParentRunner.access$100(ParentRunner.java:66)
  at org.junit.runners.ParentRunner$2.evaluate(ParentRunner.java:293)
  at org.junit.runners.ParentRunner$3.evaluate(ParentRunner.java:306)
  at org.junit.runners.ParentRunner.run(ParentRunner.java:413)
  at org.junit.runner.JUnitCore.run(JUnitCore.java:137)
  at org.junit.runner.JUnitCore.run(JUnitCore.java:115)
  at org.gradle.api.internal.tasks.testing.junit.JUnitTestExecutor.runRequest(JUnitTestExecutor.java:175)
  at org.gradle.api.internal.tasks.testing.junit.JUnitTestExecutor.accept(JUnitTestExecutor.java:84)
  at org.gradle.api.internal.tasks.testing.junit.JUnitTestExecutor.accept(JUnitTestExecutor.java:47)
  at org.gradle.api.internal.tasks.testing.junit.AbstractJUnitTestDefinitionProcessor.processTestDefinition(AbstractJUnitTestDefinitionProcessor.java:65)
  at org.gradle.api.internal.tasks.testing.SuiteTestDefinitionProcessor.processTestDefinition(SuiteTestDefinitionProcessor.java:54)
  at java.base/jdk.internal.reflect.DirectMethodHandleAccessor.invoke(DirectMethodHandleAccessor.java:104)
  at java.base/java.lang.reflect.Method.invoke(Method.java:565)
  at org.gradle.internal.dispatch.MethodInvocation.invokeOn(MethodInvocation.java:77)
  at org.gradle.internal.dispatch.ReflectionDispatch.dispatch(ReflectionDispatch.java:28)
  at org.gradle.internal.dispatch.ReflectionDispatch.dispatch(ReflectionDispatch.java:19)
  at org.gradle.internal.dispatch.ContextClassLoaderDispatch.dispatch(ContextClassLoaderDispatch.java:33)
  at org.gradle.internal.dispatch.ProxyDispatchAdapter$DispatchingInvocationHandler.invoke(ProxyDispatchAdapter.java:88)
  at jdk.proxy1/jdk.proxy1.$Proxy4.processTestDefinition(Unknown Source)
  at org.gradle.api.internal.tasks.testing.worker.TestWorker$2.run(TestWorker.java:178)
  at org.gradle.api.internal.tasks.testing.worker.TestWorker.executeAndMaintainThreadName(TestWorker.java:126)
  at org.gradle.api.internal.tasks.testing.worker.TestWorker.execute(TestWorker.java:103)
  at org.gradle.api.internal.tasks.testing.worker.TestWorker.execute(TestWorker.java:63)
  at org.gradle.process.internal.worker.child.ActionExecutionWorker.execute(ActionExecutionWorker.java:56)
  at org.gradle.process.internal.worker.child.SystemApplicationClassLoaderWorker.call(SystemApplicationClassLoaderWorker.java:122)
  at org.gradle.process.internal.worker.child.SystemApplicationClassLoaderWorker.call(SystemApplicationClassLoaderWorker.java:72)
  at worker.org.gradle.process.internal.worker.GradleWorkerMain.run(GradleWorkerMain.java:69)
  at worker.org.gradle.process.internal.worker.GradleWorkerMain.main(GradleWorkerMain.java:74)
</stacktrace>
</test-failure>


TypeScriptCompilerTests_I[jvm] > isolatedModulesGlobalNamespacesAndEnums_ts has expected errors matching isolatedModulesGlobalNamespacesAndEnums_errors_txt[jvm] FAILED

<test-failure test="com.xemantic.typescript.compiler.TypeScriptCompilerTests_I.importDeclWithDeclareModifierInAmbientContext_ts has expected errors matching importDeclWithDeclareModifierInAmbientContext_errors_txt" platform="jvm">
<message>
Expected diagnostics from baseline typescript-repo/tests/baselines/reference/importDeclWithDeclareModifierInAmbientContext.errors.txt but none produced
</message>
<stacktrace>
  at com.xemantic.typescript.compiler.TypeScriptTestSupportKt.errorsMatchBaseline(TypeScriptTestSupport.kt:125)
  at com.xemantic.typescript.compiler.TypeScriptCompilerTests_I.importDeclWithDeclareModifierInAmbientContext_ts has expected errors matching importDeclWithDeclareModifierInAmbientContext_errors_txt(TypeScriptCompilerTests_I.kt:966)
  at java.base/jdk.internal.reflect.DirectMethodHandleAccessor.invoke(DirectMethodHandleAccessor.java:104)
  at java.base/java.lang.reflect.Method.invoke(Method.java:565)
  at org.junit.runners.model.FrameworkMethod$1.runReflectiveCall(FrameworkMethod.java:59)
  at org.junit.internal.runners.model.ReflectiveCallable.run(ReflectiveCallable.java:12)
  at org.junit.runners.model.FrameworkMethod.invokeExplosively(FrameworkMethod.java:56)
  at org.junit.internal.runners.statements.InvokeMethod.evaluate(InvokeMethod.java:17)
  at org.junit.runners.ParentRunner$3.evaluate(ParentRunner.java:306)
  at org.junit.runners.BlockJUnit4ClassRunner$1.evaluate(BlockJUnit4ClassRunner.java:100)
  at org.junit.runners.ParentRunner.runLeaf(ParentRunner.java:366)
  at org.junit.runners.BlockJUnit4ClassRunner.runChild(BlockJUnit4ClassRunner.java:103)
  at org.junit.runners.BlockJUnit4ClassRunner.runChild(BlockJUnit4ClassRunner.java:63)
  at org.junit.runners.ParentRunner$4.run(ParentRunner.java:331)
  at org.junit.runners.ParentRunner$1.schedule(ParentRunner.java:79)
  at org.junit.runners.ParentRunner.runChildren(ParentRunner.java:329)
  at org.junit.runners.ParentRunner.access$100(ParentRunner.java:66)
  at org.junit.runners.ParentRunner$2.evaluate(ParentRunner.java:293)
  at org.junit.runners.ParentRunner$3.evaluate(ParentRunner.java:306)
  at org.junit.runners.ParentRunner.run(ParentRunner.java:413)
  at org.junit.runner.JUnitCore.run(JUnitCore.java:137)
  at org.junit.runner.JUnitCore.run(JUnitCore.java:115)
  at org.gradle.api.internal.tasks.testing.junit.JUnitTestExecutor.runRequest(JUnitTestExecutor.java:175)
  at org.gradle.api.internal.tasks.testing.junit.JUnitTestExecutor.accept(JUnitTestExecutor.java:84)
  at org.gradle.api.internal.tasks.testing.junit.JUnitTestExecutor.accept(JUnitTestExecutor.java:47)
  at org.gradle.api.internal.tasks.testing.junit.AbstractJUnitTestDefinitionProcessor.processTestDefinition(AbstractJUnitTestDefinitionProcessor.java:65)
  at org.gradle.api.internal.tasks.testing.SuiteTestDefinitionProcessor.processTestDefinition(SuiteTestDefinitionProcessor.java:54)
  at java.base/jdk.internal.reflect.DirectMethodHandleAccessor.invoke(DirectMethodHandleAccessor.java:104)
  at java.base/java.lang.reflect.Method.invoke(Method.java:565)
  at org.gradle.internal.dispatch.MethodInvocation.invokeOn(MethodInvocation.java:77)
  at org.gradle.internal.dispatch.ReflectionDispatch.dispatch(ReflectionDispatch.java:28)
  at org.gradle.internal.dispatch.ReflectionDispatch.dispatch(ReflectionDispatch.java:19)
  at org.gradle.internal.dispatch.ContextClassLoaderDispatch.dispatch(ContextClassLoaderDispatch.java:33)
  at org.gradle.internal.dispatch.ProxyDispatchAdapter$DispatchingInvocationHandler.invoke(ProxyDispatchAdapter.java:88)
  at jdk.proxy1/jdk.proxy1.$Proxy4.processTestDefinition(Unknown Source)
  at org.gradle.api.internal.tasks.testing.worker.TestWorker$2.run(TestWorker.java:178)
  at org.gradle.api.internal.tasks.testing.worker.TestWorker.executeAndMaintainThreadName(TestWorker.java:126)
  at org.gradle.api.internal.tasks.testing.worker.TestWorker.execute(TestWorker.java:103)
  at org.gradle.api.internal.tasks.testing.worker.TestWorker.execute(TestWorker.java:63)
  at org.gradle.process.internal.worker.child.ActionExecutionWorker.execute(ActionExecutionWorker.java:56)
  at org.gradle.process.internal.worker.child.SystemApplicationClassLoaderWorker.call(SystemApplicationClassLoaderWorker.java:122)
  at org.gradle.process.internal.worker.child.SystemApplicationClassLoaderWorker.call(SystemApplicationClassLoaderWorker.java:72)
  at worker.org.gradle.process.internal.worker.GradleWorkerMain.run(GradleWorkerMain.java:69)
  at worker.org.gradle.process.internal.worker.GradleWorkerMain.main(GradleWorkerMain.java:74)
</stacktrace>
</test-failure>


TypeScriptCompilerTests_I[jvm] > importDeclWithDeclareModifierInAmbientContext_ts has expected errors matching importDeclWithDeclareModifierInAmbientContext_errors_txt[jvm] FAILED

<test-failure test="com.xemantic.typescript.compiler.TypeScriptCompilerTests_I.importNonExportedMember6_ts has expected errors matching importNonExportedMember6_errors_txt" platform="jvm">
<message>
--- expected
+++ actual
@@ -1,7 +1,5 @@
 error TS5107: Option 'esModuleInterop=false' is deprecated and will stop functioning in TypeScript 7.0. Specify compilerOption '"ignoreDeprecations": "6.0"' to silence this error.
 a.ts(2,1): error TS1203: Export assignment cannot be used when targeting ECMAScript modules. Consider using 'export default' or another module format instead.
-b.ts(1,10): error TS2596: 'Foo' can only be imported by turning on the 'esModuleInterop' flag and using a default import.
-b.ts(1,21): error TS2497: This module can only be referenced with ECMAScript imports/exports by turning on the 'allowSyntheticDefaultImports' flag and referencing its default export.
 
 
 !!! error TS5107: Option 'esModuleInterop=false' is deprecated and will stop functioning in TypeScript 7.0. Specify compilerOption '"ignoreDeprecations": "6.0"' to silence this error.
@@ -11,9 +9,5 @@
     ~~~~~~~~~~~~~
 !!! error TS1203: Export assignment cannot be used when targeting ECMAScript modules. Consider using 'export default' or another module format instead.
     
-==== b.ts (2 errors) ====
+==== b.ts (0 errors) ====
     import { Foo } from './a';
-             ~~~
-!!! error TS2596: 'Foo' can only be imported by turning on the 'esModuleInterop' flag and using a default import.
-                        ~~~~~
-!!! error TS2497: This module can only be referenced with ECMAScript imports/exports by turning on the 'allowSyntheticDefaultImports' flag and referencing its default export.

</message>
<stacktrace>
  at org.junit.Assert.fail(Assert.java:89)
  at kotlin.test.junit.JUnitAsserter.fail(JUnitSupport.kt:56)
  at kotlin.test.AssertionsKt__AssertionsKt.fail(Assertions.kt:563)
  at kotlin.test.AssertionsKt.fail(Unknown Source)
  at com.xemantic.kotlin.test.SameAsKt.sameAs(SameAs.kt:52)
  at com.xemantic.typescript.compiler.TypeScriptTestSupportKt.errorsMatchBaseline(TypeScriptTestSupport.kt:135)
  at com.xemantic.typescript.compiler.TypeScriptCompilerTests_I.importNonExportedMember6_ts has expected errors matching importNonExportedMember6_errors_txt(TypeScriptCompilerTests_I.kt:1911)
  at java.base/jdk.internal.reflect.DirectMethodHandleAccessor.invoke(DirectMethodHandleAccessor.java:104)
  at java.base/java.lang.reflect.Method.invoke(Method.java:565)
  at org.junit.runners.model.FrameworkMethod$1.runReflectiveCall(FrameworkMethod.java:59)
  at org.junit.internal.runners.model.ReflectiveCallable.run(ReflectiveCallable.java:12)
  at org.junit.runners.model.FrameworkMethod.invokeExplosively(FrameworkMethod.java:56)
  at org.junit.internal.runners.statements.InvokeMethod.evaluate(InvokeMethod.java:17)
  at org.junit.runners.ParentRunner$3.evaluate(ParentRunner.java:306)
  at org.junit.runners.BlockJUnit4ClassRunner$1.evaluate(BlockJUnit4ClassRunner.java:100)
  at org.junit.runners.ParentRunner.runLeaf(ParentRunner.java:366)
  at org.junit.runners.BlockJUnit4ClassRunner.runChild(BlockJUnit4ClassRunner.java:103)
  at org.junit.runners.BlockJUnit4ClassRunner.runChild(BlockJUnit4ClassRunner.java:63)
  at org.junit.runners.ParentRunner$4.run(ParentRunner.java:331)
  at org.junit.runners.ParentRunner$1.schedule(ParentRunner.java:79)
  at org.junit.runners.ParentRunner.runChildren(ParentRunner.java:329)
  at org.junit.runners.ParentRunner.access$100(ParentRunner.java:66)
  at org.junit.runners.ParentRunner$2.evaluate(ParentRunner.java:293)
  at org.junit.runners.ParentRunner$3.evaluate(ParentRunner.java:306)
  at org.junit.runners.ParentRunner.run(ParentRunner.java:413)
  at org.junit.runner.JUnitCore.run(JUnitCore.java:137)
  at org.junit.runner.JUnitCore.run(JUnitCore.java:115)
  at org.gradle.api.internal.tasks.testing.junit.JUnitTestExecutor.runRequest(JUnitTestExecutor.java:175)
  at org.gradle.api.internal.tasks.testing.junit.JUnitTestExecutor.accept(JUnitTestExecutor.java:84)
  at org.gradle.api.internal.tasks.testing.junit.JUnitTestExecutor.accept(JUnitTestExecutor.java:47)
  at org.gradle.api.internal.tasks.testing.junit.AbstractJUnitTestDefinitionProcessor.processTestDefinition(AbstractJUnitTestDefinitionProcessor.java:65)
  at org.gradle.api.internal.tasks.testing.SuiteTestDefinitionProcessor.processTestDefinition(SuiteTestDefinitionProcessor.java:54)
  at java.base/jdk.internal.reflect.DirectMethodHandleAccessor.invoke(DirectMethodHandleAccessor.java:104)
  at java.base/java.lang.reflect.Method.invoke(Method.java:565)
  at org.gradle.internal.dispatch.MethodInvocation.invokeOn(MethodInvocation.java:77)
  at org.gradle.internal.dispatch.ReflectionDispatch.dispatch(ReflectionDispatch.java:28)
  at org.gradle.internal.dispatch.ReflectionDispatch.dispatch(ReflectionDispatch.java:19)
  at org.gradle.internal.dispatch.ContextClassLoaderDispatch.dispatch(ContextClassLoaderDispatch.java:33)
  at org.gradle.internal.dispatch.ProxyDispatchAdapter$DispatchingInvocationHandler.invoke(ProxyDispatchAdapter.java:88)
  at jdk.proxy1/jdk.proxy1.$Proxy4.processTestDefinition(Unknown Source)
  at org.gradle.api.internal.tasks.testing.worker.TestWorker$2.run(TestWorker.java:178)
  at org.gradle.api.internal.tasks.testing.worker.TestWorker.executeAndMaintainThreadName(TestWorker.java:126)
  at org.gradle.api.internal.tasks.testing.worker.TestWorker.execute(TestWorker.java:103)
  at org.gradle.api.internal.tasks.testing.worker.TestWorker.execute(TestWorker.java:63)
  at org.gradle.process.internal.worker.child.ActionExecutionWorker.execute(ActionExecutionWorker.java:56)
  at org.gradle.process.internal.worker.child.SystemApplicationClassLoaderWorker.call(SystemApplicationClassLoaderWorker.java:122)
  at org.gradle.process.internal.worker.child.SystemApplicationClassLoaderWorker.call(SystemApplicationClassLoaderWorker.java:72)
  at worker.org.gradle.process.internal.worker.GradleWorkerMain.run(GradleWorkerMain.java:69)
  at worker.org.gradle.process.internal.worker.GradleWorkerMain.main(GradleWorkerMain.java:74)
</stacktrace>
</test-failure>


TypeScriptCompilerTests_I[jvm] > importNonExportedMember6_ts has expected errors matching importNonExportedMember6_errors_txt[jvm] FAILED

<test-failure test="com.xemantic.typescript.compiler.TypeScriptCompilerTests_I.interfaceImplementation1_ts has expected errors matching interfaceImplementation1_errors_txt" platform="jvm">
<message>
Expected diagnostics from baseline typescript-repo/tests/baselines/reference/interfaceImplementation1.errors.txt but none produced
</message>
<stacktrace>
  at com.xemantic.typescript.compiler.TypeScriptTestSupportKt.errorsMatchBaseline(TypeScriptTestSupport.kt:125)
  at com.xemantic.typescript.compiler.TypeScriptCompilerTests_I.interfaceImplementation1_ts has expected errors matching interfaceImplementation1_errors_txt(TypeScriptCompilerTests_I.kt:5117)
  at java.base/jdk.internal.reflect.DirectMethodHandleAccessor.invoke(DirectMethodHandleAccessor.java:104)
  at java.base/java.lang.reflect.Method.invoke(Method.java:565)
  at org.junit.runners.model.FrameworkMethod$1.runReflectiveCall(FrameworkMethod.java:59)
  at org.junit.internal.runners.model.ReflectiveCallable.run(ReflectiveCallable.java:12)
  at org.junit.runners.model.FrameworkMethod.invokeExplosively(FrameworkMethod.java:56)
  at org.junit.internal.runners.statements.InvokeMethod.evaluate(InvokeMethod.java:17)
  at org.junit.runners.ParentRunner$3.evaluate(ParentRunner.java:306)
  at org.junit.runners.BlockJUnit4ClassRunner$1.evaluate(BlockJUnit4ClassRunner.java:100)
  at org.junit.runners.ParentRunner.runLeaf(ParentRunner.java:366)
  at org.junit.runners.BlockJUnit4ClassRunner.runChild(BlockJUnit4ClassRunner.java:103)
  at org.junit.runners.BlockJUnit4ClassRunner.runChild(BlockJUnit4ClassRunner.java:63)
  at org.junit.runners.ParentRunner$4.run(ParentRunner.java:331)
  at org.junit.runners.ParentRunner$1.schedule(ParentRunner.java:79)
  at org.junit.runners.ParentRunner.runChildren(ParentRunner.java:329)
  at org.junit.runners.ParentRunner.access$100(ParentRunner.java:66)
  at org.junit.runners.ParentRunner$2.evaluate(ParentRunner.java:293)
  at org.junit.runners.ParentRunner$3.evaluate(ParentRunner.java:306)
  at org.junit.runners.ParentRunner.run(ParentRunner.java:413)
  at org.junit.runner.JUnitCore.run(JUnitCore.java:137)
  at org.junit.runner.JUnitCore.run(JUnitCore.java:115)
  at org.gradle.api.internal.tasks.testing.junit.JUnitTestExecutor.runRequest(JUnitTestExecutor.java:175)
  at org.gradle.api.internal.tasks.testing.junit.JUnitTestExecutor.accept(JUnitTestExecutor.java:84)
  at org.gradle.api.internal.tasks.testing.junit.JUnitTestExecutor.accept(JUnitTestExecutor.java:47)
  at org.gradle.api.internal.tasks.testing.junit.AbstractJUnitTestDefinitionProcessor.processTestDefinition(AbstractJUnitTestDefinitionProcessor.java:65)
  at org.gradle.api.internal.tasks.testing.SuiteTestDefinitionProcessor.processTestDefinition(SuiteTestDefinitionProcessor.java:54)
  at java.base/jdk.internal.reflect.DirectMethodHandleAccessor.invoke(DirectMethodHandleAccessor.java:104)
  at java.base/java.lang.reflect.Method.invoke(Method.java:565)
  at org.gradle.internal.dispatch.MethodInvocation.invokeOn(MethodInvocation.java:77)
  at org.gradle.internal.dispatch.ReflectionDispatch.dispatch(ReflectionDispatch.java:28)
  at org.gradle.internal.dispatch.ReflectionDispatch.dispatch(ReflectionDispatch.java:19)
  at org.gradle.internal.dispatch.ContextClassLoaderDispatch.dispatch(ContextClassLoaderDispatch.java:33)
  at org.gradle.internal.dispatch.ProxyDispatchAdapter$DispatchingInvocationHandler.invoke(ProxyDispatchAdapter.java:88)
  at jdk.proxy1/jdk.proxy1.$Proxy4.processTestDefinition(Unknown Source)
  at org.gradle.api.internal.tasks.testing.worker.TestWorker$2.run(TestWorker.java:178)
  at org.gradle.api.internal.tasks.testing.worker.TestWorker.executeAndMaintainThreadName(TestWorker.java:126)
  at org.gradle.api.internal.tasks.testing.worker.TestWorker.execute(TestWorker.java:103)
  at org.gradle.api.internal.tasks.testing.worker.TestWorker.execute(TestWorker.java:63)
  at org.gradle.process.internal.worker.child.ActionExecutionWorker.execute(ActionExecutionWorker.java:56)
  at org.gradle.process.internal.worker.child.SystemApplicationClassLoaderWorker.call(SystemApplicationClassLoaderWorker.java:122)
  at org.gradle.process.internal.worker.child.SystemApplicationClassLoaderWorker.call(SystemApplicationClassLoaderWorker.java:72)
  at worker.org.gradle.process.internal.worker.GradleWorkerMain.run(GradleWorkerMain.java:69)
  at worker.org.gradle.process.internal.worker.GradleWorkerMain.main(GradleWorkerMain.java:74)
</stacktrace>
</test-failure>


TypeScriptCompilerTests_I[jvm] > interfaceImplementation1_ts has expected errors matching interfaceImplementation1_errors_txt[jvm] FAILED

<test-failure test="com.xemantic.typescript.compiler.TypeScriptCompilerTests_I.invalidLetInForOfAndForIn_ES5_ts compiles to JavaScript matching invalidLetInForOfAndForIn_ES5_js" platform="jvm">
<message>
--- expected
+++ actual
@@ -17,7 +17,5 @@
 // This should be an error
 // More details: http://www.ecma-international.org/ecma-262/6.0/#sec-iteration-statements
 var let = 10;
-for (let of, []; 1, 2, 3; )
-    ;
-{ }
-for (let  in [1, 2, 3]) { }
+for (let of; [1, 2, 3];) { }
+for (let in [1, 2, 3]) { }

</message>
<stacktrace>
  at org.junit.Assert.fail(Assert.java:89)
  at kotlin.test.junit.JUnitAsserter.fail(JUnitSupport.kt:56)
  at kotlin.test.AssertionsKt__AssertionsKt.fail(Assertions.kt:563)
  at kotlin.test.AssertionsKt.fail(Unknown Source)
  at com.xemantic.kotlin.test.SameAsKt.sameAs(SameAs.kt:52)
  at com.xemantic.typescript.compiler.TypeScriptTestSupportKt.sameAs(TypeScriptTestSupport.kt:99)
  at com.xemantic.typescript.compiler.TypeScriptCompilerTests_I.invalidLetInForOfAndForIn_ES5_ts compiles to JavaScript matching invalidLetInForOfAndForIn_ES5_js(TypeScriptCompilerTests_I.kt:6153)
  at java.base/jdk.internal.reflect.DirectMethodHandleAccessor.invoke(DirectMethodHandleAccessor.java:104)
  at java.base/java.lang.reflect.Method.invoke(Method.java:565)
  at org.junit.runners.model.FrameworkMethod$1.runReflectiveCall(FrameworkMethod.java:59)
  at org.junit.internal.runners.model.ReflectiveCallable.run(ReflectiveCallable.java:12)
  at org.junit.runners.model.FrameworkMethod.invokeExplosively(FrameworkMethod.java:56)
  at org.junit.internal.runners.statements.InvokeMethod.evaluate(InvokeMethod.java:17)
  at org.junit.runners.ParentRunner$3.evaluate(ParentRunner.java:306)
  at org.junit.runners.BlockJUnit4ClassRunner$1.evaluate(BlockJUnit4ClassRunner.java:100)
  at org.junit.runners.ParentRunner.runLeaf(ParentRunner.java:366)
  at org.junit.runners.BlockJUnit4ClassRunner.runChild(BlockJUnit4ClassRunner.java:103)
  at org.junit.runners.BlockJUnit4ClassRunner.runChild(BlockJUnit4ClassRunner.java:63)
  at org.junit.runners.ParentRunner$4.run(ParentRunner.java:331)
  at org.junit.runners.ParentRunner$1.schedule(ParentRunner.java:79)
  at org.junit.runners.ParentRunner.runChildren(ParentRunner.java:329)
  at org.junit.runners.ParentRunner.access$100(ParentRunner.java:66)
  at org.junit.runners.ParentRunner$2.evaluate(ParentRunner.java:293)
  at org.junit.runners.ParentRunner$3.evaluate(ParentRunner.java:306)
  at org.junit.runners.ParentRunner.run(ParentRunner.java:413)
  at org.junit.runner.JUnitCore.run(JUnitCore.java:137)
  at org.junit.runner.JUnitCore.run(JUnitCore.java:115)
  at org.gradle.api.internal.tasks.testing.junit.JUnitTestExecutor.runRequest(JUnitTestExecutor.java:175)
  at org.gradle.api.internal.tasks.testing.junit.JUnitTestExecutor.accept(JUnitTestExecutor.java:84)
  at org.gradle.api.internal.tasks.testing.junit.JUnitTestExecutor.accept(JUnitTestExecutor.java:47)
  at org.gradle.api.internal.tasks.testing.junit.AbstractJUnitTestDefinitionProcessor.processTestDefinition(AbstractJUnitTestDefinitionProcessor.java:65)
  at org.gradle.api.internal.tasks.testing.SuiteTestDefinitionProcessor.processTestDefinition(SuiteTestDefinitionProcessor.java:54)
  at java.base/jdk.internal.reflect.DirectMethodHandleAccessor.invoke(DirectMethodHandleAccessor.java:104)
  at java.base/java.lang.reflect.Method.invoke(Method.java:565)
  at org.gradle.internal.dispatch.MethodInvocation.invokeOn(MethodInvocation.java:77)
  at org.gradle.internal.dispatch.ReflectionDispatch.dispatch(ReflectionDispatch.java:28)
  at org.gradle.internal.dispatch.ReflectionDispatch.dispatch(ReflectionDispatch.java:19)
  at org.gradle.internal.dispatch.ContextClassLoaderDispatch.dispatch(ContextClassLoaderDispatch.java:33)
  at org.gradle.internal.dispatch.ProxyDispatchAdapter$DispatchingInvocationHandler.invoke(ProxyDispatchAdapter.java:88)
  at jdk.proxy1/jdk.proxy1.$Proxy4.processTestDefinition(Unknown Source)
  at org.gradle.api.internal.tasks.testing.worker.TestWorker$2.run(TestWorker.java:178)
  at org.gradle.api.internal.tasks.testing.worker.TestWorker.executeAndMaintainThreadName(TestWorker.java:126)
  at org.gradle.api.internal.tasks.testing.worker.TestWorker.execute(TestWorker.java:103)
  at org.gradle.api.internal.tasks.testing.worker.TestWorker.execute(TestWorker.java:63)
  at org.gradle.process.internal.worker.child.ActionExecutionWorker.execute(ActionExecutionWorker.java:56)
  at org.gradle.process.internal.worker.child.SystemApplicationClassLoaderWorker.call(SystemApplicationClassLoaderWorker.java:122)
  at org.gradle.process.internal.worker.child.SystemApplicationClassLoaderWorker.call(SystemApplicationClassLoaderWorker.java:72)
  at worker.org.gradle.process.internal.worker.GradleWorkerMain.run(GradleWorkerMain.java:69)
  at worker.org.gradle.process.internal.worker.GradleWorkerMain.main(GradleWorkerMain.java:74)
</stacktrace>
</test-failure>


TypeScriptCompilerTests_I[jvm] > invalidLetInForOfAndForIn_ES5_ts compiles to JavaScript matching invalidLetInForOfAndForIn_ES5_js[jvm] FAILED

<test-failure test="com.xemantic.typescript.compiler.TypeScriptCompilerTests_I.importEqualsError45874_ts has expected errors matching importEqualsError45874_errors_txt" platform="jvm">
<message>
Expected diagnostics from baseline typescript-repo/tests/baselines/reference/importEqualsError45874.errors.txt but none produced
</message>
<stacktrace>
  at com.xemantic.typescript.compiler.TypeScriptTestSupportKt.errorsMatchBaseline(TypeScriptTestSupport.kt:125)
  at com.xemantic.typescript.compiler.TypeScriptCompilerTests_I.importEqualsError45874_ts has expected errors matching importEqualsError45874_errors_txt(TypeScriptCompilerTests_I.kt:1078)
  at java.base/jdk.internal.reflect.DirectMethodHandleAccessor.invoke(DirectMethodHandleAccessor.java:104)
  at java.base/java.lang.reflect.Method.invoke(Method.java:565)
  at org.junit.runners.model.FrameworkMethod$1.runReflectiveCall(FrameworkMethod.java:59)
  at org.junit.internal.runners.model.ReflectiveCallable.run(ReflectiveCallable.java:12)
  at org.junit.runners.model.FrameworkMethod.invokeExplosively(FrameworkMethod.java:56)
  at org.junit.internal.runners.statements.InvokeMethod.evaluate(InvokeMethod.java:17)
  at org.junit.runners.ParentRunner$3.evaluate(ParentRunner.java:306)
  at org.junit.runners.BlockJUnit4ClassRunner$1.evaluate(BlockJUnit4ClassRunner.java:100)
  at org.junit.runners.ParentRunner.runLeaf(ParentRunner.java:366)
  at org.junit.runners.BlockJUnit4ClassRunner.runChild(BlockJUnit4ClassRunner.java:103)
  at org.junit.runners.BlockJUnit4ClassRunner.runChild(BlockJUnit4ClassRunner.java:63)
  at org.junit.runners.ParentRunner$4.run(ParentRunner.java:331)
  at org.junit.runners.ParentRunner$1.schedule(ParentRunner.java:79)
  at org.junit.runners.ParentRunner.runChildren(ParentRunner.java:329)
  at org.junit.runners.ParentRunner.access$100(ParentRunner.java:66)
  at org.junit.runners.ParentRunner$2.evaluate(ParentRunner.java:293)
  at org.junit.runners.ParentRunner$3.evaluate(ParentRunner.java:306)
  at org.junit.runners.ParentRunner.run(ParentRunner.java:413)
  at org.junit.runner.JUnitCore.run(JUnitCore.java:137)
  at org.junit.runner.JUnitCore.run(JUnitCore.java:115)
  at org.gradle.api.internal.tasks.testing.junit.JUnitTestExecutor.runRequest(JUnitTestExecutor.java:175)
  at org.gradle.api.internal.tasks.testing.junit.JUnitTestExecutor.accept(JUnitTestExecutor.java:84)
  at org.gradle.api.internal.tasks.testing.junit.JUnitTestExecutor.accept(JUnitTestExecutor.java:47)
  at org.gradle.api.internal.tasks.testing.junit.AbstractJUnitTestDefinitionProcessor.processTestDefinition(AbstractJUnitTestDefinitionProcessor.java:65)
  at org.gradle.api.internal.tasks.testing.SuiteTestDefinitionProcessor.processTestDefinition(SuiteTestDefinitionProcessor.java:54)
  at java.base/jdk.internal.reflect.DirectMethodHandleAccessor.invoke(DirectMethodHandleAccessor.java:104)
  at java.base/java.lang.reflect.Method.invoke(Method.java:565)
  at org.gradle.internal.dispatch.MethodInvocation.invokeOn(MethodInvocation.java:77)
  at org.gradle.internal.dispatch.ReflectionDispatch.dispatch(ReflectionDispatch.java:28)
  at org.gradle.internal.dispatch.ReflectionDispatch.dispatch(ReflectionDispatch.java:19)
  at org.gradle.internal.dispatch.ContextClassLoaderDispatch.dispatch(ContextClassLoaderDispatch.java:33)
  at org.gradle.internal.dispatch.ProxyDispatchAdapter$DispatchingInvocationHandler.invoke(ProxyDispatchAdapter.java:88)
  at jdk.proxy1/jdk.proxy1.$Proxy4.processTestDefinition(Unknown Source)
  at org.gradle.api.internal.tasks.testing.worker.TestWorker$2.run(TestWorker.java:178)
  at org.gradle.api.internal.tasks.testing.worker.TestWorker.executeAndMaintainThreadName(TestWorker.java:126)
  at org.gradle.api.internal.tasks.testing.worker.TestWorker.execute(TestWorker.java:103)
  at org.gradle.api.internal.tasks.testing.worker.TestWorker.execute(TestWorker.java:63)
  at org.gradle.process.internal.worker.child.ActionExecutionWorker.execute(ActionExecutionWorker.java:56)
  at org.gradle.process.internal.worker.child.SystemApplicationClassLoaderWorker.call(SystemApplicationClassLoaderWorker.java:122)
  at org.gradle.process.internal.worker.child.SystemApplicationClassLoaderWorker.call(SystemApplicationClassLoaderWorker.java:72)
  at worker.org.gradle.process.internal.worker.GradleWorkerMain.run(GradleWorkerMain.java:69)
  at worker.org.gradle.process.internal.worker.GradleWorkerMain.main(GradleWorkerMain.java:74)
</stacktrace>
</test-failure>


TypeScriptCompilerTests_I[jvm] > importEqualsError45874_ts has expected errors matching importEqualsError45874_errors_txt[jvm] FAILED

<test-failure test="com.xemantic.typescript.compiler.TypeScriptCompilerTests_I.inheritedModuleMembersForClodule_ts has expected errors matching inheritedModuleMembersForClodule_errors_txt" platform="jvm">
<message>
Expected diagnostics from baseline typescript-repo/tests/baselines/reference/inheritedModuleMembersForClodule.errors.txt but none produced
</message>
<stacktrace>
  at com.xemantic.typescript.compiler.TypeScriptTestSupportKt.errorsMatchBaseline(TypeScriptTestSupport.kt:125)
  at com.xemantic.typescript.compiler.TypeScriptCompilerTests_I.inheritedModuleMembersForClodule_ts has expected errors matching inheritedModuleMembersForClodule_errors_txt(TypeScriptCompilerTests_I.kt:4326)
  at java.base/jdk.internal.reflect.DirectMethodHandleAccessor.invoke(DirectMethodHandleAccessor.java:104)
  at java.base/java.lang.reflect.Method.invoke(Method.java:565)
  at org.junit.runners.model.FrameworkMethod$1.runReflectiveCall(FrameworkMethod.java:59)
  at org.junit.internal.runners.model.ReflectiveCallable.run(ReflectiveCallable.java:12)
  at org.junit.runners.model.FrameworkMethod.invokeExplosively(FrameworkMethod.java:56)
  at org.junit.internal.runners.statements.InvokeMethod.evaluate(InvokeMethod.java:17)
  at org.junit.runners.ParentRunner$3.evaluate(ParentRunner.java:306)
  at org.junit.runners.BlockJUnit4ClassRunner$1.evaluate(BlockJUnit4ClassRunner.java:100)
  at org.junit.runners.ParentRunner.runLeaf(ParentRunner.java:366)
  at org.junit.runners.BlockJUnit4ClassRunner.runChild(BlockJUnit4ClassRunner.java:103)
  at org.junit.runners.BlockJUnit4ClassRunner.runChild(BlockJUnit4ClassRunner.java:63)
  at org.junit.runners.ParentRunner$4.run(ParentRunner.java:331)
  at org.junit.runners.ParentRunner$1.schedule(ParentRunner.java:79)
  at org.junit.runners.ParentRunner.runChildren(ParentRunner.java:329)
  at org.junit.runners.ParentRunner.access$100(ParentRunner.java:66)
  at org.junit.runners.ParentRunner$2.evaluate(ParentRunner.java:293)
  at org.junit.runners.ParentRunner$3.evaluate(ParentRunner.java:306)
  at org.junit.runners.ParentRunner.run(ParentRunner.java:413)
  at org.junit.runner.JUnitCore.run(JUnitCore.java:137)
  at org.junit.runner.JUnitCore.run(JUnitCore.java:115)
  at org.gradle.api.internal.tasks.testing.junit.JUnitTestExecutor.runRequest(JUnitTestExecutor.java:175)
  at org.gradle.api.internal.tasks.testing.junit.JUnitTestExecutor.accept(JUnitTestExecutor.java:84)
  at org.gradle.api.internal.tasks.testing.junit.JUnitTestExecutor.accept(JUnitTestExecutor.java:47)
  at org.gradle.api.internal.tasks.testing.junit.AbstractJUnitTestDefinitionProcessor.processTestDefinition(AbstractJUnitTestDefinitionProcessor.java:65)
  at org.gradle.api.internal.tasks.testing.SuiteTestDefinitionProcessor.processTestDefinition(SuiteTestDefinitionProcessor.java:54)
  at java.base/jdk.internal.reflect.DirectMethodHandleAccessor.invoke(DirectMethodHandleAccessor.java:104)
  at java.base/java.lang.reflect.Method.invoke(Method.java:565)
  at org.gradle.internal.dispatch.MethodInvocation.invokeOn(MethodInvocation.java:77)
  at org.gradle.internal.dispatch.ReflectionDispatch.dispatch(ReflectionDispatch.java:28)
  at org.gradle.internal.dispatch.ReflectionDispatch.dispatch(ReflectionDispatch.java:19)
  at org.gradle.internal.dispatch.ContextClassLoaderDispatch.dispatch(ContextClassLoaderDispatch.java:33)
  at org.gradle.internal.dispatch.ProxyDispatchAdapter$DispatchingInvocationHandler.invoke(ProxyDispatchAdapter.java:88)
  at jdk.proxy1/jdk.proxy1.$Proxy4.processTestDefinition(Unknown Source)
  at org.gradle.api.internal.tasks.testing.worker.TestWorker$2.run(TestWorker.java:178)
  at org.gradle.api.internal.tasks.testing.worker.TestWorker.executeAndMaintainThreadName(TestWorker.java:126)
  at org.gradle.api.internal.tasks.testing.worker.TestWorker.execute(TestWorker.java:103)
  at org.gradle.api.internal.tasks.testing.worker.TestWorker.execute(TestWorker.java:63)
  at org.gradle.process.internal.worker.child.ActionExecutionWorker.execute(ActionExecutionWorker.java:56)
  at org.gradle.process.internal.worker.child.SystemApplicationClassLoaderWorker.call(SystemApplicationClassLoaderWorker.java:122)
  at org.gradle.process.internal.worker.child.SystemApplicationClassLoaderWorker.call(SystemApplicationClassLoaderWorker.java:72)
  at worker.org.gradle.process.internal.worker.GradleWorkerMain.run(GradleWorkerMain.java:69)
  at worker.org.gradle.process.internal.worker.GradleWorkerMain.main(GradleWorkerMain.java:74)
</stacktrace>
</test-failure>


TypeScriptCompilerTests_I[jvm] > inheritedModuleMembersForClodule_ts has expected errors matching inheritedModuleMembersForClodule_errors_txt[jvm] FAILED

<test-failure test="com.xemantic.typescript.compiler.TypeScriptCompilerTests_I.identicalTypesNoDifferByCheckOrder_ts has expected errors matching identicalTypesNoDifferByCheckOrder_errors_txt" platform="jvm">
<message>
Expected diagnostics from baseline typescript-repo/tests/baselines/reference/identicalTypesNoDifferByCheckOrder.errors.txt but none produced
</message>
<stacktrace>
  at com.xemantic.typescript.compiler.TypeScriptTestSupportKt.errorsMatchBaseline(TypeScriptTestSupport.kt:125)
  at com.xemantic.typescript.compiler.TypeScriptCompilerTests_I.identicalTypesNoDifferByCheckOrder_ts has expected errors matching identicalTypesNoDifferByCheckOrder_errors_txt(TypeScriptCompilerTests_I.kt:70)
  at java.base/jdk.internal.reflect.DirectMethodHandleAccessor.invoke(DirectMethodHandleAccessor.java:104)
  at java.base/java.lang.reflect.Method.invoke(Method.java:565)
  at org.junit.runners.model.FrameworkMethod$1.runReflectiveCall(FrameworkMethod.java:59)
  at org.junit.internal.runners.model.ReflectiveCallable.run(ReflectiveCallable.java:12)
  at org.junit.runners.model.FrameworkMethod.invokeExplosively(FrameworkMethod.java:56)
  at org.junit.internal.runners.statements.InvokeMethod.evaluate(InvokeMethod.java:17)
  at org.junit.runners.ParentRunner$3.evaluate(ParentRunner.java:306)
  at org.junit.runners.BlockJUnit4ClassRunner$1.evaluate(BlockJUnit4ClassRunner.java:100)
  at org.junit.runners.ParentRunner.runLeaf(ParentRunner.java:366)
  at org.junit.runners.BlockJUnit4ClassRunner.runChild(BlockJUnit4ClassRunner.java:103)
  at org.junit.runners.BlockJUnit4ClassRunner.runChild(BlockJUnit4ClassRunner.java:63)
  at org.junit.runners.ParentRunner$4.run(ParentRunner.java:331)
  at org.junit.runners.ParentRunner$1.schedule(ParentRunner.java:79)
  at org.junit.runners.ParentRunner.runChildren(ParentRunner.java:329)
  at org.junit.runners.ParentRunner.access$100(ParentRunner.java:66)
  at org.junit.runners.ParentRunner$2.evaluate(ParentRunner.java:293)
  at org.junit.runners.ParentRunner$3.evaluate(ParentRunner.java:306)
  at org.junit.runners.ParentRunner.run(ParentRunner.java:413)
  at org.junit.runner.JUnitCore.run(JUnitCore.java:137)
  at org.junit.runner.JUnitCore.run(JUnitCore.java:115)
  at org.gradle.api.internal.tasks.testing.junit.JUnitTestExecutor.runRequest(JUnitTestExecutor.java:175)
  at org.gradle.api.internal.tasks.testing.junit.JUnitTestExecutor.accept(JUnitTestExecutor.java:84)
  at org.gradle.api.internal.tasks.testing.junit.JUnitTestExecutor.accept(JUnitTestExecutor.java:47)
  at org.gradle.api.internal.tasks.testing.junit.AbstractJUnitTestDefinitionProcessor.processTestDefinition(AbstractJUnitTestDefinitionProcessor.java:65)
  at org.gradle.api.internal.tasks.testing.SuiteTestDefinitionProcessor.processTestDefinition(SuiteTestDefinitionProcessor.java:54)
  at java.base/jdk.internal.reflect.DirectMethodHandleAccessor.invoke(DirectMethodHandleAccessor.java:104)
  at java.base/java.lang.reflect.Method.invoke(Method.java:565)
  at org.gradle.internal.dispatch.MethodInvocation.invokeOn(MethodInvocation.java:77)
  at org.gradle.internal.dispatch.ReflectionDispatch.dispatch(ReflectionDispatch.java:28)
  at org.gradle.internal.dispatch.ReflectionDispatch.dispatch(ReflectionDispatch.java:19)
  at org.gradle.internal.dispatch.ContextClassLoaderDispatch.dispatch(ContextClassLoaderDispatch.java:33)
  at org.gradle.internal.dispatch.ProxyDispatchAdapter$DispatchingInvocationHandler.invoke(ProxyDispatchAdapter.java:88)
  at jdk.proxy1/jdk.proxy1.$Proxy4.processTestDefinition(Unknown Source)
  at org.gradle.api.internal.tasks.testing.worker.TestWorker$2.run(TestWorker.java:178)
  at org.gradle.api.internal.tasks.testing.worker.TestWorker.executeAndMaintainThreadName(TestWorker.java:126)
  at org.gradle.api.internal.tasks.testing.worker.TestWorker.execute(TestWorker.java:103)
  at org.gradle.api.internal.tasks.testing.worker.TestWorker.execute(TestWorker.java:63)
  at org.gradle.process.internal.worker.child.ActionExecutionWorker.execute(ActionExecutionWorker.java:56)
  at org.gradle.process.internal.worker.child.SystemApplicationClassLoaderWorker.call(SystemApplicationClassLoaderWorker.java:122)
  at org.gradle.process.internal.worker.child.SystemApplicationClassLoaderWorker.call(SystemApplicationClassLoaderWorker.java:72)
  at worker.org.gradle.process.internal.worker.GradleWorkerMain.run(GradleWorkerMain.java:69)
  at worker.org.gradle.process.internal.worker.GradleWorkerMain.main(GradleWorkerMain.java:74)
</stacktrace>
</test-failure>


TypeScriptCompilerTests_I[jvm] > identicalTypesNoDifferByCheckOrder_ts has expected errors matching identicalTypesNoDifferByCheckOrder_errors_txt[jvm] FAILED

<test-failure test="com.xemantic.typescript.compiler.TypeScriptCompilerTests_I.inlineSourceMap2_ts__target_es2015__compiles to JavaScript matching baseline" platform="jvm">
<message>
--- expected
+++ actual
@@ -12,4 +12,4 @@
 // configuration errors
 var x = 0;
 console.log(x);
-//# sourceMappingURL=data:application/json;base64,eyJ2ZXJzaW9uIjozLCJmaWxlIjoib3V0ZmlsZS5qcyIsInNvdXJjZVJvb3QiOiJmaWxlOi8vL2ZvbGRlci8iLCJzb3VyY2VzIjpbImlubGluZVNvdXJjZU1hcDIudHMiXSwibmFtZXMiOltdLCJtYXBwaW5ncyI6IjtBQUFBLHVCQUF1QjtBQUV2QixJQUFJLENBQUMsR0FBRyxDQUFDLENBQUM7QUFDVixPQUFPLENBQUMsR0FBRyxDQUFDLENBQUMsQ0FBQyxDQUFDIn0=
+//# sourceMappingURL=file:///folder/outfile.js.map

</message>
<stacktrace>
  at org.junit.Assert.fail(Assert.java:89)
  at kotlin.test.junit.JUnitAsserter.fail(JUnitSupport.kt:56)
  at kotlin.test.AssertionsKt__AssertionsKt.fail(Assertions.kt:563)
  at kotlin.test.AssertionsKt.fail(Unknown Source)
  at com.xemantic.kotlin.test.SameAsKt.sameAs(SameAs.kt:52)
  at com.xemantic.typescript.compiler.TypeScriptTestSupportKt.sameAs(TypeScriptTestSupport.kt:99)
  at com.xemantic.typescript.compiler.TypeScriptCompilerTests_I.inlineSourceMap2_ts__target_es2015__compiles to JavaScript matching baseline(TypeScriptCompilerTests_I.kt:4452)
  at java.base/jdk.internal.reflect.DirectMethodHandleAccessor.invoke(DirectMethodHandleAccessor.java:104)
  at java.base/java.lang.reflect.Method.invoke(Method.java:565)
  at org.junit.runners.model.FrameworkMethod$1.runReflectiveCall(FrameworkMethod.java:59)
  at org.junit.internal.runners.model.ReflectiveCallable.run(ReflectiveCallable.java:12)
  at org.junit.runners.model.FrameworkMethod.invokeExplosively(FrameworkMethod.java:56)
  at org.junit.internal.runners.statements.InvokeMethod.evaluate(InvokeMethod.java:17)
  at org.junit.runners.ParentRunner$3.evaluate(ParentRunner.java:306)
  at org.junit.runners.BlockJUnit4ClassRunner$1.evaluate(BlockJUnit4ClassRunner.java:100)
  at org.junit.runners.ParentRunner.runLeaf(ParentRunner.java:366)
  at org.junit.runners.BlockJUnit4ClassRunner.runChild(BlockJUnit4ClassRunner.java:103)
  at org.junit.runners.BlockJUnit4ClassRunner.runChild(BlockJUnit4ClassRunner.java:63)
  at org.junit.runners.ParentRunner$4.run(ParentRunner.java:331)
  at org.junit.runners.ParentRunner$1.schedule(ParentRunner.java:79)
  at org.junit.runners.ParentRunner.runChildren(ParentRunner.java:329)
  at org.junit.runners.ParentRunner.access$100(ParentRunner.java:66)
  at org.junit.runners.ParentRunner$2.evaluate(ParentRunner.java:293)
  at org.junit.runners.ParentRunner$3.evaluate(ParentRunner.java:306)
  at org.junit.runners.ParentRunner.run(ParentRunner.java:413)
  at org.junit.runner.JUnitCore.run(JUnitCore.java:137)
  at org.junit.runner.JUnitCore.run(JUnitCore.java:115)
  at org.gradle.api.internal.tasks.testing.junit.JUnitTestExecutor.runRequest(JUnitTestExecutor.java:175)
  at org.gradle.api.internal.tasks.testing.junit.JUnitTestExecutor.accept(JUnitTestExecutor.java:84)
  at org.gradle.api.internal.tasks.testing.junit.JUnitTestExecutor.accept(JUnitTestExecutor.java:47)
  at org.gradle.api.internal.tasks.testing.junit.AbstractJUnitTestDefinitionProcessor.processTestDefinition(AbstractJUnitTestDefinitionProcessor.java:65)
  at org.gradle.api.internal.tasks.testing.SuiteTestDefinitionProcessor.processTestDefinition(SuiteTestDefinitionProcessor.java:54)
  at java.base/jdk.internal.reflect.DirectMethodHandleAccessor.invoke(DirectMethodHandleAccessor.java:104)
  at java.base/java.lang.reflect.Method.invoke(Method.java:565)
  at org.gradle.internal.dispatch.MethodInvocation.invokeOn(MethodInvocation.java:77)
  at org.gradle.internal.dispatch.ReflectionDispatch.dispatch(ReflectionDispatch.java:28)
  at org.gradle.internal.dispatch.ReflectionDispatch.dispatch(ReflectionDispatch.java:19)
  at org.gradle.internal.dispatch.ContextClassLoaderDispatch.dispatch(ContextClassLoaderDispatch.java:33)
  at org.gradle.internal.dispatch.ProxyDispatchAdapter$DispatchingInvocationHandler.invoke(ProxyDispatchAdapter.java:88)
  at jdk.proxy1/jdk.proxy1.$Proxy4.processTestDefinition(Unknown Source)
  at org.gradle.api.internal.tasks.testing.worker.TestWorker$2.run(TestWorker.java:178)
  at org.gradle.api.internal.tasks.testing.worker.TestWorker.executeAndMaintainThreadName(TestWorker.java:126)
  at org.gradle.api.internal.tasks.testing.worker.TestWorker.execute(TestWorker.java:103)
  at org.gradle.api.internal.tasks.testing.worker.TestWorker.execute(TestWorker.java:63)
  at org.gradle.process.internal.worker.child.ActionExecutionWorker.execute(ActionExecutionWorker.java:56)
  at org.gradle.process.internal.worker.child.SystemApplicationClassLoaderWorker.call(SystemApplicationClassLoaderWorker.java:122)
  at org.gradle.process.internal.worker.child.SystemApplicationClassLoaderWorker.call(SystemApplicationClassLoaderWorker.java:72)
  at worker.org.gradle.process.internal.worker.GradleWorkerMain.run(GradleWorkerMain.java:69)
  at worker.org.gradle.process.internal.worker.GradleWorkerMain.main(GradleWorkerMain.java:74)
</stacktrace>
</test-failure>


TypeScriptCompilerTests_I[jvm] > inlineSourceMap2_ts__target_es2015__compiles to JavaScript matching baseline[jvm] FAILED

<test-failure test="com.xemantic.typescript.compiler.TypeScriptCompilerTests_I.importNonExportedMember5_ts has expected errors matching importNonExportedMember5_errors_txt" platform="jvm">
<message>
Expected diagnostics from baseline typescript-repo/tests/baselines/reference/importNonExportedMember5.errors.txt but none produced
</message>
<stacktrace>
  at com.xemantic.typescript.compiler.TypeScriptTestSupportKt.errorsMatchBaseline(TypeScriptTestSupport.kt:125)
  at com.xemantic.typescript.compiler.TypeScriptCompilerTests_I.importNonExportedMember5_ts has expected errors matching importNonExportedMember5_errors_txt(TypeScriptCompilerTests_I.kt:1897)
  at java.base/jdk.internal.reflect.DirectMethodHandleAccessor.invoke(DirectMethodHandleAccessor.java:104)
  at java.base/java.lang.reflect.Method.invoke(Method.java:565)
  at org.junit.runners.model.FrameworkMethod$1.runReflectiveCall(FrameworkMethod.java:59)
  at org.junit.internal.runners.model.ReflectiveCallable.run(ReflectiveCallable.java:12)
  at org.junit.runners.model.FrameworkMethod.invokeExplosively(FrameworkMethod.java:56)
  at org.junit.internal.runners.statements.InvokeMethod.evaluate(InvokeMethod.java:17)
  at org.junit.runners.ParentRunner$3.evaluate(ParentRunner.java:306)
  at org.junit.runners.BlockJUnit4ClassRunner$1.evaluate(BlockJUnit4ClassRunner.java:100)
  at org.junit.runners.ParentRunner.runLeaf(ParentRunner.java:366)
  at org.junit.runners.BlockJUnit4ClassRunner.runChild(BlockJUnit4ClassRunner.java:103)
  at org.junit.runners.BlockJUnit4ClassRunner.runChild(BlockJUnit4ClassRunner.java:63)
  at org.junit.runners.ParentRunner$4.run(ParentRunner.java:331)
  at org.junit.runners.ParentRunner$1.schedule(ParentRunner.java:79)
  at org.junit.runners.ParentRunner.runChildren(ParentRunner.java:329)
  at org.junit.runners.ParentRunner.access$100(ParentRunner.java:66)
  at org.junit.runners.ParentRunner$2.evaluate(ParentRunner.java:293)
  at org.junit.runners.ParentRunner$3.evaluate(ParentRunner.java:306)
  at org.junit.runners.ParentRunner.run(ParentRunner.java:413)
  at org.junit.runner.JUnitCore.run(JUnitCore.java:137)
  at org.junit.runner.JUnitCore.run(JUnitCore.java:115)
  at org.gradle.api.internal.tasks.testing.junit.JUnitTestExecutor.runRequest(JUnitTestExecutor.java:175)
  at org.gradle.api.internal.tasks.testing.junit.JUnitTestExecutor.accept(JUnitTestExecutor.java:84)
  at org.gradle.api.internal.tasks.testing.junit.JUnitTestExecutor.accept(JUnitTestExecutor.java:47)
  at org.gradle.api.internal.tasks.testing.junit.AbstractJUnitTestDefinitionProcessor.processTestDefinition(AbstractJUnitTestDefinitionProcessor.java:65)
  at org.gradle.api.internal.tasks.testing.SuiteTestDefinitionProcessor.processTestDefinition(SuiteTestDefinitionProcessor.java:54)
  at java.base/jdk.internal.reflect.DirectMethodHandleAccessor.invoke(DirectMethodHandleAccessor.java:104)
  at java.base/java.lang.reflect.Method.invoke(Method.java:565)
  at org.gradle.internal.dispatch.MethodInvocation.invokeOn(MethodInvocation.java:77)
  at org.gradle.internal.dispatch.ReflectionDispatch.dispatch(ReflectionDispatch.java:28)
  at org.gradle.internal.dispatch.ReflectionDispatch.dispatch(ReflectionDispatch.java:19)
  at org.gradle.internal.dispatch.ContextClassLoaderDispatch.dispatch(ContextClassLoaderDispatch.java:33)
  at org.gradle.internal.dispatch.ProxyDispatchAdapter$DispatchingInvocationHandler.invoke(ProxyDispatchAdapter.java:88)
  at jdk.proxy1/jdk.proxy1.$Proxy4.processTestDefinition(Unknown Source)
  at org.gradle.api.internal.tasks.testing.worker.TestWorker$2.run(TestWorker.java:178)
  at org.gradle.api.internal.tasks.testing.worker.TestWorker.executeAndMaintainThreadName(TestWorker.java:126)
  at org.gradle.api.internal.tasks.testing.worker.TestWorker.execute(TestWorker.java:103)
  at org.gradle.api.internal.tasks.testing.worker.TestWorker.execute(TestWorker.java:63)
  at org.gradle.process.internal.worker.child.ActionExecutionWorker.execute(ActionExecutionWorker.java:56)
  at org.gradle.process.internal.worker.child.SystemApplicationClassLoaderWorker.call(SystemApplicationClassLoaderWorker.java:122)
  at org.gradle.process.internal.worker.child.SystemApplicationClassLoaderWorker.call(SystemApplicationClassLoaderWorker.java:72)
  at worker.org.gradle.process.internal.worker.GradleWorkerMain.run(GradleWorkerMain.java:69)
  at worker.org.gradle.process.internal.worker.GradleWorkerMain.main(GradleWorkerMain.java:74)
</stacktrace>
</test-failure>


TypeScriptCompilerTests_I[jvm] > importNonExportedMember5_ts has expected errors matching importNonExportedMember5_errors_txt[jvm] FAILED

<test-failure test="com.xemantic.typescript.compiler.TypeScriptCompilerTests_I.innerModExport1_ts has expected errors matching innerModExport1_errors_txt" platform="jvm">
<message>
Expected diagnostics from baseline typescript-repo/tests/baselines/reference/innerModExport1.errors.txt but none produced
</message>
<stacktrace>
  at com.xemantic.typescript.compiler.TypeScriptTestSupportKt.errorsMatchBaseline(TypeScriptTestSupport.kt:125)
  at com.xemantic.typescript.compiler.TypeScriptCompilerTests_I.innerModExport1_ts has expected errors matching innerModExport1_errors_txt(TypeScriptCompilerTests_I.kt:4585)
  at java.base/jdk.internal.reflect.DirectMethodHandleAccessor.invoke(DirectMethodHandleAccessor.java:104)
  at java.base/java.lang.reflect.Method.invoke(Method.java:565)
  at org.junit.runners.model.FrameworkMethod$1.runReflectiveCall(FrameworkMethod.java:59)
  at org.junit.internal.runners.model.ReflectiveCallable.run(ReflectiveCallable.java:12)
  at org.junit.runners.model.FrameworkMethod.invokeExplosively(FrameworkMethod.java:56)
  at org.junit.internal.runners.statements.InvokeMethod.evaluate(InvokeMethod.java:17)
  at org.junit.runners.ParentRunner$3.evaluate(ParentRunner.java:306)
  at org.junit.runners.BlockJUnit4ClassRunner$1.evaluate(BlockJUnit4ClassRunner.java:100)
  at org.junit.runners.ParentRunner.runLeaf(ParentRunner.java:366)
  at org.junit.runners.BlockJUnit4ClassRunner.runChild(BlockJUnit4ClassRunner.java:103)
  at org.junit.runners.BlockJUnit4ClassRunner.runChild(BlockJUnit4ClassRunner.java:63)
  at org.junit.runners.ParentRunner$4.run(ParentRunner.java:331)
  at org.junit.runners.ParentRunner$1.schedule(ParentRunner.java:79)
  at org.junit.runners.ParentRunner.runChildren(ParentRunner.java:329)
  at org.junit.runners.ParentRunner.access$100(ParentRunner.java:66)
  at org.junit.runners.ParentRunner$2.evaluate(ParentRunner.java:293)
  at org.junit.runners.ParentRunner$3.evaluate(ParentRunner.java:306)
  at org.junit.runners.ParentRunner.run(ParentRunner.java:413)
  at org.junit.runner.JUnitCore.run(JUnitCore.java:137)
  at org.junit.runner.JUnitCore.run(JUnitCore.java:115)
  at org.gradle.api.internal.tasks.testing.junit.JUnitTestExecutor.runRequest(JUnitTestExecutor.java:175)
  at org.gradle.api.internal.tasks.testing.junit.JUnitTestExecutor.accept(JUnitTestExecutor.java:84)
  at org.gradle.api.internal.tasks.testing.junit.JUnitTestExecutor.accept(JUnitTestExecutor.java:47)
  at org.gradle.api.internal.tasks.testing.junit.AbstractJUnitTestDefinitionProcessor.processTestDefinition(AbstractJUnitTestDefinitionProcessor.java:65)
  at org.gradle.api.internal.tasks.testing.SuiteTestDefinitionProcessor.processTestDefinition(SuiteTestDefinitionProcessor.java:54)
  at java.base/jdk.internal.reflect.DirectMethodHandleAccessor.invoke(DirectMethodHandleAccessor.java:104)
  at java.base/java.lang.reflect.Method.invoke(Method.java:565)
  at org.gradle.internal.dispatch.MethodInvocation.invokeOn(MethodInvocation.java:77)
  at org.gradle.internal.dispatch.ReflectionDispatch.dispatch(ReflectionDispatch.java:28)
  at org.gradle.internal.dispatch.ReflectionDispatch.dispatch(ReflectionDispatch.java:19)
  at org.gradle.internal.dispatch.ContextClassLoaderDispatch.dispatch(ContextClassLoaderDispatch.java:33)
  at org.gradle.internal.dispatch.ProxyDispatchAdapter$DispatchingInvocationHandler.invoke(ProxyDispatchAdapter.java:88)
  at jdk.proxy1/jdk.proxy1.$Proxy4.processTestDefinition(Unknown Source)
  at org.gradle.api.internal.tasks.testing.worker.TestWorker$2.run(TestWorker.java:178)
  at org.gradle.api.internal.tasks.testing.worker.TestWorker.executeAndMaintainThreadName(TestWorker.java:126)
  at org.gradle.api.internal.tasks.testing.worker.TestWorker.execute(TestWorker.java:103)
  at org.gradle.api.internal.tasks.testing.worker.TestWorker.execute(TestWorker.java:63)
  at org.gradle.process.internal.worker.child.ActionExecutionWorker.execute(ActionExecutionWorker.java:56)
  at org.gradle.process.internal.worker.child.SystemApplicationClassLoaderWorker.call(SystemApplicationClassLoaderWorker.java:122)
  at org.gradle.process.internal.worker.child.SystemApplicationClassLoaderWorker.call(SystemApplicationClassLoaderWorker.java:72)
  at worker.org.gradle.process.internal.worker.GradleWorkerMain.run(GradleWorkerMain.java:69)
  at worker.org.gradle.process.internal.worker.GradleWorkerMain.main(GradleWorkerMain.java:74)
</stacktrace>
</test-failure>


TypeScriptCompilerTests_I[jvm] > innerModExport1_ts has expected errors matching innerModExport1_errors_txt[jvm] FAILED

<test-failure test="com.xemantic.typescript.compiler.TypeScriptCompilerTests_I.indirectSelfReference_ts has expected errors matching indirectSelfReference_errors_txt" platform="jvm">
<message>
--- expected
+++ actual
@@ -1,15 +1,9 @@
-indirectSelfReference.ts(1,7): error TS2506: 'a' is referenced directly or indirectly in its own base expression.
 indirectSelfReference.ts(1,17): error TS2449: Class 'b' used before its declaration.
-indirectSelfReference.ts(2,7): error TS2506: 'b' is referenced directly or indirectly in its own base expression.
 
 
-==== indirectSelfReference.ts (3 errors) ====
+==== indirectSelfReference.ts (1 errors) ====
     class a extends b{ }
-          ~
-!!! error TS2506: 'a' is referenced directly or indirectly in its own base expression.
                     ~
 !!! error TS2449: Class 'b' used before its declaration.
 !!! related TS2728 indirectSelfReference.ts:2:7: 'b' is declared here.
     class b extends a{ }
-          ~
-!!! error TS2506: 'b' is referenced directly or indirectly in its own base expression.

</message>
<stacktrace>
  at org.junit.Assert.fail(Assert.java:89)
  at kotlin.test.junit.JUnitAsserter.fail(JUnitSupport.kt:56)
  at kotlin.test.AssertionsKt__AssertionsKt.fail(Assertions.kt:563)
  at kotlin.test.AssertionsKt.fail(Unknown Source)
  at com.xemantic.kotlin.test.SameAsKt.sameAs(SameAs.kt:52)
  at com.xemantic.typescript.compiler.TypeScriptTestSupportKt.errorsMatchBaseline(TypeScriptTestSupport.kt:135)
  at com.xemantic.typescript.compiler.TypeScriptCompilerTests_I.indirectSelfReference_ts has expected errors matching indirectSelfReference_errors_txt(TypeScriptCompilerTests_I.kt:3150)
  at java.base/jdk.internal.reflect.DirectMethodHandleAccessor.invoke(DirectMethodHandleAccessor.java:104)
  at java.base/java.lang.reflect.Method.invoke(Method.java:565)
  at org.junit.runners.model.FrameworkMethod$1.runReflectiveCall(FrameworkMethod.java:59)
  at org.junit.internal.runners.model.ReflectiveCallable.run(ReflectiveCallable.java:12)
  at org.junit.runners.model.FrameworkMethod.invokeExplosively(FrameworkMethod.java:56)
  at org.junit.internal.runners.statements.InvokeMethod.evaluate(InvokeMethod.java:17)
  at org.junit.runners.ParentRunner$3.evaluate(ParentRunner.java:306)
  at org.junit.runners.BlockJUnit4ClassRunner$1.evaluate(BlockJUnit4ClassRunner.java:100)
  at org.junit.runners.ParentRunner.runLeaf(ParentRunner.java:366)
  at org.junit.runners.BlockJUnit4ClassRunner.runChild(BlockJUnit4ClassRunner.java:103)
  at org.junit.runners.BlockJUnit4ClassRunner.runChild(BlockJUnit4ClassRunner.java:63)
  at org.junit.runners.ParentRunner$4.run(ParentRunner.java:331)
  at org.junit.runners.ParentRunner$1.schedule(ParentRunner.java:79)
  at org.junit.runners.ParentRunner.runChildren(ParentRunner.java:329)
  at org.junit.runners.ParentRunner.access$100(ParentRunner.java:66)
  at org.junit.runners.ParentRunner$2.evaluate(ParentRunner.java:293)
  at org.junit.runners.ParentRunner$3.evaluate(ParentRunner.java:306)
  at org.junit.runners.ParentRunner.run(ParentRunner.java:413)
  at org.junit.runner.JUnitCore.run(JUnitCore.java:137)
  at org.junit.runner.JUnitCore.run(JUnitCore.java:115)
  at org.gradle.api.internal.tasks.testing.junit.JUnitTestExecutor.runRequest(JUnitTestExecutor.java:175)
  at org.gradle.api.internal.tasks.testing.junit.JUnitTestExecutor.accept(JUnitTestExecutor.java:84)
  at org.gradle.api.internal.tasks.testing.junit.JUnitTestExecutor.accept(JUnitTestExecutor.java:47)
  at org.gradle.api.internal.tasks.testing.junit.AbstractJUnitTestDefinitionProcessor.processTestDefinition(AbstractJUnitTestDefinitionProcessor.java:65)
  at org.gradle.api.internal.tasks.testing.SuiteTestDefinitionProcessor.processTestDefinition(SuiteTestDefinitionProcessor.java:54)
  at java.base/jdk.internal.reflect.DirectMethodHandleAccessor.invoke(DirectMethodHandleAccessor.java:104)
  at java.base/java.lang.reflect.Method.invoke(Method.java:565)
  at org.gradle.internal.dispatch.MethodInvocation.invokeOn(MethodInvocation.java:77)
  at org.gradle.internal.dispatch.ReflectionDispatch.dispatch(ReflectionDispatch.java:28)
  at org.gradle.internal.dispatch.ReflectionDispatch.dispatch(ReflectionDispatch.java:19)
  at org.gradle.internal.dispatch.ContextClassLoaderDispatch.dispatch(ContextClassLoaderDispatch.java:33)
  at org.gradle.internal.dispatch.ProxyDispatchAdapter$DispatchingInvocationHandler.invoke(ProxyDispatchAdapter.java:88)
  at jdk.proxy1/jdk.proxy1.$Proxy4.processTestDefinition(Unknown Source)
  at org.gradle.api.internal.tasks.testing.worker.TestWorker$2.run(TestWorker.java:178)
  at org.gradle.api.internal.tasks.testing.worker.TestWorker.executeAndMaintainThreadName(TestWorker.java:126)
  at org.gradle.api.internal.tasks.testing.worker.TestWorker.execute(TestWorker.java:103)
  at org.gradle.api.internal.tasks.testing.worker.TestWorker.execute(TestWorker.java:63)
  at org.gradle.process.internal.worker.child.ActionExecutionWorker.execute(ActionExecutionWorker.java:56)
  at org.gradle.process.internal.worker.child.SystemApplicationClassLoaderWorker.call(SystemApplicationClassLoaderWorker.java:122)
  at org.gradle.process.internal.worker.child.SystemApplicationClassLoaderWorker.call(SystemApplicationClassLoaderWorker.java:72)
  at worker.org.gradle.process.internal.worker.GradleWorkerMain.run(GradleWorkerMain.java:69)
  at worker.org.gradle.process.internal.worker.GradleWorkerMain.main(GradleWorkerMain.java:74)
</stacktrace>
</test-failure>


TypeScriptCompilerTests_I[jvm] > indirectSelfReference_ts has expected errors matching indirectSelfReference_errors_txt[jvm] FAILED

<test-failure test="com.xemantic.typescript.compiler.TypeScriptCompilerTests_I.indexSignatureWithAccessibilityModifier_ts has expected errors matching indexSignatureWithAccessibilityModifier_errors_txt" platform="jvm">
<message>
--- expected
+++ actual
@@ -1,22 +1,22 @@
-indexSignatureWithAccessibilityModifier.ts(2,6): error TS2369: A parameter property is only allowed in a constructor implementation.
-indexSignatureWithAccessibilityModifier.ts(2,13): error TS1018: An index signature parameter cannot have an accessibility modifier.
-indexSignatureWithAccessibilityModifier.ts(6,6): error TS2369: A parameter property is only allowed in a constructor implementation.
-indexSignatureWithAccessibilityModifier.ts(6,13): error TS1018: An index signature parameter cannot have an accessibility modifier.
+indexSignatureWithAccessibilityModifier.ts(2,13): error TS1005: ']' expected.
+indexSignatureWithAccessibilityModifier.ts(6,13): error TS1005: ']' expected.
+indexSignatureWithAccessibilityModifier.ts(6,13): error TS2564: Property 'x' has no initializer and is not definitely assigned in the constructor.
+indexSignatureWithAccessibilityModifier.ts(6,22): error TS2564: Property ']' has no initializer and is not definitely assigned in the constructor.
 
 
 ==== indexSignatureWithAccessibilityModifier.ts (4 errors) ====
     interface I {
         [public x: string]: string;
-         ~~~~~~~~~~~~~~~~
-!!! error TS2369: A parameter property is only allowed in a constructor implementation.
                 ~
-!!! error TS1018: An index signature parameter cannot have an accessibility modifier.
+!!! error TS1005: ']' expected.
     }
     
     class C {
         [public x: string]: string
-         ~~~~~~~~~~~~~~~~
-!!! error TS2369: A parameter property is only allowed in a constructor implementation.
                 ~
-!!! error TS1018: An index signature parameter cannot have an accessibility modifier.
+!!! error TS1005: ']' expected.
+                ~
+!!! error TS2564: Property 'x' has no initializer and is not definitely assigned in the constructor.
+                         ~
+!!! error TS2564: Property ']' has no initializer and is not definitely assigned in the constructor.
     }

</message>
<stacktrace>
  at org.junit.Assert.fail(Assert.java:89)
  at kotlin.test.junit.JUnitAsserter.fail(JUnitSupport.kt:56)
  at kotlin.test.AssertionsKt__AssertionsKt.fail(Assertions.kt:563)
  at kotlin.test.AssertionsKt.fail(Unknown Source)
  at com.xemantic.kotlin.test.SameAsKt.sameAs(SameAs.kt:52)
  at com.xemantic.typescript.compiler.TypeScriptTestSupportKt.errorsMatchBaseline(TypeScriptTestSupport.kt:135)
  at com.xemantic.typescript.compiler.TypeScriptCompilerTests_I.indexSignatureWithAccessibilityModifier_ts has expected errors matching indexSignatureWithAccessibilityModifier_errors_txt(TypeScriptCompilerTests_I.kt:2702)
  at java.base/jdk.internal.reflect.DirectMethodHandleAccessor.invoke(DirectMethodHandleAccessor.java:104)
  at java.base/java.lang.reflect.Method.invoke(Method.java:565)
  at org.junit.runners.model.FrameworkMethod$1.runReflectiveCall(FrameworkMethod.java:59)
  at org.junit.internal.runners.model.ReflectiveCallable.run(ReflectiveCallable.java:12)
  at org.junit.runners.model.FrameworkMethod.invokeExplosively(FrameworkMethod.java:56)
  at org.junit.internal.runners.statements.InvokeMethod.evaluate(InvokeMethod.java:17)
  at org.junit.runners.ParentRunner$3.evaluate(ParentRunner.java:306)
  at org.junit.runners.BlockJUnit4ClassRunner$1.evaluate(BlockJUnit4ClassRunner.java:100)
  at org.junit.runners.ParentRunner.runLeaf(ParentRunner.java:366)
  at org.junit.runners.BlockJUnit4ClassRunner.runChild(BlockJUnit4ClassRunner.java:103)
  at org.junit.runners.BlockJUnit4ClassRunner.runChild(BlockJUnit4ClassRunner.java:63)
  at org.junit.runners.ParentRunner$4.run(ParentRunner.java:331)
  at org.junit.runners.ParentRunner$1.schedule(ParentRunner.java:79)
  at org.junit.runners.ParentRunner.runChildren(ParentRunner.java:329)
  at org.junit.runners.ParentRunner.access$100(ParentRunner.java:66)
  at org.junit.runners.ParentRunner$2.evaluate(ParentRunner.java:293)
  at org.junit.runners.ParentRunner$3.evaluate(ParentRunner.java:306)
  at org.junit.runners.ParentRunner.run(ParentRunner.java:413)
  at org.junit.runner.JUnitCore.run(JUnitCore.java:137)
  at org.junit.runner.JUnitCore.run(JUnitCore.java:115)
  at org.gradle.api.internal.tasks.testing.junit.JUnitTestExecutor.runRequest(JUnitTestExecutor.java:175)
  at org.gradle.api.internal.tasks.testing.junit.JUnitTestExecutor.accept(JUnitTestExecutor.java:84)
  at org.gradle.api.internal.tasks.testing.junit.JUnitTestExecutor.accept(JUnitTestExecutor.java:47)
  at org.gradle.api.internal.tasks.testing.junit.AbstractJUnitTestDefinitionProcessor.processTestDefinition(AbstractJUnitTestDefinitionProcessor.java:65)
  at org.gradle.api.internal.tasks.testing.SuiteTestDefinitionProcessor.processTestDefinition(SuiteTestDefinitionProcessor.java:54)
  at java.base/jdk.internal.reflect.DirectMethodHandleAccessor.invoke(DirectMethodHandleAccessor.java:104)
  at java.base/java.lang.reflect.Method.invoke(Method.java:565)
  at org.gradle.internal.dispatch.MethodInvocation.invokeOn(MethodInvocation.java:77)
  at org.gradle.internal.dispatch.ReflectionDispatch.dispatch(ReflectionDispatch.java:28)
  at org.gradle.internal.dispatch.ReflectionDispatch.dispatch(ReflectionDispatch.java:19)
  at org.gradle.internal.dispatch.ContextClassLoaderDispatch.dispatch(ContextClassLoaderDispatch.java:33)
  at org.gradle.internal.dispatch.ProxyDispatchAdapter$DispatchingInvocationHandler.invoke(ProxyDispatchAdapter.java:88)
  at jdk.proxy1/jdk.proxy1.$Proxy4.processTestDefinition(Unknown Source)
  at org.gradle.api.internal.tasks.testing.worker.TestWorker$2.run(TestWorker.java:178)
  at org.gradle.api.internal.tasks.testing.worker.TestWorker.executeAndMaintainThreadName(TestWorker.java:126)
  at org.gradle.api.internal.tasks.testing.worker.TestWorker.execute(TestWorker.java:103)
  at org.gradle.api.internal.tasks.testing.worker.TestWorker.execute(TestWorker.java:63)
  at org.gradle.process.internal.worker.child.ActionExecutionWorker.execute(ActionExecutionWorker.java:56)
  at org.gradle.process.internal.worker.child.SystemApplicationClassLoaderWorker.call(SystemApplicationClassLoaderWorker.java:122)
  at org.gradle.process.internal.worker.child.SystemApplicationClassLoaderWorker.call(SystemApplicationClassLoaderWorker.java:72)
  at worker.org.gradle.process.internal.worker.GradleWorkerMain.run(GradleWorkerMain.java:69)
  at worker.org.gradle.process.internal.worker.GradleWorkerMain.main(GradleWorkerMain.java:74)
</stacktrace>
</test-failure>


TypeScriptCompilerTests_I[jvm] > indexSignatureWithAccessibilityModifier_ts has expected errors matching indexSignatureWithAccessibilityModifier_errors_txt[jvm] FAILED

<test-failure test="com.xemantic.typescript.compiler.TypeScriptCompilerTests_I.importNonExportedMember10_ts has expected errors matching importNonExportedMember10_errors_txt" platform="jvm">
<message>
--- expected
+++ actual
@@ -1,7 +1,5 @@
 error TS5107: Option 'esModuleInterop=false' is deprecated and will stop functioning in TypeScript 7.0. Specify compilerOption '"ignoreDeprecations": "6.0"' to silence this error.
 a.ts(2,1): error TS1203: Export assignment cannot be used when targeting ECMAScript modules. Consider using 'export default' or another module format instead.
-b.js(1,10): error TS2596: 'Foo' can only be imported by turning on the 'esModuleInterop' flag and using a default import.
-b.js(1,21): error TS2497: This module can only be referenced with ECMAScript imports/exports by turning on the 'allowSyntheticDefaultImports' flag and referencing its default export.
 
 
 !!! error TS5107: Option 'esModuleInterop=false' is deprecated and will stop functioning in TypeScript 7.0. Specify compilerOption '"ignoreDeprecations": "6.0"' to silence this error.
@@ -11,9 +9,5 @@
     ~~~~~~~~~~~~~
 !!! error TS1203: Export assignment cannot be used when targeting ECMAScript modules. Consider using 'export default' or another module format instead.
     
-==== b.js (2 errors) ====
+==== b.js (0 errors) ====
     import { Foo } from './a';
-             ~~~
-!!! error TS2596: 'Foo' can only be imported by turning on the 'esModuleInterop' flag and using a default import.
-                        ~~~~~
-!!! error TS2497: This module can only be referenced with ECMAScript imports/exports by turning on the 'allowSyntheticDefaultImports' flag and referencing its default export.

</message>
<stacktrace>
  at org.junit.Assert.fail(Assert.java:89)
  at kotlin.test.junit.JUnitAsserter.fail(JUnitSupport.kt:56)
  at kotlin.test.AssertionsKt__AssertionsKt.fail(Assertions.kt:563)
  at kotlin.test.AssertionsKt.fail(Unknown Source)
  at com.xemantic.kotlin.test.SameAsKt.sameAs(SameAs.kt:52)
  at com.xemantic.typescript.compiler.TypeScriptTestSupportKt.errorsMatchBaseline(TypeScriptTestSupport.kt:135)
  at com.xemantic.typescript.compiler.TypeScriptCompilerTests_I.importNonExportedMember10_ts has expected errors matching importNonExportedMember10_errors_txt(TypeScriptCompilerTests_I.kt:1834)
  at java.base/jdk.internal.reflect.DirectMethodHandleAccessor.invoke(DirectMethodHandleAccessor.java:104)
  at java.base/java.lang.reflect.Method.invoke(Method.java:565)
  at org.junit.runners.model.FrameworkMethod$1.runReflectiveCall(FrameworkMethod.java:59)
  at org.junit.internal.runners.model.ReflectiveCallable.run(ReflectiveCallable.java:12)
  at org.junit.runners.model.FrameworkMethod.invokeExplosively(FrameworkMethod.java:56)
  at org.junit.internal.runners.statements.InvokeMethod.evaluate(InvokeMethod.java:17)
  at org.junit.runners.ParentRunner$3.evaluate(ParentRunner.java:306)
  at org.junit.runners.BlockJUnit4ClassRunner$1.evaluate(BlockJUnit4ClassRunner.java:100)
  at org.junit.runners.ParentRunner.runLeaf(ParentRunner.java:366)
  at org.junit.runners.BlockJUnit4ClassRunner.runChild(BlockJUnit4ClassRunner.java:103)
  at org.junit.runners.BlockJUnit4ClassRunner.runChild(BlockJUnit4ClassRunner.java:63)
  at org.junit.runners.ParentRunner$4.run(ParentRunner.java:331)
  at org.junit.runners.ParentRunner$1.schedule(ParentRunner.java:79)
  at org.junit.runners.ParentRunner.runChildren(ParentRunner.java:329)
  at org.junit.runners.ParentRunner.access$100(ParentRunner.java:66)
  at org.junit.runners.ParentRunner$2.evaluate(ParentRunner.java:293)
  at org.junit.runners.ParentRunner$3.evaluate(ParentRunner.java:306)
  at org.junit.runners.ParentRunner.run(ParentRunner.java:413)
  at org.junit.runner.JUnitCore.run(JUnitCore.java:137)
  at org.junit.runner.JUnitCore.run(JUnitCore.java:115)
  at org.gradle.api.internal.tasks.testing.junit.JUnitTestExecutor.runRequest(JUnitTestExecutor.java:175)
  at org.gradle.api.internal.tasks.testing.junit.JUnitTestExecutor.accept(JUnitTestExecutor.java:84)
  at org.gradle.api.internal.tasks.testing.junit.JUnitTestExecutor.accept(JUnitTestExecutor.java:47)
  at org.gradle.api.internal.tasks.testing.junit.AbstractJUnitTestDefinitionProcessor.processTestDefinition(AbstractJUnitTestDefinitionProcessor.java:65)
  at org.gradle.api.internal.tasks.testing.SuiteTestDefinitionProcessor.processTestDefinition(SuiteTestDefinitionProcessor.java:54)
  at java.base/jdk.internal.reflect.DirectMethodHandleAccessor.invoke(DirectMethodHandleAccessor.java:104)
  at java.base/java.lang.reflect.Method.invoke(Method.java:565)
  at org.gradle.internal.dispatch.MethodInvocation.invokeOn(MethodInvocation.java:77)
  at org.gradle.internal.dispatch.ReflectionDispatch.dispatch(ReflectionDispatch.java:28)
  at org.gradle.internal.dispatch.ReflectionDispatch.dispatch(ReflectionDispatch.java:19)
  at org.gradle.internal.dispatch.ContextClassLoaderDispatch.dispatch(ContextClassLoaderDispatch.java:33)
  at org.gradle.internal.dispatch.ProxyDispatchAdapter$DispatchingInvocationHandler.invoke(ProxyDispatchAdapter.java:88)
  at jdk.proxy1/jdk.proxy1.$Proxy4.processTestDefinition(Unknown Source)
  at org.gradle.api.internal.tasks.testing.worker.TestWorker$2.run(TestWorker.java:178)
  at org.gradle.api.internal.tasks.testing.worker.TestWorker.executeAndMaintainThreadName(TestWorker.java:126)
  at org.gradle.api.internal.tasks.testing.worker.TestWorker.execute(TestWorker.java:103)
  at org.gradle.api.internal.tasks.testing.worker.TestWorker.execute(TestWorker.java:63)
  at org.gradle.process.internal.worker.child.ActionExecutionWorker.execute(ActionExecutionWorker.java:56)
  at org.gradle.process.internal.worker.child.SystemApplicationClassLoaderWorker.call(SystemApplicationClassLoaderWorker.java:122)
  at org.gradle.process.internal.worker.child.SystemApplicationClassLoaderWorker.call(SystemApplicationClassLoaderWorker.java:72)
  at worker.org.gradle.process.internal.worker.GradleWorkerMain.run(GradleWorkerMain.java:69)
  at worker.org.gradle.process.internal.worker.GradleWorkerMain.main(GradleWorkerMain.java:74)
</stacktrace>
</test-failure>


TypeScriptCompilerTests_I[jvm] > importNonExportedMember10_ts has expected errors matching importNonExportedMember10_errors_txt[jvm] FAILED

<test-failure test="com.xemantic.typescript.compiler.TypeScriptCompilerTests_I.implicitAnyNewExprLackConstructorSignature_ts has expected errors matching implicitAnyNewExprLackConstructorSignature_errors_txt" platform="jvm">
<message>
Expected diagnostics from baseline typescript-repo/tests/baselines/reference/implicitAnyNewExprLackConstructorSignature.errors.txt but none produced
</message>
<stacktrace>
  at com.xemantic.typescript.compiler.TypeScriptTestSupportKt.errorsMatchBaseline(TypeScriptTestSupport.kt:125)
  at com.xemantic.typescript.compiler.TypeScriptCompilerTests_I.implicitAnyNewExprLackConstructorSignature_ts has expected errors matching implicitAnyNewExprLackConstructorSignature_errors_txt(TypeScriptCompilerTests_I.kt:539)
  at java.base/jdk.internal.reflect.DirectMethodHandleAccessor.invoke(DirectMethodHandleAccessor.java:104)
  at java.base/java.lang.reflect.Method.invoke(Method.java:565)
  at org.junit.runners.model.FrameworkMethod$1.runReflectiveCall(FrameworkMethod.java:59)
  at org.junit.internal.runners.model.ReflectiveCallable.run(ReflectiveCallable.java:12)
  at org.junit.runners.model.FrameworkMethod.invokeExplosively(FrameworkMethod.java:56)
  at org.junit.internal.runners.statements.InvokeMethod.evaluate(InvokeMethod.java:17)
  at org.junit.runners.ParentRunner$3.evaluate(ParentRunner.java:306)
  at org.junit.runners.BlockJUnit4ClassRunner$1.evaluate(BlockJUnit4ClassRunner.java:100)
  at org.junit.runners.ParentRunner.runLeaf(ParentRunner.java:366)
  at org.junit.runners.BlockJUnit4ClassRunner.runChild(BlockJUnit4ClassRunner.java:103)
  at org.junit.runners.BlockJUnit4ClassRunner.runChild(BlockJUnit4ClassRunner.java:63)
  at org.junit.runners.ParentRunner$4.run(ParentRunner.java:331)
  at org.junit.runners.ParentRunner$1.schedule(ParentRunner.java:79)
  at org.junit.runners.ParentRunner.runChildren(ParentRunner.java:329)
  at org.junit.runners.ParentRunner.access$100(ParentRunner.java:66)
  at org.junit.runners.ParentRunner$2.evaluate(ParentRunner.java:293)
  at org.junit.runners.ParentRunner$3.evaluate(ParentRunner.java:306)
  at org.junit.runners.ParentRunner.run(ParentRunner.java:413)
  at org.junit.runner.JUnitCore.run(JUnitCore.java:137)
  at org.junit.runner.JUnitCore.run(JUnitCore.java:115)
  at org.gradle.api.internal.tasks.testing.junit.JUnitTestExecutor.runRequest(JUnitTestExecutor.java:175)
  at org.gradle.api.internal.tasks.testing.junit.JUnitTestExecutor.accept(JUnitTestExecutor.java:84)
  at org.gradle.api.internal.tasks.testing.junit.JUnitTestExecutor.accept(JUnitTestExecutor.java:47)
  at org.gradle.api.internal.tasks.testing.junit.AbstractJUnitTestDefinitionProcessor.processTestDefinition(AbstractJUnitTestDefinitionProcessor.java:65)
  at org.gradle.api.internal.tasks.testing.SuiteTestDefinitionProcessor.processTestDefinition(SuiteTestDefinitionProcessor.java:54)
  at java.base/jdk.internal.reflect.DirectMethodHandleAccessor.invoke(DirectMethodHandleAccessor.java:104)
  at java.base/java.lang.reflect.Method.invoke(Method.java:565)
  at org.gradle.internal.dispatch.MethodInvocation.invokeOn(MethodInvocation.java:77)
  at org.gradle.internal.dispatch.ReflectionDispatch.dispatch(ReflectionDispatch.java:28)
  at org.gradle.internal.dispatch.ReflectionDispatch.dispatch(ReflectionDispatch.java:19)
  at org.gradle.internal.dispatch.ContextClassLoaderDispatch.dispatch(ContextClassLoaderDispatch.java:33)
  at org.gradle.internal.dispatch.ProxyDispatchAdapter$DispatchingInvocationHandler.invoke(ProxyDispatchAdapter.java:88)
  at jdk.proxy1/jdk.proxy1.$Proxy4.processTestDefinition(Unknown Source)
  at org.gradle.api.internal.tasks.testing.worker.TestWorker$2.run(TestWorker.java:178)
  at org.gradle.api.internal.tasks.testing.worker.TestWorker.executeAndMaintainThreadName(TestWorker.java:126)
  at org.gradle.api.internal.tasks.testing.worker.TestWorker.execute(TestWorker.java:103)
  at org.gradle.api.internal.tasks.testing.worker.TestWorker.execute(TestWorker.java:63)
  at org.gradle.process.internal.worker.child.ActionExecutionWorker.execute(ActionExecutionWorker.java:56)
  at org.gradle.process.internal.worker.child.SystemApplicationClassLoaderWorker.call(SystemApplicationClassLoaderWorker.java:122)
  at org.gradle.process.internal.worker.child.SystemApplicationClassLoaderWorker.call(SystemApplicationClassLoaderWorker.java:72)
  at worker.org.gradle.process.internal.worker.GradleWorkerMain.run(GradleWorkerMain.java:69)
  at worker.org.gradle.process.internal.worker.GradleWorkerMain.main(GradleWorkerMain.java:74)
</stacktrace>
</test-failure>


TypeScriptCompilerTests_I[jvm] > implicitAnyNewExprLackConstructorSignature_ts has expected errors matching implicitAnyNewExprLackConstructorSignature_errors_txt[jvm] FAILED

<test-failure test="com.xemantic.typescript.compiler.TypeScriptCompilerTests_I.inheritanceStaticFuncOverridingProperty_ts has expected errors matching inheritanceStaticFuncOverridingProperty_errors_txt" platform="jvm">
<message>
Expected diagnostics from baseline typescript-repo/tests/baselines/reference/inheritanceStaticFuncOverridingProperty.errors.txt but none produced
</message>
<stacktrace>
  at com.xemantic.typescript.compiler.TypeScriptTestSupportKt.errorsMatchBaseline(TypeScriptTestSupport.kt:125)
  at com.xemantic.typescript.compiler.TypeScriptCompilerTests_I.inheritanceStaticFuncOverridingProperty_ts has expected errors matching inheritanceStaticFuncOverridingProperty_errors_txt(TypeScriptCompilerTests_I.kt:4172)
  at java.base/jdk.internal.reflect.DirectMethodHandleAccessor.invoke(DirectMethodHandleAccessor.java:104)
  at java.base/java.lang.reflect.Method.invoke(Method.java:565)
  at org.junit.runners.model.FrameworkMethod$1.runReflectiveCall(FrameworkMethod.java:59)
  at org.junit.internal.runners.model.ReflectiveCallable.run(ReflectiveCallable.java:12)
  at org.junit.runners.model.FrameworkMethod.invokeExplosively(FrameworkMethod.java:56)
  at org.junit.internal.runners.statements.InvokeMethod.evaluate(InvokeMethod.java:17)
  at org.junit.runners.ParentRunner$3.evaluate(ParentRunner.java:306)
  at org.junit.runners.BlockJUnit4ClassRunner$1.evaluate(BlockJUnit4ClassRunner.java:100)
  at org.junit.runners.ParentRunner.runLeaf(ParentRunner.java:366)
  at org.junit.runners.BlockJUnit4ClassRunner.runChild(BlockJUnit4ClassRunner.java:103)
  at org.junit.runners.BlockJUnit4ClassRunner.runChild(BlockJUnit4ClassRunner.java:63)
  at org.junit.runners.ParentRunner$4.run(ParentRunner.java:331)
  at org.junit.runners.ParentRunner$1.schedule(ParentRunner.java:79)
  at org.junit.runners.ParentRunner.runChildren(ParentRunner.java:329)
  at org.junit.runners.ParentRunner.access$100(ParentRunner.java:66)
  at org.junit.runners.ParentRunner$2.evaluate(ParentRunner.java:293)
  at org.junit.runners.ParentRunner$3.evaluate(ParentRunner.java:306)
  at org.junit.runners.ParentRunner.run(ParentRunner.java:413)
  at org.junit.runner.JUnitCore.run(JUnitCore.java:137)
  at org.junit.runner.JUnitCore.run(JUnitCore.java:115)
  at org.gradle.api.internal.tasks.testing.junit.JUnitTestExecutor.runRequest(JUnitTestExecutor.java:175)
  at org.gradle.api.internal.tasks.testing.junit.JUnitTestExecutor.accept(JUnitTestExecutor.java:84)
  at org.gradle.api.internal.tasks.testing.junit.JUnitTestExecutor.accept(JUnitTestExecutor.java:47)
  at org.gradle.api.internal.tasks.testing.junit.AbstractJUnitTestDefinitionProcessor.processTestDefinition(AbstractJUnitTestDefinitionProcessor.java:65)
  at org.gradle.api.internal.tasks.testing.SuiteTestDefinitionProcessor.processTestDefinition(SuiteTestDefinitionProcessor.java:54)
  at java.base/jdk.internal.reflect.DirectMethodHandleAccessor.invoke(DirectMethodHandleAccessor.java:104)
  at java.base/java.lang.reflect.Method.invoke(Method.java:565)
  at org.gradle.internal.dispatch.MethodInvocation.invokeOn(MethodInvocation.java:77)
  at org.gradle.internal.dispatch.ReflectionDispatch.dispatch(ReflectionDispatch.java:28)
  at org.gradle.internal.dispatch.ReflectionDispatch.dispatch(ReflectionDispatch.java:19)
  at org.gradle.internal.dispatch.ContextClassLoaderDispatch.dispatch(ContextClassLoaderDispatch.java:33)
  at org.gradle.internal.dispatch.ProxyDispatchAdapter$DispatchingInvocationHandler.invoke(ProxyDispatchAdapter.java:88)
  at jdk.proxy1/jdk.proxy1.$Proxy4.processTestDefinition(Unknown Source)
  at org.gradle.api.internal.tasks.testing.worker.TestWorker$2.run(TestWorker.java:178)
  at org.gradle.api.internal.tasks.testing.worker.TestWorker.executeAndMaintainThreadName(TestWorker.java:126)
  at org.gradle.api.internal.tasks.testing.worker.TestWorker.execute(TestWorker.java:103)
  at org.gradle.api.internal.tasks.testing.worker.TestWorker.execute(TestWorker.java:63)
  at org.gradle.process.internal.worker.child.ActionExecutionWorker.execute(ActionExecutionWorker.java:56)
  at org.gradle.process.internal.worker.child.SystemApplicationClassLoaderWorker.call(SystemApplicationClassLoaderWorker.java:122)
  at org.gradle.process.internal.worker.child.SystemApplicationClassLoaderWorker.call(SystemApplicationClassLoaderWorker.java:72)
  at worker.org.gradle.process.internal.worker.GradleWorkerMain.run(GradleWorkerMain.java:69)
  at worker.org.gradle.process.internal.worker.GradleWorkerMain.main(GradleWorkerMain.java:74)
</stacktrace>
</test-failure>


TypeScriptCompilerTests_I[jvm] > inheritanceStaticFuncOverridingProperty_ts has expected errors matching inheritanceStaticFuncOverridingProperty_errors_txt[jvm] FAILED

<test-failure test="com.xemantic.typescript.compiler.TypeScriptCompilerTests_I.isolatedModulesSketchyAliasLocalMerge_ts__isolatedmodules_true_verbatimmodulesyntax_true__has expected errors matching baseline" platform="jvm">
<message>
Expected diagnostics from baseline typescript-repo/tests/baselines/reference/isolatedModulesSketchyAliasLocalMerge(isolatedmodules=true,verbatimmodulesyntax=true).errors.txt but none produced
</message>
<stacktrace>
  at com.xemantic.typescript.compiler.TypeScriptTestSupportKt.errorsMatchBaseline(TypeScriptTestSupport.kt:125)
  at com.xemantic.typescript.compiler.TypeScriptCompilerTests_I.isolatedModulesSketchyAliasLocalMerge_ts__isolatedmodules_true_verbatimmodulesyntax_true__has expected errors matching baseline(TypeScriptCompilerTests_I.kt:7056)
  at java.base/jdk.internal.reflect.DirectMethodHandleAccessor.invoke(DirectMethodHandleAccessor.java:104)
  at java.base/java.lang.reflect.Method.invoke(Method.java:565)
  at org.junit.runners.model.FrameworkMethod$1.runReflectiveCall(FrameworkMethod.java:59)
  at org.junit.internal.runners.model.ReflectiveCallable.run(ReflectiveCallable.java:12)
  at org.junit.runners.model.FrameworkMethod.invokeExplosively(FrameworkMethod.java:56)
  at org.junit.internal.runners.statements.InvokeMethod.evaluate(InvokeMethod.java:17)
  at org.junit.runners.ParentRunner$3.evaluate(ParentRunner.java:306)
  at org.junit.runners.BlockJUnit4ClassRunner$1.evaluate(BlockJUnit4ClassRunner.java:100)
  at org.junit.runners.ParentRunner.runLeaf(ParentRunner.java:366)
  at org.junit.runners.BlockJUnit4ClassRunner.runChild(BlockJUnit4ClassRunner.java:103)
  at org.junit.runners.BlockJUnit4ClassRunner.runChild(BlockJUnit4ClassRunner.java:63)
  at org.junit.runners.ParentRunner$4.run(ParentRunner.java:331)
  at org.junit.runners.ParentRunner$1.schedule(ParentRunner.java:79)
  at org.junit.runners.ParentRunner.runChildren(ParentRunner.java:329)
  at org.junit.runners.ParentRunner.access$100(ParentRunner.java:66)
  at org.junit.runners.ParentRunner$2.evaluate(ParentRunner.java:293)
  at org.junit.runners.ParentRunner$3.evaluate(ParentRunner.java:306)
  at org.junit.runners.ParentRunner.run(ParentRunner.java:413)
  at org.junit.runner.JUnitCore.run(JUnitCore.java:137)
  at org.junit.runner.JUnitCore.run(JUnitCore.java:115)
  at org.gradle.api.internal.tasks.testing.junit.JUnitTestExecutor.runRequest(JUnitTestExecutor.java:175)
  at org.gradle.api.internal.tasks.testing.junit.JUnitTestExecutor.accept(JUnitTestExecutor.java:84)
  at org.gradle.api.internal.tasks.testing.junit.JUnitTestExecutor.accept(JUnitTestExecutor.java:47)
  at org.gradle.api.internal.tasks.testing.junit.AbstractJUnitTestDefinitionProcessor.processTestDefinition(AbstractJUnitTestDefinitionProcessor.java:65)
  at org.gradle.api.internal.tasks.testing.SuiteTestDefinitionProcessor.processTestDefinition(SuiteTestDefinitionProcessor.java:54)
  at java.base/jdk.internal.reflect.DirectMethodHandleAccessor.invoke(DirectMethodHandleAccessor.java:104)
  at java.base/java.lang.reflect.Method.invoke(Method.java:565)
  at org.gradle.internal.dispatch.MethodInvocation.invokeOn(MethodInvocation.java:77)
  at org.gradle.internal.dispatch.ReflectionDispatch.dispatch(ReflectionDispatch.java:28)
  at org.gradle.internal.dispatch.ReflectionDispatch.dispatch(ReflectionDispatch.java:19)
  at org.gradle.internal.dispatch.ContextClassLoaderDispatch.dispatch(ContextClassLoaderDispatch.java:33)
  at org.gradle.internal.dispatch.ProxyDispatchAdapter$DispatchingInvocationHandler.invoke(ProxyDispatchAdapter.java:88)
  at jdk.proxy1/jdk.proxy1.$Proxy4.processTestDefinition(Unknown Source)
  at org.gradle.api.internal.tasks.testing.worker.TestWorker$2.run(TestWorker.java:178)
  at org.gradle.api.internal.tasks.testing.worker.TestWorker.executeAndMaintainThreadName(TestWorker.java:126)
  at org.gradle.api.internal.tasks.testing.worker.TestWorker.execute(TestWorker.java:103)
  at org.gradle.api.internal.tasks.testing.worker.TestWorker.execute(TestWorker.java:63)
  at org.gradle.process.internal.worker.child.ActionExecutionWorker.execute(ActionExecutionWorker.java:56)
  at org.gradle.process.internal.worker.child.SystemApplicationClassLoaderWorker.call(SystemApplicationClassLoaderWorker.java:122)
  at org.gradle.process.internal.worker.child.SystemApplicationClassLoaderWorker.call(SystemApplicationClassLoaderWorker.java:72)
  at worker.org.gradle.process.internal.worker.GradleWorkerMain.run(GradleWorkerMain.java:69)
  at worker.org.gradle.process.internal.worker.GradleWorkerMain.main(GradleWorkerMain.java:74)
</stacktrace>
</test-failure>


TypeScriptCompilerTests_I[jvm] > isolatedModulesSketchyAliasLocalMerge_ts__isolatedmodules_true_verbatimmodulesyntax_true__has expected errors matching baseline[jvm] FAILED

<test-failure test="com.xemantic.typescript.compiler.TypeScriptCompilerTests_I.isolatedDeclarationErrorsExpressions_ts has expected errors matching isolatedDeclarationErrorsExpressions_errors_txt" platform="jvm">
<message>
Expected diagnostics from baseline typescript-repo/tests/baselines/reference/isolatedDeclarationErrorsExpressions.errors.txt but none produced
</message>
<stacktrace>
  at com.xemantic.typescript.compiler.TypeScriptTestSupportKt.errorsMatchBaseline(TypeScriptTestSupport.kt:125)
  at com.xemantic.typescript.compiler.TypeScriptCompilerTests_I.isolatedDeclarationErrorsExpressions_ts has expected errors matching isolatedDeclarationErrorsExpressions_errors_txt(TypeScriptCompilerTests_I.kt:6615)
  at java.base/jdk.internal.reflect.DirectMethodHandleAccessor.invoke(DirectMethodHandleAccessor.java:104)
  at java.base/java.lang.reflect.Method.invoke(Method.java:565)
  at org.junit.runners.model.FrameworkMethod$1.runReflectiveCall(FrameworkMethod.java:59)
  at org.junit.internal.runners.model.ReflectiveCallable.run(ReflectiveCallable.java:12)
  at org.junit.runners.model.FrameworkMethod.invokeExplosively(FrameworkMethod.java:56)
  at org.junit.internal.runners.statements.InvokeMethod.evaluate(InvokeMethod.java:17)
  at org.junit.runners.ParentRunner$3.evaluate(ParentRunner.java:306)
  at org.junit.runners.BlockJUnit4ClassRunner$1.evaluate(BlockJUnit4ClassRunner.java:100)
  at org.junit.runners.ParentRunner.runLeaf(ParentRunner.java:366)
  at org.junit.runners.BlockJUnit4ClassRunner.runChild(BlockJUnit4ClassRunner.java:103)
  at org.junit.runners.BlockJUnit4ClassRunner.runChild(BlockJUnit4ClassRunner.java:63)
  at org.junit.runners.ParentRunner$4.run(ParentRunner.java:331)
  at org.junit.runners.ParentRunner$1.schedule(ParentRunner.java:79)
  at org.junit.runners.ParentRunner.runChildren(ParentRunner.java:329)
  at org.junit.runners.ParentRunner.access$100(ParentRunner.java:66)
  at org.junit.runners.ParentRunner$2.evaluate(ParentRunner.java:293)
  at org.junit.runners.ParentRunner$3.evaluate(ParentRunner.java:306)
  at org.junit.runners.ParentRunner.run(ParentRunner.java:413)
  at org.junit.runner.JUnitCore.run(JUnitCore.java:137)
  at org.junit.runner.JUnitCore.run(JUnitCore.java:115)
  at org.gradle.api.internal.tasks.testing.junit.JUnitTestExecutor.runRequest(JUnitTestExecutor.java:175)
  at org.gradle.api.internal.tasks.testing.junit.JUnitTestExecutor.accept(JUnitTestExecutor.java:84)
  at org.gradle.api.internal.tasks.testing.junit.JUnitTestExecutor.accept(JUnitTestExecutor.java:47)
  at org.gradle.api.internal.tasks.testing.junit.AbstractJUnitTestDefinitionProcessor.processTestDefinition(AbstractJUnitTestDefinitionProcessor.java:65)
  at org.gradle.api.internal.tasks.testing.SuiteTestDefinitionProcessor.processTestDefinition(SuiteTestDefinitionProcessor.java:54)
  at java.base/jdk.internal.reflect.DirectMethodHandleAccessor.invoke(DirectMethodHandleAccessor.java:104)
  at java.base/java.lang.reflect.Method.invoke(Method.java:565)
  at org.gradle.internal.dispatch.MethodInvocation.invokeOn(MethodInvocation.java:77)
  at org.gradle.internal.dispatch.ReflectionDispatch.dispatch(ReflectionDispatch.java:28)
  at org.gradle.internal.dispatch.ReflectionDispatch.dispatch(ReflectionDispatch.java:19)
  at org.gradle.internal.dispatch.ContextClassLoaderDispatch.dispatch(ContextClassLoaderDispatch.java:33)
  at org.gradle.internal.dispatch.ProxyDispatchAdapter$DispatchingInvocationHandler.invoke(ProxyDispatchAdapter.java:88)
  at jdk.proxy1/jdk.proxy1.$Proxy4.processTestDefinition(Unknown Source)
  at org.gradle.api.internal.tasks.testing.worker.TestWorker$2.run(TestWorker.java:178)
  at org.gradle.api.internal.tasks.testing.worker.TestWorker.executeAndMaintainThreadName(TestWorker.java:126)
  at org.gradle.api.internal.tasks.testing.worker.TestWorker.execute(TestWorker.java:103)
  at org.gradle.api.internal.tasks.testing.worker.TestWorker.execute(TestWorker.java:63)
  at org.gradle.process.internal.worker.child.ActionExecutionWorker.execute(ActionExecutionWorker.java:56)
  at org.gradle.process.internal.worker.child.SystemApplicationClassLoaderWorker.call(SystemApplicationClassLoaderWorker.java:122)
  at org.gradle.process.internal.worker.child.SystemApplicationClassLoaderWorker.call(SystemApplicationClassLoaderWorker.java:72)
  at worker.org.gradle.process.internal.worker.GradleWorkerMain.run(GradleWorkerMain.java:69)
  at worker.org.gradle.process.internal.worker.GradleWorkerMain.main(GradleWorkerMain.java:74)
</stacktrace>
</test-failure>


TypeScriptCompilerTests_I[jvm] > isolatedDeclarationErrorsExpressions_ts has expected errors matching isolatedDeclarationErrorsExpressions_errors_txt[jvm] FAILED

<test-failure test="com.xemantic.typescript.compiler.TypeScriptCompilerTests_I.inferFromGenericFunctionReturnTypes1_ts has expected errors matching inferFromGenericFunctionReturnTypes1_errors_txt" platform="jvm">
<message>
--- expected
+++ actual
@@ -1,8 +1,7 @@
 inferFromGenericFunctionReturnTypes1.ts(5,3): error TS2564: Property '_store' has no initializer and is not definitely assigned in the constructor.
-inferFromGenericFunctionReturnTypes1.ts(68,16): error TS2339: Property 'toUpperCase' does not exist on type 'number'.
 
 
-==== inferFromGenericFunctionReturnTypes1.ts (2 errors) ====
+==== inferFromGenericFunctionReturnTypes1.ts (1 errors) ====
     // Repro from #15680
     
     // This is a contrived class. We could do the same thing with Observables, etc.
@@ -73,7 +72,5 @@
         map(x => x + x),
         map(x => 123),  // Whoops a bug
         map(x => x.toUpperCase()) // causes an error!
-                   ~~~~~~~~~~~
-!!! error TS2339: Property 'toUpperCase' does not exist on type 'number'.
       )
     )

</message>
<stacktrace>
  at org.junit.Assert.fail(Assert.java:89)
  at kotlin.test.junit.JUnitAsserter.fail(JUnitSupport.kt:56)
  at kotlin.test.AssertionsKt__AssertionsKt.fail(Assertions.kt:563)
  at kotlin.test.AssertionsKt.fail(Unknown Source)
  at com.xemantic.kotlin.test.SameAsKt.sameAs(SameAs.kt:52)
  at com.xemantic.typescript.compiler.TypeScriptTestSupportKt.errorsMatchBaseline(TypeScriptTestSupport.kt:135)
  at com.xemantic.typescript.compiler.TypeScriptCompilerTests_I.inferFromGenericFunctionReturnTypes1_ts has expected errors matching inferFromGenericFunctionReturnTypes1_errors_txt(TypeScriptCompilerTests_I.kt:3213)
  at java.base/jdk.internal.reflect.DirectMethodHandleAccessor.invoke(DirectMethodHandleAccessor.java:104)
  at java.base/java.lang.reflect.Method.invoke(Method.java:565)
  at org.junit.runners.model.FrameworkMethod$1.runReflectiveCall(FrameworkMethod.java:59)
  at org.junit.internal.runners.model.ReflectiveCallable.run(ReflectiveCallable.java:12)
  at org.junit.runners.model.FrameworkMethod.invokeExplosively(FrameworkMethod.java:56)
  at org.junit.internal.runners.statements.InvokeMethod.evaluate(InvokeMethod.java:17)
  at org.junit.runners.ParentRunner$3.evaluate(ParentRunner.java:306)
  at org.junit.runners.BlockJUnit4ClassRunner$1.evaluate(BlockJUnit4ClassRunner.java:100)
  at org.junit.runners.ParentRunner.runLeaf(ParentRunner.java:366)
  at org.junit.runners.BlockJUnit4ClassRunner.runChild(BlockJUnit4ClassRunner.java:103)
  at org.junit.runners.BlockJUnit4ClassRunner.runChild(BlockJUnit4ClassRunner.java:63)
  at org.junit.runners.ParentRunner$4.run(ParentRunner.java:331)
  at org.junit.runners.ParentRunner$1.schedule(ParentRunner.java:79)
  at org.junit.runners.ParentRunner.runChildren(ParentRunner.java:329)
  at org.junit.runners.ParentRunner.access$100(ParentRunner.java:66)
  at org.junit.runners.ParentRunner$2.evaluate(ParentRunner.java:293)
  at org.junit.runners.ParentRunner$3.evaluate(ParentRunner.java:306)
  at org.junit.runners.ParentRunner.run(ParentRunner.java:413)
  at org.junit.runner.JUnitCore.run(JUnitCore.java:137)
  at org.junit.runner.JUnitCore.run(JUnitCore.java:115)
  at org.gradle.api.internal.tasks.testing.junit.JUnitTestExecutor.runRequest(JUnitTestExecutor.java:175)
  at org.gradle.api.internal.tasks.testing.junit.JUnitTestExecutor.accept(JUnitTestExecutor.java:84)
  at org.gradle.api.internal.tasks.testing.junit.JUnitTestExecutor.accept(JUnitTestExecutor.java:47)
  at org.gradle.api.internal.tasks.testing.junit.AbstractJUnitTestDefinitionProcessor.processTestDefinition(AbstractJUnitTestDefinitionProcessor.java:65)
  at org.gradle.api.internal.tasks.testing.SuiteTestDefinitionProcessor.processTestDefinition(SuiteTestDefinitionProcessor.java:54)
  at java.base/jdk.internal.reflect.DirectMethodHandleAccessor.invoke(DirectMethodHandleAccessor.java:104)
  at java.base/java.lang.reflect.Method.invoke(Method.java:565)
  at org.gradle.internal.dispatch.MethodInvocation.invokeOn(MethodInvocation.java:77)
  at org.gradle.internal.dispatch.ReflectionDispatch.dispatch(ReflectionDispatch.java:28)
  at org.gradle.internal.dispatch.ReflectionDispatch.dispatch(ReflectionDispatch.java:19)
  at org.gradle.internal.dispatch.ContextClassLoaderDispatch.dispatch(ContextClassLoaderDispatch.java:33)
  at org.gradle.internal.dispatch.ProxyDispatchAdapter$DispatchingInvocationHandler.invoke(ProxyDispatchAdapter.java:88)
  at jdk.proxy1/jdk.proxy1.$Proxy4.processTestDefinition(Unknown Source)
  at org.gradle.api.internal.tasks.testing.worker.TestWorker$2.run(TestWorker.java:178)
  at org.gradle.api.internal.tasks.testing.worker.TestWorker.executeAndMaintainThreadName(TestWorker.java:126)
  at org.gradle.api.internal.tasks.testing.worker.TestWorker.execute(TestWorker.java:103)
  at org.gradle.api.internal.tasks.testing.worker.TestWorker.execute(TestWorker.java:63)
  at org.gradle.process.internal.worker.child.ActionExecutionWorker.execute(ActionExecutionWorker.java:56)
  at org.gradle.process.internal.worker.child.SystemApplicationClassLoaderWorker.call(SystemApplicationClassLoaderWorker.java:122)
  at org.gradle.process.internal.worker.child.SystemApplicationClassLoaderWorker.call(SystemApplicationClassLoaderWorker.java:72)
  at worker.org.gradle.process.internal.worker.GradleWorkerMain.run(GradleWorkerMain.java:69)
  at worker.org.gradle.process.internal.worker.GradleWorkerMain.main(GradleWorkerMain.java:74)
</stacktrace>
</test-failure>


TypeScriptCompilerTests_I[jvm] > inferFromGenericFunctionReturnTypes1_ts has expected errors matching inferFromGenericFunctionReturnTypes1_errors_txt[jvm] FAILED

<test-failure test="com.xemantic.typescript.compiler.TypeScriptCompilerTests_I.importNonExportedMember4_ts has expected errors matching importNonExportedMember4_errors_txt" platform="jvm">
<message>
--- expected
+++ actual
@@ -1,6 +1,4 @@
 error TS5107: Option 'esModuleInterop=false' is deprecated and will stop functioning in TypeScript 7.0. Specify compilerOption '"ignoreDeprecations": "6.0"' to silence this error.
-b.ts(1,10): error TS2617: 'Foo' can only be imported by using 'import Foo = require("./a")' or by turning on the 'esModuleInterop' flag and using a default import.
-b.ts(1,21): error TS2497: This module can only be referenced with ECMAScript imports/exports by turning on the 'esModuleInterop' flag and referencing its default export.
 
 
 !!! error TS5107: Option 'esModuleInterop=false' is deprecated and will stop functioning in TypeScript 7.0. Specify compilerOption '"ignoreDeprecations": "6.0"' to silence this error.
@@ -8,9 +6,5 @@
     class Foo {}
     export = Foo;
     
-==== b.ts (2 errors) ====
+==== b.ts (0 errors) ====
     import { Foo } from './a';
-             ~~~
-!!! error TS2617: 'Foo' can only be imported by using 'import Foo = require("./a")' or by turning on the 'esModuleInterop' flag and using a default import.
-                        ~~~~~
-!!! error TS2497: This module can only be referenced with ECMAScript imports/exports by turning on the 'esModuleInterop' flag and referencing its default export.

</message>
<stacktrace>
  at org.junit.Assert.fail(Assert.java:89)
  at kotlin.test.junit.JUnitAsserter.fail(JUnitSupport.kt:56)
  at kotlin.test.AssertionsKt__AssertionsKt.fail(Assertions.kt:563)
  at kotlin.test.AssertionsKt.fail(Unknown Source)
  at com.xemantic.kotlin.test.SameAsKt.sameAs(SameAs.kt:52)
  at com.xemantic.typescript.compiler.TypeScriptTestSupportKt.errorsMatchBaseline(TypeScriptTestSupport.kt:135)
  at com.xemantic.typescript.compiler.TypeScriptCompilerTests_I.importNonExportedMember4_ts has expected errors matching importNonExportedMember4_errors_txt(TypeScriptCompilerTests_I.kt:1883)
  at java.base/jdk.internal.reflect.DirectMethodHandleAccessor.invoke(DirectMethodHandleAccessor.java:104)
  at java.base/java.lang.reflect.Method.invoke(Method.java:565)
  at org.junit.runners.model.FrameworkMethod$1.runReflectiveCall(FrameworkMethod.java:59)
  at org.junit.internal.runners.model.ReflectiveCallable.run(ReflectiveCallable.java:12)
  at org.junit.runners.model.FrameworkMethod.invokeExplosively(FrameworkMethod.java:56)
  at org.junit.internal.runners.statements.InvokeMethod.evaluate(InvokeMethod.java:17)
  at org.junit.runners.ParentRunner$3.evaluate(ParentRunner.java:306)
  at org.junit.runners.BlockJUnit4ClassRunner$1.evaluate(BlockJUnit4ClassRunner.java:100)
  at org.junit.runners.ParentRunner.runLeaf(ParentRunner.java:366)
  at org.junit.runners.BlockJUnit4ClassRunner.runChild(BlockJUnit4ClassRunner.java:103)
  at org.junit.runners.BlockJUnit4ClassRunner.runChild(BlockJUnit4ClassRunner.java:63)
  at org.junit.runners.ParentRunner$4.run(ParentRunner.java:331)
  at org.junit.runners.ParentRunner$1.schedule(ParentRunner.java:79)
  at org.junit.runners.ParentRunner.runChildren(ParentRunner.java:329)
  at org.junit.runners.ParentRunner.access$100(ParentRunner.java:66)
  at org.junit.runners.ParentRunner$2.evaluate(ParentRunner.java:293)
  at org.junit.runners.ParentRunner$3.evaluate(ParentRunner.java:306)
  at org.junit.runners.ParentRunner.run(ParentRunner.java:413)
  at org.junit.runner.JUnitCore.run(JUnitCore.java:137)
  at org.junit.runner.JUnitCore.run(JUnitCore.java:115)
  at org.gradle.api.internal.tasks.testing.junit.JUnitTestExecutor.runRequest(JUnitTestExecutor.java:175)
  at org.gradle.api.internal.tasks.testing.junit.JUnitTestExecutor.accept(JUnitTestExecutor.java:84)
  at org.gradle.api.internal.tasks.testing.junit.JUnitTestExecutor.accept(JUnitTestExecutor.java:47)
  at org.gradle.api.internal.tasks.testing.junit.AbstractJUnitTestDefinitionProcessor.processTestDefinition(AbstractJUnitTestDefinitionProcessor.java:65)
  at org.gradle.api.internal.tasks.testing.SuiteTestDefinitionProcessor.processTestDefinition(SuiteTestDefinitionProcessor.java:54)
  at java.base/jdk.internal.reflect.DirectMethodHandleAccessor.invoke(DirectMethodHandleAccessor.java:104)
  at java.base/java.lang.reflect.Method.invoke(Method.java:565)
  at org.gradle.internal.dispatch.MethodInvocation.invokeOn(MethodInvocation.java:77)
  at org.gradle.internal.dispatch.ReflectionDispatch.dispatch(ReflectionDispatch.java:28)
  at org.gradle.internal.dispatch.ReflectionDispatch.dispatch(ReflectionDispatch.java:19)
  at org.gradle.internal.dispatch.ContextClassLoaderDispatch.dispatch(ContextClassLoaderDispatch.java:33)
  at org.gradle.internal.dispatch.ProxyDispatchAdapter$DispatchingInvocationHandler.invoke(ProxyDispatchAdapter.java:88)
  at jdk.proxy1/jdk.proxy1.$Proxy4.processTestDefinition(Unknown Source)
  at org.gradle.api.internal.tasks.testing.worker.TestWorker$2.run(TestWorker.java:178)
  at org.gradle.api.internal.tasks.testing.worker.TestWorker.executeAndMaintainThreadName(TestWorker.java:126)
  at org.gradle.api.internal.tasks.testing.worker.TestWorker.execute(TestWorker.java:103)
  at org.gradle.api.internal.tasks.testing.worker.TestWorker.execute(TestWorker.java:63)
  at org.gradle.process.internal.worker.child.ActionExecutionWorker.execute(ActionExecutionWorker.java:56)
  at org.gradle.process.internal.worker.child.SystemApplicationClassLoaderWorker.call(SystemApplicationClassLoaderWorker.java:122)
  at org.gradle.process.internal.worker.child.SystemApplicationClassLoaderWorker.call(SystemApplicationClassLoaderWorker.java:72)
  at worker.org.gradle.process.internal.worker.GradleWorkerMain.run(GradleWorkerMain.java:69)
  at worker.org.gradle.process.internal.worker.GradleWorkerMain.main(GradleWorkerMain.java:74)
</stacktrace>
</test-failure>


TypeScriptCompilerTests_I[jvm] > importNonExportedMember4_ts has expected errors matching importNonExportedMember4_errors_txt[jvm] FAILED

<test-failure test="com.xemantic.typescript.compiler.TypeScriptCompilerTests_I.initializerWithThisPropertyAccess_ts has expected errors matching initializerWithThisPropertyAccess_errors_txt" platform="jvm">
<message>
Expected diagnostics from baseline typescript-repo/tests/baselines/reference/initializerWithThisPropertyAccess.errors.txt but none produced
</message>
<stacktrace>
  at com.xemantic.typescript.compiler.TypeScriptTestSupportKt.errorsMatchBaseline(TypeScriptTestSupport.kt:125)
  at com.xemantic.typescript.compiler.TypeScriptCompilerTests_I.initializerWithThisPropertyAccess_ts has expected errors matching initializerWithThisPropertyAccess_errors_txt(TypeScriptCompilerTests_I.kt:4410)
  at java.base/jdk.internal.reflect.DirectMethodHandleAccessor.invoke(DirectMethodHandleAccessor.java:104)
  at java.base/java.lang.reflect.Method.invoke(Method.java:565)
  at org.junit.runners.model.FrameworkMethod$1.runReflectiveCall(FrameworkMethod.java:59)
  at org.junit.internal.runners.model.ReflectiveCallable.run(ReflectiveCallable.java:12)
  at org.junit.runners.model.FrameworkMethod.invokeExplosively(FrameworkMethod.java:56)
  at org.junit.internal.runners.statements.InvokeMethod.evaluate(InvokeMethod.java:17)
  at org.junit.runners.ParentRunner$3.evaluate(ParentRunner.java:306)
  at org.junit.runners.BlockJUnit4ClassRunner$1.evaluate(BlockJUnit4ClassRunner.java:100)
  at org.junit.runners.ParentRunner.runLeaf(ParentRunner.java:366)
  at org.junit.runners.BlockJUnit4ClassRunner.runChild(BlockJUnit4ClassRunner.java:103)
  at org.junit.runners.BlockJUnit4ClassRunner.runChild(BlockJUnit4ClassRunner.java:63)
  at org.junit.runners.ParentRunner$4.run(ParentRunner.java:331)
  at org.junit.runners.ParentRunner$1.schedule(ParentRunner.java:79)
  at org.junit.runners.ParentRunner.runChildren(ParentRunner.java:329)
  at org.junit.runners.ParentRunner.access$100(ParentRunner.java:66)
  at org.junit.runners.ParentRunner$2.evaluate(ParentRunner.java:293)
  at org.junit.runners.ParentRunner$3.evaluate(ParentRunner.java:306)
  at org.junit.runners.ParentRunner.run(ParentRunner.java:413)
  at org.junit.runner.JUnitCore.run(JUnitCore.java:137)
  at org.junit.runner.JUnitCore.run(JUnitCore.java:115)
  at org.gradle.api.internal.tasks.testing.junit.JUnitTestExecutor.runRequest(JUnitTestExecutor.java:175)
  at org.gradle.api.internal.tasks.testing.junit.JUnitTestExecutor.accept(JUnitTestExecutor.java:84)
  at org.gradle.api.internal.tasks.testing.junit.JUnitTestExecutor.accept(JUnitTestExecutor.java:47)
  at org.gradle.api.internal.tasks.testing.junit.AbstractJUnitTestDefinitionProcessor.processTestDefinition(AbstractJUnitTestDefinitionProcessor.java:65)
  at org.gradle.api.internal.tasks.testing.SuiteTestDefinitionProcessor.processTestDefinition(SuiteTestDefinitionProcessor.java:54)
  at java.base/jdk.internal.reflect.DirectMethodHandleAccessor.invoke(DirectMethodHandleAccessor.java:104)
  at java.base/java.lang.reflect.Method.invoke(Method.java:565)
  at org.gradle.internal.dispatch.MethodInvocation.invokeOn(MethodInvocation.java:77)
  at org.gradle.internal.dispatch.ReflectionDispatch.dispatch(ReflectionDispatch.java:28)
  at org.gradle.internal.dispatch.ReflectionDispatch.dispatch(ReflectionDispatch.java:19)
  at org.gradle.internal.dispatch.ContextClassLoaderDispatch.dispatch(ContextClassLoaderDispatch.java:33)
  at org.gradle.internal.dispatch.ProxyDispatchAdapter$DispatchingInvocationHandler.invoke(ProxyDispatchAdapter.java:88)
  at jdk.proxy1/jdk.proxy1.$Proxy4.processTestDefinition(Unknown Source)
  at org.gradle.api.internal.tasks.testing.worker.TestWorker$2.run(TestWorker.java:178)
  at org.gradle.api.internal.tasks.testing.worker.TestWorker.executeAndMaintainThreadName(TestWorker.java:126)
  at org.gradle.api.internal.tasks.testing.worker.TestWorker.execute(TestWorker.java:103)
  at org.gradle.api.internal.tasks.testing.worker.TestWorker.execute(TestWorker.java:63)
  at org.gradle.process.internal.worker.child.ActionExecutionWorker.execute(ActionExecutionWorker.java:56)
  at org.gradle.process.internal.worker.child.SystemApplicationClassLoaderWorker.call(SystemApplicationClassLoaderWorker.java:122)
  at org.gradle.process.internal.worker.child.SystemApplicationClassLoaderWorker.call(SystemApplicationClassLoaderWorker.java:72)
  at worker.org.gradle.process.internal.worker.GradleWorkerMain.run(GradleWorkerMain.java:69)
  at worker.org.gradle.process.internal.worker.GradleWorkerMain.main(GradleWorkerMain.java:74)
</stacktrace>
</test-failure>


TypeScriptCompilerTests_I[jvm] > initializerWithThisPropertyAccess_ts has expected errors matching initializerWithThisPropertyAccess_errors_txt[jvm] FAILED

<test-failure test="com.xemantic.typescript.compiler.TypeScriptCompilerTests_I.indexedAccessConstraints_ts has expected errors matching indexedAccessConstraints_errors_txt" platform="jvm">
<message>
Expected diagnostics from baseline typescript-repo/tests/baselines/reference/indexedAccessConstraints.errors.txt but none produced
</message>
<stacktrace>
  at com.xemantic.typescript.compiler.TypeScriptTestSupportKt.errorsMatchBaseline(TypeScriptTestSupport.kt:125)
  at com.xemantic.typescript.compiler.TypeScriptCompilerTests_I.indexedAccessConstraints_ts has expected errors matching indexedAccessConstraints_errors_txt(TypeScriptCompilerTests_I.kt:2870)
  at java.base/jdk.internal.reflect.DirectMethodHandleAccessor.invoke(DirectMethodHandleAccessor.java:104)
  at java.base/java.lang.reflect.Method.invoke(Method.java:565)
  at org.junit.runners.model.FrameworkMethod$1.runReflectiveCall(FrameworkMethod.java:59)
  at org.junit.internal.runners.model.ReflectiveCallable.run(ReflectiveCallable.java:12)
  at org.junit.runners.model.FrameworkMethod.invokeExplosively(FrameworkMethod.java:56)
  at org.junit.internal.runners.statements.InvokeMethod.evaluate(InvokeMethod.java:17)
  at org.junit.runners.ParentRunner$3.evaluate(ParentRunner.java:306)
  at org.junit.runners.BlockJUnit4ClassRunner$1.evaluate(BlockJUnit4ClassRunner.java:100)
  at org.junit.runners.ParentRunner.runLeaf(ParentRunner.java:366)
  at org.junit.runners.BlockJUnit4ClassRunner.runChild(BlockJUnit4ClassRunner.java:103)
  at org.junit.runners.BlockJUnit4ClassRunner.runChild(BlockJUnit4ClassRunner.java:63)
  at org.junit.runners.ParentRunner$4.run(ParentRunner.java:331)
  at org.junit.runners.ParentRunner$1.schedule(ParentRunner.java:79)
  at org.junit.runners.ParentRunner.runChildren(ParentRunner.java:329)
  at org.junit.runners.ParentRunner.access$100(ParentRunner.java:66)
  at org.junit.runners.ParentRunner$2.evaluate(ParentRunner.java:293)
  at org.junit.runners.ParentRunner$3.evaluate(ParentRunner.java:306)
  at org.junit.runners.ParentRunner.run(ParentRunner.java:413)
  at org.junit.runner.JUnitCore.run(JUnitCore.java:137)
  at org.junit.runner.JUnitCore.run(JUnitCore.java:115)
  at org.gradle.api.internal.tasks.testing.junit.JUnitTestExecutor.runRequest(JUnitTestExecutor.java:175)
  at org.gradle.api.internal.tasks.testing.junit.JUnitTestExecutor.accept(JUnitTestExecutor.java:84)
  at org.gradle.api.internal.tasks.testing.junit.JUnitTestExecutor.accept(JUnitTestExecutor.java:47)
  at org.gradle.api.internal.tasks.testing.junit.AbstractJUnitTestDefinitionProcessor.processTestDefinition(AbstractJUnitTestDefinitionProcessor.java:65)
  at org.gradle.api.internal.tasks.testing.SuiteTestDefinitionProcessor.processTestDefinition(SuiteTestDefinitionProcessor.java:54)
  at java.base/jdk.internal.reflect.DirectMethodHandleAccessor.invoke(DirectMethodHandleAccessor.java:104)
  at java.base/java.lang.reflect.Method.invoke(Method.java:565)
  at org.gradle.internal.dispatch.MethodInvocation.invokeOn(MethodInvocation.java:77)
  at org.gradle.internal.dispatch.ReflectionDispatch.dispatch(ReflectionDispatch.java:28)
  at org.gradle.internal.dispatch.ReflectionDispatch.dispatch(ReflectionDispatch.java:19)
  at org.gradle.internal.dispatch.ContextClassLoaderDispatch.dispatch(ContextClassLoaderDispatch.java:33)
  at org.gradle.internal.dispatch.ProxyDispatchAdapter$DispatchingInvocationHandler.invoke(ProxyDispatchAdapter.java:88)
  at jdk.proxy1/jdk.proxy1.$Proxy4.processTestDefinition(Unknown Source)
  at org.gradle.api.internal.tasks.testing.worker.TestWorker$2.run(TestWorker.java:178)
  at org.gradle.api.internal.tasks.testing.worker.TestWorker.executeAndMaintainThreadName(TestWorker.java:126)
  at org.gradle.api.internal.tasks.testing.worker.TestWorker.execute(TestWorker.java:103)
  at org.gradle.api.internal.tasks.testing.worker.TestWorker.execute(TestWorker.java:63)
  at org.gradle.process.internal.worker.child.ActionExecutionWorker.execute(ActionExecutionWorker.java:56)
  at org.gradle.process.internal.worker.child.SystemApplicationClassLoaderWorker.call(SystemApplicationClassLoaderWorker.java:122)
  at org.gradle.process.internal.worker.child.SystemApplicationClassLoaderWorker.call(SystemApplicationClassLoaderWorker.java:72)
  at worker.org.gradle.process.internal.worker.GradleWorkerMain.run(GradleWorkerMain.java:69)
  at worker.org.gradle.process.internal.worker.GradleWorkerMain.main(GradleWorkerMain.java:74)
</stacktrace>
</test-failure>


TypeScriptCompilerTests_I[jvm] > indexedAccessConstraints_ts has expected errors matching indexedAccessConstraints_errors_txt[jvm] FAILED

<test-failure test="com.xemantic.typescript.compiler.TypeScriptCompilerTests_I.innerAliases_ts has expected errors matching innerAliases_errors_txt" platform="jvm">
<message>
Expected diagnostics from baseline typescript-repo/tests/baselines/reference/innerAliases.errors.txt but none produced
</message>
<stacktrace>
  at com.xemantic.typescript.compiler.TypeScriptTestSupportKt.errorsMatchBaseline(TypeScriptTestSupport.kt:125)
  at com.xemantic.typescript.compiler.TypeScriptCompilerTests_I.innerAliases_ts has expected errors matching innerAliases_errors_txt(TypeScriptCompilerTests_I.kt:4536)
  at java.base/jdk.internal.reflect.DirectMethodHandleAccessor.invoke(DirectMethodHandleAccessor.java:104)
  at java.base/java.lang.reflect.Method.invoke(Method.java:565)
  at org.junit.runners.model.FrameworkMethod$1.runReflectiveCall(FrameworkMethod.java:59)
  at org.junit.internal.runners.model.ReflectiveCallable.run(ReflectiveCallable.java:12)
  at org.junit.runners.model.FrameworkMethod.invokeExplosively(FrameworkMethod.java:56)
  at org.junit.internal.runners.statements.InvokeMethod.evaluate(InvokeMethod.java:17)
  at org.junit.runners.ParentRunner$3.evaluate(ParentRunner.java:306)
  at org.junit.runners.BlockJUnit4ClassRunner$1.evaluate(BlockJUnit4ClassRunner.java:100)
  at org.junit.runners.ParentRunner.runLeaf(ParentRunner.java:366)
  at org.junit.runners.BlockJUnit4ClassRunner.runChild(BlockJUnit4ClassRunner.java:103)
  at org.junit.runners.BlockJUnit4ClassRunner.runChild(BlockJUnit4ClassRunner.java:63)
  at org.junit.runners.ParentRunner$4.run(ParentRunner.java:331)
  at org.junit.runners.ParentRunner$1.schedule(ParentRunner.java:79)
  at org.junit.runners.ParentRunner.runChildren(ParentRunner.java:329)
  at org.junit.runners.ParentRunner.access$100(ParentRunner.java:66)
  at org.junit.runners.ParentRunner$2.evaluate(ParentRunner.java:293)
  at org.junit.runners.ParentRunner$3.evaluate(ParentRunner.java:306)
  at org.junit.runners.ParentRunner.run(ParentRunner.java:413)
  at org.junit.runner.JUnitCore.run(JUnitCore.java:137)
  at org.junit.runner.JUnitCore.run(JUnitCore.java:115)
  at org.gradle.api.internal.tasks.testing.junit.JUnitTestExecutor.runRequest(JUnitTestExecutor.java:175)
  at org.gradle.api.internal.tasks.testing.junit.JUnitTestExecutor.accept(JUnitTestExecutor.java:84)
  at org.gradle.api.internal.tasks.testing.junit.JUnitTestExecutor.accept(JUnitTestExecutor.java:47)
  at org.gradle.api.internal.tasks.testing.junit.AbstractJUnitTestDefinitionProcessor.processTestDefinition(AbstractJUnitTestDefinitionProcessor.java:65)
  at org.gradle.api.internal.tasks.testing.SuiteTestDefinitionProcessor.processTestDefinition(SuiteTestDefinitionProcessor.java:54)
  at java.base/jdk.internal.reflect.DirectMethodHandleAccessor.invoke(DirectMethodHandleAccessor.java:104)
  at java.base/java.lang.reflect.Method.invoke(Method.java:565)
  at org.gradle.internal.dispatch.MethodInvocation.invokeOn(MethodInvocation.java:77)
  at org.gradle.internal.dispatch.ReflectionDispatch.dispatch(ReflectionDispatch.java:28)
  at org.gradle.internal.dispatch.ReflectionDispatch.dispatch(ReflectionDispatch.java:19)
  at org.gradle.internal.dispatch.ContextClassLoaderDispatch.dispatch(ContextClassLoaderDispatch.java:33)
  at org.gradle.internal.dispatch.ProxyDispatchAdapter$DispatchingInvocationHandler.invoke(ProxyDispatchAdapter.java:88)
  at jdk.proxy1/jdk.proxy1.$Proxy4.processTestDefinition(Unknown Source)
  at org.gradle.api.internal.tasks.testing.worker.TestWorker$2.run(TestWorker.java:178)
  at org.gradle.api.internal.tasks.testing.worker.TestWorker.executeAndMaintainThreadName(TestWorker.java:126)
  at org.gradle.api.internal.tasks.testing.worker.TestWorker.execute(TestWorker.java:103)
  at org.gradle.api.internal.tasks.testing.worker.TestWorker.execute(TestWorker.java:63)
  at org.gradle.process.internal.worker.child.ActionExecutionWorker.execute(ActionExecutionWorker.java:56)
  at org.gradle.process.internal.worker.child.SystemApplicationClassLoaderWorker.call(SystemApplicationClassLoaderWorker.java:122)
  at org.gradle.process.internal.worker.child.SystemApplicationClassLoaderWorker.call(SystemApplicationClassLoaderWorker.java:72)
  at worker.org.gradle.process.internal.worker.GradleWorkerMain.run(GradleWorkerMain.java:69)
  at worker.org.gradle.process.internal.worker.GradleWorkerMain.main(GradleWorkerMain.java:74)
</stacktrace>
</test-failure>


TypeScriptCompilerTests_I[jvm] > innerAliases_ts has expected errors matching innerAliases_errors_txt[jvm] FAILED

<test-failure test="com.xemantic.typescript.compiler.TypeScriptCompilerTests_I.indexSignatureWithInitializer1_ts has expected errors matching indexSignatureWithInitializer1_errors_txt" platform="jvm">
<message>
--- expected
+++ actual
@@ -1,12 +1,15 @@
-indexSignatureWithInitializer1.ts(2,4): error TS1020: An index signature parameter cannot have an initializer.
-indexSignatureWithInitializer1.ts(2,4): error TS2371: A parameter initializer is only allowed in a function or constructor implementation.
+indexSignatureWithInitializer1.ts(2,3): error TS1021: An index signature must have a type annotation.
+indexSignatureWithInitializer1.ts(2,14): error TS1005: ']' expected.
+indexSignatureWithInitializer1.ts(2,17): error TS2564: Property ']' has no initializer and is not definitely assigned in the constructor.
 
 
-==== indexSignatureWithInitializer1.ts (2 errors) ====
+==== indexSignatureWithInitializer1.ts (3 errors) ====
     class C {
       [a: number = 1]: number;
-       ~
-!!! error TS1020: An index signature parameter cannot have an initializer.
-       ~~~~~~~~~~~~~
-!!! error TS2371: A parameter initializer is only allowed in a function or constructor implementation.
+      ~~~~~~~~~~
+!!! error TS1021: An index signature must have a type annotation.
+                 ~
+!!! error TS1005: ']' expected.
+                    ~
+!!! error TS2564: Property ']' has no initializer and is not definitely assigned in the constructor.
     }

</message>
<stacktrace>
  at org.junit.Assert.fail(Assert.java:89)
  at kotlin.test.junit.JUnitAsserter.fail(JUnitSupport.kt:56)
  at kotlin.test.AssertionsKt__AssertionsKt.fail(Assertions.kt:563)
  at kotlin.test.AssertionsKt.fail(Unknown Source)
  at com.xemantic.kotlin.test.SameAsKt.sameAs(SameAs.kt:52)
  at com.xemantic.typescript.compiler.TypeScriptTestSupportKt.errorsMatchBaseline(TypeScriptTestSupport.kt:135)
  at com.xemantic.typescript.compiler.TypeScriptCompilerTests_I.indexSignatureWithInitializer1_ts has expected errors matching indexSignatureWithInitializer1_errors_txt(TypeScriptCompilerTests_I.kt:2730)
  at java.base/jdk.internal.reflect.DirectMethodHandleAccessor.invoke(DirectMethodHandleAccessor.java:104)
  at java.base/java.lang.reflect.Method.invoke(Method.java:565)
  at org.junit.runners.model.FrameworkMethod$1.runReflectiveCall(FrameworkMethod.java:59)
  at org.junit.internal.runners.model.ReflectiveCallable.run(ReflectiveCallable.java:12)
  at org.junit.runners.model.FrameworkMethod.invokeExplosively(FrameworkMethod.java:56)
  at org.junit.internal.runners.statements.InvokeMethod.evaluate(InvokeMethod.java:17)
  at org.junit.runners.ParentRunner$3.evaluate(ParentRunner.java:306)
  at org.junit.runners.BlockJUnit4ClassRunner$1.evaluate(BlockJUnit4ClassRunner.java:100)
  at org.junit.runners.ParentRunner.runLeaf(ParentRunner.java:366)
  at org.junit.runners.BlockJUnit4ClassRunner.runChild(BlockJUnit4ClassRunner.java:103)
  at org.junit.runners.BlockJUnit4ClassRunner.runChild(BlockJUnit4ClassRunner.java:63)
  at org.junit.runners.ParentRunner$4.run(ParentRunner.java:331)
  at org.junit.runners.ParentRunner$1.schedule(ParentRunner.java:79)
  at org.junit.runners.ParentRunner.runChildren(ParentRunner.java:329)
  at org.junit.runners.ParentRunner.access$100(ParentRunner.java:66)
  at org.junit.runners.ParentRunner$2.evaluate(ParentRunner.java:293)
  at org.junit.runners.ParentRunner$3.evaluate(ParentRunner.java:306)
  at org.junit.runners.ParentRunner.run(ParentRunner.java:413)
  at org.junit.runner.JUnitCore.run(JUnitCore.java:137)
  at org.junit.runner.JUnitCore.run(JUnitCore.java:115)
  at org.gradle.api.internal.tasks.testing.junit.JUnitTestExecutor.runRequest(JUnitTestExecutor.java:175)
  at org.gradle.api.internal.tasks.testing.junit.JUnitTestExecutor.accept(JUnitTestExecutor.java:84)
  at org.gradle.api.internal.tasks.testing.junit.JUnitTestExecutor.accept(JUnitTestExecutor.java:47)
  at org.gradle.api.internal.tasks.testing.junit.AbstractJUnitTestDefinitionProcessor.processTestDefinition(AbstractJUnitTestDefinitionProcessor.java:65)
  at org.gradle.api.internal.tasks.testing.SuiteTestDefinitionProcessor.processTestDefinition(SuiteTestDefinitionProcessor.java:54)
  at java.base/jdk.internal.reflect.DirectMethodHandleAccessor.invoke(DirectMethodHandleAccessor.java:104)
  at java.base/java.lang.reflect.Method.invoke(Method.java:565)
  at org.gradle.internal.dispatch.MethodInvocation.invokeOn(MethodInvocation.java:77)
  at org.gradle.internal.dispatch.ReflectionDispatch.dispatch(ReflectionDispatch.java:28)
  at org.gradle.internal.dispatch.ReflectionDispatch.dispatch(ReflectionDispatch.java:19)
  at org.gradle.internal.dispatch.ContextClassLoaderDispatch.dispatch(ContextClassLoaderDispatch.java:33)
  at org.gradle.internal.dispatch.ProxyDispatchAdapter$DispatchingInvocationHandler.invoke(ProxyDispatchAdapter.java:88)
  at jdk.proxy1/jdk.proxy1.$Proxy4.processTestDefinition(Unknown Source)
  at org.gradle.api.internal.tasks.testing.worker.TestWorker$2.run(TestWorker.java:178)
  at org.gradle.api.internal.tasks.testing.worker.TestWorker.executeAndMaintainThreadName(TestWorker.java:126)
  at org.gradle.api.internal.tasks.testing.worker.TestWorker.execute(TestWorker.java:103)
  at org.gradle.api.internal.tasks.testing.worker.TestWorker.execute(TestWorker.java:63)
  at org.gradle.process.internal.worker.child.ActionExecutionWorker.execute(ActionExecutionWorker.java:56)
  at org.gradle.process.internal.worker.child.SystemApplicationClassLoaderWorker.call(SystemApplicationClassLoaderWorker.java:122)
  at org.gradle.process.internal.worker.child.SystemApplicationClassLoaderWorker.call(SystemApplicationClassLoaderWorker.java:72)
  at worker.org.gradle.process.internal.worker.GradleWorkerMain.run(GradleWorkerMain.java:69)
  at worker.org.gradle.process.internal.worker.GradleWorkerMain.main(GradleWorkerMain.java:74)
</stacktrace>
</test-failure>


TypeScriptCompilerTests_I[jvm] > indexSignatureWithInitializer1_ts has expected errors matching indexSignatureWithInitializer1_errors_txt[jvm] FAILED

<test-failure test="com.xemantic.typescript.compiler.TypeScriptCompilerTests_I.inheritanceStaticAccessorOverridingMethod_ts has expected errors matching inheritanceStaticAccessorOverridingMethod_errors_txt" platform="jvm">
<message>
Expected diagnostics from baseline typescript-repo/tests/baselines/reference/inheritanceStaticAccessorOverridingMethod.errors.txt but none produced
</message>
<stacktrace>
  at com.xemantic.typescript.compiler.TypeScriptTestSupportKt.errorsMatchBaseline(TypeScriptTestSupport.kt:125)
  at com.xemantic.typescript.compiler.TypeScriptCompilerTests_I.inheritanceStaticAccessorOverridingMethod_ts has expected errors matching inheritanceStaticAccessorOverridingMethod_errors_txt(TypeScriptCompilerTests_I.kt:4123)
  at java.base/jdk.internal.reflect.DirectMethodHandleAccessor.invoke(DirectMethodHandleAccessor.java:104)
  at java.base/java.lang.reflect.Method.invoke(Method.java:565)
  at org.junit.runners.model.FrameworkMethod$1.runReflectiveCall(FrameworkMethod.java:59)
  at org.junit.internal.runners.model.ReflectiveCallable.run(ReflectiveCallable.java:12)
  at org.junit.runners.model.FrameworkMethod.invokeExplosively(FrameworkMethod.java:56)
  at org.junit.internal.runners.statements.InvokeMethod.evaluate(InvokeMethod.java:17)
  at org.junit.runners.ParentRunner$3.evaluate(ParentRunner.java:306)
  at org.junit.runners.BlockJUnit4ClassRunner$1.evaluate(BlockJUnit4ClassRunner.java:100)
  at org.junit.runners.ParentRunner.runLeaf(ParentRunner.java:366)
  at org.junit.runners.BlockJUnit4ClassRunner.runChild(BlockJUnit4ClassRunner.java:103)
  at org.junit.runners.BlockJUnit4ClassRunner.runChild(BlockJUnit4ClassRunner.java:63)
  at org.junit.runners.ParentRunner$4.run(ParentRunner.java:331)
  at org.junit.runners.ParentRunner$1.schedule(ParentRunner.java:79)
  at org.junit.runners.ParentRunner.runChildren(ParentRunner.java:329)
  at org.junit.runners.ParentRunner.access$100(ParentRunner.java:66)
  at org.junit.runners.ParentRunner$2.evaluate(ParentRunner.java:293)
  at org.junit.runners.ParentRunner$3.evaluate(ParentRunner.java:306)
  at org.junit.runners.ParentRunner.run(ParentRunner.java:413)
  at org.junit.runner.JUnitCore.run(JUnitCore.java:137)
  at org.junit.runner.JUnitCore.run(JUnitCore.java:115)
  at org.gradle.api.internal.tasks.testing.junit.JUnitTestExecutor.runRequest(JUnitTestExecutor.java:175)
  at org.gradle.api.internal.tasks.testing.junit.JUnitTestExecutor.accept(JUnitTestExecutor.java:84)
  at org.gradle.api.internal.tasks.testing.junit.JUnitTestExecutor.accept(JUnitTestExecutor.java:47)
  at org.gradle.api.internal.tasks.testing.junit.AbstractJUnitTestDefinitionProcessor.processTestDefinition(AbstractJUnitTestDefinitionProcessor.java:65)
  at org.gradle.api.internal.tasks.testing.SuiteTestDefinitionProcessor.processTestDefinition(SuiteTestDefinitionProcessor.java:54)
  at java.base/jdk.internal.reflect.DirectMethodHandleAccessor.invoke(DirectMethodHandleAccessor.java:104)
  at java.base/java.lang.reflect.Method.invoke(Method.java:565)
  at org.gradle.internal.dispatch.MethodInvocation.invokeOn(MethodInvocation.java:77)
  at org.gradle.internal.dispatch.ReflectionDispatch.dispatch(ReflectionDispatch.java:28)
  at org.gradle.internal.dispatch.ReflectionDispatch.dispatch(ReflectionDispatch.java:19)
  at org.gradle.internal.dispatch.ContextClassLoaderDispatch.dispatch(ContextClassLoaderDispatch.java:33)
  at org.gradle.internal.dispatch.ProxyDispatchAdapter$DispatchingInvocationHandler.invoke(ProxyDispatchAdapter.java:88)
  at jdk.proxy1/jdk.proxy1.$Proxy4.processTestDefinition(Unknown Source)
  at org.gradle.api.internal.tasks.testing.worker.TestWorker$2.run(TestWorker.java:178)
  at org.gradle.api.internal.tasks.testing.worker.TestWorker.executeAndMaintainThreadName(TestWorker.java:126)
  at org.gradle.api.internal.tasks.testing.worker.TestWorker.execute(TestWorker.java:103)
  at org.gradle.api.internal.tasks.testing.worker.TestWorker.execute(TestWorker.java:63)
  at org.gradle.process.internal.worker.child.ActionExecutionWorker.execute(ActionExecutionWorker.java:56)
  at org.gradle.process.internal.worker.child.SystemApplicationClassLoaderWorker.call(SystemApplicationClassLoaderWorker.java:122)
  at org.gradle.process.internal.worker.child.SystemApplicationClassLoaderWorker.call(SystemApplicationClassLoaderWorker.java:72)
  at worker.org.gradle.process.internal.worker.GradleWorkerMain.run(GradleWorkerMain.java:69)
  at worker.org.gradle.process.internal.worker.GradleWorkerMain.main(GradleWorkerMain.java:74)
</stacktrace>
</test-failure>


TypeScriptCompilerTests_I[jvm] > inheritanceStaticAccessorOverridingMethod_ts has expected errors matching inheritanceStaticAccessorOverridingMethod_errors_txt[jvm] FAILED

<test-failure test="com.xemantic.typescript.compiler.TypeScriptCompilerTests_I.inheritedConstructorWithRestParams_ts has expected errors matching inheritedConstructorWithRestParams_errors_txt" platform="jvm">
<message>
Expected diagnostics from baseline typescript-repo/tests/baselines/reference/inheritedConstructorWithRestParams.errors.txt but none produced
</message>
<stacktrace>
  at com.xemantic.typescript.compiler.TypeScriptTestSupportKt.errorsMatchBaseline(TypeScriptTestSupport.kt:125)
  at com.xemantic.typescript.compiler.TypeScriptCompilerTests_I.inheritedConstructorWithRestParams_ts has expected errors matching inheritedConstructorWithRestParams_errors_txt(TypeScriptCompilerTests_I.kt:4256)
  at java.base/jdk.internal.reflect.DirectMethodHandleAccessor.invoke(DirectMethodHandleAccessor.java:104)
  at java.base/java.lang.reflect.Method.invoke(Method.java:565)
  at org.junit.runners.model.FrameworkMethod$1.runReflectiveCall(FrameworkMethod.java:59)
  at org.junit.internal.runners.model.ReflectiveCallable.run(ReflectiveCallable.java:12)
  at org.junit.runners.model.FrameworkMethod.invokeExplosively(FrameworkMethod.java:56)
  at org.junit.internal.runners.statements.InvokeMethod.evaluate(InvokeMethod.java:17)
  at org.junit.runners.ParentRunner$3.evaluate(ParentRunner.java:306)
  at org.junit.runners.BlockJUnit4ClassRunner$1.evaluate(BlockJUnit4ClassRunner.java:100)
  at org.junit.runners.ParentRunner.runLeaf(ParentRunner.java:366)
  at org.junit.runners.BlockJUnit4ClassRunner.runChild(BlockJUnit4ClassRunner.java:103)
  at org.junit.runners.BlockJUnit4ClassRunner.runChild(BlockJUnit4ClassRunner.java:63)
  at org.junit.runners.ParentRunner$4.run(ParentRunner.java:331)
  at org.junit.runners.ParentRunner$1.schedule(ParentRunner.java:79)
  at org.junit.runners.ParentRunner.runChildren(ParentRunner.java:329)
  at org.junit.runners.ParentRunner.access$100(ParentRunner.java:66)
  at org.junit.runners.ParentRunner$2.evaluate(ParentRunner.java:293)
  at org.junit.runners.ParentRunner$3.evaluate(ParentRunner.java:306)
  at org.junit.runners.ParentRunner.run(ParentRunner.java:413)
  at org.junit.runner.JUnitCore.run(JUnitCore.java:137)
  at org.junit.runner.JUnitCore.run(JUnitCore.java:115)
  at org.gradle.api.internal.tasks.testing.junit.JUnitTestExecutor.runRequest(JUnitTestExecutor.java:175)
  at org.gradle.api.internal.tasks.testing.junit.JUnitTestExecutor.accept(JUnitTestExecutor.java:84)
  at org.gradle.api.internal.tasks.testing.junit.JUnitTestExecutor.accept(JUnitTestExecutor.java:47)
  at org.gradle.api.internal.tasks.testing.junit.AbstractJUnitTestDefinitionProcessor.processTestDefinition(AbstractJUnitTestDefinitionProcessor.java:65)
  at org.gradle.api.internal.tasks.testing.SuiteTestDefinitionProcessor.processTestDefinition(SuiteTestDefinitionProcessor.java:54)
  at java.base/jdk.internal.reflect.DirectMethodHandleAccessor.invoke(DirectMethodHandleAccessor.java:104)
  at java.base/java.lang.reflect.Method.invoke(Method.java:565)
  at org.gradle.internal.dispatch.MethodInvocation.invokeOn(MethodInvocation.java:77)
  at org.gradle.internal.dispatch.ReflectionDispatch.dispatch(ReflectionDispatch.java:28)
  at org.gradle.internal.dispatch.ReflectionDispatch.dispatch(ReflectionDispatch.java:19)
  at org.gradle.internal.dispatch.ContextClassLoaderDispatch.dispatch(ContextClassLoaderDispatch.java:33)
  at org.gradle.internal.dispatch.ProxyDispatchAdapter$DispatchingInvocationHandler.invoke(ProxyDispatchAdapter.java:88)
  at jdk.proxy1/jdk.proxy1.$Proxy4.processTestDefinition(Unknown Source)
  at org.gradle.api.internal.tasks.testing.worker.TestWorker$2.run(TestWorker.java:178)
  at org.gradle.api.internal.tasks.testing.worker.TestWorker.executeAndMaintainThreadName(TestWorker.java:126)
  at org.gradle.api.internal.tasks.testing.worker.TestWorker.execute(TestWorker.java:103)
  at org.gradle.api.internal.tasks.testing.worker.TestWorker.execute(TestWorker.java:63)
  at org.gradle.process.internal.worker.child.ActionExecutionWorker.execute(ActionExecutionWorker.java:56)
  at org.gradle.process.internal.worker.child.SystemApplicationClassLoaderWorker.call(SystemApplicationClassLoaderWorker.java:122)
  at org.gradle.process.internal.worker.child.SystemApplicationClassLoaderWorker.call(SystemApplicationClassLoaderWorker.java:72)
  at worker.org.gradle.process.internal.worker.GradleWorkerMain.run(GradleWorkerMain.java:69)
  at worker.org.gradle.process.internal.worker.GradleWorkerMain.main(GradleWorkerMain.java:74)
</stacktrace>
</test-failure>


TypeScriptCompilerTests_I[jvm] > inheritedConstructorWithRestParams_ts has expected errors matching inheritedConstructorWithRestParams_errors_txt[jvm] FAILED

<test-failure test="com.xemantic.typescript.compiler.TypeScriptCompilerTests_I.importedEnumMemberMergedWithExportedAliasIsError_ts compiles to JavaScript matching importedEnumMemberMergedWithExportedAliasIsError_js" platform="jvm">
<message>
--- expected
+++ actual
@@ -25,3 +25,5 @@
 //// [alias.js]
 "use strict";
 Object.defineProperty(exports, "__esModule", { value: true });
+const enum_1 = require("./enum");
+var EnumA = enum_1.Enum.A;

</message>
<stacktrace>
  at org.junit.Assert.fail(Assert.java:89)
  at kotlin.test.junit.JUnitAsserter.fail(JUnitSupport.kt:56)
  at kotlin.test.AssertionsKt__AssertionsKt.fail(Assertions.kt:563)
  at kotlin.test.AssertionsKt.fail(Unknown Source)
  at com.xemantic.kotlin.test.SameAsKt.sameAs(SameAs.kt:52)
  at com.xemantic.typescript.compiler.TypeScriptTestSupportKt.sameAs(TypeScriptTestSupport.kt:99)
  at com.xemantic.typescript.compiler.TypeScriptCompilerTests_I.importedEnumMemberMergedWithExportedAliasIsError_ts compiles to JavaScript matching importedEnumMemberMergedWithExportedAliasIsError_js(TypeScriptCompilerTests_I.kt:2163)
  at java.base/jdk.internal.reflect.DirectMethodHandleAccessor.invoke(DirectMethodHandleAccessor.java:104)
  at java.base/java.lang.reflect.Method.invoke(Method.java:565)
  at org.junit.runners.model.FrameworkMethod$1.runReflectiveCall(FrameworkMethod.java:59)
  at org.junit.internal.runners.model.ReflectiveCallable.run(ReflectiveCallable.java:12)
  at org.junit.runners.model.FrameworkMethod.invokeExplosively(FrameworkMethod.java:56)
  at org.junit.internal.runners.statements.InvokeMethod.evaluate(InvokeMethod.java:17)
  at org.junit.runners.ParentRunner$3.evaluate(ParentRunner.java:306)
  at org.junit.runners.BlockJUnit4ClassRunner$1.evaluate(BlockJUnit4ClassRunner.java:100)
  at org.junit.runners.ParentRunner.runLeaf(ParentRunner.java:366)
  at org.junit.runners.BlockJUnit4ClassRunner.runChild(BlockJUnit4ClassRunner.java:103)
  at org.junit.runners.BlockJUnit4ClassRunner.runChild(BlockJUnit4ClassRunner.java:63)
  at org.junit.runners.ParentRunner$4.run(ParentRunner.java:331)
  at org.junit.runners.ParentRunner$1.schedule(ParentRunner.java:79)
  at org.junit.runners.ParentRunner.runChildren(ParentRunner.java:329)
  at org.junit.runners.ParentRunner.access$100(ParentRunner.java:66)
  at org.junit.runners.ParentRunner$2.evaluate(ParentRunner.java:293)
  at org.junit.runners.ParentRunner$3.evaluate(ParentRunner.java:306)
  at org.junit.runners.ParentRunner.run(ParentRunner.java:413)
  at org.junit.runner.JUnitCore.run(JUnitCore.java:137)
  at org.junit.runner.JUnitCore.run(JUnitCore.java:115)
  at org.gradle.api.internal.tasks.testing.junit.JUnitTestExecutor.runRequest(JUnitTestExecutor.java:175)
  at org.gradle.api.internal.tasks.testing.junit.JUnitTestExecutor.accept(JUnitTestExecutor.java:84)
  at org.gradle.api.internal.tasks.testing.junit.JUnitTestExecutor.accept(JUnitTestExecutor.java:47)
  at org.gradle.api.internal.tasks.testing.junit.AbstractJUnitTestDefinitionProcessor.processTestDefinition(AbstractJUnitTestDefinitionProcessor.java:65)
  at org.gradle.api.internal.tasks.testing.SuiteTestDefinitionProcessor.processTestDefinition(SuiteTestDefinitionProcessor.java:54)
  at java.base/jdk.internal.reflect.DirectMethodHandleAccessor.invoke(DirectMethodHandleAccessor.java:104)
  at java.base/java.lang.reflect.Method.invoke(Method.java:565)
  at org.gradle.internal.dispatch.MethodInvocation.invokeOn(MethodInvocation.java:77)
  at org.gradle.internal.dispatch.ReflectionDispatch.dispatch(ReflectionDispatch.java:28)
  at org.gradle.internal.dispatch.ReflectionDispatch.dispatch(ReflectionDispatch.java:19)
  at org.gradle.internal.dispatch.ContextClassLoaderDispatch.dispatch(ContextClassLoaderDispatch.java:33)
  at org.gradle.internal.dispatch.ProxyDispatchAdapter$DispatchingInvocationHandler.invoke(ProxyDispatchAdapter.java:88)
  at jdk.proxy1/jdk.proxy1.$Proxy4.processTestDefinition(Unknown Source)
  at org.gradle.api.internal.tasks.testing.worker.TestWorker$2.run(TestWorker.java:178)
  at org.gradle.api.internal.tasks.testing.worker.TestWorker.executeAndMaintainThreadName(TestWorker.java:126)
  at org.gradle.api.internal.tasks.testing.worker.TestWorker.execute(TestWorker.java:103)
  at org.gradle.api.internal.tasks.testing.worker.TestWorker.execute(TestWorker.java:63)
  at org.gradle.process.internal.worker.child.ActionExecutionWorker.execute(ActionExecutionWorker.java:56)
  at org.gradle.process.internal.worker.child.SystemApplicationClassLoaderWorker.call(SystemApplicationClassLoaderWorker.java:122)
  at org.gradle.process.internal.worker.child.SystemApplicationClassLoaderWorker.call(SystemApplicationClassLoaderWorker.java:72)
  at worker.org.gradle.process.internal.worker.GradleWorkerMain.run(GradleWorkerMain.java:69)
  at worker.org.gradle.process.internal.worker.GradleWorkerMain.main(GradleWorkerMain.java:74)
</stacktrace>
</test-failure>


TypeScriptCompilerTests_I[jvm] > importedEnumMemberMergedWithExportedAliasIsError_ts compiles to JavaScript matching importedEnumMemberMergedWithExportedAliasIsError_js[jvm] FAILED

<test-failure test="com.xemantic.typescript.compiler.TypeScriptCompilerTests_I.importNonExportedMember3_ts has expected errors matching importNonExportedMember3_errors_txt" platform="jvm">
<message>
Expected diagnostics from baseline typescript-repo/tests/baselines/reference/importNonExportedMember3.errors.txt but none produced
</message>
<stacktrace>
  at com.xemantic.typescript.compiler.TypeScriptTestSupportKt.errorsMatchBaseline(TypeScriptTestSupport.kt:125)
  at com.xemantic.typescript.compiler.TypeScriptCompilerTests_I.importNonExportedMember3_ts has expected errors matching importNonExportedMember3_errors_txt(TypeScriptCompilerTests_I.kt:1869)
  at java.base/jdk.internal.reflect.DirectMethodHandleAccessor.invoke(DirectMethodHandleAccessor.java:104)
  at java.base/java.lang.reflect.Method.invoke(Method.java:565)
  at org.junit.runners.model.FrameworkMethod$1.runReflectiveCall(FrameworkMethod.java:59)
  at org.junit.internal.runners.model.ReflectiveCallable.run(ReflectiveCallable.java:12)
  at org.junit.runners.model.FrameworkMethod.invokeExplosively(FrameworkMethod.java:56)
  at org.junit.internal.runners.statements.InvokeMethod.evaluate(InvokeMethod.java:17)
  at org.junit.runners.ParentRunner$3.evaluate(ParentRunner.java:306)
  at org.junit.runners.BlockJUnit4ClassRunner$1.evaluate(BlockJUnit4ClassRunner.java:100)
  at org.junit.runners.ParentRunner.runLeaf(ParentRunner.java:366)
  at org.junit.runners.BlockJUnit4ClassRunner.runChild(BlockJUnit4ClassRunner.java:103)
  at org.junit.runners.BlockJUnit4ClassRunner.runChild(BlockJUnit4ClassRunner.java:63)
  at org.junit.runners.ParentRunner$4.run(ParentRunner.java:331)
  at org.junit.runners.ParentRunner$1.schedule(ParentRunner.java:79)
  at org.junit.runners.ParentRunner.runChildren(ParentRunner.java:329)
  at org.junit.runners.ParentRunner.access$100(ParentRunner.java:66)
  at org.junit.runners.ParentRunner$2.evaluate(ParentRunner.java:293)
  at org.junit.runners.ParentRunner$3.evaluate(ParentRunner.java:306)
  at org.junit.runners.ParentRunner.run(ParentRunner.java:413)
  at org.junit.runner.JUnitCore.run(JUnitCore.java:137)
  at org.junit.runner.JUnitCore.run(JUnitCore.java:115)
  at org.gradle.api.internal.tasks.testing.junit.JUnitTestExecutor.runRequest(JUnitTestExecutor.java:175)
  at org.gradle.api.internal.tasks.testing.junit.JUnitTestExecutor.accept(JUnitTestExecutor.java:84)
  at org.gradle.api.internal.tasks.testing.junit.JUnitTestExecutor.accept(JUnitTestExecutor.java:47)
  at org.gradle.api.internal.tasks.testing.junit.AbstractJUnitTestDefinitionProcessor.processTestDefinition(AbstractJUnitTestDefinitionProcessor.java:65)
  at org.gradle.api.internal.tasks.testing.SuiteTestDefinitionProcessor.processTestDefinition(SuiteTestDefinitionProcessor.java:54)
  at java.base/jdk.internal.reflect.DirectMethodHandleAccessor.invoke(DirectMethodHandleAccessor.java:104)
  at java.base/java.lang.reflect.Method.invoke(Method.java:565)
  at org.gradle.internal.dispatch.MethodInvocation.invokeOn(MethodInvocation.java:77)
  at org.gradle.internal.dispatch.ReflectionDispatch.dispatch(ReflectionDispatch.java:28)
  at org.gradle.internal.dispatch.ReflectionDispatch.dispatch(ReflectionDispatch.java:19)
  at org.gradle.internal.dispatch.ContextClassLoaderDispatch.dispatch(ContextClassLoaderDispatch.java:33)
  at org.gradle.internal.dispatch.ProxyDispatchAdapter$DispatchingInvocationHandler.invoke(ProxyDispatchAdapter.java:88)
  at jdk.proxy1/jdk.proxy1.$Proxy4.processTestDefinition(Unknown Source)
  at org.gradle.api.internal.tasks.testing.worker.TestWorker$2.run(TestWorker.java:178)
  at org.gradle.api.internal.tasks.testing.worker.TestWorker.executeAndMaintainThreadName(TestWorker.java:126)
  at org.gradle.api.internal.tasks.testing.worker.TestWorker.execute(TestWorker.java:103)
  at org.gradle.api.internal.tasks.testing.worker.TestWorker.execute(TestWorker.java:63)
  at org.gradle.process.internal.worker.child.ActionExecutionWorker.execute(ActionExecutionWorker.java:56)
  at org.gradle.process.internal.worker.child.SystemApplicationClassLoaderWorker.call(SystemApplicationClassLoaderWorker.java:122)
  at org.gradle.process.internal.worker.child.SystemApplicationClassLoaderWorker.call(SystemApplicationClassLoaderWorker.java:72)
  at worker.org.gradle.process.internal.worker.GradleWorkerMain.run(GradleWorkerMain.java:69)
  at worker.org.gradle.process.internal.worker.GradleWorkerMain.main(GradleWorkerMain.java:74)
</stacktrace>
</test-failure>


TypeScriptCompilerTests_I[jvm] > importNonExportedMember3_ts has expected errors matching importNonExportedMember3_errors_txt[jvm] FAILED

<test-failure test="com.xemantic.typescript.compiler.TypeScriptCompilerTests_I.invalidUseOfTypeAsNamespace_ts has expected errors matching invalidUseOfTypeAsNamespace_errors_txt" platform="jvm">
<message>
Expected diagnostics from baseline typescript-repo/tests/baselines/reference/invalidUseOfTypeAsNamespace.errors.txt but none produced
</message>
<stacktrace>
  at com.xemantic.typescript.compiler.TypeScriptTestSupportKt.errorsMatchBaseline(TypeScriptTestSupport.kt:125)
  at com.xemantic.typescript.compiler.TypeScriptCompilerTests_I.invalidUseOfTypeAsNamespace_ts has expected errors matching invalidUseOfTypeAsNamespace_errors_txt(TypeScriptCompilerTests_I.kt:6342)
  at java.base/jdk.internal.reflect.DirectMethodHandleAccessor.invoke(DirectMethodHandleAccessor.java:104)
  at java.base/java.lang.reflect.Method.invoke(Method.java:565)
  at org.junit.runners.model.FrameworkMethod$1.runReflectiveCall(FrameworkMethod.java:59)
  at org.junit.internal.runners.model.ReflectiveCallable.run(ReflectiveCallable.java:12)
  at org.junit.runners.model.FrameworkMethod.invokeExplosively(FrameworkMethod.java:56)
  at org.junit.internal.runners.statements.InvokeMethod.evaluate(InvokeMethod.java:17)
  at org.junit.runners.ParentRunner$3.evaluate(ParentRunner.java:306)
  at org.junit.runners.BlockJUnit4ClassRunner$1.evaluate(BlockJUnit4ClassRunner.java:100)
  at org.junit.runners.ParentRunner.runLeaf(ParentRunner.java:366)
  at org.junit.runners.BlockJUnit4ClassRunner.runChild(BlockJUnit4ClassRunner.java:103)
  at org.junit.runners.BlockJUnit4ClassRunner.runChild(BlockJUnit4ClassRunner.java:63)
  at org.junit.runners.ParentRunner$4.run(ParentRunner.java:331)
  at org.junit.runners.ParentRunner$1.schedule(ParentRunner.java:79)
  at org.junit.runners.ParentRunner.runChildren(ParentRunner.java:329)
  at org.junit.runners.ParentRunner.access$100(ParentRunner.java:66)
  at org.junit.runners.ParentRunner$2.evaluate(ParentRunner.java:293)
  at org.junit.runners.ParentRunner$3.evaluate(ParentRunner.java:306)
  at org.junit.runners.ParentRunner.run(ParentRunner.java:413)
  at org.junit.runner.JUnitCore.run(JUnitCore.java:137)
  at org.junit.runner.JUnitCore.run(JUnitCore.java:115)
  at org.gradle.api.internal.tasks.testing.junit.JUnitTestExecutor.runRequest(JUnitTestExecutor.java:175)
  at org.gradle.api.internal.tasks.testing.junit.JUnitTestExecutor.accept(JUnitTestExecutor.java:84)
  at org.gradle.api.internal.tasks.testing.junit.JUnitTestExecutor.accept(JUnitTestExecutor.java:47)
  at org.gradle.api.internal.tasks.testing.junit.AbstractJUnitTestDefinitionProcessor.processTestDefinition(AbstractJUnitTestDefinitionProcessor.java:65)
  at org.gradle.api.internal.tasks.testing.SuiteTestDefinitionProcessor.processTestDefinition(SuiteTestDefinitionProcessor.java:54)
  at java.base/jdk.internal.reflect.DirectMethodHandleAccessor.invoke(DirectMethodHandleAccessor.java:104)
  at java.base/java.lang.reflect.Method.invoke(Method.java:565)
  at org.gradle.internal.dispatch.MethodInvocation.invokeOn(MethodInvocation.java:77)
  at org.gradle.internal.dispatch.ReflectionDispatch.dispatch(ReflectionDispatch.java:28)
  at org.gradle.internal.dispatch.ReflectionDispatch.dispatch(ReflectionDispatch.java:19)
  at org.gradle.internal.dispatch.ContextClassLoaderDispatch.dispatch(ContextClassLoaderDispatch.java:33)
  at org.gradle.internal.dispatch.ProxyDispatchAdapter$DispatchingInvocationHandler.invoke(ProxyDispatchAdapter.java:88)
  at jdk.proxy1/jdk.proxy1.$Proxy4.processTestDefinition(Unknown Source)
  at org.gradle.api.internal.tasks.testing.worker.TestWorker$2.run(TestWorker.java:178)
  at org.gradle.api.internal.tasks.testing.worker.TestWorker.executeAndMaintainThreadName(TestWorker.java:126)
  at org.gradle.api.internal.tasks.testing.worker.TestWorker.execute(TestWorker.java:103)
  at org.gradle.api.internal.tasks.testing.worker.TestWorker.execute(TestWorker.java:63)
  at org.gradle.process.internal.worker.child.ActionExecutionWorker.execute(ActionExecutionWorker.java:56)
  at org.gradle.process.internal.worker.child.SystemApplicationClassLoaderWorker.call(SystemApplicationClassLoaderWorker.java:122)
  at org.gradle.process.internal.worker.child.SystemApplicationClassLoaderWorker.call(SystemApplicationClassLoaderWorker.java:72)
  at worker.org.gradle.process.internal.worker.GradleWorkerMain.run(GradleWorkerMain.java:69)
  at worker.org.gradle.process.internal.worker.GradleWorkerMain.main(GradleWorkerMain.java:74)
</stacktrace>
</test-failure>


TypeScriptCompilerTests_I[jvm] > invalidUseOfTypeAsNamespace_ts has expected errors matching invalidUseOfTypeAsNamespace_errors_txt[jvm] FAILED

<test-failure test="com.xemantic.typescript.compiler.TypeScriptCompilerTests_I.innerModExport2_ts has expected errors matching innerModExport2_errors_txt" platform="jvm">
<message>
Expected diagnostics from baseline typescript-repo/tests/baselines/reference/innerModExport2.errors.txt but none produced
</message>
<stacktrace>
  at com.xemantic.typescript.compiler.TypeScriptTestSupportKt.errorsMatchBaseline(TypeScriptTestSupport.kt:125)
  at com.xemantic.typescript.compiler.TypeScriptCompilerTests_I.innerModExport2_ts has expected errors matching innerModExport2_errors_txt(TypeScriptCompilerTests_I.kt:4599)
  at java.base/jdk.internal.reflect.DirectMethodHandleAccessor.invoke(DirectMethodHandleAccessor.java:104)
  at java.base/java.lang.reflect.Method.invoke(Method.java:565)
  at org.junit.runners.model.FrameworkMethod$1.runReflectiveCall(FrameworkMethod.java:59)
  at org.junit.internal.runners.model.ReflectiveCallable.run(ReflectiveCallable.java:12)
  at org.junit.runners.model.FrameworkMethod.invokeExplosively(FrameworkMethod.java:56)
  at org.junit.internal.runners.statements.InvokeMethod.evaluate(InvokeMethod.java:17)
  at org.junit.runners.ParentRunner$3.evaluate(ParentRunner.java:306)
  at org.junit.runners.BlockJUnit4ClassRunner$1.evaluate(BlockJUnit4ClassRunner.java:100)
  at org.junit.runners.ParentRunner.runLeaf(ParentRunner.java:366)
  at org.junit.runners.BlockJUnit4ClassRunner.runChild(BlockJUnit4ClassRunner.java:103)
  at org.junit.runners.BlockJUnit4ClassRunner.runChild(BlockJUnit4ClassRunner.java:63)
  at org.junit.runners.ParentRunner$4.run(ParentRunner.java:331)
  at org.junit.runners.ParentRunner$1.schedule(ParentRunner.java:79)
  at org.junit.runners.ParentRunner.runChildren(ParentRunner.java:329)
  at org.junit.runners.ParentRunner.access$100(ParentRunner.java:66)
  at org.junit.runners.ParentRunner$2.evaluate(ParentRunner.java:293)
  at org.junit.runners.ParentRunner$3.evaluate(ParentRunner.java:306)
  at org.junit.runners.ParentRunner.run(ParentRunner.java:413)
  at org.junit.runner.JUnitCore.run(JUnitCore.java:137)
  at org.junit.runner.JUnitCore.run(JUnitCore.java:115)
  at org.gradle.api.internal.tasks.testing.junit.JUnitTestExecutor.runRequest(JUnitTestExecutor.java:175)
  at org.gradle.api.internal.tasks.testing.junit.JUnitTestExecutor.accept(JUnitTestExecutor.java:84)
  at org.gradle.api.internal.tasks.testing.junit.JUnitTestExecutor.accept(JUnitTestExecutor.java:47)
  at org.gradle.api.internal.tasks.testing.junit.AbstractJUnitTestDefinitionProcessor.processTestDefinition(AbstractJUnitTestDefinitionProcessor.java:65)
  at org.gradle.api.internal.tasks.testing.SuiteTestDefinitionProcessor.processTestDefinition(SuiteTestDefinitionProcessor.java:54)
  at java.base/jdk.internal.reflect.DirectMethodHandleAccessor.invoke(DirectMethodHandleAccessor.java:104)
  at java.base/java.lang.reflect.Method.invoke(Method.java:565)
  at org.gradle.internal.dispatch.MethodInvocation.invokeOn(MethodInvocation.java:77)
  at org.gradle.internal.dispatch.ReflectionDispatch.dispatch(ReflectionDispatch.java:28)
  at org.gradle.internal.dispatch.ReflectionDispatch.dispatch(ReflectionDispatch.java:19)
  at org.gradle.internal.dispatch.ContextClassLoaderDispatch.dispatch(ContextClassLoaderDispatch.java:33)
  at org.gradle.internal.dispatch.ProxyDispatchAdapter$DispatchingInvocationHandler.invoke(ProxyDispatchAdapter.java:88)
  at jdk.proxy1/jdk.proxy1.$Proxy4.processTestDefinition(Unknown Source)
  at org.gradle.api.internal.tasks.testing.worker.TestWorker$2.run(TestWorker.java:178)
  at org.gradle.api.internal.tasks.testing.worker.TestWorker.executeAndMaintainThreadName(TestWorker.java:126)
  at org.gradle.api.internal.tasks.testing.worker.TestWorker.execute(TestWorker.java:103)
  at org.gradle.api.internal.tasks.testing.worker.TestWorker.execute(TestWorker.java:63)
  at org.gradle.process.internal.worker.child.ActionExecutionWorker.execute(ActionExecutionWorker.java:56)
  at org.gradle.process.internal.worker.child.SystemApplicationClassLoaderWorker.call(SystemApplicationClassLoaderWorker.java:122)
  at org.gradle.process.internal.worker.child.SystemApplicationClassLoaderWorker.call(SystemApplicationClassLoaderWorker.java:72)
  at worker.org.gradle.process.internal.worker.GradleWorkerMain.run(GradleWorkerMain.java:69)
  at worker.org.gradle.process.internal.worker.GradleWorkerMain.main(GradleWorkerMain.java:74)
</stacktrace>
</test-failure>


TypeScriptCompilerTests_I[jvm] > innerModExport2_ts has expected errors matching innerModExport2_errors_txt[jvm] FAILED

<test-failure test="com.xemantic.typescript.compiler.TypeScriptCompilerTests_I.inheritanceMemberAccessorOverridingProperty_ts has expected errors matching inheritanceMemberAccessorOverridingProperty_errors_txt" platform="jvm">
<message>
Expected diagnostics from baseline typescript-repo/tests/baselines/reference/inheritanceMemberAccessorOverridingProperty.errors.txt but none produced
</message>
<stacktrace>
  at com.xemantic.typescript.compiler.TypeScriptTestSupportKt.errorsMatchBaseline(TypeScriptTestSupport.kt:125)
  at com.xemantic.typescript.compiler.TypeScriptCompilerTests_I.inheritanceMemberAccessorOverridingProperty_ts has expected errors matching inheritanceMemberAccessorOverridingProperty_errors_txt(TypeScriptCompilerTests_I.kt:4025)
  at java.base/jdk.internal.reflect.DirectMethodHandleAccessor.invoke(DirectMethodHandleAccessor.java:104)
  at java.base/java.lang.reflect.Method.invoke(Method.java:565)
  at org.junit.runners.model.FrameworkMethod$1.runReflectiveCall(FrameworkMethod.java:59)
  at org.junit.internal.runners.model.ReflectiveCallable.run(ReflectiveCallable.java:12)
  at org.junit.runners.model.FrameworkMethod.invokeExplosively(FrameworkMethod.java:56)
  at org.junit.internal.runners.statements.InvokeMethod.evaluate(InvokeMethod.java:17)
  at org.junit.runners.ParentRunner$3.evaluate(ParentRunner.java:306)
  at org.junit.runners.BlockJUnit4ClassRunner$1.evaluate(BlockJUnit4ClassRunner.java:100)
  at org.junit.runners.ParentRunner.runLeaf(ParentRunner.java:366)
  at org.junit.runners.BlockJUnit4ClassRunner.runChild(BlockJUnit4ClassRunner.java:103)
  at org.junit.runners.BlockJUnit4ClassRunner.runChild(BlockJUnit4ClassRunner.java:63)
  at org.junit.runners.ParentRunner$4.run(ParentRunner.java:331)
  at org.junit.runners.ParentRunner$1.schedule(ParentRunner.java:79)
  at org.junit.runners.ParentRunner.runChildren(ParentRunner.java:329)
  at org.junit.runners.ParentRunner.access$100(ParentRunner.java:66)
  at org.junit.runners.ParentRunner$2.evaluate(ParentRunner.java:293)
  at org.junit.runners.ParentRunner$3.evaluate(ParentRunner.java:306)
  at org.junit.runners.ParentRunner.run(ParentRunner.java:413)
  at org.junit.runner.JUnitCore.run(JUnitCore.java:137)
  at org.junit.runner.JUnitCore.run(JUnitCore.java:115)
  at org.gradle.api.internal.tasks.testing.junit.JUnitTestExecutor.runRequest(JUnitTestExecutor.java:175)
  at org.gradle.api.internal.tasks.testing.junit.JUnitTestExecutor.accept(JUnitTestExecutor.java:84)
  at org.gradle.api.internal.tasks.testing.junit.JUnitTestExecutor.accept(JUnitTestExecutor.java:47)
  at org.gradle.api.internal.tasks.testing.junit.AbstractJUnitTestDefinitionProcessor.processTestDefinition(AbstractJUnitTestDefinitionProcessor.java:65)
  at org.gradle.api.internal.tasks.testing.SuiteTestDefinitionProcessor.processTestDefinition(SuiteTestDefinitionProcessor.java:54)
  at java.base/jdk.internal.reflect.DirectMethodHandleAccessor.invoke(DirectMethodHandleAccessor.java:104)
  at java.base/java.lang.reflect.Method.invoke(Method.java:565)
  at org.gradle.internal.dispatch.MethodInvocation.invokeOn(MethodInvocation.java:77)
  at org.gradle.internal.dispatch.ReflectionDispatch.dispatch(ReflectionDispatch.java:28)
  at org.gradle.internal.dispatch.ReflectionDispatch.dispatch(ReflectionDispatch.java:19)
  at org.gradle.internal.dispatch.ContextClassLoaderDispatch.dispatch(ContextClassLoaderDispatch.java:33)
  at org.gradle.internal.dispatch.ProxyDispatchAdapter$DispatchingInvocationHandler.invoke(ProxyDispatchAdapter.java:88)
  at jdk.proxy1/jdk.proxy1.$Proxy4.processTestDefinition(Unknown Source)
  at org.gradle.api.internal.tasks.testing.worker.TestWorker$2.run(TestWorker.java:178)
  at org.gradle.api.internal.tasks.testing.worker.TestWorker.executeAndMaintainThreadName(TestWorker.java:126)
  at org.gradle.api.internal.tasks.testing.worker.TestWorker.execute(TestWorker.java:103)
  at org.gradle.api.internal.tasks.testing.worker.TestWorker.execute(TestWorker.java:63)
  at org.gradle.process.internal.worker.child.ActionExecutionWorker.execute(ActionExecutionWorker.java:56)
  at org.gradle.process.internal.worker.child.SystemApplicationClassLoaderWorker.call(SystemApplicationClassLoaderWorker.java:122)
  at org.gradle.process.internal.worker.child.SystemApplicationClassLoaderWorker.call(SystemApplicationClassLoaderWorker.java:72)
  at worker.org.gradle.process.internal.worker.GradleWorkerMain.run(GradleWorkerMain.java:69)
  at worker.org.gradle.process.internal.worker.GradleWorkerMain.main(GradleWorkerMain.java:74)
</stacktrace>
</test-failure>


TypeScriptCompilerTests_I[jvm] > inheritanceMemberAccessorOverridingProperty_ts has expected errors matching inheritanceMemberAccessorOverridingProperty_errors_txt[jvm] FAILED

<test-failure test="com.xemantic.typescript.compiler.TypeScriptCompilerTests_I.interfaceInheritance_ts has expected errors matching interfaceInheritance_errors_txt" platform="jvm">
<message>
--- expected
+++ actual
@@ -1,15 +1,8 @@
 interfaceInheritance.ts(22,7): error TS2420: Class 'C1' incorrectly implements interface 'I2'.
-  Type 'C1' is missing the following properties from type 'I2': i1P1, i1P2
-interfaceInheritance.ts(30,1): error TS2739: Type 'I3' is missing the following properties from type 'I2': i1P1, i1P2
-interfaceInheritance.ts(37,1): error TS2322: Type 'I5' is not assignable to type 'I4'.
-  Types of property 'one' are incompatible.
-    Type 'string' is not assignable to type 'number'.
-interfaceInheritance.ts(38,1): error TS2322: Type 'I4' is not assignable to type 'I5'.
-  Types of property 'one' are incompatible.
-    Type 'number' is not assignable to type 'string'.
+  Property 'i1P1' is missing in type 'C1' but required in type 'I2'.
 
 
-==== interfaceInheritance.ts (4 errors) ====
+==== interfaceInheritance.ts (1 errors) ====
     interface I1 {
         i1P1: number;
         i1P2(): void;
@@ -34,7 +27,8 @@
     class C1 implements I2 { // should be an error - it doesn't implement the members of I1
           ~~
 !!! error TS2420: Class 'C1' incorrectly implements interface 'I2'.
-!!! error TS2420:   Type 'C1' is missing the following properties from type 'I2': i1P1, i1P2
+!!! error TS2420:   Property 'i1P1' is missing in type 'C1' but required in type 'I2'.
+!!! related TS2728 interfaceInheritance.ts:2:5: 'i1P1' is declared here.
         public i2P1!: string;
     }
     
@@ -43,8 +37,6 @@
     declare var i3: I3;
     i1 = i2;
     i2 = i3; // should be an error - i3 does not implement the members of i1
-    ~~
-!!! error TS2739: Type 'I3' is missing the following properties from type 'I2': i1P1, i1P2
     
     var c1: C1;
     
@@ -52,12 +44,4 @@
     declare var i5: I5;
     
     i4 = i5; // should be an error
-    ~~
-!!! error TS2322: Type 'I5' is not assignable to type 'I4'.
-!!! error TS2322:   Types of property 'one' are incompatible.
-!!! error TS2322:     Type 'string' is not assignable to type 'number'.
     i5 = i4; // should be an error
-    ~~
-!!! error TS2322: Type 'I4' is not assignable to type 'I5'.
-!!! error TS2322:   Types of property 'one' are incompatible.
-!!! error TS2322:     Type 'number' is not assignable to type 'string'.

</message>
<stacktrace>
  at org.junit.Assert.fail(Assert.java:89)
  at kotlin.test.junit.JUnitAsserter.fail(JUnitSupport.kt:56)
  at kotlin.test.AssertionsKt__AssertionsKt.fail(Assertions.kt:563)
  at kotlin.test.AssertionsKt.fail(Unknown Source)
  at com.xemantic.kotlin.test.SameAsKt.sameAs(SameAs.kt:52)
  at com.xemantic.typescript.compiler.TypeScriptTestSupportKt.errorsMatchBaseline(TypeScriptTestSupport.kt:135)
  at com.xemantic.typescript.compiler.TypeScriptCompilerTests_I.interfaceInheritance_ts has expected errors matching interfaceInheritance_errors_txt(TypeScriptCompilerTests_I.kt:5236)
  at java.base/jdk.internal.reflect.DirectMethodHandleAccessor.invoke(DirectMethodHandleAccessor.java:104)
  at java.base/java.lang.reflect.Method.invoke(Method.java:565)
  at org.junit.runners.model.FrameworkMethod$1.runReflectiveCall(FrameworkMethod.java:59)
  at org.junit.internal.runners.model.ReflectiveCallable.run(ReflectiveCallable.java:12)
  at org.junit.runners.model.FrameworkMethod.invokeExplosively(FrameworkMethod.java:56)
  at org.junit.internal.runners.statements.InvokeMethod.evaluate(InvokeMethod.java:17)
  at org.junit.runners.ParentRunner$3.evaluate(ParentRunner.java:306)
  at org.junit.runners.BlockJUnit4ClassRunner$1.evaluate(BlockJUnit4ClassRunner.java:100)
  at org.junit.runners.ParentRunner.runLeaf(ParentRunner.java:366)
  at org.junit.runners.BlockJUnit4ClassRunner.runChild(BlockJUnit4ClassRunner.java:103)
  at org.junit.runners.BlockJUnit4ClassRunner.runChild(BlockJUnit4ClassRunner.java:63)
  at org.junit.runners.ParentRunner$4.run(ParentRunner.java:331)
  at org.junit.runners.ParentRunner$1.schedule(ParentRunner.java:79)
  at org.junit.runners.ParentRunner.runChildren(ParentRunner.java:329)
  at org.junit.runners.ParentRunner.access$100(ParentRunner.java:66)
  at org.junit.runners.ParentRunner$2.evaluate(ParentRunner.java:293)
  at org.junit.runners.ParentRunner$3.evaluate(ParentRunner.java:306)
  at org.junit.runners.ParentRunner.run(ParentRunner.java:413)
  at org.junit.runner.JUnitCore.run(JUnitCore.java:137)
  at org.junit.runner.JUnitCore.run(JUnitCore.java:115)
  at org.gradle.api.internal.tasks.testing.junit.JUnitTestExecutor.runRequest(JUnitTestExecutor.java:175)
  at org.gradle.api.internal.tasks.testing.junit.JUnitTestExecutor.accept(JUnitTestExecutor.java:84)
  at org.gradle.api.internal.tasks.testing.junit.JUnitTestExecutor.accept(JUnitTestExecutor.java:47)
  at org.gradle.api.internal.tasks.testing.junit.AbstractJUnitTestDefinitionProcessor.processTestDefinition(AbstractJUnitTestDefinitionProcessor.java:65)
  at org.gradle.api.internal.tasks.testing.SuiteTestDefinitionProcessor.processTestDefinition(SuiteTestDefinitionProcessor.java:54)
  at java.base/jdk.internal.reflect.DirectMethodHandleAccessor.invoke(DirectMethodHandleAccessor.java:104)
  at java.base/java.lang.reflect.Method.invoke(Method.java:565)
  at org.gradle.internal.dispatch.MethodInvocation.invokeOn(MethodInvocation.java:77)
  at org.gradle.internal.dispatch.ReflectionDispatch.dispatch(ReflectionDispatch.java:28)
  at org.gradle.internal.dispatch.ReflectionDispatch.dispatch(ReflectionDispatch.java:19)
  at org.gradle.internal.dispatch.ContextClassLoaderDispatch.dispatch(ContextClassLoaderDispatch.java:33)
  at org.gradle.internal.dispatch.ProxyDispatchAdapter$DispatchingInvocationHandler.invoke(ProxyDispatchAdapter.java:88)
  at jdk.proxy1/jdk.proxy1.$Proxy4.processTestDefinition(Unknown Source)
  at org.gradle.api.internal.tasks.testing.worker.TestWorker$2.run(TestWorker.java:178)
  at org.gradle.api.internal.tasks.testing.worker.TestWorker.executeAndMaintainThreadName(TestWorker.java:126)
  at org.gradle.api.internal.tasks.testing.worker.TestWorker.execute(TestWorker.java:103)
  at org.gradle.api.internal.tasks.testing.worker.TestWorker.execute(TestWorker.java:63)
  at org.gradle.process.internal.worker.child.ActionExecutionWorker.execute(ActionExecutionWorker.java:56)
  at org.gradle.process.internal.worker.child.SystemApplicationClassLoaderWorker.call(SystemApplicationClassLoaderWorker.java:122)
  at org.gradle.process.internal.worker.child.SystemApplicationClassLoaderWorker.call(SystemApplicationClassLoaderWorker.java:72)
  at worker.org.gradle.process.internal.worker.GradleWorkerMain.run(GradleWorkerMain.java:69)
  at worker.org.gradle.process.internal.worker.GradleWorkerMain.main(GradleWorkerMain.java:74)
</stacktrace>
</test-failure>


TypeScriptCompilerTests_I[jvm] > interfaceInheritance_ts has expected errors matching interfaceInheritance_errors_txt[jvm] FAILED

<test-failure test="com.xemantic.typescript.compiler.TypeScriptCompilerTests_I.invalidTripleSlashReference_ts has expected errors matching invalidTripleSlashReference_errors_txt" platform="jvm">
<message>
Expected diagnostics from baseline typescript-repo/tests/baselines/reference/invalidTripleSlashReference.errors.txt but none produced
</message>
<stacktrace>
  at com.xemantic.typescript.compiler.TypeScriptTestSupportKt.errorsMatchBaseline(TypeScriptTestSupport.kt:125)
  at com.xemantic.typescript.compiler.TypeScriptCompilerTests_I.invalidTripleSlashReference_ts has expected errors matching invalidTripleSlashReference_errors_txt(TypeScriptCompilerTests_I.kt:6265)
  at java.base/jdk.internal.reflect.DirectMethodHandleAccessor.invoke(DirectMethodHandleAccessor.java:104)
  at java.base/java.lang.reflect.Method.invoke(Method.java:565)
  at org.junit.runners.model.FrameworkMethod$1.runReflectiveCall(FrameworkMethod.java:59)
  at org.junit.internal.runners.model.ReflectiveCallable.run(ReflectiveCallable.java:12)
  at org.junit.runners.model.FrameworkMethod.invokeExplosively(FrameworkMethod.java:56)
  at org.junit.internal.runners.statements.InvokeMethod.evaluate(InvokeMethod.java:17)
  at org.junit.runners.ParentRunner$3.evaluate(ParentRunner.java:306)
  at org.junit.runners.BlockJUnit4ClassRunner$1.evaluate(BlockJUnit4ClassRunner.java:100)
  at org.junit.runners.ParentRunner.runLeaf(ParentRunner.java:366)
  at org.junit.runners.BlockJUnit4ClassRunner.runChild(BlockJUnit4ClassRunner.java:103)
  at org.junit.runners.BlockJUnit4ClassRunner.runChild(BlockJUnit4ClassRunner.java:63)
  at org.junit.runners.ParentRunner$4.run(ParentRunner.java:331)
  at org.junit.runners.ParentRunner$1.schedule(ParentRunner.java:79)
  at org.junit.runners.ParentRunner.runChildren(ParentRunner.java:329)
  at org.junit.runners.ParentRunner.access$100(ParentRunner.java:66)
  at org.junit.runners.ParentRunner$2.evaluate(ParentRunner.java:293)
  at org.junit.runners.ParentRunner$3.evaluate(ParentRunner.java:306)
  at org.junit.runners.ParentRunner.run(ParentRunner.java:413)
  at org.junit.runner.JUnitCore.run(JUnitCore.java:137)
  at org.junit.runner.JUnitCore.run(JUnitCore.java:115)
  at org.gradle.api.internal.tasks.testing.junit.JUnitTestExecutor.runRequest(JUnitTestExecutor.java:175)
  at org.gradle.api.internal.tasks.testing.junit.JUnitTestExecutor.accept(JUnitTestExecutor.java:84)
  at org.gradle.api.internal.tasks.testing.junit.JUnitTestExecutor.accept(JUnitTestExecutor.java:47)
  at org.gradle.api.internal.tasks.testing.junit.AbstractJUnitTestDefinitionProcessor.processTestDefinition(AbstractJUnitTestDefinitionProcessor.java:65)
  at org.gradle.api.internal.tasks.testing.SuiteTestDefinitionProcessor.processTestDefinition(SuiteTestDefinitionProcessor.java:54)
  at java.base/jdk.internal.reflect.DirectMethodHandleAccessor.invoke(DirectMethodHandleAccessor.java:104)
  at java.base/java.lang.reflect.Method.invoke(Method.java:565)
  at org.gradle.internal.dispatch.MethodInvocation.invokeOn(MethodInvocation.java:77)
  at org.gradle.internal.dispatch.ReflectionDispatch.dispatch(ReflectionDispatch.java:28)
  at org.gradle.internal.dispatch.ReflectionDispatch.dispatch(ReflectionDispatch.java:19)
  at org.gradle.internal.dispatch.ContextClassLoaderDispatch.dispatch(ContextClassLoaderDispatch.java:33)
  at org.gradle.internal.dispatch.ProxyDispatchAdapter$DispatchingInvocationHandler.invoke(ProxyDispatchAdapter.java:88)
  at jdk.proxy1/jdk.proxy1.$Proxy4.processTestDefinition(Unknown Source)
  at org.gradle.api.internal.tasks.testing.worker.TestWorker$2.run(TestWorker.java:178)
  at org.gradle.api.internal.tasks.testing.worker.TestWorker.executeAndMaintainThreadName(TestWorker.java:126)
  at org.gradle.api.internal.tasks.testing.worker.TestWorker.execute(TestWorker.java:103)
  at org.gradle.api.internal.tasks.testing.worker.TestWorker.execute(TestWorker.java:63)
  at org.gradle.process.internal.worker.child.ActionExecutionWorker.execute(ActionExecutionWorker.java:56)
  at org.gradle.process.internal.worker.child.SystemApplicationClassLoaderWorker.call(SystemApplicationClassLoaderWorker.java:122)
  at org.gradle.process.internal.worker.child.SystemApplicationClassLoaderWorker.call(SystemApplicationClassLoaderWorker.java:72)
  at worker.org.gradle.process.internal.worker.GradleWorkerMain.run(GradleWorkerMain.java:69)
  at worker.org.gradle.process.internal.worker.GradleWorkerMain.main(GradleWorkerMain.java:74)
</stacktrace>
</test-failure>


TypeScriptCompilerTests_I[jvm] > invalidTripleSlashReference_ts has expected errors matching invalidTripleSlashReference_errors_txt[jvm] FAILED

<test-failure test="com.xemantic.typescript.compiler.TypeScriptCompilerTests_I.isolatedModulesReExportType_ts compiles to JavaScript matching isolatedModulesReExportType_js" platform="jvm">
<message>
--- expected
+++ actual
@@ -55,9 +55,6 @@
 //// [exportT.js]
 "use strict";
 Object.defineProperty(exports, "__esModule", { value: true });
-//// [exportEqualsT.js]
-"use strict";
-Object.defineProperty(exports, "__esModule", { value: true });
 //// [exportValue.js]
 "use strict";
 Object.defineProperty(exports, "__esModule", { value: true });
@@ -65,6 +62,9 @@
 class C {
 }
 exports.C = C;
+//// [exportEqualsT.js]
+"use strict";
+Object.defineProperty(exports, "__esModule", { value: true });
 //// [reExportValueAsTypeOnly.js]
 "use strict";
 Object.defineProperty(exports, "__esModule", { value: true });
@@ -105,6 +105,7 @@
 })();
 Object.defineProperty(exports, "__esModule", { value: true });
 exports.NS = exports.C = void 0;
+exports.T2 = require("./exportEqualsT");
 // OK, has a value side
 var exportValue_1 = require("./exportValue");
 Object.defineProperty(exports, "C", { enumerable: true, get: function () { return exportValue_1.C; } });

</message>
<stacktrace>
  at org.junit.Assert.fail(Assert.java:89)
  at kotlin.test.junit.JUnitAsserter.fail(JUnitSupport.kt:56)
  at kotlin.test.AssertionsKt__AssertionsKt.fail(Assertions.kt:563)
  at kotlin.test.AssertionsKt.fail(Unknown Source)
  at com.xemantic.kotlin.test.SameAsKt.sameAs(SameAs.kt:52)
  at com.xemantic.typescript.compiler.TypeScriptTestSupportKt.sameAs(TypeScriptTestSupport.kt:99)
  at com.xemantic.typescript.compiler.TypeScriptCompilerTests_I.isolatedModulesReExportType_ts compiles to JavaScript matching isolatedModulesReExportType_js(TypeScriptCompilerTests_I.kt:6993)
  at java.base/jdk.internal.reflect.DirectMethodHandleAccessor.invoke(DirectMethodHandleAccessor.java:104)
  at java.base/java.lang.reflect.Method.invoke(Method.java:565)
  at org.junit.runners.model.FrameworkMethod$1.runReflectiveCall(FrameworkMethod.java:59)
  at org.junit.internal.runners.model.ReflectiveCallable.run(ReflectiveCallable.java:12)
  at org.junit.runners.model.FrameworkMethod.invokeExplosively(FrameworkMethod.java:56)
  at org.junit.internal.runners.statements.InvokeMethod.evaluate(InvokeMethod.java:17)
  at org.junit.runners.ParentRunner$3.evaluate(ParentRunner.java:306)
  at org.junit.runners.BlockJUnit4ClassRunner$1.evaluate(BlockJUnit4ClassRunner.java:100)
  at org.junit.runners.ParentRunner.runLeaf(ParentRunner.java:366)
  at org.junit.runners.BlockJUnit4ClassRunner.runChild(BlockJUnit4ClassRunner.java:103)
  at org.junit.runners.BlockJUnit4ClassRunner.runChild(BlockJUnit4ClassRunner.java:63)
  at org.junit.runners.ParentRunner$4.run(ParentRunner.java:331)
  at org.junit.runners.ParentRunner$1.schedule(ParentRunner.java:79)
  at org.junit.runners.ParentRunner.runChildren(ParentRunner.java:329)
  at org.junit.runners.ParentRunner.access$100(ParentRunner.java:66)
  at org.junit.runners.ParentRunner$2.evaluate(ParentRunner.java:293)
  at org.junit.runners.ParentRunner$3.evaluate(ParentRunner.java:306)
  at org.junit.runners.ParentRunner.run(ParentRunner.java:413)
  at org.junit.runner.JUnitCore.run(JUnitCore.java:137)
  at org.junit.runner.JUnitCore.run(JUnitCore.java:115)
  at org.gradle.api.internal.tasks.testing.junit.JUnitTestExecutor.runRequest(JUnitTestExecutor.java:175)
  at org.gradle.api.internal.tasks.testing.junit.JUnitTestExecutor.accept(JUnitTestExecutor.java:84)
  at org.gradle.api.internal.tasks.testing.junit.JUnitTestExecutor.accept(JUnitTestExecutor.java:47)
  at org.gradle.api.internal.tasks.testing.junit.AbstractJUnitTestDefinitionProcessor.processTestDefinition(AbstractJUnitTestDefinitionProcessor.java:65)
  at org.gradle.api.internal.tasks.testing.SuiteTestDefinitionProcessor.processTestDefinition(SuiteTestDefinitionProcessor.java:54)
  at java.base/jdk.internal.reflect.DirectMethodHandleAccessor.invoke(DirectMethodHandleAccessor.java:104)
  at java.base/java.lang.reflect.Method.invoke(Method.java:565)
  at org.gradle.internal.dispatch.MethodInvocation.invokeOn(MethodInvocation.java:77)
  at org.gradle.internal.dispatch.ReflectionDispatch.dispatch(ReflectionDispatch.java:28)
  at org.gradle.internal.dispatch.ReflectionDispatch.dispatch(ReflectionDispatch.java:19)
  at org.gradle.internal.dispatch.ContextClassLoaderDispatch.dispatch(ContextClassLoaderDispatch.java:33)
  at org.gradle.internal.dispatch.ProxyDispatchAdapter$DispatchingInvocationHandler.invoke(ProxyDispatchAdapter.java:88)
  at jdk.proxy1/jdk.proxy1.$Proxy4.processTestDefinition(Unknown Source)
  at org.gradle.api.internal.tasks.testing.worker.TestWorker$2.run(TestWorker.java:178)
  at org.gradle.api.internal.tasks.testing.worker.TestWorker.executeAndMaintainThreadName(TestWorker.java:126)
  at org.gradle.api.internal.tasks.testing.worker.TestWorker.execute(TestWorker.java:103)
  at org.gradle.api.internal.tasks.testing.worker.TestWorker.execute(TestWorker.java:63)
  at org.gradle.process.internal.worker.child.ActionExecutionWorker.execute(ActionExecutionWorker.java:56)
  at org.gradle.process.internal.worker.child.SystemApplicationClassLoaderWorker.call(SystemApplicationClassLoaderWorker.java:122)
  at org.gradle.process.internal.worker.child.SystemApplicationClassLoaderWorker.call(SystemApplicationClassLoaderWorker.java:72)
  at worker.org.gradle.process.internal.worker.GradleWorkerMain.run(GradleWorkerMain.java:69)
  at worker.org.gradle.process.internal.worker.GradleWorkerMain.main(GradleWorkerMain.java:74)
</stacktrace>
</test-failure>


TypeScriptCompilerTests_I[jvm] > isolatedModulesReExportType_ts compiles to JavaScript matching isolatedModulesReExportType_js[jvm] FAILED

<test-failure test="com.xemantic.typescript.compiler.TypeScriptCompilerTests_I.inferenceOuterResultNotIncorrectlyInstantiatedWithInnerResult_ts has expected errors matching inferenceOuterResultNotIncorrectlyInstantiatedWithInnerResult_errors_txt" platform="jvm">
<message>
Expected diagnostics from baseline typescript-repo/tests/baselines/reference/inferenceOuterResultNotIncorrectlyInstantiatedWithInnerResult.errors.txt but none produced
</message>
<stacktrace>
  at com.xemantic.typescript.compiler.TypeScriptTestSupportKt.errorsMatchBaseline(TypeScriptTestSupport.kt:125)
  at com.xemantic.typescript.compiler.TypeScriptCompilerTests_I.inferenceOuterResultNotIncorrectlyInstantiatedWithInnerResult_ts has expected errors matching inferenceOuterResultNotIncorrectlyInstantiatedWithInnerResult_errors_txt(TypeScriptCompilerTests_I.kt:3458)
  at java.base/jdk.internal.reflect.DirectMethodHandleAccessor.invoke(DirectMethodHandleAccessor.java:104)
  at java.base/java.lang.reflect.Method.invoke(Method.java:565)
  at org.junit.runners.model.FrameworkMethod$1.runReflectiveCall(FrameworkMethod.java:59)
  at org.junit.internal.runners.model.ReflectiveCallable.run(ReflectiveCallable.java:12)
  at org.junit.runners.model.FrameworkMethod.invokeExplosively(FrameworkMethod.java:56)
  at org.junit.internal.runners.statements.InvokeMethod.evaluate(InvokeMethod.java:17)
  at org.junit.runners.ParentRunner$3.evaluate(ParentRunner.java:306)
  at org.junit.runners.BlockJUnit4ClassRunner$1.evaluate(BlockJUnit4ClassRunner.java:100)
  at org.junit.runners.ParentRunner.runLeaf(ParentRunner.java:366)
  at org.junit.runners.BlockJUnit4ClassRunner.runChild(BlockJUnit4ClassRunner.java:103)
  at org.junit.runners.BlockJUnit4ClassRunner.runChild(BlockJUnit4ClassRunner.java:63)
  at org.junit.runners.ParentRunner$4.run(ParentRunner.java:331)
  at org.junit.runners.ParentRunner$1.schedule(ParentRunner.java:79)
  at org.junit.runners.ParentRunner.runChildren(ParentRunner.java:329)
  at org.junit.runners.ParentRunner.access$100(ParentRunner.java:66)
  at org.junit.runners.ParentRunner$2.evaluate(ParentRunner.java:293)
  at org.junit.runners.ParentRunner$3.evaluate(ParentRunner.java:306)
  at org.junit.runners.ParentRunner.run(ParentRunner.java:413)
  at org.junit.runner.JUnitCore.run(JUnitCore.java:137)
  at org.junit.runner.JUnitCore.run(JUnitCore.java:115)
  at org.gradle.api.internal.tasks.testing.junit.JUnitTestExecutor.runRequest(JUnitTestExecutor.java:175)
  at org.gradle.api.internal.tasks.testing.junit.JUnitTestExecutor.accept(JUnitTestExecutor.java:84)
  at org.gradle.api.internal.tasks.testing.junit.JUnitTestExecutor.accept(JUnitTestExecutor.java:47)
  at org.gradle.api.internal.tasks.testing.junit.AbstractJUnitTestDefinitionProcessor.processTestDefinition(AbstractJUnitTestDefinitionProcessor.java:65)
  at org.gradle.api.internal.tasks.testing.SuiteTestDefinitionProcessor.processTestDefinition(SuiteTestDefinitionProcessor.java:54)
  at java.base/jdk.internal.reflect.DirectMethodHandleAccessor.invoke(DirectMethodHandleAccessor.java:104)
  at java.base/java.lang.reflect.Method.invoke(Method.java:565)
  at org.gradle.internal.dispatch.MethodInvocation.invokeOn(MethodInvocation.java:77)
  at org.gradle.internal.dispatch.ReflectionDispatch.dispatch(ReflectionDispatch.java:28)
  at org.gradle.internal.dispatch.ReflectionDispatch.dispatch(ReflectionDispatch.java:19)
  at org.gradle.internal.dispatch.ContextClassLoaderDispatch.dispatch(ContextClassLoaderDispatch.java:33)
  at org.gradle.internal.dispatch.ProxyDispatchAdapter$DispatchingInvocationHandler.invoke(ProxyDispatchAdapter.java:88)
  at jdk.proxy1/jdk.proxy1.$Proxy4.processTestDefinition(Unknown Source)
  at org.gradle.api.internal.tasks.testing.worker.TestWorker$2.run(TestWorker.java:178)
  at org.gradle.api.internal.tasks.testing.worker.TestWorker.executeAndMaintainThreadName(TestWorker.java:126)
  at org.gradle.api.internal.tasks.testing.worker.TestWorker.execute(TestWorker.java:103)
  at org.gradle.api.internal.tasks.testing.worker.TestWorker.execute(TestWorker.java:63)
  at org.gradle.process.internal.worker.child.ActionExecutionWorker.execute(ActionExecutionWorker.java:56)
  at org.gradle.process.internal.worker.child.SystemApplicationClassLoaderWorker.call(SystemApplicationClassLoaderWorker.java:122)
  at org.gradle.process.internal.worker.child.SystemApplicationClassLoaderWorker.call(SystemApplicationClassLoaderWorker.java:72)
  at worker.org.gradle.process.internal.worker.GradleWorkerMain.run(GradleWorkerMain.java:69)
  at worker.org.gradle.process.internal.worker.GradleWorkerMain.main(GradleWorkerMain.java:74)
</stacktrace>
</test-failure>


TypeScriptCompilerTests_I[jvm] > inferenceOuterResultNotIncorrectlyInstantiatedWithInnerResult_ts has expected errors matching inferenceOuterResultNotIncorrectlyInstantiatedWithInnerResult_errors_txt[jvm] FAILED

<test-failure test="com.xemantic.typescript.compiler.TypeScriptCompilerTests_I.importAndVariableDeclarationConflict4_ts has expected errors matching importAndVariableDeclarationConflict4_errors_txt" platform="jvm">
<message>
Expected diagnostics from baseline typescript-repo/tests/baselines/reference/importAndVariableDeclarationConflict4.errors.txt but none produced
</message>
<stacktrace>
  at com.xemantic.typescript.compiler.TypeScriptTestSupportKt.errorsMatchBaseline(TypeScriptTestSupport.kt:125)
  at com.xemantic.typescript.compiler.TypeScriptCompilerTests_I.importAndVariableDeclarationConflict4_ts has expected errors matching importAndVariableDeclarationConflict4_errors_txt(TypeScriptCompilerTests_I.kt:826)
  at java.base/jdk.internal.reflect.DirectMethodHandleAccessor.invoke(DirectMethodHandleAccessor.java:104)
  at java.base/java.lang.reflect.Method.invoke(Method.java:565)
  at org.junit.runners.model.FrameworkMethod$1.runReflectiveCall(FrameworkMethod.java:59)
  at org.junit.internal.runners.model.ReflectiveCallable.run(ReflectiveCallable.java:12)
  at org.junit.runners.model.FrameworkMethod.invokeExplosively(FrameworkMethod.java:56)
  at org.junit.internal.runners.statements.InvokeMethod.evaluate(InvokeMethod.java:17)
  at org.junit.runners.ParentRunner$3.evaluate(ParentRunner.java:306)
  at org.junit.runners.BlockJUnit4ClassRunner$1.evaluate(BlockJUnit4ClassRunner.java:100)
  at org.junit.runners.ParentRunner.runLeaf(ParentRunner.java:366)
  at org.junit.runners.BlockJUnit4ClassRunner.runChild(BlockJUnit4ClassRunner.java:103)
  at org.junit.runners.BlockJUnit4ClassRunner.runChild(BlockJUnit4ClassRunner.java:63)
  at org.junit.runners.ParentRunner$4.run(ParentRunner.java:331)
  at org.junit.runners.ParentRunner$1.schedule(ParentRunner.java:79)
  at org.junit.runners.ParentRunner.runChildren(ParentRunner.java:329)
  at org.junit.runners.ParentRunner.access$100(ParentRunner.java:66)
  at org.junit.runners.ParentRunner$2.evaluate(ParentRunner.java:293)
  at org.junit.runners.ParentRunner$3.evaluate(ParentRunner.java:306)
  at org.junit.runners.ParentRunner.run(ParentRunner.java:413)
  at org.junit.runner.JUnitCore.run(JUnitCore.java:137)
  at org.junit.runner.JUnitCore.run(JUnitCore.java:115)
  at org.gradle.api.internal.tasks.testing.junit.JUnitTestExecutor.runRequest(JUnitTestExecutor.java:175)
  at org.gradle.api.internal.tasks.testing.junit.JUnitTestExecutor.accept(JUnitTestExecutor.java:84)
  at org.gradle.api.internal.tasks.testing.junit.JUnitTestExecutor.accept(JUnitTestExecutor.java:47)
  at org.gradle.api.internal.tasks.testing.junit.AbstractJUnitTestDefinitionProcessor.processTestDefinition(AbstractJUnitTestDefinitionProcessor.java:65)
  at org.gradle.api.internal.tasks.testing.SuiteTestDefinitionProcessor.processTestDefinition(SuiteTestDefinitionProcessor.java:54)
  at java.base/jdk.internal.reflect.DirectMethodHandleAccessor.invoke(DirectMethodHandleAccessor.java:104)
  at java.base/java.lang.reflect.Method.invoke(Method.java:565)
  at org.gradle.internal.dispatch.MethodInvocation.invokeOn(MethodInvocation.java:77)
  at org.gradle.internal.dispatch.ReflectionDispatch.dispatch(ReflectionDispatch.java:28)
  at org.gradle.internal.dispatch.ReflectionDispatch.dispatch(ReflectionDispatch.java:19)
  at org.gradle.internal.dispatch.ContextClassLoaderDispatch.dispatch(ContextClassLoaderDispatch.java:33)
  at org.gradle.internal.dispatch.ProxyDispatchAdapter$DispatchingInvocationHandler.invoke(ProxyDispatchAdapter.java:88)
  at jdk.proxy1/jdk.proxy1.$Proxy4.processTestDefinition(Unknown Source)
  at org.gradle.api.internal.tasks.testing.worker.TestWorker$2.run(TestWorker.java:178)
  at org.gradle.api.internal.tasks.testing.worker.TestWorker.executeAndMaintainThreadName(TestWorker.java:126)
  at org.gradle.api.internal.tasks.testing.worker.TestWorker.execute(TestWorker.java:103)
  at org.gradle.api.internal.tasks.testing.worker.TestWorker.execute(TestWorker.java:63)
  at org.gradle.process.internal.worker.child.ActionExecutionWorker.execute(ActionExecutionWorker.java:56)
  at org.gradle.process.internal.worker.child.SystemApplicationClassLoaderWorker.call(SystemApplicationClassLoaderWorker.java:122)
  at org.gradle.process.internal.worker.child.SystemApplicationClassLoaderWorker.call(SystemApplicationClassLoaderWorker.java:72)
  at worker.org.gradle.process.internal.worker.GradleWorkerMain.run(GradleWorkerMain.java:69)
  at worker.org.gradle.process.internal.worker.GradleWorkerMain.main(GradleWorkerMain.java:74)
</stacktrace>
</test-failure>


TypeScriptCompilerTests_I[jvm] > importAndVariableDeclarationConflict4_ts has expected errors matching importAndVariableDeclarationConflict4_errors_txt[jvm] FAILED

<test-failure test="com.xemantic.typescript.compiler.TypeScriptCompilerTests_I.importedEnumMemberMergedWithExportedAliasIsError_ts has expected errors matching importedEnumMemberMergedWithExportedAliasIsError_errors_txt" platform="jvm">
<message>
Expected diagnostics from baseline typescript-repo/tests/baselines/reference/importedEnumMemberMergedWithExportedAliasIsError.errors.txt but none produced
</message>
<stacktrace>
  at com.xemantic.typescript.compiler.TypeScriptTestSupportKt.errorsMatchBaseline(TypeScriptTestSupport.kt:125)
  at com.xemantic.typescript.compiler.TypeScriptCompilerTests_I.importedEnumMemberMergedWithExportedAliasIsError_ts has expected errors matching importedEnumMemberMergedWithExportedAliasIsError_errors_txt(TypeScriptCompilerTests_I.kt:2170)
  at java.base/jdk.internal.reflect.DirectMethodHandleAccessor.invoke(DirectMethodHandleAccessor.java:104)
  at java.base/java.lang.reflect.Method.invoke(Method.java:565)
  at org.junit.runners.model.FrameworkMethod$1.runReflectiveCall(FrameworkMethod.java:59)
  at org.junit.internal.runners.model.ReflectiveCallable.run(ReflectiveCallable.java:12)
  at org.junit.runners.model.FrameworkMethod.invokeExplosively(FrameworkMethod.java:56)
  at org.junit.internal.runners.statements.InvokeMethod.evaluate(InvokeMethod.java:17)
  at org.junit.runners.ParentRunner$3.evaluate(ParentRunner.java:306)
  at org.junit.runners.BlockJUnit4ClassRunner$1.evaluate(BlockJUnit4ClassRunner.java:100)
  at org.junit.runners.ParentRunner.runLeaf(ParentRunner.java:366)
  at org.junit.runners.BlockJUnit4ClassRunner.runChild(BlockJUnit4ClassRunner.java:103)
  at org.junit.runners.BlockJUnit4ClassRunner.runChild(BlockJUnit4ClassRunner.java:63)
  at org.junit.runners.ParentRunner$4.run(ParentRunner.java:331)
  at org.junit.runners.ParentRunner$1.schedule(ParentRunner.java:79)
  at org.junit.runners.ParentRunner.runChildren(ParentRunner.java:329)
  at org.junit.runners.ParentRunner.access$100(ParentRunner.java:66)
  at org.junit.runners.ParentRunner$2.evaluate(ParentRunner.java:293)
  at org.junit.runners.ParentRunner$3.evaluate(ParentRunner.java:306)
  at org.junit.runners.ParentRunner.run(ParentRunner.java:413)
  at org.junit.runner.JUnitCore.run(JUnitCore.java:137)
  at org.junit.runner.JUnitCore.run(JUnitCore.java:115)
  at org.gradle.api.internal.tasks.testing.junit.JUnitTestExecutor.runRequest(JUnitTestExecutor.java:175)
  at org.gradle.api.internal.tasks.testing.junit.JUnitTestExecutor.accept(JUnitTestExecutor.java:84)
  at org.gradle.api.internal.tasks.testing.junit.JUnitTestExecutor.accept(JUnitTestExecutor.java:47)
  at org.gradle.api.internal.tasks.testing.junit.AbstractJUnitTestDefinitionProcessor.processTestDefinition(AbstractJUnitTestDefinitionProcessor.java:65)
  at org.gradle.api.internal.tasks.testing.SuiteTestDefinitionProcessor.processTestDefinition(SuiteTestDefinitionProcessor.java:54)
  at java.base/jdk.internal.reflect.DirectMethodHandleAccessor.invoke(DirectMethodHandleAccessor.java:104)
  at java.base/java.lang.reflect.Method.invoke(Method.java:565)
  at org.gradle.internal.dispatch.MethodInvocation.invokeOn(MethodInvocation.java:77)
  at org.gradle.internal.dispatch.ReflectionDispatch.dispatch(ReflectionDispatch.java:28)
  at org.gradle.internal.dispatch.ReflectionDispatch.dispatch(ReflectionDispatch.java:19)
  at org.gradle.internal.dispatch.ContextClassLoaderDispatch.dispatch(ContextClassLoaderDispatch.java:33)
  at org.gradle.internal.dispatch.ProxyDispatchAdapter$DispatchingInvocationHandler.invoke(ProxyDispatchAdapter.java:88)
  at jdk.proxy1/jdk.proxy1.$Proxy4.processTestDefinition(Unknown Source)
  at org.gradle.api.internal.tasks.testing.worker.TestWorker$2.run(TestWorker.java:178)
  at org.gradle.api.internal.tasks.testing.worker.TestWorker.executeAndMaintainThreadName(TestWorker.java:126)
  at org.gradle.api.internal.tasks.testing.worker.TestWorker.execute(TestWorker.java:103)
  at org.gradle.api.internal.tasks.testing.worker.TestWorker.execute(TestWorker.java:63)
  at org.gradle.process.internal.worker.child.ActionExecutionWorker.execute(ActionExecutionWorker.java:56)
  at org.gradle.process.internal.worker.child.SystemApplicationClassLoaderWorker.call(SystemApplicationClassLoaderWorker.java:122)
  at org.gradle.process.internal.worker.child.SystemApplicationClassLoaderWorker.call(SystemApplicationClassLoaderWorker.java:72)
  at worker.org.gradle.process.internal.worker.GradleWorkerMain.run(GradleWorkerMain.java:69)
  at worker.org.gradle.process.internal.worker.GradleWorkerMain.main(GradleWorkerMain.java:74)
</stacktrace>
</test-failure>


TypeScriptCompilerTests_I[jvm] > importedEnumMemberMergedWithExportedAliasIsError_ts has expected errors matching importedEnumMemberMergedWithExportedAliasIsError_errors_txt[jvm] FAILED

<test-failure test="com.xemantic.typescript.compiler.TypeScriptCompilerTests_I.interfacePropertiesWithSameName2_ts has expected errors matching interfacePropertiesWithSameName2_errors_txt" platform="jvm">
<message>
Expected diagnostics from baseline typescript-repo/tests/baselines/reference/interfacePropertiesWithSameName2.errors.txt but none produced
</message>
<stacktrace>
  at com.xemantic.typescript.compiler.TypeScriptTestSupportKt.errorsMatchBaseline(TypeScriptTestSupport.kt:125)
  at com.xemantic.typescript.compiler.TypeScriptCompilerTests_I.interfacePropertiesWithSameName2_ts has expected errors matching interfacePropertiesWithSameName2_errors_txt(TypeScriptCompilerTests_I.kt:5355)
  at java.base/jdk.internal.reflect.DirectMethodHandleAccessor.invoke(DirectMethodHandleAccessor.java:104)
  at java.base/java.lang.reflect.Method.invoke(Method.java:565)
  at org.junit.runners.model.FrameworkMethod$1.runReflectiveCall(FrameworkMethod.java:59)
  at org.junit.internal.runners.model.ReflectiveCallable.run(ReflectiveCallable.java:12)
  at org.junit.runners.model.FrameworkMethod.invokeExplosively(FrameworkMethod.java:56)
  at org.junit.internal.runners.statements.InvokeMethod.evaluate(InvokeMethod.java:17)
  at org.junit.runners.ParentRunner$3.evaluate(ParentRunner.java:306)
  at org.junit.runners.BlockJUnit4ClassRunner$1.evaluate(BlockJUnit4ClassRunner.java:100)
  at org.junit.runners.ParentRunner.runLeaf(ParentRunner.java:366)
  at org.junit.runners.BlockJUnit4ClassRunner.runChild(BlockJUnit4ClassRunner.java:103)
  at org.junit.runners.BlockJUnit4ClassRunner.runChild(BlockJUnit4ClassRunner.java:63)
  at org.junit.runners.ParentRunner$4.run(ParentRunner.java:331)
  at org.junit.runners.ParentRunner$1.schedule(ParentRunner.java:79)
  at org.junit.runners.ParentRunner.runChildren(ParentRunner.java:329)
  at org.junit.runners.ParentRunner.access$100(ParentRunner.java:66)
  at org.junit.runners.ParentRunner$2.evaluate(ParentRunner.java:293)
  at org.junit.runners.ParentRunner$3.evaluate(ParentRunner.java:306)
  at org.junit.runners.ParentRunner.run(ParentRunner.java:413)
  at org.junit.runner.JUnitCore.run(JUnitCore.java:137)
  at org.junit.runner.JUnitCore.run(JUnitCore.java:115)
  at org.gradle.api.internal.tasks.testing.junit.JUnitTestExecutor.runRequest(JUnitTestExecutor.java:175)
  at org.gradle.api.internal.tasks.testing.junit.JUnitTestExecutor.accept(JUnitTestExecutor.java:84)
  at org.gradle.api.internal.tasks.testing.junit.JUnitTestExecutor.accept(JUnitTestExecutor.java:47)
  at org.gradle.api.internal.tasks.testing.junit.AbstractJUnitTestDefinitionProcessor.processTestDefinition(AbstractJUnitTestDefinitionProcessor.java:65)
  at org.gradle.api.internal.tasks.testing.SuiteTestDefinitionProcessor.processTestDefinition(SuiteTestDefinitionProcessor.java:54)
  at java.base/jdk.internal.reflect.DirectMethodHandleAccessor.invoke(DirectMethodHandleAccessor.java:104)
  at java.base/java.lang.reflect.Method.invoke(Method.java:565)
  at org.gradle.internal.dispatch.MethodInvocation.invokeOn(MethodInvocation.java:77)
  at org.gradle.internal.dispatch.ReflectionDispatch.dispatch(ReflectionDispatch.java:28)
  at org.gradle.internal.dispatch.ReflectionDispatch.dispatch(ReflectionDispatch.java:19)
  at org.gradle.internal.dispatch.ContextClassLoaderDispatch.dispatch(ContextClassLoaderDispatch.java:33)
  at org.gradle.internal.dispatch.ProxyDispatchAdapter$DispatchingInvocationHandler.invoke(ProxyDispatchAdapter.java:88)
  at jdk.proxy1/jdk.proxy1.$Proxy4.processTestDefinition(Unknown Source)
  at org.gradle.api.internal.tasks.testing.worker.TestWorker$2.run(TestWorker.java:178)
  at org.gradle.api.internal.tasks.testing.worker.TestWorker.executeAndMaintainThreadName(TestWorker.java:126)
  at org.gradle.api.internal.tasks.testing.worker.TestWorker.execute(TestWorker.java:103)
  at org.gradle.api.internal.tasks.testing.worker.TestWorker.execute(TestWorker.java:63)
  at org.gradle.process.internal.worker.child.ActionExecutionWorker.execute(ActionExecutionWorker.java:56)
  at org.gradle.process.internal.worker.child.SystemApplicationClassLoaderWorker.call(SystemApplicationClassLoaderWorker.java:122)
  at org.gradle.process.internal.worker.child.SystemApplicationClassLoaderWorker.call(SystemApplicationClassLoaderWorker.java:72)
  at worker.org.gradle.process.internal.worker.GradleWorkerMain.run(GradleWorkerMain.java:69)
  at worker.org.gradle.process.internal.worker.GradleWorkerMain.main(GradleWorkerMain.java:74)
</stacktrace>
</test-failure>


TypeScriptCompilerTests_I[jvm] > interfacePropertiesWithSameName2_ts has expected errors matching interfacePropertiesWithSameName2_errors_txt[jvm] FAILED

<test-failure test="com.xemantic.typescript.compiler.TypeScriptCompilerTests_I.importNonExportedMember2_ts has expected errors matching importNonExportedMember2_errors_txt" platform="jvm">
<message>
Expected diagnostics from baseline typescript-repo/tests/baselines/reference/importNonExportedMember2.errors.txt but none produced
</message>
<stacktrace>
  at com.xemantic.typescript.compiler.TypeScriptTestSupportKt.errorsMatchBaseline(TypeScriptTestSupport.kt:125)
  at com.xemantic.typescript.compiler.TypeScriptCompilerTests_I.importNonExportedMember2_ts has expected errors matching importNonExportedMember2_errors_txt(TypeScriptCompilerTests_I.kt:1855)
  at java.base/jdk.internal.reflect.DirectMethodHandleAccessor.invoke(DirectMethodHandleAccessor.java:104)
  at java.base/java.lang.reflect.Method.invoke(Method.java:565)
  at org.junit.runners.model.FrameworkMethod$1.runReflectiveCall(FrameworkMethod.java:59)
  at org.junit.internal.runners.model.ReflectiveCallable.run(ReflectiveCallable.java:12)
  at org.junit.runners.model.FrameworkMethod.invokeExplosively(FrameworkMethod.java:56)
  at org.junit.internal.runners.statements.InvokeMethod.evaluate(InvokeMethod.java:17)
  at org.junit.runners.ParentRunner$3.evaluate(ParentRunner.java:306)
  at org.junit.runners.BlockJUnit4ClassRunner$1.evaluate(BlockJUnit4ClassRunner.java:100)
  at org.junit.runners.ParentRunner.runLeaf(ParentRunner.java:366)
  at org.junit.runners.BlockJUnit4ClassRunner.runChild(BlockJUnit4ClassRunner.java:103)
  at org.junit.runners.BlockJUnit4ClassRunner.runChild(BlockJUnit4ClassRunner.java:63)
  at org.junit.runners.ParentRunner$4.run(ParentRunner.java:331)
  at org.junit.runners.ParentRunner$1.schedule(ParentRunner.java:79)
  at org.junit.runners.ParentRunner.runChildren(ParentRunner.java:329)
  at org.junit.runners.ParentRunner.access$100(ParentRunner.java:66)
  at org.junit.runners.ParentRunner$2.evaluate(ParentRunner.java:293)
  at org.junit.runners.ParentRunner$3.evaluate(ParentRunner.java:306)
  at org.junit.runners.ParentRunner.run(ParentRunner.java:413)
  at org.junit.runner.JUnitCore.run(JUnitCore.java:137)
  at org.junit.runner.JUnitCore.run(JUnitCore.java:115)
  at org.gradle.api.internal.tasks.testing.junit.JUnitTestExecutor.runRequest(JUnitTestExecutor.java:175)
  at org.gradle.api.internal.tasks.testing.junit.JUnitTestExecutor.accept(JUnitTestExecutor.java:84)
  at org.gradle.api.internal.tasks.testing.junit.JUnitTestExecutor.accept(JUnitTestExecutor.java:47)
  at org.gradle.api.internal.tasks.testing.junit.AbstractJUnitTestDefinitionProcessor.processTestDefinition(AbstractJUnitTestDefinitionProcessor.java:65)
  at org.gradle.api.internal.tasks.testing.SuiteTestDefinitionProcessor.processTestDefinition(SuiteTestDefinitionProcessor.java:54)
  at java.base/jdk.internal.reflect.DirectMethodHandleAccessor.invoke(DirectMethodHandleAccessor.java:104)
  at java.base/java.lang.reflect.Method.invoke(Method.java:565)
  at org.gradle.internal.dispatch.MethodInvocation.invokeOn(MethodInvocation.java:77)
  at org.gradle.internal.dispatch.ReflectionDispatch.dispatch(ReflectionDispatch.java:28)
  at org.gradle.internal.dispatch.ReflectionDispatch.dispatch(ReflectionDispatch.java:19)
  at org.gradle.internal.dispatch.ContextClassLoaderDispatch.dispatch(ContextClassLoaderDispatch.java:33)
  at org.gradle.internal.dispatch.ProxyDispatchAdapter$DispatchingInvocationHandler.invoke(ProxyDispatchAdapter.java:88)
  at jdk.proxy1/jdk.proxy1.$Proxy4.processTestDefinition(Unknown Source)
  at org.gradle.api.internal.tasks.testing.worker.TestWorker$2.run(TestWorker.java:178)
  at org.gradle.api.internal.tasks.testing.worker.TestWorker.executeAndMaintainThreadName(TestWorker.java:126)
  at org.gradle.api.internal.tasks.testing.worker.TestWorker.execute(TestWorker.java:103)
  at org.gradle.api.internal.tasks.testing.worker.TestWorker.execute(TestWorker.java:63)
  at org.gradle.process.internal.worker.child.ActionExecutionWorker.execute(ActionExecutionWorker.java:56)
  at org.gradle.process.internal.worker.child.SystemApplicationClassLoaderWorker.call(SystemApplicationClassLoaderWorker.java:122)
  at org.gradle.process.internal.worker.child.SystemApplicationClassLoaderWorker.call(SystemApplicationClassLoaderWorker.java:72)
  at worker.org.gradle.process.internal.worker.GradleWorkerMain.run(GradleWorkerMain.java:69)
  at worker.org.gradle.process.internal.worker.GradleWorkerMain.main(GradleWorkerMain.java:74)
</stacktrace>
</test-failure>


TypeScriptCompilerTests_I[jvm] > importNonExportedMember2_ts has expected errors matching importNonExportedMember2_errors_txt[jvm] FAILED

<test-failure test="com.xemantic.typescript.compiler.TypeScriptCompilerTests_I.invalidLetInForOfAndForIn_ES5_ts has expected errors matching invalidLetInForOfAndForIn_ES5_errors_txt" platform="jvm">
<message>
--- expected
+++ actual
@@ -1,28 +1,22 @@
-invalidLetInForOfAndForIn_ES5.ts(5,13): error TS1005: ',' expected.
-invalidLetInForOfAndForIn_ES5.ts(5,14): error TS1181: Array element destructuring pattern expected.
-invalidLetInForOfAndForIn_ES5.ts(5,14): error TS2695: Left side of comma operator is unused and has no side effects.
-invalidLetInForOfAndForIn_ES5.ts(5,14): error TS2695: Left side of comma operator is unused and has no side effects.
-invalidLetInForOfAndForIn_ES5.ts(5,19): error TS1005: ';' expected.
-invalidLetInForOfAndForIn_ES5.ts(5,20): error TS1128: Declaration or statement expected.
+invalidLetInForOfAndForIn_ES5.ts(4,5): error TS1212: Identifier expected. 'let' is a reserved word in strict mode.
+invalidLetInForOfAndForIn_ES5.ts(5,13): error TS1005: ';' expected.
+invalidLetInForOfAndForIn_ES5.ts(5,20): error TS1005: ';' expected.
+invalidLetInForOfAndForIn_ES5.ts(7,10): error TS1123: Variable declaration list cannot be empty.
 
 
-==== invalidLetInForOfAndForIn_ES5.ts (6 errors) ====
+==== invalidLetInForOfAndForIn_ES5.ts (4 errors) ====
     // This should be an error
     // More details: http://www.ecma-international.org/ecma-262/6.0/#sec-iteration-statements
     
     var let = 10;
+        ~~~
+!!! error TS1212: Identifier expected. 'let' is a reserved word in strict mode.
     for (let of [1,2,3]) {}
                 ~
-!!! error TS1005: ',' expected.
-                 ~
-!!! error TS1181: Array element destructuring pattern expected.
-                 ~
-!!! error TS2695: Left side of comma operator is unused and has no side effects.
-                 ~~~
-!!! error TS2695: Left side of comma operator is unused and has no side effects.
-                      ~
 !!! error TS1005: ';' expected.
                        ~
-!!! error TS1128: Declaration or statement expected.
+!!! error TS1005: ';' expected.
     
     for (let in [1,2,3]) {}
+             ~~
+!!! error TS1123: Variable declaration list cannot be empty.

</message>
<stacktrace>
  at org.junit.Assert.fail(Assert.java:89)
  at kotlin.test.junit.JUnitAsserter.fail(JUnitSupport.kt:56)
  at kotlin.test.AssertionsKt__AssertionsKt.fail(Assertions.kt:563)
  at kotlin.test.AssertionsKt.fail(Unknown Source)
  at com.xemantic.kotlin.test.SameAsKt.sameAs(SameAs.kt:52)
  at com.xemantic.typescript.compiler.TypeScriptTestSupportKt.errorsMatchBaseline(TypeScriptTestSupport.kt:135)
  at com.xemantic.typescript.compiler.TypeScriptCompilerTests_I.invalidLetInForOfAndForIn_ES5_ts has expected errors matching invalidLetInForOfAndForIn_ES5_errors_txt(TypeScriptCompilerTests_I.kt:6160)
  at java.base/jdk.internal.reflect.DirectMethodHandleAccessor.invoke(DirectMethodHandleAccessor.java:104)
  at java.base/java.lang.reflect.Method.invoke(Method.java:565)
  at org.junit.runners.model.FrameworkMethod$1.runReflectiveCall(FrameworkMethod.java:59)
  at org.junit.internal.runners.model.ReflectiveCallable.run(ReflectiveCallable.java:12)
  at org.junit.runners.model.FrameworkMethod.invokeExplosively(FrameworkMethod.java:56)
  at org.junit.internal.runners.statements.InvokeMethod.evaluate(InvokeMethod.java:17)
  at org.junit.runners.ParentRunner$3.evaluate(ParentRunner.java:306)
  at org.junit.runners.BlockJUnit4ClassRunner$1.evaluate(BlockJUnit4ClassRunner.java:100)
  at org.junit.runners.ParentRunner.runLeaf(ParentRunner.java:366)
  at org.junit.runners.BlockJUnit4ClassRunner.runChild(BlockJUnit4ClassRunner.java:103)
  at org.junit.runners.BlockJUnit4ClassRunner.runChild(BlockJUnit4ClassRunner.java:63)
  at org.junit.runners.ParentRunner$4.run(ParentRunner.java:331)
  at org.junit.runners.ParentRunner$1.schedule(ParentRunner.java:79)
  at org.junit.runners.ParentRunner.runChildren(ParentRunner.java:329)
  at org.junit.runners.ParentRunner.access$100(ParentRunner.java:66)
  at org.junit.runners.ParentRunner$2.evaluate(ParentRunner.java:293)
  at org.junit.runners.ParentRunner$3.evaluate(ParentRunner.java:306)
  at org.junit.runners.ParentRunner.run(ParentRunner.java:413)
  at org.junit.runner.JUnitCore.run(JUnitCore.java:137)
  at org.junit.runner.JUnitCore.run(JUnitCore.java:115)
  at org.gradle.api.internal.tasks.testing.junit.JUnitTestExecutor.runRequest(JUnitTestExecutor.java:175)
  at org.gradle.api.internal.tasks.testing.junit.JUnitTestExecutor.accept(JUnitTestExecutor.java:84)
  at org.gradle.api.internal.tasks.testing.junit.JUnitTestExecutor.accept(JUnitTestExecutor.java:47)
  at org.gradle.api.internal.tasks.testing.junit.AbstractJUnitTestDefinitionProcessor.processTestDefinition(AbstractJUnitTestDefinitionProcessor.java:65)
  at org.gradle.api.internal.tasks.testing.SuiteTestDefinitionProcessor.processTestDefinition(SuiteTestDefinitionProcessor.java:54)
  at java.base/jdk.internal.reflect.DirectMethodHandleAccessor.invoke(DirectMethodHandleAccessor.java:104)
  at java.base/java.lang.reflect.Method.invoke(Method.java:565)
  at org.gradle.internal.dispatch.MethodInvocation.invokeOn(MethodInvocation.java:77)
  at org.gradle.internal.dispatch.ReflectionDispatch.dispatch(ReflectionDispatch.java:28)
  at org.gradle.internal.dispatch.ReflectionDispatch.dispatch(ReflectionDispatch.java:19)
  at org.gradle.internal.dispatch.ContextClassLoaderDispatch.dispatch(ContextClassLoaderDispatch.java:33)
  at org.gradle.internal.dispatch.ProxyDispatchAdapter$DispatchingInvocationHandler.invoke(ProxyDispatchAdapter.java:88)
  at jdk.proxy1/jdk.proxy1.$Proxy4.processTestDefinition(Unknown Source)
  at org.gradle.api.internal.tasks.testing.worker.TestWorker$2.run(TestWorker.java:178)
  at org.gradle.api.internal.tasks.testing.worker.TestWorker.executeAndMaintainThreadName(TestWorker.java:126)
  at org.gradle.api.internal.tasks.testing.worker.TestWorker.execute(TestWorker.java:103)
  at org.gradle.api.internal.tasks.testing.worker.TestWorker.execute(TestWorker.java:63)
  at org.gradle.process.internal.worker.child.ActionExecutionWorker.execute(ActionExecutionWorker.java:56)
  at org.gradle.process.internal.worker.child.SystemApplicationClassLoaderWorker.call(SystemApplicationClassLoaderWorker.java:122)
  at org.gradle.process.internal.worker.child.SystemApplicationClassLoaderWorker.call(SystemApplicationClassLoaderWorker.java:72)
  at worker.org.gradle.process.internal.worker.GradleWorkerMain.run(GradleWorkerMain.java:69)
  at worker.org.gradle.process.internal.worker.GradleWorkerMain.main(GradleWorkerMain.java:74)
</stacktrace>
</test-failure>


TypeScriptCompilerTests_I[jvm] > invalidLetInForOfAndForIn_ES5_ts has expected errors matching invalidLetInForOfAndForIn_ES5_errors_txt[jvm] FAILED

<test-failure test="com.xemantic.typescript.compiler.TypeScriptCompilerTests_I.inheritedConstructorWithRestParams2_ts has expected errors matching inheritedConstructorWithRestParams2_errors_txt" platform="jvm">
<message>
Expected diagnostics from baseline typescript-repo/tests/baselines/reference/inheritedConstructorWithRestParams2.errors.txt but none produced
</message>
<stacktrace>
  at com.xemantic.typescript.compiler.TypeScriptTestSupportKt.errorsMatchBaseline(TypeScriptTestSupport.kt:125)
  at com.xemantic.typescript.compiler.TypeScriptCompilerTests_I.inheritedConstructorWithRestParams2_ts has expected errors matching inheritedConstructorWithRestParams2_errors_txt(TypeScriptCompilerTests_I.kt:4270)
  at java.base/jdk.internal.reflect.DirectMethodHandleAccessor.invoke(DirectMethodHandleAccessor.java:104)
  at java.base/java.lang.reflect.Method.invoke(Method.java:565)
  at org.junit.runners.model.FrameworkMethod$1.runReflectiveCall(FrameworkMethod.java:59)
  at org.junit.internal.runners.model.ReflectiveCallable.run(ReflectiveCallable.java:12)
  at org.junit.runners.model.FrameworkMethod.invokeExplosively(FrameworkMethod.java:56)
  at org.junit.internal.runners.statements.InvokeMethod.evaluate(InvokeMethod.java:17)
  at org.junit.runners.ParentRunner$3.evaluate(ParentRunner.java:306)
  at org.junit.runners.BlockJUnit4ClassRunner$1.evaluate(BlockJUnit4ClassRunner.java:100)
  at org.junit.runners.ParentRunner.runLeaf(ParentRunner.java:366)
  at org.junit.runners.BlockJUnit4ClassRunner.runChild(BlockJUnit4ClassRunner.java:103)
  at org.junit.runners.BlockJUnit4ClassRunner.runChild(BlockJUnit4ClassRunner.java:63)
  at org.junit.runners.ParentRunner$4.run(ParentRunner.java:331)
  at org.junit.runners.ParentRunner$1.schedule(ParentRunner.java:79)
  at org.junit.runners.ParentRunner.runChildren(ParentRunner.java:329)
  at org.junit.runners.ParentRunner.access$100(ParentRunner.java:66)
  at org.junit.runners.ParentRunner$2.evaluate(ParentRunner.java:293)
  at org.junit.runners.ParentRunner$3.evaluate(ParentRunner.java:306)
  at org.junit.runners.ParentRunner.run(ParentRunner.java:413)
  at org.junit.runner.JUnitCore.run(JUnitCore.java:137)
  at org.junit.runner.JUnitCore.run(JUnitCore.java:115)
  at org.gradle.api.internal.tasks.testing.junit.JUnitTestExecutor.runRequest(JUnitTestExecutor.java:175)
  at org.gradle.api.internal.tasks.testing.junit.JUnitTestExecutor.accept(JUnitTestExecutor.java:84)
  at org.gradle.api.internal.tasks.testing.junit.JUnitTestExecutor.accept(JUnitTestExecutor.java:47)
  at org.gradle.api.internal.tasks.testing.junit.AbstractJUnitTestDefinitionProcessor.processTestDefinition(AbstractJUnitTestDefinitionProcessor.java:65)
  at org.gradle.api.internal.tasks.testing.SuiteTestDefinitionProcessor.processTestDefinition(SuiteTestDefinitionProcessor.java:54)
  at java.base/jdk.internal.reflect.DirectMethodHandleAccessor.invoke(DirectMethodHandleAccessor.java:104)
  at java.base/java.lang.reflect.Method.invoke(Method.java:565)
  at org.gradle.internal.dispatch.MethodInvocation.invokeOn(MethodInvocation.java:77)
  at org.gradle.internal.dispatch.ReflectionDispatch.dispatch(ReflectionDispatch.java:28)
  at org.gradle.internal.dispatch.ReflectionDispatch.dispatch(ReflectionDispatch.java:19)
  at org.gradle.internal.dispatch.ContextClassLoaderDispatch.dispatch(ContextClassLoaderDispatch.java:33)
  at org.gradle.internal.dispatch.ProxyDispatchAdapter$DispatchingInvocationHandler.invoke(ProxyDispatchAdapter.java:88)
  at jdk.proxy1/jdk.proxy1.$Proxy4.processTestDefinition(Unknown Source)
  at org.gradle.api.internal.tasks.testing.worker.TestWorker$2.run(TestWorker.java:178)
  at org.gradle.api.internal.tasks.testing.worker.TestWorker.executeAndMaintainThreadName(TestWorker.java:126)
  at org.gradle.api.internal.tasks.testing.worker.TestWorker.execute(TestWorker.java:103)
  at org.gradle.api.internal.tasks.testing.worker.TestWorker.execute(TestWorker.java:63)
  at org.gradle.process.internal.worker.child.ActionExecutionWorker.execute(ActionExecutionWorker.java:56)
  at org.gradle.process.internal.worker.child.SystemApplicationClassLoaderWorker.call(SystemApplicationClassLoaderWorker.java:122)
  at org.gradle.process.internal.worker.child.SystemApplicationClassLoaderWorker.call(SystemApplicationClassLoaderWorker.java:72)
  at worker.org.gradle.process.internal.worker.GradleWorkerMain.run(GradleWorkerMain.java:69)
  at worker.org.gradle.process.internal.worker.GradleWorkerMain.main(GradleWorkerMain.java:74)
</stacktrace>
</test-failure>


TypeScriptCompilerTests_I[jvm] > inheritedConstructorWithRestParams2_ts has expected errors matching inheritedConstructorWithRestParams2_errors_txt[jvm] FAILED

<test-failure test="com.xemantic.typescript.compiler.TypeScriptCompilerTests_I.implicitAnyDeclareVariablesWithoutTypeAndInit_ts has expected errors matching implicitAnyDeclareVariablesWithoutTypeAndInit_errors_txt" platform="jvm">
<message>
--- expected
+++ actual
@@ -1,23 +1,17 @@
-implicitAnyDeclareVariablesWithoutTypeAndInit.ts(3,5): error TS7034: Variable 'y' implicitly has type 'any' in some locations where its type cannot be determined.
 implicitAnyDeclareVariablesWithoutTypeAndInit.ts(4,13): error TS7005: Variable 'foo' implicitly has an 'any' type.
 implicitAnyDeclareVariablesWithoutTypeAndInit.ts(5,15): error TS7006: Parameter 'k' implicitly has an 'any' type.
-implicitAnyDeclareVariablesWithoutTypeAndInit.ts(5,20): error TS7005: Variable 'y' implicitly has an 'any' type.
 
 
-==== implicitAnyDeclareVariablesWithoutTypeAndInit.ts (4 errors) ====
+==== implicitAnyDeclareVariablesWithoutTypeAndInit.ts (2 errors) ====
     // this should be an error
     var x;                   // no error, control flow typed
     var y;                   // error because captured
-        ~
-!!! error TS7034: Variable 'y' implicitly has type 'any' in some locations where its type cannot be determined.
     declare var foo;         // error at "foo"
                 ~~~
 !!! error TS7005: Variable 'foo' implicitly has an 'any' type.
     function func(k) { y };  // error at "k"
                   ~
 !!! error TS7006: Parameter 'k' implicitly has an 'any' type.
-                       ~
-!!! error TS7005: Variable 'y' implicitly has an 'any' type.
     func(x);
     
     // this shouldn't be an error

</message>
<stacktrace>
  at org.junit.Assert.fail(Assert.java:89)
  at kotlin.test.junit.JUnitAsserter.fail(JUnitSupport.kt:56)
  at kotlin.test.AssertionsKt__AssertionsKt.fail(Assertions.kt:563)
  at kotlin.test.AssertionsKt.fail(Unknown Source)
  at com.xemantic.kotlin.test.SameAsKt.sameAs(SameAs.kt:52)
  at com.xemantic.typescript.compiler.TypeScriptTestSupportKt.errorsMatchBaseline(TypeScriptTestSupport.kt:135)
  at com.xemantic.typescript.compiler.TypeScriptCompilerTests_I.implicitAnyDeclareVariablesWithoutTypeAndInit_ts has expected errors matching implicitAnyDeclareVariablesWithoutTypeAndInit_errors_txt(TypeScriptCompilerTests_I.kt:406)
  at java.base/jdk.internal.reflect.DirectMethodHandleAccessor.invoke(DirectMethodHandleAccessor.java:104)
  at java.base/java.lang.reflect.Method.invoke(Method.java:565)
  at org.junit.runners.model.FrameworkMethod$1.runReflectiveCall(FrameworkMethod.java:59)
  at org.junit.internal.runners.model.ReflectiveCallable.run(ReflectiveCallable.java:12)
  at org.junit.runners.model.FrameworkMethod.invokeExplosively(FrameworkMethod.java:56)
  at org.junit.internal.runners.statements.InvokeMethod.evaluate(InvokeMethod.java:17)
  at org.junit.runners.ParentRunner$3.evaluate(ParentRunner.java:306)
  at org.junit.runners.BlockJUnit4ClassRunner$1.evaluate(BlockJUnit4ClassRunner.java:100)
  at org.junit.runners.ParentRunner.runLeaf(ParentRunner.java:366)
  at org.junit.runners.BlockJUnit4ClassRunner.runChild(BlockJUnit4ClassRunner.java:103)
  at org.junit.runners.BlockJUnit4ClassRunner.runChild(BlockJUnit4ClassRunner.java:63)
  at org.junit.runners.ParentRunner$4.run(ParentRunner.java:331)
  at org.junit.runners.ParentRunner$1.schedule(ParentRunner.java:79)
  at org.junit.runners.ParentRunner.runChildren(ParentRunner.java:329)
  at org.junit.runners.ParentRunner.access$100(ParentRunner.java:66)
  at org.junit.runners.ParentRunner$2.evaluate(ParentRunner.java:293)
  at org.junit.runners.ParentRunner$3.evaluate(ParentRunner.java:306)
  at org.junit.runners.ParentRunner.run(ParentRunner.java:413)
  at org.junit.runner.JUnitCore.run(JUnitCore.java:137)
  at org.junit.runner.JUnitCore.run(JUnitCore.java:115)
  at org.gradle.api.internal.tasks.testing.junit.JUnitTestExecutor.runRequest(JUnitTestExecutor.java:175)
  at org.gradle.api.internal.tasks.testing.junit.JUnitTestExecutor.accept(JUnitTestExecutor.java:84)
  at org.gradle.api.internal.tasks.testing.junit.JUnitTestExecutor.accept(JUnitTestExecutor.java:47)
  at org.gradle.api.internal.tasks.testing.junit.AbstractJUnitTestDefinitionProcessor.processTestDefinition(AbstractJUnitTestDefinitionProcessor.java:65)
  at org.gradle.api.internal.tasks.testing.SuiteTestDefinitionProcessor.processTestDefinition(SuiteTestDefinitionProcessor.java:54)
  at java.base/jdk.internal.reflect.DirectMethodHandleAccessor.invoke(DirectMethodHandleAccessor.java:104)
  at java.base/java.lang.reflect.Method.invoke(Method.java:565)
  at org.gradle.internal.dispatch.MethodInvocation.invokeOn(MethodInvocation.java:77)
  at org.gradle.internal.dispatch.ReflectionDispatch.dispatch(ReflectionDispatch.java:28)
  at org.gradle.internal.dispatch.ReflectionDispatch.dispatch(ReflectionDispatch.java:19)
  at org.gradle.internal.dispatch.ContextClassLoaderDispatch.dispatch(ContextClassLoaderDispatch.java:33)
  at org.gradle.internal.dispatch.ProxyDispatchAdapter$DispatchingInvocationHandler.invoke(ProxyDispatchAdapter.java:88)
  at jdk.proxy1/jdk.proxy1.$Proxy4.processTestDefinition(Unknown Source)
  at org.gradle.api.internal.tasks.testing.worker.TestWorker$2.run(TestWorker.java:178)
  at org.gradle.api.internal.tasks.testing.worker.TestWorker.executeAndMaintainThreadName(TestWorker.java:126)
  at org.gradle.api.internal.tasks.testing.worker.TestWorker.execute(TestWorker.java:103)
  at org.gradle.api.internal.tasks.testing.worker.TestWorker.execute(TestWorker.java:63)
  at org.gradle.process.internal.worker.child.ActionExecutionWorker.execute(ActionExecutionWorker.java:56)
  at org.gradle.process.internal.worker.child.SystemApplicationClassLoaderWorker.call(SystemApplicationClassLoaderWorker.java:122)
  at org.gradle.process.internal.worker.child.SystemApplicationClassLoaderWorker.call(SystemApplicationClassLoaderWorker.java:72)
  at worker.org.gradle.process.internal.worker.GradleWorkerMain.run(GradleWorkerMain.java:69)
  at worker.org.gradle.process.internal.worker.GradleWorkerMain.main(GradleWorkerMain.java:74)
</stacktrace>
</test-failure>


TypeScriptCompilerTests_I[jvm] > implicitAnyDeclareVariablesWithoutTypeAndInit_ts has expected errors matching implicitAnyDeclareVariablesWithoutTypeAndInit_errors_txt[jvm] FAILED

<test-failure test="com.xemantic.typescript.compiler.TypeScriptCompilerTests_I.inheritFromGenericTypeParameter_ts has expected errors matching inheritFromGenericTypeParameter_errors_txt" platform="jvm">
<message>
Expected diagnostics from baseline typescript-repo/tests/baselines/reference/inheritFromGenericTypeParameter.errors.txt but none produced
</message>
<stacktrace>
  at com.xemantic.typescript.compiler.TypeScriptTestSupportKt.errorsMatchBaseline(TypeScriptTestSupport.kt:125)
  at com.xemantic.typescript.compiler.TypeScriptCompilerTests_I.inheritFromGenericTypeParameter_ts has expected errors matching inheritFromGenericTypeParameter_errors_txt(TypeScriptCompilerTests_I.kt:3857)
  at java.base/jdk.internal.reflect.DirectMethodHandleAccessor.invoke(DirectMethodHandleAccessor.java:104)
  at java.base/java.lang.reflect.Method.invoke(Method.java:565)
  at org.junit.runners.model.FrameworkMethod$1.runReflectiveCall(FrameworkMethod.java:59)
  at org.junit.internal.runners.model.ReflectiveCallable.run(ReflectiveCallable.java:12)
  at org.junit.runners.model.FrameworkMethod.invokeExplosively(FrameworkMethod.java:56)
  at org.junit.internal.runners.statements.InvokeMethod.evaluate(InvokeMethod.java:17)
  at org.junit.runners.ParentRunner$3.evaluate(ParentRunner.java:306)
  at org.junit.runners.BlockJUnit4ClassRunner$1.evaluate(BlockJUnit4ClassRunner.java:100)
  at org.junit.runners.ParentRunner.runLeaf(ParentRunner.java:366)
  at org.junit.runners.BlockJUnit4ClassRunner.runChild(BlockJUnit4ClassRunner.java:103)
  at org.junit.runners.BlockJUnit4ClassRunner.runChild(BlockJUnit4ClassRunner.java:63)
  at org.junit.runners.ParentRunner$4.run(ParentRunner.java:331)
  at org.junit.runners.ParentRunner$1.schedule(ParentRunner.java:79)
  at org.junit.runners.ParentRunner.runChildren(ParentRunner.java:329)
  at org.junit.runners.ParentRunner.access$100(ParentRunner.java:66)
  at org.junit.runners.ParentRunner$2.evaluate(ParentRunner.java:293)
  at org.junit.runners.ParentRunner$3.evaluate(ParentRunner.java:306)
  at org.junit.runners.ParentRunner.run(ParentRunner.java:413)
  at org.junit.runner.JUnitCore.run(JUnitCore.java:137)
  at org.junit.runner.JUnitCore.run(JUnitCore.java:115)
  at org.gradle.api.internal.tasks.testing.junit.JUnitTestExecutor.runRequest(JUnitTestExecutor.java:175)
  at org.gradle.api.internal.tasks.testing.junit.JUnitTestExecutor.accept(JUnitTestExecutor.java:84)
  at org.gradle.api.internal.tasks.testing.junit.JUnitTestExecutor.accept(JUnitTestExecutor.java:47)
  at org.gradle.api.internal.tasks.testing.junit.AbstractJUnitTestDefinitionProcessor.processTestDefinition(AbstractJUnitTestDefinitionProcessor.java:65)
  at org.gradle.api.internal.tasks.testing.SuiteTestDefinitionProcessor.processTestDefinition(SuiteTestDefinitionProcessor.java:54)
  at java.base/jdk.internal.reflect.DirectMethodHandleAccessor.invoke(DirectMethodHandleAccessor.java:104)
  at java.base/java.lang.reflect.Method.invoke(Method.java:565)
  at org.gradle.internal.dispatch.MethodInvocation.invokeOn(MethodInvocation.java:77)
  at org.gradle.internal.dispatch.ReflectionDispatch.dispatch(ReflectionDispatch.java:28)
  at org.gradle.internal.dispatch.ReflectionDispatch.dispatch(ReflectionDispatch.java:19)
  at org.gradle.internal.dispatch.ContextClassLoaderDispatch.dispatch(ContextClassLoaderDispatch.java:33)
  at org.gradle.internal.dispatch.ProxyDispatchAdapter$DispatchingInvocationHandler.invoke(ProxyDispatchAdapter.java:88)
  at jdk.proxy1/jdk.proxy1.$Proxy4.processTestDefinition(Unknown Source)
  at org.gradle.api.internal.tasks.testing.worker.TestWorker$2.run(TestWorker.java:178)
  at org.gradle.api.internal.tasks.testing.worker.TestWorker.executeAndMaintainThreadName(TestWorker.java:126)
  at org.gradle.api.internal.tasks.testing.worker.TestWorker.execute(TestWorker.java:103)
  at org.gradle.api.internal.tasks.testing.worker.TestWorker.execute(TestWorker.java:63)
  at org.gradle.process.internal.worker.child.ActionExecutionWorker.execute(ActionExecutionWorker.java:56)
  at org.gradle.process.internal.worker.child.SystemApplicationClassLoaderWorker.call(SystemApplicationClassLoaderWorker.java:122)
  at org.gradle.process.internal.worker.child.SystemApplicationClassLoaderWorker.call(SystemApplicationClassLoaderWorker.java:72)
  at worker.org.gradle.process.internal.worker.GradleWorkerMain.run(GradleWorkerMain.java:69)
  at worker.org.gradle.process.internal.worker.GradleWorkerMain.main(GradleWorkerMain.java:74)
</stacktrace>
</test-failure>


TypeScriptCompilerTests_I[jvm] > inheritFromGenericTypeParameter_ts has expected errors matching inheritFromGenericTypeParameter_errors_txt[jvm] FAILED

<test-failure test="com.xemantic.typescript.compiler.TypeScriptCompilerTests_I.importHelpersES6_ts compiles to JavaScript matching importHelpersES6_js" platform="jvm">
<message>
--- expected
+++ actual
@@ -23,18 +23,14 @@
 
 
 //// [a.js]
-var _A_x;
-import { __awaiter, __classPrivateFieldGet, __classPrivateFieldIn, __classPrivateFieldSet, __decorate } from "tslib";
+import { __decorate, __awaiter } from "tslib";
 let A = class A {
-    constructor() {
-        _A_x.set(this, 1);
-    }
+    #x = 1;
     f() {
-        return __awaiter(this, void 0, void 0, function* () { __classPrivateFieldSet(this, _A_x, yield __classPrivateFieldGet(this, _A_x, "f"), "f"); });
+        return __awaiter(this, void 0, void 0, function* () { this.#x = yield this.#x; });
     }
-    g(u) { return __classPrivateFieldIn(_A_x, u); }
+    g(u) { return #x in u; }
 };
-_A_x = new WeakMap();
 A = __decorate([
     dec
 ], A);

</message>
<stacktrace>
  at org.junit.Assert.fail(Assert.java:89)
  at kotlin.test.junit.JUnitAsserter.fail(JUnitSupport.kt:56)
  at kotlin.test.AssertionsKt__AssertionsKt.fail(Assertions.kt:563)
  at kotlin.test.AssertionsKt.fail(Unknown Source)
  at com.xemantic.kotlin.test.SameAsKt.sameAs(SameAs.kt:52)
  at com.xemantic.typescript.compiler.TypeScriptTestSupportKt.sameAs(TypeScriptTestSupport.kt:99)
  at com.xemantic.typescript.compiler.TypeScriptCompilerTests_I.importHelpersES6_ts compiles to JavaScript matching importHelpersES6_js(TypeScriptCompilerTests_I.kt:1148)
  at java.base/jdk.internal.reflect.DirectMethodHandleAccessor.invoke(DirectMethodHandleAccessor.java:104)
  at java.base/java.lang.reflect.Method.invoke(Method.java:565)
  at org.junit.runners.model.FrameworkMethod$1.runReflectiveCall(FrameworkMethod.java:59)
  at org.junit.internal.runners.model.ReflectiveCallable.run(ReflectiveCallable.java:12)
  at org.junit.runners.model.FrameworkMethod.invokeExplosively(FrameworkMethod.java:56)
  at org.junit.internal.runners.statements.InvokeMethod.evaluate(InvokeMethod.java:17)
  at org.junit.runners.ParentRunner$3.evaluate(ParentRunner.java:306)
  at org.junit.runners.BlockJUnit4ClassRunner$1.evaluate(BlockJUnit4ClassRunner.java:100)
  at org.junit.runners.ParentRunner.runLeaf(ParentRunner.java:366)
  at org.junit.runners.BlockJUnit4ClassRunner.runChild(BlockJUnit4ClassRunner.java:103)
  at org.junit.runners.BlockJUnit4ClassRunner.runChild(BlockJUnit4ClassRunner.java:63)
  at org.junit.runners.ParentRunner$4.run(ParentRunner.java:331)
  at org.junit.runners.ParentRunner$1.schedule(ParentRunner.java:79)
  at org.junit.runners.ParentRunner.runChildren(ParentRunner.java:329)
  at org.junit.runners.ParentRunner.access$100(ParentRunner.java:66)
  at org.junit.runners.ParentRunner$2.evaluate(ParentRunner.java:293)
  at org.junit.runners.ParentRunner$3.evaluate(ParentRunner.java:306)
  at org.junit.runners.ParentRunner.run(ParentRunner.java:413)
  at org.junit.runner.JUnitCore.run(JUnitCore.java:137)
  at org.junit.runner.JUnitCore.run(JUnitCore.java:115)
  at org.gradle.api.internal.tasks.testing.junit.JUnitTestExecutor.runRequest(JUnitTestExecutor.java:175)
  at org.gradle.api.internal.tasks.testing.junit.JUnitTestExecutor.accept(JUnitTestExecutor.java:84)
  at org.gradle.api.internal.tasks.testing.junit.JUnitTestExecutor.accept(JUnitTestExecutor.java:47)
  at org.gradle.api.internal.tasks.testing.junit.AbstractJUnitTestDefinitionProcessor.processTestDefinition(AbstractJUnitTestDefinitionProcessor.java:65)
  at org.gradle.api.internal.tasks.testing.SuiteTestDefinitionProcessor.processTestDefinition(SuiteTestDefinitionProcessor.java:54)
  at java.base/jdk.internal.reflect.DirectMethodHandleAccessor.invoke(DirectMethodHandleAccessor.java:104)
  at java.base/java.lang.reflect.Method.invoke(Method.java:565)
  at org.gradle.internal.dispatch.MethodInvocation.invokeOn(MethodInvocation.java:77)
  at org.gradle.internal.dispatch.ReflectionDispatch.dispatch(ReflectionDispatch.java:28)
  at org.gradle.internal.dispatch.ReflectionDispatch.dispatch(ReflectionDispatch.java:19)
  at org.gradle.internal.dispatch.ContextClassLoaderDispatch.dispatch(ContextClassLoaderDispatch.java:33)
  at org.gradle.internal.dispatch.ProxyDispatchAdapter$DispatchingInvocationHandler.invoke(ProxyDispatchAdapter.java:88)
  at jdk.proxy1/jdk.proxy1.$Proxy4.processTestDefinition(Unknown Source)
  at org.gradle.api.internal.tasks.testing.worker.TestWorker$2.run(TestWorker.java:178)
  at org.gradle.api.internal.tasks.testing.worker.TestWorker.executeAndMaintainThreadName(TestWorker.java:126)
  at org.gradle.api.internal.tasks.testing.worker.TestWorker.execute(TestWorker.java:103)
  at org.gradle.api.internal.tasks.testing.worker.TestWorker.execute(TestWorker.java:63)
  at org.gradle.process.internal.worker.child.ActionExecutionWorker.execute(ActionExecutionWorker.java:56)
  at org.gradle.process.internal.worker.child.SystemApplicationClassLoaderWorker.call(SystemApplicationClassLoaderWorker.java:122)
  at org.gradle.process.internal.worker.child.SystemApplicationClassLoaderWorker.call(SystemApplicationClassLoaderWorker.java:72)
  at worker.org.gradle.process.internal.worker.GradleWorkerMain.run(GradleWorkerMain.java:69)
  at worker.org.gradle.process.internal.worker.GradleWorkerMain.main(GradleWorkerMain.java:74)
</stacktrace>
</test-failure>


TypeScriptCompilerTests_I[jvm] > importHelpersES6_ts compiles to JavaScript matching importHelpersES6_js[jvm] FAILED

<test-failure test="com.xemantic.typescript.compiler.TypeScriptCompilerTests_I.importHelpersWithLocalCollisions_ts__module_es2015__compiles to JavaScript matching baseline" platform="jvm">
<message>
--- expected
+++ actual
@@ -18,10 +18,10 @@
 
 
 //// [a.js]
-import { __decorate as __decorate_1 } from "tslib";
+import { __decorate } from "tslib";
 let A = class A {
 };
-A = __decorate_1([
+A = __decorate([
     dec
 ], A);
 export { A };

</message>
<stacktrace>
  at org.junit.Assert.fail(Assert.java:89)
  at kotlin.test.junit.JUnitAsserter.fail(JUnitSupport.kt:56)
  at kotlin.test.AssertionsKt__AssertionsKt.fail(Assertions.kt:563)
  at kotlin.test.AssertionsKt.fail(Unknown Source)
  at com.xemantic.kotlin.test.SameAsKt.sameAs(SameAs.kt:52)
  at com.xemantic.typescript.compiler.TypeScriptTestSupportKt.sameAs(TypeScriptTestSupport.kt:99)
  at com.xemantic.typescript.compiler.TypeScriptCompilerTests_I.importHelpersWithLocalCollisions_ts__module_es2015__compiles to JavaScript matching baseline(TypeScriptCompilerTests_I.kt:1764)
  at java.base/jdk.internal.reflect.DirectMethodHandleAccessor.invoke(DirectMethodHandleAccessor.java:104)
  at java.base/java.lang.reflect.Method.invoke(Method.java:565)
  at org.junit.runners.model.FrameworkMethod$1.runReflectiveCall(FrameworkMethod.java:59)
  at org.junit.internal.runners.model.ReflectiveCallable.run(ReflectiveCallable.java:12)
  at org.junit.runners.model.FrameworkMethod.invokeExplosively(FrameworkMethod.java:56)
  at org.junit.internal.runners.statements.InvokeMethod.evaluate(InvokeMethod.java:17)
  at org.junit.runners.ParentRunner$3.evaluate(ParentRunner.java:306)
  at org.junit.runners.BlockJUnit4ClassRunner$1.evaluate(BlockJUnit4ClassRunner.java:100)
  at org.junit.runners.ParentRunner.runLeaf(ParentRunner.java:366)
  at org.junit.runners.BlockJUnit4ClassRunner.runChild(BlockJUnit4ClassRunner.java:103)
  at org.junit.runners.BlockJUnit4ClassRunner.runChild(BlockJUnit4ClassRunner.java:63)
  at org.junit.runners.ParentRunner$4.run(ParentRunner.java:331)
  at org.junit.runners.ParentRunner$1.schedule(ParentRunner.java:79)
  at org.junit.runners.ParentRunner.runChildren(ParentRunner.java:329)
  at org.junit.runners.ParentRunner.access$100(ParentRunner.java:66)
  at org.junit.runners.ParentRunner$2.evaluate(ParentRunner.java:293)
  at org.junit.runners.ParentRunner$3.evaluate(ParentRunner.java:306)
  at org.junit.runners.ParentRunner.run(ParentRunner.java:413)
  at org.junit.runner.JUnitCore.run(JUnitCore.java:137)
  at org.junit.runner.JUnitCore.run(JUnitCore.java:115)
  at org.gradle.api.internal.tasks.testing.junit.JUnitTestExecutor.runRequest(JUnitTestExecutor.java:175)
  at org.gradle.api.internal.tasks.testing.junit.JUnitTestExecutor.accept(JUnitTestExecutor.java:84)
  at org.gradle.api.internal.tasks.testing.junit.JUnitTestExecutor.accept(JUnitTestExecutor.java:47)
  at org.gradle.api.internal.tasks.testing.junit.AbstractJUnitTestDefinitionProcessor.processTestDefinition(AbstractJUnitTestDefinitionProcessor.java:65)
  at org.gradle.api.internal.tasks.testing.SuiteTestDefinitionProcessor.processTestDefinition(SuiteTestDefinitionProcessor.java:54)
  at java.base/jdk.internal.reflect.DirectMethodHandleAccessor.invoke(DirectMethodHandleAccessor.java:104)
  at java.base/java.lang.reflect.Method.invoke(Method.java:565)
  at org.gradle.internal.dispatch.MethodInvocation.invokeOn(MethodInvocation.java:77)
  at org.gradle.internal.dispatch.ReflectionDispatch.dispatch(ReflectionDispatch.java:28)
  at org.gradle.internal.dispatch.ReflectionDispatch.dispatch(ReflectionDispatch.java:19)
  at org.gradle.internal.dispatch.ContextClassLoaderDispatch.dispatch(ContextClassLoaderDispatch.java:33)
  at org.gradle.internal.dispatch.ProxyDispatchAdapter$DispatchingInvocationHandler.invoke(ProxyDispatchAdapter.java:88)
  at jdk.proxy1/jdk.proxy1.$Proxy4.processTestDefinition(Unknown Source)
  at org.gradle.api.internal.tasks.testing.worker.TestWorker$2.run(TestWorker.java:178)
  at org.gradle.api.internal.tasks.testing.worker.TestWorker.executeAndMaintainThreadName(TestWorker.java:126)
  at org.gradle.api.internal.tasks.testing.worker.TestWorker.execute(TestWorker.java:103)
  at org.gradle.api.internal.tasks.testing.worker.TestWorker.execute(TestWorker.java:63)
  at org.gradle.process.internal.worker.child.ActionExecutionWorker.execute(ActionExecutionWorker.java:56)
  at org.gradle.process.internal.worker.child.SystemApplicationClassLoaderWorker.call(SystemApplicationClassLoaderWorker.java:122)
  at org.gradle.process.internal.worker.child.SystemApplicationClassLoaderWorker.call(SystemApplicationClassLoaderWorker.java:72)
  at worker.org.gradle.process.internal.worker.GradleWorkerMain.run(GradleWorkerMain.java:69)
  at worker.org.gradle.process.internal.worker.GradleWorkerMain.main(GradleWorkerMain.java:74)
</stacktrace>
</test-failure>


TypeScriptCompilerTests_I[jvm] > importHelpersWithLocalCollisions_ts__module_es2015__compiles to JavaScript matching baseline[jvm] FAILED

<test-failure test="com.xemantic.typescript.compiler.TypeScriptCompilerTests_I.importNonExportedMember1_ts has expected errors matching importNonExportedMember1_errors_txt" platform="jvm">
<message>
Expected diagnostics from baseline typescript-repo/tests/baselines/reference/importNonExportedMember1.errors.txt but none produced
</message>
<stacktrace>
  at com.xemantic.typescript.compiler.TypeScriptTestSupportKt.errorsMatchBaseline(TypeScriptTestSupport.kt:125)
  at com.xemantic.typescript.compiler.TypeScriptCompilerTests_I.importNonExportedMember1_ts has expected errors matching importNonExportedMember1_errors_txt(TypeScriptCompilerTests_I.kt:1827)
  at java.base/jdk.internal.reflect.DirectMethodHandleAccessor.invoke(DirectMethodHandleAccessor.java:104)
  at java.base/java.lang.reflect.Method.invoke(Method.java:565)
  at org.junit.runners.model.FrameworkMethod$1.runReflectiveCall(FrameworkMethod.java:59)
  at org.junit.internal.runners.model.ReflectiveCallable.run(ReflectiveCallable.java:12)
  at org.junit.runners.model.FrameworkMethod.invokeExplosively(FrameworkMethod.java:56)
  at org.junit.internal.runners.statements.InvokeMethod.evaluate(InvokeMethod.java:17)
  at org.junit.runners.ParentRunner$3.evaluate(ParentRunner.java:306)
  at org.junit.runners.BlockJUnit4ClassRunner$1.evaluate(BlockJUnit4ClassRunner.java:100)
  at org.junit.runners.ParentRunner.runLeaf(ParentRunner.java:366)
  at org.junit.runners.BlockJUnit4ClassRunner.runChild(BlockJUnit4ClassRunner.java:103)
  at org.junit.runners.BlockJUnit4ClassRunner.runChild(BlockJUnit4ClassRunner.java:63)
  at org.junit.runners.ParentRunner$4.run(ParentRunner.java:331)
  at org.junit.runners.ParentRunner$1.schedule(ParentRunner.java:79)
  at org.junit.runners.ParentRunner.runChildren(ParentRunner.java:329)
  at org.junit.runners.ParentRunner.access$100(ParentRunner.java:66)
  at org.junit.runners.ParentRunner$2.evaluate(ParentRunner.java:293)
  at org.junit.runners.ParentRunner$3.evaluate(ParentRunner.java:306)
  at org.junit.runners.ParentRunner.run(ParentRunner.java:413)
  at org.junit.runner.JUnitCore.run(JUnitCore.java:137)
  at org.junit.runner.JUnitCore.run(JUnitCore.java:115)
  at org.gradle.api.internal.tasks.testing.junit.JUnitTestExecutor.runRequest(JUnitTestExecutor.java:175)
  at org.gradle.api.internal.tasks.testing.junit.JUnitTestExecutor.accept(JUnitTestExecutor.java:84)
  at org.gradle.api.internal.tasks.testing.junit.JUnitTestExecutor.accept(JUnitTestExecutor.java:47)
  at org.gradle.api.internal.tasks.testing.junit.AbstractJUnitTestDefinitionProcessor.processTestDefinition(AbstractJUnitTestDefinitionProcessor.java:65)
  at org.gradle.api.internal.tasks.testing.SuiteTestDefinitionProcessor.processTestDefinition(SuiteTestDefinitionProcessor.java:54)
  at java.base/jdk.internal.reflect.DirectMethodHandleAccessor.invoke(DirectMethodHandleAccessor.java:104)
  at java.base/java.lang.reflect.Method.invoke(Method.java:565)
  at org.gradle.internal.dispatch.MethodInvocation.invokeOn(MethodInvocation.java:77)
  at org.gradle.internal.dispatch.ReflectionDispatch.dispatch(ReflectionDispatch.java:28)
  at org.gradle.internal.dispatch.ReflectionDispatch.dispatch(ReflectionDispatch.java:19)
  at org.gradle.internal.dispatch.ContextClassLoaderDispatch.dispatch(ContextClassLoaderDispatch.java:33)
  at org.gradle.internal.dispatch.ProxyDispatchAdapter$DispatchingInvocationHandler.invoke(ProxyDispatchAdapter.java:88)
  at jdk.proxy1/jdk.proxy1.$Proxy4.processTestDefinition(Unknown Source)
  at org.gradle.api.internal.tasks.testing.worker.TestWorker$2.run(TestWorker.java:178)
  at org.gradle.api.internal.tasks.testing.worker.TestWorker.executeAndMaintainThreadName(TestWorker.java:126)
  at org.gradle.api.internal.tasks.testing.worker.TestWorker.execute(TestWorker.java:103)
  at org.gradle.api.internal.tasks.testing.worker.TestWorker.execute(TestWorker.java:63)
  at org.gradle.process.internal.worker.child.ActionExecutionWorker.execute(ActionExecutionWorker.java:56)
  at org.gradle.process.internal.worker.child.SystemApplicationClassLoaderWorker.call(SystemApplicationClassLoaderWorker.java:122)
  at org.gradle.process.internal.worker.child.SystemApplicationClassLoaderWorker.call(SystemApplicationClassLoaderWorker.java:72)
  at worker.org.gradle.process.internal.worker.GradleWorkerMain.run(GradleWorkerMain.java:69)
  at worker.org.gradle.process.internal.worker.GradleWorkerMain.main(GradleWorkerMain.java:74)
</stacktrace>
</test-failure>


TypeScriptCompilerTests_I[jvm] > importNonExportedMember1_ts has expected errors matching importNonExportedMember1_errors_txt[jvm] FAILED

<test-failure test="com.xemantic.typescript.compiler.TypeScriptCompilerTests_I.interfacePropertiesWithSameName3_ts has expected errors matching interfacePropertiesWithSameName3_errors_txt" platform="jvm">
<message>
--- expected
+++ actual
@@ -1,18 +1,11 @@
-interfacePropertiesWithSameName3.ts(3,11): error TS2320: Interface 'F' cannot simultaneously extend types 'E' and 'D'.
-  Named property 'a' of types 'E' and 'D' are not identical.
 interfacePropertiesWithSameName3.ts(5,12): error TS2564: Property 'a' has no initializer and is not definitely assigned in the constructor.
 interfacePropertiesWithSameName3.ts(6,12): error TS2564: Property 'a' has no initializer and is not definitely assigned in the constructor.
-interfacePropertiesWithSameName3.ts(7,11): error TS2320: Interface 'F2' cannot simultaneously extend types 'E2' and 'D2'.
-  Named property 'a' of types 'E2' and 'D2' are not identical.
 
 
-==== interfacePropertiesWithSameName3.ts (4 errors) ====
+==== interfacePropertiesWithSameName3.ts (2 errors) ====
     interface D { a: number; }
     interface E { a: string; }
     interface F extends E, D { } // error
-              ~
-!!! error TS2320: Interface 'F' cannot simultaneously extend types 'E' and 'D'.
-!!! error TS2320:   Named property 'a' of types 'E' and 'D' are not identical.
     
     class D2 { a: number; }
                ~
@@ -21,6 +14,3 @@
                ~
 !!! error TS2564: Property 'a' has no initializer and is not definitely assigned in the constructor.
     interface F2 extends E2, D2 { } // error
-              ~~
-!!! error TS2320: Interface 'F2' cannot simultaneously extend types 'E2' and 'D2'.
-!!! error TS2320:   Named property 'a' of types 'E2' and 'D2' are not identical.

</message>
<stacktrace>
  at org.junit.Assert.fail(Assert.java:89)
  at kotlin.test.junit.JUnitAsserter.fail(JUnitSupport.kt:56)
  at kotlin.test.AssertionsKt__AssertionsKt.fail(Assertions.kt:563)
  at kotlin.test.AssertionsKt.fail(Unknown Source)
  at com.xemantic.kotlin.test.SameAsKt.sameAs(SameAs.kt:52)
  at com.xemantic.typescript.compiler.TypeScriptTestSupportKt.errorsMatchBaseline(TypeScriptTestSupport.kt:135)
  at com.xemantic.typescript.compiler.TypeScriptCompilerTests_I.interfacePropertiesWithSameName3_ts has expected errors matching interfacePropertiesWithSameName3_errors_txt(TypeScriptCompilerTests_I.kt:5369)
  at java.base/jdk.internal.reflect.DirectMethodHandleAccessor.invoke(DirectMethodHandleAccessor.java:104)
  at java.base/java.lang.reflect.Method.invoke(Method.java:565)
  at org.junit.runners.model.FrameworkMethod$1.runReflectiveCall(FrameworkMethod.java:59)
  at org.junit.internal.runners.model.ReflectiveCallable.run(ReflectiveCallable.java:12)
  at org.junit.runners.model.FrameworkMethod.invokeExplosively(FrameworkMethod.java:56)
  at org.junit.internal.runners.statements.InvokeMethod.evaluate(InvokeMethod.java:17)
  at org.junit.runners.ParentRunner$3.evaluate(ParentRunner.java:306)
  at org.junit.runners.BlockJUnit4ClassRunner$1.evaluate(BlockJUnit4ClassRunner.java:100)
  at org.junit.runners.ParentRunner.runLeaf(ParentRunner.java:366)
  at org.junit.runners.BlockJUnit4ClassRunner.runChild(BlockJUnit4ClassRunner.java:103)
  at org.junit.runners.BlockJUnit4ClassRunner.runChild(BlockJUnit4ClassRunner.java:63)
  at org.junit.runners.ParentRunner$4.run(ParentRunner.java:331)
  at org.junit.runners.ParentRunner$1.schedule(ParentRunner.java:79)
  at org.junit.runners.ParentRunner.runChildren(ParentRunner.java:329)
  at org.junit.runners.ParentRunner.access$100(ParentRunner.java:66)
  at org.junit.runners.ParentRunner$2.evaluate(ParentRunner.java:293)
  at org.junit.runners.ParentRunner$3.evaluate(ParentRunner.java:306)
  at org.junit.runners.ParentRunner.run(ParentRunner.java:413)
  at org.junit.runner.JUnitCore.run(JUnitCore.java:137)
  at org.junit.runner.JUnitCore.run(JUnitCore.java:115)
  at org.gradle.api.internal.tasks.testing.junit.JUnitTestExecutor.runRequest(JUnitTestExecutor.java:175)
  at org.gradle.api.internal.tasks.testing.junit.JUnitTestExecutor.accept(JUnitTestExecutor.java:84)
  at org.gradle.api.internal.tasks.testing.junit.JUnitTestExecutor.accept(JUnitTestExecutor.java:47)
  at org.gradle.api.internal.tasks.testing.junit.AbstractJUnitTestDefinitionProcessor.processTestDefinition(AbstractJUnitTestDefinitionProcessor.java:65)
  at org.gradle.api.internal.tasks.testing.SuiteTestDefinitionProcessor.processTestDefinition(SuiteTestDefinitionProcessor.java:54)
  at java.base/jdk.internal.reflect.DirectMethodHandleAccessor.invoke(DirectMethodHandleAccessor.java:104)
  at java.base/java.lang.reflect.Method.invoke(Method.java:565)
  at org.gradle.internal.dispatch.MethodInvocation.invokeOn(MethodInvocation.java:77)
  at org.gradle.internal.dispatch.ReflectionDispatch.dispatch(ReflectionDispatch.java:28)
  at org.gradle.internal.dispatch.ReflectionDispatch.dispatch(ReflectionDispatch.java:19)
  at org.gradle.internal.dispatch.ContextClassLoaderDispatch.dispatch(ContextClassLoaderDispatch.java:33)
  at org.gradle.internal.dispatch.ProxyDispatchAdapter$DispatchingInvocationHandler.invoke(ProxyDispatchAdapter.java:88)
  at jdk.proxy1/jdk.proxy1.$Proxy4.processTestDefinition(Unknown Source)
  at org.gradle.api.internal.tasks.testing.worker.TestWorker$2.run(TestWorker.java:178)
  at org.gradle.api.internal.tasks.testing.worker.TestWorker.executeAndMaintainThreadName(TestWorker.java:126)
  at org.gradle.api.internal.tasks.testing.worker.TestWorker.execute(TestWorker.java:103)
  at org.gradle.api.internal.tasks.testing.worker.TestWorker.execute(TestWorker.java:63)
  at org.gradle.process.internal.worker.child.ActionExecutionWorker.execute(ActionExecutionWorker.java:56)
  at org.gradle.process.internal.worker.child.SystemApplicationClassLoaderWorker.call(SystemApplicationClassLoaderWorker.java:122)
  at org.gradle.process.internal.worker.child.SystemApplicationClassLoaderWorker.call(SystemApplicationClassLoaderWorker.java:72)
  at worker.org.gradle.process.internal.worker.GradleWorkerMain.run(GradleWorkerMain.java:69)
  at worker.org.gradle.process.internal.worker.GradleWorkerMain.main(GradleWorkerMain.java:74)
</stacktrace>
</test-failure>


TypeScriptCompilerTests_I[jvm] > interfacePropertiesWithSameName3_ts has expected errors matching interfacePropertiesWithSameName3_errors_txt[jvm] FAILED

<test-failure test="com.xemantic.typescript.compiler.TypeScriptCompilerTests_I.importWithTrailingSlash_noResolve_ts has expected errors matching importWithTrailingSlash_noResolve_errors_txt" platform="jvm">
<message>
Expected diagnostics from baseline typescript-repo/tests/baselines/reference/importWithTrailingSlash_noResolve.errors.txt but none produced
</message>
<stacktrace>
  at com.xemantic.typescript.compiler.TypeScriptTestSupportKt.errorsMatchBaseline(TypeScriptTestSupport.kt:125)
  at com.xemantic.typescript.compiler.TypeScriptCompilerTests_I.importWithTrailingSlash_noResolve_ts has expected errors matching importWithTrailingSlash_noResolve_errors_txt(TypeScriptCompilerTests_I.kt:2079)
  at java.base/jdk.internal.reflect.DirectMethodHandleAccessor.invoke(DirectMethodHandleAccessor.java:104)
  at java.base/java.lang.reflect.Method.invoke(Method.java:565)
  at org.junit.runners.model.FrameworkMethod$1.runReflectiveCall(FrameworkMethod.java:59)
  at org.junit.internal.runners.model.ReflectiveCallable.run(ReflectiveCallable.java:12)
  at org.junit.runners.model.FrameworkMethod.invokeExplosively(FrameworkMethod.java:56)
  at org.junit.internal.runners.statements.InvokeMethod.evaluate(InvokeMethod.java:17)
  at org.junit.runners.ParentRunner$3.evaluate(ParentRunner.java:306)
  at org.junit.runners.BlockJUnit4ClassRunner$1.evaluate(BlockJUnit4ClassRunner.java:100)
  at org.junit.runners.ParentRunner.runLeaf(ParentRunner.java:366)
  at org.junit.runners.BlockJUnit4ClassRunner.runChild(BlockJUnit4ClassRunner.java:103)
  at org.junit.runners.BlockJUnit4ClassRunner.runChild(BlockJUnit4ClassRunner.java:63)
  at org.junit.runners.ParentRunner$4.run(ParentRunner.java:331)
  at org.junit.runners.ParentRunner$1.schedule(ParentRunner.java:79)
  at org.junit.runners.ParentRunner.runChildren(ParentRunner.java:329)
  at org.junit.runners.ParentRunner.access$100(ParentRunner.java:66)
  at org.junit.runners.ParentRunner$2.evaluate(ParentRunner.java:293)
  at org.junit.runners.ParentRunner$3.evaluate(ParentRunner.java:306)
  at org.junit.runners.ParentRunner.run(ParentRunner.java:413)
  at org.junit.runner.JUnitCore.run(JUnitCore.java:137)
  at org.junit.runner.JUnitCore.run(JUnitCore.java:115)
  at org.gradle.api.internal.tasks.testing.junit.JUnitTestExecutor.runRequest(JUnitTestExecutor.java:175)
  at org.gradle.api.internal.tasks.testing.junit.JUnitTestExecutor.accept(JUnitTestExecutor.java:84)
  at org.gradle.api.internal.tasks.testing.junit.JUnitTestExecutor.accept(JUnitTestExecutor.java:47)
  at org.gradle.api.internal.tasks.testing.junit.AbstractJUnitTestDefinitionProcessor.processTestDefinition(AbstractJUnitTestDefinitionProcessor.java:65)
  at org.gradle.api.internal.tasks.testing.SuiteTestDefinitionProcessor.processTestDefinition(SuiteTestDefinitionProcessor.java:54)
  at java.base/jdk.internal.reflect.DirectMethodHandleAccessor.invoke(DirectMethodHandleAccessor.java:104)
  at java.base/java.lang.reflect.Method.invoke(Method.java:565)
  at org.gradle.internal.dispatch.MethodInvocation.invokeOn(MethodInvocation.java:77)
  at org.gradle.internal.dispatch.ReflectionDispatch.dispatch(ReflectionDispatch.java:28)
  at org.gradle.internal.dispatch.ReflectionDispatch.dispatch(ReflectionDispatch.java:19)
  at org.gradle.internal.dispatch.ContextClassLoaderDispatch.dispatch(ContextClassLoaderDispatch.java:33)
  at org.gradle.internal.dispatch.ProxyDispatchAdapter$DispatchingInvocationHandler.invoke(ProxyDispatchAdapter.java:88)
  at jdk.proxy1/jdk.proxy1.$Proxy4.processTestDefinition(Unknown Source)
  at org.gradle.api.internal.tasks.testing.worker.TestWorker$2.run(TestWorker.java:178)
  at org.gradle.api.internal.tasks.testing.worker.TestWorker.executeAndMaintainThreadName(TestWorker.java:126)
  at org.gradle.api.internal.tasks.testing.worker.TestWorker.execute(TestWorker.java:103)
  at org.gradle.api.internal.tasks.testing.worker.TestWorker.execute(TestWorker.java:63)
  at org.gradle.process.internal.worker.child.ActionExecutionWorker.execute(ActionExecutionWorker.java:56)
  at org.gradle.process.internal.worker.child.SystemApplicationClassLoaderWorker.call(SystemApplicationClassLoaderWorker.java:122)
  at org.gradle.process.internal.worker.child.SystemApplicationClassLoaderWorker.call(SystemApplicationClassLoaderWorker.java:72)
  at worker.org.gradle.process.internal.worker.GradleWorkerMain.run(GradleWorkerMain.java:69)
  at worker.org.gradle.process.internal.worker.GradleWorkerMain.main(GradleWorkerMain.java:74)
</stacktrace>
</test-failure>


TypeScriptCompilerTests_I[jvm] > importWithTrailingSlash_noResolve_ts has expected errors matching importWithTrailingSlash_noResolve_errors_txt[jvm] FAILED

<test-failure test="com.xemantic.typescript.compiler.TypeScriptCompilerTests_I.interfaceDeclaration4_ts has expected errors matching interfaceDeclaration4_errors_txt" platform="jvm">
<message>
--- expected
+++ actual
@@ -1,18 +1,9 @@
 interfaceDeclaration4.ts(9,9): error TS2564: Property 'item' has no initializer and is not definitely assigned in the constructor.
-interfaceDeclaration4.ts(18,11): error TS2430: Interface 'I3' incorrectly extends interface 'I1'.
-  Types of property 'item' are incompatible.
-    Type 'number' is not assignable to type 'string'.
-interfaceDeclaration4.ts(27,7): error TS2420: Class 'C2' incorrectly implements interface 'I4'.
-  Property 'item' is missing in type 'C2' but required in type 'I4'.
 interfaceDeclaration4.ts(28,12): error TS2564: Property 'token' has no initializer and is not definitely assigned in the constructor.
-interfaceDeclaration4.ts(36,7): error TS2420: Class 'C3' incorrectly implements interface 'I1'.
-  Property 'item' is missing in type 'C3' but required in type 'I1'.
 interfaceDeclaration4.ts(39,14): error TS1005: '{' expected.
-interfaceDeclaration4.ts(39,15): error TS1434: Unexpected keyword or identifier.
-interfaceDeclaration4.ts(39,15): error TS2304: Cannot find name 'I1'.
 
 
-==== interfaceDeclaration4.ts (8 errors) ====
+==== interfaceDeclaration4.ts (3 errors) ====
     // Import this module when test harness supports external modules. Also remove the internal module below.
     // import Foo = require("interfaceDeclaration5")
     namespace Foo {
@@ -33,10 +24,6 @@
     
     // Negative Case
     interface I3 extends Foo.I1 {
-              ~~
-!!! error TS2430: Interface 'I3' incorrectly extends interface 'I1'.
-!!! error TS2430:   Types of property 'item' are incompatible.
-!!! error TS2430:     Type 'number' is not assignable to type 'string'.
         item:number;
     }
     
@@ -46,10 +33,6 @@
     
     // Err - not implemented item
     class C2 implements I4 {
-          ~~
-!!! error TS2420: Class 'C2' incorrectly implements interface 'I4'.
-!!! error TS2420:   Property 'item' is missing in type 'C2' but required in type 'I4'.
-!!! related TS2728 interfaceDeclaration4.ts:4:27: 'item' is declared here.
         public token: string;
                ~~~~~
 !!! error TS2564: Property 'token' has no initializer and is not definitely assigned in the constructor.
@@ -61,16 +44,8 @@
     interface I6 extends Foo.C1 { }
     
     class C3 implements Foo.I1 { }
-          ~~
-!!! error TS2420: Class 'C3' incorrectly implements interface 'I1'.
-!!! error TS2420:   Property 'item' is missing in type 'C3' but required in type 'I1'.
-!!! related TS2728 interfaceDeclaration4.ts:4:27: 'item' is declared here.
     
     // Negative case 
     interface Foo.I1 { }
                  ~
 !!! error TS1005: '{' expected.
-                  ~~
-!!! error TS1434: Unexpected keyword or identifier.
-                  ~~
-!!! error TS2304: Cannot find name 'I1'.

</message>
<stacktrace>
  at org.junit.Assert.fail(Assert.java:89)
  at kotlin.test.junit.JUnitAsserter.fail(JUnitSupport.kt:56)
  at kotlin.test.AssertionsKt__AssertionsKt.fail(Assertions.kt:563)
  at kotlin.test.AssertionsKt.fail(Unknown Source)
  at com.xemantic.kotlin.test.SameAsKt.sameAs(SameAs.kt:52)
  at com.xemantic.typescript.compiler.TypeScriptTestSupportKt.errorsMatchBaseline(TypeScriptTestSupport.kt:135)
  at com.xemantic.typescript.compiler.TypeScriptCompilerTests_I.interfaceDeclaration4_ts has expected errors matching interfaceDeclaration4_errors_txt(TypeScriptCompilerTests_I.kt:5040)
  at java.base/jdk.internal.reflect.DirectMethodHandleAccessor.invoke(DirectMethodHandleAccessor.java:104)
  at java.base/java.lang.reflect.Method.invoke(Method.java:565)
  at org.junit.runners.model.FrameworkMethod$1.runReflectiveCall(FrameworkMethod.java:59)
  at org.junit.internal.runners.model.ReflectiveCallable.run(ReflectiveCallable.java:12)
  at org.junit.runners.model.FrameworkMethod.invokeExplosively(FrameworkMethod.java:56)
  at org.junit.internal.runners.statements.InvokeMethod.evaluate(InvokeMethod.java:17)
  at org.junit.runners.ParentRunner$3.evaluate(ParentRunner.java:306)
  at org.junit.runners.BlockJUnit4ClassRunner$1.evaluate(BlockJUnit4ClassRunner.java:100)
  at org.junit.runners.ParentRunner.runLeaf(ParentRunner.java:366)
  at org.junit.runners.BlockJUnit4ClassRunner.runChild(BlockJUnit4ClassRunner.java:103)
  at org.junit.runners.BlockJUnit4ClassRunner.runChild(BlockJUnit4ClassRunner.java:63)
  at org.junit.runners.ParentRunner$4.run(ParentRunner.java:331)
  at org.junit.runners.ParentRunner$1.schedule(ParentRunner.java:79)
  at org.junit.runners.ParentRunner.runChildren(ParentRunner.java:329)
  at org.junit.runners.ParentRunner.access$100(ParentRunner.java:66)
  at org.junit.runners.ParentRunner$2.evaluate(ParentRunner.java:293)
  at org.junit.runners.ParentRunner$3.evaluate(ParentRunner.java:306)
  at org.junit.runners.ParentRunner.run(ParentRunner.java:413)
  at org.junit.runner.JUnitCore.run(JUnitCore.java:137)
  at org.junit.runner.JUnitCore.run(JUnitCore.java:115)
  at org.gradle.api.internal.tasks.testing.junit.JUnitTestExecutor.runRequest(JUnitTestExecutor.java:175)
  at org.gradle.api.internal.tasks.testing.junit.JUnitTestExecutor.accept(JUnitTestExecutor.java:84)
  at org.gradle.api.internal.tasks.testing.junit.JUnitTestExecutor.accept(JUnitTestExecutor.java:47)
  at org.gradle.api.internal.tasks.testing.junit.AbstractJUnitTestDefinitionProcessor.processTestDefinition(AbstractJUnitTestDefinitionProcessor.java:65)
  at org.gradle.api.internal.tasks.testing.SuiteTestDefinitionProcessor.processTestDefinition(SuiteTestDefinitionProcessor.java:54)
  at java.base/jdk.internal.reflect.DirectMethodHandleAccessor.invoke(DirectMethodHandleAccessor.java:104)
  at java.base/java.lang.reflect.Method.invoke(Method.java:565)
  at org.gradle.internal.dispatch.MethodInvocation.invokeOn(MethodInvocation.java:77)
  at org.gradle.internal.dispatch.ReflectionDispatch.dispatch(ReflectionDispatch.java:28)
  at org.gradle.internal.dispatch.ReflectionDispatch.dispatch(ReflectionDispatch.java:19)
  at org.gradle.internal.dispatch.ContextClassLoaderDispatch.dispatch(ContextClassLoaderDispatch.java:33)
  at org.gradle.internal.dispatch.ProxyDispatchAdapter$DispatchingInvocationHandler.invoke(ProxyDispatchAdapter.java:88)
  at jdk.proxy1/jdk.proxy1.$Proxy4.processTestDefinition(Unknown Source)
  at org.gradle.api.internal.tasks.testing.worker.TestWorker$2.run(TestWorker.java:178)
  at org.gradle.api.internal.tasks.testing.worker.TestWorker.executeAndMaintainThreadName(TestWorker.java:126)
  at org.gradle.api.internal.tasks.testing.worker.TestWorker.execute(TestWorker.java:103)
  at org.gradle.api.internal.tasks.testing.worker.TestWorker.execute(TestWorker.java:63)
  at org.gradle.process.internal.worker.child.ActionExecutionWorker.execute(ActionExecutionWorker.java:56)
  at org.gradle.process.internal.worker.child.SystemApplicationClassLoaderWorker.call(SystemApplicationClassLoaderWorker.java:122)
  at org.gradle.process.internal.worker.child.SystemApplicationClassLoaderWorker.call(SystemApplicationClassLoaderWorker.java:72)
  at worker.org.gradle.process.internal.worker.GradleWorkerMain.run(GradleWorkerMain.java:69)
  at worker.org.gradle.process.internal.worker.GradleWorkerMain.main(GradleWorkerMain.java:74)
</stacktrace>
</test-failure>


TypeScriptCompilerTests_I[jvm] > interfaceDeclaration4_ts has expected errors matching interfaceDeclaration4_errors_txt[jvm] FAILED

<test-failure test="com.xemantic.typescript.compiler.TypeScriptCompilerTests_I.inheritanceMemberAccessorOverridingMethod_ts__target_es5__has expected errors matching baseline" platform="jvm">
<message>
--- expected
+++ actual
@@ -1,9 +1,8 @@
 error TS5107: Option 'target=ES5' is deprecated and will stop functioning in TypeScript 7.0. Specify compilerOption '"ignoreDeprecations": "6.0"' to silence this error.
-inheritanceMemberAccessorOverridingMethod.ts(8,9): error TS2423: Class 'a' defines instance member function 'x', but extended class 'b' defines it as instance member accessor.
 
 
 !!! error TS5107: Option 'target=ES5' is deprecated and will stop functioning in TypeScript 7.0. Specify compilerOption '"ignoreDeprecations": "6.0"' to silence this error.
-==== inheritanceMemberAccessorOverridingMethod.ts (1 errors) ====
+==== inheritanceMemberAccessorOverridingMethod.ts (0 errors) ====
     class a {
         x() {
             return "20";
@@ -12,8 +11,6 @@
     
     class b extends a {
         get x() {
-            ~
-!!! error TS2423: Class 'a' defines instance member function 'x', but extended class 'b' defines it as instance member accessor.
             return () => "20";
         }
         set x(aValue) {

</message>
<stacktrace>
  at org.junit.Assert.fail(Assert.java:89)
  at kotlin.test.junit.JUnitAsserter.fail(JUnitSupport.kt:56)
  at kotlin.test.AssertionsKt__AssertionsKt.fail(Assertions.kt:563)
  at kotlin.test.AssertionsKt.fail(Unknown Source)
  at com.xemantic.kotlin.test.SameAsKt.sameAs(SameAs.kt:52)
  at com.xemantic.typescript.compiler.TypeScriptTestSupportKt.errorsMatchBaseline(TypeScriptTestSupport.kt:135)
  at com.xemantic.typescript.compiler.TypeScriptCompilerTests_I.inheritanceMemberAccessorOverridingMethod_ts__target_es5__has expected errors matching baseline(TypeScriptCompilerTests_I.kt:4004)
  at java.base/jdk.internal.reflect.DirectMethodHandleAccessor.invoke(DirectMethodHandleAccessor.java:104)
  at java.base/java.lang.reflect.Method.invoke(Method.java:565)
  at org.junit.runners.model.FrameworkMethod$1.runReflectiveCall(FrameworkMethod.java:59)
  at org.junit.internal.runners.model.ReflectiveCallable.run(ReflectiveCallable.java:12)
  at org.junit.runners.model.FrameworkMethod.invokeExplosively(FrameworkMethod.java:56)
  at org.junit.internal.runners.statements.InvokeMethod.evaluate(InvokeMethod.java:17)
  at org.junit.runners.ParentRunner$3.evaluate(ParentRunner.java:306)
  at org.junit.runners.BlockJUnit4ClassRunner$1.evaluate(BlockJUnit4ClassRunner.java:100)
  at org.junit.runners.ParentRunner.runLeaf(ParentRunner.java:366)
  at org.junit.runners.BlockJUnit4ClassRunner.runChild(BlockJUnit4ClassRunner.java:103)
  at org.junit.runners.BlockJUnit4ClassRunner.runChild(BlockJUnit4ClassRunner.java:63)
  at org.junit.runners.ParentRunner$4.run(ParentRunner.java:331)
  at org.junit.runners.ParentRunner$1.schedule(ParentRunner.java:79)
  at org.junit.runners.ParentRunner.runChildren(ParentRunner.java:329)
  at org.junit.runners.ParentRunner.access$100(ParentRunner.java:66)
  at org.junit.runners.ParentRunner$2.evaluate(ParentRunner.java:293)
  at org.junit.runners.ParentRunner$3.evaluate(ParentRunner.java:306)
  at org.junit.runners.ParentRunner.run(ParentRunner.java:413)
  at org.junit.runner.JUnitCore.run(JUnitCore.java:137)
  at org.junit.runner.JUnitCore.run(JUnitCore.java:115)
  at org.gradle.api.internal.tasks.testing.junit.JUnitTestExecutor.runRequest(JUnitTestExecutor.java:175)
  at org.gradle.api.internal.tasks.testing.junit.JUnitTestExecutor.accept(JUnitTestExecutor.java:84)
  at org.gradle.api.internal.tasks.testing.junit.JUnitTestExecutor.accept(JUnitTestExecutor.java:47)
  at org.gradle.api.internal.tasks.testing.junit.AbstractJUnitTestDefinitionProcessor.processTestDefinition(AbstractJUnitTestDefinitionProcessor.java:65)
  at org.gradle.api.internal.tasks.testing.SuiteTestDefinitionProcessor.processTestDefinition(SuiteTestDefinitionProcessor.java:54)
  at java.base/jdk.internal.reflect.DirectMethodHandleAccessor.invoke(DirectMethodHandleAccessor.java:104)
  at java.base/java.lang.reflect.Method.invoke(Method.java:565)
  at org.gradle.internal.dispatch.MethodInvocation.invokeOn(MethodInvocation.java:77)
  at org.gradle.internal.dispatch.ReflectionDispatch.dispatch(ReflectionDispatch.java:28)
  at org.gradle.internal.dispatch.ReflectionDispatch.dispatch(ReflectionDispatch.java:19)
  at org.gradle.internal.dispatch.ContextClassLoaderDispatch.dispatch(ContextClassLoaderDispatch.java:33)
  at org.gradle.internal.dispatch.ProxyDispatchAdapter$DispatchingInvocationHandler.invoke(ProxyDispatchAdapter.java:88)
  at jdk.proxy1/jdk.proxy1.$Proxy4.processTestDefinition(Unknown Source)
  at org.gradle.api.internal.tasks.testing.worker.TestWorker$2.run(TestWorker.java:178)
  at org.gradle.api.internal.tasks.testing.worker.TestWorker.executeAndMaintainThreadName(TestWorker.java:126)
  at org.gradle.api.internal.tasks.testing.worker.TestWorker.execute(TestWorker.java:103)
  at org.gradle.api.internal.tasks.testing.worker.TestWorker.execute(TestWorker.java:63)
  at org.gradle.process.internal.worker.child.ActionExecutionWorker.execute(ActionExecutionWorker.java:56)
  at org.gradle.process.internal.worker.child.SystemApplicationClassLoaderWorker.call(SystemApplicationClassLoaderWorker.java:122)
  at org.gradle.process.internal.worker.child.SystemApplicationClassLoaderWorker.call(SystemApplicationClassLoaderWorker.java:72)
  at worker.org.gradle.process.internal.worker.GradleWorkerMain.run(GradleWorkerMain.java:69)
  at worker.org.gradle.process.internal.worker.GradleWorkerMain.main(GradleWorkerMain.java:74)
</stacktrace>
</test-failure>


TypeScriptCompilerTests_I[jvm] > inheritanceMemberAccessorOverridingMethod_ts__target_es5__has expected errors matching baseline[jvm] FAILED

<test-failure test="com.xemantic.typescript.compiler.TypeScriptCompilerTests_I.instantiateTypeParameter_ts compiles to JavaScript matching instantiateTypeParameter_js" platform="jvm">
<message>
--- expected
+++ actual
@@ -7,4 +7,3 @@
 
 //// [instantiateTypeParameter.js]
 "use strict";
-var x;

</message>
<stacktrace>
  at org.junit.Assert.fail(Assert.java:89)
  at kotlin.test.junit.JUnitAsserter.fail(JUnitSupport.kt:56)
  at kotlin.test.AssertionsKt__AssertionsKt.fail(Assertions.kt:563)
  at kotlin.test.AssertionsKt.fail(Unknown Source)
  at com.xemantic.kotlin.test.SameAsKt.sameAs(SameAs.kt:52)
  at com.xemantic.typescript.compiler.TypeScriptTestSupportKt.sameAs(TypeScriptTestSupport.kt:99)
  at com.xemantic.typescript.compiler.TypeScriptCompilerTests_I.instantiateTypeParameter_ts compiles to JavaScript matching instantiateTypeParameter_js(TypeScriptCompilerTests_I.kt:4774)
  at java.base/jdk.internal.reflect.DirectMethodHandleAccessor.invoke(DirectMethodHandleAccessor.java:104)
  at java.base/java.lang.reflect.Method.invoke(Method.java:565)
  at org.junit.runners.model.FrameworkMethod$1.runReflectiveCall(FrameworkMethod.java:59)
  at org.junit.internal.runners.model.ReflectiveCallable.run(ReflectiveCallable.java:12)
  at org.junit.runners.model.FrameworkMethod.invokeExplosively(FrameworkMethod.java:56)
  at org.junit.internal.runners.statements.InvokeMethod.evaluate(InvokeMethod.java:17)
  at org.junit.runners.ParentRunner$3.evaluate(ParentRunner.java:306)
  at org.junit.runners.BlockJUnit4ClassRunner$1.evaluate(BlockJUnit4ClassRunner.java:100)
  at org.junit.runners.ParentRunner.runLeaf(ParentRunner.java:366)
  at org.junit.runners.BlockJUnit4ClassRunner.runChild(BlockJUnit4ClassRunner.java:103)
  at org.junit.runners.BlockJUnit4ClassRunner.runChild(BlockJUnit4ClassRunner.java:63)
  at org.junit.runners.ParentRunner$4.run(ParentRunner.java:331)
  at org.junit.runners.ParentRunner$1.schedule(ParentRunner.java:79)
  at org.junit.runners.ParentRunner.runChildren(ParentRunner.java:329)
  at org.junit.runners.ParentRunner.access$100(ParentRunner.java:66)
  at org.junit.runners.ParentRunner$2.evaluate(ParentRunner.java:293)
  at org.junit.runners.ParentRunner$3.evaluate(ParentRunner.java:306)
  at org.junit.runners.ParentRunner.run(ParentRunner.java:413)
  at org.junit.runner.JUnitCore.run(JUnitCore.java:137)
  at org.junit.runner.JUnitCore.run(JUnitCore.java:115)
  at org.gradle.api.internal.tasks.testing.junit.JUnitTestExecutor.runRequest(JUnitTestExecutor.java:175)
  at org.gradle.api.internal.tasks.testing.junit.JUnitTestExecutor.accept(JUnitTestExecutor.java:84)
  at org.gradle.api.internal.tasks.testing.junit.JUnitTestExecutor.accept(JUnitTestExecutor.java:47)
  at org.gradle.api.internal.tasks.testing.junit.AbstractJUnitTestDefinitionProcessor.processTestDefinition(AbstractJUnitTestDefinitionProcessor.java:65)
  at org.gradle.api.internal.tasks.testing.SuiteTestDefinitionProcessor.processTestDefinition(SuiteTestDefinitionProcessor.java:54)
  at java.base/jdk.internal.reflect.DirectMethodHandleAccessor.invoke(DirectMethodHandleAccessor.java:104)
  at java.base/java.lang.reflect.Method.invoke(Method.java:565)
  at org.gradle.internal.dispatch.MethodInvocation.invokeOn(MethodInvocation.java:77)
  at org.gradle.internal.dispatch.ReflectionDispatch.dispatch(ReflectionDispatch.java:28)
  at org.gradle.internal.dispatch.ReflectionDispatch.dispatch(ReflectionDispatch.java:19)
  at org.gradle.internal.dispatch.ContextClassLoaderDispatch.dispatch(ContextClassLoaderDispatch.java:33)
  at org.gradle.internal.dispatch.ProxyDispatchAdapter$DispatchingInvocationHandler.invoke(ProxyDispatchAdapter.java:88)
  at jdk.proxy1/jdk.proxy1.$Proxy4.processTestDefinition(Unknown Source)
  at org.gradle.api.internal.tasks.testing.worker.TestWorker$2.run(TestWorker.java:178)
  at org.gradle.api.internal.tasks.testing.worker.TestWorker.executeAndMaintainThreadName(TestWorker.java:126)
  at org.gradle.api.internal.tasks.testing.worker.TestWorker.execute(TestWorker.java:103)
  at org.gradle.api.internal.tasks.testing.worker.TestWorker.execute(TestWorker.java:63)
  at org.gradle.process.internal.worker.child.ActionExecutionWorker.execute(ActionExecutionWorker.java:56)
  at org.gradle.process.internal.worker.child.SystemApplicationClassLoaderWorker.call(SystemApplicationClassLoaderWorker.java:122)
  at org.gradle.process.internal.worker.child.SystemApplicationClassLoaderWorker.call(SystemApplicationClassLoaderWorker.java:72)
  at worker.org.gradle.process.internal.worker.GradleWorkerMain.run(GradleWorkerMain.java:69)
  at worker.org.gradle.process.internal.worker.GradleWorkerMain.main(GradleWorkerMain.java:74)
</stacktrace>
</test-failure>


TypeScriptCompilerTests_I[jvm] > instantiateTypeParameter_ts compiles to JavaScript matching instantiateTypeParameter_js[jvm] FAILED

<test-failure test="com.xemantic.typescript.compiler.TypeScriptCompilerTests_I.isolatedModulesShadowGlobalTypeNotValue_ts__isolatedmodules_false_verbatimmodulesyntax_true__has expected errors matching baseline" platform="jvm">
<message>
Expected diagnostics from baseline typescript-repo/tests/baselines/reference/isolatedModulesShadowGlobalTypeNotValue(isolatedmodules=false,verbatimmodulesyntax=true).errors.txt but none produced
</message>
<stacktrace>
  at com.xemantic.typescript.compiler.TypeScriptTestSupportKt.errorsMatchBaseline(TypeScriptTestSupport.kt:125)
  at com.xemantic.typescript.compiler.TypeScriptCompilerTests_I.isolatedModulesShadowGlobalTypeNotValue_ts__isolatedmodules_false_verbatimmodulesyntax_true__has expected errors matching baseline(TypeScriptCompilerTests_I.kt:7021)
  at java.base/jdk.internal.reflect.DirectMethodHandleAccessor.invoke(DirectMethodHandleAccessor.java:104)
  at java.base/java.lang.reflect.Method.invoke(Method.java:565)
  at org.junit.runners.model.FrameworkMethod$1.runReflectiveCall(FrameworkMethod.java:59)
  at org.junit.internal.runners.model.ReflectiveCallable.run(ReflectiveCallable.java:12)
  at org.junit.runners.model.FrameworkMethod.invokeExplosively(FrameworkMethod.java:56)
  at org.junit.internal.runners.statements.InvokeMethod.evaluate(InvokeMethod.java:17)
  at org.junit.runners.ParentRunner$3.evaluate(ParentRunner.java:306)
  at org.junit.runners.BlockJUnit4ClassRunner$1.evaluate(BlockJUnit4ClassRunner.java:100)
  at org.junit.runners.ParentRunner.runLeaf(ParentRunner.java:366)
  at org.junit.runners.BlockJUnit4ClassRunner.runChild(BlockJUnit4ClassRunner.java:103)
  at org.junit.runners.BlockJUnit4ClassRunner.runChild(BlockJUnit4ClassRunner.java:63)
  at org.junit.runners.ParentRunner$4.run(ParentRunner.java:331)
  at org.junit.runners.ParentRunner$1.schedule(ParentRunner.java:79)
  at org.junit.runners.ParentRunner.runChildren(ParentRunner.java:329)
  at org.junit.runners.ParentRunner.access$100(ParentRunner.java:66)
  at org.junit.runners.ParentRunner$2.evaluate(ParentRunner.java:293)
  at org.junit.runners.ParentRunner$3.evaluate(ParentRunner.java:306)
  at org.junit.runners.ParentRunner.run(ParentRunner.java:413)
  at org.junit.runner.JUnitCore.run(JUnitCore.java:137)
  at org.junit.runner.JUnitCore.run(JUnitCore.java:115)
  at org.gradle.api.internal.tasks.testing.junit.JUnitTestExecutor.runRequest(JUnitTestExecutor.java:175)
  at org.gradle.api.internal.tasks.testing.junit.JUnitTestExecutor.accept(JUnitTestExecutor.java:84)
  at org.gradle.api.internal.tasks.testing.junit.JUnitTestExecutor.accept(JUnitTestExecutor.java:47)
  at org.gradle.api.internal.tasks.testing.junit.AbstractJUnitTestDefinitionProcessor.processTestDefinition(AbstractJUnitTestDefinitionProcessor.java:65)
  at org.gradle.api.internal.tasks.testing.SuiteTestDefinitionProcessor.processTestDefinition(SuiteTestDefinitionProcessor.java:54)
  at java.base/jdk.internal.reflect.DirectMethodHandleAccessor.invoke(DirectMethodHandleAccessor.java:104)
  at java.base/java.lang.reflect.Method.invoke(Method.java:565)
  at org.gradle.internal.dispatch.MethodInvocation.invokeOn(MethodInvocation.java:77)
  at org.gradle.internal.dispatch.ReflectionDispatch.dispatch(ReflectionDispatch.java:28)
  at org.gradle.internal.dispatch.ReflectionDispatch.dispatch(ReflectionDispatch.java:19)
  at org.gradle.internal.dispatch.ContextClassLoaderDispatch.dispatch(ContextClassLoaderDispatch.java:33)
  at org.gradle.internal.dispatch.ProxyDispatchAdapter$DispatchingInvocationHandler.invoke(ProxyDispatchAdapter.java:88)
  at jdk.proxy1/jdk.proxy1.$Proxy4.processTestDefinition(Unknown Source)
  at org.gradle.api.internal.tasks.testing.worker.TestWorker$2.run(TestWorker.java:178)
  at org.gradle.api.internal.tasks.testing.worker.TestWorker.executeAndMaintainThreadName(TestWorker.java:126)
  at org.gradle.api.internal.tasks.testing.worker.TestWorker.execute(TestWorker.java:103)
  at org.gradle.api.internal.tasks.testing.worker.TestWorker.execute(TestWorker.java:63)
  at org.gradle.process.internal.worker.child.ActionExecutionWorker.execute(ActionExecutionWorker.java:56)
  at org.gradle.process.internal.worker.child.SystemApplicationClassLoaderWorker.call(SystemApplicationClassLoaderWorker.java:122)
  at org.gradle.process.internal.worker.child.SystemApplicationClassLoaderWorker.call(SystemApplicationClassLoaderWorker.java:72)
  at worker.org.gradle.process.internal.worker.GradleWorkerMain.run(GradleWorkerMain.java:69)
  at worker.org.gradle.process.internal.worker.GradleWorkerMain.main(GradleWorkerMain.java:74)
</stacktrace>
</test-failure>


TypeScriptCompilerTests_I[jvm] > isolatedModulesShadowGlobalTypeNotValue_ts__isolatedmodules_false_verbatimmodulesyntax_true__has expected errors matching baseline[jvm] FAILED

<test-failure test="com.xemantic.typescript.compiler.TypeScriptCompilerTests_I.implicitAnyFromCircularInference_ts__target_es5__has expected errors matching baseline" platform="jvm">
<message>
--- expected
+++ actual
@@ -1,34 +1,18 @@
 error TS5107: Option 'target=ES5' is deprecated and will stop functioning in TypeScript 7.0. Specify compilerOption '"ignoreDeprecations": "6.0"' to silence this error.
-implicitAnyFromCircularInference.ts(2,5): error TS2502: 'a' is referenced directly or indirectly in its own type annotation.
-implicitAnyFromCircularInference.ts(5,5): error TS2502: 'b' is referenced directly or indirectly in its own type annotation.
-implicitAnyFromCircularInference.ts(6,5): error TS2502: 'c' is referenced directly or indirectly in its own type annotation.
-implicitAnyFromCircularInference.ts(9,5): error TS2502: 'd' is referenced directly or indirectly in its own type annotation.
-implicitAnyFromCircularInference.ts(17,5): error TS7023: 'f1' implicitly has return type 'any' because it does not have a return type annotation and is referenced directly or indirectly in one of its return expressions.
-implicitAnyFromCircularInference.ts(22,5): error TS7023: 'f2' implicitly has return type 'any' because it does not have a return type annotation and is referenced directly or indirectly in one of its return expressions.
-implicitAnyFromCircularInference.ts(25,10): error TS7023: 'h' implicitly has return type 'any' because it does not have a return type annotation and is referenced directly or indirectly in one of its return expressions.
-implicitAnyFromCircularInference.ts(27,14): error TS7023: 'foo' implicitly has return type 'any' because it does not have a return type annotation and is referenced directly or indirectly in one of its return expressions.
-implicitAnyFromCircularInference.ts(44,9): error TS7023: 'x' implicitly has return type 'any' because it does not have a return type annotation and is referenced directly or indirectly in one of its return expressions.
+implicitAnyFromCircularInference.ts(26,12): error TS2554: Expected 1 arguments, but got 0.
 
 
 !!! error TS5107: Option 'target=ES5' is deprecated and will stop functioning in TypeScript 7.0. Specify compilerOption '"ignoreDeprecations": "6.0"' to silence this error.
-==== implicitAnyFromCircularInference.ts (9 errors) ====
+==== implicitAnyFromCircularInference.ts (1 errors) ====
     // Error expected
     var a: typeof a;
-        ~
-!!! error TS2502: 'a' is referenced directly or indirectly in its own type annotation.
     
     // Error expected on b or c
     var b: typeof c;
-        ~
-!!! error TS2502: 'b' is referenced directly or indirectly in its own type annotation.
     var c: typeof b;
-        ~
-!!! error TS2502: 'c' is referenced directly or indirectly in its own type annotation.
     
     // Error expected
     var d: Array<typeof d>;
-        ~
-!!! error TS2502: 'd' is referenced directly or indirectly in its own type annotation.
     
     function f() { return f; }
     
@@ -37,24 +21,19 @@
     
     // Error expected
     var f1 = function () {
-        ~~
-!!! error TS7023: 'f1' implicitly has return type 'any' because it does not have a return type annotation and is referenced directly or indirectly in one of its return expressions.
         return f1();
     };
     
     // Error expected
     var f2 = () => f2();
-        ~~
-!!! error TS7023: 'f2' implicitly has return type 'any' because it does not have a return type annotation and is referenced directly or indirectly in one of its return expressions.
     
     // Error expected
     function h() {
-             ~
-!!! error TS7023: 'h' implicitly has return type 'any' because it does not have a return type annotation and is referenced directly or indirectly in one of its return expressions.
         return foo();
+               ~~~
+!!! error TS2554: Expected 1 arguments, but got 0.
+!!! related TS6210 implicitAnyFromCircularInference.ts:36:14: An argument for 'x' was not provided.
         function foo() {
-                 ~~~
-!!! error TS7023: 'foo' implicitly has return type 'any' because it does not have a return type annotation and is referenced directly or indirectly in one of its return expressions.
             return h() || "hello";
         }
     }
@@ -72,8 +51,6 @@
     class D {
         // Error expected
         get x() {
-            ~
-!!! error TS7023: 'x' implicitly has return type 'any' because it does not have a return type annotation and is referenced directly or indirectly in one of its return expressions.
             return this.x;
         }
     }

</message>
<stacktrace>
  at org.junit.Assert.fail(Assert.java:89)
  at kotlin.test.junit.JUnitAsserter.fail(JUnitSupport.kt:56)
  at kotlin.test.AssertionsKt__AssertionsKt.fail(Assertions.kt:563)
  at kotlin.test.AssertionsKt.fail(Unknown Source)
  at com.xemantic.kotlin.test.SameAsKt.sameAs(SameAs.kt:52)
  at com.xemantic.typescript.compiler.TypeScriptTestSupportKt.errorsMatchBaseline(TypeScriptTestSupport.kt:135)
  at com.xemantic.typescript.compiler.TypeScriptCompilerTests_I.implicitAnyFromCircularInference_ts__target_es5__has expected errors matching baseline(TypeScriptCompilerTests_I.kt:420)
  at java.base/jdk.internal.reflect.DirectMethodHandleAccessor.invoke(DirectMethodHandleAccessor.java:104)
  at java.base/java.lang.reflect.Method.invoke(Method.java:565)
  at org.junit.runners.model.FrameworkMethod$1.runReflectiveCall(FrameworkMethod.java:59)
  at org.junit.internal.runners.model.ReflectiveCallable.run(ReflectiveCallable.java:12)
  at org.junit.runners.model.FrameworkMethod.invokeExplosively(FrameworkMethod.java:56)
  at org.junit.internal.runners.statements.InvokeMethod.evaluate(InvokeMethod.java:17)
  at org.junit.runners.ParentRunner$3.evaluate(ParentRunner.java:306)
  at org.junit.runners.BlockJUnit4ClassRunner$1.evaluate(BlockJUnit4ClassRunner.java:100)
  at org.junit.runners.ParentRunner.runLeaf(ParentRunner.java:366)
  at org.junit.runners.BlockJUnit4ClassRunner.runChild(BlockJUnit4ClassRunner.java:103)
  at org.junit.runners.BlockJUnit4ClassRunner.runChild(BlockJUnit4ClassRunner.java:63)
  at org.junit.runners.ParentRunner$4.run(ParentRunner.java:331)
  at org.junit.runners.ParentRunner$1.schedule(ParentRunner.java:79)
  at org.junit.runners.ParentRunner.runChildren(ParentRunner.java:329)
  at org.junit.runners.ParentRunner.access$100(ParentRunner.java:66)
  at org.junit.runners.ParentRunner$2.evaluate(ParentRunner.java:293)
  at org.junit.runners.ParentRunner$3.evaluate(ParentRunner.java:306)
  at org.junit.runners.ParentRunner.run(ParentRunner.java:413)
  at org.junit.runner.JUnitCore.run(JUnitCore.java:137)
  at org.junit.runner.JUnitCore.run(JUnitCore.java:115)
  at org.gradle.api.internal.tasks.testing.junit.JUnitTestExecutor.runRequest(JUnitTestExecutor.java:175)
  at org.gradle.api.internal.tasks.testing.junit.JUnitTestExecutor.accept(JUnitTestExecutor.java:84)
  at org.gradle.api.internal.tasks.testing.junit.JUnitTestExecutor.accept(JUnitTestExecutor.java:47)
  at org.gradle.api.internal.tasks.testing.junit.AbstractJUnitTestDefinitionProcessor.processTestDefinition(AbstractJUnitTestDefinitionProcessor.java:65)
  at org.gradle.api.internal.tasks.testing.SuiteTestDefinitionProcessor.processTestDefinition(SuiteTestDefinitionProcessor.java:54)
  at java.base/jdk.internal.reflect.DirectMethodHandleAccessor.invoke(DirectMethodHandleAccessor.java:104)
  at java.base/java.lang.reflect.Method.invoke(Method.java:565)
  at org.gradle.internal.dispatch.MethodInvocation.invokeOn(MethodInvocation.java:77)
  at org.gradle.internal.dispatch.ReflectionDispatch.dispatch(ReflectionDispatch.java:28)
  at org.gradle.internal.dispatch.ReflectionDispatch.dispatch(ReflectionDispatch.java:19)
  at org.gradle.internal.dispatch.ContextClassLoaderDispatch.dispatch(ContextClassLoaderDispatch.java:33)
  at org.gradle.internal.dispatch.ProxyDispatchAdapter$DispatchingInvocationHandler.invoke(ProxyDispatchAdapter.java:88)
  at jdk.proxy1/jdk.proxy1.$Proxy4.processTestDefinition(Unknown Source)
  at org.gradle.api.internal.tasks.testing.worker.TestWorker$2.run(TestWorker.java:178)
  at org.gradle.api.internal.tasks.testing.worker.TestWorker.executeAndMaintainThreadName(TestWorker.java:126)
  at org.gradle.api.internal.tasks.testing.worker.TestWorker.execute(TestWorker.java:103)
  at org.gradle.api.internal.tasks.testing.worker.TestWorker.execute(TestWorker.java:63)
  at org.gradle.process.internal.worker.child.ActionExecutionWorker.execute(ActionExecutionWorker.java:56)
  at org.gradle.process.internal.worker.child.SystemApplicationClassLoaderWorker.call(SystemApplicationClassLoaderWorker.java:122)
  at org.gradle.process.internal.worker.child.SystemApplicationClassLoaderWorker.call(SystemApplicationClassLoaderWorker.java:72)
  at worker.org.gradle.process.internal.worker.GradleWorkerMain.run(GradleWorkerMain.java:69)
  at worker.org.gradle.process.internal.worker.GradleWorkerMain.main(GradleWorkerMain.java:74)
</stacktrace>
</test-failure>


TypeScriptCompilerTests_I[jvm] > implicitAnyFromCircularInference_ts__target_es5__has expected errors matching baseline[jvm] FAILED

<test-failure test="com.xemantic.typescript.compiler.TypeScriptCompilerTests_I.interfaceWithImplements1_ts has expected errors matching interfaceWithImplements1_errors_txt" platform="jvm">
<message>
Expected diagnostics from baseline typescript-repo/tests/baselines/reference/interfaceWithImplements1.errors.txt but none produced
</message>
<stacktrace>
  at com.xemantic.typescript.compiler.TypeScriptTestSupportKt.errorsMatchBaseline(TypeScriptTestSupport.kt:125)
  at com.xemantic.typescript.compiler.TypeScriptCompilerTests_I.interfaceWithImplements1_ts has expected errors matching interfaceWithImplements1_errors_txt(TypeScriptCompilerTests_I.kt:5397)
  at java.base/jdk.internal.reflect.DirectMethodHandleAccessor.invoke(DirectMethodHandleAccessor.java:104)
  at java.base/java.lang.reflect.Method.invoke(Method.java:565)
  at org.junit.runners.model.FrameworkMethod$1.runReflectiveCall(FrameworkMethod.java:59)
  at org.junit.internal.runners.model.ReflectiveCallable.run(ReflectiveCallable.java:12)
  at org.junit.runners.model.FrameworkMethod.invokeExplosively(FrameworkMethod.java:56)
  at org.junit.internal.runners.statements.InvokeMethod.evaluate(InvokeMethod.java:17)
  at org.junit.runners.ParentRunner$3.evaluate(ParentRunner.java:306)
  at org.junit.runners.BlockJUnit4ClassRunner$1.evaluate(BlockJUnit4ClassRunner.java:100)
  at org.junit.runners.ParentRunner.runLeaf(ParentRunner.java:366)
  at org.junit.runners.BlockJUnit4ClassRunner.runChild(BlockJUnit4ClassRunner.java:103)
  at org.junit.runners.BlockJUnit4ClassRunner.runChild(BlockJUnit4ClassRunner.java:63)
  at org.junit.runners.ParentRunner$4.run(ParentRunner.java:331)
  at org.junit.runners.ParentRunner$1.schedule(ParentRunner.java:79)
  at org.junit.runners.ParentRunner.runChildren(ParentRunner.java:329)
  at org.junit.runners.ParentRunner.access$100(ParentRunner.java:66)
  at org.junit.runners.ParentRunner$2.evaluate(ParentRunner.java:293)
  at org.junit.runners.ParentRunner$3.evaluate(ParentRunner.java:306)
  at org.junit.runners.ParentRunner.run(ParentRunner.java:413)
  at org.junit.runner.JUnitCore.run(JUnitCore.java:137)
  at org.junit.runner.JUnitCore.run(JUnitCore.java:115)
  at org.gradle.api.internal.tasks.testing.junit.JUnitTestExecutor.runRequest(JUnitTestExecutor.java:175)
  at org.gradle.api.internal.tasks.testing.junit.JUnitTestExecutor.accept(JUnitTestExecutor.java:84)
  at org.gradle.api.internal.tasks.testing.junit.JUnitTestExecutor.accept(JUnitTestExecutor.java:47)
  at org.gradle.api.internal.tasks.testing.junit.AbstractJUnitTestDefinitionProcessor.processTestDefinition(AbstractJUnitTestDefinitionProcessor.java:65)
  at org.gradle.api.internal.tasks.testing.SuiteTestDefinitionProcessor.processTestDefinition(SuiteTestDefinitionProcessor.java:54)
  at java.base/jdk.internal.reflect.DirectMethodHandleAccessor.invoke(DirectMethodHandleAccessor.java:104)
  at java.base/java.lang.reflect.Method.invoke(Method.java:565)
  at org.gradle.internal.dispatch.MethodInvocation.invokeOn(MethodInvocation.java:77)
  at org.gradle.internal.dispatch.ReflectionDispatch.dispatch(ReflectionDispatch.java:28)
  at org.gradle.internal.dispatch.ReflectionDispatch.dispatch(ReflectionDispatch.java:19)
  at org.gradle.internal.dispatch.ContextClassLoaderDispatch.dispatch(ContextClassLoaderDispatch.java:33)
  at org.gradle.internal.dispatch.ProxyDispatchAdapter$DispatchingInvocationHandler.invoke(ProxyDispatchAdapter.java:88)
  at jdk.proxy1/jdk.proxy1.$Proxy4.processTestDefinition(Unknown Source)
  at org.gradle.api.internal.tasks.testing.worker.TestWorker$2.run(TestWorker.java:178)
  at org.gradle.api.internal.tasks.testing.worker.TestWorker.executeAndMaintainThreadName(TestWorker.java:126)
  at org.gradle.api.internal.tasks.testing.worker.TestWorker.execute(TestWorker.java:103)
  at org.gradle.api.internal.tasks.testing.worker.TestWorker.execute(TestWorker.java:63)
  at org.gradle.process.internal.worker.child.ActionExecutionWorker.execute(ActionExecutionWorker.java:56)
  at org.gradle.process.internal.worker.child.SystemApplicationClassLoaderWorker.call(SystemApplicationClassLoaderWorker.java:122)
  at org.gradle.process.internal.worker.child.SystemApplicationClassLoaderWorker.call(SystemApplicationClassLoaderWorker.java:72)
  at worker.org.gradle.process.internal.worker.GradleWorkerMain.run(GradleWorkerMain.java:69)
  at worker.org.gradle.process.internal.worker.GradleWorkerMain.main(GradleWorkerMain.java:74)
</stacktrace>
</test-failure>


TypeScriptCompilerTests_I[jvm] > interfaceWithImplements1_ts has expected errors matching interfaceWithImplements1_errors_txt[jvm] FAILED

<test-failure test="com.xemantic.typescript.compiler.TypeScriptCompilerTests_I.indexedAccessRelation_ts has expected errors matching indexedAccessRelation_errors_txt" platform="jvm">
<message>
Expected diagnostics from baseline typescript-repo/tests/baselines/reference/indexedAccessRelation.errors.txt but none produced
</message>
<stacktrace>
  at com.xemantic.typescript.compiler.TypeScriptTestSupportKt.errorsMatchBaseline(TypeScriptTestSupport.kt:125)
  at com.xemantic.typescript.compiler.TypeScriptCompilerTests_I.indexedAccessRelation_ts has expected errors matching indexedAccessRelation_errors_txt(TypeScriptCompilerTests_I.kt:2933)
  at java.base/jdk.internal.reflect.DirectMethodHandleAccessor.invoke(DirectMethodHandleAccessor.java:104)
  at java.base/java.lang.reflect.Method.invoke(Method.java:565)
  at org.junit.runners.model.FrameworkMethod$1.runReflectiveCall(FrameworkMethod.java:59)
  at org.junit.internal.runners.model.ReflectiveCallable.run(ReflectiveCallable.java:12)
  at org.junit.runners.model.FrameworkMethod.invokeExplosively(FrameworkMethod.java:56)
  at org.junit.internal.runners.statements.InvokeMethod.evaluate(InvokeMethod.java:17)
  at org.junit.runners.ParentRunner$3.evaluate(ParentRunner.java:306)
  at org.junit.runners.BlockJUnit4ClassRunner$1.evaluate(BlockJUnit4ClassRunner.java:100)
  at org.junit.runners.ParentRunner.runLeaf(ParentRunner.java:366)
  at org.junit.runners.BlockJUnit4ClassRunner.runChild(BlockJUnit4ClassRunner.java:103)
  at org.junit.runners.BlockJUnit4ClassRunner.runChild(BlockJUnit4ClassRunner.java:63)
  at org.junit.runners.ParentRunner$4.run(ParentRunner.java:331)
  at org.junit.runners.ParentRunner$1.schedule(ParentRunner.java:79)
  at org.junit.runners.ParentRunner.runChildren(ParentRunner.java:329)
  at org.junit.runners.ParentRunner.access$100(ParentRunner.java:66)
  at org.junit.runners.ParentRunner$2.evaluate(ParentRunner.java:293)
  at org.junit.runners.ParentRunner$3.evaluate(ParentRunner.java:306)
  at org.junit.runners.ParentRunner.run(ParentRunner.java:413)
  at org.junit.runner.JUnitCore.run(JUnitCore.java:137)
  at org.junit.runner.JUnitCore.run(JUnitCore.java:115)
  at org.gradle.api.internal.tasks.testing.junit.JUnitTestExecutor.runRequest(JUnitTestExecutor.java:175)
  at org.gradle.api.internal.tasks.testing.junit.JUnitTestExecutor.accept(JUnitTestExecutor.java:84)
  at org.gradle.api.internal.tasks.testing.junit.JUnitTestExecutor.accept(JUnitTestExecutor.java:47)
  at org.gradle.api.internal.tasks.testing.junit.AbstractJUnitTestDefinitionProcessor.processTestDefinition(AbstractJUnitTestDefinitionProcessor.java:65)
  at org.gradle.api.internal.tasks.testing.SuiteTestDefinitionProcessor.processTestDefinition(SuiteTestDefinitionProcessor.java:54)
  at java.base/jdk.internal.reflect.DirectMethodHandleAccessor.invoke(DirectMethodHandleAccessor.java:104)
  at java.base/java.lang.reflect.Method.invoke(Method.java:565)
  at org.gradle.internal.dispatch.MethodInvocation.invokeOn(MethodInvocation.java:77)
  at org.gradle.internal.dispatch.ReflectionDispatch.dispatch(ReflectionDispatch.java:28)
  at org.gradle.internal.dispatch.ReflectionDispatch.dispatch(ReflectionDispatch.java:19)
  at org.gradle.internal.dispatch.ContextClassLoaderDispatch.dispatch(ContextClassLoaderDispatch.java:33)
  at org.gradle.internal.dispatch.ProxyDispatchAdapter$DispatchingInvocationHandler.invoke(ProxyDispatchAdapter.java:88)
  at jdk.proxy1/jdk.proxy1.$Proxy4.processTestDefinition(Unknown Source)
  at org.gradle.api.internal.tasks.testing.worker.TestWorker$2.run(TestWorker.java:178)
  at org.gradle.api.internal.tasks.testing.worker.TestWorker.executeAndMaintainThreadName(TestWorker.java:126)
  at org.gradle.api.internal.tasks.testing.worker.TestWorker.execute(TestWorker.java:103)
  at org.gradle.api.internal.tasks.testing.worker.TestWorker.execute(TestWorker.java:63)
  at org.gradle.process.internal.worker.child.ActionExecutionWorker.execute(ActionExecutionWorker.java:56)
  at org.gradle.process.internal.worker.child.SystemApplicationClassLoaderWorker.call(SystemApplicationClassLoaderWorker.java:122)
  at org.gradle.process.internal.worker.child.SystemApplicationClassLoaderWorker.call(SystemApplicationClassLoaderWorker.java:72)
  at worker.org.gradle.process.internal.worker.GradleWorkerMain.run(GradleWorkerMain.java:69)
  at worker.org.gradle.process.internal.worker.GradleWorkerMain.main(GradleWorkerMain.java:74)
</stacktrace>
</test-failure>


TypeScriptCompilerTests_I[jvm] > indexedAccessRelation_ts has expected errors matching indexedAccessRelation_errors_txt[jvm] FAILED

<test-failure test="com.xemantic.typescript.compiler.TypeScriptCompilerTests_I.interfaceMergeWithNonGenericTypeArguments_ts has expected errors matching interfaceMergeWithNonGenericTypeArguments_errors_txt" platform="jvm">
<message>
Expected diagnostics from baseline typescript-repo/tests/baselines/reference/interfaceMergeWithNonGenericTypeArguments.errors.txt but none produced
</message>
<stacktrace>
  at com.xemantic.typescript.compiler.TypeScriptTestSupportKt.errorsMatchBaseline(TypeScriptTestSupport.kt:125)
  at com.xemantic.typescript.compiler.TypeScriptCompilerTests_I.interfaceMergeWithNonGenericTypeArguments_ts has expected errors matching interfaceMergeWithNonGenericTypeArguments_errors_txt(TypeScriptCompilerTests_I.kt:5292)
  at java.base/jdk.internal.reflect.DirectMethodHandleAccessor.invoke(DirectMethodHandleAccessor.java:104)
  at java.base/java.lang.reflect.Method.invoke(Method.java:565)
  at org.junit.runners.model.FrameworkMethod$1.runReflectiveCall(FrameworkMethod.java:59)
  at org.junit.internal.runners.model.ReflectiveCallable.run(ReflectiveCallable.java:12)
  at org.junit.runners.model.FrameworkMethod.invokeExplosively(FrameworkMethod.java:56)
  at org.junit.internal.runners.statements.InvokeMethod.evaluate(InvokeMethod.java:17)
  at org.junit.runners.ParentRunner$3.evaluate(ParentRunner.java:306)
  at org.junit.runners.BlockJUnit4ClassRunner$1.evaluate(BlockJUnit4ClassRunner.java:100)
  at org.junit.runners.ParentRunner.runLeaf(ParentRunner.java:366)
  at org.junit.runners.BlockJUnit4ClassRunner.runChild(BlockJUnit4ClassRunner.java:103)
  at org.junit.runners.BlockJUnit4ClassRunner.runChild(BlockJUnit4ClassRunner.java:63)
  at org.junit.runners.ParentRunner$4.run(ParentRunner.java:331)
  at org.junit.runners.ParentRunner$1.schedule(ParentRunner.java:79)
  at org.junit.runners.ParentRunner.runChildren(ParentRunner.java:329)
  at org.junit.runners.ParentRunner.access$100(ParentRunner.java:66)
  at org.junit.runners.ParentRunner$2.evaluate(ParentRunner.java:293)
  at org.junit.runners.ParentRunner$3.evaluate(ParentRunner.java:306)
  at org.junit.runners.ParentRunner.run(ParentRunner.java:413)
  at org.junit.runner.JUnitCore.run(JUnitCore.java:137)
  at org.junit.runner.JUnitCore.run(JUnitCore.java:115)
  at org.gradle.api.internal.tasks.testing.junit.JUnitTestExecutor.runRequest(JUnitTestExecutor.java:175)
  at org.gradle.api.internal.tasks.testing.junit.JUnitTestExecutor.accept(JUnitTestExecutor.java:84)
  at org.gradle.api.internal.tasks.testing.junit.JUnitTestExecutor.accept(JUnitTestExecutor.java:47)
  at org.gradle.api.internal.tasks.testing.junit.AbstractJUnitTestDefinitionProcessor.processTestDefinition(AbstractJUnitTestDefinitionProcessor.java:65)
  at org.gradle.api.internal.tasks.testing.SuiteTestDefinitionProcessor.processTestDefinition(SuiteTestDefinitionProcessor.java:54)
  at java.base/jdk.internal.reflect.DirectMethodHandleAccessor.invoke(DirectMethodHandleAccessor.java:104)
  at java.base/java.lang.reflect.Method.invoke(Method.java:565)
  at org.gradle.internal.dispatch.MethodInvocation.invokeOn(MethodInvocation.java:77)
  at org.gradle.internal.dispatch.ReflectionDispatch.dispatch(ReflectionDispatch.java:28)
  at org.gradle.internal.dispatch.ReflectionDispatch.dispatch(ReflectionDispatch.java:19)
  at org.gradle.internal.dispatch.ContextClassLoaderDispatch.dispatch(ContextClassLoaderDispatch.java:33)
  at org.gradle.internal.dispatch.ProxyDispatchAdapter$DispatchingInvocationHandler.invoke(ProxyDispatchAdapter.java:88)
  at jdk.proxy1/jdk.proxy1.$Proxy4.processTestDefinition(Unknown Source)
  at org.gradle.api.internal.tasks.testing.worker.TestWorker$2.run(TestWorker.java:178)
  at org.gradle.api.internal.tasks.testing.worker.TestWorker.executeAndMaintainThreadName(TestWorker.java:126)
  at org.gradle.api.internal.tasks.testing.worker.TestWorker.execute(TestWorker.java:103)
  at org.gradle.api.internal.tasks.testing.worker.TestWorker.execute(TestWorker.java:63)
  at org.gradle.process.internal.worker.child.ActionExecutionWorker.execute(ActionExecutionWorker.java:56)
  at org.gradle.process.internal.worker.child.SystemApplicationClassLoaderWorker.call(SystemApplicationClassLoaderWorker.java:122)
  at org.gradle.process.internal.worker.child.SystemApplicationClassLoaderWorker.call(SystemApplicationClassLoaderWorker.java:72)
  at worker.org.gradle.process.internal.worker.GradleWorkerMain.run(GradleWorkerMain.java:69)
  at worker.org.gradle.process.internal.worker.GradleWorkerMain.main(GradleWorkerMain.java:74)
</stacktrace>
</test-failure>


TypeScriptCompilerTests_I[jvm] > interfaceMergeWithNonGenericTypeArguments_ts has expected errors matching interfaceMergeWithNonGenericTypeArguments_errors_txt[jvm] FAILED

<test-failure test="com.xemantic.typescript.compiler.TypeScriptCompilerTests_I.instantiateTypeParameter_ts has expected errors matching instantiateTypeParameter_errors_txt" platform="jvm">
<message>
--- expected
+++ actual
@@ -1,15 +1,9 @@
-instantiateTypeParameter.ts(2,5): error TS1131: Property or signature expected.
-instantiateTypeParameter.ts(2,12): error TS2304: Cannot find name 'T'.
-instantiateTypeParameter.ts(3,1): error TS1128: Declaration or statement expected.
+instantiateTypeParameter.ts(2,13): error TS1099: Type argument list cannot be empty.
 
 
-==== instantiateTypeParameter.ts (3 errors) ====
+==== instantiateTypeParameter.ts (1 errors) ====
     interface Foo<T> {
         var x: T<>;
-        ~~~
-!!! error TS1131: Property or signature expected.
-               ~
-!!! error TS2304: Cannot find name 'T'.
+                ~~
+!!! error TS1099: Type argument list cannot be empty.
     }
-    ~
-!!! error TS1128: Declaration or statement expected.

</message>
<stacktrace>
  at org.junit.Assert.fail(Assert.java:89)
  at kotlin.test.junit.JUnitAsserter.fail(JUnitSupport.kt:56)
  at kotlin.test.AssertionsKt__AssertionsKt.fail(Assertions.kt:563)
  at kotlin.test.AssertionsKt.fail(Unknown Source)
  at com.xemantic.kotlin.test.SameAsKt.sameAs(SameAs.kt:52)
  at com.xemantic.typescript.compiler.TypeScriptTestSupportKt.errorsMatchBaseline(TypeScriptTestSupport.kt:135)
  at com.xemantic.typescript.compiler.TypeScriptCompilerTests_I.instantiateTypeParameter_ts has expected errors matching instantiateTypeParameter_errors_txt(TypeScriptCompilerTests_I.kt:4781)
  at java.base/jdk.internal.reflect.DirectMethodHandleAccessor.invoke(DirectMethodHandleAccessor.java:104)
  at java.base/java.lang.reflect.Method.invoke(Method.java:565)
  at org.junit.runners.model.FrameworkMethod$1.runReflectiveCall(FrameworkMethod.java:59)
  at org.junit.internal.runners.model.ReflectiveCallable.run(ReflectiveCallable.java:12)
  at org.junit.runners.model.FrameworkMethod.invokeExplosively(FrameworkMethod.java:56)
  at org.junit.internal.runners.statements.InvokeMethod.evaluate(InvokeMethod.java:17)
  at org.junit.runners.ParentRunner$3.evaluate(ParentRunner.java:306)
  at org.junit.runners.BlockJUnit4ClassRunner$1.evaluate(BlockJUnit4ClassRunner.java:100)
  at org.junit.runners.ParentRunner.runLeaf(ParentRunner.java:366)
  at org.junit.runners.BlockJUnit4ClassRunner.runChild(BlockJUnit4ClassRunner.java:103)
  at org.junit.runners.BlockJUnit4ClassRunner.runChild(BlockJUnit4ClassRunner.java:63)
  at org.junit.runners.ParentRunner$4.run(ParentRunner.java:331)
  at org.junit.runners.ParentRunner$1.schedule(ParentRunner.java:79)
  at org.junit.runners.ParentRunner.runChildren(ParentRunner.java:329)
  at org.junit.runners.ParentRunner.access$100(ParentRunner.java:66)
  at org.junit.runners.ParentRunner$2.evaluate(ParentRunner.java:293)
  at org.junit.runners.ParentRunner$3.evaluate(ParentRunner.java:306)
  at org.junit.runners.ParentRunner.run(ParentRunner.java:413)
  at org.junit.runner.JUnitCore.run(JUnitCore.java:137)
  at org.junit.runner.JUnitCore.run(JUnitCore.java:115)
  at org.gradle.api.internal.tasks.testing.junit.JUnitTestExecutor.runRequest(JUnitTestExecutor.java:175)
  at org.gradle.api.internal.tasks.testing.junit.JUnitTestExecutor.accept(JUnitTestExecutor.java:84)
  at org.gradle.api.internal.tasks.testing.junit.JUnitTestExecutor.accept(JUnitTestExecutor.java:47)
  at org.gradle.api.internal.tasks.testing.junit.AbstractJUnitTestDefinitionProcessor.processTestDefinition(AbstractJUnitTestDefinitionProcessor.java:65)
  at org.gradle.api.internal.tasks.testing.SuiteTestDefinitionProcessor.processTestDefinition(SuiteTestDefinitionProcessor.java:54)
  at java.base/jdk.internal.reflect.DirectMethodHandleAccessor.invoke(DirectMethodHandleAccessor.java:104)
  at java.base/java.lang.reflect.Method.invoke(Method.java:565)
  at org.gradle.internal.dispatch.MethodInvocation.invokeOn(MethodInvocation.java:77)
  at org.gradle.internal.dispatch.ReflectionDispatch.dispatch(ReflectionDispatch.java:28)
  at org.gradle.internal.dispatch.ReflectionDispatch.dispatch(ReflectionDispatch.java:19)
  at org.gradle.internal.dispatch.ContextClassLoaderDispatch.dispatch(ContextClassLoaderDispatch.java:33)
  at org.gradle.internal.dispatch.ProxyDispatchAdapter$DispatchingInvocationHandler.invoke(ProxyDispatchAdapter.java:88)
  at jdk.proxy1/jdk.proxy1.$Proxy4.processTestDefinition(Unknown Source)
  at org.gradle.api.internal.tasks.testing.worker.TestWorker$2.run(TestWorker.java:178)
  at org.gradle.api.internal.tasks.testing.worker.TestWorker.executeAndMaintainThreadName(TestWorker.java:126)
  at org.gradle.api.internal.tasks.testing.worker.TestWorker.execute(TestWorker.java:103)
  at org.gradle.api.internal.tasks.testing.worker.TestWorker.execute(TestWorker.java:63)
  at org.gradle.process.internal.worker.child.ActionExecutionWorker.execute(ActionExecutionWorker.java:56)
  at org.gradle.process.internal.worker.child.SystemApplicationClassLoaderWorker.call(SystemApplicationClassLoaderWorker.java:122)
  at org.gradle.process.internal.worker.child.SystemApplicationClassLoaderWorker.call(SystemApplicationClassLoaderWorker.java:72)
  at worker.org.gradle.process.internal.worker.GradleWorkerMain.run(GradleWorkerMain.java:69)
  at worker.org.gradle.process.internal.worker.GradleWorkerMain.main(GradleWorkerMain.java:74)
</stacktrace>
</test-failure>


TypeScriptCompilerTests_I[jvm] > instantiateTypeParameter_ts has expected errors matching instantiateTypeParameter_errors_txt[jvm] FAILED

<test-failure test="com.xemantic.typescript.compiler.TypeScriptCompilerTests_I.isolatedDeclarationsRequiresDeclaration_ts has expected errors matching isolatedDeclarationsRequiresDeclaration_errors_txt" platform="jvm">
<message>
Expected diagnostics from baseline typescript-repo/tests/baselines/reference/isolatedDeclarationsRequiresDeclaration.errors.txt but none produced
</message>
<stacktrace>
  at com.xemantic.typescript.compiler.TypeScriptTestSupportKt.errorsMatchBaseline(TypeScriptTestSupport.kt:125)
  at com.xemantic.typescript.compiler.TypeScriptCompilerTests_I.isolatedDeclarationsRequiresDeclaration_ts has expected errors matching isolatedDeclarationsRequiresDeclaration_errors_txt(TypeScriptCompilerTests_I.kt:6748)
  at java.base/jdk.internal.reflect.DirectMethodHandleAccessor.invoke(DirectMethodHandleAccessor.java:104)
  at java.base/java.lang.reflect.Method.invoke(Method.java:565)
  at org.junit.runners.model.FrameworkMethod$1.runReflectiveCall(FrameworkMethod.java:59)
  at org.junit.internal.runners.model.ReflectiveCallable.run(ReflectiveCallable.java:12)
  at org.junit.runners.model.FrameworkMethod.invokeExplosively(FrameworkMethod.java:56)
  at org.junit.internal.runners.statements.InvokeMethod.evaluate(InvokeMethod.java:17)
  at org.junit.runners.ParentRunner$3.evaluate(ParentRunner.java:306)
  at org.junit.runners.BlockJUnit4ClassRunner$1.evaluate(BlockJUnit4ClassRunner.java:100)
  at org.junit.runners.ParentRunner.runLeaf(ParentRunner.java:366)
  at org.junit.runners.BlockJUnit4ClassRunner.runChild(BlockJUnit4ClassRunner.java:103)
  at org.junit.runners.BlockJUnit4ClassRunner.runChild(BlockJUnit4ClassRunner.java:63)
  at org.junit.runners.ParentRunner$4.run(ParentRunner.java:331)
  at org.junit.runners.ParentRunner$1.schedule(ParentRunner.java:79)
  at org.junit.runners.ParentRunner.runChildren(ParentRunner.java:329)
  at org.junit.runners.ParentRunner.access$100(ParentRunner.java:66)
  at org.junit.runners.ParentRunner$2.evaluate(ParentRunner.java:293)
  at org.junit.runners.ParentRunner$3.evaluate(ParentRunner.java:306)
  at org.junit.runners.ParentRunner.run(ParentRunner.java:413)
  at org.junit.runner.JUnitCore.run(JUnitCore.java:137)
  at org.junit.runner.JUnitCore.run(JUnitCore.java:115)
  at org.gradle.api.internal.tasks.testing.junit.JUnitTestExecutor.runRequest(JUnitTestExecutor.java:175)
  at org.gradle.api.internal.tasks.testing.junit.JUnitTestExecutor.accept(JUnitTestExecutor.java:84)
  at org.gradle.api.internal.tasks.testing.junit.JUnitTestExecutor.accept(JUnitTestExecutor.java:47)
  at org.gradle.api.internal.tasks.testing.junit.AbstractJUnitTestDefinitionProcessor.processTestDefinition(AbstractJUnitTestDefinitionProcessor.java:65)
  at org.gradle.api.internal.tasks.testing.SuiteTestDefinitionProcessor.processTestDefinition(SuiteTestDefinitionProcessor.java:54)
  at java.base/jdk.internal.reflect.DirectMethodHandleAccessor.invoke(DirectMethodHandleAccessor.java:104)
  at java.base/java.lang.reflect.Method.invoke(Method.java:565)
  at org.gradle.internal.dispatch.MethodInvocation.invokeOn(MethodInvocation.java:77)
  at org.gradle.internal.dispatch.ReflectionDispatch.dispatch(ReflectionDispatch.java:28)
  at org.gradle.internal.dispatch.ReflectionDispatch.dispatch(ReflectionDispatch.java:19)
  at org.gradle.internal.dispatch.ContextClassLoaderDispatch.dispatch(ContextClassLoaderDispatch.java:33)
  at org.gradle.internal.dispatch.ProxyDispatchAdapter$DispatchingInvocationHandler.invoke(ProxyDispatchAdapter.java:88)
  at jdk.proxy1/jdk.proxy1.$Proxy4.processTestDefinition(Unknown Source)
  at org.gradle.api.internal.tasks.testing.worker.TestWorker$2.run(TestWorker.java:178)
  at org.gradle.api.internal.tasks.testing.worker.TestWorker.executeAndMaintainThreadName(TestWorker.java:126)
  at org.gradle.api.internal.tasks.testing.worker.TestWorker.execute(TestWorker.java:103)
  at org.gradle.api.internal.tasks.testing.worker.TestWorker.execute(TestWorker.java:63)
  at org.gradle.process.internal.worker.child.ActionExecutionWorker.execute(ActionExecutionWorker.java:56)
  at org.gradle.process.internal.worker.child.SystemApplicationClassLoaderWorker.call(SystemApplicationClassLoaderWorker.java:122)
  at org.gradle.process.internal.worker.child.SystemApplicationClassLoaderWorker.call(SystemApplicationClassLoaderWorker.java:72)
  at worker.org.gradle.process.internal.worker.GradleWorkerMain.run(GradleWorkerMain.java:69)
  at worker.org.gradle.process.internal.worker.GradleWorkerMain.main(GradleWorkerMain.java:74)
</stacktrace>
</test-failure>


TypeScriptCompilerTests_I[jvm] > isolatedDeclarationsRequiresDeclaration_ts has expected errors matching isolatedDeclarationsRequiresDeclaration_errors_txt[jvm] FAILED

<test-failure test="com.xemantic.typescript.compiler.TypeScriptCompilerTests_I.importExportInternalComments_ts compiles to JavaScript matching importExportInternalComments_js" platform="jvm">
<message>
--- expected
+++ actual
@@ -16,10 +16,10 @@
 /*1*/ export /*2*/ * /*3*/ from /*4*/ "foo"
 
 //// [default.js]
-/*1*/ export /*2*/ default /*3*/ Array /*4*/;
+/*1*/ export default Array;
 //// [index.js]
-/*1*/ import /*2*/ D /*3*/, /*4*/ { /*5*/ A /*6*/, /*7*/ B /*8*/ as /*9*/ C /*10*/ } /*11*/ from /*12*/ "foo";
-/*1*/ import /*2*/ * /*3*/ as /*4*/ foo /*5*/ from /*6*/ "foo";
+/*1*/ import D, { A, B as C } from "foo";
+/*1*/ import * as foo from "foo";
 void D, A, C, foo; // Use the variables to prevent ellision
-/*1*/ export /*2*/ { /*3*/ A /*4*/, /*5*/ B /*6*/ as /*7*/ C /*8*/ } /*9*/ from /*10*/ "foo";
-/*1*/ export /*2*/ * /*3*/ from /*4*/ "foo";
+/*1*/ export { A, B as C } from "foo";
+/*1*/ export * from "foo";

</message>
<stacktrace>
  at org.junit.Assert.fail(Assert.java:89)
  at kotlin.test.junit.JUnitAsserter.fail(JUnitSupport.kt:56)
  at kotlin.test.AssertionsKt__AssertionsKt.fail(Assertions.kt:563)
  at kotlin.test.AssertionsKt.fail(Unknown Source)
  at com.xemantic.kotlin.test.SameAsKt.sameAs(SameAs.kt:52)
  at com.xemantic.typescript.compiler.TypeScriptTestSupportKt.sameAs(TypeScriptTestSupport.kt:99)
  at com.xemantic.typescript.compiler.TypeScriptCompilerTests_I.importExportInternalComments_ts compiles to JavaScript matching importExportInternalComments_js(TypeScriptCompilerTests_I.kt:1085)
  at java.base/jdk.internal.reflect.DirectMethodHandleAccessor.invoke(DirectMethodHandleAccessor.java:104)
  at java.base/java.lang.reflect.Method.invoke(Method.java:565)
  at org.junit.runners.model.FrameworkMethod$1.runReflectiveCall(FrameworkMethod.java:59)
  at org.junit.internal.runners.model.ReflectiveCallable.run(ReflectiveCallable.java:12)
  at org.junit.runners.model.FrameworkMethod.invokeExplosively(FrameworkMethod.java:56)
  at org.junit.internal.runners.statements.InvokeMethod.evaluate(InvokeMethod.java:17)
  at org.junit.runners.ParentRunner$3.evaluate(ParentRunner.java:306)
  at org.junit.runners.BlockJUnit4ClassRunner$1.evaluate(BlockJUnit4ClassRunner.java:100)
  at org.junit.runners.ParentRunner.runLeaf(ParentRunner.java:366)
  at org.junit.runners.BlockJUnit4ClassRunner.runChild(BlockJUnit4ClassRunner.java:103)
  at org.junit.runners.BlockJUnit4ClassRunner.runChild(BlockJUnit4ClassRunner.java:63)
  at org.junit.runners.ParentRunner$4.run(ParentRunner.java:331)
  at org.junit.runners.ParentRunner$1.schedule(ParentRunner.java:79)
  at org.junit.runners.ParentRunner.runChildren(ParentRunner.java:329)
  at org.junit.runners.ParentRunner.access$100(ParentRunner.java:66)
  at org.junit.runners.ParentRunner$2.evaluate(ParentRunner.java:293)
  at org.junit.runners.ParentRunner$3.evaluate(ParentRunner.java:306)
  at org.junit.runners.ParentRunner.run(ParentRunner.java:413)
  at org.junit.runner.JUnitCore.run(JUnitCore.java:137)
  at org.junit.runner.JUnitCore.run(JUnitCore.java:115)
  at org.gradle.api.internal.tasks.testing.junit.JUnitTestExecutor.runRequest(JUnitTestExecutor.java:175)
  at org.gradle.api.internal.tasks.testing.junit.JUnitTestExecutor.accept(JUnitTestExecutor.java:84)
  at org.gradle.api.internal.tasks.testing.junit.JUnitTestExecutor.accept(JUnitTestExecutor.java:47)
  at org.gradle.api.internal.tasks.testing.junit.AbstractJUnitTestDefinitionProcessor.processTestDefinition(AbstractJUnitTestDefinitionProcessor.java:65)
  at org.gradle.api.internal.tasks.testing.SuiteTestDefinitionProcessor.processTestDefinition(SuiteTestDefinitionProcessor.java:54)
  at java.base/jdk.internal.reflect.DirectMethodHandleAccessor.invoke(DirectMethodHandleAccessor.java:104)
  at java.base/java.lang.reflect.Method.invoke(Method.java:565)
  at org.gradle.internal.dispatch.MethodInvocation.invokeOn(MethodInvocation.java:77)
  at org.gradle.internal.dispatch.ReflectionDispatch.dispatch(ReflectionDispatch.java:28)
  at org.gradle.internal.dispatch.ReflectionDispatch.dispatch(ReflectionDispatch.java:19)
  at org.gradle.internal.dispatch.ContextClassLoaderDispatch.dispatch(ContextClassLoaderDispatch.java:33)
  at org.gradle.internal.dispatch.ProxyDispatchAdapter$DispatchingInvocationHandler.invoke(ProxyDispatchAdapter.java:88)
  at jdk.proxy1/jdk.proxy1.$Proxy4.processTestDefinition(Unknown Source)
  at org.gradle.api.internal.tasks.testing.worker.TestWorker$2.run(TestWorker.java:178)
  at org.gradle.api.internal.tasks.testing.worker.TestWorker.executeAndMaintainThreadName(TestWorker.java:126)
  at org.gradle.api.internal.tasks.testing.worker.TestWorker.execute(TestWorker.java:103)
  at org.gradle.api.internal.tasks.testing.worker.TestWorker.execute(TestWorker.java:63)
  at org.gradle.process.internal.worker.child.ActionExecutionWorker.execute(ActionExecutionWorker.java:56)
  at org.gradle.process.internal.worker.child.SystemApplicationClassLoaderWorker.call(SystemApplicationClassLoaderWorker.java:122)
  at org.gradle.process.internal.worker.child.SystemApplicationClassLoaderWorker.call(SystemApplicationClassLoaderWorker.java:72)
  at worker.org.gradle.process.internal.worker.GradleWorkerMain.run(GradleWorkerMain.java:69)
  at worker.org.gradle.process.internal.worker.GradleWorkerMain.main(GradleWorkerMain.java:74)
</stacktrace>
</test-failure>


TypeScriptCompilerTests_I[jvm] > importExportInternalComments_ts compiles to JavaScript matching importExportInternalComments_js[jvm] FAILED

<test-failure test="com.xemantic.typescript.compiler.TypeScriptCompilerTests_I.isolatedModulesImportExportElision_ts__target_es2015__has expected errors matching baseline" platform="jvm">
<message>
Expected diagnostics from baseline typescript-repo/tests/baselines/reference/isolatedModulesImportExportElision(target=es2015).errors.txt but none produced
</message>
<stacktrace>
  at com.xemantic.typescript.compiler.TypeScriptTestSupportKt.errorsMatchBaseline(TypeScriptTestSupport.kt:125)
  at com.xemantic.typescript.compiler.TypeScriptCompilerTests_I.isolatedModulesImportExportElision_ts__target_es2015__has expected errors matching baseline(TypeScriptCompilerTests_I.kt:6874)
  at java.base/jdk.internal.reflect.DirectMethodHandleAccessor.invoke(DirectMethodHandleAccessor.java:104)
  at java.base/java.lang.reflect.Method.invoke(Method.java:565)
  at org.junit.runners.model.FrameworkMethod$1.runReflectiveCall(FrameworkMethod.java:59)
  at org.junit.internal.runners.model.ReflectiveCallable.run(ReflectiveCallable.java:12)
  at org.junit.runners.model.FrameworkMethod.invokeExplosively(FrameworkMethod.java:56)
  at org.junit.internal.runners.statements.InvokeMethod.evaluate(InvokeMethod.java:17)
  at org.junit.runners.ParentRunner$3.evaluate(ParentRunner.java:306)
  at org.junit.runners.BlockJUnit4ClassRunner$1.evaluate(BlockJUnit4ClassRunner.java:100)
  at org.junit.runners.ParentRunner.runLeaf(ParentRunner.java:366)
  at org.junit.runners.BlockJUnit4ClassRunner.runChild(BlockJUnit4ClassRunner.java:103)
  at org.junit.runners.BlockJUnit4ClassRunner.runChild(BlockJUnit4ClassRunner.java:63)
  at org.junit.runners.ParentRunner$4.run(ParentRunner.java:331)
  at org.junit.runners.ParentRunner$1.schedule(ParentRunner.java:79)
  at org.junit.runners.ParentRunner.runChildren(ParentRunner.java:329)
  at org.junit.runners.ParentRunner.access$100(ParentRunner.java:66)
  at org.junit.runners.ParentRunner$2.evaluate(ParentRunner.java:293)
  at org.junit.runners.ParentRunner$3.evaluate(ParentRunner.java:306)
  at org.junit.runners.ParentRunner.run(ParentRunner.java:413)
  at org.junit.runner.JUnitCore.run(JUnitCore.java:137)
  at org.junit.runner.JUnitCore.run(JUnitCore.java:115)
  at org.gradle.api.internal.tasks.testing.junit.JUnitTestExecutor.runRequest(JUnitTestExecutor.java:175)
  at org.gradle.api.internal.tasks.testing.junit.JUnitTestExecutor.accept(JUnitTestExecutor.java:84)
  at org.gradle.api.internal.tasks.testing.junit.JUnitTestExecutor.accept(JUnitTestExecutor.java:47)
  at org.gradle.api.internal.tasks.testing.junit.AbstractJUnitTestDefinitionProcessor.processTestDefinition(AbstractJUnitTestDefinitionProcessor.java:65)
  at org.gradle.api.internal.tasks.testing.SuiteTestDefinitionProcessor.processTestDefinition(SuiteTestDefinitionProcessor.java:54)
  at java.base/jdk.internal.reflect.DirectMethodHandleAccessor.invoke(DirectMethodHandleAccessor.java:104)
  at java.base/java.lang.reflect.Method.invoke(Method.java:565)
  at org.gradle.internal.dispatch.MethodInvocation.invokeOn(MethodInvocation.java:77)
  at org.gradle.internal.dispatch.ReflectionDispatch.dispatch(ReflectionDispatch.java:28)
  at org.gradle.internal.dispatch.ReflectionDispatch.dispatch(ReflectionDispatch.java:19)
  at org.gradle.internal.dispatch.ContextClassLoaderDispatch.dispatch(ContextClassLoaderDispatch.java:33)
  at org.gradle.internal.dispatch.ProxyDispatchAdapter$DispatchingInvocationHandler.invoke(ProxyDispatchAdapter.java:88)
  at jdk.proxy1/jdk.proxy1.$Proxy4.processTestDefinition(Unknown Source)
  at org.gradle.api.internal.tasks.testing.worker.TestWorker$2.run(TestWorker.java:178)
  at org.gradle.api.internal.tasks.testing.worker.TestWorker.executeAndMaintainThreadName(TestWorker.java:126)
  at org.gradle.api.internal.tasks.testing.worker.TestWorker.execute(TestWorker.java:103)
  at org.gradle.api.internal.tasks.testing.worker.TestWorker.execute(TestWorker.java:63)
  at org.gradle.process.internal.worker.child.ActionExecutionWorker.execute(ActionExecutionWorker.java:56)
  at org.gradle.process.internal.worker.child.SystemApplicationClassLoaderWorker.call(SystemApplicationClassLoaderWorker.java:122)
  at org.gradle.process.internal.worker.child.SystemApplicationClassLoaderWorker.call(SystemApplicationClassLoaderWorker.java:72)
  at worker.org.gradle.process.internal.worker.GradleWorkerMain.run(GradleWorkerMain.java:69)
  at worker.org.gradle.process.internal.worker.GradleWorkerMain.main(GradleWorkerMain.java:74)
</stacktrace>
</test-failure>


TypeScriptCompilerTests_I[jvm] > isolatedModulesImportExportElision_ts__target_es2015__has expected errors matching baseline[jvm] FAILED

<test-failure test="com.xemantic.typescript.compiler.TypeScriptCompilerTests_I.indexAt_ts__target_es2021__has expected errors matching baseline" platform="jvm">
<message>
Expected diagnostics from baseline typescript-repo/tests/baselines/reference/indexAt(target=es2021).errors.txt but none produced
</message>
<stacktrace>
  at com.xemantic.typescript.compiler.TypeScriptTestSupportKt.errorsMatchBaseline(TypeScriptTestSupport.kt:125)
  at com.xemantic.typescript.compiler.TypeScriptCompilerTests_I.indexAt_ts__target_es2021__has expected errors matching baseline(TypeScriptCompilerTests_I.kt:2562)
  at java.base/jdk.internal.reflect.DirectMethodHandleAccessor.invoke(DirectMethodHandleAccessor.java:104)
  at java.base/java.lang.reflect.Method.invoke(Method.java:565)
  at org.junit.runners.model.FrameworkMethod$1.runReflectiveCall(FrameworkMethod.java:59)
  at org.junit.internal.runners.model.ReflectiveCallable.run(ReflectiveCallable.java:12)
  at org.junit.runners.model.FrameworkMethod.invokeExplosively(FrameworkMethod.java:56)
  at org.junit.internal.runners.statements.InvokeMethod.evaluate(InvokeMethod.java:17)
  at org.junit.runners.ParentRunner$3.evaluate(ParentRunner.java:306)
  at org.junit.runners.BlockJUnit4ClassRunner$1.evaluate(BlockJUnit4ClassRunner.java:100)
  at org.junit.runners.ParentRunner.runLeaf(ParentRunner.java:366)
  at org.junit.runners.BlockJUnit4ClassRunner.runChild(BlockJUnit4ClassRunner.java:103)
  at org.junit.runners.BlockJUnit4ClassRunner.runChild(BlockJUnit4ClassRunner.java:63)
  at org.junit.runners.ParentRunner$4.run(ParentRunner.java:331)
  at org.junit.runners.ParentRunner$1.schedule(ParentRunner.java:79)
  at org.junit.runners.ParentRunner.runChildren(ParentRunner.java:329)
  at org.junit.runners.ParentRunner.access$100(ParentRunner.java:66)
  at org.junit.runners.ParentRunner$2.evaluate(ParentRunner.java:293)
  at org.junit.runners.ParentRunner$3.evaluate(ParentRunner.java:306)
  at org.junit.runners.ParentRunner.run(ParentRunner.java:413)
  at org.junit.runner.JUnitCore.run(JUnitCore.java:137)
  at org.junit.runner.JUnitCore.run(JUnitCore.java:115)
  at org.gradle.api.internal.tasks.testing.junit.JUnitTestExecutor.runRequest(JUnitTestExecutor.java:175)
  at org.gradle.api.internal.tasks.testing.junit.JUnitTestExecutor.accept(JUnitTestExecutor.java:84)
  at org.gradle.api.internal.tasks.testing.junit.JUnitTestExecutor.accept(JUnitTestExecutor.java:47)
  at org.gradle.api.internal.tasks.testing.junit.AbstractJUnitTestDefinitionProcessor.processTestDefinition(AbstractJUnitTestDefinitionProcessor.java:65)
  at org.gradle.api.internal.tasks.testing.SuiteTestDefinitionProcessor.processTestDefinition(SuiteTestDefinitionProcessor.java:54)
  at java.base/jdk.internal.reflect.DirectMethodHandleAccessor.invoke(DirectMethodHandleAccessor.java:104)
  at java.base/java.lang.reflect.Method.invoke(Method.java:565)
  at org.gradle.internal.dispatch.MethodInvocation.invokeOn(MethodInvocation.java:77)
  at org.gradle.internal.dispatch.ReflectionDispatch.dispatch(ReflectionDispatch.java:28)
  at org.gradle.internal.dispatch.ReflectionDispatch.dispatch(ReflectionDispatch.java:19)
  at org.gradle.internal.dispatch.ContextClassLoaderDispatch.dispatch(ContextClassLoaderDispatch.java:33)
  at org.gradle.internal.dispatch.ProxyDispatchAdapter$DispatchingInvocationHandler.invoke(ProxyDispatchAdapter.java:88)
  at jdk.proxy1/jdk.proxy1.$Proxy4.processTestDefinition(Unknown Source)
  at org.gradle.api.internal.tasks.testing.worker.TestWorker$2.run(TestWorker.java:178)
  at org.gradle.api.internal.tasks.testing.worker.TestWorker.executeAndMaintainThreadName(TestWorker.java:126)
  at org.gradle.api.internal.tasks.testing.worker.TestWorker.execute(TestWorker.java:103)
  at org.gradle.api.internal.tasks.testing.worker.TestWorker.execute(TestWorker.java:63)
  at org.gradle.process.internal.worker.child.ActionExecutionWorker.execute(ActionExecutionWorker.java:56)
  at org.gradle.process.internal.worker.child.SystemApplicationClassLoaderWorker.call(SystemApplicationClassLoaderWorker.java:122)
  at org.gradle.process.internal.worker.child.SystemApplicationClassLoaderWorker.call(SystemApplicationClassLoaderWorker.java:72)
  at worker.org.gradle.process.internal.worker.GradleWorkerMain.run(GradleWorkerMain.java:69)
  at worker.org.gradle.process.internal.worker.GradleWorkerMain.main(GradleWorkerMain.java:74)
</stacktrace>
</test-failure>


TypeScriptCompilerTests_I[jvm] > indexAt_ts__target_es2021__has expected errors matching baseline[jvm] FAILED

<test-failure test="com.xemantic.typescript.compiler.TypeScriptCompilerTests_I.importHelpersNoHelpersForAsyncGenerators_ts__target_es2015__has expected errors matching baseline" platform="jvm">
<message>
--- expected
+++ actual
@@ -1,24 +1,12 @@
 error TS5107: Option 'moduleResolution=classic' is deprecated and will stop functioning in TypeScript 7.0. Specify compilerOption '"ignoreDeprecations": "6.0"' to silence this error.
-main.ts(1,25): error TS2343: This syntax requires an imported helper named '__asyncGenerator' which does not exist in 'tslib'. Consider upgrading your version of 'tslib'.
-main.ts(1,25): error TS2343: This syntax requires an imported helper named '__await' which does not exist in 'tslib'. Consider upgrading your version of 'tslib'.
-main.ts(4,5): error TS2343: This syntax requires an imported helper named '__asyncDelegator' which does not exist in 'tslib'. Consider upgrading your version of 'tslib'.
-main.ts(4,5): error TS2343: This syntax requires an imported helper named '__asyncValues' which does not exist in 'tslib'. Consider upgrading your version of 'tslib'.
 
 
 !!! error TS5107: Option 'moduleResolution=classic' is deprecated and will stop functioning in TypeScript 7.0. Specify compilerOption '"ignoreDeprecations": "6.0"' to silence this error.
-==== main.ts (4 errors) ====
+==== main.ts (0 errors) ====
     export async function * f() {
-                            ~
-!!! error TS2343: This syntax requires an imported helper named '__asyncGenerator' which does not exist in 'tslib'. Consider upgrading your version of 'tslib'.
-                            ~
-!!! error TS2343: This syntax requires an imported helper named '__await' which does not exist in 'tslib'. Consider upgrading your version of 'tslib'.
         await 1;
         yield 2;
         yield* [3];
-        ~~~~~
-!!! error TS2343: This syntax requires an imported helper named '__asyncDelegator' which does not exist in 'tslib'. Consider upgrading your version of 'tslib'.
-        ~~~~~
-!!! error TS2343: This syntax requires an imported helper named '__asyncValues' which does not exist in 'tslib'. Consider upgrading your version of 'tslib'.
     }
     
 ==== tslib.d.ts (0 errors) ====

</message>
<stacktrace>
  at org.junit.Assert.fail(Assert.java:89)
  at kotlin.test.junit.JUnitAsserter.fail(JUnitSupport.kt:56)
  at kotlin.test.AssertionsKt__AssertionsKt.fail(Assertions.kt:563)
  at kotlin.test.AssertionsKt.fail(Unknown Source)
  at com.xemantic.kotlin.test.SameAsKt.sameAs(SameAs.kt:52)
  at com.xemantic.typescript.compiler.TypeScriptTestSupportKt.errorsMatchBaseline(TypeScriptTestSupport.kt:135)
  at com.xemantic.typescript.compiler.TypeScriptCompilerTests_I.importHelpersNoHelpersForAsyncGenerators_ts__target_es2015__has expected errors matching baseline(TypeScriptCompilerTests_I.kt:1239)
  at java.base/jdk.internal.reflect.DirectMethodHandleAccessor.invoke(DirectMethodHandleAccessor.java:104)
  at java.base/java.lang.reflect.Method.invoke(Method.java:565)
  at org.junit.runners.model.FrameworkMethod$1.runReflectiveCall(FrameworkMethod.java:59)
  at org.junit.internal.runners.model.ReflectiveCallable.run(ReflectiveCallable.java:12)
  at org.junit.runners.model.FrameworkMethod.invokeExplosively(FrameworkMethod.java:56)
  at org.junit.internal.runners.statements.InvokeMethod.evaluate(InvokeMethod.java:17)
  at org.junit.runners.ParentRunner$3.evaluate(ParentRunner.java:306)
  at org.junit.runners.BlockJUnit4ClassRunner$1.evaluate(BlockJUnit4ClassRunner.java:100)
  at org.junit.runners.ParentRunner.runLeaf(ParentRunner.java:366)
  at org.junit.runners.BlockJUnit4ClassRunner.runChild(BlockJUnit4ClassRunner.java:103)
  at org.junit.runners.BlockJUnit4ClassRunner.runChild(BlockJUnit4ClassRunner.java:63)
  at org.junit.runners.ParentRunner$4.run(ParentRunner.java:331)
  at org.junit.runners.ParentRunner$1.schedule(ParentRunner.java:79)
  at org.junit.runners.ParentRunner.runChildren(ParentRunner.java:329)
  at org.junit.runners.ParentRunner.access$100(ParentRunner.java:66)
  at org.junit.runners.ParentRunner$2.evaluate(ParentRunner.java:293)
  at org.junit.runners.ParentRunner$3.evaluate(ParentRunner.java:306)
  at org.junit.runners.ParentRunner.run(ParentRunner.java:413)
  at org.junit.runner.JUnitCore.run(JUnitCore.java:137)
  at org.junit.runner.JUnitCore.run(JUnitCore.java:115)
  at org.gradle.api.internal.tasks.testing.junit.JUnitTestExecutor.runRequest(JUnitTestExecutor.java:175)
  at org.gradle.api.internal.tasks.testing.junit.JUnitTestExecutor.accept(JUnitTestExecutor.java:84)
  at org.gradle.api.internal.tasks.testing.junit.JUnitTestExecutor.accept(JUnitTestExecutor.java:47)
  at org.gradle.api.internal.tasks.testing.junit.AbstractJUnitTestDefinitionProcessor.processTestDefinition(AbstractJUnitTestDefinitionProcessor.java:65)
  at org.gradle.api.internal.tasks.testing.SuiteTestDefinitionProcessor.processTestDefinition(SuiteTestDefinitionProcessor.java:54)
  at java.base/jdk.internal.reflect.DirectMethodHandleAccessor.invoke(DirectMethodHandleAccessor.java:104)
  at java.base/java.lang.reflect.Method.invoke(Method.java:565)
  at org.gradle.internal.dispatch.MethodInvocation.invokeOn(MethodInvocation.java:77)
  at org.gradle.internal.dispatch.ReflectionDispatch.dispatch(ReflectionDispatch.java:28)
  at org.gradle.internal.dispatch.ReflectionDispatch.dispatch(ReflectionDispatch.java:19)
  at org.gradle.internal.dispatch.ContextClassLoaderDispatch.dispatch(ContextClassLoaderDispatch.java:33)
  at org.gradle.internal.dispatch.ProxyDispatchAdapter$DispatchingInvocationHandler.invoke(ProxyDispatchAdapter.java:88)
  at jdk.proxy1/jdk.proxy1.$Proxy4.processTestDefinition(Unknown Source)
  at org.gradle.api.internal.tasks.testing.worker.TestWorker$2.run(TestWorker.java:178)
  at org.gradle.api.internal.tasks.testing.worker.TestWorker.executeAndMaintainThreadName(TestWorker.java:126)
  at org.gradle.api.internal.tasks.testing.worker.TestWorker.execute(TestWorker.java:103)
  at org.gradle.api.internal.tasks.testing.worker.TestWorker.execute(TestWorker.java:63)
  at org.gradle.process.internal.worker.child.ActionExecutionWorker.execute(ActionExecutionWorker.java:56)
  at org.gradle.process.internal.worker.child.SystemApplicationClassLoaderWorker.call(SystemApplicationClassLoaderWorker.java:122)
  at org.gradle.process.internal.worker.child.SystemApplicationClassLoaderWorker.call(SystemApplicationClassLoaderWorker.java:72)
  at worker.org.gradle.process.internal.worker.GradleWorkerMain.run(GradleWorkerMain.java:69)
  at worker.org.gradle.process.internal.worker.GradleWorkerMain.main(GradleWorkerMain.java:74)
</stacktrace>
</test-failure>


TypeScriptCompilerTests_I[jvm] > importHelpersNoHelpersForAsyncGenerators_ts__target_es2015__has expected errors matching baseline[jvm] FAILED

<test-failure test="com.xemantic.typescript.compiler.TypeScriptCompilerTests_I.intersectionsOfLargeUnions2_ts has expected errors matching intersectionsOfLargeUnions2_errors_txt" platform="jvm">
<message>
Expected diagnostics from baseline typescript-repo/tests/baselines/reference/intersectionsOfLargeUnions2.errors.txt but none produced
</message>
<stacktrace>
  at com.xemantic.typescript.compiler.TypeScriptTestSupportKt.errorsMatchBaseline(TypeScriptTestSupport.kt:125)
  at com.xemantic.typescript.compiler.TypeScriptCompilerTests_I.intersectionsOfLargeUnions2_ts has expected errors matching intersectionsOfLargeUnions2_errors_txt(TypeScriptCompilerTests_I.kt:6097)
  at java.base/jdk.internal.reflect.DirectMethodHandleAccessor.invoke(DirectMethodHandleAccessor.java:104)
  at java.base/java.lang.reflect.Method.invoke(Method.java:565)
  at org.junit.runners.model.FrameworkMethod$1.runReflectiveCall(FrameworkMethod.java:59)
  at org.junit.internal.runners.model.ReflectiveCallable.run(ReflectiveCallable.java:12)
  at org.junit.runners.model.FrameworkMethod.invokeExplosively(FrameworkMethod.java:56)
  at org.junit.internal.runners.statements.InvokeMethod.evaluate(InvokeMethod.java:17)
  at org.junit.runners.ParentRunner$3.evaluate(ParentRunner.java:306)
  at org.junit.runners.BlockJUnit4ClassRunner$1.evaluate(BlockJUnit4ClassRunner.java:100)
  at org.junit.runners.ParentRunner.runLeaf(ParentRunner.java:366)
  at org.junit.runners.BlockJUnit4ClassRunner.runChild(BlockJUnit4ClassRunner.java:103)
  at org.junit.runners.BlockJUnit4ClassRunner.runChild(BlockJUnit4ClassRunner.java:63)
  at org.junit.runners.ParentRunner$4.run(ParentRunner.java:331)
  at org.junit.runners.ParentRunner$1.schedule(ParentRunner.java:79)
  at org.junit.runners.ParentRunner.runChildren(ParentRunner.java:329)
  at org.junit.runners.ParentRunner.access$100(ParentRunner.java:66)
  at org.junit.runners.ParentRunner$2.evaluate(ParentRunner.java:293)
  at org.junit.runners.ParentRunner$3.evaluate(ParentRunner.java:306)
  at org.junit.runners.ParentRunner.run(ParentRunner.java:413)
  at org.junit.runner.JUnitCore.run(JUnitCore.java:137)
  at org.junit.runner.JUnitCore.run(JUnitCore.java:115)
  at org.gradle.api.internal.tasks.testing.junit.JUnitTestExecutor.runRequest(JUnitTestExecutor.java:175)
  at org.gradle.api.internal.tasks.testing.junit.JUnitTestExecutor.accept(JUnitTestExecutor.java:84)
  at org.gradle.api.internal.tasks.testing.junit.JUnitTestExecutor.accept(JUnitTestExecutor.java:47)
  at org.gradle.api.internal.tasks.testing.junit.AbstractJUnitTestDefinitionProcessor.processTestDefinition(AbstractJUnitTestDefinitionProcessor.java:65)
  at org.gradle.api.internal.tasks.testing.SuiteTestDefinitionProcessor.processTestDefinition(SuiteTestDefinitionProcessor.java:54)
  at java.base/jdk.internal.reflect.DirectMethodHandleAccessor.invoke(DirectMethodHandleAccessor.java:104)
  at java.base/java.lang.reflect.Method.invoke(Method.java:565)
  at org.gradle.internal.dispatch.MethodInvocation.invokeOn(MethodInvocation.java:77)
  at org.gradle.internal.dispatch.ReflectionDispatch.dispatch(ReflectionDispatch.java:28)
  at org.gradle.internal.dispatch.ReflectionDispatch.dispatch(ReflectionDispatch.java:19)
  at org.gradle.internal.dispatch.ContextClassLoaderDispatch.dispatch(ContextClassLoaderDispatch.java:33)
  at org.gradle.internal.dispatch.ProxyDispatchAdapter$DispatchingInvocationHandler.invoke(ProxyDispatchAdapter.java:88)
  at jdk.proxy1/jdk.proxy1.$Proxy4.processTestDefinition(Unknown Source)
  at org.gradle.api.internal.tasks.testing.worker.TestWorker$2.run(TestWorker.java:178)
  at org.gradle.api.internal.tasks.testing.worker.TestWorker.executeAndMaintainThreadName(TestWorker.java:126)
  at org.gradle.api.internal.tasks.testing.worker.TestWorker.execute(TestWorker.java:103)
  at org.gradle.api.internal.tasks.testing.worker.TestWorker.execute(TestWorker.java:63)
  at org.gradle.process.internal.worker.child.ActionExecutionWorker.execute(ActionExecutionWorker.java:56)
  at org.gradle.process.internal.worker.child.SystemApplicationClassLoaderWorker.call(SystemApplicationClassLoaderWorker.java:122)
  at org.gradle.process.internal.worker.child.SystemApplicationClassLoaderWorker.call(SystemApplicationClassLoaderWorker.java:72)
  at worker.org.gradle.process.internal.worker.GradleWorkerMain.run(GradleWorkerMain.java:69)
  at worker.org.gradle.process.internal.worker.GradleWorkerMain.main(GradleWorkerMain.java:74)
</stacktrace>
</test-failure>


TypeScriptCompilerTests_I[jvm] > intersectionsOfLargeUnions2_ts has expected errors matching intersectionsOfLargeUnions2_errors_txt[jvm] FAILED

<test-failure test="com.xemantic.typescript.compiler.TypeScriptCompilerTests_I.illegalSuperCallsInConstructor_ts has expected errors matching illegalSuperCallsInConstructor_errors_txt" platform="jvm">
<message>
--- expected
+++ actual
@@ -1,13 +1,8 @@
 illegalSuperCallsInConstructor.ts(2,5): error TS2564: Property 'x' has no initializer and is not definitely assigned in the constructor.
 illegalSuperCallsInConstructor.ts(6,5): error TS2377: Constructors for derived classes must contain a 'super' call.
-illegalSuperCallsInConstructor.ts(7,24): error TS2337: Super calls are not permitted outside constructors or in nested functions inside constructors.
-illegalSuperCallsInConstructor.ts(8,26): error TS2337: Super calls are not permitted outside constructors or in nested functions inside constructors.
-illegalSuperCallsInConstructor.ts(9,32): error TS2337: Super calls are not permitted outside constructors or in nested functions inside constructors.
-illegalSuperCallsInConstructor.ts(12,17): error TS2337: Super calls are not permitted outside constructors or in nested functions inside constructors.
-illegalSuperCallsInConstructor.ts(16,17): error TS2337: Super calls are not permitted outside constructors or in nested functions inside constructors.
 
 
-==== illegalSuperCallsInConstructor.ts (7 errors) ====
+==== illegalSuperCallsInConstructor.ts (2 errors) ====
     class Base {
         x: string;
         ~
@@ -19,25 +14,15 @@
         ~~~~~~~~~~~
 !!! error TS2377: Constructors for derived classes must contain a 'super' call.
             var r2 = () => super();
-                           ~~~~~
-!!! error TS2337: Super calls are not permitted outside constructors or in nested functions inside constructors.
             var r3 = () => { super(); }
-                             ~~~~~
-!!! error TS2337: Super calls are not permitted outside constructors or in nested functions inside constructors.
             var r4 = function () { super(); }
-                                   ~~~~~
-!!! error TS2337: Super calls are not permitted outside constructors or in nested functions inside constructors.
             var r5 = {
                 get foo() {
                     super();
-                    ~~~~~
-!!! error TS2337: Super calls are not permitted outside constructors or in nested functions inside constructors.
                     return 1;
                 },
                 set foo(v: number) {
                     super();
-                    ~~~~~
-!!! error TS2337: Super calls are not permitted outside constructors or in nested functions inside constructors.
                 }
             }
         }

</message>
<stacktrace>
  at org.junit.Assert.fail(Assert.java:89)
  at kotlin.test.junit.JUnitAsserter.fail(JUnitSupport.kt:56)
  at kotlin.test.AssertionsKt__AssertionsKt.fail(Assertions.kt:563)
  at kotlin.test.AssertionsKt.fail(Unknown Source)
  at com.xemantic.kotlin.test.SameAsKt.sameAs(SameAs.kt:52)
  at com.xemantic.typescript.compiler.TypeScriptTestSupportKt.errorsMatchBaseline(TypeScriptTestSupport.kt:135)
  at com.xemantic.typescript.compiler.TypeScriptCompilerTests_I.illegalSuperCallsInConstructor_ts has expected errors matching illegalSuperCallsInConstructor_errors_txt(TypeScriptCompilerTests_I.kt:175)
  at java.base/jdk.internal.reflect.DirectMethodHandleAccessor.invoke(DirectMethodHandleAccessor.java:104)
  at java.base/java.lang.reflect.Method.invoke(Method.java:565)
  at org.junit.runners.model.FrameworkMethod$1.runReflectiveCall(FrameworkMethod.java:59)
  at org.junit.internal.runners.model.ReflectiveCallable.run(ReflectiveCallable.java:12)
  at org.junit.runners.model.FrameworkMethod.invokeExplosively(FrameworkMethod.java:56)
  at org.junit.internal.runners.statements.InvokeMethod.evaluate(InvokeMethod.java:17)
  at org.junit.runners.ParentRunner$3.evaluate(ParentRunner.java:306)
  at org.junit.runners.BlockJUnit4ClassRunner$1.evaluate(BlockJUnit4ClassRunner.java:100)
  at org.junit.runners.ParentRunner.runLeaf(ParentRunner.java:366)
  at org.junit.runners.BlockJUnit4ClassRunner.runChild(BlockJUnit4ClassRunner.java:103)
  at org.junit.runners.BlockJUnit4ClassRunner.runChild(BlockJUnit4ClassRunner.java:63)
  at org.junit.runners.ParentRunner$4.run(ParentRunner.java:331)
  at org.junit.runners.ParentRunner$1.schedule(ParentRunner.java:79)
  at org.junit.runners.ParentRunner.runChildren(ParentRunner.java:329)
  at org.junit.runners.ParentRunner.access$100(ParentRunner.java:66)
  at org.junit.runners.ParentRunner$2.evaluate(ParentRunner.java:293)
  at org.junit.runners.ParentRunner$3.evaluate(ParentRunner.java:306)
  at org.junit.runners.ParentRunner.run(ParentRunner.java:413)
  at org.junit.runner.JUnitCore.run(JUnitCore.java:137)
  at org.junit.runner.JUnitCore.run(JUnitCore.java:115)
  at org.gradle.api.internal.tasks.testing.junit.JUnitTestExecutor.runRequest(JUnitTestExecutor.java:175)
  at org.gradle.api.internal.tasks.testing.junit.JUnitTestExecutor.accept(JUnitTestExecutor.java:84)
  at org.gradle.api.internal.tasks.testing.junit.JUnitTestExecutor.accept(JUnitTestExecutor.java:47)
  at org.gradle.api.internal.tasks.testing.junit.AbstractJUnitTestDefinitionProcessor.processTestDefinition(AbstractJUnitTestDefinitionProcessor.java:65)
  at org.gradle.api.internal.tasks.testing.SuiteTestDefinitionProcessor.processTestDefinition(SuiteTestDefinitionProcessor.java:54)
  at java.base/jdk.internal.reflect.DirectMethodHandleAccessor.invoke(DirectMethodHandleAccessor.java:104)
  at java.base/java.lang.reflect.Method.invoke(Method.java:565)
  at org.gradle.internal.dispatch.MethodInvocation.invokeOn(MethodInvocation.java:77)
  at org.gradle.internal.dispatch.ReflectionDispatch.dispatch(ReflectionDispatch.java:28)
  at org.gradle.internal.dispatch.ReflectionDispatch.dispatch(ReflectionDispatch.java:19)
  at org.gradle.internal.dispatch.ContextClassLoaderDispatch.dispatch(ContextClassLoaderDispatch.java:33)
  at org.gradle.internal.dispatch.ProxyDispatchAdapter$DispatchingInvocationHandler.invoke(ProxyDispatchAdapter.java:88)
  at jdk.proxy1/jdk.proxy1.$Proxy4.processTestDefinition(Unknown Source)
  at org.gradle.api.internal.tasks.testing.worker.TestWorker$2.run(TestWorker.java:178)
  at org.gradle.api.internal.tasks.testing.worker.TestWorker.executeAndMaintainThreadName(TestWorker.java:126)
  at org.gradle.api.internal.tasks.testing.worker.TestWorker.execute(TestWorker.java:103)
  at org.gradle.api.internal.tasks.testing.worker.TestWorker.execute(TestWorker.java:63)
  at org.gradle.process.internal.worker.child.ActionExecutionWorker.execute(ActionExecutionWorker.java:56)
  at org.gradle.process.internal.worker.child.SystemApplicationClassLoaderWorker.call(SystemApplicationClassLoaderWorker.java:122)
  at org.gradle.process.internal.worker.child.SystemApplicationClassLoaderWorker.call(SystemApplicationClassLoaderWorker.java:72)
  at worker.org.gradle.process.internal.worker.GradleWorkerMain.run(GradleWorkerMain.java:69)
  at worker.org.gradle.process.internal.worker.GradleWorkerMain.main(GradleWorkerMain.java:74)
</stacktrace>
</test-failure>


TypeScriptCompilerTests_I[jvm] > illegalSuperCallsInConstructor_ts has expected errors matching illegalSuperCallsInConstructor_errors_txt[jvm] FAILED

<test-failure test="com.xemantic.typescript.compiler.TypeScriptCompilerTests_I.implicitAnyDeclareTypePropertyWithoutType_ts has expected errors matching implicitAnyDeclareTypePropertyWithoutType_errors_txt" platform="jvm">
<message>
--- expected
+++ actual
@@ -1,28 +1,16 @@
-implicitAnyDeclareTypePropertyWithoutType.ts(6,10): error TS7008: Member 'y' implicitly has an 'any' type.
-implicitAnyDeclareTypePropertyWithoutType.ts(6,13): error TS7008: Member 'z' implicitly has an 'any' type.
-implicitAnyDeclareTypePropertyWithoutType.ts(7,18): error TS7008: Member 'z1' implicitly has an 'any' type.
-implicitAnyDeclareTypePropertyWithoutType.ts(8,12): error TS7013: Construct signature, which lacks return-type annotation, implicitly has an 'any' return type.
 implicitAnyDeclareTypePropertyWithoutType.ts(9,10): error TS7006: Parameter 'y2' implicitly has an 'any' type.
 implicitAnyDeclareTypePropertyWithoutType.ts(10,22): error TS7006: Parameter 'y3' implicitly has an 'any' type.
 
 
-==== implicitAnyDeclareTypePropertyWithoutType.ts (6 errors) ====
+==== implicitAnyDeclareTypePropertyWithoutType.ts (2 errors) ====
     class C {
         constructor() { }
     }
     
     // this should be an error
     var x: { y; z; }             // error at "y,z"
-             ~
-!!! error TS7008: Member 'y' implicitly has an 'any' type.
-                ~
-!!! error TS7008: Member 'z' implicitly has an 'any' type.
     var x1: { y1: C; z1; };      // error at "z1" 
-                     ~~
-!!! error TS7008: Member 'z1' implicitly has an 'any' type.
     var x11: { new (); };        // error at "new"
-               ~~~~~~~
-!!! error TS7013: Construct signature, which lacks return-type annotation, implicitly has an 'any' return type.
     var x2: (y2) => number;      // error at "y2"
              ~~
 !!! error TS7006: Parameter 'y2' implicitly has an 'any' type.

</message>
<stacktrace>
  at org.junit.Assert.fail(Assert.java:89)
  at kotlin.test.junit.JUnitAsserter.fail(JUnitSupport.kt:56)
  at kotlin.test.AssertionsKt__AssertionsKt.fail(Assertions.kt:563)
  at kotlin.test.AssertionsKt.fail(Unknown Source)
  at com.xemantic.kotlin.test.SameAsKt.sameAs(SameAs.kt:52)
  at com.xemantic.typescript.compiler.TypeScriptTestSupportKt.errorsMatchBaseline(TypeScriptTestSupport.kt:135)
  at com.xemantic.typescript.compiler.TypeScriptCompilerTests_I.implicitAnyDeclareTypePropertyWithoutType_ts has expected errors matching implicitAnyDeclareTypePropertyWithoutType_errors_txt(TypeScriptCompilerTests_I.kt:392)
  at java.base/jdk.internal.reflect.DirectMethodHandleAccessor.invoke(DirectMethodHandleAccessor.java:104)
  at java.base/java.lang.reflect.Method.invoke(Method.java:565)
  at org.junit.runners.model.FrameworkMethod$1.runReflectiveCall(FrameworkMethod.java:59)
  at org.junit.internal.runners.model.ReflectiveCallable.run(ReflectiveCallable.java:12)
  at org.junit.runners.model.FrameworkMethod.invokeExplosively(FrameworkMethod.java:56)
  at org.junit.internal.runners.statements.InvokeMethod.evaluate(InvokeMethod.java:17)
  at org.junit.runners.ParentRunner$3.evaluate(ParentRunner.java:306)
  at org.junit.runners.BlockJUnit4ClassRunner$1.evaluate(BlockJUnit4ClassRunner.java:100)
  at org.junit.runners.ParentRunner.runLeaf(ParentRunner.java:366)
  at org.junit.runners.BlockJUnit4ClassRunner.runChild(BlockJUnit4ClassRunner.java:103)
  at org.junit.runners.BlockJUnit4ClassRunner.runChild(BlockJUnit4ClassRunner.java:63)
  at org.junit.runners.ParentRunner$4.run(ParentRunner.java:331)
  at org.junit.runners.ParentRunner$1.schedule(ParentRunner.java:79)
  at org.junit.runners.ParentRunner.runChildren(ParentRunner.java:329)
  at org.junit.runners.ParentRunner.access$100(ParentRunner.java:66)
  at org.junit.runners.ParentRunner$2.evaluate(ParentRunner.java:293)
  at org.junit.runners.ParentRunner$3.evaluate(ParentRunner.java:306)
  at org.junit.runners.ParentRunner.run(ParentRunner.java:413)
  at org.junit.runner.JUnitCore.run(JUnitCore.java:137)
  at org.junit.runner.JUnitCore.run(JUnitCore.java:115)
  at org.gradle.api.internal.tasks.testing.junit.JUnitTestExecutor.runRequest(JUnitTestExecutor.java:175)
  at org.gradle.api.internal.tasks.testing.junit.JUnitTestExecutor.accept(JUnitTestExecutor.java:84)
  at org.gradle.api.internal.tasks.testing.junit.JUnitTestExecutor.accept(JUnitTestExecutor.java:47)
  at org.gradle.api.internal.tasks.testing.junit.AbstractJUnitTestDefinitionProcessor.processTestDefinition(AbstractJUnitTestDefinitionProcessor.java:65)
  at org.gradle.api.internal.tasks.testing.SuiteTestDefinitionProcessor.processTestDefinition(SuiteTestDefinitionProcessor.java:54)
  at java.base/jdk.internal.reflect.DirectMethodHandleAccessor.invoke(DirectMethodHandleAccessor.java:104)
  at java.base/java.lang.reflect.Method.invoke(Method.java:565)
  at org.gradle.internal.dispatch.MethodInvocation.invokeOn(MethodInvocation.java:77)
  at org.gradle.internal.dispatch.ReflectionDispatch.dispatch(ReflectionDispatch.java:28)
  at org.gradle.internal.dispatch.ReflectionDispatch.dispatch(ReflectionDispatch.java:19)
  at org.gradle.internal.dispatch.ContextClassLoaderDispatch.dispatch(ContextClassLoaderDispatch.java:33)
  at org.gradle.internal.dispatch.ProxyDispatchAdapter$DispatchingInvocationHandler.invoke(ProxyDispatchAdapter.java:88)
  at jdk.proxy1/jdk.proxy1.$Proxy4.processTestDefinition(Unknown Source)
  at org.gradle.api.internal.tasks.testing.worker.TestWorker$2.run(TestWorker.java:178)
  at org.gradle.api.internal.tasks.testing.worker.TestWorker.executeAndMaintainThreadName(TestWorker.java:126)
  at org.gradle.api.internal.tasks.testing.worker.TestWorker.execute(TestWorker.java:103)
  at org.gradle.api.internal.tasks.testing.worker.TestWorker.execute(TestWorker.java:63)
  at org.gradle.process.internal.worker.child.ActionExecutionWorker.execute(ActionExecutionWorker.java:56)
  at org.gradle.process.internal.worker.child.SystemApplicationClassLoaderWorker.call(SystemApplicationClassLoaderWorker.java:122)
  at org.gradle.process.internal.worker.child.SystemApplicationClassLoaderWorker.call(SystemApplicationClassLoaderWorker.java:72)
  at worker.org.gradle.process.internal.worker.GradleWorkerMain.run(GradleWorkerMain.java:69)
  at worker.org.gradle.process.internal.worker.GradleWorkerMain.main(GradleWorkerMain.java:74)
</stacktrace>
</test-failure>


TypeScriptCompilerTests_I[jvm] > implicitAnyDeclareTypePropertyWithoutType_ts has expected errors matching implicitAnyDeclareTypePropertyWithoutType_errors_txt[jvm] FAILED

<test-failure test="com.xemantic.typescript.compiler.TypeScriptCompilerTests_I.isolatedModulesGlobalNamespacesAndEnums_ts compiles to JavaScript matching isolatedModulesGlobalNamespacesAndEnums_js" platform="jvm">
<message>
--- expected
+++ actual
@@ -60,8 +60,8 @@
 "use strict";
 var Enum;
 (function (Enum) {
-    Enum["D"] = "d";
-    Enum[Enum["E"] = 0] = "E";
-    Enum[Enum["Y"] = 1000000] = "Y";
+    Enum[Enum["D"] = d] = "D";
+    Enum[Enum["E"] = A] = "E";
+    Enum[Enum["Y"] = X] = "Y";
     Enum[Enum["Z"] = 0] = "Z";
 })(Enum || (Enum = {}));

</message>
<stacktrace>
  at org.junit.Assert.fail(Assert.java:89)
  at kotlin.test.junit.JUnitAsserter.fail(JUnitSupport.kt:56)
  at kotlin.test.AssertionsKt__AssertionsKt.fail(Assertions.kt:563)
  at kotlin.test.AssertionsKt.fail(Unknown Source)
  at com.xemantic.kotlin.test.SameAsKt.sameAs(SameAs.kt:52)
  at com.xemantic.typescript.compiler.TypeScriptTestSupportKt.sameAs(TypeScriptTestSupport.kt:99)
  at com.xemantic.typescript.compiler.TypeScriptCompilerTests_I.isolatedModulesGlobalNamespacesAndEnums_ts compiles to JavaScript matching isolatedModulesGlobalNamespacesAndEnums_js(TypeScriptCompilerTests_I.kt:6832)
  at java.base/jdk.internal.reflect.DirectMethodHandleAccessor.invoke(DirectMethodHandleAccessor.java:104)
  at java.base/java.lang.reflect.Method.invoke(Method.java:565)
  at org.junit.runners.model.FrameworkMethod$1.runReflectiveCall(FrameworkMethod.java:59)
  at org.junit.internal.runners.model.ReflectiveCallable.run(ReflectiveCallable.java:12)
  at org.junit.runners.model.FrameworkMethod.invokeExplosively(FrameworkMethod.java:56)
  at org.junit.internal.runners.statements.InvokeMethod.evaluate(InvokeMethod.java:17)
  at org.junit.runners.ParentRunner$3.evaluate(ParentRunner.java:306)
  at org.junit.runners.BlockJUnit4ClassRunner$1.evaluate(BlockJUnit4ClassRunner.java:100)
  at org.junit.runners.ParentRunner.runLeaf(ParentRunner.java:366)
  at org.junit.runners.BlockJUnit4ClassRunner.runChild(BlockJUnit4ClassRunner.java:103)
  at org.junit.runners.BlockJUnit4ClassRunner.runChild(BlockJUnit4ClassRunner.java:63)
  at org.junit.runners.ParentRunner$4.run(ParentRunner.java:331)
  at org.junit.runners.ParentRunner$1.schedule(ParentRunner.java:79)
  at org.junit.runners.ParentRunner.runChildren(ParentRunner.java:329)
  at org.junit.runners.ParentRunner.access$100(ParentRunner.java:66)
  at org.junit.runners.ParentRunner$2.evaluate(ParentRunner.java:293)
  at org.junit.runners.ParentRunner$3.evaluate(ParentRunner.java:306)
  at org.junit.runners.ParentRunner.run(ParentRunner.java:413)
  at org.junit.runner.JUnitCore.run(JUnitCore.java:137)
  at org.junit.runner.JUnitCore.run(JUnitCore.java:115)
  at org.gradle.api.internal.tasks.testing.junit.JUnitTestExecutor.runRequest(JUnitTestExecutor.java:175)
  at org.gradle.api.internal.tasks.testing.junit.JUnitTestExecutor.accept(JUnitTestExecutor.java:84)
  at org.gradle.api.internal.tasks.testing.junit.JUnitTestExecutor.accept(JUnitTestExecutor.java:47)
  at org.gradle.api.internal.tasks.testing.junit.AbstractJUnitTestDefinitionProcessor.processTestDefinition(AbstractJUnitTestDefinitionProcessor.java:65)
  at org.gradle.api.internal.tasks.testing.SuiteTestDefinitionProcessor.processTestDefinition(SuiteTestDefinitionProcessor.java:54)
  at java.base/jdk.internal.reflect.DirectMethodHandleAccessor.invoke(DirectMethodHandleAccessor.java:104)
  at java.base/java.lang.reflect.Method.invoke(Method.java:565)
  at org.gradle.internal.dispatch.MethodInvocation.invokeOn(MethodInvocation.java:77)
  at org.gradle.internal.dispatch.ReflectionDispatch.dispatch(ReflectionDispatch.java:28)
  at org.gradle.internal.dispatch.ReflectionDispatch.dispatch(ReflectionDispatch.java:19)
  at org.gradle.internal.dispatch.ContextClassLoaderDispatch.dispatch(ContextClassLoaderDispatch.java:33)
  at org.gradle.internal.dispatch.ProxyDispatchAdapter$DispatchingInvocationHandler.invoke(ProxyDispatchAdapter.java:88)
  at jdk.proxy1/jdk.proxy1.$Proxy4.processTestDefinition(Unknown Source)
  at org.gradle.api.internal.tasks.testing.worker.TestWorker$2.run(TestWorker.java:178)
  at org.gradle.api.internal.tasks.testing.worker.TestWorker.executeAndMaintainThreadName(TestWorker.java:126)
  at org.gradle.api.internal.tasks.testing.worker.TestWorker.execute(TestWorker.java:103)
  at org.gradle.api.internal.tasks.testing.worker.TestWorker.execute(TestWorker.java:63)
  at org.gradle.process.internal.worker.child.ActionExecutionWorker.execute(ActionExecutionWorker.java:56)
  at org.gradle.process.internal.worker.child.SystemApplicationClassLoaderWorker.call(SystemApplicationClassLoaderWorker.java:122)
  at org.gradle.process.internal.worker.child.SystemApplicationClassLoaderWorker.call(SystemApplicationClassLoaderWorker.java:72)
  at worker.org.gradle.process.internal.worker.GradleWorkerMain.run(GradleWorkerMain.java:69)
  at worker.org.gradle.process.internal.worker.GradleWorkerMain.main(GradleWorkerMain.java:74)
</stacktrace>
</test-failure>


TypeScriptCompilerTests_I[jvm] > isolatedModulesGlobalNamespacesAndEnums_ts compiles to JavaScript matching isolatedModulesGlobalNamespacesAndEnums_js[jvm] FAILED

<test-failure test="com.xemantic.typescript.compiler.TypeScriptCompilerTests_I.indexSignatureAndMappedType_ts has expected errors matching indexSignatureAndMappedType_errors_txt" platform="jvm">
<message>
Expected diagnostics from baseline typescript-repo/tests/baselines/reference/indexSignatureAndMappedType.errors.txt but none produced
</message>
<stacktrace>
  at com.xemantic.typescript.compiler.TypeScriptTestSupportKt.errorsMatchBaseline(TypeScriptTestSupport.kt:125)
  at com.xemantic.typescript.compiler.TypeScriptCompilerTests_I.indexSignatureAndMappedType_ts has expected errors matching indexSignatureAndMappedType_errors_txt(TypeScriptCompilerTests_I.kt:2604)
  at java.base/jdk.internal.reflect.DirectMethodHandleAccessor.invoke(DirectMethodHandleAccessor.java:104)
  at java.base/java.lang.reflect.Method.invoke(Method.java:565)
  at org.junit.runners.model.FrameworkMethod$1.runReflectiveCall(FrameworkMethod.java:59)
  at org.junit.internal.runners.model.ReflectiveCallable.run(ReflectiveCallable.java:12)
  at org.junit.runners.model.FrameworkMethod.invokeExplosively(FrameworkMethod.java:56)
  at org.junit.internal.runners.statements.InvokeMethod.evaluate(InvokeMethod.java:17)
  at org.junit.runners.ParentRunner$3.evaluate(ParentRunner.java:306)
  at org.junit.runners.BlockJUnit4ClassRunner$1.evaluate(BlockJUnit4ClassRunner.java:100)
  at org.junit.runners.ParentRunner.runLeaf(ParentRunner.java:366)
  at org.junit.runners.BlockJUnit4ClassRunner.runChild(BlockJUnit4ClassRunner.java:103)
  at org.junit.runners.BlockJUnit4ClassRunner.runChild(BlockJUnit4ClassRunner.java:63)
  at org.junit.runners.ParentRunner$4.run(ParentRunner.java:331)
  at org.junit.runners.ParentRunner$1.schedule(ParentRunner.java:79)
  at org.junit.runners.ParentRunner.runChildren(ParentRunner.java:329)
  at org.junit.runners.ParentRunner.access$100(ParentRunner.java:66)
  at org.junit.runners.ParentRunner$2.evaluate(ParentRunner.java:293)
  at org.junit.runners.ParentRunner$3.evaluate(ParentRunner.java:306)
  at org.junit.runners.ParentRunner.run(ParentRunner.java:413)
  at org.junit.runner.JUnitCore.run(JUnitCore.java:137)
  at org.junit.runner.JUnitCore.run(JUnitCore.java:115)
  at org.gradle.api.internal.tasks.testing.junit.JUnitTestExecutor.runRequest(JUnitTestExecutor.java:175)
  at org.gradle.api.internal.tasks.testing.junit.JUnitTestExecutor.accept(JUnitTestExecutor.java:84)
  at org.gradle.api.internal.tasks.testing.junit.JUnitTestExecutor.accept(JUnitTestExecutor.java:47)
  at org.gradle.api.internal.tasks.testing.junit.AbstractJUnitTestDefinitionProcessor.processTestDefinition(AbstractJUnitTestDefinitionProcessor.java:65)
  at org.gradle.api.internal.tasks.testing.SuiteTestDefinitionProcessor.processTestDefinition(SuiteTestDefinitionProcessor.java:54)
  at java.base/jdk.internal.reflect.DirectMethodHandleAccessor.invoke(DirectMethodHandleAccessor.java:104)
  at java.base/java.lang.reflect.Method.invoke(Method.java:565)
  at org.gradle.internal.dispatch.MethodInvocation.invokeOn(MethodInvocation.java:77)
  at org.gradle.internal.dispatch.ReflectionDispatch.dispatch(ReflectionDispatch.java:28)
  at org.gradle.internal.dispatch.ReflectionDispatch.dispatch(ReflectionDispatch.java:19)
  at org.gradle.internal.dispatch.ContextClassLoaderDispatch.dispatch(ContextClassLoaderDispatch.java:33)
  at org.gradle.internal.dispatch.ProxyDispatchAdapter$DispatchingInvocationHandler.invoke(ProxyDispatchAdapter.java:88)
  at jdk.proxy1/jdk.proxy1.$Proxy4.processTestDefinition(Unknown Source)
  at org.gradle.api.internal.tasks.testing.worker.TestWorker$2.run(TestWorker.java:178)
  at org.gradle.api.internal.tasks.testing.worker.TestWorker.executeAndMaintainThreadName(TestWorker.java:126)
  at org.gradle.api.internal.tasks.testing.worker.TestWorker.execute(TestWorker.java:103)
  at org.gradle.api.internal.tasks.testing.worker.TestWorker.execute(TestWorker.java:63)
  at org.gradle.process.internal.worker.child.ActionExecutionWorker.execute(ActionExecutionWorker.java:56)
  at org.gradle.process.internal.worker.child.SystemApplicationClassLoaderWorker.call(SystemApplicationClassLoaderWorker.java:122)
  at org.gradle.process.internal.worker.child.SystemApplicationClassLoaderWorker.call(SystemApplicationClassLoaderWorker.java:72)
  at worker.org.gradle.process.internal.worker.GradleWorkerMain.run(GradleWorkerMain.java:69)
  at worker.org.gradle.process.internal.worker.GradleWorkerMain.main(GradleWorkerMain.java:74)
</stacktrace>
</test-failure>


TypeScriptCompilerTests_I[jvm] > indexSignatureAndMappedType_ts has expected errors matching indexSignatureAndMappedType_errors_txt[jvm] FAILED

<test-failure test="com.xemantic.typescript.compiler.TypeScriptCompilerTests_I.invalidLetInForOfAndForIn_ES6_ts has expected errors matching invalidLetInForOfAndForIn_ES6_errors_txt" platform="jvm">
<message>
--- expected
+++ actual
@@ -1,28 +1,22 @@
-invalidLetInForOfAndForIn_ES6.ts(5,13): error TS1005: ',' expected.
-invalidLetInForOfAndForIn_ES6.ts(5,14): error TS1181: Array element destructuring pattern expected.
-invalidLetInForOfAndForIn_ES6.ts(5,14): error TS2695: Left side of comma operator is unused and has no side effects.
-invalidLetInForOfAndForIn_ES6.ts(5,14): error TS2695: Left side of comma operator is unused and has no side effects.
-invalidLetInForOfAndForIn_ES6.ts(5,19): error TS1005: ';' expected.
-invalidLetInForOfAndForIn_ES6.ts(5,20): error TS1128: Declaration or statement expected.
+invalidLetInForOfAndForIn_ES6.ts(4,5): error TS1212: Identifier expected. 'let' is a reserved word in strict mode.
+invalidLetInForOfAndForIn_ES6.ts(5,13): error TS1005: ';' expected.
+invalidLetInForOfAndForIn_ES6.ts(5,20): error TS1005: ';' expected.
+invalidLetInForOfAndForIn_ES6.ts(7,10): error TS1123: Variable declaration list cannot be empty.
 
 
-==== invalidLetInForOfAndForIn_ES6.ts (6 errors) ====
+==== invalidLetInForOfAndForIn_ES6.ts (4 errors) ====
     // This should be an error
     // More details: http://www.ecma-international.org/ecma-262/6.0/#sec-iteration-statements
     
     var let = 10;
+        ~~~
+!!! error TS1212: Identifier expected. 'let' is a reserved word in strict mode.
     for (let of [1,2,3]) {}
                 ~
-!!! error TS1005: ',' expected.
-                 ~
-!!! error TS1181: Array element destructuring pattern expected.
-                 ~
-!!! error TS2695: Left side of comma operator is unused and has no side effects.
-                 ~~~
-!!! error TS2695: Left side of comma operator is unused and has no side effects.
-                      ~
 !!! error TS1005: ';' expected.
                        ~
-!!! error TS1128: Declaration or statement expected.
+!!! error TS1005: ';' expected.
     
     for (let in [1,2,3]) {}
+             ~~
+!!! error TS1123: Variable declaration list cannot be empty.

</message>
<stacktrace>
  at org.junit.Assert.fail(Assert.java:89)
  at kotlin.test.junit.JUnitAsserter.fail(JUnitSupport.kt:56)
  at kotlin.test.AssertionsKt__AssertionsKt.fail(Assertions.kt:563)
  at kotlin.test.AssertionsKt.fail(Unknown Source)
  at com.xemantic.kotlin.test.SameAsKt.sameAs(SameAs.kt:52)
  at com.xemantic.typescript.compiler.TypeScriptTestSupportKt.errorsMatchBaseline(TypeScriptTestSupport.kt:135)
  at com.xemantic.typescript.compiler.TypeScriptCompilerTests_I.invalidLetInForOfAndForIn_ES6_ts has expected errors matching invalidLetInForOfAndForIn_ES6_errors_txt(TypeScriptCompilerTests_I.kt:6174)
  at java.base/jdk.internal.reflect.DirectMethodHandleAccessor.invoke(DirectMethodHandleAccessor.java:104)
  at java.base/java.lang.reflect.Method.invoke(Method.java:565)
  at org.junit.runners.model.FrameworkMethod$1.runReflectiveCall(FrameworkMethod.java:59)
  at org.junit.internal.runners.model.ReflectiveCallable.run(ReflectiveCallable.java:12)
  at org.junit.runners.model.FrameworkMethod.invokeExplosively(FrameworkMethod.java:56)
  at org.junit.internal.runners.statements.InvokeMethod.evaluate(InvokeMethod.java:17)
  at org.junit.runners.ParentRunner$3.evaluate(ParentRunner.java:306)
  at org.junit.runners.BlockJUnit4ClassRunner$1.evaluate(BlockJUnit4ClassRunner.java:100)
  at org.junit.runners.ParentRunner.runLeaf(ParentRunner.java:366)
  at org.junit.runners.BlockJUnit4ClassRunner.runChild(BlockJUnit4ClassRunner.java:103)
  at org.junit.runners.BlockJUnit4ClassRunner.runChild(BlockJUnit4ClassRunner.java:63)
  at org.junit.runners.ParentRunner$4.run(ParentRunner.java:331)
  at org.junit.runners.ParentRunner$1.schedule(ParentRunner.java:79)
  at org.junit.runners.ParentRunner.runChildren(ParentRunner.java:329)
  at org.junit.runners.ParentRunner.access$100(ParentRunner.java:66)
  at org.junit.runners.ParentRunner$2.evaluate(ParentRunner.java:293)
  at org.junit.runners.ParentRunner$3.evaluate(ParentRunner.java:306)
  at org.junit.runners.ParentRunner.run(ParentRunner.java:413)
  at org.junit.runner.JUnitCore.run(JUnitCore.java:137)
  at org.junit.runner.JUnitCore.run(JUnitCore.java:115)
  at org.gradle.api.internal.tasks.testing.junit.JUnitTestExecutor.runRequest(JUnitTestExecutor.java:175)
  at org.gradle.api.internal.tasks.testing.junit.JUnitTestExecutor.accept(JUnitTestExecutor.java:84)
  at org.gradle.api.internal.tasks.testing.junit.JUnitTestExecutor.accept(JUnitTestExecutor.java:47)
  at org.gradle.api.internal.tasks.testing.junit.AbstractJUnitTestDefinitionProcessor.processTestDefinition(AbstractJUnitTestDefinitionProcessor.java:65)
  at org.gradle.api.internal.tasks.testing.SuiteTestDefinitionProcessor.processTestDefinition(SuiteTestDefinitionProcessor.java:54)
  at java.base/jdk.internal.reflect.DirectMethodHandleAccessor.invoke(DirectMethodHandleAccessor.java:104)
  at java.base/java.lang.reflect.Method.invoke(Method.java:565)
  at org.gradle.internal.dispatch.MethodInvocation.invokeOn(MethodInvocation.java:77)
  at org.gradle.internal.dispatch.ReflectionDispatch.dispatch(ReflectionDispatch.java:28)
  at org.gradle.internal.dispatch.ReflectionDispatch.dispatch(ReflectionDispatch.java:19)
  at org.gradle.internal.dispatch.ContextClassLoaderDispatch.dispatch(ContextClassLoaderDispatch.java:33)
  at org.gradle.internal.dispatch.ProxyDispatchAdapter$DispatchingInvocationHandler.invoke(ProxyDispatchAdapter.java:88)
  at jdk.proxy1/jdk.proxy1.$Proxy4.processTestDefinition(Unknown Source)
  at org.gradle.api.internal.tasks.testing.worker.TestWorker$2.run(TestWorker.java:178)
  at org.gradle.api.internal.tasks.testing.worker.TestWorker.executeAndMaintainThreadName(TestWorker.java:126)
  at org.gradle.api.internal.tasks.testing.worker.TestWorker.execute(TestWorker.java:103)
  at org.gradle.api.internal.tasks.testing.worker.TestWorker.execute(TestWorker.java:63)
  at org.gradle.process.internal.worker.child.ActionExecutionWorker.execute(ActionExecutionWorker.java:56)
  at org.gradle.process.internal.worker.child.SystemApplicationClassLoaderWorker.call(SystemApplicationClassLoaderWorker.java:122)
  at org.gradle.process.internal.worker.child.SystemApplicationClassLoaderWorker.call(SystemApplicationClassLoaderWorker.java:72)
  at worker.org.gradle.process.internal.worker.GradleWorkerMain.run(GradleWorkerMain.java:69)
  at worker.org.gradle.process.internal.worker.GradleWorkerMain.main(GradleWorkerMain.java:74)
</stacktrace>
</test-failure>


TypeScriptCompilerTests_I[jvm] > invalidLetInForOfAndForIn_ES6_ts has expected errors matching invalidLetInForOfAndForIn_ES6_errors_txt[jvm] FAILED

<test-failure test="com.xemantic.typescript.compiler.TypeScriptCompilerTests_I.indexedAccessWithVariableElement_ts has expected errors matching indexedAccessWithVariableElement_errors_txt" platform="jvm">
<message>
Expected diagnostics from baseline typescript-repo/tests/baselines/reference/indexedAccessWithVariableElement.errors.txt but none produced
</message>
<stacktrace>
  at com.xemantic.typescript.compiler.TypeScriptTestSupportKt.errorsMatchBaseline(TypeScriptTestSupport.kt:125)
  at com.xemantic.typescript.compiler.TypeScriptCompilerTests_I.indexedAccessWithVariableElement_ts has expected errors matching indexedAccessWithVariableElement_errors_txt(TypeScriptCompilerTests_I.kt:2975)
  at java.base/jdk.internal.reflect.DirectMethodHandleAccessor.invoke(DirectMethodHandleAccessor.java:104)
  at java.base/java.lang.reflect.Method.invoke(Method.java:565)
  at org.junit.runners.model.FrameworkMethod$1.runReflectiveCall(FrameworkMethod.java:59)
  at org.junit.internal.runners.model.ReflectiveCallable.run(ReflectiveCallable.java:12)
  at org.junit.runners.model.FrameworkMethod.invokeExplosively(FrameworkMethod.java:56)
  at org.junit.internal.runners.statements.InvokeMethod.evaluate(InvokeMethod.java:17)
  at org.junit.runners.ParentRunner$3.evaluate(ParentRunner.java:306)
  at org.junit.runners.BlockJUnit4ClassRunner$1.evaluate(BlockJUnit4ClassRunner.java:100)
  at org.junit.runners.ParentRunner.runLeaf(ParentRunner.java:366)
  at org.junit.runners.BlockJUnit4ClassRunner.runChild(BlockJUnit4ClassRunner.java:103)
  at org.junit.runners.BlockJUnit4ClassRunner.runChild(BlockJUnit4ClassRunner.java:63)
  at org.junit.runners.ParentRunner$4.run(ParentRunner.java:331)
  at org.junit.runners.ParentRunner$1.schedule(ParentRunner.java:79)
  at org.junit.runners.ParentRunner.runChildren(ParentRunner.java:329)
  at org.junit.runners.ParentRunner.access$100(ParentRunner.java:66)
  at org.junit.runners.ParentRunner$2.evaluate(ParentRunner.java:293)
  at org.junit.runners.ParentRunner$3.evaluate(ParentRunner.java:306)
  at org.junit.runners.ParentRunner.run(ParentRunner.java:413)
  at org.junit.runner.JUnitCore.run(JUnitCore.java:137)
  at org.junit.runner.JUnitCore.run(JUnitCore.java:115)
  at org.gradle.api.internal.tasks.testing.junit.JUnitTestExecutor.runRequest(JUnitTestExecutor.java:175)
  at org.gradle.api.internal.tasks.testing.junit.JUnitTestExecutor.accept(JUnitTestExecutor.java:84)
  at org.gradle.api.internal.tasks.testing.junit.JUnitTestExecutor.accept(JUnitTestExecutor.java:47)
  at org.gradle.api.internal.tasks.testing.junit.AbstractJUnitTestDefinitionProcessor.processTestDefinition(AbstractJUnitTestDefinitionProcessor.java:65)
  at org.gradle.api.internal.tasks.testing.SuiteTestDefinitionProcessor.processTestDefinition(SuiteTestDefinitionProcessor.java:54)
  at java.base/jdk.internal.reflect.DirectMethodHandleAccessor.invoke(DirectMethodHandleAccessor.java:104)
  at java.base/java.lang.reflect.Method.invoke(Method.java:565)
  at org.gradle.internal.dispatch.MethodInvocation.invokeOn(MethodInvocation.java:77)
  at org.gradle.internal.dispatch.ReflectionDispatch.dispatch(ReflectionDispatch.java:28)
  at org.gradle.internal.dispatch.ReflectionDispatch.dispatch(ReflectionDispatch.java:19)
  at org.gradle.internal.dispatch.ContextClassLoaderDispatch.dispatch(ContextClassLoaderDispatch.java:33)
  at org.gradle.internal.dispatch.ProxyDispatchAdapter$DispatchingInvocationHandler.invoke(ProxyDispatchAdapter.java:88)
  at jdk.proxy1/jdk.proxy1.$Proxy4.processTestDefinition(Unknown Source)
  at org.gradle.api.internal.tasks.testing.worker.TestWorker$2.run(TestWorker.java:178)
  at org.gradle.api.internal.tasks.testing.worker.TestWorker.executeAndMaintainThreadName(TestWorker.java:126)
  at org.gradle.api.internal.tasks.testing.worker.TestWorker.execute(TestWorker.java:103)
  at org.gradle.api.internal.tasks.testing.worker.TestWorker.execute(TestWorker.java:63)
  at org.gradle.process.internal.worker.child.ActionExecutionWorker.execute(ActionExecutionWorker.java:56)
  at org.gradle.process.internal.worker.child.SystemApplicationClassLoaderWorker.call(SystemApplicationClassLoaderWorker.java:122)
  at org.gradle.process.internal.worker.child.SystemApplicationClassLoaderWorker.call(SystemApplicationClassLoaderWorker.java:72)
  at worker.org.gradle.process.internal.worker.GradleWorkerMain.run(GradleWorkerMain.java:69)
  at worker.org.gradle.process.internal.worker.GradleWorkerMain.main(GradleWorkerMain.java:74)
</stacktrace>
</test-failure>


TypeScriptCompilerTests_I[jvm] > indexedAccessWithVariableElement_ts has expected errors matching indexedAccessWithVariableElement_errors_txt[jvm] FAILED

<test-failure test="com.xemantic.typescript.compiler.TypeScriptCompilerTests_I.internalAliasClassInsideLocalModuleWithoutExportAccessError_ts has expected errors matching internalAliasClassInsideLocalModuleWithoutExportAccessError_errors_txt" platform="jvm">
<message>
Expected diagnostics from baseline typescript-repo/tests/baselines/reference/internalAliasClassInsideLocalModuleWithoutExportAccessError.errors.txt but none produced
</message>
<stacktrace>
  at com.xemantic.typescript.compiler.TypeScriptTestSupportKt.errorsMatchBaseline(TypeScriptTestSupport.kt:125)
  at com.xemantic.typescript.compiler.TypeScriptCompilerTests_I.internalAliasClassInsideLocalModuleWithoutExportAccessError_ts has expected errors matching internalAliasClassInsideLocalModuleWithoutExportAccessError_errors_txt(TypeScriptCompilerTests_I.kt:5474)
  at java.base/jdk.internal.reflect.DirectMethodHandleAccessor.invoke(DirectMethodHandleAccessor.java:104)
  at java.base/java.lang.reflect.Method.invoke(Method.java:565)
  at org.junit.runners.model.FrameworkMethod$1.runReflectiveCall(FrameworkMethod.java:59)
  at org.junit.internal.runners.model.ReflectiveCallable.run(ReflectiveCallable.java:12)
  at org.junit.runners.model.FrameworkMethod.invokeExplosively(FrameworkMethod.java:56)
  at org.junit.internal.runners.statements.InvokeMethod.evaluate(InvokeMethod.java:17)
  at org.junit.runners.ParentRunner$3.evaluate(ParentRunner.java:306)
  at org.junit.runners.BlockJUnit4ClassRunner$1.evaluate(BlockJUnit4ClassRunner.java:100)
  at org.junit.runners.ParentRunner.runLeaf(ParentRunner.java:366)
  at org.junit.runners.BlockJUnit4ClassRunner.runChild(BlockJUnit4ClassRunner.java:103)
  at org.junit.runners.BlockJUnit4ClassRunner.runChild(BlockJUnit4ClassRunner.java:63)
  at org.junit.runners.ParentRunner$4.run(ParentRunner.java:331)
  at org.junit.runners.ParentRunner$1.schedule(ParentRunner.java:79)
  at org.junit.runners.ParentRunner.runChildren(ParentRunner.java:329)
  at org.junit.runners.ParentRunner.access$100(ParentRunner.java:66)
  at org.junit.runners.ParentRunner$2.evaluate(ParentRunner.java:293)
  at org.junit.runners.ParentRunner$3.evaluate(ParentRunner.java:306)
  at org.junit.runners.ParentRunner.run(ParentRunner.java:413)
  at org.junit.runner.JUnitCore.run(JUnitCore.java:137)
  at org.junit.runner.JUnitCore.run(JUnitCore.java:115)
  at org.gradle.api.internal.tasks.testing.junit.JUnitTestExecutor.runRequest(JUnitTestExecutor.java:175)
  at org.gradle.api.internal.tasks.testing.junit.JUnitTestExecutor.accept(JUnitTestExecutor.java:84)
  at org.gradle.api.internal.tasks.testing.junit.JUnitTestExecutor.accept(JUnitTestExecutor.java:47)
  at org.gradle.api.internal.tasks.testing.junit.AbstractJUnitTestDefinitionProcessor.processTestDefinition(AbstractJUnitTestDefinitionProcessor.java:65)
  at org.gradle.api.internal.tasks.testing.SuiteTestDefinitionProcessor.processTestDefinition(SuiteTestDefinitionProcessor.java:54)
  at java.base/jdk.internal.reflect.DirectMethodHandleAccessor.invoke(DirectMethodHandleAccessor.java:104)
  at java.base/java.lang.reflect.Method.invoke(Method.java:565)
  at org.gradle.internal.dispatch.MethodInvocation.invokeOn(MethodInvocation.java:77)
  at org.gradle.internal.dispatch.ReflectionDispatch.dispatch(ReflectionDispatch.java:28)
  at org.gradle.internal.dispatch.ReflectionDispatch.dispatch(ReflectionDispatch.java:19)
  at org.gradle.internal.dispatch.ContextClassLoaderDispatch.dispatch(ContextClassLoaderDispatch.java:33)
  at org.gradle.internal.dispatch.ProxyDispatchAdapter$DispatchingInvocationHandler.invoke(ProxyDispatchAdapter.java:88)
  at jdk.proxy1/jdk.proxy1.$Proxy4.processTestDefinition(Unknown Source)
  at org.gradle.api.internal.tasks.testing.worker.TestWorker$2.run(TestWorker.java:178)
  at org.gradle.api.internal.tasks.testing.worker.TestWorker.executeAndMaintainThreadName(TestWorker.java:126)
  at org.gradle.api.internal.tasks.testing.worker.TestWorker.execute(TestWorker.java:103)
  at org.gradle.api.internal.tasks.testing.worker.TestWorker.execute(TestWorker.java:63)
  at org.gradle.process.internal.worker.child.ActionExecutionWorker.execute(ActionExecutionWorker.java:56)
  at org.gradle.process.internal.worker.child.SystemApplicationClassLoaderWorker.call(SystemApplicationClassLoaderWorker.java:122)
  at org.gradle.process.internal.worker.child.SystemApplicationClassLoaderWorker.call(SystemApplicationClassLoaderWorker.java:72)
  at worker.org.gradle.process.internal.worker.GradleWorkerMain.run(GradleWorkerMain.java:69)
  at worker.org.gradle.process.internal.worker.GradleWorkerMain.main(GradleWorkerMain.java:74)
</stacktrace>
</test-failure>


TypeScriptCompilerTests_I[jvm] > internalAliasClassInsideLocalModuleWithoutExportAccessError_ts has expected errors matching internalAliasClassInsideLocalModuleWithoutExportAccessError_errors_txt[jvm] FAILED

<test-failure test="com.xemantic.typescript.compiler.TypeScriptCompilerTests_I.isolatedModulesExportDeclarationType_ts has expected errors matching isolatedModulesExportDeclarationType_errors_txt" platform="jvm">
<message>
Expected diagnostics from baseline typescript-repo/tests/baselines/reference/isolatedModulesExportDeclarationType.errors.txt but none produced
</message>
<stacktrace>
  at com.xemantic.typescript.compiler.TypeScriptTestSupportKt.errorsMatchBaseline(TypeScriptTestSupport.kt:125)
  at com.xemantic.typescript.compiler.TypeScriptCompilerTests_I.isolatedModulesExportDeclarationType_ts has expected errors matching isolatedModulesExportDeclarationType_errors_txt(TypeScriptCompilerTests_I.kt:6804)
  at java.base/jdk.internal.reflect.DirectMethodHandleAccessor.invoke(DirectMethodHandleAccessor.java:104)
  at java.base/java.lang.reflect.Method.invoke(Method.java:565)
  at org.junit.runners.model.FrameworkMethod$1.runReflectiveCall(FrameworkMethod.java:59)
  at org.junit.internal.runners.model.ReflectiveCallable.run(ReflectiveCallable.java:12)
  at org.junit.runners.model.FrameworkMethod.invokeExplosively(FrameworkMethod.java:56)
  at org.junit.internal.runners.statements.InvokeMethod.evaluate(InvokeMethod.java:17)
  at org.junit.runners.ParentRunner$3.evaluate(ParentRunner.java:306)
  at org.junit.runners.BlockJUnit4ClassRunner$1.evaluate(BlockJUnit4ClassRunner.java:100)
  at org.junit.runners.ParentRunner.runLeaf(ParentRunner.java:366)
  at org.junit.runners.BlockJUnit4ClassRunner.runChild(BlockJUnit4ClassRunner.java:103)
  at org.junit.runners.BlockJUnit4ClassRunner.runChild(BlockJUnit4ClassRunner.java:63)
  at org.junit.runners.ParentRunner$4.run(ParentRunner.java:331)
  at org.junit.runners.ParentRunner$1.schedule(ParentRunner.java:79)
  at org.junit.runners.ParentRunner.runChildren(ParentRunner.java:329)
  at org.junit.runners.ParentRunner.access$100(ParentRunner.java:66)
  at org.junit.runners.ParentRunner$2.evaluate(ParentRunner.java:293)
  at org.junit.runners.ParentRunner$3.evaluate(ParentRunner.java:306)
  at org.junit.runners.ParentRunner.run(ParentRunner.java:413)
  at org.junit.runner.JUnitCore.run(JUnitCore.java:137)
  at org.junit.runner.JUnitCore.run(JUnitCore.java:115)
  at org.gradle.api.internal.tasks.testing.junit.JUnitTestExecutor.runRequest(JUnitTestExecutor.java:175)
  at org.gradle.api.internal.tasks.testing.junit.JUnitTestExecutor.accept(JUnitTestExecutor.java:84)
  at org.gradle.api.internal.tasks.testing.junit.JUnitTestExecutor.accept(JUnitTestExecutor.java:47)
  at org.gradle.api.internal.tasks.testing.junit.AbstractJUnitTestDefinitionProcessor.processTestDefinition(AbstractJUnitTestDefinitionProcessor.java:65)
  at org.gradle.api.internal.tasks.testing.SuiteTestDefinitionProcessor.processTestDefinition(SuiteTestDefinitionProcessor.java:54)
  at java.base/jdk.internal.reflect.DirectMethodHandleAccessor.invoke(DirectMethodHandleAccessor.java:104)
  at java.base/java.lang.reflect.Method.invoke(Method.java:565)
  at org.gradle.internal.dispatch.MethodInvocation.invokeOn(MethodInvocation.java:77)
  at org.gradle.internal.dispatch.ReflectionDispatch.dispatch(ReflectionDispatch.java:28)
  at org.gradle.internal.dispatch.ReflectionDispatch.dispatch(ReflectionDispatch.java:19)
  at org.gradle.internal.dispatch.ContextClassLoaderDispatch.dispatch(ContextClassLoaderDispatch.java:33)
  at org.gradle.internal.dispatch.ProxyDispatchAdapter$DispatchingInvocationHandler.invoke(ProxyDispatchAdapter.java:88)
  at jdk.proxy1/jdk.proxy1.$Proxy4.processTestDefinition(Unknown Source)
  at org.gradle.api.internal.tasks.testing.worker.TestWorker$2.run(TestWorker.java:178)
  at org.gradle.api.internal.tasks.testing.worker.TestWorker.executeAndMaintainThreadName(TestWorker.java:126)
  at org.gradle.api.internal.tasks.testing.worker.TestWorker.execute(TestWorker.java:103)
  at org.gradle.api.internal.tasks.testing.worker.TestWorker.execute(TestWorker.java:63)
  at org.gradle.process.internal.worker.child.ActionExecutionWorker.execute(ActionExecutionWorker.java:56)
  at org.gradle.process.internal.worker.child.SystemApplicationClassLoaderWorker.call(SystemApplicationClassLoaderWorker.java:122)
  at org.gradle.process.internal.worker.child.SystemApplicationClassLoaderWorker.call(SystemApplicationClassLoaderWorker.java:72)
  at worker.org.gradle.process.internal.worker.GradleWorkerMain.run(GradleWorkerMain.java:69)
  at worker.org.gradle.process.internal.worker.GradleWorkerMain.main(GradleWorkerMain.java:74)
</stacktrace>
</test-failure>


TypeScriptCompilerTests_I[jvm] > isolatedModulesExportDeclarationType_ts has expected errors matching isolatedModulesExportDeclarationType_errors_txt[jvm] FAILED

<test-failure test="com.xemantic.typescript.compiler.TypeScriptCompilerTests_I.inheritanceGrandParentPublicMemberCollisionWithPrivateMember_ts has expected errors matching inheritanceGrandParentPublicMemberCollisionWithPrivateMember_errors_txt" platform="jvm">
<message>
Expected diagnostics from baseline typescript-repo/tests/baselines/reference/inheritanceGrandParentPublicMemberCollisionWithPrivateMember.errors.txt but none produced
</message>
<stacktrace>
  at com.xemantic.typescript.compiler.TypeScriptTestSupportKt.errorsMatchBaseline(TypeScriptTestSupport.kt:125)
  at com.xemantic.typescript.compiler.TypeScriptCompilerTests_I.inheritanceGrandParentPublicMemberCollisionWithPrivateMember_ts has expected errors matching inheritanceGrandParentPublicMemberCollisionWithPrivateMember_errors_txt(TypeScriptCompilerTests_I.kt:3983)
  at java.base/jdk.internal.reflect.DirectMethodHandleAccessor.invoke(DirectMethodHandleAccessor.java:104)
  at java.base/java.lang.reflect.Method.invoke(Method.java:565)
  at org.junit.runners.model.FrameworkMethod$1.runReflectiveCall(FrameworkMethod.java:59)
  at org.junit.internal.runners.model.ReflectiveCallable.run(ReflectiveCallable.java:12)
  at org.junit.runners.model.FrameworkMethod.invokeExplosively(FrameworkMethod.java:56)
  at org.junit.internal.runners.statements.InvokeMethod.evaluate(InvokeMethod.java:17)
  at org.junit.runners.ParentRunner$3.evaluate(ParentRunner.java:306)
  at org.junit.runners.BlockJUnit4ClassRunner$1.evaluate(BlockJUnit4ClassRunner.java:100)
  at org.junit.runners.ParentRunner.runLeaf(ParentRunner.java:366)
  at org.junit.runners.BlockJUnit4ClassRunner.runChild(BlockJUnit4ClassRunner.java:103)
  at org.junit.runners.BlockJUnit4ClassRunner.runChild(BlockJUnit4ClassRunner.java:63)
  at org.junit.runners.ParentRunner$4.run(ParentRunner.java:331)
  at org.junit.runners.ParentRunner$1.schedule(ParentRunner.java:79)
  at org.junit.runners.ParentRunner.runChildren(ParentRunner.java:329)
  at org.junit.runners.ParentRunner.access$100(ParentRunner.java:66)
  at org.junit.runners.ParentRunner$2.evaluate(ParentRunner.java:293)
  at org.junit.runners.ParentRunner$3.evaluate(ParentRunner.java:306)
  at org.junit.runners.ParentRunner.run(ParentRunner.java:413)
  at org.junit.runner.JUnitCore.run(JUnitCore.java:137)
  at org.junit.runner.JUnitCore.run(JUnitCore.java:115)
  at org.gradle.api.internal.tasks.testing.junit.JUnitTestExecutor.runRequest(JUnitTestExecutor.java:175)
  at org.gradle.api.internal.tasks.testing.junit.JUnitTestExecutor.accept(JUnitTestExecutor.java:84)
  at org.gradle.api.internal.tasks.testing.junit.JUnitTestExecutor.accept(JUnitTestExecutor.java:47)
  at org.gradle.api.internal.tasks.testing.junit.AbstractJUnitTestDefinitionProcessor.processTestDefinition(AbstractJUnitTestDefinitionProcessor.java:65)
  at org.gradle.api.internal.tasks.testing.SuiteTestDefinitionProcessor.processTestDefinition(SuiteTestDefinitionProcessor.java:54)
  at java.base/jdk.internal.reflect.DirectMethodHandleAccessor.invoke(DirectMethodHandleAccessor.java:104)
  at java.base/java.lang.reflect.Method.invoke(Method.java:565)
  at org.gradle.internal.dispatch.MethodInvocation.invokeOn(MethodInvocation.java:77)
  at org.gradle.internal.dispatch.ReflectionDispatch.dispatch(ReflectionDispatch.java:28)
  at org.gradle.internal.dispatch.ReflectionDispatch.dispatch(ReflectionDispatch.java:19)
  at org.gradle.internal.dispatch.ContextClassLoaderDispatch.dispatch(ContextClassLoaderDispatch.java:33)
  at org.gradle.internal.dispatch.ProxyDispatchAdapter$DispatchingInvocationHandler.invoke(ProxyDispatchAdapter.java:88)
  at jdk.proxy1/jdk.proxy1.$Proxy4.processTestDefinition(Unknown Source)
  at org.gradle.api.internal.tasks.testing.worker.TestWorker$2.run(TestWorker.java:178)
  at org.gradle.api.internal.tasks.testing.worker.TestWorker.executeAndMaintainThreadName(TestWorker.java:126)
  at org.gradle.api.internal.tasks.testing.worker.TestWorker.execute(TestWorker.java:103)
  at org.gradle.api.internal.tasks.testing.worker.TestWorker.execute(TestWorker.java:63)
  at org.gradle.process.internal.worker.child.ActionExecutionWorker.execute(ActionExecutionWorker.java:56)
  at org.gradle.process.internal.worker.child.SystemApplicationClassLoaderWorker.call(SystemApplicationClassLoaderWorker.java:122)
  at org.gradle.process.internal.worker.child.SystemApplicationClassLoaderWorker.call(SystemApplicationClassLoaderWorker.java:72)
  at worker.org.gradle.process.internal.worker.GradleWorkerMain.run(GradleWorkerMain.java:69)
  at worker.org.gradle.process.internal.worker.GradleWorkerMain.main(GradleWorkerMain.java:74)
</stacktrace>
</test-failure>


TypeScriptCompilerTests_I[jvm] > inheritanceGrandParentPublicMemberCollisionWithPrivateMember_ts has expected errors matching inheritanceGrandParentPublicMemberCollisionWithPrivateMember_errors_txt[jvm] FAILED

<test-failure test="com.xemantic.typescript.compiler.TypeScriptCompilerTests_I.indexSignatureWithTrailingComma_ts has expected errors matching indexSignatureWithTrailingComma_errors_txt" platform="jvm">
<message>
--- expected
+++ actual
@@ -1,23 +1,23 @@
-indexSignatureWithTrailingComma.ts(2,17): error TS1025: An index signature cannot have a trailing comma.
-indexSignatureWithTrailingComma.ts(6,17): error TS1025: An index signature cannot have a trailing comma.
-indexSignatureWithTrailingComma.ts(10,17): error TS1025: An index signature cannot have a trailing comma.
+indexSignatureWithTrailingComma.ts(10,5): error TS1021: An index signature must have a type annotation.
+indexSignatureWithTrailingComma.ts(10,17): error TS1005: ']' expected.
+indexSignatureWithTrailingComma.ts(10,18): error TS2564: Property ']' has no initializer and is not definitely assigned in the constructor.
 
 
 ==== indexSignatureWithTrailingComma.ts (3 errors) ====
     type A = {
         [key: string,]: string;
-                    ~
-!!! error TS1025: An index signature cannot have a trailing comma.
     };
     
     interface B {
         [key: string,]: string;
-                    ~
-!!! error TS1025: An index signature cannot have a trailing comma.
     }
     
     class C {
         [key: string,]: null;
+        ~~~~~~~~~~~~
+!!! error TS1021: An index signature must have a type annotation.
                     ~
-!!! error TS1025: An index signature cannot have a trailing comma.
+!!! error TS1005: ']' expected.
+                     ~
+!!! error TS2564: Property ']' has no initializer and is not definitely assigned in the constructor.
     }

</message>
<stacktrace>
  at org.junit.Assert.fail(Assert.java:89)
  at kotlin.test.junit.JUnitAsserter.fail(JUnitSupport.kt:56)
  at kotlin.test.AssertionsKt__AssertionsKt.fail(Assertions.kt:563)
  at kotlin.test.AssertionsKt.fail(Unknown Source)
  at com.xemantic.kotlin.test.SameAsKt.sameAs(SameAs.kt:52)
  at com.xemantic.typescript.compiler.TypeScriptTestSupportKt.errorsMatchBaseline(TypeScriptTestSupport.kt:135)
  at com.xemantic.typescript.compiler.TypeScriptCompilerTests_I.indexSignatureWithTrailingComma_ts has expected errors matching indexSignatureWithTrailingComma_errors_txt(TypeScriptCompilerTests_I.kt:2744)
  at java.base/jdk.internal.reflect.DirectMethodHandleAccessor.invoke(DirectMethodHandleAccessor.java:104)
  at java.base/java.lang.reflect.Method.invoke(Method.java:565)
  at org.junit.runners.model.FrameworkMethod$1.runReflectiveCall(FrameworkMethod.java:59)
  at org.junit.internal.runners.model.ReflectiveCallable.run(ReflectiveCallable.java:12)
  at org.junit.runners.model.FrameworkMethod.invokeExplosively(FrameworkMethod.java:56)
  at org.junit.internal.runners.statements.InvokeMethod.evaluate(InvokeMethod.java:17)
  at org.junit.runners.ParentRunner$3.evaluate(ParentRunner.java:306)
  at org.junit.runners.BlockJUnit4ClassRunner$1.evaluate(BlockJUnit4ClassRunner.java:100)
  at org.junit.runners.ParentRunner.runLeaf(ParentRunner.java:366)
  at org.junit.runners.BlockJUnit4ClassRunner.runChild(BlockJUnit4ClassRunner.java:103)
  at org.junit.runners.BlockJUnit4ClassRunner.runChild(BlockJUnit4ClassRunner.java:63)
  at org.junit.runners.ParentRunner$4.run(ParentRunner.java:331)
  at org.junit.runners.ParentRunner$1.schedule(ParentRunner.java:79)
  at org.junit.runners.ParentRunner.runChildren(ParentRunner.java:329)
  at org.junit.runners.ParentRunner.access$100(ParentRunner.java:66)
  at org.junit.runners.ParentRunner$2.evaluate(ParentRunner.java:293)
  at org.junit.runners.ParentRunner$3.evaluate(ParentRunner.java:306)
  at org.junit.runners.ParentRunner.run(ParentRunner.java:413)
  at org.junit.runner.JUnitCore.run(JUnitCore.java:137)
  at org.junit.runner.JUnitCore.run(JUnitCore.java:115)
  at org.gradle.api.internal.tasks.testing.junit.JUnitTestExecutor.runRequest(JUnitTestExecutor.java:175)
  at org.gradle.api.internal.tasks.testing.junit.JUnitTestExecutor.accept(JUnitTestExecutor.java:84)
  at org.gradle.api.internal.tasks.testing.junit.JUnitTestExecutor.accept(JUnitTestExecutor.java:47)
  at org.gradle.api.internal.tasks.testing.junit.AbstractJUnitTestDefinitionProcessor.processTestDefinition(AbstractJUnitTestDefinitionProcessor.java:65)
  at org.gradle.api.internal.tasks.testing.SuiteTestDefinitionProcessor.processTestDefinition(SuiteTestDefinitionProcessor.java:54)
  at java.base/jdk.internal.reflect.DirectMethodHandleAccessor.invoke(DirectMethodHandleAccessor.java:104)
  at java.base/java.lang.reflect.Method.invoke(Method.java:565)
  at org.gradle.internal.dispatch.MethodInvocation.invokeOn(MethodInvocation.java:77)
  at org.gradle.internal.dispatch.ReflectionDispatch.dispatch(ReflectionDispatch.java:28)
  at org.gradle.internal.dispatch.ReflectionDispatch.dispatch(ReflectionDispatch.java:19)
  at org.gradle.internal.dispatch.ContextClassLoaderDispatch.dispatch(ContextClassLoaderDispatch.java:33)
  at org.gradle.internal.dispatch.ProxyDispatchAdapter$DispatchingInvocationHandler.invoke(ProxyDispatchAdapter.java:88)
  at jdk.proxy1/jdk.proxy1.$Proxy4.processTestDefinition(Unknown Source)
  at org.gradle.api.internal.tasks.testing.worker.TestWorker$2.run(TestWorker.java:178)
  at org.gradle.api.internal.tasks.testing.worker.TestWorker.executeAndMaintainThreadName(TestWorker.java:126)
  at org.gradle.api.internal.tasks.testing.worker.TestWorker.execute(TestWorker.java:103)
  at org.gradle.api.internal.tasks.testing.worker.TestWorker.execute(TestWorker.java:63)
  at org.gradle.process.internal.worker.child.ActionExecutionWorker.execute(ActionExecutionWorker.java:56)
  at org.gradle.process.internal.worker.child.SystemApplicationClassLoaderWorker.call(SystemApplicationClassLoaderWorker.java:122)
  at org.gradle.process.internal.worker.child.SystemApplicationClassLoaderWorker.call(SystemApplicationClassLoaderWorker.java:72)
  at worker.org.gradle.process.internal.worker.GradleWorkerMain.run(GradleWorkerMain.java:69)
  at worker.org.gradle.process.internal.worker.GradleWorkerMain.main(GradleWorkerMain.java:74)
</stacktrace>
</test-failure>


TypeScriptCompilerTests_I[jvm] > indexSignatureWithTrailingComma_ts has expected errors matching indexSignatureWithTrailingComma_errors_txt[jvm] FAILED

<test-failure test="com.xemantic.typescript.compiler.TypeScriptCompilerTests_I.initializedDestructuringAssignmentTypes_ts has expected errors matching initializedDestructuringAssignmentTypes_errors_txt" platform="jvm">
<message>
Expected diagnostics from baseline typescript-repo/tests/baselines/reference/initializedDestructuringAssignmentTypes.errors.txt but none produced
</message>
<stacktrace>
  at com.xemantic.typescript.compiler.TypeScriptTestSupportKt.errorsMatchBaseline(TypeScriptTestSupport.kt:125)
  at com.xemantic.typescript.compiler.TypeScriptCompilerTests_I.initializedDestructuringAssignmentTypes_ts has expected errors matching initializedDestructuringAssignmentTypes_errors_txt(TypeScriptCompilerTests_I.kt:4396)
  at java.base/jdk.internal.reflect.DirectMethodHandleAccessor.invoke(DirectMethodHandleAccessor.java:104)
  at java.base/java.lang.reflect.Method.invoke(Method.java:565)
  at org.junit.runners.model.FrameworkMethod$1.runReflectiveCall(FrameworkMethod.java:59)
  at org.junit.internal.runners.model.ReflectiveCallable.run(ReflectiveCallable.java:12)
  at org.junit.runners.model.FrameworkMethod.invokeExplosively(FrameworkMethod.java:56)
  at org.junit.internal.runners.statements.InvokeMethod.evaluate(InvokeMethod.java:17)
  at org.junit.runners.ParentRunner$3.evaluate(ParentRunner.java:306)
  at org.junit.runners.BlockJUnit4ClassRunner$1.evaluate(BlockJUnit4ClassRunner.java:100)
  at org.junit.runners.ParentRunner.runLeaf(ParentRunner.java:366)
  at org.junit.runners.BlockJUnit4ClassRunner.runChild(BlockJUnit4ClassRunner.java:103)
  at org.junit.runners.BlockJUnit4ClassRunner.runChild(BlockJUnit4ClassRunner.java:63)
  at org.junit.runners.ParentRunner$4.run(ParentRunner.java:331)
  at org.junit.runners.ParentRunner$1.schedule(ParentRunner.java:79)
  at org.junit.runners.ParentRunner.runChildren(ParentRunner.java:329)
  at org.junit.runners.ParentRunner.access$100(ParentRunner.java:66)
  at org.junit.runners.ParentRunner$2.evaluate(ParentRunner.java:293)
  at org.junit.runners.ParentRunner$3.evaluate(ParentRunner.java:306)
  at org.junit.runners.ParentRunner.run(ParentRunner.java:413)
  at org.junit.runner.JUnitCore.run(JUnitCore.java:137)
  at org.junit.runner.JUnitCore.run(JUnitCore.java:115)
  at org.gradle.api.internal.tasks.testing.junit.JUnitTestExecutor.runRequest(JUnitTestExecutor.java:175)
  at org.gradle.api.internal.tasks.testing.junit.JUnitTestExecutor.accept(JUnitTestExecutor.java:84)
  at org.gradle.api.internal.tasks.testing.junit.JUnitTestExecutor.accept(JUnitTestExecutor.java:47)
  at org.gradle.api.internal.tasks.testing.junit.AbstractJUnitTestDefinitionProcessor.processTestDefinition(AbstractJUnitTestDefinitionProcessor.java:65)
  at org.gradle.api.internal.tasks.testing.SuiteTestDefinitionProcessor.processTestDefinition(SuiteTestDefinitionProcessor.java:54)
  at java.base/jdk.internal.reflect.DirectMethodHandleAccessor.invoke(DirectMethodHandleAccessor.java:104)
  at java.base/java.lang.reflect.Method.invoke(Method.java:565)
  at org.gradle.internal.dispatch.MethodInvocation.invokeOn(MethodInvocation.java:77)
  at org.gradle.internal.dispatch.ReflectionDispatch.dispatch(ReflectionDispatch.java:28)
  at org.gradle.internal.dispatch.ReflectionDispatch.dispatch(ReflectionDispatch.java:19)
  at org.gradle.internal.dispatch.ContextClassLoaderDispatch.dispatch(ContextClassLoaderDispatch.java:33)
  at org.gradle.internal.dispatch.ProxyDispatchAdapter$DispatchingInvocationHandler.invoke(ProxyDispatchAdapter.java:88)
  at jdk.proxy1/jdk.proxy1.$Proxy4.processTestDefinition(Unknown Source)
  at org.gradle.api.internal.tasks.testing.worker.TestWorker$2.run(TestWorker.java:178)
  at org.gradle.api.internal.tasks.testing.worker.TestWorker.executeAndMaintainThreadName(TestWorker.java:126)
  at org.gradle.api.internal.tasks.testing.worker.TestWorker.execute(TestWorker.java:103)
  at org.gradle.api.internal.tasks.testing.worker.TestWorker.execute(TestWorker.java:63)
  at org.gradle.process.internal.worker.child.ActionExecutionWorker.execute(ActionExecutionWorker.java:56)
  at org.gradle.process.internal.worker.child.SystemApplicationClassLoaderWorker.call(SystemApplicationClassLoaderWorker.java:122)
  at org.gradle.process.internal.worker.child.SystemApplicationClassLoaderWorker.call(SystemApplicationClassLoaderWorker.java:72)
  at worker.org.gradle.process.internal.worker.GradleWorkerMain.run(GradleWorkerMain.java:69)
  at worker.org.gradle.process.internal.worker.GradleWorkerMain.main(GradleWorkerMain.java:74)
</stacktrace>
</test-failure>


TypeScriptCompilerTests_I[jvm] > initializedDestructuringAssignmentTypes_ts has expected errors matching initializedDestructuringAssignmentTypes_errors_txt[jvm] FAILED

<test-failure test="com.xemantic.typescript.compiler.TypeScriptCompilerTests_I.importNonExportedMember11_ts has expected errors matching importNonExportedMember11_errors_txt" platform="jvm">
<message>
--- expected
+++ actual
@@ -1,6 +1,4 @@
 a.ts(2,1): error TS1203: Export assignment cannot be used when targeting ECMAScript modules. Consider using 'export default' or another module format instead.
-b.js(1,10): error TS2595: 'Foo' can only be imported by using a default import.
-b.js(1,21): error TS2497: This module can only be referenced with ECMAScript imports/exports by turning on the 'allowSyntheticDefaultImports' flag and referencing its default export.
 
 
 ==== a.ts (1 errors) ====
@@ -9,9 +7,5 @@
     ~~~~~~~~~~~~~
 !!! error TS1203: Export assignment cannot be used when targeting ECMAScript modules. Consider using 'export default' or another module format instead.
     
-==== b.js (2 errors) ====
+==== b.js (0 errors) ====
     import { Foo } from './a';
-             ~~~
-!!! error TS2595: 'Foo' can only be imported by using a default import.
-                        ~~~~~
-!!! error TS2497: This module can only be referenced with ECMAScript imports/exports by turning on the 'allowSyntheticDefaultImports' flag and referencing its default export.

</message>
<stacktrace>
  at org.junit.Assert.fail(Assert.java:89)
  at kotlin.test.junit.JUnitAsserter.fail(JUnitSupport.kt:56)
  at kotlin.test.AssertionsKt__AssertionsKt.fail(Assertions.kt:563)
  at kotlin.test.AssertionsKt.fail(Unknown Source)
  at com.xemantic.kotlin.test.SameAsKt.sameAs(SameAs.kt:52)
  at com.xemantic.typescript.compiler.TypeScriptTestSupportKt.errorsMatchBaseline(TypeScriptTestSupport.kt:135)
  at com.xemantic.typescript.compiler.TypeScriptCompilerTests_I.importNonExportedMember11_ts has expected errors matching importNonExportedMember11_errors_txt(TypeScriptCompilerTests_I.kt:1841)
  at java.base/jdk.internal.reflect.DirectMethodHandleAccessor.invoke(DirectMethodHandleAccessor.java:104)
  at java.base/java.lang.reflect.Method.invoke(Method.java:565)
  at org.junit.runners.model.FrameworkMethod$1.runReflectiveCall(FrameworkMethod.java:59)
  at org.junit.internal.runners.model.ReflectiveCallable.run(ReflectiveCallable.java:12)
  at org.junit.runners.model.FrameworkMethod.invokeExplosively(FrameworkMethod.java:56)
  at org.junit.internal.runners.statements.InvokeMethod.evaluate(InvokeMethod.java:17)
  at org.junit.runners.ParentRunner$3.evaluate(ParentRunner.java:306)
  at org.junit.runners.BlockJUnit4ClassRunner$1.evaluate(BlockJUnit4ClassRunner.java:100)
  at org.junit.runners.ParentRunner.runLeaf(ParentRunner.java:366)
  at org.junit.runners.BlockJUnit4ClassRunner.runChild(BlockJUnit4ClassRunner.java:103)
  at org.junit.runners.BlockJUnit4ClassRunner.runChild(BlockJUnit4ClassRunner.java:63)
  at org.junit.runners.ParentRunner$4.run(ParentRunner.java:331)
  at org.junit.runners.ParentRunner$1.schedule(ParentRunner.java:79)
  at org.junit.runners.ParentRunner.runChildren(ParentRunner.java:329)
  at org.junit.runners.ParentRunner.access$100(ParentRunner.java:66)
  at org.junit.runners.ParentRunner$2.evaluate(ParentRunner.java:293)
  at org.junit.runners.ParentRunner$3.evaluate(ParentRunner.java:306)
  at org.junit.runners.ParentRunner.run(ParentRunner.java:413)
  at org.junit.runner.JUnitCore.run(JUnitCore.java:137)
  at org.junit.runner.JUnitCore.run(JUnitCore.java:115)
  at org.gradle.api.internal.tasks.testing.junit.JUnitTestExecutor.runRequest(JUnitTestExecutor.java:175)
  at org.gradle.api.internal.tasks.testing.junit.JUnitTestExecutor.accept(JUnitTestExecutor.java:84)
  at org.gradle.api.internal.tasks.testing.junit.JUnitTestExecutor.accept(JUnitTestExecutor.java:47)
  at org.gradle.api.internal.tasks.testing.junit.AbstractJUnitTestDefinitionProcessor.processTestDefinition(AbstractJUnitTestDefinitionProcessor.java:65)
  at org.gradle.api.internal.tasks.testing.SuiteTestDefinitionProcessor.processTestDefinition(SuiteTestDefinitionProcessor.java:54)
  at java.base/jdk.internal.reflect.DirectMethodHandleAccessor.invoke(DirectMethodHandleAccessor.java:104)
  at java.base/java.lang.reflect.Method.invoke(Method.java:565)
  at org.gradle.internal.dispatch.MethodInvocation.invokeOn(MethodInvocation.java:77)
  at org.gradle.internal.dispatch.ReflectionDispatch.dispatch(ReflectionDispatch.java:28)
  at org.gradle.internal.dispatch.ReflectionDispatch.dispatch(ReflectionDispatch.java:19)
  at org.gradle.internal.dispatch.ContextClassLoaderDispatch.dispatch(ContextClassLoaderDispatch.java:33)
  at org.gradle.internal.dispatch.ProxyDispatchAdapter$DispatchingInvocationHandler.invoke(ProxyDispatchAdapter.java:88)
  at jdk.proxy1/jdk.proxy1.$Proxy4.processTestDefinition(Unknown Source)
  at org.gradle.api.internal.tasks.testing.worker.TestWorker$2.run(TestWorker.java:178)
  at org.gradle.api.internal.tasks.testing.worker.TestWorker.executeAndMaintainThreadName(TestWorker.java:126)
  at org.gradle.api.internal.tasks.testing.worker.TestWorker.execute(TestWorker.java:103)
  at org.gradle.api.internal.tasks.testing.worker.TestWorker.execute(TestWorker.java:63)
  at org.gradle.process.internal.worker.child.ActionExecutionWorker.execute(ActionExecutionWorker.java:56)
  at org.gradle.process.internal.worker.child.SystemApplicationClassLoaderWorker.call(SystemApplicationClassLoaderWorker.java:122)
  at org.gradle.process.internal.worker.child.SystemApplicationClassLoaderWorker.call(SystemApplicationClassLoaderWorker.java:72)
  at worker.org.gradle.process.internal.worker.GradleWorkerMain.run(GradleWorkerMain.java:69)
  at worker.org.gradle.process.internal.worker.GradleWorkerMain.main(GradleWorkerMain.java:74)
</stacktrace>
</test-failure>


TypeScriptCompilerTests_I[jvm] > importNonExportedMember11_ts has expected errors matching importNonExportedMember11_errors_txt[jvm] FAILED

<test-failure test="com.xemantic.typescript.compiler.TypeScriptCompilerTests_I.instanceofWithStructurallyIdenticalTypes_ts has expected errors matching instanceofWithStructurallyIdenticalTypes_errors_txt" platform="jvm">
<message>
--- expected
+++ actual
@@ -1,13 +1,12 @@
 instanceofWithStructurallyIdenticalTypes.ts(3,12): error TS2564: Property 'item' has no initializer and is not definitely assigned in the constructor.
 instanceofWithStructurallyIdenticalTypes.ts(4,12): error TS2564: Property 'item' has no initializer and is not definitely assigned in the constructor.
 instanceofWithStructurallyIdenticalTypes.ts(5,12): error TS2564: Property 'item' has no initializer and is not definitely assigned in the constructor.
-instanceofWithStructurallyIdenticalTypes.ts(32,18): error TS2339: Property 'item' does not exist on type 'never'.
 instanceofWithStructurallyIdenticalTypes.ts(39,11): error TS2564: Property 'a' has no initializer and is not definitely assigned in the constructor.
 instanceofWithStructurallyIdenticalTypes.ts(41,12): error TS2564: Property 'a' has no initializer and is not definitely assigned in the constructor.
 instanceofWithStructurallyIdenticalTypes.ts(42,21): error TS2564: Property 'b' has no initializer and is not definitely assigned in the constructor.
 
 
-==== instanceofWithStructurallyIdenticalTypes.ts (7 errors) ====
+==== instanceofWithStructurallyIdenticalTypes.ts (6 errors) ====
     // Repro from #7271
     
     class C1 { item: string }
@@ -46,8 +45,6 @@
         }
         else if (isC3(x)) {
             return x.item;
-                     ~~~~
-!!! error TS2339: Property 'item' does not exist on type 'never'.
         }
         return "error";
     }

</message>
<stacktrace>
  at org.junit.Assert.fail(Assert.java:89)
  at kotlin.test.junit.JUnitAsserter.fail(JUnitSupport.kt:56)
  at kotlin.test.AssertionsKt__AssertionsKt.fail(Assertions.kt:563)
  at kotlin.test.AssertionsKt.fail(Unknown Source)
  at com.xemantic.kotlin.test.SameAsKt.sameAs(SameAs.kt:52)
  at com.xemantic.typescript.compiler.TypeScriptTestSupportKt.errorsMatchBaseline(TypeScriptTestSupport.kt:135)
  at com.xemantic.typescript.compiler.TypeScriptCompilerTests_I.instanceofWithStructurallyIdenticalTypes_ts has expected errors matching instanceofWithStructurallyIdenticalTypes_errors_txt(TypeScriptCompilerTests_I.kt:4732)
  at java.base/jdk.internal.reflect.DirectMethodHandleAccessor.invoke(DirectMethodHandleAccessor.java:104)
  at java.base/java.lang.reflect.Method.invoke(Method.java:565)
  at org.junit.runners.model.FrameworkMethod$1.runReflectiveCall(FrameworkMethod.java:59)
  at org.junit.internal.runners.model.ReflectiveCallable.run(ReflectiveCallable.java:12)
  at org.junit.runners.model.FrameworkMethod.invokeExplosively(FrameworkMethod.java:56)
  at org.junit.internal.runners.statements.InvokeMethod.evaluate(InvokeMethod.java:17)
  at org.junit.runners.ParentRunner$3.evaluate(ParentRunner.java:306)
  at org.junit.runners.BlockJUnit4ClassRunner$1.evaluate(BlockJUnit4ClassRunner.java:100)
  at org.junit.runners.ParentRunner.runLeaf(ParentRunner.java:366)
  at org.junit.runners.BlockJUnit4ClassRunner.runChild(BlockJUnit4ClassRunner.java:103)
  at org.junit.runners.BlockJUnit4ClassRunner.runChild(BlockJUnit4ClassRunner.java:63)
  at org.junit.runners.ParentRunner$4.run(ParentRunner.java:331)
  at org.junit.runners.ParentRunner$1.schedule(ParentRunner.java:79)
  at org.junit.runners.ParentRunner.runChildren(ParentRunner.java:329)
  at org.junit.runners.ParentRunner.access$100(ParentRunner.java:66)
  at org.junit.runners.ParentRunner$2.evaluate(ParentRunner.java:293)
  at org.junit.runners.ParentRunner$3.evaluate(ParentRunner.java:306)
  at org.junit.runners.ParentRunner.run(ParentRunner.java:413)
  at org.junit.runner.JUnitCore.run(JUnitCore.java:137)
  at org.junit.runner.JUnitCore.run(JUnitCore.java:115)
  at org.gradle.api.internal.tasks.testing.junit.JUnitTestExecutor.runRequest(JUnitTestExecutor.java:175)
  at org.gradle.api.internal.tasks.testing.junit.JUnitTestExecutor.accept(JUnitTestExecutor.java:84)
  at org.gradle.api.internal.tasks.testing.junit.JUnitTestExecutor.accept(JUnitTestExecutor.java:47)
  at org.gradle.api.internal.tasks.testing.junit.AbstractJUnitTestDefinitionProcessor.processTestDefinition(AbstractJUnitTestDefinitionProcessor.java:65)
  at org.gradle.api.internal.tasks.testing.SuiteTestDefinitionProcessor.processTestDefinition(SuiteTestDefinitionProcessor.java:54)
  at java.base/jdk.internal.reflect.DirectMethodHandleAccessor.invoke(DirectMethodHandleAccessor.java:104)
  at java.base/java.lang.reflect.Method.invoke(Method.java:565)
  at org.gradle.internal.dispatch.MethodInvocation.invokeOn(MethodInvocation.java:77)
  at org.gradle.internal.dispatch.ReflectionDispatch.dispatch(ReflectionDispatch.java:28)
  at org.gradle.internal.dispatch.ReflectionDispatch.dispatch(ReflectionDispatch.java:19)
  at org.gradle.internal.dispatch.ContextClassLoaderDispatch.dispatch(ContextClassLoaderDispatch.java:33)
  at org.gradle.internal.dispatch.ProxyDispatchAdapter$DispatchingInvocationHandler.invoke(ProxyDispatchAdapter.java:88)
  at jdk.proxy1/jdk.proxy1.$Proxy4.processTestDefinition(Unknown Source)
  at org.gradle.api.internal.tasks.testing.worker.TestWorker$2.run(TestWorker.java:178)
  at org.gradle.api.internal.tasks.testing.worker.TestWorker.executeAndMaintainThreadName(TestWorker.java:126)
  at org.gradle.api.internal.tasks.testing.worker.TestWorker.execute(TestWorker.java:103)
  at org.gradle.api.internal.tasks.testing.worker.TestWorker.execute(TestWorker.java:63)
  at org.gradle.process.internal.worker.child.ActionExecutionWorker.execute(ActionExecutionWorker.java:56)
  at org.gradle.process.internal.worker.child.SystemApplicationClassLoaderWorker.call(SystemApplicationClassLoaderWorker.java:122)
  at org.gradle.process.internal.worker.child.SystemApplicationClassLoaderWorker.call(SystemApplicationClassLoaderWorker.java:72)
  at worker.org.gradle.process.internal.worker.GradleWorkerMain.run(GradleWorkerMain.java:69)
  at worker.org.gradle.process.internal.worker.GradleWorkerMain.main(GradleWorkerMain.java:74)
</stacktrace>
</test-failure>


TypeScriptCompilerTests_I[jvm] > instanceofWithStructurallyIdenticalTypes_ts has expected errors matching instanceofWithStructurallyIdenticalTypes_errors_txt[jvm] FAILED

<test-failure test="com.xemantic.typescript.compiler.TypeScriptCompilerTests_I.importHelpersNoHelpers_ts__target_es5__has expected errors matching baseline" platform="jvm">
<message>
--- expected
+++ actual
@@ -1,46 +1,25 @@
 error TS5107: Option 'moduleResolution=classic' is deprecated and will stop functioning in TypeScript 7.0. Specify compilerOption '"ignoreDeprecations": "6.0"' to silence this error.
 error TS5107: Option 'target=ES5' is deprecated and will stop functioning in TypeScript 7.0. Specify compilerOption '"ignoreDeprecations": "6.0"' to silence this error.
-external.ts(1,1): error TS2343: This syntax requires an imported helper named '__exportStar' which does not exist in 'tslib'. Consider upgrading your version of 'tslib'.
-external.ts(3,16): error TS2343: This syntax requires an imported helper named '__extends' which does not exist in 'tslib'. Consider upgrading your version of 'tslib'.
-external.ts(7,1): error TS2343: This syntax requires an imported helper named '__decorate' which does not exist in 'tslib'. Consider upgrading your version of 'tslib'.
-external.ts(7,1): error TS2343: This syntax requires an imported helper named '__metadata' which does not exist in 'tslib'. Consider upgrading your version of 'tslib'.
-external.ts(9,12): error TS2343: This syntax requires an imported helper named '__param' which does not exist in 'tslib'. Consider upgrading your version of 'tslib'.
-external.ts(14,13): error TS2343: This syntax requires an imported helper named '__assign' which does not exist in 'tslib'. Consider upgrading your version of 'tslib'.
-external.ts(15,12): error TS2343: This syntax requires an imported helper named '__rest' which does not exist in 'tslib'. Consider upgrading your version of 'tslib'.
 
 
 !!! error TS5107: Option 'moduleResolution=classic' is deprecated and will stop functioning in TypeScript 7.0. Specify compilerOption '"ignoreDeprecations": "6.0"' to silence this error.
 !!! error TS5107: Option 'target=ES5' is deprecated and will stop functioning in TypeScript 7.0. Specify compilerOption '"ignoreDeprecations": "6.0"' to silence this error.
-==== external.ts (7 errors) ====
+==== external.ts (0 errors) ====
     export * from "./other";
-    ~~~~~~~~~~~~~~~~~~~~~~~~
-!!! error TS2343: This syntax requires an imported helper named '__exportStar' which does not exist in 'tslib'. Consider upgrading your version of 'tslib'.
     export class A { }
     export class B extends A { }
-                   ~~~~~~~~~
-!!! error TS2343: This syntax requires an imported helper named '__extends' which does not exist in 'tslib'. Consider upgrading your version of 'tslib'.
     
     declare var dec: any;
     
     @dec
-    ~~~~
-!!! error TS2343: This syntax requires an imported helper named '__decorate' which does not exist in 'tslib'. Consider upgrading your version of 'tslib'.
-    ~~~~
-!!! error TS2343: This syntax requires an imported helper named '__metadata' which does not exist in 'tslib'. Consider upgrading your version of 'tslib'.
     class C {
         method(@dec x: number) {
-               ~~~~
-!!! error TS2343: This syntax requires an imported helper named '__param' which does not exist in 'tslib'. Consider upgrading your version of 'tslib'.
         }
     }
     
     const o = { a: 1 };
     const y = { ...o };
-                ~~~~
-!!! error TS2343: This syntax requires an imported helper named '__assign' which does not exist in 'tslib'. Consider upgrading your version of 'tslib'.
     const { ...x } = y;
-               ~
-!!! error TS2343: This syntax requires an imported helper named '__rest' which does not exist in 'tslib'. Consider upgrading your version of 'tslib'.
     
 ==== other.ts (0 errors) ====
     export const x = 1;

</message>
<stacktrace>
  at org.junit.Assert.fail(Assert.java:89)
  at kotlin.test.junit.JUnitAsserter.fail(JUnitSupport.kt:56)
  at kotlin.test.AssertionsKt__AssertionsKt.fail(Assertions.kt:563)
  at kotlin.test.AssertionsKt.fail(Unknown Source)
  at com.xemantic.kotlin.test.SameAsKt.sameAs(SameAs.kt:52)
  at com.xemantic.typescript.compiler.TypeScriptTestSupportKt.errorsMatchBaseline(TypeScriptTestSupport.kt:135)
  at com.xemantic.typescript.compiler.TypeScriptCompilerTests_I.importHelpersNoHelpers_ts__target_es5__has expected errors matching baseline(TypeScriptCompilerTests_I.kt:1211)
  at java.base/jdk.internal.reflect.DirectMethodHandleAccessor.invoke(DirectMethodHandleAccessor.java:104)
  at java.base/java.lang.reflect.Method.invoke(Method.java:565)
  at org.junit.runners.model.FrameworkMethod$1.runReflectiveCall(FrameworkMethod.java:59)
  at org.junit.internal.runners.model.ReflectiveCallable.run(ReflectiveCallable.java:12)
  at org.junit.runners.model.FrameworkMethod.invokeExplosively(FrameworkMethod.java:56)
  at org.junit.internal.runners.statements.InvokeMethod.evaluate(InvokeMethod.java:17)
  at org.junit.runners.ParentRunner$3.evaluate(ParentRunner.java:306)
  at org.junit.runners.BlockJUnit4ClassRunner$1.evaluate(BlockJUnit4ClassRunner.java:100)
  at org.junit.runners.ParentRunner.runLeaf(ParentRunner.java:366)
  at org.junit.runners.BlockJUnit4ClassRunner.runChild(BlockJUnit4ClassRunner.java:103)
  at org.junit.runners.BlockJUnit4ClassRunner.runChild(BlockJUnit4ClassRunner.java:63)
  at org.junit.runners.ParentRunner$4.run(ParentRunner.java:331)
  at org.junit.runners.ParentRunner$1.schedule(ParentRunner.java:79)
  at org.junit.runners.ParentRunner.runChildren(ParentRunner.java:329)
  at org.junit.runners.ParentRunner.access$100(ParentRunner.java:66)
  at org.junit.runners.ParentRunner$2.evaluate(ParentRunner.java:293)
  at org.junit.runners.ParentRunner$3.evaluate(ParentRunner.java:306)
  at org.junit.runners.ParentRunner.run(ParentRunner.java:413)
  at org.junit.runner.JUnitCore.run(JUnitCore.java:137)
  at org.junit.runner.JUnitCore.run(JUnitCore.java:115)
  at org.gradle.api.internal.tasks.testing.junit.JUnitTestExecutor.runRequest(JUnitTestExecutor.java:175)
  at org.gradle.api.internal.tasks.testing.junit.JUnitTestExecutor.accept(JUnitTestExecutor.java:84)
  at org.gradle.api.internal.tasks.testing.junit.JUnitTestExecutor.accept(JUnitTestExecutor.java:47)
  at org.gradle.api.internal.tasks.testing.junit.AbstractJUnitTestDefinitionProcessor.processTestDefinition(AbstractJUnitTestDefinitionProcessor.java:65)
  at org.gradle.api.internal.tasks.testing.SuiteTestDefinitionProcessor.processTestDefinition(SuiteTestDefinitionProcessor.java:54)
  at java.base/jdk.internal.reflect.DirectMethodHandleAccessor.invoke(DirectMethodHandleAccessor.java:104)
  at java.base/java.lang.reflect.Method.invoke(Method.java:565)
  at org.gradle.internal.dispatch.MethodInvocation.invokeOn(MethodInvocation.java:77)
  at org.gradle.internal.dispatch.ReflectionDispatch.dispatch(ReflectionDispatch.java:28)
  at org.gradle.internal.dispatch.ReflectionDispatch.dispatch(ReflectionDispatch.java:19)
  at org.gradle.internal.dispatch.ContextClassLoaderDispatch.dispatch(ContextClassLoaderDispatch.java:33)
  at org.gradle.internal.dispatch.ProxyDispatchAdapter$DispatchingInvocationHandler.invoke(ProxyDispatchAdapter.java:88)
  at jdk.proxy1/jdk.proxy1.$Proxy4.processTestDefinition(Unknown Source)
  at org.gradle.api.internal.tasks.testing.worker.TestWorker$2.run(TestWorker.java:178)
  at org.gradle.api.internal.tasks.testing.worker.TestWorker.executeAndMaintainThreadName(TestWorker.java:126)
  at org.gradle.api.internal.tasks.testing.worker.TestWorker.execute(TestWorker.java:103)
  at org.gradle.api.internal.tasks.testing.worker.TestWorker.execute(TestWorker.java:63)
  at org.gradle.process.internal.worker.child.ActionExecutionWorker.execute(ActionExecutionWorker.java:56)
  at org.gradle.process.internal.worker.child.SystemApplicationClassLoaderWorker.call(SystemApplicationClassLoaderWorker.java:122)
  at org.gradle.process.internal.worker.child.SystemApplicationClassLoaderWorker.call(SystemApplicationClassLoaderWorker.java:72)
  at worker.org.gradle.process.internal.worker.GradleWorkerMain.run(GradleWorkerMain.java:69)
  at worker.org.gradle.process.internal.worker.GradleWorkerMain.main(GradleWorkerMain.java:74)
</stacktrace>
</test-failure>


TypeScriptCompilerTests_I[jvm] > importHelpersNoHelpers_ts__target_es5__has expected errors matching baseline[jvm] FAILED

<test-failure test="com.xemantic.typescript.compiler.TypeScriptCompilerTests_I.inlineSourceMap_ts__target_es2015__compiles to JavaScript matching baseline" platform="jvm">
<message>
--- expected
+++ actual
@@ -8,4 +8,3 @@
 "use strict";
 var x = 0;
 console.log(x);
-//# sourceMappingURL=data:application/json;base64,eyJ2ZXJzaW9uIjozLCJmaWxlIjoiaW5saW5lU291cmNlTWFwLmpzIiwic291cmNlUm9vdCI6IiIsInNvdXJjZXMiOlsiaW5saW5lU291cmNlTWFwLnRzIl0sIm5hbWVzIjpbXSwibWFwcGluZ3MiOiI7QUFBQSxJQUFJLENBQUMsR0FBRyxDQUFDLENBQUM7QUFDVixPQUFPLENBQUMsR0FBRyxDQUFDLENBQUMsQ0FBQyxDQUFDIn0=

</message>
<stacktrace>
  at org.junit.Assert.fail(Assert.java:89)
  at kotlin.test.junit.JUnitAsserter.fail(JUnitSupport.kt:56)
  at kotlin.test.AssertionsKt__AssertionsKt.fail(Assertions.kt:563)
  at kotlin.test.AssertionsKt.fail(Unknown Source)
  at com.xemantic.kotlin.test.SameAsKt.sameAs(SameAs.kt:52)
  at com.xemantic.typescript.compiler.TypeScriptTestSupportKt.sameAs(TypeScriptTestSupport.kt:99)
  at com.xemantic.typescript.compiler.TypeScriptCompilerTests_I.inlineSourceMap_ts__target_es2015__compiles to JavaScript matching baseline(TypeScriptCompilerTests_I.kt:4438)
  at java.base/jdk.internal.reflect.DirectMethodHandleAccessor.invoke(DirectMethodHandleAccessor.java:104)
  at java.base/java.lang.reflect.Method.invoke(Method.java:565)
  at org.junit.runners.model.FrameworkMethod$1.runReflectiveCall(FrameworkMethod.java:59)
  at org.junit.internal.runners.model.ReflectiveCallable.run(ReflectiveCallable.java:12)
  at org.junit.runners.model.FrameworkMethod.invokeExplosively(FrameworkMethod.java:56)
  at org.junit.internal.runners.statements.InvokeMethod.evaluate(InvokeMethod.java:17)
  at org.junit.runners.ParentRunner$3.evaluate(ParentRunner.java:306)
  at org.junit.runners.BlockJUnit4ClassRunner$1.evaluate(BlockJUnit4ClassRunner.java:100)
  at org.junit.runners.ParentRunner.runLeaf(ParentRunner.java:366)
  at org.junit.runners.BlockJUnit4ClassRunner.runChild(BlockJUnit4ClassRunner.java:103)
  at org.junit.runners.BlockJUnit4ClassRunner.runChild(BlockJUnit4ClassRunner.java:63)
  at org.junit.runners.ParentRunner$4.run(ParentRunner.java:331)
  at org.junit.runners.ParentRunner$1.schedule(ParentRunner.java:79)
  at org.junit.runners.ParentRunner.runChildren(ParentRunner.java:329)
  at org.junit.runners.ParentRunner.access$100(ParentRunner.java:66)
  at org.junit.runners.ParentRunner$2.evaluate(ParentRunner.java:293)
  at org.junit.runners.ParentRunner$3.evaluate(ParentRunner.java:306)
  at org.junit.runners.ParentRunner.run(ParentRunner.java:413)
  at org.junit.runner.JUnitCore.run(JUnitCore.java:137)
  at org.junit.runner.JUnitCore.run(JUnitCore.java:115)
  at org.gradle.api.internal.tasks.testing.junit.JUnitTestExecutor.runRequest(JUnitTestExecutor.java:175)
  at org.gradle.api.internal.tasks.testing.junit.JUnitTestExecutor.accept(JUnitTestExecutor.java:84)
  at org.gradle.api.internal.tasks.testing.junit.JUnitTestExecutor.accept(JUnitTestExecutor.java:47)
  at org.gradle.api.internal.tasks.testing.junit.AbstractJUnitTestDefinitionProcessor.processTestDefinition(AbstractJUnitTestDefinitionProcessor.java:65)
  at org.gradle.api.internal.tasks.testing.SuiteTestDefinitionProcessor.processTestDefinition(SuiteTestDefinitionProcessor.java:54)
  at java.base/jdk.internal.reflect.DirectMethodHandleAccessor.invoke(DirectMethodHandleAccessor.java:104)
  at java.base/java.lang.reflect.Method.invoke(Method.java:565)
  at org.gradle.internal.dispatch.MethodInvocation.invokeOn(MethodInvocation.java:77)
  at org.gradle.internal.dispatch.ReflectionDispatch.dispatch(ReflectionDispatch.java:28)
  at org.gradle.internal.dispatch.ReflectionDispatch.dispatch(ReflectionDispatch.java:19)
  at org.gradle.internal.dispatch.ContextClassLoaderDispatch.dispatch(ContextClassLoaderDispatch.java:33)
  at org.gradle.internal.dispatch.ProxyDispatchAdapter$DispatchingInvocationHandler.invoke(ProxyDispatchAdapter.java:88)
  at jdk.proxy1/jdk.proxy1.$Proxy4.processTestDefinition(Unknown Source)
  at org.gradle.api.internal.tasks.testing.worker.TestWorker$2.run(TestWorker.java:178)
  at org.gradle.api.internal.tasks.testing.worker.TestWorker.executeAndMaintainThreadName(TestWorker.java:126)
  at org.gradle.api.internal.tasks.testing.worker.TestWorker.execute(TestWorker.java:103)
  at org.gradle.api.internal.tasks.testing.worker.TestWorker.execute(TestWorker.java:63)
  at org.gradle.process.internal.worker.child.ActionExecutionWorker.execute(ActionExecutionWorker.java:56)
  at org.gradle.process.internal.worker.child.SystemApplicationClassLoaderWorker.call(SystemApplicationClassLoaderWorker.java:122)
  at org.gradle.process.internal.worker.child.SystemApplicationClassLoaderWorker.call(SystemApplicationClassLoaderWorker.java:72)
  at worker.org.gradle.process.internal.worker.GradleWorkerMain.run(GradleWorkerMain.java:69)
  at worker.org.gradle.process.internal.worker.GradleWorkerMain.main(GradleWorkerMain.java:74)
</stacktrace>
</test-failure>


TypeScriptCompilerTests_I[jvm] > inlineSourceMap_ts__target_es2015__compiles to JavaScript matching baseline[jvm] FAILED

<test-failure test="com.xemantic.typescript.compiler.TypeScriptCompilerTests_I.importInsideModule_ts has expected errors matching importInsideModule_errors_txt" platform="jvm">
<message>
Expected diagnostics from baseline typescript-repo/tests/baselines/reference/importInsideModule.errors.txt but none produced
</message>
<stacktrace>
  at com.xemantic.typescript.compiler.TypeScriptTestSupportKt.errorsMatchBaseline(TypeScriptTestSupport.kt:125)
  at com.xemantic.typescript.compiler.TypeScriptCompilerTests_I.importInsideModule_ts has expected errors matching importInsideModule_errors_txt(TypeScriptCompilerTests_I.kt:1799)
  at java.base/jdk.internal.reflect.DirectMethodHandleAccessor.invoke(DirectMethodHandleAccessor.java:104)
  at java.base/java.lang.reflect.Method.invoke(Method.java:565)
  at org.junit.runners.model.FrameworkMethod$1.runReflectiveCall(FrameworkMethod.java:59)
  at org.junit.internal.runners.model.ReflectiveCallable.run(ReflectiveCallable.java:12)
  at org.junit.runners.model.FrameworkMethod.invokeExplosively(FrameworkMethod.java:56)
  at org.junit.internal.runners.statements.InvokeMethod.evaluate(InvokeMethod.java:17)
  at org.junit.runners.ParentRunner$3.evaluate(ParentRunner.java:306)
  at org.junit.runners.BlockJUnit4ClassRunner$1.evaluate(BlockJUnit4ClassRunner.java:100)
  at org.junit.runners.ParentRunner.runLeaf(ParentRunner.java:366)
  at org.junit.runners.BlockJUnit4ClassRunner.runChild(BlockJUnit4ClassRunner.java:103)
  at org.junit.runners.BlockJUnit4ClassRunner.runChild(BlockJUnit4ClassRunner.java:63)
  at org.junit.runners.ParentRunner$4.run(ParentRunner.java:331)
  at org.junit.runners.ParentRunner$1.schedule(ParentRunner.java:79)
  at org.junit.runners.ParentRunner.runChildren(ParentRunner.java:329)
  at org.junit.runners.ParentRunner.access$100(ParentRunner.java:66)
  at org.junit.runners.ParentRunner$2.evaluate(ParentRunner.java:293)
  at org.junit.runners.ParentRunner$3.evaluate(ParentRunner.java:306)
  at org.junit.runners.ParentRunner.run(ParentRunner.java:413)
  at org.junit.runner.JUnitCore.run(JUnitCore.java:137)
  at org.junit.runner.JUnitCore.run(JUnitCore.java:115)
  at org.gradle.api.internal.tasks.testing.junit.JUnitTestExecutor.runRequest(JUnitTestExecutor.java:175)
  at org.gradle.api.internal.tasks.testing.junit.JUnitTestExecutor.accept(JUnitTestExecutor.java:84)
  at org.gradle.api.internal.tasks.testing.junit.JUnitTestExecutor.accept(JUnitTestExecutor.java:47)
  at org.gradle.api.internal.tasks.testing.junit.AbstractJUnitTestDefinitionProcessor.processTestDefinition(AbstractJUnitTestDefinitionProcessor.java:65)
  at org.gradle.api.internal.tasks.testing.SuiteTestDefinitionProcessor.processTestDefinition(SuiteTestDefinitionProcessor.java:54)
  at java.base/jdk.internal.reflect.DirectMethodHandleAccessor.invoke(DirectMethodHandleAccessor.java:104)
  at java.base/java.lang.reflect.Method.invoke(Method.java:565)
  at org.gradle.internal.dispatch.MethodInvocation.invokeOn(MethodInvocation.java:77)
  at org.gradle.internal.dispatch.ReflectionDispatch.dispatch(ReflectionDispatch.java:28)
  at org.gradle.internal.dispatch.ReflectionDispatch.dispatch(ReflectionDispatch.java:19)
  at org.gradle.internal.dispatch.ContextClassLoaderDispatch.dispatch(ContextClassLoaderDispatch.java:33)
  at org.gradle.internal.dispatch.ProxyDispatchAdapter$DispatchingInvocationHandler.invoke(ProxyDispatchAdapter.java:88)
  at jdk.proxy1/jdk.proxy1.$Proxy4.processTestDefinition(Unknown Source)
  at org.gradle.api.internal.tasks.testing.worker.TestWorker$2.run(TestWorker.java:178)
  at org.gradle.api.internal.tasks.testing.worker.TestWorker.executeAndMaintainThreadName(TestWorker.java:126)
  at org.gradle.api.internal.tasks.testing.worker.TestWorker.execute(TestWorker.java:103)
  at org.gradle.api.internal.tasks.testing.worker.TestWorker.execute(TestWorker.java:63)
  at org.gradle.process.internal.worker.child.ActionExecutionWorker.execute(ActionExecutionWorker.java:56)
  at org.gradle.process.internal.worker.child.SystemApplicationClassLoaderWorker.call(SystemApplicationClassLoaderWorker.java:122)
  at org.gradle.process.internal.worker.child.SystemApplicationClassLoaderWorker.call(SystemApplicationClassLoaderWorker.java:72)
  at worker.org.gradle.process.internal.worker.GradleWorkerMain.run(GradleWorkerMain.java:69)
  at worker.org.gradle.process.internal.worker.GradleWorkerMain.main(GradleWorkerMain.java:74)
</stacktrace>
</test-failure>


TypeScriptCompilerTests_I[jvm] > importInsideModule_ts has expected errors matching importInsideModule_errors_txt[jvm] FAILED

<test-failure test="com.xemantic.typescript.compiler.TypeScriptCompilerTests_I.internalImportInstantiatedModuleNotReferencingInstance_ts has expected errors matching internalImportInstantiatedModuleNotReferencingInstance_errors_txt" platform="jvm">
<message>
Expected diagnostics from baseline typescript-repo/tests/baselines/reference/internalImportInstantiatedModuleNotReferencingInstance.errors.txt but none produced
</message>
<stacktrace>
  at com.xemantic.typescript.compiler.TypeScriptTestSupportKt.errorsMatchBaseline(TypeScriptTestSupport.kt:125)
  at com.xemantic.typescript.compiler.TypeScriptCompilerTests_I.internalImportInstantiatedModuleNotReferencingInstance_ts has expected errors matching internalImportInstantiatedModuleNotReferencingInstance_errors_txt(TypeScriptCompilerTests_I.kt:5915)
  at java.base/jdk.internal.reflect.DirectMethodHandleAccessor.invoke(DirectMethodHandleAccessor.java:104)
  at java.base/java.lang.reflect.Method.invoke(Method.java:565)
  at org.junit.runners.model.FrameworkMethod$1.runReflectiveCall(FrameworkMethod.java:59)
  at org.junit.internal.runners.model.ReflectiveCallable.run(ReflectiveCallable.java:12)
  at org.junit.runners.model.FrameworkMethod.invokeExplosively(FrameworkMethod.java:56)
  at org.junit.internal.runners.statements.InvokeMethod.evaluate(InvokeMethod.java:17)
  at org.junit.runners.ParentRunner$3.evaluate(ParentRunner.java:306)
  at org.junit.runners.BlockJUnit4ClassRunner$1.evaluate(BlockJUnit4ClassRunner.java:100)
  at org.junit.runners.ParentRunner.runLeaf(ParentRunner.java:366)
  at org.junit.runners.BlockJUnit4ClassRunner.runChild(BlockJUnit4ClassRunner.java:103)
  at org.junit.runners.BlockJUnit4ClassRunner.runChild(BlockJUnit4ClassRunner.java:63)
  at org.junit.runners.ParentRunner$4.run(ParentRunner.java:331)
  at org.junit.runners.ParentRunner$1.schedule(ParentRunner.java:79)
  at org.junit.runners.ParentRunner.runChildren(ParentRunner.java:329)
  at org.junit.runners.ParentRunner.access$100(ParentRunner.java:66)
  at org.junit.runners.ParentRunner$2.evaluate(ParentRunner.java:293)
  at org.junit.runners.ParentRunner$3.evaluate(ParentRunner.java:306)
  at org.junit.runners.ParentRunner.run(ParentRunner.java:413)
  at org.junit.runner.JUnitCore.run(JUnitCore.java:137)
  at org.junit.runner.JUnitCore.run(JUnitCore.java:115)
  at org.gradle.api.internal.tasks.testing.junit.JUnitTestExecutor.runRequest(JUnitTestExecutor.java:175)
  at org.gradle.api.internal.tasks.testing.junit.JUnitTestExecutor.accept(JUnitTestExecutor.java:84)
  at org.gradle.api.internal.tasks.testing.junit.JUnitTestExecutor.accept(JUnitTestExecutor.java:47)
  at org.gradle.api.internal.tasks.testing.junit.AbstractJUnitTestDefinitionProcessor.processTestDefinition(AbstractJUnitTestDefinitionProcessor.java:65)
  at org.gradle.api.internal.tasks.testing.SuiteTestDefinitionProcessor.processTestDefinition(SuiteTestDefinitionProcessor.java:54)
  at java.base/jdk.internal.reflect.DirectMethodHandleAccessor.invoke(DirectMethodHandleAccessor.java:104)
  at java.base/java.lang.reflect.Method.invoke(Method.java:565)
  at org.gradle.internal.dispatch.MethodInvocation.invokeOn(MethodInvocation.java:77)
  at org.gradle.internal.dispatch.ReflectionDispatch.dispatch(ReflectionDispatch.java:28)
  at org.gradle.internal.dispatch.ReflectionDispatch.dispatch(ReflectionDispatch.java:19)
  at org.gradle.internal.dispatch.ContextClassLoaderDispatch.dispatch(ContextClassLoaderDispatch.java:33)
  at org.gradle.internal.dispatch.ProxyDispatchAdapter$DispatchingInvocationHandler.invoke(ProxyDispatchAdapter.java:88)
  at jdk.proxy1/jdk.proxy1.$Proxy4.processTestDefinition(Unknown Source)
  at org.gradle.api.internal.tasks.testing.worker.TestWorker$2.run(TestWorker.java:178)
  at org.gradle.api.internal.tasks.testing.worker.TestWorker.executeAndMaintainThreadName(TestWorker.java:126)
  at org.gradle.api.internal.tasks.testing.worker.TestWorker.execute(TestWorker.java:103)
  at org.gradle.api.internal.tasks.testing.worker.TestWorker.execute(TestWorker.java:63)
  at org.gradle.process.internal.worker.child.ActionExecutionWorker.execute(ActionExecutionWorker.java:56)
  at org.gradle.process.internal.worker.child.SystemApplicationClassLoaderWorker.call(SystemApplicationClassLoaderWorker.java:122)
  at org.gradle.process.internal.worker.child.SystemApplicationClassLoaderWorker.call(SystemApplicationClassLoaderWorker.java:72)
  at worker.org.gradle.process.internal.worker.GradleWorkerMain.run(GradleWorkerMain.java:69)
  at worker.org.gradle.process.internal.worker.GradleWorkerMain.main(GradleWorkerMain.java:74)
</stacktrace>
</test-failure>


TypeScriptCompilerTests_I[jvm] > internalImportInstantiatedModuleNotReferencingInstance_ts has expected errors matching internalImportInstantiatedModuleNotReferencingInstance_errors_txt[jvm] FAILED

<test-failure test="com.xemantic.typescript.compiler.TypeScriptCompilerTests_I.inheritSameNamePrivatePropertiesFromDifferentOrigins_ts has expected errors matching inheritSameNamePrivatePropertiesFromDifferentOrigins_errors_txt" platform="jvm">
<message>
--- expected
+++ actual
@@ -1,10 +1,8 @@
 inheritSameNamePrivatePropertiesFromDifferentOrigins.ts(2,13): error TS2564: Property 'x' has no initializer and is not definitely assigned in the constructor.
 inheritSameNamePrivatePropertiesFromDifferentOrigins.ts(6,13): error TS2564: Property 'x' has no initializer and is not definitely assigned in the constructor.
-inheritSameNamePrivatePropertiesFromDifferentOrigins.ts(9,11): error TS2320: Interface 'A' cannot simultaneously extend types 'C' and 'C2'.
-  Named property 'x' of types 'C' and 'C2' are not identical.
 
 
-==== inheritSameNamePrivatePropertiesFromDifferentOrigins.ts (3 errors) ====
+==== inheritSameNamePrivatePropertiesFromDifferentOrigins.ts (2 errors) ====
     class C {
         private x: number;
                 ~
@@ -18,8 +16,5 @@
     }
     
     interface A extends C, C2 { // error
-              ~
-!!! error TS2320: Interface 'A' cannot simultaneously extend types 'C' and 'C2'.
-!!! error TS2320:   Named property 'x' of types 'C' and 'C2' are not identical.
         y: string;
     }

</message>
<stacktrace>
  at org.junit.Assert.fail(Assert.java:89)
  at kotlin.test.junit.JUnitAsserter.fail(JUnitSupport.kt:56)
  at kotlin.test.AssertionsKt__AssertionsKt.fail(Assertions.kt:563)
  at kotlin.test.AssertionsKt.fail(Unknown Source)
  at com.xemantic.kotlin.test.SameAsKt.sameAs(SameAs.kt:52)
  at com.xemantic.typescript.compiler.TypeScriptTestSupportKt.errorsMatchBaseline(TypeScriptTestSupport.kt:135)
  at com.xemantic.typescript.compiler.TypeScriptCompilerTests_I.inheritSameNamePrivatePropertiesFromDifferentOrigins_ts has expected errors matching inheritSameNamePrivatePropertiesFromDifferentOrigins_errors_txt(TypeScriptCompilerTests_I.kt:3871)
  at java.base/jdk.internal.reflect.DirectMethodHandleAccessor.invoke(DirectMethodHandleAccessor.java:104)
  at java.base/java.lang.reflect.Method.invoke(Method.java:565)
  at org.junit.runners.model.FrameworkMethod$1.runReflectiveCall(FrameworkMethod.java:59)
  at org.junit.internal.runners.model.ReflectiveCallable.run(ReflectiveCallable.java:12)
  at org.junit.runners.model.FrameworkMethod.invokeExplosively(FrameworkMethod.java:56)
  at org.junit.internal.runners.statements.InvokeMethod.evaluate(InvokeMethod.java:17)
  at org.junit.runners.ParentRunner$3.evaluate(ParentRunner.java:306)
  at org.junit.runners.BlockJUnit4ClassRunner$1.evaluate(BlockJUnit4ClassRunner.java:100)
  at org.junit.runners.ParentRunner.runLeaf(ParentRunner.java:366)
  at org.junit.runners.BlockJUnit4ClassRunner.runChild(BlockJUnit4ClassRunner.java:103)
  at org.junit.runners.BlockJUnit4ClassRunner.runChild(BlockJUnit4ClassRunner.java:63)
  at org.junit.runners.ParentRunner$4.run(ParentRunner.java:331)
  at org.junit.runners.ParentRunner$1.schedule(ParentRunner.java:79)
  at org.junit.runners.ParentRunner.runChildren(ParentRunner.java:329)
  at org.junit.runners.ParentRunner.access$100(ParentRunner.java:66)
  at org.junit.runners.ParentRunner$2.evaluate(ParentRunner.java:293)
  at org.junit.runners.ParentRunner$3.evaluate(ParentRunner.java:306)
  at org.junit.runners.ParentRunner.run(ParentRunner.java:413)
  at org.junit.runner.JUnitCore.run(JUnitCore.java:137)
  at org.junit.runner.JUnitCore.run(JUnitCore.java:115)
  at org.gradle.api.internal.tasks.testing.junit.JUnitTestExecutor.runRequest(JUnitTestExecutor.java:175)
  at org.gradle.api.internal.tasks.testing.junit.JUnitTestExecutor.accept(JUnitTestExecutor.java:84)
  at org.gradle.api.internal.tasks.testing.junit.JUnitTestExecutor.accept(JUnitTestExecutor.java:47)
  at org.gradle.api.internal.tasks.testing.junit.AbstractJUnitTestDefinitionProcessor.processTestDefinition(AbstractJUnitTestDefinitionProcessor.java:65)
  at org.gradle.api.internal.tasks.testing.SuiteTestDefinitionProcessor.processTestDefinition(SuiteTestDefinitionProcessor.java:54)
  at java.base/jdk.internal.reflect.DirectMethodHandleAccessor.invoke(DirectMethodHandleAccessor.java:104)
  at java.base/java.lang.reflect.Method.invoke(Method.java:565)
  at org.gradle.internal.dispatch.MethodInvocation.invokeOn(MethodInvocation.java:77)
  at org.gradle.internal.dispatch.ReflectionDispatch.dispatch(ReflectionDispatch.java:28)
  at org.gradle.internal.dispatch.ReflectionDispatch.dispatch(ReflectionDispatch.java:19)
  at org.gradle.internal.dispatch.ContextClassLoaderDispatch.dispatch(ContextClassLoaderDispatch.java:33)
  at org.gradle.internal.dispatch.ProxyDispatchAdapter$DispatchingInvocationHandler.invoke(ProxyDispatchAdapter.java:88)
  at jdk.proxy1/jdk.proxy1.$Proxy4.processTestDefinition(Unknown Source)
  at org.gradle.api.internal.tasks.testing.worker.TestWorker$2.run(TestWorker.java:178)
  at org.gradle.api.internal.tasks.testing.worker.TestWorker.executeAndMaintainThreadName(TestWorker.java:126)
  at org.gradle.api.internal.tasks.testing.worker.TestWorker.execute(TestWorker.java:103)
  at org.gradle.api.internal.tasks.testing.worker.TestWorker.execute(TestWorker.java:63)
  at org.gradle.process.internal.worker.child.ActionExecutionWorker.execute(ActionExecutionWorker.java:56)
  at org.gradle.process.internal.worker.child.SystemApplicationClassLoaderWorker.call(SystemApplicationClassLoaderWorker.java:122)
  at org.gradle.process.internal.worker.child.SystemApplicationClassLoaderWorker.call(SystemApplicationClassLoaderWorker.java:72)
  at worker.org.gradle.process.internal.worker.GradleWorkerMain.run(GradleWorkerMain.java:69)
  at worker.org.gradle.process.internal.worker.GradleWorkerMain.main(GradleWorkerMain.java:74)
</stacktrace>
</test-failure>


TypeScriptCompilerTests_I[jvm] > inheritSameNamePrivatePropertiesFromDifferentOrigins_ts has expected errors matching inheritSameNamePrivatePropertiesFromDifferentOrigins_errors_txt[jvm] FAILED

<test-failure test="com.xemantic.typescript.compiler.TypeScriptCompilerTests_I.innerTypeCheckOfLambdaArgument_ts has expected errors matching innerTypeCheckOfLambdaArgument_errors_txt" platform="jvm">
<message>
Expected diagnostics from baseline typescript-repo/tests/baselines/reference/innerTypeCheckOfLambdaArgument.errors.txt but none produced
</message>
<stacktrace>
  at com.xemantic.typescript.compiler.TypeScriptTestSupportKt.errorsMatchBaseline(TypeScriptTestSupport.kt:125)
  at com.xemantic.typescript.compiler.TypeScriptCompilerTests_I.innerTypeCheckOfLambdaArgument_ts has expected errors matching innerTypeCheckOfLambdaArgument_errors_txt(TypeScriptCompilerTests_I.kt:4627)
  at java.base/jdk.internal.reflect.DirectMethodHandleAccessor.invoke(DirectMethodHandleAccessor.java:104)
  at java.base/java.lang.reflect.Method.invoke(Method.java:565)
  at org.junit.runners.model.FrameworkMethod$1.runReflectiveCall(FrameworkMethod.java:59)
  at org.junit.internal.runners.model.ReflectiveCallable.run(ReflectiveCallable.java:12)
  at org.junit.runners.model.FrameworkMethod.invokeExplosively(FrameworkMethod.java:56)
  at org.junit.internal.runners.statements.InvokeMethod.evaluate(InvokeMethod.java:17)
  at org.junit.runners.ParentRunner$3.evaluate(ParentRunner.java:306)
  at org.junit.runners.BlockJUnit4ClassRunner$1.evaluate(BlockJUnit4ClassRunner.java:100)
  at org.junit.runners.ParentRunner.runLeaf(ParentRunner.java:366)
  at org.junit.runners.BlockJUnit4ClassRunner.runChild(BlockJUnit4ClassRunner.java:103)
  at org.junit.runners.BlockJUnit4ClassRunner.runChild(BlockJUnit4ClassRunner.java:63)
  at org.junit.runners.ParentRunner$4.run(ParentRunner.java:331)
  at org.junit.runners.ParentRunner$1.schedule(ParentRunner.java:79)
  at org.junit.runners.ParentRunner.runChildren(ParentRunner.java:329)
  at org.junit.runners.ParentRunner.access$100(ParentRunner.java:66)
  at org.junit.runners.ParentRunner$2.evaluate(ParentRunner.java:293)
  at org.junit.runners.ParentRunner$3.evaluate(ParentRunner.java:306)
  at org.junit.runners.ParentRunner.run(ParentRunner.java:413)
  at org.junit.runner.JUnitCore.run(JUnitCore.java:137)
  at org.junit.runner.JUnitCore.run(JUnitCore.java:115)
  at org.gradle.api.internal.tasks.testing.junit.JUnitTestExecutor.runRequest(JUnitTestExecutor.java:175)
  at org.gradle.api.internal.tasks.testing.junit.JUnitTestExecutor.accept(JUnitTestExecutor.java:84)
  at org.gradle.api.internal.tasks.testing.junit.JUnitTestExecutor.accept(JUnitTestExecutor.java:47)
  at org.gradle.api.internal.tasks.testing.junit.AbstractJUnitTestDefinitionProcessor.processTestDefinition(AbstractJUnitTestDefinitionProcessor.java:65)
  at org.gradle.api.internal.tasks.testing.SuiteTestDefinitionProcessor.processTestDefinition(SuiteTestDefinitionProcessor.java:54)
  at java.base/jdk.internal.reflect.DirectMethodHandleAccessor.invoke(DirectMethodHandleAccessor.java:104)
  at java.base/java.lang.reflect.Method.invoke(Method.java:565)
  at org.gradle.internal.dispatch.MethodInvocation.invokeOn(MethodInvocation.java:77)
  at org.gradle.internal.dispatch.ReflectionDispatch.dispatch(ReflectionDispatch.java:28)
  at org.gradle.internal.dispatch.ReflectionDispatch.dispatch(ReflectionDispatch.java:19)
  at org.gradle.internal.dispatch.ContextClassLoaderDispatch.dispatch(ContextClassLoaderDispatch.java:33)
  at org.gradle.internal.dispatch.ProxyDispatchAdapter$DispatchingInvocationHandler.invoke(ProxyDispatchAdapter.java:88)
  at jdk.proxy1/jdk.proxy1.$Proxy4.processTestDefinition(Unknown Source)
  at org.gradle.api.internal.tasks.testing.worker.TestWorker$2.run(TestWorker.java:178)
  at org.gradle.api.internal.tasks.testing.worker.TestWorker.executeAndMaintainThreadName(TestWorker.java:126)
  at org.gradle.api.internal.tasks.testing.worker.TestWorker.execute(TestWorker.java:103)
  at org.gradle.api.internal.tasks.testing.worker.TestWorker.execute(TestWorker.java:63)
  at org.gradle.process.internal.worker.child.ActionExecutionWorker.execute(ActionExecutionWorker.java:56)
  at org.gradle.process.internal.worker.child.SystemApplicationClassLoaderWorker.call(SystemApplicationClassLoaderWorker.java:122)
  at org.gradle.process.internal.worker.child.SystemApplicationClassLoaderWorker.call(SystemApplicationClassLoaderWorker.java:72)
  at worker.org.gradle.process.internal.worker.GradleWorkerMain.run(GradleWorkerMain.java:69)
  at worker.org.gradle.process.internal.worker.GradleWorkerMain.main(GradleWorkerMain.java:74)
</stacktrace>
</test-failure>


TypeScriptCompilerTests_I[jvm] > innerTypeCheckOfLambdaArgument_ts has expected errors matching innerTypeCheckOfLambdaArgument_errors_txt[jvm] FAILED

<test-failure test="com.xemantic.typescript.compiler.TypeScriptCompilerTests_I.importHelpersNoHelpers_ts__target_es2015__has expected errors matching baseline" platform="jvm">
<message>
--- expected
+++ actual
@@ -1,38 +1,23 @@
 error TS5107: Option 'moduleResolution=classic' is deprecated and will stop functioning in TypeScript 7.0. Specify compilerOption '"ignoreDeprecations": "6.0"' to silence this error.
-external.ts(1,1): error TS2343: This syntax requires an imported helper named '__exportStar' which does not exist in 'tslib'. Consider upgrading your version of 'tslib'.
-external.ts(7,1): error TS2343: This syntax requires an imported helper named '__decorate' which does not exist in 'tslib'. Consider upgrading your version of 'tslib'.
-external.ts(7,1): error TS2343: This syntax requires an imported helper named '__metadata' which does not exist in 'tslib'. Consider upgrading your version of 'tslib'.
-external.ts(9,12): error TS2343: This syntax requires an imported helper named '__param' which does not exist in 'tslib'. Consider upgrading your version of 'tslib'.
-external.ts(15,12): error TS2343: This syntax requires an imported helper named '__rest' which does not exist in 'tslib'. Consider upgrading your version of 'tslib'.
 
 
 !!! error TS5107: Option 'moduleResolution=classic' is deprecated and will stop functioning in TypeScript 7.0. Specify compilerOption '"ignoreDeprecations": "6.0"' to silence this error.
-==== external.ts (5 errors) ====
+==== external.ts (0 errors) ====
     export * from "./other";
-    ~~~~~~~~~~~~~~~~~~~~~~~~
-!!! error TS2343: This syntax requires an imported helper named '__exportStar' which does not exist in 'tslib'. Consider upgrading your version of 'tslib'.
     export class A { }
     export class B extends A { }
     
     declare var dec: any;
     
     @dec
-    ~~~~
-!!! error TS2343: This syntax requires an imported helper named '__decorate' which does not exist in 'tslib'. Consider upgrading your version of 'tslib'.
-    ~~~~
-!!! error TS2343: This syntax requires an imported helper named '__metadata' which does not exist in 'tslib'. Consider upgrading your version of 'tslib'.
     class C {
         method(@dec x: number) {
-               ~~~~
-!!! error TS2343: This syntax requires an imported helper named '__param' which does not exist in 'tslib'. Consider upgrading your version of 'tslib'.
         }
     }
     
     const o = { a: 1 };
     const y = { ...o };
     const { ...x } = y;
-               ~
-!!! error TS2343: This syntax requires an imported helper named '__rest' which does not exist in 'tslib'. Consider upgrading your version of 'tslib'.
     
 ==== other.ts (0 errors) ====
     export const x = 1;

</message>
<stacktrace>
  at org.junit.Assert.fail(Assert.java:89)
  at kotlin.test.junit.JUnitAsserter.fail(JUnitSupport.kt:56)
  at kotlin.test.AssertionsKt__AssertionsKt.fail(Assertions.kt:563)
  at kotlin.test.AssertionsKt.fail(Unknown Source)
  at com.xemantic.kotlin.test.SameAsKt.sameAs(SameAs.kt:52)
  at com.xemantic.typescript.compiler.TypeScriptTestSupportKt.errorsMatchBaseline(TypeScriptTestSupport.kt:135)
  at com.xemantic.typescript.compiler.TypeScriptCompilerTests_I.importHelpersNoHelpers_ts__target_es2015__has expected errors matching baseline(TypeScriptCompilerTests_I.kt:1218)
  at java.base/jdk.internal.reflect.DirectMethodHandleAccessor.invoke(DirectMethodHandleAccessor.java:104)
  at java.base/java.lang.reflect.Method.invoke(Method.java:565)
  at org.junit.runners.model.FrameworkMethod$1.runReflectiveCall(FrameworkMethod.java:59)
  at org.junit.internal.runners.model.ReflectiveCallable.run(ReflectiveCallable.java:12)
  at org.junit.runners.model.FrameworkMethod.invokeExplosively(FrameworkMethod.java:56)
  at org.junit.internal.runners.statements.InvokeMethod.evaluate(InvokeMethod.java:17)
  at org.junit.runners.ParentRunner$3.evaluate(ParentRunner.java:306)
  at org.junit.runners.BlockJUnit4ClassRunner$1.evaluate(BlockJUnit4ClassRunner.java:100)
  at org.junit.runners.ParentRunner.runLeaf(ParentRunner.java:366)
  at org.junit.runners.BlockJUnit4ClassRunner.runChild(BlockJUnit4ClassRunner.java:103)
  at org.junit.runners.BlockJUnit4ClassRunner.runChild(BlockJUnit4ClassRunner.java:63)
  at org.junit.runners.ParentRunner$4.run(ParentRunner.java:331)
  at org.junit.runners.ParentRunner$1.schedule(ParentRunner.java:79)
  at org.junit.runners.ParentRunner.runChildren(ParentRunner.java:329)
  at org.junit.runners.ParentRunner.access$100(ParentRunner.java:66)
  at org.junit.runners.ParentRunner$2.evaluate(ParentRunner.java:293)
  at org.junit.runners.ParentRunner$3.evaluate(ParentRunner.java:306)
  at org.junit.runners.ParentRunner.run(ParentRunner.java:413)
  at org.junit.runner.JUnitCore.run(JUnitCore.java:137)
  at org.junit.runner.JUnitCore.run(JUnitCore.java:115)
  at org.gradle.api.internal.tasks.testing.junit.JUnitTestExecutor.runRequest(JUnitTestExecutor.java:175)
  at org.gradle.api.internal.tasks.testing.junit.JUnitTestExecutor.accept(JUnitTestExecutor.java:84)
  at org.gradle.api.internal.tasks.testing.junit.JUnitTestExecutor.accept(JUnitTestExecutor.java:47)
  at org.gradle.api.internal.tasks.testing.junit.AbstractJUnitTestDefinitionProcessor.processTestDefinition(AbstractJUnitTestDefinitionProcessor.java:65)
  at org.gradle.api.internal.tasks.testing.SuiteTestDefinitionProcessor.processTestDefinition(SuiteTestDefinitionProcessor.java:54)
  at java.base/jdk.internal.reflect.DirectMethodHandleAccessor.invoke(DirectMethodHandleAccessor.java:104)
  at java.base/java.lang.reflect.Method.invoke(Method.java:565)
  at org.gradle.internal.dispatch.MethodInvocation.invokeOn(MethodInvocation.java:77)
  at org.gradle.internal.dispatch.ReflectionDispatch.dispatch(ReflectionDispatch.java:28)
  at org.gradle.internal.dispatch.ReflectionDispatch.dispatch(ReflectionDispatch.java:19)
  at org.gradle.internal.dispatch.ContextClassLoaderDispatch.dispatch(ContextClassLoaderDispatch.java:33)
  at org.gradle.internal.dispatch.ProxyDispatchAdapter$DispatchingInvocationHandler.invoke(ProxyDispatchAdapter.java:88)
  at jdk.proxy1/jdk.proxy1.$Proxy4.processTestDefinition(Unknown Source)
  at org.gradle.api.internal.tasks.testing.worker.TestWorker$2.run(TestWorker.java:178)
  at org.gradle.api.internal.tasks.testing.worker.TestWorker.executeAndMaintainThreadName(TestWorker.java:126)
  at org.gradle.api.internal.tasks.testing.worker.TestWorker.execute(TestWorker.java:103)
  at org.gradle.api.internal.tasks.testing.worker.TestWorker.execute(TestWorker.java:63)
  at org.gradle.process.internal.worker.child.ActionExecutionWorker.execute(ActionExecutionWorker.java:56)
  at org.gradle.process.internal.worker.child.SystemApplicationClassLoaderWorker.call(SystemApplicationClassLoaderWorker.java:122)
  at org.gradle.process.internal.worker.child.SystemApplicationClassLoaderWorker.call(SystemApplicationClassLoaderWorker.java:72)
  at worker.org.gradle.process.internal.worker.GradleWorkerMain.run(GradleWorkerMain.java:69)
  at worker.org.gradle.process.internal.worker.GradleWorkerMain.main(GradleWorkerMain.java:74)
</stacktrace>
</test-failure>


TypeScriptCompilerTests_I[jvm] > importHelpersNoHelpers_ts__target_es2015__has expected errors matching baseline[jvm] FAILED

<test-failure test="com.xemantic.typescript.compiler.TypeScriptCompilerTests_I.isolatedModulesReExportType_ts has expected errors matching isolatedModulesReExportType_errors_txt" platform="jvm">
<message>
Expected diagnostics from baseline typescript-repo/tests/baselines/reference/isolatedModulesReExportType.errors.txt but none produced
</message>
<stacktrace>
  at com.xemantic.typescript.compiler.TypeScriptTestSupportKt.errorsMatchBaseline(TypeScriptTestSupport.kt:125)
  at com.xemantic.typescript.compiler.TypeScriptCompilerTests_I.isolatedModulesReExportType_ts has expected errors matching isolatedModulesReExportType_errors_txt(TypeScriptCompilerTests_I.kt:7000)
  at java.base/jdk.internal.reflect.DirectMethodHandleAccessor.invoke(DirectMethodHandleAccessor.java:104)
  at java.base/java.lang.reflect.Method.invoke(Method.java:565)
  at org.junit.runners.model.FrameworkMethod$1.runReflectiveCall(FrameworkMethod.java:59)
  at org.junit.internal.runners.model.ReflectiveCallable.run(ReflectiveCallable.java:12)
  at org.junit.runners.model.FrameworkMethod.invokeExplosively(FrameworkMethod.java:56)
  at org.junit.internal.runners.statements.InvokeMethod.evaluate(InvokeMethod.java:17)
  at org.junit.runners.ParentRunner$3.evaluate(ParentRunner.java:306)
  at org.junit.runners.BlockJUnit4ClassRunner$1.evaluate(BlockJUnit4ClassRunner.java:100)
  at org.junit.runners.ParentRunner.runLeaf(ParentRunner.java:366)
  at org.junit.runners.BlockJUnit4ClassRunner.runChild(BlockJUnit4ClassRunner.java:103)
  at org.junit.runners.BlockJUnit4ClassRunner.runChild(BlockJUnit4ClassRunner.java:63)
  at org.junit.runners.ParentRunner$4.run(ParentRunner.java:331)
  at org.junit.runners.ParentRunner$1.schedule(ParentRunner.java:79)
  at org.junit.runners.ParentRunner.runChildren(ParentRunner.java:329)
  at org.junit.runners.ParentRunner.access$100(ParentRunner.java:66)
  at org.junit.runners.ParentRunner$2.evaluate(ParentRunner.java:293)
  at org.junit.runners.ParentRunner$3.evaluate(ParentRunner.java:306)
  at org.junit.runners.ParentRunner.run(ParentRunner.java:413)
  at org.junit.runner.JUnitCore.run(JUnitCore.java:137)
  at org.junit.runner.JUnitCore.run(JUnitCore.java:115)
  at org.gradle.api.internal.tasks.testing.junit.JUnitTestExecutor.runRequest(JUnitTestExecutor.java:175)
  at org.gradle.api.internal.tasks.testing.junit.JUnitTestExecutor.accept(JUnitTestExecutor.java:84)
  at org.gradle.api.internal.tasks.testing.junit.JUnitTestExecutor.accept(JUnitTestExecutor.java:47)
  at org.gradle.api.internal.tasks.testing.junit.AbstractJUnitTestDefinitionProcessor.processTestDefinition(AbstractJUnitTestDefinitionProcessor.java:65)
  at org.gradle.api.internal.tasks.testing.SuiteTestDefinitionProcessor.processTestDefinition(SuiteTestDefinitionProcessor.java:54)
  at java.base/jdk.internal.reflect.DirectMethodHandleAccessor.invoke(DirectMethodHandleAccessor.java:104)
  at java.base/java.lang.reflect.Method.invoke(Method.java:565)
  at org.gradle.internal.dispatch.MethodInvocation.invokeOn(MethodInvocation.java:77)
  at org.gradle.internal.dispatch.ReflectionDispatch.dispatch(ReflectionDispatch.java:28)
  at org.gradle.internal.dispatch.ReflectionDispatch.dispatch(ReflectionDispatch.java:19)
  at org.gradle.internal.dispatch.ContextClassLoaderDispatch.dispatch(ContextClassLoaderDispatch.java:33)
  at org.gradle.internal.dispatch.ProxyDispatchAdapter$DispatchingInvocationHandler.invoke(ProxyDispatchAdapter.java:88)
  at jdk.proxy1/jdk.proxy1.$Proxy4.processTestDefinition(Unknown Source)
  at org.gradle.api.internal.tasks.testing.worker.TestWorker$2.run(TestWorker.java:178)
  at org.gradle.api.internal.tasks.testing.worker.TestWorker.executeAndMaintainThreadName(TestWorker.java:126)
  at org.gradle.api.internal.tasks.testing.worker.TestWorker.execute(TestWorker.java:103)
  at org.gradle.api.internal.tasks.testing.worker.TestWorker.execute(TestWorker.java:63)
  at org.gradle.process.internal.worker.child.ActionExecutionWorker.execute(ActionExecutionWorker.java:56)
  at org.gradle.process.internal.worker.child.SystemApplicationClassLoaderWorker.call(SystemApplicationClassLoaderWorker.java:122)
  at org.gradle.process.internal.worker.child.SystemApplicationClassLoaderWorker.call(SystemApplicationClassLoaderWorker.java:72)
  at worker.org.gradle.process.internal.worker.GradleWorkerMain.run(GradleWorkerMain.java:69)
  at worker.org.gradle.process.internal.worker.GradleWorkerMain.main(GradleWorkerMain.java:74)
</stacktrace>
</test-failure>


TypeScriptCompilerTests_I[jvm] > isolatedModulesReExportType_ts has expected errors matching isolatedModulesReExportType_errors_txt[jvm] FAILED

<test-failure test="com.xemantic.typescript.compiler.TypeScriptCompilerTests_I.importHelpersNoHelpersForAsyncGenerators_ts__target_es2015__compiles to JavaScript matching baseline" platform="jvm">
<message>
--- expected
+++ actual
@@ -20,6 +20,6 @@
     return tslib_1.__asyncGenerator(this, arguments, function* f_1() {
         yield tslib_1.__await(1);
         yield yield tslib_1.__await(2);
-        yield tslib_1.__await(yield* tslib_1.__asyncDelegator(tslib_1.__asyncValues([3])));
+        yield* [3];
     });
 }

</message>
<stacktrace>
  at org.junit.Assert.fail(Assert.java:89)
  at kotlin.test.junit.JUnitAsserter.fail(JUnitSupport.kt:56)
  at kotlin.test.AssertionsKt__AssertionsKt.fail(Assertions.kt:563)
  at kotlin.test.AssertionsKt.fail(Unknown Source)
  at com.xemantic.kotlin.test.SameAsKt.sameAs(SameAs.kt:52)
  at com.xemantic.typescript.compiler.TypeScriptTestSupportKt.sameAs(TypeScriptTestSupport.kt:99)
  at com.xemantic.typescript.compiler.TypeScriptCompilerTests_I.importHelpersNoHelpersForAsyncGenerators_ts__target_es2015__compiles to JavaScript matching baseline(TypeScriptCompilerTests_I.kt:1225)
  at java.base/jdk.internal.reflect.DirectMethodHandleAccessor.invoke(DirectMethodHandleAccessor.java:104)
  at java.base/java.lang.reflect.Method.invoke(Method.java:565)
  at org.junit.runners.model.FrameworkMethod$1.runReflectiveCall(FrameworkMethod.java:59)
  at org.junit.internal.runners.model.ReflectiveCallable.run(ReflectiveCallable.java:12)
  at org.junit.runners.model.FrameworkMethod.invokeExplosively(FrameworkMethod.java:56)
  at org.junit.internal.runners.statements.InvokeMethod.evaluate(InvokeMethod.java:17)
  at org.junit.runners.ParentRunner$3.evaluate(ParentRunner.java:306)
  at org.junit.runners.BlockJUnit4ClassRunner$1.evaluate(BlockJUnit4ClassRunner.java:100)
  at org.junit.runners.ParentRunner.runLeaf(ParentRunner.java:366)
  at org.junit.runners.BlockJUnit4ClassRunner.runChild(BlockJUnit4ClassRunner.java:103)
  at org.junit.runners.BlockJUnit4ClassRunner.runChild(BlockJUnit4ClassRunner.java:63)
  at org.junit.runners.ParentRunner$4.run(ParentRunner.java:331)
  at org.junit.runners.ParentRunner$1.schedule(ParentRunner.java:79)
  at org.junit.runners.ParentRunner.runChildren(ParentRunner.java:329)
  at org.junit.runners.ParentRunner.access$100(ParentRunner.java:66)
  at org.junit.runners.ParentRunner$2.evaluate(ParentRunner.java:293)
  at org.junit.runners.ParentRunner$3.evaluate(ParentRunner.java:306)
  at org.junit.runners.ParentRunner.run(ParentRunner.java:413)
  at org.junit.runner.JUnitCore.run(JUnitCore.java:137)
  at org.junit.runner.JUnitCore.run(JUnitCore.java:115)
  at org.gradle.api.internal.tasks.testing.junit.JUnitTestExecutor.runRequest(JUnitTestExecutor.java:175)
  at org.gradle.api.internal.tasks.testing.junit.JUnitTestExecutor.accept(JUnitTestExecutor.java:84)
  at org.gradle.api.internal.tasks.testing.junit.JUnitTestExecutor.accept(JUnitTestExecutor.java:47)
  at org.gradle.api.internal.tasks.testing.junit.AbstractJUnitTestDefinitionProcessor.processTestDefinition(AbstractJUnitTestDefinitionProcessor.java:65)
  at org.gradle.api.internal.tasks.testing.SuiteTestDefinitionProcessor.processTestDefinition(SuiteTestDefinitionProcessor.java:54)
  at java.base/jdk.internal.reflect.DirectMethodHandleAccessor.invoke(DirectMethodHandleAccessor.java:104)
  at java.base/java.lang.reflect.Method.invoke(Method.java:565)
  at org.gradle.internal.dispatch.MethodInvocation.invokeOn(MethodInvocation.java:77)
  at org.gradle.internal.dispatch.ReflectionDispatch.dispatch(ReflectionDispatch.java:28)
  at org.gradle.internal.dispatch.ReflectionDispatch.dispatch(ReflectionDispatch.java:19)
  at org.gradle.internal.dispatch.ContextClassLoaderDispatch.dispatch(ContextClassLoaderDispatch.java:33)
  at org.gradle.internal.dispatch.ProxyDispatchAdapter$DispatchingInvocationHandler.invoke(ProxyDispatchAdapter.java:88)
  at jdk.proxy1/jdk.proxy1.$Proxy4.processTestDefinition(Unknown Source)
  at org.gradle.api.internal.tasks.testing.worker.TestWorker$2.run(TestWorker.java:178)
  at org.gradle.api.internal.tasks.testing.worker.TestWorker.executeAndMaintainThreadName(TestWorker.java:126)
  at org.gradle.api.internal.tasks.testing.worker.TestWorker.execute(TestWorker.java:103)
  at org.gradle.api.internal.tasks.testing.worker.TestWorker.execute(TestWorker.java:63)
  at org.gradle.process.internal.worker.child.ActionExecutionWorker.execute(ActionExecutionWorker.java:56)
  at org.gradle.process.internal.worker.child.SystemApplicationClassLoaderWorker.call(SystemApplicationClassLoaderWorker.java:122)
  at org.gradle.process.internal.worker.child.SystemApplicationClassLoaderWorker.call(SystemApplicationClassLoaderWorker.java:72)
  at worker.org.gradle.process.internal.worker.GradleWorkerMain.run(GradleWorkerMain.java:69)
  at worker.org.gradle.process.internal.worker.GradleWorkerMain.main(GradleWorkerMain.java:74)
</stacktrace>
</test-failure>


TypeScriptCompilerTests_I[jvm] > importHelpersNoHelpersForAsyncGenerators_ts__target_es2015__compiles to JavaScript matching baseline[jvm] FAILED

<test-failure test="com.xemantic.typescript.compiler.TypeScriptCompilerTests_I.inferentialTypingWithObjectLiteralProperties_ts has expected errors matching inferentialTypingWithObjectLiteralProperties_errors_txt" platform="jvm">
<message>
Expected diagnostics from baseline typescript-repo/tests/baselines/reference/inferentialTypingWithObjectLiteralProperties.errors.txt but none produced
</message>
<stacktrace>
  at com.xemantic.typescript.compiler.TypeScriptTestSupportKt.errorsMatchBaseline(TypeScriptTestSupport.kt:125)
  at com.xemantic.typescript.compiler.TypeScriptCompilerTests_I.inferentialTypingWithObjectLiteralProperties_ts has expected errors matching inferentialTypingWithObjectLiteralProperties_errors_txt(TypeScriptCompilerTests_I.kt:3591)
  at java.base/jdk.internal.reflect.DirectMethodHandleAccessor.invoke(DirectMethodHandleAccessor.java:104)
  at java.base/java.lang.reflect.Method.invoke(Method.java:565)
  at org.junit.runners.model.FrameworkMethod$1.runReflectiveCall(FrameworkMethod.java:59)
  at org.junit.internal.runners.model.ReflectiveCallable.run(ReflectiveCallable.java:12)
  at org.junit.runners.model.FrameworkMethod.invokeExplosively(FrameworkMethod.java:56)
  at org.junit.internal.runners.statements.InvokeMethod.evaluate(InvokeMethod.java:17)
  at org.junit.runners.ParentRunner$3.evaluate(ParentRunner.java:306)
  at org.junit.runners.BlockJUnit4ClassRunner$1.evaluate(BlockJUnit4ClassRunner.java:100)
  at org.junit.runners.ParentRunner.runLeaf(ParentRunner.java:366)
  at org.junit.runners.BlockJUnit4ClassRunner.runChild(BlockJUnit4ClassRunner.java:103)
  at org.junit.runners.BlockJUnit4ClassRunner.runChild(BlockJUnit4ClassRunner.java:63)
  at org.junit.runners.ParentRunner$4.run(ParentRunner.java:331)
  at org.junit.runners.ParentRunner$1.schedule(ParentRunner.java:79)
  at org.junit.runners.ParentRunner.runChildren(ParentRunner.java:329)
  at org.junit.runners.ParentRunner.access$100(ParentRunner.java:66)
  at org.junit.runners.ParentRunner$2.evaluate(ParentRunner.java:293)
  at org.junit.runners.ParentRunner$3.evaluate(ParentRunner.java:306)
  at org.junit.runners.ParentRunner.run(ParentRunner.java:413)
  at org.junit.runner.JUnitCore.run(JUnitCore.java:137)
  at org.junit.runner.JUnitCore.run(JUnitCore.java:115)
  at org.gradle.api.internal.tasks.testing.junit.JUnitTestExecutor.runRequest(JUnitTestExecutor.java:175)
  at org.gradle.api.internal.tasks.testing.junit.JUnitTestExecutor.accept(JUnitTestExecutor.java:84)
  at org.gradle.api.internal.tasks.testing.junit.JUnitTestExecutor.accept(JUnitTestExecutor.java:47)
  at org.gradle.api.internal.tasks.testing.junit.AbstractJUnitTestDefinitionProcessor.processTestDefinition(AbstractJUnitTestDefinitionProcessor.java:65)
  at org.gradle.api.internal.tasks.testing.SuiteTestDefinitionProcessor.processTestDefinition(SuiteTestDefinitionProcessor.java:54)
  at java.base/jdk.internal.reflect.DirectMethodHandleAccessor.invoke(DirectMethodHandleAccessor.java:104)
  at java.base/java.lang.reflect.Method.invoke(Method.java:565)
  at org.gradle.internal.dispatch.MethodInvocation.invokeOn(MethodInvocation.java:77)
  at org.gradle.internal.dispatch.ReflectionDispatch.dispatch(ReflectionDispatch.java:28)
  at org.gradle.internal.dispatch.ReflectionDispatch.dispatch(ReflectionDispatch.java:19)
  at org.gradle.internal.dispatch.ContextClassLoaderDispatch.dispatch(ContextClassLoaderDispatch.java:33)
  at org.gradle.internal.dispatch.ProxyDispatchAdapter$DispatchingInvocationHandler.invoke(ProxyDispatchAdapter.java:88)
  at jdk.proxy1/jdk.proxy1.$Proxy4.processTestDefinition(Unknown Source)
  at org.gradle.api.internal.tasks.testing.worker.TestWorker$2.run(TestWorker.java:178)
  at org.gradle.api.internal.tasks.testing.worker.TestWorker.executeAndMaintainThreadName(TestWorker.java:126)
  at org.gradle.api.internal.tasks.testing.worker.TestWorker.execute(TestWorker.java:103)
  at org.gradle.api.internal.tasks.testing.worker.TestWorker.execute(TestWorker.java:63)
  at org.gradle.process.internal.worker.child.ActionExecutionWorker.execute(ActionExecutionWorker.java:56)
  at org.gradle.process.internal.worker.child.SystemApplicationClassLoaderWorker.call(SystemApplicationClassLoaderWorker.java:122)
  at org.gradle.process.internal.worker.child.SystemApplicationClassLoaderWorker.call(SystemApplicationClassLoaderWorker.java:72)
  at worker.org.gradle.process.internal.worker.GradleWorkerMain.run(GradleWorkerMain.java:69)
  at worker.org.gradle.process.internal.worker.GradleWorkerMain.main(GradleWorkerMain.java:74)
</stacktrace>
</test-failure>


TypeScriptCompilerTests_I[jvm] > inferentialTypingWithObjectLiteralProperties_ts has expected errors matching inferentialTypingWithObjectLiteralProperties_errors_txt[jvm] FAILED

<test-failure test="com.xemantic.typescript.compiler.TypeScriptCompilerTests_I.importHelpersWithLocalCollisions_ts__module_amd__has expected errors matching baseline" platform="jvm">
<message>
--- expected
+++ actual
@@ -1,13 +1,10 @@
 error TS5107: Option 'module=AMD' is deprecated and will stop functioning in TypeScript 7.0. Specify compilerOption '"ignoreDeprecations": "6.0"' to silence this error.
-a.ts(2,1): error TS2354: This syntax requires an imported helper but module 'tslib' cannot be found.
 
 
 !!! error TS5107: Option 'module=AMD' is deprecated and will stop functioning in TypeScript 7.0. Specify compilerOption '"ignoreDeprecations": "6.0"' to silence this error.
-==== a.ts (1 errors) ====
+==== a.ts (0 errors) ====
     declare var dec: any, __decorate: any;
     @dec export class A {
-    ~~~~
-!!! error TS2354: This syntax requires an imported helper but module 'tslib' cannot be found.
     
     }
     

</message>
<stacktrace>
  at org.junit.Assert.fail(Assert.java:89)
  at kotlin.test.junit.JUnitAsserter.fail(JUnitSupport.kt:56)
  at kotlin.test.AssertionsKt__AssertionsKt.fail(Assertions.kt:563)
  at kotlin.test.AssertionsKt.fail(Unknown Source)
  at com.xemantic.kotlin.test.SameAsKt.sameAs(SameAs.kt:52)
  at com.xemantic.typescript.compiler.TypeScriptTestSupportKt.errorsMatchBaseline(TypeScriptTestSupport.kt:135)
  at com.xemantic.typescript.compiler.TypeScriptCompilerTests_I.importHelpersWithLocalCollisions_ts__module_amd__has expected errors matching baseline(TypeScriptCompilerTests_I.kt:1778)
  at java.base/jdk.internal.reflect.DirectMethodHandleAccessor.invoke(DirectMethodHandleAccessor.java:104)
  at java.base/java.lang.reflect.Method.invoke(Method.java:565)
  at org.junit.runners.model.FrameworkMethod$1.runReflectiveCall(FrameworkMethod.java:59)
  at org.junit.internal.runners.model.ReflectiveCallable.run(ReflectiveCallable.java:12)
  at org.junit.runners.model.FrameworkMethod.invokeExplosively(FrameworkMethod.java:56)
  at org.junit.internal.runners.statements.InvokeMethod.evaluate(InvokeMethod.java:17)
  at org.junit.runners.ParentRunner$3.evaluate(ParentRunner.java:306)
  at org.junit.runners.BlockJUnit4ClassRunner$1.evaluate(BlockJUnit4ClassRunner.java:100)
  at org.junit.runners.ParentRunner.runLeaf(ParentRunner.java:366)
  at org.junit.runners.BlockJUnit4ClassRunner.runChild(BlockJUnit4ClassRunner.java:103)
  at org.junit.runners.BlockJUnit4ClassRunner.runChild(BlockJUnit4ClassRunner.java:63)
  at org.junit.runners.ParentRunner$4.run(ParentRunner.java:331)
  at org.junit.runners.ParentRunner$1.schedule(ParentRunner.java:79)
  at org.junit.runners.ParentRunner.runChildren(ParentRunner.java:329)
  at org.junit.runners.ParentRunner.access$100(ParentRunner.java:66)
  at org.junit.runners.ParentRunner$2.evaluate(ParentRunner.java:293)
  at org.junit.runners.ParentRunner$3.evaluate(ParentRunner.java:306)
  at org.junit.runners.ParentRunner.run(ParentRunner.java:413)
  at org.junit.runner.JUnitCore.run(JUnitCore.java:137)
  at org.junit.runner.JUnitCore.run(JUnitCore.java:115)
  at org.gradle.api.internal.tasks.testing.junit.JUnitTestExecutor.runRequest(JUnitTestExecutor.java:175)
  at org.gradle.api.internal.tasks.testing.junit.JUnitTestExecutor.accept(JUnitTestExecutor.java:84)
  at org.gradle.api.internal.tasks.testing.junit.JUnitTestExecutor.accept(JUnitTestExecutor.java:47)
  at org.gradle.api.internal.tasks.testing.junit.AbstractJUnitTestDefinitionProcessor.processTestDefinition(AbstractJUnitTestDefinitionProcessor.java:65)
  at org.gradle.api.internal.tasks.testing.SuiteTestDefinitionProcessor.processTestDefinition(SuiteTestDefinitionProcessor.java:54)
  at java.base/jdk.internal.reflect.DirectMethodHandleAccessor.invoke(DirectMethodHandleAccessor.java:104)
  at java.base/java.lang.reflect.Method.invoke(Method.java:565)
  at org.gradle.internal.dispatch.MethodInvocation.invokeOn(MethodInvocation.java:77)
  at org.gradle.internal.dispatch.ReflectionDispatch.dispatch(ReflectionDispatch.java:28)
  at org.gradle.internal.dispatch.ReflectionDispatch.dispatch(ReflectionDispatch.java:19)
  at org.gradle.internal.dispatch.ContextClassLoaderDispatch.dispatch(ContextClassLoaderDispatch.java:33)
  at org.gradle.internal.dispatch.ProxyDispatchAdapter$DispatchingInvocationHandler.invoke(ProxyDispatchAdapter.java:88)
  at jdk.proxy1/jdk.proxy1.$Proxy4.processTestDefinition(Unknown Source)
  at org.gradle.api.internal.tasks.testing.worker.TestWorker$2.run(TestWorker.java:178)
  at org.gradle.api.internal.tasks.testing.worker.TestWorker.executeAndMaintainThreadName(TestWorker.java:126)
  at org.gradle.api.internal.tasks.testing.worker.TestWorker.execute(TestWorker.java:103)
  at org.gradle.api.internal.tasks.testing.worker.TestWorker.execute(TestWorker.java:63)
  at org.gradle.process.internal.worker.child.ActionExecutionWorker.execute(ActionExecutionWorker.java:56)
  at org.gradle.process.internal.worker.child.SystemApplicationClassLoaderWorker.call(SystemApplicationClassLoaderWorker.java:122)
  at org.gradle.process.internal.worker.child.SystemApplicationClassLoaderWorker.call(SystemApplicationClassLoaderWorker.java:72)
  at worker.org.gradle.process.internal.worker.GradleWorkerMain.run(GradleWorkerMain.java:69)
  at worker.org.gradle.process.internal.worker.GradleWorkerMain.main(GradleWorkerMain.java:74)
</stacktrace>
</test-failure>


TypeScriptCompilerTests_I[jvm] > importHelpersWithLocalCollisions_ts__module_amd__has expected errors matching baseline[jvm] FAILED

<test-failure test="com.xemantic.typescript.compiler.TypeScriptCompilerTests_I.isLiteral1_ts has expected errors matching isLiteral1_errors_txt" platform="jvm">
<message>
Expected diagnostics from baseline typescript-repo/tests/baselines/reference/isLiteral1.errors.txt but none produced
</message>
<stacktrace>
  at com.xemantic.typescript.compiler.TypeScriptTestSupportKt.errorsMatchBaseline(TypeScriptTestSupport.kt:125)
  at com.xemantic.typescript.compiler.TypeScriptCompilerTests_I.isLiteral1_ts has expected errors matching isLiteral1_errors_txt(TypeScriptCompilerTests_I.kt:6489)
  at java.base/jdk.internal.reflect.DirectMethodHandleAccessor.invoke(DirectMethodHandleAccessor.java:104)
  at java.base/java.lang.reflect.Method.invoke(Method.java:565)
  at org.junit.runners.model.FrameworkMethod$1.runReflectiveCall(FrameworkMethod.java:59)
  at org.junit.internal.runners.model.ReflectiveCallable.run(ReflectiveCallable.java:12)
  at org.junit.runners.model.FrameworkMethod.invokeExplosively(FrameworkMethod.java:56)
  at org.junit.internal.runners.statements.InvokeMethod.evaluate(InvokeMethod.java:17)
  at org.junit.runners.ParentRunner$3.evaluate(ParentRunner.java:306)
  at org.junit.runners.BlockJUnit4ClassRunner$1.evaluate(BlockJUnit4ClassRunner.java:100)
  at org.junit.runners.ParentRunner.runLeaf(ParentRunner.java:366)
  at org.junit.runners.BlockJUnit4ClassRunner.runChild(BlockJUnit4ClassRunner.java:103)
  at org.junit.runners.BlockJUnit4ClassRunner.runChild(BlockJUnit4ClassRunner.java:63)
  at org.junit.runners.ParentRunner$4.run(ParentRunner.java:331)
  at org.junit.runners.ParentRunner$1.schedule(ParentRunner.java:79)
  at org.junit.runners.ParentRunner.runChildren(ParentRunner.java:329)
  at org.junit.runners.ParentRunner.access$100(ParentRunner.java:66)
  at org.junit.runners.ParentRunner$2.evaluate(ParentRunner.java:293)
  at org.junit.runners.ParentRunner$3.evaluate(ParentRunner.java:306)
  at org.junit.runners.ParentRunner.run(ParentRunner.java:413)
  at org.junit.runner.JUnitCore.run(JUnitCore.java:137)
  at org.junit.runner.JUnitCore.run(JUnitCore.java:115)
  at org.gradle.api.internal.tasks.testing.junit.JUnitTestExecutor.runRequest(JUnitTestExecutor.java:175)
  at org.gradle.api.internal.tasks.testing.junit.JUnitTestExecutor.accept(JUnitTestExecutor.java:84)
  at org.gradle.api.internal.tasks.testing.junit.JUnitTestExecutor.accept(JUnitTestExecutor.java:47)
  at org.gradle.api.internal.tasks.testing.junit.AbstractJUnitTestDefinitionProcessor.processTestDefinition(AbstractJUnitTestDefinitionProcessor.java:65)
  at org.gradle.api.internal.tasks.testing.SuiteTestDefinitionProcessor.processTestDefinition(SuiteTestDefinitionProcessor.java:54)
  at java.base/jdk.internal.reflect.DirectMethodHandleAccessor.invoke(DirectMethodHandleAccessor.java:104)
  at java.base/java.lang.reflect.Method.invoke(Method.java:565)
  at org.gradle.internal.dispatch.MethodInvocation.invokeOn(MethodInvocation.java:77)
  at org.gradle.internal.dispatch.ReflectionDispatch.dispatch(ReflectionDispatch.java:28)
  at org.gradle.internal.dispatch.ReflectionDispatch.dispatch(ReflectionDispatch.java:19)
  at org.gradle.internal.dispatch.ContextClassLoaderDispatch.dispatch(ContextClassLoaderDispatch.java:33)
  at org.gradle.internal.dispatch.ProxyDispatchAdapter$DispatchingInvocationHandler.invoke(ProxyDispatchAdapter.java:88)
  at jdk.proxy1/jdk.proxy1.$Proxy4.processTestDefinition(Unknown Source)
  at org.gradle.api.internal.tasks.testing.worker.TestWorker$2.run(TestWorker.java:178)
  at org.gradle.api.internal.tasks.testing.worker.TestWorker.executeAndMaintainThreadName(TestWorker.java:126)
  at org.gradle.api.internal.tasks.testing.worker.TestWorker.execute(TestWorker.java:103)
  at org.gradle.api.internal.tasks.testing.worker.TestWorker.execute(TestWorker.java:63)
  at org.gradle.process.internal.worker.child.ActionExecutionWorker.execute(ActionExecutionWorker.java:56)
  at org.gradle.process.internal.worker.child.SystemApplicationClassLoaderWorker.call(SystemApplicationClassLoaderWorker.java:122)
  at org.gradle.process.internal.worker.child.SystemApplicationClassLoaderWorker.call(SystemApplicationClassLoaderWorker.java:72)
  at worker.org.gradle.process.internal.worker.GradleWorkerMain.run(GradleWorkerMain.java:69)
  at worker.org.gradle.process.internal.worker.GradleWorkerMain.main(GradleWorkerMain.java:74)
</stacktrace>
</test-failure>


TypeScriptCompilerTests_I[jvm] > isLiteral1_ts has expected errors matching isLiteral1_errors_txt[jvm] FAILED

<test-failure test="com.xemantic.typescript.compiler.TypeScriptCompilerTests_I.isolatedDeclarationErrorsFunctionDeclarations_ts has expected errors matching isolatedDeclarationErrorsFunctionDeclarations_errors_txt" platform="jvm">
<message>
Expected diagnostics from baseline typescript-repo/tests/baselines/reference/isolatedDeclarationErrorsFunctionDeclarations.errors.txt but none produced
</message>
<stacktrace>
  at com.xemantic.typescript.compiler.TypeScriptTestSupportKt.errorsMatchBaseline(TypeScriptTestSupport.kt:125)
  at com.xemantic.typescript.compiler.TypeScriptCompilerTests_I.isolatedDeclarationErrorsFunctionDeclarations_ts has expected errors matching isolatedDeclarationErrorsFunctionDeclarations_errors_txt(TypeScriptCompilerTests_I.kt:6629)
  at java.base/jdk.internal.reflect.DirectMethodHandleAccessor.invoke(DirectMethodHandleAccessor.java:104)
  at java.base/java.lang.reflect.Method.invoke(Method.java:565)
  at org.junit.runners.model.FrameworkMethod$1.runReflectiveCall(FrameworkMethod.java:59)
  at org.junit.internal.runners.model.ReflectiveCallable.run(ReflectiveCallable.java:12)
  at org.junit.runners.model.FrameworkMethod.invokeExplosively(FrameworkMethod.java:56)
  at org.junit.internal.runners.statements.InvokeMethod.evaluate(InvokeMethod.java:17)
  at org.junit.runners.ParentRunner$3.evaluate(ParentRunner.java:306)
  at org.junit.runners.BlockJUnit4ClassRunner$1.evaluate(BlockJUnit4ClassRunner.java:100)
  at org.junit.runners.ParentRunner.runLeaf(ParentRunner.java:366)
  at org.junit.runners.BlockJUnit4ClassRunner.runChild(BlockJUnit4ClassRunner.java:103)
  at org.junit.runners.BlockJUnit4ClassRunner.runChild(BlockJUnit4ClassRunner.java:63)
  at org.junit.runners.ParentRunner$4.run(ParentRunner.java:331)
  at org.junit.runners.ParentRunner$1.schedule(ParentRunner.java:79)
  at org.junit.runners.ParentRunner.runChildren(ParentRunner.java:329)
  at org.junit.runners.ParentRunner.access$100(ParentRunner.java:66)
  at org.junit.runners.ParentRunner$2.evaluate(ParentRunner.java:293)
  at org.junit.runners.ParentRunner$3.evaluate(ParentRunner.java:306)
  at org.junit.runners.ParentRunner.run(ParentRunner.java:413)
  at org.junit.runner.JUnitCore.run(JUnitCore.java:137)
  at org.junit.runner.JUnitCore.run(JUnitCore.java:115)
  at org.gradle.api.internal.tasks.testing.junit.JUnitTestExecutor.runRequest(JUnitTestExecutor.java:175)
  at org.gradle.api.internal.tasks.testing.junit.JUnitTestExecutor.accept(JUnitTestExecutor.java:84)
  at org.gradle.api.internal.tasks.testing.junit.JUnitTestExecutor.accept(JUnitTestExecutor.java:47)
  at org.gradle.api.internal.tasks.testing.junit.AbstractJUnitTestDefinitionProcessor.processTestDefinition(AbstractJUnitTestDefinitionProcessor.java:65)
  at org.gradle.api.internal.tasks.testing.SuiteTestDefinitionProcessor.processTestDefinition(SuiteTestDefinitionProcessor.java:54)
  at java.base/jdk.internal.reflect.DirectMethodHandleAccessor.invoke(DirectMethodHandleAccessor.java:104)
  at java.base/java.lang.reflect.Method.invoke(Method.java:565)
  at org.gradle.internal.dispatch.MethodInvocation.invokeOn(MethodInvocation.java:77)
  at org.gradle.internal.dispatch.ReflectionDispatch.dispatch(ReflectionDispatch.java:28)
  at org.gradle.internal.dispatch.ReflectionDispatch.dispatch(ReflectionDispatch.java:19)
  at org.gradle.internal.dispatch.ContextClassLoaderDispatch.dispatch(ContextClassLoaderDispatch.java:33)
  at org.gradle.internal.dispatch.ProxyDispatchAdapter$DispatchingInvocationHandler.invoke(ProxyDispatchAdapter.java:88)
  at jdk.proxy1/jdk.proxy1.$Proxy4.processTestDefinition(Unknown Source)
  at org.gradle.api.internal.tasks.testing.worker.TestWorker$2.run(TestWorker.java:178)
  at org.gradle.api.internal.tasks.testing.worker.TestWorker.executeAndMaintainThreadName(TestWorker.java:126)
  at org.gradle.api.internal.tasks.testing.worker.TestWorker.execute(TestWorker.java:103)
  at org.gradle.api.internal.tasks.testing.worker.TestWorker.execute(TestWorker.java:63)
  at org.gradle.process.internal.worker.child.ActionExecutionWorker.execute(ActionExecutionWorker.java:56)
  at org.gradle.process.internal.worker.child.SystemApplicationClassLoaderWorker.call(SystemApplicationClassLoaderWorker.java:122)
  at org.gradle.process.internal.worker.child.SystemApplicationClassLoaderWorker.call(SystemApplicationClassLoaderWorker.java:72)
  at worker.org.gradle.process.internal.worker.GradleWorkerMain.run(GradleWorkerMain.java:69)
  at worker.org.gradle.process.internal.worker.GradleWorkerMain.main(GradleWorkerMain.java:74)
</stacktrace>
</test-failure>


TypeScriptCompilerTests_I[jvm] > isolatedDeclarationErrorsFunctionDeclarations_ts has expected errors matching isolatedDeclarationErrorsFunctionDeclarations_errors_txt[jvm] FAILED

<test-failure test="com.xemantic.typescript.compiler.TypeScriptCompilerTests_I.indexIntoArraySubclass_ts has expected errors matching indexIntoArraySubclass_errors_txt" platform="jvm">
<message>
Expected diagnostics from baseline typescript-repo/tests/baselines/reference/indexIntoArraySubclass.errors.txt but none produced
</message>
<stacktrace>
  at com.xemantic.typescript.compiler.TypeScriptTestSupportKt.errorsMatchBaseline(TypeScriptTestSupport.kt:125)
  at com.xemantic.typescript.compiler.TypeScriptCompilerTests_I.indexIntoArraySubclass_ts has expected errors matching indexIntoArraySubclass_errors_txt(TypeScriptCompilerTests_I.kt:2583)
  at java.base/jdk.internal.reflect.DirectMethodHandleAccessor.invoke(DirectMethodHandleAccessor.java:104)
  at java.base/java.lang.reflect.Method.invoke(Method.java:565)
  at org.junit.runners.model.FrameworkMethod$1.runReflectiveCall(FrameworkMethod.java:59)
  at org.junit.internal.runners.model.ReflectiveCallable.run(ReflectiveCallable.java:12)
  at org.junit.runners.model.FrameworkMethod.invokeExplosively(FrameworkMethod.java:56)
  at org.junit.internal.runners.statements.InvokeMethod.evaluate(InvokeMethod.java:17)
  at org.junit.runners.ParentRunner$3.evaluate(ParentRunner.java:306)
  at org.junit.runners.BlockJUnit4ClassRunner$1.evaluate(BlockJUnit4ClassRunner.java:100)
  at org.junit.runners.ParentRunner.runLeaf(ParentRunner.java:366)
  at org.junit.runners.BlockJUnit4ClassRunner.runChild(BlockJUnit4ClassRunner.java:103)
  at org.junit.runners.BlockJUnit4ClassRunner.runChild(BlockJUnit4ClassRunner.java:63)
  at org.junit.runners.ParentRunner$4.run(ParentRunner.java:331)
  at org.junit.runners.ParentRunner$1.schedule(ParentRunner.java:79)
  at org.junit.runners.ParentRunner.runChildren(ParentRunner.java:329)
  at org.junit.runners.ParentRunner.access$100(ParentRunner.java:66)
  at org.junit.runners.ParentRunner$2.evaluate(ParentRunner.java:293)
  at org.junit.runners.ParentRunner$3.evaluate(ParentRunner.java:306)
  at org.junit.runners.ParentRunner.run(ParentRunner.java:413)
  at org.junit.runner.JUnitCore.run(JUnitCore.java:137)
  at org.junit.runner.JUnitCore.run(JUnitCore.java:115)
  at org.gradle.api.internal.tasks.testing.junit.JUnitTestExecutor.runRequest(JUnitTestExecutor.java:175)
  at org.gradle.api.internal.tasks.testing.junit.JUnitTestExecutor.accept(JUnitTestExecutor.java:84)
  at org.gradle.api.internal.tasks.testing.junit.JUnitTestExecutor.accept(JUnitTestExecutor.java:47)
  at org.gradle.api.internal.tasks.testing.junit.AbstractJUnitTestDefinitionProcessor.processTestDefinition(AbstractJUnitTestDefinitionProcessor.java:65)
  at org.gradle.api.internal.tasks.testing.SuiteTestDefinitionProcessor.processTestDefinition(SuiteTestDefinitionProcessor.java:54)
  at java.base/jdk.internal.reflect.DirectMethodHandleAccessor.invoke(DirectMethodHandleAccessor.java:104)
  at java.base/java.lang.reflect.Method.invoke(Method.java:565)
  at org.gradle.internal.dispatch.MethodInvocation.invokeOn(MethodInvocation.java:77)
  at org.gradle.internal.dispatch.ReflectionDispatch.dispatch(ReflectionDispatch.java:28)
  at org.gradle.internal.dispatch.ReflectionDispatch.dispatch(ReflectionDispatch.java:19)
  at org.gradle.internal.dispatch.ContextClassLoaderDispatch.dispatch(ContextClassLoaderDispatch.java:33)
  at org.gradle.internal.dispatch.ProxyDispatchAdapter$DispatchingInvocationHandler.invoke(ProxyDispatchAdapter.java:88)
  at jdk.proxy1/jdk.proxy1.$Proxy4.processTestDefinition(Unknown Source)
  at org.gradle.api.internal.tasks.testing.worker.TestWorker$2.run(TestWorker.java:178)
  at org.gradle.api.internal.tasks.testing.worker.TestWorker.executeAndMaintainThreadName(TestWorker.java:126)
  at org.gradle.api.internal.tasks.testing.worker.TestWorker.execute(TestWorker.java:103)
  at org.gradle.api.internal.tasks.testing.worker.TestWorker.execute(TestWorker.java:63)
  at org.gradle.process.internal.worker.child.ActionExecutionWorker.execute(ActionExecutionWorker.java:56)
  at org.gradle.process.internal.worker.child.SystemApplicationClassLoaderWorker.call(SystemApplicationClassLoaderWorker.java:122)
  at org.gradle.process.internal.worker.child.SystemApplicationClassLoaderWorker.call(SystemApplicationClassLoaderWorker.java:72)
  at worker.org.gradle.process.internal.worker.GradleWorkerMain.run(GradleWorkerMain.java:69)
  at worker.org.gradle.process.internal.worker.GradleWorkerMain.main(GradleWorkerMain.java:74)
</stacktrace>
</test-failure>


TypeScriptCompilerTests_I[jvm] > indexIntoArraySubclass_ts has expected errors matching indexIntoArraySubclass_errors_txt[jvm] FAILED

<test-failure test="com.xemantic.typescript.compiler.TypeScriptCompilerTests_I.importTypeWithUnparenthesizedGenericFunctionParsed_ts compiles to JavaScript matching importTypeWithUnparenthesizedGenericFunctionParsed_js" platform="jvm">
<message>
--- expected
+++ actual
@@ -4,4 +4,5 @@
 export declare const fail1: import("module").Modifier<<T>(x: T) => T>; // shouldn't be a parse error
 
 //// [importTypeWithUnparenthesizedGenericFunctionParsed.js]
+ << T > (x) => T > ; // shouldn't be a parse error
 export {};

</message>
<stacktrace>
  at org.junit.Assert.fail(Assert.java:89)
  at kotlin.test.junit.JUnitAsserter.fail(JUnitSupport.kt:56)
  at kotlin.test.AssertionsKt__AssertionsKt.fail(Assertions.kt:563)
  at kotlin.test.AssertionsKt.fail(Unknown Source)
  at com.xemantic.kotlin.test.SameAsKt.sameAs(SameAs.kt:52)
  at com.xemantic.typescript.compiler.TypeScriptTestSupportKt.sameAs(TypeScriptTestSupport.kt:99)
  at com.xemantic.typescript.compiler.TypeScriptCompilerTests_I.importTypeWithUnparenthesizedGenericFunctionParsed_ts compiles to JavaScript matching importTypeWithUnparenthesizedGenericFunctionParsed_js(TypeScriptCompilerTests_I.kt:2009)
  at java.base/jdk.internal.reflect.DirectMethodHandleAccessor.invoke(DirectMethodHandleAccessor.java:104)
  at java.base/java.lang.reflect.Method.invoke(Method.java:565)
  at org.junit.runners.model.FrameworkMethod$1.runReflectiveCall(FrameworkMethod.java:59)
  at org.junit.internal.runners.model.ReflectiveCallable.run(ReflectiveCallable.java:12)
  at org.junit.runners.model.FrameworkMethod.invokeExplosively(FrameworkMethod.java:56)
  at org.junit.internal.runners.statements.InvokeMethod.evaluate(InvokeMethod.java:17)
  at org.junit.runners.ParentRunner$3.evaluate(ParentRunner.java:306)
  at org.junit.runners.BlockJUnit4ClassRunner$1.evaluate(BlockJUnit4ClassRunner.java:100)
  at org.junit.runners.ParentRunner.runLeaf(ParentRunner.java:366)
  at org.junit.runners.BlockJUnit4ClassRunner.runChild(BlockJUnit4ClassRunner.java:103)
  at org.junit.runners.BlockJUnit4ClassRunner.runChild(BlockJUnit4ClassRunner.java:63)
  at org.junit.runners.ParentRunner$4.run(ParentRunner.java:331)
  at org.junit.runners.ParentRunner$1.schedule(ParentRunner.java:79)
  at org.junit.runners.ParentRunner.runChildren(ParentRunner.java:329)
  at org.junit.runners.ParentRunner.access$100(ParentRunner.java:66)
  at org.junit.runners.ParentRunner$2.evaluate(ParentRunner.java:293)
  at org.junit.runners.ParentRunner$3.evaluate(ParentRunner.java:306)
  at org.junit.runners.ParentRunner.run(ParentRunner.java:413)
  at org.junit.runner.JUnitCore.run(JUnitCore.java:137)
  at org.junit.runner.JUnitCore.run(JUnitCore.java:115)
  at org.gradle.api.internal.tasks.testing.junit.JUnitTestExecutor.runRequest(JUnitTestExecutor.java:175)
  at org.gradle.api.internal.tasks.testing.junit.JUnitTestExecutor.accept(JUnitTestExecutor.java:84)
  at org.gradle.api.internal.tasks.testing.junit.JUnitTestExecutor.accept(JUnitTestExecutor.java:47)
  at org.gradle.api.internal.tasks.testing.junit.AbstractJUnitTestDefinitionProcessor.processTestDefinition(AbstractJUnitTestDefinitionProcessor.java:65)
  at org.gradle.api.internal.tasks.testing.SuiteTestDefinitionProcessor.processTestDefinition(SuiteTestDefinitionProcessor.java:54)
  at java.base/jdk.internal.reflect.DirectMethodHandleAccessor.invoke(DirectMethodHandleAccessor.java:104)
  at java.base/java.lang.reflect.Method.invoke(Method.java:565)
  at org.gradle.internal.dispatch.MethodInvocation.invokeOn(MethodInvocation.java:77)
  at org.gradle.internal.dispatch.ReflectionDispatch.dispatch(ReflectionDispatch.java:28)
  at org.gradle.internal.dispatch.ReflectionDispatch.dispatch(ReflectionDispatch.java:19)
  at org.gradle.internal.dispatch.ContextClassLoaderDispatch.dispatch(ContextClassLoaderDispatch.java:33)
  at org.gradle.internal.dispatch.ProxyDispatchAdapter$DispatchingInvocationHandler.invoke(ProxyDispatchAdapter.java:88)
  at jdk.proxy1/jdk.proxy1.$Proxy4.processTestDefinition(Unknown Source)
  at org.gradle.api.internal.tasks.testing.worker.TestWorker$2.run(TestWorker.java:178)
  at org.gradle.api.internal.tasks.testing.worker.TestWorker.executeAndMaintainThreadName(TestWorker.java:126)
  at org.gradle.api.internal.tasks.testing.worker.TestWorker.execute(TestWorker.java:103)
  at org.gradle.api.internal.tasks.testing.worker.TestWorker.execute(TestWorker.java:63)
  at org.gradle.process.internal.worker.child.ActionExecutionWorker.execute(ActionExecutionWorker.java:56)
  at org.gradle.process.internal.worker.child.SystemApplicationClassLoaderWorker.call(SystemApplicationClassLoaderWorker.java:122)
  at org.gradle.process.internal.worker.child.SystemApplicationClassLoaderWorker.call(SystemApplicationClassLoaderWorker.java:72)
  at worker.org.gradle.process.internal.worker.GradleWorkerMain.run(GradleWorkerMain.java:69)
  at worker.org.gradle.process.internal.worker.GradleWorkerMain.main(GradleWorkerMain.java:74)
</stacktrace>
</test-failure>


TypeScriptCompilerTests_I[jvm] > importTypeWithUnparenthesizedGenericFunctionParsed_ts compiles to JavaScript matching importTypeWithUnparenthesizedGenericFunctionParsed_js[jvm] FAILED

<test-failure test="com.xemantic.typescript.compiler.TypeScriptCompilerTests_I.inKeywordAndUnknown_ts has expected errors matching inKeywordAndUnknown_errors_txt" platform="jvm">
<message>
Expected diagnostics from baseline typescript-repo/tests/baselines/reference/inKeywordAndUnknown.errors.txt but none produced
</message>
<stacktrace>
  at com.xemantic.typescript.compiler.TypeScriptTestSupportKt.errorsMatchBaseline(TypeScriptTestSupport.kt:125)
  at com.xemantic.typescript.compiler.TypeScriptCompilerTests_I.inKeywordAndUnknown_ts has expected errors matching inKeywordAndUnknown_errors_txt(TypeScriptCompilerTests_I.kt:2275)
  at java.base/jdk.internal.reflect.DirectMethodHandleAccessor.invoke(DirectMethodHandleAccessor.java:104)
  at java.base/java.lang.reflect.Method.invoke(Method.java:565)
  at org.junit.runners.model.FrameworkMethod$1.runReflectiveCall(FrameworkMethod.java:59)
  at org.junit.internal.runners.model.ReflectiveCallable.run(ReflectiveCallable.java:12)
  at org.junit.runners.model.FrameworkMethod.invokeExplosively(FrameworkMethod.java:56)
  at org.junit.internal.runners.statements.InvokeMethod.evaluate(InvokeMethod.java:17)
  at org.junit.runners.ParentRunner$3.evaluate(ParentRunner.java:306)
  at org.junit.runners.BlockJUnit4ClassRunner$1.evaluate(BlockJUnit4ClassRunner.java:100)
  at org.junit.runners.ParentRunner.runLeaf(ParentRunner.java:366)
  at org.junit.runners.BlockJUnit4ClassRunner.runChild(BlockJUnit4ClassRunner.java:103)
  at org.junit.runners.BlockJUnit4ClassRunner.runChild(BlockJUnit4ClassRunner.java:63)
  at org.junit.runners.ParentRunner$4.run(ParentRunner.java:331)
  at org.junit.runners.ParentRunner$1.schedule(ParentRunner.java:79)
  at org.junit.runners.ParentRunner.runChildren(ParentRunner.java:329)
  at org.junit.runners.ParentRunner.access$100(ParentRunner.java:66)
  at org.junit.runners.ParentRunner$2.evaluate(ParentRunner.java:293)
  at org.junit.runners.ParentRunner$3.evaluate(ParentRunner.java:306)
  at org.junit.runners.ParentRunner.run(ParentRunner.java:413)
  at org.junit.runner.JUnitCore.run(JUnitCore.java:137)
  at org.junit.runner.JUnitCore.run(JUnitCore.java:115)
  at org.gradle.api.internal.tasks.testing.junit.JUnitTestExecutor.runRequest(JUnitTestExecutor.java:175)
  at org.gradle.api.internal.tasks.testing.junit.JUnitTestExecutor.accept(JUnitTestExecutor.java:84)
  at org.gradle.api.internal.tasks.testing.junit.JUnitTestExecutor.accept(JUnitTestExecutor.java:47)
  at org.gradle.api.internal.tasks.testing.junit.AbstractJUnitTestDefinitionProcessor.processTestDefinition(AbstractJUnitTestDefinitionProcessor.java:65)
  at org.gradle.api.internal.tasks.testing.SuiteTestDefinitionProcessor.processTestDefinition(SuiteTestDefinitionProcessor.java:54)
  at java.base/jdk.internal.reflect.DirectMethodHandleAccessor.invoke(DirectMethodHandleAccessor.java:104)
  at java.base/java.lang.reflect.Method.invoke(Method.java:565)
  at org.gradle.internal.dispatch.MethodInvocation.invokeOn(MethodInvocation.java:77)
  at org.gradle.internal.dispatch.ReflectionDispatch.dispatch(ReflectionDispatch.java:28)
  at org.gradle.internal.dispatch.ReflectionDispatch.dispatch(ReflectionDispatch.java:19)
  at org.gradle.internal.dispatch.ContextClassLoaderDispatch.dispatch(ContextClassLoaderDispatch.java:33)
  at org.gradle.internal.dispatch.ProxyDispatchAdapter$DispatchingInvocationHandler.invoke(ProxyDispatchAdapter.java:88)
  at jdk.proxy1/jdk.proxy1.$Proxy4.processTestDefinition(Unknown Source)
  at org.gradle.api.internal.tasks.testing.worker.TestWorker$2.run(TestWorker.java:178)
  at org.gradle.api.internal.tasks.testing.worker.TestWorker.executeAndMaintainThreadName(TestWorker.java:126)
  at org.gradle.api.internal.tasks.testing.worker.TestWorker.execute(TestWorker.java:103)
  at org.gradle.api.internal.tasks.testing.worker.TestWorker.execute(TestWorker.java:63)
  at org.gradle.process.internal.worker.child.ActionExecutionWorker.execute(ActionExecutionWorker.java:56)
  at org.gradle.process.internal.worker.child.SystemApplicationClassLoaderWorker.call(SystemApplicationClassLoaderWorker.java:122)
  at org.gradle.process.internal.worker.child.SystemApplicationClassLoaderWorker.call(SystemApplicationClassLoaderWorker.java:72)
  at worker.org.gradle.process.internal.worker.GradleWorkerMain.run(GradleWorkerMain.java:69)
  at worker.org.gradle.process.internal.worker.GradleWorkerMain.main(GradleWorkerMain.java:74)
</stacktrace>
</test-failure>


TypeScriptCompilerTests_I[jvm] > inKeywordAndUnknown_ts has expected errors matching inKeywordAndUnknown_errors_txt[jvm] FAILED

<test-failure test="com.xemantic.typescript.compiler.TypeScriptCompilerTests_I.instanceofWithPrimitiveUnion_ts has expected errors matching instanceofWithPrimitiveUnion_errors_txt" platform="jvm">
<message>
Expected diagnostics from baseline typescript-repo/tests/baselines/reference/instanceofWithPrimitiveUnion.errors.txt but none produced
</message>
<stacktrace>
  at com.xemantic.typescript.compiler.TypeScriptTestSupportKt.errorsMatchBaseline(TypeScriptTestSupport.kt:125)
  at com.xemantic.typescript.compiler.TypeScriptCompilerTests_I.instanceofWithPrimitiveUnion_ts has expected errors matching instanceofWithPrimitiveUnion_errors_txt(TypeScriptCompilerTests_I.kt:4718)
  at java.base/jdk.internal.reflect.DirectMethodHandleAccessor.invoke(DirectMethodHandleAccessor.java:104)
  at java.base/java.lang.reflect.Method.invoke(Method.java:565)
  at org.junit.runners.model.FrameworkMethod$1.runReflectiveCall(FrameworkMethod.java:59)
  at org.junit.internal.runners.model.ReflectiveCallable.run(ReflectiveCallable.java:12)
  at org.junit.runners.model.FrameworkMethod.invokeExplosively(FrameworkMethod.java:56)
  at org.junit.internal.runners.statements.InvokeMethod.evaluate(InvokeMethod.java:17)
  at org.junit.runners.ParentRunner$3.evaluate(ParentRunner.java:306)
  at org.junit.runners.BlockJUnit4ClassRunner$1.evaluate(BlockJUnit4ClassRunner.java:100)
  at org.junit.runners.ParentRunner.runLeaf(ParentRunner.java:366)
  at org.junit.runners.BlockJUnit4ClassRunner.runChild(BlockJUnit4ClassRunner.java:103)
  at org.junit.runners.BlockJUnit4ClassRunner.runChild(BlockJUnit4ClassRunner.java:63)
  at org.junit.runners.ParentRunner$4.run(ParentRunner.java:331)
  at org.junit.runners.ParentRunner$1.schedule(ParentRunner.java:79)
  at org.junit.runners.ParentRunner.runChildren(ParentRunner.java:329)
  at org.junit.runners.ParentRunner.access$100(ParentRunner.java:66)
  at org.junit.runners.ParentRunner$2.evaluate(ParentRunner.java:293)
  at org.junit.runners.ParentRunner$3.evaluate(ParentRunner.java:306)
  at org.junit.runners.ParentRunner.run(ParentRunner.java:413)
  at org.junit.runner.JUnitCore.run(JUnitCore.java:137)
  at org.junit.runner.JUnitCore.run(JUnitCore.java:115)
  at org.gradle.api.internal.tasks.testing.junit.JUnitTestExecutor.runRequest(JUnitTestExecutor.java:175)
  at org.gradle.api.internal.tasks.testing.junit.JUnitTestExecutor.accept(JUnitTestExecutor.java:84)
  at org.gradle.api.internal.tasks.testing.junit.JUnitTestExecutor.accept(JUnitTestExecutor.java:47)
  at org.gradle.api.internal.tasks.testing.junit.AbstractJUnitTestDefinitionProcessor.processTestDefinition(AbstractJUnitTestDefinitionProcessor.java:65)
  at org.gradle.api.internal.tasks.testing.SuiteTestDefinitionProcessor.processTestDefinition(SuiteTestDefinitionProcessor.java:54)
  at java.base/jdk.internal.reflect.DirectMethodHandleAccessor.invoke(DirectMethodHandleAccessor.java:104)
  at java.base/java.lang.reflect.Method.invoke(Method.java:565)
  at org.gradle.internal.dispatch.MethodInvocation.invokeOn(MethodInvocation.java:77)
  at org.gradle.internal.dispatch.ReflectionDispatch.dispatch(ReflectionDispatch.java:28)
  at org.gradle.internal.dispatch.ReflectionDispatch.dispatch(ReflectionDispatch.java:19)
  at org.gradle.internal.dispatch.ContextClassLoaderDispatch.dispatch(ContextClassLoaderDispatch.java:33)
  at org.gradle.internal.dispatch.ProxyDispatchAdapter$DispatchingInvocationHandler.invoke(ProxyDispatchAdapter.java:88)
  at jdk.proxy1/jdk.proxy1.$Proxy4.processTestDefinition(Unknown Source)
  at org.gradle.api.internal.tasks.testing.worker.TestWorker$2.run(TestWorker.java:178)
  at org.gradle.api.internal.tasks.testing.worker.TestWorker.executeAndMaintainThreadName(TestWorker.java:126)
  at org.gradle.api.internal.tasks.testing.worker.TestWorker.execute(TestWorker.java:103)
  at org.gradle.api.internal.tasks.testing.worker.TestWorker.execute(TestWorker.java:63)
  at org.gradle.process.internal.worker.child.ActionExecutionWorker.execute(ActionExecutionWorker.java:56)
  at org.gradle.process.internal.worker.child.SystemApplicationClassLoaderWorker.call(SystemApplicationClassLoaderWorker.java:122)
  at org.gradle.process.internal.worker.child.SystemApplicationClassLoaderWorker.call(SystemApplicationClassLoaderWorker.java:72)
  at worker.org.gradle.process.internal.worker.GradleWorkerMain.run(GradleWorkerMain.java:69)
  at worker.org.gradle.process.internal.worker.GradleWorkerMain.main(GradleWorkerMain.java:74)
</stacktrace>
</test-failure>


TypeScriptCompilerTests_I[jvm] > instanceofWithPrimitiveUnion_ts has expected errors matching instanceofWithPrimitiveUnion_errors_txt[jvm] FAILED

<test-failure test="com.xemantic.typescript.compiler.TypeScriptCompilerTests_I.identityForSignaturesWithTypeParametersSwitched_ts has expected errors matching identityForSignaturesWithTypeParametersSwitched_errors_txt" platform="jvm">
<message>
Expected diagnostics from baseline typescript-repo/tests/baselines/reference/identityForSignaturesWithTypeParametersSwitched.errors.txt but none produced
</message>
<stacktrace>
  at com.xemantic.typescript.compiler.TypeScriptTestSupportKt.errorsMatchBaseline(TypeScriptTestSupport.kt:125)
  at com.xemantic.typescript.compiler.TypeScriptCompilerTests_I.identityForSignaturesWithTypeParametersSwitched_ts has expected errors matching identityForSignaturesWithTypeParametersSwitched_errors_txt(TypeScriptCompilerTests_I.kt:112)
  at java.base/jdk.internal.reflect.DirectMethodHandleAccessor.invoke(DirectMethodHandleAccessor.java:104)
  at java.base/java.lang.reflect.Method.invoke(Method.java:565)
  at org.junit.runners.model.FrameworkMethod$1.runReflectiveCall(FrameworkMethod.java:59)
  at org.junit.internal.runners.model.ReflectiveCallable.run(ReflectiveCallable.java:12)
  at org.junit.runners.model.FrameworkMethod.invokeExplosively(FrameworkMethod.java:56)
  at org.junit.internal.runners.statements.InvokeMethod.evaluate(InvokeMethod.java:17)
  at org.junit.runners.ParentRunner$3.evaluate(ParentRunner.java:306)
  at org.junit.runners.BlockJUnit4ClassRunner$1.evaluate(BlockJUnit4ClassRunner.java:100)
  at org.junit.runners.ParentRunner.runLeaf(ParentRunner.java:366)
  at org.junit.runners.BlockJUnit4ClassRunner.runChild(BlockJUnit4ClassRunner.java:103)
  at org.junit.runners.BlockJUnit4ClassRunner.runChild(BlockJUnit4ClassRunner.java:63)
  at org.junit.runners.ParentRunner$4.run(ParentRunner.java:331)
  at org.junit.runners.ParentRunner$1.schedule(ParentRunner.java:79)
  at org.junit.runners.ParentRunner.runChildren(ParentRunner.java:329)
  at org.junit.runners.ParentRunner.access$100(ParentRunner.java:66)
  at org.junit.runners.ParentRunner$2.evaluate(ParentRunner.java:293)
  at org.junit.runners.ParentRunner$3.evaluate(ParentRunner.java:306)
  at org.junit.runners.ParentRunner.run(ParentRunner.java:413)
  at org.junit.runner.JUnitCore.run(JUnitCore.java:137)
  at org.junit.runner.JUnitCore.run(JUnitCore.java:115)
  at org.gradle.api.internal.tasks.testing.junit.JUnitTestExecutor.runRequest(JUnitTestExecutor.java:175)
  at org.gradle.api.internal.tasks.testing.junit.JUnitTestExecutor.accept(JUnitTestExecutor.java:84)
  at org.gradle.api.internal.tasks.testing.junit.JUnitTestExecutor.accept(JUnitTestExecutor.java:47)
  at org.gradle.api.internal.tasks.testing.junit.AbstractJUnitTestDefinitionProcessor.processTestDefinition(AbstractJUnitTestDefinitionProcessor.java:65)
  at org.gradle.api.internal.tasks.testing.SuiteTestDefinitionProcessor.processTestDefinition(SuiteTestDefinitionProcessor.java:54)
  at java.base/jdk.internal.reflect.DirectMethodHandleAccessor.invoke(DirectMethodHandleAccessor.java:104)
  at java.base/java.lang.reflect.Method.invoke(Method.java:565)
  at org.gradle.internal.dispatch.MethodInvocation.invokeOn(MethodInvocation.java:77)
  at org.gradle.internal.dispatch.ReflectionDispatch.dispatch(ReflectionDispatch.java:28)
  at org.gradle.internal.dispatch.ReflectionDispatch.dispatch(ReflectionDispatch.java:19)
  at org.gradle.internal.dispatch.ContextClassLoaderDispatch.dispatch(ContextClassLoaderDispatch.java:33)
  at org.gradle.internal.dispatch.ProxyDispatchAdapter$DispatchingInvocationHandler.invoke(ProxyDispatchAdapter.java:88)
  at jdk.proxy1/jdk.proxy1.$Proxy4.processTestDefinition(Unknown Source)
  at org.gradle.api.internal.tasks.testing.worker.TestWorker$2.run(TestWorker.java:178)
  at org.gradle.api.internal.tasks.testing.worker.TestWorker.executeAndMaintainThreadName(TestWorker.java:126)
  at org.gradle.api.internal.tasks.testing.worker.TestWorker.execute(TestWorker.java:103)
  at org.gradle.api.internal.tasks.testing.worker.TestWorker.execute(TestWorker.java:63)
  at org.gradle.process.internal.worker.child.ActionExecutionWorker.execute(ActionExecutionWorker.java:56)
  at org.gradle.process.internal.worker.child.SystemApplicationClassLoaderWorker.call(SystemApplicationClassLoaderWorker.java:122)
  at org.gradle.process.internal.worker.child.SystemApplicationClassLoaderWorker.call(SystemApplicationClassLoaderWorker.java:72)
  at worker.org.gradle.process.internal.worker.GradleWorkerMain.run(GradleWorkerMain.java:69)
  at worker.org.gradle.process.internal.worker.GradleWorkerMain.main(GradleWorkerMain.java:74)
</stacktrace>
</test-failure>


TypeScriptCompilerTests_I[jvm] > identityForSignaturesWithTypeParametersSwitched_ts has expected errors matching identityForSignaturesWithTypeParametersSwitched_errors_txt[jvm] FAILED

<test-failure test="com.xemantic.typescript.compiler.TypeScriptCompilerTests_I.inheritedStringIndexersFromDifferentBaseTypes2_ts has expected errors matching inheritedStringIndexersFromDifferentBaseTypes2_errors_txt" platform="jvm">
<message>
Expected diagnostics from baseline typescript-repo/tests/baselines/reference/inheritedStringIndexersFromDifferentBaseTypes2.errors.txt but none produced
</message>
<stacktrace>
  at com.xemantic.typescript.compiler.TypeScriptTestSupportKt.errorsMatchBaseline(TypeScriptTestSupport.kt:125)
  at com.xemantic.typescript.compiler.TypeScriptCompilerTests_I.inheritedStringIndexersFromDifferentBaseTypes2_ts has expected errors matching inheritedStringIndexersFromDifferentBaseTypes2_errors_txt(TypeScriptCompilerTests_I.kt:4368)
  at java.base/jdk.internal.reflect.DirectMethodHandleAccessor.invoke(DirectMethodHandleAccessor.java:104)
  at java.base/java.lang.reflect.Method.invoke(Method.java:565)
  at org.junit.runners.model.FrameworkMethod$1.runReflectiveCall(FrameworkMethod.java:59)
  at org.junit.internal.runners.model.ReflectiveCallable.run(ReflectiveCallable.java:12)
  at org.junit.runners.model.FrameworkMethod.invokeExplosively(FrameworkMethod.java:56)
  at org.junit.internal.runners.statements.InvokeMethod.evaluate(InvokeMethod.java:17)
  at org.junit.runners.ParentRunner$3.evaluate(ParentRunner.java:306)
  at org.junit.runners.BlockJUnit4ClassRunner$1.evaluate(BlockJUnit4ClassRunner.java:100)
  at org.junit.runners.ParentRunner.runLeaf(ParentRunner.java:366)
  at org.junit.runners.BlockJUnit4ClassRunner.runChild(BlockJUnit4ClassRunner.java:103)
  at org.junit.runners.BlockJUnit4ClassRunner.runChild(BlockJUnit4ClassRunner.java:63)
  at org.junit.runners.ParentRunner$4.run(ParentRunner.java:331)
  at org.junit.runners.ParentRunner$1.schedule(ParentRunner.java:79)
  at org.junit.runners.ParentRunner.runChildren(ParentRunner.java:329)
  at org.junit.runners.ParentRunner.access$100(ParentRunner.java:66)
  at org.junit.runners.ParentRunner$2.evaluate(ParentRunner.java:293)
  at org.junit.runners.ParentRunner$3.evaluate(ParentRunner.java:306)
  at org.junit.runners.ParentRunner.run(ParentRunner.java:413)
  at org.junit.runner.JUnitCore.run(JUnitCore.java:137)
  at org.junit.runner.JUnitCore.run(JUnitCore.java:115)
  at org.gradle.api.internal.tasks.testing.junit.JUnitTestExecutor.runRequest(JUnitTestExecutor.java:175)
  at org.gradle.api.internal.tasks.testing.junit.JUnitTestExecutor.accept(JUnitTestExecutor.java:84)
  at org.gradle.api.internal.tasks.testing.junit.JUnitTestExecutor.accept(JUnitTestExecutor.java:47)
  at org.gradle.api.internal.tasks.testing.junit.AbstractJUnitTestDefinitionProcessor.processTestDefinition(AbstractJUnitTestDefinitionProcessor.java:65)
  at org.gradle.api.internal.tasks.testing.SuiteTestDefinitionProcessor.processTestDefinition(SuiteTestDefinitionProcessor.java:54)
  at java.base/jdk.internal.reflect.DirectMethodHandleAccessor.invoke(DirectMethodHandleAccessor.java:104)
  at java.base/java.lang.reflect.Method.invoke(Method.java:565)
  at org.gradle.internal.dispatch.MethodInvocation.invokeOn(MethodInvocation.java:77)
  at org.gradle.internal.dispatch.ReflectionDispatch.dispatch(ReflectionDispatch.java:28)
  at org.gradle.internal.dispatch.ReflectionDispatch.dispatch(ReflectionDispatch.java:19)
  at org.gradle.internal.dispatch.ContextClassLoaderDispatch.dispatch(ContextClassLoaderDispatch.java:33)
  at org.gradle.internal.dispatch.ProxyDispatchAdapter$DispatchingInvocationHandler.invoke(ProxyDispatchAdapter.java:88)
  at jdk.proxy1/jdk.proxy1.$Proxy4.processTestDefinition(Unknown Source)
  at org.gradle.api.internal.tasks.testing.worker.TestWorker$2.run(TestWorker.java:178)
  at org.gradle.api.internal.tasks.testing.worker.TestWorker.executeAndMaintainThreadName(TestWorker.java:126)
  at org.gradle.api.internal.tasks.testing.worker.TestWorker.execute(TestWorker.java:103)
  at org.gradle.api.internal.tasks.testing.worker.TestWorker.execute(TestWorker.java:63)
  at org.gradle.process.internal.worker.child.ActionExecutionWorker.execute(ActionExecutionWorker.java:56)
  at org.gradle.process.internal.worker.child.SystemApplicationClassLoaderWorker.call(SystemApplicationClassLoaderWorker.java:122)
  at org.gradle.process.internal.worker.child.SystemApplicationClassLoaderWorker.call(SystemApplicationClassLoaderWorker.java:72)
  at worker.org.gradle.process.internal.worker.GradleWorkerMain.run(GradleWorkerMain.java:69)
  at worker.org.gradle.process.internal.worker.GradleWorkerMain.main(GradleWorkerMain.java:74)
</stacktrace>
</test-failure>


TypeScriptCompilerTests_I[jvm] > inheritedStringIndexersFromDifferentBaseTypes2_ts has expected errors matching inheritedStringIndexersFromDifferentBaseTypes2_errors_txt[jvm] FAILED

<test-failure test="com.xemantic.typescript.compiler.TypeScriptCompilerTests_I.indexWithUndefinedAndNull_ts has expected errors matching indexWithUndefinedAndNull_errors_txt" platform="jvm">
<message>
Expected diagnostics from baseline typescript-repo/tests/baselines/reference/indexWithUndefinedAndNull.errors.txt but none produced
</message>
<stacktrace>
  at com.xemantic.typescript.compiler.TypeScriptTestSupportKt.errorsMatchBaseline(TypeScriptTestSupport.kt:125)
  at com.xemantic.typescript.compiler.TypeScriptCompilerTests_I.indexWithUndefinedAndNull_ts has expected errors matching indexWithUndefinedAndNull_errors_txt(TypeScriptCompilerTests_I.kt:2814)
  at java.base/jdk.internal.reflect.DirectMethodHandleAccessor.invoke(DirectMethodHandleAccessor.java:104)
  at java.base/java.lang.reflect.Method.invoke(Method.java:565)
  at org.junit.runners.model.FrameworkMethod$1.runReflectiveCall(FrameworkMethod.java:59)
  at org.junit.internal.runners.model.ReflectiveCallable.run(ReflectiveCallable.java:12)
  at org.junit.runners.model.FrameworkMethod.invokeExplosively(FrameworkMethod.java:56)
  at org.junit.internal.runners.statements.InvokeMethod.evaluate(InvokeMethod.java:17)
  at org.junit.runners.ParentRunner$3.evaluate(ParentRunner.java:306)
  at org.junit.runners.BlockJUnit4ClassRunner$1.evaluate(BlockJUnit4ClassRunner.java:100)
  at org.junit.runners.ParentRunner.runLeaf(ParentRunner.java:366)
  at org.junit.runners.BlockJUnit4ClassRunner.runChild(BlockJUnit4ClassRunner.java:103)
  at org.junit.runners.BlockJUnit4ClassRunner.runChild(BlockJUnit4ClassRunner.java:63)
  at org.junit.runners.ParentRunner$4.run(ParentRunner.java:331)
  at org.junit.runners.ParentRunner$1.schedule(ParentRunner.java:79)
  at org.junit.runners.ParentRunner.runChildren(ParentRunner.java:329)
  at org.junit.runners.ParentRunner.access$100(ParentRunner.java:66)
  at org.junit.runners.ParentRunner$2.evaluate(ParentRunner.java:293)
  at org.junit.runners.ParentRunner$3.evaluate(ParentRunner.java:306)
  at org.junit.runners.ParentRunner.run(ParentRunner.java:413)
  at org.junit.runner.JUnitCore.run(JUnitCore.java:137)
  at org.junit.runner.JUnitCore.run(JUnitCore.java:115)
  at org.gradle.api.internal.tasks.testing.junit.JUnitTestExecutor.runRequest(JUnitTestExecutor.java:175)
  at org.gradle.api.internal.tasks.testing.junit.JUnitTestExecutor.accept(JUnitTestExecutor.java:84)
  at org.gradle.api.internal.tasks.testing.junit.JUnitTestExecutor.accept(JUnitTestExecutor.java:47)
  at org.gradle.api.internal.tasks.testing.junit.AbstractJUnitTestDefinitionProcessor.processTestDefinition(AbstractJUnitTestDefinitionProcessor.java:65)
  at org.gradle.api.internal.tasks.testing.SuiteTestDefinitionProcessor.processTestDefinition(SuiteTestDefinitionProcessor.java:54)
  at java.base/jdk.internal.reflect.DirectMethodHandleAccessor.invoke(DirectMethodHandleAccessor.java:104)
  at java.base/java.lang.reflect.Method.invoke(Method.java:565)
  at org.gradle.internal.dispatch.MethodInvocation.invokeOn(MethodInvocation.java:77)
  at org.gradle.internal.dispatch.ReflectionDispatch.dispatch(ReflectionDispatch.java:28)
  at org.gradle.internal.dispatch.ReflectionDispatch.dispatch(ReflectionDispatch.java:19)
  at org.gradle.internal.dispatch.ContextClassLoaderDispatch.dispatch(ContextClassLoaderDispatch.java:33)
  at org.gradle.internal.dispatch.ProxyDispatchAdapter$DispatchingInvocationHandler.invoke(ProxyDispatchAdapter.java:88)
  at jdk.proxy1/jdk.proxy1.$Proxy4.processTestDefinition(Unknown Source)
  at org.gradle.api.internal.tasks.testing.worker.TestWorker$2.run(TestWorker.java:178)
  at org.gradle.api.internal.tasks.testing.worker.TestWorker.executeAndMaintainThreadName(TestWorker.java:126)
  at org.gradle.api.internal.tasks.testing.worker.TestWorker.execute(TestWorker.java:103)
  at org.gradle.api.internal.tasks.testing.worker.TestWorker.execute(TestWorker.java:63)
  at org.gradle.process.internal.worker.child.ActionExecutionWorker.execute(ActionExecutionWorker.java:56)
  at org.gradle.process.internal.worker.child.SystemApplicationClassLoaderWorker.call(SystemApplicationClassLoaderWorker.java:122)
  at org.gradle.process.internal.worker.child.SystemApplicationClassLoaderWorker.call(SystemApplicationClassLoaderWorker.java:72)
  at worker.org.gradle.process.internal.worker.GradleWorkerMain.run(GradleWorkerMain.java:69)
  at worker.org.gradle.process.internal.worker.GradleWorkerMain.main(GradleWorkerMain.java:74)
</stacktrace>
</test-failure>


TypeScriptCompilerTests_I[jvm] > indexWithUndefinedAndNull_ts has expected errors matching indexWithUndefinedAndNull_errors_txt[jvm] FAILED

<test-failure test="com.xemantic.typescript.compiler.TypeScriptCompilerTests_I.incompatibleTypes_ts has expected errors matching incompatibleTypes_errors_txt" platform="jvm">
<message>
--- expected
+++ actual
@@ -1,45 +1,17 @@
-incompatibleTypes.ts(6,12): error TS2416: Property 'p1' in type 'C1' is not assignable to the same property in base type 'IFoo1'.
-  Type '() => string' is not assignable to type '() => number'.
-    Type 'string' is not assignable to type 'number'.
 incompatibleTypes.ts(16,12): error TS2416: Property 'p1' in type 'C2' is not assignable to the same property in base type 'IFoo2'.
-  Type '(n: number) => number' is not assignable to type '(s: string) => number'.
-    Types of parameters 'n' and 's' are incompatible.
-      Type 'string' is not assignable to type 'number'.
+  Type '(n: number) => any' is not assignable to type '(s: string) => number'.
 incompatibleTypes.ts(26,12): error TS2416: Property 'p1' in type 'C3' is not assignable to the same property in base type 'IFoo3'.
   Type 'number' is not assignable to type 'string'.
-incompatibleTypes.ts(34,12): error TS2416: Property 'p1' in type 'C4' is not assignable to the same property in base type 'IFoo4'.
-  Type '{ c: { b: string; }; d: string; }' is missing the following properties from type '{ a: { a: string; }; b: string; }': a, b
-incompatibleTypes.ts(42,5): error TS2769: No overload matches this call.
-  Overload 1 of 2, '(i: IFoo1): void', gave the following error.
-    Argument of type 'C1' is not assignable to parameter of type 'IFoo1'.
-      The types returned by 'p1()' are incompatible between these types.
-        Type 'string' is not assignable to type 'number'.
-  Overload 2 of 2, '(i: IFoo2): void', gave the following error.
-    Argument of type 'C1' is not assignable to parameter of type 'IFoo2'.
-      The types returned by 'p1(...)' are incompatible between these types.
-        Type 'string' is not assignable to type 'number'.
-incompatibleTypes.ts(49,7): error TS2769: No overload matches this call.
-  Overload 1 of 2, '(n: { a: { a: string; }; b: string; }): number', gave the following error.
-    Object literal may only specify known properties, and 'e' does not exist in type '{ a: { a: string; }; b: string; }'.
-  Overload 2 of 2, '(s: { c: { b: string; }; d: string; }): string', gave the following error.
-    Object literal may only specify known properties, and 'e' does not exist in type '{ c: { b: string; }; d: string; }'.
-incompatibleTypes.ts(66,47): error TS2353: Object literal may only specify known properties, and 'e' does not exist in type '{ a: { a: string; }; b: string; }'.
-incompatibleTypes.ts(72,5): error TS2322: Type 'number' is not assignable to type '() => string'.
 incompatibleTypes.ts(74,5): error TS2322: Type '(a: any) => number' is not assignable to type '() => any'.
-  Target signature provides too few arguments. Expected 1 or more, but got 0.
 
 
-==== incompatibleTypes.ts (9 errors) ====
+==== incompatibleTypes.ts (3 errors) ====
     interface IFoo1 {
         p1(): number;
     }
     
     class C1 implements IFoo1 { // incompatible on the return type
         public p1() {
-               ~~
-!!! error TS2416: Property 'p1' in type 'C1' is not assignable to the same property in base type 'IFoo1'.
-!!! error TS2416:   Type '() => string' is not assignable to type '() => number'.
-!!! error TS2416:     Type 'string' is not assignable to type 'number'.
             return "s";
         }
     }
@@ -52,9 +24,7 @@
         public p1(n:number) {
                ~~
 !!! error TS2416: Property 'p1' in type 'C2' is not assignable to the same property in base type 'IFoo2'.
-!!! error TS2416:   Type '(n: number) => number' is not assignable to type '(s: string) => number'.
-!!! error TS2416:     Types of parameters 'n' and 's' are incompatible.
-!!! error TS2416:       Type 'string' is not assignable to type 'number'.
+!!! error TS2416:   Type '(n: number) => any' is not assignable to type '(s: string) => number'.
             return 0;
         }
     }
@@ -76,9 +46,6 @@
     
     class C4 implements IFoo4 { // incompatible on the property type
         public p1: { c: { b: string; }; d: string; };
-               ~~
-!!! error TS2416: Property 'p1' in type 'C4' is not assignable to the same property in base type 'IFoo4'.
-!!! error TS2416:   Type '{ c: { b: string; }; d: string; }' is missing the following properties from type '{ a: { a: string; }; b: string; }': a, b
     }
     
     function if1(i: IFoo1): void;
@@ -87,17 +54,6 @@
     var c1: C1;
     var c2: C2;
     if1(c1);
-        ~~
-!!! error TS2769: No overload matches this call.
-!!! error TS2769:   Overload 1 of 2, '(i: IFoo1): void', gave the following error.
-!!! error TS2769:     Argument of type 'C1' is not assignable to parameter of type 'IFoo1'.
-!!! error TS2769:       The types returned by 'p1()' are incompatible between these types.
-!!! error TS2769:         Type 'string' is not assignable to type 'number'.
-!!! error TS2769:   Overload 2 of 2, '(i: IFoo2): void', gave the following error.
-!!! error TS2769:     Argument of type 'C1' is not assignable to parameter of type 'IFoo2'.
-!!! error TS2769:       The types returned by 'p1(...)' are incompatible between these types.
-!!! error TS2769:         Type 'string' is not assignable to type 'number'.
-!!! related TS2793 incompatibleTypes.ts:39:10: The call would have succeeded against this implementation, but implementation signatures of overloads are not externally visible.
     
     
     function of1(n: { a: { a: string; }; b: string; }): number;
@@ -105,13 +61,6 @@
     function of1(a: any) { return null; }
     
     of1({ e: 0, f: 0 });
-          ~
-!!! error TS2769: No overload matches this call.
-!!! error TS2769:   Overload 1 of 2, '(n: { a: { a: string; }; b: string; }): number', gave the following error.
-!!! error TS2769:     Object literal may only specify known properties, and 'e' does not exist in type '{ a: { a: string; }; b: string; }'.
-!!! error TS2769:   Overload 2 of 2, '(s: { c: { b: string; }; d: string; }): string', gave the following error.
-!!! error TS2769:     Object literal may only specify known properties, and 'e' does not exist in type '{ c: { b: string; }; d: string; }'.
-!!! related TS2793 incompatibleTypes.ts:47:10: The call would have succeeded against this implementation, but implementation signatures of overloads are not externally visible.
     
     interface IMap {
      [key:string]:string;
@@ -129,18 +78,13 @@
     }
     
     var o1: { a: { a: string; }; b: string; } = { e: 0, f: 0 };
-                                                  ~
-!!! error TS2353: Object literal may only specify known properties, and 'e' does not exist in type '{ a: { a: string; }; b: string; }'.
     
     var a1 = [{ e: 0, f: 0 }, { e: 0, f: 0 }, { e: 0, g: 0 }];
     
     
     
     var i1c1: { (): string; } = 5;
-        ~~~~
-!!! error TS2322: Type 'number' is not assignable to type '() => string'.
     
     var fp1: () =>any = a => 0;
         ~~~
 !!! error TS2322: Type '(a: any) => number' is not assignable to type '() => any'.
-!!! error TS2322:   Target signature provides too few arguments. Expected 1 or more, but got 0.

</message>
<stacktrace>
  at org.junit.Assert.fail(Assert.java:89)
  at kotlin.test.junit.JUnitAsserter.fail(JUnitSupport.kt:56)
  at kotlin.test.AssertionsKt__AssertionsKt.fail(Assertions.kt:563)
  at kotlin.test.AssertionsKt.fail(Unknown Source)
  at com.xemantic.kotlin.test.SameAsKt.sameAs(SameAs.kt:52)
  at com.xemantic.typescript.compiler.TypeScriptTestSupportKt.errorsMatchBaseline(TypeScriptTestSupport.kt:135)
  at com.xemantic.typescript.compiler.TypeScriptCompilerTests_I.incompatibleTypes_ts has expected errors matching incompatibleTypes_errors_txt(TypeScriptCompilerTests_I.kt:2401)
  at java.base/jdk.internal.reflect.DirectMethodHandleAccessor.invoke(DirectMethodHandleAccessor.java:104)
  at java.base/java.lang.reflect.Method.invoke(Method.java:565)
  at org.junit.runners.model.FrameworkMethod$1.runReflectiveCall(FrameworkMethod.java:59)
  at org.junit.internal.runners.model.ReflectiveCallable.run(ReflectiveCallable.java:12)
  at org.junit.runners.model.FrameworkMethod.invokeExplosively(FrameworkMethod.java:56)
  at org.junit.internal.runners.statements.InvokeMethod.evaluate(InvokeMethod.java:17)
  at org.junit.runners.ParentRunner$3.evaluate(ParentRunner.java:306)
  at org.junit.runners.BlockJUnit4ClassRunner$1.evaluate(BlockJUnit4ClassRunner.java:100)
  at org.junit.runners.ParentRunner.runLeaf(ParentRunner.java:366)
  at org.junit.runners.BlockJUnit4ClassRunner.runChild(BlockJUnit4ClassRunner.java:103)
  at org.junit.runners.BlockJUnit4ClassRunner.runChild(BlockJUnit4ClassRunner.java:63)
  at org.junit.runners.ParentRunner$4.run(ParentRunner.java:331)
  at org.junit.runners.ParentRunner$1.schedule(ParentRunner.java:79)
  at org.junit.runners.ParentRunner.runChildren(ParentRunner.java:329)
  at org.junit.runners.ParentRunner.access$100(ParentRunner.java:66)
  at org.junit.runners.ParentRunner$2.evaluate(ParentRunner.java:293)
  at org.junit.runners.ParentRunner$3.evaluate(ParentRunner.java:306)
  at org.junit.runners.ParentRunner.run(ParentRunner.java:413)
  at org.junit.runner.JUnitCore.run(JUnitCore.java:137)
  at org.junit.runner.JUnitCore.run(JUnitCore.java:115)
  at org.gradle.api.internal.tasks.testing.junit.JUnitTestExecutor.runRequest(JUnitTestExecutor.java:175)
  at org.gradle.api.internal.tasks.testing.junit.JUnitTestExecutor.accept(JUnitTestExecutor.java:84)
  at org.gradle.api.internal.tasks.testing.junit.JUnitTestExecutor.accept(JUnitTestExecutor.java:47)
  at org.gradle.api.internal.tasks.testing.junit.AbstractJUnitTestDefinitionProcessor.processTestDefinition(AbstractJUnitTestDefinitionProcessor.java:65)
  at org.gradle.api.internal.tasks.testing.SuiteTestDefinitionProcessor.processTestDefinition(SuiteTestDefinitionProcessor.java:54)
  at java.base/jdk.internal.reflect.DirectMethodHandleAccessor.invoke(DirectMethodHandleAccessor.java:104)
  at java.base/java.lang.reflect.Method.invoke(Method.java:565)
  at org.gradle.internal.dispatch.MethodInvocation.invokeOn(MethodInvocation.java:77)
  at org.gradle.internal.dispatch.ReflectionDispatch.dispatch(ReflectionDispatch.java:28)
  at org.gradle.internal.dispatch.ReflectionDispatch.dispatch(ReflectionDispatch.java:19)
  at org.gradle.internal.dispatch.ContextClassLoaderDispatch.dispatch(ContextClassLoaderDispatch.java:33)
  at org.gradle.internal.dispatch.ProxyDispatchAdapter$DispatchingInvocationHandler.invoke(ProxyDispatchAdapter.java:88)
  at jdk.proxy1/jdk.proxy1.$Proxy4.processTestDefinition(Unknown Source)
  at org.gradle.api.internal.tasks.testing.worker.TestWorker$2.run(TestWorker.java:178)
  at org.gradle.api.internal.tasks.testing.worker.TestWorker.executeAndMaintainThreadName(TestWorker.java:126)
  at org.gradle.api.internal.tasks.testing.worker.TestWorker.execute(TestWorker.java:103)
  at org.gradle.api.internal.tasks.testing.worker.TestWorker.execute(TestWorker.java:63)
  at org.gradle.process.internal.worker.child.ActionExecutionWorker.execute(ActionExecutionWorker.java:56)
  at org.gradle.process.internal.worker.child.SystemApplicationClassLoaderWorker.call(SystemApplicationClassLoaderWorker.java:122)
  at org.gradle.process.internal.worker.child.SystemApplicationClassLoaderWorker.call(SystemApplicationClassLoaderWorker.java:72)
  at worker.org.gradle.process.internal.worker.GradleWorkerMain.run(GradleWorkerMain.java:69)
  at worker.org.gradle.process.internal.worker.GradleWorkerMain.main(GradleWorkerMain.java:74)
</stacktrace>
</test-failure>


TypeScriptCompilerTests_I[jvm] > incompatibleTypes_ts has expected errors matching incompatibleTypes_errors_txt[jvm] FAILED

<test-failure test="com.xemantic.typescript.compiler.TypeScriptCompilerTests_I.inferFromAnnotatedReturn1_ts has expected errors matching inferFromAnnotatedReturn1_errors_txt" platform="jvm">
<message>
--- expected
+++ actual
@@ -1,13 +1,24 @@
-inferFromAnnotatedReturn1.ts(4,36): error TS2322: Type 'string' is not assignable to type 'number'.
+inferFromAnnotatedReturn1.ts(13,17): error TS7006: Parameter 's' implicitly has an 'any' type.
+inferFromAnnotatedReturn1.ts(20,21): error TS2304: Cannot find name 'name'.
+inferFromAnnotatedReturn1.ts(20,25): error TS1005: ')' expected.
+inferFromAnnotatedReturn1.ts(20,27): error TS2693: 'string' only refers to a type, but is being used as a value here.
+inferFromAnnotatedReturn1.ts(20,27): error TS2695: Left side of comma operator is unused and has no side effects.
+inferFromAnnotatedReturn1.ts(20,37): error TS18004: No value exists in scope for the shorthand property 'x'. Either declare one or provide an initializer.
+inferFromAnnotatedReturn1.ts(20,40): error TS1109: Expression expected.
+inferFromAnnotatedReturn1.ts(20,41): error TS1109: Expression expected.
+inferFromAnnotatedReturn1.ts(20,51): error TS2693: 'string' only refers to a type, but is being used as a value here.
+inferFromAnnotatedReturn1.ts(20,62): error TS2693: 'number' only refers to a type, but is being used as a value here.
+inferFromAnnotatedReturn1.ts(20,71): error TS1109: Expression expected.
+inferFromAnnotatedReturn1.ts(21,3): error TS18004: No value exists in scope for the shorthand property 'name'. Either declare one or provide an initializer.
+inferFromAnnotatedReturn1.ts(22,3): error TS18004: No value exists in scope for the shorthand property 'x'. Either declare one or provide an initializer.
+inferFromAnnotatedReturn1.ts(23,3): error TS1109: Expression expected.
 
 
-==== inferFromAnnotatedReturn1.ts (1 errors) ====
+==== inferFromAnnotatedReturn1.ts (14 errors) ====
     declare function test<T>(cb: (arg: T) => T): T;
     
     const res1 = test((arg): number => 1); // ok
     const res2 = test((arg): number => 'foo'); // error
-                                       ~~~~~
-!!! error TS2322: Type 'string' is not assignable to type 'number'.
     
     export declare function linkedSignal<S, D>(options: {
       source: () => S;
@@ -17,6 +28,8 @@
     const signal = linkedSignal({
       source: () => 3,
       computation: (s): number => 3,
+                    ~
+!!! error TS7006: Parameter 's' implicitly has an 'any' type.
     });
     
     class Foo<T, R> {
@@ -24,6 +37,32 @@
     }
     
     const _1 = new Foo((name: string, { x }): { name: string; x: number } => ({
+                        ~~~~
+!!! error TS2304: Cannot find name 'name'.
+                            ~
+!!! error TS1005: ')' expected.
+                              ~~~~~~
+!!! error TS2693: 'string' only refers to a type, but is being used as a value here.
+                              ~~~~~~
+!!! error TS2695: Left side of comma operator is unused and has no side effects.
+                                        ~
+!!! error TS18004: No value exists in scope for the shorthand property 'x'. Either declare one or provide an initializer.
+                                           ~
+!!! error TS1109: Expression expected.
+                                            ~
+!!! error TS1109: Expression expected.
+                                                      ~~~~~~
+!!! error TS2693: 'string' only refers to a type, but is being used as a value here.
+                                                                 ~~~~~~
+!!! error TS2693: 'number' only refers to a type, but is being used as a value here.
+                                                                          ~~
+!!! error TS1109: Expression expected.
       name,
+      ~~~~
+!!! error TS18004: No value exists in scope for the shorthand property 'name'. Either declare one or provide an initializer.
       x,
+      ~
+!!! error TS18004: No value exists in scope for the shorthand property 'x'. Either declare one or provide an initializer.
     }));
+      ~
+!!! error TS1109: Expression expected.

</message>
<stacktrace>
  at org.junit.Assert.fail(Assert.java:89)
  at kotlin.test.junit.JUnitAsserter.fail(JUnitSupport.kt:56)
  at kotlin.test.AssertionsKt__AssertionsKt.fail(Assertions.kt:563)
  at kotlin.test.AssertionsKt.fail(Unknown Source)
  at com.xemantic.kotlin.test.SameAsKt.sameAs(SameAs.kt:52)
  at com.xemantic.typescript.compiler.TypeScriptTestSupportKt.errorsMatchBaseline(TypeScriptTestSupport.kt:135)
  at com.xemantic.typescript.compiler.TypeScriptCompilerTests_I.inferFromAnnotatedReturn1_ts has expected errors matching inferFromAnnotatedReturn1_errors_txt(TypeScriptCompilerTests_I.kt:3199)
  at java.base/jdk.internal.reflect.DirectMethodHandleAccessor.invoke(DirectMethodHandleAccessor.java:104)
  at java.base/java.lang.reflect.Method.invoke(Method.java:565)
  at org.junit.runners.model.FrameworkMethod$1.runReflectiveCall(FrameworkMethod.java:59)
  at org.junit.internal.runners.model.ReflectiveCallable.run(ReflectiveCallable.java:12)
  at org.junit.runners.model.FrameworkMethod.invokeExplosively(FrameworkMethod.java:56)
  at org.junit.internal.runners.statements.InvokeMethod.evaluate(InvokeMethod.java:17)
  at org.junit.runners.ParentRunner$3.evaluate(ParentRunner.java:306)
  at org.junit.runners.BlockJUnit4ClassRunner$1.evaluate(BlockJUnit4ClassRunner.java:100)
  at org.junit.runners.ParentRunner.runLeaf(ParentRunner.java:366)
  at org.junit.runners.BlockJUnit4ClassRunner.runChild(BlockJUnit4ClassRunner.java:103)
  at org.junit.runners.BlockJUnit4ClassRunner.runChild(BlockJUnit4ClassRunner.java:63)
  at org.junit.runners.ParentRunner$4.run(ParentRunner.java:331)
  at org.junit.runners.ParentRunner$1.schedule(ParentRunner.java:79)
  at org.junit.runners.ParentRunner.runChildren(ParentRunner.java:329)
  at org.junit.runners.ParentRunner.access$100(ParentRunner.java:66)
  at org.junit.runners.ParentRunner$2.evaluate(ParentRunner.java:293)
  at org.junit.runners.ParentRunner$3.evaluate(ParentRunner.java:306)
  at org.junit.runners.ParentRunner.run(ParentRunner.java:413)
  at org.junit.runner.JUnitCore.run(JUnitCore.java:137)
  at org.junit.runner.JUnitCore.run(JUnitCore.java:115)
  at org.gradle.api.internal.tasks.testing.junit.JUnitTestExecutor.runRequest(JUnitTestExecutor.java:175)
  at org.gradle.api.internal.tasks.testing.junit.JUnitTestExecutor.accept(JUnitTestExecutor.java:84)
  at org.gradle.api.internal.tasks.testing.junit.JUnitTestExecutor.accept(JUnitTestExecutor.java:47)
  at org.gradle.api.internal.tasks.testing.junit.AbstractJUnitTestDefinitionProcessor.processTestDefinition(AbstractJUnitTestDefinitionProcessor.java:65)
  at org.gradle.api.internal.tasks.testing.SuiteTestDefinitionProcessor.processTestDefinition(SuiteTestDefinitionProcessor.java:54)
  at java.base/jdk.internal.reflect.DirectMethodHandleAccessor.invoke(DirectMethodHandleAccessor.java:104)
  at java.base/java.lang.reflect.Method.invoke(Method.java:565)
  at org.gradle.internal.dispatch.MethodInvocation.invokeOn(MethodInvocation.java:77)
  at org.gradle.internal.dispatch.ReflectionDispatch.dispatch(ReflectionDispatch.java:28)
  at org.gradle.internal.dispatch.ReflectionDispatch.dispatch(ReflectionDispatch.java:19)
  at org.gradle.internal.dispatch.ContextClassLoaderDispatch.dispatch(ContextClassLoaderDispatch.java:33)
  at org.gradle.internal.dispatch.ProxyDispatchAdapter$DispatchingInvocationHandler.invoke(ProxyDispatchAdapter.java:88)
  at jdk.proxy1/jdk.proxy1.$Proxy4.processTestDefinition(Unknown Source)
  at org.gradle.api.internal.tasks.testing.worker.TestWorker$2.run(TestWorker.java:178)
  at org.gradle.api.internal.tasks.testing.worker.TestWorker.executeAndMaintainThreadName(TestWorker.java:126)
  at org.gradle.api.internal.tasks.testing.worker.TestWorker.execute(TestWorker.java:103)
  at org.gradle.api.internal.tasks.testing.worker.TestWorker.execute(TestWorker.java:63)
  at org.gradle.process.internal.worker.child.ActionExecutionWorker.execute(ActionExecutionWorker.java:56)
  at org.gradle.process.internal.worker.child.SystemApplicationClassLoaderWorker.call(SystemApplicationClassLoaderWorker.java:122)
  at org.gradle.process.internal.worker.child.SystemApplicationClassLoaderWorker.call(SystemApplicationClassLoaderWorker.java:72)
  at worker.org.gradle.process.internal.worker.GradleWorkerMain.run(GradleWorkerMain.java:69)
  at worker.org.gradle.process.internal.worker.GradleWorkerMain.main(GradleWorkerMain.java:74)
</stacktrace>
</test-failure>


TypeScriptCompilerTests_I[jvm] > inferFromAnnotatedReturn1_ts has expected errors matching inferFromAnnotatedReturn1_errors_txt[jvm] FAILED

<test-failure test="com.xemantic.typescript.compiler.TypeScriptCompilerTests_I.invokingNonGenericMethodWithTypeArguments1_ts has expected errors matching invokingNonGenericMethodWithTypeArguments1_errors_txt" platform="jvm">
<message>
Expected diagnostics from baseline typescript-repo/tests/baselines/reference/invokingNonGenericMethodWithTypeArguments1.errors.txt but none produced
</message>
<stacktrace>
  at com.xemantic.typescript.compiler.TypeScriptTestSupportKt.errorsMatchBaseline(TypeScriptTestSupport.kt:125)
  at com.xemantic.typescript.compiler.TypeScriptCompilerTests_I.invokingNonGenericMethodWithTypeArguments1_ts has expected errors matching invokingNonGenericMethodWithTypeArguments1_errors_txt(TypeScriptCompilerTests_I.kt:6384)
  at java.base/jdk.internal.reflect.DirectMethodHandleAccessor.invoke(DirectMethodHandleAccessor.java:104)
  at java.base/java.lang.reflect.Method.invoke(Method.java:565)
  at org.junit.runners.model.FrameworkMethod$1.runReflectiveCall(FrameworkMethod.java:59)
  at org.junit.internal.runners.model.ReflectiveCallable.run(ReflectiveCallable.java:12)
  at org.junit.runners.model.FrameworkMethod.invokeExplosively(FrameworkMethod.java:56)
  at org.junit.internal.runners.statements.InvokeMethod.evaluate(InvokeMethod.java:17)
  at org.junit.runners.ParentRunner$3.evaluate(ParentRunner.java:306)
  at org.junit.runners.BlockJUnit4ClassRunner$1.evaluate(BlockJUnit4ClassRunner.java:100)
  at org.junit.runners.ParentRunner.runLeaf(ParentRunner.java:366)
  at org.junit.runners.BlockJUnit4ClassRunner.runChild(BlockJUnit4ClassRunner.java:103)
  at org.junit.runners.BlockJUnit4ClassRunner.runChild(BlockJUnit4ClassRunner.java:63)
  at org.junit.runners.ParentRunner$4.run(ParentRunner.java:331)
  at org.junit.runners.ParentRunner$1.schedule(ParentRunner.java:79)
  at org.junit.runners.ParentRunner.runChildren(ParentRunner.java:329)
  at org.junit.runners.ParentRunner.access$100(ParentRunner.java:66)
  at org.junit.runners.ParentRunner$2.evaluate(ParentRunner.java:293)
  at org.junit.runners.ParentRunner$3.evaluate(ParentRunner.java:306)
  at org.junit.runners.ParentRunner.run(ParentRunner.java:413)
  at org.junit.runner.JUnitCore.run(JUnitCore.java:137)
  at org.junit.runner.JUnitCore.run(JUnitCore.java:115)
  at org.gradle.api.internal.tasks.testing.junit.JUnitTestExecutor.runRequest(JUnitTestExecutor.java:175)
  at org.gradle.api.internal.tasks.testing.junit.JUnitTestExecutor.accept(JUnitTestExecutor.java:84)
  at org.gradle.api.internal.tasks.testing.junit.JUnitTestExecutor.accept(JUnitTestExecutor.java:47)
  at org.gradle.api.internal.tasks.testing.junit.AbstractJUnitTestDefinitionProcessor.processTestDefinition(AbstractJUnitTestDefinitionProcessor.java:65)
  at org.gradle.api.internal.tasks.testing.SuiteTestDefinitionProcessor.processTestDefinition(SuiteTestDefinitionProcessor.java:54)
  at java.base/jdk.internal.reflect.DirectMethodHandleAccessor.invoke(DirectMethodHandleAccessor.java:104)
  at java.base/java.lang.reflect.Method.invoke(Method.java:565)
  at org.gradle.internal.dispatch.MethodInvocation.invokeOn(MethodInvocation.java:77)
  at org.gradle.internal.dispatch.ReflectionDispatch.dispatch(ReflectionDispatch.java:28)
  at org.gradle.internal.dispatch.ReflectionDispatch.dispatch(ReflectionDispatch.java:19)
  at org.gradle.internal.dispatch.ContextClassLoaderDispatch.dispatch(ContextClassLoaderDispatch.java:33)
  at org.gradle.internal.dispatch.ProxyDispatchAdapter$DispatchingInvocationHandler.invoke(ProxyDispatchAdapter.java:88)
  at jdk.proxy1/jdk.proxy1.$Proxy4.processTestDefinition(Unknown Source)
  at org.gradle.api.internal.tasks.testing.worker.TestWorker$2.run(TestWorker.java:178)
  at org.gradle.api.internal.tasks.testing.worker.TestWorker.executeAndMaintainThreadName(TestWorker.java:126)
  at org.gradle.api.internal.tasks.testing.worker.TestWorker.execute(TestWorker.java:103)
  at org.gradle.api.internal.tasks.testing.worker.TestWorker.execute(TestWorker.java:63)
  at org.gradle.process.internal.worker.child.ActionExecutionWorker.execute(ActionExecutionWorker.java:56)
  at org.gradle.process.internal.worker.child.SystemApplicationClassLoaderWorker.call(SystemApplicationClassLoaderWorker.java:122)
  at org.gradle.process.internal.worker.child.SystemApplicationClassLoaderWorker.call(SystemApplicationClassLoaderWorker.java:72)
  at worker.org.gradle.process.internal.worker.GradleWorkerMain.run(GradleWorkerMain.java:69)
  at worker.org.gradle.process.internal.worker.GradleWorkerMain.main(GradleWorkerMain.java:74)
</stacktrace>
</test-failure>


TypeScriptCompilerTests_I[jvm] > invokingNonGenericMethodWithTypeArguments1_ts has expected errors matching invokingNonGenericMethodWithTypeArguments1_errors_txt[jvm] FAILED

<test-failure test="com.xemantic.typescript.compiler.TypeScriptCompilerTests_I.i3_ts has expected errors matching i3_errors_txt" platform="jvm">
<message>
Expected diagnostics from baseline typescript-repo/tests/baselines/reference/i3.errors.txt but none produced
</message>
<stacktrace>
  at com.xemantic.typescript.compiler.TypeScriptTestSupportKt.errorsMatchBaseline(TypeScriptTestSupport.kt:125)
  at com.xemantic.typescript.compiler.TypeScriptCompilerTests_I.i3_ts has expected errors matching i3_errors_txt(TypeScriptCompilerTests_I.kt:35)
  at java.base/jdk.internal.reflect.DirectMethodHandleAccessor.invoke(DirectMethodHandleAccessor.java:104)
  at java.base/java.lang.reflect.Method.invoke(Method.java:565)
  at org.junit.runners.model.FrameworkMethod$1.runReflectiveCall(FrameworkMethod.java:59)
  at org.junit.internal.runners.model.ReflectiveCallable.run(ReflectiveCallable.java:12)
  at org.junit.runners.model.FrameworkMethod.invokeExplosively(FrameworkMethod.java:56)
  at org.junit.internal.runners.statements.InvokeMethod.evaluate(InvokeMethod.java:17)
  at org.junit.runners.ParentRunner$3.evaluate(ParentRunner.java:306)
  at org.junit.runners.BlockJUnit4ClassRunner$1.evaluate(BlockJUnit4ClassRunner.java:100)
  at org.junit.runners.ParentRunner.runLeaf(ParentRunner.java:366)
  at org.junit.runners.BlockJUnit4ClassRunner.runChild(BlockJUnit4ClassRunner.java:103)
  at org.junit.runners.BlockJUnit4ClassRunner.runChild(BlockJUnit4ClassRunner.java:63)
  at org.junit.runners.ParentRunner$4.run(ParentRunner.java:331)
  at org.junit.runners.ParentRunner$1.schedule(ParentRunner.java:79)
  at org.junit.runners.ParentRunner.runChildren(ParentRunner.java:329)
  at org.junit.runners.ParentRunner.access$100(ParentRunner.java:66)
  at org.junit.runners.ParentRunner$2.evaluate(ParentRunner.java:293)
  at org.junit.runners.ParentRunner$3.evaluate(ParentRunner.java:306)
  at org.junit.runners.ParentRunner.run(ParentRunner.java:413)
  at org.junit.runner.JUnitCore.run(JUnitCore.java:137)
  at org.junit.runner.JUnitCore.run(JUnitCore.java:115)
  at org.gradle.api.internal.tasks.testing.junit.JUnitTestExecutor.runRequest(JUnitTestExecutor.java:175)
  at org.gradle.api.internal.tasks.testing.junit.JUnitTestExecutor.accept(JUnitTestExecutor.java:84)
  at org.gradle.api.internal.tasks.testing.junit.JUnitTestExecutor.accept(JUnitTestExecutor.java:47)
  at org.gradle.api.internal.tasks.testing.junit.AbstractJUnitTestDefinitionProcessor.processTestDefinition(AbstractJUnitTestDefinitionProcessor.java:65)
  at org.gradle.api.internal.tasks.testing.SuiteTestDefinitionProcessor.processTestDefinition(SuiteTestDefinitionProcessor.java:54)
  at java.base/jdk.internal.reflect.DirectMethodHandleAccessor.invoke(DirectMethodHandleAccessor.java:104)
  at java.base/java.lang.reflect.Method.invoke(Method.java:565)
  at org.gradle.internal.dispatch.MethodInvocation.invokeOn(MethodInvocation.java:77)
  at org.gradle.internal.dispatch.ReflectionDispatch.dispatch(ReflectionDispatch.java:28)
  at org.gradle.internal.dispatch.ReflectionDispatch.dispatch(ReflectionDispatch.java:19)
  at org.gradle.internal.dispatch.ContextClassLoaderDispatch.dispatch(ContextClassLoaderDispatch.java:33)
  at org.gradle.internal.dispatch.ProxyDispatchAdapter$DispatchingInvocationHandler.invoke(ProxyDispatchAdapter.java:88)
  at jdk.proxy1/jdk.proxy1.$Proxy4.processTestDefinition(Unknown Source)
  at org.gradle.api.internal.tasks.testing.worker.TestWorker$2.run(TestWorker.java:178)
  at org.gradle.api.internal.tasks.testing.worker.TestWorker.executeAndMaintainThreadName(TestWorker.java:126)
  at org.gradle.api.internal.tasks.testing.worker.TestWorker.execute(TestWorker.java:103)
  at org.gradle.api.internal.tasks.testing.worker.TestWorker.execute(TestWorker.java:63)
  at org.gradle.process.internal.worker.child.ActionExecutionWorker.execute(ActionExecutionWorker.java:56)
  at org.gradle.process.internal.worker.child.SystemApplicationClassLoaderWorker.call(SystemApplicationClassLoaderWorker.java:122)
  at org.gradle.process.internal.worker.child.SystemApplicationClassLoaderWorker.call(SystemApplicationClassLoaderWorker.java:72)
  at worker.org.gradle.process.internal.worker.GradleWorkerMain.run(GradleWorkerMain.java:69)
  at worker.org.gradle.process.internal.worker.GradleWorkerMain.main(GradleWorkerMain.java:74)
</stacktrace>
</test-failure>


TypeScriptCompilerTests_I[jvm] > i3_ts has expected errors matching i3_errors_txt[jvm] FAILED

<test-failure test="com.xemantic.typescript.compiler.TypeScriptCompilerTests_I.internalAliasFunctionInsideLocalModuleWithoutExportAccessError_ts has expected errors matching internalAliasFunctionInsideLocalModuleWithoutExportAccessError_errors_txt" platform="jvm">
<message>
Expected diagnostics from baseline typescript-repo/tests/baselines/reference/internalAliasFunctionInsideLocalModuleWithoutExportAccessError.errors.txt but none produced
</message>
<stacktrace>
  at com.xemantic.typescript.compiler.TypeScriptTestSupportKt.errorsMatchBaseline(TypeScriptTestSupport.kt:125)
  at com.xemantic.typescript.compiler.TypeScriptCompilerTests_I.internalAliasFunctionInsideLocalModuleWithoutExportAccessError_ts has expected errors matching internalAliasFunctionInsideLocalModuleWithoutExportAccessError_errors_txt(TypeScriptCompilerTests_I.kt:5586)
  at java.base/jdk.internal.reflect.DirectMethodHandleAccessor.invoke(DirectMethodHandleAccessor.java:104)
  at java.base/java.lang.reflect.Method.invoke(Method.java:565)
  at org.junit.runners.model.FrameworkMethod$1.runReflectiveCall(FrameworkMethod.java:59)
  at org.junit.internal.runners.model.ReflectiveCallable.run(ReflectiveCallable.java:12)
  at org.junit.runners.model.FrameworkMethod.invokeExplosively(FrameworkMethod.java:56)
  at org.junit.internal.runners.statements.InvokeMethod.evaluate(InvokeMethod.java:17)
  at org.junit.runners.ParentRunner$3.evaluate(ParentRunner.java:306)
  at org.junit.runners.BlockJUnit4ClassRunner$1.evaluate(BlockJUnit4ClassRunner.java:100)
  at org.junit.runners.ParentRunner.runLeaf(ParentRunner.java:366)
  at org.junit.runners.BlockJUnit4ClassRunner.runChild(BlockJUnit4ClassRunner.java:103)
  at org.junit.runners.BlockJUnit4ClassRunner.runChild(BlockJUnit4ClassRunner.java:63)
  at org.junit.runners.ParentRunner$4.run(ParentRunner.java:331)
  at org.junit.runners.ParentRunner$1.schedule(ParentRunner.java:79)
  at org.junit.runners.ParentRunner.runChildren(ParentRunner.java:329)
  at org.junit.runners.ParentRunner.access$100(ParentRunner.java:66)
  at org.junit.runners.ParentRunner$2.evaluate(ParentRunner.java:293)
  at org.junit.runners.ParentRunner$3.evaluate(ParentRunner.java:306)
  at org.junit.runners.ParentRunner.run(ParentRunner.java:413)
  at org.junit.runner.JUnitCore.run(JUnitCore.java:137)
  at org.junit.runner.JUnitCore.run(JUnitCore.java:115)
  at org.gradle.api.internal.tasks.testing.junit.JUnitTestExecutor.runRequest(JUnitTestExecutor.java:175)
  at org.gradle.api.internal.tasks.testing.junit.JUnitTestExecutor.accept(JUnitTestExecutor.java:84)
  at org.gradle.api.internal.tasks.testing.junit.JUnitTestExecutor.accept(JUnitTestExecutor.java:47)
  at org.gradle.api.internal.tasks.testing.junit.AbstractJUnitTestDefinitionProcessor.processTestDefinition(AbstractJUnitTestDefinitionProcessor.java:65)
  at org.gradle.api.internal.tasks.testing.SuiteTestDefinitionProcessor.processTestDefinition(SuiteTestDefinitionProcessor.java:54)
  at java.base/jdk.internal.reflect.DirectMethodHandleAccessor.invoke(DirectMethodHandleAccessor.java:104)
  at java.base/java.lang.reflect.Method.invoke(Method.java:565)
  at org.gradle.internal.dispatch.MethodInvocation.invokeOn(MethodInvocation.java:77)
  at org.gradle.internal.dispatch.ReflectionDispatch.dispatch(ReflectionDispatch.java:28)
  at org.gradle.internal.dispatch.ReflectionDispatch.dispatch(ReflectionDispatch.java:19)
  at org.gradle.internal.dispatch.ContextClassLoaderDispatch.dispatch(ContextClassLoaderDispatch.java:33)
  at org.gradle.internal.dispatch.ProxyDispatchAdapter$DispatchingInvocationHandler.invoke(ProxyDispatchAdapter.java:88)
  at jdk.proxy1/jdk.proxy1.$Proxy4.processTestDefinition(Unknown Source)
  at org.gradle.api.internal.tasks.testing.worker.TestWorker$2.run(TestWorker.java:178)
  at org.gradle.api.internal.tasks.testing.worker.TestWorker.executeAndMaintainThreadName(TestWorker.java:126)
  at org.gradle.api.internal.tasks.testing.worker.TestWorker.execute(TestWorker.java:103)
  at org.gradle.api.internal.tasks.testing.worker.TestWorker.execute(TestWorker.java:63)
  at org.gradle.process.internal.worker.child.ActionExecutionWorker.execute(ActionExecutionWorker.java:56)
  at org.gradle.process.internal.worker.child.SystemApplicationClassLoaderWorker.call(SystemApplicationClassLoaderWorker.java:122)
  at org.gradle.process.internal.worker.child.SystemApplicationClassLoaderWorker.call(SystemApplicationClassLoaderWorker.java:72)
  at worker.org.gradle.process.internal.worker.GradleWorkerMain.run(GradleWorkerMain.java:69)
  at worker.org.gradle.process.internal.worker.GradleWorkerMain.main(GradleWorkerMain.java:74)
</stacktrace>
</test-failure>


TypeScriptCompilerTests_I[jvm] > internalAliasFunctionInsideLocalModuleWithoutExportAccessError_ts has expected errors matching internalAliasFunctionInsideLocalModuleWithoutExportAccessError_errors_txt[jvm] FAILED

<test-failure test="com.xemantic.typescript.compiler.TypeScriptCompilerTests_I.isolatedDeclarationErrorsEnums_ts has expected errors matching isolatedDeclarationErrorsEnums_errors_txt" platform="jvm">
<message>
Expected diagnostics from baseline typescript-repo/tests/baselines/reference/isolatedDeclarationErrorsEnums.errors.txt but none produced
</message>
<stacktrace>
  at com.xemantic.typescript.compiler.TypeScriptTestSupportKt.errorsMatchBaseline(TypeScriptTestSupport.kt:125)
  at com.xemantic.typescript.compiler.TypeScriptCompilerTests_I.isolatedDeclarationErrorsEnums_ts has expected errors matching isolatedDeclarationErrorsEnums_errors_txt(TypeScriptCompilerTests_I.kt:6587)
  at java.base/jdk.internal.reflect.DirectMethodHandleAccessor.invoke(DirectMethodHandleAccessor.java:104)
  at java.base/java.lang.reflect.Method.invoke(Method.java:565)
  at org.junit.runners.model.FrameworkMethod$1.runReflectiveCall(FrameworkMethod.java:59)
  at org.junit.internal.runners.model.ReflectiveCallable.run(ReflectiveCallable.java:12)
  at org.junit.runners.model.FrameworkMethod.invokeExplosively(FrameworkMethod.java:56)
  at org.junit.internal.runners.statements.InvokeMethod.evaluate(InvokeMethod.java:17)
  at org.junit.runners.ParentRunner$3.evaluate(ParentRunner.java:306)
  at org.junit.runners.BlockJUnit4ClassRunner$1.evaluate(BlockJUnit4ClassRunner.java:100)
  at org.junit.runners.ParentRunner.runLeaf(ParentRunner.java:366)
  at org.junit.runners.BlockJUnit4ClassRunner.runChild(BlockJUnit4ClassRunner.java:103)
  at org.junit.runners.BlockJUnit4ClassRunner.runChild(BlockJUnit4ClassRunner.java:63)
  at org.junit.runners.ParentRunner$4.run(ParentRunner.java:331)
  at org.junit.runners.ParentRunner$1.schedule(ParentRunner.java:79)
  at org.junit.runners.ParentRunner.runChildren(ParentRunner.java:329)
  at org.junit.runners.ParentRunner.access$100(ParentRunner.java:66)
  at org.junit.runners.ParentRunner$2.evaluate(ParentRunner.java:293)
  at org.junit.runners.ParentRunner$3.evaluate(ParentRunner.java:306)
  at org.junit.runners.ParentRunner.run(ParentRunner.java:413)
  at org.junit.runner.JUnitCore.run(JUnitCore.java:137)
  at org.junit.runner.JUnitCore.run(JUnitCore.java:115)
  at org.gradle.api.internal.tasks.testing.junit.JUnitTestExecutor.runRequest(JUnitTestExecutor.java:175)
  at org.gradle.api.internal.tasks.testing.junit.JUnitTestExecutor.accept(JUnitTestExecutor.java:84)
  at org.gradle.api.internal.tasks.testing.junit.JUnitTestExecutor.accept(JUnitTestExecutor.java:47)
  at org.gradle.api.internal.tasks.testing.junit.AbstractJUnitTestDefinitionProcessor.processTestDefinition(AbstractJUnitTestDefinitionProcessor.java:65)
  at org.gradle.api.internal.tasks.testing.SuiteTestDefinitionProcessor.processTestDefinition(SuiteTestDefinitionProcessor.java:54)
  at java.base/jdk.internal.reflect.DirectMethodHandleAccessor.invoke(DirectMethodHandleAccessor.java:104)
  at java.base/java.lang.reflect.Method.invoke(Method.java:565)
  at org.gradle.internal.dispatch.MethodInvocation.invokeOn(MethodInvocation.java:77)
  at org.gradle.internal.dispatch.ReflectionDispatch.dispatch(ReflectionDispatch.java:28)
  at org.gradle.internal.dispatch.ReflectionDispatch.dispatch(ReflectionDispatch.java:19)
  at org.gradle.internal.dispatch.ContextClassLoaderDispatch.dispatch(ContextClassLoaderDispatch.java:33)
  at org.gradle.internal.dispatch.ProxyDispatchAdapter$DispatchingInvocationHandler.invoke(ProxyDispatchAdapter.java:88)
  at jdk.proxy1/jdk.proxy1.$Proxy4.processTestDefinition(Unknown Source)
  at org.gradle.api.internal.tasks.testing.worker.TestWorker$2.run(TestWorker.java:178)
  at org.gradle.api.internal.tasks.testing.worker.TestWorker.executeAndMaintainThreadName(TestWorker.java:126)
  at org.gradle.api.internal.tasks.testing.worker.TestWorker.execute(TestWorker.java:103)
  at org.gradle.api.internal.tasks.testing.worker.TestWorker.execute(TestWorker.java:63)
  at org.gradle.process.internal.worker.child.ActionExecutionWorker.execute(ActionExecutionWorker.java:56)
  at org.gradle.process.internal.worker.child.SystemApplicationClassLoaderWorker.call(SystemApplicationClassLoaderWorker.java:122)
  at org.gradle.process.internal.worker.child.SystemApplicationClassLoaderWorker.call(SystemApplicationClassLoaderWorker.java:72)
  at worker.org.gradle.process.internal.worker.GradleWorkerMain.run(GradleWorkerMain.java:69)
  at worker.org.gradle.process.internal.worker.GradleWorkerMain.main(GradleWorkerMain.java:74)
</stacktrace>
</test-failure>


TypeScriptCompilerTests_I[jvm] > isolatedDeclarationErrorsEnums_ts has expected errors matching isolatedDeclarationErrorsEnums_errors_txt[jvm] FAILED

<test-failure test="com.xemantic.typescript.compiler.TypeScriptCompilerTests_I.internalImportUnInstantiatedModuleMergedWithClassNotReferencingInstance_ts has expected errors matching internalImportUnInstantiatedModuleMergedWithClassNotReferencingInstance_errors_txt" platform="jvm">
<message>
--- expected
+++ actual
@@ -1,8 +1,7 @@
 internalImportUnInstantiatedModuleMergedWithClassNotReferencingInstance.ts(2,5): error TS2564: Property 'aProp' has no initializer and is not definitely assigned in the constructor.
-internalImportUnInstantiatedModuleMergedWithClassNotReferencingInstance.ts(10,16): error TS2437: Module 'A' is hidden by a local declaration with the same name.
 
 
-==== internalImportUnInstantiatedModuleMergedWithClassNotReferencingInstance.ts (2 errors) ====
+==== internalImportUnInstantiatedModuleMergedWithClassNotReferencingInstance.ts (1 errors) ====
     class A {
         aProp: string;
         ~~~~~
@@ -15,6 +14,4 @@
     namespace B {
         var A = 1;
         import Y = A;
-                   ~
-!!! error TS2437: Module 'A' is hidden by a local declaration with the same name.
     }

</message>
<stacktrace>
  at org.junit.Assert.fail(Assert.java:89)
  at kotlin.test.junit.JUnitAsserter.fail(JUnitSupport.kt:56)
  at kotlin.test.AssertionsKt__AssertionsKt.fail(Assertions.kt:563)
  at kotlin.test.AssertionsKt.fail(Unknown Source)
  at com.xemantic.kotlin.test.SameAsKt.sameAs(SameAs.kt:52)
  at com.xemantic.typescript.compiler.TypeScriptTestSupportKt.errorsMatchBaseline(TypeScriptTestSupport.kt:135)
  at com.xemantic.typescript.compiler.TypeScriptCompilerTests_I.internalImportUnInstantiatedModuleMergedWithClassNotReferencingInstance_ts has expected errors matching internalImportUnInstantiatedModuleMergedWithClassNotReferencingInstance_errors_txt(TypeScriptCompilerTests_I.kt:5929)
  at java.base/jdk.internal.reflect.DirectMethodHandleAccessor.invoke(DirectMethodHandleAccessor.java:104)
  at java.base/java.lang.reflect.Method.invoke(Method.java:565)
  at org.junit.runners.model.FrameworkMethod$1.runReflectiveCall(FrameworkMethod.java:59)
  at org.junit.internal.runners.model.ReflectiveCallable.run(ReflectiveCallable.java:12)
  at org.junit.runners.model.FrameworkMethod.invokeExplosively(FrameworkMethod.java:56)
  at org.junit.internal.runners.statements.InvokeMethod.evaluate(InvokeMethod.java:17)
  at org.junit.runners.ParentRunner$3.evaluate(ParentRunner.java:306)
  at org.junit.runners.BlockJUnit4ClassRunner$1.evaluate(BlockJUnit4ClassRunner.java:100)
  at org.junit.runners.ParentRunner.runLeaf(ParentRunner.java:366)
  at org.junit.runners.BlockJUnit4ClassRunner.runChild(BlockJUnit4ClassRunner.java:103)
  at org.junit.runners.BlockJUnit4ClassRunner.runChild(BlockJUnit4ClassRunner.java:63)
  at org.junit.runners.ParentRunner$4.run(ParentRunner.java:331)
  at org.junit.runners.ParentRunner$1.schedule(ParentRunner.java:79)
  at org.junit.runners.ParentRunner.runChildren(ParentRunner.java:329)
  at org.junit.runners.ParentRunner.access$100(ParentRunner.java:66)
  at org.junit.runners.ParentRunner$2.evaluate(ParentRunner.java:293)
  at org.junit.runners.ParentRunner$3.evaluate(ParentRunner.java:306)
  at org.junit.runners.ParentRunner.run(ParentRunner.java:413)
  at org.junit.runner.JUnitCore.run(JUnitCore.java:137)
  at org.junit.runner.JUnitCore.run(JUnitCore.java:115)
  at org.gradle.api.internal.tasks.testing.junit.JUnitTestExecutor.runRequest(JUnitTestExecutor.java:175)
  at org.gradle.api.internal.tasks.testing.junit.JUnitTestExecutor.accept(JUnitTestExecutor.java:84)
  at org.gradle.api.internal.tasks.testing.junit.JUnitTestExecutor.accept(JUnitTestExecutor.java:47)
  at org.gradle.api.internal.tasks.testing.junit.AbstractJUnitTestDefinitionProcessor.processTestDefinition(AbstractJUnitTestDefinitionProcessor.java:65)
  at org.gradle.api.internal.tasks.testing.SuiteTestDefinitionProcessor.processTestDefinition(SuiteTestDefinitionProcessor.java:54)
  at java.base/jdk.internal.reflect.DirectMethodHandleAccessor.invoke(DirectMethodHandleAccessor.java:104)
  at java.base/java.lang.reflect.Method.invoke(Method.java:565)
  at org.gradle.internal.dispatch.MethodInvocation.invokeOn(MethodInvocation.java:77)
  at org.gradle.internal.dispatch.ReflectionDispatch.dispatch(ReflectionDispatch.java:28)
  at org.gradle.internal.dispatch.ReflectionDispatch.dispatch(ReflectionDispatch.java:19)
  at org.gradle.internal.dispatch.ContextClassLoaderDispatch.dispatch(ContextClassLoaderDispatch.java:33)
  at org.gradle.internal.dispatch.ProxyDispatchAdapter$DispatchingInvocationHandler.invoke(ProxyDispatchAdapter.java:88)
  at jdk.proxy1/jdk.proxy1.$Proxy4.processTestDefinition(Unknown Source)
  at org.gradle.api.internal.tasks.testing.worker.TestWorker$2.run(TestWorker.java:178)
  at org.gradle.api.internal.tasks.testing.worker.TestWorker.executeAndMaintainThreadName(TestWorker.java:126)
  at org.gradle.api.internal.tasks.testing.worker.TestWorker.execute(TestWorker.java:103)
  at org.gradle.api.internal.tasks.testing.worker.TestWorker.execute(TestWorker.java:63)
  at org.gradle.process.internal.worker.child.ActionExecutionWorker.execute(ActionExecutionWorker.java:56)
  at org.gradle.process.internal.worker.child.SystemApplicationClassLoaderWorker.call(SystemApplicationClassLoaderWorker.java:122)
  at org.gradle.process.internal.worker.child.SystemApplicationClassLoaderWorker.call(SystemApplicationClassLoaderWorker.java:72)
  at worker.org.gradle.process.internal.worker.GradleWorkerMain.run(GradleWorkerMain.java:69)
  at worker.org.gradle.process.internal.worker.GradleWorkerMain.main(GradleWorkerMain.java:74)
</stacktrace>
</test-failure>


TypeScriptCompilerTests_I[jvm] > internalImportUnInstantiatedModuleMergedWithClassNotReferencingInstance_ts has expected errors matching internalImportUnInstantiatedModuleMergedWithClassNotReferencingInstance_errors_txt[jvm] FAILED

<test-failure test="com.xemantic.typescript.compiler.TypeScriptCompilerTests_I.isolatedDeclarationErrorsReturnTypes_ts has expected errors matching isolatedDeclarationErrorsReturnTypes_errors_txt" platform="jvm">
<message>
Expected diagnostics from baseline typescript-repo/tests/baselines/reference/isolatedDeclarationErrorsReturnTypes.errors.txt but none produced
</message>
<stacktrace>
  at com.xemantic.typescript.compiler.TypeScriptTestSupportKt.errorsMatchBaseline(TypeScriptTestSupport.kt:125)
  at com.xemantic.typescript.compiler.TypeScriptCompilerTests_I.isolatedDeclarationErrorsReturnTypes_ts has expected errors matching isolatedDeclarationErrorsReturnTypes_errors_txt(TypeScriptCompilerTests_I.kt:6657)
  at java.base/jdk.internal.reflect.DirectMethodHandleAccessor.invoke(DirectMethodHandleAccessor.java:104)
  at java.base/java.lang.reflect.Method.invoke(Method.java:565)
  at org.junit.runners.model.FrameworkMethod$1.runReflectiveCall(FrameworkMethod.java:59)
  at org.junit.internal.runners.model.ReflectiveCallable.run(ReflectiveCallable.java:12)
  at org.junit.runners.model.FrameworkMethod.invokeExplosively(FrameworkMethod.java:56)
  at org.junit.internal.runners.statements.InvokeMethod.evaluate(InvokeMethod.java:17)
  at org.junit.runners.ParentRunner$3.evaluate(ParentRunner.java:306)
  at org.junit.runners.BlockJUnit4ClassRunner$1.evaluate(BlockJUnit4ClassRunner.java:100)
  at org.junit.runners.ParentRunner.runLeaf(ParentRunner.java:366)
  at org.junit.runners.BlockJUnit4ClassRunner.runChild(BlockJUnit4ClassRunner.java:103)
  at org.junit.runners.BlockJUnit4ClassRunner.runChild(BlockJUnit4ClassRunner.java:63)
  at org.junit.runners.ParentRunner$4.run(ParentRunner.java:331)
  at org.junit.runners.ParentRunner$1.schedule(ParentRunner.java:79)
  at org.junit.runners.ParentRunner.runChildren(ParentRunner.java:329)
  at org.junit.runners.ParentRunner.access$100(ParentRunner.java:66)
  at org.junit.runners.ParentRunner$2.evaluate(ParentRunner.java:293)
  at org.junit.runners.ParentRunner$3.evaluate(ParentRunner.java:306)
  at org.junit.runners.ParentRunner.run(ParentRunner.java:413)
  at org.junit.runner.JUnitCore.run(JUnitCore.java:137)
  at org.junit.runner.JUnitCore.run(JUnitCore.java:115)
  at org.gradle.api.internal.tasks.testing.junit.JUnitTestExecutor.runRequest(JUnitTestExecutor.java:175)
  at org.gradle.api.internal.tasks.testing.junit.JUnitTestExecutor.accept(JUnitTestExecutor.java:84)
  at org.gradle.api.internal.tasks.testing.junit.JUnitTestExecutor.accept(JUnitTestExecutor.java:47)
  at org.gradle.api.internal.tasks.testing.junit.AbstractJUnitTestDefinitionProcessor.processTestDefinition(AbstractJUnitTestDefinitionProcessor.java:65)
  at org.gradle.api.internal.tasks.testing.SuiteTestDefinitionProcessor.processTestDefinition(SuiteTestDefinitionProcessor.java:54)
  at java.base/jdk.internal.reflect.DirectMethodHandleAccessor.invoke(DirectMethodHandleAccessor.java:104)
  at java.base/java.lang.reflect.Method.invoke(Method.java:565)
  at org.gradle.internal.dispatch.MethodInvocation.invokeOn(MethodInvocation.java:77)
  at org.gradle.internal.dispatch.ReflectionDispatch.dispatch(ReflectionDispatch.java:28)
  at org.gradle.internal.dispatch.ReflectionDispatch.dispatch(ReflectionDispatch.java:19)
  at org.gradle.internal.dispatch.ContextClassLoaderDispatch.dispatch(ContextClassLoaderDispatch.java:33)
  at org.gradle.internal.dispatch.ProxyDispatchAdapter$DispatchingInvocationHandler.invoke(ProxyDispatchAdapter.java:88)
  at jdk.proxy1/jdk.proxy1.$Proxy4.processTestDefinition(Unknown Source)
  at org.gradle.api.internal.tasks.testing.worker.TestWorker$2.run(TestWorker.java:178)
  at org.gradle.api.internal.tasks.testing.worker.TestWorker.executeAndMaintainThreadName(TestWorker.java:126)
  at org.gradle.api.internal.tasks.testing.worker.TestWorker.execute(TestWorker.java:103)
  at org.gradle.api.internal.tasks.testing.worker.TestWorker.execute(TestWorker.java:63)
  at org.gradle.process.internal.worker.child.ActionExecutionWorker.execute(ActionExecutionWorker.java:56)
  at org.gradle.process.internal.worker.child.SystemApplicationClassLoaderWorker.call(SystemApplicationClassLoaderWorker.java:122)
  at org.gradle.process.internal.worker.child.SystemApplicationClassLoaderWorker.call(SystemApplicationClassLoaderWorker.java:72)
  at worker.org.gradle.process.internal.worker.GradleWorkerMain.run(GradleWorkerMain.java:69)
  at worker.org.gradle.process.internal.worker.GradleWorkerMain.main(GradleWorkerMain.java:74)
</stacktrace>
</test-failure>


TypeScriptCompilerTests_I[jvm] > isolatedDeclarationErrorsReturnTypes_ts has expected errors matching isolatedDeclarationErrorsReturnTypes_errors_txt[jvm] FAILED

<test-failure test="com.xemantic.typescript.compiler.TypeScriptCompilerTests_I.inheritance1_ts has expected errors matching inheritance1_errors_txt" platform="jvm">
<message>
--- expected
+++ actual
@@ -1,20 +1,12 @@
+inheritance1.ts(8,7): error TS2420: Class 'Button' incorrectly implements interface 'SelectableControl'.
+  Property 'state' is missing in type 'Button' but required in type 'SelectableControl'.
 inheritance1.ts(14,7): error TS2420: Class 'ImageBase' incorrectly implements interface 'SelectableControl'.
-  Property 'select' is missing in type 'Control' but required in type 'SelectableControl'.
+  Property 'state' is missing in type 'ImageBase' but required in type 'SelectableControl'.
 inheritance1.ts(18,7): error TS2420: Class 'Locations' incorrectly implements interface 'SelectableControl'.
   Property 'state' is missing in type 'Locations' but required in type 'SelectableControl'.
-inheritance1.ts(31,1): error TS2741: Property 'select' is missing in type 'Control' but required in type 'Button'.
-inheritance1.ts(37,1): error TS2741: Property 'select' is missing in type 'Control' but required in type 'TextBox'.
-inheritance1.ts(40,1): error TS2741: Property 'select' is missing in type 'Control' but required in type 'SelectableControl'.
-inheritance1.ts(46,1): error TS2741: Property 'select' is missing in type 'Control' but required in type 'SelectableControl'.
-inheritance1.ts(52,1): error TS2741: Property 'state' is missing in type 'Locations' but required in type 'SelectableControl'.
-inheritance1.ts(53,1): error TS2741: Property 'state' is missing in type 'Locations' but required in type 'Control'.
-inheritance1.ts(55,1): error TS2741: Property 'select' is missing in type 'Control' but required in type 'Locations'.
-inheritance1.ts(58,1): error TS2741: Property 'state' is missing in type 'Locations1' but required in type 'SelectableControl'.
-inheritance1.ts(59,1): error TS2741: Property 'state' is missing in type 'Locations1' but required in type 'Control'.
-inheritance1.ts(61,1): error TS2741: Property 'select' is missing in type 'Control' but required in type 'Locations1'.
 
 
-==== inheritance1.ts (12 errors) ====
+==== inheritance1.ts (3 errors) ====
     class Control {
         private state: any;
     }
@@ -23,6 +15,10 @@
     }
     
     class Button extends Control implements SelectableControl {
+          ~~~~~~
+!!! error TS2420: Class 'Button' incorrectly implements interface 'SelectableControl'.
+!!! error TS2420:   Property 'state' is missing in type 'Button' but required in type 'SelectableControl'.
+!!! related TS2728 inheritance1.ts:2:13: 'state' is declared here.
         select() { }
     }
     class TextBox extends Control {
@@ -31,8 +27,8 @@
     class ImageBase extends Control implements SelectableControl{
           ~~~~~~~~~
 !!! error TS2420: Class 'ImageBase' incorrectly implements interface 'SelectableControl'.
-!!! error TS2420:   Property 'select' is missing in type 'Control' but required in type 'SelectableControl'.
-!!! related TS2728 inheritance1.ts:5:5: 'select' is declared here.
+!!! error TS2420:   Property 'state' is missing in type 'ImageBase' but required in type 'SelectableControl'.
+!!! related TS2728 inheritance1.ts:2:13: 'state' is declared here.
     }
     class Image1 extends Control {
     }
@@ -54,63 +50,33 @@
     c = b;
     b = sc;
     b = c;
-    ~
-!!! error TS2741: Property 'select' is missing in type 'Control' but required in type 'Button'.
-!!! related TS2728 inheritance1.ts:9:5: 'select' is declared here.
     
     declare var t: TextBox;
     sc = t;
     c = t;
     t = sc;
     t = c;
-    ~
-!!! error TS2741: Property 'select' is missing in type 'Control' but required in type 'TextBox'.
-!!! related TS2728 inheritance1.ts:12:5: 'select' is declared here.
     
     declare var i: ImageBase;
     sc = i;
-    ~~
-!!! error TS2741: Property 'select' is missing in type 'Control' but required in type 'SelectableControl'.
-!!! related TS2728 inheritance1.ts:5:5: 'select' is declared here.
     c = i;
     i = sc;
     i = c;
     
     declare var i1: Image1;
     sc = i1;
-    ~~
-!!! error TS2741: Property 'select' is missing in type 'Control' but required in type 'SelectableControl'.
-!!! related TS2728 inheritance1.ts:5:5: 'select' is declared here.
     c = i1;
     i1 = sc;
     i1 = c;
     
     declare var l: Locations;
     sc = l;
-    ~~
-!!! error TS2741: Property 'state' is missing in type 'Locations' but required in type 'SelectableControl'.
-!!! related TS2728 inheritance1.ts:2:13: 'state' is declared here.
     c = l;
-    ~
-!!! error TS2741: Property 'state' is missing in type 'Locations' but required in type 'Control'.
-!!! related TS2728 inheritance1.ts:2:13: 'state' is declared here.
     l = sc;
     l = c;
-    ~
-!!! error TS2741: Property 'select' is missing in type 'Control' but required in type 'Locations'.
-!!! related TS2728 inheritance1.ts:19:5: 'select' is declared here.
     
     declare var l1: Locations1;
     sc = l1;
-    ~~
-!!! error TS2741: Property 'state' is missing in type 'Locations1' but required in type 'SelectableControl'.
-!!! related TS2728 inheritance1.ts:2:13: 'state' is declared here.
     c = l1;
-    ~
-!!! error TS2741: Property 'state' is missing in type 'Locations1' but required in type 'Control'.
-!!! related TS2728 inheritance1.ts:2:13: 'state' is declared here.
     l1 = sc;
     l1 = c;
-    ~~
-!!! error TS2741: Property 'select' is missing in type 'Control' but required in type 'Locations1'.
-!!! related TS2728 inheritance1.ts:22:5: 'select' is declared here.

</message>
<stacktrace>
  at org.junit.Assert.fail(Assert.java:89)
  at kotlin.test.junit.JUnitAsserter.fail(JUnitSupport.kt:56)
  at kotlin.test.AssertionsKt__AssertionsKt.fail(Assertions.kt:563)
  at kotlin.test.AssertionsKt.fail(Unknown Source)
  at com.xemantic.kotlin.test.SameAsKt.sameAs(SameAs.kt:52)
  at com.xemantic.typescript.compiler.TypeScriptTestSupportKt.errorsMatchBaseline(TypeScriptTestSupport.kt:135)
  at com.xemantic.typescript.compiler.TypeScriptCompilerTests_I.inheritance1_ts has expected errors matching inheritance1_errors_txt(TypeScriptCompilerTests_I.kt:3941)
  at java.base/jdk.internal.reflect.DirectMethodHandleAccessor.invoke(DirectMethodHandleAccessor.java:104)
  at java.base/java.lang.reflect.Method.invoke(Method.java:565)
  at org.junit.runners.model.FrameworkMethod$1.runReflectiveCall(FrameworkMethod.java:59)
  at org.junit.internal.runners.model.ReflectiveCallable.run(ReflectiveCallable.java:12)
  at org.junit.runners.model.FrameworkMethod.invokeExplosively(FrameworkMethod.java:56)
  at org.junit.internal.runners.statements.InvokeMethod.evaluate(InvokeMethod.java:17)
  at org.junit.runners.ParentRunner$3.evaluate(ParentRunner.java:306)
  at org.junit.runners.BlockJUnit4ClassRunner$1.evaluate(BlockJUnit4ClassRunner.java:100)
  at org.junit.runners.ParentRunner.runLeaf(ParentRunner.java:366)
  at org.junit.runners.BlockJUnit4ClassRunner.runChild(BlockJUnit4ClassRunner.java:103)
  at org.junit.runners.BlockJUnit4ClassRunner.runChild(BlockJUnit4ClassRunner.java:63)
  at org.junit.runners.ParentRunner$4.run(ParentRunner.java:331)
  at org.junit.runners.ParentRunner$1.schedule(ParentRunner.java:79)
  at org.junit.runners.ParentRunner.runChildren(ParentRunner.java:329)
  at org.junit.runners.ParentRunner.access$100(ParentRunner.java:66)
  at org.junit.runners.ParentRunner$2.evaluate(ParentRunner.java:293)
  at org.junit.runners.ParentRunner$3.evaluate(ParentRunner.java:306)
  at org.junit.runners.ParentRunner.run(ParentRunner.java:413)
  at org.junit.runner.JUnitCore.run(JUnitCore.java:137)
  at org.junit.runner.JUnitCore.run(JUnitCore.java:115)
  at org.gradle.api.internal.tasks.testing.junit.JUnitTestExecutor.runRequest(JUnitTestExecutor.java:175)
  at org.gradle.api.internal.tasks.testing.junit.JUnitTestExecutor.accept(JUnitTestExecutor.java:84)
  at org.gradle.api.internal.tasks.testing.junit.JUnitTestExecutor.accept(JUnitTestExecutor.java:47)
  at org.gradle.api.internal.tasks.testing.junit.AbstractJUnitTestDefinitionProcessor.processTestDefinition(AbstractJUnitTestDefinitionProcessor.java:65)
  at org.gradle.api.internal.tasks.testing.SuiteTestDefinitionProcessor.processTestDefinition(SuiteTestDefinitionProcessor.java:54)
  at java.base/jdk.internal.reflect.DirectMethodHandleAccessor.invoke(DirectMethodHandleAccessor.java:104)
  at java.base/java.lang.reflect.Method.invoke(Method.java:565)
  at org.gradle.internal.dispatch.MethodInvocation.invokeOn(MethodInvocation.java:77)
  at org.gradle.internal.dispatch.ReflectionDispatch.dispatch(ReflectionDispatch.java:28)
  at org.gradle.internal.dispatch.ReflectionDispatch.dispatch(ReflectionDispatch.java:19)
  at org.gradle.internal.dispatch.ContextClassLoaderDispatch.dispatch(ContextClassLoaderDispatch.java:33)
  at org.gradle.internal.dispatch.ProxyDispatchAdapter$DispatchingInvocationHandler.invoke(ProxyDispatchAdapter.java:88)
  at jdk.proxy1/jdk.proxy1.$Proxy4.processTestDefinition(Unknown Source)
  at org.gradle.api.internal.tasks.testing.worker.TestWorker$2.run(TestWorker.java:178)
  at org.gradle.api.internal.tasks.testing.worker.TestWorker.executeAndMaintainThreadName(TestWorker.java:126)
  at org.gradle.api.internal.tasks.testing.worker.TestWorker.execute(TestWorker.java:103)
  at org.gradle.api.internal.tasks.testing.worker.TestWorker.execute(TestWorker.java:63)
  at org.gradle.process.internal.worker.child.ActionExecutionWorker.execute(ActionExecutionWorker.java:56)
  at org.gradle.process.internal.worker.child.SystemApplicationClassLoaderWorker.call(SystemApplicationClassLoaderWorker.java:122)
  at org.gradle.process.internal.worker.child.SystemApplicationClassLoaderWorker.call(SystemApplicationClassLoaderWorker.java:72)
  at worker.org.gradle.process.internal.worker.GradleWorkerMain.run(GradleWorkerMain.java:69)
  at worker.org.gradle.process.internal.worker.GradleWorkerMain.main(GradleWorkerMain.java:74)
</stacktrace>
</test-failure>


TypeScriptCompilerTests_I[jvm] > inheritance1_ts has expected errors matching inheritance1_errors_txt[jvm] FAILED

<test-failure test="com.xemantic.typescript.compiler.TypeScriptCompilerTests_I.isolatedDeclarationLazySymbols_ts has expected errors matching isolatedDeclarationLazySymbols_errors_txt" platform="jvm">
<message>
Expected diagnostics from baseline typescript-repo/tests/baselines/reference/isolatedDeclarationLazySymbols.errors.txt but none produced
</message>
<stacktrace>
  at com.xemantic.typescript.compiler.TypeScriptTestSupportKt.errorsMatchBaseline(TypeScriptTestSupport.kt:125)
  at com.xemantic.typescript.compiler.TypeScriptCompilerTests_I.isolatedDeclarationLazySymbols_ts has expected errors matching isolatedDeclarationLazySymbols_errors_txt(TypeScriptCompilerTests_I.kt:6671)
  at java.base/jdk.internal.reflect.DirectMethodHandleAccessor.invoke(DirectMethodHandleAccessor.java:104)
  at java.base/java.lang.reflect.Method.invoke(Method.java:565)
  at org.junit.runners.model.FrameworkMethod$1.runReflectiveCall(FrameworkMethod.java:59)
  at org.junit.internal.runners.model.ReflectiveCallable.run(ReflectiveCallable.java:12)
  at org.junit.runners.model.FrameworkMethod.invokeExplosively(FrameworkMethod.java:56)
  at org.junit.internal.runners.statements.InvokeMethod.evaluate(InvokeMethod.java:17)
  at org.junit.runners.ParentRunner$3.evaluate(ParentRunner.java:306)
  at org.junit.runners.BlockJUnit4ClassRunner$1.evaluate(BlockJUnit4ClassRunner.java:100)
  at org.junit.runners.ParentRunner.runLeaf(ParentRunner.java:366)
  at org.junit.runners.BlockJUnit4ClassRunner.runChild(BlockJUnit4ClassRunner.java:103)
  at org.junit.runners.BlockJUnit4ClassRunner.runChild(BlockJUnit4ClassRunner.java:63)
  at org.junit.runners.ParentRunner$4.run(ParentRunner.java:331)
  at org.junit.runners.ParentRunner$1.schedule(ParentRunner.java:79)
  at org.junit.runners.ParentRunner.runChildren(ParentRunner.java:329)
  at org.junit.runners.ParentRunner.access$100(ParentRunner.java:66)
  at org.junit.runners.ParentRunner$2.evaluate(ParentRunner.java:293)
  at org.junit.runners.ParentRunner$3.evaluate(ParentRunner.java:306)
  at org.junit.runners.ParentRunner.run(ParentRunner.java:413)
  at org.junit.runner.JUnitCore.run(JUnitCore.java:137)
  at org.junit.runner.JUnitCore.run(JUnitCore.java:115)
  at org.gradle.api.internal.tasks.testing.junit.JUnitTestExecutor.runRequest(JUnitTestExecutor.java:175)
  at org.gradle.api.internal.tasks.testing.junit.JUnitTestExecutor.accept(JUnitTestExecutor.java:84)
  at org.gradle.api.internal.tasks.testing.junit.JUnitTestExecutor.accept(JUnitTestExecutor.java:47)
  at org.gradle.api.internal.tasks.testing.junit.AbstractJUnitTestDefinitionProcessor.processTestDefinition(AbstractJUnitTestDefinitionProcessor.java:65)
  at org.gradle.api.internal.tasks.testing.SuiteTestDefinitionProcessor.processTestDefinition(SuiteTestDefinitionProcessor.java:54)
  at java.base/jdk.internal.reflect.DirectMethodHandleAccessor.invoke(DirectMethodHandleAccessor.java:104)
  at java.base/java.lang.reflect.Method.invoke(Method.java:565)
  at org.gradle.internal.dispatch.MethodInvocation.invokeOn(MethodInvocation.java:77)
  at org.gradle.internal.dispatch.ReflectionDispatch.dispatch(ReflectionDispatch.java:28)
  at org.gradle.internal.dispatch.ReflectionDispatch.dispatch(ReflectionDispatch.java:19)
  at org.gradle.internal.dispatch.ContextClassLoaderDispatch.dispatch(ContextClassLoaderDispatch.java:33)
  at org.gradle.internal.dispatch.ProxyDispatchAdapter$DispatchingInvocationHandler.invoke(ProxyDispatchAdapter.java:88)
  at jdk.proxy1/jdk.proxy1.$Proxy4.processTestDefinition(Unknown Source)
  at org.gradle.api.internal.tasks.testing.worker.TestWorker$2.run(TestWorker.java:178)
  at org.gradle.api.internal.tasks.testing.worker.TestWorker.executeAndMaintainThreadName(TestWorker.java:126)
  at org.gradle.api.internal.tasks.testing.worker.TestWorker.execute(TestWorker.java:103)
  at org.gradle.api.internal.tasks.testing.worker.TestWorker.execute(TestWorker.java:63)
  at org.gradle.process.internal.worker.child.ActionExecutionWorker.execute(ActionExecutionWorker.java:56)
  at org.gradle.process.internal.worker.child.SystemApplicationClassLoaderWorker.call(SystemApplicationClassLoaderWorker.java:122)
  at org.gradle.process.internal.worker.child.SystemApplicationClassLoaderWorker.call(SystemApplicationClassLoaderWorker.java:72)
  at worker.org.gradle.process.internal.worker.GradleWorkerMain.run(GradleWorkerMain.java:69)
  at worker.org.gradle.process.internal.worker.GradleWorkerMain.main(GradleWorkerMain.java:74)
</stacktrace>
</test-failure>


TypeScriptCompilerTests_I[jvm] > isolatedDeclarationLazySymbols_ts has expected errors matching isolatedDeclarationLazySymbols_errors_txt[jvm] FAILED

<test-failure test="com.xemantic.typescript.compiler.TypeScriptCompilerTests_I.isolatedDeclarationsAddUndefined_ts has expected errors matching isolatedDeclarationsAddUndefined_errors_txt" platform="jvm">
<message>
Expected diagnostics from baseline typescript-repo/tests/baselines/reference/isolatedDeclarationsAddUndefined.errors.txt but none produced
</message>
<stacktrace>
  at com.xemantic.typescript.compiler.TypeScriptTestSupportKt.errorsMatchBaseline(TypeScriptTestSupport.kt:125)
  at com.xemantic.typescript.compiler.TypeScriptCompilerTests_I.isolatedDeclarationsAddUndefined_ts has expected errors matching isolatedDeclarationsAddUndefined_errors_txt(TypeScriptCompilerTests_I.kt:6699)
  at java.base/jdk.internal.reflect.DirectMethodHandleAccessor.invoke(DirectMethodHandleAccessor.java:104)
  at java.base/java.lang.reflect.Method.invoke(Method.java:565)
  at org.junit.runners.model.FrameworkMethod$1.runReflectiveCall(FrameworkMethod.java:59)
  at org.junit.internal.runners.model.ReflectiveCallable.run(ReflectiveCallable.java:12)
  at org.junit.runners.model.FrameworkMethod.invokeExplosively(FrameworkMethod.java:56)
  at org.junit.internal.runners.statements.InvokeMethod.evaluate(InvokeMethod.java:17)
  at org.junit.runners.ParentRunner$3.evaluate(ParentRunner.java:306)
  at org.junit.runners.BlockJUnit4ClassRunner$1.evaluate(BlockJUnit4ClassRunner.java:100)
  at org.junit.runners.ParentRunner.runLeaf(ParentRunner.java:366)
  at org.junit.runners.BlockJUnit4ClassRunner.runChild(BlockJUnit4ClassRunner.java:103)
  at org.junit.runners.BlockJUnit4ClassRunner.runChild(BlockJUnit4ClassRunner.java:63)
  at org.junit.runners.ParentRunner$4.run(ParentRunner.java:331)
  at org.junit.runners.ParentRunner$1.schedule(ParentRunner.java:79)
  at org.junit.runners.ParentRunner.runChildren(ParentRunner.java:329)
  at org.junit.runners.ParentRunner.access$100(ParentRunner.java:66)
  at org.junit.runners.ParentRunner$2.evaluate(ParentRunner.java:293)
  at org.junit.runners.ParentRunner$3.evaluate(ParentRunner.java:306)
  at org.junit.runners.ParentRunner.run(ParentRunner.java:413)
  at org.junit.runner.JUnitCore.run(JUnitCore.java:137)
  at org.junit.runner.JUnitCore.run(JUnitCore.java:115)
  at org.gradle.api.internal.tasks.testing.junit.JUnitTestExecutor.runRequest(JUnitTestExecutor.java:175)
  at org.gradle.api.internal.tasks.testing.junit.JUnitTestExecutor.accept(JUnitTestExecutor.java:84)
  at org.gradle.api.internal.tasks.testing.junit.JUnitTestExecutor.accept(JUnitTestExecutor.java:47)
  at org.gradle.api.internal.tasks.testing.junit.AbstractJUnitTestDefinitionProcessor.processTestDefinition(AbstractJUnitTestDefinitionProcessor.java:65)
  at org.gradle.api.internal.tasks.testing.SuiteTestDefinitionProcessor.processTestDefinition(SuiteTestDefinitionProcessor.java:54)
  at java.base/jdk.internal.reflect.DirectMethodHandleAccessor.invoke(DirectMethodHandleAccessor.java:104)
  at java.base/java.lang.reflect.Method.invoke(Method.java:565)
  at org.gradle.internal.dispatch.MethodInvocation.invokeOn(MethodInvocation.java:77)
  at org.gradle.internal.dispatch.ReflectionDispatch.dispatch(ReflectionDispatch.java:28)
  at org.gradle.internal.dispatch.ReflectionDispatch.dispatch(ReflectionDispatch.java:19)
  at org.gradle.internal.dispatch.ContextClassLoaderDispatch.dispatch(ContextClassLoaderDispatch.java:33)
  at org.gradle.internal.dispatch.ProxyDispatchAdapter$DispatchingInvocationHandler.invoke(ProxyDispatchAdapter.java:88)
  at jdk.proxy1/jdk.proxy1.$Proxy4.processTestDefinition(Unknown Source)
  at org.gradle.api.internal.tasks.testing.worker.TestWorker$2.run(TestWorker.java:178)
  at org.gradle.api.internal.tasks.testing.worker.TestWorker.executeAndMaintainThreadName(TestWorker.java:126)
  at org.gradle.api.internal.tasks.testing.worker.TestWorker.execute(TestWorker.java:103)
  at org.gradle.api.internal.tasks.testing.worker.TestWorker.execute(TestWorker.java:63)
  at org.gradle.process.internal.worker.child.ActionExecutionWorker.execute(ActionExecutionWorker.java:56)
  at org.gradle.process.internal.worker.child.SystemApplicationClassLoaderWorker.call(SystemApplicationClassLoaderWorker.java:122)
  at org.gradle.process.internal.worker.child.SystemApplicationClassLoaderWorker.call(SystemApplicationClassLoaderWorker.java:72)
  at worker.org.gradle.process.internal.worker.GradleWorkerMain.run(GradleWorkerMain.java:69)
  at worker.org.gradle.process.internal.worker.GradleWorkerMain.main(GradleWorkerMain.java:74)
</stacktrace>
</test-failure>


TypeScriptCompilerTests_I[jvm] > isolatedDeclarationsAddUndefined_ts has expected errors matching isolatedDeclarationsAddUndefined_errors_txt[jvm] FAILED

<test-failure test="com.xemantic.typescript.compiler.TypeScriptCompilerTests_I.inOperator_ts has expected errors matching inOperator_errors_txt" platform="jvm">
<message>
Expected diagnostics from baseline typescript-repo/tests/baselines/reference/inOperator.errors.txt but none produced
</message>
<stacktrace>
  at com.xemantic.typescript.compiler.TypeScriptTestSupportKt.errorsMatchBaseline(TypeScriptTestSupport.kt:125)
  at com.xemantic.typescript.compiler.TypeScriptCompilerTests_I.inOperator_ts has expected errors matching inOperator_errors_txt(TypeScriptCompilerTests_I.kt:2317)
  at java.base/jdk.internal.reflect.DirectMethodHandleAccessor.invoke(DirectMethodHandleAccessor.java:104)
  at java.base/java.lang.reflect.Method.invoke(Method.java:565)
  at org.junit.runners.model.FrameworkMethod$1.runReflectiveCall(FrameworkMethod.java:59)
  at org.junit.internal.runners.model.ReflectiveCallable.run(ReflectiveCallable.java:12)
  at org.junit.runners.model.FrameworkMethod.invokeExplosively(FrameworkMethod.java:56)
  at org.junit.internal.runners.statements.InvokeMethod.evaluate(InvokeMethod.java:17)
  at org.junit.runners.ParentRunner$3.evaluate(ParentRunner.java:306)
  at org.junit.runners.BlockJUnit4ClassRunner$1.evaluate(BlockJUnit4ClassRunner.java:100)
  at org.junit.runners.ParentRunner.runLeaf(ParentRunner.java:366)
  at org.junit.runners.BlockJUnit4ClassRunner.runChild(BlockJUnit4ClassRunner.java:103)
  at org.junit.runners.BlockJUnit4ClassRunner.runChild(BlockJUnit4ClassRunner.java:63)
  at org.junit.runners.ParentRunner$4.run(ParentRunner.java:331)
  at org.junit.runners.ParentRunner$1.schedule(ParentRunner.java:79)
  at org.junit.runners.ParentRunner.runChildren(ParentRunner.java:329)
  at org.junit.runners.ParentRunner.access$100(ParentRunner.java:66)
  at org.junit.runners.ParentRunner$2.evaluate(ParentRunner.java:293)
  at org.junit.runners.ParentRunner$3.evaluate(ParentRunner.java:306)
  at org.junit.runners.ParentRunner.run(ParentRunner.java:413)
  at org.junit.runner.JUnitCore.run(JUnitCore.java:137)
  at org.junit.runner.JUnitCore.run(JUnitCore.java:115)
  at org.gradle.api.internal.tasks.testing.junit.JUnitTestExecutor.runRequest(JUnitTestExecutor.java:175)
  at org.gradle.api.internal.tasks.testing.junit.JUnitTestExecutor.accept(JUnitTestExecutor.java:84)
  at org.gradle.api.internal.tasks.testing.junit.JUnitTestExecutor.accept(JUnitTestExecutor.java:47)
  at org.gradle.api.internal.tasks.testing.junit.AbstractJUnitTestDefinitionProcessor.processTestDefinition(AbstractJUnitTestDefinitionProcessor.java:65)
  at org.gradle.api.internal.tasks.testing.SuiteTestDefinitionProcessor.processTestDefinition(SuiteTestDefinitionProcessor.java:54)
  at java.base/jdk.internal.reflect.DirectMethodHandleAccessor.invoke(DirectMethodHandleAccessor.java:104)
  at java.base/java.lang.reflect.Method.invoke(Method.java:565)
  at org.gradle.internal.dispatch.MethodInvocation.invokeOn(MethodInvocation.java:77)
  at org.gradle.internal.dispatch.ReflectionDispatch.dispatch(ReflectionDispatch.java:28)
  at org.gradle.internal.dispatch.ReflectionDispatch.dispatch(ReflectionDispatch.java:19)
  at org.gradle.internal.dispatch.ContextClassLoaderDispatch.dispatch(ContextClassLoaderDispatch.java:33)
  at org.gradle.internal.dispatch.ProxyDispatchAdapter$DispatchingInvocationHandler.invoke(ProxyDispatchAdapter.java:88)
  at jdk.proxy1/jdk.proxy1.$Proxy4.processTestDefinition(Unknown Source)
  at org.gradle.api.internal.tasks.testing.worker.TestWorker$2.run(TestWorker.java:178)
  at org.gradle.api.internal.tasks.testing.worker.TestWorker.executeAndMaintainThreadName(TestWorker.java:126)
  at org.gradle.api.internal.tasks.testing.worker.TestWorker.execute(TestWorker.java:103)
  at org.gradle.api.internal.tasks.testing.worker.TestWorker.execute(TestWorker.java:63)
  at org.gradle.process.internal.worker.child.ActionExecutionWorker.execute(ActionExecutionWorker.java:56)
  at org.gradle.process.internal.worker.child.SystemApplicationClassLoaderWorker.call(SystemApplicationClassLoaderWorker.java:122)
  at org.gradle.process.internal.worker.child.SystemApplicationClassLoaderWorker.call(SystemApplicationClassLoaderWorker.java:72)
  at worker.org.gradle.process.internal.worker.GradleWorkerMain.run(GradleWorkerMain.java:69)
  at worker.org.gradle.process.internal.worker.GradleWorkerMain.main(GradleWorkerMain.java:74)
</stacktrace>
</test-failure>


TypeScriptCompilerTests_I[jvm] > inOperator_ts has expected errors matching inOperator_errors_txt[jvm] FAILED

<test-failure test="com.xemantic.typescript.compiler.TypeScriptCompilerTests_I.importAsBaseClass_ts has expected errors matching importAsBaseClass_errors_txt" platform="jvm">
<message>
Expected diagnostics from baseline typescript-repo/tests/baselines/reference/importAsBaseClass.errors.txt but none produced
</message>
<stacktrace>
  at com.xemantic.typescript.compiler.TypeScriptTestSupportKt.errorsMatchBaseline(TypeScriptTestSupport.kt:125)
  at com.xemantic.typescript.compiler.TypeScriptCompilerTests_I.importAsBaseClass_ts has expected errors matching importAsBaseClass_errors_txt(TypeScriptCompilerTests_I.kt:840)
  at java.base/jdk.internal.reflect.DirectMethodHandleAccessor.invoke(DirectMethodHandleAccessor.java:104)
  at java.base/java.lang.reflect.Method.invoke(Method.java:565)
  at org.junit.runners.model.FrameworkMethod$1.runReflectiveCall(FrameworkMethod.java:59)
  at org.junit.internal.runners.model.ReflectiveCallable.run(ReflectiveCallable.java:12)
  at org.junit.runners.model.FrameworkMethod.invokeExplosively(FrameworkMethod.java:56)
  at org.junit.internal.runners.statements.InvokeMethod.evaluate(InvokeMethod.java:17)
  at org.junit.runners.ParentRunner$3.evaluate(ParentRunner.java:306)
  at org.junit.runners.BlockJUnit4ClassRunner$1.evaluate(BlockJUnit4ClassRunner.java:100)
  at org.junit.runners.ParentRunner.runLeaf(ParentRunner.java:366)
  at org.junit.runners.BlockJUnit4ClassRunner.runChild(BlockJUnit4ClassRunner.java:103)
  at org.junit.runners.BlockJUnit4ClassRunner.runChild(BlockJUnit4ClassRunner.java:63)
  at org.junit.runners.ParentRunner$4.run(ParentRunner.java:331)
  at org.junit.runners.ParentRunner$1.schedule(ParentRunner.java:79)
  at org.junit.runners.ParentRunner.runChildren(ParentRunner.java:329)
  at org.junit.runners.ParentRunner.access$100(ParentRunner.java:66)
  at org.junit.runners.ParentRunner$2.evaluate(ParentRunner.java:293)
  at org.junit.runners.ParentRunner$3.evaluate(ParentRunner.java:306)
  at org.junit.runners.ParentRunner.run(ParentRunner.java:413)
  at org.junit.runner.JUnitCore.run(JUnitCore.java:137)
  at org.junit.runner.JUnitCore.run(JUnitCore.java:115)
  at org.gradle.api.internal.tasks.testing.junit.JUnitTestExecutor.runRequest(JUnitTestExecutor.java:175)
  at org.gradle.api.internal.tasks.testing.junit.JUnitTestExecutor.accept(JUnitTestExecutor.java:84)
  at org.gradle.api.internal.tasks.testing.junit.JUnitTestExecutor.accept(JUnitTestExecutor.java:47)
  at org.gradle.api.internal.tasks.testing.junit.AbstractJUnitTestDefinitionProcessor.processTestDefinition(AbstractJUnitTestDefinitionProcessor.java:65)
  at org.gradle.api.internal.tasks.testing.SuiteTestDefinitionProcessor.processTestDefinition(SuiteTestDefinitionProcessor.java:54)
  at java.base/jdk.internal.reflect.DirectMethodHandleAccessor.invoke(DirectMethodHandleAccessor.java:104)
  at java.base/java.lang.reflect.Method.invoke(Method.java:565)
  at org.gradle.internal.dispatch.MethodInvocation.invokeOn(MethodInvocation.java:77)
  at org.gradle.internal.dispatch.ReflectionDispatch.dispatch(ReflectionDispatch.java:28)
  at org.gradle.internal.dispatch.ReflectionDispatch.dispatch(ReflectionDispatch.java:19)
  at org.gradle.internal.dispatch.ContextClassLoaderDispatch.dispatch(ContextClassLoaderDispatch.java:33)
  at org.gradle.internal.dispatch.ProxyDispatchAdapter$DispatchingInvocationHandler.invoke(ProxyDispatchAdapter.java:88)
  at jdk.proxy1/jdk.proxy1.$Proxy4.processTestDefinition(Unknown Source)
  at org.gradle.api.internal.tasks.testing.worker.TestWorker$2.run(TestWorker.java:178)
  at org.gradle.api.internal.tasks.testing.worker.TestWorker.executeAndMaintainThreadName(TestWorker.java:126)
  at org.gradle.api.internal.tasks.testing.worker.TestWorker.execute(TestWorker.java:103)
  at org.gradle.api.internal.tasks.testing.worker.TestWorker.execute(TestWorker.java:63)
  at org.gradle.process.internal.worker.child.ActionExecutionWorker.execute(ActionExecutionWorker.java:56)
  at org.gradle.process.internal.worker.child.SystemApplicationClassLoaderWorker.call(SystemApplicationClassLoaderWorker.java:122)
  at org.gradle.process.internal.worker.child.SystemApplicationClassLoaderWorker.call(SystemApplicationClassLoaderWorker.java:72)
  at worker.org.gradle.process.internal.worker.GradleWorkerMain.run(GradleWorkerMain.java:69)
  at worker.org.gradle.process.internal.worker.GradleWorkerMain.main(GradleWorkerMain.java:74)
</stacktrace>
</test-failure>


TypeScriptCompilerTests_I[jvm] > importAsBaseClass_ts has expected errors matching importAsBaseClass_errors_txt[jvm] FAILED

<test-failure test="com.xemantic.typescript.compiler.TypeScriptCompilerTests_I.isolatedModulesExportDeclarationType_ts compiles to JavaScript matching isolatedModulesExportDeclarationType_js" platform="jvm">
<message>
--- expected
+++ actual
@@ -30,13 +30,17 @@
 "use strict";
 Object.defineProperty(exports, "__esModule", { value: true });
 const T = 0; // Error as of #56354
-exports.default = T; // Ok
+exports.default = T;
 //// [test2.js]
 "use strict";
 Object.defineProperty(exports, "__esModule", { value: true });
+const type_1 = require("./type");
+exports.default = type_1.T;
 //// [test3.js]
 "use strict";
 Object.defineProperty(exports, "__esModule", { value: true });
+const type_1 = require("./type");
+exports.default = type_1.T;
 //// [test4.js]
 "use strict";
 var __importDefault = (this && this.__importDefault) || function (mod) {

</message>
<stacktrace>
  at org.junit.Assert.fail(Assert.java:89)
  at kotlin.test.junit.JUnitAsserter.fail(JUnitSupport.kt:56)
  at kotlin.test.AssertionsKt__AssertionsKt.fail(Assertions.kt:563)
  at kotlin.test.AssertionsKt.fail(Unknown Source)
  at com.xemantic.kotlin.test.SameAsKt.sameAs(SameAs.kt:52)
  at com.xemantic.typescript.compiler.TypeScriptTestSupportKt.sameAs(TypeScriptTestSupport.kt:99)
  at com.xemantic.typescript.compiler.TypeScriptCompilerTests_I.isolatedModulesExportDeclarationType_ts compiles to JavaScript matching isolatedModulesExportDeclarationType_js(TypeScriptCompilerTests_I.kt:6797)
  at java.base/jdk.internal.reflect.DirectMethodHandleAccessor.invoke(DirectMethodHandleAccessor.java:104)
  at java.base/java.lang.reflect.Method.invoke(Method.java:565)
  at org.junit.runners.model.FrameworkMethod$1.runReflectiveCall(FrameworkMethod.java:59)
  at org.junit.internal.runners.model.ReflectiveCallable.run(ReflectiveCallable.java:12)
  at org.junit.runners.model.FrameworkMethod.invokeExplosively(FrameworkMethod.java:56)
  at org.junit.internal.runners.statements.InvokeMethod.evaluate(InvokeMethod.java:17)
  at org.junit.runners.ParentRunner$3.evaluate(ParentRunner.java:306)
  at org.junit.runners.BlockJUnit4ClassRunner$1.evaluate(BlockJUnit4ClassRunner.java:100)
  at org.junit.runners.ParentRunner.runLeaf(ParentRunner.java:366)
  at org.junit.runners.BlockJUnit4ClassRunner.runChild(BlockJUnit4ClassRunner.java:103)
  at org.junit.runners.BlockJUnit4ClassRunner.runChild(BlockJUnit4ClassRunner.java:63)
  at org.junit.runners.ParentRunner$4.run(ParentRunner.java:331)
  at org.junit.runners.ParentRunner$1.schedule(ParentRunner.java:79)
  at org.junit.runners.ParentRunner.runChildren(ParentRunner.java:329)
  at org.junit.runners.ParentRunner.access$100(ParentRunner.java:66)
  at org.junit.runners.ParentRunner$2.evaluate(ParentRunner.java:293)
  at org.junit.runners.ParentRunner$3.evaluate(ParentRunner.java:306)
  at org.junit.runners.ParentRunner.run(ParentRunner.java:413)
  at org.junit.runner.JUnitCore.run(JUnitCore.java:137)
  at org.junit.runner.JUnitCore.run(JUnitCore.java:115)
  at org.gradle.api.internal.tasks.testing.junit.JUnitTestExecutor.runRequest(JUnitTestExecutor.java:175)
  at org.gradle.api.internal.tasks.testing.junit.JUnitTestExecutor.accept(JUnitTestExecutor.java:84)
  at org.gradle.api.internal.tasks.testing.junit.JUnitTestExecutor.accept(JUnitTestExecutor.java:47)
  at org.gradle.api.internal.tasks.testing.junit.AbstractJUnitTestDefinitionProcessor.processTestDefinition(AbstractJUnitTestDefinitionProcessor.java:65)
  at org.gradle.api.internal.tasks.testing.SuiteTestDefinitionProcessor.processTestDefinition(SuiteTestDefinitionProcessor.java:54)
  at java.base/jdk.internal.reflect.DirectMethodHandleAccessor.invoke(DirectMethodHandleAccessor.java:104)
  at java.base/java.lang.reflect.Method.invoke(Method.java:565)
  at org.gradle.internal.dispatch.MethodInvocation.invokeOn(MethodInvocation.java:77)
  at org.gradle.internal.dispatch.ReflectionDispatch.dispatch(ReflectionDispatch.java:28)
  at org.gradle.internal.dispatch.ReflectionDispatch.dispatch(ReflectionDispatch.java:19)
  at org.gradle.internal.dispatch.ContextClassLoaderDispatch.dispatch(ContextClassLoaderDispatch.java:33)
  at org.gradle.internal.dispatch.ProxyDispatchAdapter$DispatchingInvocationHandler.invoke(ProxyDispatchAdapter.java:88)
  at jdk.proxy1/jdk.proxy1.$Proxy4.processTestDefinition(Unknown Source)
  at org.gradle.api.internal.tasks.testing.worker.TestWorker$2.run(TestWorker.java:178)
  at org.gradle.api.internal.tasks.testing.worker.TestWorker.executeAndMaintainThreadName(TestWorker.java:126)
  at org.gradle.api.internal.tasks.testing.worker.TestWorker.execute(TestWorker.java:103)
  at org.gradle.api.internal.tasks.testing.worker.TestWorker.execute(TestWorker.java:63)
  at org.gradle.process.internal.worker.child.ActionExecutionWorker.execute(ActionExecutionWorker.java:56)
  at org.gradle.process.internal.worker.child.SystemApplicationClassLoaderWorker.call(SystemApplicationClassLoaderWorker.java:122)
  at org.gradle.process.internal.worker.child.SystemApplicationClassLoaderWorker.call(SystemApplicationClassLoaderWorker.java:72)
  at worker.org.gradle.process.internal.worker.GradleWorkerMain.run(GradleWorkerMain.java:69)
  at worker.org.gradle.process.internal.worker.GradleWorkerMain.main(GradleWorkerMain.java:74)
</stacktrace>
</test-failure>


TypeScriptCompilerTests_I[jvm] > isolatedModulesExportDeclarationType_ts compiles to JavaScript matching isolatedModulesExportDeclarationType_js[jvm] FAILED

<test-failure test="com.xemantic.typescript.compiler.TypeScriptCompilerTests_I.inheritedGenericCallSignature_ts has expected errors matching inheritedGenericCallSignature_errors_txt" platform="jvm">
<message>
--- expected
+++ actual
@@ -1,8 +1,7 @@
 inheritedGenericCallSignature.ts(24,9): error TS2454: Variable 'x' is used before being assigned.
-inheritedGenericCallSignature.ts(24,11): error TS2345: Argument of type 'undefined' is not assignable to parameter of type 'Date[]'.
 
 
-==== inheritedGenericCallSignature.ts (2 errors) ====
+==== inheritedGenericCallSignature.ts (1 errors) ====
     interface I1<T> {
     
         (a: T): T;
@@ -29,7 +28,5 @@
     var y = x(undefined);
             ~
 !!! error TS2454: Variable 'x' is used before being assigned.
-              ~~~~~~~~~
-!!! error TS2345: Argument of type 'undefined' is not assignable to parameter of type 'Date[]'.
     
     y.length;  // should not error

</message>
<stacktrace>
  at org.junit.Assert.fail(Assert.java:89)
  at kotlin.test.junit.JUnitAsserter.fail(JUnitSupport.kt:56)
  at kotlin.test.AssertionsKt__AssertionsKt.fail(Assertions.kt:563)
  at kotlin.test.AssertionsKt.fail(Unknown Source)
  at com.xemantic.kotlin.test.SameAsKt.sameAs(SameAs.kt:52)
  at com.xemantic.typescript.compiler.TypeScriptTestSupportKt.errorsMatchBaseline(TypeScriptTestSupport.kt:135)
  at com.xemantic.typescript.compiler.TypeScriptCompilerTests_I.inheritedGenericCallSignature_ts has expected errors matching inheritedGenericCallSignature_errors_txt(TypeScriptCompilerTests_I.kt:4291)
  at java.base/jdk.internal.reflect.DirectMethodHandleAccessor.invoke(DirectMethodHandleAccessor.java:104)
  at java.base/java.lang.reflect.Method.invoke(Method.java:565)
  at org.junit.runners.model.FrameworkMethod$1.runReflectiveCall(FrameworkMethod.java:59)
  at org.junit.internal.runners.model.ReflectiveCallable.run(ReflectiveCallable.java:12)
  at org.junit.runners.model.FrameworkMethod.invokeExplosively(FrameworkMethod.java:56)
  at org.junit.internal.runners.statements.InvokeMethod.evaluate(InvokeMethod.java:17)
  at org.junit.runners.ParentRunner$3.evaluate(ParentRunner.java:306)
  at org.junit.runners.BlockJUnit4ClassRunner$1.evaluate(BlockJUnit4ClassRunner.java:100)
  at org.junit.runners.ParentRunner.runLeaf(ParentRunner.java:366)
  at org.junit.runners.BlockJUnit4ClassRunner.runChild(BlockJUnit4ClassRunner.java:103)
  at org.junit.runners.BlockJUnit4ClassRunner.runChild(BlockJUnit4ClassRunner.java:63)
  at org.junit.runners.ParentRunner$4.run(ParentRunner.java:331)
  at org.junit.runners.ParentRunner$1.schedule(ParentRunner.java:79)
  at org.junit.runners.ParentRunner.runChildren(ParentRunner.java:329)
  at org.junit.runners.ParentRunner.access$100(ParentRunner.java:66)
  at org.junit.runners.ParentRunner$2.evaluate(ParentRunner.java:293)
  at org.junit.runners.ParentRunner$3.evaluate(ParentRunner.java:306)
  at org.junit.runners.ParentRunner.run(ParentRunner.java:413)
  at org.junit.runner.JUnitCore.run(JUnitCore.java:137)
  at org.junit.runner.JUnitCore.run(JUnitCore.java:115)
  at org.gradle.api.internal.tasks.testing.junit.JUnitTestExecutor.runRequest(JUnitTestExecutor.java:175)
  at org.gradle.api.internal.tasks.testing.junit.JUnitTestExecutor.accept(JUnitTestExecutor.java:84)
  at org.gradle.api.internal.tasks.testing.junit.JUnitTestExecutor.accept(JUnitTestExecutor.java:47)
  at org.gradle.api.internal.tasks.testing.junit.AbstractJUnitTestDefinitionProcessor.processTestDefinition(AbstractJUnitTestDefinitionProcessor.java:65)
  at org.gradle.api.internal.tasks.testing.SuiteTestDefinitionProcessor.processTestDefinition(SuiteTestDefinitionProcessor.java:54)
  at java.base/jdk.internal.reflect.DirectMethodHandleAccessor.invoke(DirectMethodHandleAccessor.java:104)
  at java.base/java.lang.reflect.Method.invoke(Method.java:565)
  at org.gradle.internal.dispatch.MethodInvocation.invokeOn(MethodInvocation.java:77)
  at org.gradle.internal.dispatch.ReflectionDispatch.dispatch(ReflectionDispatch.java:28)
  at org.gradle.internal.dispatch.ReflectionDispatch.dispatch(ReflectionDispatch.java:19)
  at org.gradle.internal.dispatch.ContextClassLoaderDispatch.dispatch(ContextClassLoaderDispatch.java:33)
  at org.gradle.internal.dispatch.ProxyDispatchAdapter$DispatchingInvocationHandler.invoke(ProxyDispatchAdapter.java:88)
  at jdk.proxy1/jdk.proxy1.$Proxy4.processTestDefinition(Unknown Source)
  at org.gradle.api.internal.tasks.testing.worker.TestWorker$2.run(TestWorker.java:178)
  at org.gradle.api.internal.tasks.testing.worker.TestWorker.executeAndMaintainThreadName(TestWorker.java:126)
  at org.gradle.api.internal.tasks.testing.worker.TestWorker.execute(TestWorker.java:103)
  at org.gradle.api.internal.tasks.testing.worker.TestWorker.execute(TestWorker.java:63)
  at org.gradle.process.internal.worker.child.ActionExecutionWorker.execute(ActionExecutionWorker.java:56)
  at org.gradle.process.internal.worker.child.SystemApplicationClassLoaderWorker.call(SystemApplicationClassLoaderWorker.java:122)
  at org.gradle.process.internal.worker.child.SystemApplicationClassLoaderWorker.call(SystemApplicationClassLoaderWorker.java:72)
  at worker.org.gradle.process.internal.worker.GradleWorkerMain.run(GradleWorkerMain.java:69)
  at worker.org.gradle.process.internal.worker.GradleWorkerMain.main(GradleWorkerMain.java:74)
</stacktrace>
</test-failure>


TypeScriptCompilerTests_I[jvm] > inheritedGenericCallSignature_ts has expected errors matching inheritedGenericCallSignature_errors_txt[jvm] FAILED

<test-failure test="com.xemantic.typescript.compiler.TypeScriptCompilerTests_I.indexTypeCheck_ts has expected errors matching indexTypeCheck_errors_txt" platform="jvm">
<message>
--- expected
+++ actual
@@ -1,14 +1,10 @@
 indexTypeCheck.ts(2,2): error TS1021: An index signature must have a type annotation.
 indexTypeCheck.ts(3,2): error TS1021: An index signature must have a type annotation.
-indexTypeCheck.ts(17,2): error TS2413: 'number' index type 'number' is not assignable to 'string' index type 'string'.
-indexTypeCheck.ts(22,2): error TS2413: 'number' index type 'Orange' is not assignable to 'string' index type 'Yellow'.
-indexTypeCheck.ts(27,2): error TS2413: 'number' index type 'number' is not assignable to 'string' index type 'string'.
 indexTypeCheck.ts(32,3): error TS1096: An index signature must have exactly one parameter.
-indexTypeCheck.ts(36,3): error TS1268: An index signature parameter type must be 'string', 'number', 'symbol', or a template literal type.
-indexTypeCheck.ts(51,8): error TS2538: Type 'Blue' cannot be used as an index type.
+indexTypeCheck.ts(36,2): error TS1021: An index signature must have a type annotation.
 
 
-==== indexTypeCheck.ts (8 errors) ====
+==== indexTypeCheck.ts (4 errors) ====
     interface Red {
     	[n:number]; // ok
     	~~~~~~~~~~~
@@ -30,22 +26,16 @@
     
     interface Orange {
     	[n:number]: number; // ok
-    	~~~~~~~~~~~~~~~~~~~
-!!! error TS2413: 'number' index type 'number' is not assignable to 'string' index type 'string'.
     	[s:string]: string; // error
     }
     
     interface Green {
     	[n:number]: Orange; // error
-    	~~~~~~~~~~~~~~~~~~~
-!!! error TS2413: 'number' index type 'Orange' is not assignable to 'string' index type 'Yellow'.
     	[s:string]: Yellow; // ok
     }
     
     interface Cyan {
     	[n:number]: number; // error
-    	~~~~~~~~~~~~~~~~~~~
-!!! error TS2413: 'number' index type 'number' is not assignable to 'string' index type 'string'.
     	[s:string]: string; // ok
     }
     
@@ -57,8 +47,8 @@
     
     interface Magenta {
     	[p:Purple]; // error
-    	 ~
-!!! error TS1268: An index signature parameter type must be 'string', 'number', 'symbol', or a template literal type.
+    	~~~~~~~~~~~
+!!! error TS1021: An index signature must have a type annotation.
     }
     
     declare var yellow: Yellow;
@@ -74,8 +64,6 @@
     s[<any>{}]; // ok
     
     yellow[blue]; // error
-           ~~~~
-!!! error TS2538: Type 'Blue' cannot be used as an index type.
     
     declare var x:number[];
     x[0];

</message>
<stacktrace>
  at org.junit.Assert.fail(Assert.java:89)
  at kotlin.test.junit.JUnitAsserter.fail(JUnitSupport.kt:56)
  at kotlin.test.AssertionsKt__AssertionsKt.fail(Assertions.kt:563)
  at kotlin.test.AssertionsKt.fail(Unknown Source)
  at com.xemantic.kotlin.test.SameAsKt.sameAs(SameAs.kt:52)
  at com.xemantic.typescript.compiler.TypeScriptTestSupportKt.errorsMatchBaseline(TypeScriptTestSupport.kt:135)
  at com.xemantic.typescript.compiler.TypeScriptCompilerTests_I.indexTypeCheck_ts has expected errors matching indexTypeCheck_errors_txt(TypeScriptCompilerTests_I.kt:2793)
  at java.base/jdk.internal.reflect.DirectMethodHandleAccessor.invoke(DirectMethodHandleAccessor.java:104)
  at java.base/java.lang.reflect.Method.invoke(Method.java:565)
  at org.junit.runners.model.FrameworkMethod$1.runReflectiveCall(FrameworkMethod.java:59)
  at org.junit.internal.runners.model.ReflectiveCallable.run(ReflectiveCallable.java:12)
  at org.junit.runners.model.FrameworkMethod.invokeExplosively(FrameworkMethod.java:56)
  at org.junit.internal.runners.statements.InvokeMethod.evaluate(InvokeMethod.java:17)
  at org.junit.runners.ParentRunner$3.evaluate(ParentRunner.java:306)
  at org.junit.runners.BlockJUnit4ClassRunner$1.evaluate(BlockJUnit4ClassRunner.java:100)
  at org.junit.runners.ParentRunner.runLeaf(ParentRunner.java:366)
  at org.junit.runners.BlockJUnit4ClassRunner.runChild(BlockJUnit4ClassRunner.java:103)
  at org.junit.runners.BlockJUnit4ClassRunner.runChild(BlockJUnit4ClassRunner.java:63)
  at org.junit.runners.ParentRunner$4.run(ParentRunner.java:331)
  at org.junit.runners.ParentRunner$1.schedule(ParentRunner.java:79)
  at org.junit.runners.ParentRunner.runChildren(ParentRunner.java:329)
  at org.junit.runners.ParentRunner.access$100(ParentRunner.java:66)
  at org.junit.runners.ParentRunner$2.evaluate(ParentRunner.java:293)
  at org.junit.runners.ParentRunner$3.evaluate(ParentRunner.java:306)
  at org.junit.runners.ParentRunner.run(ParentRunner.java:413)
  at org.junit.runner.JUnitCore.run(JUnitCore.java:137)
  at org.junit.runner.JUnitCore.run(JUnitCore.java:115)
  at org.gradle.api.internal.tasks.testing.junit.JUnitTestExecutor.runRequest(JUnitTestExecutor.java:175)
  at org.gradle.api.internal.tasks.testing.junit.JUnitTestExecutor.accept(JUnitTestExecutor.java:84)
  at org.gradle.api.internal.tasks.testing.junit.JUnitTestExecutor.accept(JUnitTestExecutor.java:47)
  at org.gradle.api.internal.tasks.testing.junit.AbstractJUnitTestDefinitionProcessor.processTestDefinition(AbstractJUnitTestDefinitionProcessor.java:65)
  at org.gradle.api.internal.tasks.testing.SuiteTestDefinitionProcessor.processTestDefinition(SuiteTestDefinitionProcessor.java:54)
  at java.base/jdk.internal.reflect.DirectMethodHandleAccessor.invoke(DirectMethodHandleAccessor.java:104)
  at java.base/java.lang.reflect.Method.invoke(Method.java:565)
  at org.gradle.internal.dispatch.MethodInvocation.invokeOn(MethodInvocation.java:77)
  at org.gradle.internal.dispatch.ReflectionDispatch.dispatch(ReflectionDispatch.java:28)
  at org.gradle.internal.dispatch.ReflectionDispatch.dispatch(ReflectionDispatch.java:19)
  at org.gradle.internal.dispatch.ContextClassLoaderDispatch.dispatch(ContextClassLoaderDispatch.java:33)
  at org.gradle.internal.dispatch.ProxyDispatchAdapter$DispatchingInvocationHandler.invoke(ProxyDispatchAdapter.java:88)
  at jdk.proxy1/jdk.proxy1.$Proxy4.processTestDefinition(Unknown Source)
  at org.gradle.api.internal.tasks.testing.worker.TestWorker$2.run(TestWorker.java:178)
  at org.gradle.api.internal.tasks.testing.worker.TestWorker.executeAndMaintainThreadName(TestWorker.java:126)
  at org.gradle.api.internal.tasks.testing.worker.TestWorker.execute(TestWorker.java:103)
  at org.gradle.api.internal.tasks.testing.worker.TestWorker.execute(TestWorker.java:63)
  at org.gradle.process.internal.worker.child.ActionExecutionWorker.execute(ActionExecutionWorker.java:56)
  at org.gradle.process.internal.worker.child.SystemApplicationClassLoaderWorker.call(SystemApplicationClassLoaderWorker.java:122)
  at org.gradle.process.internal.worker.child.SystemApplicationClassLoaderWorker.call(SystemApplicationClassLoaderWorker.java:72)
  at worker.org.gradle.process.internal.worker.GradleWorkerMain.run(GradleWorkerMain.java:69)
  at worker.org.gradle.process.internal.worker.GradleWorkerMain.main(GradleWorkerMain.java:74)
</stacktrace>
</test-failure>


TypeScriptCompilerTests_I[jvm] > indexTypeCheck_ts has expected errors matching indexTypeCheck_errors_txt[jvm] FAILED

<test-failure test="com.xemantic.typescript.compiler.TypeScriptCompilerTests_I.isDeclarationVisibleNodeKinds_ts__target_es5__has expected errors matching baseline" platform="jvm">
<message>
--- expected
+++ actual
@@ -1,17 +1,12 @@
 error TS5107: Option 'target=ES5' is deprecated and will stop functioning in TypeScript 7.0. Specify compilerOption '"ignoreDeprecations": "6.0"' to silence this error.
 isDeclarationVisibleNodeKinds.ts(4,9): error TS2322: Type 'undefined' is not assignable to type '<T>(data: T) => T'.
 isDeclarationVisibleNodeKinds.ts(11,9): error TS2322: Type 'undefined' is not assignable to type 'new <T>(data: T) => T'.
-isDeclarationVisibleNodeKinds.ts(18,9): error TS2322: Type 'undefined' is not assignable to type 'number | (new <T>(data: T) => T)'.
-isDeclarationVisibleNodeKinds.ts(25,9): error TS2322: Type 'undefined' is not assignable to type '(new <T>(data: T) => T)[]'.
-isDeclarationVisibleNodeKinds.ts(33,9): error TS2322: Type 'undefined' is not assignable to type 'new <T>(data: T) => T'.
-isDeclarationVisibleNodeKinds.ts(40,9): error TS2322: Type 'undefined' is not assignable to type '[new <T>(data: T) => T, number]'.
-isDeclarationVisibleNodeKinds.ts(47,9): error TS2322: Type 'undefined' is not assignable to type '(new <T>(data: T) => T)[]'.
-isDeclarationVisibleNodeKinds.ts(54,9): error TS2322: Type 'undefined' is not assignable to type '(<T>(data: T) => T)[]'.
+isDeclarationVisibleNodeKinds.ts(18,9): error TS2322: Type 'undefined' is not assignable to type 'number | { ... }'.
 isDeclarationVisibleNodeKinds.ts(62,13): error TS2322: Type 'undefined' is not assignable to type '<T>(data: T) => T'.
 
 
 !!! error TS5107: Option 'target=ES5' is deprecated and will stop functioning in TypeScript 7.0. Specify compilerOption '"ignoreDeprecations": "6.0"' to silence this error.
-==== isDeclarationVisibleNodeKinds.ts (9 errors) ====
+==== isDeclarationVisibleNodeKinds.ts (4 errors) ====
     // Function types
     namespace schema {
         export function createValidator1(schema: any): <T>(data: T) => T {
@@ -35,7 +30,7 @@
          export function createValidator3(schema: any): number | { new <T>(data: T): T; }  {
             return undefined;
             ~~~~~~
-!!! error TS2322: Type 'undefined' is not assignable to type 'number | (new <T>(data: T) => T)'.
+!!! error TS2322: Type 'undefined' is not assignable to type 'number | { ... }'.
         }
     }
     
@@ -43,8 +38,6 @@
     namespace schema {
          export function createValidator4(schema: any): { new <T>(data: T): T; }[] {
             return undefined;
-            ~~~~~~
-!!! error TS2322: Type 'undefined' is not assignable to type '(new <T>(data: T) => T)[]'.
         }
     }
     
@@ -53,8 +46,6 @@
     namespace schema {
         export function createValidator5(schema: any): { new <T>(data: T): T } {
             return undefined;
-            ~~~~~~
-!!! error TS2322: Type 'undefined' is not assignable to type 'new <T>(data: T) => T'.
         }
     }
     
@@ -62,8 +53,6 @@
     namespace schema {
         export function createValidator6(schema: any): [ new <T>(data: T) => T, number] {
             return undefined;
-            ~~~~~~
-!!! error TS2322: Type 'undefined' is not assignable to type '[new <T>(data: T) => T, number]'.
         }
     }
     
@@ -71,8 +60,6 @@
     namespace schema {
         export function createValidator7(schema: any): (new <T>(data: T)=>T )[] {
             return undefined;
-            ~~~~~~
-!!! error TS2322: Type 'undefined' is not assignable to type '(new <T>(data: T) => T)[]'.
         }
     }
     
@@ -80,8 +67,6 @@
     namespace schema {
         export function createValidator8(schema: any): Array<{ <T>(data: T) : T}> {
             return undefined;
-            ~~~~~~
-!!! error TS2322: Type 'undefined' is not assignable to type '(<T>(data: T) => T)[]'.
         }
     }
     

</message>
<stacktrace>
  at org.junit.Assert.fail(Assert.java:89)
  at kotlin.test.junit.JUnitAsserter.fail(JUnitSupport.kt:56)
  at kotlin.test.AssertionsKt__AssertionsKt.fail(Assertions.kt:563)
  at kotlin.test.AssertionsKt.fail(Unknown Source)
  at com.xemantic.kotlin.test.SameAsKt.sameAs(SameAs.kt:52)
  at com.xemantic.typescript.compiler.TypeScriptTestSupportKt.errorsMatchBaseline(TypeScriptTestSupport.kt:135)
  at com.xemantic.typescript.compiler.TypeScriptCompilerTests_I.isDeclarationVisibleNodeKinds_ts__target_es5__has expected errors matching baseline(TypeScriptCompilerTests_I.kt:6468)
  at java.base/jdk.internal.reflect.DirectMethodHandleAccessor.invoke(DirectMethodHandleAccessor.java:104)
  at java.base/java.lang.reflect.Method.invoke(Method.java:565)
  at org.junit.runners.model.FrameworkMethod$1.runReflectiveCall(FrameworkMethod.java:59)
  at org.junit.internal.runners.model.ReflectiveCallable.run(ReflectiveCallable.java:12)
  at org.junit.runners.model.FrameworkMethod.invokeExplosively(FrameworkMethod.java:56)
  at org.junit.internal.runners.statements.InvokeMethod.evaluate(InvokeMethod.java:17)
  at org.junit.runners.ParentRunner$3.evaluate(ParentRunner.java:306)
  at org.junit.runners.BlockJUnit4ClassRunner$1.evaluate(BlockJUnit4ClassRunner.java:100)
  at org.junit.runners.ParentRunner.runLeaf(ParentRunner.java:366)
  at org.junit.runners.BlockJUnit4ClassRunner.runChild(BlockJUnit4ClassRunner.java:103)
  at org.junit.runners.BlockJUnit4ClassRunner.runChild(BlockJUnit4ClassRunner.java:63)
  at org.junit.runners.ParentRunner$4.run(ParentRunner.java:331)
  at org.junit.runners.ParentRunner$1.schedule(ParentRunner.java:79)
  at org.junit.runners.ParentRunner.runChildren(ParentRunner.java:329)
  at org.junit.runners.ParentRunner.access$100(ParentRunner.java:66)
  at org.junit.runners.ParentRunner$2.evaluate(ParentRunner.java:293)
  at org.junit.runners.ParentRunner$3.evaluate(ParentRunner.java:306)
  at org.junit.runners.ParentRunner.run(ParentRunner.java:413)
  at org.junit.runner.JUnitCore.run(JUnitCore.java:137)
  at org.junit.runner.JUnitCore.run(JUnitCore.java:115)
  at org.gradle.api.internal.tasks.testing.junit.JUnitTestExecutor.runRequest(JUnitTestExecutor.java:175)
  at org.gradle.api.internal.tasks.testing.junit.JUnitTestExecutor.accept(JUnitTestExecutor.java:84)
  at org.gradle.api.internal.tasks.testing.junit.JUnitTestExecutor.accept(JUnitTestExecutor.java:47)
  at org.gradle.api.internal.tasks.testing.junit.AbstractJUnitTestDefinitionProcessor.processTestDefinition(AbstractJUnitTestDefinitionProcessor.java:65)
  at org.gradle.api.internal.tasks.testing.SuiteTestDefinitionProcessor.processTestDefinition(SuiteTestDefinitionProcessor.java:54)
  at java.base/jdk.internal.reflect.DirectMethodHandleAccessor.invoke(DirectMethodHandleAccessor.java:104)
  at java.base/java.lang.reflect.Method.invoke(Method.java:565)
  at org.gradle.internal.dispatch.MethodInvocation.invokeOn(MethodInvocation.java:77)
  at org.gradle.internal.dispatch.ReflectionDispatch.dispatch(ReflectionDispatch.java:28)
  at org.gradle.internal.dispatch.ReflectionDispatch.dispatch(ReflectionDispatch.java:19)
  at org.gradle.internal.dispatch.ContextClassLoaderDispatch.dispatch(ContextClassLoaderDispatch.java:33)
  at org.gradle.internal.dispatch.ProxyDispatchAdapter$DispatchingInvocationHandler.invoke(ProxyDispatchAdapter.java:88)
  at jdk.proxy1/jdk.proxy1.$Proxy4.processTestDefinition(Unknown Source)
  at org.gradle.api.internal.tasks.testing.worker.TestWorker$2.run(TestWorker.java:178)
  at org.gradle.api.internal.tasks.testing.worker.TestWorker.executeAndMaintainThreadName(TestWorker.java:126)
  at org.gradle.api.internal.tasks.testing.worker.TestWorker.execute(TestWorker.java:103)
  at org.gradle.api.internal.tasks.testing.worker.TestWorker.execute(TestWorker.java:63)
  at org.gradle.process.internal.worker.child.ActionExecutionWorker.execute(ActionExecutionWorker.java:56)
  at org.gradle.process.internal.worker.child.SystemApplicationClassLoaderWorker.call(SystemApplicationClassLoaderWorker.java:122)
  at org.gradle.process.internal.worker.child.SystemApplicationClassLoaderWorker.call(SystemApplicationClassLoaderWorker.java:72)
  at worker.org.gradle.process.internal.worker.GradleWorkerMain.run(GradleWorkerMain.java:69)
  at worker.org.gradle.process.internal.worker.GradleWorkerMain.main(GradleWorkerMain.java:74)
</stacktrace>
</test-failure>


TypeScriptCompilerTests_I[jvm] > isDeclarationVisibleNodeKinds_ts__target_es5__has expected errors matching baseline[jvm] FAILED

<test-failure test="com.xemantic.typescript.compiler.TypeScriptCompilerTests_I.implicitAnyAmbients_ts has expected errors matching implicitAnyAmbients_errors_txt" platform="jvm">
<message>
--- expected
+++ actual
@@ -1,19 +1,13 @@
-implicitAnyAmbients.ts(2,9): error TS7005: Variable 'x' implicitly has an 'any' type.
 implicitAnyAmbients.ts(5,14): error TS7010: 'f', which lacks return-type annotation, implicitly has an 'any' return type.
 implicitAnyAmbients.ts(5,16): error TS7006: Parameter 'x' implicitly has an 'any' type.
 implicitAnyAmbients.ts(6,14): error TS7010: 'f2', which lacks return-type annotation, implicitly has an 'any' return type.
 implicitAnyAmbients.ts(10,9): error TS7010: 'foo', which lacks return-type annotation, implicitly has an 'any' return type.
 implicitAnyAmbients.ts(11,9): error TS7010: 'foo2', which lacks return-type annotation, implicitly has an 'any' return type.
-implicitAnyAmbients.ts(16,9): error TS7010: 'foo', which lacks return-type annotation, implicitly has an 'any' return type.
-implicitAnyAmbients.ts(17,9): error TS7010: 'foo2', which lacks return-type annotation, implicitly has an 'any' return type.
-implicitAnyAmbients.ts(22,13): error TS7005: Variable 'y' implicitly has an 'any' type.
 
 
-==== implicitAnyAmbients.ts (9 errors) ====
+==== implicitAnyAmbients.ts (5 errors) ====
     declare namespace m {
         var x; // error
-            ~
-!!! error TS7005: Variable 'x' implicitly has an 'any' type.
         var y: any;
     
         function f(x); // error 
@@ -38,18 +32,12 @@
     
         class C {
             foo(); // error
-            ~~~
-!!! error TS7010: 'foo', which lacks return-type annotation, implicitly has an 'any' return type.
             foo2(x: any); // error
-            ~~~~
-!!! error TS7010: 'foo2', which lacks return-type annotation, implicitly has an 'any' return type.
             foo3(x: any): any;
         }
     
         namespace n {
             var y; // error
-                ~
-!!! error TS7005: Variable 'y' implicitly has an 'any' type.
         }
     
         import m2 = n;

</message>
<stacktrace>
  at org.junit.Assert.fail(Assert.java:89)
  at kotlin.test.junit.JUnitAsserter.fail(JUnitSupport.kt:56)
  at kotlin.test.AssertionsKt__AssertionsKt.fail(Assertions.kt:563)
  at kotlin.test.AssertionsKt.fail(Unknown Source)
  at com.xemantic.kotlin.test.SameAsKt.sameAs(SameAs.kt:52)
  at com.xemantic.typescript.compiler.TypeScriptTestSupportKt.errorsMatchBaseline(TypeScriptTestSupport.kt:135)
  at com.xemantic.typescript.compiler.TypeScriptCompilerTests_I.implicitAnyAmbients_ts has expected errors matching implicitAnyAmbients_errors_txt(TypeScriptCompilerTests_I.kt:287)
  at java.base/jdk.internal.reflect.DirectMethodHandleAccessor.invoke(DirectMethodHandleAccessor.java:104)
  at java.base/java.lang.reflect.Method.invoke(Method.java:565)
  at org.junit.runners.model.FrameworkMethod$1.runReflectiveCall(FrameworkMethod.java:59)
  at org.junit.internal.runners.model.ReflectiveCallable.run(ReflectiveCallable.java:12)
  at org.junit.runners.model.FrameworkMethod.invokeExplosively(FrameworkMethod.java:56)
  at org.junit.internal.runners.statements.InvokeMethod.evaluate(InvokeMethod.java:17)
  at org.junit.runners.ParentRunner$3.evaluate(ParentRunner.java:306)
  at org.junit.runners.BlockJUnit4ClassRunner$1.evaluate(BlockJUnit4ClassRunner.java:100)
  at org.junit.runners.ParentRunner.runLeaf(ParentRunner.java:366)
  at org.junit.runners.BlockJUnit4ClassRunner.runChild(BlockJUnit4ClassRunner.java:103)
  at org.junit.runners.BlockJUnit4ClassRunner.runChild(BlockJUnit4ClassRunner.java:63)
  at org.junit.runners.ParentRunner$4.run(ParentRunner.java:331)
  at org.junit.runners.ParentRunner$1.schedule(ParentRunner.java:79)
  at org.junit.runners.ParentRunner.runChildren(ParentRunner.java:329)
  at org.junit.runners.ParentRunner.access$100(ParentRunner.java:66)
  at org.junit.runners.ParentRunner$2.evaluate(ParentRunner.java:293)
  at org.junit.runners.ParentRunner$3.evaluate(ParentRunner.java:306)
  at org.junit.runners.ParentRunner.run(ParentRunner.java:413)
  at org.junit.runner.JUnitCore.run(JUnitCore.java:137)
  at org.junit.runner.JUnitCore.run(JUnitCore.java:115)
  at org.gradle.api.internal.tasks.testing.junit.JUnitTestExecutor.runRequest(JUnitTestExecutor.java:175)
  at org.gradle.api.internal.tasks.testing.junit.JUnitTestExecutor.accept(JUnitTestExecutor.java:84)
  at org.gradle.api.internal.tasks.testing.junit.JUnitTestExecutor.accept(JUnitTestExecutor.java:47)
  at org.gradle.api.internal.tasks.testing.junit.AbstractJUnitTestDefinitionProcessor.processTestDefinition(AbstractJUnitTestDefinitionProcessor.java:65)
  at org.gradle.api.internal.tasks.testing.SuiteTestDefinitionProcessor.processTestDefinition(SuiteTestDefinitionProcessor.java:54)
  at java.base/jdk.internal.reflect.DirectMethodHandleAccessor.invoke(DirectMethodHandleAccessor.java:104)
  at java.base/java.lang.reflect.Method.invoke(Method.java:565)
  at org.gradle.internal.dispatch.MethodInvocation.invokeOn(MethodInvocation.java:77)
  at org.gradle.internal.dispatch.ReflectionDispatch.dispatch(ReflectionDispatch.java:28)
  at org.gradle.internal.dispatch.ReflectionDispatch.dispatch(ReflectionDispatch.java:19)
  at org.gradle.internal.dispatch.ContextClassLoaderDispatch.dispatch(ContextClassLoaderDispatch.java:33)
  at org.gradle.internal.dispatch.ProxyDispatchAdapter$DispatchingInvocationHandler.invoke(ProxyDispatchAdapter.java:88)
  at jdk.proxy1/jdk.proxy1.$Proxy4.processTestDefinition(Unknown Source)
  at org.gradle.api.internal.tasks.testing.worker.TestWorker$2.run(TestWorker.java:178)
  at org.gradle.api.internal.tasks.testing.worker.TestWorker.executeAndMaintainThreadName(TestWorker.java:126)
  at org.gradle.api.internal.tasks.testing.worker.TestWorker.execute(TestWorker.java:103)
  at org.gradle.api.internal.tasks.testing.worker.TestWorker.execute(TestWorker.java:63)
  at org.gradle.process.internal.worker.child.ActionExecutionWorker.execute(ActionExecutionWorker.java:56)
  at org.gradle.process.internal.worker.child.SystemApplicationClassLoaderWorker.call(SystemApplicationClassLoaderWorker.java:122)
  at org.gradle.process.internal.worker.child.SystemApplicationClassLoaderWorker.call(SystemApplicationClassLoaderWorker.java:72)
  at worker.org.gradle.process.internal.worker.GradleWorkerMain.run(GradleWorkerMain.java:69)
  at worker.org.gradle.process.internal.worker.GradleWorkerMain.main(GradleWorkerMain.java:74)
</stacktrace>
</test-failure>


TypeScriptCompilerTests_I[jvm] > implicitAnyAmbients_ts has expected errors matching implicitAnyAmbients_errors_txt[jvm] FAILED

<test-failure test="com.xemantic.typescript.compiler.TypeScriptCompilerTests_I.invalidSplice_ts has expected errors matching invalidSplice_errors_txt" platform="jvm">
<message>
Expected diagnostics from baseline typescript-repo/tests/baselines/reference/invalidSplice.errors.txt but none produced
</message>
<stacktrace>
  at com.xemantic.typescript.compiler.TypeScriptTestSupportKt.errorsMatchBaseline(TypeScriptTestSupport.kt:125)
  at com.xemantic.typescript.compiler.TypeScriptCompilerTests_I.invalidSplice_ts has expected errors matching invalidSplice_errors_txt(TypeScriptCompilerTests_I.kt:6216)
  at java.base/jdk.internal.reflect.DirectMethodHandleAccessor.invoke(DirectMethodHandleAccessor.java:104)
  at java.base/java.lang.reflect.Method.invoke(Method.java:565)
  at org.junit.runners.model.FrameworkMethod$1.runReflectiveCall(FrameworkMethod.java:59)
  at org.junit.internal.runners.model.ReflectiveCallable.run(ReflectiveCallable.java:12)
  at org.junit.runners.model.FrameworkMethod.invokeExplosively(FrameworkMethod.java:56)
  at org.junit.internal.runners.statements.InvokeMethod.evaluate(InvokeMethod.java:17)
  at org.junit.runners.ParentRunner$3.evaluate(ParentRunner.java:306)
  at org.junit.runners.BlockJUnit4ClassRunner$1.evaluate(BlockJUnit4ClassRunner.java:100)
  at org.junit.runners.ParentRunner.runLeaf(ParentRunner.java:366)
  at org.junit.runners.BlockJUnit4ClassRunner.runChild(BlockJUnit4ClassRunner.java:103)
  at org.junit.runners.BlockJUnit4ClassRunner.runChild(BlockJUnit4ClassRunner.java:63)
  at org.junit.runners.ParentRunner$4.run(ParentRunner.java:331)
  at org.junit.runners.ParentRunner$1.schedule(ParentRunner.java:79)
  at org.junit.runners.ParentRunner.runChildren(ParentRunner.java:329)
  at org.junit.runners.ParentRunner.access$100(ParentRunner.java:66)
  at org.junit.runners.ParentRunner$2.evaluate(ParentRunner.java:293)
  at org.junit.runners.ParentRunner$3.evaluate(ParentRunner.java:306)
  at org.junit.runners.ParentRunner.run(ParentRunner.java:413)
  at org.junit.runner.JUnitCore.run(JUnitCore.java:137)
  at org.junit.runner.JUnitCore.run(JUnitCore.java:115)
  at org.gradle.api.internal.tasks.testing.junit.JUnitTestExecutor.runRequest(JUnitTestExecutor.java:175)
  at org.gradle.api.internal.tasks.testing.junit.JUnitTestExecutor.accept(JUnitTestExecutor.java:84)
  at org.gradle.api.internal.tasks.testing.junit.JUnitTestExecutor.accept(JUnitTestExecutor.java:47)
  at org.gradle.api.internal.tasks.testing.junit.AbstractJUnitTestDefinitionProcessor.processTestDefinition(AbstractJUnitTestDefinitionProcessor.java:65)
  at org.gradle.api.internal.tasks.testing.SuiteTestDefinitionProcessor.processTestDefinition(SuiteTestDefinitionProcessor.java:54)
  at java.base/jdk.internal.reflect.DirectMethodHandleAccessor.invoke(DirectMethodHandleAccessor.java:104)
  at java.base/java.lang.reflect.Method.invoke(Method.java:565)
  at org.gradle.internal.dispatch.MethodInvocation.invokeOn(MethodInvocation.java:77)
  at org.gradle.internal.dispatch.ReflectionDispatch.dispatch(ReflectionDispatch.java:28)
  at org.gradle.internal.dispatch.ReflectionDispatch.dispatch(ReflectionDispatch.java:19)
  at org.gradle.internal.dispatch.ContextClassLoaderDispatch.dispatch(ContextClassLoaderDispatch.java:33)
  at org.gradle.internal.dispatch.ProxyDispatchAdapter$DispatchingInvocationHandler.invoke(ProxyDispatchAdapter.java:88)
  at jdk.proxy1/jdk.proxy1.$Proxy4.processTestDefinition(Unknown Source)
  at org.gradle.api.internal.tasks.testing.worker.TestWorker$2.run(TestWorker.java:178)
  at org.gradle.api.internal.tasks.testing.worker.TestWorker.executeAndMaintainThreadName(TestWorker.java:126)
  at org.gradle.api.internal.tasks.testing.worker.TestWorker.execute(TestWorker.java:103)
  at org.gradle.api.internal.tasks.testing.worker.TestWorker.execute(TestWorker.java:63)
  at org.gradle.process.internal.worker.child.ActionExecutionWorker.execute(ActionExecutionWorker.java:56)
  at org.gradle.process.internal.worker.child.SystemApplicationClassLoaderWorker.call(SystemApplicationClassLoaderWorker.java:122)
  at org.gradle.process.internal.worker.child.SystemApplicationClassLoaderWorker.call(SystemApplicationClassLoaderWorker.java:72)
  at worker.org.gradle.process.internal.worker.GradleWorkerMain.run(GradleWorkerMain.java:69)
  at worker.org.gradle.process.internal.worker.GradleWorkerMain.main(GradleWorkerMain.java:74)
</stacktrace>
</test-failure>


TypeScriptCompilerTests_I[jvm] > invalidSplice_ts has expected errors matching invalidSplice_errors_txt[jvm] FAILED

<test-failure test="com.xemantic.typescript.compiler.TypeScriptCompilerTests_I.illegalModifiersOnClassElements_ts has expected errors matching illegalModifiersOnClassElements_errors_txt" platform="jvm">
<message>
Expected diagnostics from baseline typescript-repo/tests/baselines/reference/illegalModifiersOnClassElements.errors.txt but none produced
</message>
<stacktrace>
  at com.xemantic.typescript.compiler.TypeScriptTestSupportKt.errorsMatchBaseline(TypeScriptTestSupport.kt:125)
  at com.xemantic.typescript.compiler.TypeScriptCompilerTests_I.illegalModifiersOnClassElements_ts has expected errors matching illegalModifiersOnClassElements_errors_txt(TypeScriptCompilerTests_I.kt:161)
  at java.base/jdk.internal.reflect.DirectMethodHandleAccessor.invoke(DirectMethodHandleAccessor.java:104)
  at java.base/java.lang.reflect.Method.invoke(Method.java:565)
  at org.junit.runners.model.FrameworkMethod$1.runReflectiveCall(FrameworkMethod.java:59)
  at org.junit.internal.runners.model.ReflectiveCallable.run(ReflectiveCallable.java:12)
  at org.junit.runners.model.FrameworkMethod.invokeExplosively(FrameworkMethod.java:56)
  at org.junit.internal.runners.statements.InvokeMethod.evaluate(InvokeMethod.java:17)
  at org.junit.runners.ParentRunner$3.evaluate(ParentRunner.java:306)
  at org.junit.runners.BlockJUnit4ClassRunner$1.evaluate(BlockJUnit4ClassRunner.java:100)
  at org.junit.runners.ParentRunner.runLeaf(ParentRunner.java:366)
  at org.junit.runners.BlockJUnit4ClassRunner.runChild(BlockJUnit4ClassRunner.java:103)
  at org.junit.runners.BlockJUnit4ClassRunner.runChild(BlockJUnit4ClassRunner.java:63)
  at org.junit.runners.ParentRunner$4.run(ParentRunner.java:331)
  at org.junit.runners.ParentRunner$1.schedule(ParentRunner.java:79)
  at org.junit.runners.ParentRunner.runChildren(ParentRunner.java:329)
  at org.junit.runners.ParentRunner.access$100(ParentRunner.java:66)
  at org.junit.runners.ParentRunner$2.evaluate(ParentRunner.java:293)
  at org.junit.runners.ParentRunner$3.evaluate(ParentRunner.java:306)
  at org.junit.runners.ParentRunner.run(ParentRunner.java:413)
  at org.junit.runner.JUnitCore.run(JUnitCore.java:137)
  at org.junit.runner.JUnitCore.run(JUnitCore.java:115)
  at org.gradle.api.internal.tasks.testing.junit.JUnitTestExecutor.runRequest(JUnitTestExecutor.java:175)
  at org.gradle.api.internal.tasks.testing.junit.JUnitTestExecutor.accept(JUnitTestExecutor.java:84)
  at org.gradle.api.internal.tasks.testing.junit.JUnitTestExecutor.accept(JUnitTestExecutor.java:47)
  at org.gradle.api.internal.tasks.testing.junit.AbstractJUnitTestDefinitionProcessor.processTestDefinition(AbstractJUnitTestDefinitionProcessor.java:65)
  at org.gradle.api.internal.tasks.testing.SuiteTestDefinitionProcessor.processTestDefinition(SuiteTestDefinitionProcessor.java:54)
  at java.base/jdk.internal.reflect.DirectMethodHandleAccessor.invoke(DirectMethodHandleAccessor.java:104)
  at java.base/java.lang.reflect.Method.invoke(Method.java:565)
  at org.gradle.internal.dispatch.MethodInvocation.invokeOn(MethodInvocation.java:77)
  at org.gradle.internal.dispatch.ReflectionDispatch.dispatch(ReflectionDispatch.java:28)
  at org.gradle.internal.dispatch.ReflectionDispatch.dispatch(ReflectionDispatch.java:19)
  at org.gradle.internal.dispatch.ContextClassLoaderDispatch.dispatch(ContextClassLoaderDispatch.java:33)
  at org.gradle.internal.dispatch.ProxyDispatchAdapter$DispatchingInvocationHandler.invoke(ProxyDispatchAdapter.java:88)
  at jdk.proxy1/jdk.proxy1.$Proxy4.processTestDefinition(Unknown Source)
  at org.gradle.api.internal.tasks.testing.worker.TestWorker$2.run(TestWorker.java:178)
  at org.gradle.api.internal.tasks.testing.worker.TestWorker.executeAndMaintainThreadName(TestWorker.java:126)
  at org.gradle.api.internal.tasks.testing.worker.TestWorker.execute(TestWorker.java:103)
  at org.gradle.api.internal.tasks.testing.worker.TestWorker.execute(TestWorker.java:63)
  at org.gradle.process.internal.worker.child.ActionExecutionWorker.execute(ActionExecutionWorker.java:56)
  at org.gradle.process.internal.worker.child.SystemApplicationClassLoaderWorker.call(SystemApplicationClassLoaderWorker.java:122)
  at org.gradle.process.internal.worker.child.SystemApplicationClassLoaderWorker.call(SystemApplicationClassLoaderWorker.java:72)
  at worker.org.gradle.process.internal.worker.GradleWorkerMain.run(GradleWorkerMain.java:69)
  at worker.org.gradle.process.internal.worker.GradleWorkerMain.main(GradleWorkerMain.java:74)
</stacktrace>
</test-failure>


TypeScriptCompilerTests_I[jvm] > illegalModifiersOnClassElements_ts has expected errors matching illegalModifiersOnClassElements_errors_txt[jvm] FAILED

<test-failure test="com.xemantic.typescript.compiler.TypeScriptCompilerTests_I.infinitelyExpandingTypes1_ts has expected errors matching infinitelyExpandingTypes1_errors_txt" platform="jvm">
<message>
--- expected
+++ actual
@@ -1,13 +1,12 @@
 infinitelyExpandingTypes1.ts(17,1): error TS2454: Variable 'l' is used before being assigned.
 infinitelyExpandingTypes1.ts(17,6): error TS2454: Variable 'm' is used before being assigned.
 infinitelyExpandingTypes1.ts(21,1): error TS2454: Variable 'l' is used before being assigned.
-infinitelyExpandingTypes1.ts(21,1): error TS2367: This comparison appears to be unintentional because the types 'List<number>' and 'List<string>' have no overlap.
 infinitelyExpandingTypes1.ts(21,6): error TS2454: Variable 'l2' is used before being assigned.
 infinitelyExpandingTypes1.ts(23,1): error TS2454: Variable 'l' is used before being assigned.
 infinitelyExpandingTypes1.ts(23,6): error TS2454: Variable 'l' is used before being assigned.
 
 
-==== infinitelyExpandingTypes1.ts (7 errors) ====
+==== infinitelyExpandingTypes1.ts (6 errors) ====
     interface List<T> {
         data: T;
         next: List<T>;
@@ -35,8 +34,6 @@
     l == l2; // should error;
     ~
 !!! error TS2454: Variable 'l' is used before being assigned.
-    ~~~~~~~
-!!! error TS2367: This comparison appears to be unintentional because the types 'List<number>' and 'List<string>' have no overlap.
          ~~
 !!! error TS2454: Variable 'l2' is used before being assigned.
     

</message>
<stacktrace>
  at org.junit.Assert.fail(Assert.java:89)
  at kotlin.test.junit.JUnitAsserter.fail(JUnitSupport.kt:56)
  at kotlin.test.AssertionsKt__AssertionsKt.fail(Assertions.kt:563)
  at kotlin.test.AssertionsKt.fail(Unknown Source)
  at com.xemantic.kotlin.test.SameAsKt.sameAs(SameAs.kt:52)
  at com.xemantic.typescript.compiler.TypeScriptTestSupportKt.errorsMatchBaseline(TypeScriptTestSupport.kt:135)
  at com.xemantic.typescript.compiler.TypeScriptCompilerTests_I.infinitelyExpandingTypes1_ts has expected errors matching infinitelyExpandingTypes1_errors_txt(TypeScriptCompilerTests_I.kt:3773)
  at java.base/jdk.internal.reflect.DirectMethodHandleAccessor.invoke(DirectMethodHandleAccessor.java:104)
  at java.base/java.lang.reflect.Method.invoke(Method.java:565)
  at org.junit.runners.model.FrameworkMethod$1.runReflectiveCall(FrameworkMethod.java:59)
  at org.junit.internal.runners.model.ReflectiveCallable.run(ReflectiveCallable.java:12)
  at org.junit.runners.model.FrameworkMethod.invokeExplosively(FrameworkMethod.java:56)
  at org.junit.internal.runners.statements.InvokeMethod.evaluate(InvokeMethod.java:17)
  at org.junit.runners.ParentRunner$3.evaluate(ParentRunner.java:306)
  at org.junit.runners.BlockJUnit4ClassRunner$1.evaluate(BlockJUnit4ClassRunner.java:100)
  at org.junit.runners.ParentRunner.runLeaf(ParentRunner.java:366)
  at org.junit.runners.BlockJUnit4ClassRunner.runChild(BlockJUnit4ClassRunner.java:103)
  at org.junit.runners.BlockJUnit4ClassRunner.runChild(BlockJUnit4ClassRunner.java:63)
  at org.junit.runners.ParentRunner$4.run(ParentRunner.java:331)
  at org.junit.runners.ParentRunner$1.schedule(ParentRunner.java:79)
  at org.junit.runners.ParentRunner.runChildren(ParentRunner.java:329)
  at org.junit.runners.ParentRunner.access$100(ParentRunner.java:66)
  at org.junit.runners.ParentRunner$2.evaluate(ParentRunner.java:293)
  at org.junit.runners.ParentRunner$3.evaluate(ParentRunner.java:306)
  at org.junit.runners.ParentRunner.run(ParentRunner.java:413)
  at org.junit.runner.JUnitCore.run(JUnitCore.java:137)
  at org.junit.runner.JUnitCore.run(JUnitCore.java:115)
  at org.gradle.api.internal.tasks.testing.junit.JUnitTestExecutor.runRequest(JUnitTestExecutor.java:175)
  at org.gradle.api.internal.tasks.testing.junit.JUnitTestExecutor.accept(JUnitTestExecutor.java:84)
  at org.gradle.api.internal.tasks.testing.junit.JUnitTestExecutor.accept(JUnitTestExecutor.java:47)
  at org.gradle.api.internal.tasks.testing.junit.AbstractJUnitTestDefinitionProcessor.processTestDefinition(AbstractJUnitTestDefinitionProcessor.java:65)
  at org.gradle.api.internal.tasks.testing.SuiteTestDefinitionProcessor.processTestDefinition(SuiteTestDefinitionProcessor.java:54)
  at java.base/jdk.internal.reflect.DirectMethodHandleAccessor.invoke(DirectMethodHandleAccessor.java:104)
  at java.base/java.lang.reflect.Method.invoke(Method.java:565)
  at org.gradle.internal.dispatch.MethodInvocation.invokeOn(MethodInvocation.java:77)
  at org.gradle.internal.dispatch.ReflectionDispatch.dispatch(ReflectionDispatch.java:28)
  at org.gradle.internal.dispatch.ReflectionDispatch.dispatch(ReflectionDispatch.java:19)
  at org.gradle.internal.dispatch.ContextClassLoaderDispatch.dispatch(ContextClassLoaderDispatch.java:33)
  at org.gradle.internal.dispatch.ProxyDispatchAdapter$DispatchingInvocationHandler.invoke(ProxyDispatchAdapter.java:88)
  at jdk.proxy1/jdk.proxy1.$Proxy4.processTestDefinition(Unknown Source)
  at org.gradle.api.internal.tasks.testing.worker.TestWorker$2.run(TestWorker.java:178)
  at org.gradle.api.internal.tasks.testing.worker.TestWorker.executeAndMaintainThreadName(TestWorker.java:126)
  at org.gradle.api.internal.tasks.testing.worker.TestWorker.execute(TestWorker.java:103)
  at org.gradle.api.internal.tasks.testing.worker.TestWorker.execute(TestWorker.java:63)
  at org.gradle.process.internal.worker.child.ActionExecutionWorker.execute(ActionExecutionWorker.java:56)
  at org.gradle.process.internal.worker.child.SystemApplicationClassLoaderWorker.call(SystemApplicationClassLoaderWorker.java:122)
  at org.gradle.process.internal.worker.child.SystemApplicationClassLoaderWorker.call(SystemApplicationClassLoaderWorker.java:72)
  at worker.org.gradle.process.internal.worker.GradleWorkerMain.run(GradleWorkerMain.java:69)
  at worker.org.gradle.process.internal.worker.GradleWorkerMain.main(GradleWorkerMain.java:74)
</stacktrace>
</test-failure>


TypeScriptCompilerTests_I[jvm] > infinitelyExpandingTypes1_ts has expected errors matching infinitelyExpandingTypes1_errors_txt[jvm] FAILED

<test-failure test="com.xemantic.typescript.compiler.TypeScriptCompilerTests_J.jsFileMethodOverloads3_ts has expected errors matching jsFileMethodOverloads3_errors_txt" platform="jvm">
<message>
--- expected
+++ actual
@@ -1,19 +1,14 @@
-/a.js(2,5): error TS7012: This overload implicitly returns the type 'any' because it lacks a return type annotation.
-/a.js(7,5): error TS7012: This overload implicitly returns the type 'any' because it lacks a return type annotation.
+/a.js(15,13): error TS7006: Parameter 'x' implicitly has an 'any' type.
 
 
-==== /a.js (2 errors) ====
+==== /a.js (1 errors) ====
     /**
      * @overload
-        ~~~~~~~~
-!!! error TS7012: This overload implicitly returns the type 'any' because it lacks a return type annotation.
      * @param {number} x
      */
     
     /**
      * @overload
-        ~~~~~~~~
-!!! error TS7012: This overload implicitly returns the type 'any' because it lacks a return type annotation.
      * @param {string} x
      */
     
@@ -22,6 +17,8 @@
      * @returns {string | number}
      */
     function id(x) {
+                ~
+!!! error TS7006: Parameter 'x' implicitly has an 'any' type.
         return x;
     }
     

</message>
<stacktrace>
  at org.junit.Assert.fail(Assert.java:89)
  at kotlin.test.junit.JUnitAsserter.fail(JUnitSupport.kt:56)
  at kotlin.test.AssertionsKt__AssertionsKt.fail(Assertions.kt:563)
  at kotlin.test.AssertionsKt.fail(Unknown Source)
  at com.xemantic.kotlin.test.SameAsKt.sameAs(SameAs.kt:52)
  at com.xemantic.typescript.compiler.TypeScriptTestSupportKt.errorsMatchBaseline(TypeScriptTestSupport.kt:135)
  at com.xemantic.typescript.compiler.TypeScriptCompilerTests_J.jsFileMethodOverloads3_ts has expected errors matching jsFileMethodOverloads3_errors_txt(TypeScriptCompilerTests_J.kt:882)
  at java.base/jdk.internal.reflect.DirectMethodHandleAccessor.invoke(DirectMethodHandleAccessor.java:104)
  at java.base/java.lang.reflect.Method.invoke(Method.java:565)
  at org.junit.runners.model.FrameworkMethod$1.runReflectiveCall(FrameworkMethod.java:59)
  at org.junit.internal.runners.model.ReflectiveCallable.run(ReflectiveCallable.java:12)
  at org.junit.runners.model.FrameworkMethod.invokeExplosively(FrameworkMethod.java:56)
  at org.junit.internal.runners.statements.InvokeMethod.evaluate(InvokeMethod.java:17)
  at org.junit.runners.ParentRunner$3.evaluate(ParentRunner.java:306)
  at org.junit.runners.BlockJUnit4ClassRunner$1.evaluate(BlockJUnit4ClassRunner.java:100)
  at org.junit.runners.ParentRunner.runLeaf(ParentRunner.java:366)
  at org.junit.runners.BlockJUnit4ClassRunner.runChild(BlockJUnit4ClassRunner.java:103)
  at org.junit.runners.BlockJUnit4ClassRunner.runChild(BlockJUnit4ClassRunner.java:63)
  at org.junit.runners.ParentRunner$4.run(ParentRunner.java:331)
  at org.junit.runners.ParentRunner$1.schedule(ParentRunner.java:79)
  at org.junit.runners.ParentRunner.runChildren(ParentRunner.java:329)
  at org.junit.runners.ParentRunner.access$100(ParentRunner.java:66)
  at org.junit.runners.ParentRunner$2.evaluate(ParentRunner.java:293)
  at org.junit.runners.ParentRunner$3.evaluate(ParentRunner.java:306)
  at org.junit.runners.ParentRunner.run(ParentRunner.java:413)
  at org.junit.runner.JUnitCore.run(JUnitCore.java:137)
  at org.junit.runner.JUnitCore.run(JUnitCore.java:115)
  at org.gradle.api.internal.tasks.testing.junit.JUnitTestExecutor.runRequest(JUnitTestExecutor.java:175)
  at org.gradle.api.internal.tasks.testing.junit.JUnitTestExecutor.accept(JUnitTestExecutor.java:84)
  at org.gradle.api.internal.tasks.testing.junit.JUnitTestExecutor.accept(JUnitTestExecutor.java:47)
  at org.gradle.api.internal.tasks.testing.junit.AbstractJUnitTestDefinitionProcessor.processTestDefinition(AbstractJUnitTestDefinitionProcessor.java:65)
  at org.gradle.api.internal.tasks.testing.SuiteTestDefinitionProcessor.processTestDefinition(SuiteTestDefinitionProcessor.java:54)
  at java.base/jdk.internal.reflect.DirectMethodHandleAccessor.invoke(DirectMethodHandleAccessor.java:104)
  at java.base/java.lang.reflect.Method.invoke(Method.java:565)
  at org.gradle.internal.dispatch.MethodInvocation.invokeOn(MethodInvocation.java:77)
  at org.gradle.internal.dispatch.ReflectionDispatch.dispatch(ReflectionDispatch.java:28)
  at org.gradle.internal.dispatch.ReflectionDispatch.dispatch(ReflectionDispatch.java:19)
  at org.gradle.internal.dispatch.ContextClassLoaderDispatch.dispatch(ContextClassLoaderDispatch.java:33)
  at org.gradle.internal.dispatch.ProxyDispatchAdapter$DispatchingInvocationHandler.invoke(ProxyDispatchAdapter.java:88)
  at jdk.proxy1/jdk.proxy1.$Proxy4.processTestDefinition(Unknown Source)
  at org.gradle.api.internal.tasks.testing.worker.TestWorker$2.run(TestWorker.java:178)
  at org.gradle.api.internal.tasks.testing.worker.TestWorker.executeAndMaintainThreadName(TestWorker.java:126)
  at org.gradle.api.internal.tasks.testing.worker.TestWorker.execute(TestWorker.java:103)
  at org.gradle.api.internal.tasks.testing.worker.TestWorker.execute(TestWorker.java:63)
  at org.gradle.process.internal.worker.child.ActionExecutionWorker.execute(ActionExecutionWorker.java:56)
  at org.gradle.process.internal.worker.child.SystemApplicationClassLoaderWorker.call(SystemApplicationClassLoaderWorker.java:122)
  at org.gradle.process.internal.worker.child.SystemApplicationClassLoaderWorker.call(SystemApplicationClassLoaderWorker.java:72)
  at worker.org.gradle.process.internal.worker.GradleWorkerMain.run(GradleWorkerMain.java:69)
  at worker.org.gradle.process.internal.worker.GradleWorkerMain.main(GradleWorkerMain.java:74)
</stacktrace>
</test-failure>


TypeScriptCompilerTests_J[jvm] > jsFileMethodOverloads3_ts has expected errors matching jsFileMethodOverloads3_errors_txt[jvm] FAILED

<test-failure test="com.xemantic.typescript.compiler.TypeScriptCompilerTests_J.jsFileCompilationDuplicateFunctionImplementation_ts has expected errors matching jsFileCompilationDuplicateFunctionImplementation_errors_txt" platform="jvm">
<message>
--- expected
+++ actual
@@ -1,5 +1,4 @@
 error TS5101: Option 'outFile' is deprecated and will stop functioning in TypeScript 7.0. Specify compilerOption '"ignoreDeprecations": "6.0"' to silence this error.
-a.ts(1,10): error TS2393: Duplicate function implementation.
 
 
 !!! error TS5101: Option 'outFile' is deprecated and will stop functioning in TypeScript 7.0. Specify compilerOption '"ignoreDeprecations": "6.0"' to silence this error.
@@ -7,9 +6,7 @@
     function foo() {
         return 10;
     }
-==== a.ts (1 errors) ====
+==== a.ts (0 errors) ====
     function foo() {
-             ~~~
-!!! error TS2393: Duplicate function implementation.
         return 30;
     }

</message>
<stacktrace>
  at org.junit.Assert.fail(Assert.java:89)
  at kotlin.test.junit.JUnitAsserter.fail(JUnitSupport.kt:56)
  at kotlin.test.AssertionsKt__AssertionsKt.fail(Assertions.kt:563)
  at kotlin.test.AssertionsKt.fail(Unknown Source)
  at com.xemantic.kotlin.test.SameAsKt.sameAs(SameAs.kt:52)
  at com.xemantic.typescript.compiler.TypeScriptTestSupportKt.errorsMatchBaseline(TypeScriptTestSupport.kt:135)
  at com.xemantic.typescript.compiler.TypeScriptCompilerTests_J.jsFileCompilationDuplicateFunctionImplementation_ts has expected errors matching jsFileCompilationDuplicateFunctionImplementation_errors_txt(TypeScriptCompilerTests_J.kt:287)
  at java.base/jdk.internal.reflect.DirectMethodHandleAccessor.invoke(DirectMethodHandleAccessor.java:104)
  at java.base/java.lang.reflect.Method.invoke(Method.java:565)
  at org.junit.runners.model.FrameworkMethod$1.runReflectiveCall(FrameworkMethod.java:59)
  at org.junit.internal.runners.model.ReflectiveCallable.run(ReflectiveCallable.java:12)
  at org.junit.runners.model.FrameworkMethod.invokeExplosively(FrameworkMethod.java:56)
  at org.junit.internal.runners.statements.InvokeMethod.evaluate(InvokeMethod.java:17)
  at org.junit.runners.ParentRunner$3.evaluate(ParentRunner.java:306)
  at org.junit.runners.BlockJUnit4ClassRunner$1.evaluate(BlockJUnit4ClassRunner.java:100)
  at org.junit.runners.ParentRunner.runLeaf(ParentRunner.java:366)
  at org.junit.runners.BlockJUnit4ClassRunner.runChild(BlockJUnit4ClassRunner.java:103)
  at org.junit.runners.BlockJUnit4ClassRunner.runChild(BlockJUnit4ClassRunner.java:63)
  at org.junit.runners.ParentRunner$4.run(ParentRunner.java:331)
  at org.junit.runners.ParentRunner$1.schedule(ParentRunner.java:79)
  at org.junit.runners.ParentRunner.runChildren(ParentRunner.java:329)
  at org.junit.runners.ParentRunner.access$100(ParentRunner.java:66)
  at org.junit.runners.ParentRunner$2.evaluate(ParentRunner.java:293)
  at org.junit.runners.ParentRunner$3.evaluate(ParentRunner.java:306)
  at org.junit.runners.ParentRunner.run(ParentRunner.java:413)
  at org.junit.runner.JUnitCore.run(JUnitCore.java:137)
  at org.junit.runner.JUnitCore.run(JUnitCore.java:115)
  at org.gradle.api.internal.tasks.testing.junit.JUnitTestExecutor.runRequest(JUnitTestExecutor.java:175)
  at org.gradle.api.internal.tasks.testing.junit.JUnitTestExecutor.accept(JUnitTestExecutor.java:84)
  at org.gradle.api.internal.tasks.testing.junit.JUnitTestExecutor.accept(JUnitTestExecutor.java:47)
  at org.gradle.api.internal.tasks.testing.junit.AbstractJUnitTestDefinitionProcessor.processTestDefinition(AbstractJUnitTestDefinitionProcessor.java:65)
  at org.gradle.api.internal.tasks.testing.SuiteTestDefinitionProcessor.processTestDefinition(SuiteTestDefinitionProcessor.java:54)
  at java.base/jdk.internal.reflect.DirectMethodHandleAccessor.invoke(DirectMethodHandleAccessor.java:104)
  at java.base/java.lang.reflect.Method.invoke(Method.java:565)
  at org.gradle.internal.dispatch.MethodInvocation.invokeOn(MethodInvocation.java:77)
  at org.gradle.internal.dispatch.ReflectionDispatch.dispatch(ReflectionDispatch.java:28)
  at org.gradle.internal.dispatch.ReflectionDispatch.dispatch(ReflectionDispatch.java:19)
  at org.gradle.internal.dispatch.ContextClassLoaderDispatch.dispatch(ContextClassLoaderDispatch.java:33)
  at org.gradle.internal.dispatch.ProxyDispatchAdapter$DispatchingInvocationHandler.invoke(ProxyDispatchAdapter.java:88)
  at jdk.proxy1/jdk.proxy1.$Proxy4.processTestDefinition(Unknown Source)
  at org.gradle.api.internal.tasks.testing.worker.TestWorker$2.run(TestWorker.java:178)
  at org.gradle.api.internal.tasks.testing.worker.TestWorker.executeAndMaintainThreadName(TestWorker.java:126)
  at org.gradle.api.internal.tasks.testing.worker.TestWorker.execute(TestWorker.java:103)
  at org.gradle.api.internal.tasks.testing.worker.TestWorker.execute(TestWorker.java:63)
  at org.gradle.process.internal.worker.child.ActionExecutionWorker.execute(ActionExecutionWorker.java:56)
  at org.gradle.process.internal.worker.child.SystemApplicationClassLoaderWorker.call(SystemApplicationClassLoaderWorker.java:122)
  at org.gradle.process.internal.worker.child.SystemApplicationClassLoaderWorker.call(SystemApplicationClassLoaderWorker.java:72)
  at worker.org.gradle.process.internal.worker.GradleWorkerMain.run(GradleWorkerMain.java:69)
  at worker.org.gradle.process.internal.worker.GradleWorkerMain.main(GradleWorkerMain.java:74)
</stacktrace>
</test-failure>


TypeScriptCompilerTests_J[jvm] > jsFileCompilationDuplicateFunctionImplementation_ts has expected errors matching jsFileCompilationDuplicateFunctionImplementation_errors_txt[jvm] FAILED

<test-failure test="com.xemantic.typescript.compiler.TypeScriptCompilerTests_J.jsElementAccessNoContextualTypeCrash_ts has expected errors matching jsElementAccessNoContextualTypeCrash_errors_txt" platform="jvm">
<message>
Expected diagnostics from baseline typescript-repo/tests/baselines/reference/jsElementAccessNoContextualTypeCrash.errors.txt but none produced
</message>
<stacktrace>
  at com.xemantic.typescript.compiler.TypeScriptTestSupportKt.errorsMatchBaseline(TypeScriptTestSupport.kt:125)
  at com.xemantic.typescript.compiler.TypeScriptCompilerTests_J.jsElementAccessNoContextualTypeCrash_ts has expected errors matching jsElementAccessNoContextualTypeCrash_errors_txt(TypeScriptCompilerTests_J.kt:119)
  at java.base/jdk.internal.reflect.DirectMethodHandleAccessor.invoke(DirectMethodHandleAccessor.java:104)
  at java.base/java.lang.reflect.Method.invoke(Method.java:565)
  at org.junit.runners.model.FrameworkMethod$1.runReflectiveCall(FrameworkMethod.java:59)
  at org.junit.internal.runners.model.ReflectiveCallable.run(ReflectiveCallable.java:12)
  at org.junit.runners.model.FrameworkMethod.invokeExplosively(FrameworkMethod.java:56)
  at org.junit.internal.runners.statements.InvokeMethod.evaluate(InvokeMethod.java:17)
  at org.junit.runners.ParentRunner$3.evaluate(ParentRunner.java:306)
  at org.junit.runners.BlockJUnit4ClassRunner$1.evaluate(BlockJUnit4ClassRunner.java:100)
  at org.junit.runners.ParentRunner.runLeaf(ParentRunner.java:366)
  at org.junit.runners.BlockJUnit4ClassRunner.runChild(BlockJUnit4ClassRunner.java:103)
  at org.junit.runners.BlockJUnit4ClassRunner.runChild(BlockJUnit4ClassRunner.java:63)
  at org.junit.runners.ParentRunner$4.run(ParentRunner.java:331)
  at org.junit.runners.ParentRunner$1.schedule(ParentRunner.java:79)
  at org.junit.runners.ParentRunner.runChildren(ParentRunner.java:329)
  at org.junit.runners.ParentRunner.access$100(ParentRunner.java:66)
  at org.junit.runners.ParentRunner$2.evaluate(ParentRunner.java:293)
  at org.junit.runners.ParentRunner$3.evaluate(ParentRunner.java:306)
  at org.junit.runners.ParentRunner.run(ParentRunner.java:413)
  at org.junit.runner.JUnitCore.run(JUnitCore.java:137)
  at org.junit.runner.JUnitCore.run(JUnitCore.java:115)
  at org.gradle.api.internal.tasks.testing.junit.JUnitTestExecutor.runRequest(JUnitTestExecutor.java:175)
  at org.gradle.api.internal.tasks.testing.junit.JUnitTestExecutor.accept(JUnitTestExecutor.java:84)
  at org.gradle.api.internal.tasks.testing.junit.JUnitTestExecutor.accept(JUnitTestExecutor.java:47)
  at org.gradle.api.internal.tasks.testing.junit.AbstractJUnitTestDefinitionProcessor.processTestDefinition(AbstractJUnitTestDefinitionProcessor.java:65)
  at org.gradle.api.internal.tasks.testing.SuiteTestDefinitionProcessor.processTestDefinition(SuiteTestDefinitionProcessor.java:54)
  at java.base/jdk.internal.reflect.DirectMethodHandleAccessor.invoke(DirectMethodHandleAccessor.java:104)
  at java.base/java.lang.reflect.Method.invoke(Method.java:565)
  at org.gradle.internal.dispatch.MethodInvocation.invokeOn(MethodInvocation.java:77)
  at org.gradle.internal.dispatch.ReflectionDispatch.dispatch(ReflectionDispatch.java:28)
  at org.gradle.internal.dispatch.ReflectionDispatch.dispatch(ReflectionDispatch.java:19)
  at org.gradle.internal.dispatch.ContextClassLoaderDispatch.dispatch(ContextClassLoaderDispatch.java:33)
  at org.gradle.internal.dispatch.ProxyDispatchAdapter$DispatchingInvocationHandler.invoke(ProxyDispatchAdapter.java:88)
  at jdk.proxy1/jdk.proxy1.$Proxy4.processTestDefinition(Unknown Source)
  at org.gradle.api.internal.tasks.testing.worker.TestWorker$2.run(TestWorker.java:178)
  at org.gradle.api.internal.tasks.testing.worker.TestWorker.executeAndMaintainThreadName(TestWorker.java:126)
  at org.gradle.api.internal.tasks.testing.worker.TestWorker.execute(TestWorker.java:103)
  at org.gradle.api.internal.tasks.testing.worker.TestWorker.execute(TestWorker.java:63)
  at org.gradle.process.internal.worker.child.ActionExecutionWorker.execute(ActionExecutionWorker.java:56)
  at org.gradle.process.internal.worker.child.SystemApplicationClassLoaderWorker.call(SystemApplicationClassLoaderWorker.java:122)
  at org.gradle.process.internal.worker.child.SystemApplicationClassLoaderWorker.call(SystemApplicationClassLoaderWorker.java:72)
  at worker.org.gradle.process.internal.worker.GradleWorkerMain.run(GradleWorkerMain.java:69)
  at worker.org.gradle.process.internal.worker.GradleWorkerMain.main(GradleWorkerMain.java:74)
</stacktrace>
</test-failure>


TypeScriptCompilerTests_J[jvm] > jsElementAccessNoContextualTypeCrash_ts has expected errors matching jsElementAccessNoContextualTypeCrash_errors_txt[jvm] FAILED

<test-failure test="com.xemantic.typescript.compiler.TypeScriptCompilerTests_J.jsFileCompilationWithMapFileAsJs_ts has expected errors matching jsFileCompilationWithMapFileAsJs_errors_txt" platform="jvm">
<message>
--- expected
+++ actual
@@ -1,15 +1,9 @@
 error TS5055: Cannot write file 'b.js' because it would overwrite input file.
   Adding a tsconfig.json file will help organize projects that contain both TypeScript and JavaScript files. Learn more at https://aka.ms/tsconfig.
-error TS6054: File 'b.js.map' has an unsupported extension. The only supported extensions are '.ts', '.tsx', '.d.ts', '.js', '.jsx', '.cts', '.d.cts', '.cjs', '.mts', '.d.mts', '.mjs'.
-  The file is in the program because:
-    Root file specified for compilation
 
 
 !!! error TS5055: Cannot write file 'b.js' because it would overwrite input file.
 !!! error TS5055:   Adding a tsconfig.json file will help organize projects that contain both TypeScript and JavaScript files. Learn more at https://aka.ms/tsconfig.
-!!! error TS6054: File 'b.js.map' has an unsupported extension. The only supported extensions are '.ts', '.tsx', '.d.ts', '.js', '.jsx', '.cts', '.d.cts', '.cjs', '.mts', '.d.mts', '.mjs'.
-!!! error TS6054:   The file is in the program because:
-!!! error TS6054:     Root file specified for compilation
 ==== a.ts (0 errors) ====
     class c {
     }

</message>
<stacktrace>
  at org.junit.Assert.fail(Assert.java:89)
  at kotlin.test.junit.JUnitAsserter.fail(JUnitSupport.kt:56)
  at kotlin.test.AssertionsKt__AssertionsKt.fail(Assertions.kt:563)
  at kotlin.test.AssertionsKt.fail(Unknown Source)
  at com.xemantic.kotlin.test.SameAsKt.sameAs(SameAs.kt:52)
  at com.xemantic.typescript.compiler.TypeScriptTestSupportKt.errorsMatchBaseline(TypeScriptTestSupport.kt:135)
  at com.xemantic.typescript.compiler.TypeScriptCompilerTests_J.jsFileCompilationWithMapFileAsJs_ts has expected errors matching jsFileCompilationWithMapFileAsJs_errors_txt(TypeScriptCompilerTests_J.kt:749)
  at java.base/jdk.internal.reflect.DirectMethodHandleAccessor.invoke(DirectMethodHandleAccessor.java:104)
  at java.base/java.lang.reflect.Method.invoke(Method.java:565)
  at org.junit.runners.model.FrameworkMethod$1.runReflectiveCall(FrameworkMethod.java:59)
  at org.junit.internal.runners.model.ReflectiveCallable.run(ReflectiveCallable.java:12)
  at org.junit.runners.model.FrameworkMethod.invokeExplosively(FrameworkMethod.java:56)
  at org.junit.internal.runners.statements.InvokeMethod.evaluate(InvokeMethod.java:17)
  at org.junit.runners.ParentRunner$3.evaluate(ParentRunner.java:306)
  at org.junit.runners.BlockJUnit4ClassRunner$1.evaluate(BlockJUnit4ClassRunner.java:100)
  at org.junit.runners.ParentRunner.runLeaf(ParentRunner.java:366)
  at org.junit.runners.BlockJUnit4ClassRunner.runChild(BlockJUnit4ClassRunner.java:103)
  at org.junit.runners.BlockJUnit4ClassRunner.runChild(BlockJUnit4ClassRunner.java:63)
  at org.junit.runners.ParentRunner$4.run(ParentRunner.java:331)
  at org.junit.runners.ParentRunner$1.schedule(ParentRunner.java:79)
  at org.junit.runners.ParentRunner.runChildren(ParentRunner.java:329)
  at org.junit.runners.ParentRunner.access$100(ParentRunner.java:66)
  at org.junit.runners.ParentRunner$2.evaluate(ParentRunner.java:293)
  at org.junit.runners.ParentRunner$3.evaluate(ParentRunner.java:306)
  at org.junit.runners.ParentRunner.run(ParentRunner.java:413)
  at org.junit.runner.JUnitCore.run(JUnitCore.java:137)
  at org.junit.runner.JUnitCore.run(JUnitCore.java:115)
  at org.gradle.api.internal.tasks.testing.junit.JUnitTestExecutor.runRequest(JUnitTestExecutor.java:175)
  at org.gradle.api.internal.tasks.testing.junit.JUnitTestExecutor.accept(JUnitTestExecutor.java:84)
  at org.gradle.api.internal.tasks.testing.junit.JUnitTestExecutor.accept(JUnitTestExecutor.java:47)
  at org.gradle.api.internal.tasks.testing.junit.AbstractJUnitTestDefinitionProcessor.processTestDefinition(AbstractJUnitTestDefinitionProcessor.java:65)
  at org.gradle.api.internal.tasks.testing.SuiteTestDefinitionProcessor.processTestDefinition(SuiteTestDefinitionProcessor.java:54)
  at java.base/jdk.internal.reflect.DirectMethodHandleAccessor.invoke(DirectMethodHandleAccessor.java:104)
  at java.base/java.lang.reflect.Method.invoke(Method.java:565)
  at org.gradle.internal.dispatch.MethodInvocation.invokeOn(MethodInvocation.java:77)
  at org.gradle.internal.dispatch.ReflectionDispatch.dispatch(ReflectionDispatch.java:28)
  at org.gradle.internal.dispatch.ReflectionDispatch.dispatch(ReflectionDispatch.java:19)
  at org.gradle.internal.dispatch.ContextClassLoaderDispatch.dispatch(ContextClassLoaderDispatch.java:33)
  at org.gradle.internal.dispatch.ProxyDispatchAdapter$DispatchingInvocationHandler.invoke(ProxyDispatchAdapter.java:88)
  at jdk.proxy1/jdk.proxy1.$Proxy4.processTestDefinition(Unknown Source)
  at org.gradle.api.internal.tasks.testing.worker.TestWorker$2.run(TestWorker.java:178)
  at org.gradle.api.internal.tasks.testing.worker.TestWorker.executeAndMaintainThreadName(TestWorker.java:126)
  at org.gradle.api.internal.tasks.testing.worker.TestWorker.execute(TestWorker.java:103)
  at org.gradle.api.internal.tasks.testing.worker.TestWorker.execute(TestWorker.java:63)
  at org.gradle.process.internal.worker.child.ActionExecutionWorker.execute(ActionExecutionWorker.java:56)
  at org.gradle.process.internal.worker.child.SystemApplicationClassLoaderWorker.call(SystemApplicationClassLoaderWorker.java:122)
  at org.gradle.process.internal.worker.child.SystemApplicationClassLoaderWorker.call(SystemApplicationClassLoaderWorker.java:72)
  at worker.org.gradle.process.internal.worker.GradleWorkerMain.run(GradleWorkerMain.java:69)
  at worker.org.gradle.process.internal.worker.GradleWorkerMain.main(GradleWorkerMain.java:74)
</stacktrace>
</test-failure>


TypeScriptCompilerTests_J[jvm] > jsFileCompilationWithMapFileAsJs_ts has expected errors matching jsFileCompilationWithMapFileAsJs_errors_txt[jvm] FAILED

<test-failure test="com.xemantic.typescript.compiler.TypeScriptCompilerTests_J.jsFileCompilationWithMapFileAsJsWithOutDir_ts has expected errors matching jsFileCompilationWithMapFileAsJsWithOutDir_errors_txt" platform="jvm">
<message>
Expected diagnostics from baseline typescript-repo/tests/baselines/reference/jsFileCompilationWithMapFileAsJsWithOutDir.errors.txt but none produced
</message>
<stacktrace>
  at com.xemantic.typescript.compiler.TypeScriptTestSupportKt.errorsMatchBaseline(TypeScriptTestSupport.kt:125)
  at com.xemantic.typescript.compiler.TypeScriptCompilerTests_J.jsFileCompilationWithMapFileAsJsWithOutDir_ts has expected errors matching jsFileCompilationWithMapFileAsJsWithOutDir_errors_txt(TypeScriptCompilerTests_J.kt:777)
  at java.base/jdk.internal.reflect.DirectMethodHandleAccessor.invoke(DirectMethodHandleAccessor.java:104)
  at java.base/java.lang.reflect.Method.invoke(Method.java:565)
  at org.junit.runners.model.FrameworkMethod$1.runReflectiveCall(FrameworkMethod.java:59)
  at org.junit.internal.runners.model.ReflectiveCallable.run(ReflectiveCallable.java:12)
  at org.junit.runners.model.FrameworkMethod.invokeExplosively(FrameworkMethod.java:56)
  at org.junit.internal.runners.statements.InvokeMethod.evaluate(InvokeMethod.java:17)
  at org.junit.runners.ParentRunner$3.evaluate(ParentRunner.java:306)
  at org.junit.runners.BlockJUnit4ClassRunner$1.evaluate(BlockJUnit4ClassRunner.java:100)
  at org.junit.runners.ParentRunner.runLeaf(ParentRunner.java:366)
  at org.junit.runners.BlockJUnit4ClassRunner.runChild(BlockJUnit4ClassRunner.java:103)
  at org.junit.runners.BlockJUnit4ClassRunner.runChild(BlockJUnit4ClassRunner.java:63)
  at org.junit.runners.ParentRunner$4.run(ParentRunner.java:331)
  at org.junit.runners.ParentRunner$1.schedule(ParentRunner.java:79)
  at org.junit.runners.ParentRunner.runChildren(ParentRunner.java:329)
  at org.junit.runners.ParentRunner.access$100(ParentRunner.java:66)
  at org.junit.runners.ParentRunner$2.evaluate(ParentRunner.java:293)
  at org.junit.runners.ParentRunner$3.evaluate(ParentRunner.java:306)
  at org.junit.runners.ParentRunner.run(ParentRunner.java:413)
  at org.junit.runner.JUnitCore.run(JUnitCore.java:137)
  at org.junit.runner.JUnitCore.run(JUnitCore.java:115)
  at org.gradle.api.internal.tasks.testing.junit.JUnitTestExecutor.runRequest(JUnitTestExecutor.java:175)
  at org.gradle.api.internal.tasks.testing.junit.JUnitTestExecutor.accept(JUnitTestExecutor.java:84)
  at org.gradle.api.internal.tasks.testing.junit.JUnitTestExecutor.accept(JUnitTestExecutor.java:47)
  at org.gradle.api.internal.tasks.testing.junit.AbstractJUnitTestDefinitionProcessor.processTestDefinition(AbstractJUnitTestDefinitionProcessor.java:65)
  at org.gradle.api.internal.tasks.testing.SuiteTestDefinitionProcessor.processTestDefinition(SuiteTestDefinitionProcessor.java:54)
  at java.base/jdk.internal.reflect.DirectMethodHandleAccessor.invoke(DirectMethodHandleAccessor.java:104)
  at java.base/java.lang.reflect.Method.invoke(Method.java:565)
  at org.gradle.internal.dispatch.MethodInvocation.invokeOn(MethodInvocation.java:77)
  at org.gradle.internal.dispatch.ReflectionDispatch.dispatch(ReflectionDispatch.java:28)
  at org.gradle.internal.dispatch.ReflectionDispatch.dispatch(ReflectionDispatch.java:19)
  at org.gradle.internal.dispatch.ContextClassLoaderDispatch.dispatch(ContextClassLoaderDispatch.java:33)
  at org.gradle.internal.dispatch.ProxyDispatchAdapter$DispatchingInvocationHandler.invoke(ProxyDispatchAdapter.java:88)
  at jdk.proxy1/jdk.proxy1.$Proxy4.processTestDefinition(Unknown Source)
  at org.gradle.api.internal.tasks.testing.worker.TestWorker$2.run(TestWorker.java:178)
  at org.gradle.api.internal.tasks.testing.worker.TestWorker.executeAndMaintainThreadName(TestWorker.java:126)
  at org.gradle.api.internal.tasks.testing.worker.TestWorker.execute(TestWorker.java:103)
  at org.gradle.api.internal.tasks.testing.worker.TestWorker.execute(TestWorker.java:63)
  at org.gradle.process.internal.worker.child.ActionExecutionWorker.execute(ActionExecutionWorker.java:56)
  at org.gradle.process.internal.worker.child.SystemApplicationClassLoaderWorker.call(SystemApplicationClassLoaderWorker.java:122)
  at org.gradle.process.internal.worker.child.SystemApplicationClassLoaderWorker.call(SystemApplicationClassLoaderWorker.java:72)
  at worker.org.gradle.process.internal.worker.GradleWorkerMain.run(GradleWorkerMain.java:69)
  at worker.org.gradle.process.internal.worker.GradleWorkerMain.main(GradleWorkerMain.java:74)
</stacktrace>
</test-failure>


TypeScriptCompilerTests_J[jvm] > jsFileCompilationWithMapFileAsJsWithOutDir_ts has expected errors matching jsFileCompilationWithMapFileAsJsWithOutDir_errors_txt[jvm] FAILED

<test-failure test="com.xemantic.typescript.compiler.TypeScriptCompilerTests_J.jsFileCompilationDuplicateFunctionImplementationFileOrderReversed_ts has expected errors matching jsFileCompilationDuplicateFunctionImplementationFileOrderReversed_errors_txt" platform="jvm">
<message>
--- expected
+++ actual
@@ -1,12 +1,9 @@
 error TS5101: Option 'outFile' is deprecated and will stop functioning in TypeScript 7.0. Specify compilerOption '"ignoreDeprecations": "6.0"' to silence this error.
-a.ts(1,10): error TS2393: Duplicate function implementation.
 
 
 !!! error TS5101: Option 'outFile' is deprecated and will stop functioning in TypeScript 7.0. Specify compilerOption '"ignoreDeprecations": "6.0"' to silence this error.
-==== a.ts (1 errors) ====
+==== a.ts (0 errors) ====
     function foo() {
-             ~~~
-!!! error TS2393: Duplicate function implementation.
         return 30;
     }
     

</message>
<stacktrace>
  at org.junit.Assert.fail(Assert.java:89)
  at kotlin.test.junit.JUnitAsserter.fail(JUnitSupport.kt:56)
  at kotlin.test.AssertionsKt__AssertionsKt.fail(Assertions.kt:563)
  at kotlin.test.AssertionsKt.fail(Unknown Source)
  at com.xemantic.kotlin.test.SameAsKt.sameAs(SameAs.kt:52)
  at com.xemantic.typescript.compiler.TypeScriptTestSupportKt.errorsMatchBaseline(TypeScriptTestSupport.kt:135)
  at com.xemantic.typescript.compiler.TypeScriptCompilerTests_J.jsFileCompilationDuplicateFunctionImplementationFileOrderReversed_ts has expected errors matching jsFileCompilationDuplicateFunctionImplementationFileOrderReversed_errors_txt(TypeScriptCompilerTests_J.kt:301)
  at java.base/jdk.internal.reflect.DirectMethodHandleAccessor.invoke(DirectMethodHandleAccessor.java:104)
  at java.base/java.lang.reflect.Method.invoke(Method.java:565)
  at org.junit.runners.model.FrameworkMethod$1.runReflectiveCall(FrameworkMethod.java:59)
  at org.junit.internal.runners.model.ReflectiveCallable.run(ReflectiveCallable.java:12)
  at org.junit.runners.model.FrameworkMethod.invokeExplosively(FrameworkMethod.java:56)
  at org.junit.internal.runners.statements.InvokeMethod.evaluate(InvokeMethod.java:17)
  at org.junit.runners.ParentRunner$3.evaluate(ParentRunner.java:306)
  at org.junit.runners.BlockJUnit4ClassRunner$1.evaluate(BlockJUnit4ClassRunner.java:100)
  at org.junit.runners.ParentRunner.runLeaf(ParentRunner.java:366)
  at org.junit.runners.BlockJUnit4ClassRunner.runChild(BlockJUnit4ClassRunner.java:103)
  at org.junit.runners.BlockJUnit4ClassRunner.runChild(BlockJUnit4ClassRunner.java:63)
  at org.junit.runners.ParentRunner$4.run(ParentRunner.java:331)
  at org.junit.runners.ParentRunner$1.schedule(ParentRunner.java:79)
  at org.junit.runners.ParentRunner.runChildren(ParentRunner.java:329)
  at org.junit.runners.ParentRunner.access$100(ParentRunner.java:66)
  at org.junit.runners.ParentRunner$2.evaluate(ParentRunner.java:293)
  at org.junit.runners.ParentRunner$3.evaluate(ParentRunner.java:306)
  at org.junit.runners.ParentRunner.run(ParentRunner.java:413)
  at org.junit.runner.JUnitCore.run(JUnitCore.java:137)
  at org.junit.runner.JUnitCore.run(JUnitCore.java:115)
  at org.gradle.api.internal.tasks.testing.junit.JUnitTestExecutor.runRequest(JUnitTestExecutor.java:175)
  at org.gradle.api.internal.tasks.testing.junit.JUnitTestExecutor.accept(JUnitTestExecutor.java:84)
  at org.gradle.api.internal.tasks.testing.junit.JUnitTestExecutor.accept(JUnitTestExecutor.java:47)
  at org.gradle.api.internal.tasks.testing.junit.AbstractJUnitTestDefinitionProcessor.processTestDefinition(AbstractJUnitTestDefinitionProcessor.java:65)
  at org.gradle.api.internal.tasks.testing.SuiteTestDefinitionProcessor.processTestDefinition(SuiteTestDefinitionProcessor.java:54)
  at java.base/jdk.internal.reflect.DirectMethodHandleAccessor.invoke(DirectMethodHandleAccessor.java:104)
  at java.base/java.lang.reflect.Method.invoke(Method.java:565)
  at org.gradle.internal.dispatch.MethodInvocation.invokeOn(MethodInvocation.java:77)
  at org.gradle.internal.dispatch.ReflectionDispatch.dispatch(ReflectionDispatch.java:28)
  at org.gradle.internal.dispatch.ReflectionDispatch.dispatch(ReflectionDispatch.java:19)
  at org.gradle.internal.dispatch.ContextClassLoaderDispatch.dispatch(ContextClassLoaderDispatch.java:33)
  at org.gradle.internal.dispatch.ProxyDispatchAdapter$DispatchingInvocationHandler.invoke(ProxyDispatchAdapter.java:88)
  at jdk.proxy1/jdk.proxy1.$Proxy4.processTestDefinition(Unknown Source)
  at org.gradle.api.internal.tasks.testing.worker.TestWorker$2.run(TestWorker.java:178)
  at org.gradle.api.internal.tasks.testing.worker.TestWorker.executeAndMaintainThreadName(TestWorker.java:126)
  at org.gradle.api.internal.tasks.testing.worker.TestWorker.execute(TestWorker.java:103)
  at org.gradle.api.internal.tasks.testing.worker.TestWorker.execute(TestWorker.java:63)
  at org.gradle.process.internal.worker.child.ActionExecutionWorker.execute(ActionExecutionWorker.java:56)
  at org.gradle.process.internal.worker.child.SystemApplicationClassLoaderWorker.call(SystemApplicationClassLoaderWorker.java:122)
  at org.gradle.process.internal.worker.child.SystemApplicationClassLoaderWorker.call(SystemApplicationClassLoaderWorker.java:72)
  at worker.org.gradle.process.internal.worker.GradleWorkerMain.run(GradleWorkerMain.java:69)
  at worker.org.gradle.process.internal.worker.GradleWorkerMain.main(GradleWorkerMain.java:74)
</stacktrace>
</test-failure>


TypeScriptCompilerTests_J[jvm] > jsFileCompilationDuplicateFunctionImplementationFileOrderReversed_ts has expected errors matching jsFileCompilationDuplicateFunctionImplementationFileOrderReversed_errors_txt[jvm] FAILED

<test-failure test="com.xemantic.typescript.compiler.TypeScriptCompilerTests_J.jsdocPropertyTagInvalid_ts has expected errors matching jsdocPropertyTagInvalid_errors_txt" platform="jvm">
<message>
Expected diagnostics from baseline typescript-repo/tests/baselines/reference/jsdocPropertyTagInvalid.errors.txt but none produced
</message>
<stacktrace>
  at com.xemantic.typescript.compiler.TypeScriptTestSupportKt.errorsMatchBaseline(TypeScriptTestSupport.kt:125)
  at com.xemantic.typescript.compiler.TypeScriptCompilerTests_J.jsdocPropertyTagInvalid_ts has expected errors matching jsdocPropertyTagInvalid_errors_txt(TypeScriptCompilerTests_J.kt:1036)
  at java.base/jdk.internal.reflect.DirectMethodHandleAccessor.invoke(DirectMethodHandleAccessor.java:104)
  at java.base/java.lang.reflect.Method.invoke(Method.java:565)
  at org.junit.runners.model.FrameworkMethod$1.runReflectiveCall(FrameworkMethod.java:59)
  at org.junit.internal.runners.model.ReflectiveCallable.run(ReflectiveCallable.java:12)
  at org.junit.runners.model.FrameworkMethod.invokeExplosively(FrameworkMethod.java:56)
  at org.junit.internal.runners.statements.InvokeMethod.evaluate(InvokeMethod.java:17)
  at org.junit.runners.ParentRunner$3.evaluate(ParentRunner.java:306)
  at org.junit.runners.BlockJUnit4ClassRunner$1.evaluate(BlockJUnit4ClassRunner.java:100)
  at org.junit.runners.ParentRunner.runLeaf(ParentRunner.java:366)
  at org.junit.runners.BlockJUnit4ClassRunner.runChild(BlockJUnit4ClassRunner.java:103)
  at org.junit.runners.BlockJUnit4ClassRunner.runChild(BlockJUnit4ClassRunner.java:63)
  at org.junit.runners.ParentRunner$4.run(ParentRunner.java:331)
  at org.junit.runners.ParentRunner$1.schedule(ParentRunner.java:79)
  at org.junit.runners.ParentRunner.runChildren(ParentRunner.java:329)
  at org.junit.runners.ParentRunner.access$100(ParentRunner.java:66)
  at org.junit.runners.ParentRunner$2.evaluate(ParentRunner.java:293)
  at org.junit.runners.ParentRunner$3.evaluate(ParentRunner.java:306)
  at org.junit.runners.ParentRunner.run(ParentRunner.java:413)
  at org.junit.runner.JUnitCore.run(JUnitCore.java:137)
  at org.junit.runner.JUnitCore.run(JUnitCore.java:115)
  at org.gradle.api.internal.tasks.testing.junit.JUnitTestExecutor.runRequest(JUnitTestExecutor.java:175)
  at org.gradle.api.internal.tasks.testing.junit.JUnitTestExecutor.accept(JUnitTestExecutor.java:84)
  at org.gradle.api.internal.tasks.testing.junit.JUnitTestExecutor.accept(JUnitTestExecutor.java:47)
  at org.gradle.api.internal.tasks.testing.junit.AbstractJUnitTestDefinitionProcessor.processTestDefinition(AbstractJUnitTestDefinitionProcessor.java:65)
  at org.gradle.api.internal.tasks.testing.SuiteTestDefinitionProcessor.processTestDefinition(SuiteTestDefinitionProcessor.java:54)
  at java.base/jdk.internal.reflect.DirectMethodHandleAccessor.invoke(DirectMethodHandleAccessor.java:104)
  at java.base/java.lang.reflect.Method.invoke(Method.java:565)
  at org.gradle.internal.dispatch.MethodInvocation.invokeOn(MethodInvocation.java:77)
  at org.gradle.internal.dispatch.ReflectionDispatch.dispatch(ReflectionDispatch.java:28)
  at org.gradle.internal.dispatch.ReflectionDispatch.dispatch(ReflectionDispatch.java:19)
  at org.gradle.internal.dispatch.ContextClassLoaderDispatch.dispatch(ContextClassLoaderDispatch.java:33)
  at org.gradle.internal.dispatch.ProxyDispatchAdapter$DispatchingInvocationHandler.invoke(ProxyDispatchAdapter.java:88)
  at jdk.proxy1/jdk.proxy1.$Proxy4.processTestDefinition(Unknown Source)
  at org.gradle.api.internal.tasks.testing.worker.TestWorker$2.run(TestWorker.java:178)
  at org.gradle.api.internal.tasks.testing.worker.TestWorker.executeAndMaintainThreadName(TestWorker.java:126)
  at org.gradle.api.internal.tasks.testing.worker.TestWorker.execute(TestWorker.java:103)
  at org.gradle.api.internal.tasks.testing.worker.TestWorker.execute(TestWorker.java:63)
  at org.gradle.process.internal.worker.child.ActionExecutionWorker.execute(ActionExecutionWorker.java:56)
  at org.gradle.process.internal.worker.child.SystemApplicationClassLoaderWorker.call(SystemApplicationClassLoaderWorker.java:122)
  at org.gradle.process.internal.worker.child.SystemApplicationClassLoaderWorker.call(SystemApplicationClassLoaderWorker.java:72)
  at worker.org.gradle.process.internal.worker.GradleWorkerMain.run(GradleWorkerMain.java:69)
  at worker.org.gradle.process.internal.worker.GradleWorkerMain.main(GradleWorkerMain.java:74)
</stacktrace>
</test-failure>


TypeScriptCompilerTests_J[jvm] > jsdocPropertyTagInvalid_ts has expected errors matching jsdocPropertyTagInvalid_errors_txt[jvm] FAILED

<test-failure test="com.xemantic.typescript.compiler.TypeScriptCompilerTests_J.javascriptThisAssignmentInStaticBlock_ts compiles to JavaScript matching javascriptThisAssignmentInStaticBlock_js" platform="jvm">
<message>
--- expected
+++ actual
@@ -22,21 +22,18 @@
 
 //// [a.js]
 "use strict";
-var _a, _b, _c;
 class Thing {
 }
-_a = Thing;
 (() => {
-    _a.doSomething = () => { };
+    this.doSomething = () => { };
 })();
 Thing.doSomething();
 // GH#46468
-class ElementsArray extends (_c = Array) {
+class ElementsArray extends Array {
 }
-_b = ElementsArray;
 (() => {
-    const superisArray = Reflect.get(_c, "isArray", _b);
+    const superisArray = super.isArray;
     const customIsArray = (arg) => superisArray(arg);
-    _b.isArray = customIsArray;
+    this.isArray = customIsArray;
 })();
 ElementsArray.isArray(new ElementsArray());

</message>
<stacktrace>
  at org.junit.Assert.fail(Assert.java:89)
  at kotlin.test.junit.JUnitAsserter.fail(JUnitSupport.kt:56)
  at kotlin.test.AssertionsKt__AssertionsKt.fail(Assertions.kt:563)
  at kotlin.test.AssertionsKt.fail(Unknown Source)
  at com.xemantic.kotlin.test.SameAsKt.sameAs(SameAs.kt:52)
  at com.xemantic.typescript.compiler.TypeScriptTestSupportKt.sameAs(TypeScriptTestSupport.kt:99)
  at com.xemantic.typescript.compiler.TypeScriptCompilerTests_J.javascriptThisAssignmentInStaticBlock_ts compiles to JavaScript matching javascriptThisAssignmentInStaticBlock_js(TypeScriptCompilerTests_J.kt:21)
  at java.base/jdk.internal.reflect.DirectMethodHandleAccessor.invoke(DirectMethodHandleAccessor.java:104)
  at java.base/java.lang.reflect.Method.invoke(Method.java:565)
  at org.junit.runners.model.FrameworkMethod$1.runReflectiveCall(FrameworkMethod.java:59)
  at org.junit.internal.runners.model.ReflectiveCallable.run(ReflectiveCallable.java:12)
  at org.junit.runners.model.FrameworkMethod.invokeExplosively(FrameworkMethod.java:56)
  at org.junit.internal.runners.statements.InvokeMethod.evaluate(InvokeMethod.java:17)
  at org.junit.runners.ParentRunner$3.evaluate(ParentRunner.java:306)
  at org.junit.runners.BlockJUnit4ClassRunner$1.evaluate(BlockJUnit4ClassRunner.java:100)
  at org.junit.runners.ParentRunner.runLeaf(ParentRunner.java:366)
  at org.junit.runners.BlockJUnit4ClassRunner.runChild(BlockJUnit4ClassRunner.java:103)
  at org.junit.runners.BlockJUnit4ClassRunner.runChild(BlockJUnit4ClassRunner.java:63)
  at org.junit.runners.ParentRunner$4.run(ParentRunner.java:331)
  at org.junit.runners.ParentRunner$1.schedule(ParentRunner.java:79)
  at org.junit.runners.ParentRunner.runChildren(ParentRunner.java:329)
  at org.junit.runners.ParentRunner.access$100(ParentRunner.java:66)
  at org.junit.runners.ParentRunner$2.evaluate(ParentRunner.java:293)
  at org.junit.runners.ParentRunner$3.evaluate(ParentRunner.java:306)
  at org.junit.runners.ParentRunner.run(ParentRunner.java:413)
  at org.junit.runner.JUnitCore.run(JUnitCore.java:137)
  at org.junit.runner.JUnitCore.run(JUnitCore.java:115)
  at org.gradle.api.internal.tasks.testing.junit.JUnitTestExecutor.runRequest(JUnitTestExecutor.java:175)
  at org.gradle.api.internal.tasks.testing.junit.JUnitTestExecutor.accept(JUnitTestExecutor.java:84)
  at org.gradle.api.internal.tasks.testing.junit.JUnitTestExecutor.accept(JUnitTestExecutor.java:47)
  at org.gradle.api.internal.tasks.testing.junit.AbstractJUnitTestDefinitionProcessor.processTestDefinition(AbstractJUnitTestDefinitionProcessor.java:65)
  at org.gradle.api.internal.tasks.testing.SuiteTestDefinitionProcessor.processTestDefinition(SuiteTestDefinitionProcessor.java:54)
  at java.base/jdk.internal.reflect.DirectMethodHandleAccessor.invoke(DirectMethodHandleAccessor.java:104)
  at java.base/java.lang.reflect.Method.invoke(Method.java:565)
  at org.gradle.internal.dispatch.MethodInvocation.invokeOn(MethodInvocation.java:77)
  at org.gradle.internal.dispatch.ReflectionDispatch.dispatch(ReflectionDispatch.java:28)
  at org.gradle.internal.dispatch.ReflectionDispatch.dispatch(ReflectionDispatch.java:19)
  at org.gradle.internal.dispatch.ContextClassLoaderDispatch.dispatch(ContextClassLoaderDispatch.java:33)
  at org.gradle.internal.dispatch.ProxyDispatchAdapter$DispatchingInvocationHandler.invoke(ProxyDispatchAdapter.java:88)
  at jdk.proxy1/jdk.proxy1.$Proxy4.processTestDefinition(Unknown Source)
  at org.gradle.api.internal.tasks.testing.worker.TestWorker$2.run(TestWorker.java:178)
  at org.gradle.api.internal.tasks.testing.worker.TestWorker.executeAndMaintainThreadName(TestWorker.java:126)
  at org.gradle.api.internal.tasks.testing.worker.TestWorker.execute(TestWorker.java:103)
  at org.gradle.api.internal.tasks.testing.worker.TestWorker.execute(TestWorker.java:63)
  at org.gradle.process.internal.worker.child.ActionExecutionWorker.execute(ActionExecutionWorker.java:56)
  at org.gradle.process.internal.worker.child.SystemApplicationClassLoaderWorker.call(SystemApplicationClassLoaderWorker.java:122)
  at org.gradle.process.internal.worker.child.SystemApplicationClassLoaderWorker.call(SystemApplicationClassLoaderWorker.java:72)
  at worker.org.gradle.process.internal.worker.GradleWorkerMain.run(GradleWorkerMain.java:69)
  at worker.org.gradle.process.internal.worker.GradleWorkerMain.main(GradleWorkerMain.java:74)
</stacktrace>
</test-failure>


TypeScriptCompilerTests_J[jvm] > javascriptThisAssignmentInStaticBlock_ts compiles to JavaScript matching javascriptThisAssignmentInStaticBlock_js[jvm] FAILED

<test-failure test="com.xemantic.typescript.compiler.TypeScriptCompilerTests_J.jsxSpreadTag_ts__target_esnext__compiles to JavaScript matching baseline" platform="jvm">
<message>
--- expected
+++ actual
@@ -27,7 +27,7 @@
 "use strict";
 const t1 = React.createElement("div", { ...React.createElement("span", null) });
 const t2 = React.createElement("div", { ...React.createElement("span", { className: "foo" }) });
-const t3 = React.createElement(Comp, { right: React.createElement("div", null, "x"), wrong: React.createElement("div", null, "x") });
-const t4 = React.createElement(Comp, { right: React.createElement("div", null, "x"), wrong() { return React.createElement("div", null, "x"); } });
-const t5 = React.createElement(Comp, { right: React.createElement("div", null, "x"), get wrong() { return React.createElement("div", null, "x"); } });
-const t6 = React.createElement(Comp, { right: React.createElement("div", null, "x"), set wrong(s) { let a = React.createElement("div", null, "x"); } });
+const t3 = React.createElement(Comp, { right: React.createElement("div", null, "x"), ...{ wrong: React.createElement("div", null, "x") } });
+const t4 = React.createElement(Comp, { right: React.createElement("div", null, "x"), ...{ wrong() { return React.createElement("div", null, "x"); } } });
+const t5 = React.createElement(Comp, { right: React.createElement("div", null, "x"), ...{ get wrong() { return React.createElement("div", null, "x"); } } });
+const t6 = React.createElement(Comp, { right: React.createElement("div", null, "x"), ...{ set wrong(s) { let a = React.createElement("div", null, "x"); } } });

</message>
<stacktrace>
  at org.junit.Assert.fail(Assert.java:89)
  at kotlin.test.junit.JUnitAsserter.fail(JUnitSupport.kt:56)
  at kotlin.test.AssertionsKt__AssertionsKt.fail(Assertions.kt:563)
  at kotlin.test.AssertionsKt.fail(Unknown Source)
  at com.xemantic.kotlin.test.SameAsKt.sameAs(SameAs.kt:52)
  at com.xemantic.typescript.compiler.TypeScriptTestSupportKt.sameAs(TypeScriptTestSupport.kt:99)
  at com.xemantic.typescript.compiler.TypeScriptCompilerTests_J.jsxSpreadTag_ts__target_esnext__compiles to JavaScript matching baseline(TypeScriptCompilerTests_J.kt:1309)
  at java.base/jdk.internal.reflect.DirectMethodHandleAccessor.invoke(DirectMethodHandleAccessor.java:104)
  at java.base/java.lang.reflect.Method.invoke(Method.java:565)
  at org.junit.runners.model.FrameworkMethod$1.runReflectiveCall(FrameworkMethod.java:59)
  at org.junit.internal.runners.model.ReflectiveCallable.run(ReflectiveCallable.java:12)
  at org.junit.runners.model.FrameworkMethod.invokeExplosively(FrameworkMethod.java:56)
  at org.junit.internal.runners.statements.InvokeMethod.evaluate(InvokeMethod.java:17)
  at org.junit.runners.ParentRunner$3.evaluate(ParentRunner.java:306)
  at org.junit.runners.BlockJUnit4ClassRunner$1.evaluate(BlockJUnit4ClassRunner.java:100)
  at org.junit.runners.ParentRunner.runLeaf(ParentRunner.java:366)
  at org.junit.runners.BlockJUnit4ClassRunner.runChild(BlockJUnit4ClassRunner.java:103)
  at org.junit.runners.BlockJUnit4ClassRunner.runChild(BlockJUnit4ClassRunner.java:63)
  at org.junit.runners.ParentRunner$4.run(ParentRunner.java:331)
  at org.junit.runners.ParentRunner$1.schedule(ParentRunner.java:79)
  at org.junit.runners.ParentRunner.runChildren(ParentRunner.java:329)
  at org.junit.runners.ParentRunner.access$100(ParentRunner.java:66)
  at org.junit.runners.ParentRunner$2.evaluate(ParentRunner.java:293)
  at org.junit.runners.ParentRunner$3.evaluate(ParentRunner.java:306)
  at org.junit.runners.ParentRunner.run(ParentRunner.java:413)
  at org.junit.runner.JUnitCore.run(JUnitCore.java:137)
  at org.junit.runner.JUnitCore.run(JUnitCore.java:115)
  at org.gradle.api.internal.tasks.testing.junit.JUnitTestExecutor.runRequest(JUnitTestExecutor.java:175)
  at org.gradle.api.internal.tasks.testing.junit.JUnitTestExecutor.accept(JUnitTestExecutor.java:84)
  at org.gradle.api.internal.tasks.testing.junit.JUnitTestExecutor.accept(JUnitTestExecutor.java:47)
  at org.gradle.api.internal.tasks.testing.junit.AbstractJUnitTestDefinitionProcessor.processTestDefinition(AbstractJUnitTestDefinitionProcessor.java:65)
  at org.gradle.api.internal.tasks.testing.SuiteTestDefinitionProcessor.processTestDefinition(SuiteTestDefinitionProcessor.java:54)
  at java.base/jdk.internal.reflect.DirectMethodHandleAccessor.invoke(DirectMethodHandleAccessor.java:104)
  at java.base/java.lang.reflect.Method.invoke(Method.java:565)
  at org.gradle.internal.dispatch.MethodInvocation.invokeOn(MethodInvocation.java:77)
  at org.gradle.internal.dispatch.ReflectionDispatch.dispatch(ReflectionDispatch.java:28)
  at org.gradle.internal.dispatch.ReflectionDispatch.dispatch(ReflectionDispatch.java:19)
  at org.gradle.internal.dispatch.ContextClassLoaderDispatch.dispatch(ContextClassLoaderDispatch.java:33)
  at org.gradle.internal.dispatch.ProxyDispatchAdapter$DispatchingInvocationHandler.invoke(ProxyDispatchAdapter.java:88)
  at jdk.proxy1/jdk.proxy1.$Proxy4.processTestDefinition(Unknown Source)
  at org.gradle.api.internal.tasks.testing.worker.TestWorker$2.run(TestWorker.java:178)
  at org.gradle.api.internal.tasks.testing.worker.TestWorker.executeAndMaintainThreadName(TestWorker.java:126)
  at org.gradle.api.internal.tasks.testing.worker.TestWorker.execute(TestWorker.java:103)
  at org.gradle.api.internal.tasks.testing.worker.TestWorker.execute(TestWorker.java:63)
  at org.gradle.process.internal.worker.child.ActionExecutionWorker.execute(ActionExecutionWorker.java:56)
  at org.gradle.process.internal.worker.child.SystemApplicationClassLoaderWorker.call(SystemApplicationClassLoaderWorker.java:122)
  at org.gradle.process.internal.worker.child.SystemApplicationClassLoaderWorker.call(SystemApplicationClassLoaderWorker.java:72)
  at worker.org.gradle.process.internal.worker.GradleWorkerMain.run(GradleWorkerMain.java:69)
  at worker.org.gradle.process.internal.worker.GradleWorkerMain.main(GradleWorkerMain.java:74)
</stacktrace>
</test-failure>


TypeScriptCompilerTests_J[jvm] > jsxSpreadTag_ts__target_esnext__compiles to JavaScript matching baseline[jvm] FAILED

<test-failure test="com.xemantic.typescript.compiler.TypeScriptCompilerTests_J.jsxSpreadTag_ts__target_es2015__compiles to JavaScript matching baseline" platform="jvm">
<message>
--- expected
+++ actual
@@ -27,7 +27,7 @@
 "use strict";
 const t1 = React.createElement("div", Object.assign({}, React.createElement("span", null)));
 const t2 = React.createElement("div", Object.assign({}, React.createElement("span", { className: "foo" })));
-const t3 = React.createElement(Comp, { right: React.createElement("div", null, "x"), wrong: React.createElement("div", null, "x") });
-const t4 = React.createElement(Comp, { right: React.createElement("div", null, "x"), wrong() { return React.createElement("div", null, "x"); } });
-const t5 = React.createElement(Comp, { right: React.createElement("div", null, "x"), get wrong() { return React.createElement("div", null, "x"); } });
-const t6 = React.createElement(Comp, { right: React.createElement("div", null, "x"), set wrong(s) { let a = React.createElement("div", null, "x"); } });
+const t3 = React.createElement(Comp, Object.assign({ right: React.createElement("div", null, "x") }, { wrong: React.createElement("div", null, "x") }));
+const t4 = React.createElement(Comp, Object.assign({ right: React.createElement("div", null, "x") }, { wrong() { return React.createElement("div", null, "x"); } }));
+const t5 = React.createElement(Comp, Object.assign({ right: React.createElement("div", null, "x") }, { get wrong() { return React.createElement("div", null, "x"); } }));
+const t6 = React.createElement(Comp, Object.assign({ right: React.createElement("div", null, "x") }, { set wrong(s) { let a = React.createElement("div", null, "x"); } }));

</message>
<stacktrace>
  at org.junit.Assert.fail(Assert.java:89)
  at kotlin.test.junit.JUnitAsserter.fail(JUnitSupport.kt:56)
  at kotlin.test.AssertionsKt__AssertionsKt.fail(Assertions.kt:563)
  at kotlin.test.AssertionsKt.fail(Unknown Source)
  at com.xemantic.kotlin.test.SameAsKt.sameAs(SameAs.kt:52)
  at com.xemantic.typescript.compiler.TypeScriptTestSupportKt.sameAs(TypeScriptTestSupport.kt:99)
  at com.xemantic.typescript.compiler.TypeScriptCompilerTests_J.jsxSpreadTag_ts__target_es2015__compiles to JavaScript matching baseline(TypeScriptCompilerTests_J.kt:1302)
  at java.base/jdk.internal.reflect.DirectMethodHandleAccessor.invoke(DirectMethodHandleAccessor.java:104)
  at java.base/java.lang.reflect.Method.invoke(Method.java:565)
  at org.junit.runners.model.FrameworkMethod$1.runReflectiveCall(FrameworkMethod.java:59)
  at org.junit.internal.runners.model.ReflectiveCallable.run(ReflectiveCallable.java:12)
  at org.junit.runners.model.FrameworkMethod.invokeExplosively(FrameworkMethod.java:56)
  at org.junit.internal.runners.statements.InvokeMethod.evaluate(InvokeMethod.java:17)
  at org.junit.runners.ParentRunner$3.evaluate(ParentRunner.java:306)
  at org.junit.runners.BlockJUnit4ClassRunner$1.evaluate(BlockJUnit4ClassRunner.java:100)
  at org.junit.runners.ParentRunner.runLeaf(ParentRunner.java:366)
  at org.junit.runners.BlockJUnit4ClassRunner.runChild(BlockJUnit4ClassRunner.java:103)
  at org.junit.runners.BlockJUnit4ClassRunner.runChild(BlockJUnit4ClassRunner.java:63)
  at org.junit.runners.ParentRunner$4.run(ParentRunner.java:331)
  at org.junit.runners.ParentRunner$1.schedule(ParentRunner.java:79)
  at org.junit.runners.ParentRunner.runChildren(ParentRunner.java:329)
  at org.junit.runners.ParentRunner.access$100(ParentRunner.java:66)
  at org.junit.runners.ParentRunner$2.evaluate(ParentRunner.java:293)
  at org.junit.runners.ParentRunner$3.evaluate(ParentRunner.java:306)
  at org.junit.runners.ParentRunner.run(ParentRunner.java:413)
  at org.junit.runner.JUnitCore.run(JUnitCore.java:137)
  at org.junit.runner.JUnitCore.run(JUnitCore.java:115)
  at org.gradle.api.internal.tasks.testing.junit.JUnitTestExecutor.runRequest(JUnitTestExecutor.java:175)
  at org.gradle.api.internal.tasks.testing.junit.JUnitTestExecutor.accept(JUnitTestExecutor.java:84)
  at org.gradle.api.internal.tasks.testing.junit.JUnitTestExecutor.accept(JUnitTestExecutor.java:47)
  at org.gradle.api.internal.tasks.testing.junit.AbstractJUnitTestDefinitionProcessor.processTestDefinition(AbstractJUnitTestDefinitionProcessor.java:65)
  at org.gradle.api.internal.tasks.testing.SuiteTestDefinitionProcessor.processTestDefinition(SuiteTestDefinitionProcessor.java:54)
  at java.base/jdk.internal.reflect.DirectMethodHandleAccessor.invoke(DirectMethodHandleAccessor.java:104)
  at java.base/java.lang.reflect.Method.invoke(Method.java:565)
  at org.gradle.internal.dispatch.MethodInvocation.invokeOn(MethodInvocation.java:77)
  at org.gradle.internal.dispatch.ReflectionDispatch.dispatch(ReflectionDispatch.java:28)
  at org.gradle.internal.dispatch.ReflectionDispatch.dispatch(ReflectionDispatch.java:19)
  at org.gradle.internal.dispatch.ContextClassLoaderDispatch.dispatch(ContextClassLoaderDispatch.java:33)
  at org.gradle.internal.dispatch.ProxyDispatchAdapter$DispatchingInvocationHandler.invoke(ProxyDispatchAdapter.java:88)
  at jdk.proxy1/jdk.proxy1.$Proxy4.processTestDefinition(Unknown Source)
  at org.gradle.api.internal.tasks.testing.worker.TestWorker$2.run(TestWorker.java:178)
  at org.gradle.api.internal.tasks.testing.worker.TestWorker.executeAndMaintainThreadName(TestWorker.java:126)
  at org.gradle.api.internal.tasks.testing.worker.TestWorker.execute(TestWorker.java:103)
  at org.gradle.api.internal.tasks.testing.worker.TestWorker.execute(TestWorker.java:63)
  at org.gradle.process.internal.worker.child.ActionExecutionWorker.execute(ActionExecutionWorker.java:56)
  at org.gradle.process.internal.worker.child.SystemApplicationClassLoaderWorker.call(SystemApplicationClassLoaderWorker.java:122)
  at org.gradle.process.internal.worker.child.SystemApplicationClassLoaderWorker.call(SystemApplicationClassLoaderWorker.java:72)
  at worker.org.gradle.process.internal.worker.GradleWorkerMain.run(GradleWorkerMain.java:69)
  at worker.org.gradle.process.internal.worker.GradleWorkerMain.main(GradleWorkerMain.java:74)
</stacktrace>
</test-failure>


TypeScriptCompilerTests_J[jvm] > jsxSpreadTag_ts__target_es2015__compiles to JavaScript matching baseline[jvm] FAILED

<test-failure test="com.xemantic.typescript.compiler.TypeScriptCompilerTests_J.jsdocTypeNongenericInstantiationAttempt_ts has expected errors matching jsdocTypeNongenericInstantiationAttempt_errors_txt" platform="jvm">
<message>
Expected diagnostics from baseline typescript-repo/tests/baselines/reference/jsdocTypeNongenericInstantiationAttempt.errors.txt but none produced
</message>
<stacktrace>
  at com.xemantic.typescript.compiler.TypeScriptTestSupportKt.errorsMatchBaseline(TypeScriptTestSupport.kt:125)
  at com.xemantic.typescript.compiler.TypeScriptCompilerTests_J.jsdocTypeNongenericInstantiationAttempt_ts has expected errors matching jsdocTypeNongenericInstantiationAttempt_errors_txt(TypeScriptCompilerTests_J.kt:1078)
  at java.base/jdk.internal.reflect.DirectMethodHandleAccessor.invoke(DirectMethodHandleAccessor.java:104)
  at java.base/java.lang.reflect.Method.invoke(Method.java:565)
  at org.junit.runners.model.FrameworkMethod$1.runReflectiveCall(FrameworkMethod.java:59)
  at org.junit.internal.runners.model.ReflectiveCallable.run(ReflectiveCallable.java:12)
  at org.junit.runners.model.FrameworkMethod.invokeExplosively(FrameworkMethod.java:56)
  at org.junit.internal.runners.statements.InvokeMethod.evaluate(InvokeMethod.java:17)
  at org.junit.runners.ParentRunner$3.evaluate(ParentRunner.java:306)
  at org.junit.runners.BlockJUnit4ClassRunner$1.evaluate(BlockJUnit4ClassRunner.java:100)
  at org.junit.runners.ParentRunner.runLeaf(ParentRunner.java:366)
  at org.junit.runners.BlockJUnit4ClassRunner.runChild(BlockJUnit4ClassRunner.java:103)
  at org.junit.runners.BlockJUnit4ClassRunner.runChild(BlockJUnit4ClassRunner.java:63)
  at org.junit.runners.ParentRunner$4.run(ParentRunner.java:331)
  at org.junit.runners.ParentRunner$1.schedule(ParentRunner.java:79)
  at org.junit.runners.ParentRunner.runChildren(ParentRunner.java:329)
  at org.junit.runners.ParentRunner.access$100(ParentRunner.java:66)
  at org.junit.runners.ParentRunner$2.evaluate(ParentRunner.java:293)
  at org.junit.runners.ParentRunner$3.evaluate(ParentRunner.java:306)
  at org.junit.runners.ParentRunner.run(ParentRunner.java:413)
  at org.junit.runner.JUnitCore.run(JUnitCore.java:137)
  at org.junit.runner.JUnitCore.run(JUnitCore.java:115)
  at org.gradle.api.internal.tasks.testing.junit.JUnitTestExecutor.runRequest(JUnitTestExecutor.java:175)
  at org.gradle.api.internal.tasks.testing.junit.JUnitTestExecutor.accept(JUnitTestExecutor.java:84)
  at org.gradle.api.internal.tasks.testing.junit.JUnitTestExecutor.accept(JUnitTestExecutor.java:47)
  at org.gradle.api.internal.tasks.testing.junit.AbstractJUnitTestDefinitionProcessor.processTestDefinition(AbstractJUnitTestDefinitionProcessor.java:65)
  at org.gradle.api.internal.tasks.testing.SuiteTestDefinitionProcessor.processTestDefinition(SuiteTestDefinitionProcessor.java:54)
  at java.base/jdk.internal.reflect.DirectMethodHandleAccessor.invoke(DirectMethodHandleAccessor.java:104)
  at java.base/java.lang.reflect.Method.invoke(Method.java:565)
  at org.gradle.internal.dispatch.MethodInvocation.invokeOn(MethodInvocation.java:77)
  at org.gradle.internal.dispatch.ReflectionDispatch.dispatch(ReflectionDispatch.java:28)
  at org.gradle.internal.dispatch.ReflectionDispatch.dispatch(ReflectionDispatch.java:19)
  at org.gradle.internal.dispatch.ContextClassLoaderDispatch.dispatch(ContextClassLoaderDispatch.java:33)
  at org.gradle.internal.dispatch.ProxyDispatchAdapter$DispatchingInvocationHandler.invoke(ProxyDispatchAdapter.java:88)
  at jdk.proxy1/jdk.proxy1.$Proxy4.processTestDefinition(Unknown Source)
  at org.gradle.api.internal.tasks.testing.worker.TestWorker$2.run(TestWorker.java:178)
  at org.gradle.api.internal.tasks.testing.worker.TestWorker.executeAndMaintainThreadName(TestWorker.java:126)
  at org.gradle.api.internal.tasks.testing.worker.TestWorker.execute(TestWorker.java:103)
  at org.gradle.api.internal.tasks.testing.worker.TestWorker.execute(TestWorker.java:63)
  at org.gradle.process.internal.worker.child.ActionExecutionWorker.execute(ActionExecutionWorker.java:56)
  at org.gradle.process.internal.worker.child.SystemApplicationClassLoaderWorker.call(SystemApplicationClassLoaderWorker.java:122)
  at org.gradle.process.internal.worker.child.SystemApplicationClassLoaderWorker.call(SystemApplicationClassLoaderWorker.java:72)
  at worker.org.gradle.process.internal.worker.GradleWorkerMain.run(GradleWorkerMain.java:69)
  at worker.org.gradle.process.internal.worker.GradleWorkerMain.main(GradleWorkerMain.java:74)
</stacktrace>
</test-failure>


TypeScriptCompilerTests_J[jvm] > jsdocTypeNongenericInstantiationAttempt_ts has expected errors matching jsdocTypeNongenericInstantiationAttempt_errors_txt[jvm] FAILED

<test-failure test="com.xemantic.typescript.compiler.TypeScriptCompilerTests_J.jsExtendsImplicitAny_ts has expected errors matching jsExtendsImplicitAny_errors_txt" platform="jvm">
<message>
--- expected
+++ actual
@@ -1,6 +1,6 @@
 /b.js(1,17): error TS8026: Expected A<T> type arguments; provide these with an '@extends' tag.
-/b.js(4,15): error TS2314: Generic type 'A<T>' requires 1 type argument(s).
-/b.js(8,15): error TS2314: Generic type 'A<T>' requires 1 type argument(s).
+/b.js(5,17): error TS8026: Expected A<T> type arguments; provide these with an '@extends' tag.
+/b.js(9,17): error TS8026: Expected A<T> type arguments; provide these with an '@extends' tag.
 
 
 ==== /a.d.ts (0 errors) ====
@@ -13,13 +13,13 @@
     new B().x;
     
     /** @augments A */
-                  ~
-!!! error TS2314: Generic type 'A<T>' requires 1 type argument(s).
     class C extends A { }
+                    ~
+!!! error TS8026: Expected A<T> type arguments; provide these with an '@extends' tag.
     new C().x;
     
     /** @augments A<number, number, number> */
-                  ~~~~~~~~~~~~~~~~~~~~~~~~~
-!!! error TS2314: Generic type 'A<T>' requires 1 type argument(s).
     class D extends A {}
+                    ~
+!!! error TS8026: Expected A<T> type arguments; provide these with an '@extends' tag.
     new D().x;

</message>
<stacktrace>
  at org.junit.Assert.fail(Assert.java:89)
  at kotlin.test.junit.JUnitAsserter.fail(JUnitSupport.kt:56)
  at kotlin.test.AssertionsKt__AssertionsKt.fail(Assertions.kt:563)
  at kotlin.test.AssertionsKt.fail(Unknown Source)
  at com.xemantic.kotlin.test.SameAsKt.sameAs(SameAs.kt:52)
  at com.xemantic.typescript.compiler.TypeScriptTestSupportKt.errorsMatchBaseline(TypeScriptTestSupport.kt:135)
  at com.xemantic.typescript.compiler.TypeScriptCompilerTests_J.jsExtendsImplicitAny_ts has expected errors matching jsExtendsImplicitAny_errors_txt(TypeScriptCompilerTests_J.kt:154)
  at java.base/jdk.internal.reflect.DirectMethodHandleAccessor.invoke(DirectMethodHandleAccessor.java:104)
  at java.base/java.lang.reflect.Method.invoke(Method.java:565)
  at org.junit.runners.model.FrameworkMethod$1.runReflectiveCall(FrameworkMethod.java:59)
  at org.junit.internal.runners.model.ReflectiveCallable.run(ReflectiveCallable.java:12)
  at org.junit.runners.model.FrameworkMethod.invokeExplosively(FrameworkMethod.java:56)
  at org.junit.internal.runners.statements.InvokeMethod.evaluate(InvokeMethod.java:17)
  at org.junit.runners.ParentRunner$3.evaluate(ParentRunner.java:306)
  at org.junit.runners.BlockJUnit4ClassRunner$1.evaluate(BlockJUnit4ClassRunner.java:100)
  at org.junit.runners.ParentRunner.runLeaf(ParentRunner.java:366)
  at org.junit.runners.BlockJUnit4ClassRunner.runChild(BlockJUnit4ClassRunner.java:103)
  at org.junit.runners.BlockJUnit4ClassRunner.runChild(BlockJUnit4ClassRunner.java:63)
  at org.junit.runners.ParentRunner$4.run(ParentRunner.java:331)
  at org.junit.runners.ParentRunner$1.schedule(ParentRunner.java:79)
  at org.junit.runners.ParentRunner.runChildren(ParentRunner.java:329)
  at org.junit.runners.ParentRunner.access$100(ParentRunner.java:66)
  at org.junit.runners.ParentRunner$2.evaluate(ParentRunner.java:293)
  at org.junit.runners.ParentRunner$3.evaluate(ParentRunner.java:306)
  at org.junit.runners.ParentRunner.run(ParentRunner.java:413)
  at org.junit.runner.JUnitCore.run(JUnitCore.java:137)
  at org.junit.runner.JUnitCore.run(JUnitCore.java:115)
  at org.gradle.api.internal.tasks.testing.junit.JUnitTestExecutor.runRequest(JUnitTestExecutor.java:175)
  at org.gradle.api.internal.tasks.testing.junit.JUnitTestExecutor.accept(JUnitTestExecutor.java:84)
  at org.gradle.api.internal.tasks.testing.junit.JUnitTestExecutor.accept(JUnitTestExecutor.java:47)
  at org.gradle.api.internal.tasks.testing.junit.AbstractJUnitTestDefinitionProcessor.processTestDefinition(AbstractJUnitTestDefinitionProcessor.java:65)
  at org.gradle.api.internal.tasks.testing.SuiteTestDefinitionProcessor.processTestDefinition(SuiteTestDefinitionProcessor.java:54)
  at java.base/jdk.internal.reflect.DirectMethodHandleAccessor.invoke(DirectMethodHandleAccessor.java:104)
  at java.base/java.lang.reflect.Method.invoke(Method.java:565)
  at org.gradle.internal.dispatch.MethodInvocation.invokeOn(MethodInvocation.java:77)
  at org.gradle.internal.dispatch.ReflectionDispatch.dispatch(ReflectionDispatch.java:28)
  at org.gradle.internal.dispatch.ReflectionDispatch.dispatch(ReflectionDispatch.java:19)
  at org.gradle.internal.dispatch.ContextClassLoaderDispatch.dispatch(ContextClassLoaderDispatch.java:33)
  at org.gradle.internal.dispatch.ProxyDispatchAdapter$DispatchingInvocationHandler.invoke(ProxyDispatchAdapter.java:88)
  at jdk.proxy1/jdk.proxy1.$Proxy4.processTestDefinition(Unknown Source)
  at org.gradle.api.internal.tasks.testing.worker.TestWorker$2.run(TestWorker.java:178)
  at org.gradle.api.internal.tasks.testing.worker.TestWorker.executeAndMaintainThreadName(TestWorker.java:126)
  at org.gradle.api.internal.tasks.testing.worker.TestWorker.execute(TestWorker.java:103)
  at org.gradle.api.internal.tasks.testing.worker.TestWorker.execute(TestWorker.java:63)
  at org.gradle.process.internal.worker.child.ActionExecutionWorker.execute(ActionExecutionWorker.java:56)
  at org.gradle.process.internal.worker.child.SystemApplicationClassLoaderWorker.call(SystemApplicationClassLoaderWorker.java:122)
  at org.gradle.process.internal.worker.child.SystemApplicationClassLoaderWorker.call(SystemApplicationClassLoaderWorker.java:72)
  at worker.org.gradle.process.internal.worker.GradleWorkerMain.run(GradleWorkerMain.java:69)
  at worker.org.gradle.process.internal.worker.GradleWorkerMain.main(GradleWorkerMain.java:74)
</stacktrace>
</test-failure>


TypeScriptCompilerTests_J[jvm] > jsExtendsImplicitAny_ts has expected errors matching jsExtendsImplicitAny_errors_txt[jvm] FAILED

<test-failure test="com.xemantic.typescript.compiler.TypeScriptCompilerTests_J.jsdocParamTagInvalid_ts has expected errors matching jsdocParamTagInvalid_errors_txt" platform="jvm">
<message>
Expected diagnostics from baseline typescript-repo/tests/baselines/reference/jsdocParamTagInvalid.errors.txt but none produced
</message>
<stacktrace>
  at com.xemantic.typescript.compiler.TypeScriptTestSupportKt.errorsMatchBaseline(TypeScriptTestSupport.kt:125)
  at com.xemantic.typescript.compiler.TypeScriptCompilerTests_J.jsdocParamTagInvalid_ts has expected errors matching jsdocParamTagInvalid_errors_txt(TypeScriptCompilerTests_J.kt:1015)
  at java.base/jdk.internal.reflect.DirectMethodHandleAccessor.invoke(DirectMethodHandleAccessor.java:104)
  at java.base/java.lang.reflect.Method.invoke(Method.java:565)
  at org.junit.runners.model.FrameworkMethod$1.runReflectiveCall(FrameworkMethod.java:59)
  at org.junit.internal.runners.model.ReflectiveCallable.run(ReflectiveCallable.java:12)
  at org.junit.runners.model.FrameworkMethod.invokeExplosively(FrameworkMethod.java:56)
  at org.junit.internal.runners.statements.InvokeMethod.evaluate(InvokeMethod.java:17)
  at org.junit.runners.ParentRunner$3.evaluate(ParentRunner.java:306)
  at org.junit.runners.BlockJUnit4ClassRunner$1.evaluate(BlockJUnit4ClassRunner.java:100)
  at org.junit.runners.ParentRunner.runLeaf(ParentRunner.java:366)
  at org.junit.runners.BlockJUnit4ClassRunner.runChild(BlockJUnit4ClassRunner.java:103)
  at org.junit.runners.BlockJUnit4ClassRunner.runChild(BlockJUnit4ClassRunner.java:63)
  at org.junit.runners.ParentRunner$4.run(ParentRunner.java:331)
  at org.junit.runners.ParentRunner$1.schedule(ParentRunner.java:79)
  at org.junit.runners.ParentRunner.runChildren(ParentRunner.java:329)
  at org.junit.runners.ParentRunner.access$100(ParentRunner.java:66)
  at org.junit.runners.ParentRunner$2.evaluate(ParentRunner.java:293)
  at org.junit.runners.ParentRunner$3.evaluate(ParentRunner.java:306)
  at org.junit.runners.ParentRunner.run(ParentRunner.java:413)
  at org.junit.runner.JUnitCore.run(JUnitCore.java:137)
  at org.junit.runner.JUnitCore.run(JUnitCore.java:115)
  at org.gradle.api.internal.tasks.testing.junit.JUnitTestExecutor.runRequest(JUnitTestExecutor.java:175)
  at org.gradle.api.internal.tasks.testing.junit.JUnitTestExecutor.accept(JUnitTestExecutor.java:84)
  at org.gradle.api.internal.tasks.testing.junit.JUnitTestExecutor.accept(JUnitTestExecutor.java:47)
  at org.gradle.api.internal.tasks.testing.junit.AbstractJUnitTestDefinitionProcessor.processTestDefinition(AbstractJUnitTestDefinitionProcessor.java:65)
  at org.gradle.api.internal.tasks.testing.SuiteTestDefinitionProcessor.processTestDefinition(SuiteTestDefinitionProcessor.java:54)
  at java.base/jdk.internal.reflect.DirectMethodHandleAccessor.invoke(DirectMethodHandleAccessor.java:104)
  at java.base/java.lang.reflect.Method.invoke(Method.java:565)
  at org.gradle.internal.dispatch.MethodInvocation.invokeOn(MethodInvocation.java:77)
  at org.gradle.internal.dispatch.ReflectionDispatch.dispatch(ReflectionDispatch.java:28)
  at org.gradle.internal.dispatch.ReflectionDispatch.dispatch(ReflectionDispatch.java:19)
  at org.gradle.internal.dispatch.ContextClassLoaderDispatch.dispatch(ContextClassLoaderDispatch.java:33)
  at org.gradle.internal.dispatch.ProxyDispatchAdapter$DispatchingInvocationHandler.invoke(ProxyDispatchAdapter.java:88)
  at jdk.proxy1/jdk.proxy1.$Proxy4.processTestDefinition(Unknown Source)
  at org.gradle.api.internal.tasks.testing.worker.TestWorker$2.run(TestWorker.java:178)
  at org.gradle.api.internal.tasks.testing.worker.TestWorker.executeAndMaintainThreadName(TestWorker.java:126)
  at org.gradle.api.internal.tasks.testing.worker.TestWorker.execute(TestWorker.java:103)
  at org.gradle.api.internal.tasks.testing.worker.TestWorker.execute(TestWorker.java:63)
  at org.gradle.process.internal.worker.child.ActionExecutionWorker.execute(ActionExecutionWorker.java:56)
  at org.gradle.process.internal.worker.child.SystemApplicationClassLoaderWorker.call(SystemApplicationClassLoaderWorker.java:122)
  at org.gradle.process.internal.worker.child.SystemApplicationClassLoaderWorker.call(SystemApplicationClassLoaderWorker.java:72)
  at worker.org.gradle.process.internal.worker.GradleWorkerMain.run(GradleWorkerMain.java:69)
  at worker.org.gradle.process.internal.worker.GradleWorkerMain.main(GradleWorkerMain.java:74)
</stacktrace>
</test-failure>


TypeScriptCompilerTests_J[jvm] > jsdocParamTagInvalid_ts has expected errors matching jsdocParamTagInvalid_errors_txt[jvm] FAILED

<test-failure test="com.xemantic.typescript.compiler.TypeScriptCompilerTests_J.jsFileCompilationTypeArgumentSyntaxOfCall_ts has expected errors matching jsFileCompilationTypeArgumentSyntaxOfCall_errors_txt" platform="jvm">
<message>
--- expected
+++ actual
@@ -1,40 +1,18 @@
-a.jsx(1,13): error TS1109: Expression expected.
-a.jsx(4,1): error TS2657: JSX expressions must have one parent element.
-a.jsx(4,5): error TS1003: Identifier expected.
-a.jsx(4,13): error TS1382: Unexpected token. Did you mean `{'>'}` or `&gt;`?
-a.jsx(4,16): error TS17002: Expected corresponding JSX closing tag for 'number'.
-a.jsx(5,1): error TS2657: JSX expressions must have one parent element.
-a.jsx(5,5): error TS1003: Identifier expected.
-a.jsx(5,6): error TS17008: JSX element 'number' has no corresponding closing tag.
-a.jsx(5,14): error TS1382: Unexpected token. Did you mean `{'>'}` or `&gt;`?
-a.jsx(6,1): error TS1005: '</' expected.
+error TS5055: Cannot write file 'a.jsx' because it would overwrite input file.
+  Adding a tsconfig.json file will help organize projects that contain both TypeScript and JavaScript files. Learn more at https://aka.ms/tsconfig.
+a.jsx(4,16): error TS1005: '>' expected.
+a.jsx(4,20): error TS1109: Expression expected.
 
 
-==== a.jsx (10 errors) ====
+!!! error TS5055: Cannot write file 'a.jsx' because it would overwrite input file.
+!!! error TS5055:   Adding a tsconfig.json file will help organize projects that contain both TypeScript and JavaScript files. Learn more at https://aka.ms/tsconfig.
+==== a.jsx (2 errors) ====
     Foo<number>();
-                ~
-!!! error TS1109: Expression expected.
     Foo<number>(1);
     Foo<number>``;
     <Foo<number>></Foo>;
-    ~~~~~~~~~~~~~~~~~~~
-!!! error TS2657: JSX expressions must have one parent element.
-        ~
-!!! error TS1003: Identifier expected.
-                ~
-!!! error TS1382: Unexpected token. Did you mean `{'>'}` or `&gt;`?
                    ~~~
-!!! error TS17002: Expected corresponding JSX closing tag for 'number'.
+!!! error TS1005: '>' expected.
+                       ~
+!!! error TS1109: Expression expected.
     <Foo<number>/>;
-    ~~~~~~~~~~~~~~~
-        ~
-!!! error TS1003: Identifier expected.
-         ~~~~~~
-!!! error TS17008: JSX element 'number' has no corresponding closing tag.
-                 ~
-!!! error TS1382: Unexpected token. Did you mean `{'>'}` or `&gt;`?
-    
-    
-!!! error TS2657: JSX expressions must have one parent element.
-    
-!!! error TS1005: '</' expected.

</message>
<stacktrace>
  at org.junit.Assert.fail(Assert.java:89)
  at kotlin.test.junit.JUnitAsserter.fail(JUnitSupport.kt:56)
  at kotlin.test.AssertionsKt__AssertionsKt.fail(Assertions.kt:563)
  at kotlin.test.AssertionsKt.fail(Unknown Source)
  at com.xemantic.kotlin.test.SameAsKt.sameAs(SameAs.kt:52)
  at com.xemantic.typescript.compiler.TypeScriptTestSupportKt.errorsMatchBaseline(TypeScriptTestSupport.kt:135)
  at com.xemantic.typescript.compiler.TypeScriptCompilerTests_J.jsFileCompilationTypeArgumentSyntaxOfCall_ts has expected errors matching jsFileCompilationTypeArgumentSyntaxOfCall_errors_txt(TypeScriptCompilerTests_J.kt:651)
  at java.base/jdk.internal.reflect.DirectMethodHandleAccessor.invoke(DirectMethodHandleAccessor.java:104)
  at java.base/java.lang.reflect.Method.invoke(Method.java:565)
  at org.junit.runners.model.FrameworkMethod$1.runReflectiveCall(FrameworkMethod.java:59)
  at org.junit.internal.runners.model.ReflectiveCallable.run(ReflectiveCallable.java:12)
  at org.junit.runners.model.FrameworkMethod.invokeExplosively(FrameworkMethod.java:56)
  at org.junit.internal.runners.statements.InvokeMethod.evaluate(InvokeMethod.java:17)
  at org.junit.runners.ParentRunner$3.evaluate(ParentRunner.java:306)
  at org.junit.runners.BlockJUnit4ClassRunner$1.evaluate(BlockJUnit4ClassRunner.java:100)
  at org.junit.runners.ParentRunner.runLeaf(ParentRunner.java:366)
  at org.junit.runners.BlockJUnit4ClassRunner.runChild(BlockJUnit4ClassRunner.java:103)
  at org.junit.runners.BlockJUnit4ClassRunner.runChild(BlockJUnit4ClassRunner.java:63)
  at org.junit.runners.ParentRunner$4.run(ParentRunner.java:331)
  at org.junit.runners.ParentRunner$1.schedule(ParentRunner.java:79)
  at org.junit.runners.ParentRunner.runChildren(ParentRunner.java:329)
  at org.junit.runners.ParentRunner.access$100(ParentRunner.java:66)
  at org.junit.runners.ParentRunner$2.evaluate(ParentRunner.java:293)
  at org.junit.runners.ParentRunner$3.evaluate(ParentRunner.java:306)
  at org.junit.runners.ParentRunner.run(ParentRunner.java:413)
  at org.junit.runner.JUnitCore.run(JUnitCore.java:137)
  at org.junit.runner.JUnitCore.run(JUnitCore.java:115)
  at org.gradle.api.internal.tasks.testing.junit.JUnitTestExecutor.runRequest(JUnitTestExecutor.java:175)
  at org.gradle.api.internal.tasks.testing.junit.JUnitTestExecutor.accept(JUnitTestExecutor.java:84)
  at org.gradle.api.internal.tasks.testing.junit.JUnitTestExecutor.accept(JUnitTestExecutor.java:47)
  at org.gradle.api.internal.tasks.testing.junit.AbstractJUnitTestDefinitionProcessor.processTestDefinition(AbstractJUnitTestDefinitionProcessor.java:65)
  at org.gradle.api.internal.tasks.testing.SuiteTestDefinitionProcessor.processTestDefinition(SuiteTestDefinitionProcessor.java:54)
  at java.base/jdk.internal.reflect.DirectMethodHandleAccessor.invoke(DirectMethodHandleAccessor.java:104)
  at java.base/java.lang.reflect.Method.invoke(Method.java:565)
  at org.gradle.internal.dispatch.MethodInvocation.invokeOn(MethodInvocation.java:77)
  at org.gradle.internal.dispatch.ReflectionDispatch.dispatch(ReflectionDispatch.java:28)
  at org.gradle.internal.dispatch.ReflectionDispatch.dispatch(ReflectionDispatch.java:19)
  at org.gradle.internal.dispatch.ContextClassLoaderDispatch.dispatch(ContextClassLoaderDispatch.java:33)
  at org.gradle.internal.dispatch.ProxyDispatchAdapter$DispatchingInvocationHandler.invoke(ProxyDispatchAdapter.java:88)
  at jdk.proxy1/jdk.proxy1.$Proxy4.processTestDefinition(Unknown Source)
  at org.gradle.api.internal.tasks.testing.worker.TestWorker$2.run(TestWorker.java:178)
  at org.gradle.api.internal.tasks.testing.worker.TestWorker.executeAndMaintainThreadName(TestWorker.java:126)
  at org.gradle.api.internal.tasks.testing.worker.TestWorker.execute(TestWorker.java:103)
  at org.gradle.api.internal.tasks.testing.worker.TestWorker.execute(TestWorker.java:63)
  at org.gradle.process.internal.worker.child.ActionExecutionWorker.execute(ActionExecutionWorker.java:56)
  at org.gradle.process.internal.worker.child.SystemApplicationClassLoaderWorker.call(SystemApplicationClassLoaderWorker.java:122)
  at org.gradle.process.internal.worker.child.SystemApplicationClassLoaderWorker.call(SystemApplicationClassLoaderWorker.java:72)
  at worker.org.gradle.process.internal.worker.GradleWorkerMain.run(GradleWorkerMain.java:69)
  at worker.org.gradle.process.internal.worker.GradleWorkerMain.main(GradleWorkerMain.java:74)
</stacktrace>
</test-failure>


TypeScriptCompilerTests_J[jvm] > jsFileCompilationTypeArgumentSyntaxOfCall_ts has expected errors matching jsFileCompilationTypeArgumentSyntaxOfCall_errors_txt[jvm] FAILED

<test-failure test="com.xemantic.typescript.compiler.TypeScriptCompilerTests_J.jsExportMemberMergedWithModuleAugmentation2_ts has expected errors matching jsExportMemberMergedWithModuleAugmentation2_errors_txt" platform="jvm">
<message>
Expected diagnostics from baseline typescript-repo/tests/baselines/reference/jsExportMemberMergedWithModuleAugmentation2.errors.txt but none produced
</message>
<stacktrace>
  at com.xemantic.typescript.compiler.TypeScriptTestSupportKt.errorsMatchBaseline(TypeScriptTestSupport.kt:125)
  at com.xemantic.typescript.compiler.TypeScriptCompilerTests_J.jsExportMemberMergedWithModuleAugmentation2_ts has expected errors matching jsExportMemberMergedWithModuleAugmentation2_errors_txt(TypeScriptCompilerTests_J.kt:147)
  at java.base/jdk.internal.reflect.DirectMethodHandleAccessor.invoke(DirectMethodHandleAccessor.java:104)
  at java.base/java.lang.reflect.Method.invoke(Method.java:565)
  at org.junit.runners.model.FrameworkMethod$1.runReflectiveCall(FrameworkMethod.java:59)
  at org.junit.internal.runners.model.ReflectiveCallable.run(ReflectiveCallable.java:12)
  at org.junit.runners.model.FrameworkMethod.invokeExplosively(FrameworkMethod.java:56)
  at org.junit.internal.runners.statements.InvokeMethod.evaluate(InvokeMethod.java:17)
  at org.junit.runners.ParentRunner$3.evaluate(ParentRunner.java:306)
  at org.junit.runners.BlockJUnit4ClassRunner$1.evaluate(BlockJUnit4ClassRunner.java:100)
  at org.junit.runners.ParentRunner.runLeaf(ParentRunner.java:366)
  at org.junit.runners.BlockJUnit4ClassRunner.runChild(BlockJUnit4ClassRunner.java:103)
  at org.junit.runners.BlockJUnit4ClassRunner.runChild(BlockJUnit4ClassRunner.java:63)
  at org.junit.runners.ParentRunner$4.run(ParentRunner.java:331)
  at org.junit.runners.ParentRunner$1.schedule(ParentRunner.java:79)
  at org.junit.runners.ParentRunner.runChildren(ParentRunner.java:329)
  at org.junit.runners.ParentRunner.access$100(ParentRunner.java:66)
  at org.junit.runners.ParentRunner$2.evaluate(ParentRunner.java:293)
  at org.junit.runners.ParentRunner$3.evaluate(ParentRunner.java:306)
  at org.junit.runners.ParentRunner.run(ParentRunner.java:413)
  at org.junit.runner.JUnitCore.run(JUnitCore.java:137)
  at org.junit.runner.JUnitCore.run(JUnitCore.java:115)
  at org.gradle.api.internal.tasks.testing.junit.JUnitTestExecutor.runRequest(JUnitTestExecutor.java:175)
  at org.gradle.api.internal.tasks.testing.junit.JUnitTestExecutor.accept(JUnitTestExecutor.java:84)
  at org.gradle.api.internal.tasks.testing.junit.JUnitTestExecutor.accept(JUnitTestExecutor.java:47)
  at org.gradle.api.internal.tasks.testing.junit.AbstractJUnitTestDefinitionProcessor.processTestDefinition(AbstractJUnitTestDefinitionProcessor.java:65)
  at org.gradle.api.internal.tasks.testing.SuiteTestDefinitionProcessor.processTestDefinition(SuiteTestDefinitionProcessor.java:54)
  at java.base/jdk.internal.reflect.DirectMethodHandleAccessor.invoke(DirectMethodHandleAccessor.java:104)
  at java.base/java.lang.reflect.Method.invoke(Method.java:565)
  at org.gradle.internal.dispatch.MethodInvocation.invokeOn(MethodInvocation.java:77)
  at org.gradle.internal.dispatch.ReflectionDispatch.dispatch(ReflectionDispatch.java:28)
  at org.gradle.internal.dispatch.ReflectionDispatch.dispatch(ReflectionDispatch.java:19)
  at org.gradle.internal.dispatch.ContextClassLoaderDispatch.dispatch(ContextClassLoaderDispatch.java:33)
  at org.gradle.internal.dispatch.ProxyDispatchAdapter$DispatchingInvocationHandler.invoke(ProxyDispatchAdapter.java:88)
  at jdk.proxy1/jdk.proxy1.$Proxy4.processTestDefinition(Unknown Source)
  at org.gradle.api.internal.tasks.testing.worker.TestWorker$2.run(TestWorker.java:178)
  at org.gradle.api.internal.tasks.testing.worker.TestWorker.executeAndMaintainThreadName(TestWorker.java:126)
  at org.gradle.api.internal.tasks.testing.worker.TestWorker.execute(TestWorker.java:103)
  at org.gradle.api.internal.tasks.testing.worker.TestWorker.execute(TestWorker.java:63)
  at org.gradle.process.internal.worker.child.ActionExecutionWorker.execute(ActionExecutionWorker.java:56)
  at org.gradle.process.internal.worker.child.SystemApplicationClassLoaderWorker.call(SystemApplicationClassLoaderWorker.java:122)
  at org.gradle.process.internal.worker.child.SystemApplicationClassLoaderWorker.call(SystemApplicationClassLoaderWorker.java:72)
  at worker.org.gradle.process.internal.worker.GradleWorkerMain.run(GradleWorkerMain.java:69)
  at worker.org.gradle.process.internal.worker.GradleWorkerMain.main(GradleWorkerMain.java:74)
</stacktrace>
</test-failure>


TypeScriptCompilerTests_J[jvm] > jsExportMemberMergedWithModuleAugmentation2_ts has expected errors matching jsExportMemberMergedWithModuleAugmentation2_errors_txt[jvm] FAILED

<test-failure test="com.xemantic.typescript.compiler.TypeScriptCompilerTests_J.jsCheckObjectDefineThisNoCrash_ts has expected errors matching jsCheckObjectDefineThisNoCrash_errors_txt" platform="jvm">
<message>
Expected diagnostics from baseline typescript-repo/tests/baselines/reference/jsCheckObjectDefineThisNoCrash.errors.txt but none produced
</message>
<stacktrace>
  at com.xemantic.typescript.compiler.TypeScriptTestSupportKt.errorsMatchBaseline(TypeScriptTestSupport.kt:125)
  at com.xemantic.typescript.compiler.TypeScriptCompilerTests_J.jsCheckObjectDefineThisNoCrash_ts has expected errors matching jsCheckObjectDefineThisNoCrash_errors_txt(TypeScriptCompilerTests_J.kt:35)
  at java.base/jdk.internal.reflect.DirectMethodHandleAccessor.invoke(DirectMethodHandleAccessor.java:104)
  at java.base/java.lang.reflect.Method.invoke(Method.java:565)
  at org.junit.runners.model.FrameworkMethod$1.runReflectiveCall(FrameworkMethod.java:59)
  at org.junit.internal.runners.model.ReflectiveCallable.run(ReflectiveCallable.java:12)
  at org.junit.runners.model.FrameworkMethod.invokeExplosively(FrameworkMethod.java:56)
  at org.junit.internal.runners.statements.InvokeMethod.evaluate(InvokeMethod.java:17)
  at org.junit.runners.ParentRunner$3.evaluate(ParentRunner.java:306)
  at org.junit.runners.BlockJUnit4ClassRunner$1.evaluate(BlockJUnit4ClassRunner.java:100)
  at org.junit.runners.ParentRunner.runLeaf(ParentRunner.java:366)
  at org.junit.runners.BlockJUnit4ClassRunner.runChild(BlockJUnit4ClassRunner.java:103)
  at org.junit.runners.BlockJUnit4ClassRunner.runChild(BlockJUnit4ClassRunner.java:63)
  at org.junit.runners.ParentRunner$4.run(ParentRunner.java:331)
  at org.junit.runners.ParentRunner$1.schedule(ParentRunner.java:79)
  at org.junit.runners.ParentRunner.runChildren(ParentRunner.java:329)
  at org.junit.runners.ParentRunner.access$100(ParentRunner.java:66)
  at org.junit.runners.ParentRunner$2.evaluate(ParentRunner.java:293)
  at org.junit.runners.ParentRunner$3.evaluate(ParentRunner.java:306)
  at org.junit.runners.ParentRunner.run(ParentRunner.java:413)
  at org.junit.runner.JUnitCore.run(JUnitCore.java:137)
  at org.junit.runner.JUnitCore.run(JUnitCore.java:115)
  at org.gradle.api.internal.tasks.testing.junit.JUnitTestExecutor.runRequest(JUnitTestExecutor.java:175)
  at org.gradle.api.internal.tasks.testing.junit.JUnitTestExecutor.accept(JUnitTestExecutor.java:84)
  at org.gradle.api.internal.tasks.testing.junit.JUnitTestExecutor.accept(JUnitTestExecutor.java:47)
  at org.gradle.api.internal.tasks.testing.junit.AbstractJUnitTestDefinitionProcessor.processTestDefinition(AbstractJUnitTestDefinitionProcessor.java:65)
  at org.gradle.api.internal.tasks.testing.SuiteTestDefinitionProcessor.processTestDefinition(SuiteTestDefinitionProcessor.java:54)
  at java.base/jdk.internal.reflect.DirectMethodHandleAccessor.invoke(DirectMethodHandleAccessor.java:104)
  at java.base/java.lang.reflect.Method.invoke(Method.java:565)
  at org.gradle.internal.dispatch.MethodInvocation.invokeOn(MethodInvocation.java:77)
  at org.gradle.internal.dispatch.ReflectionDispatch.dispatch(ReflectionDispatch.java:28)
  at org.gradle.internal.dispatch.ReflectionDispatch.dispatch(ReflectionDispatch.java:19)
  at org.gradle.internal.dispatch.ContextClassLoaderDispatch.dispatch(ContextClassLoaderDispatch.java:33)
  at org.gradle.internal.dispatch.ProxyDispatchAdapter$DispatchingInvocationHandler.invoke(ProxyDispatchAdapter.java:88)
  at jdk.proxy1/jdk.proxy1.$Proxy4.processTestDefinition(Unknown Source)
  at org.gradle.api.internal.tasks.testing.worker.TestWorker$2.run(TestWorker.java:178)
  at org.gradle.api.internal.tasks.testing.worker.TestWorker.executeAndMaintainThreadName(TestWorker.java:126)
  at org.gradle.api.internal.tasks.testing.worker.TestWorker.execute(TestWorker.java:103)
  at org.gradle.api.internal.tasks.testing.worker.TestWorker.execute(TestWorker.java:63)
  at org.gradle.process.internal.worker.child.ActionExecutionWorker.execute(ActionExecutionWorker.java:56)
  at org.gradle.process.internal.worker.child.SystemApplicationClassLoaderWorker.call(SystemApplicationClassLoaderWorker.java:122)
  at org.gradle.process.internal.worker.child.SystemApplicationClassLoaderWorker.call(SystemApplicationClassLoaderWorker.java:72)
  at worker.org.gradle.process.internal.worker.GradleWorkerMain.run(GradleWorkerMain.java:69)
  at worker.org.gradle.process.internal.worker.GradleWorkerMain.main(GradleWorkerMain.java:74)
</stacktrace>
</test-failure>


TypeScriptCompilerTests_J[jvm] > jsCheckObjectDefineThisNoCrash_ts has expected errors matching jsCheckObjectDefineThisNoCrash_errors_txt[jvm] FAILED

<test-failure test="com.xemantic.typescript.compiler.TypeScriptCompilerTests_J.jsFileCompilationWithMapFileAsJsWithInlineSourceMap_ts has expected errors matching jsFileCompilationWithMapFileAsJsWithInlineSourceMap_errors_txt" platform="jvm">
<message>
--- expected
+++ actual
@@ -1,15 +1,9 @@
 error TS5055: Cannot write file 'b.js' because it would overwrite input file.
   Adding a tsconfig.json file will help organize projects that contain both TypeScript and JavaScript files. Learn more at https://aka.ms/tsconfig.
-error TS6054: File 'b.js.map' has an unsupported extension. The only supported extensions are '.ts', '.tsx', '.d.ts', '.js', '.jsx', '.cts', '.d.cts', '.cjs', '.mts', '.d.mts', '.mjs'.
-  The file is in the program because:
-    Root file specified for compilation
 
 
 !!! error TS5055: Cannot write file 'b.js' because it would overwrite input file.
 !!! error TS5055:   Adding a tsconfig.json file will help organize projects that contain both TypeScript and JavaScript files. Learn more at https://aka.ms/tsconfig.
-!!! error TS6054: File 'b.js.map' has an unsupported extension. The only supported extensions are '.ts', '.tsx', '.d.ts', '.js', '.jsx', '.cts', '.d.cts', '.cjs', '.mts', '.d.mts', '.mjs'.
-!!! error TS6054:   The file is in the program because:
-!!! error TS6054:     Root file specified for compilation
 ==== a.ts (0 errors) ====
     class c {
     }

</message>
<stacktrace>
  at org.junit.Assert.fail(Assert.java:89)
  at kotlin.test.junit.JUnitAsserter.fail(JUnitSupport.kt:56)
  at kotlin.test.AssertionsKt__AssertionsKt.fail(Assertions.kt:563)
  at kotlin.test.AssertionsKt.fail(Unknown Source)
  at com.xemantic.kotlin.test.SameAsKt.sameAs(SameAs.kt:52)
  at com.xemantic.typescript.compiler.TypeScriptTestSupportKt.errorsMatchBaseline(TypeScriptTestSupport.kt:135)
  at com.xemantic.typescript.compiler.TypeScriptCompilerTests_J.jsFileCompilationWithMapFileAsJsWithInlineSourceMap_ts has expected errors matching jsFileCompilationWithMapFileAsJsWithInlineSourceMap_errors_txt(TypeScriptCompilerTests_J.kt:763)
  at java.base/jdk.internal.reflect.DirectMethodHandleAccessor.invoke(DirectMethodHandleAccessor.java:104)
  at java.base/java.lang.reflect.Method.invoke(Method.java:565)
  at org.junit.runners.model.FrameworkMethod$1.runReflectiveCall(FrameworkMethod.java:59)
  at org.junit.internal.runners.model.ReflectiveCallable.run(ReflectiveCallable.java:12)
  at org.junit.runners.model.FrameworkMethod.invokeExplosively(FrameworkMethod.java:56)
  at org.junit.internal.runners.statements.InvokeMethod.evaluate(InvokeMethod.java:17)
  at org.junit.runners.ParentRunner$3.evaluate(ParentRunner.java:306)
  at org.junit.runners.BlockJUnit4ClassRunner$1.evaluate(BlockJUnit4ClassRunner.java:100)
  at org.junit.runners.ParentRunner.runLeaf(ParentRunner.java:366)
  at org.junit.runners.BlockJUnit4ClassRunner.runChild(BlockJUnit4ClassRunner.java:103)
  at org.junit.runners.BlockJUnit4ClassRunner.runChild(BlockJUnit4ClassRunner.java:63)
  at org.junit.runners.ParentRunner$4.run(ParentRunner.java:331)
  at org.junit.runners.ParentRunner$1.schedule(ParentRunner.java:79)
  at org.junit.runners.ParentRunner.runChildren(ParentRunner.java:329)
  at org.junit.runners.ParentRunner.access$100(ParentRunner.java:66)
  at org.junit.runners.ParentRunner$2.evaluate(ParentRunner.java:293)
  at org.junit.runners.ParentRunner$3.evaluate(ParentRunner.java:306)
  at org.junit.runners.ParentRunner.run(ParentRunner.java:413)
  at org.junit.runner.JUnitCore.run(JUnitCore.java:137)
  at org.junit.runner.JUnitCore.run(JUnitCore.java:115)
  at org.gradle.api.internal.tasks.testing.junit.JUnitTestExecutor.runRequest(JUnitTestExecutor.java:175)
  at org.gradle.api.internal.tasks.testing.junit.JUnitTestExecutor.accept(JUnitTestExecutor.java:84)
  at org.gradle.api.internal.tasks.testing.junit.JUnitTestExecutor.accept(JUnitTestExecutor.java:47)
  at org.gradle.api.internal.tasks.testing.junit.AbstractJUnitTestDefinitionProcessor.processTestDefinition(AbstractJUnitTestDefinitionProcessor.java:65)
  at org.gradle.api.internal.tasks.testing.SuiteTestDefinitionProcessor.processTestDefinition(SuiteTestDefinitionProcessor.java:54)
  at java.base/jdk.internal.reflect.DirectMethodHandleAccessor.invoke(DirectMethodHandleAccessor.java:104)
  at java.base/java.lang.reflect.Method.invoke(Method.java:565)
  at org.gradle.internal.dispatch.MethodInvocation.invokeOn(MethodInvocation.java:77)
  at org.gradle.internal.dispatch.ReflectionDispatch.dispatch(ReflectionDispatch.java:28)
  at org.gradle.internal.dispatch.ReflectionDispatch.dispatch(ReflectionDispatch.java:19)
  at org.gradle.internal.dispatch.ContextClassLoaderDispatch.dispatch(ContextClassLoaderDispatch.java:33)
  at org.gradle.internal.dispatch.ProxyDispatchAdapter$DispatchingInvocationHandler.invoke(ProxyDispatchAdapter.java:88)
  at jdk.proxy1/jdk.proxy1.$Proxy4.processTestDefinition(Unknown Source)
  at org.gradle.api.internal.tasks.testing.worker.TestWorker$2.run(TestWorker.java:178)
  at org.gradle.api.internal.tasks.testing.worker.TestWorker.executeAndMaintainThreadName(TestWorker.java:126)
  at org.gradle.api.internal.tasks.testing.worker.TestWorker.execute(TestWorker.java:103)
  at org.gradle.api.internal.tasks.testing.worker.TestWorker.execute(TestWorker.java:63)
  at org.gradle.process.internal.worker.child.ActionExecutionWorker.execute(ActionExecutionWorker.java:56)
  at org.gradle.process.internal.worker.child.SystemApplicationClassLoaderWorker.call(SystemApplicationClassLoaderWorker.java:122)
  at org.gradle.process.internal.worker.child.SystemApplicationClassLoaderWorker.call(SystemApplicationClassLoaderWorker.java:72)
  at worker.org.gradle.process.internal.worker.GradleWorkerMain.run(GradleWorkerMain.java:69)
  at worker.org.gradle.process.internal.worker.GradleWorkerMain.main(GradleWorkerMain.java:74)
</stacktrace>
</test-failure>


TypeScriptCompilerTests_J[jvm] > jsFileCompilationWithMapFileAsJsWithInlineSourceMap_ts has expected errors matching jsFileCompilationWithMapFileAsJsWithInlineSourceMap_errors_txt[jvm] FAILED

<test-failure test="com.xemantic.typescript.compiler.TypeScriptCompilerTests_J.jsdocCallbackAndType_ts has expected errors matching jsdocCallbackAndType_errors_txt" platform="jvm">
<message>
Expected diagnostics from baseline typescript-repo/tests/baselines/reference/jsdocCallbackAndType.errors.txt but none produced
</message>
<stacktrace>
  at com.xemantic.typescript.compiler.TypeScriptTestSupportKt.errorsMatchBaseline(TypeScriptTestSupport.kt:125)
  at com.xemantic.typescript.compiler.TypeScriptCompilerTests_J.jsdocCallbackAndType_ts has expected errors matching jsdocCallbackAndType_errors_txt(TypeScriptCompilerTests_J.kt:952)
  at java.base/jdk.internal.reflect.DirectMethodHandleAccessor.invoke(DirectMethodHandleAccessor.java:104)
  at java.base/java.lang.reflect.Method.invoke(Method.java:565)
  at org.junit.runners.model.FrameworkMethod$1.runReflectiveCall(FrameworkMethod.java:59)
  at org.junit.internal.runners.model.ReflectiveCallable.run(ReflectiveCallable.java:12)
  at org.junit.runners.model.FrameworkMethod.invokeExplosively(FrameworkMethod.java:56)
  at org.junit.internal.runners.statements.InvokeMethod.evaluate(InvokeMethod.java:17)
  at org.junit.runners.ParentRunner$3.evaluate(ParentRunner.java:306)
  at org.junit.runners.BlockJUnit4ClassRunner$1.evaluate(BlockJUnit4ClassRunner.java:100)
  at org.junit.runners.ParentRunner.runLeaf(ParentRunner.java:366)
  at org.junit.runners.BlockJUnit4ClassRunner.runChild(BlockJUnit4ClassRunner.java:103)
  at org.junit.runners.BlockJUnit4ClassRunner.runChild(BlockJUnit4ClassRunner.java:63)
  at org.junit.runners.ParentRunner$4.run(ParentRunner.java:331)
  at org.junit.runners.ParentRunner$1.schedule(ParentRunner.java:79)
  at org.junit.runners.ParentRunner.runChildren(ParentRunner.java:329)
  at org.junit.runners.ParentRunner.access$100(ParentRunner.java:66)
  at org.junit.runners.ParentRunner$2.evaluate(ParentRunner.java:293)
  at org.junit.runners.ParentRunner$3.evaluate(ParentRunner.java:306)
  at org.junit.runners.ParentRunner.run(ParentRunner.java:413)
  at org.junit.runner.JUnitCore.run(JUnitCore.java:137)
  at org.junit.runner.JUnitCore.run(JUnitCore.java:115)
  at org.gradle.api.internal.tasks.testing.junit.JUnitTestExecutor.runRequest(JUnitTestExecutor.java:175)
  at org.gradle.api.internal.tasks.testing.junit.JUnitTestExecutor.accept(JUnitTestExecutor.java:84)
  at org.gradle.api.internal.tasks.testing.junit.JUnitTestExecutor.accept(JUnitTestExecutor.java:47)
  at org.gradle.api.internal.tasks.testing.junit.AbstractJUnitTestDefinitionProcessor.processTestDefinition(AbstractJUnitTestDefinitionProcessor.java:65)
  at org.gradle.api.internal.tasks.testing.SuiteTestDefinitionProcessor.processTestDefinition(SuiteTestDefinitionProcessor.java:54)
  at java.base/jdk.internal.reflect.DirectMethodHandleAccessor.invoke(DirectMethodHandleAccessor.java:104)
  at java.base/java.lang.reflect.Method.invoke(Method.java:565)
  at org.gradle.internal.dispatch.MethodInvocation.invokeOn(MethodInvocation.java:77)
  at org.gradle.internal.dispatch.ReflectionDispatch.dispatch(ReflectionDispatch.java:28)
  at org.gradle.internal.dispatch.ReflectionDispatch.dispatch(ReflectionDispatch.java:19)
  at org.gradle.internal.dispatch.ContextClassLoaderDispatch.dispatch(ContextClassLoaderDispatch.java:33)
  at org.gradle.internal.dispatch.ProxyDispatchAdapter$DispatchingInvocationHandler.invoke(ProxyDispatchAdapter.java:88)
  at jdk.proxy1/jdk.proxy1.$Proxy4.processTestDefinition(Unknown Source)
  at org.gradle.api.internal.tasks.testing.worker.TestWorker$2.run(TestWorker.java:178)
  at org.gradle.api.internal.tasks.testing.worker.TestWorker.executeAndMaintainThreadName(TestWorker.java:126)
  at org.gradle.api.internal.tasks.testing.worker.TestWorker.execute(TestWorker.java:103)
  at org.gradle.api.internal.tasks.testing.worker.TestWorker.execute(TestWorker.java:63)
  at org.gradle.process.internal.worker.child.ActionExecutionWorker.execute(ActionExecutionWorker.java:56)
  at org.gradle.process.internal.worker.child.SystemApplicationClassLoaderWorker.call(SystemApplicationClassLoaderWorker.java:122)
  at org.gradle.process.internal.worker.child.SystemApplicationClassLoaderWorker.call(SystemApplicationClassLoaderWorker.java:72)
  at worker.org.gradle.process.internal.worker.GradleWorkerMain.run(GradleWorkerMain.java:69)
  at worker.org.gradle.process.internal.worker.GradleWorkerMain.main(GradleWorkerMain.java:74)
</stacktrace>
</test-failure>


TypeScriptCompilerTests_J[jvm] > jsdocCallbackAndType_ts has expected errors matching jsdocCallbackAndType_errors_txt[jvm] FAILED

<test-failure test="com.xemantic.typescript.compiler.TypeScriptCompilerTests_J.jsFileCompilationErrorOnDeclarationsWithJsFileReferenceWithOutDir_ts compiles to JavaScript matching jsFileCompilationErrorOnDeclarationsWithJsFileReferenceWithOutDir_js" platform="jvm">
<message>
--- expected
+++ actual
@@ -17,12 +17,12 @@
 "use strict";
 class c {
 }
-//// [c.js]
-"use strict";
-function bar() {
-}
 //// [b.js]
 "use strict";
 /// <reference path="c.js"/>
 function foo() {
 }
+//// [c.js]
+"use strict";
+function bar() {
+}

</message>
<stacktrace>
  at org.junit.Assert.fail(Assert.java:89)
  at kotlin.test.junit.JUnitAsserter.fail(JUnitSupport.kt:56)
  at kotlin.test.AssertionsKt__AssertionsKt.fail(Assertions.kt:563)
  at kotlin.test.AssertionsKt.fail(Unknown Source)
  at com.xemantic.kotlin.test.SameAsKt.sameAs(SameAs.kt:52)
  at com.xemantic.typescript.compiler.TypeScriptTestSupportKt.sameAs(TypeScriptTestSupport.kt:99)
  at com.xemantic.typescript.compiler.TypeScriptCompilerTests_J.jsFileCompilationErrorOnDeclarationsWithJsFileReferenceWithOutDir_ts compiles to JavaScript matching jsFileCompilationErrorOnDeclarationsWithJsFileReferenceWithOutDir_js(TypeScriptCompilerTests_J.kt:413)
  at java.base/jdk.internal.reflect.DirectMethodHandleAccessor.invoke(DirectMethodHandleAccessor.java:104)
  at java.base/java.lang.reflect.Method.invoke(Method.java:565)
  at org.junit.runners.model.FrameworkMethod$1.runReflectiveCall(FrameworkMethod.java:59)
  at org.junit.internal.runners.model.ReflectiveCallable.run(ReflectiveCallable.java:12)
  at org.junit.runners.model.FrameworkMethod.invokeExplosively(FrameworkMethod.java:56)
  at org.junit.internal.runners.statements.InvokeMethod.evaluate(InvokeMethod.java:17)
  at org.junit.runners.ParentRunner$3.evaluate(ParentRunner.java:306)
  at org.junit.runners.BlockJUnit4ClassRunner$1.evaluate(BlockJUnit4ClassRunner.java:100)
  at org.junit.runners.ParentRunner.runLeaf(ParentRunner.java:366)
  at org.junit.runners.BlockJUnit4ClassRunner.runChild(BlockJUnit4ClassRunner.java:103)
  at org.junit.runners.BlockJUnit4ClassRunner.runChild(BlockJUnit4ClassRunner.java:63)
  at org.junit.runners.ParentRunner$4.run(ParentRunner.java:331)
  at org.junit.runners.ParentRunner$1.schedule(ParentRunner.java:79)
  at org.junit.runners.ParentRunner.runChildren(ParentRunner.java:329)
  at org.junit.runners.ParentRunner.access$100(ParentRunner.java:66)
  at org.junit.runners.ParentRunner$2.evaluate(ParentRunner.java:293)
  at org.junit.runners.ParentRunner$3.evaluate(ParentRunner.java:306)
  at org.junit.runners.ParentRunner.run(ParentRunner.java:413)
  at org.junit.runner.JUnitCore.run(JUnitCore.java:137)
  at org.junit.runner.JUnitCore.run(JUnitCore.java:115)
  at org.gradle.api.internal.tasks.testing.junit.JUnitTestExecutor.runRequest(JUnitTestExecutor.java:175)
  at org.gradle.api.internal.tasks.testing.junit.JUnitTestExecutor.accept(JUnitTestExecutor.java:84)
  at org.gradle.api.internal.tasks.testing.junit.JUnitTestExecutor.accept(JUnitTestExecutor.java:47)
  at org.gradle.api.internal.tasks.testing.junit.AbstractJUnitTestDefinitionProcessor.processTestDefinition(AbstractJUnitTestDefinitionProcessor.java:65)
  at org.gradle.api.internal.tasks.testing.SuiteTestDefinitionProcessor.processTestDefinition(SuiteTestDefinitionProcessor.java:54)
  at java.base/jdk.internal.reflect.DirectMethodHandleAccessor.invoke(DirectMethodHandleAccessor.java:104)
  at java.base/java.lang.reflect.Method.invoke(Method.java:565)
  at org.gradle.internal.dispatch.MethodInvocation.invokeOn(MethodInvocation.java:77)
  at org.gradle.internal.dispatch.ReflectionDispatch.dispatch(ReflectionDispatch.java:28)
  at org.gradle.internal.dispatch.ReflectionDispatch.dispatch(ReflectionDispatch.java:19)
  at org.gradle.internal.dispatch.ContextClassLoaderDispatch.dispatch(ContextClassLoaderDispatch.java:33)
  at org.gradle.internal.dispatch.ProxyDispatchAdapter$DispatchingInvocationHandler.invoke(ProxyDispatchAdapter.java:88)
  at jdk.proxy1/jdk.proxy1.$Proxy4.processTestDefinition(Unknown Source)
  at org.gradle.api.internal.tasks.testing.worker.TestWorker$2.run(TestWorker.java:178)
  at org.gradle.api.internal.tasks.testing.worker.TestWorker.executeAndMaintainThreadName(TestWorker.java:126)
  at org.gradle.api.internal.tasks.testing.worker.TestWorker.execute(TestWorker.java:103)
  at org.gradle.api.internal.tasks.testing.worker.TestWorker.execute(TestWorker.java:63)
  at org.gradle.process.internal.worker.child.ActionExecutionWorker.execute(ActionExecutionWorker.java:56)
  at org.gradle.process.internal.worker.child.SystemApplicationClassLoaderWorker.call(SystemApplicationClassLoaderWorker.java:122)
  at org.gradle.process.internal.worker.child.SystemApplicationClassLoaderWorker.call(SystemApplicationClassLoaderWorker.java:72)
  at worker.org.gradle.process.internal.worker.GradleWorkerMain.run(GradleWorkerMain.java:69)
  at worker.org.gradle.process.internal.worker.GradleWorkerMain.main(GradleWorkerMain.java:74)
</stacktrace>
</test-failure>


TypeScriptCompilerTests_J[jvm] > jsFileCompilationErrorOnDeclarationsWithJsFileReferenceWithOutDir_ts compiles to JavaScript matching jsFileCompilationErrorOnDeclarationsWithJsFileReferenceWithOutDir_js[jvm] FAILED

<test-failure test="com.xemantic.typescript.compiler.TypeScriptCompilerTests_J.jsxFactoryNotIdentifierOrQualifiedName2_ts has expected errors matching jsxFactoryNotIdentifierOrQualifiedName2_errors_txt" platform="jvm">
<message>
Expected diagnostics from baseline typescript-repo/tests/baselines/reference/jsxFactoryNotIdentifierOrQualifiedName2.errors.txt but none produced
</message>
<stacktrace>
  at com.xemantic.typescript.compiler.TypeScriptTestSupportKt.errorsMatchBaseline(TypeScriptTestSupport.kt:125)
  at com.xemantic.typescript.compiler.TypeScriptCompilerTests_J.jsxFactoryNotIdentifierOrQualifiedName2_ts has expected errors matching jsxFactoryNotIdentifierOrQualifiedName2_errors_txt(TypeScriptCompilerTests_J.kt:1218)
  at java.base/jdk.internal.reflect.DirectMethodHandleAccessor.invoke(DirectMethodHandleAccessor.java:104)
  at java.base/java.lang.reflect.Method.invoke(Method.java:565)
  at org.junit.runners.model.FrameworkMethod$1.runReflectiveCall(FrameworkMethod.java:59)
  at org.junit.internal.runners.model.ReflectiveCallable.run(ReflectiveCallable.java:12)
  at org.junit.runners.model.FrameworkMethod.invokeExplosively(FrameworkMethod.java:56)
  at org.junit.internal.runners.statements.InvokeMethod.evaluate(InvokeMethod.java:17)
  at org.junit.runners.ParentRunner$3.evaluate(ParentRunner.java:306)
  at org.junit.runners.BlockJUnit4ClassRunner$1.evaluate(BlockJUnit4ClassRunner.java:100)
  at org.junit.runners.ParentRunner.runLeaf(ParentRunner.java:366)
  at org.junit.runners.BlockJUnit4ClassRunner.runChild(BlockJUnit4ClassRunner.java:103)
  at org.junit.runners.BlockJUnit4ClassRunner.runChild(BlockJUnit4ClassRunner.java:63)
  at org.junit.runners.ParentRunner$4.run(ParentRunner.java:331)
  at org.junit.runners.ParentRunner$1.schedule(ParentRunner.java:79)
  at org.junit.runners.ParentRunner.runChildren(ParentRunner.java:329)
  at org.junit.runners.ParentRunner.access$100(ParentRunner.java:66)
  at org.junit.runners.ParentRunner$2.evaluate(ParentRunner.java:293)
  at org.junit.runners.ParentRunner$3.evaluate(ParentRunner.java:306)
  at org.junit.runners.ParentRunner.run(ParentRunner.java:413)
  at org.junit.runner.JUnitCore.run(JUnitCore.java:137)
  at org.junit.runner.JUnitCore.run(JUnitCore.java:115)
  at org.gradle.api.internal.tasks.testing.junit.JUnitTestExecutor.runRequest(JUnitTestExecutor.java:175)
  at org.gradle.api.internal.tasks.testing.junit.JUnitTestExecutor.accept(JUnitTestExecutor.java:84)
  at org.gradle.api.internal.tasks.testing.junit.JUnitTestExecutor.accept(JUnitTestExecutor.java:47)
  at org.gradle.api.internal.tasks.testing.junit.AbstractJUnitTestDefinitionProcessor.processTestDefinition(AbstractJUnitTestDefinitionProcessor.java:65)
  at org.gradle.api.internal.tasks.testing.SuiteTestDefinitionProcessor.processTestDefinition(SuiteTestDefinitionProcessor.java:54)
  at java.base/jdk.internal.reflect.DirectMethodHandleAccessor.invoke(DirectMethodHandleAccessor.java:104)
  at java.base/java.lang.reflect.Method.invoke(Method.java:565)
  at org.gradle.internal.dispatch.MethodInvocation.invokeOn(MethodInvocation.java:77)
  at org.gradle.internal.dispatch.ReflectionDispatch.dispatch(ReflectionDispatch.java:28)
  at org.gradle.internal.dispatch.ReflectionDispatch.dispatch(ReflectionDispatch.java:19)
  at org.gradle.internal.dispatch.ContextClassLoaderDispatch.dispatch(ContextClassLoaderDispatch.java:33)
  at org.gradle.internal.dispatch.ProxyDispatchAdapter$DispatchingInvocationHandler.invoke(ProxyDispatchAdapter.java:88)
  at jdk.proxy1/jdk.proxy1.$Proxy4.processTestDefinition(Unknown Source)
  at org.gradle.api.internal.tasks.testing.worker.TestWorker$2.run(TestWorker.java:178)
  at org.gradle.api.internal.tasks.testing.worker.TestWorker.executeAndMaintainThreadName(TestWorker.java:126)
  at org.gradle.api.internal.tasks.testing.worker.TestWorker.execute(TestWorker.java:103)
  at org.gradle.api.internal.tasks.testing.worker.TestWorker.execute(TestWorker.java:63)
  at org.gradle.process.internal.worker.child.ActionExecutionWorker.execute(ActionExecutionWorker.java:56)
  at org.gradle.process.internal.worker.child.SystemApplicationClassLoaderWorker.call(SystemApplicationClassLoaderWorker.java:122)
  at org.gradle.process.internal.worker.child.SystemApplicationClassLoaderWorker.call(SystemApplicationClassLoaderWorker.java:72)
  at worker.org.gradle.process.internal.worker.GradleWorkerMain.run(GradleWorkerMain.java:69)
  at worker.org.gradle.process.internal.worker.GradleWorkerMain.main(GradleWorkerMain.java:74)
</stacktrace>
</test-failure>


TypeScriptCompilerTests_J[jvm] > jsxFactoryNotIdentifierOrQualifiedName2_ts has expected errors matching jsxFactoryNotIdentifierOrQualifiedName2_errors_txt[jvm] FAILED

<test-failure test="com.xemantic.typescript.compiler.TypeScriptCompilerTests_J.jsdocParameterParsingInfiniteLoop_ts has expected errors matching jsdocParameterParsingInfiniteLoop_errors_txt" platform="jvm">
<message>
Expected diagnostics from baseline typescript-repo/tests/baselines/reference/jsdocParameterParsingInfiniteLoop.errors.txt but none produced
</message>
<stacktrace>
  at com.xemantic.typescript.compiler.TypeScriptTestSupportKt.errorsMatchBaseline(TypeScriptTestSupport.kt:125)
  at com.xemantic.typescript.compiler.TypeScriptCompilerTests_J.jsdocParameterParsingInfiniteLoop_ts has expected errors matching jsdocParameterParsingInfiniteLoop_errors_txt(TypeScriptCompilerTests_J.kt:1022)
  at java.base/jdk.internal.reflect.DirectMethodHandleAccessor.invoke(DirectMethodHandleAccessor.java:104)
  at java.base/java.lang.reflect.Method.invoke(Method.java:565)
  at org.junit.runners.model.FrameworkMethod$1.runReflectiveCall(FrameworkMethod.java:59)
  at org.junit.internal.runners.model.ReflectiveCallable.run(ReflectiveCallable.java:12)
  at org.junit.runners.model.FrameworkMethod.invokeExplosively(FrameworkMethod.java:56)
  at org.junit.internal.runners.statements.InvokeMethod.evaluate(InvokeMethod.java:17)
  at org.junit.runners.ParentRunner$3.evaluate(ParentRunner.java:306)
  at org.junit.runners.BlockJUnit4ClassRunner$1.evaluate(BlockJUnit4ClassRunner.java:100)
  at org.junit.runners.ParentRunner.runLeaf(ParentRunner.java:366)
  at org.junit.runners.BlockJUnit4ClassRunner.runChild(BlockJUnit4ClassRunner.java:103)
  at org.junit.runners.BlockJUnit4ClassRunner.runChild(BlockJUnit4ClassRunner.java:63)
  at org.junit.runners.ParentRunner$4.run(ParentRunner.java:331)
  at org.junit.runners.ParentRunner$1.schedule(ParentRunner.java:79)
  at org.junit.runners.ParentRunner.runChildren(ParentRunner.java:329)
  at org.junit.runners.ParentRunner.access$100(ParentRunner.java:66)
  at org.junit.runners.ParentRunner$2.evaluate(ParentRunner.java:293)
  at org.junit.runners.ParentRunner$3.evaluate(ParentRunner.java:306)
  at org.junit.runners.ParentRunner.run(ParentRunner.java:413)
  at org.junit.runner.JUnitCore.run(JUnitCore.java:137)
  at org.junit.runner.JUnitCore.run(JUnitCore.java:115)
  at org.gradle.api.internal.tasks.testing.junit.JUnitTestExecutor.runRequest(JUnitTestExecutor.java:175)
  at org.gradle.api.internal.tasks.testing.junit.JUnitTestExecutor.accept(JUnitTestExecutor.java:84)
  at org.gradle.api.internal.tasks.testing.junit.JUnitTestExecutor.accept(JUnitTestExecutor.java:47)
  at org.gradle.api.internal.tasks.testing.junit.AbstractJUnitTestDefinitionProcessor.processTestDefinition(AbstractJUnitTestDefinitionProcessor.java:65)
  at org.gradle.api.internal.tasks.testing.SuiteTestDefinitionProcessor.processTestDefinition(SuiteTestDefinitionProcessor.java:54)
  at java.base/jdk.internal.reflect.DirectMethodHandleAccessor.invoke(DirectMethodHandleAccessor.java:104)
  at java.base/java.lang.reflect.Method.invoke(Method.java:565)
  at org.gradle.internal.dispatch.MethodInvocation.invokeOn(MethodInvocation.java:77)
  at org.gradle.internal.dispatch.ReflectionDispatch.dispatch(ReflectionDispatch.java:28)
  at org.gradle.internal.dispatch.ReflectionDispatch.dispatch(ReflectionDispatch.java:19)
  at org.gradle.internal.dispatch.ContextClassLoaderDispatch.dispatch(ContextClassLoaderDispatch.java:33)
  at org.gradle.internal.dispatch.ProxyDispatchAdapter$DispatchingInvocationHandler.invoke(ProxyDispatchAdapter.java:88)
  at jdk.proxy1/jdk.proxy1.$Proxy4.processTestDefinition(Unknown Source)
  at org.gradle.api.internal.tasks.testing.worker.TestWorker$2.run(TestWorker.java:178)
  at org.gradle.api.internal.tasks.testing.worker.TestWorker.executeAndMaintainThreadName(TestWorker.java:126)
  at org.gradle.api.internal.tasks.testing.worker.TestWorker.execute(TestWorker.java:103)
  at org.gradle.api.internal.tasks.testing.worker.TestWorker.execute(TestWorker.java:63)
  at org.gradle.process.internal.worker.child.ActionExecutionWorker.execute(ActionExecutionWorker.java:56)
  at org.gradle.process.internal.worker.child.SystemApplicationClassLoaderWorker.call(SystemApplicationClassLoaderWorker.java:122)
  at org.gradle.process.internal.worker.child.SystemApplicationClassLoaderWorker.call(SystemApplicationClassLoaderWorker.java:72)
  at worker.org.gradle.process.internal.worker.GradleWorkerMain.run(GradleWorkerMain.java:69)
  at worker.org.gradle.process.internal.worker.GradleWorkerMain.main(GradleWorkerMain.java:74)
</stacktrace>
</test-failure>


TypeScriptCompilerTests_J[jvm] > jsdocParameterParsingInfiniteLoop_ts has expected errors matching jsdocParameterParsingInfiniteLoop_errors_txt[jvm] FAILED

<test-failure test="com.xemantic.typescript.compiler.TypeScriptCompilerTests_J.jsdocIllegalTags_ts has expected errors matching jsdocIllegalTags_errors_txt" platform="jvm">
<message>
Expected diagnostics from baseline typescript-repo/tests/baselines/reference/jsdocIllegalTags.errors.txt but none produced
</message>
<stacktrace>
  at com.xemantic.typescript.compiler.TypeScriptTestSupportKt.errorsMatchBaseline(TypeScriptTestSupport.kt:125)
  at com.xemantic.typescript.compiler.TypeScriptCompilerTests_J.jsdocIllegalTags_ts has expected errors matching jsdocIllegalTags_errors_txt(TypeScriptCompilerTests_J.kt:987)
  at java.base/jdk.internal.reflect.DirectMethodHandleAccessor.invoke(DirectMethodHandleAccessor.java:104)
  at java.base/java.lang.reflect.Method.invoke(Method.java:565)
  at org.junit.runners.model.FrameworkMethod$1.runReflectiveCall(FrameworkMethod.java:59)
  at org.junit.internal.runners.model.ReflectiveCallable.run(ReflectiveCallable.java:12)
  at org.junit.runners.model.FrameworkMethod.invokeExplosively(FrameworkMethod.java:56)
  at org.junit.internal.runners.statements.InvokeMethod.evaluate(InvokeMethod.java:17)
  at org.junit.runners.ParentRunner$3.evaluate(ParentRunner.java:306)
  at org.junit.runners.BlockJUnit4ClassRunner$1.evaluate(BlockJUnit4ClassRunner.java:100)
  at org.junit.runners.ParentRunner.runLeaf(ParentRunner.java:366)
  at org.junit.runners.BlockJUnit4ClassRunner.runChild(BlockJUnit4ClassRunner.java:103)
  at org.junit.runners.BlockJUnit4ClassRunner.runChild(BlockJUnit4ClassRunner.java:63)
  at org.junit.runners.ParentRunner$4.run(ParentRunner.java:331)
  at org.junit.runners.ParentRunner$1.schedule(ParentRunner.java:79)
  at org.junit.runners.ParentRunner.runChildren(ParentRunner.java:329)
  at org.junit.runners.ParentRunner.access$100(ParentRunner.java:66)
  at org.junit.runners.ParentRunner$2.evaluate(ParentRunner.java:293)
  at org.junit.runners.ParentRunner$3.evaluate(ParentRunner.java:306)
  at org.junit.runners.ParentRunner.run(ParentRunner.java:413)
  at org.junit.runner.JUnitCore.run(JUnitCore.java:137)
  at org.junit.runner.JUnitCore.run(JUnitCore.java:115)
  at org.gradle.api.internal.tasks.testing.junit.JUnitTestExecutor.runRequest(JUnitTestExecutor.java:175)
  at org.gradle.api.internal.tasks.testing.junit.JUnitTestExecutor.accept(JUnitTestExecutor.java:84)
  at org.gradle.api.internal.tasks.testing.junit.JUnitTestExecutor.accept(JUnitTestExecutor.java:47)
  at org.gradle.api.internal.tasks.testing.junit.AbstractJUnitTestDefinitionProcessor.processTestDefinition(AbstractJUnitTestDefinitionProcessor.java:65)
  at org.gradle.api.internal.tasks.testing.SuiteTestDefinitionProcessor.processTestDefinition(SuiteTestDefinitionProcessor.java:54)
  at java.base/jdk.internal.reflect.DirectMethodHandleAccessor.invoke(DirectMethodHandleAccessor.java:104)
  at java.base/java.lang.reflect.Method.invoke(Method.java:565)
  at org.gradle.internal.dispatch.MethodInvocation.invokeOn(MethodInvocation.java:77)
  at org.gradle.internal.dispatch.ReflectionDispatch.dispatch(ReflectionDispatch.java:28)
  at org.gradle.internal.dispatch.ReflectionDispatch.dispatch(ReflectionDispatch.java:19)
  at org.gradle.internal.dispatch.ContextClassLoaderDispatch.dispatch(ContextClassLoaderDispatch.java:33)
  at org.gradle.internal.dispatch.ProxyDispatchAdapter$DispatchingInvocationHandler.invoke(ProxyDispatchAdapter.java:88)
  at jdk.proxy1/jdk.proxy1.$Proxy4.processTestDefinition(Unknown Source)
  at org.gradle.api.internal.tasks.testing.worker.TestWorker$2.run(TestWorker.java:178)
  at org.gradle.api.internal.tasks.testing.worker.TestWorker.executeAndMaintainThreadName(TestWorker.java:126)
  at org.gradle.api.internal.tasks.testing.worker.TestWorker.execute(TestWorker.java:103)
  at org.gradle.api.internal.tasks.testing.worker.TestWorker.execute(TestWorker.java:63)
  at org.gradle.process.internal.worker.child.ActionExecutionWorker.execute(ActionExecutionWorker.java:56)
  at org.gradle.process.internal.worker.child.SystemApplicationClassLoaderWorker.call(SystemApplicationClassLoaderWorker.java:122)
  at org.gradle.process.internal.worker.child.SystemApplicationClassLoaderWorker.call(SystemApplicationClassLoaderWorker.java:72)
  at worker.org.gradle.process.internal.worker.GradleWorkerMain.run(GradleWorkerMain.java:69)
  at worker.org.gradle.process.internal.worker.GradleWorkerMain.main(GradleWorkerMain.java:74)
</stacktrace>
</test-failure>


TypeScriptCompilerTests_J[jvm] > jsdocIllegalTags_ts has expected errors matching jsdocIllegalTags_errors_txt[jvm] FAILED

<test-failure test="com.xemantic.typescript.compiler.TypeScriptCompilerTests_J.jsFileCompilationBindMultipleDefaultExports_ts has expected errors matching jsFileCompilationBindMultipleDefaultExports_errors_txt" platform="jvm">
<message>
--- expected
+++ actual
@@ -1,23 +1,12 @@
-a.js(1,22): error TS2528: A module cannot have multiple default exports.
-a.js(1,22): error TS2652: Merged declaration 'a' cannot include a default export declaration. Consider adding a separate 'export default a' declaration instead.
-a.js(3,15): error TS2528: A module cannot have multiple default exports.
-a.js(3,16): error TS1109: Expression expected.
-a.js(3,20): error TS2652: Merged declaration 'a' cannot include a default export declaration. Consider adding a separate 'export default a' declaration instead.
+a.js(1,22): error TS2323: Cannot redeclare exported variable 'default'.
+a.js(3,20): error TS2629: Cannot assign to 'a' because it is a class.
 
 
-==== a.js (5 errors) ====
+==== a.js (2 errors) ====
     export default class a {
                          ~
-!!! error TS2528: A module cannot have multiple default exports.
-!!! related TS2753 a.js:3:15: Another export default is here.
-                         ~
-!!! error TS2652: Merged declaration 'a' cannot include a default export declaration. Consider adding a separate 'export default a' declaration instead.
+!!! error TS2323: Cannot redeclare exported variable 'default'.
     }
     export default var a = 10;
-                  
-!!! error TS2528: A module cannot have multiple default exports.
-!!! related TS2752 a.js:1:22: The first export default is here.
-                   ~~~
-!!! error TS1109: Expression expected.
                        ~
-!!! error TS2652: Merged declaration 'a' cannot include a default export declaration. Consider adding a separate 'export default a' declaration instead.
+!!! error TS2629: Cannot assign to 'a' because it is a class.

</message>
<stacktrace>
  at org.junit.Assert.fail(Assert.java:89)
  at kotlin.test.junit.JUnitAsserter.fail(JUnitSupport.kt:56)
  at kotlin.test.AssertionsKt__AssertionsKt.fail(Assertions.kt:563)
  at kotlin.test.AssertionsKt.fail(Unknown Source)
  at com.xemantic.kotlin.test.SameAsKt.sameAs(SameAs.kt:52)
  at com.xemantic.typescript.compiler.TypeScriptTestSupportKt.errorsMatchBaseline(TypeScriptTestSupport.kt:135)
  at com.xemantic.typescript.compiler.TypeScriptCompilerTests_J.jsFileCompilationBindMultipleDefaultExports_ts has expected errors matching jsFileCompilationBindMultipleDefaultExports_errors_txt(TypeScriptCompilerTests_J.kt:231)
  at java.base/jdk.internal.reflect.DirectMethodHandleAccessor.invoke(DirectMethodHandleAccessor.java:104)
  at java.base/java.lang.reflect.Method.invoke(Method.java:565)
  at org.junit.runners.model.FrameworkMethod$1.runReflectiveCall(FrameworkMethod.java:59)
  at org.junit.internal.runners.model.ReflectiveCallable.run(ReflectiveCallable.java:12)
  at org.junit.runners.model.FrameworkMethod.invokeExplosively(FrameworkMethod.java:56)
  at org.junit.internal.runners.statements.InvokeMethod.evaluate(InvokeMethod.java:17)
  at org.junit.runners.ParentRunner$3.evaluate(ParentRunner.java:306)
  at org.junit.runners.BlockJUnit4ClassRunner$1.evaluate(BlockJUnit4ClassRunner.java:100)
  at org.junit.runners.ParentRunner.runLeaf(ParentRunner.java:366)
  at org.junit.runners.BlockJUnit4ClassRunner.runChild(BlockJUnit4ClassRunner.java:103)
  at org.junit.runners.BlockJUnit4ClassRunner.runChild(BlockJUnit4ClassRunner.java:63)
  at org.junit.runners.ParentRunner$4.run(ParentRunner.java:331)
  at org.junit.runners.ParentRunner$1.schedule(ParentRunner.java:79)
  at org.junit.runners.ParentRunner.runChildren(ParentRunner.java:329)
  at org.junit.runners.ParentRunner.access$100(ParentRunner.java:66)
  at org.junit.runners.ParentRunner$2.evaluate(ParentRunner.java:293)
  at org.junit.runners.ParentRunner$3.evaluate(ParentRunner.java:306)
  at org.junit.runners.ParentRunner.run(ParentRunner.java:413)
  at org.junit.runner.JUnitCore.run(JUnitCore.java:137)
  at org.junit.runner.JUnitCore.run(JUnitCore.java:115)
  at org.gradle.api.internal.tasks.testing.junit.JUnitTestExecutor.runRequest(JUnitTestExecutor.java:175)
  at org.gradle.api.internal.tasks.testing.junit.JUnitTestExecutor.accept(JUnitTestExecutor.java:84)
  at org.gradle.api.internal.tasks.testing.junit.JUnitTestExecutor.accept(JUnitTestExecutor.java:47)
  at org.gradle.api.internal.tasks.testing.junit.AbstractJUnitTestDefinitionProcessor.processTestDefinition(AbstractJUnitTestDefinitionProcessor.java:65)
  at org.gradle.api.internal.tasks.testing.SuiteTestDefinitionProcessor.processTestDefinition(SuiteTestDefinitionProcessor.java:54)
  at java.base/jdk.internal.reflect.DirectMethodHandleAccessor.invoke(DirectMethodHandleAccessor.java:104)
  at java.base/java.lang.reflect.Method.invoke(Method.java:565)
  at org.gradle.internal.dispatch.MethodInvocation.invokeOn(MethodInvocation.java:77)
  at org.gradle.internal.dispatch.ReflectionDispatch.dispatch(ReflectionDispatch.java:28)
  at org.gradle.internal.dispatch.ReflectionDispatch.dispatch(ReflectionDispatch.java:19)
  at org.gradle.internal.dispatch.ContextClassLoaderDispatch.dispatch(ContextClassLoaderDispatch.java:33)
  at org.gradle.internal.dispatch.ProxyDispatchAdapter$DispatchingInvocationHandler.invoke(ProxyDispatchAdapter.java:88)
  at jdk.proxy1/jdk.proxy1.$Proxy4.processTestDefinition(Unknown Source)
  at org.gradle.api.internal.tasks.testing.worker.TestWorker$2.run(TestWorker.java:178)
  at org.gradle.api.internal.tasks.testing.worker.TestWorker.executeAndMaintainThreadName(TestWorker.java:126)
  at org.gradle.api.internal.tasks.testing.worker.TestWorker.execute(TestWorker.java:103)
  at org.gradle.api.internal.tasks.testing.worker.TestWorker.execute(TestWorker.java:63)
  at org.gradle.process.internal.worker.child.ActionExecutionWorker.execute(ActionExecutionWorker.java:56)
  at org.gradle.process.internal.worker.child.SystemApplicationClassLoaderWorker.call(SystemApplicationClassLoaderWorker.java:122)
  at org.gradle.process.internal.worker.child.SystemApplicationClassLoaderWorker.call(SystemApplicationClassLoaderWorker.java:72)
  at worker.org.gradle.process.internal.worker.GradleWorkerMain.run(GradleWorkerMain.java:69)
  at worker.org.gradle.process.internal.worker.GradleWorkerMain.main(GradleWorkerMain.java:74)
</stacktrace>
</test-failure>


TypeScriptCompilerTests_J[jvm] > jsFileCompilationBindMultipleDefaultExports_ts has expected errors matching jsFileCompilationBindMultipleDefaultExports_errors_txt[jvm] FAILED

<test-failure test="com.xemantic.typescript.compiler.TypeScriptCompilerTests_J.jsFileCompilationBindDeepExportsAssignment_ts has expected errors matching jsFileCompilationBindDeepExportsAssignment_errors_txt" platform="jvm">
<message>
Expected diagnostics from baseline typescript-repo/tests/baselines/reference/jsFileCompilationBindDeepExportsAssignment.errors.txt but none produced
</message>
<stacktrace>
  at com.xemantic.typescript.compiler.TypeScriptTestSupportKt.errorsMatchBaseline(TypeScriptTestSupport.kt:125)
  at com.xemantic.typescript.compiler.TypeScriptCompilerTests_J.jsFileCompilationBindDeepExportsAssignment_ts has expected errors matching jsFileCompilationBindDeepExportsAssignment_errors_txt(TypeScriptCompilerTests_J.kt:210)
  at java.base/jdk.internal.reflect.DirectMethodHandleAccessor.invoke(DirectMethodHandleAccessor.java:104)
  at java.base/java.lang.reflect.Method.invoke(Method.java:565)
  at org.junit.runners.model.FrameworkMethod$1.runReflectiveCall(FrameworkMethod.java:59)
  at org.junit.internal.runners.model.ReflectiveCallable.run(ReflectiveCallable.java:12)
  at org.junit.runners.model.FrameworkMethod.invokeExplosively(FrameworkMethod.java:56)
  at org.junit.internal.runners.statements.InvokeMethod.evaluate(InvokeMethod.java:17)
  at org.junit.runners.ParentRunner$3.evaluate(ParentRunner.java:306)
  at org.junit.runners.BlockJUnit4ClassRunner$1.evaluate(BlockJUnit4ClassRunner.java:100)
  at org.junit.runners.ParentRunner.runLeaf(ParentRunner.java:366)
  at org.junit.runners.BlockJUnit4ClassRunner.runChild(BlockJUnit4ClassRunner.java:103)
  at org.junit.runners.BlockJUnit4ClassRunner.runChild(BlockJUnit4ClassRunner.java:63)
  at org.junit.runners.ParentRunner$4.run(ParentRunner.java:331)
  at org.junit.runners.ParentRunner$1.schedule(ParentRunner.java:79)
  at org.junit.runners.ParentRunner.runChildren(ParentRunner.java:329)
  at org.junit.runners.ParentRunner.access$100(ParentRunner.java:66)
  at org.junit.runners.ParentRunner$2.evaluate(ParentRunner.java:293)
  at org.junit.runners.ParentRunner$3.evaluate(ParentRunner.java:306)
  at org.junit.runners.ParentRunner.run(ParentRunner.java:413)
  at org.junit.runner.JUnitCore.run(JUnitCore.java:137)
  at org.junit.runner.JUnitCore.run(JUnitCore.java:115)
  at org.gradle.api.internal.tasks.testing.junit.JUnitTestExecutor.runRequest(JUnitTestExecutor.java:175)
  at org.gradle.api.internal.tasks.testing.junit.JUnitTestExecutor.accept(JUnitTestExecutor.java:84)
  at org.gradle.api.internal.tasks.testing.junit.JUnitTestExecutor.accept(JUnitTestExecutor.java:47)
  at org.gradle.api.internal.tasks.testing.junit.AbstractJUnitTestDefinitionProcessor.processTestDefinition(AbstractJUnitTestDefinitionProcessor.java:65)
  at org.gradle.api.internal.tasks.testing.SuiteTestDefinitionProcessor.processTestDefinition(SuiteTestDefinitionProcessor.java:54)
  at java.base/jdk.internal.reflect.DirectMethodHandleAccessor.invoke(DirectMethodHandleAccessor.java:104)
  at java.base/java.lang.reflect.Method.invoke(Method.java:565)
  at org.gradle.internal.dispatch.MethodInvocation.invokeOn(MethodInvocation.java:77)
  at org.gradle.internal.dispatch.ReflectionDispatch.dispatch(ReflectionDispatch.java:28)
  at org.gradle.internal.dispatch.ReflectionDispatch.dispatch(ReflectionDispatch.java:19)
  at org.gradle.internal.dispatch.ContextClassLoaderDispatch.dispatch(ContextClassLoaderDispatch.java:33)
  at org.gradle.internal.dispatch.ProxyDispatchAdapter$DispatchingInvocationHandler.invoke(ProxyDispatchAdapter.java:88)
  at jdk.proxy1/jdk.proxy1.$Proxy4.processTestDefinition(Unknown Source)
  at org.gradle.api.internal.tasks.testing.worker.TestWorker$2.run(TestWorker.java:178)
  at org.gradle.api.internal.tasks.testing.worker.TestWorker.executeAndMaintainThreadName(TestWorker.java:126)
  at org.gradle.api.internal.tasks.testing.worker.TestWorker.execute(TestWorker.java:103)
  at org.gradle.api.internal.tasks.testing.worker.TestWorker.execute(TestWorker.java:63)
  at org.gradle.process.internal.worker.child.ActionExecutionWorker.execute(ActionExecutionWorker.java:56)
  at org.gradle.process.internal.worker.child.SystemApplicationClassLoaderWorker.call(SystemApplicationClassLoaderWorker.java:122)
  at org.gradle.process.internal.worker.child.SystemApplicationClassLoaderWorker.call(SystemApplicationClassLoaderWorker.java:72)
  at worker.org.gradle.process.internal.worker.GradleWorkerMain.run(GradleWorkerMain.java:69)
  at worker.org.gradle.process.internal.worker.GradleWorkerMain.main(GradleWorkerMain.java:74)
</stacktrace>
</test-failure>


TypeScriptCompilerTests_J[jvm] > jsFileCompilationBindDeepExportsAssignment_ts has expected errors matching jsFileCompilationBindDeepExportsAssignment_errors_txt[jvm] FAILED

<test-failure test="com.xemantic.typescript.compiler.TypeScriptCompilerTests_J.jsxSpreadTag_ts__target_esnext__has expected errors matching baseline" platform="jvm">
<message>
Expected diagnostics from baseline typescript-repo/tests/baselines/reference/jsxSpreadTag(target=esnext).errors.txt but none produced
</message>
<stacktrace>
  at com.xemantic.typescript.compiler.TypeScriptTestSupportKt.errorsMatchBaseline(TypeScriptTestSupport.kt:125)
  at com.xemantic.typescript.compiler.TypeScriptCompilerTests_J.jsxSpreadTag_ts__target_esnext__has expected errors matching baseline(TypeScriptCompilerTests_J.kt:1323)
  at java.base/jdk.internal.reflect.DirectMethodHandleAccessor.invoke(DirectMethodHandleAccessor.java:104)
  at java.base/java.lang.reflect.Method.invoke(Method.java:565)
  at org.junit.runners.model.FrameworkMethod$1.runReflectiveCall(FrameworkMethod.java:59)
  at org.junit.internal.runners.model.ReflectiveCallable.run(ReflectiveCallable.java:12)
  at org.junit.runners.model.FrameworkMethod.invokeExplosively(FrameworkMethod.java:56)
  at org.junit.internal.runners.statements.InvokeMethod.evaluate(InvokeMethod.java:17)
  at org.junit.runners.ParentRunner$3.evaluate(ParentRunner.java:306)
  at org.junit.runners.BlockJUnit4ClassRunner$1.evaluate(BlockJUnit4ClassRunner.java:100)
  at org.junit.runners.ParentRunner.runLeaf(ParentRunner.java:366)
  at org.junit.runners.BlockJUnit4ClassRunner.runChild(BlockJUnit4ClassRunner.java:103)
  at org.junit.runners.BlockJUnit4ClassRunner.runChild(BlockJUnit4ClassRunner.java:63)
  at org.junit.runners.ParentRunner$4.run(ParentRunner.java:331)
  at org.junit.runners.ParentRunner$1.schedule(ParentRunner.java:79)
  at org.junit.runners.ParentRunner.runChildren(ParentRunner.java:329)
  at org.junit.runners.ParentRunner.access$100(ParentRunner.java:66)
  at org.junit.runners.ParentRunner$2.evaluate(ParentRunner.java:293)
  at org.junit.runners.ParentRunner$3.evaluate(ParentRunner.java:306)
  at org.junit.runners.ParentRunner.run(ParentRunner.java:413)
  at org.junit.runner.JUnitCore.run(JUnitCore.java:137)
  at org.junit.runner.JUnitCore.run(JUnitCore.java:115)
  at org.gradle.api.internal.tasks.testing.junit.JUnitTestExecutor.runRequest(JUnitTestExecutor.java:175)
  at org.gradle.api.internal.tasks.testing.junit.JUnitTestExecutor.accept(JUnitTestExecutor.java:84)
  at org.gradle.api.internal.tasks.testing.junit.JUnitTestExecutor.accept(JUnitTestExecutor.java:47)
  at org.gradle.api.internal.tasks.testing.junit.AbstractJUnitTestDefinitionProcessor.processTestDefinition(AbstractJUnitTestDefinitionProcessor.java:65)
  at org.gradle.api.internal.tasks.testing.SuiteTestDefinitionProcessor.processTestDefinition(SuiteTestDefinitionProcessor.java:54)
  at java.base/jdk.internal.reflect.DirectMethodHandleAccessor.invoke(DirectMethodHandleAccessor.java:104)
  at java.base/java.lang.reflect.Method.invoke(Method.java:565)
  at org.gradle.internal.dispatch.MethodInvocation.invokeOn(MethodInvocation.java:77)
  at org.gradle.internal.dispatch.ReflectionDispatch.dispatch(ReflectionDispatch.java:28)
  at org.gradle.internal.dispatch.ReflectionDispatch.dispatch(ReflectionDispatch.java:19)
  at org.gradle.internal.dispatch.ContextClassLoaderDispatch.dispatch(ContextClassLoaderDispatch.java:33)
  at org.gradle.internal.dispatch.ProxyDispatchAdapter$DispatchingInvocationHandler.invoke(ProxyDispatchAdapter.java:88)
  at jdk.proxy1/jdk.proxy1.$Proxy4.processTestDefinition(Unknown Source)
  at org.gradle.api.internal.tasks.testing.worker.TestWorker$2.run(TestWorker.java:178)
  at org.gradle.api.internal.tasks.testing.worker.TestWorker.executeAndMaintainThreadName(TestWorker.java:126)
  at org.gradle.api.internal.tasks.testing.worker.TestWorker.execute(TestWorker.java:103)
  at org.gradle.api.internal.tasks.testing.worker.TestWorker.execute(TestWorker.java:63)
  at org.gradle.process.internal.worker.child.ActionExecutionWorker.execute(ActionExecutionWorker.java:56)
  at org.gradle.process.internal.worker.child.SystemApplicationClassLoaderWorker.call(SystemApplicationClassLoaderWorker.java:122)
  at org.gradle.process.internal.worker.child.SystemApplicationClassLoaderWorker.call(SystemApplicationClassLoaderWorker.java:72)
  at worker.org.gradle.process.internal.worker.GradleWorkerMain.run(GradleWorkerMain.java:69)
  at worker.org.gradle.process.internal.worker.GradleWorkerMain.main(GradleWorkerMain.java:74)
</stacktrace>
</test-failure>


TypeScriptCompilerTests_J[jvm] > jsxSpreadTag_ts__target_esnext__has expected errors matching baseline[jvm] FAILED

<test-failure test="com.xemantic.typescript.compiler.TypeScriptCompilerTests_J.jsFileCompilationLetDeclarationOrder2_ts has expected errors matching jsFileCompilationLetDeclarationOrder2_errors_txt" platform="jvm">
<message>
--- expected
+++ actual
@@ -1,14 +1,10 @@
 error TS5101: Option 'outFile' is deprecated and will stop functioning in TypeScript 7.0. Specify compilerOption '"ignoreDeprecations": "6.0"' to silence this error.
-a.ts(2,1): error TS2448: Block-scoped variable 'a' used before its declaration.
 
 
 !!! error TS5101: Option 'outFile' is deprecated and will stop functioning in TypeScript 7.0. Specify compilerOption '"ignoreDeprecations": "6.0"' to silence this error.
-==== a.ts (1 errors) ====
+==== a.ts (0 errors) ====
     let b = 30;
     a = 10;
-    ~
-!!! error TS2448: Block-scoped variable 'a' used before its declaration.
-!!! related TS2728 b.js:1:5: 'a' is declared here.
 ==== b.js (0 errors) ====
     let a = 10;
     b = 30;

</message>
<stacktrace>
  at org.junit.Assert.fail(Assert.java:89)
  at kotlin.test.junit.JUnitAsserter.fail(JUnitSupport.kt:56)
  at kotlin.test.AssertionsKt__AssertionsKt.fail(Assertions.kt:563)
  at kotlin.test.AssertionsKt.fail(Unknown Source)
  at com.xemantic.kotlin.test.SameAsKt.sameAs(SameAs.kt:52)
  at com.xemantic.typescript.compiler.TypeScriptTestSupportKt.errorsMatchBaseline(TypeScriptTestSupport.kt:135)
  at com.xemantic.typescript.compiler.TypeScriptCompilerTests_J.jsFileCompilationLetDeclarationOrder2_ts has expected errors matching jsFileCompilationLetDeclarationOrder2_errors_txt(TypeScriptCompilerTests_J.kt:490)
  at java.base/jdk.internal.reflect.DirectMethodHandleAccessor.invoke(DirectMethodHandleAccessor.java:104)
  at java.base/java.lang.reflect.Method.invoke(Method.java:565)
  at org.junit.runners.model.FrameworkMethod$1.runReflectiveCall(FrameworkMethod.java:59)
  at org.junit.internal.runners.model.ReflectiveCallable.run(ReflectiveCallable.java:12)
  at org.junit.runners.model.FrameworkMethod.invokeExplosively(FrameworkMethod.java:56)
  at org.junit.internal.runners.statements.InvokeMethod.evaluate(InvokeMethod.java:17)
  at org.junit.runners.ParentRunner$3.evaluate(ParentRunner.java:306)
  at org.junit.runners.BlockJUnit4ClassRunner$1.evaluate(BlockJUnit4ClassRunner.java:100)
  at org.junit.runners.ParentRunner.runLeaf(ParentRunner.java:366)
  at org.junit.runners.BlockJUnit4ClassRunner.runChild(BlockJUnit4ClassRunner.java:103)
  at org.junit.runners.BlockJUnit4ClassRunner.runChild(BlockJUnit4ClassRunner.java:63)
  at org.junit.runners.ParentRunner$4.run(ParentRunner.java:331)
  at org.junit.runners.ParentRunner$1.schedule(ParentRunner.java:79)
  at org.junit.runners.ParentRunner.runChildren(ParentRunner.java:329)
  at org.junit.runners.ParentRunner.access$100(ParentRunner.java:66)
  at org.junit.runners.ParentRunner$2.evaluate(ParentRunner.java:293)
  at org.junit.runners.ParentRunner$3.evaluate(ParentRunner.java:306)
  at org.junit.runners.ParentRunner.run(ParentRunner.java:413)
  at org.junit.runner.JUnitCore.run(JUnitCore.java:137)
  at org.junit.runner.JUnitCore.run(JUnitCore.java:115)
  at org.gradle.api.internal.tasks.testing.junit.JUnitTestExecutor.runRequest(JUnitTestExecutor.java:175)
  at org.gradle.api.internal.tasks.testing.junit.JUnitTestExecutor.accept(JUnitTestExecutor.java:84)
  at org.gradle.api.internal.tasks.testing.junit.JUnitTestExecutor.accept(JUnitTestExecutor.java:47)
  at org.gradle.api.internal.tasks.testing.junit.AbstractJUnitTestDefinitionProcessor.processTestDefinition(AbstractJUnitTestDefinitionProcessor.java:65)
  at org.gradle.api.internal.tasks.testing.SuiteTestDefinitionProcessor.processTestDefinition(SuiteTestDefinitionProcessor.java:54)
  at java.base/jdk.internal.reflect.DirectMethodHandleAccessor.invoke(DirectMethodHandleAccessor.java:104)
  at java.base/java.lang.reflect.Method.invoke(Method.java:565)
  at org.gradle.internal.dispatch.MethodInvocation.invokeOn(MethodInvocation.java:77)
  at org.gradle.internal.dispatch.ReflectionDispatch.dispatch(ReflectionDispatch.java:28)
  at org.gradle.internal.dispatch.ReflectionDispatch.dispatch(ReflectionDispatch.java:19)
  at org.gradle.internal.dispatch.ContextClassLoaderDispatch.dispatch(ContextClassLoaderDispatch.java:33)
  at org.gradle.internal.dispatch.ProxyDispatchAdapter$DispatchingInvocationHandler.invoke(ProxyDispatchAdapter.java:88)
  at jdk.proxy1/jdk.proxy1.$Proxy4.processTestDefinition(Unknown Source)
  at org.gradle.api.internal.tasks.testing.worker.TestWorker$2.run(TestWorker.java:178)
  at org.gradle.api.internal.tasks.testing.worker.TestWorker.executeAndMaintainThreadName(TestWorker.java:126)
  at org.gradle.api.internal.tasks.testing.worker.TestWorker.execute(TestWorker.java:103)
  at org.gradle.api.internal.tasks.testing.worker.TestWorker.execute(TestWorker.java:63)
  at org.gradle.process.internal.worker.child.ActionExecutionWorker.execute(ActionExecutionWorker.java:56)
  at org.gradle.process.internal.worker.child.SystemApplicationClassLoaderWorker.call(SystemApplicationClassLoaderWorker.java:122)
  at org.gradle.process.internal.worker.child.SystemApplicationClassLoaderWorker.call(SystemApplicationClassLoaderWorker.java:72)
  at worker.org.gradle.process.internal.worker.GradleWorkerMain.run(GradleWorkerMain.java:69)
  at worker.org.gradle.process.internal.worker.GradleWorkerMain.main(GradleWorkerMain.java:74)
</stacktrace>
</test-failure>


TypeScriptCompilerTests_J[jvm] > jsFileCompilationLetDeclarationOrder2_ts has expected errors matching jsFileCompilationLetDeclarationOrder2_errors_txt[jvm] FAILED

<test-failure test="com.xemantic.typescript.compiler.TypeScriptCompilerTests_J.jsFileFunctionParametersAsOptional2_ts has expected errors matching jsFileFunctionParametersAsOptional2_errors_txt" platform="jvm">
<message>
Expected diagnostics from baseline typescript-repo/tests/baselines/reference/jsFileFunctionParametersAsOptional2.errors.txt but none produced
</message>
<stacktrace>
  at com.xemantic.typescript.compiler.TypeScriptTestSupportKt.errorsMatchBaseline(TypeScriptTestSupport.kt:125)
  at com.xemantic.typescript.compiler.TypeScriptCompilerTests_J.jsFileFunctionParametersAsOptional2_ts has expected errors matching jsFileFunctionParametersAsOptional2_errors_txt(TypeScriptCompilerTests_J.kt:854)
  at java.base/jdk.internal.reflect.DirectMethodHandleAccessor.invoke(DirectMethodHandleAccessor.java:104)
  at java.base/java.lang.reflect.Method.invoke(Method.java:565)
  at org.junit.runners.model.FrameworkMethod$1.runReflectiveCall(FrameworkMethod.java:59)
  at org.junit.internal.runners.model.ReflectiveCallable.run(ReflectiveCallable.java:12)
  at org.junit.runners.model.FrameworkMethod.invokeExplosively(FrameworkMethod.java:56)
  at org.junit.internal.runners.statements.InvokeMethod.evaluate(InvokeMethod.java:17)
  at org.junit.runners.ParentRunner$3.evaluate(ParentRunner.java:306)
  at org.junit.runners.BlockJUnit4ClassRunner$1.evaluate(BlockJUnit4ClassRunner.java:100)
  at org.junit.runners.ParentRunner.runLeaf(ParentRunner.java:366)
  at org.junit.runners.BlockJUnit4ClassRunner.runChild(BlockJUnit4ClassRunner.java:103)
  at org.junit.runners.BlockJUnit4ClassRunner.runChild(BlockJUnit4ClassRunner.java:63)
  at org.junit.runners.ParentRunner$4.run(ParentRunner.java:331)
  at org.junit.runners.ParentRunner$1.schedule(ParentRunner.java:79)
  at org.junit.runners.ParentRunner.runChildren(ParentRunner.java:329)
  at org.junit.runners.ParentRunner.access$100(ParentRunner.java:66)
  at org.junit.runners.ParentRunner$2.evaluate(ParentRunner.java:293)
  at org.junit.runners.ParentRunner$3.evaluate(ParentRunner.java:306)
  at org.junit.runners.ParentRunner.run(ParentRunner.java:413)
  at org.junit.runner.JUnitCore.run(JUnitCore.java:137)
  at org.junit.runner.JUnitCore.run(JUnitCore.java:115)
  at org.gradle.api.internal.tasks.testing.junit.JUnitTestExecutor.runRequest(JUnitTestExecutor.java:175)
  at org.gradle.api.internal.tasks.testing.junit.JUnitTestExecutor.accept(JUnitTestExecutor.java:84)
  at org.gradle.api.internal.tasks.testing.junit.JUnitTestExecutor.accept(JUnitTestExecutor.java:47)
  at org.gradle.api.internal.tasks.testing.junit.AbstractJUnitTestDefinitionProcessor.processTestDefinition(AbstractJUnitTestDefinitionProcessor.java:65)
  at org.gradle.api.internal.tasks.testing.SuiteTestDefinitionProcessor.processTestDefinition(SuiteTestDefinitionProcessor.java:54)
  at java.base/jdk.internal.reflect.DirectMethodHandleAccessor.invoke(DirectMethodHandleAccessor.java:104)
  at java.base/java.lang.reflect.Method.invoke(Method.java:565)
  at org.gradle.internal.dispatch.MethodInvocation.invokeOn(MethodInvocation.java:77)
  at org.gradle.internal.dispatch.ReflectionDispatch.dispatch(ReflectionDispatch.java:28)
  at org.gradle.internal.dispatch.ReflectionDispatch.dispatch(ReflectionDispatch.java:19)
  at org.gradle.internal.dispatch.ContextClassLoaderDispatch.dispatch(ContextClassLoaderDispatch.java:33)
  at org.gradle.internal.dispatch.ProxyDispatchAdapter$DispatchingInvocationHandler.invoke(ProxyDispatchAdapter.java:88)
  at jdk.proxy1/jdk.proxy1.$Proxy4.processTestDefinition(Unknown Source)
  at org.gradle.api.internal.tasks.testing.worker.TestWorker$2.run(TestWorker.java:178)
  at org.gradle.api.internal.tasks.testing.worker.TestWorker.executeAndMaintainThreadName(TestWorker.java:126)
  at org.gradle.api.internal.tasks.testing.worker.TestWorker.execute(TestWorker.java:103)
  at org.gradle.api.internal.tasks.testing.worker.TestWorker.execute(TestWorker.java:63)
  at org.gradle.process.internal.worker.child.ActionExecutionWorker.execute(ActionExecutionWorker.java:56)
  at org.gradle.process.internal.worker.child.SystemApplicationClassLoaderWorker.call(SystemApplicationClassLoaderWorker.java:122)
  at org.gradle.process.internal.worker.child.SystemApplicationClassLoaderWorker.call(SystemApplicationClassLoaderWorker.java:72)
  at worker.org.gradle.process.internal.worker.GradleWorkerMain.run(GradleWorkerMain.java:69)
  at worker.org.gradle.process.internal.worker.GradleWorkerMain.main(GradleWorkerMain.java:74)
</stacktrace>
</test-failure>


TypeScriptCompilerTests_J[jvm] > jsFileFunctionParametersAsOptional2_ts has expected errors matching jsFileFunctionParametersAsOptional2_errors_txt[jvm] FAILED

<test-failure test="com.xemantic.typescript.compiler.TypeScriptCompilerTests_J.jsFileClassPropertyType_ts has expected errors matching jsFileClassPropertyType_errors_txt" platform="jvm">
<message>
Expected diagnostics from baseline typescript-repo/tests/baselines/reference/jsFileClassPropertyType.errors.txt but none produced
</message>
<stacktrace>
  at com.xemantic.typescript.compiler.TypeScriptTestSupportKt.errorsMatchBaseline(TypeScriptTestSupport.kt:125)
  at com.xemantic.typescript.compiler.TypeScriptCompilerTests_J.jsFileClassPropertyType_ts has expected errors matching jsFileClassPropertyType_errors_txt(TypeScriptCompilerTests_J.kt:168)
  at java.base/jdk.internal.reflect.DirectMethodHandleAccessor.invoke(DirectMethodHandleAccessor.java:104)
  at java.base/java.lang.reflect.Method.invoke(Method.java:565)
  at org.junit.runners.model.FrameworkMethod$1.runReflectiveCall(FrameworkMethod.java:59)
  at org.junit.internal.runners.model.ReflectiveCallable.run(ReflectiveCallable.java:12)
  at org.junit.runners.model.FrameworkMethod.invokeExplosively(FrameworkMethod.java:56)
  at org.junit.internal.runners.statements.InvokeMethod.evaluate(InvokeMethod.java:17)
  at org.junit.runners.ParentRunner$3.evaluate(ParentRunner.java:306)
  at org.junit.runners.BlockJUnit4ClassRunner$1.evaluate(BlockJUnit4ClassRunner.java:100)
  at org.junit.runners.ParentRunner.runLeaf(ParentRunner.java:366)
  at org.junit.runners.BlockJUnit4ClassRunner.runChild(BlockJUnit4ClassRunner.java:103)
  at org.junit.runners.BlockJUnit4ClassRunner.runChild(BlockJUnit4ClassRunner.java:63)
  at org.junit.runners.ParentRunner$4.run(ParentRunner.java:331)
  at org.junit.runners.ParentRunner$1.schedule(ParentRunner.java:79)
  at org.junit.runners.ParentRunner.runChildren(ParentRunner.java:329)
  at org.junit.runners.ParentRunner.access$100(ParentRunner.java:66)
  at org.junit.runners.ParentRunner$2.evaluate(ParentRunner.java:293)
  at org.junit.runners.ParentRunner$3.evaluate(ParentRunner.java:306)
  at org.junit.runners.ParentRunner.run(ParentRunner.java:413)
  at org.junit.runner.JUnitCore.run(JUnitCore.java:137)
  at org.junit.runner.JUnitCore.run(JUnitCore.java:115)
  at org.gradle.api.internal.tasks.testing.junit.JUnitTestExecutor.runRequest(JUnitTestExecutor.java:175)
  at org.gradle.api.internal.tasks.testing.junit.JUnitTestExecutor.accept(JUnitTestExecutor.java:84)
  at org.gradle.api.internal.tasks.testing.junit.JUnitTestExecutor.accept(JUnitTestExecutor.java:47)
  at org.gradle.api.internal.tasks.testing.junit.AbstractJUnitTestDefinitionProcessor.processTestDefinition(AbstractJUnitTestDefinitionProcessor.java:65)
  at org.gradle.api.internal.tasks.testing.SuiteTestDefinitionProcessor.processTestDefinition(SuiteTestDefinitionProcessor.java:54)
  at java.base/jdk.internal.reflect.DirectMethodHandleAccessor.invoke(DirectMethodHandleAccessor.java:104)
  at java.base/java.lang.reflect.Method.invoke(Method.java:565)
  at org.gradle.internal.dispatch.MethodInvocation.invokeOn(MethodInvocation.java:77)
  at org.gradle.internal.dispatch.ReflectionDispatch.dispatch(ReflectionDispatch.java:28)
  at org.gradle.internal.dispatch.ReflectionDispatch.dispatch(ReflectionDispatch.java:19)
  at org.gradle.internal.dispatch.ContextClassLoaderDispatch.dispatch(ContextClassLoaderDispatch.java:33)
  at org.gradle.internal.dispatch.ProxyDispatchAdapter$DispatchingInvocationHandler.invoke(ProxyDispatchAdapter.java:88)
  at jdk.proxy1/jdk.proxy1.$Proxy4.processTestDefinition(Unknown Source)
  at org.gradle.api.internal.tasks.testing.worker.TestWorker$2.run(TestWorker.java:178)
  at org.gradle.api.internal.tasks.testing.worker.TestWorker.executeAndMaintainThreadName(TestWorker.java:126)
  at org.gradle.api.internal.tasks.testing.worker.TestWorker.execute(TestWorker.java:103)
  at org.gradle.api.internal.tasks.testing.worker.TestWorker.execute(TestWorker.java:63)
  at org.gradle.process.internal.worker.child.ActionExecutionWorker.execute(ActionExecutionWorker.java:56)
  at org.gradle.process.internal.worker.child.SystemApplicationClassLoaderWorker.call(SystemApplicationClassLoaderWorker.java:122)
  at org.gradle.process.internal.worker.child.SystemApplicationClassLoaderWorker.call(SystemApplicationClassLoaderWorker.java:72)
  at worker.org.gradle.process.internal.worker.GradleWorkerMain.run(GradleWorkerMain.java:69)
  at worker.org.gradle.process.internal.worker.GradleWorkerMain.main(GradleWorkerMain.java:74)
</stacktrace>
</test-failure>


TypeScriptCompilerTests_J[jvm] > jsFileClassPropertyType_ts has expected errors matching jsFileClassPropertyType_errors_txt[jvm] FAILED

<test-failure test="com.xemantic.typescript.compiler.TypeScriptCompilerTests_J.jsFileClassPropertyType3_ts has expected errors matching jsFileClassPropertyType3_errors_txt" platform="jvm">
<message>
Expected diagnostics from baseline typescript-repo/tests/baselines/reference/jsFileClassPropertyType3.errors.txt but none produced
</message>
<stacktrace>
  at com.xemantic.typescript.compiler.TypeScriptTestSupportKt.errorsMatchBaseline(TypeScriptTestSupport.kt:125)
  at com.xemantic.typescript.compiler.TypeScriptCompilerTests_J.jsFileClassPropertyType3_ts has expected errors matching jsFileClassPropertyType3_errors_txt(TypeScriptCompilerTests_J.kt:182)
  at java.base/jdk.internal.reflect.DirectMethodHandleAccessor.invoke(DirectMethodHandleAccessor.java:104)
  at java.base/java.lang.reflect.Method.invoke(Method.java:565)
  at org.junit.runners.model.FrameworkMethod$1.runReflectiveCall(FrameworkMethod.java:59)
  at org.junit.internal.runners.model.ReflectiveCallable.run(ReflectiveCallable.java:12)
  at org.junit.runners.model.FrameworkMethod.invokeExplosively(FrameworkMethod.java:56)
  at org.junit.internal.runners.statements.InvokeMethod.evaluate(InvokeMethod.java:17)
  at org.junit.runners.ParentRunner$3.evaluate(ParentRunner.java:306)
  at org.junit.runners.BlockJUnit4ClassRunner$1.evaluate(BlockJUnit4ClassRunner.java:100)
  at org.junit.runners.ParentRunner.runLeaf(ParentRunner.java:366)
  at org.junit.runners.BlockJUnit4ClassRunner.runChild(BlockJUnit4ClassRunner.java:103)
  at org.junit.runners.BlockJUnit4ClassRunner.runChild(BlockJUnit4ClassRunner.java:63)
  at org.junit.runners.ParentRunner$4.run(ParentRunner.java:331)
  at org.junit.runners.ParentRunner$1.schedule(ParentRunner.java:79)
  at org.junit.runners.ParentRunner.runChildren(ParentRunner.java:329)
  at org.junit.runners.ParentRunner.access$100(ParentRunner.java:66)
  at org.junit.runners.ParentRunner$2.evaluate(ParentRunner.java:293)
  at org.junit.runners.ParentRunner$3.evaluate(ParentRunner.java:306)
  at org.junit.runners.ParentRunner.run(ParentRunner.java:413)
  at org.junit.runner.JUnitCore.run(JUnitCore.java:137)
  at org.junit.runner.JUnitCore.run(JUnitCore.java:115)
  at org.gradle.api.internal.tasks.testing.junit.JUnitTestExecutor.runRequest(JUnitTestExecutor.java:175)
  at org.gradle.api.internal.tasks.testing.junit.JUnitTestExecutor.accept(JUnitTestExecutor.java:84)
  at org.gradle.api.internal.tasks.testing.junit.JUnitTestExecutor.accept(JUnitTestExecutor.java:47)
  at org.gradle.api.internal.tasks.testing.junit.AbstractJUnitTestDefinitionProcessor.processTestDefinition(AbstractJUnitTestDefinitionProcessor.java:65)
  at org.gradle.api.internal.tasks.testing.SuiteTestDefinitionProcessor.processTestDefinition(SuiteTestDefinitionProcessor.java:54)
  at java.base/jdk.internal.reflect.DirectMethodHandleAccessor.invoke(DirectMethodHandleAccessor.java:104)
  at java.base/java.lang.reflect.Method.invoke(Method.java:565)
  at org.gradle.internal.dispatch.MethodInvocation.invokeOn(MethodInvocation.java:77)
  at org.gradle.internal.dispatch.ReflectionDispatch.dispatch(ReflectionDispatch.java:28)
  at org.gradle.internal.dispatch.ReflectionDispatch.dispatch(ReflectionDispatch.java:19)
  at org.gradle.internal.dispatch.ContextClassLoaderDispatch.dispatch(ContextClassLoaderDispatch.java:33)
  at org.gradle.internal.dispatch.ProxyDispatchAdapter$DispatchingInvocationHandler.invoke(ProxyDispatchAdapter.java:88)
  at jdk.proxy1/jdk.proxy1.$Proxy4.processTestDefinition(Unknown Source)
  at org.gradle.api.internal.tasks.testing.worker.TestWorker$2.run(TestWorker.java:178)
  at org.gradle.api.internal.tasks.testing.worker.TestWorker.executeAndMaintainThreadName(TestWorker.java:126)
  at org.gradle.api.internal.tasks.testing.worker.TestWorker.execute(TestWorker.java:103)
  at org.gradle.api.internal.tasks.testing.worker.TestWorker.execute(TestWorker.java:63)
  at org.gradle.process.internal.worker.child.ActionExecutionWorker.execute(ActionExecutionWorker.java:56)
  at org.gradle.process.internal.worker.child.SystemApplicationClassLoaderWorker.call(SystemApplicationClassLoaderWorker.java:122)
  at org.gradle.process.internal.worker.child.SystemApplicationClassLoaderWorker.call(SystemApplicationClassLoaderWorker.java:72)
  at worker.org.gradle.process.internal.worker.GradleWorkerMain.run(GradleWorkerMain.java:69)
  at worker.org.gradle.process.internal.worker.GradleWorkerMain.main(GradleWorkerMain.java:74)
</stacktrace>
</test-failure>


TypeScriptCompilerTests_J[jvm] > jsFileClassPropertyType3_ts has expected errors matching jsFileClassPropertyType3_errors_txt[jvm] FAILED

<test-failure test="com.xemantic.typescript.compiler.TypeScriptCompilerTests_J.jsDeclarationsInheritedTypes_ts has expected errors matching jsDeclarationsInheritedTypes_errors_txt" platform="jvm">
<message>
Expected diagnostics from baseline typescript-repo/tests/baselines/reference/jsDeclarationsInheritedTypes.errors.txt but none produced
</message>
<stacktrace>
  at com.xemantic.typescript.compiler.TypeScriptTestSupportKt.errorsMatchBaseline(TypeScriptTestSupport.kt:125)
  at com.xemantic.typescript.compiler.TypeScriptCompilerTests_J.jsDeclarationsInheritedTypes_ts has expected errors matching jsDeclarationsInheritedTypes_errors_txt(TypeScriptCompilerTests_J.kt:98)
  at java.base/jdk.internal.reflect.DirectMethodHandleAccessor.invoke(DirectMethodHandleAccessor.java:104)
  at java.base/java.lang.reflect.Method.invoke(Method.java:565)
  at org.junit.runners.model.FrameworkMethod$1.runReflectiveCall(FrameworkMethod.java:59)
  at org.junit.internal.runners.model.ReflectiveCallable.run(ReflectiveCallable.java:12)
  at org.junit.runners.model.FrameworkMethod.invokeExplosively(FrameworkMethod.java:56)
  at org.junit.internal.runners.statements.InvokeMethod.evaluate(InvokeMethod.java:17)
  at org.junit.runners.ParentRunner$3.evaluate(ParentRunner.java:306)
  at org.junit.runners.BlockJUnit4ClassRunner$1.evaluate(BlockJUnit4ClassRunner.java:100)
  at org.junit.runners.ParentRunner.runLeaf(ParentRunner.java:366)
  at org.junit.runners.BlockJUnit4ClassRunner.runChild(BlockJUnit4ClassRunner.java:103)
  at org.junit.runners.BlockJUnit4ClassRunner.runChild(BlockJUnit4ClassRunner.java:63)
  at org.junit.runners.ParentRunner$4.run(ParentRunner.java:331)
  at org.junit.runners.ParentRunner$1.schedule(ParentRunner.java:79)
  at org.junit.runners.ParentRunner.runChildren(ParentRunner.java:329)
  at org.junit.runners.ParentRunner.access$100(ParentRunner.java:66)
  at org.junit.runners.ParentRunner$2.evaluate(ParentRunner.java:293)
  at org.junit.runners.ParentRunner$3.evaluate(ParentRunner.java:306)
  at org.junit.runners.ParentRunner.run(ParentRunner.java:413)
  at org.junit.runner.JUnitCore.run(JUnitCore.java:137)
  at org.junit.runner.JUnitCore.run(JUnitCore.java:115)
  at org.gradle.api.internal.tasks.testing.junit.JUnitTestExecutor.runRequest(JUnitTestExecutor.java:175)
  at org.gradle.api.internal.tasks.testing.junit.JUnitTestExecutor.accept(JUnitTestExecutor.java:84)
  at org.gradle.api.internal.tasks.testing.junit.JUnitTestExecutor.accept(JUnitTestExecutor.java:47)
  at org.gradle.api.internal.tasks.testing.junit.AbstractJUnitTestDefinitionProcessor.processTestDefinition(AbstractJUnitTestDefinitionProcessor.java:65)
  at org.gradle.api.internal.tasks.testing.SuiteTestDefinitionProcessor.processTestDefinition(SuiteTestDefinitionProcessor.java:54)
  at java.base/jdk.internal.reflect.DirectMethodHandleAccessor.invoke(DirectMethodHandleAccessor.java:104)
  at java.base/java.lang.reflect.Method.invoke(Method.java:565)
  at org.gradle.internal.dispatch.MethodInvocation.invokeOn(MethodInvocation.java:77)
  at org.gradle.internal.dispatch.ReflectionDispatch.dispatch(ReflectionDispatch.java:28)
  at org.gradle.internal.dispatch.ReflectionDispatch.dispatch(ReflectionDispatch.java:19)
  at org.gradle.internal.dispatch.ContextClassLoaderDispatch.dispatch(ContextClassLoaderDispatch.java:33)
  at org.gradle.internal.dispatch.ProxyDispatchAdapter$DispatchingInvocationHandler.invoke(ProxyDispatchAdapter.java:88)
  at jdk.proxy1/jdk.proxy1.$Proxy4.processTestDefinition(Unknown Source)
  at org.gradle.api.internal.tasks.testing.worker.TestWorker$2.run(TestWorker.java:178)
  at org.gradle.api.internal.tasks.testing.worker.TestWorker.executeAndMaintainThreadName(TestWorker.java:126)
  at org.gradle.api.internal.tasks.testing.worker.TestWorker.execute(TestWorker.java:103)
  at org.gradle.api.internal.tasks.testing.worker.TestWorker.execute(TestWorker.java:63)
  at org.gradle.process.internal.worker.child.ActionExecutionWorker.execute(ActionExecutionWorker.java:56)
  at org.gradle.process.internal.worker.child.SystemApplicationClassLoaderWorker.call(SystemApplicationClassLoaderWorker.java:122)
  at org.gradle.process.internal.worker.child.SystemApplicationClassLoaderWorker.call(SystemApplicationClassLoaderWorker.java:72)
  at worker.org.gradle.process.internal.worker.GradleWorkerMain.run(GradleWorkerMain.java:69)
  at worker.org.gradle.process.internal.worker.GradleWorkerMain.main(GradleWorkerMain.java:74)
</stacktrace>
</test-failure>


TypeScriptCompilerTests_J[jvm] > jsDeclarationsInheritedTypes_ts has expected errors matching jsDeclarationsInheritedTypes_errors_txt[jvm] FAILED

<test-failure test="com.xemantic.typescript.compiler.TypeScriptCompilerTests_J.jsxRuntimePragma_ts__jsx_react-jsxdev__compiles to JavaScript matching baseline" platform="jvm">
<message>
--- expected
+++ actual
@@ -76,34 +76,29 @@
 const React = __importStar(require("react"));
 const HelloWorld = () => React.createElement("h1", null, "Hello world");
 exports.HelloWorld = HelloWorld;
-exports.frag = React.createElement(React.Fragment, null,
-    React.createElement("div", null));
+exports.frag = React.createElement(React.Fragment, null, React.createElement("div", null));
 exports.selfClosing = React.createElement("img", { src: "./image.png" });
 //// [two.js]
 "use strict";
 Object.defineProperty(exports, "__esModule", { value: true });
 exports.selfClosing = exports.frag = exports.HelloWorld = void 0;
-const jsx_dev_runtime_1 = require("react/jsx-dev-runtime");
-const _jsxFileName = "two.tsx";
 /// <reference path="/.lib/react16.d.ts" />
 /* @jsxRuntime automatic */
-const HelloWorld = () => (0, jsx_dev_runtime_1.jsxDEV)("h1", { children: "Hello world" }, void 0, false, { fileName: _jsxFileName, lineNumber: 3, columnNumber: 33 }, this);
+const HelloWorld = () => React.createElement("h1", null, "Hello world");
 exports.HelloWorld = HelloWorld;
-exports.frag = (0, jsx_dev_runtime_1.jsxDEV)(jsx_dev_runtime_1.Fragment, { children: (0, jsx_dev_runtime_1.jsxDEV)("div", {}, void 0, false, { fileName: _jsxFileName, lineNumber: 4, columnNumber: 23 }, this) }, void 0, false, { fileName: _jsxFileName, lineNumber: 4, columnNumber: 21 }, this);
-exports.selfClosing = (0, jsx_dev_runtime_1.jsxDEV)("img", { src: "./image.png" }, void 0, false, { fileName: _jsxFileName, lineNumber: 5, columnNumber: 28 }, this);
+exports.frag = React.createElement(React.Fragment, null, React.createElement("div", null));
+exports.selfClosing = React.createElement("img", { src: "./image.png" });
 //// [three.js]
 "use strict";
 Object.defineProperty(exports, "__esModule", { value: true });
 exports.selfClosing = exports.frag = exports.HelloWorld = void 0;
-const jsx_dev_runtime_1 = require("react/jsx-dev-runtime");
-const _jsxFileName = "three.tsx";
 /// <reference path="/.lib/react16.d.ts" />
 /* @jsxRuntime classic */
 /* @jsxRuntime automatic */
-const HelloWorld = () => (0, jsx_dev_runtime_1.jsxDEV)("h1", { children: "Hello world" }, void 0, false, { fileName: _jsxFileName, lineNumber: 4, columnNumber: 33 }, this);
+const HelloWorld = () => React.createElement("h1", null, "Hello world");
 exports.HelloWorld = HelloWorld;
-exports.frag = (0, jsx_dev_runtime_1.jsxDEV)(jsx_dev_runtime_1.Fragment, { children: (0, jsx_dev_runtime_1.jsxDEV)("div", {}, void 0, false, { fileName: _jsxFileName, lineNumber: 5, columnNumber: 23 }, this) }, void 0, false, { fileName: _jsxFileName, lineNumber: 5, columnNumber: 21 }, this);
-exports.selfClosing = (0, jsx_dev_runtime_1.jsxDEV)("img", { src: "./image.png" }, void 0, false, { fileName: _jsxFileName, lineNumber: 6, columnNumber: 28 }, this);
+exports.frag = React.createElement(React.Fragment, null, React.createElement("div", null));
+exports.selfClosing = React.createElement("img", { src: "./image.png" });
 //// [four.js]
 "use strict";
 var __createBinding = (this && this.__createBinding) || (Object.create ? (function(o, m, k, k2) {
@@ -147,8 +142,7 @@
 const React = __importStar(require("react"));
 const HelloWorld = () => React.createElement("h1", null, "Hello world");
 exports.HelloWorld = HelloWorld;
-exports.frag = React.createElement(React.Fragment, null,
-    React.createElement("div", null));
+exports.frag = React.createElement(React.Fragment, null, React.createElement("div", null));
 exports.selfClosing = React.createElement("img", { src: "./image.png" });
 //// [index.js]
 "use strict";

</message>
<stacktrace>
  at org.junit.Assert.fail(Assert.java:89)
  at kotlin.test.junit.JUnitAsserter.fail(JUnitSupport.kt:56)
  at kotlin.test.AssertionsKt__AssertionsKt.fail(Assertions.kt:563)
  at kotlin.test.AssertionsKt.fail(Unknown Source)
  at com.xemantic.kotlin.test.SameAsKt.sameAs(SameAs.kt:52)
  at com.xemantic.typescript.compiler.TypeScriptTestSupportKt.sameAs(TypeScriptTestSupport.kt:99)
  at com.xemantic.typescript.compiler.TypeScriptCompilerTests_J.jsxRuntimePragma_ts__jsx_react-jsxdev__compiles to JavaScript matching baseline(TypeScriptCompilerTests_J.kt:1288)
  at java.base/jdk.internal.reflect.DirectMethodHandleAccessor.invoke(DirectMethodHandleAccessor.java:104)
  at java.base/java.lang.reflect.Method.invoke(Method.java:565)
  at org.junit.runners.model.FrameworkMethod$1.runReflectiveCall(FrameworkMethod.java:59)
  at org.junit.internal.runners.model.ReflectiveCallable.run(ReflectiveCallable.java:12)
  at org.junit.runners.model.FrameworkMethod.invokeExplosively(FrameworkMethod.java:56)
  at org.junit.internal.runners.statements.InvokeMethod.evaluate(InvokeMethod.java:17)
  at org.junit.runners.ParentRunner$3.evaluate(ParentRunner.java:306)
  at org.junit.runners.BlockJUnit4ClassRunner$1.evaluate(BlockJUnit4ClassRunner.java:100)
  at org.junit.runners.ParentRunner.runLeaf(ParentRunner.java:366)
  at org.junit.runners.BlockJUnit4ClassRunner.runChild(BlockJUnit4ClassRunner.java:103)
  at org.junit.runners.BlockJUnit4ClassRunner.runChild(BlockJUnit4ClassRunner.java:63)
  at org.junit.runners.ParentRunner$4.run(ParentRunner.java:331)
  at org.junit.runners.ParentRunner$1.schedule(ParentRunner.java:79)
  at org.junit.runners.ParentRunner.runChildren(ParentRunner.java:329)
  at org.junit.runners.ParentRunner.access$100(ParentRunner.java:66)
  at org.junit.runners.ParentRunner$2.evaluate(ParentRunner.java:293)
  at org.junit.runners.ParentRunner$3.evaluate(ParentRunner.java:306)
  at org.junit.runners.ParentRunner.run(ParentRunner.java:413)
  at org.junit.runner.JUnitCore.run(JUnitCore.java:137)
  at org.junit.runner.JUnitCore.run(JUnitCore.java:115)
  at org.gradle.api.internal.tasks.testing.junit.JUnitTestExecutor.runRequest(JUnitTestExecutor.java:175)
  at org.gradle.api.internal.tasks.testing.junit.JUnitTestExecutor.accept(JUnitTestExecutor.java:84)
  at org.gradle.api.internal.tasks.testing.junit.JUnitTestExecutor.accept(JUnitTestExecutor.java:47)
  at org.gradle.api.internal.tasks.testing.junit.AbstractJUnitTestDefinitionProcessor.processTestDefinition(AbstractJUnitTestDefinitionProcessor.java:65)
  at org.gradle.api.internal.tasks.testing.SuiteTestDefinitionProcessor.processTestDefinition(SuiteTestDefinitionProcessor.java:54)
  at java.base/jdk.internal.reflect.DirectMethodHandleAccessor.invoke(DirectMethodHandleAccessor.java:104)
  at java.base/java.lang.reflect.Method.invoke(Method.java:565)
  at org.gradle.internal.dispatch.MethodInvocation.invokeOn(MethodInvocation.java:77)
  at org.gradle.internal.dispatch.ReflectionDispatch.dispatch(ReflectionDispatch.java:28)
  at org.gradle.internal.dispatch.ReflectionDispatch.dispatch(ReflectionDispatch.java:19)
  at org.gradle.internal.dispatch.ContextClassLoaderDispatch.dispatch(ContextClassLoaderDispatch.java:33)
  at org.gradle.internal.dispatch.ProxyDispatchAdapter$DispatchingInvocationHandler.invoke(ProxyDispatchAdapter.java:88)
  at jdk.proxy1/jdk.proxy1.$Proxy4.processTestDefinition(Unknown Source)
  at org.gradle.api.internal.tasks.testing.worker.TestWorker$2.run(TestWorker.java:178)
  at org.gradle.api.internal.tasks.testing.worker.TestWorker.executeAndMaintainThreadName(TestWorker.java:126)
  at org.gradle.api.internal.tasks.testing.worker.TestWorker.execute(TestWorker.java:103)
  at org.gradle.api.internal.tasks.testing.worker.TestWorker.execute(TestWorker.java:63)
  at org.gradle.process.internal.worker.child.ActionExecutionWorker.execute(ActionExecutionWorker.java:56)
  at org.gradle.process.internal.worker.child.SystemApplicationClassLoaderWorker.call(SystemApplicationClassLoaderWorker.java:122)
  at org.gradle.process.internal.worker.child.SystemApplicationClassLoaderWorker.call(SystemApplicationClassLoaderWorker.java:72)
  at worker.org.gradle.process.internal.worker.GradleWorkerMain.run(GradleWorkerMain.java:69)
  at worker.org.gradle.process.internal.worker.GradleWorkerMain.main(GradleWorkerMain.java:74)
</stacktrace>
</test-failure>


TypeScriptCompilerTests_J[jvm] > jsxRuntimePragma_ts__jsx_react-jsxdev__compiles to JavaScript matching baseline[jvm] FAILED

<test-failure test="com.xemantic.typescript.compiler.TypeScriptCompilerTests_J.jsFileClassPropertyType2_ts has expected errors matching jsFileClassPropertyType2_errors_txt" platform="jvm">
<message>
Expected diagnostics from baseline typescript-repo/tests/baselines/reference/jsFileClassPropertyType2.errors.txt but none produced
</message>
<stacktrace>
  at com.xemantic.typescript.compiler.TypeScriptTestSupportKt.errorsMatchBaseline(TypeScriptTestSupport.kt:125)
  at com.xemantic.typescript.compiler.TypeScriptCompilerTests_J.jsFileClassPropertyType2_ts has expected errors matching jsFileClassPropertyType2_errors_txt(TypeScriptCompilerTests_J.kt:175)
  at java.base/jdk.internal.reflect.DirectMethodHandleAccessor.invoke(DirectMethodHandleAccessor.java:104)
  at java.base/java.lang.reflect.Method.invoke(Method.java:565)
  at org.junit.runners.model.FrameworkMethod$1.runReflectiveCall(FrameworkMethod.java:59)
  at org.junit.internal.runners.model.ReflectiveCallable.run(ReflectiveCallable.java:12)
  at org.junit.runners.model.FrameworkMethod.invokeExplosively(FrameworkMethod.java:56)
  at org.junit.internal.runners.statements.InvokeMethod.evaluate(InvokeMethod.java:17)
  at org.junit.runners.ParentRunner$3.evaluate(ParentRunner.java:306)
  at org.junit.runners.BlockJUnit4ClassRunner$1.evaluate(BlockJUnit4ClassRunner.java:100)
  at org.junit.runners.ParentRunner.runLeaf(ParentRunner.java:366)
  at org.junit.runners.BlockJUnit4ClassRunner.runChild(BlockJUnit4ClassRunner.java:103)
  at org.junit.runners.BlockJUnit4ClassRunner.runChild(BlockJUnit4ClassRunner.java:63)
  at org.junit.runners.ParentRunner$4.run(ParentRunner.java:331)
  at org.junit.runners.ParentRunner$1.schedule(ParentRunner.java:79)
  at org.junit.runners.ParentRunner.runChildren(ParentRunner.java:329)
  at org.junit.runners.ParentRunner.access$100(ParentRunner.java:66)
  at org.junit.runners.ParentRunner$2.evaluate(ParentRunner.java:293)
  at org.junit.runners.ParentRunner$3.evaluate(ParentRunner.java:306)
  at org.junit.runners.ParentRunner.run(ParentRunner.java:413)
  at org.junit.runner.JUnitCore.run(JUnitCore.java:137)
  at org.junit.runner.JUnitCore.run(JUnitCore.java:115)
  at org.gradle.api.internal.tasks.testing.junit.JUnitTestExecutor.runRequest(JUnitTestExecutor.java:175)
  at org.gradle.api.internal.tasks.testing.junit.JUnitTestExecutor.accept(JUnitTestExecutor.java:84)
  at org.gradle.api.internal.tasks.testing.junit.JUnitTestExecutor.accept(JUnitTestExecutor.java:47)
  at org.gradle.api.internal.tasks.testing.junit.AbstractJUnitTestDefinitionProcessor.processTestDefinition(AbstractJUnitTestDefinitionProcessor.java:65)
  at org.gradle.api.internal.tasks.testing.SuiteTestDefinitionProcessor.processTestDefinition(SuiteTestDefinitionProcessor.java:54)
  at java.base/jdk.internal.reflect.DirectMethodHandleAccessor.invoke(DirectMethodHandleAccessor.java:104)
  at java.base/java.lang.reflect.Method.invoke(Method.java:565)
  at org.gradle.internal.dispatch.MethodInvocation.invokeOn(MethodInvocation.java:77)
  at org.gradle.internal.dispatch.ReflectionDispatch.dispatch(ReflectionDispatch.java:28)
  at org.gradle.internal.dispatch.ReflectionDispatch.dispatch(ReflectionDispatch.java:19)
  at org.gradle.internal.dispatch.ContextClassLoaderDispatch.dispatch(ContextClassLoaderDispatch.java:33)
  at org.gradle.internal.dispatch.ProxyDispatchAdapter$DispatchingInvocationHandler.invoke(ProxyDispatchAdapter.java:88)
  at jdk.proxy1/jdk.proxy1.$Proxy4.processTestDefinition(Unknown Source)
  at org.gradle.api.internal.tasks.testing.worker.TestWorker$2.run(TestWorker.java:178)
  at org.gradle.api.internal.tasks.testing.worker.TestWorker.executeAndMaintainThreadName(TestWorker.java:126)
  at org.gradle.api.internal.tasks.testing.worker.TestWorker.execute(TestWorker.java:103)
  at org.gradle.api.internal.tasks.testing.worker.TestWorker.execute(TestWorker.java:63)
  at org.gradle.process.internal.worker.child.ActionExecutionWorker.execute(ActionExecutionWorker.java:56)
  at org.gradle.process.internal.worker.child.SystemApplicationClassLoaderWorker.call(SystemApplicationClassLoaderWorker.java:122)
  at org.gradle.process.internal.worker.child.SystemApplicationClassLoaderWorker.call(SystemApplicationClassLoaderWorker.java:72)
  at worker.org.gradle.process.internal.worker.GradleWorkerMain.run(GradleWorkerMain.java:69)
  at worker.org.gradle.process.internal.worker.GradleWorkerMain.main(GradleWorkerMain.java:74)
</stacktrace>
</test-failure>


TypeScriptCompilerTests_J[jvm] > jsFileClassPropertyType2_ts has expected errors matching jsFileClassPropertyType2_errors_txt[jvm] FAILED

<test-failure test="com.xemantic.typescript.compiler.TypeScriptCompilerTests_J.jsFileCompilationTypeAssertions_ts has expected errors matching jsFileCompilationTypeAssertions_errors_txt" platform="jvm">
<message>
--- expected
+++ actual
@@ -1,17 +1,14 @@
 error TS5101: Option 'outFile' is deprecated and will stop functioning in TypeScript 7.0. Specify compilerOption '"ignoreDeprecations": "6.0"' to silence this error.
 /src/a.js(1,6): error TS8016: Type assertion expressions can only be used in TypeScript files.
-/src/a.js(2,10): error TS17008: JSX element 'string' has no corresponding closing tag.
-/src/a.js(3,1): error TS1005: '</' expected.
+/src/a.js(3,1): error TS1005: '<' expected.
 
 
 !!! error TS5101: Option 'outFile' is deprecated and will stop functioning in TypeScript 7.0. Specify compilerOption '"ignoreDeprecations": "6.0"' to silence this error.
-==== /src/a.js (3 errors) ====
+==== /src/a.js (2 errors) ====
     0 as number;
          ~~~~~~
 !!! error TS8016: Type assertion expressions can only be used in TypeScript files.
     var v = <string>undefined;
-             ~~~~~~
-!!! error TS17008: JSX element 'string' has no corresponding closing tag.
     
     
-!!! error TS1005: '</' expected.
+!!! error TS1005: '<' expected.

</message>
<stacktrace>
  at org.junit.Assert.fail(Assert.java:89)
  at kotlin.test.junit.JUnitAsserter.fail(JUnitSupport.kt:56)
  at kotlin.test.AssertionsKt__AssertionsKt.fail(Assertions.kt:563)
  at kotlin.test.AssertionsKt.fail(Unknown Source)
  at com.xemantic.kotlin.test.SameAsKt.sameAs(SameAs.kt:52)
  at com.xemantic.typescript.compiler.TypeScriptTestSupportKt.errorsMatchBaseline(TypeScriptTestSupport.kt:135)
  at com.xemantic.typescript.compiler.TypeScriptCompilerTests_J.jsFileCompilationTypeAssertions_ts has expected errors matching jsFileCompilationTypeAssertions_errors_txt(TypeScriptCompilerTests_J.kt:665)
  at java.base/jdk.internal.reflect.DirectMethodHandleAccessor.invoke(DirectMethodHandleAccessor.java:104)
  at java.base/java.lang.reflect.Method.invoke(Method.java:565)
  at org.junit.runners.model.FrameworkMethod$1.runReflectiveCall(FrameworkMethod.java:59)
  at org.junit.internal.runners.model.ReflectiveCallable.run(ReflectiveCallable.java:12)
  at org.junit.runners.model.FrameworkMethod.invokeExplosively(FrameworkMethod.java:56)
  at org.junit.internal.runners.statements.InvokeMethod.evaluate(InvokeMethod.java:17)
  at org.junit.runners.ParentRunner$3.evaluate(ParentRunner.java:306)
  at org.junit.runners.BlockJUnit4ClassRunner$1.evaluate(BlockJUnit4ClassRunner.java:100)
  at org.junit.runners.ParentRunner.runLeaf(ParentRunner.java:366)
  at org.junit.runners.BlockJUnit4ClassRunner.runChild(BlockJUnit4ClassRunner.java:103)
  at org.junit.runners.BlockJUnit4ClassRunner.runChild(BlockJUnit4ClassRunner.java:63)
  at org.junit.runners.ParentRunner$4.run(ParentRunner.java:331)
  at org.junit.runners.ParentRunner$1.schedule(ParentRunner.java:79)
  at org.junit.runners.ParentRunner.runChildren(ParentRunner.java:329)
  at org.junit.runners.ParentRunner.access$100(ParentRunner.java:66)
  at org.junit.runners.ParentRunner$2.evaluate(ParentRunner.java:293)
  at org.junit.runners.ParentRunner$3.evaluate(ParentRunner.java:306)
  at org.junit.runners.ParentRunner.run(ParentRunner.java:413)
  at org.junit.runner.JUnitCore.run(JUnitCore.java:137)
  at org.junit.runner.JUnitCore.run(JUnitCore.java:115)
  at org.gradle.api.internal.tasks.testing.junit.JUnitTestExecutor.runRequest(JUnitTestExecutor.java:175)
  at org.gradle.api.internal.tasks.testing.junit.JUnitTestExecutor.accept(JUnitTestExecutor.java:84)
  at org.gradle.api.internal.tasks.testing.junit.JUnitTestExecutor.accept(JUnitTestExecutor.java:47)
  at org.gradle.api.internal.tasks.testing.junit.AbstractJUnitTestDefinitionProcessor.processTestDefinition(AbstractJUnitTestDefinitionProcessor.java:65)
  at org.gradle.api.internal.tasks.testing.SuiteTestDefinitionProcessor.processTestDefinition(SuiteTestDefinitionProcessor.java:54)
  at java.base/jdk.internal.reflect.DirectMethodHandleAccessor.invoke(DirectMethodHandleAccessor.java:104)
  at java.base/java.lang.reflect.Method.invoke(Method.java:565)
  at org.gradle.internal.dispatch.MethodInvocation.invokeOn(MethodInvocation.java:77)
  at org.gradle.internal.dispatch.ReflectionDispatch.dispatch(ReflectionDispatch.java:28)
  at org.gradle.internal.dispatch.ReflectionDispatch.dispatch(ReflectionDispatch.java:19)
  at org.gradle.internal.dispatch.ContextClassLoaderDispatch.dispatch(ContextClassLoaderDispatch.java:33)
  at org.gradle.internal.dispatch.ProxyDispatchAdapter$DispatchingInvocationHandler.invoke(ProxyDispatchAdapter.java:88)
  at jdk.proxy1/jdk.proxy1.$Proxy4.processTestDefinition(Unknown Source)
  at org.gradle.api.internal.tasks.testing.worker.TestWorker$2.run(TestWorker.java:178)
  at org.gradle.api.internal.tasks.testing.worker.TestWorker.executeAndMaintainThreadName(TestWorker.java:126)
  at org.gradle.api.internal.tasks.testing.worker.TestWorker.execute(TestWorker.java:103)
  at org.gradle.api.internal.tasks.testing.worker.TestWorker.execute(TestWorker.java:63)
  at org.gradle.process.internal.worker.child.ActionExecutionWorker.execute(ActionExecutionWorker.java:56)
  at org.gradle.process.internal.worker.child.SystemApplicationClassLoaderWorker.call(SystemApplicationClassLoaderWorker.java:122)
  at org.gradle.process.internal.worker.child.SystemApplicationClassLoaderWorker.call(SystemApplicationClassLoaderWorker.java:72)
  at worker.org.gradle.process.internal.worker.GradleWorkerMain.run(GradleWorkerMain.java:69)
  at worker.org.gradle.process.internal.worker.GradleWorkerMain.main(GradleWorkerMain.java:74)
</stacktrace>
</test-failure>


TypeScriptCompilerTests_J[jvm] > jsFileCompilationTypeAssertions_ts has expected errors matching jsFileCompilationTypeAssertions_errors_txt[jvm] FAILED

<test-failure test="com.xemantic.typescript.compiler.TypeScriptCompilerTests_J.jsxRuntimePragma_ts__jsx_react-jsx__compiles to JavaScript matching baseline" platform="jvm">
<message>
--- expected
+++ actual
@@ -76,32 +76,29 @@
 const React = __importStar(require("react"));
 const HelloWorld = () => React.createElement("h1", null, "Hello world");
 exports.HelloWorld = HelloWorld;
-exports.frag = React.createElement(React.Fragment, null,
-    React.createElement("div", null));
+exports.frag = React.createElement(React.Fragment, null, React.createElement("div", null));
 exports.selfClosing = React.createElement("img", { src: "./image.png" });
 //// [two.js]
 "use strict";
 Object.defineProperty(exports, "__esModule", { value: true });
 exports.selfClosing = exports.frag = exports.HelloWorld = void 0;
-const jsx_runtime_1 = require("react/jsx-runtime");
 /// <reference path="/.lib/react16.d.ts" />
 /* @jsxRuntime automatic */
-const HelloWorld = () => (0, jsx_runtime_1.jsx)("h1", { children: "Hello world" });
+const HelloWorld = () => React.createElement("h1", null, "Hello world");
 exports.HelloWorld = HelloWorld;
-exports.frag = (0, jsx_runtime_1.jsx)(jsx_runtime_1.Fragment, { children: (0, jsx_runtime_1.jsx)("div", {}) });
-exports.selfClosing = (0, jsx_runtime_1.jsx)("img", { src: "./image.png" });
+exports.frag = React.createElement(React.Fragment, null, React.createElement("div", null));
+exports.selfClosing = React.createElement("img", { src: "./image.png" });
 //// [three.js]
 "use strict";
 Object.defineProperty(exports, "__esModule", { value: true });
 exports.selfClosing = exports.frag = exports.HelloWorld = void 0;
-const jsx_runtime_1 = require("react/jsx-runtime");
 /// <reference path="/.lib/react16.d.ts" />
 /* @jsxRuntime classic */
 /* @jsxRuntime automatic */
-const HelloWorld = () => (0, jsx_runtime_1.jsx)("h1", { children: "Hello world" });
+const HelloWorld = () => React.createElement("h1", null, "Hello world");
 exports.HelloWorld = HelloWorld;
-exports.frag = (0, jsx_runtime_1.jsx)(jsx_runtime_1.Fragment, { children: (0, jsx_runtime_1.jsx)("div", {}) });
-exports.selfClosing = (0, jsx_runtime_1.jsx)("img", { src: "./image.png" });
+exports.frag = React.createElement(React.Fragment, null, React.createElement("div", null));
+exports.selfClosing = React.createElement("img", { src: "./image.png" });
 //// [four.js]
 "use strict";
 var __createBinding = (this && this.__createBinding) || (Object.create ? (function(o, m, k, k2) {
@@ -145,8 +142,7 @@
 const React = __importStar(require("react"));
 const HelloWorld = () => React.createElement("h1", null, "Hello world");
 exports.HelloWorld = HelloWorld;
-exports.frag = React.createElement(React.Fragment, null,
-    React.createElement("div", null));
+exports.frag = React.createElement(React.Fragment, null, React.createElement("div", null));
 exports.selfClosing = React.createElement("img", { src: "./image.png" });
 //// [index.js]
 "use strict";

</message>
<stacktrace>
  at org.junit.Assert.fail(Assert.java:89)
  at kotlin.test.junit.JUnitAsserter.fail(JUnitSupport.kt:56)
  at kotlin.test.AssertionsKt__AssertionsKt.fail(Assertions.kt:563)
  at kotlin.test.AssertionsKt.fail(Unknown Source)
  at com.xemantic.kotlin.test.SameAsKt.sameAs(SameAs.kt:52)
  at com.xemantic.typescript.compiler.TypeScriptTestSupportKt.sameAs(TypeScriptTestSupport.kt:99)
  at com.xemantic.typescript.compiler.TypeScriptCompilerTests_J.jsxRuntimePragma_ts__jsx_react-jsx__compiles to JavaScript matching baseline(TypeScriptCompilerTests_J.kt:1281)
  at java.base/jdk.internal.reflect.DirectMethodHandleAccessor.invoke(DirectMethodHandleAccessor.java:104)
  at java.base/java.lang.reflect.Method.invoke(Method.java:565)
  at org.junit.runners.model.FrameworkMethod$1.runReflectiveCall(FrameworkMethod.java:59)
  at org.junit.internal.runners.model.ReflectiveCallable.run(ReflectiveCallable.java:12)
  at org.junit.runners.model.FrameworkMethod.invokeExplosively(FrameworkMethod.java:56)
  at org.junit.internal.runners.statements.InvokeMethod.evaluate(InvokeMethod.java:17)
  at org.junit.runners.ParentRunner$3.evaluate(ParentRunner.java:306)
  at org.junit.runners.BlockJUnit4ClassRunner$1.evaluate(BlockJUnit4ClassRunner.java:100)
  at org.junit.runners.ParentRunner.runLeaf(ParentRunner.java:366)
  at org.junit.runners.BlockJUnit4ClassRunner.runChild(BlockJUnit4ClassRunner.java:103)
  at org.junit.runners.BlockJUnit4ClassRunner.runChild(BlockJUnit4ClassRunner.java:63)
  at org.junit.runners.ParentRunner$4.run(ParentRunner.java:331)
  at org.junit.runners.ParentRunner$1.schedule(ParentRunner.java:79)
  at org.junit.runners.ParentRunner.runChildren(ParentRunner.java:329)
  at org.junit.runners.ParentRunner.access$100(ParentRunner.java:66)
  at org.junit.runners.ParentRunner$2.evaluate(ParentRunner.java:293)
  at org.junit.runners.ParentRunner$3.evaluate(ParentRunner.java:306)
  at org.junit.runners.ParentRunner.run(ParentRunner.java:413)
  at org.junit.runner.JUnitCore.run(JUnitCore.java:137)
  at org.junit.runner.JUnitCore.run(JUnitCore.java:115)
  at org.gradle.api.internal.tasks.testing.junit.JUnitTestExecutor.runRequest(JUnitTestExecutor.java:175)
  at org.gradle.api.internal.tasks.testing.junit.JUnitTestExecutor.accept(JUnitTestExecutor.java:84)
  at org.gradle.api.internal.tasks.testing.junit.JUnitTestExecutor.accept(JUnitTestExecutor.java:47)
  at org.gradle.api.internal.tasks.testing.junit.AbstractJUnitTestDefinitionProcessor.processTestDefinition(AbstractJUnitTestDefinitionProcessor.java:65)
  at org.gradle.api.internal.tasks.testing.SuiteTestDefinitionProcessor.processTestDefinition(SuiteTestDefinitionProcessor.java:54)
  at java.base/jdk.internal.reflect.DirectMethodHandleAccessor.invoke(DirectMethodHandleAccessor.java:104)
  at java.base/java.lang.reflect.Method.invoke(Method.java:565)
  at org.gradle.internal.dispatch.MethodInvocation.invokeOn(MethodInvocation.java:77)
  at org.gradle.internal.dispatch.ReflectionDispatch.dispatch(ReflectionDispatch.java:28)
  at org.gradle.internal.dispatch.ReflectionDispatch.dispatch(ReflectionDispatch.java:19)
  at org.gradle.internal.dispatch.ContextClassLoaderDispatch.dispatch(ContextClassLoaderDispatch.java:33)
  at org.gradle.internal.dispatch.ProxyDispatchAdapter$DispatchingInvocationHandler.invoke(ProxyDispatchAdapter.java:88)
  at jdk.proxy1/jdk.proxy1.$Proxy4.processTestDefinition(Unknown Source)
  at org.gradle.api.internal.tasks.testing.worker.TestWorker$2.run(TestWorker.java:178)
  at org.gradle.api.internal.tasks.testing.worker.TestWorker.executeAndMaintainThreadName(TestWorker.java:126)
  at org.gradle.api.internal.tasks.testing.worker.TestWorker.execute(TestWorker.java:103)
  at org.gradle.api.internal.tasks.testing.worker.TestWorker.execute(TestWorker.java:63)
  at org.gradle.process.internal.worker.child.ActionExecutionWorker.execute(ActionExecutionWorker.java:56)
  at org.gradle.process.internal.worker.child.SystemApplicationClassLoaderWorker.call(SystemApplicationClassLoaderWorker.java:122)
  at org.gradle.process.internal.worker.child.SystemApplicationClassLoaderWorker.call(SystemApplicationClassLoaderWorker.java:72)
  at worker.org.gradle.process.internal.worker.GradleWorkerMain.run(GradleWorkerMain.java:69)
  at worker.org.gradle.process.internal.worker.GradleWorkerMain.main(GradleWorkerMain.java:74)
</stacktrace>
</test-failure>


TypeScriptCompilerTests_J[jvm] > jsxRuntimePragma_ts__jsx_react-jsx__compiles to JavaScript matching baseline[jvm] FAILED

<test-failure test="com.xemantic.typescript.compiler.TypeScriptCompilerTests_J.jsdocInTypeScript_ts has expected errors matching jsdocInTypeScript_errors_txt" platform="jvm">
<message>
--- expected
+++ actual
@@ -1,12 +1,9 @@
 jsdocInTypeScript.ts(16,23): error TS2304: Cannot find name 'MyType'.
-jsdocInTypeScript.ts(23,33): error TS2362: The left-hand side of an arithmetic operation must be of type 'any', 'number', 'bigint' or an enum type.
 jsdocInTypeScript.ts(25,3): error TS2345: Argument of type 'number' is not assignable to parameter of type 'boolean'.
-jsdocInTypeScript.ts(25,15): error TS2339: Property 'length' does not exist on type 'number'.
-jsdocInTypeScript.ts(30,3): error TS2339: Property 'x' does not exist on type '{}'.
-jsdocInTypeScript.ts(42,12): error TS2503: Cannot find namespace 'N'.
+jsdocInTypeScript.ts(37,41): error TS2344: Type 'T' does not satisfy the constraint 'number'.
 
 
-==== jsdocInTypeScript.ts (6 errors) ====
+==== jsdocInTypeScript.ts (3 errors) ====
     // JSDoc typedef tags are not bound TypeScript files.
     /** @typedef {function} T */
     declare const x: T;
@@ -32,21 +29,15 @@
      * @returns string
      */
     function f(x: boolean) { return x * 2; } // Should error
-                                    ~
-!!! error TS2362: The left-hand side of an arithmetic operation must be of type 'any', 'number', 'bigint' or an enum type.
     // Should fail, because it takes a boolean and returns a number
     f(1); f(true).length;
       ~
 !!! error TS2345: Argument of type 'number' is not assignable to parameter of type 'boolean'.
-                  ~~~~~~
-!!! error TS2339: Property 'length' does not exist on type 'number'.
     
     // @type has no effect either.
     /** @type {{ x?: number }} */
     const z = {};
     z.x = 1; // Error
-      ~
-!!! error TS2339: Property 'x' does not exist on type '{}'.
     
     // @template tag should not interfere with constraint or default.
     /** @template T */
@@ -54,13 +45,13 @@
     
     /** @template T */
     function tem<T extends number>(t: T): I<T> { return {}; }
+                                            ~
+!!! error TS2344: Type 'T' does not satisfy the constraint 'number'.
     
     let i: I; // Should succeed thanks to type parameter default
     
     /** @typedef {string} N.Str */
     import M = N; // Error: @typedef does not create namespaces in TypeScript code.
-               ~
-!!! error TS2503: Cannot find namespace 'N'.
     
     // Not legal JSDoc, but that shouldn't matter in TypeScript.
     /**

</message>
<stacktrace>
  at org.junit.Assert.fail(Assert.java:89)
  at kotlin.test.junit.JUnitAsserter.fail(JUnitSupport.kt:56)
  at kotlin.test.AssertionsKt__AssertionsKt.fail(Assertions.kt:563)
  at kotlin.test.AssertionsKt.fail(Unknown Source)
  at com.xemantic.kotlin.test.SameAsKt.sameAs(SameAs.kt:52)
  at com.xemantic.typescript.compiler.TypeScriptTestSupportKt.errorsMatchBaseline(TypeScriptTestSupport.kt:135)
  at com.xemantic.typescript.compiler.TypeScriptCompilerTests_J.jsdocInTypeScript_ts has expected errors matching jsdocInTypeScript_errors_txt(TypeScriptCompilerTests_J.kt:1008)
  at java.base/jdk.internal.reflect.DirectMethodHandleAccessor.invoke(DirectMethodHandleAccessor.java:104)
  at java.base/java.lang.reflect.Method.invoke(Method.java:565)
  at org.junit.runners.model.FrameworkMethod$1.runReflectiveCall(FrameworkMethod.java:59)
  at org.junit.internal.runners.model.ReflectiveCallable.run(ReflectiveCallable.java:12)
  at org.junit.runners.model.FrameworkMethod.invokeExplosively(FrameworkMethod.java:56)
  at org.junit.internal.runners.statements.InvokeMethod.evaluate(InvokeMethod.java:17)
  at org.junit.runners.ParentRunner$3.evaluate(ParentRunner.java:306)
  at org.junit.runners.BlockJUnit4ClassRunner$1.evaluate(BlockJUnit4ClassRunner.java:100)
  at org.junit.runners.ParentRunner.runLeaf(ParentRunner.java:366)
  at org.junit.runners.BlockJUnit4ClassRunner.runChild(BlockJUnit4ClassRunner.java:103)
  at org.junit.runners.BlockJUnit4ClassRunner.runChild(BlockJUnit4ClassRunner.java:63)
  at org.junit.runners.ParentRunner$4.run(ParentRunner.java:331)
  at org.junit.runners.ParentRunner$1.schedule(ParentRunner.java:79)
  at org.junit.runners.ParentRunner.runChildren(ParentRunner.java:329)
  at org.junit.runners.ParentRunner.access$100(ParentRunner.java:66)
  at org.junit.runners.ParentRunner$2.evaluate(ParentRunner.java:293)
  at org.junit.runners.ParentRunner$3.evaluate(ParentRunner.java:306)
  at org.junit.runners.ParentRunner.run(ParentRunner.java:413)
  at org.junit.runner.JUnitCore.run(JUnitCore.java:137)
  at org.junit.runner.JUnitCore.run(JUnitCore.java:115)
  at org.gradle.api.internal.tasks.testing.junit.JUnitTestExecutor.runRequest(JUnitTestExecutor.java:175)
  at org.gradle.api.internal.tasks.testing.junit.JUnitTestExecutor.accept(JUnitTestExecutor.java:84)
  at org.gradle.api.internal.tasks.testing.junit.JUnitTestExecutor.accept(JUnitTestExecutor.java:47)
  at org.gradle.api.internal.tasks.testing.junit.AbstractJUnitTestDefinitionProcessor.processTestDefinition(AbstractJUnitTestDefinitionProcessor.java:65)
  at org.gradle.api.internal.tasks.testing.SuiteTestDefinitionProcessor.processTestDefinition(SuiteTestDefinitionProcessor.java:54)
  at java.base/jdk.internal.reflect.DirectMethodHandleAccessor.invoke(DirectMethodHandleAccessor.java:104)
  at java.base/java.lang.reflect.Method.invoke(Method.java:565)
  at org.gradle.internal.dispatch.MethodInvocation.invokeOn(MethodInvocation.java:77)
  at org.gradle.internal.dispatch.ReflectionDispatch.dispatch(ReflectionDispatch.java:28)
  at org.gradle.internal.dispatch.ReflectionDispatch.dispatch(ReflectionDispatch.java:19)
  at org.gradle.internal.dispatch.ContextClassLoaderDispatch.dispatch(ContextClassLoaderDispatch.java:33)
  at org.gradle.internal.dispatch.ProxyDispatchAdapter$DispatchingInvocationHandler.invoke(ProxyDispatchAdapter.java:88)
  at jdk.proxy1/jdk.proxy1.$Proxy4.processTestDefinition(Unknown Source)
  at org.gradle.api.internal.tasks.testing.worker.TestWorker$2.run(TestWorker.java:178)
  at org.gradle.api.internal.tasks.testing.worker.TestWorker.executeAndMaintainThreadName(TestWorker.java:126)
  at org.gradle.api.internal.tasks.testing.worker.TestWorker.execute(TestWorker.java:103)
  at org.gradle.api.internal.tasks.testing.worker.TestWorker.execute(TestWorker.java:63)
  at org.gradle.process.internal.worker.child.ActionExecutionWorker.execute(ActionExecutionWorker.java:56)
  at org.gradle.process.internal.worker.child.SystemApplicationClassLoaderWorker.call(SystemApplicationClassLoaderWorker.java:122)
  at org.gradle.process.internal.worker.child.SystemApplicationClassLoaderWorker.call(SystemApplicationClassLoaderWorker.java:72)
  at worker.org.gradle.process.internal.worker.GradleWorkerMain.run(GradleWorkerMain.java:69)
  at worker.org.gradle.process.internal.worker.GradleWorkerMain.main(GradleWorkerMain.java:74)
</stacktrace>
</test-failure>


TypeScriptCompilerTests_J[jvm] > jsdocInTypeScript_ts has expected errors matching jsdocInTypeScript_errors_txt[jvm] FAILED

<test-failure test="com.xemantic.typescript.compiler.TypeScriptCompilerTests_J.jsdocResolveNameFailureInTypedef_ts has expected errors matching jsdocResolveNameFailureInTypedef_errors_txt" platform="jvm">
<message>
Expected diagnostics from baseline typescript-repo/tests/baselines/reference/jsdocResolveNameFailureInTypedef.errors.txt but none produced
</message>
<stacktrace>
  at com.xemantic.typescript.compiler.TypeScriptTestSupportKt.errorsMatchBaseline(TypeScriptTestSupport.kt:125)
  at com.xemantic.typescript.compiler.TypeScriptCompilerTests_J.jsdocResolveNameFailureInTypedef_ts has expected errors matching jsdocResolveNameFailureInTypedef_errors_txt(TypeScriptCompilerTests_J.kt:1050)
  at java.base/jdk.internal.reflect.DirectMethodHandleAccessor.invoke(DirectMethodHandleAccessor.java:104)
  at java.base/java.lang.reflect.Method.invoke(Method.java:565)
  at org.junit.runners.model.FrameworkMethod$1.runReflectiveCall(FrameworkMethod.java:59)
  at org.junit.internal.runners.model.ReflectiveCallable.run(ReflectiveCallable.java:12)
  at org.junit.runners.model.FrameworkMethod.invokeExplosively(FrameworkMethod.java:56)
  at org.junit.internal.runners.statements.InvokeMethod.evaluate(InvokeMethod.java:17)
  at org.junit.runners.ParentRunner$3.evaluate(ParentRunner.java:306)
  at org.junit.runners.BlockJUnit4ClassRunner$1.evaluate(BlockJUnit4ClassRunner.java:100)
  at org.junit.runners.ParentRunner.runLeaf(ParentRunner.java:366)
  at org.junit.runners.BlockJUnit4ClassRunner.runChild(BlockJUnit4ClassRunner.java:103)
  at org.junit.runners.BlockJUnit4ClassRunner.runChild(BlockJUnit4ClassRunner.java:63)
  at org.junit.runners.ParentRunner$4.run(ParentRunner.java:331)
  at org.junit.runners.ParentRunner$1.schedule(ParentRunner.java:79)
  at org.junit.runners.ParentRunner.runChildren(ParentRunner.java:329)
  at org.junit.runners.ParentRunner.access$100(ParentRunner.java:66)
  at org.junit.runners.ParentRunner$2.evaluate(ParentRunner.java:293)
  at org.junit.runners.ParentRunner$3.evaluate(ParentRunner.java:306)
  at org.junit.runners.ParentRunner.run(ParentRunner.java:413)
  at org.junit.runner.JUnitCore.run(JUnitCore.java:137)
  at org.junit.runner.JUnitCore.run(JUnitCore.java:115)
  at org.gradle.api.internal.tasks.testing.junit.JUnitTestExecutor.runRequest(JUnitTestExecutor.java:175)
  at org.gradle.api.internal.tasks.testing.junit.JUnitTestExecutor.accept(JUnitTestExecutor.java:84)
  at org.gradle.api.internal.tasks.testing.junit.JUnitTestExecutor.accept(JUnitTestExecutor.java:47)
  at org.gradle.api.internal.tasks.testing.junit.AbstractJUnitTestDefinitionProcessor.processTestDefinition(AbstractJUnitTestDefinitionProcessor.java:65)
  at org.gradle.api.internal.tasks.testing.SuiteTestDefinitionProcessor.processTestDefinition(SuiteTestDefinitionProcessor.java:54)
  at java.base/jdk.internal.reflect.DirectMethodHandleAccessor.invoke(DirectMethodHandleAccessor.java:104)
  at java.base/java.lang.reflect.Method.invoke(Method.java:565)
  at org.gradle.internal.dispatch.MethodInvocation.invokeOn(MethodInvocation.java:77)
  at org.gradle.internal.dispatch.ReflectionDispatch.dispatch(ReflectionDispatch.java:28)
  at org.gradle.internal.dispatch.ReflectionDispatch.dispatch(ReflectionDispatch.java:19)
  at org.gradle.internal.dispatch.ContextClassLoaderDispatch.dispatch(ContextClassLoaderDispatch.java:33)
  at org.gradle.internal.dispatch.ProxyDispatchAdapter$DispatchingInvocationHandler.invoke(ProxyDispatchAdapter.java:88)
  at jdk.proxy1/jdk.proxy1.$Proxy4.processTestDefinition(Unknown Source)
  at org.gradle.api.internal.tasks.testing.worker.TestWorker$2.run(TestWorker.java:178)
  at org.gradle.api.internal.tasks.testing.worker.TestWorker.executeAndMaintainThreadName(TestWorker.java:126)
  at org.gradle.api.internal.tasks.testing.worker.TestWorker.execute(TestWorker.java:103)
  at org.gradle.api.internal.tasks.testing.worker.TestWorker.execute(TestWorker.java:63)
  at org.gradle.process.internal.worker.child.ActionExecutionWorker.execute(ActionExecutionWorker.java:56)
  at org.gradle.process.internal.worker.child.SystemApplicationClassLoaderWorker.call(SystemApplicationClassLoaderWorker.java:122)
  at org.gradle.process.internal.worker.child.SystemApplicationClassLoaderWorker.call(SystemApplicationClassLoaderWorker.java:72)
  at worker.org.gradle.process.internal.worker.GradleWorkerMain.run(GradleWorkerMain.java:69)
  at worker.org.gradle.process.internal.worker.GradleWorkerMain.main(GradleWorkerMain.java:74)
</stacktrace>
</test-failure>


TypeScriptCompilerTests_J[jvm] > jsdocResolveNameFailureInTypedef_ts has expected errors matching jsdocResolveNameFailureInTypedef_errors_txt[jvm] FAILED

<test-failure test="com.xemantic.typescript.compiler.TypeScriptCompilerTests_J.jsdocArrayObjectPromiseNoImplicitAny_ts has expected errors matching jsdocArrayObjectPromiseNoImplicitAny_errors_txt" platform="jvm">
<message>
--- expected
+++ actual
@@ -1,16 +1,10 @@
-jsdocArrayObjectPromiseNoImplicitAny.js(1,12): error TS2314: Generic type 'Array<T>' requires 1 type argument(s).
-jsdocArrayObjectPromiseNoImplicitAny.js(8,12): error TS2314: Generic type 'Array<T>' requires 1 type argument(s).
-jsdocArrayObjectPromiseNoImplicitAny.js(9,13): error TS2314: Generic type 'Array<T>' requires 1 type argument(s).
-jsdocArrayObjectPromiseNoImplicitAny.js(15,12): error TS2314: Generic type 'Promise<T>' requires 1 type argument(s).
-jsdocArrayObjectPromiseNoImplicitAny.js(22,12): error TS2314: Generic type 'Promise<T>' requires 1 type argument(s).
-jsdocArrayObjectPromiseNoImplicitAny.js(23,13): error TS2314: Generic type 'Promise<T>' requires 1 type argument(s).
-jsdocArrayObjectPromiseNoImplicitAny.js(30,21): error TS2322: Type 'number' is not assignable to type '() => Object'.
+jsdocArrayObjectPromiseNoImplicitAny.js(11,28): error TS7006: Parameter 'arr' implicitly has an 'any' type.
+jsdocArrayObjectPromiseNoImplicitAny.js(25,30): error TS7006: Parameter 'pr' implicitly has an 'any' type.
+jsdocArrayObjectPromiseNoImplicitAny.js(39,29): error TS7006: Parameter 'obj' implicitly has an 'any' type.
 
 
-==== jsdocArrayObjectPromiseNoImplicitAny.js (7 errors) ====
+==== jsdocArrayObjectPromiseNoImplicitAny.js (3 errors) ====
     /** @type {Array} */
-               ~~~~~
-!!! error TS2314: Generic type 'Array<T>' requires 1 type argument(s).
     var notAnyArray = [5];
     
     /** @type {Array<number>} */
@@ -18,19 +12,15 @@
     
     /**
      * @param {Array} arr
-               ~~~~~
-!!! error TS2314: Generic type 'Array<T>' requires 1 type argument(s).
      * @return {Array}
-                ~~~~~
-!!! error TS2314: Generic type 'Array<T>' requires 1 type argument(s).
      */
     function returnNotAnyArray(arr) {
+                               ~~~
+!!! error TS7006: Parameter 'arr' implicitly has an 'any' type.
       return arr;
     }
     
     /** @type {Promise} */
-               ~~~~~~~
-!!! error TS2314: Generic type 'Promise<T>' requires 1 type argument(s).
     var notAnyPromise = Promise.resolve(5);
     
     /** @type {Promise<number>} */
@@ -38,20 +28,16 @@
     
     /**
      * @param {Promise} pr
-               ~~~~~~~
-!!! error TS2314: Generic type 'Promise<T>' requires 1 type argument(s).
      * @return {Promise}
-                ~~~~~~~
-!!! error TS2314: Generic type 'Promise<T>' requires 1 type argument(s).
      */
     function returnNotAnyPromise(pr) {
+                                 ~~
+!!! error TS7006: Parameter 'pr' implicitly has an 'any' type.
       return pr;
     }
     
     /** @type {Object} */
     var notAnyObject = {valueOf: 1}; // error since assigning to Object, not any.
-                        ~~~~~~~
-!!! error TS2322: Type 'number' is not assignable to type '() => Object'.
     
     /** @type {Object<string, number>} */
     var paramedObject = {valueOf: 1};
@@ -61,5 +47,7 @@
      * @return {Object}
      */
     function returnNotAnyObject(obj) {
+                                ~~~
+!!! error TS7006: Parameter 'obj' implicitly has an 'any' type.
       return obj;
     }

</message>
<stacktrace>
  at org.junit.Assert.fail(Assert.java:89)
  at kotlin.test.junit.JUnitAsserter.fail(JUnitSupport.kt:56)
  at kotlin.test.AssertionsKt__AssertionsKt.fail(Assertions.kt:563)
  at kotlin.test.AssertionsKt.fail(Unknown Source)
  at com.xemantic.kotlin.test.SameAsKt.sameAs(SameAs.kt:52)
  at com.xemantic.typescript.compiler.TypeScriptTestSupportKt.errorsMatchBaseline(TypeScriptTestSupport.kt:135)
  at com.xemantic.typescript.compiler.TypeScriptCompilerTests_J.jsdocArrayObjectPromiseNoImplicitAny_ts has expected errors matching jsdocArrayObjectPromiseNoImplicitAny_errors_txt(TypeScriptCompilerTests_J.kt:938)
  at java.base/jdk.internal.reflect.DirectMethodHandleAccessor.invoke(DirectMethodHandleAccessor.java:104)
  at java.base/java.lang.reflect.Method.invoke(Method.java:565)
  at org.junit.runners.model.FrameworkMethod$1.runReflectiveCall(FrameworkMethod.java:59)
  at org.junit.internal.runners.model.ReflectiveCallable.run(ReflectiveCallable.java:12)
  at org.junit.runners.model.FrameworkMethod.invokeExplosively(FrameworkMethod.java:56)
  at org.junit.internal.runners.statements.InvokeMethod.evaluate(InvokeMethod.java:17)
  at org.junit.runners.ParentRunner$3.evaluate(ParentRunner.java:306)
  at org.junit.runners.BlockJUnit4ClassRunner$1.evaluate(BlockJUnit4ClassRunner.java:100)
  at org.junit.runners.ParentRunner.runLeaf(ParentRunner.java:366)
  at org.junit.runners.BlockJUnit4ClassRunner.runChild(BlockJUnit4ClassRunner.java:103)
  at org.junit.runners.BlockJUnit4ClassRunner.runChild(BlockJUnit4ClassRunner.java:63)
  at org.junit.runners.ParentRunner$4.run(ParentRunner.java:331)
  at org.junit.runners.ParentRunner$1.schedule(ParentRunner.java:79)
  at org.junit.runners.ParentRunner.runChildren(ParentRunner.java:329)
  at org.junit.runners.ParentRunner.access$100(ParentRunner.java:66)
  at org.junit.runners.ParentRunner$2.evaluate(ParentRunner.java:293)
  at org.junit.runners.ParentRunner$3.evaluate(ParentRunner.java:306)
  at org.junit.runners.ParentRunner.run(ParentRunner.java:413)
  at org.junit.runner.JUnitCore.run(JUnitCore.java:137)
  at org.junit.runner.JUnitCore.run(JUnitCore.java:115)
  at org.gradle.api.internal.tasks.testing.junit.JUnitTestExecutor.runRequest(JUnitTestExecutor.java:175)
  at org.gradle.api.internal.tasks.testing.junit.JUnitTestExecutor.accept(JUnitTestExecutor.java:84)
  at org.gradle.api.internal.tasks.testing.junit.JUnitTestExecutor.accept(JUnitTestExecutor.java:47)
  at org.gradle.api.internal.tasks.testing.junit.AbstractJUnitTestDefinitionProcessor.processTestDefinition(AbstractJUnitTestDefinitionProcessor.java:65)
  at org.gradle.api.internal.tasks.testing.SuiteTestDefinitionProcessor.processTestDefinition(SuiteTestDefinitionProcessor.java:54)
  at java.base/jdk.internal.reflect.DirectMethodHandleAccessor.invoke(DirectMethodHandleAccessor.java:104)
  at java.base/java.lang.reflect.Method.invoke(Method.java:565)
  at org.gradle.internal.dispatch.MethodInvocation.invokeOn(MethodInvocation.java:77)
  at org.gradle.internal.dispatch.ReflectionDispatch.dispatch(ReflectionDispatch.java:28)
  at org.gradle.internal.dispatch.ReflectionDispatch.dispatch(ReflectionDispatch.java:19)
  at org.gradle.internal.dispatch.ContextClassLoaderDispatch.dispatch(ContextClassLoaderDispatch.java:33)
  at org.gradle.internal.dispatch.ProxyDispatchAdapter$DispatchingInvocationHandler.invoke(ProxyDispatchAdapter.java:88)
  at jdk.proxy1/jdk.proxy1.$Proxy4.processTestDefinition(Unknown Source)
  at org.gradle.api.internal.tasks.testing.worker.TestWorker$2.run(TestWorker.java:178)
  at org.gradle.api.internal.tasks.testing.worker.TestWorker.executeAndMaintainThreadName(TestWorker.java:126)
  at org.gradle.api.internal.tasks.testing.worker.TestWorker.execute(TestWorker.java:103)
  at org.gradle.api.internal.tasks.testing.worker.TestWorker.execute(TestWorker.java:63)
  at org.gradle.process.internal.worker.child.ActionExecutionWorker.execute(ActionExecutionWorker.java:56)
  at org.gradle.process.internal.worker.child.SystemApplicationClassLoaderWorker.call(SystemApplicationClassLoaderWorker.java:122)
  at org.gradle.process.internal.worker.child.SystemApplicationClassLoaderWorker.call(SystemApplicationClassLoaderWorker.java:72)
  at worker.org.gradle.process.internal.worker.GradleWorkerMain.run(GradleWorkerMain.java:69)
  at worker.org.gradle.process.internal.worker.GradleWorkerMain.main(GradleWorkerMain.java:74)
</stacktrace>
</test-failure>


TypeScriptCompilerTests_J[jvm] > jsdocArrayObjectPromiseNoImplicitAny_ts has expected errors matching jsdocArrayObjectPromiseNoImplicitAny_errors_txt[jvm] FAILED

<test-failure test="com.xemantic.typescript.compiler.TypeScriptCompilerTests_J.jsdocFunctionTypeFalsePositive_ts has expected errors matching jsdocFunctionTypeFalsePositive_errors_txt" platform="jvm">
<message>
Expected diagnostics from baseline typescript-repo/tests/baselines/reference/jsdocFunctionTypeFalsePositive.errors.txt but none produced
</message>
<stacktrace>
  at com.xemantic.typescript.compiler.TypeScriptTestSupportKt.errorsMatchBaseline(TypeScriptTestSupport.kt:125)
  at com.xemantic.typescript.compiler.TypeScriptCompilerTests_J.jsdocFunctionTypeFalsePositive_ts has expected errors matching jsdocFunctionTypeFalsePositive_errors_txt(TypeScriptCompilerTests_J.kt:980)
  at java.base/jdk.internal.reflect.DirectMethodHandleAccessor.invoke(DirectMethodHandleAccessor.java:104)
  at java.base/java.lang.reflect.Method.invoke(Method.java:565)
  at org.junit.runners.model.FrameworkMethod$1.runReflectiveCall(FrameworkMethod.java:59)
  at org.junit.internal.runners.model.ReflectiveCallable.run(ReflectiveCallable.java:12)
  at org.junit.runners.model.FrameworkMethod.invokeExplosively(FrameworkMethod.java:56)
  at org.junit.internal.runners.statements.InvokeMethod.evaluate(InvokeMethod.java:17)
  at org.junit.runners.ParentRunner$3.evaluate(ParentRunner.java:306)
  at org.junit.runners.BlockJUnit4ClassRunner$1.evaluate(BlockJUnit4ClassRunner.java:100)
  at org.junit.runners.ParentRunner.runLeaf(ParentRunner.java:366)
  at org.junit.runners.BlockJUnit4ClassRunner.runChild(BlockJUnit4ClassRunner.java:103)
  at org.junit.runners.BlockJUnit4ClassRunner.runChild(BlockJUnit4ClassRunner.java:63)
  at org.junit.runners.ParentRunner$4.run(ParentRunner.java:331)
  at org.junit.runners.ParentRunner$1.schedule(ParentRunner.java:79)
  at org.junit.runners.ParentRunner.runChildren(ParentRunner.java:329)
  at org.junit.runners.ParentRunner.access$100(ParentRunner.java:66)
  at org.junit.runners.ParentRunner$2.evaluate(ParentRunner.java:293)
  at org.junit.runners.ParentRunner$3.evaluate(ParentRunner.java:306)
  at org.junit.runners.ParentRunner.run(ParentRunner.java:413)
  at org.junit.runner.JUnitCore.run(JUnitCore.java:137)
  at org.junit.runner.JUnitCore.run(JUnitCore.java:115)
  at org.gradle.api.internal.tasks.testing.junit.JUnitTestExecutor.runRequest(JUnitTestExecutor.java:175)
  at org.gradle.api.internal.tasks.testing.junit.JUnitTestExecutor.accept(JUnitTestExecutor.java:84)
  at org.gradle.api.internal.tasks.testing.junit.JUnitTestExecutor.accept(JUnitTestExecutor.java:47)
  at org.gradle.api.internal.tasks.testing.junit.AbstractJUnitTestDefinitionProcessor.processTestDefinition(AbstractJUnitTestDefinitionProcessor.java:65)
  at org.gradle.api.internal.tasks.testing.SuiteTestDefinitionProcessor.processTestDefinition(SuiteTestDefinitionProcessor.java:54)
  at java.base/jdk.internal.reflect.DirectMethodHandleAccessor.invoke(DirectMethodHandleAccessor.java:104)
  at java.base/java.lang.reflect.Method.invoke(Method.java:565)
  at org.gradle.internal.dispatch.MethodInvocation.invokeOn(MethodInvocation.java:77)
  at org.gradle.internal.dispatch.ReflectionDispatch.dispatch(ReflectionDispatch.java:28)
  at org.gradle.internal.dispatch.ReflectionDispatch.dispatch(ReflectionDispatch.java:19)
  at org.gradle.internal.dispatch.ContextClassLoaderDispatch.dispatch(ContextClassLoaderDispatch.java:33)
  at org.gradle.internal.dispatch.ProxyDispatchAdapter$DispatchingInvocationHandler.invoke(ProxyDispatchAdapter.java:88)
  at jdk.proxy1/jdk.proxy1.$Proxy4.processTestDefinition(Unknown Source)
  at org.gradle.api.internal.tasks.testing.worker.TestWorker$2.run(TestWorker.java:178)
  at org.gradle.api.internal.tasks.testing.worker.TestWorker.executeAndMaintainThreadName(TestWorker.java:126)
  at org.gradle.api.internal.tasks.testing.worker.TestWorker.execute(TestWorker.java:103)
  at org.gradle.api.internal.tasks.testing.worker.TestWorker.execute(TestWorker.java:63)
  at org.gradle.process.internal.worker.child.ActionExecutionWorker.execute(ActionExecutionWorker.java:56)
  at org.gradle.process.internal.worker.child.SystemApplicationClassLoaderWorker.call(SystemApplicationClassLoaderWorker.java:122)
  at org.gradle.process.internal.worker.child.SystemApplicationClassLoaderWorker.call(SystemApplicationClassLoaderWorker.java:72)
  at worker.org.gradle.process.internal.worker.GradleWorkerMain.run(GradleWorkerMain.java:69)
  at worker.org.gradle.process.internal.worker.GradleWorkerMain.main(GradleWorkerMain.java:74)
</stacktrace>
</test-failure>


TypeScriptCompilerTests_J[jvm] > jsdocFunctionTypeFalsePositive_ts has expected errors matching jsdocFunctionTypeFalsePositive_errors_txt[jvm] FAILED

<test-failure test="com.xemantic.typescript.compiler.TypeScriptCompilerTests_J.jsdocTypedefNoCrash2_ts has expected errors matching jsdocTypedefNoCrash2_errors_txt" platform="jvm">
<message>
--- expected
+++ actual
@@ -1,18 +1,12 @@
-export.js(1,13): error TS2451: Cannot redeclare block-scoped variable 'foo'.
 export.js(1,13): error TS8008: Type aliases can only be used in TypeScript files.
-export.js(6,14): error TS2451: Cannot redeclare block-scoped variable 'foo'.
 
 
-==== export.js (3 errors) ====
+==== export.js (1 errors) ====
     export type foo = 5;
                 ~~~
-!!! error TS2451: Cannot redeclare block-scoped variable 'foo'.
-                ~~~
 !!! error TS8008: Type aliases can only be used in TypeScript files.
     /**
      * @typedef {{
      * }}
      */
     export const foo = 5;
-                 ~~~
-!!! error TS2451: Cannot redeclare block-scoped variable 'foo'.

</message>
<stacktrace>
  at org.junit.Assert.fail(Assert.java:89)
  at kotlin.test.junit.JUnitAsserter.fail(JUnitSupport.kt:56)
  at kotlin.test.AssertionsKt__AssertionsKt.fail(Assertions.kt:563)
  at kotlin.test.AssertionsKt.fail(Unknown Source)
  at com.xemantic.kotlin.test.SameAsKt.sameAs(SameAs.kt:52)
  at com.xemantic.typescript.compiler.TypeScriptTestSupportKt.errorsMatchBaseline(TypeScriptTestSupport.kt:135)
  at com.xemantic.typescript.compiler.TypeScriptCompilerTests_J.jsdocTypedefNoCrash2_ts has expected errors matching jsdocTypedefNoCrash2_errors_txt(TypeScriptCompilerTests_J.kt:1113)
  at java.base/jdk.internal.reflect.DirectMethodHandleAccessor.invoke(DirectMethodHandleAccessor.java:104)
  at java.base/java.lang.reflect.Method.invoke(Method.java:565)
  at org.junit.runners.model.FrameworkMethod$1.runReflectiveCall(FrameworkMethod.java:59)
  at org.junit.internal.runners.model.ReflectiveCallable.run(ReflectiveCallable.java:12)
  at org.junit.runners.model.FrameworkMethod.invokeExplosively(FrameworkMethod.java:56)
  at org.junit.internal.runners.statements.InvokeMethod.evaluate(InvokeMethod.java:17)
  at org.junit.runners.ParentRunner$3.evaluate(ParentRunner.java:306)
  at org.junit.runners.BlockJUnit4ClassRunner$1.evaluate(BlockJUnit4ClassRunner.java:100)
  at org.junit.runners.ParentRunner.runLeaf(ParentRunner.java:366)
  at org.junit.runners.BlockJUnit4ClassRunner.runChild(BlockJUnit4ClassRunner.java:103)
  at org.junit.runners.BlockJUnit4ClassRunner.runChild(BlockJUnit4ClassRunner.java:63)
  at org.junit.runners.ParentRunner$4.run(ParentRunner.java:331)
  at org.junit.runners.ParentRunner$1.schedule(ParentRunner.java:79)
  at org.junit.runners.ParentRunner.runChildren(ParentRunner.java:329)
  at org.junit.runners.ParentRunner.access$100(ParentRunner.java:66)
  at org.junit.runners.ParentRunner$2.evaluate(ParentRunner.java:293)
  at org.junit.runners.ParentRunner$3.evaluate(ParentRunner.java:306)
  at org.junit.runners.ParentRunner.run(ParentRunner.java:413)
  at org.junit.runner.JUnitCore.run(JUnitCore.java:137)
  at org.junit.runner.JUnitCore.run(JUnitCore.java:115)
  at org.gradle.api.internal.tasks.testing.junit.JUnitTestExecutor.runRequest(JUnitTestExecutor.java:175)
  at org.gradle.api.internal.tasks.testing.junit.JUnitTestExecutor.accept(JUnitTestExecutor.java:84)
  at org.gradle.api.internal.tasks.testing.junit.JUnitTestExecutor.accept(JUnitTestExecutor.java:47)
  at org.gradle.api.internal.tasks.testing.junit.AbstractJUnitTestDefinitionProcessor.processTestDefinition(AbstractJUnitTestDefinitionProcessor.java:65)
  at org.gradle.api.internal.tasks.testing.SuiteTestDefinitionProcessor.processTestDefinition(SuiteTestDefinitionProcessor.java:54)
  at java.base/jdk.internal.reflect.DirectMethodHandleAccessor.invoke(DirectMethodHandleAccessor.java:104)
  at java.base/java.lang.reflect.Method.invoke(Method.java:565)
  at org.gradle.internal.dispatch.MethodInvocation.invokeOn(MethodInvocation.java:77)
  at org.gradle.internal.dispatch.ReflectionDispatch.dispatch(ReflectionDispatch.java:28)
  at org.gradle.internal.dispatch.ReflectionDispatch.dispatch(ReflectionDispatch.java:19)
  at org.gradle.internal.dispatch.ContextClassLoaderDispatch.dispatch(ContextClassLoaderDispatch.java:33)
  at org.gradle.internal.dispatch.ProxyDispatchAdapter$DispatchingInvocationHandler.invoke(ProxyDispatchAdapter.java:88)
  at jdk.proxy1/jdk.proxy1.$Proxy4.processTestDefinition(Unknown Source)
  at org.gradle.api.internal.tasks.testing.worker.TestWorker$2.run(TestWorker.java:178)
  at org.gradle.api.internal.tasks.testing.worker.TestWorker.executeAndMaintainThreadName(TestWorker.java:126)
  at org.gradle.api.internal.tasks.testing.worker.TestWorker.execute(TestWorker.java:103)
  at org.gradle.api.internal.tasks.testing.worker.TestWorker.execute(TestWorker.java:63)
  at org.gradle.process.internal.worker.child.ActionExecutionWorker.execute(ActionExecutionWorker.java:56)
  at org.gradle.process.internal.worker.child.SystemApplicationClassLoaderWorker.call(SystemApplicationClassLoaderWorker.java:122)
  at org.gradle.process.internal.worker.child.SystemApplicationClassLoaderWorker.call(SystemApplicationClassLoaderWorker.java:72)
  at worker.org.gradle.process.internal.worker.GradleWorkerMain.run(GradleWorkerMain.java:69)
  at worker.org.gradle.process.internal.worker.GradleWorkerMain.main(GradleWorkerMain.java:74)
</stacktrace>
</test-failure>


TypeScriptCompilerTests_J[jvm] > jsdocTypedefNoCrash2_ts has expected errors matching jsdocTypedefNoCrash2_errors_txt[jvm] FAILED

<test-failure test="com.xemantic.typescript.compiler.TypeScriptCompilerTests_J.jsPropertyAssignedAfterMethodDeclaration_ts has expected errors matching jsPropertyAssignedAfterMethodDeclaration_errors_txt" platform="jvm">
<message>
Expected diagnostics from baseline typescript-repo/tests/baselines/reference/jsPropertyAssignedAfterMethodDeclaration.errors.txt but none produced
</message>
<stacktrace>
  at com.xemantic.typescript.compiler.TypeScriptTestSupportKt.errorsMatchBaseline(TypeScriptTestSupport.kt:125)
  at com.xemantic.typescript.compiler.TypeScriptCompilerTests_J.jsPropertyAssignedAfterMethodDeclaration_ts has expected errors matching jsPropertyAssignedAfterMethodDeclaration_errors_txt(TypeScriptCompilerTests_J.kt:931)
  at java.base/jdk.internal.reflect.DirectMethodHandleAccessor.invoke(DirectMethodHandleAccessor.java:104)
  at java.base/java.lang.reflect.Method.invoke(Method.java:565)
  at org.junit.runners.model.FrameworkMethod$1.runReflectiveCall(FrameworkMethod.java:59)
  at org.junit.internal.runners.model.ReflectiveCallable.run(ReflectiveCallable.java:12)
  at org.junit.runners.model.FrameworkMethod.invokeExplosively(FrameworkMethod.java:56)
  at org.junit.internal.runners.statements.InvokeMethod.evaluate(InvokeMethod.java:17)
  at org.junit.runners.ParentRunner$3.evaluate(ParentRunner.java:306)
  at org.junit.runners.BlockJUnit4ClassRunner$1.evaluate(BlockJUnit4ClassRunner.java:100)
  at org.junit.runners.ParentRunner.runLeaf(ParentRunner.java:366)
  at org.junit.runners.BlockJUnit4ClassRunner.runChild(BlockJUnit4ClassRunner.java:103)
  at org.junit.runners.BlockJUnit4ClassRunner.runChild(BlockJUnit4ClassRunner.java:63)
  at org.junit.runners.ParentRunner$4.run(ParentRunner.java:331)
  at org.junit.runners.ParentRunner$1.schedule(ParentRunner.java:79)
  at org.junit.runners.ParentRunner.runChildren(ParentRunner.java:329)
  at org.junit.runners.ParentRunner.access$100(ParentRunner.java:66)
  at org.junit.runners.ParentRunner$2.evaluate(ParentRunner.java:293)
  at org.junit.runners.ParentRunner$3.evaluate(ParentRunner.java:306)
  at org.junit.runners.ParentRunner.run(ParentRunner.java:413)
  at org.junit.runner.JUnitCore.run(JUnitCore.java:137)
  at org.junit.runner.JUnitCore.run(JUnitCore.java:115)
  at org.gradle.api.internal.tasks.testing.junit.JUnitTestExecutor.runRequest(JUnitTestExecutor.java:175)
  at org.gradle.api.internal.tasks.testing.junit.JUnitTestExecutor.accept(JUnitTestExecutor.java:84)
  at org.gradle.api.internal.tasks.testing.junit.JUnitTestExecutor.accept(JUnitTestExecutor.java:47)
  at org.gradle.api.internal.tasks.testing.junit.AbstractJUnitTestDefinitionProcessor.processTestDefinition(AbstractJUnitTestDefinitionProcessor.java:65)
  at org.gradle.api.internal.tasks.testing.SuiteTestDefinitionProcessor.processTestDefinition(SuiteTestDefinitionProcessor.java:54)
  at java.base/jdk.internal.reflect.DirectMethodHandleAccessor.invoke(DirectMethodHandleAccessor.java:104)
  at java.base/java.lang.reflect.Method.invoke(Method.java:565)
  at org.gradle.internal.dispatch.MethodInvocation.invokeOn(MethodInvocation.java:77)
  at org.gradle.internal.dispatch.ReflectionDispatch.dispatch(ReflectionDispatch.java:28)
  at org.gradle.internal.dispatch.ReflectionDispatch.dispatch(ReflectionDispatch.java:19)
  at org.gradle.internal.dispatch.ContextClassLoaderDispatch.dispatch(ContextClassLoaderDispatch.java:33)
  at org.gradle.internal.dispatch.ProxyDispatchAdapter$DispatchingInvocationHandler.invoke(ProxyDispatchAdapter.java:88)
  at jdk.proxy1/jdk.proxy1.$Proxy4.processTestDefinition(Unknown Source)
  at org.gradle.api.internal.tasks.testing.worker.TestWorker$2.run(TestWorker.java:178)
  at org.gradle.api.internal.tasks.testing.worker.TestWorker.executeAndMaintainThreadName(TestWorker.java:126)
  at org.gradle.api.internal.tasks.testing.worker.TestWorker.execute(TestWorker.java:103)
  at org.gradle.api.internal.tasks.testing.worker.TestWorker.execute(TestWorker.java:63)
  at org.gradle.process.internal.worker.child.ActionExecutionWorker.execute(ActionExecutionWorker.java:56)
  at org.gradle.process.internal.worker.child.SystemApplicationClassLoaderWorker.call(SystemApplicationClassLoaderWorker.java:122)
  at org.gradle.process.internal.worker.child.SystemApplicationClassLoaderWorker.call(SystemApplicationClassLoaderWorker.java:72)
  at worker.org.gradle.process.internal.worker.GradleWorkerMain.run(GradleWorkerMain.java:69)
  at worker.org.gradle.process.internal.worker.GradleWorkerMain.main(GradleWorkerMain.java:74)
</stacktrace>
</test-failure>


TypeScriptCompilerTests_J[jvm] > jsPropertyAssignedAfterMethodDeclaration_ts has expected errors matching jsPropertyAssignedAfterMethodDeclaration_errors_txt[jvm] FAILED

<test-failure test="com.xemantic.typescript.compiler.TypeScriptCompilerTests_J.jsxSpreadTag_ts__target_es2015__has expected errors matching baseline" platform="jvm">
<message>
Expected diagnostics from baseline typescript-repo/tests/baselines/reference/jsxSpreadTag(target=es2015).errors.txt but none produced
</message>
<stacktrace>
  at com.xemantic.typescript.compiler.TypeScriptTestSupportKt.errorsMatchBaseline(TypeScriptTestSupport.kt:125)
  at com.xemantic.typescript.compiler.TypeScriptCompilerTests_J.jsxSpreadTag_ts__target_es2015__has expected errors matching baseline(TypeScriptCompilerTests_J.kt:1316)
  at java.base/jdk.internal.reflect.DirectMethodHandleAccessor.invoke(DirectMethodHandleAccessor.java:104)
  at java.base/java.lang.reflect.Method.invoke(Method.java:565)
  at org.junit.runners.model.FrameworkMethod$1.runReflectiveCall(FrameworkMethod.java:59)
  at org.junit.internal.runners.model.ReflectiveCallable.run(ReflectiveCallable.java:12)
  at org.junit.runners.model.FrameworkMethod.invokeExplosively(FrameworkMethod.java:56)
  at org.junit.internal.runners.statements.InvokeMethod.evaluate(InvokeMethod.java:17)
  at org.junit.runners.ParentRunner$3.evaluate(ParentRunner.java:306)
  at org.junit.runners.BlockJUnit4ClassRunner$1.evaluate(BlockJUnit4ClassRunner.java:100)
  at org.junit.runners.ParentRunner.runLeaf(ParentRunner.java:366)
  at org.junit.runners.BlockJUnit4ClassRunner.runChild(BlockJUnit4ClassRunner.java:103)
  at org.junit.runners.BlockJUnit4ClassRunner.runChild(BlockJUnit4ClassRunner.java:63)
  at org.junit.runners.ParentRunner$4.run(ParentRunner.java:331)
  at org.junit.runners.ParentRunner$1.schedule(ParentRunner.java:79)
  at org.junit.runners.ParentRunner.runChildren(ParentRunner.java:329)
  at org.junit.runners.ParentRunner.access$100(ParentRunner.java:66)
  at org.junit.runners.ParentRunner$2.evaluate(ParentRunner.java:293)
  at org.junit.runners.ParentRunner$3.evaluate(ParentRunner.java:306)
  at org.junit.runners.ParentRunner.run(ParentRunner.java:413)
  at org.junit.runner.JUnitCore.run(JUnitCore.java:137)
  at org.junit.runner.JUnitCore.run(JUnitCore.java:115)
  at org.gradle.api.internal.tasks.testing.junit.JUnitTestExecutor.runRequest(JUnitTestExecutor.java:175)
  at org.gradle.api.internal.tasks.testing.junit.JUnitTestExecutor.accept(JUnitTestExecutor.java:84)
  at org.gradle.api.internal.tasks.testing.junit.JUnitTestExecutor.accept(JUnitTestExecutor.java:47)
  at org.gradle.api.internal.tasks.testing.junit.AbstractJUnitTestDefinitionProcessor.processTestDefinition(AbstractJUnitTestDefinitionProcessor.java:65)
  at org.gradle.api.internal.tasks.testing.SuiteTestDefinitionProcessor.processTestDefinition(SuiteTestDefinitionProcessor.java:54)
  at java.base/jdk.internal.reflect.DirectMethodHandleAccessor.invoke(DirectMethodHandleAccessor.java:104)
  at java.base/java.lang.reflect.Method.invoke(Method.java:565)
  at org.gradle.internal.dispatch.MethodInvocation.invokeOn(MethodInvocation.java:77)
  at org.gradle.internal.dispatch.ReflectionDispatch.dispatch(ReflectionDispatch.java:28)
  at org.gradle.internal.dispatch.ReflectionDispatch.dispatch(ReflectionDispatch.java:19)
  at org.gradle.internal.dispatch.ContextClassLoaderDispatch.dispatch(ContextClassLoaderDispatch.java:33)
  at org.gradle.internal.dispatch.ProxyDispatchAdapter$DispatchingInvocationHandler.invoke(ProxyDispatchAdapter.java:88)
  at jdk.proxy1/jdk.proxy1.$Proxy4.processTestDefinition(Unknown Source)
  at org.gradle.api.internal.tasks.testing.worker.TestWorker$2.run(TestWorker.java:178)
  at org.gradle.api.internal.tasks.testing.worker.TestWorker.executeAndMaintainThreadName(TestWorker.java:126)
  at org.gradle.api.internal.tasks.testing.worker.TestWorker.execute(TestWorker.java:103)
  at org.gradle.api.internal.tasks.testing.worker.TestWorker.execute(TestWorker.java:63)
  at org.gradle.process.internal.worker.child.ActionExecutionWorker.execute(ActionExecutionWorker.java:56)
  at org.gradle.process.internal.worker.child.SystemApplicationClassLoaderWorker.call(SystemApplicationClassLoaderWorker.java:122)
  at org.gradle.process.internal.worker.child.SystemApplicationClassLoaderWorker.call(SystemApplicationClassLoaderWorker.java:72)
  at worker.org.gradle.process.internal.worker.GradleWorkerMain.run(GradleWorkerMain.java:69)
  at worker.org.gradle.process.internal.worker.GradleWorkerMain.main(GradleWorkerMain.java:74)
</stacktrace>
</test-failure>


TypeScriptCompilerTests_J[jvm] > jsxSpreadTag_ts__target_es2015__has expected errors matching baseline[jvm] FAILED

<test-failure test="com.xemantic.typescript.compiler.TypeScriptCompilerTests_J.jsFileCompilationDuplicateVariableErrorReported_ts has expected errors matching jsFileCompilationDuplicateVariableErrorReported_errors_txt" platform="jvm">
<message>
--- expected
+++ actual
@@ -1,13 +1,9 @@
 error TS5101: Option 'outFile' is deprecated and will stop functioning in TypeScript 7.0. Specify compilerOption '"ignoreDeprecations": "6.0"' to silence this error.
-a.ts(1,5): error TS2403: Subsequent variable declarations must have the same type.  Variable 'x' must be of type 'string', but here has type 'number'.
 
 
 !!! error TS5101: Option 'outFile' is deprecated and will stop functioning in TypeScript 7.0. Specify compilerOption '"ignoreDeprecations": "6.0"' to silence this error.
 ==== b.js (0 errors) ====
     var x = "hello";
     
-==== a.ts (1 errors) ====
+==== a.ts (0 errors) ====
     var x = 10; // Error reported
-        ~
-!!! error TS2403: Subsequent variable declarations must have the same type.  Variable 'x' must be of type 'string', but here has type 'number'.
-!!! related TS6203 b.js:1:5: 'x' was also declared here.

</message>
<stacktrace>
  at org.junit.Assert.fail(Assert.java:89)
  at kotlin.test.junit.JUnitAsserter.fail(JUnitSupport.kt:56)
  at kotlin.test.AssertionsKt__AssertionsKt.fail(Assertions.kt:563)
  at kotlin.test.AssertionsKt.fail(Unknown Source)
  at com.xemantic.kotlin.test.SameAsKt.sameAs(SameAs.kt:52)
  at com.xemantic.typescript.compiler.TypeScriptTestSupportKt.errorsMatchBaseline(TypeScriptTestSupport.kt:135)
  at com.xemantic.typescript.compiler.TypeScriptCompilerTests_J.jsFileCompilationDuplicateVariableErrorReported_ts has expected errors matching jsFileCompilationDuplicateVariableErrorReported_errors_txt(TypeScriptCompilerTests_J.kt:329)
  at java.base/jdk.internal.reflect.DirectMethodHandleAccessor.invoke(DirectMethodHandleAccessor.java:104)
  at java.base/java.lang.reflect.Method.invoke(Method.java:565)
  at org.junit.runners.model.FrameworkMethod$1.runReflectiveCall(FrameworkMethod.java:59)
  at org.junit.internal.runners.model.ReflectiveCallable.run(ReflectiveCallable.java:12)
  at org.junit.runners.model.FrameworkMethod.invokeExplosively(FrameworkMethod.java:56)
  at org.junit.internal.runners.statements.InvokeMethod.evaluate(InvokeMethod.java:17)
  at org.junit.runners.ParentRunner$3.evaluate(ParentRunner.java:306)
  at org.junit.runners.BlockJUnit4ClassRunner$1.evaluate(BlockJUnit4ClassRunner.java:100)
  at org.junit.runners.ParentRunner.runLeaf(ParentRunner.java:366)
  at org.junit.runners.BlockJUnit4ClassRunner.runChild(BlockJUnit4ClassRunner.java:103)
  at org.junit.runners.BlockJUnit4ClassRunner.runChild(BlockJUnit4ClassRunner.java:63)
  at org.junit.runners.ParentRunner$4.run(ParentRunner.java:331)
  at org.junit.runners.ParentRunner$1.schedule(ParentRunner.java:79)
  at org.junit.runners.ParentRunner.runChildren(ParentRunner.java:329)
  at org.junit.runners.ParentRunner.access$100(ParentRunner.java:66)
  at org.junit.runners.ParentRunner$2.evaluate(ParentRunner.java:293)
  at org.junit.runners.ParentRunner$3.evaluate(ParentRunner.java:306)
  at org.junit.runners.ParentRunner.run(ParentRunner.java:413)
  at org.junit.runner.JUnitCore.run(JUnitCore.java:137)
  at org.junit.runner.JUnitCore.run(JUnitCore.java:115)
  at org.gradle.api.internal.tasks.testing.junit.JUnitTestExecutor.runRequest(JUnitTestExecutor.java:175)
  at org.gradle.api.internal.tasks.testing.junit.JUnitTestExecutor.accept(JUnitTestExecutor.java:84)
  at org.gradle.api.internal.tasks.testing.junit.JUnitTestExecutor.accept(JUnitTestExecutor.java:47)
  at org.gradle.api.internal.tasks.testing.junit.AbstractJUnitTestDefinitionProcessor.processTestDefinition(AbstractJUnitTestDefinitionProcessor.java:65)
  at org.gradle.api.internal.tasks.testing.SuiteTestDefinitionProcessor.processTestDefinition(SuiteTestDefinitionProcessor.java:54)
  at java.base/jdk.internal.reflect.DirectMethodHandleAccessor.invoke(DirectMethodHandleAccessor.java:104)
  at java.base/java.lang.reflect.Method.invoke(Method.java:565)
  at org.gradle.internal.dispatch.MethodInvocation.invokeOn(MethodInvocation.java:77)
  at org.gradle.internal.dispatch.ReflectionDispatch.dispatch(ReflectionDispatch.java:28)
  at org.gradle.internal.dispatch.ReflectionDispatch.dispatch(ReflectionDispatch.java:19)
  at org.gradle.internal.dispatch.ContextClassLoaderDispatch.dispatch(ContextClassLoaderDispatch.java:33)
  at org.gradle.internal.dispatch.ProxyDispatchAdapter$DispatchingInvocationHandler.invoke(ProxyDispatchAdapter.java:88)
  at jdk.proxy1/jdk.proxy1.$Proxy4.processTestDefinition(Unknown Source)
  at org.gradle.api.internal.tasks.testing.worker.TestWorker$2.run(TestWorker.java:178)
  at org.gradle.api.internal.tasks.testing.worker.TestWorker.executeAndMaintainThreadName(TestWorker.java:126)
  at org.gradle.api.internal.tasks.testing.worker.TestWorker.execute(TestWorker.java:103)
  at org.gradle.api.internal.tasks.testing.worker.TestWorker.execute(TestWorker.java:63)
  at org.gradle.process.internal.worker.child.ActionExecutionWorker.execute(ActionExecutionWorker.java:56)
  at org.gradle.process.internal.worker.child.SystemApplicationClassLoaderWorker.call(SystemApplicationClassLoaderWorker.java:122)
  at org.gradle.process.internal.worker.child.SystemApplicationClassLoaderWorker.call(SystemApplicationClassLoaderWorker.java:72)
  at worker.org.gradle.process.internal.worker.GradleWorkerMain.run(GradleWorkerMain.java:69)
  at worker.org.gradle.process.internal.worker.GradleWorkerMain.main(GradleWorkerMain.java:74)
</stacktrace>
</test-failure>


TypeScriptCompilerTests_J[jvm] > jsFileCompilationDuplicateVariableErrorReported_ts has expected errors matching jsFileCompilationDuplicateVariableErrorReported_errors_txt[jvm] FAILED

<test-failure test="com.xemantic.typescript.compiler.TypeScriptCompilerTests_J.jsdocRestParameter_ts has expected errors matching jsdocRestParameter_errors_txt" platform="jvm">
<message>
--- expected
+++ actual
@@ -1,18 +1,21 @@
-/a.js(7,3): error TS2345: Argument of type 'number[]' is not assignable to parameter of type 'number'.
-/a.js(8,6): error TS2345: Argument of type 'string' is not assignable to parameter of type 'number'.
+/a.js(2,12): error TS7006: Parameter 'a' implicitly has an 'any' type.
+/a.js(8,6): error TS2554: Expected 0-1 arguments, but got 2.
+/a.js(9,6): error TS2554: Expected 0-1 arguments, but got 2.
 
 
-==== /a.js (2 errors) ====
+==== /a.js (3 errors) ====
     /** @param {...number} a */
     function f(a) {
+               ~
+!!! error TS7006: Parameter 'a' implicitly has an 'any' type.
         a; // number | undefined
         // Ideally this would be a number. But currently checker.ts has only one `argumentsSymbol`, so it's `any`.
         arguments[0];
     }
     f([1, 2]); // Error
-      ~~~~~~
-!!! error TS2345: Argument of type 'number[]' is not assignable to parameter of type 'number'.
     f(1, "2"); // Error
          ~~~
-!!! error TS2345: Argument of type 'string' is not assignable to parameter of type 'number'.
+!!! error TS2554: Expected 0-1 arguments, but got 2.
     f(1, 2);
+         ~
+!!! error TS2554: Expected 0-1 arguments, but got 2.

</message>
<stacktrace>
  at org.junit.Assert.fail(Assert.java:89)
  at kotlin.test.junit.JUnitAsserter.fail(JUnitSupport.kt:56)
  at kotlin.test.AssertionsKt__AssertionsKt.fail(Assertions.kt:563)
  at kotlin.test.AssertionsKt.fail(Unknown Source)
  at com.xemantic.kotlin.test.SameAsKt.sameAs(SameAs.kt:52)
  at com.xemantic.typescript.compiler.TypeScriptTestSupportKt.errorsMatchBaseline(TypeScriptTestSupport.kt:135)
  at com.xemantic.typescript.compiler.TypeScriptCompilerTests_J.jsdocRestParameter_ts has expected errors matching jsdocRestParameter_errors_txt(TypeScriptCompilerTests_J.kt:1057)
  at java.base/jdk.internal.reflect.DirectMethodHandleAccessor.invoke(DirectMethodHandleAccessor.java:104)
  at java.base/java.lang.reflect.Method.invoke(Method.java:565)
  at org.junit.runners.model.FrameworkMethod$1.runReflectiveCall(FrameworkMethod.java:59)
  at org.junit.internal.runners.model.ReflectiveCallable.run(ReflectiveCallable.java:12)
  at org.junit.runners.model.FrameworkMethod.invokeExplosively(FrameworkMethod.java:56)
  at org.junit.internal.runners.statements.InvokeMethod.evaluate(InvokeMethod.java:17)
  at org.junit.runners.ParentRunner$3.evaluate(ParentRunner.java:306)
  at org.junit.runners.BlockJUnit4ClassRunner$1.evaluate(BlockJUnit4ClassRunner.java:100)
  at org.junit.runners.ParentRunner.runLeaf(ParentRunner.java:366)
  at org.junit.runners.BlockJUnit4ClassRunner.runChild(BlockJUnit4ClassRunner.java:103)
  at org.junit.runners.BlockJUnit4ClassRunner.runChild(BlockJUnit4ClassRunner.java:63)
  at org.junit.runners.ParentRunner$4.run(ParentRunner.java:331)
  at org.junit.runners.ParentRunner$1.schedule(ParentRunner.java:79)
  at org.junit.runners.ParentRunner.runChildren(ParentRunner.java:329)
  at org.junit.runners.ParentRunner.access$100(ParentRunner.java:66)
  at org.junit.runners.ParentRunner$2.evaluate(ParentRunner.java:293)
  at org.junit.runners.ParentRunner$3.evaluate(ParentRunner.java:306)
  at org.junit.runners.ParentRunner.run(ParentRunner.java:413)
  at org.junit.runner.JUnitCore.run(JUnitCore.java:137)
  at org.junit.runner.JUnitCore.run(JUnitCore.java:115)
  at org.gradle.api.internal.tasks.testing.junit.JUnitTestExecutor.runRequest(JUnitTestExecutor.java:175)
  at org.gradle.api.internal.tasks.testing.junit.JUnitTestExecutor.accept(JUnitTestExecutor.java:84)
  at org.gradle.api.internal.tasks.testing.junit.JUnitTestExecutor.accept(JUnitTestExecutor.java:47)
  at org.gradle.api.internal.tasks.testing.junit.AbstractJUnitTestDefinitionProcessor.processTestDefinition(AbstractJUnitTestDefinitionProcessor.java:65)
  at org.gradle.api.internal.tasks.testing.SuiteTestDefinitionProcessor.processTestDefinition(SuiteTestDefinitionProcessor.java:54)
  at java.base/jdk.internal.reflect.DirectMethodHandleAccessor.invoke(DirectMethodHandleAccessor.java:104)
  at java.base/java.lang.reflect.Method.invoke(Method.java:565)
  at org.gradle.internal.dispatch.MethodInvocation.invokeOn(MethodInvocation.java:77)
  at org.gradle.internal.dispatch.ReflectionDispatch.dispatch(ReflectionDispatch.java:28)
  at org.gradle.internal.dispatch.ReflectionDispatch.dispatch(ReflectionDispatch.java:19)
  at org.gradle.internal.dispatch.ContextClassLoaderDispatch.dispatch(ContextClassLoaderDispatch.java:33)
  at org.gradle.internal.dispatch.ProxyDispatchAdapter$DispatchingInvocationHandler.invoke(ProxyDispatchAdapter.java:88)
  at jdk.proxy1/jdk.proxy1.$Proxy4.processTestDefinition(Unknown Source)
  at org.gradle.api.internal.tasks.testing.worker.TestWorker$2.run(TestWorker.java:178)
  at org.gradle.api.internal.tasks.testing.worker.TestWorker.executeAndMaintainThreadName(TestWorker.java:126)
  at org.gradle.api.internal.tasks.testing.worker.TestWorker.execute(TestWorker.java:103)
  at org.gradle.api.internal.tasks.testing.worker.TestWorker.execute(TestWorker.java:63)
  at org.gradle.process.internal.worker.child.ActionExecutionWorker.execute(ActionExecutionWorker.java:56)
  at org.gradle.process.internal.worker.child.SystemApplicationClassLoaderWorker.call(SystemApplicationClassLoaderWorker.java:122)
  at org.gradle.process.internal.worker.child.SystemApplicationClassLoaderWorker.call(SystemApplicationClassLoaderWorker.java:72)
  at worker.org.gradle.process.internal.worker.GradleWorkerMain.run(GradleWorkerMain.java:69)
  at worker.org.gradle.process.internal.worker.GradleWorkerMain.main(GradleWorkerMain.java:74)
</stacktrace>
</test-failure>


TypeScriptCompilerTests_J[jvm] > jsdocRestParameter_ts has expected errors matching jsdocRestParameter_errors_txt[jvm] FAILED

<test-failure test="com.xemantic.typescript.compiler.TypeScriptCompilerTests_J.jsdocTypedefMissingType_ts has expected errors matching jsdocTypedefMissingType_errors_txt" platform="jvm">
<message>
Expected diagnostics from baseline typescript-repo/tests/baselines/reference/jsdocTypedefMissingType.errors.txt but none produced
</message>
<stacktrace>
  at com.xemantic.typescript.compiler.TypeScriptTestSupportKt.errorsMatchBaseline(TypeScriptTestSupport.kt:125)
  at com.xemantic.typescript.compiler.TypeScriptCompilerTests_J.jsdocTypedefMissingType_ts has expected errors matching jsdocTypedefMissingType_errors_txt(TypeScriptCompilerTests_J.kt:1092)
  at java.base/jdk.internal.reflect.DirectMethodHandleAccessor.invoke(DirectMethodHandleAccessor.java:104)
  at java.base/java.lang.reflect.Method.invoke(Method.java:565)
  at org.junit.runners.model.FrameworkMethod$1.runReflectiveCall(FrameworkMethod.java:59)
  at org.junit.internal.runners.model.ReflectiveCallable.run(ReflectiveCallable.java:12)
  at org.junit.runners.model.FrameworkMethod.invokeExplosively(FrameworkMethod.java:56)
  at org.junit.internal.runners.statements.InvokeMethod.evaluate(InvokeMethod.java:17)
  at org.junit.runners.ParentRunner$3.evaluate(ParentRunner.java:306)
  at org.junit.runners.BlockJUnit4ClassRunner$1.evaluate(BlockJUnit4ClassRunner.java:100)
  at org.junit.runners.ParentRunner.runLeaf(ParentRunner.java:366)
  at org.junit.runners.BlockJUnit4ClassRunner.runChild(BlockJUnit4ClassRunner.java:103)
  at org.junit.runners.BlockJUnit4ClassRunner.runChild(BlockJUnit4ClassRunner.java:63)
  at org.junit.runners.ParentRunner$4.run(ParentRunner.java:331)
  at org.junit.runners.ParentRunner$1.schedule(ParentRunner.java:79)
  at org.junit.runners.ParentRunner.runChildren(ParentRunner.java:329)
  at org.junit.runners.ParentRunner.access$100(ParentRunner.java:66)
  at org.junit.runners.ParentRunner$2.evaluate(ParentRunner.java:293)
  at org.junit.runners.ParentRunner$3.evaluate(ParentRunner.java:306)
  at org.junit.runners.ParentRunner.run(ParentRunner.java:413)
  at org.junit.runner.JUnitCore.run(JUnitCore.java:137)
  at org.junit.runner.JUnitCore.run(JUnitCore.java:115)
  at org.gradle.api.internal.tasks.testing.junit.JUnitTestExecutor.runRequest(JUnitTestExecutor.java:175)
  at org.gradle.api.internal.tasks.testing.junit.JUnitTestExecutor.accept(JUnitTestExecutor.java:84)
  at org.gradle.api.internal.tasks.testing.junit.JUnitTestExecutor.accept(JUnitTestExecutor.java:47)
  at org.gradle.api.internal.tasks.testing.junit.AbstractJUnitTestDefinitionProcessor.processTestDefinition(AbstractJUnitTestDefinitionProcessor.java:65)
  at org.gradle.api.internal.tasks.testing.SuiteTestDefinitionProcessor.processTestDefinition(SuiteTestDefinitionProcessor.java:54)
  at java.base/jdk.internal.reflect.DirectMethodHandleAccessor.invoke(DirectMethodHandleAccessor.java:104)
  at java.base/java.lang.reflect.Method.invoke(Method.java:565)
  at org.gradle.internal.dispatch.MethodInvocation.invokeOn(MethodInvocation.java:77)
  at org.gradle.internal.dispatch.ReflectionDispatch.dispatch(ReflectionDispatch.java:28)
  at org.gradle.internal.dispatch.ReflectionDispatch.dispatch(ReflectionDispatch.java:19)
  at org.gradle.internal.dispatch.ContextClassLoaderDispatch.dispatch(ContextClassLoaderDispatch.java:33)
  at org.gradle.internal.dispatch.ProxyDispatchAdapter$DispatchingInvocationHandler.invoke(ProxyDispatchAdapter.java:88)
  at jdk.proxy1/jdk.proxy1.$Proxy4.processTestDefinition(Unknown Source)
  at org.gradle.api.internal.tasks.testing.worker.TestWorker$2.run(TestWorker.java:178)
  at org.gradle.api.internal.tasks.testing.worker.TestWorker.executeAndMaintainThreadName(TestWorker.java:126)
  at org.gradle.api.internal.tasks.testing.worker.TestWorker.execute(TestWorker.java:103)
  at org.gradle.api.internal.tasks.testing.worker.TestWorker.execute(TestWorker.java:63)
  at org.gradle.process.internal.worker.child.ActionExecutionWorker.execute(ActionExecutionWorker.java:56)
  at org.gradle.process.internal.worker.child.SystemApplicationClassLoaderWorker.call(SystemApplicationClassLoaderWorker.java:122)
  at org.gradle.process.internal.worker.child.SystemApplicationClassLoaderWorker.call(SystemApplicationClassLoaderWorker.java:72)
  at worker.org.gradle.process.internal.worker.GradleWorkerMain.run(GradleWorkerMain.java:69)
  at worker.org.gradle.process.internal.worker.GradleWorkerMain.main(GradleWorkerMain.java:74)
</stacktrace>
</test-failure>


TypeScriptCompilerTests_J[jvm] > jsdocTypedefMissingType_ts has expected errors matching jsdocTypedefMissingType_errors_txt[jvm] FAILED

<test-failure test="com.xemantic.typescript.compiler.TypeScriptCompilerTests_J.jsFileCompilationWithDeclarationEmitPathSameAsInput_ts compiles to JavaScript matching jsFileCompilationWithDeclarationEmitPathSameAsInput_js" platform="jvm">
<message>
--- expected
+++ actual
@@ -4,6 +4,9 @@
 class c {
 }
 
+//// [a.d.ts]
+declare function isC(): boolean;
+
 //// [a.js]
 "use strict";
 class c {

</message>
<stacktrace>
  at org.junit.Assert.fail(Assert.java:89)
  at kotlin.test.junit.JUnitAsserter.fail(JUnitSupport.kt:56)
  at kotlin.test.AssertionsKt__AssertionsKt.fail(Assertions.kt:563)
  at kotlin.test.AssertionsKt.fail(Unknown Source)
  at com.xemantic.kotlin.test.SameAsKt.sameAs(SameAs.kt:52)
  at com.xemantic.typescript.compiler.TypeScriptTestSupportKt.sameAs(TypeScriptTestSupport.kt:99)
  at com.xemantic.typescript.compiler.TypeScriptCompilerTests_J.jsFileCompilationWithDeclarationEmitPathSameAsInput_ts compiles to JavaScript matching jsFileCompilationWithDeclarationEmitPathSameAsInput_js(TypeScriptCompilerTests_J.kt:707)
  at java.base/jdk.internal.reflect.DirectMethodHandleAccessor.invoke(DirectMethodHandleAccessor.java:104)
  at java.base/java.lang.reflect.Method.invoke(Method.java:565)
  at org.junit.runners.model.FrameworkMethod$1.runReflectiveCall(FrameworkMethod.java:59)
  at org.junit.internal.runners.model.ReflectiveCallable.run(ReflectiveCallable.java:12)
  at org.junit.runners.model.FrameworkMethod.invokeExplosively(FrameworkMethod.java:56)
  at org.junit.internal.runners.statements.InvokeMethod.evaluate(InvokeMethod.java:17)
  at org.junit.runners.ParentRunner$3.evaluate(ParentRunner.java:306)
  at org.junit.runners.BlockJUnit4ClassRunner$1.evaluate(BlockJUnit4ClassRunner.java:100)
  at org.junit.runners.ParentRunner.runLeaf(ParentRunner.java:366)
  at org.junit.runners.BlockJUnit4ClassRunner.runChild(BlockJUnit4ClassRunner.java:103)
  at org.junit.runners.BlockJUnit4ClassRunner.runChild(BlockJUnit4ClassRunner.java:63)
  at org.junit.runners.ParentRunner$4.run(ParentRunner.java:331)
  at org.junit.runners.ParentRunner$1.schedule(ParentRunner.java:79)
  at org.junit.runners.ParentRunner.runChildren(ParentRunner.java:329)
  at org.junit.runners.ParentRunner.access$100(ParentRunner.java:66)
  at org.junit.runners.ParentRunner$2.evaluate(ParentRunner.java:293)
  at org.junit.runners.ParentRunner$3.evaluate(ParentRunner.java:306)
  at org.junit.runners.ParentRunner.run(ParentRunner.java:413)
  at org.junit.runner.JUnitCore.run(JUnitCore.java:137)
  at org.junit.runner.JUnitCore.run(JUnitCore.java:115)
  at org.gradle.api.internal.tasks.testing.junit.JUnitTestExecutor.runRequest(JUnitTestExecutor.java:175)
  at org.gradle.api.internal.tasks.testing.junit.JUnitTestExecutor.accept(JUnitTestExecutor.java:84)
  at org.gradle.api.internal.tasks.testing.junit.JUnitTestExecutor.accept(JUnitTestExecutor.java:47)
  at org.gradle.api.internal.tasks.testing.junit.AbstractJUnitTestDefinitionProcessor.processTestDefinition(AbstractJUnitTestDefinitionProcessor.java:65)
  at org.gradle.api.internal.tasks.testing.SuiteTestDefinitionProcessor.processTestDefinition(SuiteTestDefinitionProcessor.java:54)
  at java.base/jdk.internal.reflect.DirectMethodHandleAccessor.invoke(DirectMethodHandleAccessor.java:104)
  at java.base/java.lang.reflect.Method.invoke(Method.java:565)
  at org.gradle.internal.dispatch.MethodInvocation.invokeOn(MethodInvocation.java:77)
  at org.gradle.internal.dispatch.ReflectionDispatch.dispatch(ReflectionDispatch.java:28)
  at org.gradle.internal.dispatch.ReflectionDispatch.dispatch(ReflectionDispatch.java:19)
  at org.gradle.internal.dispatch.ContextClassLoaderDispatch.dispatch(ContextClassLoaderDispatch.java:33)
  at org.gradle.internal.dispatch.ProxyDispatchAdapter$DispatchingInvocationHandler.invoke(ProxyDispatchAdapter.java:88)
  at jdk.proxy1/jdk.proxy1.$Proxy4.processTestDefinition(Unknown Source)
  at org.gradle.api.internal.tasks.testing.worker.TestWorker$2.run(TestWorker.java:178)
  at org.gradle.api.internal.tasks.testing.worker.TestWorker.executeAndMaintainThreadName(TestWorker.java:126)
  at org.gradle.api.internal.tasks.testing.worker.TestWorker.execute(TestWorker.java:103)
  at org.gradle.api.internal.tasks.testing.worker.TestWorker.execute(TestWorker.java:63)
  at org.gradle.process.internal.worker.child.ActionExecutionWorker.execute(ActionExecutionWorker.java:56)
  at org.gradle.process.internal.worker.child.SystemApplicationClassLoaderWorker.call(SystemApplicationClassLoaderWorker.java:122)
  at org.gradle.process.internal.worker.child.SystemApplicationClassLoaderWorker.call(SystemApplicationClassLoaderWorker.java:72)
  at worker.org.gradle.process.internal.worker.GradleWorkerMain.run(GradleWorkerMain.java:69)
  at worker.org.gradle.process.internal.worker.GradleWorkerMain.main(GradleWorkerMain.java:74)
</stacktrace>
</test-failure>


TypeScriptCompilerTests_J[jvm] > jsFileCompilationWithDeclarationEmitPathSameAsInput_ts compiles to JavaScript matching jsFileCompilationWithDeclarationEmitPathSameAsInput_js[jvm] FAILED

<test-failure test="com.xemantic.typescript.compiler.TypeScriptCompilerTests_J.jsdocTypeCast_ts has expected errors matching jsdocTypeCast_errors_txt" platform="jvm">
<message>
Expected diagnostics from baseline typescript-repo/tests/baselines/reference/jsdocTypeCast.errors.txt but none produced
</message>
<stacktrace>
  at com.xemantic.typescript.compiler.TypeScriptTestSupportKt.errorsMatchBaseline(TypeScriptTestSupport.kt:125)
  at com.xemantic.typescript.compiler.TypeScriptCompilerTests_J.jsdocTypeCast_ts has expected errors matching jsdocTypeCast_errors_txt(TypeScriptCompilerTests_J.kt:1071)
  at java.base/jdk.internal.reflect.DirectMethodHandleAccessor.invoke(DirectMethodHandleAccessor.java:104)
  at java.base/java.lang.reflect.Method.invoke(Method.java:565)
  at org.junit.runners.model.FrameworkMethod$1.runReflectiveCall(FrameworkMethod.java:59)
  at org.junit.internal.runners.model.ReflectiveCallable.run(ReflectiveCallable.java:12)
  at org.junit.runners.model.FrameworkMethod.invokeExplosively(FrameworkMethod.java:56)
  at org.junit.internal.runners.statements.InvokeMethod.evaluate(InvokeMethod.java:17)
  at org.junit.runners.ParentRunner$3.evaluate(ParentRunner.java:306)
  at org.junit.runners.BlockJUnit4ClassRunner$1.evaluate(BlockJUnit4ClassRunner.java:100)
  at org.junit.runners.ParentRunner.runLeaf(ParentRunner.java:366)
  at org.junit.runners.BlockJUnit4ClassRunner.runChild(BlockJUnit4ClassRunner.java:103)
  at org.junit.runners.BlockJUnit4ClassRunner.runChild(BlockJUnit4ClassRunner.java:63)
  at org.junit.runners.ParentRunner$4.run(ParentRunner.java:331)
  at org.junit.runners.ParentRunner$1.schedule(ParentRunner.java:79)
  at org.junit.runners.ParentRunner.runChildren(ParentRunner.java:329)
  at org.junit.runners.ParentRunner.access$100(ParentRunner.java:66)
  at org.junit.runners.ParentRunner$2.evaluate(ParentRunner.java:293)
  at org.junit.runners.ParentRunner$3.evaluate(ParentRunner.java:306)
  at org.junit.runners.ParentRunner.run(ParentRunner.java:413)
  at org.junit.runner.JUnitCore.run(JUnitCore.java:137)
  at org.junit.runner.JUnitCore.run(JUnitCore.java:115)
  at org.gradle.api.internal.tasks.testing.junit.JUnitTestExecutor.runRequest(JUnitTestExecutor.java:175)
  at org.gradle.api.internal.tasks.testing.junit.JUnitTestExecutor.accept(JUnitTestExecutor.java:84)
  at org.gradle.api.internal.tasks.testing.junit.JUnitTestExecutor.accept(JUnitTestExecutor.java:47)
  at org.gradle.api.internal.tasks.testing.junit.AbstractJUnitTestDefinitionProcessor.processTestDefinition(AbstractJUnitTestDefinitionProcessor.java:65)
  at org.gradle.api.internal.tasks.testing.SuiteTestDefinitionProcessor.processTestDefinition(SuiteTestDefinitionProcessor.java:54)
  at java.base/jdk.internal.reflect.DirectMethodHandleAccessor.invoke(DirectMethodHandleAccessor.java:104)
  at java.base/java.lang.reflect.Method.invoke(Method.java:565)
  at org.gradle.internal.dispatch.MethodInvocation.invokeOn(MethodInvocation.java:77)
  at org.gradle.internal.dispatch.ReflectionDispatch.dispatch(ReflectionDispatch.java:28)
  at org.gradle.internal.dispatch.ReflectionDispatch.dispatch(ReflectionDispatch.java:19)
  at org.gradle.internal.dispatch.ContextClassLoaderDispatch.dispatch(ContextClassLoaderDispatch.java:33)
  at org.gradle.internal.dispatch.ProxyDispatchAdapter$DispatchingInvocationHandler.invoke(ProxyDispatchAdapter.java:88)
  at jdk.proxy1/jdk.proxy1.$Proxy4.processTestDefinition(Unknown Source)
  at org.gradle.api.internal.tasks.testing.worker.TestWorker$2.run(TestWorker.java:178)
  at org.gradle.api.internal.tasks.testing.worker.TestWorker.executeAndMaintainThreadName(TestWorker.java:126)
  at org.gradle.api.internal.tasks.testing.worker.TestWorker.execute(TestWorker.java:103)
  at org.gradle.api.internal.tasks.testing.worker.TestWorker.execute(TestWorker.java:63)
  at org.gradle.process.internal.worker.child.ActionExecutionWorker.execute(ActionExecutionWorker.java:56)
  at org.gradle.process.internal.worker.child.SystemApplicationClassLoaderWorker.call(SystemApplicationClassLoaderWorker.java:122)
  at org.gradle.process.internal.worker.child.SystemApplicationClassLoaderWorker.call(SystemApplicationClassLoaderWorker.java:72)
  at worker.org.gradle.process.internal.worker.GradleWorkerMain.run(GradleWorkerMain.java:69)
  at worker.org.gradle.process.internal.worker.GradleWorkerMain.main(GradleWorkerMain.java:74)
</stacktrace>
</test-failure>


TypeScriptCompilerTests_J[jvm] > jsdocTypeCast_ts has expected errors matching jsdocTypeCast_errors_txt[jvm] FAILED

<test-failure test="com.xemantic.typescript.compiler.TypeScriptCompilerTests_J.jsFunctionWithPrototypeNoErrorTruncationNoCrash_ts has expected errors matching jsFunctionWithPrototypeNoErrorTruncationNoCrash_errors_txt" platform="jvm">
<message>
--- expected
+++ actual
@@ -6,10 +6,9 @@
 index.js(10,20): error TS7006: Parameter 'ratio' implicitly has an 'any' type.
 index.js(11,21): error TS7006: Parameter 'ratio' implicitly has an 'any' type.
 index.js(13,21): error TS7006: Parameter 'ratio' implicitly has an 'any' type.
-index.js(14,35): error TS2339: Property 'rgb' does not exist on type 'Color'.
 
 
-==== index.js (9 errors) ====
+==== index.js (8 errors) ====
     function Color(obj) {
                    ~~~
 !!! error TS7006: Parameter 'obj' implicitly has an 'any' type.
@@ -40,6 +39,4 @@
     	                   ~~~~~
 !!! error TS7006: Parameter 'ratio' implicitly has an 'any' type.
     	toJSON: function () {return this.rgb();},
-    	                                 ~~~
-!!! error TS2339: Property 'rgb' does not exist on type 'Color'.
     };

</message>
<stacktrace>
  at org.junit.Assert.fail(Assert.java:89)
  at kotlin.test.junit.JUnitAsserter.fail(JUnitSupport.kt:56)
  at kotlin.test.AssertionsKt__AssertionsKt.fail(Assertions.kt:563)
  at kotlin.test.AssertionsKt.fail(Unknown Source)
  at com.xemantic.kotlin.test.SameAsKt.sameAs(SameAs.kt:52)
  at com.xemantic.typescript.compiler.TypeScriptTestSupportKt.errorsMatchBaseline(TypeScriptTestSupport.kt:135)
  at com.xemantic.typescript.compiler.TypeScriptCompilerTests_J.jsFunctionWithPrototypeNoErrorTruncationNoCrash_ts has expected errors matching jsFunctionWithPrototypeNoErrorTruncationNoCrash_errors_txt(TypeScriptCompilerTests_J.kt:910)
  at java.base/jdk.internal.reflect.DirectMethodHandleAccessor.invoke(DirectMethodHandleAccessor.java:104)
  at java.base/java.lang.reflect.Method.invoke(Method.java:565)
  at org.junit.runners.model.FrameworkMethod$1.runReflectiveCall(FrameworkMethod.java:59)
  at org.junit.internal.runners.model.ReflectiveCallable.run(ReflectiveCallable.java:12)
  at org.junit.runners.model.FrameworkMethod.invokeExplosively(FrameworkMethod.java:56)
  at org.junit.internal.runners.statements.InvokeMethod.evaluate(InvokeMethod.java:17)
  at org.junit.runners.ParentRunner$3.evaluate(ParentRunner.java:306)
  at org.junit.runners.BlockJUnit4ClassRunner$1.evaluate(BlockJUnit4ClassRunner.java:100)
  at org.junit.runners.ParentRunner.runLeaf(ParentRunner.java:366)
  at org.junit.runners.BlockJUnit4ClassRunner.runChild(BlockJUnit4ClassRunner.java:103)
  at org.junit.runners.BlockJUnit4ClassRunner.runChild(BlockJUnit4ClassRunner.java:63)
  at org.junit.runners.ParentRunner$4.run(ParentRunner.java:331)
  at org.junit.runners.ParentRunner$1.schedule(ParentRunner.java:79)
  at org.junit.runners.ParentRunner.runChildren(ParentRunner.java:329)
  at org.junit.runners.ParentRunner.access$100(ParentRunner.java:66)
  at org.junit.runners.ParentRunner$2.evaluate(ParentRunner.java:293)
  at org.junit.runners.ParentRunner$3.evaluate(ParentRunner.java:306)
  at org.junit.runners.ParentRunner.run(ParentRunner.java:413)
  at org.junit.runner.JUnitCore.run(JUnitCore.java:137)
  at org.junit.runner.JUnitCore.run(JUnitCore.java:115)
  at org.gradle.api.internal.tasks.testing.junit.JUnitTestExecutor.runRequest(JUnitTestExecutor.java:175)
  at org.gradle.api.internal.tasks.testing.junit.JUnitTestExecutor.accept(JUnitTestExecutor.java:84)
  at org.gradle.api.internal.tasks.testing.junit.JUnitTestExecutor.accept(JUnitTestExecutor.java:47)
  at org.gradle.api.internal.tasks.testing.junit.AbstractJUnitTestDefinitionProcessor.processTestDefinition(AbstractJUnitTestDefinitionProcessor.java:65)
  at org.gradle.api.internal.tasks.testing.SuiteTestDefinitionProcessor.processTestDefinition(SuiteTestDefinitionProcessor.java:54)
  at java.base/jdk.internal.reflect.DirectMethodHandleAccessor.invoke(DirectMethodHandleAccessor.java:104)
  at java.base/java.lang.reflect.Method.invoke(Method.java:565)
  at org.gradle.internal.dispatch.MethodInvocation.invokeOn(MethodInvocation.java:77)
  at org.gradle.internal.dispatch.ReflectionDispatch.dispatch(ReflectionDispatch.java:28)
  at org.gradle.internal.dispatch.ReflectionDispatch.dispatch(ReflectionDispatch.java:19)
  at org.gradle.internal.dispatch.ContextClassLoaderDispatch.dispatch(ContextClassLoaderDispatch.java:33)
  at org.gradle.internal.dispatch.ProxyDispatchAdapter$DispatchingInvocationHandler.invoke(ProxyDispatchAdapter.java:88)
  at jdk.proxy1/jdk.proxy1.$Proxy4.processTestDefinition(Unknown Source)
  at org.gradle.api.internal.tasks.testing.worker.TestWorker$2.run(TestWorker.java:178)
  at org.gradle.api.internal.tasks.testing.worker.TestWorker.executeAndMaintainThreadName(TestWorker.java:126)
  at org.gradle.api.internal.tasks.testing.worker.TestWorker.execute(TestWorker.java:103)
  at org.gradle.api.internal.tasks.testing.worker.TestWorker.execute(TestWorker.java:63)
  at org.gradle.process.internal.worker.child.ActionExecutionWorker.execute(ActionExecutionWorker.java:56)
  at org.gradle.process.internal.worker.child.SystemApplicationClassLoaderWorker.call(SystemApplicationClassLoaderWorker.java:122)
  at org.gradle.process.internal.worker.child.SystemApplicationClassLoaderWorker.call(SystemApplicationClassLoaderWorker.java:72)
  at worker.org.gradle.process.internal.worker.GradleWorkerMain.run(GradleWorkerMain.java:69)
  at worker.org.gradle.process.internal.worker.GradleWorkerMain.main(GradleWorkerMain.java:74)
</stacktrace>
</test-failure>


TypeScriptCompilerTests_J[jvm] > jsFunctionWithPrototypeNoErrorTruncationNoCrash_ts has expected errors matching jsFunctionWithPrototypeNoErrorTruncationNoCrash_errors_txt[jvm] FAILED

<test-failure test="com.xemantic.typescript.compiler.TypeScriptCompilerTests_J.jsExportMemberMergedWithModuleAugmentation_ts has expected errors matching jsExportMemberMergedWithModuleAugmentation_errors_txt" platform="jvm">
<message>
Expected diagnostics from baseline typescript-repo/tests/baselines/reference/jsExportMemberMergedWithModuleAugmentation.errors.txt but none produced
</message>
<stacktrace>
  at com.xemantic.typescript.compiler.TypeScriptTestSupportKt.errorsMatchBaseline(TypeScriptTestSupport.kt:125)
  at com.xemantic.typescript.compiler.TypeScriptCompilerTests_J.jsExportMemberMergedWithModuleAugmentation_ts has expected errors matching jsExportMemberMergedWithModuleAugmentation_errors_txt(TypeScriptCompilerTests_J.kt:140)
  at java.base/jdk.internal.reflect.DirectMethodHandleAccessor.invoke(DirectMethodHandleAccessor.java:104)
  at java.base/java.lang.reflect.Method.invoke(Method.java:565)
  at org.junit.runners.model.FrameworkMethod$1.runReflectiveCall(FrameworkMethod.java:59)
  at org.junit.internal.runners.model.ReflectiveCallable.run(ReflectiveCallable.java:12)
  at org.junit.runners.model.FrameworkMethod.invokeExplosively(FrameworkMethod.java:56)
  at org.junit.internal.runners.statements.InvokeMethod.evaluate(InvokeMethod.java:17)
  at org.junit.runners.ParentRunner$3.evaluate(ParentRunner.java:306)
  at org.junit.runners.BlockJUnit4ClassRunner$1.evaluate(BlockJUnit4ClassRunner.java:100)
  at org.junit.runners.ParentRunner.runLeaf(ParentRunner.java:366)
  at org.junit.runners.BlockJUnit4ClassRunner.runChild(BlockJUnit4ClassRunner.java:103)
  at org.junit.runners.BlockJUnit4ClassRunner.runChild(BlockJUnit4ClassRunner.java:63)
  at org.junit.runners.ParentRunner$4.run(ParentRunner.java:331)
  at org.junit.runners.ParentRunner$1.schedule(ParentRunner.java:79)
  at org.junit.runners.ParentRunner.runChildren(ParentRunner.java:329)
  at org.junit.runners.ParentRunner.access$100(ParentRunner.java:66)
  at org.junit.runners.ParentRunner$2.evaluate(ParentRunner.java:293)
  at org.junit.runners.ParentRunner$3.evaluate(ParentRunner.java:306)
  at org.junit.runners.ParentRunner.run(ParentRunner.java:413)
  at org.junit.runner.JUnitCore.run(JUnitCore.java:137)
  at org.junit.runner.JUnitCore.run(JUnitCore.java:115)
  at org.gradle.api.internal.tasks.testing.junit.JUnitTestExecutor.runRequest(JUnitTestExecutor.java:175)
  at org.gradle.api.internal.tasks.testing.junit.JUnitTestExecutor.accept(JUnitTestExecutor.java:84)
  at org.gradle.api.internal.tasks.testing.junit.JUnitTestExecutor.accept(JUnitTestExecutor.java:47)
  at org.gradle.api.internal.tasks.testing.junit.AbstractJUnitTestDefinitionProcessor.processTestDefinition(AbstractJUnitTestDefinitionProcessor.java:65)
  at org.gradle.api.internal.tasks.testing.SuiteTestDefinitionProcessor.processTestDefinition(SuiteTestDefinitionProcessor.java:54)
  at java.base/jdk.internal.reflect.DirectMethodHandleAccessor.invoke(DirectMethodHandleAccessor.java:104)
  at java.base/java.lang.reflect.Method.invoke(Method.java:565)
  at org.gradle.internal.dispatch.MethodInvocation.invokeOn(MethodInvocation.java:77)
  at org.gradle.internal.dispatch.ReflectionDispatch.dispatch(ReflectionDispatch.java:28)
  at org.gradle.internal.dispatch.ReflectionDispatch.dispatch(ReflectionDispatch.java:19)
  at org.gradle.internal.dispatch.ContextClassLoaderDispatch.dispatch(ContextClassLoaderDispatch.java:33)
  at org.gradle.internal.dispatch.ProxyDispatchAdapter$DispatchingInvocationHandler.invoke(ProxyDispatchAdapter.java:88)
  at jdk.proxy1/jdk.proxy1.$Proxy4.processTestDefinition(Unknown Source)
  at org.gradle.api.internal.tasks.testing.worker.TestWorker$2.run(TestWorker.java:178)
  at org.gradle.api.internal.tasks.testing.worker.TestWorker.executeAndMaintainThreadName(TestWorker.java:126)
  at org.gradle.api.internal.tasks.testing.worker.TestWorker.execute(TestWorker.java:103)
  at org.gradle.api.internal.tasks.testing.worker.TestWorker.execute(TestWorker.java:63)
  at org.gradle.process.internal.worker.child.ActionExecutionWorker.execute(ActionExecutionWorker.java:56)
  at org.gradle.process.internal.worker.child.SystemApplicationClassLoaderWorker.call(SystemApplicationClassLoaderWorker.java:122)
  at org.gradle.process.internal.worker.child.SystemApplicationClassLoaderWorker.call(SystemApplicationClassLoaderWorker.java:72)
  at worker.org.gradle.process.internal.worker.GradleWorkerMain.run(GradleWorkerMain.java:69)
  at worker.org.gradle.process.internal.worker.GradleWorkerMain.main(GradleWorkerMain.java:74)
</stacktrace>
</test-failure>


TypeScriptCompilerTests_J[jvm] > jsExportMemberMergedWithModuleAugmentation_ts has expected errors matching jsExportMemberMergedWithModuleAugmentation_errors_txt[jvm] FAILED

<test-failure test="com.xemantic.typescript.compiler.TypeScriptCompilerTests_J.jsxFactoryNotIdentifierOrQualifiedName_ts has expected errors matching jsxFactoryNotIdentifierOrQualifiedName_errors_txt" platform="jvm">
<message>
Expected diagnostics from baseline typescript-repo/tests/baselines/reference/jsxFactoryNotIdentifierOrQualifiedName.errors.txt but none produced
</message>
<stacktrace>
  at com.xemantic.typescript.compiler.TypeScriptTestSupportKt.errorsMatchBaseline(TypeScriptTestSupport.kt:125)
  at com.xemantic.typescript.compiler.TypeScriptCompilerTests_J.jsxFactoryNotIdentifierOrQualifiedName_ts has expected errors matching jsxFactoryNotIdentifierOrQualifiedName_errors_txt(TypeScriptCompilerTests_J.kt:1204)
  at java.base/jdk.internal.reflect.DirectMethodHandleAccessor.invoke(DirectMethodHandleAccessor.java:104)
  at java.base/java.lang.reflect.Method.invoke(Method.java:565)
  at org.junit.runners.model.FrameworkMethod$1.runReflectiveCall(FrameworkMethod.java:59)
  at org.junit.internal.runners.model.ReflectiveCallable.run(ReflectiveCallable.java:12)
  at org.junit.runners.model.FrameworkMethod.invokeExplosively(FrameworkMethod.java:56)
  at org.junit.internal.runners.statements.InvokeMethod.evaluate(InvokeMethod.java:17)
  at org.junit.runners.ParentRunner$3.evaluate(ParentRunner.java:306)
  at org.junit.runners.BlockJUnit4ClassRunner$1.evaluate(BlockJUnit4ClassRunner.java:100)
  at org.junit.runners.ParentRunner.runLeaf(ParentRunner.java:366)
  at org.junit.runners.BlockJUnit4ClassRunner.runChild(BlockJUnit4ClassRunner.java:103)
  at org.junit.runners.BlockJUnit4ClassRunner.runChild(BlockJUnit4ClassRunner.java:63)
  at org.junit.runners.ParentRunner$4.run(ParentRunner.java:331)
  at org.junit.runners.ParentRunner$1.schedule(ParentRunner.java:79)
  at org.junit.runners.ParentRunner.runChildren(ParentRunner.java:329)
  at org.junit.runners.ParentRunner.access$100(ParentRunner.java:66)
  at org.junit.runners.ParentRunner$2.evaluate(ParentRunner.java:293)
  at org.junit.runners.ParentRunner$3.evaluate(ParentRunner.java:306)
  at org.junit.runners.ParentRunner.run(ParentRunner.java:413)
  at org.junit.runner.JUnitCore.run(JUnitCore.java:137)
  at org.junit.runner.JUnitCore.run(JUnitCore.java:115)
  at org.gradle.api.internal.tasks.testing.junit.JUnitTestExecutor.runRequest(JUnitTestExecutor.java:175)
  at org.gradle.api.internal.tasks.testing.junit.JUnitTestExecutor.accept(JUnitTestExecutor.java:84)
  at org.gradle.api.internal.tasks.testing.junit.JUnitTestExecutor.accept(JUnitTestExecutor.java:47)
  at org.gradle.api.internal.tasks.testing.junit.AbstractJUnitTestDefinitionProcessor.processTestDefinition(AbstractJUnitTestDefinitionProcessor.java:65)
  at org.gradle.api.internal.tasks.testing.SuiteTestDefinitionProcessor.processTestDefinition(SuiteTestDefinitionProcessor.java:54)
  at java.base/jdk.internal.reflect.DirectMethodHandleAccessor.invoke(DirectMethodHandleAccessor.java:104)
  at java.base/java.lang.reflect.Method.invoke(Method.java:565)
  at org.gradle.internal.dispatch.MethodInvocation.invokeOn(MethodInvocation.java:77)
  at org.gradle.internal.dispatch.ReflectionDispatch.dispatch(ReflectionDispatch.java:28)
  at org.gradle.internal.dispatch.ReflectionDispatch.dispatch(ReflectionDispatch.java:19)
  at org.gradle.internal.dispatch.ContextClassLoaderDispatch.dispatch(ContextClassLoaderDispatch.java:33)
  at org.gradle.internal.dispatch.ProxyDispatchAdapter$DispatchingInvocationHandler.invoke(ProxyDispatchAdapter.java:88)
  at jdk.proxy1/jdk.proxy1.$Proxy4.processTestDefinition(Unknown Source)
  at org.gradle.api.internal.tasks.testing.worker.TestWorker$2.run(TestWorker.java:178)
  at org.gradle.api.internal.tasks.testing.worker.TestWorker.executeAndMaintainThreadName(TestWorker.java:126)
  at org.gradle.api.internal.tasks.testing.worker.TestWorker.execute(TestWorker.java:103)
  at org.gradle.api.internal.tasks.testing.worker.TestWorker.execute(TestWorker.java:63)
  at org.gradle.process.internal.worker.child.ActionExecutionWorker.execute(ActionExecutionWorker.java:56)
  at org.gradle.process.internal.worker.child.SystemApplicationClassLoaderWorker.call(SystemApplicationClassLoaderWorker.java:122)
  at org.gradle.process.internal.worker.child.SystemApplicationClassLoaderWorker.call(SystemApplicationClassLoaderWorker.java:72)
  at worker.org.gradle.process.internal.worker.GradleWorkerMain.run(GradleWorkerMain.java:69)
  at worker.org.gradle.process.internal.worker.GradleWorkerMain.main(GradleWorkerMain.java:74)
</stacktrace>
</test-failure>


TypeScriptCompilerTests_J[jvm] > jsxFactoryNotIdentifierOrQualifiedName_ts has expected errors matching jsxFactoryNotIdentifierOrQualifiedName_errors_txt[jvm] FAILED

<test-failure test="com.xemantic.typescript.compiler.TypeScriptCompilerTests_J.jsxFactoryMissingErrorInsideAClass_ts has expected errors matching jsxFactoryMissingErrorInsideAClass_errors_txt" platform="jvm">
<message>
Expected diagnostics from baseline typescript-repo/tests/baselines/reference/jsxFactoryMissingErrorInsideAClass.errors.txt but none produced
</message>
<stacktrace>
  at com.xemantic.typescript.compiler.TypeScriptTestSupportKt.errorsMatchBaseline(TypeScriptTestSupport.kt:125)
  at com.xemantic.typescript.compiler.TypeScriptCompilerTests_J.jsxFactoryMissingErrorInsideAClass_ts has expected errors matching jsxFactoryMissingErrorInsideAClass_errors_txt(TypeScriptCompilerTests_J.kt:1190)
  at java.base/jdk.internal.reflect.DirectMethodHandleAccessor.invoke(DirectMethodHandleAccessor.java:104)
  at java.base/java.lang.reflect.Method.invoke(Method.java:565)
  at org.junit.runners.model.FrameworkMethod$1.runReflectiveCall(FrameworkMethod.java:59)
  at org.junit.internal.runners.model.ReflectiveCallable.run(ReflectiveCallable.java:12)
  at org.junit.runners.model.FrameworkMethod.invokeExplosively(FrameworkMethod.java:56)
  at org.junit.internal.runners.statements.InvokeMethod.evaluate(InvokeMethod.java:17)
  at org.junit.runners.ParentRunner$3.evaluate(ParentRunner.java:306)
  at org.junit.runners.BlockJUnit4ClassRunner$1.evaluate(BlockJUnit4ClassRunner.java:100)
  at org.junit.runners.ParentRunner.runLeaf(ParentRunner.java:366)
  at org.junit.runners.BlockJUnit4ClassRunner.runChild(BlockJUnit4ClassRunner.java:103)
  at org.junit.runners.BlockJUnit4ClassRunner.runChild(BlockJUnit4ClassRunner.java:63)
  at org.junit.runners.ParentRunner$4.run(ParentRunner.java:331)
  at org.junit.runners.ParentRunner$1.schedule(ParentRunner.java:79)
  at org.junit.runners.ParentRunner.runChildren(ParentRunner.java:329)
  at org.junit.runners.ParentRunner.access$100(ParentRunner.java:66)
  at org.junit.runners.ParentRunner$2.evaluate(ParentRunner.java:293)
  at org.junit.runners.ParentRunner$3.evaluate(ParentRunner.java:306)
  at org.junit.runners.ParentRunner.run(ParentRunner.java:413)
  at org.junit.runner.JUnitCore.run(JUnitCore.java:137)
  at org.junit.runner.JUnitCore.run(JUnitCore.java:115)
  at org.gradle.api.internal.tasks.testing.junit.JUnitTestExecutor.runRequest(JUnitTestExecutor.java:175)
  at org.gradle.api.internal.tasks.testing.junit.JUnitTestExecutor.accept(JUnitTestExecutor.java:84)
  at org.gradle.api.internal.tasks.testing.junit.JUnitTestExecutor.accept(JUnitTestExecutor.java:47)
  at org.gradle.api.internal.tasks.testing.junit.AbstractJUnitTestDefinitionProcessor.processTestDefinition(AbstractJUnitTestDefinitionProcessor.java:65)
  at org.gradle.api.internal.tasks.testing.SuiteTestDefinitionProcessor.processTestDefinition(SuiteTestDefinitionProcessor.java:54)
  at java.base/jdk.internal.reflect.DirectMethodHandleAccessor.invoke(DirectMethodHandleAccessor.java:104)
  at java.base/java.lang.reflect.Method.invoke(Method.java:565)
  at org.gradle.internal.dispatch.MethodInvocation.invokeOn(MethodInvocation.java:77)
  at org.gradle.internal.dispatch.ReflectionDispatch.dispatch(ReflectionDispatch.java:28)
  at org.gradle.internal.dispatch.ReflectionDispatch.dispatch(ReflectionDispatch.java:19)
  at org.gradle.internal.dispatch.ContextClassLoaderDispatch.dispatch(ContextClassLoaderDispatch.java:33)
  at org.gradle.internal.dispatch.ProxyDispatchAdapter$DispatchingInvocationHandler.invoke(ProxyDispatchAdapter.java:88)
  at jdk.proxy1/jdk.proxy1.$Proxy4.processTestDefinition(Unknown Source)
  at org.gradle.api.internal.tasks.testing.worker.TestWorker$2.run(TestWorker.java:178)
  at org.gradle.api.internal.tasks.testing.worker.TestWorker.executeAndMaintainThreadName(TestWorker.java:126)
  at org.gradle.api.internal.tasks.testing.worker.TestWorker.execute(TestWorker.java:103)
  at org.gradle.api.internal.tasks.testing.worker.TestWorker.execute(TestWorker.java:63)
  at org.gradle.process.internal.worker.child.ActionExecutionWorker.execute(ActionExecutionWorker.java:56)
  at org.gradle.process.internal.worker.child.SystemApplicationClassLoaderWorker.call(SystemApplicationClassLoaderWorker.java:122)
  at org.gradle.process.internal.worker.child.SystemApplicationClassLoaderWorker.call(SystemApplicationClassLoaderWorker.java:72)
  at worker.org.gradle.process.internal.worker.GradleWorkerMain.run(GradleWorkerMain.java:69)
  at worker.org.gradle.process.internal.worker.GradleWorkerMain.main(GradleWorkerMain.java:74)
</stacktrace>
</test-failure>


TypeScriptCompilerTests_J[jvm] > jsxFactoryMissingErrorInsideAClass_ts has expected errors matching jsxFactoryMissingErrorInsideAClass_errors_txt[jvm] FAILED

<test-failure test="com.xemantic.typescript.compiler.TypeScriptCompilerTests_J.jsFileCompilationWithoutJsExtensions_ts has expected errors matching jsFileCompilationWithoutJsExtensions_errors_txt" platform="jvm">
<message>
--- expected
+++ actual
@@ -1,10 +1,8 @@
-error TS6504: File 'a.js' is a JavaScript file. Did you mean to enable the 'allowJs' option?
-  The file is in the program because:
-    Root file specified for compilation
+error TS5055: Cannot write file 'a.js' because it would overwrite input file.
+  Adding a tsconfig.json file will help organize projects that contain both TypeScript and JavaScript files. Learn more at https://aka.ms/tsconfig.
 
 
-!!! error TS6504: File 'a.js' is a JavaScript file. Did you mean to enable the 'allowJs' option?
-!!! error TS6504:   The file is in the program because:
-!!! error TS6504:     Root file specified for compilation
+!!! error TS5055: Cannot write file 'a.js' because it would overwrite input file.
+!!! error TS5055:   Adding a tsconfig.json file will help organize projects that contain both TypeScript and JavaScript files. Learn more at https://aka.ms/tsconfig.
 ==== a.js (0 errors) ====
     declare var v;

</message>
<stacktrace>
  at org.junit.Assert.fail(Assert.java:89)
  at kotlin.test.junit.JUnitAsserter.fail(JUnitSupport.kt:56)
  at kotlin.test.AssertionsKt__AssertionsKt.fail(Assertions.kt:563)
  at kotlin.test.AssertionsKt.fail(Unknown Source)
  at com.xemantic.kotlin.test.SameAsKt.sameAs(SameAs.kt:52)
  at com.xemantic.typescript.compiler.TypeScriptTestSupportKt.errorsMatchBaseline(TypeScriptTestSupport.kt:135)
  at com.xemantic.typescript.compiler.TypeScriptCompilerTests_J.jsFileCompilationWithoutJsExtensions_ts has expected errors matching jsFileCompilationWithoutJsExtensions_errors_txt(TypeScriptCompilerTests_J.kt:819)
  at java.base/jdk.internal.reflect.DirectMethodHandleAccessor.invoke(DirectMethodHandleAccessor.java:104)
  at java.base/java.lang.reflect.Method.invoke(Method.java:565)
  at org.junit.runners.model.FrameworkMethod$1.runReflectiveCall(FrameworkMethod.java:59)
  at org.junit.internal.runners.model.ReflectiveCallable.run(ReflectiveCallable.java:12)
  at org.junit.runners.model.FrameworkMethod.invokeExplosively(FrameworkMethod.java:56)
  at org.junit.internal.runners.statements.InvokeMethod.evaluate(InvokeMethod.java:17)
  at org.junit.runners.ParentRunner$3.evaluate(ParentRunner.java:306)
  at org.junit.runners.BlockJUnit4ClassRunner$1.evaluate(BlockJUnit4ClassRunner.java:100)
  at org.junit.runners.ParentRunner.runLeaf(ParentRunner.java:366)
  at org.junit.runners.BlockJUnit4ClassRunner.runChild(BlockJUnit4ClassRunner.java:103)
  at org.junit.runners.BlockJUnit4ClassRunner.runChild(BlockJUnit4ClassRunner.java:63)
  at org.junit.runners.ParentRunner$4.run(ParentRunner.java:331)
  at org.junit.runners.ParentRunner$1.schedule(ParentRunner.java:79)
  at org.junit.runners.ParentRunner.runChildren(ParentRunner.java:329)
  at org.junit.runners.ParentRunner.access$100(ParentRunner.java:66)
  at org.junit.runners.ParentRunner$2.evaluate(ParentRunner.java:293)
  at org.junit.runners.ParentRunner$3.evaluate(ParentRunner.java:306)
  at org.junit.runners.ParentRunner.run(ParentRunner.java:413)
  at org.junit.runner.JUnitCore.run(JUnitCore.java:137)
  at org.junit.runner.JUnitCore.run(JUnitCore.java:115)
  at org.gradle.api.internal.tasks.testing.junit.JUnitTestExecutor.runRequest(JUnitTestExecutor.java:175)
  at org.gradle.api.internal.tasks.testing.junit.JUnitTestExecutor.accept(JUnitTestExecutor.java:84)
  at org.gradle.api.internal.tasks.testing.junit.JUnitTestExecutor.accept(JUnitTestExecutor.java:47)
  at org.gradle.api.internal.tasks.testing.junit.AbstractJUnitTestDefinitionProcessor.processTestDefinition(AbstractJUnitTestDefinitionProcessor.java:65)
  at org.gradle.api.internal.tasks.testing.SuiteTestDefinitionProcessor.processTestDefinition(SuiteTestDefinitionProcessor.java:54)
  at java.base/jdk.internal.reflect.DirectMethodHandleAccessor.invoke(DirectMethodHandleAccessor.java:104)
  at java.base/java.lang.reflect.Method.invoke(Method.java:565)
  at org.gradle.internal.dispatch.MethodInvocation.invokeOn(MethodInvocation.java:77)
  at org.gradle.internal.dispatch.ReflectionDispatch.dispatch(ReflectionDispatch.java:28)
  at org.gradle.internal.dispatch.ReflectionDispatch.dispatch(ReflectionDispatch.java:19)
  at org.gradle.internal.dispatch.ContextClassLoaderDispatch.dispatch(ContextClassLoaderDispatch.java:33)
  at org.gradle.internal.dispatch.ProxyDispatchAdapter$DispatchingInvocationHandler.invoke(ProxyDispatchAdapter.java:88)
  at jdk.proxy1/jdk.proxy1.$Proxy4.processTestDefinition(Unknown Source)
  at org.gradle.api.internal.tasks.testing.worker.TestWorker$2.run(TestWorker.java:178)
  at org.gradle.api.internal.tasks.testing.worker.TestWorker.executeAndMaintainThreadName(TestWorker.java:126)
  at org.gradle.api.internal.tasks.testing.worker.TestWorker.execute(TestWorker.java:103)
  at org.gradle.api.internal.tasks.testing.worker.TestWorker.execute(TestWorker.java:63)
  at org.gradle.process.internal.worker.child.ActionExecutionWorker.execute(ActionExecutionWorker.java:56)
  at org.gradle.process.internal.worker.child.SystemApplicationClassLoaderWorker.call(SystemApplicationClassLoaderWorker.java:122)
  at org.gradle.process.internal.worker.child.SystemApplicationClassLoaderWorker.call(SystemApplicationClassLoaderWorker.java:72)
  at worker.org.gradle.process.internal.worker.GradleWorkerMain.run(GradleWorkerMain.java:69)
  at worker.org.gradle.process.internal.worker.GradleWorkerMain.main(GradleWorkerMain.java:74)
</stacktrace>
</test-failure>


TypeScriptCompilerTests_J[jvm] > jsFileCompilationWithoutJsExtensions_ts has expected errors matching jsFileCompilationWithoutJsExtensions_errors_txt[jvm] FAILED

<test-failure test="com.xemantic.typescript.compiler.TypeScriptCompilerTests_J.jsxFactoryQualifiedNameResolutionError_ts has expected errors matching jsxFactoryQualifiedNameResolutionError_errors_txt" platform="jvm">
<message>
Expected diagnostics from baseline typescript-repo/tests/baselines/reference/jsxFactoryQualifiedNameResolutionError.errors.txt but none produced
</message>
<stacktrace>
  at com.xemantic.typescript.compiler.TypeScriptTestSupportKt.errorsMatchBaseline(TypeScriptTestSupport.kt:125)
  at com.xemantic.typescript.compiler.TypeScriptCompilerTests_J.jsxFactoryQualifiedNameResolutionError_ts has expected errors matching jsxFactoryQualifiedNameResolutionError_errors_txt(TypeScriptCompilerTests_J.kt:1239)
  at java.base/jdk.internal.reflect.DirectMethodHandleAccessor.invoke(DirectMethodHandleAccessor.java:104)
  at java.base/java.lang.reflect.Method.invoke(Method.java:565)
  at org.junit.runners.model.FrameworkMethod$1.runReflectiveCall(FrameworkMethod.java:59)
  at org.junit.internal.runners.model.ReflectiveCallable.run(ReflectiveCallable.java:12)
  at org.junit.runners.model.FrameworkMethod.invokeExplosively(FrameworkMethod.java:56)
  at org.junit.internal.runners.statements.InvokeMethod.evaluate(InvokeMethod.java:17)
  at org.junit.runners.ParentRunner$3.evaluate(ParentRunner.java:306)
  at org.junit.runners.BlockJUnit4ClassRunner$1.evaluate(BlockJUnit4ClassRunner.java:100)
  at org.junit.runners.ParentRunner.runLeaf(ParentRunner.java:366)
  at org.junit.runners.BlockJUnit4ClassRunner.runChild(BlockJUnit4ClassRunner.java:103)
  at org.junit.runners.BlockJUnit4ClassRunner.runChild(BlockJUnit4ClassRunner.java:63)
  at org.junit.runners.ParentRunner$4.run(ParentRunner.java:331)
  at org.junit.runners.ParentRunner$1.schedule(ParentRunner.java:79)
  at org.junit.runners.ParentRunner.runChildren(ParentRunner.java:329)
  at org.junit.runners.ParentRunner.access$100(ParentRunner.java:66)
  at org.junit.runners.ParentRunner$2.evaluate(ParentRunner.java:293)
  at org.junit.runners.ParentRunner$3.evaluate(ParentRunner.java:306)
  at org.junit.runners.ParentRunner.run(ParentRunner.java:413)
  at org.junit.runner.JUnitCore.run(JUnitCore.java:137)
  at org.junit.runner.JUnitCore.run(JUnitCore.java:115)
  at org.gradle.api.internal.tasks.testing.junit.JUnitTestExecutor.runRequest(JUnitTestExecutor.java:175)
  at org.gradle.api.internal.tasks.testing.junit.JUnitTestExecutor.accept(JUnitTestExecutor.java:84)
  at org.gradle.api.internal.tasks.testing.junit.JUnitTestExecutor.accept(JUnitTestExecutor.java:47)
  at org.gradle.api.internal.tasks.testing.junit.AbstractJUnitTestDefinitionProcessor.processTestDefinition(AbstractJUnitTestDefinitionProcessor.java:65)
  at org.gradle.api.internal.tasks.testing.SuiteTestDefinitionProcessor.processTestDefinition(SuiteTestDefinitionProcessor.java:54)
  at java.base/jdk.internal.reflect.DirectMethodHandleAccessor.invoke(DirectMethodHandleAccessor.java:104)
  at java.base/java.lang.reflect.Method.invoke(Method.java:565)
  at org.gradle.internal.dispatch.MethodInvocation.invokeOn(MethodInvocation.java:77)
  at org.gradle.internal.dispatch.ReflectionDispatch.dispatch(ReflectionDispatch.java:28)
  at org.gradle.internal.dispatch.ReflectionDispatch.dispatch(ReflectionDispatch.java:19)
  at org.gradle.internal.dispatch.ContextClassLoaderDispatch.dispatch(ContextClassLoaderDispatch.java:33)
  at org.gradle.internal.dispatch.ProxyDispatchAdapter$DispatchingInvocationHandler.invoke(ProxyDispatchAdapter.java:88)
  at jdk.proxy1/jdk.proxy1.$Proxy4.processTestDefinition(Unknown Source)
  at org.gradle.api.internal.tasks.testing.worker.TestWorker$2.run(TestWorker.java:178)
  at org.gradle.api.internal.tasks.testing.worker.TestWorker.executeAndMaintainThreadName(TestWorker.java:126)
  at org.gradle.api.internal.tasks.testing.worker.TestWorker.execute(TestWorker.java:103)
  at org.gradle.api.internal.tasks.testing.worker.TestWorker.execute(TestWorker.java:63)
  at org.gradle.process.internal.worker.child.ActionExecutionWorker.execute(ActionExecutionWorker.java:56)
  at org.gradle.process.internal.worker.child.SystemApplicationClassLoaderWorker.call(SystemApplicationClassLoaderWorker.java:122)
  at org.gradle.process.internal.worker.child.SystemApplicationClassLoaderWorker.call(SystemApplicationClassLoaderWorker.java:72)
  at worker.org.gradle.process.internal.worker.GradleWorkerMain.run(GradleWorkerMain.java:69)
  at worker.org.gradle.process.internal.worker.GradleWorkerMain.main(GradleWorkerMain.java:74)
</stacktrace>
</test-failure>


TypeScriptCompilerTests_J[jvm] > jsxFactoryQualifiedNameResolutionError_ts has expected errors matching jsxFactoryQualifiedNameResolutionError_errors_txt[jvm] FAILED

<test-failure test="com.xemantic.typescript.compiler.TypeScriptCompilerTests_J.jsFileCompilationBindStrictModeErrors_ts has expected errors matching jsFileCompilationBindStrictModeErrors_errors_txt" platform="jvm">
<message>
--- expected
+++ actual
@@ -8,9 +8,7 @@
 a.js(15,1): error TS2410: The 'with' statement is not supported. All symbols in a 'with' block will have type 'any'.
 b.js(3,7): error TS1210: Code contained in a class is evaluated in JavaScript's strict mode which does not allow this use of 'eval'. For more information, see https://developer.mozilla.org/en-US/docs/Web/JavaScript/Reference/Strict_mode.
 b.js(6,13): error TS1213: Identifier expected. 'let' is a reserved word in strict mode. Class definitions are automatically in strict mode.
-c.js(1,12): error TS1214: Identifier expected. 'let' is a reserved word in strict mode. Modules are automatically in strict mode.
-c.js(2,5): error TS1215: Invalid use of 'eval'. Modules are automatically in strict mode.
-d.js(2,9): error TS1489: Decimals with leading zeros are not allowed.
+c.js(1,12): error TS1212: Identifier expected. 'let' is a reserved word in strict mode.
 
 
 ==== a.js (8 errors) ====
@@ -62,17 +60,13 @@
         }
     }
     
-==== c.js (2 errors) ====
+==== c.js (1 errors) ====
     export var let = 10; // external modules are automatically in strict mode
                ~~~
-!!! error TS1214: Identifier expected. 'let' is a reserved word in strict mode. Modules are automatically in strict mode.
+!!! error TS1212: Identifier expected. 'let' is a reserved word in strict mode.
     var eval = function () {
-        ~~~~
-!!! error TS1215: Invalid use of 'eval'. Modules are automatically in strict mode.
     };
     
-==== d.js (1 errors) ====
+==== d.js (0 errors) ====
     "use strict";
     var x = 009; // error
-            ~~~
-!!! error TS1489: Decimals with leading zeros are not allowed.

</message>
<stacktrace>
  at org.junit.Assert.fail(Assert.java:89)
  at kotlin.test.junit.JUnitAsserter.fail(JUnitSupport.kt:56)
  at kotlin.test.AssertionsKt__AssertionsKt.fail(Assertions.kt:563)
  at kotlin.test.AssertionsKt.fail(Unknown Source)
  at com.xemantic.kotlin.test.SameAsKt.sameAs(SameAs.kt:52)
  at com.xemantic.typescript.compiler.TypeScriptTestSupportKt.errorsMatchBaseline(TypeScriptTestSupport.kt:135)
  at com.xemantic.typescript.compiler.TypeScriptCompilerTests_J.jsFileCompilationBindStrictModeErrors_ts has expected errors matching jsFileCompilationBindStrictModeErrors_errors_txt(TypeScriptCompilerTests_J.kt:252)
  at java.base/jdk.internal.reflect.DirectMethodHandleAccessor.invoke(DirectMethodHandleAccessor.java:104)
  at java.base/java.lang.reflect.Method.invoke(Method.java:565)
  at org.junit.runners.model.FrameworkMethod$1.runReflectiveCall(FrameworkMethod.java:59)
  at org.junit.internal.runners.model.ReflectiveCallable.run(ReflectiveCallable.java:12)
  at org.junit.runners.model.FrameworkMethod.invokeExplosively(FrameworkMethod.java:56)
  at org.junit.internal.runners.statements.InvokeMethod.evaluate(InvokeMethod.java:17)
  at org.junit.runners.ParentRunner$3.evaluate(ParentRunner.java:306)
  at org.junit.runners.BlockJUnit4ClassRunner$1.evaluate(BlockJUnit4ClassRunner.java:100)
  at org.junit.runners.ParentRunner.runLeaf(ParentRunner.java:366)
  at org.junit.runners.BlockJUnit4ClassRunner.runChild(BlockJUnit4ClassRunner.java:103)
  at org.junit.runners.BlockJUnit4ClassRunner.runChild(BlockJUnit4ClassRunner.java:63)
  at org.junit.runners.ParentRunner$4.run(ParentRunner.java:331)
  at org.junit.runners.ParentRunner$1.schedule(ParentRunner.java:79)
  at org.junit.runners.ParentRunner.runChildren(ParentRunner.java:329)
  at org.junit.runners.ParentRunner.access$100(ParentRunner.java:66)
  at org.junit.runners.ParentRunner$2.evaluate(ParentRunner.java:293)
  at org.junit.runners.ParentRunner$3.evaluate(ParentRunner.java:306)
  at org.junit.runners.ParentRunner.run(ParentRunner.java:413)
  at org.junit.runner.JUnitCore.run(JUnitCore.java:137)
  at org.junit.runner.JUnitCore.run(JUnitCore.java:115)
  at org.gradle.api.internal.tasks.testing.junit.JUnitTestExecutor.runRequest(JUnitTestExecutor.java:175)
  at org.gradle.api.internal.tasks.testing.junit.JUnitTestExecutor.accept(JUnitTestExecutor.java:84)
  at org.gradle.api.internal.tasks.testing.junit.JUnitTestExecutor.accept(JUnitTestExecutor.java:47)
  at org.gradle.api.internal.tasks.testing.junit.AbstractJUnitTestDefinitionProcessor.processTestDefinition(AbstractJUnitTestDefinitionProcessor.java:65)
  at org.gradle.api.internal.tasks.testing.SuiteTestDefinitionProcessor.processTestDefinition(SuiteTestDefinitionProcessor.java:54)
  at java.base/jdk.internal.reflect.DirectMethodHandleAccessor.invoke(DirectMethodHandleAccessor.java:104)
  at java.base/java.lang.reflect.Method.invoke(Method.java:565)
  at org.gradle.internal.dispatch.MethodInvocation.invokeOn(MethodInvocation.java:77)
  at org.gradle.internal.dispatch.ReflectionDispatch.dispatch(ReflectionDispatch.java:28)
  at org.gradle.internal.dispatch.ReflectionDispatch.dispatch(ReflectionDispatch.java:19)
  at org.gradle.internal.dispatch.ContextClassLoaderDispatch.dispatch(ContextClassLoaderDispatch.java:33)
  at org.gradle.internal.dispatch.ProxyDispatchAdapter$DispatchingInvocationHandler.invoke(ProxyDispatchAdapter.java:88)
  at jdk.proxy1/jdk.proxy1.$Proxy4.processTestDefinition(Unknown Source)
  at org.gradle.api.internal.tasks.testing.worker.TestWorker$2.run(TestWorker.java:178)
  at org.gradle.api.internal.tasks.testing.worker.TestWorker.executeAndMaintainThreadName(TestWorker.java:126)
  at org.gradle.api.internal.tasks.testing.worker.TestWorker.execute(TestWorker.java:103)
  at org.gradle.api.internal.tasks.testing.worker.TestWorker.execute(TestWorker.java:63)
  at org.gradle.process.internal.worker.child.ActionExecutionWorker.execute(ActionExecutionWorker.java:56)
  at org.gradle.process.internal.worker.child.SystemApplicationClassLoaderWorker.call(SystemApplicationClassLoaderWorker.java:122)
  at org.gradle.process.internal.worker.child.SystemApplicationClassLoaderWorker.call(SystemApplicationClassLoaderWorker.java:72)
  at worker.org.gradle.process.internal.worker.GradleWorkerMain.run(GradleWorkerMain.java:69)
  at worker.org.gradle.process.internal.worker.GradleWorkerMain.main(GradleWorkerMain.java:74)
</stacktrace>
</test-failure>


TypeScriptCompilerTests_J[jvm] > jsFileCompilationBindStrictModeErrors_ts has expected errors matching jsFileCompilationBindStrictModeErrors_errors_txt[jvm] FAILED

<test-failure test="com.xemantic.typescript.compiler.TypeScriptCompilerTests_J.jsdocImportTypeNodeNamespace_ts has expected errors matching jsdocImportTypeNodeNamespace_errors_txt" platform="jvm">
<message>
Expected diagnostics from baseline typescript-repo/tests/baselines/reference/jsdocImportTypeNodeNamespace.errors.txt but none produced
</message>
<stacktrace>
  at com.xemantic.typescript.compiler.TypeScriptTestSupportKt.errorsMatchBaseline(TypeScriptTestSupport.kt:125)
  at com.xemantic.typescript.compiler.TypeScriptCompilerTests_J.jsdocImportTypeNodeNamespace_ts has expected errors matching jsdocImportTypeNodeNamespace_errors_txt(TypeScriptCompilerTests_J.kt:994)
  at java.base/jdk.internal.reflect.DirectMethodHandleAccessor.invoke(DirectMethodHandleAccessor.java:104)
  at java.base/java.lang.reflect.Method.invoke(Method.java:565)
  at org.junit.runners.model.FrameworkMethod$1.runReflectiveCall(FrameworkMethod.java:59)
  at org.junit.internal.runners.model.ReflectiveCallable.run(ReflectiveCallable.java:12)
  at org.junit.runners.model.FrameworkMethod.invokeExplosively(FrameworkMethod.java:56)
  at org.junit.internal.runners.statements.InvokeMethod.evaluate(InvokeMethod.java:17)
  at org.junit.runners.ParentRunner$3.evaluate(ParentRunner.java:306)
  at org.junit.runners.BlockJUnit4ClassRunner$1.evaluate(BlockJUnit4ClassRunner.java:100)
  at org.junit.runners.ParentRunner.runLeaf(ParentRunner.java:366)
  at org.junit.runners.BlockJUnit4ClassRunner.runChild(BlockJUnit4ClassRunner.java:103)
  at org.junit.runners.BlockJUnit4ClassRunner.runChild(BlockJUnit4ClassRunner.java:63)
  at org.junit.runners.ParentRunner$4.run(ParentRunner.java:331)
  at org.junit.runners.ParentRunner$1.schedule(ParentRunner.java:79)
  at org.junit.runners.ParentRunner.runChildren(ParentRunner.java:329)
  at org.junit.runners.ParentRunner.access$100(ParentRunner.java:66)
  at org.junit.runners.ParentRunner$2.evaluate(ParentRunner.java:293)
  at org.junit.runners.ParentRunner$3.evaluate(ParentRunner.java:306)
  at org.junit.runners.ParentRunner.run(ParentRunner.java:413)
  at org.junit.runner.JUnitCore.run(JUnitCore.java:137)
  at org.junit.runner.JUnitCore.run(JUnitCore.java:115)
  at org.gradle.api.internal.tasks.testing.junit.JUnitTestExecutor.runRequest(JUnitTestExecutor.java:175)
  at org.gradle.api.internal.tasks.testing.junit.JUnitTestExecutor.accept(JUnitTestExecutor.java:84)
  at org.gradle.api.internal.tasks.testing.junit.JUnitTestExecutor.accept(JUnitTestExecutor.java:47)
  at org.gradle.api.internal.tasks.testing.junit.AbstractJUnitTestDefinitionProcessor.processTestDefinition(AbstractJUnitTestDefinitionProcessor.java:65)
  at org.gradle.api.internal.tasks.testing.SuiteTestDefinitionProcessor.processTestDefinition(SuiteTestDefinitionProcessor.java:54)
  at java.base/jdk.internal.reflect.DirectMethodHandleAccessor.invoke(DirectMethodHandleAccessor.java:104)
  at java.base/java.lang.reflect.Method.invoke(Method.java:565)
  at org.gradle.internal.dispatch.MethodInvocation.invokeOn(MethodInvocation.java:77)
  at org.gradle.internal.dispatch.ReflectionDispatch.dispatch(ReflectionDispatch.java:28)
  at org.gradle.internal.dispatch.ReflectionDispatch.dispatch(ReflectionDispatch.java:19)
  at org.gradle.internal.dispatch.ContextClassLoaderDispatch.dispatch(ContextClassLoaderDispatch.java:33)
  at org.gradle.internal.dispatch.ProxyDispatchAdapter$DispatchingInvocationHandler.invoke(ProxyDispatchAdapter.java:88)
  at jdk.proxy1/jdk.proxy1.$Proxy4.processTestDefinition(Unknown Source)
  at org.gradle.api.internal.tasks.testing.worker.TestWorker$2.run(TestWorker.java:178)
  at org.gradle.api.internal.tasks.testing.worker.TestWorker.executeAndMaintainThreadName(TestWorker.java:126)
  at org.gradle.api.internal.tasks.testing.worker.TestWorker.execute(TestWorker.java:103)
  at org.gradle.api.internal.tasks.testing.worker.TestWorker.execute(TestWorker.java:63)
  at org.gradle.process.internal.worker.child.ActionExecutionWorker.execute(ActionExecutionWorker.java:56)
  at org.gradle.process.internal.worker.child.SystemApplicationClassLoaderWorker.call(SystemApplicationClassLoaderWorker.java:122)
  at org.gradle.process.internal.worker.child.SystemApplicationClassLoaderWorker.call(SystemApplicationClassLoaderWorker.java:72)
  at worker.org.gradle.process.internal.worker.GradleWorkerMain.run(GradleWorkerMain.java:69)
  at worker.org.gradle.process.internal.worker.GradleWorkerMain.main(GradleWorkerMain.java:74)
</stacktrace>
</test-failure>


TypeScriptCompilerTests_J[jvm] > jsdocImportTypeNodeNamespace_ts has expected errors matching jsdocImportTypeNodeNamespace_errors_txt[jvm] FAILED

<test-failure test="com.xemantic.typescript.compiler.TypeScriptCompilerTests_J.jsdocReferenceGlobalTypeInCommonJs_ts has expected errors matching jsdocReferenceGlobalTypeInCommonJs_errors_txt" platform="jvm">
<message>
Expected diagnostics from baseline typescript-repo/tests/baselines/reference/jsdocReferenceGlobalTypeInCommonJs.errors.txt but none produced
</message>
<stacktrace>
  at com.xemantic.typescript.compiler.TypeScriptTestSupportKt.errorsMatchBaseline(TypeScriptTestSupport.kt:125)
  at com.xemantic.typescript.compiler.TypeScriptCompilerTests_J.jsdocReferenceGlobalTypeInCommonJs_ts has expected errors matching jsdocReferenceGlobalTypeInCommonJs_errors_txt(TypeScriptCompilerTests_J.kt:1043)
  at java.base/jdk.internal.reflect.DirectMethodHandleAccessor.invoke(DirectMethodHandleAccessor.java:104)
  at java.base/java.lang.reflect.Method.invoke(Method.java:565)
  at org.junit.runners.model.FrameworkMethod$1.runReflectiveCall(FrameworkMethod.java:59)
  at org.junit.internal.runners.model.ReflectiveCallable.run(ReflectiveCallable.java:12)
  at org.junit.runners.model.FrameworkMethod.invokeExplosively(FrameworkMethod.java:56)
  at org.junit.internal.runners.statements.InvokeMethod.evaluate(InvokeMethod.java:17)
  at org.junit.runners.ParentRunner$3.evaluate(ParentRunner.java:306)
  at org.junit.runners.BlockJUnit4ClassRunner$1.evaluate(BlockJUnit4ClassRunner.java:100)
  at org.junit.runners.ParentRunner.runLeaf(ParentRunner.java:366)
  at org.junit.runners.BlockJUnit4ClassRunner.runChild(BlockJUnit4ClassRunner.java:103)
  at org.junit.runners.BlockJUnit4ClassRunner.runChild(BlockJUnit4ClassRunner.java:63)
  at org.junit.runners.ParentRunner$4.run(ParentRunner.java:331)
  at org.junit.runners.ParentRunner$1.schedule(ParentRunner.java:79)
  at org.junit.runners.ParentRunner.runChildren(ParentRunner.java:329)
  at org.junit.runners.ParentRunner.access$100(ParentRunner.java:66)
  at org.junit.runners.ParentRunner$2.evaluate(ParentRunner.java:293)
  at org.junit.runners.ParentRunner$3.evaluate(ParentRunner.java:306)
  at org.junit.runners.ParentRunner.run(ParentRunner.java:413)
  at org.junit.runner.JUnitCore.run(JUnitCore.java:137)
  at org.junit.runner.JUnitCore.run(JUnitCore.java:115)
  at org.gradle.api.internal.tasks.testing.junit.JUnitTestExecutor.runRequest(JUnitTestExecutor.java:175)
  at org.gradle.api.internal.tasks.testing.junit.JUnitTestExecutor.accept(JUnitTestExecutor.java:84)
  at org.gradle.api.internal.tasks.testing.junit.JUnitTestExecutor.accept(JUnitTestExecutor.java:47)
  at org.gradle.api.internal.tasks.testing.junit.AbstractJUnitTestDefinitionProcessor.processTestDefinition(AbstractJUnitTestDefinitionProcessor.java:65)
  at org.gradle.api.internal.tasks.testing.SuiteTestDefinitionProcessor.processTestDefinition(SuiteTestDefinitionProcessor.java:54)
  at java.base/jdk.internal.reflect.DirectMethodHandleAccessor.invoke(DirectMethodHandleAccessor.java:104)
  at java.base/java.lang.reflect.Method.invoke(Method.java:565)
  at org.gradle.internal.dispatch.MethodInvocation.invokeOn(MethodInvocation.java:77)
  at org.gradle.internal.dispatch.ReflectionDispatch.dispatch(ReflectionDispatch.java:28)
  at org.gradle.internal.dispatch.ReflectionDispatch.dispatch(ReflectionDispatch.java:19)
  at org.gradle.internal.dispatch.ContextClassLoaderDispatch.dispatch(ContextClassLoaderDispatch.java:33)
  at org.gradle.internal.dispatch.ProxyDispatchAdapter$DispatchingInvocationHandler.invoke(ProxyDispatchAdapter.java:88)
  at jdk.proxy1/jdk.proxy1.$Proxy4.processTestDefinition(Unknown Source)
  at org.gradle.api.internal.tasks.testing.worker.TestWorker$2.run(TestWorker.java:178)
  at org.gradle.api.internal.tasks.testing.worker.TestWorker.executeAndMaintainThreadName(TestWorker.java:126)
  at org.gradle.api.internal.tasks.testing.worker.TestWorker.execute(TestWorker.java:103)
  at org.gradle.api.internal.tasks.testing.worker.TestWorker.execute(TestWorker.java:63)
  at org.gradle.process.internal.worker.child.ActionExecutionWorker.execute(ActionExecutionWorker.java:56)
  at org.gradle.process.internal.worker.child.SystemApplicationClassLoaderWorker.call(SystemApplicationClassLoaderWorker.java:122)
  at org.gradle.process.internal.worker.child.SystemApplicationClassLoaderWorker.call(SystemApplicationClassLoaderWorker.java:72)
  at worker.org.gradle.process.internal.worker.GradleWorkerMain.run(GradleWorkerMain.java:69)
  at worker.org.gradle.process.internal.worker.GradleWorkerMain.main(GradleWorkerMain.java:74)
</stacktrace>
</test-failure>


TypeScriptCompilerTests_J[jvm] > jsdocReferenceGlobalTypeInCommonJs_ts has expected errors matching jsdocReferenceGlobalTypeInCommonJs_errors_txt[jvm] FAILED

<test-failure test="com.xemantic.typescript.compiler.TypeScriptCompilerTests_J.jsdocClassMissingTypeArguments_ts has expected errors matching jsdocClassMissingTypeArguments_errors_txt" platform="jvm">
<message>
--- expected
+++ actual
@@ -1,4 +1,4 @@
-/a.js(4,13): error TS2314: Generic type 'C<T>' requires 1 type argument(s).
+/a.js(5,12): error TS7006: Parameter 'p' implicitly has an 'any' type.
 
 
 ==== /a.js (1 errors) ====
@@ -6,6 +6,6 @@
     class C {}
     
     /** @param {C} p */
-                ~
-!!! error TS2314: Generic type 'C<T>' requires 1 type argument(s).
     function f(p) {}
+               ~
+!!! error TS7006: Parameter 'p' implicitly has an 'any' type.

</message>
<stacktrace>
  at org.junit.Assert.fail(Assert.java:89)
  at kotlin.test.junit.JUnitAsserter.fail(JUnitSupport.kt:56)
  at kotlin.test.AssertionsKt__AssertionsKt.fail(Assertions.kt:563)
  at kotlin.test.AssertionsKt.fail(Unknown Source)
  at com.xemantic.kotlin.test.SameAsKt.sameAs(SameAs.kt:52)
  at com.xemantic.typescript.compiler.TypeScriptTestSupportKt.errorsMatchBaseline(TypeScriptTestSupport.kt:135)
  at com.xemantic.typescript.compiler.TypeScriptCompilerTests_J.jsdocClassMissingTypeArguments_ts has expected errors matching jsdocClassMissingTypeArguments_errors_txt(TypeScriptCompilerTests_J.kt:966)
  at java.base/jdk.internal.reflect.DirectMethodHandleAccessor.invoke(DirectMethodHandleAccessor.java:104)
  at java.base/java.lang.reflect.Method.invoke(Method.java:565)
  at org.junit.runners.model.FrameworkMethod$1.runReflectiveCall(FrameworkMethod.java:59)
  at org.junit.internal.runners.model.ReflectiveCallable.run(ReflectiveCallable.java:12)
  at org.junit.runners.model.FrameworkMethod.invokeExplosively(FrameworkMethod.java:56)
  at org.junit.internal.runners.statements.InvokeMethod.evaluate(InvokeMethod.java:17)
  at org.junit.runners.ParentRunner$3.evaluate(ParentRunner.java:306)
  at org.junit.runners.BlockJUnit4ClassRunner$1.evaluate(BlockJUnit4ClassRunner.java:100)
  at org.junit.runners.ParentRunner.runLeaf(ParentRunner.java:366)
  at org.junit.runners.BlockJUnit4ClassRunner.runChild(BlockJUnit4ClassRunner.java:103)
  at org.junit.runners.BlockJUnit4ClassRunner.runChild(BlockJUnit4ClassRunner.java:63)
  at org.junit.runners.ParentRunner$4.run(ParentRunner.java:331)
  at org.junit.runners.ParentRunner$1.schedule(ParentRunner.java:79)
  at org.junit.runners.ParentRunner.runChildren(ParentRunner.java:329)
  at org.junit.runners.ParentRunner.access$100(ParentRunner.java:66)
  at org.junit.runners.ParentRunner$2.evaluate(ParentRunner.java:293)
  at org.junit.runners.ParentRunner$3.evaluate(ParentRunner.java:306)
  at org.junit.runners.ParentRunner.run(ParentRunner.java:413)
  at org.junit.runner.JUnitCore.run(JUnitCore.java:137)
  at org.junit.runner.JUnitCore.run(JUnitCore.java:115)
  at org.gradle.api.internal.tasks.testing.junit.JUnitTestExecutor.runRequest(JUnitTestExecutor.java:175)
  at org.gradle.api.internal.tasks.testing.junit.JUnitTestExecutor.accept(JUnitTestExecutor.java:84)
  at org.gradle.api.internal.tasks.testing.junit.JUnitTestExecutor.accept(JUnitTestExecutor.java:47)
  at org.gradle.api.internal.tasks.testing.junit.AbstractJUnitTestDefinitionProcessor.processTestDefinition(AbstractJUnitTestDefinitionProcessor.java:65)
  at org.gradle.api.internal.tasks.testing.SuiteTestDefinitionProcessor.processTestDefinition(SuiteTestDefinitionProcessor.java:54)
  at java.base/jdk.internal.reflect.DirectMethodHandleAccessor.invoke(DirectMethodHandleAccessor.java:104)
  at java.base/java.lang.reflect.Method.invoke(Method.java:565)
  at org.gradle.internal.dispatch.MethodInvocation.invokeOn(MethodInvocation.java:77)
  at org.gradle.internal.dispatch.ReflectionDispatch.dispatch(ReflectionDispatch.java:28)
  at org.gradle.internal.dispatch.ReflectionDispatch.dispatch(ReflectionDispatch.java:19)
  at org.gradle.internal.dispatch.ContextClassLoaderDispatch.dispatch(ContextClassLoaderDispatch.java:33)
  at org.gradle.internal.dispatch.ProxyDispatchAdapter$DispatchingInvocationHandler.invoke(ProxyDispatchAdapter.java:88)
  at jdk.proxy1/jdk.proxy1.$Proxy4.processTestDefinition(Unknown Source)
  at org.gradle.api.internal.tasks.testing.worker.TestWorker$2.run(TestWorker.java:178)
  at org.gradle.api.internal.tasks.testing.worker.TestWorker.executeAndMaintainThreadName(TestWorker.java:126)
  at org.gradle.api.internal.tasks.testing.worker.TestWorker.execute(TestWorker.java:103)
  at org.gradle.api.internal.tasks.testing.worker.TestWorker.execute(TestWorker.java:63)
  at org.gradle.process.internal.worker.child.ActionExecutionWorker.execute(ActionExecutionWorker.java:56)
  at org.gradle.process.internal.worker.child.SystemApplicationClassLoaderWorker.call(SystemApplicationClassLoaderWorker.java:122)
  at org.gradle.process.internal.worker.child.SystemApplicationClassLoaderWorker.call(SystemApplicationClassLoaderWorker.java:72)
  at worker.org.gradle.process.internal.worker.GradleWorkerMain.run(GradleWorkerMain.java:69)
  at worker.org.gradle.process.internal.worker.GradleWorkerMain.main(GradleWorkerMain.java:74)
</stacktrace>
</test-failure>


TypeScriptCompilerTests_J[jvm] > jsdocClassMissingTypeArguments_ts has expected errors matching jsdocClassMissingTypeArguments_errors_txt[jvm] FAILED

<test-failure test="com.xemantic.typescript.compiler.TypeScriptCompilerTests_J.jsxFactoryIdentifierWithAbsentParameter_ts has expected errors matching jsxFactoryIdentifierWithAbsentParameter_errors_txt" platform="jvm">
<message>
Expected diagnostics from baseline typescript-repo/tests/baselines/reference/jsxFactoryIdentifierWithAbsentParameter.errors.txt but none produced
</message>
<stacktrace>
  at com.xemantic.typescript.compiler.TypeScriptTestSupportKt.errorsMatchBaseline(TypeScriptTestSupport.kt:125)
  at com.xemantic.typescript.compiler.TypeScriptCompilerTests_J.jsxFactoryIdentifierWithAbsentParameter_ts has expected errors matching jsxFactoryIdentifierWithAbsentParameter_errors_txt(TypeScriptCompilerTests_J.kt:1176)
  at java.base/jdk.internal.reflect.DirectMethodHandleAccessor.invoke(DirectMethodHandleAccessor.java:104)
  at java.base/java.lang.reflect.Method.invoke(Method.java:565)
  at org.junit.runners.model.FrameworkMethod$1.runReflectiveCall(FrameworkMethod.java:59)
  at org.junit.internal.runners.model.ReflectiveCallable.run(ReflectiveCallable.java:12)
  at org.junit.runners.model.FrameworkMethod.invokeExplosively(FrameworkMethod.java:56)
  at org.junit.internal.runners.statements.InvokeMethod.evaluate(InvokeMethod.java:17)
  at org.junit.runners.ParentRunner$3.evaluate(ParentRunner.java:306)
  at org.junit.runners.BlockJUnit4ClassRunner$1.evaluate(BlockJUnit4ClassRunner.java:100)
  at org.junit.runners.ParentRunner.runLeaf(ParentRunner.java:366)
  at org.junit.runners.BlockJUnit4ClassRunner.runChild(BlockJUnit4ClassRunner.java:103)
  at org.junit.runners.BlockJUnit4ClassRunner.runChild(BlockJUnit4ClassRunner.java:63)
  at org.junit.runners.ParentRunner$4.run(ParentRunner.java:331)
  at org.junit.runners.ParentRunner$1.schedule(ParentRunner.java:79)
  at org.junit.runners.ParentRunner.runChildren(ParentRunner.java:329)
  at org.junit.runners.ParentRunner.access$100(ParentRunner.java:66)
  at org.junit.runners.ParentRunner$2.evaluate(ParentRunner.java:293)
  at org.junit.runners.ParentRunner$3.evaluate(ParentRunner.java:306)
  at org.junit.runners.ParentRunner.run(ParentRunner.java:413)
  at org.junit.runner.JUnitCore.run(JUnitCore.java:137)
  at org.junit.runner.JUnitCore.run(JUnitCore.java:115)
  at org.gradle.api.internal.tasks.testing.junit.JUnitTestExecutor.runRequest(JUnitTestExecutor.java:175)
  at org.gradle.api.internal.tasks.testing.junit.JUnitTestExecutor.accept(JUnitTestExecutor.java:84)
  at org.gradle.api.internal.tasks.testing.junit.JUnitTestExecutor.accept(JUnitTestExecutor.java:47)
  at org.gradle.api.internal.tasks.testing.junit.AbstractJUnitTestDefinitionProcessor.processTestDefinition(AbstractJUnitTestDefinitionProcessor.java:65)
  at org.gradle.api.internal.tasks.testing.SuiteTestDefinitionProcessor.processTestDefinition(SuiteTestDefinitionProcessor.java:54)
  at java.base/jdk.internal.reflect.DirectMethodHandleAccessor.invoke(DirectMethodHandleAccessor.java:104)
  at java.base/java.lang.reflect.Method.invoke(Method.java:565)
  at org.gradle.internal.dispatch.MethodInvocation.invokeOn(MethodInvocation.java:77)
  at org.gradle.internal.dispatch.ReflectionDispatch.dispatch(ReflectionDispatch.java:28)
  at org.gradle.internal.dispatch.ReflectionDispatch.dispatch(ReflectionDispatch.java:19)
  at org.gradle.internal.dispatch.ContextClassLoaderDispatch.dispatch(ContextClassLoaderDispatch.java:33)
  at org.gradle.internal.dispatch.ProxyDispatchAdapter$DispatchingInvocationHandler.invoke(ProxyDispatchAdapter.java:88)
  at jdk.proxy1/jdk.proxy1.$Proxy4.processTestDefinition(Unknown Source)
  at org.gradle.api.internal.tasks.testing.worker.TestWorker$2.run(TestWorker.java:178)
  at org.gradle.api.internal.tasks.testing.worker.TestWorker.executeAndMaintainThreadName(TestWorker.java:126)
  at org.gradle.api.internal.tasks.testing.worker.TestWorker.execute(TestWorker.java:103)
  at org.gradle.api.internal.tasks.testing.worker.TestWorker.execute(TestWorker.java:63)
  at org.gradle.process.internal.worker.child.ActionExecutionWorker.execute(ActionExecutionWorker.java:56)
  at org.gradle.process.internal.worker.child.SystemApplicationClassLoaderWorker.call(SystemApplicationClassLoaderWorker.java:122)
  at org.gradle.process.internal.worker.child.SystemApplicationClassLoaderWorker.call(SystemApplicationClassLoaderWorker.java:72)
  at worker.org.gradle.process.internal.worker.GradleWorkerMain.run(GradleWorkerMain.java:69)
  at worker.org.gradle.process.internal.worker.GradleWorkerMain.main(GradleWorkerMain.java:74)
</stacktrace>
</test-failure>


TypeScriptCompilerTests_J[jvm] > jsxFactoryIdentifierWithAbsentParameter_ts has expected errors matching jsxFactoryIdentifierWithAbsentParameter_errors_txt[jvm] FAILED

<test-failure test="com.xemantic.typescript.compiler.TypeScriptCompilerTests_J.jsFileCompilationWithMapFileAsJsWithInlineSourceMap_ts compiles to JavaScript matching jsFileCompilationWithMapFileAsJsWithInlineSourceMap_js" platform="jvm">
<message>
--- expected
+++ actual
@@ -16,4 +16,3 @@
 "use strict";
 class c {
 }
-//# sourceMappingURL=data:application/json;base64,eyJ2ZXJzaW9uIjozLCJmaWxlIjoiYS5qcyIsInNvdXJjZVJvb3QiOiIiLCJzb3VyY2VzIjpbImEudHMiXSwibmFtZXMiOltdLCJtYXBwaW5ncyI6IjtBQUFBLE1BQU0sQ0FBQztDQUNOIn0=

</message>
<stacktrace>
  at org.junit.Assert.fail(Assert.java:89)
  at kotlin.test.junit.JUnitAsserter.fail(JUnitSupport.kt:56)
  at kotlin.test.AssertionsKt__AssertionsKt.fail(Assertions.kt:563)
  at kotlin.test.AssertionsKt.fail(Unknown Source)
  at com.xemantic.kotlin.test.SameAsKt.sameAs(SameAs.kt:52)
  at com.xemantic.typescript.compiler.TypeScriptTestSupportKt.sameAs(TypeScriptTestSupport.kt:99)
  at com.xemantic.typescript.compiler.TypeScriptCompilerTests_J.jsFileCompilationWithMapFileAsJsWithInlineSourceMap_ts compiles to JavaScript matching jsFileCompilationWithMapFileAsJsWithInlineSourceMap_js(TypeScriptCompilerTests_J.kt:756)
  at java.base/jdk.internal.reflect.DirectMethodHandleAccessor.invoke(DirectMethodHandleAccessor.java:104)
  at java.base/java.lang.reflect.Method.invoke(Method.java:565)
  at org.junit.runners.model.FrameworkMethod$1.runReflectiveCall(FrameworkMethod.java:59)
  at org.junit.internal.runners.model.ReflectiveCallable.run(ReflectiveCallable.java:12)
  at org.junit.runners.model.FrameworkMethod.invokeExplosively(FrameworkMethod.java:56)
  at org.junit.internal.runners.statements.InvokeMethod.evaluate(InvokeMethod.java:17)
  at org.junit.runners.ParentRunner$3.evaluate(ParentRunner.java:306)
  at org.junit.runners.BlockJUnit4ClassRunner$1.evaluate(BlockJUnit4ClassRunner.java:100)
  at org.junit.runners.ParentRunner.runLeaf(ParentRunner.java:366)
  at org.junit.runners.BlockJUnit4ClassRunner.runChild(BlockJUnit4ClassRunner.java:103)
  at org.junit.runners.BlockJUnit4ClassRunner.runChild(BlockJUnit4ClassRunner.java:63)
  at org.junit.runners.ParentRunner$4.run(ParentRunner.java:331)
  at org.junit.runners.ParentRunner$1.schedule(ParentRunner.java:79)
  at org.junit.runners.ParentRunner.runChildren(ParentRunner.java:329)
  at org.junit.runners.ParentRunner.access$100(ParentRunner.java:66)
  at org.junit.runners.ParentRunner$2.evaluate(ParentRunner.java:293)
  at org.junit.runners.ParentRunner$3.evaluate(ParentRunner.java:306)
  at org.junit.runners.ParentRunner.run(ParentRunner.java:413)
  at org.junit.runner.JUnitCore.run(JUnitCore.java:137)
  at org.junit.runner.JUnitCore.run(JUnitCore.java:115)
  at org.gradle.api.internal.tasks.testing.junit.JUnitTestExecutor.runRequest(JUnitTestExecutor.java:175)
  at org.gradle.api.internal.tasks.testing.junit.JUnitTestExecutor.accept(JUnitTestExecutor.java:84)
  at org.gradle.api.internal.tasks.testing.junit.JUnitTestExecutor.accept(JUnitTestExecutor.java:47)
  at org.gradle.api.internal.tasks.testing.junit.AbstractJUnitTestDefinitionProcessor.processTestDefinition(AbstractJUnitTestDefinitionProcessor.java:65)
  at org.gradle.api.internal.tasks.testing.SuiteTestDefinitionProcessor.processTestDefinition(SuiteTestDefinitionProcessor.java:54)
  at java.base/jdk.internal.reflect.DirectMethodHandleAccessor.invoke(DirectMethodHandleAccessor.java:104)
  at java.base/java.lang.reflect.Method.invoke(Method.java:565)
  at org.gradle.internal.dispatch.MethodInvocation.invokeOn(MethodInvocation.java:77)
  at org.gradle.internal.dispatch.ReflectionDispatch.dispatch(ReflectionDispatch.java:28)
  at org.gradle.internal.dispatch.ReflectionDispatch.dispatch(ReflectionDispatch.java:19)
  at org.gradle.internal.dispatch.ContextClassLoaderDispatch.dispatch(ContextClassLoaderDispatch.java:33)
  at org.gradle.internal.dispatch.ProxyDispatchAdapter$DispatchingInvocationHandler.invoke(ProxyDispatchAdapter.java:88)
  at jdk.proxy1/jdk.proxy1.$Proxy4.processTestDefinition(Unknown Source)
  at org.gradle.api.internal.tasks.testing.worker.TestWorker$2.run(TestWorker.java:178)
  at org.gradle.api.internal.tasks.testing.worker.TestWorker.executeAndMaintainThreadName(TestWorker.java:126)
  at org.gradle.api.internal.tasks.testing.worker.TestWorker.execute(TestWorker.java:103)
  at org.gradle.api.internal.tasks.testing.worker.TestWorker.execute(TestWorker.java:63)
  at org.gradle.process.internal.worker.child.ActionExecutionWorker.execute(ActionExecutionWorker.java:56)
  at org.gradle.process.internal.worker.child.SystemApplicationClassLoaderWorker.call(SystemApplicationClassLoaderWorker.java:122)
  at org.gradle.process.internal.worker.child.SystemApplicationClassLoaderWorker.call(SystemApplicationClassLoaderWorker.java:72)
  at worker.org.gradle.process.internal.worker.GradleWorkerMain.run(GradleWorkerMain.java:69)
  at worker.org.gradle.process.internal.worker.GradleWorkerMain.main(GradleWorkerMain.java:74)
</stacktrace>
</test-failure>


TypeScriptCompilerTests_J[jvm] > jsFileCompilationWithMapFileAsJsWithInlineSourceMap_ts compiles to JavaScript matching jsFileCompilationWithMapFileAsJsWithInlineSourceMap_js[jvm] FAILED

<test-failure test="com.xemantic.typescript.compiler.TypeScriptCompilerTests_J.jsxRuntimePragma_ts__jsx_react__compiles to JavaScript matching baseline" platform="jvm">
<message>
--- expected
+++ actual
@@ -76,32 +76,29 @@
 const React = __importStar(require("react"));
 const HelloWorld = () => React.createElement("h1", null, "Hello world");
 exports.HelloWorld = HelloWorld;
-exports.frag = React.createElement(React.Fragment, null,
-    React.createElement("div", null));
+exports.frag = React.createElement(React.Fragment, null, React.createElement("div", null));
 exports.selfClosing = React.createElement("img", { src: "./image.png" });
 //// [two.js]
 "use strict";
 Object.defineProperty(exports, "__esModule", { value: true });
 exports.selfClosing = exports.frag = exports.HelloWorld = void 0;
-const jsx_runtime_1 = require("react/jsx-runtime");
 /// <reference path="/.lib/react16.d.ts" />
 /* @jsxRuntime automatic */
-const HelloWorld = () => (0, jsx_runtime_1.jsx)("h1", { children: "Hello world" });
+const HelloWorld = () => React.createElement("h1", null, "Hello world");
 exports.HelloWorld = HelloWorld;
-exports.frag = (0, jsx_runtime_1.jsx)(jsx_runtime_1.Fragment, { children: (0, jsx_runtime_1.jsx)("div", {}) });
-exports.selfClosing = (0, jsx_runtime_1.jsx)("img", { src: "./image.png" });
+exports.frag = React.createElement(React.Fragment, null, React.createElement("div", null));
+exports.selfClosing = React.createElement("img", { src: "./image.png" });
 //// [three.js]
 "use strict";
 Object.defineProperty(exports, "__esModule", { value: true });
 exports.selfClosing = exports.frag = exports.HelloWorld = void 0;
-const jsx_runtime_1 = require("react/jsx-runtime");
 /// <reference path="/.lib/react16.d.ts" />
 /* @jsxRuntime classic */
 /* @jsxRuntime automatic */
-const HelloWorld = () => (0, jsx_runtime_1.jsx)("h1", { children: "Hello world" });
+const HelloWorld = () => React.createElement("h1", null, "Hello world");
 exports.HelloWorld = HelloWorld;
-exports.frag = (0, jsx_runtime_1.jsx)(jsx_runtime_1.Fragment, { children: (0, jsx_runtime_1.jsx)("div", {}) });
-exports.selfClosing = (0, jsx_runtime_1.jsx)("img", { src: "./image.png" });
+exports.frag = React.createElement(React.Fragment, null, React.createElement("div", null));
+exports.selfClosing = React.createElement("img", { src: "./image.png" });
 //// [four.js]
 "use strict";
 var __createBinding = (this && this.__createBinding) || (Object.create ? (function(o, m, k, k2) {
@@ -145,8 +142,7 @@
 const React = __importStar(require("react"));
 const HelloWorld = () => React.createElement("h1", null, "Hello world");
 exports.HelloWorld = HelloWorld;
-exports.frag = React.createElement(React.Fragment, null,
-    React.createElement("div", null));
+exports.frag = React.createElement(React.Fragment, null, React.createElement("div", null));
 exports.selfClosing = React.createElement("img", { src: "./image.png" });
 //// [index.js]
 "use strict";

</message>
<stacktrace>
  at org.junit.Assert.fail(Assert.java:89)
  at kotlin.test.junit.JUnitAsserter.fail(JUnitSupport.kt:56)
  at kotlin.test.AssertionsKt__AssertionsKt.fail(Assertions.kt:563)
  at kotlin.test.AssertionsKt.fail(Unknown Source)
  at com.xemantic.kotlin.test.SameAsKt.sameAs(SameAs.kt:52)
  at com.xemantic.typescript.compiler.TypeScriptTestSupportKt.sameAs(TypeScriptTestSupport.kt:99)
  at com.xemantic.typescript.compiler.TypeScriptCompilerTests_J.jsxRuntimePragma_ts__jsx_react__compiles to JavaScript matching baseline(TypeScriptCompilerTests_J.kt:1274)
  at java.base/jdk.internal.reflect.DirectMethodHandleAccessor.invoke(DirectMethodHandleAccessor.java:104)
  at java.base/java.lang.reflect.Method.invoke(Method.java:565)
  at org.junit.runners.model.FrameworkMethod$1.runReflectiveCall(FrameworkMethod.java:59)
  at org.junit.internal.runners.model.ReflectiveCallable.run(ReflectiveCallable.java:12)
  at org.junit.runners.model.FrameworkMethod.invokeExplosively(FrameworkMethod.java:56)
  at org.junit.internal.runners.statements.InvokeMethod.evaluate(InvokeMethod.java:17)
  at org.junit.runners.ParentRunner$3.evaluate(ParentRunner.java:306)
  at org.junit.runners.BlockJUnit4ClassRunner$1.evaluate(BlockJUnit4ClassRunner.java:100)
  at org.junit.runners.ParentRunner.runLeaf(ParentRunner.java:366)
  at org.junit.runners.BlockJUnit4ClassRunner.runChild(BlockJUnit4ClassRunner.java:103)
  at org.junit.runners.BlockJUnit4ClassRunner.runChild(BlockJUnit4ClassRunner.java:63)
  at org.junit.runners.ParentRunner$4.run(ParentRunner.java:331)
  at org.junit.runners.ParentRunner$1.schedule(ParentRunner.java:79)
  at org.junit.runners.ParentRunner.runChildren(ParentRunner.java:329)
  at org.junit.runners.ParentRunner.access$100(ParentRunner.java:66)
  at org.junit.runners.ParentRunner$2.evaluate(ParentRunner.java:293)
  at org.junit.runners.ParentRunner$3.evaluate(ParentRunner.java:306)
  at org.junit.runners.ParentRunner.run(ParentRunner.java:413)
  at org.junit.runner.JUnitCore.run(JUnitCore.java:137)
  at org.junit.runner.JUnitCore.run(JUnitCore.java:115)
  at org.gradle.api.internal.tasks.testing.junit.JUnitTestExecutor.runRequest(JUnitTestExecutor.java:175)
  at org.gradle.api.internal.tasks.testing.junit.JUnitTestExecutor.accept(JUnitTestExecutor.java:84)
  at org.gradle.api.internal.tasks.testing.junit.JUnitTestExecutor.accept(JUnitTestExecutor.java:47)
  at org.gradle.api.internal.tasks.testing.junit.AbstractJUnitTestDefinitionProcessor.processTestDefinition(AbstractJUnitTestDefinitionProcessor.java:65)
  at org.gradle.api.internal.tasks.testing.SuiteTestDefinitionProcessor.processTestDefinition(SuiteTestDefinitionProcessor.java:54)
  at java.base/jdk.internal.reflect.DirectMethodHandleAccessor.invoke(DirectMethodHandleAccessor.java:104)
  at java.base/java.lang.reflect.Method.invoke(Method.java:565)
  at org.gradle.internal.dispatch.MethodInvocation.invokeOn(MethodInvocation.java:77)
  at org.gradle.internal.dispatch.ReflectionDispatch.dispatch(ReflectionDispatch.java:28)
  at org.gradle.internal.dispatch.ReflectionDispatch.dispatch(ReflectionDispatch.java:19)
  at org.gradle.internal.dispatch.ContextClassLoaderDispatch.dispatch(ContextClassLoaderDispatch.java:33)
  at org.gradle.internal.dispatch.ProxyDispatchAdapter$DispatchingInvocationHandler.invoke(ProxyDispatchAdapter.java:88)
  at jdk.proxy1/jdk.proxy1.$Proxy4.processTestDefinition(Unknown Source)
  at org.gradle.api.internal.tasks.testing.worker.TestWorker$2.run(TestWorker.java:178)
  at org.gradle.api.internal.tasks.testing.worker.TestWorker.executeAndMaintainThreadName(TestWorker.java:126)
  at org.gradle.api.internal.tasks.testing.worker.TestWorker.execute(TestWorker.java:103)
  at org.gradle.api.internal.tasks.testing.worker.TestWorker.execute(TestWorker.java:63)
  at org.gradle.process.internal.worker.child.ActionExecutionWorker.execute(ActionExecutionWorker.java:56)
  at org.gradle.process.internal.worker.child.SystemApplicationClassLoaderWorker.call(SystemApplicationClassLoaderWorker.java:122)
  at org.gradle.process.internal.worker.child.SystemApplicationClassLoaderWorker.call(SystemApplicationClassLoaderWorker.java:72)
  at worker.org.gradle.process.internal.worker.GradleWorkerMain.run(GradleWorkerMain.java:69)
  at worker.org.gradle.process.internal.worker.GradleWorkerMain.main(GradleWorkerMain.java:74)
</stacktrace>
</test-failure>


TypeScriptCompilerTests_J[jvm] > jsxRuntimePragma_ts__jsx_react__compiles to JavaScript matching baseline[jvm] FAILED

<test-failure test="com.xemantic.typescript.compiler.TypeScriptCompilerTests_J.jsFileCompilationTypeArgumentSyntaxOfCall_ts compiles to JavaScript matching jsFileCompilationTypeArgumentSyntaxOfCall_js" platform="jvm">
<message>
--- expected
+++ actual
@@ -10,9 +10,9 @@
 
 //// [a.js]
 "use strict";
-Foo < number > ();
-Foo < number > (1);
-Foo < number > ``;
-<Foo />, <number>></Foo>;
-<Foo />, <number>/>;
-</>;
+Foo();
+Foo(1);
+Foo ``;
+<Foo </>;
+Foo > ;
+<Foo />;

</message>
<stacktrace>
  at org.junit.Assert.fail(Assert.java:89)
  at kotlin.test.junit.JUnitAsserter.fail(JUnitSupport.kt:56)
  at kotlin.test.AssertionsKt__AssertionsKt.fail(Assertions.kt:563)
  at kotlin.test.AssertionsKt.fail(Unknown Source)
  at com.xemantic.kotlin.test.SameAsKt.sameAs(SameAs.kt:52)
  at com.xemantic.typescript.compiler.TypeScriptTestSupportKt.sameAs(TypeScriptTestSupport.kt:99)
  at com.xemantic.typescript.compiler.TypeScriptCompilerTests_J.jsFileCompilationTypeArgumentSyntaxOfCall_ts compiles to JavaScript matching jsFileCompilationTypeArgumentSyntaxOfCall_js(TypeScriptCompilerTests_J.kt:644)
  at java.base/jdk.internal.reflect.DirectMethodHandleAccessor.invoke(DirectMethodHandleAccessor.java:104)
  at java.base/java.lang.reflect.Method.invoke(Method.java:565)
  at org.junit.runners.model.FrameworkMethod$1.runReflectiveCall(FrameworkMethod.java:59)
  at org.junit.internal.runners.model.ReflectiveCallable.run(ReflectiveCallable.java:12)
  at org.junit.runners.model.FrameworkMethod.invokeExplosively(FrameworkMethod.java:56)
  at org.junit.internal.runners.statements.InvokeMethod.evaluate(InvokeMethod.java:17)
  at org.junit.runners.ParentRunner$3.evaluate(ParentRunner.java:306)
  at org.junit.runners.BlockJUnit4ClassRunner$1.evaluate(BlockJUnit4ClassRunner.java:100)
  at org.junit.runners.ParentRunner.runLeaf(ParentRunner.java:366)
  at org.junit.runners.BlockJUnit4ClassRunner.runChild(BlockJUnit4ClassRunner.java:103)
  at org.junit.runners.BlockJUnit4ClassRunner.runChild(BlockJUnit4ClassRunner.java:63)
  at org.junit.runners.ParentRunner$4.run(ParentRunner.java:331)
  at org.junit.runners.ParentRunner$1.schedule(ParentRunner.java:79)
  at org.junit.runners.ParentRunner.runChildren(ParentRunner.java:329)
  at org.junit.runners.ParentRunner.access$100(ParentRunner.java:66)
  at org.junit.runners.ParentRunner$2.evaluate(ParentRunner.java:293)
  at org.junit.runners.ParentRunner$3.evaluate(ParentRunner.java:306)
  at org.junit.runners.ParentRunner.run(ParentRunner.java:413)
  at org.junit.runner.JUnitCore.run(JUnitCore.java:137)
  at org.junit.runner.JUnitCore.run(JUnitCore.java:115)
  at org.gradle.api.internal.tasks.testing.junit.JUnitTestExecutor.runRequest(JUnitTestExecutor.java:175)
  at org.gradle.api.internal.tasks.testing.junit.JUnitTestExecutor.accept(JUnitTestExecutor.java:84)
  at org.gradle.api.internal.tasks.testing.junit.JUnitTestExecutor.accept(JUnitTestExecutor.java:47)
  at org.gradle.api.internal.tasks.testing.junit.AbstractJUnitTestDefinitionProcessor.processTestDefinition(AbstractJUnitTestDefinitionProcessor.java:65)
  at org.gradle.api.internal.tasks.testing.SuiteTestDefinitionProcessor.processTestDefinition(SuiteTestDefinitionProcessor.java:54)
  at java.base/jdk.internal.reflect.DirectMethodHandleAccessor.invoke(DirectMethodHandleAccessor.java:104)
  at java.base/java.lang.reflect.Method.invoke(Method.java:565)
  at org.gradle.internal.dispatch.MethodInvocation.invokeOn(MethodInvocation.java:77)
  at org.gradle.internal.dispatch.ReflectionDispatch.dispatch(ReflectionDispatch.java:28)
  at org.gradle.internal.dispatch.ReflectionDispatch.dispatch(ReflectionDispatch.java:19)
  at org.gradle.internal.dispatch.ContextClassLoaderDispatch.dispatch(ContextClassLoaderDispatch.java:33)
  at org.gradle.internal.dispatch.ProxyDispatchAdapter$DispatchingInvocationHandler.invoke(ProxyDispatchAdapter.java:88)
  at jdk.proxy1/jdk.proxy1.$Proxy4.processTestDefinition(Unknown Source)
  at org.gradle.api.internal.tasks.testing.worker.TestWorker$2.run(TestWorker.java:178)
  at org.gradle.api.internal.tasks.testing.worker.TestWorker.executeAndMaintainThreadName(TestWorker.java:126)
  at org.gradle.api.internal.tasks.testing.worker.TestWorker.execute(TestWorker.java:103)
  at org.gradle.api.internal.tasks.testing.worker.TestWorker.execute(TestWorker.java:63)
  at org.gradle.process.internal.worker.child.ActionExecutionWorker.execute(ActionExecutionWorker.java:56)
  at org.gradle.process.internal.worker.child.SystemApplicationClassLoaderWorker.call(SystemApplicationClassLoaderWorker.java:122)
  at org.gradle.process.internal.worker.child.SystemApplicationClassLoaderWorker.call(SystemApplicationClassLoaderWorker.java:72)
  at worker.org.gradle.process.internal.worker.GradleWorkerMain.run(GradleWorkerMain.java:69)
  at worker.org.gradle.process.internal.worker.GradleWorkerMain.main(GradleWorkerMain.java:74)
</stacktrace>
</test-failure>


TypeScriptCompilerTests_J[jvm] > jsFileCompilationTypeArgumentSyntaxOfCall_ts compiles to JavaScript matching jsFileCompilationTypeArgumentSyntaxOfCall_js[jvm] FAILED

<test-failure test="com.xemantic.typescript.compiler.TypeScriptCompilerTests_J.jsdocBracelessTypeTag1_ts has expected errors matching jsdocBracelessTypeTag1_errors_txt" platform="jvm">
<message>
--- expected
+++ actual
@@ -1,13 +1,10 @@
-index.js(3,3): error TS2322: Type 'number' is not assignable to type 'string'.
-index.js(20,16): error TS2322: Type '"other"' is not assignable to type '"foo" | "bar"'.
+index.js(12,14): error TS7006: Parameter 'arg' implicitly has an 'any' type.
 
 
-==== index.js (2 errors) ====
+==== index.js (1 errors) ====
     /** @type () => string */
     function fn1() {
       return 42;
-      ~~~~~~
-!!! error TS2322: Type 'number' is not assignable to type 'string'.
     }
     
     /** @type () => string */
@@ -17,6 +14,8 @@
     
     /** @type (arg: string) => string */
     function fn3(arg) {
+                 ~~~
+!!! error TS7006: Parameter 'arg' implicitly has an 'any' type.
       return arg;
     }
     
@@ -25,6 +24,3 @@
     
     /** @type ({ type: 'foo' } | { type: 'bar' }) & { prop: number } */
     const obj2 = { type: "other", prop: 10 };
-                   ~~~~
-!!! error TS2322: Type '"other"' is not assignable to type '"foo" | "bar"'.
-!!! related TS6500 index.js:19:14: The expected type comes from property 'type' which is declared here on type '({ type: "foo"; } | { type: "bar"; }) & { prop: number; }'

</message>
<stacktrace>
  at org.junit.Assert.fail(Assert.java:89)
  at kotlin.test.junit.JUnitAsserter.fail(JUnitSupport.kt:56)
  at kotlin.test.AssertionsKt__AssertionsKt.fail(Assertions.kt:563)
  at kotlin.test.AssertionsKt.fail(Unknown Source)
  at com.xemantic.kotlin.test.SameAsKt.sameAs(SameAs.kt:52)
  at com.xemantic.typescript.compiler.TypeScriptTestSupportKt.errorsMatchBaseline(TypeScriptTestSupport.kt:135)
  at com.xemantic.typescript.compiler.TypeScriptCompilerTests_J.jsdocBracelessTypeTag1_ts has expected errors matching jsdocBracelessTypeTag1_errors_txt(TypeScriptCompilerTests_J.kt:945)
  at java.base/jdk.internal.reflect.DirectMethodHandleAccessor.invoke(DirectMethodHandleAccessor.java:104)
  at java.base/java.lang.reflect.Method.invoke(Method.java:565)
  at org.junit.runners.model.FrameworkMethod$1.runReflectiveCall(FrameworkMethod.java:59)
  at org.junit.internal.runners.model.ReflectiveCallable.run(ReflectiveCallable.java:12)
  at org.junit.runners.model.FrameworkMethod.invokeExplosively(FrameworkMethod.java:56)
  at org.junit.internal.runners.statements.InvokeMethod.evaluate(InvokeMethod.java:17)
  at org.junit.runners.ParentRunner$3.evaluate(ParentRunner.java:306)
  at org.junit.runners.BlockJUnit4ClassRunner$1.evaluate(BlockJUnit4ClassRunner.java:100)
  at org.junit.runners.ParentRunner.runLeaf(ParentRunner.java:366)
  at org.junit.runners.BlockJUnit4ClassRunner.runChild(BlockJUnit4ClassRunner.java:103)
  at org.junit.runners.BlockJUnit4ClassRunner.runChild(BlockJUnit4ClassRunner.java:63)
  at org.junit.runners.ParentRunner$4.run(ParentRunner.java:331)
  at org.junit.runners.ParentRunner$1.schedule(ParentRunner.java:79)
  at org.junit.runners.ParentRunner.runChildren(ParentRunner.java:329)
  at org.junit.runners.ParentRunner.access$100(ParentRunner.java:66)
  at org.junit.runners.ParentRunner$2.evaluate(ParentRunner.java:293)
  at org.junit.runners.ParentRunner$3.evaluate(ParentRunner.java:306)
  at org.junit.runners.ParentRunner.run(ParentRunner.java:413)
  at org.junit.runner.JUnitCore.run(JUnitCore.java:137)
  at org.junit.runner.JUnitCore.run(JUnitCore.java:115)
  at org.gradle.api.internal.tasks.testing.junit.JUnitTestExecutor.runRequest(JUnitTestExecutor.java:175)
  at org.gradle.api.internal.tasks.testing.junit.JUnitTestExecutor.accept(JUnitTestExecutor.java:84)
  at org.gradle.api.internal.tasks.testing.junit.JUnitTestExecutor.accept(JUnitTestExecutor.java:47)
  at org.gradle.api.internal.tasks.testing.junit.AbstractJUnitTestDefinitionProcessor.processTestDefinition(AbstractJUnitTestDefinitionProcessor.java:65)
  at org.gradle.api.internal.tasks.testing.SuiteTestDefinitionProcessor.processTestDefinition(SuiteTestDefinitionProcessor.java:54)
  at java.base/jdk.internal.reflect.DirectMethodHandleAccessor.invoke(DirectMethodHandleAccessor.java:104)
  at java.base/java.lang.reflect.Method.invoke(Method.java:565)
  at org.gradle.internal.dispatch.MethodInvocation.invokeOn(MethodInvocation.java:77)
  at org.gradle.internal.dispatch.ReflectionDispatch.dispatch(ReflectionDispatch.java:28)
  at org.gradle.internal.dispatch.ReflectionDispatch.dispatch(ReflectionDispatch.java:19)
  at org.gradle.internal.dispatch.ContextClassLoaderDispatch.dispatch(ContextClassLoaderDispatch.java:33)
  at org.gradle.internal.dispatch.ProxyDispatchAdapter$DispatchingInvocationHandler.invoke(ProxyDispatchAdapter.java:88)
  at jdk.proxy1/jdk.proxy1.$Proxy4.processTestDefinition(Unknown Source)
  at org.gradle.api.internal.tasks.testing.worker.TestWorker$2.run(TestWorker.java:178)
  at org.gradle.api.internal.tasks.testing.worker.TestWorker.executeAndMaintainThreadName(TestWorker.java:126)
  at org.gradle.api.internal.tasks.testing.worker.TestWorker.execute(TestWorker.java:103)
  at org.gradle.api.internal.tasks.testing.worker.TestWorker.execute(TestWorker.java:63)
  at org.gradle.process.internal.worker.child.ActionExecutionWorker.execute(ActionExecutionWorker.java:56)
  at org.gradle.process.internal.worker.child.SystemApplicationClassLoaderWorker.call(SystemApplicationClassLoaderWorker.java:122)
  at org.gradle.process.internal.worker.child.SystemApplicationClassLoaderWorker.call(SystemApplicationClassLoaderWorker.java:72)
  at worker.org.gradle.process.internal.worker.GradleWorkerMain.run(GradleWorkerMain.java:69)
  at worker.org.gradle.process.internal.worker.GradleWorkerMain.main(GradleWorkerMain.java:74)
</stacktrace>
</test-failure>


TypeScriptCompilerTests_J[jvm] > jsdocBracelessTypeTag1_ts has expected errors matching jsdocBracelessTypeTag1_errors_txt[jvm] FAILED

<test-failure test="com.xemantic.typescript.compiler.TypeScriptCompilerTests_K.knockout_ts has expected errors matching knockout_errors_txt" platform="jvm">
<message>
Expected diagnostics from baseline typescript-repo/tests/baselines/reference/knockout.errors.txt but none produced
</message>
<stacktrace>
  at com.xemantic.typescript.compiler.TypeScriptTestSupportKt.errorsMatchBaseline(TypeScriptTestSupport.kt:125)
  at com.xemantic.typescript.compiler.TypeScriptCompilerTests_K.knockout_ts has expected errors matching knockout_errors_txt(TypeScriptCompilerTests_K.kt:168)
  at java.base/jdk.internal.reflect.DirectMethodHandleAccessor.invoke(DirectMethodHandleAccessor.java:104)
  at java.base/java.lang.reflect.Method.invoke(Method.java:565)
  at org.junit.runners.model.FrameworkMethod$1.runReflectiveCall(FrameworkMethod.java:59)
  at org.junit.internal.runners.model.ReflectiveCallable.run(ReflectiveCallable.java:12)
  at org.junit.runners.model.FrameworkMethod.invokeExplosively(FrameworkMethod.java:56)
  at org.junit.internal.runners.statements.InvokeMethod.evaluate(InvokeMethod.java:17)
  at org.junit.runners.ParentRunner$3.evaluate(ParentRunner.java:306)
  at org.junit.runners.BlockJUnit4ClassRunner$1.evaluate(BlockJUnit4ClassRunner.java:100)
  at org.junit.runners.ParentRunner.runLeaf(ParentRunner.java:366)
  at org.junit.runners.BlockJUnit4ClassRunner.runChild(BlockJUnit4ClassRunner.java:103)
  at org.junit.runners.BlockJUnit4ClassRunner.runChild(BlockJUnit4ClassRunner.java:63)
  at org.junit.runners.ParentRunner$4.run(ParentRunner.java:331)
  at org.junit.runners.ParentRunner$1.schedule(ParentRunner.java:79)
  at org.junit.runners.ParentRunner.runChildren(ParentRunner.java:329)
  at org.junit.runners.ParentRunner.access$100(ParentRunner.java:66)
  at org.junit.runners.ParentRunner$2.evaluate(ParentRunner.java:293)
  at org.junit.runners.ParentRunner$3.evaluate(ParentRunner.java:306)
  at org.junit.runners.ParentRunner.run(ParentRunner.java:413)
  at org.junit.runner.JUnitCore.run(JUnitCore.java:137)
  at org.junit.runner.JUnitCore.run(JUnitCore.java:115)
  at org.gradle.api.internal.tasks.testing.junit.JUnitTestExecutor.runRequest(JUnitTestExecutor.java:175)
  at org.gradle.api.internal.tasks.testing.junit.JUnitTestExecutor.accept(JUnitTestExecutor.java:84)
  at org.gradle.api.internal.tasks.testing.junit.JUnitTestExecutor.accept(JUnitTestExecutor.java:47)
  at org.gradle.api.internal.tasks.testing.junit.AbstractJUnitTestDefinitionProcessor.processTestDefinition(AbstractJUnitTestDefinitionProcessor.java:65)
  at org.gradle.api.internal.tasks.testing.SuiteTestDefinitionProcessor.processTestDefinition(SuiteTestDefinitionProcessor.java:54)
  at java.base/jdk.internal.reflect.DirectMethodHandleAccessor.invoke(DirectMethodHandleAccessor.java:104)
  at java.base/java.lang.reflect.Method.invoke(Method.java:565)
  at org.gradle.internal.dispatch.MethodInvocation.invokeOn(MethodInvocation.java:77)
  at org.gradle.internal.dispatch.ReflectionDispatch.dispatch(ReflectionDispatch.java:28)
  at org.gradle.internal.dispatch.ReflectionDispatch.dispatch(ReflectionDispatch.java:19)
  at org.gradle.internal.dispatch.ContextClassLoaderDispatch.dispatch(ContextClassLoaderDispatch.java:33)
  at org.gradle.internal.dispatch.ProxyDispatchAdapter$DispatchingInvocationHandler.invoke(ProxyDispatchAdapter.java:88)
  at jdk.proxy1/jdk.proxy1.$Proxy4.processTestDefinition(Unknown Source)
  at org.gradle.api.internal.tasks.testing.worker.TestWorker$2.run(TestWorker.java:178)
  at org.gradle.api.internal.tasks.testing.worker.TestWorker.executeAndMaintainThreadName(TestWorker.java:126)
  at org.gradle.api.internal.tasks.testing.worker.TestWorker.execute(TestWorker.java:103)
  at org.gradle.api.internal.tasks.testing.worker.TestWorker.execute(TestWorker.java:63)
  at org.gradle.process.internal.worker.child.ActionExecutionWorker.execute(ActionExecutionWorker.java:56)
  at org.gradle.process.internal.worker.child.SystemApplicationClassLoaderWorker.call(SystemApplicationClassLoaderWorker.java:122)
  at org.gradle.process.internal.worker.child.SystemApplicationClassLoaderWorker.call(SystemApplicationClassLoaderWorker.java:72)
  at worker.org.gradle.process.internal.worker.GradleWorkerMain.run(GradleWorkerMain.java:69)
  at worker.org.gradle.process.internal.worker.GradleWorkerMain.main(GradleWorkerMain.java:74)
</stacktrace>
</test-failure>


TypeScriptCompilerTests_K[jvm] > knockout_ts has expected errors matching knockout_errors_txt[jvm] FAILED

<test-failure test="com.xemantic.typescript.compiler.TypeScriptCompilerTests_K.keepImportsInDts3_ts compiles to JavaScript matching keepImportsInDts3_js" platform="jvm">
<message>
--- expected
+++ actual
@@ -7,11 +7,11 @@
 
 
 //// [outputfile.js]
-define("test", ["require", "exports"], function (require, exports) {
+define("c:/test", ["require", "exports"], function (require, exports) {
     "use strict";
     Object.defineProperty(exports, "__esModule", { value: true });
 });
-define("app/main", ["require", "exports", "test"], function (require, exports) {
+define("c:/app/main", ["require", "exports", "test"], function (require, exports) {
     "use strict";
     Object.defineProperty(exports, "__esModule", { value: true });
 });

</message>
<stacktrace>
  at org.junit.Assert.fail(Assert.java:89)
  at kotlin.test.junit.JUnitAsserter.fail(JUnitSupport.kt:56)
  at kotlin.test.AssertionsKt__AssertionsKt.fail(Assertions.kt:563)
  at kotlin.test.AssertionsKt.fail(Unknown Source)
  at com.xemantic.kotlin.test.SameAsKt.sameAs(SameAs.kt:52)
  at com.xemantic.typescript.compiler.TypeScriptTestSupportKt.sameAs(TypeScriptTestSupport.kt:99)
  at com.xemantic.typescript.compiler.TypeScriptCompilerTests_K.keepImportsInDts3_ts compiles to JavaScript matching keepImportsInDts3_js(TypeScriptCompilerTests_K.kt:42)
  at java.base/jdk.internal.reflect.DirectMethodHandleAccessor.invoke(DirectMethodHandleAccessor.java:104)
  at java.base/java.lang.reflect.Method.invoke(Method.java:565)
  at org.junit.runners.model.FrameworkMethod$1.runReflectiveCall(FrameworkMethod.java:59)
  at org.junit.internal.runners.model.ReflectiveCallable.run(ReflectiveCallable.java:12)
  at org.junit.runners.model.FrameworkMethod.invokeExplosively(FrameworkMethod.java:56)
  at org.junit.internal.runners.statements.InvokeMethod.evaluate(InvokeMethod.java:17)
  at org.junit.runners.ParentRunner$3.evaluate(ParentRunner.java:306)
  at org.junit.runners.BlockJUnit4ClassRunner$1.evaluate(BlockJUnit4ClassRunner.java:100)
  at org.junit.runners.ParentRunner.runLeaf(ParentRunner.java:366)
  at org.junit.runners.BlockJUnit4ClassRunner.runChild(BlockJUnit4ClassRunner.java:103)
  at org.junit.runners.BlockJUnit4ClassRunner.runChild(BlockJUnit4ClassRunner.java:63)
  at org.junit.runners.ParentRunner$4.run(ParentRunner.java:331)
  at org.junit.runners.ParentRunner$1.schedule(ParentRunner.java:79)
  at org.junit.runners.ParentRunner.runChildren(ParentRunner.java:329)
  at org.junit.runners.ParentRunner.access$100(ParentRunner.java:66)
  at org.junit.runners.ParentRunner$2.evaluate(ParentRunner.java:293)
  at org.junit.runners.ParentRunner$3.evaluate(ParentRunner.java:306)
  at org.junit.runners.ParentRunner.run(ParentRunner.java:413)
  at org.junit.runner.JUnitCore.run(JUnitCore.java:137)
  at org.junit.runner.JUnitCore.run(JUnitCore.java:115)
  at org.gradle.api.internal.tasks.testing.junit.JUnitTestExecutor.runRequest(JUnitTestExecutor.java:175)
  at org.gradle.api.internal.tasks.testing.junit.JUnitTestExecutor.accept(JUnitTestExecutor.java:84)
  at org.gradle.api.internal.tasks.testing.junit.JUnitTestExecutor.accept(JUnitTestExecutor.java:47)
  at org.gradle.api.internal.tasks.testing.junit.AbstractJUnitTestDefinitionProcessor.processTestDefinition(AbstractJUnitTestDefinitionProcessor.java:65)
  at org.gradle.api.internal.tasks.testing.SuiteTestDefinitionProcessor.processTestDefinition(SuiteTestDefinitionProcessor.java:54)
  at java.base/jdk.internal.reflect.DirectMethodHandleAccessor.invoke(DirectMethodHandleAccessor.java:104)
  at java.base/java.lang.reflect.Method.invoke(Method.java:565)
  at org.gradle.internal.dispatch.MethodInvocation.invokeOn(MethodInvocation.java:77)
  at org.gradle.internal.dispatch.ReflectionDispatch.dispatch(ReflectionDispatch.java:28)
  at org.gradle.internal.dispatch.ReflectionDispatch.dispatch(ReflectionDispatch.java:19)
  at org.gradle.internal.dispatch.ContextClassLoaderDispatch.dispatch(ContextClassLoaderDispatch.java:33)
  at org.gradle.internal.dispatch.ProxyDispatchAdapter$DispatchingInvocationHandler.invoke(ProxyDispatchAdapter.java:88)
  at jdk.proxy1/jdk.proxy1.$Proxy4.processTestDefinition(Unknown Source)
  at org.gradle.api.internal.tasks.testing.worker.TestWorker$2.run(TestWorker.java:178)
  at org.gradle.api.internal.tasks.testing.worker.TestWorker.executeAndMaintainThreadName(TestWorker.java:126)
  at org.gradle.api.internal.tasks.testing.worker.TestWorker.execute(TestWorker.java:103)
  at org.gradle.api.internal.tasks.testing.worker.TestWorker.execute(TestWorker.java:63)
  at org.gradle.process.internal.worker.child.ActionExecutionWorker.execute(ActionExecutionWorker.java:56)
  at org.gradle.process.internal.worker.child.SystemApplicationClassLoaderWorker.call(SystemApplicationClassLoaderWorker.java:122)
  at org.gradle.process.internal.worker.child.SystemApplicationClassLoaderWorker.call(SystemApplicationClassLoaderWorker.java:72)
  at worker.org.gradle.process.internal.worker.GradleWorkerMain.run(GradleWorkerMain.java:69)
  at worker.org.gradle.process.internal.worker.GradleWorkerMain.main(GradleWorkerMain.java:74)
</stacktrace>
</test-failure>


TypeScriptCompilerTests_K[jvm] > keepImportsInDts3_ts compiles to JavaScript matching keepImportsInDts3_js[jvm] FAILED

<test-failure test="com.xemantic.typescript.compiler.TypeScriptCompilerTests_K.keyofIsLiteralContexualType_ts has expected errors matching keyofIsLiteralContexualType_errors_txt" platform="jvm">
<message>
Expected diagnostics from baseline typescript-repo/tests/baselines/reference/keyofIsLiteralContexualType.errors.txt but none produced
</message>
<stacktrace>
  at com.xemantic.typescript.compiler.TypeScriptTestSupportKt.errorsMatchBaseline(TypeScriptTestSupport.kt:125)
  at com.xemantic.typescript.compiler.TypeScriptCompilerTests_K.keyofIsLiteralContexualType_ts has expected errors matching keyofIsLiteralContexualType_errors_txt(TypeScriptCompilerTests_K.kt:119)
  at java.base/jdk.internal.reflect.DirectMethodHandleAccessor.invoke(DirectMethodHandleAccessor.java:104)
  at java.base/java.lang.reflect.Method.invoke(Method.java:565)
  at org.junit.runners.model.FrameworkMethod$1.runReflectiveCall(FrameworkMethod.java:59)
  at org.junit.internal.runners.model.ReflectiveCallable.run(ReflectiveCallable.java:12)
  at org.junit.runners.model.FrameworkMethod.invokeExplosively(FrameworkMethod.java:56)
  at org.junit.internal.runners.statements.InvokeMethod.evaluate(InvokeMethod.java:17)
  at org.junit.runners.ParentRunner$3.evaluate(ParentRunner.java:306)
  at org.junit.runners.BlockJUnit4ClassRunner$1.evaluate(BlockJUnit4ClassRunner.java:100)
  at org.junit.runners.ParentRunner.runLeaf(ParentRunner.java:366)
  at org.junit.runners.BlockJUnit4ClassRunner.runChild(BlockJUnit4ClassRunner.java:103)
  at org.junit.runners.BlockJUnit4ClassRunner.runChild(BlockJUnit4ClassRunner.java:63)
  at org.junit.runners.ParentRunner$4.run(ParentRunner.java:331)
  at org.junit.runners.ParentRunner$1.schedule(ParentRunner.java:79)
  at org.junit.runners.ParentRunner.runChildren(ParentRunner.java:329)
  at org.junit.runners.ParentRunner.access$100(ParentRunner.java:66)
  at org.junit.runners.ParentRunner$2.evaluate(ParentRunner.java:293)
  at org.junit.runners.ParentRunner$3.evaluate(ParentRunner.java:306)
  at org.junit.runners.ParentRunner.run(ParentRunner.java:413)
  at org.junit.runner.JUnitCore.run(JUnitCore.java:137)
  at org.junit.runner.JUnitCore.run(JUnitCore.java:115)
  at org.gradle.api.internal.tasks.testing.junit.JUnitTestExecutor.runRequest(JUnitTestExecutor.java:175)
  at org.gradle.api.internal.tasks.testing.junit.JUnitTestExecutor.accept(JUnitTestExecutor.java:84)
  at org.gradle.api.internal.tasks.testing.junit.JUnitTestExecutor.accept(JUnitTestExecutor.java:47)
  at org.gradle.api.internal.tasks.testing.junit.AbstractJUnitTestDefinitionProcessor.processTestDefinition(AbstractJUnitTestDefinitionProcessor.java:65)
  at org.gradle.api.internal.tasks.testing.SuiteTestDefinitionProcessor.processTestDefinition(SuiteTestDefinitionProcessor.java:54)
  at java.base/jdk.internal.reflect.DirectMethodHandleAccessor.invoke(DirectMethodHandleAccessor.java:104)
  at java.base/java.lang.reflect.Method.invoke(Method.java:565)
  at org.gradle.internal.dispatch.MethodInvocation.invokeOn(MethodInvocation.java:77)
  at org.gradle.internal.dispatch.ReflectionDispatch.dispatch(ReflectionDispatch.java:28)
  at org.gradle.internal.dispatch.ReflectionDispatch.dispatch(ReflectionDispatch.java:19)
  at org.gradle.internal.dispatch.ContextClassLoaderDispatch.dispatch(ContextClassLoaderDispatch.java:33)
  at org.gradle.internal.dispatch.ProxyDispatchAdapter$DispatchingInvocationHandler.invoke(ProxyDispatchAdapter.java:88)
  at jdk.proxy1/jdk.proxy1.$Proxy4.processTestDefinition(Unknown Source)
  at org.gradle.api.internal.tasks.testing.worker.TestWorker$2.run(TestWorker.java:178)
  at org.gradle.api.internal.tasks.testing.worker.TestWorker.executeAndMaintainThreadName(TestWorker.java:126)
  at org.gradle.api.internal.tasks.testing.worker.TestWorker.execute(TestWorker.java:103)
  at org.gradle.api.internal.tasks.testing.worker.TestWorker.execute(TestWorker.java:63)
  at org.gradle.process.internal.worker.child.ActionExecutionWorker.execute(ActionExecutionWorker.java:56)
  at org.gradle.process.internal.worker.child.SystemApplicationClassLoaderWorker.call(SystemApplicationClassLoaderWorker.java:122)
  at org.gradle.process.internal.worker.child.SystemApplicationClassLoaderWorker.call(SystemApplicationClassLoaderWorker.java:72)
  at worker.org.gradle.process.internal.worker.GradleWorkerMain.run(GradleWorkerMain.java:69)
  at worker.org.gradle.process.internal.worker.GradleWorkerMain.main(GradleWorkerMain.java:74)
</stacktrace>
</test-failure>


TypeScriptCompilerTests_K[jvm] > keyofIsLiteralContexualType_ts has expected errors matching keyofIsLiteralContexualType_errors_txt[jvm] FAILED

<test-failure test="com.xemantic.typescript.compiler.TypeScriptCompilerTests_K.keywordExpressionInternalComments_ts has expected errors matching keywordExpressionInternalComments_errors_txt" platform="jvm">
<message>
Expected diagnostics from baseline typescript-repo/tests/baselines/reference/keywordExpressionInternalComments.errors.txt but none produced
</message>
<stacktrace>
  at com.xemantic.typescript.compiler.TypeScriptTestSupportKt.errorsMatchBaseline(TypeScriptTestSupport.kt:125)
  at com.xemantic.typescript.compiler.TypeScriptCompilerTests_K.keywordExpressionInternalComments_ts has expected errors matching keywordExpressionInternalComments_errors_txt(TypeScriptCompilerTests_K.kt:147)
  at java.base/jdk.internal.reflect.DirectMethodHandleAccessor.invoke(DirectMethodHandleAccessor.java:104)
  at java.base/java.lang.reflect.Method.invoke(Method.java:565)
  at org.junit.runners.model.FrameworkMethod$1.runReflectiveCall(FrameworkMethod.java:59)
  at org.junit.internal.runners.model.ReflectiveCallable.run(ReflectiveCallable.java:12)
  at org.junit.runners.model.FrameworkMethod.invokeExplosively(FrameworkMethod.java:56)
  at org.junit.internal.runners.statements.InvokeMethod.evaluate(InvokeMethod.java:17)
  at org.junit.runners.ParentRunner$3.evaluate(ParentRunner.java:306)
  at org.junit.runners.BlockJUnit4ClassRunner$1.evaluate(BlockJUnit4ClassRunner.java:100)
  at org.junit.runners.ParentRunner.runLeaf(ParentRunner.java:366)
  at org.junit.runners.BlockJUnit4ClassRunner.runChild(BlockJUnit4ClassRunner.java:103)
  at org.junit.runners.BlockJUnit4ClassRunner.runChild(BlockJUnit4ClassRunner.java:63)
  at org.junit.runners.ParentRunner$4.run(ParentRunner.java:331)
  at org.junit.runners.ParentRunner$1.schedule(ParentRunner.java:79)
  at org.junit.runners.ParentRunner.runChildren(ParentRunner.java:329)
  at org.junit.runners.ParentRunner.access$100(ParentRunner.java:66)
  at org.junit.runners.ParentRunner$2.evaluate(ParentRunner.java:293)
  at org.junit.runners.ParentRunner$3.evaluate(ParentRunner.java:306)
  at org.junit.runners.ParentRunner.run(ParentRunner.java:413)
  at org.junit.runner.JUnitCore.run(JUnitCore.java:137)
  at org.junit.runner.JUnitCore.run(JUnitCore.java:115)
  at org.gradle.api.internal.tasks.testing.junit.JUnitTestExecutor.runRequest(JUnitTestExecutor.java:175)
  at org.gradle.api.internal.tasks.testing.junit.JUnitTestExecutor.accept(JUnitTestExecutor.java:84)
  at org.gradle.api.internal.tasks.testing.junit.JUnitTestExecutor.accept(JUnitTestExecutor.java:47)
  at org.gradle.api.internal.tasks.testing.junit.AbstractJUnitTestDefinitionProcessor.processTestDefinition(AbstractJUnitTestDefinitionProcessor.java:65)
  at org.gradle.api.internal.tasks.testing.SuiteTestDefinitionProcessor.processTestDefinition(SuiteTestDefinitionProcessor.java:54)
  at java.base/jdk.internal.reflect.DirectMethodHandleAccessor.invoke(DirectMethodHandleAccessor.java:104)
  at java.base/java.lang.reflect.Method.invoke(Method.java:565)
  at org.gradle.internal.dispatch.MethodInvocation.invokeOn(MethodInvocation.java:77)
  at org.gradle.internal.dispatch.ReflectionDispatch.dispatch(ReflectionDispatch.java:28)
  at org.gradle.internal.dispatch.ReflectionDispatch.dispatch(ReflectionDispatch.java:19)
  at org.gradle.internal.dispatch.ContextClassLoaderDispatch.dispatch(ContextClassLoaderDispatch.java:33)
  at org.gradle.internal.dispatch.ProxyDispatchAdapter$DispatchingInvocationHandler.invoke(ProxyDispatchAdapter.java:88)
  at jdk.proxy1/jdk.proxy1.$Proxy4.processTestDefinition(Unknown Source)
  at org.gradle.api.internal.tasks.testing.worker.TestWorker$2.run(TestWorker.java:178)
  at org.gradle.api.internal.tasks.testing.worker.TestWorker.executeAndMaintainThreadName(TestWorker.java:126)
  at org.gradle.api.internal.tasks.testing.worker.TestWorker.execute(TestWorker.java:103)
  at org.gradle.api.internal.tasks.testing.worker.TestWorker.execute(TestWorker.java:63)
  at org.gradle.process.internal.worker.child.ActionExecutionWorker.execute(ActionExecutionWorker.java:56)
  at org.gradle.process.internal.worker.child.SystemApplicationClassLoaderWorker.call(SystemApplicationClassLoaderWorker.java:122)
  at org.gradle.process.internal.worker.child.SystemApplicationClassLoaderWorker.call(SystemApplicationClassLoaderWorker.java:72)
  at worker.org.gradle.process.internal.worker.GradleWorkerMain.run(GradleWorkerMain.java:69)
  at worker.org.gradle.process.internal.worker.GradleWorkerMain.main(GradleWorkerMain.java:74)
</stacktrace>
</test-failure>


TypeScriptCompilerTests_K[jvm] > keywordExpressionInternalComments_ts has expected errors matching keywordExpressionInternalComments_errors_txt[jvm] FAILED

<test-failure test="com.xemantic.typescript.compiler.TypeScriptCompilerTests_K.keyRemappingKeyofResult_ts has expected errors matching keyRemappingKeyofResult_errors_txt" platform="jvm">
<message>
Expected diagnostics from baseline typescript-repo/tests/baselines/reference/keyRemappingKeyofResult.errors.txt but none produced
</message>
<stacktrace>
  at com.xemantic.typescript.compiler.TypeScriptTestSupportKt.errorsMatchBaseline(TypeScriptTestSupport.kt:125)
  at com.xemantic.typescript.compiler.TypeScriptCompilerTests_K.keyRemappingKeyofResult_ts has expected errors matching keyRemappingKeyofResult_errors_txt(TypeScriptCompilerTests_K.kt:77)
  at java.base/jdk.internal.reflect.DirectMethodHandleAccessor.invoke(DirectMethodHandleAccessor.java:104)
  at java.base/java.lang.reflect.Method.invoke(Method.java:565)
  at org.junit.runners.model.FrameworkMethod$1.runReflectiveCall(FrameworkMethod.java:59)
  at org.junit.internal.runners.model.ReflectiveCallable.run(ReflectiveCallable.java:12)
  at org.junit.runners.model.FrameworkMethod.invokeExplosively(FrameworkMethod.java:56)
  at org.junit.internal.runners.statements.InvokeMethod.evaluate(InvokeMethod.java:17)
  at org.junit.runners.ParentRunner$3.evaluate(ParentRunner.java:306)
  at org.junit.runners.BlockJUnit4ClassRunner$1.evaluate(BlockJUnit4ClassRunner.java:100)
  at org.junit.runners.ParentRunner.runLeaf(ParentRunner.java:366)
  at org.junit.runners.BlockJUnit4ClassRunner.runChild(BlockJUnit4ClassRunner.java:103)
  at org.junit.runners.BlockJUnit4ClassRunner.runChild(BlockJUnit4ClassRunner.java:63)
  at org.junit.runners.ParentRunner$4.run(ParentRunner.java:331)
  at org.junit.runners.ParentRunner$1.schedule(ParentRunner.java:79)
  at org.junit.runners.ParentRunner.runChildren(ParentRunner.java:329)
  at org.junit.runners.ParentRunner.access$100(ParentRunner.java:66)
  at org.junit.runners.ParentRunner$2.evaluate(ParentRunner.java:293)
  at org.junit.runners.ParentRunner$3.evaluate(ParentRunner.java:306)
  at org.junit.runners.ParentRunner.run(ParentRunner.java:413)
  at org.junit.runner.JUnitCore.run(JUnitCore.java:137)
  at org.junit.runner.JUnitCore.run(JUnitCore.java:115)
  at org.gradle.api.internal.tasks.testing.junit.JUnitTestExecutor.runRequest(JUnitTestExecutor.java:175)
  at org.gradle.api.internal.tasks.testing.junit.JUnitTestExecutor.accept(JUnitTestExecutor.java:84)
  at org.gradle.api.internal.tasks.testing.junit.JUnitTestExecutor.accept(JUnitTestExecutor.java:47)
  at org.gradle.api.internal.tasks.testing.junit.AbstractJUnitTestDefinitionProcessor.processTestDefinition(AbstractJUnitTestDefinitionProcessor.java:65)
  at org.gradle.api.internal.tasks.testing.SuiteTestDefinitionProcessor.processTestDefinition(SuiteTestDefinitionProcessor.java:54)
  at java.base/jdk.internal.reflect.DirectMethodHandleAccessor.invoke(DirectMethodHandleAccessor.java:104)
  at java.base/java.lang.reflect.Method.invoke(Method.java:565)
  at org.gradle.internal.dispatch.MethodInvocation.invokeOn(MethodInvocation.java:77)
  at org.gradle.internal.dispatch.ReflectionDispatch.dispatch(ReflectionDispatch.java:28)
  at org.gradle.internal.dispatch.ReflectionDispatch.dispatch(ReflectionDispatch.java:19)
  at org.gradle.internal.dispatch.ContextClassLoaderDispatch.dispatch(ContextClassLoaderDispatch.java:33)
  at org.gradle.internal.dispatch.ProxyDispatchAdapter$DispatchingInvocationHandler.invoke(ProxyDispatchAdapter.java:88)
  at jdk.proxy1/jdk.proxy1.$Proxy4.processTestDefinition(Unknown Source)
  at org.gradle.api.internal.tasks.testing.worker.TestWorker$2.run(TestWorker.java:178)
  at org.gradle.api.internal.tasks.testing.worker.TestWorker.executeAndMaintainThreadName(TestWorker.java:126)
  at org.gradle.api.internal.tasks.testing.worker.TestWorker.execute(TestWorker.java:103)
  at org.gradle.api.internal.tasks.testing.worker.TestWorker.execute(TestWorker.java:63)
  at org.gradle.process.internal.worker.child.ActionExecutionWorker.execute(ActionExecutionWorker.java:56)
  at org.gradle.process.internal.worker.child.SystemApplicationClassLoaderWorker.call(SystemApplicationClassLoaderWorker.java:122)
  at org.gradle.process.internal.worker.child.SystemApplicationClassLoaderWorker.call(SystemApplicationClassLoaderWorker.java:72)
  at worker.org.gradle.process.internal.worker.GradleWorkerMain.run(GradleWorkerMain.java:69)
  at worker.org.gradle.process.internal.worker.GradleWorkerMain.main(GradleWorkerMain.java:74)
</stacktrace>
</test-failure>


TypeScriptCompilerTests_K[jvm] > keyRemappingKeyofResult_ts has expected errors matching keyRemappingKeyofResult_errors_txt[jvm] FAILED

<test-failure test="com.xemantic.typescript.compiler.TypeScriptCompilerTests_K.keyofDoesntContainSymbols_ts has expected errors matching keyofDoesntContainSymbols_errors_txt" platform="jvm">
<message>
--- expected
+++ actual
@@ -1,9 +1,8 @@
 error TS5102: Option 'keyofStringsOnly' has been removed. Please remove it from your configuration.
-keyofDoesntContainSymbols.ts(11,30): error TS2345: Argument of type 'string' is not assignable to parameter of type 'number'.
 
 
 !!! error TS5102: Option 'keyofStringsOnly' has been removed. Please remove it from your configuration.
-==== keyofDoesntContainSymbols.ts (1 errors) ====
+==== keyofDoesntContainSymbols.ts (0 errors) ====
     const sym = Symbol();
     const num = 0;
     const obj = { num: 0, str: 's', [num]: num as 0, [sym]: sym };
@@ -15,8 +14,6 @@
     const val = set(obj, 'str', '');
     // string
     const valB = set(obj, 'num', '');
-                                 ~~
-!!! error TS2345: Argument of type 'string' is not assignable to parameter of type 'number'.
     // Expect type error
     // Argument of type '""' is not assignable to parameter of type 'number'.
     const valC = set(obj, sym, sym);

</message>
<stacktrace>
  at org.junit.Assert.fail(Assert.java:89)
  at kotlin.test.junit.JUnitAsserter.fail(JUnitSupport.kt:56)
  at kotlin.test.AssertionsKt__AssertionsKt.fail(Assertions.kt:563)
  at kotlin.test.AssertionsKt.fail(Unknown Source)
  at com.xemantic.kotlin.test.SameAsKt.sameAs(SameAs.kt:52)
  at com.xemantic.typescript.compiler.TypeScriptTestSupportKt.errorsMatchBaseline(TypeScriptTestSupport.kt:135)
  at com.xemantic.typescript.compiler.TypeScriptCompilerTests_K.keyofDoesntContainSymbols_ts has expected errors matching keyofDoesntContainSymbols_errors_txt(TypeScriptCompilerTests_K.kt:91)
  at java.base/jdk.internal.reflect.DirectMethodHandleAccessor.invoke(DirectMethodHandleAccessor.java:104)
  at java.base/java.lang.reflect.Method.invoke(Method.java:565)
  at org.junit.runners.model.FrameworkMethod$1.runReflectiveCall(FrameworkMethod.java:59)
  at org.junit.internal.runners.model.ReflectiveCallable.run(ReflectiveCallable.java:12)
  at org.junit.runners.model.FrameworkMethod.invokeExplosively(FrameworkMethod.java:56)
  at org.junit.internal.runners.statements.InvokeMethod.evaluate(InvokeMethod.java:17)
  at org.junit.runners.ParentRunner$3.evaluate(ParentRunner.java:306)
  at org.junit.runners.BlockJUnit4ClassRunner$1.evaluate(BlockJUnit4ClassRunner.java:100)
  at org.junit.runners.ParentRunner.runLeaf(ParentRunner.java:366)
  at org.junit.runners.BlockJUnit4ClassRunner.runChild(BlockJUnit4ClassRunner.java:103)
  at org.junit.runners.BlockJUnit4ClassRunner.runChild(BlockJUnit4ClassRunner.java:63)
  at org.junit.runners.ParentRunner$4.run(ParentRunner.java:331)
  at org.junit.runners.ParentRunner$1.schedule(ParentRunner.java:79)
  at org.junit.runners.ParentRunner.runChildren(ParentRunner.java:329)
  at org.junit.runners.ParentRunner.access$100(ParentRunner.java:66)
  at org.junit.runners.ParentRunner$2.evaluate(ParentRunner.java:293)
  at org.junit.runners.ParentRunner$3.evaluate(ParentRunner.java:306)
  at org.junit.runners.ParentRunner.run(ParentRunner.java:413)
  at org.junit.runner.JUnitCore.run(JUnitCore.java:137)
  at org.junit.runner.JUnitCore.run(JUnitCore.java:115)
  at org.gradle.api.internal.tasks.testing.junit.JUnitTestExecutor.runRequest(JUnitTestExecutor.java:175)
  at org.gradle.api.internal.tasks.testing.junit.JUnitTestExecutor.accept(JUnitTestExecutor.java:84)
  at org.gradle.api.internal.tasks.testing.junit.JUnitTestExecutor.accept(JUnitTestExecutor.java:47)
  at org.gradle.api.internal.tasks.testing.junit.AbstractJUnitTestDefinitionProcessor.processTestDefinition(AbstractJUnitTestDefinitionProcessor.java:65)
  at org.gradle.api.internal.tasks.testing.SuiteTestDefinitionProcessor.processTestDefinition(SuiteTestDefinitionProcessor.java:54)
  at java.base/jdk.internal.reflect.DirectMethodHandleAccessor.invoke(DirectMethodHandleAccessor.java:104)
  at java.base/java.lang.reflect.Method.invoke(Method.java:565)
  at org.gradle.internal.dispatch.MethodInvocation.invokeOn(MethodInvocation.java:77)
  at org.gradle.internal.dispatch.ReflectionDispatch.dispatch(ReflectionDispatch.java:28)
  at org.gradle.internal.dispatch.ReflectionDispatch.dispatch(ReflectionDispatch.java:19)
  at org.gradle.internal.dispatch.ContextClassLoaderDispatch.dispatch(ContextClassLoaderDispatch.java:33)
  at org.gradle.internal.dispatch.ProxyDispatchAdapter$DispatchingInvocationHandler.invoke(ProxyDispatchAdapter.java:88)
  at jdk.proxy1/jdk.proxy1.$Proxy4.processTestDefinition(Unknown Source)
  at org.gradle.api.internal.tasks.testing.worker.TestWorker$2.run(TestWorker.java:178)
  at org.gradle.api.internal.tasks.testing.worker.TestWorker.executeAndMaintainThreadName(TestWorker.java:126)
  at org.gradle.api.internal.tasks.testing.worker.TestWorker.execute(TestWorker.java:103)
  at org.gradle.api.internal.tasks.testing.worker.TestWorker.execute(TestWorker.java:63)
  at org.gradle.process.internal.worker.child.ActionExecutionWorker.execute(ActionExecutionWorker.java:56)
  at org.gradle.process.internal.worker.child.SystemApplicationClassLoaderWorker.call(SystemApplicationClassLoaderWorker.java:122)
  at org.gradle.process.internal.worker.child.SystemApplicationClassLoaderWorker.call(SystemApplicationClassLoaderWorker.java:72)
  at worker.org.gradle.process.internal.worker.GradleWorkerMain.run(GradleWorkerMain.java:69)
  at worker.org.gradle.process.internal.worker.GradleWorkerMain.main(GradleWorkerMain.java:74)
</stacktrace>
</test-failure>


TypeScriptCompilerTests_K[jvm] > keyofDoesntContainSymbols_ts has expected errors matching keyofDoesntContainSymbols_errors_txt[jvm] FAILED

<test-failure test="com.xemantic.typescript.compiler.TypeScriptCompilerTests_L.lambdaArgCrash_ts has expected errors matching lambdaArgCrash_errors_txt" platform="jvm">
<message>
--- expected
+++ actual
@@ -1,9 +1,7 @@
 lambdaArgCrash.ts(27,25): error TS2304: Cannot find name 'ItemSet'.
-lambdaArgCrash.ts(29,14): error TS2345: Argument of type '(items: ItemSet) => void' is not assignable to parameter of type '() => any'.
-  Target signature provides too few arguments. Expected 1 or more, but got 0.
 
 
-==== lambdaArgCrash.ts (2 errors) ====
+==== lambdaArgCrash.ts (1 errors) ====
     class Event {
     
     	 private _listeners: any[] = [];
@@ -35,9 +33,6 @@
 !!! error TS2304: Cannot find name 'ItemSet'.
     
     	 	super.add(listener);
-    	 	          ~~~~~~~~
-!!! error TS2345: Argument of type '(items: ItemSet) => void' is not assignable to parameter of type '() => any'.
-!!! error TS2345:   Target signature provides too few arguments. Expected 1 or more, but got 0.
     
     	}
     

</message>
<stacktrace>
  at org.junit.Assert.fail(Assert.java:89)
  at kotlin.test.junit.JUnitAsserter.fail(JUnitSupport.kt:56)
  at kotlin.test.AssertionsKt__AssertionsKt.fail(Assertions.kt:563)
  at kotlin.test.AssertionsKt.fail(Unknown Source)
  at com.xemantic.kotlin.test.SameAsKt.sameAs(SameAs.kt:52)
  at com.xemantic.typescript.compiler.TypeScriptTestSupportKt.errorsMatchBaseline(TypeScriptTestSupport.kt:135)
  at com.xemantic.typescript.compiler.TypeScriptCompilerTests_L.lambdaArgCrash_ts has expected errors matching lambdaArgCrash_errors_txt(TypeScriptCompilerTests_L.kt:28)
  at java.base/jdk.internal.reflect.DirectMethodHandleAccessor.invoke(DirectMethodHandleAccessor.java:104)
  at java.base/java.lang.reflect.Method.invoke(Method.java:565)
  at org.junit.runners.model.FrameworkMethod$1.runReflectiveCall(FrameworkMethod.java:59)
  at org.junit.internal.runners.model.ReflectiveCallable.run(ReflectiveCallable.java:12)
  at org.junit.runners.model.FrameworkMethod.invokeExplosively(FrameworkMethod.java:56)
  at org.junit.internal.runners.statements.InvokeMethod.evaluate(InvokeMethod.java:17)
  at org.junit.runners.ParentRunner$3.evaluate(ParentRunner.java:306)
  at org.junit.runners.BlockJUnit4ClassRunner$1.evaluate(BlockJUnit4ClassRunner.java:100)
  at org.junit.runners.ParentRunner.runLeaf(ParentRunner.java:366)
  at org.junit.runners.BlockJUnit4ClassRunner.runChild(BlockJUnit4ClassRunner.java:103)
  at org.junit.runners.BlockJUnit4ClassRunner.runChild(BlockJUnit4ClassRunner.java:63)
  at org.junit.runners.ParentRunner$4.run(ParentRunner.java:331)
  at org.junit.runners.ParentRunner$1.schedule(ParentRunner.java:79)
  at org.junit.runners.ParentRunner.runChildren(ParentRunner.java:329)
  at org.junit.runners.ParentRunner.access$100(ParentRunner.java:66)
  at org.junit.runners.ParentRunner$2.evaluate(ParentRunner.java:293)
  at org.junit.runners.ParentRunner$3.evaluate(ParentRunner.java:306)
  at org.junit.runners.ParentRunner.run(ParentRunner.java:413)
  at org.junit.runner.JUnitCore.run(JUnitCore.java:137)
  at org.junit.runner.JUnitCore.run(JUnitCore.java:115)
  at org.gradle.api.internal.tasks.testing.junit.JUnitTestExecutor.runRequest(JUnitTestExecutor.java:175)
  at org.gradle.api.internal.tasks.testing.junit.JUnitTestExecutor.accept(JUnitTestExecutor.java:84)
  at org.gradle.api.internal.tasks.testing.junit.JUnitTestExecutor.accept(JUnitTestExecutor.java:47)
  at org.gradle.api.internal.tasks.testing.junit.AbstractJUnitTestDefinitionProcessor.processTestDefinition(AbstractJUnitTestDefinitionProcessor.java:65)
  at org.gradle.api.internal.tasks.testing.SuiteTestDefinitionProcessor.processTestDefinition(SuiteTestDefinitionProcessor.java:54)
  at java.base/jdk.internal.reflect.DirectMethodHandleAccessor.invoke(DirectMethodHandleAccessor.java:104)
  at java.base/java.lang.reflect.Method.invoke(Method.java:565)
  at org.gradle.internal.dispatch.MethodInvocation.invokeOn(MethodInvocation.java:77)
  at org.gradle.internal.dispatch.ReflectionDispatch.dispatch(ReflectionDispatch.java:28)
  at org.gradle.internal.dispatch.ReflectionDispatch.dispatch(ReflectionDispatch.java:19)
  at org.gradle.internal.dispatch.ContextClassLoaderDispatch.dispatch(ContextClassLoaderDispatch.java:33)
  at org.gradle.internal.dispatch.ProxyDispatchAdapter$DispatchingInvocationHandler.invoke(ProxyDispatchAdapter.java:88)
  at jdk.proxy1/jdk.proxy1.$Proxy4.processTestDefinition(Unknown Source)
  at org.gradle.api.internal.tasks.testing.worker.TestWorker$2.run(TestWorker.java:178)
  at org.gradle.api.internal.tasks.testing.worker.TestWorker.executeAndMaintainThreadName(TestWorker.java:126)
  at org.gradle.api.internal.tasks.testing.worker.TestWorker.execute(TestWorker.java:103)
  at org.gradle.api.internal.tasks.testing.worker.TestWorker.execute(TestWorker.java:63)
  at org.gradle.process.internal.worker.child.ActionExecutionWorker.execute(ActionExecutionWorker.java:56)
  at org.gradle.process.internal.worker.child.SystemApplicationClassLoaderWorker.call(SystemApplicationClassLoaderWorker.java:122)
  at org.gradle.process.internal.worker.child.SystemApplicationClassLoaderWorker.call(SystemApplicationClassLoaderWorker.java:72)
  at worker.org.gradle.process.internal.worker.GradleWorkerMain.run(GradleWorkerMain.java:69)
  at worker.org.gradle.process.internal.worker.GradleWorkerMain.main(GradleWorkerMain.java:74)
</stacktrace>
</test-failure>


TypeScriptCompilerTests_L[jvm] > lambdaArgCrash_ts has expected errors matching lambdaArgCrash_errors_txt[jvm] FAILED

<test-failure test="com.xemantic.typescript.compiler.TypeScriptCompilerTests_L.lastPropertyInLiteralWins_ts has expected errors matching lastPropertyInLiteralWins_errors_txt" platform="jvm">
<message>
--- expected
+++ actual
@@ -1,14 +1,8 @@
-lastPropertyInLiteralWins.ts(8,5): error TS2322: Type '(num: number) => void' is not assignable to type '(str: string) => void'.
-  Types of parameters 'num' and 'str' are incompatible.
-    Type 'string' is not assignable to type 'number'.
 lastPropertyInLiteralWins.ts(9,5): error TS1117: An object literal cannot have multiple properties with the same name.
-lastPropertyInLiteralWins.ts(9,5): error TS2322: Type '(num: number) => void' is not assignable to type '(str: string) => void'.
-  Types of parameters 'num' and 'str' are incompatible.
-    Type 'string' is not assignable to type 'number'.
 lastPropertyInLiteralWins.ts(14,5): error TS1117: An object literal cannot have multiple properties with the same name.
 
 
-==== lastPropertyInLiteralWins.ts (4 errors) ====
+==== lastPropertyInLiteralWins.ts (2 errors) ====
     interface Thing {
         thunk: (str: string) => void;
     }
@@ -17,19 +11,9 @@
     }
     test({ // Should error, as last one wins, and is wrong type
         thunk: (str: string) => {},
-        ~~~~~
-!!! error TS2322: Type '(num: number) => void' is not assignable to type '(str: string) => void'.
-!!! error TS2322:   Types of parameters 'num' and 'str' are incompatible.
-!!! error TS2322:     Type 'string' is not assignable to type 'number'.
-!!! related TS6500 lastPropertyInLiteralWins.ts:2:5: The expected type comes from property 'thunk' which is declared here on type 'Thing'
         thunk: (num: number) => {}
         ~~~~~
 !!! error TS1117: An object literal cannot have multiple properties with the same name.
-        ~~~~~
-!!! error TS2322: Type '(num: number) => void' is not assignable to type '(str: string) => void'.
-!!! error TS2322:   Types of parameters 'num' and 'str' are incompatible.
-!!! error TS2322:     Type 'string' is not assignable to type 'number'.
-!!! related TS6500 lastPropertyInLiteralWins.ts:2:5: The expected type comes from property 'thunk' which is declared here on type 'Thing'
     });
     
     test({ // Should be OK.  Last 'thunk' is of correct type

</message>
<stacktrace>
  at org.junit.Assert.fail(Assert.java:89)
  at kotlin.test.junit.JUnitAsserter.fail(JUnitSupport.kt:56)
  at kotlin.test.AssertionsKt__AssertionsKt.fail(Assertions.kt:563)
  at kotlin.test.AssertionsKt.fail(Unknown Source)
  at com.xemantic.kotlin.test.SameAsKt.sameAs(SameAs.kt:52)
  at com.xemantic.typescript.compiler.TypeScriptTestSupportKt.errorsMatchBaseline(TypeScriptTestSupport.kt:135)
  at com.xemantic.typescript.compiler.TypeScriptCompilerTests_L.lastPropertyInLiteralWins_ts has expected errors matching lastPropertyInLiteralWins_errors_txt(TypeScriptCompilerTests_L.kt:98)
  at java.base/jdk.internal.reflect.DirectMethodHandleAccessor.invoke(DirectMethodHandleAccessor.java:104)
  at java.base/java.lang.reflect.Method.invoke(Method.java:565)
  at org.junit.runners.model.FrameworkMethod$1.runReflectiveCall(FrameworkMethod.java:59)
  at org.junit.internal.runners.model.ReflectiveCallable.run(ReflectiveCallable.java:12)
  at org.junit.runners.model.FrameworkMethod.invokeExplosively(FrameworkMethod.java:56)
  at org.junit.internal.runners.statements.InvokeMethod.evaluate(InvokeMethod.java:17)
  at org.junit.runners.ParentRunner$3.evaluate(ParentRunner.java:306)
  at org.junit.runners.BlockJUnit4ClassRunner$1.evaluate(BlockJUnit4ClassRunner.java:100)
  at org.junit.runners.ParentRunner.runLeaf(ParentRunner.java:366)
  at org.junit.runners.BlockJUnit4ClassRunner.runChild(BlockJUnit4ClassRunner.java:103)
  at org.junit.runners.BlockJUnit4ClassRunner.runChild(BlockJUnit4ClassRunner.java:63)
  at org.junit.runners.ParentRunner$4.run(ParentRunner.java:331)
  at org.junit.runners.ParentRunner$1.schedule(ParentRunner.java:79)
  at org.junit.runners.ParentRunner.runChildren(ParentRunner.java:329)
  at org.junit.runners.ParentRunner.access$100(ParentRunner.java:66)
  at org.junit.runners.ParentRunner$2.evaluate(ParentRunner.java:293)
  at org.junit.runners.ParentRunner$3.evaluate(ParentRunner.java:306)
  at org.junit.runners.ParentRunner.run(ParentRunner.java:413)
  at org.junit.runner.JUnitCore.run(JUnitCore.java:137)
  at org.junit.runner.JUnitCore.run(JUnitCore.java:115)
  at org.gradle.api.internal.tasks.testing.junit.JUnitTestExecutor.runRequest(JUnitTestExecutor.java:175)
  at org.gradle.api.internal.tasks.testing.junit.JUnitTestExecutor.accept(JUnitTestExecutor.java:84)
  at org.gradle.api.internal.tasks.testing.junit.JUnitTestExecutor.accept(JUnitTestExecutor.java:47)
  at org.gradle.api.internal.tasks.testing.junit.AbstractJUnitTestDefinitionProcessor.processTestDefinition(AbstractJUnitTestDefinitionProcessor.java:65)
  at org.gradle.api.internal.tasks.testing.SuiteTestDefinitionProcessor.processTestDefinition(SuiteTestDefinitionProcessor.java:54)
  at java.base/jdk.internal.reflect.DirectMethodHandleAccessor.invoke(DirectMethodHandleAccessor.java:104)
  at java.base/java.lang.reflect.Method.invoke(Method.java:565)
  at org.gradle.internal.dispatch.MethodInvocation.invokeOn(MethodInvocation.java:77)
  at org.gradle.internal.dispatch.ReflectionDispatch.dispatch(ReflectionDispatch.java:28)
  at org.gradle.internal.dispatch.ReflectionDispatch.dispatch(ReflectionDispatch.java:19)
  at org.gradle.internal.dispatch.ContextClassLoaderDispatch.dispatch(ContextClassLoaderDispatch.java:33)
  at org.gradle.internal.dispatch.ProxyDispatchAdapter$DispatchingInvocationHandler.invoke(ProxyDispatchAdapter.java:88)
  at jdk.proxy1/jdk.proxy1.$Proxy4.processTestDefinition(Unknown Source)
  at org.gradle.api.internal.tasks.testing.worker.TestWorker$2.run(TestWorker.java:178)
  at org.gradle.api.internal.tasks.testing.worker.TestWorker.executeAndMaintainThreadName(TestWorker.java:126)
  at org.gradle.api.internal.tasks.testing.worker.TestWorker.execute(TestWorker.java:103)
  at org.gradle.api.internal.tasks.testing.worker.TestWorker.execute(TestWorker.java:63)
  at org.gradle.process.internal.worker.child.ActionExecutionWorker.execute(ActionExecutionWorker.java:56)
  at org.gradle.process.internal.worker.child.SystemApplicationClassLoaderWorker.call(SystemApplicationClassLoaderWorker.java:122)
  at org.gradle.process.internal.worker.child.SystemApplicationClassLoaderWorker.call(SystemApplicationClassLoaderWorker.java:72)
  at worker.org.gradle.process.internal.worker.GradleWorkerMain.run(GradleWorkerMain.java:69)
  at worker.org.gradle.process.internal.worker.GradleWorkerMain.main(GradleWorkerMain.java:74)
</stacktrace>
</test-failure>


TypeScriptCompilerTests_L[jvm] > lastPropertyInLiteralWins_ts has expected errors matching lastPropertyInLiteralWins_errors_txt[jvm] FAILED

<test-failure test="com.xemantic.typescript.compiler.TypeScriptCompilerTests_L.lateBoundAssignmentCandidateJS3_ts has expected errors matching lateBoundAssignmentCandidateJS3_errors_txt" platform="jvm">
<message>
Expected diagnostics from baseline typescript-repo/tests/baselines/reference/lateBoundAssignmentCandidateJS3.errors.txt but none produced
</message>
<stacktrace>
  at com.xemantic.typescript.compiler.TypeScriptTestSupportKt.errorsMatchBaseline(TypeScriptTestSupport.kt:125)
  at com.xemantic.typescript.compiler.TypeScriptCompilerTests_L.lateBoundAssignmentCandidateJS3_ts has expected errors matching lateBoundAssignmentCandidateJS3_errors_txt(TypeScriptCompilerTests_L.kt:126)
  at java.base/jdk.internal.reflect.DirectMethodHandleAccessor.invoke(DirectMethodHandleAccessor.java:104)
  at java.base/java.lang.reflect.Method.invoke(Method.java:565)
  at org.junit.runners.model.FrameworkMethod$1.runReflectiveCall(FrameworkMethod.java:59)
  at org.junit.internal.runners.model.ReflectiveCallable.run(ReflectiveCallable.java:12)
  at org.junit.runners.model.FrameworkMethod.invokeExplosively(FrameworkMethod.java:56)
  at org.junit.internal.runners.statements.InvokeMethod.evaluate(InvokeMethod.java:17)
  at org.junit.runners.ParentRunner$3.evaluate(ParentRunner.java:306)
  at org.junit.runners.BlockJUnit4ClassRunner$1.evaluate(BlockJUnit4ClassRunner.java:100)
  at org.junit.runners.ParentRunner.runLeaf(ParentRunner.java:366)
  at org.junit.runners.BlockJUnit4ClassRunner.runChild(BlockJUnit4ClassRunner.java:103)
  at org.junit.runners.BlockJUnit4ClassRunner.runChild(BlockJUnit4ClassRunner.java:63)
  at org.junit.runners.ParentRunner$4.run(ParentRunner.java:331)
  at org.junit.runners.ParentRunner$1.schedule(ParentRunner.java:79)
  at org.junit.runners.ParentRunner.runChildren(ParentRunner.java:329)
  at org.junit.runners.ParentRunner.access$100(ParentRunner.java:66)
  at org.junit.runners.ParentRunner$2.evaluate(ParentRunner.java:293)
  at org.junit.runners.ParentRunner$3.evaluate(ParentRunner.java:306)
  at org.junit.runners.ParentRunner.run(ParentRunner.java:413)
  at org.junit.runner.JUnitCore.run(JUnitCore.java:137)
  at org.junit.runner.JUnitCore.run(JUnitCore.java:115)
  at org.gradle.api.internal.tasks.testing.junit.JUnitTestExecutor.runRequest(JUnitTestExecutor.java:175)
  at org.gradle.api.internal.tasks.testing.junit.JUnitTestExecutor.accept(JUnitTestExecutor.java:84)
  at org.gradle.api.internal.tasks.testing.junit.JUnitTestExecutor.accept(JUnitTestExecutor.java:47)
  at org.gradle.api.internal.tasks.testing.junit.AbstractJUnitTestDefinitionProcessor.processTestDefinition(AbstractJUnitTestDefinitionProcessor.java:65)
  at org.gradle.api.internal.tasks.testing.SuiteTestDefinitionProcessor.processTestDefinition(SuiteTestDefinitionProcessor.java:54)
  at java.base/jdk.internal.reflect.DirectMethodHandleAccessor.invoke(DirectMethodHandleAccessor.java:104)
  at java.base/java.lang.reflect.Method.invoke(Method.java:565)
  at org.gradle.internal.dispatch.MethodInvocation.invokeOn(MethodInvocation.java:77)
  at org.gradle.internal.dispatch.ReflectionDispatch.dispatch(ReflectionDispatch.java:28)
  at org.gradle.internal.dispatch.ReflectionDispatch.dispatch(ReflectionDispatch.java:19)
  at org.gradle.internal.dispatch.ContextClassLoaderDispatch.dispatch(ContextClassLoaderDispatch.java:33)
  at org.gradle.internal.dispatch.ProxyDispatchAdapter$DispatchingInvocationHandler.invoke(ProxyDispatchAdapter.java:88)
  at jdk.proxy1/jdk.proxy1.$Proxy4.processTestDefinition(Unknown Source)
  at org.gradle.api.internal.tasks.testing.worker.TestWorker$2.run(TestWorker.java:178)
  at org.gradle.api.internal.tasks.testing.worker.TestWorker.executeAndMaintainThreadName(TestWorker.java:126)
  at org.gradle.api.internal.tasks.testing.worker.TestWorker.execute(TestWorker.java:103)
  at org.gradle.api.internal.tasks.testing.worker.TestWorker.execute(TestWorker.java:63)
  at org.gradle.process.internal.worker.child.ActionExecutionWorker.execute(ActionExecutionWorker.java:56)
  at org.gradle.process.internal.worker.child.SystemApplicationClassLoaderWorker.call(SystemApplicationClassLoaderWorker.java:122)
  at org.gradle.process.internal.worker.child.SystemApplicationClassLoaderWorker.call(SystemApplicationClassLoaderWorker.java:72)
  at worker.org.gradle.process.internal.worker.GradleWorkerMain.run(GradleWorkerMain.java:69)
  at worker.org.gradle.process.internal.worker.GradleWorkerMain.main(GradleWorkerMain.java:74)
</stacktrace>
</test-failure>


TypeScriptCompilerTests_L[jvm] > lateBoundAssignmentCandidateJS3_ts has expected errors matching lateBoundAssignmentCandidateJS3_errors_txt[jvm] FAILED

<test-failure test="com.xemantic.typescript.compiler.TypeScriptCompilerTests_L.letInVarDeclOfForOf_ES5_ts__target_es5__has expected errors matching baseline" platform="jvm">
<message>
--- expected
+++ actual
@@ -1,17 +1,11 @@
 error TS5107: Option 'target=ES5' is deprecated and will stop functioning in TypeScript 7.0. Specify compilerOption '"ignoreDeprecations": "6.0"' to silence this error.
-letInVarDeclOfForOf_ES5.ts(2,10): error TS1212: Identifier expected. 'let' is a reserved word in strict mode.
-letInVarDeclOfForOf_ES5.ts(5,11): error TS1212: Identifier expected. 'let' is a reserved word in strict mode.
 
 
 !!! error TS5107: Option 'target=ES5' is deprecated and will stop functioning in TypeScript 7.0. Specify compilerOption '"ignoreDeprecations": "6.0"' to silence this error.
-==== letInVarDeclOfForOf_ES5.ts (2 errors) ====
+==== letInVarDeclOfForOf_ES5.ts (0 errors) ====
     // should not be an error
     for (var let of [1,2,3]) {}
-             ~~~
-!!! error TS1212: Identifier expected. 'let' is a reserved word in strict mode.
     
     {
     	for (var let of [1,2,3]) {}
-    	         ~~~
-!!! error TS1212: Identifier expected. 'let' is a reserved word in strict mode.
     }

</message>
<stacktrace>
  at org.junit.Assert.fail(Assert.java:89)
  at kotlin.test.junit.JUnitAsserter.fail(JUnitSupport.kt:56)
  at kotlin.test.AssertionsKt__AssertionsKt.fail(Assertions.kt:563)
  at kotlin.test.AssertionsKt.fail(Unknown Source)
  at com.xemantic.kotlin.test.SameAsKt.sameAs(SameAs.kt:52)
  at com.xemantic.typescript.compiler.TypeScriptTestSupportKt.errorsMatchBaseline(TypeScriptTestSupport.kt:135)
  at com.xemantic.typescript.compiler.TypeScriptCompilerTests_L.letInVarDeclOfForOf_ES5_ts__target_es5__has expected errors matching baseline(TypeScriptCompilerTests_L.kt:651)
  at java.base/jdk.internal.reflect.DirectMethodHandleAccessor.invoke(DirectMethodHandleAccessor.java:104)
  at java.base/java.lang.reflect.Method.invoke(Method.java:565)
  at org.junit.runners.model.FrameworkMethod$1.runReflectiveCall(FrameworkMethod.java:59)
  at org.junit.internal.runners.model.ReflectiveCallable.run(ReflectiveCallable.java:12)
  at org.junit.runners.model.FrameworkMethod.invokeExplosively(FrameworkMethod.java:56)
  at org.junit.internal.runners.statements.InvokeMethod.evaluate(InvokeMethod.java:17)
  at org.junit.runners.ParentRunner$3.evaluate(ParentRunner.java:306)
  at org.junit.runners.BlockJUnit4ClassRunner$1.evaluate(BlockJUnit4ClassRunner.java:100)
  at org.junit.runners.ParentRunner.runLeaf(ParentRunner.java:366)
  at org.junit.runners.BlockJUnit4ClassRunner.runChild(BlockJUnit4ClassRunner.java:103)
  at org.junit.runners.BlockJUnit4ClassRunner.runChild(BlockJUnit4ClassRunner.java:63)
  at org.junit.runners.ParentRunner$4.run(ParentRunner.java:331)
  at org.junit.runners.ParentRunner$1.schedule(ParentRunner.java:79)
  at org.junit.runners.ParentRunner.runChildren(ParentRunner.java:329)
  at org.junit.runners.ParentRunner.access$100(ParentRunner.java:66)
  at org.junit.runners.ParentRunner$2.evaluate(ParentRunner.java:293)
  at org.junit.runners.ParentRunner$3.evaluate(ParentRunner.java:306)
  at org.junit.runners.ParentRunner.run(ParentRunner.java:413)
  at org.junit.runner.JUnitCore.run(JUnitCore.java:137)
  at org.junit.runner.JUnitCore.run(JUnitCore.java:115)
  at org.gradle.api.internal.tasks.testing.junit.JUnitTestExecutor.runRequest(JUnitTestExecutor.java:175)
  at org.gradle.api.internal.tasks.testing.junit.JUnitTestExecutor.accept(JUnitTestExecutor.java:84)
  at org.gradle.api.internal.tasks.testing.junit.JUnitTestExecutor.accept(JUnitTestExecutor.java:47)
  at org.gradle.api.internal.tasks.testing.junit.AbstractJUnitTestDefinitionProcessor.processTestDefinition(AbstractJUnitTestDefinitionProcessor.java:65)
  at org.gradle.api.internal.tasks.testing.SuiteTestDefinitionProcessor.processTestDefinition(SuiteTestDefinitionProcessor.java:54)
  at java.base/jdk.internal.reflect.DirectMethodHandleAccessor.invoke(DirectMethodHandleAccessor.java:104)
  at java.base/java.lang.reflect.Method.invoke(Method.java:565)
  at org.gradle.internal.dispatch.MethodInvocation.invokeOn(MethodInvocation.java:77)
  at org.gradle.internal.dispatch.ReflectionDispatch.dispatch(ReflectionDispatch.java:28)
  at org.gradle.internal.dispatch.ReflectionDispatch.dispatch(ReflectionDispatch.java:19)
  at org.gradle.internal.dispatch.ContextClassLoaderDispatch.dispatch(ContextClassLoaderDispatch.java:33)
  at org.gradle.internal.dispatch.ProxyDispatchAdapter$DispatchingInvocationHandler.invoke(ProxyDispatchAdapter.java:88)
  at jdk.proxy1/jdk.proxy1.$Proxy4.processTestDefinition(Unknown Source)
  at org.gradle.api.internal.tasks.testing.worker.TestWorker$2.run(TestWorker.java:178)
  at org.gradle.api.internal.tasks.testing.worker.TestWorker.executeAndMaintainThreadName(TestWorker.java:126)
  at org.gradle.api.internal.tasks.testing.worker.TestWorker.execute(TestWorker.java:103)
  at org.gradle.api.internal.tasks.testing.worker.TestWorker.execute(TestWorker.java:63)
  at org.gradle.process.internal.worker.child.ActionExecutionWorker.execute(ActionExecutionWorker.java:56)
  at org.gradle.process.internal.worker.child.SystemApplicationClassLoaderWorker.call(SystemApplicationClassLoaderWorker.java:122)
  at org.gradle.process.internal.worker.child.SystemApplicationClassLoaderWorker.call(SystemApplicationClassLoaderWorker.java:72)
  at worker.org.gradle.process.internal.worker.GradleWorkerMain.run(GradleWorkerMain.java:69)
  at worker.org.gradle.process.internal.worker.GradleWorkerMain.main(GradleWorkerMain.java:74)
</stacktrace>
</test-failure>


TypeScriptCompilerTests_L[jvm] > letInVarDeclOfForOf_ES5_ts__target_es5__has expected errors matching baseline[jvm] FAILED

<test-failure test="com.xemantic.typescript.compiler.TypeScriptCompilerTests_L.letDeclarations-scopes-duplicates2_ts has expected errors matching letDeclarations-scopes-duplicates2_errors_txt" platform="jvm">
<message>
Expected diagnostics from baseline typescript-repo/tests/baselines/reference/letDeclarations-scopes-duplicates2.errors.txt but none produced
</message>
<stacktrace>
  at com.xemantic.typescript.compiler.TypeScriptTestSupportKt.errorsMatchBaseline(TypeScriptTestSupport.kt:125)
  at com.xemantic.typescript.compiler.TypeScriptCompilerTests_L.letDeclarations-scopes-duplicates2_ts has expected errors matching letDeclarations-scopes-duplicates2_errors_txt(TypeScriptCompilerTests_L.kt:336)
  at java.base/jdk.internal.reflect.DirectMethodHandleAccessor.invoke(DirectMethodHandleAccessor.java:104)
  at java.base/java.lang.reflect.Method.invoke(Method.java:565)
  at org.junit.runners.model.FrameworkMethod$1.runReflectiveCall(FrameworkMethod.java:59)
  at org.junit.internal.runners.model.ReflectiveCallable.run(ReflectiveCallable.java:12)
  at org.junit.runners.model.FrameworkMethod.invokeExplosively(FrameworkMethod.java:56)
  at org.junit.internal.runners.statements.InvokeMethod.evaluate(InvokeMethod.java:17)
  at org.junit.runners.ParentRunner$3.evaluate(ParentRunner.java:306)
  at org.junit.runners.BlockJUnit4ClassRunner$1.evaluate(BlockJUnit4ClassRunner.java:100)
  at org.junit.runners.ParentRunner.runLeaf(ParentRunner.java:366)
  at org.junit.runners.BlockJUnit4ClassRunner.runChild(BlockJUnit4ClassRunner.java:103)
  at org.junit.runners.BlockJUnit4ClassRunner.runChild(BlockJUnit4ClassRunner.java:63)
  at org.junit.runners.ParentRunner$4.run(ParentRunner.java:331)
  at org.junit.runners.ParentRunner$1.schedule(ParentRunner.java:79)
  at org.junit.runners.ParentRunner.runChildren(ParentRunner.java:329)
  at org.junit.runners.ParentRunner.access$100(ParentRunner.java:66)
  at org.junit.runners.ParentRunner$2.evaluate(ParentRunner.java:293)
  at org.junit.runners.ParentRunner$3.evaluate(ParentRunner.java:306)
  at org.junit.runners.ParentRunner.run(ParentRunner.java:413)
  at org.junit.runner.JUnitCore.run(JUnitCore.java:137)
  at org.junit.runner.JUnitCore.run(JUnitCore.java:115)
  at org.gradle.api.internal.tasks.testing.junit.JUnitTestExecutor.runRequest(JUnitTestExecutor.java:175)
  at org.gradle.api.internal.tasks.testing.junit.JUnitTestExecutor.accept(JUnitTestExecutor.java:84)
  at org.gradle.api.internal.tasks.testing.junit.JUnitTestExecutor.accept(JUnitTestExecutor.java:47)
  at org.gradle.api.internal.tasks.testing.junit.AbstractJUnitTestDefinitionProcessor.processTestDefinition(AbstractJUnitTestDefinitionProcessor.java:65)
  at org.gradle.api.internal.tasks.testing.SuiteTestDefinitionProcessor.processTestDefinition(SuiteTestDefinitionProcessor.java:54)
  at java.base/jdk.internal.reflect.DirectMethodHandleAccessor.invoke(DirectMethodHandleAccessor.java:104)
  at java.base/java.lang.reflect.Method.invoke(Method.java:565)
  at org.gradle.internal.dispatch.MethodInvocation.invokeOn(MethodInvocation.java:77)
  at org.gradle.internal.dispatch.ReflectionDispatch.dispatch(ReflectionDispatch.java:28)
  at org.gradle.internal.dispatch.ReflectionDispatch.dispatch(ReflectionDispatch.java:19)
  at org.gradle.internal.dispatch.ContextClassLoaderDispatch.dispatch(ContextClassLoaderDispatch.java:33)
  at org.gradle.internal.dispatch.ProxyDispatchAdapter$DispatchingInvocationHandler.invoke(ProxyDispatchAdapter.java:88)
  at jdk.proxy1/jdk.proxy1.$Proxy4.processTestDefinition(Unknown Source)
  at org.gradle.api.internal.tasks.testing.worker.TestWorker$2.run(TestWorker.java:178)
  at org.gradle.api.internal.tasks.testing.worker.TestWorker.executeAndMaintainThreadName(TestWorker.java:126)
  at org.gradle.api.internal.tasks.testing.worker.TestWorker.execute(TestWorker.java:103)
  at org.gradle.api.internal.tasks.testing.worker.TestWorker.execute(TestWorker.java:63)
  at org.gradle.process.internal.worker.child.ActionExecutionWorker.execute(ActionExecutionWorker.java:56)
  at org.gradle.process.internal.worker.child.SystemApplicationClassLoaderWorker.call(SystemApplicationClassLoaderWorker.java:122)
  at org.gradle.process.internal.worker.child.SystemApplicationClassLoaderWorker.call(SystemApplicationClassLoaderWorker.java:72)
  at worker.org.gradle.process.internal.worker.GradleWorkerMain.run(GradleWorkerMain.java:69)
  at worker.org.gradle.process.internal.worker.GradleWorkerMain.main(GradleWorkerMain.java:74)
</stacktrace>
</test-failure>


TypeScriptCompilerTests_L[jvm] > letDeclarations-scopes-duplicates2_ts has expected errors matching letDeclarations-scopes-duplicates2_errors_txt[jvm] FAILED

<test-failure test="com.xemantic.typescript.compiler.TypeScriptCompilerTests_L.largeControlFlowGraph_ts has expected errors matching largeControlFlowGraph_errors_txt" platform="jvm">
<message>
Expected diagnostics from baseline typescript-repo/tests/baselines/reference/largeControlFlowGraph.errors.txt but none produced
</message>
<stacktrace>
  at com.xemantic.typescript.compiler.TypeScriptTestSupportKt.errorsMatchBaseline(TypeScriptTestSupport.kt:125)
  at com.xemantic.typescript.compiler.TypeScriptCompilerTests_L.largeControlFlowGraph_ts has expected errors matching largeControlFlowGraph_errors_txt(TypeScriptCompilerTests_L.kt:84)
  at java.base/jdk.internal.reflect.DirectMethodHandleAccessor.invoke(DirectMethodHandleAccessor.java:104)
  at java.base/java.lang.reflect.Method.invoke(Method.java:565)
  at org.junit.runners.model.FrameworkMethod$1.runReflectiveCall(FrameworkMethod.java:59)
  at org.junit.internal.runners.model.ReflectiveCallable.run(ReflectiveCallable.java:12)
  at org.junit.runners.model.FrameworkMethod.invokeExplosively(FrameworkMethod.java:56)
  at org.junit.internal.runners.statements.InvokeMethod.evaluate(InvokeMethod.java:17)
  at org.junit.runners.ParentRunner$3.evaluate(ParentRunner.java:306)
  at org.junit.runners.BlockJUnit4ClassRunner$1.evaluate(BlockJUnit4ClassRunner.java:100)
  at org.junit.runners.ParentRunner.runLeaf(ParentRunner.java:366)
  at org.junit.runners.BlockJUnit4ClassRunner.runChild(BlockJUnit4ClassRunner.java:103)
  at org.junit.runners.BlockJUnit4ClassRunner.runChild(BlockJUnit4ClassRunner.java:63)
  at org.junit.runners.ParentRunner$4.run(ParentRunner.java:331)
  at org.junit.runners.ParentRunner$1.schedule(ParentRunner.java:79)
  at org.junit.runners.ParentRunner.runChildren(ParentRunner.java:329)
  at org.junit.runners.ParentRunner.access$100(ParentRunner.java:66)
  at org.junit.runners.ParentRunner$2.evaluate(ParentRunner.java:293)
  at org.junit.runners.ParentRunner$3.evaluate(ParentRunner.java:306)
  at org.junit.runners.ParentRunner.run(ParentRunner.java:413)
  at org.junit.runner.JUnitCore.run(JUnitCore.java:137)
  at org.junit.runner.JUnitCore.run(JUnitCore.java:115)
  at org.gradle.api.internal.tasks.testing.junit.JUnitTestExecutor.runRequest(JUnitTestExecutor.java:175)
  at org.gradle.api.internal.tasks.testing.junit.JUnitTestExecutor.accept(JUnitTestExecutor.java:84)
  at org.gradle.api.internal.tasks.testing.junit.JUnitTestExecutor.accept(JUnitTestExecutor.java:47)
  at org.gradle.api.internal.tasks.testing.junit.AbstractJUnitTestDefinitionProcessor.processTestDefinition(AbstractJUnitTestDefinitionProcessor.java:65)
  at org.gradle.api.internal.tasks.testing.SuiteTestDefinitionProcessor.processTestDefinition(SuiteTestDefinitionProcessor.java:54)
  at java.base/jdk.internal.reflect.DirectMethodHandleAccessor.invoke(DirectMethodHandleAccessor.java:104)
  at java.base/java.lang.reflect.Method.invoke(Method.java:565)
  at org.gradle.internal.dispatch.MethodInvocation.invokeOn(MethodInvocation.java:77)
  at org.gradle.internal.dispatch.ReflectionDispatch.dispatch(ReflectionDispatch.java:28)
  at org.gradle.internal.dispatch.ReflectionDispatch.dispatch(ReflectionDispatch.java:19)
  at org.gradle.internal.dispatch.ContextClassLoaderDispatch.dispatch(ContextClassLoaderDispatch.java:33)
  at org.gradle.internal.dispatch.ProxyDispatchAdapter$DispatchingInvocationHandler.invoke(ProxyDispatchAdapter.java:88)
  at jdk.proxy1/jdk.proxy1.$Proxy4.processTestDefinition(Unknown Source)
  at org.gradle.api.internal.tasks.testing.worker.TestWorker$2.run(TestWorker.java:178)
  at org.gradle.api.internal.tasks.testing.worker.TestWorker.executeAndMaintainThreadName(TestWorker.java:126)
  at org.gradle.api.internal.tasks.testing.worker.TestWorker.execute(TestWorker.java:103)
  at org.gradle.api.internal.tasks.testing.worker.TestWorker.execute(TestWorker.java:63)
  at org.gradle.process.internal.worker.child.ActionExecutionWorker.execute(ActionExecutionWorker.java:56)
  at org.gradle.process.internal.worker.child.SystemApplicationClassLoaderWorker.call(SystemApplicationClassLoaderWorker.java:122)
  at org.gradle.process.internal.worker.child.SystemApplicationClassLoaderWorker.call(SystemApplicationClassLoaderWorker.java:72)
  at worker.org.gradle.process.internal.worker.GradleWorkerMain.run(GradleWorkerMain.java:69)
  at worker.org.gradle.process.internal.worker.GradleWorkerMain.main(GradleWorkerMain.java:74)
</stacktrace>
</test-failure>


TypeScriptCompilerTests_L[jvm] > largeControlFlowGraph_ts has expected errors matching largeControlFlowGraph_errors_txt[jvm] FAILED

<test-failure test="com.xemantic.typescript.compiler.TypeScriptCompilerTests_L.letDeclarations-scopes-duplicates3_ts has expected errors matching letDeclarations-scopes-duplicates3_errors_txt" platform="jvm">
<message>
Expected diagnostics from baseline typescript-repo/tests/baselines/reference/letDeclarations-scopes-duplicates3.errors.txt but none produced
</message>
<stacktrace>
  at com.xemantic.typescript.compiler.TypeScriptTestSupportKt.errorsMatchBaseline(TypeScriptTestSupport.kt:125)
  at com.xemantic.typescript.compiler.TypeScriptCompilerTests_L.letDeclarations-scopes-duplicates3_ts has expected errors matching letDeclarations-scopes-duplicates3_errors_txt(TypeScriptCompilerTests_L.kt:350)
  at java.base/jdk.internal.reflect.DirectMethodHandleAccessor.invoke(DirectMethodHandleAccessor.java:104)
  at java.base/java.lang.reflect.Method.invoke(Method.java:565)
  at org.junit.runners.model.FrameworkMethod$1.runReflectiveCall(FrameworkMethod.java:59)
  at org.junit.internal.runners.model.ReflectiveCallable.run(ReflectiveCallable.java:12)
  at org.junit.runners.model.FrameworkMethod.invokeExplosively(FrameworkMethod.java:56)
  at org.junit.internal.runners.statements.InvokeMethod.evaluate(InvokeMethod.java:17)
  at org.junit.runners.ParentRunner$3.evaluate(ParentRunner.java:306)
  at org.junit.runners.BlockJUnit4ClassRunner$1.evaluate(BlockJUnit4ClassRunner.java:100)
  at org.junit.runners.ParentRunner.runLeaf(ParentRunner.java:366)
  at org.junit.runners.BlockJUnit4ClassRunner.runChild(BlockJUnit4ClassRunner.java:103)
  at org.junit.runners.BlockJUnit4ClassRunner.runChild(BlockJUnit4ClassRunner.java:63)
  at org.junit.runners.ParentRunner$4.run(ParentRunner.java:331)
  at org.junit.runners.ParentRunner$1.schedule(ParentRunner.java:79)
  at org.junit.runners.ParentRunner.runChildren(ParentRunner.java:329)
  at org.junit.runners.ParentRunner.access$100(ParentRunner.java:66)
  at org.junit.runners.ParentRunner$2.evaluate(ParentRunner.java:293)
  at org.junit.runners.ParentRunner$3.evaluate(ParentRunner.java:306)
  at org.junit.runners.ParentRunner.run(ParentRunner.java:413)
  at org.junit.runner.JUnitCore.run(JUnitCore.java:137)
  at org.junit.runner.JUnitCore.run(JUnitCore.java:115)
  at org.gradle.api.internal.tasks.testing.junit.JUnitTestExecutor.runRequest(JUnitTestExecutor.java:175)
  at org.gradle.api.internal.tasks.testing.junit.JUnitTestExecutor.accept(JUnitTestExecutor.java:84)
  at org.gradle.api.internal.tasks.testing.junit.JUnitTestExecutor.accept(JUnitTestExecutor.java:47)
  at org.gradle.api.internal.tasks.testing.junit.AbstractJUnitTestDefinitionProcessor.processTestDefinition(AbstractJUnitTestDefinitionProcessor.java:65)
  at org.gradle.api.internal.tasks.testing.SuiteTestDefinitionProcessor.processTestDefinition(SuiteTestDefinitionProcessor.java:54)
  at java.base/jdk.internal.reflect.DirectMethodHandleAccessor.invoke(DirectMethodHandleAccessor.java:104)
  at java.base/java.lang.reflect.Method.invoke(Method.java:565)
  at org.gradle.internal.dispatch.MethodInvocation.invokeOn(MethodInvocation.java:77)
  at org.gradle.internal.dispatch.ReflectionDispatch.dispatch(ReflectionDispatch.java:28)
  at org.gradle.internal.dispatch.ReflectionDispatch.dispatch(ReflectionDispatch.java:19)
  at org.gradle.internal.dispatch.ContextClassLoaderDispatch.dispatch(ContextClassLoaderDispatch.java:33)
  at org.gradle.internal.dispatch.ProxyDispatchAdapter$DispatchingInvocationHandler.invoke(ProxyDispatchAdapter.java:88)
  at jdk.proxy1/jdk.proxy1.$Proxy4.processTestDefinition(Unknown Source)
  at org.gradle.api.internal.tasks.testing.worker.TestWorker$2.run(TestWorker.java:178)
  at org.gradle.api.internal.tasks.testing.worker.TestWorker.executeAndMaintainThreadName(TestWorker.java:126)
  at org.gradle.api.internal.tasks.testing.worker.TestWorker.execute(TestWorker.java:103)
  at org.gradle.api.internal.tasks.testing.worker.TestWorker.execute(TestWorker.java:63)
  at org.gradle.process.internal.worker.child.ActionExecutionWorker.execute(ActionExecutionWorker.java:56)
  at org.gradle.process.internal.worker.child.SystemApplicationClassLoaderWorker.call(SystemApplicationClassLoaderWorker.java:122)
  at org.gradle.process.internal.worker.child.SystemApplicationClassLoaderWorker.call(SystemApplicationClassLoaderWorker.java:72)
  at worker.org.gradle.process.internal.worker.GradleWorkerMain.run(GradleWorkerMain.java:69)
  at worker.org.gradle.process.internal.worker.GradleWorkerMain.main(GradleWorkerMain.java:74)
</stacktrace>
</test-failure>


TypeScriptCompilerTests_L[jvm] > letDeclarations-scopes-duplicates3_ts has expected errors matching letDeclarations-scopes-duplicates3_errors_txt[jvm] FAILED

<test-failure test="com.xemantic.typescript.compiler.TypeScriptCompilerTests_L.literalFreshnessPropagationOnNarrowing_ts has expected errors matching literalFreshnessPropagationOnNarrowing_errors_txt" platform="jvm">
<message>
Expected diagnostics from baseline typescript-repo/tests/baselines/reference/literalFreshnessPropagationOnNarrowing.errors.txt but none produced
</message>
<stacktrace>
  at com.xemantic.typescript.compiler.TypeScriptTestSupportKt.errorsMatchBaseline(TypeScriptTestSupport.kt:125)
  at com.xemantic.typescript.compiler.TypeScriptCompilerTests_L.literalFreshnessPropagationOnNarrowing_ts has expected errors matching literalFreshnessPropagationOnNarrowing_errors_txt(TypeScriptCompilerTests_L.kt:868)
  at java.base/jdk.internal.reflect.DirectMethodHandleAccessor.invoke(DirectMethodHandleAccessor.java:104)
  at java.base/java.lang.reflect.Method.invoke(Method.java:565)
  at org.junit.runners.model.FrameworkMethod$1.runReflectiveCall(FrameworkMethod.java:59)
  at org.junit.internal.runners.model.ReflectiveCallable.run(ReflectiveCallable.java:12)
  at org.junit.runners.model.FrameworkMethod.invokeExplosively(FrameworkMethod.java:56)
  at org.junit.internal.runners.statements.InvokeMethod.evaluate(InvokeMethod.java:17)
  at org.junit.runners.ParentRunner$3.evaluate(ParentRunner.java:306)
  at org.junit.runners.BlockJUnit4ClassRunner$1.evaluate(BlockJUnit4ClassRunner.java:100)
  at org.junit.runners.ParentRunner.runLeaf(ParentRunner.java:366)
  at org.junit.runners.BlockJUnit4ClassRunner.runChild(BlockJUnit4ClassRunner.java:103)
  at org.junit.runners.BlockJUnit4ClassRunner.runChild(BlockJUnit4ClassRunner.java:63)
  at org.junit.runners.ParentRunner$4.run(ParentRunner.java:331)
  at org.junit.runners.ParentRunner$1.schedule(ParentRunner.java:79)
  at org.junit.runners.ParentRunner.runChildren(ParentRunner.java:329)
  at org.junit.runners.ParentRunner.access$100(ParentRunner.java:66)
  at org.junit.runners.ParentRunner$2.evaluate(ParentRunner.java:293)
  at org.junit.runners.ParentRunner$3.evaluate(ParentRunner.java:306)
  at org.junit.runners.ParentRunner.run(ParentRunner.java:413)
  at org.junit.runner.JUnitCore.run(JUnitCore.java:137)
  at org.junit.runner.JUnitCore.run(JUnitCore.java:115)
  at org.gradle.api.internal.tasks.testing.junit.JUnitTestExecutor.runRequest(JUnitTestExecutor.java:175)
  at org.gradle.api.internal.tasks.testing.junit.JUnitTestExecutor.accept(JUnitTestExecutor.java:84)
  at org.gradle.api.internal.tasks.testing.junit.JUnitTestExecutor.accept(JUnitTestExecutor.java:47)
  at org.gradle.api.internal.tasks.testing.junit.AbstractJUnitTestDefinitionProcessor.processTestDefinition(AbstractJUnitTestDefinitionProcessor.java:65)
  at org.gradle.api.internal.tasks.testing.SuiteTestDefinitionProcessor.processTestDefinition(SuiteTestDefinitionProcessor.java:54)
  at java.base/jdk.internal.reflect.DirectMethodHandleAccessor.invoke(DirectMethodHandleAccessor.java:104)
  at java.base/java.lang.reflect.Method.invoke(Method.java:565)
  at org.gradle.internal.dispatch.MethodInvocation.invokeOn(MethodInvocation.java:77)
  at org.gradle.internal.dispatch.ReflectionDispatch.dispatch(ReflectionDispatch.java:28)
  at org.gradle.internal.dispatch.ReflectionDispatch.dispatch(ReflectionDispatch.java:19)
  at org.gradle.internal.dispatch.ContextClassLoaderDispatch.dispatch(ContextClassLoaderDispatch.java:33)
  at org.gradle.internal.dispatch.ProxyDispatchAdapter$DispatchingInvocationHandler.invoke(ProxyDispatchAdapter.java:88)
  at jdk.proxy1/jdk.proxy1.$Proxy4.processTestDefinition(Unknown Source)
  at org.gradle.api.internal.tasks.testing.worker.TestWorker$2.run(TestWorker.java:178)
  at org.gradle.api.internal.tasks.testing.worker.TestWorker.executeAndMaintainThreadName(TestWorker.java:126)
  at org.gradle.api.internal.tasks.testing.worker.TestWorker.execute(TestWorker.java:103)
  at org.gradle.api.internal.tasks.testing.worker.TestWorker.execute(TestWorker.java:63)
  at org.gradle.process.internal.worker.child.ActionExecutionWorker.execute(ActionExecutionWorker.java:56)
  at org.gradle.process.internal.worker.child.SystemApplicationClassLoaderWorker.call(SystemApplicationClassLoaderWorker.java:122)
  at org.gradle.process.internal.worker.child.SystemApplicationClassLoaderWorker.call(SystemApplicationClassLoaderWorker.java:72)
  at worker.org.gradle.process.internal.worker.GradleWorkerMain.run(GradleWorkerMain.java:69)
  at worker.org.gradle.process.internal.worker.GradleWorkerMain.main(GradleWorkerMain.java:74)
</stacktrace>
</test-failure>


TypeScriptCompilerTests_L[jvm] > literalFreshnessPropagationOnNarrowing_ts has expected errors matching literalFreshnessPropagationOnNarrowing_errors_txt[jvm] FAILED

<test-failure test="com.xemantic.typescript.compiler.TypeScriptCompilerTests_L.letDeclarations-scopes-duplicates4_ts has expected errors matching letDeclarations-scopes-duplicates4_errors_txt" platform="jvm">
<message>
Expected diagnostics from baseline typescript-repo/tests/baselines/reference/letDeclarations-scopes-duplicates4.errors.txt but none produced
</message>
<stacktrace>
  at com.xemantic.typescript.compiler.TypeScriptTestSupportKt.errorsMatchBaseline(TypeScriptTestSupport.kt:125)
  at com.xemantic.typescript.compiler.TypeScriptCompilerTests_L.letDeclarations-scopes-duplicates4_ts has expected errors matching letDeclarations-scopes-duplicates4_errors_txt(TypeScriptCompilerTests_L.kt:364)
  at java.base/jdk.internal.reflect.DirectMethodHandleAccessor.invoke(DirectMethodHandleAccessor.java:104)
  at java.base/java.lang.reflect.Method.invoke(Method.java:565)
  at org.junit.runners.model.FrameworkMethod$1.runReflectiveCall(FrameworkMethod.java:59)
  at org.junit.internal.runners.model.ReflectiveCallable.run(ReflectiveCallable.java:12)
  at org.junit.runners.model.FrameworkMethod.invokeExplosively(FrameworkMethod.java:56)
  at org.junit.internal.runners.statements.InvokeMethod.evaluate(InvokeMethod.java:17)
  at org.junit.runners.ParentRunner$3.evaluate(ParentRunner.java:306)
  at org.junit.runners.BlockJUnit4ClassRunner$1.evaluate(BlockJUnit4ClassRunner.java:100)
  at org.junit.runners.ParentRunner.runLeaf(ParentRunner.java:366)
  at org.junit.runners.BlockJUnit4ClassRunner.runChild(BlockJUnit4ClassRunner.java:103)
  at org.junit.runners.BlockJUnit4ClassRunner.runChild(BlockJUnit4ClassRunner.java:63)
  at org.junit.runners.ParentRunner$4.run(ParentRunner.java:331)
  at org.junit.runners.ParentRunner$1.schedule(ParentRunner.java:79)
  at org.junit.runners.ParentRunner.runChildren(ParentRunner.java:329)
  at org.junit.runners.ParentRunner.access$100(ParentRunner.java:66)
  at org.junit.runners.ParentRunner$2.evaluate(ParentRunner.java:293)
  at org.junit.runners.ParentRunner$3.evaluate(ParentRunner.java:306)
  at org.junit.runners.ParentRunner.run(ParentRunner.java:413)
  at org.junit.runner.JUnitCore.run(JUnitCore.java:137)
  at org.junit.runner.JUnitCore.run(JUnitCore.java:115)
  at org.gradle.api.internal.tasks.testing.junit.JUnitTestExecutor.runRequest(JUnitTestExecutor.java:175)
  at org.gradle.api.internal.tasks.testing.junit.JUnitTestExecutor.accept(JUnitTestExecutor.java:84)
  at org.gradle.api.internal.tasks.testing.junit.JUnitTestExecutor.accept(JUnitTestExecutor.java:47)
  at org.gradle.api.internal.tasks.testing.junit.AbstractJUnitTestDefinitionProcessor.processTestDefinition(AbstractJUnitTestDefinitionProcessor.java:65)
  at org.gradle.api.internal.tasks.testing.SuiteTestDefinitionProcessor.processTestDefinition(SuiteTestDefinitionProcessor.java:54)
  at java.base/jdk.internal.reflect.DirectMethodHandleAccessor.invoke(DirectMethodHandleAccessor.java:104)
  at java.base/java.lang.reflect.Method.invoke(Method.java:565)
  at org.gradle.internal.dispatch.MethodInvocation.invokeOn(MethodInvocation.java:77)
  at org.gradle.internal.dispatch.ReflectionDispatch.dispatch(ReflectionDispatch.java:28)
  at org.gradle.internal.dispatch.ReflectionDispatch.dispatch(ReflectionDispatch.java:19)
  at org.gradle.internal.dispatch.ContextClassLoaderDispatch.dispatch(ContextClassLoaderDispatch.java:33)
  at org.gradle.internal.dispatch.ProxyDispatchAdapter$DispatchingInvocationHandler.invoke(ProxyDispatchAdapter.java:88)
  at jdk.proxy1/jdk.proxy1.$Proxy4.processTestDefinition(Unknown Source)
  at org.gradle.api.internal.tasks.testing.worker.TestWorker$2.run(TestWorker.java:178)
  at org.gradle.api.internal.tasks.testing.worker.TestWorker.executeAndMaintainThreadName(TestWorker.java:126)
  at org.gradle.api.internal.tasks.testing.worker.TestWorker.execute(TestWorker.java:103)
  at org.gradle.api.internal.tasks.testing.worker.TestWorker.execute(TestWorker.java:63)
  at org.gradle.process.internal.worker.child.ActionExecutionWorker.execute(ActionExecutionWorker.java:56)
  at org.gradle.process.internal.worker.child.SystemApplicationClassLoaderWorker.call(SystemApplicationClassLoaderWorker.java:122)
  at org.gradle.process.internal.worker.child.SystemApplicationClassLoaderWorker.call(SystemApplicationClassLoaderWorker.java:72)
  at worker.org.gradle.process.internal.worker.GradleWorkerMain.run(GradleWorkerMain.java:69)
  at worker.org.gradle.process.internal.worker.GradleWorkerMain.main(GradleWorkerMain.java:74)
</stacktrace>
</test-failure>


TypeScriptCompilerTests_L[jvm] > letDeclarations-scopes-duplicates4_ts has expected errors matching letDeclarations-scopes-duplicates4_errors_txt[jvm] FAILED

<test-failure test="com.xemantic.typescript.compiler.TypeScriptCompilerTests_L.literalsInComputedProperties1_ts has expected errors matching literalsInComputedProperties1_errors_txt" platform="jvm">
<message>
Expected diagnostics from baseline typescript-repo/tests/baselines/reference/literalsInComputedProperties1.errors.txt but none produced
</message>
<stacktrace>
  at com.xemantic.typescript.compiler.TypeScriptTestSupportKt.errorsMatchBaseline(TypeScriptTestSupport.kt:125)
  at com.xemantic.typescript.compiler.TypeScriptCompilerTests_L.literalsInComputedProperties1_ts has expected errors matching literalsInComputedProperties1_errors_txt(TypeScriptCompilerTests_L.kt:924)
  at java.base/jdk.internal.reflect.DirectMethodHandleAccessor.invoke(DirectMethodHandleAccessor.java:104)
  at java.base/java.lang.reflect.Method.invoke(Method.java:565)
  at org.junit.runners.model.FrameworkMethod$1.runReflectiveCall(FrameworkMethod.java:59)
  at org.junit.internal.runners.model.ReflectiveCallable.run(ReflectiveCallable.java:12)
  at org.junit.runners.model.FrameworkMethod.invokeExplosively(FrameworkMethod.java:56)
  at org.junit.internal.runners.statements.InvokeMethod.evaluate(InvokeMethod.java:17)
  at org.junit.runners.ParentRunner$3.evaluate(ParentRunner.java:306)
  at org.junit.runners.BlockJUnit4ClassRunner$1.evaluate(BlockJUnit4ClassRunner.java:100)
  at org.junit.runners.ParentRunner.runLeaf(ParentRunner.java:366)
  at org.junit.runners.BlockJUnit4ClassRunner.runChild(BlockJUnit4ClassRunner.java:103)
  at org.junit.runners.BlockJUnit4ClassRunner.runChild(BlockJUnit4ClassRunner.java:63)
  at org.junit.runners.ParentRunner$4.run(ParentRunner.java:331)
  at org.junit.runners.ParentRunner$1.schedule(ParentRunner.java:79)
  at org.junit.runners.ParentRunner.runChildren(ParentRunner.java:329)
  at org.junit.runners.ParentRunner.access$100(ParentRunner.java:66)
  at org.junit.runners.ParentRunner$2.evaluate(ParentRunner.java:293)
  at org.junit.runners.ParentRunner$3.evaluate(ParentRunner.java:306)
  at org.junit.runners.ParentRunner.run(ParentRunner.java:413)
  at org.junit.runner.JUnitCore.run(JUnitCore.java:137)
  at org.junit.runner.JUnitCore.run(JUnitCore.java:115)
  at org.gradle.api.internal.tasks.testing.junit.JUnitTestExecutor.runRequest(JUnitTestExecutor.java:175)
  at org.gradle.api.internal.tasks.testing.junit.JUnitTestExecutor.accept(JUnitTestExecutor.java:84)
  at org.gradle.api.internal.tasks.testing.junit.JUnitTestExecutor.accept(JUnitTestExecutor.java:47)
  at org.gradle.api.internal.tasks.testing.junit.AbstractJUnitTestDefinitionProcessor.processTestDefinition(AbstractJUnitTestDefinitionProcessor.java:65)
  at org.gradle.api.internal.tasks.testing.SuiteTestDefinitionProcessor.processTestDefinition(SuiteTestDefinitionProcessor.java:54)
  at java.base/jdk.internal.reflect.DirectMethodHandleAccessor.invoke(DirectMethodHandleAccessor.java:104)
  at java.base/java.lang.reflect.Method.invoke(Method.java:565)
  at org.gradle.internal.dispatch.MethodInvocation.invokeOn(MethodInvocation.java:77)
  at org.gradle.internal.dispatch.ReflectionDispatch.dispatch(ReflectionDispatch.java:28)
  at org.gradle.internal.dispatch.ReflectionDispatch.dispatch(ReflectionDispatch.java:19)
  at org.gradle.internal.dispatch.ContextClassLoaderDispatch.dispatch(ContextClassLoaderDispatch.java:33)
  at org.gradle.internal.dispatch.ProxyDispatchAdapter$DispatchingInvocationHandler.invoke(ProxyDispatchAdapter.java:88)
  at jdk.proxy1/jdk.proxy1.$Proxy4.processTestDefinition(Unknown Source)
  at org.gradle.api.internal.tasks.testing.worker.TestWorker$2.run(TestWorker.java:178)
  at org.gradle.api.internal.tasks.testing.worker.TestWorker.executeAndMaintainThreadName(TestWorker.java:126)
  at org.gradle.api.internal.tasks.testing.worker.TestWorker.execute(TestWorker.java:103)
  at org.gradle.api.internal.tasks.testing.worker.TestWorker.execute(TestWorker.java:63)
  at org.gradle.process.internal.worker.child.ActionExecutionWorker.execute(ActionExecutionWorker.java:56)
  at org.gradle.process.internal.worker.child.SystemApplicationClassLoaderWorker.call(SystemApplicationClassLoaderWorker.java:122)
  at org.gradle.process.internal.worker.child.SystemApplicationClassLoaderWorker.call(SystemApplicationClassLoaderWorker.java:72)
  at worker.org.gradle.process.internal.worker.GradleWorkerMain.run(GradleWorkerMain.java:69)
  at worker.org.gradle.process.internal.worker.GradleWorkerMain.main(GradleWorkerMain.java:74)
</stacktrace>
</test-failure>


TypeScriptCompilerTests_L[jvm] > literalsInComputedProperties1_ts has expected errors matching literalsInComputedProperties1_errors_txt[jvm] FAILED

<test-failure test="com.xemantic.typescript.compiler.TypeScriptCompilerTests_L.libTypeScriptSubfileResolvingConfig_ts has expected errors matching libTypeScriptSubfileResolvingConfig_errors_txt" platform="jvm">
<message>
Expected diagnostics from baseline typescript-repo/tests/baselines/reference/libTypeScriptSubfileResolvingConfig.errors.txt but none produced
</message>
<stacktrace>
  at com.xemantic.typescript.compiler.TypeScriptTestSupportKt.errorsMatchBaseline(TypeScriptTestSupport.kt:125)
  at com.xemantic.typescript.compiler.TypeScriptCompilerTests_L.libTypeScriptSubfileResolvingConfig_ts has expected errors matching libTypeScriptSubfileResolvingConfig_errors_txt(TypeScriptCompilerTests_L.kt:763)
  at java.base/jdk.internal.reflect.DirectMethodHandleAccessor.invoke(DirectMethodHandleAccessor.java:104)
  at java.base/java.lang.reflect.Method.invoke(Method.java:565)
  at org.junit.runners.model.FrameworkMethod$1.runReflectiveCall(FrameworkMethod.java:59)
  at org.junit.internal.runners.model.ReflectiveCallable.run(ReflectiveCallable.java:12)
  at org.junit.runners.model.FrameworkMethod.invokeExplosively(FrameworkMethod.java:56)
  at org.junit.internal.runners.statements.InvokeMethod.evaluate(InvokeMethod.java:17)
  at org.junit.runners.ParentRunner$3.evaluate(ParentRunner.java:306)
  at org.junit.runners.BlockJUnit4ClassRunner$1.evaluate(BlockJUnit4ClassRunner.java:100)
  at org.junit.runners.ParentRunner.runLeaf(ParentRunner.java:366)
  at org.junit.runners.BlockJUnit4ClassRunner.runChild(BlockJUnit4ClassRunner.java:103)
  at org.junit.runners.BlockJUnit4ClassRunner.runChild(BlockJUnit4ClassRunner.java:63)
  at org.junit.runners.ParentRunner$4.run(ParentRunner.java:331)
  at org.junit.runners.ParentRunner$1.schedule(ParentRunner.java:79)
  at org.junit.runners.ParentRunner.runChildren(ParentRunner.java:329)
  at org.junit.runners.ParentRunner.access$100(ParentRunner.java:66)
  at org.junit.runners.ParentRunner$2.evaluate(ParentRunner.java:293)
  at org.junit.runners.ParentRunner$3.evaluate(ParentRunner.java:306)
  at org.junit.runners.ParentRunner.run(ParentRunner.java:413)
  at org.junit.runner.JUnitCore.run(JUnitCore.java:137)
  at org.junit.runner.JUnitCore.run(JUnitCore.java:115)
  at org.gradle.api.internal.tasks.testing.junit.JUnitTestExecutor.runRequest(JUnitTestExecutor.java:175)
  at org.gradle.api.internal.tasks.testing.junit.JUnitTestExecutor.accept(JUnitTestExecutor.java:84)
  at org.gradle.api.internal.tasks.testing.junit.JUnitTestExecutor.accept(JUnitTestExecutor.java:47)
  at org.gradle.api.internal.tasks.testing.junit.AbstractJUnitTestDefinitionProcessor.processTestDefinition(AbstractJUnitTestDefinitionProcessor.java:65)
  at org.gradle.api.internal.tasks.testing.SuiteTestDefinitionProcessor.processTestDefinition(SuiteTestDefinitionProcessor.java:54)
  at java.base/jdk.internal.reflect.DirectMethodHandleAccessor.invoke(DirectMethodHandleAccessor.java:104)
  at java.base/java.lang.reflect.Method.invoke(Method.java:565)
  at org.gradle.internal.dispatch.MethodInvocation.invokeOn(MethodInvocation.java:77)
  at org.gradle.internal.dispatch.ReflectionDispatch.dispatch(ReflectionDispatch.java:28)
  at org.gradle.internal.dispatch.ReflectionDispatch.dispatch(ReflectionDispatch.java:19)
  at org.gradle.internal.dispatch.ContextClassLoaderDispatch.dispatch(ContextClassLoaderDispatch.java:33)
  at org.gradle.internal.dispatch.ProxyDispatchAdapter$DispatchingInvocationHandler.invoke(ProxyDispatchAdapter.java:88)
  at jdk.proxy1/jdk.proxy1.$Proxy4.processTestDefinition(Unknown Source)
  at org.gradle.api.internal.tasks.testing.worker.TestWorker$2.run(TestWorker.java:178)
  at org.gradle.api.internal.tasks.testing.worker.TestWorker.executeAndMaintainThreadName(TestWorker.java:126)
  at org.gradle.api.internal.tasks.testing.worker.TestWorker.execute(TestWorker.java:103)
  at org.gradle.api.internal.tasks.testing.worker.TestWorker.execute(TestWorker.java:63)
  at org.gradle.process.internal.worker.child.ActionExecutionWorker.execute(ActionExecutionWorker.java:56)
  at org.gradle.process.internal.worker.child.SystemApplicationClassLoaderWorker.call(SystemApplicationClassLoaderWorker.java:122)
  at org.gradle.process.internal.worker.child.SystemApplicationClassLoaderWorker.call(SystemApplicationClassLoaderWorker.java:72)
  at worker.org.gradle.process.internal.worker.GradleWorkerMain.run(GradleWorkerMain.java:69)
  at worker.org.gradle.process.internal.worker.GradleWorkerMain.main(GradleWorkerMain.java:74)
</stacktrace>
</test-failure>


TypeScriptCompilerTests_L[jvm] > libTypeScriptSubfileResolvingConfig_ts has expected errors matching libTypeScriptSubfileResolvingConfig_errors_txt[jvm] FAILED

<test-failure test="com.xemantic.typescript.compiler.TypeScriptCompilerTests_L.letDeclarations-scopes-duplicates5_ts has expected errors matching letDeclarations-scopes-duplicates5_errors_txt" platform="jvm">
<message>
Expected diagnostics from baseline typescript-repo/tests/baselines/reference/letDeclarations-scopes-duplicates5.errors.txt but none produced
</message>
<stacktrace>
  at com.xemantic.typescript.compiler.TypeScriptTestSupportKt.errorsMatchBaseline(TypeScriptTestSupport.kt:125)
  at com.xemantic.typescript.compiler.TypeScriptCompilerTests_L.letDeclarations-scopes-duplicates5_ts has expected errors matching letDeclarations-scopes-duplicates5_errors_txt(TypeScriptCompilerTests_L.kt:378)
  at java.base/jdk.internal.reflect.DirectMethodHandleAccessor.invoke(DirectMethodHandleAccessor.java:104)
  at java.base/java.lang.reflect.Method.invoke(Method.java:565)
  at org.junit.runners.model.FrameworkMethod$1.runReflectiveCall(FrameworkMethod.java:59)
  at org.junit.internal.runners.model.ReflectiveCallable.run(ReflectiveCallable.java:12)
  at org.junit.runners.model.FrameworkMethod.invokeExplosively(FrameworkMethod.java:56)
  at org.junit.internal.runners.statements.InvokeMethod.evaluate(InvokeMethod.java:17)
  at org.junit.runners.ParentRunner$3.evaluate(ParentRunner.java:306)
  at org.junit.runners.BlockJUnit4ClassRunner$1.evaluate(BlockJUnit4ClassRunner.java:100)
  at org.junit.runners.ParentRunner.runLeaf(ParentRunner.java:366)
  at org.junit.runners.BlockJUnit4ClassRunner.runChild(BlockJUnit4ClassRunner.java:103)
  at org.junit.runners.BlockJUnit4ClassRunner.runChild(BlockJUnit4ClassRunner.java:63)
  at org.junit.runners.ParentRunner$4.run(ParentRunner.java:331)
  at org.junit.runners.ParentRunner$1.schedule(ParentRunner.java:79)
  at org.junit.runners.ParentRunner.runChildren(ParentRunner.java:329)
  at org.junit.runners.ParentRunner.access$100(ParentRunner.java:66)
  at org.junit.runners.ParentRunner$2.evaluate(ParentRunner.java:293)
  at org.junit.runners.ParentRunner$3.evaluate(ParentRunner.java:306)
  at org.junit.runners.ParentRunner.run(ParentRunner.java:413)
  at org.junit.runner.JUnitCore.run(JUnitCore.java:137)
  at org.junit.runner.JUnitCore.run(JUnitCore.java:115)
  at org.gradle.api.internal.tasks.testing.junit.JUnitTestExecutor.runRequest(JUnitTestExecutor.java:175)
  at org.gradle.api.internal.tasks.testing.junit.JUnitTestExecutor.accept(JUnitTestExecutor.java:84)
  at org.gradle.api.internal.tasks.testing.junit.JUnitTestExecutor.accept(JUnitTestExecutor.java:47)
  at org.gradle.api.internal.tasks.testing.junit.AbstractJUnitTestDefinitionProcessor.processTestDefinition(AbstractJUnitTestDefinitionProcessor.java:65)
  at org.gradle.api.internal.tasks.testing.SuiteTestDefinitionProcessor.processTestDefinition(SuiteTestDefinitionProcessor.java:54)
  at java.base/jdk.internal.reflect.DirectMethodHandleAccessor.invoke(DirectMethodHandleAccessor.java:104)
  at java.base/java.lang.reflect.Method.invoke(Method.java:565)
  at org.gradle.internal.dispatch.MethodInvocation.invokeOn(MethodInvocation.java:77)
  at org.gradle.internal.dispatch.ReflectionDispatch.dispatch(ReflectionDispatch.java:28)
  at org.gradle.internal.dispatch.ReflectionDispatch.dispatch(ReflectionDispatch.java:19)
  at org.gradle.internal.dispatch.ContextClassLoaderDispatch.dispatch(ContextClassLoaderDispatch.java:33)
  at org.gradle.internal.dispatch.ProxyDispatchAdapter$DispatchingInvocationHandler.invoke(ProxyDispatchAdapter.java:88)
  at jdk.proxy1/jdk.proxy1.$Proxy4.processTestDefinition(Unknown Source)
  at org.gradle.api.internal.tasks.testing.worker.TestWorker$2.run(TestWorker.java:178)
  at org.gradle.api.internal.tasks.testing.worker.TestWorker.executeAndMaintainThreadName(TestWorker.java:126)
  at org.gradle.api.internal.tasks.testing.worker.TestWorker.execute(TestWorker.java:103)
  at org.gradle.api.internal.tasks.testing.worker.TestWorker.execute(TestWorker.java:63)
  at org.gradle.process.internal.worker.child.ActionExecutionWorker.execute(ActionExecutionWorker.java:56)
  at org.gradle.process.internal.worker.child.SystemApplicationClassLoaderWorker.call(SystemApplicationClassLoaderWorker.java:122)
  at org.gradle.process.internal.worker.child.SystemApplicationClassLoaderWorker.call(SystemApplicationClassLoaderWorker.java:72)
  at worker.org.gradle.process.internal.worker.GradleWorkerMain.run(GradleWorkerMain.java:69)
  at worker.org.gradle.process.internal.worker.GradleWorkerMain.main(GradleWorkerMain.java:74)
</stacktrace>
</test-failure>


TypeScriptCompilerTests_L[jvm] > letDeclarations-scopes-duplicates5_ts has expected errors matching letDeclarations-scopes-duplicates5_errors_txt[jvm] FAILED

<test-failure test="com.xemantic.typescript.compiler.TypeScriptCompilerTests_L.lateBoundDestructuringImplicitAnyError_ts has expected errors matching lateBoundDestructuringImplicitAnyError_errors_txt" platform="jvm">
<message>
Expected diagnostics from baseline typescript-repo/tests/baselines/reference/lateBoundDestructuringImplicitAnyError.errors.txt but none produced
</message>
<stacktrace>
  at com.xemantic.typescript.compiler.TypeScriptTestSupportKt.errorsMatchBaseline(TypeScriptTestSupport.kt:125)
  at com.xemantic.typescript.compiler.TypeScriptCompilerTests_L.lateBoundDestructuringImplicitAnyError_ts has expected errors matching lateBoundDestructuringImplicitAnyError_errors_txt(TypeScriptCompilerTests_L.kt:154)
  at java.base/jdk.internal.reflect.DirectMethodHandleAccessor.invoke(DirectMethodHandleAccessor.java:104)
  at java.base/java.lang.reflect.Method.invoke(Method.java:565)
  at org.junit.runners.model.FrameworkMethod$1.runReflectiveCall(FrameworkMethod.java:59)
  at org.junit.internal.runners.model.ReflectiveCallable.run(ReflectiveCallable.java:12)
  at org.junit.runners.model.FrameworkMethod.invokeExplosively(FrameworkMethod.java:56)
  at org.junit.internal.runners.statements.InvokeMethod.evaluate(InvokeMethod.java:17)
  at org.junit.runners.ParentRunner$3.evaluate(ParentRunner.java:306)
  at org.junit.runners.BlockJUnit4ClassRunner$1.evaluate(BlockJUnit4ClassRunner.java:100)
  at org.junit.runners.ParentRunner.runLeaf(ParentRunner.java:366)
  at org.junit.runners.BlockJUnit4ClassRunner.runChild(BlockJUnit4ClassRunner.java:103)
  at org.junit.runners.BlockJUnit4ClassRunner.runChild(BlockJUnit4ClassRunner.java:63)
  at org.junit.runners.ParentRunner$4.run(ParentRunner.java:331)
  at org.junit.runners.ParentRunner$1.schedule(ParentRunner.java:79)
  at org.junit.runners.ParentRunner.runChildren(ParentRunner.java:329)
  at org.junit.runners.ParentRunner.access$100(ParentRunner.java:66)
  at org.junit.runners.ParentRunner$2.evaluate(ParentRunner.java:293)
  at org.junit.runners.ParentRunner$3.evaluate(ParentRunner.java:306)
  at org.junit.runners.ParentRunner.run(ParentRunner.java:413)
  at org.junit.runner.JUnitCore.run(JUnitCore.java:137)
  at org.junit.runner.JUnitCore.run(JUnitCore.java:115)
  at org.gradle.api.internal.tasks.testing.junit.JUnitTestExecutor.runRequest(JUnitTestExecutor.java:175)
  at org.gradle.api.internal.tasks.testing.junit.JUnitTestExecutor.accept(JUnitTestExecutor.java:84)
  at org.gradle.api.internal.tasks.testing.junit.JUnitTestExecutor.accept(JUnitTestExecutor.java:47)
  at org.gradle.api.internal.tasks.testing.junit.AbstractJUnitTestDefinitionProcessor.processTestDefinition(AbstractJUnitTestDefinitionProcessor.java:65)
  at org.gradle.api.internal.tasks.testing.SuiteTestDefinitionProcessor.processTestDefinition(SuiteTestDefinitionProcessor.java:54)
  at java.base/jdk.internal.reflect.DirectMethodHandleAccessor.invoke(DirectMethodHandleAccessor.java:104)
  at java.base/java.lang.reflect.Method.invoke(Method.java:565)
  at org.gradle.internal.dispatch.MethodInvocation.invokeOn(MethodInvocation.java:77)
  at org.gradle.internal.dispatch.ReflectionDispatch.dispatch(ReflectionDispatch.java:28)
  at org.gradle.internal.dispatch.ReflectionDispatch.dispatch(ReflectionDispatch.java:19)
  at org.gradle.internal.dispatch.ContextClassLoaderDispatch.dispatch(ContextClassLoaderDispatch.java:33)
  at org.gradle.internal.dispatch.ProxyDispatchAdapter$DispatchingInvocationHandler.invoke(ProxyDispatchAdapter.java:88)
  at jdk.proxy1/jdk.proxy1.$Proxy4.processTestDefinition(Unknown Source)
  at org.gradle.api.internal.tasks.testing.worker.TestWorker$2.run(TestWorker.java:178)
  at org.gradle.api.internal.tasks.testing.worker.TestWorker.executeAndMaintainThreadName(TestWorker.java:126)
  at org.gradle.api.internal.tasks.testing.worker.TestWorker.execute(TestWorker.java:103)
  at org.gradle.api.internal.tasks.testing.worker.TestWorker.execute(TestWorker.java:63)
  at org.gradle.process.internal.worker.child.ActionExecutionWorker.execute(ActionExecutionWorker.java:56)
  at org.gradle.process.internal.worker.child.SystemApplicationClassLoaderWorker.call(SystemApplicationClassLoaderWorker.java:122)
  at org.gradle.process.internal.worker.child.SystemApplicationClassLoaderWorker.call(SystemApplicationClassLoaderWorker.java:72)
  at worker.org.gradle.process.internal.worker.GradleWorkerMain.run(GradleWorkerMain.java:69)
  at worker.org.gradle.process.internal.worker.GradleWorkerMain.main(GradleWorkerMain.java:74)
</stacktrace>
</test-failure>


TypeScriptCompilerTests_L[jvm] > lateBoundDestructuringImplicitAnyError_ts has expected errors matching lateBoundDestructuringImplicitAnyError_errors_txt[jvm] FAILED

<test-failure test="com.xemantic.typescript.compiler.TypeScriptCompilerTests_L.letDeclarations-scopes-duplicates6_ts has expected errors matching letDeclarations-scopes-duplicates6_errors_txt" platform="jvm">
<message>
Expected diagnostics from baseline typescript-repo/tests/baselines/reference/letDeclarations-scopes-duplicates6.errors.txt but none produced
</message>
<stacktrace>
  at com.xemantic.typescript.compiler.TypeScriptTestSupportKt.errorsMatchBaseline(TypeScriptTestSupport.kt:125)
  at com.xemantic.typescript.compiler.TypeScriptCompilerTests_L.letDeclarations-scopes-duplicates6_ts has expected errors matching letDeclarations-scopes-duplicates6_errors_txt(TypeScriptCompilerTests_L.kt:392)
  at java.base/jdk.internal.reflect.DirectMethodHandleAccessor.invoke(DirectMethodHandleAccessor.java:104)
  at java.base/java.lang.reflect.Method.invoke(Method.java:565)
  at org.junit.runners.model.FrameworkMethod$1.runReflectiveCall(FrameworkMethod.java:59)
  at org.junit.internal.runners.model.ReflectiveCallable.run(ReflectiveCallable.java:12)
  at org.junit.runners.model.FrameworkMethod.invokeExplosively(FrameworkMethod.java:56)
  at org.junit.internal.runners.statements.InvokeMethod.evaluate(InvokeMethod.java:17)
  at org.junit.runners.ParentRunner$3.evaluate(ParentRunner.java:306)
  at org.junit.runners.BlockJUnit4ClassRunner$1.evaluate(BlockJUnit4ClassRunner.java:100)
  at org.junit.runners.ParentRunner.runLeaf(ParentRunner.java:366)
  at org.junit.runners.BlockJUnit4ClassRunner.runChild(BlockJUnit4ClassRunner.java:103)
  at org.junit.runners.BlockJUnit4ClassRunner.runChild(BlockJUnit4ClassRunner.java:63)
  at org.junit.runners.ParentRunner$4.run(ParentRunner.java:331)
  at org.junit.runners.ParentRunner$1.schedule(ParentRunner.java:79)
  at org.junit.runners.ParentRunner.runChildren(ParentRunner.java:329)
  at org.junit.runners.ParentRunner.access$100(ParentRunner.java:66)
  at org.junit.runners.ParentRunner$2.evaluate(ParentRunner.java:293)
  at org.junit.runners.ParentRunner$3.evaluate(ParentRunner.java:306)
  at org.junit.runners.ParentRunner.run(ParentRunner.java:413)
  at org.junit.runner.JUnitCore.run(JUnitCore.java:137)
  at org.junit.runner.JUnitCore.run(JUnitCore.java:115)
  at org.gradle.api.internal.tasks.testing.junit.JUnitTestExecutor.runRequest(JUnitTestExecutor.java:175)
  at org.gradle.api.internal.tasks.testing.junit.JUnitTestExecutor.accept(JUnitTestExecutor.java:84)
  at org.gradle.api.internal.tasks.testing.junit.JUnitTestExecutor.accept(JUnitTestExecutor.java:47)
  at org.gradle.api.internal.tasks.testing.junit.AbstractJUnitTestDefinitionProcessor.processTestDefinition(AbstractJUnitTestDefinitionProcessor.java:65)
  at org.gradle.api.internal.tasks.testing.SuiteTestDefinitionProcessor.processTestDefinition(SuiteTestDefinitionProcessor.java:54)
  at java.base/jdk.internal.reflect.DirectMethodHandleAccessor.invoke(DirectMethodHandleAccessor.java:104)
  at java.base/java.lang.reflect.Method.invoke(Method.java:565)
  at org.gradle.internal.dispatch.MethodInvocation.invokeOn(MethodInvocation.java:77)
  at org.gradle.internal.dispatch.ReflectionDispatch.dispatch(ReflectionDispatch.java:28)
  at org.gradle.internal.dispatch.ReflectionDispatch.dispatch(ReflectionDispatch.java:19)
  at org.gradle.internal.dispatch.ContextClassLoaderDispatch.dispatch(ContextClassLoaderDispatch.java:33)
  at org.gradle.internal.dispatch.ProxyDispatchAdapter$DispatchingInvocationHandler.invoke(ProxyDispatchAdapter.java:88)
  at jdk.proxy1/jdk.proxy1.$Proxy4.processTestDefinition(Unknown Source)
  at org.gradle.api.internal.tasks.testing.worker.TestWorker$2.run(TestWorker.java:178)
  at org.gradle.api.internal.tasks.testing.worker.TestWorker.executeAndMaintainThreadName(TestWorker.java:126)
  at org.gradle.api.internal.tasks.testing.worker.TestWorker.execute(TestWorker.java:103)
  at org.gradle.api.internal.tasks.testing.worker.TestWorker.execute(TestWorker.java:63)
  at org.gradle.process.internal.worker.child.ActionExecutionWorker.execute(ActionExecutionWorker.java:56)
  at org.gradle.process.internal.worker.child.SystemApplicationClassLoaderWorker.call(SystemApplicationClassLoaderWorker.java:122)
  at org.gradle.process.internal.worker.child.SystemApplicationClassLoaderWorker.call(SystemApplicationClassLoaderWorker.java:72)
  at worker.org.gradle.process.internal.worker.GradleWorkerMain.run(GradleWorkerMain.java:69)
  at worker.org.gradle.process.internal.worker.GradleWorkerMain.main(GradleWorkerMain.java:74)
</stacktrace>
</test-failure>


TypeScriptCompilerTests_L[jvm] > letDeclarations-scopes-duplicates6_ts has expected errors matching letDeclarations-scopes-duplicates6_errors_txt[jvm] FAILED

<test-failure test="com.xemantic.typescript.compiler.TypeScriptCompilerTests_L.libTypeScriptSubfileResolving_ts has expected errors matching libTypeScriptSubfileResolving_errors_txt" platform="jvm">
<message>
Expected diagnostics from baseline typescript-repo/tests/baselines/reference/libTypeScriptSubfileResolving.errors.txt but none produced
</message>
<stacktrace>
  at com.xemantic.typescript.compiler.TypeScriptTestSupportKt.errorsMatchBaseline(TypeScriptTestSupport.kt:125)
  at com.xemantic.typescript.compiler.TypeScriptCompilerTests_L.libTypeScriptSubfileResolving_ts has expected errors matching libTypeScriptSubfileResolving_errors_txt(TypeScriptCompilerTests_L.kt:749)
  at java.base/jdk.internal.reflect.DirectMethodHandleAccessor.invoke(DirectMethodHandleAccessor.java:104)
  at java.base/java.lang.reflect.Method.invoke(Method.java:565)
  at org.junit.runners.model.FrameworkMethod$1.runReflectiveCall(FrameworkMethod.java:59)
  at org.junit.internal.runners.model.ReflectiveCallable.run(ReflectiveCallable.java:12)
  at org.junit.runners.model.FrameworkMethod.invokeExplosively(FrameworkMethod.java:56)
  at org.junit.internal.runners.statements.InvokeMethod.evaluate(InvokeMethod.java:17)
  at org.junit.runners.ParentRunner$3.evaluate(ParentRunner.java:306)
  at org.junit.runners.BlockJUnit4ClassRunner$1.evaluate(BlockJUnit4ClassRunner.java:100)
  at org.junit.runners.ParentRunner.runLeaf(ParentRunner.java:366)
  at org.junit.runners.BlockJUnit4ClassRunner.runChild(BlockJUnit4ClassRunner.java:103)
  at org.junit.runners.BlockJUnit4ClassRunner.runChild(BlockJUnit4ClassRunner.java:63)
  at org.junit.runners.ParentRunner$4.run(ParentRunner.java:331)
  at org.junit.runners.ParentRunner$1.schedule(ParentRunner.java:79)
  at org.junit.runners.ParentRunner.runChildren(ParentRunner.java:329)
  at org.junit.runners.ParentRunner.access$100(ParentRunner.java:66)
  at org.junit.runners.ParentRunner$2.evaluate(ParentRunner.java:293)
  at org.junit.runners.ParentRunner$3.evaluate(ParentRunner.java:306)
  at org.junit.runners.ParentRunner.run(ParentRunner.java:413)
  at org.junit.runner.JUnitCore.run(JUnitCore.java:137)
  at org.junit.runner.JUnitCore.run(JUnitCore.java:115)
  at org.gradle.api.internal.tasks.testing.junit.JUnitTestExecutor.runRequest(JUnitTestExecutor.java:175)
  at org.gradle.api.internal.tasks.testing.junit.JUnitTestExecutor.accept(JUnitTestExecutor.java:84)
  at org.gradle.api.internal.tasks.testing.junit.JUnitTestExecutor.accept(JUnitTestExecutor.java:47)
  at org.gradle.api.internal.tasks.testing.junit.AbstractJUnitTestDefinitionProcessor.processTestDefinition(AbstractJUnitTestDefinitionProcessor.java:65)
  at org.gradle.api.internal.tasks.testing.SuiteTestDefinitionProcessor.processTestDefinition(SuiteTestDefinitionProcessor.java:54)
  at java.base/jdk.internal.reflect.DirectMethodHandleAccessor.invoke(DirectMethodHandleAccessor.java:104)
  at java.base/java.lang.reflect.Method.invoke(Method.java:565)
  at org.gradle.internal.dispatch.MethodInvocation.invokeOn(MethodInvocation.java:77)
  at org.gradle.internal.dispatch.ReflectionDispatch.dispatch(ReflectionDispatch.java:28)
  at org.gradle.internal.dispatch.ReflectionDispatch.dispatch(ReflectionDispatch.java:19)
  at org.gradle.internal.dispatch.ContextClassLoaderDispatch.dispatch(ContextClassLoaderDispatch.java:33)
  at org.gradle.internal.dispatch.ProxyDispatchAdapter$DispatchingInvocationHandler.invoke(ProxyDispatchAdapter.java:88)
  at jdk.proxy1/jdk.proxy1.$Proxy4.processTestDefinition(Unknown Source)
  at org.gradle.api.internal.tasks.testing.worker.TestWorker$2.run(TestWorker.java:178)
  at org.gradle.api.internal.tasks.testing.worker.TestWorker.executeAndMaintainThreadName(TestWorker.java:126)
  at org.gradle.api.internal.tasks.testing.worker.TestWorker.execute(TestWorker.java:103)
  at org.gradle.api.internal.tasks.testing.worker.TestWorker.execute(TestWorker.java:63)
  at org.gradle.process.internal.worker.child.ActionExecutionWorker.execute(ActionExecutionWorker.java:56)
  at org.gradle.process.internal.worker.child.SystemApplicationClassLoaderWorker.call(SystemApplicationClassLoaderWorker.java:122)
  at org.gradle.process.internal.worker.child.SystemApplicationClassLoaderWorker.call(SystemApplicationClassLoaderWorker.java:72)
  at worker.org.gradle.process.internal.worker.GradleWorkerMain.run(GradleWorkerMain.java:69)
  at worker.org.gradle.process.internal.worker.GradleWorkerMain.main(GradleWorkerMain.java:74)
</stacktrace>
</test-failure>


TypeScriptCompilerTests_L[jvm] > libTypeScriptSubfileResolving_ts has expected errors matching libTypeScriptSubfileResolving_errors_txt[jvm] FAILED

<test-failure test="com.xemantic.typescript.compiler.TypeScriptCompilerTests_L.letAndVarRedeclaration_ts has expected errors matching letAndVarRedeclaration_errors_txt" platform="jvm">
<message>
--- expected
+++ actual
@@ -4,22 +4,18 @@
 letAndVarRedeclaration.ts(6,9): error TS2300: Duplicate identifier 'x1'.
 letAndVarRedeclaration.ts(7,9): error TS2300: Duplicate identifier 'x1'.
 letAndVarRedeclaration.ts(8,14): error TS2300: Duplicate identifier 'x1'.
-letAndVarRedeclaration.ts(12,9): error TS2451: Cannot redeclare block-scoped variable 'x'.
-letAndVarRedeclaration.ts(14,13): error TS2451: Cannot redeclare block-scoped variable 'x'.
 letAndVarRedeclaration.ts(22,9): error TS2300: Duplicate identifier 'x2'.
 letAndVarRedeclaration.ts(23,9): error TS2300: Duplicate identifier 'x2'.
 letAndVarRedeclaration.ts(24,14): error TS2300: Duplicate identifier 'x2'.
-letAndVarRedeclaration.ts(28,9): error TS2451: Cannot redeclare block-scoped variable 'x2'.
-letAndVarRedeclaration.ts(30,13): error TS2451: Cannot redeclare block-scoped variable 'x2'.
-letAndVarRedeclaration.ts(37,5): error TS2451: Cannot redeclare block-scoped variable 'x11'.
-letAndVarRedeclaration.ts(38,10): error TS2451: Cannot redeclare block-scoped variable 'x11'.
-letAndVarRedeclaration.ts(42,9): error TS2451: Cannot redeclare block-scoped variable 'x11'.
-letAndVarRedeclaration.ts(43,14): error TS2451: Cannot redeclare block-scoped variable 'x11'.
-letAndVarRedeclaration.ts(48,9): error TS2451: Cannot redeclare block-scoped variable 'x11'.
-letAndVarRedeclaration.ts(49,14): error TS2451: Cannot redeclare block-scoped variable 'x11'.
+letAndVarRedeclaration.ts(37,5): error TS2300: Duplicate identifier 'x11'.
+letAndVarRedeclaration.ts(38,10): error TS2300: Duplicate identifier 'x11'.
+letAndVarRedeclaration.ts(42,9): error TS2300: Duplicate identifier 'x11'.
+letAndVarRedeclaration.ts(43,14): error TS2300: Duplicate identifier 'x11'.
+letAndVarRedeclaration.ts(48,9): error TS2300: Duplicate identifier 'x11'.
+letAndVarRedeclaration.ts(49,14): error TS2300: Duplicate identifier 'x11'.
 
 
-==== letAndVarRedeclaration.ts (19 errors) ====
+==== letAndVarRedeclaration.ts (15 errors) ====
     let e0
         ~~
 !!! error TS2300: Duplicate identifier 'e0'.
@@ -44,12 +40,8 @@
     
     function f1() {
         let x;
-            ~
-!!! error TS2451: Cannot redeclare block-scoped variable 'x'.
         {
             var x;
-                ~
-!!! error TS2451: Cannot redeclare block-scoped variable 'x'.
         }
         {
             function x() { }
@@ -70,12 +62,8 @@
     
     namespace M1 {
         let x2;
-            ~~
-!!! error TS2451: Cannot redeclare block-scoped variable 'x2'.
         {
             var x2;
-                ~~
-!!! error TS2451: Cannot redeclare block-scoped variable 'x2'.
         }
         {
             function x2() { }
@@ -84,28 +72,28 @@
     
     let x11;
         ~~~
-!!! error TS2451: Cannot redeclare block-scoped variable 'x11'.
+!!! error TS2300: Duplicate identifier 'x11'.
     for (var x11; ;) {
              ~~~
-!!! error TS2451: Cannot redeclare block-scoped variable 'x11'.
+!!! error TS2300: Duplicate identifier 'x11'.
     }
     
     function f2() {
         let x11;
             ~~~
-!!! error TS2451: Cannot redeclare block-scoped variable 'x11'.
+!!! error TS2300: Duplicate identifier 'x11'.
         for (var x11; ;) {
                  ~~~
-!!! error TS2451: Cannot redeclare block-scoped variable 'x11'.
+!!! error TS2300: Duplicate identifier 'x11'.
         }
     }
     
     namespace M2 {
         let x11;
             ~~~
-!!! error TS2451: Cannot redeclare block-scoped variable 'x11'.
+!!! error TS2300: Duplicate identifier 'x11'.
         for (var x11; ;) {
                  ~~~
-!!! error TS2451: Cannot redeclare block-scoped variable 'x11'.
+!!! error TS2300: Duplicate identifier 'x11'.
         }
     }

</message>
<stacktrace>
  at org.junit.Assert.fail(Assert.java:89)
  at kotlin.test.junit.JUnitAsserter.fail(JUnitSupport.kt:56)
  at kotlin.test.AssertionsKt__AssertionsKt.fail(Assertions.kt:563)
  at kotlin.test.AssertionsKt.fail(Unknown Source)
  at com.xemantic.kotlin.test.SameAsKt.sameAs(SameAs.kt:52)
  at com.xemantic.typescript.compiler.TypeScriptTestSupportKt.errorsMatchBaseline(TypeScriptTestSupport.kt:135)
  at com.xemantic.typescript.compiler.TypeScriptCompilerTests_L.letAndVarRedeclaration_ts has expected errors matching letAndVarRedeclaration_errors_txt(TypeScriptCompilerTests_L.kt:182)
  at java.base/jdk.internal.reflect.DirectMethodHandleAccessor.invoke(DirectMethodHandleAccessor.java:104)
  at java.base/java.lang.reflect.Method.invoke(Method.java:565)
  at org.junit.runners.model.FrameworkMethod$1.runReflectiveCall(FrameworkMethod.java:59)
  at org.junit.internal.runners.model.ReflectiveCallable.run(ReflectiveCallable.java:12)
  at org.junit.runners.model.FrameworkMethod.invokeExplosively(FrameworkMethod.java:56)
  at org.junit.internal.runners.statements.InvokeMethod.evaluate(InvokeMethod.java:17)
  at org.junit.runners.ParentRunner$3.evaluate(ParentRunner.java:306)
  at org.junit.runners.BlockJUnit4ClassRunner$1.evaluate(BlockJUnit4ClassRunner.java:100)
  at org.junit.runners.ParentRunner.runLeaf(ParentRunner.java:366)
  at org.junit.runners.BlockJUnit4ClassRunner.runChild(BlockJUnit4ClassRunner.java:103)
  at org.junit.runners.BlockJUnit4ClassRunner.runChild(BlockJUnit4ClassRunner.java:63)
  at org.junit.runners.ParentRunner$4.run(ParentRunner.java:331)
  at org.junit.runners.ParentRunner$1.schedule(ParentRunner.java:79)
  at org.junit.runners.ParentRunner.runChildren(ParentRunner.java:329)
  at org.junit.runners.ParentRunner.access$100(ParentRunner.java:66)
  at org.junit.runners.ParentRunner$2.evaluate(ParentRunner.java:293)
  at org.junit.runners.ParentRunner$3.evaluate(ParentRunner.java:306)
  at org.junit.runners.ParentRunner.run(ParentRunner.java:413)
  at org.junit.runner.JUnitCore.run(JUnitCore.java:137)
  at org.junit.runner.JUnitCore.run(JUnitCore.java:115)
  at org.gradle.api.internal.tasks.testing.junit.JUnitTestExecutor.runRequest(JUnitTestExecutor.java:175)
  at org.gradle.api.internal.tasks.testing.junit.JUnitTestExecutor.accept(JUnitTestExecutor.java:84)
  at org.gradle.api.internal.tasks.testing.junit.JUnitTestExecutor.accept(JUnitTestExecutor.java:47)
  at org.gradle.api.internal.tasks.testing.junit.AbstractJUnitTestDefinitionProcessor.processTestDefinition(AbstractJUnitTestDefinitionProcessor.java:65)
  at org.gradle.api.internal.tasks.testing.SuiteTestDefinitionProcessor.processTestDefinition(SuiteTestDefinitionProcessor.java:54)
  at java.base/jdk.internal.reflect.DirectMethodHandleAccessor.invoke(DirectMethodHandleAccessor.java:104)
  at java.base/java.lang.reflect.Method.invoke(Method.java:565)
  at org.gradle.internal.dispatch.MethodInvocation.invokeOn(MethodInvocation.java:77)
  at org.gradle.internal.dispatch.ReflectionDispatch.dispatch(ReflectionDispatch.java:28)
  at org.gradle.internal.dispatch.ReflectionDispatch.dispatch(ReflectionDispatch.java:19)
  at org.gradle.internal.dispatch.ContextClassLoaderDispatch.dispatch(ContextClassLoaderDispatch.java:33)
  at org.gradle.internal.dispatch.ProxyDispatchAdapter$DispatchingInvocationHandler.invoke(ProxyDispatchAdapter.java:88)
  at jdk.proxy1/jdk.proxy1.$Proxy4.processTestDefinition(Unknown Source)
  at org.gradle.api.internal.tasks.testing.worker.TestWorker$2.run(TestWorker.java:178)
  at org.gradle.api.internal.tasks.testing.worker.TestWorker.executeAndMaintainThreadName(TestWorker.java:126)
  at org.gradle.api.internal.tasks.testing.worker.TestWorker.execute(TestWorker.java:103)
  at org.gradle.api.internal.tasks.testing.worker.TestWorker.execute(TestWorker.java:63)
  at org.gradle.process.internal.worker.child.ActionExecutionWorker.execute(ActionExecutionWorker.java:56)
  at org.gradle.process.internal.worker.child.SystemApplicationClassLoaderWorker.call(SystemApplicationClassLoaderWorker.java:122)
  at org.gradle.process.internal.worker.child.SystemApplicationClassLoaderWorker.call(SystemApplicationClassLoaderWorker.java:72)
  at worker.org.gradle.process.internal.worker.GradleWorkerMain.run(GradleWorkerMain.java:69)
  at worker.org.gradle.process.internal.worker.GradleWorkerMain.main(GradleWorkerMain.java:74)
</stacktrace>
</test-failure>


TypeScriptCompilerTests_L[jvm] > letAndVarRedeclaration_ts has expected errors matching letAndVarRedeclaration_errors_txt[jvm] FAILED

<test-failure test="com.xemantic.typescript.compiler.TypeScriptCompilerTests_L.letDeclarations-scopes-duplicates7_ts has expected errors matching letDeclarations-scopes-duplicates7_errors_txt" platform="jvm">
<message>
Expected diagnostics from baseline typescript-repo/tests/baselines/reference/letDeclarations-scopes-duplicates7.errors.txt but none produced
</message>
<stacktrace>
  at com.xemantic.typescript.compiler.TypeScriptTestSupportKt.errorsMatchBaseline(TypeScriptTestSupport.kt:125)
  at com.xemantic.typescript.compiler.TypeScriptCompilerTests_L.letDeclarations-scopes-duplicates7_ts has expected errors matching letDeclarations-scopes-duplicates7_errors_txt(TypeScriptCompilerTests_L.kt:406)
  at java.base/jdk.internal.reflect.DirectMethodHandleAccessor.invoke(DirectMethodHandleAccessor.java:104)
  at java.base/java.lang.reflect.Method.invoke(Method.java:565)
  at org.junit.runners.model.FrameworkMethod$1.runReflectiveCall(FrameworkMethod.java:59)
  at org.junit.internal.runners.model.ReflectiveCallable.run(ReflectiveCallable.java:12)
  at org.junit.runners.model.FrameworkMethod.invokeExplosively(FrameworkMethod.java:56)
  at org.junit.internal.runners.statements.InvokeMethod.evaluate(InvokeMethod.java:17)
  at org.junit.runners.ParentRunner$3.evaluate(ParentRunner.java:306)
  at org.junit.runners.BlockJUnit4ClassRunner$1.evaluate(BlockJUnit4ClassRunner.java:100)
  at org.junit.runners.ParentRunner.runLeaf(ParentRunner.java:366)
  at org.junit.runners.BlockJUnit4ClassRunner.runChild(BlockJUnit4ClassRunner.java:103)
  at org.junit.runners.BlockJUnit4ClassRunner.runChild(BlockJUnit4ClassRunner.java:63)
  at org.junit.runners.ParentRunner$4.run(ParentRunner.java:331)
  at org.junit.runners.ParentRunner$1.schedule(ParentRunner.java:79)
  at org.junit.runners.ParentRunner.runChildren(ParentRunner.java:329)
  at org.junit.runners.ParentRunner.access$100(ParentRunner.java:66)
  at org.junit.runners.ParentRunner$2.evaluate(ParentRunner.java:293)
  at org.junit.runners.ParentRunner$3.evaluate(ParentRunner.java:306)
  at org.junit.runners.ParentRunner.run(ParentRunner.java:413)
  at org.junit.runner.JUnitCore.run(JUnitCore.java:137)
  at org.junit.runner.JUnitCore.run(JUnitCore.java:115)
  at org.gradle.api.internal.tasks.testing.junit.JUnitTestExecutor.runRequest(JUnitTestExecutor.java:175)
  at org.gradle.api.internal.tasks.testing.junit.JUnitTestExecutor.accept(JUnitTestExecutor.java:84)
  at org.gradle.api.internal.tasks.testing.junit.JUnitTestExecutor.accept(JUnitTestExecutor.java:47)
  at org.gradle.api.internal.tasks.testing.junit.AbstractJUnitTestDefinitionProcessor.processTestDefinition(AbstractJUnitTestDefinitionProcessor.java:65)
  at org.gradle.api.internal.tasks.testing.SuiteTestDefinitionProcessor.processTestDefinition(SuiteTestDefinitionProcessor.java:54)
  at java.base/jdk.internal.reflect.DirectMethodHandleAccessor.invoke(DirectMethodHandleAccessor.java:104)
  at java.base/java.lang.reflect.Method.invoke(Method.java:565)
  at org.gradle.internal.dispatch.MethodInvocation.invokeOn(MethodInvocation.java:77)
  at org.gradle.internal.dispatch.ReflectionDispatch.dispatch(ReflectionDispatch.java:28)
  at org.gradle.internal.dispatch.ReflectionDispatch.dispatch(ReflectionDispatch.java:19)
  at org.gradle.internal.dispatch.ContextClassLoaderDispatch.dispatch(ContextClassLoaderDispatch.java:33)
  at org.gradle.internal.dispatch.ProxyDispatchAdapter$DispatchingInvocationHandler.invoke(ProxyDispatchAdapter.java:88)
  at jdk.proxy1/jdk.proxy1.$Proxy4.processTestDefinition(Unknown Source)
  at org.gradle.api.internal.tasks.testing.worker.TestWorker$2.run(TestWorker.java:178)
  at org.gradle.api.internal.tasks.testing.worker.TestWorker.executeAndMaintainThreadName(TestWorker.java:126)
  at org.gradle.api.internal.tasks.testing.worker.TestWorker.execute(TestWorker.java:103)
  at org.gradle.api.internal.tasks.testing.worker.TestWorker.execute(TestWorker.java:63)
  at org.gradle.process.internal.worker.child.ActionExecutionWorker.execute(ActionExecutionWorker.java:56)
  at org.gradle.process.internal.worker.child.SystemApplicationClassLoaderWorker.call(SystemApplicationClassLoaderWorker.java:122)
  at org.gradle.process.internal.worker.child.SystemApplicationClassLoaderWorker.call(SystemApplicationClassLoaderWorker.java:72)
  at worker.org.gradle.process.internal.worker.GradleWorkerMain.run(GradleWorkerMain.java:69)
  at worker.org.gradle.process.internal.worker.GradleWorkerMain.main(GradleWorkerMain.java:74)
</stacktrace>
</test-failure>


TypeScriptCompilerTests_L[jvm] > letDeclarations-scopes-duplicates7_ts has expected errors matching letDeclarations-scopes-duplicates7_errors_txt[jvm] FAILED

<test-failure test="com.xemantic.typescript.compiler.TypeScriptCompilerTests_L.letConstInCaseClauses_ts__target_es5__has expected errors matching baseline" platform="jvm">
<message>
--- expected
+++ actual
@@ -1,10 +1,8 @@
 error TS5107: Option 'target=ES5' is deprecated and will stop functioning in TypeScript 7.0. Specify compilerOption '"ignoreDeprecations": "6.0"' to silence this error.
-letConstInCaseClauses.ts(22,14): error TS2678: Type '10' is not comparable to type '1'.
-letConstInCaseClauses.ts(26,14): error TS2678: Type '10' is not comparable to type '2'.
 
 
 !!! error TS5107: Option 'target=ES5' is deprecated and will stop functioning in TypeScript 7.0. Specify compilerOption '"ignoreDeprecations": "6.0"' to silence this error.
-==== letConstInCaseClauses.ts (2 errors) ====
+==== letConstInCaseClauses.ts (0 errors) ====
     var x = 10;
     var y = 20;
     {
@@ -27,14 +25,10 @@
         console.log(x)
         switch (x) {
             case 10:
-                 ~~
-!!! error TS2678: Type '10' is not comparable to type '1'.
                 const x = 20;
         }
         switch (y) {
             case 10:
-                 ~~
-!!! error TS2678: Type '10' is not comparable to type '2'.
                 const y = 20;
         }
     }

</message>
<stacktrace>
  at org.junit.Assert.fail(Assert.java:89)
  at kotlin.test.junit.JUnitAsserter.fail(JUnitSupport.kt:56)
  at kotlin.test.AssertionsKt__AssertionsKt.fail(Assertions.kt:563)
  at kotlin.test.AssertionsKt.fail(Unknown Source)
  at com.xemantic.kotlin.test.SameAsKt.sameAs(SameAs.kt:52)
  at com.xemantic.typescript.compiler.TypeScriptTestSupportKt.errorsMatchBaseline(TypeScriptTestSupport.kt:135)
  at com.xemantic.typescript.compiler.TypeScriptCompilerTests_L.letConstInCaseClauses_ts__target_es5__has expected errors matching baseline(TypeScriptCompilerTests_L.kt:238)
  at java.base/jdk.internal.reflect.DirectMethodHandleAccessor.invoke(DirectMethodHandleAccessor.java:104)
  at java.base/java.lang.reflect.Method.invoke(Method.java:565)
  at org.junit.runners.model.FrameworkMethod$1.runReflectiveCall(FrameworkMethod.java:59)
  at org.junit.internal.runners.model.ReflectiveCallable.run(ReflectiveCallable.java:12)
  at org.junit.runners.model.FrameworkMethod.invokeExplosively(FrameworkMethod.java:56)
  at org.junit.internal.runners.statements.InvokeMethod.evaluate(InvokeMethod.java:17)
  at org.junit.runners.ParentRunner$3.evaluate(ParentRunner.java:306)
  at org.junit.runners.BlockJUnit4ClassRunner$1.evaluate(BlockJUnit4ClassRunner.java:100)
  at org.junit.runners.ParentRunner.runLeaf(ParentRunner.java:366)
  at org.junit.runners.BlockJUnit4ClassRunner.runChild(BlockJUnit4ClassRunner.java:103)
  at org.junit.runners.BlockJUnit4ClassRunner.runChild(BlockJUnit4ClassRunner.java:63)
  at org.junit.runners.ParentRunner$4.run(ParentRunner.java:331)
  at org.junit.runners.ParentRunner$1.schedule(ParentRunner.java:79)
  at org.junit.runners.ParentRunner.runChildren(ParentRunner.java:329)
  at org.junit.runners.ParentRunner.access$100(ParentRunner.java:66)
  at org.junit.runners.ParentRunner$2.evaluate(ParentRunner.java:293)
  at org.junit.runners.ParentRunner$3.evaluate(ParentRunner.java:306)
  at org.junit.runners.ParentRunner.run(ParentRunner.java:413)
  at org.junit.runner.JUnitCore.run(JUnitCore.java:137)
  at org.junit.runner.JUnitCore.run(JUnitCore.java:115)
  at org.gradle.api.internal.tasks.testing.junit.JUnitTestExecutor.runRequest(JUnitTestExecutor.java:175)
  at org.gradle.api.internal.tasks.testing.junit.JUnitTestExecutor.accept(JUnitTestExecutor.java:84)
  at org.gradle.api.internal.tasks.testing.junit.JUnitTestExecutor.accept(JUnitTestExecutor.java:47)
  at org.gradle.api.internal.tasks.testing.junit.AbstractJUnitTestDefinitionProcessor.processTestDefinition(AbstractJUnitTestDefinitionProcessor.java:65)
  at org.gradle.api.internal.tasks.testing.SuiteTestDefinitionProcessor.processTestDefinition(SuiteTestDefinitionProcessor.java:54)
  at java.base/jdk.internal.reflect.DirectMethodHandleAccessor.invoke(DirectMethodHandleAccessor.java:104)
  at java.base/java.lang.reflect.Method.invoke(Method.java:565)
  at org.gradle.internal.dispatch.MethodInvocation.invokeOn(MethodInvocation.java:77)
  at org.gradle.internal.dispatch.ReflectionDispatch.dispatch(ReflectionDispatch.java:28)
  at org.gradle.internal.dispatch.ReflectionDispatch.dispatch(ReflectionDispatch.java:19)
  at org.gradle.internal.dispatch.ContextClassLoaderDispatch.dispatch(ContextClassLoaderDispatch.java:33)
  at org.gradle.internal.dispatch.ProxyDispatchAdapter$DispatchingInvocationHandler.invoke(ProxyDispatchAdapter.java:88)
  at jdk.proxy1/jdk.proxy1.$Proxy4.processTestDefinition(Unknown Source)
  at org.gradle.api.internal.tasks.testing.worker.TestWorker$2.run(TestWorker.java:178)
  at org.gradle.api.internal.tasks.testing.worker.TestWorker.executeAndMaintainThreadName(TestWorker.java:126)
  at org.gradle.api.internal.tasks.testing.worker.TestWorker.execute(TestWorker.java:103)
  at org.gradle.api.internal.tasks.testing.worker.TestWorker.execute(TestWorker.java:63)
  at org.gradle.process.internal.worker.child.ActionExecutionWorker.execute(ActionExecutionWorker.java:56)
  at org.gradle.process.internal.worker.child.SystemApplicationClassLoaderWorker.call(SystemApplicationClassLoaderWorker.java:122)
  at org.gradle.process.internal.worker.child.SystemApplicationClassLoaderWorker.call(SystemApplicationClassLoaderWorker.java:72)
  at worker.org.gradle.process.internal.worker.GradleWorkerMain.run(GradleWorkerMain.java:69)
  at worker.org.gradle.process.internal.worker.GradleWorkerMain.main(GradleWorkerMain.java:74)
</stacktrace>
</test-failure>


TypeScriptCompilerTests_L[jvm] > letConstInCaseClauses_ts__target_es5__has expected errors matching baseline[jvm] FAILED

<test-failure test="com.xemantic.typescript.compiler.TypeScriptCompilerTests_L.letInVarDeclOfForIn_ES5_ts__target_es5__has expected errors matching baseline" platform="jvm">
<message>
--- expected
+++ actual
@@ -1,17 +1,11 @@
 error TS5107: Option 'target=ES5' is deprecated and will stop functioning in TypeScript 7.0. Specify compilerOption '"ignoreDeprecations": "6.0"' to silence this error.
-letInVarDeclOfForIn_ES5.ts(2,10): error TS1212: Identifier expected. 'let' is a reserved word in strict mode.
-letInVarDeclOfForIn_ES5.ts(5,11): error TS1212: Identifier expected. 'let' is a reserved word in strict mode.
 
 
 !!! error TS5107: Option 'target=ES5' is deprecated and will stop functioning in TypeScript 7.0. Specify compilerOption '"ignoreDeprecations": "6.0"' to silence this error.
-==== letInVarDeclOfForIn_ES5.ts (2 errors) ====
+==== letInVarDeclOfForIn_ES5.ts (0 errors) ====
     // should not be an error
     for (var let in [1,2,3]) {}
-             ~~~
-!!! error TS1212: Identifier expected. 'let' is a reserved word in strict mode.
     
     {
     	for (var let in [1,2,3]) {}
-    	         ~~~
-!!! error TS1212: Identifier expected. 'let' is a reserved word in strict mode.
     }

</message>
<stacktrace>
  at org.junit.Assert.fail(Assert.java:89)
  at kotlin.test.junit.JUnitAsserter.fail(JUnitSupport.kt:56)
  at kotlin.test.AssertionsKt__AssertionsKt.fail(Assertions.kt:563)
  at kotlin.test.AssertionsKt.fail(Unknown Source)
  at com.xemantic.kotlin.test.SameAsKt.sameAs(SameAs.kt:52)
  at com.xemantic.typescript.compiler.TypeScriptTestSupportKt.errorsMatchBaseline(TypeScriptTestSupport.kt:135)
  at com.xemantic.typescript.compiler.TypeScriptCompilerTests_L.letInVarDeclOfForIn_ES5_ts__target_es5__has expected errors matching baseline(TypeScriptCompilerTests_L.kt:616)
  at java.base/jdk.internal.reflect.DirectMethodHandleAccessor.invoke(DirectMethodHandleAccessor.java:104)
  at java.base/java.lang.reflect.Method.invoke(Method.java:565)
  at org.junit.runners.model.FrameworkMethod$1.runReflectiveCall(FrameworkMethod.java:59)
  at org.junit.internal.runners.model.ReflectiveCallable.run(ReflectiveCallable.java:12)
  at org.junit.runners.model.FrameworkMethod.invokeExplosively(FrameworkMethod.java:56)
  at org.junit.internal.runners.statements.InvokeMethod.evaluate(InvokeMethod.java:17)
  at org.junit.runners.ParentRunner$3.evaluate(ParentRunner.java:306)
  at org.junit.runners.BlockJUnit4ClassRunner$1.evaluate(BlockJUnit4ClassRunner.java:100)
  at org.junit.runners.ParentRunner.runLeaf(ParentRunner.java:366)
  at org.junit.runners.BlockJUnit4ClassRunner.runChild(BlockJUnit4ClassRunner.java:103)
  at org.junit.runners.BlockJUnit4ClassRunner.runChild(BlockJUnit4ClassRunner.java:63)
  at org.junit.runners.ParentRunner$4.run(ParentRunner.java:331)
  at org.junit.runners.ParentRunner$1.schedule(ParentRunner.java:79)
  at org.junit.runners.ParentRunner.runChildren(ParentRunner.java:329)
  at org.junit.runners.ParentRunner.access$100(ParentRunner.java:66)
  at org.junit.runners.ParentRunner$2.evaluate(ParentRunner.java:293)
  at org.junit.runners.ParentRunner$3.evaluate(ParentRunner.java:306)
  at org.junit.runners.ParentRunner.run(ParentRunner.java:413)
  at org.junit.runner.JUnitCore.run(JUnitCore.java:137)
  at org.junit.runner.JUnitCore.run(JUnitCore.java:115)
  at org.gradle.api.internal.tasks.testing.junit.JUnitTestExecutor.runRequest(JUnitTestExecutor.java:175)
  at org.gradle.api.internal.tasks.testing.junit.JUnitTestExecutor.accept(JUnitTestExecutor.java:84)
  at org.gradle.api.internal.tasks.testing.junit.JUnitTestExecutor.accept(JUnitTestExecutor.java:47)
  at org.gradle.api.internal.tasks.testing.junit.AbstractJUnitTestDefinitionProcessor.processTestDefinition(AbstractJUnitTestDefinitionProcessor.java:65)
  at org.gradle.api.internal.tasks.testing.SuiteTestDefinitionProcessor.processTestDefinition(SuiteTestDefinitionProcessor.java:54)
  at java.base/jdk.internal.reflect.DirectMethodHandleAccessor.invoke(DirectMethodHandleAccessor.java:104)
  at java.base/java.lang.reflect.Method.invoke(Method.java:565)
  at org.gradle.internal.dispatch.MethodInvocation.invokeOn(MethodInvocation.java:77)
  at org.gradle.internal.dispatch.ReflectionDispatch.dispatch(ReflectionDispatch.java:28)
  at org.gradle.internal.dispatch.ReflectionDispatch.dispatch(ReflectionDispatch.java:19)
  at org.gradle.internal.dispatch.ContextClassLoaderDispatch.dispatch(ContextClassLoaderDispatch.java:33)
  at org.gradle.internal.dispatch.ProxyDispatchAdapter$DispatchingInvocationHandler.invoke(ProxyDispatchAdapter.java:88)
  at jdk.proxy1/jdk.proxy1.$Proxy4.processTestDefinition(Unknown Source)
  at org.gradle.api.internal.tasks.testing.worker.TestWorker$2.run(TestWorker.java:178)
  at org.gradle.api.internal.tasks.testing.worker.TestWorker.executeAndMaintainThreadName(TestWorker.java:126)
  at org.gradle.api.internal.tasks.testing.worker.TestWorker.execute(TestWorker.java:103)
  at org.gradle.api.internal.tasks.testing.worker.TestWorker.execute(TestWorker.java:63)
  at org.gradle.process.internal.worker.child.ActionExecutionWorker.execute(ActionExecutionWorker.java:56)
  at org.gradle.process.internal.worker.child.SystemApplicationClassLoaderWorker.call(SystemApplicationClassLoaderWorker.java:122)
  at org.gradle.process.internal.worker.child.SystemApplicationClassLoaderWorker.call(SystemApplicationClassLoaderWorker.java:72)
  at worker.org.gradle.process.internal.worker.GradleWorkerMain.run(GradleWorkerMain.java:69)
  at worker.org.gradle.process.internal.worker.GradleWorkerMain.main(GradleWorkerMain.java:74)
</stacktrace>
</test-failure>


TypeScriptCompilerTests_L[jvm] > letInVarDeclOfForIn_ES5_ts__target_es5__has expected errors matching baseline[jvm] FAILED

<test-failure test="com.xemantic.typescript.compiler.TypeScriptCompilerTests_L.literals-negative_ts has expected errors matching literals-negative_errors_txt" platform="jvm">
<message>
Expected diagnostics from baseline typescript-repo/tests/baselines/reference/literals-negative.errors.txt but none produced
</message>
<stacktrace>
  at com.xemantic.typescript.compiler.TypeScriptTestSupportKt.errorsMatchBaseline(TypeScriptTestSupport.kt:125)
  at com.xemantic.typescript.compiler.TypeScriptCompilerTests_L.literals-negative_ts has expected errors matching literals-negative_errors_txt(TypeScriptCompilerTests_L.kt:903)
  at java.base/jdk.internal.reflect.DirectMethodHandleAccessor.invoke(DirectMethodHandleAccessor.java:104)
  at java.base/java.lang.reflect.Method.invoke(Method.java:565)
  at org.junit.runners.model.FrameworkMethod$1.runReflectiveCall(FrameworkMethod.java:59)
  at org.junit.internal.runners.model.ReflectiveCallable.run(ReflectiveCallable.java:12)
  at org.junit.runners.model.FrameworkMethod.invokeExplosively(FrameworkMethod.java:56)
  at org.junit.internal.runners.statements.InvokeMethod.evaluate(InvokeMethod.java:17)
  at org.junit.runners.ParentRunner$3.evaluate(ParentRunner.java:306)
  at org.junit.runners.BlockJUnit4ClassRunner$1.evaluate(BlockJUnit4ClassRunner.java:100)
  at org.junit.runners.ParentRunner.runLeaf(ParentRunner.java:366)
  at org.junit.runners.BlockJUnit4ClassRunner.runChild(BlockJUnit4ClassRunner.java:103)
  at org.junit.runners.BlockJUnit4ClassRunner.runChild(BlockJUnit4ClassRunner.java:63)
  at org.junit.runners.ParentRunner$4.run(ParentRunner.java:331)
  at org.junit.runners.ParentRunner$1.schedule(ParentRunner.java:79)
  at org.junit.runners.ParentRunner.runChildren(ParentRunner.java:329)
  at org.junit.runners.ParentRunner.access$100(ParentRunner.java:66)
  at org.junit.runners.ParentRunner$2.evaluate(ParentRunner.java:293)
  at org.junit.runners.ParentRunner$3.evaluate(ParentRunner.java:306)
  at org.junit.runners.ParentRunner.run(ParentRunner.java:413)
  at org.junit.runner.JUnitCore.run(JUnitCore.java:137)
  at org.junit.runner.JUnitCore.run(JUnitCore.java:115)
  at org.gradle.api.internal.tasks.testing.junit.JUnitTestExecutor.runRequest(JUnitTestExecutor.java:175)
  at org.gradle.api.internal.tasks.testing.junit.JUnitTestExecutor.accept(JUnitTestExecutor.java:84)
  at org.gradle.api.internal.tasks.testing.junit.JUnitTestExecutor.accept(JUnitTestExecutor.java:47)
  at org.gradle.api.internal.tasks.testing.junit.AbstractJUnitTestDefinitionProcessor.processTestDefinition(AbstractJUnitTestDefinitionProcessor.java:65)
  at org.gradle.api.internal.tasks.testing.SuiteTestDefinitionProcessor.processTestDefinition(SuiteTestDefinitionProcessor.java:54)
  at java.base/jdk.internal.reflect.DirectMethodHandleAccessor.invoke(DirectMethodHandleAccessor.java:104)
  at java.base/java.lang.reflect.Method.invoke(Method.java:565)
  at org.gradle.internal.dispatch.MethodInvocation.invokeOn(MethodInvocation.java:77)
  at org.gradle.internal.dispatch.ReflectionDispatch.dispatch(ReflectionDispatch.java:28)
  at org.gradle.internal.dispatch.ReflectionDispatch.dispatch(ReflectionDispatch.java:19)
  at org.gradle.internal.dispatch.ContextClassLoaderDispatch.dispatch(ContextClassLoaderDispatch.java:33)
  at org.gradle.internal.dispatch.ProxyDispatchAdapter$DispatchingInvocationHandler.invoke(ProxyDispatchAdapter.java:88)
  at jdk.proxy1/jdk.proxy1.$Proxy4.processTestDefinition(Unknown Source)
  at org.gradle.api.internal.tasks.testing.worker.TestWorker$2.run(TestWorker.java:178)
  at org.gradle.api.internal.tasks.testing.worker.TestWorker.executeAndMaintainThreadName(TestWorker.java:126)
  at org.gradle.api.internal.tasks.testing.worker.TestWorker.execute(TestWorker.java:103)
  at org.gradle.api.internal.tasks.testing.worker.TestWorker.execute(TestWorker.java:63)
  at org.gradle.process.internal.worker.child.ActionExecutionWorker.execute(ActionExecutionWorker.java:56)
  at org.gradle.process.internal.worker.child.SystemApplicationClassLoaderWorker.call(SystemApplicationClassLoaderWorker.java:122)
  at org.gradle.process.internal.worker.child.SystemApplicationClassLoaderWorker.call(SystemApplicationClassLoaderWorker.java:72)
  at worker.org.gradle.process.internal.worker.GradleWorkerMain.run(GradleWorkerMain.java:69)
  at worker.org.gradle.process.internal.worker.GradleWorkerMain.main(GradleWorkerMain.java:74)
</stacktrace>
</test-failure>


TypeScriptCompilerTests_L[jvm] > literals-negative_ts has expected errors matching literals-negative_errors_txt[jvm] FAILED

<test-failure test="com.xemantic.typescript.compiler.TypeScriptCompilerTests_L.longObjectInstantiationChain1_ts has expected errors matching longObjectInstantiationChain1_errors_txt" platform="jvm">
<message>
Expected diagnostics from baseline typescript-repo/tests/baselines/reference/longObjectInstantiationChain1.errors.txt but none produced
</message>
<stacktrace>
  at com.xemantic.typescript.compiler.TypeScriptTestSupportKt.errorsMatchBaseline(TypeScriptTestSupport.kt:125)
  at com.xemantic.typescript.compiler.TypeScriptCompilerTests_L.longObjectInstantiationChain1_ts has expected errors matching longObjectInstantiationChain1_errors_txt(TypeScriptCompilerTests_L.kt:1001)
  at java.base/jdk.internal.reflect.DirectMethodHandleAccessor.invoke(DirectMethodHandleAccessor.java:104)
  at java.base/java.lang.reflect.Method.invoke(Method.java:565)
  at org.junit.runners.model.FrameworkMethod$1.runReflectiveCall(FrameworkMethod.java:59)
  at org.junit.internal.runners.model.ReflectiveCallable.run(ReflectiveCallable.java:12)
  at org.junit.runners.model.FrameworkMethod.invokeExplosively(FrameworkMethod.java:56)
  at org.junit.internal.runners.statements.InvokeMethod.evaluate(InvokeMethod.java:17)
  at org.junit.runners.ParentRunner$3.evaluate(ParentRunner.java:306)
  at org.junit.runners.BlockJUnit4ClassRunner$1.evaluate(BlockJUnit4ClassRunner.java:100)
  at org.junit.runners.ParentRunner.runLeaf(ParentRunner.java:366)
  at org.junit.runners.BlockJUnit4ClassRunner.runChild(BlockJUnit4ClassRunner.java:103)
  at org.junit.runners.BlockJUnit4ClassRunner.runChild(BlockJUnit4ClassRunner.java:63)
  at org.junit.runners.ParentRunner$4.run(ParentRunner.java:331)
  at org.junit.runners.ParentRunner$1.schedule(ParentRunner.java:79)
  at org.junit.runners.ParentRunner.runChildren(ParentRunner.java:329)
  at org.junit.runners.ParentRunner.access$100(ParentRunner.java:66)
  at org.junit.runners.ParentRunner$2.evaluate(ParentRunner.java:293)
  at org.junit.runners.ParentRunner$3.evaluate(ParentRunner.java:306)
  at org.junit.runners.ParentRunner.run(ParentRunner.java:413)
  at org.junit.runner.JUnitCore.run(JUnitCore.java:137)
  at org.junit.runner.JUnitCore.run(JUnitCore.java:115)
  at org.gradle.api.internal.tasks.testing.junit.JUnitTestExecutor.runRequest(JUnitTestExecutor.java:175)
  at org.gradle.api.internal.tasks.testing.junit.JUnitTestExecutor.accept(JUnitTestExecutor.java:84)
  at org.gradle.api.internal.tasks.testing.junit.JUnitTestExecutor.accept(JUnitTestExecutor.java:47)
  at org.gradle.api.internal.tasks.testing.junit.AbstractJUnitTestDefinitionProcessor.processTestDefinition(AbstractJUnitTestDefinitionProcessor.java:65)
  at org.gradle.api.internal.tasks.testing.SuiteTestDefinitionProcessor.processTestDefinition(SuiteTestDefinitionProcessor.java:54)
  at java.base/jdk.internal.reflect.DirectMethodHandleAccessor.invoke(DirectMethodHandleAccessor.java:104)
  at java.base/java.lang.reflect.Method.invoke(Method.java:565)
  at org.gradle.internal.dispatch.MethodInvocation.invokeOn(MethodInvocation.java:77)
  at org.gradle.internal.dispatch.ReflectionDispatch.dispatch(ReflectionDispatch.java:28)
  at org.gradle.internal.dispatch.ReflectionDispatch.dispatch(ReflectionDispatch.java:19)
  at org.gradle.internal.dispatch.ContextClassLoaderDispatch.dispatch(ContextClassLoaderDispatch.java:33)
  at org.gradle.internal.dispatch.ProxyDispatchAdapter$DispatchingInvocationHandler.invoke(ProxyDispatchAdapter.java:88)
  at jdk.proxy1/jdk.proxy1.$Proxy4.processTestDefinition(Unknown Source)
  at org.gradle.api.internal.tasks.testing.worker.TestWorker$2.run(TestWorker.java:178)
  at org.gradle.api.internal.tasks.testing.worker.TestWorker.executeAndMaintainThreadName(TestWorker.java:126)
  at org.gradle.api.internal.tasks.testing.worker.TestWorker.execute(TestWorker.java:103)
  at org.gradle.api.internal.tasks.testing.worker.TestWorker.execute(TestWorker.java:63)
  at org.gradle.process.internal.worker.child.ActionExecutionWorker.execute(ActionExecutionWorker.java:56)
  at org.gradle.process.internal.worker.child.SystemApplicationClassLoaderWorker.call(SystemApplicationClassLoaderWorker.java:122)
  at org.gradle.process.internal.worker.child.SystemApplicationClassLoaderWorker.call(SystemApplicationClassLoaderWorker.java:72)
  at worker.org.gradle.process.internal.worker.GradleWorkerMain.run(GradleWorkerMain.java:69)
  at worker.org.gradle.process.internal.worker.GradleWorkerMain.main(GradleWorkerMain.java:74)
</stacktrace>
</test-failure>


TypeScriptCompilerTests_L[jvm] > longObjectInstantiationChain1_ts has expected errors matching longObjectInstantiationChain1_errors_txt[jvm] FAILED

<test-failure test="com.xemantic.typescript.compiler.TypeScriptCompilerTests_L.lambdaParamTypes_ts has expected errors matching lambdaParamTypes_errors_txt" platform="jvm">
<message>
Expected diagnostics from baseline typescript-repo/tests/baselines/reference/lambdaParamTypes.errors.txt but none produced
</message>
<stacktrace>
  at com.xemantic.typescript.compiler.TypeScriptTestSupportKt.errorsMatchBaseline(TypeScriptTestSupport.kt:125)
  at com.xemantic.typescript.compiler.TypeScriptCompilerTests_L.lambdaParamTypes_ts has expected errors matching lambdaParamTypes_errors_txt(TypeScriptCompilerTests_L.kt:49)
  at java.base/jdk.internal.reflect.DirectMethodHandleAccessor.invoke(DirectMethodHandleAccessor.java:104)
  at java.base/java.lang.reflect.Method.invoke(Method.java:565)
  at org.junit.runners.model.FrameworkMethod$1.runReflectiveCall(FrameworkMethod.java:59)
  at org.junit.internal.runners.model.ReflectiveCallable.run(ReflectiveCallable.java:12)
  at org.junit.runners.model.FrameworkMethod.invokeExplosively(FrameworkMethod.java:56)
  at org.junit.internal.runners.statements.InvokeMethod.evaluate(InvokeMethod.java:17)
  at org.junit.runners.ParentRunner$3.evaluate(ParentRunner.java:306)
  at org.junit.runners.BlockJUnit4ClassRunner$1.evaluate(BlockJUnit4ClassRunner.java:100)
  at org.junit.runners.ParentRunner.runLeaf(ParentRunner.java:366)
  at org.junit.runners.BlockJUnit4ClassRunner.runChild(BlockJUnit4ClassRunner.java:103)
  at org.junit.runners.BlockJUnit4ClassRunner.runChild(BlockJUnit4ClassRunner.java:63)
  at org.junit.runners.ParentRunner$4.run(ParentRunner.java:331)
  at org.junit.runners.ParentRunner$1.schedule(ParentRunner.java:79)
  at org.junit.runners.ParentRunner.runChildren(ParentRunner.java:329)
  at org.junit.runners.ParentRunner.access$100(ParentRunner.java:66)
  at org.junit.runners.ParentRunner$2.evaluate(ParentRunner.java:293)
  at org.junit.runners.ParentRunner$3.evaluate(ParentRunner.java:306)
  at org.junit.runners.ParentRunner.run(ParentRunner.java:413)
  at org.junit.runner.JUnitCore.run(JUnitCore.java:137)
  at org.junit.runner.JUnitCore.run(JUnitCore.java:115)
  at org.gradle.api.internal.tasks.testing.junit.JUnitTestExecutor.runRequest(JUnitTestExecutor.java:175)
  at org.gradle.api.internal.tasks.testing.junit.JUnitTestExecutor.accept(JUnitTestExecutor.java:84)
  at org.gradle.api.internal.tasks.testing.junit.JUnitTestExecutor.accept(JUnitTestExecutor.java:47)
  at org.gradle.api.internal.tasks.testing.junit.AbstractJUnitTestDefinitionProcessor.processTestDefinition(AbstractJUnitTestDefinitionProcessor.java:65)
  at org.gradle.api.internal.tasks.testing.SuiteTestDefinitionProcessor.processTestDefinition(SuiteTestDefinitionProcessor.java:54)
  at java.base/jdk.internal.reflect.DirectMethodHandleAccessor.invoke(DirectMethodHandleAccessor.java:104)
  at java.base/java.lang.reflect.Method.invoke(Method.java:565)
  at org.gradle.internal.dispatch.MethodInvocation.invokeOn(MethodInvocation.java:77)
  at org.gradle.internal.dispatch.ReflectionDispatch.dispatch(ReflectionDispatch.java:28)
  at org.gradle.internal.dispatch.ReflectionDispatch.dispatch(ReflectionDispatch.java:19)
  at org.gradle.internal.dispatch.ContextClassLoaderDispatch.dispatch(ContextClassLoaderDispatch.java:33)
  at org.gradle.internal.dispatch.ProxyDispatchAdapter$DispatchingInvocationHandler.invoke(ProxyDispatchAdapter.java:88)
  at jdk.proxy1/jdk.proxy1.$Proxy4.processTestDefinition(Unknown Source)
  at org.gradle.api.internal.tasks.testing.worker.TestWorker$2.run(TestWorker.java:178)
  at org.gradle.api.internal.tasks.testing.worker.TestWorker.executeAndMaintainThreadName(TestWorker.java:126)
  at org.gradle.api.internal.tasks.testing.worker.TestWorker.execute(TestWorker.java:103)
  at org.gradle.api.internal.tasks.testing.worker.TestWorker.execute(TestWorker.java:63)
  at org.gradle.process.internal.worker.child.ActionExecutionWorker.execute(ActionExecutionWorker.java:56)
  at org.gradle.process.internal.worker.child.SystemApplicationClassLoaderWorker.call(SystemApplicationClassLoaderWorker.java:122)
  at org.gradle.process.internal.worker.child.SystemApplicationClassLoaderWorker.call(SystemApplicationClassLoaderWorker.java:72)
  at worker.org.gradle.process.internal.worker.GradleWorkerMain.run(GradleWorkerMain.java:69)
  at worker.org.gradle.process.internal.worker.GradleWorkerMain.main(GradleWorkerMain.java:74)
</stacktrace>
</test-failure>


TypeScriptCompilerTests_L[jvm] > lambdaParamTypes_ts has expected errors matching lambdaParamTypes_errors_txt[jvm] FAILED

<test-failure test="com.xemantic.typescript.compiler.TypeScriptCompilerTests_L.libTypeScriptOverrideSimpleConfig_ts has expected errors matching libTypeScriptOverrideSimpleConfig_errors_txt" platform="jvm">
<message>
Expected diagnostics from baseline typescript-repo/tests/baselines/reference/libTypeScriptOverrideSimpleConfig.errors.txt but none produced
</message>
<stacktrace>
  at com.xemantic.typescript.compiler.TypeScriptTestSupportKt.errorsMatchBaseline(TypeScriptTestSupport.kt:125)
  at com.xemantic.typescript.compiler.TypeScriptCompilerTests_L.libTypeScriptOverrideSimpleConfig_ts has expected errors matching libTypeScriptOverrideSimpleConfig_errors_txt(TypeScriptCompilerTests_L.kt:735)
  at java.base/jdk.internal.reflect.DirectMethodHandleAccessor.invoke(DirectMethodHandleAccessor.java:104)
  at java.base/java.lang.reflect.Method.invoke(Method.java:565)
  at org.junit.runners.model.FrameworkMethod$1.runReflectiveCall(FrameworkMethod.java:59)
  at org.junit.internal.runners.model.ReflectiveCallable.run(ReflectiveCallable.java:12)
  at org.junit.runners.model.FrameworkMethod.invokeExplosively(FrameworkMethod.java:56)
  at org.junit.internal.runners.statements.InvokeMethod.evaluate(InvokeMethod.java:17)
  at org.junit.runners.ParentRunner$3.evaluate(ParentRunner.java:306)
  at org.junit.runners.BlockJUnit4ClassRunner$1.evaluate(BlockJUnit4ClassRunner.java:100)
  at org.junit.runners.ParentRunner.runLeaf(ParentRunner.java:366)
  at org.junit.runners.BlockJUnit4ClassRunner.runChild(BlockJUnit4ClassRunner.java:103)
  at org.junit.runners.BlockJUnit4ClassRunner.runChild(BlockJUnit4ClassRunner.java:63)
  at org.junit.runners.ParentRunner$4.run(ParentRunner.java:331)
  at org.junit.runners.ParentRunner$1.schedule(ParentRunner.java:79)
  at org.junit.runners.ParentRunner.runChildren(ParentRunner.java:329)
  at org.junit.runners.ParentRunner.access$100(ParentRunner.java:66)
  at org.junit.runners.ParentRunner$2.evaluate(ParentRunner.java:293)
  at org.junit.runners.ParentRunner$3.evaluate(ParentRunner.java:306)
  at org.junit.runners.ParentRunner.run(ParentRunner.java:413)
  at org.junit.runner.JUnitCore.run(JUnitCore.java:137)
  at org.junit.runner.JUnitCore.run(JUnitCore.java:115)
  at org.gradle.api.internal.tasks.testing.junit.JUnitTestExecutor.runRequest(JUnitTestExecutor.java:175)
  at org.gradle.api.internal.tasks.testing.junit.JUnitTestExecutor.accept(JUnitTestExecutor.java:84)
  at org.gradle.api.internal.tasks.testing.junit.JUnitTestExecutor.accept(JUnitTestExecutor.java:47)
  at org.gradle.api.internal.tasks.testing.junit.AbstractJUnitTestDefinitionProcessor.processTestDefinition(AbstractJUnitTestDefinitionProcessor.java:65)
  at org.gradle.api.internal.tasks.testing.SuiteTestDefinitionProcessor.processTestDefinition(SuiteTestDefinitionProcessor.java:54)
  at java.base/jdk.internal.reflect.DirectMethodHandleAccessor.invoke(DirectMethodHandleAccessor.java:104)
  at java.base/java.lang.reflect.Method.invoke(Method.java:565)
  at org.gradle.internal.dispatch.MethodInvocation.invokeOn(MethodInvocation.java:77)
  at org.gradle.internal.dispatch.ReflectionDispatch.dispatch(ReflectionDispatch.java:28)
  at org.gradle.internal.dispatch.ReflectionDispatch.dispatch(ReflectionDispatch.java:19)
  at org.gradle.internal.dispatch.ContextClassLoaderDispatch.dispatch(ContextClassLoaderDispatch.java:33)
  at org.gradle.internal.dispatch.ProxyDispatchAdapter$DispatchingInvocationHandler.invoke(ProxyDispatchAdapter.java:88)
  at jdk.proxy1/jdk.proxy1.$Proxy4.processTestDefinition(Unknown Source)
  at org.gradle.api.internal.tasks.testing.worker.TestWorker$2.run(TestWorker.java:178)
  at org.gradle.api.internal.tasks.testing.worker.TestWorker.executeAndMaintainThreadName(TestWorker.java:126)
  at org.gradle.api.internal.tasks.testing.worker.TestWorker.execute(TestWorker.java:103)
  at org.gradle.api.internal.tasks.testing.worker.TestWorker.execute(TestWorker.java:63)
  at org.gradle.process.internal.worker.child.ActionExecutionWorker.execute(ActionExecutionWorker.java:56)
  at org.gradle.process.internal.worker.child.SystemApplicationClassLoaderWorker.call(SystemApplicationClassLoaderWorker.java:122)
  at org.gradle.process.internal.worker.child.SystemApplicationClassLoaderWorker.call(SystemApplicationClassLoaderWorker.java:72)
  at worker.org.gradle.process.internal.worker.GradleWorkerMain.run(GradleWorkerMain.java:69)
  at worker.org.gradle.process.internal.worker.GradleWorkerMain.main(GradleWorkerMain.java:74)
</stacktrace>
</test-failure>


TypeScriptCompilerTests_L[jvm] > libTypeScriptOverrideSimpleConfig_ts has expected errors matching libTypeScriptOverrideSimpleConfig_errors_txt[jvm] FAILED

<test-failure test="com.xemantic.typescript.compiler.TypeScriptCompilerTests_L.limitDeepInstantiations_ts has expected errors matching limitDeepInstantiations_errors_txt" platform="jvm">
<message>
--- expected
+++ actual
@@ -1,14 +1,11 @@
-limitDeepInstantiations.ts(4,9): error TS2589: Type instantiation is excessively deep and possibly infinite.
 limitDeepInstantiations.ts(5,13): error TS2344: Type '"false"' does not satisfy the constraint '"true"'.
 
 
-==== limitDeepInstantiations.ts (2 errors) ====
+==== limitDeepInstantiations.ts (1 errors) ====
     // Repro from #14837
     
     type Foo<T extends "true", B> = { "true": Foo<T, Foo<T, B>> }[T];
     let f1: Foo<"true", {}>;
-            ~~~~~~~~~~~~~~~
-!!! error TS2589: Type instantiation is excessively deep and possibly infinite.
     let f2: Foo<"false", {}>;
                 ~~~~~~~
 !!! error TS2344: Type '"false"' does not satisfy the constraint '"true"'.

</message>
<stacktrace>
  at org.junit.Assert.fail(Assert.java:89)
  at kotlin.test.junit.JUnitAsserter.fail(JUnitSupport.kt:56)
  at kotlin.test.AssertionsKt__AssertionsKt.fail(Assertions.kt:563)
  at kotlin.test.AssertionsKt.fail(Unknown Source)
  at com.xemantic.kotlin.test.SameAsKt.sameAs(SameAs.kt:52)
  at com.xemantic.typescript.compiler.TypeScriptTestSupportKt.errorsMatchBaseline(TypeScriptTestSupport.kt:135)
  at com.xemantic.typescript.compiler.TypeScriptCompilerTests_L.limitDeepInstantiations_ts has expected errors matching limitDeepInstantiations_errors_txt(TypeScriptCompilerTests_L.kt:840)
  at java.base/jdk.internal.reflect.DirectMethodHandleAccessor.invoke(DirectMethodHandleAccessor.java:104)
  at java.base/java.lang.reflect.Method.invoke(Method.java:565)
  at org.junit.runners.model.FrameworkMethod$1.runReflectiveCall(FrameworkMethod.java:59)
  at org.junit.internal.runners.model.ReflectiveCallable.run(ReflectiveCallable.java:12)
  at org.junit.runners.model.FrameworkMethod.invokeExplosively(FrameworkMethod.java:56)
  at org.junit.internal.runners.statements.InvokeMethod.evaluate(InvokeMethod.java:17)
  at org.junit.runners.ParentRunner$3.evaluate(ParentRunner.java:306)
  at org.junit.runners.BlockJUnit4ClassRunner$1.evaluate(BlockJUnit4ClassRunner.java:100)
  at org.junit.runners.ParentRunner.runLeaf(ParentRunner.java:366)
  at org.junit.runners.BlockJUnit4ClassRunner.runChild(BlockJUnit4ClassRunner.java:103)
  at org.junit.runners.BlockJUnit4ClassRunner.runChild(BlockJUnit4ClassRunner.java:63)
  at org.junit.runners.ParentRunner$4.run(ParentRunner.java:331)
  at org.junit.runners.ParentRunner$1.schedule(ParentRunner.java:79)
  at org.junit.runners.ParentRunner.runChildren(ParentRunner.java:329)
  at org.junit.runners.ParentRunner.access$100(ParentRunner.java:66)
  at org.junit.runners.ParentRunner$2.evaluate(ParentRunner.java:293)
  at org.junit.runners.ParentRunner$3.evaluate(ParentRunner.java:306)
  at org.junit.runners.ParentRunner.run(ParentRunner.java:413)
  at org.junit.runner.JUnitCore.run(JUnitCore.java:137)
  at org.junit.runner.JUnitCore.run(JUnitCore.java:115)
  at org.gradle.api.internal.tasks.testing.junit.JUnitTestExecutor.runRequest(JUnitTestExecutor.java:175)
  at org.gradle.api.internal.tasks.testing.junit.JUnitTestExecutor.accept(JUnitTestExecutor.java:84)
  at org.gradle.api.internal.tasks.testing.junit.JUnitTestExecutor.accept(JUnitTestExecutor.java:47)
  at org.gradle.api.internal.tasks.testing.junit.AbstractJUnitTestDefinitionProcessor.processTestDefinition(AbstractJUnitTestDefinitionProcessor.java:65)
  at org.gradle.api.internal.tasks.testing.SuiteTestDefinitionProcessor.processTestDefinition(SuiteTestDefinitionProcessor.java:54)
  at java.base/jdk.internal.reflect.DirectMethodHandleAccessor.invoke(DirectMethodHandleAccessor.java:104)
  at java.base/java.lang.reflect.Method.invoke(Method.java:565)
  at org.gradle.internal.dispatch.MethodInvocation.invokeOn(MethodInvocation.java:77)
  at org.gradle.internal.dispatch.ReflectionDispatch.dispatch(ReflectionDispatch.java:28)
  at org.gradle.internal.dispatch.ReflectionDispatch.dispatch(ReflectionDispatch.java:19)
  at org.gradle.internal.dispatch.ContextClassLoaderDispatch.dispatch(ContextClassLoaderDispatch.java:33)
  at org.gradle.internal.dispatch.ProxyDispatchAdapter$DispatchingInvocationHandler.invoke(ProxyDispatchAdapter.java:88)
  at jdk.proxy1/jdk.proxy1.$Proxy4.processTestDefinition(Unknown Source)
  at org.gradle.api.internal.tasks.testing.worker.TestWorker$2.run(TestWorker.java:178)
  at org.gradle.api.internal.tasks.testing.worker.TestWorker.executeAndMaintainThreadName(TestWorker.java:126)
  at org.gradle.api.internal.tasks.testing.worker.TestWorker.execute(TestWorker.java:103)
  at org.gradle.api.internal.tasks.testing.worker.TestWorker.execute(TestWorker.java:63)
  at org.gradle.process.internal.worker.child.ActionExecutionWorker.execute(ActionExecutionWorker.java:56)
  at org.gradle.process.internal.worker.child.SystemApplicationClassLoaderWorker.call(SystemApplicationClassLoaderWorker.java:122)
  at org.gradle.process.internal.worker.child.SystemApplicationClassLoaderWorker.call(SystemApplicationClassLoaderWorker.java:72)
  at worker.org.gradle.process.internal.worker.GradleWorkerMain.run(GradleWorkerMain.java:69)
  at worker.org.gradle.process.internal.worker.GradleWorkerMain.main(GradleWorkerMain.java:74)
</stacktrace>
</test-failure>


TypeScriptCompilerTests_L[jvm] > limitDeepInstantiations_ts has expected errors matching limitDeepInstantiations_errors_txt[jvm] FAILED

<test-failure test="com.xemantic.typescript.compiler.TypeScriptCompilerTests_L.libTypeScriptOverrideSimple_ts has expected errors matching libTypeScriptOverrideSimple_errors_txt" platform="jvm">
<message>
Expected diagnostics from baseline typescript-repo/tests/baselines/reference/libTypeScriptOverrideSimple.errors.txt but none produced
</message>
<stacktrace>
  at com.xemantic.typescript.compiler.TypeScriptTestSupportKt.errorsMatchBaseline(TypeScriptTestSupport.kt:125)
  at com.xemantic.typescript.compiler.TypeScriptCompilerTests_L.libTypeScriptOverrideSimple_ts has expected errors matching libTypeScriptOverrideSimple_errors_txt(TypeScriptCompilerTests_L.kt:721)
  at java.base/jdk.internal.reflect.DirectMethodHandleAccessor.invoke(DirectMethodHandleAccessor.java:104)
  at java.base/java.lang.reflect.Method.invoke(Method.java:565)
  at org.junit.runners.model.FrameworkMethod$1.runReflectiveCall(FrameworkMethod.java:59)
  at org.junit.internal.runners.model.ReflectiveCallable.run(ReflectiveCallable.java:12)
  at org.junit.runners.model.FrameworkMethod.invokeExplosively(FrameworkMethod.java:56)
  at org.junit.internal.runners.statements.InvokeMethod.evaluate(InvokeMethod.java:17)
  at org.junit.runners.ParentRunner$3.evaluate(ParentRunner.java:306)
  at org.junit.runners.BlockJUnit4ClassRunner$1.evaluate(BlockJUnit4ClassRunner.java:100)
  at org.junit.runners.ParentRunner.runLeaf(ParentRunner.java:366)
  at org.junit.runners.BlockJUnit4ClassRunner.runChild(BlockJUnit4ClassRunner.java:103)
  at org.junit.runners.BlockJUnit4ClassRunner.runChild(BlockJUnit4ClassRunner.java:63)
  at org.junit.runners.ParentRunner$4.run(ParentRunner.java:331)
  at org.junit.runners.ParentRunner$1.schedule(ParentRunner.java:79)
  at org.junit.runners.ParentRunner.runChildren(ParentRunner.java:329)
  at org.junit.runners.ParentRunner.access$100(ParentRunner.java:66)
  at org.junit.runners.ParentRunner$2.evaluate(ParentRunner.java:293)
  at org.junit.runners.ParentRunner$3.evaluate(ParentRunner.java:306)
  at org.junit.runners.ParentRunner.run(ParentRunner.java:413)
  at org.junit.runner.JUnitCore.run(JUnitCore.java:137)
  at org.junit.runner.JUnitCore.run(JUnitCore.java:115)
  at org.gradle.api.internal.tasks.testing.junit.JUnitTestExecutor.runRequest(JUnitTestExecutor.java:175)
  at org.gradle.api.internal.tasks.testing.junit.JUnitTestExecutor.accept(JUnitTestExecutor.java:84)
  at org.gradle.api.internal.tasks.testing.junit.JUnitTestExecutor.accept(JUnitTestExecutor.java:47)
  at org.gradle.api.internal.tasks.testing.junit.AbstractJUnitTestDefinitionProcessor.processTestDefinition(AbstractJUnitTestDefinitionProcessor.java:65)
  at org.gradle.api.internal.tasks.testing.SuiteTestDefinitionProcessor.processTestDefinition(SuiteTestDefinitionProcessor.java:54)
  at java.base/jdk.internal.reflect.DirectMethodHandleAccessor.invoke(DirectMethodHandleAccessor.java:104)
  at java.base/java.lang.reflect.Method.invoke(Method.java:565)
  at org.gradle.internal.dispatch.MethodInvocation.invokeOn(MethodInvocation.java:77)
  at org.gradle.internal.dispatch.ReflectionDispatch.dispatch(ReflectionDispatch.java:28)
  at org.gradle.internal.dispatch.ReflectionDispatch.dispatch(ReflectionDispatch.java:19)
  at org.gradle.internal.dispatch.ContextClassLoaderDispatch.dispatch(ContextClassLoaderDispatch.java:33)
  at org.gradle.internal.dispatch.ProxyDispatchAdapter$DispatchingInvocationHandler.invoke(ProxyDispatchAdapter.java:88)
  at jdk.proxy1/jdk.proxy1.$Proxy4.processTestDefinition(Unknown Source)
  at org.gradle.api.internal.tasks.testing.worker.TestWorker$2.run(TestWorker.java:178)
  at org.gradle.api.internal.tasks.testing.worker.TestWorker.executeAndMaintainThreadName(TestWorker.java:126)
  at org.gradle.api.internal.tasks.testing.worker.TestWorker.execute(TestWorker.java:103)
  at org.gradle.api.internal.tasks.testing.worker.TestWorker.execute(TestWorker.java:63)
  at org.gradle.process.internal.worker.child.ActionExecutionWorker.execute(ActionExecutionWorker.java:56)
  at org.gradle.process.internal.worker.child.SystemApplicationClassLoaderWorker.call(SystemApplicationClassLoaderWorker.java:122)
  at org.gradle.process.internal.worker.child.SystemApplicationClassLoaderWorker.call(SystemApplicationClassLoaderWorker.java:72)
  at worker.org.gradle.process.internal.worker.GradleWorkerMain.run(GradleWorkerMain.java:69)
  at worker.org.gradle.process.internal.worker.GradleWorkerMain.main(GradleWorkerMain.java:74)
</stacktrace>
</test-failure>


TypeScriptCompilerTests_L[jvm] > libTypeScriptOverrideSimple_ts has expected errors matching libTypeScriptOverrideSimple_errors_txt[jvm] FAILED

<test-failure test="com.xemantic.typescript.compiler.TypeScriptCompilerTests_L.letDeclarations-useBeforeDefinition_ts has expected errors matching letDeclarations-useBeforeDefinition_errors_txt" platform="jvm">
<message>
--- expected
+++ actual
@@ -1,9 +1,8 @@
 letDeclarations-useBeforeDefinition.ts(2,5): error TS2448: Block-scoped variable 'l1' used before its declaration.
 letDeclarations-useBeforeDefinition.ts(8,5): error TS2448: Block-scoped variable 'v1' used before its declaration.
-letDeclarations-useBeforeDefinition.ts(8,5): error TS2454: Variable 'v1' is used before being assigned.
 
 
-==== letDeclarations-useBeforeDefinition.ts (3 errors) ====
+==== letDeclarations-useBeforeDefinition.ts (2 errors) ====
     {
         l1;
         ~~
@@ -18,7 +17,5 @@
         ~~
 !!! error TS2448: Block-scoped variable 'v1' used before its declaration.
 !!! related TS2728 letDeclarations-useBeforeDefinition.ts:9:9: 'v1' is declared here.
-        ~~
-!!! error TS2454: Variable 'v1' is used before being assigned.
         let v1 = 0;
     }

</message>
<stacktrace>
  at org.junit.Assert.fail(Assert.java:89)
  at kotlin.test.junit.JUnitAsserter.fail(JUnitSupport.kt:56)
  at kotlin.test.AssertionsKt__AssertionsKt.fail(Assertions.kt:563)
  at kotlin.test.AssertionsKt.fail(Unknown Source)
  at com.xemantic.kotlin.test.SameAsKt.sameAs(SameAs.kt:52)
  at com.xemantic.typescript.compiler.TypeScriptTestSupportKt.errorsMatchBaseline(TypeScriptTestSupport.kt:135)
  at com.xemantic.typescript.compiler.TypeScriptCompilerTests_L.letDeclarations-useBeforeDefinition_ts has expected errors matching letDeclarations-useBeforeDefinition_errors_txt(TypeScriptCompilerTests_L.kt:448)
  at java.base/jdk.internal.reflect.DirectMethodHandleAccessor.invoke(DirectMethodHandleAccessor.java:104)
  at java.base/java.lang.reflect.Method.invoke(Method.java:565)
  at org.junit.runners.model.FrameworkMethod$1.runReflectiveCall(FrameworkMethod.java:59)
  at org.junit.internal.runners.model.ReflectiveCallable.run(ReflectiveCallable.java:12)
  at org.junit.runners.model.FrameworkMethod.invokeExplosively(FrameworkMethod.java:56)
  at org.junit.internal.runners.statements.InvokeMethod.evaluate(InvokeMethod.java:17)
  at org.junit.runners.ParentRunner$3.evaluate(ParentRunner.java:306)
  at org.junit.runners.BlockJUnit4ClassRunner$1.evaluate(BlockJUnit4ClassRunner.java:100)
  at org.junit.runners.ParentRunner.runLeaf(ParentRunner.java:366)
  at org.junit.runners.BlockJUnit4ClassRunner.runChild(BlockJUnit4ClassRunner.java:103)
  at org.junit.runners.BlockJUnit4ClassRunner.runChild(BlockJUnit4ClassRunner.java:63)
  at org.junit.runners.ParentRunner$4.run(ParentRunner.java:331)
  at org.junit.runners.ParentRunner$1.schedule(ParentRunner.java:79)
  at org.junit.runners.ParentRunner.runChildren(ParentRunner.java:329)
  at org.junit.runners.ParentRunner.access$100(ParentRunner.java:66)
  at org.junit.runners.ParentRunner$2.evaluate(ParentRunner.java:293)
  at org.junit.runners.ParentRunner$3.evaluate(ParentRunner.java:306)
  at org.junit.runners.ParentRunner.run(ParentRunner.java:413)
  at org.junit.runner.JUnitCore.run(JUnitCore.java:137)
  at org.junit.runner.JUnitCore.run(JUnitCore.java:115)
  at org.gradle.api.internal.tasks.testing.junit.JUnitTestExecutor.runRequest(JUnitTestExecutor.java:175)
  at org.gradle.api.internal.tasks.testing.junit.JUnitTestExecutor.accept(JUnitTestExecutor.java:84)
  at org.gradle.api.internal.tasks.testing.junit.JUnitTestExecutor.accept(JUnitTestExecutor.java:47)
  at org.gradle.api.internal.tasks.testing.junit.AbstractJUnitTestDefinitionProcessor.processTestDefinition(AbstractJUnitTestDefinitionProcessor.java:65)
  at org.gradle.api.internal.tasks.testing.SuiteTestDefinitionProcessor.processTestDefinition(SuiteTestDefinitionProcessor.java:54)
  at java.base/jdk.internal.reflect.DirectMethodHandleAccessor.invoke(DirectMethodHandleAccessor.java:104)
  at java.base/java.lang.reflect.Method.invoke(Method.java:565)
  at org.gradle.internal.dispatch.MethodInvocation.invokeOn(MethodInvocation.java:77)
  at org.gradle.internal.dispatch.ReflectionDispatch.dispatch(ReflectionDispatch.java:28)
  at org.gradle.internal.dispatch.ReflectionDispatch.dispatch(ReflectionDispatch.java:19)
  at org.gradle.internal.dispatch.ContextClassLoaderDispatch.dispatch(ContextClassLoaderDispatch.java:33)
  at org.gradle.internal.dispatch.ProxyDispatchAdapter$DispatchingInvocationHandler.invoke(ProxyDispatchAdapter.java:88)
  at jdk.proxy1/jdk.proxy1.$Proxy4.processTestDefinition(Unknown Source)
  at org.gradle.api.internal.tasks.testing.worker.TestWorker$2.run(TestWorker.java:178)
  at org.gradle.api.internal.tasks.testing.worker.TestWorker.executeAndMaintainThreadName(TestWorker.java:126)
  at org.gradle.api.internal.tasks.testing.worker.TestWorker.execute(TestWorker.java:103)
  at org.gradle.api.internal.tasks.testing.worker.TestWorker.execute(TestWorker.java:63)
  at org.gradle.process.internal.worker.child.ActionExecutionWorker.execute(ActionExecutionWorker.java:56)
  at org.gradle.process.internal.worker.child.SystemApplicationClassLoaderWorker.call(SystemApplicationClassLoaderWorker.java:122)
  at org.gradle.process.internal.worker.child.SystemApplicationClassLoaderWorker.call(SystemApplicationClassLoaderWorker.java:72)
  at worker.org.gradle.process.internal.worker.GradleWorkerMain.run(GradleWorkerMain.java:69)
  at worker.org.gradle.process.internal.worker.GradleWorkerMain.main(GradleWorkerMain.java:74)
</stacktrace>
</test-failure>


TypeScriptCompilerTests_L[jvm] > letDeclarations-useBeforeDefinition_ts has expected errors matching letDeclarations-useBeforeDefinition_errors_txt[jvm] FAILED

<test-failure test="com.xemantic.typescript.compiler.TypeScriptCompilerTests_L.longObjectInstantiationChain2_ts has expected errors matching longObjectInstantiationChain2_errors_txt" platform="jvm">
<message>
Expected diagnostics from baseline typescript-repo/tests/baselines/reference/longObjectInstantiationChain2.errors.txt but none produced
</message>
<stacktrace>
  at com.xemantic.typescript.compiler.TypeScriptTestSupportKt.errorsMatchBaseline(TypeScriptTestSupport.kt:125)
  at com.xemantic.typescript.compiler.TypeScriptCompilerTests_L.longObjectInstantiationChain2_ts has expected errors matching longObjectInstantiationChain2_errors_txt(TypeScriptCompilerTests_L.kt:1008)
  at java.base/jdk.internal.reflect.DirectMethodHandleAccessor.invoke(DirectMethodHandleAccessor.java:104)
  at java.base/java.lang.reflect.Method.invoke(Method.java:565)
  at org.junit.runners.model.FrameworkMethod$1.runReflectiveCall(FrameworkMethod.java:59)
  at org.junit.internal.runners.model.ReflectiveCallable.run(ReflectiveCallable.java:12)
  at org.junit.runners.model.FrameworkMethod.invokeExplosively(FrameworkMethod.java:56)
  at org.junit.internal.runners.statements.InvokeMethod.evaluate(InvokeMethod.java:17)
  at org.junit.runners.ParentRunner$3.evaluate(ParentRunner.java:306)
  at org.junit.runners.BlockJUnit4ClassRunner$1.evaluate(BlockJUnit4ClassRunner.java:100)
  at org.junit.runners.ParentRunner.runLeaf(ParentRunner.java:366)
  at org.junit.runners.BlockJUnit4ClassRunner.runChild(BlockJUnit4ClassRunner.java:103)
  at org.junit.runners.BlockJUnit4ClassRunner.runChild(BlockJUnit4ClassRunner.java:63)
  at org.junit.runners.ParentRunner$4.run(ParentRunner.java:331)
  at org.junit.runners.ParentRunner$1.schedule(ParentRunner.java:79)
  at org.junit.runners.ParentRunner.runChildren(ParentRunner.java:329)
  at org.junit.runners.ParentRunner.access$100(ParentRunner.java:66)
  at org.junit.runners.ParentRunner$2.evaluate(ParentRunner.java:293)
  at org.junit.runners.ParentRunner$3.evaluate(ParentRunner.java:306)
  at org.junit.runners.ParentRunner.run(ParentRunner.java:413)
  at org.junit.runner.JUnitCore.run(JUnitCore.java:137)
  at org.junit.runner.JUnitCore.run(JUnitCore.java:115)
  at org.gradle.api.internal.tasks.testing.junit.JUnitTestExecutor.runRequest(JUnitTestExecutor.java:175)
  at org.gradle.api.internal.tasks.testing.junit.JUnitTestExecutor.accept(JUnitTestExecutor.java:84)
  at org.gradle.api.internal.tasks.testing.junit.JUnitTestExecutor.accept(JUnitTestExecutor.java:47)
  at org.gradle.api.internal.tasks.testing.junit.AbstractJUnitTestDefinitionProcessor.processTestDefinition(AbstractJUnitTestDefinitionProcessor.java:65)
  at org.gradle.api.internal.tasks.testing.SuiteTestDefinitionProcessor.processTestDefinition(SuiteTestDefinitionProcessor.java:54)
  at java.base/jdk.internal.reflect.DirectMethodHandleAccessor.invoke(DirectMethodHandleAccessor.java:104)
  at java.base/java.lang.reflect.Method.invoke(Method.java:565)
  at org.gradle.internal.dispatch.MethodInvocation.invokeOn(MethodInvocation.java:77)
  at org.gradle.internal.dispatch.ReflectionDispatch.dispatch(ReflectionDispatch.java:28)
  at org.gradle.internal.dispatch.ReflectionDispatch.dispatch(ReflectionDispatch.java:19)
  at org.gradle.internal.dispatch.ContextClassLoaderDispatch.dispatch(ContextClassLoaderDispatch.java:33)
  at org.gradle.internal.dispatch.ProxyDispatchAdapter$DispatchingInvocationHandler.invoke(ProxyDispatchAdapter.java:88)
  at jdk.proxy1/jdk.proxy1.$Proxy4.processTestDefinition(Unknown Source)
  at org.gradle.api.internal.tasks.testing.worker.TestWorker$2.run(TestWorker.java:178)
  at org.gradle.api.internal.tasks.testing.worker.TestWorker.executeAndMaintainThreadName(TestWorker.java:126)
  at org.gradle.api.internal.tasks.testing.worker.TestWorker.execute(TestWorker.java:103)
  at org.gradle.api.internal.tasks.testing.worker.TestWorker.execute(TestWorker.java:63)
  at org.gradle.process.internal.worker.child.ActionExecutionWorker.execute(ActionExecutionWorker.java:56)
  at org.gradle.process.internal.worker.child.SystemApplicationClassLoaderWorker.call(SystemApplicationClassLoaderWorker.java:122)
  at org.gradle.process.internal.worker.child.SystemApplicationClassLoaderWorker.call(SystemApplicationClassLoaderWorker.java:72)
  at worker.org.gradle.process.internal.worker.GradleWorkerMain.run(GradleWorkerMain.java:69)
  at worker.org.gradle.process.internal.worker.GradleWorkerMain.main(GradleWorkerMain.java:74)
</stacktrace>
</test-failure>


TypeScriptCompilerTests_L[jvm] > longObjectInstantiationChain2_ts has expected errors matching longObjectInstantiationChain2_errors_txt[jvm] FAILED

<test-failure test="com.xemantic.typescript.compiler.TypeScriptCompilerTests_L.letConstInCaseClauses_ts__target_es2015__has expected errors matching baseline" platform="jvm">
<message>
Expected diagnostics from baseline typescript-repo/tests/baselines/reference/letConstInCaseClauses(target=es2015).errors.txt but none produced
</message>
<stacktrace>
  at com.xemantic.typescript.compiler.TypeScriptTestSupportKt.errorsMatchBaseline(TypeScriptTestSupport.kt:125)
  at com.xemantic.typescript.compiler.TypeScriptCompilerTests_L.letConstInCaseClauses_ts__target_es2015__has expected errors matching baseline(TypeScriptCompilerTests_L.kt:245)
  at java.base/jdk.internal.reflect.DirectMethodHandleAccessor.invoke(DirectMethodHandleAccessor.java:104)
  at java.base/java.lang.reflect.Method.invoke(Method.java:565)
  at org.junit.runners.model.FrameworkMethod$1.runReflectiveCall(FrameworkMethod.java:59)
  at org.junit.internal.runners.model.ReflectiveCallable.run(ReflectiveCallable.java:12)
  at org.junit.runners.model.FrameworkMethod.invokeExplosively(FrameworkMethod.java:56)
  at org.junit.internal.runners.statements.InvokeMethod.evaluate(InvokeMethod.java:17)
  at org.junit.runners.ParentRunner$3.evaluate(ParentRunner.java:306)
  at org.junit.runners.BlockJUnit4ClassRunner$1.evaluate(BlockJUnit4ClassRunner.java:100)
  at org.junit.runners.ParentRunner.runLeaf(ParentRunner.java:366)
  at org.junit.runners.BlockJUnit4ClassRunner.runChild(BlockJUnit4ClassRunner.java:103)
  at org.junit.runners.BlockJUnit4ClassRunner.runChild(BlockJUnit4ClassRunner.java:63)
  at org.junit.runners.ParentRunner$4.run(ParentRunner.java:331)
  at org.junit.runners.ParentRunner$1.schedule(ParentRunner.java:79)
  at org.junit.runners.ParentRunner.runChildren(ParentRunner.java:329)
  at org.junit.runners.ParentRunner.access$100(ParentRunner.java:66)
  at org.junit.runners.ParentRunner$2.evaluate(ParentRunner.java:293)
  at org.junit.runners.ParentRunner$3.evaluate(ParentRunner.java:306)
  at org.junit.runners.ParentRunner.run(ParentRunner.java:413)
  at org.junit.runner.JUnitCore.run(JUnitCore.java:137)
  at org.junit.runner.JUnitCore.run(JUnitCore.java:115)
  at org.gradle.api.internal.tasks.testing.junit.JUnitTestExecutor.runRequest(JUnitTestExecutor.java:175)
  at org.gradle.api.internal.tasks.testing.junit.JUnitTestExecutor.accept(JUnitTestExecutor.java:84)
  at org.gradle.api.internal.tasks.testing.junit.JUnitTestExecutor.accept(JUnitTestExecutor.java:47)
  at org.gradle.api.internal.tasks.testing.junit.AbstractJUnitTestDefinitionProcessor.processTestDefinition(AbstractJUnitTestDefinitionProcessor.java:65)
  at org.gradle.api.internal.tasks.testing.SuiteTestDefinitionProcessor.processTestDefinition(SuiteTestDefinitionProcessor.java:54)
  at java.base/jdk.internal.reflect.DirectMethodHandleAccessor.invoke(DirectMethodHandleAccessor.java:104)
  at java.base/java.lang.reflect.Method.invoke(Method.java:565)
  at org.gradle.internal.dispatch.MethodInvocation.invokeOn(MethodInvocation.java:77)
  at org.gradle.internal.dispatch.ReflectionDispatch.dispatch(ReflectionDispatch.java:28)
  at org.gradle.internal.dispatch.ReflectionDispatch.dispatch(ReflectionDispatch.java:19)
  at org.gradle.internal.dispatch.ContextClassLoaderDispatch.dispatch(ContextClassLoaderDispatch.java:33)
  at org.gradle.internal.dispatch.ProxyDispatchAdapter$DispatchingInvocationHandler.invoke(ProxyDispatchAdapter.java:88)
  at jdk.proxy1/jdk.proxy1.$Proxy4.processTestDefinition(Unknown Source)
  at org.gradle.api.internal.tasks.testing.worker.TestWorker$2.run(TestWorker.java:178)
  at org.gradle.api.internal.tasks.testing.worker.TestWorker.executeAndMaintainThreadName(TestWorker.java:126)
  at org.gradle.api.internal.tasks.testing.worker.TestWorker.execute(TestWorker.java:103)
  at org.gradle.api.internal.tasks.testing.worker.TestWorker.execute(TestWorker.java:63)
  at org.gradle.process.internal.worker.child.ActionExecutionWorker.execute(ActionExecutionWorker.java:56)
  at org.gradle.process.internal.worker.child.SystemApplicationClassLoaderWorker.call(SystemApplicationClassLoaderWorker.java:122)
  at org.gradle.process.internal.worker.child.SystemApplicationClassLoaderWorker.call(SystemApplicationClassLoaderWorker.java:72)
  at worker.org.gradle.process.internal.worker.GradleWorkerMain.run(GradleWorkerMain.java:69)
  at worker.org.gradle.process.internal.worker.GradleWorkerMain.main(GradleWorkerMain.java:74)
</stacktrace>
</test-failure>


TypeScriptCompilerTests_L[jvm] > letConstInCaseClauses_ts__target_es2015__has expected errors matching baseline[jvm] FAILED

<test-failure test="com.xemantic.typescript.compiler.TypeScriptCompilerTests_L.literalTypeNameAssertionNotTriggered_ts has expected errors matching literalTypeNameAssertionNotTriggered_errors_txt" platform="jvm">
<message>
Expected diagnostics from baseline typescript-repo/tests/baselines/reference/literalTypeNameAssertionNotTriggered.errors.txt but none produced
</message>
<stacktrace>
  at com.xemantic.typescript.compiler.TypeScriptTestSupportKt.errorsMatchBaseline(TypeScriptTestSupport.kt:125)
  at com.xemantic.typescript.compiler.TypeScriptCompilerTests_L.literalTypeNameAssertionNotTriggered_ts has expected errors matching literalTypeNameAssertionNotTriggered_errors_txt(TypeScriptCompilerTests_L.kt:889)
  at java.base/jdk.internal.reflect.DirectMethodHandleAccessor.invoke(DirectMethodHandleAccessor.java:104)
  at java.base/java.lang.reflect.Method.invoke(Method.java:565)
  at org.junit.runners.model.FrameworkMethod$1.runReflectiveCall(FrameworkMethod.java:59)
  at org.junit.internal.runners.model.ReflectiveCallable.run(ReflectiveCallable.java:12)
  at org.junit.runners.model.FrameworkMethod.invokeExplosively(FrameworkMethod.java:56)
  at org.junit.internal.runners.statements.InvokeMethod.evaluate(InvokeMethod.java:17)
  at org.junit.runners.ParentRunner$3.evaluate(ParentRunner.java:306)
  at org.junit.runners.BlockJUnit4ClassRunner$1.evaluate(BlockJUnit4ClassRunner.java:100)
  at org.junit.runners.ParentRunner.runLeaf(ParentRunner.java:366)
  at org.junit.runners.BlockJUnit4ClassRunner.runChild(BlockJUnit4ClassRunner.java:103)
  at org.junit.runners.BlockJUnit4ClassRunner.runChild(BlockJUnit4ClassRunner.java:63)
  at org.junit.runners.ParentRunner$4.run(ParentRunner.java:331)
  at org.junit.runners.ParentRunner$1.schedule(ParentRunner.java:79)
  at org.junit.runners.ParentRunner.runChildren(ParentRunner.java:329)
  at org.junit.runners.ParentRunner.access$100(ParentRunner.java:66)
  at org.junit.runners.ParentRunner$2.evaluate(ParentRunner.java:293)
  at org.junit.runners.ParentRunner$3.evaluate(ParentRunner.java:306)
  at org.junit.runners.ParentRunner.run(ParentRunner.java:413)
  at org.junit.runner.JUnitCore.run(JUnitCore.java:137)
  at org.junit.runner.JUnitCore.run(JUnitCore.java:115)
  at org.gradle.api.internal.tasks.testing.junit.JUnitTestExecutor.runRequest(JUnitTestExecutor.java:175)
  at org.gradle.api.internal.tasks.testing.junit.JUnitTestExecutor.accept(JUnitTestExecutor.java:84)
  at org.gradle.api.internal.tasks.testing.junit.JUnitTestExecutor.accept(JUnitTestExecutor.java:47)
  at org.gradle.api.internal.tasks.testing.junit.AbstractJUnitTestDefinitionProcessor.processTestDefinition(AbstractJUnitTestDefinitionProcessor.java:65)
  at org.gradle.api.internal.tasks.testing.SuiteTestDefinitionProcessor.processTestDefinition(SuiteTestDefinitionProcessor.java:54)
  at java.base/jdk.internal.reflect.DirectMethodHandleAccessor.invoke(DirectMethodHandleAccessor.java:104)
  at java.base/java.lang.reflect.Method.invoke(Method.java:565)
  at org.gradle.internal.dispatch.MethodInvocation.invokeOn(MethodInvocation.java:77)
  at org.gradle.internal.dispatch.ReflectionDispatch.dispatch(ReflectionDispatch.java:28)
  at org.gradle.internal.dispatch.ReflectionDispatch.dispatch(ReflectionDispatch.java:19)
  at org.gradle.internal.dispatch.ContextClassLoaderDispatch.dispatch(ContextClassLoaderDispatch.java:33)
  at org.gradle.internal.dispatch.ProxyDispatchAdapter$DispatchingInvocationHandler.invoke(ProxyDispatchAdapter.java:88)
  at jdk.proxy1/jdk.proxy1.$Proxy4.processTestDefinition(Unknown Source)
  at org.gradle.api.internal.tasks.testing.worker.TestWorker$2.run(TestWorker.java:178)
  at org.gradle.api.internal.tasks.testing.worker.TestWorker.executeAndMaintainThreadName(TestWorker.java:126)
  at org.gradle.api.internal.tasks.testing.worker.TestWorker.execute(TestWorker.java:103)
  at org.gradle.api.internal.tasks.testing.worker.TestWorker.execute(TestWorker.java:63)
  at org.gradle.process.internal.worker.child.ActionExecutionWorker.execute(ActionExecutionWorker.java:56)
  at org.gradle.process.internal.worker.child.SystemApplicationClassLoaderWorker.call(SystemApplicationClassLoaderWorker.java:122)
  at org.gradle.process.internal.worker.child.SystemApplicationClassLoaderWorker.call(SystemApplicationClassLoaderWorker.java:72)
  at worker.org.gradle.process.internal.worker.GradleWorkerMain.run(GradleWorkerMain.java:69)
  at worker.org.gradle.process.internal.worker.GradleWorkerMain.main(GradleWorkerMain.java:74)
</stacktrace>
</test-failure>


TypeScriptCompilerTests_L[jvm] > literalTypeNameAssertionNotTriggered_ts has expected errors matching literalTypeNameAssertionNotTriggered_errors_txt[jvm] FAILED

<test-failure test="com.xemantic.typescript.compiler.TypeScriptCompilerTests_L.longObjectInstantiationChain3_ts has expected errors matching longObjectInstantiationChain3_errors_txt" platform="jvm">
<message>
Expected diagnostics from baseline typescript-repo/tests/baselines/reference/longObjectInstantiationChain3.errors.txt but none produced
</message>
<stacktrace>
  at com.xemantic.typescript.compiler.TypeScriptTestSupportKt.errorsMatchBaseline(TypeScriptTestSupport.kt:125)
  at com.xemantic.typescript.compiler.TypeScriptCompilerTests_L.longObjectInstantiationChain3_ts has expected errors matching longObjectInstantiationChain3_errors_txt(TypeScriptCompilerTests_L.kt:1015)
  at java.base/jdk.internal.reflect.DirectMethodHandleAccessor.invoke(DirectMethodHandleAccessor.java:104)
  at java.base/java.lang.reflect.Method.invoke(Method.java:565)
  at org.junit.runners.model.FrameworkMethod$1.runReflectiveCall(FrameworkMethod.java:59)
  at org.junit.internal.runners.model.ReflectiveCallable.run(ReflectiveCallable.java:12)
  at org.junit.runners.model.FrameworkMethod.invokeExplosively(FrameworkMethod.java:56)
  at org.junit.internal.runners.statements.InvokeMethod.evaluate(InvokeMethod.java:17)
  at org.junit.runners.ParentRunner$3.evaluate(ParentRunner.java:306)
  at org.junit.runners.BlockJUnit4ClassRunner$1.evaluate(BlockJUnit4ClassRunner.java:100)
  at org.junit.runners.ParentRunner.runLeaf(ParentRunner.java:366)
  at org.junit.runners.BlockJUnit4ClassRunner.runChild(BlockJUnit4ClassRunner.java:103)
  at org.junit.runners.BlockJUnit4ClassRunner.runChild(BlockJUnit4ClassRunner.java:63)
  at org.junit.runners.ParentRunner$4.run(ParentRunner.java:331)
  at org.junit.runners.ParentRunner$1.schedule(ParentRunner.java:79)
  at org.junit.runners.ParentRunner.runChildren(ParentRunner.java:329)
  at org.junit.runners.ParentRunner.access$100(ParentRunner.java:66)
  at org.junit.runners.ParentRunner$2.evaluate(ParentRunner.java:293)
  at org.junit.runners.ParentRunner$3.evaluate(ParentRunner.java:306)
  at org.junit.runners.ParentRunner.run(ParentRunner.java:413)
  at org.junit.runner.JUnitCore.run(JUnitCore.java:137)
  at org.junit.runner.JUnitCore.run(JUnitCore.java:115)
  at org.gradle.api.internal.tasks.testing.junit.JUnitTestExecutor.runRequest(JUnitTestExecutor.java:175)
  at org.gradle.api.internal.tasks.testing.junit.JUnitTestExecutor.accept(JUnitTestExecutor.java:84)
  at org.gradle.api.internal.tasks.testing.junit.JUnitTestExecutor.accept(JUnitTestExecutor.java:47)
  at org.gradle.api.internal.tasks.testing.junit.AbstractJUnitTestDefinitionProcessor.processTestDefinition(AbstractJUnitTestDefinitionProcessor.java:65)
  at org.gradle.api.internal.tasks.testing.SuiteTestDefinitionProcessor.processTestDefinition(SuiteTestDefinitionProcessor.java:54)
  at java.base/jdk.internal.reflect.DirectMethodHandleAccessor.invoke(DirectMethodHandleAccessor.java:104)
  at java.base/java.lang.reflect.Method.invoke(Method.java:565)
  at org.gradle.internal.dispatch.MethodInvocation.invokeOn(MethodInvocation.java:77)
  at org.gradle.internal.dispatch.ReflectionDispatch.dispatch(ReflectionDispatch.java:28)
  at org.gradle.internal.dispatch.ReflectionDispatch.dispatch(ReflectionDispatch.java:19)
  at org.gradle.internal.dispatch.ContextClassLoaderDispatch.dispatch(ContextClassLoaderDispatch.java:33)
  at org.gradle.internal.dispatch.ProxyDispatchAdapter$DispatchingInvocationHandler.invoke(ProxyDispatchAdapter.java:88)
  at jdk.proxy1/jdk.proxy1.$Proxy4.processTestDefinition(Unknown Source)
  at org.gradle.api.internal.tasks.testing.worker.TestWorker$2.run(TestWorker.java:178)
  at org.gradle.api.internal.tasks.testing.worker.TestWorker.executeAndMaintainThreadName(TestWorker.java:126)
  at org.gradle.api.internal.tasks.testing.worker.TestWorker.execute(TestWorker.java:103)
  at org.gradle.api.internal.tasks.testing.worker.TestWorker.execute(TestWorker.java:63)
  at org.gradle.process.internal.worker.child.ActionExecutionWorker.execute(ActionExecutionWorker.java:56)
  at org.gradle.process.internal.worker.child.SystemApplicationClassLoaderWorker.call(SystemApplicationClassLoaderWorker.java:122)
  at org.gradle.process.internal.worker.child.SystemApplicationClassLoaderWorker.call(SystemApplicationClassLoaderWorker.java:72)
  at worker.org.gradle.process.internal.worker.GradleWorkerMain.run(GradleWorkerMain.java:69)
  at worker.org.gradle.process.internal.worker.GradleWorkerMain.main(GradleWorkerMain.java:74)
</stacktrace>
</test-failure>


TypeScriptCompilerTests_L[jvm] > longObjectInstantiationChain3_ts has expected errors matching longObjectInstantiationChain3_errors_txt[jvm] FAILED

<test-failure test="com.xemantic.typescript.compiler.TypeScriptCompilerTests_L.letDeclarations-scopes-duplicates_ts has expected errors matching letDeclarations-scopes-duplicates_errors_txt" platform="jvm">
<message>
--- expected
+++ actual
@@ -8,23 +8,13 @@
 letDeclarations-scopes-duplicates.ts(12,7): error TS2451: Cannot redeclare block-scoped variable 'var4'.
 letDeclarations-scopes-duplicates.ts(14,5): error TS2300: Duplicate identifier 'var5'.
 letDeclarations-scopes-duplicates.ts(15,5): error TS2300: Duplicate identifier 'var5'.
-letDeclarations-scopes-duplicates.ts(17,5): error TS2451: Cannot redeclare block-scoped variable 'var6'.
-letDeclarations-scopes-duplicates.ts(18,5): error TS2451: Cannot redeclare block-scoped variable 'var6'.
-letDeclarations-scopes-duplicates.ts(21,9): error TS2451: Cannot redeclare block-scoped variable 'var7'.
-letDeclarations-scopes-duplicates.ts(22,9): error TS2451: Cannot redeclare block-scoped variable 'var7'.
-letDeclarations-scopes-duplicates.ts(24,13): error TS2451: Cannot redeclare block-scoped variable 'var8'.
-letDeclarations-scopes-duplicates.ts(25,15): error TS2451: Cannot redeclare block-scoped variable 'var8'.
-letDeclarations-scopes-duplicates.ts(31,13): error TS2451: Cannot redeclare block-scoped variable 'var9'.
-letDeclarations-scopes-duplicates.ts(32,13): error TS2451: Cannot redeclare block-scoped variable 'var9'.
-letDeclarations-scopes-duplicates.ts(36,11): error TS2451: Cannot redeclare block-scoped variable 'var10'.
-letDeclarations-scopes-duplicates.ts(37,11): error TS2451: Cannot redeclare block-scoped variable 'var10'.
-letDeclarations-scopes-duplicates.ts(40,9): error TS2451: Cannot redeclare block-scoped variable 'var11'.
-letDeclarations-scopes-duplicates.ts(41,9): error TS2451: Cannot redeclare block-scoped variable 'var11'.
+letDeclarations-scopes-duplicates.ts(17,5): error TS2300: Duplicate identifier 'var6'.
+letDeclarations-scopes-duplicates.ts(18,5): error TS2300: Duplicate identifier 'var6'.
 letDeclarations-scopes-duplicates.ts(45,9): error TS2451: Cannot redeclare block-scoped variable 'var12'.
 letDeclarations-scopes-duplicates.ts(46,9): error TS2451: Cannot redeclare block-scoped variable 'var12'.
 
 
-==== letDeclarations-scopes-duplicates.ts (24 errors) ====
+==== letDeclarations-scopes-duplicates.ts (14 errors) ====
     // Errors: redeclaration
     let var1 = 0;
         ~~~~
@@ -63,53 +53,33 @@
     
     let var6 = 0;
         ~~~~
-!!! error TS2451: Cannot redeclare block-scoped variable 'var6'.
+!!! error TS2300: Duplicate identifier 'var6'.
     var var6 = 0;
         ~~~~
-!!! error TS2451: Cannot redeclare block-scoped variable 'var6'.
+!!! error TS2300: Duplicate identifier 'var6'.
     
     {
         let var7 = 0;
-            ~~~~
-!!! error TS2451: Cannot redeclare block-scoped variable 'var7'.
         let var7 = 0;
-            ~~~~
-!!! error TS2451: Cannot redeclare block-scoped variable 'var7'.
         {
             let var8 = 0;
-                ~~~~
-!!! error TS2451: Cannot redeclare block-scoped variable 'var8'.
             const var8 = 0;
-                  ~~~~
-!!! error TS2451: Cannot redeclare block-scoped variable 'var8'.
         }
     }
     
     switch (0) {
         default:
             let var9 = 0;
-                ~~~~
-!!! error TS2451: Cannot redeclare block-scoped variable 'var9'.
             let var9 = 0;
-                ~~~~
-!!! error TS2451: Cannot redeclare block-scoped variable 'var9'.
     }
     
     try {
         const var10 = 0;
-              ~~~~~
-!!! error TS2451: Cannot redeclare block-scoped variable 'var10'.
         const var10 = 0;
-              ~~~~~
-!!! error TS2451: Cannot redeclare block-scoped variable 'var10'.
     }
     catch (e) {
         let var11 = 0;
-            ~~~~~
-!!! error TS2451: Cannot redeclare block-scoped variable 'var11'.
         let var11 = 0;
-            ~~~~~
-!!! error TS2451: Cannot redeclare block-scoped variable 'var11'.
     }
     
     function F1() {

</message>
<stacktrace>
  at org.junit.Assert.fail(Assert.java:89)
  at kotlin.test.junit.JUnitAsserter.fail(JUnitSupport.kt:56)
  at kotlin.test.AssertionsKt__AssertionsKt.fail(Assertions.kt:563)
  at kotlin.test.AssertionsKt.fail(Unknown Source)
  at com.xemantic.kotlin.test.SameAsKt.sameAs(SameAs.kt:52)
  at com.xemantic.typescript.compiler.TypeScriptTestSupportKt.errorsMatchBaseline(TypeScriptTestSupport.kt:135)
  at com.xemantic.typescript.compiler.TypeScriptCompilerTests_L.letDeclarations-scopes-duplicates_ts has expected errors matching letDeclarations-scopes-duplicates_errors_txt(TypeScriptCompilerTests_L.kt:322)
  at java.base/jdk.internal.reflect.DirectMethodHandleAccessor.invoke(DirectMethodHandleAccessor.java:104)
  at java.base/java.lang.reflect.Method.invoke(Method.java:565)
  at org.junit.runners.model.FrameworkMethod$1.runReflectiveCall(FrameworkMethod.java:59)
  at org.junit.internal.runners.model.ReflectiveCallable.run(ReflectiveCallable.java:12)
  at org.junit.runners.model.FrameworkMethod.invokeExplosively(FrameworkMethod.java:56)
  at org.junit.internal.runners.statements.InvokeMethod.evaluate(InvokeMethod.java:17)
  at org.junit.runners.ParentRunner$3.evaluate(ParentRunner.java:306)
  at org.junit.runners.BlockJUnit4ClassRunner$1.evaluate(BlockJUnit4ClassRunner.java:100)
  at org.junit.runners.ParentRunner.runLeaf(ParentRunner.java:366)
  at org.junit.runners.BlockJUnit4ClassRunner.runChild(BlockJUnit4ClassRunner.java:103)
  at org.junit.runners.BlockJUnit4ClassRunner.runChild(BlockJUnit4ClassRunner.java:63)
  at org.junit.runners.ParentRunner$4.run(ParentRunner.java:331)
  at org.junit.runners.ParentRunner$1.schedule(ParentRunner.java:79)
  at org.junit.runners.ParentRunner.runChildren(ParentRunner.java:329)
  at org.junit.runners.ParentRunner.access$100(ParentRunner.java:66)
  at org.junit.runners.ParentRunner$2.evaluate(ParentRunner.java:293)
  at org.junit.runners.ParentRunner$3.evaluate(ParentRunner.java:306)
  at org.junit.runners.ParentRunner.run(ParentRunner.java:413)
  at org.junit.runner.JUnitCore.run(JUnitCore.java:137)
  at org.junit.runner.JUnitCore.run(JUnitCore.java:115)
  at org.gradle.api.internal.tasks.testing.junit.JUnitTestExecutor.runRequest(JUnitTestExecutor.java:175)
  at org.gradle.api.internal.tasks.testing.junit.JUnitTestExecutor.accept(JUnitTestExecutor.java:84)
  at org.gradle.api.internal.tasks.testing.junit.JUnitTestExecutor.accept(JUnitTestExecutor.java:47)
  at org.gradle.api.internal.tasks.testing.junit.AbstractJUnitTestDefinitionProcessor.processTestDefinition(AbstractJUnitTestDefinitionProcessor.java:65)
  at org.gradle.api.internal.tasks.testing.SuiteTestDefinitionProcessor.processTestDefinition(SuiteTestDefinitionProcessor.java:54)
  at java.base/jdk.internal.reflect.DirectMethodHandleAccessor.invoke(DirectMethodHandleAccessor.java:104)
  at java.base/java.lang.reflect.Method.invoke(Method.java:565)
  at org.gradle.internal.dispatch.MethodInvocation.invokeOn(MethodInvocation.java:77)
  at org.gradle.internal.dispatch.ReflectionDispatch.dispatch(ReflectionDispatch.java:28)
  at org.gradle.internal.dispatch.ReflectionDispatch.dispatch(ReflectionDispatch.java:19)
  at org.gradle.internal.dispatch.ContextClassLoaderDispatch.dispatch(ContextClassLoaderDispatch.java:33)
  at org.gradle.internal.dispatch.ProxyDispatchAdapter$DispatchingInvocationHandler.invoke(ProxyDispatchAdapter.java:88)
  at jdk.proxy1/jdk.proxy1.$Proxy4.processTestDefinition(Unknown Source)
  at org.gradle.api.internal.tasks.testing.worker.TestWorker$2.run(TestWorker.java:178)
  at org.gradle.api.internal.tasks.testing.worker.TestWorker.executeAndMaintainThreadName(TestWorker.java:126)
  at org.gradle.api.internal.tasks.testing.worker.TestWorker.execute(TestWorker.java:103)
  at org.gradle.api.internal.tasks.testing.worker.TestWorker.execute(TestWorker.java:63)
  at org.gradle.process.internal.worker.child.ActionExecutionWorker.execute(ActionExecutionWorker.java:56)
  at org.gradle.process.internal.worker.child.SystemApplicationClassLoaderWorker.call(SystemApplicationClassLoaderWorker.java:122)
  at org.gradle.process.internal.worker.child.SystemApplicationClassLoaderWorker.call(SystemApplicationClassLoaderWorker.java:72)
  at worker.org.gradle.process.internal.worker.GradleWorkerMain.run(GradleWorkerMain.java:69)
  at worker.org.gradle.process.internal.worker.GradleWorkerMain.main(GradleWorkerMain.java:74)
</stacktrace>
</test-failure>


TypeScriptCompilerTests_L[jvm] > letDeclarations-scopes-duplicates_ts has expected errors matching letDeclarations-scopes-duplicates_errors_txt[jvm] FAILED

<test-failure test="com.xemantic.typescript.compiler.TypeScriptCompilerTests_L.libMembers_ts has expected errors matching libMembers_errors_txt" platform="jvm">
<message>
--- expected
+++ actual
@@ -1,16 +1,11 @@
-libMembers.ts(4,3): error TS2551: Property 'subby' does not exist on type 'string'. Did you mean 'sub'?
 libMembers.ts(9,17): error TS1011: An element access expression should take an argument.
-libMembers.ts(12,15): error TS2339: Property 'prototype' does not exist on type 'C'.
 
 
-==== libMembers.ts (3 errors) ====
+==== libMembers.ts (1 errors) ====
     var s="hello";
     s.substring(0);
     s.substring(3,4);
     s.subby(12);   // error unresolved
-      ~~~~~
-!!! error TS2551: Property 'subby' does not exist on type 'string'. Did you mean 'sub'?
-!!! related TS2728 lib.es2015.core.d.ts:--:--: 'sub' is declared here.
     String.fromCharCode(12);
     namespace M {
         export class C {
@@ -21,6 +16,4 @@
         a.length;
         a.push(new C());
         (new C()).prototype;
-                  ~~~~~~~~~
-!!! error TS2339: Property 'prototype' does not exist on type 'C'.
     }

</message>
<stacktrace>
  at org.junit.Assert.fail(Assert.java:89)
  at kotlin.test.junit.JUnitAsserter.fail(JUnitSupport.kt:56)
  at kotlin.test.AssertionsKt__AssertionsKt.fail(Assertions.kt:563)
  at kotlin.test.AssertionsKt.fail(Unknown Source)
  at com.xemantic.kotlin.test.SameAsKt.sameAs(SameAs.kt:52)
  at com.xemantic.typescript.compiler.TypeScriptTestSupportKt.errorsMatchBaseline(TypeScriptTestSupport.kt:135)
  at com.xemantic.typescript.compiler.TypeScriptCompilerTests_L.libMembers_ts has expected errors matching libMembers_errors_txt(TypeScriptCompilerTests_L.kt:707)
  at java.base/jdk.internal.reflect.DirectMethodHandleAccessor.invoke(DirectMethodHandleAccessor.java:104)
  at java.base/java.lang.reflect.Method.invoke(Method.java:565)
  at org.junit.runners.model.FrameworkMethod$1.runReflectiveCall(FrameworkMethod.java:59)
  at org.junit.internal.runners.model.ReflectiveCallable.run(ReflectiveCallable.java:12)
  at org.junit.runners.model.FrameworkMethod.invokeExplosively(FrameworkMethod.java:56)
  at org.junit.internal.runners.statements.InvokeMethod.evaluate(InvokeMethod.java:17)
  at org.junit.runners.ParentRunner$3.evaluate(ParentRunner.java:306)
  at org.junit.runners.BlockJUnit4ClassRunner$1.evaluate(BlockJUnit4ClassRunner.java:100)
  at org.junit.runners.ParentRunner.runLeaf(ParentRunner.java:366)
  at org.junit.runners.BlockJUnit4ClassRunner.runChild(BlockJUnit4ClassRunner.java:103)
  at org.junit.runners.BlockJUnit4ClassRunner.runChild(BlockJUnit4ClassRunner.java:63)
  at org.junit.runners.ParentRunner$4.run(ParentRunner.java:331)
  at org.junit.runners.ParentRunner$1.schedule(ParentRunner.java:79)
  at org.junit.runners.ParentRunner.runChildren(ParentRunner.java:329)
  at org.junit.runners.ParentRunner.access$100(ParentRunner.java:66)
  at org.junit.runners.ParentRunner$2.evaluate(ParentRunner.java:293)
  at org.junit.runners.ParentRunner$3.evaluate(ParentRunner.java:306)
  at org.junit.runners.ParentRunner.run(ParentRunner.java:413)
  at org.junit.runner.JUnitCore.run(JUnitCore.java:137)
  at org.junit.runner.JUnitCore.run(JUnitCore.java:115)
  at org.gradle.api.internal.tasks.testing.junit.JUnitTestExecutor.runRequest(JUnitTestExecutor.java:175)
  at org.gradle.api.internal.tasks.testing.junit.JUnitTestExecutor.accept(JUnitTestExecutor.java:84)
  at org.gradle.api.internal.tasks.testing.junit.JUnitTestExecutor.accept(JUnitTestExecutor.java:47)
  at org.gradle.api.internal.tasks.testing.junit.AbstractJUnitTestDefinitionProcessor.processTestDefinition(AbstractJUnitTestDefinitionProcessor.java:65)
  at org.gradle.api.internal.tasks.testing.SuiteTestDefinitionProcessor.processTestDefinition(SuiteTestDefinitionProcessor.java:54)
  at java.base/jdk.internal.reflect.DirectMethodHandleAccessor.invoke(DirectMethodHandleAccessor.java:104)
  at java.base/java.lang.reflect.Method.invoke(Method.java:565)
  at org.gradle.internal.dispatch.MethodInvocation.invokeOn(MethodInvocation.java:77)
  at org.gradle.internal.dispatch.ReflectionDispatch.dispatch(ReflectionDispatch.java:28)
  at org.gradle.internal.dispatch.ReflectionDispatch.dispatch(ReflectionDispatch.java:19)
  at org.gradle.internal.dispatch.ContextClassLoaderDispatch.dispatch(ContextClassLoaderDispatch.java:33)
  at org.gradle.internal.dispatch.ProxyDispatchAdapter$DispatchingInvocationHandler.invoke(ProxyDispatchAdapter.java:88)
  at jdk.proxy1/jdk.proxy1.$Proxy4.processTestDefinition(Unknown Source)
  at org.gradle.api.internal.tasks.testing.worker.TestWorker$2.run(TestWorker.java:178)
  at org.gradle.api.internal.tasks.testing.worker.TestWorker.executeAndMaintainThreadName(TestWorker.java:126)
  at org.gradle.api.internal.tasks.testing.worker.TestWorker.execute(TestWorker.java:103)
  at org.gradle.api.internal.tasks.testing.worker.TestWorker.execute(TestWorker.java:63)
  at org.gradle.process.internal.worker.child.ActionExecutionWorker.execute(ActionExecutionWorker.java:56)
  at org.gradle.process.internal.worker.child.SystemApplicationClassLoaderWorker.call(SystemApplicationClassLoaderWorker.java:122)
  at org.gradle.process.internal.worker.child.SystemApplicationClassLoaderWorker.call(SystemApplicationClassLoaderWorker.java:72)
  at worker.org.gradle.process.internal.worker.GradleWorkerMain.run(GradleWorkerMain.java:69)
  at worker.org.gradle.process.internal.worker.GradleWorkerMain.main(GradleWorkerMain.java:74)
</stacktrace>
</test-failure>


TypeScriptCompilerTests_L[jvm] > libMembers_ts has expected errors matching libMembers_errors_txt[jvm] FAILED

<test-failure test="com.xemantic.typescript.compiler.TypeScriptCompilerTests_L.lambdaPropSelf_ts has expected errors matching lambdaPropSelf_errors_txt" platform="jvm">
<message>
Expected diagnostics from baseline typescript-repo/tests/baselines/reference/lambdaPropSelf.errors.txt but none produced
</message>
<stacktrace>
  at com.xemantic.typescript.compiler.TypeScriptTestSupportKt.errorsMatchBaseline(TypeScriptTestSupport.kt:125)
  at com.xemantic.typescript.compiler.TypeScriptCompilerTests_L.lambdaPropSelf_ts has expected errors matching lambdaPropSelf_errors_txt(TypeScriptCompilerTests_L.kt:70)
  at java.base/jdk.internal.reflect.DirectMethodHandleAccessor.invoke(DirectMethodHandleAccessor.java:104)
  at java.base/java.lang.reflect.Method.invoke(Method.java:565)
  at org.junit.runners.model.FrameworkMethod$1.runReflectiveCall(FrameworkMethod.java:59)
  at org.junit.internal.runners.model.ReflectiveCallable.run(ReflectiveCallable.java:12)
  at org.junit.runners.model.FrameworkMethod.invokeExplosively(FrameworkMethod.java:56)
  at org.junit.internal.runners.statements.InvokeMethod.evaluate(InvokeMethod.java:17)
  at org.junit.runners.ParentRunner$3.evaluate(ParentRunner.java:306)
  at org.junit.runners.BlockJUnit4ClassRunner$1.evaluate(BlockJUnit4ClassRunner.java:100)
  at org.junit.runners.ParentRunner.runLeaf(ParentRunner.java:366)
  at org.junit.runners.BlockJUnit4ClassRunner.runChild(BlockJUnit4ClassRunner.java:103)
  at org.junit.runners.BlockJUnit4ClassRunner.runChild(BlockJUnit4ClassRunner.java:63)
  at org.junit.runners.ParentRunner$4.run(ParentRunner.java:331)
  at org.junit.runners.ParentRunner$1.schedule(ParentRunner.java:79)
  at org.junit.runners.ParentRunner.runChildren(ParentRunner.java:329)
  at org.junit.runners.ParentRunner.access$100(ParentRunner.java:66)
  at org.junit.runners.ParentRunner$2.evaluate(ParentRunner.java:293)
  at org.junit.runners.ParentRunner$3.evaluate(ParentRunner.java:306)
  at org.junit.runners.ParentRunner.run(ParentRunner.java:413)
  at org.junit.runner.JUnitCore.run(JUnitCore.java:137)
  at org.junit.runner.JUnitCore.run(JUnitCore.java:115)
  at org.gradle.api.internal.tasks.testing.junit.JUnitTestExecutor.runRequest(JUnitTestExecutor.java:175)
  at org.gradle.api.internal.tasks.testing.junit.JUnitTestExecutor.accept(JUnitTestExecutor.java:84)
  at org.gradle.api.internal.tasks.testing.junit.JUnitTestExecutor.accept(JUnitTestExecutor.java:47)
  at org.gradle.api.internal.tasks.testing.junit.AbstractJUnitTestDefinitionProcessor.processTestDefinition(AbstractJUnitTestDefinitionProcessor.java:65)
  at org.gradle.api.internal.tasks.testing.SuiteTestDefinitionProcessor.processTestDefinition(SuiteTestDefinitionProcessor.java:54)
  at java.base/jdk.internal.reflect.DirectMethodHandleAccessor.invoke(DirectMethodHandleAccessor.java:104)
  at java.base/java.lang.reflect.Method.invoke(Method.java:565)
  at org.gradle.internal.dispatch.MethodInvocation.invokeOn(MethodInvocation.java:77)
  at org.gradle.internal.dispatch.ReflectionDispatch.dispatch(ReflectionDispatch.java:28)
  at org.gradle.internal.dispatch.ReflectionDispatch.dispatch(ReflectionDispatch.java:19)
  at org.gradle.internal.dispatch.ContextClassLoaderDispatch.dispatch(ContextClassLoaderDispatch.java:33)
  at org.gradle.internal.dispatch.ProxyDispatchAdapter$DispatchingInvocationHandler.invoke(ProxyDispatchAdapter.java:88)
  at jdk.proxy1/jdk.proxy1.$Proxy4.processTestDefinition(Unknown Source)
  at org.gradle.api.internal.tasks.testing.worker.TestWorker$2.run(TestWorker.java:178)
  at org.gradle.api.internal.tasks.testing.worker.TestWorker.executeAndMaintainThreadName(TestWorker.java:126)
  at org.gradle.api.internal.tasks.testing.worker.TestWorker.execute(TestWorker.java:103)
  at org.gradle.api.internal.tasks.testing.worker.TestWorker.execute(TestWorker.java:63)
  at org.gradle.process.internal.worker.child.ActionExecutionWorker.execute(ActionExecutionWorker.java:56)
  at org.gradle.process.internal.worker.child.SystemApplicationClassLoaderWorker.call(SystemApplicationClassLoaderWorker.java:122)
  at org.gradle.process.internal.worker.child.SystemApplicationClassLoaderWorker.call(SystemApplicationClassLoaderWorker.java:72)
  at worker.org.gradle.process.internal.worker.GradleWorkerMain.run(GradleWorkerMain.java:69)
  at worker.org.gradle.process.internal.worker.GradleWorkerMain.main(GradleWorkerMain.java:74)
</stacktrace>
</test-failure>


TypeScriptCompilerTests_L[jvm] > lambdaPropSelf_ts has expected errors matching lambdaPropSelf_errors_txt[jvm] FAILED

<test-failure test="com.xemantic.typescript.compiler.TypeScriptCompilerTests_M.moduleResolutionWithExtensions_notSupported2_ts has expected errors matching moduleResolutionWithExtensions_notSupported2_errors_txt" platform="jvm">
<message>
--- expected
+++ actual
@@ -1,9 +1,10 @@
-/a.ts(1,17): error TS6142: Module './jsx' was resolved to '/jsx.jsx', but '--jsx' is not set.
+error TS5055: Cannot write file '/jsx.jsx' because it would overwrite input file.
+  Adding a tsconfig.json file will help organize projects that contain both TypeScript and JavaScript files. Learn more at https://aka.ms/tsconfig.
 
 
-==== /a.ts (1 errors) ====
+!!! error TS5055: Cannot write file '/jsx.jsx' because it would overwrite input file.
+!!! error TS5055:   Adding a tsconfig.json file will help organize projects that contain both TypeScript and JavaScript files. Learn more at https://aka.ms/tsconfig.
+==== /a.ts (0 errors) ====
     import jsx from "./jsx";
-                    ~~~~~~~
-!!! error TS6142: Module './jsx' was resolved to '/jsx.jsx', but '--jsx' is not set.
     
 ==== /jsx.jsx (0 errors) ====

</message>
<stacktrace>
  at org.junit.Assert.fail(Assert.java:89)
  at kotlin.test.junit.JUnitAsserter.fail(JUnitSupport.kt:56)
  at kotlin.test.AssertionsKt__AssertionsKt.fail(Assertions.kt:563)
  at kotlin.test.AssertionsKt.fail(Unknown Source)
  at com.xemantic.kotlin.test.SameAsKt.sameAs(SameAs.kt:52)
  at com.xemantic.typescript.compiler.TypeScriptTestSupportKt.errorsMatchBaseline(TypeScriptTestSupport.kt:135)
  at com.xemantic.typescript.compiler.TypeScriptCompilerTests_M.moduleResolutionWithExtensions_notSupported2_ts has expected errors matching moduleResolutionWithExtensions_notSupported2_errors_txt(TypeScriptCompilerTests_M.kt:3045)
  at java.base/jdk.internal.reflect.DirectMethodHandleAccessor.invoke(DirectMethodHandleAccessor.java:104)
  at java.base/java.lang.reflect.Method.invoke(Method.java:565)
  at org.junit.runners.model.FrameworkMethod$1.runReflectiveCall(FrameworkMethod.java:59)
  at org.junit.internal.runners.model.ReflectiveCallable.run(ReflectiveCallable.java:12)
  at org.junit.runners.model.FrameworkMethod.invokeExplosively(FrameworkMethod.java:56)
  at org.junit.internal.runners.statements.InvokeMethod.evaluate(InvokeMethod.java:17)
  at org.junit.runners.ParentRunner$3.evaluate(ParentRunner.java:306)
  at org.junit.runners.BlockJUnit4ClassRunner$1.evaluate(BlockJUnit4ClassRunner.java:100)
  at org.junit.runners.ParentRunner.runLeaf(ParentRunner.java:366)
  at org.junit.runners.BlockJUnit4ClassRunner.runChild(BlockJUnit4ClassRunner.java:103)
  at org.junit.runners.BlockJUnit4ClassRunner.runChild(BlockJUnit4ClassRunner.java:63)
  at org.junit.runners.ParentRunner$4.run(ParentRunner.java:331)
  at org.junit.runners.ParentRunner$1.schedule(ParentRunner.java:79)
  at org.junit.runners.ParentRunner.runChildren(ParentRunner.java:329)
  at org.junit.runners.ParentRunner.access$100(ParentRunner.java:66)
  at org.junit.runners.ParentRunner$2.evaluate(ParentRunner.java:293)
  at org.junit.runners.ParentRunner$3.evaluate(ParentRunner.java:306)
  at org.junit.runners.ParentRunner.run(ParentRunner.java:413)
  at org.junit.runner.JUnitCore.run(JUnitCore.java:137)
  at org.junit.runner.JUnitCore.run(JUnitCore.java:115)
  at org.gradle.api.internal.tasks.testing.junit.JUnitTestExecutor.runRequest(JUnitTestExecutor.java:175)
  at org.gradle.api.internal.tasks.testing.junit.JUnitTestExecutor.accept(JUnitTestExecutor.java:84)
  at org.gradle.api.internal.tasks.testing.junit.JUnitTestExecutor.accept(JUnitTestExecutor.java:47)
  at org.gradle.api.internal.tasks.testing.junit.AbstractJUnitTestDefinitionProcessor.processTestDefinition(AbstractJUnitTestDefinitionProcessor.java:65)
  at org.gradle.api.internal.tasks.testing.SuiteTestDefinitionProcessor.processTestDefinition(SuiteTestDefinitionProcessor.java:54)
  at java.base/jdk.internal.reflect.DirectMethodHandleAccessor.invoke(DirectMethodHandleAccessor.java:104)
  at java.base/java.lang.reflect.Method.invoke(Method.java:565)
  at org.gradle.internal.dispatch.MethodInvocation.invokeOn(MethodInvocation.java:77)
  at org.gradle.internal.dispatch.ReflectionDispatch.dispatch(ReflectionDispatch.java:28)
  at org.gradle.internal.dispatch.ReflectionDispatch.dispatch(ReflectionDispatch.java:19)
  at org.gradle.internal.dispatch.ContextClassLoaderDispatch.dispatch(ContextClassLoaderDispatch.java:33)
  at org.gradle.internal.dispatch.ProxyDispatchAdapter$DispatchingInvocationHandler.invoke(ProxyDispatchAdapter.java:88)
  at jdk.proxy1/jdk.proxy1.$Proxy4.processTestDefinition(Unknown Source)
  at org.gradle.api.internal.tasks.testing.worker.TestWorker$2.run(TestWorker.java:178)
  at org.gradle.api.internal.tasks.testing.worker.TestWorker.executeAndMaintainThreadName(TestWorker.java:126)
  at org.gradle.api.internal.tasks.testing.worker.TestWorker.execute(TestWorker.java:103)
  at org.gradle.api.internal.tasks.testing.worker.TestWorker.execute(TestWorker.java:63)
  at org.gradle.process.internal.worker.child.ActionExecutionWorker.execute(ActionExecutionWorker.java:56)
  at org.gradle.process.internal.worker.child.SystemApplicationClassLoaderWorker.call(SystemApplicationClassLoaderWorker.java:122)
  at org.gradle.process.internal.worker.child.SystemApplicationClassLoaderWorker.call(SystemApplicationClassLoaderWorker.java:72)
  at worker.org.gradle.process.internal.worker.GradleWorkerMain.run(GradleWorkerMain.java:69)
  at worker.org.gradle.process.internal.worker.GradleWorkerMain.main(GradleWorkerMain.java:74)
</stacktrace>
</test-failure>


TypeScriptCompilerTests_M[jvm] > moduleResolutionWithExtensions_notSupported2_ts has expected errors matching moduleResolutionWithExtensions_notSupported2_errors_txt[jvm] FAILED

<test-failure test="com.xemantic.typescript.compiler.TypeScriptCompilerTests_M.moduleAugmentationGlobal8_1_ts__target_es5__has expected errors matching baseline" platform="jvm">
<message>
--- expected
+++ actual
@@ -1,16 +1,10 @@
 error TS5107: Option 'target=ES5' is deprecated and will stop functioning in TypeScript 7.0. Specify compilerOption '"ignoreDeprecations": "6.0"' to silence this error.
-moduleAugmentationGlobal8_1.ts(2,5): error TS2669: Augmentations for the global scope can only be directly nested in external modules or ambient module declarations.
-moduleAugmentationGlobal8_1.ts(2,5): error TS2670: Augmentations for the global scope should have 'declare' modifier unless they appear in already ambient context.
 
 
 !!! error TS5107: Option 'target=ES5' is deprecated and will stop functioning in TypeScript 7.0. Specify compilerOption '"ignoreDeprecations": "6.0"' to silence this error.
-==== moduleAugmentationGlobal8_1.ts (2 errors) ====
+==== moduleAugmentationGlobal8_1.ts (0 errors) ====
     namespace A {
         global {
-        ~~~~~~
-!!! error TS2669: Augmentations for the global scope can only be directly nested in external modules or ambient module declarations.
-        ~~~~~~
-!!! error TS2670: Augmentations for the global scope should have 'declare' modifier unless they appear in already ambient context.
             interface Array<T> { x }
         }
     }

</message>
<stacktrace>
  at org.junit.Assert.fail(Assert.java:89)
  at kotlin.test.junit.JUnitAsserter.fail(JUnitSupport.kt:56)
  at kotlin.test.AssertionsKt__AssertionsKt.fail(Assertions.kt:563)
  at kotlin.test.AssertionsKt.fail(Unknown Source)
  at com.xemantic.kotlin.test.SameAsKt.sameAs(SameAs.kt:52)
  at com.xemantic.typescript.compiler.TypeScriptTestSupportKt.errorsMatchBaseline(TypeScriptTestSupport.kt:135)
  at com.xemantic.typescript.compiler.TypeScriptCompilerTests_M.moduleAugmentationGlobal8_1_ts__target_es5__has expected errors matching baseline(TypeScriptCompilerTests_M.kt:2051)
  at java.base/jdk.internal.reflect.DirectMethodHandleAccessor.invoke(DirectMethodHandleAccessor.java:104)
  at java.base/java.lang.reflect.Method.invoke(Method.java:565)
  at org.junit.runners.model.FrameworkMethod$1.runReflectiveCall(FrameworkMethod.java:59)
  at org.junit.internal.runners.model.ReflectiveCallable.run(ReflectiveCallable.java:12)
  at org.junit.runners.model.FrameworkMethod.invokeExplosively(FrameworkMethod.java:56)
  at org.junit.internal.runners.statements.InvokeMethod.evaluate(InvokeMethod.java:17)
  at org.junit.runners.ParentRunner$3.evaluate(ParentRunner.java:306)
  at org.junit.runners.BlockJUnit4ClassRunner$1.evaluate(BlockJUnit4ClassRunner.java:100)
  at org.junit.runners.ParentRunner.runLeaf(ParentRunner.java:366)
  at org.junit.runners.BlockJUnit4ClassRunner.runChild(BlockJUnit4ClassRunner.java:103)
  at org.junit.runners.BlockJUnit4ClassRunner.runChild(BlockJUnit4ClassRunner.java:63)
  at org.junit.runners.ParentRunner$4.run(ParentRunner.java:331)
  at org.junit.runners.ParentRunner$1.schedule(ParentRunner.java:79)
  at org.junit.runners.ParentRunner.runChildren(ParentRunner.java:329)
  at org.junit.runners.ParentRunner.access$100(ParentRunner.java:66)
  at org.junit.runners.ParentRunner$2.evaluate(ParentRunner.java:293)
  at org.junit.runners.ParentRunner$3.evaluate(ParentRunner.java:306)
  at org.junit.runners.ParentRunner.run(ParentRunner.java:413)
  at org.junit.runner.JUnitCore.run(JUnitCore.java:137)
  at org.junit.runner.JUnitCore.run(JUnitCore.java:115)
  at org.gradle.api.internal.tasks.testing.junit.JUnitTestExecutor.runRequest(JUnitTestExecutor.java:175)
  at org.gradle.api.internal.tasks.testing.junit.JUnitTestExecutor.accept(JUnitTestExecutor.java:84)
  at org.gradle.api.internal.tasks.testing.junit.JUnitTestExecutor.accept(JUnitTestExecutor.java:47)
  at org.gradle.api.internal.tasks.testing.junit.AbstractJUnitTestDefinitionProcessor.processTestDefinition(AbstractJUnitTestDefinitionProcessor.java:65)
  at org.gradle.api.internal.tasks.testing.SuiteTestDefinitionProcessor.processTestDefinition(SuiteTestDefinitionProcessor.java:54)
  at java.base/jdk.internal.reflect.DirectMethodHandleAccessor.invoke(DirectMethodHandleAccessor.java:104)
  at java.base/java.lang.reflect.Method.invoke(Method.java:565)
  at org.gradle.internal.dispatch.MethodInvocation.invokeOn(MethodInvocation.java:77)
  at org.gradle.internal.dispatch.ReflectionDispatch.dispatch(ReflectionDispatch.java:28)
  at org.gradle.internal.dispatch.ReflectionDispatch.dispatch(ReflectionDispatch.java:19)
  at org.gradle.internal.dispatch.ContextClassLoaderDispatch.dispatch(ContextClassLoaderDispatch.java:33)
  at org.gradle.internal.dispatch.ProxyDispatchAdapter$DispatchingInvocationHandler.invoke(ProxyDispatchAdapter.java:88)
  at jdk.proxy1/jdk.proxy1.$Proxy4.processTestDefinition(Unknown Source)
  at org.gradle.api.internal.tasks.testing.worker.TestWorker$2.run(TestWorker.java:178)
  at org.gradle.api.internal.tasks.testing.worker.TestWorker.executeAndMaintainThreadName(TestWorker.java:126)
  at org.gradle.api.internal.tasks.testing.worker.TestWorker.execute(TestWorker.java:103)
  at org.gradle.api.internal.tasks.testing.worker.TestWorker.execute(TestWorker.java:63)
  at org.gradle.process.internal.worker.child.ActionExecutionWorker.execute(ActionExecutionWorker.java:56)
  at org.gradle.process.internal.worker.child.SystemApplicationClassLoaderWorker.call(SystemApplicationClassLoaderWorker.java:122)
  at org.gradle.process.internal.worker.child.SystemApplicationClassLoaderWorker.call(SystemApplicationClassLoaderWorker.java:72)
  at worker.org.gradle.process.internal.worker.GradleWorkerMain.run(GradleWorkerMain.java:69)
  at worker.org.gradle.process.internal.worker.GradleWorkerMain.main(GradleWorkerMain.java:74)
</stacktrace>
</test-failure>


TypeScriptCompilerTests_M[jvm] > moduleAugmentationGlobal8_1_ts__target_es5__has expected errors matching baseline[jvm] FAILED

<test-failure test="com.xemantic.typescript.compiler.TypeScriptCompilerTests_M.moduleWithValuesAsType_ts has expected errors matching moduleWithValuesAsType_errors_txt" platform="jvm">
<message>
Expected diagnostics from baseline typescript-repo/tests/baselines/reference/moduleWithValuesAsType.errors.txt but none produced
</message>
<stacktrace>
  at com.xemantic.typescript.compiler.TypeScriptTestSupportKt.errorsMatchBaseline(TypeScriptTestSupport.kt:125)
  at com.xemantic.typescript.compiler.TypeScriptCompilerTests_M.moduleWithValuesAsType_ts has expected errors matching moduleWithValuesAsType_errors_txt(TypeScriptCompilerTests_M.kt:3773)
  at java.base/jdk.internal.reflect.DirectMethodHandleAccessor.invoke(DirectMethodHandleAccessor.java:104)
  at java.base/java.lang.reflect.Method.invoke(Method.java:565)
  at org.junit.runners.model.FrameworkMethod$1.runReflectiveCall(FrameworkMethod.java:59)
  at org.junit.internal.runners.model.ReflectiveCallable.run(ReflectiveCallable.java:12)
  at org.junit.runners.model.FrameworkMethod.invokeExplosively(FrameworkMethod.java:56)
  at org.junit.internal.runners.statements.InvokeMethod.evaluate(InvokeMethod.java:17)
  at org.junit.runners.ParentRunner$3.evaluate(ParentRunner.java:306)
  at org.junit.runners.BlockJUnit4ClassRunner$1.evaluate(BlockJUnit4ClassRunner.java:100)
  at org.junit.runners.ParentRunner.runLeaf(ParentRunner.java:366)
  at org.junit.runners.BlockJUnit4ClassRunner.runChild(BlockJUnit4ClassRunner.java:103)
  at org.junit.runners.BlockJUnit4ClassRunner.runChild(BlockJUnit4ClassRunner.java:63)
  at org.junit.runners.ParentRunner$4.run(ParentRunner.java:331)
  at org.junit.runners.ParentRunner$1.schedule(ParentRunner.java:79)
  at org.junit.runners.ParentRunner.runChildren(ParentRunner.java:329)
  at org.junit.runners.ParentRunner.access$100(ParentRunner.java:66)
  at org.junit.runners.ParentRunner$2.evaluate(ParentRunner.java:293)
  at org.junit.runners.ParentRunner$3.evaluate(ParentRunner.java:306)
  at org.junit.runners.ParentRunner.run(ParentRunner.java:413)
  at org.junit.runner.JUnitCore.run(JUnitCore.java:137)
  at org.junit.runner.JUnitCore.run(JUnitCore.java:115)
  at org.gradle.api.internal.tasks.testing.junit.JUnitTestExecutor.runRequest(JUnitTestExecutor.java:175)
  at org.gradle.api.internal.tasks.testing.junit.JUnitTestExecutor.accept(JUnitTestExecutor.java:84)
  at org.gradle.api.internal.tasks.testing.junit.JUnitTestExecutor.accept(JUnitTestExecutor.java:47)
  at org.gradle.api.internal.tasks.testing.junit.AbstractJUnitTestDefinitionProcessor.processTestDefinition(AbstractJUnitTestDefinitionProcessor.java:65)
  at org.gradle.api.internal.tasks.testing.SuiteTestDefinitionProcessor.processTestDefinition(SuiteTestDefinitionProcessor.java:54)
  at java.base/jdk.internal.reflect.DirectMethodHandleAccessor.invoke(DirectMethodHandleAccessor.java:104)
  at java.base/java.lang.reflect.Method.invoke(Method.java:565)
  at org.gradle.internal.dispatch.MethodInvocation.invokeOn(MethodInvocation.java:77)
  at org.gradle.internal.dispatch.ReflectionDispatch.dispatch(ReflectionDispatch.java:28)
  at org.gradle.internal.dispatch.ReflectionDispatch.dispatch(ReflectionDispatch.java:19)
  at org.gradle.internal.dispatch.ContextClassLoaderDispatch.dispatch(ContextClassLoaderDispatch.java:33)
  at org.gradle.internal.dispatch.ProxyDispatchAdapter$DispatchingInvocationHandler.invoke(ProxyDispatchAdapter.java:88)
  at jdk.proxy1/jdk.proxy1.$Proxy4.processTestDefinition(Unknown Source)
  at org.gradle.api.internal.tasks.testing.worker.TestWorker$2.run(TestWorker.java:178)
  at org.gradle.api.internal.tasks.testing.worker.TestWorker.executeAndMaintainThreadName(TestWorker.java:126)
  at org.gradle.api.internal.tasks.testing.worker.TestWorker.execute(TestWorker.java:103)
  at org.gradle.api.internal.tasks.testing.worker.TestWorker.execute(TestWorker.java:63)
  at org.gradle.process.internal.worker.child.ActionExecutionWorker.execute(ActionExecutionWorker.java:56)
  at org.gradle.process.internal.worker.child.SystemApplicationClassLoaderWorker.call(SystemApplicationClassLoaderWorker.java:122)
  at org.gradle.process.internal.worker.child.SystemApplicationClassLoaderWorker.call(SystemApplicationClassLoaderWorker.java:72)
  at worker.org.gradle.process.internal.worker.GradleWorkerMain.run(GradleWorkerMain.java:69)
  at worker.org.gradle.process.internal.worker.GradleWorkerMain.main(GradleWorkerMain.java:74)
</stacktrace>
</test-failure>


TypeScriptCompilerTests_M[jvm] > moduleWithValuesAsType_ts has expected errors matching moduleWithValuesAsType_errors_txt[jvm] FAILED

<test-failure test="com.xemantic.typescript.compiler.TypeScriptCompilerTests_M.moduleAugmentationGlobal7_1_ts has expected errors matching moduleAugmentationGlobal7_1_errors_txt" platform="jvm">
<message>
Expected diagnostics from baseline typescript-repo/tests/baselines/reference/moduleAugmentationGlobal7_1.errors.txt but none produced
</message>
<stacktrace>
  at com.xemantic.typescript.compiler.TypeScriptTestSupportKt.errorsMatchBaseline(TypeScriptTestSupport.kt:125)
  at com.xemantic.typescript.compiler.TypeScriptCompilerTests_M.moduleAugmentationGlobal7_1_ts has expected errors matching moduleAugmentationGlobal7_1_errors_txt(TypeScriptCompilerTests_M.kt:2016)
  at java.base/jdk.internal.reflect.DirectMethodHandleAccessor.invoke(DirectMethodHandleAccessor.java:104)
  at java.base/java.lang.reflect.Method.invoke(Method.java:565)
  at org.junit.runners.model.FrameworkMethod$1.runReflectiveCall(FrameworkMethod.java:59)
  at org.junit.internal.runners.model.ReflectiveCallable.run(ReflectiveCallable.java:12)
  at org.junit.runners.model.FrameworkMethod.invokeExplosively(FrameworkMethod.java:56)
  at org.junit.internal.runners.statements.InvokeMethod.evaluate(InvokeMethod.java:17)
  at org.junit.runners.ParentRunner$3.evaluate(ParentRunner.java:306)
  at org.junit.runners.BlockJUnit4ClassRunner$1.evaluate(BlockJUnit4ClassRunner.java:100)
  at org.junit.runners.ParentRunner.runLeaf(ParentRunner.java:366)
  at org.junit.runners.BlockJUnit4ClassRunner.runChild(BlockJUnit4ClassRunner.java:103)
  at org.junit.runners.BlockJUnit4ClassRunner.runChild(BlockJUnit4ClassRunner.java:63)
  at org.junit.runners.ParentRunner$4.run(ParentRunner.java:331)
  at org.junit.runners.ParentRunner$1.schedule(ParentRunner.java:79)
  at org.junit.runners.ParentRunner.runChildren(ParentRunner.java:329)
  at org.junit.runners.ParentRunner.access$100(ParentRunner.java:66)
  at org.junit.runners.ParentRunner$2.evaluate(ParentRunner.java:293)
  at org.junit.runners.ParentRunner$3.evaluate(ParentRunner.java:306)
  at org.junit.runners.ParentRunner.run(ParentRunner.java:413)
  at org.junit.runner.JUnitCore.run(JUnitCore.java:137)
  at org.junit.runner.JUnitCore.run(JUnitCore.java:115)
  at org.gradle.api.internal.tasks.testing.junit.JUnitTestExecutor.runRequest(JUnitTestExecutor.java:175)
  at org.gradle.api.internal.tasks.testing.junit.JUnitTestExecutor.accept(JUnitTestExecutor.java:84)
  at org.gradle.api.internal.tasks.testing.junit.JUnitTestExecutor.accept(JUnitTestExecutor.java:47)
  at org.gradle.api.internal.tasks.testing.junit.AbstractJUnitTestDefinitionProcessor.processTestDefinition(AbstractJUnitTestDefinitionProcessor.java:65)
  at org.gradle.api.internal.tasks.testing.SuiteTestDefinitionProcessor.processTestDefinition(SuiteTestDefinitionProcessor.java:54)
  at java.base/jdk.internal.reflect.DirectMethodHandleAccessor.invoke(DirectMethodHandleAccessor.java:104)
  at java.base/java.lang.reflect.Method.invoke(Method.java:565)
  at org.gradle.internal.dispatch.MethodInvocation.invokeOn(MethodInvocation.java:77)
  at org.gradle.internal.dispatch.ReflectionDispatch.dispatch(ReflectionDispatch.java:28)
  at org.gradle.internal.dispatch.ReflectionDispatch.dispatch(ReflectionDispatch.java:19)
  at org.gradle.internal.dispatch.ContextClassLoaderDispatch.dispatch(ContextClassLoaderDispatch.java:33)
  at org.gradle.internal.dispatch.ProxyDispatchAdapter$DispatchingInvocationHandler.invoke(ProxyDispatchAdapter.java:88)
  at jdk.proxy1/jdk.proxy1.$Proxy4.processTestDefinition(Unknown Source)
  at org.gradle.api.internal.tasks.testing.worker.TestWorker$2.run(TestWorker.java:178)
  at org.gradle.api.internal.tasks.testing.worker.TestWorker.executeAndMaintainThreadName(TestWorker.java:126)
  at org.gradle.api.internal.tasks.testing.worker.TestWorker.execute(TestWorker.java:103)
  at org.gradle.api.internal.tasks.testing.worker.TestWorker.execute(TestWorker.java:63)
  at org.gradle.process.internal.worker.child.ActionExecutionWorker.execute(ActionExecutionWorker.java:56)
  at org.gradle.process.internal.worker.child.SystemApplicationClassLoaderWorker.call(SystemApplicationClassLoaderWorker.java:122)
  at org.gradle.process.internal.worker.child.SystemApplicationClassLoaderWorker.call(SystemApplicationClassLoaderWorker.java:72)
  at worker.org.gradle.process.internal.worker.GradleWorkerMain.run(GradleWorkerMain.java:69)
  at worker.org.gradle.process.internal.worker.GradleWorkerMain.main(GradleWorkerMain.java:74)
</stacktrace>
</test-failure>


TypeScriptCompilerTests_M[jvm] > moduleAugmentationGlobal7_1_ts has expected errors matching moduleAugmentationGlobal7_1_errors_txt[jvm] FAILED

<test-failure test="com.xemantic.typescript.compiler.TypeScriptCompilerTests_M.mappedTypeGenericWithKnownKeys_ts has expected errors matching mappedTypeGenericWithKnownKeys_errors_txt" platform="jvm">
<message>
Expected diagnostics from baseline typescript-repo/tests/baselines/reference/mappedTypeGenericWithKnownKeys.errors.txt but none produced
</message>
<stacktrace>
  at com.xemantic.typescript.compiler.TypeScriptTestSupportKt.errorsMatchBaseline(TypeScriptTestSupport.kt:125)
  at com.xemantic.typescript.compiler.TypeScriptCompilerTests_M.mappedTypeGenericWithKnownKeys_ts has expected errors matching mappedTypeGenericWithKnownKeys_errors_txt(TypeScriptCompilerTests_M.kt:182)
  at java.base/jdk.internal.reflect.DirectMethodHandleAccessor.invoke(DirectMethodHandleAccessor.java:104)
  at java.base/java.lang.reflect.Method.invoke(Method.java:565)
  at org.junit.runners.model.FrameworkMethod$1.runReflectiveCall(FrameworkMethod.java:59)
  at org.junit.internal.runners.model.ReflectiveCallable.run(ReflectiveCallable.java:12)
  at org.junit.runners.model.FrameworkMethod.invokeExplosively(FrameworkMethod.java:56)
  at org.junit.internal.runners.statements.InvokeMethod.evaluate(InvokeMethod.java:17)
  at org.junit.runners.ParentRunner$3.evaluate(ParentRunner.java:306)
  at org.junit.runners.BlockJUnit4ClassRunner$1.evaluate(BlockJUnit4ClassRunner.java:100)
  at org.junit.runners.ParentRunner.runLeaf(ParentRunner.java:366)
  at org.junit.runners.BlockJUnit4ClassRunner.runChild(BlockJUnit4ClassRunner.java:103)
  at org.junit.runners.BlockJUnit4ClassRunner.runChild(BlockJUnit4ClassRunner.java:63)
  at org.junit.runners.ParentRunner$4.run(ParentRunner.java:331)
  at org.junit.runners.ParentRunner$1.schedule(ParentRunner.java:79)
  at org.junit.runners.ParentRunner.runChildren(ParentRunner.java:329)
  at org.junit.runners.ParentRunner.access$100(ParentRunner.java:66)
  at org.junit.runners.ParentRunner$2.evaluate(ParentRunner.java:293)
  at org.junit.runners.ParentRunner$3.evaluate(ParentRunner.java:306)
  at org.junit.runners.ParentRunner.run(ParentRunner.java:413)
  at org.junit.runner.JUnitCore.run(JUnitCore.java:137)
  at org.junit.runner.JUnitCore.run(JUnitCore.java:115)
  at org.gradle.api.internal.tasks.testing.junit.JUnitTestExecutor.runRequest(JUnitTestExecutor.java:175)
  at org.gradle.api.internal.tasks.testing.junit.JUnitTestExecutor.accept(JUnitTestExecutor.java:84)
  at org.gradle.api.internal.tasks.testing.junit.JUnitTestExecutor.accept(JUnitTestExecutor.java:47)
  at org.gradle.api.internal.tasks.testing.junit.AbstractJUnitTestDefinitionProcessor.processTestDefinition(AbstractJUnitTestDefinitionProcessor.java:65)
  at org.gradle.api.internal.tasks.testing.SuiteTestDefinitionProcessor.processTestDefinition(SuiteTestDefinitionProcessor.java:54)
  at java.base/jdk.internal.reflect.DirectMethodHandleAccessor.invoke(DirectMethodHandleAccessor.java:104)
  at java.base/java.lang.reflect.Method.invoke(Method.java:565)
  at org.gradle.internal.dispatch.MethodInvocation.invokeOn(MethodInvocation.java:77)
  at org.gradle.internal.dispatch.ReflectionDispatch.dispatch(ReflectionDispatch.java:28)
  at org.gradle.internal.dispatch.ReflectionDispatch.dispatch(ReflectionDispatch.java:19)
  at org.gradle.internal.dispatch.ContextClassLoaderDispatch.dispatch(ContextClassLoaderDispatch.java:33)
  at org.gradle.internal.dispatch.ProxyDispatchAdapter$DispatchingInvocationHandler.invoke(ProxyDispatchAdapter.java:88)
  at jdk.proxy1/jdk.proxy1.$Proxy4.processTestDefinition(Unknown Source)
  at org.gradle.api.internal.tasks.testing.worker.TestWorker$2.run(TestWorker.java:178)
  at org.gradle.api.internal.tasks.testing.worker.TestWorker.executeAndMaintainThreadName(TestWorker.java:126)
  at org.gradle.api.internal.tasks.testing.worker.TestWorker.execute(TestWorker.java:103)
  at org.gradle.api.internal.tasks.testing.worker.TestWorker.execute(TestWorker.java:63)
  at org.gradle.process.internal.worker.child.ActionExecutionWorker.execute(ActionExecutionWorker.java:56)
  at org.gradle.process.internal.worker.child.SystemApplicationClassLoaderWorker.call(SystemApplicationClassLoaderWorker.java:122)
  at org.gradle.process.internal.worker.child.SystemApplicationClassLoaderWorker.call(SystemApplicationClassLoaderWorker.java:72)
  at worker.org.gradle.process.internal.worker.GradleWorkerMain.run(GradleWorkerMain.java:69)
  at worker.org.gradle.process.internal.worker.GradleWorkerMain.main(GradleWorkerMain.java:74)
</stacktrace>
</test-failure>


TypeScriptCompilerTests_M[jvm] > mappedTypeGenericWithKnownKeys_ts has expected errors matching mappedTypeGenericWithKnownKeys_errors_txt[jvm] FAILED

<test-failure test="com.xemantic.typescript.compiler.TypeScriptCompilerTests_M.moduleElementsInWrongContext3_ts has expected errors matching moduleElementsInWrongContext3_errors_txt" platform="jvm">
<message>
Expected diagnostics from baseline typescript-repo/tests/baselines/reference/moduleElementsInWrongContext3.errors.txt but none produced
</message>
<stacktrace>
  at com.xemantic.typescript.compiler.TypeScriptTestSupportKt.errorsMatchBaseline(TypeScriptTestSupport.kt:125)
  at com.xemantic.typescript.compiler.TypeScriptCompilerTests_M.moduleElementsInWrongContext3_ts has expected errors matching moduleElementsInWrongContext3_errors_txt(TypeScriptCompilerTests_M.kt:2443)
  at java.base/jdk.internal.reflect.DirectMethodHandleAccessor.invoke(DirectMethodHandleAccessor.java:104)
  at java.base/java.lang.reflect.Method.invoke(Method.java:565)
  at org.junit.runners.model.FrameworkMethod$1.runReflectiveCall(FrameworkMethod.java:59)
  at org.junit.internal.runners.model.ReflectiveCallable.run(ReflectiveCallable.java:12)
  at org.junit.runners.model.FrameworkMethod.invokeExplosively(FrameworkMethod.java:56)
  at org.junit.internal.runners.statements.InvokeMethod.evaluate(InvokeMethod.java:17)
  at org.junit.runners.ParentRunner$3.evaluate(ParentRunner.java:306)
  at org.junit.runners.BlockJUnit4ClassRunner$1.evaluate(BlockJUnit4ClassRunner.java:100)
  at org.junit.runners.ParentRunner.runLeaf(ParentRunner.java:366)
  at org.junit.runners.BlockJUnit4ClassRunner.runChild(BlockJUnit4ClassRunner.java:103)
  at org.junit.runners.BlockJUnit4ClassRunner.runChild(BlockJUnit4ClassRunner.java:63)
  at org.junit.runners.ParentRunner$4.run(ParentRunner.java:331)
  at org.junit.runners.ParentRunner$1.schedule(ParentRunner.java:79)
  at org.junit.runners.ParentRunner.runChildren(ParentRunner.java:329)
  at org.junit.runners.ParentRunner.access$100(ParentRunner.java:66)
  at org.junit.runners.ParentRunner$2.evaluate(ParentRunner.java:293)
  at org.junit.runners.ParentRunner$3.evaluate(ParentRunner.java:306)
  at org.junit.runners.ParentRunner.run(ParentRunner.java:413)
  at org.junit.runner.JUnitCore.run(JUnitCore.java:137)
  at org.junit.runner.JUnitCore.run(JUnitCore.java:115)
  at org.gradle.api.internal.tasks.testing.junit.JUnitTestExecutor.runRequest(JUnitTestExecutor.java:175)
  at org.gradle.api.internal.tasks.testing.junit.JUnitTestExecutor.accept(JUnitTestExecutor.java:84)
  at org.gradle.api.internal.tasks.testing.junit.JUnitTestExecutor.accept(JUnitTestExecutor.java:47)
  at org.gradle.api.internal.tasks.testing.junit.AbstractJUnitTestDefinitionProcessor.processTestDefinition(AbstractJUnitTestDefinitionProcessor.java:65)
  at org.gradle.api.internal.tasks.testing.SuiteTestDefinitionProcessor.processTestDefinition(SuiteTestDefinitionProcessor.java:54)
  at java.base/jdk.internal.reflect.DirectMethodHandleAccessor.invoke(DirectMethodHandleAccessor.java:104)
  at java.base/java.lang.reflect.Method.invoke(Method.java:565)
  at org.gradle.internal.dispatch.MethodInvocation.invokeOn(MethodInvocation.java:77)
  at org.gradle.internal.dispatch.ReflectionDispatch.dispatch(ReflectionDispatch.java:28)
  at org.gradle.internal.dispatch.ReflectionDispatch.dispatch(ReflectionDispatch.java:19)
  at org.gradle.internal.dispatch.ContextClassLoaderDispatch.dispatch(ContextClassLoaderDispatch.java:33)
  at org.gradle.internal.dispatch.ProxyDispatchAdapter$DispatchingInvocationHandler.invoke(ProxyDispatchAdapter.java:88)
  at jdk.proxy1/jdk.proxy1.$Proxy4.processTestDefinition(Unknown Source)
  at org.gradle.api.internal.tasks.testing.worker.TestWorker$2.run(TestWorker.java:178)
  at org.gradle.api.internal.tasks.testing.worker.TestWorker.executeAndMaintainThreadName(TestWorker.java:126)
  at org.gradle.api.internal.tasks.testing.worker.TestWorker.execute(TestWorker.java:103)
  at org.gradle.api.internal.tasks.testing.worker.TestWorker.execute(TestWorker.java:63)
  at org.gradle.process.internal.worker.child.ActionExecutionWorker.execute(ActionExecutionWorker.java:56)
  at org.gradle.process.internal.worker.child.SystemApplicationClassLoaderWorker.call(SystemApplicationClassLoaderWorker.java:122)
  at org.gradle.process.internal.worker.child.SystemApplicationClassLoaderWorker.call(SystemApplicationClassLoaderWorker.java:72)
  at worker.org.gradle.process.internal.worker.GradleWorkerMain.run(GradleWorkerMain.java:69)
  at worker.org.gradle.process.internal.worker.GradleWorkerMain.main(GradleWorkerMain.java:74)
</stacktrace>
</test-failure>


TypeScriptCompilerTests_M[jvm] > moduleElementsInWrongContext3_ts has expected errors matching moduleElementsInWrongContext3_errors_txt[jvm] FAILED

<test-failure test="com.xemantic.typescript.compiler.TypeScriptCompilerTests_M.moduleAndInterfaceWithSameName_ts has expected errors matching moduleAndInterfaceWithSameName_errors_txt" platform="jvm">
<message>
Expected diagnostics from baseline typescript-repo/tests/baselines/reference/moduleAndInterfaceWithSameName.errors.txt but none produced
</message>
<stacktrace>
  at com.xemantic.typescript.compiler.TypeScriptTestSupportKt.errorsMatchBaseline(TypeScriptTestSupport.kt:125)
  at com.xemantic.typescript.compiler.TypeScriptCompilerTests_M.moduleAndInterfaceWithSameName_ts has expected errors matching moduleAndInterfaceWithSameName_errors_txt(TypeScriptCompilerTests_M.kt:1694)
  at java.base/jdk.internal.reflect.DirectMethodHandleAccessor.invoke(DirectMethodHandleAccessor.java:104)
  at java.base/java.lang.reflect.Method.invoke(Method.java:565)
  at org.junit.runners.model.FrameworkMethod$1.runReflectiveCall(FrameworkMethod.java:59)
  at org.junit.internal.runners.model.ReflectiveCallable.run(ReflectiveCallable.java:12)
  at org.junit.runners.model.FrameworkMethod.invokeExplosively(FrameworkMethod.java:56)
  at org.junit.internal.runners.statements.InvokeMethod.evaluate(InvokeMethod.java:17)
  at org.junit.runners.ParentRunner$3.evaluate(ParentRunner.java:306)
  at org.junit.runners.BlockJUnit4ClassRunner$1.evaluate(BlockJUnit4ClassRunner.java:100)
  at org.junit.runners.ParentRunner.runLeaf(ParentRunner.java:366)
  at org.junit.runners.BlockJUnit4ClassRunner.runChild(BlockJUnit4ClassRunner.java:103)
  at org.junit.runners.BlockJUnit4ClassRunner.runChild(BlockJUnit4ClassRunner.java:63)
  at org.junit.runners.ParentRunner$4.run(ParentRunner.java:331)
  at org.junit.runners.ParentRunner$1.schedule(ParentRunner.java:79)
  at org.junit.runners.ParentRunner.runChildren(ParentRunner.java:329)
  at org.junit.runners.ParentRunner.access$100(ParentRunner.java:66)
  at org.junit.runners.ParentRunner$2.evaluate(ParentRunner.java:293)
  at org.junit.runners.ParentRunner$3.evaluate(ParentRunner.java:306)
  at org.junit.runners.ParentRunner.run(ParentRunner.java:413)
  at org.junit.runner.JUnitCore.run(JUnitCore.java:137)
  at org.junit.runner.JUnitCore.run(JUnitCore.java:115)
  at org.gradle.api.internal.tasks.testing.junit.JUnitTestExecutor.runRequest(JUnitTestExecutor.java:175)
  at org.gradle.api.internal.tasks.testing.junit.JUnitTestExecutor.accept(JUnitTestExecutor.java:84)
  at org.gradle.api.internal.tasks.testing.junit.JUnitTestExecutor.accept(JUnitTestExecutor.java:47)
  at org.gradle.api.internal.tasks.testing.junit.AbstractJUnitTestDefinitionProcessor.processTestDefinition(AbstractJUnitTestDefinitionProcessor.java:65)
  at org.gradle.api.internal.tasks.testing.SuiteTestDefinitionProcessor.processTestDefinition(SuiteTestDefinitionProcessor.java:54)
  at java.base/jdk.internal.reflect.DirectMethodHandleAccessor.invoke(DirectMethodHandleAccessor.java:104)
  at java.base/java.lang.reflect.Method.invoke(Method.java:565)
  at org.gradle.internal.dispatch.MethodInvocation.invokeOn(MethodInvocation.java:77)
  at org.gradle.internal.dispatch.ReflectionDispatch.dispatch(ReflectionDispatch.java:28)
  at org.gradle.internal.dispatch.ReflectionDispatch.dispatch(ReflectionDispatch.java:19)
  at org.gradle.internal.dispatch.ContextClassLoaderDispatch.dispatch(ContextClassLoaderDispatch.java:33)
  at org.gradle.internal.dispatch.ProxyDispatchAdapter$DispatchingInvocationHandler.invoke(ProxyDispatchAdapter.java:88)
  at jdk.proxy1/jdk.proxy1.$Proxy4.processTestDefinition(Unknown Source)
  at org.gradle.api.internal.tasks.testing.worker.TestWorker$2.run(TestWorker.java:178)
  at org.gradle.api.internal.tasks.testing.worker.TestWorker.executeAndMaintainThreadName(TestWorker.java:126)
  at org.gradle.api.internal.tasks.testing.worker.TestWorker.execute(TestWorker.java:103)
  at org.gradle.api.internal.tasks.testing.worker.TestWorker.execute(TestWorker.java:63)
  at org.gradle.process.internal.worker.child.ActionExecutionWorker.execute(ActionExecutionWorker.java:56)
  at org.gradle.process.internal.worker.child.SystemApplicationClassLoaderWorker.call(SystemApplicationClassLoaderWorker.java:122)
  at org.gradle.process.internal.worker.child.SystemApplicationClassLoaderWorker.call(SystemApplicationClassLoaderWorker.java:72)
  at worker.org.gradle.process.internal.worker.GradleWorkerMain.run(GradleWorkerMain.java:69)
  at worker.org.gradle.process.internal.worker.GradleWorkerMain.main(GradleWorkerMain.java:74)
</stacktrace>
</test-failure>


TypeScriptCompilerTests_M[jvm] > moduleAndInterfaceWithSameName_ts has expected errors matching moduleAndInterfaceWithSameName_errors_txt[jvm] FAILED

<test-failure test="com.xemantic.typescript.compiler.TypeScriptCompilerTests_M.moduleAugmentationGlobal6_1_ts has expected errors matching moduleAugmentationGlobal6_1_errors_txt" platform="jvm">
<message>
Expected diagnostics from baseline typescript-repo/tests/baselines/reference/moduleAugmentationGlobal6_1.errors.txt but none produced
</message>
<stacktrace>
  at com.xemantic.typescript.compiler.TypeScriptTestSupportKt.errorsMatchBaseline(TypeScriptTestSupport.kt:125)
  at com.xemantic.typescript.compiler.TypeScriptCompilerTests_M.moduleAugmentationGlobal6_1_ts has expected errors matching moduleAugmentationGlobal6_1_errors_txt(TypeScriptCompilerTests_M.kt:1988)
  at java.base/jdk.internal.reflect.DirectMethodHandleAccessor.invoke(DirectMethodHandleAccessor.java:104)
  at java.base/java.lang.reflect.Method.invoke(Method.java:565)
  at org.junit.runners.model.FrameworkMethod$1.runReflectiveCall(FrameworkMethod.java:59)
  at org.junit.internal.runners.model.ReflectiveCallable.run(ReflectiveCallable.java:12)
  at org.junit.runners.model.FrameworkMethod.invokeExplosively(FrameworkMethod.java:56)
  at org.junit.internal.runners.statements.InvokeMethod.evaluate(InvokeMethod.java:17)
  at org.junit.runners.ParentRunner$3.evaluate(ParentRunner.java:306)
  at org.junit.runners.BlockJUnit4ClassRunner$1.evaluate(BlockJUnit4ClassRunner.java:100)
  at org.junit.runners.ParentRunner.runLeaf(ParentRunner.java:366)
  at org.junit.runners.BlockJUnit4ClassRunner.runChild(BlockJUnit4ClassRunner.java:103)
  at org.junit.runners.BlockJUnit4ClassRunner.runChild(BlockJUnit4ClassRunner.java:63)
  at org.junit.runners.ParentRunner$4.run(ParentRunner.java:331)
  at org.junit.runners.ParentRunner$1.schedule(ParentRunner.java:79)
  at org.junit.runners.ParentRunner.runChildren(ParentRunner.java:329)
  at org.junit.runners.ParentRunner.access$100(ParentRunner.java:66)
  at org.junit.runners.ParentRunner$2.evaluate(ParentRunner.java:293)
  at org.junit.runners.ParentRunner$3.evaluate(ParentRunner.java:306)
  at org.junit.runners.ParentRunner.run(ParentRunner.java:413)
  at org.junit.runner.JUnitCore.run(JUnitCore.java:137)
  at org.junit.runner.JUnitCore.run(JUnitCore.java:115)
  at org.gradle.api.internal.tasks.testing.junit.JUnitTestExecutor.runRequest(JUnitTestExecutor.java:175)
  at org.gradle.api.internal.tasks.testing.junit.JUnitTestExecutor.accept(JUnitTestExecutor.java:84)
  at org.gradle.api.internal.tasks.testing.junit.JUnitTestExecutor.accept(JUnitTestExecutor.java:47)
  at org.gradle.api.internal.tasks.testing.junit.AbstractJUnitTestDefinitionProcessor.processTestDefinition(AbstractJUnitTestDefinitionProcessor.java:65)
  at org.gradle.api.internal.tasks.testing.SuiteTestDefinitionProcessor.processTestDefinition(SuiteTestDefinitionProcessor.java:54)
  at java.base/jdk.internal.reflect.DirectMethodHandleAccessor.invoke(DirectMethodHandleAccessor.java:104)
  at java.base/java.lang.reflect.Method.invoke(Method.java:565)
  at org.gradle.internal.dispatch.MethodInvocation.invokeOn(MethodInvocation.java:77)
  at org.gradle.internal.dispatch.ReflectionDispatch.dispatch(ReflectionDispatch.java:28)
  at org.gradle.internal.dispatch.ReflectionDispatch.dispatch(ReflectionDispatch.java:19)
  at org.gradle.internal.dispatch.ContextClassLoaderDispatch.dispatch(ContextClassLoaderDispatch.java:33)
  at org.gradle.internal.dispatch.ProxyDispatchAdapter$DispatchingInvocationHandler.invoke(ProxyDispatchAdapter.java:88)
  at jdk.proxy1/jdk.proxy1.$Proxy4.processTestDefinition(Unknown Source)
  at org.gradle.api.internal.tasks.testing.worker.TestWorker$2.run(TestWorker.java:178)
  at org.gradle.api.internal.tasks.testing.worker.TestWorker.executeAndMaintainThreadName(TestWorker.java:126)
  at org.gradle.api.internal.tasks.testing.worker.TestWorker.execute(TestWorker.java:103)
  at org.gradle.api.internal.tasks.testing.worker.TestWorker.execute(TestWorker.java:63)
  at org.gradle.process.internal.worker.child.ActionExecutionWorker.execute(ActionExecutionWorker.java:56)
  at org.gradle.process.internal.worker.child.SystemApplicationClassLoaderWorker.call(SystemApplicationClassLoaderWorker.java:122)
  at org.gradle.process.internal.worker.child.SystemApplicationClassLoaderWorker.call(SystemApplicationClassLoaderWorker.java:72)
  at worker.org.gradle.process.internal.worker.GradleWorkerMain.run(GradleWorkerMain.java:69)
  at worker.org.gradle.process.internal.worker.GradleWorkerMain.main(GradleWorkerMain.java:74)
</stacktrace>
</test-failure>


TypeScriptCompilerTests_M[jvm] > moduleAugmentationGlobal6_1_ts has expected errors matching moduleAugmentationGlobal6_1_errors_txt[jvm] FAILED

<test-failure test="com.xemantic.typescript.compiler.TypeScriptCompilerTests_M.moduleVisibilityTest3_ts has expected errors matching moduleVisibilityTest3_errors_txt" platform="jvm">
<message>
Expected diagnostics from baseline typescript-repo/tests/baselines/reference/moduleVisibilityTest3.errors.txt but none produced
</message>
<stacktrace>
  at com.xemantic.typescript.compiler.TypeScriptTestSupportKt.errorsMatchBaseline(TypeScriptTestSupport.kt:125)
  at com.xemantic.typescript.compiler.TypeScriptCompilerTests_M.moduleVisibilityTest3_ts has expected errors matching moduleVisibilityTest3_errors_txt(TypeScriptCompilerTests_M.kt:3724)
  at java.base/jdk.internal.reflect.DirectMethodHandleAccessor.invoke(DirectMethodHandleAccessor.java:104)
  at java.base/java.lang.reflect.Method.invoke(Method.java:565)
  at org.junit.runners.model.FrameworkMethod$1.runReflectiveCall(FrameworkMethod.java:59)
  at org.junit.internal.runners.model.ReflectiveCallable.run(ReflectiveCallable.java:12)
  at org.junit.runners.model.FrameworkMethod.invokeExplosively(FrameworkMethod.java:56)
  at org.junit.internal.runners.statements.InvokeMethod.evaluate(InvokeMethod.java:17)
  at org.junit.runners.ParentRunner$3.evaluate(ParentRunner.java:306)
  at org.junit.runners.BlockJUnit4ClassRunner$1.evaluate(BlockJUnit4ClassRunner.java:100)
  at org.junit.runners.ParentRunner.runLeaf(ParentRunner.java:366)
  at org.junit.runners.BlockJUnit4ClassRunner.runChild(BlockJUnit4ClassRunner.java:103)
  at org.junit.runners.BlockJUnit4ClassRunner.runChild(BlockJUnit4ClassRunner.java:63)
  at org.junit.runners.ParentRunner$4.run(ParentRunner.java:331)
  at org.junit.runners.ParentRunner$1.schedule(ParentRunner.java:79)
  at org.junit.runners.ParentRunner.runChildren(ParentRunner.java:329)
  at org.junit.runners.ParentRunner.access$100(ParentRunner.java:66)
  at org.junit.runners.ParentRunner$2.evaluate(ParentRunner.java:293)
  at org.junit.runners.ParentRunner$3.evaluate(ParentRunner.java:306)
  at org.junit.runners.ParentRunner.run(ParentRunner.java:413)
  at org.junit.runner.JUnitCore.run(JUnitCore.java:137)
  at org.junit.runner.JUnitCore.run(JUnitCore.java:115)
  at org.gradle.api.internal.tasks.testing.junit.JUnitTestExecutor.runRequest(JUnitTestExecutor.java:175)
  at org.gradle.api.internal.tasks.testing.junit.JUnitTestExecutor.accept(JUnitTestExecutor.java:84)
  at org.gradle.api.internal.tasks.testing.junit.JUnitTestExecutor.accept(JUnitTestExecutor.java:47)
  at org.gradle.api.internal.tasks.testing.junit.AbstractJUnitTestDefinitionProcessor.processTestDefinition(AbstractJUnitTestDefinitionProcessor.java:65)
  at org.gradle.api.internal.tasks.testing.SuiteTestDefinitionProcessor.processTestDefinition(SuiteTestDefinitionProcessor.java:54)
  at java.base/jdk.internal.reflect.DirectMethodHandleAccessor.invoke(DirectMethodHandleAccessor.java:104)
  at java.base/java.lang.reflect.Method.invoke(Method.java:565)
  at org.gradle.internal.dispatch.MethodInvocation.invokeOn(MethodInvocation.java:77)
  at org.gradle.internal.dispatch.ReflectionDispatch.dispatch(ReflectionDispatch.java:28)
  at org.gradle.internal.dispatch.ReflectionDispatch.dispatch(ReflectionDispatch.java:19)
  at org.gradle.internal.dispatch.ContextClassLoaderDispatch.dispatch(ContextClassLoaderDispatch.java:33)
  at org.gradle.internal.dispatch.ProxyDispatchAdapter$DispatchingInvocationHandler.invoke(ProxyDispatchAdapter.java:88)
  at jdk.proxy1/jdk.proxy1.$Proxy4.processTestDefinition(Unknown Source)
  at org.gradle.api.internal.tasks.testing.worker.TestWorker$2.run(TestWorker.java:178)
  at org.gradle.api.internal.tasks.testing.worker.TestWorker.executeAndMaintainThreadName(TestWorker.java:126)
  at org.gradle.api.internal.tasks.testing.worker.TestWorker.execute(TestWorker.java:103)
  at org.gradle.api.internal.tasks.testing.worker.TestWorker.execute(TestWorker.java:63)
  at org.gradle.process.internal.worker.child.ActionExecutionWorker.execute(ActionExecutionWorker.java:56)
  at org.gradle.process.internal.worker.child.SystemApplicationClassLoaderWorker.call(SystemApplicationClassLoaderWorker.java:122)
  at org.gradle.process.internal.worker.child.SystemApplicationClassLoaderWorker.call(SystemApplicationClassLoaderWorker.java:72)
  at worker.org.gradle.process.internal.worker.GradleWorkerMain.run(GradleWorkerMain.java:69)
  at worker.org.gradle.process.internal.worker.GradleWorkerMain.main(GradleWorkerMain.java:74)
</stacktrace>
</test-failure>


TypeScriptCompilerTests_M[jvm] > moduleVisibilityTest3_ts has expected errors matching moduleVisibilityTest3_errors_txt[jvm] FAILED

<test-failure test="com.xemantic.typescript.compiler.TypeScriptCompilerTests_M.moduleNodeDefaultImports_ts__module_nodenext__has expected errors matching baseline" platform="jvm">
<message>
Expected diagnostics from baseline typescript-repo/tests/baselines/reference/moduleNodeDefaultImports(module=nodenext).errors.txt but none produced
</message>
<stacktrace>
  at com.xemantic.typescript.compiler.TypeScriptTestSupportKt.errorsMatchBaseline(TypeScriptTestSupport.kt:125)
  at com.xemantic.typescript.compiler.TypeScriptCompilerTests_M.moduleNodeDefaultImports_ts__module_nodenext__has expected errors matching baseline(TypeScriptCompilerTests_M.kt:2688)
  at java.base/jdk.internal.reflect.DirectMethodHandleAccessor.invoke(DirectMethodHandleAccessor.java:104)
  at java.base/java.lang.reflect.Method.invoke(Method.java:565)
  at org.junit.runners.model.FrameworkMethod$1.runReflectiveCall(FrameworkMethod.java:59)
  at org.junit.internal.runners.model.ReflectiveCallable.run(ReflectiveCallable.java:12)
  at org.junit.runners.model.FrameworkMethod.invokeExplosively(FrameworkMethod.java:56)
  at org.junit.internal.runners.statements.InvokeMethod.evaluate(InvokeMethod.java:17)
  at org.junit.runners.ParentRunner$3.evaluate(ParentRunner.java:306)
  at org.junit.runners.BlockJUnit4ClassRunner$1.evaluate(BlockJUnit4ClassRunner.java:100)
  at org.junit.runners.ParentRunner.runLeaf(ParentRunner.java:366)
  at org.junit.runners.BlockJUnit4ClassRunner.runChild(BlockJUnit4ClassRunner.java:103)
  at org.junit.runners.BlockJUnit4ClassRunner.runChild(BlockJUnit4ClassRunner.java:63)
  at org.junit.runners.ParentRunner$4.run(ParentRunner.java:331)
  at org.junit.runners.ParentRunner$1.schedule(ParentRunner.java:79)
  at org.junit.runners.ParentRunner.runChildren(ParentRunner.java:329)
  at org.junit.runners.ParentRunner.access$100(ParentRunner.java:66)
  at org.junit.runners.ParentRunner$2.evaluate(ParentRunner.java:293)
  at org.junit.runners.ParentRunner$3.evaluate(ParentRunner.java:306)
  at org.junit.runners.ParentRunner.run(ParentRunner.java:413)
  at org.junit.runner.JUnitCore.run(JUnitCore.java:137)
  at org.junit.runner.JUnitCore.run(JUnitCore.java:115)
  at org.gradle.api.internal.tasks.testing.junit.JUnitTestExecutor.runRequest(JUnitTestExecutor.java:175)
  at org.gradle.api.internal.tasks.testing.junit.JUnitTestExecutor.accept(JUnitTestExecutor.java:84)
  at org.gradle.api.internal.tasks.testing.junit.JUnitTestExecutor.accept(JUnitTestExecutor.java:47)
  at org.gradle.api.internal.tasks.testing.junit.AbstractJUnitTestDefinitionProcessor.processTestDefinition(AbstractJUnitTestDefinitionProcessor.java:65)
  at org.gradle.api.internal.tasks.testing.SuiteTestDefinitionProcessor.processTestDefinition(SuiteTestDefinitionProcessor.java:54)
  at java.base/jdk.internal.reflect.DirectMethodHandleAccessor.invoke(DirectMethodHandleAccessor.java:104)
  at java.base/java.lang.reflect.Method.invoke(Method.java:565)
  at org.gradle.internal.dispatch.MethodInvocation.invokeOn(MethodInvocation.java:77)
  at org.gradle.internal.dispatch.ReflectionDispatch.dispatch(ReflectionDispatch.java:28)
  at org.gradle.internal.dispatch.ReflectionDispatch.dispatch(ReflectionDispatch.java:19)
  at org.gradle.internal.dispatch.ContextClassLoaderDispatch.dispatch(ContextClassLoaderDispatch.java:33)
  at org.gradle.internal.dispatch.ProxyDispatchAdapter$DispatchingInvocationHandler.invoke(ProxyDispatchAdapter.java:88)
  at jdk.proxy1/jdk.proxy1.$Proxy4.processTestDefinition(Unknown Source)
  at org.gradle.api.internal.tasks.testing.worker.TestWorker$2.run(TestWorker.java:178)
  at org.gradle.api.internal.tasks.testing.worker.TestWorker.executeAndMaintainThreadName(TestWorker.java:126)
  at org.gradle.api.internal.tasks.testing.worker.TestWorker.execute(TestWorker.java:103)
  at org.gradle.api.internal.tasks.testing.worker.TestWorker.execute(TestWorker.java:63)
  at org.gradle.process.internal.worker.child.ActionExecutionWorker.execute(ActionExecutionWorker.java:56)
  at org.gradle.process.internal.worker.child.SystemApplicationClassLoaderWorker.call(SystemApplicationClassLoaderWorker.java:122)
  at org.gradle.process.internal.worker.child.SystemApplicationClassLoaderWorker.call(SystemApplicationClassLoaderWorker.java:72)
  at worker.org.gradle.process.internal.worker.GradleWorkerMain.run(GradleWorkerMain.java:69)
  at worker.org.gradle.process.internal.worker.GradleWorkerMain.main(GradleWorkerMain.java:74)
</stacktrace>
</test-failure>


TypeScriptCompilerTests_M[jvm] > moduleNodeDefaultImports_ts__module_nodenext__has expected errors matching baseline[jvm] FAILED

<test-failure test="com.xemantic.typescript.compiler.TypeScriptCompilerTests_M.modularizeLibrary_ErrorFromUsingWellknownSymbolWithOutES6WellknownSymbolLib_ts has expected errors matching modularizeLibrary_ErrorFromUsingWellknownSymbolWithOutES6WellknownSymbolLib_errors_txt" platform="jvm">
<message>
Expected diagnostics from baseline typescript-repo/tests/baselines/reference/modularizeLibrary_ErrorFromUsingWellknownSymbolWithOutES6WellknownSymbolLib.errors.txt but none produced
</message>
<stacktrace>
  at com.xemantic.typescript.compiler.TypeScriptTestSupportKt.errorsMatchBaseline(TypeScriptTestSupport.kt:125)
  at com.xemantic.typescript.compiler.TypeScriptCompilerTests_M.modularizeLibrary_ErrorFromUsingWellknownSymbolWithOutES6WellknownSymbolLib_ts has expected errors matching modularizeLibrary_ErrorFromUsingWellknownSymbolWithOutES6WellknownSymbolLib_errors_txt(TypeScriptCompilerTests_M.kt:1540)
  at java.base/jdk.internal.reflect.DirectMethodHandleAccessor.invoke(DirectMethodHandleAccessor.java:104)
  at java.base/java.lang.reflect.Method.invoke(Method.java:565)
  at org.junit.runners.model.FrameworkMethod$1.runReflectiveCall(FrameworkMethod.java:59)
  at org.junit.internal.runners.model.ReflectiveCallable.run(ReflectiveCallable.java:12)
  at org.junit.runners.model.FrameworkMethod.invokeExplosively(FrameworkMethod.java:56)
  at org.junit.internal.runners.statements.InvokeMethod.evaluate(InvokeMethod.java:17)
  at org.junit.runners.ParentRunner$3.evaluate(ParentRunner.java:306)
  at org.junit.runners.BlockJUnit4ClassRunner$1.evaluate(BlockJUnit4ClassRunner.java:100)
  at org.junit.runners.ParentRunner.runLeaf(ParentRunner.java:366)
  at org.junit.runners.BlockJUnit4ClassRunner.runChild(BlockJUnit4ClassRunner.java:103)
  at org.junit.runners.BlockJUnit4ClassRunner.runChild(BlockJUnit4ClassRunner.java:63)
  at org.junit.runners.ParentRunner$4.run(ParentRunner.java:331)
  at org.junit.runners.ParentRunner$1.schedule(ParentRunner.java:79)
  at org.junit.runners.ParentRunner.runChildren(ParentRunner.java:329)
  at org.junit.runners.ParentRunner.access$100(ParentRunner.java:66)
  at org.junit.runners.ParentRunner$2.evaluate(ParentRunner.java:293)
  at org.junit.runners.ParentRunner$3.evaluate(ParentRunner.java:306)
  at org.junit.runners.ParentRunner.run(ParentRunner.java:413)
  at org.junit.runner.JUnitCore.run(JUnitCore.java:137)
  at org.junit.runner.JUnitCore.run(JUnitCore.java:115)
  at org.gradle.api.internal.tasks.testing.junit.JUnitTestExecutor.runRequest(JUnitTestExecutor.java:175)
  at org.gradle.api.internal.tasks.testing.junit.JUnitTestExecutor.accept(JUnitTestExecutor.java:84)
  at org.gradle.api.internal.tasks.testing.junit.JUnitTestExecutor.accept(JUnitTestExecutor.java:47)
  at org.gradle.api.internal.tasks.testing.junit.AbstractJUnitTestDefinitionProcessor.processTestDefinition(AbstractJUnitTestDefinitionProcessor.java:65)
  at org.gradle.api.internal.tasks.testing.SuiteTestDefinitionProcessor.processTestDefinition(SuiteTestDefinitionProcessor.java:54)
  at java.base/jdk.internal.reflect.DirectMethodHandleAccessor.invoke(DirectMethodHandleAccessor.java:104)
  at java.base/java.lang.reflect.Method.invoke(Method.java:565)
  at org.gradle.internal.dispatch.MethodInvocation.invokeOn(MethodInvocation.java:77)
  at org.gradle.internal.dispatch.ReflectionDispatch.dispatch(ReflectionDispatch.java:28)
  at org.gradle.internal.dispatch.ReflectionDispatch.dispatch(ReflectionDispatch.java:19)
  at org.gradle.internal.dispatch.ContextClassLoaderDispatch.dispatch(ContextClassLoaderDispatch.java:33)
  at org.gradle.internal.dispatch.ProxyDispatchAdapter$DispatchingInvocationHandler.invoke(ProxyDispatchAdapter.java:88)
  at jdk.proxy1/jdk.proxy1.$Proxy4.processTestDefinition(Unknown Source)
  at org.gradle.api.internal.tasks.testing.worker.TestWorker$2.run(TestWorker.java:178)
  at org.gradle.api.internal.tasks.testing.worker.TestWorker.executeAndMaintainThreadName(TestWorker.java:126)
  at org.gradle.api.internal.tasks.testing.worker.TestWorker.execute(TestWorker.java:103)
  at org.gradle.api.internal.tasks.testing.worker.TestWorker.execute(TestWorker.java:63)
  at org.gradle.process.internal.worker.child.ActionExecutionWorker.execute(ActionExecutionWorker.java:56)
  at org.gradle.process.internal.worker.child.SystemApplicationClassLoaderWorker.call(SystemApplicationClassLoaderWorker.java:122)
  at org.gradle.process.internal.worker.child.SystemApplicationClassLoaderWorker.call(SystemApplicationClassLoaderWorker.java:72)
  at worker.org.gradle.process.internal.worker.GradleWorkerMain.run(GradleWorkerMain.java:69)
  at worker.org.gradle.process.internal.worker.GradleWorkerMain.main(GradleWorkerMain.java:74)
</stacktrace>
</test-failure>


TypeScriptCompilerTests_M[jvm] > modularizeLibrary_ErrorFromUsingWellknownSymbolWithOutES6WellknownSymbolLib_ts has expected errors matching modularizeLibrary_ErrorFromUsingWellknownSymbolWithOutES6WellknownSymbolLib_errors_txt[jvm] FAILED

<test-failure test="com.xemantic.typescript.compiler.TypeScriptCompilerTests_M.mixingStaticAndInstanceOverloads_ts has expected errors matching mixingStaticAndInstanceOverloads_errors_txt" platform="jvm">
<message>
Expected diagnostics from baseline typescript-repo/tests/baselines/reference/mixingStaticAndInstanceOverloads.errors.txt but none produced
</message>
<stacktrace>
  at com.xemantic.typescript.compiler.TypeScriptTestSupportKt.errorsMatchBaseline(TypeScriptTestSupport.kt:125)
  at com.xemantic.typescript.compiler.TypeScriptCompilerTests_M.mixingStaticAndInstanceOverloads_ts has expected errors matching mixingStaticAndInstanceOverloads_errors_txt(TypeScriptCompilerTests_M.kt:1407)
  at java.base/jdk.internal.reflect.DirectMethodHandleAccessor.invoke(DirectMethodHandleAccessor.java:104)
  at java.base/java.lang.reflect.Method.invoke(Method.java:565)
  at org.junit.runners.model.FrameworkMethod$1.runReflectiveCall(FrameworkMethod.java:59)
  at org.junit.internal.runners.model.ReflectiveCallable.run(ReflectiveCallable.java:12)
  at org.junit.runners.model.FrameworkMethod.invokeExplosively(FrameworkMethod.java:56)
  at org.junit.internal.runners.statements.InvokeMethod.evaluate(InvokeMethod.java:17)
  at org.junit.runners.ParentRunner$3.evaluate(ParentRunner.java:306)
  at org.junit.runners.BlockJUnit4ClassRunner$1.evaluate(BlockJUnit4ClassRunner.java:100)
  at org.junit.runners.ParentRunner.runLeaf(ParentRunner.java:366)
  at org.junit.runners.BlockJUnit4ClassRunner.runChild(BlockJUnit4ClassRunner.java:103)
  at org.junit.runners.BlockJUnit4ClassRunner.runChild(BlockJUnit4ClassRunner.java:63)
  at org.junit.runners.ParentRunner$4.run(ParentRunner.java:331)
  at org.junit.runners.ParentRunner$1.schedule(ParentRunner.java:79)
  at org.junit.runners.ParentRunner.runChildren(ParentRunner.java:329)
  at org.junit.runners.ParentRunner.access$100(ParentRunner.java:66)
  at org.junit.runners.ParentRunner$2.evaluate(ParentRunner.java:293)
  at org.junit.runners.ParentRunner$3.evaluate(ParentRunner.java:306)
  at org.junit.runners.ParentRunner.run(ParentRunner.java:413)
  at org.junit.runner.JUnitCore.run(JUnitCore.java:137)
  at org.junit.runner.JUnitCore.run(JUnitCore.java:115)
  at org.gradle.api.internal.tasks.testing.junit.JUnitTestExecutor.runRequest(JUnitTestExecutor.java:175)
  at org.gradle.api.internal.tasks.testing.junit.JUnitTestExecutor.accept(JUnitTestExecutor.java:84)
  at org.gradle.api.internal.tasks.testing.junit.JUnitTestExecutor.accept(JUnitTestExecutor.java:47)
  at org.gradle.api.internal.tasks.testing.junit.AbstractJUnitTestDefinitionProcessor.processTestDefinition(AbstractJUnitTestDefinitionProcessor.java:65)
  at org.gradle.api.internal.tasks.testing.SuiteTestDefinitionProcessor.processTestDefinition(SuiteTestDefinitionProcessor.java:54)
  at java.base/jdk.internal.reflect.DirectMethodHandleAccessor.invoke(DirectMethodHandleAccessor.java:104)
  at java.base/java.lang.reflect.Method.invoke(Method.java:565)
  at org.gradle.internal.dispatch.MethodInvocation.invokeOn(MethodInvocation.java:77)
  at org.gradle.internal.dispatch.ReflectionDispatch.dispatch(ReflectionDispatch.java:28)
  at org.gradle.internal.dispatch.ReflectionDispatch.dispatch(ReflectionDispatch.java:19)
  at org.gradle.internal.dispatch.ContextClassLoaderDispatch.dispatch(ContextClassLoaderDispatch.java:33)
  at org.gradle.internal.dispatch.ProxyDispatchAdapter$DispatchingInvocationHandler.invoke(ProxyDispatchAdapter.java:88)
  at jdk.proxy1/jdk.proxy1.$Proxy4.processTestDefinition(Unknown Source)
  at org.gradle.api.internal.tasks.testing.worker.TestWorker$2.run(TestWorker.java:178)
  at org.gradle.api.internal.tasks.testing.worker.TestWorker.executeAndMaintainThreadName(TestWorker.java:126)
  at org.gradle.api.internal.tasks.testing.worker.TestWorker.execute(TestWorker.java:103)
  at org.gradle.api.internal.tasks.testing.worker.TestWorker.execute(TestWorker.java:63)
  at org.gradle.process.internal.worker.child.ActionExecutionWorker.execute(ActionExecutionWorker.java:56)
  at org.gradle.process.internal.worker.child.SystemApplicationClassLoaderWorker.call(SystemApplicationClassLoaderWorker.java:122)
  at org.gradle.process.internal.worker.child.SystemApplicationClassLoaderWorker.call(SystemApplicationClassLoaderWorker.java:72)
  at worker.org.gradle.process.internal.worker.GradleWorkerMain.run(GradleWorkerMain.java:69)
  at worker.org.gradle.process.internal.worker.GradleWorkerMain.main(GradleWorkerMain.java:74)
</stacktrace>
</test-failure>


TypeScriptCompilerTests_M[jvm] > mixingStaticAndInstanceOverloads_ts has expected errors matching mixingStaticAndInstanceOverloads_errors_txt[jvm] FAILED

<test-failure test="com.xemantic.typescript.compiler.TypeScriptCompilerTests_M.modulePreserve4_ts compiles to JavaScript matching modulePreserve4_js" platform="jvm">
<message>
--- expected
+++ actual
@@ -127,7 +127,6 @@
 exports.default = 0;
 //// [main1.js]
 import { x, y } from "./a"; // No y
-const a1 = require("./a"); // { x: 0 }
 const a2 = require("./a"); // Error in TS
 const a3 = await import("./a"); // { x: 0 }
 a3.x;
@@ -146,7 +145,6 @@
 const d3 = await import("./d"); // { default: [Function: default] }
 d3.default();
 import e1 from "./e.mjs"; // 0
-const e2 = require("./e.mjs"); // 0
 import f1 from "./f.cjs"; // 0
 const f2 = require("./f.cjs"); // { default: 0 }
 f2.default;
@@ -161,20 +159,13 @@
 a1.default.x; // Arguably should exist but doesn't
 const a2 = require("./a"); // Error in TS
 import b1 from "./b"; // 0
-const b2 = require("./b"); // { default: 0 }
 import c1 from "./c"; // { default: [Function: default] }
-const c2 = require("./c"); // { default: [Function: default] }
 import d1 from "./d"; // [Function: default]
-const d2 = require("./d"); // [Function: default]
 import e1 from "./e.mjs"; // 0
-const e2 = require("./e.mjs"); // 0
 import f1 from "./f.cjs"; // 0
-const f2 = require("./f.cjs"); // { default: 0 }
 import g1 from "./g"; // { default: 0 }
-const g2 = require("./g"); // { default: 0 }
 //// [main3.cjs]
 import { x, y } from "./a"; // No y
-const a1 = require("./a"); // Error in JS
 const a2 = require("./a"); // { x: 0 }
 import b1 from "./b"; // 0
 const b2 = require("./b"); // { default: 0 }
@@ -191,4 +182,3 @@
 //// [main4.cjs]
 exports.x = require("./g");
 //// [dummy.js]
-export {}; // Silly test harness

</message>
<stacktrace>
  at org.junit.Assert.fail(Assert.java:89)
  at kotlin.test.junit.JUnitAsserter.fail(JUnitSupport.kt:56)
  at kotlin.test.AssertionsKt__AssertionsKt.fail(Assertions.kt:563)
  at kotlin.test.AssertionsKt.fail(Unknown Source)
  at com.xemantic.kotlin.test.SameAsKt.sameAs(SameAs.kt:52)
  at com.xemantic.typescript.compiler.TypeScriptTestSupportKt.sameAs(TypeScriptTestSupport.kt:99)
  at com.xemantic.typescript.compiler.TypeScriptCompilerTests_M.modulePreserve4_ts compiles to JavaScript matching modulePreserve4_js(TypeScriptCompilerTests_M.kt:2800)
  at java.base/jdk.internal.reflect.DirectMethodHandleAccessor.invoke(DirectMethodHandleAccessor.java:104)
  at java.base/java.lang.reflect.Method.invoke(Method.java:565)
  at org.junit.runners.model.FrameworkMethod$1.runReflectiveCall(FrameworkMethod.java:59)
  at org.junit.internal.runners.model.ReflectiveCallable.run(ReflectiveCallable.java:12)
  at org.junit.runners.model.FrameworkMethod.invokeExplosively(FrameworkMethod.java:56)
  at org.junit.internal.runners.statements.InvokeMethod.evaluate(InvokeMethod.java:17)
  at org.junit.runners.ParentRunner$3.evaluate(ParentRunner.java:306)
  at org.junit.runners.BlockJUnit4ClassRunner$1.evaluate(BlockJUnit4ClassRunner.java:100)
  at org.junit.runners.ParentRunner.runLeaf(ParentRunner.java:366)
  at org.junit.runners.BlockJUnit4ClassRunner.runChild(BlockJUnit4ClassRunner.java:103)
  at org.junit.runners.BlockJUnit4ClassRunner.runChild(BlockJUnit4ClassRunner.java:63)
  at org.junit.runners.ParentRunner$4.run(ParentRunner.java:331)
  at org.junit.runners.ParentRunner$1.schedule(ParentRunner.java:79)
  at org.junit.runners.ParentRunner.runChildren(ParentRunner.java:329)
  at org.junit.runners.ParentRunner.access$100(ParentRunner.java:66)
  at org.junit.runners.ParentRunner$2.evaluate(ParentRunner.java:293)
  at org.junit.runners.ParentRunner$3.evaluate(ParentRunner.java:306)
  at org.junit.runners.ParentRunner.run(ParentRunner.java:413)
  at org.junit.runner.JUnitCore.run(JUnitCore.java:137)
  at org.junit.runner.JUnitCore.run(JUnitCore.java:115)
  at org.gradle.api.internal.tasks.testing.junit.JUnitTestExecutor.runRequest(JUnitTestExecutor.java:175)
  at org.gradle.api.internal.tasks.testing.junit.JUnitTestExecutor.accept(JUnitTestExecutor.java:84)
  at org.gradle.api.internal.tasks.testing.junit.JUnitTestExecutor.accept(JUnitTestExecutor.java:47)
  at org.gradle.api.internal.tasks.testing.junit.AbstractJUnitTestDefinitionProcessor.processTestDefinition(AbstractJUnitTestDefinitionProcessor.java:65)
  at org.gradle.api.internal.tasks.testing.SuiteTestDefinitionProcessor.processTestDefinition(SuiteTestDefinitionProcessor.java:54)
  at java.base/jdk.internal.reflect.DirectMethodHandleAccessor.invoke(DirectMethodHandleAccessor.java:104)
  at java.base/java.lang.reflect.Method.invoke(Method.java:565)
  at org.gradle.internal.dispatch.MethodInvocation.invokeOn(MethodInvocation.java:77)
  at org.gradle.internal.dispatch.ReflectionDispatch.dispatch(ReflectionDispatch.java:28)
  at org.gradle.internal.dispatch.ReflectionDispatch.dispatch(ReflectionDispatch.java:19)
  at org.gradle.internal.dispatch.ContextClassLoaderDispatch.dispatch(ContextClassLoaderDispatch.java:33)
  at org.gradle.internal.dispatch.ProxyDispatchAdapter$DispatchingInvocationHandler.invoke(ProxyDispatchAdapter.java:88)
  at jdk.proxy1/jdk.proxy1.$Proxy4.processTestDefinition(Unknown Source)
  at org.gradle.api.internal.tasks.testing.worker.TestWorker$2.run(TestWorker.java:178)
  at org.gradle.api.internal.tasks.testing.worker.TestWorker.executeAndMaintainThreadName(TestWorker.java:126)
  at org.gradle.api.internal.tasks.testing.worker.TestWorker.execute(TestWorker.java:103)
  at org.gradle.api.internal.tasks.testing.worker.TestWorker.execute(TestWorker.java:63)
  at org.gradle.process.internal.worker.child.ActionExecutionWorker.execute(ActionExecutionWorker.java:56)
  at org.gradle.process.internal.worker.child.SystemApplicationClassLoaderWorker.call(SystemApplicationClassLoaderWorker.java:122)
  at org.gradle.process.internal.worker.child.SystemApplicationClassLoaderWorker.call(SystemApplicationClassLoaderWorker.java:72)
  at worker.org.gradle.process.internal.worker.GradleWorkerMain.run(GradleWorkerMain.java:69)
  at worker.org.gradle.process.internal.worker.GradleWorkerMain.main(GradleWorkerMain.java:74)
</stacktrace>
</test-failure>


TypeScriptCompilerTests_M[jvm] > modulePreserve4_ts compiles to JavaScript matching modulePreserve4_js[jvm] FAILED

<test-failure test="com.xemantic.typescript.compiler.TypeScriptCompilerTests_M.moduleResolutionWithExtensions_withPaths_ts has expected errors matching moduleResolutionWithExtensions_withPaths_errors_txt" platform="jvm">
<message>
--- expected
+++ actual
@@ -26,18 +26,6 @@
     	}
     }
     
-==== /relative.d.ts (0 errors) ====
-    export declare function relative(): void;
-    
-    
-==== /test.ts (0 errors) ====
-    import { test } from "foo/test.js";
-    import { test as test2 } from "foo/test";
-    import { relative } from "./relative.js";
-    import { relative as relative2 } from "./relative";
-    
-    
-    
 ==== /node_modules/foo/lib/test.js (0 errors) ====
     export function test() {
     	console.log("test");
@@ -50,3 +38,13 @@
     export function relative() {
     	console.log("test");
     }
+    
+==== /relative.d.ts (0 errors) ====
+    export declare function relative(): void;
+    
+    
+==== /test.ts (0 errors) ====
+    import { test } from "foo/test.js";
+    import { test as test2 } from "foo/test";
+    import { relative } from "./relative.js";
+    import { relative as relative2 } from "./relative";

</message>
<stacktrace>
  at org.junit.Assert.fail(Assert.java:89)
  at kotlin.test.junit.JUnitAsserter.fail(JUnitSupport.kt:56)
  at kotlin.test.AssertionsKt__AssertionsKt.fail(Assertions.kt:563)
  at kotlin.test.AssertionsKt.fail(Unknown Source)
  at com.xemantic.kotlin.test.SameAsKt.sameAs(SameAs.kt:52)
  at com.xemantic.typescript.compiler.TypeScriptTestSupportKt.errorsMatchBaseline(TypeScriptTestSupport.kt:135)
  at com.xemantic.typescript.compiler.TypeScriptCompilerTests_M.moduleResolutionWithExtensions_withPaths_ts has expected errors matching moduleResolutionWithExtensions_withPaths_errors_txt(TypeScriptCompilerTests_M.kt:3094)
  at java.base/jdk.internal.reflect.DirectMethodHandleAccessor.invoke(DirectMethodHandleAccessor.java:104)
  at java.base/java.lang.reflect.Method.invoke(Method.java:565)
  at org.junit.runners.model.FrameworkMethod$1.runReflectiveCall(FrameworkMethod.java:59)
  at org.junit.internal.runners.model.ReflectiveCallable.run(ReflectiveCallable.java:12)
  at org.junit.runners.model.FrameworkMethod.invokeExplosively(FrameworkMethod.java:56)
  at org.junit.internal.runners.statements.InvokeMethod.evaluate(InvokeMethod.java:17)
  at org.junit.runners.ParentRunner$3.evaluate(ParentRunner.java:306)
  at org.junit.runners.BlockJUnit4ClassRunner$1.evaluate(BlockJUnit4ClassRunner.java:100)
  at org.junit.runners.ParentRunner.runLeaf(ParentRunner.java:366)
  at org.junit.runners.BlockJUnit4ClassRunner.runChild(BlockJUnit4ClassRunner.java:103)
  at org.junit.runners.BlockJUnit4ClassRunner.runChild(BlockJUnit4ClassRunner.java:63)
  at org.junit.runners.ParentRunner$4.run(ParentRunner.java:331)
  at org.junit.runners.ParentRunner$1.schedule(ParentRunner.java:79)
  at org.junit.runners.ParentRunner.runChildren(ParentRunner.java:329)
  at org.junit.runners.ParentRunner.access$100(ParentRunner.java:66)
  at org.junit.runners.ParentRunner$2.evaluate(ParentRunner.java:293)
  at org.junit.runners.ParentRunner$3.evaluate(ParentRunner.java:306)
  at org.junit.runners.ParentRunner.run(ParentRunner.java:413)
  at org.junit.runner.JUnitCore.run(JUnitCore.java:137)
  at org.junit.runner.JUnitCore.run(JUnitCore.java:115)
  at org.gradle.api.internal.tasks.testing.junit.JUnitTestExecutor.runRequest(JUnitTestExecutor.java:175)
  at org.gradle.api.internal.tasks.testing.junit.JUnitTestExecutor.accept(JUnitTestExecutor.java:84)
  at org.gradle.api.internal.tasks.testing.junit.JUnitTestExecutor.accept(JUnitTestExecutor.java:47)
  at org.gradle.api.internal.tasks.testing.junit.AbstractJUnitTestDefinitionProcessor.processTestDefinition(AbstractJUnitTestDefinitionProcessor.java:65)
  at org.gradle.api.internal.tasks.testing.SuiteTestDefinitionProcessor.processTestDefinition(SuiteTestDefinitionProcessor.java:54)
  at java.base/jdk.internal.reflect.DirectMethodHandleAccessor.invoke(DirectMethodHandleAccessor.java:104)
  at java.base/java.lang.reflect.Method.invoke(Method.java:565)
  at org.gradle.internal.dispatch.MethodInvocation.invokeOn(MethodInvocation.java:77)
  at org.gradle.internal.dispatch.ReflectionDispatch.dispatch(ReflectionDispatch.java:28)
  at org.gradle.internal.dispatch.ReflectionDispatch.dispatch(ReflectionDispatch.java:19)
  at org.gradle.internal.dispatch.ContextClassLoaderDispatch.dispatch(ContextClassLoaderDispatch.java:33)
  at org.gradle.internal.dispatch.ProxyDispatchAdapter$DispatchingInvocationHandler.invoke(ProxyDispatchAdapter.java:88)
  at jdk.proxy1/jdk.proxy1.$Proxy4.processTestDefinition(Unknown Source)
  at org.gradle.api.internal.tasks.testing.worker.TestWorker$2.run(TestWorker.java:178)
  at org.gradle.api.internal.tasks.testing.worker.TestWorker.executeAndMaintainThreadName(TestWorker.java:126)
  at org.gradle.api.internal.tasks.testing.worker.TestWorker.execute(TestWorker.java:103)
  at org.gradle.api.internal.tasks.testing.worker.TestWorker.execute(TestWorker.java:63)
  at org.gradle.process.internal.worker.child.ActionExecutionWorker.execute(ActionExecutionWorker.java:56)
  at org.gradle.process.internal.worker.child.SystemApplicationClassLoaderWorker.call(SystemApplicationClassLoaderWorker.java:122)
  at org.gradle.process.internal.worker.child.SystemApplicationClassLoaderWorker.call(SystemApplicationClassLoaderWorker.java:72)
  at worker.org.gradle.process.internal.worker.GradleWorkerMain.run(GradleWorkerMain.java:69)
  at worker.org.gradle.process.internal.worker.GradleWorkerMain.main(GradleWorkerMain.java:74)
</stacktrace>
</test-failure>


TypeScriptCompilerTests_M[jvm] > moduleResolutionWithExtensions_withPaths_ts has expected errors matching moduleResolutionWithExtensions_withPaths_errors_txt[jvm] FAILED

<test-failure test="com.xemantic.typescript.compiler.TypeScriptCompilerTests_M.manyCompilerErrorsInTheTwoFiles_ts compiles to JavaScript matching manyCompilerErrorsInTheTwoFiles_js" platform="jvm">
<message>
--- expected
+++ actual
@@ -15,10 +15,10 @@
 //// [a.js]
 "use strict";
 const a = !;
+!const;
+b = !;
 !;
-const b = !;
 !;
-!;
 !OK;
 HERE;
 's A shouty thing;

</message>
<stacktrace>
  at org.junit.Assert.fail(Assert.java:89)
  at kotlin.test.junit.JUnitAsserter.fail(JUnitSupport.kt:56)
  at kotlin.test.AssertionsKt__AssertionsKt.fail(Assertions.kt:563)
  at kotlin.test.AssertionsKt.fail(Unknown Source)
  at com.xemantic.kotlin.test.SameAsKt.sameAs(SameAs.kt:52)
  at com.xemantic.typescript.compiler.TypeScriptTestSupportKt.sameAs(TypeScriptTestSupport.kt:99)
  at com.xemantic.typescript.compiler.TypeScriptCompilerTests_M.manyCompilerErrorsInTheTwoFiles_ts compiles to JavaScript matching manyCompilerErrorsInTheTwoFiles_js(TypeScriptCompilerTests_M.kt:42)
  at java.base/jdk.internal.reflect.DirectMethodHandleAccessor.invoke(DirectMethodHandleAccessor.java:104)
  at java.base/java.lang.reflect.Method.invoke(Method.java:565)
  at org.junit.runners.model.FrameworkMethod$1.runReflectiveCall(FrameworkMethod.java:59)
  at org.junit.internal.runners.model.ReflectiveCallable.run(ReflectiveCallable.java:12)
  at org.junit.runners.model.FrameworkMethod.invokeExplosively(FrameworkMethod.java:56)
  at org.junit.internal.runners.statements.InvokeMethod.evaluate(InvokeMethod.java:17)
  at org.junit.runners.ParentRunner$3.evaluate(ParentRunner.java:306)
  at org.junit.runners.BlockJUnit4ClassRunner$1.evaluate(BlockJUnit4ClassRunner.java:100)
  at org.junit.runners.ParentRunner.runLeaf(ParentRunner.java:366)
  at org.junit.runners.BlockJUnit4ClassRunner.runChild(BlockJUnit4ClassRunner.java:103)
  at org.junit.runners.BlockJUnit4ClassRunner.runChild(BlockJUnit4ClassRunner.java:63)
  at org.junit.runners.ParentRunner$4.run(ParentRunner.java:331)
  at org.junit.runners.ParentRunner$1.schedule(ParentRunner.java:79)
  at org.junit.runners.ParentRunner.runChildren(ParentRunner.java:329)
  at org.junit.runners.ParentRunner.access$100(ParentRunner.java:66)
  at org.junit.runners.ParentRunner$2.evaluate(ParentRunner.java:293)
  at org.junit.runners.ParentRunner$3.evaluate(ParentRunner.java:306)
  at org.junit.runners.ParentRunner.run(ParentRunner.java:413)
  at org.junit.runner.JUnitCore.run(JUnitCore.java:137)
  at org.junit.runner.JUnitCore.run(JUnitCore.java:115)
  at org.gradle.api.internal.tasks.testing.junit.JUnitTestExecutor.runRequest(JUnitTestExecutor.java:175)
  at org.gradle.api.internal.tasks.testing.junit.JUnitTestExecutor.accept(JUnitTestExecutor.java:84)
  at org.gradle.api.internal.tasks.testing.junit.JUnitTestExecutor.accept(JUnitTestExecutor.java:47)
  at org.gradle.api.internal.tasks.testing.junit.AbstractJUnitTestDefinitionProcessor.processTestDefinition(AbstractJUnitTestDefinitionProcessor.java:65)
  at org.gradle.api.internal.tasks.testing.SuiteTestDefinitionProcessor.processTestDefinition(SuiteTestDefinitionProcessor.java:54)
  at java.base/jdk.internal.reflect.DirectMethodHandleAccessor.invoke(DirectMethodHandleAccessor.java:104)
  at java.base/java.lang.reflect.Method.invoke(Method.java:565)
  at org.gradle.internal.dispatch.MethodInvocation.invokeOn(MethodInvocation.java:77)
  at org.gradle.internal.dispatch.ReflectionDispatch.dispatch(ReflectionDispatch.java:28)
  at org.gradle.internal.dispatch.ReflectionDispatch.dispatch(ReflectionDispatch.java:19)
  at org.gradle.internal.dispatch.ContextClassLoaderDispatch.dispatch(ContextClassLoaderDispatch.java:33)
  at org.gradle.internal.dispatch.ProxyDispatchAdapter$DispatchingInvocationHandler.invoke(ProxyDispatchAdapter.java:88)
  at jdk.proxy1/jdk.proxy1.$Proxy4.processTestDefinition(Unknown Source)
  at org.gradle.api.internal.tasks.testing.worker.TestWorker$2.run(TestWorker.java:178)
  at org.gradle.api.internal.tasks.testing.worker.TestWorker.executeAndMaintainThreadName(TestWorker.java:126)
  at org.gradle.api.internal.tasks.testing.worker.TestWorker.execute(TestWorker.java:103)
  at org.gradle.api.internal.tasks.testing.worker.TestWorker.execute(TestWorker.java:63)
  at org.gradle.process.internal.worker.child.ActionExecutionWorker.execute(ActionExecutionWorker.java:56)
  at org.gradle.process.internal.worker.child.SystemApplicationClassLoaderWorker.call(SystemApplicationClassLoaderWorker.java:122)
  at org.gradle.process.internal.worker.child.SystemApplicationClassLoaderWorker.call(SystemApplicationClassLoaderWorker.java:72)
  at worker.org.gradle.process.internal.worker.GradleWorkerMain.run(GradleWorkerMain.java:69)
  at worker.org.gradle.process.internal.worker.GradleWorkerMain.main(GradleWorkerMain.java:74)
</stacktrace>
</test-failure>


TypeScriptCompilerTests_M[jvm] > manyCompilerErrorsInTheTwoFiles_ts compiles to JavaScript matching manyCompilerErrorsInTheTwoFiles_js[jvm] FAILED

<test-failure test="com.xemantic.typescript.compiler.TypeScriptCompilerTests_M.moduleAugmentationGlobal7_ts has expected errors matching moduleAugmentationGlobal7_errors_txt" platform="jvm">
<message>
Expected diagnostics from baseline typescript-repo/tests/baselines/reference/moduleAugmentationGlobal7.errors.txt but none produced
</message>
<stacktrace>
  at com.xemantic.typescript.compiler.TypeScriptTestSupportKt.errorsMatchBaseline(TypeScriptTestSupport.kt:125)
  at com.xemantic.typescript.compiler.TypeScriptCompilerTests_M.moduleAugmentationGlobal7_ts has expected errors matching moduleAugmentationGlobal7_errors_txt(TypeScriptCompilerTests_M.kt:2002)
  at java.base/jdk.internal.reflect.DirectMethodHandleAccessor.invoke(DirectMethodHandleAccessor.java:104)
  at java.base/java.lang.reflect.Method.invoke(Method.java:565)
  at org.junit.runners.model.FrameworkMethod$1.runReflectiveCall(FrameworkMethod.java:59)
  at org.junit.internal.runners.model.ReflectiveCallable.run(ReflectiveCallable.java:12)
  at org.junit.runners.model.FrameworkMethod.invokeExplosively(FrameworkMethod.java:56)
  at org.junit.internal.runners.statements.InvokeMethod.evaluate(InvokeMethod.java:17)
  at org.junit.runners.ParentRunner$3.evaluate(ParentRunner.java:306)
  at org.junit.runners.BlockJUnit4ClassRunner$1.evaluate(BlockJUnit4ClassRunner.java:100)
  at org.junit.runners.ParentRunner.runLeaf(ParentRunner.java:366)
  at org.junit.runners.BlockJUnit4ClassRunner.runChild(BlockJUnit4ClassRunner.java:103)
  at org.junit.runners.BlockJUnit4ClassRunner.runChild(BlockJUnit4ClassRunner.java:63)
  at org.junit.runners.ParentRunner$4.run(ParentRunner.java:331)
  at org.junit.runners.ParentRunner$1.schedule(ParentRunner.java:79)
  at org.junit.runners.ParentRunner.runChildren(ParentRunner.java:329)
  at org.junit.runners.ParentRunner.access$100(ParentRunner.java:66)
  at org.junit.runners.ParentRunner$2.evaluate(ParentRunner.java:293)
  at org.junit.runners.ParentRunner$3.evaluate(ParentRunner.java:306)
  at org.junit.runners.ParentRunner.run(ParentRunner.java:413)
  at org.junit.runner.JUnitCore.run(JUnitCore.java:137)
  at org.junit.runner.JUnitCore.run(JUnitCore.java:115)
  at org.gradle.api.internal.tasks.testing.junit.JUnitTestExecutor.runRequest(JUnitTestExecutor.java:175)
  at org.gradle.api.internal.tasks.testing.junit.JUnitTestExecutor.accept(JUnitTestExecutor.java:84)
  at org.gradle.api.internal.tasks.testing.junit.JUnitTestExecutor.accept(JUnitTestExecutor.java:47)
  at org.gradle.api.internal.tasks.testing.junit.AbstractJUnitTestDefinitionProcessor.processTestDefinition(AbstractJUnitTestDefinitionProcessor.java:65)
  at org.gradle.api.internal.tasks.testing.SuiteTestDefinitionProcessor.processTestDefinition(SuiteTestDefinitionProcessor.java:54)
  at java.base/jdk.internal.reflect.DirectMethodHandleAccessor.invoke(DirectMethodHandleAccessor.java:104)
  at java.base/java.lang.reflect.Method.invoke(Method.java:565)
  at org.gradle.internal.dispatch.MethodInvocation.invokeOn(MethodInvocation.java:77)
  at org.gradle.internal.dispatch.ReflectionDispatch.dispatch(ReflectionDispatch.java:28)
  at org.gradle.internal.dispatch.ReflectionDispatch.dispatch(ReflectionDispatch.java:19)
  at org.gradle.internal.dispatch.ContextClassLoaderDispatch.dispatch(ContextClassLoaderDispatch.java:33)
  at org.gradle.internal.dispatch.ProxyDispatchAdapter$DispatchingInvocationHandler.invoke(ProxyDispatchAdapter.java:88)
  at jdk.proxy1/jdk.proxy1.$Proxy4.processTestDefinition(Unknown Source)
  at org.gradle.api.internal.tasks.testing.worker.TestWorker$2.run(TestWorker.java:178)
  at org.gradle.api.internal.tasks.testing.worker.TestWorker.executeAndMaintainThreadName(TestWorker.java:126)
  at org.gradle.api.internal.tasks.testing.worker.TestWorker.execute(TestWorker.java:103)
  at org.gradle.api.internal.tasks.testing.worker.TestWorker.execute(TestWorker.java:63)
  at org.gradle.process.internal.worker.child.ActionExecutionWorker.execute(ActionExecutionWorker.java:56)
  at org.gradle.process.internal.worker.child.SystemApplicationClassLoaderWorker.call(SystemApplicationClassLoaderWorker.java:122)
  at org.gradle.process.internal.worker.child.SystemApplicationClassLoaderWorker.call(SystemApplicationClassLoaderWorker.java:72)
  at worker.org.gradle.process.internal.worker.GradleWorkerMain.run(GradleWorkerMain.java:69)
  at worker.org.gradle.process.internal.worker.GradleWorkerMain.main(GradleWorkerMain.java:74)
</stacktrace>
</test-failure>


TypeScriptCompilerTests_M[jvm] > moduleAugmentationGlobal7_ts has expected errors matching moduleAugmentationGlobal7_errors_txt[jvm] FAILED

<test-failure test="com.xemantic.typescript.compiler.TypeScriptCompilerTests_M.moduleAugmentationImportsAndExports6_ts has expected errors matching moduleAugmentationImportsAndExports6_errors_txt" platform="jvm">
<message>
--- expected
+++ actual
@@ -1,6 +1,4 @@
 f2.ts(2,5): error TS2564: Property 'n' has no initializer and is not definitely assigned in the constructor.
-f3.ts(4,1): error TS2322: Type '() => undefined' is not assignable to type '() => B'.
-  Type 'undefined' is not assignable to type 'B'.
 f4.ts(5,9): error TS2454: Variable 'a' is used before being assigned.
 f4.ts(6,9): error TS2454: Variable 'a' is used before being assigned.
 f4.ts(7,9): error TS2454: Variable 'a' is used before being assigned.
@@ -16,14 +14,11 @@
 !!! error TS2564: Property 'n' has no initializer and is not definitely assigned in the constructor.
     }
     
-==== f3.ts (1 errors) ====
+==== f3.ts (0 errors) ====
     import {A} from "./f1";
     import {B} from "./f2";
     
     A.prototype.foo = function () { return undefined; }
-    ~~~~~~~~~~~~~~~
-!!! error TS2322: Type '() => undefined' is not assignable to type '() => B'.
-!!! error TS2322:   Type 'undefined' is not assignable to type 'B'.
     
     export namespace N {
         export interface Ifc { a: number; }

</message>
<stacktrace>
  at org.junit.Assert.fail(Assert.java:89)
  at kotlin.test.junit.JUnitAsserter.fail(JUnitSupport.kt:56)
  at kotlin.test.AssertionsKt__AssertionsKt.fail(Assertions.kt:563)
  at kotlin.test.AssertionsKt.fail(Unknown Source)
  at com.xemantic.kotlin.test.SameAsKt.sameAs(SameAs.kt:52)
  at com.xemantic.typescript.compiler.TypeScriptTestSupportKt.errorsMatchBaseline(TypeScriptTestSupport.kt:135)
  at com.xemantic.typescript.compiler.TypeScriptCompilerTests_M.moduleAugmentationImportsAndExports6_ts has expected errors matching moduleAugmentationImportsAndExports6_errors_txt(TypeScriptCompilerTests_M.kt:2142)
  at java.base/jdk.internal.reflect.DirectMethodHandleAccessor.invoke(DirectMethodHandleAccessor.java:104)
  at java.base/java.lang.reflect.Method.invoke(Method.java:565)
  at org.junit.runners.model.FrameworkMethod$1.runReflectiveCall(FrameworkMethod.java:59)
  at org.junit.internal.runners.model.ReflectiveCallable.run(ReflectiveCallable.java:12)
  at org.junit.runners.model.FrameworkMethod.invokeExplosively(FrameworkMethod.java:56)
  at org.junit.internal.runners.statements.InvokeMethod.evaluate(InvokeMethod.java:17)
  at org.junit.runners.ParentRunner$3.evaluate(ParentRunner.java:306)
  at org.junit.runners.BlockJUnit4ClassRunner$1.evaluate(BlockJUnit4ClassRunner.java:100)
  at org.junit.runners.ParentRunner.runLeaf(ParentRunner.java:366)
  at org.junit.runners.BlockJUnit4ClassRunner.runChild(BlockJUnit4ClassRunner.java:103)
  at org.junit.runners.BlockJUnit4ClassRunner.runChild(BlockJUnit4ClassRunner.java:63)
  at org.junit.runners.ParentRunner$4.run(ParentRunner.java:331)
  at org.junit.runners.ParentRunner$1.schedule(ParentRunner.java:79)
  at org.junit.runners.ParentRunner.runChildren(ParentRunner.java:329)
  at org.junit.runners.ParentRunner.access$100(ParentRunner.java:66)
  at org.junit.runners.ParentRunner$2.evaluate(ParentRunner.java:293)
  at org.junit.runners.ParentRunner$3.evaluate(ParentRunner.java:306)
  at org.junit.runners.ParentRunner.run(ParentRunner.java:413)
  at org.junit.runner.JUnitCore.run(JUnitCore.java:137)
  at org.junit.runner.JUnitCore.run(JUnitCore.java:115)
  at org.gradle.api.internal.tasks.testing.junit.JUnitTestExecutor.runRequest(JUnitTestExecutor.java:175)
  at org.gradle.api.internal.tasks.testing.junit.JUnitTestExecutor.accept(JUnitTestExecutor.java:84)
  at org.gradle.api.internal.tasks.testing.junit.JUnitTestExecutor.accept(JUnitTestExecutor.java:47)
  at org.gradle.api.internal.tasks.testing.junit.AbstractJUnitTestDefinitionProcessor.processTestDefinition(AbstractJUnitTestDefinitionProcessor.java:65)
  at org.gradle.api.internal.tasks.testing.SuiteTestDefinitionProcessor.processTestDefinition(SuiteTestDefinitionProcessor.java:54)
  at java.base/jdk.internal.reflect.DirectMethodHandleAccessor.invoke(DirectMethodHandleAccessor.java:104)
  at java.base/java.lang.reflect.Method.invoke(Method.java:565)
  at org.gradle.internal.dispatch.MethodInvocation.invokeOn(MethodInvocation.java:77)
  at org.gradle.internal.dispatch.ReflectionDispatch.dispatch(ReflectionDispatch.java:28)
  at org.gradle.internal.dispatch.ReflectionDispatch.dispatch(ReflectionDispatch.java:19)
  at org.gradle.internal.dispatch.ContextClassLoaderDispatch.dispatch(ContextClassLoaderDispatch.java:33)
  at org.gradle.internal.dispatch.ProxyDispatchAdapter$DispatchingInvocationHandler.invoke(ProxyDispatchAdapter.java:88)
  at jdk.proxy1/jdk.proxy1.$Proxy4.processTestDefinition(Unknown Source)
  at org.gradle.api.internal.tasks.testing.worker.TestWorker$2.run(TestWorker.java:178)
  at org.gradle.api.internal.tasks.testing.worker.TestWorker.executeAndMaintainThreadName(TestWorker.java:126)
  at org.gradle.api.internal.tasks.testing.worker.TestWorker.execute(TestWorker.java:103)
  at org.gradle.api.internal.tasks.testing.worker.TestWorker.execute(TestWorker.java:63)
  at org.gradle.process.internal.worker.child.ActionExecutionWorker.execute(ActionExecutionWorker.java:56)
  at org.gradle.process.internal.worker.child.SystemApplicationClassLoaderWorker.call(SystemApplicationClassLoaderWorker.java:122)
  at org.gradle.process.internal.worker.child.SystemApplicationClassLoaderWorker.call(SystemApplicationClassLoaderWorker.java:72)
  at worker.org.gradle.process.internal.worker.GradleWorkerMain.run(GradleWorkerMain.java:69)
  at worker.org.gradle.process.internal.worker.GradleWorkerMain.main(GradleWorkerMain.java:74)
</stacktrace>
</test-failure>


TypeScriptCompilerTests_M[jvm] > moduleAugmentationImportsAndExports6_ts has expected errors matching moduleAugmentationImportsAndExports6_errors_txt[jvm] FAILED

<test-failure test="com.xemantic.typescript.compiler.TypeScriptCompilerTests_M.moduleNodeDefaultImports_ts__module_node16__has expected errors matching baseline" platform="jvm">
<message>
Expected diagnostics from baseline typescript-repo/tests/baselines/reference/moduleNodeDefaultImports(module=node16).errors.txt but none produced
</message>
<stacktrace>
  at com.xemantic.typescript.compiler.TypeScriptTestSupportKt.errorsMatchBaseline(TypeScriptTestSupport.kt:125)
  at com.xemantic.typescript.compiler.TypeScriptCompilerTests_M.moduleNodeDefaultImports_ts__module_node16__has expected errors matching baseline(TypeScriptCompilerTests_M.kt:2667)
  at java.base/jdk.internal.reflect.DirectMethodHandleAccessor.invoke(DirectMethodHandleAccessor.java:104)
  at java.base/java.lang.reflect.Method.invoke(Method.java:565)
  at org.junit.runners.model.FrameworkMethod$1.runReflectiveCall(FrameworkMethod.java:59)
  at org.junit.internal.runners.model.ReflectiveCallable.run(ReflectiveCallable.java:12)
  at org.junit.runners.model.FrameworkMethod.invokeExplosively(FrameworkMethod.java:56)
  at org.junit.internal.runners.statements.InvokeMethod.evaluate(InvokeMethod.java:17)
  at org.junit.runners.ParentRunner$3.evaluate(ParentRunner.java:306)
  at org.junit.runners.BlockJUnit4ClassRunner$1.evaluate(BlockJUnit4ClassRunner.java:100)
  at org.junit.runners.ParentRunner.runLeaf(ParentRunner.java:366)
  at org.junit.runners.BlockJUnit4ClassRunner.runChild(BlockJUnit4ClassRunner.java:103)
  at org.junit.runners.BlockJUnit4ClassRunner.runChild(BlockJUnit4ClassRunner.java:63)
  at org.junit.runners.ParentRunner$4.run(ParentRunner.java:331)
  at org.junit.runners.ParentRunner$1.schedule(ParentRunner.java:79)
  at org.junit.runners.ParentRunner.runChildren(ParentRunner.java:329)
  at org.junit.runners.ParentRunner.access$100(ParentRunner.java:66)
  at org.junit.runners.ParentRunner$2.evaluate(ParentRunner.java:293)
  at org.junit.runners.ParentRunner$3.evaluate(ParentRunner.java:306)
  at org.junit.runners.ParentRunner.run(ParentRunner.java:413)
  at org.junit.runner.JUnitCore.run(JUnitCore.java:137)
  at org.junit.runner.JUnitCore.run(JUnitCore.java:115)
  at org.gradle.api.internal.tasks.testing.junit.JUnitTestExecutor.runRequest(JUnitTestExecutor.java:175)
  at org.gradle.api.internal.tasks.testing.junit.JUnitTestExecutor.accept(JUnitTestExecutor.java:84)
  at org.gradle.api.internal.tasks.testing.junit.JUnitTestExecutor.accept(JUnitTestExecutor.java:47)
  at org.gradle.api.internal.tasks.testing.junit.AbstractJUnitTestDefinitionProcessor.processTestDefinition(AbstractJUnitTestDefinitionProcessor.java:65)
  at org.gradle.api.internal.tasks.testing.SuiteTestDefinitionProcessor.processTestDefinition(SuiteTestDefinitionProcessor.java:54)
  at java.base/jdk.internal.reflect.DirectMethodHandleAccessor.invoke(DirectMethodHandleAccessor.java:104)
  at java.base/java.lang.reflect.Method.invoke(Method.java:565)
  at org.gradle.internal.dispatch.MethodInvocation.invokeOn(MethodInvocation.java:77)
  at org.gradle.internal.dispatch.ReflectionDispatch.dispatch(ReflectionDispatch.java:28)
  at org.gradle.internal.dispatch.ReflectionDispatch.dispatch(ReflectionDispatch.java:19)
  at org.gradle.internal.dispatch.ContextClassLoaderDispatch.dispatch(ContextClassLoaderDispatch.java:33)
  at org.gradle.internal.dispatch.ProxyDispatchAdapter$DispatchingInvocationHandler.invoke(ProxyDispatchAdapter.java:88)
  at jdk.proxy1/jdk.proxy1.$Proxy4.processTestDefinition(Unknown Source)
  at org.gradle.api.internal.tasks.testing.worker.TestWorker$2.run(TestWorker.java:178)
  at org.gradle.api.internal.tasks.testing.worker.TestWorker.executeAndMaintainThreadName(TestWorker.java:126)
  at org.gradle.api.internal.tasks.testing.worker.TestWorker.execute(TestWorker.java:103)
  at org.gradle.api.internal.tasks.testing.worker.TestWorker.execute(TestWorker.java:63)
  at org.gradle.process.internal.worker.child.ActionExecutionWorker.execute(ActionExecutionWorker.java:56)
  at org.gradle.process.internal.worker.child.SystemApplicationClassLoaderWorker.call(SystemApplicationClassLoaderWorker.java:122)
  at org.gradle.process.internal.worker.child.SystemApplicationClassLoaderWorker.call(SystemApplicationClassLoaderWorker.java:72)
  at worker.org.gradle.process.internal.worker.GradleWorkerMain.run(GradleWorkerMain.java:69)
  at worker.org.gradle.process.internal.worker.GradleWorkerMain.main(GradleWorkerMain.java:74)
</stacktrace>
</test-failure>


TypeScriptCompilerTests_M[jvm] > moduleNodeDefaultImports_ts__module_node16__has expected errors matching baseline[jvm] FAILED

<test-failure test="com.xemantic.typescript.compiler.TypeScriptCompilerTests_M.moduleAsBaseType_ts has expected errors matching moduleAsBaseType_errors_txt" platform="jvm">
<message>
Expected diagnostics from baseline typescript-repo/tests/baselines/reference/moduleAsBaseType.errors.txt but none produced
</message>
<stacktrace>
  at com.xemantic.typescript.compiler.TypeScriptTestSupportKt.errorsMatchBaseline(TypeScriptTestSupport.kt:125)
  at com.xemantic.typescript.compiler.TypeScriptCompilerTests_M.moduleAsBaseType_ts has expected errors matching moduleAsBaseType_errors_txt(TypeScriptCompilerTests_M.kt:1708)
  at java.base/jdk.internal.reflect.DirectMethodHandleAccessor.invoke(DirectMethodHandleAccessor.java:104)
  at java.base/java.lang.reflect.Method.invoke(Method.java:565)
  at org.junit.runners.model.FrameworkMethod$1.runReflectiveCall(FrameworkMethod.java:59)
  at org.junit.internal.runners.model.ReflectiveCallable.run(ReflectiveCallable.java:12)
  at org.junit.runners.model.FrameworkMethod.invokeExplosively(FrameworkMethod.java:56)
  at org.junit.internal.runners.statements.InvokeMethod.evaluate(InvokeMethod.java:17)
  at org.junit.runners.ParentRunner$3.evaluate(ParentRunner.java:306)
  at org.junit.runners.BlockJUnit4ClassRunner$1.evaluate(BlockJUnit4ClassRunner.java:100)
  at org.junit.runners.ParentRunner.runLeaf(ParentRunner.java:366)
  at org.junit.runners.BlockJUnit4ClassRunner.runChild(BlockJUnit4ClassRunner.java:103)
  at org.junit.runners.BlockJUnit4ClassRunner.runChild(BlockJUnit4ClassRunner.java:63)
  at org.junit.runners.ParentRunner$4.run(ParentRunner.java:331)
  at org.junit.runners.ParentRunner$1.schedule(ParentRunner.java:79)
  at org.junit.runners.ParentRunner.runChildren(ParentRunner.java:329)
  at org.junit.runners.ParentRunner.access$100(ParentRunner.java:66)
  at org.junit.runners.ParentRunner$2.evaluate(ParentRunner.java:293)
  at org.junit.runners.ParentRunner$3.evaluate(ParentRunner.java:306)
  at org.junit.runners.ParentRunner.run(ParentRunner.java:413)
  at org.junit.runner.JUnitCore.run(JUnitCore.java:137)
  at org.junit.runner.JUnitCore.run(JUnitCore.java:115)
  at org.gradle.api.internal.tasks.testing.junit.JUnitTestExecutor.runRequest(JUnitTestExecutor.java:175)
  at org.gradle.api.internal.tasks.testing.junit.JUnitTestExecutor.accept(JUnitTestExecutor.java:84)
  at org.gradle.api.internal.tasks.testing.junit.JUnitTestExecutor.accept(JUnitTestExecutor.java:47)
  at org.gradle.api.internal.tasks.testing.junit.AbstractJUnitTestDefinitionProcessor.processTestDefinition(AbstractJUnitTestDefinitionProcessor.java:65)
  at org.gradle.api.internal.tasks.testing.SuiteTestDefinitionProcessor.processTestDefinition(SuiteTestDefinitionProcessor.java:54)
  at java.base/jdk.internal.reflect.DirectMethodHandleAccessor.invoke(DirectMethodHandleAccessor.java:104)
  at java.base/java.lang.reflect.Method.invoke(Method.java:565)
  at org.gradle.internal.dispatch.MethodInvocation.invokeOn(MethodInvocation.java:77)
  at org.gradle.internal.dispatch.ReflectionDispatch.dispatch(ReflectionDispatch.java:28)
  at org.gradle.internal.dispatch.ReflectionDispatch.dispatch(ReflectionDispatch.java:19)
  at org.gradle.internal.dispatch.ContextClassLoaderDispatch.dispatch(ContextClassLoaderDispatch.java:33)
  at org.gradle.internal.dispatch.ProxyDispatchAdapter$DispatchingInvocationHandler.invoke(ProxyDispatchAdapter.java:88)
  at jdk.proxy1/jdk.proxy1.$Proxy4.processTestDefinition(Unknown Source)
  at org.gradle.api.internal.tasks.testing.worker.TestWorker$2.run(TestWorker.java:178)
  at org.gradle.api.internal.tasks.testing.worker.TestWorker.executeAndMaintainThreadName(TestWorker.java:126)
  at org.gradle.api.internal.tasks.testing.worker.TestWorker.execute(TestWorker.java:103)
  at org.gradle.api.internal.tasks.testing.worker.TestWorker.execute(TestWorker.java:63)
  at org.gradle.process.internal.worker.child.ActionExecutionWorker.execute(ActionExecutionWorker.java:56)
  at org.gradle.process.internal.worker.child.SystemApplicationClassLoaderWorker.call(SystemApplicationClassLoaderWorker.java:122)
  at org.gradle.process.internal.worker.child.SystemApplicationClassLoaderWorker.call(SystemApplicationClassLoaderWorker.java:72)
  at worker.org.gradle.process.internal.worker.GradleWorkerMain.run(GradleWorkerMain.java:69)
  at worker.org.gradle.process.internal.worker.GradleWorkerMain.main(GradleWorkerMain.java:74)
</stacktrace>
</test-failure>


TypeScriptCompilerTests_M[jvm] > moduleAsBaseType_ts has expected errors matching moduleAsBaseType_errors_txt[jvm] FAILED

<test-failure test="com.xemantic.typescript.compiler.TypeScriptCompilerTests_M.maxNodeModuleJsDepthDefaultsToZero_ts has expected errors matching maxNodeModuleJsDepthDefaultsToZero_errors_txt" platform="jvm">
<message>
Expected diagnostics from baseline typescript-repo/tests/baselines/reference/maxNodeModuleJsDepthDefaultsToZero.errors.txt but none produced
</message>
<stacktrace>
  at com.xemantic.typescript.compiler.TypeScriptTestSupportKt.errorsMatchBaseline(TypeScriptTestSupport.kt:125)
  at com.xemantic.typescript.compiler.TypeScriptCompilerTests_M.maxNodeModuleJsDepthDefaultsToZero_ts has expected errors matching maxNodeModuleJsDepthDefaultsToZero_errors_txt(TypeScriptCompilerTests_M.kt:392)
  at java.base/jdk.internal.reflect.DirectMethodHandleAccessor.invoke(DirectMethodHandleAccessor.java:104)
  at java.base/java.lang.reflect.Method.invoke(Method.java:565)
  at org.junit.runners.model.FrameworkMethod$1.runReflectiveCall(FrameworkMethod.java:59)
  at org.junit.internal.runners.model.ReflectiveCallable.run(ReflectiveCallable.java:12)
  at org.junit.runners.model.FrameworkMethod.invokeExplosively(FrameworkMethod.java:56)
  at org.junit.internal.runners.statements.InvokeMethod.evaluate(InvokeMethod.java:17)
  at org.junit.runners.ParentRunner$3.evaluate(ParentRunner.java:306)
  at org.junit.runners.BlockJUnit4ClassRunner$1.evaluate(BlockJUnit4ClassRunner.java:100)
  at org.junit.runners.ParentRunner.runLeaf(ParentRunner.java:366)
  at org.junit.runners.BlockJUnit4ClassRunner.runChild(BlockJUnit4ClassRunner.java:103)
  at org.junit.runners.BlockJUnit4ClassRunner.runChild(BlockJUnit4ClassRunner.java:63)
  at org.junit.runners.ParentRunner$4.run(ParentRunner.java:331)
  at org.junit.runners.ParentRunner$1.schedule(ParentRunner.java:79)
  at org.junit.runners.ParentRunner.runChildren(ParentRunner.java:329)
  at org.junit.runners.ParentRunner.access$100(ParentRunner.java:66)
  at org.junit.runners.ParentRunner$2.evaluate(ParentRunner.java:293)
  at org.junit.runners.ParentRunner$3.evaluate(ParentRunner.java:306)
  at org.junit.runners.ParentRunner.run(ParentRunner.java:413)
  at org.junit.runner.JUnitCore.run(JUnitCore.java:137)
  at org.junit.runner.JUnitCore.run(JUnitCore.java:115)
  at org.gradle.api.internal.tasks.testing.junit.JUnitTestExecutor.runRequest(JUnitTestExecutor.java:175)
  at org.gradle.api.internal.tasks.testing.junit.JUnitTestExecutor.accept(JUnitTestExecutor.java:84)
  at org.gradle.api.internal.tasks.testing.junit.JUnitTestExecutor.accept(JUnitTestExecutor.java:47)
  at org.gradle.api.internal.tasks.testing.junit.AbstractJUnitTestDefinitionProcessor.processTestDefinition(AbstractJUnitTestDefinitionProcessor.java:65)
  at org.gradle.api.internal.tasks.testing.SuiteTestDefinitionProcessor.processTestDefinition(SuiteTestDefinitionProcessor.java:54)
  at java.base/jdk.internal.reflect.DirectMethodHandleAccessor.invoke(DirectMethodHandleAccessor.java:104)
  at java.base/java.lang.reflect.Method.invoke(Method.java:565)
  at org.gradle.internal.dispatch.MethodInvocation.invokeOn(MethodInvocation.java:77)
  at org.gradle.internal.dispatch.ReflectionDispatch.dispatch(ReflectionDispatch.java:28)
  at org.gradle.internal.dispatch.ReflectionDispatch.dispatch(ReflectionDispatch.java:19)
  at org.gradle.internal.dispatch.ContextClassLoaderDispatch.dispatch(ContextClassLoaderDispatch.java:33)
  at org.gradle.internal.dispatch.ProxyDispatchAdapter$DispatchingInvocationHandler.invoke(ProxyDispatchAdapter.java:88)
  at jdk.proxy1/jdk.proxy1.$Proxy4.processTestDefinition(Unknown Source)
  at org.gradle.api.internal.tasks.testing.worker.TestWorker$2.run(TestWorker.java:178)
  at org.gradle.api.internal.tasks.testing.worker.TestWorker.executeAndMaintainThreadName(TestWorker.java:126)
  at org.gradle.api.internal.tasks.testing.worker.TestWorker.execute(TestWorker.java:103)
  at org.gradle.api.internal.tasks.testing.worker.TestWorker.execute(TestWorker.java:63)
  at org.gradle.process.internal.worker.child.ActionExecutionWorker.execute(ActionExecutionWorker.java:56)
  at org.gradle.process.internal.worker.child.SystemApplicationClassLoaderWorker.call(SystemApplicationClassLoaderWorker.java:122)
  at org.gradle.process.internal.worker.child.SystemApplicationClassLoaderWorker.call(SystemApplicationClassLoaderWorker.java:72)
  at worker.org.gradle.process.internal.worker.GradleWorkerMain.run(GradleWorkerMain.java:69)
  at worker.org.gradle.process.internal.worker.GradleWorkerMain.main(GradleWorkerMain.java:74)
</stacktrace>
</test-failure>


TypeScriptCompilerTests_M[jvm] > maxNodeModuleJsDepthDefaultsToZero_ts has expected errors matching maxNodeModuleJsDepthDefaultsToZero_errors_txt[jvm] FAILED

<test-failure test="com.xemantic.typescript.compiler.TypeScriptCompilerTests_M.methodSignatureHandledDeclarationKindForSymbol_ts has expected errors matching methodSignatureHandledDeclarationKindForSymbol_errors_txt" platform="jvm">
<message>
Expected diagnostics from baseline typescript-repo/tests/baselines/reference/methodSignatureHandledDeclarationKindForSymbol.errors.txt but none produced
</message>
<stacktrace>
  at com.xemantic.typescript.compiler.TypeScriptTestSupportKt.errorsMatchBaseline(TypeScriptTestSupport.kt:125)
  at com.xemantic.typescript.compiler.TypeScriptCompilerTests_M.methodSignatureHandledDeclarationKindForSymbol_ts has expected errors matching methodSignatureHandledDeclarationKindForSymbol_errors_txt(TypeScriptCompilerTests_M.kt:980)
  at java.base/jdk.internal.reflect.DirectMethodHandleAccessor.invoke(DirectMethodHandleAccessor.java:104)
  at java.base/java.lang.reflect.Method.invoke(Method.java:565)
  at org.junit.runners.model.FrameworkMethod$1.runReflectiveCall(FrameworkMethod.java:59)
  at org.junit.internal.runners.model.ReflectiveCallable.run(ReflectiveCallable.java:12)
  at org.junit.runners.model.FrameworkMethod.invokeExplosively(FrameworkMethod.java:56)
  at org.junit.internal.runners.statements.InvokeMethod.evaluate(InvokeMethod.java:17)
  at org.junit.runners.ParentRunner$3.evaluate(ParentRunner.java:306)
  at org.junit.runners.BlockJUnit4ClassRunner$1.evaluate(BlockJUnit4ClassRunner.java:100)
  at org.junit.runners.ParentRunner.runLeaf(ParentRunner.java:366)
  at org.junit.runners.BlockJUnit4ClassRunner.runChild(BlockJUnit4ClassRunner.java:103)
  at org.junit.runners.BlockJUnit4ClassRunner.runChild(BlockJUnit4ClassRunner.java:63)
  at org.junit.runners.ParentRunner$4.run(ParentRunner.java:331)
  at org.junit.runners.ParentRunner$1.schedule(ParentRunner.java:79)
  at org.junit.runners.ParentRunner.runChildren(ParentRunner.java:329)
  at org.junit.runners.ParentRunner.access$100(ParentRunner.java:66)
  at org.junit.runners.ParentRunner$2.evaluate(ParentRunner.java:293)
  at org.junit.runners.ParentRunner$3.evaluate(ParentRunner.java:306)
  at org.junit.runners.ParentRunner.run(ParentRunner.java:413)
  at org.junit.runner.JUnitCore.run(JUnitCore.java:137)
  at org.junit.runner.JUnitCore.run(JUnitCore.java:115)
  at org.gradle.api.internal.tasks.testing.junit.JUnitTestExecutor.runRequest(JUnitTestExecutor.java:175)
  at org.gradle.api.internal.tasks.testing.junit.JUnitTestExecutor.accept(JUnitTestExecutor.java:84)
  at org.gradle.api.internal.tasks.testing.junit.JUnitTestExecutor.accept(JUnitTestExecutor.java:47)
  at org.gradle.api.internal.tasks.testing.junit.AbstractJUnitTestDefinitionProcessor.processTestDefinition(AbstractJUnitTestDefinitionProcessor.java:65)
  at org.gradle.api.internal.tasks.testing.SuiteTestDefinitionProcessor.processTestDefinition(SuiteTestDefinitionProcessor.java:54)
  at java.base/jdk.internal.reflect.DirectMethodHandleAccessor.invoke(DirectMethodHandleAccessor.java:104)
  at java.base/java.lang.reflect.Method.invoke(Method.java:565)
  at org.gradle.internal.dispatch.MethodInvocation.invokeOn(MethodInvocation.java:77)
  at org.gradle.internal.dispatch.ReflectionDispatch.dispatch(ReflectionDispatch.java:28)
  at org.gradle.internal.dispatch.ReflectionDispatch.dispatch(ReflectionDispatch.java:19)
  at org.gradle.internal.dispatch.ContextClassLoaderDispatch.dispatch(ContextClassLoaderDispatch.java:33)
  at org.gradle.internal.dispatch.ProxyDispatchAdapter$DispatchingInvocationHandler.invoke(ProxyDispatchAdapter.java:88)
  at jdk.proxy1/jdk.proxy1.$Proxy4.processTestDefinition(Unknown Source)
  at org.gradle.api.internal.tasks.testing.worker.TestWorker$2.run(TestWorker.java:178)
  at org.gradle.api.internal.tasks.testing.worker.TestWorker.executeAndMaintainThreadName(TestWorker.java:126)
  at org.gradle.api.internal.tasks.testing.worker.TestWorker.execute(TestWorker.java:103)
  at org.gradle.api.internal.tasks.testing.worker.TestWorker.execute(TestWorker.java:63)
  at org.gradle.process.internal.worker.child.ActionExecutionWorker.execute(ActionExecutionWorker.java:56)
  at org.gradle.process.internal.worker.child.SystemApplicationClassLoaderWorker.call(SystemApplicationClassLoaderWorker.java:122)
  at org.gradle.process.internal.worker.child.SystemApplicationClassLoaderWorker.call(SystemApplicationClassLoaderWorker.java:72)
  at worker.org.gradle.process.internal.worker.GradleWorkerMain.run(GradleWorkerMain.java:69)
  at worker.org.gradle.process.internal.worker.GradleWorkerMain.main(GradleWorkerMain.java:74)
</stacktrace>
</test-failure>


TypeScriptCompilerTests_M[jvm] > methodSignatureHandledDeclarationKindForSymbol_ts has expected errors matching methodSignatureHandledDeclarationKindForSymbol_errors_txt[jvm] FAILED

<test-failure test="com.xemantic.typescript.compiler.TypeScriptCompilerTests_M.moduleInTypePosition1_ts has expected errors matching moduleInTypePosition1_errors_txt" platform="jvm">
<message>
--- expected
+++ actual
@@ -1,13 +1,10 @@
 moduleInTypePosition1_0.ts(2,5): error TS2564: Property 'foo' has no initializer and is not definitely assigned in the constructor.
-moduleInTypePosition1_1.ts(3,14): error TS2709: Cannot use namespace 'WinJS' as a type.
 
 
-==== moduleInTypePosition1_1.ts (1 errors) ====
+==== moduleInTypePosition1_1.ts (0 errors) ====
     ///<reference path='moduleInTypePosition1_0.ts'/>
     import WinJS = require('./moduleInTypePosition1_0');
     var x = (w1: WinJS) => { };
-                 ~~~~~
-!!! error TS2709: Cannot use namespace 'WinJS' as a type.
     
 ==== moduleInTypePosition1_0.ts (1 errors) ====
     export class Promise {

</message>
<stacktrace>
  at org.junit.Assert.fail(Assert.java:89)
  at kotlin.test.junit.JUnitAsserter.fail(JUnitSupport.kt:56)
  at kotlin.test.AssertionsKt__AssertionsKt.fail(Assertions.kt:563)
  at kotlin.test.AssertionsKt.fail(Unknown Source)
  at com.xemantic.kotlin.test.SameAsKt.sameAs(SameAs.kt:52)
  at com.xemantic.typescript.compiler.TypeScriptTestSupportKt.errorsMatchBaseline(TypeScriptTestSupport.kt:135)
  at com.xemantic.typescript.compiler.TypeScriptCompilerTests_M.moduleInTypePosition1_ts has expected errors matching moduleInTypePosition1_errors_txt(TypeScriptCompilerTests_M.kt:2527)
  at java.base/jdk.internal.reflect.DirectMethodHandleAccessor.invoke(DirectMethodHandleAccessor.java:104)
  at java.base/java.lang.reflect.Method.invoke(Method.java:565)
  at org.junit.runners.model.FrameworkMethod$1.runReflectiveCall(FrameworkMethod.java:59)
  at org.junit.internal.runners.model.ReflectiveCallable.run(ReflectiveCallable.java:12)
  at org.junit.runners.model.FrameworkMethod.invokeExplosively(FrameworkMethod.java:56)
  at org.junit.internal.runners.statements.InvokeMethod.evaluate(InvokeMethod.java:17)
  at org.junit.runners.ParentRunner$3.evaluate(ParentRunner.java:306)
  at org.junit.runners.BlockJUnit4ClassRunner$1.evaluate(BlockJUnit4ClassRunner.java:100)
  at org.junit.runners.ParentRunner.runLeaf(ParentRunner.java:366)
  at org.junit.runners.BlockJUnit4ClassRunner.runChild(BlockJUnit4ClassRunner.java:103)
  at org.junit.runners.BlockJUnit4ClassRunner.runChild(BlockJUnit4ClassRunner.java:63)
  at org.junit.runners.ParentRunner$4.run(ParentRunner.java:331)
  at org.junit.runners.ParentRunner$1.schedule(ParentRunner.java:79)
  at org.junit.runners.ParentRunner.runChildren(ParentRunner.java:329)
  at org.junit.runners.ParentRunner.access$100(ParentRunner.java:66)
  at org.junit.runners.ParentRunner$2.evaluate(ParentRunner.java:293)
  at org.junit.runners.ParentRunner$3.evaluate(ParentRunner.java:306)
  at org.junit.runners.ParentRunner.run(ParentRunner.java:413)
  at org.junit.runner.JUnitCore.run(JUnitCore.java:137)
  at org.junit.runner.JUnitCore.run(JUnitCore.java:115)
  at org.gradle.api.internal.tasks.testing.junit.JUnitTestExecutor.runRequest(JUnitTestExecutor.java:175)
  at org.gradle.api.internal.tasks.testing.junit.JUnitTestExecutor.accept(JUnitTestExecutor.java:84)
  at org.gradle.api.internal.tasks.testing.junit.JUnitTestExecutor.accept(JUnitTestExecutor.java:47)
  at org.gradle.api.internal.tasks.testing.junit.AbstractJUnitTestDefinitionProcessor.processTestDefinition(AbstractJUnitTestDefinitionProcessor.java:65)
  at org.gradle.api.internal.tasks.testing.SuiteTestDefinitionProcessor.processTestDefinition(SuiteTestDefinitionProcessor.java:54)
  at java.base/jdk.internal.reflect.DirectMethodHandleAccessor.invoke(DirectMethodHandleAccessor.java:104)
  at java.base/java.lang.reflect.Method.invoke(Method.java:565)
  at org.gradle.internal.dispatch.MethodInvocation.invokeOn(MethodInvocation.java:77)
  at org.gradle.internal.dispatch.ReflectionDispatch.dispatch(ReflectionDispatch.java:28)
  at org.gradle.internal.dispatch.ReflectionDispatch.dispatch(ReflectionDispatch.java:19)
  at org.gradle.internal.dispatch.ContextClassLoaderDispatch.dispatch(ContextClassLoaderDispatch.java:33)
  at org.gradle.internal.dispatch.ProxyDispatchAdapter$DispatchingInvocationHandler.invoke(ProxyDispatchAdapter.java:88)
  at jdk.proxy1/jdk.proxy1.$Proxy4.processTestDefinition(Unknown Source)
  at org.gradle.api.internal.tasks.testing.worker.TestWorker$2.run(TestWorker.java:178)
  at org.gradle.api.internal.tasks.testing.worker.TestWorker.executeAndMaintainThreadName(TestWorker.java:126)
  at org.gradle.api.internal.tasks.testing.worker.TestWorker.execute(TestWorker.java:103)
  at org.gradle.api.internal.tasks.testing.worker.TestWorker.execute(TestWorker.java:63)
  at org.gradle.process.internal.worker.child.ActionExecutionWorker.execute(ActionExecutionWorker.java:56)
  at org.gradle.process.internal.worker.child.SystemApplicationClassLoaderWorker.call(SystemApplicationClassLoaderWorker.java:122)
  at org.gradle.process.internal.worker.child.SystemApplicationClassLoaderWorker.call(SystemApplicationClassLoaderWorker.java:72)
  at worker.org.gradle.process.internal.worker.GradleWorkerMain.run(GradleWorkerMain.java:69)
  at worker.org.gradle.process.internal.worker.GradleWorkerMain.main(GradleWorkerMain.java:74)
</stacktrace>
</test-failure>


TypeScriptCompilerTests_M[jvm] > moduleInTypePosition1_ts has expected errors matching moduleInTypePosition1_errors_txt[jvm] FAILED

<test-failure test="com.xemantic.typescript.compiler.TypeScriptCompilerTests_M.moduleResolutionWithExtensions_notSupported_ts has expected errors matching moduleResolutionWithExtensions_notSupported_errors_txt" platform="jvm">
<message>
--- expected
+++ actual
@@ -1,14 +1,16 @@
-/a.ts(1,17): error TS6142: Module './tsx' was resolved to '/tsx.tsx', but '--jsx' is not set.
-/a.ts(2,17): error TS6142: Module './jsx' was resolved to '/jsx.jsx', but '--jsx' is not set.
+error TS5055: Cannot write file '/js.js' because it would overwrite input file.
+  Adding a tsconfig.json file will help organize projects that contain both TypeScript and JavaScript files. Learn more at https://aka.ms/tsconfig.
+error TS5055: Cannot write file '/jsx.jsx' because it would overwrite input file.
+  Adding a tsconfig.json file will help organize projects that contain both TypeScript and JavaScript files. Learn more at https://aka.ms/tsconfig.
 
 
-==== /a.ts (2 errors) ====
+!!! error TS5055: Cannot write file '/js.js' because it would overwrite input file.
+!!! error TS5055:   Adding a tsconfig.json file will help organize projects that contain both TypeScript and JavaScript files. Learn more at https://aka.ms/tsconfig.
+!!! error TS5055: Cannot write file '/jsx.jsx' because it would overwrite input file.
+!!! error TS5055:   Adding a tsconfig.json file will help organize projects that contain both TypeScript and JavaScript files. Learn more at https://aka.ms/tsconfig.
+==== /a.ts (0 errors) ====
     import tsx from "./tsx"; // Not allowed.
-                    ~~~~~~~
-!!! error TS6142: Module './tsx' was resolved to '/tsx.tsx', but '--jsx' is not set.
     import jsx from "./jsx"; // Not allowed.
-                    ~~~~~~~
-!!! error TS6142: Module './jsx' was resolved to '/jsx.jsx', but '--jsx' is not set.
     import js from "./js"; // OK because it's an untyped module.
     
 ==== /tsx.tsx (0 errors) ====

</message>
<stacktrace>
  at org.junit.Assert.fail(Assert.java:89)
  at kotlin.test.junit.JUnitAsserter.fail(JUnitSupport.kt:56)
  at kotlin.test.AssertionsKt__AssertionsKt.fail(Assertions.kt:563)
  at kotlin.test.AssertionsKt.fail(Unknown Source)
  at com.xemantic.kotlin.test.SameAsKt.sameAs(SameAs.kt:52)
  at com.xemantic.typescript.compiler.TypeScriptTestSupportKt.errorsMatchBaseline(TypeScriptTestSupport.kt:135)
  at com.xemantic.typescript.compiler.TypeScriptCompilerTests_M.moduleResolutionWithExtensions_notSupported_ts has expected errors matching moduleResolutionWithExtensions_notSupported_errors_txt(TypeScriptCompilerTests_M.kt:3031)
  at java.base/jdk.internal.reflect.DirectMethodHandleAccessor.invoke(DirectMethodHandleAccessor.java:104)
  at java.base/java.lang.reflect.Method.invoke(Method.java:565)
  at org.junit.runners.model.FrameworkMethod$1.runReflectiveCall(FrameworkMethod.java:59)
  at org.junit.internal.runners.model.ReflectiveCallable.run(ReflectiveCallable.java:12)
  at org.junit.runners.model.FrameworkMethod.invokeExplosively(FrameworkMethod.java:56)
  at org.junit.internal.runners.statements.InvokeMethod.evaluate(InvokeMethod.java:17)
  at org.junit.runners.ParentRunner$3.evaluate(ParentRunner.java:306)
  at org.junit.runners.BlockJUnit4ClassRunner$1.evaluate(BlockJUnit4ClassRunner.java:100)
  at org.junit.runners.ParentRunner.runLeaf(ParentRunner.java:366)
  at org.junit.runners.BlockJUnit4ClassRunner.runChild(BlockJUnit4ClassRunner.java:103)
  at org.junit.runners.BlockJUnit4ClassRunner.runChild(BlockJUnit4ClassRunner.java:63)
  at org.junit.runners.ParentRunner$4.run(ParentRunner.java:331)
  at org.junit.runners.ParentRunner$1.schedule(ParentRunner.java:79)
  at org.junit.runners.ParentRunner.runChildren(ParentRunner.java:329)
  at org.junit.runners.ParentRunner.access$100(ParentRunner.java:66)
  at org.junit.runners.ParentRunner$2.evaluate(ParentRunner.java:293)
  at org.junit.runners.ParentRunner$3.evaluate(ParentRunner.java:306)
  at org.junit.runners.ParentRunner.run(ParentRunner.java:413)
  at org.junit.runner.JUnitCore.run(JUnitCore.java:137)
  at org.junit.runner.JUnitCore.run(JUnitCore.java:115)
  at org.gradle.api.internal.tasks.testing.junit.JUnitTestExecutor.runRequest(JUnitTestExecutor.java:175)
  at org.gradle.api.internal.tasks.testing.junit.JUnitTestExecutor.accept(JUnitTestExecutor.java:84)
  at org.gradle.api.internal.tasks.testing.junit.JUnitTestExecutor.accept(JUnitTestExecutor.java:47)
  at org.gradle.api.internal.tasks.testing.junit.AbstractJUnitTestDefinitionProcessor.processTestDefinition(AbstractJUnitTestDefinitionProcessor.java:65)
  at org.gradle.api.internal.tasks.testing.SuiteTestDefinitionProcessor.processTestDefinition(SuiteTestDefinitionProcessor.java:54)
  at java.base/jdk.internal.reflect.DirectMethodHandleAccessor.invoke(DirectMethodHandleAccessor.java:104)
  at java.base/java.lang.reflect.Method.invoke(Method.java:565)
  at org.gradle.internal.dispatch.MethodInvocation.invokeOn(MethodInvocation.java:77)
  at org.gradle.internal.dispatch.ReflectionDispatch.dispatch(ReflectionDispatch.java:28)
  at org.gradle.internal.dispatch.ReflectionDispatch.dispatch(ReflectionDispatch.java:19)
  at org.gradle.internal.dispatch.ContextClassLoaderDispatch.dispatch(ContextClassLoaderDispatch.java:33)
  at org.gradle.internal.dispatch.ProxyDispatchAdapter$DispatchingInvocationHandler.invoke(ProxyDispatchAdapter.java:88)
  at jdk.proxy1/jdk.proxy1.$Proxy4.processTestDefinition(Unknown Source)
  at org.gradle.api.internal.tasks.testing.worker.TestWorker$2.run(TestWorker.java:178)
  at org.gradle.api.internal.tasks.testing.worker.TestWorker.executeAndMaintainThreadName(TestWorker.java:126)
  at org.gradle.api.internal.tasks.testing.worker.TestWorker.execute(TestWorker.java:103)
  at org.gradle.api.internal.tasks.testing.worker.TestWorker.execute(TestWorker.java:63)
  at org.gradle.process.internal.worker.child.ActionExecutionWorker.execute(ActionExecutionWorker.java:56)
  at org.gradle.process.internal.worker.child.SystemApplicationClassLoaderWorker.call(SystemApplicationClassLoaderWorker.java:122)
  at org.gradle.process.internal.worker.child.SystemApplicationClassLoaderWorker.call(SystemApplicationClassLoaderWorker.java:72)
  at worker.org.gradle.process.internal.worker.GradleWorkerMain.run(GradleWorkerMain.java:69)
  at worker.org.gradle.process.internal.worker.GradleWorkerMain.main(GradleWorkerMain.java:74)
</stacktrace>
</test-failure>


TypeScriptCompilerTests_M[jvm] > moduleResolutionWithExtensions_notSupported_ts has expected errors matching moduleResolutionWithExtensions_notSupported_errors_txt[jvm] FAILED

<test-failure test="com.xemantic.typescript.compiler.TypeScriptCompilerTests_M.metadataReferencedWithinFilteredUnion_ts__strictnullchecks_false_target_es2015__compiles to JavaScript matching baseline" platform="jvm">
<message>
--- expected
+++ actual
@@ -54,11 +54,13 @@
 exports.Class2 = Class2;
 __decorate([
     decorate,
-    __metadata("design:type", Class1_1.Class1),
-    __metadata("design:paramtypes", [])
+    __metadata("design:type", Function),
+    __metadata("design:paramtypes", []),
+    __metadata("design:returntype", Class1_1.Class1)
 ], Class2.prototype, "maybeProp", null);
 __decorate([
     decorate,
-    __metadata("design:type", Class1_1.Class1),
-    __metadata("design:paramtypes", [])
+    __metadata("design:type", Function),
+    __metadata("design:paramtypes", []),
+    __metadata("design:returntype", Class1_1.Class1)
 ], Class2.prototype, "prop", null);

</message>
<stacktrace>
  at org.junit.Assert.fail(Assert.java:89)
  at kotlin.test.junit.JUnitAsserter.fail(JUnitSupport.kt:56)
  at kotlin.test.AssertionsKt__AssertionsKt.fail(Assertions.kt:563)
  at kotlin.test.AssertionsKt.fail(Unknown Source)
  at com.xemantic.kotlin.test.SameAsKt.sameAs(SameAs.kt:52)
  at com.xemantic.typescript.compiler.TypeScriptTestSupportKt.sameAs(TypeScriptTestSupport.kt:99)
  at com.xemantic.typescript.compiler.TypeScriptCompilerTests_M.metadataReferencedWithinFilteredUnion_ts__strictnullchecks_false_target_es2015__compiles to JavaScript matching baseline(TypeScriptCompilerTests_M.kt:896)
  at java.base/jdk.internal.reflect.DirectMethodHandleAccessor.invoke(DirectMethodHandleAccessor.java:104)
  at java.base/java.lang.reflect.Method.invoke(Method.java:565)
  at org.junit.runners.model.FrameworkMethod$1.runReflectiveCall(FrameworkMethod.java:59)
  at org.junit.internal.runners.model.ReflectiveCallable.run(ReflectiveCallable.java:12)
  at org.junit.runners.model.FrameworkMethod.invokeExplosively(FrameworkMethod.java:56)
  at org.junit.internal.runners.statements.InvokeMethod.evaluate(InvokeMethod.java:17)
  at org.junit.runners.ParentRunner$3.evaluate(ParentRunner.java:306)
  at org.junit.runners.BlockJUnit4ClassRunner$1.evaluate(BlockJUnit4ClassRunner.java:100)
  at org.junit.runners.ParentRunner.runLeaf(ParentRunner.java:366)
  at org.junit.runners.BlockJUnit4ClassRunner.runChild(BlockJUnit4ClassRunner.java:103)
  at org.junit.runners.BlockJUnit4ClassRunner.runChild(BlockJUnit4ClassRunner.java:63)
  at org.junit.runners.ParentRunner$4.run(ParentRunner.java:331)
  at org.junit.runners.ParentRunner$1.schedule(ParentRunner.java:79)
  at org.junit.runners.ParentRunner.runChildren(ParentRunner.java:329)
  at org.junit.runners.ParentRunner.access$100(ParentRunner.java:66)
  at org.junit.runners.ParentRunner$2.evaluate(ParentRunner.java:293)
  at org.junit.runners.ParentRunner$3.evaluate(ParentRunner.java:306)
  at org.junit.runners.ParentRunner.run(ParentRunner.java:413)
  at org.junit.runner.JUnitCore.run(JUnitCore.java:137)
  at org.junit.runner.JUnitCore.run(JUnitCore.java:115)
  at org.gradle.api.internal.tasks.testing.junit.JUnitTestExecutor.runRequest(JUnitTestExecutor.java:175)
  at org.gradle.api.internal.tasks.testing.junit.JUnitTestExecutor.accept(JUnitTestExecutor.java:84)
  at org.gradle.api.internal.tasks.testing.junit.JUnitTestExecutor.accept(JUnitTestExecutor.java:47)
  at org.gradle.api.internal.tasks.testing.junit.AbstractJUnitTestDefinitionProcessor.processTestDefinition(AbstractJUnitTestDefinitionProcessor.java:65)
  at org.gradle.api.internal.tasks.testing.SuiteTestDefinitionProcessor.processTestDefinition(SuiteTestDefinitionProcessor.java:54)
  at java.base/jdk.internal.reflect.DirectMethodHandleAccessor.invoke(DirectMethodHandleAccessor.java:104)
  at java.base/java.lang.reflect.Method.invoke(Method.java:565)
  at org.gradle.internal.dispatch.MethodInvocation.invokeOn(MethodInvocation.java:77)
  at org.gradle.internal.dispatch.ReflectionDispatch.dispatch(ReflectionDispatch.java:28)
  at org.gradle.internal.dispatch.ReflectionDispatch.dispatch(ReflectionDispatch.java:19)
  at org.gradle.internal.dispatch.ContextClassLoaderDispatch.dispatch(ContextClassLoaderDispatch.java:33)
  at org.gradle.internal.dispatch.ProxyDispatchAdapter$DispatchingInvocationHandler.invoke(ProxyDispatchAdapter.java:88)
  at jdk.proxy1/jdk.proxy1.$Proxy4.processTestDefinition(Unknown Source)
  at org.gradle.api.internal.tasks.testing.worker.TestWorker$2.run(TestWorker.java:178)
  at org.gradle.api.internal.tasks.testing.worker.TestWorker.executeAndMaintainThreadName(TestWorker.java:126)
  at org.gradle.api.internal.tasks.testing.worker.TestWorker.execute(TestWorker.java:103)
  at org.gradle.api.internal.tasks.testing.worker.TestWorker.execute(TestWorker.java:63)
  at org.gradle.process.internal.worker.child.ActionExecutionWorker.execute(ActionExecutionWorker.java:56)
  at org.gradle.process.internal.worker.child.SystemApplicationClassLoaderWorker.call(SystemApplicationClassLoaderWorker.java:122)
  at org.gradle.process.internal.worker.child.SystemApplicationClassLoaderWorker.call(SystemApplicationClassLoaderWorker.java:72)
  at worker.org.gradle.process.internal.worker.GradleWorkerMain.run(GradleWorkerMain.java:69)
  at worker.org.gradle.process.internal.worker.GradleWorkerMain.main(GradleWorkerMain.java:74)
</stacktrace>
</test-failure>


TypeScriptCompilerTests_M[jvm] > metadataReferencedWithinFilteredUnion_ts__strictnullchecks_false_target_es2015__compiles to JavaScript matching baseline[jvm] FAILED

<test-failure test="com.xemantic.typescript.compiler.TypeScriptCompilerTests_M.mergeSymbolReexportedTypeAliasInstantiation_ts has expected errors matching mergeSymbolReexportedTypeAliasInstantiation_errors_txt" platform="jvm">
<message>
Expected diagnostics from baseline typescript-repo/tests/baselines/reference/mergeSymbolReexportedTypeAliasInstantiation.errors.txt but none produced
</message>
<stacktrace>
  at com.xemantic.typescript.compiler.TypeScriptTestSupportKt.errorsMatchBaseline(TypeScriptTestSupport.kt:125)
  at com.xemantic.typescript.compiler.TypeScriptCompilerTests_M.mergeSymbolReexportedTypeAliasInstantiation_ts has expected errors matching mergeSymbolReexportedTypeAliasInstantiation_errors_txt(TypeScriptCompilerTests_M.kt:511)
  at java.base/jdk.internal.reflect.DirectMethodHandleAccessor.invoke(DirectMethodHandleAccessor.java:104)
  at java.base/java.lang.reflect.Method.invoke(Method.java:565)
  at org.junit.runners.model.FrameworkMethod$1.runReflectiveCall(FrameworkMethod.java:59)
  at org.junit.internal.runners.model.ReflectiveCallable.run(ReflectiveCallable.java:12)
  at org.junit.runners.model.FrameworkMethod.invokeExplosively(FrameworkMethod.java:56)
  at org.junit.internal.runners.statements.InvokeMethod.evaluate(InvokeMethod.java:17)
  at org.junit.runners.ParentRunner$3.evaluate(ParentRunner.java:306)
  at org.junit.runners.BlockJUnit4ClassRunner$1.evaluate(BlockJUnit4ClassRunner.java:100)
  at org.junit.runners.ParentRunner.runLeaf(ParentRunner.java:366)
  at org.junit.runners.BlockJUnit4ClassRunner.runChild(BlockJUnit4ClassRunner.java:103)
  at org.junit.runners.BlockJUnit4ClassRunner.runChild(BlockJUnit4ClassRunner.java:63)
  at org.junit.runners.ParentRunner$4.run(ParentRunner.java:331)
  at org.junit.runners.ParentRunner$1.schedule(ParentRunner.java:79)
  at org.junit.runners.ParentRunner.runChildren(ParentRunner.java:329)
  at org.junit.runners.ParentRunner.access$100(ParentRunner.java:66)
  at org.junit.runners.ParentRunner$2.evaluate(ParentRunner.java:293)
  at org.junit.runners.ParentRunner$3.evaluate(ParentRunner.java:306)
  at org.junit.runners.ParentRunner.run(ParentRunner.java:413)
  at org.junit.runner.JUnitCore.run(JUnitCore.java:137)
  at org.junit.runner.JUnitCore.run(JUnitCore.java:115)
  at org.gradle.api.internal.tasks.testing.junit.JUnitTestExecutor.runRequest(JUnitTestExecutor.java:175)
  at org.gradle.api.internal.tasks.testing.junit.JUnitTestExecutor.accept(JUnitTestExecutor.java:84)
  at org.gradle.api.internal.tasks.testing.junit.JUnitTestExecutor.accept(JUnitTestExecutor.java:47)
  at org.gradle.api.internal.tasks.testing.junit.AbstractJUnitTestDefinitionProcessor.processTestDefinition(AbstractJUnitTestDefinitionProcessor.java:65)
  at org.gradle.api.internal.tasks.testing.SuiteTestDefinitionProcessor.processTestDefinition(SuiteTestDefinitionProcessor.java:54)
  at java.base/jdk.internal.reflect.DirectMethodHandleAccessor.invoke(DirectMethodHandleAccessor.java:104)
  at java.base/java.lang.reflect.Method.invoke(Method.java:565)
  at org.gradle.internal.dispatch.MethodInvocation.invokeOn(MethodInvocation.java:77)
  at org.gradle.internal.dispatch.ReflectionDispatch.dispatch(ReflectionDispatch.java:28)
  at org.gradle.internal.dispatch.ReflectionDispatch.dispatch(ReflectionDispatch.java:19)
  at org.gradle.internal.dispatch.ContextClassLoaderDispatch.dispatch(ContextClassLoaderDispatch.java:33)
  at org.gradle.internal.dispatch.ProxyDispatchAdapter$DispatchingInvocationHandler.invoke(ProxyDispatchAdapter.java:88)
  at jdk.proxy1/jdk.proxy1.$Proxy4.processTestDefinition(Unknown Source)
  at org.gradle.api.internal.tasks.testing.worker.TestWorker$2.run(TestWorker.java:178)
  at org.gradle.api.internal.tasks.testing.worker.TestWorker.executeAndMaintainThreadName(TestWorker.java:126)
  at org.gradle.api.internal.tasks.testing.worker.TestWorker.execute(TestWorker.java:103)
  at org.gradle.api.internal.tasks.testing.worker.TestWorker.execute(TestWorker.java:63)
  at org.gradle.process.internal.worker.child.ActionExecutionWorker.execute(ActionExecutionWorker.java:56)
  at org.gradle.process.internal.worker.child.SystemApplicationClassLoaderWorker.call(SystemApplicationClassLoaderWorker.java:122)
  at org.gradle.process.internal.worker.child.SystemApplicationClassLoaderWorker.call(SystemApplicationClassLoaderWorker.java:72)
  at worker.org.gradle.process.internal.worker.GradleWorkerMain.run(GradleWorkerMain.java:69)
  at worker.org.gradle.process.internal.worker.GradleWorkerMain.main(GradleWorkerMain.java:74)
</stacktrace>
</test-failure>


TypeScriptCompilerTests_M[jvm] > mergeSymbolReexportedTypeAliasInstantiation_ts has expected errors matching mergeSymbolReexportedTypeAliasInstantiation_errors_txt[jvm] FAILED

<test-failure test="com.xemantic.typescript.compiler.TypeScriptCompilerTests_M.mappedTypeWithCombinedTypeMappers_ts has expected errors matching mappedTypeWithCombinedTypeMappers_errors_txt" platform="jvm">
<message>
Expected diagnostics from baseline typescript-repo/tests/baselines/reference/mappedTypeWithCombinedTypeMappers.errors.txt but none produced
</message>
<stacktrace>
  at com.xemantic.typescript.compiler.TypeScriptTestSupportKt.errorsMatchBaseline(TypeScriptTestSupport.kt:125)
  at com.xemantic.typescript.compiler.TypeScriptCompilerTests_M.mappedTypeWithCombinedTypeMappers_ts has expected errors matching mappedTypeWithCombinedTypeMappers_errors_txt(TypeScriptCompilerTests_M.kt:350)
  at java.base/jdk.internal.reflect.DirectMethodHandleAccessor.invoke(DirectMethodHandleAccessor.java:104)
  at java.base/java.lang.reflect.Method.invoke(Method.java:565)
  at org.junit.runners.model.FrameworkMethod$1.runReflectiveCall(FrameworkMethod.java:59)
  at org.junit.internal.runners.model.ReflectiveCallable.run(ReflectiveCallable.java:12)
  at org.junit.runners.model.FrameworkMethod.invokeExplosively(FrameworkMethod.java:56)
  at org.junit.internal.runners.statements.InvokeMethod.evaluate(InvokeMethod.java:17)
  at org.junit.runners.ParentRunner$3.evaluate(ParentRunner.java:306)
  at org.junit.runners.BlockJUnit4ClassRunner$1.evaluate(BlockJUnit4ClassRunner.java:100)
  at org.junit.runners.ParentRunner.runLeaf(ParentRunner.java:366)
  at org.junit.runners.BlockJUnit4ClassRunner.runChild(BlockJUnit4ClassRunner.java:103)
  at org.junit.runners.BlockJUnit4ClassRunner.runChild(BlockJUnit4ClassRunner.java:63)
  at org.junit.runners.ParentRunner$4.run(ParentRunner.java:331)
  at org.junit.runners.ParentRunner$1.schedule(ParentRunner.java:79)
  at org.junit.runners.ParentRunner.runChildren(ParentRunner.java:329)
  at org.junit.runners.ParentRunner.access$100(ParentRunner.java:66)
  at org.junit.runners.ParentRunner$2.evaluate(ParentRunner.java:293)
  at org.junit.runners.ParentRunner$3.evaluate(ParentRunner.java:306)
  at org.junit.runners.ParentRunner.run(ParentRunner.java:413)
  at org.junit.runner.JUnitCore.run(JUnitCore.java:137)
  at org.junit.runner.JUnitCore.run(JUnitCore.java:115)
  at org.gradle.api.internal.tasks.testing.junit.JUnitTestExecutor.runRequest(JUnitTestExecutor.java:175)
  at org.gradle.api.internal.tasks.testing.junit.JUnitTestExecutor.accept(JUnitTestExecutor.java:84)
  at org.gradle.api.internal.tasks.testing.junit.JUnitTestExecutor.accept(JUnitTestExecutor.java:47)
  at org.gradle.api.internal.tasks.testing.junit.AbstractJUnitTestDefinitionProcessor.processTestDefinition(AbstractJUnitTestDefinitionProcessor.java:65)
  at org.gradle.api.internal.tasks.testing.SuiteTestDefinitionProcessor.processTestDefinition(SuiteTestDefinitionProcessor.java:54)
  at java.base/jdk.internal.reflect.DirectMethodHandleAccessor.invoke(DirectMethodHandleAccessor.java:104)
  at java.base/java.lang.reflect.Method.invoke(Method.java:565)
  at org.gradle.internal.dispatch.MethodInvocation.invokeOn(MethodInvocation.java:77)
  at org.gradle.internal.dispatch.ReflectionDispatch.dispatch(ReflectionDispatch.java:28)
  at org.gradle.internal.dispatch.ReflectionDispatch.dispatch(ReflectionDispatch.java:19)
  at org.gradle.internal.dispatch.ContextClassLoaderDispatch.dispatch(ContextClassLoaderDispatch.java:33)
  at org.gradle.internal.dispatch.ProxyDispatchAdapter$DispatchingInvocationHandler.invoke(ProxyDispatchAdapter.java:88)
  at jdk.proxy1/jdk.proxy1.$Proxy4.processTestDefinition(Unknown Source)
  at org.gradle.api.internal.tasks.testing.worker.TestWorker$2.run(TestWorker.java:178)
  at org.gradle.api.internal.tasks.testing.worker.TestWorker.executeAndMaintainThreadName(TestWorker.java:126)
  at org.gradle.api.internal.tasks.testing.worker.TestWorker.execute(TestWorker.java:103)
  at org.gradle.api.internal.tasks.testing.worker.TestWorker.execute(TestWorker.java:63)
  at org.gradle.process.internal.worker.child.ActionExecutionWorker.execute(ActionExecutionWorker.java:56)
  at org.gradle.process.internal.worker.child.SystemApplicationClassLoaderWorker.call(SystemApplicationClassLoaderWorker.java:122)
  at org.gradle.process.internal.worker.child.SystemApplicationClassLoaderWorker.call(SystemApplicationClassLoaderWorker.java:72)
  at worker.org.gradle.process.internal.worker.GradleWorkerMain.run(GradleWorkerMain.java:69)
  at worker.org.gradle.process.internal.worker.GradleWorkerMain.main(GradleWorkerMain.java:74)
</stacktrace>
</test-failure>


TypeScriptCompilerTests_M[jvm] > mappedTypeWithCombinedTypeMappers_ts has expected errors matching mappedTypeWithCombinedTypeMappers_errors_txt[jvm] FAILED

<test-failure test="com.xemantic.typescript.compiler.TypeScriptCompilerTests_M.modularizeLibrary_ErrorFromUsingES6FeaturesWithOnlyES5Lib_ts has expected errors matching modularizeLibrary_ErrorFromUsingES6FeaturesWithOnlyES5Lib_errors_txt" platform="jvm">
<message>
Expected diagnostics from baseline typescript-repo/tests/baselines/reference/modularizeLibrary_ErrorFromUsingES6FeaturesWithOnlyES5Lib.errors.txt but none produced
</message>
<stacktrace>
  at com.xemantic.typescript.compiler.TypeScriptTestSupportKt.errorsMatchBaseline(TypeScriptTestSupport.kt:125)
  at com.xemantic.typescript.compiler.TypeScriptCompilerTests_M.modularizeLibrary_ErrorFromUsingES6FeaturesWithOnlyES5Lib_ts has expected errors matching modularizeLibrary_ErrorFromUsingES6FeaturesWithOnlyES5Lib_errors_txt(TypeScriptCompilerTests_M.kt:1526)
  at java.base/jdk.internal.reflect.DirectMethodHandleAccessor.invoke(DirectMethodHandleAccessor.java:104)
  at java.base/java.lang.reflect.Method.invoke(Method.java:565)
  at org.junit.runners.model.FrameworkMethod$1.runReflectiveCall(FrameworkMethod.java:59)
  at org.junit.internal.runners.model.ReflectiveCallable.run(ReflectiveCallable.java:12)
  at org.junit.runners.model.FrameworkMethod.invokeExplosively(FrameworkMethod.java:56)
  at org.junit.internal.runners.statements.InvokeMethod.evaluate(InvokeMethod.java:17)
  at org.junit.runners.ParentRunner$3.evaluate(ParentRunner.java:306)
  at org.junit.runners.BlockJUnit4ClassRunner$1.evaluate(BlockJUnit4ClassRunner.java:100)
  at org.junit.runners.ParentRunner.runLeaf(ParentRunner.java:366)
  at org.junit.runners.BlockJUnit4ClassRunner.runChild(BlockJUnit4ClassRunner.java:103)
  at org.junit.runners.BlockJUnit4ClassRunner.runChild(BlockJUnit4ClassRunner.java:63)
  at org.junit.runners.ParentRunner$4.run(ParentRunner.java:331)
  at org.junit.runners.ParentRunner$1.schedule(ParentRunner.java:79)
  at org.junit.runners.ParentRunner.runChildren(ParentRunner.java:329)
  at org.junit.runners.ParentRunner.access$100(ParentRunner.java:66)
  at org.junit.runners.ParentRunner$2.evaluate(ParentRunner.java:293)
  at org.junit.runners.ParentRunner$3.evaluate(ParentRunner.java:306)
  at org.junit.runners.ParentRunner.run(ParentRunner.java:413)
  at org.junit.runner.JUnitCore.run(JUnitCore.java:137)
  at org.junit.runner.JUnitCore.run(JUnitCore.java:115)
  at org.gradle.api.internal.tasks.testing.junit.JUnitTestExecutor.runRequest(JUnitTestExecutor.java:175)
  at org.gradle.api.internal.tasks.testing.junit.JUnitTestExecutor.accept(JUnitTestExecutor.java:84)
  at org.gradle.api.internal.tasks.testing.junit.JUnitTestExecutor.accept(JUnitTestExecutor.java:47)
  at org.gradle.api.internal.tasks.testing.junit.AbstractJUnitTestDefinitionProcessor.processTestDefinition(AbstractJUnitTestDefinitionProcessor.java:65)
  at org.gradle.api.internal.tasks.testing.SuiteTestDefinitionProcessor.processTestDefinition(SuiteTestDefinitionProcessor.java:54)
  at java.base/jdk.internal.reflect.DirectMethodHandleAccessor.invoke(DirectMethodHandleAccessor.java:104)
  at java.base/java.lang.reflect.Method.invoke(Method.java:565)
  at org.gradle.internal.dispatch.MethodInvocation.invokeOn(MethodInvocation.java:77)
  at org.gradle.internal.dispatch.ReflectionDispatch.dispatch(ReflectionDispatch.java:28)
  at org.gradle.internal.dispatch.ReflectionDispatch.dispatch(ReflectionDispatch.java:19)
  at org.gradle.internal.dispatch.ContextClassLoaderDispatch.dispatch(ContextClassLoaderDispatch.java:33)
  at org.gradle.internal.dispatch.ProxyDispatchAdapter$DispatchingInvocationHandler.invoke(ProxyDispatchAdapter.java:88)
  at jdk.proxy1/jdk.proxy1.$Proxy4.processTestDefinition(Unknown Source)
  at org.gradle.api.internal.tasks.testing.worker.TestWorker$2.run(TestWorker.java:178)
  at org.gradle.api.internal.tasks.testing.worker.TestWorker.executeAndMaintainThreadName(TestWorker.java:126)
  at org.gradle.api.internal.tasks.testing.worker.TestWorker.execute(TestWorker.java:103)
  at org.gradle.api.internal.tasks.testing.worker.TestWorker.execute(TestWorker.java:63)
  at org.gradle.process.internal.worker.child.ActionExecutionWorker.execute(ActionExecutionWorker.java:56)
  at org.gradle.process.internal.worker.child.SystemApplicationClassLoaderWorker.call(SystemApplicationClassLoaderWorker.java:122)
  at org.gradle.process.internal.worker.child.SystemApplicationClassLoaderWorker.call(SystemApplicationClassLoaderWorker.java:72)
  at worker.org.gradle.process.internal.worker.GradleWorkerMain.run(GradleWorkerMain.java:69)
  at worker.org.gradle.process.internal.worker.GradleWorkerMain.main(GradleWorkerMain.java:74)
</stacktrace>
</test-failure>


TypeScriptCompilerTests_M[jvm] > modularizeLibrary_ErrorFromUsingES6FeaturesWithOnlyES5Lib_ts has expected errors matching modularizeLibrary_ErrorFromUsingES6FeaturesWithOnlyES5Lib_errors_txt[jvm] FAILED

<test-failure test="com.xemantic.typescript.compiler.TypeScriptCompilerTests_M.moduleAugmentationsImports1_ts has expected errors matching moduleAugmentationsImports1_errors_txt" platform="jvm">
<message>
--- expected
+++ actual
@@ -1,10 +1,6 @@
 error TS5101: Option 'outFile' is deprecated and will stop functioning in TypeScript 7.0. Specify compilerOption '"ignoreDeprecations": "6.0"' to silence this error.
 error TS5107: Option 'module=AMD' is deprecated and will stop functioning in TypeScript 7.0. Specify compilerOption '"ignoreDeprecations": "6.0"' to silence this error.
 b.ts(1,17): error TS2564: Property 'x' has no initializer and is not definitely assigned in the constructor.
-d.ts(7,1): error TS2322: Type '() => undefined' is not assignable to type '() => B'.
-  Type 'undefined' is not assignable to type 'B'.
-d.ts(8,1): error TS2322: Type '() => undefined' is not assignable to type '() => Cls'.
-  Type 'undefined' is not assignable to type 'Cls'.
 main.ts(5,9): error TS2454: Variable 'a' is used before being assigned.
 main.ts(6,9): error TS2454: Variable 'a' is used before being assigned.
 
@@ -24,7 +20,7 @@
         class Cls {y: string; }
     }
     
-==== d.ts (2 errors) ====
+==== d.ts (0 errors) ====
     /// <reference path="c.d.ts"/>
     
     import {A} from "./a";
@@ -32,13 +28,7 @@
     import {Cls} from "C";
     
     A.prototype.getB = function () { return undefined; }
-    ~~~~~~~~~~~~~~~~
-!!! error TS2322: Type '() => undefined' is not assignable to type '() => B'.
-!!! error TS2322:   Type 'undefined' is not assignable to type 'B'.
     A.prototype.getCls = function () { return undefined; }
-    ~~~~~~~~~~~~~~~~~~
-!!! error TS2322: Type '() => undefined' is not assignable to type '() => Cls'.
-!!! error TS2322:   Type 'undefined' is not assignable to type 'Cls'.
     
     declare module "./a" {
         interface A {

</message>
<stacktrace>
  at org.junit.Assert.fail(Assert.java:89)
  at kotlin.test.junit.JUnitAsserter.fail(JUnitSupport.kt:56)
  at kotlin.test.AssertionsKt__AssertionsKt.fail(Assertions.kt:563)
  at kotlin.test.AssertionsKt.fail(Unknown Source)
  at com.xemantic.kotlin.test.SameAsKt.sameAs(SameAs.kt:52)
  at com.xemantic.typescript.compiler.TypeScriptTestSupportKt.errorsMatchBaseline(TypeScriptTestSupport.kt:135)
  at com.xemantic.typescript.compiler.TypeScriptCompilerTests_M.moduleAugmentationsImports1_ts has expected errors matching moduleAugmentationsImports1_errors_txt(TypeScriptCompilerTests_M.kt:2282)
  at java.base/jdk.internal.reflect.DirectMethodHandleAccessor.invoke(DirectMethodHandleAccessor.java:104)
  at java.base/java.lang.reflect.Method.invoke(Method.java:565)
  at org.junit.runners.model.FrameworkMethod$1.runReflectiveCall(FrameworkMethod.java:59)
  at org.junit.internal.runners.model.ReflectiveCallable.run(ReflectiveCallable.java:12)
  at org.junit.runners.model.FrameworkMethod.invokeExplosively(FrameworkMethod.java:56)
  at org.junit.internal.runners.statements.InvokeMethod.evaluate(InvokeMethod.java:17)
  at org.junit.runners.ParentRunner$3.evaluate(ParentRunner.java:306)
  at org.junit.runners.BlockJUnit4ClassRunner$1.evaluate(BlockJUnit4ClassRunner.java:100)
  at org.junit.runners.ParentRunner.runLeaf(ParentRunner.java:366)
  at org.junit.runners.BlockJUnit4ClassRunner.runChild(BlockJUnit4ClassRunner.java:103)
  at org.junit.runners.BlockJUnit4ClassRunner.runChild(BlockJUnit4ClassRunner.java:63)
  at org.junit.runners.ParentRunner$4.run(ParentRunner.java:331)
  at org.junit.runners.ParentRunner$1.schedule(ParentRunner.java:79)
  at org.junit.runners.ParentRunner.runChildren(ParentRunner.java:329)
  at org.junit.runners.ParentRunner.access$100(ParentRunner.java:66)
  at org.junit.runners.ParentRunner$2.evaluate(ParentRunner.java:293)
  at org.junit.runners.ParentRunner$3.evaluate(ParentRunner.java:306)
  at org.junit.runners.ParentRunner.run(ParentRunner.java:413)
  at org.junit.runner.JUnitCore.run(JUnitCore.java:137)
  at org.junit.runner.JUnitCore.run(JUnitCore.java:115)
  at org.gradle.api.internal.tasks.testing.junit.JUnitTestExecutor.runRequest(JUnitTestExecutor.java:175)
  at org.gradle.api.internal.tasks.testing.junit.JUnitTestExecutor.accept(JUnitTestExecutor.java:84)
  at org.gradle.api.internal.tasks.testing.junit.JUnitTestExecutor.accept(JUnitTestExecutor.java:47)
  at org.gradle.api.internal.tasks.testing.junit.AbstractJUnitTestDefinitionProcessor.processTestDefinition(AbstractJUnitTestDefinitionProcessor.java:65)
  at org.gradle.api.internal.tasks.testing.SuiteTestDefinitionProcessor.processTestDefinition(SuiteTestDefinitionProcessor.java:54)
  at java.base/jdk.internal.reflect.DirectMethodHandleAccessor.invoke(DirectMethodHandleAccessor.java:104)
  at java.base/java.lang.reflect.Method.invoke(Method.java:565)
  at org.gradle.internal.dispatch.MethodInvocation.invokeOn(MethodInvocation.java:77)
  at org.gradle.internal.dispatch.ReflectionDispatch.dispatch(ReflectionDispatch.java:28)
  at org.gradle.internal.dispatch.ReflectionDispatch.dispatch(ReflectionDispatch.java:19)
  at org.gradle.internal.dispatch.ContextClassLoaderDispatch.dispatch(ContextClassLoaderDispatch.java:33)
  at org.gradle.internal.dispatch.ProxyDispatchAdapter$DispatchingInvocationHandler.invoke(ProxyDispatchAdapter.java:88)
  at jdk.proxy1/jdk.proxy1.$Proxy4.processTestDefinition(Unknown Source)
  at org.gradle.api.internal.tasks.testing.worker.TestWorker$2.run(TestWorker.java:178)
  at org.gradle.api.internal.tasks.testing.worker.TestWorker.executeAndMaintainThreadName(TestWorker.java:126)
  at org.gradle.api.internal.tasks.testing.worker.TestWorker.execute(TestWorker.java:103)
  at org.gradle.api.internal.tasks.testing.worker.TestWorker.execute(TestWorker.java:63)
  at org.gradle.process.internal.worker.child.ActionExecutionWorker.execute(ActionExecutionWorker.java:56)
  at org.gradle.process.internal.worker.child.SystemApplicationClassLoaderWorker.call(SystemApplicationClassLoaderWorker.java:122)
  at org.gradle.process.internal.worker.child.SystemApplicationClassLoaderWorker.call(SystemApplicationClassLoaderWorker.java:72)
  at worker.org.gradle.process.internal.worker.GradleWorkerMain.run(GradleWorkerMain.java:69)
  at worker.org.gradle.process.internal.worker.GradleWorkerMain.main(GradleWorkerMain.java:74)
</stacktrace>
</test-failure>


TypeScriptCompilerTests_M[jvm] > moduleAugmentationsImports1_ts has expected errors matching moduleAugmentationsImports1_errors_txt[jvm] FAILED

<test-failure test="com.xemantic.typescript.compiler.TypeScriptCompilerTests_M.missingFunctionImplementation_ts has expected errors matching missingFunctionImplementation_errors_txt" platform="jvm">
<message>
--- expected
+++ actual
@@ -5,21 +5,12 @@
 missingFunctionImplementation.ts(27,10): error TS2391: Function implementation is missing or not immediately following the declaration.
 missingFunctionImplementation.ts(32,10): error TS2391: Function implementation is missing or not immediately following the declaration.
 missingFunctionImplementation.ts(40,10): error TS2391: Function implementation is missing or not immediately following the declaration.
-missingFunctionImplementation.ts(47,10): error TS2300: Duplicate identifier 'm'.
-missingFunctionImplementation.ts(48,10): error TS2300: Duplicate identifier 'm'.
 missingFunctionImplementation.ts(48,10): error TS2391: Function implementation is missing or not immediately following the declaration.
-missingFunctionImplementation.ts(51,19): error TS2300: Duplicate identifier 'm'.
-missingFunctionImplementation.ts(56,10): error TS2300: Duplicate identifier 'm'.
-missingFunctionImplementation.ts(59,19): error TS2300: Duplicate identifier 'm'.
 missingFunctionImplementation.ts(59,19): error TS2391: Function implementation is missing or not immediately following the declaration.
 missingFunctionImplementation.ts(64,19): error TS2391: Function implementation is missing or not immediately following the declaration.
-missingFunctionImplementation.ts(72,19): error TS2393: Duplicate function implementation.
-missingFunctionImplementation.ts(73,19): error TS2393: Duplicate function implementation.
-missingFunctionImplementation.ts(74,19): error TS2393: Duplicate function implementation.
-missingFunctionImplementation.ts(77,19): error TS2393: Duplicate function implementation.
 
 
-==== missingFunctionImplementation.ts (19 errors) ====
+==== missingFunctionImplementation.ts (10 errors) ====
     export class C1 {
       m(): void;
       ~
@@ -81,31 +72,21 @@
     // merged with namespace, static methods, duplicate declarations
     class C8 {
       static m(a): void;
-             ~
-!!! error TS2300: Duplicate identifier 'm'.
       static m(a, b): void;
              ~
-!!! error TS2300: Duplicate identifier 'm'.
-             ~
 !!! error TS2391: Function implementation is missing or not immediately following the declaration.
     }
     namespace C8 {
       export function m(a?, b?): void { }
-                      ~
-!!! error TS2300: Duplicate identifier 'm'.
     }
     
     // merged with namespace, static methods, duplicate declarations
     class C9 {
       static m(a): void { }
-             ~
-!!! error TS2300: Duplicate identifier 'm'.
     }
     namespace C9 {
       export function m(a): void;
                       ~
-!!! error TS2300: Duplicate identifier 'm'.
-                      ~
 !!! error TS2391: Function implementation is missing or not immediately following the declaration.
     }
     
@@ -122,17 +103,9 @@
     // merged namespaces, duplicate defintions
     namespace N12 {
       export function m(a): void;
-                      ~
-!!! error TS2393: Duplicate function implementation.
       export function m(): void;
-                      ~
-!!! error TS2393: Duplicate function implementation.
       export function m(a?): void { }
-                      ~
-!!! error TS2393: Duplicate function implementation.
     }
     namespace N12 {
       export function m(a): void { }
-                      ~
-!!! error TS2393: Duplicate function implementation.
     }

</message>
<stacktrace>
  at org.junit.Assert.fail(Assert.java:89)
  at kotlin.test.junit.JUnitAsserter.fail(JUnitSupport.kt:56)
  at kotlin.test.AssertionsKt__AssertionsKt.fail(Assertions.kt:563)
  at kotlin.test.AssertionsKt.fail(Unknown Source)
  at com.xemantic.kotlin.test.SameAsKt.sameAs(SameAs.kt:52)
  at com.xemantic.typescript.compiler.TypeScriptTestSupportKt.errorsMatchBaseline(TypeScriptTestSupport.kt:135)
  at com.xemantic.typescript.compiler.TypeScriptCompilerTests_M.missingFunctionImplementation_ts has expected errors matching missingFunctionImplementation_errors_txt(TypeScriptCompilerTests_M.kt:1176)
  at java.base/jdk.internal.reflect.DirectMethodHandleAccessor.invoke(DirectMethodHandleAccessor.java:104)
  at java.base/java.lang.reflect.Method.invoke(Method.java:565)
  at org.junit.runners.model.FrameworkMethod$1.runReflectiveCall(FrameworkMethod.java:59)
  at org.junit.internal.runners.model.ReflectiveCallable.run(ReflectiveCallable.java:12)
  at org.junit.runners.model.FrameworkMethod.invokeExplosively(FrameworkMethod.java:56)
  at org.junit.internal.runners.statements.InvokeMethod.evaluate(InvokeMethod.java:17)
  at org.junit.runners.ParentRunner$3.evaluate(ParentRunner.java:306)
  at org.junit.runners.BlockJUnit4ClassRunner$1.evaluate(BlockJUnit4ClassRunner.java:100)
  at org.junit.runners.ParentRunner.runLeaf(ParentRunner.java:366)
  at org.junit.runners.BlockJUnit4ClassRunner.runChild(BlockJUnit4ClassRunner.java:103)
  at org.junit.runners.BlockJUnit4ClassRunner.runChild(BlockJUnit4ClassRunner.java:63)
  at org.junit.runners.ParentRunner$4.run(ParentRunner.java:331)
  at org.junit.runners.ParentRunner$1.schedule(ParentRunner.java:79)
  at org.junit.runners.ParentRunner.runChildren(ParentRunner.java:329)
  at org.junit.runners.ParentRunner.access$100(ParentRunner.java:66)
  at org.junit.runners.ParentRunner$2.evaluate(ParentRunner.java:293)
  at org.junit.runners.ParentRunner$3.evaluate(ParentRunner.java:306)
  at org.junit.runners.ParentRunner.run(ParentRunner.java:413)
  at org.junit.runner.JUnitCore.run(JUnitCore.java:137)
  at org.junit.runner.JUnitCore.run(JUnitCore.java:115)
  at org.gradle.api.internal.tasks.testing.junit.JUnitTestExecutor.runRequest(JUnitTestExecutor.java:175)
  at org.gradle.api.internal.tasks.testing.junit.JUnitTestExecutor.accept(JUnitTestExecutor.java:84)
  at org.gradle.api.internal.tasks.testing.junit.JUnitTestExecutor.accept(JUnitTestExecutor.java:47)
  at org.gradle.api.internal.tasks.testing.junit.AbstractJUnitTestDefinitionProcessor.processTestDefinition(AbstractJUnitTestDefinitionProcessor.java:65)
  at org.gradle.api.internal.tasks.testing.SuiteTestDefinitionProcessor.processTestDefinition(SuiteTestDefinitionProcessor.java:54)
  at java.base/jdk.internal.reflect.DirectMethodHandleAccessor.invoke(DirectMethodHandleAccessor.java:104)
  at java.base/java.lang.reflect.Method.invoke(Method.java:565)
  at org.gradle.internal.dispatch.MethodInvocation.invokeOn(MethodInvocation.java:77)
  at org.gradle.internal.dispatch.ReflectionDispatch.dispatch(ReflectionDispatch.java:28)
  at org.gradle.internal.dispatch.ReflectionDispatch.dispatch(ReflectionDispatch.java:19)
  at org.gradle.internal.dispatch.ContextClassLoaderDispatch.dispatch(ContextClassLoaderDispatch.java:33)
  at org.gradle.internal.dispatch.ProxyDispatchAdapter$DispatchingInvocationHandler.invoke(ProxyDispatchAdapter.java:88)
  at jdk.proxy1/jdk.proxy1.$Proxy4.processTestDefinition(Unknown Source)
  at org.gradle.api.internal.tasks.testing.worker.TestWorker$2.run(TestWorker.java:178)
  at org.gradle.api.internal.tasks.testing.worker.TestWorker.executeAndMaintainThreadName(TestWorker.java:126)
  at org.gradle.api.internal.tasks.testing.worker.TestWorker.execute(TestWorker.java:103)
  at org.gradle.api.internal.tasks.testing.worker.TestWorker.execute(TestWorker.java:63)
  at org.gradle.process.internal.worker.child.ActionExecutionWorker.execute(ActionExecutionWorker.java:56)
  at org.gradle.process.internal.worker.child.SystemApplicationClassLoaderWorker.call(SystemApplicationClassLoaderWorker.java:122)
  at org.gradle.process.internal.worker.child.SystemApplicationClassLoaderWorker.call(SystemApplicationClassLoaderWorker.java:72)
  at worker.org.gradle.process.internal.worker.GradleWorkerMain.run(GradleWorkerMain.java:69)
  at worker.org.gradle.process.internal.worker.GradleWorkerMain.main(GradleWorkerMain.java:74)
</stacktrace>
</test-failure>


TypeScriptCompilerTests_M[jvm] > missingFunctionImplementation_ts has expected errors matching missingFunctionImplementation_errors_txt[jvm] FAILED

<test-failure test="com.xemantic.typescript.compiler.TypeScriptCompilerTests_M.metadataOfClassFromAlias_ts__strict_true_target_es2015__compiles to JavaScript matching baseline" platform="jvm">
<message>
--- expected
+++ actual
@@ -67,6 +67,7 @@
 };
 Object.defineProperty(exports, "__esModule", { value: true });
 exports.ClassB = void 0;
+const auxiliary_1 = require("./auxiliary");
 function annotation() {
     return (target) => { };
 }
@@ -75,5 +76,5 @@
 exports.ClassB = ClassB;
 __decorate([
     annotation(),
-    __metadata("design:type", Object)
+    __metadata("design:type", auxiliary_1.SomeClass)
 ], ClassB.prototype, "bbb", void 0);

</message>
<stacktrace>
  at org.junit.Assert.fail(Assert.java:89)
  at kotlin.test.junit.JUnitAsserter.fail(JUnitSupport.kt:56)
  at kotlin.test.AssertionsKt__AssertionsKt.fail(Assertions.kt:563)
  at kotlin.test.AssertionsKt.fail(Unknown Source)
  at com.xemantic.kotlin.test.SameAsKt.sameAs(SameAs.kt:52)
  at com.xemantic.typescript.compiler.TypeScriptTestSupportKt.sameAs(TypeScriptTestSupport.kt:99)
  at com.xemantic.typescript.compiler.TypeScriptCompilerTests_M.metadataOfClassFromAlias_ts__strict_true_target_es2015__compiles to JavaScript matching baseline(TypeScriptCompilerTests_M.kt:756)
  at java.base/jdk.internal.reflect.DirectMethodHandleAccessor.invoke(DirectMethodHandleAccessor.java:104)
  at java.base/java.lang.reflect.Method.invoke(Method.java:565)
  at org.junit.runners.model.FrameworkMethod$1.runReflectiveCall(FrameworkMethod.java:59)
  at org.junit.internal.runners.model.ReflectiveCallable.run(ReflectiveCallable.java:12)
  at org.junit.runners.model.FrameworkMethod.invokeExplosively(FrameworkMethod.java:56)
  at org.junit.internal.runners.statements.InvokeMethod.evaluate(InvokeMethod.java:17)
  at org.junit.runners.ParentRunner$3.evaluate(ParentRunner.java:306)
  at org.junit.runners.BlockJUnit4ClassRunner$1.evaluate(BlockJUnit4ClassRunner.java:100)
  at org.junit.runners.ParentRunner.runLeaf(ParentRunner.java:366)
  at org.junit.runners.BlockJUnit4ClassRunner.runChild(BlockJUnit4ClassRunner.java:103)
  at org.junit.runners.BlockJUnit4ClassRunner.runChild(BlockJUnit4ClassRunner.java:63)
  at org.junit.runners.ParentRunner$4.run(ParentRunner.java:331)
  at org.junit.runners.ParentRunner$1.schedule(ParentRunner.java:79)
  at org.junit.runners.ParentRunner.runChildren(ParentRunner.java:329)
  at org.junit.runners.ParentRunner.access$100(ParentRunner.java:66)
  at org.junit.runners.ParentRunner$2.evaluate(ParentRunner.java:293)
  at org.junit.runners.ParentRunner$3.evaluate(ParentRunner.java:306)
  at org.junit.runners.ParentRunner.run(ParentRunner.java:413)
  at org.junit.runner.JUnitCore.run(JUnitCore.java:137)
  at org.junit.runner.JUnitCore.run(JUnitCore.java:115)
  at org.gradle.api.internal.tasks.testing.junit.JUnitTestExecutor.runRequest(JUnitTestExecutor.java:175)
  at org.gradle.api.internal.tasks.testing.junit.JUnitTestExecutor.accept(JUnitTestExecutor.java:84)
  at org.gradle.api.internal.tasks.testing.junit.JUnitTestExecutor.accept(JUnitTestExecutor.java:47)
  at org.gradle.api.internal.tasks.testing.junit.AbstractJUnitTestDefinitionProcessor.processTestDefinition(AbstractJUnitTestDefinitionProcessor.java:65)
  at org.gradle.api.internal.tasks.testing.SuiteTestDefinitionProcessor.processTestDefinition(SuiteTestDefinitionProcessor.java:54)
  at java.base/jdk.internal.reflect.DirectMethodHandleAccessor.invoke(DirectMethodHandleAccessor.java:104)
  at java.base/java.lang.reflect.Method.invoke(Method.java:565)
  at org.gradle.internal.dispatch.MethodInvocation.invokeOn(MethodInvocation.java:77)
  at org.gradle.internal.dispatch.ReflectionDispatch.dispatch(ReflectionDispatch.java:28)
  at org.gradle.internal.dispatch.ReflectionDispatch.dispatch(ReflectionDispatch.java:19)
  at org.gradle.internal.dispatch.ContextClassLoaderDispatch.dispatch(ContextClassLoaderDispatch.java:33)
  at org.gradle.internal.dispatch.ProxyDispatchAdapter$DispatchingInvocationHandler.invoke(ProxyDispatchAdapter.java:88)
  at jdk.proxy1/jdk.proxy1.$Proxy4.processTestDefinition(Unknown Source)
  at org.gradle.api.internal.tasks.testing.worker.TestWorker$2.run(TestWorker.java:178)
  at org.gradle.api.internal.tasks.testing.worker.TestWorker.executeAndMaintainThreadName(TestWorker.java:126)
  at org.gradle.api.internal.tasks.testing.worker.TestWorker.execute(TestWorker.java:103)
  at org.gradle.api.internal.tasks.testing.worker.TestWorker.execute(TestWorker.java:63)
  at org.gradle.process.internal.worker.child.ActionExecutionWorker.execute(ActionExecutionWorker.java:56)
  at org.gradle.process.internal.worker.child.SystemApplicationClassLoaderWorker.call(SystemApplicationClassLoaderWorker.java:122)
  at org.gradle.process.internal.worker.child.SystemApplicationClassLoaderWorker.call(SystemApplicationClassLoaderWorker.java:72)
  at worker.org.gradle.process.internal.worker.GradleWorkerMain.run(GradleWorkerMain.java:69)
  at worker.org.gradle.process.internal.worker.GradleWorkerMain.main(GradleWorkerMain.java:74)
</stacktrace>
</test-failure>


TypeScriptCompilerTests_M[jvm] > metadataOfClassFromAlias_ts__strict_true_target_es2015__compiles to JavaScript matching baseline[jvm] FAILED

<test-failure test="com.xemantic.typescript.compiler.TypeScriptCompilerTests_M.moduleResolutionWithSuffixes_one_externalModulePath_ts has expected errors matching moduleResolutionWithSuffixes_one_externalModulePath_errors_txt" platform="jvm">
<message>
--- expected
+++ actual
@@ -17,9 +17,6 @@
     	}
     }
     
-==== /index.ts (0 errors) ====
-    import { iosfoo } from "some-library/foo";
-    
 ==== /node_modules/some-library/foo.ios.js (0 errors) ====
     "use strict";
     exports.__esModule = true;
@@ -34,3 +31,6 @@
     exports.basefoo = basefoo;
 ==== /node_modules/some-library/foo.d.ts (0 errors) ====
     export declare function basefoo(): void;
+    
+==== /index.ts (0 errors) ====
+    import { iosfoo } from "some-library/foo";

</message>
<stacktrace>
  at org.junit.Assert.fail(Assert.java:89)
  at kotlin.test.junit.JUnitAsserter.fail(JUnitSupport.kt:56)
  at kotlin.test.AssertionsKt__AssertionsKt.fail(Assertions.kt:563)
  at kotlin.test.AssertionsKt.fail(Unknown Source)
  at com.xemantic.kotlin.test.SameAsKt.sameAs(SameAs.kt:52)
  at com.xemantic.typescript.compiler.TypeScriptTestSupportKt.errorsMatchBaseline(TypeScriptTestSupport.kt:135)
  at com.xemantic.typescript.compiler.TypeScriptCompilerTests_M.moduleResolutionWithSuffixes_one_externalModulePath_ts has expected errors matching moduleResolutionWithSuffixes_one_externalModulePath_errors_txt(TypeScriptCompilerTests_M.kt:3304)
  at java.base/jdk.internal.reflect.DirectMethodHandleAccessor.invoke(DirectMethodHandleAccessor.java:104)
  at java.base/java.lang.reflect.Method.invoke(Method.java:565)
  at org.junit.runners.model.FrameworkMethod$1.runReflectiveCall(FrameworkMethod.java:59)
  at org.junit.internal.runners.model.ReflectiveCallable.run(ReflectiveCallable.java:12)
  at org.junit.runners.model.FrameworkMethod.invokeExplosively(FrameworkMethod.java:56)
  at org.junit.internal.runners.statements.InvokeMethod.evaluate(InvokeMethod.java:17)
  at org.junit.runners.ParentRunner$3.evaluate(ParentRunner.java:306)
  at org.junit.runners.BlockJUnit4ClassRunner$1.evaluate(BlockJUnit4ClassRunner.java:100)
  at org.junit.runners.ParentRunner.runLeaf(ParentRunner.java:366)
  at org.junit.runners.BlockJUnit4ClassRunner.runChild(BlockJUnit4ClassRunner.java:103)
  at org.junit.runners.BlockJUnit4ClassRunner.runChild(BlockJUnit4ClassRunner.java:63)
  at org.junit.runners.ParentRunner$4.run(ParentRunner.java:331)
  at org.junit.runners.ParentRunner$1.schedule(ParentRunner.java:79)
  at org.junit.runners.ParentRunner.runChildren(ParentRunner.java:329)
  at org.junit.runners.ParentRunner.access$100(ParentRunner.java:66)
  at org.junit.runners.ParentRunner$2.evaluate(ParentRunner.java:293)
  at org.junit.runners.ParentRunner$3.evaluate(ParentRunner.java:306)
  at org.junit.runners.ParentRunner.run(ParentRunner.java:413)
  at org.junit.runner.JUnitCore.run(JUnitCore.java:137)
  at org.junit.runner.JUnitCore.run(JUnitCore.java:115)
  at org.gradle.api.internal.tasks.testing.junit.JUnitTestExecutor.runRequest(JUnitTestExecutor.java:175)
  at org.gradle.api.internal.tasks.testing.junit.JUnitTestExecutor.accept(JUnitTestExecutor.java:84)
  at org.gradle.api.internal.tasks.testing.junit.JUnitTestExecutor.accept(JUnitTestExecutor.java:47)
  at org.gradle.api.internal.tasks.testing.junit.AbstractJUnitTestDefinitionProcessor.processTestDefinition(AbstractJUnitTestDefinitionProcessor.java:65)
  at org.gradle.api.internal.tasks.testing.SuiteTestDefinitionProcessor.processTestDefinition(SuiteTestDefinitionProcessor.java:54)
  at java.base/jdk.internal.reflect.DirectMethodHandleAccessor.invoke(DirectMethodHandleAccessor.java:104)
  at java.base/java.lang.reflect.Method.invoke(Method.java:565)
  at org.gradle.internal.dispatch.MethodInvocation.invokeOn(MethodInvocation.java:77)
  at org.gradle.internal.dispatch.ReflectionDispatch.dispatch(ReflectionDispatch.java:28)
  at org.gradle.internal.dispatch.ReflectionDispatch.dispatch(ReflectionDispatch.java:19)
  at org.gradle.internal.dispatch.ContextClassLoaderDispatch.dispatch(ContextClassLoaderDispatch.java:33)
  at org.gradle.internal.dispatch.ProxyDispatchAdapter$DispatchingInvocationHandler.invoke(ProxyDispatchAdapter.java:88)
  at jdk.proxy1/jdk.proxy1.$Proxy4.processTestDefinition(Unknown Source)
  at org.gradle.api.internal.tasks.testing.worker.TestWorker$2.run(TestWorker.java:178)
  at org.gradle.api.internal.tasks.testing.worker.TestWorker.executeAndMaintainThreadName(TestWorker.java:126)
  at org.gradle.api.internal.tasks.testing.worker.TestWorker.execute(TestWorker.java:103)
  at org.gradle.api.internal.tasks.testing.worker.TestWorker.execute(TestWorker.java:63)
  at org.gradle.process.internal.worker.child.ActionExecutionWorker.execute(ActionExecutionWorker.java:56)
  at org.gradle.process.internal.worker.child.SystemApplicationClassLoaderWorker.call(SystemApplicationClassLoaderWorker.java:122)
  at org.gradle.process.internal.worker.child.SystemApplicationClassLoaderWorker.call(SystemApplicationClassLoaderWorker.java:72)
  at worker.org.gradle.process.internal.worker.GradleWorkerMain.run(GradleWorkerMain.java:69)
  at worker.org.gradle.process.internal.worker.GradleWorkerMain.main(GradleWorkerMain.java:74)
</stacktrace>
</test-failure>


TypeScriptCompilerTests_M[jvm] > moduleResolutionWithSuffixes_one_externalModulePath_ts has expected errors matching moduleResolutionWithSuffixes_one_externalModulePath_errors_txt[jvm] FAILED

<test-failure test="com.xemantic.typescript.compiler.TypeScriptCompilerTests_M.moduleResolutionWithSuffixes_one_externalModule_withPaths_ts has expected errors matching moduleResolutionWithSuffixes_one_externalModule_withPaths_errors_txt" platform="jvm">
<message>
--- expected
+++ actual
@@ -27,11 +27,6 @@
     	}
     }
     
-==== /test.ts (0 errors) ====
-    import { ios } from "some-library";
-    import { ios as ios2 } from "some-library/index";
-    import { ios as ios3 } from "some-library/index.js";
-    
 ==== /node_modules/some-library/lib/index.ios.js (0 errors) ====
     "use strict";
     exports.__esModule = true;
@@ -46,3 +41,8 @@
     exports.base = base;
 ==== /node_modules/some-library/lib/index.d.ts (0 errors) ====
     export declare function base(): void;
+    
+==== /test.ts (0 errors) ====
+    import { ios } from "some-library";
+    import { ios as ios2 } from "some-library/index";
+    import { ios as ios3 } from "some-library/index.js";

</message>
<stacktrace>
  at org.junit.Assert.fail(Assert.java:89)
  at kotlin.test.junit.JUnitAsserter.fail(JUnitSupport.kt:56)
  at kotlin.test.AssertionsKt__AssertionsKt.fail(Assertions.kt:563)
  at kotlin.test.AssertionsKt.fail(Unknown Source)
  at com.xemantic.kotlin.test.SameAsKt.sameAs(SameAs.kt:52)
  at com.xemantic.typescript.compiler.TypeScriptTestSupportKt.errorsMatchBaseline(TypeScriptTestSupport.kt:135)
  at com.xemantic.typescript.compiler.TypeScriptCompilerTests_M.moduleResolutionWithSuffixes_one_externalModule_withPaths_ts has expected errors matching moduleResolutionWithSuffixes_one_externalModule_withPaths_errors_txt(TypeScriptCompilerTests_M.kt:3318)
  at java.base/jdk.internal.reflect.DirectMethodHandleAccessor.invoke(DirectMethodHandleAccessor.java:104)
  at java.base/java.lang.reflect.Method.invoke(Method.java:565)
  at org.junit.runners.model.FrameworkMethod$1.runReflectiveCall(FrameworkMethod.java:59)
  at org.junit.internal.runners.model.ReflectiveCallable.run(ReflectiveCallable.java:12)
  at org.junit.runners.model.FrameworkMethod.invokeExplosively(FrameworkMethod.java:56)
  at org.junit.internal.runners.statements.InvokeMethod.evaluate(InvokeMethod.java:17)
  at org.junit.runners.ParentRunner$3.evaluate(ParentRunner.java:306)
  at org.junit.runners.BlockJUnit4ClassRunner$1.evaluate(BlockJUnit4ClassRunner.java:100)
  at org.junit.runners.ParentRunner.runLeaf(ParentRunner.java:366)
  at org.junit.runners.BlockJUnit4ClassRunner.runChild(BlockJUnit4ClassRunner.java:103)
  at org.junit.runners.BlockJUnit4ClassRunner.runChild(BlockJUnit4ClassRunner.java:63)
  at org.junit.runners.ParentRunner$4.run(ParentRunner.java:331)
  at org.junit.runners.ParentRunner$1.schedule(ParentRunner.java:79)
  at org.junit.runners.ParentRunner.runChildren(ParentRunner.java:329)
  at org.junit.runners.ParentRunner.access$100(ParentRunner.java:66)
  at org.junit.runners.ParentRunner$2.evaluate(ParentRunner.java:293)
  at org.junit.runners.ParentRunner$3.evaluate(ParentRunner.java:306)
  at org.junit.runners.ParentRunner.run(ParentRunner.java:413)
  at org.junit.runner.JUnitCore.run(JUnitCore.java:137)
  at org.junit.runner.JUnitCore.run(JUnitCore.java:115)
  at org.gradle.api.internal.tasks.testing.junit.JUnitTestExecutor.runRequest(JUnitTestExecutor.java:175)
  at org.gradle.api.internal.tasks.testing.junit.JUnitTestExecutor.accept(JUnitTestExecutor.java:84)
  at org.gradle.api.internal.tasks.testing.junit.JUnitTestExecutor.accept(JUnitTestExecutor.java:47)
  at org.gradle.api.internal.tasks.testing.junit.AbstractJUnitTestDefinitionProcessor.processTestDefinition(AbstractJUnitTestDefinitionProcessor.java:65)
  at org.gradle.api.internal.tasks.testing.SuiteTestDefinitionProcessor.processTestDefinition(SuiteTestDefinitionProcessor.java:54)
  at java.base/jdk.internal.reflect.DirectMethodHandleAccessor.invoke(DirectMethodHandleAccessor.java:104)
  at java.base/java.lang.reflect.Method.invoke(Method.java:565)
  at org.gradle.internal.dispatch.MethodInvocation.invokeOn(MethodInvocation.java:77)
  at org.gradle.internal.dispatch.ReflectionDispatch.dispatch(ReflectionDispatch.java:28)
  at org.gradle.internal.dispatch.ReflectionDispatch.dispatch(ReflectionDispatch.java:19)
  at org.gradle.internal.dispatch.ContextClassLoaderDispatch.dispatch(ContextClassLoaderDispatch.java:33)
  at org.gradle.internal.dispatch.ProxyDispatchAdapter$DispatchingInvocationHandler.invoke(ProxyDispatchAdapter.java:88)
  at jdk.proxy1/jdk.proxy1.$Proxy4.processTestDefinition(Unknown Source)
  at org.gradle.api.internal.tasks.testing.worker.TestWorker$2.run(TestWorker.java:178)
  at org.gradle.api.internal.tasks.testing.worker.TestWorker.executeAndMaintainThreadName(TestWorker.java:126)
  at org.gradle.api.internal.tasks.testing.worker.TestWorker.execute(TestWorker.java:103)
  at org.gradle.api.internal.tasks.testing.worker.TestWorker.execute(TestWorker.java:63)
  at org.gradle.process.internal.worker.child.ActionExecutionWorker.execute(ActionExecutionWorker.java:56)
  at org.gradle.process.internal.worker.child.SystemApplicationClassLoaderWorker.call(SystemApplicationClassLoaderWorker.java:122)
  at org.gradle.process.internal.worker.child.SystemApplicationClassLoaderWorker.call(SystemApplicationClassLoaderWorker.java:72)
  at worker.org.gradle.process.internal.worker.GradleWorkerMain.run(GradleWorkerMain.java:69)
  at worker.org.gradle.process.internal.worker.GradleWorkerMain.main(GradleWorkerMain.java:74)
</stacktrace>
</test-failure>


TypeScriptCompilerTests_M[jvm] > moduleResolutionWithSuffixes_one_externalModule_withPaths_ts has expected errors matching moduleResolutionWithSuffixes_one_externalModule_withPaths_errors_txt[jvm] FAILED

<test-failure test="com.xemantic.typescript.compiler.TypeScriptCompilerTests_M.moduleResolutionWithSuffixes_oneNotFound_ts has expected errors matching moduleResolutionWithSuffixes_oneNotFound_errors_txt" platform="jvm">
<message>
--- expected
+++ actual
@@ -1,6 +1,5 @@
 /tsconfig.json(3,23): error TS5107: Option 'moduleResolution=node10' is deprecated and will stop functioning in TypeScript 7.0. Specify compilerOption '"ignoreDeprecations": "6.0"' to silence this error.
   Visit https://aka.ms/ts6 for migration information.
-/index.ts(1,21): error TS2307: Cannot find module './foo' or its corresponding type declarations.
 
 
 ==== /tsconfig.json (1 errors) ====
@@ -15,9 +14,7 @@
     	}
     }
     
-==== /index.ts (1 errors) ====
+==== /index.ts (0 errors) ====
     import { ios } from "./foo";
-                        ~~~~~~~
-!!! error TS2307: Cannot find module './foo' or its corresponding type declarations.
 ==== /foo.ts (0 errors) ====
     export function base() {}

</message>
<stacktrace>
  at org.junit.Assert.fail(Assert.java:89)
  at kotlin.test.junit.JUnitAsserter.fail(JUnitSupport.kt:56)
  at kotlin.test.AssertionsKt__AssertionsKt.fail(Assertions.kt:563)
  at kotlin.test.AssertionsKt.fail(Unknown Source)
  at com.xemantic.kotlin.test.SameAsKt.sameAs(SameAs.kt:52)
  at com.xemantic.typescript.compiler.TypeScriptTestSupportKt.errorsMatchBaseline(TypeScriptTestSupport.kt:135)
  at com.xemantic.typescript.compiler.TypeScriptCompilerTests_M.moduleResolutionWithSuffixes_oneNotFound_ts has expected errors matching moduleResolutionWithSuffixes_oneNotFound_errors_txt(TypeScriptCompilerTests_M.kt:3262)
  at java.base/jdk.internal.reflect.DirectMethodHandleAccessor.invoke(DirectMethodHandleAccessor.java:104)
  at java.base/java.lang.reflect.Method.invoke(Method.java:565)
  at org.junit.runners.model.FrameworkMethod$1.runReflectiveCall(FrameworkMethod.java:59)
  at org.junit.internal.runners.model.ReflectiveCallable.run(ReflectiveCallable.java:12)
  at org.junit.runners.model.FrameworkMethod.invokeExplosively(FrameworkMethod.java:56)
  at org.junit.internal.runners.statements.InvokeMethod.evaluate(InvokeMethod.java:17)
  at org.junit.runners.ParentRunner$3.evaluate(ParentRunner.java:306)
  at org.junit.runners.BlockJUnit4ClassRunner$1.evaluate(BlockJUnit4ClassRunner.java:100)
  at org.junit.runners.ParentRunner.runLeaf(ParentRunner.java:366)
  at org.junit.runners.BlockJUnit4ClassRunner.runChild(BlockJUnit4ClassRunner.java:103)
  at org.junit.runners.BlockJUnit4ClassRunner.runChild(BlockJUnit4ClassRunner.java:63)
  at org.junit.runners.ParentRunner$4.run(ParentRunner.java:331)
  at org.junit.runners.ParentRunner$1.schedule(ParentRunner.java:79)
  at org.junit.runners.ParentRunner.runChildren(ParentRunner.java:329)
  at org.junit.runners.ParentRunner.access$100(ParentRunner.java:66)
  at org.junit.runners.ParentRunner$2.evaluate(ParentRunner.java:293)
  at org.junit.runners.ParentRunner$3.evaluate(ParentRunner.java:306)
  at org.junit.runners.ParentRunner.run(ParentRunner.java:413)
  at org.junit.runner.JUnitCore.run(JUnitCore.java:137)
  at org.junit.runner.JUnitCore.run(JUnitCore.java:115)
  at org.gradle.api.internal.tasks.testing.junit.JUnitTestExecutor.runRequest(JUnitTestExecutor.java:175)
  at org.gradle.api.internal.tasks.testing.junit.JUnitTestExecutor.accept(JUnitTestExecutor.java:84)
  at org.gradle.api.internal.tasks.testing.junit.JUnitTestExecutor.accept(JUnitTestExecutor.java:47)
  at org.gradle.api.internal.tasks.testing.junit.AbstractJUnitTestDefinitionProcessor.processTestDefinition(AbstractJUnitTestDefinitionProcessor.java:65)
  at org.gradle.api.internal.tasks.testing.SuiteTestDefinitionProcessor.processTestDefinition(SuiteTestDefinitionProcessor.java:54)
  at java.base/jdk.internal.reflect.DirectMethodHandleAccessor.invoke(DirectMethodHandleAccessor.java:104)
  at java.base/java.lang.reflect.Method.invoke(Method.java:565)
  at org.gradle.internal.dispatch.MethodInvocation.invokeOn(MethodInvocation.java:77)
  at org.gradle.internal.dispatch.ReflectionDispatch.dispatch(ReflectionDispatch.java:28)
  at org.gradle.internal.dispatch.ReflectionDispatch.dispatch(ReflectionDispatch.java:19)
  at org.gradle.internal.dispatch.ContextClassLoaderDispatch.dispatch(ContextClassLoaderDispatch.java:33)
  at org.gradle.internal.dispatch.ProxyDispatchAdapter$DispatchingInvocationHandler.invoke(ProxyDispatchAdapter.java:88)
  at jdk.proxy1/jdk.proxy1.$Proxy4.processTestDefinition(Unknown Source)
  at org.gradle.api.internal.tasks.testing.worker.TestWorker$2.run(TestWorker.java:178)
  at org.gradle.api.internal.tasks.testing.worker.TestWorker.executeAndMaintainThreadName(TestWorker.java:126)
  at org.gradle.api.internal.tasks.testing.worker.TestWorker.execute(TestWorker.java:103)
  at org.gradle.api.internal.tasks.testing.worker.TestWorker.execute(TestWorker.java:63)
  at org.gradle.process.internal.worker.child.ActionExecutionWorker.execute(ActionExecutionWorker.java:56)
  at org.gradle.process.internal.worker.child.SystemApplicationClassLoaderWorker.call(SystemApplicationClassLoaderWorker.java:122)
  at org.gradle.process.internal.worker.child.SystemApplicationClassLoaderWorker.call(SystemApplicationClassLoaderWorker.java:72)
  at worker.org.gradle.process.internal.worker.GradleWorkerMain.run(GradleWorkerMain.java:69)
  at worker.org.gradle.process.internal.worker.GradleWorkerMain.main(GradleWorkerMain.java:74)
</stacktrace>
</test-failure>


TypeScriptCompilerTests_M[jvm] > moduleResolutionWithSuffixes_oneNotFound_ts has expected errors matching moduleResolutionWithSuffixes_oneNotFound_errors_txt[jvm] FAILED

<test-failure test="com.xemantic.typescript.compiler.TypeScriptCompilerTests_M.moduleAugmentationImportsAndExports5_ts has expected errors matching moduleAugmentationImportsAndExports5_errors_txt" platform="jvm">
<message>
--- expected
+++ actual
@@ -1,6 +1,4 @@
 f2.ts(2,5): error TS2564: Property 'n' has no initializer and is not definitely assigned in the constructor.
-f3.ts(4,1): error TS2322: Type '() => undefined' is not assignable to type '() => B'.
-  Type 'undefined' is not assignable to type 'B'.
 f4.ts(5,9): error TS2454: Variable 'a' is used before being assigned.
 f4.ts(6,9): error TS2454: Variable 'a' is used before being assigned.
 f4.ts(7,9): error TS2454: Variable 'a' is used before being assigned.
@@ -16,14 +14,11 @@
 !!! error TS2564: Property 'n' has no initializer and is not definitely assigned in the constructor.
     }
     
-==== f3.ts (1 errors) ====
+==== f3.ts (0 errors) ====
     import {A} from "./f1";
     import {B} from "./f2";
     
     A.prototype.foo = function () { return undefined; }
-    ~~~~~~~~~~~~~~~
-!!! error TS2322: Type '() => undefined' is not assignable to type '() => B'.
-!!! error TS2322:   Type 'undefined' is not assignable to type 'B'.
     
     namespace N {
         export interface Ifc { a: number; }

</message>
<stacktrace>
  at org.junit.Assert.fail(Assert.java:89)
  at kotlin.test.junit.JUnitAsserter.fail(JUnitSupport.kt:56)
  at kotlin.test.AssertionsKt__AssertionsKt.fail(Assertions.kt:563)
  at kotlin.test.AssertionsKt.fail(Unknown Source)
  at com.xemantic.kotlin.test.SameAsKt.sameAs(SameAs.kt:52)
  at com.xemantic.typescript.compiler.TypeScriptTestSupportKt.errorsMatchBaseline(TypeScriptTestSupport.kt:135)
  at com.xemantic.typescript.compiler.TypeScriptCompilerTests_M.moduleAugmentationImportsAndExports5_ts has expected errors matching moduleAugmentationImportsAndExports5_errors_txt(TypeScriptCompilerTests_M.kt:2128)
  at java.base/jdk.internal.reflect.DirectMethodHandleAccessor.invoke(DirectMethodHandleAccessor.java:104)
  at java.base/java.lang.reflect.Method.invoke(Method.java:565)
  at org.junit.runners.model.FrameworkMethod$1.runReflectiveCall(FrameworkMethod.java:59)
  at org.junit.internal.runners.model.ReflectiveCallable.run(ReflectiveCallable.java:12)
  at org.junit.runners.model.FrameworkMethod.invokeExplosively(FrameworkMethod.java:56)
  at org.junit.internal.runners.statements.InvokeMethod.evaluate(InvokeMethod.java:17)
  at org.junit.runners.ParentRunner$3.evaluate(ParentRunner.java:306)
  at org.junit.runners.BlockJUnit4ClassRunner$1.evaluate(BlockJUnit4ClassRunner.java:100)
  at org.junit.runners.ParentRunner.runLeaf(ParentRunner.java:366)
  at org.junit.runners.BlockJUnit4ClassRunner.runChild(BlockJUnit4ClassRunner.java:103)
  at org.junit.runners.BlockJUnit4ClassRunner.runChild(BlockJUnit4ClassRunner.java:63)
  at org.junit.runners.ParentRunner$4.run(ParentRunner.java:331)
  at org.junit.runners.ParentRunner$1.schedule(ParentRunner.java:79)
  at org.junit.runners.ParentRunner.runChildren(ParentRunner.java:329)
  at org.junit.runners.ParentRunner.access$100(ParentRunner.java:66)
  at org.junit.runners.ParentRunner$2.evaluate(ParentRunner.java:293)
  at org.junit.runners.ParentRunner$3.evaluate(ParentRunner.java:306)
  at org.junit.runners.ParentRunner.run(ParentRunner.java:413)
  at org.junit.runner.JUnitCore.run(JUnitCore.java:137)
  at org.junit.runner.JUnitCore.run(JUnitCore.java:115)
  at org.gradle.api.internal.tasks.testing.junit.JUnitTestExecutor.runRequest(JUnitTestExecutor.java:175)
  at org.gradle.api.internal.tasks.testing.junit.JUnitTestExecutor.accept(JUnitTestExecutor.java:84)
  at org.gradle.api.internal.tasks.testing.junit.JUnitTestExecutor.accept(JUnitTestExecutor.java:47)
  at org.gradle.api.internal.tasks.testing.junit.AbstractJUnitTestDefinitionProcessor.processTestDefinition(AbstractJUnitTestDefinitionProcessor.java:65)
  at org.gradle.api.internal.tasks.testing.SuiteTestDefinitionProcessor.processTestDefinition(SuiteTestDefinitionProcessor.java:54)
  at java.base/jdk.internal.reflect.DirectMethodHandleAccessor.invoke(DirectMethodHandleAccessor.java:104)
  at java.base/java.lang.reflect.Method.invoke(Method.java:565)
  at org.gradle.internal.dispatch.MethodInvocation.invokeOn(MethodInvocation.java:77)
  at org.gradle.internal.dispatch.ReflectionDispatch.dispatch(ReflectionDispatch.java:28)
  at org.gradle.internal.dispatch.ReflectionDispatch.dispatch(ReflectionDispatch.java:19)
  at org.gradle.internal.dispatch.ContextClassLoaderDispatch.dispatch(ContextClassLoaderDispatch.java:33)
  at org.gradle.internal.dispatch.ProxyDispatchAdapter$DispatchingInvocationHandler.invoke(ProxyDispatchAdapter.java:88)
  at jdk.proxy1/jdk.proxy1.$Proxy4.processTestDefinition(Unknown Source)
  at org.gradle.api.internal.tasks.testing.worker.TestWorker$2.run(TestWorker.java:178)
  at org.gradle.api.internal.tasks.testing.worker.TestWorker.executeAndMaintainThreadName(TestWorker.java:126)
  at org.gradle.api.internal.tasks.testing.worker.TestWorker.execute(TestWorker.java:103)
  at org.gradle.api.internal.tasks.testing.worker.TestWorker.execute(TestWorker.java:63)
  at org.gradle.process.internal.worker.child.ActionExecutionWorker.execute(ActionExecutionWorker.java:56)
  at org.gradle.process.internal.worker.child.SystemApplicationClassLoaderWorker.call(SystemApplicationClassLoaderWorker.java:122)
  at org.gradle.process.internal.worker.child.SystemApplicationClassLoaderWorker.call(SystemApplicationClassLoaderWorker.java:72)
  at worker.org.gradle.process.internal.worker.GradleWorkerMain.run(GradleWorkerMain.java:69)
  at worker.org.gradle.process.internal.worker.GradleWorkerMain.main(GradleWorkerMain.java:74)
</stacktrace>
</test-failure>


TypeScriptCompilerTests_M[jvm] > moduleAugmentationImportsAndExports5_ts has expected errors matching moduleAugmentationImportsAndExports5_errors_txt[jvm] FAILED

<test-failure test="com.xemantic.typescript.compiler.TypeScriptCompilerTests_M.modularizeLibrary_ErrorFromUsingES6ArrayWithOnlyES6ArrayLib_ts__target_es2015__has expected errors matching baseline" platform="jvm">
<message>
Expected diagnostics from baseline typescript-repo/tests/baselines/reference/modularizeLibrary_ErrorFromUsingES6ArrayWithOnlyES6ArrayLib(target=es2015).errors.txt but none produced
</message>
<stacktrace>
  at com.xemantic.typescript.compiler.TypeScriptTestSupportKt.errorsMatchBaseline(TypeScriptTestSupport.kt:125)
  at com.xemantic.typescript.compiler.TypeScriptCompilerTests_M.modularizeLibrary_ErrorFromUsingES6ArrayWithOnlyES6ArrayLib_ts__target_es2015__has expected errors matching baseline(TypeScriptCompilerTests_M.kt:1512)
  at java.base/jdk.internal.reflect.DirectMethodHandleAccessor.invoke(DirectMethodHandleAccessor.java:104)
  at java.base/java.lang.reflect.Method.invoke(Method.java:565)
  at org.junit.runners.model.FrameworkMethod$1.runReflectiveCall(FrameworkMethod.java:59)
  at org.junit.internal.runners.model.ReflectiveCallable.run(ReflectiveCallable.java:12)
  at org.junit.runners.model.FrameworkMethod.invokeExplosively(FrameworkMethod.java:56)
  at org.junit.internal.runners.statements.InvokeMethod.evaluate(InvokeMethod.java:17)
  at org.junit.runners.ParentRunner$3.evaluate(ParentRunner.java:306)
  at org.junit.runners.BlockJUnit4ClassRunner$1.evaluate(BlockJUnit4ClassRunner.java:100)
  at org.junit.runners.ParentRunner.runLeaf(ParentRunner.java:366)
  at org.junit.runners.BlockJUnit4ClassRunner.runChild(BlockJUnit4ClassRunner.java:103)
  at org.junit.runners.BlockJUnit4ClassRunner.runChild(BlockJUnit4ClassRunner.java:63)
  at org.junit.runners.ParentRunner$4.run(ParentRunner.java:331)
  at org.junit.runners.ParentRunner$1.schedule(ParentRunner.java:79)
  at org.junit.runners.ParentRunner.runChildren(ParentRunner.java:329)
  at org.junit.runners.ParentRunner.access$100(ParentRunner.java:66)
  at org.junit.runners.ParentRunner$2.evaluate(ParentRunner.java:293)
  at org.junit.runners.ParentRunner$3.evaluate(ParentRunner.java:306)
  at org.junit.runners.ParentRunner.run(ParentRunner.java:413)
  at org.junit.runner.JUnitCore.run(JUnitCore.java:137)
  at org.junit.runner.JUnitCore.run(JUnitCore.java:115)
  at org.gradle.api.internal.tasks.testing.junit.JUnitTestExecutor.runRequest(JUnitTestExecutor.java:175)
  at org.gradle.api.internal.tasks.testing.junit.JUnitTestExecutor.accept(JUnitTestExecutor.java:84)
  at org.gradle.api.internal.tasks.testing.junit.JUnitTestExecutor.accept(JUnitTestExecutor.java:47)
  at org.gradle.api.internal.tasks.testing.junit.AbstractJUnitTestDefinitionProcessor.processTestDefinition(AbstractJUnitTestDefinitionProcessor.java:65)
  at org.gradle.api.internal.tasks.testing.SuiteTestDefinitionProcessor.processTestDefinition(SuiteTestDefinitionProcessor.java:54)
  at java.base/jdk.internal.reflect.DirectMethodHandleAccessor.invoke(DirectMethodHandleAccessor.java:104)
  at java.base/java.lang.reflect.Method.invoke(Method.java:565)
  at org.gradle.internal.dispatch.MethodInvocation.invokeOn(MethodInvocation.java:77)
  at org.gradle.internal.dispatch.ReflectionDispatch.dispatch(ReflectionDispatch.java:28)
  at org.gradle.internal.dispatch.ReflectionDispatch.dispatch(ReflectionDispatch.java:19)
  at org.gradle.internal.dispatch.ContextClassLoaderDispatch.dispatch(ContextClassLoaderDispatch.java:33)
  at org.gradle.internal.dispatch.ProxyDispatchAdapter$DispatchingInvocationHandler.invoke(ProxyDispatchAdapter.java:88)
  at jdk.proxy1/jdk.proxy1.$Proxy4.processTestDefinition(Unknown Source)
  at org.gradle.api.internal.tasks.testing.worker.TestWorker$2.run(TestWorker.java:178)
  at org.gradle.api.internal.tasks.testing.worker.TestWorker.executeAndMaintainThreadName(TestWorker.java:126)
  at org.gradle.api.internal.tasks.testing.worker.TestWorker.execute(TestWorker.java:103)
  at org.gradle.api.internal.tasks.testing.worker.TestWorker.execute(TestWorker.java:63)
  at org.gradle.process.internal.worker.child.ActionExecutionWorker.execute(ActionExecutionWorker.java:56)
  at org.gradle.process.internal.worker.child.SystemApplicationClassLoaderWorker.call(SystemApplicationClassLoaderWorker.java:122)
  at org.gradle.process.internal.worker.child.SystemApplicationClassLoaderWorker.call(SystemApplicationClassLoaderWorker.java:72)
  at worker.org.gradle.process.internal.worker.GradleWorkerMain.run(GradleWorkerMain.java:69)
  at worker.org.gradle.process.internal.worker.GradleWorkerMain.main(GradleWorkerMain.java:74)
</stacktrace>
</test-failure>


TypeScriptCompilerTests_M[jvm] > modularizeLibrary_ErrorFromUsingES6ArrayWithOnlyES6ArrayLib_ts__target_es2015__has expected errors matching baseline[jvm] FAILED

<test-failure test="com.xemantic.typescript.compiler.TypeScriptCompilerTests_M.multipleClassPropertyModifiersErrors_ts has expected errors matching multipleClassPropertyModifiersErrors_errors_txt" platform="jvm">
<message>
Expected diagnostics from baseline typescript-repo/tests/baselines/reference/multipleClassPropertyModifiersErrors.errors.txt but none produced
</message>
<stacktrace>
  at com.xemantic.typescript.compiler.TypeScriptTestSupportKt.errorsMatchBaseline(TypeScriptTestSupport.kt:125)
  at com.xemantic.typescript.compiler.TypeScriptCompilerTests_M.multipleClassPropertyModifiersErrors_ts has expected errors matching multipleClassPropertyModifiersErrors_errors_txt(TypeScriptCompilerTests_M.kt:3969)
  at java.base/jdk.internal.reflect.DirectMethodHandleAccessor.invoke(DirectMethodHandleAccessor.java:104)
  at java.base/java.lang.reflect.Method.invoke(Method.java:565)
  at org.junit.runners.model.FrameworkMethod$1.runReflectiveCall(FrameworkMethod.java:59)
  at org.junit.internal.runners.model.ReflectiveCallable.run(ReflectiveCallable.java:12)
  at org.junit.runners.model.FrameworkMethod.invokeExplosively(FrameworkMethod.java:56)
  at org.junit.internal.runners.statements.InvokeMethod.evaluate(InvokeMethod.java:17)
  at org.junit.runners.ParentRunner$3.evaluate(ParentRunner.java:306)
  at org.junit.runners.BlockJUnit4ClassRunner$1.evaluate(BlockJUnit4ClassRunner.java:100)
  at org.junit.runners.ParentRunner.runLeaf(ParentRunner.java:366)
  at org.junit.runners.BlockJUnit4ClassRunner.runChild(BlockJUnit4ClassRunner.java:103)
  at org.junit.runners.BlockJUnit4ClassRunner.runChild(BlockJUnit4ClassRunner.java:63)
  at org.junit.runners.ParentRunner$4.run(ParentRunner.java:331)
  at org.junit.runners.ParentRunner$1.schedule(ParentRunner.java:79)
  at org.junit.runners.ParentRunner.runChildren(ParentRunner.java:329)
  at org.junit.runners.ParentRunner.access$100(ParentRunner.java:66)
  at org.junit.runners.ParentRunner$2.evaluate(ParentRunner.java:293)
  at org.junit.runners.ParentRunner$3.evaluate(ParentRunner.java:306)
  at org.junit.runners.ParentRunner.run(ParentRunner.java:413)
  at org.junit.runner.JUnitCore.run(JUnitCore.java:137)
  at org.junit.runner.JUnitCore.run(JUnitCore.java:115)
  at org.gradle.api.internal.tasks.testing.junit.JUnitTestExecutor.runRequest(JUnitTestExecutor.java:175)
  at org.gradle.api.internal.tasks.testing.junit.JUnitTestExecutor.accept(JUnitTestExecutor.java:84)
  at org.gradle.api.internal.tasks.testing.junit.JUnitTestExecutor.accept(JUnitTestExecutor.java:47)
  at org.gradle.api.internal.tasks.testing.junit.AbstractJUnitTestDefinitionProcessor.processTestDefinition(AbstractJUnitTestDefinitionProcessor.java:65)
  at org.gradle.api.internal.tasks.testing.SuiteTestDefinitionProcessor.processTestDefinition(SuiteTestDefinitionProcessor.java:54)
  at java.base/jdk.internal.reflect.DirectMethodHandleAccessor.invoke(DirectMethodHandleAccessor.java:104)
  at java.base/java.lang.reflect.Method.invoke(Method.java:565)
  at org.gradle.internal.dispatch.MethodInvocation.invokeOn(MethodInvocation.java:77)
  at org.gradle.internal.dispatch.ReflectionDispatch.dispatch(ReflectionDispatch.java:28)
  at org.gradle.internal.dispatch.ReflectionDispatch.dispatch(ReflectionDispatch.java:19)
  at org.gradle.internal.dispatch.ContextClassLoaderDispatch.dispatch(ContextClassLoaderDispatch.java:33)
  at org.gradle.internal.dispatch.ProxyDispatchAdapter$DispatchingInvocationHandler.invoke(ProxyDispatchAdapter.java:88)
  at jdk.proxy1/jdk.proxy1.$Proxy4.processTestDefinition(Unknown Source)
  at org.gradle.api.internal.tasks.testing.worker.TestWorker$2.run(TestWorker.java:178)
  at org.gradle.api.internal.tasks.testing.worker.TestWorker.executeAndMaintainThreadName(TestWorker.java:126)
  at org.gradle.api.internal.tasks.testing.worker.TestWorker.execute(TestWorker.java:103)
  at org.gradle.api.internal.tasks.testing.worker.TestWorker.execute(TestWorker.java:63)
  at org.gradle.process.internal.worker.child.ActionExecutionWorker.execute(ActionExecutionWorker.java:56)
  at org.gradle.process.internal.worker.child.SystemApplicationClassLoaderWorker.call(SystemApplicationClassLoaderWorker.java:122)
  at org.gradle.process.internal.worker.child.SystemApplicationClassLoaderWorker.call(SystemApplicationClassLoaderWorker.java:72)
  at worker.org.gradle.process.internal.worker.GradleWorkerMain.run(GradleWorkerMain.java:69)
  at worker.org.gradle.process.internal.worker.GradleWorkerMain.main(GradleWorkerMain.java:74)
</stacktrace>
</test-failure>


TypeScriptCompilerTests_M[jvm] > multipleClassPropertyModifiersErrors_ts has expected errors matching multipleClassPropertyModifiersErrors_errors_txt[jvm] FAILED

<test-failure test="com.xemantic.typescript.compiler.TypeScriptCompilerTests_M.moduleResolutionNoTsCJS_ts has expected errors matching moduleResolutionNoTsCJS_errors_txt" platform="jvm">
<message>
Expected diagnostics from baseline typescript-repo/tests/baselines/reference/moduleResolutionNoTsCJS.errors.txt but none produced
</message>
<stacktrace>
  at com.xemantic.typescript.compiler.TypeScriptTestSupportKt.errorsMatchBaseline(TypeScriptTestSupport.kt:125)
  at com.xemantic.typescript.compiler.TypeScriptCompilerTests_M.moduleResolutionNoTsCJS_ts has expected errors matching moduleResolutionNoTsCJS_errors_txt(TypeScriptCompilerTests_M.kt:2989)
  at java.base/jdk.internal.reflect.DirectMethodHandleAccessor.invoke(DirectMethodHandleAccessor.java:104)
  at java.base/java.lang.reflect.Method.invoke(Method.java:565)
  at org.junit.runners.model.FrameworkMethod$1.runReflectiveCall(FrameworkMethod.java:59)
  at org.junit.internal.runners.model.ReflectiveCallable.run(ReflectiveCallable.java:12)
  at org.junit.runners.model.FrameworkMethod.invokeExplosively(FrameworkMethod.java:56)
  at org.junit.internal.runners.statements.InvokeMethod.evaluate(InvokeMethod.java:17)
  at org.junit.runners.ParentRunner$3.evaluate(ParentRunner.java:306)
  at org.junit.runners.BlockJUnit4ClassRunner$1.evaluate(BlockJUnit4ClassRunner.java:100)
  at org.junit.runners.ParentRunner.runLeaf(ParentRunner.java:366)
  at org.junit.runners.BlockJUnit4ClassRunner.runChild(BlockJUnit4ClassRunner.java:103)
  at org.junit.runners.BlockJUnit4ClassRunner.runChild(BlockJUnit4ClassRunner.java:63)
  at org.junit.runners.ParentRunner$4.run(ParentRunner.java:331)
  at org.junit.runners.ParentRunner$1.schedule(ParentRunner.java:79)
  at org.junit.runners.ParentRunner.runChildren(ParentRunner.java:329)
  at org.junit.runners.ParentRunner.access$100(ParentRunner.java:66)
  at org.junit.runners.ParentRunner$2.evaluate(ParentRunner.java:293)
  at org.junit.runners.ParentRunner$3.evaluate(ParentRunner.java:306)
  at org.junit.runners.ParentRunner.run(ParentRunner.java:413)
  at org.junit.runner.JUnitCore.run(JUnitCore.java:137)
  at org.junit.runner.JUnitCore.run(JUnitCore.java:115)
  at org.gradle.api.internal.tasks.testing.junit.JUnitTestExecutor.runRequest(JUnitTestExecutor.java:175)
  at org.gradle.api.internal.tasks.testing.junit.JUnitTestExecutor.accept(JUnitTestExecutor.java:84)
  at org.gradle.api.internal.tasks.testing.junit.JUnitTestExecutor.accept(JUnitTestExecutor.java:47)
  at org.gradle.api.internal.tasks.testing.junit.AbstractJUnitTestDefinitionProcessor.processTestDefinition(AbstractJUnitTestDefinitionProcessor.java:65)
  at org.gradle.api.internal.tasks.testing.SuiteTestDefinitionProcessor.processTestDefinition(SuiteTestDefinitionProcessor.java:54)
  at java.base/jdk.internal.reflect.DirectMethodHandleAccessor.invoke(DirectMethodHandleAccessor.java:104)
  at java.base/java.lang.reflect.Method.invoke(Method.java:565)
  at org.gradle.internal.dispatch.MethodInvocation.invokeOn(MethodInvocation.java:77)
  at org.gradle.internal.dispatch.ReflectionDispatch.dispatch(ReflectionDispatch.java:28)
  at org.gradle.internal.dispatch.ReflectionDispatch.dispatch(ReflectionDispatch.java:19)
  at org.gradle.internal.dispatch.ContextClassLoaderDispatch.dispatch(ContextClassLoaderDispatch.java:33)
  at org.gradle.internal.dispatch.ProxyDispatchAdapter$DispatchingInvocationHandler.invoke(ProxyDispatchAdapter.java:88)
  at jdk.proxy1/jdk.proxy1.$Proxy4.processTestDefinition(Unknown Source)
  at org.gradle.api.internal.tasks.testing.worker.TestWorker$2.run(TestWorker.java:178)
  at org.gradle.api.internal.tasks.testing.worker.TestWorker.executeAndMaintainThreadName(TestWorker.java:126)
  at org.gradle.api.internal.tasks.testing.worker.TestWorker.execute(TestWorker.java:103)
  at org.gradle.api.internal.tasks.testing.worker.TestWorker.execute(TestWorker.java:63)
  at org.gradle.process.internal.worker.child.ActionExecutionWorker.execute(ActionExecutionWorker.java:56)
  at org.gradle.process.internal.worker.child.SystemApplicationClassLoaderWorker.call(SystemApplicationClassLoaderWorker.java:122)
  at org.gradle.process.internal.worker.child.SystemApplicationClassLoaderWorker.call(SystemApplicationClassLoaderWorker.java:72)
  at worker.org.gradle.process.internal.worker.GradleWorkerMain.run(GradleWorkerMain.java:69)
  at worker.org.gradle.process.internal.worker.GradleWorkerMain.main(GradleWorkerMain.java:74)
</stacktrace>
</test-failure>


TypeScriptCompilerTests_M[jvm] > moduleResolutionNoTsCJS_ts has expected errors matching moduleResolutionNoTsCJS_errors_txt[jvm] FAILED

<test-failure test="com.xemantic.typescript.compiler.TypeScriptCompilerTests_M.moduleResolution_relativeImportJsFile_noImplicitAny_ts has expected errors matching moduleResolution_relativeImportJsFile_noImplicitAny_errors_txt" platform="jvm">
<message>
--- expected
+++ actual
@@ -1,10 +1,11 @@
-/src/a.ts(1,20): error TS7016: Could not find a declaration file for module './b'. '/src/b.js' implicitly has an 'any' type.
+error TS5055: Cannot write file '/src/b.js' because it would overwrite input file.
+  Adding a tsconfig.json file will help organize projects that contain both TypeScript and JavaScript files. Learn more at https://aka.ms/tsconfig.
 
 
-==== /src/a.ts (1 errors) ====
+!!! error TS5055: Cannot write file '/src/b.js' because it would overwrite input file.
+!!! error TS5055:   Adding a tsconfig.json file will help organize projects that contain both TypeScript and JavaScript files. Learn more at https://aka.ms/tsconfig.
+==== /src/a.ts (0 errors) ====
     import * as b from "./b";
-                       ~~~~~
-!!! error TS7016: Could not find a declaration file for module './b'. '/src/b.js' implicitly has an 'any' type.
     
 ==== /src/b.js (0 errors) ====
     export const x = 0;

</message>
<stacktrace>
  at org.junit.Assert.fail(Assert.java:89)
  at kotlin.test.junit.JUnitAsserter.fail(JUnitSupport.kt:56)
  at kotlin.test.AssertionsKt__AssertionsKt.fail(Assertions.kt:563)
  at kotlin.test.AssertionsKt.fail(Unknown Source)
  at com.xemantic.kotlin.test.SameAsKt.sameAs(SameAs.kt:52)
  at com.xemantic.typescript.compiler.TypeScriptTestSupportKt.errorsMatchBaseline(TypeScriptTestSupport.kt:135)
  at com.xemantic.typescript.compiler.TypeScriptCompilerTests_M.moduleResolution_relativeImportJsFile_noImplicitAny_ts has expected errors matching moduleResolution_relativeImportJsFile_noImplicitAny_errors_txt(TypeScriptCompilerTests_M.kt:3570)
  at java.base/jdk.internal.reflect.DirectMethodHandleAccessor.invoke(DirectMethodHandleAccessor.java:104)
  at java.base/java.lang.reflect.Method.invoke(Method.java:565)
  at org.junit.runners.model.FrameworkMethod$1.runReflectiveCall(FrameworkMethod.java:59)
  at org.junit.internal.runners.model.ReflectiveCallable.run(ReflectiveCallable.java:12)
  at org.junit.runners.model.FrameworkMethod.invokeExplosively(FrameworkMethod.java:56)
  at org.junit.internal.runners.statements.InvokeMethod.evaluate(InvokeMethod.java:17)
  at org.junit.runners.ParentRunner$3.evaluate(ParentRunner.java:306)
  at org.junit.runners.BlockJUnit4ClassRunner$1.evaluate(BlockJUnit4ClassRunner.java:100)
  at org.junit.runners.ParentRunner.runLeaf(ParentRunner.java:366)
  at org.junit.runners.BlockJUnit4ClassRunner.runChild(BlockJUnit4ClassRunner.java:103)
  at org.junit.runners.BlockJUnit4ClassRunner.runChild(BlockJUnit4ClassRunner.java:63)
  at org.junit.runners.ParentRunner$4.run(ParentRunner.java:331)
  at org.junit.runners.ParentRunner$1.schedule(ParentRunner.java:79)
  at org.junit.runners.ParentRunner.runChildren(ParentRunner.java:329)
  at org.junit.runners.ParentRunner.access$100(ParentRunner.java:66)
  at org.junit.runners.ParentRunner$2.evaluate(ParentRunner.java:293)
  at org.junit.runners.ParentRunner$3.evaluate(ParentRunner.java:306)
  at org.junit.runners.ParentRunner.run(ParentRunner.java:413)
  at org.junit.runner.JUnitCore.run(JUnitCore.java:137)
  at org.junit.runner.JUnitCore.run(JUnitCore.java:115)
  at org.gradle.api.internal.tasks.testing.junit.JUnitTestExecutor.runRequest(JUnitTestExecutor.java:175)
  at org.gradle.api.internal.tasks.testing.junit.JUnitTestExecutor.accept(JUnitTestExecutor.java:84)
  at org.gradle.api.internal.tasks.testing.junit.JUnitTestExecutor.accept(JUnitTestExecutor.java:47)
  at org.gradle.api.internal.tasks.testing.junit.AbstractJUnitTestDefinitionProcessor.processTestDefinition(AbstractJUnitTestDefinitionProcessor.java:65)
  at org.gradle.api.internal.tasks.testing.SuiteTestDefinitionProcessor.processTestDefinition(SuiteTestDefinitionProcessor.java:54)
  at java.base/jdk.internal.reflect.DirectMethodHandleAccessor.invoke(DirectMethodHandleAccessor.java:104)
  at java.base/java.lang.reflect.Method.invoke(Method.java:565)
  at org.gradle.internal.dispatch.MethodInvocation.invokeOn(MethodInvocation.java:77)
  at org.gradle.internal.dispatch.ReflectionDispatch.dispatch(ReflectionDispatch.java:28)
  at org.gradle.internal.dispatch.ReflectionDispatch.dispatch(ReflectionDispatch.java:19)
  at org.gradle.internal.dispatch.ContextClassLoaderDispatch.dispatch(ContextClassLoaderDispatch.java:33)
  at org.gradle.internal.dispatch.ProxyDispatchAdapter$DispatchingInvocationHandler.invoke(ProxyDispatchAdapter.java:88)
  at jdk.proxy1/jdk.proxy1.$Proxy4.processTestDefinition(Unknown Source)
  at org.gradle.api.internal.tasks.testing.worker.TestWorker$2.run(TestWorker.java:178)
  at org.gradle.api.internal.tasks.testing.worker.TestWorker.executeAndMaintainThreadName(TestWorker.java:126)
  at org.gradle.api.internal.tasks.testing.worker.TestWorker.execute(TestWorker.java:103)
  at org.gradle.api.internal.tasks.testing.worker.TestWorker.execute(TestWorker.java:63)
  at org.gradle.process.internal.worker.child.ActionExecutionWorker.execute(ActionExecutionWorker.java:56)
  at org.gradle.process.internal.worker.child.SystemApplicationClassLoaderWorker.call(SystemApplicationClassLoaderWorker.java:122)
  at org.gradle.process.internal.worker.child.SystemApplicationClassLoaderWorker.call(SystemApplicationClassLoaderWorker.java:72)
  at worker.org.gradle.process.internal.worker.GradleWorkerMain.run(GradleWorkerMain.java:69)
  at worker.org.gradle.process.internal.worker.GradleWorkerMain.main(GradleWorkerMain.java:74)
</stacktrace>
</test-failure>


TypeScriptCompilerTests_M[jvm] > moduleResolution_relativeImportJsFile_noImplicitAny_ts has expected errors matching moduleResolution_relativeImportJsFile_noImplicitAny_errors_txt[jvm] FAILED

<test-failure test="com.xemantic.typescript.compiler.TypeScriptCompilerTests_M.moduleAugmentationDisallowedExtensions_ts has expected errors matching moduleAugmentationDisallowedExtensions_errors_txt" platform="jvm">
<message>
Expected diagnostics from baseline typescript-repo/tests/baselines/reference/moduleAugmentationDisallowedExtensions.errors.txt but none produced
</message>
<stacktrace>
  at com.xemantic.typescript.compiler.TypeScriptTestSupportKt.errorsMatchBaseline(TypeScriptTestSupport.kt:125)
  at com.xemantic.typescript.compiler.TypeScriptCompilerTests_M.moduleAugmentationDisallowedExtensions_ts has expected errors matching moduleAugmentationDisallowedExtensions_errors_txt(TypeScriptCompilerTests_M.kt:1820)
  at java.base/jdk.internal.reflect.DirectMethodHandleAccessor.invoke(DirectMethodHandleAccessor.java:104)
  at java.base/java.lang.reflect.Method.invoke(Method.java:565)
  at org.junit.runners.model.FrameworkMethod$1.runReflectiveCall(FrameworkMethod.java:59)
  at org.junit.internal.runners.model.ReflectiveCallable.run(ReflectiveCallable.java:12)
  at org.junit.runners.model.FrameworkMethod.invokeExplosively(FrameworkMethod.java:56)
  at org.junit.internal.runners.statements.InvokeMethod.evaluate(InvokeMethod.java:17)
  at org.junit.runners.ParentRunner$3.evaluate(ParentRunner.java:306)
  at org.junit.runners.BlockJUnit4ClassRunner$1.evaluate(BlockJUnit4ClassRunner.java:100)
  at org.junit.runners.ParentRunner.runLeaf(ParentRunner.java:366)
  at org.junit.runners.BlockJUnit4ClassRunner.runChild(BlockJUnit4ClassRunner.java:103)
  at org.junit.runners.BlockJUnit4ClassRunner.runChild(BlockJUnit4ClassRunner.java:63)
  at org.junit.runners.ParentRunner$4.run(ParentRunner.java:331)
  at org.junit.runners.ParentRunner$1.schedule(ParentRunner.java:79)
  at org.junit.runners.ParentRunner.runChildren(ParentRunner.java:329)
  at org.junit.runners.ParentRunner.access$100(ParentRunner.java:66)
  at org.junit.runners.ParentRunner$2.evaluate(ParentRunner.java:293)
  at org.junit.runners.ParentRunner$3.evaluate(ParentRunner.java:306)
  at org.junit.runners.ParentRunner.run(ParentRunner.java:413)
  at org.junit.runner.JUnitCore.run(JUnitCore.java:137)
  at org.junit.runner.JUnitCore.run(JUnitCore.java:115)
  at org.gradle.api.internal.tasks.testing.junit.JUnitTestExecutor.runRequest(JUnitTestExecutor.java:175)
  at org.gradle.api.internal.tasks.testing.junit.JUnitTestExecutor.accept(JUnitTestExecutor.java:84)
  at org.gradle.api.internal.tasks.testing.junit.JUnitTestExecutor.accept(JUnitTestExecutor.java:47)
  at org.gradle.api.internal.tasks.testing.junit.AbstractJUnitTestDefinitionProcessor.processTestDefinition(AbstractJUnitTestDefinitionProcessor.java:65)
  at org.gradle.api.internal.tasks.testing.SuiteTestDefinitionProcessor.processTestDefinition(SuiteTestDefinitionProcessor.java:54)
  at java.base/jdk.internal.reflect.DirectMethodHandleAccessor.invoke(DirectMethodHandleAccessor.java:104)
  at java.base/java.lang.reflect.Method.invoke(Method.java:565)
  at org.gradle.internal.dispatch.MethodInvocation.invokeOn(MethodInvocation.java:77)
  at org.gradle.internal.dispatch.ReflectionDispatch.dispatch(ReflectionDispatch.java:28)
  at org.gradle.internal.dispatch.ReflectionDispatch.dispatch(ReflectionDispatch.java:19)
  at org.gradle.internal.dispatch.ContextClassLoaderDispatch.dispatch(ContextClassLoaderDispatch.java:33)
  at org.gradle.internal.dispatch.ProxyDispatchAdapter$DispatchingInvocationHandler.invoke(ProxyDispatchAdapter.java:88)
  at jdk.proxy1/jdk.proxy1.$Proxy4.processTestDefinition(Unknown Source)
  at org.gradle.api.internal.tasks.testing.worker.TestWorker$2.run(TestWorker.java:178)
  at org.gradle.api.internal.tasks.testing.worker.TestWorker.executeAndMaintainThreadName(TestWorker.java:126)
  at org.gradle.api.internal.tasks.testing.worker.TestWorker.execute(TestWorker.java:103)
  at org.gradle.api.internal.tasks.testing.worker.TestWorker.execute(TestWorker.java:63)
  at org.gradle.process.internal.worker.child.ActionExecutionWorker.execute(ActionExecutionWorker.java:56)
  at org.gradle.process.internal.worker.child.SystemApplicationClassLoaderWorker.call(SystemApplicationClassLoaderWorker.java:122)
  at org.gradle.process.internal.worker.child.SystemApplicationClassLoaderWorker.call(SystemApplicationClassLoaderWorker.java:72)
  at worker.org.gradle.process.internal.worker.GradleWorkerMain.run(GradleWorkerMain.java:69)
  at worker.org.gradle.process.internal.worker.GradleWorkerMain.main(GradleWorkerMain.java:74)
</stacktrace>
</test-failure>


TypeScriptCompilerTests_M[jvm] > moduleAugmentationDisallowedExtensions_ts has expected errors matching moduleAugmentationDisallowedExtensions_errors_txt[jvm] FAILED

<test-failure test="com.xemantic.typescript.compiler.TypeScriptCompilerTests_M.moduleAugmentationGlobal8_1_ts__target_es2015__has expected errors matching baseline" platform="jvm">
<message>
Expected diagnostics from baseline typescript-repo/tests/baselines/reference/moduleAugmentationGlobal8_1(target=es2015).errors.txt but none produced
</message>
<stacktrace>
  at com.xemantic.typescript.compiler.TypeScriptTestSupportKt.errorsMatchBaseline(TypeScriptTestSupport.kt:125)
  at com.xemantic.typescript.compiler.TypeScriptCompilerTests_M.moduleAugmentationGlobal8_1_ts__target_es2015__has expected errors matching baseline(TypeScriptCompilerTests_M.kt:2058)
  at java.base/jdk.internal.reflect.DirectMethodHandleAccessor.invoke(DirectMethodHandleAccessor.java:104)
  at java.base/java.lang.reflect.Method.invoke(Method.java:565)
  at org.junit.runners.model.FrameworkMethod$1.runReflectiveCall(FrameworkMethod.java:59)
  at org.junit.internal.runners.model.ReflectiveCallable.run(ReflectiveCallable.java:12)
  at org.junit.runners.model.FrameworkMethod.invokeExplosively(FrameworkMethod.java:56)
  at org.junit.internal.runners.statements.InvokeMethod.evaluate(InvokeMethod.java:17)
  at org.junit.runners.ParentRunner$3.evaluate(ParentRunner.java:306)
  at org.junit.runners.BlockJUnit4ClassRunner$1.evaluate(BlockJUnit4ClassRunner.java:100)
  at org.junit.runners.ParentRunner.runLeaf(ParentRunner.java:366)
  at org.junit.runners.BlockJUnit4ClassRunner.runChild(BlockJUnit4ClassRunner.java:103)
  at org.junit.runners.BlockJUnit4ClassRunner.runChild(BlockJUnit4ClassRunner.java:63)
  at org.junit.runners.ParentRunner$4.run(ParentRunner.java:331)
  at org.junit.runners.ParentRunner$1.schedule(ParentRunner.java:79)
  at org.junit.runners.ParentRunner.runChildren(ParentRunner.java:329)
  at org.junit.runners.ParentRunner.access$100(ParentRunner.java:66)
  at org.junit.runners.ParentRunner$2.evaluate(ParentRunner.java:293)
  at org.junit.runners.ParentRunner$3.evaluate(ParentRunner.java:306)
  at org.junit.runners.ParentRunner.run(ParentRunner.java:413)
  at org.junit.runner.JUnitCore.run(JUnitCore.java:137)
  at org.junit.runner.JUnitCore.run(JUnitCore.java:115)
  at org.gradle.api.internal.tasks.testing.junit.JUnitTestExecutor.runRequest(JUnitTestExecutor.java:175)
  at org.gradle.api.internal.tasks.testing.junit.JUnitTestExecutor.accept(JUnitTestExecutor.java:84)
  at org.gradle.api.internal.tasks.testing.junit.JUnitTestExecutor.accept(JUnitTestExecutor.java:47)
  at org.gradle.api.internal.tasks.testing.junit.AbstractJUnitTestDefinitionProcessor.processTestDefinition(AbstractJUnitTestDefinitionProcessor.java:65)
  at org.gradle.api.internal.tasks.testing.SuiteTestDefinitionProcessor.processTestDefinition(SuiteTestDefinitionProcessor.java:54)
  at java.base/jdk.internal.reflect.DirectMethodHandleAccessor.invoke(DirectMethodHandleAccessor.java:104)
  at java.base/java.lang.reflect.Method.invoke(Method.java:565)
  at org.gradle.internal.dispatch.MethodInvocation.invokeOn(MethodInvocation.java:77)
  at org.gradle.internal.dispatch.ReflectionDispatch.dispatch(ReflectionDispatch.java:28)
  at org.gradle.internal.dispatch.ReflectionDispatch.dispatch(ReflectionDispatch.java:19)
  at org.gradle.internal.dispatch.ContextClassLoaderDispatch.dispatch(ContextClassLoaderDispatch.java:33)
  at org.gradle.internal.dispatch.ProxyDispatchAdapter$DispatchingInvocationHandler.invoke(ProxyDispatchAdapter.java:88)
  at jdk.proxy1/jdk.proxy1.$Proxy4.processTestDefinition(Unknown Source)
  at org.gradle.api.internal.tasks.testing.worker.TestWorker$2.run(TestWorker.java:178)
  at org.gradle.api.internal.tasks.testing.worker.TestWorker.executeAndMaintainThreadName(TestWorker.java:126)
  at org.gradle.api.internal.tasks.testing.worker.TestWorker.execute(TestWorker.java:103)
  at org.gradle.api.internal.tasks.testing.worker.TestWorker.execute(TestWorker.java:63)
  at org.gradle.process.internal.worker.child.ActionExecutionWorker.execute(ActionExecutionWorker.java:56)
  at org.gradle.process.internal.worker.child.SystemApplicationClassLoaderWorker.call(SystemApplicationClassLoaderWorker.java:122)
  at org.gradle.process.internal.worker.child.SystemApplicationClassLoaderWorker.call(SystemApplicationClassLoaderWorker.java:72)
  at worker.org.gradle.process.internal.worker.GradleWorkerMain.run(GradleWorkerMain.java:69)
  at worker.org.gradle.process.internal.worker.GradleWorkerMain.main(GradleWorkerMain.java:74)
</stacktrace>
</test-failure>


TypeScriptCompilerTests_M[jvm] > moduleAugmentationGlobal8_1_ts__target_es2015__has expected errors matching baseline[jvm] FAILED

<test-failure test="com.xemantic.typescript.compiler.TypeScriptCompilerTests_M.mergedDeclarations3_ts has expected errors matching mergedDeclarations3_errors_txt" platform="jvm">
<message>
Expected diagnostics from baseline typescript-repo/tests/baselines/reference/mergedDeclarations3.errors.txt but none produced
</message>
<stacktrace>
  at com.xemantic.typescript.compiler.TypeScriptTestSupportKt.errorsMatchBaseline(TypeScriptTestSupport.kt:125)
  at com.xemantic.typescript.compiler.TypeScriptCompilerTests_M.mergedDeclarations3_ts has expected errors matching mergedDeclarations3_errors_txt(TypeScriptCompilerTests_M.kt:630)
  at java.base/jdk.internal.reflect.DirectMethodHandleAccessor.invoke(DirectMethodHandleAccessor.java:104)
  at java.base/java.lang.reflect.Method.invoke(Method.java:565)
  at org.junit.runners.model.FrameworkMethod$1.runReflectiveCall(FrameworkMethod.java:59)
  at org.junit.internal.runners.model.ReflectiveCallable.run(ReflectiveCallable.java:12)
  at org.junit.runners.model.FrameworkMethod.invokeExplosively(FrameworkMethod.java:56)
  at org.junit.internal.runners.statements.InvokeMethod.evaluate(InvokeMethod.java:17)
  at org.junit.runners.ParentRunner$3.evaluate(ParentRunner.java:306)
  at org.junit.runners.BlockJUnit4ClassRunner$1.evaluate(BlockJUnit4ClassRunner.java:100)
  at org.junit.runners.ParentRunner.runLeaf(ParentRunner.java:366)
  at org.junit.runners.BlockJUnit4ClassRunner.runChild(BlockJUnit4ClassRunner.java:103)
  at org.junit.runners.BlockJUnit4ClassRunner.runChild(BlockJUnit4ClassRunner.java:63)
  at org.junit.runners.ParentRunner$4.run(ParentRunner.java:331)
  at org.junit.runners.ParentRunner$1.schedule(ParentRunner.java:79)
  at org.junit.runners.ParentRunner.runChildren(ParentRunner.java:329)
  at org.junit.runners.ParentRunner.access$100(ParentRunner.java:66)
  at org.junit.runners.ParentRunner$2.evaluate(ParentRunner.java:293)
  at org.junit.runners.ParentRunner$3.evaluate(ParentRunner.java:306)
  at org.junit.runners.ParentRunner.run(ParentRunner.java:413)
  at org.junit.runner.JUnitCore.run(JUnitCore.java:137)
  at org.junit.runner.JUnitCore.run(JUnitCore.java:115)
  at org.gradle.api.internal.tasks.testing.junit.JUnitTestExecutor.runRequest(JUnitTestExecutor.java:175)
  at org.gradle.api.internal.tasks.testing.junit.JUnitTestExecutor.accept(JUnitTestExecutor.java:84)
  at org.gradle.api.internal.tasks.testing.junit.JUnitTestExecutor.accept(JUnitTestExecutor.java:47)
  at org.gradle.api.internal.tasks.testing.junit.AbstractJUnitTestDefinitionProcessor.processTestDefinition(AbstractJUnitTestDefinitionProcessor.java:65)
  at org.gradle.api.internal.tasks.testing.SuiteTestDefinitionProcessor.processTestDefinition(SuiteTestDefinitionProcessor.java:54)
  at java.base/jdk.internal.reflect.DirectMethodHandleAccessor.invoke(DirectMethodHandleAccessor.java:104)
  at java.base/java.lang.reflect.Method.invoke(Method.java:565)
  at org.gradle.internal.dispatch.MethodInvocation.invokeOn(MethodInvocation.java:77)
  at org.gradle.internal.dispatch.ReflectionDispatch.dispatch(ReflectionDispatch.java:28)
  at org.gradle.internal.dispatch.ReflectionDispatch.dispatch(ReflectionDispatch.java:19)
  at org.gradle.internal.dispatch.ContextClassLoaderDispatch.dispatch(ContextClassLoaderDispatch.java:33)
  at org.gradle.internal.dispatch.ProxyDispatchAdapter$DispatchingInvocationHandler.invoke(ProxyDispatchAdapter.java:88)
  at jdk.proxy1/jdk.proxy1.$Proxy4.processTestDefinition(Unknown Source)
  at org.gradle.api.internal.tasks.testing.worker.TestWorker$2.run(TestWorker.java:178)
  at org.gradle.api.internal.tasks.testing.worker.TestWorker.executeAndMaintainThreadName(TestWorker.java:126)
  at org.gradle.api.internal.tasks.testing.worker.TestWorker.execute(TestWorker.java:103)
  at org.gradle.api.internal.tasks.testing.worker.TestWorker.execute(TestWorker.java:63)
  at org.gradle.process.internal.worker.child.ActionExecutionWorker.execute(ActionExecutionWorker.java:56)
  at org.gradle.process.internal.worker.child.SystemApplicationClassLoaderWorker.call(SystemApplicationClassLoaderWorker.java:122)
  at org.gradle.process.internal.worker.child.SystemApplicationClassLoaderWorker.call(SystemApplicationClassLoaderWorker.java:72)
  at worker.org.gradle.process.internal.worker.GradleWorkerMain.run(GradleWorkerMain.java:69)
  at worker.org.gradle.process.internal.worker.GradleWorkerMain.main(GradleWorkerMain.java:74)
</stacktrace>
</test-failure>


TypeScriptCompilerTests_M[jvm] > mergedDeclarations3_ts has expected errors matching mergedDeclarations3_errors_txt[jvm] FAILED

<test-failure test="com.xemantic.typescript.compiler.TypeScriptCompilerTests_M.modularizeLibrary_ErrorFromUsingES6ArrayWithOnlyES6ArrayLib_ts__target_es5__has expected errors matching baseline" platform="jvm">
<message>
--- expected
+++ actual
@@ -1,26 +1,11 @@
-error TS2318: Cannot find global type 'Boolean'.
-error TS2318: Cannot find global type 'CallableFunction'.
-error TS2318: Cannot find global type 'IArguments'.
-error TS2318: Cannot find global type 'NewableFunction'.
-error TS2318: Cannot find global type 'Number'.
-error TS2318: Cannot find global type 'Object'.
 error TS5107: Option 'target=ES5' is deprecated and will stop functioning in TypeScript 7.0. Specify compilerOption '"ignoreDeprecations": "6.0"' to silence this error.
-modularizeLibrary_ErrorFromUsingES6ArrayWithOnlyES6ArrayLib.ts(3,12): error TS2693: 'Array' only refers to a type, but is being used as a value here.
 
 
-!!! error TS2318: Cannot find global type 'Boolean'.
-!!! error TS2318: Cannot find global type 'CallableFunction'.
-!!! error TS2318: Cannot find global type 'IArguments'.
-!!! error TS2318: Cannot find global type 'NewableFunction'.
-!!! error TS2318: Cannot find global type 'Number'.
-!!! error TS2318: Cannot find global type 'Object'.
 !!! error TS5107: Option 'target=ES5' is deprecated and will stop functioning in TypeScript 7.0. Specify compilerOption '"ignoreDeprecations": "6.0"' to silence this error.
-==== modularizeLibrary_ErrorFromUsingES6ArrayWithOnlyES6ArrayLib.ts (1 errors) ====
+==== modularizeLibrary_ErrorFromUsingES6ArrayWithOnlyES6ArrayLib.ts (0 errors) ====
     // Error missing basic JavaScript objects
     function f(x: number, y: number, z: number) {
         return Array.from(arguments);
-               ~~~~~
-!!! error TS2693: 'Array' only refers to a type, but is being used as a value here.
     }
     
     f(1, 2, 3);

</message>
<stacktrace>
  at org.junit.Assert.fail(Assert.java:89)
  at kotlin.test.junit.JUnitAsserter.fail(JUnitSupport.kt:56)
  at kotlin.test.AssertionsKt__AssertionsKt.fail(Assertions.kt:563)
  at kotlin.test.AssertionsKt.fail(Unknown Source)
  at com.xemantic.kotlin.test.SameAsKt.sameAs(SameAs.kt:52)
  at com.xemantic.typescript.compiler.TypeScriptTestSupportKt.errorsMatchBaseline(TypeScriptTestSupport.kt:135)
  at com.xemantic.typescript.compiler.TypeScriptCompilerTests_M.modularizeLibrary_ErrorFromUsingES6ArrayWithOnlyES6ArrayLib_ts__target_es5__has expected errors matching baseline(TypeScriptCompilerTests_M.kt:1505)
  at java.base/jdk.internal.reflect.DirectMethodHandleAccessor.invoke(DirectMethodHandleAccessor.java:104)
  at java.base/java.lang.reflect.Method.invoke(Method.java:565)
  at org.junit.runners.model.FrameworkMethod$1.runReflectiveCall(FrameworkMethod.java:59)
  at org.junit.internal.runners.model.ReflectiveCallable.run(ReflectiveCallable.java:12)
  at org.junit.runners.model.FrameworkMethod.invokeExplosively(FrameworkMethod.java:56)
  at org.junit.internal.runners.statements.InvokeMethod.evaluate(InvokeMethod.java:17)
  at org.junit.runners.ParentRunner$3.evaluate(ParentRunner.java:306)
  at org.junit.runners.BlockJUnit4ClassRunner$1.evaluate(BlockJUnit4ClassRunner.java:100)
  at org.junit.runners.ParentRunner.runLeaf(ParentRunner.java:366)
  at org.junit.runners.BlockJUnit4ClassRunner.runChild(BlockJUnit4ClassRunner.java:103)
  at org.junit.runners.BlockJUnit4ClassRunner.runChild(BlockJUnit4ClassRunner.java:63)
  at org.junit.runners.ParentRunner$4.run(ParentRunner.java:331)
  at org.junit.runners.ParentRunner$1.schedule(ParentRunner.java:79)
  at org.junit.runners.ParentRunner.runChildren(ParentRunner.java:329)
  at org.junit.runners.ParentRunner.access$100(ParentRunner.java:66)
  at org.junit.runners.ParentRunner$2.evaluate(ParentRunner.java:293)
  at org.junit.runners.ParentRunner$3.evaluate(ParentRunner.java:306)
  at org.junit.runners.ParentRunner.run(ParentRunner.java:413)
  at org.junit.runner.JUnitCore.run(JUnitCore.java:137)
  at org.junit.runner.JUnitCore.run(JUnitCore.java:115)
  at org.gradle.api.internal.tasks.testing.junit.JUnitTestExecutor.runRequest(JUnitTestExecutor.java:175)
  at org.gradle.api.internal.tasks.testing.junit.JUnitTestExecutor.accept(JUnitTestExecutor.java:84)
  at org.gradle.api.internal.tasks.testing.junit.JUnitTestExecutor.accept(JUnitTestExecutor.java:47)
  at org.gradle.api.internal.tasks.testing.junit.AbstractJUnitTestDefinitionProcessor.processTestDefinition(AbstractJUnitTestDefinitionProcessor.java:65)
  at org.gradle.api.internal.tasks.testing.SuiteTestDefinitionProcessor.processTestDefinition(SuiteTestDefinitionProcessor.java:54)
  at java.base/jdk.internal.reflect.DirectMethodHandleAccessor.invoke(DirectMethodHandleAccessor.java:104)
  at java.base/java.lang.reflect.Method.invoke(Method.java:565)
  at org.gradle.internal.dispatch.MethodInvocation.invokeOn(MethodInvocation.java:77)
  at org.gradle.internal.dispatch.ReflectionDispatch.dispatch(ReflectionDispatch.java:28)
  at org.gradle.internal.dispatch.ReflectionDispatch.dispatch(ReflectionDispatch.java:19)
  at org.gradle.internal.dispatch.ContextClassLoaderDispatch.dispatch(ContextClassLoaderDispatch.java:33)
  at org.gradle.internal.dispatch.ProxyDispatchAdapter$DispatchingInvocationHandler.invoke(ProxyDispatchAdapter.java:88)
  at jdk.proxy1/jdk.proxy1.$Proxy4.processTestDefinition(Unknown Source)
  at org.gradle.api.internal.tasks.testing.worker.TestWorker$2.run(TestWorker.java:178)
  at org.gradle.api.internal.tasks.testing.worker.TestWorker.executeAndMaintainThreadName(TestWorker.java:126)
  at org.gradle.api.internal.tasks.testing.worker.TestWorker.execute(TestWorker.java:103)
  at org.gradle.api.internal.tasks.testing.worker.TestWorker.execute(TestWorker.java:63)
  at org.gradle.process.internal.worker.child.ActionExecutionWorker.execute(ActionExecutionWorker.java:56)
  at org.gradle.process.internal.worker.child.SystemApplicationClassLoaderWorker.call(SystemApplicationClassLoaderWorker.java:122)
  at org.gradle.process.internal.worker.child.SystemApplicationClassLoaderWorker.call(SystemApplicationClassLoaderWorker.java:72)
  at worker.org.gradle.process.internal.worker.GradleWorkerMain.run(GradleWorkerMain.java:69)
  at worker.org.gradle.process.internal.worker.GradleWorkerMain.main(GradleWorkerMain.java:74)
</stacktrace>
</test-failure>


TypeScriptCompilerTests_M[jvm] > modularizeLibrary_ErrorFromUsingES6ArrayWithOnlyES6ArrayLib_ts__target_es5__has expected errors matching baseline[jvm] FAILED

<test-failure test="com.xemantic.typescript.compiler.TypeScriptCompilerTests_M.metadataImportType_ts has expected errors matching metadataImportType_errors_txt" platform="jvm">
<message>
Expected diagnostics from baseline typescript-repo/tests/baselines/reference/metadataImportType.errors.txt but none produced
</message>
<stacktrace>
  at com.xemantic.typescript.compiler.TypeScriptTestSupportKt.errorsMatchBaseline(TypeScriptTestSupport.kt:125)
  at com.xemantic.typescript.compiler.TypeScriptCompilerTests_M.metadataImportType_ts has expected errors matching metadataImportType_errors_txt(TypeScriptCompilerTests_M.kt:749)
  at java.base/jdk.internal.reflect.DirectMethodHandleAccessor.invoke(DirectMethodHandleAccessor.java:104)
  at java.base/java.lang.reflect.Method.invoke(Method.java:565)
  at org.junit.runners.model.FrameworkMethod$1.runReflectiveCall(FrameworkMethod.java:59)
  at org.junit.internal.runners.model.ReflectiveCallable.run(ReflectiveCallable.java:12)
  at org.junit.runners.model.FrameworkMethod.invokeExplosively(FrameworkMethod.java:56)
  at org.junit.internal.runners.statements.InvokeMethod.evaluate(InvokeMethod.java:17)
  at org.junit.runners.ParentRunner$3.evaluate(ParentRunner.java:306)
  at org.junit.runners.BlockJUnit4ClassRunner$1.evaluate(BlockJUnit4ClassRunner.java:100)
  at org.junit.runners.ParentRunner.runLeaf(ParentRunner.java:366)
  at org.junit.runners.BlockJUnit4ClassRunner.runChild(BlockJUnit4ClassRunner.java:103)
  at org.junit.runners.BlockJUnit4ClassRunner.runChild(BlockJUnit4ClassRunner.java:63)
  at org.junit.runners.ParentRunner$4.run(ParentRunner.java:331)
  at org.junit.runners.ParentRunner$1.schedule(ParentRunner.java:79)
  at org.junit.runners.ParentRunner.runChildren(ParentRunner.java:329)
  at org.junit.runners.ParentRunner.access$100(ParentRunner.java:66)
  at org.junit.runners.ParentRunner$2.evaluate(ParentRunner.java:293)
  at org.junit.runners.ParentRunner$3.evaluate(ParentRunner.java:306)
  at org.junit.runners.ParentRunner.run(ParentRunner.java:413)
  at org.junit.runner.JUnitCore.run(JUnitCore.java:137)
  at org.junit.runner.JUnitCore.run(JUnitCore.java:115)
  at org.gradle.api.internal.tasks.testing.junit.JUnitTestExecutor.runRequest(JUnitTestExecutor.java:175)
  at org.gradle.api.internal.tasks.testing.junit.JUnitTestExecutor.accept(JUnitTestExecutor.java:84)
  at org.gradle.api.internal.tasks.testing.junit.JUnitTestExecutor.accept(JUnitTestExecutor.java:47)
  at org.gradle.api.internal.tasks.testing.junit.AbstractJUnitTestDefinitionProcessor.processTestDefinition(AbstractJUnitTestDefinitionProcessor.java:65)
  at org.gradle.api.internal.tasks.testing.SuiteTestDefinitionProcessor.processTestDefinition(SuiteTestDefinitionProcessor.java:54)
  at java.base/jdk.internal.reflect.DirectMethodHandleAccessor.invoke(DirectMethodHandleAccessor.java:104)
  at java.base/java.lang.reflect.Method.invoke(Method.java:565)
  at org.gradle.internal.dispatch.MethodInvocation.invokeOn(MethodInvocation.java:77)
  at org.gradle.internal.dispatch.ReflectionDispatch.dispatch(ReflectionDispatch.java:28)
  at org.gradle.internal.dispatch.ReflectionDispatch.dispatch(ReflectionDispatch.java:19)
  at org.gradle.internal.dispatch.ContextClassLoaderDispatch.dispatch(ContextClassLoaderDispatch.java:33)
  at org.gradle.internal.dispatch.ProxyDispatchAdapter$DispatchingInvocationHandler.invoke(ProxyDispatchAdapter.java:88)
  at jdk.proxy1/jdk.proxy1.$Proxy4.processTestDefinition(Unknown Source)
  at org.gradle.api.internal.tasks.testing.worker.TestWorker$2.run(TestWorker.java:178)
  at org.gradle.api.internal.tasks.testing.worker.TestWorker.executeAndMaintainThreadName(TestWorker.java:126)
  at org.gradle.api.internal.tasks.testing.worker.TestWorker.execute(TestWorker.java:103)
  at org.gradle.api.internal.tasks.testing.worker.TestWorker.execute(TestWorker.java:63)
  at org.gradle.process.internal.worker.child.ActionExecutionWorker.execute(ActionExecutionWorker.java:56)
  at org.gradle.process.internal.worker.child.SystemApplicationClassLoaderWorker.call(SystemApplicationClassLoaderWorker.java:122)
  at org.gradle.process.internal.worker.child.SystemApplicationClassLoaderWorker.call(SystemApplicationClassLoaderWorker.java:72)
  at worker.org.gradle.process.internal.worker.GradleWorkerMain.run(GradleWorkerMain.java:69)
  at worker.org.gradle.process.internal.worker.GradleWorkerMain.main(GradleWorkerMain.java:74)
</stacktrace>
</test-failure>


TypeScriptCompilerTests_M[jvm] > metadataImportType_ts has expected errors matching metadataImportType_errors_txt[jvm] FAILED

<test-failure test="com.xemantic.typescript.compiler.TypeScriptCompilerTests_M.moduleAugmentationsImports3_ts has expected errors matching moduleAugmentationsImports3_errors_txt" platform="jvm">
<message>
--- expected
+++ actual
@@ -1,8 +1,6 @@
 error TS5101: Option 'outFile' is deprecated and will stop functioning in TypeScript 7.0. Specify compilerOption '"ignoreDeprecations": "6.0"' to silence this error.
 error TS5107: Option 'module=AMD' is deprecated and will stop functioning in TypeScript 7.0. Specify compilerOption '"ignoreDeprecations": "6.0"' to silence this error.
 b.ts(1,17): error TS2564: Property 'x' has no initializer and is not definitely assigned in the constructor.
-e.ts(5,1): error TS2322: Type '() => undefined' is not assignable to type '() => Cls'.
-  Type 'undefined' is not assignable to type 'Cls'.
 main.ts(7,9): error TS2454: Variable 'a' is used before being assigned.
 main.ts(8,9): error TS2454: Variable 'a' is used before being assigned.
 
@@ -47,15 +45,12 @@
         }
     }
     
-==== e.ts (1 errors) ====
+==== e.ts (0 errors) ====
     /// <reference path="c.d.ts" preserve="true"/>
     import {A} from "./a";
     import {Cls} from "C";
     
     A.prototype.getCls = function () { return undefined; }
-    ~~~~~~~~~~~~~~~~~~
-!!! error TS2322: Type '() => undefined' is not assignable to type '() => Cls'.
-!!! error TS2322:   Type 'undefined' is not assignable to type 'Cls'.
     
     declare module "./a" {
         interface A {

</message>
<stacktrace>
  at org.junit.Assert.fail(Assert.java:89)
  at kotlin.test.junit.JUnitAsserter.fail(JUnitSupport.kt:56)
  at kotlin.test.AssertionsKt__AssertionsKt.fail(Assertions.kt:563)
  at kotlin.test.AssertionsKt.fail(Unknown Source)
  at com.xemantic.kotlin.test.SameAsKt.sameAs(SameAs.kt:52)
  at com.xemantic.typescript.compiler.TypeScriptTestSupportKt.errorsMatchBaseline(TypeScriptTestSupport.kt:135)
  at com.xemantic.typescript.compiler.TypeScriptCompilerTests_M.moduleAugmentationsImports3_ts has expected errors matching moduleAugmentationsImports3_errors_txt(TypeScriptCompilerTests_M.kt:2310)
  at java.base/jdk.internal.reflect.DirectMethodHandleAccessor.invoke(DirectMethodHandleAccessor.java:104)
  at java.base/java.lang.reflect.Method.invoke(Method.java:565)
  at org.junit.runners.model.FrameworkMethod$1.runReflectiveCall(FrameworkMethod.java:59)
  at org.junit.internal.runners.model.ReflectiveCallable.run(ReflectiveCallable.java:12)
  at org.junit.runners.model.FrameworkMethod.invokeExplosively(FrameworkMethod.java:56)
  at org.junit.internal.runners.statements.InvokeMethod.evaluate(InvokeMethod.java:17)
  at org.junit.runners.ParentRunner$3.evaluate(ParentRunner.java:306)
  at org.junit.runners.BlockJUnit4ClassRunner$1.evaluate(BlockJUnit4ClassRunner.java:100)
  at org.junit.runners.ParentRunner.runLeaf(ParentRunner.java:366)
  at org.junit.runners.BlockJUnit4ClassRunner.runChild(BlockJUnit4ClassRunner.java:103)
  at org.junit.runners.BlockJUnit4ClassRunner.runChild(BlockJUnit4ClassRunner.java:63)
  at org.junit.runners.ParentRunner$4.run(ParentRunner.java:331)
  at org.junit.runners.ParentRunner$1.schedule(ParentRunner.java:79)
  at org.junit.runners.ParentRunner.runChildren(ParentRunner.java:329)
  at org.junit.runners.ParentRunner.access$100(ParentRunner.java:66)
  at org.junit.runners.ParentRunner$2.evaluate(ParentRunner.java:293)
  at org.junit.runners.ParentRunner$3.evaluate(ParentRunner.java:306)
  at org.junit.runners.ParentRunner.run(ParentRunner.java:413)
  at org.junit.runner.JUnitCore.run(JUnitCore.java:137)
  at org.junit.runner.JUnitCore.run(JUnitCore.java:115)
  at org.gradle.api.internal.tasks.testing.junit.JUnitTestExecutor.runRequest(JUnitTestExecutor.java:175)
  at org.gradle.api.internal.tasks.testing.junit.JUnitTestExecutor.accept(JUnitTestExecutor.java:84)
  at org.gradle.api.internal.tasks.testing.junit.JUnitTestExecutor.accept(JUnitTestExecutor.java:47)
  at org.gradle.api.internal.tasks.testing.junit.AbstractJUnitTestDefinitionProcessor.processTestDefinition(AbstractJUnitTestDefinitionProcessor.java:65)
  at org.gradle.api.internal.tasks.testing.SuiteTestDefinitionProcessor.processTestDefinition(SuiteTestDefinitionProcessor.java:54)
  at java.base/jdk.internal.reflect.DirectMethodHandleAccessor.invoke(DirectMethodHandleAccessor.java:104)
  at java.base/java.lang.reflect.Method.invoke(Method.java:565)
  at org.gradle.internal.dispatch.MethodInvocation.invokeOn(MethodInvocation.java:77)
  at org.gradle.internal.dispatch.ReflectionDispatch.dispatch(ReflectionDispatch.java:28)
  at org.gradle.internal.dispatch.ReflectionDispatch.dispatch(ReflectionDispatch.java:19)
  at org.gradle.internal.dispatch.ContextClassLoaderDispatch.dispatch(ContextClassLoaderDispatch.java:33)
  at org.gradle.internal.dispatch.ProxyDispatchAdapter$DispatchingInvocationHandler.invoke(ProxyDispatchAdapter.java:88)
  at jdk.proxy1/jdk.proxy1.$Proxy4.processTestDefinition(Unknown Source)
  at org.gradle.api.internal.tasks.testing.worker.TestWorker$2.run(TestWorker.java:178)
  at org.gradle.api.internal.tasks.testing.worker.TestWorker.executeAndMaintainThreadName(TestWorker.java:126)
  at org.gradle.api.internal.tasks.testing.worker.TestWorker.execute(TestWorker.java:103)
  at org.gradle.api.internal.tasks.testing.worker.TestWorker.execute(TestWorker.java:63)
  at org.gradle.process.internal.worker.child.ActionExecutionWorker.execute(ActionExecutionWorker.java:56)
  at org.gradle.process.internal.worker.child.SystemApplicationClassLoaderWorker.call(SystemApplicationClassLoaderWorker.java:122)
  at org.gradle.process.internal.worker.child.SystemApplicationClassLoaderWorker.call(SystemApplicationClassLoaderWorker.java:72)
  at worker.org.gradle.process.internal.worker.GradleWorkerMain.run(GradleWorkerMain.java:69)
  at worker.org.gradle.process.internal.worker.GradleWorkerMain.main(GradleWorkerMain.java:74)
</stacktrace>
</test-failure>


TypeScriptCompilerTests_M[jvm] > moduleAugmentationsImports3_ts has expected errors matching moduleAugmentationsImports3_errors_txt[jvm] FAILED

<test-failure test="com.xemantic.typescript.compiler.TypeScriptCompilerTests_M.modifiersOnInterfaceIndexSignature1_ts has expected errors matching modifiersOnInterfaceIndexSignature1_errors_txt" platform="jvm">
<message>
Expected diagnostics from baseline typescript-repo/tests/baselines/reference/modifiersOnInterfaceIndexSignature1.errors.txt but none produced
</message>
<stacktrace>
  at com.xemantic.typescript.compiler.TypeScriptTestSupportKt.errorsMatchBaseline(TypeScriptTestSupport.kt:125)
  at com.xemantic.typescript.compiler.TypeScriptCompilerTests_M.modifiersOnInterfaceIndexSignature1_ts has expected errors matching modifiersOnInterfaceIndexSignature1_errors_txt(TypeScriptCompilerTests_M.kt:1477)
  at java.base/jdk.internal.reflect.DirectMethodHandleAccessor.invoke(DirectMethodHandleAccessor.java:104)
  at java.base/java.lang.reflect.Method.invoke(Method.java:565)
  at org.junit.runners.model.FrameworkMethod$1.runReflectiveCall(FrameworkMethod.java:59)
  at org.junit.internal.runners.model.ReflectiveCallable.run(ReflectiveCallable.java:12)
  at org.junit.runners.model.FrameworkMethod.invokeExplosively(FrameworkMethod.java:56)
  at org.junit.internal.runners.statements.InvokeMethod.evaluate(InvokeMethod.java:17)
  at org.junit.runners.ParentRunner$3.evaluate(ParentRunner.java:306)
  at org.junit.runners.BlockJUnit4ClassRunner$1.evaluate(BlockJUnit4ClassRunner.java:100)
  at org.junit.runners.ParentRunner.runLeaf(ParentRunner.java:366)
  at org.junit.runners.BlockJUnit4ClassRunner.runChild(BlockJUnit4ClassRunner.java:103)
  at org.junit.runners.BlockJUnit4ClassRunner.runChild(BlockJUnit4ClassRunner.java:63)
  at org.junit.runners.ParentRunner$4.run(ParentRunner.java:331)
  at org.junit.runners.ParentRunner$1.schedule(ParentRunner.java:79)
  at org.junit.runners.ParentRunner.runChildren(ParentRunner.java:329)
  at org.junit.runners.ParentRunner.access$100(ParentRunner.java:66)
  at org.junit.runners.ParentRunner$2.evaluate(ParentRunner.java:293)
  at org.junit.runners.ParentRunner$3.evaluate(ParentRunner.java:306)
  at org.junit.runners.ParentRunner.run(ParentRunner.java:413)
  at org.junit.runner.JUnitCore.run(JUnitCore.java:137)
  at org.junit.runner.JUnitCore.run(JUnitCore.java:115)
  at org.gradle.api.internal.tasks.testing.junit.JUnitTestExecutor.runRequest(JUnitTestExecutor.java:175)
  at org.gradle.api.internal.tasks.testing.junit.JUnitTestExecutor.accept(JUnitTestExecutor.java:84)
  at org.gradle.api.internal.tasks.testing.junit.JUnitTestExecutor.accept(JUnitTestExecutor.java:47)
  at org.gradle.api.internal.tasks.testing.junit.AbstractJUnitTestDefinitionProcessor.processTestDefinition(AbstractJUnitTestDefinitionProcessor.java:65)
  at org.gradle.api.internal.tasks.testing.SuiteTestDefinitionProcessor.processTestDefinition(SuiteTestDefinitionProcessor.java:54)
  at java.base/jdk.internal.reflect.DirectMethodHandleAccessor.invoke(DirectMethodHandleAccessor.java:104)
  at java.base/java.lang.reflect.Method.invoke(Method.java:565)
  at org.gradle.internal.dispatch.MethodInvocation.invokeOn(MethodInvocation.java:77)
  at org.gradle.internal.dispatch.ReflectionDispatch.dispatch(ReflectionDispatch.java:28)
  at org.gradle.internal.dispatch.ReflectionDispatch.dispatch(ReflectionDispatch.java:19)
  at org.gradle.internal.dispatch.ContextClassLoaderDispatch.dispatch(ContextClassLoaderDispatch.java:33)
  at org.gradle.internal.dispatch.ProxyDispatchAdapter$DispatchingInvocationHandler.invoke(ProxyDispatchAdapter.java:88)
  at jdk.proxy1/jdk.proxy1.$Proxy4.processTestDefinition(Unknown Source)
  at org.gradle.api.internal.tasks.testing.worker.TestWorker$2.run(TestWorker.java:178)
  at org.gradle.api.internal.tasks.testing.worker.TestWorker.executeAndMaintainThreadName(TestWorker.java:126)
  at org.gradle.api.internal.tasks.testing.worker.TestWorker.execute(TestWorker.java:103)
  at org.gradle.api.internal.tasks.testing.worker.TestWorker.execute(TestWorker.java:63)
  at org.gradle.process.internal.worker.child.ActionExecutionWorker.execute(ActionExecutionWorker.java:56)
  at org.gradle.process.internal.worker.child.SystemApplicationClassLoaderWorker.call(SystemApplicationClassLoaderWorker.java:122)
  at org.gradle.process.internal.worker.child.SystemApplicationClassLoaderWorker.call(SystemApplicationClassLoaderWorker.java:72)
  at worker.org.gradle.process.internal.worker.GradleWorkerMain.run(GradleWorkerMain.java:69)
  at worker.org.gradle.process.internal.worker.GradleWorkerMain.main(GradleWorkerMain.java:74)
</stacktrace>
</test-failure>


TypeScriptCompilerTests_M[jvm] > modifiersOnInterfaceIndexSignature1_ts has expected errors matching modifiersOnInterfaceIndexSignature1_errors_txt[jvm] FAILED

<test-failure test="com.xemantic.typescript.compiler.TypeScriptCompilerTests_M.mappedTypeNotMistakenlyHomomorphic_ts has expected errors matching mappedTypeNotMistakenlyHomomorphic_errors_txt" platform="jvm">
<message>
Expected diagnostics from baseline typescript-repo/tests/baselines/reference/mappedTypeNotMistakenlyHomomorphic.errors.txt but none produced
</message>
<stacktrace>
  at com.xemantic.typescript.compiler.TypeScriptTestSupportKt.errorsMatchBaseline(TypeScriptTestSupport.kt:125)
  at com.xemantic.typescript.compiler.TypeScriptCompilerTests_M.mappedTypeNotMistakenlyHomomorphic_ts has expected errors matching mappedTypeNotMistakenlyHomomorphic_errors_txt(TypeScriptCompilerTests_M.kt:259)
  at java.base/jdk.internal.reflect.DirectMethodHandleAccessor.invoke(DirectMethodHandleAccessor.java:104)
  at java.base/java.lang.reflect.Method.invoke(Method.java:565)
  at org.junit.runners.model.FrameworkMethod$1.runReflectiveCall(FrameworkMethod.java:59)
  at org.junit.internal.runners.model.ReflectiveCallable.run(ReflectiveCallable.java:12)
  at org.junit.runners.model.FrameworkMethod.invokeExplosively(FrameworkMethod.java:56)
  at org.junit.internal.runners.statements.InvokeMethod.evaluate(InvokeMethod.java:17)
  at org.junit.runners.ParentRunner$3.evaluate(ParentRunner.java:306)
  at org.junit.runners.BlockJUnit4ClassRunner$1.evaluate(BlockJUnit4ClassRunner.java:100)
  at org.junit.runners.ParentRunner.runLeaf(ParentRunner.java:366)
  at org.junit.runners.BlockJUnit4ClassRunner.runChild(BlockJUnit4ClassRunner.java:103)
  at org.junit.runners.BlockJUnit4ClassRunner.runChild(BlockJUnit4ClassRunner.java:63)
  at org.junit.runners.ParentRunner$4.run(ParentRunner.java:331)
  at org.junit.runners.ParentRunner$1.schedule(ParentRunner.java:79)
  at org.junit.runners.ParentRunner.runChildren(ParentRunner.java:329)
  at org.junit.runners.ParentRunner.access$100(ParentRunner.java:66)
  at org.junit.runners.ParentRunner$2.evaluate(ParentRunner.java:293)
  at org.junit.runners.ParentRunner$3.evaluate(ParentRunner.java:306)
  at org.junit.runners.ParentRunner.run(ParentRunner.java:413)
  at org.junit.runner.JUnitCore.run(JUnitCore.java:137)
  at org.junit.runner.JUnitCore.run(JUnitCore.java:115)
  at org.gradle.api.internal.tasks.testing.junit.JUnitTestExecutor.runRequest(JUnitTestExecutor.java:175)
  at org.gradle.api.internal.tasks.testing.junit.JUnitTestExecutor.accept(JUnitTestExecutor.java:84)
  at org.gradle.api.internal.tasks.testing.junit.JUnitTestExecutor.accept(JUnitTestExecutor.java:47)
  at org.gradle.api.internal.tasks.testing.junit.AbstractJUnitTestDefinitionProcessor.processTestDefinition(AbstractJUnitTestDefinitionProcessor.java:65)
  at org.gradle.api.internal.tasks.testing.SuiteTestDefinitionProcessor.processTestDefinition(SuiteTestDefinitionProcessor.java:54)
  at java.base/jdk.internal.reflect.DirectMethodHandleAccessor.invoke(DirectMethodHandleAccessor.java:104)
  at java.base/java.lang.reflect.Method.invoke(Method.java:565)
  at org.gradle.internal.dispatch.MethodInvocation.invokeOn(MethodInvocation.java:77)
  at org.gradle.internal.dispatch.ReflectionDispatch.dispatch(ReflectionDispatch.java:28)
  at org.gradle.internal.dispatch.ReflectionDispatch.dispatch(ReflectionDispatch.java:19)
  at org.gradle.internal.dispatch.ContextClassLoaderDispatch.dispatch(ContextClassLoaderDispatch.java:33)
  at org.gradle.internal.dispatch.ProxyDispatchAdapter$DispatchingInvocationHandler.invoke(ProxyDispatchAdapter.java:88)
  at jdk.proxy1/jdk.proxy1.$Proxy4.processTestDefinition(Unknown Source)
  at org.gradle.api.internal.tasks.testing.worker.TestWorker$2.run(TestWorker.java:178)
  at org.gradle.api.internal.tasks.testing.worker.TestWorker.executeAndMaintainThreadName(TestWorker.java:126)
  at org.gradle.api.internal.tasks.testing.worker.TestWorker.execute(TestWorker.java:103)
  at org.gradle.api.internal.tasks.testing.worker.TestWorker.execute(TestWorker.java:63)
  at org.gradle.process.internal.worker.child.ActionExecutionWorker.execute(ActionExecutionWorker.java:56)
  at org.gradle.process.internal.worker.child.SystemApplicationClassLoaderWorker.call(SystemApplicationClassLoaderWorker.java:122)
  at org.gradle.process.internal.worker.child.SystemApplicationClassLoaderWorker.call(SystemApplicationClassLoaderWorker.java:72)
  at worker.org.gradle.process.internal.worker.GradleWorkerMain.run(GradleWorkerMain.java:69)
  at worker.org.gradle.process.internal.worker.GradleWorkerMain.main(GradleWorkerMain.java:74)
</stacktrace>
</test-failure>


TypeScriptCompilerTests_M[jvm] > mappedTypeNotMistakenlyHomomorphic_ts has expected errors matching mappedTypeNotMistakenlyHomomorphic_errors_txt[jvm] FAILED

<test-failure test="com.xemantic.typescript.compiler.TypeScriptCompilerTests_M.mappedTypeInferenceFromApparentType_ts has expected errors matching mappedTypeInferenceFromApparentType_errors_txt" platform="jvm">
<message>
Expected diagnostics from baseline typescript-repo/tests/baselines/reference/mappedTypeInferenceFromApparentType.errors.txt but none produced
</message>
<stacktrace>
  at com.xemantic.typescript.compiler.TypeScriptTestSupportKt.errorsMatchBaseline(TypeScriptTestSupport.kt:125)
  at com.xemantic.typescript.compiler.TypeScriptCompilerTests_M.mappedTypeInferenceFromApparentType_ts has expected errors matching mappedTypeInferenceFromApparentType_errors_txt(TypeScriptCompilerTests_M.kt:217)
  at java.base/jdk.internal.reflect.DirectMethodHandleAccessor.invoke(DirectMethodHandleAccessor.java:104)
  at java.base/java.lang.reflect.Method.invoke(Method.java:565)
  at org.junit.runners.model.FrameworkMethod$1.runReflectiveCall(FrameworkMethod.java:59)
  at org.junit.internal.runners.model.ReflectiveCallable.run(ReflectiveCallable.java:12)
  at org.junit.runners.model.FrameworkMethod.invokeExplosively(FrameworkMethod.java:56)
  at org.junit.internal.runners.statements.InvokeMethod.evaluate(InvokeMethod.java:17)
  at org.junit.runners.ParentRunner$3.evaluate(ParentRunner.java:306)
  at org.junit.runners.BlockJUnit4ClassRunner$1.evaluate(BlockJUnit4ClassRunner.java:100)
  at org.junit.runners.ParentRunner.runLeaf(ParentRunner.java:366)
  at org.junit.runners.BlockJUnit4ClassRunner.runChild(BlockJUnit4ClassRunner.java:103)
  at org.junit.runners.BlockJUnit4ClassRunner.runChild(BlockJUnit4ClassRunner.java:63)
  at org.junit.runners.ParentRunner$4.run(ParentRunner.java:331)
  at org.junit.runners.ParentRunner$1.schedule(ParentRunner.java:79)
  at org.junit.runners.ParentRunner.runChildren(ParentRunner.java:329)
  at org.junit.runners.ParentRunner.access$100(ParentRunner.java:66)
  at org.junit.runners.ParentRunner$2.evaluate(ParentRunner.java:293)
  at org.junit.runners.ParentRunner$3.evaluate(ParentRunner.java:306)
  at org.junit.runners.ParentRunner.run(ParentRunner.java:413)
  at org.junit.runner.JUnitCore.run(JUnitCore.java:137)
  at org.junit.runner.JUnitCore.run(JUnitCore.java:115)
  at org.gradle.api.internal.tasks.testing.junit.JUnitTestExecutor.runRequest(JUnitTestExecutor.java:175)
  at org.gradle.api.internal.tasks.testing.junit.JUnitTestExecutor.accept(JUnitTestExecutor.java:84)
  at org.gradle.api.internal.tasks.testing.junit.JUnitTestExecutor.accept(JUnitTestExecutor.java:47)
  at org.gradle.api.internal.tasks.testing.junit.AbstractJUnitTestDefinitionProcessor.processTestDefinition(AbstractJUnitTestDefinitionProcessor.java:65)
  at org.gradle.api.internal.tasks.testing.SuiteTestDefinitionProcessor.processTestDefinition(SuiteTestDefinitionProcessor.java:54)
  at java.base/jdk.internal.reflect.DirectMethodHandleAccessor.invoke(DirectMethodHandleAccessor.java:104)
  at java.base/java.lang.reflect.Method.invoke(Method.java:565)
  at org.gradle.internal.dispatch.MethodInvocation.invokeOn(MethodInvocation.java:77)
  at org.gradle.internal.dispatch.ReflectionDispatch.dispatch(ReflectionDispatch.java:28)
  at org.gradle.internal.dispatch.ReflectionDispatch.dispatch(ReflectionDispatch.java:19)
  at org.gradle.internal.dispatch.ContextClassLoaderDispatch.dispatch(ContextClassLoaderDispatch.java:33)
  at org.gradle.internal.dispatch.ProxyDispatchAdapter$DispatchingInvocationHandler.invoke(ProxyDispatchAdapter.java:88)
  at jdk.proxy1/jdk.proxy1.$Proxy4.processTestDefinition(Unknown Source)
  at org.gradle.api.internal.tasks.testing.worker.TestWorker$2.run(TestWorker.java:178)
  at org.gradle.api.internal.tasks.testing.worker.TestWorker.executeAndMaintainThreadName(TestWorker.java:126)
  at org.gradle.api.internal.tasks.testing.worker.TestWorker.execute(TestWorker.java:103)
  at org.gradle.api.internal.tasks.testing.worker.TestWorker.execute(TestWorker.java:63)
  at org.gradle.process.internal.worker.child.ActionExecutionWorker.execute(ActionExecutionWorker.java:56)
  at org.gradle.process.internal.worker.child.SystemApplicationClassLoaderWorker.call(SystemApplicationClassLoaderWorker.java:122)
  at org.gradle.process.internal.worker.child.SystemApplicationClassLoaderWorker.call(SystemApplicationClassLoaderWorker.java:72)
  at worker.org.gradle.process.internal.worker.GradleWorkerMain.run(GradleWorkerMain.java:69)
  at worker.org.gradle.process.internal.worker.GradleWorkerMain.main(GradleWorkerMain.java:74)
</stacktrace>
</test-failure>


TypeScriptCompilerTests_M[jvm] > mappedTypeInferenceFromApparentType_ts has expected errors matching mappedTypeInferenceFromApparentType_errors_txt[jvm] FAILED

<test-failure test="com.xemantic.typescript.compiler.TypeScriptCompilerTests_M.multipleBaseInterfaesWithIncompatibleProperties2_ts__exactoptionalpropertytypes_true__has expected errors matching baseline" platform="jvm">
<message>
Expected diagnostics from baseline typescript-repo/tests/baselines/reference/multipleBaseInterfaesWithIncompatibleProperties2(exactoptionalpropertytypes=true).errors.txt but none produced
</message>
<stacktrace>
  at com.xemantic.typescript.compiler.TypeScriptTestSupportKt.errorsMatchBaseline(TypeScriptTestSupport.kt:125)
  at com.xemantic.typescript.compiler.TypeScriptCompilerTests_M.multipleBaseInterfaesWithIncompatibleProperties2_ts__exactoptionalpropertytypes_true__has expected errors matching baseline(TypeScriptCompilerTests_M.kt:3941)
  at java.base/jdk.internal.reflect.DirectMethodHandleAccessor.invoke(DirectMethodHandleAccessor.java:104)
  at java.base/java.lang.reflect.Method.invoke(Method.java:565)
  at org.junit.runners.model.FrameworkMethod$1.runReflectiveCall(FrameworkMethod.java:59)
  at org.junit.internal.runners.model.ReflectiveCallable.run(ReflectiveCallable.java:12)
  at org.junit.runners.model.FrameworkMethod.invokeExplosively(FrameworkMethod.java:56)
  at org.junit.internal.runners.statements.InvokeMethod.evaluate(InvokeMethod.java:17)
  at org.junit.runners.ParentRunner$3.evaluate(ParentRunner.java:306)
  at org.junit.runners.BlockJUnit4ClassRunner$1.evaluate(BlockJUnit4ClassRunner.java:100)
  at org.junit.runners.ParentRunner.runLeaf(ParentRunner.java:366)
  at org.junit.runners.BlockJUnit4ClassRunner.runChild(BlockJUnit4ClassRunner.java:103)
  at org.junit.runners.BlockJUnit4ClassRunner.runChild(BlockJUnit4ClassRunner.java:63)
  at org.junit.runners.ParentRunner$4.run(ParentRunner.java:331)
  at org.junit.runners.ParentRunner$1.schedule(ParentRunner.java:79)
  at org.junit.runners.ParentRunner.runChildren(ParentRunner.java:329)
  at org.junit.runners.ParentRunner.access$100(ParentRunner.java:66)
  at org.junit.runners.ParentRunner$2.evaluate(ParentRunner.java:293)
  at org.junit.runners.ParentRunner$3.evaluate(ParentRunner.java:306)
  at org.junit.runners.ParentRunner.run(ParentRunner.java:413)
  at org.junit.runner.JUnitCore.run(JUnitCore.java:137)
  at org.junit.runner.JUnitCore.run(JUnitCore.java:115)
  at org.gradle.api.internal.tasks.testing.junit.JUnitTestExecutor.runRequest(JUnitTestExecutor.java:175)
  at org.gradle.api.internal.tasks.testing.junit.JUnitTestExecutor.accept(JUnitTestExecutor.java:84)
  at org.gradle.api.internal.tasks.testing.junit.JUnitTestExecutor.accept(JUnitTestExecutor.java:47)
  at org.gradle.api.internal.tasks.testing.junit.AbstractJUnitTestDefinitionProcessor.processTestDefinition(AbstractJUnitTestDefinitionProcessor.java:65)
  at org.gradle.api.internal.tasks.testing.SuiteTestDefinitionProcessor.processTestDefinition(SuiteTestDefinitionProcessor.java:54)
  at java.base/jdk.internal.reflect.DirectMethodHandleAccessor.invoke(DirectMethodHandleAccessor.java:104)
  at java.base/java.lang.reflect.Method.invoke(Method.java:565)
  at org.gradle.internal.dispatch.MethodInvocation.invokeOn(MethodInvocation.java:77)
  at org.gradle.internal.dispatch.ReflectionDispatch.dispatch(ReflectionDispatch.java:28)
  at org.gradle.internal.dispatch.ReflectionDispatch.dispatch(ReflectionDispatch.java:19)
  at org.gradle.internal.dispatch.ContextClassLoaderDispatch.dispatch(ContextClassLoaderDispatch.java:33)
  at org.gradle.internal.dispatch.ProxyDispatchAdapter$DispatchingInvocationHandler.invoke(ProxyDispatchAdapter.java:88)
  at jdk.proxy1/jdk.proxy1.$Proxy4.processTestDefinition(Unknown Source)
  at org.gradle.api.internal.tasks.testing.worker.TestWorker$2.run(TestWorker.java:178)
  at org.gradle.api.internal.tasks.testing.worker.TestWorker.executeAndMaintainThreadName(TestWorker.java:126)
  at org.gradle.api.internal.tasks.testing.worker.TestWorker.execute(TestWorker.java:103)
  at org.gradle.api.internal.tasks.testing.worker.TestWorker.execute(TestWorker.java:63)
  at org.gradle.process.internal.worker.child.ActionExecutionWorker.execute(ActionExecutionWorker.java:56)
  at org.gradle.process.internal.worker.child.SystemApplicationClassLoaderWorker.call(SystemApplicationClassLoaderWorker.java:122)
  at org.gradle.process.internal.worker.child.SystemApplicationClassLoaderWorker.call(SystemApplicationClassLoaderWorker.java:72)
  at worker.org.gradle.process.internal.worker.GradleWorkerMain.run(GradleWorkerMain.java:69)
  at worker.org.gradle.process.internal.worker.GradleWorkerMain.main(GradleWorkerMain.java:74)
</stacktrace>
</test-failure>


TypeScriptCompilerTests_M[jvm] > multipleBaseInterfaesWithIncompatibleProperties2_ts__exactoptionalpropertytypes_true__has expected errors matching baseline[jvm] FAILED

<test-failure test="com.xemantic.typescript.compiler.TypeScriptCompilerTests_M.moduleResolutionWithSuffixes_one_externalTSModule_ts has expected errors matching moduleResolutionWithSuffixes_one_externalTSModule_errors_txt" platform="jvm">
<message>
--- expected
+++ actual
@@ -15,10 +15,9 @@
     	}
     }
     
-==== /test.ts (0 errors) ====
-    import { ios } from "some-library";
-    
 ==== /node_modules/some-library/index.ios.ts (0 errors) ====
     export function ios() {}
 ==== /node_modules/some-library/index.ts (0 errors) ====
     export function base() {}
+==== /test.ts (0 errors) ====
+    import { ios } from "some-library";

</message>
<stacktrace>
  at org.junit.Assert.fail(Assert.java:89)
  at kotlin.test.junit.JUnitAsserter.fail(JUnitSupport.kt:56)
  at kotlin.test.AssertionsKt__AssertionsKt.fail(Assertions.kt:563)
  at kotlin.test.AssertionsKt.fail(Unknown Source)
  at com.xemantic.kotlin.test.SameAsKt.sameAs(SameAs.kt:52)
  at com.xemantic.typescript.compiler.TypeScriptTestSupportKt.errorsMatchBaseline(TypeScriptTestSupport.kt:135)
  at com.xemantic.typescript.compiler.TypeScriptCompilerTests_M.moduleResolutionWithSuffixes_one_externalTSModule_ts has expected errors matching moduleResolutionWithSuffixes_one_externalTSModule_errors_txt(TypeScriptCompilerTests_M.kt:3332)
  at java.base/jdk.internal.reflect.DirectMethodHandleAccessor.invoke(DirectMethodHandleAccessor.java:104)
  at java.base/java.lang.reflect.Method.invoke(Method.java:565)
  at org.junit.runners.model.FrameworkMethod$1.runReflectiveCall(FrameworkMethod.java:59)
  at org.junit.internal.runners.model.ReflectiveCallable.run(ReflectiveCallable.java:12)
  at org.junit.runners.model.FrameworkMethod.invokeExplosively(FrameworkMethod.java:56)
  at org.junit.internal.runners.statements.InvokeMethod.evaluate(InvokeMethod.java:17)
  at org.junit.runners.ParentRunner$3.evaluate(ParentRunner.java:306)
  at org.junit.runners.BlockJUnit4ClassRunner$1.evaluate(BlockJUnit4ClassRunner.java:100)
  at org.junit.runners.ParentRunner.runLeaf(ParentRunner.java:366)
  at org.junit.runners.BlockJUnit4ClassRunner.runChild(BlockJUnit4ClassRunner.java:103)
  at org.junit.runners.BlockJUnit4ClassRunner.runChild(BlockJUnit4ClassRunner.java:63)
  at org.junit.runners.ParentRunner$4.run(ParentRunner.java:331)
  at org.junit.runners.ParentRunner$1.schedule(ParentRunner.java:79)
  at org.junit.runners.ParentRunner.runChildren(ParentRunner.java:329)
  at org.junit.runners.ParentRunner.access$100(ParentRunner.java:66)
  at org.junit.runners.ParentRunner$2.evaluate(ParentRunner.java:293)
  at org.junit.runners.ParentRunner$3.evaluate(ParentRunner.java:306)
  at org.junit.runners.ParentRunner.run(ParentRunner.java:413)
  at org.junit.runner.JUnitCore.run(JUnitCore.java:137)
  at org.junit.runner.JUnitCore.run(JUnitCore.java:115)
  at org.gradle.api.internal.tasks.testing.junit.JUnitTestExecutor.runRequest(JUnitTestExecutor.java:175)
  at org.gradle.api.internal.tasks.testing.junit.JUnitTestExecutor.accept(JUnitTestExecutor.java:84)
  at org.gradle.api.internal.tasks.testing.junit.JUnitTestExecutor.accept(JUnitTestExecutor.java:47)
  at org.gradle.api.internal.tasks.testing.junit.AbstractJUnitTestDefinitionProcessor.processTestDefinition(AbstractJUnitTestDefinitionProcessor.java:65)
  at org.gradle.api.internal.tasks.testing.SuiteTestDefinitionProcessor.processTestDefinition(SuiteTestDefinitionProcessor.java:54)
  at java.base/jdk.internal.reflect.DirectMethodHandleAccessor.invoke(DirectMethodHandleAccessor.java:104)
  at java.base/java.lang.reflect.Method.invoke(Method.java:565)
  at org.gradle.internal.dispatch.MethodInvocation.invokeOn(MethodInvocation.java:77)
  at org.gradle.internal.dispatch.ReflectionDispatch.dispatch(ReflectionDispatch.java:28)
  at org.gradle.internal.dispatch.ReflectionDispatch.dispatch(ReflectionDispatch.java:19)
  at org.gradle.internal.dispatch.ContextClassLoaderDispatch.dispatch(ContextClassLoaderDispatch.java:33)
  at org.gradle.internal.dispatch.ProxyDispatchAdapter$DispatchingInvocationHandler.invoke(ProxyDispatchAdapter.java:88)
  at jdk.proxy1/jdk.proxy1.$Proxy4.processTestDefinition(Unknown Source)
  at org.gradle.api.internal.tasks.testing.worker.TestWorker$2.run(TestWorker.java:178)
  at org.gradle.api.internal.tasks.testing.worker.TestWorker.executeAndMaintainThreadName(TestWorker.java:126)
  at org.gradle.api.internal.tasks.testing.worker.TestWorker.execute(TestWorker.java:103)
  at org.gradle.api.internal.tasks.testing.worker.TestWorker.execute(TestWorker.java:63)
  at org.gradle.process.internal.worker.child.ActionExecutionWorker.execute(ActionExecutionWorker.java:56)
  at org.gradle.process.internal.worker.child.SystemApplicationClassLoaderWorker.call(SystemApplicationClassLoaderWorker.java:122)
  at org.gradle.process.internal.worker.child.SystemApplicationClassLoaderWorker.call(SystemApplicationClassLoaderWorker.java:72)
  at worker.org.gradle.process.internal.worker.GradleWorkerMain.run(GradleWorkerMain.java:69)
  at worker.org.gradle.process.internal.worker.GradleWorkerMain.main(GradleWorkerMain.java:74)
</stacktrace>
</test-failure>


TypeScriptCompilerTests_M[jvm] > moduleResolutionWithSuffixes_one_externalTSModule_ts has expected errors matching moduleResolutionWithSuffixes_one_externalTSModule_errors_txt[jvm] FAILED

<test-failure test="com.xemantic.typescript.compiler.TypeScriptCompilerTests_M.mergeSymbolReexportInterface_ts has expected errors matching mergeSymbolReexportInterface_errors_txt" platform="jvm">
<message>
Expected diagnostics from baseline typescript-repo/tests/baselines/reference/mergeSymbolReexportInterface.errors.txt but none produced
</message>
<stacktrace>
  at com.xemantic.typescript.compiler.TypeScriptTestSupportKt.errorsMatchBaseline(TypeScriptTestSupport.kt:125)
  at com.xemantic.typescript.compiler.TypeScriptCompilerTests_M.mergeSymbolReexportInterface_ts has expected errors matching mergeSymbolReexportInterface_errors_txt(TypeScriptCompilerTests_M.kt:497)
  at java.base/jdk.internal.reflect.DirectMethodHandleAccessor.invoke(DirectMethodHandleAccessor.java:104)
  at java.base/java.lang.reflect.Method.invoke(Method.java:565)
  at org.junit.runners.model.FrameworkMethod$1.runReflectiveCall(FrameworkMethod.java:59)
  at org.junit.internal.runners.model.ReflectiveCallable.run(ReflectiveCallable.java:12)
  at org.junit.runners.model.FrameworkMethod.invokeExplosively(FrameworkMethod.java:56)
  at org.junit.internal.runners.statements.InvokeMethod.evaluate(InvokeMethod.java:17)
  at org.junit.runners.ParentRunner$3.evaluate(ParentRunner.java:306)
  at org.junit.runners.BlockJUnit4ClassRunner$1.evaluate(BlockJUnit4ClassRunner.java:100)
  at org.junit.runners.ParentRunner.runLeaf(ParentRunner.java:366)
  at org.junit.runners.BlockJUnit4ClassRunner.runChild(BlockJUnit4ClassRunner.java:103)
  at org.junit.runners.BlockJUnit4ClassRunner.runChild(BlockJUnit4ClassRunner.java:63)
  at org.junit.runners.ParentRunner$4.run(ParentRunner.java:331)
  at org.junit.runners.ParentRunner$1.schedule(ParentRunner.java:79)
  at org.junit.runners.ParentRunner.runChildren(ParentRunner.java:329)
  at org.junit.runners.ParentRunner.access$100(ParentRunner.java:66)
  at org.junit.runners.ParentRunner$2.evaluate(ParentRunner.java:293)
  at org.junit.runners.ParentRunner$3.evaluate(ParentRunner.java:306)
  at org.junit.runners.ParentRunner.run(ParentRunner.java:413)
  at org.junit.runner.JUnitCore.run(JUnitCore.java:137)
  at org.junit.runner.JUnitCore.run(JUnitCore.java:115)
  at org.gradle.api.internal.tasks.testing.junit.JUnitTestExecutor.runRequest(JUnitTestExecutor.java:175)
  at org.gradle.api.internal.tasks.testing.junit.JUnitTestExecutor.accept(JUnitTestExecutor.java:84)
  at org.gradle.api.internal.tasks.testing.junit.JUnitTestExecutor.accept(JUnitTestExecutor.java:47)
  at org.gradle.api.internal.tasks.testing.junit.AbstractJUnitTestDefinitionProcessor.processTestDefinition(AbstractJUnitTestDefinitionProcessor.java:65)
  at org.gradle.api.internal.tasks.testing.SuiteTestDefinitionProcessor.processTestDefinition(SuiteTestDefinitionProcessor.java:54)
  at java.base/jdk.internal.reflect.DirectMethodHandleAccessor.invoke(DirectMethodHandleAccessor.java:104)
  at java.base/java.lang.reflect.Method.invoke(Method.java:565)
  at org.gradle.internal.dispatch.MethodInvocation.invokeOn(MethodInvocation.java:77)
  at org.gradle.internal.dispatch.ReflectionDispatch.dispatch(ReflectionDispatch.java:28)
  at org.gradle.internal.dispatch.ReflectionDispatch.dispatch(ReflectionDispatch.java:19)
  at org.gradle.internal.dispatch.ContextClassLoaderDispatch.dispatch(ContextClassLoaderDispatch.java:33)
  at org.gradle.internal.dispatch.ProxyDispatchAdapter$DispatchingInvocationHandler.invoke(ProxyDispatchAdapter.java:88)
  at jdk.proxy1/jdk.proxy1.$Proxy4.processTestDefinition(Unknown Source)
  at org.gradle.api.internal.tasks.testing.worker.TestWorker$2.run(TestWorker.java:178)
  at org.gradle.api.internal.tasks.testing.worker.TestWorker.executeAndMaintainThreadName(TestWorker.java:126)
  at org.gradle.api.internal.tasks.testing.worker.TestWorker.execute(TestWorker.java:103)
  at org.gradle.api.internal.tasks.testing.worker.TestWorker.execute(TestWorker.java:63)
  at org.gradle.process.internal.worker.child.ActionExecutionWorker.execute(ActionExecutionWorker.java:56)
  at org.gradle.process.internal.worker.child.SystemApplicationClassLoaderWorker.call(SystemApplicationClassLoaderWorker.java:122)
  at org.gradle.process.internal.worker.child.SystemApplicationClassLoaderWorker.call(SystemApplicationClassLoaderWorker.java:72)
  at worker.org.gradle.process.internal.worker.GradleWorkerMain.run(GradleWorkerMain.java:69)
  at worker.org.gradle.process.internal.worker.GradleWorkerMain.main(GradleWorkerMain.java:74)
</stacktrace>
</test-failure>


TypeScriptCompilerTests_M[jvm] > mergeSymbolReexportInterface_ts has expected errors matching mergeSymbolReexportInterface_errors_txt[jvm] FAILED

<test-failure test="com.xemantic.typescript.compiler.TypeScriptCompilerTests_M.moduleNodeImportRequireEmit_ts__target_es2020__compiles to JavaScript matching baseline" platform="jvm">
<message>
--- expected
+++ actual
@@ -13,9 +13,9 @@
 foo;
 
 //// [index.js]
-import { createRequire as _createRequire } from "module";
-const __require = _createRequire(import.meta.url);
+"use strict";
+Object.defineProperty(exports, "__esModule", { value: true });
 /// <reference path="./mod.d.ts" />
 // This should emit a call to createRequire(import.meta.url)
-const foo = __require("foo");
+const foo = require("foo");
 foo;

</message>
<stacktrace>
  at org.junit.Assert.fail(Assert.java:89)
  at kotlin.test.junit.JUnitAsserter.fail(JUnitSupport.kt:56)
  at kotlin.test.AssertionsKt__AssertionsKt.fail(Assertions.kt:563)
  at kotlin.test.AssertionsKt.fail(Unknown Source)
  at com.xemantic.kotlin.test.SameAsKt.sameAs(SameAs.kt:52)
  at com.xemantic.typescript.compiler.TypeScriptTestSupportKt.sameAs(TypeScriptTestSupport.kt:99)
  at com.xemantic.typescript.compiler.TypeScriptCompilerTests_M.moduleNodeImportRequireEmit_ts__target_es2020__compiles to JavaScript matching baseline(TypeScriptCompilerTests_M.kt:2702)
  at java.base/jdk.internal.reflect.DirectMethodHandleAccessor.invoke(DirectMethodHandleAccessor.java:104)
  at java.base/java.lang.reflect.Method.invoke(Method.java:565)
  at org.junit.runners.model.FrameworkMethod$1.runReflectiveCall(FrameworkMethod.java:59)
  at org.junit.internal.runners.model.ReflectiveCallable.run(ReflectiveCallable.java:12)
  at org.junit.runners.model.FrameworkMethod.invokeExplosively(FrameworkMethod.java:56)
  at org.junit.internal.runners.statements.InvokeMethod.evaluate(InvokeMethod.java:17)
  at org.junit.runners.ParentRunner$3.evaluate(ParentRunner.java:306)
  at org.junit.runners.BlockJUnit4ClassRunner$1.evaluate(BlockJUnit4ClassRunner.java:100)
  at org.junit.runners.ParentRunner.runLeaf(ParentRunner.java:366)
  at org.junit.runners.BlockJUnit4ClassRunner.runChild(BlockJUnit4ClassRunner.java:103)
  at org.junit.runners.BlockJUnit4ClassRunner.runChild(BlockJUnit4ClassRunner.java:63)
  at org.junit.runners.ParentRunner$4.run(ParentRunner.java:331)
  at org.junit.runners.ParentRunner$1.schedule(ParentRunner.java:79)
  at org.junit.runners.ParentRunner.runChildren(ParentRunner.java:329)
  at org.junit.runners.ParentRunner.access$100(ParentRunner.java:66)
  at org.junit.runners.ParentRunner$2.evaluate(ParentRunner.java:293)
  at org.junit.runners.ParentRunner$3.evaluate(ParentRunner.java:306)
  at org.junit.runners.ParentRunner.run(ParentRunner.java:413)
  at org.junit.runner.JUnitCore.run(JUnitCore.java:137)
  at org.junit.runner.JUnitCore.run(JUnitCore.java:115)
  at org.gradle.api.internal.tasks.testing.junit.JUnitTestExecutor.runRequest(JUnitTestExecutor.java:175)
  at org.gradle.api.internal.tasks.testing.junit.JUnitTestExecutor.accept(JUnitTestExecutor.java:84)
  at org.gradle.api.internal.tasks.testing.junit.JUnitTestExecutor.accept(JUnitTestExecutor.java:47)
  at org.gradle.api.internal.tasks.testing.junit.AbstractJUnitTestDefinitionProcessor.processTestDefinition(AbstractJUnitTestDefinitionProcessor.java:65)
  at org.gradle.api.internal.tasks.testing.SuiteTestDefinitionProcessor.processTestDefinition(SuiteTestDefinitionProcessor.java:54)
  at java.base/jdk.internal.reflect.DirectMethodHandleAccessor.invoke(DirectMethodHandleAccessor.java:104)
  at java.base/java.lang.reflect.Method.invoke(Method.java:565)
  at org.gradle.internal.dispatch.MethodInvocation.invokeOn(MethodInvocation.java:77)
  at org.gradle.internal.dispatch.ReflectionDispatch.dispatch(ReflectionDispatch.java:28)
  at org.gradle.internal.dispatch.ReflectionDispatch.dispatch(ReflectionDispatch.java:19)
  at org.gradle.internal.dispatch.ContextClassLoaderDispatch.dispatch(ContextClassLoaderDispatch.java:33)
  at org.gradle.internal.dispatch.ProxyDispatchAdapter$DispatchingInvocationHandler.invoke(ProxyDispatchAdapter.java:88)
  at jdk.proxy1/jdk.proxy1.$Proxy4.processTestDefinition(Unknown Source)
  at org.gradle.api.internal.tasks.testing.worker.TestWorker$2.run(TestWorker.java:178)
  at org.gradle.api.internal.tasks.testing.worker.TestWorker.executeAndMaintainThreadName(TestWorker.java:126)
  at org.gradle.api.internal.tasks.testing.worker.TestWorker.execute(TestWorker.java:103)
  at org.gradle.api.internal.tasks.testing.worker.TestWorker.execute(TestWorker.java:63)
  at org.gradle.process.internal.worker.child.ActionExecutionWorker.execute(ActionExecutionWorker.java:56)
  at org.gradle.process.internal.worker.child.SystemApplicationClassLoaderWorker.call(SystemApplicationClassLoaderWorker.java:122)
  at org.gradle.process.internal.worker.child.SystemApplicationClassLoaderWorker.call(SystemApplicationClassLoaderWorker.java:72)
  at worker.org.gradle.process.internal.worker.GradleWorkerMain.run(GradleWorkerMain.java:69)
  at worker.org.gradle.process.internal.worker.GradleWorkerMain.main(GradleWorkerMain.java:74)
</stacktrace>
</test-failure>


TypeScriptCompilerTests_M[jvm] > moduleNodeImportRequireEmit_ts__target_es2020__compiles to JavaScript matching baseline[jvm] FAILED

<test-failure test="com.xemantic.typescript.compiler.TypeScriptCompilerTests_M.moduleAugmentationImportsAndExports4_ts has expected errors matching moduleAugmentationImportsAndExports4_errors_txt" platform="jvm">
<message>
--- expected
+++ actual
@@ -1,6 +1,4 @@
 f2.ts(2,5): error TS2564: Property 'n' has no initializer and is not definitely assigned in the constructor.
-f3.ts(4,1): error TS2322: Type '() => undefined' is not assignable to type '() => B'.
-  Type 'undefined' is not assignable to type 'B'.
 f4.ts(5,9): error TS2454: Variable 'a' is used before being assigned.
 f4.ts(6,9): error TS2454: Variable 'a' is used before being assigned.
 f4.ts(7,9): error TS2454: Variable 'a' is used before being assigned.
@@ -16,14 +14,11 @@
 !!! error TS2564: Property 'n' has no initializer and is not definitely assigned in the constructor.
     }
     
-==== f3.ts (1 errors) ====
+==== f3.ts (0 errors) ====
     import {A} from "./f1";
     import {B} from "./f2";
     
     A.prototype.foo = function () { return undefined; }
-    ~~~~~~~~~~~~~~~
-!!! error TS2322: Type '() => undefined' is not assignable to type '() => B'.
-!!! error TS2322:   Type 'undefined' is not assignable to type 'B'.
     
     namespace N {
         export interface Ifc { a: number; }

</message>
<stacktrace>
  at org.junit.Assert.fail(Assert.java:89)
  at kotlin.test.junit.JUnitAsserter.fail(JUnitSupport.kt:56)
  at kotlin.test.AssertionsKt__AssertionsKt.fail(Assertions.kt:563)
  at kotlin.test.AssertionsKt.fail(Unknown Source)
  at com.xemantic.kotlin.test.SameAsKt.sameAs(SameAs.kt:52)
  at com.xemantic.typescript.compiler.TypeScriptTestSupportKt.errorsMatchBaseline(TypeScriptTestSupport.kt:135)
  at com.xemantic.typescript.compiler.TypeScriptCompilerTests_M.moduleAugmentationImportsAndExports4_ts has expected errors matching moduleAugmentationImportsAndExports4_errors_txt(TypeScriptCompilerTests_M.kt:2114)
  at java.base/jdk.internal.reflect.DirectMethodHandleAccessor.invoke(DirectMethodHandleAccessor.java:104)
  at java.base/java.lang.reflect.Method.invoke(Method.java:565)
  at org.junit.runners.model.FrameworkMethod$1.runReflectiveCall(FrameworkMethod.java:59)
  at org.junit.internal.runners.model.ReflectiveCallable.run(ReflectiveCallable.java:12)
  at org.junit.runners.model.FrameworkMethod.invokeExplosively(FrameworkMethod.java:56)
  at org.junit.internal.runners.statements.InvokeMethod.evaluate(InvokeMethod.java:17)
  at org.junit.runners.ParentRunner$3.evaluate(ParentRunner.java:306)
  at org.junit.runners.BlockJUnit4ClassRunner$1.evaluate(BlockJUnit4ClassRunner.java:100)
  at org.junit.runners.ParentRunner.runLeaf(ParentRunner.java:366)
  at org.junit.runners.BlockJUnit4ClassRunner.runChild(BlockJUnit4ClassRunner.java:103)
  at org.junit.runners.BlockJUnit4ClassRunner.runChild(BlockJUnit4ClassRunner.java:63)
  at org.junit.runners.ParentRunner$4.run(ParentRunner.java:331)
  at org.junit.runners.ParentRunner$1.schedule(ParentRunner.java:79)
  at org.junit.runners.ParentRunner.runChildren(ParentRunner.java:329)
  at org.junit.runners.ParentRunner.access$100(ParentRunner.java:66)
  at org.junit.runners.ParentRunner$2.evaluate(ParentRunner.java:293)
  at org.junit.runners.ParentRunner$3.evaluate(ParentRunner.java:306)
  at org.junit.runners.ParentRunner.run(ParentRunner.java:413)
  at org.junit.runner.JUnitCore.run(JUnitCore.java:137)
  at org.junit.runner.JUnitCore.run(JUnitCore.java:115)
  at org.gradle.api.internal.tasks.testing.junit.JUnitTestExecutor.runRequest(JUnitTestExecutor.java:175)
  at org.gradle.api.internal.tasks.testing.junit.JUnitTestExecutor.accept(JUnitTestExecutor.java:84)
  at org.gradle.api.internal.tasks.testing.junit.JUnitTestExecutor.accept(JUnitTestExecutor.java:47)
  at org.gradle.api.internal.tasks.testing.junit.AbstractJUnitTestDefinitionProcessor.processTestDefinition(AbstractJUnitTestDefinitionProcessor.java:65)
  at org.gradle.api.internal.tasks.testing.SuiteTestDefinitionProcessor.processTestDefinition(SuiteTestDefinitionProcessor.java:54)
  at java.base/jdk.internal.reflect.DirectMethodHandleAccessor.invoke(DirectMethodHandleAccessor.java:104)
  at java.base/java.lang.reflect.Method.invoke(Method.java:565)
  at org.gradle.internal.dispatch.MethodInvocation.invokeOn(MethodInvocation.java:77)
  at org.gradle.internal.dispatch.ReflectionDispatch.dispatch(ReflectionDispatch.java:28)
  at org.gradle.internal.dispatch.ReflectionDispatch.dispatch(ReflectionDispatch.java:19)
  at org.gradle.internal.dispatch.ContextClassLoaderDispatch.dispatch(ContextClassLoaderDispatch.java:33)
  at org.gradle.internal.dispatch.ProxyDispatchAdapter$DispatchingInvocationHandler.invoke(ProxyDispatchAdapter.java:88)
  at jdk.proxy1/jdk.proxy1.$Proxy4.processTestDefinition(Unknown Source)
  at org.gradle.api.internal.tasks.testing.worker.TestWorker$2.run(TestWorker.java:178)
  at org.gradle.api.internal.tasks.testing.worker.TestWorker.executeAndMaintainThreadName(TestWorker.java:126)
  at org.gradle.api.internal.tasks.testing.worker.TestWorker.execute(TestWorker.java:103)
  at org.gradle.api.internal.tasks.testing.worker.TestWorker.execute(TestWorker.java:63)
  at org.gradle.process.internal.worker.child.ActionExecutionWorker.execute(ActionExecutionWorker.java:56)
  at org.gradle.process.internal.worker.child.SystemApplicationClassLoaderWorker.call(SystemApplicationClassLoaderWorker.java:122)
  at org.gradle.process.internal.worker.child.SystemApplicationClassLoaderWorker.call(SystemApplicationClassLoaderWorker.java:72)
  at worker.org.gradle.process.internal.worker.GradleWorkerMain.run(GradleWorkerMain.java:69)
  at worker.org.gradle.process.internal.worker.GradleWorkerMain.main(GradleWorkerMain.java:74)
</stacktrace>
</test-failure>


TypeScriptCompilerTests_M[jvm] > moduleAugmentationImportsAndExports4_ts has expected errors matching moduleAugmentationImportsAndExports4_errors_txt[jvm] FAILED

<test-failure test="com.xemantic.typescript.compiler.TypeScriptCompilerTests_M.mappedTypeGenericIndexedAccess_ts compiles to JavaScript matching mappedTypeGenericIndexedAccess_js" platform="jvm">
<message>
--- expected
+++ actual
@@ -49,6 +49,7 @@
 //// [mappedTypeGenericIndexedAccess.js]
 "use strict";
 // Repro from #49242
+var _a;
 class Test {
     constructor() {
         this.entries = {};
@@ -65,4 +66,4 @@
     [0]: (p) => console.log(p.foo),
     [1]: (p) => console.log(p.a),
 };
-const onSomeEvent = (p) => { var _a; return (_a = typeHandlers[p.t]) === null || _a === void 0 ? void 0 : _a.call(typeHandlers, p); };
+const onSomeEvent = (p) => (_a = typeHandlers[p.t]) === null || _a === void 0 ? void 0 : _a(p);

</message>
<stacktrace>
  at org.junit.Assert.fail(Assert.java:89)
  at kotlin.test.junit.JUnitAsserter.fail(JUnitSupport.kt:56)
  at kotlin.test.AssertionsKt__AssertionsKt.fail(Assertions.kt:563)
  at kotlin.test.AssertionsKt.fail(Unknown Source)
  at com.xemantic.kotlin.test.SameAsKt.sameAs(SameAs.kt:52)
  at com.xemantic.typescript.compiler.TypeScriptTestSupportKt.sameAs(TypeScriptTestSupport.kt:99)
  at com.xemantic.typescript.compiler.TypeScriptCompilerTests_M.mappedTypeGenericIndexedAccess_ts compiles to JavaScript matching mappedTypeGenericIndexedAccess_js(TypeScriptCompilerTests_M.kt:161)
  at java.base/jdk.internal.reflect.DirectMethodHandleAccessor.invoke(DirectMethodHandleAccessor.java:104)
  at java.base/java.lang.reflect.Method.invoke(Method.java:565)
  at org.junit.runners.model.FrameworkMethod$1.runReflectiveCall(FrameworkMethod.java:59)
  at org.junit.internal.runners.model.ReflectiveCallable.run(ReflectiveCallable.java:12)
  at org.junit.runners.model.FrameworkMethod.invokeExplosively(FrameworkMethod.java:56)
  at org.junit.internal.runners.statements.InvokeMethod.evaluate(InvokeMethod.java:17)
  at org.junit.runners.ParentRunner$3.evaluate(ParentRunner.java:306)
  at org.junit.runners.BlockJUnit4ClassRunner$1.evaluate(BlockJUnit4ClassRunner.java:100)
  at org.junit.runners.ParentRunner.runLeaf(ParentRunner.java:366)
  at org.junit.runners.BlockJUnit4ClassRunner.runChild(BlockJUnit4ClassRunner.java:103)
  at org.junit.runners.BlockJUnit4ClassRunner.runChild(BlockJUnit4ClassRunner.java:63)
  at org.junit.runners.ParentRunner$4.run(ParentRunner.java:331)
  at org.junit.runners.ParentRunner$1.schedule(ParentRunner.java:79)
  at org.junit.runners.ParentRunner.runChildren(ParentRunner.java:329)
  at org.junit.runners.ParentRunner.access$100(ParentRunner.java:66)
  at org.junit.runners.ParentRunner$2.evaluate(ParentRunner.java:293)
  at org.junit.runners.ParentRunner$3.evaluate(ParentRunner.java:306)
  at org.junit.runners.ParentRunner.run(ParentRunner.java:413)
  at org.junit.runner.JUnitCore.run(JUnitCore.java:137)
  at org.junit.runner.JUnitCore.run(JUnitCore.java:115)
  at org.gradle.api.internal.tasks.testing.junit.JUnitTestExecutor.runRequest(JUnitTestExecutor.java:175)
  at org.gradle.api.internal.tasks.testing.junit.JUnitTestExecutor.accept(JUnitTestExecutor.java:84)
  at org.gradle.api.internal.tasks.testing.junit.JUnitTestExecutor.accept(JUnitTestExecutor.java:47)
  at org.gradle.api.internal.tasks.testing.junit.AbstractJUnitTestDefinitionProcessor.processTestDefinition(AbstractJUnitTestDefinitionProcessor.java:65)
  at org.gradle.api.internal.tasks.testing.SuiteTestDefinitionProcessor.processTestDefinition(SuiteTestDefinitionProcessor.java:54)
  at java.base/jdk.internal.reflect.DirectMethodHandleAccessor.invoke(DirectMethodHandleAccessor.java:104)
  at java.base/java.lang.reflect.Method.invoke(Method.java:565)
  at org.gradle.internal.dispatch.MethodInvocation.invokeOn(MethodInvocation.java:77)
  at org.gradle.internal.dispatch.ReflectionDispatch.dispatch(ReflectionDispatch.java:28)
  at org.gradle.internal.dispatch.ReflectionDispatch.dispatch(ReflectionDispatch.java:19)
  at org.gradle.internal.dispatch.ContextClassLoaderDispatch.dispatch(ContextClassLoaderDispatch.java:33)
  at org.gradle.internal.dispatch.ProxyDispatchAdapter$DispatchingInvocationHandler.invoke(ProxyDispatchAdapter.java:88)
  at jdk.proxy1/jdk.proxy1.$Proxy4.processTestDefinition(Unknown Source)
  at org.gradle.api.internal.tasks.testing.worker.TestWorker$2.run(TestWorker.java:178)
  at org.gradle.api.internal.tasks.testing.worker.TestWorker.executeAndMaintainThreadName(TestWorker.java:126)
  at org.gradle.api.internal.tasks.testing.worker.TestWorker.execute(TestWorker.java:103)
  at org.gradle.api.internal.tasks.testing.worker.TestWorker.execute(TestWorker.java:63)
  at org.gradle.process.internal.worker.child.ActionExecutionWorker.execute(ActionExecutionWorker.java:56)
  at org.gradle.process.internal.worker.child.SystemApplicationClassLoaderWorker.call(SystemApplicationClassLoaderWorker.java:122)
  at org.gradle.process.internal.worker.child.SystemApplicationClassLoaderWorker.call(SystemApplicationClassLoaderWorker.java:72)
  at worker.org.gradle.process.internal.worker.GradleWorkerMain.run(GradleWorkerMain.java:69)
  at worker.org.gradle.process.internal.worker.GradleWorkerMain.main(GradleWorkerMain.java:74)
</stacktrace>
</test-failure>


TypeScriptCompilerTests_M[jvm] > mappedTypeGenericIndexedAccess_ts compiles to JavaScript matching mappedTypeGenericIndexedAccess_js[jvm] FAILED

<test-failure test="com.xemantic.typescript.compiler.TypeScriptCompilerTests_M.misspelledNewMetaProperty_ts has expected errors matching misspelledNewMetaProperty_errors_txt" platform="jvm">
<message>
Expected diagnostics from baseline typescript-repo/tests/baselines/reference/misspelledNewMetaProperty.errors.txt but none produced
</message>
<stacktrace>
  at com.xemantic.typescript.compiler.TypeScriptTestSupportKt.errorsMatchBaseline(TypeScriptTestSupport.kt:125)
  at com.xemantic.typescript.compiler.TypeScriptCompilerTests_M.misspelledNewMetaProperty_ts has expected errors matching misspelledNewMetaProperty_errors_txt(TypeScriptCompilerTests_M.kt:1330)
  at java.base/jdk.internal.reflect.DirectMethodHandleAccessor.invoke(DirectMethodHandleAccessor.java:104)
  at java.base/java.lang.reflect.Method.invoke(Method.java:565)
  at org.junit.runners.model.FrameworkMethod$1.runReflectiveCall(FrameworkMethod.java:59)
  at org.junit.internal.runners.model.ReflectiveCallable.run(ReflectiveCallable.java:12)
  at org.junit.runners.model.FrameworkMethod.invokeExplosively(FrameworkMethod.java:56)
  at org.junit.internal.runners.statements.InvokeMethod.evaluate(InvokeMethod.java:17)
  at org.junit.runners.ParentRunner$3.evaluate(ParentRunner.java:306)
  at org.junit.runners.BlockJUnit4ClassRunner$1.evaluate(BlockJUnit4ClassRunner.java:100)
  at org.junit.runners.ParentRunner.runLeaf(ParentRunner.java:366)
  at org.junit.runners.BlockJUnit4ClassRunner.runChild(BlockJUnit4ClassRunner.java:103)
  at org.junit.runners.BlockJUnit4ClassRunner.runChild(BlockJUnit4ClassRunner.java:63)
  at org.junit.runners.ParentRunner$4.run(ParentRunner.java:331)
  at org.junit.runners.ParentRunner$1.schedule(ParentRunner.java:79)
  at org.junit.runners.ParentRunner.runChildren(ParentRunner.java:329)
  at org.junit.runners.ParentRunner.access$100(ParentRunner.java:66)
  at org.junit.runners.ParentRunner$2.evaluate(ParentRunner.java:293)
  at org.junit.runners.ParentRunner$3.evaluate(ParentRunner.java:306)
  at org.junit.runners.ParentRunner.run(ParentRunner.java:413)
  at org.junit.runner.JUnitCore.run(JUnitCore.java:137)
  at org.junit.runner.JUnitCore.run(JUnitCore.java:115)
  at org.gradle.api.internal.tasks.testing.junit.JUnitTestExecutor.runRequest(JUnitTestExecutor.java:175)
  at org.gradle.api.internal.tasks.testing.junit.JUnitTestExecutor.accept(JUnitTestExecutor.java:84)
  at org.gradle.api.internal.tasks.testing.junit.JUnitTestExecutor.accept(JUnitTestExecutor.java:47)
  at org.gradle.api.internal.tasks.testing.junit.AbstractJUnitTestDefinitionProcessor.processTestDefinition(AbstractJUnitTestDefinitionProcessor.java:65)
  at org.gradle.api.internal.tasks.testing.SuiteTestDefinitionProcessor.processTestDefinition(SuiteTestDefinitionProcessor.java:54)
  at java.base/jdk.internal.reflect.DirectMethodHandleAccessor.invoke(DirectMethodHandleAccessor.java:104)
  at java.base/java.lang.reflect.Method.invoke(Method.java:565)
  at org.gradle.internal.dispatch.MethodInvocation.invokeOn(MethodInvocation.java:77)
  at org.gradle.internal.dispatch.ReflectionDispatch.dispatch(ReflectionDispatch.java:28)
  at org.gradle.internal.dispatch.ReflectionDispatch.dispatch(ReflectionDispatch.java:19)
  at org.gradle.internal.dispatch.ContextClassLoaderDispatch.dispatch(ContextClassLoaderDispatch.java:33)
  at org.gradle.internal.dispatch.ProxyDispatchAdapter$DispatchingInvocationHandler.invoke(ProxyDispatchAdapter.java:88)
  at jdk.proxy1/jdk.proxy1.$Proxy4.processTestDefinition(Unknown Source)
  at org.gradle.api.internal.tasks.testing.worker.TestWorker$2.run(TestWorker.java:178)
  at org.gradle.api.internal.tasks.testing.worker.TestWorker.executeAndMaintainThreadName(TestWorker.java:126)
  at org.gradle.api.internal.tasks.testing.worker.TestWorker.execute(TestWorker.java:103)
  at org.gradle.api.internal.tasks.testing.worker.TestWorker.execute(TestWorker.java:63)
  at org.gradle.process.internal.worker.child.ActionExecutionWorker.execute(ActionExecutionWorker.java:56)
  at org.gradle.process.internal.worker.child.SystemApplicationClassLoaderWorker.call(SystemApplicationClassLoaderWorker.java:122)
  at org.gradle.process.internal.worker.child.SystemApplicationClassLoaderWorker.call(SystemApplicationClassLoaderWorker.java:72)
  at worker.org.gradle.process.internal.worker.GradleWorkerMain.run(GradleWorkerMain.java:69)
  at worker.org.gradle.process.internal.worker.GradleWorkerMain.main(GradleWorkerMain.java:74)
</stacktrace>
</test-failure>


TypeScriptCompilerTests_M[jvm] > misspelledNewMetaProperty_ts has expected errors matching misspelledNewMetaProperty_errors_txt[jvm] FAILED

<test-failure test="com.xemantic.typescript.compiler.TypeScriptCompilerTests_M.mixedStaticAndInstanceClassMembers_ts has expected errors matching mixedStaticAndInstanceClassMembers_errors_txt" platform="jvm">
<message>
Expected diagnostics from baseline typescript-repo/tests/baselines/reference/mixedStaticAndInstanceClassMembers.errors.txt but none produced
</message>
<stacktrace>
  at com.xemantic.typescript.compiler.TypeScriptTestSupportKt.errorsMatchBaseline(TypeScriptTestSupport.kt:125)
  at com.xemantic.typescript.compiler.TypeScriptCompilerTests_M.mixedStaticAndInstanceClassMembers_ts has expected errors matching mixedStaticAndInstanceClassMembers_errors_txt(TypeScriptCompilerTests_M.kt:1351)
  at java.base/jdk.internal.reflect.DirectMethodHandleAccessor.invoke(DirectMethodHandleAccessor.java:104)
  at java.base/java.lang.reflect.Method.invoke(Method.java:565)
  at org.junit.runners.model.FrameworkMethod$1.runReflectiveCall(FrameworkMethod.java:59)
  at org.junit.internal.runners.model.ReflectiveCallable.run(ReflectiveCallable.java:12)
  at org.junit.runners.model.FrameworkMethod.invokeExplosively(FrameworkMethod.java:56)
  at org.junit.internal.runners.statements.InvokeMethod.evaluate(InvokeMethod.java:17)
  at org.junit.runners.ParentRunner$3.evaluate(ParentRunner.java:306)
  at org.junit.runners.BlockJUnit4ClassRunner$1.evaluate(BlockJUnit4ClassRunner.java:100)
  at org.junit.runners.ParentRunner.runLeaf(ParentRunner.java:366)
  at org.junit.runners.BlockJUnit4ClassRunner.runChild(BlockJUnit4ClassRunner.java:103)
  at org.junit.runners.BlockJUnit4ClassRunner.runChild(BlockJUnit4ClassRunner.java:63)
  at org.junit.runners.ParentRunner$4.run(ParentRunner.java:331)
  at org.junit.runners.ParentRunner$1.schedule(ParentRunner.java:79)
  at org.junit.runners.ParentRunner.runChildren(ParentRunner.java:329)
  at org.junit.runners.ParentRunner.access$100(ParentRunner.java:66)
  at org.junit.runners.ParentRunner$2.evaluate(ParentRunner.java:293)
  at org.junit.runners.ParentRunner$3.evaluate(ParentRunner.java:306)
  at org.junit.runners.ParentRunner.run(ParentRunner.java:413)
  at org.junit.runner.JUnitCore.run(JUnitCore.java:137)
  at org.junit.runner.JUnitCore.run(JUnitCore.java:115)
  at org.gradle.api.internal.tasks.testing.junit.JUnitTestExecutor.runRequest(JUnitTestExecutor.java:175)
  at org.gradle.api.internal.tasks.testing.junit.JUnitTestExecutor.accept(JUnitTestExecutor.java:84)
  at org.gradle.api.internal.tasks.testing.junit.JUnitTestExecutor.accept(JUnitTestExecutor.java:47)
  at org.gradle.api.internal.tasks.testing.junit.AbstractJUnitTestDefinitionProcessor.processTestDefinition(AbstractJUnitTestDefinitionProcessor.java:65)
  at org.gradle.api.internal.tasks.testing.SuiteTestDefinitionProcessor.processTestDefinition(SuiteTestDefinitionProcessor.java:54)
  at java.base/jdk.internal.reflect.DirectMethodHandleAccessor.invoke(DirectMethodHandleAccessor.java:104)
  at java.base/java.lang.reflect.Method.invoke(Method.java:565)
  at org.gradle.internal.dispatch.MethodInvocation.invokeOn(MethodInvocation.java:77)
  at org.gradle.internal.dispatch.ReflectionDispatch.dispatch(ReflectionDispatch.java:28)
  at org.gradle.internal.dispatch.ReflectionDispatch.dispatch(ReflectionDispatch.java:19)
  at org.gradle.internal.dispatch.ContextClassLoaderDispatch.dispatch(ContextClassLoaderDispatch.java:33)
  at org.gradle.internal.dispatch.ProxyDispatchAdapter$DispatchingInvocationHandler.invoke(ProxyDispatchAdapter.java:88)
  at jdk.proxy1/jdk.proxy1.$Proxy4.processTestDefinition(Unknown Source)
  at org.gradle.api.internal.tasks.testing.worker.TestWorker$2.run(TestWorker.java:178)
  at org.gradle.api.internal.tasks.testing.worker.TestWorker.executeAndMaintainThreadName(TestWorker.java:126)
  at org.gradle.api.internal.tasks.testing.worker.TestWorker.execute(TestWorker.java:103)
  at org.gradle.api.internal.tasks.testing.worker.TestWorker.execute(TestWorker.java:63)
  at org.gradle.process.internal.worker.child.ActionExecutionWorker.execute(ActionExecutionWorker.java:56)
  at org.gradle.process.internal.worker.child.SystemApplicationClassLoaderWorker.call(SystemApplicationClassLoaderWorker.java:122)
  at org.gradle.process.internal.worker.child.SystemApplicationClassLoaderWorker.call(SystemApplicationClassLoaderWorker.java:72)
  at worker.org.gradle.process.internal.worker.GradleWorkerMain.run(GradleWorkerMain.java:69)
  at worker.org.gradle.process.internal.worker.GradleWorkerMain.main(GradleWorkerMain.java:74)
</stacktrace>
</test-failure>


TypeScriptCompilerTests_M[jvm] > mixedStaticAndInstanceClassMembers_ts has expected errors matching mixedStaticAndInstanceClassMembers_errors_txt[jvm] FAILED

<test-failure test="com.xemantic.typescript.compiler.TypeScriptCompilerTests_M.multiLineContextDiagnosticWithPretty_ts has expected errors matching multiLineContextDiagnosticWithPretty_errors_txt" platform="jvm">
<message>
Expected diagnostics from baseline typescript-repo/tests/baselines/reference/multiLineContextDiagnosticWithPretty.errors.txt but none produced
</message>
<stacktrace>
  at com.xemantic.typescript.compiler.TypeScriptTestSupportKt.errorsMatchBaseline(TypeScriptTestSupport.kt:125)
  at com.xemantic.typescript.compiler.TypeScriptCompilerTests_M.multiLineContextDiagnosticWithPretty_ts has expected errors matching multiLineContextDiagnosticWithPretty_errors_txt(TypeScriptCompilerTests_M.kt:3878)
  at java.base/jdk.internal.reflect.DirectMethodHandleAccessor.invoke(DirectMethodHandleAccessor.java:104)
  at java.base/java.lang.reflect.Method.invoke(Method.java:565)
  at org.junit.runners.model.FrameworkMethod$1.runReflectiveCall(FrameworkMethod.java:59)
  at org.junit.internal.runners.model.ReflectiveCallable.run(ReflectiveCallable.java:12)
  at org.junit.runners.model.FrameworkMethod.invokeExplosively(FrameworkMethod.java:56)
  at org.junit.internal.runners.statements.InvokeMethod.evaluate(InvokeMethod.java:17)
  at org.junit.runners.ParentRunner$3.evaluate(ParentRunner.java:306)
  at org.junit.runners.BlockJUnit4ClassRunner$1.evaluate(BlockJUnit4ClassRunner.java:100)
  at org.junit.runners.ParentRunner.runLeaf(ParentRunner.java:366)
  at org.junit.runners.BlockJUnit4ClassRunner.runChild(BlockJUnit4ClassRunner.java:103)
  at org.junit.runners.BlockJUnit4ClassRunner.runChild(BlockJUnit4ClassRunner.java:63)
  at org.junit.runners.ParentRunner$4.run(ParentRunner.java:331)
  at org.junit.runners.ParentRunner$1.schedule(ParentRunner.java:79)
  at org.junit.runners.ParentRunner.runChildren(ParentRunner.java:329)
  at org.junit.runners.ParentRunner.access$100(ParentRunner.java:66)
  at org.junit.runners.ParentRunner$2.evaluate(ParentRunner.java:293)
  at org.junit.runners.ParentRunner$3.evaluate(ParentRunner.java:306)
  at org.junit.runners.ParentRunner.run(ParentRunner.java:413)
  at org.junit.runner.JUnitCore.run(JUnitCore.java:137)
  at org.junit.runner.JUnitCore.run(JUnitCore.java:115)
  at org.gradle.api.internal.tasks.testing.junit.JUnitTestExecutor.runRequest(JUnitTestExecutor.java:175)
  at org.gradle.api.internal.tasks.testing.junit.JUnitTestExecutor.accept(JUnitTestExecutor.java:84)
  at org.gradle.api.internal.tasks.testing.junit.JUnitTestExecutor.accept(JUnitTestExecutor.java:47)
  at org.gradle.api.internal.tasks.testing.junit.AbstractJUnitTestDefinitionProcessor.processTestDefinition(AbstractJUnitTestDefinitionProcessor.java:65)
  at org.gradle.api.internal.tasks.testing.SuiteTestDefinitionProcessor.processTestDefinition(SuiteTestDefinitionProcessor.java:54)
  at java.base/jdk.internal.reflect.DirectMethodHandleAccessor.invoke(DirectMethodHandleAccessor.java:104)
  at java.base/java.lang.reflect.Method.invoke(Method.java:565)
  at org.gradle.internal.dispatch.MethodInvocation.invokeOn(MethodInvocation.java:77)
  at org.gradle.internal.dispatch.ReflectionDispatch.dispatch(ReflectionDispatch.java:28)
  at org.gradle.internal.dispatch.ReflectionDispatch.dispatch(ReflectionDispatch.java:19)
  at org.gradle.internal.dispatch.ContextClassLoaderDispatch.dispatch(ContextClassLoaderDispatch.java:33)
  at org.gradle.internal.dispatch.ProxyDispatchAdapter$DispatchingInvocationHandler.invoke(ProxyDispatchAdapter.java:88)
  at jdk.proxy1/jdk.proxy1.$Proxy4.processTestDefinition(Unknown Source)
  at org.gradle.api.internal.tasks.testing.worker.TestWorker$2.run(TestWorker.java:178)
  at org.gradle.api.internal.tasks.testing.worker.TestWorker.executeAndMaintainThreadName(TestWorker.java:126)
  at org.gradle.api.internal.tasks.testing.worker.TestWorker.execute(TestWorker.java:103)
  at org.gradle.api.internal.tasks.testing.worker.TestWorker.execute(TestWorker.java:63)
  at org.gradle.process.internal.worker.child.ActionExecutionWorker.execute(ActionExecutionWorker.java:56)
  at org.gradle.process.internal.worker.child.SystemApplicationClassLoaderWorker.call(SystemApplicationClassLoaderWorker.java:122)
  at org.gradle.process.internal.worker.child.SystemApplicationClassLoaderWorker.call(SystemApplicationClassLoaderWorker.java:72)
  at worker.org.gradle.process.internal.worker.GradleWorkerMain.run(GradleWorkerMain.java:69)
  at worker.org.gradle.process.internal.worker.GradleWorkerMain.main(GradleWorkerMain.java:74)
</stacktrace>
</test-failure>


TypeScriptCompilerTests_M[jvm] > multiLineContextDiagnosticWithPretty_ts has expected errors matching multiLineContextDiagnosticWithPretty_errors_txt[jvm] FAILED

<test-failure test="com.xemantic.typescript.compiler.TypeScriptCompilerTests_M.moduleResolutionWithSymlinks_notInNodeModules_ts compiles to JavaScript matching moduleResolutionWithSymlinks_notInNodeModules_js" platform="jvm">
<message>
--- expected
+++ actual
@@ -9,16 +9,11 @@
 x + x2;
 
 
-//// [/src/bin/shared/abc.js]
+//// [/src/bin/abc.js]
 "use strict";
 Object.defineProperty(exports, "__esModule", { value: true });
 exports.x = void 0;
 exports.x = 0;
-//// [/src/bin/shared2/abc.js]
-"use strict";
-Object.defineProperty(exports, "__esModule", { value: true });
-exports.x = void 0;
-exports.x = 0;
 //// [/src/bin/app.js]
 "use strict";
 Object.defineProperty(exports, "__esModule", { value: true });

</message>
<stacktrace>
  at org.junit.Assert.fail(Assert.java:89)
  at kotlin.test.junit.JUnitAsserter.fail(JUnitSupport.kt:56)
  at kotlin.test.AssertionsKt__AssertionsKt.fail(Assertions.kt:563)
  at kotlin.test.AssertionsKt.fail(Unknown Source)
  at com.xemantic.kotlin.test.SameAsKt.sameAs(SameAs.kt:52)
  at com.xemantic.typescript.compiler.TypeScriptTestSupportKt.sameAs(TypeScriptTestSupport.kt:99)
  at com.xemantic.typescript.compiler.TypeScriptCompilerTests_M.moduleResolutionWithSymlinks_notInNodeModules_ts compiles to JavaScript matching moduleResolutionWithSymlinks_notInNodeModules_js(TypeScriptCompilerTests_M.kt:3437)
  at java.base/jdk.internal.reflect.DirectMethodHandleAccessor.invoke(DirectMethodHandleAccessor.java:104)
  at java.base/java.lang.reflect.Method.invoke(Method.java:565)
  at org.junit.runners.model.FrameworkMethod$1.runReflectiveCall(FrameworkMethod.java:59)
  at org.junit.internal.runners.model.ReflectiveCallable.run(ReflectiveCallable.java:12)
  at org.junit.runners.model.FrameworkMethod.invokeExplosively(FrameworkMethod.java:56)
  at org.junit.internal.runners.statements.InvokeMethod.evaluate(InvokeMethod.java:17)
  at org.junit.runners.ParentRunner$3.evaluate(ParentRunner.java:306)
  at org.junit.runners.BlockJUnit4ClassRunner$1.evaluate(BlockJUnit4ClassRunner.java:100)
  at org.junit.runners.ParentRunner.runLeaf(ParentRunner.java:366)
  at org.junit.runners.BlockJUnit4ClassRunner.runChild(BlockJUnit4ClassRunner.java:103)
  at org.junit.runners.BlockJUnit4ClassRunner.runChild(BlockJUnit4ClassRunner.java:63)
  at org.junit.runners.ParentRunner$4.run(ParentRunner.java:331)
  at org.junit.runners.ParentRunner$1.schedule(ParentRunner.java:79)
  at org.junit.runners.ParentRunner.runChildren(ParentRunner.java:329)
  at org.junit.runners.ParentRunner.access$100(ParentRunner.java:66)
  at org.junit.runners.ParentRunner$2.evaluate(ParentRunner.java:293)
  at org.junit.runners.ParentRunner$3.evaluate(ParentRunner.java:306)
  at org.junit.runners.ParentRunner.run(ParentRunner.java:413)
  at org.junit.runner.JUnitCore.run(JUnitCore.java:137)
  at org.junit.runner.JUnitCore.run(JUnitCore.java:115)
  at org.gradle.api.internal.tasks.testing.junit.JUnitTestExecutor.runRequest(JUnitTestExecutor.java:175)
  at org.gradle.api.internal.tasks.testing.junit.JUnitTestExecutor.accept(JUnitTestExecutor.java:84)
  at org.gradle.api.internal.tasks.testing.junit.JUnitTestExecutor.accept(JUnitTestExecutor.java:47)
  at org.gradle.api.internal.tasks.testing.junit.AbstractJUnitTestDefinitionProcessor.processTestDefinition(AbstractJUnitTestDefinitionProcessor.java:65)
  at org.gradle.api.internal.tasks.testing.SuiteTestDefinitionProcessor.processTestDefinition(SuiteTestDefinitionProcessor.java:54)
  at java.base/jdk.internal.reflect.DirectMethodHandleAccessor.invoke(DirectMethodHandleAccessor.java:104)
  at java.base/java.lang.reflect.Method.invoke(Method.java:565)
  at org.gradle.internal.dispatch.MethodInvocation.invokeOn(MethodInvocation.java:77)
  at org.gradle.internal.dispatch.ReflectionDispatch.dispatch(ReflectionDispatch.java:28)
  at org.gradle.internal.dispatch.ReflectionDispatch.dispatch(ReflectionDispatch.java:19)
  at org.gradle.internal.dispatch.ContextClassLoaderDispatch.dispatch(ContextClassLoaderDispatch.java:33)
  at org.gradle.internal.dispatch.ProxyDispatchAdapter$DispatchingInvocationHandler.invoke(ProxyDispatchAdapter.java:88)
  at jdk.proxy1/jdk.proxy1.$Proxy4.processTestDefinition(Unknown Source)
  at org.gradle.api.internal.tasks.testing.worker.TestWorker$2.run(TestWorker.java:178)
  at org.gradle.api.internal.tasks.testing.worker.TestWorker.executeAndMaintainThreadName(TestWorker.java:126)
  at org.gradle.api.internal.tasks.testing.worker.TestWorker.execute(TestWorker.java:103)
  at org.gradle.api.internal.tasks.testing.worker.TestWorker.execute(TestWorker.java:63)
  at org.gradle.process.internal.worker.child.ActionExecutionWorker.execute(ActionExecutionWorker.java:56)
  at org.gradle.process.internal.worker.child.SystemApplicationClassLoaderWorker.call(SystemApplicationClassLoaderWorker.java:122)
  at org.gradle.process.internal.worker.child.SystemApplicationClassLoaderWorker.call(SystemApplicationClassLoaderWorker.java:72)
  at worker.org.gradle.process.internal.worker.GradleWorkerMain.run(GradleWorkerMain.java:69)
  at worker.org.gradle.process.internal.worker.GradleWorkerMain.main(GradleWorkerMain.java:74)
</stacktrace>
</test-failure>


TypeScriptCompilerTests_M[jvm] > moduleResolutionWithSymlinks_notInNodeModules_ts compiles to JavaScript matching moduleResolutionWithSymlinks_notInNodeModules_js[jvm] FAILED

<test-failure test="com.xemantic.typescript.compiler.TypeScriptCompilerTests_M.mismatchedExplicitTypeParameterAndArgumentType_ts has expected errors matching mismatchedExplicitTypeParameterAndArgumentType_errors_txt" platform="jvm">
<message>
Expected diagnostics from baseline typescript-repo/tests/baselines/reference/mismatchedExplicitTypeParameterAndArgumentType.errors.txt but none produced
</message>
<stacktrace>
  at com.xemantic.typescript.compiler.TypeScriptTestSupportKt.errorsMatchBaseline(TypeScriptTestSupport.kt:125)
  at com.xemantic.typescript.compiler.TypeScriptCompilerTests_M.mismatchedExplicitTypeParameterAndArgumentType_ts has expected errors matching mismatchedExplicitTypeParameterAndArgumentType_errors_txt(TypeScriptCompilerTests_M.kt:1008)
  at java.base/jdk.internal.reflect.DirectMethodHandleAccessor.invoke(DirectMethodHandleAccessor.java:104)
  at java.base/java.lang.reflect.Method.invoke(Method.java:565)
  at org.junit.runners.model.FrameworkMethod$1.runReflectiveCall(FrameworkMethod.java:59)
  at org.junit.internal.runners.model.ReflectiveCallable.run(ReflectiveCallable.java:12)
  at org.junit.runners.model.FrameworkMethod.invokeExplosively(FrameworkMethod.java:56)
  at org.junit.internal.runners.statements.InvokeMethod.evaluate(InvokeMethod.java:17)
  at org.junit.runners.ParentRunner$3.evaluate(ParentRunner.java:306)
  at org.junit.runners.BlockJUnit4ClassRunner$1.evaluate(BlockJUnit4ClassRunner.java:100)
  at org.junit.runners.ParentRunner.runLeaf(ParentRunner.java:366)
  at org.junit.runners.BlockJUnit4ClassRunner.runChild(BlockJUnit4ClassRunner.java:103)
  at org.junit.runners.BlockJUnit4ClassRunner.runChild(BlockJUnit4ClassRunner.java:63)
  at org.junit.runners.ParentRunner$4.run(ParentRunner.java:331)
  at org.junit.runners.ParentRunner$1.schedule(ParentRunner.java:79)
  at org.junit.runners.ParentRunner.runChildren(ParentRunner.java:329)
  at org.junit.runners.ParentRunner.access$100(ParentRunner.java:66)
  at org.junit.runners.ParentRunner$2.evaluate(ParentRunner.java:293)
  at org.junit.runners.ParentRunner$3.evaluate(ParentRunner.java:306)
  at org.junit.runners.ParentRunner.run(ParentRunner.java:413)
  at org.junit.runner.JUnitCore.run(JUnitCore.java:137)
  at org.junit.runner.JUnitCore.run(JUnitCore.java:115)
  at org.gradle.api.internal.tasks.testing.junit.JUnitTestExecutor.runRequest(JUnitTestExecutor.java:175)
  at org.gradle.api.internal.tasks.testing.junit.JUnitTestExecutor.accept(JUnitTestExecutor.java:84)
  at org.gradle.api.internal.tasks.testing.junit.JUnitTestExecutor.accept(JUnitTestExecutor.java:47)
  at org.gradle.api.internal.tasks.testing.junit.AbstractJUnitTestDefinitionProcessor.processTestDefinition(AbstractJUnitTestDefinitionProcessor.java:65)
  at org.gradle.api.internal.tasks.testing.SuiteTestDefinitionProcessor.processTestDefinition(SuiteTestDefinitionProcessor.java:54)
  at java.base/jdk.internal.reflect.DirectMethodHandleAccessor.invoke(DirectMethodHandleAccessor.java:104)
  at java.base/java.lang.reflect.Method.invoke(Method.java:565)
  at org.gradle.internal.dispatch.MethodInvocation.invokeOn(MethodInvocation.java:77)
  at org.gradle.internal.dispatch.ReflectionDispatch.dispatch(ReflectionDispatch.java:28)
  at org.gradle.internal.dispatch.ReflectionDispatch.dispatch(ReflectionDispatch.java:19)
  at org.gradle.internal.dispatch.ContextClassLoaderDispatch.dispatch(ContextClassLoaderDispatch.java:33)
  at org.gradle.internal.dispatch.ProxyDispatchAdapter$DispatchingInvocationHandler.invoke(ProxyDispatchAdapter.java:88)
  at jdk.proxy1/jdk.proxy1.$Proxy4.processTestDefinition(Unknown Source)
  at org.gradle.api.internal.tasks.testing.worker.TestWorker$2.run(TestWorker.java:178)
  at org.gradle.api.internal.tasks.testing.worker.TestWorker.executeAndMaintainThreadName(TestWorker.java:126)
  at org.gradle.api.internal.tasks.testing.worker.TestWorker.execute(TestWorker.java:103)
  at org.gradle.api.internal.tasks.testing.worker.TestWorker.execute(TestWorker.java:63)
  at org.gradle.process.internal.worker.child.ActionExecutionWorker.execute(ActionExecutionWorker.java:56)
  at org.gradle.process.internal.worker.child.SystemApplicationClassLoaderWorker.call(SystemApplicationClassLoaderWorker.java:122)
  at org.gradle.process.internal.worker.child.SystemApplicationClassLoaderWorker.call(SystemApplicationClassLoaderWorker.java:72)
  at worker.org.gradle.process.internal.worker.GradleWorkerMain.run(GradleWorkerMain.java:69)
  at worker.org.gradle.process.internal.worker.GradleWorkerMain.main(GradleWorkerMain.java:74)
</stacktrace>
</test-failure>


TypeScriptCompilerTests_M[jvm] > mismatchedExplicitTypeParameterAndArgumentType_ts has expected errors matching mismatchedExplicitTypeParameterAndArgumentType_errors_txt[jvm] FAILED

<test-failure test="com.xemantic.typescript.compiler.TypeScriptCompilerTests_M.missingRequiredDeclare_d_ts has expected errors matching missingRequiredDeclare_d_errors_txt" platform="jvm">
<message>
Expected diagnostics from baseline typescript-repo/tests/baselines/reference/missingRequiredDeclare.d.errors.txt but none produced
</message>
<stacktrace>
  at com.xemantic.typescript.compiler.TypeScriptTestSupportKt.errorsMatchBaseline(TypeScriptTestSupport.kt:125)
  at com.xemantic.typescript.compiler.TypeScriptCompilerTests_M.missingRequiredDeclare_d_ts has expected errors matching missingRequiredDeclare_d_errors_txt(TypeScriptCompilerTests_M.kt:1239)
  at java.base/jdk.internal.reflect.DirectMethodHandleAccessor.invoke(DirectMethodHandleAccessor.java:104)
  at java.base/java.lang.reflect.Method.invoke(Method.java:565)
  at org.junit.runners.model.FrameworkMethod$1.runReflectiveCall(FrameworkMethod.java:59)
  at org.junit.internal.runners.model.ReflectiveCallable.run(ReflectiveCallable.java:12)
  at org.junit.runners.model.FrameworkMethod.invokeExplosively(FrameworkMethod.java:56)
  at org.junit.internal.runners.statements.InvokeMethod.evaluate(InvokeMethod.java:17)
  at org.junit.runners.ParentRunner$3.evaluate(ParentRunner.java:306)
  at org.junit.runners.BlockJUnit4ClassRunner$1.evaluate(BlockJUnit4ClassRunner.java:100)
  at org.junit.runners.ParentRunner.runLeaf(ParentRunner.java:366)
  at org.junit.runners.BlockJUnit4ClassRunner.runChild(BlockJUnit4ClassRunner.java:103)
  at org.junit.runners.BlockJUnit4ClassRunner.runChild(BlockJUnit4ClassRunner.java:63)
  at org.junit.runners.ParentRunner$4.run(ParentRunner.java:331)
  at org.junit.runners.ParentRunner$1.schedule(ParentRunner.java:79)
  at org.junit.runners.ParentRunner.runChildren(ParentRunner.java:329)
  at org.junit.runners.ParentRunner.access$100(ParentRunner.java:66)
  at org.junit.runners.ParentRunner$2.evaluate(ParentRunner.java:293)
  at org.junit.runners.ParentRunner$3.evaluate(ParentRunner.java:306)
  at org.junit.runners.ParentRunner.run(ParentRunner.java:413)
  at org.junit.runner.JUnitCore.run(JUnitCore.java:137)
  at org.junit.runner.JUnitCore.run(JUnitCore.java:115)
  at org.gradle.api.internal.tasks.testing.junit.JUnitTestExecutor.runRequest(JUnitTestExecutor.java:175)
  at org.gradle.api.internal.tasks.testing.junit.JUnitTestExecutor.accept(JUnitTestExecutor.java:84)
  at org.gradle.api.internal.tasks.testing.junit.JUnitTestExecutor.accept(JUnitTestExecutor.java:47)
  at org.gradle.api.internal.tasks.testing.junit.AbstractJUnitTestDefinitionProcessor.processTestDefinition(AbstractJUnitTestDefinitionProcessor.java:65)
  at org.gradle.api.internal.tasks.testing.SuiteTestDefinitionProcessor.processTestDefinition(SuiteTestDefinitionProcessor.java:54)
  at java.base/jdk.internal.reflect.DirectMethodHandleAccessor.invoke(DirectMethodHandleAccessor.java:104)
  at java.base/java.lang.reflect.Method.invoke(Method.java:565)
  at org.gradle.internal.dispatch.MethodInvocation.invokeOn(MethodInvocation.java:77)
  at org.gradle.internal.dispatch.ReflectionDispatch.dispatch(ReflectionDispatch.java:28)
  at org.gradle.internal.dispatch.ReflectionDispatch.dispatch(ReflectionDispatch.java:19)
  at org.gradle.internal.dispatch.ContextClassLoaderDispatch.dispatch(ContextClassLoaderDispatch.java:33)
  at org.gradle.internal.dispatch.ProxyDispatchAdapter$DispatchingInvocationHandler.invoke(ProxyDispatchAdapter.java:88)
  at jdk.proxy1/jdk.proxy1.$Proxy4.processTestDefinition(Unknown Source)
  at org.gradle.api.internal.tasks.testing.worker.TestWorker$2.run(TestWorker.java:178)
  at org.gradle.api.internal.tasks.testing.worker.TestWorker.executeAndMaintainThreadName(TestWorker.java:126)
  at org.gradle.api.internal.tasks.testing.worker.TestWorker.execute(TestWorker.java:103)
  at org.gradle.api.internal.tasks.testing.worker.TestWorker.execute(TestWorker.java:63)
  at org.gradle.process.internal.worker.child.ActionExecutionWorker.execute(ActionExecutionWorker.java:56)
  at org.gradle.process.internal.worker.child.SystemApplicationClassLoaderWorker.call(SystemApplicationClassLoaderWorker.java:122)
  at org.gradle.process.internal.worker.child.SystemApplicationClassLoaderWorker.call(SystemApplicationClassLoaderWorker.java:72)
  at worker.org.gradle.process.internal.worker.GradleWorkerMain.run(GradleWorkerMain.java:69)
  at worker.org.gradle.process.internal.worker.GradleWorkerMain.main(GradleWorkerMain.java:74)
</stacktrace>
</test-failure>


TypeScriptCompilerTests_M[jvm] > missingRequiredDeclare_d_ts has expected errors matching missingRequiredDeclare_d_errors_txt[jvm] FAILED

<test-failure test="com.xemantic.typescript.compiler.TypeScriptCompilerTests_M.moduleAssignmentCompat2_ts has expected errors matching moduleAssignmentCompat2_errors_txt" platform="jvm">
<message>
Expected diagnostics from baseline typescript-repo/tests/baselines/reference/moduleAssignmentCompat2.errors.txt but none produced
</message>
<stacktrace>
  at com.xemantic.typescript.compiler.TypeScriptTestSupportKt.errorsMatchBaseline(TypeScriptTestSupport.kt:125)
  at com.xemantic.typescript.compiler.TypeScriptCompilerTests_M.moduleAssignmentCompat2_ts has expected errors matching moduleAssignmentCompat2_errors_txt(TypeScriptCompilerTests_M.kt:1736)
  at java.base/jdk.internal.reflect.DirectMethodHandleAccessor.invoke(DirectMethodHandleAccessor.java:104)
  at java.base/java.lang.reflect.Method.invoke(Method.java:565)
  at org.junit.runners.model.FrameworkMethod$1.runReflectiveCall(FrameworkMethod.java:59)
  at org.junit.internal.runners.model.ReflectiveCallable.run(ReflectiveCallable.java:12)
  at org.junit.runners.model.FrameworkMethod.invokeExplosively(FrameworkMethod.java:56)
  at org.junit.internal.runners.statements.InvokeMethod.evaluate(InvokeMethod.java:17)
  at org.junit.runners.ParentRunner$3.evaluate(ParentRunner.java:306)
  at org.junit.runners.BlockJUnit4ClassRunner$1.evaluate(BlockJUnit4ClassRunner.java:100)
  at org.junit.runners.ParentRunner.runLeaf(ParentRunner.java:366)
  at org.junit.runners.BlockJUnit4ClassRunner.runChild(BlockJUnit4ClassRunner.java:103)
  at org.junit.runners.BlockJUnit4ClassRunner.runChild(BlockJUnit4ClassRunner.java:63)
  at org.junit.runners.ParentRunner$4.run(ParentRunner.java:331)
  at org.junit.runners.ParentRunner$1.schedule(ParentRunner.java:79)
  at org.junit.runners.ParentRunner.runChildren(ParentRunner.java:329)
  at org.junit.runners.ParentRunner.access$100(ParentRunner.java:66)
  at org.junit.runners.ParentRunner$2.evaluate(ParentRunner.java:293)
  at org.junit.runners.ParentRunner$3.evaluate(ParentRunner.java:306)
  at org.junit.runners.ParentRunner.run(ParentRunner.java:413)
  at org.junit.runner.JUnitCore.run(JUnitCore.java:137)
  at org.junit.runner.JUnitCore.run(JUnitCore.java:115)
  at org.gradle.api.internal.tasks.testing.junit.JUnitTestExecutor.runRequest(JUnitTestExecutor.java:175)
  at org.gradle.api.internal.tasks.testing.junit.JUnitTestExecutor.accept(JUnitTestExecutor.java:84)
  at org.gradle.api.internal.tasks.testing.junit.JUnitTestExecutor.accept(JUnitTestExecutor.java:47)
  at org.gradle.api.internal.tasks.testing.junit.AbstractJUnitTestDefinitionProcessor.processTestDefinition(AbstractJUnitTestDefinitionProcessor.java:65)
  at org.gradle.api.internal.tasks.testing.SuiteTestDefinitionProcessor.processTestDefinition(SuiteTestDefinitionProcessor.java:54)
  at java.base/jdk.internal.reflect.DirectMethodHandleAccessor.invoke(DirectMethodHandleAccessor.java:104)
  at java.base/java.lang.reflect.Method.invoke(Method.java:565)
  at org.gradle.internal.dispatch.MethodInvocation.invokeOn(MethodInvocation.java:77)
  at org.gradle.internal.dispatch.ReflectionDispatch.dispatch(ReflectionDispatch.java:28)
  at org.gradle.internal.dispatch.ReflectionDispatch.dispatch(ReflectionDispatch.java:19)
  at org.gradle.internal.dispatch.ContextClassLoaderDispatch.dispatch(ContextClassLoaderDispatch.java:33)
  at org.gradle.internal.dispatch.ProxyDispatchAdapter$DispatchingInvocationHandler.invoke(ProxyDispatchAdapter.java:88)
  at jdk.proxy1/jdk.proxy1.$Proxy4.processTestDefinition(Unknown Source)
  at org.gradle.api.internal.tasks.testing.worker.TestWorker$2.run(TestWorker.java:178)
  at org.gradle.api.internal.tasks.testing.worker.TestWorker.executeAndMaintainThreadName(TestWorker.java:126)
  at org.gradle.api.internal.tasks.testing.worker.TestWorker.execute(TestWorker.java:103)
  at org.gradle.api.internal.tasks.testing.worker.TestWorker.execute(TestWorker.java:63)
  at org.gradle.process.internal.worker.child.ActionExecutionWorker.execute(ActionExecutionWorker.java:56)
  at org.gradle.process.internal.worker.child.SystemApplicationClassLoaderWorker.call(SystemApplicationClassLoaderWorker.java:122)
  at org.gradle.process.internal.worker.child.SystemApplicationClassLoaderWorker.call(SystemApplicationClassLoaderWorker.java:72)
  at worker.org.gradle.process.internal.worker.GradleWorkerMain.run(GradleWorkerMain.java:69)
  at worker.org.gradle.process.internal.worker.GradleWorkerMain.main(GradleWorkerMain.java:74)
</stacktrace>
</test-failure>


TypeScriptCompilerTests_M[jvm] > moduleAssignmentCompat2_ts has expected errors matching moduleAssignmentCompat2_errors_txt[jvm] FAILED

<test-failure test="com.xemantic.typescript.compiler.TypeScriptCompilerTests_M.moduleCrashBug1_ts has expected errors matching moduleCrashBug1_errors_txt" platform="jvm">
<message>
Expected diagnostics from baseline typescript-repo/tests/baselines/reference/moduleCrashBug1.errors.txt but none produced
</message>
<stacktrace>
  at com.xemantic.typescript.compiler.TypeScriptTestSupportKt.errorsMatchBaseline(TypeScriptTestSupport.kt:125)
  at com.xemantic.typescript.compiler.TypeScriptCompilerTests_M.moduleCrashBug1_ts has expected errors matching moduleCrashBug1_errors_txt(TypeScriptCompilerTests_M.kt:2373)
  at java.base/jdk.internal.reflect.DirectMethodHandleAccessor.invoke(DirectMethodHandleAccessor.java:104)
  at java.base/java.lang.reflect.Method.invoke(Method.java:565)
  at org.junit.runners.model.FrameworkMethod$1.runReflectiveCall(FrameworkMethod.java:59)
  at org.junit.internal.runners.model.ReflectiveCallable.run(ReflectiveCallable.java:12)
  at org.junit.runners.model.FrameworkMethod.invokeExplosively(FrameworkMethod.java:56)
  at org.junit.internal.runners.statements.InvokeMethod.evaluate(InvokeMethod.java:17)
  at org.junit.runners.ParentRunner$3.evaluate(ParentRunner.java:306)
  at org.junit.runners.BlockJUnit4ClassRunner$1.evaluate(BlockJUnit4ClassRunner.java:100)
  at org.junit.runners.ParentRunner.runLeaf(ParentRunner.java:366)
  at org.junit.runners.BlockJUnit4ClassRunner.runChild(BlockJUnit4ClassRunner.java:103)
  at org.junit.runners.BlockJUnit4ClassRunner.runChild(BlockJUnit4ClassRunner.java:63)
  at org.junit.runners.ParentRunner$4.run(ParentRunner.java:331)
  at org.junit.runners.ParentRunner$1.schedule(ParentRunner.java:79)
  at org.junit.runners.ParentRunner.runChildren(ParentRunner.java:329)
  at org.junit.runners.ParentRunner.access$100(ParentRunner.java:66)
  at org.junit.runners.ParentRunner$2.evaluate(ParentRunner.java:293)
  at org.junit.runners.ParentRunner$3.evaluate(ParentRunner.java:306)
  at org.junit.runners.ParentRunner.run(ParentRunner.java:413)
  at org.junit.runner.JUnitCore.run(JUnitCore.java:137)
  at org.junit.runner.JUnitCore.run(JUnitCore.java:115)
  at org.gradle.api.internal.tasks.testing.junit.JUnitTestExecutor.runRequest(JUnitTestExecutor.java:175)
  at org.gradle.api.internal.tasks.testing.junit.JUnitTestExecutor.accept(JUnitTestExecutor.java:84)
  at org.gradle.api.internal.tasks.testing.junit.JUnitTestExecutor.accept(JUnitTestExecutor.java:47)
  at org.gradle.api.internal.tasks.testing.junit.AbstractJUnitTestDefinitionProcessor.processTestDefinition(AbstractJUnitTestDefinitionProcessor.java:65)
  at org.gradle.api.internal.tasks.testing.SuiteTestDefinitionProcessor.processTestDefinition(SuiteTestDefinitionProcessor.java:54)
  at java.base/jdk.internal.reflect.DirectMethodHandleAccessor.invoke(DirectMethodHandleAccessor.java:104)
  at java.base/java.lang.reflect.Method.invoke(Method.java:565)
  at org.gradle.internal.dispatch.MethodInvocation.invokeOn(MethodInvocation.java:77)
  at org.gradle.internal.dispatch.ReflectionDispatch.dispatch(ReflectionDispatch.java:28)
  at org.gradle.internal.dispatch.ReflectionDispatch.dispatch(ReflectionDispatch.java:19)
  at org.gradle.internal.dispatch.ContextClassLoaderDispatch.dispatch(ContextClassLoaderDispatch.java:33)
  at org.gradle.internal.dispatch.ProxyDispatchAdapter$DispatchingInvocationHandler.invoke(ProxyDispatchAdapter.java:88)
  at jdk.proxy1/jdk.proxy1.$Proxy4.processTestDefinition(Unknown Source)
  at org.gradle.api.internal.tasks.testing.worker.TestWorker$2.run(TestWorker.java:178)
  at org.gradle.api.internal.tasks.testing.worker.TestWorker.executeAndMaintainThreadName(TestWorker.java:126)
  at org.gradle.api.internal.tasks.testing.worker.TestWorker.execute(TestWorker.java:103)
  at org.gradle.api.internal.tasks.testing.worker.TestWorker.execute(TestWorker.java:63)
  at org.gradle.process.internal.worker.child.ActionExecutionWorker.execute(ActionExecutionWorker.java:56)
  at org.gradle.process.internal.worker.child.SystemApplicationClassLoaderWorker.call(SystemApplicationClassLoaderWorker.java:122)
  at org.gradle.process.internal.worker.child.SystemApplicationClassLoaderWorker.call(SystemApplicationClassLoaderWorker.java:72)
  at worker.org.gradle.process.internal.worker.GradleWorkerMain.run(GradleWorkerMain.java:69)
  at worker.org.gradle.process.internal.worker.GradleWorkerMain.main(GradleWorkerMain.java:74)
</stacktrace>
</test-failure>


TypeScriptCompilerTests_M[jvm] > moduleCrashBug1_ts has expected errors matching moduleCrashBug1_errors_txt[jvm] FAILED

<test-failure test="com.xemantic.typescript.compiler.TypeScriptCompilerTests_M.mergedDeclarations7_ts has expected errors matching mergedDeclarations7_errors_txt" platform="jvm">
<message>
Expected diagnostics from baseline typescript-repo/tests/baselines/reference/mergedDeclarations7.errors.txt but none produced
</message>
<stacktrace>
  at com.xemantic.typescript.compiler.TypeScriptTestSupportKt.errorsMatchBaseline(TypeScriptTestSupport.kt:125)
  at com.xemantic.typescript.compiler.TypeScriptCompilerTests_M.mergedDeclarations7_ts has expected errors matching mergedDeclarations7_errors_txt(TypeScriptCompilerTests_M.kt:672)
  at java.base/jdk.internal.reflect.DirectMethodHandleAccessor.invoke(DirectMethodHandleAccessor.java:104)
  at java.base/java.lang.reflect.Method.invoke(Method.java:565)
  at org.junit.runners.model.FrameworkMethod$1.runReflectiveCall(FrameworkMethod.java:59)
  at org.junit.internal.runners.model.ReflectiveCallable.run(ReflectiveCallable.java:12)
  at org.junit.runners.model.FrameworkMethod.invokeExplosively(FrameworkMethod.java:56)
  at org.junit.internal.runners.statements.InvokeMethod.evaluate(InvokeMethod.java:17)
  at org.junit.runners.ParentRunner$3.evaluate(ParentRunner.java:306)
  at org.junit.runners.BlockJUnit4ClassRunner$1.evaluate(BlockJUnit4ClassRunner.java:100)
  at org.junit.runners.ParentRunner.runLeaf(ParentRunner.java:366)
  at org.junit.runners.BlockJUnit4ClassRunner.runChild(BlockJUnit4ClassRunner.java:103)
  at org.junit.runners.BlockJUnit4ClassRunner.runChild(BlockJUnit4ClassRunner.java:63)
  at org.junit.runners.ParentRunner$4.run(ParentRunner.java:331)
  at org.junit.runners.ParentRunner$1.schedule(ParentRunner.java:79)
  at org.junit.runners.ParentRunner.runChildren(ParentRunner.java:329)
  at org.junit.runners.ParentRunner.access$100(ParentRunner.java:66)
  at org.junit.runners.ParentRunner$2.evaluate(ParentRunner.java:293)
  at org.junit.runners.ParentRunner$3.evaluate(ParentRunner.java:306)
  at org.junit.runners.ParentRunner.run(ParentRunner.java:413)
  at org.junit.runner.JUnitCore.run(JUnitCore.java:137)
  at org.junit.runner.JUnitCore.run(JUnitCore.java:115)
  at org.gradle.api.internal.tasks.testing.junit.JUnitTestExecutor.runRequest(JUnitTestExecutor.java:175)
  at org.gradle.api.internal.tasks.testing.junit.JUnitTestExecutor.accept(JUnitTestExecutor.java:84)
  at org.gradle.api.internal.tasks.testing.junit.JUnitTestExecutor.accept(JUnitTestExecutor.java:47)
  at org.gradle.api.internal.tasks.testing.junit.AbstractJUnitTestDefinitionProcessor.processTestDefinition(AbstractJUnitTestDefinitionProcessor.java:65)
  at org.gradle.api.internal.tasks.testing.SuiteTestDefinitionProcessor.processTestDefinition(SuiteTestDefinitionProcessor.java:54)
  at java.base/jdk.internal.reflect.DirectMethodHandleAccessor.invoke(DirectMethodHandleAccessor.java:104)
  at java.base/java.lang.reflect.Method.invoke(Method.java:565)
  at org.gradle.internal.dispatch.MethodInvocation.invokeOn(MethodInvocation.java:77)
  at org.gradle.internal.dispatch.ReflectionDispatch.dispatch(ReflectionDispatch.java:28)
  at org.gradle.internal.dispatch.ReflectionDispatch.dispatch(ReflectionDispatch.java:19)
  at org.gradle.internal.dispatch.ContextClassLoaderDispatch.dispatch(ContextClassLoaderDispatch.java:33)
  at org.gradle.internal.dispatch.ProxyDispatchAdapter$DispatchingInvocationHandler.invoke(ProxyDispatchAdapter.java:88)
  at jdk.proxy1/jdk.proxy1.$Proxy4.processTestDefinition(Unknown Source)
  at org.gradle.api.internal.tasks.testing.worker.TestWorker$2.run(TestWorker.java:178)
  at org.gradle.api.internal.tasks.testing.worker.TestWorker.executeAndMaintainThreadName(TestWorker.java:126)
  at org.gradle.api.internal.tasks.testing.worker.TestWorker.execute(TestWorker.java:103)
  at org.gradle.api.internal.tasks.testing.worker.TestWorker.execute(TestWorker.java:63)
  at org.gradle.process.internal.worker.child.ActionExecutionWorker.execute(ActionExecutionWorker.java:56)
  at org.gradle.process.internal.worker.child.SystemApplicationClassLoaderWorker.call(SystemApplicationClassLoaderWorker.java:122)
  at org.gradle.process.internal.worker.child.SystemApplicationClassLoaderWorker.call(SystemApplicationClassLoaderWorker.java:72)
  at worker.org.gradle.process.internal.worker.GradleWorkerMain.run(GradleWorkerMain.java:69)
  at worker.org.gradle.process.internal.worker.GradleWorkerMain.main(GradleWorkerMain.java:74)
</stacktrace>
</test-failure>


TypeScriptCompilerTests_M[jvm] > mergedDeclarations7_ts has expected errors matching mergedDeclarations7_errors_txt[jvm] FAILED

<test-failure test="com.xemantic.typescript.compiler.TypeScriptCompilerTests_M.multiLineErrors_ts has expected errors matching multiLineErrors_errors_txt" platform="jvm">
<message>
--- expected
+++ actual
@@ -1,21 +1,15 @@
 multiLineErrors.ts(3,22): error TS2355: A function whose declared type is neither 'undefined', 'void', nor 'any' must return a value.
-multiLineErrors.ts(21,1): error TS2322: Type 'A2' is not assignable to type 'A1'.
-  The types of 'x.y' are incompatible between these types.
-    Type 'string' is not assignable to type 'number'.
 
 
-==== multiLineErrors.ts (2 errors) ====
+==== multiLineErrors.ts (1 errors) ====
     var t = 32;
     
     function noReturn(): {
                          ~
+!!! error TS2355: A function whose declared type is neither 'undefined', 'void', nor 'any' must return a value.
         n: string;
-    ~~~~~~~~~~~~~~
         y: number;
-    ~~~~~~~~~~~~~~
     }
-    ~
-!!! error TS2355: A function whose declared type is neither 'undefined', 'void', nor 'any' must return a value.
     {
         var x = 4;
         var y = 10;
@@ -31,7 +25,3 @@
     declare var t1: A1;
     declare var t2: A2;
     t1 = t2;
-    ~~
-!!! error TS2322: Type 'A2' is not assignable to type 'A1'.
-!!! error TS2322:   The types of 'x.y' are incompatible between these types.
-!!! error TS2322:     Type 'string' is not assignable to type 'number'.

</message>
<stacktrace>
  at org.junit.Assert.fail(Assert.java:89)
  at kotlin.test.junit.JUnitAsserter.fail(JUnitSupport.kt:56)
  at kotlin.test.AssertionsKt__AssertionsKt.fail(Assertions.kt:563)
  at kotlin.test.AssertionsKt.fail(Unknown Source)
  at com.xemantic.kotlin.test.SameAsKt.sameAs(SameAs.kt:52)
  at com.xemantic.typescript.compiler.TypeScriptTestSupportKt.errorsMatchBaseline(TypeScriptTestSupport.kt:135)
  at com.xemantic.typescript.compiler.TypeScriptCompilerTests_M.multiLineErrors_ts has expected errors matching multiLineErrors_errors_txt(TypeScriptCompilerTests_M.kt:3892)
  at java.base/jdk.internal.reflect.DirectMethodHandleAccessor.invoke(DirectMethodHandleAccessor.java:104)
  at java.base/java.lang.reflect.Method.invoke(Method.java:565)
  at org.junit.runners.model.FrameworkMethod$1.runReflectiveCall(FrameworkMethod.java:59)
  at org.junit.internal.runners.model.ReflectiveCallable.run(ReflectiveCallable.java:12)
  at org.junit.runners.model.FrameworkMethod.invokeExplosively(FrameworkMethod.java:56)
  at org.junit.internal.runners.statements.InvokeMethod.evaluate(InvokeMethod.java:17)
  at org.junit.runners.ParentRunner$3.evaluate(ParentRunner.java:306)
  at org.junit.runners.BlockJUnit4ClassRunner$1.evaluate(BlockJUnit4ClassRunner.java:100)
  at org.junit.runners.ParentRunner.runLeaf(ParentRunner.java:366)
  at org.junit.runners.BlockJUnit4ClassRunner.runChild(BlockJUnit4ClassRunner.java:103)
  at org.junit.runners.BlockJUnit4ClassRunner.runChild(BlockJUnit4ClassRunner.java:63)
  at org.junit.runners.ParentRunner$4.run(ParentRunner.java:331)
  at org.junit.runners.ParentRunner$1.schedule(ParentRunner.java:79)
  at org.junit.runners.ParentRunner.runChildren(ParentRunner.java:329)
  at org.junit.runners.ParentRunner.access$100(ParentRunner.java:66)
  at org.junit.runners.ParentRunner$2.evaluate(ParentRunner.java:293)
  at org.junit.runners.ParentRunner$3.evaluate(ParentRunner.java:306)
  at org.junit.runners.ParentRunner.run(ParentRunner.java:413)
  at org.junit.runner.JUnitCore.run(JUnitCore.java:137)
  at org.junit.runner.JUnitCore.run(JUnitCore.java:115)
  at org.gradle.api.internal.tasks.testing.junit.JUnitTestExecutor.runRequest(JUnitTestExecutor.java:175)
  at org.gradle.api.internal.tasks.testing.junit.JUnitTestExecutor.accept(JUnitTestExecutor.java:84)
  at org.gradle.api.internal.tasks.testing.junit.JUnitTestExecutor.accept(JUnitTestExecutor.java:47)
  at org.gradle.api.internal.tasks.testing.junit.AbstractJUnitTestDefinitionProcessor.processTestDefinition(AbstractJUnitTestDefinitionProcessor.java:65)
  at org.gradle.api.internal.tasks.testing.SuiteTestDefinitionProcessor.processTestDefinition(SuiteTestDefinitionProcessor.java:54)
  at java.base/jdk.internal.reflect.DirectMethodHandleAccessor.invoke(DirectMethodHandleAccessor.java:104)
  at java.base/java.lang.reflect.Method.invoke(Method.java:565)
  at org.gradle.internal.dispatch.MethodInvocation.invokeOn(MethodInvocation.java:77)
  at org.gradle.internal.dispatch.ReflectionDispatch.dispatch(ReflectionDispatch.java:28)
  at org.gradle.internal.dispatch.ReflectionDispatch.dispatch(ReflectionDispatch.java:19)
  at org.gradle.internal.dispatch.ContextClassLoaderDispatch.dispatch(ContextClassLoaderDispatch.java:33)
  at org.gradle.internal.dispatch.ProxyDispatchAdapter$DispatchingInvocationHandler.invoke(ProxyDispatchAdapter.java:88)
  at jdk.proxy1/jdk.proxy1.$Proxy4.processTestDefinition(Unknown Source)
  at org.gradle.api.internal.tasks.testing.worker.TestWorker$2.run(TestWorker.java:178)
  at org.gradle.api.internal.tasks.testing.worker.TestWorker.executeAndMaintainThreadName(TestWorker.java:126)
  at org.gradle.api.internal.tasks.testing.worker.TestWorker.execute(TestWorker.java:103)
  at org.gradle.api.internal.tasks.testing.worker.TestWorker.execute(TestWorker.java:63)
  at org.gradle.process.internal.worker.child.ActionExecutionWorker.execute(ActionExecutionWorker.java:56)
  at org.gradle.process.internal.worker.child.SystemApplicationClassLoaderWorker.call(SystemApplicationClassLoaderWorker.java:122)
  at org.gradle.process.internal.worker.child.SystemApplicationClassLoaderWorker.call(SystemApplicationClassLoaderWorker.java:72)
  at worker.org.gradle.process.internal.worker.GradleWorkerMain.run(GradleWorkerMain.java:69)
  at worker.org.gradle.process.internal.worker.GradleWorkerMain.main(GradleWorkerMain.java:74)
</stacktrace>
</test-failure>


TypeScriptCompilerTests_M[jvm] > multiLineErrors_ts has expected errors matching multiLineErrors_errors_txt[jvm] FAILED

<test-failure test="com.xemantic.typescript.compiler.TypeScriptCompilerTests_M.moduleAugmentationInDependency2_ts has expected errors matching moduleAugmentationInDependency2_errors_txt" platform="jvm">
<message>
--- expected
+++ actual
@@ -1,12 +1,12 @@
-/node_modules/A/index.ts(1,16): error TS2664: Invalid module name in augmentation, module 'ext' cannot be found.
+/src/app.ts(1,8): error TS2882: Cannot find module or type declarations for side-effect import of 'A'.
 
 
-==== /node_modules/A/index.ts (1 errors) ====
+==== /node_modules/A/index.ts (0 errors) ====
     declare module "ext" {
-                   ~~~~~
-!!! error TS2664: Invalid module name in augmentation, module 'ext' cannot be found.
     }
     export {};
     
-==== /src/app.ts (0 errors) ====
+==== /src/app.ts (1 errors) ====
     import "A"
+           ~~~
+!!! error TS2882: Cannot find module or type declarations for side-effect import of 'A'.

</message>
<stacktrace>
  at org.junit.Assert.fail(Assert.java:89)
  at kotlin.test.junit.JUnitAsserter.fail(JUnitSupport.kt:56)
  at kotlin.test.AssertionsKt__AssertionsKt.fail(Assertions.kt:563)
  at kotlin.test.AssertionsKt.fail(Unknown Source)
  at com.xemantic.kotlin.test.SameAsKt.sameAs(SameAs.kt:52)
  at com.xemantic.typescript.compiler.TypeScriptTestSupportKt.errorsMatchBaseline(TypeScriptTestSupport.kt:135)
  at com.xemantic.typescript.compiler.TypeScriptCompilerTests_M.moduleAugmentationInDependency2_ts has expected errors matching moduleAugmentationInDependency2_errors_txt(TypeScriptCompilerTests_M.kt:2226)
  at java.base/jdk.internal.reflect.DirectMethodHandleAccessor.invoke(DirectMethodHandleAccessor.java:104)
  at java.base/java.lang.reflect.Method.invoke(Method.java:565)
  at org.junit.runners.model.FrameworkMethod$1.runReflectiveCall(FrameworkMethod.java:59)
  at org.junit.internal.runners.model.ReflectiveCallable.run(ReflectiveCallable.java:12)
  at org.junit.runners.model.FrameworkMethod.invokeExplosively(FrameworkMethod.java:56)
  at org.junit.internal.runners.statements.InvokeMethod.evaluate(InvokeMethod.java:17)
  at org.junit.runners.ParentRunner$3.evaluate(ParentRunner.java:306)
  at org.junit.runners.BlockJUnit4ClassRunner$1.evaluate(BlockJUnit4ClassRunner.java:100)
  at org.junit.runners.ParentRunner.runLeaf(ParentRunner.java:366)
  at org.junit.runners.BlockJUnit4ClassRunner.runChild(BlockJUnit4ClassRunner.java:103)
  at org.junit.runners.BlockJUnit4ClassRunner.runChild(BlockJUnit4ClassRunner.java:63)
  at org.junit.runners.ParentRunner$4.run(ParentRunner.java:331)
  at org.junit.runners.ParentRunner$1.schedule(ParentRunner.java:79)
  at org.junit.runners.ParentRunner.runChildren(ParentRunner.java:329)
  at org.junit.runners.ParentRunner.access$100(ParentRunner.java:66)
  at org.junit.runners.ParentRunner$2.evaluate(ParentRunner.java:293)
  at org.junit.runners.ParentRunner$3.evaluate(ParentRunner.java:306)
  at org.junit.runners.ParentRunner.run(ParentRunner.java:413)
  at org.junit.runner.JUnitCore.run(JUnitCore.java:137)
  at org.junit.runner.JUnitCore.run(JUnitCore.java:115)
  at org.gradle.api.internal.tasks.testing.junit.JUnitTestExecutor.runRequest(JUnitTestExecutor.java:175)
  at org.gradle.api.internal.tasks.testing.junit.JUnitTestExecutor.accept(JUnitTestExecutor.java:84)
  at org.gradle.api.internal.tasks.testing.junit.JUnitTestExecutor.accept(JUnitTestExecutor.java:47)
  at org.gradle.api.internal.tasks.testing.junit.AbstractJUnitTestDefinitionProcessor.processTestDefinition(AbstractJUnitTestDefinitionProcessor.java:65)
  at org.gradle.api.internal.tasks.testing.SuiteTestDefinitionProcessor.processTestDefinition(SuiteTestDefinitionProcessor.java:54)
  at java.base/jdk.internal.reflect.DirectMethodHandleAccessor.invoke(DirectMethodHandleAccessor.java:104)
  at java.base/java.lang.reflect.Method.invoke(Method.java:565)
  at org.gradle.internal.dispatch.MethodInvocation.invokeOn(MethodInvocation.java:77)
  at org.gradle.internal.dispatch.ReflectionDispatch.dispatch(ReflectionDispatch.java:28)
  at org.gradle.internal.dispatch.ReflectionDispatch.dispatch(ReflectionDispatch.java:19)
  at org.gradle.internal.dispatch.ContextClassLoaderDispatch.dispatch(ContextClassLoaderDispatch.java:33)
  at org.gradle.internal.dispatch.ProxyDispatchAdapter$DispatchingInvocationHandler.invoke(ProxyDispatchAdapter.java:88)
  at jdk.proxy1/jdk.proxy1.$Proxy4.processTestDefinition(Unknown Source)
  at org.gradle.api.internal.tasks.testing.worker.TestWorker$2.run(TestWorker.java:178)
  at org.gradle.api.internal.tasks.testing.worker.TestWorker.executeAndMaintainThreadName(TestWorker.java:126)
  at org.gradle.api.internal.tasks.testing.worker.TestWorker.execute(TestWorker.java:103)
  at org.gradle.api.internal.tasks.testing.worker.TestWorker.execute(TestWorker.java:63)
  at org.gradle.process.internal.worker.child.ActionExecutionWorker.execute(ActionExecutionWorker.java:56)
  at org.gradle.process.internal.worker.child.SystemApplicationClassLoaderWorker.call(SystemApplicationClassLoaderWorker.java:122)
  at org.gradle.process.internal.worker.child.SystemApplicationClassLoaderWorker.call(SystemApplicationClassLoaderWorker.java:72)
  at worker.org.gradle.process.internal.worker.GradleWorkerMain.run(GradleWorkerMain.java:69)
  at worker.org.gradle.process.internal.worker.GradleWorkerMain.main(GradleWorkerMain.java:74)
</stacktrace>
</test-failure>


TypeScriptCompilerTests_M[jvm] > moduleAugmentationInDependency2_ts has expected errors matching moduleAugmentationInDependency2_errors_txt[jvm] FAILED

<test-failure test="com.xemantic.typescript.compiler.TypeScriptCompilerTests_M.moduleResolutionWithSuffixes_one_externalModulePath_ts compiles to JavaScript matching moduleResolutionWithSuffixes_one_externalModulePath_js" platform="jvm">
<message>
--- expected
+++ actual
@@ -5,11 +5,16 @@
 exports.__esModule = true;
 function iosfoo() {}
 exports.iosfoo = iosfoo;
+//// [foo.ios.d.ts]
+export declare function iosfoo(): void;
 //// [foo.js]
 "use strict";
 exports.__esModule = true;
 function basefoo() {}
 exports.basefoo = basefoo;
+//// [foo.d.ts]
+export declare function basefoo(): void;
+
 //// [index.ts]
 import { iosfoo } from "some-library/foo";
 

</message>
<stacktrace>
  at org.junit.Assert.fail(Assert.java:89)
  at kotlin.test.junit.JUnitAsserter.fail(JUnitSupport.kt:56)
  at kotlin.test.AssertionsKt__AssertionsKt.fail(Assertions.kt:563)
  at kotlin.test.AssertionsKt.fail(Unknown Source)
  at com.xemantic.kotlin.test.SameAsKt.sameAs(SameAs.kt:52)
  at com.xemantic.typescript.compiler.TypeScriptTestSupportKt.sameAs(TypeScriptTestSupport.kt:99)
  at com.xemantic.typescript.compiler.TypeScriptCompilerTests_M.moduleResolutionWithSuffixes_one_externalModulePath_ts compiles to JavaScript matching moduleResolutionWithSuffixes_one_externalModulePath_js(TypeScriptCompilerTests_M.kt:3297)
  at java.base/jdk.internal.reflect.DirectMethodHandleAccessor.invoke(DirectMethodHandleAccessor.java:104)
  at java.base/java.lang.reflect.Method.invoke(Method.java:565)
  at org.junit.runners.model.FrameworkMethod$1.runReflectiveCall(FrameworkMethod.java:59)
  at org.junit.internal.runners.model.ReflectiveCallable.run(ReflectiveCallable.java:12)
  at org.junit.runners.model.FrameworkMethod.invokeExplosively(FrameworkMethod.java:56)
  at org.junit.internal.runners.statements.InvokeMethod.evaluate(InvokeMethod.java:17)
  at org.junit.runners.ParentRunner$3.evaluate(ParentRunner.java:306)
  at org.junit.runners.BlockJUnit4ClassRunner$1.evaluate(BlockJUnit4ClassRunner.java:100)
  at org.junit.runners.ParentRunner.runLeaf(ParentRunner.java:366)
  at org.junit.runners.BlockJUnit4ClassRunner.runChild(BlockJUnit4ClassRunner.java:103)
  at org.junit.runners.BlockJUnit4ClassRunner.runChild(BlockJUnit4ClassRunner.java:63)
  at org.junit.runners.ParentRunner$4.run(ParentRunner.java:331)
  at org.junit.runners.ParentRunner$1.schedule(ParentRunner.java:79)
  at org.junit.runners.ParentRunner.runChildren(ParentRunner.java:329)
  at org.junit.runners.ParentRunner.access$100(ParentRunner.java:66)
  at org.junit.runners.ParentRunner$2.evaluate(ParentRunner.java:293)
  at org.junit.runners.ParentRunner$3.evaluate(ParentRunner.java:306)
  at org.junit.runners.ParentRunner.run(ParentRunner.java:413)
  at org.junit.runner.JUnitCore.run(JUnitCore.java:137)
  at org.junit.runner.JUnitCore.run(JUnitCore.java:115)
  at org.gradle.api.internal.tasks.testing.junit.JUnitTestExecutor.runRequest(JUnitTestExecutor.java:175)
  at org.gradle.api.internal.tasks.testing.junit.JUnitTestExecutor.accept(JUnitTestExecutor.java:84)
  at org.gradle.api.internal.tasks.testing.junit.JUnitTestExecutor.accept(JUnitTestExecutor.java:47)
  at org.gradle.api.internal.tasks.testing.junit.AbstractJUnitTestDefinitionProcessor.processTestDefinition(AbstractJUnitTestDefinitionProcessor.java:65)
  at org.gradle.api.internal.tasks.testing.SuiteTestDefinitionProcessor.processTestDefinition(SuiteTestDefinitionProcessor.java:54)
  at java.base/jdk.internal.reflect.DirectMethodHandleAccessor.invoke(DirectMethodHandleAccessor.java:104)
  at java.base/java.lang.reflect.Method.invoke(Method.java:565)
  at org.gradle.internal.dispatch.MethodInvocation.invokeOn(MethodInvocation.java:77)
  at org.gradle.internal.dispatch.ReflectionDispatch.dispatch(ReflectionDispatch.java:28)
  at org.gradle.internal.dispatch.ReflectionDispatch.dispatch(ReflectionDispatch.java:19)
  at org.gradle.internal.dispatch.ContextClassLoaderDispatch.dispatch(ContextClassLoaderDispatch.java:33)
  at org.gradle.internal.dispatch.ProxyDispatchAdapter$DispatchingInvocationHandler.invoke(ProxyDispatchAdapter.java:88)
  at jdk.proxy1/jdk.proxy1.$Proxy4.processTestDefinition(Unknown Source)
  at org.gradle.api.internal.tasks.testing.worker.TestWorker$2.run(TestWorker.java:178)
  at org.gradle.api.internal.tasks.testing.worker.TestWorker.executeAndMaintainThreadName(TestWorker.java:126)
  at org.gradle.api.internal.tasks.testing.worker.TestWorker.execute(TestWorker.java:103)
  at org.gradle.api.internal.tasks.testing.worker.TestWorker.execute(TestWorker.java:63)
  at org.gradle.process.internal.worker.child.ActionExecutionWorker.execute(ActionExecutionWorker.java:56)
  at org.gradle.process.internal.worker.child.SystemApplicationClassLoaderWorker.call(SystemApplicationClassLoaderWorker.java:122)
  at org.gradle.process.internal.worker.child.SystemApplicationClassLoaderWorker.call(SystemApplicationClassLoaderWorker.java:72)
  at worker.org.gradle.process.internal.worker.GradleWorkerMain.run(GradleWorkerMain.java:69)
  at worker.org.gradle.process.internal.worker.GradleWorkerMain.main(GradleWorkerMain.java:74)
</stacktrace>
</test-failure>


TypeScriptCompilerTests_M[jvm] > moduleResolutionWithSuffixes_one_externalModulePath_ts compiles to JavaScript matching moduleResolutionWithSuffixes_one_externalModulePath_js[jvm] FAILED

<test-failure test="com.xemantic.typescript.compiler.TypeScriptCompilerTests_M.methodChainError_ts has expected errors matching methodChainError_errors_txt" platform="jvm">
<message>
--- expected
+++ actual
@@ -1,10 +1,7 @@
 methodChainError.ts(2,5): error TS2564: Property 'notMethod' has no initializer and is not definitely assigned in the constructor.
-methodChainError.ts(10,6): error TS2554: Expected 1 arguments, but got 0.
-methodChainError.ts(16,6): error TS2349: This expression is not callable.
-  Type 'String' has no call signatures.
 
 
-==== methodChainError.ts (3 errors) ====
+==== methodChainError.ts (1 errors) ====
     class Builder {
         notMethod: string
         ~~~~~~~~~
@@ -17,16 +14,10 @@
     new Builder()
         .method("a")
         .method()
-         ~~~~~~
-!!! error TS2554: Expected 1 arguments, but got 0.
-!!! related TS6210 methodChainError.ts:3:12: An argument for 'param' was not provided.
         .method("a");
     
         
     new Builder()
         .method("a")
         .notMethod()
-         ~~~~~~~~~
-!!! error TS2349: This expression is not callable.
-!!! error TS2349:   Type 'String' has no call signatures.
         .method("a");

</message>
<stacktrace>
  at org.junit.Assert.fail(Assert.java:89)
  at kotlin.test.junit.JUnitAsserter.fail(JUnitSupport.kt:56)
  at kotlin.test.AssertionsKt__AssertionsKt.fail(Assertions.kt:563)
  at kotlin.test.AssertionsKt.fail(Unknown Source)
  at com.xemantic.kotlin.test.SameAsKt.sameAs(SameAs.kt:52)
  at com.xemantic.typescript.compiler.TypeScriptTestSupportKt.errorsMatchBaseline(TypeScriptTestSupport.kt:135)
  at com.xemantic.typescript.compiler.TypeScriptCompilerTests_M.methodChainError_ts has expected errors matching methodChainError_errors_txt(TypeScriptCompilerTests_M.kt:931)
  at java.base/jdk.internal.reflect.DirectMethodHandleAccessor.invoke(DirectMethodHandleAccessor.java:104)
  at java.base/java.lang.reflect.Method.invoke(Method.java:565)
  at org.junit.runners.model.FrameworkMethod$1.runReflectiveCall(FrameworkMethod.java:59)
  at org.junit.internal.runners.model.ReflectiveCallable.run(ReflectiveCallable.java:12)
  at org.junit.runners.model.FrameworkMethod.invokeExplosively(FrameworkMethod.java:56)
  at org.junit.internal.runners.statements.InvokeMethod.evaluate(InvokeMethod.java:17)
  at org.junit.runners.ParentRunner$3.evaluate(ParentRunner.java:306)
  at org.junit.runners.BlockJUnit4ClassRunner$1.evaluate(BlockJUnit4ClassRunner.java:100)
  at org.junit.runners.ParentRunner.runLeaf(ParentRunner.java:366)
  at org.junit.runners.BlockJUnit4ClassRunner.runChild(BlockJUnit4ClassRunner.java:103)
  at org.junit.runners.BlockJUnit4ClassRunner.runChild(BlockJUnit4ClassRunner.java:63)
  at org.junit.runners.ParentRunner$4.run(ParentRunner.java:331)
  at org.junit.runners.ParentRunner$1.schedule(ParentRunner.java:79)
  at org.junit.runners.ParentRunner.runChildren(ParentRunner.java:329)
  at org.junit.runners.ParentRunner.access$100(ParentRunner.java:66)
  at org.junit.runners.ParentRunner$2.evaluate(ParentRunner.java:293)
  at org.junit.runners.ParentRunner$3.evaluate(ParentRunner.java:306)
  at org.junit.runners.ParentRunner.run(ParentRunner.java:413)
  at org.junit.runner.JUnitCore.run(JUnitCore.java:137)
  at org.junit.runner.JUnitCore.run(JUnitCore.java:115)
  at org.gradle.api.internal.tasks.testing.junit.JUnitTestExecutor.runRequest(JUnitTestExecutor.java:175)
  at org.gradle.api.internal.tasks.testing.junit.JUnitTestExecutor.accept(JUnitTestExecutor.java:84)
  at org.gradle.api.internal.tasks.testing.junit.JUnitTestExecutor.accept(JUnitTestExecutor.java:47)
  at org.gradle.api.internal.tasks.testing.junit.AbstractJUnitTestDefinitionProcessor.processTestDefinition(AbstractJUnitTestDefinitionProcessor.java:65)
  at org.gradle.api.internal.tasks.testing.SuiteTestDefinitionProcessor.processTestDefinition(SuiteTestDefinitionProcessor.java:54)
  at java.base/jdk.internal.reflect.DirectMethodHandleAccessor.invoke(DirectMethodHandleAccessor.java:104)
  at java.base/java.lang.reflect.Method.invoke(Method.java:565)
  at org.gradle.internal.dispatch.MethodInvocation.invokeOn(MethodInvocation.java:77)
  at org.gradle.internal.dispatch.ReflectionDispatch.dispatch(ReflectionDispatch.java:28)
  at org.gradle.internal.dispatch.ReflectionDispatch.dispatch(ReflectionDispatch.java:19)
  at org.gradle.internal.dispatch.ContextClassLoaderDispatch.dispatch(ContextClassLoaderDispatch.java:33)
  at org.gradle.internal.dispatch.ProxyDispatchAdapter$DispatchingInvocationHandler.invoke(ProxyDispatchAdapter.java:88)
  at jdk.proxy1/jdk.proxy1.$Proxy4.processTestDefinition(Unknown Source)
  at org.gradle.api.internal.tasks.testing.worker.TestWorker$2.run(TestWorker.java:178)
  at org.gradle.api.internal.tasks.testing.worker.TestWorker.executeAndMaintainThreadName(TestWorker.java:126)
  at org.gradle.api.internal.tasks.testing.worker.TestWorker.execute(TestWorker.java:103)
  at org.gradle.api.internal.tasks.testing.worker.TestWorker.execute(TestWorker.java:63)
  at org.gradle.process.internal.worker.child.ActionExecutionWorker.execute(ActionExecutionWorker.java:56)
  at org.gradle.process.internal.worker.child.SystemApplicationClassLoaderWorker.call(SystemApplicationClassLoaderWorker.java:122)
  at org.gradle.process.internal.worker.child.SystemApplicationClassLoaderWorker.call(SystemApplicationClassLoaderWorker.java:72)
  at worker.org.gradle.process.internal.worker.GradleWorkerMain.run(GradleWorkerMain.java:69)
  at worker.org.gradle.process.internal.worker.GradleWorkerMain.main(GradleWorkerMain.java:74)
</stacktrace>
</test-failure>


TypeScriptCompilerTests_M[jvm] > methodChainError_ts has expected errors matching methodChainError_errors_txt[jvm] FAILED

<test-failure test="com.xemantic.typescript.compiler.TypeScriptCompilerTests_M.moduleAugmentationImportsAndExports3_ts has expected errors matching moduleAugmentationImportsAndExports3_errors_txt" platform="jvm">
<message>
Expected diagnostics from baseline typescript-repo/tests/baselines/reference/moduleAugmentationImportsAndExports3.errors.txt but none produced
</message>
<stacktrace>
  at com.xemantic.typescript.compiler.TypeScriptTestSupportKt.errorsMatchBaseline(TypeScriptTestSupport.kt:125)
  at com.xemantic.typescript.compiler.TypeScriptCompilerTests_M.moduleAugmentationImportsAndExports3_ts has expected errors matching moduleAugmentationImportsAndExports3_errors_txt(TypeScriptCompilerTests_M.kt:2100)
  at java.base/jdk.internal.reflect.DirectMethodHandleAccessor.invoke(DirectMethodHandleAccessor.java:104)
  at java.base/java.lang.reflect.Method.invoke(Method.java:565)
  at org.junit.runners.model.FrameworkMethod$1.runReflectiveCall(FrameworkMethod.java:59)
  at org.junit.internal.runners.model.ReflectiveCallable.run(ReflectiveCallable.java:12)
  at org.junit.runners.model.FrameworkMethod.invokeExplosively(FrameworkMethod.java:56)
  at org.junit.internal.runners.statements.InvokeMethod.evaluate(InvokeMethod.java:17)
  at org.junit.runners.ParentRunner$3.evaluate(ParentRunner.java:306)
  at org.junit.runners.BlockJUnit4ClassRunner$1.evaluate(BlockJUnit4ClassRunner.java:100)
  at org.junit.runners.ParentRunner.runLeaf(ParentRunner.java:366)
  at org.junit.runners.BlockJUnit4ClassRunner.runChild(BlockJUnit4ClassRunner.java:103)
  at org.junit.runners.BlockJUnit4ClassRunner.runChild(BlockJUnit4ClassRunner.java:63)
  at org.junit.runners.ParentRunner$4.run(ParentRunner.java:331)
  at org.junit.runners.ParentRunner$1.schedule(ParentRunner.java:79)
  at org.junit.runners.ParentRunner.runChildren(ParentRunner.java:329)
  at org.junit.runners.ParentRunner.access$100(ParentRunner.java:66)
  at org.junit.runners.ParentRunner$2.evaluate(ParentRunner.java:293)
  at org.junit.runners.ParentRunner$3.evaluate(ParentRunner.java:306)
  at org.junit.runners.ParentRunner.run(ParentRunner.java:413)
  at org.junit.runner.JUnitCore.run(JUnitCore.java:137)
  at org.junit.runner.JUnitCore.run(JUnitCore.java:115)
  at org.gradle.api.internal.tasks.testing.junit.JUnitTestExecutor.runRequest(JUnitTestExecutor.java:175)
  at org.gradle.api.internal.tasks.testing.junit.JUnitTestExecutor.accept(JUnitTestExecutor.java:84)
  at org.gradle.api.internal.tasks.testing.junit.JUnitTestExecutor.accept(JUnitTestExecutor.java:47)
  at org.gradle.api.internal.tasks.testing.junit.AbstractJUnitTestDefinitionProcessor.processTestDefinition(AbstractJUnitTestDefinitionProcessor.java:65)
  at org.gradle.api.internal.tasks.testing.SuiteTestDefinitionProcessor.processTestDefinition(SuiteTestDefinitionProcessor.java:54)
  at java.base/jdk.internal.reflect.DirectMethodHandleAccessor.invoke(DirectMethodHandleAccessor.java:104)
  at java.base/java.lang.reflect.Method.invoke(Method.java:565)
  at org.gradle.internal.dispatch.MethodInvocation.invokeOn(MethodInvocation.java:77)
  at org.gradle.internal.dispatch.ReflectionDispatch.dispatch(ReflectionDispatch.java:28)
  at org.gradle.internal.dispatch.ReflectionDispatch.dispatch(ReflectionDispatch.java:19)
  at org.gradle.internal.dispatch.ContextClassLoaderDispatch.dispatch(ContextClassLoaderDispatch.java:33)
  at org.gradle.internal.dispatch.ProxyDispatchAdapter$DispatchingInvocationHandler.invoke(ProxyDispatchAdapter.java:88)
  at jdk.proxy1/jdk.proxy1.$Proxy4.processTestDefinition(Unknown Source)
  at org.gradle.api.internal.tasks.testing.worker.TestWorker$2.run(TestWorker.java:178)
  at org.gradle.api.internal.tasks.testing.worker.TestWorker.executeAndMaintainThreadName(TestWorker.java:126)
  at org.gradle.api.internal.tasks.testing.worker.TestWorker.execute(TestWorker.java:103)
  at org.gradle.api.internal.tasks.testing.worker.TestWorker.execute(TestWorker.java:63)
  at org.gradle.process.internal.worker.child.ActionExecutionWorker.execute(ActionExecutionWorker.java:56)
  at org.gradle.process.internal.worker.child.SystemApplicationClassLoaderWorker.call(SystemApplicationClassLoaderWorker.java:122)
  at org.gradle.process.internal.worker.child.SystemApplicationClassLoaderWorker.call(SystemApplicationClassLoaderWorker.java:72)
  at worker.org.gradle.process.internal.worker.GradleWorkerMain.run(GradleWorkerMain.java:69)
  at worker.org.gradle.process.internal.worker.GradleWorkerMain.main(GradleWorkerMain.java:74)
</stacktrace>
</test-failure>


TypeScriptCompilerTests_M[jvm] > moduleAugmentationImportsAndExports3_ts has expected errors matching moduleAugmentationImportsAndExports3_errors_txt[jvm] FAILED

<test-failure test="com.xemantic.typescript.compiler.TypeScriptCompilerTests_M.mergedClassWithNamespacePrototype_ts has expected errors matching mergedClassWithNamespacePrototype_errors_txt" platform="jvm">
<message>
Expected diagnostics from baseline typescript-repo/tests/baselines/reference/mergedClassWithNamespacePrototype.errors.txt but none produced
</message>
<stacktrace>
  at com.xemantic.typescript.compiler.TypeScriptTestSupportKt.errorsMatchBaseline(TypeScriptTestSupport.kt:125)
  at com.xemantic.typescript.compiler.TypeScriptCompilerTests_M.mergedClassWithNamespacePrototype_ts has expected errors matching mergedClassWithNamespacePrototype_errors_txt(TypeScriptCompilerTests_M.kt:581)
  at java.base/jdk.internal.reflect.DirectMethodHandleAccessor.invoke(DirectMethodHandleAccessor.java:104)
  at java.base/java.lang.reflect.Method.invoke(Method.java:565)
  at org.junit.runners.model.FrameworkMethod$1.runReflectiveCall(FrameworkMethod.java:59)
  at org.junit.internal.runners.model.ReflectiveCallable.run(ReflectiveCallable.java:12)
  at org.junit.runners.model.FrameworkMethod.invokeExplosively(FrameworkMethod.java:56)
  at org.junit.internal.runners.statements.InvokeMethod.evaluate(InvokeMethod.java:17)
  at org.junit.runners.ParentRunner$3.evaluate(ParentRunner.java:306)
  at org.junit.runners.BlockJUnit4ClassRunner$1.evaluate(BlockJUnit4ClassRunner.java:100)
  at org.junit.runners.ParentRunner.runLeaf(ParentRunner.java:366)
  at org.junit.runners.BlockJUnit4ClassRunner.runChild(BlockJUnit4ClassRunner.java:103)
  at org.junit.runners.BlockJUnit4ClassRunner.runChild(BlockJUnit4ClassRunner.java:63)
  at org.junit.runners.ParentRunner$4.run(ParentRunner.java:331)
  at org.junit.runners.ParentRunner$1.schedule(ParentRunner.java:79)
  at org.junit.runners.ParentRunner.runChildren(ParentRunner.java:329)
  at org.junit.runners.ParentRunner.access$100(ParentRunner.java:66)
  at org.junit.runners.ParentRunner$2.evaluate(ParentRunner.java:293)
  at org.junit.runners.ParentRunner$3.evaluate(ParentRunner.java:306)
  at org.junit.runners.ParentRunner.run(ParentRunner.java:413)
  at org.junit.runner.JUnitCore.run(JUnitCore.java:137)
  at org.junit.runner.JUnitCore.run(JUnitCore.java:115)
  at org.gradle.api.internal.tasks.testing.junit.JUnitTestExecutor.runRequest(JUnitTestExecutor.java:175)
  at org.gradle.api.internal.tasks.testing.junit.JUnitTestExecutor.accept(JUnitTestExecutor.java:84)
  at org.gradle.api.internal.tasks.testing.junit.JUnitTestExecutor.accept(JUnitTestExecutor.java:47)
  at org.gradle.api.internal.tasks.testing.junit.AbstractJUnitTestDefinitionProcessor.processTestDefinition(AbstractJUnitTestDefinitionProcessor.java:65)
  at org.gradle.api.internal.tasks.testing.SuiteTestDefinitionProcessor.processTestDefinition(SuiteTestDefinitionProcessor.java:54)
  at java.base/jdk.internal.reflect.DirectMethodHandleAccessor.invoke(DirectMethodHandleAccessor.java:104)
  at java.base/java.lang.reflect.Method.invoke(Method.java:565)
  at org.gradle.internal.dispatch.MethodInvocation.invokeOn(MethodInvocation.java:77)
  at org.gradle.internal.dispatch.ReflectionDispatch.dispatch(ReflectionDispatch.java:28)
  at org.gradle.internal.dispatch.ReflectionDispatch.dispatch(ReflectionDispatch.java:19)
  at org.gradle.internal.dispatch.ContextClassLoaderDispatch.dispatch(ContextClassLoaderDispatch.java:33)
  at org.gradle.internal.dispatch.ProxyDispatchAdapter$DispatchingInvocationHandler.invoke(ProxyDispatchAdapter.java:88)
  at jdk.proxy1/jdk.proxy1.$Proxy4.processTestDefinition(Unknown Source)
  at org.gradle.api.internal.tasks.testing.worker.TestWorker$2.run(TestWorker.java:178)
  at org.gradle.api.internal.tasks.testing.worker.TestWorker.executeAndMaintainThreadName(TestWorker.java:126)
  at org.gradle.api.internal.tasks.testing.worker.TestWorker.execute(TestWorker.java:103)
  at org.gradle.api.internal.tasks.testing.worker.TestWorker.execute(TestWorker.java:63)
  at org.gradle.process.internal.worker.child.ActionExecutionWorker.execute(ActionExecutionWorker.java:56)
  at org.gradle.process.internal.worker.child.SystemApplicationClassLoaderWorker.call(SystemApplicationClassLoaderWorker.java:122)
  at org.gradle.process.internal.worker.child.SystemApplicationClassLoaderWorker.call(SystemApplicationClassLoaderWorker.java:72)
  at worker.org.gradle.process.internal.worker.GradleWorkerMain.run(GradleWorkerMain.java:69)
  at worker.org.gradle.process.internal.worker.GradleWorkerMain.main(GradleWorkerMain.java:74)
</stacktrace>
</test-failure>


TypeScriptCompilerTests_M[jvm] > mergedClassWithNamespacePrototype_ts has expected errors matching mergedClassWithNamespacePrototype_errors_txt[jvm] FAILED

<test-failure test="com.xemantic.typescript.compiler.TypeScriptCompilerTests_M.multipleExports_ts has expected errors matching multipleExports_errors_txt" platform="jvm">
<message>
Expected diagnostics from baseline typescript-repo/tests/baselines/reference/multipleExports.errors.txt but none produced
</message>
<stacktrace>
  at com.xemantic.typescript.compiler.TypeScriptTestSupportKt.errorsMatchBaseline(TypeScriptTestSupport.kt:125)
  at com.xemantic.typescript.compiler.TypeScriptCompilerTests_M.multipleExports_ts has expected errors matching multipleExports_errors_txt(TypeScriptCompilerTests_M.kt:4011)
  at java.base/jdk.internal.reflect.DirectMethodHandleAccessor.invoke(DirectMethodHandleAccessor.java:104)
  at java.base/java.lang.reflect.Method.invoke(Method.java:565)
  at org.junit.runners.model.FrameworkMethod$1.runReflectiveCall(FrameworkMethod.java:59)
  at org.junit.internal.runners.model.ReflectiveCallable.run(ReflectiveCallable.java:12)
  at org.junit.runners.model.FrameworkMethod.invokeExplosively(FrameworkMethod.java:56)
  at org.junit.internal.runners.statements.InvokeMethod.evaluate(InvokeMethod.java:17)
  at org.junit.runners.ParentRunner$3.evaluate(ParentRunner.java:306)
  at org.junit.runners.BlockJUnit4ClassRunner$1.evaluate(BlockJUnit4ClassRunner.java:100)
  at org.junit.runners.ParentRunner.runLeaf(ParentRunner.java:366)
  at org.junit.runners.BlockJUnit4ClassRunner.runChild(BlockJUnit4ClassRunner.java:103)
  at org.junit.runners.BlockJUnit4ClassRunner.runChild(BlockJUnit4ClassRunner.java:63)
  at org.junit.runners.ParentRunner$4.run(ParentRunner.java:331)
  at org.junit.runners.ParentRunner$1.schedule(ParentRunner.java:79)
  at org.junit.runners.ParentRunner.runChildren(ParentRunner.java:329)
  at org.junit.runners.ParentRunner.access$100(ParentRunner.java:66)
  at org.junit.runners.ParentRunner$2.evaluate(ParentRunner.java:293)
  at org.junit.runners.ParentRunner$3.evaluate(ParentRunner.java:306)
  at org.junit.runners.ParentRunner.run(ParentRunner.java:413)
  at org.junit.runner.JUnitCore.run(JUnitCore.java:137)
  at org.junit.runner.JUnitCore.run(JUnitCore.java:115)
  at org.gradle.api.internal.tasks.testing.junit.JUnitTestExecutor.runRequest(JUnitTestExecutor.java:175)
  at org.gradle.api.internal.tasks.testing.junit.JUnitTestExecutor.accept(JUnitTestExecutor.java:84)
  at org.gradle.api.internal.tasks.testing.junit.JUnitTestExecutor.accept(JUnitTestExecutor.java:47)
  at org.gradle.api.internal.tasks.testing.junit.AbstractJUnitTestDefinitionProcessor.processTestDefinition(AbstractJUnitTestDefinitionProcessor.java:65)
  at org.gradle.api.internal.tasks.testing.SuiteTestDefinitionProcessor.processTestDefinition(SuiteTestDefinitionProcessor.java:54)
  at java.base/jdk.internal.reflect.DirectMethodHandleAccessor.invoke(DirectMethodHandleAccessor.java:104)
  at java.base/java.lang.reflect.Method.invoke(Method.java:565)
  at org.gradle.internal.dispatch.MethodInvocation.invokeOn(MethodInvocation.java:77)
  at org.gradle.internal.dispatch.ReflectionDispatch.dispatch(ReflectionDispatch.java:28)
  at org.gradle.internal.dispatch.ReflectionDispatch.dispatch(ReflectionDispatch.java:19)
  at org.gradle.internal.dispatch.ContextClassLoaderDispatch.dispatch(ContextClassLoaderDispatch.java:33)
  at org.gradle.internal.dispatch.ProxyDispatchAdapter$DispatchingInvocationHandler.invoke(ProxyDispatchAdapter.java:88)
  at jdk.proxy1/jdk.proxy1.$Proxy4.processTestDefinition(Unknown Source)
  at org.gradle.api.internal.tasks.testing.worker.TestWorker$2.run(TestWorker.java:178)
  at org.gradle.api.internal.tasks.testing.worker.TestWorker.executeAndMaintainThreadName(TestWorker.java:126)
  at org.gradle.api.internal.tasks.testing.worker.TestWorker.execute(TestWorker.java:103)
  at org.gradle.api.internal.tasks.testing.worker.TestWorker.execute(TestWorker.java:63)
  at org.gradle.process.internal.worker.child.ActionExecutionWorker.execute(ActionExecutionWorker.java:56)
  at org.gradle.process.internal.worker.child.SystemApplicationClassLoaderWorker.call(SystemApplicationClassLoaderWorker.java:122)
  at org.gradle.process.internal.worker.child.SystemApplicationClassLoaderWorker.call(SystemApplicationClassLoaderWorker.java:72)
  at worker.org.gradle.process.internal.worker.GradleWorkerMain.run(GradleWorkerMain.java:69)
  at worker.org.gradle.process.internal.worker.GradleWorkerMain.main(GradleWorkerMain.java:74)
</stacktrace>
</test-failure>


TypeScriptCompilerTests_M[jvm] > multipleExports_ts has expected errors matching multipleExports_errors_txt[jvm] FAILED

<test-failure test="com.xemantic.typescript.compiler.TypeScriptCompilerTests_M.module_augmentExistingAmbientVariable_ts has expected errors matching module_augmentExistingAmbientVariable_errors_txt" platform="jvm">
<message>
Expected diagnostics from baseline typescript-repo/tests/baselines/reference/module_augmentExistingAmbientVariable.errors.txt but none produced
</message>
<stacktrace>
  at com.xemantic.typescript.compiler.TypeScriptTestSupportKt.errorsMatchBaseline(TypeScriptTestSupport.kt:125)
  at com.xemantic.typescript.compiler.TypeScriptCompilerTests_M.module_augmentExistingAmbientVariable_ts has expected errors matching module_augmentExistingAmbientVariable_errors_txt(TypeScriptCompilerTests_M.kt:3787)
  at java.base/jdk.internal.reflect.DirectMethodHandleAccessor.invoke(DirectMethodHandleAccessor.java:104)
  at java.base/java.lang.reflect.Method.invoke(Method.java:565)
  at org.junit.runners.model.FrameworkMethod$1.runReflectiveCall(FrameworkMethod.java:59)
  at org.junit.internal.runners.model.ReflectiveCallable.run(ReflectiveCallable.java:12)
  at org.junit.runners.model.FrameworkMethod.invokeExplosively(FrameworkMethod.java:56)
  at org.junit.internal.runners.statements.InvokeMethod.evaluate(InvokeMethod.java:17)
  at org.junit.runners.ParentRunner$3.evaluate(ParentRunner.java:306)
  at org.junit.runners.BlockJUnit4ClassRunner$1.evaluate(BlockJUnit4ClassRunner.java:100)
  at org.junit.runners.ParentRunner.runLeaf(ParentRunner.java:366)
  at org.junit.runners.BlockJUnit4ClassRunner.runChild(BlockJUnit4ClassRunner.java:103)
  at org.junit.runners.BlockJUnit4ClassRunner.runChild(BlockJUnit4ClassRunner.java:63)
  at org.junit.runners.ParentRunner$4.run(ParentRunner.java:331)
  at org.junit.runners.ParentRunner$1.schedule(ParentRunner.java:79)
  at org.junit.runners.ParentRunner.runChildren(ParentRunner.java:329)
  at org.junit.runners.ParentRunner.access$100(ParentRunner.java:66)
  at org.junit.runners.ParentRunner$2.evaluate(ParentRunner.java:293)
  at org.junit.runners.ParentRunner$3.evaluate(ParentRunner.java:306)
  at org.junit.runners.ParentRunner.run(ParentRunner.java:413)
  at org.junit.runner.JUnitCore.run(JUnitCore.java:137)
  at org.junit.runner.JUnitCore.run(JUnitCore.java:115)
  at org.gradle.api.internal.tasks.testing.junit.JUnitTestExecutor.runRequest(JUnitTestExecutor.java:175)
  at org.gradle.api.internal.tasks.testing.junit.JUnitTestExecutor.accept(JUnitTestExecutor.java:84)
  at org.gradle.api.internal.tasks.testing.junit.JUnitTestExecutor.accept(JUnitTestExecutor.java:47)
  at org.gradle.api.internal.tasks.testing.junit.AbstractJUnitTestDefinitionProcessor.processTestDefinition(AbstractJUnitTestDefinitionProcessor.java:65)
  at org.gradle.api.internal.tasks.testing.SuiteTestDefinitionProcessor.processTestDefinition(SuiteTestDefinitionProcessor.java:54)
  at java.base/jdk.internal.reflect.DirectMethodHandleAccessor.invoke(DirectMethodHandleAccessor.java:104)
  at java.base/java.lang.reflect.Method.invoke(Method.java:565)
  at org.gradle.internal.dispatch.MethodInvocation.invokeOn(MethodInvocation.java:77)
  at org.gradle.internal.dispatch.ReflectionDispatch.dispatch(ReflectionDispatch.java:28)
  at org.gradle.internal.dispatch.ReflectionDispatch.dispatch(ReflectionDispatch.java:19)
  at org.gradle.internal.dispatch.ContextClassLoaderDispatch.dispatch(ContextClassLoaderDispatch.java:33)
  at org.gradle.internal.dispatch.ProxyDispatchAdapter$DispatchingInvocationHandler.invoke(ProxyDispatchAdapter.java:88)
  at jdk.proxy1/jdk.proxy1.$Proxy4.processTestDefinition(Unknown Source)
  at org.gradle.api.internal.tasks.testing.worker.TestWorker$2.run(TestWorker.java:178)
  at org.gradle.api.internal.tasks.testing.worker.TestWorker.executeAndMaintainThreadName(TestWorker.java:126)
  at org.gradle.api.internal.tasks.testing.worker.TestWorker.execute(TestWorker.java:103)
  at org.gradle.api.internal.tasks.testing.worker.TestWorker.execute(TestWorker.java:63)
  at org.gradle.process.internal.worker.child.ActionExecutionWorker.execute(ActionExecutionWorker.java:56)
  at org.gradle.process.internal.worker.child.SystemApplicationClassLoaderWorker.call(SystemApplicationClassLoaderWorker.java:122)
  at org.gradle.process.internal.worker.child.SystemApplicationClassLoaderWorker.call(SystemApplicationClassLoaderWorker.java:72)
  at worker.org.gradle.process.internal.worker.GradleWorkerMain.run(GradleWorkerMain.java:69)
  at worker.org.gradle.process.internal.worker.GradleWorkerMain.main(GradleWorkerMain.java:74)
</stacktrace>
</test-failure>


TypeScriptCompilerTests_M[jvm] > module_augmentExistingAmbientVariable_ts has expected errors matching module_augmentExistingAmbientVariable_errors_txt[jvm] FAILED

<test-failure test="com.xemantic.typescript.compiler.TypeScriptCompilerTests_M.moduleResolutionWithExtensions_withPaths_ts compiles to JavaScript matching moduleResolutionWithExtensions_withPaths_js" platform="jvm">
<message>
--- expected
+++ actual
@@ -5,11 +5,18 @@
 	console.log("test");
 }
 
+//// [test.d.ts]
+export declare function test(): void;
+
 //// [relative.js]
 export function relative() {
 	console.log("test");
 }
 
+//// [relative.d.ts]
+export declare function relative(): void;
+
+
 //// [test.ts]
 import { test } from "foo/test.js";
 import { test as test2 } from "foo/test";
@@ -19,5 +26,9 @@
 
 
 
+//// [relative.js]
+export function relative() {
+    console.log("test");
+}
 //// [test.js]
 export {};

</message>
<stacktrace>
  at org.junit.Assert.fail(Assert.java:89)
  at kotlin.test.junit.JUnitAsserter.fail(JUnitSupport.kt:56)
  at kotlin.test.AssertionsKt__AssertionsKt.fail(Assertions.kt:563)
  at kotlin.test.AssertionsKt.fail(Unknown Source)
  at com.xemantic.kotlin.test.SameAsKt.sameAs(SameAs.kt:52)
  at com.xemantic.typescript.compiler.TypeScriptTestSupportKt.sameAs(TypeScriptTestSupport.kt:99)
  at com.xemantic.typescript.compiler.TypeScriptCompilerTests_M.moduleResolutionWithExtensions_withPaths_ts compiles to JavaScript matching moduleResolutionWithExtensions_withPaths_js(TypeScriptCompilerTests_M.kt:3087)
  at java.base/jdk.internal.reflect.DirectMethodHandleAccessor.invoke(DirectMethodHandleAccessor.java:104)
  at java.base/java.lang.reflect.Method.invoke(Method.java:565)
  at org.junit.runners.model.FrameworkMethod$1.runReflectiveCall(FrameworkMethod.java:59)
  at org.junit.internal.runners.model.ReflectiveCallable.run(ReflectiveCallable.java:12)
  at org.junit.runners.model.FrameworkMethod.invokeExplosively(FrameworkMethod.java:56)
  at org.junit.internal.runners.statements.InvokeMethod.evaluate(InvokeMethod.java:17)
  at org.junit.runners.ParentRunner$3.evaluate(ParentRunner.java:306)
  at org.junit.runners.BlockJUnit4ClassRunner$1.evaluate(BlockJUnit4ClassRunner.java:100)
  at org.junit.runners.ParentRunner.runLeaf(ParentRunner.java:366)
  at org.junit.runners.BlockJUnit4ClassRunner.runChild(BlockJUnit4ClassRunner.java:103)
  at org.junit.runners.BlockJUnit4ClassRunner.runChild(BlockJUnit4ClassRunner.java:63)
  at org.junit.runners.ParentRunner$4.run(ParentRunner.java:331)
  at org.junit.runners.ParentRunner$1.schedule(ParentRunner.java:79)
  at org.junit.runners.ParentRunner.runChildren(ParentRunner.java:329)
  at org.junit.runners.ParentRunner.access$100(ParentRunner.java:66)
  at org.junit.runners.ParentRunner$2.evaluate(ParentRunner.java:293)
  at org.junit.runners.ParentRunner$3.evaluate(ParentRunner.java:306)
  at org.junit.runners.ParentRunner.run(ParentRunner.java:413)
  at org.junit.runner.JUnitCore.run(JUnitCore.java:137)
  at org.junit.runner.JUnitCore.run(JUnitCore.java:115)
  at org.gradle.api.internal.tasks.testing.junit.JUnitTestExecutor.runRequest(JUnitTestExecutor.java:175)
  at org.gradle.api.internal.tasks.testing.junit.JUnitTestExecutor.accept(JUnitTestExecutor.java:84)
  at org.gradle.api.internal.tasks.testing.junit.JUnitTestExecutor.accept(JUnitTestExecutor.java:47)
  at org.gradle.api.internal.tasks.testing.junit.AbstractJUnitTestDefinitionProcessor.processTestDefinition(AbstractJUnitTestDefinitionProcessor.java:65)
  at org.gradle.api.internal.tasks.testing.SuiteTestDefinitionProcessor.processTestDefinition(SuiteTestDefinitionProcessor.java:54)
  at java.base/jdk.internal.reflect.DirectMethodHandleAccessor.invoke(DirectMethodHandleAccessor.java:104)
  at java.base/java.lang.reflect.Method.invoke(Method.java:565)
  at org.gradle.internal.dispatch.MethodInvocation.invokeOn(MethodInvocation.java:77)
  at org.gradle.internal.dispatch.ReflectionDispatch.dispatch(ReflectionDispatch.java:28)
  at org.gradle.internal.dispatch.ReflectionDispatch.dispatch(ReflectionDispatch.java:19)
  at org.gradle.internal.dispatch.ContextClassLoaderDispatch.dispatch(ContextClassLoaderDispatch.java:33)
  at org.gradle.internal.dispatch.ProxyDispatchAdapter$DispatchingInvocationHandler.invoke(ProxyDispatchAdapter.java:88)
  at jdk.proxy1/jdk.proxy1.$Proxy4.processTestDefinition(Unknown Source)
  at org.gradle.api.internal.tasks.testing.worker.TestWorker$2.run(TestWorker.java:178)
  at org.gradle.api.internal.tasks.testing.worker.TestWorker.executeAndMaintainThreadName(TestWorker.java:126)
  at org.gradle.api.internal.tasks.testing.worker.TestWorker.execute(TestWorker.java:103)
  at org.gradle.api.internal.tasks.testing.worker.TestWorker.execute(TestWorker.java:63)
  at org.gradle.process.internal.worker.child.ActionExecutionWorker.execute(ActionExecutionWorker.java:56)
  at org.gradle.process.internal.worker.child.SystemApplicationClassLoaderWorker.call(SystemApplicationClassLoaderWorker.java:122)
  at org.gradle.process.internal.worker.child.SystemApplicationClassLoaderWorker.call(SystemApplicationClassLoaderWorker.java:72)
  at worker.org.gradle.process.internal.worker.GradleWorkerMain.run(GradleWorkerMain.java:69)
  at worker.org.gradle.process.internal.worker.GradleWorkerMain.main(GradleWorkerMain.java:74)
</stacktrace>
</test-failure>


TypeScriptCompilerTests_M[jvm] > moduleResolutionWithExtensions_withPaths_ts compiles to JavaScript matching moduleResolutionWithExtensions_withPaths_js[jvm] FAILED

<test-failure test="com.xemantic.typescript.compiler.TypeScriptCompilerTests_M.moduleResolutionNoTsESM_ts has expected errors matching moduleResolutionNoTsESM_errors_txt" platform="jvm">
<message>
Expected diagnostics from baseline typescript-repo/tests/baselines/reference/moduleResolutionNoTsESM.errors.txt but none produced
</message>
<stacktrace>
  at com.xemantic.typescript.compiler.TypeScriptTestSupportKt.errorsMatchBaseline(TypeScriptTestSupport.kt:125)
  at com.xemantic.typescript.compiler.TypeScriptCompilerTests_M.moduleResolutionNoTsESM_ts has expected errors matching moduleResolutionNoTsESM_errors_txt(TypeScriptCompilerTests_M.kt:3003)
  at java.base/jdk.internal.reflect.DirectMethodHandleAccessor.invoke(DirectMethodHandleAccessor.java:104)
  at java.base/java.lang.reflect.Method.invoke(Method.java:565)
  at org.junit.runners.model.FrameworkMethod$1.runReflectiveCall(FrameworkMethod.java:59)
  at org.junit.internal.runners.model.ReflectiveCallable.run(ReflectiveCallable.java:12)
  at org.junit.runners.model.FrameworkMethod.invokeExplosively(FrameworkMethod.java:56)
  at org.junit.internal.runners.statements.InvokeMethod.evaluate(InvokeMethod.java:17)
  at org.junit.runners.ParentRunner$3.evaluate(ParentRunner.java:306)
  at org.junit.runners.BlockJUnit4ClassRunner$1.evaluate(BlockJUnit4ClassRunner.java:100)
  at org.junit.runners.ParentRunner.runLeaf(ParentRunner.java:366)
  at org.junit.runners.BlockJUnit4ClassRunner.runChild(BlockJUnit4ClassRunner.java:103)
  at org.junit.runners.BlockJUnit4ClassRunner.runChild(BlockJUnit4ClassRunner.java:63)
  at org.junit.runners.ParentRunner$4.run(ParentRunner.java:331)
  at org.junit.runners.ParentRunner$1.schedule(ParentRunner.java:79)
  at org.junit.runners.ParentRunner.runChildren(ParentRunner.java:329)
  at org.junit.runners.ParentRunner.access$100(ParentRunner.java:66)
  at org.junit.runners.ParentRunner$2.evaluate(ParentRunner.java:293)
  at org.junit.runners.ParentRunner$3.evaluate(ParentRunner.java:306)
  at org.junit.runners.ParentRunner.run(ParentRunner.java:413)
  at org.junit.runner.JUnitCore.run(JUnitCore.java:137)
  at org.junit.runner.JUnitCore.run(JUnitCore.java:115)
  at org.gradle.api.internal.tasks.testing.junit.JUnitTestExecutor.runRequest(JUnitTestExecutor.java:175)
  at org.gradle.api.internal.tasks.testing.junit.JUnitTestExecutor.accept(JUnitTestExecutor.java:84)
  at org.gradle.api.internal.tasks.testing.junit.JUnitTestExecutor.accept(JUnitTestExecutor.java:47)
  at org.gradle.api.internal.tasks.testing.junit.AbstractJUnitTestDefinitionProcessor.processTestDefinition(AbstractJUnitTestDefinitionProcessor.java:65)
  at org.gradle.api.internal.tasks.testing.SuiteTestDefinitionProcessor.processTestDefinition(SuiteTestDefinitionProcessor.java:54)
  at java.base/jdk.internal.reflect.DirectMethodHandleAccessor.invoke(DirectMethodHandleAccessor.java:104)
  at java.base/java.lang.reflect.Method.invoke(Method.java:565)
  at org.gradle.internal.dispatch.MethodInvocation.invokeOn(MethodInvocation.java:77)
  at org.gradle.internal.dispatch.ReflectionDispatch.dispatch(ReflectionDispatch.java:28)
  at org.gradle.internal.dispatch.ReflectionDispatch.dispatch(ReflectionDispatch.java:19)
  at org.gradle.internal.dispatch.ContextClassLoaderDispatch.dispatch(ContextClassLoaderDispatch.java:33)
  at org.gradle.internal.dispatch.ProxyDispatchAdapter$DispatchingInvocationHandler.invoke(ProxyDispatchAdapter.java:88)
  at jdk.proxy1/jdk.proxy1.$Proxy4.processTestDefinition(Unknown Source)
  at org.gradle.api.internal.tasks.testing.worker.TestWorker$2.run(TestWorker.java:178)
  at org.gradle.api.internal.tasks.testing.worker.TestWorker.executeAndMaintainThreadName(TestWorker.java:126)
  at org.gradle.api.internal.tasks.testing.worker.TestWorker.execute(TestWorker.java:103)
  at org.gradle.api.internal.tasks.testing.worker.TestWorker.execute(TestWorker.java:63)
  at org.gradle.process.internal.worker.child.ActionExecutionWorker.execute(ActionExecutionWorker.java:56)
  at org.gradle.process.internal.worker.child.SystemApplicationClassLoaderWorker.call(SystemApplicationClassLoaderWorker.java:122)
  at org.gradle.process.internal.worker.child.SystemApplicationClassLoaderWorker.call(SystemApplicationClassLoaderWorker.java:72)
  at worker.org.gradle.process.internal.worker.GradleWorkerMain.run(GradleWorkerMain.java:69)
  at worker.org.gradle.process.internal.worker.GradleWorkerMain.main(GradleWorkerMain.java:74)
</stacktrace>
</test-failure>


TypeScriptCompilerTests_M[jvm] > moduleResolutionNoTsESM_ts has expected errors matching moduleResolutionNoTsESM_errors_txt[jvm] FAILED

<test-failure test="com.xemantic.typescript.compiler.TypeScriptCompilerTests_M.missingPropertiesOfClassExpression_ts has expected errors matching missingPropertiesOfClassExpression_errors_txt" platform="jvm">
<message>
Expected diagnostics from baseline typescript-repo/tests/baselines/reference/missingPropertiesOfClassExpression.errors.txt but none produced
</message>
<stacktrace>
  at com.xemantic.typescript.compiler.TypeScriptTestSupportKt.errorsMatchBaseline(TypeScriptTestSupport.kt:125)
  at com.xemantic.typescript.compiler.TypeScriptCompilerTests_M.missingPropertiesOfClassExpression_ts has expected errors matching missingPropertiesOfClassExpression_errors_txt(TypeScriptCompilerTests_M.kt:1232)
  at java.base/jdk.internal.reflect.DirectMethodHandleAccessor.invoke(DirectMethodHandleAccessor.java:104)
  at java.base/java.lang.reflect.Method.invoke(Method.java:565)
  at org.junit.runners.model.FrameworkMethod$1.runReflectiveCall(FrameworkMethod.java:59)
  at org.junit.internal.runners.model.ReflectiveCallable.run(ReflectiveCallable.java:12)
  at org.junit.runners.model.FrameworkMethod.invokeExplosively(FrameworkMethod.java:56)
  at org.junit.internal.runners.statements.InvokeMethod.evaluate(InvokeMethod.java:17)
  at org.junit.runners.ParentRunner$3.evaluate(ParentRunner.java:306)
  at org.junit.runners.BlockJUnit4ClassRunner$1.evaluate(BlockJUnit4ClassRunner.java:100)
  at org.junit.runners.ParentRunner.runLeaf(ParentRunner.java:366)
  at org.junit.runners.BlockJUnit4ClassRunner.runChild(BlockJUnit4ClassRunner.java:103)
  at org.junit.runners.BlockJUnit4ClassRunner.runChild(BlockJUnit4ClassRunner.java:63)
  at org.junit.runners.ParentRunner$4.run(ParentRunner.java:331)
  at org.junit.runners.ParentRunner$1.schedule(ParentRunner.java:79)
  at org.junit.runners.ParentRunner.runChildren(ParentRunner.java:329)
  at org.junit.runners.ParentRunner.access$100(ParentRunner.java:66)
  at org.junit.runners.ParentRunner$2.evaluate(ParentRunner.java:293)
  at org.junit.runners.ParentRunner$3.evaluate(ParentRunner.java:306)
  at org.junit.runners.ParentRunner.run(ParentRunner.java:413)
  at org.junit.runner.JUnitCore.run(JUnitCore.java:137)
  at org.junit.runner.JUnitCore.run(JUnitCore.java:115)
  at org.gradle.api.internal.tasks.testing.junit.JUnitTestExecutor.runRequest(JUnitTestExecutor.java:175)
  at org.gradle.api.internal.tasks.testing.junit.JUnitTestExecutor.accept(JUnitTestExecutor.java:84)
  at org.gradle.api.internal.tasks.testing.junit.JUnitTestExecutor.accept(JUnitTestExecutor.java:47)
  at org.gradle.api.internal.tasks.testing.junit.AbstractJUnitTestDefinitionProcessor.processTestDefinition(AbstractJUnitTestDefinitionProcessor.java:65)
  at org.gradle.api.internal.tasks.testing.SuiteTestDefinitionProcessor.processTestDefinition(SuiteTestDefinitionProcessor.java:54)
  at java.base/jdk.internal.reflect.DirectMethodHandleAccessor.invoke(DirectMethodHandleAccessor.java:104)
  at java.base/java.lang.reflect.Method.invoke(Method.java:565)
  at org.gradle.internal.dispatch.MethodInvocation.invokeOn(MethodInvocation.java:77)
  at org.gradle.internal.dispatch.ReflectionDispatch.dispatch(ReflectionDispatch.java:28)
  at org.gradle.internal.dispatch.ReflectionDispatch.dispatch(ReflectionDispatch.java:19)
  at org.gradle.internal.dispatch.ContextClassLoaderDispatch.dispatch(ContextClassLoaderDispatch.java:33)
  at org.gradle.internal.dispatch.ProxyDispatchAdapter$DispatchingInvocationHandler.invoke(ProxyDispatchAdapter.java:88)
  at jdk.proxy1/jdk.proxy1.$Proxy4.processTestDefinition(Unknown Source)
  at org.gradle.api.internal.tasks.testing.worker.TestWorker$2.run(TestWorker.java:178)
  at org.gradle.api.internal.tasks.testing.worker.TestWorker.executeAndMaintainThreadName(TestWorker.java:126)
  at org.gradle.api.internal.tasks.testing.worker.TestWorker.execute(TestWorker.java:103)
  at org.gradle.api.internal.tasks.testing.worker.TestWorker.execute(TestWorker.java:63)
  at org.gradle.process.internal.worker.child.ActionExecutionWorker.execute(ActionExecutionWorker.java:56)
  at org.gradle.process.internal.worker.child.SystemApplicationClassLoaderWorker.call(SystemApplicationClassLoaderWorker.java:122)
  at org.gradle.process.internal.worker.child.SystemApplicationClassLoaderWorker.call(SystemApplicationClassLoaderWorker.java:72)
  at worker.org.gradle.process.internal.worker.GradleWorkerMain.run(GradleWorkerMain.java:69)
  at worker.org.gradle.process.internal.worker.GradleWorkerMain.main(GradleWorkerMain.java:74)
</stacktrace>
</test-failure>


TypeScriptCompilerTests_M[jvm] > missingPropertiesOfClassExpression_ts has expected errors matching missingPropertiesOfClassExpression_errors_txt[jvm] FAILED

<test-failure test="com.xemantic.typescript.compiler.TypeScriptCompilerTests_M.moduleResolutionWithSuffixes_one_jsonModule_ts compiles to JavaScript matching moduleResolutionWithSuffixes_one_jsonModule_js" platform="jvm">
<message>
--- expected
+++ actual
@@ -1,5 +1,8 @@
 //// [tests/cases/compiler/moduleResolutionWithSuffixes_one_jsonModule.ts] ////
 
+//// [index.ts]
+import foo from "./foo.json";
+console.log(foo.ios);
 //// [foo.ios.json]
 {
 	"ios": "platform ios"
@@ -9,14 +12,15 @@
 	"base": "platform base"
 }
 
-//// [index.ts]
-import foo from "./foo.json";
-console.log(foo.ios);
 
 //// [/bin/foo.ios.json]
 {
     "ios": "platform ios"
 }
+//// [/bin/foo.json]
+{
+    "base": "platform base"
+}
 //// [/bin/index.js]
 "use strict";
 var __importDefault = (this && this.__importDefault) || function (mod) {

</message>
<stacktrace>
  at org.junit.Assert.fail(Assert.java:89)
  at kotlin.test.junit.JUnitAsserter.fail(JUnitSupport.kt:56)
  at kotlin.test.AssertionsKt__AssertionsKt.fail(Assertions.kt:563)
  at kotlin.test.AssertionsKt.fail(Unknown Source)
  at com.xemantic.kotlin.test.SameAsKt.sameAs(SameAs.kt:52)
  at com.xemantic.typescript.compiler.TypeScriptTestSupportKt.sameAs(TypeScriptTestSupport.kt:99)
  at com.xemantic.typescript.compiler.TypeScriptCompilerTests_M.moduleResolutionWithSuffixes_one_jsonModule_ts compiles to JavaScript matching moduleResolutionWithSuffixes_one_jsonModule_js(TypeScriptCompilerTests_M.kt:3353)
  at java.base/jdk.internal.reflect.DirectMethodHandleAccessor.invoke(DirectMethodHandleAccessor.java:104)
  at java.base/java.lang.reflect.Method.invoke(Method.java:565)
  at org.junit.runners.model.FrameworkMethod$1.runReflectiveCall(FrameworkMethod.java:59)
  at org.junit.internal.runners.model.ReflectiveCallable.run(ReflectiveCallable.java:12)
  at org.junit.runners.model.FrameworkMethod.invokeExplosively(FrameworkMethod.java:56)
  at org.junit.internal.runners.statements.InvokeMethod.evaluate(InvokeMethod.java:17)
  at org.junit.runners.ParentRunner$3.evaluate(ParentRunner.java:306)
  at org.junit.runners.BlockJUnit4ClassRunner$1.evaluate(BlockJUnit4ClassRunner.java:100)
  at org.junit.runners.ParentRunner.runLeaf(ParentRunner.java:366)
  at org.junit.runners.BlockJUnit4ClassRunner.runChild(BlockJUnit4ClassRunner.java:103)
  at org.junit.runners.BlockJUnit4ClassRunner.runChild(BlockJUnit4ClassRunner.java:63)
  at org.junit.runners.ParentRunner$4.run(ParentRunner.java:331)
  at org.junit.runners.ParentRunner$1.schedule(ParentRunner.java:79)
  at org.junit.runners.ParentRunner.runChildren(ParentRunner.java:329)
  at org.junit.runners.ParentRunner.access$100(ParentRunner.java:66)
  at org.junit.runners.ParentRunner$2.evaluate(ParentRunner.java:293)
  at org.junit.runners.ParentRunner$3.evaluate(ParentRunner.java:306)
  at org.junit.runners.ParentRunner.run(ParentRunner.java:413)
  at org.junit.runner.JUnitCore.run(JUnitCore.java:137)
  at org.junit.runner.JUnitCore.run(JUnitCore.java:115)
  at org.gradle.api.internal.tasks.testing.junit.JUnitTestExecutor.runRequest(JUnitTestExecutor.java:175)
  at org.gradle.api.internal.tasks.testing.junit.JUnitTestExecutor.accept(JUnitTestExecutor.java:84)
  at org.gradle.api.internal.tasks.testing.junit.JUnitTestExecutor.accept(JUnitTestExecutor.java:47)
  at org.gradle.api.internal.tasks.testing.junit.AbstractJUnitTestDefinitionProcessor.processTestDefinition(AbstractJUnitTestDefinitionProcessor.java:65)
  at org.gradle.api.internal.tasks.testing.SuiteTestDefinitionProcessor.processTestDefinition(SuiteTestDefinitionProcessor.java:54)
  at java.base/jdk.internal.reflect.DirectMethodHandleAccessor.invoke(DirectMethodHandleAccessor.java:104)
  at java.base/java.lang.reflect.Method.invoke(Method.java:565)
  at org.gradle.internal.dispatch.MethodInvocation.invokeOn(MethodInvocation.java:77)
  at org.gradle.internal.dispatch.ReflectionDispatch.dispatch(ReflectionDispatch.java:28)
  at org.gradle.internal.dispatch.ReflectionDispatch.dispatch(ReflectionDispatch.java:19)
  at org.gradle.internal.dispatch.ContextClassLoaderDispatch.dispatch(ContextClassLoaderDispatch.java:33)
  at org.gradle.internal.dispatch.ProxyDispatchAdapter$DispatchingInvocationHandler.invoke(ProxyDispatchAdapter.java:88)
  at jdk.proxy1/jdk.proxy1.$Proxy4.processTestDefinition(Unknown Source)
  at org.gradle.api.internal.tasks.testing.worker.TestWorker$2.run(TestWorker.java:178)
  at org.gradle.api.internal.tasks.testing.worker.TestWorker.executeAndMaintainThreadName(TestWorker.java:126)
  at org.gradle.api.internal.tasks.testing.worker.TestWorker.execute(TestWorker.java:103)
  at org.gradle.api.internal.tasks.testing.worker.TestWorker.execute(TestWorker.java:63)
  at org.gradle.process.internal.worker.child.ActionExecutionWorker.execute(ActionExecutionWorker.java:56)
  at org.gradle.process.internal.worker.child.SystemApplicationClassLoaderWorker.call(SystemApplicationClassLoaderWorker.java:122)
  at org.gradle.process.internal.worker.child.SystemApplicationClassLoaderWorker.call(SystemApplicationClassLoaderWorker.java:72)
  at worker.org.gradle.process.internal.worker.GradleWorkerMain.run(GradleWorkerMain.java:69)
  at worker.org.gradle.process.internal.worker.GradleWorkerMain.main(GradleWorkerMain.java:74)
</stacktrace>
</test-failure>


TypeScriptCompilerTests_M[jvm] > moduleResolutionWithSuffixes_one_jsonModule_ts compiles to JavaScript matching moduleResolutionWithSuffixes_one_jsonModule_js[jvm] FAILED

<test-failure test="com.xemantic.typescript.compiler.TypeScriptCompilerTests_M.moduleExports1_ts has expected errors matching moduleExports1_errors_txt" platform="jvm">
<message>
--- expected
+++ actual
@@ -1,9 +1,7 @@
 moduleExports1.ts(3,10): error TS2564: Property 'address' has no initializer and is not definitely assigned in the constructor.
-moduleExports1.ts(13,6): error TS2591: Cannot find name 'module'. Do you need to install type definitions for node? Try `npm i --save-dev @types/node` and then add 'node' to the types field in your tsconfig.
-moduleExports1.ts(13,22): error TS2591: Cannot find name 'module'. Do you need to install type definitions for node? Try `npm i --save-dev @types/node` and then add 'node' to the types field in your tsconfig.
 
 
-==== moduleExports1.ts (3 errors) ====
+==== moduleExports1.ts (1 errors) ====
     export namespace TypeScript.Strasse.Street {
     	export class Rue {
     		public address:string;
@@ -19,7 +17,3 @@
     void 0;
     
     if (!module.exports) module.exports = "";
-         ~~~~~~
-!!! error TS2591: Cannot find name 'module'. Do you need to install type definitions for node? Try `npm i --save-dev @types/node` and then add 'node' to the types field in your tsconfig.
-                         ~~~~~~
-!!! error TS2591: Cannot find name 'module'. Do you need to install type definitions for node? Try `npm i --save-dev @types/node` and then add 'node' to the types field in your tsconfig.

</message>
<stacktrace>
  at org.junit.Assert.fail(Assert.java:89)
  at kotlin.test.junit.JUnitAsserter.fail(JUnitSupport.kt:56)
  at kotlin.test.AssertionsKt__AssertionsKt.fail(Assertions.kt:563)
  at kotlin.test.AssertionsKt.fail(Unknown Source)
  at com.xemantic.kotlin.test.SameAsKt.sameAs(SameAs.kt:52)
  at com.xemantic.typescript.compiler.TypeScriptTestSupportKt.errorsMatchBaseline(TypeScriptTestSupport.kt:135)
  at com.xemantic.typescript.compiler.TypeScriptCompilerTests_M.moduleExports1_ts has expected errors matching moduleExports1_errors_txt(TypeScriptCompilerTests_M.kt:2471)
  at java.base/jdk.internal.reflect.DirectMethodHandleAccessor.invoke(DirectMethodHandleAccessor.java:104)
  at java.base/java.lang.reflect.Method.invoke(Method.java:565)
  at org.junit.runners.model.FrameworkMethod$1.runReflectiveCall(FrameworkMethod.java:59)
  at org.junit.internal.runners.model.ReflectiveCallable.run(ReflectiveCallable.java:12)
  at org.junit.runners.model.FrameworkMethod.invokeExplosively(FrameworkMethod.java:56)
  at org.junit.internal.runners.statements.InvokeMethod.evaluate(InvokeMethod.java:17)
  at org.junit.runners.ParentRunner$3.evaluate(ParentRunner.java:306)
  at org.junit.runners.BlockJUnit4ClassRunner$1.evaluate(BlockJUnit4ClassRunner.java:100)
  at org.junit.runners.ParentRunner.runLeaf(ParentRunner.java:366)
  at org.junit.runners.BlockJUnit4ClassRunner.runChild(BlockJUnit4ClassRunner.java:103)
  at org.junit.runners.BlockJUnit4ClassRunner.runChild(BlockJUnit4ClassRunner.java:63)
  at org.junit.runners.ParentRunner$4.run(ParentRunner.java:331)
  at org.junit.runners.ParentRunner$1.schedule(ParentRunner.java:79)
  at org.junit.runners.ParentRunner.runChildren(ParentRunner.java:329)
  at org.junit.runners.ParentRunner.access$100(ParentRunner.java:66)
  at org.junit.runners.ParentRunner$2.evaluate(ParentRunner.java:293)
  at org.junit.runners.ParentRunner$3.evaluate(ParentRunner.java:306)
  at org.junit.runners.ParentRunner.run(ParentRunner.java:413)
  at org.junit.runner.JUnitCore.run(JUnitCore.java:137)
  at org.junit.runner.JUnitCore.run(JUnitCore.java:115)
  at org.gradle.api.internal.tasks.testing.junit.JUnitTestExecutor.runRequest(JUnitTestExecutor.java:175)
  at org.gradle.api.internal.tasks.testing.junit.JUnitTestExecutor.accept(JUnitTestExecutor.java:84)
  at org.gradle.api.internal.tasks.testing.junit.JUnitTestExecutor.accept(JUnitTestExecutor.java:47)
  at org.gradle.api.internal.tasks.testing.junit.AbstractJUnitTestDefinitionProcessor.processTestDefinition(AbstractJUnitTestDefinitionProcessor.java:65)
  at org.gradle.api.internal.tasks.testing.SuiteTestDefinitionProcessor.processTestDefinition(SuiteTestDefinitionProcessor.java:54)
  at java.base/jdk.internal.reflect.DirectMethodHandleAccessor.invoke(DirectMethodHandleAccessor.java:104)
  at java.base/java.lang.reflect.Method.invoke(Method.java:565)
  at org.gradle.internal.dispatch.MethodInvocation.invokeOn(MethodInvocation.java:77)
  at org.gradle.internal.dispatch.ReflectionDispatch.dispatch(ReflectionDispatch.java:28)
  at org.gradle.internal.dispatch.ReflectionDispatch.dispatch(ReflectionDispatch.java:19)
  at org.gradle.internal.dispatch.ContextClassLoaderDispatch.dispatch(ContextClassLoaderDispatch.java:33)
  at org.gradle.internal.dispatch.ProxyDispatchAdapter$DispatchingInvocationHandler.invoke(ProxyDispatchAdapter.java:88)
  at jdk.proxy1/jdk.proxy1.$Proxy4.processTestDefinition(Unknown Source)
  at org.gradle.api.internal.tasks.testing.worker.TestWorker$2.run(TestWorker.java:178)
  at org.gradle.api.internal.tasks.testing.worker.TestWorker.executeAndMaintainThreadName(TestWorker.java:126)
  at org.gradle.api.internal.tasks.testing.worker.TestWorker.execute(TestWorker.java:103)
  at org.gradle.api.internal.tasks.testing.worker.TestWorker.execute(TestWorker.java:63)
  at org.gradle.process.internal.worker.child.ActionExecutionWorker.execute(ActionExecutionWorker.java:56)
  at org.gradle.process.internal.worker.child.SystemApplicationClassLoaderWorker.call(SystemApplicationClassLoaderWorker.java:122)
  at org.gradle.process.internal.worker.child.SystemApplicationClassLoaderWorker.call(SystemApplicationClassLoaderWorker.java:72)
  at worker.org.gradle.process.internal.worker.GradleWorkerMain.run(GradleWorkerMain.java:69)
  at worker.org.gradle.process.internal.worker.GradleWorkerMain.main(GradleWorkerMain.java:74)
</stacktrace>
</test-failure>


TypeScriptCompilerTests_M[jvm] > moduleExports1_ts has expected errors matching moduleExports1_errors_txt[jvm] FAILED

<test-failure test="com.xemantic.typescript.compiler.TypeScriptCompilerTests_M.moduleResolutionWithSuffixes_one_externalModule_withPaths_ts compiles to JavaScript matching moduleResolutionWithSuffixes_one_externalModule_withPaths_js" platform="jvm">
<message>
--- expected
+++ actual
@@ -5,11 +5,16 @@
 exports.__esModule = true;
 function ios() {}
 exports.ios = ios;
+//// [index.ios.d.ts]
+export declare function ios(): void;
 //// [index.js]
 "use strict";
 exports.__esModule = true;
 function base() {}
 exports.base = base;
+//// [index.d.ts]
+export declare function base(): void;
+
 //// [test.ts]
 import { ios } from "some-library";
 import { ios as ios2 } from "some-library/index";

</message>
<stacktrace>
  at org.junit.Assert.fail(Assert.java:89)
  at kotlin.test.junit.JUnitAsserter.fail(JUnitSupport.kt:56)
  at kotlin.test.AssertionsKt__AssertionsKt.fail(Assertions.kt:563)
  at kotlin.test.AssertionsKt.fail(Unknown Source)
  at com.xemantic.kotlin.test.SameAsKt.sameAs(SameAs.kt:52)
  at com.xemantic.typescript.compiler.TypeScriptTestSupportKt.sameAs(TypeScriptTestSupport.kt:99)
  at com.xemantic.typescript.compiler.TypeScriptCompilerTests_M.moduleResolutionWithSuffixes_one_externalModule_withPaths_ts compiles to JavaScript matching moduleResolutionWithSuffixes_one_externalModule_withPaths_js(TypeScriptCompilerTests_M.kt:3311)
  at java.base/jdk.internal.reflect.DirectMethodHandleAccessor.invoke(DirectMethodHandleAccessor.java:104)
  at java.base/java.lang.reflect.Method.invoke(Method.java:565)
  at org.junit.runners.model.FrameworkMethod$1.runReflectiveCall(FrameworkMethod.java:59)
  at org.junit.internal.runners.model.ReflectiveCallable.run(ReflectiveCallable.java:12)
  at org.junit.runners.model.FrameworkMethod.invokeExplosively(FrameworkMethod.java:56)
  at org.junit.internal.runners.statements.InvokeMethod.evaluate(InvokeMethod.java:17)
  at org.junit.runners.ParentRunner$3.evaluate(ParentRunner.java:306)
  at org.junit.runners.BlockJUnit4ClassRunner$1.evaluate(BlockJUnit4ClassRunner.java:100)
  at org.junit.runners.ParentRunner.runLeaf(ParentRunner.java:366)
  at org.junit.runners.BlockJUnit4ClassRunner.runChild(BlockJUnit4ClassRunner.java:103)
  at org.junit.runners.BlockJUnit4ClassRunner.runChild(BlockJUnit4ClassRunner.java:63)
  at org.junit.runners.ParentRunner$4.run(ParentRunner.java:331)
  at org.junit.runners.ParentRunner$1.schedule(ParentRunner.java:79)
  at org.junit.runners.ParentRunner.runChildren(ParentRunner.java:329)
  at org.junit.runners.ParentRunner.access$100(ParentRunner.java:66)
  at org.junit.runners.ParentRunner$2.evaluate(ParentRunner.java:293)
  at org.junit.runners.ParentRunner$3.evaluate(ParentRunner.java:306)
  at org.junit.runners.ParentRunner.run(ParentRunner.java:413)
  at org.junit.runner.JUnitCore.run(JUnitCore.java:137)
  at org.junit.runner.JUnitCore.run(JUnitCore.java:115)
  at org.gradle.api.internal.tasks.testing.junit.JUnitTestExecutor.runRequest(JUnitTestExecutor.java:175)
  at org.gradle.api.internal.tasks.testing.junit.JUnitTestExecutor.accept(JUnitTestExecutor.java:84)
  at org.gradle.api.internal.tasks.testing.junit.JUnitTestExecutor.accept(JUnitTestExecutor.java:47)
  at org.gradle.api.internal.tasks.testing.junit.AbstractJUnitTestDefinitionProcessor.processTestDefinition(AbstractJUnitTestDefinitionProcessor.java:65)
  at org.gradle.api.internal.tasks.testing.SuiteTestDefinitionProcessor.processTestDefinition(SuiteTestDefinitionProcessor.java:54)
  at java.base/jdk.internal.reflect.DirectMethodHandleAccessor.invoke(DirectMethodHandleAccessor.java:104)
  at java.base/java.lang.reflect.Method.invoke(Method.java:565)
  at org.gradle.internal.dispatch.MethodInvocation.invokeOn(MethodInvocation.java:77)
  at org.gradle.internal.dispatch.ReflectionDispatch.dispatch(ReflectionDispatch.java:28)
  at org.gradle.internal.dispatch.ReflectionDispatch.dispatch(ReflectionDispatch.java:19)
  at org.gradle.internal.dispatch.ContextClassLoaderDispatch.dispatch(ContextClassLoaderDispatch.java:33)
  at org.gradle.internal.dispatch.ProxyDispatchAdapter$DispatchingInvocationHandler.invoke(ProxyDispatchAdapter.java:88)
  at jdk.proxy1/jdk.proxy1.$Proxy4.processTestDefinition(Unknown Source)
  at org.gradle.api.internal.tasks.testing.worker.TestWorker$2.run(TestWorker.java:178)
  at org.gradle.api.internal.tasks.testing.worker.TestWorker.executeAndMaintainThreadName(TestWorker.java:126)
  at org.gradle.api.internal.tasks.testing.worker.TestWorker.execute(TestWorker.java:103)
  at org.gradle.api.internal.tasks.testing.worker.TestWorker.execute(TestWorker.java:63)
  at org.gradle.process.internal.worker.child.ActionExecutionWorker.execute(ActionExecutionWorker.java:56)
  at org.gradle.process.internal.worker.child.SystemApplicationClassLoaderWorker.call(SystemApplicationClassLoaderWorker.java:122)
  at org.gradle.process.internal.worker.child.SystemApplicationClassLoaderWorker.call(SystemApplicationClassLoaderWorker.java:72)
  at worker.org.gradle.process.internal.worker.GradleWorkerMain.run(GradleWorkerMain.java:69)
  at worker.org.gradle.process.internal.worker.GradleWorkerMain.main(GradleWorkerMain.java:74)
</stacktrace>
</test-failure>


TypeScriptCompilerTests_M[jvm] > moduleResolutionWithSuffixes_one_externalModule_withPaths_ts compiles to JavaScript matching moduleResolutionWithSuffixes_one_externalModule_withPaths_js[jvm] FAILED

<test-failure test="com.xemantic.typescript.compiler.TypeScriptCompilerTests_M.modulePreserve4_ts has expected errors matching modulePreserve4_errors_txt" platform="jvm">
<message>
Expected diagnostics from baseline typescript-repo/tests/baselines/reference/modulePreserve4.errors.txt but none produced
</message>
<stacktrace>
  at com.xemantic.typescript.compiler.TypeScriptTestSupportKt.errorsMatchBaseline(TypeScriptTestSupport.kt:125)
  at com.xemantic.typescript.compiler.TypeScriptCompilerTests_M.modulePreserve4_ts has expected errors matching modulePreserve4_errors_txt(TypeScriptCompilerTests_M.kt:2807)
  at java.base/jdk.internal.reflect.DirectMethodHandleAccessor.invoke(DirectMethodHandleAccessor.java:104)
  at java.base/java.lang.reflect.Method.invoke(Method.java:565)
  at org.junit.runners.model.FrameworkMethod$1.runReflectiveCall(FrameworkMethod.java:59)
  at org.junit.internal.runners.model.ReflectiveCallable.run(ReflectiveCallable.java:12)
  at org.junit.runners.model.FrameworkMethod.invokeExplosively(FrameworkMethod.java:56)
  at org.junit.internal.runners.statements.InvokeMethod.evaluate(InvokeMethod.java:17)
  at org.junit.runners.ParentRunner$3.evaluate(ParentRunner.java:306)
  at org.junit.runners.BlockJUnit4ClassRunner$1.evaluate(BlockJUnit4ClassRunner.java:100)
  at org.junit.runners.ParentRunner.runLeaf(ParentRunner.java:366)
  at org.junit.runners.BlockJUnit4ClassRunner.runChild(BlockJUnit4ClassRunner.java:103)
  at org.junit.runners.BlockJUnit4ClassRunner.runChild(BlockJUnit4ClassRunner.java:63)
  at org.junit.runners.ParentRunner$4.run(ParentRunner.java:331)
  at org.junit.runners.ParentRunner$1.schedule(ParentRunner.java:79)
  at org.junit.runners.ParentRunner.runChildren(ParentRunner.java:329)
  at org.junit.runners.ParentRunner.access$100(ParentRunner.java:66)
  at org.junit.runners.ParentRunner$2.evaluate(ParentRunner.java:293)
  at org.junit.runners.ParentRunner$3.evaluate(ParentRunner.java:306)
  at org.junit.runners.ParentRunner.run(ParentRunner.java:413)
  at org.junit.runner.JUnitCore.run(JUnitCore.java:137)
  at org.junit.runner.JUnitCore.run(JUnitCore.java:115)
  at org.gradle.api.internal.tasks.testing.junit.JUnitTestExecutor.runRequest(JUnitTestExecutor.java:175)
  at org.gradle.api.internal.tasks.testing.junit.JUnitTestExecutor.accept(JUnitTestExecutor.java:84)
  at org.gradle.api.internal.tasks.testing.junit.JUnitTestExecutor.accept(JUnitTestExecutor.java:47)
  at org.gradle.api.internal.tasks.testing.junit.AbstractJUnitTestDefinitionProcessor.processTestDefinition(AbstractJUnitTestDefinitionProcessor.java:65)
  at org.gradle.api.internal.tasks.testing.SuiteTestDefinitionProcessor.processTestDefinition(SuiteTestDefinitionProcessor.java:54)
  at java.base/jdk.internal.reflect.DirectMethodHandleAccessor.invoke(DirectMethodHandleAccessor.java:104)
  at java.base/java.lang.reflect.Method.invoke(Method.java:565)
  at org.gradle.internal.dispatch.MethodInvocation.invokeOn(MethodInvocation.java:77)
  at org.gradle.internal.dispatch.ReflectionDispatch.dispatch(ReflectionDispatch.java:28)
  at org.gradle.internal.dispatch.ReflectionDispatch.dispatch(ReflectionDispatch.java:19)
  at org.gradle.internal.dispatch.ContextClassLoaderDispatch.dispatch(ContextClassLoaderDispatch.java:33)
  at org.gradle.internal.dispatch.ProxyDispatchAdapter$DispatchingInvocationHandler.invoke(ProxyDispatchAdapter.java:88)
  at jdk.proxy1/jdk.proxy1.$Proxy4.processTestDefinition(Unknown Source)
  at org.gradle.api.internal.tasks.testing.worker.TestWorker$2.run(TestWorker.java:178)
  at org.gradle.api.internal.tasks.testing.worker.TestWorker.executeAndMaintainThreadName(TestWorker.java:126)
  at org.gradle.api.internal.tasks.testing.worker.TestWorker.execute(TestWorker.java:103)
  at org.gradle.api.internal.tasks.testing.worker.TestWorker.execute(TestWorker.java:63)
  at org.gradle.process.internal.worker.child.ActionExecutionWorker.execute(ActionExecutionWorker.java:56)
  at org.gradle.process.internal.worker.child.SystemApplicationClassLoaderWorker.call(SystemApplicationClassLoaderWorker.java:122)
  at org.gradle.process.internal.worker.child.SystemApplicationClassLoaderWorker.call(SystemApplicationClassLoaderWorker.java:72)
  at worker.org.gradle.process.internal.worker.GradleWorkerMain.run(GradleWorkerMain.java:69)
  at worker.org.gradle.process.internal.worker.GradleWorkerMain.main(GradleWorkerMain.java:74)
</stacktrace>
</test-failure>


TypeScriptCompilerTests_M[jvm] > modulePreserve4_ts has expected errors matching modulePreserve4_errors_txt[jvm] FAILED

<test-failure test="com.xemantic.typescript.compiler.TypeScriptCompilerTests_M.moduleAugmentationImportsAndExports2_ts has expected errors matching moduleAugmentationImportsAndExports2_errors_txt" platform="jvm">
<message>
Expected diagnostics from baseline typescript-repo/tests/baselines/reference/moduleAugmentationImportsAndExports2.errors.txt but none produced
</message>
<stacktrace>
  at com.xemantic.typescript.compiler.TypeScriptTestSupportKt.errorsMatchBaseline(TypeScriptTestSupport.kt:125)
  at com.xemantic.typescript.compiler.TypeScriptCompilerTests_M.moduleAugmentationImportsAndExports2_ts has expected errors matching moduleAugmentationImportsAndExports2_errors_txt(TypeScriptCompilerTests_M.kt:2086)
  at java.base/jdk.internal.reflect.DirectMethodHandleAccessor.invoke(DirectMethodHandleAccessor.java:104)
  at java.base/java.lang.reflect.Method.invoke(Method.java:565)
  at org.junit.runners.model.FrameworkMethod$1.runReflectiveCall(FrameworkMethod.java:59)
  at org.junit.internal.runners.model.ReflectiveCallable.run(ReflectiveCallable.java:12)
  at org.junit.runners.model.FrameworkMethod.invokeExplosively(FrameworkMethod.java:56)
  at org.junit.internal.runners.statements.InvokeMethod.evaluate(InvokeMethod.java:17)
  at org.junit.runners.ParentRunner$3.evaluate(ParentRunner.java:306)
  at org.junit.runners.BlockJUnit4ClassRunner$1.evaluate(BlockJUnit4ClassRunner.java:100)
  at org.junit.runners.ParentRunner.runLeaf(ParentRunner.java:366)
  at org.junit.runners.BlockJUnit4ClassRunner.runChild(BlockJUnit4ClassRunner.java:103)
  at org.junit.runners.BlockJUnit4ClassRunner.runChild(BlockJUnit4ClassRunner.java:63)
  at org.junit.runners.ParentRunner$4.run(ParentRunner.java:331)
  at org.junit.runners.ParentRunner$1.schedule(ParentRunner.java:79)
  at org.junit.runners.ParentRunner.runChildren(ParentRunner.java:329)
  at org.junit.runners.ParentRunner.access$100(ParentRunner.java:66)
  at org.junit.runners.ParentRunner$2.evaluate(ParentRunner.java:293)
  at org.junit.runners.ParentRunner$3.evaluate(ParentRunner.java:306)
  at org.junit.runners.ParentRunner.run(ParentRunner.java:413)
  at org.junit.runner.JUnitCore.run(JUnitCore.java:137)
  at org.junit.runner.JUnitCore.run(JUnitCore.java:115)
  at org.gradle.api.internal.tasks.testing.junit.JUnitTestExecutor.runRequest(JUnitTestExecutor.java:175)
  at org.gradle.api.internal.tasks.testing.junit.JUnitTestExecutor.accept(JUnitTestExecutor.java:84)
  at org.gradle.api.internal.tasks.testing.junit.JUnitTestExecutor.accept(JUnitTestExecutor.java:47)
  at org.gradle.api.internal.tasks.testing.junit.AbstractJUnitTestDefinitionProcessor.processTestDefinition(AbstractJUnitTestDefinitionProcessor.java:65)
  at org.gradle.api.internal.tasks.testing.SuiteTestDefinitionProcessor.processTestDefinition(SuiteTestDefinitionProcessor.java:54)
  at java.base/jdk.internal.reflect.DirectMethodHandleAccessor.invoke(DirectMethodHandleAccessor.java:104)
  at java.base/java.lang.reflect.Method.invoke(Method.java:565)
  at org.gradle.internal.dispatch.MethodInvocation.invokeOn(MethodInvocation.java:77)
  at org.gradle.internal.dispatch.ReflectionDispatch.dispatch(ReflectionDispatch.java:28)
  at org.gradle.internal.dispatch.ReflectionDispatch.dispatch(ReflectionDispatch.java:19)
  at org.gradle.internal.dispatch.ContextClassLoaderDispatch.dispatch(ContextClassLoaderDispatch.java:33)
  at org.gradle.internal.dispatch.ProxyDispatchAdapter$DispatchingInvocationHandler.invoke(ProxyDispatchAdapter.java:88)
  at jdk.proxy1/jdk.proxy1.$Proxy4.processTestDefinition(Unknown Source)
  at org.gradle.api.internal.tasks.testing.worker.TestWorker$2.run(TestWorker.java:178)
  at org.gradle.api.internal.tasks.testing.worker.TestWorker.executeAndMaintainThreadName(TestWorker.java:126)
  at org.gradle.api.internal.tasks.testing.worker.TestWorker.execute(TestWorker.java:103)
  at org.gradle.api.internal.tasks.testing.worker.TestWorker.execute(TestWorker.java:63)
  at org.gradle.process.internal.worker.child.ActionExecutionWorker.execute(ActionExecutionWorker.java:56)
  at org.gradle.process.internal.worker.child.SystemApplicationClassLoaderWorker.call(SystemApplicationClassLoaderWorker.java:122)
  at org.gradle.process.internal.worker.child.SystemApplicationClassLoaderWorker.call(SystemApplicationClassLoaderWorker.java:72)
  at worker.org.gradle.process.internal.worker.GradleWorkerMain.run(GradleWorkerMain.java:69)
  at worker.org.gradle.process.internal.worker.GradleWorkerMain.main(GradleWorkerMain.java:74)
</stacktrace>
</test-failure>


TypeScriptCompilerTests_M[jvm] > moduleAugmentationImportsAndExports2_ts has expected errors matching moduleAugmentationImportsAndExports2_errors_txt[jvm] FAILED

<test-failure test="com.xemantic.typescript.compiler.TypeScriptCompilerTests_M.mergedClassNamespaceRecordCast_ts has expected errors matching mergedClassNamespaceRecordCast_errors_txt" platform="jvm">
<message>
Expected diagnostics from baseline typescript-repo/tests/baselines/reference/mergedClassNamespaceRecordCast.errors.txt but none produced
</message>
<stacktrace>
  at com.xemantic.typescript.compiler.TypeScriptTestSupportKt.errorsMatchBaseline(TypeScriptTestSupport.kt:125)
  at com.xemantic.typescript.compiler.TypeScriptCompilerTests_M.mergedClassNamespaceRecordCast_ts has expected errors matching mergedClassNamespaceRecordCast_errors_txt(TypeScriptCompilerTests_M.kt:567)
  at java.base/jdk.internal.reflect.DirectMethodHandleAccessor.invoke(DirectMethodHandleAccessor.java:104)
  at java.base/java.lang.reflect.Method.invoke(Method.java:565)
  at org.junit.runners.model.FrameworkMethod$1.runReflectiveCall(FrameworkMethod.java:59)
  at org.junit.internal.runners.model.ReflectiveCallable.run(ReflectiveCallable.java:12)
  at org.junit.runners.model.FrameworkMethod.invokeExplosively(FrameworkMethod.java:56)
  at org.junit.internal.runners.statements.InvokeMethod.evaluate(InvokeMethod.java:17)
  at org.junit.runners.ParentRunner$3.evaluate(ParentRunner.java:306)
  at org.junit.runners.BlockJUnit4ClassRunner$1.evaluate(BlockJUnit4ClassRunner.java:100)
  at org.junit.runners.ParentRunner.runLeaf(ParentRunner.java:366)
  at org.junit.runners.BlockJUnit4ClassRunner.runChild(BlockJUnit4ClassRunner.java:103)
  at org.junit.runners.BlockJUnit4ClassRunner.runChild(BlockJUnit4ClassRunner.java:63)
  at org.junit.runners.ParentRunner$4.run(ParentRunner.java:331)
  at org.junit.runners.ParentRunner$1.schedule(ParentRunner.java:79)
  at org.junit.runners.ParentRunner.runChildren(ParentRunner.java:329)
  at org.junit.runners.ParentRunner.access$100(ParentRunner.java:66)
  at org.junit.runners.ParentRunner$2.evaluate(ParentRunner.java:293)
  at org.junit.runners.ParentRunner$3.evaluate(ParentRunner.java:306)
  at org.junit.runners.ParentRunner.run(ParentRunner.java:413)
  at org.junit.runner.JUnitCore.run(JUnitCore.java:137)
  at org.junit.runner.JUnitCore.run(JUnitCore.java:115)
  at org.gradle.api.internal.tasks.testing.junit.JUnitTestExecutor.runRequest(JUnitTestExecutor.java:175)
  at org.gradle.api.internal.tasks.testing.junit.JUnitTestExecutor.accept(JUnitTestExecutor.java:84)
  at org.gradle.api.internal.tasks.testing.junit.JUnitTestExecutor.accept(JUnitTestExecutor.java:47)
  at org.gradle.api.internal.tasks.testing.junit.AbstractJUnitTestDefinitionProcessor.processTestDefinition(AbstractJUnitTestDefinitionProcessor.java:65)
  at org.gradle.api.internal.tasks.testing.SuiteTestDefinitionProcessor.processTestDefinition(SuiteTestDefinitionProcessor.java:54)
  at java.base/jdk.internal.reflect.DirectMethodHandleAccessor.invoke(DirectMethodHandleAccessor.java:104)
  at java.base/java.lang.reflect.Method.invoke(Method.java:565)
  at org.gradle.internal.dispatch.MethodInvocation.invokeOn(MethodInvocation.java:77)
  at org.gradle.internal.dispatch.ReflectionDispatch.dispatch(ReflectionDispatch.java:28)
  at org.gradle.internal.dispatch.ReflectionDispatch.dispatch(ReflectionDispatch.java:19)
  at org.gradle.internal.dispatch.ContextClassLoaderDispatch.dispatch(ContextClassLoaderDispatch.java:33)
  at org.gradle.internal.dispatch.ProxyDispatchAdapter$DispatchingInvocationHandler.invoke(ProxyDispatchAdapter.java:88)
  at jdk.proxy1/jdk.proxy1.$Proxy4.processTestDefinition(Unknown Source)
  at org.gradle.api.internal.tasks.testing.worker.TestWorker$2.run(TestWorker.java:178)
  at org.gradle.api.internal.tasks.testing.worker.TestWorker.executeAndMaintainThreadName(TestWorker.java:126)
  at org.gradle.api.internal.tasks.testing.worker.TestWorker.execute(TestWorker.java:103)
  at org.gradle.api.internal.tasks.testing.worker.TestWorker.execute(TestWorker.java:63)
  at org.gradle.process.internal.worker.child.ActionExecutionWorker.execute(ActionExecutionWorker.java:56)
  at org.gradle.process.internal.worker.child.SystemApplicationClassLoaderWorker.call(SystemApplicationClassLoaderWorker.java:122)
  at org.gradle.process.internal.worker.child.SystemApplicationClassLoaderWorker.call(SystemApplicationClassLoaderWorker.java:72)
  at worker.org.gradle.process.internal.worker.GradleWorkerMain.run(GradleWorkerMain.java:69)
  at worker.org.gradle.process.internal.worker.GradleWorkerMain.main(GradleWorkerMain.java:74)
</stacktrace>
</test-failure>


TypeScriptCompilerTests_M[jvm] > mergedClassNamespaceRecordCast_ts has expected errors matching mergedClassNamespaceRecordCast_errors_txt[jvm] FAILED

<test-failure test="com.xemantic.typescript.compiler.TypeScriptCompilerTests_M.mappedTypeIndexedAccessConstraint_ts has expected errors matching mappedTypeIndexedAccessConstraint_errors_txt" platform="jvm">
<message>
Expected diagnostics from baseline typescript-repo/tests/baselines/reference/mappedTypeIndexedAccessConstraint.errors.txt but none produced
</message>
<stacktrace>
  at com.xemantic.typescript.compiler.TypeScriptTestSupportKt.errorsMatchBaseline(TypeScriptTestSupport.kt:125)
  at com.xemantic.typescript.compiler.TypeScriptCompilerTests_M.mappedTypeIndexedAccessConstraint_ts has expected errors matching mappedTypeIndexedAccessConstraint_errors_txt(TypeScriptCompilerTests_M.kt:203)
  at java.base/jdk.internal.reflect.DirectMethodHandleAccessor.invoke(DirectMethodHandleAccessor.java:104)
  at java.base/java.lang.reflect.Method.invoke(Method.java:565)
  at org.junit.runners.model.FrameworkMethod$1.runReflectiveCall(FrameworkMethod.java:59)
  at org.junit.internal.runners.model.ReflectiveCallable.run(ReflectiveCallable.java:12)
  at org.junit.runners.model.FrameworkMethod.invokeExplosively(FrameworkMethod.java:56)
  at org.junit.internal.runners.statements.InvokeMethod.evaluate(InvokeMethod.java:17)
  at org.junit.runners.ParentRunner$3.evaluate(ParentRunner.java:306)
  at org.junit.runners.BlockJUnit4ClassRunner$1.evaluate(BlockJUnit4ClassRunner.java:100)
  at org.junit.runners.ParentRunner.runLeaf(ParentRunner.java:366)
  at org.junit.runners.BlockJUnit4ClassRunner.runChild(BlockJUnit4ClassRunner.java:103)
  at org.junit.runners.BlockJUnit4ClassRunner.runChild(BlockJUnit4ClassRunner.java:63)
  at org.junit.runners.ParentRunner$4.run(ParentRunner.java:331)
  at org.junit.runners.ParentRunner$1.schedule(ParentRunner.java:79)
  at org.junit.runners.ParentRunner.runChildren(ParentRunner.java:329)
  at org.junit.runners.ParentRunner.access$100(ParentRunner.java:66)
  at org.junit.runners.ParentRunner$2.evaluate(ParentRunner.java:293)
  at org.junit.runners.ParentRunner$3.evaluate(ParentRunner.java:306)
  at org.junit.runners.ParentRunner.run(ParentRunner.java:413)
  at org.junit.runner.JUnitCore.run(JUnitCore.java:137)
  at org.junit.runner.JUnitCore.run(JUnitCore.java:115)
  at org.gradle.api.internal.tasks.testing.junit.JUnitTestExecutor.runRequest(JUnitTestExecutor.java:175)
  at org.gradle.api.internal.tasks.testing.junit.JUnitTestExecutor.accept(JUnitTestExecutor.java:84)
  at org.gradle.api.internal.tasks.testing.junit.JUnitTestExecutor.accept(JUnitTestExecutor.java:47)
  at org.gradle.api.internal.tasks.testing.junit.AbstractJUnitTestDefinitionProcessor.processTestDefinition(AbstractJUnitTestDefinitionProcessor.java:65)
  at org.gradle.api.internal.tasks.testing.SuiteTestDefinitionProcessor.processTestDefinition(SuiteTestDefinitionProcessor.java:54)
  at java.base/jdk.internal.reflect.DirectMethodHandleAccessor.invoke(DirectMethodHandleAccessor.java:104)
  at java.base/java.lang.reflect.Method.invoke(Method.java:565)
  at org.gradle.internal.dispatch.MethodInvocation.invokeOn(MethodInvocation.java:77)
  at org.gradle.internal.dispatch.ReflectionDispatch.dispatch(ReflectionDispatch.java:28)
  at org.gradle.internal.dispatch.ReflectionDispatch.dispatch(ReflectionDispatch.java:19)
  at org.gradle.internal.dispatch.ContextClassLoaderDispatch.dispatch(ContextClassLoaderDispatch.java:33)
  at org.gradle.internal.dispatch.ProxyDispatchAdapter$DispatchingInvocationHandler.invoke(ProxyDispatchAdapter.java:88)
  at jdk.proxy1/jdk.proxy1.$Proxy4.processTestDefinition(Unknown Source)
  at org.gradle.api.internal.tasks.testing.worker.TestWorker$2.run(TestWorker.java:178)
  at org.gradle.api.internal.tasks.testing.worker.TestWorker.executeAndMaintainThreadName(TestWorker.java:126)
  at org.gradle.api.internal.tasks.testing.worker.TestWorker.execute(TestWorker.java:103)
  at org.gradle.api.internal.tasks.testing.worker.TestWorker.execute(TestWorker.java:63)
  at org.gradle.process.internal.worker.child.ActionExecutionWorker.execute(ActionExecutionWorker.java:56)
  at org.gradle.process.internal.worker.child.SystemApplicationClassLoaderWorker.call(SystemApplicationClassLoaderWorker.java:122)
  at org.gradle.process.internal.worker.child.SystemApplicationClassLoaderWorker.call(SystemApplicationClassLoaderWorker.java:72)
  at worker.org.gradle.process.internal.worker.GradleWorkerMain.run(GradleWorkerMain.java:69)
  at worker.org.gradle.process.internal.worker.GradleWorkerMain.main(GradleWorkerMain.java:74)
</stacktrace>
</test-failure>


TypeScriptCompilerTests_M[jvm] > mappedTypeIndexedAccessConstraint_ts has expected errors matching mappedTypeIndexedAccessConstraint_errors_txt[jvm] FAILED

<test-failure test="com.xemantic.typescript.compiler.TypeScriptCompilerTests_M.moduleElementsInWrongContext_ts has expected errors matching moduleElementsInWrongContext_errors_txt" platform="jvm">
<message>
Expected diagnostics from baseline typescript-repo/tests/baselines/reference/moduleElementsInWrongContext.errors.txt but none produced
</message>
<stacktrace>
  at com.xemantic.typescript.compiler.TypeScriptTestSupportKt.errorsMatchBaseline(TypeScriptTestSupport.kt:125)
  at com.xemantic.typescript.compiler.TypeScriptCompilerTests_M.moduleElementsInWrongContext_ts has expected errors matching moduleElementsInWrongContext_errors_txt(TypeScriptCompilerTests_M.kt:2415)
  at java.base/jdk.internal.reflect.DirectMethodHandleAccessor.invoke(DirectMethodHandleAccessor.java:104)
  at java.base/java.lang.reflect.Method.invoke(Method.java:565)
  at org.junit.runners.model.FrameworkMethod$1.runReflectiveCall(FrameworkMethod.java:59)
  at org.junit.internal.runners.model.ReflectiveCallable.run(ReflectiveCallable.java:12)
  at org.junit.runners.model.FrameworkMethod.invokeExplosively(FrameworkMethod.java:56)
  at org.junit.internal.runners.statements.InvokeMethod.evaluate(InvokeMethod.java:17)
  at org.junit.runners.ParentRunner$3.evaluate(ParentRunner.java:306)
  at org.junit.runners.BlockJUnit4ClassRunner$1.evaluate(BlockJUnit4ClassRunner.java:100)
  at org.junit.runners.ParentRunner.runLeaf(ParentRunner.java:366)
  at org.junit.runners.BlockJUnit4ClassRunner.runChild(BlockJUnit4ClassRunner.java:103)
  at org.junit.runners.BlockJUnit4ClassRunner.runChild(BlockJUnit4ClassRunner.java:63)
  at org.junit.runners.ParentRunner$4.run(ParentRunner.java:331)
  at org.junit.runners.ParentRunner$1.schedule(ParentRunner.java:79)
  at org.junit.runners.ParentRunner.runChildren(ParentRunner.java:329)
  at org.junit.runners.ParentRunner.access$100(ParentRunner.java:66)
  at org.junit.runners.ParentRunner$2.evaluate(ParentRunner.java:293)
  at org.junit.runners.ParentRunner$3.evaluate(ParentRunner.java:306)
  at org.junit.runners.ParentRunner.run(ParentRunner.java:413)
  at org.junit.runner.JUnitCore.run(JUnitCore.java:137)
  at org.junit.runner.JUnitCore.run(JUnitCore.java:115)
  at org.gradle.api.internal.tasks.testing.junit.JUnitTestExecutor.runRequest(JUnitTestExecutor.java:175)
  at org.gradle.api.internal.tasks.testing.junit.JUnitTestExecutor.accept(JUnitTestExecutor.java:84)
  at org.gradle.api.internal.tasks.testing.junit.JUnitTestExecutor.accept(JUnitTestExecutor.java:47)
  at org.gradle.api.internal.tasks.testing.junit.AbstractJUnitTestDefinitionProcessor.processTestDefinition(AbstractJUnitTestDefinitionProcessor.java:65)
  at org.gradle.api.internal.tasks.testing.SuiteTestDefinitionProcessor.processTestDefinition(SuiteTestDefinitionProcessor.java:54)
  at java.base/jdk.internal.reflect.DirectMethodHandleAccessor.invoke(DirectMethodHandleAccessor.java:104)
  at java.base/java.lang.reflect.Method.invoke(Method.java:565)
  at org.gradle.internal.dispatch.MethodInvocation.invokeOn(MethodInvocation.java:77)
  at org.gradle.internal.dispatch.ReflectionDispatch.dispatch(ReflectionDispatch.java:28)
  at org.gradle.internal.dispatch.ReflectionDispatch.dispatch(ReflectionDispatch.java:19)
  at org.gradle.internal.dispatch.ContextClassLoaderDispatch.dispatch(ContextClassLoaderDispatch.java:33)
  at org.gradle.internal.dispatch.ProxyDispatchAdapter$DispatchingInvocationHandler.invoke(ProxyDispatchAdapter.java:88)
  at jdk.proxy1/jdk.proxy1.$Proxy4.processTestDefinition(Unknown Source)
  at org.gradle.api.internal.tasks.testing.worker.TestWorker$2.run(TestWorker.java:178)
  at org.gradle.api.internal.tasks.testing.worker.TestWorker.executeAndMaintainThreadName(TestWorker.java:126)
  at org.gradle.api.internal.tasks.testing.worker.TestWorker.execute(TestWorker.java:103)
  at org.gradle.api.internal.tasks.testing.worker.TestWorker.execute(TestWorker.java:63)
  at org.gradle.process.internal.worker.child.ActionExecutionWorker.execute(ActionExecutionWorker.java:56)
  at org.gradle.process.internal.worker.child.SystemApplicationClassLoaderWorker.call(SystemApplicationClassLoaderWorker.java:122)
  at org.gradle.process.internal.worker.child.SystemApplicationClassLoaderWorker.call(SystemApplicationClassLoaderWorker.java:72)
  at worker.org.gradle.process.internal.worker.GradleWorkerMain.run(GradleWorkerMain.java:69)
  at worker.org.gradle.process.internal.worker.GradleWorkerMain.main(GradleWorkerMain.java:74)
</stacktrace>
</test-failure>


TypeScriptCompilerTests_M[jvm] > moduleElementsInWrongContext_ts has expected errors matching moduleElementsInWrongContext_errors_txt[jvm] FAILED

<test-failure test="com.xemantic.typescript.compiler.TypeScriptCompilerTests_M.moduleResolutionWithRequire_ts compiles to JavaScript matching moduleResolutionWithRequire_js" platform="jvm">
<message>
--- expected
+++ actual
@@ -11,6 +11,8 @@
 }
 
 
+//// [other.js]
+export const other = 123;
 //// [index.js]
 "use strict";
 function foo() {

</message>
<stacktrace>
  at org.junit.Assert.fail(Assert.java:89)
  at kotlin.test.junit.JUnitAsserter.fail(JUnitSupport.kt:56)
  at kotlin.test.AssertionsKt__AssertionsKt.fail(Assertions.kt:563)
  at kotlin.test.AssertionsKt.fail(Unknown Source)
  at com.xemantic.kotlin.test.SameAsKt.sameAs(SameAs.kt:52)
  at com.xemantic.typescript.compiler.TypeScriptTestSupportKt.sameAs(TypeScriptTestSupport.kt:99)
  at com.xemantic.typescript.compiler.TypeScriptCompilerTests_M.moduleResolutionWithRequire_ts compiles to JavaScript matching moduleResolutionWithRequire_js(TypeScriptCompilerTests_M.kt:3185)
  at java.base/jdk.internal.reflect.DirectMethodHandleAccessor.invoke(DirectMethodHandleAccessor.java:104)
  at java.base/java.lang.reflect.Method.invoke(Method.java:565)
  at org.junit.runners.model.FrameworkMethod$1.runReflectiveCall(FrameworkMethod.java:59)
  at org.junit.internal.runners.model.ReflectiveCallable.run(ReflectiveCallable.java:12)
  at org.junit.runners.model.FrameworkMethod.invokeExplosively(FrameworkMethod.java:56)
  at org.junit.internal.runners.statements.InvokeMethod.evaluate(InvokeMethod.java:17)
  at org.junit.runners.ParentRunner$3.evaluate(ParentRunner.java:306)
  at org.junit.runners.BlockJUnit4ClassRunner$1.evaluate(BlockJUnit4ClassRunner.java:100)
  at org.junit.runners.ParentRunner.runLeaf(ParentRunner.java:366)
  at org.junit.runners.BlockJUnit4ClassRunner.runChild(BlockJUnit4ClassRunner.java:103)
  at org.junit.runners.BlockJUnit4ClassRunner.runChild(BlockJUnit4ClassRunner.java:63)
  at org.junit.runners.ParentRunner$4.run(ParentRunner.java:331)
  at org.junit.runners.ParentRunner$1.schedule(ParentRunner.java:79)
  at org.junit.runners.ParentRunner.runChildren(ParentRunner.java:329)
  at org.junit.runners.ParentRunner.access$100(ParentRunner.java:66)
  at org.junit.runners.ParentRunner$2.evaluate(ParentRunner.java:293)
  at org.junit.runners.ParentRunner$3.evaluate(ParentRunner.java:306)
  at org.junit.runners.ParentRunner.run(ParentRunner.java:413)
  at org.junit.runner.JUnitCore.run(JUnitCore.java:137)
  at org.junit.runner.JUnitCore.run(JUnitCore.java:115)
  at org.gradle.api.internal.tasks.testing.junit.JUnitTestExecutor.runRequest(JUnitTestExecutor.java:175)
  at org.gradle.api.internal.tasks.testing.junit.JUnitTestExecutor.accept(JUnitTestExecutor.java:84)
  at org.gradle.api.internal.tasks.testing.junit.JUnitTestExecutor.accept(JUnitTestExecutor.java:47)
  at org.gradle.api.internal.tasks.testing.junit.AbstractJUnitTestDefinitionProcessor.processTestDefinition(AbstractJUnitTestDefinitionProcessor.java:65)
  at org.gradle.api.internal.tasks.testing.SuiteTestDefinitionProcessor.processTestDefinition(SuiteTestDefinitionProcessor.java:54)
  at java.base/jdk.internal.reflect.DirectMethodHandleAccessor.invoke(DirectMethodHandleAccessor.java:104)
  at java.base/java.lang.reflect.Method.invoke(Method.java:565)
  at org.gradle.internal.dispatch.MethodInvocation.invokeOn(MethodInvocation.java:77)
  at org.gradle.internal.dispatch.ReflectionDispatch.dispatch(ReflectionDispatch.java:28)
  at org.gradle.internal.dispatch.ReflectionDispatch.dispatch(ReflectionDispatch.java:19)
  at org.gradle.internal.dispatch.ContextClassLoaderDispatch.dispatch(ContextClassLoaderDispatch.java:33)
  at org.gradle.internal.dispatch.ProxyDispatchAdapter$DispatchingInvocationHandler.invoke(ProxyDispatchAdapter.java:88)
  at jdk.proxy1/jdk.proxy1.$Proxy4.processTestDefinition(Unknown Source)
  at org.gradle.api.internal.tasks.testing.worker.TestWorker$2.run(TestWorker.java:178)
  at org.gradle.api.internal.tasks.testing.worker.TestWorker.executeAndMaintainThreadName(TestWorker.java:126)
  at org.gradle.api.internal.tasks.testing.worker.TestWorker.execute(TestWorker.java:103)
  at org.gradle.api.internal.tasks.testing.worker.TestWorker.execute(TestWorker.java:63)
  at org.gradle.process.internal.worker.child.ActionExecutionWorker.execute(ActionExecutionWorker.java:56)
  at org.gradle.process.internal.worker.child.SystemApplicationClassLoaderWorker.call(SystemApplicationClassLoaderWorker.java:122)
  at org.gradle.process.internal.worker.child.SystemApplicationClassLoaderWorker.call(SystemApplicationClassLoaderWorker.java:72)
  at worker.org.gradle.process.internal.worker.GradleWorkerMain.run(GradleWorkerMain.java:69)
  at worker.org.gradle.process.internal.worker.GradleWorkerMain.main(GradleWorkerMain.java:74)
</stacktrace>
</test-failure>


TypeScriptCompilerTests_M[jvm] > moduleResolutionWithRequire_ts compiles to JavaScript matching moduleResolutionWithRequire_js[jvm] FAILED

<test-failure test="com.xemantic.typescript.compiler.TypeScriptCompilerTests_M.moduleWithNoValuesAsType_ts has expected errors matching moduleWithNoValuesAsType_errors_txt" platform="jvm">
<message>
Expected diagnostics from baseline typescript-repo/tests/baselines/reference/moduleWithNoValuesAsType.errors.txt but none produced
</message>
<stacktrace>
  at com.xemantic.typescript.compiler.TypeScriptTestSupportKt.errorsMatchBaseline(TypeScriptTestSupport.kt:125)
  at com.xemantic.typescript.compiler.TypeScriptCompilerTests_M.moduleWithNoValuesAsType_ts has expected errors matching moduleWithNoValuesAsType_errors_txt(TypeScriptCompilerTests_M.kt:3752)
  at java.base/jdk.internal.reflect.DirectMethodHandleAccessor.invoke(DirectMethodHandleAccessor.java:104)
  at java.base/java.lang.reflect.Method.invoke(Method.java:565)
  at org.junit.runners.model.FrameworkMethod$1.runReflectiveCall(FrameworkMethod.java:59)
  at org.junit.internal.runners.model.ReflectiveCallable.run(ReflectiveCallable.java:12)
  at org.junit.runners.model.FrameworkMethod.invokeExplosively(FrameworkMethod.java:56)
  at org.junit.internal.runners.statements.InvokeMethod.evaluate(InvokeMethod.java:17)
  at org.junit.runners.ParentRunner$3.evaluate(ParentRunner.java:306)
  at org.junit.runners.BlockJUnit4ClassRunner$1.evaluate(BlockJUnit4ClassRunner.java:100)
  at org.junit.runners.ParentRunner.runLeaf(ParentRunner.java:366)
  at org.junit.runners.BlockJUnit4ClassRunner.runChild(BlockJUnit4ClassRunner.java:103)
  at org.junit.runners.BlockJUnit4ClassRunner.runChild(BlockJUnit4ClassRunner.java:63)
  at org.junit.runners.ParentRunner$4.run(ParentRunner.java:331)
  at org.junit.runners.ParentRunner$1.schedule(ParentRunner.java:79)
  at org.junit.runners.ParentRunner.runChildren(ParentRunner.java:329)
  at org.junit.runners.ParentRunner.access$100(ParentRunner.java:66)
  at org.junit.runners.ParentRunner$2.evaluate(ParentRunner.java:293)
  at org.junit.runners.ParentRunner$3.evaluate(ParentRunner.java:306)
  at org.junit.runners.ParentRunner.run(ParentRunner.java:413)
  at org.junit.runner.JUnitCore.run(JUnitCore.java:137)
  at org.junit.runner.JUnitCore.run(JUnitCore.java:115)
  at org.gradle.api.internal.tasks.testing.junit.JUnitTestExecutor.runRequest(JUnitTestExecutor.java:175)
  at org.gradle.api.internal.tasks.testing.junit.JUnitTestExecutor.accept(JUnitTestExecutor.java:84)
  at org.gradle.api.internal.tasks.testing.junit.JUnitTestExecutor.accept(JUnitTestExecutor.java:47)
  at org.gradle.api.internal.tasks.testing.junit.AbstractJUnitTestDefinitionProcessor.processTestDefinition(AbstractJUnitTestDefinitionProcessor.java:65)
  at org.gradle.api.internal.tasks.testing.SuiteTestDefinitionProcessor.processTestDefinition(SuiteTestDefinitionProcessor.java:54)
  at java.base/jdk.internal.reflect.DirectMethodHandleAccessor.invoke(DirectMethodHandleAccessor.java:104)
  at java.base/java.lang.reflect.Method.invoke(Method.java:565)
  at org.gradle.internal.dispatch.MethodInvocation.invokeOn(MethodInvocation.java:77)
  at org.gradle.internal.dispatch.ReflectionDispatch.dispatch(ReflectionDispatch.java:28)
  at org.gradle.internal.dispatch.ReflectionDispatch.dispatch(ReflectionDispatch.java:19)
  at org.gradle.internal.dispatch.ContextClassLoaderDispatch.dispatch(ContextClassLoaderDispatch.java:33)
  at org.gradle.internal.dispatch.ProxyDispatchAdapter$DispatchingInvocationHandler.invoke(ProxyDispatchAdapter.java:88)
  at jdk.proxy1/jdk.proxy1.$Proxy4.processTestDefinition(Unknown Source)
  at org.gradle.api.internal.tasks.testing.worker.TestWorker$2.run(TestWorker.java:178)
  at org.gradle.api.internal.tasks.testing.worker.TestWorker.executeAndMaintainThreadName(TestWorker.java:126)
  at org.gradle.api.internal.tasks.testing.worker.TestWorker.execute(TestWorker.java:103)
  at org.gradle.api.internal.tasks.testing.worker.TestWorker.execute(TestWorker.java:63)
  at org.gradle.process.internal.worker.child.ActionExecutionWorker.execute(ActionExecutionWorker.java:56)
  at org.gradle.process.internal.worker.child.SystemApplicationClassLoaderWorker.call(SystemApplicationClassLoaderWorker.java:122)
  at org.gradle.process.internal.worker.child.SystemApplicationClassLoaderWorker.call(SystemApplicationClassLoaderWorker.java:72)
  at worker.org.gradle.process.internal.worker.GradleWorkerMain.run(GradleWorkerMain.java:69)
  at worker.org.gradle.process.internal.worker.GradleWorkerMain.main(GradleWorkerMain.java:74)
</stacktrace>
</test-failure>


TypeScriptCompilerTests_M[jvm] > moduleWithNoValuesAsType_ts has expected errors matching moduleWithNoValuesAsType_errors_txt[jvm] FAILED

<test-failure test="com.xemantic.typescript.compiler.TypeScriptCompilerTests_M.multipleBaseInterfaesWithIncompatibleProperties_ts has expected errors matching multipleBaseInterfaesWithIncompatibleProperties_errors_txt" platform="jvm">
<message>
Expected diagnostics from baseline typescript-repo/tests/baselines/reference/multipleBaseInterfaesWithIncompatibleProperties.errors.txt but none produced
</message>
<stacktrace>
  at com.xemantic.typescript.compiler.TypeScriptTestSupportKt.errorsMatchBaseline(TypeScriptTestSupport.kt:125)
  at com.xemantic.typescript.compiler.TypeScriptCompilerTests_M.multipleBaseInterfaesWithIncompatibleProperties_ts has expected errors matching multipleBaseInterfaesWithIncompatibleProperties_errors_txt(TypeScriptCompilerTests_M.kt:3934)
  at java.base/jdk.internal.reflect.DirectMethodHandleAccessor.invoke(DirectMethodHandleAccessor.java:104)
  at java.base/java.lang.reflect.Method.invoke(Method.java:565)
  at org.junit.runners.model.FrameworkMethod$1.runReflectiveCall(FrameworkMethod.java:59)
  at org.junit.internal.runners.model.ReflectiveCallable.run(ReflectiveCallable.java:12)
  at org.junit.runners.model.FrameworkMethod.invokeExplosively(FrameworkMethod.java:56)
  at org.junit.internal.runners.statements.InvokeMethod.evaluate(InvokeMethod.java:17)
  at org.junit.runners.ParentRunner$3.evaluate(ParentRunner.java:306)
  at org.junit.runners.BlockJUnit4ClassRunner$1.evaluate(BlockJUnit4ClassRunner.java:100)
  at org.junit.runners.ParentRunner.runLeaf(ParentRunner.java:366)
  at org.junit.runners.BlockJUnit4ClassRunner.runChild(BlockJUnit4ClassRunner.java:103)
  at org.junit.runners.BlockJUnit4ClassRunner.runChild(BlockJUnit4ClassRunner.java:63)
  at org.junit.runners.ParentRunner$4.run(ParentRunner.java:331)
  at org.junit.runners.ParentRunner$1.schedule(ParentRunner.java:79)
  at org.junit.runners.ParentRunner.runChildren(ParentRunner.java:329)
  at org.junit.runners.ParentRunner.access$100(ParentRunner.java:66)
  at org.junit.runners.ParentRunner$2.evaluate(ParentRunner.java:293)
  at org.junit.runners.ParentRunner$3.evaluate(ParentRunner.java:306)
  at org.junit.runners.ParentRunner.run(ParentRunner.java:413)
  at org.junit.runner.JUnitCore.run(JUnitCore.java:137)
  at org.junit.runner.JUnitCore.run(JUnitCore.java:115)
  at org.gradle.api.internal.tasks.testing.junit.JUnitTestExecutor.runRequest(JUnitTestExecutor.java:175)
  at org.gradle.api.internal.tasks.testing.junit.JUnitTestExecutor.accept(JUnitTestExecutor.java:84)
  at org.gradle.api.internal.tasks.testing.junit.JUnitTestExecutor.accept(JUnitTestExecutor.java:47)
  at org.gradle.api.internal.tasks.testing.junit.AbstractJUnitTestDefinitionProcessor.processTestDefinition(AbstractJUnitTestDefinitionProcessor.java:65)
  at org.gradle.api.internal.tasks.testing.SuiteTestDefinitionProcessor.processTestDefinition(SuiteTestDefinitionProcessor.java:54)
  at java.base/jdk.internal.reflect.DirectMethodHandleAccessor.invoke(DirectMethodHandleAccessor.java:104)
  at java.base/java.lang.reflect.Method.invoke(Method.java:565)
  at org.gradle.internal.dispatch.MethodInvocation.invokeOn(MethodInvocation.java:77)
  at org.gradle.internal.dispatch.ReflectionDispatch.dispatch(ReflectionDispatch.java:28)
  at org.gradle.internal.dispatch.ReflectionDispatch.dispatch(ReflectionDispatch.java:19)
  at org.gradle.internal.dispatch.ContextClassLoaderDispatch.dispatch(ContextClassLoaderDispatch.java:33)
  at org.gradle.internal.dispatch.ProxyDispatchAdapter$DispatchingInvocationHandler.invoke(ProxyDispatchAdapter.java:88)
  at jdk.proxy1/jdk.proxy1.$Proxy4.processTestDefinition(Unknown Source)
  at org.gradle.api.internal.tasks.testing.worker.TestWorker$2.run(TestWorker.java:178)
  at org.gradle.api.internal.tasks.testing.worker.TestWorker.executeAndMaintainThreadName(TestWorker.java:126)
  at org.gradle.api.internal.tasks.testing.worker.TestWorker.execute(TestWorker.java:103)
  at org.gradle.api.internal.tasks.testing.worker.TestWorker.execute(TestWorker.java:63)
  at org.gradle.process.internal.worker.child.ActionExecutionWorker.execute(ActionExecutionWorker.java:56)
  at org.gradle.process.internal.worker.child.SystemApplicationClassLoaderWorker.call(SystemApplicationClassLoaderWorker.java:122)
  at org.gradle.process.internal.worker.child.SystemApplicationClassLoaderWorker.call(SystemApplicationClassLoaderWorker.java:72)
  at worker.org.gradle.process.internal.worker.GradleWorkerMain.run(GradleWorkerMain.java:69)
  at worker.org.gradle.process.internal.worker.GradleWorkerMain.main(GradleWorkerMain.java:74)
</stacktrace>
</test-failure>


TypeScriptCompilerTests_M[jvm] > multipleBaseInterfaesWithIncompatibleProperties_ts has expected errors matching multipleBaseInterfaesWithIncompatibleProperties_errors_txt[jvm] FAILED

<test-failure test="com.xemantic.typescript.compiler.TypeScriptCompilerTests_M.moduleAugmentationInDependency2_ts compiles to JavaScript matching moduleAugmentationInDependency2_js" platform="jvm">
<message>
--- expected
+++ actual
@@ -8,9 +8,6 @@
 //// [app.ts]
 import "A"
 
-//// [index.js]
-"use strict";
-Object.defineProperty(exports, "__esModule", { value: true });
 //// [app.js]
 "use strict";
 Object.defineProperty(exports, "__esModule", { value: true });

</message>
<stacktrace>
  at org.junit.Assert.fail(Assert.java:89)
  at kotlin.test.junit.JUnitAsserter.fail(JUnitSupport.kt:56)
  at kotlin.test.AssertionsKt__AssertionsKt.fail(Assertions.kt:563)
  at kotlin.test.AssertionsKt.fail(Unknown Source)
  at com.xemantic.kotlin.test.SameAsKt.sameAs(SameAs.kt:52)
  at com.xemantic.typescript.compiler.TypeScriptTestSupportKt.sameAs(TypeScriptTestSupport.kt:99)
  at com.xemantic.typescript.compiler.TypeScriptCompilerTests_M.moduleAugmentationInDependency2_ts compiles to JavaScript matching moduleAugmentationInDependency2_js(TypeScriptCompilerTests_M.kt:2219)
  at java.base/jdk.internal.reflect.DirectMethodHandleAccessor.invoke(DirectMethodHandleAccessor.java:104)
  at java.base/java.lang.reflect.Method.invoke(Method.java:565)
  at org.junit.runners.model.FrameworkMethod$1.runReflectiveCall(FrameworkMethod.java:59)
  at org.junit.internal.runners.model.ReflectiveCallable.run(ReflectiveCallable.java:12)
  at org.junit.runners.model.FrameworkMethod.invokeExplosively(FrameworkMethod.java:56)
  at org.junit.internal.runners.statements.InvokeMethod.evaluate(InvokeMethod.java:17)
  at org.junit.runners.ParentRunner$3.evaluate(ParentRunner.java:306)
  at org.junit.runners.BlockJUnit4ClassRunner$1.evaluate(BlockJUnit4ClassRunner.java:100)
  at org.junit.runners.ParentRunner.runLeaf(ParentRunner.java:366)
  at org.junit.runners.BlockJUnit4ClassRunner.runChild(BlockJUnit4ClassRunner.java:103)
  at org.junit.runners.BlockJUnit4ClassRunner.runChild(BlockJUnit4ClassRunner.java:63)
  at org.junit.runners.ParentRunner$4.run(ParentRunner.java:331)
  at org.junit.runners.ParentRunner$1.schedule(ParentRunner.java:79)
  at org.junit.runners.ParentRunner.runChildren(ParentRunner.java:329)
  at org.junit.runners.ParentRunner.access$100(ParentRunner.java:66)
  at org.junit.runners.ParentRunner$2.evaluate(ParentRunner.java:293)
  at org.junit.runners.ParentRunner$3.evaluate(ParentRunner.java:306)
  at org.junit.runners.ParentRunner.run(ParentRunner.java:413)
  at org.junit.runner.JUnitCore.run(JUnitCore.java:137)
  at org.junit.runner.JUnitCore.run(JUnitCore.java:115)
  at org.gradle.api.internal.tasks.testing.junit.JUnitTestExecutor.runRequest(JUnitTestExecutor.java:175)
  at org.gradle.api.internal.tasks.testing.junit.JUnitTestExecutor.accept(JUnitTestExecutor.java:84)
  at org.gradle.api.internal.tasks.testing.junit.JUnitTestExecutor.accept(JUnitTestExecutor.java:47)
  at org.gradle.api.internal.tasks.testing.junit.AbstractJUnitTestDefinitionProcessor.processTestDefinition(AbstractJUnitTestDefinitionProcessor.java:65)
  at org.gradle.api.internal.tasks.testing.SuiteTestDefinitionProcessor.processTestDefinition(SuiteTestDefinitionProcessor.java:54)
  at java.base/jdk.internal.reflect.DirectMethodHandleAccessor.invoke(DirectMethodHandleAccessor.java:104)
  at java.base/java.lang.reflect.Method.invoke(Method.java:565)
  at org.gradle.internal.dispatch.MethodInvocation.invokeOn(MethodInvocation.java:77)
  at org.gradle.internal.dispatch.ReflectionDispatch.dispatch(ReflectionDispatch.java:28)
  at org.gradle.internal.dispatch.ReflectionDispatch.dispatch(ReflectionDispatch.java:19)
  at org.gradle.internal.dispatch.ContextClassLoaderDispatch.dispatch(ContextClassLoaderDispatch.java:33)
  at org.gradle.internal.dispatch.ProxyDispatchAdapter$DispatchingInvocationHandler.invoke(ProxyDispatchAdapter.java:88)
  at jdk.proxy1/jdk.proxy1.$Proxy4.processTestDefinition(Unknown Source)
  at org.gradle.api.internal.tasks.testing.worker.TestWorker$2.run(TestWorker.java:178)
  at org.gradle.api.internal.tasks.testing.worker.TestWorker.executeAndMaintainThreadName(TestWorker.java:126)
  at org.gradle.api.internal.tasks.testing.worker.TestWorker.execute(TestWorker.java:103)
  at org.gradle.api.internal.tasks.testing.worker.TestWorker.execute(TestWorker.java:63)
  at org.gradle.process.internal.worker.child.ActionExecutionWorker.execute(ActionExecutionWorker.java:56)
  at org.gradle.process.internal.worker.child.SystemApplicationClassLoaderWorker.call(SystemApplicationClassLoaderWorker.java:122)
  at org.gradle.process.internal.worker.child.SystemApplicationClassLoaderWorker.call(SystemApplicationClassLoaderWorker.java:72)
  at worker.org.gradle.process.internal.worker.GradleWorkerMain.run(GradleWorkerMain.java:69)
  at worker.org.gradle.process.internal.worker.GradleWorkerMain.main(GradleWorkerMain.java:74)
</stacktrace>
</test-failure>


TypeScriptCompilerTests_M[jvm] > moduleAugmentationInDependency2_ts compiles to JavaScript matching moduleAugmentationInDependency2_js[jvm] FAILED

<test-failure test="com.xemantic.typescript.compiler.TypeScriptCompilerTests_M.missingCommaInTemplateStringsArray_ts has expected errors matching missingCommaInTemplateStringsArray_errors_txt" platform="jvm">
<message>
Expected diagnostics from baseline typescript-repo/tests/baselines/reference/missingCommaInTemplateStringsArray.errors.txt but none produced
</message>
<stacktrace>
  at com.xemantic.typescript.compiler.TypeScriptTestSupportKt.errorsMatchBaseline(TypeScriptTestSupport.kt:125)
  at com.xemantic.typescript.compiler.TypeScriptCompilerTests_M.missingCommaInTemplateStringsArray_ts has expected errors matching missingCommaInTemplateStringsArray_errors_txt(TypeScriptCompilerTests_M.kt:1120)
  at java.base/jdk.internal.reflect.DirectMethodHandleAccessor.invoke(DirectMethodHandleAccessor.java:104)
  at java.base/java.lang.reflect.Method.invoke(Method.java:565)
  at org.junit.runners.model.FrameworkMethod$1.runReflectiveCall(FrameworkMethod.java:59)
  at org.junit.internal.runners.model.ReflectiveCallable.run(ReflectiveCallable.java:12)
  at org.junit.runners.model.FrameworkMethod.invokeExplosively(FrameworkMethod.java:56)
  at org.junit.internal.runners.statements.InvokeMethod.evaluate(InvokeMethod.java:17)
  at org.junit.runners.ParentRunner$3.evaluate(ParentRunner.java:306)
  at org.junit.runners.BlockJUnit4ClassRunner$1.evaluate(BlockJUnit4ClassRunner.java:100)
  at org.junit.runners.ParentRunner.runLeaf(ParentRunner.java:366)
  at org.junit.runners.BlockJUnit4ClassRunner.runChild(BlockJUnit4ClassRunner.java:103)
  at org.junit.runners.BlockJUnit4ClassRunner.runChild(BlockJUnit4ClassRunner.java:63)
  at org.junit.runners.ParentRunner$4.run(ParentRunner.java:331)
  at org.junit.runners.ParentRunner$1.schedule(ParentRunner.java:79)
  at org.junit.runners.ParentRunner.runChildren(ParentRunner.java:329)
  at org.junit.runners.ParentRunner.access$100(ParentRunner.java:66)
  at org.junit.runners.ParentRunner$2.evaluate(ParentRunner.java:293)
  at org.junit.runners.ParentRunner$3.evaluate(ParentRunner.java:306)
  at org.junit.runners.ParentRunner.run(ParentRunner.java:413)
  at org.junit.runner.JUnitCore.run(JUnitCore.java:137)
  at org.junit.runner.JUnitCore.run(JUnitCore.java:115)
  at org.gradle.api.internal.tasks.testing.junit.JUnitTestExecutor.runRequest(JUnitTestExecutor.java:175)
  at org.gradle.api.internal.tasks.testing.junit.JUnitTestExecutor.accept(JUnitTestExecutor.java:84)
  at org.gradle.api.internal.tasks.testing.junit.JUnitTestExecutor.accept(JUnitTestExecutor.java:47)
  at org.gradle.api.internal.tasks.testing.junit.AbstractJUnitTestDefinitionProcessor.processTestDefinition(AbstractJUnitTestDefinitionProcessor.java:65)
  at org.gradle.api.internal.tasks.testing.SuiteTestDefinitionProcessor.processTestDefinition(SuiteTestDefinitionProcessor.java:54)
  at java.base/jdk.internal.reflect.DirectMethodHandleAccessor.invoke(DirectMethodHandleAccessor.java:104)
  at java.base/java.lang.reflect.Method.invoke(Method.java:565)
  at org.gradle.internal.dispatch.MethodInvocation.invokeOn(MethodInvocation.java:77)
  at org.gradle.internal.dispatch.ReflectionDispatch.dispatch(ReflectionDispatch.java:28)
  at org.gradle.internal.dispatch.ReflectionDispatch.dispatch(ReflectionDispatch.java:19)
  at org.gradle.internal.dispatch.ContextClassLoaderDispatch.dispatch(ContextClassLoaderDispatch.java:33)
  at org.gradle.internal.dispatch.ProxyDispatchAdapter$DispatchingInvocationHandler.invoke(ProxyDispatchAdapter.java:88)
  at jdk.proxy1/jdk.proxy1.$Proxy4.processTestDefinition(Unknown Source)
  at org.gradle.api.internal.tasks.testing.worker.TestWorker$2.run(TestWorker.java:178)
  at org.gradle.api.internal.tasks.testing.worker.TestWorker.executeAndMaintainThreadName(TestWorker.java:126)
  at org.gradle.api.internal.tasks.testing.worker.TestWorker.execute(TestWorker.java:103)
  at org.gradle.api.internal.tasks.testing.worker.TestWorker.execute(TestWorker.java:63)
  at org.gradle.process.internal.worker.child.ActionExecutionWorker.execute(ActionExecutionWorker.java:56)
  at org.gradle.process.internal.worker.child.SystemApplicationClassLoaderWorker.call(SystemApplicationClassLoaderWorker.java:122)
  at org.gradle.process.internal.worker.child.SystemApplicationClassLoaderWorker.call(SystemApplicationClassLoaderWorker.java:72)
  at worker.org.gradle.process.internal.worker.GradleWorkerMain.run(GradleWorkerMain.java:69)
  at worker.org.gradle.process.internal.worker.GradleWorkerMain.main(GradleWorkerMain.java:74)
</stacktrace>
</test-failure>


TypeScriptCompilerTests_M[jvm] > missingCommaInTemplateStringsArray_ts has expected errors matching missingCommaInTemplateStringsArray_errors_txt[jvm] FAILED

<test-failure test="com.xemantic.typescript.compiler.TypeScriptCompilerTests_M.moduleNoneDynamicImport_ts__target_es2015__compiles to JavaScript matching baseline" platform="jvm">
<message>
--- expected
+++ actual
@@ -42,4 +42,6 @@
         return result;
     };
 })();
-const foo = Promise.resolve().then(() => __importStar(require("b")));
+const foo = Promise.resolve().then(() => __importStar(require("./b")));
+Object.defineProperty(exports, "__esModule", { value: true });
+exports.default = 1;

</message>
<stacktrace>
  at org.junit.Assert.fail(Assert.java:89)
  at kotlin.test.junit.JUnitAsserter.fail(JUnitSupport.kt:56)
  at kotlin.test.AssertionsKt__AssertionsKt.fail(Assertions.kt:563)
  at kotlin.test.AssertionsKt.fail(Unknown Source)
  at com.xemantic.kotlin.test.SameAsKt.sameAs(SameAs.kt:52)
  at com.xemantic.typescript.compiler.TypeScriptTestSupportKt.sameAs(TypeScriptTestSupport.kt:99)
  at com.xemantic.typescript.compiler.TypeScriptCompilerTests_M.moduleNoneDynamicImport_ts__target_es2015__compiles to JavaScript matching baseline(TypeScriptCompilerTests_M.kt:2723)
  at java.base/jdk.internal.reflect.DirectMethodHandleAccessor.invoke(DirectMethodHandleAccessor.java:104)
  at java.base/java.lang.reflect.Method.invoke(Method.java:565)
  at org.junit.runners.model.FrameworkMethod$1.runReflectiveCall(FrameworkMethod.java:59)
  at org.junit.internal.runners.model.ReflectiveCallable.run(ReflectiveCallable.java:12)
  at org.junit.runners.model.FrameworkMethod.invokeExplosively(FrameworkMethod.java:56)
  at org.junit.internal.runners.statements.InvokeMethod.evaluate(InvokeMethod.java:17)
  at org.junit.runners.ParentRunner$3.evaluate(ParentRunner.java:306)
  at org.junit.runners.BlockJUnit4ClassRunner$1.evaluate(BlockJUnit4ClassRunner.java:100)
  at org.junit.runners.ParentRunner.runLeaf(ParentRunner.java:366)
  at org.junit.runners.BlockJUnit4ClassRunner.runChild(BlockJUnit4ClassRunner.java:103)
  at org.junit.runners.BlockJUnit4ClassRunner.runChild(BlockJUnit4ClassRunner.java:63)
  at org.junit.runners.ParentRunner$4.run(ParentRunner.java:331)
  at org.junit.runners.ParentRunner$1.schedule(ParentRunner.java:79)
  at org.junit.runners.ParentRunner.runChildren(ParentRunner.java:329)
  at org.junit.runners.ParentRunner.access$100(ParentRunner.java:66)
  at org.junit.runners.ParentRunner$2.evaluate(ParentRunner.java:293)
  at org.junit.runners.ParentRunner$3.evaluate(ParentRunner.java:306)
  at org.junit.runners.ParentRunner.run(ParentRunner.java:413)
  at org.junit.runner.JUnitCore.run(JUnitCore.java:137)
  at org.junit.runner.JUnitCore.run(JUnitCore.java:115)
  at org.gradle.api.internal.tasks.testing.junit.JUnitTestExecutor.runRequest(JUnitTestExecutor.java:175)
  at org.gradle.api.internal.tasks.testing.junit.JUnitTestExecutor.accept(JUnitTestExecutor.java:84)
  at org.gradle.api.internal.tasks.testing.junit.JUnitTestExecutor.accept(JUnitTestExecutor.java:47)
  at org.gradle.api.internal.tasks.testing.junit.AbstractJUnitTestDefinitionProcessor.processTestDefinition(AbstractJUnitTestDefinitionProcessor.java:65)
  at org.gradle.api.internal.tasks.testing.SuiteTestDefinitionProcessor.processTestDefinition(SuiteTestDefinitionProcessor.java:54)
  at java.base/jdk.internal.reflect.DirectMethodHandleAccessor.invoke(DirectMethodHandleAccessor.java:104)
  at java.base/java.lang.reflect.Method.invoke(Method.java:565)
  at org.gradle.internal.dispatch.MethodInvocation.invokeOn(MethodInvocation.java:77)
  at org.gradle.internal.dispatch.ReflectionDispatch.dispatch(ReflectionDispatch.java:28)
  at org.gradle.internal.dispatch.ReflectionDispatch.dispatch(ReflectionDispatch.java:19)
  at org.gradle.internal.dispatch.ContextClassLoaderDispatch.dispatch(ContextClassLoaderDispatch.java:33)
  at org.gradle.internal.dispatch.ProxyDispatchAdapter$DispatchingInvocationHandler.invoke(ProxyDispatchAdapter.java:88)
  at jdk.proxy1/jdk.proxy1.$Proxy4.processTestDefinition(Unknown Source)
  at org.gradle.api.internal.tasks.testing.worker.TestWorker$2.run(TestWorker.java:178)
  at org.gradle.api.internal.tasks.testing.worker.TestWorker.executeAndMaintainThreadName(TestWorker.java:126)
  at org.gradle.api.internal.tasks.testing.worker.TestWorker.execute(TestWorker.java:103)
  at org.gradle.api.internal.tasks.testing.worker.TestWorker.execute(TestWorker.java:63)
  at org.gradle.process.internal.worker.child.ActionExecutionWorker.execute(ActionExecutionWorker.java:56)
  at org.gradle.process.internal.worker.child.SystemApplicationClassLoaderWorker.call(SystemApplicationClassLoaderWorker.java:122)
  at org.gradle.process.internal.worker.child.SystemApplicationClassLoaderWorker.call(SystemApplicationClassLoaderWorker.java:72)
  at worker.org.gradle.process.internal.worker.GradleWorkerMain.run(GradleWorkerMain.java:69)
  at worker.org.gradle.process.internal.worker.GradleWorkerMain.main(GradleWorkerMain.java:74)
</stacktrace>
</test-failure>


TypeScriptCompilerTests_M[jvm] > moduleNoneDynamicImport_ts__target_es2015__compiles to JavaScript matching baseline[jvm] FAILED

<test-failure test="com.xemantic.typescript.compiler.TypeScriptCompilerTests_M.modifiersInObjectLiterals_ts has expected errors matching modifiersInObjectLiterals_errors_txt" platform="jvm">
<message>
Expected diagnostics from baseline typescript-repo/tests/baselines/reference/modifiersInObjectLiterals.errors.txt but none produced
</message>
<stacktrace>
  at com.xemantic.typescript.compiler.TypeScriptTestSupportKt.errorsMatchBaseline(TypeScriptTestSupport.kt:125)
  at com.xemantic.typescript.compiler.TypeScriptCompilerTests_M.modifiersInObjectLiterals_ts has expected errors matching modifiersInObjectLiterals_errors_txt(TypeScriptCompilerTests_M.kt:1463)
  at java.base/jdk.internal.reflect.DirectMethodHandleAccessor.invoke(DirectMethodHandleAccessor.java:104)
  at java.base/java.lang.reflect.Method.invoke(Method.java:565)
  at org.junit.runners.model.FrameworkMethod$1.runReflectiveCall(FrameworkMethod.java:59)
  at org.junit.internal.runners.model.ReflectiveCallable.run(ReflectiveCallable.java:12)
  at org.junit.runners.model.FrameworkMethod.invokeExplosively(FrameworkMethod.java:56)
  at org.junit.internal.runners.statements.InvokeMethod.evaluate(InvokeMethod.java:17)
  at org.junit.runners.ParentRunner$3.evaluate(ParentRunner.java:306)
  at org.junit.runners.BlockJUnit4ClassRunner$1.evaluate(BlockJUnit4ClassRunner.java:100)
  at org.junit.runners.ParentRunner.runLeaf(ParentRunner.java:366)
  at org.junit.runners.BlockJUnit4ClassRunner.runChild(BlockJUnit4ClassRunner.java:103)
  at org.junit.runners.BlockJUnit4ClassRunner.runChild(BlockJUnit4ClassRunner.java:63)
  at org.junit.runners.ParentRunner$4.run(ParentRunner.java:331)
  at org.junit.runners.ParentRunner$1.schedule(ParentRunner.java:79)
  at org.junit.runners.ParentRunner.runChildren(ParentRunner.java:329)
  at org.junit.runners.ParentRunner.access$100(ParentRunner.java:66)
  at org.junit.runners.ParentRunner$2.evaluate(ParentRunner.java:293)
  at org.junit.runners.ParentRunner$3.evaluate(ParentRunner.java:306)
  at org.junit.runners.ParentRunner.run(ParentRunner.java:413)
  at org.junit.runner.JUnitCore.run(JUnitCore.java:137)
  at org.junit.runner.JUnitCore.run(JUnitCore.java:115)
  at org.gradle.api.internal.tasks.testing.junit.JUnitTestExecutor.runRequest(JUnitTestExecutor.java:175)
  at org.gradle.api.internal.tasks.testing.junit.JUnitTestExecutor.accept(JUnitTestExecutor.java:84)
  at org.gradle.api.internal.tasks.testing.junit.JUnitTestExecutor.accept(JUnitTestExecutor.java:47)
  at org.gradle.api.internal.tasks.testing.junit.AbstractJUnitTestDefinitionProcessor.processTestDefinition(AbstractJUnitTestDefinitionProcessor.java:65)
  at org.gradle.api.internal.tasks.testing.SuiteTestDefinitionProcessor.processTestDefinition(SuiteTestDefinitionProcessor.java:54)
  at java.base/jdk.internal.reflect.DirectMethodHandleAccessor.invoke(DirectMethodHandleAccessor.java:104)
  at java.base/java.lang.reflect.Method.invoke(Method.java:565)
  at org.gradle.internal.dispatch.MethodInvocation.invokeOn(MethodInvocation.java:77)
  at org.gradle.internal.dispatch.ReflectionDispatch.dispatch(ReflectionDispatch.java:28)
  at org.gradle.internal.dispatch.ReflectionDispatch.dispatch(ReflectionDispatch.java:19)
  at org.gradle.internal.dispatch.ContextClassLoaderDispatch.dispatch(ContextClassLoaderDispatch.java:33)
  at org.gradle.internal.dispatch.ProxyDispatchAdapter$DispatchingInvocationHandler.invoke(ProxyDispatchAdapter.java:88)
  at jdk.proxy1/jdk.proxy1.$Proxy4.processTestDefinition(Unknown Source)
  at org.gradle.api.internal.tasks.testing.worker.TestWorker$2.run(TestWorker.java:178)
  at org.gradle.api.internal.tasks.testing.worker.TestWorker.executeAndMaintainThreadName(TestWorker.java:126)
  at org.gradle.api.internal.tasks.testing.worker.TestWorker.execute(TestWorker.java:103)
  at org.gradle.api.internal.tasks.testing.worker.TestWorker.execute(TestWorker.java:63)
  at org.gradle.process.internal.worker.child.ActionExecutionWorker.execute(ActionExecutionWorker.java:56)
  at org.gradle.process.internal.worker.child.SystemApplicationClassLoaderWorker.call(SystemApplicationClassLoaderWorker.java:122)
  at org.gradle.process.internal.worker.child.SystemApplicationClassLoaderWorker.call(SystemApplicationClassLoaderWorker.java:72)
  at worker.org.gradle.process.internal.worker.GradleWorkerMain.run(GradleWorkerMain.java:69)
  at worker.org.gradle.process.internal.worker.GradleWorkerMain.main(GradleWorkerMain.java:74)
</stacktrace>
</test-failure>


TypeScriptCompilerTests_M[jvm] > modifiersInObjectLiterals_ts has expected errors matching modifiersInObjectLiterals_errors_txt[jvm] FAILED

<test-failure test="com.xemantic.typescript.compiler.TypeScriptCompilerTests_M.moduleAugmentationEnumClassMergeOfReexportIsError_ts has expected errors matching moduleAugmentationEnumClassMergeOfReexportIsError_errors_txt" platform="jvm">
<message>
--- expected
+++ actual
@@ -1,13 +1,9 @@
-augment.ts(4,17): error TS2567: Enum declarations can only merge with namespace or other enum declarations.
-file.ts(1,14): error TS2567: Enum declarations can only merge with namespace or other enum declarations.
+augment.ts(9,21): error TS2694: Namespace '"augment".ns' has no exported member 'Foo'.
 file.ts(2,5): error TS2564: Property 'member' has no initializer and is not definitely assigned in the constructor.
 
 
-==== file.ts (2 errors) ====
+==== file.ts (1 errors) ====
     export class Foo {
-                 ~~~
-!!! error TS2567: Enum declarations can only merge with namespace or other enum declarations.
-!!! related TS6203 augment.ts:4:17: 'Foo' was also declared here.
         member: string;
         ~~~~~~
 !!! error TS2564: Property 'member' has no initializer and is not definitely assigned in the constructor.
@@ -19,11 +15,10 @@
     
     declare module "./reexport" {
         export enum Foo {
-                    ~~~
-!!! error TS2567: Enum declarations can only merge with namespace or other enum declarations.
-!!! related TS6203 file.ts:1:14: 'Foo' was also declared here.
             A, B, C
         }
     }
     
     declare const f: ns.Foo; //is this the enum or the class? should be an error.
+                        ~~~
+!!! error TS2694: Namespace '"augment".ns' has no exported member 'Foo'.

</message>
<stacktrace>
  at org.junit.Assert.fail(Assert.java:89)
  at kotlin.test.junit.JUnitAsserter.fail(JUnitSupport.kt:56)
  at kotlin.test.AssertionsKt__AssertionsKt.fail(Assertions.kt:563)
  at kotlin.test.AssertionsKt.fail(Unknown Source)
  at com.xemantic.kotlin.test.SameAsKt.sameAs(SameAs.kt:52)
  at com.xemantic.typescript.compiler.TypeScriptTestSupportKt.errorsMatchBaseline(TypeScriptTestSupport.kt:135)
  at com.xemantic.typescript.compiler.TypeScriptCompilerTests_M.moduleAugmentationEnumClassMergeOfReexportIsError_ts has expected errors matching moduleAugmentationEnumClassMergeOfReexportIsError_errors_txt(TypeScriptCompilerTests_M.kt:1862)
  at java.base/jdk.internal.reflect.DirectMethodHandleAccessor.invoke(DirectMethodHandleAccessor.java:104)
  at java.base/java.lang.reflect.Method.invoke(Method.java:565)
  at org.junit.runners.model.FrameworkMethod$1.runReflectiveCall(FrameworkMethod.java:59)
  at org.junit.internal.runners.model.ReflectiveCallable.run(ReflectiveCallable.java:12)
  at org.junit.runners.model.FrameworkMethod.invokeExplosively(FrameworkMethod.java:56)
  at org.junit.internal.runners.statements.InvokeMethod.evaluate(InvokeMethod.java:17)
  at org.junit.runners.ParentRunner$3.evaluate(ParentRunner.java:306)
  at org.junit.runners.BlockJUnit4ClassRunner$1.evaluate(BlockJUnit4ClassRunner.java:100)
  at org.junit.runners.ParentRunner.runLeaf(ParentRunner.java:366)
  at org.junit.runners.BlockJUnit4ClassRunner.runChild(BlockJUnit4ClassRunner.java:103)
  at org.junit.runners.BlockJUnit4ClassRunner.runChild(BlockJUnit4ClassRunner.java:63)
  at org.junit.runners.ParentRunner$4.run(ParentRunner.java:331)
  at org.junit.runners.ParentRunner$1.schedule(ParentRunner.java:79)
  at org.junit.runners.ParentRunner.runChildren(ParentRunner.java:329)
  at org.junit.runners.ParentRunner.access$100(ParentRunner.java:66)
  at org.junit.runners.ParentRunner$2.evaluate(ParentRunner.java:293)
  at org.junit.runners.ParentRunner$3.evaluate(ParentRunner.java:306)
  at org.junit.runners.ParentRunner.run(ParentRunner.java:413)
  at org.junit.runner.JUnitCore.run(JUnitCore.java:137)
  at org.junit.runner.JUnitCore.run(JUnitCore.java:115)
  at org.gradle.api.internal.tasks.testing.junit.JUnitTestExecutor.runRequest(JUnitTestExecutor.java:175)
  at org.gradle.api.internal.tasks.testing.junit.JUnitTestExecutor.accept(JUnitTestExecutor.java:84)
  at org.gradle.api.internal.tasks.testing.junit.JUnitTestExecutor.accept(JUnitTestExecutor.java:47)
  at org.gradle.api.internal.tasks.testing.junit.AbstractJUnitTestDefinitionProcessor.processTestDefinition(AbstractJUnitTestDefinitionProcessor.java:65)
  at org.gradle.api.internal.tasks.testing.SuiteTestDefinitionProcessor.processTestDefinition(SuiteTestDefinitionProcessor.java:54)
  at java.base/jdk.internal.reflect.DirectMethodHandleAccessor.invoke(DirectMethodHandleAccessor.java:104)
  at java.base/java.lang.reflect.Method.invoke(Method.java:565)
  at org.gradle.internal.dispatch.MethodInvocation.invokeOn(MethodInvocation.java:77)
  at org.gradle.internal.dispatch.ReflectionDispatch.dispatch(ReflectionDispatch.java:28)
  at org.gradle.internal.dispatch.ReflectionDispatch.dispatch(ReflectionDispatch.java:19)
  at org.gradle.internal.dispatch.ContextClassLoaderDispatch.dispatch(ContextClassLoaderDispatch.java:33)
  at org.gradle.internal.dispatch.ProxyDispatchAdapter$DispatchingInvocationHandler.invoke(ProxyDispatchAdapter.java:88)
  at jdk.proxy1/jdk.proxy1.$Proxy4.processTestDefinition(Unknown Source)
  at org.gradle.api.internal.tasks.testing.worker.TestWorker$2.run(TestWorker.java:178)
  at org.gradle.api.internal.tasks.testing.worker.TestWorker.executeAndMaintainThreadName(TestWorker.java:126)
  at org.gradle.api.internal.tasks.testing.worker.TestWorker.execute(TestWorker.java:103)
  at org.gradle.api.internal.tasks.testing.worker.TestWorker.execute(TestWorker.java:63)
  at org.gradle.process.internal.worker.child.ActionExecutionWorker.execute(ActionExecutionWorker.java:56)
  at org.gradle.process.internal.worker.child.SystemApplicationClassLoaderWorker.call(SystemApplicationClassLoaderWorker.java:122)
  at org.gradle.process.internal.worker.child.SystemApplicationClassLoaderWorker.call(SystemApplicationClassLoaderWorker.java:72)
  at worker.org.gradle.process.internal.worker.GradleWorkerMain.run(GradleWorkerMain.java:69)
  at worker.org.gradle.process.internal.worker.GradleWorkerMain.main(GradleWorkerMain.java:74)
</stacktrace>
</test-failure>


TypeScriptCompilerTests_M[jvm] > moduleAugmentationEnumClassMergeOfReexportIsError_ts has expected errors matching moduleAugmentationEnumClassMergeOfReexportIsError_errors_txt[jvm] FAILED

<test-failure test="com.xemantic.typescript.compiler.TypeScriptCompilerTests_M.modulePreserveTopLevelAwait1_ts__target_es2016__has expected errors matching baseline" platform="jvm">
<message>
Expected diagnostics from baseline typescript-repo/tests/baselines/reference/modulePreserveTopLevelAwait1(target=es2016).errors.txt but none produced
</message>
<stacktrace>
  at com.xemantic.typescript.compiler.TypeScriptTestSupportKt.errorsMatchBaseline(TypeScriptTestSupport.kt:125)
  at com.xemantic.typescript.compiler.TypeScriptCompilerTests_M.modulePreserveTopLevelAwait1_ts__target_es2016__has expected errors matching baseline(TypeScriptCompilerTests_M.kt:2821)
  at java.base/jdk.internal.reflect.DirectMethodHandleAccessor.invoke(DirectMethodHandleAccessor.java:104)
  at java.base/java.lang.reflect.Method.invoke(Method.java:565)
  at org.junit.runners.model.FrameworkMethod$1.runReflectiveCall(FrameworkMethod.java:59)
  at org.junit.internal.runners.model.ReflectiveCallable.run(ReflectiveCallable.java:12)
  at org.junit.runners.model.FrameworkMethod.invokeExplosively(FrameworkMethod.java:56)
  at org.junit.internal.runners.statements.InvokeMethod.evaluate(InvokeMethod.java:17)
  at org.junit.runners.ParentRunner$3.evaluate(ParentRunner.java:306)
  at org.junit.runners.BlockJUnit4ClassRunner$1.evaluate(BlockJUnit4ClassRunner.java:100)
  at org.junit.runners.ParentRunner.runLeaf(ParentRunner.java:366)
  at org.junit.runners.BlockJUnit4ClassRunner.runChild(BlockJUnit4ClassRunner.java:103)
  at org.junit.runners.BlockJUnit4ClassRunner.runChild(BlockJUnit4ClassRunner.java:63)
  at org.junit.runners.ParentRunner$4.run(ParentRunner.java:331)
  at org.junit.runners.ParentRunner$1.schedule(ParentRunner.java:79)
  at org.junit.runners.ParentRunner.runChildren(ParentRunner.java:329)
  at org.junit.runners.ParentRunner.access$100(ParentRunner.java:66)
  at org.junit.runners.ParentRunner$2.evaluate(ParentRunner.java:293)
  at org.junit.runners.ParentRunner$3.evaluate(ParentRunner.java:306)
  at org.junit.runners.ParentRunner.run(ParentRunner.java:413)
  at org.junit.runner.JUnitCore.run(JUnitCore.java:137)
  at org.junit.runner.JUnitCore.run(JUnitCore.java:115)
  at org.gradle.api.internal.tasks.testing.junit.JUnitTestExecutor.runRequest(JUnitTestExecutor.java:175)
  at org.gradle.api.internal.tasks.testing.junit.JUnitTestExecutor.accept(JUnitTestExecutor.java:84)
  at org.gradle.api.internal.tasks.testing.junit.JUnitTestExecutor.accept(JUnitTestExecutor.java:47)
  at org.gradle.api.internal.tasks.testing.junit.AbstractJUnitTestDefinitionProcessor.processTestDefinition(AbstractJUnitTestDefinitionProcessor.java:65)
  at org.gradle.api.internal.tasks.testing.SuiteTestDefinitionProcessor.processTestDefinition(SuiteTestDefinitionProcessor.java:54)
  at java.base/jdk.internal.reflect.DirectMethodHandleAccessor.invoke(DirectMethodHandleAccessor.java:104)
  at java.base/java.lang.reflect.Method.invoke(Method.java:565)
  at org.gradle.internal.dispatch.MethodInvocation.invokeOn(MethodInvocation.java:77)
  at org.gradle.internal.dispatch.ReflectionDispatch.dispatch(ReflectionDispatch.java:28)
  at org.gradle.internal.dispatch.ReflectionDispatch.dispatch(ReflectionDispatch.java:19)
  at org.gradle.internal.dispatch.ContextClassLoaderDispatch.dispatch(ContextClassLoaderDispatch.java:33)
  at org.gradle.internal.dispatch.ProxyDispatchAdapter$DispatchingInvocationHandler.invoke(ProxyDispatchAdapter.java:88)
  at jdk.proxy1/jdk.proxy1.$Proxy4.processTestDefinition(Unknown Source)
  at org.gradle.api.internal.tasks.testing.worker.TestWorker$2.run(TestWorker.java:178)
  at org.gradle.api.internal.tasks.testing.worker.TestWorker.executeAndMaintainThreadName(TestWorker.java:126)
  at org.gradle.api.internal.tasks.testing.worker.TestWorker.execute(TestWorker.java:103)
  at org.gradle.api.internal.tasks.testing.worker.TestWorker.execute(TestWorker.java:63)
  at org.gradle.process.internal.worker.child.ActionExecutionWorker.execute(ActionExecutionWorker.java:56)
  at org.gradle.process.internal.worker.child.SystemApplicationClassLoaderWorker.call(SystemApplicationClassLoaderWorker.java:122)
  at org.gradle.process.internal.worker.child.SystemApplicationClassLoaderWorker.call(SystemApplicationClassLoaderWorker.java:72)
  at worker.org.gradle.process.internal.worker.GradleWorkerMain.run(GradleWorkerMain.java:69)
  at worker.org.gradle.process.internal.worker.GradleWorkerMain.main(GradleWorkerMain.java:74)
</stacktrace>
</test-failure>


TypeScriptCompilerTests_M[jvm] > modulePreserveTopLevelAwait1_ts__target_es2016__has expected errors matching baseline[jvm] FAILED

<test-failure test="com.xemantic.typescript.compiler.TypeScriptCompilerTests_M.moduleAugmentationGlobal8_ts__target_es5__has expected errors matching baseline" platform="jvm">
<message>
--- expected
+++ actual
@@ -1,13 +1,10 @@
 error TS5107: Option 'target=ES5' is deprecated and will stop functioning in TypeScript 7.0. Specify compilerOption '"ignoreDeprecations": "6.0"' to silence this error.
-moduleAugmentationGlobal8.ts(2,13): error TS2669: Augmentations for the global scope can only be directly nested in external modules or ambient module declarations.
 
 
 !!! error TS5107: Option 'target=ES5' is deprecated and will stop functioning in TypeScript 7.0. Specify compilerOption '"ignoreDeprecations": "6.0"' to silence this error.
-==== moduleAugmentationGlobal8.ts (1 errors) ====
+==== moduleAugmentationGlobal8.ts (0 errors) ====
     namespace A {
         declare global {
-                ~~~~~~
-!!! error TS2669: Augmentations for the global scope can only be directly nested in external modules or ambient module declarations.
             interface Array<T> { x }
         }
     }

</message>
<stacktrace>
  at org.junit.Assert.fail(Assert.java:89)
  at kotlin.test.junit.JUnitAsserter.fail(JUnitSupport.kt:56)
  at kotlin.test.AssertionsKt__AssertionsKt.fail(Assertions.kt:563)
  at kotlin.test.AssertionsKt.fail(Unknown Source)
  at com.xemantic.kotlin.test.SameAsKt.sameAs(SameAs.kt:52)
  at com.xemantic.typescript.compiler.TypeScriptTestSupportKt.errorsMatchBaseline(TypeScriptTestSupport.kt:135)
  at com.xemantic.typescript.compiler.TypeScriptCompilerTests_M.moduleAugmentationGlobal8_ts__target_es5__has expected errors matching baseline(TypeScriptCompilerTests_M.kt:2030)
  at java.base/jdk.internal.reflect.DirectMethodHandleAccessor.invoke(DirectMethodHandleAccessor.java:104)
  at java.base/java.lang.reflect.Method.invoke(Method.java:565)
  at org.junit.runners.model.FrameworkMethod$1.runReflectiveCall(FrameworkMethod.java:59)
  at org.junit.internal.runners.model.ReflectiveCallable.run(ReflectiveCallable.java:12)
  at org.junit.runners.model.FrameworkMethod.invokeExplosively(FrameworkMethod.java:56)
  at org.junit.internal.runners.statements.InvokeMethod.evaluate(InvokeMethod.java:17)
  at org.junit.runners.ParentRunner$3.evaluate(ParentRunner.java:306)
  at org.junit.runners.BlockJUnit4ClassRunner$1.evaluate(BlockJUnit4ClassRunner.java:100)
  at org.junit.runners.ParentRunner.runLeaf(ParentRunner.java:366)
  at org.junit.runners.BlockJUnit4ClassRunner.runChild(BlockJUnit4ClassRunner.java:103)
  at org.junit.runners.BlockJUnit4ClassRunner.runChild(BlockJUnit4ClassRunner.java:63)
  at org.junit.runners.ParentRunner$4.run(ParentRunner.java:331)
  at org.junit.runners.ParentRunner$1.schedule(ParentRunner.java:79)
  at org.junit.runners.ParentRunner.runChildren(ParentRunner.java:329)
  at org.junit.runners.ParentRunner.access$100(ParentRunner.java:66)
  at org.junit.runners.ParentRunner$2.evaluate(ParentRunner.java:293)
  at org.junit.runners.ParentRunner$3.evaluate(ParentRunner.java:306)
  at org.junit.runners.ParentRunner.run(ParentRunner.java:413)
  at org.junit.runner.JUnitCore.run(JUnitCore.java:137)
  at org.junit.runner.JUnitCore.run(JUnitCore.java:115)
  at org.gradle.api.internal.tasks.testing.junit.JUnitTestExecutor.runRequest(JUnitTestExecutor.java:175)
  at org.gradle.api.internal.tasks.testing.junit.JUnitTestExecutor.accept(JUnitTestExecutor.java:84)
  at org.gradle.api.internal.tasks.testing.junit.JUnitTestExecutor.accept(JUnitTestExecutor.java:47)
  at org.gradle.api.internal.tasks.testing.junit.AbstractJUnitTestDefinitionProcessor.processTestDefinition(AbstractJUnitTestDefinitionProcessor.java:65)
  at org.gradle.api.internal.tasks.testing.SuiteTestDefinitionProcessor.processTestDefinition(SuiteTestDefinitionProcessor.java:54)
  at java.base/jdk.internal.reflect.DirectMethodHandleAccessor.invoke(DirectMethodHandleAccessor.java:104)
  at java.base/java.lang.reflect.Method.invoke(Method.java:565)
  at org.gradle.internal.dispatch.MethodInvocation.invokeOn(MethodInvocation.java:77)
  at org.gradle.internal.dispatch.ReflectionDispatch.dispatch(ReflectionDispatch.java:28)
  at org.gradle.internal.dispatch.ReflectionDispatch.dispatch(ReflectionDispatch.java:19)
  at org.gradle.internal.dispatch.ContextClassLoaderDispatch.dispatch(ContextClassLoaderDispatch.java:33)
  at org.gradle.internal.dispatch.ProxyDispatchAdapter$DispatchingInvocationHandler.invoke(ProxyDispatchAdapter.java:88)
  at jdk.proxy1/jdk.proxy1.$Proxy4.processTestDefinition(Unknown Source)
  at org.gradle.api.internal.tasks.testing.worker.TestWorker$2.run(TestWorker.java:178)
  at org.gradle.api.internal.tasks.testing.worker.TestWorker.executeAndMaintainThreadName(TestWorker.java:126)
  at org.gradle.api.internal.tasks.testing.worker.TestWorker.execute(TestWorker.java:103)
  at org.gradle.api.internal.tasks.testing.worker.TestWorker.execute(TestWorker.java:63)
  at org.gradle.process.internal.worker.child.ActionExecutionWorker.execute(ActionExecutionWorker.java:56)
  at org.gradle.process.internal.worker.child.SystemApplicationClassLoaderWorker.call(SystemApplicationClassLoaderWorker.java:122)
  at org.gradle.process.internal.worker.child.SystemApplicationClassLoaderWorker.call(SystemApplicationClassLoaderWorker.java:72)
  at worker.org.gradle.process.internal.worker.GradleWorkerMain.run(GradleWorkerMain.java:69)
  at worker.org.gradle.process.internal.worker.GradleWorkerMain.main(GradleWorkerMain.java:74)
</stacktrace>
</test-failure>


TypeScriptCompilerTests_M[jvm] > moduleAugmentationGlobal8_ts__target_es5__has expected errors matching baseline[jvm] FAILED

<test-failure test="com.xemantic.typescript.compiler.TypeScriptCompilerTests_M.missingDiscriminants2_ts has expected errors matching missingDiscriminants2_errors_txt" platform="jvm">
<message>
Expected diagnostics from baseline typescript-repo/tests/baselines/reference/missingDiscriminants2.errors.txt but none produced
</message>
<stacktrace>
  at com.xemantic.typescript.compiler.TypeScriptTestSupportKt.errorsMatchBaseline(TypeScriptTestSupport.kt:125)
  at com.xemantic.typescript.compiler.TypeScriptCompilerTests_M.missingDiscriminants2_ts has expected errors matching missingDiscriminants2_errors_txt(TypeScriptCompilerTests_M.kt:1134)
  at java.base/jdk.internal.reflect.DirectMethodHandleAccessor.invoke(DirectMethodHandleAccessor.java:104)
  at java.base/java.lang.reflect.Method.invoke(Method.java:565)
  at org.junit.runners.model.FrameworkMethod$1.runReflectiveCall(FrameworkMethod.java:59)
  at org.junit.internal.runners.model.ReflectiveCallable.run(ReflectiveCallable.java:12)
  at org.junit.runners.model.FrameworkMethod.invokeExplosively(FrameworkMethod.java:56)
  at org.junit.internal.runners.statements.InvokeMethod.evaluate(InvokeMethod.java:17)
  at org.junit.runners.ParentRunner$3.evaluate(ParentRunner.java:306)
  at org.junit.runners.BlockJUnit4ClassRunner$1.evaluate(BlockJUnit4ClassRunner.java:100)
  at org.junit.runners.ParentRunner.runLeaf(ParentRunner.java:366)
  at org.junit.runners.BlockJUnit4ClassRunner.runChild(BlockJUnit4ClassRunner.java:103)
  at org.junit.runners.BlockJUnit4ClassRunner.runChild(BlockJUnit4ClassRunner.java:63)
  at org.junit.runners.ParentRunner$4.run(ParentRunner.java:331)
  at org.junit.runners.ParentRunner$1.schedule(ParentRunner.java:79)
  at org.junit.runners.ParentRunner.runChildren(ParentRunner.java:329)
  at org.junit.runners.ParentRunner.access$100(ParentRunner.java:66)
  at org.junit.runners.ParentRunner$2.evaluate(ParentRunner.java:293)
  at org.junit.runners.ParentRunner$3.evaluate(ParentRunner.java:306)
  at org.junit.runners.ParentRunner.run(ParentRunner.java:413)
  at org.junit.runner.JUnitCore.run(JUnitCore.java:137)
  at org.junit.runner.JUnitCore.run(JUnitCore.java:115)
  at org.gradle.api.internal.tasks.testing.junit.JUnitTestExecutor.runRequest(JUnitTestExecutor.java:175)
  at org.gradle.api.internal.tasks.testing.junit.JUnitTestExecutor.accept(JUnitTestExecutor.java:84)
  at org.gradle.api.internal.tasks.testing.junit.JUnitTestExecutor.accept(JUnitTestExecutor.java:47)
  at org.gradle.api.internal.tasks.testing.junit.AbstractJUnitTestDefinitionProcessor.processTestDefinition(AbstractJUnitTestDefinitionProcessor.java:65)
  at org.gradle.api.internal.tasks.testing.SuiteTestDefinitionProcessor.processTestDefinition(SuiteTestDefinitionProcessor.java:54)
  at java.base/jdk.internal.reflect.DirectMethodHandleAccessor.invoke(DirectMethodHandleAccessor.java:104)
  at java.base/java.lang.reflect.Method.invoke(Method.java:565)
  at org.gradle.internal.dispatch.MethodInvocation.invokeOn(MethodInvocation.java:77)
  at org.gradle.internal.dispatch.ReflectionDispatch.dispatch(ReflectionDispatch.java:28)
  at org.gradle.internal.dispatch.ReflectionDispatch.dispatch(ReflectionDispatch.java:19)
  at org.gradle.internal.dispatch.ContextClassLoaderDispatch.dispatch(ContextClassLoaderDispatch.java:33)
  at org.gradle.internal.dispatch.ProxyDispatchAdapter$DispatchingInvocationHandler.invoke(ProxyDispatchAdapter.java:88)
  at jdk.proxy1/jdk.proxy1.$Proxy4.processTestDefinition(Unknown Source)
  at org.gradle.api.internal.tasks.testing.worker.TestWorker$2.run(TestWorker.java:178)
  at org.gradle.api.internal.tasks.testing.worker.TestWorker.executeAndMaintainThreadName(TestWorker.java:126)
  at org.gradle.api.internal.tasks.testing.worker.TestWorker.execute(TestWorker.java:103)
  at org.gradle.api.internal.tasks.testing.worker.TestWorker.execute(TestWorker.java:63)
  at org.gradle.process.internal.worker.child.ActionExecutionWorker.execute(ActionExecutionWorker.java:56)
  at org.gradle.process.internal.worker.child.SystemApplicationClassLoaderWorker.call(SystemApplicationClassLoaderWorker.java:122)
  at org.gradle.process.internal.worker.child.SystemApplicationClassLoaderWorker.call(SystemApplicationClassLoaderWorker.java:72)
  at worker.org.gradle.process.internal.worker.GradleWorkerMain.run(GradleWorkerMain.java:69)
  at worker.org.gradle.process.internal.worker.GradleWorkerMain.main(GradleWorkerMain.java:74)
</stacktrace>
</test-failure>


TypeScriptCompilerTests_M[jvm] > missingDiscriminants2_ts has expected errors matching missingDiscriminants2_errors_txt[jvm] FAILED

<test-failure test="com.xemantic.typescript.compiler.TypeScriptCompilerTests_M.mappedTypeAsStringTemplate_ts has expected errors matching mappedTypeAsStringTemplate_errors_txt" platform="jvm">
<message>
Expected diagnostics from baseline typescript-repo/tests/baselines/reference/mappedTypeAsStringTemplate.errors.txt but none produced
</message>
<stacktrace>
  at com.xemantic.typescript.compiler.TypeScriptTestSupportKt.errorsMatchBaseline(TypeScriptTestSupport.kt:125)
  at com.xemantic.typescript.compiler.TypeScriptCompilerTests_M.mappedTypeAsStringTemplate_ts has expected errors matching mappedTypeAsStringTemplate_errors_txt(TypeScriptCompilerTests_M.kt:140)
  at java.base/jdk.internal.reflect.DirectMethodHandleAccessor.invoke(DirectMethodHandleAccessor.java:104)
  at java.base/java.lang.reflect.Method.invoke(Method.java:565)
  at org.junit.runners.model.FrameworkMethod$1.runReflectiveCall(FrameworkMethod.java:59)
  at org.junit.internal.runners.model.ReflectiveCallable.run(ReflectiveCallable.java:12)
  at org.junit.runners.model.FrameworkMethod.invokeExplosively(FrameworkMethod.java:56)
  at org.junit.internal.runners.statements.InvokeMethod.evaluate(InvokeMethod.java:17)
  at org.junit.runners.ParentRunner$3.evaluate(ParentRunner.java:306)
  at org.junit.runners.BlockJUnit4ClassRunner$1.evaluate(BlockJUnit4ClassRunner.java:100)
  at org.junit.runners.ParentRunner.runLeaf(ParentRunner.java:366)
  at org.junit.runners.BlockJUnit4ClassRunner.runChild(BlockJUnit4ClassRunner.java:103)
  at org.junit.runners.BlockJUnit4ClassRunner.runChild(BlockJUnit4ClassRunner.java:63)
  at org.junit.runners.ParentRunner$4.run(ParentRunner.java:331)
  at org.junit.runners.ParentRunner$1.schedule(ParentRunner.java:79)
  at org.junit.runners.ParentRunner.runChildren(ParentRunner.java:329)
  at org.junit.runners.ParentRunner.access$100(ParentRunner.java:66)
  at org.junit.runners.ParentRunner$2.evaluate(ParentRunner.java:293)
  at org.junit.runners.ParentRunner$3.evaluate(ParentRunner.java:306)
  at org.junit.runners.ParentRunner.run(ParentRunner.java:413)
  at org.junit.runner.JUnitCore.run(JUnitCore.java:137)
  at org.junit.runner.JUnitCore.run(JUnitCore.java:115)
  at org.gradle.api.internal.tasks.testing.junit.JUnitTestExecutor.runRequest(JUnitTestExecutor.java:175)
  at org.gradle.api.internal.tasks.testing.junit.JUnitTestExecutor.accept(JUnitTestExecutor.java:84)
  at org.gradle.api.internal.tasks.testing.junit.JUnitTestExecutor.accept(JUnitTestExecutor.java:47)
  at org.gradle.api.internal.tasks.testing.junit.AbstractJUnitTestDefinitionProcessor.processTestDefinition(AbstractJUnitTestDefinitionProcessor.java:65)
  at org.gradle.api.internal.tasks.testing.SuiteTestDefinitionProcessor.processTestDefinition(SuiteTestDefinitionProcessor.java:54)
  at java.base/jdk.internal.reflect.DirectMethodHandleAccessor.invoke(DirectMethodHandleAccessor.java:104)
  at java.base/java.lang.reflect.Method.invoke(Method.java:565)
  at org.gradle.internal.dispatch.MethodInvocation.invokeOn(MethodInvocation.java:77)
  at org.gradle.internal.dispatch.ReflectionDispatch.dispatch(ReflectionDispatch.java:28)
  at org.gradle.internal.dispatch.ReflectionDispatch.dispatch(ReflectionDispatch.java:19)
  at org.gradle.internal.dispatch.ContextClassLoaderDispatch.dispatch(ContextClassLoaderDispatch.java:33)
  at org.gradle.internal.dispatch.ProxyDispatchAdapter$DispatchingInvocationHandler.invoke(ProxyDispatchAdapter.java:88)
  at jdk.proxy1/jdk.proxy1.$Proxy4.processTestDefinition(Unknown Source)
  at org.gradle.api.internal.tasks.testing.worker.TestWorker$2.run(TestWorker.java:178)
  at org.gradle.api.internal.tasks.testing.worker.TestWorker.executeAndMaintainThreadName(TestWorker.java:126)
  at org.gradle.api.internal.tasks.testing.worker.TestWorker.execute(TestWorker.java:103)
  at org.gradle.api.internal.tasks.testing.worker.TestWorker.execute(TestWorker.java:63)
  at org.gradle.process.internal.worker.child.ActionExecutionWorker.execute(ActionExecutionWorker.java:56)
  at org.gradle.process.internal.worker.child.SystemApplicationClassLoaderWorker.call(SystemApplicationClassLoaderWorker.java:122)
  at org.gradle.process.internal.worker.child.SystemApplicationClassLoaderWorker.call(SystemApplicationClassLoaderWorker.java:72)
  at worker.org.gradle.process.internal.worker.GradleWorkerMain.run(GradleWorkerMain.java:69)
  at worker.org.gradle.process.internal.worker.GradleWorkerMain.main(GradleWorkerMain.java:74)
</stacktrace>
</test-failure>


TypeScriptCompilerTests_M[jvm] > mappedTypeAsStringTemplate_ts has expected errors matching mappedTypeAsStringTemplate_errors_txt[jvm] FAILED

<test-failure test="com.xemantic.typescript.compiler.TypeScriptCompilerTests_M.moduleAugmentationImportsAndExports1_ts has expected errors matching moduleAugmentationImportsAndExports1_errors_txt" platform="jvm">
<message>
--- expected
+++ actual
@@ -1,6 +1,4 @@
 f2.ts(2,5): error TS2564: Property 'n' has no initializer and is not definitely assigned in the constructor.
-f3.ts(4,1): error TS2322: Type '() => undefined' is not assignable to type '() => B'.
-  Type 'undefined' is not assignable to type 'B'.
 f4.ts(5,9): error TS2454: Variable 'a' is used before being assigned.
 
 
@@ -14,14 +12,11 @@
 !!! error TS2564: Property 'n' has no initializer and is not definitely assigned in the constructor.
     }
     
-==== f3.ts (1 errors) ====
+==== f3.ts (0 errors) ====
     import {A} from "./f1";
     import {B} from "./f2";
     
     A.prototype.foo = function () { return undefined; }
-    ~~~~~~~~~~~~~~~
-!!! error TS2322: Type '() => undefined' is not assignable to type '() => B'.
-!!! error TS2322:   Type 'undefined' is not assignable to type 'B'.
     declare module "./f1" {
         interface A {
             foo(): B;

</message>
<stacktrace>
  at org.junit.Assert.fail(Assert.java:89)
  at kotlin.test.junit.JUnitAsserter.fail(JUnitSupport.kt:56)
  at kotlin.test.AssertionsKt__AssertionsKt.fail(Assertions.kt:563)
  at kotlin.test.AssertionsKt.fail(Unknown Source)
  at com.xemantic.kotlin.test.SameAsKt.sameAs(SameAs.kt:52)
  at com.xemantic.typescript.compiler.TypeScriptTestSupportKt.errorsMatchBaseline(TypeScriptTestSupport.kt:135)
  at com.xemantic.typescript.compiler.TypeScriptCompilerTests_M.moduleAugmentationImportsAndExports1_ts has expected errors matching moduleAugmentationImportsAndExports1_errors_txt(TypeScriptCompilerTests_M.kt:2072)
  at java.base/jdk.internal.reflect.DirectMethodHandleAccessor.invoke(DirectMethodHandleAccessor.java:104)
  at java.base/java.lang.reflect.Method.invoke(Method.java:565)
  at org.junit.runners.model.FrameworkMethod$1.runReflectiveCall(FrameworkMethod.java:59)
  at org.junit.internal.runners.model.ReflectiveCallable.run(ReflectiveCallable.java:12)
  at org.junit.runners.model.FrameworkMethod.invokeExplosively(FrameworkMethod.java:56)
  at org.junit.internal.runners.statements.InvokeMethod.evaluate(InvokeMethod.java:17)
  at org.junit.runners.ParentRunner$3.evaluate(ParentRunner.java:306)
  at org.junit.runners.BlockJUnit4ClassRunner$1.evaluate(BlockJUnit4ClassRunner.java:100)
  at org.junit.runners.ParentRunner.runLeaf(ParentRunner.java:366)
  at org.junit.runners.BlockJUnit4ClassRunner.runChild(BlockJUnit4ClassRunner.java:103)
  at org.junit.runners.BlockJUnit4ClassRunner.runChild(BlockJUnit4ClassRunner.java:63)
  at org.junit.runners.ParentRunner$4.run(ParentRunner.java:331)
  at org.junit.runners.ParentRunner$1.schedule(ParentRunner.java:79)
  at org.junit.runners.ParentRunner.runChildren(ParentRunner.java:329)
  at org.junit.runners.ParentRunner.access$100(ParentRunner.java:66)
  at org.junit.runners.ParentRunner$2.evaluate(ParentRunner.java:293)
  at org.junit.runners.ParentRunner$3.evaluate(ParentRunner.java:306)
  at org.junit.runners.ParentRunner.run(ParentRunner.java:413)
  at org.junit.runner.JUnitCore.run(JUnitCore.java:137)
  at org.junit.runner.JUnitCore.run(JUnitCore.java:115)
  at org.gradle.api.internal.tasks.testing.junit.JUnitTestExecutor.runRequest(JUnitTestExecutor.java:175)
  at org.gradle.api.internal.tasks.testing.junit.JUnitTestExecutor.accept(JUnitTestExecutor.java:84)
  at org.gradle.api.internal.tasks.testing.junit.JUnitTestExecutor.accept(JUnitTestExecutor.java:47)
  at org.gradle.api.internal.tasks.testing.junit.AbstractJUnitTestDefinitionProcessor.processTestDefinition(AbstractJUnitTestDefinitionProcessor.java:65)
  at org.gradle.api.internal.tasks.testing.SuiteTestDefinitionProcessor.processTestDefinition(SuiteTestDefinitionProcessor.java:54)
  at java.base/jdk.internal.reflect.DirectMethodHandleAccessor.invoke(DirectMethodHandleAccessor.java:104)
  at java.base/java.lang.reflect.Method.invoke(Method.java:565)
  at org.gradle.internal.dispatch.MethodInvocation.invokeOn(MethodInvocation.java:77)
  at org.gradle.internal.dispatch.ReflectionDispatch.dispatch(ReflectionDispatch.java:28)
  at org.gradle.internal.dispatch.ReflectionDispatch.dispatch(ReflectionDispatch.java:19)
  at org.gradle.internal.dispatch.ContextClassLoaderDispatch.dispatch(ContextClassLoaderDispatch.java:33)
  at org.gradle.internal.dispatch.ProxyDispatchAdapter$DispatchingInvocationHandler.invoke(ProxyDispatchAdapter.java:88)
  at jdk.proxy1/jdk.proxy1.$Proxy4.processTestDefinition(Unknown Source)
  at org.gradle.api.internal.tasks.testing.worker.TestWorker$2.run(TestWorker.java:178)
  at org.gradle.api.internal.tasks.testing.worker.TestWorker.executeAndMaintainThreadName(TestWorker.java:126)
  at org.gradle.api.internal.tasks.testing.worker.TestWorker.execute(TestWorker.java:103)
  at org.gradle.api.internal.tasks.testing.worker.TestWorker.execute(TestWorker.java:63)
  at org.gradle.process.internal.worker.child.ActionExecutionWorker.execute(ActionExecutionWorker.java:56)
  at org.gradle.process.internal.worker.child.SystemApplicationClassLoaderWorker.call(SystemApplicationClassLoaderWorker.java:122)
  at org.gradle.process.internal.worker.child.SystemApplicationClassLoaderWorker.call(SystemApplicationClassLoaderWorker.java:72)
  at worker.org.gradle.process.internal.worker.GradleWorkerMain.run(GradleWorkerMain.java:69)
  at worker.org.gradle.process.internal.worker.GradleWorkerMain.main(GradleWorkerMain.java:74)
</stacktrace>
</test-failure>


TypeScriptCompilerTests_M[jvm] > moduleAugmentationImportsAndExports1_ts has expected errors matching moduleAugmentationImportsAndExports1_errors_txt[jvm] FAILED

<test-failure test="com.xemantic.typescript.compiler.TypeScriptCompilerTests_M.missingDomElements_ts has expected errors matching missingDomElements_errors_txt" platform="jvm">
<message>
Expected diagnostics from baseline typescript-repo/tests/baselines/reference/missingDomElements.errors.txt but none produced
</message>
<stacktrace>
  at com.xemantic.typescript.compiler.TypeScriptTestSupportKt.errorsMatchBaseline(TypeScriptTestSupport.kt:125)
  at com.xemantic.typescript.compiler.TypeScriptCompilerTests_M.missingDomElements_ts has expected errors matching missingDomElements_errors_txt(TypeScriptCompilerTests_M.kt:1162)
  at java.base/jdk.internal.reflect.DirectMethodHandleAccessor.invoke(DirectMethodHandleAccessor.java:104)
  at java.base/java.lang.reflect.Method.invoke(Method.java:565)
  at org.junit.runners.model.FrameworkMethod$1.runReflectiveCall(FrameworkMethod.java:59)
  at org.junit.internal.runners.model.ReflectiveCallable.run(ReflectiveCallable.java:12)
  at org.junit.runners.model.FrameworkMethod.invokeExplosively(FrameworkMethod.java:56)
  at org.junit.internal.runners.statements.InvokeMethod.evaluate(InvokeMethod.java:17)
  at org.junit.runners.ParentRunner$3.evaluate(ParentRunner.java:306)
  at org.junit.runners.BlockJUnit4ClassRunner$1.evaluate(BlockJUnit4ClassRunner.java:100)
  at org.junit.runners.ParentRunner.runLeaf(ParentRunner.java:366)
  at org.junit.runners.BlockJUnit4ClassRunner.runChild(BlockJUnit4ClassRunner.java:103)
  at org.junit.runners.BlockJUnit4ClassRunner.runChild(BlockJUnit4ClassRunner.java:63)
  at org.junit.runners.ParentRunner$4.run(ParentRunner.java:331)
  at org.junit.runners.ParentRunner$1.schedule(ParentRunner.java:79)
  at org.junit.runners.ParentRunner.runChildren(ParentRunner.java:329)
  at org.junit.runners.ParentRunner.access$100(ParentRunner.java:66)
  at org.junit.runners.ParentRunner$2.evaluate(ParentRunner.java:293)
  at org.junit.runners.ParentRunner$3.evaluate(ParentRunner.java:306)
  at org.junit.runners.ParentRunner.run(ParentRunner.java:413)
  at org.junit.runner.JUnitCore.run(JUnitCore.java:137)
  at org.junit.runner.JUnitCore.run(JUnitCore.java:115)
  at org.gradle.api.internal.tasks.testing.junit.JUnitTestExecutor.runRequest(JUnitTestExecutor.java:175)
  at org.gradle.api.internal.tasks.testing.junit.JUnitTestExecutor.accept(JUnitTestExecutor.java:84)
  at org.gradle.api.internal.tasks.testing.junit.JUnitTestExecutor.accept(JUnitTestExecutor.java:47)
  at org.gradle.api.internal.tasks.testing.junit.AbstractJUnitTestDefinitionProcessor.processTestDefinition(AbstractJUnitTestDefinitionProcessor.java:65)
  at org.gradle.api.internal.tasks.testing.SuiteTestDefinitionProcessor.processTestDefinition(SuiteTestDefinitionProcessor.java:54)
  at java.base/jdk.internal.reflect.DirectMethodHandleAccessor.invoke(DirectMethodHandleAccessor.java:104)
  at java.base/java.lang.reflect.Method.invoke(Method.java:565)
  at org.gradle.internal.dispatch.MethodInvocation.invokeOn(MethodInvocation.java:77)
  at org.gradle.internal.dispatch.ReflectionDispatch.dispatch(ReflectionDispatch.java:28)
  at org.gradle.internal.dispatch.ReflectionDispatch.dispatch(ReflectionDispatch.java:19)
  at org.gradle.internal.dispatch.ContextClassLoaderDispatch.dispatch(ContextClassLoaderDispatch.java:33)
  at org.gradle.internal.dispatch.ProxyDispatchAdapter$DispatchingInvocationHandler.invoke(ProxyDispatchAdapter.java:88)
  at jdk.proxy1/jdk.proxy1.$Proxy4.processTestDefinition(Unknown Source)
  at org.gradle.api.internal.tasks.testing.worker.TestWorker$2.run(TestWorker.java:178)
  at org.gradle.api.internal.tasks.testing.worker.TestWorker.executeAndMaintainThreadName(TestWorker.java:126)
  at org.gradle.api.internal.tasks.testing.worker.TestWorker.execute(TestWorker.java:103)
  at org.gradle.api.internal.tasks.testing.worker.TestWorker.execute(TestWorker.java:63)
  at org.gradle.process.internal.worker.child.ActionExecutionWorker.execute(ActionExecutionWorker.java:56)
  at org.gradle.process.internal.worker.child.SystemApplicationClassLoaderWorker.call(SystemApplicationClassLoaderWorker.java:122)
  at org.gradle.process.internal.worker.child.SystemApplicationClassLoaderWorker.call(SystemApplicationClassLoaderWorker.java:72)
  at worker.org.gradle.process.internal.worker.GradleWorkerMain.run(GradleWorkerMain.java:69)
  at worker.org.gradle.process.internal.worker.GradleWorkerMain.main(GradleWorkerMain.java:74)
</stacktrace>
</test-failure>


TypeScriptCompilerTests_M[jvm] > missingDomElements_ts has expected errors matching missingDomElements_errors_txt[jvm] FAILED

<test-failure test="com.xemantic.typescript.compiler.TypeScriptCompilerTests_M.moduleKeywordRepeatError_ts has expected errors matching moduleKeywordRepeatError_errors_txt" platform="jvm">
<message>
Expected diagnostics from baseline typescript-repo/tests/baselines/reference/moduleKeywordRepeatError.errors.txt but none produced
</message>
<stacktrace>
  at com.xemantic.typescript.compiler.TypeScriptTestSupportKt.errorsMatchBaseline(TypeScriptTestSupport.kt:125)
  at com.xemantic.typescript.compiler.TypeScriptCompilerTests_M.moduleKeywordRepeatError_ts has expected errors matching moduleKeywordRepeatError_errors_txt(TypeScriptCompilerTests_M.kt:2555)
  at java.base/jdk.internal.reflect.DirectMethodHandleAccessor.invoke(DirectMethodHandleAccessor.java:104)
  at java.base/java.lang.reflect.Method.invoke(Method.java:565)
  at org.junit.runners.model.FrameworkMethod$1.runReflectiveCall(FrameworkMethod.java:59)
  at org.junit.internal.runners.model.ReflectiveCallable.run(ReflectiveCallable.java:12)
  at org.junit.runners.model.FrameworkMethod.invokeExplosively(FrameworkMethod.java:56)
  at org.junit.internal.runners.statements.InvokeMethod.evaluate(InvokeMethod.java:17)
  at org.junit.runners.ParentRunner$3.evaluate(ParentRunner.java:306)
  at org.junit.runners.BlockJUnit4ClassRunner$1.evaluate(BlockJUnit4ClassRunner.java:100)
  at org.junit.runners.ParentRunner.runLeaf(ParentRunner.java:366)
  at org.junit.runners.BlockJUnit4ClassRunner.runChild(BlockJUnit4ClassRunner.java:103)
  at org.junit.runners.BlockJUnit4ClassRunner.runChild(BlockJUnit4ClassRunner.java:63)
  at org.junit.runners.ParentRunner$4.run(ParentRunner.java:331)
  at org.junit.runners.ParentRunner$1.schedule(ParentRunner.java:79)
  at org.junit.runners.ParentRunner.runChildren(ParentRunner.java:329)
  at org.junit.runners.ParentRunner.access$100(ParentRunner.java:66)
  at org.junit.runners.ParentRunner$2.evaluate(ParentRunner.java:293)
  at org.junit.runners.ParentRunner$3.evaluate(ParentRunner.java:306)
  at org.junit.runners.ParentRunner.run(ParentRunner.java:413)
  at org.junit.runner.JUnitCore.run(JUnitCore.java:137)
  at org.junit.runner.JUnitCore.run(JUnitCore.java:115)
  at org.gradle.api.internal.tasks.testing.junit.JUnitTestExecutor.runRequest(JUnitTestExecutor.java:175)
  at org.gradle.api.internal.tasks.testing.junit.JUnitTestExecutor.accept(JUnitTestExecutor.java:84)
  at org.gradle.api.internal.tasks.testing.junit.JUnitTestExecutor.accept(JUnitTestExecutor.java:47)
  at org.gradle.api.internal.tasks.testing.junit.AbstractJUnitTestDefinitionProcessor.processTestDefinition(AbstractJUnitTestDefinitionProcessor.java:65)
  at org.gradle.api.internal.tasks.testing.SuiteTestDefinitionProcessor.processTestDefinition(SuiteTestDefinitionProcessor.java:54)
  at java.base/jdk.internal.reflect.DirectMethodHandleAccessor.invoke(DirectMethodHandleAccessor.java:104)
  at java.base/java.lang.reflect.Method.invoke(Method.java:565)
  at org.gradle.internal.dispatch.MethodInvocation.invokeOn(MethodInvocation.java:77)
  at org.gradle.internal.dispatch.ReflectionDispatch.dispatch(ReflectionDispatch.java:28)
  at org.gradle.internal.dispatch.ReflectionDispatch.dispatch(ReflectionDispatch.java:19)
  at org.gradle.internal.dispatch.ContextClassLoaderDispatch.dispatch(ContextClassLoaderDispatch.java:33)
  at org.gradle.internal.dispatch.ProxyDispatchAdapter$DispatchingInvocationHandler.invoke(ProxyDispatchAdapter.java:88)
  at jdk.proxy1/jdk.proxy1.$Proxy4.processTestDefinition(Unknown Source)
  at org.gradle.api.internal.tasks.testing.worker.TestWorker$2.run(TestWorker.java:178)
  at org.gradle.api.internal.tasks.testing.worker.TestWorker.executeAndMaintainThreadName(TestWorker.java:126)
  at org.gradle.api.internal.tasks.testing.worker.TestWorker.execute(TestWorker.java:103)
  at org.gradle.api.internal.tasks.testing.worker.TestWorker.execute(TestWorker.java:63)
  at org.gradle.process.internal.worker.child.ActionExecutionWorker.execute(ActionExecutionWorker.java:56)
  at org.gradle.process.internal.worker.child.SystemApplicationClassLoaderWorker.call(SystemApplicationClassLoaderWorker.java:122)
  at org.gradle.process.internal.worker.child.SystemApplicationClassLoaderWorker.call(SystemApplicationClassLoaderWorker.java:72)
  at worker.org.gradle.process.internal.worker.GradleWorkerMain.run(GradleWorkerMain.java:69)
  at worker.org.gradle.process.internal.worker.GradleWorkerMain.main(GradleWorkerMain.java:74)
</stacktrace>
</test-failure>


TypeScriptCompilerTests_M[jvm] > moduleKeywordRepeatError_ts has expected errors matching moduleKeywordRepeatError_errors_txt[jvm] FAILED

<test-failure test="com.xemantic.typescript.compiler.TypeScriptCompilerTests_M.mismatchedGenericArguments1_ts has expected errors matching mismatchedGenericArguments1_errors_txt" platform="jvm">
<message>
--- expected
+++ actual
@@ -1,27 +1,13 @@
-mismatchedGenericArguments1.ts(5,4): error TS2416: Property 'foo' in type 'C<T>' is not assignable to the same property in base type 'IFoo<T>'.
-  Type '(x: string) => number' is not assignable to type '<T>(x: T) => T'.
-    Types of parameters 'x' and 'x' are incompatible.
-      Type 'T' is not assignable to type 'string'.
 mismatchedGenericArguments1.ts(6,6): error TS2322: Type 'null' is not assignable to type 'number'.
-mismatchedGenericArguments1.ts(11,4): error TS2416: Property 'foo' in type 'C2<T>' is not assignable to the same property in base type 'IFoo<T>'.
-  Type '<U>(x: string) => number' is not assignable to type '<T>(x: T) => T'.
-    Types of parameters 'x' and 'x' are incompatible.
-      Type 'T' is not assignable to type 'string'.
 mismatchedGenericArguments1.ts(12,6): error TS2322: Type 'null' is not assignable to type 'number'.
 
 
-==== mismatchedGenericArguments1.ts (4 errors) ====
+==== mismatchedGenericArguments1.ts (2 errors) ====
     interface IFoo<T> {
        foo<T>(x: T): T;
     }
     class C<T> implements IFoo<T> {
        foo(x: string): number {
-       ~~~
-!!! error TS2416: Property 'foo' in type 'C<T>' is not assignable to the same property in base type 'IFoo<T>'.
-!!! error TS2416:   Type '(x: string) => number' is not assignable to type '<T>(x: T) => T'.
-!!! error TS2416:     Types of parameters 'x' and 'x' are incompatible.
-!!! error TS2416:       Type 'T' is not assignable to type 'string'.
-!!! related TS2208 mismatchedGenericArguments1.ts:2:8: This type parameter might need an `extends string` constraint.
          return null;
          ~~~~~~
 !!! error TS2322: Type 'null' is not assignable to type 'number'.
@@ -30,12 +16,6 @@
     
     class C2<T> implements IFoo<T> {
        foo<U>(x: string): number {
-       ~~~
-!!! error TS2416: Property 'foo' in type 'C2<T>' is not assignable to the same property in base type 'IFoo<T>'.
-!!! error TS2416:   Type '<U>(x: string) => number' is not assignable to type '<T>(x: T) => T'.
-!!! error TS2416:     Types of parameters 'x' and 'x' are incompatible.
-!!! error TS2416:       Type 'T' is not assignable to type 'string'.
-!!! related TS2208 mismatchedGenericArguments1.ts:2:8: This type parameter might need an `extends string` constraint.
          return null;
          ~~~~~~
 !!! error TS2322: Type 'null' is not assignable to type 'number'.

</message>
<stacktrace>
  at org.junit.Assert.fail(Assert.java:89)
  at kotlin.test.junit.JUnitAsserter.fail(JUnitSupport.kt:56)
  at kotlin.test.AssertionsKt__AssertionsKt.fail(Assertions.kt:563)
  at kotlin.test.AssertionsKt.fail(Unknown Source)
  at com.xemantic.kotlin.test.SameAsKt.sameAs(SameAs.kt:52)
  at com.xemantic.typescript.compiler.TypeScriptTestSupportKt.errorsMatchBaseline(TypeScriptTestSupport.kt:135)
  at com.xemantic.typescript.compiler.TypeScriptCompilerTests_M.mismatchedGenericArguments1_ts has expected errors matching mismatchedGenericArguments1_errors_txt(TypeScriptCompilerTests_M.kt:1022)
  at java.base/jdk.internal.reflect.DirectMethodHandleAccessor.invoke(DirectMethodHandleAccessor.java:104)
  at java.base/java.lang.reflect.Method.invoke(Method.java:565)
  at org.junit.runners.model.FrameworkMethod$1.runReflectiveCall(FrameworkMethod.java:59)
  at org.junit.internal.runners.model.ReflectiveCallable.run(ReflectiveCallable.java:12)
  at org.junit.runners.model.FrameworkMethod.invokeExplosively(FrameworkMethod.java:56)
  at org.junit.internal.runners.statements.InvokeMethod.evaluate(InvokeMethod.java:17)
  at org.junit.runners.ParentRunner$3.evaluate(ParentRunner.java:306)
  at org.junit.runners.BlockJUnit4ClassRunner$1.evaluate(BlockJUnit4ClassRunner.java:100)
  at org.junit.runners.ParentRunner.runLeaf(ParentRunner.java:366)
  at org.junit.runners.BlockJUnit4ClassRunner.runChild(BlockJUnit4ClassRunner.java:103)
  at org.junit.runners.BlockJUnit4ClassRunner.runChild(BlockJUnit4ClassRunner.java:63)
  at org.junit.runners.ParentRunner$4.run(ParentRunner.java:331)
  at org.junit.runners.ParentRunner$1.schedule(ParentRunner.java:79)
  at org.junit.runners.ParentRunner.runChildren(ParentRunner.java:329)
  at org.junit.runners.ParentRunner.access$100(ParentRunner.java:66)
  at org.junit.runners.ParentRunner$2.evaluate(ParentRunner.java:293)
  at org.junit.runners.ParentRunner$3.evaluate(ParentRunner.java:306)
  at org.junit.runners.ParentRunner.run(ParentRunner.java:413)
  at org.junit.runner.JUnitCore.run(JUnitCore.java:137)
  at org.junit.runner.JUnitCore.run(JUnitCore.java:115)
  at org.gradle.api.internal.tasks.testing.junit.JUnitTestExecutor.runRequest(JUnitTestExecutor.java:175)
  at org.gradle.api.internal.tasks.testing.junit.JUnitTestExecutor.accept(JUnitTestExecutor.java:84)
  at org.gradle.api.internal.tasks.testing.junit.JUnitTestExecutor.accept(JUnitTestExecutor.java:47)
  at org.gradle.api.internal.tasks.testing.junit.AbstractJUnitTestDefinitionProcessor.processTestDefinition(AbstractJUnitTestDefinitionProcessor.java:65)
  at org.gradle.api.internal.tasks.testing.SuiteTestDefinitionProcessor.processTestDefinition(SuiteTestDefinitionProcessor.java:54)
  at java.base/jdk.internal.reflect.DirectMethodHandleAccessor.invoke(DirectMethodHandleAccessor.java:104)
  at java.base/java.lang.reflect.Method.invoke(Method.java:565)
  at org.gradle.internal.dispatch.MethodInvocation.invokeOn(MethodInvocation.java:77)
  at org.gradle.internal.dispatch.ReflectionDispatch.dispatch(ReflectionDispatch.java:28)
  at org.gradle.internal.dispatch.ReflectionDispatch.dispatch(ReflectionDispatch.java:19)
  at org.gradle.internal.dispatch.ContextClassLoaderDispatch.dispatch(ContextClassLoaderDispatch.java:33)
  at org.gradle.internal.dispatch.ProxyDispatchAdapter$DispatchingInvocationHandler.invoke(ProxyDispatchAdapter.java:88)
  at jdk.proxy1/jdk.proxy1.$Proxy4.processTestDefinition(Unknown Source)
  at org.gradle.api.internal.tasks.testing.worker.TestWorker$2.run(TestWorker.java:178)
  at org.gradle.api.internal.tasks.testing.worker.TestWorker.executeAndMaintainThreadName(TestWorker.java:126)
  at org.gradle.api.internal.tasks.testing.worker.TestWorker.execute(TestWorker.java:103)
  at org.gradle.api.internal.tasks.testing.worker.TestWorker.execute(TestWorker.java:63)
  at org.gradle.process.internal.worker.child.ActionExecutionWorker.execute(ActionExecutionWorker.java:56)
  at org.gradle.process.internal.worker.child.SystemApplicationClassLoaderWorker.call(SystemApplicationClassLoaderWorker.java:122)
  at org.gradle.process.internal.worker.child.SystemApplicationClassLoaderWorker.call(SystemApplicationClassLoaderWorker.java:72)
  at worker.org.gradle.process.internal.worker.GradleWorkerMain.run(GradleWorkerMain.java:69)
  at worker.org.gradle.process.internal.worker.GradleWorkerMain.main(GradleWorkerMain.java:74)
</stacktrace>
</test-failure>


TypeScriptCompilerTests_M[jvm] > mismatchedGenericArguments1_ts has expected errors matching mismatchedGenericArguments1_errors_txt[jvm] FAILED

<test-failure test="com.xemantic.typescript.compiler.TypeScriptCompilerTests_M.missingDomElement_UsingDomLib_ts has expected errors matching missingDomElement_UsingDomLib_errors_txt" platform="jvm">
<message>
Expected diagnostics from baseline typescript-repo/tests/baselines/reference/missingDomElement_UsingDomLib.errors.txt but none produced
</message>
<stacktrace>
  at com.xemantic.typescript.compiler.TypeScriptTestSupportKt.errorsMatchBaseline(TypeScriptTestSupport.kt:125)
  at com.xemantic.typescript.compiler.TypeScriptCompilerTests_M.missingDomElement_UsingDomLib_ts has expected errors matching missingDomElement_UsingDomLib_errors_txt(TypeScriptCompilerTests_M.kt:1148)
  at java.base/jdk.internal.reflect.DirectMethodHandleAccessor.invoke(DirectMethodHandleAccessor.java:104)
  at java.base/java.lang.reflect.Method.invoke(Method.java:565)
  at org.junit.runners.model.FrameworkMethod$1.runReflectiveCall(FrameworkMethod.java:59)
  at org.junit.internal.runners.model.ReflectiveCallable.run(ReflectiveCallable.java:12)
  at org.junit.runners.model.FrameworkMethod.invokeExplosively(FrameworkMethod.java:56)
  at org.junit.internal.runners.statements.InvokeMethod.evaluate(InvokeMethod.java:17)
  at org.junit.runners.ParentRunner$3.evaluate(ParentRunner.java:306)
  at org.junit.runners.BlockJUnit4ClassRunner$1.evaluate(BlockJUnit4ClassRunner.java:100)
  at org.junit.runners.ParentRunner.runLeaf(ParentRunner.java:366)
  at org.junit.runners.BlockJUnit4ClassRunner.runChild(BlockJUnit4ClassRunner.java:103)
  at org.junit.runners.BlockJUnit4ClassRunner.runChild(BlockJUnit4ClassRunner.java:63)
  at org.junit.runners.ParentRunner$4.run(ParentRunner.java:331)
  at org.junit.runners.ParentRunner$1.schedule(ParentRunner.java:79)
  at org.junit.runners.ParentRunner.runChildren(ParentRunner.java:329)
  at org.junit.runners.ParentRunner.access$100(ParentRunner.java:66)
  at org.junit.runners.ParentRunner$2.evaluate(ParentRunner.java:293)
  at org.junit.runners.ParentRunner$3.evaluate(ParentRunner.java:306)
  at org.junit.runners.ParentRunner.run(ParentRunner.java:413)
  at org.junit.runner.JUnitCore.run(JUnitCore.java:137)
  at org.junit.runner.JUnitCore.run(JUnitCore.java:115)
  at org.gradle.api.internal.tasks.testing.junit.JUnitTestExecutor.runRequest(JUnitTestExecutor.java:175)
  at org.gradle.api.internal.tasks.testing.junit.JUnitTestExecutor.accept(JUnitTestExecutor.java:84)
  at org.gradle.api.internal.tasks.testing.junit.JUnitTestExecutor.accept(JUnitTestExecutor.java:47)
  at org.gradle.api.internal.tasks.testing.junit.AbstractJUnitTestDefinitionProcessor.processTestDefinition(AbstractJUnitTestDefinitionProcessor.java:65)
  at org.gradle.api.internal.tasks.testing.SuiteTestDefinitionProcessor.processTestDefinition(SuiteTestDefinitionProcessor.java:54)
  at java.base/jdk.internal.reflect.DirectMethodHandleAccessor.invoke(DirectMethodHandleAccessor.java:104)
  at java.base/java.lang.reflect.Method.invoke(Method.java:565)
  at org.gradle.internal.dispatch.MethodInvocation.invokeOn(MethodInvocation.java:77)
  at org.gradle.internal.dispatch.ReflectionDispatch.dispatch(ReflectionDispatch.java:28)
  at org.gradle.internal.dispatch.ReflectionDispatch.dispatch(ReflectionDispatch.java:19)
  at org.gradle.internal.dispatch.ContextClassLoaderDispatch.dispatch(ContextClassLoaderDispatch.java:33)
  at org.gradle.internal.dispatch.ProxyDispatchAdapter$DispatchingInvocationHandler.invoke(ProxyDispatchAdapter.java:88)
  at jdk.proxy1/jdk.proxy1.$Proxy4.processTestDefinition(Unknown Source)
  at org.gradle.api.internal.tasks.testing.worker.TestWorker$2.run(TestWorker.java:178)
  at org.gradle.api.internal.tasks.testing.worker.TestWorker.executeAndMaintainThreadName(TestWorker.java:126)
  at org.gradle.api.internal.tasks.testing.worker.TestWorker.execute(TestWorker.java:103)
  at org.gradle.api.internal.tasks.testing.worker.TestWorker.execute(TestWorker.java:63)
  at org.gradle.process.internal.worker.child.ActionExecutionWorker.execute(ActionExecutionWorker.java:56)
  at org.gradle.process.internal.worker.child.SystemApplicationClassLoaderWorker.call(SystemApplicationClassLoaderWorker.java:122)
  at org.gradle.process.internal.worker.child.SystemApplicationClassLoaderWorker.call(SystemApplicationClassLoaderWorker.java:72)
  at worker.org.gradle.process.internal.worker.GradleWorkerMain.run(GradleWorkerMain.java:69)
  at worker.org.gradle.process.internal.worker.GradleWorkerMain.main(GradleWorkerMain.java:74)
</stacktrace>
</test-failure>


TypeScriptCompilerTests_M[jvm] > missingDomElement_UsingDomLib_ts has expected errors matching missingDomElement_UsingDomLib_errors_txt[jvm] FAILED

<test-failure test="com.xemantic.typescript.compiler.TypeScriptCompilerTests_M.moduleResolutionWithSuffixes_one_externalModule_ts has expected errors matching moduleResolutionWithSuffixes_one_externalModule_errors_txt" platform="jvm">
<message>
--- expected
+++ actual
@@ -17,9 +17,6 @@
     	}
     }
     
-==== /index.ts (0 errors) ====
-    import { ios } from "some-library";
-    
 ==== /node_modules/some-library/index.ios.js (0 errors) ====
     "use strict";
     exports.__esModule = true;
@@ -34,3 +31,6 @@
     exports.base = base;
 ==== /node_modules/some-library/index.d.ts (0 errors) ====
     export declare function base(): void;
+    
+==== /index.ts (0 errors) ====
+    import { ios } from "some-library";

</message>
<stacktrace>
  at org.junit.Assert.fail(Assert.java:89)
  at kotlin.test.junit.JUnitAsserter.fail(JUnitSupport.kt:56)
  at kotlin.test.AssertionsKt__AssertionsKt.fail(Assertions.kt:563)
  at kotlin.test.AssertionsKt.fail(Unknown Source)
  at com.xemantic.kotlin.test.SameAsKt.sameAs(SameAs.kt:52)
  at com.xemantic.typescript.compiler.TypeScriptTestSupportKt.errorsMatchBaseline(TypeScriptTestSupport.kt:135)
  at com.xemantic.typescript.compiler.TypeScriptCompilerTests_M.moduleResolutionWithSuffixes_one_externalModule_ts has expected errors matching moduleResolutionWithSuffixes_one_externalModule_errors_txt(TypeScriptCompilerTests_M.kt:3290)
  at java.base/jdk.internal.reflect.DirectMethodHandleAccessor.invoke(DirectMethodHandleAccessor.java:104)
  at java.base/java.lang.reflect.Method.invoke(Method.java:565)
  at org.junit.runners.model.FrameworkMethod$1.runReflectiveCall(FrameworkMethod.java:59)
  at org.junit.internal.runners.model.ReflectiveCallable.run(ReflectiveCallable.java:12)
  at org.junit.runners.model.FrameworkMethod.invokeExplosively(FrameworkMethod.java:56)
  at org.junit.internal.runners.statements.InvokeMethod.evaluate(InvokeMethod.java:17)
  at org.junit.runners.ParentRunner$3.evaluate(ParentRunner.java:306)
  at org.junit.runners.BlockJUnit4ClassRunner$1.evaluate(BlockJUnit4ClassRunner.java:100)
  at org.junit.runners.ParentRunner.runLeaf(ParentRunner.java:366)
  at org.junit.runners.BlockJUnit4ClassRunner.runChild(BlockJUnit4ClassRunner.java:103)
  at org.junit.runners.BlockJUnit4ClassRunner.runChild(BlockJUnit4ClassRunner.java:63)
  at org.junit.runners.ParentRunner$4.run(ParentRunner.java:331)
  at org.junit.runners.ParentRunner$1.schedule(ParentRunner.java:79)
  at org.junit.runners.ParentRunner.runChildren(ParentRunner.java:329)
  at org.junit.runners.ParentRunner.access$100(ParentRunner.java:66)
  at org.junit.runners.ParentRunner$2.evaluate(ParentRunner.java:293)
  at org.junit.runners.ParentRunner$3.evaluate(ParentRunner.java:306)
  at org.junit.runners.ParentRunner.run(ParentRunner.java:413)
  at org.junit.runner.JUnitCore.run(JUnitCore.java:137)
  at org.junit.runner.JUnitCore.run(JUnitCore.java:115)
  at org.gradle.api.internal.tasks.testing.junit.JUnitTestExecutor.runRequest(JUnitTestExecutor.java:175)
  at org.gradle.api.internal.tasks.testing.junit.JUnitTestExecutor.accept(JUnitTestExecutor.java:84)
  at org.gradle.api.internal.tasks.testing.junit.JUnitTestExecutor.accept(JUnitTestExecutor.java:47)
  at org.gradle.api.internal.tasks.testing.junit.AbstractJUnitTestDefinitionProcessor.processTestDefinition(AbstractJUnitTestDefinitionProcessor.java:65)
  at org.gradle.api.internal.tasks.testing.SuiteTestDefinitionProcessor.processTestDefinition(SuiteTestDefinitionProcessor.java:54)
  at java.base/jdk.internal.reflect.DirectMethodHandleAccessor.invoke(DirectMethodHandleAccessor.java:104)
  at java.base/java.lang.reflect.Method.invoke(Method.java:565)
  at org.gradle.internal.dispatch.MethodInvocation.invokeOn(MethodInvocation.java:77)
  at org.gradle.internal.dispatch.ReflectionDispatch.dispatch(ReflectionDispatch.java:28)
  at org.gradle.internal.dispatch.ReflectionDispatch.dispatch(ReflectionDispatch.java:19)
  at org.gradle.internal.dispatch.ContextClassLoaderDispatch.dispatch(ContextClassLoaderDispatch.java:33)
  at org.gradle.internal.dispatch.ProxyDispatchAdapter$DispatchingInvocationHandler.invoke(ProxyDispatchAdapter.java:88)
  at jdk.proxy1/jdk.proxy1.$Proxy4.processTestDefinition(Unknown Source)
  at org.gradle.api.internal.tasks.testing.worker.TestWorker$2.run(TestWorker.java:178)
  at org.gradle.api.internal.tasks.testing.worker.TestWorker.executeAndMaintainThreadName(TestWorker.java:126)
  at org.gradle.api.internal.tasks.testing.worker.TestWorker.execute(TestWorker.java:103)
  at org.gradle.api.internal.tasks.testing.worker.TestWorker.execute(TestWorker.java:63)
  at org.gradle.process.internal.worker.child.ActionExecutionWorker.execute(ActionExecutionWorker.java:56)
  at org.gradle.process.internal.worker.child.SystemApplicationClassLoaderWorker.call(SystemApplicationClassLoaderWorker.java:122)
  at org.gradle.process.internal.worker.child.SystemApplicationClassLoaderWorker.call(SystemApplicationClassLoaderWorker.java:72)
  at worker.org.gradle.process.internal.worker.GradleWorkerMain.run(GradleWorkerMain.java:69)
  at worker.org.gradle.process.internal.worker.GradleWorkerMain.main(GradleWorkerMain.java:74)
</stacktrace>
</test-failure>


TypeScriptCompilerTests_M[jvm] > moduleResolutionWithSuffixes_one_externalModule_ts has expected errors matching moduleResolutionWithSuffixes_one_externalModule_errors_txt[jvm] FAILED

<test-failure test="com.xemantic.typescript.compiler.TypeScriptCompilerTests_M.moduleResolutionWithSuffixes_one_dirModuleWithIndex_ts compiles to JavaScript matching moduleResolutionWithSuffixes_one_dirModuleWithIndex_js" platform="jvm">
<message>
--- expected
+++ actual
@@ -7,6 +7,9 @@
 //// [index.ts]
 export function base() {}
 
+//// [index.js]
+"use strict";
+Object.defineProperty(exports, "__esModule", { value: true });
 //// [index.ios.js]
 "use strict";
 Object.defineProperty(exports, "__esModule", { value: true });
@@ -15,8 +18,5 @@
 //// [index.js]
 "use strict";
 Object.defineProperty(exports, "__esModule", { value: true });
-//// [index.js]
-"use strict";
-Object.defineProperty(exports, "__esModule", { value: true });
 exports.base = base;
 function base() { }

</message>
<stacktrace>
  at org.junit.Assert.fail(Assert.java:89)
  at kotlin.test.junit.JUnitAsserter.fail(JUnitSupport.kt:56)
  at kotlin.test.AssertionsKt__AssertionsKt.fail(Assertions.kt:563)
  at kotlin.test.AssertionsKt.fail(Unknown Source)
  at com.xemantic.kotlin.test.SameAsKt.sameAs(SameAs.kt:52)
  at com.xemantic.typescript.compiler.TypeScriptTestSupportKt.sameAs(TypeScriptTestSupport.kt:99)
  at com.xemantic.typescript.compiler.TypeScriptCompilerTests_M.moduleResolutionWithSuffixes_one_dirModuleWithIndex_ts compiles to JavaScript matching moduleResolutionWithSuffixes_one_dirModuleWithIndex_js(TypeScriptCompilerTests_M.kt:3269)
  at java.base/jdk.internal.reflect.DirectMethodHandleAccessor.invoke(DirectMethodHandleAccessor.java:104)
  at java.base/java.lang.reflect.Method.invoke(Method.java:565)
  at org.junit.runners.model.FrameworkMethod$1.runReflectiveCall(FrameworkMethod.java:59)
  at org.junit.internal.runners.model.ReflectiveCallable.run(ReflectiveCallable.java:12)
  at org.junit.runners.model.FrameworkMethod.invokeExplosively(FrameworkMethod.java:56)
  at org.junit.internal.runners.statements.InvokeMethod.evaluate(InvokeMethod.java:17)
  at org.junit.runners.ParentRunner$3.evaluate(ParentRunner.java:306)
  at org.junit.runners.BlockJUnit4ClassRunner$1.evaluate(BlockJUnit4ClassRunner.java:100)
  at org.junit.runners.ParentRunner.runLeaf(ParentRunner.java:366)
  at org.junit.runners.BlockJUnit4ClassRunner.runChild(BlockJUnit4ClassRunner.java:103)
  at org.junit.runners.BlockJUnit4ClassRunner.runChild(BlockJUnit4ClassRunner.java:63)
  at org.junit.runners.ParentRunner$4.run(ParentRunner.java:331)
  at org.junit.runners.ParentRunner$1.schedule(ParentRunner.java:79)
  at org.junit.runners.ParentRunner.runChildren(ParentRunner.java:329)
  at org.junit.runners.ParentRunner.access$100(ParentRunner.java:66)
  at org.junit.runners.ParentRunner$2.evaluate(ParentRunner.java:293)
  at org.junit.runners.ParentRunner$3.evaluate(ParentRunner.java:306)
  at org.junit.runners.ParentRunner.run(ParentRunner.java:413)
  at org.junit.runner.JUnitCore.run(JUnitCore.java:137)
  at org.junit.runner.JUnitCore.run(JUnitCore.java:115)
  at org.gradle.api.internal.tasks.testing.junit.JUnitTestExecutor.runRequest(JUnitTestExecutor.java:175)
  at org.gradle.api.internal.tasks.testing.junit.JUnitTestExecutor.accept(JUnitTestExecutor.java:84)
  at org.gradle.api.internal.tasks.testing.junit.JUnitTestExecutor.accept(JUnitTestExecutor.java:47)
  at org.gradle.api.internal.tasks.testing.junit.AbstractJUnitTestDefinitionProcessor.processTestDefinition(AbstractJUnitTestDefinitionProcessor.java:65)
  at org.gradle.api.internal.tasks.testing.SuiteTestDefinitionProcessor.processTestDefinition(SuiteTestDefinitionProcessor.java:54)
  at java.base/jdk.internal.reflect.DirectMethodHandleAccessor.invoke(DirectMethodHandleAccessor.java:104)
  at java.base/java.lang.reflect.Method.invoke(Method.java:565)
  at org.gradle.internal.dispatch.MethodInvocation.invokeOn(MethodInvocation.java:77)
  at org.gradle.internal.dispatch.ReflectionDispatch.dispatch(ReflectionDispatch.java:28)
  at org.gradle.internal.dispatch.ReflectionDispatch.dispatch(ReflectionDispatch.java:19)
  at org.gradle.internal.dispatch.ContextClassLoaderDispatch.dispatch(ContextClassLoaderDispatch.java:33)
  at org.gradle.internal.dispatch.ProxyDispatchAdapter$DispatchingInvocationHandler.invoke(ProxyDispatchAdapter.java:88)
  at jdk.proxy1/jdk.proxy1.$Proxy4.processTestDefinition(Unknown Source)
  at org.gradle.api.internal.tasks.testing.worker.TestWorker$2.run(TestWorker.java:178)
  at org.gradle.api.internal.tasks.testing.worker.TestWorker.executeAndMaintainThreadName(TestWorker.java:126)
  at org.gradle.api.internal.tasks.testing.worker.TestWorker.execute(TestWorker.java:103)
  at org.gradle.api.internal.tasks.testing.worker.TestWorker.execute(TestWorker.java:63)
  at org.gradle.process.internal.worker.child.ActionExecutionWorker.execute(ActionExecutionWorker.java:56)
  at org.gradle.process.internal.worker.child.SystemApplicationClassLoaderWorker.call(SystemApplicationClassLoaderWorker.java:122)
  at org.gradle.process.internal.worker.child.SystemApplicationClassLoaderWorker.call(SystemApplicationClassLoaderWorker.java:72)
  at worker.org.gradle.process.internal.worker.GradleWorkerMain.run(GradleWorkerMain.java:69)
  at worker.org.gradle.process.internal.worker.GradleWorkerMain.main(GradleWorkerMain.java:74)
</stacktrace>
</test-failure>


TypeScriptCompilerTests_M[jvm] > moduleResolutionWithSuffixes_one_dirModuleWithIndex_ts compiles to JavaScript matching moduleResolutionWithSuffixes_one_dirModuleWithIndex_js[jvm] FAILED

<test-failure test="com.xemantic.typescript.compiler.TypeScriptCompilerTests_M.moduleVisibilityTest2_ts has expected errors matching moduleVisibilityTest2_errors_txt" platform="jvm">
<message>
--- expected
+++ actual
@@ -1,12 +1,8 @@
-moduleVisibilityTest2.ts(55,17): error TS2304: Cannot find name 'x'.
-moduleVisibilityTest2.ts(56,21): error TS2339: Property 'E' does not exist on type 'typeof M'.
 moduleVisibilityTest2.ts(59,16): error TS2694: Namespace 'M' has no exported member 'I'.
 moduleVisibilityTest2.ts(59,23): error TS2694: Namespace 'M' has no exported member 'I'.
-moduleVisibilityTest2.ts(62,11): error TS2339: Property 'x' does not exist on type 'typeof M'.
-moduleVisibilityTest2.ts(63,15): error TS2339: Property 'E' does not exist on type 'typeof M'.
 
 
-==== moduleVisibilityTest2.ts (6 errors) ====
+==== moduleVisibilityTest2.ts (2 errors) ====
     namespace OuterMod {
     	export function someExportedOuterFunc() { return -1; }
     
@@ -62,11 +58,7 @@
     
     namespace M {
     	export var c = x;
-    	               ~
-!!! error TS2304: Cannot find name 'x'.
     	export var meb = M.E.B;
-    	                   ~
-!!! error TS2339: Property 'E' does not exist on type 'typeof M'.
     }
     
     var cprime : M.I = <M.I>null;
@@ -77,10 +69,6 @@
     
     var c = new M.C();
     var z = M.x;
-              ~
-!!! error TS2339: Property 'x' does not exist on type 'typeof M'.
     var alpha = M.E.A;
-                  ~
-!!! error TS2339: Property 'E' does not exist on type 'typeof M'.
     var omega = M.exported_var;
     c.someMethodThatCallsAnOuterMethod();

</message>
<stacktrace>
  at org.junit.Assert.fail(Assert.java:89)
  at kotlin.test.junit.JUnitAsserter.fail(JUnitSupport.kt:56)
  at kotlin.test.AssertionsKt__AssertionsKt.fail(Assertions.kt:563)
  at kotlin.test.AssertionsKt.fail(Unknown Source)
  at com.xemantic.kotlin.test.SameAsKt.sameAs(SameAs.kt:52)
  at com.xemantic.typescript.compiler.TypeScriptTestSupportKt.errorsMatchBaseline(TypeScriptTestSupport.kt:135)
  at com.xemantic.typescript.compiler.TypeScriptCompilerTests_M.moduleVisibilityTest2_ts has expected errors matching moduleVisibilityTest2_errors_txt(TypeScriptCompilerTests_M.kt:3710)
  at java.base/jdk.internal.reflect.DirectMethodHandleAccessor.invoke(DirectMethodHandleAccessor.java:104)
  at java.base/java.lang.reflect.Method.invoke(Method.java:565)
  at org.junit.runners.model.FrameworkMethod$1.runReflectiveCall(FrameworkMethod.java:59)
  at org.junit.internal.runners.model.ReflectiveCallable.run(ReflectiveCallable.java:12)
  at org.junit.runners.model.FrameworkMethod.invokeExplosively(FrameworkMethod.java:56)
  at org.junit.internal.runners.statements.InvokeMethod.evaluate(InvokeMethod.java:17)
  at org.junit.runners.ParentRunner$3.evaluate(ParentRunner.java:306)
  at org.junit.runners.BlockJUnit4ClassRunner$1.evaluate(BlockJUnit4ClassRunner.java:100)
  at org.junit.runners.ParentRunner.runLeaf(ParentRunner.java:366)
  at org.junit.runners.BlockJUnit4ClassRunner.runChild(BlockJUnit4ClassRunner.java:103)
  at org.junit.runners.BlockJUnit4ClassRunner.runChild(BlockJUnit4ClassRunner.java:63)
  at org.junit.runners.ParentRunner$4.run(ParentRunner.java:331)
  at org.junit.runners.ParentRunner$1.schedule(ParentRunner.java:79)
  at org.junit.runners.ParentRunner.runChildren(ParentRunner.java:329)
  at org.junit.runners.ParentRunner.access$100(ParentRunner.java:66)
  at org.junit.runners.ParentRunner$2.evaluate(ParentRunner.java:293)
  at org.junit.runners.ParentRunner$3.evaluate(ParentRunner.java:306)
  at org.junit.runners.ParentRunner.run(ParentRunner.java:413)
  at org.junit.runner.JUnitCore.run(JUnitCore.java:137)
  at org.junit.runner.JUnitCore.run(JUnitCore.java:115)
  at org.gradle.api.internal.tasks.testing.junit.JUnitTestExecutor.runRequest(JUnitTestExecutor.java:175)
  at org.gradle.api.internal.tasks.testing.junit.JUnitTestExecutor.accept(JUnitTestExecutor.java:84)
  at org.gradle.api.internal.tasks.testing.junit.JUnitTestExecutor.accept(JUnitTestExecutor.java:47)
  at org.gradle.api.internal.tasks.testing.junit.AbstractJUnitTestDefinitionProcessor.processTestDefinition(AbstractJUnitTestDefinitionProcessor.java:65)
  at org.gradle.api.internal.tasks.testing.SuiteTestDefinitionProcessor.processTestDefinition(SuiteTestDefinitionProcessor.java:54)
  at java.base/jdk.internal.reflect.DirectMethodHandleAccessor.invoke(DirectMethodHandleAccessor.java:104)
  at java.base/java.lang.reflect.Method.invoke(Method.java:565)
  at org.gradle.internal.dispatch.MethodInvocation.invokeOn(MethodInvocation.java:77)
  at org.gradle.internal.dispatch.ReflectionDispatch.dispatch(ReflectionDispatch.java:28)
  at org.gradle.internal.dispatch.ReflectionDispatch.dispatch(ReflectionDispatch.java:19)
  at org.gradle.internal.dispatch.ContextClassLoaderDispatch.dispatch(ContextClassLoaderDispatch.java:33)
  at org.gradle.internal.dispatch.ProxyDispatchAdapter$DispatchingInvocationHandler.invoke(ProxyDispatchAdapter.java:88)
  at jdk.proxy1/jdk.proxy1.$Proxy4.processTestDefinition(Unknown Source)
  at org.gradle.api.internal.tasks.testing.worker.TestWorker$2.run(TestWorker.java:178)
  at org.gradle.api.internal.tasks.testing.worker.TestWorker.executeAndMaintainThreadName(TestWorker.java:126)
  at org.gradle.api.internal.tasks.testing.worker.TestWorker.execute(TestWorker.java:103)
  at org.gradle.api.internal.tasks.testing.worker.TestWorker.execute(TestWorker.java:63)
  at org.gradle.process.internal.worker.child.ActionExecutionWorker.execute(ActionExecutionWorker.java:56)
  at org.gradle.process.internal.worker.child.SystemApplicationClassLoaderWorker.call(SystemApplicationClassLoaderWorker.java:122)
  at org.gradle.process.internal.worker.child.SystemApplicationClassLoaderWorker.call(SystemApplicationClassLoaderWorker.java:72)
  at worker.org.gradle.process.internal.worker.GradleWorkerMain.run(GradleWorkerMain.java:69)
  at worker.org.gradle.process.internal.worker.GradleWorkerMain.main(GradleWorkerMain.java:74)
</stacktrace>
</test-failure>


TypeScriptCompilerTests_M[jvm] > moduleVisibilityTest2_ts has expected errors matching moduleVisibilityTest2_errors_txt[jvm] FAILED

<test-failure test="com.xemantic.typescript.compiler.TypeScriptCompilerTests_M.mergeWithImportedNamespace_ts has expected errors matching mergeWithImportedNamespace_errors_txt" platform="jvm">
<message>
Expected diagnostics from baseline typescript-repo/tests/baselines/reference/mergeWithImportedNamespace.errors.txt but none produced
</message>
<stacktrace>
  at com.xemantic.typescript.compiler.TypeScriptTestSupportKt.errorsMatchBaseline(TypeScriptTestSupport.kt:125)
  at com.xemantic.typescript.compiler.TypeScriptCompilerTests_M.mergeWithImportedNamespace_ts has expected errors matching mergeWithImportedNamespace_errors_txt(TypeScriptCompilerTests_M.kt:539)
  at java.base/jdk.internal.reflect.DirectMethodHandleAccessor.invoke(DirectMethodHandleAccessor.java:104)
  at java.base/java.lang.reflect.Method.invoke(Method.java:565)
  at org.junit.runners.model.FrameworkMethod$1.runReflectiveCall(FrameworkMethod.java:59)
  at org.junit.internal.runners.model.ReflectiveCallable.run(ReflectiveCallable.java:12)
  at org.junit.runners.model.FrameworkMethod.invokeExplosively(FrameworkMethod.java:56)
  at org.junit.internal.runners.statements.InvokeMethod.evaluate(InvokeMethod.java:17)
  at org.junit.runners.ParentRunner$3.evaluate(ParentRunner.java:306)
  at org.junit.runners.BlockJUnit4ClassRunner$1.evaluate(BlockJUnit4ClassRunner.java:100)
  at org.junit.runners.ParentRunner.runLeaf(ParentRunner.java:366)
  at org.junit.runners.BlockJUnit4ClassRunner.runChild(BlockJUnit4ClassRunner.java:103)
  at org.junit.runners.BlockJUnit4ClassRunner.runChild(BlockJUnit4ClassRunner.java:63)
  at org.junit.runners.ParentRunner$4.run(ParentRunner.java:331)
  at org.junit.runners.ParentRunner$1.schedule(ParentRunner.java:79)
  at org.junit.runners.ParentRunner.runChildren(ParentRunner.java:329)
  at org.junit.runners.ParentRunner.access$100(ParentRunner.java:66)
  at org.junit.runners.ParentRunner$2.evaluate(ParentRunner.java:293)
  at org.junit.runners.ParentRunner$3.evaluate(ParentRunner.java:306)
  at org.junit.runners.ParentRunner.run(ParentRunner.java:413)
  at org.junit.runner.JUnitCore.run(JUnitCore.java:137)
  at org.junit.runner.JUnitCore.run(JUnitCore.java:115)
  at org.gradle.api.internal.tasks.testing.junit.JUnitTestExecutor.runRequest(JUnitTestExecutor.java:175)
  at org.gradle.api.internal.tasks.testing.junit.JUnitTestExecutor.accept(JUnitTestExecutor.java:84)
  at org.gradle.api.internal.tasks.testing.junit.JUnitTestExecutor.accept(JUnitTestExecutor.java:47)
  at org.gradle.api.internal.tasks.testing.junit.AbstractJUnitTestDefinitionProcessor.processTestDefinition(AbstractJUnitTestDefinitionProcessor.java:65)
  at org.gradle.api.internal.tasks.testing.SuiteTestDefinitionProcessor.processTestDefinition(SuiteTestDefinitionProcessor.java:54)
  at java.base/jdk.internal.reflect.DirectMethodHandleAccessor.invoke(DirectMethodHandleAccessor.java:104)
  at java.base/java.lang.reflect.Method.invoke(Method.java:565)
  at org.gradle.internal.dispatch.MethodInvocation.invokeOn(MethodInvocation.java:77)
  at org.gradle.internal.dispatch.ReflectionDispatch.dispatch(ReflectionDispatch.java:28)
  at org.gradle.internal.dispatch.ReflectionDispatch.dispatch(ReflectionDispatch.java:19)
  at org.gradle.internal.dispatch.ContextClassLoaderDispatch.dispatch(ContextClassLoaderDispatch.java:33)
  at org.gradle.internal.dispatch.ProxyDispatchAdapter$DispatchingInvocationHandler.invoke(ProxyDispatchAdapter.java:88)
  at jdk.proxy1/jdk.proxy1.$Proxy4.processTestDefinition(Unknown Source)
  at org.gradle.api.internal.tasks.testing.worker.TestWorker$2.run(TestWorker.java:178)
  at org.gradle.api.internal.tasks.testing.worker.TestWorker.executeAndMaintainThreadName(TestWorker.java:126)
  at org.gradle.api.internal.tasks.testing.worker.TestWorker.execute(TestWorker.java:103)
  at org.gradle.api.internal.tasks.testing.worker.TestWorker.execute(TestWorker.java:63)
  at org.gradle.process.internal.worker.child.ActionExecutionWorker.execute(ActionExecutionWorker.java:56)
  at org.gradle.process.internal.worker.child.SystemApplicationClassLoaderWorker.call(SystemApplicationClassLoaderWorker.java:122)
  at org.gradle.process.internal.worker.child.SystemApplicationClassLoaderWorker.call(SystemApplicationClassLoaderWorker.java:72)
  at worker.org.gradle.process.internal.worker.GradleWorkerMain.run(GradleWorkerMain.java:69)
  at worker.org.gradle.process.internal.worker.GradleWorkerMain.main(GradleWorkerMain.java:74)
</stacktrace>
</test-failure>


TypeScriptCompilerTests_M[jvm] > mergeWithImportedNamespace_ts has expected errors matching mergeWithImportedNamespace_errors_txt[jvm] FAILED

<test-failure test="com.xemantic.typescript.compiler.TypeScriptCompilerTests_M.moduleNodeDefaultImports_ts__module_node20__has expected errors matching baseline" platform="jvm">
<message>
Expected diagnostics from baseline typescript-repo/tests/baselines/reference/moduleNodeDefaultImports(module=node20).errors.txt but none produced
</message>
<stacktrace>
  at com.xemantic.typescript.compiler.TypeScriptTestSupportKt.errorsMatchBaseline(TypeScriptTestSupport.kt:125)
  at com.xemantic.typescript.compiler.TypeScriptCompilerTests_M.moduleNodeDefaultImports_ts__module_node20__has expected errors matching baseline(TypeScriptCompilerTests_M.kt:2681)
  at java.base/jdk.internal.reflect.DirectMethodHandleAccessor.invoke(DirectMethodHandleAccessor.java:104)
  at java.base/java.lang.reflect.Method.invoke(Method.java:565)
  at org.junit.runners.model.FrameworkMethod$1.runReflectiveCall(FrameworkMethod.java:59)
  at org.junit.internal.runners.model.ReflectiveCallable.run(ReflectiveCallable.java:12)
  at org.junit.runners.model.FrameworkMethod.invokeExplosively(FrameworkMethod.java:56)
  at org.junit.internal.runners.statements.InvokeMethod.evaluate(InvokeMethod.java:17)
  at org.junit.runners.ParentRunner$3.evaluate(ParentRunner.java:306)
  at org.junit.runners.BlockJUnit4ClassRunner$1.evaluate(BlockJUnit4ClassRunner.java:100)
  at org.junit.runners.ParentRunner.runLeaf(ParentRunner.java:366)
  at org.junit.runners.BlockJUnit4ClassRunner.runChild(BlockJUnit4ClassRunner.java:103)
  at org.junit.runners.BlockJUnit4ClassRunner.runChild(BlockJUnit4ClassRunner.java:63)
  at org.junit.runners.ParentRunner$4.run(ParentRunner.java:331)
  at org.junit.runners.ParentRunner$1.schedule(ParentRunner.java:79)
  at org.junit.runners.ParentRunner.runChildren(ParentRunner.java:329)
  at org.junit.runners.ParentRunner.access$100(ParentRunner.java:66)
  at org.junit.runners.ParentRunner$2.evaluate(ParentRunner.java:293)
  at org.junit.runners.ParentRunner$3.evaluate(ParentRunner.java:306)
  at org.junit.runners.ParentRunner.run(ParentRunner.java:413)
  at org.junit.runner.JUnitCore.run(JUnitCore.java:137)
  at org.junit.runner.JUnitCore.run(JUnitCore.java:115)
  at org.gradle.api.internal.tasks.testing.junit.JUnitTestExecutor.runRequest(JUnitTestExecutor.java:175)
  at org.gradle.api.internal.tasks.testing.junit.JUnitTestExecutor.accept(JUnitTestExecutor.java:84)
  at org.gradle.api.internal.tasks.testing.junit.JUnitTestExecutor.accept(JUnitTestExecutor.java:47)
  at org.gradle.api.internal.tasks.testing.junit.AbstractJUnitTestDefinitionProcessor.processTestDefinition(AbstractJUnitTestDefinitionProcessor.java:65)
  at org.gradle.api.internal.tasks.testing.SuiteTestDefinitionProcessor.processTestDefinition(SuiteTestDefinitionProcessor.java:54)
  at java.base/jdk.internal.reflect.DirectMethodHandleAccessor.invoke(DirectMethodHandleAccessor.java:104)
  at java.base/java.lang.reflect.Method.invoke(Method.java:565)
  at org.gradle.internal.dispatch.MethodInvocation.invokeOn(MethodInvocation.java:77)
  at org.gradle.internal.dispatch.ReflectionDispatch.dispatch(ReflectionDispatch.java:28)
  at org.gradle.internal.dispatch.ReflectionDispatch.dispatch(ReflectionDispatch.java:19)
  at org.gradle.internal.dispatch.ContextClassLoaderDispatch.dispatch(ContextClassLoaderDispatch.java:33)
  at org.gradle.internal.dispatch.ProxyDispatchAdapter$DispatchingInvocationHandler.invoke(ProxyDispatchAdapter.java:88)
  at jdk.proxy1/jdk.proxy1.$Proxy4.processTestDefinition(Unknown Source)
  at org.gradle.api.internal.tasks.testing.worker.TestWorker$2.run(TestWorker.java:178)
  at org.gradle.api.internal.tasks.testing.worker.TestWorker.executeAndMaintainThreadName(TestWorker.java:126)
  at org.gradle.api.internal.tasks.testing.worker.TestWorker.execute(TestWorker.java:103)
  at org.gradle.api.internal.tasks.testing.worker.TestWorker.execute(TestWorker.java:63)
  at org.gradle.process.internal.worker.child.ActionExecutionWorker.execute(ActionExecutionWorker.java:56)
  at org.gradle.process.internal.worker.child.SystemApplicationClassLoaderWorker.call(SystemApplicationClassLoaderWorker.java:122)
  at org.gradle.process.internal.worker.child.SystemApplicationClassLoaderWorker.call(SystemApplicationClassLoaderWorker.java:72)
  at worker.org.gradle.process.internal.worker.GradleWorkerMain.run(GradleWorkerMain.java:69)
  at worker.org.gradle.process.internal.worker.GradleWorkerMain.main(GradleWorkerMain.java:74)
</stacktrace>
</test-failure>


TypeScriptCompilerTests_M[jvm] > moduleNodeDefaultImports_ts__module_node20__has expected errors matching baseline[jvm] FAILED

<test-failure test="com.xemantic.typescript.compiler.TypeScriptCompilerTests_M.moduleProperty2_ts has expected errors matching moduleProperty2_errors_txt" platform="jvm">
<message>
--- expected
+++ actual
@@ -1,8 +1,7 @@
 moduleProperty2.ts(7,15): error TS2304: Cannot find name 'x'.
-moduleProperty2.ts(12,17): error TS2339: Property 'y' does not exist on type 'typeof M'.
 
 
-==== moduleProperty2.ts (2 errors) ====
+==== moduleProperty2.ts (1 errors) ====
     namespace M {
         function f() {
             var x;
@@ -17,7 +16,5 @@
     
     namespace N {
         var test3=M.y; // nope y private property of M
-                    ~
-!!! error TS2339: Property 'y' does not exist on type 'typeof M'.
         var test4=M.z; // ok public property of M
     }

</message>
<stacktrace>
  at org.junit.Assert.fail(Assert.java:89)
  at kotlin.test.junit.JUnitAsserter.fail(JUnitSupport.kt:56)
  at kotlin.test.AssertionsKt__AssertionsKt.fail(Assertions.kt:563)
  at kotlin.test.AssertionsKt.fail(Unknown Source)
  at com.xemantic.kotlin.test.SameAsKt.sameAs(SameAs.kt:52)
  at com.xemantic.typescript.compiler.TypeScriptTestSupportKt.errorsMatchBaseline(TypeScriptTestSupport.kt:135)
  at com.xemantic.typescript.compiler.TypeScriptCompilerTests_M.moduleProperty2_ts has expected errors matching moduleProperty2_errors_txt(TypeScriptCompilerTests_M.kt:2905)
  at java.base/jdk.internal.reflect.DirectMethodHandleAccessor.invoke(DirectMethodHandleAccessor.java:104)
  at java.base/java.lang.reflect.Method.invoke(Method.java:565)
  at org.junit.runners.model.FrameworkMethod$1.runReflectiveCall(FrameworkMethod.java:59)
  at org.junit.internal.runners.model.ReflectiveCallable.run(ReflectiveCallable.java:12)
  at org.junit.runners.model.FrameworkMethod.invokeExplosively(FrameworkMethod.java:56)
  at org.junit.internal.runners.statements.InvokeMethod.evaluate(InvokeMethod.java:17)
  at org.junit.runners.ParentRunner$3.evaluate(ParentRunner.java:306)
  at org.junit.runners.BlockJUnit4ClassRunner$1.evaluate(BlockJUnit4ClassRunner.java:100)
  at org.junit.runners.ParentRunner.runLeaf(ParentRunner.java:366)
  at org.junit.runners.BlockJUnit4ClassRunner.runChild(BlockJUnit4ClassRunner.java:103)
  at org.junit.runners.BlockJUnit4ClassRunner.runChild(BlockJUnit4ClassRunner.java:63)
  at org.junit.runners.ParentRunner$4.run(ParentRunner.java:331)
  at org.junit.runners.ParentRunner$1.schedule(ParentRunner.java:79)
  at org.junit.runners.ParentRunner.runChildren(ParentRunner.java:329)
  at org.junit.runners.ParentRunner.access$100(ParentRunner.java:66)
  at org.junit.runners.ParentRunner$2.evaluate(ParentRunner.java:293)
  at org.junit.runners.ParentRunner$3.evaluate(ParentRunner.java:306)
  at org.junit.runners.ParentRunner.run(ParentRunner.java:413)
  at org.junit.runner.JUnitCore.run(JUnitCore.java:137)
  at org.junit.runner.JUnitCore.run(JUnitCore.java:115)
  at org.gradle.api.internal.tasks.testing.junit.JUnitTestExecutor.runRequest(JUnitTestExecutor.java:175)
  at org.gradle.api.internal.tasks.testing.junit.JUnitTestExecutor.accept(JUnitTestExecutor.java:84)
  at org.gradle.api.internal.tasks.testing.junit.JUnitTestExecutor.accept(JUnitTestExecutor.java:47)
  at org.gradle.api.internal.tasks.testing.junit.AbstractJUnitTestDefinitionProcessor.processTestDefinition(AbstractJUnitTestDefinitionProcessor.java:65)
  at org.gradle.api.internal.tasks.testing.SuiteTestDefinitionProcessor.processTestDefinition(SuiteTestDefinitionProcessor.java:54)
  at java.base/jdk.internal.reflect.DirectMethodHandleAccessor.invoke(DirectMethodHandleAccessor.java:104)
  at java.base/java.lang.reflect.Method.invoke(Method.java:565)
  at org.gradle.internal.dispatch.MethodInvocation.invokeOn(MethodInvocation.java:77)
  at org.gradle.internal.dispatch.ReflectionDispatch.dispatch(ReflectionDispatch.java:28)
  at org.gradle.internal.dispatch.ReflectionDispatch.dispatch(ReflectionDispatch.java:19)
  at org.gradle.internal.dispatch.ContextClassLoaderDispatch.dispatch(ContextClassLoaderDispatch.java:33)
  at org.gradle.internal.dispatch.ProxyDispatchAdapter$DispatchingInvocationHandler.invoke(ProxyDispatchAdapter.java:88)
  at jdk.proxy1/jdk.proxy1.$Proxy4.processTestDefinition(Unknown Source)
  at org.gradle.api.internal.tasks.testing.worker.TestWorker$2.run(TestWorker.java:178)
  at org.gradle.api.internal.tasks.testing.worker.TestWorker.executeAndMaintainThreadName(TestWorker.java:126)
  at org.gradle.api.internal.tasks.testing.worker.TestWorker.execute(TestWorker.java:103)
  at org.gradle.api.internal.tasks.testing.worker.TestWorker.execute(TestWorker.java:63)
  at org.gradle.process.internal.worker.child.ActionExecutionWorker.execute(ActionExecutionWorker.java:56)
  at org.gradle.process.internal.worker.child.SystemApplicationClassLoaderWorker.call(SystemApplicationClassLoaderWorker.java:122)
  at org.gradle.process.internal.worker.child.SystemApplicationClassLoaderWorker.call(SystemApplicationClassLoaderWorker.java:72)
  at worker.org.gradle.process.internal.worker.GradleWorkerMain.run(GradleWorkerMain.java:69)
  at worker.org.gradle.process.internal.worker.GradleWorkerMain.main(GradleWorkerMain.java:74)
</stacktrace>
</test-failure>


TypeScriptCompilerTests_M[jvm] > moduleProperty2_ts has expected errors matching moduleProperty2_errors_txt[jvm] FAILED

<test-failure test="com.xemantic.typescript.compiler.TypeScriptCompilerTests_M.moduleAssignmentCompat4_ts has expected errors matching moduleAssignmentCompat4_errors_txt" platform="jvm">
<message>
Expected diagnostics from baseline typescript-repo/tests/baselines/reference/moduleAssignmentCompat4.errors.txt but none produced
</message>
<stacktrace>
  at com.xemantic.typescript.compiler.TypeScriptTestSupportKt.errorsMatchBaseline(TypeScriptTestSupport.kt:125)
  at com.xemantic.typescript.compiler.TypeScriptCompilerTests_M.moduleAssignmentCompat4_ts has expected errors matching moduleAssignmentCompat4_errors_txt(TypeScriptCompilerTests_M.kt:1764)
  at java.base/jdk.internal.reflect.DirectMethodHandleAccessor.invoke(DirectMethodHandleAccessor.java:104)
  at java.base/java.lang.reflect.Method.invoke(Method.java:565)
  at org.junit.runners.model.FrameworkMethod$1.runReflectiveCall(FrameworkMethod.java:59)
  at org.junit.internal.runners.model.ReflectiveCallable.run(ReflectiveCallable.java:12)
  at org.junit.runners.model.FrameworkMethod.invokeExplosively(FrameworkMethod.java:56)
  at org.junit.internal.runners.statements.InvokeMethod.evaluate(InvokeMethod.java:17)
  at org.junit.runners.ParentRunner$3.evaluate(ParentRunner.java:306)
  at org.junit.runners.BlockJUnit4ClassRunner$1.evaluate(BlockJUnit4ClassRunner.java:100)
  at org.junit.runners.ParentRunner.runLeaf(ParentRunner.java:366)
  at org.junit.runners.BlockJUnit4ClassRunner.runChild(BlockJUnit4ClassRunner.java:103)
  at org.junit.runners.BlockJUnit4ClassRunner.runChild(BlockJUnit4ClassRunner.java:63)
  at org.junit.runners.ParentRunner$4.run(ParentRunner.java:331)
  at org.junit.runners.ParentRunner$1.schedule(ParentRunner.java:79)
  at org.junit.runners.ParentRunner.runChildren(ParentRunner.java:329)
  at org.junit.runners.ParentRunner.access$100(ParentRunner.java:66)
  at org.junit.runners.ParentRunner$2.evaluate(ParentRunner.java:293)
  at org.junit.runners.ParentRunner$3.evaluate(ParentRunner.java:306)
  at org.junit.runners.ParentRunner.run(ParentRunner.java:413)
  at org.junit.runner.JUnitCore.run(JUnitCore.java:137)
  at org.junit.runner.JUnitCore.run(JUnitCore.java:115)
  at org.gradle.api.internal.tasks.testing.junit.JUnitTestExecutor.runRequest(JUnitTestExecutor.java:175)
  at org.gradle.api.internal.tasks.testing.junit.JUnitTestExecutor.accept(JUnitTestExecutor.java:84)
  at org.gradle.api.internal.tasks.testing.junit.JUnitTestExecutor.accept(JUnitTestExecutor.java:47)
  at org.gradle.api.internal.tasks.testing.junit.AbstractJUnitTestDefinitionProcessor.processTestDefinition(AbstractJUnitTestDefinitionProcessor.java:65)
  at org.gradle.api.internal.tasks.testing.SuiteTestDefinitionProcessor.processTestDefinition(SuiteTestDefinitionProcessor.java:54)
  at java.base/jdk.internal.reflect.DirectMethodHandleAccessor.invoke(DirectMethodHandleAccessor.java:104)
  at java.base/java.lang.reflect.Method.invoke(Method.java:565)
  at org.gradle.internal.dispatch.MethodInvocation.invokeOn(MethodInvocation.java:77)
  at org.gradle.internal.dispatch.ReflectionDispatch.dispatch(ReflectionDispatch.java:28)
  at org.gradle.internal.dispatch.ReflectionDispatch.dispatch(ReflectionDispatch.java:19)
  at org.gradle.internal.dispatch.ContextClassLoaderDispatch.dispatch(ContextClassLoaderDispatch.java:33)
  at org.gradle.internal.dispatch.ProxyDispatchAdapter$DispatchingInvocationHandler.invoke(ProxyDispatchAdapter.java:88)
  at jdk.proxy1/jdk.proxy1.$Proxy4.processTestDefinition(Unknown Source)
  at org.gradle.api.internal.tasks.testing.worker.TestWorker$2.run(TestWorker.java:178)
  at org.gradle.api.internal.tasks.testing.worker.TestWorker.executeAndMaintainThreadName(TestWorker.java:126)
  at org.gradle.api.internal.tasks.testing.worker.TestWorker.execute(TestWorker.java:103)
  at org.gradle.api.internal.tasks.testing.worker.TestWorker.execute(TestWorker.java:63)
  at org.gradle.process.internal.worker.child.ActionExecutionWorker.execute(ActionExecutionWorker.java:56)
  at org.gradle.process.internal.worker.child.SystemApplicationClassLoaderWorker.call(SystemApplicationClassLoaderWorker.java:122)
  at org.gradle.process.internal.worker.child.SystemApplicationClassLoaderWorker.call(SystemApplicationClassLoaderWorker.java:72)
  at worker.org.gradle.process.internal.worker.GradleWorkerMain.run(GradleWorkerMain.java:69)
  at worker.org.gradle.process.internal.worker.GradleWorkerMain.main(GradleWorkerMain.java:74)
</stacktrace>
</test-failure>


TypeScriptCompilerTests_M[jvm] > moduleAssignmentCompat4_ts has expected errors matching moduleAssignmentCompat4_errors_txt[jvm] FAILED

<test-failure test="com.xemantic.typescript.compiler.TypeScriptCompilerTests_M.multiLinePropertyAccessAndArrowFunctionIndent1_ts has expected errors matching multiLinePropertyAccessAndArrowFunctionIndent1_errors_txt" platform="jvm">
<message>
--- expected
+++ actual
@@ -1,17 +1,22 @@
-error TS-1: Pre-emit (1) and post-emit (5) diagnostic counts do not match! This can indicate that a semantic _error_ was added by the emit resolver - such an error may not be reflected on the command line or in the editor, but may be captured in a baseline here!
 multiLinePropertyAccessAndArrowFunctionIndent1.ts(1,1): error TS1108: A 'return' statement can only be used within a function body.
+multiLinePropertyAccessAndArrowFunctionIndent1.ts(1,18): error TS2304: Cannot find name 'role'.
+multiLinePropertyAccessAndArrowFunctionIndent1.ts(2,18): error TS2304: Cannot find name 'Role'.
+multiLinePropertyAccessAndArrowFunctionIndent1.ts(4,26): error TS2304: Cannot find name 'ng'.
+multiLinePropertyAccessAndArrowFunctionIndent1.ts(4,53): error TS2304: Cannot find name 'Role'.
 
 
-!!! error TS-1: Pre-emit (1) and post-emit (5) diagnostic counts do not match! This can indicate that a semantic _error_ was added by the emit resolver - such an error may not be reflected on the command line or in the editor, but may be captured in a baseline here!
-!!! related TS-1: The excess diagnostics are:
-!!! related TS2304 multiLinePropertyAccessAndArrowFunctionIndent1.ts:1:18: Cannot find name 'role'.
-!!! related TS2304 multiLinePropertyAccessAndArrowFunctionIndent1.ts:2:18: Cannot find name 'Role'.
-!!! related TS2503 multiLinePropertyAccessAndArrowFunctionIndent1.ts:4:26: Cannot find namespace 'ng'.
-!!! related TS2304 multiLinePropertyAccessAndArrowFunctionIndent1.ts:4:53: Cannot find name 'Role'.
-==== multiLinePropertyAccessAndArrowFunctionIndent1.ts (1 errors) ====
+==== multiLinePropertyAccessAndArrowFunctionIndent1.ts (5 errors) ====
     return this.edit(role)
     ~~~~~~
 !!! error TS1108: A 'return' statement can only be used within a function body.
+                     ~~~~
+!!! error TS2304: Cannot find name 'role'.
         .then((role: Role) =>
+                     ~~~~
+!!! error TS2304: Cannot find name 'Role'.
             this.roleService.add(role)
                 .then((data: ng.IHttpPromiseCallbackArg<Role>) => data.data));
+                             ~~
+!!! error TS2304: Cannot find name 'ng'.
+                                                        ~~~~
+!!! error TS2304: Cannot find name 'Role'.

</message>
<stacktrace>
  at org.junit.Assert.fail(Assert.java:89)
  at kotlin.test.junit.JUnitAsserter.fail(JUnitSupport.kt:56)
  at kotlin.test.AssertionsKt__AssertionsKt.fail(Assertions.kt:563)
  at kotlin.test.AssertionsKt.fail(Unknown Source)
  at com.xemantic.kotlin.test.SameAsKt.sameAs(SameAs.kt:52)
  at com.xemantic.typescript.compiler.TypeScriptTestSupportKt.errorsMatchBaseline(TypeScriptTestSupport.kt:135)
  at com.xemantic.typescript.compiler.TypeScriptCompilerTests_M.multiLinePropertyAccessAndArrowFunctionIndent1_ts has expected errors matching multiLinePropertyAccessAndArrowFunctionIndent1_errors_txt(TypeScriptCompilerTests_M.kt:3906)
  at java.base/jdk.internal.reflect.DirectMethodHandleAccessor.invoke(DirectMethodHandleAccessor.java:104)
  at java.base/java.lang.reflect.Method.invoke(Method.java:565)
  at org.junit.runners.model.FrameworkMethod$1.runReflectiveCall(FrameworkMethod.java:59)
  at org.junit.internal.runners.model.ReflectiveCallable.run(ReflectiveCallable.java:12)
  at org.junit.runners.model.FrameworkMethod.invokeExplosively(FrameworkMethod.java:56)
  at org.junit.internal.runners.statements.InvokeMethod.evaluate(InvokeMethod.java:17)
  at org.junit.runners.ParentRunner$3.evaluate(ParentRunner.java:306)
  at org.junit.runners.BlockJUnit4ClassRunner$1.evaluate(BlockJUnit4ClassRunner.java:100)
  at org.junit.runners.ParentRunner.runLeaf(ParentRunner.java:366)
  at org.junit.runners.BlockJUnit4ClassRunner.runChild(BlockJUnit4ClassRunner.java:103)
  at org.junit.runners.BlockJUnit4ClassRunner.runChild(BlockJUnit4ClassRunner.java:63)
  at org.junit.runners.ParentRunner$4.run(ParentRunner.java:331)
  at org.junit.runners.ParentRunner$1.schedule(ParentRunner.java:79)
  at org.junit.runners.ParentRunner.runChildren(ParentRunner.java:329)
  at org.junit.runners.ParentRunner.access$100(ParentRunner.java:66)
  at org.junit.runners.ParentRunner$2.evaluate(ParentRunner.java:293)
  at org.junit.runners.ParentRunner$3.evaluate(ParentRunner.java:306)
  at org.junit.runners.ParentRunner.run(ParentRunner.java:413)
  at org.junit.runner.JUnitCore.run(JUnitCore.java:137)
  at org.junit.runner.JUnitCore.run(JUnitCore.java:115)
  at org.gradle.api.internal.tasks.testing.junit.JUnitTestExecutor.runRequest(JUnitTestExecutor.java:175)
  at org.gradle.api.internal.tasks.testing.junit.JUnitTestExecutor.accept(JUnitTestExecutor.java:84)
  at org.gradle.api.internal.tasks.testing.junit.JUnitTestExecutor.accept(JUnitTestExecutor.java:47)
  at org.gradle.api.internal.tasks.testing.junit.AbstractJUnitTestDefinitionProcessor.processTestDefinition(AbstractJUnitTestDefinitionProcessor.java:65)
  at org.gradle.api.internal.tasks.testing.SuiteTestDefinitionProcessor.processTestDefinition(SuiteTestDefinitionProcessor.java:54)
  at java.base/jdk.internal.reflect.DirectMethodHandleAccessor.invoke(DirectMethodHandleAccessor.java:104)
  at java.base/java.lang.reflect.Method.invoke(Method.java:565)
  at org.gradle.internal.dispatch.MethodInvocation.invokeOn(MethodInvocation.java:77)
  at org.gradle.internal.dispatch.ReflectionDispatch.dispatch(ReflectionDispatch.java:28)
  at org.gradle.internal.dispatch.ReflectionDispatch.dispatch(ReflectionDispatch.java:19)
  at org.gradle.internal.dispatch.ContextClassLoaderDispatch.dispatch(ContextClassLoaderDispatch.java:33)
  at org.gradle.internal.dispatch.ProxyDispatchAdapter$DispatchingInvocationHandler.invoke(ProxyDispatchAdapter.java:88)
  at jdk.proxy1/jdk.proxy1.$Proxy4.processTestDefinition(Unknown Source)
  at org.gradle.api.internal.tasks.testing.worker.TestWorker$2.run(TestWorker.java:178)
  at org.gradle.api.internal.tasks.testing.worker.TestWorker.executeAndMaintainThreadName(TestWorker.java:126)
  at org.gradle.api.internal.tasks.testing.worker.TestWorker.execute(TestWorker.java:103)
  at org.gradle.api.internal.tasks.testing.worker.TestWorker.execute(TestWorker.java:63)
  at org.gradle.process.internal.worker.child.ActionExecutionWorker.execute(ActionExecutionWorker.java:56)
  at org.gradle.process.internal.worker.child.SystemApplicationClassLoaderWorker.call(SystemApplicationClassLoaderWorker.java:122)
  at org.gradle.process.internal.worker.child.SystemApplicationClassLoaderWorker.call(SystemApplicationClassLoaderWorker.java:72)
  at worker.org.gradle.process.internal.worker.GradleWorkerMain.run(GradleWorkerMain.java:69)
  at worker.org.gradle.process.internal.worker.GradleWorkerMain.main(GradleWorkerMain.java:74)
</stacktrace>
</test-failure>


TypeScriptCompilerTests_M[jvm] > multiLinePropertyAccessAndArrowFunctionIndent1_ts has expected errors matching multiLinePropertyAccessAndArrowFunctionIndent1_errors_txt[jvm] FAILED

<test-failure test="com.xemantic.typescript.compiler.TypeScriptCompilerTests_M.moduleKeywordDeprecated_ts has expected errors matching moduleKeywordDeprecated_errors_txt" platform="jvm">
<message>
--- expected
+++ actual
@@ -1,18 +1,10 @@
-decl.d.ts(1,16): error TS1540: A 'namespace' declaration should not be declared using the 'module' keyword. Please use the 'namespace' keyword instead.
-decl.d.ts(2,16): error TS1540: A 'namespace' declaration should not be declared using the 'module' keyword. Please use the 'namespace' keyword instead.
-decl.d.ts(2,20): error TS1540: A 'namespace' declaration should not be declared using the 'module' keyword. Please use the 'namespace' keyword instead.
-decl.d.ts(7,15): error TS1540: A 'namespace' declaration should not be declared using the 'module' keyword. Please use the 'namespace' keyword instead.
-decl.d.ts(8,15): error TS1540: A 'namespace' declaration should not be declared using the 'module' keyword. Please use the 'namespace' keyword instead.
-decl.d.ts(8,24): error TS1540: A 'namespace' declaration should not be declared using the 'module' keyword. Please use the 'namespace' keyword instead.
 foo.ts(2,8): error TS1540: A 'namespace' declaration should not be declared using the 'module' keyword. Please use the 'namespace' keyword instead.
 foo.ts(3,8): error TS1540: A 'namespace' declaration should not be declared using the 'module' keyword. Please use the 'namespace' keyword instead.
-foo.ts(3,12): error TS1540: A 'namespace' declaration should not be declared using the 'module' keyword. Please use the 'namespace' keyword instead.
 foo.ts(4,16): error TS1540: A 'namespace' declaration should not be declared using the 'module' keyword. Please use the 'namespace' keyword instead.
 foo.ts(5,16): error TS1540: A 'namespace' declaration should not be declared using the 'module' keyword. Please use the 'namespace' keyword instead.
-foo.ts(5,21): error TS1540: A 'namespace' declaration should not be declared using the 'module' keyword. Please use the 'namespace' keyword instead.
 
 
-==== foo.ts (6 errors) ====
+==== foo.ts (4 errors) ====
     // Error
     module notok { }
            ~~~~~
@@ -20,38 +12,22 @@
     module not.ok { }
            ~~~
 !!! error TS1540: A 'namespace' declaration should not be declared using the 'module' keyword. Please use the 'namespace' keyword instead.
-               ~~
-!!! error TS1540: A 'namespace' declaration should not be declared using the 'module' keyword. Please use the 'namespace' keyword instead.
     declare module bad { }
                    ~~~
 !!! error TS1540: A 'namespace' declaration should not be declared using the 'module' keyword. Please use the 'namespace' keyword instead.
     declare module also.bad { }
                    ~~~~
 !!! error TS1540: A 'namespace' declaration should not be declared using the 'module' keyword. Please use the 'namespace' keyword instead.
-                        ~~~
-!!! error TS1540: A 'namespace' declaration should not be declared using the 'module' keyword. Please use the 'namespace' keyword instead.
     
     // Still the only way to do it
     declare module "good" { }
     
-==== decl.d.ts (6 errors) ====
+==== decl.d.ts (0 errors) ====
     declare module foo { }
-                   ~~~
-!!! error TS1540: A 'namespace' declaration should not be declared using the 'module' keyword. Please use the 'namespace' keyword instead.
     declare module foo.bar { }
-                   ~~~
-!!! error TS1540: A 'namespace' declaration should not be declared using the 'module' keyword. Please use the 'namespace' keyword instead.
-                       ~~~
-!!! error TS1540: A 'namespace' declaration should not be declared using the 'module' keyword. Please use the 'namespace' keyword instead.
     
     // Still the only way to do it
     declare module "alsogood" { }
     
     export module exported { }
-                  ~~~~~~~~
-!!! error TS1540: A 'namespace' declaration should not be declared using the 'module' keyword. Please use the 'namespace' keyword instead.
     export module exported.sub { }
-                  ~~~~~~~~
-!!! error TS1540: A 'namespace' declaration should not be declared using the 'module' keyword. Please use the 'namespace' keyword instead.
-                           ~~~
-!!! error TS1540: A 'namespace' declaration should not be declared using the 'module' keyword. Please use the 'namespace' keyword instead.

</message>
<stacktrace>
  at org.junit.Assert.fail(Assert.java:89)
  at kotlin.test.junit.JUnitAsserter.fail(JUnitSupport.kt:56)
  at kotlin.test.AssertionsKt__AssertionsKt.fail(Assertions.kt:563)
  at kotlin.test.AssertionsKt.fail(Unknown Source)
  at com.xemantic.kotlin.test.SameAsKt.sameAs(SameAs.kt:52)
  at com.xemantic.typescript.compiler.TypeScriptTestSupportKt.errorsMatchBaseline(TypeScriptTestSupport.kt:135)
  at com.xemantic.typescript.compiler.TypeScriptCompilerTests_M.moduleKeywordDeprecated_ts has expected errors matching moduleKeywordDeprecated_errors_txt(TypeScriptCompilerTests_M.kt:2541)
  at java.base/jdk.internal.reflect.DirectMethodHandleAccessor.invoke(DirectMethodHandleAccessor.java:104)
  at java.base/java.lang.reflect.Method.invoke(Method.java:565)
  at org.junit.runners.model.FrameworkMethod$1.runReflectiveCall(FrameworkMethod.java:59)
  at org.junit.internal.runners.model.ReflectiveCallable.run(ReflectiveCallable.java:12)
  at org.junit.runners.model.FrameworkMethod.invokeExplosively(FrameworkMethod.java:56)
  at org.junit.internal.runners.statements.InvokeMethod.evaluate(InvokeMethod.java:17)
  at org.junit.runners.ParentRunner$3.evaluate(ParentRunner.java:306)
  at org.junit.runners.BlockJUnit4ClassRunner$1.evaluate(BlockJUnit4ClassRunner.java:100)
  at org.junit.runners.ParentRunner.runLeaf(ParentRunner.java:366)
  at org.junit.runners.BlockJUnit4ClassRunner.runChild(BlockJUnit4ClassRunner.java:103)
  at org.junit.runners.BlockJUnit4ClassRunner.runChild(BlockJUnit4ClassRunner.java:63)
  at org.junit.runners.ParentRunner$4.run(ParentRunner.java:331)
  at org.junit.runners.ParentRunner$1.schedule(ParentRunner.java:79)
  at org.junit.runners.ParentRunner.runChildren(ParentRunner.java:329)
  at org.junit.runners.ParentRunner.access$100(ParentRunner.java:66)
  at org.junit.runners.ParentRunner$2.evaluate(ParentRunner.java:293)
  at org.junit.runners.ParentRunner$3.evaluate(ParentRunner.java:306)
  at org.junit.runners.ParentRunner.run(ParentRunner.java:413)
  at org.junit.runner.JUnitCore.run(JUnitCore.java:137)
  at org.junit.runner.JUnitCore.run(JUnitCore.java:115)
  at org.gradle.api.internal.tasks.testing.junit.JUnitTestExecutor.runRequest(JUnitTestExecutor.java:175)
  at org.gradle.api.internal.tasks.testing.junit.JUnitTestExecutor.accept(JUnitTestExecutor.java:84)
  at org.gradle.api.internal.tasks.testing.junit.JUnitTestExecutor.accept(JUnitTestExecutor.java:47)
  at org.gradle.api.internal.tasks.testing.junit.AbstractJUnitTestDefinitionProcessor.processTestDefinition(AbstractJUnitTestDefinitionProcessor.java:65)
  at org.gradle.api.internal.tasks.testing.SuiteTestDefinitionProcessor.processTestDefinition(SuiteTestDefinitionProcessor.java:54)
  at java.base/jdk.internal.reflect.DirectMethodHandleAccessor.invoke(DirectMethodHandleAccessor.java:104)
  at java.base/java.lang.reflect.Method.invoke(Method.java:565)
  at org.gradle.internal.dispatch.MethodInvocation.invokeOn(MethodInvocation.java:77)
  at org.gradle.internal.dispatch.ReflectionDispatch.dispatch(ReflectionDispatch.java:28)
  at org.gradle.internal.dispatch.ReflectionDispatch.dispatch(ReflectionDispatch.java:19)
  at org.gradle.internal.dispatch.ContextClassLoaderDispatch.dispatch(ContextClassLoaderDispatch.java:33)
  at org.gradle.internal.dispatch.ProxyDispatchAdapter$DispatchingInvocationHandler.invoke(ProxyDispatchAdapter.java:88)
  at jdk.proxy1/jdk.proxy1.$Proxy4.processTestDefinition(Unknown Source)
  at org.gradle.api.internal.tasks.testing.worker.TestWorker$2.run(TestWorker.java:178)
  at org.gradle.api.internal.tasks.testing.worker.TestWorker.executeAndMaintainThreadName(TestWorker.java:126)
  at org.gradle.api.internal.tasks.testing.worker.TestWorker.execute(TestWorker.java:103)
  at org.gradle.api.internal.tasks.testing.worker.TestWorker.execute(TestWorker.java:63)
  at org.gradle.process.internal.worker.child.ActionExecutionWorker.execute(ActionExecutionWorker.java:56)
  at org.gradle.process.internal.worker.child.SystemApplicationClassLoaderWorker.call(SystemApplicationClassLoaderWorker.java:122)
  at org.gradle.process.internal.worker.child.SystemApplicationClassLoaderWorker.call(SystemApplicationClassLoaderWorker.java:72)
  at worker.org.gradle.process.internal.worker.GradleWorkerMain.run(GradleWorkerMain.java:69)
  at worker.org.gradle.process.internal.worker.GradleWorkerMain.main(GradleWorkerMain.java:74)
</stacktrace>
</test-failure>


TypeScriptCompilerTests_M[jvm] > moduleKeywordDeprecated_ts has expected errors matching moduleKeywordDeprecated_errors_txt[jvm] FAILED

<test-failure test="com.xemantic.typescript.compiler.TypeScriptCompilerTests_M.moduleResolutionWithSymlinks_withOutDir_ts compiles to JavaScript matching moduleResolutionWithSymlinks_withOutDir_js" platform="jvm">
<message>
--- expected
+++ actual
@@ -17,14 +17,14 @@
 y = x;
 
 
-//// [/src/bin/library-a/index.js]
+//// [/src/bin/index.js]
 "use strict";
 Object.defineProperty(exports, "__esModule", { value: true });
 exports.MyClass = void 0;
 class MyClass {
 }
 exports.MyClass = MyClass;
-//// [/src/bin/library-b/index.js]
+//// [/src/bin/index.js]
 "use strict";
 Object.defineProperty(exports, "__esModule", { value: true });
 exports.MyClass2 = void 0;

</message>
<stacktrace>
  at org.junit.Assert.fail(Assert.java:89)
  at kotlin.test.junit.JUnitAsserter.fail(JUnitSupport.kt:56)
  at kotlin.test.AssertionsKt__AssertionsKt.fail(Assertions.kt:563)
  at kotlin.test.AssertionsKt.fail(Unknown Source)
  at com.xemantic.kotlin.test.SameAsKt.sameAs(SameAs.kt:52)
  at com.xemantic.typescript.compiler.TypeScriptTestSupportKt.sameAs(TypeScriptTestSupport.kt:99)
  at com.xemantic.typescript.compiler.TypeScriptCompilerTests_M.moduleResolutionWithSymlinks_withOutDir_ts compiles to JavaScript matching moduleResolutionWithSymlinks_withOutDir_js(TypeScriptCompilerTests_M.kt:3465)
  at java.base/jdk.internal.reflect.DirectMethodHandleAccessor.invoke(DirectMethodHandleAccessor.java:104)
  at java.base/java.lang.reflect.Method.invoke(Method.java:565)
  at org.junit.runners.model.FrameworkMethod$1.runReflectiveCall(FrameworkMethod.java:59)
  at org.junit.internal.runners.model.ReflectiveCallable.run(ReflectiveCallable.java:12)
  at org.junit.runners.model.FrameworkMethod.invokeExplosively(FrameworkMethod.java:56)
  at org.junit.internal.runners.statements.InvokeMethod.evaluate(InvokeMethod.java:17)
  at org.junit.runners.ParentRunner$3.evaluate(ParentRunner.java:306)
  at org.junit.runners.BlockJUnit4ClassRunner$1.evaluate(BlockJUnit4ClassRunner.java:100)
  at org.junit.runners.ParentRunner.runLeaf(ParentRunner.java:366)
  at org.junit.runners.BlockJUnit4ClassRunner.runChild(BlockJUnit4ClassRunner.java:103)
  at org.junit.runners.BlockJUnit4ClassRunner.runChild(BlockJUnit4ClassRunner.java:63)
  at org.junit.runners.ParentRunner$4.run(ParentRunner.java:331)
  at org.junit.runners.ParentRunner$1.schedule(ParentRunner.java:79)
  at org.junit.runners.ParentRunner.runChildren(ParentRunner.java:329)
  at org.junit.runners.ParentRunner.access$100(ParentRunner.java:66)
  at org.junit.runners.ParentRunner$2.evaluate(ParentRunner.java:293)
  at org.junit.runners.ParentRunner$3.evaluate(ParentRunner.java:306)
  at org.junit.runners.ParentRunner.run(ParentRunner.java:413)
  at org.junit.runner.JUnitCore.run(JUnitCore.java:137)
  at org.junit.runner.JUnitCore.run(JUnitCore.java:115)
  at org.gradle.api.internal.tasks.testing.junit.JUnitTestExecutor.runRequest(JUnitTestExecutor.java:175)
  at org.gradle.api.internal.tasks.testing.junit.JUnitTestExecutor.accept(JUnitTestExecutor.java:84)
  at org.gradle.api.internal.tasks.testing.junit.JUnitTestExecutor.accept(JUnitTestExecutor.java:47)
  at org.gradle.api.internal.tasks.testing.junit.AbstractJUnitTestDefinitionProcessor.processTestDefinition(AbstractJUnitTestDefinitionProcessor.java:65)
  at org.gradle.api.internal.tasks.testing.SuiteTestDefinitionProcessor.processTestDefinition(SuiteTestDefinitionProcessor.java:54)
  at java.base/jdk.internal.reflect.DirectMethodHandleAccessor.invoke(DirectMethodHandleAccessor.java:104)
  at java.base/java.lang.reflect.Method.invoke(Method.java:565)
  at org.gradle.internal.dispatch.MethodInvocation.invokeOn(MethodInvocation.java:77)
  at org.gradle.internal.dispatch.ReflectionDispatch.dispatch(ReflectionDispatch.java:28)
  at org.gradle.internal.dispatch.ReflectionDispatch.dispatch(ReflectionDispatch.java:19)
  at org.gradle.internal.dispatch.ContextClassLoaderDispatch.dispatch(ContextClassLoaderDispatch.java:33)
  at org.gradle.internal.dispatch.ProxyDispatchAdapter$DispatchingInvocationHandler.invoke(ProxyDispatchAdapter.java:88)
  at jdk.proxy1/jdk.proxy1.$Proxy4.processTestDefinition(Unknown Source)
  at org.gradle.api.internal.tasks.testing.worker.TestWorker$2.run(TestWorker.java:178)
  at org.gradle.api.internal.tasks.testing.worker.TestWorker.executeAndMaintainThreadName(TestWorker.java:126)
  at org.gradle.api.internal.tasks.testing.worker.TestWorker.execute(TestWorker.java:103)
  at org.gradle.api.internal.tasks.testing.worker.TestWorker.execute(TestWorker.java:63)
  at org.gradle.process.internal.worker.child.ActionExecutionWorker.execute(ActionExecutionWorker.java:56)
  at org.gradle.process.internal.worker.child.SystemApplicationClassLoaderWorker.call(SystemApplicationClassLoaderWorker.java:122)
  at org.gradle.process.internal.worker.child.SystemApplicationClassLoaderWorker.call(SystemApplicationClassLoaderWorker.java:72)
  at worker.org.gradle.process.internal.worker.GradleWorkerMain.run(GradleWorkerMain.java:69)
  at worker.org.gradle.process.internal.worker.GradleWorkerMain.main(GradleWorkerMain.java:74)
</stacktrace>
</test-failure>


TypeScriptCompilerTests_M[jvm] > moduleResolutionWithSymlinks_withOutDir_ts compiles to JavaScript matching moduleResolutionWithSymlinks_withOutDir_js[jvm] FAILED

<test-failure test="com.xemantic.typescript.compiler.TypeScriptCompilerTests_M.moduleResolutionWithSuffixes_threeLastIsBlank4_ts has expected errors matching moduleResolutionWithSuffixes_threeLastIsBlank4_errors_txt" platform="jvm">
<message>
--- expected
+++ actual
@@ -1,6 +1,5 @@
 /tsconfig.json(3,23): error TS5107: Option 'moduleResolution=node10' is deprecated and will stop functioning in TypeScript 7.0. Specify compilerOption '"ignoreDeprecations": "6.0"' to silence this error.
   Visit https://aka.ms/ts6 for migration information.
-/index.ts(1,22): error TS2307: Cannot find module './foo' or its corresponding type declarations.
 
 
 ==== /tsconfig.json (1 errors) ====
@@ -15,7 +14,5 @@
     	}
     }
     
-==== /index.ts (1 errors) ====
+==== /index.ts (0 errors) ====
     import { base } from "./foo";
-                         ~~~~~~~
-!!! error TS2307: Cannot find module './foo' or its corresponding type declarations.

</message>
<stacktrace>
  at org.junit.Assert.fail(Assert.java:89)
  at kotlin.test.junit.JUnitAsserter.fail(JUnitSupport.kt:56)
  at kotlin.test.AssertionsKt__AssertionsKt.fail(Assertions.kt:563)
  at kotlin.test.AssertionsKt.fail(Unknown Source)
  at com.xemantic.kotlin.test.SameAsKt.sameAs(SameAs.kt:52)
  at com.xemantic.typescript.compiler.TypeScriptTestSupportKt.errorsMatchBaseline(TypeScriptTestSupport.kt:135)
  at com.xemantic.typescript.compiler.TypeScriptCompilerTests_M.moduleResolutionWithSuffixes_threeLastIsBlank4_ts has expected errors matching moduleResolutionWithSuffixes_threeLastIsBlank4_errors_txt(TypeScriptCompilerTests_M.kt:3416)
  at java.base/jdk.internal.reflect.DirectMethodHandleAccessor.invoke(DirectMethodHandleAccessor.java:104)
  at java.base/java.lang.reflect.Method.invoke(Method.java:565)
  at org.junit.runners.model.FrameworkMethod$1.runReflectiveCall(FrameworkMethod.java:59)
  at org.junit.internal.runners.model.ReflectiveCallable.run(ReflectiveCallable.java:12)
  at org.junit.runners.model.FrameworkMethod.invokeExplosively(FrameworkMethod.java:56)
  at org.junit.internal.runners.statements.InvokeMethod.evaluate(InvokeMethod.java:17)
  at org.junit.runners.ParentRunner$3.evaluate(ParentRunner.java:306)
  at org.junit.runners.BlockJUnit4ClassRunner$1.evaluate(BlockJUnit4ClassRunner.java:100)
  at org.junit.runners.ParentRunner.runLeaf(ParentRunner.java:366)
  at org.junit.runners.BlockJUnit4ClassRunner.runChild(BlockJUnit4ClassRunner.java:103)
  at org.junit.runners.BlockJUnit4ClassRunner.runChild(BlockJUnit4ClassRunner.java:63)
  at org.junit.runners.ParentRunner$4.run(ParentRunner.java:331)
  at org.junit.runners.ParentRunner$1.schedule(ParentRunner.java:79)
  at org.junit.runners.ParentRunner.runChildren(ParentRunner.java:329)
  at org.junit.runners.ParentRunner.access$100(ParentRunner.java:66)
  at org.junit.runners.ParentRunner$2.evaluate(ParentRunner.java:293)
  at org.junit.runners.ParentRunner$3.evaluate(ParentRunner.java:306)
  at org.junit.runners.ParentRunner.run(ParentRunner.java:413)
  at org.junit.runner.JUnitCore.run(JUnitCore.java:137)
  at org.junit.runner.JUnitCore.run(JUnitCore.java:115)
  at org.gradle.api.internal.tasks.testing.junit.JUnitTestExecutor.runRequest(JUnitTestExecutor.java:175)
  at org.gradle.api.internal.tasks.testing.junit.JUnitTestExecutor.accept(JUnitTestExecutor.java:84)
  at org.gradle.api.internal.tasks.testing.junit.JUnitTestExecutor.accept(JUnitTestExecutor.java:47)
  at org.gradle.api.internal.tasks.testing.junit.AbstractJUnitTestDefinitionProcessor.processTestDefinition(AbstractJUnitTestDefinitionProcessor.java:65)
  at org.gradle.api.internal.tasks.testing.SuiteTestDefinitionProcessor.processTestDefinition(SuiteTestDefinitionProcessor.java:54)
  at java.base/jdk.internal.reflect.DirectMethodHandleAccessor.invoke(DirectMethodHandleAccessor.java:104)
  at java.base/java.lang.reflect.Method.invoke(Method.java:565)
  at org.gradle.internal.dispatch.MethodInvocation.invokeOn(MethodInvocation.java:77)
  at org.gradle.internal.dispatch.ReflectionDispatch.dispatch(ReflectionDispatch.java:28)
  at org.gradle.internal.dispatch.ReflectionDispatch.dispatch(ReflectionDispatch.java:19)
  at org.gradle.internal.dispatch.ContextClassLoaderDispatch.dispatch(ContextClassLoaderDispatch.java:33)
  at org.gradle.internal.dispatch.ProxyDispatchAdapter$DispatchingInvocationHandler.invoke(ProxyDispatchAdapter.java:88)
  at jdk.proxy1/jdk.proxy1.$Proxy4.processTestDefinition(Unknown Source)
  at org.gradle.api.internal.tasks.testing.worker.TestWorker$2.run(TestWorker.java:178)
  at org.gradle.api.internal.tasks.testing.worker.TestWorker.executeAndMaintainThreadName(TestWorker.java:126)
  at org.gradle.api.internal.tasks.testing.worker.TestWorker.execute(TestWorker.java:103)
  at org.gradle.api.internal.tasks.testing.worker.TestWorker.execute(TestWorker.java:63)
  at org.gradle.process.internal.worker.child.ActionExecutionWorker.execute(ActionExecutionWorker.java:56)
  at org.gradle.process.internal.worker.child.SystemApplicationClassLoaderWorker.call(SystemApplicationClassLoaderWorker.java:122)
  at org.gradle.process.internal.worker.child.SystemApplicationClassLoaderWorker.call(SystemApplicationClassLoaderWorker.java:72)
  at worker.org.gradle.process.internal.worker.GradleWorkerMain.run(GradleWorkerMain.java:69)
  at worker.org.gradle.process.internal.worker.GradleWorkerMain.main(GradleWorkerMain.java:74)
</stacktrace>
</test-failure>


TypeScriptCompilerTests_M[jvm] > moduleResolutionWithSuffixes_threeLastIsBlank4_ts has expected errors matching moduleResolutionWithSuffixes_threeLastIsBlank4_errors_txt[jvm] FAILED

<test-failure test="com.xemantic.typescript.compiler.TypeScriptCompilerTests_M.moduleAssignmentCompat1_ts has expected errors matching moduleAssignmentCompat1_errors_txt" platform="jvm">
<message>
Expected diagnostics from baseline typescript-repo/tests/baselines/reference/moduleAssignmentCompat1.errors.txt but none produced
</message>
<stacktrace>
  at com.xemantic.typescript.compiler.TypeScriptTestSupportKt.errorsMatchBaseline(TypeScriptTestSupport.kt:125)
  at com.xemantic.typescript.compiler.TypeScriptCompilerTests_M.moduleAssignmentCompat1_ts has expected errors matching moduleAssignmentCompat1_errors_txt(TypeScriptCompilerTests_M.kt:1722)
  at java.base/jdk.internal.reflect.DirectMethodHandleAccessor.invoke(DirectMethodHandleAccessor.java:104)
  at java.base/java.lang.reflect.Method.invoke(Method.java:565)
  at org.junit.runners.model.FrameworkMethod$1.runReflectiveCall(FrameworkMethod.java:59)
  at org.junit.internal.runners.model.ReflectiveCallable.run(ReflectiveCallable.java:12)
  at org.junit.runners.model.FrameworkMethod.invokeExplosively(FrameworkMethod.java:56)
  at org.junit.internal.runners.statements.InvokeMethod.evaluate(InvokeMethod.java:17)
  at org.junit.runners.ParentRunner$3.evaluate(ParentRunner.java:306)
  at org.junit.runners.BlockJUnit4ClassRunner$1.evaluate(BlockJUnit4ClassRunner.java:100)
  at org.junit.runners.ParentRunner.runLeaf(ParentRunner.java:366)
  at org.junit.runners.BlockJUnit4ClassRunner.runChild(BlockJUnit4ClassRunner.java:103)
  at org.junit.runners.BlockJUnit4ClassRunner.runChild(BlockJUnit4ClassRunner.java:63)
  at org.junit.runners.ParentRunner$4.run(ParentRunner.java:331)
  at org.junit.runners.ParentRunner$1.schedule(ParentRunner.java:79)
  at org.junit.runners.ParentRunner.runChildren(ParentRunner.java:329)
  at org.junit.runners.ParentRunner.access$100(ParentRunner.java:66)
  at org.junit.runners.ParentRunner$2.evaluate(ParentRunner.java:293)
  at org.junit.runners.ParentRunner$3.evaluate(ParentRunner.java:306)
  at org.junit.runners.ParentRunner.run(ParentRunner.java:413)
  at org.junit.runner.JUnitCore.run(JUnitCore.java:137)
  at org.junit.runner.JUnitCore.run(JUnitCore.java:115)
  at org.gradle.api.internal.tasks.testing.junit.JUnitTestExecutor.runRequest(JUnitTestExecutor.java:175)
  at org.gradle.api.internal.tasks.testing.junit.JUnitTestExecutor.accept(JUnitTestExecutor.java:84)
  at org.gradle.api.internal.tasks.testing.junit.JUnitTestExecutor.accept(JUnitTestExecutor.java:47)
  at org.gradle.api.internal.tasks.testing.junit.AbstractJUnitTestDefinitionProcessor.processTestDefinition(AbstractJUnitTestDefinitionProcessor.java:65)
  at org.gradle.api.internal.tasks.testing.SuiteTestDefinitionProcessor.processTestDefinition(SuiteTestDefinitionProcessor.java:54)
  at java.base/jdk.internal.reflect.DirectMethodHandleAccessor.invoke(DirectMethodHandleAccessor.java:104)
  at java.base/java.lang.reflect.Method.invoke(Method.java:565)
  at org.gradle.internal.dispatch.MethodInvocation.invokeOn(MethodInvocation.java:77)
  at org.gradle.internal.dispatch.ReflectionDispatch.dispatch(ReflectionDispatch.java:28)
  at org.gradle.internal.dispatch.ReflectionDispatch.dispatch(ReflectionDispatch.java:19)
  at org.gradle.internal.dispatch.ContextClassLoaderDispatch.dispatch(ContextClassLoaderDispatch.java:33)
  at org.gradle.internal.dispatch.ProxyDispatchAdapter$DispatchingInvocationHandler.invoke(ProxyDispatchAdapter.java:88)
  at jdk.proxy1/jdk.proxy1.$Proxy4.processTestDefinition(Unknown Source)
  at org.gradle.api.internal.tasks.testing.worker.TestWorker$2.run(TestWorker.java:178)
  at org.gradle.api.internal.tasks.testing.worker.TestWorker.executeAndMaintainThreadName(TestWorker.java:126)
  at org.gradle.api.internal.tasks.testing.worker.TestWorker.execute(TestWorker.java:103)
  at org.gradle.api.internal.tasks.testing.worker.TestWorker.execute(TestWorker.java:63)
  at org.gradle.process.internal.worker.child.ActionExecutionWorker.execute(ActionExecutionWorker.java:56)
  at org.gradle.process.internal.worker.child.SystemApplicationClassLoaderWorker.call(SystemApplicationClassLoaderWorker.java:122)
  at org.gradle.process.internal.worker.child.SystemApplicationClassLoaderWorker.call(SystemApplicationClassLoaderWorker.java:72)
  at worker.org.gradle.process.internal.worker.GradleWorkerMain.run(GradleWorkerMain.java:69)
  at worker.org.gradle.process.internal.worker.GradleWorkerMain.main(GradleWorkerMain.java:74)
</stacktrace>
</test-failure>


TypeScriptCompilerTests_M[jvm] > moduleAssignmentCompat1_ts has expected errors matching moduleAssignmentCompat1_errors_txt[jvm] FAILED

<test-failure test="com.xemantic.typescript.compiler.TypeScriptCompilerTests_M.mixinPrivateAndProtected_ts has expected errors matching mixinPrivateAndProtected_errors_txt" platform="jvm">
<message>
--- expected
+++ actual
@@ -1,27 +1,7 @@
-mixinPrivateAndProtected.ts(46,3): error TS2445: Property 'ptd' is protected and only accessible within class 'A' and its subclasses.
-mixinPrivateAndProtected.ts(47,3): error TS2341: Property 'pvt' is private and only accessible within class 'A'.
-mixinPrivateAndProtected.ts(49,4): error TS2339: Property 'pb' does not exist on type 'never'.
-  The intersection 'mixB<typeof A>.(Anonymous class) & A' was reduced to 'never' because property 'pvt' exists in multiple constituents and is private in some.
-mixinPrivateAndProtected.ts(50,4): error TS2339: Property 'ptd' does not exist on type 'never'.
-  The intersection 'mixB<typeof A>.(Anonymous class) & A' was reduced to 'never' because property 'pvt' exists in multiple constituents and is private in some.
-mixinPrivateAndProtected.ts(51,4): error TS2339: Property 'pvt' does not exist on type 'never'.
-  The intersection 'mixB<typeof A>.(Anonymous class) & A' was reduced to 'never' because property 'pvt' exists in multiple constituents and is private in some.
-mixinPrivateAndProtected.ts(53,5): error TS2339: Property 'pb' does not exist on type 'never'.
-  The intersection 'mixC<{ new (...args: any[]): mixB<typeof A>.(Anonymous class); prototype: mixB<any>.(Anonymous class); } & typeof A>.(Anonymous class) & mixB<typeof A>.(Anonymous class) & A' was reduced to 'never' because property 'pvt' exists in multiple constituents and is private in some.
-mixinPrivateAndProtected.ts(54,5): error TS2339: Property 'ptd' does not exist on type 'never'.
-  The intersection 'mixC<{ new (...args: any[]): mixB<typeof A>.(Anonymous class); prototype: mixB<any>.(Anonymous class); } & typeof A>.(Anonymous class) & mixB<typeof A>.(Anonymous class) & A' was reduced to 'never' because property 'pvt' exists in multiple constituents and is private in some.
-mixinPrivateAndProtected.ts(55,5): error TS2339: Property 'pvt' does not exist on type 'never'.
-  The intersection 'mixC<{ new (...args: any[]): mixB<typeof A>.(Anonymous class); prototype: mixB<any>.(Anonymous class); } & typeof A>.(Anonymous class) & mixB<typeof A>.(Anonymous class) & A' was reduced to 'never' because property 'pvt' exists in multiple constituents and is private in some.
-mixinPrivateAndProtected.ts(57,6): error TS2339: Property 'pb' does not exist on type 'never'.
-  The intersection 'mixC<{ new (...args: any[]): mixB2<typeof A>.(Anonymous class); prototype: mixB2<any>.(Anonymous class); } & typeof A>.(Anonymous class) & mixB2<typeof A>.(Anonymous class) & A' was reduced to 'never' because property 'pvt' exists in multiple constituents and is private in some.
-mixinPrivateAndProtected.ts(58,6): error TS2339: Property 'ptd' does not exist on type 'never'.
-  The intersection 'mixC<{ new (...args: any[]): mixB2<typeof A>.(Anonymous class); prototype: mixB2<any>.(Anonymous class); } & typeof A>.(Anonymous class) & mixB2<typeof A>.(Anonymous class) & A' was reduced to 'never' because property 'pvt' exists in multiple constituents and is private in some.
-mixinPrivateAndProtected.ts(59,6): error TS2339: Property 'pvt' does not exist on type 'never'.
-  The intersection 'mixC<{ new (...args: any[]): mixB2<typeof A>.(Anonymous class); prototype: mixB2<any>.(Anonymous class); } & typeof A>.(Anonymous class) & mixB2<typeof A>.(Anonymous class) & A' was reduced to 'never' because property 'pvt' exists in multiple constituents and is private in some.
 mixinPrivateAndProtected.ts(85,2): error TS2564: Property 'accountBalance' has no initializer and is not definitely assigned in the constructor.
 
 
-==== mixinPrivateAndProtected.ts (12 errors) ====
+==== mixinPrivateAndProtected.ts (1 errors) ====
     // Repro from #13830
     
     type Constructor<T> = new(...args: any[]) => T;
@@ -68,50 +48,19 @@
     
     a.pb.toFixed();
     a.ptd.toFixed();    // Error
-      ~~~
-!!! error TS2445: Property 'ptd' is protected and only accessible within class 'A' and its subclasses.
     a.pvt.toFixed();    // Error
-      ~~~
-!!! error TS2341: Property 'pvt' is private and only accessible within class 'A'.
     
     ab.pb.toFixed();
-       ~~
-!!! error TS2339: Property 'pb' does not exist on type 'never'.
-!!! error TS2339:   The intersection 'mixB<typeof A>.(Anonymous class) & A' was reduced to 'never' because property 'pvt' exists in multiple constituents and is private in some.
     ab.ptd.toFixed();   // Error
-       ~~~
-!!! error TS2339: Property 'ptd' does not exist on type 'never'.
-!!! error TS2339:   The intersection 'mixB<typeof A>.(Anonymous class) & A' was reduced to 'never' because property 'pvt' exists in multiple constituents and is private in some.
     ab.pvt.toFixed();   // Error
-       ~~~
-!!! error TS2339: Property 'pvt' does not exist on type 'never'.
-!!! error TS2339:   The intersection 'mixB<typeof A>.(Anonymous class) & A' was reduced to 'never' because property 'pvt' exists in multiple constituents and is private in some.
     
     abc.pb.toFixed();
-        ~~
-!!! error TS2339: Property 'pb' does not exist on type 'never'.
-!!! error TS2339:   The intersection 'mixC<{ new (...args: any[]): mixB<typeof A>.(Anonymous class); prototype: mixB<any>.(Anonymous class); } & typeof A>.(Anonymous class) & mixB<typeof A>.(Anonymous class) & A' was reduced to 'never' because property 'pvt' exists in multiple constituents and is private in some.
     abc.ptd.toFixed();  // Error
-        ~~~
-!!! error TS2339: Property 'ptd' does not exist on type 'never'.
-!!! error TS2339:   The intersection 'mixC<{ new (...args: any[]): mixB<typeof A>.(Anonymous class); prototype: mixB<any>.(Anonymous class); } & typeof A>.(Anonymous class) & mixB<typeof A>.(Anonymous class) & A' was reduced to 'never' because property 'pvt' exists in multiple constituents and is private in some.
     abc.pvt.toFixed();  // Error
-        ~~~
-!!! error TS2339: Property 'pvt' does not exist on type 'never'.
-!!! error TS2339:   The intersection 'mixC<{ new (...args: any[]): mixB<typeof A>.(Anonymous class); prototype: mixB<any>.(Anonymous class); } & typeof A>.(Anonymous class) & mixB<typeof A>.(Anonymous class) & A' was reduced to 'never' because property 'pvt' exists in multiple constituents and is private in some.
     
     ab2c.pb.toFixed();
-         ~~
-!!! error TS2339: Property 'pb' does not exist on type 'never'.
-!!! error TS2339:   The intersection 'mixC<{ new (...args: any[]): mixB2<typeof A>.(Anonymous class); prototype: mixB2<any>.(Anonymous class); } & typeof A>.(Anonymous class) & mixB2<typeof A>.(Anonymous class) & A' was reduced to 'never' because property 'pvt' exists in multiple constituents and is private in some.
     ab2c.ptd.toFixed(); // Error
-         ~~~
-!!! error TS2339: Property 'ptd' does not exist on type 'never'.
-!!! error TS2339:   The intersection 'mixC<{ new (...args: any[]): mixB2<typeof A>.(Anonymous class); prototype: mixB2<any>.(Anonymous class); } & typeof A>.(Anonymous class) & mixB2<typeof A>.(Anonymous class) & A' was reduced to 'never' because property 'pvt' exists in multiple constituents and is private in some.
     ab2c.pvt.toFixed(); // Error
-         ~~~
-!!! error TS2339: Property 'pvt' does not exist on type 'never'.
-!!! error TS2339:   The intersection 'mixC<{ new (...args: any[]): mixB2<typeof A>.(Anonymous class); prototype: mixB2<any>.(Anonymous class); } & typeof A>.(Anonymous class) & mixB2<typeof A>.(Anonymous class) & A' was reduced to 'never' because property 'pvt' exists in multiple constituents and is private in some.
     
     // Repro from #13924
     

</message>
<stacktrace>
  at org.junit.Assert.fail(Assert.java:89)
  at kotlin.test.junit.JUnitAsserter.fail(JUnitSupport.kt:56)
  at kotlin.test.AssertionsKt__AssertionsKt.fail(Assertions.kt:563)
  at kotlin.test.AssertionsKt.fail(Unknown Source)
  at com.xemantic.kotlin.test.SameAsKt.sameAs(SameAs.kt:52)
  at com.xemantic.typescript.compiler.TypeScriptTestSupportKt.errorsMatchBaseline(TypeScriptTestSupport.kt:135)
  at com.xemantic.typescript.compiler.TypeScriptCompilerTests_M.mixinPrivateAndProtected_ts has expected errors matching mixinPrivateAndProtected_errors_txt(TypeScriptCompilerTests_M.kt:1379)
  at java.base/jdk.internal.reflect.DirectMethodHandleAccessor.invoke(DirectMethodHandleAccessor.java:104)
  at java.base/java.lang.reflect.Method.invoke(Method.java:565)
  at org.junit.runners.model.FrameworkMethod$1.runReflectiveCall(FrameworkMethod.java:59)
  at org.junit.internal.runners.model.ReflectiveCallable.run(ReflectiveCallable.java:12)
  at org.junit.runners.model.FrameworkMethod.invokeExplosively(FrameworkMethod.java:56)
  at org.junit.internal.runners.statements.InvokeMethod.evaluate(InvokeMethod.java:17)
  at org.junit.runners.ParentRunner$3.evaluate(ParentRunner.java:306)
  at org.junit.runners.BlockJUnit4ClassRunner$1.evaluate(BlockJUnit4ClassRunner.java:100)
  at org.junit.runners.ParentRunner.runLeaf(ParentRunner.java:366)
  at org.junit.runners.BlockJUnit4ClassRunner.runChild(BlockJUnit4ClassRunner.java:103)
  at org.junit.runners.BlockJUnit4ClassRunner.runChild(BlockJUnit4ClassRunner.java:63)
  at org.junit.runners.ParentRunner$4.run(ParentRunner.java:331)
  at org.junit.runners.ParentRunner$1.schedule(ParentRunner.java:79)
  at org.junit.runners.ParentRunner.runChildren(ParentRunner.java:329)
  at org.junit.runners.ParentRunner.access$100(ParentRunner.java:66)
  at org.junit.runners.ParentRunner$2.evaluate(ParentRunner.java:293)
  at org.junit.runners.ParentRunner$3.evaluate(ParentRunner.java:306)
  at org.junit.runners.ParentRunner.run(ParentRunner.java:413)
  at org.junit.runner.JUnitCore.run(JUnitCore.java:137)
  at org.junit.runner.JUnitCore.run(JUnitCore.java:115)
  at org.gradle.api.internal.tasks.testing.junit.JUnitTestExecutor.runRequest(JUnitTestExecutor.java:175)
  at org.gradle.api.internal.tasks.testing.junit.JUnitTestExecutor.accept(JUnitTestExecutor.java:84)
  at org.gradle.api.internal.tasks.testing.junit.JUnitTestExecutor.accept(JUnitTestExecutor.java:47)
  at org.gradle.api.internal.tasks.testing.junit.AbstractJUnitTestDefinitionProcessor.processTestDefinition(AbstractJUnitTestDefinitionProcessor.java:65)
  at org.gradle.api.internal.tasks.testing.SuiteTestDefinitionProcessor.processTestDefinition(SuiteTestDefinitionProcessor.java:54)
  at java.base/jdk.internal.reflect.DirectMethodHandleAccessor.invoke(DirectMethodHandleAccessor.java:104)
  at java.base/java.lang.reflect.Method.invoke(Method.java:565)
  at org.gradle.internal.dispatch.MethodInvocation.invokeOn(MethodInvocation.java:77)
  at org.gradle.internal.dispatch.ReflectionDispatch.dispatch(ReflectionDispatch.java:28)
  at org.gradle.internal.dispatch.ReflectionDispatch.dispatch(ReflectionDispatch.java:19)
  at org.gradle.internal.dispatch.ContextClassLoaderDispatch.dispatch(ContextClassLoaderDispatch.java:33)
  at org.gradle.internal.dispatch.ProxyDispatchAdapter$DispatchingInvocationHandler.invoke(ProxyDispatchAdapter.java:88)
  at jdk.proxy1/jdk.proxy1.$Proxy4.processTestDefinition(Unknown Source)
  at org.gradle.api.internal.tasks.testing.worker.TestWorker$2.run(TestWorker.java:178)
  at org.gradle.api.internal.tasks.testing.worker.TestWorker.executeAndMaintainThreadName(TestWorker.java:126)
  at org.gradle.api.internal.tasks.testing.worker.TestWorker.execute(TestWorker.java:103)
  at org.gradle.api.internal.tasks.testing.worker.TestWorker.execute(TestWorker.java:63)
  at org.gradle.process.internal.worker.child.ActionExecutionWorker.execute(ActionExecutionWorker.java:56)
  at org.gradle.process.internal.worker.child.SystemApplicationClassLoaderWorker.call(SystemApplicationClassLoaderWorker.java:122)
  at org.gradle.process.internal.worker.child.SystemApplicationClassLoaderWorker.call(SystemApplicationClassLoaderWorker.java:72)
  at worker.org.gradle.process.internal.worker.GradleWorkerMain.run(GradleWorkerMain.java:69)
  at worker.org.gradle.process.internal.worker.GradleWorkerMain.main(GradleWorkerMain.java:74)
</stacktrace>
</test-failure>


TypeScriptCompilerTests_M[jvm] > mixinPrivateAndProtected_ts has expected errors matching mixinPrivateAndProtected_errors_txt[jvm] FAILED

<test-failure test="com.xemantic.typescript.compiler.TypeScriptCompilerTests_M.moduleAugmentationsImports2_ts has expected errors matching moduleAugmentationsImports2_errors_txt" platform="jvm">
<message>
--- expected
+++ actual
@@ -1,10 +1,6 @@
 error TS5101: Option 'outFile' is deprecated and will stop functioning in TypeScript 7.0. Specify compilerOption '"ignoreDeprecations": "6.0"' to silence this error.
 error TS5107: Option 'module=AMD' is deprecated and will stop functioning in TypeScript 7.0. Specify compilerOption '"ignoreDeprecations": "6.0"' to silence this error.
 b.ts(1,17): error TS2564: Property 'x' has no initializer and is not definitely assigned in the constructor.
-d.ts(6,1): error TS2322: Type '() => undefined' is not assignable to type '() => B'.
-  Type 'undefined' is not assignable to type 'B'.
-e.ts(4,1): error TS2322: Type '() => undefined' is not assignable to type '() => Cls'.
-  Type 'undefined' is not assignable to type 'Cls'.
 main.ts(6,9): error TS2454: Variable 'a' is used before being assigned.
 main.ts(7,9): error TS2454: Variable 'a' is used before being assigned.
 
@@ -24,16 +20,13 @@
         class Cls {y: string; }
     }
     
-==== d.ts (1 errors) ====
+==== d.ts (0 errors) ====
     /// <reference path="c.d.ts"/>
     
     import {A} from "./a";
     import {B} from "./b";
     
     A.prototype.getB = function () { return undefined; }
-    ~~~~~~~~~~~~~~~~
-!!! error TS2322: Type '() => undefined' is not assignable to type '() => B'.
-!!! error TS2322:   Type 'undefined' is not assignable to type 'B'.
     
     declare module "./a" {
         interface A {
@@ -41,14 +34,11 @@
         }
     }
     
-==== e.ts (1 errors) ====
+==== e.ts (0 errors) ====
     import {A} from "./a";
     import {Cls} from "C";
     
     A.prototype.getCls = function () { return undefined; }
-    ~~~~~~~~~~~~~~~~~~
-!!! error TS2322: Type '() => undefined' is not assignable to type '() => Cls'.
-!!! error TS2322:   Type 'undefined' is not assignable to type 'Cls'.
     
     declare module "./a" {
         interface A {

</message>
<stacktrace>
  at org.junit.Assert.fail(Assert.java:89)
  at kotlin.test.junit.JUnitAsserter.fail(JUnitSupport.kt:56)
  at kotlin.test.AssertionsKt__AssertionsKt.fail(Assertions.kt:563)
  at kotlin.test.AssertionsKt.fail(Unknown Source)
  at com.xemantic.kotlin.test.SameAsKt.sameAs(SameAs.kt:52)
  at com.xemantic.typescript.compiler.TypeScriptTestSupportKt.errorsMatchBaseline(TypeScriptTestSupport.kt:135)
  at com.xemantic.typescript.compiler.TypeScriptCompilerTests_M.moduleAugmentationsImports2_ts has expected errors matching moduleAugmentationsImports2_errors_txt(TypeScriptCompilerTests_M.kt:2296)
  at java.base/jdk.internal.reflect.DirectMethodHandleAccessor.invoke(DirectMethodHandleAccessor.java:104)
  at java.base/java.lang.reflect.Method.invoke(Method.java:565)
  at org.junit.runners.model.FrameworkMethod$1.runReflectiveCall(FrameworkMethod.java:59)
  at org.junit.internal.runners.model.ReflectiveCallable.run(ReflectiveCallable.java:12)
  at org.junit.runners.model.FrameworkMethod.invokeExplosively(FrameworkMethod.java:56)
  at org.junit.internal.runners.statements.InvokeMethod.evaluate(InvokeMethod.java:17)
  at org.junit.runners.ParentRunner$3.evaluate(ParentRunner.java:306)
  at org.junit.runners.BlockJUnit4ClassRunner$1.evaluate(BlockJUnit4ClassRunner.java:100)
  at org.junit.runners.ParentRunner.runLeaf(ParentRunner.java:366)
  at org.junit.runners.BlockJUnit4ClassRunner.runChild(BlockJUnit4ClassRunner.java:103)
  at org.junit.runners.BlockJUnit4ClassRunner.runChild(BlockJUnit4ClassRunner.java:63)
  at org.junit.runners.ParentRunner$4.run(ParentRunner.java:331)
  at org.junit.runners.ParentRunner$1.schedule(ParentRunner.java:79)
  at org.junit.runners.ParentRunner.runChildren(ParentRunner.java:329)
  at org.junit.runners.ParentRunner.access$100(ParentRunner.java:66)
  at org.junit.runners.ParentRunner$2.evaluate(ParentRunner.java:293)
  at org.junit.runners.ParentRunner$3.evaluate(ParentRunner.java:306)
  at org.junit.runners.ParentRunner.run(ParentRunner.java:413)
  at org.junit.runner.JUnitCore.run(JUnitCore.java:137)
  at org.junit.runner.JUnitCore.run(JUnitCore.java:115)
  at org.gradle.api.internal.tasks.testing.junit.JUnitTestExecutor.runRequest(JUnitTestExecutor.java:175)
  at org.gradle.api.internal.tasks.testing.junit.JUnitTestExecutor.accept(JUnitTestExecutor.java:84)
  at org.gradle.api.internal.tasks.testing.junit.JUnitTestExecutor.accept(JUnitTestExecutor.java:47)
  at org.gradle.api.internal.tasks.testing.junit.AbstractJUnitTestDefinitionProcessor.processTestDefinition(AbstractJUnitTestDefinitionProcessor.java:65)
  at org.gradle.api.internal.tasks.testing.SuiteTestDefinitionProcessor.processTestDefinition(SuiteTestDefinitionProcessor.java:54)
  at java.base/jdk.internal.reflect.DirectMethodHandleAccessor.invoke(DirectMethodHandleAccessor.java:104)
  at java.base/java.lang.reflect.Method.invoke(Method.java:565)
  at org.gradle.internal.dispatch.MethodInvocation.invokeOn(MethodInvocation.java:77)
  at org.gradle.internal.dispatch.ReflectionDispatch.dispatch(ReflectionDispatch.java:28)
  at org.gradle.internal.dispatch.ReflectionDispatch.dispatch(ReflectionDispatch.java:19)
  at org.gradle.internal.dispatch.ContextClassLoaderDispatch.dispatch(ContextClassLoaderDispatch.java:33)
  at org.gradle.internal.dispatch.ProxyDispatchAdapter$DispatchingInvocationHandler.invoke(ProxyDispatchAdapter.java:88)
  at jdk.proxy1/jdk.proxy1.$Proxy4.processTestDefinition(Unknown Source)
  at org.gradle.api.internal.tasks.testing.worker.TestWorker$2.run(TestWorker.java:178)
  at org.gradle.api.internal.tasks.testing.worker.TestWorker.executeAndMaintainThreadName(TestWorker.java:126)
  at org.gradle.api.internal.tasks.testing.worker.TestWorker.execute(TestWorker.java:103)
  at org.gradle.api.internal.tasks.testing.worker.TestWorker.execute(TestWorker.java:63)
  at org.gradle.process.internal.worker.child.ActionExecutionWorker.execute(ActionExecutionWorker.java:56)
  at org.gradle.process.internal.worker.child.SystemApplicationClassLoaderWorker.call(SystemApplicationClassLoaderWorker.java:122)
  at org.gradle.process.internal.worker.child.SystemApplicationClassLoaderWorker.call(SystemApplicationClassLoaderWorker.java:72)
  at worker.org.gradle.process.internal.worker.GradleWorkerMain.run(GradleWorkerMain.java:69)
  at worker.org.gradle.process.internal.worker.GradleWorkerMain.main(GradleWorkerMain.java:74)
</stacktrace>
</test-failure>


TypeScriptCompilerTests_M[jvm] > moduleAugmentationsImports2_ts has expected errors matching moduleAugmentationsImports2_errors_txt[jvm] FAILED

<test-failure test="com.xemantic.typescript.compiler.TypeScriptCompilerTests_M.moduleAndInterfaceSharingName2_ts has expected errors matching moduleAndInterfaceSharingName2_errors_txt" platform="jvm">
<message>
--- expected
+++ actual
@@ -1,8 +1,7 @@
 moduleAndInterfaceSharingName2.ts(7,5): error TS2322: Type 'null' is not assignable to type 'Z'.
-moduleAndInterfaceSharingName2.ts(8,9): error TS2315: Type 'Y' is not generic.
 
 
-==== moduleAndInterfaceSharingName2.ts (2 errors) ====
+==== moduleAndInterfaceSharingName2.ts (1 errors) ====
     namespace X {
         export namespace Y {
             export interface Z { }
@@ -13,5 +12,3 @@
         ~
 !!! error TS2322: Type 'null' is not assignable to type 'Z'.
     var z2: X.Y<string>;
-            ~~~~~~~~~~~
-!!! error TS2315: Type 'Y' is not generic.

</message>
<stacktrace>
  at org.junit.Assert.fail(Assert.java:89)
  at kotlin.test.junit.JUnitAsserter.fail(JUnitSupport.kt:56)
  at kotlin.test.AssertionsKt__AssertionsKt.fail(Assertions.kt:563)
  at kotlin.test.AssertionsKt.fail(Unknown Source)
  at com.xemantic.kotlin.test.SameAsKt.sameAs(SameAs.kt:52)
  at com.xemantic.typescript.compiler.TypeScriptTestSupportKt.errorsMatchBaseline(TypeScriptTestSupport.kt:135)
  at com.xemantic.typescript.compiler.TypeScriptCompilerTests_M.moduleAndInterfaceSharingName2_ts has expected errors matching moduleAndInterfaceSharingName2_errors_txt(TypeScriptCompilerTests_M.kt:1659)
  at java.base/jdk.internal.reflect.DirectMethodHandleAccessor.invoke(DirectMethodHandleAccessor.java:104)
  at java.base/java.lang.reflect.Method.invoke(Method.java:565)
  at org.junit.runners.model.FrameworkMethod$1.runReflectiveCall(FrameworkMethod.java:59)
  at org.junit.internal.runners.model.ReflectiveCallable.run(ReflectiveCallable.java:12)
  at org.junit.runners.model.FrameworkMethod.invokeExplosively(FrameworkMethod.java:56)
  at org.junit.internal.runners.statements.InvokeMethod.evaluate(InvokeMethod.java:17)
  at org.junit.runners.ParentRunner$3.evaluate(ParentRunner.java:306)
  at org.junit.runners.BlockJUnit4ClassRunner$1.evaluate(BlockJUnit4ClassRunner.java:100)
  at org.junit.runners.ParentRunner.runLeaf(ParentRunner.java:366)
  at org.junit.runners.BlockJUnit4ClassRunner.runChild(BlockJUnit4ClassRunner.java:103)
  at org.junit.runners.BlockJUnit4ClassRunner.runChild(BlockJUnit4ClassRunner.java:63)
  at org.junit.runners.ParentRunner$4.run(ParentRunner.java:331)
  at org.junit.runners.ParentRunner$1.schedule(ParentRunner.java:79)
  at org.junit.runners.ParentRunner.runChildren(ParentRunner.java:329)
  at org.junit.runners.ParentRunner.access$100(ParentRunner.java:66)
  at org.junit.runners.ParentRunner$2.evaluate(ParentRunner.java:293)
  at org.junit.runners.ParentRunner$3.evaluate(ParentRunner.java:306)
  at org.junit.runners.ParentRunner.run(ParentRunner.java:413)
  at org.junit.runner.JUnitCore.run(JUnitCore.java:137)
  at org.junit.runner.JUnitCore.run(JUnitCore.java:115)
  at org.gradle.api.internal.tasks.testing.junit.JUnitTestExecutor.runRequest(JUnitTestExecutor.java:175)
  at org.gradle.api.internal.tasks.testing.junit.JUnitTestExecutor.accept(JUnitTestExecutor.java:84)
  at org.gradle.api.internal.tasks.testing.junit.JUnitTestExecutor.accept(JUnitTestExecutor.java:47)
  at org.gradle.api.internal.tasks.testing.junit.AbstractJUnitTestDefinitionProcessor.processTestDefinition(AbstractJUnitTestDefinitionProcessor.java:65)
  at org.gradle.api.internal.tasks.testing.SuiteTestDefinitionProcessor.processTestDefinition(SuiteTestDefinitionProcessor.java:54)
  at java.base/jdk.internal.reflect.DirectMethodHandleAccessor.invoke(DirectMethodHandleAccessor.java:104)
  at java.base/java.lang.reflect.Method.invoke(Method.java:565)
  at org.gradle.internal.dispatch.MethodInvocation.invokeOn(MethodInvocation.java:77)
  at org.gradle.internal.dispatch.ReflectionDispatch.dispatch(ReflectionDispatch.java:28)
  at org.gradle.internal.dispatch.ReflectionDispatch.dispatch(ReflectionDispatch.java:19)
  at org.gradle.internal.dispatch.ContextClassLoaderDispatch.dispatch(ContextClassLoaderDispatch.java:33)
  at org.gradle.internal.dispatch.ProxyDispatchAdapter$DispatchingInvocationHandler.invoke(ProxyDispatchAdapter.java:88)
  at jdk.proxy1/jdk.proxy1.$Proxy4.processTestDefinition(Unknown Source)
  at org.gradle.api.internal.tasks.testing.worker.TestWorker$2.run(TestWorker.java:178)
  at org.gradle.api.internal.tasks.testing.worker.TestWorker.executeAndMaintainThreadName(TestWorker.java:126)
  at org.gradle.api.internal.tasks.testing.worker.TestWorker.execute(TestWorker.java:103)
  at org.gradle.api.internal.tasks.testing.worker.TestWorker.execute(TestWorker.java:63)
  at org.gradle.process.internal.worker.child.ActionExecutionWorker.execute(ActionExecutionWorker.java:56)
  at org.gradle.process.internal.worker.child.SystemApplicationClassLoaderWorker.call(SystemApplicationClassLoaderWorker.java:122)
  at org.gradle.process.internal.worker.child.SystemApplicationClassLoaderWorker.call(SystemApplicationClassLoaderWorker.java:72)
  at worker.org.gradle.process.internal.worker.GradleWorkerMain.run(GradleWorkerMain.java:69)
  at worker.org.gradle.process.internal.worker.GradleWorkerMain.main(GradleWorkerMain.java:74)
</stacktrace>
</test-failure>


TypeScriptCompilerTests_M[jvm] > moduleAndInterfaceSharingName2_ts has expected errors matching moduleAndInterfaceSharingName2_errors_txt[jvm] FAILED

<test-failure test="com.xemantic.typescript.compiler.TypeScriptCompilerTests_M.moduleExportsUnaryExpression_ts compiles to JavaScript matching moduleExportsUnaryExpression_js" platform="jvm">
<message>
--- expected
+++ actual
@@ -20,23 +20,22 @@
 
 //// [moduleExportsUnaryExpression.js]
 "use strict";
-var _a, _b, _c, _d;
 Object.defineProperty(exports, "__esModule", { value: true });
 exports.x = void 0;
 exports.foo = foo;
 let x = 1;
 exports.x = x;
 function foo(y) {
-    if (y <= (exports.x = (_a = x++, x), _a))
-        return y <= (exports.x = (_b = x++, x), _b);
-    if (y <= (exports.x = (_c = x--, x), _c))
-        return y <= (exports.x = (_d = x--, x), _d);
-    if (y <= (exports.x = ++x))
-        return y <= (exports.x = ++x);
-    if (y <= (exports.x = --x))
-        return y <= (exports.x = --x);
-    exports.x = (x++, x);
-    exports.x = (x--, x);
-    exports.x = ++x;
-    exports.x = --x;
+    if (y <= x++)
+        return y <= x++;
+    if (y <= x--)
+        return y <= x--;
+    if (y <= ++x)
+        return y <= ++x;
+    if (y <= --x)
+        return y <= --x;
+    x++;
+    x--;
+    ++x;
+    --x;
 }

</message>
<stacktrace>
  at org.junit.Assert.fail(Assert.java:89)
  at kotlin.test.junit.JUnitAsserter.fail(JUnitSupport.kt:56)
  at kotlin.test.AssertionsKt__AssertionsKt.fail(Assertions.kt:563)
  at kotlin.test.AssertionsKt.fail(Unknown Source)
  at com.xemantic.kotlin.test.SameAsKt.sameAs(SameAs.kt:52)
  at com.xemantic.typescript.compiler.TypeScriptTestSupportKt.sameAs(TypeScriptTestSupport.kt:99)
  at com.xemantic.typescript.compiler.TypeScriptCompilerTests_M.moduleExportsUnaryExpression_ts compiles to JavaScript matching moduleExportsUnaryExpression_js(TypeScriptCompilerTests_M.kt:2478)
  at java.base/jdk.internal.reflect.DirectMethodHandleAccessor.invoke(DirectMethodHandleAccessor.java:104)
  at java.base/java.lang.reflect.Method.invoke(Method.java:565)
  at org.junit.runners.model.FrameworkMethod$1.runReflectiveCall(FrameworkMethod.java:59)
  at org.junit.internal.runners.model.ReflectiveCallable.run(ReflectiveCallable.java:12)
  at org.junit.runners.model.FrameworkMethod.invokeExplosively(FrameworkMethod.java:56)
  at org.junit.internal.runners.statements.InvokeMethod.evaluate(InvokeMethod.java:17)
  at org.junit.runners.ParentRunner$3.evaluate(ParentRunner.java:306)
  at org.junit.runners.BlockJUnit4ClassRunner$1.evaluate(BlockJUnit4ClassRunner.java:100)
  at org.junit.runners.ParentRunner.runLeaf(ParentRunner.java:366)
  at org.junit.runners.BlockJUnit4ClassRunner.runChild(BlockJUnit4ClassRunner.java:103)
  at org.junit.runners.BlockJUnit4ClassRunner.runChild(BlockJUnit4ClassRunner.java:63)
  at org.junit.runners.ParentRunner$4.run(ParentRunner.java:331)
  at org.junit.runners.ParentRunner$1.schedule(ParentRunner.java:79)
  at org.junit.runners.ParentRunner.runChildren(ParentRunner.java:329)
  at org.junit.runners.ParentRunner.access$100(ParentRunner.java:66)
  at org.junit.runners.ParentRunner$2.evaluate(ParentRunner.java:293)
  at org.junit.runners.ParentRunner$3.evaluate(ParentRunner.java:306)
  at org.junit.runners.ParentRunner.run(ParentRunner.java:413)
  at org.junit.runner.JUnitCore.run(JUnitCore.java:137)
  at org.junit.runner.JUnitCore.run(JUnitCore.java:115)
  at org.gradle.api.internal.tasks.testing.junit.JUnitTestExecutor.runRequest(JUnitTestExecutor.java:175)
  at org.gradle.api.internal.tasks.testing.junit.JUnitTestExecutor.accept(JUnitTestExecutor.java:84)
  at org.gradle.api.internal.tasks.testing.junit.JUnitTestExecutor.accept(JUnitTestExecutor.java:47)
  at org.gradle.api.internal.tasks.testing.junit.AbstractJUnitTestDefinitionProcessor.processTestDefinition(AbstractJUnitTestDefinitionProcessor.java:65)
  at org.gradle.api.internal.tasks.testing.SuiteTestDefinitionProcessor.processTestDefinition(SuiteTestDefinitionProcessor.java:54)
  at java.base/jdk.internal.reflect.DirectMethodHandleAccessor.invoke(DirectMethodHandleAccessor.java:104)
  at java.base/java.lang.reflect.Method.invoke(Method.java:565)
  at org.gradle.internal.dispatch.MethodInvocation.invokeOn(MethodInvocation.java:77)
  at org.gradle.internal.dispatch.ReflectionDispatch.dispatch(ReflectionDispatch.java:28)
  at org.gradle.internal.dispatch.ReflectionDispatch.dispatch(ReflectionDispatch.java:19)
  at org.gradle.internal.dispatch.ContextClassLoaderDispatch.dispatch(ContextClassLoaderDispatch.java:33)
  at org.gradle.internal.dispatch.ProxyDispatchAdapter$DispatchingInvocationHandler.invoke(ProxyDispatchAdapter.java:88)
  at jdk.proxy1/jdk.proxy1.$Proxy4.processTestDefinition(Unknown Source)
  at org.gradle.api.internal.tasks.testing.worker.TestWorker$2.run(TestWorker.java:178)
  at org.gradle.api.internal.tasks.testing.worker.TestWorker.executeAndMaintainThreadName(TestWorker.java:126)
  at org.gradle.api.internal.tasks.testing.worker.TestWorker.execute(TestWorker.java:103)
  at org.gradle.api.internal.tasks.testing.worker.TestWorker.execute(TestWorker.java:63)
  at org.gradle.process.internal.worker.child.ActionExecutionWorker.execute(ActionExecutionWorker.java:56)
  at org.gradle.process.internal.worker.child.SystemApplicationClassLoaderWorker.call(SystemApplicationClassLoaderWorker.java:122)
  at org.gradle.process.internal.worker.child.SystemApplicationClassLoaderWorker.call(SystemApplicationClassLoaderWorker.java:72)
  at worker.org.gradle.process.internal.worker.GradleWorkerMain.run(GradleWorkerMain.java:69)
  at worker.org.gradle.process.internal.worker.GradleWorkerMain.main(GradleWorkerMain.java:74)
</stacktrace>
</test-failure>


TypeScriptCompilerTests_M[jvm] > moduleExportsUnaryExpression_ts compiles to JavaScript matching moduleExportsUnaryExpression_js[jvm] FAILED

<test-failure test="com.xemantic.typescript.compiler.TypeScriptCompilerTests_M.mergedDeclarations2_ts has expected errors matching mergedDeclarations2_errors_txt" platform="jvm">
<message>
Expected diagnostics from baseline typescript-repo/tests/baselines/reference/mergedDeclarations2.errors.txt but none produced
</message>
<stacktrace>
  at com.xemantic.typescript.compiler.TypeScriptTestSupportKt.errorsMatchBaseline(TypeScriptTestSupport.kt:125)
  at com.xemantic.typescript.compiler.TypeScriptCompilerTests_M.mergedDeclarations2_ts has expected errors matching mergedDeclarations2_errors_txt(TypeScriptCompilerTests_M.kt:616)
  at java.base/jdk.internal.reflect.DirectMethodHandleAccessor.invoke(DirectMethodHandleAccessor.java:104)
  at java.base/java.lang.reflect.Method.invoke(Method.java:565)
  at org.junit.runners.model.FrameworkMethod$1.runReflectiveCall(FrameworkMethod.java:59)
  at org.junit.internal.runners.model.ReflectiveCallable.run(ReflectiveCallable.java:12)
  at org.junit.runners.model.FrameworkMethod.invokeExplosively(FrameworkMethod.java:56)
  at org.junit.internal.runners.statements.InvokeMethod.evaluate(InvokeMethod.java:17)
  at org.junit.runners.ParentRunner$3.evaluate(ParentRunner.java:306)
  at org.junit.runners.BlockJUnit4ClassRunner$1.evaluate(BlockJUnit4ClassRunner.java:100)
  at org.junit.runners.ParentRunner.runLeaf(ParentRunner.java:366)
  at org.junit.runners.BlockJUnit4ClassRunner.runChild(BlockJUnit4ClassRunner.java:103)
  at org.junit.runners.BlockJUnit4ClassRunner.runChild(BlockJUnit4ClassRunner.java:63)
  at org.junit.runners.ParentRunner$4.run(ParentRunner.java:331)
  at org.junit.runners.ParentRunner$1.schedule(ParentRunner.java:79)
  at org.junit.runners.ParentRunner.runChildren(ParentRunner.java:329)
  at org.junit.runners.ParentRunner.access$100(ParentRunner.java:66)
  at org.junit.runners.ParentRunner$2.evaluate(ParentRunner.java:293)
  at org.junit.runners.ParentRunner$3.evaluate(ParentRunner.java:306)
  at org.junit.runners.ParentRunner.run(ParentRunner.java:413)
  at org.junit.runner.JUnitCore.run(JUnitCore.java:137)
  at org.junit.runner.JUnitCore.run(JUnitCore.java:115)
  at org.gradle.api.internal.tasks.testing.junit.JUnitTestExecutor.runRequest(JUnitTestExecutor.java:175)
  at org.gradle.api.internal.tasks.testing.junit.JUnitTestExecutor.accept(JUnitTestExecutor.java:84)
  at org.gradle.api.internal.tasks.testing.junit.JUnitTestExecutor.accept(JUnitTestExecutor.java:47)
  at org.gradle.api.internal.tasks.testing.junit.AbstractJUnitTestDefinitionProcessor.processTestDefinition(AbstractJUnitTestDefinitionProcessor.java:65)
  at org.gradle.api.internal.tasks.testing.SuiteTestDefinitionProcessor.processTestDefinition(SuiteTestDefinitionProcessor.java:54)
  at java.base/jdk.internal.reflect.DirectMethodHandleAccessor.invoke(DirectMethodHandleAccessor.java:104)
  at java.base/java.lang.reflect.Method.invoke(Method.java:565)
  at org.gradle.internal.dispatch.MethodInvocation.invokeOn(MethodInvocation.java:77)
  at org.gradle.internal.dispatch.ReflectionDispatch.dispatch(ReflectionDispatch.java:28)
  at org.gradle.internal.dispatch.ReflectionDispatch.dispatch(ReflectionDispatch.java:19)
  at org.gradle.internal.dispatch.ContextClassLoaderDispatch.dispatch(ContextClassLoaderDispatch.java:33)
  at org.gradle.internal.dispatch.ProxyDispatchAdapter$DispatchingInvocationHandler.invoke(ProxyDispatchAdapter.java:88)
  at jdk.proxy1/jdk.proxy1.$Proxy4.processTestDefinition(Unknown Source)
  at org.gradle.api.internal.tasks.testing.worker.TestWorker$2.run(TestWorker.java:178)
  at org.gradle.api.internal.tasks.testing.worker.TestWorker.executeAndMaintainThreadName(TestWorker.java:126)
  at org.gradle.api.internal.tasks.testing.worker.TestWorker.execute(TestWorker.java:103)
  at org.gradle.api.internal.tasks.testing.worker.TestWorker.execute(TestWorker.java:63)
  at org.gradle.process.internal.worker.child.ActionExecutionWorker.execute(ActionExecutionWorker.java:56)
  at org.gradle.process.internal.worker.child.SystemApplicationClassLoaderWorker.call(SystemApplicationClassLoaderWorker.java:122)
  at org.gradle.process.internal.worker.child.SystemApplicationClassLoaderWorker.call(SystemApplicationClassLoaderWorker.java:72)
  at worker.org.gradle.process.internal.worker.GradleWorkerMain.run(GradleWorkerMain.java:69)
  at worker.org.gradle.process.internal.worker.GradleWorkerMain.main(GradleWorkerMain.java:74)
</stacktrace>
</test-failure>


TypeScriptCompilerTests_M[jvm] > mergedDeclarations2_ts has expected errors matching mergedDeclarations2_errors_txt[jvm] FAILED

<test-failure test="com.xemantic.typescript.compiler.TypeScriptCompilerTests_M.moduleAugmentationsImports2_ts compiles to JavaScript matching moduleAugmentationsImports2_js" platform="jvm">
<message>
--- expected
+++ actual
@@ -70,10 +70,10 @@
     Object.defineProperty(exports, "__esModule", { value: true });
     a_1.A.prototype.getB = function () { return undefined; };
 });
-define("e", ["require", "exports", "a"], function (require, exports, a_2) {
+define("e", ["require", "exports", "a"], function (require, exports, a_1) {
     "use strict";
     Object.defineProperty(exports, "__esModule", { value: true });
-    a_2.A.prototype.getCls = function () { return undefined; };
+    a_1.A.prototype.getCls = function () { return undefined; };
 });
 define("main", ["require", "exports", "d", "e"], function (require, exports) {
     "use strict";

</message>
<stacktrace>
  at org.junit.Assert.fail(Assert.java:89)
  at kotlin.test.junit.JUnitAsserter.fail(JUnitSupport.kt:56)
  at kotlin.test.AssertionsKt__AssertionsKt.fail(Assertions.kt:563)
  at kotlin.test.AssertionsKt.fail(Unknown Source)
  at com.xemantic.kotlin.test.SameAsKt.sameAs(SameAs.kt:52)
  at com.xemantic.typescript.compiler.TypeScriptTestSupportKt.sameAs(TypeScriptTestSupport.kt:99)
  at com.xemantic.typescript.compiler.TypeScriptCompilerTests_M.moduleAugmentationsImports2_ts compiles to JavaScript matching moduleAugmentationsImports2_js(TypeScriptCompilerTests_M.kt:2289)
  at java.base/jdk.internal.reflect.DirectMethodHandleAccessor.invoke(DirectMethodHandleAccessor.java:104)
  at java.base/java.lang.reflect.Method.invoke(Method.java:565)
  at org.junit.runners.model.FrameworkMethod$1.runReflectiveCall(FrameworkMethod.java:59)
  at org.junit.internal.runners.model.ReflectiveCallable.run(ReflectiveCallable.java:12)
  at org.junit.runners.model.FrameworkMethod.invokeExplosively(FrameworkMethod.java:56)
  at org.junit.internal.runners.statements.InvokeMethod.evaluate(InvokeMethod.java:17)
  at org.junit.runners.ParentRunner$3.evaluate(ParentRunner.java:306)
  at org.junit.runners.BlockJUnit4ClassRunner$1.evaluate(BlockJUnit4ClassRunner.java:100)
  at org.junit.runners.ParentRunner.runLeaf(ParentRunner.java:366)
  at org.junit.runners.BlockJUnit4ClassRunner.runChild(BlockJUnit4ClassRunner.java:103)
  at org.junit.runners.BlockJUnit4ClassRunner.runChild(BlockJUnit4ClassRunner.java:63)
  at org.junit.runners.ParentRunner$4.run(ParentRunner.java:331)
  at org.junit.runners.ParentRunner$1.schedule(ParentRunner.java:79)
  at org.junit.runners.ParentRunner.runChildren(ParentRunner.java:329)
  at org.junit.runners.ParentRunner.access$100(ParentRunner.java:66)
  at org.junit.runners.ParentRunner$2.evaluate(ParentRunner.java:293)
  at org.junit.runners.ParentRunner$3.evaluate(ParentRunner.java:306)
  at org.junit.runners.ParentRunner.run(ParentRunner.java:413)
  at org.junit.runner.JUnitCore.run(JUnitCore.java:137)
  at org.junit.runner.JUnitCore.run(JUnitCore.java:115)
  at org.gradle.api.internal.tasks.testing.junit.JUnitTestExecutor.runRequest(JUnitTestExecutor.java:175)
  at org.gradle.api.internal.tasks.testing.junit.JUnitTestExecutor.accept(JUnitTestExecutor.java:84)
  at org.gradle.api.internal.tasks.testing.junit.JUnitTestExecutor.accept(JUnitTestExecutor.java:47)
  at org.gradle.api.internal.tasks.testing.junit.AbstractJUnitTestDefinitionProcessor.processTestDefinition(AbstractJUnitTestDefinitionProcessor.java:65)
  at org.gradle.api.internal.tasks.testing.SuiteTestDefinitionProcessor.processTestDefinition(SuiteTestDefinitionProcessor.java:54)
  at java.base/jdk.internal.reflect.DirectMethodHandleAccessor.invoke(DirectMethodHandleAccessor.java:104)
  at java.base/java.lang.reflect.Method.invoke(Method.java:565)
  at org.gradle.internal.dispatch.MethodInvocation.invokeOn(MethodInvocation.java:77)
  at org.gradle.internal.dispatch.ReflectionDispatch.dispatch(ReflectionDispatch.java:28)
  at org.gradle.internal.dispatch.ReflectionDispatch.dispatch(ReflectionDispatch.java:19)
  at org.gradle.internal.dispatch.ContextClassLoaderDispatch.dispatch(ContextClassLoaderDispatch.java:33)
  at org.gradle.internal.dispatch.ProxyDispatchAdapter$DispatchingInvocationHandler.invoke(ProxyDispatchAdapter.java:88)
  at jdk.proxy1/jdk.proxy1.$Proxy4.processTestDefinition(Unknown Source)
  at org.gradle.api.internal.tasks.testing.worker.TestWorker$2.run(TestWorker.java:178)
  at org.gradle.api.internal.tasks.testing.worker.TestWorker.executeAndMaintainThreadName(TestWorker.java:126)
  at org.gradle.api.internal.tasks.testing.worker.TestWorker.execute(TestWorker.java:103)
  at org.gradle.api.internal.tasks.testing.worker.TestWorker.execute(TestWorker.java:63)
  at org.gradle.process.internal.worker.child.ActionExecutionWorker.execute(ActionExecutionWorker.java:56)
  at org.gradle.process.internal.worker.child.SystemApplicationClassLoaderWorker.call(SystemApplicationClassLoaderWorker.java:122)
  at org.gradle.process.internal.worker.child.SystemApplicationClassLoaderWorker.call(SystemApplicationClassLoaderWorker.java:72)
  at worker.org.gradle.process.internal.worker.GradleWorkerMain.run(GradleWorkerMain.java:69)
  at worker.org.gradle.process.internal.worker.GradleWorkerMain.main(GradleWorkerMain.java:74)
</stacktrace>
</test-failure>


TypeScriptCompilerTests_M[jvm] > moduleAugmentationsImports2_ts compiles to JavaScript matching moduleAugmentationsImports2_js[jvm] FAILED

<test-failure test="com.xemantic.typescript.compiler.TypeScriptCompilerTests_M.moduleMemberMissingErrorIsRelative_ts has expected errors matching moduleMemberMissingErrorIsRelative_errors_txt" platform="jvm">
<message>
Expected diagnostics from baseline typescript-repo/tests/baselines/reference/moduleMemberMissingErrorIsRelative.errors.txt but none produced
</message>
<stacktrace>
  at com.xemantic.typescript.compiler.TypeScriptTestSupportKt.errorsMatchBaseline(TypeScriptTestSupport.kt:125)
  at com.xemantic.typescript.compiler.TypeScriptCompilerTests_M.moduleMemberMissingErrorIsRelative_ts has expected errors matching moduleMemberMissingErrorIsRelative_errors_txt(TypeScriptCompilerTests_M.kt:2576)
  at java.base/jdk.internal.reflect.DirectMethodHandleAccessor.invoke(DirectMethodHandleAccessor.java:104)
  at java.base/java.lang.reflect.Method.invoke(Method.java:565)
  at org.junit.runners.model.FrameworkMethod$1.runReflectiveCall(FrameworkMethod.java:59)
  at org.junit.internal.runners.model.ReflectiveCallable.run(ReflectiveCallable.java:12)
  at org.junit.runners.model.FrameworkMethod.invokeExplosively(FrameworkMethod.java:56)
  at org.junit.internal.runners.statements.InvokeMethod.evaluate(InvokeMethod.java:17)
  at org.junit.runners.ParentRunner$3.evaluate(ParentRunner.java:306)
  at org.junit.runners.BlockJUnit4ClassRunner$1.evaluate(BlockJUnit4ClassRunner.java:100)
  at org.junit.runners.ParentRunner.runLeaf(ParentRunner.java:366)
  at org.junit.runners.BlockJUnit4ClassRunner.runChild(BlockJUnit4ClassRunner.java:103)
  at org.junit.runners.BlockJUnit4ClassRunner.runChild(BlockJUnit4ClassRunner.java:63)
  at org.junit.runners.ParentRunner$4.run(ParentRunner.java:331)
  at org.junit.runners.ParentRunner$1.schedule(ParentRunner.java:79)
  at org.junit.runners.ParentRunner.runChildren(ParentRunner.java:329)
  at org.junit.runners.ParentRunner.access$100(ParentRunner.java:66)
  at org.junit.runners.ParentRunner$2.evaluate(ParentRunner.java:293)
  at org.junit.runners.ParentRunner$3.evaluate(ParentRunner.java:306)
  at org.junit.runners.ParentRunner.run(ParentRunner.java:413)
  at org.junit.runner.JUnitCore.run(JUnitCore.java:137)
  at org.junit.runner.JUnitCore.run(JUnitCore.java:115)
  at org.gradle.api.internal.tasks.testing.junit.JUnitTestExecutor.runRequest(JUnitTestExecutor.java:175)
  at org.gradle.api.internal.tasks.testing.junit.JUnitTestExecutor.accept(JUnitTestExecutor.java:84)
  at org.gradle.api.internal.tasks.testing.junit.JUnitTestExecutor.accept(JUnitTestExecutor.java:47)
  at org.gradle.api.internal.tasks.testing.junit.AbstractJUnitTestDefinitionProcessor.processTestDefinition(AbstractJUnitTestDefinitionProcessor.java:65)
  at org.gradle.api.internal.tasks.testing.SuiteTestDefinitionProcessor.processTestDefinition(SuiteTestDefinitionProcessor.java:54)
  at java.base/jdk.internal.reflect.DirectMethodHandleAccessor.invoke(DirectMethodHandleAccessor.java:104)
  at java.base/java.lang.reflect.Method.invoke(Method.java:565)
  at org.gradle.internal.dispatch.MethodInvocation.invokeOn(MethodInvocation.java:77)
  at org.gradle.internal.dispatch.ReflectionDispatch.dispatch(ReflectionDispatch.java:28)
  at org.gradle.internal.dispatch.ReflectionDispatch.dispatch(ReflectionDispatch.java:19)
  at org.gradle.internal.dispatch.ContextClassLoaderDispatch.dispatch(ContextClassLoaderDispatch.java:33)
  at org.gradle.internal.dispatch.ProxyDispatchAdapter$DispatchingInvocationHandler.invoke(ProxyDispatchAdapter.java:88)
  at jdk.proxy1/jdk.proxy1.$Proxy4.processTestDefinition(Unknown Source)
  at org.gradle.api.internal.tasks.testing.worker.TestWorker$2.run(TestWorker.java:178)
  at org.gradle.api.internal.tasks.testing.worker.TestWorker.executeAndMaintainThreadName(TestWorker.java:126)
  at org.gradle.api.internal.tasks.testing.worker.TestWorker.execute(TestWorker.java:103)
  at org.gradle.api.internal.tasks.testing.worker.TestWorker.execute(TestWorker.java:63)
  at org.gradle.process.internal.worker.child.ActionExecutionWorker.execute(ActionExecutionWorker.java:56)
  at org.gradle.process.internal.worker.child.SystemApplicationClassLoaderWorker.call(SystemApplicationClassLoaderWorker.java:122)
  at org.gradle.process.internal.worker.child.SystemApplicationClassLoaderWorker.call(SystemApplicationClassLoaderWorker.java:72)
  at worker.org.gradle.process.internal.worker.GradleWorkerMain.run(GradleWorkerMain.java:69)
  at worker.org.gradle.process.internal.worker.GradleWorkerMain.main(GradleWorkerMain.java:74)
</stacktrace>
</test-failure>


TypeScriptCompilerTests_M[jvm] > moduleMemberMissingErrorIsRelative_ts has expected errors matching moduleMemberMissingErrorIsRelative_errors_txt[jvm] FAILED

<test-failure test="com.xemantic.typescript.compiler.TypeScriptCompilerTests_M.multipleInheritance_ts has expected errors matching multipleInheritance_errors_txt" platform="jvm">
<message>
--- expected
+++ actual
@@ -1,12 +1,9 @@
-multipleInheritance.ts(9,21): error TS1174: Classes can only extend a single class.
-multipleInheritance.ts(18,21): error TS1174: Classes can only extend a single class.
-multipleInheritance.ts(35,12): error TS2425: Class 'Good' defines instance member property 'f', but extended class 'Baad' defines it as instance member function.
 multipleInheritance.ts(36,12): error TS2416: Property 'g' in type 'Baad' is not assignable to the same property in base type 'Good'.
-  Type '(n: number) => number' is not assignable to type '() => number'.
+  Type '(n: number) => any' is not assignable to type '() => any'.
     Target signature provides too few arguments. Expected 1 or more, but got 0.
 
 
-==== multipleInheritance.ts (4 errors) ====
+==== multipleInheritance.ts (1 errors) ====
     class B1 {
         public x;
     }
@@ -16,8 +13,6 @@
     }
     
     class C extends B1, B2 { // duplicate member
-                        ~~
-!!! error TS1174: Classes can only extend a single class.
     }
     
     class D1 extends B1 {
@@ -27,8 +22,6 @@
     }
     
     class E extends D1, D2 { // nope, duplicate member
-                        ~~
-!!! error TS1174: Classes can only extend a single class.
     }
     
     class N {
@@ -46,11 +39,9 @@
     
     class Baad extends Good {
         public f(): number { return 0; }
-               ~
-!!! error TS2425: Class 'Good' defines instance member property 'f', but extended class 'Baad' defines it as instance member function.
         public g(n:number) { return 0; }
                ~
 !!! error TS2416: Property 'g' in type 'Baad' is not assignable to the same property in base type 'Good'.
-!!! error TS2416:   Type '(n: number) => number' is not assignable to type '() => number'.
+!!! error TS2416:   Type '(n: number) => any' is not assignable to type '() => any'.
 !!! error TS2416:     Target signature provides too few arguments. Expected 1 or more, but got 0.
     }

</message>
<stacktrace>
  at org.junit.Assert.fail(Assert.java:89)
  at kotlin.test.junit.JUnitAsserter.fail(JUnitSupport.kt:56)
  at kotlin.test.AssertionsKt__AssertionsKt.fail(Assertions.kt:563)
  at kotlin.test.AssertionsKt.fail(Unknown Source)
  at com.xemantic.kotlin.test.SameAsKt.sameAs(SameAs.kt:52)
  at com.xemantic.typescript.compiler.TypeScriptTestSupportKt.errorsMatchBaseline(TypeScriptTestSupport.kt:135)
  at com.xemantic.typescript.compiler.TypeScriptCompilerTests_M.multipleInheritance_ts has expected errors matching multipleInheritance_errors_txt(TypeScriptCompilerTests_M.kt:4032)
  at java.base/jdk.internal.reflect.DirectMethodHandleAccessor.invoke(DirectMethodHandleAccessor.java:104)
  at java.base/java.lang.reflect.Method.invoke(Method.java:565)
  at org.junit.runners.model.FrameworkMethod$1.runReflectiveCall(FrameworkMethod.java:59)
  at org.junit.internal.runners.model.ReflectiveCallable.run(ReflectiveCallable.java:12)
  at org.junit.runners.model.FrameworkMethod.invokeExplosively(FrameworkMethod.java:56)
  at org.junit.internal.runners.statements.InvokeMethod.evaluate(InvokeMethod.java:17)
  at org.junit.runners.ParentRunner$3.evaluate(ParentRunner.java:306)
  at org.junit.runners.BlockJUnit4ClassRunner$1.evaluate(BlockJUnit4ClassRunner.java:100)
  at org.junit.runners.ParentRunner.runLeaf(ParentRunner.java:366)
  at org.junit.runners.BlockJUnit4ClassRunner.runChild(BlockJUnit4ClassRunner.java:103)
  at org.junit.runners.BlockJUnit4ClassRunner.runChild(BlockJUnit4ClassRunner.java:63)
  at org.junit.runners.ParentRunner$4.run(ParentRunner.java:331)
  at org.junit.runners.ParentRunner$1.schedule(ParentRunner.java:79)
  at org.junit.runners.ParentRunner.runChildren(ParentRunner.java:329)
  at org.junit.runners.ParentRunner.access$100(ParentRunner.java:66)
  at org.junit.runners.ParentRunner$2.evaluate(ParentRunner.java:293)
  at org.junit.runners.ParentRunner$3.evaluate(ParentRunner.java:306)
  at org.junit.runners.ParentRunner.run(ParentRunner.java:413)
  at org.junit.runner.JUnitCore.run(JUnitCore.java:137)
  at org.junit.runner.JUnitCore.run(JUnitCore.java:115)
  at org.gradle.api.internal.tasks.testing.junit.JUnitTestExecutor.runRequest(JUnitTestExecutor.java:175)
  at org.gradle.api.internal.tasks.testing.junit.JUnitTestExecutor.accept(JUnitTestExecutor.java:84)
  at org.gradle.api.internal.tasks.testing.junit.JUnitTestExecutor.accept(JUnitTestExecutor.java:47)
  at org.gradle.api.internal.tasks.testing.junit.AbstractJUnitTestDefinitionProcessor.processTestDefinition(AbstractJUnitTestDefinitionProcessor.java:65)
  at org.gradle.api.internal.tasks.testing.SuiteTestDefinitionProcessor.processTestDefinition(SuiteTestDefinitionProcessor.java:54)
  at java.base/jdk.internal.reflect.DirectMethodHandleAccessor.invoke(DirectMethodHandleAccessor.java:104)
  at java.base/java.lang.reflect.Method.invoke(Method.java:565)
  at org.gradle.internal.dispatch.MethodInvocation.invokeOn(MethodInvocation.java:77)
  at org.gradle.internal.dispatch.ReflectionDispatch.dispatch(ReflectionDispatch.java:28)
  at org.gradle.internal.dispatch.ReflectionDispatch.dispatch(ReflectionDispatch.java:19)
  at org.gradle.internal.dispatch.ContextClassLoaderDispatch.dispatch(ContextClassLoaderDispatch.java:33)
  at org.gradle.internal.dispatch.ProxyDispatchAdapter$DispatchingInvocationHandler.invoke(ProxyDispatchAdapter.java:88)
  at jdk.proxy1/jdk.proxy1.$Proxy4.processTestDefinition(Unknown Source)
  at org.gradle.api.internal.tasks.testing.worker.TestWorker$2.run(TestWorker.java:178)
  at org.gradle.api.internal.tasks.testing.worker.TestWorker.executeAndMaintainThreadName(TestWorker.java:126)
  at org.gradle.api.internal.tasks.testing.worker.TestWorker.execute(TestWorker.java:103)
  at org.gradle.api.internal.tasks.testing.worker.TestWorker.execute(TestWorker.java:63)
  at org.gradle.process.internal.worker.child.ActionExecutionWorker.execute(ActionExecutionWorker.java:56)
  at org.gradle.process.internal.worker.child.SystemApplicationClassLoaderWorker.call(SystemApplicationClassLoaderWorker.java:122)
  at org.gradle.process.internal.worker.child.SystemApplicationClassLoaderWorker.call(SystemApplicationClassLoaderWorker.java:72)
  at worker.org.gradle.process.internal.worker.GradleWorkerMain.run(GradleWorkerMain.java:69)
  at worker.org.gradle.process.internal.worker.GradleWorkerMain.main(GradleWorkerMain.java:74)
</stacktrace>
</test-failure>


TypeScriptCompilerTests_M[jvm] > multipleInheritance_ts has expected errors matching multipleInheritance_errors_txt[jvm] FAILED

<test-failure test="com.xemantic.typescript.compiler.TypeScriptCompilerTests_M.mappedTypeIndexedAccess_ts has expected errors matching mappedTypeIndexedAccess_errors_txt" platform="jvm">
<message>
Expected diagnostics from baseline typescript-repo/tests/baselines/reference/mappedTypeIndexedAccess.errors.txt but none produced
</message>
<stacktrace>
  at com.xemantic.typescript.compiler.TypeScriptTestSupportKt.errorsMatchBaseline(TypeScriptTestSupport.kt:125)
  at com.xemantic.typescript.compiler.TypeScriptCompilerTests_M.mappedTypeIndexedAccess_ts has expected errors matching mappedTypeIndexedAccess_errors_txt(TypeScriptCompilerTests_M.kt:196)
  at java.base/jdk.internal.reflect.DirectMethodHandleAccessor.invoke(DirectMethodHandleAccessor.java:104)
  at java.base/java.lang.reflect.Method.invoke(Method.java:565)
  at org.junit.runners.model.FrameworkMethod$1.runReflectiveCall(FrameworkMethod.java:59)
  at org.junit.internal.runners.model.ReflectiveCallable.run(ReflectiveCallable.java:12)
  at org.junit.runners.model.FrameworkMethod.invokeExplosively(FrameworkMethod.java:56)
  at org.junit.internal.runners.statements.InvokeMethod.evaluate(InvokeMethod.java:17)
  at org.junit.runners.ParentRunner$3.evaluate(ParentRunner.java:306)
  at org.junit.runners.BlockJUnit4ClassRunner$1.evaluate(BlockJUnit4ClassRunner.java:100)
  at org.junit.runners.ParentRunner.runLeaf(ParentRunner.java:366)
  at org.junit.runners.BlockJUnit4ClassRunner.runChild(BlockJUnit4ClassRunner.java:103)
  at org.junit.runners.BlockJUnit4ClassRunner.runChild(BlockJUnit4ClassRunner.java:63)
  at org.junit.runners.ParentRunner$4.run(ParentRunner.java:331)
  at org.junit.runners.ParentRunner$1.schedule(ParentRunner.java:79)
  at org.junit.runners.ParentRunner.runChildren(ParentRunner.java:329)
  at org.junit.runners.ParentRunner.access$100(ParentRunner.java:66)
  at org.junit.runners.ParentRunner$2.evaluate(ParentRunner.java:293)
  at org.junit.runners.ParentRunner$3.evaluate(ParentRunner.java:306)
  at org.junit.runners.ParentRunner.run(ParentRunner.java:413)
  at org.junit.runner.JUnitCore.run(JUnitCore.java:137)
  at org.junit.runner.JUnitCore.run(JUnitCore.java:115)
  at org.gradle.api.internal.tasks.testing.junit.JUnitTestExecutor.runRequest(JUnitTestExecutor.java:175)
  at org.gradle.api.internal.tasks.testing.junit.JUnitTestExecutor.accept(JUnitTestExecutor.java:84)
  at org.gradle.api.internal.tasks.testing.junit.JUnitTestExecutor.accept(JUnitTestExecutor.java:47)
  at org.gradle.api.internal.tasks.testing.junit.AbstractJUnitTestDefinitionProcessor.processTestDefinition(AbstractJUnitTestDefinitionProcessor.java:65)
  at org.gradle.api.internal.tasks.testing.SuiteTestDefinitionProcessor.processTestDefinition(SuiteTestDefinitionProcessor.java:54)
  at java.base/jdk.internal.reflect.DirectMethodHandleAccessor.invoke(DirectMethodHandleAccessor.java:104)
  at java.base/java.lang.reflect.Method.invoke(Method.java:565)
  at org.gradle.internal.dispatch.MethodInvocation.invokeOn(MethodInvocation.java:77)
  at org.gradle.internal.dispatch.ReflectionDispatch.dispatch(ReflectionDispatch.java:28)
  at org.gradle.internal.dispatch.ReflectionDispatch.dispatch(ReflectionDispatch.java:19)
  at org.gradle.internal.dispatch.ContextClassLoaderDispatch.dispatch(ContextClassLoaderDispatch.java:33)
  at org.gradle.internal.dispatch.ProxyDispatchAdapter$DispatchingInvocationHandler.invoke(ProxyDispatchAdapter.java:88)
  at jdk.proxy1/jdk.proxy1.$Proxy4.processTestDefinition(Unknown Source)
  at org.gradle.api.internal.tasks.testing.worker.TestWorker$2.run(TestWorker.java:178)
  at org.gradle.api.internal.tasks.testing.worker.TestWorker.executeAndMaintainThreadName(TestWorker.java:126)
  at org.gradle.api.internal.tasks.testing.worker.TestWorker.execute(TestWorker.java:103)
  at org.gradle.api.internal.tasks.testing.worker.TestWorker.execute(TestWorker.java:63)
  at org.gradle.process.internal.worker.child.ActionExecutionWorker.execute(ActionExecutionWorker.java:56)
  at org.gradle.process.internal.worker.child.SystemApplicationClassLoaderWorker.call(SystemApplicationClassLoaderWorker.java:122)
  at org.gradle.process.internal.worker.child.SystemApplicationClassLoaderWorker.call(SystemApplicationClassLoaderWorker.java:72)
  at worker.org.gradle.process.internal.worker.GradleWorkerMain.run(GradleWorkerMain.java:69)
  at worker.org.gradle.process.internal.worker.GradleWorkerMain.main(GradleWorkerMain.java:74)
</stacktrace>
</test-failure>


TypeScriptCompilerTests_M[jvm] > mappedTypeIndexedAccess_ts has expected errors matching mappedTypeIndexedAccess_errors_txt[jvm] FAILED

<test-failure test="com.xemantic.typescript.compiler.TypeScriptCompilerTests_M.missingMemberErrorHasShortPath_ts has expected errors matching missingMemberErrorHasShortPath_errors_txt" platform="jvm">
<message>
Expected diagnostics from baseline typescript-repo/tests/baselines/reference/missingMemberErrorHasShortPath.errors.txt but none produced
</message>
<stacktrace>
  at com.xemantic.typescript.compiler.TypeScriptTestSupportKt.errorsMatchBaseline(TypeScriptTestSupport.kt:125)
  at com.xemantic.typescript.compiler.TypeScriptCompilerTests_M.missingMemberErrorHasShortPath_ts has expected errors matching missingMemberErrorHasShortPath_errors_txt(TypeScriptCompilerTests_M.kt:1218)
  at java.base/jdk.internal.reflect.DirectMethodHandleAccessor.invoke(DirectMethodHandleAccessor.java:104)
  at java.base/java.lang.reflect.Method.invoke(Method.java:565)
  at org.junit.runners.model.FrameworkMethod$1.runReflectiveCall(FrameworkMethod.java:59)
  at org.junit.internal.runners.model.ReflectiveCallable.run(ReflectiveCallable.java:12)
  at org.junit.runners.model.FrameworkMethod.invokeExplosively(FrameworkMethod.java:56)
  at org.junit.internal.runners.statements.InvokeMethod.evaluate(InvokeMethod.java:17)
  at org.junit.runners.ParentRunner$3.evaluate(ParentRunner.java:306)
  at org.junit.runners.BlockJUnit4ClassRunner$1.evaluate(BlockJUnit4ClassRunner.java:100)
  at org.junit.runners.ParentRunner.runLeaf(ParentRunner.java:366)
  at org.junit.runners.BlockJUnit4ClassRunner.runChild(BlockJUnit4ClassRunner.java:103)
  at org.junit.runners.BlockJUnit4ClassRunner.runChild(BlockJUnit4ClassRunner.java:63)
  at org.junit.runners.ParentRunner$4.run(ParentRunner.java:331)
  at org.junit.runners.ParentRunner$1.schedule(ParentRunner.java:79)
  at org.junit.runners.ParentRunner.runChildren(ParentRunner.java:329)
  at org.junit.runners.ParentRunner.access$100(ParentRunner.java:66)
  at org.junit.runners.ParentRunner$2.evaluate(ParentRunner.java:293)
  at org.junit.runners.ParentRunner$3.evaluate(ParentRunner.java:306)
  at org.junit.runners.ParentRunner.run(ParentRunner.java:413)
  at org.junit.runner.JUnitCore.run(JUnitCore.java:137)
  at org.junit.runner.JUnitCore.run(JUnitCore.java:115)
  at org.gradle.api.internal.tasks.testing.junit.JUnitTestExecutor.runRequest(JUnitTestExecutor.java:175)
  at org.gradle.api.internal.tasks.testing.junit.JUnitTestExecutor.accept(JUnitTestExecutor.java:84)
  at org.gradle.api.internal.tasks.testing.junit.JUnitTestExecutor.accept(JUnitTestExecutor.java:47)
  at org.gradle.api.internal.tasks.testing.junit.AbstractJUnitTestDefinitionProcessor.processTestDefinition(AbstractJUnitTestDefinitionProcessor.java:65)
  at org.gradle.api.internal.tasks.testing.SuiteTestDefinitionProcessor.processTestDefinition(SuiteTestDefinitionProcessor.java:54)
  at java.base/jdk.internal.reflect.DirectMethodHandleAccessor.invoke(DirectMethodHandleAccessor.java:104)
  at java.base/java.lang.reflect.Method.invoke(Method.java:565)
  at org.gradle.internal.dispatch.MethodInvocation.invokeOn(MethodInvocation.java:77)
  at org.gradle.internal.dispatch.ReflectionDispatch.dispatch(ReflectionDispatch.java:28)
  at org.gradle.internal.dispatch.ReflectionDispatch.dispatch(ReflectionDispatch.java:19)
  at org.gradle.internal.dispatch.ContextClassLoaderDispatch.dispatch(ContextClassLoaderDispatch.java:33)
  at org.gradle.internal.dispatch.ProxyDispatchAdapter$DispatchingInvocationHandler.invoke(ProxyDispatchAdapter.java:88)
  at jdk.proxy1/jdk.proxy1.$Proxy4.processTestDefinition(Unknown Source)
  at org.gradle.api.internal.tasks.testing.worker.TestWorker$2.run(TestWorker.java:178)
  at org.gradle.api.internal.tasks.testing.worker.TestWorker.executeAndMaintainThreadName(TestWorker.java:126)
  at org.gradle.api.internal.tasks.testing.worker.TestWorker.execute(TestWorker.java:103)
  at org.gradle.api.internal.tasks.testing.worker.TestWorker.execute(TestWorker.java:63)
  at org.gradle.process.internal.worker.child.ActionExecutionWorker.execute(ActionExecutionWorker.java:56)
  at org.gradle.process.internal.worker.child.SystemApplicationClassLoaderWorker.call(SystemApplicationClassLoaderWorker.java:122)
  at org.gradle.process.internal.worker.child.SystemApplicationClassLoaderWorker.call(SystemApplicationClassLoaderWorker.java:72)
  at worker.org.gradle.process.internal.worker.GradleWorkerMain.run(GradleWorkerMain.java:69)
  at worker.org.gradle.process.internal.worker.GradleWorkerMain.main(GradleWorkerMain.java:74)
</stacktrace>
</test-failure>


TypeScriptCompilerTests_M[jvm] > missingMemberErrorHasShortPath_ts has expected errors matching missingMemberErrorHasShortPath_errors_txt[jvm] FAILED

<test-failure test="com.xemantic.typescript.compiler.TypeScriptCompilerTests_M.moduleNodeDefaultImports_ts__module_node18__has expected errors matching baseline" platform="jvm">
<message>
Expected diagnostics from baseline typescript-repo/tests/baselines/reference/moduleNodeDefaultImports(module=node18).errors.txt but none produced
</message>
<stacktrace>
  at com.xemantic.typescript.compiler.TypeScriptTestSupportKt.errorsMatchBaseline(TypeScriptTestSupport.kt:125)
  at com.xemantic.typescript.compiler.TypeScriptCompilerTests_M.moduleNodeDefaultImports_ts__module_node18__has expected errors matching baseline(TypeScriptCompilerTests_M.kt:2674)
  at java.base/jdk.internal.reflect.DirectMethodHandleAccessor.invoke(DirectMethodHandleAccessor.java:104)
  at java.base/java.lang.reflect.Method.invoke(Method.java:565)
  at org.junit.runners.model.FrameworkMethod$1.runReflectiveCall(FrameworkMethod.java:59)
  at org.junit.internal.runners.model.ReflectiveCallable.run(ReflectiveCallable.java:12)
  at org.junit.runners.model.FrameworkMethod.invokeExplosively(FrameworkMethod.java:56)
  at org.junit.internal.runners.statements.InvokeMethod.evaluate(InvokeMethod.java:17)
  at org.junit.runners.ParentRunner$3.evaluate(ParentRunner.java:306)
  at org.junit.runners.BlockJUnit4ClassRunner$1.evaluate(BlockJUnit4ClassRunner.java:100)
  at org.junit.runners.ParentRunner.runLeaf(ParentRunner.java:366)
  at org.junit.runners.BlockJUnit4ClassRunner.runChild(BlockJUnit4ClassRunner.java:103)
  at org.junit.runners.BlockJUnit4ClassRunner.runChild(BlockJUnit4ClassRunner.java:63)
  at org.junit.runners.ParentRunner$4.run(ParentRunner.java:331)
  at org.junit.runners.ParentRunner$1.schedule(ParentRunner.java:79)
  at org.junit.runners.ParentRunner.runChildren(ParentRunner.java:329)
  at org.junit.runners.ParentRunner.access$100(ParentRunner.java:66)
  at org.junit.runners.ParentRunner$2.evaluate(ParentRunner.java:293)
  at org.junit.runners.ParentRunner$3.evaluate(ParentRunner.java:306)
  at org.junit.runners.ParentRunner.run(ParentRunner.java:413)
  at org.junit.runner.JUnitCore.run(JUnitCore.java:137)
  at org.junit.runner.JUnitCore.run(JUnitCore.java:115)
  at org.gradle.api.internal.tasks.testing.junit.JUnitTestExecutor.runRequest(JUnitTestExecutor.java:175)
  at org.gradle.api.internal.tasks.testing.junit.JUnitTestExecutor.accept(JUnitTestExecutor.java:84)
  at org.gradle.api.internal.tasks.testing.junit.JUnitTestExecutor.accept(JUnitTestExecutor.java:47)
  at org.gradle.api.internal.tasks.testing.junit.AbstractJUnitTestDefinitionProcessor.processTestDefinition(AbstractJUnitTestDefinitionProcessor.java:65)
  at org.gradle.api.internal.tasks.testing.SuiteTestDefinitionProcessor.processTestDefinition(SuiteTestDefinitionProcessor.java:54)
  at java.base/jdk.internal.reflect.DirectMethodHandleAccessor.invoke(DirectMethodHandleAccessor.java:104)
  at java.base/java.lang.reflect.Method.invoke(Method.java:565)
  at org.gradle.internal.dispatch.MethodInvocation.invokeOn(MethodInvocation.java:77)
  at org.gradle.internal.dispatch.ReflectionDispatch.dispatch(ReflectionDispatch.java:28)
  at org.gradle.internal.dispatch.ReflectionDispatch.dispatch(ReflectionDispatch.java:19)
  at org.gradle.internal.dispatch.ContextClassLoaderDispatch.dispatch(ContextClassLoaderDispatch.java:33)
  at org.gradle.internal.dispatch.ProxyDispatchAdapter$DispatchingInvocationHandler.invoke(ProxyDispatchAdapter.java:88)
  at jdk.proxy1/jdk.proxy1.$Proxy4.processTestDefinition(Unknown Source)
  at org.gradle.api.internal.tasks.testing.worker.TestWorker$2.run(TestWorker.java:178)
  at org.gradle.api.internal.tasks.testing.worker.TestWorker.executeAndMaintainThreadName(TestWorker.java:126)
  at org.gradle.api.internal.tasks.testing.worker.TestWorker.execute(TestWorker.java:103)
  at org.gradle.api.internal.tasks.testing.worker.TestWorker.execute(TestWorker.java:63)
  at org.gradle.process.internal.worker.child.ActionExecutionWorker.execute(ActionExecutionWorker.java:56)
  at org.gradle.process.internal.worker.child.SystemApplicationClassLoaderWorker.call(SystemApplicationClassLoaderWorker.java:122)
  at org.gradle.process.internal.worker.child.SystemApplicationClassLoaderWorker.call(SystemApplicationClassLoaderWorker.java:72)
  at worker.org.gradle.process.internal.worker.GradleWorkerMain.run(GradleWorkerMain.java:69)
  at worker.org.gradle.process.internal.worker.GradleWorkerMain.main(GradleWorkerMain.java:74)
</stacktrace>
</test-failure>


TypeScriptCompilerTests_M[jvm] > moduleNodeDefaultImports_ts__module_node18__has expected errors matching baseline[jvm] FAILED

<test-failure test="com.xemantic.typescript.compiler.TypeScriptCompilerTests_M.mutuallyRecursiveCallbacks_ts has expected errors matching mutuallyRecursiveCallbacks_errors_txt" platform="jvm">
<message>
--- expected
+++ actual
@@ -1,8 +1,5 @@
-mutuallyRecursiveCallbacks.ts(7,1): error TS2322: Type '<T>(bar: Bar<T>) => void' is not assignable to type 'Bar<{}>'.
-  Types of parameters 'bar' and 'foo' are incompatible.
-    Types of parameters 'bar' and 'foo' are incompatible.
-      Types of parameters 'bar' and 'foo' are incompatible.
-        Type 'void' is not assignable to type 'Foo<unknown>'.
+mutuallyRecursiveCallbacks.ts(7,1): error TS2322: Type '(bar: (foo: Foo<T>) => Foo<T>) => void' is not assignable to type '(foo: Foo<T>) => Foo<T>'.
+  Type 'void' is not assignable to type 'Foo<T>'.
 
 
 ==== mutuallyRecursiveCallbacks.ts (1 errors) ====
@@ -14,8 +11,5 @@
     declare var bar: Bar<{}>;
     bar = foo;
     ~~~
-!!! error TS2322: Type '<T>(bar: Bar<T>) => void' is not assignable to type 'Bar<{}>'.
-!!! error TS2322:   Types of parameters 'bar' and 'foo' are incompatible.
-!!! error TS2322:     Types of parameters 'bar' and 'foo' are incompatible.
-!!! error TS2322:       Types of parameters 'bar' and 'foo' are incompatible.
-!!! error TS2322:         Type 'void' is not assignable to type 'Foo<unknown>'.
+!!! error TS2322: Type '(bar: (foo: Foo<T>) => Foo<T>) => void' is not assignable to type '(foo: Foo<T>) => Foo<T>'.
+!!! error TS2322:   Type 'void' is not assignable to type 'Foo<T>'.

</message>
<stacktrace>
  at org.junit.Assert.fail(Assert.java:89)
  at kotlin.test.junit.JUnitAsserter.fail(JUnitSupport.kt:56)
  at kotlin.test.AssertionsKt__AssertionsKt.fail(Assertions.kt:563)
  at kotlin.test.AssertionsKt.fail(Unknown Source)
  at com.xemantic.kotlin.test.SameAsKt.sameAs(SameAs.kt:52)
  at com.xemantic.typescript.compiler.TypeScriptTestSupportKt.errorsMatchBaseline(TypeScriptTestSupport.kt:135)
  at com.xemantic.typescript.compiler.TypeScriptCompilerTests_M.mutuallyRecursiveCallbacks_ts has expected errors matching mutuallyRecursiveCallbacks_errors_txt(TypeScriptCompilerTests_M.kt:4074)
  at java.base/jdk.internal.reflect.DirectMethodHandleAccessor.invoke(DirectMethodHandleAccessor.java:104)
  at java.base/java.lang.reflect.Method.invoke(Method.java:565)
  at org.junit.runners.model.FrameworkMethod$1.runReflectiveCall(FrameworkMethod.java:59)
  at org.junit.internal.runners.model.ReflectiveCallable.run(ReflectiveCallable.java:12)
  at org.junit.runners.model.FrameworkMethod.invokeExplosively(FrameworkMethod.java:56)
  at org.junit.internal.runners.statements.InvokeMethod.evaluate(InvokeMethod.java:17)
  at org.junit.runners.ParentRunner$3.evaluate(ParentRunner.java:306)
  at org.junit.runners.BlockJUnit4ClassRunner$1.evaluate(BlockJUnit4ClassRunner.java:100)
  at org.junit.runners.ParentRunner.runLeaf(ParentRunner.java:366)
  at org.junit.runners.BlockJUnit4ClassRunner.runChild(BlockJUnit4ClassRunner.java:103)
  at org.junit.runners.BlockJUnit4ClassRunner.runChild(BlockJUnit4ClassRunner.java:63)
  at org.junit.runners.ParentRunner$4.run(ParentRunner.java:331)
  at org.junit.runners.ParentRunner$1.schedule(ParentRunner.java:79)
  at org.junit.runners.ParentRunner.runChildren(ParentRunner.java:329)
  at org.junit.runners.ParentRunner.access$100(ParentRunner.java:66)
  at org.junit.runners.ParentRunner$2.evaluate(ParentRunner.java:293)
  at org.junit.runners.ParentRunner$3.evaluate(ParentRunner.java:306)
  at org.junit.runners.ParentRunner.run(ParentRunner.java:413)
  at org.junit.runner.JUnitCore.run(JUnitCore.java:137)
  at org.junit.runner.JUnitCore.run(JUnitCore.java:115)
  at org.gradle.api.internal.tasks.testing.junit.JUnitTestExecutor.runRequest(JUnitTestExecutor.java:175)
  at org.gradle.api.internal.tasks.testing.junit.JUnitTestExecutor.accept(JUnitTestExecutor.java:84)
  at org.gradle.api.internal.tasks.testing.junit.JUnitTestExecutor.accept(JUnitTestExecutor.java:47)
  at org.gradle.api.internal.tasks.testing.junit.AbstractJUnitTestDefinitionProcessor.processTestDefinition(AbstractJUnitTestDefinitionProcessor.java:65)
  at org.gradle.api.internal.tasks.testing.SuiteTestDefinitionProcessor.processTestDefinition(SuiteTestDefinitionProcessor.java:54)
  at java.base/jdk.internal.reflect.DirectMethodHandleAccessor.invoke(DirectMethodHandleAccessor.java:104)
  at java.base/java.lang.reflect.Method.invoke(Method.java:565)
  at org.gradle.internal.dispatch.MethodInvocation.invokeOn(MethodInvocation.java:77)
  at org.gradle.internal.dispatch.ReflectionDispatch.dispatch(ReflectionDispatch.java:28)
  at org.gradle.internal.dispatch.ReflectionDispatch.dispatch(ReflectionDispatch.java:19)
  at org.gradle.internal.dispatch.ContextClassLoaderDispatch.dispatch(ContextClassLoaderDispatch.java:33)
  at org.gradle.internal.dispatch.ProxyDispatchAdapter$DispatchingInvocationHandler.invoke(ProxyDispatchAdapter.java:88)
  at jdk.proxy1/jdk.proxy1.$Proxy4.processTestDefinition(Unknown Source)
  at org.gradle.api.internal.tasks.testing.worker.TestWorker$2.run(TestWorker.java:178)
  at org.gradle.api.internal.tasks.testing.worker.TestWorker.executeAndMaintainThreadName(TestWorker.java:126)
  at org.gradle.api.internal.tasks.testing.worker.TestWorker.execute(TestWorker.java:103)
  at org.gradle.api.internal.tasks.testing.worker.TestWorker.execute(TestWorker.java:63)
  at org.gradle.process.internal.worker.child.ActionExecutionWorker.execute(ActionExecutionWorker.java:56)
  at org.gradle.process.internal.worker.child.SystemApplicationClassLoaderWorker.call(SystemApplicationClassLoaderWorker.java:122)
  at org.gradle.process.internal.worker.child.SystemApplicationClassLoaderWorker.call(SystemApplicationClassLoaderWorker.java:72)
  at worker.org.gradle.process.internal.worker.GradleWorkerMain.run(GradleWorkerMain.java:69)
  at worker.org.gradle.process.internal.worker.GradleWorkerMain.main(GradleWorkerMain.java:74)
</stacktrace>
</test-failure>


TypeScriptCompilerTests_M[jvm] > mutuallyRecursiveCallbacks_ts has expected errors matching mutuallyRecursiveCallbacks_errors_txt[jvm] FAILED

<test-failure test="com.xemantic.typescript.compiler.TypeScriptCompilerTests_M.moduleNoneDynamicImport_ts__target_es2020__compiles to JavaScript matching baseline" platform="jvm">
<message>
--- expected
+++ actual
@@ -9,4 +9,39 @@
 
 //// [a.js]
 "use strict";
-const foo = import("./b");
+var __createBinding = (this && this.__createBinding) || (Object.create ? (function(o, m, k, k2) {
+    if (k2 === undefined) k2 = k;
+    var desc = Object.getOwnPropertyDescriptor(m, k);
+    if (!desc || ("get" in desc ? !m.__esModule : desc.writable || desc.configurable)) {
+      desc = { enumerable: true, get: function() { return m[k]; } };
+    }
+    Object.defineProperty(o, k2, desc);
+}) : (function(o, m, k, k2) {
+    if (k2 === undefined) k2 = k;
+    o[k2] = m[k];
+}));
+var __setModuleDefault = (this && this.__setModuleDefault) || (Object.create ? (function(o, v) {
+    Object.defineProperty(o, "default", { enumerable: true, value: v });
+}) : function(o, v) {
+    o["default"] = v;
+});
+var __importStar = (this && this.__importStar) || (function () {
+    var ownKeys = function(o) {
+        ownKeys = Object.getOwnPropertyNames || function (o) {
+            var ar = [];
+            for (var k in o) if (Object.prototype.hasOwnProperty.call(o, k)) ar[ar.length] = k;
+            return ar;
+        };
+        return ownKeys(o);
+    };
+    return function (mod) {
+        if (mod && mod.__esModule) return mod;
+        var result = {};
+        if (mod != null) for (var k = ownKeys(mod), i = 0; i < k.length; i++) if (k[i] !== "default") __createBinding(result, mod, k[i]);
+        __setModuleDefault(result, mod);
+        return result;
+    };
+})();
+const foo = Promise.resolve().then(() => __importStar(require("./b")));
+Object.defineProperty(exports, "__esModule", { value: true });
+exports.default = 1;

</message>
<stacktrace>
  at org.junit.Assert.fail(Assert.java:89)
  at kotlin.test.junit.JUnitAsserter.fail(JUnitSupport.kt:56)
  at kotlin.test.AssertionsKt__AssertionsKt.fail(Assertions.kt:563)
  at kotlin.test.AssertionsKt.fail(Unknown Source)
  at com.xemantic.kotlin.test.SameAsKt.sameAs(SameAs.kt:52)
  at com.xemantic.typescript.compiler.TypeScriptTestSupportKt.sameAs(TypeScriptTestSupport.kt:99)
  at com.xemantic.typescript.compiler.TypeScriptCompilerTests_M.moduleNoneDynamicImport_ts__target_es2020__compiles to JavaScript matching baseline(TypeScriptCompilerTests_M.kt:2730)
  at java.base/jdk.internal.reflect.DirectMethodHandleAccessor.invoke(DirectMethodHandleAccessor.java:104)
  at java.base/java.lang.reflect.Method.invoke(Method.java:565)
  at org.junit.runners.model.FrameworkMethod$1.runReflectiveCall(FrameworkMethod.java:59)
  at org.junit.internal.runners.model.ReflectiveCallable.run(ReflectiveCallable.java:12)
  at org.junit.runners.model.FrameworkMethod.invokeExplosively(FrameworkMethod.java:56)
  at org.junit.internal.runners.statements.InvokeMethod.evaluate(InvokeMethod.java:17)
  at org.junit.runners.ParentRunner$3.evaluate(ParentRunner.java:306)
  at org.junit.runners.BlockJUnit4ClassRunner$1.evaluate(BlockJUnit4ClassRunner.java:100)
  at org.junit.runners.ParentRunner.runLeaf(ParentRunner.java:366)
  at org.junit.runners.BlockJUnit4ClassRunner.runChild(BlockJUnit4ClassRunner.java:103)
  at org.junit.runners.BlockJUnit4ClassRunner.runChild(BlockJUnit4ClassRunner.java:63)
  at org.junit.runners.ParentRunner$4.run(ParentRunner.java:331)
  at org.junit.runners.ParentRunner$1.schedule(ParentRunner.java:79)
  at org.junit.runners.ParentRunner.runChildren(ParentRunner.java:329)
  at org.junit.runners.ParentRunner.access$100(ParentRunner.java:66)
  at org.junit.runners.ParentRunner$2.evaluate(ParentRunner.java:293)
  at org.junit.runners.ParentRunner$3.evaluate(ParentRunner.java:306)
  at org.junit.runners.ParentRunner.run(ParentRunner.java:413)
  at org.junit.runner.JUnitCore.run(JUnitCore.java:137)
  at org.junit.runner.JUnitCore.run(JUnitCore.java:115)
  at org.gradle.api.internal.tasks.testing.junit.JUnitTestExecutor.runRequest(JUnitTestExecutor.java:175)
  at org.gradle.api.internal.tasks.testing.junit.JUnitTestExecutor.accept(JUnitTestExecutor.java:84)
  at org.gradle.api.internal.tasks.testing.junit.JUnitTestExecutor.accept(JUnitTestExecutor.java:47)
  at org.gradle.api.internal.tasks.testing.junit.AbstractJUnitTestDefinitionProcessor.processTestDefinition(AbstractJUnitTestDefinitionProcessor.java:65)
  at org.gradle.api.internal.tasks.testing.SuiteTestDefinitionProcessor.processTestDefinition(SuiteTestDefinitionProcessor.java:54)
  at java.base/jdk.internal.reflect.DirectMethodHandleAccessor.invoke(DirectMethodHandleAccessor.java:104)
  at java.base/java.lang.reflect.Method.invoke(Method.java:565)
  at org.gradle.internal.dispatch.MethodInvocation.invokeOn(MethodInvocation.java:77)
  at org.gradle.internal.dispatch.ReflectionDispatch.dispatch(ReflectionDispatch.java:28)
  at org.gradle.internal.dispatch.ReflectionDispatch.dispatch(ReflectionDispatch.java:19)
  at org.gradle.internal.dispatch.ContextClassLoaderDispatch.dispatch(ContextClassLoaderDispatch.java:33)
  at org.gradle.internal.dispatch.ProxyDispatchAdapter$DispatchingInvocationHandler.invoke(ProxyDispatchAdapter.java:88)
  at jdk.proxy1/jdk.proxy1.$Proxy4.processTestDefinition(Unknown Source)
  at org.gradle.api.internal.tasks.testing.worker.TestWorker$2.run(TestWorker.java:178)
  at org.gradle.api.internal.tasks.testing.worker.TestWorker.executeAndMaintainThreadName(TestWorker.java:126)
  at org.gradle.api.internal.tasks.testing.worker.TestWorker.execute(TestWorker.java:103)
  at org.gradle.api.internal.tasks.testing.worker.TestWorker.execute(TestWorker.java:63)
  at org.gradle.process.internal.worker.child.ActionExecutionWorker.execute(ActionExecutionWorker.java:56)
  at org.gradle.process.internal.worker.child.SystemApplicationClassLoaderWorker.call(SystemApplicationClassLoaderWorker.java:122)
  at org.gradle.process.internal.worker.child.SystemApplicationClassLoaderWorker.call(SystemApplicationClassLoaderWorker.java:72)
  at worker.org.gradle.process.internal.worker.GradleWorkerMain.run(GradleWorkerMain.java:69)
  at worker.org.gradle.process.internal.worker.GradleWorkerMain.main(GradleWorkerMain.java:74)
</stacktrace>
</test-failure>


TypeScriptCompilerTests_M[jvm] > moduleNoneDynamicImport_ts__target_es2020__compiles to JavaScript matching baseline[jvm] FAILED

<test-failure test="com.xemantic.typescript.compiler.TypeScriptCompilerTests_M.moduleAugmentationGlobal6_ts has expected errors matching moduleAugmentationGlobal6_errors_txt" platform="jvm">
<message>
Expected diagnostics from baseline typescript-repo/tests/baselines/reference/moduleAugmentationGlobal6.errors.txt but none produced
</message>
<stacktrace>
  at com.xemantic.typescript.compiler.TypeScriptTestSupportKt.errorsMatchBaseline(TypeScriptTestSupport.kt:125)
  at com.xemantic.typescript.compiler.TypeScriptCompilerTests_M.moduleAugmentationGlobal6_ts has expected errors matching moduleAugmentationGlobal6_errors_txt(TypeScriptCompilerTests_M.kt:1974)
  at java.base/jdk.internal.reflect.DirectMethodHandleAccessor.invoke(DirectMethodHandleAccessor.java:104)
  at java.base/java.lang.reflect.Method.invoke(Method.java:565)
  at org.junit.runners.model.FrameworkMethod$1.runReflectiveCall(FrameworkMethod.java:59)
  at org.junit.internal.runners.model.ReflectiveCallable.run(ReflectiveCallable.java:12)
  at org.junit.runners.model.FrameworkMethod.invokeExplosively(FrameworkMethod.java:56)
  at org.junit.internal.runners.statements.InvokeMethod.evaluate(InvokeMethod.java:17)
  at org.junit.runners.ParentRunner$3.evaluate(ParentRunner.java:306)
  at org.junit.runners.BlockJUnit4ClassRunner$1.evaluate(BlockJUnit4ClassRunner.java:100)
  at org.junit.runners.ParentRunner.runLeaf(ParentRunner.java:366)
  at org.junit.runners.BlockJUnit4ClassRunner.runChild(BlockJUnit4ClassRunner.java:103)
  at org.junit.runners.BlockJUnit4ClassRunner.runChild(BlockJUnit4ClassRunner.java:63)
  at org.junit.runners.ParentRunner$4.run(ParentRunner.java:331)
  at org.junit.runners.ParentRunner$1.schedule(ParentRunner.java:79)
  at org.junit.runners.ParentRunner.runChildren(ParentRunner.java:329)
  at org.junit.runners.ParentRunner.access$100(ParentRunner.java:66)
  at org.junit.runners.ParentRunner$2.evaluate(ParentRunner.java:293)
  at org.junit.runners.ParentRunner$3.evaluate(ParentRunner.java:306)
  at org.junit.runners.ParentRunner.run(ParentRunner.java:413)
  at org.junit.runner.JUnitCore.run(JUnitCore.java:137)
  at org.junit.runner.JUnitCore.run(JUnitCore.java:115)
  at org.gradle.api.internal.tasks.testing.junit.JUnitTestExecutor.runRequest(JUnitTestExecutor.java:175)
  at org.gradle.api.internal.tasks.testing.junit.JUnitTestExecutor.accept(JUnitTestExecutor.java:84)
  at org.gradle.api.internal.tasks.testing.junit.JUnitTestExecutor.accept(JUnitTestExecutor.java:47)
  at org.gradle.api.internal.tasks.testing.junit.AbstractJUnitTestDefinitionProcessor.processTestDefinition(AbstractJUnitTestDefinitionProcessor.java:65)
  at org.gradle.api.internal.tasks.testing.SuiteTestDefinitionProcessor.processTestDefinition(SuiteTestDefinitionProcessor.java:54)
  at java.base/jdk.internal.reflect.DirectMethodHandleAccessor.invoke(DirectMethodHandleAccessor.java:104)
  at java.base/java.lang.reflect.Method.invoke(Method.java:565)
  at org.gradle.internal.dispatch.MethodInvocation.invokeOn(MethodInvocation.java:77)
  at org.gradle.internal.dispatch.ReflectionDispatch.dispatch(ReflectionDispatch.java:28)
  at org.gradle.internal.dispatch.ReflectionDispatch.dispatch(ReflectionDispatch.java:19)
  at org.gradle.internal.dispatch.ContextClassLoaderDispatch.dispatch(ContextClassLoaderDispatch.java:33)
  at org.gradle.internal.dispatch.ProxyDispatchAdapter$DispatchingInvocationHandler.invoke(ProxyDispatchAdapter.java:88)
  at jdk.proxy1/jdk.proxy1.$Proxy4.processTestDefinition(Unknown Source)
  at org.gradle.api.internal.tasks.testing.worker.TestWorker$2.run(TestWorker.java:178)
  at org.gradle.api.internal.tasks.testing.worker.TestWorker.executeAndMaintainThreadName(TestWorker.java:126)
  at org.gradle.api.internal.tasks.testing.worker.TestWorker.execute(TestWorker.java:103)
  at org.gradle.api.internal.tasks.testing.worker.TestWorker.execute(TestWorker.java:63)
  at org.gradle.process.internal.worker.child.ActionExecutionWorker.execute(ActionExecutionWorker.java:56)
  at org.gradle.process.internal.worker.child.SystemApplicationClassLoaderWorker.call(SystemApplicationClassLoaderWorker.java:122)
  at org.gradle.process.internal.worker.child.SystemApplicationClassLoaderWorker.call(SystemApplicationClassLoaderWorker.java:72)
  at worker.org.gradle.process.internal.worker.GradleWorkerMain.run(GradleWorkerMain.java:69)
  at worker.org.gradle.process.internal.worker.GradleWorkerMain.main(GradleWorkerMain.java:74)
</stacktrace>
</test-failure>


TypeScriptCompilerTests_M[jvm] > moduleAugmentationGlobal6_ts has expected errors matching moduleAugmentationGlobal6_errors_txt[jvm] FAILED

<test-failure test="com.xemantic.typescript.compiler.TypeScriptCompilerTests_M.moduleAugmentationGlobal8_ts__target_es2015__has expected errors matching baseline" platform="jvm">
<message>
Expected diagnostics from baseline typescript-repo/tests/baselines/reference/moduleAugmentationGlobal8(target=es2015).errors.txt but none produced
</message>
<stacktrace>
  at com.xemantic.typescript.compiler.TypeScriptTestSupportKt.errorsMatchBaseline(TypeScriptTestSupport.kt:125)
  at com.xemantic.typescript.compiler.TypeScriptCompilerTests_M.moduleAugmentationGlobal8_ts__target_es2015__has expected errors matching baseline(TypeScriptCompilerTests_M.kt:2037)
  at java.base/jdk.internal.reflect.DirectMethodHandleAccessor.invoke(DirectMethodHandleAccessor.java:104)
  at java.base/java.lang.reflect.Method.invoke(Method.java:565)
  at org.junit.runners.model.FrameworkMethod$1.runReflectiveCall(FrameworkMethod.java:59)
  at org.junit.internal.runners.model.ReflectiveCallable.run(ReflectiveCallable.java:12)
  at org.junit.runners.model.FrameworkMethod.invokeExplosively(FrameworkMethod.java:56)
  at org.junit.internal.runners.statements.InvokeMethod.evaluate(InvokeMethod.java:17)
  at org.junit.runners.ParentRunner$3.evaluate(ParentRunner.java:306)
  at org.junit.runners.BlockJUnit4ClassRunner$1.evaluate(BlockJUnit4ClassRunner.java:100)
  at org.junit.runners.ParentRunner.runLeaf(ParentRunner.java:366)
  at org.junit.runners.BlockJUnit4ClassRunner.runChild(BlockJUnit4ClassRunner.java:103)
  at org.junit.runners.BlockJUnit4ClassRunner.runChild(BlockJUnit4ClassRunner.java:63)
  at org.junit.runners.ParentRunner$4.run(ParentRunner.java:331)
  at org.junit.runners.ParentRunner$1.schedule(ParentRunner.java:79)
  at org.junit.runners.ParentRunner.runChildren(ParentRunner.java:329)
  at org.junit.runners.ParentRunner.access$100(ParentRunner.java:66)
  at org.junit.runners.ParentRunner$2.evaluate(ParentRunner.java:293)
  at org.junit.runners.ParentRunner$3.evaluate(ParentRunner.java:306)
  at org.junit.runners.ParentRunner.run(ParentRunner.java:413)
  at org.junit.runner.JUnitCore.run(JUnitCore.java:137)
  at org.junit.runner.JUnitCore.run(JUnitCore.java:115)
  at org.gradle.api.internal.tasks.testing.junit.JUnitTestExecutor.runRequest(JUnitTestExecutor.java:175)
  at org.gradle.api.internal.tasks.testing.junit.JUnitTestExecutor.accept(JUnitTestExecutor.java:84)
  at org.gradle.api.internal.tasks.testing.junit.JUnitTestExecutor.accept(JUnitTestExecutor.java:47)
  at org.gradle.api.internal.tasks.testing.junit.AbstractJUnitTestDefinitionProcessor.processTestDefinition(AbstractJUnitTestDefinitionProcessor.java:65)
  at org.gradle.api.internal.tasks.testing.SuiteTestDefinitionProcessor.processTestDefinition(SuiteTestDefinitionProcessor.java:54)
  at java.base/jdk.internal.reflect.DirectMethodHandleAccessor.invoke(DirectMethodHandleAccessor.java:104)
  at java.base/java.lang.reflect.Method.invoke(Method.java:565)
  at org.gradle.internal.dispatch.MethodInvocation.invokeOn(MethodInvocation.java:77)
  at org.gradle.internal.dispatch.ReflectionDispatch.dispatch(ReflectionDispatch.java:28)
  at org.gradle.internal.dispatch.ReflectionDispatch.dispatch(ReflectionDispatch.java:19)
  at org.gradle.internal.dispatch.ContextClassLoaderDispatch.dispatch(ContextClassLoaderDispatch.java:33)
  at org.gradle.internal.dispatch.ProxyDispatchAdapter$DispatchingInvocationHandler.invoke(ProxyDispatchAdapter.java:88)
  at jdk.proxy1/jdk.proxy1.$Proxy4.processTestDefinition(Unknown Source)
  at org.gradle.api.internal.tasks.testing.worker.TestWorker$2.run(TestWorker.java:178)
  at org.gradle.api.internal.tasks.testing.worker.TestWorker.executeAndMaintainThreadName(TestWorker.java:126)
  at org.gradle.api.internal.tasks.testing.worker.TestWorker.execute(TestWorker.java:103)
  at org.gradle.api.internal.tasks.testing.worker.TestWorker.execute(TestWorker.java:63)
  at org.gradle.process.internal.worker.child.ActionExecutionWorker.execute(ActionExecutionWorker.java:56)
  at org.gradle.process.internal.worker.child.SystemApplicationClassLoaderWorker.call(SystemApplicationClassLoaderWorker.java:122)
  at org.gradle.process.internal.worker.child.SystemApplicationClassLoaderWorker.call(SystemApplicationClassLoaderWorker.java:72)
  at worker.org.gradle.process.internal.worker.GradleWorkerMain.run(GradleWorkerMain.java:69)
  at worker.org.gradle.process.internal.worker.GradleWorkerMain.main(GradleWorkerMain.java:74)
</stacktrace>
</test-failure>


TypeScriptCompilerTests_M[jvm] > moduleAugmentationGlobal8_ts__target_es2015__has expected errors matching baseline[jvm] FAILED

<test-failure test="com.xemantic.typescript.compiler.TypeScriptCompilerTests_M.metadataReferencedWithinFilteredUnion_ts__strictnullchecks_true_target_es2015__compiles to JavaScript matching baseline" platform="jvm">
<message>
--- expected
+++ actual
@@ -54,11 +54,13 @@
 exports.Class2 = Class2;
 __decorate([
     decorate,
-    __metadata("design:type", Object),
-    __metadata("design:paramtypes", [])
+    __metadata("design:type", Function),
+    __metadata("design:paramtypes", []),
+    __metadata("design:returntype", Object)
 ], Class2.prototype, "maybeProp", null);
 __decorate([
     decorate,
-    __metadata("design:type", Class1_1.Class1),
-    __metadata("design:paramtypes", [])
+    __metadata("design:type", Function),
+    __metadata("design:paramtypes", []),
+    __metadata("design:returntype", Class1_1.Class1)
 ], Class2.prototype, "prop", null);

</message>
<stacktrace>
  at org.junit.Assert.fail(Assert.java:89)
  at kotlin.test.junit.JUnitAsserter.fail(JUnitSupport.kt:56)
  at kotlin.test.AssertionsKt__AssertionsKt.fail(Assertions.kt:563)
  at kotlin.test.AssertionsKt.fail(Unknown Source)
  at com.xemantic.kotlin.test.SameAsKt.sameAs(SameAs.kt:52)
  at com.xemantic.typescript.compiler.TypeScriptTestSupportKt.sameAs(TypeScriptTestSupport.kt:99)
  at com.xemantic.typescript.compiler.TypeScriptCompilerTests_M.metadataReferencedWithinFilteredUnion_ts__strictnullchecks_true_target_es2015__compiles to JavaScript matching baseline(TypeScriptCompilerTests_M.kt:889)
  at java.base/jdk.internal.reflect.DirectMethodHandleAccessor.invoke(DirectMethodHandleAccessor.java:104)
  at java.base/java.lang.reflect.Method.invoke(Method.java:565)
  at org.junit.runners.model.FrameworkMethod$1.runReflectiveCall(FrameworkMethod.java:59)
  at org.junit.internal.runners.model.ReflectiveCallable.run(ReflectiveCallable.java:12)
  at org.junit.runners.model.FrameworkMethod.invokeExplosively(FrameworkMethod.java:56)
  at org.junit.internal.runners.statements.InvokeMethod.evaluate(InvokeMethod.java:17)
  at org.junit.runners.ParentRunner$3.evaluate(ParentRunner.java:306)
  at org.junit.runners.BlockJUnit4ClassRunner$1.evaluate(BlockJUnit4ClassRunner.java:100)
  at org.junit.runners.ParentRunner.runLeaf(ParentRunner.java:366)
  at org.junit.runners.BlockJUnit4ClassRunner.runChild(BlockJUnit4ClassRunner.java:103)
  at org.junit.runners.BlockJUnit4ClassRunner.runChild(BlockJUnit4ClassRunner.java:63)
  at org.junit.runners.ParentRunner$4.run(ParentRunner.java:331)
  at org.junit.runners.ParentRunner$1.schedule(ParentRunner.java:79)
  at org.junit.runners.ParentRunner.runChildren(ParentRunner.java:329)
  at org.junit.runners.ParentRunner.access$100(ParentRunner.java:66)
  at org.junit.runners.ParentRunner$2.evaluate(ParentRunner.java:293)
  at org.junit.runners.ParentRunner$3.evaluate(ParentRunner.java:306)
  at org.junit.runners.ParentRunner.run(ParentRunner.java:413)
  at org.junit.runner.JUnitCore.run(JUnitCore.java:137)
  at org.junit.runner.JUnitCore.run(JUnitCore.java:115)
  at org.gradle.api.internal.tasks.testing.junit.JUnitTestExecutor.runRequest(JUnitTestExecutor.java:175)
  at org.gradle.api.internal.tasks.testing.junit.JUnitTestExecutor.accept(JUnitTestExecutor.java:84)
  at org.gradle.api.internal.tasks.testing.junit.JUnitTestExecutor.accept(JUnitTestExecutor.java:47)
  at org.gradle.api.internal.tasks.testing.junit.AbstractJUnitTestDefinitionProcessor.processTestDefinition(AbstractJUnitTestDefinitionProcessor.java:65)
  at org.gradle.api.internal.tasks.testing.SuiteTestDefinitionProcessor.processTestDefinition(SuiteTestDefinitionProcessor.java:54)
  at java.base/jdk.internal.reflect.DirectMethodHandleAccessor.invoke(DirectMethodHandleAccessor.java:104)
  at java.base/java.lang.reflect.Method.invoke(Method.java:565)
  at org.gradle.internal.dispatch.MethodInvocation.invokeOn(MethodInvocation.java:77)
  at org.gradle.internal.dispatch.ReflectionDispatch.dispatch(ReflectionDispatch.java:28)
  at org.gradle.internal.dispatch.ReflectionDispatch.dispatch(ReflectionDispatch.java:19)
  at org.gradle.internal.dispatch.ContextClassLoaderDispatch.dispatch(ContextClassLoaderDispatch.java:33)
  at org.gradle.internal.dispatch.ProxyDispatchAdapter$DispatchingInvocationHandler.invoke(ProxyDispatchAdapter.java:88)
  at jdk.proxy1/jdk.proxy1.$Proxy4.processTestDefinition(Unknown Source)
  at org.gradle.api.internal.tasks.testing.worker.TestWorker$2.run(TestWorker.java:178)
  at org.gradle.api.internal.tasks.testing.worker.TestWorker.executeAndMaintainThreadName(TestWorker.java:126)
  at org.gradle.api.internal.tasks.testing.worker.TestWorker.execute(TestWorker.java:103)
  at org.gradle.api.internal.tasks.testing.worker.TestWorker.execute(TestWorker.java:63)
  at org.gradle.process.internal.worker.child.ActionExecutionWorker.execute(ActionExecutionWorker.java:56)
  at org.gradle.process.internal.worker.child.SystemApplicationClassLoaderWorker.call(SystemApplicationClassLoaderWorker.java:122)
  at org.gradle.process.internal.worker.child.SystemApplicationClassLoaderWorker.call(SystemApplicationClassLoaderWorker.java:72)
  at worker.org.gradle.process.internal.worker.GradleWorkerMain.run(GradleWorkerMain.java:69)
  at worker.org.gradle.process.internal.worker.GradleWorkerMain.main(GradleWorkerMain.java:74)
</stacktrace>
</test-failure>


TypeScriptCompilerTests_M[jvm] > metadataReferencedWithinFilteredUnion_ts__strictnullchecks_true_target_es2015__compiles to JavaScript matching baseline[jvm] FAILED

<test-failure test="com.xemantic.typescript.compiler.TypeScriptCompilerTests_M.mappedTypeNoTypeNoCrash_ts has expected errors matching mappedTypeNoTypeNoCrash_errors_txt" platform="jvm">
<message>
Expected diagnostics from baseline typescript-repo/tests/baselines/reference/mappedTypeNoTypeNoCrash.errors.txt but none produced
</message>
<stacktrace>
  at com.xemantic.typescript.compiler.TypeScriptTestSupportKt.errorsMatchBaseline(TypeScriptTestSupport.kt:125)
  at com.xemantic.typescript.compiler.TypeScriptCompilerTests_M.mappedTypeNoTypeNoCrash_ts has expected errors matching mappedTypeNoTypeNoCrash_errors_txt(TypeScriptCompilerTests_M.kt:245)
  at java.base/jdk.internal.reflect.DirectMethodHandleAccessor.invoke(DirectMethodHandleAccessor.java:104)
  at java.base/java.lang.reflect.Method.invoke(Method.java:565)
  at org.junit.runners.model.FrameworkMethod$1.runReflectiveCall(FrameworkMethod.java:59)
  at org.junit.internal.runners.model.ReflectiveCallable.run(ReflectiveCallable.java:12)
  at org.junit.runners.model.FrameworkMethod.invokeExplosively(FrameworkMethod.java:56)
  at org.junit.internal.runners.statements.InvokeMethod.evaluate(InvokeMethod.java:17)
  at org.junit.runners.ParentRunner$3.evaluate(ParentRunner.java:306)
  at org.junit.runners.BlockJUnit4ClassRunner$1.evaluate(BlockJUnit4ClassRunner.java:100)
  at org.junit.runners.ParentRunner.runLeaf(ParentRunner.java:366)
  at org.junit.runners.BlockJUnit4ClassRunner.runChild(BlockJUnit4ClassRunner.java:103)
  at org.junit.runners.BlockJUnit4ClassRunner.runChild(BlockJUnit4ClassRunner.java:63)
  at org.junit.runners.ParentRunner$4.run(ParentRunner.java:331)
  at org.junit.runners.ParentRunner$1.schedule(ParentRunner.java:79)
  at org.junit.runners.ParentRunner.runChildren(ParentRunner.java:329)
  at org.junit.runners.ParentRunner.access$100(ParentRunner.java:66)
  at org.junit.runners.ParentRunner$2.evaluate(ParentRunner.java:293)
  at org.junit.runners.ParentRunner$3.evaluate(ParentRunner.java:306)
  at org.junit.runners.ParentRunner.run(ParentRunner.java:413)
  at org.junit.runner.JUnitCore.run(JUnitCore.java:137)
  at org.junit.runner.JUnitCore.run(JUnitCore.java:115)
  at org.gradle.api.internal.tasks.testing.junit.JUnitTestExecutor.runRequest(JUnitTestExecutor.java:175)
  at org.gradle.api.internal.tasks.testing.junit.JUnitTestExecutor.accept(JUnitTestExecutor.java:84)
  at org.gradle.api.internal.tasks.testing.junit.JUnitTestExecutor.accept(JUnitTestExecutor.java:47)
  at org.gradle.api.internal.tasks.testing.junit.AbstractJUnitTestDefinitionProcessor.processTestDefinition(AbstractJUnitTestDefinitionProcessor.java:65)
  at org.gradle.api.internal.tasks.testing.SuiteTestDefinitionProcessor.processTestDefinition(SuiteTestDefinitionProcessor.java:54)
  at java.base/jdk.internal.reflect.DirectMethodHandleAccessor.invoke(DirectMethodHandleAccessor.java:104)
  at java.base/java.lang.reflect.Method.invoke(Method.java:565)
  at org.gradle.internal.dispatch.MethodInvocation.invokeOn(MethodInvocation.java:77)
  at org.gradle.internal.dispatch.ReflectionDispatch.dispatch(ReflectionDispatch.java:28)
  at org.gradle.internal.dispatch.ReflectionDispatch.dispatch(ReflectionDispatch.java:19)
  at org.gradle.internal.dispatch.ContextClassLoaderDispatch.dispatch(ContextClassLoaderDispatch.java:33)
  at org.gradle.internal.dispatch.ProxyDispatchAdapter$DispatchingInvocationHandler.invoke(ProxyDispatchAdapter.java:88)
  at jdk.proxy1/jdk.proxy1.$Proxy4.processTestDefinition(Unknown Source)
  at org.gradle.api.internal.tasks.testing.worker.TestWorker$2.run(TestWorker.java:178)
  at org.gradle.api.internal.tasks.testing.worker.TestWorker.executeAndMaintainThreadName(TestWorker.java:126)
  at org.gradle.api.internal.tasks.testing.worker.TestWorker.execute(TestWorker.java:103)
  at org.gradle.api.internal.tasks.testing.worker.TestWorker.execute(TestWorker.java:63)
  at org.gradle.process.internal.worker.child.ActionExecutionWorker.execute(ActionExecutionWorker.java:56)
  at org.gradle.process.internal.worker.child.SystemApplicationClassLoaderWorker.call(SystemApplicationClassLoaderWorker.java:122)
  at org.gradle.process.internal.worker.child.SystemApplicationClassLoaderWorker.call(SystemApplicationClassLoaderWorker.java:72)
  at worker.org.gradle.process.internal.worker.GradleWorkerMain.run(GradleWorkerMain.java:69)
  at worker.org.gradle.process.internal.worker.GradleWorkerMain.main(GradleWorkerMain.java:74)
</stacktrace>
</test-failure>


TypeScriptCompilerTests_M[jvm] > mappedTypeNoTypeNoCrash_ts has expected errors matching mappedTypeNoTypeNoCrash_errors_txt[jvm] FAILED

<test-failure test="com.xemantic.typescript.compiler.TypeScriptCompilerTests_M.mappedTypeUnionConstrainTupleTreatedAsArrayLike_ts has expected errors matching mappedTypeUnionConstrainTupleTreatedAsArrayLike_errors_txt" platform="jvm">
<message>
Expected diagnostics from baseline typescript-repo/tests/baselines/reference/mappedTypeUnionConstrainTupleTreatedAsArrayLike.errors.txt but none produced
</message>
<stacktrace>
  at com.xemantic.typescript.compiler.TypeScriptTestSupportKt.errorsMatchBaseline(TypeScriptTestSupport.kt:125)
  at com.xemantic.typescript.compiler.TypeScriptCompilerTests_M.mappedTypeUnionConstrainTupleTreatedAsArrayLike_ts has expected errors matching mappedTypeUnionConstrainTupleTreatedAsArrayLike_errors_txt(TypeScriptCompilerTests_M.kt:301)
  at java.base/jdk.internal.reflect.DirectMethodHandleAccessor.invoke(DirectMethodHandleAccessor.java:104)
  at java.base/java.lang.reflect.Method.invoke(Method.java:565)
  at org.junit.runners.model.FrameworkMethod$1.runReflectiveCall(FrameworkMethod.java:59)
  at org.junit.internal.runners.model.ReflectiveCallable.run(ReflectiveCallable.java:12)
  at org.junit.runners.model.FrameworkMethod.invokeExplosively(FrameworkMethod.java:56)
  at org.junit.internal.runners.statements.InvokeMethod.evaluate(InvokeMethod.java:17)
  at org.junit.runners.ParentRunner$3.evaluate(ParentRunner.java:306)
  at org.junit.runners.BlockJUnit4ClassRunner$1.evaluate(BlockJUnit4ClassRunner.java:100)
  at org.junit.runners.ParentRunner.runLeaf(ParentRunner.java:366)
  at org.junit.runners.BlockJUnit4ClassRunner.runChild(BlockJUnit4ClassRunner.java:103)
  at org.junit.runners.BlockJUnit4ClassRunner.runChild(BlockJUnit4ClassRunner.java:63)
  at org.junit.runners.ParentRunner$4.run(ParentRunner.java:331)
  at org.junit.runners.ParentRunner$1.schedule(ParentRunner.java:79)
  at org.junit.runners.ParentRunner.runChildren(ParentRunner.java:329)
  at org.junit.runners.ParentRunner.access$100(ParentRunner.java:66)
  at org.junit.runners.ParentRunner$2.evaluate(ParentRunner.java:293)
  at org.junit.runners.ParentRunner$3.evaluate(ParentRunner.java:306)
  at org.junit.runners.ParentRunner.run(ParentRunner.java:413)
  at org.junit.runner.JUnitCore.run(JUnitCore.java:137)
  at org.junit.runner.JUnitCore.run(JUnitCore.java:115)
  at org.gradle.api.internal.tasks.testing.junit.JUnitTestExecutor.runRequest(JUnitTestExecutor.java:175)
  at org.gradle.api.internal.tasks.testing.junit.JUnitTestExecutor.accept(JUnitTestExecutor.java:84)
  at org.gradle.api.internal.tasks.testing.junit.JUnitTestExecutor.accept(JUnitTestExecutor.java:47)
  at org.gradle.api.internal.tasks.testing.junit.AbstractJUnitTestDefinitionProcessor.processTestDefinition(AbstractJUnitTestDefinitionProcessor.java:65)
  at org.gradle.api.internal.tasks.testing.SuiteTestDefinitionProcessor.processTestDefinition(SuiteTestDefinitionProcessor.java:54)
  at java.base/jdk.internal.reflect.DirectMethodHandleAccessor.invoke(DirectMethodHandleAccessor.java:104)
  at java.base/java.lang.reflect.Method.invoke(Method.java:565)
  at org.gradle.internal.dispatch.MethodInvocation.invokeOn(MethodInvocation.java:77)
  at org.gradle.internal.dispatch.ReflectionDispatch.dispatch(ReflectionDispatch.java:28)
  at org.gradle.internal.dispatch.ReflectionDispatch.dispatch(ReflectionDispatch.java:19)
  at org.gradle.internal.dispatch.ContextClassLoaderDispatch.dispatch(ContextClassLoaderDispatch.java:33)
  at org.gradle.internal.dispatch.ProxyDispatchAdapter$DispatchingInvocationHandler.invoke(ProxyDispatchAdapter.java:88)
  at jdk.proxy1/jdk.proxy1.$Proxy4.processTestDefinition(Unknown Source)
  at org.gradle.api.internal.tasks.testing.worker.TestWorker$2.run(TestWorker.java:178)
  at org.gradle.api.internal.tasks.testing.worker.TestWorker.executeAndMaintainThreadName(TestWorker.java:126)
  at org.gradle.api.internal.tasks.testing.worker.TestWorker.execute(TestWorker.java:103)
  at org.gradle.api.internal.tasks.testing.worker.TestWorker.execute(TestWorker.java:63)
  at org.gradle.process.internal.worker.child.ActionExecutionWorker.execute(ActionExecutionWorker.java:56)
  at org.gradle.process.internal.worker.child.SystemApplicationClassLoaderWorker.call(SystemApplicationClassLoaderWorker.java:122)
  at org.gradle.process.internal.worker.child.SystemApplicationClassLoaderWorker.call(SystemApplicationClassLoaderWorker.java:72)
  at worker.org.gradle.process.internal.worker.GradleWorkerMain.run(GradleWorkerMain.java:69)
  at worker.org.gradle.process.internal.worker.GradleWorkerMain.main(GradleWorkerMain.java:74)
</stacktrace>
</test-failure>


TypeScriptCompilerTests_M[jvm] > mappedTypeUnionConstrainTupleTreatedAsArrayLike_ts has expected errors matching mappedTypeUnionConstrainTupleTreatedAsArrayLike_errors_txt[jvm] FAILED

<test-failure test="com.xemantic.typescript.compiler.TypeScriptCompilerTests_M.maxConstraints_ts has expected errors matching maxConstraints_errors_txt" platform="jvm">
<message>
Expected diagnostics from baseline typescript-repo/tests/baselines/reference/maxConstraints.errors.txt but none produced
</message>
<stacktrace>
  at com.xemantic.typescript.compiler.TypeScriptTestSupportKt.errorsMatchBaseline(TypeScriptTestSupport.kt:125)
  at com.xemantic.typescript.compiler.TypeScriptCompilerTests_M.maxConstraints_ts has expected errors matching maxConstraints_errors_txt(TypeScriptCompilerTests_M.kt:385)
  at java.base/jdk.internal.reflect.DirectMethodHandleAccessor.invoke(DirectMethodHandleAccessor.java:104)
  at java.base/java.lang.reflect.Method.invoke(Method.java:565)
  at org.junit.runners.model.FrameworkMethod$1.runReflectiveCall(FrameworkMethod.java:59)
  at org.junit.internal.runners.model.ReflectiveCallable.run(ReflectiveCallable.java:12)
  at org.junit.runners.model.FrameworkMethod.invokeExplosively(FrameworkMethod.java:56)
  at org.junit.internal.runners.statements.InvokeMethod.evaluate(InvokeMethod.java:17)
  at org.junit.runners.ParentRunner$3.evaluate(ParentRunner.java:306)
  at org.junit.runners.BlockJUnit4ClassRunner$1.evaluate(BlockJUnit4ClassRunner.java:100)
  at org.junit.runners.ParentRunner.runLeaf(ParentRunner.java:366)
  at org.junit.runners.BlockJUnit4ClassRunner.runChild(BlockJUnit4ClassRunner.java:103)
  at org.junit.runners.BlockJUnit4ClassRunner.runChild(BlockJUnit4ClassRunner.java:63)
  at org.junit.runners.ParentRunner$4.run(ParentRunner.java:331)
  at org.junit.runners.ParentRunner$1.schedule(ParentRunner.java:79)
  at org.junit.runners.ParentRunner.runChildren(ParentRunner.java:329)
  at org.junit.runners.ParentRunner.access$100(ParentRunner.java:66)
  at org.junit.runners.ParentRunner$2.evaluate(ParentRunner.java:293)
  at org.junit.runners.ParentRunner$3.evaluate(ParentRunner.java:306)
  at org.junit.runners.ParentRunner.run(ParentRunner.java:413)
  at org.junit.runner.JUnitCore.run(JUnitCore.java:137)
  at org.junit.runner.JUnitCore.run(JUnitCore.java:115)
  at org.gradle.api.internal.tasks.testing.junit.JUnitTestExecutor.runRequest(JUnitTestExecutor.java:175)
  at org.gradle.api.internal.tasks.testing.junit.JUnitTestExecutor.accept(JUnitTestExecutor.java:84)
  at org.gradle.api.internal.tasks.testing.junit.JUnitTestExecutor.accept(JUnitTestExecutor.java:47)
  at org.gradle.api.internal.tasks.testing.junit.AbstractJUnitTestDefinitionProcessor.processTestDefinition(AbstractJUnitTestDefinitionProcessor.java:65)
  at org.gradle.api.internal.tasks.testing.SuiteTestDefinitionProcessor.processTestDefinition(SuiteTestDefinitionProcessor.java:54)
  at java.base/jdk.internal.reflect.DirectMethodHandleAccessor.invoke(DirectMethodHandleAccessor.java:104)
  at java.base/java.lang.reflect.Method.invoke(Method.java:565)
  at org.gradle.internal.dispatch.MethodInvocation.invokeOn(MethodInvocation.java:77)
  at org.gradle.internal.dispatch.ReflectionDispatch.dispatch(ReflectionDispatch.java:28)
  at org.gradle.internal.dispatch.ReflectionDispatch.dispatch(ReflectionDispatch.java:19)
  at org.gradle.internal.dispatch.ContextClassLoaderDispatch.dispatch(ContextClassLoaderDispatch.java:33)
  at org.gradle.internal.dispatch.ProxyDispatchAdapter$DispatchingInvocationHandler.invoke(ProxyDispatchAdapter.java:88)
  at jdk.proxy1/jdk.proxy1.$Proxy4.processTestDefinition(Unknown Source)
  at org.gradle.api.internal.tasks.testing.worker.TestWorker$2.run(TestWorker.java:178)
  at org.gradle.api.internal.tasks.testing.worker.TestWorker.executeAndMaintainThreadName(TestWorker.java:126)
  at org.gradle.api.internal.tasks.testing.worker.TestWorker.execute(TestWorker.java:103)
  at org.gradle.api.internal.tasks.testing.worker.TestWorker.execute(TestWorker.java:63)
  at org.gradle.process.internal.worker.child.ActionExecutionWorker.execute(ActionExecutionWorker.java:56)
  at org.gradle.process.internal.worker.child.SystemApplicationClassLoaderWorker.call(SystemApplicationClassLoaderWorker.java:122)
  at org.gradle.process.internal.worker.child.SystemApplicationClassLoaderWorker.call(SystemApplicationClassLoaderWorker.java:72)
  at worker.org.gradle.process.internal.worker.GradleWorkerMain.run(GradleWorkerMain.java:69)
  at worker.org.gradle.process.internal.worker.GradleWorkerMain.main(GradleWorkerMain.java:74)
</stacktrace>
</test-failure>


TypeScriptCompilerTests_M[jvm] > maxConstraints_ts has expected errors matching maxConstraints_errors_txt[jvm] FAILED

<test-failure test="com.xemantic.typescript.compiler.TypeScriptCompilerTests_M.moduleImport_ts has expected errors matching moduleImport_errors_txt" platform="jvm">
<message>
Expected diagnostics from baseline typescript-repo/tests/baselines/reference/moduleImport.errors.txt but none produced
</message>
<stacktrace>
  at com.xemantic.typescript.compiler.TypeScriptTestSupportKt.errorsMatchBaseline(TypeScriptTestSupport.kt:125)
  at com.xemantic.typescript.compiler.TypeScriptCompilerTests_M.moduleImport_ts has expected errors matching moduleImport_errors_txt(TypeScriptCompilerTests_M.kt:2499)
  at java.base/jdk.internal.reflect.DirectMethodHandleAccessor.invoke(DirectMethodHandleAccessor.java:104)
  at java.base/java.lang.reflect.Method.invoke(Method.java:565)
  at org.junit.runners.model.FrameworkMethod$1.runReflectiveCall(FrameworkMethod.java:59)
  at org.junit.internal.runners.model.ReflectiveCallable.run(ReflectiveCallable.java:12)
  at org.junit.runners.model.FrameworkMethod.invokeExplosively(FrameworkMethod.java:56)
  at org.junit.internal.runners.statements.InvokeMethod.evaluate(InvokeMethod.java:17)
  at org.junit.runners.ParentRunner$3.evaluate(ParentRunner.java:306)
  at org.junit.runners.BlockJUnit4ClassRunner$1.evaluate(BlockJUnit4ClassRunner.java:100)
  at org.junit.runners.ParentRunner.runLeaf(ParentRunner.java:366)
  at org.junit.runners.BlockJUnit4ClassRunner.runChild(BlockJUnit4ClassRunner.java:103)
  at org.junit.runners.BlockJUnit4ClassRunner.runChild(BlockJUnit4ClassRunner.java:63)
  at org.junit.runners.ParentRunner$4.run(ParentRunner.java:331)
  at org.junit.runners.ParentRunner$1.schedule(ParentRunner.java:79)
  at org.junit.runners.ParentRunner.runChildren(ParentRunner.java:329)
  at org.junit.runners.ParentRunner.access$100(ParentRunner.java:66)
  at org.junit.runners.ParentRunner$2.evaluate(ParentRunner.java:293)
  at org.junit.runners.ParentRunner$3.evaluate(ParentRunner.java:306)
  at org.junit.runners.ParentRunner.run(ParentRunner.java:413)
  at org.junit.runner.JUnitCore.run(JUnitCore.java:137)
  at org.junit.runner.JUnitCore.run(JUnitCore.java:115)
  at org.gradle.api.internal.tasks.testing.junit.JUnitTestExecutor.runRequest(JUnitTestExecutor.java:175)
  at org.gradle.api.internal.tasks.testing.junit.JUnitTestExecutor.accept(JUnitTestExecutor.java:84)
  at org.gradle.api.internal.tasks.testing.junit.JUnitTestExecutor.accept(JUnitTestExecutor.java:47)
  at org.gradle.api.internal.tasks.testing.junit.AbstractJUnitTestDefinitionProcessor.processTestDefinition(AbstractJUnitTestDefinitionProcessor.java:65)
  at org.gradle.api.internal.tasks.testing.SuiteTestDefinitionProcessor.processTestDefinition(SuiteTestDefinitionProcessor.java:54)
  at java.base/jdk.internal.reflect.DirectMethodHandleAccessor.invoke(DirectMethodHandleAccessor.java:104)
  at java.base/java.lang.reflect.Method.invoke(Method.java:565)
  at org.gradle.internal.dispatch.MethodInvocation.invokeOn(MethodInvocation.java:77)
  at org.gradle.internal.dispatch.ReflectionDispatch.dispatch(ReflectionDispatch.java:28)
  at org.gradle.internal.dispatch.ReflectionDispatch.dispatch(ReflectionDispatch.java:19)
  at org.gradle.internal.dispatch.ContextClassLoaderDispatch.dispatch(ContextClassLoaderDispatch.java:33)
  at org.gradle.internal.dispatch.ProxyDispatchAdapter$DispatchingInvocationHandler.invoke(ProxyDispatchAdapter.java:88)
  at jdk.proxy1/jdk.proxy1.$Proxy4.processTestDefinition(Unknown Source)
  at org.gradle.api.internal.tasks.testing.worker.TestWorker$2.run(TestWorker.java:178)
  at org.gradle.api.internal.tasks.testing.worker.TestWorker.executeAndMaintainThreadName(TestWorker.java:126)
  at org.gradle.api.internal.tasks.testing.worker.TestWorker.execute(TestWorker.java:103)
  at org.gradle.api.internal.tasks.testing.worker.TestWorker.execute(TestWorker.java:63)
  at org.gradle.process.internal.worker.child.ActionExecutionWorker.execute(ActionExecutionWorker.java:56)
  at org.gradle.process.internal.worker.child.SystemApplicationClassLoaderWorker.call(SystemApplicationClassLoaderWorker.java:122)
  at org.gradle.process.internal.worker.child.SystemApplicationClassLoaderWorker.call(SystemApplicationClassLoaderWorker.java:72)
  at worker.org.gradle.process.internal.worker.GradleWorkerMain.run(GradleWorkerMain.java:69)
  at worker.org.gradle.process.internal.worker.GradleWorkerMain.main(GradleWorkerMain.java:74)
</stacktrace>
</test-failure>


TypeScriptCompilerTests_M[jvm] > moduleImport_ts has expected errors matching moduleImport_errors_txt[jvm] FAILED

<test-failure test="com.xemantic.typescript.compiler.TypeScriptCompilerTests_M.moduleResolutionWithSuffixes_one_externalModule_ts compiles to JavaScript matching moduleResolutionWithSuffixes_one_externalModule_js" platform="jvm">
<message>
--- expected
+++ actual
@@ -5,11 +5,16 @@
 exports.__esModule = true;
 function ios() {}
 exports.ios = ios;
+//// [index.ios.d.ts]
+export declare function ios(): void;
 //// [index.js]
 "use strict";
 exports.__esModule = true;
 function base() {}
 exports.base = base;
+//// [index.d.ts]
+export declare function base(): void;
+
 //// [index.ts]
 import { ios } from "some-library";
 

</message>
<stacktrace>
  at org.junit.Assert.fail(Assert.java:89)
  at kotlin.test.junit.JUnitAsserter.fail(JUnitSupport.kt:56)
  at kotlin.test.AssertionsKt__AssertionsKt.fail(Assertions.kt:563)
  at kotlin.test.AssertionsKt.fail(Unknown Source)
  at com.xemantic.kotlin.test.SameAsKt.sameAs(SameAs.kt:52)
  at com.xemantic.typescript.compiler.TypeScriptTestSupportKt.sameAs(TypeScriptTestSupport.kt:99)
  at com.xemantic.typescript.compiler.TypeScriptCompilerTests_M.moduleResolutionWithSuffixes_one_externalModule_ts compiles to JavaScript matching moduleResolutionWithSuffixes_one_externalModule_js(TypeScriptCompilerTests_M.kt:3283)
  at java.base/jdk.internal.reflect.DirectMethodHandleAccessor.invoke(DirectMethodHandleAccessor.java:104)
  at java.base/java.lang.reflect.Method.invoke(Method.java:565)
  at org.junit.runners.model.FrameworkMethod$1.runReflectiveCall(FrameworkMethod.java:59)
  at org.junit.internal.runners.model.ReflectiveCallable.run(ReflectiveCallable.java:12)
  at org.junit.runners.model.FrameworkMethod.invokeExplosively(FrameworkMethod.java:56)
  at org.junit.internal.runners.statements.InvokeMethod.evaluate(InvokeMethod.java:17)
  at org.junit.runners.ParentRunner$3.evaluate(ParentRunner.java:306)
  at org.junit.runners.BlockJUnit4ClassRunner$1.evaluate(BlockJUnit4ClassRunner.java:100)
  at org.junit.runners.ParentRunner.runLeaf(ParentRunner.java:366)
  at org.junit.runners.BlockJUnit4ClassRunner.runChild(BlockJUnit4ClassRunner.java:103)
  at org.junit.runners.BlockJUnit4ClassRunner.runChild(BlockJUnit4ClassRunner.java:63)
  at org.junit.runners.ParentRunner$4.run(ParentRunner.java:331)
  at org.junit.runners.ParentRunner$1.schedule(ParentRunner.java:79)
  at org.junit.runners.ParentRunner.runChildren(ParentRunner.java:329)
  at org.junit.runners.ParentRunner.access$100(ParentRunner.java:66)
  at org.junit.runners.ParentRunner$2.evaluate(ParentRunner.java:293)
  at org.junit.runners.ParentRunner$3.evaluate(ParentRunner.java:306)
  at org.junit.runners.ParentRunner.run(ParentRunner.java:413)
  at org.junit.runner.JUnitCore.run(JUnitCore.java:137)
  at org.junit.runner.JUnitCore.run(JUnitCore.java:115)
  at org.gradle.api.internal.tasks.testing.junit.JUnitTestExecutor.runRequest(JUnitTestExecutor.java:175)
  at org.gradle.api.internal.tasks.testing.junit.JUnitTestExecutor.accept(JUnitTestExecutor.java:84)
  at org.gradle.api.internal.tasks.testing.junit.JUnitTestExecutor.accept(JUnitTestExecutor.java:47)
  at org.gradle.api.internal.tasks.testing.junit.AbstractJUnitTestDefinitionProcessor.processTestDefinition(AbstractJUnitTestDefinitionProcessor.java:65)
  at org.gradle.api.internal.tasks.testing.SuiteTestDefinitionProcessor.processTestDefinition(SuiteTestDefinitionProcessor.java:54)
  at java.base/jdk.internal.reflect.DirectMethodHandleAccessor.invoke(DirectMethodHandleAccessor.java:104)
  at java.base/java.lang.reflect.Method.invoke(Method.java:565)
  at org.gradle.internal.dispatch.MethodInvocation.invokeOn(MethodInvocation.java:77)
  at org.gradle.internal.dispatch.ReflectionDispatch.dispatch(ReflectionDispatch.java:28)
  at org.gradle.internal.dispatch.ReflectionDispatch.dispatch(ReflectionDispatch.java:19)
  at org.gradle.internal.dispatch.ContextClassLoaderDispatch.dispatch(ContextClassLoaderDispatch.java:33)
  at org.gradle.internal.dispatch.ProxyDispatchAdapter$DispatchingInvocationHandler.invoke(ProxyDispatchAdapter.java:88)
  at jdk.proxy1/jdk.proxy1.$Proxy4.processTestDefinition(Unknown Source)
  at org.gradle.api.internal.tasks.testing.worker.TestWorker$2.run(TestWorker.java:178)
  at org.gradle.api.internal.tasks.testing.worker.TestWorker.executeAndMaintainThreadName(TestWorker.java:126)
  at org.gradle.api.internal.tasks.testing.worker.TestWorker.execute(TestWorker.java:103)
  at org.gradle.api.internal.tasks.testing.worker.TestWorker.execute(TestWorker.java:63)
  at org.gradle.process.internal.worker.child.ActionExecutionWorker.execute(ActionExecutionWorker.java:56)
  at org.gradle.process.internal.worker.child.SystemApplicationClassLoaderWorker.call(SystemApplicationClassLoaderWorker.java:122)
  at org.gradle.process.internal.worker.child.SystemApplicationClassLoaderWorker.call(SystemApplicationClassLoaderWorker.java:72)
  at worker.org.gradle.process.internal.worker.GradleWorkerMain.run(GradleWorkerMain.java:69)
  at worker.org.gradle.process.internal.worker.GradleWorkerMain.main(GradleWorkerMain.java:74)
</stacktrace>
</test-failure>


TypeScriptCompilerTests_M[jvm] > moduleResolutionWithSuffixes_one_externalModule_ts compiles to JavaScript matching moduleResolutionWithSuffixes_one_externalModule_js[jvm] FAILED

<test-failure test="com.xemantic.typescript.compiler.TypeScriptCompilerTests_M.mapUpsert_ts has expected errors matching mapUpsert_errors_txt" platform="jvm">
<message>
Expected diagnostics from baseline typescript-repo/tests/baselines/reference/mapUpsert.errors.txt but none produced
</message>
<stacktrace>
  at com.xemantic.typescript.compiler.TypeScriptTestSupportKt.errorsMatchBaseline(TypeScriptTestSupport.kt:125)
  at com.xemantic.typescript.compiler.TypeScriptCompilerTests_M.mapUpsert_ts has expected errors matching mapUpsert_errors_txt(TypeScriptCompilerTests_M.kt:112)
  at java.base/jdk.internal.reflect.DirectMethodHandleAccessor.invoke(DirectMethodHandleAccessor.java:104)
  at java.base/java.lang.reflect.Method.invoke(Method.java:565)
  at org.junit.runners.model.FrameworkMethod$1.runReflectiveCall(FrameworkMethod.java:59)
  at org.junit.internal.runners.model.ReflectiveCallable.run(ReflectiveCallable.java:12)
  at org.junit.runners.model.FrameworkMethod.invokeExplosively(FrameworkMethod.java:56)
  at org.junit.internal.runners.statements.InvokeMethod.evaluate(InvokeMethod.java:17)
  at org.junit.runners.ParentRunner$3.evaluate(ParentRunner.java:306)
  at org.junit.runners.BlockJUnit4ClassRunner$1.evaluate(BlockJUnit4ClassRunner.java:100)
  at org.junit.runners.ParentRunner.runLeaf(ParentRunner.java:366)
  at org.junit.runners.BlockJUnit4ClassRunner.runChild(BlockJUnit4ClassRunner.java:103)
  at org.junit.runners.BlockJUnit4ClassRunner.runChild(BlockJUnit4ClassRunner.java:63)
  at org.junit.runners.ParentRunner$4.run(ParentRunner.java:331)
  at org.junit.runners.ParentRunner$1.schedule(ParentRunner.java:79)
  at org.junit.runners.ParentRunner.runChildren(ParentRunner.java:329)
  at org.junit.runners.ParentRunner.access$100(ParentRunner.java:66)
  at org.junit.runners.ParentRunner$2.evaluate(ParentRunner.java:293)
  at org.junit.runners.ParentRunner$3.evaluate(ParentRunner.java:306)
  at org.junit.runners.ParentRunner.run(ParentRunner.java:413)
  at org.junit.runner.JUnitCore.run(JUnitCore.java:137)
  at org.junit.runner.JUnitCore.run(JUnitCore.java:115)
  at org.gradle.api.internal.tasks.testing.junit.JUnitTestExecutor.runRequest(JUnitTestExecutor.java:175)
  at org.gradle.api.internal.tasks.testing.junit.JUnitTestExecutor.accept(JUnitTestExecutor.java:84)
  at org.gradle.api.internal.tasks.testing.junit.JUnitTestExecutor.accept(JUnitTestExecutor.java:47)
  at org.gradle.api.internal.tasks.testing.junit.AbstractJUnitTestDefinitionProcessor.processTestDefinition(AbstractJUnitTestDefinitionProcessor.java:65)
  at org.gradle.api.internal.tasks.testing.SuiteTestDefinitionProcessor.processTestDefinition(SuiteTestDefinitionProcessor.java:54)
  at java.base/jdk.internal.reflect.DirectMethodHandleAccessor.invoke(DirectMethodHandleAccessor.java:104)
  at java.base/java.lang.reflect.Method.invoke(Method.java:565)
  at org.gradle.internal.dispatch.MethodInvocation.invokeOn(MethodInvocation.java:77)
  at org.gradle.internal.dispatch.ReflectionDispatch.dispatch(ReflectionDispatch.java:28)
  at org.gradle.internal.dispatch.ReflectionDispatch.dispatch(ReflectionDispatch.java:19)
  at org.gradle.internal.dispatch.ContextClassLoaderDispatch.dispatch(ContextClassLoaderDispatch.java:33)
  at org.gradle.internal.dispatch.ProxyDispatchAdapter$DispatchingInvocationHandler.invoke(ProxyDispatchAdapter.java:88)
  at jdk.proxy1/jdk.proxy1.$Proxy4.processTestDefinition(Unknown Source)
  at org.gradle.api.internal.tasks.testing.worker.TestWorker$2.run(TestWorker.java:178)
  at org.gradle.api.internal.tasks.testing.worker.TestWorker.executeAndMaintainThreadName(TestWorker.java:126)
  at org.gradle.api.internal.tasks.testing.worker.TestWorker.execute(TestWorker.java:103)
  at org.gradle.api.internal.tasks.testing.worker.TestWorker.execute(TestWorker.java:63)
  at org.gradle.process.internal.worker.child.ActionExecutionWorker.execute(ActionExecutionWorker.java:56)
  at org.gradle.process.internal.worker.child.SystemApplicationClassLoaderWorker.call(SystemApplicationClassLoaderWorker.java:122)
  at org.gradle.process.internal.worker.child.SystemApplicationClassLoaderWorker.call(SystemApplicationClassLoaderWorker.java:72)
  at worker.org.gradle.process.internal.worker.GradleWorkerMain.run(GradleWorkerMain.java:69)
  at worker.org.gradle.process.internal.worker.GradleWorkerMain.main(GradleWorkerMain.java:74)
</stacktrace>
</test-failure>


TypeScriptCompilerTests_M[jvm] > mapUpsert_ts has expected errors matching mapUpsert_errors_txt[jvm] FAILED

<test-failure test="com.xemantic.typescript.compiler.TypeScriptCompilerTests_M.moduleNodeImportRequireEmit_ts__target_es2016__compiles to JavaScript matching baseline" platform="jvm">
<message>
--- expected
+++ actual
@@ -13,9 +13,9 @@
 foo;
 
 //// [index.js]
-import { createRequire as _createRequire } from "module";
-const __require = _createRequire(import.meta.url);
+"use strict";
+Object.defineProperty(exports, "__esModule", { value: true });
 /// <reference path="./mod.d.ts" />
 // This should emit a call to createRequire(import.meta.url)
-const foo = __require("foo");
+const foo = require("foo");
 foo;

</message>
<stacktrace>
  at org.junit.Assert.fail(Assert.java:89)
  at kotlin.test.junit.JUnitAsserter.fail(JUnitSupport.kt:56)
  at kotlin.test.AssertionsKt__AssertionsKt.fail(Assertions.kt:563)
  at kotlin.test.AssertionsKt.fail(Unknown Source)
  at com.xemantic.kotlin.test.SameAsKt.sameAs(SameAs.kt:52)
  at com.xemantic.typescript.compiler.TypeScriptTestSupportKt.sameAs(TypeScriptTestSupport.kt:99)
  at com.xemantic.typescript.compiler.TypeScriptCompilerTests_M.moduleNodeImportRequireEmit_ts__target_es2016__compiles to JavaScript matching baseline(TypeScriptCompilerTests_M.kt:2695)
  at java.base/jdk.internal.reflect.DirectMethodHandleAccessor.invoke(DirectMethodHandleAccessor.java:104)
  at java.base/java.lang.reflect.Method.invoke(Method.java:565)
  at org.junit.runners.model.FrameworkMethod$1.runReflectiveCall(FrameworkMethod.java:59)
  at org.junit.internal.runners.model.ReflectiveCallable.run(ReflectiveCallable.java:12)
  at org.junit.runners.model.FrameworkMethod.invokeExplosively(FrameworkMethod.java:56)
  at org.junit.internal.runners.statements.InvokeMethod.evaluate(InvokeMethod.java:17)
  at org.junit.runners.ParentRunner$3.evaluate(ParentRunner.java:306)
  at org.junit.runners.BlockJUnit4ClassRunner$1.evaluate(BlockJUnit4ClassRunner.java:100)
  at org.junit.runners.ParentRunner.runLeaf(ParentRunner.java:366)
  at org.junit.runners.BlockJUnit4ClassRunner.runChild(BlockJUnit4ClassRunner.java:103)
  at org.junit.runners.BlockJUnit4ClassRunner.runChild(BlockJUnit4ClassRunner.java:63)
  at org.junit.runners.ParentRunner$4.run(ParentRunner.java:331)
  at org.junit.runners.ParentRunner$1.schedule(ParentRunner.java:79)
  at org.junit.runners.ParentRunner.runChildren(ParentRunner.java:329)
  at org.junit.runners.ParentRunner.access$100(ParentRunner.java:66)
  at org.junit.runners.ParentRunner$2.evaluate(ParentRunner.java:293)
  at org.junit.runners.ParentRunner$3.evaluate(ParentRunner.java:306)
  at org.junit.runners.ParentRunner.run(ParentRunner.java:413)
  at org.junit.runner.JUnitCore.run(JUnitCore.java:137)
  at org.junit.runner.JUnitCore.run(JUnitCore.java:115)
  at org.gradle.api.internal.tasks.testing.junit.JUnitTestExecutor.runRequest(JUnitTestExecutor.java:175)
  at org.gradle.api.internal.tasks.testing.junit.JUnitTestExecutor.accept(JUnitTestExecutor.java:84)
  at org.gradle.api.internal.tasks.testing.junit.JUnitTestExecutor.accept(JUnitTestExecutor.java:47)
  at org.gradle.api.internal.tasks.testing.junit.AbstractJUnitTestDefinitionProcessor.processTestDefinition(AbstractJUnitTestDefinitionProcessor.java:65)
  at org.gradle.api.internal.tasks.testing.SuiteTestDefinitionProcessor.processTestDefinition(SuiteTestDefinitionProcessor.java:54)
  at java.base/jdk.internal.reflect.DirectMethodHandleAccessor.invoke(DirectMethodHandleAccessor.java:104)
  at java.base/java.lang.reflect.Method.invoke(Method.java:565)
  at org.gradle.internal.dispatch.MethodInvocation.invokeOn(MethodInvocation.java:77)
  at org.gradle.internal.dispatch.ReflectionDispatch.dispatch(ReflectionDispatch.java:28)
  at org.gradle.internal.dispatch.ReflectionDispatch.dispatch(ReflectionDispatch.java:19)
  at org.gradle.internal.dispatch.ContextClassLoaderDispatch.dispatch(ContextClassLoaderDispatch.java:33)
  at org.gradle.internal.dispatch.ProxyDispatchAdapter$DispatchingInvocationHandler.invoke(ProxyDispatchAdapter.java:88)
  at jdk.proxy1/jdk.proxy1.$Proxy4.processTestDefinition(Unknown Source)
  at org.gradle.api.internal.tasks.testing.worker.TestWorker$2.run(TestWorker.java:178)
  at org.gradle.api.internal.tasks.testing.worker.TestWorker.executeAndMaintainThreadName(TestWorker.java:126)
  at org.gradle.api.internal.tasks.testing.worker.TestWorker.execute(TestWorker.java:103)
  at org.gradle.api.internal.tasks.testing.worker.TestWorker.execute(TestWorker.java:63)
  at org.gradle.process.internal.worker.child.ActionExecutionWorker.execute(ActionExecutionWorker.java:56)
  at org.gradle.process.internal.worker.child.SystemApplicationClassLoaderWorker.call(SystemApplicationClassLoaderWorker.java:122)
  at org.gradle.process.internal.worker.child.SystemApplicationClassLoaderWorker.call(SystemApplicationClassLoaderWorker.java:72)
  at worker.org.gradle.process.internal.worker.GradleWorkerMain.run(GradleWorkerMain.java:69)
  at worker.org.gradle.process.internal.worker.GradleWorkerMain.main(GradleWorkerMain.java:74)
</stacktrace>
</test-failure>


TypeScriptCompilerTests_M[jvm] > moduleNodeImportRequireEmit_ts__target_es2016__compiles to JavaScript matching baseline[jvm] FAILED

<test-failure test="com.xemantic.typescript.compiler.TypeScriptCompilerTests_M.moduleElementsInWrongContext2_ts has expected errors matching moduleElementsInWrongContext2_errors_txt" platform="jvm">
<message>
Expected diagnostics from baseline typescript-repo/tests/baselines/reference/moduleElementsInWrongContext2.errors.txt but none produced
</message>
<stacktrace>
  at com.xemantic.typescript.compiler.TypeScriptTestSupportKt.errorsMatchBaseline(TypeScriptTestSupport.kt:125)
  at com.xemantic.typescript.compiler.TypeScriptCompilerTests_M.moduleElementsInWrongContext2_ts has expected errors matching moduleElementsInWrongContext2_errors_txt(TypeScriptCompilerTests_M.kt:2429)
  at java.base/jdk.internal.reflect.DirectMethodHandleAccessor.invoke(DirectMethodHandleAccessor.java:104)
  at java.base/java.lang.reflect.Method.invoke(Method.java:565)
  at org.junit.runners.model.FrameworkMethod$1.runReflectiveCall(FrameworkMethod.java:59)
  at org.junit.internal.runners.model.ReflectiveCallable.run(ReflectiveCallable.java:12)
  at org.junit.runners.model.FrameworkMethod.invokeExplosively(FrameworkMethod.java:56)
  at org.junit.internal.runners.statements.InvokeMethod.evaluate(InvokeMethod.java:17)
  at org.junit.runners.ParentRunner$3.evaluate(ParentRunner.java:306)
  at org.junit.runners.BlockJUnit4ClassRunner$1.evaluate(BlockJUnit4ClassRunner.java:100)
  at org.junit.runners.ParentRunner.runLeaf(ParentRunner.java:366)
  at org.junit.runners.BlockJUnit4ClassRunner.runChild(BlockJUnit4ClassRunner.java:103)
  at org.junit.runners.BlockJUnit4ClassRunner.runChild(BlockJUnit4ClassRunner.java:63)
  at org.junit.runners.ParentRunner$4.run(ParentRunner.java:331)
  at org.junit.runners.ParentRunner$1.schedule(ParentRunner.java:79)
  at org.junit.runners.ParentRunner.runChildren(ParentRunner.java:329)
  at org.junit.runners.ParentRunner.access$100(ParentRunner.java:66)
  at org.junit.runners.ParentRunner$2.evaluate(ParentRunner.java:293)
  at org.junit.runners.ParentRunner$3.evaluate(ParentRunner.java:306)
  at org.junit.runners.ParentRunner.run(ParentRunner.java:413)
  at org.junit.runner.JUnitCore.run(JUnitCore.java:137)
  at org.junit.runner.JUnitCore.run(JUnitCore.java:115)
  at org.gradle.api.internal.tasks.testing.junit.JUnitTestExecutor.runRequest(JUnitTestExecutor.java:175)
  at org.gradle.api.internal.tasks.testing.junit.JUnitTestExecutor.accept(JUnitTestExecutor.java:84)
  at org.gradle.api.internal.tasks.testing.junit.JUnitTestExecutor.accept(JUnitTestExecutor.java:47)
  at org.gradle.api.internal.tasks.testing.junit.AbstractJUnitTestDefinitionProcessor.processTestDefinition(AbstractJUnitTestDefinitionProcessor.java:65)
  at org.gradle.api.internal.tasks.testing.SuiteTestDefinitionProcessor.processTestDefinition(SuiteTestDefinitionProcessor.java:54)
  at java.base/jdk.internal.reflect.DirectMethodHandleAccessor.invoke(DirectMethodHandleAccessor.java:104)
  at java.base/java.lang.reflect.Method.invoke(Method.java:565)
  at org.gradle.internal.dispatch.MethodInvocation.invokeOn(MethodInvocation.java:77)
  at org.gradle.internal.dispatch.ReflectionDispatch.dispatch(ReflectionDispatch.java:28)
  at org.gradle.internal.dispatch.ReflectionDispatch.dispatch(ReflectionDispatch.java:19)
  at org.gradle.internal.dispatch.ContextClassLoaderDispatch.dispatch(ContextClassLoaderDispatch.java:33)
  at org.gradle.internal.dispatch.ProxyDispatchAdapter$DispatchingInvocationHandler.invoke(ProxyDispatchAdapter.java:88)
  at jdk.proxy1/jdk.proxy1.$Proxy4.processTestDefinition(Unknown Source)
  at org.gradle.api.internal.tasks.testing.worker.TestWorker$2.run(TestWorker.java:178)
  at org.gradle.api.internal.tasks.testing.worker.TestWorker.executeAndMaintainThreadName(TestWorker.java:126)
  at org.gradle.api.internal.tasks.testing.worker.TestWorker.execute(TestWorker.java:103)
  at org.gradle.api.internal.tasks.testing.worker.TestWorker.execute(TestWorker.java:63)
  at org.gradle.process.internal.worker.child.ActionExecutionWorker.execute(ActionExecutionWorker.java:56)
  at org.gradle.process.internal.worker.child.SystemApplicationClassLoaderWorker.call(SystemApplicationClassLoaderWorker.java:122)
  at org.gradle.process.internal.worker.child.SystemApplicationClassLoaderWorker.call(SystemApplicationClassLoaderWorker.java:72)
  at worker.org.gradle.process.internal.worker.GradleWorkerMain.run(GradleWorkerMain.java:69)
  at worker.org.gradle.process.internal.worker.GradleWorkerMain.main(GradleWorkerMain.java:74)
</stacktrace>
</test-failure>


TypeScriptCompilerTests_M[jvm] > moduleElementsInWrongContext2_ts has expected errors matching moduleElementsInWrongContext2_errors_txt[jvm] FAILED

<test-failure test="com.xemantic.typescript.compiler.TypeScriptCompilerTests_M.moduleAugmentationWithNonExistentNamedImport_ts has expected errors matching moduleAugmentationWithNonExistentNamedImport_errors_txt" platform="jvm">
<message>
Expected diagnostics from baseline typescript-repo/tests/baselines/reference/moduleAugmentationWithNonExistentNamedImport.errors.txt but none produced
</message>
<stacktrace>
  at com.xemantic.typescript.compiler.TypeScriptTestSupportKt.errorsMatchBaseline(TypeScriptTestSupport.kt:125)
  at com.xemantic.typescript.compiler.TypeScriptCompilerTests_M.moduleAugmentationWithNonExistentNamedImport_ts has expected errors matching moduleAugmentationWithNonExistentNamedImport_errors_txt(TypeScriptCompilerTests_M.kt:2254)
  at java.base/jdk.internal.reflect.DirectMethodHandleAccessor.invoke(DirectMethodHandleAccessor.java:104)
  at java.base/java.lang.reflect.Method.invoke(Method.java:565)
  at org.junit.runners.model.FrameworkMethod$1.runReflectiveCall(FrameworkMethod.java:59)
  at org.junit.internal.runners.model.ReflectiveCallable.run(ReflectiveCallable.java:12)
  at org.junit.runners.model.FrameworkMethod.invokeExplosively(FrameworkMethod.java:56)
  at org.junit.internal.runners.statements.InvokeMethod.evaluate(InvokeMethod.java:17)
  at org.junit.runners.ParentRunner$3.evaluate(ParentRunner.java:306)
  at org.junit.runners.BlockJUnit4ClassRunner$1.evaluate(BlockJUnit4ClassRunner.java:100)
  at org.junit.runners.ParentRunner.runLeaf(ParentRunner.java:366)
  at org.junit.runners.BlockJUnit4ClassRunner.runChild(BlockJUnit4ClassRunner.java:103)
  at org.junit.runners.BlockJUnit4ClassRunner.runChild(BlockJUnit4ClassRunner.java:63)
  at org.junit.runners.ParentRunner$4.run(ParentRunner.java:331)
  at org.junit.runners.ParentRunner$1.schedule(ParentRunner.java:79)
  at org.junit.runners.ParentRunner.runChildren(ParentRunner.java:329)
  at org.junit.runners.ParentRunner.access$100(ParentRunner.java:66)
  at org.junit.runners.ParentRunner$2.evaluate(ParentRunner.java:293)
  at org.junit.runners.ParentRunner$3.evaluate(ParentRunner.java:306)
  at org.junit.runners.ParentRunner.run(ParentRunner.java:413)
  at org.junit.runner.JUnitCore.run(JUnitCore.java:137)
  at org.junit.runner.JUnitCore.run(JUnitCore.java:115)
  at org.gradle.api.internal.tasks.testing.junit.JUnitTestExecutor.runRequest(JUnitTestExecutor.java:175)
  at org.gradle.api.internal.tasks.testing.junit.JUnitTestExecutor.accept(JUnitTestExecutor.java:84)
  at org.gradle.api.internal.tasks.testing.junit.JUnitTestExecutor.accept(JUnitTestExecutor.java:47)
  at org.gradle.api.internal.tasks.testing.junit.AbstractJUnitTestDefinitionProcessor.processTestDefinition(AbstractJUnitTestDefinitionProcessor.java:65)
  at org.gradle.api.internal.tasks.testing.SuiteTestDefinitionProcessor.processTestDefinition(SuiteTestDefinitionProcessor.java:54)
  at java.base/jdk.internal.reflect.DirectMethodHandleAccessor.invoke(DirectMethodHandleAccessor.java:104)
  at java.base/java.lang.reflect.Method.invoke(Method.java:565)
  at org.gradle.internal.dispatch.MethodInvocation.invokeOn(MethodInvocation.java:77)
  at org.gradle.internal.dispatch.ReflectionDispatch.dispatch(ReflectionDispatch.java:28)
  at org.gradle.internal.dispatch.ReflectionDispatch.dispatch(ReflectionDispatch.java:19)
  at org.gradle.internal.dispatch.ContextClassLoaderDispatch.dispatch(ContextClassLoaderDispatch.java:33)
  at org.gradle.internal.dispatch.ProxyDispatchAdapter$DispatchingInvocationHandler.invoke(ProxyDispatchAdapter.java:88)
  at jdk.proxy1/jdk.proxy1.$Proxy4.processTestDefinition(Unknown Source)
  at org.gradle.api.internal.tasks.testing.worker.TestWorker$2.run(TestWorker.java:178)
  at org.gradle.api.internal.tasks.testing.worker.TestWorker.executeAndMaintainThreadName(TestWorker.java:126)
  at org.gradle.api.internal.tasks.testing.worker.TestWorker.execute(TestWorker.java:103)
  at org.gradle.api.internal.tasks.testing.worker.TestWorker.execute(TestWorker.java:63)
  at org.gradle.process.internal.worker.child.ActionExecutionWorker.execute(ActionExecutionWorker.java:56)
  at org.gradle.process.internal.worker.child.SystemApplicationClassLoaderWorker.call(SystemApplicationClassLoaderWorker.java:122)
  at org.gradle.process.internal.worker.child.SystemApplicationClassLoaderWorker.call(SystemApplicationClassLoaderWorker.java:72)
  at worker.org.gradle.process.internal.worker.GradleWorkerMain.run(GradleWorkerMain.java:69)
  at worker.org.gradle.process.internal.worker.GradleWorkerMain.main(GradleWorkerMain.java:74)
</stacktrace>
</test-failure>


TypeScriptCompilerTests_M[jvm] > moduleAugmentationWithNonExistentNamedImport_ts has expected errors matching moduleAugmentationWithNonExistentNamedImport_errors_txt[jvm] FAILED

<test-failure test="com.xemantic.typescript.compiler.TypeScriptCompilerTests_M.modulePreserveImportHelpers_ts compiles to JavaScript matching modulePreserveImportHelpers_js" platform="jvm">
<message>
--- expected
+++ actual
@@ -37,61 +37,11 @@
 
 
 //// [a.mjs]
-import { __esDecorate, __runInitializers } from "tslib";
-let A = (() => {
-    let _classDecorators = [dec()];
-    let _classDescriptor;
-    let _classExtraInitializers = [];
-    let _classThis;
-    var A = class {
-        static { _classThis = this; }
-        static {
-            const _metadata = typeof Symbol === "function" && Symbol.metadata ? Object.create(null) : void 0;
-            __esDecorate(null, _classDescriptor = { value: _classThis }, _classDecorators, { kind: "class", name: _classThis.name, metadata: _metadata }, null, _classExtraInitializers);
-            A = _classThis = _classDescriptor.value;
-            if (_metadata) Object.defineProperty(_classThis, Symbol.metadata, { enumerable: true, configurable: true, writable: true, value: _metadata });
-            __runInitializers(_classThis, _classExtraInitializers);
-        }
-    };
-    return A = _classThis;
-})();
-export { A };
+export class A {
+}
 //// [b.cjs]
-const tslib_1 = require("tslib");
-let B = (() => {
-    let _classDecorators = [dec()];
-    let _classDescriptor;
-    let _classExtraInitializers = [];
-    let _classThis;
-    var B = class {
-        static { _classThis = this; }
-        static {
-            const _metadata = typeof Symbol === "function" && Symbol.metadata ? Object.create(null) : void 0;
-            tslib_1.__esDecorate(null, _classDescriptor = { value: _classThis }, _classDecorators, { kind: "class", name: _classThis.name, metadata: _metadata }, null, _classExtraInitializers);
-            B = _classThis = _classDescriptor.value;
-            if (_metadata) Object.defineProperty(_classThis, Symbol.metadata, { enumerable: true, configurable: true, writable: true, value: _metadata });
-            tslib_1.__runInitializers(_classThis, _classExtraInitializers);
-        }
-    };
-    return B = _classThis;
-})();
+class B {
+}
 //// [c.js]
-import { __esDecorate, __runInitializers } from "tslib";
-let C = (() => {
-    let _classDecorators = [dec()];
-    let _classDescriptor;
-    let _classExtraInitializers = [];
-    let _classThis;
-    var C = class {
-        static { _classThis = this; }
-        static {
-            const _metadata = typeof Symbol === "function" && Symbol.metadata ? Object.create(null) : void 0;
-            __esDecorate(null, _classDescriptor = { value: _classThis }, _classDecorators, { kind: "class", name: _classThis.name, metadata: _metadata }, null, _classExtraInitializers);
-            C = _classThis = _classDescriptor.value;
-            if (_metadata) Object.defineProperty(_classThis, Symbol.metadata, { enumerable: true, configurable: true, writable: true, value: _metadata });
-            __runInitializers(_classThis, _classExtraInitializers);
-        }
-    };
-    return C = _classThis;
-})();
-export { C };
+export class C {
+}

</message>
<stacktrace>
  at org.junit.Assert.fail(Assert.java:89)
  at kotlin.test.junit.JUnitAsserter.fail(JUnitSupport.kt:56)
  at kotlin.test.AssertionsKt__AssertionsKt.fail(Assertions.kt:563)
  at kotlin.test.AssertionsKt.fail(Unknown Source)
  at com.xemantic.kotlin.test.SameAsKt.sameAs(SameAs.kt:52)
  at com.xemantic.typescript.compiler.TypeScriptTestSupportKt.sameAs(TypeScriptTestSupport.kt:99)
  at com.xemantic.typescript.compiler.TypeScriptCompilerTests_M.modulePreserveImportHelpers_ts compiles to JavaScript matching modulePreserveImportHelpers_js(TypeScriptCompilerTests_M.kt:2814)
  at java.base/jdk.internal.reflect.DirectMethodHandleAccessor.invoke(DirectMethodHandleAccessor.java:104)
  at java.base/java.lang.reflect.Method.invoke(Method.java:565)
  at org.junit.runners.model.FrameworkMethod$1.runReflectiveCall(FrameworkMethod.java:59)
  at org.junit.internal.runners.model.ReflectiveCallable.run(ReflectiveCallable.java:12)
  at org.junit.runners.model.FrameworkMethod.invokeExplosively(FrameworkMethod.java:56)
  at org.junit.internal.runners.statements.InvokeMethod.evaluate(InvokeMethod.java:17)
  at org.junit.runners.ParentRunner$3.evaluate(ParentRunner.java:306)
  at org.junit.runners.BlockJUnit4ClassRunner$1.evaluate(BlockJUnit4ClassRunner.java:100)
  at org.junit.runners.ParentRunner.runLeaf(ParentRunner.java:366)
  at org.junit.runners.BlockJUnit4ClassRunner.runChild(BlockJUnit4ClassRunner.java:103)
  at org.junit.runners.BlockJUnit4ClassRunner.runChild(BlockJUnit4ClassRunner.java:63)
  at org.junit.runners.ParentRunner$4.run(ParentRunner.java:331)
  at org.junit.runners.ParentRunner$1.schedule(ParentRunner.java:79)
  at org.junit.runners.ParentRunner.runChildren(ParentRunner.java:329)
  at org.junit.runners.ParentRunner.access$100(ParentRunner.java:66)
  at org.junit.runners.ParentRunner$2.evaluate(ParentRunner.java:293)
  at org.junit.runners.ParentRunner$3.evaluate(ParentRunner.java:306)
  at org.junit.runners.ParentRunner.run(ParentRunner.java:413)
  at org.junit.runner.JUnitCore.run(JUnitCore.java:137)
  at org.junit.runner.JUnitCore.run(JUnitCore.java:115)
  at org.gradle.api.internal.tasks.testing.junit.JUnitTestExecutor.runRequest(JUnitTestExecutor.java:175)
  at org.gradle.api.internal.tasks.testing.junit.JUnitTestExecutor.accept(JUnitTestExecutor.java:84)
  at org.gradle.api.internal.tasks.testing.junit.JUnitTestExecutor.accept(JUnitTestExecutor.java:47)
  at org.gradle.api.internal.tasks.testing.junit.AbstractJUnitTestDefinitionProcessor.processTestDefinition(AbstractJUnitTestDefinitionProcessor.java:65)
  at org.gradle.api.internal.tasks.testing.SuiteTestDefinitionProcessor.processTestDefinition(SuiteTestDefinitionProcessor.java:54)
  at java.base/jdk.internal.reflect.DirectMethodHandleAccessor.invoke(DirectMethodHandleAccessor.java:104)
  at java.base/java.lang.reflect.Method.invoke(Method.java:565)
  at org.gradle.internal.dispatch.MethodInvocation.invokeOn(MethodInvocation.java:77)
  at org.gradle.internal.dispatch.ReflectionDispatch.dispatch(ReflectionDispatch.java:28)
  at org.gradle.internal.dispatch.ReflectionDispatch.dispatch(ReflectionDispatch.java:19)
  at org.gradle.internal.dispatch.ContextClassLoaderDispatch.dispatch(ContextClassLoaderDispatch.java:33)
  at org.gradle.internal.dispatch.ProxyDispatchAdapter$DispatchingInvocationHandler.invoke(ProxyDispatchAdapter.java:88)
  at jdk.proxy1/jdk.proxy1.$Proxy4.processTestDefinition(Unknown Source)
  at org.gradle.api.internal.tasks.testing.worker.TestWorker$2.run(TestWorker.java:178)
  at org.gradle.api.internal.tasks.testing.worker.TestWorker.executeAndMaintainThreadName(TestWorker.java:126)
  at org.gradle.api.internal.tasks.testing.worker.TestWorker.execute(TestWorker.java:103)
  at org.gradle.api.internal.tasks.testing.worker.TestWorker.execute(TestWorker.java:63)
  at org.gradle.process.internal.worker.child.ActionExecutionWorker.execute(ActionExecutionWorker.java:56)
  at org.gradle.process.internal.worker.child.SystemApplicationClassLoaderWorker.call(SystemApplicationClassLoaderWorker.java:122)
  at org.gradle.process.internal.worker.child.SystemApplicationClassLoaderWorker.call(SystemApplicationClassLoaderWorker.java:72)
  at worker.org.gradle.process.internal.worker.GradleWorkerMain.run(GradleWorkerMain.java:69)
  at worker.org.gradle.process.internal.worker.GradleWorkerMain.main(GradleWorkerMain.java:74)
</stacktrace>
</test-failure>


TypeScriptCompilerTests_M[jvm] > modulePreserveImportHelpers_ts compiles to JavaScript matching modulePreserveImportHelpers_js[jvm] FAILED

<test-failure test="com.xemantic.typescript.compiler.TypeScriptCompilerTests_M.mergeWithImportedType_ts has expected errors matching mergeWithImportedType_errors_txt" platform="jvm">
<message>
Expected diagnostics from baseline typescript-repo/tests/baselines/reference/mergeWithImportedType.errors.txt but none produced
</message>
<stacktrace>
  at com.xemantic.typescript.compiler.TypeScriptTestSupportKt.errorsMatchBaseline(TypeScriptTestSupport.kt:125)
  at com.xemantic.typescript.compiler.TypeScriptCompilerTests_M.mergeWithImportedType_ts has expected errors matching mergeWithImportedType_errors_txt(TypeScriptCompilerTests_M.kt:553)
  at java.base/jdk.internal.reflect.DirectMethodHandleAccessor.invoke(DirectMethodHandleAccessor.java:104)
  at java.base/java.lang.reflect.Method.invoke(Method.java:565)
  at org.junit.runners.model.FrameworkMethod$1.runReflectiveCall(FrameworkMethod.java:59)
  at org.junit.internal.runners.model.ReflectiveCallable.run(ReflectiveCallable.java:12)
  at org.junit.runners.model.FrameworkMethod.invokeExplosively(FrameworkMethod.java:56)
  at org.junit.internal.runners.statements.InvokeMethod.evaluate(InvokeMethod.java:17)
  at org.junit.runners.ParentRunner$3.evaluate(ParentRunner.java:306)
  at org.junit.runners.BlockJUnit4ClassRunner$1.evaluate(BlockJUnit4ClassRunner.java:100)
  at org.junit.runners.ParentRunner.runLeaf(ParentRunner.java:366)
  at org.junit.runners.BlockJUnit4ClassRunner.runChild(BlockJUnit4ClassRunner.java:103)
  at org.junit.runners.BlockJUnit4ClassRunner.runChild(BlockJUnit4ClassRunner.java:63)
  at org.junit.runners.ParentRunner$4.run(ParentRunner.java:331)
  at org.junit.runners.ParentRunner$1.schedule(ParentRunner.java:79)
  at org.junit.runners.ParentRunner.runChildren(ParentRunner.java:329)
  at org.junit.runners.ParentRunner.access$100(ParentRunner.java:66)
  at org.junit.runners.ParentRunner$2.evaluate(ParentRunner.java:293)
  at org.junit.runners.ParentRunner$3.evaluate(ParentRunner.java:306)
  at org.junit.runners.ParentRunner.run(ParentRunner.java:413)
  at org.junit.runner.JUnitCore.run(JUnitCore.java:137)
  at org.junit.runner.JUnitCore.run(JUnitCore.java:115)
  at org.gradle.api.internal.tasks.testing.junit.JUnitTestExecutor.runRequest(JUnitTestExecutor.java:175)
  at org.gradle.api.internal.tasks.testing.junit.JUnitTestExecutor.accept(JUnitTestExecutor.java:84)
  at org.gradle.api.internal.tasks.testing.junit.JUnitTestExecutor.accept(JUnitTestExecutor.java:47)
  at org.gradle.api.internal.tasks.testing.junit.AbstractJUnitTestDefinitionProcessor.processTestDefinition(AbstractJUnitTestDefinitionProcessor.java:65)
  at org.gradle.api.internal.tasks.testing.SuiteTestDefinitionProcessor.processTestDefinition(SuiteTestDefinitionProcessor.java:54)
  at java.base/jdk.internal.reflect.DirectMethodHandleAccessor.invoke(DirectMethodHandleAccessor.java:104)
  at java.base/java.lang.reflect.Method.invoke(Method.java:565)
  at org.gradle.internal.dispatch.MethodInvocation.invokeOn(MethodInvocation.java:77)
  at org.gradle.internal.dispatch.ReflectionDispatch.dispatch(ReflectionDispatch.java:28)
  at org.gradle.internal.dispatch.ReflectionDispatch.dispatch(ReflectionDispatch.java:19)
  at org.gradle.internal.dispatch.ContextClassLoaderDispatch.dispatch(ContextClassLoaderDispatch.java:33)
  at org.gradle.internal.dispatch.ProxyDispatchAdapter$DispatchingInvocationHandler.invoke(ProxyDispatchAdapter.java:88)
  at jdk.proxy1/jdk.proxy1.$Proxy4.processTestDefinition(Unknown Source)
  at org.gradle.api.internal.tasks.testing.worker.TestWorker$2.run(TestWorker.java:178)
  at org.gradle.api.internal.tasks.testing.worker.TestWorker.executeAndMaintainThreadName(TestWorker.java:126)
  at org.gradle.api.internal.tasks.testing.worker.TestWorker.execute(TestWorker.java:103)
  at org.gradle.api.internal.tasks.testing.worker.TestWorker.execute(TestWorker.java:63)
  at org.gradle.process.internal.worker.child.ActionExecutionWorker.execute(ActionExecutionWorker.java:56)
  at org.gradle.process.internal.worker.child.SystemApplicationClassLoaderWorker.call(SystemApplicationClassLoaderWorker.java:122)
  at org.gradle.process.internal.worker.child.SystemApplicationClassLoaderWorker.call(SystemApplicationClassLoaderWorker.java:72)
  at worker.org.gradle.process.internal.worker.GradleWorkerMain.run(GradleWorkerMain.java:69)
  at worker.org.gradle.process.internal.worker.GradleWorkerMain.main(GradleWorkerMain.java:74)
</stacktrace>
</test-failure>


TypeScriptCompilerTests_M[jvm] > mergeWithImportedType_ts has expected errors matching mergeWithImportedType_errors_txt[jvm] FAILED

<test-failure test="com.xemantic.typescript.compiler.TypeScriptCompilerTests_M.memberScope_ts has expected errors matching memberScope_errors_txt" platform="jvm">
<message>
Expected diagnostics from baseline typescript-repo/tests/baselines/reference/memberScope.errors.txt but none produced
</message>
<stacktrace>
  at com.xemantic.typescript.compiler.TypeScriptTestSupportKt.errorsMatchBaseline(TypeScriptTestSupport.kt:125)
  at com.xemantic.typescript.compiler.TypeScriptCompilerTests_M.memberScope_ts has expected errors matching memberScope_errors_txt(TypeScriptCompilerTests_M.kt:462)
  at java.base/jdk.internal.reflect.DirectMethodHandleAccessor.invoke(DirectMethodHandleAccessor.java:104)
  at java.base/java.lang.reflect.Method.invoke(Method.java:565)
  at org.junit.runners.model.FrameworkMethod$1.runReflectiveCall(FrameworkMethod.java:59)
  at org.junit.internal.runners.model.ReflectiveCallable.run(ReflectiveCallable.java:12)
  at org.junit.runners.model.FrameworkMethod.invokeExplosively(FrameworkMethod.java:56)
  at org.junit.internal.runners.statements.InvokeMethod.evaluate(InvokeMethod.java:17)
  at org.junit.runners.ParentRunner$3.evaluate(ParentRunner.java:306)
  at org.junit.runners.BlockJUnit4ClassRunner$1.evaluate(BlockJUnit4ClassRunner.java:100)
  at org.junit.runners.ParentRunner.runLeaf(ParentRunner.java:366)
  at org.junit.runners.BlockJUnit4ClassRunner.runChild(BlockJUnit4ClassRunner.java:103)
  at org.junit.runners.BlockJUnit4ClassRunner.runChild(BlockJUnit4ClassRunner.java:63)
  at org.junit.runners.ParentRunner$4.run(ParentRunner.java:331)
  at org.junit.runners.ParentRunner$1.schedule(ParentRunner.java:79)
  at org.junit.runners.ParentRunner.runChildren(ParentRunner.java:329)
  at org.junit.runners.ParentRunner.access$100(ParentRunner.java:66)
  at org.junit.runners.ParentRunner$2.evaluate(ParentRunner.java:293)
  at org.junit.runners.ParentRunner$3.evaluate(ParentRunner.java:306)
  at org.junit.runners.ParentRunner.run(ParentRunner.java:413)
  at org.junit.runner.JUnitCore.run(JUnitCore.java:137)
  at org.junit.runner.JUnitCore.run(JUnitCore.java:115)
  at org.gradle.api.internal.tasks.testing.junit.JUnitTestExecutor.runRequest(JUnitTestExecutor.java:175)
  at org.gradle.api.internal.tasks.testing.junit.JUnitTestExecutor.accept(JUnitTestExecutor.java:84)
  at org.gradle.api.internal.tasks.testing.junit.JUnitTestExecutor.accept(JUnitTestExecutor.java:47)
  at org.gradle.api.internal.tasks.testing.junit.AbstractJUnitTestDefinitionProcessor.processTestDefinition(AbstractJUnitTestDefinitionProcessor.java:65)
  at org.gradle.api.internal.tasks.testing.SuiteTestDefinitionProcessor.processTestDefinition(SuiteTestDefinitionProcessor.java:54)
  at java.base/jdk.internal.reflect.DirectMethodHandleAccessor.invoke(DirectMethodHandleAccessor.java:104)
  at java.base/java.lang.reflect.Method.invoke(Method.java:565)
  at org.gradle.internal.dispatch.MethodInvocation.invokeOn(MethodInvocation.java:77)
  at org.gradle.internal.dispatch.ReflectionDispatch.dispatch(ReflectionDispatch.java:28)
  at org.gradle.internal.dispatch.ReflectionDispatch.dispatch(ReflectionDispatch.java:19)
  at org.gradle.internal.dispatch.ContextClassLoaderDispatch.dispatch(ContextClassLoaderDispatch.java:33)
  at org.gradle.internal.dispatch.ProxyDispatchAdapter$DispatchingInvocationHandler.invoke(ProxyDispatchAdapter.java:88)
  at jdk.proxy1/jdk.proxy1.$Proxy4.processTestDefinition(Unknown Source)
  at org.gradle.api.internal.tasks.testing.worker.TestWorker$2.run(TestWorker.java:178)
  at org.gradle.api.internal.tasks.testing.worker.TestWorker.executeAndMaintainThreadName(TestWorker.java:126)
  at org.gradle.api.internal.tasks.testing.worker.TestWorker.execute(TestWorker.java:103)
  at org.gradle.api.internal.tasks.testing.worker.TestWorker.execute(TestWorker.java:63)
  at org.gradle.process.internal.worker.child.ActionExecutionWorker.execute(ActionExecutionWorker.java:56)
  at org.gradle.process.internal.worker.child.SystemApplicationClassLoaderWorker.call(SystemApplicationClassLoaderWorker.java:122)
  at org.gradle.process.internal.worker.child.SystemApplicationClassLoaderWorker.call(SystemApplicationClassLoaderWorker.java:72)
  at worker.org.gradle.process.internal.worker.GradleWorkerMain.run(GradleWorkerMain.java:69)
  at worker.org.gradle.process.internal.worker.GradleWorkerMain.main(GradleWorkerMain.java:74)
</stacktrace>
</test-failure>


TypeScriptCompilerTests_M[jvm] > memberScope_ts has expected errors matching memberScope_errors_txt[jvm] FAILED

<test-failure test="com.xemantic.typescript.compiler.TypeScriptCompilerTests_M.missingDiscriminants_ts has expected errors matching missingDiscriminants_errors_txt" platform="jvm">
<message>
Expected diagnostics from baseline typescript-repo/tests/baselines/reference/missingDiscriminants.errors.txt but none produced
</message>
<stacktrace>
  at com.xemantic.typescript.compiler.TypeScriptTestSupportKt.errorsMatchBaseline(TypeScriptTestSupport.kt:125)
  at com.xemantic.typescript.compiler.TypeScriptCompilerTests_M.missingDiscriminants_ts has expected errors matching missingDiscriminants_errors_txt(TypeScriptCompilerTests_M.kt:1127)
  at java.base/jdk.internal.reflect.DirectMethodHandleAccessor.invoke(DirectMethodHandleAccessor.java:104)
  at java.base/java.lang.reflect.Method.invoke(Method.java:565)
  at org.junit.runners.model.FrameworkMethod$1.runReflectiveCall(FrameworkMethod.java:59)
  at org.junit.internal.runners.model.ReflectiveCallable.run(ReflectiveCallable.java:12)
  at org.junit.runners.model.FrameworkMethod.invokeExplosively(FrameworkMethod.java:56)
  at org.junit.internal.runners.statements.InvokeMethod.evaluate(InvokeMethod.java:17)
  at org.junit.runners.ParentRunner$3.evaluate(ParentRunner.java:306)
  at org.junit.runners.BlockJUnit4ClassRunner$1.evaluate(BlockJUnit4ClassRunner.java:100)
  at org.junit.runners.ParentRunner.runLeaf(ParentRunner.java:366)
  at org.junit.runners.BlockJUnit4ClassRunner.runChild(BlockJUnit4ClassRunner.java:103)
  at org.junit.runners.BlockJUnit4ClassRunner.runChild(BlockJUnit4ClassRunner.java:63)
  at org.junit.runners.ParentRunner$4.run(ParentRunner.java:331)
  at org.junit.runners.ParentRunner$1.schedule(ParentRunner.java:79)
  at org.junit.runners.ParentRunner.runChildren(ParentRunner.java:329)
  at org.junit.runners.ParentRunner.access$100(ParentRunner.java:66)
  at org.junit.runners.ParentRunner$2.evaluate(ParentRunner.java:293)
  at org.junit.runners.ParentRunner$3.evaluate(ParentRunner.java:306)
  at org.junit.runners.ParentRunner.run(ParentRunner.java:413)
  at org.junit.runner.JUnitCore.run(JUnitCore.java:137)
  at org.junit.runner.JUnitCore.run(JUnitCore.java:115)
  at org.gradle.api.internal.tasks.testing.junit.JUnitTestExecutor.runRequest(JUnitTestExecutor.java:175)
  at org.gradle.api.internal.tasks.testing.junit.JUnitTestExecutor.accept(JUnitTestExecutor.java:84)
  at org.gradle.api.internal.tasks.testing.junit.JUnitTestExecutor.accept(JUnitTestExecutor.java:47)
  at org.gradle.api.internal.tasks.testing.junit.AbstractJUnitTestDefinitionProcessor.processTestDefinition(AbstractJUnitTestDefinitionProcessor.java:65)
  at org.gradle.api.internal.tasks.testing.SuiteTestDefinitionProcessor.processTestDefinition(SuiteTestDefinitionProcessor.java:54)
  at java.base/jdk.internal.reflect.DirectMethodHandleAccessor.invoke(DirectMethodHandleAccessor.java:104)
  at java.base/java.lang.reflect.Method.invoke(Method.java:565)
  at org.gradle.internal.dispatch.MethodInvocation.invokeOn(MethodInvocation.java:77)
  at org.gradle.internal.dispatch.ReflectionDispatch.dispatch(ReflectionDispatch.java:28)
  at org.gradle.internal.dispatch.ReflectionDispatch.dispatch(ReflectionDispatch.java:19)
  at org.gradle.internal.dispatch.ContextClassLoaderDispatch.dispatch(ContextClassLoaderDispatch.java:33)
  at org.gradle.internal.dispatch.ProxyDispatchAdapter$DispatchingInvocationHandler.invoke(ProxyDispatchAdapter.java:88)
  at jdk.proxy1/jdk.proxy1.$Proxy4.processTestDefinition(Unknown Source)
  at org.gradle.api.internal.tasks.testing.worker.TestWorker$2.run(TestWorker.java:178)
  at org.gradle.api.internal.tasks.testing.worker.TestWorker.executeAndMaintainThreadName(TestWorker.java:126)
  at org.gradle.api.internal.tasks.testing.worker.TestWorker.execute(TestWorker.java:103)
  at org.gradle.api.internal.tasks.testing.worker.TestWorker.execute(TestWorker.java:63)
  at org.gradle.process.internal.worker.child.ActionExecutionWorker.execute(ActionExecutionWorker.java:56)
  at org.gradle.process.internal.worker.child.SystemApplicationClassLoaderWorker.call(SystemApplicationClassLoaderWorker.java:122)
  at org.gradle.process.internal.worker.child.SystemApplicationClassLoaderWorker.call(SystemApplicationClassLoaderWorker.java:72)
  at worker.org.gradle.process.internal.worker.GradleWorkerMain.run(GradleWorkerMain.java:69)
  at worker.org.gradle.process.internal.worker.GradleWorkerMain.main(GradleWorkerMain.java:74)
</stacktrace>
</test-failure>


TypeScriptCompilerTests_M[jvm] > missingDiscriminants_ts has expected errors matching missingDiscriminants_errors_txt[jvm] FAILED

<test-failure test="com.xemantic.typescript.compiler.TypeScriptCompilerTests_M.moduleResolutionWithSymlinks_preserveSymlinks_ts has expected errors matching moduleResolutionWithSymlinks_preserveSymlinks_errors_txt" platform="jvm">
<message>
Expected diagnostics from baseline typescript-repo/tests/baselines/reference/moduleResolutionWithSymlinks_preserveSymlinks.errors.txt but none produced
</message>
<stacktrace>
  at com.xemantic.typescript.compiler.TypeScriptTestSupportKt.errorsMatchBaseline(TypeScriptTestSupport.kt:125)
  at com.xemantic.typescript.compiler.TypeScriptCompilerTests_M.moduleResolutionWithSymlinks_preserveSymlinks_ts has expected errors matching moduleResolutionWithSymlinks_preserveSymlinks_errors_txt(TypeScriptCompilerTests_M.kt:3451)
  at java.base/jdk.internal.reflect.DirectMethodHandleAccessor.invoke(DirectMethodHandleAccessor.java:104)
  at java.base/java.lang.reflect.Method.invoke(Method.java:565)
  at org.junit.runners.model.FrameworkMethod$1.runReflectiveCall(FrameworkMethod.java:59)
  at org.junit.internal.runners.model.ReflectiveCallable.run(ReflectiveCallable.java:12)
  at org.junit.runners.model.FrameworkMethod.invokeExplosively(FrameworkMethod.java:56)
  at org.junit.internal.runners.statements.InvokeMethod.evaluate(InvokeMethod.java:17)
  at org.junit.runners.ParentRunner$3.evaluate(ParentRunner.java:306)
  at org.junit.runners.BlockJUnit4ClassRunner$1.evaluate(BlockJUnit4ClassRunner.java:100)
  at org.junit.runners.ParentRunner.runLeaf(ParentRunner.java:366)
  at org.junit.runners.BlockJUnit4ClassRunner.runChild(BlockJUnit4ClassRunner.java:103)
  at org.junit.runners.BlockJUnit4ClassRunner.runChild(BlockJUnit4ClassRunner.java:63)
  at org.junit.runners.ParentRunner$4.run(ParentRunner.java:331)
  at org.junit.runners.ParentRunner$1.schedule(ParentRunner.java:79)
  at org.junit.runners.ParentRunner.runChildren(ParentRunner.java:329)
  at org.junit.runners.ParentRunner.access$100(ParentRunner.java:66)
  at org.junit.runners.ParentRunner$2.evaluate(ParentRunner.java:293)
  at org.junit.runners.ParentRunner$3.evaluate(ParentRunner.java:306)
  at org.junit.runners.ParentRunner.run(ParentRunner.java:413)
  at org.junit.runner.JUnitCore.run(JUnitCore.java:137)
  at org.junit.runner.JUnitCore.run(JUnitCore.java:115)
  at org.gradle.api.internal.tasks.testing.junit.JUnitTestExecutor.runRequest(JUnitTestExecutor.java:175)
  at org.gradle.api.internal.tasks.testing.junit.JUnitTestExecutor.accept(JUnitTestExecutor.java:84)
  at org.gradle.api.internal.tasks.testing.junit.JUnitTestExecutor.accept(JUnitTestExecutor.java:47)
  at org.gradle.api.internal.tasks.testing.junit.AbstractJUnitTestDefinitionProcessor.processTestDefinition(AbstractJUnitTestDefinitionProcessor.java:65)
  at org.gradle.api.internal.tasks.testing.SuiteTestDefinitionProcessor.processTestDefinition(SuiteTestDefinitionProcessor.java:54)
  at java.base/jdk.internal.reflect.DirectMethodHandleAccessor.invoke(DirectMethodHandleAccessor.java:104)
  at java.base/java.lang.reflect.Method.invoke(Method.java:565)
  at org.gradle.internal.dispatch.MethodInvocation.invokeOn(MethodInvocation.java:77)
  at org.gradle.internal.dispatch.ReflectionDispatch.dispatch(ReflectionDispatch.java:28)
  at org.gradle.internal.dispatch.ReflectionDispatch.dispatch(ReflectionDispatch.java:19)
  at org.gradle.internal.dispatch.ContextClassLoaderDispatch.dispatch(ContextClassLoaderDispatch.java:33)
  at org.gradle.internal.dispatch.ProxyDispatchAdapter$DispatchingInvocationHandler.invoke(ProxyDispatchAdapter.java:88)
  at jdk.proxy1/jdk.proxy1.$Proxy4.processTestDefinition(Unknown Source)
  at org.gradle.api.internal.tasks.testing.worker.TestWorker$2.run(TestWorker.java:178)
  at org.gradle.api.internal.tasks.testing.worker.TestWorker.executeAndMaintainThreadName(TestWorker.java:126)
  at org.gradle.api.internal.tasks.testing.worker.TestWorker.execute(TestWorker.java:103)
  at org.gradle.api.internal.tasks.testing.worker.TestWorker.execute(TestWorker.java:63)
  at org.gradle.process.internal.worker.child.ActionExecutionWorker.execute(ActionExecutionWorker.java:56)
  at org.gradle.process.internal.worker.child.SystemApplicationClassLoaderWorker.call(SystemApplicationClassLoaderWorker.java:122)
  at org.gradle.process.internal.worker.child.SystemApplicationClassLoaderWorker.call(SystemApplicationClassLoaderWorker.java:72)
  at worker.org.gradle.process.internal.worker.GradleWorkerMain.run(GradleWorkerMain.java:69)
  at worker.org.gradle.process.internal.worker.GradleWorkerMain.main(GradleWorkerMain.java:74)
</stacktrace>
</test-failure>


TypeScriptCompilerTests_M[jvm] > moduleResolutionWithSymlinks_preserveSymlinks_ts has expected errors matching moduleResolutionWithSymlinks_preserveSymlinks_errors_txt[jvm] FAILED

<test-failure test="com.xemantic.typescript.compiler.TypeScriptCompilerTests_M.moduleNodeImportRequireEmit_ts__target_esnext__compiles to JavaScript matching baseline" platform="jvm">
<message>
--- expected
+++ actual
@@ -13,9 +13,9 @@
 foo;
 
 //// [index.js]
-import { createRequire as _createRequire } from "module";
-const __require = _createRequire(import.meta.url);
+"use strict";
+Object.defineProperty(exports, "__esModule", { value: true });
 /// <reference path="./mod.d.ts" />
 // This should emit a call to createRequire(import.meta.url)
-const foo = __require("foo");
+const foo = require("foo");
 foo;

</message>
<stacktrace>
  at org.junit.Assert.fail(Assert.java:89)
  at kotlin.test.junit.JUnitAsserter.fail(JUnitSupport.kt:56)
  at kotlin.test.AssertionsKt__AssertionsKt.fail(Assertions.kt:563)
  at kotlin.test.AssertionsKt.fail(Unknown Source)
  at com.xemantic.kotlin.test.SameAsKt.sameAs(SameAs.kt:52)
  at com.xemantic.typescript.compiler.TypeScriptTestSupportKt.sameAs(TypeScriptTestSupport.kt:99)
  at com.xemantic.typescript.compiler.TypeScriptCompilerTests_M.moduleNodeImportRequireEmit_ts__target_esnext__compiles to JavaScript matching baseline(TypeScriptCompilerTests_M.kt:2709)
  at java.base/jdk.internal.reflect.DirectMethodHandleAccessor.invoke(DirectMethodHandleAccessor.java:104)
  at java.base/java.lang.reflect.Method.invoke(Method.java:565)
  at org.junit.runners.model.FrameworkMethod$1.runReflectiveCall(FrameworkMethod.java:59)
  at org.junit.internal.runners.model.ReflectiveCallable.run(ReflectiveCallable.java:12)
  at org.junit.runners.model.FrameworkMethod.invokeExplosively(FrameworkMethod.java:56)
  at org.junit.internal.runners.statements.InvokeMethod.evaluate(InvokeMethod.java:17)
  at org.junit.runners.ParentRunner$3.evaluate(ParentRunner.java:306)
  at org.junit.runners.BlockJUnit4ClassRunner$1.evaluate(BlockJUnit4ClassRunner.java:100)
  at org.junit.runners.ParentRunner.runLeaf(ParentRunner.java:366)
  at org.junit.runners.BlockJUnit4ClassRunner.runChild(BlockJUnit4ClassRunner.java:103)
  at org.junit.runners.BlockJUnit4ClassRunner.runChild(BlockJUnit4ClassRunner.java:63)
  at org.junit.runners.ParentRunner$4.run(ParentRunner.java:331)
  at org.junit.runners.ParentRunner$1.schedule(ParentRunner.java:79)
  at org.junit.runners.ParentRunner.runChildren(ParentRunner.java:329)
  at org.junit.runners.ParentRunner.access$100(ParentRunner.java:66)
  at org.junit.runners.ParentRunner$2.evaluate(ParentRunner.java:293)
  at org.junit.runners.ParentRunner$3.evaluate(ParentRunner.java:306)
  at org.junit.runners.ParentRunner.run(ParentRunner.java:413)
  at org.junit.runner.JUnitCore.run(JUnitCore.java:137)
  at org.junit.runner.JUnitCore.run(JUnitCore.java:115)
  at org.gradle.api.internal.tasks.testing.junit.JUnitTestExecutor.runRequest(JUnitTestExecutor.java:175)
  at org.gradle.api.internal.tasks.testing.junit.JUnitTestExecutor.accept(JUnitTestExecutor.java:84)
  at org.gradle.api.internal.tasks.testing.junit.JUnitTestExecutor.accept(JUnitTestExecutor.java:47)
  at org.gradle.api.internal.tasks.testing.junit.AbstractJUnitTestDefinitionProcessor.processTestDefinition(AbstractJUnitTestDefinitionProcessor.java:65)
  at org.gradle.api.internal.tasks.testing.SuiteTestDefinitionProcessor.processTestDefinition(SuiteTestDefinitionProcessor.java:54)
  at java.base/jdk.internal.reflect.DirectMethodHandleAccessor.invoke(DirectMethodHandleAccessor.java:104)
  at java.base/java.lang.reflect.Method.invoke(Method.java:565)
  at org.gradle.internal.dispatch.MethodInvocation.invokeOn(MethodInvocation.java:77)
  at org.gradle.internal.dispatch.ReflectionDispatch.dispatch(ReflectionDispatch.java:28)
  at org.gradle.internal.dispatch.ReflectionDispatch.dispatch(ReflectionDispatch.java:19)
  at org.gradle.internal.dispatch.ContextClassLoaderDispatch.dispatch(ContextClassLoaderDispatch.java:33)
  at org.gradle.internal.dispatch.ProxyDispatchAdapter$DispatchingInvocationHandler.invoke(ProxyDispatchAdapter.java:88)
  at jdk.proxy1/jdk.proxy1.$Proxy4.processTestDefinition(Unknown Source)
  at org.gradle.api.internal.tasks.testing.worker.TestWorker$2.run(TestWorker.java:178)
  at org.gradle.api.internal.tasks.testing.worker.TestWorker.executeAndMaintainThreadName(TestWorker.java:126)
  at org.gradle.api.internal.tasks.testing.worker.TestWorker.execute(TestWorker.java:103)
  at org.gradle.api.internal.tasks.testing.worker.TestWorker.execute(TestWorker.java:63)
  at org.gradle.process.internal.worker.child.ActionExecutionWorker.execute(ActionExecutionWorker.java:56)
  at org.gradle.process.internal.worker.child.SystemApplicationClassLoaderWorker.call(SystemApplicationClassLoaderWorker.java:122)
  at org.gradle.process.internal.worker.child.SystemApplicationClassLoaderWorker.call(SystemApplicationClassLoaderWorker.java:72)
  at worker.org.gradle.process.internal.worker.GradleWorkerMain.run(GradleWorkerMain.java:69)
  at worker.org.gradle.process.internal.worker.GradleWorkerMain.main(GradleWorkerMain.java:74)
</stacktrace>
</test-failure>


TypeScriptCompilerTests_M[jvm] > moduleNodeImportRequireEmit_ts__target_esnext__compiles to JavaScript matching baseline[jvm] FAILED

<test-failure test="com.xemantic.typescript.compiler.TypeScriptCompilerTests_M.moduleResolutionPackageIdWithRelativeAndAbsolutePath_ts has expected errors matching moduleResolutionPackageIdWithRelativeAndAbsolutePath_errors_txt" platform="jvm">
<message>
--- expected
+++ actual
@@ -15,10 +15,6 @@
         },
        //"files": ["src/app.ts"]
     }
-==== /project/src/app.ts (0 errors) ====
-    import * as t from "anotherLib"; // Include the lib that recursively includes option as relative module resolution in this directory
-    import { makeSharedOption } from "@shared/lib/app"; // Includes option as module in shared folder but as module in node_modules folder
-    
 ==== /shared/node_modules/troublesome-lib/package.json (0 errors) ====
     {
         "name": "troublesome-lib",
@@ -53,3 +49,6 @@
     export class Option {
         someProperty: string;
     }
+==== /project/src/app.ts (0 errors) ====
+    import * as t from "anotherLib"; // Include the lib that recursively includes option as relative module resolution in this directory
+    import { makeSharedOption } from "@shared/lib/app"; // Includes option as module in shared folder but as module in node_modules folder

</message>
<stacktrace>
  at org.junit.Assert.fail(Assert.java:89)
  at kotlin.test.junit.JUnitAsserter.fail(JUnitSupport.kt:56)
  at kotlin.test.AssertionsKt__AssertionsKt.fail(Assertions.kt:563)
  at kotlin.test.AssertionsKt.fail(Unknown Source)
  at com.xemantic.kotlin.test.SameAsKt.sameAs(SameAs.kt:52)
  at com.xemantic.typescript.compiler.TypeScriptTestSupportKt.errorsMatchBaseline(TypeScriptTestSupport.kt:135)
  at com.xemantic.typescript.compiler.TypeScriptCompilerTests_M.moduleResolutionPackageIdWithRelativeAndAbsolutePath_ts has expected errors matching moduleResolutionPackageIdWithRelativeAndAbsolutePath_errors_txt(TypeScriptCompilerTests_M.kt:3017)
  at java.base/jdk.internal.reflect.DirectMethodHandleAccessor.invoke(DirectMethodHandleAccessor.java:104)
  at java.base/java.lang.reflect.Method.invoke(Method.java:565)
  at org.junit.runners.model.FrameworkMethod$1.runReflectiveCall(FrameworkMethod.java:59)
  at org.junit.internal.runners.model.ReflectiveCallable.run(ReflectiveCallable.java:12)
  at org.junit.runners.model.FrameworkMethod.invokeExplosively(FrameworkMethod.java:56)
  at org.junit.internal.runners.statements.InvokeMethod.evaluate(InvokeMethod.java:17)
  at org.junit.runners.ParentRunner$3.evaluate(ParentRunner.java:306)
  at org.junit.runners.BlockJUnit4ClassRunner$1.evaluate(BlockJUnit4ClassRunner.java:100)
  at org.junit.runners.ParentRunner.runLeaf(ParentRunner.java:366)
  at org.junit.runners.BlockJUnit4ClassRunner.runChild(BlockJUnit4ClassRunner.java:103)
  at org.junit.runners.BlockJUnit4ClassRunner.runChild(BlockJUnit4ClassRunner.java:63)
  at org.junit.runners.ParentRunner$4.run(ParentRunner.java:331)
  at org.junit.runners.ParentRunner$1.schedule(ParentRunner.java:79)
  at org.junit.runners.ParentRunner.runChildren(ParentRunner.java:329)
  at org.junit.runners.ParentRunner.access$100(ParentRunner.java:66)
  at org.junit.runners.ParentRunner$2.evaluate(ParentRunner.java:293)
  at org.junit.runners.ParentRunner$3.evaluate(ParentRunner.java:306)
  at org.junit.runners.ParentRunner.run(ParentRunner.java:413)
  at org.junit.runner.JUnitCore.run(JUnitCore.java:137)
  at org.junit.runner.JUnitCore.run(JUnitCore.java:115)
  at org.gradle.api.internal.tasks.testing.junit.JUnitTestExecutor.runRequest(JUnitTestExecutor.java:175)
  at org.gradle.api.internal.tasks.testing.junit.JUnitTestExecutor.accept(JUnitTestExecutor.java:84)
  at org.gradle.api.internal.tasks.testing.junit.JUnitTestExecutor.accept(JUnitTestExecutor.java:47)
  at org.gradle.api.internal.tasks.testing.junit.AbstractJUnitTestDefinitionProcessor.processTestDefinition(AbstractJUnitTestDefinitionProcessor.java:65)
  at org.gradle.api.internal.tasks.testing.SuiteTestDefinitionProcessor.processTestDefinition(SuiteTestDefinitionProcessor.java:54)
  at java.base/jdk.internal.reflect.DirectMethodHandleAccessor.invoke(DirectMethodHandleAccessor.java:104)
  at java.base/java.lang.reflect.Method.invoke(Method.java:565)
  at org.gradle.internal.dispatch.MethodInvocation.invokeOn(MethodInvocation.java:77)
  at org.gradle.internal.dispatch.ReflectionDispatch.dispatch(ReflectionDispatch.java:28)
  at org.gradle.internal.dispatch.ReflectionDispatch.dispatch(ReflectionDispatch.java:19)
  at org.gradle.internal.dispatch.ContextClassLoaderDispatch.dispatch(ContextClassLoaderDispatch.java:33)
  at org.gradle.internal.dispatch.ProxyDispatchAdapter$DispatchingInvocationHandler.invoke(ProxyDispatchAdapter.java:88)
  at jdk.proxy1/jdk.proxy1.$Proxy4.processTestDefinition(Unknown Source)
  at org.gradle.api.internal.tasks.testing.worker.TestWorker$2.run(TestWorker.java:178)
  at org.gradle.api.internal.tasks.testing.worker.TestWorker.executeAndMaintainThreadName(TestWorker.java:126)
  at org.gradle.api.internal.tasks.testing.worker.TestWorker.execute(TestWorker.java:103)
  at org.gradle.api.internal.tasks.testing.worker.TestWorker.execute(TestWorker.java:63)
  at org.gradle.process.internal.worker.child.ActionExecutionWorker.execute(ActionExecutionWorker.java:56)
  at org.gradle.process.internal.worker.child.SystemApplicationClassLoaderWorker.call(SystemApplicationClassLoaderWorker.java:122)
  at org.gradle.process.internal.worker.child.SystemApplicationClassLoaderWorker.call(SystemApplicationClassLoaderWorker.java:72)
  at worker.org.gradle.process.internal.worker.GradleWorkerMain.run(GradleWorkerMain.java:69)
  at worker.org.gradle.process.internal.worker.GradleWorkerMain.main(GradleWorkerMain.java:74)
</stacktrace>
</test-failure>


TypeScriptCompilerTests_M[jvm] > moduleResolutionPackageIdWithRelativeAndAbsolutePath_ts has expected errors matching moduleResolutionPackageIdWithRelativeAndAbsolutePath_errors_txt[jvm] FAILED

<test-failure test="com.xemantic.typescript.compiler.TypeScriptCompilerTests_M.mappedTypeWithAsClauseAndLateBoundProperty_ts has expected errors matching mappedTypeWithAsClauseAndLateBoundProperty_errors_txt" platform="jvm">
<message>
Expected diagnostics from baseline typescript-repo/tests/baselines/reference/mappedTypeWithAsClauseAndLateBoundProperty.errors.txt but none produced
</message>
<stacktrace>
  at com.xemantic.typescript.compiler.TypeScriptTestSupportKt.errorsMatchBaseline(TypeScriptTestSupport.kt:125)
  at com.xemantic.typescript.compiler.TypeScriptCompilerTests_M.mappedTypeWithAsClauseAndLateBoundProperty_ts has expected errors matching mappedTypeWithAsClauseAndLateBoundProperty_errors_txt(TypeScriptCompilerTests_M.kt:329)
  at java.base/jdk.internal.reflect.DirectMethodHandleAccessor.invoke(DirectMethodHandleAccessor.java:104)
  at java.base/java.lang.reflect.Method.invoke(Method.java:565)
  at org.junit.runners.model.FrameworkMethod$1.runReflectiveCall(FrameworkMethod.java:59)
  at org.junit.internal.runners.model.ReflectiveCallable.run(ReflectiveCallable.java:12)
  at org.junit.runners.model.FrameworkMethod.invokeExplosively(FrameworkMethod.java:56)
  at org.junit.internal.runners.statements.InvokeMethod.evaluate(InvokeMethod.java:17)
  at org.junit.runners.ParentRunner$3.evaluate(ParentRunner.java:306)
  at org.junit.runners.BlockJUnit4ClassRunner$1.evaluate(BlockJUnit4ClassRunner.java:100)
  at org.junit.runners.ParentRunner.runLeaf(ParentRunner.java:366)
  at org.junit.runners.BlockJUnit4ClassRunner.runChild(BlockJUnit4ClassRunner.java:103)
  at org.junit.runners.BlockJUnit4ClassRunner.runChild(BlockJUnit4ClassRunner.java:63)
  at org.junit.runners.ParentRunner$4.run(ParentRunner.java:331)
  at org.junit.runners.ParentRunner$1.schedule(ParentRunner.java:79)
  at org.junit.runners.ParentRunner.runChildren(ParentRunner.java:329)
  at org.junit.runners.ParentRunner.access$100(ParentRunner.java:66)
  at org.junit.runners.ParentRunner$2.evaluate(ParentRunner.java:293)
  at org.junit.runners.ParentRunner$3.evaluate(ParentRunner.java:306)
  at org.junit.runners.ParentRunner.run(ParentRunner.java:413)
  at org.junit.runner.JUnitCore.run(JUnitCore.java:137)
  at org.junit.runner.JUnitCore.run(JUnitCore.java:115)
  at org.gradle.api.internal.tasks.testing.junit.JUnitTestExecutor.runRequest(JUnitTestExecutor.java:175)
  at org.gradle.api.internal.tasks.testing.junit.JUnitTestExecutor.accept(JUnitTestExecutor.java:84)
  at org.gradle.api.internal.tasks.testing.junit.JUnitTestExecutor.accept(JUnitTestExecutor.java:47)
  at org.gradle.api.internal.tasks.testing.junit.AbstractJUnitTestDefinitionProcessor.processTestDefinition(AbstractJUnitTestDefinitionProcessor.java:65)
  at org.gradle.api.internal.tasks.testing.SuiteTestDefinitionProcessor.processTestDefinition(SuiteTestDefinitionProcessor.java:54)
  at java.base/jdk.internal.reflect.DirectMethodHandleAccessor.invoke(DirectMethodHandleAccessor.java:104)
  at java.base/java.lang.reflect.Method.invoke(Method.java:565)
  at org.gradle.internal.dispatch.MethodInvocation.invokeOn(MethodInvocation.java:77)
  at org.gradle.internal.dispatch.ReflectionDispatch.dispatch(ReflectionDispatch.java:28)
  at org.gradle.internal.dispatch.ReflectionDispatch.dispatch(ReflectionDispatch.java:19)
  at org.gradle.internal.dispatch.ContextClassLoaderDispatch.dispatch(ContextClassLoaderDispatch.java:33)
  at org.gradle.internal.dispatch.ProxyDispatchAdapter$DispatchingInvocationHandler.invoke(ProxyDispatchAdapter.java:88)
  at jdk.proxy1/jdk.proxy1.$Proxy4.processTestDefinition(Unknown Source)
  at org.gradle.api.internal.tasks.testing.worker.TestWorker$2.run(TestWorker.java:178)
  at org.gradle.api.internal.tasks.testing.worker.TestWorker.executeAndMaintainThreadName(TestWorker.java:126)
  at org.gradle.api.internal.tasks.testing.worker.TestWorker.execute(TestWorker.java:103)
  at org.gradle.api.internal.tasks.testing.worker.TestWorker.execute(TestWorker.java:63)
  at org.gradle.process.internal.worker.child.ActionExecutionWorker.execute(ActionExecutionWorker.java:56)
  at org.gradle.process.internal.worker.child.SystemApplicationClassLoaderWorker.call(SystemApplicationClassLoaderWorker.java:122)
  at org.gradle.process.internal.worker.child.SystemApplicationClassLoaderWorker.call(SystemApplicationClassLoaderWorker.java:72)
  at worker.org.gradle.process.internal.worker.GradleWorkerMain.run(GradleWorkerMain.java:69)
  at worker.org.gradle.process.internal.worker.GradleWorkerMain.main(GradleWorkerMain.java:74)
</stacktrace>
</test-failure>


TypeScriptCompilerTests_M[jvm] > mappedTypeWithAsClauseAndLateBoundProperty_ts has expected errors matching mappedTypeWithAsClauseAndLateBoundProperty_errors_txt[jvm] FAILED

<test-failure test="com.xemantic.typescript.compiler.TypeScriptCompilerTests_M.mappedTypeRecursiveInference_ts has expected errors matching mappedTypeRecursiveInference_errors_txt" platform="jvm">
<message>
Expected diagnostics from baseline typescript-repo/tests/baselines/reference/mappedTypeRecursiveInference.errors.txt but none produced
</message>
<stacktrace>
  at com.xemantic.typescript.compiler.TypeScriptTestSupportKt.errorsMatchBaseline(TypeScriptTestSupport.kt:125)
  at com.xemantic.typescript.compiler.TypeScriptCompilerTests_M.mappedTypeRecursiveInference_ts has expected errors matching mappedTypeRecursiveInference_errors_txt(TypeScriptCompilerTests_M.kt:294)
  at java.base/jdk.internal.reflect.DirectMethodHandleAccessor.invoke(DirectMethodHandleAccessor.java:104)
  at java.base/java.lang.reflect.Method.invoke(Method.java:565)
  at org.junit.runners.model.FrameworkMethod$1.runReflectiveCall(FrameworkMethod.java:59)
  at org.junit.internal.runners.model.ReflectiveCallable.run(ReflectiveCallable.java:12)
  at org.junit.runners.model.FrameworkMethod.invokeExplosively(FrameworkMethod.java:56)
  at org.junit.internal.runners.statements.InvokeMethod.evaluate(InvokeMethod.java:17)
  at org.junit.runners.ParentRunner$3.evaluate(ParentRunner.java:306)
  at org.junit.runners.BlockJUnit4ClassRunner$1.evaluate(BlockJUnit4ClassRunner.java:100)
  at org.junit.runners.ParentRunner.runLeaf(ParentRunner.java:366)
  at org.junit.runners.BlockJUnit4ClassRunner.runChild(BlockJUnit4ClassRunner.java:103)
  at org.junit.runners.BlockJUnit4ClassRunner.runChild(BlockJUnit4ClassRunner.java:63)
  at org.junit.runners.ParentRunner$4.run(ParentRunner.java:331)
  at org.junit.runners.ParentRunner$1.schedule(ParentRunner.java:79)
  at org.junit.runners.ParentRunner.runChildren(ParentRunner.java:329)
  at org.junit.runners.ParentRunner.access$100(ParentRunner.java:66)
  at org.junit.runners.ParentRunner$2.evaluate(ParentRunner.java:293)
  at org.junit.runners.ParentRunner$3.evaluate(ParentRunner.java:306)
  at org.junit.runners.ParentRunner.run(ParentRunner.java:413)
  at org.junit.runner.JUnitCore.run(JUnitCore.java:137)
  at org.junit.runner.JUnitCore.run(JUnitCore.java:115)
  at org.gradle.api.internal.tasks.testing.junit.JUnitTestExecutor.runRequest(JUnitTestExecutor.java:175)
  at org.gradle.api.internal.tasks.testing.junit.JUnitTestExecutor.accept(JUnitTestExecutor.java:84)
  at org.gradle.api.internal.tasks.testing.junit.JUnitTestExecutor.accept(JUnitTestExecutor.java:47)
  at org.gradle.api.internal.tasks.testing.junit.AbstractJUnitTestDefinitionProcessor.processTestDefinition(AbstractJUnitTestDefinitionProcessor.java:65)
  at org.gradle.api.internal.tasks.testing.SuiteTestDefinitionProcessor.processTestDefinition(SuiteTestDefinitionProcessor.java:54)
  at java.base/jdk.internal.reflect.DirectMethodHandleAccessor.invoke(DirectMethodHandleAccessor.java:104)
  at java.base/java.lang.reflect.Method.invoke(Method.java:565)
  at org.gradle.internal.dispatch.MethodInvocation.invokeOn(MethodInvocation.java:77)
  at org.gradle.internal.dispatch.ReflectionDispatch.dispatch(ReflectionDispatch.java:28)
  at org.gradle.internal.dispatch.ReflectionDispatch.dispatch(ReflectionDispatch.java:19)
  at org.gradle.internal.dispatch.ContextClassLoaderDispatch.dispatch(ContextClassLoaderDispatch.java:33)
  at org.gradle.internal.dispatch.ProxyDispatchAdapter$DispatchingInvocationHandler.invoke(ProxyDispatchAdapter.java:88)
  at jdk.proxy1/jdk.proxy1.$Proxy4.processTestDefinition(Unknown Source)
  at org.gradle.api.internal.tasks.testing.worker.TestWorker$2.run(TestWorker.java:178)
  at org.gradle.api.internal.tasks.testing.worker.TestWorker.executeAndMaintainThreadName(TestWorker.java:126)
  at org.gradle.api.internal.tasks.testing.worker.TestWorker.execute(TestWorker.java:103)
  at org.gradle.api.internal.tasks.testing.worker.TestWorker.execute(TestWorker.java:63)
  at org.gradle.process.internal.worker.child.ActionExecutionWorker.execute(ActionExecutionWorker.java:56)
  at org.gradle.process.internal.worker.child.SystemApplicationClassLoaderWorker.call(SystemApplicationClassLoaderWorker.java:122)
  at org.gradle.process.internal.worker.child.SystemApplicationClassLoaderWorker.call(SystemApplicationClassLoaderWorker.java:72)
  at worker.org.gradle.process.internal.worker.GradleWorkerMain.run(GradleWorkerMain.java:69)
  at worker.org.gradle.process.internal.worker.GradleWorkerMain.main(GradleWorkerMain.java:74)
</stacktrace>
</test-failure>


TypeScriptCompilerTests_M[jvm] > mappedTypeRecursiveInference_ts has expected errors matching mappedTypeRecursiveInference_errors_txt[jvm] FAILED

<test-failure test="com.xemantic.typescript.compiler.TypeScriptCompilerTests_M.moduleAssignmentCompat3_ts has expected errors matching moduleAssignmentCompat3_errors_txt" platform="jvm">
<message>
Expected diagnostics from baseline typescript-repo/tests/baselines/reference/moduleAssignmentCompat3.errors.txt but none produced
</message>
<stacktrace>
  at com.xemantic.typescript.compiler.TypeScriptTestSupportKt.errorsMatchBaseline(TypeScriptTestSupport.kt:125)
  at com.xemantic.typescript.compiler.TypeScriptCompilerTests_M.moduleAssignmentCompat3_ts has expected errors matching moduleAssignmentCompat3_errors_txt(TypeScriptCompilerTests_M.kt:1750)
  at java.base/jdk.internal.reflect.DirectMethodHandleAccessor.invoke(DirectMethodHandleAccessor.java:104)
  at java.base/java.lang.reflect.Method.invoke(Method.java:565)
  at org.junit.runners.model.FrameworkMethod$1.runReflectiveCall(FrameworkMethod.java:59)
  at org.junit.internal.runners.model.ReflectiveCallable.run(ReflectiveCallable.java:12)
  at org.junit.runners.model.FrameworkMethod.invokeExplosively(FrameworkMethod.java:56)
  at org.junit.internal.runners.statements.InvokeMethod.evaluate(InvokeMethod.java:17)
  at org.junit.runners.ParentRunner$3.evaluate(ParentRunner.java:306)
  at org.junit.runners.BlockJUnit4ClassRunner$1.evaluate(BlockJUnit4ClassRunner.java:100)
  at org.junit.runners.ParentRunner.runLeaf(ParentRunner.java:366)
  at org.junit.runners.BlockJUnit4ClassRunner.runChild(BlockJUnit4ClassRunner.java:103)
  at org.junit.runners.BlockJUnit4ClassRunner.runChild(BlockJUnit4ClassRunner.java:63)
  at org.junit.runners.ParentRunner$4.run(ParentRunner.java:331)
  at org.junit.runners.ParentRunner$1.schedule(ParentRunner.java:79)
  at org.junit.runners.ParentRunner.runChildren(ParentRunner.java:329)
  at org.junit.runners.ParentRunner.access$100(ParentRunner.java:66)
  at org.junit.runners.ParentRunner$2.evaluate(ParentRunner.java:293)
  at org.junit.runners.ParentRunner$3.evaluate(ParentRunner.java:306)
  at org.junit.runners.ParentRunner.run(ParentRunner.java:413)
  at org.junit.runner.JUnitCore.run(JUnitCore.java:137)
  at org.junit.runner.JUnitCore.run(JUnitCore.java:115)
  at org.gradle.api.internal.tasks.testing.junit.JUnitTestExecutor.runRequest(JUnitTestExecutor.java:175)
  at org.gradle.api.internal.tasks.testing.junit.JUnitTestExecutor.accept(JUnitTestExecutor.java:84)
  at org.gradle.api.internal.tasks.testing.junit.JUnitTestExecutor.accept(JUnitTestExecutor.java:47)
  at org.gradle.api.internal.tasks.testing.junit.AbstractJUnitTestDefinitionProcessor.processTestDefinition(AbstractJUnitTestDefinitionProcessor.java:65)
  at org.gradle.api.internal.tasks.testing.SuiteTestDefinitionProcessor.processTestDefinition(SuiteTestDefinitionProcessor.java:54)
  at java.base/jdk.internal.reflect.DirectMethodHandleAccessor.invoke(DirectMethodHandleAccessor.java:104)
  at java.base/java.lang.reflect.Method.invoke(Method.java:565)
  at org.gradle.internal.dispatch.MethodInvocation.invokeOn(MethodInvocation.java:77)
  at org.gradle.internal.dispatch.ReflectionDispatch.dispatch(ReflectionDispatch.java:28)
  at org.gradle.internal.dispatch.ReflectionDispatch.dispatch(ReflectionDispatch.java:19)
  at org.gradle.internal.dispatch.ContextClassLoaderDispatch.dispatch(ContextClassLoaderDispatch.java:33)
  at org.gradle.internal.dispatch.ProxyDispatchAdapter$DispatchingInvocationHandler.invoke(ProxyDispatchAdapter.java:88)
  at jdk.proxy1/jdk.proxy1.$Proxy4.processTestDefinition(Unknown Source)
  at org.gradle.api.internal.tasks.testing.worker.TestWorker$2.run(TestWorker.java:178)
  at org.gradle.api.internal.tasks.testing.worker.TestWorker.executeAndMaintainThreadName(TestWorker.java:126)
  at org.gradle.api.internal.tasks.testing.worker.TestWorker.execute(TestWorker.java:103)
  at org.gradle.api.internal.tasks.testing.worker.TestWorker.execute(TestWorker.java:63)
  at org.gradle.process.internal.worker.child.ActionExecutionWorker.execute(ActionExecutionWorker.java:56)
  at org.gradle.process.internal.worker.child.SystemApplicationClassLoaderWorker.call(SystemApplicationClassLoaderWorker.java:122)
  at org.gradle.process.internal.worker.child.SystemApplicationClassLoaderWorker.call(SystemApplicationClassLoaderWorker.java:72)
  at worker.org.gradle.process.internal.worker.GradleWorkerMain.run(GradleWorkerMain.java:69)
  at worker.org.gradle.process.internal.worker.GradleWorkerMain.main(GradleWorkerMain.java:74)
</stacktrace>
</test-failure>


TypeScriptCompilerTests_M[jvm] > moduleAssignmentCompat3_ts has expected errors matching moduleAssignmentCompat3_errors_txt[jvm] FAILED

<test-failure test="com.xemantic.typescript.compiler.TypeScriptCompilerTests_M.manyCompilerErrorsInTheTwoFiles_ts has expected errors matching manyCompilerErrorsInTheTwoFiles_errors_txt" platform="jvm">
<message>
--- expected
+++ actual
@@ -1,90 +1,20 @@
-[96ma.ts[0m:[93m1[0m:[93m12[0m - [91merror[0m[90m TS18026: [0m'#!' can only be used at the start of a file.
+a.ts(1,12): error TS1109: Expression expected.
+a.ts(2,7): error TS2304: Cannot find name 'b'.
+a.ts(2,13): error TS1109: Expression expected.
+a.ts(2,16): error TS1109: Expression expected.
+a.ts(2,19): error TS1109: Expression expected.
+a.ts(3,1): error TS2304: Cannot find name 'OK'.
+a.ts(4,1): error TS2304: Cannot find name 'HERE'.
+a.ts(5,1): error TS2304: Cannot find name 'GOTTA'.
+a.ts(5,7): error TS2304: Cannot find name 'GO'.
+a.ts(5,10): error TS2304: Cannot find name 'FAST'.
+b.ts(1,1): error TS2304: Cannot find name 'fhqwhgads'.
+b.ts(2,1): error TS2304: Cannot find name 'to'.
+b.ts(3,1): error TS2304: Cannot find name 'limit'.
 
-[7m1[0m const a =!@#!@$
-[7m [0m [91m           ~~[0m
-[96ma.ts[0m:[93m1[0m:[93m13[0m - [91merror[0m[90m TS1134: [0mVariable declaration expected.
 
-[7m1[0m const a =!@#!@$
-[7m [0m [91m            ~[0m
-[96ma.ts[0m:[93m1[0m:[93m16[0m - [91merror[0m[90m TS1109: [0mExpression expected.
-
-[7m1[0m const a =!@#!@$
-[7m [0m [91m               [0m
-[96ma.ts[0m:[93m2[0m:[93m13[0m - [91merror[0m[90m TS18026: [0m'#!' can only be used at the start of a file.
-
-[7m2[0m const b = !@#!@#!@#!
-[7m [0m [91m            ~~[0m
-[96ma.ts[0m:[93m2[0m:[93m14[0m - [91merror[0m[90m TS1134: [0mVariable declaration expected.
-
-[7m2[0m const b = !@#!@#!@#!
-[7m [0m [91m             ~[0m
-[96ma.ts[0m:[93m2[0m:[93m16[0m - [91merror[0m[90m TS18026: [0m'#!' can only be used at the start of a file.
-
-[7m2[0m const b = !@#!@#!@#!
-[7m [0m [91m               ~~[0m
-[96ma.ts[0m:[93m2[0m:[93m19[0m - [91merror[0m[90m TS18026: [0m'#!' can only be used at the start of a file.
-
-[7m2[0m const b = !@#!@#!@#!
-[7m [0m [91m                  ~~[0m
-[96ma.ts[0m:[93m3[0m:[93m1[0m - [91merror[0m[90m TS2304: [0mCannot find name 'OK'.
-
-[7m3[0m OK!
-[7m [0m [91m~~[0m
-[96ma.ts[0m:[93m4[0m:[93m1[0m - [91merror[0m[90m TS1434: [0mUnexpected keyword or identifier.
-
-[7m4[0m HERE's A shouty thing
-[7m [0m [91m~~~~[0m
-[96ma.ts[0m:[93m4[0m:[93m1[0m - [91merror[0m[90m TS2304: [0mCannot find name 'HERE'.
-
-[7m4[0m HERE's A shouty thing
-[7m [0m [91m~~~~[0m
-[96ma.ts[0m:[93m4[0m:[93m22[0m - [91merror[0m[90m TS1002: [0mUnterminated string literal.
-
-[7m4[0m HERE's A shouty thing
-[7m [0m [91m                     [0m
-[96ma.ts[0m:[93m5[0m:[93m1[0m - [91merror[0m[90m TS1434: [0mUnexpected keyword or identifier.
-
-[7m5[0m GOTTA GO FAST
-[7m [0m [91m~~~~~[0m
-[96ma.ts[0m:[93m5[0m:[93m1[0m - [91merror[0m[90m TS2304: [0mCannot find name 'GOTTA'.
-
-[7m5[0m GOTTA GO FAST
-[7m [0m [91m~~~~~[0m
-[96ma.ts[0m:[93m5[0m:[93m7[0m - [91merror[0m[90m TS1434: [0mUnexpected keyword or identifier.
-
-[7m5[0m GOTTA GO FAST
-[7m [0m [91m      ~~[0m
-[96ma.ts[0m:[93m5[0m:[93m7[0m - [91merror[0m[90m TS2304: [0mCannot find name 'GO'.
-
-[7m5[0m GOTTA GO FAST
-[7m [0m [91m      ~~[0m
-[96ma.ts[0m:[93m5[0m:[93m10[0m - [91merror[0m[90m TS2304: [0mCannot find name 'FAST'.
-
-[7m5[0m GOTTA GO FAST
-[7m [0m [91m         ~~~~[0m
-[96mb.ts[0m:[93m1[0m:[93m1[0m - [91merror[0m[90m TS2304: [0mCannot find name 'fhqwhgads'.
-
-[7m1[0m fhqwhgads
-[7m [0m [91m~~~~~~~~~[0m
-[96mb.ts[0m:[93m2[0m:[93m1[0m - [91merror[0m[90m TS2304: [0mCannot find name 'to'.
-
-[7m2[0m to
-[7m [0m [91m~~[0m
-[96mb.ts[0m:[93m3[0m:[93m1[0m - [91merror[0m[90m TS2304: [0mCannot find name 'limit'.
-
-[7m3[0m limit
-[7m [0m [91m~~~~~[0m
-
-
-==== a.ts (16 errors) ====
+==== a.ts (10 errors) ====
     const a =!@#!@$
-               ~~
-!!! error TS18026: '#!' can only be used at the start of a file.
-                ~
-!!! error TS1134: Variable declaration expected.
-                   
+               ~
 !!! error TS1109: Expression expected.
     const b = !@#!@#!@#!
-                ~~
-!!! error TS18026: '#!' can only be used at the start of a file.
-                 ~

Diff truncated: more than 100 lines changed

Expected: 132 lines
Actual: 52 lines

The differences are too extensive to show in unified diff format.
Consider comparing smaller sections or reviewing the strings directly.

</message>
<stacktrace>
  at org.junit.Assert.fail(Assert.java:89)
  at kotlin.test.junit.JUnitAsserter.fail(JUnitSupport.kt:56)
  at kotlin.test.AssertionsKt__AssertionsKt.fail(Assertions.kt:563)
  at kotlin.test.AssertionsKt.fail(Unknown Source)
  at com.xemantic.kotlin.test.SameAsKt.sameAs(SameAs.kt:52)
  at com.xemantic.typescript.compiler.TypeScriptTestSupportKt.errorsMatchBaseline(TypeScriptTestSupport.kt:135)
  at com.xemantic.typescript.compiler.TypeScriptCompilerTests_M.manyCompilerErrorsInTheTwoFiles_ts has expected errors matching manyCompilerErrorsInTheTwoFiles_errors_txt(TypeScriptCompilerTests_M.kt:49)
  at java.base/jdk.internal.reflect.DirectMethodHandleAccessor.invoke(DirectMethodHandleAccessor.java:104)
  at java.base/java.lang.reflect.Method.invoke(Method.java:565)
  at org.junit.runners.model.FrameworkMethod$1.runReflectiveCall(FrameworkMethod.java:59)
  at org.junit.internal.runners.model.ReflectiveCallable.run(ReflectiveCallable.java:12)
  at org.junit.runners.model.FrameworkMethod.invokeExplosively(FrameworkMethod.java:56)
  at org.junit.internal.runners.statements.InvokeMethod.evaluate(InvokeMethod.java:17)
  at org.junit.runners.ParentRunner$3.evaluate(ParentRunner.java:306)
  at org.junit.runners.BlockJUnit4ClassRunner$1.evaluate(BlockJUnit4ClassRunner.java:100)
  at org.junit.runners.ParentRunner.runLeaf(ParentRunner.java:366)
  at org.junit.runners.BlockJUnit4ClassRunner.runChild(BlockJUnit4ClassRunner.java:103)
  at org.junit.runners.BlockJUnit4ClassRunner.runChild(BlockJUnit4ClassRunner.java:63)
  at org.junit.runners.ParentRunner$4.run(ParentRunner.java:331)
  at org.junit.runners.ParentRunner$1.schedule(ParentRunner.java:79)
  at org.junit.runners.ParentRunner.runChildren(ParentRunner.java:329)
  at org.junit.runners.ParentRunner.access$100(ParentRunner.java:66)
  at org.junit.runners.ParentRunner$2.evaluate(ParentRunner.java:293)
  at org.junit.runners.ParentRunner$3.evaluate(ParentRunner.java:306)
  at org.junit.runners.ParentRunner.run(ParentRunner.java:413)
  at org.junit.runner.JUnitCore.run(JUnitCore.java:137)
  at org.junit.runner.JUnitCore.run(JUnitCore.java:115)
  at org.gradle.api.internal.tasks.testing.junit.JUnitTestExecutor.runRequest(JUnitTestExecutor.java:175)
  at org.gradle.api.internal.tasks.testing.junit.JUnitTestExecutor.accept(JUnitTestExecutor.java:84)
  at org.gradle.api.internal.tasks.testing.junit.JUnitTestExecutor.accept(JUnitTestExecutor.java:47)
  at org.gradle.api.internal.tasks.testing.junit.AbstractJUnitTestDefinitionProcessor.processTestDefinition(AbstractJUnitTestDefinitionProcessor.java:65)
  at org.gradle.api.internal.tasks.testing.SuiteTestDefinitionProcessor.processTestDefinition(SuiteTestDefinitionProcessor.java:54)
  at java.base/jdk.internal.reflect.DirectMethodHandleAccessor.invoke(DirectMethodHandleAccessor.java:104)
  at java.base/java.lang.reflect.Method.invoke(Method.java:565)
  at org.gradle.internal.dispatch.MethodInvocation.invokeOn(MethodInvocation.java:77)
  at org.gradle.internal.dispatch.ReflectionDispatch.dispatch(ReflectionDispatch.java:28)
  at org.gradle.internal.dispatch.ReflectionDispatch.dispatch(ReflectionDispatch.java:19)
  at org.gradle.internal.dispatch.ContextClassLoaderDispatch.dispatch(ContextClassLoaderDispatch.java:33)
  at org.gradle.internal.dispatch.ProxyDispatchAdapter$DispatchingInvocationHandler.invoke(ProxyDispatchAdapter.java:88)
  at jdk.proxy1/jdk.proxy1.$Proxy4.processTestDefinition(Unknown Source)
  at org.gradle.api.internal.tasks.testing.worker.TestWorker$2.run(TestWorker.java:178)
  at org.gradle.api.internal.tasks.testing.worker.TestWorker.executeAndMaintainThreadName(TestWorker.java:126)
  at org.gradle.api.internal.tasks.testing.worker.TestWorker.execute(TestWorker.java:103)
  at org.gradle.api.internal.tasks.testing.worker.TestWorker.execute(TestWorker.java:63)
  at org.gradle.process.internal.worker.child.ActionExecutionWorker.execute(ActionExecutionWorker.java:56)
  at org.gradle.process.internal.worker.child.SystemApplicationClassLoaderWorker.call(SystemApplicationClassLoaderWorker.java:122)
  at org.gradle.process.internal.worker.child.SystemApplicationClassLoaderWorker.call(SystemApplicationClassLoaderWorker.java:72)
  at worker.org.gradle.process.internal.worker.GradleWorkerMain.run(GradleWorkerMain.java:69)
  at worker.org.gradle.process.internal.worker.GradleWorkerMain.main(GradleWorkerMain.java:74)
</stacktrace>
</test-failure>


TypeScriptCompilerTests_M[jvm] > manyCompilerErrorsInTheTwoFiles_ts has expected errors matching manyCompilerErrorsInTheTwoFiles_errors_txt[jvm] FAILED

<test-failure test="com.xemantic.typescript.compiler.TypeScriptCompilerTests_M.moduleResolutionAsTypeReferenceDirectiveScoped_ts has expected errors matching moduleResolutionAsTypeReferenceDirectiveScoped_errors_txt" platform="jvm">
<message>
Expected diagnostics from baseline typescript-repo/tests/baselines/reference/moduleResolutionAsTypeReferenceDirectiveScoped.errors.txt but none produced
</message>
<stacktrace>
  at com.xemantic.typescript.compiler.TypeScriptTestSupportKt.errorsMatchBaseline(TypeScriptTestSupport.kt:125)
  at com.xemantic.typescript.compiler.TypeScriptCompilerTests_M.moduleResolutionAsTypeReferenceDirectiveScoped_ts has expected errors matching moduleResolutionAsTypeReferenceDirectiveScoped_errors_txt(TypeScriptCompilerTests_M.kt:2968)
  at java.base/jdk.internal.reflect.DirectMethodHandleAccessor.invoke(DirectMethodHandleAccessor.java:104)
  at java.base/java.lang.reflect.Method.invoke(Method.java:565)
  at org.junit.runners.model.FrameworkMethod$1.runReflectiveCall(FrameworkMethod.java:59)
  at org.junit.internal.runners.model.ReflectiveCallable.run(ReflectiveCallable.java:12)
  at org.junit.runners.model.FrameworkMethod.invokeExplosively(FrameworkMethod.java:56)
  at org.junit.internal.runners.statements.InvokeMethod.evaluate(InvokeMethod.java:17)
  at org.junit.runners.ParentRunner$3.evaluate(ParentRunner.java:306)
  at org.junit.runners.BlockJUnit4ClassRunner$1.evaluate(BlockJUnit4ClassRunner.java:100)
  at org.junit.runners.ParentRunner.runLeaf(ParentRunner.java:366)
  at org.junit.runners.BlockJUnit4ClassRunner.runChild(BlockJUnit4ClassRunner.java:103)
  at org.junit.runners.BlockJUnit4ClassRunner.runChild(BlockJUnit4ClassRunner.java:63)
  at org.junit.runners.ParentRunner$4.run(ParentRunner.java:331)
  at org.junit.runners.ParentRunner$1.schedule(ParentRunner.java:79)
  at org.junit.runners.ParentRunner.runChildren(ParentRunner.java:329)
  at org.junit.runners.ParentRunner.access$100(ParentRunner.java:66)
  at org.junit.runners.ParentRunner$2.evaluate(ParentRunner.java:293)
  at org.junit.runners.ParentRunner$3.evaluate(ParentRunner.java:306)
  at org.junit.runners.ParentRunner.run(ParentRunner.java:413)
  at org.junit.runner.JUnitCore.run(JUnitCore.java:137)
  at org.junit.runner.JUnitCore.run(JUnitCore.java:115)
  at org.gradle.api.internal.tasks.testing.junit.JUnitTestExecutor.runRequest(JUnitTestExecutor.java:175)
  at org.gradle.api.internal.tasks.testing.junit.JUnitTestExecutor.accept(JUnitTestExecutor.java:84)
  at org.gradle.api.internal.tasks.testing.junit.JUnitTestExecutor.accept(JUnitTestExecutor.java:47)
  at org.gradle.api.internal.tasks.testing.junit.AbstractJUnitTestDefinitionProcessor.processTestDefinition(AbstractJUnitTestDefinitionProcessor.java:65)
  at org.gradle.api.internal.tasks.testing.SuiteTestDefinitionProcessor.processTestDefinition(SuiteTestDefinitionProcessor.java:54)
  at java.base/jdk.internal.reflect.DirectMethodHandleAccessor.invoke(DirectMethodHandleAccessor.java:104)
  at java.base/java.lang.reflect.Method.invoke(Method.java:565)
  at org.gradle.internal.dispatch.MethodInvocation.invokeOn(MethodInvocation.java:77)
  at org.gradle.internal.dispatch.ReflectionDispatch.dispatch(ReflectionDispatch.java:28)
  at org.gradle.internal.dispatch.ReflectionDispatch.dispatch(ReflectionDispatch.java:19)
  at org.gradle.internal.dispatch.ContextClassLoaderDispatch.dispatch(ContextClassLoaderDispatch.java:33)
  at org.gradle.internal.dispatch.ProxyDispatchAdapter$DispatchingInvocationHandler.invoke(ProxyDispatchAdapter.java:88)
  at jdk.proxy1/jdk.proxy1.$Proxy4.processTestDefinition(Unknown Source)
  at org.gradle.api.internal.tasks.testing.worker.TestWorker$2.run(TestWorker.java:178)
  at org.gradle.api.internal.tasks.testing.worker.TestWorker.executeAndMaintainThreadName(TestWorker.java:126)
  at org.gradle.api.internal.tasks.testing.worker.TestWorker.execute(TestWorker.java:103)
  at org.gradle.api.internal.tasks.testing.worker.TestWorker.execute(TestWorker.java:63)
  at org.gradle.process.internal.worker.child.ActionExecutionWorker.execute(ActionExecutionWorker.java:56)
  at org.gradle.process.internal.worker.child.SystemApplicationClassLoaderWorker.call(SystemApplicationClassLoaderWorker.java:122)
  at org.gradle.process.internal.worker.child.SystemApplicationClassLoaderWorker.call(SystemApplicationClassLoaderWorker.java:72)
  at worker.org.gradle.process.internal.worker.GradleWorkerMain.run(GradleWorkerMain.java:69)
  at worker.org.gradle.process.internal.worker.GradleWorkerMain.main(GradleWorkerMain.java:74)
</stacktrace>
</test-failure>


TypeScriptCompilerTests_M[jvm] > moduleResolutionAsTypeReferenceDirectiveScoped_ts has expected errors matching moduleResolutionAsTypeReferenceDirectiveScoped_errors_txt[jvm] FAILED

<test-failure test="com.xemantic.typescript.compiler.TypeScriptCompilerTests_M.mergeSymbolRexportFunction_ts has expected errors matching mergeSymbolRexportFunction_errors_txt" platform="jvm">
<message>
Expected diagnostics from baseline typescript-repo/tests/baselines/reference/mergeSymbolRexportFunction.errors.txt but none produced
</message>
<stacktrace>
  at com.xemantic.typescript.compiler.TypeScriptTestSupportKt.errorsMatchBaseline(TypeScriptTestSupport.kt:125)
  at com.xemantic.typescript.compiler.TypeScriptCompilerTests_M.mergeSymbolRexportFunction_ts has expected errors matching mergeSymbolRexportFunction_errors_txt(TypeScriptCompilerTests_M.kt:525)
  at java.base/jdk.internal.reflect.DirectMethodHandleAccessor.invoke(DirectMethodHandleAccessor.java:104)
  at java.base/java.lang.reflect.Method.invoke(Method.java:565)
  at org.junit.runners.model.FrameworkMethod$1.runReflectiveCall(FrameworkMethod.java:59)
  at org.junit.internal.runners.model.ReflectiveCallable.run(ReflectiveCallable.java:12)
  at org.junit.runners.model.FrameworkMethod.invokeExplosively(FrameworkMethod.java:56)
  at org.junit.internal.runners.statements.InvokeMethod.evaluate(InvokeMethod.java:17)
  at org.junit.runners.ParentRunner$3.evaluate(ParentRunner.java:306)
  at org.junit.runners.BlockJUnit4ClassRunner$1.evaluate(BlockJUnit4ClassRunner.java:100)
  at org.junit.runners.ParentRunner.runLeaf(ParentRunner.java:366)
  at org.junit.runners.BlockJUnit4ClassRunner.runChild(BlockJUnit4ClassRunner.java:103)
  at org.junit.runners.BlockJUnit4ClassRunner.runChild(BlockJUnit4ClassRunner.java:63)
  at org.junit.runners.ParentRunner$4.run(ParentRunner.java:331)
  at org.junit.runners.ParentRunner$1.schedule(ParentRunner.java:79)
  at org.junit.runners.ParentRunner.runChildren(ParentRunner.java:329)
  at org.junit.runners.ParentRunner.access$100(ParentRunner.java:66)
  at org.junit.runners.ParentRunner$2.evaluate(ParentRunner.java:293)
  at org.junit.runners.ParentRunner$3.evaluate(ParentRunner.java:306)
  at org.junit.runners.ParentRunner.run(ParentRunner.java:413)
  at org.junit.runner.JUnitCore.run(JUnitCore.java:137)
  at org.junit.runner.JUnitCore.run(JUnitCore.java:115)
  at org.gradle.api.internal.tasks.testing.junit.JUnitTestExecutor.runRequest(JUnitTestExecutor.java:175)
  at org.gradle.api.internal.tasks.testing.junit.JUnitTestExecutor.accept(JUnitTestExecutor.java:84)
  at org.gradle.api.internal.tasks.testing.junit.JUnitTestExecutor.accept(JUnitTestExecutor.java:47)
  at org.gradle.api.internal.tasks.testing.junit.AbstractJUnitTestDefinitionProcessor.processTestDefinition(AbstractJUnitTestDefinitionProcessor.java:65)
  at org.gradle.api.internal.tasks.testing.SuiteTestDefinitionProcessor.processTestDefinition(SuiteTestDefinitionProcessor.java:54)
  at java.base/jdk.internal.reflect.DirectMethodHandleAccessor.invoke(DirectMethodHandleAccessor.java:104)
  at java.base/java.lang.reflect.Method.invoke(Method.java:565)
  at org.gradle.internal.dispatch.MethodInvocation.invokeOn(MethodInvocation.java:77)
  at org.gradle.internal.dispatch.ReflectionDispatch.dispatch(ReflectionDispatch.java:28)
  at org.gradle.internal.dispatch.ReflectionDispatch.dispatch(ReflectionDispatch.java:19)
  at org.gradle.internal.dispatch.ContextClassLoaderDispatch.dispatch(ContextClassLoaderDispatch.java:33)
  at org.gradle.internal.dispatch.ProxyDispatchAdapter$DispatchingInvocationHandler.invoke(ProxyDispatchAdapter.java:88)
  at jdk.proxy1/jdk.proxy1.$Proxy4.processTestDefinition(Unknown Source)
  at org.gradle.api.internal.tasks.testing.worker.TestWorker$2.run(TestWorker.java:178)
  at org.gradle.api.internal.tasks.testing.worker.TestWorker.executeAndMaintainThreadName(TestWorker.java:126)
  at org.gradle.api.internal.tasks.testing.worker.TestWorker.execute(TestWorker.java:103)
  at org.gradle.api.internal.tasks.testing.worker.TestWorker.execute(TestWorker.java:63)
  at org.gradle.process.internal.worker.child.ActionExecutionWorker.execute(ActionExecutionWorker.java:56)
  at org.gradle.process.internal.worker.child.SystemApplicationClassLoaderWorker.call(SystemApplicationClassLoaderWorker.java:122)
  at org.gradle.process.internal.worker.child.SystemApplicationClassLoaderWorker.call(SystemApplicationClassLoaderWorker.java:72)
  at worker.org.gradle.process.internal.worker.GradleWorkerMain.run(GradleWorkerMain.java:69)
  at worker.org.gradle.process.internal.worker.GradleWorkerMain.main(GradleWorkerMain.java:74)
</stacktrace>
</test-failure>


TypeScriptCompilerTests_M[jvm] > mergeSymbolRexportFunction_ts has expected errors matching mergeSymbolRexportFunction_errors_txt[jvm] FAILED

<test-failure test="com.xemantic.typescript.compiler.TypeScriptCompilerTests_N.normalizedIntersectionTooComplex_ts has expected errors matching normalizedIntersectionTooComplex_errors_txt" platform="jvm">
<message>
--- expected
+++ actual
@@ -1,8 +1,7 @@
 normalizedIntersectionTooComplex.ts(36,40): error TS7006: Parameter 'x' implicitly has an 'any' type.
-normalizedIntersectionTooComplex.ts(36,40): error TS2590: Expression produces a union type that is too complex to represent.
 
 
-==== normalizedIntersectionTooComplex.ts (2 errors) ====
+==== normalizedIntersectionTooComplex.ts (1 errors) ====
     // Repro from #30050
     
     interface Obj<T> {
@@ -41,5 +40,3 @@
     const comp = ctor({ common: "ok", ref: x => console.log(x) });
                                            ~
 !!! error TS7006: Parameter 'x' implicitly has an 'any' type.
-                                           ~~~~~~~~~~~~~~~~~~~
-!!! error TS2590: Expression produces a union type that is too complex to represent.

</message>
<stacktrace>
  at org.junit.Assert.fail(Assert.java:89)
  at kotlin.test.junit.JUnitAsserter.fail(JUnitSupport.kt:56)
  at kotlin.test.AssertionsKt__AssertionsKt.fail(Assertions.kt:563)
  at kotlin.test.AssertionsKt.fail(Unknown Source)
  at com.xemantic.kotlin.test.SameAsKt.sameAs(SameAs.kt:52)
  at com.xemantic.typescript.compiler.TypeScriptTestSupportKt.errorsMatchBaseline(TypeScriptTestSupport.kt:135)
  at com.xemantic.typescript.compiler.TypeScriptCompilerTests_N.normalizedIntersectionTooComplex_ts has expected errors matching normalizedIntersectionTooComplex_errors_txt(TypeScriptCompilerTests_N.kt:2751)
  at java.base/jdk.internal.reflect.DirectMethodHandleAccessor.invoke(DirectMethodHandleAccessor.java:104)
  at java.base/java.lang.reflect.Method.invoke(Method.java:565)
  at org.junit.runners.model.FrameworkMethod$1.runReflectiveCall(FrameworkMethod.java:59)
  at org.junit.internal.runners.model.ReflectiveCallable.run(ReflectiveCallable.java:12)
  at org.junit.runners.model.FrameworkMethod.invokeExplosively(FrameworkMethod.java:56)
  at org.junit.internal.runners.statements.InvokeMethod.evaluate(InvokeMethod.java:17)
  at org.junit.runners.ParentRunner$3.evaluate(ParentRunner.java:306)
  at org.junit.runners.BlockJUnit4ClassRunner$1.evaluate(BlockJUnit4ClassRunner.java:100)
  at org.junit.runners.ParentRunner.runLeaf(ParentRunner.java:366)
  at org.junit.runners.BlockJUnit4ClassRunner.runChild(BlockJUnit4ClassRunner.java:103)
  at org.junit.runners.BlockJUnit4ClassRunner.runChild(BlockJUnit4ClassRunner.java:63)
  at org.junit.runners.ParentRunner$4.run(ParentRunner.java:331)
  at org.junit.runners.ParentRunner$1.schedule(ParentRunner.java:79)
  at org.junit.runners.ParentRunner.runChildren(ParentRunner.java:329)
  at org.junit.runners.ParentRunner.access$100(ParentRunner.java:66)
  at org.junit.runners.ParentRunner$2.evaluate(ParentRunner.java:293)
  at org.junit.runners.ParentRunner$3.evaluate(ParentRunner.java:306)
  at org.junit.runners.ParentRunner.run(ParentRunner.java:413)
  at org.junit.runner.JUnitCore.run(JUnitCore.java:137)
  at org.junit.runner.JUnitCore.run(JUnitCore.java:115)
  at org.gradle.api.internal.tasks.testing.junit.JUnitTestExecutor.runRequest(JUnitTestExecutor.java:175)
  at org.gradle.api.internal.tasks.testing.junit.JUnitTestExecutor.accept(JUnitTestExecutor.java:84)
  at org.gradle.api.internal.tasks.testing.junit.JUnitTestExecutor.accept(JUnitTestExecutor.java:47)
  at org.gradle.api.internal.tasks.testing.junit.AbstractJUnitTestDefinitionProcessor.processTestDefinition(AbstractJUnitTestDefinitionProcessor.java:65)
  at org.gradle.api.internal.tasks.testing.SuiteTestDefinitionProcessor.processTestDefinition(SuiteTestDefinitionProcessor.java:54)
  at java.base/jdk.internal.reflect.DirectMethodHandleAccessor.invoke(DirectMethodHandleAccessor.java:104)
  at java.base/java.lang.reflect.Method.invoke(Method.java:565)
  at org.gradle.internal.dispatch.MethodInvocation.invokeOn(MethodInvocation.java:77)
  at org.gradle.internal.dispatch.ReflectionDispatch.dispatch(ReflectionDispatch.java:28)
  at org.gradle.internal.dispatch.ReflectionDispatch.dispatch(ReflectionDispatch.java:19)
  at org.gradle.internal.dispatch.ContextClassLoaderDispatch.dispatch(ContextClassLoaderDispatch.java:33)
  at org.gradle.internal.dispatch.ProxyDispatchAdapter$DispatchingInvocationHandler.invoke(ProxyDispatchAdapter.java:88)
  at jdk.proxy1/jdk.proxy1.$Proxy4.processTestDefinition(Unknown Source)
  at org.gradle.api.internal.tasks.testing.worker.TestWorker$2.run(TestWorker.java:178)
  at org.gradle.api.internal.tasks.testing.worker.TestWorker.executeAndMaintainThreadName(TestWorker.java:126)
  at org.gradle.api.internal.tasks.testing.worker.TestWorker.execute(TestWorker.java:103)
  at org.gradle.api.internal.tasks.testing.worker.TestWorker.execute(TestWorker.java:63)
  at org.gradle.process.internal.worker.child.ActionExecutionWorker.execute(ActionExecutionWorker.java:56)
  at org.gradle.process.internal.worker.child.SystemApplicationClassLoaderWorker.call(SystemApplicationClassLoaderWorker.java:122)
  at org.gradle.process.internal.worker.child.SystemApplicationClassLoaderWorker.call(SystemApplicationClassLoaderWorker.java:72)
  at worker.org.gradle.process.internal.worker.GradleWorkerMain.run(GradleWorkerMain.java:69)
  at worker.org.gradle.process.internal.worker.GradleWorkerMain.main(GradleWorkerMain.java:74)
</stacktrace>
</test-failure>


TypeScriptCompilerTests_N[jvm] > normalizedIntersectionTooComplex_ts has expected errors matching normalizedIntersectionTooComplex_errors_txt[jvm] FAILED

<test-failure test="com.xemantic.typescript.compiler.TypeScriptCompilerTests_N.noErrorsInCallback_ts has expected errors matching noErrorsInCallback_errors_txt" platform="jvm">
<message>
--- expected
+++ actual
@@ -1,5 +1,5 @@
-noErrorsInCallback.ts(4,19): error TS2345: Argument of type '{}' is not assignable to parameter of type 'string'.
-noErrorsInCallback.ts(6,23): error TS2345: Argument of type '{}' is not assignable to parameter of type 'string'.
+noErrorsInCallback.ts(4,19): error TS2345: Argument of type '{ ... }' is not assignable to parameter of type 'string'.
+noErrorsInCallback.ts(6,23): error TS2345: Argument of type '{ ... }' is not assignable to parameter of type 'string'.
 
 
 ==== noErrorsInCallback.ts (2 errors) ====
@@ -8,9 +8,9 @@
     }
     var one = new Bar({}); // Error
                       ~~
-!!! error TS2345: Argument of type '{}' is not assignable to parameter of type 'string'.
+!!! error TS2345: Argument of type '{ ... }' is not assignable to parameter of type 'string'.
     [].forEach(() => {
         var two = new Bar({}); // No error?
                           ~~
-!!! error TS2345: Argument of type '{}' is not assignable to parameter of type 'string'.
+!!! error TS2345: Argument of type '{ ... }' is not assignable to parameter of type 'string'.
     });

</message>
<stacktrace>
  at org.junit.Assert.fail(Assert.java:89)
  at kotlin.test.junit.JUnitAsserter.fail(JUnitSupport.kt:56)
  at kotlin.test.AssertionsKt__AssertionsKt.fail(Assertions.kt:563)
  at kotlin.test.AssertionsKt.fail(Unknown Source)
  at com.xemantic.kotlin.test.SameAsKt.sameAs(SameAs.kt:52)
  at com.xemantic.typescript.compiler.TypeScriptTestSupportKt.errorsMatchBaseline(TypeScriptTestSupport.kt:135)
  at com.xemantic.typescript.compiler.TypeScriptCompilerTests_N.noErrorsInCallback_ts has expected errors matching noErrorsInCallback_errors_txt(TypeScriptCompilerTests_N.kt:1386)
  at java.base/jdk.internal.reflect.DirectMethodHandleAccessor.invoke(DirectMethodHandleAccessor.java:104)
  at java.base/java.lang.reflect.Method.invoke(Method.java:565)
  at org.junit.runners.model.FrameworkMethod$1.runReflectiveCall(FrameworkMethod.java:59)
  at org.junit.internal.runners.model.ReflectiveCallable.run(ReflectiveCallable.java:12)
  at org.junit.runners.model.FrameworkMethod.invokeExplosively(FrameworkMethod.java:56)
  at org.junit.internal.runners.statements.InvokeMethod.evaluate(InvokeMethod.java:17)
  at org.junit.runners.ParentRunner$3.evaluate(ParentRunner.java:306)
  at org.junit.runners.BlockJUnit4ClassRunner$1.evaluate(BlockJUnit4ClassRunner.java:100)
  at org.junit.runners.ParentRunner.runLeaf(ParentRunner.java:366)
  at org.junit.runners.BlockJUnit4ClassRunner.runChild(BlockJUnit4ClassRunner.java:103)
  at org.junit.runners.BlockJUnit4ClassRunner.runChild(BlockJUnit4ClassRunner.java:63)
  at org.junit.runners.ParentRunner$4.run(ParentRunner.java:331)
  at org.junit.runners.ParentRunner$1.schedule(ParentRunner.java:79)
  at org.junit.runners.ParentRunner.runChildren(ParentRunner.java:329)
  at org.junit.runners.ParentRunner.access$100(ParentRunner.java:66)
  at org.junit.runners.ParentRunner$2.evaluate(ParentRunner.java:293)
  at org.junit.runners.ParentRunner$3.evaluate(ParentRunner.java:306)
  at org.junit.runners.ParentRunner.run(ParentRunner.java:413)
  at org.junit.runner.JUnitCore.run(JUnitCore.java:137)
  at org.junit.runner.JUnitCore.run(JUnitCore.java:115)
  at org.gradle.api.internal.tasks.testing.junit.JUnitTestExecutor.runRequest(JUnitTestExecutor.java:175)
  at org.gradle.api.internal.tasks.testing.junit.JUnitTestExecutor.accept(JUnitTestExecutor.java:84)
  at org.gradle.api.internal.tasks.testing.junit.JUnitTestExecutor.accept(JUnitTestExecutor.java:47)
  at org.gradle.api.internal.tasks.testing.junit.AbstractJUnitTestDefinitionProcessor.processTestDefinition(AbstractJUnitTestDefinitionProcessor.java:65)
  at org.gradle.api.internal.tasks.testing.SuiteTestDefinitionProcessor.processTestDefinition(SuiteTestDefinitionProcessor.java:54)
  at java.base/jdk.internal.reflect.DirectMethodHandleAccessor.invoke(DirectMethodHandleAccessor.java:104)
  at java.base/java.lang.reflect.Method.invoke(Method.java:565)
  at org.gradle.internal.dispatch.MethodInvocation.invokeOn(MethodInvocation.java:77)
  at org.gradle.internal.dispatch.ReflectionDispatch.dispatch(ReflectionDispatch.java:28)
  at org.gradle.internal.dispatch.ReflectionDispatch.dispatch(ReflectionDispatch.java:19)
  at org.gradle.internal.dispatch.ContextClassLoaderDispatch.dispatch(ContextClassLoaderDispatch.java:33)
  at org.gradle.internal.dispatch.ProxyDispatchAdapter$DispatchingInvocationHandler.invoke(ProxyDispatchAdapter.java:88)
  at jdk.proxy1/jdk.proxy1.$Proxy4.processTestDefinition(Unknown Source)
  at org.gradle.api.internal.tasks.testing.worker.TestWorker$2.run(TestWorker.java:178)
  at org.gradle.api.internal.tasks.testing.worker.TestWorker.executeAndMaintainThreadName(TestWorker.java:126)
  at org.gradle.api.internal.tasks.testing.worker.TestWorker.execute(TestWorker.java:103)
  at org.gradle.api.internal.tasks.testing.worker.TestWorker.execute(TestWorker.java:63)
  at org.gradle.process.internal.worker.child.ActionExecutionWorker.execute(ActionExecutionWorker.java:56)
  at org.gradle.process.internal.worker.child.SystemApplicationClassLoaderWorker.call(SystemApplicationClassLoaderWorker.java:122)
  at org.gradle.process.internal.worker.child.SystemApplicationClassLoaderWorker.call(SystemApplicationClassLoaderWorker.java:72)
  at worker.org.gradle.process.internal.worker.GradleWorkerMain.run(GradleWorkerMain.java:69)
  at worker.org.gradle.process.internal.worker.GradleWorkerMain.main(GradleWorkerMain.java:74)
</stacktrace>
</test-failure>


TypeScriptCompilerTests_N[jvm] > noErrorsInCallback_ts has expected errors matching noErrorsInCallback_errors_txt[jvm] FAILED

<test-failure test="com.xemantic.typescript.compiler.TypeScriptCompilerTests_N.nullableFunctionError_ts has expected errors matching nullableFunctionError_errors_txt" platform="jvm">
<message>
Expected diagnostics from baseline typescript-repo/tests/baselines/reference/nullableFunctionError.errors.txt but none produced
</message>
<stacktrace>
  at com.xemantic.typescript.compiler.TypeScriptTestSupportKt.errorsMatchBaseline(TypeScriptTestSupport.kt:125)
  at com.xemantic.typescript.compiler.TypeScriptCompilerTests_N.nullableFunctionError_ts has expected errors matching nullableFunctionError_errors_txt(TypeScriptCompilerTests_N.kt:2800)
  at java.base/jdk.internal.reflect.DirectMethodHandleAccessor.invoke(DirectMethodHandleAccessor.java:104)
  at java.base/java.lang.reflect.Method.invoke(Method.java:565)
  at org.junit.runners.model.FrameworkMethod$1.runReflectiveCall(FrameworkMethod.java:59)
  at org.junit.internal.runners.model.ReflectiveCallable.run(ReflectiveCallable.java:12)
  at org.junit.runners.model.FrameworkMethod.invokeExplosively(FrameworkMethod.java:56)
  at org.junit.internal.runners.statements.InvokeMethod.evaluate(InvokeMethod.java:17)
  at org.junit.runners.ParentRunner$3.evaluate(ParentRunner.java:306)
  at org.junit.runners.BlockJUnit4ClassRunner$1.evaluate(BlockJUnit4ClassRunner.java:100)
  at org.junit.runners.ParentRunner.runLeaf(ParentRunner.java:366)
  at org.junit.runners.BlockJUnit4ClassRunner.runChild(BlockJUnit4ClassRunner.java:103)
  at org.junit.runners.BlockJUnit4ClassRunner.runChild(BlockJUnit4ClassRunner.java:63)
  at org.junit.runners.ParentRunner$4.run(ParentRunner.java:331)
  at org.junit.runners.ParentRunner$1.schedule(ParentRunner.java:79)
  at org.junit.runners.ParentRunner.runChildren(ParentRunner.java:329)
  at org.junit.runners.ParentRunner.access$100(ParentRunner.java:66)
  at org.junit.runners.ParentRunner$2.evaluate(ParentRunner.java:293)
  at org.junit.runners.ParentRunner$3.evaluate(ParentRunner.java:306)
  at org.junit.runners.ParentRunner.run(ParentRunner.java:413)
  at org.junit.runner.JUnitCore.run(JUnitCore.java:137)
  at org.junit.runner.JUnitCore.run(JUnitCore.java:115)
  at org.gradle.api.internal.tasks.testing.junit.JUnitTestExecutor.runRequest(JUnitTestExecutor.java:175)
  at org.gradle.api.internal.tasks.testing.junit.JUnitTestExecutor.accept(JUnitTestExecutor.java:84)
  at org.gradle.api.internal.tasks.testing.junit.JUnitTestExecutor.accept(JUnitTestExecutor.java:47)
  at org.gradle.api.internal.tasks.testing.junit.AbstractJUnitTestDefinitionProcessor.processTestDefinition(AbstractJUnitTestDefinitionProcessor.java:65)
  at org.gradle.api.internal.tasks.testing.SuiteTestDefinitionProcessor.processTestDefinition(SuiteTestDefinitionProcessor.java:54)
  at java.base/jdk.internal.reflect.DirectMethodHandleAccessor.invoke(DirectMethodHandleAccessor.java:104)
  at java.base/java.lang.reflect.Method.invoke(Method.java:565)
  at org.gradle.internal.dispatch.MethodInvocation.invokeOn(MethodInvocation.java:77)
  at org.gradle.internal.dispatch.ReflectionDispatch.dispatch(ReflectionDispatch.java:28)
  at org.gradle.internal.dispatch.ReflectionDispatch.dispatch(ReflectionDispatch.java:19)
  at org.gradle.internal.dispatch.ContextClassLoaderDispatch.dispatch(ContextClassLoaderDispatch.java:33)
  at org.gradle.internal.dispatch.ProxyDispatchAdapter$DispatchingInvocationHandler.invoke(ProxyDispatchAdapter.java:88)
  at jdk.proxy1/jdk.proxy1.$Proxy4.processTestDefinition(Unknown Source)
  at org.gradle.api.internal.tasks.testing.worker.TestWorker$2.run(TestWorker.java:178)
  at org.gradle.api.internal.tasks.testing.worker.TestWorker.executeAndMaintainThreadName(TestWorker.java:126)
  at org.gradle.api.internal.tasks.testing.worker.TestWorker.execute(TestWorker.java:103)
  at org.gradle.api.internal.tasks.testing.worker.TestWorker.execute(TestWorker.java:63)
  at org.gradle.process.internal.worker.child.ActionExecutionWorker.execute(ActionExecutionWorker.java:56)
  at org.gradle.process.internal.worker.child.SystemApplicationClassLoaderWorker.call(SystemApplicationClassLoaderWorker.java:122)
  at org.gradle.process.internal.worker.child.SystemApplicationClassLoaderWorker.call(SystemApplicationClassLoaderWorker.java:72)
  at worker.org.gradle.process.internal.worker.GradleWorkerMain.run(GradleWorkerMain.java:69)
  at worker.org.gradle.process.internal.worker.GradleWorkerMain.main(GradleWorkerMain.java:74)
</stacktrace>
</test-failure>


TypeScriptCompilerTests_N[jvm] > nullableFunctionError_ts has expected errors matching nullableFunctionError_errors_txt[jvm] FAILED

<test-failure test="com.xemantic.typescript.compiler.TypeScriptCompilerTests_N.noImplicitAnyDestructuringVarDeclaration_ts has expected errors matching noImplicitAnyDestructuringVarDeclaration_errors_txt" platform="jvm">
<message>
Expected diagnostics from baseline typescript-repo/tests/baselines/reference/noImplicitAnyDestructuringVarDeclaration.errors.txt but none produced
</message>
<stacktrace>
  at com.xemantic.typescript.compiler.TypeScriptTestSupportKt.errorsMatchBaseline(TypeScriptTestSupport.kt:125)
  at com.xemantic.typescript.compiler.TypeScriptCompilerTests_N.noImplicitAnyDestructuringVarDeclaration_ts has expected errors matching noImplicitAnyDestructuringVarDeclaration_errors_txt(TypeScriptCompilerTests_N.kt:1442)
  at java.base/jdk.internal.reflect.DirectMethodHandleAccessor.invoke(DirectMethodHandleAccessor.java:104)
  at java.base/java.lang.reflect.Method.invoke(Method.java:565)
  at org.junit.runners.model.FrameworkMethod$1.runReflectiveCall(FrameworkMethod.java:59)
  at org.junit.internal.runners.model.ReflectiveCallable.run(ReflectiveCallable.java:12)
  at org.junit.runners.model.FrameworkMethod.invokeExplosively(FrameworkMethod.java:56)
  at org.junit.internal.runners.statements.InvokeMethod.evaluate(InvokeMethod.java:17)
  at org.junit.runners.ParentRunner$3.evaluate(ParentRunner.java:306)
  at org.junit.runners.BlockJUnit4ClassRunner$1.evaluate(BlockJUnit4ClassRunner.java:100)
  at org.junit.runners.ParentRunner.runLeaf(ParentRunner.java:366)
  at org.junit.runners.BlockJUnit4ClassRunner.runChild(BlockJUnit4ClassRunner.java:103)
  at org.junit.runners.BlockJUnit4ClassRunner.runChild(BlockJUnit4ClassRunner.java:63)
  at org.junit.runners.ParentRunner$4.run(ParentRunner.java:331)
  at org.junit.runners.ParentRunner$1.schedule(ParentRunner.java:79)
  at org.junit.runners.ParentRunner.runChildren(ParentRunner.java:329)
  at org.junit.runners.ParentRunner.access$100(ParentRunner.java:66)
  at org.junit.runners.ParentRunner$2.evaluate(ParentRunner.java:293)
  at org.junit.runners.ParentRunner$3.evaluate(ParentRunner.java:306)
  at org.junit.runners.ParentRunner.run(ParentRunner.java:413)
  at org.junit.runner.JUnitCore.run(JUnitCore.java:137)
  at org.junit.runner.JUnitCore.run(JUnitCore.java:115)
  at org.gradle.api.internal.tasks.testing.junit.JUnitTestExecutor.runRequest(JUnitTestExecutor.java:175)
  at org.gradle.api.internal.tasks.testing.junit.JUnitTestExecutor.accept(JUnitTestExecutor.java:84)
  at org.gradle.api.internal.tasks.testing.junit.JUnitTestExecutor.accept(JUnitTestExecutor.java:47)
  at org.gradle.api.internal.tasks.testing.junit.AbstractJUnitTestDefinitionProcessor.processTestDefinition(AbstractJUnitTestDefinitionProcessor.java:65)
  at org.gradle.api.internal.tasks.testing.SuiteTestDefinitionProcessor.processTestDefinition(SuiteTestDefinitionProcessor.java:54)
  at java.base/jdk.internal.reflect.DirectMethodHandleAccessor.invoke(DirectMethodHandleAccessor.java:104)
  at java.base/java.lang.reflect.Method.invoke(Method.java:565)
  at org.gradle.internal.dispatch.MethodInvocation.invokeOn(MethodInvocation.java:77)
  at org.gradle.internal.dispatch.ReflectionDispatch.dispatch(ReflectionDispatch.java:28)
  at org.gradle.internal.dispatch.ReflectionDispatch.dispatch(ReflectionDispatch.java:19)
  at org.gradle.internal.dispatch.ContextClassLoaderDispatch.dispatch(ContextClassLoaderDispatch.java:33)
  at org.gradle.internal.dispatch.ProxyDispatchAdapter$DispatchingInvocationHandler.invoke(ProxyDispatchAdapter.java:88)
  at jdk.proxy1/jdk.proxy1.$Proxy4.processTestDefinition(Unknown Source)
  at org.gradle.api.internal.tasks.testing.worker.TestWorker$2.run(TestWorker.java:178)
  at org.gradle.api.internal.tasks.testing.worker.TestWorker.executeAndMaintainThreadName(TestWorker.java:126)
  at org.gradle.api.internal.tasks.testing.worker.TestWorker.execute(TestWorker.java:103)
  at org.gradle.api.internal.tasks.testing.worker.TestWorker.execute(TestWorker.java:63)
  at org.gradle.process.internal.worker.child.ActionExecutionWorker.execute(ActionExecutionWorker.java:56)
  at org.gradle.process.internal.worker.child.SystemApplicationClassLoaderWorker.call(SystemApplicationClassLoaderWorker.java:122)
  at org.gradle.process.internal.worker.child.SystemApplicationClassLoaderWorker.call(SystemApplicationClassLoaderWorker.java:72)
  at worker.org.gradle.process.internal.worker.GradleWorkerMain.run(GradleWorkerMain.java:69)
  at worker.org.gradle.process.internal.worker.GradleWorkerMain.main(GradleWorkerMain.java:74)
</stacktrace>
</test-failure>


TypeScriptCompilerTests_N[jvm] > noImplicitAnyDestructuringVarDeclaration_ts has expected errors matching noImplicitAnyDestructuringVarDeclaration_errors_txt[jvm] FAILED

<test-failure test="com.xemantic.typescript.compiler.TypeScriptCompilerTests_N.nodeNextEsmImportsOfPackagesWithExtensionlessMains_ts compiles to JavaScript matching nodeNextEsmImportsOfPackagesWithExtensionlessMains_js" platform="jvm">
<message>
--- expected
+++ actual
@@ -35,8 +35,47 @@
 }
 
 //// [index.js]
-import * as ip from 'ip';
-import nullthrows from 'nullthrows'; // shouldn't be callable, `nullthrows` is a cjs package, so the `default` is the module itself
-export function getAddress() {
-    return nullthrows(ip.address());
+"use strict";
+var __createBinding = (this && this.__createBinding) || (Object.create ? (function(o, m, k, k2) {
+    if (k2 === undefined) k2 = k;
+    var desc = Object.getOwnPropertyDescriptor(m, k);
+    if (!desc || ("get" in desc ? !m.__esModule : desc.writable || desc.configurable)) {
+      desc = { enumerable: true, get: function() { return m[k]; } };
+    }
+    Object.defineProperty(o, k2, desc);
+}) : (function(o, m, k, k2) {
+    if (k2 === undefined) k2 = k;
+    o[k2] = m[k];
+}));
+var __setModuleDefault = (this && this.__setModuleDefault) || (Object.create ? (function(o, v) {
+    Object.defineProperty(o, "default", { enumerable: true, value: v });
+}) : function(o, v) {
+    o["default"] = v;
+});
+var __importStar = (this && this.__importStar) || (function () {
+    var ownKeys = function(o) {
+        ownKeys = Object.getOwnPropertyNames || function (o) {
+            var ar = [];
+            for (var k in o) if (Object.prototype.hasOwnProperty.call(o, k)) ar[ar.length] = k;
+            return ar;
+        };
+        return ownKeys(o);
+    };
+    return function (mod) {
+        if (mod && mod.__esModule) return mod;
+        var result = {};
+        if (mod != null) for (var k = ownKeys(mod), i = 0; i < k.length; i++) if (k[i] !== "default") __createBinding(result, mod, k[i]);
+        __setModuleDefault(result, mod);
+        return result;
+    };
+})();
+var __importDefault = (this && this.__importDefault) || function (mod) {
+    return (mod && mod.__esModule) ? mod : { "default": mod };
+};
+Object.defineProperty(exports, "__esModule", { value: true });
+exports.getAddress = getAddress;
+const ip = __importStar(require("ip"));
+const nullthrows_1 = __importDefault(require("nullthrows")); // shouldn't be callable, `nullthrows` is a cjs package, so the `default` is the module itself
+function getAddress() {
+    return (0, nullthrows_1.default)(ip.address());
 }

</message>
<stacktrace>
  at org.junit.Assert.fail(Assert.java:89)
  at kotlin.test.junit.JUnitAsserter.fail(JUnitSupport.kt:56)
  at kotlin.test.AssertionsKt__AssertionsKt.fail(Assertions.kt:563)
  at kotlin.test.AssertionsKt.fail(Unknown Source)
  at com.xemantic.kotlin.test.SameAsKt.sameAs(SameAs.kt:52)
  at com.xemantic.typescript.compiler.TypeScriptTestSupportKt.sameAs(TypeScriptTestSupport.kt:99)
  at com.xemantic.typescript.compiler.TypeScriptCompilerTests_N.nodeNextEsmImportsOfPackagesWithExtensionlessMains_ts compiles to JavaScript matching nodeNextEsmImportsOfPackagesWithExtensionlessMains_js(TypeScriptCompilerTests_N.kt:2303)
  at java.base/jdk.internal.reflect.DirectMethodHandleAccessor.invoke(DirectMethodHandleAccessor.java:104)
  at java.base/java.lang.reflect.Method.invoke(Method.java:565)
  at org.junit.runners.model.FrameworkMethod$1.runReflectiveCall(FrameworkMethod.java:59)
  at org.junit.internal.runners.model.ReflectiveCallable.run(ReflectiveCallable.java:12)
  at org.junit.runners.model.FrameworkMethod.invokeExplosively(FrameworkMethod.java:56)
  at org.junit.internal.runners.statements.InvokeMethod.evaluate(InvokeMethod.java:17)
  at org.junit.runners.ParentRunner$3.evaluate(ParentRunner.java:306)
  at org.junit.runners.BlockJUnit4ClassRunner$1.evaluate(BlockJUnit4ClassRunner.java:100)
  at org.junit.runners.ParentRunner.runLeaf(ParentRunner.java:366)
  at org.junit.runners.BlockJUnit4ClassRunner.runChild(BlockJUnit4ClassRunner.java:103)
  at org.junit.runners.BlockJUnit4ClassRunner.runChild(BlockJUnit4ClassRunner.java:63)
  at org.junit.runners.ParentRunner$4.run(ParentRunner.java:331)
  at org.junit.runners.ParentRunner$1.schedule(ParentRunner.java:79)
  at org.junit.runners.ParentRunner.runChildren(ParentRunner.java:329)
  at org.junit.runners.ParentRunner.access$100(ParentRunner.java:66)
  at org.junit.runners.ParentRunner$2.evaluate(ParentRunner.java:293)
  at org.junit.runners.ParentRunner$3.evaluate(ParentRunner.java:306)
  at org.junit.runners.ParentRunner.run(ParentRunner.java:413)
  at org.junit.runner.JUnitCore.run(JUnitCore.java:137)
  at org.junit.runner.JUnitCore.run(JUnitCore.java:115)
  at org.gradle.api.internal.tasks.testing.junit.JUnitTestExecutor.runRequest(JUnitTestExecutor.java:175)
  at org.gradle.api.internal.tasks.testing.junit.JUnitTestExecutor.accept(JUnitTestExecutor.java:84)
  at org.gradle.api.internal.tasks.testing.junit.JUnitTestExecutor.accept(JUnitTestExecutor.java:47)
  at org.gradle.api.internal.tasks.testing.junit.AbstractJUnitTestDefinitionProcessor.processTestDefinition(AbstractJUnitTestDefinitionProcessor.java:65)
  at org.gradle.api.internal.tasks.testing.SuiteTestDefinitionProcessor.processTestDefinition(SuiteTestDefinitionProcessor.java:54)
  at java.base/jdk.internal.reflect.DirectMethodHandleAccessor.invoke(DirectMethodHandleAccessor.java:104)
  at java.base/java.lang.reflect.Method.invoke(Method.java:565)
  at org.gradle.internal.dispatch.MethodInvocation.invokeOn(MethodInvocation.java:77)
  at org.gradle.internal.dispatch.ReflectionDispatch.dispatch(ReflectionDispatch.java:28)
  at org.gradle.internal.dispatch.ReflectionDispatch.dispatch(ReflectionDispatch.java:19)
  at org.gradle.internal.dispatch.ContextClassLoaderDispatch.dispatch(ContextClassLoaderDispatch.java:33)
  at org.gradle.internal.dispatch.ProxyDispatchAdapter$DispatchingInvocationHandler.invoke(ProxyDispatchAdapter.java:88)
  at jdk.proxy1/jdk.proxy1.$Proxy4.processTestDefinition(Unknown Source)
  at org.gradle.api.internal.tasks.testing.worker.TestWorker$2.run(TestWorker.java:178)
  at org.gradle.api.internal.tasks.testing.worker.TestWorker.executeAndMaintainThreadName(TestWorker.java:126)
  at org.gradle.api.internal.tasks.testing.worker.TestWorker.execute(TestWorker.java:103)
  at org.gradle.api.internal.tasks.testing.worker.TestWorker.execute(TestWorker.java:63)
  at org.gradle.process.internal.worker.child.ActionExecutionWorker.execute(ActionExecutionWorker.java:56)
  at org.gradle.process.internal.worker.child.SystemApplicationClassLoaderWorker.call(SystemApplicationClassLoaderWorker.java:122)
  at org.gradle.process.internal.worker.child.SystemApplicationClassLoaderWorker.call(SystemApplicationClassLoaderWorker.java:72)
  at worker.org.gradle.process.internal.worker.GradleWorkerMain.run(GradleWorkerMain.java:69)
  at worker.org.gradle.process.internal.worker.GradleWorkerMain.main(GradleWorkerMain.java:74)
</stacktrace>
</test-failure>


TypeScriptCompilerTests_N[jvm] > nodeNextEsmImportsOfPackagesWithExtensionlessMains_ts compiles to JavaScript matching nodeNextEsmImportsOfPackagesWithExtensionlessMains_js[jvm] FAILED

<test-failure test="com.xemantic.typescript.compiler.TypeScriptCompilerTests_N.narrowByClauseExpressionInSwitchTrue6_ts has expected errors matching narrowByClauseExpressionInSwitchTrue6_errors_txt" platform="jvm">
<message>
Expected diagnostics from baseline typescript-repo/tests/baselines/reference/narrowByClauseExpressionInSwitchTrue6.errors.txt but none produced
</message>
<stacktrace>
  at com.xemantic.typescript.compiler.TypeScriptTestSupportKt.errorsMatchBaseline(TypeScriptTestSupport.kt:125)
  at com.xemantic.typescript.compiler.TypeScriptCompilerTests_N.narrowByClauseExpressionInSwitchTrue6_ts has expected errors matching narrowByClauseExpressionInSwitchTrue6_errors_txt(TypeScriptCompilerTests_N.kt:203)
  at java.base/jdk.internal.reflect.DirectMethodHandleAccessor.invoke(DirectMethodHandleAccessor.java:104)
  at java.base/java.lang.reflect.Method.invoke(Method.java:565)
  at org.junit.runners.model.FrameworkMethod$1.runReflectiveCall(FrameworkMethod.java:59)
  at org.junit.internal.runners.model.ReflectiveCallable.run(ReflectiveCallable.java:12)
  at org.junit.runners.model.FrameworkMethod.invokeExplosively(FrameworkMethod.java:56)
  at org.junit.internal.runners.statements.InvokeMethod.evaluate(InvokeMethod.java:17)
  at org.junit.runners.ParentRunner$3.evaluate(ParentRunner.java:306)
  at org.junit.runners.BlockJUnit4ClassRunner$1.evaluate(BlockJUnit4ClassRunner.java:100)
  at org.junit.runners.ParentRunner.runLeaf(ParentRunner.java:366)
  at org.junit.runners.BlockJUnit4ClassRunner.runChild(BlockJUnit4ClassRunner.java:103)
  at org.junit.runners.BlockJUnit4ClassRunner.runChild(BlockJUnit4ClassRunner.java:63)
  at org.junit.runners.ParentRunner$4.run(ParentRunner.java:331)
  at org.junit.runners.ParentRunner$1.schedule(ParentRunner.java:79)
  at org.junit.runners.ParentRunner.runChildren(ParentRunner.java:329)
  at org.junit.runners.ParentRunner.access$100(ParentRunner.java:66)
  at org.junit.runners.ParentRunner$2.evaluate(ParentRunner.java:293)
  at org.junit.runners.ParentRunner$3.evaluate(ParentRunner.java:306)
  at org.junit.runners.ParentRunner.run(ParentRunner.java:413)
  at org.junit.runner.JUnitCore.run(JUnitCore.java:137)
  at org.junit.runner.JUnitCore.run(JUnitCore.java:115)
  at org.gradle.api.internal.tasks.testing.junit.JUnitTestExecutor.runRequest(JUnitTestExecutor.java:175)
  at org.gradle.api.internal.tasks.testing.junit.JUnitTestExecutor.accept(JUnitTestExecutor.java:84)
  at org.gradle.api.internal.tasks.testing.junit.JUnitTestExecutor.accept(JUnitTestExecutor.java:47)
  at org.gradle.api.internal.tasks.testing.junit.AbstractJUnitTestDefinitionProcessor.processTestDefinition(AbstractJUnitTestDefinitionProcessor.java:65)
  at org.gradle.api.internal.tasks.testing.SuiteTestDefinitionProcessor.processTestDefinition(SuiteTestDefinitionProcessor.java:54)
  at java.base/jdk.internal.reflect.DirectMethodHandleAccessor.invoke(DirectMethodHandleAccessor.java:104)
  at java.base/java.lang.reflect.Method.invoke(Method.java:565)
  at org.gradle.internal.dispatch.MethodInvocation.invokeOn(MethodInvocation.java:77)
  at org.gradle.internal.dispatch.ReflectionDispatch.dispatch(ReflectionDispatch.java:28)
  at org.gradle.internal.dispatch.ReflectionDispatch.dispatch(ReflectionDispatch.java:19)
  at org.gradle.internal.dispatch.ContextClassLoaderDispatch.dispatch(ContextClassLoaderDispatch.java:33)
  at org.gradle.internal.dispatch.ProxyDispatchAdapter$DispatchingInvocationHandler.invoke(ProxyDispatchAdapter.java:88)
  at jdk.proxy1/jdk.proxy1.$Proxy4.processTestDefinition(Unknown Source)
  at org.gradle.api.internal.tasks.testing.worker.TestWorker$2.run(TestWorker.java:178)
  at org.gradle.api.internal.tasks.testing.worker.TestWorker.executeAndMaintainThreadName(TestWorker.java:126)
  at org.gradle.api.internal.tasks.testing.worker.TestWorker.execute(TestWorker.java:103)
  at org.gradle.api.internal.tasks.testing.worker.TestWorker.execute(TestWorker.java:63)
  at org.gradle.process.internal.worker.child.ActionExecutionWorker.execute(ActionExecutionWorker.java:56)
  at org.gradle.process.internal.worker.child.SystemApplicationClassLoaderWorker.call(SystemApplicationClassLoaderWorker.java:122)
  at org.gradle.process.internal.worker.child.SystemApplicationClassLoaderWorker.call(SystemApplicationClassLoaderWorker.java:72)
  at worker.org.gradle.process.internal.worker.GradleWorkerMain.run(GradleWorkerMain.java:69)
  at worker.org.gradle.process.internal.worker.GradleWorkerMain.main(GradleWorkerMain.java:74)
</stacktrace>
</test-failure>


TypeScriptCompilerTests_N[jvm] > narrowByClauseExpressionInSwitchTrue6_ts has expected errors matching narrowByClauseExpressionInSwitchTrue6_errors_txt[jvm] FAILED

<test-failure test="com.xemantic.typescript.compiler.TypeScriptCompilerTests_N.nodeNextModuleResolution1_ts has expected errors matching nodeNextModuleResolution1_errors_txt" platform="jvm">
<message>
--- expected
+++ actual
@@ -1,5 +1,4 @@
 error TS5110: Option 'module' must be set to 'NodeNext' when option 'moduleResolution' is set to 'NodeNext'.
-/a/b/c/d/e/app.ts(1,17): error TS2307: Cannot find module 'foo' or its corresponding type declarations.
 
 
 !!! error TS5110: Option 'module' must be set to 'NodeNext' when option 'moduleResolution' is set to 'NodeNext'.
@@ -12,7 +11,5 @@
         "version": "1.0.0",
         "type": "module"
     }
-==== /a/b/c/d/e/app.ts (1 errors) ====
+==== /a/b/c/d/e/app.ts (0 errors) ====
     import {x} from "foo";
-                    ~~~~~
-!!! error TS2307: Cannot find module 'foo' or its corresponding type declarations.

</message>
<stacktrace>
  at org.junit.Assert.fail(Assert.java:89)
  at kotlin.test.junit.JUnitAsserter.fail(JUnitSupport.kt:56)
  at kotlin.test.AssertionsKt__AssertionsKt.fail(Assertions.kt:563)
  at kotlin.test.AssertionsKt.fail(Unknown Source)
  at com.xemantic.kotlin.test.SameAsKt.sameAs(SameAs.kt:52)
  at com.xemantic.typescript.compiler.TypeScriptTestSupportKt.errorsMatchBaseline(TypeScriptTestSupport.kt:135)
  at com.xemantic.typescript.compiler.TypeScriptCompilerTests_N.nodeNextModuleResolution1_ts has expected errors matching nodeNextModuleResolution1_errors_txt(TypeScriptCompilerTests_N.kt:2345)
  at java.base/jdk.internal.reflect.DirectMethodHandleAccessor.invoke(DirectMethodHandleAccessor.java:104)
  at java.base/java.lang.reflect.Method.invoke(Method.java:565)
  at org.junit.runners.model.FrameworkMethod$1.runReflectiveCall(FrameworkMethod.java:59)
  at org.junit.internal.runners.model.ReflectiveCallable.run(ReflectiveCallable.java:12)
  at org.junit.runners.model.FrameworkMethod.invokeExplosively(FrameworkMethod.java:56)
  at org.junit.internal.runners.statements.InvokeMethod.evaluate(InvokeMethod.java:17)
  at org.junit.runners.ParentRunner$3.evaluate(ParentRunner.java:306)
  at org.junit.runners.BlockJUnit4ClassRunner$1.evaluate(BlockJUnit4ClassRunner.java:100)
  at org.junit.runners.ParentRunner.runLeaf(ParentRunner.java:366)
  at org.junit.runners.BlockJUnit4ClassRunner.runChild(BlockJUnit4ClassRunner.java:103)
  at org.junit.runners.BlockJUnit4ClassRunner.runChild(BlockJUnit4ClassRunner.java:63)
  at org.junit.runners.ParentRunner$4.run(ParentRunner.java:331)
  at org.junit.runners.ParentRunner$1.schedule(ParentRunner.java:79)
  at org.junit.runners.ParentRunner.runChildren(ParentRunner.java:329)
  at org.junit.runners.ParentRunner.access$100(ParentRunner.java:66)
  at org.junit.runners.ParentRunner$2.evaluate(ParentRunner.java:293)
  at org.junit.runners.ParentRunner$3.evaluate(ParentRunner.java:306)
  at org.junit.runners.ParentRunner.run(ParentRunner.java:413)
  at org.junit.runner.JUnitCore.run(JUnitCore.java:137)
  at org.junit.runner.JUnitCore.run(JUnitCore.java:115)
  at org.gradle.api.internal.tasks.testing.junit.JUnitTestExecutor.runRequest(JUnitTestExecutor.java:175)
  at org.gradle.api.internal.tasks.testing.junit.JUnitTestExecutor.accept(JUnitTestExecutor.java:84)
  at org.gradle.api.internal.tasks.testing.junit.JUnitTestExecutor.accept(JUnitTestExecutor.java:47)
  at org.gradle.api.internal.tasks.testing.junit.AbstractJUnitTestDefinitionProcessor.processTestDefinition(AbstractJUnitTestDefinitionProcessor.java:65)
  at org.gradle.api.internal.tasks.testing.SuiteTestDefinitionProcessor.processTestDefinition(SuiteTestDefinitionProcessor.java:54)
  at java.base/jdk.internal.reflect.DirectMethodHandleAccessor.invoke(DirectMethodHandleAccessor.java:104)
  at java.base/java.lang.reflect.Method.invoke(Method.java:565)
  at org.gradle.internal.dispatch.MethodInvocation.invokeOn(MethodInvocation.java:77)
  at org.gradle.internal.dispatch.ReflectionDispatch.dispatch(ReflectionDispatch.java:28)
  at org.gradle.internal.dispatch.ReflectionDispatch.dispatch(ReflectionDispatch.java:19)
  at org.gradle.internal.dispatch.ContextClassLoaderDispatch.dispatch(ContextClassLoaderDispatch.java:33)
  at org.gradle.internal.dispatch.ProxyDispatchAdapter$DispatchingInvocationHandler.invoke(ProxyDispatchAdapter.java:88)
  at jdk.proxy1/jdk.proxy1.$Proxy4.processTestDefinition(Unknown Source)
  at org.gradle.api.internal.tasks.testing.worker.TestWorker$2.run(TestWorker.java:178)
  at org.gradle.api.internal.tasks.testing.worker.TestWorker.executeAndMaintainThreadName(TestWorker.java:126)
  at org.gradle.api.internal.tasks.testing.worker.TestWorker.execute(TestWorker.java:103)
  at org.gradle.api.internal.tasks.testing.worker.TestWorker.execute(TestWorker.java:63)
  at org.gradle.process.internal.worker.child.ActionExecutionWorker.execute(ActionExecutionWorker.java:56)
  at org.gradle.process.internal.worker.child.SystemApplicationClassLoaderWorker.call(SystemApplicationClassLoaderWorker.java:122)
  at org.gradle.process.internal.worker.child.SystemApplicationClassLoaderWorker.call(SystemApplicationClassLoaderWorker.java:72)
  at worker.org.gradle.process.internal.worker.GradleWorkerMain.run(GradleWorkerMain.java:69)
  at worker.org.gradle.process.internal.worker.GradleWorkerMain.main(GradleWorkerMain.java:74)
</stacktrace>
</test-failure>


TypeScriptCompilerTests_N[jvm] > nodeNextModuleResolution1_ts has expected errors matching nodeNextModuleResolution1_errors_txt[jvm] FAILED

<test-failure test="com.xemantic.typescript.compiler.TypeScriptCompilerTests_N.numericLiteralsWithTrailingDecimalPoints02_ts has expected errors matching numericLiteralsWithTrailingDecimalPoints02_errors_txt" platform="jvm">
<message>
--- expected
+++ actual
@@ -1,15 +1,11 @@
-numericLiteralsWithTrailingDecimalPoints02.ts(3,3): error TS1351: An identifier or keyword cannot immediately follow a numeric literal.
-numericLiteralsWithTrailingDecimalPoints02.ts(9,15): error TS1351: An identifier or keyword cannot immediately follow a numeric literal.
-numericLiteralsWithTrailingDecimalPoints02.ts(9,23): error TS1005: ',' expected.
+numericLiteralsWithTrailingDecimalPoints02.ts(9,15): error TS1005: ',' expected.
 numericLiteralsWithTrailingDecimalPoints02.ts(9,24): error TS1109: Expression expected.
 
 
-==== numericLiteralsWithTrailingDecimalPoints02.ts (4 errors) ====
+==== numericLiteralsWithTrailingDecimalPoints02.ts (2 errors) ====
     1..toString();
     1.0.toString();
     1.toString();
-      ~~~~~~~~
-!!! error TS1351: An identifier or keyword cannot immediately follow a numeric literal.
     1.+2.0 + 3. ;
     
     // Preserve whitespace where important for JS compatibility
@@ -17,8 +13,6 @@
     var test1 = i.toString();
     var test2 = 2.toString();
                   ~~~~~~~~
-!!! error TS1351: An identifier or keyword cannot immediately follow a numeric literal.
-                          ~
 !!! error TS1005: ',' expected.
                            ~
 !!! error TS1109: Expression expected.

</message>
<stacktrace>
  at org.junit.Assert.fail(Assert.java:89)
  at kotlin.test.junit.JUnitAsserter.fail(JUnitSupport.kt:56)
  at kotlin.test.AssertionsKt__AssertionsKt.fail(Assertions.kt:563)
  at kotlin.test.AssertionsKt.fail(Unknown Source)
  at com.xemantic.kotlin.test.SameAsKt.sameAs(SameAs.kt:52)
  at com.xemantic.typescript.compiler.TypeScriptTestSupportKt.errorsMatchBaseline(TypeScriptTestSupport.kt:135)
  at com.xemantic.typescript.compiler.TypeScriptCompilerTests_N.numericLiteralsWithTrailingDecimalPoints02_ts has expected errors matching numericLiteralsWithTrailingDecimalPoints02_errors_txt(TypeScriptCompilerTests_N.kt:3052)
  at java.base/jdk.internal.reflect.DirectMethodHandleAccessor.invoke(DirectMethodHandleAccessor.java:104)
  at java.base/java.lang.reflect.Method.invoke(Method.java:565)
  at org.junit.runners.model.FrameworkMethod$1.runReflectiveCall(FrameworkMethod.java:59)
  at org.junit.internal.runners.model.ReflectiveCallable.run(ReflectiveCallable.java:12)
  at org.junit.runners.model.FrameworkMethod.invokeExplosively(FrameworkMethod.java:56)
  at org.junit.internal.runners.statements.InvokeMethod.evaluate(InvokeMethod.java:17)
  at org.junit.runners.ParentRunner$3.evaluate(ParentRunner.java:306)
  at org.junit.runners.BlockJUnit4ClassRunner$1.evaluate(BlockJUnit4ClassRunner.java:100)
  at org.junit.runners.ParentRunner.runLeaf(ParentRunner.java:366)
  at org.junit.runners.BlockJUnit4ClassRunner.runChild(BlockJUnit4ClassRunner.java:103)
  at org.junit.runners.BlockJUnit4ClassRunner.runChild(BlockJUnit4ClassRunner.java:63)
  at org.junit.runners.ParentRunner$4.run(ParentRunner.java:331)
  at org.junit.runners.ParentRunner$1.schedule(ParentRunner.java:79)
  at org.junit.runners.ParentRunner.runChildren(ParentRunner.java:329)
  at org.junit.runners.ParentRunner.access$100(ParentRunner.java:66)
  at org.junit.runners.ParentRunner$2.evaluate(ParentRunner.java:293)
  at org.junit.runners.ParentRunner$3.evaluate(ParentRunner.java:306)
  at org.junit.runners.ParentRunner.run(ParentRunner.java:413)
  at org.junit.runner.JUnitCore.run(JUnitCore.java:137)
  at org.junit.runner.JUnitCore.run(JUnitCore.java:115)
  at org.gradle.api.internal.tasks.testing.junit.JUnitTestExecutor.runRequest(JUnitTestExecutor.java:175)
  at org.gradle.api.internal.tasks.testing.junit.JUnitTestExecutor.accept(JUnitTestExecutor.java:84)
  at org.gradle.api.internal.tasks.testing.junit.JUnitTestExecutor.accept(JUnitTestExecutor.java:47)
  at org.gradle.api.internal.tasks.testing.junit.AbstractJUnitTestDefinitionProcessor.processTestDefinition(AbstractJUnitTestDefinitionProcessor.java:65)
  at org.gradle.api.internal.tasks.testing.SuiteTestDefinitionProcessor.processTestDefinition(SuiteTestDefinitionProcessor.java:54)
  at java.base/jdk.internal.reflect.DirectMethodHandleAccessor.invoke(DirectMethodHandleAccessor.java:104)
  at java.base/java.lang.reflect.Method.invoke(Method.java:565)
  at org.gradle.internal.dispatch.MethodInvocation.invokeOn(MethodInvocation.java:77)
  at org.gradle.internal.dispatch.ReflectionDispatch.dispatch(ReflectionDispatch.java:28)
  at org.gradle.internal.dispatch.ReflectionDispatch.dispatch(ReflectionDispatch.java:19)
  at org.gradle.internal.dispatch.ContextClassLoaderDispatch.dispatch(ContextClassLoaderDispatch.java:33)
  at org.gradle.internal.dispatch.ProxyDispatchAdapter$DispatchingInvocationHandler.invoke(ProxyDispatchAdapter.java:88)
  at jdk.proxy1/jdk.proxy1.$Proxy4.processTestDefinition(Unknown Source)
  at org.gradle.api.internal.tasks.testing.worker.TestWorker$2.run(TestWorker.java:178)
  at org.gradle.api.internal.tasks.testing.worker.TestWorker.executeAndMaintainThreadName(TestWorker.java:126)
  at org.gradle.api.internal.tasks.testing.worker.TestWorker.execute(TestWorker.java:103)
  at org.gradle.api.internal.tasks.testing.worker.TestWorker.execute(TestWorker.java:63)
  at org.gradle.process.internal.worker.child.ActionExecutionWorker.execute(ActionExecutionWorker.java:56)
  at org.gradle.process.internal.worker.child.SystemApplicationClassLoaderWorker.call(SystemApplicationClassLoaderWorker.java:122)
  at org.gradle.process.internal.worker.child.SystemApplicationClassLoaderWorker.call(SystemApplicationClassLoaderWorker.java:72)
  at worker.org.gradle.process.internal.worker.GradleWorkerMain.run(GradleWorkerMain.java:69)
  at worker.org.gradle.process.internal.worker.GradleWorkerMain.main(GradleWorkerMain.java:74)
</stacktrace>
</test-failure>


TypeScriptCompilerTests_N[jvm] > numericLiteralsWithTrailingDecimalPoints02_ts has expected errors matching numericLiteralsWithTrailingDecimalPoints02_errors_txt[jvm] FAILED

<test-failure test="com.xemantic.typescript.compiler.TypeScriptCompilerTests_N.noCrashOnParameterNamedRequire_ts has expected errors matching noCrashOnParameterNamedRequire_errors_txt" platform="jvm">
<message>
Expected diagnostics from baseline typescript-repo/tests/baselines/reference/noCrashOnParameterNamedRequire.errors.txt but none produced
</message>
<stacktrace>
  at com.xemantic.typescript.compiler.TypeScriptTestSupportKt.errorsMatchBaseline(TypeScriptTestSupport.kt:125)
  at com.xemantic.typescript.compiler.TypeScriptCompilerTests_N.noCrashOnParameterNamedRequire_ts has expected errors matching noCrashOnParameterNamedRequire_errors_txt(TypeScriptCompilerTests_N.kt:1288)
  at java.base/jdk.internal.reflect.DirectMethodHandleAccessor.invoke(DirectMethodHandleAccessor.java:104)
  at java.base/java.lang.reflect.Method.invoke(Method.java:565)
  at org.junit.runners.model.FrameworkMethod$1.runReflectiveCall(FrameworkMethod.java:59)
  at org.junit.internal.runners.model.ReflectiveCallable.run(ReflectiveCallable.java:12)
  at org.junit.runners.model.FrameworkMethod.invokeExplosively(FrameworkMethod.java:56)
  at org.junit.internal.runners.statements.InvokeMethod.evaluate(InvokeMethod.java:17)
  at org.junit.runners.ParentRunner$3.evaluate(ParentRunner.java:306)
  at org.junit.runners.BlockJUnit4ClassRunner$1.evaluate(BlockJUnit4ClassRunner.java:100)
  at org.junit.runners.ParentRunner.runLeaf(ParentRunner.java:366)
  at org.junit.runners.BlockJUnit4ClassRunner.runChild(BlockJUnit4ClassRunner.java:103)
  at org.junit.runners.BlockJUnit4ClassRunner.runChild(BlockJUnit4ClassRunner.java:63)
  at org.junit.runners.ParentRunner$4.run(ParentRunner.java:331)
  at org.junit.runners.ParentRunner$1.schedule(ParentRunner.java:79)
  at org.junit.runners.ParentRunner.runChildren(ParentRunner.java:329)
  at org.junit.runners.ParentRunner.access$100(ParentRunner.java:66)
  at org.junit.runners.ParentRunner$2.evaluate(ParentRunner.java:293)
  at org.junit.runners.ParentRunner$3.evaluate(ParentRunner.java:306)
  at org.junit.runners.ParentRunner.run(ParentRunner.java:413)
  at org.junit.runner.JUnitCore.run(JUnitCore.java:137)
  at org.junit.runner.JUnitCore.run(JUnitCore.java:115)
  at org.gradle.api.internal.tasks.testing.junit.JUnitTestExecutor.runRequest(JUnitTestExecutor.java:175)
  at org.gradle.api.internal.tasks.testing.junit.JUnitTestExecutor.accept(JUnitTestExecutor.java:84)
  at org.gradle.api.internal.tasks.testing.junit.JUnitTestExecutor.accept(JUnitTestExecutor.java:47)
  at org.gradle.api.internal.tasks.testing.junit.AbstractJUnitTestDefinitionProcessor.processTestDefinition(AbstractJUnitTestDefinitionProcessor.java:65)
  at org.gradle.api.internal.tasks.testing.SuiteTestDefinitionProcessor.processTestDefinition(SuiteTestDefinitionProcessor.java:54)
  at java.base/jdk.internal.reflect.DirectMethodHandleAccessor.invoke(DirectMethodHandleAccessor.java:104)
  at java.base/java.lang.reflect.Method.invoke(Method.java:565)
  at org.gradle.internal.dispatch.MethodInvocation.invokeOn(MethodInvocation.java:77)
  at org.gradle.internal.dispatch.ReflectionDispatch.dispatch(ReflectionDispatch.java:28)
  at org.gradle.internal.dispatch.ReflectionDispatch.dispatch(ReflectionDispatch.java:19)
  at org.gradle.internal.dispatch.ContextClassLoaderDispatch.dispatch(ContextClassLoaderDispatch.java:33)
  at org.gradle.internal.dispatch.ProxyDispatchAdapter$DispatchingInvocationHandler.invoke(ProxyDispatchAdapter.java:88)
  at jdk.proxy1/jdk.proxy1.$Proxy4.processTestDefinition(Unknown Source)
  at org.gradle.api.internal.tasks.testing.worker.TestWorker$2.run(TestWorker.java:178)
  at org.gradle.api.internal.tasks.testing.worker.TestWorker.executeAndMaintainThreadName(TestWorker.java:126)
  at org.gradle.api.internal.tasks.testing.worker.TestWorker.execute(TestWorker.java:103)
  at org.gradle.api.internal.tasks.testing.worker.TestWorker.execute(TestWorker.java:63)
  at org.gradle.process.internal.worker.child.ActionExecutionWorker.execute(ActionExecutionWorker.java:56)
  at org.gradle.process.internal.worker.child.SystemApplicationClassLoaderWorker.call(SystemApplicationClassLoaderWorker.java:122)
  at org.gradle.process.internal.worker.child.SystemApplicationClassLoaderWorker.call(SystemApplicationClassLoaderWorker.java:72)
  at worker.org.gradle.process.internal.worker.GradleWorkerMain.run(GradleWorkerMain.java:69)
  at worker.org.gradle.process.internal.worker.GradleWorkerMain.main(GradleWorkerMain.java:74)
</stacktrace>
</test-failure>


TypeScriptCompilerTests_N[jvm] > noCrashOnParameterNamedRequire_ts has expected errors matching noCrashOnParameterNamedRequire_errors_txt[jvm] FAILED

<test-failure test="com.xemantic.typescript.compiler.TypeScriptCompilerTests_N.nanEquality_ts has expected errors matching nanEquality_errors_txt" platform="jvm">
<message>
Expected diagnostics from baseline typescript-repo/tests/baselines/reference/nanEquality.errors.txt but none produced
</message>
<stacktrace>
  at com.xemantic.typescript.compiler.TypeScriptTestSupportKt.errorsMatchBaseline(TypeScriptTestSupport.kt:125)
  at com.xemantic.typescript.compiler.TypeScriptCompilerTests_N.nanEquality_ts has expected errors matching nanEquality_errors_txt(TypeScriptCompilerTests_N.kt:189)
  at java.base/jdk.internal.reflect.DirectMethodHandleAccessor.invoke(DirectMethodHandleAccessor.java:104)
  at java.base/java.lang.reflect.Method.invoke(Method.java:565)
  at org.junit.runners.model.FrameworkMethod$1.runReflectiveCall(FrameworkMethod.java:59)
  at org.junit.internal.runners.model.ReflectiveCallable.run(ReflectiveCallable.java:12)
  at org.junit.runners.model.FrameworkMethod.invokeExplosively(FrameworkMethod.java:56)
  at org.junit.internal.runners.statements.InvokeMethod.evaluate(InvokeMethod.java:17)
  at org.junit.runners.ParentRunner$3.evaluate(ParentRunner.java:306)
  at org.junit.runners.BlockJUnit4ClassRunner$1.evaluate(BlockJUnit4ClassRunner.java:100)
  at org.junit.runners.ParentRunner.runLeaf(ParentRunner.java:366)
  at org.junit.runners.BlockJUnit4ClassRunner.runChild(BlockJUnit4ClassRunner.java:103)
  at org.junit.runners.BlockJUnit4ClassRunner.runChild(BlockJUnit4ClassRunner.java:63)
  at org.junit.runners.ParentRunner$4.run(ParentRunner.java:331)
  at org.junit.runners.ParentRunner$1.schedule(ParentRunner.java:79)
  at org.junit.runners.ParentRunner.runChildren(ParentRunner.java:329)
  at org.junit.runners.ParentRunner.access$100(ParentRunner.java:66)
  at org.junit.runners.ParentRunner$2.evaluate(ParentRunner.java:293)
  at org.junit.runners.ParentRunner$3.evaluate(ParentRunner.java:306)
  at org.junit.runners.ParentRunner.run(ParentRunner.java:413)
  at org.junit.runner.JUnitCore.run(JUnitCore.java:137)
  at org.junit.runner.JUnitCore.run(JUnitCore.java:115)
  at org.gradle.api.internal.tasks.testing.junit.JUnitTestExecutor.runRequest(JUnitTestExecutor.java:175)
  at org.gradle.api.internal.tasks.testing.junit.JUnitTestExecutor.accept(JUnitTestExecutor.java:84)
  at org.gradle.api.internal.tasks.testing.junit.JUnitTestExecutor.accept(JUnitTestExecutor.java:47)
  at org.gradle.api.internal.tasks.testing.junit.AbstractJUnitTestDefinitionProcessor.processTestDefinition(AbstractJUnitTestDefinitionProcessor.java:65)
  at org.gradle.api.internal.tasks.testing.SuiteTestDefinitionProcessor.processTestDefinition(SuiteTestDefinitionProcessor.java:54)
  at java.base/jdk.internal.reflect.DirectMethodHandleAccessor.invoke(DirectMethodHandleAccessor.java:104)
  at java.base/java.lang.reflect.Method.invoke(Method.java:565)
  at org.gradle.internal.dispatch.MethodInvocation.invokeOn(MethodInvocation.java:77)
  at org.gradle.internal.dispatch.ReflectionDispatch.dispatch(ReflectionDispatch.java:28)
  at org.gradle.internal.dispatch.ReflectionDispatch.dispatch(ReflectionDispatch.java:19)
  at org.gradle.internal.dispatch.ContextClassLoaderDispatch.dispatch(ContextClassLoaderDispatch.java:33)
  at org.gradle.internal.dispatch.ProxyDispatchAdapter$DispatchingInvocationHandler.invoke(ProxyDispatchAdapter.java:88)
  at jdk.proxy1/jdk.proxy1.$Proxy4.processTestDefinition(Unknown Source)
  at org.gradle.api.internal.tasks.testing.worker.TestWorker$2.run(TestWorker.java:178)
  at org.gradle.api.internal.tasks.testing.worker.TestWorker.executeAndMaintainThreadName(TestWorker.java:126)
  at org.gradle.api.internal.tasks.testing.worker.TestWorker.execute(TestWorker.java:103)
  at org.gradle.api.internal.tasks.testing.worker.TestWorker.execute(TestWorker.java:63)
  at org.gradle.process.internal.worker.child.ActionExecutionWorker.execute(ActionExecutionWorker.java:56)
  at org.gradle.process.internal.worker.child.SystemApplicationClassLoaderWorker.call(SystemApplicationClassLoaderWorker.java:122)
  at org.gradle.process.internal.worker.child.SystemApplicationClassLoaderWorker.call(SystemApplicationClassLoaderWorker.java:72)
  at worker.org.gradle.process.internal.worker.GradleWorkerMain.run(GradleWorkerMain.java:69)
  at worker.org.gradle.process.internal.worker.GradleWorkerMain.main(GradleWorkerMain.java:74)
</stacktrace>
</test-failure>


TypeScriptCompilerTests_N[jvm] > nanEquality_ts has expected errors matching nanEquality_errors_txt[jvm] FAILED

<test-failure test="com.xemantic.typescript.compiler.TypeScriptCompilerTests_N.noImplicitAnyInCastExpression_ts has expected errors matching noImplicitAnyInCastExpression_errors_txt" platform="jvm">
<message>
Expected diagnostics from baseline typescript-repo/tests/baselines/reference/noImplicitAnyInCastExpression.errors.txt but none produced
</message>
<stacktrace>
  at com.xemantic.typescript.compiler.TypeScriptTestSupportKt.errorsMatchBaseline(TypeScriptTestSupport.kt:125)
  at com.xemantic.typescript.compiler.TypeScriptCompilerTests_N.noImplicitAnyInCastExpression_ts has expected errors matching noImplicitAnyInCastExpression_errors_txt(TypeScriptCompilerTests_N.kt:1540)
  at java.base/jdk.internal.reflect.DirectMethodHandleAccessor.invoke(DirectMethodHandleAccessor.java:104)
  at java.base/java.lang.reflect.Method.invoke(Method.java:565)
  at org.junit.runners.model.FrameworkMethod$1.runReflectiveCall(FrameworkMethod.java:59)
  at org.junit.internal.runners.model.ReflectiveCallable.run(ReflectiveCallable.java:12)
  at org.junit.runners.model.FrameworkMethod.invokeExplosively(FrameworkMethod.java:56)
  at org.junit.internal.runners.statements.InvokeMethod.evaluate(InvokeMethod.java:17)
  at org.junit.runners.ParentRunner$3.evaluate(ParentRunner.java:306)
  at org.junit.runners.BlockJUnit4ClassRunner$1.evaluate(BlockJUnit4ClassRunner.java:100)
  at org.junit.runners.ParentRunner.runLeaf(ParentRunner.java:366)
  at org.junit.runners.BlockJUnit4ClassRunner.runChild(BlockJUnit4ClassRunner.java:103)
  at org.junit.runners.BlockJUnit4ClassRunner.runChild(BlockJUnit4ClassRunner.java:63)
  at org.junit.runners.ParentRunner$4.run(ParentRunner.java:331)
  at org.junit.runners.ParentRunner$1.schedule(ParentRunner.java:79)
  at org.junit.runners.ParentRunner.runChildren(ParentRunner.java:329)
  at org.junit.runners.ParentRunner.access$100(ParentRunner.java:66)
  at org.junit.runners.ParentRunner$2.evaluate(ParentRunner.java:293)
  at org.junit.runners.ParentRunner$3.evaluate(ParentRunner.java:306)
  at org.junit.runners.ParentRunner.run(ParentRunner.java:413)
  at org.junit.runner.JUnitCore.run(JUnitCore.java:137)
  at org.junit.runner.JUnitCore.run(JUnitCore.java:115)
  at org.gradle.api.internal.tasks.testing.junit.JUnitTestExecutor.runRequest(JUnitTestExecutor.java:175)
  at org.gradle.api.internal.tasks.testing.junit.JUnitTestExecutor.accept(JUnitTestExecutor.java:84)
  at org.gradle.api.internal.tasks.testing.junit.JUnitTestExecutor.accept(JUnitTestExecutor.java:47)
  at org.gradle.api.internal.tasks.testing.junit.AbstractJUnitTestDefinitionProcessor.processTestDefinition(AbstractJUnitTestDefinitionProcessor.java:65)
  at org.gradle.api.internal.tasks.testing.SuiteTestDefinitionProcessor.processTestDefinition(SuiteTestDefinitionProcessor.java:54)
  at java.base/jdk.internal.reflect.DirectMethodHandleAccessor.invoke(DirectMethodHandleAccessor.java:104)
  at java.base/java.lang.reflect.Method.invoke(Method.java:565)
  at org.gradle.internal.dispatch.MethodInvocation.invokeOn(MethodInvocation.java:77)
  at org.gradle.internal.dispatch.ReflectionDispatch.dispatch(ReflectionDispatch.java:28)
  at org.gradle.internal.dispatch.ReflectionDispatch.dispatch(ReflectionDispatch.java:19)
  at org.gradle.internal.dispatch.ContextClassLoaderDispatch.dispatch(ContextClassLoaderDispatch.java:33)
  at org.gradle.internal.dispatch.ProxyDispatchAdapter$DispatchingInvocationHandler.invoke(ProxyDispatchAdapter.java:88)
  at jdk.proxy1/jdk.proxy1.$Proxy4.processTestDefinition(Unknown Source)
  at org.gradle.api.internal.tasks.testing.worker.TestWorker$2.run(TestWorker.java:178)
  at org.gradle.api.internal.tasks.testing.worker.TestWorker.executeAndMaintainThreadName(TestWorker.java:126)
  at org.gradle.api.internal.tasks.testing.worker.TestWorker.execute(TestWorker.java:103)
  at org.gradle.api.internal.tasks.testing.worker.TestWorker.execute(TestWorker.java:63)
  at org.gradle.process.internal.worker.child.ActionExecutionWorker.execute(ActionExecutionWorker.java:56)
  at org.gradle.process.internal.worker.child.SystemApplicationClassLoaderWorker.call(SystemApplicationClassLoaderWorker.java:122)
  at org.gradle.process.internal.worker.child.SystemApplicationClassLoaderWorker.call(SystemApplicationClassLoaderWorker.java:72)
  at worker.org.gradle.process.internal.worker.GradleWorkerMain.run(GradleWorkerMain.java:69)
  at worker.org.gradle.process.internal.worker.GradleWorkerMain.main(GradleWorkerMain.java:74)
</stacktrace>
</test-failure>


TypeScriptCompilerTests_N[jvm] > noImplicitAnyInCastExpression_ts has expected errors matching noImplicitAnyInCastExpression_errors_txt[jvm] FAILED

<test-failure test="com.xemantic.typescript.compiler.TypeScriptCompilerTests_N.noImplicitReturnsExclusions_ts has expected errors matching noImplicitReturnsExclusions_errors_txt" platform="jvm">
<message>
--- expected
+++ actual
@@ -1,13 +1,10 @@
 noImplicitReturnsExclusions.ts(16,26): error TS7030: Not all code paths return a value.
-noImplicitReturnsExclusions.ts(24,26): error TS7030: Not all code paths return a value.
-noImplicitReturnsExclusions.ts(40,10): error TS7030: Not all code paths return a value.
 noImplicitReturnsExclusions.ts(44,10): error TS7030: Not all code paths return a value.
 noImplicitReturnsExclusions.ts(48,10): error TS7030: Not all code paths return a value.
 noImplicitReturnsExclusions.ts(53,10): error TS7030: Not all code paths return a value.
-noImplicitReturnsExclusions.ts(88,53): error TS7030: Not all code paths return a value.
 
 
-==== noImplicitReturnsExclusions.ts (7 errors) ====
+==== noImplicitReturnsExclusions.ts (4 errors) ====
     // Functions with a return type of any, undefined, or a type that includes void are excluded
     // from --noImplicitReturns checks.
     
@@ -34,8 +31,6 @@
     }
     
     function f6(b: boolean): unknown {  // Error
-                             ~~~~~~~
-!!! error TS7030: Not all code paths return a value.
         if (b) return undefined;
     }
     
@@ -52,8 +47,6 @@
     }
     
     function f13(b: boolean) {  // Error
-             ~~~
-!!! error TS7030: Not all code paths return a value.
         if (b) return undefined as unknown;
     }
     
@@ -108,8 +101,6 @@
     ): void;
     
     registerCommand("_references-view.showHistoryItem", async (item) => { // Error, contextual return type of Promise<unknown>
-                                                        ~~~~~~~~~~~~~~~~~~~~~~~~~~~~~~~~~~~~~~~~~~~~~~~~~~~~~~~~~~~~~~~~~~~~~~
-!!! error TS7030: Not all code paths return a value.
       if (item instanceof HistoryItem) {
         return executeCommand("vscode.open", item.input.location.uri);
       }

</message>
<stacktrace>
  at org.junit.Assert.fail(Assert.java:89)
  at kotlin.test.junit.JUnitAsserter.fail(JUnitSupport.kt:56)
  at kotlin.test.AssertionsKt__AssertionsKt.fail(Assertions.kt:563)
  at kotlin.test.AssertionsKt.fail(Unknown Source)
  at com.xemantic.kotlin.test.SameAsKt.sameAs(SameAs.kt:52)
  at com.xemantic.typescript.compiler.TypeScriptTestSupportKt.errorsMatchBaseline(TypeScriptTestSupport.kt:135)
  at com.xemantic.typescript.compiler.TypeScriptCompilerTests_N.noImplicitReturnsExclusions_ts has expected errors matching noImplicitReturnsExclusions_errors_txt(TypeScriptCompilerTests_N.kt:1827)
  at java.base/jdk.internal.reflect.DirectMethodHandleAccessor.invoke(DirectMethodHandleAccessor.java:104)
  at java.base/java.lang.reflect.Method.invoke(Method.java:565)
  at org.junit.runners.model.FrameworkMethod$1.runReflectiveCall(FrameworkMethod.java:59)
  at org.junit.internal.runners.model.ReflectiveCallable.run(ReflectiveCallable.java:12)
  at org.junit.runners.model.FrameworkMethod.invokeExplosively(FrameworkMethod.java:56)
  at org.junit.internal.runners.statements.InvokeMethod.evaluate(InvokeMethod.java:17)
  at org.junit.runners.ParentRunner$3.evaluate(ParentRunner.java:306)
  at org.junit.runners.BlockJUnit4ClassRunner$1.evaluate(BlockJUnit4ClassRunner.java:100)
  at org.junit.runners.ParentRunner.runLeaf(ParentRunner.java:366)
  at org.junit.runners.BlockJUnit4ClassRunner.runChild(BlockJUnit4ClassRunner.java:103)
  at org.junit.runners.BlockJUnit4ClassRunner.runChild(BlockJUnit4ClassRunner.java:63)
  at org.junit.runners.ParentRunner$4.run(ParentRunner.java:331)
  at org.junit.runners.ParentRunner$1.schedule(ParentRunner.java:79)
  at org.junit.runners.ParentRunner.runChildren(ParentRunner.java:329)
  at org.junit.runners.ParentRunner.access$100(ParentRunner.java:66)
  at org.junit.runners.ParentRunner$2.evaluate(ParentRunner.java:293)
  at org.junit.runners.ParentRunner$3.evaluate(ParentRunner.java:306)
  at org.junit.runners.ParentRunner.run(ParentRunner.java:413)
  at org.junit.runner.JUnitCore.run(JUnitCore.java:137)
  at org.junit.runner.JUnitCore.run(JUnitCore.java:115)
  at org.gradle.api.internal.tasks.testing.junit.JUnitTestExecutor.runRequest(JUnitTestExecutor.java:175)
  at org.gradle.api.internal.tasks.testing.junit.JUnitTestExecutor.accept(JUnitTestExecutor.java:84)
  at org.gradle.api.internal.tasks.testing.junit.JUnitTestExecutor.accept(JUnitTestExecutor.java:47)
  at org.gradle.api.internal.tasks.testing.junit.AbstractJUnitTestDefinitionProcessor.processTestDefinition(AbstractJUnitTestDefinitionProcessor.java:65)
  at org.gradle.api.internal.tasks.testing.SuiteTestDefinitionProcessor.processTestDefinition(SuiteTestDefinitionProcessor.java:54)
  at java.base/jdk.internal.reflect.DirectMethodHandleAccessor.invoke(DirectMethodHandleAccessor.java:104)
  at java.base/java.lang.reflect.Method.invoke(Method.java:565)
  at org.gradle.internal.dispatch.MethodInvocation.invokeOn(MethodInvocation.java:77)
  at org.gradle.internal.dispatch.ReflectionDispatch.dispatch(ReflectionDispatch.java:28)
  at org.gradle.internal.dispatch.ReflectionDispatch.dispatch(ReflectionDispatch.java:19)
  at org.gradle.internal.dispatch.ContextClassLoaderDispatch.dispatch(ContextClassLoaderDispatch.java:33)
  at org.gradle.internal.dispatch.ProxyDispatchAdapter$DispatchingInvocationHandler.invoke(ProxyDispatchAdapter.java:88)
  at jdk.proxy1/jdk.proxy1.$Proxy4.processTestDefinition(Unknown Source)
  at org.gradle.api.internal.tasks.testing.worker.TestWorker$2.run(TestWorker.java:178)
  at org.gradle.api.internal.tasks.testing.worker.TestWorker.executeAndMaintainThreadName(TestWorker.java:126)
  at org.gradle.api.internal.tasks.testing.worker.TestWorker.execute(TestWorker.java:103)
  at org.gradle.api.internal.tasks.testing.worker.TestWorker.execute(TestWorker.java:63)
  at org.gradle.process.internal.worker.child.ActionExecutionWorker.execute(ActionExecutionWorker.java:56)
  at org.gradle.process.internal.worker.child.SystemApplicationClassLoaderWorker.call(SystemApplicationClassLoaderWorker.java:122)
  at org.gradle.process.internal.worker.child.SystemApplicationClassLoaderWorker.call(SystemApplicationClassLoaderWorker.java:72)
  at worker.org.gradle.process.internal.worker.GradleWorkerMain.run(GradleWorkerMain.java:69)
  at worker.org.gradle.process.internal.worker.GradleWorkerMain.main(GradleWorkerMain.java:74)
</stacktrace>
</test-failure>


TypeScriptCompilerTests_N[jvm] > noImplicitReturnsExclusions_ts has expected errors matching noImplicitReturnsExclusions_errors_txt[jvm] FAILED

<test-failure test="com.xemantic.typescript.compiler.TypeScriptCompilerTests_N.nestedCallbackErrorNotFlattened_ts has expected errors matching nestedCallbackErrorNotFlattened_errors_txt" platform="jvm">
<message>
Expected diagnostics from baseline typescript-repo/tests/baselines/reference/nestedCallbackErrorNotFlattened.errors.txt but none produced
</message>
<stacktrace>
  at com.xemantic.typescript.compiler.TypeScriptTestSupportKt.errorsMatchBaseline(TypeScriptTestSupport.kt:125)
  at com.xemantic.typescript.compiler.TypeScriptCompilerTests_N.nestedCallbackErrorNotFlattened_ts has expected errors matching nestedCallbackErrorNotFlattened_errors_txt(TypeScriptCompilerTests_N.kt:637)
  at java.base/jdk.internal.reflect.DirectMethodHandleAccessor.invoke(DirectMethodHandleAccessor.java:104)
  at java.base/java.lang.reflect.Method.invoke(Method.java:565)
  at org.junit.runners.model.FrameworkMethod$1.runReflectiveCall(FrameworkMethod.java:59)
  at org.junit.internal.runners.model.ReflectiveCallable.run(ReflectiveCallable.java:12)
  at org.junit.runners.model.FrameworkMethod.invokeExplosively(FrameworkMethod.java:56)
  at org.junit.internal.runners.statements.InvokeMethod.evaluate(InvokeMethod.java:17)
  at org.junit.runners.ParentRunner$3.evaluate(ParentRunner.java:306)
  at org.junit.runners.BlockJUnit4ClassRunner$1.evaluate(BlockJUnit4ClassRunner.java:100)
  at org.junit.runners.ParentRunner.runLeaf(ParentRunner.java:366)
  at org.junit.runners.BlockJUnit4ClassRunner.runChild(BlockJUnit4ClassRunner.java:103)
  at org.junit.runners.BlockJUnit4ClassRunner.runChild(BlockJUnit4ClassRunner.java:63)
  at org.junit.runners.ParentRunner$4.run(ParentRunner.java:331)
  at org.junit.runners.ParentRunner$1.schedule(ParentRunner.java:79)
  at org.junit.runners.ParentRunner.runChildren(ParentRunner.java:329)
  at org.junit.runners.ParentRunner.access$100(ParentRunner.java:66)
  at org.junit.runners.ParentRunner$2.evaluate(ParentRunner.java:293)
  at org.junit.runners.ParentRunner$3.evaluate(ParentRunner.java:306)
  at org.junit.runners.ParentRunner.run(ParentRunner.java:413)
  at org.junit.runner.JUnitCore.run(JUnitCore.java:137)
  at org.junit.runner.JUnitCore.run(JUnitCore.java:115)
  at org.gradle.api.internal.tasks.testing.junit.JUnitTestExecutor.runRequest(JUnitTestExecutor.java:175)
  at org.gradle.api.internal.tasks.testing.junit.JUnitTestExecutor.accept(JUnitTestExecutor.java:84)
  at org.gradle.api.internal.tasks.testing.junit.JUnitTestExecutor.accept(JUnitTestExecutor.java:47)
  at org.gradle.api.internal.tasks.testing.junit.AbstractJUnitTestDefinitionProcessor.processTestDefinition(AbstractJUnitTestDefinitionProcessor.java:65)
  at org.gradle.api.internal.tasks.testing.SuiteTestDefinitionProcessor.processTestDefinition(SuiteTestDefinitionProcessor.java:54)
  at java.base/jdk.internal.reflect.DirectMethodHandleAccessor.invoke(DirectMethodHandleAccessor.java:104)
  at java.base/java.lang.reflect.Method.invoke(Method.java:565)
  at org.gradle.internal.dispatch.MethodInvocation.invokeOn(MethodInvocation.java:77)
  at org.gradle.internal.dispatch.ReflectionDispatch.dispatch(ReflectionDispatch.java:28)
  at org.gradle.internal.dispatch.ReflectionDispatch.dispatch(ReflectionDispatch.java:19)
  at org.gradle.internal.dispatch.ContextClassLoaderDispatch.dispatch(ContextClassLoaderDispatch.java:33)
  at org.gradle.internal.dispatch.ProxyDispatchAdapter$DispatchingInvocationHandler.invoke(ProxyDispatchAdapter.java:88)
  at jdk.proxy1/jdk.proxy1.$Proxy4.processTestDefinition(Unknown Source)
  at org.gradle.api.internal.tasks.testing.worker.TestWorker$2.run(TestWorker.java:178)
  at org.gradle.api.internal.tasks.testing.worker.TestWorker.executeAndMaintainThreadName(TestWorker.java:126)
  at org.gradle.api.internal.tasks.testing.worker.TestWorker.execute(TestWorker.java:103)
  at org.gradle.api.internal.tasks.testing.worker.TestWorker.execute(TestWorker.java:63)
  at org.gradle.process.internal.worker.child.ActionExecutionWorker.execute(ActionExecutionWorker.java:56)
  at org.gradle.process.internal.worker.child.SystemApplicationClassLoaderWorker.call(SystemApplicationClassLoaderWorker.java:122)
  at org.gradle.process.internal.worker.child.SystemApplicationClassLoaderWorker.call(SystemApplicationClassLoaderWorker.java:72)
  at worker.org.gradle.process.internal.worker.GradleWorkerMain.run(GradleWorkerMain.java:69)
  at worker.org.gradle.process.internal.worker.GradleWorkerMain.main(GradleWorkerMain.java:74)
</stacktrace>
</test-failure>


TypeScriptCompilerTests_N[jvm] > nestedCallbackErrorNotFlattened_ts has expected errors matching nestedCallbackErrorNotFlattened_errors_txt[jvm] FAILED

<test-failure test="com.xemantic.typescript.compiler.TypeScriptCompilerTests_N.noUncheckedIndexedAccessCompoundAssignments_ts has expected errors matching noUncheckedIndexedAccessCompoundAssignments_errors_txt" platform="jvm">
<message>
Expected diagnostics from baseline typescript-repo/tests/baselines/reference/noUncheckedIndexedAccessCompoundAssignments.errors.txt but none produced
</message>
<stacktrace>
  at com.xemantic.typescript.compiler.TypeScriptTestSupportKt.errorsMatchBaseline(TypeScriptTestSupport.kt:125)
  at com.xemantic.typescript.compiler.TypeScriptCompilerTests_N.noUncheckedIndexedAccessCompoundAssignments_ts has expected errors matching noUncheckedIndexedAccessCompoundAssignments_errors_txt(TypeScriptCompilerTests_N.kt:2156)
  at java.base/jdk.internal.reflect.DirectMethodHandleAccessor.invoke(DirectMethodHandleAccessor.java:104)
  at java.base/java.lang.reflect.Method.invoke(Method.java:565)
  at org.junit.runners.model.FrameworkMethod$1.runReflectiveCall(FrameworkMethod.java:59)
  at org.junit.internal.runners.model.ReflectiveCallable.run(ReflectiveCallable.java:12)
  at org.junit.runners.model.FrameworkMethod.invokeExplosively(FrameworkMethod.java:56)
  at org.junit.internal.runners.statements.InvokeMethod.evaluate(InvokeMethod.java:17)
  at org.junit.runners.ParentRunner$3.evaluate(ParentRunner.java:306)
  at org.junit.runners.BlockJUnit4ClassRunner$1.evaluate(BlockJUnit4ClassRunner.java:100)
  at org.junit.runners.ParentRunner.runLeaf(ParentRunner.java:366)
  at org.junit.runners.BlockJUnit4ClassRunner.runChild(BlockJUnit4ClassRunner.java:103)
  at org.junit.runners.BlockJUnit4ClassRunner.runChild(BlockJUnit4ClassRunner.java:63)
  at org.junit.runners.ParentRunner$4.run(ParentRunner.java:331)
  at org.junit.runners.ParentRunner$1.schedule(ParentRunner.java:79)
  at org.junit.runners.ParentRunner.runChildren(ParentRunner.java:329)
  at org.junit.runners.ParentRunner.access$100(ParentRunner.java:66)
  at org.junit.runners.ParentRunner$2.evaluate(ParentRunner.java:293)
  at org.junit.runners.ParentRunner$3.evaluate(ParentRunner.java:306)
  at org.junit.runners.ParentRunner.run(ParentRunner.java:413)
  at org.junit.runner.JUnitCore.run(JUnitCore.java:137)
  at org.junit.runner.JUnitCore.run(JUnitCore.java:115)
  at org.gradle.api.internal.tasks.testing.junit.JUnitTestExecutor.runRequest(JUnitTestExecutor.java:175)
  at org.gradle.api.internal.tasks.testing.junit.JUnitTestExecutor.accept(JUnitTestExecutor.java:84)
  at org.gradle.api.internal.tasks.testing.junit.JUnitTestExecutor.accept(JUnitTestExecutor.java:47)
  at org.gradle.api.internal.tasks.testing.junit.AbstractJUnitTestDefinitionProcessor.processTestDefinition(AbstractJUnitTestDefinitionProcessor.java:65)
  at org.gradle.api.internal.tasks.testing.SuiteTestDefinitionProcessor.processTestDefinition(SuiteTestDefinitionProcessor.java:54)
  at java.base/jdk.internal.reflect.DirectMethodHandleAccessor.invoke(DirectMethodHandleAccessor.java:104)
  at java.base/java.lang.reflect.Method.invoke(Method.java:565)
  at org.gradle.internal.dispatch.MethodInvocation.invokeOn(MethodInvocation.java:77)
  at org.gradle.internal.dispatch.ReflectionDispatch.dispatch(ReflectionDispatch.java:28)
  at org.gradle.internal.dispatch.ReflectionDispatch.dispatch(ReflectionDispatch.java:19)
  at org.gradle.internal.dispatch.ContextClassLoaderDispatch.dispatch(ContextClassLoaderDispatch.java:33)
  at org.gradle.internal.dispatch.ProxyDispatchAdapter$DispatchingInvocationHandler.invoke(ProxyDispatchAdapter.java:88)
  at jdk.proxy1/jdk.proxy1.$Proxy4.processTestDefinition(Unknown Source)
  at org.gradle.api.internal.tasks.testing.worker.TestWorker$2.run(TestWorker.java:178)
  at org.gradle.api.internal.tasks.testing.worker.TestWorker.executeAndMaintainThreadName(TestWorker.java:126)
  at org.gradle.api.internal.tasks.testing.worker.TestWorker.execute(TestWorker.java:103)
  at org.gradle.api.internal.tasks.testing.worker.TestWorker.execute(TestWorker.java:63)
  at org.gradle.process.internal.worker.child.ActionExecutionWorker.execute(ActionExecutionWorker.java:56)
  at org.gradle.process.internal.worker.child.SystemApplicationClassLoaderWorker.call(SystemApplicationClassLoaderWorker.java:122)
  at org.gradle.process.internal.worker.child.SystemApplicationClassLoaderWorker.call(SystemApplicationClassLoaderWorker.java:72)
  at worker.org.gradle.process.internal.worker.GradleWorkerMain.run(GradleWorkerMain.java:69)
  at worker.org.gradle.process.internal.worker.GradleWorkerMain.main(GradleWorkerMain.java:74)
</stacktrace>
</test-failure>


TypeScriptCompilerTests_N[jvm] > noUncheckedIndexedAccessCompoundAssignments_ts has expected errors matching noUncheckedIndexedAccessCompoundAssignments_errors_txt[jvm] FAILED

<test-failure test="com.xemantic.typescript.compiler.TypeScriptCompilerTests_N.nestedGlobalNamespaceInClass_ts has expected errors matching nestedGlobalNamespaceInClass_errors_txt" platform="jvm">
<message>
Expected diagnostics from baseline typescript-repo/tests/baselines/reference/nestedGlobalNamespaceInClass.errors.txt but none produced
</message>
<stacktrace>
  at com.xemantic.typescript.compiler.TypeScriptTestSupportKt.errorsMatchBaseline(TypeScriptTestSupport.kt:125)
  at com.xemantic.typescript.compiler.TypeScriptCompilerTests_N.nestedGlobalNamespaceInClass_ts has expected errors matching nestedGlobalNamespaceInClass_errors_txt(TypeScriptCompilerTests_N.kt:700)
  at java.base/jdk.internal.reflect.DirectMethodHandleAccessor.invoke(DirectMethodHandleAccessor.java:104)
  at java.base/java.lang.reflect.Method.invoke(Method.java:565)
  at org.junit.runners.model.FrameworkMethod$1.runReflectiveCall(FrameworkMethod.java:59)
  at org.junit.internal.runners.model.ReflectiveCallable.run(ReflectiveCallable.java:12)
  at org.junit.runners.model.FrameworkMethod.invokeExplosively(FrameworkMethod.java:56)
  at org.junit.internal.runners.statements.InvokeMethod.evaluate(InvokeMethod.java:17)
  at org.junit.runners.ParentRunner$3.evaluate(ParentRunner.java:306)
  at org.junit.runners.BlockJUnit4ClassRunner$1.evaluate(BlockJUnit4ClassRunner.java:100)
  at org.junit.runners.ParentRunner.runLeaf(ParentRunner.java:366)
  at org.junit.runners.BlockJUnit4ClassRunner.runChild(BlockJUnit4ClassRunner.java:103)
  at org.junit.runners.BlockJUnit4ClassRunner.runChild(BlockJUnit4ClassRunner.java:63)
  at org.junit.runners.ParentRunner$4.run(ParentRunner.java:331)
  at org.junit.runners.ParentRunner$1.schedule(ParentRunner.java:79)
  at org.junit.runners.ParentRunner.runChildren(ParentRunner.java:329)
  at org.junit.runners.ParentRunner.access$100(ParentRunner.java:66)
  at org.junit.runners.ParentRunner$2.evaluate(ParentRunner.java:293)
  at org.junit.runners.ParentRunner$3.evaluate(ParentRunner.java:306)
  at org.junit.runners.ParentRunner.run(ParentRunner.java:413)
  at org.junit.runner.JUnitCore.run(JUnitCore.java:137)
  at org.junit.runner.JUnitCore.run(JUnitCore.java:115)
  at org.gradle.api.internal.tasks.testing.junit.JUnitTestExecutor.runRequest(JUnitTestExecutor.java:175)
  at org.gradle.api.internal.tasks.testing.junit.JUnitTestExecutor.accept(JUnitTestExecutor.java:84)
  at org.gradle.api.internal.tasks.testing.junit.JUnitTestExecutor.accept(JUnitTestExecutor.java:47)
  at org.gradle.api.internal.tasks.testing.junit.AbstractJUnitTestDefinitionProcessor.processTestDefinition(AbstractJUnitTestDefinitionProcessor.java:65)
  at org.gradle.api.internal.tasks.testing.SuiteTestDefinitionProcessor.processTestDefinition(SuiteTestDefinitionProcessor.java:54)
  at java.base/jdk.internal.reflect.DirectMethodHandleAccessor.invoke(DirectMethodHandleAccessor.java:104)
  at java.base/java.lang.reflect.Method.invoke(Method.java:565)
  at org.gradle.internal.dispatch.MethodInvocation.invokeOn(MethodInvocation.java:77)
  at org.gradle.internal.dispatch.ReflectionDispatch.dispatch(ReflectionDispatch.java:28)
  at org.gradle.internal.dispatch.ReflectionDispatch.dispatch(ReflectionDispatch.java:19)
  at org.gradle.internal.dispatch.ContextClassLoaderDispatch.dispatch(ContextClassLoaderDispatch.java:33)
  at org.gradle.internal.dispatch.ProxyDispatchAdapter$DispatchingInvocationHandler.invoke(ProxyDispatchAdapter.java:88)
  at jdk.proxy1/jdk.proxy1.$Proxy4.processTestDefinition(Unknown Source)
  at org.gradle.api.internal.tasks.testing.worker.TestWorker$2.run(TestWorker.java:178)
  at org.gradle.api.internal.tasks.testing.worker.TestWorker.executeAndMaintainThreadName(TestWorker.java:126)
  at org.gradle.api.internal.tasks.testing.worker.TestWorker.execute(TestWorker.java:103)
  at org.gradle.api.internal.tasks.testing.worker.TestWorker.execute(TestWorker.java:63)
  at org.gradle.process.internal.worker.child.ActionExecutionWorker.execute(ActionExecutionWorker.java:56)
  at org.gradle.process.internal.worker.child.SystemApplicationClassLoaderWorker.call(SystemApplicationClassLoaderWorker.java:122)
  at org.gradle.process.internal.worker.child.SystemApplicationClassLoaderWorker.call(SystemApplicationClassLoaderWorker.java:72)
  at worker.org.gradle.process.internal.worker.GradleWorkerMain.run(GradleWorkerMain.java:69)
  at worker.org.gradle.process.internal.worker.GradleWorkerMain.main(GradleWorkerMain.java:74)
</stacktrace>
</test-failure>


TypeScriptCompilerTests_N[jvm] > nestedGlobalNamespaceInClass_ts has expected errors matching nestedGlobalNamespaceInClass_errors_txt[jvm] FAILED

<test-failure test="com.xemantic.typescript.compiler.TypeScriptCompilerTests_N.noCrashOnNoLib_ts has expected errors matching noCrashOnNoLib_errors_txt" platform="jvm">
<message>
Expected diagnostics from baseline typescript-repo/tests/baselines/reference/noCrashOnNoLib.errors.txt but none produced
</message>
<stacktrace>
  at com.xemantic.typescript.compiler.TypeScriptTestSupportKt.errorsMatchBaseline(TypeScriptTestSupport.kt:125)
  at com.xemantic.typescript.compiler.TypeScriptCompilerTests_N.noCrashOnNoLib_ts has expected errors matching noCrashOnNoLib_errors_txt(TypeScriptCompilerTests_N.kt:1274)
  at java.base/jdk.internal.reflect.DirectMethodHandleAccessor.invoke(DirectMethodHandleAccessor.java:104)
  at java.base/java.lang.reflect.Method.invoke(Method.java:565)
  at org.junit.runners.model.FrameworkMethod$1.runReflectiveCall(FrameworkMethod.java:59)
  at org.junit.internal.runners.model.ReflectiveCallable.run(ReflectiveCallable.java:12)
  at org.junit.runners.model.FrameworkMethod.invokeExplosively(FrameworkMethod.java:56)
  at org.junit.internal.runners.statements.InvokeMethod.evaluate(InvokeMethod.java:17)
  at org.junit.runners.ParentRunner$3.evaluate(ParentRunner.java:306)
  at org.junit.runners.BlockJUnit4ClassRunner$1.evaluate(BlockJUnit4ClassRunner.java:100)
  at org.junit.runners.ParentRunner.runLeaf(ParentRunner.java:366)
  at org.junit.runners.BlockJUnit4ClassRunner.runChild(BlockJUnit4ClassRunner.java:103)
  at org.junit.runners.BlockJUnit4ClassRunner.runChild(BlockJUnit4ClassRunner.java:63)
  at org.junit.runners.ParentRunner$4.run(ParentRunner.java:331)
  at org.junit.runners.ParentRunner$1.schedule(ParentRunner.java:79)
  at org.junit.runners.ParentRunner.runChildren(ParentRunner.java:329)
  at org.junit.runners.ParentRunner.access$100(ParentRunner.java:66)
  at org.junit.runners.ParentRunner$2.evaluate(ParentRunner.java:293)
  at org.junit.runners.ParentRunner$3.evaluate(ParentRunner.java:306)
  at org.junit.runners.ParentRunner.run(ParentRunner.java:413)
  at org.junit.runner.JUnitCore.run(JUnitCore.java:137)
  at org.junit.runner.JUnitCore.run(JUnitCore.java:115)
  at org.gradle.api.internal.tasks.testing.junit.JUnitTestExecutor.runRequest(JUnitTestExecutor.java:175)
  at org.gradle.api.internal.tasks.testing.junit.JUnitTestExecutor.accept(JUnitTestExecutor.java:84)
  at org.gradle.api.internal.tasks.testing.junit.JUnitTestExecutor.accept(JUnitTestExecutor.java:47)
  at org.gradle.api.internal.tasks.testing.junit.AbstractJUnitTestDefinitionProcessor.processTestDefinition(AbstractJUnitTestDefinitionProcessor.java:65)
  at org.gradle.api.internal.tasks.testing.SuiteTestDefinitionProcessor.processTestDefinition(SuiteTestDefinitionProcessor.java:54)
  at java.base/jdk.internal.reflect.DirectMethodHandleAccessor.invoke(DirectMethodHandleAccessor.java:104)
  at java.base/java.lang.reflect.Method.invoke(Method.java:565)
  at org.gradle.internal.dispatch.MethodInvocation.invokeOn(MethodInvocation.java:77)
  at org.gradle.internal.dispatch.ReflectionDispatch.dispatch(ReflectionDispatch.java:28)
  at org.gradle.internal.dispatch.ReflectionDispatch.dispatch(ReflectionDispatch.java:19)
  at org.gradle.internal.dispatch.ContextClassLoaderDispatch.dispatch(ContextClassLoaderDispatch.java:33)
  at org.gradle.internal.dispatch.ProxyDispatchAdapter$DispatchingInvocationHandler.invoke(ProxyDispatchAdapter.java:88)
  at jdk.proxy1/jdk.proxy1.$Proxy4.processTestDefinition(Unknown Source)
  at org.gradle.api.internal.tasks.testing.worker.TestWorker$2.run(TestWorker.java:178)
  at org.gradle.api.internal.tasks.testing.worker.TestWorker.executeAndMaintainThreadName(TestWorker.java:126)
  at org.gradle.api.internal.tasks.testing.worker.TestWorker.execute(TestWorker.java:103)
  at org.gradle.api.internal.tasks.testing.worker.TestWorker.execute(TestWorker.java:63)
  at org.gradle.process.internal.worker.child.ActionExecutionWorker.execute(ActionExecutionWorker.java:56)
  at org.gradle.process.internal.worker.child.SystemApplicationClassLoaderWorker.call(SystemApplicationClassLoaderWorker.java:122)
  at org.gradle.process.internal.worker.child.SystemApplicationClassLoaderWorker.call(SystemApplicationClassLoaderWorker.java:72)
  at worker.org.gradle.process.internal.worker.GradleWorkerMain.run(GradleWorkerMain.java:69)
  at worker.org.gradle.process.internal.worker.GradleWorkerMain.main(GradleWorkerMain.java:74)
</stacktrace>
</test-failure>


TypeScriptCompilerTests_N[jvm] > noCrashOnNoLib_ts has expected errors matching noCrashOnNoLib_errors_txt[jvm] FAILED

<test-failure test="com.xemantic.typescript.compiler.TypeScriptCompilerTests_N.noCrashOnImportShadowing_ts has expected errors matching noCrashOnImportShadowing_errors_txt" platform="jvm">
<message>
--- expected
+++ actual
@@ -1,10 +1,11 @@
-index.ts(9,10): error TS2709: Cannot use namespace 'OriginalB' as a type.
+a.ts(8,3): error TS2339: Property 'zzz' does not exist on type 'B'.
+index.ts(4,3): error TS2339: Property 'zzz' does not exist on type 'B'.
 
 
 ==== b.ts (0 errors) ====
     export const zzz = 123;
     
-==== a.ts (0 errors) ====
+==== a.ts (1 errors) ====
     import * as B from "./b";
     
     interface B {
@@ -13,6 +14,8 @@
     
     const x: B = { x: "" };
     B.zzz;
+      ~~~
+!!! error TS2339: Property 'zzz' does not exist on type 'B'.
     
     export { B };
     
@@ -21,10 +24,10 @@
     
     const x: B = { x: "" };
     B.zzz;
+      ~~~
+!!! error TS2339: Property 'zzz' does not exist on type 'B'.
     
     import * as OriginalB from "./b";
     OriginalB.zzz;
     
     const y: OriginalB = x;
-             ~~~~~~~~~
-!!! error TS2709: Cannot use namespace 'OriginalB' as a type.

</message>
<stacktrace>
  at org.junit.Assert.fail(Assert.java:89)
  at kotlin.test.junit.JUnitAsserter.fail(JUnitSupport.kt:56)
  at kotlin.test.AssertionsKt__AssertionsKt.fail(Assertions.kt:563)
  at kotlin.test.AssertionsKt.fail(Unknown Source)
  at com.xemantic.kotlin.test.SameAsKt.sameAs(SameAs.kt:52)
  at com.xemantic.typescript.compiler.TypeScriptTestSupportKt.errorsMatchBaseline(TypeScriptTestSupport.kt:135)
  at com.xemantic.typescript.compiler.TypeScriptCompilerTests_N.noCrashOnImportShadowing_ts has expected errors matching noCrashOnImportShadowing_errors_txt(TypeScriptCompilerTests_N.kt:1239)
  at java.base/jdk.internal.reflect.DirectMethodHandleAccessor.invoke(DirectMethodHandleAccessor.java:104)
  at java.base/java.lang.reflect.Method.invoke(Method.java:565)
  at org.junit.runners.model.FrameworkMethod$1.runReflectiveCall(FrameworkMethod.java:59)
  at org.junit.internal.runners.model.ReflectiveCallable.run(ReflectiveCallable.java:12)
  at org.junit.runners.model.FrameworkMethod.invokeExplosively(FrameworkMethod.java:56)
  at org.junit.internal.runners.statements.InvokeMethod.evaluate(InvokeMethod.java:17)
  at org.junit.runners.ParentRunner$3.evaluate(ParentRunner.java:306)
  at org.junit.runners.BlockJUnit4ClassRunner$1.evaluate(BlockJUnit4ClassRunner.java:100)
  at org.junit.runners.ParentRunner.runLeaf(ParentRunner.java:366)
  at org.junit.runners.BlockJUnit4ClassRunner.runChild(BlockJUnit4ClassRunner.java:103)
  at org.junit.runners.BlockJUnit4ClassRunner.runChild(BlockJUnit4ClassRunner.java:63)
  at org.junit.runners.ParentRunner$4.run(ParentRunner.java:331)
  at org.junit.runners.ParentRunner$1.schedule(ParentRunner.java:79)
  at org.junit.runners.ParentRunner.runChildren(ParentRunner.java:329)
  at org.junit.runners.ParentRunner.access$100(ParentRunner.java:66)
  at org.junit.runners.ParentRunner$2.evaluate(ParentRunner.java:293)
  at org.junit.runners.ParentRunner$3.evaluate(ParentRunner.java:306)
  at org.junit.runners.ParentRunner.run(ParentRunner.java:413)
  at org.junit.runner.JUnitCore.run(JUnitCore.java:137)
  at org.junit.runner.JUnitCore.run(JUnitCore.java:115)
  at org.gradle.api.internal.tasks.testing.junit.JUnitTestExecutor.runRequest(JUnitTestExecutor.java:175)
  at org.gradle.api.internal.tasks.testing.junit.JUnitTestExecutor.accept(JUnitTestExecutor.java:84)
  at org.gradle.api.internal.tasks.testing.junit.JUnitTestExecutor.accept(JUnitTestExecutor.java:47)
  at org.gradle.api.internal.tasks.testing.junit.AbstractJUnitTestDefinitionProcessor.processTestDefinition(AbstractJUnitTestDefinitionProcessor.java:65)
  at org.gradle.api.internal.tasks.testing.SuiteTestDefinitionProcessor.processTestDefinition(SuiteTestDefinitionProcessor.java:54)
  at java.base/jdk.internal.reflect.DirectMethodHandleAccessor.invoke(DirectMethodHandleAccessor.java:104)
  at java.base/java.lang.reflect.Method.invoke(Method.java:565)
  at org.gradle.internal.dispatch.MethodInvocation.invokeOn(MethodInvocation.java:77)
  at org.gradle.internal.dispatch.ReflectionDispatch.dispatch(ReflectionDispatch.java:28)
  at org.gradle.internal.dispatch.ReflectionDispatch.dispatch(ReflectionDispatch.java:19)
  at org.gradle.internal.dispatch.ContextClassLoaderDispatch.dispatch(ContextClassLoaderDispatch.java:33)
  at org.gradle.internal.dispatch.ProxyDispatchAdapter$DispatchingInvocationHandler.invoke(ProxyDispatchAdapter.java:88)
  at jdk.proxy1/jdk.proxy1.$Proxy4.processTestDefinition(Unknown Source)
  at org.gradle.api.internal.tasks.testing.worker.TestWorker$2.run(TestWorker.java:178)
  at org.gradle.api.internal.tasks.testing.worker.TestWorker.executeAndMaintainThreadName(TestWorker.java:126)
  at org.gradle.api.internal.tasks.testing.worker.TestWorker.execute(TestWorker.java:103)
  at org.gradle.api.internal.tasks.testing.worker.TestWorker.execute(TestWorker.java:63)
  at org.gradle.process.internal.worker.child.ActionExecutionWorker.execute(ActionExecutionWorker.java:56)
  at org.gradle.process.internal.worker.child.SystemApplicationClassLoaderWorker.call(SystemApplicationClassLoaderWorker.java:122)
  at org.gradle.process.internal.worker.child.SystemApplicationClassLoaderWorker.call(SystemApplicationClassLoaderWorker.java:72)
  at worker.org.gradle.process.internal.worker.GradleWorkerMain.run(GradleWorkerMain.java:69)
  at worker.org.gradle.process.internal.worker.GradleWorkerMain.main(GradleWorkerMain.java:74)
</stacktrace>
</test-failure>


TypeScriptCompilerTests_N[jvm] > noCrashOnImportShadowing_ts has expected errors matching noCrashOnImportShadowing_errors_txt[jvm] FAILED

<test-failure test="com.xemantic.typescript.compiler.TypeScriptCompilerTests_N.nestedLoopTypeGuards_ts has expected errors matching nestedLoopTypeGuards_errors_txt" platform="jvm">
<message>
--- expected
+++ actual
@@ -1,9 +1,8 @@
 nestedLoopTypeGuards.ts(5,16): error TS2454: Variable 'a' is used before being assigned.
-nestedLoopTypeGuards.ts(9,24): error TS2454: Variable 'a' is used before being assigned.
 nestedLoopTypeGuards.ts(21,16): error TS2454: Variable 'a' is used before being assigned.
 
 
-==== nestedLoopTypeGuards.ts (3 errors) ====
+==== nestedLoopTypeGuards.ts (2 errors) ====
     // Repros from #10378
     
     function f1() {
@@ -15,8 +14,6 @@
             for (var i = 0; i < 1; i++) {
                 for (var j = 0; j < 1; j++) {}
                 if (typeof a === 'string') {
-                           ~
-!!! error TS2454: Variable 'a' is used before being assigned.
                     // a is narrowed to "string'
                     for (var j = 0; j < 1; j++) {
                         a.length; // Should not error here

</message>
<stacktrace>
  at org.junit.Assert.fail(Assert.java:89)
  at kotlin.test.junit.JUnitAsserter.fail(JUnitSupport.kt:56)
  at kotlin.test.AssertionsKt__AssertionsKt.fail(Assertions.kt:563)
  at kotlin.test.AssertionsKt.fail(Unknown Source)
  at com.xemantic.kotlin.test.SameAsKt.sameAs(SameAs.kt:52)
  at com.xemantic.typescript.compiler.TypeScriptTestSupportKt.errorsMatchBaseline(TypeScriptTestSupport.kt:135)
  at com.xemantic.typescript.compiler.TypeScriptCompilerTests_N.nestedLoopTypeGuards_ts has expected errors matching nestedLoopTypeGuards_errors_txt(TypeScriptCompilerTests_N.kt:749)
  at java.base/jdk.internal.reflect.DirectMethodHandleAccessor.invoke(DirectMethodHandleAccessor.java:104)
  at java.base/java.lang.reflect.Method.invoke(Method.java:565)
  at org.junit.runners.model.FrameworkMethod$1.runReflectiveCall(FrameworkMethod.java:59)
  at org.junit.internal.runners.model.ReflectiveCallable.run(ReflectiveCallable.java:12)
  at org.junit.runners.model.FrameworkMethod.invokeExplosively(FrameworkMethod.java:56)
  at org.junit.internal.runners.statements.InvokeMethod.evaluate(InvokeMethod.java:17)
  at org.junit.runners.ParentRunner$3.evaluate(ParentRunner.java:306)
  at org.junit.runners.BlockJUnit4ClassRunner$1.evaluate(BlockJUnit4ClassRunner.java:100)
  at org.junit.runners.ParentRunner.runLeaf(ParentRunner.java:366)
  at org.junit.runners.BlockJUnit4ClassRunner.runChild(BlockJUnit4ClassRunner.java:103)
  at org.junit.runners.BlockJUnit4ClassRunner.runChild(BlockJUnit4ClassRunner.java:63)
  at org.junit.runners.ParentRunner$4.run(ParentRunner.java:331)
  at org.junit.runners.ParentRunner$1.schedule(ParentRunner.java:79)
  at org.junit.runners.ParentRunner.runChildren(ParentRunner.java:329)
  at org.junit.runners.ParentRunner.access$100(ParentRunner.java:66)
  at org.junit.runners.ParentRunner$2.evaluate(ParentRunner.java:293)
  at org.junit.runners.ParentRunner$3.evaluate(ParentRunner.java:306)
  at org.junit.runners.ParentRunner.run(ParentRunner.java:413)
  at org.junit.runner.JUnitCore.run(JUnitCore.java:137)
  at org.junit.runner.JUnitCore.run(JUnitCore.java:115)
  at org.gradle.api.internal.tasks.testing.junit.JUnitTestExecutor.runRequest(JUnitTestExecutor.java:175)
  at org.gradle.api.internal.tasks.testing.junit.JUnitTestExecutor.accept(JUnitTestExecutor.java:84)
  at org.gradle.api.internal.tasks.testing.junit.JUnitTestExecutor.accept(JUnitTestExecutor.java:47)
  at org.gradle.api.internal.tasks.testing.junit.AbstractJUnitTestDefinitionProcessor.processTestDefinition(AbstractJUnitTestDefinitionProcessor.java:65)
  at org.gradle.api.internal.tasks.testing.SuiteTestDefinitionProcessor.processTestDefinition(SuiteTestDefinitionProcessor.java:54)
  at java.base/jdk.internal.reflect.DirectMethodHandleAccessor.invoke(DirectMethodHandleAccessor.java:104)
  at java.base/java.lang.reflect.Method.invoke(Method.java:565)
  at org.gradle.internal.dispatch.MethodInvocation.invokeOn(MethodInvocation.java:77)
  at org.gradle.internal.dispatch.ReflectionDispatch.dispatch(ReflectionDispatch.java:28)
  at org.gradle.internal.dispatch.ReflectionDispatch.dispatch(ReflectionDispatch.java:19)
  at org.gradle.internal.dispatch.ContextClassLoaderDispatch.dispatch(ContextClassLoaderDispatch.java:33)
  at org.gradle.internal.dispatch.ProxyDispatchAdapter$DispatchingInvocationHandler.invoke(ProxyDispatchAdapter.java:88)
  at jdk.proxy1/jdk.proxy1.$Proxy4.processTestDefinition(Unknown Source)
  at org.gradle.api.internal.tasks.testing.worker.TestWorker$2.run(TestWorker.java:178)
  at org.gradle.api.internal.tasks.testing.worker.TestWorker.executeAndMaintainThreadName(TestWorker.java:126)
  at org.gradle.api.internal.tasks.testing.worker.TestWorker.execute(TestWorker.java:103)
  at org.gradle.api.internal.tasks.testing.worker.TestWorker.execute(TestWorker.java:63)
  at org.gradle.process.internal.worker.child.ActionExecutionWorker.execute(ActionExecutionWorker.java:56)
  at org.gradle.process.internal.worker.child.SystemApplicationClassLoaderWorker.call(SystemApplicationClassLoaderWorker.java:122)
  at org.gradle.process.internal.worker.child.SystemApplicationClassLoaderWorker.call(SystemApplicationClassLoaderWorker.java:72)
  at worker.org.gradle.process.internal.worker.GradleWorkerMain.run(GradleWorkerMain.java:69)
  at worker.org.gradle.process.internal.worker.GradleWorkerMain.main(GradleWorkerMain.java:74)
</stacktrace>
</test-failure>


TypeScriptCompilerTests_N[jvm] > nestedLoopTypeGuards_ts has expected errors matching nestedLoopTypeGuards_errors_txt[jvm] FAILED

<test-failure test="com.xemantic.typescript.compiler.TypeScriptCompilerTests_N.nestedRecursiveArraysOrObjectsError01_ts has expected errors matching nestedRecursiveArraysOrObjectsError01_errors_txt" platform="jvm">
<message>
Expected diagnostics from baseline typescript-repo/tests/baselines/reference/nestedRecursiveArraysOrObjectsError01.errors.txt but none produced
</message>
<stacktrace>
  at com.xemantic.typescript.compiler.TypeScriptTestSupportKt.errorsMatchBaseline(TypeScriptTestSupport.kt:125)
  at com.xemantic.typescript.compiler.TypeScriptCompilerTests_N.nestedRecursiveArraysOrObjectsError01_ts has expected errors matching nestedRecursiveArraysOrObjectsError01_errors_txt(TypeScriptCompilerTests_N.kt:805)
  at java.base/jdk.internal.reflect.DirectMethodHandleAccessor.invoke(DirectMethodHandleAccessor.java:104)
  at java.base/java.lang.reflect.Method.invoke(Method.java:565)
  at org.junit.runners.model.FrameworkMethod$1.runReflectiveCall(FrameworkMethod.java:59)
  at org.junit.internal.runners.model.ReflectiveCallable.run(ReflectiveCallable.java:12)
  at org.junit.runners.model.FrameworkMethod.invokeExplosively(FrameworkMethod.java:56)
  at org.junit.internal.runners.statements.InvokeMethod.evaluate(InvokeMethod.java:17)
  at org.junit.runners.ParentRunner$3.evaluate(ParentRunner.java:306)
  at org.junit.runners.BlockJUnit4ClassRunner$1.evaluate(BlockJUnit4ClassRunner.java:100)
  at org.junit.runners.ParentRunner.runLeaf(ParentRunner.java:366)
  at org.junit.runners.BlockJUnit4ClassRunner.runChild(BlockJUnit4ClassRunner.java:103)
  at org.junit.runners.BlockJUnit4ClassRunner.runChild(BlockJUnit4ClassRunner.java:63)
  at org.junit.runners.ParentRunner$4.run(ParentRunner.java:331)
  at org.junit.runners.ParentRunner$1.schedule(ParentRunner.java:79)
  at org.junit.runners.ParentRunner.runChildren(ParentRunner.java:329)
  at org.junit.runners.ParentRunner.access$100(ParentRunner.java:66)
  at org.junit.runners.ParentRunner$2.evaluate(ParentRunner.java:293)
  at org.junit.runners.ParentRunner$3.evaluate(ParentRunner.java:306)
  at org.junit.runners.ParentRunner.run(ParentRunner.java:413)
  at org.junit.runner.JUnitCore.run(JUnitCore.java:137)
  at org.junit.runner.JUnitCore.run(JUnitCore.java:115)
  at org.gradle.api.internal.tasks.testing.junit.JUnitTestExecutor.runRequest(JUnitTestExecutor.java:175)
  at org.gradle.api.internal.tasks.testing.junit.JUnitTestExecutor.accept(JUnitTestExecutor.java:84)
  at org.gradle.api.internal.tasks.testing.junit.JUnitTestExecutor.accept(JUnitTestExecutor.java:47)
  at org.gradle.api.internal.tasks.testing.junit.AbstractJUnitTestDefinitionProcessor.processTestDefinition(AbstractJUnitTestDefinitionProcessor.java:65)
  at org.gradle.api.internal.tasks.testing.SuiteTestDefinitionProcessor.processTestDefinition(SuiteTestDefinitionProcessor.java:54)
  at java.base/jdk.internal.reflect.DirectMethodHandleAccessor.invoke(DirectMethodHandleAccessor.java:104)
  at java.base/java.lang.reflect.Method.invoke(Method.java:565)
  at org.gradle.internal.dispatch.MethodInvocation.invokeOn(MethodInvocation.java:77)
  at org.gradle.internal.dispatch.ReflectionDispatch.dispatch(ReflectionDispatch.java:28)
  at org.gradle.internal.dispatch.ReflectionDispatch.dispatch(ReflectionDispatch.java:19)
  at org.gradle.internal.dispatch.ContextClassLoaderDispatch.dispatch(ContextClassLoaderDispatch.java:33)
  at org.gradle.internal.dispatch.ProxyDispatchAdapter$DispatchingInvocationHandler.invoke(ProxyDispatchAdapter.java:88)
  at jdk.proxy1/jdk.proxy1.$Proxy4.processTestDefinition(Unknown Source)
  at org.gradle.api.internal.tasks.testing.worker.TestWorker$2.run(TestWorker.java:178)
  at org.gradle.api.internal.tasks.testing.worker.TestWorker.executeAndMaintainThreadName(TestWorker.java:126)
  at org.gradle.api.internal.tasks.testing.worker.TestWorker.execute(TestWorker.java:103)
  at org.gradle.api.internal.tasks.testing.worker.TestWorker.execute(TestWorker.java:63)
  at org.gradle.process.internal.worker.child.ActionExecutionWorker.execute(ActionExecutionWorker.java:56)
  at org.gradle.process.internal.worker.child.SystemApplicationClassLoaderWorker.call(SystemApplicationClassLoaderWorker.java:122)
  at org.gradle.process.internal.worker.child.SystemApplicationClassLoaderWorker.call(SystemApplicationClassLoaderWorker.java:72)
  at worker.org.gradle.process.internal.worker.GradleWorkerMain.run(GradleWorkerMain.java:69)
  at worker.org.gradle.process.internal.worker.GradleWorkerMain.main(GradleWorkerMain.java:74)
</stacktrace>
</test-failure>


TypeScriptCompilerTests_N[jvm] > nestedRecursiveArraysOrObjectsError01_ts has expected errors matching nestedRecursiveArraysOrObjectsError01_errors_txt[jvm] FAILED

<test-failure test="com.xemantic.typescript.compiler.TypeScriptCompilerTests_N.nestedUnaryExpressionHang_ts has expected errors matching nestedUnaryExpressionHang_errors_txt" platform="jvm">
<message>
--- expected
+++ actual
@@ -1,10 +1,8 @@
-nestedUnaryExpressionHang.ts(1,6): error TS2363: The right-hand side of an arithmetic operation must be of type 'any', 'number', 'bigint' or an enum type.
-nestedUnaryExpressionHang.ts(1,34): error TS1109: Expression expected.
+nestedUnaryExpressionHang.ts(2,1): error TS1109: Expression expected.
 
 
-==== nestedUnaryExpressionHang.ts (2 errors) ====
+==== nestedUnaryExpressionHang.ts (1 errors) ====
     3333%!!!!!!!!!!!!!!!!!!!!!!!!!!!!
-         ~~~~~~~~~~~~~~~~~~~~~~~~~~~~
-!!! error TS2363: The right-hand side of an arithmetic operation must be of type 'any', 'number', 'bigint' or an enum type.
-                                     
+    
+    
 !!! error TS1109: Expression expected.

</message>
<stacktrace>
  at org.junit.Assert.fail(Assert.java:89)
  at kotlin.test.junit.JUnitAsserter.fail(JUnitSupport.kt:56)
  at kotlin.test.AssertionsKt__AssertionsKt.fail(Assertions.kt:563)
  at kotlin.test.AssertionsKt.fail(Unknown Source)
  at com.xemantic.kotlin.test.SameAsKt.sameAs(SameAs.kt:52)
  at com.xemantic.typescript.compiler.TypeScriptTestSupportKt.errorsMatchBaseline(TypeScriptTestSupport.kt:135)
  at com.xemantic.typescript.compiler.TypeScriptCompilerTests_N.nestedUnaryExpressionHang_ts has expected errors matching nestedUnaryExpressionHang_errors_txt(TypeScriptCompilerTests_N.kt:875)
  at java.base/jdk.internal.reflect.DirectMethodHandleAccessor.invoke(DirectMethodHandleAccessor.java:104)
  at java.base/java.lang.reflect.Method.invoke(Method.java:565)
  at org.junit.runners.model.FrameworkMethod$1.runReflectiveCall(FrameworkMethod.java:59)
  at org.junit.internal.runners.model.ReflectiveCallable.run(ReflectiveCallable.java:12)
  at org.junit.runners.model.FrameworkMethod.invokeExplosively(FrameworkMethod.java:56)
  at org.junit.internal.runners.statements.InvokeMethod.evaluate(InvokeMethod.java:17)
  at org.junit.runners.ParentRunner$3.evaluate(ParentRunner.java:306)
  at org.junit.runners.BlockJUnit4ClassRunner$1.evaluate(BlockJUnit4ClassRunner.java:100)
  at org.junit.runners.ParentRunner.runLeaf(ParentRunner.java:366)
  at org.junit.runners.BlockJUnit4ClassRunner.runChild(BlockJUnit4ClassRunner.java:103)
  at org.junit.runners.BlockJUnit4ClassRunner.runChild(BlockJUnit4ClassRunner.java:63)
  at org.junit.runners.ParentRunner$4.run(ParentRunner.java:331)
  at org.junit.runners.ParentRunner$1.schedule(ParentRunner.java:79)
  at org.junit.runners.ParentRunner.runChildren(ParentRunner.java:329)
  at org.junit.runners.ParentRunner.access$100(ParentRunner.java:66)
  at org.junit.runners.ParentRunner$2.evaluate(ParentRunner.java:293)
  at org.junit.runners.ParentRunner$3.evaluate(ParentRunner.java:306)
  at org.junit.runners.ParentRunner.run(ParentRunner.java:413)
  at org.junit.runner.JUnitCore.run(JUnitCore.java:137)
  at org.junit.runner.JUnitCore.run(JUnitCore.java:115)
  at org.gradle.api.internal.tasks.testing.junit.JUnitTestExecutor.runRequest(JUnitTestExecutor.java:175)
  at org.gradle.api.internal.tasks.testing.junit.JUnitTestExecutor.accept(JUnitTestExecutor.java:84)
  at org.gradle.api.internal.tasks.testing.junit.JUnitTestExecutor.accept(JUnitTestExecutor.java:47)
  at org.gradle.api.internal.tasks.testing.junit.AbstractJUnitTestDefinitionProcessor.processTestDefinition(AbstractJUnitTestDefinitionProcessor.java:65)
  at org.gradle.api.internal.tasks.testing.SuiteTestDefinitionProcessor.processTestDefinition(SuiteTestDefinitionProcessor.java:54)
  at java.base/jdk.internal.reflect.DirectMethodHandleAccessor.invoke(DirectMethodHandleAccessor.java:104)
  at java.base/java.lang.reflect.Method.invoke(Method.java:565)
  at org.gradle.internal.dispatch.MethodInvocation.invokeOn(MethodInvocation.java:77)
  at org.gradle.internal.dispatch.ReflectionDispatch.dispatch(ReflectionDispatch.java:28)
  at org.gradle.internal.dispatch.ReflectionDispatch.dispatch(ReflectionDispatch.java:19)
  at org.gradle.internal.dispatch.ContextClassLoaderDispatch.dispatch(ContextClassLoaderDispatch.java:33)
  at org.gradle.internal.dispatch.ProxyDispatchAdapter$DispatchingInvocationHandler.invoke(ProxyDispatchAdapter.java:88)
  at jdk.proxy1/jdk.proxy1.$Proxy4.processTestDefinition(Unknown Source)
  at org.gradle.api.internal.tasks.testing.worker.TestWorker$2.run(TestWorker.java:178)
  at org.gradle.api.internal.tasks.testing.worker.TestWorker.executeAndMaintainThreadName(TestWorker.java:126)
  at org.gradle.api.internal.tasks.testing.worker.TestWorker.execute(TestWorker.java:103)
  at org.gradle.api.internal.tasks.testing.worker.TestWorker.execute(TestWorker.java:63)
  at org.gradle.process.internal.worker.child.ActionExecutionWorker.execute(ActionExecutionWorker.java:56)
  at org.gradle.process.internal.worker.child.SystemApplicationClassLoaderWorker.call(SystemApplicationClassLoaderWorker.java:122)
  at org.gradle.process.internal.worker.child.SystemApplicationClassLoaderWorker.call(SystemApplicationClassLoaderWorker.java:72)
  at worker.org.gradle.process.internal.worker.GradleWorkerMain.run(GradleWorkerMain.java:69)
  at worker.org.gradle.process.internal.worker.GradleWorkerMain.main(GradleWorkerMain.java:74)
</stacktrace>
</test-failure>


TypeScriptCompilerTests_N[jvm] > nestedUnaryExpressionHang_ts has expected errors matching nestedUnaryExpressionHang_errors_txt[jvm] FAILED

<test-failure test="com.xemantic.typescript.compiler.TypeScriptCompilerTests_N.nodeNextPackageSelfNameWithOutDirDeclDir_ts compiles to JavaScript matching nodeNextPackageSelfNameWithOutDirDeclDir_js" platform="jvm">
<message>
--- expected
+++ actual
@@ -20,6 +20,42 @@
 
 
 //// [index.js]
-import * as me from "@this/package";
+"use strict";
+var __createBinding = (this && this.__createBinding) || (Object.create ? (function(o, m, k, k2) {
+    if (k2 === undefined) k2 = k;
+    var desc = Object.getOwnPropertyDescriptor(m, k);
+    if (!desc || ("get" in desc ? !m.__esModule : desc.writable || desc.configurable)) {
+      desc = { enumerable: true, get: function() { return m[k]; } };
+    }
+    Object.defineProperty(o, k2, desc);
+}) : (function(o, m, k, k2) {
+    if (k2 === undefined) k2 = k;
+    o[k2] = m[k];
+}));
+var __setModuleDefault = (this && this.__setModuleDefault) || (Object.create ? (function(o, v) {
+    Object.defineProperty(o, "default", { enumerable: true, value: v });
+}) : function(o, v) {
+    o["default"] = v;
+});
+var __importStar = (this && this.__importStar) || (function () {
+    var ownKeys = function(o) {
+        ownKeys = Object.getOwnPropertyNames || function (o) {
+            var ar = [];
+            for (var k in o) if (Object.prototype.hasOwnProperty.call(o, k)) ar[ar.length] = k;
+            return ar;
+        };
+        return ownKeys(o);
+    };
+    return function (mod) {
+        if (mod && mod.__esModule) return mod;
+        var result = {};
+        if (mod != null) for (var k = ownKeys(mod), i = 0; i < k.length; i++) if (k[i] !== "default") __createBinding(result, mod, k[i]);
+        __setModuleDefault(result, mod);
+        return result;
+    };
+})();
+Object.defineProperty(exports, "__esModule", { value: true });
+exports.thing = thing;
+const me = __importStar(require("@this/package"));
 me.thing();
-export function thing() { }
+function thing() { }

</message>
<stacktrace>
  at org.junit.Assert.fail(Assert.java:89)
  at kotlin.test.junit.JUnitAsserter.fail(JUnitSupport.kt:56)
  at kotlin.test.AssertionsKt__AssertionsKt.fail(Assertions.kt:563)
  at kotlin.test.AssertionsKt.fail(Unknown Source)
  at com.xemantic.kotlin.test.SameAsKt.sameAs(SameAs.kt:52)
  at com.xemantic.typescript.compiler.TypeScriptTestSupportKt.sameAs(TypeScriptTestSupport.kt:99)
  at com.xemantic.typescript.compiler.TypeScriptCompilerTests_N.nodeNextPackageSelfNameWithOutDirDeclDir_ts compiles to JavaScript matching nodeNextPackageSelfNameWithOutDirDeclDir_js(TypeScriptCompilerTests_N.kt:2387)
  at java.base/jdk.internal.reflect.DirectMethodHandleAccessor.invoke(DirectMethodHandleAccessor.java:104)
  at java.base/java.lang.reflect.Method.invoke(Method.java:565)
  at org.junit.runners.model.FrameworkMethod$1.runReflectiveCall(FrameworkMethod.java:59)
  at org.junit.internal.runners.model.ReflectiveCallable.run(ReflectiveCallable.java:12)
  at org.junit.runners.model.FrameworkMethod.invokeExplosively(FrameworkMethod.java:56)
  at org.junit.internal.runners.statements.InvokeMethod.evaluate(InvokeMethod.java:17)
  at org.junit.runners.ParentRunner$3.evaluate(ParentRunner.java:306)
  at org.junit.runners.BlockJUnit4ClassRunner$1.evaluate(BlockJUnit4ClassRunner.java:100)
  at org.junit.runners.ParentRunner.runLeaf(ParentRunner.java:366)
  at org.junit.runners.BlockJUnit4ClassRunner.runChild(BlockJUnit4ClassRunner.java:103)
  at org.junit.runners.BlockJUnit4ClassRunner.runChild(BlockJUnit4ClassRunner.java:63)
  at org.junit.runners.ParentRunner$4.run(ParentRunner.java:331)
  at org.junit.runners.ParentRunner$1.schedule(ParentRunner.java:79)
  at org.junit.runners.ParentRunner.runChildren(ParentRunner.java:329)
  at org.junit.runners.ParentRunner.access$100(ParentRunner.java:66)
  at org.junit.runners.ParentRunner$2.evaluate(ParentRunner.java:293)
  at org.junit.runners.ParentRunner$3.evaluate(ParentRunner.java:306)
  at org.junit.runners.ParentRunner.run(ParentRunner.java:413)
  at org.junit.runner.JUnitCore.run(JUnitCore.java:137)
  at org.junit.runner.JUnitCore.run(JUnitCore.java:115)
  at org.gradle.api.internal.tasks.testing.junit.JUnitTestExecutor.runRequest(JUnitTestExecutor.java:175)
  at org.gradle.api.internal.tasks.testing.junit.JUnitTestExecutor.accept(JUnitTestExecutor.java:84)
  at org.gradle.api.internal.tasks.testing.junit.JUnitTestExecutor.accept(JUnitTestExecutor.java:47)
  at org.gradle.api.internal.tasks.testing.junit.AbstractJUnitTestDefinitionProcessor.processTestDefinition(AbstractJUnitTestDefinitionProcessor.java:65)
  at org.gradle.api.internal.tasks.testing.SuiteTestDefinitionProcessor.processTestDefinition(SuiteTestDefinitionProcessor.java:54)
  at java.base/jdk.internal.reflect.DirectMethodHandleAccessor.invoke(DirectMethodHandleAccessor.java:104)
  at java.base/java.lang.reflect.Method.invoke(Method.java:565)
  at org.gradle.internal.dispatch.MethodInvocation.invokeOn(MethodInvocation.java:77)
  at org.gradle.internal.dispatch.ReflectionDispatch.dispatch(ReflectionDispatch.java:28)
  at org.gradle.internal.dispatch.ReflectionDispatch.dispatch(ReflectionDispatch.java:19)
  at org.gradle.internal.dispatch.ContextClassLoaderDispatch.dispatch(ContextClassLoaderDispatch.java:33)
  at org.gradle.internal.dispatch.ProxyDispatchAdapter$DispatchingInvocationHandler.invoke(ProxyDispatchAdapter.java:88)
  at jdk.proxy1/jdk.proxy1.$Proxy4.processTestDefinition(Unknown Source)
  at org.gradle.api.internal.tasks.testing.worker.TestWorker$2.run(TestWorker.java:178)
  at org.gradle.api.internal.tasks.testing.worker.TestWorker.executeAndMaintainThreadName(TestWorker.java:126)
  at org.gradle.api.internal.tasks.testing.worker.TestWorker.execute(TestWorker.java:103)
  at org.gradle.api.internal.tasks.testing.worker.TestWorker.execute(TestWorker.java:63)
  at org.gradle.process.internal.worker.child.ActionExecutionWorker.execute(ActionExecutionWorker.java:56)
  at org.gradle.process.internal.worker.child.SystemApplicationClassLoaderWorker.call(SystemApplicationClassLoaderWorker.java:122)
  at org.gradle.process.internal.worker.child.SystemApplicationClassLoaderWorker.call(SystemApplicationClassLoaderWorker.java:72)
  at worker.org.gradle.process.internal.worker.GradleWorkerMain.run(GradleWorkerMain.java:69)
  at worker.org.gradle.process.internal.worker.GradleWorkerMain.main(GradleWorkerMain.java:74)
</stacktrace>
</test-failure>


TypeScriptCompilerTests_N[jvm] > nodeNextPackageSelfNameWithOutDirDeclDir_ts compiles to JavaScript matching nodeNextPackageSelfNameWithOutDirDeclDir_js[jvm] FAILED

<test-failure test="com.xemantic.typescript.compiler.TypeScriptCompilerTests_N.nonArrayRestArgs_ts has expected errors matching nonArrayRestArgs_errors_txt" platform="jvm">
<message>
Expected diagnostics from baseline typescript-repo/tests/baselines/reference/nonArrayRestArgs.errors.txt but none produced
</message>
<stacktrace>
  at com.xemantic.typescript.compiler.TypeScriptTestSupportKt.errorsMatchBaseline(TypeScriptTestSupport.kt:125)
  at com.xemantic.typescript.compiler.TypeScriptCompilerTests_N.nonArrayRestArgs_ts has expected errors matching nonArrayRestArgs_errors_txt(TypeScriptCompilerTests_N.kt:2499)
  at java.base/jdk.internal.reflect.DirectMethodHandleAccessor.invoke(DirectMethodHandleAccessor.java:104)
  at java.base/java.lang.reflect.Method.invoke(Method.java:565)
  at org.junit.runners.model.FrameworkMethod$1.runReflectiveCall(FrameworkMethod.java:59)
  at org.junit.internal.runners.model.ReflectiveCallable.run(ReflectiveCallable.java:12)
  at org.junit.runners.model.FrameworkMethod.invokeExplosively(FrameworkMethod.java:56)
  at org.junit.internal.runners.statements.InvokeMethod.evaluate(InvokeMethod.java:17)
  at org.junit.runners.ParentRunner$3.evaluate(ParentRunner.java:306)
  at org.junit.runners.BlockJUnit4ClassRunner$1.evaluate(BlockJUnit4ClassRunner.java:100)
  at org.junit.runners.ParentRunner.runLeaf(ParentRunner.java:366)
  at org.junit.runners.BlockJUnit4ClassRunner.runChild(BlockJUnit4ClassRunner.java:103)
  at org.junit.runners.BlockJUnit4ClassRunner.runChild(BlockJUnit4ClassRunner.java:63)
  at org.junit.runners.ParentRunner$4.run(ParentRunner.java:331)
  at org.junit.runners.ParentRunner$1.schedule(ParentRunner.java:79)
  at org.junit.runners.ParentRunner.runChildren(ParentRunner.java:329)
  at org.junit.runners.ParentRunner.access$100(ParentRunner.java:66)
  at org.junit.runners.ParentRunner$2.evaluate(ParentRunner.java:293)
  at org.junit.runners.ParentRunner$3.evaluate(ParentRunner.java:306)
  at org.junit.runners.ParentRunner.run(ParentRunner.java:413)
  at org.junit.runner.JUnitCore.run(JUnitCore.java:137)
  at org.junit.runner.JUnitCore.run(JUnitCore.java:115)
  at org.gradle.api.internal.tasks.testing.junit.JUnitTestExecutor.runRequest(JUnitTestExecutor.java:175)
  at org.gradle.api.internal.tasks.testing.junit.JUnitTestExecutor.accept(JUnitTestExecutor.java:84)
  at org.gradle.api.internal.tasks.testing.junit.JUnitTestExecutor.accept(JUnitTestExecutor.java:47)
  at org.gradle.api.internal.tasks.testing.junit.AbstractJUnitTestDefinitionProcessor.processTestDefinition(AbstractJUnitTestDefinitionProcessor.java:65)
  at org.gradle.api.internal.tasks.testing.SuiteTestDefinitionProcessor.processTestDefinition(SuiteTestDefinitionProcessor.java:54)
  at java.base/jdk.internal.reflect.DirectMethodHandleAccessor.invoke(DirectMethodHandleAccessor.java:104)
  at java.base/java.lang.reflect.Method.invoke(Method.java:565)
  at org.gradle.internal.dispatch.MethodInvocation.invokeOn(MethodInvocation.java:77)
  at org.gradle.internal.dispatch.ReflectionDispatch.dispatch(ReflectionDispatch.java:28)
  at org.gradle.internal.dispatch.ReflectionDispatch.dispatch(ReflectionDispatch.java:19)
  at org.gradle.internal.dispatch.ContextClassLoaderDispatch.dispatch(ContextClassLoaderDispatch.java:33)
  at org.gradle.internal.dispatch.ProxyDispatchAdapter$DispatchingInvocationHandler.invoke(ProxyDispatchAdapter.java:88)
  at jdk.proxy1/jdk.proxy1.$Proxy4.processTestDefinition(Unknown Source)
  at org.gradle.api.internal.tasks.testing.worker.TestWorker$2.run(TestWorker.java:178)
  at org.gradle.api.internal.tasks.testing.worker.TestWorker.executeAndMaintainThreadName(TestWorker.java:126)
  at org.gradle.api.internal.tasks.testing.worker.TestWorker.execute(TestWorker.java:103)
  at org.gradle.api.internal.tasks.testing.worker.TestWorker.execute(TestWorker.java:63)
  at org.gradle.process.internal.worker.child.ActionExecutionWorker.execute(ActionExecutionWorker.java:56)
  at org.gradle.process.internal.worker.child.SystemApplicationClassLoaderWorker.call(SystemApplicationClassLoaderWorker.java:122)
  at org.gradle.process.internal.worker.child.SystemApplicationClassLoaderWorker.call(SystemApplicationClassLoaderWorker.java:72)
  at worker.org.gradle.process.internal.worker.GradleWorkerMain.run(GradleWorkerMain.java:69)
  at worker.org.gradle.process.internal.worker.GradleWorkerMain.main(GradleWorkerMain.java:74)
</stacktrace>
</test-failure>


TypeScriptCompilerTests_N[jvm] > nonArrayRestArgs_ts has expected errors matching nonArrayRestArgs_errors_txt[jvm] FAILED

<test-failure test="com.xemantic.typescript.compiler.TypeScriptCompilerTests_N.nodeNextPackageImportMapRootDir_ts compiles to JavaScript matching nodeNextPackageImportMapRootDir_js" platform="jvm">
<message>
--- expected
+++ actual
@@ -20,6 +20,42 @@
 
 
 //// [index.js]
-import * as me from "#dep";
+"use strict";
+var __createBinding = (this && this.__createBinding) || (Object.create ? (function(o, m, k, k2) {
+    if (k2 === undefined) k2 = k;
+    var desc = Object.getOwnPropertyDescriptor(m, k);
+    if (!desc || ("get" in desc ? !m.__esModule : desc.writable || desc.configurable)) {
+      desc = { enumerable: true, get: function() { return m[k]; } };
+    }
+    Object.defineProperty(o, k2, desc);
+}) : (function(o, m, k, k2) {
+    if (k2 === undefined) k2 = k;
+    o[k2] = m[k];
+}));
+var __setModuleDefault = (this && this.__setModuleDefault) || (Object.create ? (function(o, v) {
+    Object.defineProperty(o, "default", { enumerable: true, value: v });
+}) : function(o, v) {
+    o["default"] = v;
+});
+var __importStar = (this && this.__importStar) || (function () {
+    var ownKeys = function(o) {
+        ownKeys = Object.getOwnPropertyNames || function (o) {
+            var ar = [];
+            for (var k in o) if (Object.prototype.hasOwnProperty.call(o, k)) ar[ar.length] = k;
+            return ar;
+        };
+        return ownKeys(o);
+    };
+    return function (mod) {
+        if (mod && mod.__esModule) return mod;
+        var result = {};
+        if (mod != null) for (var k = ownKeys(mod), i = 0; i < k.length; i++) if (k[i] !== "default") __createBinding(result, mod, k[i]);
+        __setModuleDefault(result, mod);
+        return result;
+    };
+})();
+Object.defineProperty(exports, "__esModule", { value: true });
+exports.thing = thing;
+const me = __importStar(require("#dep"));
 me.thing();
-export function thing() { }
+function thing() { }

</message>
<stacktrace>
  at org.junit.Assert.fail(Assert.java:89)
  at kotlin.test.junit.JUnitAsserter.fail(JUnitSupport.kt:56)
  at kotlin.test.AssertionsKt__AssertionsKt.fail(Assertions.kt:563)
  at kotlin.test.AssertionsKt.fail(Unknown Source)
  at com.xemantic.kotlin.test.SameAsKt.sameAs(SameAs.kt:52)
  at com.xemantic.typescript.compiler.TypeScriptTestSupportKt.sameAs(TypeScriptTestSupport.kt:99)
  at com.xemantic.typescript.compiler.TypeScriptCompilerTests_N.nodeNextPackageImportMapRootDir_ts compiles to JavaScript matching nodeNextPackageImportMapRootDir_js(TypeScriptCompilerTests_N.kt:2366)
  at java.base/jdk.internal.reflect.DirectMethodHandleAccessor.invoke(DirectMethodHandleAccessor.java:104)
  at java.base/java.lang.reflect.Method.invoke(Method.java:565)
  at org.junit.runners.model.FrameworkMethod$1.runReflectiveCall(FrameworkMethod.java:59)
  at org.junit.internal.runners.model.ReflectiveCallable.run(ReflectiveCallable.java:12)
  at org.junit.runners.model.FrameworkMethod.invokeExplosively(FrameworkMethod.java:56)
  at org.junit.internal.runners.statements.InvokeMethod.evaluate(InvokeMethod.java:17)
  at org.junit.runners.ParentRunner$3.evaluate(ParentRunner.java:306)
  at org.junit.runners.BlockJUnit4ClassRunner$1.evaluate(BlockJUnit4ClassRunner.java:100)
  at org.junit.runners.ParentRunner.runLeaf(ParentRunner.java:366)
  at org.junit.runners.BlockJUnit4ClassRunner.runChild(BlockJUnit4ClassRunner.java:103)
  at org.junit.runners.BlockJUnit4ClassRunner.runChild(BlockJUnit4ClassRunner.java:63)
  at org.junit.runners.ParentRunner$4.run(ParentRunner.java:331)
  at org.junit.runners.ParentRunner$1.schedule(ParentRunner.java:79)
  at org.junit.runners.ParentRunner.runChildren(ParentRunner.java:329)
  at org.junit.runners.ParentRunner.access$100(ParentRunner.java:66)
  at org.junit.runners.ParentRunner$2.evaluate(ParentRunner.java:293)
  at org.junit.runners.ParentRunner$3.evaluate(ParentRunner.java:306)
  at org.junit.runners.ParentRunner.run(ParentRunner.java:413)
  at org.junit.runner.JUnitCore.run(JUnitCore.java:137)
  at org.junit.runner.JUnitCore.run(JUnitCore.java:115)
  at org.gradle.api.internal.tasks.testing.junit.JUnitTestExecutor.runRequest(JUnitTestExecutor.java:175)
  at org.gradle.api.internal.tasks.testing.junit.JUnitTestExecutor.accept(JUnitTestExecutor.java:84)
  at org.gradle.api.internal.tasks.testing.junit.JUnitTestExecutor.accept(JUnitTestExecutor.java:47)
  at org.gradle.api.internal.tasks.testing.junit.AbstractJUnitTestDefinitionProcessor.processTestDefinition(AbstractJUnitTestDefinitionProcessor.java:65)
  at org.gradle.api.internal.tasks.testing.SuiteTestDefinitionProcessor.processTestDefinition(SuiteTestDefinitionProcessor.java:54)
  at java.base/jdk.internal.reflect.DirectMethodHandleAccessor.invoke(DirectMethodHandleAccessor.java:104)
  at java.base/java.lang.reflect.Method.invoke(Method.java:565)
  at org.gradle.internal.dispatch.MethodInvocation.invokeOn(MethodInvocation.java:77)
  at org.gradle.internal.dispatch.ReflectionDispatch.dispatch(ReflectionDispatch.java:28)
  at org.gradle.internal.dispatch.ReflectionDispatch.dispatch(ReflectionDispatch.java:19)
  at org.gradle.internal.dispatch.ContextClassLoaderDispatch.dispatch(ContextClassLoaderDispatch.java:33)
  at org.gradle.internal.dispatch.ProxyDispatchAdapter$DispatchingInvocationHandler.invoke(ProxyDispatchAdapter.java:88)
  at jdk.proxy1/jdk.proxy1.$Proxy4.processTestDefinition(Unknown Source)
  at org.gradle.api.internal.tasks.testing.worker.TestWorker$2.run(TestWorker.java:178)
  at org.gradle.api.internal.tasks.testing.worker.TestWorker.executeAndMaintainThreadName(TestWorker.java:126)
  at org.gradle.api.internal.tasks.testing.worker.TestWorker.execute(TestWorker.java:103)
  at org.gradle.api.internal.tasks.testing.worker.TestWorker.execute(TestWorker.java:63)
  at org.gradle.process.internal.worker.child.ActionExecutionWorker.execute(ActionExecutionWorker.java:56)
  at org.gradle.process.internal.worker.child.SystemApplicationClassLoaderWorker.call(SystemApplicationClassLoaderWorker.java:122)
  at org.gradle.process.internal.worker.child.SystemApplicationClassLoaderWorker.call(SystemApplicationClassLoaderWorker.java:72)
  at worker.org.gradle.process.internal.worker.GradleWorkerMain.run(GradleWorkerMain.java:69)
  at worker.org.gradle.process.internal.worker.GradleWorkerMain.main(GradleWorkerMain.java:74)
</stacktrace>
</test-failure>


TypeScriptCompilerTests_N[jvm] > nodeNextPackageImportMapRootDir_ts compiles to JavaScript matching nodeNextPackageImportMapRootDir_js[jvm] FAILED

<test-failure test="com.xemantic.typescript.compiler.TypeScriptCompilerTests_N.noMappedGetSet_ts has expected errors matching noMappedGetSet_errors_txt" platform="jvm">
<message>
Expected diagnostics from baseline typescript-repo/tests/baselines/reference/noMappedGetSet.errors.txt but none produced
</message>
<stacktrace>
  at com.xemantic.typescript.compiler.TypeScriptTestSupportKt.errorsMatchBaseline(TypeScriptTestSupport.kt:125)
  at com.xemantic.typescript.compiler.TypeScriptCompilerTests_N.noMappedGetSet_ts has expected errors matching noMappedGetSet_errors_txt(TypeScriptCompilerTests_N.kt:2037)
  at java.base/jdk.internal.reflect.DirectMethodHandleAccessor.invoke(DirectMethodHandleAccessor.java:104)
  at java.base/java.lang.reflect.Method.invoke(Method.java:565)
  at org.junit.runners.model.FrameworkMethod$1.runReflectiveCall(FrameworkMethod.java:59)
  at org.junit.internal.runners.model.ReflectiveCallable.run(ReflectiveCallable.java:12)
  at org.junit.runners.model.FrameworkMethod.invokeExplosively(FrameworkMethod.java:56)
  at org.junit.internal.runners.statements.InvokeMethod.evaluate(InvokeMethod.java:17)
  at org.junit.runners.ParentRunner$3.evaluate(ParentRunner.java:306)
  at org.junit.runners.BlockJUnit4ClassRunner$1.evaluate(BlockJUnit4ClassRunner.java:100)
  at org.junit.runners.ParentRunner.runLeaf(ParentRunner.java:366)
  at org.junit.runners.BlockJUnit4ClassRunner.runChild(BlockJUnit4ClassRunner.java:103)
  at org.junit.runners.BlockJUnit4ClassRunner.runChild(BlockJUnit4ClassRunner.java:63)
  at org.junit.runners.ParentRunner$4.run(ParentRunner.java:331)
  at org.junit.runners.ParentRunner$1.schedule(ParentRunner.java:79)
  at org.junit.runners.ParentRunner.runChildren(ParentRunner.java:329)
  at org.junit.runners.ParentRunner.access$100(ParentRunner.java:66)
  at org.junit.runners.ParentRunner$2.evaluate(ParentRunner.java:293)
  at org.junit.runners.ParentRunner$3.evaluate(ParentRunner.java:306)
  at org.junit.runners.ParentRunner.run(ParentRunner.java:413)
  at org.junit.runner.JUnitCore.run(JUnitCore.java:137)
  at org.junit.runner.JUnitCore.run(JUnitCore.java:115)
  at org.gradle.api.internal.tasks.testing.junit.JUnitTestExecutor.runRequest(JUnitTestExecutor.java:175)
  at org.gradle.api.internal.tasks.testing.junit.JUnitTestExecutor.accept(JUnitTestExecutor.java:84)
  at org.gradle.api.internal.tasks.testing.junit.JUnitTestExecutor.accept(JUnitTestExecutor.java:47)
  at org.gradle.api.internal.tasks.testing.junit.AbstractJUnitTestDefinitionProcessor.processTestDefinition(AbstractJUnitTestDefinitionProcessor.java:65)
  at org.gradle.api.internal.tasks.testing.SuiteTestDefinitionProcessor.processTestDefinition(SuiteTestDefinitionProcessor.java:54)
  at java.base/jdk.internal.reflect.DirectMethodHandleAccessor.invoke(DirectMethodHandleAccessor.java:104)
  at java.base/java.lang.reflect.Method.invoke(Method.java:565)
  at org.gradle.internal.dispatch.MethodInvocation.invokeOn(MethodInvocation.java:77)
  at org.gradle.internal.dispatch.ReflectionDispatch.dispatch(ReflectionDispatch.java:28)
  at org.gradle.internal.dispatch.ReflectionDispatch.dispatch(ReflectionDispatch.java:19)
  at org.gradle.internal.dispatch.ContextClassLoaderDispatch.dispatch(ContextClassLoaderDispatch.java:33)
  at org.gradle.internal.dispatch.ProxyDispatchAdapter$DispatchingInvocationHandler.invoke(ProxyDispatchAdapter.java:88)
  at jdk.proxy1/jdk.proxy1.$Proxy4.processTestDefinition(Unknown Source)
  at org.gradle.api.internal.tasks.testing.worker.TestWorker$2.run(TestWorker.java:178)
  at org.gradle.api.internal.tasks.testing.worker.TestWorker.executeAndMaintainThreadName(TestWorker.java:126)
  at org.gradle.api.internal.tasks.testing.worker.TestWorker.execute(TestWorker.java:103)
  at org.gradle.api.internal.tasks.testing.worker.TestWorker.execute(TestWorker.java:63)
  at org.gradle.process.internal.worker.child.ActionExecutionWorker.execute(ActionExecutionWorker.java:56)
  at org.gradle.process.internal.worker.child.SystemApplicationClassLoaderWorker.call(SystemApplicationClassLoaderWorker.java:122)
  at org.gradle.process.internal.worker.child.SystemApplicationClassLoaderWorker.call(SystemApplicationClassLoaderWorker.java:72)
  at worker.org.gradle.process.internal.worker.GradleWorkerMain.run(GradleWorkerMain.java:69)
  at worker.org.gradle.process.internal.worker.GradleWorkerMain.main(GradleWorkerMain.java:74)
</stacktrace>
</test-failure>


TypeScriptCompilerTests_N[jvm] > noMappedGetSet_ts has expected errors matching noMappedGetSet_errors_txt[jvm] FAILED

<test-failure test="com.xemantic.typescript.compiler.TypeScriptCompilerTests_N.nodeNextPackageSelfNameWithOutDirDeclDirNestedDirs_ts compiles to JavaScript matching nodeNextPackageSelfNameWithOutDirDeclDirNestedDirs_js" platform="jvm">
<message>
--- expected
+++ actual
@@ -29,7 +29,49 @@
 
 
 
+//// [index.js]
+"use strict";
+Object.defineProperty(exports, "__esModule", { value: true });
+exports.thing = void 0;
+var thing_js_1 = require("./src/thing.js");
+Object.defineProperty(exports, "thing", { enumerable: true, get: function () { return thing_js_1.srcthing; } });
 //// [thing.js]
+"use strict";
+var __createBinding = (this && this.__createBinding) || (Object.create ? (function(o, m, k, k2) {
+    if (k2 === undefined) k2 = k;
+    var desc = Object.getOwnPropertyDescriptor(m, k);
+    if (!desc || ("get" in desc ? !m.__esModule : desc.writable || desc.configurable)) {
+      desc = { enumerable: true, get: function() { return m[k]; } };
+    }
+    Object.defineProperty(o, k2, desc);
+}) : (function(o, m, k, k2) {
+    if (k2 === undefined) k2 = k;
+    o[k2] = m[k];
+}));
+var __setModuleDefault = (this && this.__setModuleDefault) || (Object.create ? (function(o, v) {
+    Object.defineProperty(o, "default", { enumerable: true, value: v });
+}) : function(o, v) {
+    o["default"] = v;
+});
+var __importStar = (this && this.__importStar) || (function () {
+    var ownKeys = function(o) {
+        ownKeys = Object.getOwnPropertyNames || function (o) {
+            var ar = [];
+            for (var k in o) if (Object.prototype.hasOwnProperty.call(o, k)) ar[ar.length] = k;
+            return ar;
+        };
+        return ownKeys(o);
+    };
+    return function (mod) {
+        if (mod && mod.__esModule) return mod;
+        var result = {};
+        if (mod != null) for (var k = ownKeys(mod), i = 0; i < k.length; i++) if (k[i] !== "default") __createBinding(result, mod, k[i]);
+        __setModuleDefault(result, mod);
+        return result;
+    };
+})();
+Object.defineProperty(exports, "__esModule", { value: true });
+exports.srcthing = srcthing;
 // The following import should cause `index.ts`
 // to be included in the build, which will,
 // in turn, cause the common src directory to not be `src`
@@ -37,8 +79,6 @@
 // this file get loaded as an entrypoint and emitted, while on the
 // real command-line we'll crawl the imports for that set - a limitation
 // of the harness, I suppose)
-import * as me from "@this/package";
+const me = __importStar(require("@this/package"));
 me.thing();
-export function srcthing() { }
-//// [index.js]
-export { srcthing as thing } from "./src/thing.js";
+function srcthing() { }

</message>
<stacktrace>
  at org.junit.Assert.fail(Assert.java:89)
  at kotlin.test.junit.JUnitAsserter.fail(JUnitSupport.kt:56)
  at kotlin.test.AssertionsKt__AssertionsKt.fail(Assertions.kt:563)
  at kotlin.test.AssertionsKt.fail(Unknown Source)
  at com.xemantic.kotlin.test.SameAsKt.sameAs(SameAs.kt:52)
  at com.xemantic.typescript.compiler.TypeScriptTestSupportKt.sameAs(TypeScriptTestSupport.kt:99)
  at com.xemantic.typescript.compiler.TypeScriptCompilerTests_N.nodeNextPackageSelfNameWithOutDirDeclDirNestedDirs_ts compiles to JavaScript matching nodeNextPackageSelfNameWithOutDirDeclDirNestedDirs_js(TypeScriptCompilerTests_N.kt:2415)
  at java.base/jdk.internal.reflect.DirectMethodHandleAccessor.invoke(DirectMethodHandleAccessor.java:104)
  at java.base/java.lang.reflect.Method.invoke(Method.java:565)
  at org.junit.runners.model.FrameworkMethod$1.runReflectiveCall(FrameworkMethod.java:59)
  at org.junit.internal.runners.model.ReflectiveCallable.run(ReflectiveCallable.java:12)
  at org.junit.runners.model.FrameworkMethod.invokeExplosively(FrameworkMethod.java:56)
  at org.junit.internal.runners.statements.InvokeMethod.evaluate(InvokeMethod.java:17)
  at org.junit.runners.ParentRunner$3.evaluate(ParentRunner.java:306)
  at org.junit.runners.BlockJUnit4ClassRunner$1.evaluate(BlockJUnit4ClassRunner.java:100)
  at org.junit.runners.ParentRunner.runLeaf(ParentRunner.java:366)
  at org.junit.runners.BlockJUnit4ClassRunner.runChild(BlockJUnit4ClassRunner.java:103)
  at org.junit.runners.BlockJUnit4ClassRunner.runChild(BlockJUnit4ClassRunner.java:63)
  at org.junit.runners.ParentRunner$4.run(ParentRunner.java:331)
  at org.junit.runners.ParentRunner$1.schedule(ParentRunner.java:79)
  at org.junit.runners.ParentRunner.runChildren(ParentRunner.java:329)
  at org.junit.runners.ParentRunner.access$100(ParentRunner.java:66)
  at org.junit.runners.ParentRunner$2.evaluate(ParentRunner.java:293)
  at org.junit.runners.ParentRunner$3.evaluate(ParentRunner.java:306)
  at org.junit.runners.ParentRunner.run(ParentRunner.java:413)
  at org.junit.runner.JUnitCore.run(JUnitCore.java:137)
  at org.junit.runner.JUnitCore.run(JUnitCore.java:115)
  at org.gradle.api.internal.tasks.testing.junit.JUnitTestExecutor.runRequest(JUnitTestExecutor.java:175)
  at org.gradle.api.internal.tasks.testing.junit.JUnitTestExecutor.accept(JUnitTestExecutor.java:84)
  at org.gradle.api.internal.tasks.testing.junit.JUnitTestExecutor.accept(JUnitTestExecutor.java:47)
  at org.gradle.api.internal.tasks.testing.junit.AbstractJUnitTestDefinitionProcessor.processTestDefinition(AbstractJUnitTestDefinitionProcessor.java:65)
  at org.gradle.api.internal.tasks.testing.SuiteTestDefinitionProcessor.processTestDefinition(SuiteTestDefinitionProcessor.java:54)
  at java.base/jdk.internal.reflect.DirectMethodHandleAccessor.invoke(DirectMethodHandleAccessor.java:104)
  at java.base/java.lang.reflect.Method.invoke(Method.java:565)
  at org.gradle.internal.dispatch.MethodInvocation.invokeOn(MethodInvocation.java:77)
  at org.gradle.internal.dispatch.ReflectionDispatch.dispatch(ReflectionDispatch.java:28)
  at org.gradle.internal.dispatch.ReflectionDispatch.dispatch(ReflectionDispatch.java:19)
  at org.gradle.internal.dispatch.ContextClassLoaderDispatch.dispatch(ContextClassLoaderDispatch.java:33)
  at org.gradle.internal.dispatch.ProxyDispatchAdapter$DispatchingInvocationHandler.invoke(ProxyDispatchAdapter.java:88)
  at jdk.proxy1/jdk.proxy1.$Proxy4.processTestDefinition(Unknown Source)
  at org.gradle.api.internal.tasks.testing.worker.TestWorker$2.run(TestWorker.java:178)
  at org.gradle.api.internal.tasks.testing.worker.TestWorker.executeAndMaintainThreadName(TestWorker.java:126)
  at org.gradle.api.internal.tasks.testing.worker.TestWorker.execute(TestWorker.java:103)
  at org.gradle.api.internal.tasks.testing.worker.TestWorker.execute(TestWorker.java:63)
  at org.gradle.process.internal.worker.child.ActionExecutionWorker.execute(ActionExecutionWorker.java:56)
  at org.gradle.process.internal.worker.child.SystemApplicationClassLoaderWorker.call(SystemApplicationClassLoaderWorker.java:122)
  at org.gradle.process.internal.worker.child.SystemApplicationClassLoaderWorker.call(SystemApplicationClassLoaderWorker.java:72)
  at worker.org.gradle.process.internal.worker.GradleWorkerMain.run(GradleWorkerMain.java:69)
  at worker.org.gradle.process.internal.worker.GradleWorkerMain.main(GradleWorkerMain.java:74)
</stacktrace>
</test-failure>


TypeScriptCompilerTests_N[jvm] > nodeNextPackageSelfNameWithOutDirDeclDirNestedDirs_ts compiles to JavaScript matching nodeNextPackageSelfNameWithOutDirDeclDirNestedDirs_js[jvm] FAILED

<test-failure test="com.xemantic.typescript.compiler.TypeScriptCompilerTests_N.noParameterReassignmentJSIIFE_ts has expected errors matching noParameterReassignmentJSIIFE_errors_txt" platform="jvm">
<message>
--- expected
+++ actual
@@ -1,13 +1,11 @@
-index.js(3,42): error TS2345: Argument of type 'IArguments' is not assignable to parameter of type 'string[]'.
-  Type 'IArguments' is missing the following properties from type 'string[]': pop, push, concat, join, and 23 more.
+index.js(5,4): error TS2304: Cannot find name 'importScripts'.
 
 
 ==== index.js (1 errors) ====
     self.importScripts = (function (importScripts) {
         return function () {
             return importScripts.apply(this, arguments);
-                                             ~~~~~~~~~
-!!! error TS2345: Argument of type 'IArguments' is not assignable to parameter of type 'string[]'.
-!!! error TS2345:   Type 'IArguments' is missing the following properties from type 'string[]': pop, push, concat, join, and 23 more.
         };
     })(importScripts);
+       ~~~~~~~~~~~~~
+!!! error TS2304: Cannot find name 'importScripts'.

</message>
<stacktrace>
  at org.junit.Assert.fail(Assert.java:89)
  at kotlin.test.junit.JUnitAsserter.fail(JUnitSupport.kt:56)
  at kotlin.test.AssertionsKt__AssertionsKt.fail(Assertions.kt:563)
  at kotlin.test.AssertionsKt.fail(Unknown Source)
  at com.xemantic.kotlin.test.SameAsKt.sameAs(SameAs.kt:52)
  at com.xemantic.typescript.compiler.TypeScriptTestSupportKt.errorsMatchBaseline(TypeScriptTestSupport.kt:135)
  at com.xemantic.typescript.compiler.TypeScriptCompilerTests_N.noParameterReassignmentJSIIFE_ts has expected errors matching noParameterReassignmentJSIIFE_errors_txt(TypeScriptCompilerTests_N.kt:2058)
  at java.base/jdk.internal.reflect.DirectMethodHandleAccessor.invoke(DirectMethodHandleAccessor.java:104)
  at java.base/java.lang.reflect.Method.invoke(Method.java:565)
  at org.junit.runners.model.FrameworkMethod$1.runReflectiveCall(FrameworkMethod.java:59)
  at org.junit.internal.runners.model.ReflectiveCallable.run(ReflectiveCallable.java:12)
  at org.junit.runners.model.FrameworkMethod.invokeExplosively(FrameworkMethod.java:56)
  at org.junit.internal.runners.statements.InvokeMethod.evaluate(InvokeMethod.java:17)
  at org.junit.runners.ParentRunner$3.evaluate(ParentRunner.java:306)
  at org.junit.runners.BlockJUnit4ClassRunner$1.evaluate(BlockJUnit4ClassRunner.java:100)
  at org.junit.runners.ParentRunner.runLeaf(ParentRunner.java:366)
  at org.junit.runners.BlockJUnit4ClassRunner.runChild(BlockJUnit4ClassRunner.java:103)
  at org.junit.runners.BlockJUnit4ClassRunner.runChild(BlockJUnit4ClassRunner.java:63)
  at org.junit.runners.ParentRunner$4.run(ParentRunner.java:331)
  at org.junit.runners.ParentRunner$1.schedule(ParentRunner.java:79)
  at org.junit.runners.ParentRunner.runChildren(ParentRunner.java:329)
  at org.junit.runners.ParentRunner.access$100(ParentRunner.java:66)
  at org.junit.runners.ParentRunner$2.evaluate(ParentRunner.java:293)
  at org.junit.runners.ParentRunner$3.evaluate(ParentRunner.java:306)
  at org.junit.runners.ParentRunner.run(ParentRunner.java:413)
  at org.junit.runner.JUnitCore.run(JUnitCore.java:137)
  at org.junit.runner.JUnitCore.run(JUnitCore.java:115)
  at org.gradle.api.internal.tasks.testing.junit.JUnitTestExecutor.runRequest(JUnitTestExecutor.java:175)
  at org.gradle.api.internal.tasks.testing.junit.JUnitTestExecutor.accept(JUnitTestExecutor.java:84)
  at org.gradle.api.internal.tasks.testing.junit.JUnitTestExecutor.accept(JUnitTestExecutor.java:47)
  at org.gradle.api.internal.tasks.testing.junit.AbstractJUnitTestDefinitionProcessor.processTestDefinition(AbstractJUnitTestDefinitionProcessor.java:65)
  at org.gradle.api.internal.tasks.testing.SuiteTestDefinitionProcessor.processTestDefinition(SuiteTestDefinitionProcessor.java:54)
  at java.base/jdk.internal.reflect.DirectMethodHandleAccessor.invoke(DirectMethodHandleAccessor.java:104)
  at java.base/java.lang.reflect.Method.invoke(Method.java:565)
  at org.gradle.internal.dispatch.MethodInvocation.invokeOn(MethodInvocation.java:77)
  at org.gradle.internal.dispatch.ReflectionDispatch.dispatch(ReflectionDispatch.java:28)
  at org.gradle.internal.dispatch.ReflectionDispatch.dispatch(ReflectionDispatch.java:19)
  at org.gradle.internal.dispatch.ContextClassLoaderDispatch.dispatch(ContextClassLoaderDispatch.java:33)
  at org.gradle.internal.dispatch.ProxyDispatchAdapter$DispatchingInvocationHandler.invoke(ProxyDispatchAdapter.java:88)
  at jdk.proxy1/jdk.proxy1.$Proxy4.processTestDefinition(Unknown Source)
  at org.gradle.api.internal.tasks.testing.worker.TestWorker$2.run(TestWorker.java:178)
  at org.gradle.api.internal.tasks.testing.worker.TestWorker.executeAndMaintainThreadName(TestWorker.java:126)
  at org.gradle.api.internal.tasks.testing.worker.TestWorker.execute(TestWorker.java:103)
  at org.gradle.api.internal.tasks.testing.worker.TestWorker.execute(TestWorker.java:63)
  at org.gradle.process.internal.worker.child.ActionExecutionWorker.execute(ActionExecutionWorker.java:56)
  at org.gradle.process.internal.worker.child.SystemApplicationClassLoaderWorker.call(SystemApplicationClassLoaderWorker.java:122)
  at org.gradle.process.internal.worker.child.SystemApplicationClassLoaderWorker.call(SystemApplicationClassLoaderWorker.java:72)
  at worker.org.gradle.process.internal.worker.GradleWorkerMain.run(GradleWorkerMain.java:69)
  at worker.org.gradle.process.internal.worker.GradleWorkerMain.main(GradleWorkerMain.java:74)
</stacktrace>
</test-failure>


TypeScriptCompilerTests_N[jvm] > noParameterReassignmentJSIIFE_ts has expected errors matching noParameterReassignmentJSIIFE_errors_txt[jvm] FAILED

<test-failure test="com.xemantic.typescript.compiler.TypeScriptCompilerTests_N.namespaceNotMergedWithFunctionDefaultExport_ts has expected errors matching namespaceNotMergedWithFunctionDefaultExport_errors_txt" platform="jvm">
<message>
Expected diagnostics from baseline typescript-repo/tests/baselines/reference/namespaceNotMergedWithFunctionDefaultExport.errors.txt but none produced
</message>
<stacktrace>
  at com.xemantic.typescript.compiler.TypeScriptTestSupportKt.errorsMatchBaseline(TypeScriptTestSupport.kt:125)
  at com.xemantic.typescript.compiler.TypeScriptCompilerTests_N.namespaceNotMergedWithFunctionDefaultExport_ts has expected errors matching namespaceNotMergedWithFunctionDefaultExport_errors_txt(TypeScriptCompilerTests_N.kt:133)
  at java.base/jdk.internal.reflect.DirectMethodHandleAccessor.invoke(DirectMethodHandleAccessor.java:104)
  at java.base/java.lang.reflect.Method.invoke(Method.java:565)
  at org.junit.runners.model.FrameworkMethod$1.runReflectiveCall(FrameworkMethod.java:59)
  at org.junit.internal.runners.model.ReflectiveCallable.run(ReflectiveCallable.java:12)
  at org.junit.runners.model.FrameworkMethod.invokeExplosively(FrameworkMethod.java:56)
  at org.junit.internal.runners.statements.InvokeMethod.evaluate(InvokeMethod.java:17)
  at org.junit.runners.ParentRunner$3.evaluate(ParentRunner.java:306)
  at org.junit.runners.BlockJUnit4ClassRunner$1.evaluate(BlockJUnit4ClassRunner.java:100)
  at org.junit.runners.ParentRunner.runLeaf(ParentRunner.java:366)
  at org.junit.runners.BlockJUnit4ClassRunner.runChild(BlockJUnit4ClassRunner.java:103)
  at org.junit.runners.BlockJUnit4ClassRunner.runChild(BlockJUnit4ClassRunner.java:63)
  at org.junit.runners.ParentRunner$4.run(ParentRunner.java:331)
  at org.junit.runners.ParentRunner$1.schedule(ParentRunner.java:79)
  at org.junit.runners.ParentRunner.runChildren(ParentRunner.java:329)
  at org.junit.runners.ParentRunner.access$100(ParentRunner.java:66)
  at org.junit.runners.ParentRunner$2.evaluate(ParentRunner.java:293)
  at org.junit.runners.ParentRunner$3.evaluate(ParentRunner.java:306)
  at org.junit.runners.ParentRunner.run(ParentRunner.java:413)
  at org.junit.runner.JUnitCore.run(JUnitCore.java:137)
  at org.junit.runner.JUnitCore.run(JUnitCore.java:115)
  at org.gradle.api.internal.tasks.testing.junit.JUnitTestExecutor.runRequest(JUnitTestExecutor.java:175)
  at org.gradle.api.internal.tasks.testing.junit.JUnitTestExecutor.accept(JUnitTestExecutor.java:84)
  at org.gradle.api.internal.tasks.testing.junit.JUnitTestExecutor.accept(JUnitTestExecutor.java:47)
  at org.gradle.api.internal.tasks.testing.junit.AbstractJUnitTestDefinitionProcessor.processTestDefinition(AbstractJUnitTestDefinitionProcessor.java:65)
  at org.gradle.api.internal.tasks.testing.SuiteTestDefinitionProcessor.processTestDefinition(SuiteTestDefinitionProcessor.java:54)
  at java.base/jdk.internal.reflect.DirectMethodHandleAccessor.invoke(DirectMethodHandleAccessor.java:104)
  at java.base/java.lang.reflect.Method.invoke(Method.java:565)
  at org.gradle.internal.dispatch.MethodInvocation.invokeOn(MethodInvocation.java:77)
  at org.gradle.internal.dispatch.ReflectionDispatch.dispatch(ReflectionDispatch.java:28)
  at org.gradle.internal.dispatch.ReflectionDispatch.dispatch(ReflectionDispatch.java:19)
  at org.gradle.internal.dispatch.ContextClassLoaderDispatch.dispatch(ContextClassLoaderDispatch.java:33)
  at org.gradle.internal.dispatch.ProxyDispatchAdapter$DispatchingInvocationHandler.invoke(ProxyDispatchAdapter.java:88)
  at jdk.proxy1/jdk.proxy1.$Proxy4.processTestDefinition(Unknown Source)
  at org.gradle.api.internal.tasks.testing.worker.TestWorker$2.run(TestWorker.java:178)
  at org.gradle.api.internal.tasks.testing.worker.TestWorker.executeAndMaintainThreadName(TestWorker.java:126)
  at org.gradle.api.internal.tasks.testing.worker.TestWorker.execute(TestWorker.java:103)
  at org.gradle.api.internal.tasks.testing.worker.TestWorker.execute(TestWorker.java:63)
  at org.gradle.process.internal.worker.child.ActionExecutionWorker.execute(ActionExecutionWorker.java:56)
  at org.gradle.process.internal.worker.child.SystemApplicationClassLoaderWorker.call(SystemApplicationClassLoaderWorker.java:122)
  at org.gradle.process.internal.worker.child.SystemApplicationClassLoaderWorker.call(SystemApplicationClassLoaderWorker.java:72)
  at worker.org.gradle.process.internal.worker.GradleWorkerMain.run(GradleWorkerMain.java:69)
  at worker.org.gradle.process.internal.worker.GradleWorkerMain.main(GradleWorkerMain.java:74)
</stacktrace>
</test-failure>


TypeScriptCompilerTests_N[jvm] > namespaceNotMergedWithFunctionDefaultExport_ts has expected errors matching namespaceNotMergedWithFunctionDefaultExport_errors_txt[jvm] FAILED

<test-failure test="com.xemantic.typescript.compiler.TypeScriptCompilerTests_N.namespaceDisambiguationInUnion_ts has expected errors matching namespaceDisambiguationInUnion_errors_txt" platform="jvm">
<message>
Expected diagnostics from baseline typescript-repo/tests/baselines/reference/namespaceDisambiguationInUnion.errors.txt but none produced
</message>
<stacktrace>
  at com.xemantic.typescript.compiler.TypeScriptTestSupportKt.errorsMatchBaseline(TypeScriptTestSupport.kt:125)
  at com.xemantic.typescript.compiler.TypeScriptCompilerTests_N.namespaceDisambiguationInUnion_ts has expected errors matching namespaceDisambiguationInUnion_errors_txt(TypeScriptCompilerTests_N.kt:98)
  at java.base/jdk.internal.reflect.DirectMethodHandleAccessor.invoke(DirectMethodHandleAccessor.java:104)
  at java.base/java.lang.reflect.Method.invoke(Method.java:565)
  at org.junit.runners.model.FrameworkMethod$1.runReflectiveCall(FrameworkMethod.java:59)
  at org.junit.internal.runners.model.ReflectiveCallable.run(ReflectiveCallable.java:12)
  at org.junit.runners.model.FrameworkMethod.invokeExplosively(FrameworkMethod.java:56)
  at org.junit.internal.runners.statements.InvokeMethod.evaluate(InvokeMethod.java:17)
  at org.junit.runners.ParentRunner$3.evaluate(ParentRunner.java:306)
  at org.junit.runners.BlockJUnit4ClassRunner$1.evaluate(BlockJUnit4ClassRunner.java:100)
  at org.junit.runners.ParentRunner.runLeaf(ParentRunner.java:366)
  at org.junit.runners.BlockJUnit4ClassRunner.runChild(BlockJUnit4ClassRunner.java:103)
  at org.junit.runners.BlockJUnit4ClassRunner.runChild(BlockJUnit4ClassRunner.java:63)
  at org.junit.runners.ParentRunner$4.run(ParentRunner.java:331)
  at org.junit.runners.ParentRunner$1.schedule(ParentRunner.java:79)
  at org.junit.runners.ParentRunner.runChildren(ParentRunner.java:329)
  at org.junit.runners.ParentRunner.access$100(ParentRunner.java:66)
  at org.junit.runners.ParentRunner$2.evaluate(ParentRunner.java:293)
  at org.junit.runners.ParentRunner$3.evaluate(ParentRunner.java:306)
  at org.junit.runners.ParentRunner.run(ParentRunner.java:413)
  at org.junit.runner.JUnitCore.run(JUnitCore.java:137)
  at org.junit.runner.JUnitCore.run(JUnitCore.java:115)
  at org.gradle.api.internal.tasks.testing.junit.JUnitTestExecutor.runRequest(JUnitTestExecutor.java:175)
  at org.gradle.api.internal.tasks.testing.junit.JUnitTestExecutor.accept(JUnitTestExecutor.java:84)
  at org.gradle.api.internal.tasks.testing.junit.JUnitTestExecutor.accept(JUnitTestExecutor.java:47)
  at org.gradle.api.internal.tasks.testing.junit.AbstractJUnitTestDefinitionProcessor.processTestDefinition(AbstractJUnitTestDefinitionProcessor.java:65)
  at org.gradle.api.internal.tasks.testing.SuiteTestDefinitionProcessor.processTestDefinition(SuiteTestDefinitionProcessor.java:54)
  at java.base/jdk.internal.reflect.DirectMethodHandleAccessor.invoke(DirectMethodHandleAccessor.java:104)
  at java.base/java.lang.reflect.Method.invoke(Method.java:565)
  at org.gradle.internal.dispatch.MethodInvocation.invokeOn(MethodInvocation.java:77)
  at org.gradle.internal.dispatch.ReflectionDispatch.dispatch(ReflectionDispatch.java:28)
  at org.gradle.internal.dispatch.ReflectionDispatch.dispatch(ReflectionDispatch.java:19)
  at org.gradle.internal.dispatch.ContextClassLoaderDispatch.dispatch(ContextClassLoaderDispatch.java:33)
  at org.gradle.internal.dispatch.ProxyDispatchAdapter$DispatchingInvocationHandler.invoke(ProxyDispatchAdapter.java:88)
  at jdk.proxy1/jdk.proxy1.$Proxy4.processTestDefinition(Unknown Source)
  at org.gradle.api.internal.tasks.testing.worker.TestWorker$2.run(TestWorker.java:178)
  at org.gradle.api.internal.tasks.testing.worker.TestWorker.executeAndMaintainThreadName(TestWorker.java:126)
  at org.gradle.api.internal.tasks.testing.worker.TestWorker.execute(TestWorker.java:103)
  at org.gradle.api.internal.tasks.testing.worker.TestWorker.execute(TestWorker.java:63)
  at org.gradle.process.internal.worker.child.ActionExecutionWorker.execute(ActionExecutionWorker.java:56)
  at org.gradle.process.internal.worker.child.SystemApplicationClassLoaderWorker.call(SystemApplicationClassLoaderWorker.java:122)
  at org.gradle.process.internal.worker.child.SystemApplicationClassLoaderWorker.call(SystemApplicationClassLoaderWorker.java:72)
  at worker.org.gradle.process.internal.worker.GradleWorkerMain.run(GradleWorkerMain.java:69)
  at worker.org.gradle.process.internal.worker.GradleWorkerMain.main(GradleWorkerMain.java:74)
</stacktrace>
</test-failure>


TypeScriptCompilerTests_N[jvm] > namespaceDisambiguationInUnion_ts has expected errors matching namespaceDisambiguationInUnion_errors_txt[jvm] FAILED

<test-failure test="com.xemantic.typescript.compiler.TypeScriptCompilerTests_N.noImplicitAnyNamelessParameter_ts has expected errors matching noImplicitAnyNamelessParameter_errors_txt" platform="jvm">
<message>
--- expected
+++ actual
@@ -1,36 +1,15 @@
-noImplicitAnyNamelessParameter.ts(2,20): error TS7051: Parameter has a name but no type. Did you mean 'arg0: string[]'?
-noImplicitAnyNamelessParameter.ts(3,17): error TS7051: Parameter has a name but no type. Did you mean 'arg0: string'?
-noImplicitAnyNamelessParameter.ts(3,25): error TS7051: Parameter has a name but no type. Did you mean 'arg1: C'?
-noImplicitAnyNamelessParameter.ts(4,19): error TS7051: Parameter has a name but no type. Did you mean 'arg0: C'?
-noImplicitAnyNamelessParameter.ts(4,22): error TS7051: Parameter has a name but no type. Did you mean 'arg1: number'?
-noImplicitAnyNamelessParameter.ts(5,20): error TS7051: Parameter has a name but no type. Did you mean 'arg0: boolean'?
-noImplicitAnyNamelessParameter.ts(5,29): error TS7051: Parameter has a name but no type. Did you mean 'arg1: C'?
-noImplicitAnyNamelessParameter.ts(5,32): error TS7051: Parameter has a name but no type. Did you mean 'arg2: object'?
-noImplicitAnyNamelessParameter.ts(5,40): error TS7051: Parameter has a name but no type. Did you mean 'arg3: undefined'?
+noImplicitAnyNamelessParameter.ts(3,17): error TS7006: Parameter 'string' implicitly has an 'any' type.
+noImplicitAnyNamelessParameter.ts(3,25): error TS7006: Parameter 'C' implicitly has an 'any' type.
 
 
-==== noImplicitAnyNamelessParameter.ts (9 errors) ====
+==== noImplicitAnyNamelessParameter.ts (2 errors) ====
     class C { }
     declare var a: { m(...string): void }
-                       ~~~~~~~~~
-!!! error TS7051: Parameter has a name but no type. Did you mean 'arg0: string[]'?
     declare var b: (string, C) => void;
                     ~~~~~~
-!!! error TS7051: Parameter has a name but no type. Did you mean 'arg0: string'?
+!!! error TS7006: Parameter 'string' implicitly has an 'any' type.
                             ~
-!!! error TS7051: Parameter has a name but no type. Did you mean 'arg1: C'?
+!!! error TS7006: Parameter 'C' implicitly has an 'any' type.
     declare var c: { (C, number): void };
-                      ~
-!!! error TS7051: Parameter has a name but no type. Did you mean 'arg0: C'?
-                         ~~~~~~
-!!! error TS7051: Parameter has a name but no type. Did you mean 'arg1: number'?
     declare var d: { m(boolean, C, object, undefined): void }
-                       ~~~~~~~
-!!! error TS7051: Parameter has a name but no type. Did you mean 'arg0: boolean'?
-                                ~
-!!! error TS7051: Parameter has a name but no type. Did you mean 'arg1: C'?
-                                   ~~~~~~
-!!! error TS7051: Parameter has a name but no type. Did you mean 'arg2: object'?
-                                           ~~~~~~~~~
-!!! error TS7051: Parameter has a name but no type. Did you mean 'arg3: undefined'?
     // note: null and void do not parse correctly without a preceding parameter name

</message>
<stacktrace>
  at org.junit.Assert.fail(Assert.java:89)
  at kotlin.test.junit.JUnitAsserter.fail(JUnitSupport.kt:56)
  at kotlin.test.AssertionsKt__AssertionsKt.fail(Assertions.kt:563)
  at kotlin.test.AssertionsKt.fail(Unknown Source)
  at com.xemantic.kotlin.test.SameAsKt.sameAs(SameAs.kt:52)
  at com.xemantic.typescript.compiler.TypeScriptTestSupportKt.errorsMatchBaseline(TypeScriptTestSupport.kt:135)
  at com.xemantic.typescript.compiler.TypeScriptCompilerTests_N.noImplicitAnyNamelessParameter_ts has expected errors matching noImplicitAnyNamelessParameter_errors_txt(TypeScriptCompilerTests_N.kt:1666)
  at java.base/jdk.internal.reflect.DirectMethodHandleAccessor.invoke(DirectMethodHandleAccessor.java:104)
  at java.base/java.lang.reflect.Method.invoke(Method.java:565)
  at org.junit.runners.model.FrameworkMethod$1.runReflectiveCall(FrameworkMethod.java:59)
  at org.junit.internal.runners.model.ReflectiveCallable.run(ReflectiveCallable.java:12)
  at org.junit.runners.model.FrameworkMethod.invokeExplosively(FrameworkMethod.java:56)
  at org.junit.internal.runners.statements.InvokeMethod.evaluate(InvokeMethod.java:17)
  at org.junit.runners.ParentRunner$3.evaluate(ParentRunner.java:306)
  at org.junit.runners.BlockJUnit4ClassRunner$1.evaluate(BlockJUnit4ClassRunner.java:100)
  at org.junit.runners.ParentRunner.runLeaf(ParentRunner.java:366)
  at org.junit.runners.BlockJUnit4ClassRunner.runChild(BlockJUnit4ClassRunner.java:103)
  at org.junit.runners.BlockJUnit4ClassRunner.runChild(BlockJUnit4ClassRunner.java:63)
  at org.junit.runners.ParentRunner$4.run(ParentRunner.java:331)
  at org.junit.runners.ParentRunner$1.schedule(ParentRunner.java:79)
  at org.junit.runners.ParentRunner.runChildren(ParentRunner.java:329)
  at org.junit.runners.ParentRunner.access$100(ParentRunner.java:66)
  at org.junit.runners.ParentRunner$2.evaluate(ParentRunner.java:293)
  at org.junit.runners.ParentRunner$3.evaluate(ParentRunner.java:306)
  at org.junit.runners.ParentRunner.run(ParentRunner.java:413)
  at org.junit.runner.JUnitCore.run(JUnitCore.java:137)
  at org.junit.runner.JUnitCore.run(JUnitCore.java:115)
  at org.gradle.api.internal.tasks.testing.junit.JUnitTestExecutor.runRequest(JUnitTestExecutor.java:175)
  at org.gradle.api.internal.tasks.testing.junit.JUnitTestExecutor.accept(JUnitTestExecutor.java:84)
  at org.gradle.api.internal.tasks.testing.junit.JUnitTestExecutor.accept(JUnitTestExecutor.java:47)
  at org.gradle.api.internal.tasks.testing.junit.AbstractJUnitTestDefinitionProcessor.processTestDefinition(AbstractJUnitTestDefinitionProcessor.java:65)
  at org.gradle.api.internal.tasks.testing.SuiteTestDefinitionProcessor.processTestDefinition(SuiteTestDefinitionProcessor.java:54)
  at java.base/jdk.internal.reflect.DirectMethodHandleAccessor.invoke(DirectMethodHandleAccessor.java:104)
  at java.base/java.lang.reflect.Method.invoke(Method.java:565)
  at org.gradle.internal.dispatch.MethodInvocation.invokeOn(MethodInvocation.java:77)
  at org.gradle.internal.dispatch.ReflectionDispatch.dispatch(ReflectionDispatch.java:28)
  at org.gradle.internal.dispatch.ReflectionDispatch.dispatch(ReflectionDispatch.java:19)
  at org.gradle.internal.dispatch.ContextClassLoaderDispatch.dispatch(ContextClassLoaderDispatch.java:33)
  at org.gradle.internal.dispatch.ProxyDispatchAdapter$DispatchingInvocationHandler.invoke(ProxyDispatchAdapter.java:88)
  at jdk.proxy1/jdk.proxy1.$Proxy4.processTestDefinition(Unknown Source)
  at org.gradle.api.internal.tasks.testing.worker.TestWorker$2.run(TestWorker.java:178)
  at org.gradle.api.internal.tasks.testing.worker.TestWorker.executeAndMaintainThreadName(TestWorker.java:126)
  at org.gradle.api.internal.tasks.testing.worker.TestWorker.execute(TestWorker.java:103)
  at org.gradle.api.internal.tasks.testing.worker.TestWorker.execute(TestWorker.java:63)
  at org.gradle.process.internal.worker.child.ActionExecutionWorker.execute(ActionExecutionWorker.java:56)
  at org.gradle.process.internal.worker.child.SystemApplicationClassLoaderWorker.call(SystemApplicationClassLoaderWorker.java:122)
  at org.gradle.process.internal.worker.child.SystemApplicationClassLoaderWorker.call(SystemApplicationClassLoaderWorker.java:72)
  at worker.org.gradle.process.internal.worker.GradleWorkerMain.run(GradleWorkerMain.java:69)
  at worker.org.gradle.process.internal.worker.GradleWorkerMain.main(GradleWorkerMain.java:74)
</stacktrace>
</test-failure>


TypeScriptCompilerTests_N[jvm] > noImplicitAnyNamelessParameter_ts has expected errors matching noImplicitAnyNamelessParameter_errors_txt[jvm] FAILED

<test-failure test="com.xemantic.typescript.compiler.TypeScriptCompilerTests_N.noImplicitAnyDestructuringParameterDeclaration_ts has expected errors matching noImplicitAnyDestructuringParameterDeclaration_errors_txt" platform="jvm">
<message>
--- expected
+++ actual
@@ -1,17 +1,9 @@
-noImplicitAnyDestructuringParameterDeclaration.ts(1,14): error TS7031: Binding element 'a' implicitly has an 'any' type.
-noImplicitAnyDestructuringParameterDeclaration.ts(1,19): error TS7031: Binding element 'b' implicitly has an 'any' type.
 noImplicitAnyDestructuringParameterDeclaration.ts(1,23): error TS7006: Parameter 'c' implicitly has an 'any' type.
 noImplicitAnyDestructuringParameterDeclaration.ts(1,26): error TS7006: Parameter 'd' implicitly has an 'any' type.
-noImplicitAnyDestructuringParameterDeclaration.ts(7,20): error TS7008: Member 'b' implicitly has an 'any' type.
-noImplicitAnyDestructuringParameterDeclaration.ts(7,30): error TS7008: Member 'b' implicitly has an 'any' type.
 
 
-==== noImplicitAnyDestructuringParameterDeclaration.ts (6 errors) ====
+==== noImplicitAnyDestructuringParameterDeclaration.ts (2 errors) ====
     function f1([a], {b}, c, d) { // error
-                 ~
-!!! error TS7031: Binding element 'a' implicitly has an 'any' type.
-                      ~
-!!! error TS7031: Binding element 'b' implicitly has an 'any' type.
                           ~
 !!! error TS7006: Parameter 'c' implicitly has an 'any' type.
                              ~
@@ -22,10 +14,6 @@
     function f3([a]: [any], {b}: { b: any }, c: any, d: any) {
     }
     function f4({b}: { b }, x: { b }) { // error in type instead
-                       ~
-!!! error TS7008: Member 'b' implicitly has an 'any' type.
-                                 ~
-!!! error TS7008: Member 'b' implicitly has an 'any' type.
     }
     function f5([a1] = [undefined], {b1} = { b1: null }, c1 = undefined, d1 = null) { // error
     }

</message>
<stacktrace>
  at org.junit.Assert.fail(Assert.java:89)
  at kotlin.test.junit.JUnitAsserter.fail(JUnitSupport.kt:56)
  at kotlin.test.AssertionsKt__AssertionsKt.fail(Assertions.kt:563)
  at kotlin.test.AssertionsKt.fail(Unknown Source)
  at com.xemantic.kotlin.test.SameAsKt.sameAs(SameAs.kt:52)
  at com.xemantic.typescript.compiler.TypeScriptTestSupportKt.errorsMatchBaseline(TypeScriptTestSupport.kt:135)
  at com.xemantic.typescript.compiler.TypeScriptCompilerTests_N.noImplicitAnyDestructuringParameterDeclaration_ts has expected errors matching noImplicitAnyDestructuringParameterDeclaration_errors_txt(TypeScriptCompilerTests_N.kt:1428)
  at java.base/jdk.internal.reflect.DirectMethodHandleAccessor.invoke(DirectMethodHandleAccessor.java:104)
  at java.base/java.lang.reflect.Method.invoke(Method.java:565)
  at org.junit.runners.model.FrameworkMethod$1.runReflectiveCall(FrameworkMethod.java:59)
  at org.junit.internal.runners.model.ReflectiveCallable.run(ReflectiveCallable.java:12)
  at org.junit.runners.model.FrameworkMethod.invokeExplosively(FrameworkMethod.java:56)
  at org.junit.internal.runners.statements.InvokeMethod.evaluate(InvokeMethod.java:17)
  at org.junit.runners.ParentRunner$3.evaluate(ParentRunner.java:306)
  at org.junit.runners.BlockJUnit4ClassRunner$1.evaluate(BlockJUnit4ClassRunner.java:100)
  at org.junit.runners.ParentRunner.runLeaf(ParentRunner.java:366)
  at org.junit.runners.BlockJUnit4ClassRunner.runChild(BlockJUnit4ClassRunner.java:103)
  at org.junit.runners.BlockJUnit4ClassRunner.runChild(BlockJUnit4ClassRunner.java:63)
  at org.junit.runners.ParentRunner$4.run(ParentRunner.java:331)
  at org.junit.runners.ParentRunner$1.schedule(ParentRunner.java:79)
  at org.junit.runners.ParentRunner.runChildren(ParentRunner.java:329)
  at org.junit.runners.ParentRunner.access$100(ParentRunner.java:66)
  at org.junit.runners.ParentRunner$2.evaluate(ParentRunner.java:293)
  at org.junit.runners.ParentRunner$3.evaluate(ParentRunner.java:306)
  at org.junit.runners.ParentRunner.run(ParentRunner.java:413)
  at org.junit.runner.JUnitCore.run(JUnitCore.java:137)
  at org.junit.runner.JUnitCore.run(JUnitCore.java:115)
  at org.gradle.api.internal.tasks.testing.junit.JUnitTestExecutor.runRequest(JUnitTestExecutor.java:175)
  at org.gradle.api.internal.tasks.testing.junit.JUnitTestExecutor.accept(JUnitTestExecutor.java:84)
  at org.gradle.api.internal.tasks.testing.junit.JUnitTestExecutor.accept(JUnitTestExecutor.java:47)
  at org.gradle.api.internal.tasks.testing.junit.AbstractJUnitTestDefinitionProcessor.processTestDefinition(AbstractJUnitTestDefinitionProcessor.java:65)
  at org.gradle.api.internal.tasks.testing.SuiteTestDefinitionProcessor.processTestDefinition(SuiteTestDefinitionProcessor.java:54)
  at java.base/jdk.internal.reflect.DirectMethodHandleAccessor.invoke(DirectMethodHandleAccessor.java:104)
  at java.base/java.lang.reflect.Method.invoke(Method.java:565)
  at org.gradle.internal.dispatch.MethodInvocation.invokeOn(MethodInvocation.java:77)
  at org.gradle.internal.dispatch.ReflectionDispatch.dispatch(ReflectionDispatch.java:28)
  at org.gradle.internal.dispatch.ReflectionDispatch.dispatch(ReflectionDispatch.java:19)
  at org.gradle.internal.dispatch.ContextClassLoaderDispatch.dispatch(ContextClassLoaderDispatch.java:33)
  at org.gradle.internal.dispatch.ProxyDispatchAdapter$DispatchingInvocationHandler.invoke(ProxyDispatchAdapter.java:88)
  at jdk.proxy1/jdk.proxy1.$Proxy4.processTestDefinition(Unknown Source)
  at org.gradle.api.internal.tasks.testing.worker.TestWorker$2.run(TestWorker.java:178)
  at org.gradle.api.internal.tasks.testing.worker.TestWorker.executeAndMaintainThreadName(TestWorker.java:126)
  at org.gradle.api.internal.tasks.testing.worker.TestWorker.execute(TestWorker.java:103)
  at org.gradle.api.internal.tasks.testing.worker.TestWorker.execute(TestWorker.java:63)
  at org.gradle.process.internal.worker.child.ActionExecutionWorker.execute(ActionExecutionWorker.java:56)
  at org.gradle.process.internal.worker.child.SystemApplicationClassLoaderWorker.call(SystemApplicationClassLoaderWorker.java:122)
  at org.gradle.process.internal.worker.child.SystemApplicationClassLoaderWorker.call(SystemApplicationClassLoaderWorker.java:72)
  at worker.org.gradle.process.internal.worker.GradleWorkerMain.run(GradleWorkerMain.java:69)
  at worker.org.gradle.process.internal.worker.GradleWorkerMain.main(GradleWorkerMain.java:74)
</stacktrace>
</test-failure>


TypeScriptCompilerTests_N[jvm] > noImplicitAnyDestructuringParameterDeclaration_ts has expected errors matching noImplicitAnyDestructuringParameterDeclaration_errors_txt[jvm] FAILED

<test-failure test="com.xemantic.typescript.compiler.TypeScriptCompilerTests_N.narrowTypeByInstanceof_ts has expected errors matching narrowTypeByInstanceof_errors_txt" platform="jvm">
<message>
--- expected
+++ actual
@@ -1,10 +1,8 @@
 narrowTypeByInstanceof.ts(18,5): error TS2454: Variable 'elementA' is used before being assigned.
 narrowTypeByInstanceof.ts(18,38): error TS2454: Variable 'elementB' is used before being assigned.
-narrowTypeByInstanceof.ts(21,12): error TS2454: Variable 'elementA' is used before being assigned.
-narrowTypeByInstanceof.ts(21,41): error TS2454: Variable 'elementB' is used before being assigned.
 
 
-==== narrowTypeByInstanceof.ts (4 errors) ====
+==== narrowTypeByInstanceof.ts (2 errors) ====
         class Match {
             public range(): any {
                 return undefined;
@@ -30,10 +28,6 @@
         let a = elementA.resource().path;
         let b = elementB.resource().path;
     } else if (elementA instanceof Match && elementB instanceof Match) {
-               ~~~~~~~~
-!!! error TS2454: Variable 'elementA' is used before being assigned.
-                                            ~~~~~~~~
-!!! error TS2454: Variable 'elementB' is used before being assigned.
         let a = elementA.range();
         let b = elementB.range();
     }

</message>
<stacktrace>
  at org.junit.Assert.fail(Assert.java:89)
  at kotlin.test.junit.JUnitAsserter.fail(JUnitSupport.kt:56)
  at kotlin.test.AssertionsKt__AssertionsKt.fail(Assertions.kt:563)
  at kotlin.test.AssertionsKt.fail(Unknown Source)
  at com.xemantic.kotlin.test.SameAsKt.sameAs(SameAs.kt:52)
  at com.xemantic.typescript.compiler.TypeScriptTestSupportKt.errorsMatchBaseline(TypeScriptTestSupport.kt:135)
  at com.xemantic.typescript.compiler.TypeScriptCompilerTests_N.narrowTypeByInstanceof_ts has expected errors matching narrowTypeByInstanceof_errors_txt(TypeScriptCompilerTests_N.kt:259)
  at java.base/jdk.internal.reflect.DirectMethodHandleAccessor.invoke(DirectMethodHandleAccessor.java:104)
  at java.base/java.lang.reflect.Method.invoke(Method.java:565)
  at org.junit.runners.model.FrameworkMethod$1.runReflectiveCall(FrameworkMethod.java:59)
  at org.junit.internal.runners.model.ReflectiveCallable.run(ReflectiveCallable.java:12)
  at org.junit.runners.model.FrameworkMethod.invokeExplosively(FrameworkMethod.java:56)
  at org.junit.internal.runners.statements.InvokeMethod.evaluate(InvokeMethod.java:17)
  at org.junit.runners.ParentRunner$3.evaluate(ParentRunner.java:306)
  at org.junit.runners.BlockJUnit4ClassRunner$1.evaluate(BlockJUnit4ClassRunner.java:100)
  at org.junit.runners.ParentRunner.runLeaf(ParentRunner.java:366)
  at org.junit.runners.BlockJUnit4ClassRunner.runChild(BlockJUnit4ClassRunner.java:103)
  at org.junit.runners.BlockJUnit4ClassRunner.runChild(BlockJUnit4ClassRunner.java:63)
  at org.junit.runners.ParentRunner$4.run(ParentRunner.java:331)
  at org.junit.runners.ParentRunner$1.schedule(ParentRunner.java:79)
  at org.junit.runners.ParentRunner.runChildren(ParentRunner.java:329)
  at org.junit.runners.ParentRunner.access$100(ParentRunner.java:66)
  at org.junit.runners.ParentRunner$2.evaluate(ParentRunner.java:293)
  at org.junit.runners.ParentRunner$3.evaluate(ParentRunner.java:306)
  at org.junit.runners.ParentRunner.run(ParentRunner.java:413)
  at org.junit.runner.JUnitCore.run(JUnitCore.java:137)
  at org.junit.runner.JUnitCore.run(JUnitCore.java:115)
  at org.gradle.api.internal.tasks.testing.junit.JUnitTestExecutor.runRequest(JUnitTestExecutor.java:175)
  at org.gradle.api.internal.tasks.testing.junit.JUnitTestExecutor.accept(JUnitTestExecutor.java:84)
  at org.gradle.api.internal.tasks.testing.junit.JUnitTestExecutor.accept(JUnitTestExecutor.java:47)
  at org.gradle.api.internal.tasks.testing.junit.AbstractJUnitTestDefinitionProcessor.processTestDefinition(AbstractJUnitTestDefinitionProcessor.java:65)
  at org.gradle.api.internal.tasks.testing.SuiteTestDefinitionProcessor.processTestDefinition(SuiteTestDefinitionProcessor.java:54)
  at java.base/jdk.internal.reflect.DirectMethodHandleAccessor.invoke(DirectMethodHandleAccessor.java:104)
  at java.base/java.lang.reflect.Method.invoke(Method.java:565)
  at org.gradle.internal.dispatch.MethodInvocation.invokeOn(MethodInvocation.java:77)
  at org.gradle.internal.dispatch.ReflectionDispatch.dispatch(ReflectionDispatch.java:28)
  at org.gradle.internal.dispatch.ReflectionDispatch.dispatch(ReflectionDispatch.java:19)
  at org.gradle.internal.dispatch.ContextClassLoaderDispatch.dispatch(ContextClassLoaderDispatch.java:33)
  at org.gradle.internal.dispatch.ProxyDispatchAdapter$DispatchingInvocationHandler.invoke(ProxyDispatchAdapter.java:88)
  at jdk.proxy1/jdk.proxy1.$Proxy4.processTestDefinition(Unknown Source)
  at org.gradle.api.internal.tasks.testing.worker.TestWorker$2.run(TestWorker.java:178)
  at org.gradle.api.internal.tasks.testing.worker.TestWorker.executeAndMaintainThreadName(TestWorker.java:126)
  at org.gradle.api.internal.tasks.testing.worker.TestWorker.execute(TestWorker.java:103)
  at org.gradle.api.internal.tasks.testing.worker.TestWorker.execute(TestWorker.java:63)
  at org.gradle.process.internal.worker.child.ActionExecutionWorker.execute(ActionExecutionWorker.java:56)
  at org.gradle.process.internal.worker.child.SystemApplicationClassLoaderWorker.call(SystemApplicationClassLoaderWorker.java:122)
  at org.gradle.process.internal.worker.child.SystemApplicationClassLoaderWorker.call(SystemApplicationClassLoaderWorker.java:72)
  at worker.org.gradle.process.internal.worker.GradleWorkerMain.run(GradleWorkerMain.java:69)
  at worker.org.gradle.process.internal.worker.GradleWorkerMain.main(GradleWorkerMain.java:74)
</stacktrace>
</test-failure>


TypeScriptCompilerTests_N[jvm] > narrowTypeByInstanceof_ts has expected errors matching narrowTypeByInstanceof_errors_txt[jvm] FAILED

<test-failure test="com.xemantic.typescript.compiler.TypeScriptCompilerTests_N.nestedObjectRest_ts compiles to JavaScript matching nestedObjectRest_js" platform="jvm">
<message>
--- expected
+++ actual
@@ -9,22 +9,8 @@
 
 //// [nestedObjectRest.js]
 "use strict";
-var __rest = (this && this.__rest) || function (s, e) {
-    var t = {};
-    for (var p in s) if (Object.prototype.hasOwnProperty.call(s, p) && e.indexOf(p) < 0)
-        t[p] = s[p];
-    if (s != null && typeof Object.getOwnPropertySymbols === "function")
-        for (var i = 0, p = Object.getOwnPropertySymbols(s); i < p.length; i++) {
-            if (e.indexOf(p[i]) < 0 && Object.prototype.propertyIsEnumerable.call(s, p[i]))
-                t[p[i]] = s[p[i]];
-        }
-    return t;
-};
-var _a, _b;
 // https://github.com/microsoft/TypeScript/issues/43400
 var x, y;
-[_a] = [{ abc: 1 }], x = __rest(_a, []);
-for (let _c of [[{ abc: 1 }]]) {
-    [_b] = _c, y = __rest(_b, []);
+[Object.assign({}, x)] = [{ abc: 1 }];
+for ([Object.assign({}, y)] of [[{ abc: 1 }]])
     ;
-}

</message>
<stacktrace>
  at org.junit.Assert.fail(Assert.java:89)
  at kotlin.test.junit.JUnitAsserter.fail(JUnitSupport.kt:56)
  at kotlin.test.AssertionsKt__AssertionsKt.fail(Assertions.kt:563)
  at kotlin.test.AssertionsKt.fail(Unknown Source)
  at com.xemantic.kotlin.test.SameAsKt.sameAs(SameAs.kt:52)
  at com.xemantic.typescript.compiler.TypeScriptTestSupportKt.sameAs(TypeScriptTestSupport.kt:99)
  at com.xemantic.typescript.compiler.TypeScriptCompilerTests_N.nestedObjectRest_ts compiles to JavaScript matching nestedObjectRest_js(TypeScriptCompilerTests_N.kt:791)
  at java.base/jdk.internal.reflect.DirectMethodHandleAccessor.invoke(DirectMethodHandleAccessor.java:104)
  at java.base/java.lang.reflect.Method.invoke(Method.java:565)
  at org.junit.runners.model.FrameworkMethod$1.runReflectiveCall(FrameworkMethod.java:59)
  at org.junit.internal.runners.model.ReflectiveCallable.run(ReflectiveCallable.java:12)
  at org.junit.runners.model.FrameworkMethod.invokeExplosively(FrameworkMethod.java:56)
  at org.junit.internal.runners.statements.InvokeMethod.evaluate(InvokeMethod.java:17)
  at org.junit.runners.ParentRunner$3.evaluate(ParentRunner.java:306)
  at org.junit.runners.BlockJUnit4ClassRunner$1.evaluate(BlockJUnit4ClassRunner.java:100)
  at org.junit.runners.ParentRunner.runLeaf(ParentRunner.java:366)
  at org.junit.runners.BlockJUnit4ClassRunner.runChild(BlockJUnit4ClassRunner.java:103)
  at org.junit.runners.BlockJUnit4ClassRunner.runChild(BlockJUnit4ClassRunner.java:63)
  at org.junit.runners.ParentRunner$4.run(ParentRunner.java:331)
  at org.junit.runners.ParentRunner$1.schedule(ParentRunner.java:79)
  at org.junit.runners.ParentRunner.runChildren(ParentRunner.java:329)
  at org.junit.runners.ParentRunner.access$100(ParentRunner.java:66)
  at org.junit.runners.ParentRunner$2.evaluate(ParentRunner.java:293)
  at org.junit.runners.ParentRunner$3.evaluate(ParentRunner.java:306)
  at org.junit.runners.ParentRunner.run(ParentRunner.java:413)
  at org.junit.runner.JUnitCore.run(JUnitCore.java:137)
  at org.junit.runner.JUnitCore.run(JUnitCore.java:115)
  at org.gradle.api.internal.tasks.testing.junit.JUnitTestExecutor.runRequest(JUnitTestExecutor.java:175)
  at org.gradle.api.internal.tasks.testing.junit.JUnitTestExecutor.accept(JUnitTestExecutor.java:84)
  at org.gradle.api.internal.tasks.testing.junit.JUnitTestExecutor.accept(JUnitTestExecutor.java:47)
  at org.gradle.api.internal.tasks.testing.junit.AbstractJUnitTestDefinitionProcessor.processTestDefinition(AbstractJUnitTestDefinitionProcessor.java:65)
  at org.gradle.api.internal.tasks.testing.SuiteTestDefinitionProcessor.processTestDefinition(SuiteTestDefinitionProcessor.java:54)
  at java.base/jdk.internal.reflect.DirectMethodHandleAccessor.invoke(DirectMethodHandleAccessor.java:104)
  at java.base/java.lang.reflect.Method.invoke(Method.java:565)
  at org.gradle.internal.dispatch.MethodInvocation.invokeOn(MethodInvocation.java:77)
  at org.gradle.internal.dispatch.ReflectionDispatch.dispatch(ReflectionDispatch.java:28)
  at org.gradle.internal.dispatch.ReflectionDispatch.dispatch(ReflectionDispatch.java:19)
  at org.gradle.internal.dispatch.ContextClassLoaderDispatch.dispatch(ContextClassLoaderDispatch.java:33)
  at org.gradle.internal.dispatch.ProxyDispatchAdapter$DispatchingInvocationHandler.invoke(ProxyDispatchAdapter.java:88)
  at jdk.proxy1/jdk.proxy1.$Proxy4.processTestDefinition(Unknown Source)
  at org.gradle.api.internal.tasks.testing.worker.TestWorker$2.run(TestWorker.java:178)
  at org.gradle.api.internal.tasks.testing.worker.TestWorker.executeAndMaintainThreadName(TestWorker.java:126)
  at org.gradle.api.internal.tasks.testing.worker.TestWorker.execute(TestWorker.java:103)
  at org.gradle.api.internal.tasks.testing.worker.TestWorker.execute(TestWorker.java:63)
  at org.gradle.process.internal.worker.child.ActionExecutionWorker.execute(ActionExecutionWorker.java:56)
  at org.gradle.process.internal.worker.child.SystemApplicationClassLoaderWorker.call(SystemApplicationClassLoaderWorker.java:122)
  at org.gradle.process.internal.worker.child.SystemApplicationClassLoaderWorker.call(SystemApplicationClassLoaderWorker.java:72)
  at worker.org.gradle.process.internal.worker.GradleWorkerMain.run(GradleWorkerMain.java:69)
  at worker.org.gradle.process.internal.worker.GradleWorkerMain.main(GradleWorkerMain.java:74)
</stacktrace>
</test-failure>


TypeScriptCompilerTests_N[jvm] > nestedObjectRest_ts compiles to JavaScript matching nestedObjectRest_js[jvm] FAILED

<test-failure test="com.xemantic.typescript.compiler.TypeScriptCompilerTests_N.numericIndexerTyping1_ts has expected errors matching numericIndexerTyping1_errors_txt" platform="jvm">
<message>
Expected diagnostics from baseline typescript-repo/tests/baselines/reference/numericIndexerTyping1.errors.txt but none produced
</message>
<stacktrace>
  at com.xemantic.typescript.compiler.TypeScriptTestSupportKt.errorsMatchBaseline(TypeScriptTestSupport.kt:125)
  at com.xemantic.typescript.compiler.TypeScriptCompilerTests_N.numericIndexerTyping1_ts has expected errors matching numericIndexerTyping1_errors_txt(TypeScriptCompilerTests_N.kt:3010)
  at java.base/jdk.internal.reflect.DirectMethodHandleAccessor.invoke(DirectMethodHandleAccessor.java:104)
  at java.base/java.lang.reflect.Method.invoke(Method.java:565)
  at org.junit.runners.model.FrameworkMethod$1.runReflectiveCall(FrameworkMethod.java:59)
  at org.junit.internal.runners.model.ReflectiveCallable.run(ReflectiveCallable.java:12)
  at org.junit.runners.model.FrameworkMethod.invokeExplosively(FrameworkMethod.java:56)
  at org.junit.internal.runners.statements.InvokeMethod.evaluate(InvokeMethod.java:17)
  at org.junit.runners.ParentRunner$3.evaluate(ParentRunner.java:306)
  at org.junit.runners.BlockJUnit4ClassRunner$1.evaluate(BlockJUnit4ClassRunner.java:100)
  at org.junit.runners.ParentRunner.runLeaf(ParentRunner.java:366)
  at org.junit.runners.BlockJUnit4ClassRunner.runChild(BlockJUnit4ClassRunner.java:103)
  at org.junit.runners.BlockJUnit4ClassRunner.runChild(BlockJUnit4ClassRunner.java:63)
  at org.junit.runners.ParentRunner$4.run(ParentRunner.java:331)
  at org.junit.runners.ParentRunner$1.schedule(ParentRunner.java:79)
  at org.junit.runners.ParentRunner.runChildren(ParentRunner.java:329)
  at org.junit.runners.ParentRunner.access$100(ParentRunner.java:66)
  at org.junit.runners.ParentRunner$2.evaluate(ParentRunner.java:293)
  at org.junit.runners.ParentRunner$3.evaluate(ParentRunner.java:306)
  at org.junit.runners.ParentRunner.run(ParentRunner.java:413)
  at org.junit.runner.JUnitCore.run(JUnitCore.java:137)
  at org.junit.runner.JUnitCore.run(JUnitCore.java:115)
  at org.gradle.api.internal.tasks.testing.junit.JUnitTestExecutor.runRequest(JUnitTestExecutor.java:175)
  at org.gradle.api.internal.tasks.testing.junit.JUnitTestExecutor.accept(JUnitTestExecutor.java:84)
  at org.gradle.api.internal.tasks.testing.junit.JUnitTestExecutor.accept(JUnitTestExecutor.java:47)
  at org.gradle.api.internal.tasks.testing.junit.AbstractJUnitTestDefinitionProcessor.processTestDefinition(AbstractJUnitTestDefinitionProcessor.java:65)
  at org.gradle.api.internal.tasks.testing.SuiteTestDefinitionProcessor.processTestDefinition(SuiteTestDefinitionProcessor.java:54)
  at java.base/jdk.internal.reflect.DirectMethodHandleAccessor.invoke(DirectMethodHandleAccessor.java:104)
  at java.base/java.lang.reflect.Method.invoke(Method.java:565)
  at org.gradle.internal.dispatch.MethodInvocation.invokeOn(MethodInvocation.java:77)
  at org.gradle.internal.dispatch.ReflectionDispatch.dispatch(ReflectionDispatch.java:28)
  at org.gradle.internal.dispatch.ReflectionDispatch.dispatch(ReflectionDispatch.java:19)
  at org.gradle.internal.dispatch.ContextClassLoaderDispatch.dispatch(ContextClassLoaderDispatch.java:33)
  at org.gradle.internal.dispatch.ProxyDispatchAdapter$DispatchingInvocationHandler.invoke(ProxyDispatchAdapter.java:88)
  at jdk.proxy1/jdk.proxy1.$Proxy4.processTestDefinition(Unknown Source)
  at org.gradle.api.internal.tasks.testing.worker.TestWorker$2.run(TestWorker.java:178)
  at org.gradle.api.internal.tasks.testing.worker.TestWorker.executeAndMaintainThreadName(TestWorker.java:126)
  at org.gradle.api.internal.tasks.testing.worker.TestWorker.execute(TestWorker.java:103)
  at org.gradle.api.internal.tasks.testing.worker.TestWorker.execute(TestWorker.java:63)
  at org.gradle.process.internal.worker.child.ActionExecutionWorker.execute(ActionExecutionWorker.java:56)
  at org.gradle.process.internal.worker.child.SystemApplicationClassLoaderWorker.call(SystemApplicationClassLoaderWorker.java:122)
  at org.gradle.process.internal.worker.child.SystemApplicationClassLoaderWorker.call(SystemApplicationClassLoaderWorker.java:72)
  at worker.org.gradle.process.internal.worker.GradleWorkerMain.run(GradleWorkerMain.java:69)
  at worker.org.gradle.process.internal.worker.GradleWorkerMain.main(GradleWorkerMain.java:74)
</stacktrace>
</test-failure>


TypeScriptCompilerTests_N[jvm] > numericIndexerTyping1_ts has expected errors matching numericIndexerTyping1_errors_txt[jvm] FAILED

<test-failure test="com.xemantic.typescript.compiler.TypeScriptCompilerTests_N.narrowByClauseExpressionInSwitchTrue7_ts has expected errors matching narrowByClauseExpressionInSwitchTrue7_errors_txt" platform="jvm">
<message>
Expected diagnostics from baseline typescript-repo/tests/baselines/reference/narrowByClauseExpressionInSwitchTrue7.errors.txt but none produced
</message>
<stacktrace>
  at com.xemantic.typescript.compiler.TypeScriptTestSupportKt.errorsMatchBaseline(TypeScriptTestSupport.kt:125)
  at com.xemantic.typescript.compiler.TypeScriptCompilerTests_N.narrowByClauseExpressionInSwitchTrue7_ts has expected errors matching narrowByClauseExpressionInSwitchTrue7_errors_txt(TypeScriptCompilerTests_N.kt:210)
  at java.base/jdk.internal.reflect.DirectMethodHandleAccessor.invoke(DirectMethodHandleAccessor.java:104)
  at java.base/java.lang.reflect.Method.invoke(Method.java:565)
  at org.junit.runners.model.FrameworkMethod$1.runReflectiveCall(FrameworkMethod.java:59)
  at org.junit.internal.runners.model.ReflectiveCallable.run(ReflectiveCallable.java:12)
  at org.junit.runners.model.FrameworkMethod.invokeExplosively(FrameworkMethod.java:56)
  at org.junit.internal.runners.statements.InvokeMethod.evaluate(InvokeMethod.java:17)
  at org.junit.runners.ParentRunner$3.evaluate(ParentRunner.java:306)
  at org.junit.runners.BlockJUnit4ClassRunner$1.evaluate(BlockJUnit4ClassRunner.java:100)
  at org.junit.runners.ParentRunner.runLeaf(ParentRunner.java:366)
  at org.junit.runners.BlockJUnit4ClassRunner.runChild(BlockJUnit4ClassRunner.java:103)
  at org.junit.runners.BlockJUnit4ClassRunner.runChild(BlockJUnit4ClassRunner.java:63)
  at org.junit.runners.ParentRunner$4.run(ParentRunner.java:331)
  at org.junit.runners.ParentRunner$1.schedule(ParentRunner.java:79)
  at org.junit.runners.ParentRunner.runChildren(ParentRunner.java:329)
  at org.junit.runners.ParentRunner.access$100(ParentRunner.java:66)
  at org.junit.runners.ParentRunner$2.evaluate(ParentRunner.java:293)
  at org.junit.runners.ParentRunner$3.evaluate(ParentRunner.java:306)
  at org.junit.runners.ParentRunner.run(ParentRunner.java:413)
  at org.junit.runner.JUnitCore.run(JUnitCore.java:137)
  at org.junit.runner.JUnitCore.run(JUnitCore.java:115)
  at org.gradle.api.internal.tasks.testing.junit.JUnitTestExecutor.runRequest(JUnitTestExecutor.java:175)
  at org.gradle.api.internal.tasks.testing.junit.JUnitTestExecutor.accept(JUnitTestExecutor.java:84)
  at org.gradle.api.internal.tasks.testing.junit.JUnitTestExecutor.accept(JUnitTestExecutor.java:47)
  at org.gradle.api.internal.tasks.testing.junit.AbstractJUnitTestDefinitionProcessor.processTestDefinition(AbstractJUnitTestDefinitionProcessor.java:65)
  at org.gradle.api.internal.tasks.testing.SuiteTestDefinitionProcessor.processTestDefinition(SuiteTestDefinitionProcessor.java:54)
  at java.base/jdk.internal.reflect.DirectMethodHandleAccessor.invoke(DirectMethodHandleAccessor.java:104)
  at java.base/java.lang.reflect.Method.invoke(Method.java:565)
  at org.gradle.internal.dispatch.MethodInvocation.invokeOn(MethodInvocation.java:77)
  at org.gradle.internal.dispatch.ReflectionDispatch.dispatch(ReflectionDispatch.java:28)
  at org.gradle.internal.dispatch.ReflectionDispatch.dispatch(ReflectionDispatch.java:19)
  at org.gradle.internal.dispatch.ContextClassLoaderDispatch.dispatch(ContextClassLoaderDispatch.java:33)
  at org.gradle.internal.dispatch.ProxyDispatchAdapter$DispatchingInvocationHandler.invoke(ProxyDispatchAdapter.java:88)
  at jdk.proxy1/jdk.proxy1.$Proxy4.processTestDefinition(Unknown Source)
  at org.gradle.api.internal.tasks.testing.worker.TestWorker$2.run(TestWorker.java:178)
  at org.gradle.api.internal.tasks.testing.worker.TestWorker.executeAndMaintainThreadName(TestWorker.java:126)
  at org.gradle.api.internal.tasks.testing.worker.TestWorker.execute(TestWorker.java:103)
  at org.gradle.api.internal.tasks.testing.worker.TestWorker.execute(TestWorker.java:63)
  at org.gradle.process.internal.worker.child.ActionExecutionWorker.execute(ActionExecutionWorker.java:56)
  at org.gradle.process.internal.worker.child.SystemApplicationClassLoaderWorker.call(SystemApplicationClassLoaderWorker.java:122)
  at org.gradle.process.internal.worker.child.SystemApplicationClassLoaderWorker.call(SystemApplicationClassLoaderWorker.java:72)
  at worker.org.gradle.process.internal.worker.GradleWorkerMain.run(GradleWorkerMain.java:69)
  at worker.org.gradle.process.internal.worker.GradleWorkerMain.main(GradleWorkerMain.java:74)
</stacktrace>
</test-failure>


TypeScriptCompilerTests_N[jvm] > narrowByClauseExpressionInSwitchTrue7_ts has expected errors matching narrowByClauseExpressionInSwitchTrue7_errors_txt[jvm] FAILED

<test-failure test="com.xemantic.typescript.compiler.TypeScriptCompilerTests_N.narrowingOfQualifiedNames_ts has expected errors matching narrowingOfQualifiedNames_errors_txt" platform="jvm">
<message>
Expected diagnostics from baseline typescript-repo/tests/baselines/reference/narrowingOfQualifiedNames.errors.txt but none produced
</message>
<stacktrace>
  at com.xemantic.typescript.compiler.TypeScriptTestSupportKt.errorsMatchBaseline(TypeScriptTestSupport.kt:125)
  at com.xemantic.typescript.compiler.TypeScriptCompilerTests_N.narrowingOfQualifiedNames_ts has expected errors matching narrowingOfQualifiedNames_errors_txt(TypeScriptCompilerTests_N.kt:371)
  at java.base/jdk.internal.reflect.DirectMethodHandleAccessor.invoke(DirectMethodHandleAccessor.java:104)
  at java.base/java.lang.reflect.Method.invoke(Method.java:565)
  at org.junit.runners.model.FrameworkMethod$1.runReflectiveCall(FrameworkMethod.java:59)
  at org.junit.internal.runners.model.ReflectiveCallable.run(ReflectiveCallable.java:12)
  at org.junit.runners.model.FrameworkMethod.invokeExplosively(FrameworkMethod.java:56)
  at org.junit.internal.runners.statements.InvokeMethod.evaluate(InvokeMethod.java:17)
  at org.junit.runners.ParentRunner$3.evaluate(ParentRunner.java:306)
  at org.junit.runners.BlockJUnit4ClassRunner$1.evaluate(BlockJUnit4ClassRunner.java:100)
  at org.junit.runners.ParentRunner.runLeaf(ParentRunner.java:366)
  at org.junit.runners.BlockJUnit4ClassRunner.runChild(BlockJUnit4ClassRunner.java:103)
  at org.junit.runners.BlockJUnit4ClassRunner.runChild(BlockJUnit4ClassRunner.java:63)
  at org.junit.runners.ParentRunner$4.run(ParentRunner.java:331)
  at org.junit.runners.ParentRunner$1.schedule(ParentRunner.java:79)
  at org.junit.runners.ParentRunner.runChildren(ParentRunner.java:329)
  at org.junit.runners.ParentRunner.access$100(ParentRunner.java:66)
  at org.junit.runners.ParentRunner$2.evaluate(ParentRunner.java:293)
  at org.junit.runners.ParentRunner$3.evaluate(ParentRunner.java:306)
  at org.junit.runners.ParentRunner.run(ParentRunner.java:413)
  at org.junit.runner.JUnitCore.run(JUnitCore.java:137)
  at org.junit.runner.JUnitCore.run(JUnitCore.java:115)
  at org.gradle.api.internal.tasks.testing.junit.JUnitTestExecutor.runRequest(JUnitTestExecutor.java:175)
  at org.gradle.api.internal.tasks.testing.junit.JUnitTestExecutor.accept(JUnitTestExecutor.java:84)
  at org.gradle.api.internal.tasks.testing.junit.JUnitTestExecutor.accept(JUnitTestExecutor.java:47)
  at org.gradle.api.internal.tasks.testing.junit.AbstractJUnitTestDefinitionProcessor.processTestDefinition(AbstractJUnitTestDefinitionProcessor.java:65)
  at org.gradle.api.internal.tasks.testing.SuiteTestDefinitionProcessor.processTestDefinition(SuiteTestDefinitionProcessor.java:54)
  at java.base/jdk.internal.reflect.DirectMethodHandleAccessor.invoke(DirectMethodHandleAccessor.java:104)
  at java.base/java.lang.reflect.Method.invoke(Method.java:565)
  at org.gradle.internal.dispatch.MethodInvocation.invokeOn(MethodInvocation.java:77)
  at org.gradle.internal.dispatch.ReflectionDispatch.dispatch(ReflectionDispatch.java:28)
  at org.gradle.internal.dispatch.ReflectionDispatch.dispatch(ReflectionDispatch.java:19)
  at org.gradle.internal.dispatch.ContextClassLoaderDispatch.dispatch(ContextClassLoaderDispatch.java:33)
  at org.gradle.internal.dispatch.ProxyDispatchAdapter$DispatchingInvocationHandler.invoke(ProxyDispatchAdapter.java:88)
  at jdk.proxy1/jdk.proxy1.$Proxy4.processTestDefinition(Unknown Source)
  at org.gradle.api.internal.tasks.testing.worker.TestWorker$2.run(TestWorker.java:178)
  at org.gradle.api.internal.tasks.testing.worker.TestWorker.executeAndMaintainThreadName(TestWorker.java:126)
  at org.gradle.api.internal.tasks.testing.worker.TestWorker.execute(TestWorker.java:103)
  at org.gradle.api.internal.tasks.testing.worker.TestWorker.execute(TestWorker.java:63)
  at org.gradle.process.internal.worker.child.ActionExecutionWorker.execute(ActionExecutionWorker.java:56)
  at org.gradle.process.internal.worker.child.SystemApplicationClassLoaderWorker.call(SystemApplicationClassLoaderWorker.java:122)
  at org.gradle.process.internal.worker.child.SystemApplicationClassLoaderWorker.call(SystemApplicationClassLoaderWorker.java:72)
  at worker.org.gradle.process.internal.worker.GradleWorkerMain.run(GradleWorkerMain.java:69)
  at worker.org.gradle.process.internal.worker.GradleWorkerMain.main(GradleWorkerMain.java:74)
</stacktrace>
</test-failure>


TypeScriptCompilerTests_N[jvm] > narrowingOfQualifiedNames_ts has expected errors matching narrowingOfQualifiedNames_errors_txt[jvm] FAILED

<test-failure test="com.xemantic.typescript.compiler.TypeScriptCompilerTests_N.null_ts has expected errors matching null_errors_txt" platform="jvm">
<message>
--- expected
+++ actual
@@ -1,12 +1,12 @@
-null.ts(3,7): error TS2365: Operator '+' cannot be applied to types '3' and 'null'.
+null.ts(3,9): error TS18050: The value 'null' cannot be used here.
 
 
 ==== null.ts (1 errors) ====
     var x=null; 
     var y=3+x;  
     var z=3+null; 
-          ~~~~~~
-!!! error TS2365: Operator '+' cannot be applied to types '3' and 'null'.
+            ~~~~
+!!! error TS18050: The value 'null' cannot be used here.
     class C {
     }
     function f() {

</message>
<stacktrace>
  at org.junit.Assert.fail(Assert.java:89)
  at kotlin.test.junit.JUnitAsserter.fail(JUnitSupport.kt:56)
  at kotlin.test.AssertionsKt__AssertionsKt.fail(Assertions.kt:563)
  at kotlin.test.AssertionsKt.fail(Unknown Source)
  at com.xemantic.kotlin.test.SameAsKt.sameAs(SameAs.kt:52)
  at com.xemantic.typescript.compiler.TypeScriptTestSupportKt.errorsMatchBaseline(TypeScriptTestSupport.kt:135)
  at com.xemantic.typescript.compiler.TypeScriptCompilerTests_N.null_ts has expected errors matching null_errors_txt(TypeScriptCompilerTests_N.kt:2772)
  at java.base/jdk.internal.reflect.DirectMethodHandleAccessor.invoke(DirectMethodHandleAccessor.java:104)
  at java.base/java.lang.reflect.Method.invoke(Method.java:565)
  at org.junit.runners.model.FrameworkMethod$1.runReflectiveCall(FrameworkMethod.java:59)
  at org.junit.internal.runners.model.ReflectiveCallable.run(ReflectiveCallable.java:12)
  at org.junit.runners.model.FrameworkMethod.invokeExplosively(FrameworkMethod.java:56)
  at org.junit.internal.runners.statements.InvokeMethod.evaluate(InvokeMethod.java:17)
  at org.junit.runners.ParentRunner$3.evaluate(ParentRunner.java:306)
  at org.junit.runners.BlockJUnit4ClassRunner$1.evaluate(BlockJUnit4ClassRunner.java:100)
  at org.junit.runners.ParentRunner.runLeaf(ParentRunner.java:366)
  at org.junit.runners.BlockJUnit4ClassRunner.runChild(BlockJUnit4ClassRunner.java:103)
  at org.junit.runners.BlockJUnit4ClassRunner.runChild(BlockJUnit4ClassRunner.java:63)
  at org.junit.runners.ParentRunner$4.run(ParentRunner.java:331)
  at org.junit.runners.ParentRunner$1.schedule(ParentRunner.java:79)
  at org.junit.runners.ParentRunner.runChildren(ParentRunner.java:329)
  at org.junit.runners.ParentRunner.access$100(ParentRunner.java:66)
  at org.junit.runners.ParentRunner$2.evaluate(ParentRunner.java:293)
  at org.junit.runners.ParentRunner$3.evaluate(ParentRunner.java:306)
  at org.junit.runners.ParentRunner.run(ParentRunner.java:413)
  at org.junit.runner.JUnitCore.run(JUnitCore.java:137)
  at org.junit.runner.JUnitCore.run(JUnitCore.java:115)
  at org.gradle.api.internal.tasks.testing.junit.JUnitTestExecutor.runRequest(JUnitTestExecutor.java:175)
  at org.gradle.api.internal.tasks.testing.junit.JUnitTestExecutor.accept(JUnitTestExecutor.java:84)
  at org.gradle.api.internal.tasks.testing.junit.JUnitTestExecutor.accept(JUnitTestExecutor.java:47)
  at org.gradle.api.internal.tasks.testing.junit.AbstractJUnitTestDefinitionProcessor.processTestDefinition(AbstractJUnitTestDefinitionProcessor.java:65)
  at org.gradle.api.internal.tasks.testing.SuiteTestDefinitionProcessor.processTestDefinition(SuiteTestDefinitionProcessor.java:54)
  at java.base/jdk.internal.reflect.DirectMethodHandleAccessor.invoke(DirectMethodHandleAccessor.java:104)
  at java.base/java.lang.reflect.Method.invoke(Method.java:565)
  at org.gradle.internal.dispatch.MethodInvocation.invokeOn(MethodInvocation.java:77)
  at org.gradle.internal.dispatch.ReflectionDispatch.dispatch(ReflectionDispatch.java:28)
  at org.gradle.internal.dispatch.ReflectionDispatch.dispatch(ReflectionDispatch.java:19)
  at org.gradle.internal.dispatch.ContextClassLoaderDispatch.dispatch(ContextClassLoaderDispatch.java:33)
  at org.gradle.internal.dispatch.ProxyDispatchAdapter$DispatchingInvocationHandler.invoke(ProxyDispatchAdapter.java:88)
  at jdk.proxy1/jdk.proxy1.$Proxy4.processTestDefinition(Unknown Source)
  at org.gradle.api.internal.tasks.testing.worker.TestWorker$2.run(TestWorker.java:178)
  at org.gradle.api.internal.tasks.testing.worker.TestWorker.executeAndMaintainThreadName(TestWorker.java:126)
  at org.gradle.api.internal.tasks.testing.worker.TestWorker.execute(TestWorker.java:103)
  at org.gradle.api.internal.tasks.testing.worker.TestWorker.execute(TestWorker.java:63)
  at org.gradle.process.internal.worker.child.ActionExecutionWorker.execute(ActionExecutionWorker.java:56)
  at org.gradle.process.internal.worker.child.SystemApplicationClassLoaderWorker.call(SystemApplicationClassLoaderWorker.java:122)
  at org.gradle.process.internal.worker.child.SystemApplicationClassLoaderWorker.call(SystemApplicationClassLoaderWorker.java:72)
  at worker.org.gradle.process.internal.worker.GradleWorkerMain.run(GradleWorkerMain.java:69)
  at worker.org.gradle.process.internal.worker.GradleWorkerMain.main(GradleWorkerMain.java:74)
</stacktrace>
</test-failure>


TypeScriptCompilerTests_N[jvm] > null_ts has expected errors matching null_errors_txt[jvm] FAILED

<test-failure test="com.xemantic.typescript.compiler.TypeScriptCompilerTests_N.noImplicitSymbolToString_ts has expected errors matching noImplicitSymbolToString_errors_txt" platform="jvm">
<message>
Expected diagnostics from baseline typescript-repo/tests/baselines/reference/noImplicitSymbolToString.errors.txt but none produced
</message>
<stacktrace>
  at com.xemantic.typescript.compiler.TypeScriptTestSupportKt.errorsMatchBaseline(TypeScriptTestSupport.kt:125)
  at com.xemantic.typescript.compiler.TypeScriptCompilerTests_N.noImplicitSymbolToString_ts has expected errors matching noImplicitSymbolToString_errors_txt(TypeScriptCompilerTests_N.kt:1911)
  at java.base/jdk.internal.reflect.DirectMethodHandleAccessor.invoke(DirectMethodHandleAccessor.java:104)
  at java.base/java.lang.reflect.Method.invoke(Method.java:565)
  at org.junit.runners.model.FrameworkMethod$1.runReflectiveCall(FrameworkMethod.java:59)
  at org.junit.internal.runners.model.ReflectiveCallable.run(ReflectiveCallable.java:12)
  at org.junit.runners.model.FrameworkMethod.invokeExplosively(FrameworkMethod.java:56)
  at org.junit.internal.runners.statements.InvokeMethod.evaluate(InvokeMethod.java:17)
  at org.junit.runners.ParentRunner$3.evaluate(ParentRunner.java:306)
  at org.junit.runners.BlockJUnit4ClassRunner$1.evaluate(BlockJUnit4ClassRunner.java:100)
  at org.junit.runners.ParentRunner.runLeaf(ParentRunner.java:366)
  at org.junit.runners.BlockJUnit4ClassRunner.runChild(BlockJUnit4ClassRunner.java:103)
  at org.junit.runners.BlockJUnit4ClassRunner.runChild(BlockJUnit4ClassRunner.java:63)
  at org.junit.runners.ParentRunner$4.run(ParentRunner.java:331)
  at org.junit.runners.ParentRunner$1.schedule(ParentRunner.java:79)
  at org.junit.runners.ParentRunner.runChildren(ParentRunner.java:329)
  at org.junit.runners.ParentRunner.access$100(ParentRunner.java:66)
  at org.junit.runners.ParentRunner$2.evaluate(ParentRunner.java:293)
  at org.junit.runners.ParentRunner$3.evaluate(ParentRunner.java:306)
  at org.junit.runners.ParentRunner.run(ParentRunner.java:413)
  at org.junit.runner.JUnitCore.run(JUnitCore.java:137)
  at org.junit.runner.JUnitCore.run(JUnitCore.java:115)
  at org.gradle.api.internal.tasks.testing.junit.JUnitTestExecutor.runRequest(JUnitTestExecutor.java:175)
  at org.gradle.api.internal.tasks.testing.junit.JUnitTestExecutor.accept(JUnitTestExecutor.java:84)
  at org.gradle.api.internal.tasks.testing.junit.JUnitTestExecutor.accept(JUnitTestExecutor.java:47)
  at org.gradle.api.internal.tasks.testing.junit.AbstractJUnitTestDefinitionProcessor.processTestDefinition(AbstractJUnitTestDefinitionProcessor.java:65)
  at org.gradle.api.internal.tasks.testing.SuiteTestDefinitionProcessor.processTestDefinition(SuiteTestDefinitionProcessor.java:54)
  at java.base/jdk.internal.reflect.DirectMethodHandleAccessor.invoke(DirectMethodHandleAccessor.java:104)
  at java.base/java.lang.reflect.Method.invoke(Method.java:565)
  at org.gradle.internal.dispatch.MethodInvocation.invokeOn(MethodInvocation.java:77)
  at org.gradle.internal.dispatch.ReflectionDispatch.dispatch(ReflectionDispatch.java:28)
  at org.gradle.internal.dispatch.ReflectionDispatch.dispatch(ReflectionDispatch.java:19)
  at org.gradle.internal.dispatch.ContextClassLoaderDispatch.dispatch(ContextClassLoaderDispatch.java:33)
  at org.gradle.internal.dispatch.ProxyDispatchAdapter$DispatchingInvocationHandler.invoke(ProxyDispatchAdapter.java:88)
  at jdk.proxy1/jdk.proxy1.$Proxy4.processTestDefinition(Unknown Source)
  at org.gradle.api.internal.tasks.testing.worker.TestWorker$2.run(TestWorker.java:178)
  at org.gradle.api.internal.tasks.testing.worker.TestWorker.executeAndMaintainThreadName(TestWorker.java:126)
  at org.gradle.api.internal.tasks.testing.worker.TestWorker.execute(TestWorker.java:103)
  at org.gradle.api.internal.tasks.testing.worker.TestWorker.execute(TestWorker.java:63)
  at org.gradle.process.internal.worker.child.ActionExecutionWorker.execute(ActionExecutionWorker.java:56)
  at org.gradle.process.internal.worker.child.SystemApplicationClassLoaderWorker.call(SystemApplicationClassLoaderWorker.java:122)
  at org.gradle.process.internal.worker.child.SystemApplicationClassLoaderWorker.call(SystemApplicationClassLoaderWorker.java:72)
  at worker.org.gradle.process.internal.worker.GradleWorkerMain.run(GradleWorkerMain.java:69)
  at worker.org.gradle.process.internal.worker.GradleWorkerMain.main(GradleWorkerMain.java:74)
</stacktrace>
</test-failure>


TypeScriptCompilerTests_N[jvm] > noImplicitSymbolToString_ts has expected errors matching noImplicitSymbolToString_errors_txt[jvm] FAILED

<test-failure test="com.xemantic.typescript.compiler.TypeScriptCompilerTests_N.noStrictGenericChecks_ts has expected errors matching noStrictGenericChecks_errors_txt" platform="jvm">
<message>
--- expected
+++ actual
@@ -1,22 +1,12 @@
 error TS5102: Option 'noStrictGenericChecks' has been removed. Please remove it from your configuration.
-noStrictGenericChecks.ts(5,5): error TS2322: Type 'B' is not assignable to type 'A'.
-  Types of parameters 'y' and 'y' are incompatible.
-    Type 'U' is not assignable to type 'T'.
-      'T' could be instantiated with an arbitrary type which could be unrelated to 'U'.
 
 
 !!! error TS5102: Option 'noStrictGenericChecks' has been removed. Please remove it from your configuration.
-==== noStrictGenericChecks.ts (1 errors) ====
+==== noStrictGenericChecks.ts (0 errors) ====
     type A = <T, U>(x: T, y: U) => [T, U];
     type B = <S>(x: S, y: S) => [S, S];
     
     function f(a: A, b: B) {
         a = b;  // Error disabled here
-        ~
-!!! error TS2322: Type 'B' is not assignable to type 'A'.
-!!! error TS2322:   Types of parameters 'y' and 'y' are incompatible.
-!!! error TS2322:     Type 'U' is not assignable to type 'T'.
-!!! error TS2322:       'T' could be instantiated with an arbitrary type which could be unrelated to 'U'.
-!!! related TS2208 noStrictGenericChecks.ts:1:14: This type parameter might need an `extends T` constraint.
         b = a;  // Ok
     }

</message>
<stacktrace>
  at org.junit.Assert.fail(Assert.java:89)
  at kotlin.test.junit.JUnitAsserter.fail(JUnitSupport.kt:56)
  at kotlin.test.AssertionsKt__AssertionsKt.fail(Assertions.kt:563)
  at kotlin.test.AssertionsKt.fail(Unknown Source)
  at com.xemantic.kotlin.test.SameAsKt.sameAs(SameAs.kt:52)
  at com.xemantic.typescript.compiler.TypeScriptTestSupportKt.errorsMatchBaseline(TypeScriptTestSupport.kt:135)
  at com.xemantic.typescript.compiler.TypeScriptCompilerTests_N.noStrictGenericChecks_ts has expected errors matching noStrictGenericChecks_errors_txt(TypeScriptCompilerTests_N.kt:2100)
  at java.base/jdk.internal.reflect.DirectMethodHandleAccessor.invoke(DirectMethodHandleAccessor.java:104)
  at java.base/java.lang.reflect.Method.invoke(Method.java:565)
  at org.junit.runners.model.FrameworkMethod$1.runReflectiveCall(FrameworkMethod.java:59)
  at org.junit.internal.runners.model.ReflectiveCallable.run(ReflectiveCallable.java:12)
  at org.junit.runners.model.FrameworkMethod.invokeExplosively(FrameworkMethod.java:56)
  at org.junit.internal.runners.statements.InvokeMethod.evaluate(InvokeMethod.java:17)
  at org.junit.runners.ParentRunner$3.evaluate(ParentRunner.java:306)
  at org.junit.runners.BlockJUnit4ClassRunner$1.evaluate(BlockJUnit4ClassRunner.java:100)
  at org.junit.runners.ParentRunner.runLeaf(ParentRunner.java:366)
  at org.junit.runners.BlockJUnit4ClassRunner.runChild(BlockJUnit4ClassRunner.java:103)
  at org.junit.runners.BlockJUnit4ClassRunner.runChild(BlockJUnit4ClassRunner.java:63)
  at org.junit.runners.ParentRunner$4.run(ParentRunner.java:331)
  at org.junit.runners.ParentRunner$1.schedule(ParentRunner.java:79)
  at org.junit.runners.ParentRunner.runChildren(ParentRunner.java:329)
  at org.junit.runners.ParentRunner.access$100(ParentRunner.java:66)
  at org.junit.runners.ParentRunner$2.evaluate(ParentRunner.java:293)
  at org.junit.runners.ParentRunner$3.evaluate(ParentRunner.java:306)
  at org.junit.runners.ParentRunner.run(ParentRunner.java:413)
  at org.junit.runner.JUnitCore.run(JUnitCore.java:137)
  at org.junit.runner.JUnitCore.run(JUnitCore.java:115)
  at org.gradle.api.internal.tasks.testing.junit.JUnitTestExecutor.runRequest(JUnitTestExecutor.java:175)
  at org.gradle.api.internal.tasks.testing.junit.JUnitTestExecutor.accept(JUnitTestExecutor.java:84)
  at org.gradle.api.internal.tasks.testing.junit.JUnitTestExecutor.accept(JUnitTestExecutor.java:47)
  at org.gradle.api.internal.tasks.testing.junit.AbstractJUnitTestDefinitionProcessor.processTestDefinition(AbstractJUnitTestDefinitionProcessor.java:65)
  at org.gradle.api.internal.tasks.testing.SuiteTestDefinitionProcessor.processTestDefinition(SuiteTestDefinitionProcessor.java:54)
  at java.base/jdk.internal.reflect.DirectMethodHandleAccessor.invoke(DirectMethodHandleAccessor.java:104)
  at java.base/java.lang.reflect.Method.invoke(Method.java:565)
  at org.gradle.internal.dispatch.MethodInvocation.invokeOn(MethodInvocation.java:77)
  at org.gradle.internal.dispatch.ReflectionDispatch.dispatch(ReflectionDispatch.java:28)
  at org.gradle.internal.dispatch.ReflectionDispatch.dispatch(ReflectionDispatch.java:19)
  at org.gradle.internal.dispatch.ContextClassLoaderDispatch.dispatch(ContextClassLoaderDispatch.java:33)
  at org.gradle.internal.dispatch.ProxyDispatchAdapter$DispatchingInvocationHandler.invoke(ProxyDispatchAdapter.java:88)
  at jdk.proxy1/jdk.proxy1.$Proxy4.processTestDefinition(Unknown Source)
  at org.gradle.api.internal.tasks.testing.worker.TestWorker$2.run(TestWorker.java:178)
  at org.gradle.api.internal.tasks.testing.worker.TestWorker.executeAndMaintainThreadName(TestWorker.java:126)
  at org.gradle.api.internal.tasks.testing.worker.TestWorker.execute(TestWorker.java:103)
  at org.gradle.api.internal.tasks.testing.worker.TestWorker.execute(TestWorker.java:63)
  at org.gradle.process.internal.worker.child.ActionExecutionWorker.execute(ActionExecutionWorker.java:56)
  at org.gradle.process.internal.worker.child.SystemApplicationClassLoaderWorker.call(SystemApplicationClassLoaderWorker.java:122)
  at org.gradle.process.internal.worker.child.SystemApplicationClassLoaderWorker.call(SystemApplicationClassLoaderWorker.java:72)
  at worker.org.gradle.process.internal.worker.GradleWorkerMain.run(GradleWorkerMain.java:69)
  at worker.org.gradle.process.internal.worker.GradleWorkerMain.main(GradleWorkerMain.java:74)
</stacktrace>
</test-failure>


TypeScriptCompilerTests_N[jvm] > noStrictGenericChecks_ts has expected errors matching noStrictGenericChecks_errors_txt[jvm] FAILED

<test-failure test="com.xemantic.typescript.compiler.TypeScriptCompilerTests_N.neverNullishThroughParentheses_ts has expected errors matching neverNullishThroughParentheses_errors_txt" platform="jvm">
<message>
Expected diagnostics from baseline typescript-repo/tests/baselines/reference/neverNullishThroughParentheses.errors.txt but none produced
</message>
<stacktrace>
  at com.xemantic.typescript.compiler.TypeScriptTestSupportKt.errorsMatchBaseline(TypeScriptTestSupport.kt:125)
  at com.xemantic.typescript.compiler.TypeScriptCompilerTests_N.neverNullishThroughParentheses_ts has expected errors matching neverNullishThroughParentheses_errors_txt(TypeScriptCompilerTests_N.kt:903)
  at java.base/jdk.internal.reflect.DirectMethodHandleAccessor.invoke(DirectMethodHandleAccessor.java:104)
  at java.base/java.lang.reflect.Method.invoke(Method.java:565)
  at org.junit.runners.model.FrameworkMethod$1.runReflectiveCall(FrameworkMethod.java:59)
  at org.junit.internal.runners.model.ReflectiveCallable.run(ReflectiveCallable.java:12)
  at org.junit.runners.model.FrameworkMethod.invokeExplosively(FrameworkMethod.java:56)
  at org.junit.internal.runners.statements.InvokeMethod.evaluate(InvokeMethod.java:17)
  at org.junit.runners.ParentRunner$3.evaluate(ParentRunner.java:306)
  at org.junit.runners.BlockJUnit4ClassRunner$1.evaluate(BlockJUnit4ClassRunner.java:100)
  at org.junit.runners.ParentRunner.runLeaf(ParentRunner.java:366)
  at org.junit.runners.BlockJUnit4ClassRunner.runChild(BlockJUnit4ClassRunner.java:103)
  at org.junit.runners.BlockJUnit4ClassRunner.runChild(BlockJUnit4ClassRunner.java:63)
  at org.junit.runners.ParentRunner$4.run(ParentRunner.java:331)
  at org.junit.runners.ParentRunner$1.schedule(ParentRunner.java:79)
  at org.junit.runners.ParentRunner.runChildren(ParentRunner.java:329)
  at org.junit.runners.ParentRunner.access$100(ParentRunner.java:66)
  at org.junit.runners.ParentRunner$2.evaluate(ParentRunner.java:293)
  at org.junit.runners.ParentRunner$3.evaluate(ParentRunner.java:306)
  at org.junit.runners.ParentRunner.run(ParentRunner.java:413)
  at org.junit.runner.JUnitCore.run(JUnitCore.java:137)
  at org.junit.runner.JUnitCore.run(JUnitCore.java:115)
  at org.gradle.api.internal.tasks.testing.junit.JUnitTestExecutor.runRequest(JUnitTestExecutor.java:175)
  at org.gradle.api.internal.tasks.testing.junit.JUnitTestExecutor.accept(JUnitTestExecutor.java:84)
  at org.gradle.api.internal.tasks.testing.junit.JUnitTestExecutor.accept(JUnitTestExecutor.java:47)
  at org.gradle.api.internal.tasks.testing.junit.AbstractJUnitTestDefinitionProcessor.processTestDefinition(AbstractJUnitTestDefinitionProcessor.java:65)
  at org.gradle.api.internal.tasks.testing.SuiteTestDefinitionProcessor.processTestDefinition(SuiteTestDefinitionProcessor.java:54)
  at java.base/jdk.internal.reflect.DirectMethodHandleAccessor.invoke(DirectMethodHandleAccessor.java:104)
  at java.base/java.lang.reflect.Method.invoke(Method.java:565)
  at org.gradle.internal.dispatch.MethodInvocation.invokeOn(MethodInvocation.java:77)
  at org.gradle.internal.dispatch.ReflectionDispatch.dispatch(ReflectionDispatch.java:28)
  at org.gradle.internal.dispatch.ReflectionDispatch.dispatch(ReflectionDispatch.java:19)
  at org.gradle.internal.dispatch.ContextClassLoaderDispatch.dispatch(ContextClassLoaderDispatch.java:33)
  at org.gradle.internal.dispatch.ProxyDispatchAdapter$DispatchingInvocationHandler.invoke(ProxyDispatchAdapter.java:88)
  at jdk.proxy1/jdk.proxy1.$Proxy4.processTestDefinition(Unknown Source)
  at org.gradle.api.internal.tasks.testing.worker.TestWorker$2.run(TestWorker.java:178)
  at org.gradle.api.internal.tasks.testing.worker.TestWorker.executeAndMaintainThreadName(TestWorker.java:126)
  at org.gradle.api.internal.tasks.testing.worker.TestWorker.execute(TestWorker.java:103)
  at org.gradle.api.internal.tasks.testing.worker.TestWorker.execute(TestWorker.java:63)
  at org.gradle.process.internal.worker.child.ActionExecutionWorker.execute(ActionExecutionWorker.java:56)
  at org.gradle.process.internal.worker.child.SystemApplicationClassLoaderWorker.call(SystemApplicationClassLoaderWorker.java:122)
  at org.gradle.process.internal.worker.child.SystemApplicationClassLoaderWorker.call(SystemApplicationClassLoaderWorker.java:72)
  at worker.org.gradle.process.internal.worker.GradleWorkerMain.run(GradleWorkerMain.java:69)
  at worker.org.gradle.process.internal.worker.GradleWorkerMain.main(GradleWorkerMain.java:74)
</stacktrace>
</test-failure>


TypeScriptCompilerTests_N[jvm] > neverNullishThroughParentheses_ts has expected errors matching neverNullishThroughParentheses_errors_txt[jvm] FAILED

<test-failure test="com.xemantic.typescript.compiler.TypeScriptCompilerTests_N.newOnInstanceSymbol_ts has expected errors matching newOnInstanceSymbol_errors_txt" platform="jvm">
<message>
Expected diagnostics from baseline typescript-repo/tests/baselines/reference/newOnInstanceSymbol.errors.txt but none produced
</message>
<stacktrace>
  at com.xemantic.typescript.compiler.TypeScriptTestSupportKt.errorsMatchBaseline(TypeScriptTestSupport.kt:125)
  at com.xemantic.typescript.compiler.TypeScriptCompilerTests_N.newOnInstanceSymbol_ts has expected errors matching newOnInstanceSymbol_errors_txt(TypeScriptCompilerTests_N.kt:1085)
  at java.base/jdk.internal.reflect.DirectMethodHandleAccessor.invoke(DirectMethodHandleAccessor.java:104)
  at java.base/java.lang.reflect.Method.invoke(Method.java:565)
  at org.junit.runners.model.FrameworkMethod$1.runReflectiveCall(FrameworkMethod.java:59)
  at org.junit.internal.runners.model.ReflectiveCallable.run(ReflectiveCallable.java:12)
  at org.junit.runners.model.FrameworkMethod.invokeExplosively(FrameworkMethod.java:56)
  at org.junit.internal.runners.statements.InvokeMethod.evaluate(InvokeMethod.java:17)
  at org.junit.runners.ParentRunner$3.evaluate(ParentRunner.java:306)
  at org.junit.runners.BlockJUnit4ClassRunner$1.evaluate(BlockJUnit4ClassRunner.java:100)
  at org.junit.runners.ParentRunner.runLeaf(ParentRunner.java:366)
  at org.junit.runners.BlockJUnit4ClassRunner.runChild(BlockJUnit4ClassRunner.java:103)
  at org.junit.runners.BlockJUnit4ClassRunner.runChild(BlockJUnit4ClassRunner.java:63)
  at org.junit.runners.ParentRunner$4.run(ParentRunner.java:331)
  at org.junit.runners.ParentRunner$1.schedule(ParentRunner.java:79)
  at org.junit.runners.ParentRunner.runChildren(ParentRunner.java:329)
  at org.junit.runners.ParentRunner.access$100(ParentRunner.java:66)
  at org.junit.runners.ParentRunner$2.evaluate(ParentRunner.java:293)
  at org.junit.runners.ParentRunner$3.evaluate(ParentRunner.java:306)
  at org.junit.runners.ParentRunner.run(ParentRunner.java:413)
  at org.junit.runner.JUnitCore.run(JUnitCore.java:137)
  at org.junit.runner.JUnitCore.run(JUnitCore.java:115)
  at org.gradle.api.internal.tasks.testing.junit.JUnitTestExecutor.runRequest(JUnitTestExecutor.java:175)
  at org.gradle.api.internal.tasks.testing.junit.JUnitTestExecutor.accept(JUnitTestExecutor.java:84)
  at org.gradle.api.internal.tasks.testing.junit.JUnitTestExecutor.accept(JUnitTestExecutor.java:47)
  at org.gradle.api.internal.tasks.testing.junit.AbstractJUnitTestDefinitionProcessor.processTestDefinition(AbstractJUnitTestDefinitionProcessor.java:65)
  at org.gradle.api.internal.tasks.testing.SuiteTestDefinitionProcessor.processTestDefinition(SuiteTestDefinitionProcessor.java:54)
  at java.base/jdk.internal.reflect.DirectMethodHandleAccessor.invoke(DirectMethodHandleAccessor.java:104)
  at java.base/java.lang.reflect.Method.invoke(Method.java:565)
  at org.gradle.internal.dispatch.MethodInvocation.invokeOn(MethodInvocation.java:77)
  at org.gradle.internal.dispatch.ReflectionDispatch.dispatch(ReflectionDispatch.java:28)
  at org.gradle.internal.dispatch.ReflectionDispatch.dispatch(ReflectionDispatch.java:19)
  at org.gradle.internal.dispatch.ContextClassLoaderDispatch.dispatch(ContextClassLoaderDispatch.java:33)
  at org.gradle.internal.dispatch.ProxyDispatchAdapter$DispatchingInvocationHandler.invoke(ProxyDispatchAdapter.java:88)
  at jdk.proxy1/jdk.proxy1.$Proxy4.processTestDefinition(Unknown Source)
  at org.gradle.api.internal.tasks.testing.worker.TestWorker$2.run(TestWorker.java:178)
  at org.gradle.api.internal.tasks.testing.worker.TestWorker.executeAndMaintainThreadName(TestWorker.java:126)
  at org.gradle.api.internal.tasks.testing.worker.TestWorker.execute(TestWorker.java:103)
  at org.gradle.api.internal.tasks.testing.worker.TestWorker.execute(TestWorker.java:63)
  at org.gradle.process.internal.worker.child.ActionExecutionWorker.execute(ActionExecutionWorker.java:56)
  at org.gradle.process.internal.worker.child.SystemApplicationClassLoaderWorker.call(SystemApplicationClassLoaderWorker.java:122)
  at org.gradle.process.internal.worker.child.SystemApplicationClassLoaderWorker.call(SystemApplicationClassLoaderWorker.java:72)
  at worker.org.gradle.process.internal.worker.GradleWorkerMain.run(GradleWorkerMain.java:69)
  at worker.org.gradle.process.internal.worker.GradleWorkerMain.main(GradleWorkerMain.java:74)
</stacktrace>
</test-failure>


TypeScriptCompilerTests_N[jvm] > newOnInstanceSymbol_ts has expected errors matching newOnInstanceSymbol_errors_txt[jvm] FAILED

<test-failure test="com.xemantic.typescript.compiler.TypeScriptCompilerTests_N.nodeNextPackageSelfNameWithOutDirDeclDirRootDir_ts compiles to JavaScript matching nodeNextPackageSelfNameWithOutDirDeclDirRootDir_js" platform="jvm">
<message>
--- expected
+++ actual
@@ -20,6 +20,42 @@
 
 
 //// [index.js]
-import * as me from "@this/package";
+"use strict";
+var __createBinding = (this && this.__createBinding) || (Object.create ? (function(o, m, k, k2) {
+    if (k2 === undefined) k2 = k;
+    var desc = Object.getOwnPropertyDescriptor(m, k);
+    if (!desc || ("get" in desc ? !m.__esModule : desc.writable || desc.configurable)) {
+      desc = { enumerable: true, get: function() { return m[k]; } };
+    }
+    Object.defineProperty(o, k2, desc);
+}) : (function(o, m, k, k2) {
+    if (k2 === undefined) k2 = k;
+    o[k2] = m[k];
+}));
+var __setModuleDefault = (this && this.__setModuleDefault) || (Object.create ? (function(o, v) {
+    Object.defineProperty(o, "default", { enumerable: true, value: v });
+}) : function(o, v) {
+    o["default"] = v;
+});
+var __importStar = (this && this.__importStar) || (function () {
+    var ownKeys = function(o) {
+        ownKeys = Object.getOwnPropertyNames || function (o) {
+            var ar = [];
+            for (var k in o) if (Object.prototype.hasOwnProperty.call(o, k)) ar[ar.length] = k;
+            return ar;
+        };
+        return ownKeys(o);
+    };
+    return function (mod) {
+        if (mod && mod.__esModule) return mod;
+        var result = {};
+        if (mod != null) for (var k = ownKeys(mod), i = 0; i < k.length; i++) if (k[i] !== "default") __createBinding(result, mod, k[i]);
+        __setModuleDefault(result, mod);
+        return result;
+    };
+})();
+Object.defineProperty(exports, "__esModule", { value: true });
+exports.thing = thing;
+const me = __importStar(require("@this/package"));
 me.thing();
-export function thing() { }
+function thing() { }

</message>
<stacktrace>
  at org.junit.Assert.fail(Assert.java:89)
  at kotlin.test.junit.JUnitAsserter.fail(JUnitSupport.kt:56)
  at kotlin.test.AssertionsKt__AssertionsKt.fail(Assertions.kt:563)
  at kotlin.test.AssertionsKt.fail(Unknown Source)
  at com.xemantic.kotlin.test.SameAsKt.sameAs(SameAs.kt:52)
  at com.xemantic.typescript.compiler.TypeScriptTestSupportKt.sameAs(TypeScriptTestSupport.kt:99)
  at com.xemantic.typescript.compiler.TypeScriptCompilerTests_N.nodeNextPackageSelfNameWithOutDirDeclDirRootDir_ts compiles to JavaScript matching nodeNextPackageSelfNameWithOutDirDeclDirRootDir_js(TypeScriptCompilerTests_N.kt:2422)
  at java.base/jdk.internal.reflect.DirectMethodHandleAccessor.invoke(DirectMethodHandleAccessor.java:104)
  at java.base/java.lang.reflect.Method.invoke(Method.java:565)
  at org.junit.runners.model.FrameworkMethod$1.runReflectiveCall(FrameworkMethod.java:59)
  at org.junit.internal.runners.model.ReflectiveCallable.run(ReflectiveCallable.java:12)
  at org.junit.runners.model.FrameworkMethod.invokeExplosively(FrameworkMethod.java:56)
  at org.junit.internal.runners.statements.InvokeMethod.evaluate(InvokeMethod.java:17)
  at org.junit.runners.ParentRunner$3.evaluate(ParentRunner.java:306)
  at org.junit.runners.BlockJUnit4ClassRunner$1.evaluate(BlockJUnit4ClassRunner.java:100)
  at org.junit.runners.ParentRunner.runLeaf(ParentRunner.java:366)
  at org.junit.runners.BlockJUnit4ClassRunner.runChild(BlockJUnit4ClassRunner.java:103)
  at org.junit.runners.BlockJUnit4ClassRunner.runChild(BlockJUnit4ClassRunner.java:63)
  at org.junit.runners.ParentRunner$4.run(ParentRunner.java:331)
  at org.junit.runners.ParentRunner$1.schedule(ParentRunner.java:79)
  at org.junit.runners.ParentRunner.runChildren(ParentRunner.java:329)
  at org.junit.runners.ParentRunner.access$100(ParentRunner.java:66)
  at org.junit.runners.ParentRunner$2.evaluate(ParentRunner.java:293)
  at org.junit.runners.ParentRunner$3.evaluate(ParentRunner.java:306)
  at org.junit.runners.ParentRunner.run(ParentRunner.java:413)
  at org.junit.runner.JUnitCore.run(JUnitCore.java:137)
  at org.junit.runner.JUnitCore.run(JUnitCore.java:115)
  at org.gradle.api.internal.tasks.testing.junit.JUnitTestExecutor.runRequest(JUnitTestExecutor.java:175)
  at org.gradle.api.internal.tasks.testing.junit.JUnitTestExecutor.accept(JUnitTestExecutor.java:84)
  at org.gradle.api.internal.tasks.testing.junit.JUnitTestExecutor.accept(JUnitTestExecutor.java:47)
  at org.gradle.api.internal.tasks.testing.junit.AbstractJUnitTestDefinitionProcessor.processTestDefinition(AbstractJUnitTestDefinitionProcessor.java:65)
  at org.gradle.api.internal.tasks.testing.SuiteTestDefinitionProcessor.processTestDefinition(SuiteTestDefinitionProcessor.java:54)
  at java.base/jdk.internal.reflect.DirectMethodHandleAccessor.invoke(DirectMethodHandleAccessor.java:104)
  at java.base/java.lang.reflect.Method.invoke(Method.java:565)
  at org.gradle.internal.dispatch.MethodInvocation.invokeOn(MethodInvocation.java:77)
  at org.gradle.internal.dispatch.ReflectionDispatch.dispatch(ReflectionDispatch.java:28)
  at org.gradle.internal.dispatch.ReflectionDispatch.dispatch(ReflectionDispatch.java:19)
  at org.gradle.internal.dispatch.ContextClassLoaderDispatch.dispatch(ContextClassLoaderDispatch.java:33)
  at org.gradle.internal.dispatch.ProxyDispatchAdapter$DispatchingInvocationHandler.invoke(ProxyDispatchAdapter.java:88)
  at jdk.proxy1/jdk.proxy1.$Proxy4.processTestDefinition(Unknown Source)
  at org.gradle.api.internal.tasks.testing.worker.TestWorker$2.run(TestWorker.java:178)
  at org.gradle.api.internal.tasks.testing.worker.TestWorker.executeAndMaintainThreadName(TestWorker.java:126)
  at org.gradle.api.internal.tasks.testing.worker.TestWorker.execute(TestWorker.java:103)
  at org.gradle.api.internal.tasks.testing.worker.TestWorker.execute(TestWorker.java:63)
  at org.gradle.process.internal.worker.child.ActionExecutionWorker.execute(ActionExecutionWorker.java:56)
  at org.gradle.process.internal.worker.child.SystemApplicationClassLoaderWorker.call(SystemApplicationClassLoaderWorker.java:122)
  at org.gradle.process.internal.worker.child.SystemApplicationClassLoaderWorker.call(SystemApplicationClassLoaderWorker.java:72)
  at worker.org.gradle.process.internal.worker.GradleWorkerMain.run(GradleWorkerMain.java:69)
  at worker.org.gradle.process.internal.worker.GradleWorkerMain.main(GradleWorkerMain.java:74)
</stacktrace>
</test-failure>


TypeScriptCompilerTests_N[jvm] > nodeNextPackageSelfNameWithOutDirDeclDirRootDir_ts compiles to JavaScript matching nodeNextPackageSelfNameWithOutDirDeclDirRootDir_js[jvm] FAILED

<test-failure test="com.xemantic.typescript.compiler.TypeScriptCompilerTests_N.newFunctionImplicitAny_ts has expected errors matching newFunctionImplicitAny_errors_txt" platform="jvm">
<message>
Expected diagnostics from baseline typescript-repo/tests/baselines/reference/newFunctionImplicitAny.errors.txt but none produced
</message>
<stacktrace>
  at com.xemantic.typescript.compiler.TypeScriptTestSupportKt.errorsMatchBaseline(TypeScriptTestSupport.kt:125)
  at com.xemantic.typescript.compiler.TypeScriptCompilerTests_N.newFunctionImplicitAny_ts has expected errors matching newFunctionImplicitAny_errors_txt(TypeScriptCompilerTests_N.kt:987)
  at java.base/jdk.internal.reflect.DirectMethodHandleAccessor.invoke(DirectMethodHandleAccessor.java:104)
  at java.base/java.lang.reflect.Method.invoke(Method.java:565)
  at org.junit.runners.model.FrameworkMethod$1.runReflectiveCall(FrameworkMethod.java:59)
  at org.junit.internal.runners.model.ReflectiveCallable.run(ReflectiveCallable.java:12)
  at org.junit.runners.model.FrameworkMethod.invokeExplosively(FrameworkMethod.java:56)
  at org.junit.internal.runners.statements.InvokeMethod.evaluate(InvokeMethod.java:17)
  at org.junit.runners.ParentRunner$3.evaluate(ParentRunner.java:306)
  at org.junit.runners.BlockJUnit4ClassRunner$1.evaluate(BlockJUnit4ClassRunner.java:100)
  at org.junit.runners.ParentRunner.runLeaf(ParentRunner.java:366)
  at org.junit.runners.BlockJUnit4ClassRunner.runChild(BlockJUnit4ClassRunner.java:103)
  at org.junit.runners.BlockJUnit4ClassRunner.runChild(BlockJUnit4ClassRunner.java:63)
  at org.junit.runners.ParentRunner$4.run(ParentRunner.java:331)
  at org.junit.runners.ParentRunner$1.schedule(ParentRunner.java:79)
  at org.junit.runners.ParentRunner.runChildren(ParentRunner.java:329)
  at org.junit.runners.ParentRunner.access$100(ParentRunner.java:66)
  at org.junit.runners.ParentRunner$2.evaluate(ParentRunner.java:293)
  at org.junit.runners.ParentRunner$3.evaluate(ParentRunner.java:306)
  at org.junit.runners.ParentRunner.run(ParentRunner.java:413)
  at org.junit.runner.JUnitCore.run(JUnitCore.java:137)
  at org.junit.runner.JUnitCore.run(JUnitCore.java:115)
  at org.gradle.api.internal.tasks.testing.junit.JUnitTestExecutor.runRequest(JUnitTestExecutor.java:175)
  at org.gradle.api.internal.tasks.testing.junit.JUnitTestExecutor.accept(JUnitTestExecutor.java:84)
  at org.gradle.api.internal.tasks.testing.junit.JUnitTestExecutor.accept(JUnitTestExecutor.java:47)
  at org.gradle.api.internal.tasks.testing.junit.AbstractJUnitTestDefinitionProcessor.processTestDefinition(AbstractJUnitTestDefinitionProcessor.java:65)
  at org.gradle.api.internal.tasks.testing.SuiteTestDefinitionProcessor.processTestDefinition(SuiteTestDefinitionProcessor.java:54)
  at java.base/jdk.internal.reflect.DirectMethodHandleAccessor.invoke(DirectMethodHandleAccessor.java:104)
  at java.base/java.lang.reflect.Method.invoke(Method.java:565)
  at org.gradle.internal.dispatch.MethodInvocation.invokeOn(MethodInvocation.java:77)
  at org.gradle.internal.dispatch.ReflectionDispatch.dispatch(ReflectionDispatch.java:28)
  at org.gradle.internal.dispatch.ReflectionDispatch.dispatch(ReflectionDispatch.java:19)
  at org.gradle.internal.dispatch.ContextClassLoaderDispatch.dispatch(ContextClassLoaderDispatch.java:33)
  at org.gradle.internal.dispatch.ProxyDispatchAdapter$DispatchingInvocationHandler.invoke(ProxyDispatchAdapter.java:88)
  at jdk.proxy1/jdk.proxy1.$Proxy4.processTestDefinition(Unknown Source)
  at org.gradle.api.internal.tasks.testing.worker.TestWorker$2.run(TestWorker.java:178)
  at org.gradle.api.internal.tasks.testing.worker.TestWorker.executeAndMaintainThreadName(TestWorker.java:126)
  at org.gradle.api.internal.tasks.testing.worker.TestWorker.execute(TestWorker.java:103)
  at org.gradle.api.internal.tasks.testing.worker.TestWorker.execute(TestWorker.java:63)
  at org.gradle.process.internal.worker.child.ActionExecutionWorker.execute(ActionExecutionWorker.java:56)
  at org.gradle.process.internal.worker.child.SystemApplicationClassLoaderWorker.call(SystemApplicationClassLoaderWorker.java:122)
  at org.gradle.process.internal.worker.child.SystemApplicationClassLoaderWorker.call(SystemApplicationClassLoaderWorker.java:72)
  at worker.org.gradle.process.internal.worker.GradleWorkerMain.run(GradleWorkerMain.java:69)
  at worker.org.gradle.process.internal.worker.GradleWorkerMain.main(GradleWorkerMain.java:74)
</stacktrace>
</test-failure>


TypeScriptCompilerTests_N[jvm] > newFunctionImplicitAny_ts has expected errors matching newFunctionImplicitAny_errors_txt[jvm] FAILED

<test-failure test="com.xemantic.typescript.compiler.TypeScriptCompilerTests_N.namespaceMergedWithImportAliasNoCrash_ts has expected errors matching namespaceMergedWithImportAliasNoCrash_errors_txt" platform="jvm">
<message>
--- expected
+++ actual
@@ -1,25 +1,19 @@
-file1.ts(5,1): error TS2708: Cannot use namespace 'Library' as a value.
-file2.ts(1,13): error TS2440: Import declaration conflicts with local declaration of 'Lib'.
-file2.ts(6,12): error TS2694: Namespace 'Lib' has no exported member 'Bar'.
+file2.ts(6,12): error TS2694: Namespace '"file2".Lib' has no exported member 'Bar'.
 
 
-==== file1.ts (1 errors) ====
+==== file1.ts (0 errors) ====
     export namespace Library {
         export type Bar = { a: number };
     }
     var x: Library.Bar; // should work
     Library.foo; // should be an error
-    ~~~~~~~
-!!! error TS2708: Cannot use namespace 'Library' as a value.
-==== file2.ts (2 errors) ====
+==== file2.ts (1 errors) ====
     import * as Lib from './file1';
-                ~~~
-!!! error TS2440: Import declaration conflicts with local declaration of 'Lib'.
     namespace Lib { // should fail to merge
         export const foo: string = "";
     }
     Lib.foo; // should work
     var x: Lib.Bar; // should be an error
                ~~~
-!!! error TS2694: Namespace 'Lib' has no exported member 'Bar'.
+!!! error TS2694: Namespace '"file2".Lib' has no exported member 'Bar'.
     export { Lib }

</message>
<stacktrace>
  at org.junit.Assert.fail(Assert.java:89)
  at kotlin.test.junit.JUnitAsserter.fail(JUnitSupport.kt:56)
  at kotlin.test.AssertionsKt__AssertionsKt.fail(Assertions.kt:563)
  at kotlin.test.AssertionsKt.fail(Unknown Source)
  at com.xemantic.kotlin.test.SameAsKt.sameAs(SameAs.kt:52)
  at com.xemantic.typescript.compiler.TypeScriptTestSupportKt.errorsMatchBaseline(TypeScriptTestSupport.kt:135)
  at com.xemantic.typescript.compiler.TypeScriptCompilerTests_N.namespaceMergedWithImportAliasNoCrash_ts has expected errors matching namespaceMergedWithImportAliasNoCrash_errors_txt(TypeScriptCompilerTests_N.kt:126)
  at java.base/jdk.internal.reflect.DirectMethodHandleAccessor.invoke(DirectMethodHandleAccessor.java:104)
  at java.base/java.lang.reflect.Method.invoke(Method.java:565)
  at org.junit.runners.model.FrameworkMethod$1.runReflectiveCall(FrameworkMethod.java:59)
  at org.junit.internal.runners.model.ReflectiveCallable.run(ReflectiveCallable.java:12)
  at org.junit.runners.model.FrameworkMethod.invokeExplosively(FrameworkMethod.java:56)
  at org.junit.internal.runners.statements.InvokeMethod.evaluate(InvokeMethod.java:17)
  at org.junit.runners.ParentRunner$3.evaluate(ParentRunner.java:306)
  at org.junit.runners.BlockJUnit4ClassRunner$1.evaluate(BlockJUnit4ClassRunner.java:100)
  at org.junit.runners.ParentRunner.runLeaf(ParentRunner.java:366)
  at org.junit.runners.BlockJUnit4ClassRunner.runChild(BlockJUnit4ClassRunner.java:103)
  at org.junit.runners.BlockJUnit4ClassRunner.runChild(BlockJUnit4ClassRunner.java:63)
  at org.junit.runners.ParentRunner$4.run(ParentRunner.java:331)
  at org.junit.runners.ParentRunner$1.schedule(ParentRunner.java:79)
  at org.junit.runners.ParentRunner.runChildren(ParentRunner.java:329)
  at org.junit.runners.ParentRunner.access$100(ParentRunner.java:66)
  at org.junit.runners.ParentRunner$2.evaluate(ParentRunner.java:293)
  at org.junit.runners.ParentRunner$3.evaluate(ParentRunner.java:306)
  at org.junit.runners.ParentRunner.run(ParentRunner.java:413)
  at org.junit.runner.JUnitCore.run(JUnitCore.java:137)
  at org.junit.runner.JUnitCore.run(JUnitCore.java:115)
  at org.gradle.api.internal.tasks.testing.junit.JUnitTestExecutor.runRequest(JUnitTestExecutor.java:175)
  at org.gradle.api.internal.tasks.testing.junit.JUnitTestExecutor.accept(JUnitTestExecutor.java:84)
  at org.gradle.api.internal.tasks.testing.junit.JUnitTestExecutor.accept(JUnitTestExecutor.java:47)
  at org.gradle.api.internal.tasks.testing.junit.AbstractJUnitTestDefinitionProcessor.processTestDefinition(AbstractJUnitTestDefinitionProcessor.java:65)
  at org.gradle.api.internal.tasks.testing.SuiteTestDefinitionProcessor.processTestDefinition(SuiteTestDefinitionProcessor.java:54)
  at java.base/jdk.internal.reflect.DirectMethodHandleAccessor.invoke(DirectMethodHandleAccessor.java:104)
  at java.base/java.lang.reflect.Method.invoke(Method.java:565)
  at org.gradle.internal.dispatch.MethodInvocation.invokeOn(MethodInvocation.java:77)
  at org.gradle.internal.dispatch.ReflectionDispatch.dispatch(ReflectionDispatch.java:28)
  at org.gradle.internal.dispatch.ReflectionDispatch.dispatch(ReflectionDispatch.java:19)
  at org.gradle.internal.dispatch.ContextClassLoaderDispatch.dispatch(ContextClassLoaderDispatch.java:33)
  at org.gradle.internal.dispatch.ProxyDispatchAdapter$DispatchingInvocationHandler.invoke(ProxyDispatchAdapter.java:88)
  at jdk.proxy1/jdk.proxy1.$Proxy4.processTestDefinition(Unknown Source)
  at org.gradle.api.internal.tasks.testing.worker.TestWorker$2.run(TestWorker.java:178)
  at org.gradle.api.internal.tasks.testing.worker.TestWorker.executeAndMaintainThreadName(TestWorker.java:126)
  at org.gradle.api.internal.tasks.testing.worker.TestWorker.execute(TestWorker.java:103)
  at org.gradle.api.internal.tasks.testing.worker.TestWorker.execute(TestWorker.java:63)
  at org.gradle.process.internal.worker.child.ActionExecutionWorker.execute(ActionExecutionWorker.java:56)
  at org.gradle.process.internal.worker.child.SystemApplicationClassLoaderWorker.call(SystemApplicationClassLoaderWorker.java:122)
  at org.gradle.process.internal.worker.child.SystemApplicationClassLoaderWorker.call(SystemApplicationClassLoaderWorker.java:72)
  at worker.org.gradle.process.internal.worker.GradleWorkerMain.run(GradleWorkerMain.java:69)
  at worker.org.gradle.process.internal.worker.GradleWorkerMain.main(GradleWorkerMain.java:74)
</stacktrace>
</test-failure>


TypeScriptCompilerTests_N[jvm] > namespaceMergedWithImportAliasNoCrash_ts has expected errors matching namespaceMergedWithImportAliasNoCrash_errors_txt[jvm] FAILED

<test-failure test="com.xemantic.typescript.compiler.TypeScriptCompilerTests_N.numericIndexerConstraint1_ts has expected errors matching numericIndexerConstraint1_errors_txt" platform="jvm">
<message>
Expected diagnostics from baseline typescript-repo/tests/baselines/reference/numericIndexerConstraint1.errors.txt but none produced
</message>
<stacktrace>
  at com.xemantic.typescript.compiler.TypeScriptTestSupportKt.errorsMatchBaseline(TypeScriptTestSupport.kt:125)
  at com.xemantic.typescript.compiler.TypeScriptCompilerTests_N.numericIndexerConstraint1_ts has expected errors matching numericIndexerConstraint1_errors_txt(TypeScriptCompilerTests_N.kt:2940)
  at java.base/jdk.internal.reflect.DirectMethodHandleAccessor.invoke(DirectMethodHandleAccessor.java:104)
  at java.base/java.lang.reflect.Method.invoke(Method.java:565)
  at org.junit.runners.model.FrameworkMethod$1.runReflectiveCall(FrameworkMethod.java:59)
  at org.junit.internal.runners.model.ReflectiveCallable.run(ReflectiveCallable.java:12)
  at org.junit.runners.model.FrameworkMethod.invokeExplosively(FrameworkMethod.java:56)
  at org.junit.internal.runners.statements.InvokeMethod.evaluate(InvokeMethod.java:17)
  at org.junit.runners.ParentRunner$3.evaluate(ParentRunner.java:306)
  at org.junit.runners.BlockJUnit4ClassRunner$1.evaluate(BlockJUnit4ClassRunner.java:100)
  at org.junit.runners.ParentRunner.runLeaf(ParentRunner.java:366)
  at org.junit.runners.BlockJUnit4ClassRunner.runChild(BlockJUnit4ClassRunner.java:103)
  at org.junit.runners.BlockJUnit4ClassRunner.runChild(BlockJUnit4ClassRunner.java:63)
  at org.junit.runners.ParentRunner$4.run(ParentRunner.java:331)
  at org.junit.runners.ParentRunner$1.schedule(ParentRunner.java:79)
  at org.junit.runners.ParentRunner.runChildren(ParentRunner.java:329)
  at org.junit.runners.ParentRunner.access$100(ParentRunner.java:66)
  at org.junit.runners.ParentRunner$2.evaluate(ParentRunner.java:293)
  at org.junit.runners.ParentRunner$3.evaluate(ParentRunner.java:306)
  at org.junit.runners.ParentRunner.run(ParentRunner.java:413)
  at org.junit.runner.JUnitCore.run(JUnitCore.java:137)
  at org.junit.runner.JUnitCore.run(JUnitCore.java:115)
  at org.gradle.api.internal.tasks.testing.junit.JUnitTestExecutor.runRequest(JUnitTestExecutor.java:175)
  at org.gradle.api.internal.tasks.testing.junit.JUnitTestExecutor.accept(JUnitTestExecutor.java:84)
  at org.gradle.api.internal.tasks.testing.junit.JUnitTestExecutor.accept(JUnitTestExecutor.java:47)
  at org.gradle.api.internal.tasks.testing.junit.AbstractJUnitTestDefinitionProcessor.processTestDefinition(AbstractJUnitTestDefinitionProcessor.java:65)
  at org.gradle.api.internal.tasks.testing.SuiteTestDefinitionProcessor.processTestDefinition(SuiteTestDefinitionProcessor.java:54)
  at java.base/jdk.internal.reflect.DirectMethodHandleAccessor.invoke(DirectMethodHandleAccessor.java:104)
  at java.base/java.lang.reflect.Method.invoke(Method.java:565)
  at org.gradle.internal.dispatch.MethodInvocation.invokeOn(MethodInvocation.java:77)
  at org.gradle.internal.dispatch.ReflectionDispatch.dispatch(ReflectionDispatch.java:28)
  at org.gradle.internal.dispatch.ReflectionDispatch.dispatch(ReflectionDispatch.java:19)
  at org.gradle.internal.dispatch.ContextClassLoaderDispatch.dispatch(ContextClassLoaderDispatch.java:33)
  at org.gradle.internal.dispatch.ProxyDispatchAdapter$DispatchingInvocationHandler.invoke(ProxyDispatchAdapter.java:88)
  at jdk.proxy1/jdk.proxy1.$Proxy4.processTestDefinition(Unknown Source)
  at org.gradle.api.internal.tasks.testing.worker.TestWorker$2.run(TestWorker.java:178)
  at org.gradle.api.internal.tasks.testing.worker.TestWorker.executeAndMaintainThreadName(TestWorker.java:126)
  at org.gradle.api.internal.tasks.testing.worker.TestWorker.execute(TestWorker.java:103)
  at org.gradle.api.internal.tasks.testing.worker.TestWorker.execute(TestWorker.java:63)
  at org.gradle.process.internal.worker.child.ActionExecutionWorker.execute(ActionExecutionWorker.java:56)
  at org.gradle.process.internal.worker.child.SystemApplicationClassLoaderWorker.call(SystemApplicationClassLoaderWorker.java:122)
  at org.gradle.process.internal.worker.child.SystemApplicationClassLoaderWorker.call(SystemApplicationClassLoaderWorker.java:72)
  at worker.org.gradle.process.internal.worker.GradleWorkerMain.run(GradleWorkerMain.java:69)
  at worker.org.gradle.process.internal.worker.GradleWorkerMain.main(GradleWorkerMain.java:74)
</stacktrace>
</test-failure>


TypeScriptCompilerTests_N[jvm] > numericIndexerConstraint1_ts has expected errors matching numericIndexerConstraint1_errors_txt[jvm] FAILED

<test-failure test="com.xemantic.typescript.compiler.TypeScriptCompilerTests_N.numericIndexerConstraint5_ts has expected errors matching numericIndexerConstraint5_errors_txt" platform="jvm">
<message>
Expected diagnostics from baseline typescript-repo/tests/baselines/reference/numericIndexerConstraint5.errors.txt but none produced
</message>
<stacktrace>
  at com.xemantic.typescript.compiler.TypeScriptTestSupportKt.errorsMatchBaseline(TypeScriptTestSupport.kt:125)
  at com.xemantic.typescript.compiler.TypeScriptCompilerTests_N.numericIndexerConstraint5_ts has expected errors matching numericIndexerConstraint5_errors_txt(TypeScriptCompilerTests_N.kt:2996)
  at java.base/jdk.internal.reflect.DirectMethodHandleAccessor.invoke(DirectMethodHandleAccessor.java:104)
  at java.base/java.lang.reflect.Method.invoke(Method.java:565)
  at org.junit.runners.model.FrameworkMethod$1.runReflectiveCall(FrameworkMethod.java:59)
  at org.junit.internal.runners.model.ReflectiveCallable.run(ReflectiveCallable.java:12)
  at org.junit.runners.model.FrameworkMethod.invokeExplosively(FrameworkMethod.java:56)
  at org.junit.internal.runners.statements.InvokeMethod.evaluate(InvokeMethod.java:17)
  at org.junit.runners.ParentRunner$3.evaluate(ParentRunner.java:306)
  at org.junit.runners.BlockJUnit4ClassRunner$1.evaluate(BlockJUnit4ClassRunner.java:100)
  at org.junit.runners.ParentRunner.runLeaf(ParentRunner.java:366)
  at org.junit.runners.BlockJUnit4ClassRunner.runChild(BlockJUnit4ClassRunner.java:103)
  at org.junit.runners.BlockJUnit4ClassRunner.runChild(BlockJUnit4ClassRunner.java:63)
  at org.junit.runners.ParentRunner$4.run(ParentRunner.java:331)
  at org.junit.runners.ParentRunner$1.schedule(ParentRunner.java:79)
  at org.junit.runners.ParentRunner.runChildren(ParentRunner.java:329)
  at org.junit.runners.ParentRunner.access$100(ParentRunner.java:66)
  at org.junit.runners.ParentRunner$2.evaluate(ParentRunner.java:293)
  at org.junit.runners.ParentRunner$3.evaluate(ParentRunner.java:306)
  at org.junit.runners.ParentRunner.run(ParentRunner.java:413)
  at org.junit.runner.JUnitCore.run(JUnitCore.java:137)
  at org.junit.runner.JUnitCore.run(JUnitCore.java:115)
  at org.gradle.api.internal.tasks.testing.junit.JUnitTestExecutor.runRequest(JUnitTestExecutor.java:175)
  at org.gradle.api.internal.tasks.testing.junit.JUnitTestExecutor.accept(JUnitTestExecutor.java:84)
  at org.gradle.api.internal.tasks.testing.junit.JUnitTestExecutor.accept(JUnitTestExecutor.java:47)
  at org.gradle.api.internal.tasks.testing.junit.AbstractJUnitTestDefinitionProcessor.processTestDefinition(AbstractJUnitTestDefinitionProcessor.java:65)
  at org.gradle.api.internal.tasks.testing.SuiteTestDefinitionProcessor.processTestDefinition(SuiteTestDefinitionProcessor.java:54)
  at java.base/jdk.internal.reflect.DirectMethodHandleAccessor.invoke(DirectMethodHandleAccessor.java:104)
  at java.base/java.lang.reflect.Method.invoke(Method.java:565)
  at org.gradle.internal.dispatch.MethodInvocation.invokeOn(MethodInvocation.java:77)
  at org.gradle.internal.dispatch.ReflectionDispatch.dispatch(ReflectionDispatch.java:28)
  at org.gradle.internal.dispatch.ReflectionDispatch.dispatch(ReflectionDispatch.java:19)
  at org.gradle.internal.dispatch.ContextClassLoaderDispatch.dispatch(ContextClassLoaderDispatch.java:33)
  at org.gradle.internal.dispatch.ProxyDispatchAdapter$DispatchingInvocationHandler.invoke(ProxyDispatchAdapter.java:88)
  at jdk.proxy1/jdk.proxy1.$Proxy4.processTestDefinition(Unknown Source)
  at org.gradle.api.internal.tasks.testing.worker.TestWorker$2.run(TestWorker.java:178)
  at org.gradle.api.internal.tasks.testing.worker.TestWorker.executeAndMaintainThreadName(TestWorker.java:126)
  at org.gradle.api.internal.tasks.testing.worker.TestWorker.execute(TestWorker.java:103)
  at org.gradle.api.internal.tasks.testing.worker.TestWorker.execute(TestWorker.java:63)
  at org.gradle.process.internal.worker.child.ActionExecutionWorker.execute(ActionExecutionWorker.java:56)
  at org.gradle.process.internal.worker.child.SystemApplicationClassLoaderWorker.call(SystemApplicationClassLoaderWorker.java:122)
  at org.gradle.process.internal.worker.child.SystemApplicationClassLoaderWorker.call(SystemApplicationClassLoaderWorker.java:72)
  at worker.org.gradle.process.internal.worker.GradleWorkerMain.run(GradleWorkerMain.java:69)
  at worker.org.gradle.process.internal.worker.GradleWorkerMain.main(GradleWorkerMain.java:74)
</stacktrace>
</test-failure>


TypeScriptCompilerTests_N[jvm] > numericIndexerConstraint5_ts has expected errors matching numericIndexerConstraint5_errors_txt[jvm] FAILED

<test-failure test="com.xemantic.typescript.compiler.TypeScriptCompilerTests_N.noImplicitAnyMissingGetAccessor_ts__target_es2015__has expected errors matching baseline" platform="jvm">
<message>
Expected diagnostics from baseline typescript-repo/tests/baselines/reference/noImplicitAnyMissingGetAccessor(target=es2015).errors.txt but none produced
</message>
<stacktrace>
  at com.xemantic.typescript.compiler.TypeScriptTestSupportKt.errorsMatchBaseline(TypeScriptTestSupport.kt:125)
  at com.xemantic.typescript.compiler.TypeScriptCompilerTests_N.noImplicitAnyMissingGetAccessor_ts__target_es2015__has expected errors matching baseline(TypeScriptCompilerTests_N.kt:1617)
  at java.base/jdk.internal.reflect.DirectMethodHandleAccessor.invoke(DirectMethodHandleAccessor.java:104)
  at java.base/java.lang.reflect.Method.invoke(Method.java:565)
  at org.junit.runners.model.FrameworkMethod$1.runReflectiveCall(FrameworkMethod.java:59)
  at org.junit.internal.runners.model.ReflectiveCallable.run(ReflectiveCallable.java:12)
  at org.junit.runners.model.FrameworkMethod.invokeExplosively(FrameworkMethod.java:56)
  at org.junit.internal.runners.statements.InvokeMethod.evaluate(InvokeMethod.java:17)
  at org.junit.runners.ParentRunner$3.evaluate(ParentRunner.java:306)
  at org.junit.runners.BlockJUnit4ClassRunner$1.evaluate(BlockJUnit4ClassRunner.java:100)
  at org.junit.runners.ParentRunner.runLeaf(ParentRunner.java:366)
  at org.junit.runners.BlockJUnit4ClassRunner.runChild(BlockJUnit4ClassRunner.java:103)
  at org.junit.runners.BlockJUnit4ClassRunner.runChild(BlockJUnit4ClassRunner.java:63)
  at org.junit.runners.ParentRunner$4.run(ParentRunner.java:331)
  at org.junit.runners.ParentRunner$1.schedule(ParentRunner.java:79)
  at org.junit.runners.ParentRunner.runChildren(ParentRunner.java:329)
  at org.junit.runners.ParentRunner.access$100(ParentRunner.java:66)
  at org.junit.runners.ParentRunner$2.evaluate(ParentRunner.java:293)
  at org.junit.runners.ParentRunner$3.evaluate(ParentRunner.java:306)
  at org.junit.runners.ParentRunner.run(ParentRunner.java:413)
  at org.junit.runner.JUnitCore.run(JUnitCore.java:137)
  at org.junit.runner.JUnitCore.run(JUnitCore.java:115)
  at org.gradle.api.internal.tasks.testing.junit.JUnitTestExecutor.runRequest(JUnitTestExecutor.java:175)
  at org.gradle.api.internal.tasks.testing.junit.JUnitTestExecutor.accept(JUnitTestExecutor.java:84)
  at org.gradle.api.internal.tasks.testing.junit.JUnitTestExecutor.accept(JUnitTestExecutor.java:47)
  at org.gradle.api.internal.tasks.testing.junit.AbstractJUnitTestDefinitionProcessor.processTestDefinition(AbstractJUnitTestDefinitionProcessor.java:65)
  at org.gradle.api.internal.tasks.testing.SuiteTestDefinitionProcessor.processTestDefinition(SuiteTestDefinitionProcessor.java:54)
  at java.base/jdk.internal.reflect.DirectMethodHandleAccessor.invoke(DirectMethodHandleAccessor.java:104)
  at java.base/java.lang.reflect.Method.invoke(Method.java:565)
  at org.gradle.internal.dispatch.MethodInvocation.invokeOn(MethodInvocation.java:77)
  at org.gradle.internal.dispatch.ReflectionDispatch.dispatch(ReflectionDispatch.java:28)
  at org.gradle.internal.dispatch.ReflectionDispatch.dispatch(ReflectionDispatch.java:19)
  at org.gradle.internal.dispatch.ContextClassLoaderDispatch.dispatch(ContextClassLoaderDispatch.java:33)
  at org.gradle.internal.dispatch.ProxyDispatchAdapter$DispatchingInvocationHandler.invoke(ProxyDispatchAdapter.java:88)
  at jdk.proxy1/jdk.proxy1.$Proxy4.processTestDefinition(Unknown Source)
  at org.gradle.api.internal.tasks.testing.worker.TestWorker$2.run(TestWorker.java:178)
  at org.gradle.api.internal.tasks.testing.worker.TestWorker.executeAndMaintainThreadName(TestWorker.java:126)
  at org.gradle.api.internal.tasks.testing.worker.TestWorker.execute(TestWorker.java:103)
  at org.gradle.api.internal.tasks.testing.worker.TestWorker.execute(TestWorker.java:63)
  at org.gradle.process.internal.worker.child.ActionExecutionWorker.execute(ActionExecutionWorker.java:56)
  at org.gradle.process.internal.worker.child.SystemApplicationClassLoaderWorker.call(SystemApplicationClassLoaderWorker.java:122)
  at org.gradle.process.internal.worker.child.SystemApplicationClassLoaderWorker.call(SystemApplicationClassLoaderWorker.java:72)
  at worker.org.gradle.process.internal.worker.GradleWorkerMain.run(GradleWorkerMain.java:69)
  at worker.org.gradle.process.internal.worker.GradleWorkerMain.main(GradleWorkerMain.java:74)
</stacktrace>
</test-failure>


TypeScriptCompilerTests_N[jvm] > noImplicitAnyMissingGetAccessor_ts__target_es2015__has expected errors matching baseline[jvm] FAILED

<test-failure test="com.xemantic.typescript.compiler.TypeScriptCompilerTests_N.narrowByEquality_ts has expected errors matching narrowByEquality_errors_txt" platform="jvm">
<message>
Expected diagnostics from baseline typescript-repo/tests/baselines/reference/narrowByEquality.errors.txt but none produced
</message>
<stacktrace>
  at com.xemantic.typescript.compiler.TypeScriptTestSupportKt.errorsMatchBaseline(TypeScriptTestSupport.kt:125)
  at com.xemantic.typescript.compiler.TypeScriptCompilerTests_N.narrowByEquality_ts has expected errors matching narrowByEquality_errors_txt(TypeScriptCompilerTests_N.kt:224)
  at java.base/jdk.internal.reflect.DirectMethodHandleAccessor.invoke(DirectMethodHandleAccessor.java:104)
  at java.base/java.lang.reflect.Method.invoke(Method.java:565)
  at org.junit.runners.model.FrameworkMethod$1.runReflectiveCall(FrameworkMethod.java:59)
  at org.junit.internal.runners.model.ReflectiveCallable.run(ReflectiveCallable.java:12)
  at org.junit.runners.model.FrameworkMethod.invokeExplosively(FrameworkMethod.java:56)
  at org.junit.internal.runners.statements.InvokeMethod.evaluate(InvokeMethod.java:17)
  at org.junit.runners.ParentRunner$3.evaluate(ParentRunner.java:306)
  at org.junit.runners.BlockJUnit4ClassRunner$1.evaluate(BlockJUnit4ClassRunner.java:100)
  at org.junit.runners.ParentRunner.runLeaf(ParentRunner.java:366)
  at org.junit.runners.BlockJUnit4ClassRunner.runChild(BlockJUnit4ClassRunner.java:103)
  at org.junit.runners.BlockJUnit4ClassRunner.runChild(BlockJUnit4ClassRunner.java:63)
  at org.junit.runners.ParentRunner$4.run(ParentRunner.java:331)
  at org.junit.runners.ParentRunner$1.schedule(ParentRunner.java:79)
  at org.junit.runners.ParentRunner.runChildren(ParentRunner.java:329)
  at org.junit.runners.ParentRunner.access$100(ParentRunner.java:66)
  at org.junit.runners.ParentRunner$2.evaluate(ParentRunner.java:293)
  at org.junit.runners.ParentRunner$3.evaluate(ParentRunner.java:306)
  at org.junit.runners.ParentRunner.run(ParentRunner.java:413)
  at org.junit.runner.JUnitCore.run(JUnitCore.java:137)
  at org.junit.runner.JUnitCore.run(JUnitCore.java:115)
  at org.gradle.api.internal.tasks.testing.junit.JUnitTestExecutor.runRequest(JUnitTestExecutor.java:175)
  at org.gradle.api.internal.tasks.testing.junit.JUnitTestExecutor.accept(JUnitTestExecutor.java:84)
  at org.gradle.api.internal.tasks.testing.junit.JUnitTestExecutor.accept(JUnitTestExecutor.java:47)
  at org.gradle.api.internal.tasks.testing.junit.AbstractJUnitTestDefinitionProcessor.processTestDefinition(AbstractJUnitTestDefinitionProcessor.java:65)
  at org.gradle.api.internal.tasks.testing.SuiteTestDefinitionProcessor.processTestDefinition(SuiteTestDefinitionProcessor.java:54)
  at java.base/jdk.internal.reflect.DirectMethodHandleAccessor.invoke(DirectMethodHandleAccessor.java:104)
  at java.base/java.lang.reflect.Method.invoke(Method.java:565)
  at org.gradle.internal.dispatch.MethodInvocation.invokeOn(MethodInvocation.java:77)
  at org.gradle.internal.dispatch.ReflectionDispatch.dispatch(ReflectionDispatch.java:28)
  at org.gradle.internal.dispatch.ReflectionDispatch.dispatch(ReflectionDispatch.java:19)
  at org.gradle.internal.dispatch.ContextClassLoaderDispatch.dispatch(ContextClassLoaderDispatch.java:33)
  at org.gradle.internal.dispatch.ProxyDispatchAdapter$DispatchingInvocationHandler.invoke(ProxyDispatchAdapter.java:88)
  at jdk.proxy1/jdk.proxy1.$Proxy4.processTestDefinition(Unknown Source)
  at org.gradle.api.internal.tasks.testing.worker.TestWorker$2.run(TestWorker.java:178)
  at org.gradle.api.internal.tasks.testing.worker.TestWorker.executeAndMaintainThreadName(TestWorker.java:126)
  at org.gradle.api.internal.tasks.testing.worker.TestWorker.execute(TestWorker.java:103)
  at org.gradle.api.internal.tasks.testing.worker.TestWorker.execute(TestWorker.java:63)
  at org.gradle.process.internal.worker.child.ActionExecutionWorker.execute(ActionExecutionWorker.java:56)
  at org.gradle.process.internal.worker.child.SystemApplicationClassLoaderWorker.call(SystemApplicationClassLoaderWorker.java:122)
  at org.gradle.process.internal.worker.child.SystemApplicationClassLoaderWorker.call(SystemApplicationClassLoaderWorker.java:72)
  at worker.org.gradle.process.internal.worker.GradleWorkerMain.run(GradleWorkerMain.java:69)
  at worker.org.gradle.process.internal.worker.GradleWorkerMain.main(GradleWorkerMain.java:74)
</stacktrace>
</test-failure>


TypeScriptCompilerTests_N[jvm] > narrowByEquality_ts has expected errors matching narrowByEquality_errors_txt[jvm] FAILED

<test-failure test="com.xemantic.typescript.compiler.TypeScriptCompilerTests_N.noImplicitAnyStringIndexerOnObject_ts has expected errors matching noImplicitAnyStringIndexerOnObject_errors_txt" platform="jvm">
<message>
Expected diagnostics from baseline typescript-repo/tests/baselines/reference/noImplicitAnyStringIndexerOnObject.errors.txt but none produced
</message>
<stacktrace>
  at com.xemantic.typescript.compiler.TypeScriptTestSupportKt.errorsMatchBaseline(TypeScriptTestSupport.kt:125)
  at com.xemantic.typescript.compiler.TypeScriptCompilerTests_N.noImplicitAnyStringIndexerOnObject_ts has expected errors matching noImplicitAnyStringIndexerOnObject_errors_txt(TypeScriptCompilerTests_N.kt:1792)
  at java.base/jdk.internal.reflect.DirectMethodHandleAccessor.invoke(DirectMethodHandleAccessor.java:104)
  at java.base/java.lang.reflect.Method.invoke(Method.java:565)
  at org.junit.runners.model.FrameworkMethod$1.runReflectiveCall(FrameworkMethod.java:59)
  at org.junit.internal.runners.model.ReflectiveCallable.run(ReflectiveCallable.java:12)
  at org.junit.runners.model.FrameworkMethod.invokeExplosively(FrameworkMethod.java:56)
  at org.junit.internal.runners.statements.InvokeMethod.evaluate(InvokeMethod.java:17)
  at org.junit.runners.ParentRunner$3.evaluate(ParentRunner.java:306)
  at org.junit.runners.BlockJUnit4ClassRunner$1.evaluate(BlockJUnit4ClassRunner.java:100)
  at org.junit.runners.ParentRunner.runLeaf(ParentRunner.java:366)
  at org.junit.runners.BlockJUnit4ClassRunner.runChild(BlockJUnit4ClassRunner.java:103)
  at org.junit.runners.BlockJUnit4ClassRunner.runChild(BlockJUnit4ClassRunner.java:63)
  at org.junit.runners.ParentRunner$4.run(ParentRunner.java:331)
  at org.junit.runners.ParentRunner$1.schedule(ParentRunner.java:79)
  at org.junit.runners.ParentRunner.runChildren(ParentRunner.java:329)
  at org.junit.runners.ParentRunner.access$100(ParentRunner.java:66)
  at org.junit.runners.ParentRunner$2.evaluate(ParentRunner.java:293)
  at org.junit.runners.ParentRunner$3.evaluate(ParentRunner.java:306)
  at org.junit.runners.ParentRunner.run(ParentRunner.java:413)
  at org.junit.runner.JUnitCore.run(JUnitCore.java:137)
  at org.junit.runner.JUnitCore.run(JUnitCore.java:115)
  at org.gradle.api.internal.tasks.testing.junit.JUnitTestExecutor.runRequest(JUnitTestExecutor.java:175)
  at org.gradle.api.internal.tasks.testing.junit.JUnitTestExecutor.accept(JUnitTestExecutor.java:84)
  at org.gradle.api.internal.tasks.testing.junit.JUnitTestExecutor.accept(JUnitTestExecutor.java:47)
  at org.gradle.api.internal.tasks.testing.junit.AbstractJUnitTestDefinitionProcessor.processTestDefinition(AbstractJUnitTestDefinitionProcessor.java:65)
  at org.gradle.api.internal.tasks.testing.SuiteTestDefinitionProcessor.processTestDefinition(SuiteTestDefinitionProcessor.java:54)
  at java.base/jdk.internal.reflect.DirectMethodHandleAccessor.invoke(DirectMethodHandleAccessor.java:104)
  at java.base/java.lang.reflect.Method.invoke(Method.java:565)
  at org.gradle.internal.dispatch.MethodInvocation.invokeOn(MethodInvocation.java:77)
  at org.gradle.internal.dispatch.ReflectionDispatch.dispatch(ReflectionDispatch.java:28)
  at org.gradle.internal.dispatch.ReflectionDispatch.dispatch(ReflectionDispatch.java:19)
  at org.gradle.internal.dispatch.ContextClassLoaderDispatch.dispatch(ContextClassLoaderDispatch.java:33)
  at org.gradle.internal.dispatch.ProxyDispatchAdapter$DispatchingInvocationHandler.invoke(ProxyDispatchAdapter.java:88)
  at jdk.proxy1/jdk.proxy1.$Proxy4.processTestDefinition(Unknown Source)
  at org.gradle.api.internal.tasks.testing.worker.TestWorker$2.run(TestWorker.java:178)
  at org.gradle.api.internal.tasks.testing.worker.TestWorker.executeAndMaintainThreadName(TestWorker.java:126)
  at org.gradle.api.internal.tasks.testing.worker.TestWorker.execute(TestWorker.java:103)
  at org.gradle.api.internal.tasks.testing.worker.TestWorker.execute(TestWorker.java:63)
  at org.gradle.process.internal.worker.child.ActionExecutionWorker.execute(ActionExecutionWorker.java:56)
  at org.gradle.process.internal.worker.child.SystemApplicationClassLoaderWorker.call(SystemApplicationClassLoaderWorker.java:122)
  at org.gradle.process.internal.worker.child.SystemApplicationClassLoaderWorker.call(SystemApplicationClassLoaderWorker.java:72)
  at worker.org.gradle.process.internal.worker.GradleWorkerMain.run(GradleWorkerMain.java:69)
  at worker.org.gradle.process.internal.worker.GradleWorkerMain.main(GradleWorkerMain.java:74)
</stacktrace>
</test-failure>


TypeScriptCompilerTests_N[jvm] > noImplicitAnyStringIndexerOnObject_ts has expected errors matching noImplicitAnyStringIndexerOnObject_errors_txt[jvm] FAILED

<test-failure test="com.xemantic.typescript.compiler.TypeScriptCompilerTests_N.noImplicitAnyMissingSetAccessor_ts__target_es5__has expected errors matching baseline" platform="jvm">
<message>
--- expected
+++ actual
@@ -1,14 +1,11 @@
 error TS5107: Option 'target=ES5' is deprecated and will stop functioning in TypeScript 7.0. Specify compilerOption '"ignoreDeprecations": "6.0"' to silence this error.
-noImplicitAnyMissingSetAccessor.ts(3,25): error TS7033: Property 'message' implicitly has type 'any', because its get accessor lacks a return type annotation.
 
 
 !!! error TS5107: Option 'target=ES5' is deprecated and will stop functioning in TypeScript 7.0. Specify compilerOption '"ignoreDeprecations": "6.0"' to silence this error.
-==== noImplicitAnyMissingSetAccessor.ts (1 errors) ====
+==== noImplicitAnyMissingSetAccessor.ts (0 errors) ====
     abstract class Parent
     {
         public abstract get message();
-                            ~~~~~~~
-!!! error TS7033: Property 'message' implicitly has type 'any', because its get accessor lacks a return type annotation.
     }
     
     class Child extends Parent {

</message>
<stacktrace>
  at org.junit.Assert.fail(Assert.java:89)
  at kotlin.test.junit.JUnitAsserter.fail(JUnitSupport.kt:56)
  at kotlin.test.AssertionsKt__AssertionsKt.fail(Assertions.kt:563)
  at kotlin.test.AssertionsKt.fail(Unknown Source)
  at com.xemantic.kotlin.test.SameAsKt.sameAs(SameAs.kt:52)
  at com.xemantic.typescript.compiler.TypeScriptTestSupportKt.errorsMatchBaseline(TypeScriptTestSupport.kt:135)
  at com.xemantic.typescript.compiler.TypeScriptCompilerTests_N.noImplicitAnyMissingSetAccessor_ts__target_es5__has expected errors matching baseline(TypeScriptCompilerTests_N.kt:1631)
  at java.base/jdk.internal.reflect.DirectMethodHandleAccessor.invoke(DirectMethodHandleAccessor.java:104)
  at java.base/java.lang.reflect.Method.invoke(Method.java:565)
  at org.junit.runners.model.FrameworkMethod$1.runReflectiveCall(FrameworkMethod.java:59)
  at org.junit.internal.runners.model.ReflectiveCallable.run(ReflectiveCallable.java:12)
  at org.junit.runners.model.FrameworkMethod.invokeExplosively(FrameworkMethod.java:56)
  at org.junit.internal.runners.statements.InvokeMethod.evaluate(InvokeMethod.java:17)
  at org.junit.runners.ParentRunner$3.evaluate(ParentRunner.java:306)
  at org.junit.runners.BlockJUnit4ClassRunner$1.evaluate(BlockJUnit4ClassRunner.java:100)
  at org.junit.runners.ParentRunner.runLeaf(ParentRunner.java:366)
  at org.junit.runners.BlockJUnit4ClassRunner.runChild(BlockJUnit4ClassRunner.java:103)
  at org.junit.runners.BlockJUnit4ClassRunner.runChild(BlockJUnit4ClassRunner.java:63)
  at org.junit.runners.ParentRunner$4.run(ParentRunner.java:331)
  at org.junit.runners.ParentRunner$1.schedule(ParentRunner.java:79)
  at org.junit.runners.ParentRunner.runChildren(ParentRunner.java:329)
  at org.junit.runners.ParentRunner.access$100(ParentRunner.java:66)
  at org.junit.runners.ParentRunner$2.evaluate(ParentRunner.java:293)
  at org.junit.runners.ParentRunner$3.evaluate(ParentRunner.java:306)
  at org.junit.runners.ParentRunner.run(ParentRunner.java:413)
  at org.junit.runner.JUnitCore.run(JUnitCore.java:137)
  at org.junit.runner.JUnitCore.run(JUnitCore.java:115)
  at org.gradle.api.internal.tasks.testing.junit.JUnitTestExecutor.runRequest(JUnitTestExecutor.java:175)
  at org.gradle.api.internal.tasks.testing.junit.JUnitTestExecutor.accept(JUnitTestExecutor.java:84)
  at org.gradle.api.internal.tasks.testing.junit.JUnitTestExecutor.accept(JUnitTestExecutor.java:47)
  at org.gradle.api.internal.tasks.testing.junit.AbstractJUnitTestDefinitionProcessor.processTestDefinition(AbstractJUnitTestDefinitionProcessor.java:65)
  at org.gradle.api.internal.tasks.testing.SuiteTestDefinitionProcessor.processTestDefinition(SuiteTestDefinitionProcessor.java:54)
  at java.base/jdk.internal.reflect.DirectMethodHandleAccessor.invoke(DirectMethodHandleAccessor.java:104)
  at java.base/java.lang.reflect.Method.invoke(Method.java:565)
  at org.gradle.internal.dispatch.MethodInvocation.invokeOn(MethodInvocation.java:77)
  at org.gradle.internal.dispatch.ReflectionDispatch.dispatch(ReflectionDispatch.java:28)
  at org.gradle.internal.dispatch.ReflectionDispatch.dispatch(ReflectionDispatch.java:19)
  at org.gradle.internal.dispatch.ContextClassLoaderDispatch.dispatch(ContextClassLoaderDispatch.java:33)
  at org.gradle.internal.dispatch.ProxyDispatchAdapter$DispatchingInvocationHandler.invoke(ProxyDispatchAdapter.java:88)
  at jdk.proxy1/jdk.proxy1.$Proxy4.processTestDefinition(Unknown Source)
  at org.gradle.api.internal.tasks.testing.worker.TestWorker$2.run(TestWorker.java:178)
  at org.gradle.api.internal.tasks.testing.worker.TestWorker.executeAndMaintainThreadName(TestWorker.java:126)
  at org.gradle.api.internal.tasks.testing.worker.TestWorker.execute(TestWorker.java:103)
  at org.gradle.api.internal.tasks.testing.worker.TestWorker.execute(TestWorker.java:63)
  at org.gradle.process.internal.worker.child.ActionExecutionWorker.execute(ActionExecutionWorker.java:56)
  at org.gradle.process.internal.worker.child.SystemApplicationClassLoaderWorker.call(SystemApplicationClassLoaderWorker.java:122)
  at org.gradle.process.internal.worker.child.SystemApplicationClassLoaderWorker.call(SystemApplicationClassLoaderWorker.java:72)
  at worker.org.gradle.process.internal.worker.GradleWorkerMain.run(GradleWorkerMain.java:69)
  at worker.org.gradle.process.internal.worker.GradleWorkerMain.main(GradleWorkerMain.java:74)
</stacktrace>
</test-failure>


TypeScriptCompilerTests_N[jvm] > noImplicitAnyMissingSetAccessor_ts__target_es5__has expected errors matching baseline[jvm] FAILED

<test-failure test="com.xemantic.typescript.compiler.TypeScriptCompilerTests_N.newMap_ts has expected errors matching newMap_errors_txt" platform="jvm">
<message>
Expected diagnostics from baseline typescript-repo/tests/baselines/reference/newMap.errors.txt but none produced
</message>
<stacktrace>
  at com.xemantic.typescript.compiler.TypeScriptTestSupportKt.errorsMatchBaseline(TypeScriptTestSupport.kt:125)
  at com.xemantic.typescript.compiler.TypeScriptCompilerTests_N.newMap_ts has expected errors matching newMap_errors_txt(TypeScriptCompilerTests_N.kt:1036)
  at java.base/jdk.internal.reflect.DirectMethodHandleAccessor.invoke(DirectMethodHandleAccessor.java:104)
  at java.base/java.lang.reflect.Method.invoke(Method.java:565)
  at org.junit.runners.model.FrameworkMethod$1.runReflectiveCall(FrameworkMethod.java:59)
  at org.junit.internal.runners.model.ReflectiveCallable.run(ReflectiveCallable.java:12)
  at org.junit.runners.model.FrameworkMethod.invokeExplosively(FrameworkMethod.java:56)
  at org.junit.internal.runners.statements.InvokeMethod.evaluate(InvokeMethod.java:17)
  at org.junit.runners.ParentRunner$3.evaluate(ParentRunner.java:306)
  at org.junit.runners.BlockJUnit4ClassRunner$1.evaluate(BlockJUnit4ClassRunner.java:100)
  at org.junit.runners.ParentRunner.runLeaf(ParentRunner.java:366)
  at org.junit.runners.BlockJUnit4ClassRunner.runChild(BlockJUnit4ClassRunner.java:103)
  at org.junit.runners.BlockJUnit4ClassRunner.runChild(BlockJUnit4ClassRunner.java:63)
  at org.junit.runners.ParentRunner$4.run(ParentRunner.java:331)
  at org.junit.runners.ParentRunner$1.schedule(ParentRunner.java:79)
  at org.junit.runners.ParentRunner.runChildren(ParentRunner.java:329)
  at org.junit.runners.ParentRunner.access$100(ParentRunner.java:66)
  at org.junit.runners.ParentRunner$2.evaluate(ParentRunner.java:293)
  at org.junit.runners.ParentRunner$3.evaluate(ParentRunner.java:306)
  at org.junit.runners.ParentRunner.run(ParentRunner.java:413)
  at org.junit.runner.JUnitCore.run(JUnitCore.java:137)
  at org.junit.runner.JUnitCore.run(JUnitCore.java:115)
  at org.gradle.api.internal.tasks.testing.junit.JUnitTestExecutor.runRequest(JUnitTestExecutor.java:175)
  at org.gradle.api.internal.tasks.testing.junit.JUnitTestExecutor.accept(JUnitTestExecutor.java:84)
  at org.gradle.api.internal.tasks.testing.junit.JUnitTestExecutor.accept(JUnitTestExecutor.java:47)
  at org.gradle.api.internal.tasks.testing.junit.AbstractJUnitTestDefinitionProcessor.processTestDefinition(AbstractJUnitTestDefinitionProcessor.java:65)
  at org.gradle.api.internal.tasks.testing.SuiteTestDefinitionProcessor.processTestDefinition(SuiteTestDefinitionProcessor.java:54)
  at java.base/jdk.internal.reflect.DirectMethodHandleAccessor.invoke(DirectMethodHandleAccessor.java:104)
  at java.base/java.lang.reflect.Method.invoke(Method.java:565)
  at org.gradle.internal.dispatch.MethodInvocation.invokeOn(MethodInvocation.java:77)
  at org.gradle.internal.dispatch.ReflectionDispatch.dispatch(ReflectionDispatch.java:28)
  at org.gradle.internal.dispatch.ReflectionDispatch.dispatch(ReflectionDispatch.java:19)
  at org.gradle.internal.dispatch.ContextClassLoaderDispatch.dispatch(ContextClassLoaderDispatch.java:33)
  at org.gradle.internal.dispatch.ProxyDispatchAdapter$DispatchingInvocationHandler.invoke(ProxyDispatchAdapter.java:88)
  at jdk.proxy1/jdk.proxy1.$Proxy4.processTestDefinition(Unknown Source)
  at org.gradle.api.internal.tasks.testing.worker.TestWorker$2.run(TestWorker.java:178)
  at org.gradle.api.internal.tasks.testing.worker.TestWorker.executeAndMaintainThreadName(TestWorker.java:126)
  at org.gradle.api.internal.tasks.testing.worker.TestWorker.execute(TestWorker.java:103)
  at org.gradle.api.internal.tasks.testing.worker.TestWorker.execute(TestWorker.java:63)
  at org.gradle.process.internal.worker.child.ActionExecutionWorker.execute(ActionExecutionWorker.java:56)
  at org.gradle.process.internal.worker.child.SystemApplicationClassLoaderWorker.call(SystemApplicationClassLoaderWorker.java:122)
  at org.gradle.process.internal.worker.child.SystemApplicationClassLoaderWorker.call(SystemApplicationClassLoaderWorker.java:72)
  at worker.org.gradle.process.internal.worker.GradleWorkerMain.run(GradleWorkerMain.java:69)
  at worker.org.gradle.process.internal.worker.GradleWorkerMain.main(GradleWorkerMain.java:74)
</stacktrace>
</test-failure>


TypeScriptCompilerTests_N[jvm] > newMap_ts has expected errors matching newMap_errors_txt[jvm] FAILED

<test-failure test="com.xemantic.typescript.compiler.TypeScriptCompilerTests_N.narrowByClauseExpressionInSwitchTrue3_ts has expected errors matching narrowByClauseExpressionInSwitchTrue3_errors_txt" platform="jvm">
<message>
Expected diagnostics from baseline typescript-repo/tests/baselines/reference/narrowByClauseExpressionInSwitchTrue3.errors.txt but none produced
</message>
<stacktrace>
  at com.xemantic.typescript.compiler.TypeScriptTestSupportKt.errorsMatchBaseline(TypeScriptTestSupport.kt:125)
  at com.xemantic.typescript.compiler.TypeScriptCompilerTests_N.narrowByClauseExpressionInSwitchTrue3_ts has expected errors matching narrowByClauseExpressionInSwitchTrue3_errors_txt(TypeScriptCompilerTests_N.kt:196)
  at java.base/jdk.internal.reflect.DirectMethodHandleAccessor.invoke(DirectMethodHandleAccessor.java:104)
  at java.base/java.lang.reflect.Method.invoke(Method.java:565)
  at org.junit.runners.model.FrameworkMethod$1.runReflectiveCall(FrameworkMethod.java:59)
  at org.junit.internal.runners.model.ReflectiveCallable.run(ReflectiveCallable.java:12)
  at org.junit.runners.model.FrameworkMethod.invokeExplosively(FrameworkMethod.java:56)
  at org.junit.internal.runners.statements.InvokeMethod.evaluate(InvokeMethod.java:17)
  at org.junit.runners.ParentRunner$3.evaluate(ParentRunner.java:306)
  at org.junit.runners.BlockJUnit4ClassRunner$1.evaluate(BlockJUnit4ClassRunner.java:100)
  at org.junit.runners.ParentRunner.runLeaf(ParentRunner.java:366)
  at org.junit.runners.BlockJUnit4ClassRunner.runChild(BlockJUnit4ClassRunner.java:103)
  at org.junit.runners.BlockJUnit4ClassRunner.runChild(BlockJUnit4ClassRunner.java:63)
  at org.junit.runners.ParentRunner$4.run(ParentRunner.java:331)
  at org.junit.runners.ParentRunner$1.schedule(ParentRunner.java:79)
  at org.junit.runners.ParentRunner.runChildren(ParentRunner.java:329)
  at org.junit.runners.ParentRunner.access$100(ParentRunner.java:66)
  at org.junit.runners.ParentRunner$2.evaluate(ParentRunner.java:293)
  at org.junit.runners.ParentRunner$3.evaluate(ParentRunner.java:306)
  at org.junit.runners.ParentRunner.run(ParentRunner.java:413)
  at org.junit.runner.JUnitCore.run(JUnitCore.java:137)
  at org.junit.runner.JUnitCore.run(JUnitCore.java:115)
  at org.gradle.api.internal.tasks.testing.junit.JUnitTestExecutor.runRequest(JUnitTestExecutor.java:175)
  at org.gradle.api.internal.tasks.testing.junit.JUnitTestExecutor.accept(JUnitTestExecutor.java:84)
  at org.gradle.api.internal.tasks.testing.junit.JUnitTestExecutor.accept(JUnitTestExecutor.java:47)
  at org.gradle.api.internal.tasks.testing.junit.AbstractJUnitTestDefinitionProcessor.processTestDefinition(AbstractJUnitTestDefinitionProcessor.java:65)
  at org.gradle.api.internal.tasks.testing.SuiteTestDefinitionProcessor.processTestDefinition(SuiteTestDefinitionProcessor.java:54)
  at java.base/jdk.internal.reflect.DirectMethodHandleAccessor.invoke(DirectMethodHandleAccessor.java:104)
  at java.base/java.lang.reflect.Method.invoke(Method.java:565)
  at org.gradle.internal.dispatch.MethodInvocation.invokeOn(MethodInvocation.java:77)
  at org.gradle.internal.dispatch.ReflectionDispatch.dispatch(ReflectionDispatch.java:28)
  at org.gradle.internal.dispatch.ReflectionDispatch.dispatch(ReflectionDispatch.java:19)
  at org.gradle.internal.dispatch.ContextClassLoaderDispatch.dispatch(ContextClassLoaderDispatch.java:33)
  at org.gradle.internal.dispatch.ProxyDispatchAdapter$DispatchingInvocationHandler.invoke(ProxyDispatchAdapter.java:88)
  at jdk.proxy1/jdk.proxy1.$Proxy4.processTestDefinition(Unknown Source)
  at org.gradle.api.internal.tasks.testing.worker.TestWorker$2.run(TestWorker.java:178)
  at org.gradle.api.internal.tasks.testing.worker.TestWorker.executeAndMaintainThreadName(TestWorker.java:126)
  at org.gradle.api.internal.tasks.testing.worker.TestWorker.execute(TestWorker.java:103)
  at org.gradle.api.internal.tasks.testing.worker.TestWorker.execute(TestWorker.java:63)
  at org.gradle.process.internal.worker.child.ActionExecutionWorker.execute(ActionExecutionWorker.java:56)
  at org.gradle.process.internal.worker.child.SystemApplicationClassLoaderWorker.call(SystemApplicationClassLoaderWorker.java:122)
  at org.gradle.process.internal.worker.child.SystemApplicationClassLoaderWorker.call(SystemApplicationClassLoaderWorker.java:72)
  at worker.org.gradle.process.internal.worker.GradleWorkerMain.run(GradleWorkerMain.java:69)
  at worker.org.gradle.process.internal.worker.GradleWorkerMain.main(GradleWorkerMain.java:74)
</stacktrace>
</test-failure>


TypeScriptCompilerTests_N[jvm] > narrowByClauseExpressionInSwitchTrue3_ts has expected errors matching narrowByClauseExpressionInSwitchTrue3_errors_txt[jvm] FAILED

<test-failure test="com.xemantic.typescript.compiler.TypeScriptCompilerTests_N.noImplicitAnyIndexing_ts has expected errors matching noImplicitAnyIndexing_errors_txt" platform="jvm">
<message>
Expected diagnostics from baseline typescript-repo/tests/baselines/reference/noImplicitAnyIndexing.errors.txt but none produced
</message>
<stacktrace>
  at com.xemantic.typescript.compiler.TypeScriptTestSupportKt.errorsMatchBaseline(TypeScriptTestSupport.kt:125)
  at com.xemantic.typescript.compiler.TypeScriptCompilerTests_N.noImplicitAnyIndexing_ts has expected errors matching noImplicitAnyIndexing_errors_txt(TypeScriptCompilerTests_N.kt:1561)
  at java.base/jdk.internal.reflect.DirectMethodHandleAccessor.invoke(DirectMethodHandleAccessor.java:104)
  at java.base/java.lang.reflect.Method.invoke(Method.java:565)
  at org.junit.runners.model.FrameworkMethod$1.runReflectiveCall(FrameworkMethod.java:59)
  at org.junit.internal.runners.model.ReflectiveCallable.run(ReflectiveCallable.java:12)
  at org.junit.runners.model.FrameworkMethod.invokeExplosively(FrameworkMethod.java:56)
  at org.junit.internal.runners.statements.InvokeMethod.evaluate(InvokeMethod.java:17)
  at org.junit.runners.ParentRunner$3.evaluate(ParentRunner.java:306)
  at org.junit.runners.BlockJUnit4ClassRunner$1.evaluate(BlockJUnit4ClassRunner.java:100)
  at org.junit.runners.ParentRunner.runLeaf(ParentRunner.java:366)
  at org.junit.runners.BlockJUnit4ClassRunner.runChild(BlockJUnit4ClassRunner.java:103)
  at org.junit.runners.BlockJUnit4ClassRunner.runChild(BlockJUnit4ClassRunner.java:63)
  at org.junit.runners.ParentRunner$4.run(ParentRunner.java:331)
  at org.junit.runners.ParentRunner$1.schedule(ParentRunner.java:79)
  at org.junit.runners.ParentRunner.runChildren(ParentRunner.java:329)
  at org.junit.runners.ParentRunner.access$100(ParentRunner.java:66)
  at org.junit.runners.ParentRunner$2.evaluate(ParentRunner.java:293)
  at org.junit.runners.ParentRunner$3.evaluate(ParentRunner.java:306)
  at org.junit.runners.ParentRunner.run(ParentRunner.java:413)
  at org.junit.runner.JUnitCore.run(JUnitCore.java:137)
  at org.junit.runner.JUnitCore.run(JUnitCore.java:115)
  at org.gradle.api.internal.tasks.testing.junit.JUnitTestExecutor.runRequest(JUnitTestExecutor.java:175)
  at org.gradle.api.internal.tasks.testing.junit.JUnitTestExecutor.accept(JUnitTestExecutor.java:84)
  at org.gradle.api.internal.tasks.testing.junit.JUnitTestExecutor.accept(JUnitTestExecutor.java:47)
  at org.gradle.api.internal.tasks.testing.junit.AbstractJUnitTestDefinitionProcessor.processTestDefinition(AbstractJUnitTestDefinitionProcessor.java:65)
  at org.gradle.api.internal.tasks.testing.SuiteTestDefinitionProcessor.processTestDefinition(SuiteTestDefinitionProcessor.java:54)
  at java.base/jdk.internal.reflect.DirectMethodHandleAccessor.invoke(DirectMethodHandleAccessor.java:104)
  at java.base/java.lang.reflect.Method.invoke(Method.java:565)
  at org.gradle.internal.dispatch.MethodInvocation.invokeOn(MethodInvocation.java:77)
  at org.gradle.internal.dispatch.ReflectionDispatch.dispatch(ReflectionDispatch.java:28)
  at org.gradle.internal.dispatch.ReflectionDispatch.dispatch(ReflectionDispatch.java:19)
  at org.gradle.internal.dispatch.ContextClassLoaderDispatch.dispatch(ContextClassLoaderDispatch.java:33)
  at org.gradle.internal.dispatch.ProxyDispatchAdapter$DispatchingInvocationHandler.invoke(ProxyDispatchAdapter.java:88)
  at jdk.proxy1/jdk.proxy1.$Proxy4.processTestDefinition(Unknown Source)
  at org.gradle.api.internal.tasks.testing.worker.TestWorker$2.run(TestWorker.java:178)
  at org.gradle.api.internal.tasks.testing.worker.TestWorker.executeAndMaintainThreadName(TestWorker.java:126)
  at org.gradle.api.internal.tasks.testing.worker.TestWorker.execute(TestWorker.java:103)
  at org.gradle.api.internal.tasks.testing.worker.TestWorker.execute(TestWorker.java:63)
  at org.gradle.process.internal.worker.child.ActionExecutionWorker.execute(ActionExecutionWorker.java:56)
  at org.gradle.process.internal.worker.child.SystemApplicationClassLoaderWorker.call(SystemApplicationClassLoaderWorker.java:122)
  at org.gradle.process.internal.worker.child.SystemApplicationClassLoaderWorker.call(SystemApplicationClassLoaderWorker.java:72)
  at worker.org.gradle.process.internal.worker.GradleWorkerMain.run(GradleWorkerMain.java:69)
  at worker.org.gradle.process.internal.worker.GradleWorkerMain.main(GradleWorkerMain.java:74)
</stacktrace>
</test-failure>


TypeScriptCompilerTests_N[jvm] > noImplicitAnyIndexing_ts has expected errors matching noImplicitAnyIndexing_errors_txt[jvm] FAILED

<test-failure test="com.xemantic.typescript.compiler.TypeScriptCompilerTests_N.noImplicitThisFunctions_ts has expected errors matching noImplicitThisFunctions_errors_txt" platform="jvm">
<message>
--- expected
+++ actual
@@ -1,11 +1,9 @@
 noImplicitThisFunctions.ts(13,12): error TS2683: 'this' implicitly has type 'any' because it does not have a type annotation.
-noImplicitThisFunctions.ts(17,38): error TS7041: The containing arrow function captures the global value of 'this'.
-noImplicitThisFunctions.ts(18,22): error TS7041: The containing arrow function captures the global value of 'this'.
 noImplicitThisFunctions.ts(20,36): error TS2683: 'this' implicitly has type 'any' because it does not have a type annotation.
 noImplicitThisFunctions.ts(21,50): error TS2683: 'this' implicitly has type 'any' because it does not have a type annotation.
 
 
-==== noImplicitThisFunctions.ts (5 errors) ====
+==== noImplicitThisFunctions.ts (3 errors) ====
     function f1(x) {
         // implicit any is still allowed
         return x + 1;
@@ -25,11 +23,7 @@
     
     // error: `this` is `window`, but is still of type `any`
     let f4: (b: number) => number = b => this.c + b;
-                                         ~~~~
-!!! error TS7041: The containing arrow function captures the global value of 'this'.
     let f5 = () => () => this;
-                         ~~~~
-!!! error TS7041: The containing arrow function captures the global value of 'this'.
     
     let f6 = function() { return () => this; };
                                        ~~~~

</message>
<stacktrace>
  at org.junit.Assert.fail(Assert.java:89)
  at kotlin.test.junit.JUnitAsserter.fail(JUnitSupport.kt:56)
  at kotlin.test.AssertionsKt__AssertionsKt.fail(Assertions.kt:563)
  at kotlin.test.AssertionsKt.fail(Unknown Source)
  at com.xemantic.kotlin.test.SameAsKt.sameAs(SameAs.kt:52)
  at com.xemantic.typescript.compiler.TypeScriptTestSupportKt.errorsMatchBaseline(TypeScriptTestSupport.kt:135)
  at com.xemantic.typescript.compiler.TypeScriptCompilerTests_N.noImplicitThisFunctions_ts has expected errors matching noImplicitThisFunctions_errors_txt(TypeScriptCompilerTests_N.kt:1932)
  at java.base/jdk.internal.reflect.DirectMethodHandleAccessor.invoke(DirectMethodHandleAccessor.java:104)
  at java.base/java.lang.reflect.Method.invoke(Method.java:565)
  at org.junit.runners.model.FrameworkMethod$1.runReflectiveCall(FrameworkMethod.java:59)
  at org.junit.internal.runners.model.ReflectiveCallable.run(ReflectiveCallable.java:12)
  at org.junit.runners.model.FrameworkMethod.invokeExplosively(FrameworkMethod.java:56)
  at org.junit.internal.runners.statements.InvokeMethod.evaluate(InvokeMethod.java:17)
  at org.junit.runners.ParentRunner$3.evaluate(ParentRunner.java:306)
  at org.junit.runners.BlockJUnit4ClassRunner$1.evaluate(BlockJUnit4ClassRunner.java:100)
  at org.junit.runners.ParentRunner.runLeaf(ParentRunner.java:366)
  at org.junit.runners.BlockJUnit4ClassRunner.runChild(BlockJUnit4ClassRunner.java:103)
  at org.junit.runners.BlockJUnit4ClassRunner.runChild(BlockJUnit4ClassRunner.java:63)
  at org.junit.runners.ParentRunner$4.run(ParentRunner.java:331)
  at org.junit.runners.ParentRunner$1.schedule(ParentRunner.java:79)
  at org.junit.runners.ParentRunner.runChildren(ParentRunner.java:329)
  at org.junit.runners.ParentRunner.access$100(ParentRunner.java:66)
  at org.junit.runners.ParentRunner$2.evaluate(ParentRunner.java:293)
  at org.junit.runners.ParentRunner$3.evaluate(ParentRunner.java:306)
  at org.junit.runners.ParentRunner.run(ParentRunner.java:413)
  at org.junit.runner.JUnitCore.run(JUnitCore.java:137)
  at org.junit.runner.JUnitCore.run(JUnitCore.java:115)
  at org.gradle.api.internal.tasks.testing.junit.JUnitTestExecutor.runRequest(JUnitTestExecutor.java:175)
  at org.gradle.api.internal.tasks.testing.junit.JUnitTestExecutor.accept(JUnitTestExecutor.java:84)
  at org.gradle.api.internal.tasks.testing.junit.JUnitTestExecutor.accept(JUnitTestExecutor.java:47)
  at org.gradle.api.internal.tasks.testing.junit.AbstractJUnitTestDefinitionProcessor.processTestDefinition(AbstractJUnitTestDefinitionProcessor.java:65)
  at org.gradle.api.internal.tasks.testing.SuiteTestDefinitionProcessor.processTestDefinition(SuiteTestDefinitionProcessor.java:54)
  at java.base/jdk.internal.reflect.DirectMethodHandleAccessor.invoke(DirectMethodHandleAccessor.java:104)
  at java.base/java.lang.reflect.Method.invoke(Method.java:565)
  at org.gradle.internal.dispatch.MethodInvocation.invokeOn(MethodInvocation.java:77)
  at org.gradle.internal.dispatch.ReflectionDispatch.dispatch(ReflectionDispatch.java:28)
  at org.gradle.internal.dispatch.ReflectionDispatch.dispatch(ReflectionDispatch.java:19)
  at org.gradle.internal.dispatch.ContextClassLoaderDispatch.dispatch(ContextClassLoaderDispatch.java:33)
  at org.gradle.internal.dispatch.ProxyDispatchAdapter$DispatchingInvocationHandler.invoke(ProxyDispatchAdapter.java:88)
  at jdk.proxy1/jdk.proxy1.$Proxy4.processTestDefinition(Unknown Source)
  at org.gradle.api.internal.tasks.testing.worker.TestWorker$2.run(TestWorker.java:178)
  at org.gradle.api.internal.tasks.testing.worker.TestWorker.executeAndMaintainThreadName(TestWorker.java:126)
  at org.gradle.api.internal.tasks.testing.worker.TestWorker.execute(TestWorker.java:103)
  at org.gradle.api.internal.tasks.testing.worker.TestWorker.execute(TestWorker.java:63)
  at org.gradle.process.internal.worker.child.ActionExecutionWorker.execute(ActionExecutionWorker.java:56)
  at org.gradle.process.internal.worker.child.SystemApplicationClassLoaderWorker.call(SystemApplicationClassLoaderWorker.java:122)
  at org.gradle.process.internal.worker.child.SystemApplicationClassLoaderWorker.call(SystemApplicationClassLoaderWorker.java:72)
  at worker.org.gradle.process.internal.worker.GradleWorkerMain.run(GradleWorkerMain.java:69)
  at worker.org.gradle.process.internal.worker.GradleWorkerMain.main(GradleWorkerMain.java:74)
</stacktrace>
</test-failure>


TypeScriptCompilerTests_N[jvm] > noImplicitThisFunctions_ts has expected errors matching noImplicitThisFunctions_errors_txt[jvm] FAILED

<test-failure test="com.xemantic.typescript.compiler.TypeScriptCompilerTests_N.nodeNextPackageSelfNameWithOutDirRootDir_ts compiles to JavaScript matching nodeNextPackageSelfNameWithOutDirRootDir_js" platform="jvm">
<message>
--- expected
+++ actual
@@ -17,6 +17,42 @@
 
 
 //// [index.js]
-import * as me from "@this/package";
+"use strict";
+var __createBinding = (this && this.__createBinding) || (Object.create ? (function(o, m, k, k2) {
+    if (k2 === undefined) k2 = k;
+    var desc = Object.getOwnPropertyDescriptor(m, k);
+    if (!desc || ("get" in desc ? !m.__esModule : desc.writable || desc.configurable)) {
+      desc = { enumerable: true, get: function() { return m[k]; } };
+    }
+    Object.defineProperty(o, k2, desc);
+}) : (function(o, m, k, k2) {
+    if (k2 === undefined) k2 = k;
+    o[k2] = m[k];
+}));
+var __setModuleDefault = (this && this.__setModuleDefault) || (Object.create ? (function(o, v) {
+    Object.defineProperty(o, "default", { enumerable: true, value: v });
+}) : function(o, v) {
+    o["default"] = v;
+});
+var __importStar = (this && this.__importStar) || (function () {
+    var ownKeys = function(o) {
+        ownKeys = Object.getOwnPropertyNames || function (o) {
+            var ar = [];
+            for (var k in o) if (Object.prototype.hasOwnProperty.call(o, k)) ar[ar.length] = k;
+            return ar;
+        };
+        return ownKeys(o);
+    };
+    return function (mod) {
+        if (mod && mod.__esModule) return mod;
+        var result = {};
+        if (mod != null) for (var k = ownKeys(mod), i = 0; i < k.length; i++) if (k[i] !== "default") __createBinding(result, mod, k[i]);
+        __setModuleDefault(result, mod);
+        return result;
+    };
+})();
+Object.defineProperty(exports, "__esModule", { value: true });
+exports.thing = thing;
+const me = __importStar(require("@this/package"));
 me.thing();
-export function thing() { }
+function thing() { }

</message>
<stacktrace>
  at org.junit.Assert.fail(Assert.java:89)
  at kotlin.test.junit.JUnitAsserter.fail(JUnitSupport.kt:56)
  at kotlin.test.AssertionsKt__AssertionsKt.fail(Assertions.kt:563)
  at kotlin.test.AssertionsKt.fail(Unknown Source)
  at com.xemantic.kotlin.test.SameAsKt.sameAs(SameAs.kt:52)
  at com.xemantic.typescript.compiler.TypeScriptTestSupportKt.sameAs(TypeScriptTestSupport.kt:99)
  at com.xemantic.typescript.compiler.TypeScriptCompilerTests_N.nodeNextPackageSelfNameWithOutDirRootDir_ts compiles to JavaScript matching nodeNextPackageSelfNameWithOutDirRootDir_js(TypeScriptCompilerTests_N.kt:2429)
  at java.base/jdk.internal.reflect.DirectMethodHandleAccessor.invoke(DirectMethodHandleAccessor.java:104)
  at java.base/java.lang.reflect.Method.invoke(Method.java:565)
  at org.junit.runners.model.FrameworkMethod$1.runReflectiveCall(FrameworkMethod.java:59)
  at org.junit.internal.runners.model.ReflectiveCallable.run(ReflectiveCallable.java:12)
  at org.junit.runners.model.FrameworkMethod.invokeExplosively(FrameworkMethod.java:56)
  at org.junit.internal.runners.statements.InvokeMethod.evaluate(InvokeMethod.java:17)
  at org.junit.runners.ParentRunner$3.evaluate(ParentRunner.java:306)
  at org.junit.runners.BlockJUnit4ClassRunner$1.evaluate(BlockJUnit4ClassRunner.java:100)
  at org.junit.runners.ParentRunner.runLeaf(ParentRunner.java:366)
  at org.junit.runners.BlockJUnit4ClassRunner.runChild(BlockJUnit4ClassRunner.java:103)
  at org.junit.runners.BlockJUnit4ClassRunner.runChild(BlockJUnit4ClassRunner.java:63)
  at org.junit.runners.ParentRunner$4.run(ParentRunner.java:331)
  at org.junit.runners.ParentRunner$1.schedule(ParentRunner.java:79)
  at org.junit.runners.ParentRunner.runChildren(ParentRunner.java:329)
  at org.junit.runners.ParentRunner.access$100(ParentRunner.java:66)
  at org.junit.runners.ParentRunner$2.evaluate(ParentRunner.java:293)
  at org.junit.runners.ParentRunner$3.evaluate(ParentRunner.java:306)
  at org.junit.runners.ParentRunner.run(ParentRunner.java:413)
  at org.junit.runner.JUnitCore.run(JUnitCore.java:137)
  at org.junit.runner.JUnitCore.run(JUnitCore.java:115)
  at org.gradle.api.internal.tasks.testing.junit.JUnitTestExecutor.runRequest(JUnitTestExecutor.java:175)
  at org.gradle.api.internal.tasks.testing.junit.JUnitTestExecutor.accept(JUnitTestExecutor.java:84)
  at org.gradle.api.internal.tasks.testing.junit.JUnitTestExecutor.accept(JUnitTestExecutor.java:47)
  at org.gradle.api.internal.tasks.testing.junit.AbstractJUnitTestDefinitionProcessor.processTestDefinition(AbstractJUnitTestDefinitionProcessor.java:65)
  at org.gradle.api.internal.tasks.testing.SuiteTestDefinitionProcessor.processTestDefinition(SuiteTestDefinitionProcessor.java:54)
  at java.base/jdk.internal.reflect.DirectMethodHandleAccessor.invoke(DirectMethodHandleAccessor.java:104)
  at java.base/java.lang.reflect.Method.invoke(Method.java:565)
  at org.gradle.internal.dispatch.MethodInvocation.invokeOn(MethodInvocation.java:77)
  at org.gradle.internal.dispatch.ReflectionDispatch.dispatch(ReflectionDispatch.java:28)
  at org.gradle.internal.dispatch.ReflectionDispatch.dispatch(ReflectionDispatch.java:19)
  at org.gradle.internal.dispatch.ContextClassLoaderDispatch.dispatch(ContextClassLoaderDispatch.java:33)
  at org.gradle.internal.dispatch.ProxyDispatchAdapter$DispatchingInvocationHandler.invoke(ProxyDispatchAdapter.java:88)
  at jdk.proxy1/jdk.proxy1.$Proxy4.processTestDefinition(Unknown Source)
  at org.gradle.api.internal.tasks.testing.worker.TestWorker$2.run(TestWorker.java:178)
  at org.gradle.api.internal.tasks.testing.worker.TestWorker.executeAndMaintainThreadName(TestWorker.java:126)
  at org.gradle.api.internal.tasks.testing.worker.TestWorker.execute(TestWorker.java:103)
  at org.gradle.api.internal.tasks.testing.worker.TestWorker.execute(TestWorker.java:63)
  at org.gradle.process.internal.worker.child.ActionExecutionWorker.execute(ActionExecutionWorker.java:56)
  at org.gradle.process.internal.worker.child.SystemApplicationClassLoaderWorker.call(SystemApplicationClassLoaderWorker.java:122)
  at org.gradle.process.internal.worker.child.SystemApplicationClassLoaderWorker.call(SystemApplicationClassLoaderWorker.java:72)
  at worker.org.gradle.process.internal.worker.GradleWorkerMain.run(GradleWorkerMain.java:69)
  at worker.org.gradle.process.internal.worker.GradleWorkerMain.main(GradleWorkerMain.java:74)
</stacktrace>
</test-failure>


TypeScriptCompilerTests_N[jvm] > nodeNextPackageSelfNameWithOutDirRootDir_ts compiles to JavaScript matching nodeNextPackageSelfNameWithOutDirRootDir_js[jvm] FAILED

<test-failure test="com.xemantic.typescript.compiler.TypeScriptCompilerTests_N.numberLiteralsWithLeadingZeros_ts has expected errors matching numberLiteralsWithLeadingZeros_errors_txt" platform="jvm">
<message>
--- expected
+++ actual
@@ -1,112 +1,14 @@
-numberLiteralsWithLeadingZeros.ts(1,1): error TS1121: Octal literals are not allowed. Use the syntax '0o0'.
-numberLiteralsWithLeadingZeros.ts(2,1): error TS1121: Octal literals are not allowed. Use the syntax '0o0'.
-numberLiteralsWithLeadingZeros.ts(3,1): error TS1121: Octal literals are not allowed. Use the syntax '0o1'.
-numberLiteralsWithLeadingZeros.ts(4,1): error TS1121: Octal literals are not allowed. Use the syntax '0o1'.
-numberLiteralsWithLeadingZeros.ts(5,1): error TS1489: Decimals with leading zeros are not allowed.
-numberLiteralsWithLeadingZeros.ts(6,1): error TS1489: Decimals with leading zeros are not allowed.
-numberLiteralsWithLeadingZeros.ts(8,1): error TS1121: Octal literals are not allowed. Use the syntax '0o0'.
-numberLiteralsWithLeadingZeros.ts(8,3): error TS1005: ';' expected.
-numberLiteralsWithLeadingZeros.ts(9,1): error TS1121: Octal literals are not allowed. Use the syntax '0o0'.
-numberLiteralsWithLeadingZeros.ts(9,4): error TS1005: ';' expected.
-numberLiteralsWithLeadingZeros.ts(10,1): error TS1121: Octal literals are not allowed. Use the syntax '0o1'.
-numberLiteralsWithLeadingZeros.ts(10,3): error TS1005: ';' expected.
-numberLiteralsWithLeadingZeros.ts(11,1): error TS1121: Octal literals are not allowed. Use the syntax '0o1'.
-numberLiteralsWithLeadingZeros.ts(11,4): error TS1005: ';' expected.
-numberLiteralsWithLeadingZeros.ts(12,1): error TS1489: Decimals with leading zeros are not allowed.
-numberLiteralsWithLeadingZeros.ts(13,1): error TS1489: Decimals with leading zeros are not allowed.
-numberLiteralsWithLeadingZeros.ts(15,1): error TS1121: Octal literals are not allowed. Use the syntax '0o0'.
-numberLiteralsWithLeadingZeros.ts(15,3): error TS1005: ';' expected.
 numberLiteralsWithLeadingZeros.ts(15,3): error TS2304: Cannot find name 'e5'.
-numberLiteralsWithLeadingZeros.ts(16,1): error TS1121: Octal literals are not allowed. Use the syntax '0o0'.
-numberLiteralsWithLeadingZeros.ts(16,4): error TS1005: ';' expected.
 numberLiteralsWithLeadingZeros.ts(16,4): error TS2304: Cannot find name 'e5'.
-numberLiteralsWithLeadingZeros.ts(17,1): error TS1121: Octal literals are not allowed. Use the syntax '0o1'.
-numberLiteralsWithLeadingZeros.ts(17,3): error TS1005: ';' expected.
 numberLiteralsWithLeadingZeros.ts(17,3): error TS2304: Cannot find name 'e5'.
-numberLiteralsWithLeadingZeros.ts(18,1): error TS1121: Octal literals are not allowed. Use the syntax '0o1'.
-numberLiteralsWithLeadingZeros.ts(18,4): error TS1005: ';' expected.
 numberLiteralsWithLeadingZeros.ts(18,4): error TS2304: Cannot find name 'e5'.
-numberLiteralsWithLeadingZeros.ts(19,1): error TS1489: Decimals with leading zeros are not allowed.
-numberLiteralsWithLeadingZeros.ts(20,1): error TS1489: Decimals with leading zeros are not allowed.
-numberLiteralsWithLeadingZeros.ts(22,1): error TS1121: Octal literals are not allowed. Use the syntax '0o0'.
-numberLiteralsWithLeadingZeros.ts(22,3): error TS1005: ';' expected.
-numberLiteralsWithLeadingZeros.ts(23,1): error TS1121: Octal literals are not allowed. Use the syntax '0o0'.
-numberLiteralsWithLeadingZeros.ts(23,4): error TS1005: ';' expected.
-numberLiteralsWithLeadingZeros.ts(24,1): error TS1121: Octal literals are not allowed. Use the syntax '0o1'.
-numberLiteralsWithLeadingZeros.ts(24,3): error TS1005: ';' expected.
-numberLiteralsWithLeadingZeros.ts(25,1): error TS1121: Octal literals are not allowed. Use the syntax '0o1'.
-numberLiteralsWithLeadingZeros.ts(25,4): error TS1005: ';' expected.
-numberLiteralsWithLeadingZeros.ts(26,1): error TS1489: Decimals with leading zeros are not allowed.
-numberLiteralsWithLeadingZeros.ts(27,1): error TS1489: Decimals with leading zeros are not allowed.
-numberLiteralsWithLeadingZeros.ts(29,1): error TS1121: Octal literals are not allowed. Use the syntax '0o0'.
-numberLiteralsWithLeadingZeros.ts(29,3): error TS1005: ';' expected.
-numberLiteralsWithLeadingZeros.ts(30,1): error TS1121: Octal literals are not allowed. Use the syntax '0o0'.
-numberLiteralsWithLeadingZeros.ts(30,4): error TS1005: ';' expected.
-numberLiteralsWithLeadingZeros.ts(31,1): error TS1121: Octal literals are not allowed. Use the syntax '0o1'.
-numberLiteralsWithLeadingZeros.ts(31,3): error TS1005: ';' expected.
-numberLiteralsWithLeadingZeros.ts(32,1): error TS1121: Octal literals are not allowed. Use the syntax '0o1'.
-numberLiteralsWithLeadingZeros.ts(32,4): error TS1005: ';' expected.
-numberLiteralsWithLeadingZeros.ts(33,1): error TS1489: Decimals with leading zeros are not allowed.
-numberLiteralsWithLeadingZeros.ts(34,1): error TS1489: Decimals with leading zeros are not allowed.
-numberLiteralsWithLeadingZeros.ts(36,1): error TS1121: Octal literals are not allowed. Use the syntax '0o0'.
-numberLiteralsWithLeadingZeros.ts(36,3): error TS1005: ';' expected.
 numberLiteralsWithLeadingZeros.ts(36,3): error TS2304: Cannot find name 'e5_5'.
-numberLiteralsWithLeadingZeros.ts(37,1): error TS1121: Octal literals are not allowed. Use the syntax '0o0'.
-numberLiteralsWithLeadingZeros.ts(37,4): error TS1005: ';' expected.
 numberLiteralsWithLeadingZeros.ts(37,4): error TS2304: Cannot find name 'e5_5'.
-numberLiteralsWithLeadingZeros.ts(38,1): error TS1121: Octal literals are not allowed. Use the syntax '0o1'.
-numberLiteralsWithLeadingZeros.ts(38,3): error TS1005: ';' expected.
 numberLiteralsWithLeadingZeros.ts(38,3): error TS2304: Cannot find name 'e5_5'.
-numberLiteralsWithLeadingZeros.ts(39,1): error TS1121: Octal literals are not allowed. Use the syntax '0o1'.
-numberLiteralsWithLeadingZeros.ts(39,4): error TS1005: ';' expected.
 numberLiteralsWithLeadingZeros.ts(39,4): error TS2304: Cannot find name 'e5_5'.
-numberLiteralsWithLeadingZeros.ts(40,1): error TS1489: Decimals with leading zeros are not allowed.
-numberLiteralsWithLeadingZeros.ts(41,1): error TS1489: Decimals with leading zeros are not allowed.
-numberLiteralsWithLeadingZeros.ts(43,1): error TS1121: Octal literals are not allowed. Use the syntax '0o0'.
-numberLiteralsWithLeadingZeros.ts(43,3): error TS1005: ';' expected.
-numberLiteralsWithLeadingZeros.ts(44,1): error TS1121: Octal literals are not allowed. Use the syntax '0o0'.
-numberLiteralsWithLeadingZeros.ts(44,4): error TS1005: ';' expected.
-numberLiteralsWithLeadingZeros.ts(45,1): error TS1121: Octal literals are not allowed. Use the syntax '0o1'.
-numberLiteralsWithLeadingZeros.ts(45,3): error TS1005: ';' expected.
-numberLiteralsWithLeadingZeros.ts(46,1): error TS1121: Octal literals are not allowed. Use the syntax '0o1'.
-numberLiteralsWithLeadingZeros.ts(46,4): error TS1005: ';' expected.
-numberLiteralsWithLeadingZeros.ts(47,1): error TS1489: Decimals with leading zeros are not allowed.
-numberLiteralsWithLeadingZeros.ts(48,1): error TS1489: Decimals with leading zeros are not allowed.
-numberLiteralsWithLeadingZeros.ts(50,2): error TS6188: Numeric separators are not allowed here.
-numberLiteralsWithLeadingZeros.ts(51,2): error TS6188: Numeric separators are not allowed here.
-numberLiteralsWithLeadingZeros.ts(52,2): error TS6188: Numeric separators are not allowed here.
-numberLiteralsWithLeadingZeros.ts(53,2): error TS6188: Numeric separators are not allowed here.
-numberLiteralsWithLeadingZeros.ts(54,2): error TS6188: Numeric separators are not allowed here.
-numberLiteralsWithLeadingZeros.ts(55,2): error TS6188: Numeric separators are not allowed here.
-numberLiteralsWithLeadingZeros.ts(56,2): error TS6188: Numeric separators are not allowed here.
-numberLiteralsWithLeadingZeros.ts(57,2): error TS6188: Numeric separators are not allowed here.
-numberLiteralsWithLeadingZeros.ts(58,2): error TS6188: Numeric separators are not allowed here.
-numberLiteralsWithLeadingZeros.ts(60,2): error TS6188: Numeric separators are not allowed here.
-numberLiteralsWithLeadingZeros.ts(61,2): error TS6188: Numeric separators are not allowed here.
-numberLiteralsWithLeadingZeros.ts(62,2): error TS6188: Numeric separators are not allowed here.
-numberLiteralsWithLeadingZeros.ts(63,2): error TS6188: Numeric separators are not allowed here.
-numberLiteralsWithLeadingZeros.ts(64,2): error TS6188: Numeric separators are not allowed here.
-numberLiteralsWithLeadingZeros.ts(65,2): error TS6188: Numeric separators are not allowed here.
-numberLiteralsWithLeadingZeros.ts(66,2): error TS6188: Numeric separators are not allowed here.
-numberLiteralsWithLeadingZeros.ts(67,2): error TS6188: Numeric separators are not allowed here.
-numberLiteralsWithLeadingZeros.ts(68,2): error TS6188: Numeric separators are not allowed here.
-numberLiteralsWithLeadingZeros.ts(70,2): error TS6188: Numeric separators are not allowed here.
-numberLiteralsWithLeadingZeros.ts(71,2): error TS6188: Numeric separators are not allowed here.
-numberLiteralsWithLeadingZeros.ts(72,2): error TS6188: Numeric separators are not allowed here.
-numberLiteralsWithLeadingZeros.ts(73,2): error TS6188: Numeric separators are not allowed here.
-numberLiteralsWithLeadingZeros.ts(74,2): error TS6188: Numeric separators are not allowed here.
-numberLiteralsWithLeadingZeros.ts(75,2): error TS6188: Numeric separators are not allowed here.
-numberLiteralsWithLeadingZeros.ts(76,2): error TS6188: Numeric separators are not allowed here.
-numberLiteralsWithLeadingZeros.ts(77,2): error TS6188: Numeric separators are not allowed here.
-numberLiteralsWithLeadingZeros.ts(78,2): error TS6188: Numeric separators are not allowed here.
 
 
-==== numberLiteralsWithLeadingZeros.ts (101 errors) ====
+==== numberLiteralsWithLeadingZeros.ts (8 errors) ====
     00;
-    ~~
-!!! error TS1121: Octal literals are not allowed. Use the syntax '0o0'.
     000;
-    ~~~
-!!! error TS1121: Octal literals are not allowed. Use the syntax '0o0'.
     01;
-    ~~

Diff truncated: more than 100 lines changed

Expected: 384 lines
Actual: 105 lines

The differences are too extensive to show in unified diff format.
Consider comparing smaller sections or reviewing the strings directly.

</message>
<stacktrace>
  at org.junit.Assert.fail(Assert.java:89)
  at kotlin.test.junit.JUnitAsserter.fail(JUnitSupport.kt:56)
  at kotlin.test.AssertionsKt__AssertionsKt.fail(Assertions.kt:563)
  at kotlin.test.AssertionsKt.fail(Unknown Source)
  at com.xemantic.kotlin.test.SameAsKt.sameAs(SameAs.kt:52)
  at com.xemantic.typescript.compiler.TypeScriptTestSupportKt.errorsMatchBaseline(TypeScriptTestSupport.kt:135)
  at com.xemantic.typescript.compiler.TypeScriptCompilerTests_N.numberLiteralsWithLeadingZeros_ts has expected errors matching numberLiteralsWithLeadingZeros_errors_txt(TypeScriptCompilerTests_N.kt:2835)
  at java.base/jdk.internal.reflect.DirectMethodHandleAccessor.invoke(DirectMethodHandleAccessor.java:104)
  at java.base/java.lang.reflect.Method.invoke(Method.java:565)
  at org.junit.runners.model.FrameworkMethod$1.runReflectiveCall(FrameworkMethod.java:59)
  at org.junit.internal.runners.model.ReflectiveCallable.run(ReflectiveCallable.java:12)
  at org.junit.runners.model.FrameworkMethod.invokeExplosively(FrameworkMethod.java:56)
  at org.junit.internal.runners.statements.InvokeMethod.evaluate(InvokeMethod.java:17)
  at org.junit.runners.ParentRunner$3.evaluate(ParentRunner.java:306)
  at org.junit.runners.BlockJUnit4ClassRunner$1.evaluate(BlockJUnit4ClassRunner.java:100)
  at org.junit.runners.ParentRunner.runLeaf(ParentRunner.java:366)
  at org.junit.runners.BlockJUnit4ClassRunner.runChild(BlockJUnit4ClassRunner.java:103)
  at org.junit.runners.BlockJUnit4ClassRunner.runChild(BlockJUnit4ClassRunner.java:63)
  at org.junit.runners.ParentRunner$4.run(ParentRunner.java:331)
  at org.junit.runners.ParentRunner$1.schedule(ParentRunner.java:79)
  at org.junit.runners.ParentRunner.runChildren(ParentRunner.java:329)
  at org.junit.runners.ParentRunner.access$100(ParentRunner.java:66)
  at org.junit.runners.ParentRunner$2.evaluate(ParentRunner.java:293)
  at org.junit.runners.ParentRunner$3.evaluate(ParentRunner.java:306)
  at org.junit.runners.ParentRunner.run(ParentRunner.java:413)
  at org.junit.runner.JUnitCore.run(JUnitCore.java:137)
  at org.junit.runner.JUnitCore.run(JUnitCore.java:115)
  at org.gradle.api.internal.tasks.testing.junit.JUnitTestExecutor.runRequest(JUnitTestExecutor.java:175)
  at org.gradle.api.internal.tasks.testing.junit.JUnitTestExecutor.accept(JUnitTestExecutor.java:84)
  at org.gradle.api.internal.tasks.testing.junit.JUnitTestExecutor.accept(JUnitTestExecutor.java:47)
  at org.gradle.api.internal.tasks.testing.junit.AbstractJUnitTestDefinitionProcessor.processTestDefinition(AbstractJUnitTestDefinitionProcessor.java:65)
  at org.gradle.api.internal.tasks.testing.SuiteTestDefinitionProcessor.processTestDefinition(SuiteTestDefinitionProcessor.java:54)
  at java.base/jdk.internal.reflect.DirectMethodHandleAccessor.invoke(DirectMethodHandleAccessor.java:104)
  at java.base/java.lang.reflect.Method.invoke(Method.java:565)
  at org.gradle.internal.dispatch.MethodInvocation.invokeOn(MethodInvocation.java:77)
  at org.gradle.internal.dispatch.ReflectionDispatch.dispatch(ReflectionDispatch.java:28)
  at org.gradle.internal.dispatch.ReflectionDispatch.dispatch(ReflectionDispatch.java:19)
  at org.gradle.internal.dispatch.ContextClassLoaderDispatch.dispatch(ContextClassLoaderDispatch.java:33)
  at org.gradle.internal.dispatch.ProxyDispatchAdapter$DispatchingInvocationHandler.invoke(ProxyDispatchAdapter.java:88)
  at jdk.proxy1/jdk.proxy1.$Proxy4.processTestDefinition(Unknown Source)
  at org.gradle.api.internal.tasks.testing.worker.TestWorker$2.run(TestWorker.java:178)
  at org.gradle.api.internal.tasks.testing.worker.TestWorker.executeAndMaintainThreadName(TestWorker.java:126)
  at org.gradle.api.internal.tasks.testing.worker.TestWorker.execute(TestWorker.java:103)
  at org.gradle.api.internal.tasks.testing.worker.TestWorker.execute(TestWorker.java:63)
  at org.gradle.process.internal.worker.child.ActionExecutionWorker.execute(ActionExecutionWorker.java:56)
  at org.gradle.process.internal.worker.child.SystemApplicationClassLoaderWorker.call(SystemApplicationClassLoaderWorker.java:122)
  at org.gradle.process.internal.worker.child.SystemApplicationClassLoaderWorker.call(SystemApplicationClassLoaderWorker.java:72)
  at worker.org.gradle.process.internal.worker.GradleWorkerMain.run(GradleWorkerMain.java:69)
  at worker.org.gradle.process.internal.worker.GradleWorkerMain.main(GradleWorkerMain.java:74)
</stacktrace>
</test-failure>


TypeScriptCompilerTests_N[jvm] > numberLiteralsWithLeadingZeros_ts has expected errors matching numberLiteralsWithLeadingZeros_errors_txt[jvm] FAILED

<test-failure test="com.xemantic.typescript.compiler.TypeScriptCompilerTests_N.nestedExcessPropertyChecking_ts has expected errors matching nestedExcessPropertyChecking_errors_txt" platform="jvm">
<message>
Expected diagnostics from baseline typescript-repo/tests/baselines/reference/nestedExcessPropertyChecking.errors.txt but none produced
</message>
<stacktrace>
  at com.xemantic.typescript.compiler.TypeScriptTestSupportKt.errorsMatchBaseline(TypeScriptTestSupport.kt:125)
  at com.xemantic.typescript.compiler.TypeScriptCompilerTests_N.nestedExcessPropertyChecking_ts has expected errors matching nestedExcessPropertyChecking_errors_txt(TypeScriptCompilerTests_N.kt:651)
  at java.base/jdk.internal.reflect.DirectMethodHandleAccessor.invoke(DirectMethodHandleAccessor.java:104)
  at java.base/java.lang.reflect.Method.invoke(Method.java:565)
  at org.junit.runners.model.FrameworkMethod$1.runReflectiveCall(FrameworkMethod.java:59)
  at org.junit.internal.runners.model.ReflectiveCallable.run(ReflectiveCallable.java:12)
  at org.junit.runners.model.FrameworkMethod.invokeExplosively(FrameworkMethod.java:56)
  at org.junit.internal.runners.statements.InvokeMethod.evaluate(InvokeMethod.java:17)
  at org.junit.runners.ParentRunner$3.evaluate(ParentRunner.java:306)
  at org.junit.runners.BlockJUnit4ClassRunner$1.evaluate(BlockJUnit4ClassRunner.java:100)
  at org.junit.runners.ParentRunner.runLeaf(ParentRunner.java:366)
  at org.junit.runners.BlockJUnit4ClassRunner.runChild(BlockJUnit4ClassRunner.java:103)
  at org.junit.runners.BlockJUnit4ClassRunner.runChild(BlockJUnit4ClassRunner.java:63)
  at org.junit.runners.ParentRunner$4.run(ParentRunner.java:331)
  at org.junit.runners.ParentRunner$1.schedule(ParentRunner.java:79)
  at org.junit.runners.ParentRunner.runChildren(ParentRunner.java:329)
  at org.junit.runners.ParentRunner.access$100(ParentRunner.java:66)
  at org.junit.runners.ParentRunner$2.evaluate(ParentRunner.java:293)
  at org.junit.runners.ParentRunner$3.evaluate(ParentRunner.java:306)
  at org.junit.runners.ParentRunner.run(ParentRunner.java:413)
  at org.junit.runner.JUnitCore.run(JUnitCore.java:137)
  at org.junit.runner.JUnitCore.run(JUnitCore.java:115)
  at org.gradle.api.internal.tasks.testing.junit.JUnitTestExecutor.runRequest(JUnitTestExecutor.java:175)
  at org.gradle.api.internal.tasks.testing.junit.JUnitTestExecutor.accept(JUnitTestExecutor.java:84)
  at org.gradle.api.internal.tasks.testing.junit.JUnitTestExecutor.accept(JUnitTestExecutor.java:47)
  at org.gradle.api.internal.tasks.testing.junit.AbstractJUnitTestDefinitionProcessor.processTestDefinition(AbstractJUnitTestDefinitionProcessor.java:65)
  at org.gradle.api.internal.tasks.testing.SuiteTestDefinitionProcessor.processTestDefinition(SuiteTestDefinitionProcessor.java:54)
  at java.base/jdk.internal.reflect.DirectMethodHandleAccessor.invoke(DirectMethodHandleAccessor.java:104)
  at java.base/java.lang.reflect.Method.invoke(Method.java:565)
  at org.gradle.internal.dispatch.MethodInvocation.invokeOn(MethodInvocation.java:77)
  at org.gradle.internal.dispatch.ReflectionDispatch.dispatch(ReflectionDispatch.java:28)
  at org.gradle.internal.dispatch.ReflectionDispatch.dispatch(ReflectionDispatch.java:19)
  at org.gradle.internal.dispatch.ContextClassLoaderDispatch.dispatch(ContextClassLoaderDispatch.java:33)
  at org.gradle.internal.dispatch.ProxyDispatchAdapter$DispatchingInvocationHandler.invoke(ProxyDispatchAdapter.java:88)
  at jdk.proxy1/jdk.proxy1.$Proxy4.processTestDefinition(Unknown Source)
  at org.gradle.api.internal.tasks.testing.worker.TestWorker$2.run(TestWorker.java:178)
  at org.gradle.api.internal.tasks.testing.worker.TestWorker.executeAndMaintainThreadName(TestWorker.java:126)
  at org.gradle.api.internal.tasks.testing.worker.TestWorker.execute(TestWorker.java:103)
  at org.gradle.api.internal.tasks.testing.worker.TestWorker.execute(TestWorker.java:63)
  at org.gradle.process.internal.worker.child.ActionExecutionWorker.execute(ActionExecutionWorker.java:56)
  at org.gradle.process.internal.worker.child.SystemApplicationClassLoaderWorker.call(SystemApplicationClassLoaderWorker.java:122)
  at org.gradle.process.internal.worker.child.SystemApplicationClassLoaderWorker.call(SystemApplicationClassLoaderWorker.java:72)
  at worker.org.gradle.process.internal.worker.GradleWorkerMain.run(GradleWorkerMain.java:69)
  at worker.org.gradle.process.internal.worker.GradleWorkerMain.main(GradleWorkerMain.java:74)
</stacktrace>
</test-failure>


TypeScriptCompilerTests_N[jvm] > nestedExcessPropertyChecking_ts has expected errors matching nestedExcessPropertyChecking_errors_txt[jvm] FAILED

<test-failure test="com.xemantic.typescript.compiler.TypeScriptCompilerTests_N.noUnusedLocals_writeOnlyProperty_dynamicNames_ts has expected errors matching noUnusedLocals_writeOnlyProperty_dynamicNames_errors_txt" platform="jvm">
<message>
Expected diagnostics from baseline typescript-repo/tests/baselines/reference/noUnusedLocals_writeOnlyProperty_dynamicNames.errors.txt but none produced
</message>
<stacktrace>
  at com.xemantic.typescript.compiler.TypeScriptTestSupportKt.errorsMatchBaseline(TypeScriptTestSupport.kt:125)
  at com.xemantic.typescript.compiler.TypeScriptCompilerTests_N.noUnusedLocals_writeOnlyProperty_dynamicNames_ts has expected errors matching noUnusedLocals_writeOnlyProperty_dynamicNames_errors_txt(TypeScriptCompilerTests_N.kt:2261)
  at java.base/jdk.internal.reflect.DirectMethodHandleAccessor.invoke(DirectMethodHandleAccessor.java:104)
  at java.base/java.lang.reflect.Method.invoke(Method.java:565)
  at org.junit.runners.model.FrameworkMethod$1.runReflectiveCall(FrameworkMethod.java:59)
  at org.junit.internal.runners.model.ReflectiveCallable.run(ReflectiveCallable.java:12)
  at org.junit.runners.model.FrameworkMethod.invokeExplosively(FrameworkMethod.java:56)
  at org.junit.internal.runners.statements.InvokeMethod.evaluate(InvokeMethod.java:17)
  at org.junit.runners.ParentRunner$3.evaluate(ParentRunner.java:306)
  at org.junit.runners.BlockJUnit4ClassRunner$1.evaluate(BlockJUnit4ClassRunner.java:100)
  at org.junit.runners.ParentRunner.runLeaf(ParentRunner.java:366)
  at org.junit.runners.BlockJUnit4ClassRunner.runChild(BlockJUnit4ClassRunner.java:103)
  at org.junit.runners.BlockJUnit4ClassRunner.runChild(BlockJUnit4ClassRunner.java:63)
  at org.junit.runners.ParentRunner$4.run(ParentRunner.java:331)
  at org.junit.runners.ParentRunner$1.schedule(ParentRunner.java:79)
  at org.junit.runners.ParentRunner.runChildren(ParentRunner.java:329)
  at org.junit.runners.ParentRunner.access$100(ParentRunner.java:66)
  at org.junit.runners.ParentRunner$2.evaluate(ParentRunner.java:293)
  at org.junit.runners.ParentRunner$3.evaluate(ParentRunner.java:306)
  at org.junit.runners.ParentRunner.run(ParentRunner.java:413)
  at org.junit.runner.JUnitCore.run(JUnitCore.java:137)
  at org.junit.runner.JUnitCore.run(JUnitCore.java:115)
  at org.gradle.api.internal.tasks.testing.junit.JUnitTestExecutor.runRequest(JUnitTestExecutor.java:175)
  at org.gradle.api.internal.tasks.testing.junit.JUnitTestExecutor.accept(JUnitTestExecutor.java:84)
  at org.gradle.api.internal.tasks.testing.junit.JUnitTestExecutor.accept(JUnitTestExecutor.java:47)
  at org.gradle.api.internal.tasks.testing.junit.AbstractJUnitTestDefinitionProcessor.processTestDefinition(AbstractJUnitTestDefinitionProcessor.java:65)
  at org.gradle.api.internal.tasks.testing.SuiteTestDefinitionProcessor.processTestDefinition(SuiteTestDefinitionProcessor.java:54)
  at java.base/jdk.internal.reflect.DirectMethodHandleAccessor.invoke(DirectMethodHandleAccessor.java:104)
  at java.base/java.lang.reflect.Method.invoke(Method.java:565)
  at org.gradle.internal.dispatch.MethodInvocation.invokeOn(MethodInvocation.java:77)
  at org.gradle.internal.dispatch.ReflectionDispatch.dispatch(ReflectionDispatch.java:28)
  at org.gradle.internal.dispatch.ReflectionDispatch.dispatch(ReflectionDispatch.java:19)
  at org.gradle.internal.dispatch.ContextClassLoaderDispatch.dispatch(ContextClassLoaderDispatch.java:33)
  at org.gradle.internal.dispatch.ProxyDispatchAdapter$DispatchingInvocationHandler.invoke(ProxyDispatchAdapter.java:88)
  at jdk.proxy1/jdk.proxy1.$Proxy4.processTestDefinition(Unknown Source)
  at org.gradle.api.internal.tasks.testing.worker.TestWorker$2.run(TestWorker.java:178)
  at org.gradle.api.internal.tasks.testing.worker.TestWorker.executeAndMaintainThreadName(TestWorker.java:126)
  at org.gradle.api.internal.tasks.testing.worker.TestWorker.execute(TestWorker.java:103)
  at org.gradle.api.internal.tasks.testing.worker.TestWorker.execute(TestWorker.java:63)
  at org.gradle.process.internal.worker.child.ActionExecutionWorker.execute(ActionExecutionWorker.java:56)
  at org.gradle.process.internal.worker.child.SystemApplicationClassLoaderWorker.call(SystemApplicationClassLoaderWorker.java:122)
  at org.gradle.process.internal.worker.child.SystemApplicationClassLoaderWorker.call(SystemApplicationClassLoaderWorker.java:72)
  at worker.org.gradle.process.internal.worker.GradleWorkerMain.run(GradleWorkerMain.java:69)
  at worker.org.gradle.process.internal.worker.GradleWorkerMain.main(GradleWorkerMain.java:74)
</stacktrace>
</test-failure>


TypeScriptCompilerTests_N[jvm] > noUnusedLocals_writeOnlyProperty_dynamicNames_ts has expected errors matching noUnusedLocals_writeOnlyProperty_dynamicNames_errors_txt[jvm] FAILED

<test-failure test="com.xemantic.typescript.compiler.TypeScriptCompilerTests_N.noImplicitAnyForIn_ts has expected errors matching noImplicitAnyForIn_errors_txt" platform="jvm">
<message>
--- expected
+++ actual
@@ -1,12 +1,7 @@
-noImplicitAnyForIn.ts(7,18): error TS7053: Element implicitly has an 'any' type because expression of type 'string' can't be used to index type '{}'.
-  No index signature with a parameter of type 'string' was found on type '{}'.
-noImplicitAnyForIn.ts(14,18): error TS7053: Element implicitly has an 'any' type because expression of type 'string' can't be used to index type '{}'.
-  No index signature with a parameter of type 'string' was found on type '{}'.
 noImplicitAnyForIn.ts(28,9): error TS2872: This kind of expression is always truthy.
-noImplicitAnyForIn.ts(30,6): error TS2405: The left-hand side of a 'for...in' statement must be of type 'string' or 'any'.
 
 
-==== noImplicitAnyForIn.ts (4 errors) ====
+==== noImplicitAnyForIn.ts (1 errors) ====
     var x: {}[] = [[1, 2, 3], ["hello"]];
     
     for (var i in x) {
@@ -14,9 +9,6 @@
     
             //Should yield an implicit 'any' error
             var _j = x[i][j];
-                     ~~~~~~~
-!!! error TS7053: Element implicitly has an 'any' type because expression of type 'string' can't be used to index type '{}'.
-!!! error TS7053:   No index signature with a parameter of type 'string' was found on type '{}'.
         }
     
         for (var k in x[0]) {
@@ -24,9 +16,6 @@
     
             //Should yield an implicit 'any' error
             var k2 = k1[k];
-                     ~~~~~
-!!! error TS7053: Element implicitly has an 'any' type because expression of type 'string' can't be used to index type '{}'.
-!!! error TS7053:   No index signature with a parameter of type 'string' was found on type '{}'.
         }
     }
     
@@ -45,5 +34,3 @@
 !!! error TS2872: This kind of expression is always truthy.
     
     for (n[idx++] in m);
-         ~~~~~~~~
-!!! error TS2405: The left-hand side of a 'for...in' statement must be of type 'string' or 'any'.

</message>
<stacktrace>
  at org.junit.Assert.fail(Assert.java:89)
  at kotlin.test.junit.JUnitAsserter.fail(JUnitSupport.kt:56)
  at kotlin.test.AssertionsKt__AssertionsKt.fail(Assertions.kt:563)
  at kotlin.test.AssertionsKt.fail(Unknown Source)
  at com.xemantic.kotlin.test.SameAsKt.sameAs(SameAs.kt:52)
  at com.xemantic.typescript.compiler.TypeScriptTestSupportKt.errorsMatchBaseline(TypeScriptTestSupport.kt:135)
  at com.xemantic.typescript.compiler.TypeScriptCompilerTests_N.noImplicitAnyForIn_ts has expected errors matching noImplicitAnyForIn_errors_txt(TypeScriptCompilerTests_N.kt:1463)
  at java.base/jdk.internal.reflect.DirectMethodHandleAccessor.invoke(DirectMethodHandleAccessor.java:104)
  at java.base/java.lang.reflect.Method.invoke(Method.java:565)
  at org.junit.runners.model.FrameworkMethod$1.runReflectiveCall(FrameworkMethod.java:59)
  at org.junit.internal.runners.model.ReflectiveCallable.run(ReflectiveCallable.java:12)
  at org.junit.runners.model.FrameworkMethod.invokeExplosively(FrameworkMethod.java:56)
  at org.junit.internal.runners.statements.InvokeMethod.evaluate(InvokeMethod.java:17)
  at org.junit.runners.ParentRunner$3.evaluate(ParentRunner.java:306)
  at org.junit.runners.BlockJUnit4ClassRunner$1.evaluate(BlockJUnit4ClassRunner.java:100)
  at org.junit.runners.ParentRunner.runLeaf(ParentRunner.java:366)
  at org.junit.runners.BlockJUnit4ClassRunner.runChild(BlockJUnit4ClassRunner.java:103)
  at org.junit.runners.BlockJUnit4ClassRunner.runChild(BlockJUnit4ClassRunner.java:63)
  at org.junit.runners.ParentRunner$4.run(ParentRunner.java:331)
  at org.junit.runners.ParentRunner$1.schedule(ParentRunner.java:79)
  at org.junit.runners.ParentRunner.runChildren(ParentRunner.java:329)
  at org.junit.runners.ParentRunner.access$100(ParentRunner.java:66)
  at org.junit.runners.ParentRunner$2.evaluate(ParentRunner.java:293)
  at org.junit.runners.ParentRunner$3.evaluate(ParentRunner.java:306)
  at org.junit.runners.ParentRunner.run(ParentRunner.java:413)
  at org.junit.runner.JUnitCore.run(JUnitCore.java:137)
  at org.junit.runner.JUnitCore.run(JUnitCore.java:115)
  at org.gradle.api.internal.tasks.testing.junit.JUnitTestExecutor.runRequest(JUnitTestExecutor.java:175)
  at org.gradle.api.internal.tasks.testing.junit.JUnitTestExecutor.accept(JUnitTestExecutor.java:84)
  at org.gradle.api.internal.tasks.testing.junit.JUnitTestExecutor.accept(JUnitTestExecutor.java:47)
  at org.gradle.api.internal.tasks.testing.junit.AbstractJUnitTestDefinitionProcessor.processTestDefinition(AbstractJUnitTestDefinitionProcessor.java:65)
  at org.gradle.api.internal.tasks.testing.SuiteTestDefinitionProcessor.processTestDefinition(SuiteTestDefinitionProcessor.java:54)
  at java.base/jdk.internal.reflect.DirectMethodHandleAccessor.invoke(DirectMethodHandleAccessor.java:104)
  at java.base/java.lang.reflect.Method.invoke(Method.java:565)
  at org.gradle.internal.dispatch.MethodInvocation.invokeOn(MethodInvocation.java:77)
  at org.gradle.internal.dispatch.ReflectionDispatch.dispatch(ReflectionDispatch.java:28)
  at org.gradle.internal.dispatch.ReflectionDispatch.dispatch(ReflectionDispatch.java:19)
  at org.gradle.internal.dispatch.ContextClassLoaderDispatch.dispatch(ContextClassLoaderDispatch.java:33)
  at org.gradle.internal.dispatch.ProxyDispatchAdapter$DispatchingInvocationHandler.invoke(ProxyDispatchAdapter.java:88)
  at jdk.proxy1/jdk.proxy1.$Proxy4.processTestDefinition(Unknown Source)
  at org.gradle.api.internal.tasks.testing.worker.TestWorker$2.run(TestWorker.java:178)
  at org.gradle.api.internal.tasks.testing.worker.TestWorker.executeAndMaintainThreadName(TestWorker.java:126)
  at org.gradle.api.internal.tasks.testing.worker.TestWorker.execute(TestWorker.java:103)
  at org.gradle.api.internal.tasks.testing.worker.TestWorker.execute(TestWorker.java:63)
  at org.gradle.process.internal.worker.child.ActionExecutionWorker.execute(ActionExecutionWorker.java:56)
  at org.gradle.process.internal.worker.child.SystemApplicationClassLoaderWorker.call(SystemApplicationClassLoaderWorker.java:122)
  at org.gradle.process.internal.worker.child.SystemApplicationClassLoaderWorker.call(SystemApplicationClassLoaderWorker.java:72)
  at worker.org.gradle.process.internal.worker.GradleWorkerMain.run(GradleWorkerMain.java:69)
  at worker.org.gradle.process.internal.worker.GradleWorkerMain.main(GradleWorkerMain.java:74)
</stacktrace>
</test-failure>


TypeScriptCompilerTests_N[jvm] > noImplicitAnyForIn_ts has expected errors matching noImplicitAnyForIn_errors_txt[jvm] FAILED

<test-failure test="com.xemantic.typescript.compiler.TypeScriptCompilerTests_N.numericLiteralsWithTrailingDecimalPoints01_ts compiles to JavaScript matching numericLiteralsWithTrailingDecimalPoints01_js" platform="jvm">
<message>
--- expected
+++ actual
@@ -57,19 +57,17 @@
     .toString();
 var test8 = new Number(4).toString();
 var test9 = 3. + 3.;
-var test10 = 0 /* comment */.toString();
-var test11 = 3. /* comment */.toString();
+var test10 = 0..toString();
+var test11 = 3..toString();
 var test12 = 3
-    /* comment */ .toString();
+    .toString();
 var test13 = 3.
-    /* comment */ .toString();
+    .toString();
 var test14 = 3
-    // comment
     .toString();
 var test15 = 3.
-    // comment
     .toString();
-var test16 = 3 // comment time
+var test16 = 3
     .toString();
-var test17 = 3. // comment time again
+var test17 = 3.
     .toString();

</message>
<stacktrace>
  at org.junit.Assert.fail(Assert.java:89)
  at kotlin.test.junit.JUnitAsserter.fail(JUnitSupport.kt:56)
  at kotlin.test.AssertionsKt__AssertionsKt.fail(Assertions.kt:563)
  at kotlin.test.AssertionsKt.fail(Unknown Source)
  at com.xemantic.kotlin.test.SameAsKt.sameAs(SameAs.kt:52)
  at com.xemantic.typescript.compiler.TypeScriptTestSupportKt.sameAs(TypeScriptTestSupport.kt:99)
  at com.xemantic.typescript.compiler.TypeScriptCompilerTests_N.numericLiteralsWithTrailingDecimalPoints01_ts compiles to JavaScript matching numericLiteralsWithTrailingDecimalPoints01_js(TypeScriptCompilerTests_N.kt:3031)
  at java.base/jdk.internal.reflect.DirectMethodHandleAccessor.invoke(DirectMethodHandleAccessor.java:104)
  at java.base/java.lang.reflect.Method.invoke(Method.java:565)
  at org.junit.runners.model.FrameworkMethod$1.runReflectiveCall(FrameworkMethod.java:59)
  at org.junit.internal.runners.model.ReflectiveCallable.run(ReflectiveCallable.java:12)
  at org.junit.runners.model.FrameworkMethod.invokeExplosively(FrameworkMethod.java:56)
  at org.junit.internal.runners.statements.InvokeMethod.evaluate(InvokeMethod.java:17)
  at org.junit.runners.ParentRunner$3.evaluate(ParentRunner.java:306)
  at org.junit.runners.BlockJUnit4ClassRunner$1.evaluate(BlockJUnit4ClassRunner.java:100)
  at org.junit.runners.ParentRunner.runLeaf(ParentRunner.java:366)
  at org.junit.runners.BlockJUnit4ClassRunner.runChild(BlockJUnit4ClassRunner.java:103)
  at org.junit.runners.BlockJUnit4ClassRunner.runChild(BlockJUnit4ClassRunner.java:63)
  at org.junit.runners.ParentRunner$4.run(ParentRunner.java:331)
  at org.junit.runners.ParentRunner$1.schedule(ParentRunner.java:79)
  at org.junit.runners.ParentRunner.runChildren(ParentRunner.java:329)
  at org.junit.runners.ParentRunner.access$100(ParentRunner.java:66)
  at org.junit.runners.ParentRunner$2.evaluate(ParentRunner.java:293)
  at org.junit.runners.ParentRunner$3.evaluate(ParentRunner.java:306)
  at org.junit.runners.ParentRunner.run(ParentRunner.java:413)
  at org.junit.runner.JUnitCore.run(JUnitCore.java:137)
  at org.junit.runner.JUnitCore.run(JUnitCore.java:115)
  at org.gradle.api.internal.tasks.testing.junit.JUnitTestExecutor.runRequest(JUnitTestExecutor.java:175)
  at org.gradle.api.internal.tasks.testing.junit.JUnitTestExecutor.accept(JUnitTestExecutor.java:84)
  at org.gradle.api.internal.tasks.testing.junit.JUnitTestExecutor.accept(JUnitTestExecutor.java:47)
  at org.gradle.api.internal.tasks.testing.junit.AbstractJUnitTestDefinitionProcessor.processTestDefinition(AbstractJUnitTestDefinitionProcessor.java:65)
  at org.gradle.api.internal.tasks.testing.SuiteTestDefinitionProcessor.processTestDefinition(SuiteTestDefinitionProcessor.java:54)
  at java.base/jdk.internal.reflect.DirectMethodHandleAccessor.invoke(DirectMethodHandleAccessor.java:104)
  at java.base/java.lang.reflect.Method.invoke(Method.java:565)
  at org.gradle.internal.dispatch.MethodInvocation.invokeOn(MethodInvocation.java:77)
  at org.gradle.internal.dispatch.ReflectionDispatch.dispatch(ReflectionDispatch.java:28)
  at org.gradle.internal.dispatch.ReflectionDispatch.dispatch(ReflectionDispatch.java:19)
  at org.gradle.internal.dispatch.ContextClassLoaderDispatch.dispatch(ContextClassLoaderDispatch.java:33)
  at org.gradle.internal.dispatch.ProxyDispatchAdapter$DispatchingInvocationHandler.invoke(ProxyDispatchAdapter.java:88)
  at jdk.proxy1/jdk.proxy1.$Proxy4.processTestDefinition(Unknown Source)
  at org.gradle.api.internal.tasks.testing.worker.TestWorker$2.run(TestWorker.java:178)
  at org.gradle.api.internal.tasks.testing.worker.TestWorker.executeAndMaintainThreadName(TestWorker.java:126)
  at org.gradle.api.internal.tasks.testing.worker.TestWorker.execute(TestWorker.java:103)
  at org.gradle.api.internal.tasks.testing.worker.TestWorker.execute(TestWorker.java:63)
  at org.gradle.process.internal.worker.child.ActionExecutionWorker.execute(ActionExecutionWorker.java:56)
  at org.gradle.process.internal.worker.child.SystemApplicationClassLoaderWorker.call(SystemApplicationClassLoaderWorker.java:122)
  at org.gradle.process.internal.worker.child.SystemApplicationClassLoaderWorker.call(SystemApplicationClassLoaderWorker.java:72)
  at worker.org.gradle.process.internal.worker.GradleWorkerMain.run(GradleWorkerMain.java:69)
  at worker.org.gradle.process.internal.worker.GradleWorkerMain.main(GradleWorkerMain.java:74)
</stacktrace>
</test-failure>


TypeScriptCompilerTests_N[jvm] > numericLiteralsWithTrailingDecimalPoints01_ts compiles to JavaScript matching numericLiteralsWithTrailingDecimalPoints01_js[jvm] FAILED

<test-failure test="com.xemantic.typescript.compiler.TypeScriptCompilerTests_N.narrowingUnionToNeverAssigment_ts has expected errors matching narrowingUnionToNeverAssigment_errors_txt" platform="jvm">
<message>
Expected diagnostics from baseline typescript-repo/tests/baselines/reference/narrowingUnionToNeverAssigment.errors.txt but none produced
</message>
<stacktrace>
  at com.xemantic.typescript.compiler.TypeScriptTestSupportKt.errorsMatchBaseline(TypeScriptTestSupport.kt:125)
  at com.xemantic.typescript.compiler.TypeScriptCompilerTests_N.narrowingUnionToNeverAssigment_ts has expected errors matching narrowingUnionToNeverAssigment_errors_txt(TypeScriptCompilerTests_N.kt:462)
  at java.base/jdk.internal.reflect.DirectMethodHandleAccessor.invoke(DirectMethodHandleAccessor.java:104)
  at java.base/java.lang.reflect.Method.invoke(Method.java:565)
  at org.junit.runners.model.FrameworkMethod$1.runReflectiveCall(FrameworkMethod.java:59)
  at org.junit.internal.runners.model.ReflectiveCallable.run(ReflectiveCallable.java:12)
  at org.junit.runners.model.FrameworkMethod.invokeExplosively(FrameworkMethod.java:56)
  at org.junit.internal.runners.statements.InvokeMethod.evaluate(InvokeMethod.java:17)
  at org.junit.runners.ParentRunner$3.evaluate(ParentRunner.java:306)
  at org.junit.runners.BlockJUnit4ClassRunner$1.evaluate(BlockJUnit4ClassRunner.java:100)
  at org.junit.runners.ParentRunner.runLeaf(ParentRunner.java:366)
  at org.junit.runners.BlockJUnit4ClassRunner.runChild(BlockJUnit4ClassRunner.java:103)
  at org.junit.runners.BlockJUnit4ClassRunner.runChild(BlockJUnit4ClassRunner.java:63)
  at org.junit.runners.ParentRunner$4.run(ParentRunner.java:331)
  at org.junit.runners.ParentRunner$1.schedule(ParentRunner.java:79)
  at org.junit.runners.ParentRunner.runChildren(ParentRunner.java:329)
  at org.junit.runners.ParentRunner.access$100(ParentRunner.java:66)
  at org.junit.runners.ParentRunner$2.evaluate(ParentRunner.java:293)
  at org.junit.runners.ParentRunner$3.evaluate(ParentRunner.java:306)
  at org.junit.runners.ParentRunner.run(ParentRunner.java:413)
  at org.junit.runner.JUnitCore.run(JUnitCore.java:137)
  at org.junit.runner.JUnitCore.run(JUnitCore.java:115)
  at org.gradle.api.internal.tasks.testing.junit.JUnitTestExecutor.runRequest(JUnitTestExecutor.java:175)
  at org.gradle.api.internal.tasks.testing.junit.JUnitTestExecutor.accept(JUnitTestExecutor.java:84)
  at org.gradle.api.internal.tasks.testing.junit.JUnitTestExecutor.accept(JUnitTestExecutor.java:47)
  at org.gradle.api.internal.tasks.testing.junit.AbstractJUnitTestDefinitionProcessor.processTestDefinition(AbstractJUnitTestDefinitionProcessor.java:65)
  at org.gradle.api.internal.tasks.testing.SuiteTestDefinitionProcessor.processTestDefinition(SuiteTestDefinitionProcessor.java:54)
  at java.base/jdk.internal.reflect.DirectMethodHandleAccessor.invoke(DirectMethodHandleAccessor.java:104)
  at java.base/java.lang.reflect.Method.invoke(Method.java:565)
  at org.gradle.internal.dispatch.MethodInvocation.invokeOn(MethodInvocation.java:77)
  at org.gradle.internal.dispatch.ReflectionDispatch.dispatch(ReflectionDispatch.java:28)
  at org.gradle.internal.dispatch.ReflectionDispatch.dispatch(ReflectionDispatch.java:19)
  at org.gradle.internal.dispatch.ContextClassLoaderDispatch.dispatch(ContextClassLoaderDispatch.java:33)
  at org.gradle.internal.dispatch.ProxyDispatchAdapter$DispatchingInvocationHandler.invoke(ProxyDispatchAdapter.java:88)
  at jdk.proxy1/jdk.proxy1.$Proxy4.processTestDefinition(Unknown Source)
  at org.gradle.api.internal.tasks.testing.worker.TestWorker$2.run(TestWorker.java:178)
  at org.gradle.api.internal.tasks.testing.worker.TestWorker.executeAndMaintainThreadName(TestWorker.java:126)
  at org.gradle.api.internal.tasks.testing.worker.TestWorker.execute(TestWorker.java:103)
  at org.gradle.api.internal.tasks.testing.worker.TestWorker.execute(TestWorker.java:63)
  at org.gradle.process.internal.worker.child.ActionExecutionWorker.execute(ActionExecutionWorker.java:56)
  at org.gradle.process.internal.worker.child.SystemApplicationClassLoaderWorker.call(SystemApplicationClassLoaderWorker.java:122)
  at org.gradle.process.internal.worker.child.SystemApplicationClassLoaderWorker.call(SystemApplicationClassLoaderWorker.java:72)
  at worker.org.gradle.process.internal.worker.GradleWorkerMain.run(GradleWorkerMain.java:69)
  at worker.org.gradle.process.internal.worker.GradleWorkerMain.main(GradleWorkerMain.java:74)
</stacktrace>
</test-failure>


TypeScriptCompilerTests_N[jvm] > narrowingUnionToNeverAssigment_ts has expected errors matching narrowingUnionToNeverAssigment_errors_txt[jvm] FAILED

<test-failure test="com.xemantic.typescript.compiler.TypeScriptCompilerTests_N.nodeNextImportModeImplicitIndexResolution_ts has expected errors matching nodeNextImportModeImplicitIndexResolution_errors_txt" platform="jvm">
<message>
Expected diagnostics from baseline typescript-repo/tests/baselines/reference/nodeNextImportModeImplicitIndexResolution.errors.txt but none produced
</message>
<stacktrace>
  at com.xemantic.typescript.compiler.TypeScriptTestSupportKt.errorsMatchBaseline(TypeScriptTestSupport.kt:125)
  at com.xemantic.typescript.compiler.TypeScriptCompilerTests_N.nodeNextImportModeImplicitIndexResolution_ts has expected errors matching nodeNextImportModeImplicitIndexResolution_errors_txt(TypeScriptCompilerTests_N.kt:2317)
  at java.base/jdk.internal.reflect.DirectMethodHandleAccessor.invoke(DirectMethodHandleAccessor.java:104)
  at java.base/java.lang.reflect.Method.invoke(Method.java:565)
  at org.junit.runners.model.FrameworkMethod$1.runReflectiveCall(FrameworkMethod.java:59)
  at org.junit.internal.runners.model.ReflectiveCallable.run(ReflectiveCallable.java:12)
  at org.junit.runners.model.FrameworkMethod.invokeExplosively(FrameworkMethod.java:56)
  at org.junit.internal.runners.statements.InvokeMethod.evaluate(InvokeMethod.java:17)
  at org.junit.runners.ParentRunner$3.evaluate(ParentRunner.java:306)
  at org.junit.runners.BlockJUnit4ClassRunner$1.evaluate(BlockJUnit4ClassRunner.java:100)
  at org.junit.runners.ParentRunner.runLeaf(ParentRunner.java:366)
  at org.junit.runners.BlockJUnit4ClassRunner.runChild(BlockJUnit4ClassRunner.java:103)
  at org.junit.runners.BlockJUnit4ClassRunner.runChild(BlockJUnit4ClassRunner.java:63)
  at org.junit.runners.ParentRunner$4.run(ParentRunner.java:331)
  at org.junit.runners.ParentRunner$1.schedule(ParentRunner.java:79)
  at org.junit.runners.ParentRunner.runChildren(ParentRunner.java:329)
  at org.junit.runners.ParentRunner.access$100(ParentRunner.java:66)
  at org.junit.runners.ParentRunner$2.evaluate(ParentRunner.java:293)
  at org.junit.runners.ParentRunner$3.evaluate(ParentRunner.java:306)
  at org.junit.runners.ParentRunner.run(ParentRunner.java:413)
  at org.junit.runner.JUnitCore.run(JUnitCore.java:137)
  at org.junit.runner.JUnitCore.run(JUnitCore.java:115)
  at org.gradle.api.internal.tasks.testing.junit.JUnitTestExecutor.runRequest(JUnitTestExecutor.java:175)
  at org.gradle.api.internal.tasks.testing.junit.JUnitTestExecutor.accept(JUnitTestExecutor.java:84)
  at org.gradle.api.internal.tasks.testing.junit.JUnitTestExecutor.accept(JUnitTestExecutor.java:47)
  at org.gradle.api.internal.tasks.testing.junit.AbstractJUnitTestDefinitionProcessor.processTestDefinition(AbstractJUnitTestDefinitionProcessor.java:65)
  at org.gradle.api.internal.tasks.testing.SuiteTestDefinitionProcessor.processTestDefinition(SuiteTestDefinitionProcessor.java:54)
  at java.base/jdk.internal.reflect.DirectMethodHandleAccessor.invoke(DirectMethodHandleAccessor.java:104)
  at java.base/java.lang.reflect.Method.invoke(Method.java:565)
  at org.gradle.internal.dispatch.MethodInvocation.invokeOn(MethodInvocation.java:77)
  at org.gradle.internal.dispatch.ReflectionDispatch.dispatch(ReflectionDispatch.java:28)
  at org.gradle.internal.dispatch.ReflectionDispatch.dispatch(ReflectionDispatch.java:19)
  at org.gradle.internal.dispatch.ContextClassLoaderDispatch.dispatch(ContextClassLoaderDispatch.java:33)
  at org.gradle.internal.dispatch.ProxyDispatchAdapter$DispatchingInvocationHandler.invoke(ProxyDispatchAdapter.java:88)
  at jdk.proxy1/jdk.proxy1.$Proxy4.processTestDefinition(Unknown Source)
  at org.gradle.api.internal.tasks.testing.worker.TestWorker$2.run(TestWorker.java:178)
  at org.gradle.api.internal.tasks.testing.worker.TestWorker.executeAndMaintainThreadName(TestWorker.java:126)
  at org.gradle.api.internal.tasks.testing.worker.TestWorker.execute(TestWorker.java:103)
  at org.gradle.api.internal.tasks.testing.worker.TestWorker.execute(TestWorker.java:63)
  at org.gradle.process.internal.worker.child.ActionExecutionWorker.execute(ActionExecutionWorker.java:56)
  at org.gradle.process.internal.worker.child.SystemApplicationClassLoaderWorker.call(SystemApplicationClassLoaderWorker.java:122)
  at org.gradle.process.internal.worker.child.SystemApplicationClassLoaderWorker.call(SystemApplicationClassLoaderWorker.java:72)
  at worker.org.gradle.process.internal.worker.GradleWorkerMain.run(GradleWorkerMain.java:69)
  at worker.org.gradle.process.internal.worker.GradleWorkerMain.main(GradleWorkerMain.java:74)
</stacktrace>
</test-failure>


TypeScriptCompilerTests_N[jvm] > nodeNextImportModeImplicitIndexResolution_ts has expected errors matching nodeNextImportModeImplicitIndexResolution_errors_txt[jvm] FAILED

<test-failure test="com.xemantic.typescript.compiler.TypeScriptCompilerTests_N.noCrashWithVerbatimModuleSyntaxAndImportsNotUsedAsValues_ts has expected errors matching noCrashWithVerbatimModuleSyntaxAndImportsNotUsedAsValues_errors_txt" platform="jvm">
<message>
Expected diagnostics from baseline typescript-repo/tests/baselines/reference/noCrashWithVerbatimModuleSyntaxAndImportsNotUsedAsValues.errors.txt but none produced
</message>
<stacktrace>
  at com.xemantic.typescript.compiler.TypeScriptTestSupportKt.errorsMatchBaseline(TypeScriptTestSupport.kt:125)
  at com.xemantic.typescript.compiler.TypeScriptCompilerTests_N.noCrashWithVerbatimModuleSyntaxAndImportsNotUsedAsValues_ts has expected errors matching noCrashWithVerbatimModuleSyntaxAndImportsNotUsedAsValues_errors_txt(TypeScriptCompilerTests_N.kt:1316)
  at java.base/jdk.internal.reflect.DirectMethodHandleAccessor.invoke(DirectMethodHandleAccessor.java:104)
  at java.base/java.lang.reflect.Method.invoke(Method.java:565)
  at org.junit.runners.model.FrameworkMethod$1.runReflectiveCall(FrameworkMethod.java:59)
  at org.junit.internal.runners.model.ReflectiveCallable.run(ReflectiveCallable.java:12)
  at org.junit.runners.model.FrameworkMethod.invokeExplosively(FrameworkMethod.java:56)
  at org.junit.internal.runners.statements.InvokeMethod.evaluate(InvokeMethod.java:17)
  at org.junit.runners.ParentRunner$3.evaluate(ParentRunner.java:306)
  at org.junit.runners.BlockJUnit4ClassRunner$1.evaluate(BlockJUnit4ClassRunner.java:100)
  at org.junit.runners.ParentRunner.runLeaf(ParentRunner.java:366)
  at org.junit.runners.BlockJUnit4ClassRunner.runChild(BlockJUnit4ClassRunner.java:103)
  at org.junit.runners.BlockJUnit4ClassRunner.runChild(BlockJUnit4ClassRunner.java:63)
  at org.junit.runners.ParentRunner$4.run(ParentRunner.java:331)
  at org.junit.runners.ParentRunner$1.schedule(ParentRunner.java:79)
  at org.junit.runners.ParentRunner.runChildren(ParentRunner.java:329)
  at org.junit.runners.ParentRunner.access$100(ParentRunner.java:66)
  at org.junit.runners.ParentRunner$2.evaluate(ParentRunner.java:293)
  at org.junit.runners.ParentRunner$3.evaluate(ParentRunner.java:306)
  at org.junit.runners.ParentRunner.run(ParentRunner.java:413)
  at org.junit.runner.JUnitCore.run(JUnitCore.java:137)
  at org.junit.runner.JUnitCore.run(JUnitCore.java:115)
  at org.gradle.api.internal.tasks.testing.junit.JUnitTestExecutor.runRequest(JUnitTestExecutor.java:175)
  at org.gradle.api.internal.tasks.testing.junit.JUnitTestExecutor.accept(JUnitTestExecutor.java:84)
  at org.gradle.api.internal.tasks.testing.junit.JUnitTestExecutor.accept(JUnitTestExecutor.java:47)
  at org.gradle.api.internal.tasks.testing.junit.AbstractJUnitTestDefinitionProcessor.processTestDefinition(AbstractJUnitTestDefinitionProcessor.java:65)
  at org.gradle.api.internal.tasks.testing.SuiteTestDefinitionProcessor.processTestDefinition(SuiteTestDefinitionProcessor.java:54)
  at java.base/jdk.internal.reflect.DirectMethodHandleAccessor.invoke(DirectMethodHandleAccessor.java:104)
  at java.base/java.lang.reflect.Method.invoke(Method.java:565)
  at org.gradle.internal.dispatch.MethodInvocation.invokeOn(MethodInvocation.java:77)
  at org.gradle.internal.dispatch.ReflectionDispatch.dispatch(ReflectionDispatch.java:28)
  at org.gradle.internal.dispatch.ReflectionDispatch.dispatch(ReflectionDispatch.java:19)
  at org.gradle.internal.dispatch.ContextClassLoaderDispatch.dispatch(ContextClassLoaderDispatch.java:33)
  at org.gradle.internal.dispatch.ProxyDispatchAdapter$DispatchingInvocationHandler.invoke(ProxyDispatchAdapter.java:88)
  at jdk.proxy1/jdk.proxy1.$Proxy4.processTestDefinition(Unknown Source)
  at org.gradle.api.internal.tasks.testing.worker.TestWorker$2.run(TestWorker.java:178)
  at org.gradle.api.internal.tasks.testing.worker.TestWorker.executeAndMaintainThreadName(TestWorker.java:126)
  at org.gradle.api.internal.tasks.testing.worker.TestWorker.execute(TestWorker.java:103)
  at org.gradle.api.internal.tasks.testing.worker.TestWorker.execute(TestWorker.java:63)
  at org.gradle.process.internal.worker.child.ActionExecutionWorker.execute(ActionExecutionWorker.java:56)
  at org.gradle.process.internal.worker.child.SystemApplicationClassLoaderWorker.call(SystemApplicationClassLoaderWorker.java:122)
  at org.gradle.process.internal.worker.child.SystemApplicationClassLoaderWorker.call(SystemApplicationClassLoaderWorker.java:72)
  at worker.org.gradle.process.internal.worker.GradleWorkerMain.run(GradleWorkerMain.java:69)
  at worker.org.gradle.process.internal.worker.GradleWorkerMain.main(GradleWorkerMain.java:74)
</stacktrace>
</test-failure>


TypeScriptCompilerTests_N[jvm] > noCrashWithVerbatimModuleSyntaxAndImportsNotUsedAsValues_ts has expected errors matching noCrashWithVerbatimModuleSyntaxAndImportsNotUsedAsValues_errors_txt[jvm] FAILED

<test-failure test="com.xemantic.typescript.compiler.TypeScriptCompilerTests_N.newOperator_ts has expected errors matching newOperator_errors_txt" platform="jvm">
<message>
--- expected
+++ actual
@@ -1,29 +1,13 @@
 newOperator.ts(3,13): error TS2693: 'ifc' only refers to a type, but is being used as a value here.
-newOperator.ts(10,14): error TS2351: This expression is not constructable.
-  Type 'Number' has no construct signatures.
-newOperator.ts(11,14): error TS2351: This expression is not constructable.
-  Type 'String' has no construct signatures.
 newOperator.ts(12,5): error TS2693: 'string' only refers to a type, but is being used as a value here.
-newOperator.ts(18,14): error TS2693: 'string' only refers to a type, but is being used as a value here.
 newOperator.ts(18,21): error TS1011: An element access expression should take an argument.
-newOperator.ts(21,1): error TS2693: 'string' only refers to a type, but is being used as a value here.
 newOperator.ts(22,2): error TS1011: An element access expression should take an argument.
 newOperator.ts(28,13): error TS2304: Cannot find name 'q'.
-newOperator.ts(31,14): error TS2351: This expression is not constructable.
-  Type 'Date' has no construct signatures.
-newOperator.ts(38,5): error TS2351: This expression is not constructable.
-  No constituent of type '{ a: string; } | { b: string; }' is constructable.
-newOperator.ts(42,5): error TS2351: This expression is not constructable.
-  Not all constituents of type '{ a: string; } | (new (a: string) => void)' are constructable.
-    Type '{ a: string; }' has no construct signatures.
-newOperator.ts(46,5): error TS2351: This expression is not constructable.
-  Each member of the union type '(new <T extends number>(a: T) => void) | (new <T>(a: string) => void)' has construct signatures, but none of those signatures are compatible with each other.
 newOperator.ts(50,9): error TS2564: Property 'x' has no initializer and is not definitely assigned in the constructor.
-newOperator.ts(56,20): error TS7053: Element implicitly has an 'any' type because expression of type 'any' can't be used to index type 'typeof T'.
 newOperator.ts(56,24): error TS1011: An element access expression should take an argument.
 
 
-==== newOperator.ts (16 errors) ====
+==== newOperator.ts (7 errors) ====
     interface ifc { }
     // Attempting to 'new' an interface yields poor error
     var i = new ifc();
@@ -36,13 +20,7 @@
     
     // Target is not a class or var, good error
     var t1 = new 53();
-                 ~~
-!!! error TS2351: This expression is not constructable.
-!!! error TS2351:   Type 'Number' has no construct signatures.
     var t2 = new ''();
-                 ~~
-!!! error TS2351: This expression is not constructable.
-!!! error TS2351:   Type 'String' has no construct signatures.
     new string;
         ~~~~~~
 !!! error TS2693: 'string' only refers to a type, but is being used as a value here.
@@ -52,15 +30,11 @@
     
     // Various spacing
     var t3 = new string[]( );
-                 ~~~~~~
-!!! error TS2693: 'string' only refers to a type, but is being used as a value here.
                         
 !!! error TS1011: An element access expression should take an argument.
     var t4 =
     new
     string
-    ~~~~~~
-!!! error TS2693: 'string' only refers to a type, but is being used as a value here.
     [
      
 !!! error TS1011: An element access expression should take an argument.
@@ -75,9 +49,6 @@
     
     // not legal
     var t5 = new new Date;
-                 ~~~~~~~~
-!!! error TS2351: This expression is not constructable.
-!!! error TS2351:   Type 'Date' has no construct signatures.
     
     // Can be an expression
     new String;
@@ -85,24 +56,14 @@
     // Error on union
     declare const union: { a: string } | { b: string }
     new union;
-        ~~~~~
-!!! error TS2351: This expression is not constructable.
-!!! error TS2351:   No constituent of type '{ a: string; } | { b: string; }' is constructable.
     
     // Error on union with one constructor
     declare const ctorUnion: { a: string } | (new (a: string) => void)
     new ctorUnion("");
-        ~~~~~~~~~
-!!! error TS2351: This expression is not constructable.
-!!! error TS2351:   Not all constituents of type '{ a: string; } | (new (a: string) => void)' are constructable.
-!!! error TS2351:     Type '{ a: string; }' has no construct signatures.
     
     // Error on union with incompatible constructors
     declare const ctorUnion2: (new <T extends number>(a: T) => void) | (new <T>(a: string) => void)
     new ctorUnion2("");
-        ~~~~~~~~~~
-!!! error TS2351: This expression is not constructable.
-!!! error TS2351:   Each member of the union type '(new <T extends number>(a: T) => void) | (new <T>(a: string) => void)' has construct signatures, but none of those signatures are compatible with each other.
     
     namespace M {
         export class T {
@@ -115,8 +76,6 @@
     class S {
         public get xs(): M.T[] {
             return new M.T[];
-                       ~~~~~
-!!! error TS7053: Element implicitly has an 'any' type because expression of type 'any' can't be used to index type 'typeof T'.
                            
 !!! error TS1011: An element access expression should take an argument.
         }

</message>
<stacktrace>
  at org.junit.Assert.fail(Assert.java:89)
  at kotlin.test.junit.JUnitAsserter.fail(JUnitSupport.kt:56)
  at kotlin.test.AssertionsKt__AssertionsKt.fail(Assertions.kt:563)
  at kotlin.test.AssertionsKt.fail(Unknown Source)
  at com.xemantic.kotlin.test.SameAsKt.sameAs(SameAs.kt:52)
  at com.xemantic.typescript.compiler.TypeScriptTestSupportKt.errorsMatchBaseline(TypeScriptTestSupport.kt:135)
  at com.xemantic.typescript.compiler.TypeScriptCompilerTests_N.newOperator_ts has expected errors matching newOperator_errors_txt(TypeScriptCompilerTests_N.kt:1099)
  at java.base/jdk.internal.reflect.DirectMethodHandleAccessor.invoke(DirectMethodHandleAccessor.java:104)
  at java.base/java.lang.reflect.Method.invoke(Method.java:565)
  at org.junit.runners.model.FrameworkMethod$1.runReflectiveCall(FrameworkMethod.java:59)
  at org.junit.internal.runners.model.ReflectiveCallable.run(ReflectiveCallable.java:12)
  at org.junit.runners.model.FrameworkMethod.invokeExplosively(FrameworkMethod.java:56)
  at org.junit.internal.runners.statements.InvokeMethod.evaluate(InvokeMethod.java:17)
  at org.junit.runners.ParentRunner$3.evaluate(ParentRunner.java:306)
  at org.junit.runners.BlockJUnit4ClassRunner$1.evaluate(BlockJUnit4ClassRunner.java:100)
  at org.junit.runners.ParentRunner.runLeaf(ParentRunner.java:366)
  at org.junit.runners.BlockJUnit4ClassRunner.runChild(BlockJUnit4ClassRunner.java:103)
  at org.junit.runners.BlockJUnit4ClassRunner.runChild(BlockJUnit4ClassRunner.java:63)
  at org.junit.runners.ParentRunner$4.run(ParentRunner.java:331)
  at org.junit.runners.ParentRunner$1.schedule(ParentRunner.java:79)
  at org.junit.runners.ParentRunner.runChildren(ParentRunner.java:329)
  at org.junit.runners.ParentRunner.access$100(ParentRunner.java:66)
  at org.junit.runners.ParentRunner$2.evaluate(ParentRunner.java:293)
  at org.junit.runners.ParentRunner$3.evaluate(ParentRunner.java:306)
  at org.junit.runners.ParentRunner.run(ParentRunner.java:413)
  at org.junit.runner.JUnitCore.run(JUnitCore.java:137)
  at org.junit.runner.JUnitCore.run(JUnitCore.java:115)
  at org.gradle.api.internal.tasks.testing.junit.JUnitTestExecutor.runRequest(JUnitTestExecutor.java:175)
  at org.gradle.api.internal.tasks.testing.junit.JUnitTestExecutor.accept(JUnitTestExecutor.java:84)
  at org.gradle.api.internal.tasks.testing.junit.JUnitTestExecutor.accept(JUnitTestExecutor.java:47)
  at org.gradle.api.internal.tasks.testing.junit.AbstractJUnitTestDefinitionProcessor.processTestDefinition(AbstractJUnitTestDefinitionProcessor.java:65)
  at org.gradle.api.internal.tasks.testing.SuiteTestDefinitionProcessor.processTestDefinition(SuiteTestDefinitionProcessor.java:54)
  at java.base/jdk.internal.reflect.DirectMethodHandleAccessor.invoke(DirectMethodHandleAccessor.java:104)
  at java.base/java.lang.reflect.Method.invoke(Method.java:565)
  at org.gradle.internal.dispatch.MethodInvocation.invokeOn(MethodInvocation.java:77)
  at org.gradle.internal.dispatch.ReflectionDispatch.dispatch(ReflectionDispatch.java:28)
  at org.gradle.internal.dispatch.ReflectionDispatch.dispatch(ReflectionDispatch.java:19)
  at org.gradle.internal.dispatch.ContextClassLoaderDispatch.dispatch(ContextClassLoaderDispatch.java:33)
  at org.gradle.internal.dispatch.ProxyDispatchAdapter$DispatchingInvocationHandler.invoke(ProxyDispatchAdapter.java:88)
  at jdk.proxy1/jdk.proxy1.$Proxy4.processTestDefinition(Unknown Source)
  at org.gradle.api.internal.tasks.testing.worker.TestWorker$2.run(TestWorker.java:178)
  at org.gradle.api.internal.tasks.testing.worker.TestWorker.executeAndMaintainThreadName(TestWorker.java:126)
  at org.gradle.api.internal.tasks.testing.worker.TestWorker.execute(TestWorker.java:103)
  at org.gradle.api.internal.tasks.testing.worker.TestWorker.execute(TestWorker.java:63)
  at org.gradle.process.internal.worker.child.ActionExecutionWorker.execute(ActionExecutionWorker.java:56)
  at org.gradle.process.internal.worker.child.SystemApplicationClassLoaderWorker.call(SystemApplicationClassLoaderWorker.java:122)
  at org.gradle.process.internal.worker.child.SystemApplicationClassLoaderWorker.call(SystemApplicationClassLoaderWorker.java:72)
  at worker.org.gradle.process.internal.worker.GradleWorkerMain.run(GradleWorkerMain.java:69)
  at worker.org.gradle.process.internal.worker.GradleWorkerMain.main(GradleWorkerMain.java:74)
</stacktrace>
</test-failure>


TypeScriptCompilerTests_N[jvm] > newOperator_ts has expected errors matching newOperator_errors_txt[jvm] FAILED

<test-failure test="com.xemantic.typescript.compiler.TypeScriptCompilerTests_N.noImplicitAnyLoopCrash_ts__target_es2015__has expected errors matching baseline" platform="jvm">
<message>
Expected diagnostics from baseline typescript-repo/tests/baselines/reference/noImplicitAnyLoopCrash(target=es2015).errors.txt but none produced
</message>
<stacktrace>
  at com.xemantic.typescript.compiler.TypeScriptTestSupportKt.errorsMatchBaseline(TypeScriptTestSupport.kt:125)
  at com.xemantic.typescript.compiler.TypeScriptCompilerTests_N.noImplicitAnyLoopCrash_ts__target_es2015__has expected errors matching baseline(TypeScriptCompilerTests_N.kt:1596)
  at java.base/jdk.internal.reflect.DirectMethodHandleAccessor.invoke(DirectMethodHandleAccessor.java:104)
  at java.base/java.lang.reflect.Method.invoke(Method.java:565)
  at org.junit.runners.model.FrameworkMethod$1.runReflectiveCall(FrameworkMethod.java:59)
  at org.junit.internal.runners.model.ReflectiveCallable.run(ReflectiveCallable.java:12)
  at org.junit.runners.model.FrameworkMethod.invokeExplosively(FrameworkMethod.java:56)
  at org.junit.internal.runners.statements.InvokeMethod.evaluate(InvokeMethod.java:17)
  at org.junit.runners.ParentRunner$3.evaluate(ParentRunner.java:306)
  at org.junit.runners.BlockJUnit4ClassRunner$1.evaluate(BlockJUnit4ClassRunner.java:100)
  at org.junit.runners.ParentRunner.runLeaf(ParentRunner.java:366)
  at org.junit.runners.BlockJUnit4ClassRunner.runChild(BlockJUnit4ClassRunner.java:103)
  at org.junit.runners.BlockJUnit4ClassRunner.runChild(BlockJUnit4ClassRunner.java:63)
  at org.junit.runners.ParentRunner$4.run(ParentRunner.java:331)
  at org.junit.runners.ParentRunner$1.schedule(ParentRunner.java:79)
  at org.junit.runners.ParentRunner.runChildren(ParentRunner.java:329)
  at org.junit.runners.ParentRunner.access$100(ParentRunner.java:66)
  at org.junit.runners.ParentRunner$2.evaluate(ParentRunner.java:293)
  at org.junit.runners.ParentRunner$3.evaluate(ParentRunner.java:306)
  at org.junit.runners.ParentRunner.run(ParentRunner.java:413)
  at org.junit.runner.JUnitCore.run(JUnitCore.java:137)
  at org.junit.runner.JUnitCore.run(JUnitCore.java:115)
  at org.gradle.api.internal.tasks.testing.junit.JUnitTestExecutor.runRequest(JUnitTestExecutor.java:175)
  at org.gradle.api.internal.tasks.testing.junit.JUnitTestExecutor.accept(JUnitTestExecutor.java:84)
  at org.gradle.api.internal.tasks.testing.junit.JUnitTestExecutor.accept(JUnitTestExecutor.java:47)
  at org.gradle.api.internal.tasks.testing.junit.AbstractJUnitTestDefinitionProcessor.processTestDefinition(AbstractJUnitTestDefinitionProcessor.java:65)
  at org.gradle.api.internal.tasks.testing.SuiteTestDefinitionProcessor.processTestDefinition(SuiteTestDefinitionProcessor.java:54)
  at java.base/jdk.internal.reflect.DirectMethodHandleAccessor.invoke(DirectMethodHandleAccessor.java:104)
  at java.base/java.lang.reflect.Method.invoke(Method.java:565)
  at org.gradle.internal.dispatch.MethodInvocation.invokeOn(MethodInvocation.java:77)
  at org.gradle.internal.dispatch.ReflectionDispatch.dispatch(ReflectionDispatch.java:28)
  at org.gradle.internal.dispatch.ReflectionDispatch.dispatch(ReflectionDispatch.java:19)
  at org.gradle.internal.dispatch.ContextClassLoaderDispatch.dispatch(ContextClassLoaderDispatch.java:33)
  at org.gradle.internal.dispatch.ProxyDispatchAdapter$DispatchingInvocationHandler.invoke(ProxyDispatchAdapter.java:88)
  at jdk.proxy1/jdk.proxy1.$Proxy4.processTestDefinition(Unknown Source)
  at org.gradle.api.internal.tasks.testing.worker.TestWorker$2.run(TestWorker.java:178)
  at org.gradle.api.internal.tasks.testing.worker.TestWorker.executeAndMaintainThreadName(TestWorker.java:126)
  at org.gradle.api.internal.tasks.testing.worker.TestWorker.execute(TestWorker.java:103)
  at org.gradle.api.internal.tasks.testing.worker.TestWorker.execute(TestWorker.java:63)
  at org.gradle.process.internal.worker.child.ActionExecutionWorker.execute(ActionExecutionWorker.java:56)
  at org.gradle.process.internal.worker.child.SystemApplicationClassLoaderWorker.call(SystemApplicationClassLoaderWorker.java:122)
  at org.gradle.process.internal.worker.child.SystemApplicationClassLoaderWorker.call(SystemApplicationClassLoaderWorker.java:72)
  at worker.org.gradle.process.internal.worker.GradleWorkerMain.run(GradleWorkerMain.java:69)
  at worker.org.gradle.process.internal.worker.GradleWorkerMain.main(GradleWorkerMain.java:74)
</stacktrace>
</test-failure>


TypeScriptCompilerTests_N[jvm] > noImplicitAnyLoopCrash_ts__target_es2015__has expected errors matching baseline[jvm] FAILED

<test-failure test="com.xemantic.typescript.compiler.TypeScriptCompilerTests_N.nonIdenticalTypeConstraints_ts has expected errors matching nonIdenticalTypeConstraints_errors_txt" platform="jvm">
<message>
--- expected
+++ actual
@@ -1,20 +1,14 @@
 nonIdenticalTypeConstraints.ts(2,5): error TS2564: Property 'a' has no initializer and is not definitely assigned in the constructor.
 nonIdenticalTypeConstraints.ts(3,5): error TS2564: Property 'b' has no initializer and is not definitely assigned in the constructor.
 nonIdenticalTypeConstraints.ts(4,5): error TS2564: Property 'c' has no initializer and is not definitely assigned in the constructor.
-nonIdenticalTypeConstraints.ts(7,7): error TS2428: All declarations of 'Foo' must have identical type parameters.
 nonIdenticalTypeConstraints.ts(8,5): error TS2564: Property 'n' has no initializer and is not definitely assigned in the constructor.
-nonIdenticalTypeConstraints.ts(10,11): error TS2428: All declarations of 'Foo' must have identical type parameters.
-nonIdenticalTypeConstraints.ts(13,11): error TS2428: All declarations of 'Qux' must have identical type parameters.
-nonIdenticalTypeConstraints.ts(16,7): error TS2428: All declarations of 'Qux' must have identical type parameters.
 nonIdenticalTypeConstraints.ts(17,5): error TS2564: Property 'n' has no initializer and is not definitely assigned in the constructor.
 nonIdenticalTypeConstraints.ts(21,5): error TS2564: Property 'n' has no initializer and is not definitely assigned in the constructor.
 nonIdenticalTypeConstraints.ts(30,5): error TS2564: Property 'n' has no initializer and is not definitely assigned in the constructor.
-nonIdenticalTypeConstraints.ts(33,7): error TS2428: All declarations of 'Quux' must have identical type parameters.
 nonIdenticalTypeConstraints.ts(34,5): error TS2564: Property 'n' has no initializer and is not definitely assigned in the constructor.
-nonIdenticalTypeConstraints.ts(36,11): error TS2428: All declarations of 'Quux' must have identical type parameters.
 
 
-==== nonIdenticalTypeConstraints.ts (14 errors) ====
+==== nonIdenticalTypeConstraints.ts (8 errors) ====
     class Different {
         a: number;
         ~
@@ -28,25 +22,17 @@
     }
     
     class Foo<T extends Function> {
-          ~~~
-!!! error TS2428: All declarations of 'Foo' must have identical type parameters.
         n: T;
         ~
 !!! error TS2564: Property 'n' has no initializer and is not definitely assigned in the constructor.
     }
     interface Foo<T extends Different> {
-              ~~~
-!!! error TS2428: All declarations of 'Foo' must have identical type parameters.
         y: T;
     }
     interface Qux<T extends Different> {
-              ~~~
-!!! error TS2428: All declarations of 'Qux' must have identical type parameters.
         y: T;
     }
     class Qux<T extends Function> {
-          ~~~
-!!! error TS2428: All declarations of 'Qux' must have identical type parameters.
         n: T;
         ~
 !!! error TS2564: Property 'n' has no initializer and is not definitely assigned in the constructor.
@@ -70,14 +56,10 @@
     }
     
     class Quux<T> {
-          ~~~~
-!!! error TS2428: All declarations of 'Quux' must have identical type parameters.
         n: T;
         ~
 !!! error TS2564: Property 'n' has no initializer and is not definitely assigned in the constructor.
     }
     interface Quux<U> {
-              ~~~~
-!!! error TS2428: All declarations of 'Quux' must have identical type parameters.
         m: U;
     }

</message>
<stacktrace>
  at org.junit.Assert.fail(Assert.java:89)
  at kotlin.test.junit.JUnitAsserter.fail(JUnitSupport.kt:56)
  at kotlin.test.AssertionsKt__AssertionsKt.fail(Assertions.kt:563)
  at kotlin.test.AssertionsKt.fail(Unknown Source)
  at com.xemantic.kotlin.test.SameAsKt.sameAs(SameAs.kt:52)
  at com.xemantic.typescript.compiler.TypeScriptTestSupportKt.errorsMatchBaseline(TypeScriptTestSupport.kt:135)
  at com.xemantic.typescript.compiler.TypeScriptCompilerTests_N.nonIdenticalTypeConstraints_ts has expected errors matching nonIdenticalTypeConstraints_errors_txt(TypeScriptCompilerTests_N.kt:2555)
  at java.base/jdk.internal.reflect.DirectMethodHandleAccessor.invoke(DirectMethodHandleAccessor.java:104)
  at java.base/java.lang.reflect.Method.invoke(Method.java:565)
  at org.junit.runners.model.FrameworkMethod$1.runReflectiveCall(FrameworkMethod.java:59)
  at org.junit.internal.runners.model.ReflectiveCallable.run(ReflectiveCallable.java:12)
  at org.junit.runners.model.FrameworkMethod.invokeExplosively(FrameworkMethod.java:56)
  at org.junit.internal.runners.statements.InvokeMethod.evaluate(InvokeMethod.java:17)
  at org.junit.runners.ParentRunner$3.evaluate(ParentRunner.java:306)
  at org.junit.runners.BlockJUnit4ClassRunner$1.evaluate(BlockJUnit4ClassRunner.java:100)
  at org.junit.runners.ParentRunner.runLeaf(ParentRunner.java:366)
  at org.junit.runners.BlockJUnit4ClassRunner.runChild(BlockJUnit4ClassRunner.java:103)
  at org.junit.runners.BlockJUnit4ClassRunner.runChild(BlockJUnit4ClassRunner.java:63)
  at org.junit.runners.ParentRunner$4.run(ParentRunner.java:331)
  at org.junit.runners.ParentRunner$1.schedule(ParentRunner.java:79)
  at org.junit.runners.ParentRunner.runChildren(ParentRunner.java:329)
  at org.junit.runners.ParentRunner.access$100(ParentRunner.java:66)
  at org.junit.runners.ParentRunner$2.evaluate(ParentRunner.java:293)
  at org.junit.runners.ParentRunner$3.evaluate(ParentRunner.java:306)
  at org.junit.runners.ParentRunner.run(ParentRunner.java:413)
  at org.junit.runner.JUnitCore.run(JUnitCore.java:137)
  at org.junit.runner.JUnitCore.run(JUnitCore.java:115)
  at org.gradle.api.internal.tasks.testing.junit.JUnitTestExecutor.runRequest(JUnitTestExecutor.java:175)
  at org.gradle.api.internal.tasks.testing.junit.JUnitTestExecutor.accept(JUnitTestExecutor.java:84)
  at org.gradle.api.internal.tasks.testing.junit.JUnitTestExecutor.accept(JUnitTestExecutor.java:47)
  at org.gradle.api.internal.tasks.testing.junit.AbstractJUnitTestDefinitionProcessor.processTestDefinition(AbstractJUnitTestDefinitionProcessor.java:65)
  at org.gradle.api.internal.tasks.testing.SuiteTestDefinitionProcessor.processTestDefinition(SuiteTestDefinitionProcessor.java:54)
  at java.base/jdk.internal.reflect.DirectMethodHandleAccessor.invoke(DirectMethodHandleAccessor.java:104)
  at java.base/java.lang.reflect.Method.invoke(Method.java:565)
  at org.gradle.internal.dispatch.MethodInvocation.invokeOn(MethodInvocation.java:77)
  at org.gradle.internal.dispatch.ReflectionDispatch.dispatch(ReflectionDispatch.java:28)
  at org.gradle.internal.dispatch.ReflectionDispatch.dispatch(ReflectionDispatch.java:19)
  at org.gradle.internal.dispatch.ContextClassLoaderDispatch.dispatch(ContextClassLoaderDispatch.java:33)
  at org.gradle.internal.dispatch.ProxyDispatchAdapter$DispatchingInvocationHandler.invoke(ProxyDispatchAdapter.java:88)
  at jdk.proxy1/jdk.proxy1.$Proxy4.processTestDefinition(Unknown Source)
  at org.gradle.api.internal.tasks.testing.worker.TestWorker$2.run(TestWorker.java:178)
  at org.gradle.api.internal.tasks.testing.worker.TestWorker.executeAndMaintainThreadName(TestWorker.java:126)
  at org.gradle.api.internal.tasks.testing.worker.TestWorker.execute(TestWorker.java:103)
  at org.gradle.api.internal.tasks.testing.worker.TestWorker.execute(TestWorker.java:63)
  at org.gradle.process.internal.worker.child.ActionExecutionWorker.execute(ActionExecutionWorker.java:56)
  at org.gradle.process.internal.worker.child.SystemApplicationClassLoaderWorker.call(SystemApplicationClassLoaderWorker.java:122)
  at org.gradle.process.internal.worker.child.SystemApplicationClassLoaderWorker.call(SystemApplicationClassLoaderWorker.java:72)
  at worker.org.gradle.process.internal.worker.GradleWorkerMain.run(GradleWorkerMain.java:69)
  at worker.org.gradle.process.internal.worker.GradleWorkerMain.main(GradleWorkerMain.java:74)
</stacktrace>
</test-failure>


TypeScriptCompilerTests_N[jvm] > nonIdenticalTypeConstraints_ts has expected errors matching nonIdenticalTypeConstraints_errors_txt[jvm] FAILED

<test-failure test="com.xemantic.typescript.compiler.TypeScriptCompilerTests_N.noImplicitAnyLoopCrash_ts__target_es5__has expected errors matching baseline" platform="jvm">
<message>
--- expected
+++ actual
@@ -1,16 +1,10 @@
 error TS5107: Option 'target=ES5' is deprecated and will stop functioning in TypeScript 7.0. Specify compilerOption '"ignoreDeprecations": "6.0"' to silence this error.
-noImplicitAnyLoopCrash.ts(4,16): error TS2556: A spread argument must either have a tuple type or be passed to a rest parameter.
-noImplicitAnyLoopCrash.ts(4,19): error TS2461: Type 'number | undefined' is not an array type.
 
 
 !!! error TS5107: Option 'target=ES5' is deprecated and will stop functioning in TypeScript 7.0. Specify compilerOption '"ignoreDeprecations": "6.0"' to silence this error.
-==== noImplicitAnyLoopCrash.ts (2 errors) ====
+==== noImplicitAnyLoopCrash.ts (0 errors) ====
     let foo = () => {};
     let bar;
     while (1) {
         bar = ~foo(...bar);
-                   ~~~~~~
-!!! error TS2556: A spread argument must either have a tuple type or be passed to a rest parameter.
-                      ~~~
-!!! error TS2461: Type 'number | undefined' is not an array type.
     }

</message>
<stacktrace>
  at org.junit.Assert.fail(Assert.java:89)
  at kotlin.test.junit.JUnitAsserter.fail(JUnitSupport.kt:56)
  at kotlin.test.AssertionsKt__AssertionsKt.fail(Assertions.kt:563)
  at kotlin.test.AssertionsKt.fail(Unknown Source)
  at com.xemantic.kotlin.test.SameAsKt.sameAs(SameAs.kt:52)
  at com.xemantic.typescript.compiler.TypeScriptTestSupportKt.errorsMatchBaseline(TypeScriptTestSupport.kt:135)
  at com.xemantic.typescript.compiler.TypeScriptCompilerTests_N.noImplicitAnyLoopCrash_ts__target_es5__has expected errors matching baseline(TypeScriptCompilerTests_N.kt:1589)
  at java.base/jdk.internal.reflect.DirectMethodHandleAccessor.invoke(DirectMethodHandleAccessor.java:104)
  at java.base/java.lang.reflect.Method.invoke(Method.java:565)
  at org.junit.runners.model.FrameworkMethod$1.runReflectiveCall(FrameworkMethod.java:59)
  at org.junit.internal.runners.model.ReflectiveCallable.run(ReflectiveCallable.java:12)
  at org.junit.runners.model.FrameworkMethod.invokeExplosively(FrameworkMethod.java:56)
  at org.junit.internal.runners.statements.InvokeMethod.evaluate(InvokeMethod.java:17)
  at org.junit.runners.ParentRunner$3.evaluate(ParentRunner.java:306)
  at org.junit.runners.BlockJUnit4ClassRunner$1.evaluate(BlockJUnit4ClassRunner.java:100)
  at org.junit.runners.ParentRunner.runLeaf(ParentRunner.java:366)
  at org.junit.runners.BlockJUnit4ClassRunner.runChild(BlockJUnit4ClassRunner.java:103)
  at org.junit.runners.BlockJUnit4ClassRunner.runChild(BlockJUnit4ClassRunner.java:63)
  at org.junit.runners.ParentRunner$4.run(ParentRunner.java:331)
  at org.junit.runners.ParentRunner$1.schedule(ParentRunner.java:79)
  at org.junit.runners.ParentRunner.runChildren(ParentRunner.java:329)
  at org.junit.runners.ParentRunner.access$100(ParentRunner.java:66)
  at org.junit.runners.ParentRunner$2.evaluate(ParentRunner.java:293)
  at org.junit.runners.ParentRunner$3.evaluate(ParentRunner.java:306)
  at org.junit.runners.ParentRunner.run(ParentRunner.java:413)
  at org.junit.runner.JUnitCore.run(JUnitCore.java:137)
  at org.junit.runner.JUnitCore.run(JUnitCore.java:115)
  at org.gradle.api.internal.tasks.testing.junit.JUnitTestExecutor.runRequest(JUnitTestExecutor.java:175)
  at org.gradle.api.internal.tasks.testing.junit.JUnitTestExecutor.accept(JUnitTestExecutor.java:84)
  at org.gradle.api.internal.tasks.testing.junit.JUnitTestExecutor.accept(JUnitTestExecutor.java:47)
  at org.gradle.api.internal.tasks.testing.junit.AbstractJUnitTestDefinitionProcessor.processTestDefinition(AbstractJUnitTestDefinitionProcessor.java:65)
  at org.gradle.api.internal.tasks.testing.SuiteTestDefinitionProcessor.processTestDefinition(SuiteTestDefinitionProcessor.java:54)
  at java.base/jdk.internal.reflect.DirectMethodHandleAccessor.invoke(DirectMethodHandleAccessor.java:104)
  at java.base/java.lang.reflect.Method.invoke(Method.java:565)
  at org.gradle.internal.dispatch.MethodInvocation.invokeOn(MethodInvocation.java:77)
  at org.gradle.internal.dispatch.ReflectionDispatch.dispatch(ReflectionDispatch.java:28)
  at org.gradle.internal.dispatch.ReflectionDispatch.dispatch(ReflectionDispatch.java:19)
  at org.gradle.internal.dispatch.ContextClassLoaderDispatch.dispatch(ContextClassLoaderDispatch.java:33)
  at org.gradle.internal.dispatch.ProxyDispatchAdapter$DispatchingInvocationHandler.invoke(ProxyDispatchAdapter.java:88)
  at jdk.proxy1/jdk.proxy1.$Proxy4.processTestDefinition(Unknown Source)
  at org.gradle.api.internal.tasks.testing.worker.TestWorker$2.run(TestWorker.java:178)
  at org.gradle.api.internal.tasks.testing.worker.TestWorker.executeAndMaintainThreadName(TestWorker.java:126)
  at org.gradle.api.internal.tasks.testing.worker.TestWorker.execute(TestWorker.java:103)
  at org.gradle.api.internal.tasks.testing.worker.TestWorker.execute(TestWorker.java:63)
  at org.gradle.process.internal.worker.child.ActionExecutionWorker.execute(ActionExecutionWorker.java:56)
  at org.gradle.process.internal.worker.child.SystemApplicationClassLoaderWorker.call(SystemApplicationClassLoaderWorker.java:122)
  at org.gradle.process.internal.worker.child.SystemApplicationClassLoaderWorker.call(SystemApplicationClassLoaderWorker.java:72)
  at worker.org.gradle.process.internal.worker.GradleWorkerMain.run(GradleWorkerMain.java:69)
  at worker.org.gradle.process.internal.worker.GradleWorkerMain.main(GradleWorkerMain.java:74)
</stacktrace>
</test-failure>


TypeScriptCompilerTests_N[jvm] > noImplicitAnyLoopCrash_ts__target_es5__has expected errors matching baseline[jvm] FAILED

<test-failure test="com.xemantic.typescript.compiler.TypeScriptCompilerTests_N.numericIndexExpressions_ts has expected errors matching numericIndexExpressions_errors_txt" platform="jvm">
<message>
Expected diagnostics from baseline typescript-repo/tests/baselines/reference/numericIndexExpressions.errors.txt but none produced
</message>
<stacktrace>
  at com.xemantic.typescript.compiler.TypeScriptTestSupportKt.errorsMatchBaseline(TypeScriptTestSupport.kt:125)
  at com.xemantic.typescript.compiler.TypeScriptCompilerTests_N.numericIndexExpressions_ts has expected errors matching numericIndexExpressions_errors_txt(TypeScriptCompilerTests_N.kt:2912)
  at java.base/jdk.internal.reflect.DirectMethodHandleAccessor.invoke(DirectMethodHandleAccessor.java:104)
  at java.base/java.lang.reflect.Method.invoke(Method.java:565)
  at org.junit.runners.model.FrameworkMethod$1.runReflectiveCall(FrameworkMethod.java:59)
  at org.junit.internal.runners.model.ReflectiveCallable.run(ReflectiveCallable.java:12)
  at org.junit.runners.model.FrameworkMethod.invokeExplosively(FrameworkMethod.java:56)
  at org.junit.internal.runners.statements.InvokeMethod.evaluate(InvokeMethod.java:17)
  at org.junit.runners.ParentRunner$3.evaluate(ParentRunner.java:306)
  at org.junit.runners.BlockJUnit4ClassRunner$1.evaluate(BlockJUnit4ClassRunner.java:100)
  at org.junit.runners.ParentRunner.runLeaf(ParentRunner.java:366)
  at org.junit.runners.BlockJUnit4ClassRunner.runChild(BlockJUnit4ClassRunner.java:103)
  at org.junit.runners.BlockJUnit4ClassRunner.runChild(BlockJUnit4ClassRunner.java:63)
  at org.junit.runners.ParentRunner$4.run(ParentRunner.java:331)
  at org.junit.runners.ParentRunner$1.schedule(ParentRunner.java:79)
  at org.junit.runners.ParentRunner.runChildren(ParentRunner.java:329)
  at org.junit.runners.ParentRunner.access$100(ParentRunner.java:66)
  at org.junit.runners.ParentRunner$2.evaluate(ParentRunner.java:293)
  at org.junit.runners.ParentRunner$3.evaluate(ParentRunner.java:306)
  at org.junit.runners.ParentRunner.run(ParentRunner.java:413)
  at org.junit.runner.JUnitCore.run(JUnitCore.java:137)
  at org.junit.runner.JUnitCore.run(JUnitCore.java:115)
  at org.gradle.api.internal.tasks.testing.junit.JUnitTestExecutor.runRequest(JUnitTestExecutor.java:175)
  at org.gradle.api.internal.tasks.testing.junit.JUnitTestExecutor.accept(JUnitTestExecutor.java:84)
  at org.gradle.api.internal.tasks.testing.junit.JUnitTestExecutor.accept(JUnitTestExecutor.java:47)
  at org.gradle.api.internal.tasks.testing.junit.AbstractJUnitTestDefinitionProcessor.processTestDefinition(AbstractJUnitTestDefinitionProcessor.java:65)
  at org.gradle.api.internal.tasks.testing.SuiteTestDefinitionProcessor.processTestDefinition(SuiteTestDefinitionProcessor.java:54)
  at java.base/jdk.internal.reflect.DirectMethodHandleAccessor.invoke(DirectMethodHandleAccessor.java:104)
  at java.base/java.lang.reflect.Method.invoke(Method.java:565)
  at org.gradle.internal.dispatch.MethodInvocation.invokeOn(MethodInvocation.java:77)
  at org.gradle.internal.dispatch.ReflectionDispatch.dispatch(ReflectionDispatch.java:28)
  at org.gradle.internal.dispatch.ReflectionDispatch.dispatch(ReflectionDispatch.java:19)
  at org.gradle.internal.dispatch.ContextClassLoaderDispatch.dispatch(ContextClassLoaderDispatch.java:33)
  at org.gradle.internal.dispatch.ProxyDispatchAdapter$DispatchingInvocationHandler.invoke(ProxyDispatchAdapter.java:88)
  at jdk.proxy1/jdk.proxy1.$Proxy4.processTestDefinition(Unknown Source)
  at org.gradle.api.internal.tasks.testing.worker.TestWorker$2.run(TestWorker.java:178)
  at org.gradle.api.internal.tasks.testing.worker.TestWorker.executeAndMaintainThreadName(TestWorker.java:126)
  at org.gradle.api.internal.tasks.testing.worker.TestWorker.execute(TestWorker.java:103)
  at org.gradle.api.internal.tasks.testing.worker.TestWorker.execute(TestWorker.java:63)
  at org.gradle.process.internal.worker.child.ActionExecutionWorker.execute(ActionExecutionWorker.java:56)
  at org.gradle.process.internal.worker.child.SystemApplicationClassLoaderWorker.call(SystemApplicationClassLoaderWorker.java:122)
  at org.gradle.process.internal.worker.child.SystemApplicationClassLoaderWorker.call(SystemApplicationClassLoaderWorker.java:72)
  at worker.org.gradle.process.internal.worker.GradleWorkerMain.run(GradleWorkerMain.java:69)
  at worker.org.gradle.process.internal.worker.GradleWorkerMain.main(GradleWorkerMain.java:74)
</stacktrace>
</test-failure>


TypeScriptCompilerTests_N[jvm] > numericIndexExpressions_ts has expected errors matching numericIndexExpressions_errors_txt[jvm] FAILED

<test-failure test="com.xemantic.typescript.compiler.TypeScriptCompilerTests_N.namedImportNonExistentName_ts has expected errors matching namedImportNonExistentName_errors_txt" platform="jvm">
<message>
Expected diagnostics from baseline typescript-repo/tests/baselines/reference/namedImportNonExistentName.errors.txt but none produced
</message>
<stacktrace>
  at com.xemantic.typescript.compiler.TypeScriptTestSupportKt.errorsMatchBaseline(TypeScriptTestSupport.kt:125)
  at com.xemantic.typescript.compiler.TypeScriptCompilerTests_N.namedImportNonExistentName_ts has expected errors matching namedImportNonExistentName_errors_txt(TypeScriptCompilerTests_N.kt:84)
  at java.base/jdk.internal.reflect.DirectMethodHandleAccessor.invoke(DirectMethodHandleAccessor.java:104)
  at java.base/java.lang.reflect.Method.invoke(Method.java:565)
  at org.junit.runners.model.FrameworkMethod$1.runReflectiveCall(FrameworkMethod.java:59)
  at org.junit.internal.runners.model.ReflectiveCallable.run(ReflectiveCallable.java:12)
  at org.junit.runners.model.FrameworkMethod.invokeExplosively(FrameworkMethod.java:56)
  at org.junit.internal.runners.statements.InvokeMethod.evaluate(InvokeMethod.java:17)
  at org.junit.runners.ParentRunner$3.evaluate(ParentRunner.java:306)
  at org.junit.runners.BlockJUnit4ClassRunner$1.evaluate(BlockJUnit4ClassRunner.java:100)
  at org.junit.runners.ParentRunner.runLeaf(ParentRunner.java:366)
  at org.junit.runners.BlockJUnit4ClassRunner.runChild(BlockJUnit4ClassRunner.java:103)
  at org.junit.runners.BlockJUnit4ClassRunner.runChild(BlockJUnit4ClassRunner.java:63)
  at org.junit.runners.ParentRunner$4.run(ParentRunner.java:331)
  at org.junit.runners.ParentRunner$1.schedule(ParentRunner.java:79)
  at org.junit.runners.ParentRunner.runChildren(ParentRunner.java:329)
  at org.junit.runners.ParentRunner.access$100(ParentRunner.java:66)
  at org.junit.runners.ParentRunner$2.evaluate(ParentRunner.java:293)
  at org.junit.runners.ParentRunner$3.evaluate(ParentRunner.java:306)
  at org.junit.runners.ParentRunner.run(ParentRunner.java:413)
  at org.junit.runner.JUnitCore.run(JUnitCore.java:137)
  at org.junit.runner.JUnitCore.run(JUnitCore.java:115)
  at org.gradle.api.internal.tasks.testing.junit.JUnitTestExecutor.runRequest(JUnitTestExecutor.java:175)
  at org.gradle.api.internal.tasks.testing.junit.JUnitTestExecutor.accept(JUnitTestExecutor.java:84)
  at org.gradle.api.internal.tasks.testing.junit.JUnitTestExecutor.accept(JUnitTestExecutor.java:47)
  at org.gradle.api.internal.tasks.testing.junit.AbstractJUnitTestDefinitionProcessor.processTestDefinition(AbstractJUnitTestDefinitionProcessor.java:65)
  at org.gradle.api.internal.tasks.testing.SuiteTestDefinitionProcessor.processTestDefinition(SuiteTestDefinitionProcessor.java:54)
  at java.base/jdk.internal.reflect.DirectMethodHandleAccessor.invoke(DirectMethodHandleAccessor.java:104)
  at java.base/java.lang.reflect.Method.invoke(Method.java:565)
  at org.gradle.internal.dispatch.MethodInvocation.invokeOn(MethodInvocation.java:77)
  at org.gradle.internal.dispatch.ReflectionDispatch.dispatch(ReflectionDispatch.java:28)
  at org.gradle.internal.dispatch.ReflectionDispatch.dispatch(ReflectionDispatch.java:19)
  at org.gradle.internal.dispatch.ContextClassLoaderDispatch.dispatch(ContextClassLoaderDispatch.java:33)
  at org.gradle.internal.dispatch.ProxyDispatchAdapter$DispatchingInvocationHandler.invoke(ProxyDispatchAdapter.java:88)
  at jdk.proxy1/jdk.proxy1.$Proxy4.processTestDefinition(Unknown Source)
  at org.gradle.api.internal.tasks.testing.worker.TestWorker$2.run(TestWorker.java:178)
  at org.gradle.api.internal.tasks.testing.worker.TestWorker.executeAndMaintainThreadName(TestWorker.java:126)
  at org.gradle.api.internal.tasks.testing.worker.TestWorker.execute(TestWorker.java:103)
  at org.gradle.api.internal.tasks.testing.worker.TestWorker.execute(TestWorker.java:63)
  at org.gradle.process.internal.worker.child.ActionExecutionWorker.execute(ActionExecutionWorker.java:56)
  at org.gradle.process.internal.worker.child.SystemApplicationClassLoaderWorker.call(SystemApplicationClassLoaderWorker.java:122)
  at org.gradle.process.internal.worker.child.SystemApplicationClassLoaderWorker.call(SystemApplicationClassLoaderWorker.java:72)
  at worker.org.gradle.process.internal.worker.GradleWorkerMain.run(GradleWorkerMain.java:69)
  at worker.org.gradle.process.internal.worker.GradleWorkerMain.main(GradleWorkerMain.java:74)
</stacktrace>
</test-failure>


TypeScriptCompilerTests_N[jvm] > namedImportNonExistentName_ts has expected errors matching namedImportNonExistentName_errors_txt[jvm] FAILED

<test-failure test="com.xemantic.typescript.compiler.TypeScriptCompilerTests_N.noInferUnionExcessPropertyCheck1_ts has expected errors matching noInferUnionExcessPropertyCheck1_errors_txt" platform="jvm">
<message>
Expected diagnostics from baseline typescript-repo/tests/baselines/reference/noInferUnionExcessPropertyCheck1.errors.txt but none produced
</message>
<stacktrace>
  at com.xemantic.typescript.compiler.TypeScriptTestSupportKt.errorsMatchBaseline(TypeScriptTestSupport.kt:125)
  at com.xemantic.typescript.compiler.TypeScriptCompilerTests_N.noInferUnionExcessPropertyCheck1_ts has expected errors matching noInferUnionExcessPropertyCheck1_errors_txt(TypeScriptCompilerTests_N.kt:2016)
  at java.base/jdk.internal.reflect.DirectMethodHandleAccessor.invoke(DirectMethodHandleAccessor.java:104)
  at java.base/java.lang.reflect.Method.invoke(Method.java:565)
  at org.junit.runners.model.FrameworkMethod$1.runReflectiveCall(FrameworkMethod.java:59)
  at org.junit.internal.runners.model.ReflectiveCallable.run(ReflectiveCallable.java:12)
  at org.junit.runners.model.FrameworkMethod.invokeExplosively(FrameworkMethod.java:56)
  at org.junit.internal.runners.statements.InvokeMethod.evaluate(InvokeMethod.java:17)
  at org.junit.runners.ParentRunner$3.evaluate(ParentRunner.java:306)
  at org.junit.runners.BlockJUnit4ClassRunner$1.evaluate(BlockJUnit4ClassRunner.java:100)
  at org.junit.runners.ParentRunner.runLeaf(ParentRunner.java:366)
  at org.junit.runners.BlockJUnit4ClassRunner.runChild(BlockJUnit4ClassRunner.java:103)
  at org.junit.runners.BlockJUnit4ClassRunner.runChild(BlockJUnit4ClassRunner.java:63)
  at org.junit.runners.ParentRunner$4.run(ParentRunner.java:331)
  at org.junit.runners.ParentRunner$1.schedule(ParentRunner.java:79)
  at org.junit.runners.ParentRunner.runChildren(ParentRunner.java:329)
  at org.junit.runners.ParentRunner.access$100(ParentRunner.java:66)
  at org.junit.runners.ParentRunner$2.evaluate(ParentRunner.java:293)
  at org.junit.runners.ParentRunner$3.evaluate(ParentRunner.java:306)
  at org.junit.runners.ParentRunner.run(ParentRunner.java:413)
  at org.junit.runner.JUnitCore.run(JUnitCore.java:137)
  at org.junit.runner.JUnitCore.run(JUnitCore.java:115)
  at org.gradle.api.internal.tasks.testing.junit.JUnitTestExecutor.runRequest(JUnitTestExecutor.java:175)
  at org.gradle.api.internal.tasks.testing.junit.JUnitTestExecutor.accept(JUnitTestExecutor.java:84)
  at org.gradle.api.internal.tasks.testing.junit.JUnitTestExecutor.accept(JUnitTestExecutor.java:47)
  at org.gradle.api.internal.tasks.testing.junit.AbstractJUnitTestDefinitionProcessor.processTestDefinition(AbstractJUnitTestDefinitionProcessor.java:65)
  at org.gradle.api.internal.tasks.testing.SuiteTestDefinitionProcessor.processTestDefinition(SuiteTestDefinitionProcessor.java:54)
  at java.base/jdk.internal.reflect.DirectMethodHandleAccessor.invoke(DirectMethodHandleAccessor.java:104)
  at java.base/java.lang.reflect.Method.invoke(Method.java:565)
  at org.gradle.internal.dispatch.MethodInvocation.invokeOn(MethodInvocation.java:77)
  at org.gradle.internal.dispatch.ReflectionDispatch.dispatch(ReflectionDispatch.java:28)
  at org.gradle.internal.dispatch.ReflectionDispatch.dispatch(ReflectionDispatch.java:19)
  at org.gradle.internal.dispatch.ContextClassLoaderDispatch.dispatch(ContextClassLoaderDispatch.java:33)
  at org.gradle.internal.dispatch.ProxyDispatchAdapter$DispatchingInvocationHandler.invoke(ProxyDispatchAdapter.java:88)
  at jdk.proxy1/jdk.proxy1.$Proxy4.processTestDefinition(Unknown Source)
  at org.gradle.api.internal.tasks.testing.worker.TestWorker$2.run(TestWorker.java:178)
  at org.gradle.api.internal.tasks.testing.worker.TestWorker.executeAndMaintainThreadName(TestWorker.java:126)
  at org.gradle.api.internal.tasks.testing.worker.TestWorker.execute(TestWorker.java:103)
  at org.gradle.api.internal.tasks.testing.worker.TestWorker.execute(TestWorker.java:63)
  at org.gradle.process.internal.worker.child.ActionExecutionWorker.execute(ActionExecutionWorker.java:56)
  at org.gradle.process.internal.worker.child.SystemApplicationClassLoaderWorker.call(SystemApplicationClassLoaderWorker.java:122)
  at org.gradle.process.internal.worker.child.SystemApplicationClassLoaderWorker.call(SystemApplicationClassLoaderWorker.java:72)
  at worker.org.gradle.process.internal.worker.GradleWorkerMain.run(GradleWorkerMain.java:69)
  at worker.org.gradle.process.internal.worker.GradleWorkerMain.main(GradleWorkerMain.java:74)
</stacktrace>
</test-failure>


TypeScriptCompilerTests_N[jvm] > noInferUnionExcessPropertyCheck1_ts has expected errors matching noInferUnionExcessPropertyCheck1_errors_txt[jvm] FAILED

<test-failure test="com.xemantic.typescript.compiler.TypeScriptCompilerTests_N.namespaceMergedWithFunctionWithOverloadsUsage_ts has expected errors matching namespaceMergedWithFunctionWithOverloadsUsage_errors_txt" platform="jvm">
<message>
Expected diagnostics from baseline typescript-repo/tests/baselines/reference/namespaceMergedWithFunctionWithOverloadsUsage.errors.txt but none produced
</message>
<stacktrace>
  at com.xemantic.typescript.compiler.TypeScriptTestSupportKt.errorsMatchBaseline(TypeScriptTestSupport.kt:125)
  at com.xemantic.typescript.compiler.TypeScriptCompilerTests_N.namespaceMergedWithFunctionWithOverloadsUsage_ts has expected errors matching namespaceMergedWithFunctionWithOverloadsUsage_errors_txt(TypeScriptCompilerTests_N.kt:112)
  at java.base/jdk.internal.reflect.DirectMethodHandleAccessor.invoke(DirectMethodHandleAccessor.java:104)
  at java.base/java.lang.reflect.Method.invoke(Method.java:565)
  at org.junit.runners.model.FrameworkMethod$1.runReflectiveCall(FrameworkMethod.java:59)
  at org.junit.internal.runners.model.ReflectiveCallable.run(ReflectiveCallable.java:12)
  at org.junit.runners.model.FrameworkMethod.invokeExplosively(FrameworkMethod.java:56)
  at org.junit.internal.runners.statements.InvokeMethod.evaluate(InvokeMethod.java:17)
  at org.junit.runners.ParentRunner$3.evaluate(ParentRunner.java:306)
  at org.junit.runners.BlockJUnit4ClassRunner$1.evaluate(BlockJUnit4ClassRunner.java:100)
  at org.junit.runners.ParentRunner.runLeaf(ParentRunner.java:366)
  at org.junit.runners.BlockJUnit4ClassRunner.runChild(BlockJUnit4ClassRunner.java:103)
  at org.junit.runners.BlockJUnit4ClassRunner.runChild(BlockJUnit4ClassRunner.java:63)
  at org.junit.runners.ParentRunner$4.run(ParentRunner.java:331)
  at org.junit.runners.ParentRunner$1.schedule(ParentRunner.java:79)
  at org.junit.runners.ParentRunner.runChildren(ParentRunner.java:329)
  at org.junit.runners.ParentRunner.access$100(ParentRunner.java:66)
  at org.junit.runners.ParentRunner$2.evaluate(ParentRunner.java:293)
  at org.junit.runners.ParentRunner$3.evaluate(ParentRunner.java:306)
  at org.junit.runners.ParentRunner.run(ParentRunner.java:413)
  at org.junit.runner.JUnitCore.run(JUnitCore.java:137)
  at org.junit.runner.JUnitCore.run(JUnitCore.java:115)
  at org.gradle.api.internal.tasks.testing.junit.JUnitTestExecutor.runRequest(JUnitTestExecutor.java:175)
  at org.gradle.api.internal.tasks.testing.junit.JUnitTestExecutor.accept(JUnitTestExecutor.java:84)
  at org.gradle.api.internal.tasks.testing.junit.JUnitTestExecutor.accept(JUnitTestExecutor.java:47)
  at org.gradle.api.internal.tasks.testing.junit.AbstractJUnitTestDefinitionProcessor.processTestDefinition(AbstractJUnitTestDefinitionProcessor.java:65)
  at org.gradle.api.internal.tasks.testing.SuiteTestDefinitionProcessor.processTestDefinition(SuiteTestDefinitionProcessor.java:54)
  at java.base/jdk.internal.reflect.DirectMethodHandleAccessor.invoke(DirectMethodHandleAccessor.java:104)
  at java.base/java.lang.reflect.Method.invoke(Method.java:565)
  at org.gradle.internal.dispatch.MethodInvocation.invokeOn(MethodInvocation.java:77)
  at org.gradle.internal.dispatch.ReflectionDispatch.dispatch(ReflectionDispatch.java:28)
  at org.gradle.internal.dispatch.ReflectionDispatch.dispatch(ReflectionDispatch.java:19)
  at org.gradle.internal.dispatch.ContextClassLoaderDispatch.dispatch(ContextClassLoaderDispatch.java:33)
  at org.gradle.internal.dispatch.ProxyDispatchAdapter$DispatchingInvocationHandler.invoke(ProxyDispatchAdapter.java:88)
  at jdk.proxy1/jdk.proxy1.$Proxy4.processTestDefinition(Unknown Source)
  at org.gradle.api.internal.tasks.testing.worker.TestWorker$2.run(TestWorker.java:178)
  at org.gradle.api.internal.tasks.testing.worker.TestWorker.executeAndMaintainThreadName(TestWorker.java:126)
  at org.gradle.api.internal.tasks.testing.worker.TestWorker.execute(TestWorker.java:103)
  at org.gradle.api.internal.tasks.testing.worker.TestWorker.execute(TestWorker.java:63)
  at org.gradle.process.internal.worker.child.ActionExecutionWorker.execute(ActionExecutionWorker.java:56)
  at org.gradle.process.internal.worker.child.SystemApplicationClassLoaderWorker.call(SystemApplicationClassLoaderWorker.java:122)
  at org.gradle.process.internal.worker.child.SystemApplicationClassLoaderWorker.call(SystemApplicationClassLoaderWorker.java:72)
  at worker.org.gradle.process.internal.worker.GradleWorkerMain.run(GradleWorkerMain.java:69)
  at worker.org.gradle.process.internal.worker.GradleWorkerMain.main(GradleWorkerMain.java:74)
</stacktrace>
</test-failure>


TypeScriptCompilerTests_N[jvm] > namespaceMergedWithFunctionWithOverloadsUsage_ts has expected errors matching namespaceMergedWithFunctionWithOverloadsUsage_errors_txt[jvm] FAILED

<test-failure test="com.xemantic.typescript.compiler.TypeScriptCompilerTests_N.numericIndexerConstraint2_ts has expected errors matching numericIndexerConstraint2_errors_txt" platform="jvm">
<message>
Expected diagnostics from baseline typescript-repo/tests/baselines/reference/numericIndexerConstraint2.errors.txt but none produced
</message>
<stacktrace>
  at com.xemantic.typescript.compiler.TypeScriptTestSupportKt.errorsMatchBaseline(TypeScriptTestSupport.kt:125)
  at com.xemantic.typescript.compiler.TypeScriptCompilerTests_N.numericIndexerConstraint2_ts has expected errors matching numericIndexerConstraint2_errors_txt(TypeScriptCompilerTests_N.kt:2954)
  at java.base/jdk.internal.reflect.DirectMethodHandleAccessor.invoke(DirectMethodHandleAccessor.java:104)
  at java.base/java.lang.reflect.Method.invoke(Method.java:565)
  at org.junit.runners.model.FrameworkMethod$1.runReflectiveCall(FrameworkMethod.java:59)
  at org.junit.internal.runners.model.ReflectiveCallable.run(ReflectiveCallable.java:12)
  at org.junit.runners.model.FrameworkMethod.invokeExplosively(FrameworkMethod.java:56)
  at org.junit.internal.runners.statements.InvokeMethod.evaluate(InvokeMethod.java:17)
  at org.junit.runners.ParentRunner$3.evaluate(ParentRunner.java:306)
  at org.junit.runners.BlockJUnit4ClassRunner$1.evaluate(BlockJUnit4ClassRunner.java:100)
  at org.junit.runners.ParentRunner.runLeaf(ParentRunner.java:366)
  at org.junit.runners.BlockJUnit4ClassRunner.runChild(BlockJUnit4ClassRunner.java:103)
  at org.junit.runners.BlockJUnit4ClassRunner.runChild(BlockJUnit4ClassRunner.java:63)
  at org.junit.runners.ParentRunner$4.run(ParentRunner.java:331)
  at org.junit.runners.ParentRunner$1.schedule(ParentRunner.java:79)
  at org.junit.runners.ParentRunner.runChildren(ParentRunner.java:329)
  at org.junit.runners.ParentRunner.access$100(ParentRunner.java:66)
  at org.junit.runners.ParentRunner$2.evaluate(ParentRunner.java:293)
  at org.junit.runners.ParentRunner$3.evaluate(ParentRunner.java:306)
  at org.junit.runners.ParentRunner.run(ParentRunner.java:413)
  at org.junit.runner.JUnitCore.run(JUnitCore.java:137)
  at org.junit.runner.JUnitCore.run(JUnitCore.java:115)
  at org.gradle.api.internal.tasks.testing.junit.JUnitTestExecutor.runRequest(JUnitTestExecutor.java:175)
  at org.gradle.api.internal.tasks.testing.junit.JUnitTestExecutor.accept(JUnitTestExecutor.java:84)
  at org.gradle.api.internal.tasks.testing.junit.JUnitTestExecutor.accept(JUnitTestExecutor.java:47)
  at org.gradle.api.internal.tasks.testing.junit.AbstractJUnitTestDefinitionProcessor.processTestDefinition(AbstractJUnitTestDefinitionProcessor.java:65)
  at org.gradle.api.internal.tasks.testing.SuiteTestDefinitionProcessor.processTestDefinition(SuiteTestDefinitionProcessor.java:54)
  at java.base/jdk.internal.reflect.DirectMethodHandleAccessor.invoke(DirectMethodHandleAccessor.java:104)
  at java.base/java.lang.reflect.Method.invoke(Method.java:565)
  at org.gradle.internal.dispatch.MethodInvocation.invokeOn(MethodInvocation.java:77)
  at org.gradle.internal.dispatch.ReflectionDispatch.dispatch(ReflectionDispatch.java:28)
  at org.gradle.internal.dispatch.ReflectionDispatch.dispatch(ReflectionDispatch.java:19)
  at org.gradle.internal.dispatch.ContextClassLoaderDispatch.dispatch(ContextClassLoaderDispatch.java:33)
  at org.gradle.internal.dispatch.ProxyDispatchAdapter$DispatchingInvocationHandler.invoke(ProxyDispatchAdapter.java:88)
  at jdk.proxy1/jdk.proxy1.$Proxy4.processTestDefinition(Unknown Source)
  at org.gradle.api.internal.tasks.testing.worker.TestWorker$2.run(TestWorker.java:178)
  at org.gradle.api.internal.tasks.testing.worker.TestWorker.executeAndMaintainThreadName(TestWorker.java:126)
  at org.gradle.api.internal.tasks.testing.worker.TestWorker.execute(TestWorker.java:103)
  at org.gradle.api.internal.tasks.testing.worker.TestWorker.execute(TestWorker.java:63)
  at org.gradle.process.internal.worker.child.ActionExecutionWorker.execute(ActionExecutionWorker.java:56)
  at org.gradle.process.internal.worker.child.SystemApplicationClassLoaderWorker.call(SystemApplicationClassLoaderWorker.java:122)
  at org.gradle.process.internal.worker.child.SystemApplicationClassLoaderWorker.call(SystemApplicationClassLoaderWorker.java:72)
  at worker.org.gradle.process.internal.worker.GradleWorkerMain.run(GradleWorkerMain.java:69)
  at worker.org.gradle.process.internal.worker.GradleWorkerMain.main(GradleWorkerMain.java:74)
</stacktrace>
</test-failure>


TypeScriptCompilerTests_N[jvm] > numericIndexerConstraint2_ts has expected errors matching numericIndexerConstraint2_errors_txt[jvm] FAILED

<test-failure test="com.xemantic.typescript.compiler.TypeScriptCompilerTests_N.namespaceMergedWithImportAliasNoCrash_ts compiles to JavaScript matching namespaceMergedWithImportAliasNoCrash_js" platform="jvm">
<message>
--- expected
+++ actual
@@ -22,8 +22,42 @@
 Library.foo; // should be an error
 //// [file2.js]
 "use strict";
+var __createBinding = (this && this.__createBinding) || (Object.create ? (function(o, m, k, k2) {
+    if (k2 === undefined) k2 = k;
+    var desc = Object.getOwnPropertyDescriptor(m, k);
+    if (!desc || ("get" in desc ? !m.__esModule : desc.writable || desc.configurable)) {
+      desc = { enumerable: true, get: function() { return m[k]; } };
+    }
+    Object.defineProperty(o, k2, desc);
+}) : (function(o, m, k, k2) {
+    if (k2 === undefined) k2 = k;
+    o[k2] = m[k];
+}));
+var __setModuleDefault = (this && this.__setModuleDefault) || (Object.create ? (function(o, v) {
+    Object.defineProperty(o, "default", { enumerable: true, value: v });
+}) : function(o, v) {
+    o["default"] = v;
+});
+var __importStar = (this && this.__importStar) || (function () {
+    var ownKeys = function(o) {
+        ownKeys = Object.getOwnPropertyNames || function (o) {
+            var ar = [];
+            for (var k in o) if (Object.prototype.hasOwnProperty.call(o, k)) ar[ar.length] = k;
+            return ar;
+        };
+        return ownKeys(o);
+    };
+    return function (mod) {
+        if (mod && mod.__esModule) return mod;
+        var result = {};
+        if (mod != null) for (var k = ownKeys(mod), i = 0; i < k.length; i++) if (k[i] !== "default") __createBinding(result, mod, k[i]);
+        __setModuleDefault(result, mod);
+        return result;
+    };
+})();
 Object.defineProperty(exports, "__esModule", { value: true });
 exports.Lib = void 0;
+const Lib = __importStar(require("./file1"));
 var Lib;
 (function (Lib) {
     Lib.foo = "";

</message>
<stacktrace>
  at org.junit.Assert.fail(Assert.java:89)
  at kotlin.test.junit.JUnitAsserter.fail(JUnitSupport.kt:56)
  at kotlin.test.AssertionsKt__AssertionsKt.fail(Assertions.kt:563)
  at kotlin.test.AssertionsKt.fail(Unknown Source)
  at com.xemantic.kotlin.test.SameAsKt.sameAs(SameAs.kt:52)
  at com.xemantic.typescript.compiler.TypeScriptTestSupportKt.sameAs(TypeScriptTestSupport.kt:99)
  at com.xemantic.typescript.compiler.TypeScriptCompilerTests_N.namespaceMergedWithImportAliasNoCrash_ts compiles to JavaScript matching namespaceMergedWithImportAliasNoCrash_js(TypeScriptCompilerTests_N.kt:119)
  at java.base/jdk.internal.reflect.DirectMethodHandleAccessor.invoke(DirectMethodHandleAccessor.java:104)
  at java.base/java.lang.reflect.Method.invoke(Method.java:565)
  at org.junit.runners.model.FrameworkMethod$1.runReflectiveCall(FrameworkMethod.java:59)
  at org.junit.internal.runners.model.ReflectiveCallable.run(ReflectiveCallable.java:12)
  at org.junit.runners.model.FrameworkMethod.invokeExplosively(FrameworkMethod.java:56)
  at org.junit.internal.runners.statements.InvokeMethod.evaluate(InvokeMethod.java:17)
  at org.junit.runners.ParentRunner$3.evaluate(ParentRunner.java:306)
  at org.junit.runners.BlockJUnit4ClassRunner$1.evaluate(BlockJUnit4ClassRunner.java:100)
  at org.junit.runners.ParentRunner.runLeaf(ParentRunner.java:366)
  at org.junit.runners.BlockJUnit4ClassRunner.runChild(BlockJUnit4ClassRunner.java:103)
  at org.junit.runners.BlockJUnit4ClassRunner.runChild(BlockJUnit4ClassRunner.java:63)
  at org.junit.runners.ParentRunner$4.run(ParentRunner.java:331)
  at org.junit.runners.ParentRunner$1.schedule(ParentRunner.java:79)
  at org.junit.runners.ParentRunner.runChildren(ParentRunner.java:329)
  at org.junit.runners.ParentRunner.access$100(ParentRunner.java:66)
  at org.junit.runners.ParentRunner$2.evaluate(ParentRunner.java:293)
  at org.junit.runners.ParentRunner$3.evaluate(ParentRunner.java:306)
  at org.junit.runners.ParentRunner.run(ParentRunner.java:413)
  at org.junit.runner.JUnitCore.run(JUnitCore.java:137)
  at org.junit.runner.JUnitCore.run(JUnitCore.java:115)
  at org.gradle.api.internal.tasks.testing.junit.JUnitTestExecutor.runRequest(JUnitTestExecutor.java:175)
  at org.gradle.api.internal.tasks.testing.junit.JUnitTestExecutor.accept(JUnitTestExecutor.java:84)
  at org.gradle.api.internal.tasks.testing.junit.JUnitTestExecutor.accept(JUnitTestExecutor.java:47)
  at org.gradle.api.internal.tasks.testing.junit.AbstractJUnitTestDefinitionProcessor.processTestDefinition(AbstractJUnitTestDefinitionProcessor.java:65)
  at org.gradle.api.internal.tasks.testing.SuiteTestDefinitionProcessor.processTestDefinition(SuiteTestDefinitionProcessor.java:54)
  at java.base/jdk.internal.reflect.DirectMethodHandleAccessor.invoke(DirectMethodHandleAccessor.java:104)
  at java.base/java.lang.reflect.Method.invoke(Method.java:565)
  at org.gradle.internal.dispatch.MethodInvocation.invokeOn(MethodInvocation.java:77)
  at org.gradle.internal.dispatch.ReflectionDispatch.dispatch(ReflectionDispatch.java:28)
  at org.gradle.internal.dispatch.ReflectionDispatch.dispatch(ReflectionDispatch.java:19)
  at org.gradle.internal.dispatch.ContextClassLoaderDispatch.dispatch(ContextClassLoaderDispatch.java:33)
  at org.gradle.internal.dispatch.ProxyDispatchAdapter$DispatchingInvocationHandler.invoke(ProxyDispatchAdapter.java:88)
  at jdk.proxy1/jdk.proxy1.$Proxy4.processTestDefinition(Unknown Source)
  at org.gradle.api.internal.tasks.testing.worker.TestWorker$2.run(TestWorker.java:178)
  at org.gradle.api.internal.tasks.testing.worker.TestWorker.executeAndMaintainThreadName(TestWorker.java:126)
  at org.gradle.api.internal.tasks.testing.worker.TestWorker.execute(TestWorker.java:103)
  at org.gradle.api.internal.tasks.testing.worker.TestWorker.execute(TestWorker.java:63)
  at org.gradle.process.internal.worker.child.ActionExecutionWorker.execute(ActionExecutionWorker.java:56)
  at org.gradle.process.internal.worker.child.SystemApplicationClassLoaderWorker.call(SystemApplicationClassLoaderWorker.java:122)
  at org.gradle.process.internal.worker.child.SystemApplicationClassLoaderWorker.call(SystemApplicationClassLoaderWorker.java:72)
  at worker.org.gradle.process.internal.worker.GradleWorkerMain.run(GradleWorkerMain.java:69)
  at worker.org.gradle.process.internal.worker.GradleWorkerMain.main(GradleWorkerMain.java:74)
</stacktrace>
</test-failure>


TypeScriptCompilerTests_N[jvm] > namespaceMergedWithImportAliasNoCrash_ts compiles to JavaScript matching namespaceMergedWithImportAliasNoCrash_js[jvm] FAILED

<test-failure test="com.xemantic.typescript.compiler.TypeScriptCompilerTests_N.numericLiteralsWithTrailingDecimalPoints01_ts has expected errors matching numericLiteralsWithTrailingDecimalPoints01_errors_txt" platform="jvm">
<message>
--- expected
+++ actual
@@ -1,15 +1,11 @@
-numericLiteralsWithTrailingDecimalPoints01.ts(3,3): error TS1351: An identifier or keyword cannot immediately follow a numeric literal.
-numericLiteralsWithTrailingDecimalPoints01.ts(9,15): error TS1351: An identifier or keyword cannot immediately follow a numeric literal.
-numericLiteralsWithTrailingDecimalPoints01.ts(9,23): error TS1005: ',' expected.
+numericLiteralsWithTrailingDecimalPoints01.ts(9,15): error TS1005: ',' expected.
 numericLiteralsWithTrailingDecimalPoints01.ts(9,24): error TS1109: Expression expected.
 
 
-==== numericLiteralsWithTrailingDecimalPoints01.ts (4 errors) ====
+==== numericLiteralsWithTrailingDecimalPoints01.ts (2 errors) ====
     1..toString();
     1.0.toString();
     1.toString();
-      ~~~~~~~~
-!!! error TS1351: An identifier or keyword cannot immediately follow a numeric literal.
     1.+2.0 + 3. ;
     
     // Preserve whitespace and comments where important for JS compatibility
@@ -17,8 +13,6 @@
     var test1 = i.toString();
     var test2 = 2.toString();
                   ~~~~~~~~
-!!! error TS1351: An identifier or keyword cannot immediately follow a numeric literal.
-                          ~
 !!! error TS1005: ',' expected.
                            ~
 !!! error TS1109: Expression expected.

</message>
<stacktrace>
  at org.junit.Assert.fail(Assert.java:89)
  at kotlin.test.junit.JUnitAsserter.fail(JUnitSupport.kt:56)
  at kotlin.test.AssertionsKt__AssertionsKt.fail(Assertions.kt:563)
  at kotlin.test.AssertionsKt.fail(Unknown Source)
  at com.xemantic.kotlin.test.SameAsKt.sameAs(SameAs.kt:52)
  at com.xemantic.typescript.compiler.TypeScriptTestSupportKt.errorsMatchBaseline(TypeScriptTestSupport.kt:135)
  at com.xemantic.typescript.compiler.TypeScriptCompilerTests_N.numericLiteralsWithTrailingDecimalPoints01_ts has expected errors matching numericLiteralsWithTrailingDecimalPoints01_errors_txt(TypeScriptCompilerTests_N.kt:3038)
  at java.base/jdk.internal.reflect.DirectMethodHandleAccessor.invoke(DirectMethodHandleAccessor.java:104)
  at java.base/java.lang.reflect.Method.invoke(Method.java:565)
  at org.junit.runners.model.FrameworkMethod$1.runReflectiveCall(FrameworkMethod.java:59)
  at org.junit.internal.runners.model.ReflectiveCallable.run(ReflectiveCallable.java:12)
  at org.junit.runners.model.FrameworkMethod.invokeExplosively(FrameworkMethod.java:56)
  at org.junit.internal.runners.statements.InvokeMethod.evaluate(InvokeMethod.java:17)
  at org.junit.runners.ParentRunner$3.evaluate(ParentRunner.java:306)
  at org.junit.runners.BlockJUnit4ClassRunner$1.evaluate(BlockJUnit4ClassRunner.java:100)
  at org.junit.runners.ParentRunner.runLeaf(ParentRunner.java:366)
  at org.junit.runners.BlockJUnit4ClassRunner.runChild(BlockJUnit4ClassRunner.java:103)
  at org.junit.runners.BlockJUnit4ClassRunner.runChild(BlockJUnit4ClassRunner.java:63)
  at org.junit.runners.ParentRunner$4.run(ParentRunner.java:331)
  at org.junit.runners.ParentRunner$1.schedule(ParentRunner.java:79)
  at org.junit.runners.ParentRunner.runChildren(ParentRunner.java:329)
  at org.junit.runners.ParentRunner.access$100(ParentRunner.java:66)
  at org.junit.runners.ParentRunner$2.evaluate(ParentRunner.java:293)
  at org.junit.runners.ParentRunner$3.evaluate(ParentRunner.java:306)
  at org.junit.runners.ParentRunner.run(ParentRunner.java:413)
  at org.junit.runner.JUnitCore.run(JUnitCore.java:137)
  at org.junit.runner.JUnitCore.run(JUnitCore.java:115)
  at org.gradle.api.internal.tasks.testing.junit.JUnitTestExecutor.runRequest(JUnitTestExecutor.java:175)
  at org.gradle.api.internal.tasks.testing.junit.JUnitTestExecutor.accept(JUnitTestExecutor.java:84)
  at org.gradle.api.internal.tasks.testing.junit.JUnitTestExecutor.accept(JUnitTestExecutor.java:47)
  at org.gradle.api.internal.tasks.testing.junit.AbstractJUnitTestDefinitionProcessor.processTestDefinition(AbstractJUnitTestDefinitionProcessor.java:65)
  at org.gradle.api.internal.tasks.testing.SuiteTestDefinitionProcessor.processTestDefinition(SuiteTestDefinitionProcessor.java:54)
  at java.base/jdk.internal.reflect.DirectMethodHandleAccessor.invoke(DirectMethodHandleAccessor.java:104)
  at java.base/java.lang.reflect.Method.invoke(Method.java:565)
  at org.gradle.internal.dispatch.MethodInvocation.invokeOn(MethodInvocation.java:77)
  at org.gradle.internal.dispatch.ReflectionDispatch.dispatch(ReflectionDispatch.java:28)
  at org.gradle.internal.dispatch.ReflectionDispatch.dispatch(ReflectionDispatch.java:19)
  at org.gradle.internal.dispatch.ContextClassLoaderDispatch.dispatch(ContextClassLoaderDispatch.java:33)
  at org.gradle.internal.dispatch.ProxyDispatchAdapter$DispatchingInvocationHandler.invoke(ProxyDispatchAdapter.java:88)
  at jdk.proxy1/jdk.proxy1.$Proxy4.processTestDefinition(Unknown Source)
  at org.gradle.api.internal.tasks.testing.worker.TestWorker$2.run(TestWorker.java:178)
  at org.gradle.api.internal.tasks.testing.worker.TestWorker.executeAndMaintainThreadName(TestWorker.java:126)
  at org.gradle.api.internal.tasks.testing.worker.TestWorker.execute(TestWorker.java:103)
  at org.gradle.api.internal.tasks.testing.worker.TestWorker.execute(TestWorker.java:63)
  at org.gradle.process.internal.worker.child.ActionExecutionWorker.execute(ActionExecutionWorker.java:56)
  at org.gradle.process.internal.worker.child.SystemApplicationClassLoaderWorker.call(SystemApplicationClassLoaderWorker.java:122)
  at org.gradle.process.internal.worker.child.SystemApplicationClassLoaderWorker.call(SystemApplicationClassLoaderWorker.java:72)
  at worker.org.gradle.process.internal.worker.GradleWorkerMain.run(GradleWorkerMain.java:69)
  at worker.org.gradle.process.internal.worker.GradleWorkerMain.main(GradleWorkerMain.java:74)
</stacktrace>
</test-failure>


TypeScriptCompilerTests_N[jvm] > numericLiteralsWithTrailingDecimalPoints01_ts has expected errors matching numericLiteralsWithTrailingDecimalPoints01_errors_txt[jvm] FAILED

<test-failure test="com.xemantic.typescript.compiler.TypeScriptCompilerTests_N.noInferCommonPropertyCheck1_ts has expected errors matching noInferCommonPropertyCheck1_errors_txt" platform="jvm">
<message>
Expected diagnostics from baseline typescript-repo/tests/baselines/reference/noInferCommonPropertyCheck1.errors.txt but none produced
</message>
<stacktrace>
  at com.xemantic.typescript.compiler.TypeScriptTestSupportKt.errorsMatchBaseline(TypeScriptTestSupport.kt:125)
  at com.xemantic.typescript.compiler.TypeScriptCompilerTests_N.noInferCommonPropertyCheck1_ts has expected errors matching noInferCommonPropertyCheck1_errors_txt(TypeScriptCompilerTests_N.kt:2009)
  at java.base/jdk.internal.reflect.DirectMethodHandleAccessor.invoke(DirectMethodHandleAccessor.java:104)
  at java.base/java.lang.reflect.Method.invoke(Method.java:565)
  at org.junit.runners.model.FrameworkMethod$1.runReflectiveCall(FrameworkMethod.java:59)
  at org.junit.internal.runners.model.ReflectiveCallable.run(ReflectiveCallable.java:12)
  at org.junit.runners.model.FrameworkMethod.invokeExplosively(FrameworkMethod.java:56)
  at org.junit.internal.runners.statements.InvokeMethod.evaluate(InvokeMethod.java:17)
  at org.junit.runners.ParentRunner$3.evaluate(ParentRunner.java:306)
  at org.junit.runners.BlockJUnit4ClassRunner$1.evaluate(BlockJUnit4ClassRunner.java:100)
  at org.junit.runners.ParentRunner.runLeaf(ParentRunner.java:366)
  at org.junit.runners.BlockJUnit4ClassRunner.runChild(BlockJUnit4ClassRunner.java:103)
  at org.junit.runners.BlockJUnit4ClassRunner.runChild(BlockJUnit4ClassRunner.java:63)
  at org.junit.runners.ParentRunner$4.run(ParentRunner.java:331)
  at org.junit.runners.ParentRunner$1.schedule(ParentRunner.java:79)
  at org.junit.runners.ParentRunner.runChildren(ParentRunner.java:329)
  at org.junit.runners.ParentRunner.access$100(ParentRunner.java:66)
  at org.junit.runners.ParentRunner$2.evaluate(ParentRunner.java:293)
  at org.junit.runners.ParentRunner$3.evaluate(ParentRunner.java:306)
  at org.junit.runners.ParentRunner.run(ParentRunner.java:413)
  at org.junit.runner.JUnitCore.run(JUnitCore.java:137)
  at org.junit.runner.JUnitCore.run(JUnitCore.java:115)
  at org.gradle.api.internal.tasks.testing.junit.JUnitTestExecutor.runRequest(JUnitTestExecutor.java:175)
  at org.gradle.api.internal.tasks.testing.junit.JUnitTestExecutor.accept(JUnitTestExecutor.java:84)
  at org.gradle.api.internal.tasks.testing.junit.JUnitTestExecutor.accept(JUnitTestExecutor.java:47)
  at org.gradle.api.internal.tasks.testing.junit.AbstractJUnitTestDefinitionProcessor.processTestDefinition(AbstractJUnitTestDefinitionProcessor.java:65)
  at org.gradle.api.internal.tasks.testing.SuiteTestDefinitionProcessor.processTestDefinition(SuiteTestDefinitionProcessor.java:54)
  at java.base/jdk.internal.reflect.DirectMethodHandleAccessor.invoke(DirectMethodHandleAccessor.java:104)
  at java.base/java.lang.reflect.Method.invoke(Method.java:565)
  at org.gradle.internal.dispatch.MethodInvocation.invokeOn(MethodInvocation.java:77)
  at org.gradle.internal.dispatch.ReflectionDispatch.dispatch(ReflectionDispatch.java:28)
  at org.gradle.internal.dispatch.ReflectionDispatch.dispatch(ReflectionDispatch.java:19)
  at org.gradle.internal.dispatch.ContextClassLoaderDispatch.dispatch(ContextClassLoaderDispatch.java:33)
  at org.gradle.internal.dispatch.ProxyDispatchAdapter$DispatchingInvocationHandler.invoke(ProxyDispatchAdapter.java:88)
  at jdk.proxy1/jdk.proxy1.$Proxy4.processTestDefinition(Unknown Source)
  at org.gradle.api.internal.tasks.testing.worker.TestWorker$2.run(TestWorker.java:178)
  at org.gradle.api.internal.tasks.testing.worker.TestWorker.executeAndMaintainThreadName(TestWorker.java:126)
  at org.gradle.api.internal.tasks.testing.worker.TestWorker.execute(TestWorker.java:103)
  at org.gradle.api.internal.tasks.testing.worker.TestWorker.execute(TestWorker.java:63)
  at org.gradle.process.internal.worker.child.ActionExecutionWorker.execute(ActionExecutionWorker.java:56)
  at org.gradle.process.internal.worker.child.SystemApplicationClassLoaderWorker.call(SystemApplicationClassLoaderWorker.java:122)
  at org.gradle.process.internal.worker.child.SystemApplicationClassLoaderWorker.call(SystemApplicationClassLoaderWorker.java:72)
  at worker.org.gradle.process.internal.worker.GradleWorkerMain.run(GradleWorkerMain.java:69)
  at worker.org.gradle.process.internal.worker.GradleWorkerMain.main(GradleWorkerMain.java:74)
</stacktrace>
</test-failure>


TypeScriptCompilerTests_N[jvm] > noInferCommonPropertyCheck1_ts has expected errors matching noInferCommonPropertyCheck1_errors_txt[jvm] FAILED

<test-failure test="com.xemantic.typescript.compiler.TypeScriptCompilerTests_N.narrowingPastLastAssignment_ts has expected errors matching narrowingPastLastAssignment_errors_txt" platform="jvm">
<message>
Expected diagnostics from baseline typescript-repo/tests/baselines/reference/narrowingPastLastAssignment.errors.txt but none produced
</message>
<stacktrace>
  at com.xemantic.typescript.compiler.TypeScriptTestSupportKt.errorsMatchBaseline(TypeScriptTestSupport.kt:125)
  at com.xemantic.typescript.compiler.TypeScriptCompilerTests_N.narrowingPastLastAssignment_ts has expected errors matching narrowingPastLastAssignment_errors_txt(TypeScriptCompilerTests_N.kt:385)
  at java.base/jdk.internal.reflect.DirectMethodHandleAccessor.invoke(DirectMethodHandleAccessor.java:104)
  at java.base/java.lang.reflect.Method.invoke(Method.java:565)
  at org.junit.runners.model.FrameworkMethod$1.runReflectiveCall(FrameworkMethod.java:59)
  at org.junit.internal.runners.model.ReflectiveCallable.run(ReflectiveCallable.java:12)
  at org.junit.runners.model.FrameworkMethod.invokeExplosively(FrameworkMethod.java:56)
  at org.junit.internal.runners.statements.InvokeMethod.evaluate(InvokeMethod.java:17)
  at org.junit.runners.ParentRunner$3.evaluate(ParentRunner.java:306)
  at org.junit.runners.BlockJUnit4ClassRunner$1.evaluate(BlockJUnit4ClassRunner.java:100)
  at org.junit.runners.ParentRunner.runLeaf(ParentRunner.java:366)
  at org.junit.runners.BlockJUnit4ClassRunner.runChild(BlockJUnit4ClassRunner.java:103)
  at org.junit.runners.BlockJUnit4ClassRunner.runChild(BlockJUnit4ClassRunner.java:63)
  at org.junit.runners.ParentRunner$4.run(ParentRunner.java:331)
  at org.junit.runners.ParentRunner$1.schedule(ParentRunner.java:79)
  at org.junit.runners.ParentRunner.runChildren(ParentRunner.java:329)
  at org.junit.runners.ParentRunner.access$100(ParentRunner.java:66)
  at org.junit.runners.ParentRunner$2.evaluate(ParentRunner.java:293)
  at org.junit.runners.ParentRunner$3.evaluate(ParentRunner.java:306)
  at org.junit.runners.ParentRunner.run(ParentRunner.java:413)
  at org.junit.runner.JUnitCore.run(JUnitCore.java:137)
  at org.junit.runner.JUnitCore.run(JUnitCore.java:115)
  at org.gradle.api.internal.tasks.testing.junit.JUnitTestExecutor.runRequest(JUnitTestExecutor.java:175)
  at org.gradle.api.internal.tasks.testing.junit.JUnitTestExecutor.accept(JUnitTestExecutor.java:84)
  at org.gradle.api.internal.tasks.testing.junit.JUnitTestExecutor.accept(JUnitTestExecutor.java:47)
  at org.gradle.api.internal.tasks.testing.junit.AbstractJUnitTestDefinitionProcessor.processTestDefinition(AbstractJUnitTestDefinitionProcessor.java:65)
  at org.gradle.api.internal.tasks.testing.SuiteTestDefinitionProcessor.processTestDefinition(SuiteTestDefinitionProcessor.java:54)
  at java.base/jdk.internal.reflect.DirectMethodHandleAccessor.invoke(DirectMethodHandleAccessor.java:104)
  at java.base/java.lang.reflect.Method.invoke(Method.java:565)
  at org.gradle.internal.dispatch.MethodInvocation.invokeOn(MethodInvocation.java:77)
  at org.gradle.internal.dispatch.ReflectionDispatch.dispatch(ReflectionDispatch.java:28)
  at org.gradle.internal.dispatch.ReflectionDispatch.dispatch(ReflectionDispatch.java:19)
  at org.gradle.internal.dispatch.ContextClassLoaderDispatch.dispatch(ContextClassLoaderDispatch.java:33)
  at org.gradle.internal.dispatch.ProxyDispatchAdapter$DispatchingInvocationHandler.invoke(ProxyDispatchAdapter.java:88)
  at jdk.proxy1/jdk.proxy1.$Proxy4.processTestDefinition(Unknown Source)
  at org.gradle.api.internal.tasks.testing.worker.TestWorker$2.run(TestWorker.java:178)
  at org.gradle.api.internal.tasks.testing.worker.TestWorker.executeAndMaintainThreadName(TestWorker.java:126)
  at org.gradle.api.internal.tasks.testing.worker.TestWorker.execute(TestWorker.java:103)
  at org.gradle.api.internal.tasks.testing.worker.TestWorker.execute(TestWorker.java:63)
  at org.gradle.process.internal.worker.child.ActionExecutionWorker.execute(ActionExecutionWorker.java:56)
  at org.gradle.process.internal.worker.child.SystemApplicationClassLoaderWorker.call(SystemApplicationClassLoaderWorker.java:122)
  at org.gradle.process.internal.worker.child.SystemApplicationClassLoaderWorker.call(SystemApplicationClassLoaderWorker.java:72)
  at worker.org.gradle.process.internal.worker.GradleWorkerMain.run(GradleWorkerMain.java:69)
  at worker.org.gradle.process.internal.worker.GradleWorkerMain.main(GradleWorkerMain.java:74)
</stacktrace>
</test-failure>


TypeScriptCompilerTests_N[jvm] > narrowingPastLastAssignment_ts has expected errors matching narrowingPastLastAssignment_errors_txt[jvm] FAILED

<test-failure test="com.xemantic.typescript.compiler.TypeScriptCompilerTests_N.noSymbolForMergeCrash_ts has expected errors matching noSymbolForMergeCrash_errors_txt" platform="jvm">
<message>
Expected diagnostics from baseline typescript-repo/tests/baselines/reference/noSymbolForMergeCrash.errors.txt but none produced
</message>
<stacktrace>
  at com.xemantic.typescript.compiler.TypeScriptTestSupportKt.errorsMatchBaseline(TypeScriptTestSupport.kt:125)
  at com.xemantic.typescript.compiler.TypeScriptCompilerTests_N.noSymbolForMergeCrash_ts has expected errors matching noSymbolForMergeCrash_errors_txt(TypeScriptCompilerTests_N.kt:2121)
  at java.base/jdk.internal.reflect.DirectMethodHandleAccessor.invoke(DirectMethodHandleAccessor.java:104)
  at java.base/java.lang.reflect.Method.invoke(Method.java:565)
  at org.junit.runners.model.FrameworkMethod$1.runReflectiveCall(FrameworkMethod.java:59)
  at org.junit.internal.runners.model.ReflectiveCallable.run(ReflectiveCallable.java:12)
  at org.junit.runners.model.FrameworkMethod.invokeExplosively(FrameworkMethod.java:56)
  at org.junit.internal.runners.statements.InvokeMethod.evaluate(InvokeMethod.java:17)
  at org.junit.runners.ParentRunner$3.evaluate(ParentRunner.java:306)
  at org.junit.runners.BlockJUnit4ClassRunner$1.evaluate(BlockJUnit4ClassRunner.java:100)
  at org.junit.runners.ParentRunner.runLeaf(ParentRunner.java:366)
  at org.junit.runners.BlockJUnit4ClassRunner.runChild(BlockJUnit4ClassRunner.java:103)
  at org.junit.runners.BlockJUnit4ClassRunner.runChild(BlockJUnit4ClassRunner.java:63)
  at org.junit.runners.ParentRunner$4.run(ParentRunner.java:331)
  at org.junit.runners.ParentRunner$1.schedule(ParentRunner.java:79)
  at org.junit.runners.ParentRunner.runChildren(ParentRunner.java:329)
  at org.junit.runners.ParentRunner.access$100(ParentRunner.java:66)
  at org.junit.runners.ParentRunner$2.evaluate(ParentRunner.java:293)
  at org.junit.runners.ParentRunner$3.evaluate(ParentRunner.java:306)
  at org.junit.runners.ParentRunner.run(ParentRunner.java:413)
  at org.junit.runner.JUnitCore.run(JUnitCore.java:137)
  at org.junit.runner.JUnitCore.run(JUnitCore.java:115)
  at org.gradle.api.internal.tasks.testing.junit.JUnitTestExecutor.runRequest(JUnitTestExecutor.java:175)
  at org.gradle.api.internal.tasks.testing.junit.JUnitTestExecutor.accept(JUnitTestExecutor.java:84)
  at org.gradle.api.internal.tasks.testing.junit.JUnitTestExecutor.accept(JUnitTestExecutor.java:47)
  at org.gradle.api.internal.tasks.testing.junit.AbstractJUnitTestDefinitionProcessor.processTestDefinition(AbstractJUnitTestDefinitionProcessor.java:65)
  at org.gradle.api.internal.tasks.testing.SuiteTestDefinitionProcessor.processTestDefinition(SuiteTestDefinitionProcessor.java:54)
  at java.base/jdk.internal.reflect.DirectMethodHandleAccessor.invoke(DirectMethodHandleAccessor.java:104)
  at java.base/java.lang.reflect.Method.invoke(Method.java:565)
  at org.gradle.internal.dispatch.MethodInvocation.invokeOn(MethodInvocation.java:77)
  at org.gradle.internal.dispatch.ReflectionDispatch.dispatch(ReflectionDispatch.java:28)
  at org.gradle.internal.dispatch.ReflectionDispatch.dispatch(ReflectionDispatch.java:19)
  at org.gradle.internal.dispatch.ContextClassLoaderDispatch.dispatch(ContextClassLoaderDispatch.java:33)
  at org.gradle.internal.dispatch.ProxyDispatchAdapter$DispatchingInvocationHandler.invoke(ProxyDispatchAdapter.java:88)
  at jdk.proxy1/jdk.proxy1.$Proxy4.processTestDefinition(Unknown Source)
  at org.gradle.api.internal.tasks.testing.worker.TestWorker$2.run(TestWorker.java:178)
  at org.gradle.api.internal.tasks.testing.worker.TestWorker.executeAndMaintainThreadName(TestWorker.java:126)
  at org.gradle.api.internal.tasks.testing.worker.TestWorker.execute(TestWorker.java:103)
  at org.gradle.api.internal.tasks.testing.worker.TestWorker.execute(TestWorker.java:63)
  at org.gradle.process.internal.worker.child.ActionExecutionWorker.execute(ActionExecutionWorker.java:56)
  at org.gradle.process.internal.worker.child.SystemApplicationClassLoaderWorker.call(SystemApplicationClassLoaderWorker.java:122)
  at org.gradle.process.internal.worker.child.SystemApplicationClassLoaderWorker.call(SystemApplicationClassLoaderWorker.java:72)
  at worker.org.gradle.process.internal.worker.GradleWorkerMain.run(GradleWorkerMain.java:69)
  at worker.org.gradle.process.internal.worker.GradleWorkerMain.main(GradleWorkerMain.java:74)
</stacktrace>
</test-failure>


TypeScriptCompilerTests_N[jvm] > noSymbolForMergeCrash_ts has expected errors matching noSymbolForMergeCrash_errors_txt[jvm] FAILED

<test-failure test="com.xemantic.typescript.compiler.TypeScriptCompilerTests_N.nonexistentPropertyOnUnion_ts has expected errors matching nonexistentPropertyOnUnion_errors_txt" platform="jvm">
<message>
Expected diagnostics from baseline typescript-repo/tests/baselines/reference/nonexistentPropertyOnUnion.errors.txt but none produced
</message>
<stacktrace>
  at com.xemantic.typescript.compiler.TypeScriptTestSupportKt.errorsMatchBaseline(TypeScriptTestSupport.kt:125)
  at com.xemantic.typescript.compiler.TypeScriptCompilerTests_N.nonexistentPropertyOnUnion_ts has expected errors matching nonexistentPropertyOnUnion_errors_txt(TypeScriptCompilerTests_N.kt:2695)
  at java.base/jdk.internal.reflect.DirectMethodHandleAccessor.invoke(DirectMethodHandleAccessor.java:104)
  at java.base/java.lang.reflect.Method.invoke(Method.java:565)
  at org.junit.runners.model.FrameworkMethod$1.runReflectiveCall(FrameworkMethod.java:59)
  at org.junit.internal.runners.model.ReflectiveCallable.run(ReflectiveCallable.java:12)
  at org.junit.runners.model.FrameworkMethod.invokeExplosively(FrameworkMethod.java:56)
  at org.junit.internal.runners.statements.InvokeMethod.evaluate(InvokeMethod.java:17)
  at org.junit.runners.ParentRunner$3.evaluate(ParentRunner.java:306)
  at org.junit.runners.BlockJUnit4ClassRunner$1.evaluate(BlockJUnit4ClassRunner.java:100)
  at org.junit.runners.ParentRunner.runLeaf(ParentRunner.java:366)
  at org.junit.runners.BlockJUnit4ClassRunner.runChild(BlockJUnit4ClassRunner.java:103)
  at org.junit.runners.BlockJUnit4ClassRunner.runChild(BlockJUnit4ClassRunner.java:63)
  at org.junit.runners.ParentRunner$4.run(ParentRunner.java:331)
  at org.junit.runners.ParentRunner$1.schedule(ParentRunner.java:79)
  at org.junit.runners.ParentRunner.runChildren(ParentRunner.java:329)
  at org.junit.runners.ParentRunner.access$100(ParentRunner.java:66)
  at org.junit.runners.ParentRunner$2.evaluate(ParentRunner.java:293)
  at org.junit.runners.ParentRunner$3.evaluate(ParentRunner.java:306)
  at org.junit.runners.ParentRunner.run(ParentRunner.java:413)
  at org.junit.runner.JUnitCore.run(JUnitCore.java:137)
  at org.junit.runner.JUnitCore.run(JUnitCore.java:115)
  at org.gradle.api.internal.tasks.testing.junit.JUnitTestExecutor.runRequest(JUnitTestExecutor.java:175)
  at org.gradle.api.internal.tasks.testing.junit.JUnitTestExecutor.accept(JUnitTestExecutor.java:84)
  at org.gradle.api.internal.tasks.testing.junit.JUnitTestExecutor.accept(JUnitTestExecutor.java:47)
  at org.gradle.api.internal.tasks.testing.junit.AbstractJUnitTestDefinitionProcessor.processTestDefinition(AbstractJUnitTestDefinitionProcessor.java:65)
  at org.gradle.api.internal.tasks.testing.SuiteTestDefinitionProcessor.processTestDefinition(SuiteTestDefinitionProcessor.java:54)
  at java.base/jdk.internal.reflect.DirectMethodHandleAccessor.invoke(DirectMethodHandleAccessor.java:104)
  at java.base/java.lang.reflect.Method.invoke(Method.java:565)
  at org.gradle.internal.dispatch.MethodInvocation.invokeOn(MethodInvocation.java:77)
  at org.gradle.internal.dispatch.ReflectionDispatch.dispatch(ReflectionDispatch.java:28)
  at org.gradle.internal.dispatch.ReflectionDispatch.dispatch(ReflectionDispatch.java:19)
  at org.gradle.internal.dispatch.ContextClassLoaderDispatch.dispatch(ContextClassLoaderDispatch.java:33)
  at org.gradle.internal.dispatch.ProxyDispatchAdapter$DispatchingInvocationHandler.invoke(ProxyDispatchAdapter.java:88)
  at jdk.proxy1/jdk.proxy1.$Proxy4.processTestDefinition(Unknown Source)
  at org.gradle.api.internal.tasks.testing.worker.TestWorker$2.run(TestWorker.java:178)
  at org.gradle.api.internal.tasks.testing.worker.TestWorker.executeAndMaintainThreadName(TestWorker.java:126)
  at org.gradle.api.internal.tasks.testing.worker.TestWorker.execute(TestWorker.java:103)
  at org.gradle.api.internal.tasks.testing.worker.TestWorker.execute(TestWorker.java:63)
  at org.gradle.process.internal.worker.child.ActionExecutionWorker.execute(ActionExecutionWorker.java:56)
  at org.gradle.process.internal.worker.child.SystemApplicationClassLoaderWorker.call(SystemApplicationClassLoaderWorker.java:122)
  at org.gradle.process.internal.worker.child.SystemApplicationClassLoaderWorker.call(SystemApplicationClassLoaderWorker.java:72)
  at worker.org.gradle.process.internal.worker.GradleWorkerMain.run(GradleWorkerMain.java:69)
  at worker.org.gradle.process.internal.worker.GradleWorkerMain.main(GradleWorkerMain.java:74)
</stacktrace>
</test-failure>


TypeScriptCompilerTests_N[jvm] > nonexistentPropertyOnUnion_ts has expected errors matching nonexistentPropertyOnUnion_errors_txt[jvm] FAILED

<test-failure test="com.xemantic.typescript.compiler.TypeScriptCompilerTests_N.nodeNextPackageSelfNameWithOutDirDeclDirComposite_ts compiles to JavaScript matching nodeNextPackageSelfNameWithOutDirDeclDirComposite_js" platform="jvm">
<message>
--- expected
+++ actual
@@ -20,6 +20,42 @@
 
 
 //// [index.js]
-import * as me from "@this/package";
+"use strict";
+var __createBinding = (this && this.__createBinding) || (Object.create ? (function(o, m, k, k2) {
+    if (k2 === undefined) k2 = k;
+    var desc = Object.getOwnPropertyDescriptor(m, k);
+    if (!desc || ("get" in desc ? !m.__esModule : desc.writable || desc.configurable)) {
+      desc = { enumerable: true, get: function() { return m[k]; } };
+    }
+    Object.defineProperty(o, k2, desc);
+}) : (function(o, m, k, k2) {
+    if (k2 === undefined) k2 = k;
+    o[k2] = m[k];
+}));
+var __setModuleDefault = (this && this.__setModuleDefault) || (Object.create ? (function(o, v) {
+    Object.defineProperty(o, "default", { enumerable: true, value: v });
+}) : function(o, v) {
+    o["default"] = v;
+});
+var __importStar = (this && this.__importStar) || (function () {
+    var ownKeys = function(o) {
+        ownKeys = Object.getOwnPropertyNames || function (o) {
+            var ar = [];
+            for (var k in o) if (Object.prototype.hasOwnProperty.call(o, k)) ar[ar.length] = k;
+            return ar;
+        };
+        return ownKeys(o);
+    };
+    return function (mod) {
+        if (mod && mod.__esModule) return mod;
+        var result = {};
+        if (mod != null) for (var k = ownKeys(mod), i = 0; i < k.length; i++) if (k[i] !== "default") __createBinding(result, mod, k[i]);
+        __setModuleDefault(result, mod);
+        return result;
+    };
+})();
+Object.defineProperty(exports, "__esModule", { value: true });
+exports.thing = thing;
+const me = __importStar(require("@this/package"));
 me.thing();
-export function thing() { }
+function thing() { }

</message>
<stacktrace>
  at org.junit.Assert.fail(Assert.java:89)
  at kotlin.test.junit.JUnitAsserter.fail(JUnitSupport.kt:56)
  at kotlin.test.AssertionsKt__AssertionsKt.fail(Assertions.kt:563)
  at kotlin.test.AssertionsKt.fail(Unknown Source)
  at com.xemantic.kotlin.test.SameAsKt.sameAs(SameAs.kt:52)
  at com.xemantic.typescript.compiler.TypeScriptTestSupportKt.sameAs(TypeScriptTestSupport.kt:99)
  at com.xemantic.typescript.compiler.TypeScriptCompilerTests_N.nodeNextPackageSelfNameWithOutDirDeclDirComposite_ts compiles to JavaScript matching nodeNextPackageSelfNameWithOutDirDeclDirComposite_js(TypeScriptCompilerTests_N.kt:2401)
  at java.base/jdk.internal.reflect.DirectMethodHandleAccessor.invoke(DirectMethodHandleAccessor.java:104)
  at java.base/java.lang.reflect.Method.invoke(Method.java:565)
  at org.junit.runners.model.FrameworkMethod$1.runReflectiveCall(FrameworkMethod.java:59)
  at org.junit.internal.runners.model.ReflectiveCallable.run(ReflectiveCallable.java:12)
  at org.junit.runners.model.FrameworkMethod.invokeExplosively(FrameworkMethod.java:56)
  at org.junit.internal.runners.statements.InvokeMethod.evaluate(InvokeMethod.java:17)
  at org.junit.runners.ParentRunner$3.evaluate(ParentRunner.java:306)
  at org.junit.runners.BlockJUnit4ClassRunner$1.evaluate(BlockJUnit4ClassRunner.java:100)
  at org.junit.runners.ParentRunner.runLeaf(ParentRunner.java:366)
  at org.junit.runners.BlockJUnit4ClassRunner.runChild(BlockJUnit4ClassRunner.java:103)
  at org.junit.runners.BlockJUnit4ClassRunner.runChild(BlockJUnit4ClassRunner.java:63)
  at org.junit.runners.ParentRunner$4.run(ParentRunner.java:331)
  at org.junit.runners.ParentRunner$1.schedule(ParentRunner.java:79)
  at org.junit.runners.ParentRunner.runChildren(ParentRunner.java:329)
  at org.junit.runners.ParentRunner.access$100(ParentRunner.java:66)
  at org.junit.runners.ParentRunner$2.evaluate(ParentRunner.java:293)
  at org.junit.runners.ParentRunner$3.evaluate(ParentRunner.java:306)
  at org.junit.runners.ParentRunner.run(ParentRunner.java:413)
  at org.junit.runner.JUnitCore.run(JUnitCore.java:137)
  at org.junit.runner.JUnitCore.run(JUnitCore.java:115)
  at org.gradle.api.internal.tasks.testing.junit.JUnitTestExecutor.runRequest(JUnitTestExecutor.java:175)
  at org.gradle.api.internal.tasks.testing.junit.JUnitTestExecutor.accept(JUnitTestExecutor.java:84)
  at org.gradle.api.internal.tasks.testing.junit.JUnitTestExecutor.accept(JUnitTestExecutor.java:47)
  at org.gradle.api.internal.tasks.testing.junit.AbstractJUnitTestDefinitionProcessor.processTestDefinition(AbstractJUnitTestDefinitionProcessor.java:65)
  at org.gradle.api.internal.tasks.testing.SuiteTestDefinitionProcessor.processTestDefinition(SuiteTestDefinitionProcessor.java:54)
  at java.base/jdk.internal.reflect.DirectMethodHandleAccessor.invoke(DirectMethodHandleAccessor.java:104)
  at java.base/java.lang.reflect.Method.invoke(Method.java:565)
  at org.gradle.internal.dispatch.MethodInvocation.invokeOn(MethodInvocation.java:77)
  at org.gradle.internal.dispatch.ReflectionDispatch.dispatch(ReflectionDispatch.java:28)
  at org.gradle.internal.dispatch.ReflectionDispatch.dispatch(ReflectionDispatch.java:19)
  at org.gradle.internal.dispatch.ContextClassLoaderDispatch.dispatch(ContextClassLoaderDispatch.java:33)
  at org.gradle.internal.dispatch.ProxyDispatchAdapter$DispatchingInvocationHandler.invoke(ProxyDispatchAdapter.java:88)
  at jdk.proxy1/jdk.proxy1.$Proxy4.processTestDefinition(Unknown Source)
  at org.gradle.api.internal.tasks.testing.worker.TestWorker$2.run(TestWorker.java:178)
  at org.gradle.api.internal.tasks.testing.worker.TestWorker.executeAndMaintainThreadName(TestWorker.java:126)
  at org.gradle.api.internal.tasks.testing.worker.TestWorker.execute(TestWorker.java:103)
  at org.gradle.api.internal.tasks.testing.worker.TestWorker.execute(TestWorker.java:63)
  at org.gradle.process.internal.worker.child.ActionExecutionWorker.execute(ActionExecutionWorker.java:56)
  at org.gradle.process.internal.worker.child.SystemApplicationClassLoaderWorker.call(SystemApplicationClassLoaderWorker.java:122)
  at org.gradle.process.internal.worker.child.SystemApplicationClassLoaderWorker.call(SystemApplicationClassLoaderWorker.java:72)
  at worker.org.gradle.process.internal.worker.GradleWorkerMain.run(GradleWorkerMain.java:69)
  at worker.org.gradle.process.internal.worker.GradleWorkerMain.main(GradleWorkerMain.java:74)
</stacktrace>
</test-failure>


TypeScriptCompilerTests_N[jvm] > nodeNextPackageSelfNameWithOutDirDeclDirComposite_ts compiles to JavaScript matching nodeNextPackageSelfNameWithOutDirDeclDirComposite_js[jvm] FAILED

<test-failure test="com.xemantic.typescript.compiler.TypeScriptCompilerTests_N.narrowSwitchOptionalChainContainmentEvolvingArrayNoCrash1_ts has expected errors matching narrowSwitchOptionalChainContainmentEvolvingArrayNoCrash1_errors_txt" platform="jvm">
<message>
Expected diagnostics from baseline typescript-repo/tests/baselines/reference/narrowSwitchOptionalChainContainmentEvolvingArrayNoCrash1.errors.txt but none produced
</message>
<stacktrace>
  at com.xemantic.typescript.compiler.TypeScriptTestSupportKt.errorsMatchBaseline(TypeScriptTestSupport.kt:125)
  at com.xemantic.typescript.compiler.TypeScriptCompilerTests_N.narrowSwitchOptionalChainContainmentEvolvingArrayNoCrash1_ts has expected errors matching narrowSwitchOptionalChainContainmentEvolvingArrayNoCrash1_errors_txt(TypeScriptCompilerTests_N.kt:245)
  at java.base/jdk.internal.reflect.DirectMethodHandleAccessor.invoke(DirectMethodHandleAccessor.java:104)
  at java.base/java.lang.reflect.Method.invoke(Method.java:565)
  at org.junit.runners.model.FrameworkMethod$1.runReflectiveCall(FrameworkMethod.java:59)
  at org.junit.internal.runners.model.ReflectiveCallable.run(ReflectiveCallable.java:12)
  at org.junit.runners.model.FrameworkMethod.invokeExplosively(FrameworkMethod.java:56)
  at org.junit.internal.runners.statements.InvokeMethod.evaluate(InvokeMethod.java:17)
  at org.junit.runners.ParentRunner$3.evaluate(ParentRunner.java:306)
  at org.junit.runners.BlockJUnit4ClassRunner$1.evaluate(BlockJUnit4ClassRunner.java:100)
  at org.junit.runners.ParentRunner.runLeaf(ParentRunner.java:366)
  at org.junit.runners.BlockJUnit4ClassRunner.runChild(BlockJUnit4ClassRunner.java:103)
  at org.junit.runners.BlockJUnit4ClassRunner.runChild(BlockJUnit4ClassRunner.java:63)
  at org.junit.runners.ParentRunner$4.run(ParentRunner.java:331)
  at org.junit.runners.ParentRunner$1.schedule(ParentRunner.java:79)
  at org.junit.runners.ParentRunner.runChildren(ParentRunner.java:329)
  at org.junit.runners.ParentRunner.access$100(ParentRunner.java:66)
  at org.junit.runners.ParentRunner$2.evaluate(ParentRunner.java:293)
  at org.junit.runners.ParentRunner$3.evaluate(ParentRunner.java:306)
  at org.junit.runners.ParentRunner.run(ParentRunner.java:413)
  at org.junit.runner.JUnitCore.run(JUnitCore.java:137)
  at org.junit.runner.JUnitCore.run(JUnitCore.java:115)
  at org.gradle.api.internal.tasks.testing.junit.JUnitTestExecutor.runRequest(JUnitTestExecutor.java:175)
  at org.gradle.api.internal.tasks.testing.junit.JUnitTestExecutor.accept(JUnitTestExecutor.java:84)
  at org.gradle.api.internal.tasks.testing.junit.JUnitTestExecutor.accept(JUnitTestExecutor.java:47)
  at org.gradle.api.internal.tasks.testing.junit.AbstractJUnitTestDefinitionProcessor.processTestDefinition(AbstractJUnitTestDefinitionProcessor.java:65)
  at org.gradle.api.internal.tasks.testing.SuiteTestDefinitionProcessor.processTestDefinition(SuiteTestDefinitionProcessor.java:54)
  at java.base/jdk.internal.reflect.DirectMethodHandleAccessor.invoke(DirectMethodHandleAccessor.java:104)
  at java.base/java.lang.reflect.Method.invoke(Method.java:565)
  at org.gradle.internal.dispatch.MethodInvocation.invokeOn(MethodInvocation.java:77)
  at org.gradle.internal.dispatch.ReflectionDispatch.dispatch(ReflectionDispatch.java:28)
  at org.gradle.internal.dispatch.ReflectionDispatch.dispatch(ReflectionDispatch.java:19)
  at org.gradle.internal.dispatch.ContextClassLoaderDispatch.dispatch(ContextClassLoaderDispatch.java:33)
  at org.gradle.internal.dispatch.ProxyDispatchAdapter$DispatchingInvocationHandler.invoke(ProxyDispatchAdapter.java:88)
  at jdk.proxy1/jdk.proxy1.$Proxy4.processTestDefinition(Unknown Source)
  at org.gradle.api.internal.tasks.testing.worker.TestWorker$2.run(TestWorker.java:178)
  at org.gradle.api.internal.tasks.testing.worker.TestWorker.executeAndMaintainThreadName(TestWorker.java:126)
  at org.gradle.api.internal.tasks.testing.worker.TestWorker.execute(TestWorker.java:103)
  at org.gradle.api.internal.tasks.testing.worker.TestWorker.execute(TestWorker.java:63)
  at org.gradle.process.internal.worker.child.ActionExecutionWorker.execute(ActionExecutionWorker.java:56)
  at org.gradle.process.internal.worker.child.SystemApplicationClassLoaderWorker.call(SystemApplicationClassLoaderWorker.java:122)
  at org.gradle.process.internal.worker.child.SystemApplicationClassLoaderWorker.call(SystemApplicationClassLoaderWorker.java:72)
  at worker.org.gradle.process.internal.worker.GradleWorkerMain.run(GradleWorkerMain.java:69)
  at worker.org.gradle.process.internal.worker.GradleWorkerMain.main(GradleWorkerMain.java:74)
</stacktrace>
</test-failure>


TypeScriptCompilerTests_N[jvm] > narrowSwitchOptionalChainContainmentEvolvingArrayNoCrash1_ts has expected errors matching narrowSwitchOptionalChainContainmentEvolvingArrayNoCrash1_errors_txt[jvm] FAILED

<test-failure test="com.xemantic.typescript.compiler.TypeScriptCompilerTests_N.numericIndexerTyping2_ts has expected errors matching numericIndexerTyping2_errors_txt" platform="jvm">
<message>
Expected diagnostics from baseline typescript-repo/tests/baselines/reference/numericIndexerTyping2.errors.txt but none produced
</message>
<stacktrace>
  at com.xemantic.typescript.compiler.TypeScriptTestSupportKt.errorsMatchBaseline(TypeScriptTestSupport.kt:125)
  at com.xemantic.typescript.compiler.TypeScriptCompilerTests_N.numericIndexerTyping2_ts has expected errors matching numericIndexerTyping2_errors_txt(TypeScriptCompilerTests_N.kt:3024)
  at java.base/jdk.internal.reflect.DirectMethodHandleAccessor.invoke(DirectMethodHandleAccessor.java:104)
  at java.base/java.lang.reflect.Method.invoke(Method.java:565)
  at org.junit.runners.model.FrameworkMethod$1.runReflectiveCall(FrameworkMethod.java:59)
  at org.junit.internal.runners.model.ReflectiveCallable.run(ReflectiveCallable.java:12)
  at org.junit.runners.model.FrameworkMethod.invokeExplosively(FrameworkMethod.java:56)
  at org.junit.internal.runners.statements.InvokeMethod.evaluate(InvokeMethod.java:17)
  at org.junit.runners.ParentRunner$3.evaluate(ParentRunner.java:306)
  at org.junit.runners.BlockJUnit4ClassRunner$1.evaluate(BlockJUnit4ClassRunner.java:100)
  at org.junit.runners.ParentRunner.runLeaf(ParentRunner.java:366)
  at org.junit.runners.BlockJUnit4ClassRunner.runChild(BlockJUnit4ClassRunner.java:103)
  at org.junit.runners.BlockJUnit4ClassRunner.runChild(BlockJUnit4ClassRunner.java:63)
  at org.junit.runners.ParentRunner$4.run(ParentRunner.java:331)
  at org.junit.runners.ParentRunner$1.schedule(ParentRunner.java:79)
  at org.junit.runners.ParentRunner.runChildren(ParentRunner.java:329)
  at org.junit.runners.ParentRunner.access$100(ParentRunner.java:66)
  at org.junit.runners.ParentRunner$2.evaluate(ParentRunner.java:293)
  at org.junit.runners.ParentRunner$3.evaluate(ParentRunner.java:306)
  at org.junit.runners.ParentRunner.run(ParentRunner.java:413)
  at org.junit.runner.JUnitCore.run(JUnitCore.java:137)
  at org.junit.runner.JUnitCore.run(JUnitCore.java:115)
  at org.gradle.api.internal.tasks.testing.junit.JUnitTestExecutor.runRequest(JUnitTestExecutor.java:175)
  at org.gradle.api.internal.tasks.testing.junit.JUnitTestExecutor.accept(JUnitTestExecutor.java:84)
  at org.gradle.api.internal.tasks.testing.junit.JUnitTestExecutor.accept(JUnitTestExecutor.java:47)
  at org.gradle.api.internal.tasks.testing.junit.AbstractJUnitTestDefinitionProcessor.processTestDefinition(AbstractJUnitTestDefinitionProcessor.java:65)
  at org.gradle.api.internal.tasks.testing.SuiteTestDefinitionProcessor.processTestDefinition(SuiteTestDefinitionProcessor.java:54)
  at java.base/jdk.internal.reflect.DirectMethodHandleAccessor.invoke(DirectMethodHandleAccessor.java:104)
  at java.base/java.lang.reflect.Method.invoke(Method.java:565)
  at org.gradle.internal.dispatch.MethodInvocation.invokeOn(MethodInvocation.java:77)
  at org.gradle.internal.dispatch.ReflectionDispatch.dispatch(ReflectionDispatch.java:28)
  at org.gradle.internal.dispatch.ReflectionDispatch.dispatch(ReflectionDispatch.java:19)
  at org.gradle.internal.dispatch.ContextClassLoaderDispatch.dispatch(ContextClassLoaderDispatch.java:33)
  at org.gradle.internal.dispatch.ProxyDispatchAdapter$DispatchingInvocationHandler.invoke(ProxyDispatchAdapter.java:88)
  at jdk.proxy1/jdk.proxy1.$Proxy4.processTestDefinition(Unknown Source)
  at org.gradle.api.internal.tasks.testing.worker.TestWorker$2.run(TestWorker.java:178)
  at org.gradle.api.internal.tasks.testing.worker.TestWorker.executeAndMaintainThreadName(TestWorker.java:126)
  at org.gradle.api.internal.tasks.testing.worker.TestWorker.execute(TestWorker.java:103)
  at org.gradle.api.internal.tasks.testing.worker.TestWorker.execute(TestWorker.java:63)
  at org.gradle.process.internal.worker.child.ActionExecutionWorker.execute(ActionExecutionWorker.java:56)
  at org.gradle.process.internal.worker.child.SystemApplicationClassLoaderWorker.call(SystemApplicationClassLoaderWorker.java:122)
  at org.gradle.process.internal.worker.child.SystemApplicationClassLoaderWorker.call(SystemApplicationClassLoaderWorker.java:72)
  at worker.org.gradle.process.internal.worker.GradleWorkerMain.run(GradleWorkerMain.java:69)
  at worker.org.gradle.process.internal.worker.GradleWorkerMain.main(GradleWorkerMain.java:74)
</stacktrace>
</test-failure>


TypeScriptCompilerTests_N[jvm] > numericIndexerTyping2_ts has expected errors matching numericIndexerTyping2_errors_txt[jvm] FAILED

<test-failure test="com.xemantic.typescript.compiler.TypeScriptCompilerTests_N.noImplicitAnyMissingSetAccessor_ts__target_es2015__has expected errors matching baseline" platform="jvm">
<message>
Expected diagnostics from baseline typescript-repo/tests/baselines/reference/noImplicitAnyMissingSetAccessor(target=es2015).errors.txt but none produced
</message>
<stacktrace>
  at com.xemantic.typescript.compiler.TypeScriptTestSupportKt.errorsMatchBaseline(TypeScriptTestSupport.kt:125)
  at com.xemantic.typescript.compiler.TypeScriptCompilerTests_N.noImplicitAnyMissingSetAccessor_ts__target_es2015__has expected errors matching baseline(TypeScriptCompilerTests_N.kt:1638)
  at java.base/jdk.internal.reflect.DirectMethodHandleAccessor.invoke(DirectMethodHandleAccessor.java:104)
  at java.base/java.lang.reflect.Method.invoke(Method.java:565)
  at org.junit.runners.model.FrameworkMethod$1.runReflectiveCall(FrameworkMethod.java:59)
  at org.junit.internal.runners.model.ReflectiveCallable.run(ReflectiveCallable.java:12)
  at org.junit.runners.model.FrameworkMethod.invokeExplosively(FrameworkMethod.java:56)
  at org.junit.internal.runners.statements.InvokeMethod.evaluate(InvokeMethod.java:17)
  at org.junit.runners.ParentRunner$3.evaluate(ParentRunner.java:306)
  at org.junit.runners.BlockJUnit4ClassRunner$1.evaluate(BlockJUnit4ClassRunner.java:100)
  at org.junit.runners.ParentRunner.runLeaf(ParentRunner.java:366)
  at org.junit.runners.BlockJUnit4ClassRunner.runChild(BlockJUnit4ClassRunner.java:103)
  at org.junit.runners.BlockJUnit4ClassRunner.runChild(BlockJUnit4ClassRunner.java:63)
  at org.junit.runners.ParentRunner$4.run(ParentRunner.java:331)
  at org.junit.runners.ParentRunner$1.schedule(ParentRunner.java:79)
  at org.junit.runners.ParentRunner.runChildren(ParentRunner.java:329)
  at org.junit.runners.ParentRunner.access$100(ParentRunner.java:66)
  at org.junit.runners.ParentRunner$2.evaluate(ParentRunner.java:293)
  at org.junit.runners.ParentRunner$3.evaluate(ParentRunner.java:306)
  at org.junit.runners.ParentRunner.run(ParentRunner.java:413)
  at org.junit.runner.JUnitCore.run(JUnitCore.java:137)
  at org.junit.runner.JUnitCore.run(JUnitCore.java:115)
  at org.gradle.api.internal.tasks.testing.junit.JUnitTestExecutor.runRequest(JUnitTestExecutor.java:175)
  at org.gradle.api.internal.tasks.testing.junit.JUnitTestExecutor.accept(JUnitTestExecutor.java:84)
  at org.gradle.api.internal.tasks.testing.junit.JUnitTestExecutor.accept(JUnitTestExecutor.java:47)
  at org.gradle.api.internal.tasks.testing.junit.AbstractJUnitTestDefinitionProcessor.processTestDefinition(AbstractJUnitTestDefinitionProcessor.java:65)
  at org.gradle.api.internal.tasks.testing.SuiteTestDefinitionProcessor.processTestDefinition(SuiteTestDefinitionProcessor.java:54)
  at java.base/jdk.internal.reflect.DirectMethodHandleAccessor.invoke(DirectMethodHandleAccessor.java:104)
  at java.base/java.lang.reflect.Method.invoke(Method.java:565)
  at org.gradle.internal.dispatch.MethodInvocation.invokeOn(MethodInvocation.java:77)
  at org.gradle.internal.dispatch.ReflectionDispatch.dispatch(ReflectionDispatch.java:28)
  at org.gradle.internal.dispatch.ReflectionDispatch.dispatch(ReflectionDispatch.java:19)
  at org.gradle.internal.dispatch.ContextClassLoaderDispatch.dispatch(ContextClassLoaderDispatch.java:33)
  at org.gradle.internal.dispatch.ProxyDispatchAdapter$DispatchingInvocationHandler.invoke(ProxyDispatchAdapter.java:88)
  at jdk.proxy1/jdk.proxy1.$Proxy4.processTestDefinition(Unknown Source)
  at org.gradle.api.internal.tasks.testing.worker.TestWorker$2.run(TestWorker.java:178)
  at org.gradle.api.internal.tasks.testing.worker.TestWorker.executeAndMaintainThreadName(TestWorker.java:126)
  at org.gradle.api.internal.tasks.testing.worker.TestWorker.execute(TestWorker.java:103)
  at org.gradle.api.internal.tasks.testing.worker.TestWorker.execute(TestWorker.java:63)
  at org.gradle.process.internal.worker.child.ActionExecutionWorker.execute(ActionExecutionWorker.java:56)
  at org.gradle.process.internal.worker.child.SystemApplicationClassLoaderWorker.call(SystemApplicationClassLoaderWorker.java:122)
  at org.gradle.process.internal.worker.child.SystemApplicationClassLoaderWorker.call(SystemApplicationClassLoaderWorker.java:72)
  at worker.org.gradle.process.internal.worker.GradleWorkerMain.run(GradleWorkerMain.java:69)
  at worker.org.gradle.process.internal.worker.GradleWorkerMain.main(GradleWorkerMain.java:74)
</stacktrace>
</test-failure>


TypeScriptCompilerTests_N[jvm] > noImplicitAnyMissingSetAccessor_ts__target_es2015__has expected errors matching baseline[jvm] FAILED

<test-failure test="com.xemantic.typescript.compiler.TypeScriptCompilerTests_N.noUnusedLocals_typeParameterMergedWithParameter_ts has expected errors matching noUnusedLocals_typeParameterMergedWithParameter_errors_txt" platform="jvm">
<message>
--- expected
+++ actual
@@ -1,10 +1,9 @@
 noUnusedLocals_typeParameterMergedWithParameter.ts(1,17): error TS6133: 'T' is declared but its value is never read.
 noUnusedLocals_typeParameterMergedWithParameter.ts(1,21): error TS6133: 'T' is declared but its value is never read.
 noUnusedLocals_typeParameterMergedWithParameter.ts(3,18): error TS6133: 'T' is declared but its value is never read.
-noUnusedLocals_typeParameterMergedWithParameter.ts(7,26): error TS6133: 'T' is declared but its value is never read.
 
 
-==== noUnusedLocals_typeParameterMergedWithParameter.ts (4 errors) ====
+==== noUnusedLocals_typeParameterMergedWithParameter.ts (3 errors) ====
     function useNone<T>(T: number) {}
                     ~~~
 !!! error TS6133: 'T' is declared but its value is never read.
@@ -18,8 +17,6 @@
     }
     
     function useTypeParam<T>(T: T) {}
-                             ~
-!!! error TS6133: 'T' is declared but its value is never read.
     
     function useBoth<T>(T: T) {
         return T;

</message>
<stacktrace>
  at org.junit.Assert.fail(Assert.java:89)
  at kotlin.test.junit.JUnitAsserter.fail(JUnitSupport.kt:56)
  at kotlin.test.AssertionsKt__AssertionsKt.fail(Assertions.kt:563)
  at kotlin.test.AssertionsKt.fail(Unknown Source)
  at com.xemantic.kotlin.test.SameAsKt.sameAs(SameAs.kt:52)
  at com.xemantic.typescript.compiler.TypeScriptTestSupportKt.errorsMatchBaseline(TypeScriptTestSupport.kt:135)
  at com.xemantic.typescript.compiler.TypeScriptCompilerTests_N.noUnusedLocals_typeParameterMergedWithParameter_ts has expected errors matching noUnusedLocals_typeParameterMergedWithParameter_errors_txt(TypeScriptCompilerTests_N.kt:2219)
  at java.base/jdk.internal.reflect.DirectMethodHandleAccessor.invoke(DirectMethodHandleAccessor.java:104)
  at java.base/java.lang.reflect.Method.invoke(Method.java:565)
  at org.junit.runners.model.FrameworkMethod$1.runReflectiveCall(FrameworkMethod.java:59)
  at org.junit.internal.runners.model.ReflectiveCallable.run(ReflectiveCallable.java:12)
  at org.junit.runners.model.FrameworkMethod.invokeExplosively(FrameworkMethod.java:56)
  at org.junit.internal.runners.statements.InvokeMethod.evaluate(InvokeMethod.java:17)
  at org.junit.runners.ParentRunner$3.evaluate(ParentRunner.java:306)
  at org.junit.runners.BlockJUnit4ClassRunner$1.evaluate(BlockJUnit4ClassRunner.java:100)
  at org.junit.runners.ParentRunner.runLeaf(ParentRunner.java:366)
  at org.junit.runners.BlockJUnit4ClassRunner.runChild(BlockJUnit4ClassRunner.java:103)
  at org.junit.runners.BlockJUnit4ClassRunner.runChild(BlockJUnit4ClassRunner.java:63)
  at org.junit.runners.ParentRunner$4.run(ParentRunner.java:331)
  at org.junit.runners.ParentRunner$1.schedule(ParentRunner.java:79)
  at org.junit.runners.ParentRunner.runChildren(ParentRunner.java:329)
  at org.junit.runners.ParentRunner.access$100(ParentRunner.java:66)
  at org.junit.runners.ParentRunner$2.evaluate(ParentRunner.java:293)
  at org.junit.runners.ParentRunner$3.evaluate(ParentRunner.java:306)
  at org.junit.runners.ParentRunner.run(ParentRunner.java:413)
  at org.junit.runner.JUnitCore.run(JUnitCore.java:137)
  at org.junit.runner.JUnitCore.run(JUnitCore.java:115)
  at org.gradle.api.internal.tasks.testing.junit.JUnitTestExecutor.runRequest(JUnitTestExecutor.java:175)
  at org.gradle.api.internal.tasks.testing.junit.JUnitTestExecutor.accept(JUnitTestExecutor.java:84)
  at org.gradle.api.internal.tasks.testing.junit.JUnitTestExecutor.accept(JUnitTestExecutor.java:47)
  at org.gradle.api.internal.tasks.testing.junit.AbstractJUnitTestDefinitionProcessor.processTestDefinition(AbstractJUnitTestDefinitionProcessor.java:65)
  at org.gradle.api.internal.tasks.testing.SuiteTestDefinitionProcessor.processTestDefinition(SuiteTestDefinitionProcessor.java:54)
  at java.base/jdk.internal.reflect.DirectMethodHandleAccessor.invoke(DirectMethodHandleAccessor.java:104)
  at java.base/java.lang.reflect.Method.invoke(Method.java:565)
  at org.gradle.internal.dispatch.MethodInvocation.invokeOn(MethodInvocation.java:77)
  at org.gradle.internal.dispatch.ReflectionDispatch.dispatch(ReflectionDispatch.java:28)
  at org.gradle.internal.dispatch.ReflectionDispatch.dispatch(ReflectionDispatch.java:19)
  at org.gradle.internal.dispatch.ContextClassLoaderDispatch.dispatch(ContextClassLoaderDispatch.java:33)
  at org.gradle.internal.dispatch.ProxyDispatchAdapter$DispatchingInvocationHandler.invoke(ProxyDispatchAdapter.java:88)
  at jdk.proxy1/jdk.proxy1.$Proxy4.processTestDefinition(Unknown Source)
  at org.gradle.api.internal.tasks.testing.worker.TestWorker$2.run(TestWorker.java:178)
  at org.gradle.api.internal.tasks.testing.worker.TestWorker.executeAndMaintainThreadName(TestWorker.java:126)
  at org.gradle.api.internal.tasks.testing.worker.TestWorker.execute(TestWorker.java:103)
  at org.gradle.api.internal.tasks.testing.worker.TestWorker.execute(TestWorker.java:63)
  at org.gradle.process.internal.worker.child.ActionExecutionWorker.execute(ActionExecutionWorker.java:56)
  at org.gradle.process.internal.worker.child.SystemApplicationClassLoaderWorker.call(SystemApplicationClassLoaderWorker.java:122)
  at org.gradle.process.internal.worker.child.SystemApplicationClassLoaderWorker.call(SystemApplicationClassLoaderWorker.java:72)
  at worker.org.gradle.process.internal.worker.GradleWorkerMain.run(GradleWorkerMain.java:69)
  at worker.org.gradle.process.internal.worker.GradleWorkerMain.main(GradleWorkerMain.java:74)
</stacktrace>
</test-failure>


TypeScriptCompilerTests_N[jvm] > noUnusedLocals_typeParameterMergedWithParameter_ts has expected errors matching noUnusedLocals_typeParameterMergedWithParameter_errors_txt[jvm] FAILED

<test-failure test="com.xemantic.typescript.compiler.TypeScriptCompilerTests_N.nodeNextPackageSelfNameWithOutDirDeclDir_ts has expected errors matching nodeNextPackageSelfNameWithOutDirDeclDir_errors_txt" platform="jvm">
<message>
Expected diagnostics from baseline typescript-repo/tests/baselines/reference/nodeNextPackageSelfNameWithOutDirDeclDir.errors.txt but none produced
</message>
<stacktrace>
  at com.xemantic.typescript.compiler.TypeScriptTestSupportKt.errorsMatchBaseline(TypeScriptTestSupport.kt:125)
  at com.xemantic.typescript.compiler.TypeScriptCompilerTests_N.nodeNextPackageSelfNameWithOutDirDeclDir_ts has expected errors matching nodeNextPackageSelfNameWithOutDirDeclDir_errors_txt(TypeScriptCompilerTests_N.kt:2394)
  at java.base/jdk.internal.reflect.DirectMethodHandleAccessor.invoke(DirectMethodHandleAccessor.java:104)
  at java.base/java.lang.reflect.Method.invoke(Method.java:565)
  at org.junit.runners.model.FrameworkMethod$1.runReflectiveCall(FrameworkMethod.java:59)
  at org.junit.internal.runners.model.ReflectiveCallable.run(ReflectiveCallable.java:12)
  at org.junit.runners.model.FrameworkMethod.invokeExplosively(FrameworkMethod.java:56)
  at org.junit.internal.runners.statements.InvokeMethod.evaluate(InvokeMethod.java:17)
  at org.junit.runners.ParentRunner$3.evaluate(ParentRunner.java:306)
  at org.junit.runners.BlockJUnit4ClassRunner$1.evaluate(BlockJUnit4ClassRunner.java:100)
  at org.junit.runners.ParentRunner.runLeaf(ParentRunner.java:366)
  at org.junit.runners.BlockJUnit4ClassRunner.runChild(BlockJUnit4ClassRunner.java:103)
  at org.junit.runners.BlockJUnit4ClassRunner.runChild(BlockJUnit4ClassRunner.java:63)
  at org.junit.runners.ParentRunner$4.run(ParentRunner.java:331)
  at org.junit.runners.ParentRunner$1.schedule(ParentRunner.java:79)
  at org.junit.runners.ParentRunner.runChildren(ParentRunner.java:329)
  at org.junit.runners.ParentRunner.access$100(ParentRunner.java:66)
  at org.junit.runners.ParentRunner$2.evaluate(ParentRunner.java:293)
  at org.junit.runners.ParentRunner$3.evaluate(ParentRunner.java:306)
  at org.junit.runners.ParentRunner.run(ParentRunner.java:413)
  at org.junit.runner.JUnitCore.run(JUnitCore.java:137)
  at org.junit.runner.JUnitCore.run(JUnitCore.java:115)
  at org.gradle.api.internal.tasks.testing.junit.JUnitTestExecutor.runRequest(JUnitTestExecutor.java:175)
  at org.gradle.api.internal.tasks.testing.junit.JUnitTestExecutor.accept(JUnitTestExecutor.java:84)
  at org.gradle.api.internal.tasks.testing.junit.JUnitTestExecutor.accept(JUnitTestExecutor.java:47)
  at org.gradle.api.internal.tasks.testing.junit.AbstractJUnitTestDefinitionProcessor.processTestDefinition(AbstractJUnitTestDefinitionProcessor.java:65)
  at org.gradle.api.internal.tasks.testing.SuiteTestDefinitionProcessor.processTestDefinition(SuiteTestDefinitionProcessor.java:54)
  at java.base/jdk.internal.reflect.DirectMethodHandleAccessor.invoke(DirectMethodHandleAccessor.java:104)
  at java.base/java.lang.reflect.Method.invoke(Method.java:565)
  at org.gradle.internal.dispatch.MethodInvocation.invokeOn(MethodInvocation.java:77)
  at org.gradle.internal.dispatch.ReflectionDispatch.dispatch(ReflectionDispatch.java:28)
  at org.gradle.internal.dispatch.ReflectionDispatch.dispatch(ReflectionDispatch.java:19)
  at org.gradle.internal.dispatch.ContextClassLoaderDispatch.dispatch(ContextClassLoaderDispatch.java:33)
  at org.gradle.internal.dispatch.ProxyDispatchAdapter$DispatchingInvocationHandler.invoke(ProxyDispatchAdapter.java:88)
  at jdk.proxy1/jdk.proxy1.$Proxy4.processTestDefinition(Unknown Source)
  at org.gradle.api.internal.tasks.testing.worker.TestWorker$2.run(TestWorker.java:178)
  at org.gradle.api.internal.tasks.testing.worker.TestWorker.executeAndMaintainThreadName(TestWorker.java:126)
  at org.gradle.api.internal.tasks.testing.worker.TestWorker.execute(TestWorker.java:103)
  at org.gradle.api.internal.tasks.testing.worker.TestWorker.execute(TestWorker.java:63)
  at org.gradle.process.internal.worker.child.ActionExecutionWorker.execute(ActionExecutionWorker.java:56)
  at org.gradle.process.internal.worker.child.SystemApplicationClassLoaderWorker.call(SystemApplicationClassLoaderWorker.java:122)
  at org.gradle.process.internal.worker.child.SystemApplicationClassLoaderWorker.call(SystemApplicationClassLoaderWorker.java:72)
  at worker.org.gradle.process.internal.worker.GradleWorkerMain.run(GradleWorkerMain.java:69)
  at worker.org.gradle.process.internal.worker.GradleWorkerMain.main(GradleWorkerMain.java:74)
</stacktrace>
</test-failure>


TypeScriptCompilerTests_N[jvm] > nodeNextPackageSelfNameWithOutDirDeclDir_ts has expected errors matching nodeNextPackageSelfNameWithOutDirDeclDir_errors_txt[jvm] FAILED

<test-failure test="com.xemantic.typescript.compiler.TypeScriptCompilerTests_N.nonObjectUnionNestedExcessPropertyCheck_ts has expected errors matching nonObjectUnionNestedExcessPropertyCheck_errors_txt" platform="jvm">
<message>
Expected diagnostics from baseline typescript-repo/tests/baselines/reference/nonObjectUnionNestedExcessPropertyCheck.errors.txt but none produced
</message>
<stacktrace>
  at com.xemantic.typescript.compiler.TypeScriptTestSupportKt.errorsMatchBaseline(TypeScriptTestSupport.kt:125)
  at com.xemantic.typescript.compiler.TypeScriptCompilerTests_N.nonObjectUnionNestedExcessPropertyCheck_ts has expected errors matching nonObjectUnionNestedExcessPropertyCheck_errors_txt(TypeScriptCompilerTests_N.kt:2674)
  at java.base/jdk.internal.reflect.DirectMethodHandleAccessor.invoke(DirectMethodHandleAccessor.java:104)
  at java.base/java.lang.reflect.Method.invoke(Method.java:565)
  at org.junit.runners.model.FrameworkMethod$1.runReflectiveCall(FrameworkMethod.java:59)
  at org.junit.internal.runners.model.ReflectiveCallable.run(ReflectiveCallable.java:12)
  at org.junit.runners.model.FrameworkMethod.invokeExplosively(FrameworkMethod.java:56)
  at org.junit.internal.runners.statements.InvokeMethod.evaluate(InvokeMethod.java:17)
  at org.junit.runners.ParentRunner$3.evaluate(ParentRunner.java:306)
  at org.junit.runners.BlockJUnit4ClassRunner$1.evaluate(BlockJUnit4ClassRunner.java:100)
  at org.junit.runners.ParentRunner.runLeaf(ParentRunner.java:366)
  at org.junit.runners.BlockJUnit4ClassRunner.runChild(BlockJUnit4ClassRunner.java:103)
  at org.junit.runners.BlockJUnit4ClassRunner.runChild(BlockJUnit4ClassRunner.java:63)
  at org.junit.runners.ParentRunner$4.run(ParentRunner.java:331)
  at org.junit.runners.ParentRunner$1.schedule(ParentRunner.java:79)
  at org.junit.runners.ParentRunner.runChildren(ParentRunner.java:329)
  at org.junit.runners.ParentRunner.access$100(ParentRunner.java:66)
  at org.junit.runners.ParentRunner$2.evaluate(ParentRunner.java:293)
  at org.junit.runners.ParentRunner$3.evaluate(ParentRunner.java:306)
  at org.junit.runners.ParentRunner.run(ParentRunner.java:413)
  at org.junit.runner.JUnitCore.run(JUnitCore.java:137)
  at org.junit.runner.JUnitCore.run(JUnitCore.java:115)
  at org.gradle.api.internal.tasks.testing.junit.JUnitTestExecutor.runRequest(JUnitTestExecutor.java:175)
  at org.gradle.api.internal.tasks.testing.junit.JUnitTestExecutor.accept(JUnitTestExecutor.java:84)
  at org.gradle.api.internal.tasks.testing.junit.JUnitTestExecutor.accept(JUnitTestExecutor.java:47)
  at org.gradle.api.internal.tasks.testing.junit.AbstractJUnitTestDefinitionProcessor.processTestDefinition(AbstractJUnitTestDefinitionProcessor.java:65)
  at org.gradle.api.internal.tasks.testing.SuiteTestDefinitionProcessor.processTestDefinition(SuiteTestDefinitionProcessor.java:54)
  at java.base/jdk.internal.reflect.DirectMethodHandleAccessor.invoke(DirectMethodHandleAccessor.java:104)
  at java.base/java.lang.reflect.Method.invoke(Method.java:565)
  at org.gradle.internal.dispatch.MethodInvocation.invokeOn(MethodInvocation.java:77)
  at org.gradle.internal.dispatch.ReflectionDispatch.dispatch(ReflectionDispatch.java:28)
  at org.gradle.internal.dispatch.ReflectionDispatch.dispatch(ReflectionDispatch.java:19)
  at org.gradle.internal.dispatch.ContextClassLoaderDispatch.dispatch(ContextClassLoaderDispatch.java:33)
  at org.gradle.internal.dispatch.ProxyDispatchAdapter$DispatchingInvocationHandler.invoke(ProxyDispatchAdapter.java:88)
  at jdk.proxy1/jdk.proxy1.$Proxy4.processTestDefinition(Unknown Source)
  at org.gradle.api.internal.tasks.testing.worker.TestWorker$2.run(TestWorker.java:178)
  at org.gradle.api.internal.tasks.testing.worker.TestWorker.executeAndMaintainThreadName(TestWorker.java:126)
  at org.gradle.api.internal.tasks.testing.worker.TestWorker.execute(TestWorker.java:103)
  at org.gradle.api.internal.tasks.testing.worker.TestWorker.execute(TestWorker.java:63)
  at org.gradle.process.internal.worker.child.ActionExecutionWorker.execute(ActionExecutionWorker.java:56)
  at org.gradle.process.internal.worker.child.SystemApplicationClassLoaderWorker.call(SystemApplicationClassLoaderWorker.java:122)
  at org.gradle.process.internal.worker.child.SystemApplicationClassLoaderWorker.call(SystemApplicationClassLoaderWorker.java:72)
  at worker.org.gradle.process.internal.worker.GradleWorkerMain.run(GradleWorkerMain.java:69)
  at worker.org.gradle.process.internal.worker.GradleWorkerMain.main(GradleWorkerMain.java:74)
</stacktrace>
</test-failure>


TypeScriptCompilerTests_N[jvm] > nonObjectUnionNestedExcessPropertyCheck_ts has expected errors matching nonObjectUnionNestedExcessPropertyCheck_errors_txt[jvm] FAILED

<test-failure test="com.xemantic.typescript.compiler.TypeScriptCompilerTests_N.noCrashOnMixin_ts has expected errors matching noCrashOnMixin_errors_txt" platform="jvm">
<message>
Expected diagnostics from baseline typescript-repo/tests/baselines/reference/noCrashOnMixin.errors.txt but none produced
</message>
<stacktrace>
  at com.xemantic.typescript.compiler.TypeScriptTestSupportKt.errorsMatchBaseline(TypeScriptTestSupport.kt:125)
  at com.xemantic.typescript.compiler.TypeScriptCompilerTests_N.noCrashOnMixin_ts has expected errors matching noCrashOnMixin_errors_txt(TypeScriptCompilerTests_N.kt:1253)
  at java.base/jdk.internal.reflect.DirectMethodHandleAccessor.invoke(DirectMethodHandleAccessor.java:104)
  at java.base/java.lang.reflect.Method.invoke(Method.java:565)
  at org.junit.runners.model.FrameworkMethod$1.runReflectiveCall(FrameworkMethod.java:59)
  at org.junit.internal.runners.model.ReflectiveCallable.run(ReflectiveCallable.java:12)
  at org.junit.runners.model.FrameworkMethod.invokeExplosively(FrameworkMethod.java:56)
  at org.junit.internal.runners.statements.InvokeMethod.evaluate(InvokeMethod.java:17)
  at org.junit.runners.ParentRunner$3.evaluate(ParentRunner.java:306)
  at org.junit.runners.BlockJUnit4ClassRunner$1.evaluate(BlockJUnit4ClassRunner.java:100)
  at org.junit.runners.ParentRunner.runLeaf(ParentRunner.java:366)
  at org.junit.runners.BlockJUnit4ClassRunner.runChild(BlockJUnit4ClassRunner.java:103)
  at org.junit.runners.BlockJUnit4ClassRunner.runChild(BlockJUnit4ClassRunner.java:63)
  at org.junit.runners.ParentRunner$4.run(ParentRunner.java:331)
  at org.junit.runners.ParentRunner$1.schedule(ParentRunner.java:79)
  at org.junit.runners.ParentRunner.runChildren(ParentRunner.java:329)
  at org.junit.runners.ParentRunner.access$100(ParentRunner.java:66)
  at org.junit.runners.ParentRunner$2.evaluate(ParentRunner.java:293)
  at org.junit.runners.ParentRunner$3.evaluate(ParentRunner.java:306)
  at org.junit.runners.ParentRunner.run(ParentRunner.java:413)
  at org.junit.runner.JUnitCore.run(JUnitCore.java:137)
  at org.junit.runner.JUnitCore.run(JUnitCore.java:115)
  at org.gradle.api.internal.tasks.testing.junit.JUnitTestExecutor.runRequest(JUnitTestExecutor.java:175)
  at org.gradle.api.internal.tasks.testing.junit.JUnitTestExecutor.accept(JUnitTestExecutor.java:84)
  at org.gradle.api.internal.tasks.testing.junit.JUnitTestExecutor.accept(JUnitTestExecutor.java:47)
  at org.gradle.api.internal.tasks.testing.junit.AbstractJUnitTestDefinitionProcessor.processTestDefinition(AbstractJUnitTestDefinitionProcessor.java:65)
  at org.gradle.api.internal.tasks.testing.SuiteTestDefinitionProcessor.processTestDefinition(SuiteTestDefinitionProcessor.java:54)
  at java.base/jdk.internal.reflect.DirectMethodHandleAccessor.invoke(DirectMethodHandleAccessor.java:104)
  at java.base/java.lang.reflect.Method.invoke(Method.java:565)
  at org.gradle.internal.dispatch.MethodInvocation.invokeOn(MethodInvocation.java:77)
  at org.gradle.internal.dispatch.ReflectionDispatch.dispatch(ReflectionDispatch.java:28)
  at org.gradle.internal.dispatch.ReflectionDispatch.dispatch(ReflectionDispatch.java:19)
  at org.gradle.internal.dispatch.ContextClassLoaderDispatch.dispatch(ContextClassLoaderDispatch.java:33)
  at org.gradle.internal.dispatch.ProxyDispatchAdapter$DispatchingInvocationHandler.invoke(ProxyDispatchAdapter.java:88)
  at jdk.proxy1/jdk.proxy1.$Proxy4.processTestDefinition(Unknown Source)
  at org.gradle.api.internal.tasks.testing.worker.TestWorker$2.run(TestWorker.java:178)
  at org.gradle.api.internal.tasks.testing.worker.TestWorker.executeAndMaintainThreadName(TestWorker.java:126)
  at org.gradle.api.internal.tasks.testing.worker.TestWorker.execute(TestWorker.java:103)
  at org.gradle.api.internal.tasks.testing.worker.TestWorker.execute(TestWorker.java:63)
  at org.gradle.process.internal.worker.child.ActionExecutionWorker.execute(ActionExecutionWorker.java:56)
  at org.gradle.process.internal.worker.child.SystemApplicationClassLoaderWorker.call(SystemApplicationClassLoaderWorker.java:122)
  at org.gradle.process.internal.worker.child.SystemApplicationClassLoaderWorker.call(SystemApplicationClassLoaderWorker.java:72)
  at worker.org.gradle.process.internal.worker.GradleWorkerMain.run(GradleWorkerMain.java:69)
  at worker.org.gradle.process.internal.worker.GradleWorkerMain.main(GradleWorkerMain.java:74)
</stacktrace>
</test-failure>


TypeScriptCompilerTests_N[jvm] > noCrashOnMixin_ts has expected errors matching noCrashOnMixin_errors_txt[jvm] FAILED

<test-failure test="com.xemantic.typescript.compiler.TypeScriptCompilerTests_N.nativeToBoxedTypes_ts has expected errors matching nativeToBoxedTypes_errors_txt" platform="jvm">
<message>
--- expected
+++ actual
@@ -1,41 +1,21 @@
-nativeToBoxedTypes.ts(3,1): error TS2322: Type 'Number' is not assignable to type 'number'.
-  'number' is a primitive, but 'Number' is a wrapper object. Prefer using 'number' when possible.
-nativeToBoxedTypes.ts(7,1): error TS2322: Type 'String' is not assignable to type 'string'.
-  'string' is a primitive, but 'String' is a wrapper object. Prefer using 'string' when possible.
-nativeToBoxedTypes.ts(11,1): error TS2322: Type 'Boolean' is not assignable to type 'boolean'.
-  'boolean' is a primitive, but 'Boolean' is a wrapper object. Prefer using 'boolean' when possible.
-nativeToBoxedTypes.ts(15,1): error TS2322: Type 'Symbol' is not assignable to type 'symbol'.
-  'symbol' is a primitive, but 'Symbol' is a wrapper object. Prefer using 'symbol' when possible.
 nativeToBoxedTypes.ts(15,7): error TS2454: Variable 'Sym' is used before being assigned.
 
 
-==== nativeToBoxedTypes.ts (5 errors) ====
+==== nativeToBoxedTypes.ts (1 errors) ====
     var N = new Number();
     var n = 100;
     n = N;
-    ~
-!!! error TS2322: Type 'Number' is not assignable to type 'number'.
-!!! error TS2322:   'number' is a primitive, but 'Number' is a wrapper object. Prefer using 'number' when possible.
     
     var S = new String();
     var s = "foge";
     s = S;
-    ~
-!!! error TS2322: Type 'String' is not assignable to type 'string'.
-!!! error TS2322:   'string' is a primitive, but 'String' is a wrapper object. Prefer using 'string' when possible.
     
     var B = new Boolean();
     var b = true;
     b = B;
-    ~
-!!! error TS2322: Type 'Boolean' is not assignable to type 'boolean'.
-!!! error TS2322:   'boolean' is a primitive, but 'Boolean' is a wrapper object. Prefer using 'boolean' when possible.
     
     var sym: symbol; 
     var Sym: Symbol;
     sym = Sym;
-    ~~~
-!!! error TS2322: Type 'Symbol' is not assignable to type 'symbol'.
-!!! error TS2322:   'symbol' is a primitive, but 'Symbol' is a wrapper object. Prefer using 'symbol' when possible.
           ~~~
 !!! error TS2454: Variable 'Sym' is used before being assigned.

</message>
<stacktrace>
  at org.junit.Assert.fail(Assert.java:89)
  at kotlin.test.junit.JUnitAsserter.fail(JUnitSupport.kt:56)
  at kotlin.test.AssertionsKt__AssertionsKt.fail(Assertions.kt:563)
  at kotlin.test.AssertionsKt.fail(Unknown Source)
  at com.xemantic.kotlin.test.SameAsKt.sameAs(SameAs.kt:52)
  at com.xemantic.typescript.compiler.TypeScriptTestSupportKt.errorsMatchBaseline(TypeScriptTestSupport.kt:135)
  at com.xemantic.typescript.compiler.TypeScriptCompilerTests_N.nativeToBoxedTypes_ts has expected errors matching nativeToBoxedTypes_errors_txt(TypeScriptCompilerTests_N.kt:497)
  at java.base/jdk.internal.reflect.DirectMethodHandleAccessor.invoke(DirectMethodHandleAccessor.java:104)
  at java.base/java.lang.reflect.Method.invoke(Method.java:565)
  at org.junit.runners.model.FrameworkMethod$1.runReflectiveCall(FrameworkMethod.java:59)
  at org.junit.internal.runners.model.ReflectiveCallable.run(ReflectiveCallable.java:12)
  at org.junit.runners.model.FrameworkMethod.invokeExplosively(FrameworkMethod.java:56)
  at org.junit.internal.runners.statements.InvokeMethod.evaluate(InvokeMethod.java:17)
  at org.junit.runners.ParentRunner$3.evaluate(ParentRunner.java:306)
  at org.junit.runners.BlockJUnit4ClassRunner$1.evaluate(BlockJUnit4ClassRunner.java:100)
  at org.junit.runners.ParentRunner.runLeaf(ParentRunner.java:366)
  at org.junit.runners.BlockJUnit4ClassRunner.runChild(BlockJUnit4ClassRunner.java:103)
  at org.junit.runners.BlockJUnit4ClassRunner.runChild(BlockJUnit4ClassRunner.java:63)
  at org.junit.runners.ParentRunner$4.run(ParentRunner.java:331)
  at org.junit.runners.ParentRunner$1.schedule(ParentRunner.java:79)
  at org.junit.runners.ParentRunner.runChildren(ParentRunner.java:329)
  at org.junit.runners.ParentRunner.access$100(ParentRunner.java:66)
  at org.junit.runners.ParentRunner$2.evaluate(ParentRunner.java:293)
  at org.junit.runners.ParentRunner$3.evaluate(ParentRunner.java:306)
  at org.junit.runners.ParentRunner.run(ParentRunner.java:413)
  at org.junit.runner.JUnitCore.run(JUnitCore.java:137)
  at org.junit.runner.JUnitCore.run(JUnitCore.java:115)
  at org.gradle.api.internal.tasks.testing.junit.JUnitTestExecutor.runRequest(JUnitTestExecutor.java:175)
  at org.gradle.api.internal.tasks.testing.junit.JUnitTestExecutor.accept(JUnitTestExecutor.java:84)
  at org.gradle.api.internal.tasks.testing.junit.JUnitTestExecutor.accept(JUnitTestExecutor.java:47)
  at org.gradle.api.internal.tasks.testing.junit.AbstractJUnitTestDefinitionProcessor.processTestDefinition(AbstractJUnitTestDefinitionProcessor.java:65)
  at org.gradle.api.internal.tasks.testing.SuiteTestDefinitionProcessor.processTestDefinition(SuiteTestDefinitionProcessor.java:54)
  at java.base/jdk.internal.reflect.DirectMethodHandleAccessor.invoke(DirectMethodHandleAccessor.java:104)
  at java.base/java.lang.reflect.Method.invoke(Method.java:565)
  at org.gradle.internal.dispatch.MethodInvocation.invokeOn(MethodInvocation.java:77)
  at org.gradle.internal.dispatch.ReflectionDispatch.dispatch(ReflectionDispatch.java:28)
  at org.gradle.internal.dispatch.ReflectionDispatch.dispatch(ReflectionDispatch.java:19)
  at org.gradle.internal.dispatch.ContextClassLoaderDispatch.dispatch(ContextClassLoaderDispatch.java:33)
  at org.gradle.internal.dispatch.ProxyDispatchAdapter$DispatchingInvocationHandler.invoke(ProxyDispatchAdapter.java:88)
  at jdk.proxy1/jdk.proxy1.$Proxy4.processTestDefinition(Unknown Source)
  at org.gradle.api.internal.tasks.testing.worker.TestWorker$2.run(TestWorker.java:178)
  at org.gradle.api.internal.tasks.testing.worker.TestWorker.executeAndMaintainThreadName(TestWorker.java:126)
  at org.gradle.api.internal.tasks.testing.worker.TestWorker.execute(TestWorker.java:103)
  at org.gradle.api.internal.tasks.testing.worker.TestWorker.execute(TestWorker.java:63)
  at org.gradle.process.internal.worker.child.ActionExecutionWorker.execute(ActionExecutionWorker.java:56)
  at org.gradle.process.internal.worker.child.SystemApplicationClassLoaderWorker.call(SystemApplicationClassLoaderWorker.java:122)
  at org.gradle.process.internal.worker.child.SystemApplicationClassLoaderWorker.call(SystemApplicationClassLoaderWorker.java:72)
  at worker.org.gradle.process.internal.worker.GradleWorkerMain.run(GradleWorkerMain.java:69)
  at worker.org.gradle.process.internal.worker.GradleWorkerMain.main(GradleWorkerMain.java:74)
</stacktrace>
</test-failure>


TypeScriptCompilerTests_N[jvm] > nativeToBoxedTypes_ts has expected errors matching nativeToBoxedTypes_errors_txt[jvm] FAILED

<test-failure test="com.xemantic.typescript.compiler.TypeScriptCompilerTests_N.newExpressionWithCast_ts has expected errors matching newExpressionWithCast_errors_txt" platform="jvm">
<message>
Expected diagnostics from baseline typescript-repo/tests/baselines/reference/newExpressionWithCast.errors.txt but none produced
</message>
<stacktrace>
  at com.xemantic.typescript.compiler.TypeScriptTestSupportKt.errorsMatchBaseline(TypeScriptTestSupport.kt:125)
  at com.xemantic.typescript.compiler.TypeScriptCompilerTests_N.newExpressionWithCast_ts has expected errors matching newExpressionWithCast_errors_txt(TypeScriptCompilerTests_N.kt:959)
  at java.base/jdk.internal.reflect.DirectMethodHandleAccessor.invoke(DirectMethodHandleAccessor.java:104)
  at java.base/java.lang.reflect.Method.invoke(Method.java:565)
  at org.junit.runners.model.FrameworkMethod$1.runReflectiveCall(FrameworkMethod.java:59)
  at org.junit.internal.runners.model.ReflectiveCallable.run(ReflectiveCallable.java:12)
  at org.junit.runners.model.FrameworkMethod.invokeExplosively(FrameworkMethod.java:56)
  at org.junit.internal.runners.statements.InvokeMethod.evaluate(InvokeMethod.java:17)
  at org.junit.runners.ParentRunner$3.evaluate(ParentRunner.java:306)
  at org.junit.runners.BlockJUnit4ClassRunner$1.evaluate(BlockJUnit4ClassRunner.java:100)
  at org.junit.runners.ParentRunner.runLeaf(ParentRunner.java:366)
  at org.junit.runners.BlockJUnit4ClassRunner.runChild(BlockJUnit4ClassRunner.java:103)
  at org.junit.runners.BlockJUnit4ClassRunner.runChild(BlockJUnit4ClassRunner.java:63)
  at org.junit.runners.ParentRunner$4.run(ParentRunner.java:331)
  at org.junit.runners.ParentRunner$1.schedule(ParentRunner.java:79)
  at org.junit.runners.ParentRunner.runChildren(ParentRunner.java:329)
  at org.junit.runners.ParentRunner.access$100(ParentRunner.java:66)
  at org.junit.runners.ParentRunner$2.evaluate(ParentRunner.java:293)
  at org.junit.runners.ParentRunner$3.evaluate(ParentRunner.java:306)
  at org.junit.runners.ParentRunner.run(ParentRunner.java:413)
  at org.junit.runner.JUnitCore.run(JUnitCore.java:137)
  at org.junit.runner.JUnitCore.run(JUnitCore.java:115)
  at org.gradle.api.internal.tasks.testing.junit.JUnitTestExecutor.runRequest(JUnitTestExecutor.java:175)
  at org.gradle.api.internal.tasks.testing.junit.JUnitTestExecutor.accept(JUnitTestExecutor.java:84)
  at org.gradle.api.internal.tasks.testing.junit.JUnitTestExecutor.accept(JUnitTestExecutor.java:47)
  at org.gradle.api.internal.tasks.testing.junit.AbstractJUnitTestDefinitionProcessor.processTestDefinition(AbstractJUnitTestDefinitionProcessor.java:65)
  at org.gradle.api.internal.tasks.testing.SuiteTestDefinitionProcessor.processTestDefinition(SuiteTestDefinitionProcessor.java:54)
  at java.base/jdk.internal.reflect.DirectMethodHandleAccessor.invoke(DirectMethodHandleAccessor.java:104)
  at java.base/java.lang.reflect.Method.invoke(Method.java:565)
  at org.gradle.internal.dispatch.MethodInvocation.invokeOn(MethodInvocation.java:77)
  at org.gradle.internal.dispatch.ReflectionDispatch.dispatch(ReflectionDispatch.java:28)
  at org.gradle.internal.dispatch.ReflectionDispatch.dispatch(ReflectionDispatch.java:19)
  at org.gradle.internal.dispatch.ContextClassLoaderDispatch.dispatch(ContextClassLoaderDispatch.java:33)
  at org.gradle.internal.dispatch.ProxyDispatchAdapter$DispatchingInvocationHandler.invoke(ProxyDispatchAdapter.java:88)
  at jdk.proxy1/jdk.proxy1.$Proxy4.processTestDefinition(Unknown Source)
  at org.gradle.api.internal.tasks.testing.worker.TestWorker$2.run(TestWorker.java:178)
  at org.gradle.api.internal.tasks.testing.worker.TestWorker.executeAndMaintainThreadName(TestWorker.java:126)
  at org.gradle.api.internal.tasks.testing.worker.TestWorker.execute(TestWorker.java:103)
  at org.gradle.api.internal.tasks.testing.worker.TestWorker.execute(TestWorker.java:63)
  at org.gradle.process.internal.worker.child.ActionExecutionWorker.execute(ActionExecutionWorker.java:56)
  at org.gradle.process.internal.worker.child.SystemApplicationClassLoaderWorker.call(SystemApplicationClassLoaderWorker.java:122)
  at org.gradle.process.internal.worker.child.SystemApplicationClassLoaderWorker.call(SystemApplicationClassLoaderWorker.java:72)
  at worker.org.gradle.process.internal.worker.GradleWorkerMain.run(GradleWorkerMain.java:69)
  at worker.org.gradle.process.internal.worker.GradleWorkerMain.main(GradleWorkerMain.java:74)
</stacktrace>
</test-failure>


TypeScriptCompilerTests_N[jvm] > newExpressionWithCast_ts has expected errors matching newExpressionWithCast_errors_txt[jvm] FAILED

<test-failure test="com.xemantic.typescript.compiler.TypeScriptCompilerTests_N.nodeNextImportModeImplicitIndexResolution2_ts has expected errors matching nodeNextImportModeImplicitIndexResolution2_errors_txt" platform="jvm">
<message>
Expected diagnostics from baseline typescript-repo/tests/baselines/reference/nodeNextImportModeImplicitIndexResolution2.errors.txt but none produced
</message>
<stacktrace>
  at com.xemantic.typescript.compiler.TypeScriptTestSupportKt.errorsMatchBaseline(TypeScriptTestSupport.kt:125)
  at com.xemantic.typescript.compiler.TypeScriptCompilerTests_N.nodeNextImportModeImplicitIndexResolution2_ts has expected errors matching nodeNextImportModeImplicitIndexResolution2_errors_txt(TypeScriptCompilerTests_N.kt:2331)
  at java.base/jdk.internal.reflect.DirectMethodHandleAccessor.invoke(DirectMethodHandleAccessor.java:104)
  at java.base/java.lang.reflect.Method.invoke(Method.java:565)
  at org.junit.runners.model.FrameworkMethod$1.runReflectiveCall(FrameworkMethod.java:59)
  at org.junit.internal.runners.model.ReflectiveCallable.run(ReflectiveCallable.java:12)
  at org.junit.runners.model.FrameworkMethod.invokeExplosively(FrameworkMethod.java:56)
  at org.junit.internal.runners.statements.InvokeMethod.evaluate(InvokeMethod.java:17)
  at org.junit.runners.ParentRunner$3.evaluate(ParentRunner.java:306)
  at org.junit.runners.BlockJUnit4ClassRunner$1.evaluate(BlockJUnit4ClassRunner.java:100)
  at org.junit.runners.ParentRunner.runLeaf(ParentRunner.java:366)
  at org.junit.runners.BlockJUnit4ClassRunner.runChild(BlockJUnit4ClassRunner.java:103)
  at org.junit.runners.BlockJUnit4ClassRunner.runChild(BlockJUnit4ClassRunner.java:63)
  at org.junit.runners.ParentRunner$4.run(ParentRunner.java:331)
  at org.junit.runners.ParentRunner$1.schedule(ParentRunner.java:79)
  at org.junit.runners.ParentRunner.runChildren(ParentRunner.java:329)
  at org.junit.runners.ParentRunner.access$100(ParentRunner.java:66)
  at org.junit.runners.ParentRunner$2.evaluate(ParentRunner.java:293)
  at org.junit.runners.ParentRunner$3.evaluate(ParentRunner.java:306)
  at org.junit.runners.ParentRunner.run(ParentRunner.java:413)
  at org.junit.runner.JUnitCore.run(JUnitCore.java:137)
  at org.junit.runner.JUnitCore.run(JUnitCore.java:115)
  at org.gradle.api.internal.tasks.testing.junit.JUnitTestExecutor.runRequest(JUnitTestExecutor.java:175)
  at org.gradle.api.internal.tasks.testing.junit.JUnitTestExecutor.accept(JUnitTestExecutor.java:84)
  at org.gradle.api.internal.tasks.testing.junit.JUnitTestExecutor.accept(JUnitTestExecutor.java:47)
  at org.gradle.api.internal.tasks.testing.junit.AbstractJUnitTestDefinitionProcessor.processTestDefinition(AbstractJUnitTestDefinitionProcessor.java:65)
  at org.gradle.api.internal.tasks.testing.SuiteTestDefinitionProcessor.processTestDefinition(SuiteTestDefinitionProcessor.java:54)
  at java.base/jdk.internal.reflect.DirectMethodHandleAccessor.invoke(DirectMethodHandleAccessor.java:104)
  at java.base/java.lang.reflect.Method.invoke(Method.java:565)
  at org.gradle.internal.dispatch.MethodInvocation.invokeOn(MethodInvocation.java:77)
  at org.gradle.internal.dispatch.ReflectionDispatch.dispatch(ReflectionDispatch.java:28)
  at org.gradle.internal.dispatch.ReflectionDispatch.dispatch(ReflectionDispatch.java:19)
  at org.gradle.internal.dispatch.ContextClassLoaderDispatch.dispatch(ContextClassLoaderDispatch.java:33)
  at org.gradle.internal.dispatch.ProxyDispatchAdapter$DispatchingInvocationHandler.invoke(ProxyDispatchAdapter.java:88)
  at jdk.proxy1/jdk.proxy1.$Proxy4.processTestDefinition(Unknown Source)
  at org.gradle.api.internal.tasks.testing.worker.TestWorker$2.run(TestWorker.java:178)
  at org.gradle.api.internal.tasks.testing.worker.TestWorker.executeAndMaintainThreadName(TestWorker.java:126)
  at org.gradle.api.internal.tasks.testing.worker.TestWorker.execute(TestWorker.java:103)
  at org.gradle.api.internal.tasks.testing.worker.TestWorker.execute(TestWorker.java:63)
  at org.gradle.process.internal.worker.child.ActionExecutionWorker.execute(ActionExecutionWorker.java:56)
  at org.gradle.process.internal.worker.child.SystemApplicationClassLoaderWorker.call(SystemApplicationClassLoaderWorker.java:122)
  at org.gradle.process.internal.worker.child.SystemApplicationClassLoaderWorker.call(SystemApplicationClassLoaderWorker.java:72)
  at worker.org.gradle.process.internal.worker.GradleWorkerMain.run(GradleWorkerMain.java:69)
  at worker.org.gradle.process.internal.worker.GradleWorkerMain.main(GradleWorkerMain.java:74)
</stacktrace>
</test-failure>


TypeScriptCompilerTests_N[jvm] > nodeNextImportModeImplicitIndexResolution2_ts has expected errors matching nodeNextImportModeImplicitIndexResolution2_errors_txt[jvm] FAILED

<test-failure test="com.xemantic.typescript.compiler.TypeScriptCompilerTests_N.noImplicitAnyMissingGetAccessor_ts__target_es5__has expected errors matching baseline" platform="jvm">
<message>
--- expected
+++ actual
@@ -1,28 +1,16 @@
 error TS5107: Option 'target=ES5' is deprecated and will stop functioning in TypeScript 7.0. Specify compilerOption '"ignoreDeprecations": "6.0"' to silence this error.
-noImplicitAnyMissingGetAccessor.ts(3,25): error TS7032: Property 'message' implicitly has type 'any', because its set accessor lacks a parameter type annotation.
-noImplicitAnyMissingGetAccessor.ts(3,33): error TS7006: Parameter 'str' implicitly has an 'any' type.
-noImplicitAnyMissingGetAccessor.ts(8,16): error TS7032: Property 'message' implicitly has type 'any', because its set accessor lacks a parameter type annotation.
-noImplicitAnyMissingGetAccessor.ts(8,24): error TS7006: Parameter 'str' implicitly has an 'any' type.
 
 
 !!! error TS5107: Option 'target=ES5' is deprecated and will stop functioning in TypeScript 7.0. Specify compilerOption '"ignoreDeprecations": "6.0"' to silence this error.
-==== noImplicitAnyMissingGetAccessor.ts (4 errors) ====
+==== noImplicitAnyMissingGetAccessor.ts (0 errors) ====
     abstract class Parent
     {
         public abstract set message(str);
-                            ~~~~~~~
-!!! error TS7032: Property 'message' implicitly has type 'any', because its set accessor lacks a parameter type annotation.
-                                    ~~~
-!!! error TS7006: Parameter 'str' implicitly has an 'any' type.
     }
     
     class Child extends Parent {
         _x: any;
         public set message(str) {
-                   ~~~~~~~
-!!! error TS7032: Property 'message' implicitly has type 'any', because its set accessor lacks a parameter type annotation.
-                           ~~~
-!!! error TS7006: Parameter 'str' implicitly has an 'any' type.
             this._x = str;
         }
     }

</message>
<stacktrace>
  at org.junit.Assert.fail(Assert.java:89)
  at kotlin.test.junit.JUnitAsserter.fail(JUnitSupport.kt:56)
  at kotlin.test.AssertionsKt__AssertionsKt.fail(Assertions.kt:563)
  at kotlin.test.AssertionsKt.fail(Unknown Source)
  at com.xemantic.kotlin.test.SameAsKt.sameAs(SameAs.kt:52)
  at com.xemantic.typescript.compiler.TypeScriptTestSupportKt.errorsMatchBaseline(TypeScriptTestSupport.kt:135)
  at com.xemantic.typescript.compiler.TypeScriptCompilerTests_N.noImplicitAnyMissingGetAccessor_ts__target_es5__has expected errors matching baseline(TypeScriptCompilerTests_N.kt:1610)
  at java.base/jdk.internal.reflect.DirectMethodHandleAccessor.invoke(DirectMethodHandleAccessor.java:104)
  at java.base/java.lang.reflect.Method.invoke(Method.java:565)
  at org.junit.runners.model.FrameworkMethod$1.runReflectiveCall(FrameworkMethod.java:59)
  at org.junit.internal.runners.model.ReflectiveCallable.run(ReflectiveCallable.java:12)
  at org.junit.runners.model.FrameworkMethod.invokeExplosively(FrameworkMethod.java:56)
  at org.junit.internal.runners.statements.InvokeMethod.evaluate(InvokeMethod.java:17)
  at org.junit.runners.ParentRunner$3.evaluate(ParentRunner.java:306)
  at org.junit.runners.BlockJUnit4ClassRunner$1.evaluate(BlockJUnit4ClassRunner.java:100)
  at org.junit.runners.ParentRunner.runLeaf(ParentRunner.java:366)
  at org.junit.runners.BlockJUnit4ClassRunner.runChild(BlockJUnit4ClassRunner.java:103)
  at org.junit.runners.BlockJUnit4ClassRunner.runChild(BlockJUnit4ClassRunner.java:63)
  at org.junit.runners.ParentRunner$4.run(ParentRunner.java:331)
  at org.junit.runners.ParentRunner$1.schedule(ParentRunner.java:79)
  at org.junit.runners.ParentRunner.runChildren(ParentRunner.java:329)
  at org.junit.runners.ParentRunner.access$100(ParentRunner.java:66)
  at org.junit.runners.ParentRunner$2.evaluate(ParentRunner.java:293)
  at org.junit.runners.ParentRunner$3.evaluate(ParentRunner.java:306)
  at org.junit.runners.ParentRunner.run(ParentRunner.java:413)
  at org.junit.runner.JUnitCore.run(JUnitCore.java:137)
  at org.junit.runner.JUnitCore.run(JUnitCore.java:115)
  at org.gradle.api.internal.tasks.testing.junit.JUnitTestExecutor.runRequest(JUnitTestExecutor.java:175)
  at org.gradle.api.internal.tasks.testing.junit.JUnitTestExecutor.accept(JUnitTestExecutor.java:84)
  at org.gradle.api.internal.tasks.testing.junit.JUnitTestExecutor.accept(JUnitTestExecutor.java:47)
  at org.gradle.api.internal.tasks.testing.junit.AbstractJUnitTestDefinitionProcessor.processTestDefinition(AbstractJUnitTestDefinitionProcessor.java:65)
  at org.gradle.api.internal.tasks.testing.SuiteTestDefinitionProcessor.processTestDefinition(SuiteTestDefinitionProcessor.java:54)
  at java.base/jdk.internal.reflect.DirectMethodHandleAccessor.invoke(DirectMethodHandleAccessor.java:104)
  at java.base/java.lang.reflect.Method.invoke(Method.java:565)
  at org.gradle.internal.dispatch.MethodInvocation.invokeOn(MethodInvocation.java:77)
  at org.gradle.internal.dispatch.ReflectionDispatch.dispatch(ReflectionDispatch.java:28)
  at org.gradle.internal.dispatch.ReflectionDispatch.dispatch(ReflectionDispatch.java:19)
  at org.gradle.internal.dispatch.ContextClassLoaderDispatch.dispatch(ContextClassLoaderDispatch.java:33)
  at org.gradle.internal.dispatch.ProxyDispatchAdapter$DispatchingInvocationHandler.invoke(ProxyDispatchAdapter.java:88)
  at jdk.proxy1/jdk.proxy1.$Proxy4.processTestDefinition(Unknown Source)
  at org.gradle.api.internal.tasks.testing.worker.TestWorker$2.run(TestWorker.java:178)
  at org.gradle.api.internal.tasks.testing.worker.TestWorker.executeAndMaintainThreadName(TestWorker.java:126)
  at org.gradle.api.internal.tasks.testing.worker.TestWorker.execute(TestWorker.java:103)
  at org.gradle.api.internal.tasks.testing.worker.TestWorker.execute(TestWorker.java:63)
  at org.gradle.process.internal.worker.child.ActionExecutionWorker.execute(ActionExecutionWorker.java:56)
  at org.gradle.process.internal.worker.child.SystemApplicationClassLoaderWorker.call(SystemApplicationClassLoaderWorker.java:122)
  at org.gradle.process.internal.worker.child.SystemApplicationClassLoaderWorker.call(SystemApplicationClassLoaderWorker.java:72)
  at worker.org.gradle.process.internal.worker.GradleWorkerMain.run(GradleWorkerMain.java:69)
  at worker.org.gradle.process.internal.worker.GradleWorkerMain.main(GradleWorkerMain.java:74)
</stacktrace>
</test-failure>


TypeScriptCompilerTests_N[jvm] > noImplicitAnyMissingGetAccessor_ts__target_es5__has expected errors matching baseline[jvm] FAILED

<test-failure test="com.xemantic.typescript.compiler.TypeScriptCompilerTests_N.nestedFreshLiteral_ts has expected errors matching nestedFreshLiteral_errors_txt" platform="jvm">
<message>
Expected diagnostics from baseline typescript-repo/tests/baselines/reference/nestedFreshLiteral.errors.txt but none produced
</message>
<stacktrace>
  at com.xemantic.typescript.compiler.TypeScriptTestSupportKt.errorsMatchBaseline(TypeScriptTestSupport.kt:125)
  at com.xemantic.typescript.compiler.TypeScriptCompilerTests_N.nestedFreshLiteral_ts has expected errors matching nestedFreshLiteral_errors_txt(TypeScriptCompilerTests_N.kt:665)
  at java.base/jdk.internal.reflect.DirectMethodHandleAccessor.invoke(DirectMethodHandleAccessor.java:104)
  at java.base/java.lang.reflect.Method.invoke(Method.java:565)
  at org.junit.runners.model.FrameworkMethod$1.runReflectiveCall(FrameworkMethod.java:59)
  at org.junit.internal.runners.model.ReflectiveCallable.run(ReflectiveCallable.java:12)
  at org.junit.runners.model.FrameworkMethod.invokeExplosively(FrameworkMethod.java:56)
  at org.junit.internal.runners.statements.InvokeMethod.evaluate(InvokeMethod.java:17)
  at org.junit.runners.ParentRunner$3.evaluate(ParentRunner.java:306)
  at org.junit.runners.BlockJUnit4ClassRunner$1.evaluate(BlockJUnit4ClassRunner.java:100)
  at org.junit.runners.ParentRunner.runLeaf(ParentRunner.java:366)
  at org.junit.runners.BlockJUnit4ClassRunner.runChild(BlockJUnit4ClassRunner.java:103)
  at org.junit.runners.BlockJUnit4ClassRunner.runChild(BlockJUnit4ClassRunner.java:63)
  at org.junit.runners.ParentRunner$4.run(ParentRunner.java:331)
  at org.junit.runners.ParentRunner$1.schedule(ParentRunner.java:79)
  at org.junit.runners.ParentRunner.runChildren(ParentRunner.java:329)
  at org.junit.runners.ParentRunner.access$100(ParentRunner.java:66)
  at org.junit.runners.ParentRunner$2.evaluate(ParentRunner.java:293)
  at org.junit.runners.ParentRunner$3.evaluate(ParentRunner.java:306)
  at org.junit.runners.ParentRunner.run(ParentRunner.java:413)
  at org.junit.runner.JUnitCore.run(JUnitCore.java:137)
  at org.junit.runner.JUnitCore.run(JUnitCore.java:115)
  at org.gradle.api.internal.tasks.testing.junit.JUnitTestExecutor.runRequest(JUnitTestExecutor.java:175)
  at org.gradle.api.internal.tasks.testing.junit.JUnitTestExecutor.accept(JUnitTestExecutor.java:84)
  at org.gradle.api.internal.tasks.testing.junit.JUnitTestExecutor.accept(JUnitTestExecutor.java:47)
  at org.gradle.api.internal.tasks.testing.junit.AbstractJUnitTestDefinitionProcessor.processTestDefinition(AbstractJUnitTestDefinitionProcessor.java:65)
  at org.gradle.api.internal.tasks.testing.SuiteTestDefinitionProcessor.processTestDefinition(SuiteTestDefinitionProcessor.java:54)
  at java.base/jdk.internal.reflect.DirectMethodHandleAccessor.invoke(DirectMethodHandleAccessor.java:104)
  at java.base/java.lang.reflect.Method.invoke(Method.java:565)
  at org.gradle.internal.dispatch.MethodInvocation.invokeOn(MethodInvocation.java:77)
  at org.gradle.internal.dispatch.ReflectionDispatch.dispatch(ReflectionDispatch.java:28)
  at org.gradle.internal.dispatch.ReflectionDispatch.dispatch(ReflectionDispatch.java:19)
  at org.gradle.internal.dispatch.ContextClassLoaderDispatch.dispatch(ContextClassLoaderDispatch.java:33)
  at org.gradle.internal.dispatch.ProxyDispatchAdapter$DispatchingInvocationHandler.invoke(ProxyDispatchAdapter.java:88)
  at jdk.proxy1/jdk.proxy1.$Proxy4.processTestDefinition(Unknown Source)
  at org.gradle.api.internal.tasks.testing.worker.TestWorker$2.run(TestWorker.java:178)
  at org.gradle.api.internal.tasks.testing.worker.TestWorker.executeAndMaintainThreadName(TestWorker.java:126)
  at org.gradle.api.internal.tasks.testing.worker.TestWorker.execute(TestWorker.java:103)
  at org.gradle.api.internal.tasks.testing.worker.TestWorker.execute(TestWorker.java:63)
  at org.gradle.process.internal.worker.child.ActionExecutionWorker.execute(ActionExecutionWorker.java:56)
  at org.gradle.process.internal.worker.child.SystemApplicationClassLoaderWorker.call(SystemApplicationClassLoaderWorker.java:122)
  at org.gradle.process.internal.worker.child.SystemApplicationClassLoaderWorker.call(SystemApplicationClassLoaderWorker.java:72)
  at worker.org.gradle.process.internal.worker.GradleWorkerMain.run(GradleWorkerMain.java:69)
  at worker.org.gradle.process.internal.worker.GradleWorkerMain.main(GradleWorkerMain.java:74)
</stacktrace>
</test-failure>


TypeScriptCompilerTests_N[jvm] > nestedFreshLiteral_ts has expected errors matching nestedFreshLiteral_errors_txt[jvm] FAILED

<test-failure test="com.xemantic.typescript.compiler.TypeScriptCompilerTests_N.nonExportedElementsOfMergedModules_ts has expected errors matching nonExportedElementsOfMergedModules_errors_txt" platform="jvm">
<message>
Expected diagnostics from baseline typescript-repo/tests/baselines/reference/nonExportedElementsOfMergedModules.errors.txt but none produced
</message>
<stacktrace>
  at com.xemantic.typescript.compiler.TypeScriptTestSupportKt.errorsMatchBaseline(TypeScriptTestSupport.kt:125)
  at com.xemantic.typescript.compiler.TypeScriptCompilerTests_N.nonExportedElementsOfMergedModules_ts has expected errors matching nonExportedElementsOfMergedModules_errors_txt(TypeScriptCompilerTests_N.kt:2527)
  at java.base/jdk.internal.reflect.DirectMethodHandleAccessor.invoke(DirectMethodHandleAccessor.java:104)
  at java.base/java.lang.reflect.Method.invoke(Method.java:565)
  at org.junit.runners.model.FrameworkMethod$1.runReflectiveCall(FrameworkMethod.java:59)
  at org.junit.internal.runners.model.ReflectiveCallable.run(ReflectiveCallable.java:12)
  at org.junit.runners.model.FrameworkMethod.invokeExplosively(FrameworkMethod.java:56)
  at org.junit.internal.runners.statements.InvokeMethod.evaluate(InvokeMethod.java:17)
  at org.junit.runners.ParentRunner$3.evaluate(ParentRunner.java:306)
  at org.junit.runners.BlockJUnit4ClassRunner$1.evaluate(BlockJUnit4ClassRunner.java:100)
  at org.junit.runners.ParentRunner.runLeaf(ParentRunner.java:366)
  at org.junit.runners.BlockJUnit4ClassRunner.runChild(BlockJUnit4ClassRunner.java:103)
  at org.junit.runners.BlockJUnit4ClassRunner.runChild(BlockJUnit4ClassRunner.java:63)
  at org.junit.runners.ParentRunner$4.run(ParentRunner.java:331)
  at org.junit.runners.ParentRunner$1.schedule(ParentRunner.java:79)
  at org.junit.runners.ParentRunner.runChildren(ParentRunner.java:329)
  at org.junit.runners.ParentRunner.access$100(ParentRunner.java:66)
  at org.junit.runners.ParentRunner$2.evaluate(ParentRunner.java:293)
  at org.junit.runners.ParentRunner$3.evaluate(ParentRunner.java:306)
  at org.junit.runners.ParentRunner.run(ParentRunner.java:413)
  at org.junit.runner.JUnitCore.run(JUnitCore.java:137)
  at org.junit.runner.JUnitCore.run(JUnitCore.java:115)
  at org.gradle.api.internal.tasks.testing.junit.JUnitTestExecutor.runRequest(JUnitTestExecutor.java:175)
  at org.gradle.api.internal.tasks.testing.junit.JUnitTestExecutor.accept(JUnitTestExecutor.java:84)
  at org.gradle.api.internal.tasks.testing.junit.JUnitTestExecutor.accept(JUnitTestExecutor.java:47)
  at org.gradle.api.internal.tasks.testing.junit.AbstractJUnitTestDefinitionProcessor.processTestDefinition(AbstractJUnitTestDefinitionProcessor.java:65)
  at org.gradle.api.internal.tasks.testing.SuiteTestDefinitionProcessor.processTestDefinition(SuiteTestDefinitionProcessor.java:54)
  at java.base/jdk.internal.reflect.DirectMethodHandleAccessor.invoke(DirectMethodHandleAccessor.java:104)
  at java.base/java.lang.reflect.Method.invoke(Method.java:565)
  at org.gradle.internal.dispatch.MethodInvocation.invokeOn(MethodInvocation.java:77)
  at org.gradle.internal.dispatch.ReflectionDispatch.dispatch(ReflectionDispatch.java:28)
  at org.gradle.internal.dispatch.ReflectionDispatch.dispatch(ReflectionDispatch.java:19)
  at org.gradle.internal.dispatch.ContextClassLoaderDispatch.dispatch(ContextClassLoaderDispatch.java:33)
  at org.gradle.internal.dispatch.ProxyDispatchAdapter$DispatchingInvocationHandler.invoke(ProxyDispatchAdapter.java:88)
  at jdk.proxy1/jdk.proxy1.$Proxy4.processTestDefinition(Unknown Source)
  at org.gradle.api.internal.tasks.testing.worker.TestWorker$2.run(TestWorker.java:178)
  at org.gradle.api.internal.tasks.testing.worker.TestWorker.executeAndMaintainThreadName(TestWorker.java:126)
  at org.gradle.api.internal.tasks.testing.worker.TestWorker.execute(TestWorker.java:103)
  at org.gradle.api.internal.tasks.testing.worker.TestWorker.execute(TestWorker.java:63)
  at org.gradle.process.internal.worker.child.ActionExecutionWorker.execute(ActionExecutionWorker.java:56)
  at org.gradle.process.internal.worker.child.SystemApplicationClassLoaderWorker.call(SystemApplicationClassLoaderWorker.java:122)
  at org.gradle.process.internal.worker.child.SystemApplicationClassLoaderWorker.call(SystemApplicationClassLoaderWorker.java:72)
  at worker.org.gradle.process.internal.worker.GradleWorkerMain.run(GradleWorkerMain.java:69)
  at worker.org.gradle.process.internal.worker.GradleWorkerMain.main(GradleWorkerMain.java:74)
</stacktrace>
</test-failure>


TypeScriptCompilerTests_N[jvm] > nonExportedElementsOfMergedModules_ts has expected errors matching nonExportedElementsOfMergedModules_errors_txt[jvm] FAILED

<test-failure test="com.xemantic.typescript.compiler.TypeScriptCompilerTests_N.nonexistentPropertyUnavailableOnPromisedType_ts has expected errors matching nonexistentPropertyUnavailableOnPromisedType_errors_txt" platform="jvm">
<message>
Expected diagnostics from baseline typescript-repo/tests/baselines/reference/nonexistentPropertyUnavailableOnPromisedType.errors.txt but none produced
</message>
<stacktrace>
  at com.xemantic.typescript.compiler.TypeScriptTestSupportKt.errorsMatchBaseline(TypeScriptTestSupport.kt:125)
  at com.xemantic.typescript.compiler.TypeScriptCompilerTests_N.nonexistentPropertyUnavailableOnPromisedType_ts has expected errors matching nonexistentPropertyUnavailableOnPromisedType_errors_txt(TypeScriptCompilerTests_N.kt:2709)
  at java.base/jdk.internal.reflect.DirectMethodHandleAccessor.invoke(DirectMethodHandleAccessor.java:104)
  at java.base/java.lang.reflect.Method.invoke(Method.java:565)
  at org.junit.runners.model.FrameworkMethod$1.runReflectiveCall(FrameworkMethod.java:59)
  at org.junit.internal.runners.model.ReflectiveCallable.run(ReflectiveCallable.java:12)
  at org.junit.runners.model.FrameworkMethod.invokeExplosively(FrameworkMethod.java:56)
  at org.junit.internal.runners.statements.InvokeMethod.evaluate(InvokeMethod.java:17)
  at org.junit.runners.ParentRunner$3.evaluate(ParentRunner.java:306)
  at org.junit.runners.BlockJUnit4ClassRunner$1.evaluate(BlockJUnit4ClassRunner.java:100)
  at org.junit.runners.ParentRunner.runLeaf(ParentRunner.java:366)
  at org.junit.runners.BlockJUnit4ClassRunner.runChild(BlockJUnit4ClassRunner.java:103)
  at org.junit.runners.BlockJUnit4ClassRunner.runChild(BlockJUnit4ClassRunner.java:63)
  at org.junit.runners.ParentRunner$4.run(ParentRunner.java:331)
  at org.junit.runners.ParentRunner$1.schedule(ParentRunner.java:79)
  at org.junit.runners.ParentRunner.runChildren(ParentRunner.java:329)
  at org.junit.runners.ParentRunner.access$100(ParentRunner.java:66)
  at org.junit.runners.ParentRunner$2.evaluate(ParentRunner.java:293)
  at org.junit.runners.ParentRunner$3.evaluate(ParentRunner.java:306)
  at org.junit.runners.ParentRunner.run(ParentRunner.java:413)
  at org.junit.runner.JUnitCore.run(JUnitCore.java:137)
  at org.junit.runner.JUnitCore.run(JUnitCore.java:115)
  at org.gradle.api.internal.tasks.testing.junit.JUnitTestExecutor.runRequest(JUnitTestExecutor.java:175)
  at org.gradle.api.internal.tasks.testing.junit.JUnitTestExecutor.accept(JUnitTestExecutor.java:84)
  at org.gradle.api.internal.tasks.testing.junit.JUnitTestExecutor.accept(JUnitTestExecutor.java:47)
  at org.gradle.api.internal.tasks.testing.junit.AbstractJUnitTestDefinitionProcessor.processTestDefinition(AbstractJUnitTestDefinitionProcessor.java:65)
  at org.gradle.api.internal.tasks.testing.SuiteTestDefinitionProcessor.processTestDefinition(SuiteTestDefinitionProcessor.java:54)
  at java.base/jdk.internal.reflect.DirectMethodHandleAccessor.invoke(DirectMethodHandleAccessor.java:104)
  at java.base/java.lang.reflect.Method.invoke(Method.java:565)
  at org.gradle.internal.dispatch.MethodInvocation.invokeOn(MethodInvocation.java:77)
  at org.gradle.internal.dispatch.ReflectionDispatch.dispatch(ReflectionDispatch.java:28)
  at org.gradle.internal.dispatch.ReflectionDispatch.dispatch(ReflectionDispatch.java:19)
  at org.gradle.internal.dispatch.ContextClassLoaderDispatch.dispatch(ContextClassLoaderDispatch.java:33)
  at org.gradle.internal.dispatch.ProxyDispatchAdapter$DispatchingInvocationHandler.invoke(ProxyDispatchAdapter.java:88)
  at jdk.proxy1/jdk.proxy1.$Proxy4.processTestDefinition(Unknown Source)
  at org.gradle.api.internal.tasks.testing.worker.TestWorker$2.run(TestWorker.java:178)
  at org.gradle.api.internal.tasks.testing.worker.TestWorker.executeAndMaintainThreadName(TestWorker.java:126)
  at org.gradle.api.internal.tasks.testing.worker.TestWorker.execute(TestWorker.java:103)
  at org.gradle.api.internal.tasks.testing.worker.TestWorker.execute(TestWorker.java:63)
  at org.gradle.process.internal.worker.child.ActionExecutionWorker.execute(ActionExecutionWorker.java:56)
  at org.gradle.process.internal.worker.child.SystemApplicationClassLoaderWorker.call(SystemApplicationClassLoaderWorker.java:122)
  at org.gradle.process.internal.worker.child.SystemApplicationClassLoaderWorker.call(SystemApplicationClassLoaderWorker.java:72)
  at worker.org.gradle.process.internal.worker.GradleWorkerMain.run(GradleWorkerMain.java:69)
  at worker.org.gradle.process.internal.worker.GradleWorkerMain.main(GradleWorkerMain.java:74)
</stacktrace>
</test-failure>


TypeScriptCompilerTests_N[jvm] > nonexistentPropertyUnavailableOnPromisedType_ts has expected errors matching nonexistentPropertyUnavailableOnPromisedType_errors_txt[jvm] FAILED

<test-failure test="com.xemantic.typescript.compiler.TypeScriptCompilerTests_N.nodeNextPackageSelfNameWithOutDir_ts has expected errors matching nodeNextPackageSelfNameWithOutDir_errors_txt" platform="jvm">
<message>
Expected diagnostics from baseline typescript-repo/tests/baselines/reference/nodeNextPackageSelfNameWithOutDir.errors.txt but none produced
</message>
<stacktrace>
  at com.xemantic.typescript.compiler.TypeScriptTestSupportKt.errorsMatchBaseline(TypeScriptTestSupport.kt:125)
  at com.xemantic.typescript.compiler.TypeScriptCompilerTests_N.nodeNextPackageSelfNameWithOutDir_ts has expected errors matching nodeNextPackageSelfNameWithOutDir_errors_txt(TypeScriptCompilerTests_N.kt:2380)
  at java.base/jdk.internal.reflect.DirectMethodHandleAccessor.invoke(DirectMethodHandleAccessor.java:104)
  at java.base/java.lang.reflect.Method.invoke(Method.java:565)
  at org.junit.runners.model.FrameworkMethod$1.runReflectiveCall(FrameworkMethod.java:59)
  at org.junit.internal.runners.model.ReflectiveCallable.run(ReflectiveCallable.java:12)
  at org.junit.runners.model.FrameworkMethod.invokeExplosively(FrameworkMethod.java:56)
  at org.junit.internal.runners.statements.InvokeMethod.evaluate(InvokeMethod.java:17)
  at org.junit.runners.ParentRunner$3.evaluate(ParentRunner.java:306)
  at org.junit.runners.BlockJUnit4ClassRunner$1.evaluate(BlockJUnit4ClassRunner.java:100)
  at org.junit.runners.ParentRunner.runLeaf(ParentRunner.java:366)
  at org.junit.runners.BlockJUnit4ClassRunner.runChild(BlockJUnit4ClassRunner.java:103)
  at org.junit.runners.BlockJUnit4ClassRunner.runChild(BlockJUnit4ClassRunner.java:63)
  at org.junit.runners.ParentRunner$4.run(ParentRunner.java:331)
  at org.junit.runners.ParentRunner$1.schedule(ParentRunner.java:79)
  at org.junit.runners.ParentRunner.runChildren(ParentRunner.java:329)
  at org.junit.runners.ParentRunner.access$100(ParentRunner.java:66)
  at org.junit.runners.ParentRunner$2.evaluate(ParentRunner.java:293)
  at org.junit.runners.ParentRunner$3.evaluate(ParentRunner.java:306)
  at org.junit.runners.ParentRunner.run(ParentRunner.java:413)
  at org.junit.runner.JUnitCore.run(JUnitCore.java:137)
  at org.junit.runner.JUnitCore.run(JUnitCore.java:115)
  at org.gradle.api.internal.tasks.testing.junit.JUnitTestExecutor.runRequest(JUnitTestExecutor.java:175)
  at org.gradle.api.internal.tasks.testing.junit.JUnitTestExecutor.accept(JUnitTestExecutor.java:84)
  at org.gradle.api.internal.tasks.testing.junit.JUnitTestExecutor.accept(JUnitTestExecutor.java:47)
  at org.gradle.api.internal.tasks.testing.junit.AbstractJUnitTestDefinitionProcessor.processTestDefinition(AbstractJUnitTestDefinitionProcessor.java:65)
  at org.gradle.api.internal.tasks.testing.SuiteTestDefinitionProcessor.processTestDefinition(SuiteTestDefinitionProcessor.java:54)
  at java.base/jdk.internal.reflect.DirectMethodHandleAccessor.invoke(DirectMethodHandleAccessor.java:104)
  at java.base/java.lang.reflect.Method.invoke(Method.java:565)
  at org.gradle.internal.dispatch.MethodInvocation.invokeOn(MethodInvocation.java:77)
  at org.gradle.internal.dispatch.ReflectionDispatch.dispatch(ReflectionDispatch.java:28)
  at org.gradle.internal.dispatch.ReflectionDispatch.dispatch(ReflectionDispatch.java:19)
  at org.gradle.internal.dispatch.ContextClassLoaderDispatch.dispatch(ContextClassLoaderDispatch.java:33)
  at org.gradle.internal.dispatch.ProxyDispatchAdapter$DispatchingInvocationHandler.invoke(ProxyDispatchAdapter.java:88)
  at jdk.proxy1/jdk.proxy1.$Proxy4.processTestDefinition(Unknown Source)
  at org.gradle.api.internal.tasks.testing.worker.TestWorker$2.run(TestWorker.java:178)
  at org.gradle.api.internal.tasks.testing.worker.TestWorker.executeAndMaintainThreadName(TestWorker.java:126)
  at org.gradle.api.internal.tasks.testing.worker.TestWorker.execute(TestWorker.java:103)
  at org.gradle.api.internal.tasks.testing.worker.TestWorker.execute(TestWorker.java:63)
  at org.gradle.process.internal.worker.child.ActionExecutionWorker.execute(ActionExecutionWorker.java:56)
  at org.gradle.process.internal.worker.child.SystemApplicationClassLoaderWorker.call(SystemApplicationClassLoaderWorker.java:122)
  at org.gradle.process.internal.worker.child.SystemApplicationClassLoaderWorker.call(SystemApplicationClassLoaderWorker.java:72)
  at worker.org.gradle.process.internal.worker.GradleWorkerMain.run(GradleWorkerMain.java:69)
  at worker.org.gradle.process.internal.worker.GradleWorkerMain.main(GradleWorkerMain.java:74)
</stacktrace>
</test-failure>


TypeScriptCompilerTests_N[jvm] > nodeNextPackageSelfNameWithOutDir_ts has expected errors matching nodeNextPackageSelfNameWithOutDir_errors_txt[jvm] FAILED

<test-failure test="com.xemantic.typescript.compiler.TypeScriptCompilerTests_N.numericIndexerConstraint_ts has expected errors matching numericIndexerConstraint_errors_txt" platform="jvm">
<message>
Expected diagnostics from baseline typescript-repo/tests/baselines/reference/numericIndexerConstraint.errors.txt but none produced
</message>
<stacktrace>
  at com.xemantic.typescript.compiler.TypeScriptTestSupportKt.errorsMatchBaseline(TypeScriptTestSupport.kt:125)
  at com.xemantic.typescript.compiler.TypeScriptCompilerTests_N.numericIndexerConstraint_ts has expected errors matching numericIndexerConstraint_errors_txt(TypeScriptCompilerTests_N.kt:2926)
  at java.base/jdk.internal.reflect.DirectMethodHandleAccessor.invoke(DirectMethodHandleAccessor.java:104)
  at java.base/java.lang.reflect.Method.invoke(Method.java:565)
  at org.junit.runners.model.FrameworkMethod$1.runReflectiveCall(FrameworkMethod.java:59)
  at org.junit.internal.runners.model.ReflectiveCallable.run(ReflectiveCallable.java:12)
  at org.junit.runners.model.FrameworkMethod.invokeExplosively(FrameworkMethod.java:56)
  at org.junit.internal.runners.statements.InvokeMethod.evaluate(InvokeMethod.java:17)
  at org.junit.runners.ParentRunner$3.evaluate(ParentRunner.java:306)
  at org.junit.runners.BlockJUnit4ClassRunner$1.evaluate(BlockJUnit4ClassRunner.java:100)
  at org.junit.runners.ParentRunner.runLeaf(ParentRunner.java:366)
  at org.junit.runners.BlockJUnit4ClassRunner.runChild(BlockJUnit4ClassRunner.java:103)
  at org.junit.runners.BlockJUnit4ClassRunner.runChild(BlockJUnit4ClassRunner.java:63)
  at org.junit.runners.ParentRunner$4.run(ParentRunner.java:331)
  at org.junit.runners.ParentRunner$1.schedule(ParentRunner.java:79)
  at org.junit.runners.ParentRunner.runChildren(ParentRunner.java:329)
  at org.junit.runners.ParentRunner.access$100(ParentRunner.java:66)
  at org.junit.runners.ParentRunner$2.evaluate(ParentRunner.java:293)
  at org.junit.runners.ParentRunner$3.evaluate(ParentRunner.java:306)
  at org.junit.runners.ParentRunner.run(ParentRunner.java:413)
  at org.junit.runner.JUnitCore.run(JUnitCore.java:137)
  at org.junit.runner.JUnitCore.run(JUnitCore.java:115)
  at org.gradle.api.internal.tasks.testing.junit.JUnitTestExecutor.runRequest(JUnitTestExecutor.java:175)
  at org.gradle.api.internal.tasks.testing.junit.JUnitTestExecutor.accept(JUnitTestExecutor.java:84)
  at org.gradle.api.internal.tasks.testing.junit.JUnitTestExecutor.accept(JUnitTestExecutor.java:47)
  at org.gradle.api.internal.tasks.testing.junit.AbstractJUnitTestDefinitionProcessor.processTestDefinition(AbstractJUnitTestDefinitionProcessor.java:65)
  at org.gradle.api.internal.tasks.testing.SuiteTestDefinitionProcessor.processTestDefinition(SuiteTestDefinitionProcessor.java:54)
  at java.base/jdk.internal.reflect.DirectMethodHandleAccessor.invoke(DirectMethodHandleAccessor.java:104)
  at java.base/java.lang.reflect.Method.invoke(Method.java:565)
  at org.gradle.internal.dispatch.MethodInvocation.invokeOn(MethodInvocation.java:77)
  at org.gradle.internal.dispatch.ReflectionDispatch.dispatch(ReflectionDispatch.java:28)
  at org.gradle.internal.dispatch.ReflectionDispatch.dispatch(ReflectionDispatch.java:19)
  at org.gradle.internal.dispatch.ContextClassLoaderDispatch.dispatch(ContextClassLoaderDispatch.java:33)
  at org.gradle.internal.dispatch.ProxyDispatchAdapter$DispatchingInvocationHandler.invoke(ProxyDispatchAdapter.java:88)
  at jdk.proxy1/jdk.proxy1.$Proxy4.processTestDefinition(Unknown Source)
  at org.gradle.api.internal.tasks.testing.worker.TestWorker$2.run(TestWorker.java:178)
  at org.gradle.api.internal.tasks.testing.worker.TestWorker.executeAndMaintainThreadName(TestWorker.java:126)
  at org.gradle.api.internal.tasks.testing.worker.TestWorker.execute(TestWorker.java:103)
  at org.gradle.api.internal.tasks.testing.worker.TestWorker.execute(TestWorker.java:63)
  at org.gradle.process.internal.worker.child.ActionExecutionWorker.execute(ActionExecutionWorker.java:56)
  at org.gradle.process.internal.worker.child.SystemApplicationClassLoaderWorker.call(SystemApplicationClassLoaderWorker.java:122)
  at org.gradle.process.internal.worker.child.SystemApplicationClassLoaderWorker.call(SystemApplicationClassLoaderWorker.java:72)
  at worker.org.gradle.process.internal.worker.GradleWorkerMain.run(GradleWorkerMain.java:69)
  at worker.org.gradle.process.internal.worker.GradleWorkerMain.main(GradleWorkerMain.java:74)
</stacktrace>
</test-failure>


TypeScriptCompilerTests_N[jvm] > numericIndexerConstraint_ts has expected errors matching numericIndexerConstraint_errors_txt[jvm] FAILED

<test-failure test="com.xemantic.typescript.compiler.TypeScriptCompilerTests_N.narrowingMutualSubtypes_ts has expected errors matching narrowingMutualSubtypes_errors_txt" platform="jvm">
<message>
Expected diagnostics from baseline typescript-repo/tests/baselines/reference/narrowingMutualSubtypes.errors.txt but none produced
</message>
<stacktrace>
  at com.xemantic.typescript.compiler.TypeScriptTestSupportKt.errorsMatchBaseline(TypeScriptTestSupport.kt:125)
  at com.xemantic.typescript.compiler.TypeScriptCompilerTests_N.narrowingMutualSubtypes_ts has expected errors matching narrowingMutualSubtypes_errors_txt(TypeScriptCompilerTests_N.kt:343)
  at java.base/jdk.internal.reflect.DirectMethodHandleAccessor.invoke(DirectMethodHandleAccessor.java:104)
  at java.base/java.lang.reflect.Method.invoke(Method.java:565)
  at org.junit.runners.model.FrameworkMethod$1.runReflectiveCall(FrameworkMethod.java:59)
  at org.junit.internal.runners.model.ReflectiveCallable.run(ReflectiveCallable.java:12)
  at org.junit.runners.model.FrameworkMethod.invokeExplosively(FrameworkMethod.java:56)
  at org.junit.internal.runners.statements.InvokeMethod.evaluate(InvokeMethod.java:17)
  at org.junit.runners.ParentRunner$3.evaluate(ParentRunner.java:306)
  at org.junit.runners.BlockJUnit4ClassRunner$1.evaluate(BlockJUnit4ClassRunner.java:100)
  at org.junit.runners.ParentRunner.runLeaf(ParentRunner.java:366)
  at org.junit.runners.BlockJUnit4ClassRunner.runChild(BlockJUnit4ClassRunner.java:103)
  at org.junit.runners.BlockJUnit4ClassRunner.runChild(BlockJUnit4ClassRunner.java:63)
  at org.junit.runners.ParentRunner$4.run(ParentRunner.java:331)
  at org.junit.runners.ParentRunner$1.schedule(ParentRunner.java:79)
  at org.junit.runners.ParentRunner.runChildren(ParentRunner.java:329)
  at org.junit.runners.ParentRunner.access$100(ParentRunner.java:66)
  at org.junit.runners.ParentRunner$2.evaluate(ParentRunner.java:293)
  at org.junit.runners.ParentRunner$3.evaluate(ParentRunner.java:306)
  at org.junit.runners.ParentRunner.run(ParentRunner.java:413)
  at org.junit.runner.JUnitCore.run(JUnitCore.java:137)
  at org.junit.runner.JUnitCore.run(JUnitCore.java:115)
  at org.gradle.api.internal.tasks.testing.junit.JUnitTestExecutor.runRequest(JUnitTestExecutor.java:175)
  at org.gradle.api.internal.tasks.testing.junit.JUnitTestExecutor.accept(JUnitTestExecutor.java:84)
  at org.gradle.api.internal.tasks.testing.junit.JUnitTestExecutor.accept(JUnitTestExecutor.java:47)
  at org.gradle.api.internal.tasks.testing.junit.AbstractJUnitTestDefinitionProcessor.processTestDefinition(AbstractJUnitTestDefinitionProcessor.java:65)
  at org.gradle.api.internal.tasks.testing.SuiteTestDefinitionProcessor.processTestDefinition(SuiteTestDefinitionProcessor.java:54)
  at java.base/jdk.internal.reflect.DirectMethodHandleAccessor.invoke(DirectMethodHandleAccessor.java:104)
  at java.base/java.lang.reflect.Method.invoke(Method.java:565)
  at org.gradle.internal.dispatch.MethodInvocation.invokeOn(MethodInvocation.java:77)
  at org.gradle.internal.dispatch.ReflectionDispatch.dispatch(ReflectionDispatch.java:28)
  at org.gradle.internal.dispatch.ReflectionDispatch.dispatch(ReflectionDispatch.java:19)
  at org.gradle.internal.dispatch.ContextClassLoaderDispatch.dispatch(ContextClassLoaderDispatch.java:33)
  at org.gradle.internal.dispatch.ProxyDispatchAdapter$DispatchingInvocationHandler.invoke(ProxyDispatchAdapter.java:88)
  at jdk.proxy1/jdk.proxy1.$Proxy4.processTestDefinition(Unknown Source)
  at org.gradle.api.internal.tasks.testing.worker.TestWorker$2.run(TestWorker.java:178)
  at org.gradle.api.internal.tasks.testing.worker.TestWorker.executeAndMaintainThreadName(TestWorker.java:126)
  at org.gradle.api.internal.tasks.testing.worker.TestWorker.execute(TestWorker.java:103)
  at org.gradle.api.internal.tasks.testing.worker.TestWorker.execute(TestWorker.java:63)
  at org.gradle.process.internal.worker.child.ActionExecutionWorker.execute(ActionExecutionWorker.java:56)
  at org.gradle.process.internal.worker.child.SystemApplicationClassLoaderWorker.call(SystemApplicationClassLoaderWorker.java:122)
  at org.gradle.process.internal.worker.child.SystemApplicationClassLoaderWorker.call(SystemApplicationClassLoaderWorker.java:72)
  at worker.org.gradle.process.internal.worker.GradleWorkerMain.run(GradleWorkerMain.java:69)
  at worker.org.gradle.process.internal.worker.GradleWorkerMain.main(GradleWorkerMain.java:74)
</stacktrace>
</test-failure>


TypeScriptCompilerTests_N[jvm] > narrowingMutualSubtypes_ts has expected errors matching narrowingMutualSubtypes_errors_txt[jvm] FAILED

<test-failure test="com.xemantic.typescript.compiler.TypeScriptCompilerTests_N.nodeNextPackageSelfNameWithOutDir_ts compiles to JavaScript matching nodeNextPackageSelfNameWithOutDir_js" platform="jvm">
<message>
--- expected
+++ actual
@@ -17,6 +17,42 @@
 
 
 //// [index.js]
-import * as me from "@this/package";
+"use strict";
+var __createBinding = (this && this.__createBinding) || (Object.create ? (function(o, m, k, k2) {
+    if (k2 === undefined) k2 = k;
+    var desc = Object.getOwnPropertyDescriptor(m, k);
+    if (!desc || ("get" in desc ? !m.__esModule : desc.writable || desc.configurable)) {
+      desc = { enumerable: true, get: function() { return m[k]; } };
+    }
+    Object.defineProperty(o, k2, desc);
+}) : (function(o, m, k, k2) {
+    if (k2 === undefined) k2 = k;
+    o[k2] = m[k];
+}));
+var __setModuleDefault = (this && this.__setModuleDefault) || (Object.create ? (function(o, v) {
+    Object.defineProperty(o, "default", { enumerable: true, value: v });
+}) : function(o, v) {
+    o["default"] = v;
+});
+var __importStar = (this && this.__importStar) || (function () {
+    var ownKeys = function(o) {
+        ownKeys = Object.getOwnPropertyNames || function (o) {
+            var ar = [];
+            for (var k in o) if (Object.prototype.hasOwnProperty.call(o, k)) ar[ar.length] = k;
+            return ar;
+        };
+        return ownKeys(o);
+    };
+    return function (mod) {
+        if (mod && mod.__esModule) return mod;
+        var result = {};
+        if (mod != null) for (var k = ownKeys(mod), i = 0; i < k.length; i++) if (k[i] !== "default") __createBinding(result, mod, k[i]);
+        __setModuleDefault(result, mod);
+        return result;
+    };
+})();
+Object.defineProperty(exports, "__esModule", { value: true });
+exports.thing = thing;
+const me = __importStar(require("@this/package"));
 me.thing();
-export function thing() { }
+function thing() { }

</message>
<stacktrace>
  at org.junit.Assert.fail(Assert.java:89)
  at kotlin.test.junit.JUnitAsserter.fail(JUnitSupport.kt:56)
  at kotlin.test.AssertionsKt__AssertionsKt.fail(Assertions.kt:563)
  at kotlin.test.AssertionsKt.fail(Unknown Source)
  at com.xemantic.kotlin.test.SameAsKt.sameAs(SameAs.kt:52)
  at com.xemantic.typescript.compiler.TypeScriptTestSupportKt.sameAs(TypeScriptTestSupport.kt:99)
  at com.xemantic.typescript.compiler.TypeScriptCompilerTests_N.nodeNextPackageSelfNameWithOutDir_ts compiles to JavaScript matching nodeNextPackageSelfNameWithOutDir_js(TypeScriptCompilerTests_N.kt:2373)
  at java.base/jdk.internal.reflect.DirectMethodHandleAccessor.invoke(DirectMethodHandleAccessor.java:104)
  at java.base/java.lang.reflect.Method.invoke(Method.java:565)
  at org.junit.runners.model.FrameworkMethod$1.runReflectiveCall(FrameworkMethod.java:59)
  at org.junit.internal.runners.model.ReflectiveCallable.run(ReflectiveCallable.java:12)
  at org.junit.runners.model.FrameworkMethod.invokeExplosively(FrameworkMethod.java:56)
  at org.junit.internal.runners.statements.InvokeMethod.evaluate(InvokeMethod.java:17)
  at org.junit.runners.ParentRunner$3.evaluate(ParentRunner.java:306)
  at org.junit.runners.BlockJUnit4ClassRunner$1.evaluate(BlockJUnit4ClassRunner.java:100)
  at org.junit.runners.ParentRunner.runLeaf(ParentRunner.java:366)
  at org.junit.runners.BlockJUnit4ClassRunner.runChild(BlockJUnit4ClassRunner.java:103)
  at org.junit.runners.BlockJUnit4ClassRunner.runChild(BlockJUnit4ClassRunner.java:63)
  at org.junit.runners.ParentRunner$4.run(ParentRunner.java:331)
  at org.junit.runners.ParentRunner$1.schedule(ParentRunner.java:79)
  at org.junit.runners.ParentRunner.runChildren(ParentRunner.java:329)
  at org.junit.runners.ParentRunner.access$100(ParentRunner.java:66)
  at org.junit.runners.ParentRunner$2.evaluate(ParentRunner.java:293)
  at org.junit.runners.ParentRunner$3.evaluate(ParentRunner.java:306)
  at org.junit.runners.ParentRunner.run(ParentRunner.java:413)
  at org.junit.runner.JUnitCore.run(JUnitCore.java:137)
  at org.junit.runner.JUnitCore.run(JUnitCore.java:115)
  at org.gradle.api.internal.tasks.testing.junit.JUnitTestExecutor.runRequest(JUnitTestExecutor.java:175)
  at org.gradle.api.internal.tasks.testing.junit.JUnitTestExecutor.accept(JUnitTestExecutor.java:84)
  at org.gradle.api.internal.tasks.testing.junit.JUnitTestExecutor.accept(JUnitTestExecutor.java:47)
  at org.gradle.api.internal.tasks.testing.junit.AbstractJUnitTestDefinitionProcessor.processTestDefinition(AbstractJUnitTestDefinitionProcessor.java:65)
  at org.gradle.api.internal.tasks.testing.SuiteTestDefinitionProcessor.processTestDefinition(SuiteTestDefinitionProcessor.java:54)
  at java.base/jdk.internal.reflect.DirectMethodHandleAccessor.invoke(DirectMethodHandleAccessor.java:104)
  at java.base/java.lang.reflect.Method.invoke(Method.java:565)
  at org.gradle.internal.dispatch.MethodInvocation.invokeOn(MethodInvocation.java:77)
  at org.gradle.internal.dispatch.ReflectionDispatch.dispatch(ReflectionDispatch.java:28)
  at org.gradle.internal.dispatch.ReflectionDispatch.dispatch(ReflectionDispatch.java:19)
  at org.gradle.internal.dispatch.ContextClassLoaderDispatch.dispatch(ContextClassLoaderDispatch.java:33)
  at org.gradle.internal.dispatch.ProxyDispatchAdapter$DispatchingInvocationHandler.invoke(ProxyDispatchAdapter.java:88)
  at jdk.proxy1/jdk.proxy1.$Proxy4.processTestDefinition(Unknown Source)
  at org.gradle.api.internal.tasks.testing.worker.TestWorker$2.run(TestWorker.java:178)
  at org.gradle.api.internal.tasks.testing.worker.TestWorker.executeAndMaintainThreadName(TestWorker.java:126)
  at org.gradle.api.internal.tasks.testing.worker.TestWorker.execute(TestWorker.java:103)
  at org.gradle.api.internal.tasks.testing.worker.TestWorker.execute(TestWorker.java:63)
  at org.gradle.process.internal.worker.child.ActionExecutionWorker.execute(ActionExecutionWorker.java:56)
  at org.gradle.process.internal.worker.child.SystemApplicationClassLoaderWorker.call(SystemApplicationClassLoaderWorker.java:122)
  at org.gradle.process.internal.worker.child.SystemApplicationClassLoaderWorker.call(SystemApplicationClassLoaderWorker.java:72)
  at worker.org.gradle.process.internal.worker.GradleWorkerMain.run(GradleWorkerMain.java:69)
  at worker.org.gradle.process.internal.worker.GradleWorkerMain.main(GradleWorkerMain.java:74)
</stacktrace>
</test-failure>


TypeScriptCompilerTests_N[jvm] > nodeNextPackageSelfNameWithOutDir_ts compiles to JavaScript matching nodeNextPackageSelfNameWithOutDir_js[jvm] FAILED

<test-failure test="com.xemantic.typescript.compiler.TypeScriptCompilerTests_N.newAbstractInstance_ts has expected errors matching newAbstractInstance_errors_txt" platform="jvm">
<message>
Expected diagnostics from baseline typescript-repo/tests/baselines/reference/newAbstractInstance.errors.txt but none produced
</message>
<stacktrace>
  at com.xemantic.typescript.compiler.TypeScriptTestSupportKt.errorsMatchBaseline(TypeScriptTestSupport.kt:125)
  at com.xemantic.typescript.compiler.TypeScriptCompilerTests_N.newAbstractInstance_ts has expected errors matching newAbstractInstance_errors_txt(TypeScriptCompilerTests_N.kt:917)
  at java.base/jdk.internal.reflect.DirectMethodHandleAccessor.invoke(DirectMethodHandleAccessor.java:104)
  at java.base/java.lang.reflect.Method.invoke(Method.java:565)
  at org.junit.runners.model.FrameworkMethod$1.runReflectiveCall(FrameworkMethod.java:59)
  at org.junit.internal.runners.model.ReflectiveCallable.run(ReflectiveCallable.java:12)
  at org.junit.runners.model.FrameworkMethod.invokeExplosively(FrameworkMethod.java:56)
  at org.junit.internal.runners.statements.InvokeMethod.evaluate(InvokeMethod.java:17)
  at org.junit.runners.ParentRunner$3.evaluate(ParentRunner.java:306)
  at org.junit.runners.BlockJUnit4ClassRunner$1.evaluate(BlockJUnit4ClassRunner.java:100)
  at org.junit.runners.ParentRunner.runLeaf(ParentRunner.java:366)
  at org.junit.runners.BlockJUnit4ClassRunner.runChild(BlockJUnit4ClassRunner.java:103)
  at org.junit.runners.BlockJUnit4ClassRunner.runChild(BlockJUnit4ClassRunner.java:63)
  at org.junit.runners.ParentRunner$4.run(ParentRunner.java:331)
  at org.junit.runners.ParentRunner$1.schedule(ParentRunner.java:79)
  at org.junit.runners.ParentRunner.runChildren(ParentRunner.java:329)
  at org.junit.runners.ParentRunner.access$100(ParentRunner.java:66)
  at org.junit.runners.ParentRunner$2.evaluate(ParentRunner.java:293)
  at org.junit.runners.ParentRunner$3.evaluate(ParentRunner.java:306)
  at org.junit.runners.ParentRunner.run(ParentRunner.java:413)
  at org.junit.runner.JUnitCore.run(JUnitCore.java:137)
  at org.junit.runner.JUnitCore.run(JUnitCore.java:115)
  at org.gradle.api.internal.tasks.testing.junit.JUnitTestExecutor.runRequest(JUnitTestExecutor.java:175)
  at org.gradle.api.internal.tasks.testing.junit.JUnitTestExecutor.accept(JUnitTestExecutor.java:84)
  at org.gradle.api.internal.tasks.testing.junit.JUnitTestExecutor.accept(JUnitTestExecutor.java:47)
  at org.gradle.api.internal.tasks.testing.junit.AbstractJUnitTestDefinitionProcessor.processTestDefinition(AbstractJUnitTestDefinitionProcessor.java:65)
  at org.gradle.api.internal.tasks.testing.SuiteTestDefinitionProcessor.processTestDefinition(SuiteTestDefinitionProcessor.java:54)
  at java.base/jdk.internal.reflect.DirectMethodHandleAccessor.invoke(DirectMethodHandleAccessor.java:104)
  at java.base/java.lang.reflect.Method.invoke(Method.java:565)
  at org.gradle.internal.dispatch.MethodInvocation.invokeOn(MethodInvocation.java:77)
  at org.gradle.internal.dispatch.ReflectionDispatch.dispatch(ReflectionDispatch.java:28)
  at org.gradle.internal.dispatch.ReflectionDispatch.dispatch(ReflectionDispatch.java:19)
  at org.gradle.internal.dispatch.ContextClassLoaderDispatch.dispatch(ContextClassLoaderDispatch.java:33)
  at org.gradle.internal.dispatch.ProxyDispatchAdapter$DispatchingInvocationHandler.invoke(ProxyDispatchAdapter.java:88)
  at jdk.proxy1/jdk.proxy1.$Proxy4.processTestDefinition(Unknown Source)
  at org.gradle.api.internal.tasks.testing.worker.TestWorker$2.run(TestWorker.java:178)
  at org.gradle.api.internal.tasks.testing.worker.TestWorker.executeAndMaintainThreadName(TestWorker.java:126)
  at org.gradle.api.internal.tasks.testing.worker.TestWorker.execute(TestWorker.java:103)
  at org.gradle.api.internal.tasks.testing.worker.TestWorker.execute(TestWorker.java:63)
  at org.gradle.process.internal.worker.child.ActionExecutionWorker.execute(ActionExecutionWorker.java:56)
  at org.gradle.process.internal.worker.child.SystemApplicationClassLoaderWorker.call(SystemApplicationClassLoaderWorker.java:122)
  at org.gradle.process.internal.worker.child.SystemApplicationClassLoaderWorker.call(SystemApplicationClassLoaderWorker.java:72)
  at worker.org.gradle.process.internal.worker.GradleWorkerMain.run(GradleWorkerMain.java:69)
  at worker.org.gradle.process.internal.worker.GradleWorkerMain.main(GradleWorkerMain.java:74)
</stacktrace>
</test-failure>


TypeScriptCompilerTests_N[jvm] > newAbstractInstance_ts has expected errors matching newAbstractInstance_errors_txt[jvm] FAILED

<test-failure test="com.xemantic.typescript.compiler.TypeScriptCompilerTests_N.nodeNextImportModeImplicitIndexResolution_ts compiles to JavaScript matching nodeNextImportModeImplicitIndexResolution_js" platform="jvm">
<message>
--- expected
+++ actual
@@ -25,4 +25,5 @@
 
 
 //// [index.js]
-export {};
+"use strict";
+Object.defineProperty(exports, "__esModule", { value: true });

</message>
<stacktrace>
  at org.junit.Assert.fail(Assert.java:89)
  at kotlin.test.junit.JUnitAsserter.fail(JUnitSupport.kt:56)
  at kotlin.test.AssertionsKt__AssertionsKt.fail(Assertions.kt:563)
  at kotlin.test.AssertionsKt.fail(Unknown Source)
  at com.xemantic.kotlin.test.SameAsKt.sameAs(SameAs.kt:52)
  at com.xemantic.typescript.compiler.TypeScriptTestSupportKt.sameAs(TypeScriptTestSupport.kt:99)
  at com.xemantic.typescript.compiler.TypeScriptCompilerTests_N.nodeNextImportModeImplicitIndexResolution_ts compiles to JavaScript matching nodeNextImportModeImplicitIndexResolution_js(TypeScriptCompilerTests_N.kt:2310)
  at java.base/jdk.internal.reflect.DirectMethodHandleAccessor.invoke(DirectMethodHandleAccessor.java:104)
  at java.base/java.lang.reflect.Method.invoke(Method.java:565)
  at org.junit.runners.model.FrameworkMethod$1.runReflectiveCall(FrameworkMethod.java:59)
  at org.junit.internal.runners.model.ReflectiveCallable.run(ReflectiveCallable.java:12)
  at org.junit.runners.model.FrameworkMethod.invokeExplosively(FrameworkMethod.java:56)
  at org.junit.internal.runners.statements.InvokeMethod.evaluate(InvokeMethod.java:17)
  at org.junit.runners.ParentRunner$3.evaluate(ParentRunner.java:306)
  at org.junit.runners.BlockJUnit4ClassRunner$1.evaluate(BlockJUnit4ClassRunner.java:100)
  at org.junit.runners.ParentRunner.runLeaf(ParentRunner.java:366)
  at org.junit.runners.BlockJUnit4ClassRunner.runChild(BlockJUnit4ClassRunner.java:103)
  at org.junit.runners.BlockJUnit4ClassRunner.runChild(BlockJUnit4ClassRunner.java:63)
  at org.junit.runners.ParentRunner$4.run(ParentRunner.java:331)
  at org.junit.runners.ParentRunner$1.schedule(ParentRunner.java:79)
  at org.junit.runners.ParentRunner.runChildren(ParentRunner.java:329)
  at org.junit.runners.ParentRunner.access$100(ParentRunner.java:66)
  at org.junit.runners.ParentRunner$2.evaluate(ParentRunner.java:293)
  at org.junit.runners.ParentRunner$3.evaluate(ParentRunner.java:306)
  at org.junit.runners.ParentRunner.run(ParentRunner.java:413)
  at org.junit.runner.JUnitCore.run(JUnitCore.java:137)
  at org.junit.runner.JUnitCore.run(JUnitCore.java:115)
  at org.gradle.api.internal.tasks.testing.junit.JUnitTestExecutor.runRequest(JUnitTestExecutor.java:175)
  at org.gradle.api.internal.tasks.testing.junit.JUnitTestExecutor.accept(JUnitTestExecutor.java:84)
  at org.gradle.api.internal.tasks.testing.junit.JUnitTestExecutor.accept(JUnitTestExecutor.java:47)
  at org.gradle.api.internal.tasks.testing.junit.AbstractJUnitTestDefinitionProcessor.processTestDefinition(AbstractJUnitTestDefinitionProcessor.java:65)
  at org.gradle.api.internal.tasks.testing.SuiteTestDefinitionProcessor.processTestDefinition(SuiteTestDefinitionProcessor.java:54)
  at java.base/jdk.internal.reflect.DirectMethodHandleAccessor.invoke(DirectMethodHandleAccessor.java:104)
  at java.base/java.lang.reflect.Method.invoke(Method.java:565)
  at org.gradle.internal.dispatch.MethodInvocation.invokeOn(MethodInvocation.java:77)
  at org.gradle.internal.dispatch.ReflectionDispatch.dispatch(ReflectionDispatch.java:28)
  at org.gradle.internal.dispatch.ReflectionDispatch.dispatch(ReflectionDispatch.java:19)
  at org.gradle.internal.dispatch.ContextClassLoaderDispatch.dispatch(ContextClassLoaderDispatch.java:33)
  at org.gradle.internal.dispatch.ProxyDispatchAdapter$DispatchingInvocationHandler.invoke(ProxyDispatchAdapter.java:88)
  at jdk.proxy1/jdk.proxy1.$Proxy4.processTestDefinition(Unknown Source)
  at org.gradle.api.internal.tasks.testing.worker.TestWorker$2.run(TestWorker.java:178)
  at org.gradle.api.internal.tasks.testing.worker.TestWorker.executeAndMaintainThreadName(TestWorker.java:126)
  at org.gradle.api.internal.tasks.testing.worker.TestWorker.execute(TestWorker.java:103)
  at org.gradle.api.internal.tasks.testing.worker.TestWorker.execute(TestWorker.java:63)
  at org.gradle.process.internal.worker.child.ActionExecutionWorker.execute(ActionExecutionWorker.java:56)
  at org.gradle.process.internal.worker.child.SystemApplicationClassLoaderWorker.call(SystemApplicationClassLoaderWorker.java:122)
  at org.gradle.process.internal.worker.child.SystemApplicationClassLoaderWorker.call(SystemApplicationClassLoaderWorker.java:72)
  at worker.org.gradle.process.internal.worker.GradleWorkerMain.run(GradleWorkerMain.java:69)
  at worker.org.gradle.process.internal.worker.GradleWorkerMain.main(GradleWorkerMain.java:74)
</stacktrace>
</test-failure>


TypeScriptCompilerTests_N[jvm] > nodeNextImportModeImplicitIndexResolution_ts compiles to JavaScript matching nodeNextImportModeImplicitIndexResolution_js[jvm] FAILED

<test-failure test="com.xemantic.typescript.compiler.TypeScriptCompilerTests_N.noParameterReassignmentIIFEAnnotated_ts has expected errors matching noParameterReassignmentIIFEAnnotated_errors_txt" platform="jvm">
<message>
--- expected
+++ actual
@@ -1,22 +1,14 @@
-index.js(3,28): error TS8029: JSDoc '@param' tag has name 'rest', but there is no parameter with that name. It would match 'arguments' if it had an array type.
-index.js(6,36): error TS2683: 'this' implicitly has type 'any' because it does not have a type annotation.
-index.js(6,42): error TS2345: Argument of type 'IArguments' is not assignable to parameter of type 'string[]'.
-  Type 'IArguments' is missing the following properties from type 'string[]': pop, push, concat, join, and 23 more.
+index.js(8,4): error TS2304: Cannot find name 'importScripts'.
 
 
-==== index.js (3 errors) ====
+==== index.js (1 errors) ====
     self.importScripts = (function (importScripts) {
         /**
          * @param {...unknown} rest
-                               ~~~~
-!!! error TS8029: JSDoc '@param' tag has name 'rest', but there is no parameter with that name. It would match 'arguments' if it had an array type.
          */
         return function () {
             return importScripts.apply(this, arguments);
-                                       ~~~~
-!!! error TS2683: 'this' implicitly has type 'any' because it does not have a type annotation.
-                                             ~~~~~~~~~
-!!! error TS2345: Argument of type 'IArguments' is not assignable to parameter of type 'string[]'.
-!!! error TS2345:   Type 'IArguments' is missing the following properties from type 'string[]': pop, push, concat, join, and 23 more.
         };
     })(importScripts);
+       ~~~~~~~~~~~~~
+!!! error TS2304: Cannot find name 'importScripts'.

</message>
<stacktrace>
  at org.junit.Assert.fail(Assert.java:89)
  at kotlin.test.junit.JUnitAsserter.fail(JUnitSupport.kt:56)
  at kotlin.test.AssertionsKt__AssertionsKt.fail(Assertions.kt:563)
  at kotlin.test.AssertionsKt.fail(Unknown Source)
  at com.xemantic.kotlin.test.SameAsKt.sameAs(SameAs.kt:52)
  at com.xemantic.typescript.compiler.TypeScriptTestSupportKt.errorsMatchBaseline(TypeScriptTestSupport.kt:135)
  at com.xemantic.typescript.compiler.TypeScriptCompilerTests_N.noParameterReassignmentIIFEAnnotated_ts has expected errors matching noParameterReassignmentIIFEAnnotated_errors_txt(TypeScriptCompilerTests_N.kt:2051)
  at java.base/jdk.internal.reflect.DirectMethodHandleAccessor.invoke(DirectMethodHandleAccessor.java:104)
  at java.base/java.lang.reflect.Method.invoke(Method.java:565)
  at org.junit.runners.model.FrameworkMethod$1.runReflectiveCall(FrameworkMethod.java:59)
  at org.junit.internal.runners.model.ReflectiveCallable.run(ReflectiveCallable.java:12)
  at org.junit.runners.model.FrameworkMethod.invokeExplosively(FrameworkMethod.java:56)
  at org.junit.internal.runners.statements.InvokeMethod.evaluate(InvokeMethod.java:17)
  at org.junit.runners.ParentRunner$3.evaluate(ParentRunner.java:306)
  at org.junit.runners.BlockJUnit4ClassRunner$1.evaluate(BlockJUnit4ClassRunner.java:100)
  at org.junit.runners.ParentRunner.runLeaf(ParentRunner.java:366)
  at org.junit.runners.BlockJUnit4ClassRunner.runChild(BlockJUnit4ClassRunner.java:103)
  at org.junit.runners.BlockJUnit4ClassRunner.runChild(BlockJUnit4ClassRunner.java:63)
  at org.junit.runners.ParentRunner$4.run(ParentRunner.java:331)
  at org.junit.runners.ParentRunner$1.schedule(ParentRunner.java:79)
  at org.junit.runners.ParentRunner.runChildren(ParentRunner.java:329)
  at org.junit.runners.ParentRunner.access$100(ParentRunner.java:66)
  at org.junit.runners.ParentRunner$2.evaluate(ParentRunner.java:293)
  at org.junit.runners.ParentRunner$3.evaluate(ParentRunner.java:306)
  at org.junit.runners.ParentRunner.run(ParentRunner.java:413)
  at org.junit.runner.JUnitCore.run(JUnitCore.java:137)
  at org.junit.runner.JUnitCore.run(JUnitCore.java:115)
  at org.gradle.api.internal.tasks.testing.junit.JUnitTestExecutor.runRequest(JUnitTestExecutor.java:175)
  at org.gradle.api.internal.tasks.testing.junit.JUnitTestExecutor.accept(JUnitTestExecutor.java:84)
  at org.gradle.api.internal.tasks.testing.junit.JUnitTestExecutor.accept(JUnitTestExecutor.java:47)
  at org.gradle.api.internal.tasks.testing.junit.AbstractJUnitTestDefinitionProcessor.processTestDefinition(AbstractJUnitTestDefinitionProcessor.java:65)
  at org.gradle.api.internal.tasks.testing.SuiteTestDefinitionProcessor.processTestDefinition(SuiteTestDefinitionProcessor.java:54)
  at java.base/jdk.internal.reflect.DirectMethodHandleAccessor.invoke(DirectMethodHandleAccessor.java:104)
  at java.base/java.lang.reflect.Method.invoke(Method.java:565)
  at org.gradle.internal.dispatch.MethodInvocation.invokeOn(MethodInvocation.java:77)
  at org.gradle.internal.dispatch.ReflectionDispatch.dispatch(ReflectionDispatch.java:28)
  at org.gradle.internal.dispatch.ReflectionDispatch.dispatch(ReflectionDispatch.java:19)
  at org.gradle.internal.dispatch.ContextClassLoaderDispatch.dispatch(ContextClassLoaderDispatch.java:33)
  at org.gradle.internal.dispatch.ProxyDispatchAdapter$DispatchingInvocationHandler.invoke(ProxyDispatchAdapter.java:88)
  at jdk.proxy1/jdk.proxy1.$Proxy4.processTestDefinition(Unknown Source)
  at org.gradle.api.internal.tasks.testing.worker.TestWorker$2.run(TestWorker.java:178)
  at org.gradle.api.internal.tasks.testing.worker.TestWorker.executeAndMaintainThreadName(TestWorker.java:126)
  at org.gradle.api.internal.tasks.testing.worker.TestWorker.execute(TestWorker.java:103)
  at org.gradle.api.internal.tasks.testing.worker.TestWorker.execute(TestWorker.java:63)
  at org.gradle.process.internal.worker.child.ActionExecutionWorker.execute(ActionExecutionWorker.java:56)
  at org.gradle.process.internal.worker.child.SystemApplicationClassLoaderWorker.call(SystemApplicationClassLoaderWorker.java:122)
  at org.gradle.process.internal.worker.child.SystemApplicationClassLoaderWorker.call(SystemApplicationClassLoaderWorker.java:72)
  at worker.org.gradle.process.internal.worker.GradleWorkerMain.run(GradleWorkerMain.java:69)
  at worker.org.gradle.process.internal.worker.GradleWorkerMain.main(GradleWorkerMain.java:74)
</stacktrace>
</test-failure>


TypeScriptCompilerTests_N[jvm] > noParameterReassignmentIIFEAnnotated_ts has expected errors matching noParameterReassignmentIIFEAnnotated_errors_txt[jvm] FAILED

<test-failure test="com.xemantic.typescript.compiler.TypeScriptCompilerTests_N.noImplicitAnyModule_ts has expected errors matching noImplicitAnyModule_errors_txt" platform="jvm">
<message>
--- expected
+++ actual
@@ -1,6 +1,6 @@
 noImplicitAnyModule.ts(4,9): error TS7013: Construct signature, which lacks return-type annotation, implicitly has an 'any' return type.
 noImplicitAnyModule.ts(9,18): error TS7006: Parameter 'x' implicitly has an 'any' type.
-noImplicitAnyModule.ts(10,16): error TS7010: 'g', which lacks return-type annotation, implicitly has an 'any' return type.
+noImplicitAnyModule.ts(13,19): error TS7006: Parameter 'x' implicitly has an 'any' type.
 noImplicitAnyModule.ts(17,14): error TS7010: 'f', which lacks return-type annotation, implicitly has an 'any' return type.
 
 
@@ -19,11 +19,11 @@
                      ~
 !!! error TS7006: Parameter 'x' implicitly has an 'any' type.
             public g(x: any);
-                   ~
-!!! error TS7010: 'g', which lacks return-type annotation, implicitly has an 'any' return type.
     
             // Should not return error at all.
             private h(x);
+                      ~
+!!! error TS7006: Parameter 'x' implicitly has an 'any' type.
         }
     
         // Should return error for implicit any on return type.

</message>
<stacktrace>
  at org.junit.Assert.fail(Assert.java:89)
  at kotlin.test.junit.JUnitAsserter.fail(JUnitSupport.kt:56)
  at kotlin.test.AssertionsKt__AssertionsKt.fail(Assertions.kt:563)
  at kotlin.test.AssertionsKt.fail(Unknown Source)
  at com.xemantic.kotlin.test.SameAsKt.sameAs(SameAs.kt:52)
  at com.xemantic.typescript.compiler.TypeScriptTestSupportKt.errorsMatchBaseline(TypeScriptTestSupport.kt:135)
  at com.xemantic.typescript.compiler.TypeScriptCompilerTests_N.noImplicitAnyModule_ts has expected errors matching noImplicitAnyModule_errors_txt(TypeScriptCompilerTests_N.kt:1652)
  at java.base/jdk.internal.reflect.DirectMethodHandleAccessor.invoke(DirectMethodHandleAccessor.java:104)
  at java.base/java.lang.reflect.Method.invoke(Method.java:565)
  at org.junit.runners.model.FrameworkMethod$1.runReflectiveCall(FrameworkMethod.java:59)
  at org.junit.internal.runners.model.ReflectiveCallable.run(ReflectiveCallable.java:12)
  at org.junit.runners.model.FrameworkMethod.invokeExplosively(FrameworkMethod.java:56)
  at org.junit.internal.runners.statements.InvokeMethod.evaluate(InvokeMethod.java:17)
  at org.junit.runners.ParentRunner$3.evaluate(ParentRunner.java:306)
  at org.junit.runners.BlockJUnit4ClassRunner$1.evaluate(BlockJUnit4ClassRunner.java:100)
  at org.junit.runners.ParentRunner.runLeaf(ParentRunner.java:366)
  at org.junit.runners.BlockJUnit4ClassRunner.runChild(BlockJUnit4ClassRunner.java:103)
  at org.junit.runners.BlockJUnit4ClassRunner.runChild(BlockJUnit4ClassRunner.java:63)
  at org.junit.runners.ParentRunner$4.run(ParentRunner.java:331)
  at org.junit.runners.ParentRunner$1.schedule(ParentRunner.java:79)
  at org.junit.runners.ParentRunner.runChildren(ParentRunner.java:329)
  at org.junit.runners.ParentRunner.access$100(ParentRunner.java:66)
  at org.junit.runners.ParentRunner$2.evaluate(ParentRunner.java:293)
  at org.junit.runners.ParentRunner$3.evaluate(ParentRunner.java:306)
  at org.junit.runners.ParentRunner.run(ParentRunner.java:413)
  at org.junit.runner.JUnitCore.run(JUnitCore.java:137)
  at org.junit.runner.JUnitCore.run(JUnitCore.java:115)
  at org.gradle.api.internal.tasks.testing.junit.JUnitTestExecutor.runRequest(JUnitTestExecutor.java:175)
  at org.gradle.api.internal.tasks.testing.junit.JUnitTestExecutor.accept(JUnitTestExecutor.java:84)
  at org.gradle.api.internal.tasks.testing.junit.JUnitTestExecutor.accept(JUnitTestExecutor.java:47)
  at org.gradle.api.internal.tasks.testing.junit.AbstractJUnitTestDefinitionProcessor.processTestDefinition(AbstractJUnitTestDefinitionProcessor.java:65)
  at org.gradle.api.internal.tasks.testing.SuiteTestDefinitionProcessor.processTestDefinition(SuiteTestDefinitionProcessor.java:54)
  at java.base/jdk.internal.reflect.DirectMethodHandleAccessor.invoke(DirectMethodHandleAccessor.java:104)
  at java.base/java.lang.reflect.Method.invoke(Method.java:565)
  at org.gradle.internal.dispatch.MethodInvocation.invokeOn(MethodInvocation.java:77)
  at org.gradle.internal.dispatch.ReflectionDispatch.dispatch(ReflectionDispatch.java:28)
  at org.gradle.internal.dispatch.ReflectionDispatch.dispatch(ReflectionDispatch.java:19)
  at org.gradle.internal.dispatch.ContextClassLoaderDispatch.dispatch(ContextClassLoaderDispatch.java:33)
  at org.gradle.internal.dispatch.ProxyDispatchAdapter$DispatchingInvocationHandler.invoke(ProxyDispatchAdapter.java:88)
  at jdk.proxy1/jdk.proxy1.$Proxy4.processTestDefinition(Unknown Source)
  at org.gradle.api.internal.tasks.testing.worker.TestWorker$2.run(TestWorker.java:178)
  at org.gradle.api.internal.tasks.testing.worker.TestWorker.executeAndMaintainThreadName(TestWorker.java:126)
  at org.gradle.api.internal.tasks.testing.worker.TestWorker.execute(TestWorker.java:103)
  at org.gradle.api.internal.tasks.testing.worker.TestWorker.execute(TestWorker.java:63)
  at org.gradle.process.internal.worker.child.ActionExecutionWorker.execute(ActionExecutionWorker.java:56)
  at org.gradle.process.internal.worker.child.SystemApplicationClassLoaderWorker.call(SystemApplicationClassLoaderWorker.java:122)
  at org.gradle.process.internal.worker.child.SystemApplicationClassLoaderWorker.call(SystemApplicationClassLoaderWorker.java:72)
  at worker.org.gradle.process.internal.worker.GradleWorkerMain.run(GradleWorkerMain.java:69)
  at worker.org.gradle.process.internal.worker.GradleWorkerMain.main(GradleWorkerMain.java:74)
</stacktrace>
</test-failure>


TypeScriptCompilerTests_N[jvm] > noImplicitAnyModule_ts has expected errors matching noImplicitAnyModule_errors_txt[jvm] FAILED

<test-failure test="com.xemantic.typescript.compiler.TypeScriptCompilerTests_N.newAbstractInstance2_ts has expected errors matching newAbstractInstance2_errors_txt" platform="jvm">
<message>
Expected diagnostics from baseline typescript-repo/tests/baselines/reference/newAbstractInstance2.errors.txt but none produced
</message>
<stacktrace>
  at com.xemantic.typescript.compiler.TypeScriptTestSupportKt.errorsMatchBaseline(TypeScriptTestSupport.kt:125)
  at com.xemantic.typescript.compiler.TypeScriptCompilerTests_N.newAbstractInstance2_ts has expected errors matching newAbstractInstance2_errors_txt(TypeScriptCompilerTests_N.kt:931)
  at java.base/jdk.internal.reflect.DirectMethodHandleAccessor.invoke(DirectMethodHandleAccessor.java:104)
  at java.base/java.lang.reflect.Method.invoke(Method.java:565)
  at org.junit.runners.model.FrameworkMethod$1.runReflectiveCall(FrameworkMethod.java:59)
  at org.junit.internal.runners.model.ReflectiveCallable.run(ReflectiveCallable.java:12)
  at org.junit.runners.model.FrameworkMethod.invokeExplosively(FrameworkMethod.java:56)
  at org.junit.internal.runners.statements.InvokeMethod.evaluate(InvokeMethod.java:17)
  at org.junit.runners.ParentRunner$3.evaluate(ParentRunner.java:306)
  at org.junit.runners.BlockJUnit4ClassRunner$1.evaluate(BlockJUnit4ClassRunner.java:100)
  at org.junit.runners.ParentRunner.runLeaf(ParentRunner.java:366)
  at org.junit.runners.BlockJUnit4ClassRunner.runChild(BlockJUnit4ClassRunner.java:103)
  at org.junit.runners.BlockJUnit4ClassRunner.runChild(BlockJUnit4ClassRunner.java:63)
  at org.junit.runners.ParentRunner$4.run(ParentRunner.java:331)
  at org.junit.runners.ParentRunner$1.schedule(ParentRunner.java:79)
  at org.junit.runners.ParentRunner.runChildren(ParentRunner.java:329)
  at org.junit.runners.ParentRunner.access$100(ParentRunner.java:66)
  at org.junit.runners.ParentRunner$2.evaluate(ParentRunner.java:293)
  at org.junit.runners.ParentRunner$3.evaluate(ParentRunner.java:306)
  at org.junit.runners.ParentRunner.run(ParentRunner.java:413)
  at org.junit.runner.JUnitCore.run(JUnitCore.java:137)
  at org.junit.runner.JUnitCore.run(JUnitCore.java:115)
  at org.gradle.api.internal.tasks.testing.junit.JUnitTestExecutor.runRequest(JUnitTestExecutor.java:175)
  at org.gradle.api.internal.tasks.testing.junit.JUnitTestExecutor.accept(JUnitTestExecutor.java:84)
  at org.gradle.api.internal.tasks.testing.junit.JUnitTestExecutor.accept(JUnitTestExecutor.java:47)
  at org.gradle.api.internal.tasks.testing.junit.AbstractJUnitTestDefinitionProcessor.processTestDefinition(AbstractJUnitTestDefinitionProcessor.java:65)
  at org.gradle.api.internal.tasks.testing.SuiteTestDefinitionProcessor.processTestDefinition(SuiteTestDefinitionProcessor.java:54)
  at java.base/jdk.internal.reflect.DirectMethodHandleAccessor.invoke(DirectMethodHandleAccessor.java:104)
  at java.base/java.lang.reflect.Method.invoke(Method.java:565)
  at org.gradle.internal.dispatch.MethodInvocation.invokeOn(MethodInvocation.java:77)
  at org.gradle.internal.dispatch.ReflectionDispatch.dispatch(ReflectionDispatch.java:28)
  at org.gradle.internal.dispatch.ReflectionDispatch.dispatch(ReflectionDispatch.java:19)
  at org.gradle.internal.dispatch.ContextClassLoaderDispatch.dispatch(ContextClassLoaderDispatch.java:33)
  at org.gradle.internal.dispatch.ProxyDispatchAdapter$DispatchingInvocationHandler.invoke(ProxyDispatchAdapter.java:88)
  at jdk.proxy1/jdk.proxy1.$Proxy4.processTestDefinition(Unknown Source)
  at org.gradle.api.internal.tasks.testing.worker.TestWorker$2.run(TestWorker.java:178)
  at org.gradle.api.internal.tasks.testing.worker.TestWorker.executeAndMaintainThreadName(TestWorker.java:126)
  at org.gradle.api.internal.tasks.testing.worker.TestWorker.execute(TestWorker.java:103)
  at org.gradle.api.internal.tasks.testing.worker.TestWorker.execute(TestWorker.java:63)
  at org.gradle.process.internal.worker.child.ActionExecutionWorker.execute(ActionExecutionWorker.java:56)
  at org.gradle.process.internal.worker.child.SystemApplicationClassLoaderWorker.call(SystemApplicationClassLoaderWorker.java:122)
  at org.gradle.process.internal.worker.child.SystemApplicationClassLoaderWorker.call(SystemApplicationClassLoaderWorker.java:72)
  at worker.org.gradle.process.internal.worker.GradleWorkerMain.run(GradleWorkerMain.java:69)
  at worker.org.gradle.process.internal.worker.GradleWorkerMain.main(GradleWorkerMain.java:74)
</stacktrace>
</test-failure>


TypeScriptCompilerTests_N[jvm] > newAbstractInstance2_ts has expected errors matching newAbstractInstance2_errors_txt[jvm] FAILED

<test-failure test="com.xemantic.typescript.compiler.TypeScriptCompilerTests_N.noExcessiveStackDepthError_ts has expected errors matching noExcessiveStackDepthError_errors_txt" platform="jvm">
<message>
Expected diagnostics from baseline typescript-repo/tests/baselines/reference/noExcessiveStackDepthError.errors.txt but none produced
</message>
<stacktrace>
  at com.xemantic.typescript.compiler.TypeScriptTestSupportKt.errorsMatchBaseline(TypeScriptTestSupport.kt:125)
  at com.xemantic.typescript.compiler.TypeScriptCompilerTests_N.noExcessiveStackDepthError_ts has expected errors matching noExcessiveStackDepthError_errors_txt(TypeScriptCompilerTests_N.kt:1400)
  at java.base/jdk.internal.reflect.DirectMethodHandleAccessor.invoke(DirectMethodHandleAccessor.java:104)
  at java.base/java.lang.reflect.Method.invoke(Method.java:565)
  at org.junit.runners.model.FrameworkMethod$1.runReflectiveCall(FrameworkMethod.java:59)
  at org.junit.internal.runners.model.ReflectiveCallable.run(ReflectiveCallable.java:12)
  at org.junit.runners.model.FrameworkMethod.invokeExplosively(FrameworkMethod.java:56)
  at org.junit.internal.runners.statements.InvokeMethod.evaluate(InvokeMethod.java:17)
  at org.junit.runners.ParentRunner$3.evaluate(ParentRunner.java:306)
  at org.junit.runners.BlockJUnit4ClassRunner$1.evaluate(BlockJUnit4ClassRunner.java:100)
  at org.junit.runners.ParentRunner.runLeaf(ParentRunner.java:366)
  at org.junit.runners.BlockJUnit4ClassRunner.runChild(BlockJUnit4ClassRunner.java:103)
  at org.junit.runners.BlockJUnit4ClassRunner.runChild(BlockJUnit4ClassRunner.java:63)
  at org.junit.runners.ParentRunner$4.run(ParentRunner.java:331)
  at org.junit.runners.ParentRunner$1.schedule(ParentRunner.java:79)
  at org.junit.runners.ParentRunner.runChildren(ParentRunner.java:329)
  at org.junit.runners.ParentRunner.access$100(ParentRunner.java:66)
  at org.junit.runners.ParentRunner$2.evaluate(ParentRunner.java:293)
  at org.junit.runners.ParentRunner$3.evaluate(ParentRunner.java:306)
  at org.junit.runners.ParentRunner.run(ParentRunner.java:413)
  at org.junit.runner.JUnitCore.run(JUnitCore.java:137)
  at org.junit.runner.JUnitCore.run(JUnitCore.java:115)
  at org.gradle.api.internal.tasks.testing.junit.JUnitTestExecutor.runRequest(JUnitTestExecutor.java:175)
  at org.gradle.api.internal.tasks.testing.junit.JUnitTestExecutor.accept(JUnitTestExecutor.java:84)
  at org.gradle.api.internal.tasks.testing.junit.JUnitTestExecutor.accept(JUnitTestExecutor.java:47)
  at org.gradle.api.internal.tasks.testing.junit.AbstractJUnitTestDefinitionProcessor.processTestDefinition(AbstractJUnitTestDefinitionProcessor.java:65)
  at org.gradle.api.internal.tasks.testing.SuiteTestDefinitionProcessor.processTestDefinition(SuiteTestDefinitionProcessor.java:54)
  at java.base/jdk.internal.reflect.DirectMethodHandleAccessor.invoke(DirectMethodHandleAccessor.java:104)
  at java.base/java.lang.reflect.Method.invoke(Method.java:565)
  at org.gradle.internal.dispatch.MethodInvocation.invokeOn(MethodInvocation.java:77)
  at org.gradle.internal.dispatch.ReflectionDispatch.dispatch(ReflectionDispatch.java:28)
  at org.gradle.internal.dispatch.ReflectionDispatch.dispatch(ReflectionDispatch.java:19)
  at org.gradle.internal.dispatch.ContextClassLoaderDispatch.dispatch(ContextClassLoaderDispatch.java:33)
  at org.gradle.internal.dispatch.ProxyDispatchAdapter$DispatchingInvocationHandler.invoke(ProxyDispatchAdapter.java:88)
  at jdk.proxy1/jdk.proxy1.$Proxy4.processTestDefinition(Unknown Source)
  at org.gradle.api.internal.tasks.testing.worker.TestWorker$2.run(TestWorker.java:178)
  at org.gradle.api.internal.tasks.testing.worker.TestWorker.executeAndMaintainThreadName(TestWorker.java:126)
  at org.gradle.api.internal.tasks.testing.worker.TestWorker.execute(TestWorker.java:103)
  at org.gradle.api.internal.tasks.testing.worker.TestWorker.execute(TestWorker.java:63)
  at org.gradle.process.internal.worker.child.ActionExecutionWorker.execute(ActionExecutionWorker.java:56)
  at org.gradle.process.internal.worker.child.SystemApplicationClassLoaderWorker.call(SystemApplicationClassLoaderWorker.java:122)
  at org.gradle.process.internal.worker.child.SystemApplicationClassLoaderWorker.call(SystemApplicationClassLoaderWorker.java:72)
  at worker.org.gradle.process.internal.worker.GradleWorkerMain.run(GradleWorkerMain.java:69)
  at worker.org.gradle.process.internal.worker.GradleWorkerMain.main(GradleWorkerMain.java:74)
</stacktrace>
</test-failure>


TypeScriptCompilerTests_N[jvm] > noExcessiveStackDepthError_ts has expected errors matching noExcessiveStackDepthError_errors_txt[jvm] FAILED

<test-failure test="com.xemantic.typescript.compiler.TypeScriptCompilerTests_N.numberVsBigIntOperations_ts has expected errors matching numberVsBigIntOperations_errors_txt" platform="jvm">
<message>
Expected diagnostics from baseline typescript-repo/tests/baselines/reference/numberVsBigIntOperations.errors.txt but none produced
</message>
<stacktrace>
  at com.xemantic.typescript.compiler.TypeScriptTestSupportKt.errorsMatchBaseline(TypeScriptTestSupport.kt:125)
  at com.xemantic.typescript.compiler.TypeScriptCompilerTests_N.numberVsBigIntOperations_ts has expected errors matching numberVsBigIntOperations_errors_txt(TypeScriptCompilerTests_N.kt:2877)
  at java.base/jdk.internal.reflect.DirectMethodHandleAccessor.invoke(DirectMethodHandleAccessor.java:104)
  at java.base/java.lang.reflect.Method.invoke(Method.java:565)
  at org.junit.runners.model.FrameworkMethod$1.runReflectiveCall(FrameworkMethod.java:59)
  at org.junit.internal.runners.model.ReflectiveCallable.run(ReflectiveCallable.java:12)
  at org.junit.runners.model.FrameworkMethod.invokeExplosively(FrameworkMethod.java:56)
  at org.junit.internal.runners.statements.InvokeMethod.evaluate(InvokeMethod.java:17)
  at org.junit.runners.ParentRunner$3.evaluate(ParentRunner.java:306)
  at org.junit.runners.BlockJUnit4ClassRunner$1.evaluate(BlockJUnit4ClassRunner.java:100)
  at org.junit.runners.ParentRunner.runLeaf(ParentRunner.java:366)
  at org.junit.runners.BlockJUnit4ClassRunner.runChild(BlockJUnit4ClassRunner.java:103)
  at org.junit.runners.BlockJUnit4ClassRunner.runChild(BlockJUnit4ClassRunner.java:63)
  at org.junit.runners.ParentRunner$4.run(ParentRunner.java:331)
  at org.junit.runners.ParentRunner$1.schedule(ParentRunner.java:79)
  at org.junit.runners.ParentRunner.runChildren(ParentRunner.java:329)
  at org.junit.runners.ParentRunner.access$100(ParentRunner.java:66)
  at org.junit.runners.ParentRunner$2.evaluate(ParentRunner.java:293)
  at org.junit.runners.ParentRunner$3.evaluate(ParentRunner.java:306)
  at org.junit.runners.ParentRunner.run(ParentRunner.java:413)
  at org.junit.runner.JUnitCore.run(JUnitCore.java:137)
  at org.junit.runner.JUnitCore.run(JUnitCore.java:115)
  at org.gradle.api.internal.tasks.testing.junit.JUnitTestExecutor.runRequest(JUnitTestExecutor.java:175)
  at org.gradle.api.internal.tasks.testing.junit.JUnitTestExecutor.accept(JUnitTestExecutor.java:84)
  at org.gradle.api.internal.tasks.testing.junit.JUnitTestExecutor.accept(JUnitTestExecutor.java:47)
  at org.gradle.api.internal.tasks.testing.junit.AbstractJUnitTestDefinitionProcessor.processTestDefinition(AbstractJUnitTestDefinitionProcessor.java:65)
  at org.gradle.api.internal.tasks.testing.SuiteTestDefinitionProcessor.processTestDefinition(SuiteTestDefinitionProcessor.java:54)
  at java.base/jdk.internal.reflect.DirectMethodHandleAccessor.invoke(DirectMethodHandleAccessor.java:104)
  at java.base/java.lang.reflect.Method.invoke(Method.java:565)
  at org.gradle.internal.dispatch.MethodInvocation.invokeOn(MethodInvocation.java:77)
  at org.gradle.internal.dispatch.ReflectionDispatch.dispatch(ReflectionDispatch.java:28)
  at org.gradle.internal.dispatch.ReflectionDispatch.dispatch(ReflectionDispatch.java:19)
  at org.gradle.internal.dispatch.ContextClassLoaderDispatch.dispatch(ContextClassLoaderDispatch.java:33)
  at org.gradle.internal.dispatch.ProxyDispatchAdapter$DispatchingInvocationHandler.invoke(ProxyDispatchAdapter.java:88)
  at jdk.proxy1/jdk.proxy1.$Proxy4.processTestDefinition(Unknown Source)
  at org.gradle.api.internal.tasks.testing.worker.TestWorker$2.run(TestWorker.java:178)
  at org.gradle.api.internal.tasks.testing.worker.TestWorker.executeAndMaintainThreadName(TestWorker.java:126)
  at org.gradle.api.internal.tasks.testing.worker.TestWorker.execute(TestWorker.java:103)
  at org.gradle.api.internal.tasks.testing.worker.TestWorker.execute(TestWorker.java:63)
  at org.gradle.process.internal.worker.child.ActionExecutionWorker.execute(ActionExecutionWorker.java:56)
  at org.gradle.process.internal.worker.child.SystemApplicationClassLoaderWorker.call(SystemApplicationClassLoaderWorker.java:122)
  at org.gradle.process.internal.worker.child.SystemApplicationClassLoaderWorker.call(SystemApplicationClassLoaderWorker.java:72)
  at worker.org.gradle.process.internal.worker.GradleWorkerMain.run(GradleWorkerMain.java:69)
  at worker.org.gradle.process.internal.worker.GradleWorkerMain.main(GradleWorkerMain.java:74)
</stacktrace>
</test-failure>


TypeScriptCompilerTests_N[jvm] > numberVsBigIntOperations_ts has expected errors matching numberVsBigIntOperations_errors_txt[jvm] FAILED

<test-failure test="com.xemantic.typescript.compiler.TypeScriptCompilerTests_N.noCrashOnMixin2_ts has expected errors matching noCrashOnMixin2_errors_txt" platform="jvm">
<message>
Expected diagnostics from baseline typescript-repo/tests/baselines/reference/noCrashOnMixin2.errors.txt but none produced
</message>
<stacktrace>
  at com.xemantic.typescript.compiler.TypeScriptTestSupportKt.errorsMatchBaseline(TypeScriptTestSupport.kt:125)
  at com.xemantic.typescript.compiler.TypeScriptCompilerTests_N.noCrashOnMixin2_ts has expected errors matching noCrashOnMixin2_errors_txt(TypeScriptCompilerTests_N.kt:1260)
  at java.base/jdk.internal.reflect.DirectMethodHandleAccessor.invoke(DirectMethodHandleAccessor.java:104)
  at java.base/java.lang.reflect.Method.invoke(Method.java:565)
  at org.junit.runners.model.FrameworkMethod$1.runReflectiveCall(FrameworkMethod.java:59)
  at org.junit.internal.runners.model.ReflectiveCallable.run(ReflectiveCallable.java:12)
  at org.junit.runners.model.FrameworkMethod.invokeExplosively(FrameworkMethod.java:56)
  at org.junit.internal.runners.statements.InvokeMethod.evaluate(InvokeMethod.java:17)
  at org.junit.runners.ParentRunner$3.evaluate(ParentRunner.java:306)
  at org.junit.runners.BlockJUnit4ClassRunner$1.evaluate(BlockJUnit4ClassRunner.java:100)
  at org.junit.runners.ParentRunner.runLeaf(ParentRunner.java:366)
  at org.junit.runners.BlockJUnit4ClassRunner.runChild(BlockJUnit4ClassRunner.java:103)
  at org.junit.runners.BlockJUnit4ClassRunner.runChild(BlockJUnit4ClassRunner.java:63)
  at org.junit.runners.ParentRunner$4.run(ParentRunner.java:331)
  at org.junit.runners.ParentRunner$1.schedule(ParentRunner.java:79)
  at org.junit.runners.ParentRunner.runChildren(ParentRunner.java:329)
  at org.junit.runners.ParentRunner.access$100(ParentRunner.java:66)
  at org.junit.runners.ParentRunner$2.evaluate(ParentRunner.java:293)
  at org.junit.runners.ParentRunner$3.evaluate(ParentRunner.java:306)
  at org.junit.runners.ParentRunner.run(ParentRunner.java:413)
  at org.junit.runner.JUnitCore.run(JUnitCore.java:137)
  at org.junit.runner.JUnitCore.run(JUnitCore.java:115)
  at org.gradle.api.internal.tasks.testing.junit.JUnitTestExecutor.runRequest(JUnitTestExecutor.java:175)
  at org.gradle.api.internal.tasks.testing.junit.JUnitTestExecutor.accept(JUnitTestExecutor.java:84)
  at org.gradle.api.internal.tasks.testing.junit.JUnitTestExecutor.accept(JUnitTestExecutor.java:47)
  at org.gradle.api.internal.tasks.testing.junit.AbstractJUnitTestDefinitionProcessor.processTestDefinition(AbstractJUnitTestDefinitionProcessor.java:65)
  at org.gradle.api.internal.tasks.testing.SuiteTestDefinitionProcessor.processTestDefinition(SuiteTestDefinitionProcessor.java:54)
  at java.base/jdk.internal.reflect.DirectMethodHandleAccessor.invoke(DirectMethodHandleAccessor.java:104)
  at java.base/java.lang.reflect.Method.invoke(Method.java:565)
  at org.gradle.internal.dispatch.MethodInvocation.invokeOn(MethodInvocation.java:77)
  at org.gradle.internal.dispatch.ReflectionDispatch.dispatch(ReflectionDispatch.java:28)
  at org.gradle.internal.dispatch.ReflectionDispatch.dispatch(ReflectionDispatch.java:19)
  at org.gradle.internal.dispatch.ContextClassLoaderDispatch.dispatch(ContextClassLoaderDispatch.java:33)
  at org.gradle.internal.dispatch.ProxyDispatchAdapter$DispatchingInvocationHandler.invoke(ProxyDispatchAdapter.java:88)
  at jdk.proxy1/jdk.proxy1.$Proxy4.processTestDefinition(Unknown Source)
  at org.gradle.api.internal.tasks.testing.worker.TestWorker$2.run(TestWorker.java:178)
  at org.gradle.api.internal.tasks.testing.worker.TestWorker.executeAndMaintainThreadName(TestWorker.java:126)
  at org.gradle.api.internal.tasks.testing.worker.TestWorker.execute(TestWorker.java:103)
  at org.gradle.api.internal.tasks.testing.worker.TestWorker.execute(TestWorker.java:63)
  at org.gradle.process.internal.worker.child.ActionExecutionWorker.execute(ActionExecutionWorker.java:56)
  at org.gradle.process.internal.worker.child.SystemApplicationClassLoaderWorker.call(SystemApplicationClassLoaderWorker.java:122)
  at org.gradle.process.internal.worker.child.SystemApplicationClassLoaderWorker.call(SystemApplicationClassLoaderWorker.java:72)
  at worker.org.gradle.process.internal.worker.GradleWorkerMain.run(GradleWorkerMain.java:69)
  at worker.org.gradle.process.internal.worker.GradleWorkerMain.main(GradleWorkerMain.java:74)
</stacktrace>
</test-failure>


TypeScriptCompilerTests_N[jvm] > noCrashOnMixin2_ts has expected errors matching noCrashOnMixin2_errors_txt[jvm] FAILED

<test-failure test="com.xemantic.typescript.compiler.TypeScriptCompilerTests_N.noImplicitAnyUnionNormalizedObjectLiteral1_ts has expected errors matching noImplicitAnyUnionNormalizedObjectLiteral1_errors_txt" platform="jvm">
<message>
Expected diagnostics from baseline typescript-repo/tests/baselines/reference/noImplicitAnyUnionNormalizedObjectLiteral1.errors.txt but none produced
</message>
<stacktrace>
  at com.xemantic.typescript.compiler.TypeScriptTestSupportKt.errorsMatchBaseline(TypeScriptTestSupport.kt:125)
  at com.xemantic.typescript.compiler.TypeScriptCompilerTests_N.noImplicitAnyUnionNormalizedObjectLiteral1_ts has expected errors matching noImplicitAnyUnionNormalizedObjectLiteral1_errors_txt(TypeScriptCompilerTests_N.kt:1799)
  at java.base/jdk.internal.reflect.DirectMethodHandleAccessor.invoke(DirectMethodHandleAccessor.java:104)
  at java.base/java.lang.reflect.Method.invoke(Method.java:565)
  at org.junit.runners.model.FrameworkMethod$1.runReflectiveCall(FrameworkMethod.java:59)
  at org.junit.internal.runners.model.ReflectiveCallable.run(ReflectiveCallable.java:12)
  at org.junit.runners.model.FrameworkMethod.invokeExplosively(FrameworkMethod.java:56)
  at org.junit.internal.runners.statements.InvokeMethod.evaluate(InvokeMethod.java:17)
  at org.junit.runners.ParentRunner$3.evaluate(ParentRunner.java:306)
  at org.junit.runners.BlockJUnit4ClassRunner$1.evaluate(BlockJUnit4ClassRunner.java:100)
  at org.junit.runners.ParentRunner.runLeaf(ParentRunner.java:366)
  at org.junit.runners.BlockJUnit4ClassRunner.runChild(BlockJUnit4ClassRunner.java:103)
  at org.junit.runners.BlockJUnit4ClassRunner.runChild(BlockJUnit4ClassRunner.java:63)
  at org.junit.runners.ParentRunner$4.run(ParentRunner.java:331)
  at org.junit.runners.ParentRunner$1.schedule(ParentRunner.java:79)
  at org.junit.runners.ParentRunner.runChildren(ParentRunner.java:329)
  at org.junit.runners.ParentRunner.access$100(ParentRunner.java:66)
  at org.junit.runners.ParentRunner$2.evaluate(ParentRunner.java:293)
  at org.junit.runners.ParentRunner$3.evaluate(ParentRunner.java:306)
  at org.junit.runners.ParentRunner.run(ParentRunner.java:413)
  at org.junit.runner.JUnitCore.run(JUnitCore.java:137)
  at org.junit.runner.JUnitCore.run(JUnitCore.java:115)
  at org.gradle.api.internal.tasks.testing.junit.JUnitTestExecutor.runRequest(JUnitTestExecutor.java:175)
  at org.gradle.api.internal.tasks.testing.junit.JUnitTestExecutor.accept(JUnitTestExecutor.java:84)
  at org.gradle.api.internal.tasks.testing.junit.JUnitTestExecutor.accept(JUnitTestExecutor.java:47)
  at org.gradle.api.internal.tasks.testing.junit.AbstractJUnitTestDefinitionProcessor.processTestDefinition(AbstractJUnitTestDefinitionProcessor.java:65)
  at org.gradle.api.internal.tasks.testing.SuiteTestDefinitionProcessor.processTestDefinition(SuiteTestDefinitionProcessor.java:54)
  at java.base/jdk.internal.reflect.DirectMethodHandleAccessor.invoke(DirectMethodHandleAccessor.java:104)
  at java.base/java.lang.reflect.Method.invoke(Method.java:565)
  at org.gradle.internal.dispatch.MethodInvocation.invokeOn(MethodInvocation.java:77)
  at org.gradle.internal.dispatch.ReflectionDispatch.dispatch(ReflectionDispatch.java:28)
  at org.gradle.internal.dispatch.ReflectionDispatch.dispatch(ReflectionDispatch.java:19)
  at org.gradle.internal.dispatch.ContextClassLoaderDispatch.dispatch(ContextClassLoaderDispatch.java:33)
  at org.gradle.internal.dispatch.ProxyDispatchAdapter$DispatchingInvocationHandler.invoke(ProxyDispatchAdapter.java:88)
  at jdk.proxy1/jdk.proxy1.$Proxy4.processTestDefinition(Unknown Source)
  at org.gradle.api.internal.tasks.testing.worker.TestWorker$2.run(TestWorker.java:178)
  at org.gradle.api.internal.tasks.testing.worker.TestWorker.executeAndMaintainThreadName(TestWorker.java:126)
  at org.gradle.api.internal.tasks.testing.worker.TestWorker.execute(TestWorker.java:103)
  at org.gradle.api.internal.tasks.testing.worker.TestWorker.execute(TestWorker.java:63)
  at org.gradle.process.internal.worker.child.ActionExecutionWorker.execute(ActionExecutionWorker.java:56)
  at org.gradle.process.internal.worker.child.SystemApplicationClassLoaderWorker.call(SystemApplicationClassLoaderWorker.java:122)
  at org.gradle.process.internal.worker.child.SystemApplicationClassLoaderWorker.call(SystemApplicationClassLoaderWorker.java:72)
  at worker.org.gradle.process.internal.worker.GradleWorkerMain.run(GradleWorkerMain.java:69)
  at worker.org.gradle.process.internal.worker.GradleWorkerMain.main(GradleWorkerMain.java:74)
</stacktrace>
</test-failure>


TypeScriptCompilerTests_N[jvm] > noImplicitAnyUnionNormalizedObjectLiteral1_ts has expected errors matching noImplicitAnyUnionNormalizedObjectLiteral1_errors_txt[jvm] FAILED

<test-failure test="com.xemantic.typescript.compiler.TypeScriptCompilerTests_N.noImplicitAnyIndexingSuppressed_ts has expected errors matching noImplicitAnyIndexingSuppressed_errors_txt" platform="jvm">
<message>
--- expected
+++ actual
@@ -1,12 +1,8 @@
 error TS5102: Option 'suppressImplicitAnyIndexErrors' has been removed. Please remove it from your configuration.
-noImplicitAnyIndexingSuppressed.ts(12,37): error TS7015: Element implicitly has an 'any' type because index expression is not of type 'number'.
-noImplicitAnyIndexingSuppressed.ts(19,9): error TS2339: Property 'hi' does not exist on type '{}'.
-noImplicitAnyIndexingSuppressed.ts(22,9): error TS2339: Property '10' does not exist on type '{}'.
-noImplicitAnyIndexingSuppressed.ts(29,10): error TS7053: Element implicitly has an 'any' type because expression of type 'any' can't be used to index type '{}'.
 
 
 !!! error TS5102: Option 'suppressImplicitAnyIndexErrors' has been removed. Please remove it from your configuration.
-==== noImplicitAnyIndexingSuppressed.ts (4 errors) ====
+==== noImplicitAnyIndexingSuppressed.ts (0 errors) ====
     enum MyEmusEnum {
         emu
     }
@@ -19,8 +15,6 @@
     
     // Should be okay, as we suppress implicit 'any' property access checks
     var strRepresentation3 = MyEmusEnum["monehh"];
-                                        ~~~~~~~~
-!!! error TS7015: Element implicitly has an 'any' type because index expression is not of type 'number'.
     
     // Should be okay; should be a MyEmusEnum
     var strRepresentation4 = MyEmusEnum["emu"];
@@ -28,13 +22,9 @@
     
     // Should be okay, as we suppress implicit 'any' property access checks
     var x = {}["hi"];
-            ~~~~~~~~
-!!! error TS2339: Property 'hi' does not exist on type '{}'.
     
     // Should be okay, as we suppress implicit 'any' property access checks
     var y = {}[10];
-            ~~~~~~
-!!! error TS2339: Property '10' does not exist on type '{}'.
     
     var hi: any = "hi";
     
@@ -42,8 +32,6 @@
     
     // Should be okay, as we suppress implicit 'any' property access checks
     var z1 = emptyObj[hi];
-             ~~~~~~~~~~~~
-!!! error TS7053: Element implicitly has an 'any' type because expression of type 'any' can't be used to index type '{}'.
     var z2 = (<any>emptyObj)[hi];
     
     interface MyMap<T> {

</message>
<stacktrace>
  at org.junit.Assert.fail(Assert.java:89)
  at kotlin.test.junit.JUnitAsserter.fail(JUnitSupport.kt:56)
  at kotlin.test.AssertionsKt__AssertionsKt.fail(Assertions.kt:563)
  at kotlin.test.AssertionsKt.fail(Unknown Source)
  at com.xemantic.kotlin.test.SameAsKt.sameAs(SameAs.kt:52)
  at com.xemantic.typescript.compiler.TypeScriptTestSupportKt.errorsMatchBaseline(TypeScriptTestSupport.kt:135)
  at com.xemantic.typescript.compiler.TypeScriptCompilerTests_N.noImplicitAnyIndexingSuppressed_ts has expected errors matching noImplicitAnyIndexingSuppressed_errors_txt(TypeScriptCompilerTests_N.kt:1575)
  at java.base/jdk.internal.reflect.DirectMethodHandleAccessor.invoke(DirectMethodHandleAccessor.java:104)
  at java.base/java.lang.reflect.Method.invoke(Method.java:565)
  at org.junit.runners.model.FrameworkMethod$1.runReflectiveCall(FrameworkMethod.java:59)
  at org.junit.internal.runners.model.ReflectiveCallable.run(ReflectiveCallable.java:12)
  at org.junit.runners.model.FrameworkMethod.invokeExplosively(FrameworkMethod.java:56)
  at org.junit.internal.runners.statements.InvokeMethod.evaluate(InvokeMethod.java:17)
  at org.junit.runners.ParentRunner$3.evaluate(ParentRunner.java:306)
  at org.junit.runners.BlockJUnit4ClassRunner$1.evaluate(BlockJUnit4ClassRunner.java:100)
  at org.junit.runners.ParentRunner.runLeaf(ParentRunner.java:366)
  at org.junit.runners.BlockJUnit4ClassRunner.runChild(BlockJUnit4ClassRunner.java:103)
  at org.junit.runners.BlockJUnit4ClassRunner.runChild(BlockJUnit4ClassRunner.java:63)
  at org.junit.runners.ParentRunner$4.run(ParentRunner.java:331)
  at org.junit.runners.ParentRunner$1.schedule(ParentRunner.java:79)
  at org.junit.runners.ParentRunner.runChildren(ParentRunner.java:329)
  at org.junit.runners.ParentRunner.access$100(ParentRunner.java:66)
  at org.junit.runners.ParentRunner$2.evaluate(ParentRunner.java:293)
  at org.junit.runners.ParentRunner$3.evaluate(ParentRunner.java:306)
  at org.junit.runners.ParentRunner.run(ParentRunner.java:413)
  at org.junit.runner.JUnitCore.run(JUnitCore.java:137)
  at org.junit.runner.JUnitCore.run(JUnitCore.java:115)
  at org.gradle.api.internal.tasks.testing.junit.JUnitTestExecutor.runRequest(JUnitTestExecutor.java:175)
  at org.gradle.api.internal.tasks.testing.junit.JUnitTestExecutor.accept(JUnitTestExecutor.java:84)
  at org.gradle.api.internal.tasks.testing.junit.JUnitTestExecutor.accept(JUnitTestExecutor.java:47)
  at org.gradle.api.internal.tasks.testing.junit.AbstractJUnitTestDefinitionProcessor.processTestDefinition(AbstractJUnitTestDefinitionProcessor.java:65)
  at org.gradle.api.internal.tasks.testing.SuiteTestDefinitionProcessor.processTestDefinition(SuiteTestDefinitionProcessor.java:54)
  at java.base/jdk.internal.reflect.DirectMethodHandleAccessor.invoke(DirectMethodHandleAccessor.java:104)
  at java.base/java.lang.reflect.Method.invoke(Method.java:565)
  at org.gradle.internal.dispatch.MethodInvocation.invokeOn(MethodInvocation.java:77)
  at org.gradle.internal.dispatch.ReflectionDispatch.dispatch(ReflectionDispatch.java:28)
  at org.gradle.internal.dispatch.ReflectionDispatch.dispatch(ReflectionDispatch.java:19)
  at org.gradle.internal.dispatch.ContextClassLoaderDispatch.dispatch(ContextClassLoaderDispatch.java:33)
  at org.gradle.internal.dispatch.ProxyDispatchAdapter$DispatchingInvocationHandler.invoke(ProxyDispatchAdapter.java:88)
  at jdk.proxy1/jdk.proxy1.$Proxy4.processTestDefinition(Unknown Source)
  at org.gradle.api.internal.tasks.testing.worker.TestWorker$2.run(TestWorker.java:178)
  at org.gradle.api.internal.tasks.testing.worker.TestWorker.executeAndMaintainThreadName(TestWorker.java:126)
  at org.gradle.api.internal.tasks.testing.worker.TestWorker.execute(TestWorker.java:103)
  at org.gradle.api.internal.tasks.testing.worker.TestWorker.execute(TestWorker.java:63)
  at org.gradle.process.internal.worker.child.ActionExecutionWorker.execute(ActionExecutionWorker.java:56)
  at org.gradle.process.internal.worker.child.SystemApplicationClassLoaderWorker.call(SystemApplicationClassLoaderWorker.java:122)
  at org.gradle.process.internal.worker.child.SystemApplicationClassLoaderWorker.call(SystemApplicationClassLoaderWorker.java:72)
  at worker.org.gradle.process.internal.worker.GradleWorkerMain.run(GradleWorkerMain.java:69)
  at worker.org.gradle.process.internal.worker.GradleWorkerMain.main(GradleWorkerMain.java:74)
</stacktrace>
</test-failure>


TypeScriptCompilerTests_N[jvm] > noImplicitAnyIndexingSuppressed_ts has expected errors matching noImplicitAnyIndexingSuppressed_errors_txt[jvm] FAILED

<test-failure test="com.xemantic.typescript.compiler.TypeScriptCompilerTests_N.narrowingTruthyObject_ts has expected errors matching narrowingTruthyObject_errors_txt" platform="jvm">
<message>
Expected diagnostics from baseline typescript-repo/tests/baselines/reference/narrowingTruthyObject.errors.txt but none produced
</message>
<stacktrace>
  at com.xemantic.typescript.compiler.TypeScriptTestSupportKt.errorsMatchBaseline(TypeScriptTestSupport.kt:125)
  at com.xemantic.typescript.compiler.TypeScriptCompilerTests_N.narrowingTruthyObject_ts has expected errors matching narrowingTruthyObject_errors_txt(TypeScriptCompilerTests_N.kt:413)
  at java.base/jdk.internal.reflect.DirectMethodHandleAccessor.invoke(DirectMethodHandleAccessor.java:104)
  at java.base/java.lang.reflect.Method.invoke(Method.java:565)
  at org.junit.runners.model.FrameworkMethod$1.runReflectiveCall(FrameworkMethod.java:59)
  at org.junit.internal.runners.model.ReflectiveCallable.run(ReflectiveCallable.java:12)
  at org.junit.runners.model.FrameworkMethod.invokeExplosively(FrameworkMethod.java:56)
  at org.junit.internal.runners.statements.InvokeMethod.evaluate(InvokeMethod.java:17)
  at org.junit.runners.ParentRunner$3.evaluate(ParentRunner.java:306)
  at org.junit.runners.BlockJUnit4ClassRunner$1.evaluate(BlockJUnit4ClassRunner.java:100)
  at org.junit.runners.ParentRunner.runLeaf(ParentRunner.java:366)
  at org.junit.runners.BlockJUnit4ClassRunner.runChild(BlockJUnit4ClassRunner.java:103)
  at org.junit.runners.BlockJUnit4ClassRunner.runChild(BlockJUnit4ClassRunner.java:63)
  at org.junit.runners.ParentRunner$4.run(ParentRunner.java:331)
  at org.junit.runners.ParentRunner$1.schedule(ParentRunner.java:79)
  at org.junit.runners.ParentRunner.runChildren(ParentRunner.java:329)
  at org.junit.runners.ParentRunner.access$100(ParentRunner.java:66)
  at org.junit.runners.ParentRunner$2.evaluate(ParentRunner.java:293)
  at org.junit.runners.ParentRunner$3.evaluate(ParentRunner.java:306)
  at org.junit.runners.ParentRunner.run(ParentRunner.java:413)
  at org.junit.runner.JUnitCore.run(JUnitCore.java:137)
  at org.junit.runner.JUnitCore.run(JUnitCore.java:115)
  at org.gradle.api.internal.tasks.testing.junit.JUnitTestExecutor.runRequest(JUnitTestExecutor.java:175)
  at org.gradle.api.internal.tasks.testing.junit.JUnitTestExecutor.accept(JUnitTestExecutor.java:84)
  at org.gradle.api.internal.tasks.testing.junit.JUnitTestExecutor.accept(JUnitTestExecutor.java:47)
  at org.gradle.api.internal.tasks.testing.junit.AbstractJUnitTestDefinitionProcessor.processTestDefinition(AbstractJUnitTestDefinitionProcessor.java:65)
  at org.gradle.api.internal.tasks.testing.SuiteTestDefinitionProcessor.processTestDefinition(SuiteTestDefinitionProcessor.java:54)
  at java.base/jdk.internal.reflect.DirectMethodHandleAccessor.invoke(DirectMethodHandleAccessor.java:104)
  at java.base/java.lang.reflect.Method.invoke(Method.java:565)
  at org.gradle.internal.dispatch.MethodInvocation.invokeOn(MethodInvocation.java:77)
  at org.gradle.internal.dispatch.ReflectionDispatch.dispatch(ReflectionDispatch.java:28)
  at org.gradle.internal.dispatch.ReflectionDispatch.dispatch(ReflectionDispatch.java:19)
  at org.gradle.internal.dispatch.ContextClassLoaderDispatch.dispatch(ContextClassLoaderDispatch.java:33)
  at org.gradle.internal.dispatch.ProxyDispatchAdapter$DispatchingInvocationHandler.invoke(ProxyDispatchAdapter.java:88)
  at jdk.proxy1/jdk.proxy1.$Proxy4.processTestDefinition(Unknown Source)
  at org.gradle.api.internal.tasks.testing.worker.TestWorker$2.run(TestWorker.java:178)
  at org.gradle.api.internal.tasks.testing.worker.TestWorker.executeAndMaintainThreadName(TestWorker.java:126)
  at org.gradle.api.internal.tasks.testing.worker.TestWorker.execute(TestWorker.java:103)
  at org.gradle.api.internal.tasks.testing.worker.TestWorker.execute(TestWorker.java:63)
  at org.gradle.process.internal.worker.child.ActionExecutionWorker.execute(ActionExecutionWorker.java:56)
  at org.gradle.process.internal.worker.child.SystemApplicationClassLoaderWorker.call(SystemApplicationClassLoaderWorker.java:122)
  at org.gradle.process.internal.worker.child.SystemApplicationClassLoaderWorker.call(SystemApplicationClassLoaderWorker.java:72)
  at worker.org.gradle.process.internal.worker.GradleWorkerMain.run(GradleWorkerMain.java:69)
  at worker.org.gradle.process.internal.worker.GradleWorkerMain.main(GradleWorkerMain.java:74)
</stacktrace>
</test-failure>


TypeScriptCompilerTests_N[jvm] > narrowingTruthyObject_ts has expected errors matching narrowingTruthyObject_errors_txt[jvm] FAILED

<test-failure test="com.xemantic.typescript.compiler.TypeScriptCompilerTests_N.nestedGlobalNamespaceInClass_ts compiles to JavaScript matching nestedGlobalNamespaceInClass_js" platform="jvm">
<message>
--- expected
+++ actual
@@ -12,7 +12,3 @@
 // should not crash - from #35717
 class C {
 }
-var global;
-(function (global) {
-})(global || (global = {}));
-x;

</message>
<stacktrace>
  at org.junit.Assert.fail(Assert.java:89)
  at kotlin.test.junit.JUnitAsserter.fail(JUnitSupport.kt:56)
  at kotlin.test.AssertionsKt__AssertionsKt.fail(Assertions.kt:563)
  at kotlin.test.AssertionsKt.fail(Unknown Source)
  at com.xemantic.kotlin.test.SameAsKt.sameAs(SameAs.kt:52)
  at com.xemantic.typescript.compiler.TypeScriptTestSupportKt.sameAs(TypeScriptTestSupport.kt:99)
  at com.xemantic.typescript.compiler.TypeScriptCompilerTests_N.nestedGlobalNamespaceInClass_ts compiles to JavaScript matching nestedGlobalNamespaceInClass_js(TypeScriptCompilerTests_N.kt:693)
  at java.base/jdk.internal.reflect.DirectMethodHandleAccessor.invoke(DirectMethodHandleAccessor.java:104)
  at java.base/java.lang.reflect.Method.invoke(Method.java:565)
  at org.junit.runners.model.FrameworkMethod$1.runReflectiveCall(FrameworkMethod.java:59)
  at org.junit.internal.runners.model.ReflectiveCallable.run(ReflectiveCallable.java:12)
  at org.junit.runners.model.FrameworkMethod.invokeExplosively(FrameworkMethod.java:56)
  at org.junit.internal.runners.statements.InvokeMethod.evaluate(InvokeMethod.java:17)
  at org.junit.runners.ParentRunner$3.evaluate(ParentRunner.java:306)
  at org.junit.runners.BlockJUnit4ClassRunner$1.evaluate(BlockJUnit4ClassRunner.java:100)
  at org.junit.runners.ParentRunner.runLeaf(ParentRunner.java:366)
  at org.junit.runners.BlockJUnit4ClassRunner.runChild(BlockJUnit4ClassRunner.java:103)
  at org.junit.runners.BlockJUnit4ClassRunner.runChild(BlockJUnit4ClassRunner.java:63)
  at org.junit.runners.ParentRunner$4.run(ParentRunner.java:331)
  at org.junit.runners.ParentRunner$1.schedule(ParentRunner.java:79)
  at org.junit.runners.ParentRunner.runChildren(ParentRunner.java:329)
  at org.junit.runners.ParentRunner.access$100(ParentRunner.java:66)
  at org.junit.runners.ParentRunner$2.evaluate(ParentRunner.java:293)
  at org.junit.runners.ParentRunner$3.evaluate(ParentRunner.java:306)
  at org.junit.runners.ParentRunner.run(ParentRunner.java:413)
  at org.junit.runner.JUnitCore.run(JUnitCore.java:137)
  at org.junit.runner.JUnitCore.run(JUnitCore.java:115)
  at org.gradle.api.internal.tasks.testing.junit.JUnitTestExecutor.runRequest(JUnitTestExecutor.java:175)
  at org.gradle.api.internal.tasks.testing.junit.JUnitTestExecutor.accept(JUnitTestExecutor.java:84)
  at org.gradle.api.internal.tasks.testing.junit.JUnitTestExecutor.accept(JUnitTestExecutor.java:47)
  at org.gradle.api.internal.tasks.testing.junit.AbstractJUnitTestDefinitionProcessor.processTestDefinition(AbstractJUnitTestDefinitionProcessor.java:65)
  at org.gradle.api.internal.tasks.testing.SuiteTestDefinitionProcessor.processTestDefinition(SuiteTestDefinitionProcessor.java:54)
  at java.base/jdk.internal.reflect.DirectMethodHandleAccessor.invoke(DirectMethodHandleAccessor.java:104)
  at java.base/java.lang.reflect.Method.invoke(Method.java:565)
  at org.gradle.internal.dispatch.MethodInvocation.invokeOn(MethodInvocation.java:77)
  at org.gradle.internal.dispatch.ReflectionDispatch.dispatch(ReflectionDispatch.java:28)
  at org.gradle.internal.dispatch.ReflectionDispatch.dispatch(ReflectionDispatch.java:19)
  at org.gradle.internal.dispatch.ContextClassLoaderDispatch.dispatch(ContextClassLoaderDispatch.java:33)
  at org.gradle.internal.dispatch.ProxyDispatchAdapter$DispatchingInvocationHandler.invoke(ProxyDispatchAdapter.java:88)
  at jdk.proxy1/jdk.proxy1.$Proxy4.processTestDefinition(Unknown Source)
  at org.gradle.api.internal.tasks.testing.worker.TestWorker$2.run(TestWorker.java:178)
  at org.gradle.api.internal.tasks.testing.worker.TestWorker.executeAndMaintainThreadName(TestWorker.java:126)
  at org.gradle.api.internal.tasks.testing.worker.TestWorker.execute(TestWorker.java:103)
  at org.gradle.api.internal.tasks.testing.worker.TestWorker.execute(TestWorker.java:63)
  at org.gradle.process.internal.worker.child.ActionExecutionWorker.execute(ActionExecutionWorker.java:56)
  at org.gradle.process.internal.worker.child.SystemApplicationClassLoaderWorker.call(SystemApplicationClassLoaderWorker.java:122)
  at org.gradle.process.internal.worker.child.SystemApplicationClassLoaderWorker.call(SystemApplicationClassLoaderWorker.java:72)
  at worker.org.gradle.process.internal.worker.GradleWorkerMain.run(GradleWorkerMain.java:69)
  at worker.org.gradle.process.internal.worker.GradleWorkerMain.main(GradleWorkerMain.java:74)
</stacktrace>
</test-failure>


TypeScriptCompilerTests_N[jvm] > nestedGlobalNamespaceInClass_ts compiles to JavaScript matching nestedGlobalNamespaceInClass_js[jvm] FAILED

<test-failure test="com.xemantic.typescript.compiler.TypeScriptCompilerTests_N.nodeNextPackageSelfNameWithOutDirDeclDirCompositeNestedDirs_ts compiles to JavaScript matching nodeNextPackageSelfNameWithOutDirDeclDirCompositeNestedDirs_js" platform="jvm">
<message>
--- expected
+++ actual
@@ -29,7 +29,49 @@
 
 
 
+//// [index.js]
+"use strict";
+Object.defineProperty(exports, "__esModule", { value: true });
+exports.thing = void 0;
+var thing_js_1 = require("./src/thing.js");
+Object.defineProperty(exports, "thing", { enumerable: true, get: function () { return thing_js_1.srcthing; } });
 //// [thing.js]
+"use strict";
+var __createBinding = (this && this.__createBinding) || (Object.create ? (function(o, m, k, k2) {
+    if (k2 === undefined) k2 = k;
+    var desc = Object.getOwnPropertyDescriptor(m, k);
+    if (!desc || ("get" in desc ? !m.__esModule : desc.writable || desc.configurable)) {
+      desc = { enumerable: true, get: function() { return m[k]; } };
+    }
+    Object.defineProperty(o, k2, desc);
+}) : (function(o, m, k, k2) {
+    if (k2 === undefined) k2 = k;
+    o[k2] = m[k];
+}));
+var __setModuleDefault = (this && this.__setModuleDefault) || (Object.create ? (function(o, v) {
+    Object.defineProperty(o, "default", { enumerable: true, value: v });
+}) : function(o, v) {
+    o["default"] = v;
+});
+var __importStar = (this && this.__importStar) || (function () {
+    var ownKeys = function(o) {
+        ownKeys = Object.getOwnPropertyNames || function (o) {
+            var ar = [];
+            for (var k in o) if (Object.prototype.hasOwnProperty.call(o, k)) ar[ar.length] = k;
+            return ar;
+        };
+        return ownKeys(o);
+    };
+    return function (mod) {
+        if (mod && mod.__esModule) return mod;
+        var result = {};
+        if (mod != null) for (var k = ownKeys(mod), i = 0; i < k.length; i++) if (k[i] !== "default") __createBinding(result, mod, k[i]);
+        __setModuleDefault(result, mod);
+        return result;
+    };
+})();
+Object.defineProperty(exports, "__esModule", { value: true });
+exports.srcthing = srcthing;
 // The following import should cause `index.ts`
 // to be included in the build, which will,
 // in turn, cause the common src directory to not be `src`
@@ -37,8 +79,6 @@
 // this file get loaded as an entrypoint and emitted, while on the
 // real command-line we'll crawl the imports for that set - a limitation
 // of the harness, I suppose)
-import * as me from "@this/package";
+const me = __importStar(require("@this/package"));
 me.thing();
-export function srcthing() { }
-//// [index.js]
-export { srcthing as thing } from "./src/thing.js";
+function srcthing() { }

</message>
<stacktrace>
  at org.junit.Assert.fail(Assert.java:89)
  at kotlin.test.junit.JUnitAsserter.fail(JUnitSupport.kt:56)
  at kotlin.test.AssertionsKt__AssertionsKt.fail(Assertions.kt:563)
  at kotlin.test.AssertionsKt.fail(Unknown Source)
  at com.xemantic.kotlin.test.SameAsKt.sameAs(SameAs.kt:52)
  at com.xemantic.typescript.compiler.TypeScriptTestSupportKt.sameAs(TypeScriptTestSupport.kt:99)
  at com.xemantic.typescript.compiler.TypeScriptCompilerTests_N.nodeNextPackageSelfNameWithOutDirDeclDirCompositeNestedDirs_ts compiles to JavaScript matching nodeNextPackageSelfNameWithOutDirDeclDirCompositeNestedDirs_js(TypeScriptCompilerTests_N.kt:2408)
  at java.base/jdk.internal.reflect.DirectMethodHandleAccessor.invoke(DirectMethodHandleAccessor.java:104)
  at java.base/java.lang.reflect.Method.invoke(Method.java:565)
  at org.junit.runners.model.FrameworkMethod$1.runReflectiveCall(FrameworkMethod.java:59)
  at org.junit.internal.runners.model.ReflectiveCallable.run(ReflectiveCallable.java:12)
  at org.junit.runners.model.FrameworkMethod.invokeExplosively(FrameworkMethod.java:56)
  at org.junit.internal.runners.statements.InvokeMethod.evaluate(InvokeMethod.java:17)
  at org.junit.runners.ParentRunner$3.evaluate(ParentRunner.java:306)
  at org.junit.runners.BlockJUnit4ClassRunner$1.evaluate(BlockJUnit4ClassRunner.java:100)
  at org.junit.runners.ParentRunner.runLeaf(ParentRunner.java:366)
  at org.junit.runners.BlockJUnit4ClassRunner.runChild(BlockJUnit4ClassRunner.java:103)
  at org.junit.runners.BlockJUnit4ClassRunner.runChild(BlockJUnit4ClassRunner.java:63)
  at org.junit.runners.ParentRunner$4.run(ParentRunner.java:331)
  at org.junit.runners.ParentRunner$1.schedule(ParentRunner.java:79)
  at org.junit.runners.ParentRunner.runChildren(ParentRunner.java:329)
  at org.junit.runners.ParentRunner.access$100(ParentRunner.java:66)
  at org.junit.runners.ParentRunner$2.evaluate(ParentRunner.java:293)
  at org.junit.runners.ParentRunner$3.evaluate(ParentRunner.java:306)
  at org.junit.runners.ParentRunner.run(ParentRunner.java:413)
  at org.junit.runner.JUnitCore.run(JUnitCore.java:137)
  at org.junit.runner.JUnitCore.run(JUnitCore.java:115)
  at org.gradle.api.internal.tasks.testing.junit.JUnitTestExecutor.runRequest(JUnitTestExecutor.java:175)
  at org.gradle.api.internal.tasks.testing.junit.JUnitTestExecutor.accept(JUnitTestExecutor.java:84)
  at org.gradle.api.internal.tasks.testing.junit.JUnitTestExecutor.accept(JUnitTestExecutor.java:47)
  at org.gradle.api.internal.tasks.testing.junit.AbstractJUnitTestDefinitionProcessor.processTestDefinition(AbstractJUnitTestDefinitionProcessor.java:65)
  at org.gradle.api.internal.tasks.testing.SuiteTestDefinitionProcessor.processTestDefinition(SuiteTestDefinitionProcessor.java:54)
  at java.base/jdk.internal.reflect.DirectMethodHandleAccessor.invoke(DirectMethodHandleAccessor.java:104)
  at java.base/java.lang.reflect.Method.invoke(Method.java:565)
  at org.gradle.internal.dispatch.MethodInvocation.invokeOn(MethodInvocation.java:77)
  at org.gradle.internal.dispatch.ReflectionDispatch.dispatch(ReflectionDispatch.java:28)
  at org.gradle.internal.dispatch.ReflectionDispatch.dispatch(ReflectionDispatch.java:19)
  at org.gradle.internal.dispatch.ContextClassLoaderDispatch.dispatch(ContextClassLoaderDispatch.java:33)
  at org.gradle.internal.dispatch.ProxyDispatchAdapter$DispatchingInvocationHandler.invoke(ProxyDispatchAdapter.java:88)
  at jdk.proxy1/jdk.proxy1.$Proxy4.processTestDefinition(Unknown Source)
  at org.gradle.api.internal.tasks.testing.worker.TestWorker$2.run(TestWorker.java:178)
  at org.gradle.api.internal.tasks.testing.worker.TestWorker.executeAndMaintainThreadName(TestWorker.java:126)
  at org.gradle.api.internal.tasks.testing.worker.TestWorker.execute(TestWorker.java:103)
  at org.gradle.api.internal.tasks.testing.worker.TestWorker.execute(TestWorker.java:63)
  at org.gradle.process.internal.worker.child.ActionExecutionWorker.execute(ActionExecutionWorker.java:56)
  at org.gradle.process.internal.worker.child.SystemApplicationClassLoaderWorker.call(SystemApplicationClassLoaderWorker.java:122)
  at org.gradle.process.internal.worker.child.SystemApplicationClassLoaderWorker.call(SystemApplicationClassLoaderWorker.java:72)
  at worker.org.gradle.process.internal.worker.GradleWorkerMain.run(GradleWorkerMain.java:69)
  at worker.org.gradle.process.internal.worker.GradleWorkerMain.main(GradleWorkerMain.java:74)
</stacktrace>
</test-failure>


TypeScriptCompilerTests_N[jvm] > nodeNextPackageSelfNameWithOutDirDeclDirCompositeNestedDirs_ts compiles to JavaScript matching nodeNextPackageSelfNameWithOutDirDeclDirCompositeNestedDirs_js[jvm] FAILED

<test-failure test="com.xemantic.typescript.compiler.TypeScriptCompilerTests_O.optionsCompositeWithIncrementalFalse_ts has expected errors matching optionsCompositeWithIncrementalFalse_errors_txt" platform="jvm">
<message>
Expected diagnostics from baseline typescript-repo/tests/baselines/reference/optionsCompositeWithIncrementalFalse.errors.txt but none produced
</message>
<stacktrace>
  at com.xemantic.typescript.compiler.TypeScriptTestSupportKt.errorsMatchBaseline(TypeScriptTestSupport.kt:125)
  at com.xemantic.typescript.compiler.TypeScriptCompilerTests_O.optionsCompositeWithIncrementalFalse_ts has expected errors matching optionsCompositeWithIncrementalFalse_errors_txt(TypeScriptCompilerTests_O.kt:1036)
  at java.base/jdk.internal.reflect.DirectMethodHandleAccessor.invoke(DirectMethodHandleAccessor.java:104)
  at java.base/java.lang.reflect.Method.invoke(Method.java:565)
  at org.junit.runners.model.FrameworkMethod$1.runReflectiveCall(FrameworkMethod.java:59)
  at org.junit.internal.runners.model.ReflectiveCallable.run(ReflectiveCallable.java:12)
  at org.junit.runners.model.FrameworkMethod.invokeExplosively(FrameworkMethod.java:56)
  at org.junit.internal.runners.statements.InvokeMethod.evaluate(InvokeMethod.java:17)
  at org.junit.runners.ParentRunner$3.evaluate(ParentRunner.java:306)
  at org.junit.runners.BlockJUnit4ClassRunner$1.evaluate(BlockJUnit4ClassRunner.java:100)
  at org.junit.runners.ParentRunner.runLeaf(ParentRunner.java:366)
  at org.junit.runners.BlockJUnit4ClassRunner.runChild(BlockJUnit4ClassRunner.java:103)
  at org.junit.runners.BlockJUnit4ClassRunner.runChild(BlockJUnit4ClassRunner.java:63)
  at org.junit.runners.ParentRunner$4.run(ParentRunner.java:331)
  at org.junit.runners.ParentRunner$1.schedule(ParentRunner.java:79)
  at org.junit.runners.ParentRunner.runChildren(ParentRunner.java:329)
  at org.junit.runners.ParentRunner.access$100(ParentRunner.java:66)
  at org.junit.runners.ParentRunner$2.evaluate(ParentRunner.java:293)
  at org.junit.runners.ParentRunner$3.evaluate(ParentRunner.java:306)
  at org.junit.runners.ParentRunner.run(ParentRunner.java:413)
  at org.junit.runner.JUnitCore.run(JUnitCore.java:137)
  at org.junit.runner.JUnitCore.run(JUnitCore.java:115)
  at org.gradle.api.internal.tasks.testing.junit.JUnitTestExecutor.runRequest(JUnitTestExecutor.java:175)
  at org.gradle.api.internal.tasks.testing.junit.JUnitTestExecutor.accept(JUnitTestExecutor.java:84)
  at org.gradle.api.internal.tasks.testing.junit.JUnitTestExecutor.accept(JUnitTestExecutor.java:47)
  at org.gradle.api.internal.tasks.testing.junit.AbstractJUnitTestDefinitionProcessor.processTestDefinition(AbstractJUnitTestDefinitionProcessor.java:65)
  at org.gradle.api.internal.tasks.testing.SuiteTestDefinitionProcessor.processTestDefinition(SuiteTestDefinitionProcessor.java:54)
  at java.base/jdk.internal.reflect.DirectMethodHandleAccessor.invoke(DirectMethodHandleAccessor.java:104)
  at java.base/java.lang.reflect.Method.invoke(Method.java:565)
  at org.gradle.internal.dispatch.MethodInvocation.invokeOn(MethodInvocation.java:77)
  at org.gradle.internal.dispatch.ReflectionDispatch.dispatch(ReflectionDispatch.java:28)
  at org.gradle.internal.dispatch.ReflectionDispatch.dispatch(ReflectionDispatch.java:19)
  at org.gradle.internal.dispatch.ContextClassLoaderDispatch.dispatch(ContextClassLoaderDispatch.java:33)
  at org.gradle.internal.dispatch.ProxyDispatchAdapter$DispatchingInvocationHandler.invoke(ProxyDispatchAdapter.java:88)
  at jdk.proxy1/jdk.proxy1.$Proxy4.processTestDefinition(Unknown Source)
  at org.gradle.api.internal.tasks.testing.worker.TestWorker$2.run(TestWorker.java:178)
  at org.gradle.api.internal.tasks.testing.worker.TestWorker.executeAndMaintainThreadName(TestWorker.java:126)
  at org.gradle.api.internal.tasks.testing.worker.TestWorker.execute(TestWorker.java:103)
  at org.gradle.api.internal.tasks.testing.worker.TestWorker.execute(TestWorker.java:63)
  at org.gradle.process.internal.worker.child.ActionExecutionWorker.execute(ActionExecutionWorker.java:56)
  at org.gradle.process.internal.worker.child.SystemApplicationClassLoaderWorker.call(SystemApplicationClassLoaderWorker.java:122)
  at org.gradle.process.internal.worker.child.SystemApplicationClassLoaderWorker.call(SystemApplicationClassLoaderWorker.java:72)
  at worker.org.gradle.process.internal.worker.GradleWorkerMain.run(GradleWorkerMain.java:69)
  at worker.org.gradle.process.internal.worker.GradleWorkerMain.main(GradleWorkerMain.java:74)
</stacktrace>
</test-failure>


TypeScriptCompilerTests_O[jvm] > optionsCompositeWithIncrementalFalse_ts has expected errors matching optionsCompositeWithIncrementalFalse_errors_txt[jvm] FAILED

<test-failure test="com.xemantic.typescript.compiler.TypeScriptCompilerTests_O.objectRestSpread_ts compiles to JavaScript matching objectRestSpread_js" platform="jvm">
<message>
--- expected
+++ actual
@@ -37,22 +37,9 @@
         }
     return t;
 };
-var __await = (this && this.__await) || function (v) { return this instanceof __await ? (this.v = v, this) : new __await(v); }
-var __asyncGenerator = (this && this.__asyncGenerator) || function (thisArg, _arguments, generator) {
-    if (!Symbol.asyncIterator) throw new TypeError("Symbol.asyncIterator is not defined.");
-    var g = generator.apply(thisArg, _arguments || []), i, q = [];
-    return i = Object.create((typeof AsyncIterator === "function" ? AsyncIterator : Object).prototype), verb("next"), verb("throw"), verb("return", awaitReturn), i[Symbol.asyncIterator] = function () { return this; }, i;
-    function awaitReturn(f) { return function (v) { return Promise.resolve(v).then(f, reject); }; }
-    function verb(n, f) { if (g[n]) { i[n] = function (v) { return new Promise(function (a, b) { q.push([n, v, a, b]) > 1 || resume(n, v); }); }; if (f) i[n] = f(i[n]); } }
-    function resume(n, v) { try { step(g[n](v)); } catch (e) { settle(q[0][3], e); } }
-    function step(r) { r.value instanceof __await ? Promise.resolve(r.value.v).then(fulfill, reject) : settle(q[0][2], r); }
-    function fulfill(value) { resume("next", value); }
-    function reject(value) { resume("throw", value); }
-    function settle(f, v) { if (f(v), q.shift(), q.length) resume(q[0][0], q[0][1]); }
-};
-var _a, _b, _c, _d;
+var _b;
 let obj = {};
 (Object.assign({}, obj));
-let _e = {}, { prop = Object.assign({}, obj) } = _e, _f = _e.more, more = _f === void 0 ? (_a = Object.assign({}, obj), obj = __rest(_a, []), _a) : _f, _g = '' + 'other', _h = _e[_g], other = _h === void 0 ? Object.assign({}, obj) : _h, _j = _e.yetAnother, _k = _j === void 0 ? Object.assign({}, obj) : _j, _l = _k.nested, _m = _l === void 0 ? Object.assign({}, obj) : _l, _o = 'nested' + 'prop', _p = _m[_o], nestedProp = _p === void 0 ? Object.assign({}, obj) : _p, nestedRest = __rest(_m, [typeof _o === "symbol" ? _o : _o + ""]), { fn = function () { return __asyncGenerator(this, arguments, function* () { }); } } = _e, props = __rest(_e, ["prop", "more", typeof _g === "symbol" ? _g : _g + "", "yetAnother", "fn"]);
-(_b = {}, { prop = Object.assign({}, obj) } = _b, _c = '' + 'other', _d = _b[_c], other = _d === void 0 ? Object.assign({}, obj) : _d, props = __rest(_b, ["prop", typeof _c === "symbol" ? _c : _c + ""]));
+let _a = {}, { prop = Object.assign({}, obj), more = obj = __rest(Object.assign({}, obj), []), ['' + 'other']: other = Object.assign({}, obj), yetAnother: { nested: { ['nested' + 'prop']: nestedProp = Object.assign({}, obj), ...nestedRest } = Object.assign({}, obj) } = Object.assign({}, obj), fn = async function* () { } } = _a, props = __rest(_a, ["prop", "more", "other", "yetAnother", "fn"]);
+(_b = {}, { prop = Object.assign({}, obj), ['' + 'other']: other = Object.assign({}, obj) } = _b, props = __rest(_b, ["prop"]));
 function test(_a) { var { prop = Object.assign({}, obj) } = _a, props = __rest(_a, ["prop"]); }

</message>
<stacktrace>
  at org.junit.Assert.fail(Assert.java:89)
  at kotlin.test.junit.JUnitAsserter.fail(JUnitSupport.kt:56)
  at kotlin.test.AssertionsKt__AssertionsKt.fail(Assertions.kt:563)
  at kotlin.test.AssertionsKt.fail(Unknown Source)
  at com.xemantic.kotlin.test.SameAsKt.sameAs(SameAs.kt:52)
  at com.xemantic.typescript.compiler.TypeScriptTestSupportKt.sameAs(TypeScriptTestSupport.kt:99)
  at com.xemantic.typescript.compiler.TypeScriptCompilerTests_O.objectRestSpread_ts compiles to JavaScript matching objectRestSpread_js(TypeScriptCompilerTests_O.kt:595)
  at java.base/jdk.internal.reflect.DirectMethodHandleAccessor.invoke(DirectMethodHandleAccessor.java:104)
  at java.base/java.lang.reflect.Method.invoke(Method.java:565)
  at org.junit.runners.model.FrameworkMethod$1.runReflectiveCall(FrameworkMethod.java:59)
  at org.junit.internal.runners.model.ReflectiveCallable.run(ReflectiveCallable.java:12)
  at org.junit.runners.model.FrameworkMethod.invokeExplosively(FrameworkMethod.java:56)
  at org.junit.internal.runners.statements.InvokeMethod.evaluate(InvokeMethod.java:17)
  at org.junit.runners.ParentRunner$3.evaluate(ParentRunner.java:306)
  at org.junit.runners.BlockJUnit4ClassRunner$1.evaluate(BlockJUnit4ClassRunner.java:100)
  at org.junit.runners.ParentRunner.runLeaf(ParentRunner.java:366)
  at org.junit.runners.BlockJUnit4ClassRunner.runChild(BlockJUnit4ClassRunner.java:103)
  at org.junit.runners.BlockJUnit4ClassRunner.runChild(BlockJUnit4ClassRunner.java:63)
  at org.junit.runners.ParentRunner$4.run(ParentRunner.java:331)
  at org.junit.runners.ParentRunner$1.schedule(ParentRunner.java:79)
  at org.junit.runners.ParentRunner.runChildren(ParentRunner.java:329)
  at org.junit.runners.ParentRunner.access$100(ParentRunner.java:66)
  at org.junit.runners.ParentRunner$2.evaluate(ParentRunner.java:293)
  at org.junit.runners.ParentRunner$3.evaluate(ParentRunner.java:306)
  at org.junit.runners.ParentRunner.run(ParentRunner.java:413)
  at org.junit.runner.JUnitCore.run(JUnitCore.java:137)
  at org.junit.runner.JUnitCore.run(JUnitCore.java:115)
  at org.gradle.api.internal.tasks.testing.junit.JUnitTestExecutor.runRequest(JUnitTestExecutor.java:175)
  at org.gradle.api.internal.tasks.testing.junit.JUnitTestExecutor.accept(JUnitTestExecutor.java:84)
  at org.gradle.api.internal.tasks.testing.junit.JUnitTestExecutor.accept(JUnitTestExecutor.java:47)
  at org.gradle.api.internal.tasks.testing.junit.AbstractJUnitTestDefinitionProcessor.processTestDefinition(AbstractJUnitTestDefinitionProcessor.java:65)
  at org.gradle.api.internal.tasks.testing.SuiteTestDefinitionProcessor.processTestDefinition(SuiteTestDefinitionProcessor.java:54)
  at java.base/jdk.internal.reflect.DirectMethodHandleAccessor.invoke(DirectMethodHandleAccessor.java:104)
  at java.base/java.lang.reflect.Method.invoke(Method.java:565)
  at org.gradle.internal.dispatch.MethodInvocation.invokeOn(MethodInvocation.java:77)
  at org.gradle.internal.dispatch.ReflectionDispatch.dispatch(ReflectionDispatch.java:28)
  at org.gradle.internal.dispatch.ReflectionDispatch.dispatch(ReflectionDispatch.java:19)
  at org.gradle.internal.dispatch.ContextClassLoaderDispatch.dispatch(ContextClassLoaderDispatch.java:33)
  at org.gradle.internal.dispatch.ProxyDispatchAdapter$DispatchingInvocationHandler.invoke(ProxyDispatchAdapter.java:88)
  at jdk.proxy1/jdk.proxy1.$Proxy4.processTestDefinition(Unknown Source)
  at org.gradle.api.internal.tasks.testing.worker.TestWorker$2.run(TestWorker.java:178)
  at org.gradle.api.internal.tasks.testing.worker.TestWorker.executeAndMaintainThreadName(TestWorker.java:126)
  at org.gradle.api.internal.tasks.testing.worker.TestWorker.execute(TestWorker.java:103)
  at org.gradle.api.internal.tasks.testing.worker.TestWorker.execute(TestWorker.java:63)
  at org.gradle.process.internal.worker.child.ActionExecutionWorker.execute(ActionExecutionWorker.java:56)
  at org.gradle.process.internal.worker.child.SystemApplicationClassLoaderWorker.call(SystemApplicationClassLoaderWorker.java:122)
  at org.gradle.process.internal.worker.child.SystemApplicationClassLoaderWorker.call(SystemApplicationClassLoaderWorker.java:72)
  at worker.org.gradle.process.internal.worker.GradleWorkerMain.run(GradleWorkerMain.java:69)
  at worker.org.gradle.process.internal.worker.GradleWorkerMain.main(GradleWorkerMain.java:74)
</stacktrace>
</test-failure>


TypeScriptCompilerTests_O[jvm] > objectRestSpread_ts compiles to JavaScript matching objectRestSpread_js[jvm] FAILED

<test-failure test="com.xemantic.typescript.compiler.TypeScriptCompilerTests_O.optionalParameterInDestructuringWithInitializer_ts has expected errors matching optionalParameterInDestructuringWithInitializer_errors_txt" platform="jvm">
<message>
Expected diagnostics from baseline typescript-repo/tests/baselines/reference/optionalParameterInDestructuringWithInitializer.errors.txt but none produced
</message>
<stacktrace>
  at com.xemantic.typescript.compiler.TypeScriptTestSupportKt.errorsMatchBaseline(TypeScriptTestSupport.kt:125)
  at com.xemantic.typescript.compiler.TypeScriptCompilerTests_O.optionalParameterInDestructuringWithInitializer_ts has expected errors matching optionalParameterInDestructuringWithInitializer_errors_txt(TypeScriptCompilerTests_O.kt:910)
  at java.base/jdk.internal.reflect.DirectMethodHandleAccessor.invoke(DirectMethodHandleAccessor.java:104)
  at java.base/java.lang.reflect.Method.invoke(Method.java:565)
  at org.junit.runners.model.FrameworkMethod$1.runReflectiveCall(FrameworkMethod.java:59)
  at org.junit.internal.runners.model.ReflectiveCallable.run(ReflectiveCallable.java:12)
  at org.junit.runners.model.FrameworkMethod.invokeExplosively(FrameworkMethod.java:56)
  at org.junit.internal.runners.statements.InvokeMethod.evaluate(InvokeMethod.java:17)
  at org.junit.runners.ParentRunner$3.evaluate(ParentRunner.java:306)
  at org.junit.runners.BlockJUnit4ClassRunner$1.evaluate(BlockJUnit4ClassRunner.java:100)
  at org.junit.runners.ParentRunner.runLeaf(ParentRunner.java:366)
  at org.junit.runners.BlockJUnit4ClassRunner.runChild(BlockJUnit4ClassRunner.java:103)
  at org.junit.runners.BlockJUnit4ClassRunner.runChild(BlockJUnit4ClassRunner.java:63)
  at org.junit.runners.ParentRunner$4.run(ParentRunner.java:331)
  at org.junit.runners.ParentRunner$1.schedule(ParentRunner.java:79)
  at org.junit.runners.ParentRunner.runChildren(ParentRunner.java:329)
  at org.junit.runners.ParentRunner.access$100(ParentRunner.java:66)
  at org.junit.runners.ParentRunner$2.evaluate(ParentRunner.java:293)
  at org.junit.runners.ParentRunner$3.evaluate(ParentRunner.java:306)
  at org.junit.runners.ParentRunner.run(ParentRunner.java:413)
  at org.junit.runner.JUnitCore.run(JUnitCore.java:137)
  at org.junit.runner.JUnitCore.run(JUnitCore.java:115)
  at org.gradle.api.internal.tasks.testing.junit.JUnitTestExecutor.runRequest(JUnitTestExecutor.java:175)
  at org.gradle.api.internal.tasks.testing.junit.JUnitTestExecutor.accept(JUnitTestExecutor.java:84)
  at org.gradle.api.internal.tasks.testing.junit.JUnitTestExecutor.accept(JUnitTestExecutor.java:47)
  at org.gradle.api.internal.tasks.testing.junit.AbstractJUnitTestDefinitionProcessor.processTestDefinition(AbstractJUnitTestDefinitionProcessor.java:65)
  at org.gradle.api.internal.tasks.testing.SuiteTestDefinitionProcessor.processTestDefinition(SuiteTestDefinitionProcessor.java:54)
  at java.base/jdk.internal.reflect.DirectMethodHandleAccessor.invoke(DirectMethodHandleAccessor.java:104)
  at java.base/java.lang.reflect.Method.invoke(Method.java:565)
  at org.gradle.internal.dispatch.MethodInvocation.invokeOn(MethodInvocation.java:77)
  at org.gradle.internal.dispatch.ReflectionDispatch.dispatch(ReflectionDispatch.java:28)
  at org.gradle.internal.dispatch.ReflectionDispatch.dispatch(ReflectionDispatch.java:19)
  at org.gradle.internal.dispatch.ContextClassLoaderDispatch.dispatch(ContextClassLoaderDispatch.java:33)
  at org.gradle.internal.dispatch.ProxyDispatchAdapter$DispatchingInvocationHandler.invoke(ProxyDispatchAdapter.java:88)
  at jdk.proxy1/jdk.proxy1.$Proxy4.processTestDefinition(Unknown Source)
  at org.gradle.api.internal.tasks.testing.worker.TestWorker$2.run(TestWorker.java:178)
  at org.gradle.api.internal.tasks.testing.worker.TestWorker.executeAndMaintainThreadName(TestWorker.java:126)
  at org.gradle.api.internal.tasks.testing.worker.TestWorker.execute(TestWorker.java:103)
  at org.gradle.api.internal.tasks.testing.worker.TestWorker.execute(TestWorker.java:63)
  at org.gradle.process.internal.worker.child.ActionExecutionWorker.execute(ActionExecutionWorker.java:56)
  at org.gradle.process.internal.worker.child.SystemApplicationClassLoaderWorker.call(SystemApplicationClassLoaderWorker.java:122)
  at org.gradle.process.internal.worker.child.SystemApplicationClassLoaderWorker.call(SystemApplicationClassLoaderWorker.java:72)
  at worker.org.gradle.process.internal.worker.GradleWorkerMain.run(GradleWorkerMain.java:69)
  at worker.org.gradle.process.internal.worker.GradleWorkerMain.main(GradleWorkerMain.java:74)
</stacktrace>
</test-failure>


TypeScriptCompilerTests_O[jvm] > optionalParameterInDestructuringWithInitializer_ts has expected errors matching optionalParameterInDestructuringWithInitializer_errors_txt[jvm] FAILED

<test-failure test="com.xemantic.typescript.compiler.TypeScriptCompilerTests_O.optionsInlineSourceMapSourcemap_ts compiles to JavaScript matching optionsInlineSourceMapSourcemap_js" platform="jvm">
<message>
--- expected
+++ actual
@@ -6,4 +6,4 @@
 //// [optionsInlineSourceMapSourcemap.js]
 "use strict";
 var a = 10;
-//# sourceMappingURL=data:application/json;base64,eyJ2ZXJzaW9uIjozLCJmaWxlIjoib3B0aW9uc0lubGluZVNvdXJjZU1hcFNvdXJjZW1hcC5qcyIsInNvdXJjZVJvb3QiOiIiLCJzb3VyY2VzIjpbIm9wdGlvbnNJbmxpbmVTb3VyY2VNYXBTb3VyY2VtYXAudHMiXSwibmFtZXMiOltdLCJtYXBwaW5ncyI6IjtBQUFBLElBQUksQ0FBQyxHQUFHLEVBQUUsQ0FBQyJ9
+//# sourceMappingURL=optionsInlineSourceMapSourcemap.js.map

</message>
<stacktrace>
  at org.junit.Assert.fail(Assert.java:89)
  at kotlin.test.junit.JUnitAsserter.fail(JUnitSupport.kt:56)
  at kotlin.test.AssertionsKt__AssertionsKt.fail(Assertions.kt:563)
  at kotlin.test.AssertionsKt.fail(Unknown Source)
  at com.xemantic.kotlin.test.SameAsKt.sameAs(SameAs.kt:52)
  at com.xemantic.typescript.compiler.TypeScriptTestSupportKt.sameAs(TypeScriptTestSupport.kt:99)
  at com.xemantic.typescript.compiler.TypeScriptCompilerTests_O.optionsInlineSourceMapSourcemap_ts compiles to JavaScript matching optionsInlineSourceMapSourcemap_js(TypeScriptCompilerTests_O.kt:1064)
  at java.base/jdk.internal.reflect.DirectMethodHandleAccessor.invoke(DirectMethodHandleAccessor.java:104)
  at java.base/java.lang.reflect.Method.invoke(Method.java:565)
  at org.junit.runners.model.FrameworkMethod$1.runReflectiveCall(FrameworkMethod.java:59)
  at org.junit.internal.runners.model.ReflectiveCallable.run(ReflectiveCallable.java:12)
  at org.junit.runners.model.FrameworkMethod.invokeExplosively(FrameworkMethod.java:56)
  at org.junit.internal.runners.statements.InvokeMethod.evaluate(InvokeMethod.java:17)
  at org.junit.runners.ParentRunner$3.evaluate(ParentRunner.java:306)
  at org.junit.runners.BlockJUnit4ClassRunner$1.evaluate(BlockJUnit4ClassRunner.java:100)
  at org.junit.runners.ParentRunner.runLeaf(ParentRunner.java:366)
  at org.junit.runners.BlockJUnit4ClassRunner.runChild(BlockJUnit4ClassRunner.java:103)
  at org.junit.runners.BlockJUnit4ClassRunner.runChild(BlockJUnit4ClassRunner.java:63)
  at org.junit.runners.ParentRunner$4.run(ParentRunner.java:331)
  at org.junit.runners.ParentRunner$1.schedule(ParentRunner.java:79)
  at org.junit.runners.ParentRunner.runChildren(ParentRunner.java:329)
  at org.junit.runners.ParentRunner.access$100(ParentRunner.java:66)
  at org.junit.runners.ParentRunner$2.evaluate(ParentRunner.java:293)
  at org.junit.runners.ParentRunner$3.evaluate(ParentRunner.java:306)
  at org.junit.runners.ParentRunner.run(ParentRunner.java:413)
  at org.junit.runner.JUnitCore.run(JUnitCore.java:137)
  at org.junit.runner.JUnitCore.run(JUnitCore.java:115)
  at org.gradle.api.internal.tasks.testing.junit.JUnitTestExecutor.runRequest(JUnitTestExecutor.java:175)
  at org.gradle.api.internal.tasks.testing.junit.JUnitTestExecutor.accept(JUnitTestExecutor.java:84)
  at org.gradle.api.internal.tasks.testing.junit.JUnitTestExecutor.accept(JUnitTestExecutor.java:47)
  at org.gradle.api.internal.tasks.testing.junit.AbstractJUnitTestDefinitionProcessor.processTestDefinition(AbstractJUnitTestDefinitionProcessor.java:65)
  at org.gradle.api.internal.tasks.testing.SuiteTestDefinitionProcessor.processTestDefinition(SuiteTestDefinitionProcessor.java:54)
  at java.base/jdk.internal.reflect.DirectMethodHandleAccessor.invoke(DirectMethodHandleAccessor.java:104)
  at java.base/java.lang.reflect.Method.invoke(Method.java:565)
  at org.gradle.internal.dispatch.MethodInvocation.invokeOn(MethodInvocation.java:77)
  at org.gradle.internal.dispatch.ReflectionDispatch.dispatch(ReflectionDispatch.java:28)
  at org.gradle.internal.dispatch.ReflectionDispatch.dispatch(ReflectionDispatch.java:19)
  at org.gradle.internal.dispatch.ContextClassLoaderDispatch.dispatch(ContextClassLoaderDispatch.java:33)
  at org.gradle.internal.dispatch.ProxyDispatchAdapter$DispatchingInvocationHandler.invoke(ProxyDispatchAdapter.java:88)
  at jdk.proxy1/jdk.proxy1.$Proxy4.processTestDefinition(Unknown Source)
  at org.gradle.api.internal.tasks.testing.worker.TestWorker$2.run(TestWorker.java:178)
  at org.gradle.api.internal.tasks.testing.worker.TestWorker.executeAndMaintainThreadName(TestWorker.java:126)
  at org.gradle.api.internal.tasks.testing.worker.TestWorker.execute(TestWorker.java:103)
  at org.gradle.api.internal.tasks.testing.worker.TestWorker.execute(TestWorker.java:63)
  at org.gradle.process.internal.worker.child.ActionExecutionWorker.execute(ActionExecutionWorker.java:56)
  at org.gradle.process.internal.worker.child.SystemApplicationClassLoaderWorker.call(SystemApplicationClassLoaderWorker.java:122)
  at org.gradle.process.internal.worker.child.SystemApplicationClassLoaderWorker.call(SystemApplicationClassLoaderWorker.java:72)
  at worker.org.gradle.process.internal.worker.GradleWorkerMain.run(GradleWorkerMain.java:69)
  at worker.org.gradle.process.internal.worker.GradleWorkerMain.main(GradleWorkerMain.java:74)
</stacktrace>
</test-failure>


TypeScriptCompilerTests_O[jvm] > optionsInlineSourceMapSourcemap_ts compiles to JavaScript matching optionsInlineSourceMapSourcemap_js[jvm] FAILED

<test-failure test="com.xemantic.typescript.compiler.TypeScriptCompilerTests_O.optionalChainWithInstantiationExpression1_ts__target_es2020__has expected errors matching baseline" platform="jvm">
<message>
Expected diagnostics from baseline typescript-repo/tests/baselines/reference/optionalChainWithInstantiationExpression1(target=es2020).errors.txt but none produced
</message>
<stacktrace>
  at com.xemantic.typescript.compiler.TypeScriptTestSupportKt.errorsMatchBaseline(TypeScriptTestSupport.kt:125)
  at com.xemantic.typescript.compiler.TypeScriptCompilerTests_O.optionalChainWithInstantiationExpression1_ts__target_es2020__has expected errors matching baseline(TypeScriptCompilerTests_O.kt:770)
  at java.base/jdk.internal.reflect.DirectMethodHandleAccessor.invoke(DirectMethodHandleAccessor.java:104)
  at java.base/java.lang.reflect.Method.invoke(Method.java:565)
  at org.junit.runners.model.FrameworkMethod$1.runReflectiveCall(FrameworkMethod.java:59)
  at org.junit.internal.runners.model.ReflectiveCallable.run(ReflectiveCallable.java:12)
  at org.junit.runners.model.FrameworkMethod.invokeExplosively(FrameworkMethod.java:56)
  at org.junit.internal.runners.statements.InvokeMethod.evaluate(InvokeMethod.java:17)
  at org.junit.runners.ParentRunner$3.evaluate(ParentRunner.java:306)
  at org.junit.runners.BlockJUnit4ClassRunner$1.evaluate(BlockJUnit4ClassRunner.java:100)
  at org.junit.runners.ParentRunner.runLeaf(ParentRunner.java:366)
  at org.junit.runners.BlockJUnit4ClassRunner.runChild(BlockJUnit4ClassRunner.java:103)
  at org.junit.runners.BlockJUnit4ClassRunner.runChild(BlockJUnit4ClassRunner.java:63)
  at org.junit.runners.ParentRunner$4.run(ParentRunner.java:331)
  at org.junit.runners.ParentRunner$1.schedule(ParentRunner.java:79)
  at org.junit.runners.ParentRunner.runChildren(ParentRunner.java:329)
  at org.junit.runners.ParentRunner.access$100(ParentRunner.java:66)
  at org.junit.runners.ParentRunner$2.evaluate(ParentRunner.java:293)
  at org.junit.runners.ParentRunner$3.evaluate(ParentRunner.java:306)
  at org.junit.runners.ParentRunner.run(ParentRunner.java:413)
  at org.junit.runner.JUnitCore.run(JUnitCore.java:137)
  at org.junit.runner.JUnitCore.run(JUnitCore.java:115)
  at org.gradle.api.internal.tasks.testing.junit.JUnitTestExecutor.runRequest(JUnitTestExecutor.java:175)
  at org.gradle.api.internal.tasks.testing.junit.JUnitTestExecutor.accept(JUnitTestExecutor.java:84)
  at org.gradle.api.internal.tasks.testing.junit.JUnitTestExecutor.accept(JUnitTestExecutor.java:47)
  at org.gradle.api.internal.tasks.testing.junit.AbstractJUnitTestDefinitionProcessor.processTestDefinition(AbstractJUnitTestDefinitionProcessor.java:65)
  at org.gradle.api.internal.tasks.testing.SuiteTestDefinitionProcessor.processTestDefinition(SuiteTestDefinitionProcessor.java:54)
  at java.base/jdk.internal.reflect.DirectMethodHandleAccessor.invoke(DirectMethodHandleAccessor.java:104)
  at java.base/java.lang.reflect.Method.invoke(Method.java:565)
  at org.gradle.internal.dispatch.MethodInvocation.invokeOn(MethodInvocation.java:77)
  at org.gradle.internal.dispatch.ReflectionDispatch.dispatch(ReflectionDispatch.java:28)
  at org.gradle.internal.dispatch.ReflectionDispatch.dispatch(ReflectionDispatch.java:19)
  at org.gradle.internal.dispatch.ContextClassLoaderDispatch.dispatch(ContextClassLoaderDispatch.java:33)
  at org.gradle.internal.dispatch.ProxyDispatchAdapter$DispatchingInvocationHandler.invoke(ProxyDispatchAdapter.java:88)
  at jdk.proxy1/jdk.proxy1.$Proxy4.processTestDefinition(Unknown Source)
  at org.gradle.api.internal.tasks.testing.worker.TestWorker$2.run(TestWorker.java:178)
  at org.gradle.api.internal.tasks.testing.worker.TestWorker.executeAndMaintainThreadName(TestWorker.java:126)
  at org.gradle.api.internal.tasks.testing.worker.TestWorker.execute(TestWorker.java:103)
  at org.gradle.api.internal.tasks.testing.worker.TestWorker.execute(TestWorker.java:63)
  at org.gradle.process.internal.worker.child.ActionExecutionWorker.execute(ActionExecutionWorker.java:56)
  at org.gradle.process.internal.worker.child.SystemApplicationClassLoaderWorker.call(SystemApplicationClassLoaderWorker.java:122)
  at org.gradle.process.internal.worker.child.SystemApplicationClassLoaderWorker.call(SystemApplicationClassLoaderWorker.java:72)
  at worker.org.gradle.process.internal.worker.GradleWorkerMain.run(GradleWorkerMain.java:69)
  at worker.org.gradle.process.internal.worker.GradleWorkerMain.main(GradleWorkerMain.java:74)
</stacktrace>
</test-failure>


TypeScriptCompilerTests_O[jvm] > optionalChainWithInstantiationExpression1_ts__target_es2020__has expected errors matching baseline[jvm] FAILED

<test-failure test="com.xemantic.typescript.compiler.TypeScriptCompilerTests_O.objectLiteralWithSemicolons5_ts has expected errors matching objectLiteralWithSemicolons5_errors_txt" platform="jvm">
<message>
--- expected
+++ actual
@@ -1,11 +1,10 @@
 objectLiteralWithSemicolons5.ts(1,20): error TS1005: ',' expected.
 objectLiteralWithSemicolons5.ts(1,25): error TS2304: Cannot find name 'b'.
 objectLiteralWithSemicolons5.ts(1,26): error TS1005: ',' expected.
-objectLiteralWithSemicolons5.ts(1,32): error TS2378: A 'get' accessor must return a value.
 objectLiteralWithSemicolons5.ts(1,41): error TS1005: ',' expected.
 
 
-==== objectLiteralWithSemicolons5.ts (5 errors) ====
+==== objectLiteralWithSemicolons5.ts (4 errors) ====
     var v = { foo() { }; a: b; get baz() { }; }
                        ~
 !!! error TS1005: ',' expected.
@@ -13,7 +12,5 @@
 !!! error TS2304: Cannot find name 'b'.
                              ~
 !!! error TS1005: ',' expected.
-                                   ~~~
-!!! error TS2378: A 'get' accessor must return a value.
                                             ~
 !!! error TS1005: ',' expected.

</message>
<stacktrace>
  at org.junit.Assert.fail(Assert.java:89)
  at kotlin.test.junit.JUnitAsserter.fail(JUnitSupport.kt:56)
  at kotlin.test.AssertionsKt__AssertionsKt.fail(Assertions.kt:563)
  at kotlin.test.AssertionsKt.fail(Unknown Source)
  at com.xemantic.kotlin.test.SameAsKt.sameAs(SameAs.kt:52)
  at com.xemantic.typescript.compiler.TypeScriptTestSupportKt.errorsMatchBaseline(TypeScriptTestSupport.kt:135)
  at com.xemantic.typescript.compiler.TypeScriptCompilerTests_O.objectLiteralWithSemicolons5_ts has expected errors matching objectLiteralWithSemicolons5_errors_txt(TypeScriptCompilerTests_O.kt:560)
  at java.base/jdk.internal.reflect.DirectMethodHandleAccessor.invoke(DirectMethodHandleAccessor.java:104)
  at java.base/java.lang.reflect.Method.invoke(Method.java:565)
  at org.junit.runners.model.FrameworkMethod$1.runReflectiveCall(FrameworkMethod.java:59)
  at org.junit.internal.runners.model.ReflectiveCallable.run(ReflectiveCallable.java:12)
  at org.junit.runners.model.FrameworkMethod.invokeExplosively(FrameworkMethod.java:56)
  at org.junit.internal.runners.statements.InvokeMethod.evaluate(InvokeMethod.java:17)
  at org.junit.runners.ParentRunner$3.evaluate(ParentRunner.java:306)
  at org.junit.runners.BlockJUnit4ClassRunner$1.evaluate(BlockJUnit4ClassRunner.java:100)
  at org.junit.runners.ParentRunner.runLeaf(ParentRunner.java:366)
  at org.junit.runners.BlockJUnit4ClassRunner.runChild(BlockJUnit4ClassRunner.java:103)
  at org.junit.runners.BlockJUnit4ClassRunner.runChild(BlockJUnit4ClassRunner.java:63)
  at org.junit.runners.ParentRunner$4.run(ParentRunner.java:331)
  at org.junit.runners.ParentRunner$1.schedule(ParentRunner.java:79)
  at org.junit.runners.ParentRunner.runChildren(ParentRunner.java:329)
  at org.junit.runners.ParentRunner.access$100(ParentRunner.java:66)
  at org.junit.runners.ParentRunner$2.evaluate(ParentRunner.java:293)
  at org.junit.runners.ParentRunner$3.evaluate(ParentRunner.java:306)
  at org.junit.runners.ParentRunner.run(ParentRunner.java:413)
  at org.junit.runner.JUnitCore.run(JUnitCore.java:137)
  at org.junit.runner.JUnitCore.run(JUnitCore.java:115)
  at org.gradle.api.internal.tasks.testing.junit.JUnitTestExecutor.runRequest(JUnitTestExecutor.java:175)
  at org.gradle.api.internal.tasks.testing.junit.JUnitTestExecutor.accept(JUnitTestExecutor.java:84)
  at org.gradle.api.internal.tasks.testing.junit.JUnitTestExecutor.accept(JUnitTestExecutor.java:47)
  at org.gradle.api.internal.tasks.testing.junit.AbstractJUnitTestDefinitionProcessor.processTestDefinition(AbstractJUnitTestDefinitionProcessor.java:65)
  at org.gradle.api.internal.tasks.testing.SuiteTestDefinitionProcessor.processTestDefinition(SuiteTestDefinitionProcessor.java:54)
  at java.base/jdk.internal.reflect.DirectMethodHandleAccessor.invoke(DirectMethodHandleAccessor.java:104)
  at java.base/java.lang.reflect.Method.invoke(Method.java:565)
  at org.gradle.internal.dispatch.MethodInvocation.invokeOn(MethodInvocation.java:77)
  at org.gradle.internal.dispatch.ReflectionDispatch.dispatch(ReflectionDispatch.java:28)
  at org.gradle.internal.dispatch.ReflectionDispatch.dispatch(ReflectionDispatch.java:19)
  at org.gradle.internal.dispatch.ContextClassLoaderDispatch.dispatch(ContextClassLoaderDispatch.java:33)
  at org.gradle.internal.dispatch.ProxyDispatchAdapter$DispatchingInvocationHandler.invoke(ProxyDispatchAdapter.java:88)
  at jdk.proxy1/jdk.proxy1.$Proxy4.processTestDefinition(Unknown Source)
  at org.gradle.api.internal.tasks.testing.worker.TestWorker$2.run(TestWorker.java:178)
  at org.gradle.api.internal.tasks.testing.worker.TestWorker.executeAndMaintainThreadName(TestWorker.java:126)
  at org.gradle.api.internal.tasks.testing.worker.TestWorker.execute(TestWorker.java:103)
  at org.gradle.api.internal.tasks.testing.worker.TestWorker.execute(TestWorker.java:63)
  at org.gradle.process.internal.worker.child.ActionExecutionWorker.execute(ActionExecutionWorker.java:56)
  at org.gradle.process.internal.worker.child.SystemApplicationClassLoaderWorker.call(SystemApplicationClassLoaderWorker.java:122)
  at org.gradle.process.internal.worker.child.SystemApplicationClassLoaderWorker.call(SystemApplicationClassLoaderWorker.java:72)
  at worker.org.gradle.process.internal.worker.GradleWorkerMain.run(GradleWorkerMain.java:69)
  at worker.org.gradle.process.internal.worker.GradleWorkerMain.main(GradleWorkerMain.java:74)
</stacktrace>
</test-failure>


TypeScriptCompilerTests_O[jvm] > objectLiteralWithSemicolons5_ts has expected errors matching objectLiteralWithSemicolons5_errors_txt[jvm] FAILED

<test-failure test="com.xemantic.typescript.compiler.TypeScriptCompilerTests_O.optionalChainWithInstantiationExpression2_ts__target_es2020__compiles to JavaScript matching baseline" platform="jvm">
<message>
--- expected
+++ actual
@@ -17,5 +17,6 @@
 
 //// [optionalChainWithInstantiationExpression2.js]
 "use strict";
+a?.<;
+b > ();
 a?.();
-a?.();

</message>
<stacktrace>
  at org.junit.Assert.fail(Assert.java:89)
  at kotlin.test.junit.JUnitAsserter.fail(JUnitSupport.kt:56)
  at kotlin.test.AssertionsKt__AssertionsKt.fail(Assertions.kt:563)
  at kotlin.test.AssertionsKt.fail(Unknown Source)
  at com.xemantic.kotlin.test.SameAsKt.sameAs(SameAs.kt:52)
  at com.xemantic.typescript.compiler.TypeScriptTestSupportKt.sameAs(TypeScriptTestSupport.kt:99)
  at com.xemantic.typescript.compiler.TypeScriptCompilerTests_O.optionalChainWithInstantiationExpression2_ts__target_es2020__compiles to JavaScript matching baseline(TypeScriptCompilerTests_O.kt:784)
  at java.base/jdk.internal.reflect.DirectMethodHandleAccessor.invoke(DirectMethodHandleAccessor.java:104)
  at java.base/java.lang.reflect.Method.invoke(Method.java:565)
  at org.junit.runners.model.FrameworkMethod$1.runReflectiveCall(FrameworkMethod.java:59)
  at org.junit.internal.runners.model.ReflectiveCallable.run(ReflectiveCallable.java:12)
  at org.junit.runners.model.FrameworkMethod.invokeExplosively(FrameworkMethod.java:56)
  at org.junit.internal.runners.statements.InvokeMethod.evaluate(InvokeMethod.java:17)
  at org.junit.runners.ParentRunner$3.evaluate(ParentRunner.java:306)
  at org.junit.runners.BlockJUnit4ClassRunner$1.evaluate(BlockJUnit4ClassRunner.java:100)
  at org.junit.runners.ParentRunner.runLeaf(ParentRunner.java:366)
  at org.junit.runners.BlockJUnit4ClassRunner.runChild(BlockJUnit4ClassRunner.java:103)
  at org.junit.runners.BlockJUnit4ClassRunner.runChild(BlockJUnit4ClassRunner.java:63)
  at org.junit.runners.ParentRunner$4.run(ParentRunner.java:331)
  at org.junit.runners.ParentRunner$1.schedule(ParentRunner.java:79)
  at org.junit.runners.ParentRunner.runChildren(ParentRunner.java:329)
  at org.junit.runners.ParentRunner.access$100(ParentRunner.java:66)
  at org.junit.runners.ParentRunner$2.evaluate(ParentRunner.java:293)
  at org.junit.runners.ParentRunner$3.evaluate(ParentRunner.java:306)
  at org.junit.runners.ParentRunner.run(ParentRunner.java:413)
  at org.junit.runner.JUnitCore.run(JUnitCore.java:137)
  at org.junit.runner.JUnitCore.run(JUnitCore.java:115)
  at org.gradle.api.internal.tasks.testing.junit.JUnitTestExecutor.runRequest(JUnitTestExecutor.java:175)
  at org.gradle.api.internal.tasks.testing.junit.JUnitTestExecutor.accept(JUnitTestExecutor.java:84)
  at org.gradle.api.internal.tasks.testing.junit.JUnitTestExecutor.accept(JUnitTestExecutor.java:47)
  at org.gradle.api.internal.tasks.testing.junit.AbstractJUnitTestDefinitionProcessor.processTestDefinition(AbstractJUnitTestDefinitionProcessor.java:65)
  at org.gradle.api.internal.tasks.testing.SuiteTestDefinitionProcessor.processTestDefinition(SuiteTestDefinitionProcessor.java:54)
  at java.base/jdk.internal.reflect.DirectMethodHandleAccessor.invoke(DirectMethodHandleAccessor.java:104)
  at java.base/java.lang.reflect.Method.invoke(Method.java:565)
  at org.gradle.internal.dispatch.MethodInvocation.invokeOn(MethodInvocation.java:77)
  at org.gradle.internal.dispatch.ReflectionDispatch.dispatch(ReflectionDispatch.java:28)
  at org.gradle.internal.dispatch.ReflectionDispatch.dispatch(ReflectionDispatch.java:19)
  at org.gradle.internal.dispatch.ContextClassLoaderDispatch.dispatch(ContextClassLoaderDispatch.java:33)
  at org.gradle.internal.dispatch.ProxyDispatchAdapter$DispatchingInvocationHandler.invoke(ProxyDispatchAdapter.java:88)
  at jdk.proxy1/jdk.proxy1.$Proxy4.processTestDefinition(Unknown Source)
  at org.gradle.api.internal.tasks.testing.worker.TestWorker$2.run(TestWorker.java:178)
  at org.gradle.api.internal.tasks.testing.worker.TestWorker.executeAndMaintainThreadName(TestWorker.java:126)
  at org.gradle.api.internal.tasks.testing.worker.TestWorker.execute(TestWorker.java:103)
  at org.gradle.api.internal.tasks.testing.worker.TestWorker.execute(TestWorker.java:63)
  at org.gradle.process.internal.worker.child.ActionExecutionWorker.execute(ActionExecutionWorker.java:56)
  at org.gradle.process.internal.worker.child.SystemApplicationClassLoaderWorker.call(SystemApplicationClassLoaderWorker.java:122)
  at org.gradle.process.internal.worker.child.SystemApplicationClassLoaderWorker.call(SystemApplicationClassLoaderWorker.java:72)
  at worker.org.gradle.process.internal.worker.GradleWorkerMain.run(GradleWorkerMain.java:69)
  at worker.org.gradle.process.internal.worker.GradleWorkerMain.main(GradleWorkerMain.java:74)
</stacktrace>
</test-failure>


TypeScriptCompilerTests_O[jvm] > optionalChainWithInstantiationExpression2_ts__target_es2020__compiles to JavaScript matching baseline[jvm] FAILED

<test-failure test="com.xemantic.typescript.compiler.TypeScriptCompilerTests_O.optionsInlineSourceMapSourceRoot_ts compiles to JavaScript matching optionsInlineSourceMapSourceRoot_js" platform="jvm">
<message>
--- expected
+++ actual
@@ -6,4 +6,3 @@
 //// [optionsInlineSourceMapSourceRoot.js]
 "use strict";
 var a = 10;
-//# sourceMappingURL=data:application/json;base64,eyJ2ZXJzaW9uIjozLCJmaWxlIjoib3B0aW9uc0lubGluZVNvdXJjZU1hcFNvdXJjZVJvb3QuanMiLCJzb3VyY2VSb290IjoibG9jYWwvIiwic291cmNlcyI6WyJvcHRpb25zSW5saW5lU291cmNlTWFwU291cmNlUm9vdC50cyJdLCJuYW1lcyI6W10sIm1hcHBpbmdzIjoiO0FBQUEsSUFBSSxDQUFDLEdBQUcsRUFBRSxDQUFDIn0=

</message>
<stacktrace>
  at org.junit.Assert.fail(Assert.java:89)
  at kotlin.test.junit.JUnitAsserter.fail(JUnitSupport.kt:56)
  at kotlin.test.AssertionsKt__AssertionsKt.fail(Assertions.kt:563)
  at kotlin.test.AssertionsKt.fail(Unknown Source)
  at com.xemantic.kotlin.test.SameAsKt.sameAs(SameAs.kt:52)
  at com.xemantic.typescript.compiler.TypeScriptTestSupportKt.sameAs(TypeScriptTestSupport.kt:99)
  at com.xemantic.typescript.compiler.TypeScriptCompilerTests_O.optionsInlineSourceMapSourceRoot_ts compiles to JavaScript matching optionsInlineSourceMapSourceRoot_js(TypeScriptCompilerTests_O.kt:1057)
  at java.base/jdk.internal.reflect.DirectMethodHandleAccessor.invoke(DirectMethodHandleAccessor.java:104)
  at java.base/java.lang.reflect.Method.invoke(Method.java:565)
  at org.junit.runners.model.FrameworkMethod$1.runReflectiveCall(FrameworkMethod.java:59)
  at org.junit.internal.runners.model.ReflectiveCallable.run(ReflectiveCallable.java:12)
  at org.junit.runners.model.FrameworkMethod.invokeExplosively(FrameworkMethod.java:56)
  at org.junit.internal.runners.statements.InvokeMethod.evaluate(InvokeMethod.java:17)
  at org.junit.runners.ParentRunner$3.evaluate(ParentRunner.java:306)
  at org.junit.runners.BlockJUnit4ClassRunner$1.evaluate(BlockJUnit4ClassRunner.java:100)
  at org.junit.runners.ParentRunner.runLeaf(ParentRunner.java:366)
  at org.junit.runners.BlockJUnit4ClassRunner.runChild(BlockJUnit4ClassRunner.java:103)
  at org.junit.runners.BlockJUnit4ClassRunner.runChild(BlockJUnit4ClassRunner.java:63)
  at org.junit.runners.ParentRunner$4.run(ParentRunner.java:331)
  at org.junit.runners.ParentRunner$1.schedule(ParentRunner.java:79)
  at org.junit.runners.ParentRunner.runChildren(ParentRunner.java:329)
  at org.junit.runners.ParentRunner.access$100(ParentRunner.java:66)
  at org.junit.runners.ParentRunner$2.evaluate(ParentRunner.java:293)
  at org.junit.runners.ParentRunner$3.evaluate(ParentRunner.java:306)
  at org.junit.runners.ParentRunner.run(ParentRunner.java:413)
  at org.junit.runner.JUnitCore.run(JUnitCore.java:137)
  at org.junit.runner.JUnitCore.run(JUnitCore.java:115)
  at org.gradle.api.internal.tasks.testing.junit.JUnitTestExecutor.runRequest(JUnitTestExecutor.java:175)
  at org.gradle.api.internal.tasks.testing.junit.JUnitTestExecutor.accept(JUnitTestExecutor.java:84)
  at org.gradle.api.internal.tasks.testing.junit.JUnitTestExecutor.accept(JUnitTestExecutor.java:47)
  at org.gradle.api.internal.tasks.testing.junit.AbstractJUnitTestDefinitionProcessor.processTestDefinition(AbstractJUnitTestDefinitionProcessor.java:65)
  at org.gradle.api.internal.tasks.testing.SuiteTestDefinitionProcessor.processTestDefinition(SuiteTestDefinitionProcessor.java:54)
  at java.base/jdk.internal.reflect.DirectMethodHandleAccessor.invoke(DirectMethodHandleAccessor.java:104)
  at java.base/java.lang.reflect.Method.invoke(Method.java:565)
  at org.gradle.internal.dispatch.MethodInvocation.invokeOn(MethodInvocation.java:77)
  at org.gradle.internal.dispatch.ReflectionDispatch.dispatch(ReflectionDispatch.java:28)
  at org.gradle.internal.dispatch.ReflectionDispatch.dispatch(ReflectionDispatch.java:19)
  at org.gradle.internal.dispatch.ContextClassLoaderDispatch.dispatch(ContextClassLoaderDispatch.java:33)
  at org.gradle.internal.dispatch.ProxyDispatchAdapter$DispatchingInvocationHandler.invoke(ProxyDispatchAdapter.java:88)
  at jdk.proxy1/jdk.proxy1.$Proxy4.processTestDefinition(Unknown Source)
  at org.gradle.api.internal.tasks.testing.worker.TestWorker$2.run(TestWorker.java:178)
  at org.gradle.api.internal.tasks.testing.worker.TestWorker.executeAndMaintainThreadName(TestWorker.java:126)
  at org.gradle.api.internal.tasks.testing.worker.TestWorker.execute(TestWorker.java:103)
  at org.gradle.api.internal.tasks.testing.worker.TestWorker.execute(TestWorker.java:63)
  at org.gradle.process.internal.worker.child.ActionExecutionWorker.execute(ActionExecutionWorker.java:56)
  at org.gradle.process.internal.worker.child.SystemApplicationClassLoaderWorker.call(SystemApplicationClassLoaderWorker.java:122)
  at org.gradle.process.internal.worker.child.SystemApplicationClassLoaderWorker.call(SystemApplicationClassLoaderWorker.java:72)
  at worker.org.gradle.process.internal.worker.GradleWorkerMain.run(GradleWorkerMain.java:69)
  at worker.org.gradle.process.internal.worker.GradleWorkerMain.main(GradleWorkerMain.java:74)
</stacktrace>
</test-failure>


TypeScriptCompilerTests_O[jvm] > optionsInlineSourceMapSourceRoot_ts compiles to JavaScript matching optionsInlineSourceMapSourceRoot_js[jvm] FAILED

<test-failure test="com.xemantic.typescript.compiler.TypeScriptCompilerTests_O.optionalParamArgsTest_ts has expected errors matching optionalParamArgsTest_errors_txt" platform="jvm">
<message>
--- expected
+++ actual
@@ -1,31 +1,13 @@
-optionalParamArgsTest.ts(29,65): error TS18048: 'C1M4A2' is possibly 'undefined'.
 optionalParamArgsTest.ts(31,12): error TS2393: Duplicate function implementation.
 optionalParamArgsTest.ts(34,12): error TS2393: Duplicate function implementation.
-optionalParamArgsTest.ts(47,55): error TS18048: 'F4A2' is possibly 'undefined'.
-optionalParamArgsTest.ts(52,62): error TS18048: 'L4A2' is possibly 'undefined'.
-optionalParamArgsTest.ts(98,11): error TS2554: Expected 0 arguments, but got 1.
-optionalParamArgsTest.ts(99,11): error TS2554: Expected 0 arguments, but got 1.
 optionalParamArgsTest.ts(100,4): error TS2554: Expected 0 arguments, but got 1.
-optionalParamArgsTest.ts(101,4): error TS2554: Expected 0 arguments, but got 1.
-optionalParamArgsTest.ts(102,6): error TS2554: Expected 1 arguments, but got 0.
-optionalParamArgsTest.ts(103,6): error TS2554: Expected 1 arguments, but got 0.
 optionalParamArgsTest.ts(104,1): error TS2554: Expected 1 arguments, but got 0.
-optionalParamArgsTest.ts(105,1): error TS2554: Expected 1 arguments, but got 0.
-optionalParamArgsTest.ts(106,13): error TS2554: Expected 1 arguments, but got 2.
-optionalParamArgsTest.ts(107,13): error TS2554: Expected 1 arguments, but got 2.
 optionalParamArgsTest.ts(108,6): error TS2554: Expected 1 arguments, but got 2.
-optionalParamArgsTest.ts(109,6): error TS2554: Expected 1 arguments, but got 2.
-optionalParamArgsTest.ts(110,15): error TS2554: Expected 0-2 arguments, but got 3.
-optionalParamArgsTest.ts(111,15): error TS2554: Expected 0-2 arguments, but got 3.
 optionalParamArgsTest.ts(112,8): error TS2554: Expected 0-2 arguments, but got 3.
-optionalParamArgsTest.ts(113,8): error TS2554: Expected 0-2 arguments, but got 3.
-optionalParamArgsTest.ts(114,6): error TS2554: Expected 1-2 arguments, but got 0.
-optionalParamArgsTest.ts(115,6): error TS2554: Expected 1-2 arguments, but got 0.
 optionalParamArgsTest.ts(116,1): error TS2554: Expected 1-2 arguments, but got 0.
-optionalParamArgsTest.ts(117,1): error TS2554: Expected 1-2 arguments, but got 0.
 
 
-==== optionalParamArgsTest.ts (25 errors) ====
+==== optionalParamArgsTest.ts (7 errors) ====
     // Optional parameter and default argument tests
     
     // Key:
@@ -55,8 +37,6 @@
     
         // C1M4 contains a mix of optional and non-optional parameters
         public C1M4(C1M4A1:number,C1M4A2?:number) { return C1M4A1 + C1M4A2; }
-                                                                    ~~~~~~
-!!! error TS18048: 'C1M4A2' is possibly 'undefined'.
     
         public C1M5(C1M5A1:number,C1M5A2:number=0,C1M5A3?:number) { return C1M5A1 + C1M5A2; }
                ~~~~
@@ -79,15 +59,11 @@
     function F2(F2A1:number) { return F2A1; } 
     function F3(F3A1=0,F3A2=F3A1) {return F3A1 + F3A2; }
     function F4(F4A1:number,F4A2?:number) { return F4A1 + F4A2; }
-                                                          ~~~~
-!!! error TS18048: 'F4A2' is possibly 'undefined'.
     
     var L1 = function() {return 0;}
     var L2 = function (L2A1:number) { return L2A1; } 
     var L3 = function (L3A1=0,L3A2=L3A1) {return L3A1 + L3A2; }
     var L4 = function (L4A1:number,L4A2?:number) { return L4A1 + L4A2; }
-                                                                 ~~~~
-!!! error TS18048: 'L4A2' is possibly 'undefined'.
     
     var c1o1:C1 = new C1(5);
     var i1o1:I1 = new C1(5);
@@ -134,73 +110,37 @@
     
     // Negative tests - we expect these cases to fail
     c1o1.C1M1(1);
-              ~
-!!! error TS2554: Expected 0 arguments, but got 1.
     i1o1.C1M1(1);
-              ~
-!!! error TS2554: Expected 0 arguments, but got 1.
     F1(1);
        ~
 !!! error TS2554: Expected 0 arguments, but got 1.
     L1(1);
-       ~
-!!! error TS2554: Expected 0 arguments, but got 1.
     c1o1.C1M2();
-         ~~~~
-!!! error TS2554: Expected 1 arguments, but got 0.
-!!! related TS6210 optionalParamArgsTest.ts:23:17: An argument for 'C1M2A1' was not provided.
     i1o1.C1M2();
-         ~~~~
-!!! error TS2554: Expected 1 arguments, but got 0.
-!!! related TS6210 optionalParamArgsTest.ts:11:10: An argument for 'C1M2A1' was not provided.
     F2();
     ~~
 !!! error TS2554: Expected 1 arguments, but got 0.
 !!! related TS6210 optionalParamArgsTest.ts:45:13: An argument for 'F2A1' was not provided.
     L2();
-    ~~
-!!! error TS2554: Expected 1 arguments, but got 0.
-!!! related TS6210 optionalParamArgsTest.ts:50:20: An argument for 'L2A1' was not provided.
     c1o1.C1M2(1,2);
-                ~
-!!! error TS2554: Expected 1 arguments, but got 2.
     i1o1.C1M2(1,2);
-                ~
-!!! error TS2554: Expected 1 arguments, but got 2.
     F2(1,2);
          ~
 !!! error TS2554: Expected 1 arguments, but got 2.
     L2(1,2);
-         ~
-!!! error TS2554: Expected 1 arguments, but got 2.
     c1o1.C1M3(1,2,3);
-                  ~
-!!! error TS2554: Expected 0-2 arguments, but got 3.
     i1o1.C1M3(1,2,3);
-                  ~
-!!! error TS2554: Expected 0-2 arguments, but got 3.
     F3(1,2,3);
            ~
 !!! error TS2554: Expected 0-2 arguments, but got 3.
     L3(1,2,3);
-           ~
-!!! error TS2554: Expected 0-2 arguments, but got 3.
     c1o1.C1M4();
-         ~~~~
-!!! error TS2554: Expected 1-2 arguments, but got 0.
-!!! related TS6210 optionalParamArgsTest.ts:29:17: An argument for 'C1M4A1' was not provided.
     i1o1.C1M4();
-         ~~~~
-!!! error TS2554: Expected 1-2 arguments, but got 0.
-!!! related TS6210 optionalParamArgsTest.ts:13:10: An argument for 'C1M4A1' was not provided.
     F4();
     ~~
 !!! error TS2554: Expected 1-2 arguments, but got 0.
 !!! related TS6210 optionalParamArgsTest.ts:47:13: An argument for 'F4A1' was not provided.
     L4();
-    ~~
-!!! error TS2554: Expected 1-2 arguments, but got 0.
-!!! related TS6210 optionalParamArgsTest.ts:52:20: An argument for 'L4A1' was not provided.
     
     function fnOpt1(id: number, children: number[] = [], expectedPath: number[] = [], isRoot?: boolean): void {}
     function fnOpt2(id: number, children?: number[], expectedPath?: number[], isRoot?: boolean): void {}

</message>
<stacktrace>
  at org.junit.Assert.fail(Assert.java:89)
  at kotlin.test.junit.JUnitAsserter.fail(JUnitSupport.kt:56)
  at kotlin.test.AssertionsKt__AssertionsKt.fail(Assertions.kt:563)
  at kotlin.test.AssertionsKt.fail(Unknown Source)
  at com.xemantic.kotlin.test.SameAsKt.sameAs(SameAs.kt:52)
  at com.xemantic.typescript.compiler.TypeScriptTestSupportKt.errorsMatchBaseline(TypeScriptTestSupport.kt:135)
  at com.xemantic.typescript.compiler.TypeScriptCompilerTests_O.optionalParamArgsTest_ts has expected errors matching optionalParamArgsTest_errors_txt(TypeScriptCompilerTests_O.kt:819)
  at java.base/jdk.internal.reflect.DirectMethodHandleAccessor.invoke(DirectMethodHandleAccessor.java:104)
  at java.base/java.lang.reflect.Method.invoke(Method.java:565)
  at org.junit.runners.model.FrameworkMethod$1.runReflectiveCall(FrameworkMethod.java:59)
  at org.junit.internal.runners.model.ReflectiveCallable.run(ReflectiveCallable.java:12)
  at org.junit.runners.model.FrameworkMethod.invokeExplosively(FrameworkMethod.java:56)
  at org.junit.internal.runners.statements.InvokeMethod.evaluate(InvokeMethod.java:17)
  at org.junit.runners.ParentRunner$3.evaluate(ParentRunner.java:306)
  at org.junit.runners.BlockJUnit4ClassRunner$1.evaluate(BlockJUnit4ClassRunner.java:100)
  at org.junit.runners.ParentRunner.runLeaf(ParentRunner.java:366)
  at org.junit.runners.BlockJUnit4ClassRunner.runChild(BlockJUnit4ClassRunner.java:103)
  at org.junit.runners.BlockJUnit4ClassRunner.runChild(BlockJUnit4ClassRunner.java:63)
  at org.junit.runners.ParentRunner$4.run(ParentRunner.java:331)
  at org.junit.runners.ParentRunner$1.schedule(ParentRunner.java:79)
  at org.junit.runners.ParentRunner.runChildren(ParentRunner.java:329)
  at org.junit.runners.ParentRunner.access$100(ParentRunner.java:66)
  at org.junit.runners.ParentRunner$2.evaluate(ParentRunner.java:293)
  at org.junit.runners.ParentRunner$3.evaluate(ParentRunner.java:306)
  at org.junit.runners.ParentRunner.run(ParentRunner.java:413)
  at org.junit.runner.JUnitCore.run(JUnitCore.java:137)
  at org.junit.runner.JUnitCore.run(JUnitCore.java:115)
  at org.gradle.api.internal.tasks.testing.junit.JUnitTestExecutor.runRequest(JUnitTestExecutor.java:175)
  at org.gradle.api.internal.tasks.testing.junit.JUnitTestExecutor.accept(JUnitTestExecutor.java:84)
  at org.gradle.api.internal.tasks.testing.junit.JUnitTestExecutor.accept(JUnitTestExecutor.java:47)
  at org.gradle.api.internal.tasks.testing.junit.AbstractJUnitTestDefinitionProcessor.processTestDefinition(AbstractJUnitTestDefinitionProcessor.java:65)
  at org.gradle.api.internal.tasks.testing.SuiteTestDefinitionProcessor.processTestDefinition(SuiteTestDefinitionProcessor.java:54)
  at java.base/jdk.internal.reflect.DirectMethodHandleAccessor.invoke(DirectMethodHandleAccessor.java:104)
  at java.base/java.lang.reflect.Method.invoke(Method.java:565)
  at org.gradle.internal.dispatch.MethodInvocation.invokeOn(MethodInvocation.java:77)
  at org.gradle.internal.dispatch.ReflectionDispatch.dispatch(ReflectionDispatch.java:28)
  at org.gradle.internal.dispatch.ReflectionDispatch.dispatch(ReflectionDispatch.java:19)
  at org.gradle.internal.dispatch.ContextClassLoaderDispatch.dispatch(ContextClassLoaderDispatch.java:33)
  at org.gradle.internal.dispatch.ProxyDispatchAdapter$DispatchingInvocationHandler.invoke(ProxyDispatchAdapter.java:88)
  at jdk.proxy1/jdk.proxy1.$Proxy4.processTestDefinition(Unknown Source)
  at org.gradle.api.internal.tasks.testing.worker.TestWorker$2.run(TestWorker.java:178)
  at org.gradle.api.internal.tasks.testing.worker.TestWorker.executeAndMaintainThreadName(TestWorker.java:126)
  at org.gradle.api.internal.tasks.testing.worker.TestWorker.execute(TestWorker.java:103)
  at org.gradle.api.internal.tasks.testing.worker.TestWorker.execute(TestWorker.java:63)
  at org.gradle.process.internal.worker.child.ActionExecutionWorker.execute(ActionExecutionWorker.java:56)
  at org.gradle.process.internal.worker.child.SystemApplicationClassLoaderWorker.call(SystemApplicationClassLoaderWorker.java:122)
  at org.gradle.process.internal.worker.child.SystemApplicationClassLoaderWorker.call(SystemApplicationClassLoaderWorker.java:72)
  at worker.org.gradle.process.internal.worker.GradleWorkerMain.run(GradleWorkerMain.java:69)
  at worker.org.gradle.process.internal.worker.GradleWorkerMain.main(GradleWorkerMain.java:74)
</stacktrace>
</test-failure>


TypeScriptCompilerTests_O[jvm] > optionalParamArgsTest_ts has expected errors matching optionalParamArgsTest_errors_txt[jvm] FAILED

<test-failure test="com.xemantic.typescript.compiler.TypeScriptCompilerTests_O.overloadErrorMatchesImplementationElaboaration_ts has expected errors matching overloadErrorMatchesImplementationElaboaration_errors_txt" platform="jvm">
<message>
Expected diagnostics from baseline typescript-repo/tests/baselines/reference/overloadErrorMatchesImplementationElaboaration.errors.txt but none produced
</message>
<stacktrace>
  at com.xemantic.typescript.compiler.TypeScriptTestSupportKt.errorsMatchBaseline(TypeScriptTestSupport.kt:125)
  at com.xemantic.typescript.compiler.TypeScriptCompilerTests_O.overloadErrorMatchesImplementationElaboaration_ts has expected errors matching overloadErrorMatchesImplementationElaboaration_errors_txt(TypeScriptCompilerTests_O.kt:1463)
  at java.base/jdk.internal.reflect.DirectMethodHandleAccessor.invoke(DirectMethodHandleAccessor.java:104)
  at java.base/java.lang.reflect.Method.invoke(Method.java:565)
  at org.junit.runners.model.FrameworkMethod$1.runReflectiveCall(FrameworkMethod.java:59)
  at org.junit.internal.runners.model.ReflectiveCallable.run(ReflectiveCallable.java:12)
  at org.junit.runners.model.FrameworkMethod.invokeExplosively(FrameworkMethod.java:56)
  at org.junit.internal.runners.statements.InvokeMethod.evaluate(InvokeMethod.java:17)
  at org.junit.runners.ParentRunner$3.evaluate(ParentRunner.java:306)
  at org.junit.runners.BlockJUnit4ClassRunner$1.evaluate(BlockJUnit4ClassRunner.java:100)
  at org.junit.runners.ParentRunner.runLeaf(ParentRunner.java:366)
  at org.junit.runners.BlockJUnit4ClassRunner.runChild(BlockJUnit4ClassRunner.java:103)
  at org.junit.runners.BlockJUnit4ClassRunner.runChild(BlockJUnit4ClassRunner.java:63)
  at org.junit.runners.ParentRunner$4.run(ParentRunner.java:331)
  at org.junit.runners.ParentRunner$1.schedule(ParentRunner.java:79)
  at org.junit.runners.ParentRunner.runChildren(ParentRunner.java:329)
  at org.junit.runners.ParentRunner.access$100(ParentRunner.java:66)
  at org.junit.runners.ParentRunner$2.evaluate(ParentRunner.java:293)
  at org.junit.runners.ParentRunner$3.evaluate(ParentRunner.java:306)
  at org.junit.runners.ParentRunner.run(ParentRunner.java:413)
  at org.junit.runner.JUnitCore.run(JUnitCore.java:137)
  at org.junit.runner.JUnitCore.run(JUnitCore.java:115)
  at org.gradle.api.internal.tasks.testing.junit.JUnitTestExecutor.runRequest(JUnitTestExecutor.java:175)
  at org.gradle.api.internal.tasks.testing.junit.JUnitTestExecutor.accept(JUnitTestExecutor.java:84)
  at org.gradle.api.internal.tasks.testing.junit.JUnitTestExecutor.accept(JUnitTestExecutor.java:47)
  at org.gradle.api.internal.tasks.testing.junit.AbstractJUnitTestDefinitionProcessor.processTestDefinition(AbstractJUnitTestDefinitionProcessor.java:65)
  at org.gradle.api.internal.tasks.testing.SuiteTestDefinitionProcessor.processTestDefinition(SuiteTestDefinitionProcessor.java:54)
  at java.base/jdk.internal.reflect.DirectMethodHandleAccessor.invoke(DirectMethodHandleAccessor.java:104)
  at java.base/java.lang.reflect.Method.invoke(Method.java:565)
  at org.gradle.internal.dispatch.MethodInvocation.invokeOn(MethodInvocation.java:77)
  at org.gradle.internal.dispatch.ReflectionDispatch.dispatch(ReflectionDispatch.java:28)
  at org.gradle.internal.dispatch.ReflectionDispatch.dispatch(ReflectionDispatch.java:19)
  at org.gradle.internal.dispatch.ContextClassLoaderDispatch.dispatch(ContextClassLoaderDispatch.java:33)
  at org.gradle.internal.dispatch.ProxyDispatchAdapter$DispatchingInvocationHandler.invoke(ProxyDispatchAdapter.java:88)
  at jdk.proxy1/jdk.proxy1.$Proxy4.processTestDefinition(Unknown Source)
  at org.gradle.api.internal.tasks.testing.worker.TestWorker$2.run(TestWorker.java:178)
  at org.gradle.api.internal.tasks.testing.worker.TestWorker.executeAndMaintainThreadName(TestWorker.java:126)
  at org.gradle.api.internal.tasks.testing.worker.TestWorker.execute(TestWorker.java:103)
  at org.gradle.api.internal.tasks.testing.worker.TestWorker.execute(TestWorker.java:63)
  at org.gradle.process.internal.worker.child.ActionExecutionWorker.execute(ActionExecutionWorker.java:56)
  at org.gradle.process.internal.worker.child.SystemApplicationClassLoaderWorker.call(SystemApplicationClassLoaderWorker.java:122)
  at org.gradle.process.internal.worker.child.SystemApplicationClassLoaderWorker.call(SystemApplicationClassLoaderWorker.java:72)
  at worker.org.gradle.process.internal.worker.GradleWorkerMain.run(GradleWorkerMain.java:69)
  at worker.org.gradle.process.internal.worker.GradleWorkerMain.main(GradleWorkerMain.java:74)
</stacktrace>
</test-failure>


TypeScriptCompilerTests_O[jvm] > overloadErrorMatchesImplementationElaboaration_ts has expected errors matching overloadErrorMatchesImplementationElaboaration_errors_txt[jvm] FAILED

<test-failure test="com.xemantic.typescript.compiler.TypeScriptCompilerTests_O.overloadResolutionTest1_ts has expected errors matching overloadResolutionTest1_errors_txt" platform="jvm">
<message>
Expected diagnostics from baseline typescript-repo/tests/baselines/reference/overloadResolutionTest1.errors.txt but none produced
</message>
<stacktrace>
  at com.xemantic.typescript.compiler.TypeScriptTestSupportKt.errorsMatchBaseline(TypeScriptTestSupport.kt:125)
  at com.xemantic.typescript.compiler.TypeScriptCompilerTests_O.overloadResolutionTest1_ts has expected errors matching overloadResolutionTest1_errors_txt(TypeScriptCompilerTests_O.kt:1757)
  at java.base/jdk.internal.reflect.DirectMethodHandleAccessor.invoke(DirectMethodHandleAccessor.java:104)
  at java.base/java.lang.reflect.Method.invoke(Method.java:565)
  at org.junit.runners.model.FrameworkMethod$1.runReflectiveCall(FrameworkMethod.java:59)
  at org.junit.internal.runners.model.ReflectiveCallable.run(ReflectiveCallable.java:12)
  at org.junit.runners.model.FrameworkMethod.invokeExplosively(FrameworkMethod.java:56)
  at org.junit.internal.runners.statements.InvokeMethod.evaluate(InvokeMethod.java:17)
  at org.junit.runners.ParentRunner$3.evaluate(ParentRunner.java:306)
  at org.junit.runners.BlockJUnit4ClassRunner$1.evaluate(BlockJUnit4ClassRunner.java:100)
  at org.junit.runners.ParentRunner.runLeaf(ParentRunner.java:366)
  at org.junit.runners.BlockJUnit4ClassRunner.runChild(BlockJUnit4ClassRunner.java:103)
  at org.junit.runners.BlockJUnit4ClassRunner.runChild(BlockJUnit4ClassRunner.java:63)
  at org.junit.runners.ParentRunner$4.run(ParentRunner.java:331)
  at org.junit.runners.ParentRunner$1.schedule(ParentRunner.java:79)
  at org.junit.runners.ParentRunner.runChildren(ParentRunner.java:329)
  at org.junit.runners.ParentRunner.access$100(ParentRunner.java:66)
  at org.junit.runners.ParentRunner$2.evaluate(ParentRunner.java:293)
  at org.junit.runners.ParentRunner$3.evaluate(ParentRunner.java:306)
  at org.junit.runners.ParentRunner.run(ParentRunner.java:413)
  at org.junit.runner.JUnitCore.run(JUnitCore.java:137)
  at org.junit.runner.JUnitCore.run(JUnitCore.java:115)
  at org.gradle.api.internal.tasks.testing.junit.JUnitTestExecutor.runRequest(JUnitTestExecutor.java:175)
  at org.gradle.api.internal.tasks.testing.junit.JUnitTestExecutor.accept(JUnitTestExecutor.java:84)
  at org.gradle.api.internal.tasks.testing.junit.JUnitTestExecutor.accept(JUnitTestExecutor.java:47)
  at org.gradle.api.internal.tasks.testing.junit.AbstractJUnitTestDefinitionProcessor.processTestDefinition(AbstractJUnitTestDefinitionProcessor.java:65)
  at org.gradle.api.internal.tasks.testing.SuiteTestDefinitionProcessor.processTestDefinition(SuiteTestDefinitionProcessor.java:54)
  at java.base/jdk.internal.reflect.DirectMethodHandleAccessor.invoke(DirectMethodHandleAccessor.java:104)
  at java.base/java.lang.reflect.Method.invoke(Method.java:565)
  at org.gradle.internal.dispatch.MethodInvocation.invokeOn(MethodInvocation.java:77)
  at org.gradle.internal.dispatch.ReflectionDispatch.dispatch(ReflectionDispatch.java:28)
  at org.gradle.internal.dispatch.ReflectionDispatch.dispatch(ReflectionDispatch.java:19)
  at org.gradle.internal.dispatch.ContextClassLoaderDispatch.dispatch(ContextClassLoaderDispatch.java:33)
  at org.gradle.internal.dispatch.ProxyDispatchAdapter$DispatchingInvocationHandler.invoke(ProxyDispatchAdapter.java:88)
  at jdk.proxy1/jdk.proxy1.$Proxy4.processTestDefinition(Unknown Source)
  at org.gradle.api.internal.tasks.testing.worker.TestWorker$2.run(TestWorker.java:178)
  at org.gradle.api.internal.tasks.testing.worker.TestWorker.executeAndMaintainThreadName(TestWorker.java:126)
  at org.gradle.api.internal.tasks.testing.worker.TestWorker.execute(TestWorker.java:103)
  at org.gradle.api.internal.tasks.testing.worker.TestWorker.execute(TestWorker.java:63)
  at org.gradle.process.internal.worker.child.ActionExecutionWorker.execute(ActionExecutionWorker.java:56)
  at org.gradle.process.internal.worker.child.SystemApplicationClassLoaderWorker.call(SystemApplicationClassLoaderWorker.java:122)
  at org.gradle.process.internal.worker.child.SystemApplicationClassLoaderWorker.call(SystemApplicationClassLoaderWorker.java:72)
  at worker.org.gradle.process.internal.worker.GradleWorkerMain.run(GradleWorkerMain.java:69)
  at worker.org.gradle.process.internal.worker.GradleWorkerMain.main(GradleWorkerMain.java:74)
</stacktrace>
</test-failure>


TypeScriptCompilerTests_O[jvm] > overloadResolutionTest1_ts has expected errors matching overloadResolutionTest1_errors_txt[jvm] FAILED

<test-failure test="com.xemantic.typescript.compiler.TypeScriptCompilerTests_O.objectCreate-errors_ts has expected errors matching objectCreate-errors_errors_txt" platform="jvm">
<message>
Expected diagnostics from baseline typescript-repo/tests/baselines/reference/objectCreate-errors.errors.txt but none produced
</message>
<stacktrace>
  at com.xemantic.typescript.compiler.TypeScriptTestSupportKt.errorsMatchBaseline(TypeScriptTestSupport.kt:125)
  at com.xemantic.typescript.compiler.TypeScriptCompilerTests_O.objectCreate-errors_ts has expected errors matching objectCreate-errors_errors_txt(TypeScriptCompilerTests_O.kt:49)
  at java.base/jdk.internal.reflect.DirectMethodHandleAccessor.invoke(DirectMethodHandleAccessor.java:104)
  at java.base/java.lang.reflect.Method.invoke(Method.java:565)
  at org.junit.runners.model.FrameworkMethod$1.runReflectiveCall(FrameworkMethod.java:59)
  at org.junit.internal.runners.model.ReflectiveCallable.run(ReflectiveCallable.java:12)
  at org.junit.runners.model.FrameworkMethod.invokeExplosively(FrameworkMethod.java:56)
  at org.junit.internal.runners.statements.InvokeMethod.evaluate(InvokeMethod.java:17)
  at org.junit.runners.ParentRunner$3.evaluate(ParentRunner.java:306)
  at org.junit.runners.BlockJUnit4ClassRunner$1.evaluate(BlockJUnit4ClassRunner.java:100)
  at org.junit.runners.ParentRunner.runLeaf(ParentRunner.java:366)
  at org.junit.runners.BlockJUnit4ClassRunner.runChild(BlockJUnit4ClassRunner.java:103)
  at org.junit.runners.BlockJUnit4ClassRunner.runChild(BlockJUnit4ClassRunner.java:63)
  at org.junit.runners.ParentRunner$4.run(ParentRunner.java:331)
  at org.junit.runners.ParentRunner$1.schedule(ParentRunner.java:79)
  at org.junit.runners.ParentRunner.runChildren(ParentRunner.java:329)
  at org.junit.runners.ParentRunner.access$100(ParentRunner.java:66)
  at org.junit.runners.ParentRunner$2.evaluate(ParentRunner.java:293)
  at org.junit.runners.ParentRunner$3.evaluate(ParentRunner.java:306)
  at org.junit.runners.ParentRunner.run(ParentRunner.java:413)
  at org.junit.runner.JUnitCore.run(JUnitCore.java:137)
  at org.junit.runner.JUnitCore.run(JUnitCore.java:115)
  at org.gradle.api.internal.tasks.testing.junit.JUnitTestExecutor.runRequest(JUnitTestExecutor.java:175)
  at org.gradle.api.internal.tasks.testing.junit.JUnitTestExecutor.accept(JUnitTestExecutor.java:84)
  at org.gradle.api.internal.tasks.testing.junit.JUnitTestExecutor.accept(JUnitTestExecutor.java:47)
  at org.gradle.api.internal.tasks.testing.junit.AbstractJUnitTestDefinitionProcessor.processTestDefinition(AbstractJUnitTestDefinitionProcessor.java:65)
  at org.gradle.api.internal.tasks.testing.SuiteTestDefinitionProcessor.processTestDefinition(SuiteTestDefinitionProcessor.java:54)
  at java.base/jdk.internal.reflect.DirectMethodHandleAccessor.invoke(DirectMethodHandleAccessor.java:104)
  at java.base/java.lang.reflect.Method.invoke(Method.java:565)
  at org.gradle.internal.dispatch.MethodInvocation.invokeOn(MethodInvocation.java:77)
  at org.gradle.internal.dispatch.ReflectionDispatch.dispatch(ReflectionDispatch.java:28)
  at org.gradle.internal.dispatch.ReflectionDispatch.dispatch(ReflectionDispatch.java:19)
  at org.gradle.internal.dispatch.ContextClassLoaderDispatch.dispatch(ContextClassLoaderDispatch.java:33)
  at org.gradle.internal.dispatch.ProxyDispatchAdapter$DispatchingInvocationHandler.invoke(ProxyDispatchAdapter.java:88)
  at jdk.proxy1/jdk.proxy1.$Proxy4.processTestDefinition(Unknown Source)
  at org.gradle.api.internal.tasks.testing.worker.TestWorker$2.run(TestWorker.java:178)
  at org.gradle.api.internal.tasks.testing.worker.TestWorker.executeAndMaintainThreadName(TestWorker.java:126)
  at org.gradle.api.internal.tasks.testing.worker.TestWorker.execute(TestWorker.java:103)
  at org.gradle.api.internal.tasks.testing.worker.TestWorker.execute(TestWorker.java:63)
  at org.gradle.process.internal.worker.child.ActionExecutionWorker.execute(ActionExecutionWorker.java:56)
  at org.gradle.process.internal.worker.child.SystemApplicationClassLoaderWorker.call(SystemApplicationClassLoaderWorker.java:122)
  at org.gradle.process.internal.worker.child.SystemApplicationClassLoaderWorker.call(SystemApplicationClassLoaderWorker.java:72)
  at worker.org.gradle.process.internal.worker.GradleWorkerMain.run(GradleWorkerMain.java:69)
  at worker.org.gradle.process.internal.worker.GradleWorkerMain.main(GradleWorkerMain.java:74)
</stacktrace>
</test-failure>


TypeScriptCompilerTests_O[jvm] > objectCreate-errors_ts has expected errors matching objectCreate-errors_errors_txt[jvm] FAILED

<test-failure test="com.xemantic.typescript.compiler.TypeScriptCompilerTests_O.objectLitStructuralTypeMismatch_ts has expected errors matching objectLitStructuralTypeMismatch_errors_txt" platform="jvm">
<message>
Expected diagnostics from baseline typescript-repo/tests/baselines/reference/objectLitStructuralTypeMismatch.errors.txt but none produced
</message>
<stacktrace>
  at com.xemantic.typescript.compiler.TypeScriptTestSupportKt.errorsMatchBaseline(TypeScriptTestSupport.kt:125)
  at com.xemantic.typescript.compiler.TypeScriptCompilerTests_O.objectLitStructuralTypeMismatch_ts has expected errors matching objectLitStructuralTypeMismatch_errors_txt(TypeScriptCompilerTests_O.kt:217)
  at java.base/jdk.internal.reflect.DirectMethodHandleAccessor.invoke(DirectMethodHandleAccessor.java:104)
  at java.base/java.lang.reflect.Method.invoke(Method.java:565)
  at org.junit.runners.model.FrameworkMethod$1.runReflectiveCall(FrameworkMethod.java:59)
  at org.junit.internal.runners.model.ReflectiveCallable.run(ReflectiveCallable.java:12)
  at org.junit.runners.model.FrameworkMethod.invokeExplosively(FrameworkMethod.java:56)
  at org.junit.internal.runners.statements.InvokeMethod.evaluate(InvokeMethod.java:17)
  at org.junit.runners.ParentRunner$3.evaluate(ParentRunner.java:306)
  at org.junit.runners.BlockJUnit4ClassRunner$1.evaluate(BlockJUnit4ClassRunner.java:100)
  at org.junit.runners.ParentRunner.runLeaf(ParentRunner.java:366)
  at org.junit.runners.BlockJUnit4ClassRunner.runChild(BlockJUnit4ClassRunner.java:103)
  at org.junit.runners.BlockJUnit4ClassRunner.runChild(BlockJUnit4ClassRunner.java:63)
  at org.junit.runners.ParentRunner$4.run(ParentRunner.java:331)
  at org.junit.runners.ParentRunner$1.schedule(ParentRunner.java:79)
  at org.junit.runners.ParentRunner.runChildren(ParentRunner.java:329)
  at org.junit.runners.ParentRunner.access$100(ParentRunner.java:66)
  at org.junit.runners.ParentRunner$2.evaluate(ParentRunner.java:293)
  at org.junit.runners.ParentRunner$3.evaluate(ParentRunner.java:306)
  at org.junit.runners.ParentRunner.run(ParentRunner.java:413)
  at org.junit.runner.JUnitCore.run(JUnitCore.java:137)
  at org.junit.runner.JUnitCore.run(JUnitCore.java:115)
  at org.gradle.api.internal.tasks.testing.junit.JUnitTestExecutor.runRequest(JUnitTestExecutor.java:175)
  at org.gradle.api.internal.tasks.testing.junit.JUnitTestExecutor.accept(JUnitTestExecutor.java:84)
  at org.gradle.api.internal.tasks.testing.junit.JUnitTestExecutor.accept(JUnitTestExecutor.java:47)
  at org.gradle.api.internal.tasks.testing.junit.AbstractJUnitTestDefinitionProcessor.processTestDefinition(AbstractJUnitTestDefinitionProcessor.java:65)
  at org.gradle.api.internal.tasks.testing.SuiteTestDefinitionProcessor.processTestDefinition(SuiteTestDefinitionProcessor.java:54)
  at java.base/jdk.internal.reflect.DirectMethodHandleAccessor.invoke(DirectMethodHandleAccessor.java:104)
  at java.base/java.lang.reflect.Method.invoke(Method.java:565)
  at org.gradle.internal.dispatch.MethodInvocation.invokeOn(MethodInvocation.java:77)
  at org.gradle.internal.dispatch.ReflectionDispatch.dispatch(ReflectionDispatch.java:28)
  at org.gradle.internal.dispatch.ReflectionDispatch.dispatch(ReflectionDispatch.java:19)
  at org.gradle.internal.dispatch.ContextClassLoaderDispatch.dispatch(ContextClassLoaderDispatch.java:33)
  at org.gradle.internal.dispatch.ProxyDispatchAdapter$DispatchingInvocationHandler.invoke(ProxyDispatchAdapter.java:88)
  at jdk.proxy1/jdk.proxy1.$Proxy4.processTestDefinition(Unknown Source)
  at org.gradle.api.internal.tasks.testing.worker.TestWorker$2.run(TestWorker.java:178)
  at org.gradle.api.internal.tasks.testing.worker.TestWorker.executeAndMaintainThreadName(TestWorker.java:126)
  at org.gradle.api.internal.tasks.testing.worker.TestWorker.execute(TestWorker.java:103)
  at org.gradle.api.internal.tasks.testing.worker.TestWorker.execute(TestWorker.java:63)
  at org.gradle.process.internal.worker.child.ActionExecutionWorker.execute(ActionExecutionWorker.java:56)
  at org.gradle.process.internal.worker.child.SystemApplicationClassLoaderWorker.call(SystemApplicationClassLoaderWorker.java:122)
  at org.gradle.process.internal.worker.child.SystemApplicationClassLoaderWorker.call(SystemApplicationClassLoaderWorker.java:72)
  at worker.org.gradle.process.internal.worker.GradleWorkerMain.run(GradleWorkerMain.java:69)
  at worker.org.gradle.process.internal.worker.GradleWorkerMain.main(GradleWorkerMain.java:74)
</stacktrace>
</test-failure>


TypeScriptCompilerTests_O[jvm] > objectLitStructuralTypeMismatch_ts has expected errors matching objectLitStructuralTypeMismatch_errors_txt[jvm] FAILED

<test-failure test="com.xemantic.typescript.compiler.TypeScriptCompilerTests_O.optionalParamterAndVariableDeclaration2_ts has expected errors matching optionalParamterAndVariableDeclaration2_errors_txt" platform="jvm">
<message>
Expected diagnostics from baseline typescript-repo/tests/baselines/reference/optionalParamterAndVariableDeclaration2.errors.txt but none produced
</message>
<stacktrace>
  at com.xemantic.typescript.compiler.TypeScriptTestSupportKt.errorsMatchBaseline(TypeScriptTestSupport.kt:125)
  at com.xemantic.typescript.compiler.TypeScriptCompilerTests_O.optionalParamterAndVariableDeclaration2_ts has expected errors matching optionalParamterAndVariableDeclaration2_errors_txt(TypeScriptCompilerTests_O.kt:959)
  at java.base/jdk.internal.reflect.DirectMethodHandleAccessor.invoke(DirectMethodHandleAccessor.java:104)
  at java.base/java.lang.reflect.Method.invoke(Method.java:565)
  at org.junit.runners.model.FrameworkMethod$1.runReflectiveCall(FrameworkMethod.java:59)
  at org.junit.internal.runners.model.ReflectiveCallable.run(ReflectiveCallable.java:12)
  at org.junit.runners.model.FrameworkMethod.invokeExplosively(FrameworkMethod.java:56)
  at org.junit.internal.runners.statements.InvokeMethod.evaluate(InvokeMethod.java:17)
  at org.junit.runners.ParentRunner$3.evaluate(ParentRunner.java:306)
  at org.junit.runners.BlockJUnit4ClassRunner$1.evaluate(BlockJUnit4ClassRunner.java:100)
  at org.junit.runners.ParentRunner.runLeaf(ParentRunner.java:366)
  at org.junit.runners.BlockJUnit4ClassRunner.runChild(BlockJUnit4ClassRunner.java:103)
  at org.junit.runners.BlockJUnit4ClassRunner.runChild(BlockJUnit4ClassRunner.java:63)
  at org.junit.runners.ParentRunner$4.run(ParentRunner.java:331)
  at org.junit.runners.ParentRunner$1.schedule(ParentRunner.java:79)
  at org.junit.runners.ParentRunner.runChildren(ParentRunner.java:329)
  at org.junit.runners.ParentRunner.access$100(ParentRunner.java:66)
  at org.junit.runners.ParentRunner$2.evaluate(ParentRunner.java:293)
  at org.junit.runners.ParentRunner$3.evaluate(ParentRunner.java:306)
  at org.junit.runners.ParentRunner.run(ParentRunner.java:413)
  at org.junit.runner.JUnitCore.run(JUnitCore.java:137)
  at org.junit.runner.JUnitCore.run(JUnitCore.java:115)
  at org.gradle.api.internal.tasks.testing.junit.JUnitTestExecutor.runRequest(JUnitTestExecutor.java:175)
  at org.gradle.api.internal.tasks.testing.junit.JUnitTestExecutor.accept(JUnitTestExecutor.java:84)
  at org.gradle.api.internal.tasks.testing.junit.JUnitTestExecutor.accept(JUnitTestExecutor.java:47)
  at org.gradle.api.internal.tasks.testing.junit.AbstractJUnitTestDefinitionProcessor.processTestDefinition(AbstractJUnitTestDefinitionProcessor.java:65)
  at org.gradle.api.internal.tasks.testing.SuiteTestDefinitionProcessor.processTestDefinition(SuiteTestDefinitionProcessor.java:54)
  at java.base/jdk.internal.reflect.DirectMethodHandleAccessor.invoke(DirectMethodHandleAccessor.java:104)
  at java.base/java.lang.reflect.Method.invoke(Method.java:565)
  at org.gradle.internal.dispatch.MethodInvocation.invokeOn(MethodInvocation.java:77)
  at org.gradle.internal.dispatch.ReflectionDispatch.dispatch(ReflectionDispatch.java:28)
  at org.gradle.internal.dispatch.ReflectionDispatch.dispatch(ReflectionDispatch.java:19)
  at org.gradle.internal.dispatch.ContextClassLoaderDispatch.dispatch(ContextClassLoaderDispatch.java:33)
  at org.gradle.internal.dispatch.ProxyDispatchAdapter$DispatchingInvocationHandler.invoke(ProxyDispatchAdapter.java:88)
  at jdk.proxy1/jdk.proxy1.$Proxy4.processTestDefinition(Unknown Source)
  at org.gradle.api.internal.tasks.testing.worker.TestWorker$2.run(TestWorker.java:178)
  at org.gradle.api.internal.tasks.testing.worker.TestWorker.executeAndMaintainThreadName(TestWorker.java:126)
  at org.gradle.api.internal.tasks.testing.worker.TestWorker.execute(TestWorker.java:103)
  at org.gradle.api.internal.tasks.testing.worker.TestWorker.execute(TestWorker.java:63)
  at org.gradle.process.internal.worker.child.ActionExecutionWorker.execute(ActionExecutionWorker.java:56)
  at org.gradle.process.internal.worker.child.SystemApplicationClassLoaderWorker.call(SystemApplicationClassLoaderWorker.java:122)
  at org.gradle.process.internal.worker.child.SystemApplicationClassLoaderWorker.call(SystemApplicationClassLoaderWorker.java:72)
  at worker.org.gradle.process.internal.worker.GradleWorkerMain.run(GradleWorkerMain.java:69)
  at worker.org.gradle.process.internal.worker.GradleWorkerMain.main(GradleWorkerMain.java:74)
</stacktrace>
</test-failure>


TypeScriptCompilerTests_O[jvm] > optionalParamterAndVariableDeclaration2_ts has expected errors matching optionalParamterAndVariableDeclaration2_errors_txt[jvm] FAILED

<test-failure test="com.xemantic.typescript.compiler.TypeScriptCompilerTests_O.optionalParamTypeComparison_ts has expected errors matching optionalParamTypeComparison_errors_txt" platform="jvm">
<message>
--- expected
+++ actual
@@ -1,11 +1,9 @@
-optionalParamTypeComparison.ts(4,1): error TS2322: Type '(s: string, b?: boolean | undefined) => void' is not assignable to type '(s: string, n?: number | undefined) => void'.
+optionalParamTypeComparison.ts(4,1): error TS2322: Type '(s: string, b: boolean) => void' is not assignable to type '(s: string, n: number) => void'.
   Types of parameters 'b' and 'n' are incompatible.
-    Type 'number | undefined' is not assignable to type 'boolean | undefined'.
-      Type 'number' is not assignable to type 'boolean | undefined'.
-optionalParamTypeComparison.ts(5,1): error TS2322: Type '(s: string, n?: number | undefined) => void' is not assignable to type '(s: string, b?: boolean | undefined) => void'.
+    Type 'number' is not assignable to type 'boolean'.
+optionalParamTypeComparison.ts(5,1): error TS2322: Type '(s: string, n: number) => void' is not assignable to type '(s: string, b: boolean) => void'.
   Types of parameters 'n' and 'b' are incompatible.
-    Type 'boolean | undefined' is not assignable to type 'number | undefined'.
-      Type 'boolean' is not assignable to type 'number'.
+    Type 'boolean' is not assignable to type 'number'.
 
 
 ==== optionalParamTypeComparison.ts (2 errors) ====
@@ -14,13 +12,11 @@
     
     f = g;
     ~
-!!! error TS2322: Type '(s: string, b?: boolean | undefined) => void' is not assignable to type '(s: string, n?: number | undefined) => void'.
+!!! error TS2322: Type '(s: string, b: boolean) => void' is not assignable to type '(s: string, n: number) => void'.
 !!! error TS2322:   Types of parameters 'b' and 'n' are incompatible.
-!!! error TS2322:     Type 'number | undefined' is not assignable to type 'boolean | undefined'.
-!!! error TS2322:       Type 'number' is not assignable to type 'boolean | undefined'.
+!!! error TS2322:     Type 'number' is not assignable to type 'boolean'.
     g = f;
     ~
-!!! error TS2322: Type '(s: string, n?: number | undefined) => void' is not assignable to type '(s: string, b?: boolean | undefined) => void'.
+!!! error TS2322: Type '(s: string, n: number) => void' is not assignable to type '(s: string, b: boolean) => void'.
 !!! error TS2322:   Types of parameters 'n' and 'b' are incompatible.
-!!! error TS2322:     Type 'boolean | undefined' is not assignable to type 'number | undefined'.
-!!! error TS2322:       Type 'boolean' is not assignable to type 'number'.
+!!! error TS2322:     Type 'boolean' is not assignable to type 'number'.

</message>
<stacktrace>
  at org.junit.Assert.fail(Assert.java:89)
  at kotlin.test.junit.JUnitAsserter.fail(JUnitSupport.kt:56)
  at kotlin.test.AssertionsKt__AssertionsKt.fail(Assertions.kt:563)
  at kotlin.test.AssertionsKt.fail(Unknown Source)
  at com.xemantic.kotlin.test.SameAsKt.sameAs(SameAs.kt:52)
  at com.xemantic.typescript.compiler.TypeScriptTestSupportKt.errorsMatchBaseline(TypeScriptTestSupport.kt:135)
  at com.xemantic.typescript.compiler.TypeScriptCompilerTests_O.optionalParamTypeComparison_ts has expected errors matching optionalParamTypeComparison_errors_txt(TypeScriptCompilerTests_O.kt:896)
  at java.base/jdk.internal.reflect.DirectMethodHandleAccessor.invoke(DirectMethodHandleAccessor.java:104)
  at java.base/java.lang.reflect.Method.invoke(Method.java:565)
  at org.junit.runners.model.FrameworkMethod$1.runReflectiveCall(FrameworkMethod.java:59)
  at org.junit.internal.runners.model.ReflectiveCallable.run(ReflectiveCallable.java:12)
  at org.junit.runners.model.FrameworkMethod.invokeExplosively(FrameworkMethod.java:56)
  at org.junit.internal.runners.statements.InvokeMethod.evaluate(InvokeMethod.java:17)
  at org.junit.runners.ParentRunner$3.evaluate(ParentRunner.java:306)
  at org.junit.runners.BlockJUnit4ClassRunner$1.evaluate(BlockJUnit4ClassRunner.java:100)
  at org.junit.runners.ParentRunner.runLeaf(ParentRunner.java:366)
  at org.junit.runners.BlockJUnit4ClassRunner.runChild(BlockJUnit4ClassRunner.java:103)
  at org.junit.runners.BlockJUnit4ClassRunner.runChild(BlockJUnit4ClassRunner.java:63)
  at org.junit.runners.ParentRunner$4.run(ParentRunner.java:331)
  at org.junit.runners.ParentRunner$1.schedule(ParentRunner.java:79)
  at org.junit.runners.ParentRunner.runChildren(ParentRunner.java:329)
  at org.junit.runners.ParentRunner.access$100(ParentRunner.java:66)
  at org.junit.runners.ParentRunner$2.evaluate(ParentRunner.java:293)
  at org.junit.runners.ParentRunner$3.evaluate(ParentRunner.java:306)
  at org.junit.runners.ParentRunner.run(ParentRunner.java:413)
  at org.junit.runner.JUnitCore.run(JUnitCore.java:137)
  at org.junit.runner.JUnitCore.run(JUnitCore.java:115)
  at org.gradle.api.internal.tasks.testing.junit.JUnitTestExecutor.runRequest(JUnitTestExecutor.java:175)
  at org.gradle.api.internal.tasks.testing.junit.JUnitTestExecutor.accept(JUnitTestExecutor.java:84)
  at org.gradle.api.internal.tasks.testing.junit.JUnitTestExecutor.accept(JUnitTestExecutor.java:47)
  at org.gradle.api.internal.tasks.testing.junit.AbstractJUnitTestDefinitionProcessor.processTestDefinition(AbstractJUnitTestDefinitionProcessor.java:65)
  at org.gradle.api.internal.tasks.testing.SuiteTestDefinitionProcessor.processTestDefinition(SuiteTestDefinitionProcessor.java:54)
  at java.base/jdk.internal.reflect.DirectMethodHandleAccessor.invoke(DirectMethodHandleAccessor.java:104)
  at java.base/java.lang.reflect.Method.invoke(Method.java:565)
  at org.gradle.internal.dispatch.MethodInvocation.invokeOn(MethodInvocation.java:77)
  at org.gradle.internal.dispatch.ReflectionDispatch.dispatch(ReflectionDispatch.java:28)
  at org.gradle.internal.dispatch.ReflectionDispatch.dispatch(ReflectionDispatch.java:19)
  at org.gradle.internal.dispatch.ContextClassLoaderDispatch.dispatch(ContextClassLoaderDispatch.java:33)
  at org.gradle.internal.dispatch.ProxyDispatchAdapter$DispatchingInvocationHandler.invoke(ProxyDispatchAdapter.java:88)
  at jdk.proxy1/jdk.proxy1.$Proxy4.processTestDefinition(Unknown Source)
  at org.gradle.api.internal.tasks.testing.worker.TestWorker$2.run(TestWorker.java:178)
  at org.gradle.api.internal.tasks.testing.worker.TestWorker.executeAndMaintainThreadName(TestWorker.java:126)
  at org.gradle.api.internal.tasks.testing.worker.TestWorker.execute(TestWorker.java:103)
  at org.gradle.api.internal.tasks.testing.worker.TestWorker.execute(TestWorker.java:63)
  at org.gradle.process.internal.worker.child.ActionExecutionWorker.execute(ActionExecutionWorker.java:56)
  at org.gradle.process.internal.worker.child.SystemApplicationClassLoaderWorker.call(SystemApplicationClassLoaderWorker.java:122)
  at org.gradle.process.internal.worker.child.SystemApplicationClassLoaderWorker.call(SystemApplicationClassLoaderWorker.java:72)
  at worker.org.gradle.process.internal.worker.GradleWorkerMain.run(GradleWorkerMain.java:69)
  at worker.org.gradle.process.internal.worker.GradleWorkerMain.main(GradleWorkerMain.java:74)
</stacktrace>
</test-failure>


TypeScriptCompilerTests_O[jvm] > optionalParamTypeComparison_ts has expected errors matching optionalParamTypeComparison_errors_txt[jvm] FAILED

<test-failure test="com.xemantic.typescript.compiler.TypeScriptCompilerTests_O.objectFreeze_ts has expected errors matching objectFreeze_errors_txt" platform="jvm">
<message>
Expected diagnostics from baseline typescript-repo/tests/baselines/reference/objectFreeze.errors.txt but none produced
</message>
<stacktrace>
  at com.xemantic.typescript.compiler.TypeScriptTestSupportKt.errorsMatchBaseline(TypeScriptTestSupport.kt:125)
  at com.xemantic.typescript.compiler.TypeScriptCompilerTests_O.objectFreeze_ts has expected errors matching objectFreeze_errors_txt(TypeScriptCompilerTests_O.kt:105)
  at java.base/jdk.internal.reflect.DirectMethodHandleAccessor.invoke(DirectMethodHandleAccessor.java:104)
  at java.base/java.lang.reflect.Method.invoke(Method.java:565)
  at org.junit.runners.model.FrameworkMethod$1.runReflectiveCall(FrameworkMethod.java:59)
  at org.junit.internal.runners.model.ReflectiveCallable.run(ReflectiveCallable.java:12)
  at org.junit.runners.model.FrameworkMethod.invokeExplosively(FrameworkMethod.java:56)
  at org.junit.internal.runners.statements.InvokeMethod.evaluate(InvokeMethod.java:17)
  at org.junit.runners.ParentRunner$3.evaluate(ParentRunner.java:306)
  at org.junit.runners.BlockJUnit4ClassRunner$1.evaluate(BlockJUnit4ClassRunner.java:100)
  at org.junit.runners.ParentRunner.runLeaf(ParentRunner.java:366)
  at org.junit.runners.BlockJUnit4ClassRunner.runChild(BlockJUnit4ClassRunner.java:103)
  at org.junit.runners.BlockJUnit4ClassRunner.runChild(BlockJUnit4ClassRunner.java:63)
  at org.junit.runners.ParentRunner$4.run(ParentRunner.java:331)
  at org.junit.runners.ParentRunner$1.schedule(ParentRunner.java:79)
  at org.junit.runners.ParentRunner.runChildren(ParentRunner.java:329)
  at org.junit.runners.ParentRunner.access$100(ParentRunner.java:66)
  at org.junit.runners.ParentRunner$2.evaluate(ParentRunner.java:293)
  at org.junit.runners.ParentRunner$3.evaluate(ParentRunner.java:306)
  at org.junit.runners.ParentRunner.run(ParentRunner.java:413)
  at org.junit.runner.JUnitCore.run(JUnitCore.java:137)
  at org.junit.runner.JUnitCore.run(JUnitCore.java:115)
  at org.gradle.api.internal.tasks.testing.junit.JUnitTestExecutor.runRequest(JUnitTestExecutor.java:175)
  at org.gradle.api.internal.tasks.testing.junit.JUnitTestExecutor.accept(JUnitTestExecutor.java:84)
  at org.gradle.api.internal.tasks.testing.junit.JUnitTestExecutor.accept(JUnitTestExecutor.java:47)
  at org.gradle.api.internal.tasks.testing.junit.AbstractJUnitTestDefinitionProcessor.processTestDefinition(AbstractJUnitTestDefinitionProcessor.java:65)
  at org.gradle.api.internal.tasks.testing.SuiteTestDefinitionProcessor.processTestDefinition(SuiteTestDefinitionProcessor.java:54)
  at java.base/jdk.internal.reflect.DirectMethodHandleAccessor.invoke(DirectMethodHandleAccessor.java:104)
  at java.base/java.lang.reflect.Method.invoke(Method.java:565)
  at org.gradle.internal.dispatch.MethodInvocation.invokeOn(MethodInvocation.java:77)
  at org.gradle.internal.dispatch.ReflectionDispatch.dispatch(ReflectionDispatch.java:28)
  at org.gradle.internal.dispatch.ReflectionDispatch.dispatch(ReflectionDispatch.java:19)
  at org.gradle.internal.dispatch.ContextClassLoaderDispatch.dispatch(ContextClassLoaderDispatch.java:33)
  at org.gradle.internal.dispatch.ProxyDispatchAdapter$DispatchingInvocationHandler.invoke(ProxyDispatchAdapter.java:88)
  at jdk.proxy1/jdk.proxy1.$Proxy4.processTestDefinition(Unknown Source)
  at org.gradle.api.internal.tasks.testing.worker.TestWorker$2.run(TestWorker.java:178)
  at org.gradle.api.internal.tasks.testing.worker.TestWorker.executeAndMaintainThreadName(TestWorker.java:126)
  at org.gradle.api.internal.tasks.testing.worker.TestWorker.execute(TestWorker.java:103)
  at org.gradle.api.internal.tasks.testing.worker.TestWorker.execute(TestWorker.java:63)
  at org.gradle.process.internal.worker.child.ActionExecutionWorker.execute(ActionExecutionWorker.java:56)
  at org.gradle.process.internal.worker.child.SystemApplicationClassLoaderWorker.call(SystemApplicationClassLoaderWorker.java:122)
  at org.gradle.process.internal.worker.child.SystemApplicationClassLoaderWorker.call(SystemApplicationClassLoaderWorker.java:72)
  at worker.org.gradle.process.internal.worker.GradleWorkerMain.run(GradleWorkerMain.java:69)
  at worker.org.gradle.process.internal.worker.GradleWorkerMain.main(GradleWorkerMain.java:74)
</stacktrace>
</test-failure>


TypeScriptCompilerTests_O[jvm] > objectFreeze_ts has expected errors matching objectFreeze_errors_txt[jvm] FAILED

<test-failure test="com.xemantic.typescript.compiler.TypeScriptCompilerTests_O.objectLiteralExcessProperties_ts has expected errors matching objectLiteralExcessProperties_errors_txt" platform="jvm">
<message>
--- expected
+++ actual
@@ -1,26 +1,9 @@
-objectLiteralExcessProperties.ts(9,18): error TS2561: Object literal may only specify known properties, but 'forword' does not exist in type 'Book'. Did you mean to write 'foreword'?
-objectLiteralExcessProperties.ts(11,27): error TS2561: Object literal may only specify known properties, but 'foreward' does not exist in type 'Book'. Did you mean to write 'foreword'?
-objectLiteralExcessProperties.ts(13,53): error TS2353: Object literal may only specify known properties, and 'forwards' does not exist in type 'Book'.
-objectLiteralExcessProperties.ts(15,42): error TS2561: Object literal may only specify known properties, but 'colour' does not exist in type 'Book & Cover'. Did you mean to write 'color'?
-objectLiteralExcessProperties.ts(17,26): error TS2561: Object literal may only specify known properties, but 'foreward' does not exist in type 'Book & Cover'. Did you mean to write 'foreword'?
-objectLiteralExcessProperties.ts(19,57): error TS2353: Object literal may only specify known properties, and 'price' does not exist in type 'Book & Cover'.
-objectLiteralExcessProperties.ts(21,5): error TS2322: Type '{ foreword: string; price: number; }' is not assignable to type 'Book & number'.
-  Type '{ foreword: string; price: number; }' is not assignable to type 'number'.
-objectLiteralExcessProperties.ts(23,29): error TS2353: Object literal may only specify known properties, and 'couleur' does not exist in type 'Cover | Cover[]'.
-objectLiteralExcessProperties.ts(25,27): error TS2353: Object literal may only specify known properties, and 'forewarned' does not exist in type 'Book | Book[]'.
-objectLiteralExcessProperties.ts(33,27): error TS2561: Object literal may only specify known properties, but 'colour' does not exist in type 'Cover'. Did you mean to write 'color'?
+objectLiteralExcessProperties.ts(13,5): error TS2322: Type 'array' is not assignable to type 'Book | (Book[])'.
+  Type 'array' is not assignable to type 'Book | (Book[])'.
 objectLiteralExcessProperties.ts(37,25): error TS2304: Cannot find name 'IFoo'.
-objectLiteralExcessProperties.ts(39,11): error TS2322: Type '{ name: string; }' is not assignable to type 'T'.
-  '{ name: string; }' is assignable to the constraint of type 'T', but 'T' could be instantiated with a different subtype of constraint 'IFoo'.
-objectLiteralExcessProperties.ts(41,11): error TS2322: Type '{ name: string; prop: boolean; }' is not assignable to type 'T & { prop: boolean; }'.
-  Type '{ name: string; prop: boolean; }' is not assignable to type 'T'.
-    '{ name: string; prop: boolean; }' is assignable to the constraint of type 'T', but 'T' could be instantiated with a different subtype of constraint 'IFoo'.
-objectLiteralExcessProperties.ts(43,43): error TS2353: Object literal may only specify known properties, and 'name' does not exist in type '{ prop: boolean; }'.
-objectLiteralExcessProperties.ts(45,76): error TS2353: Object literal may only specify known properties, and 'prop' does not exist in type '{ name: string; }'.
-objectLiteralExcessProperties.ts(49,44): error TS2353: Object literal may only specify known properties, and 'z' does not exist in type 'object & { x: string; }'.
 
 
-==== objectLiteralExcessProperties.ts (16 errors) ====
+==== objectLiteralExcessProperties.ts (2 errors) ====
     interface Book {
         foreword: string;
     }
@@ -30,41 +13,25 @@
     }
     
     var b1: Book = { forword: "oops" };
-                     ~~~~~~~
-!!! error TS2561: Object literal may only specify known properties, but 'forword' does not exist in type 'Book'. Did you mean to write 'foreword'?
     
     var b2: Book | string = { foreward: "nope" };
-                              ~~~~~~~~
-!!! error TS2561: Object literal may only specify known properties, but 'foreward' does not exist in type 'Book'. Did you mean to write 'foreword'?
     
     var b3: Book | (Book[]) = [{ foreword: "hello" }, { forwards: "back" }];
-                                                        ~~~~~~~~
-!!! error TS2353: Object literal may only specify known properties, and 'forwards' does not exist in type 'Book'.
+        ~~
+!!! error TS2322: Type 'array' is not assignable to type 'Book | (Book[])'.
+!!! error TS2322:   Type 'array' is not assignable to type 'Book | (Book[])'.
     
     var b4: Book & Cover = { foreword: "hi", colour: "blue" };
-                                             ~~~~~~
-!!! error TS2561: Object literal may only specify known properties, but 'colour' does not exist in type 'Book & Cover'. Did you mean to write 'color'?
     
     var b5: Book & Cover = { foreward: "hi", color: "blue" };
-                             ~~~~~~~~
-!!! error TS2561: Object literal may only specify known properties, but 'foreward' does not exist in type 'Book & Cover'. Did you mean to write 'foreword'?
     
     var b6: Book & Cover = { foreword: "hi", color: "blue", price: 10.99 };
-                                                            ~~~~~
-!!! error TS2353: Object literal may only specify known properties, and 'price' does not exist in type 'Book & Cover'.
     
     var b7: Book & number = { foreword: "hi", price: 10.99 };
-        ~~
-!!! error TS2322: Type '{ foreword: string; price: number; }' is not assignable to type 'Book & number'.
-!!! error TS2322:   Type '{ foreword: string; price: number; }' is not assignable to type 'number'.
     
     var b8: Cover | Cover[] = { couleur : "non" };
-                                ~~~~~~~
-!!! error TS2353: Object literal may only specify known properties, and 'couleur' does not exist in type 'Cover | Cover[]'.
     
     var b9: Book | Book[] = { forewarned: "still no" };
-                              ~~~~~~~~~~
-!!! error TS2353: Object literal may only specify known properties, and 'forewarned' does not exist in type 'Book | Book[]'.
     
     interface Indexed {
         [n: number]: Cover;
@@ -73,9 +40,6 @@
     var b10: Indexed = { 0: { }, '1': { } }; // ok
     
     var b11: Indexed = { 0: { colour: "blue" } }; // nested object literal still errors
-                              ~~~~~~
-!!! error TS2561: Object literal may only specify known properties, but 'colour' does not exist in type 'Cover'. Did you mean to write 'color'?
-!!! related TS6501 objectLiteralExcessProperties.ts:28:5: The expected type comes from this index signature.
     
     // Repros inspired by #28752
     
@@ -84,27 +48,14 @@
 !!! error TS2304: Cannot find name 'IFoo'.
         // No excess property checks on generic types
         const obj1: T = { name: "test" };
-              ~~~~
-!!! error TS2322: Type '{ name: string; }' is not assignable to type 'T'.
-!!! error TS2322:   '{ name: string; }' is assignable to the constraint of type 'T', but 'T' could be instantiated with a different subtype of constraint 'IFoo'.
         // No excess property checks on intersections involving generics
         const obj2: T & { prop: boolean } = { name: "test", prop: true };
-              ~~~~
-!!! error TS2322: Type '{ name: string; prop: boolean; }' is not assignable to type 'T & { prop: boolean; }'.
-!!! error TS2322:   Type '{ name: string; prop: boolean; }' is not assignable to type 'T'.
-!!! error TS2322:     '{ name: string; prop: boolean; }' is assignable to the constraint of type 'T', but 'T' could be instantiated with a different subtype of constraint 'IFoo'.
         // Excess property checks only on non-generic parts of unions
         const obj3: T | { prop: boolean } = { name: "test", prop: true };
-                                              ~~~~
-!!! error TS2353: Object literal may only specify known properties, and 'name' does not exist in type '{ prop: boolean; }'.
         // Excess property checks only on non-generic parts of unions
         const obj4: T & { prop: boolean } | { name: string } = { name: "test", prop: true };
-                                                                               ~~~~
-!!! error TS2353: Object literal may only specify known properties, and 'prop' does not exist in type '{ name: string; }'.
         // No excess property checks when union includes 'object' type
         const obj5: object | { x: string } = { z: 'abc' }
         // The 'object' type has no effect on intersections
         const obj6: object & { x: string } = { z: 'abc' }
-                                               ~
-!!! error TS2353: Object literal may only specify known properties, and 'z' does not exist in type 'object & { x: string; }'.
     }

</message>
<stacktrace>
  at org.junit.Assert.fail(Assert.java:89)
  at kotlin.test.junit.JUnitAsserter.fail(JUnitSupport.kt:56)
  at kotlin.test.AssertionsKt__AssertionsKt.fail(Assertions.kt:563)
  at kotlin.test.AssertionsKt.fail(Unknown Source)
  at com.xemantic.kotlin.test.SameAsKt.sameAs(SameAs.kt:52)
  at com.xemantic.typescript.compiler.TypeScriptTestSupportKt.errorsMatchBaseline(TypeScriptTestSupport.kt:135)
  at com.xemantic.typescript.compiler.TypeScriptCompilerTests_O.objectLiteralExcessProperties_ts has expected errors matching objectLiteralExcessProperties_errors_txt(TypeScriptCompilerTests_O.kt:287)
  at java.base/jdk.internal.reflect.DirectMethodHandleAccessor.invoke(DirectMethodHandleAccessor.java:104)
  at java.base/java.lang.reflect.Method.invoke(Method.java:565)
  at org.junit.runners.model.FrameworkMethod$1.runReflectiveCall(FrameworkMethod.java:59)
  at org.junit.internal.runners.model.ReflectiveCallable.run(ReflectiveCallable.java:12)
  at org.junit.runners.model.FrameworkMethod.invokeExplosively(FrameworkMethod.java:56)
  at org.junit.internal.runners.statements.InvokeMethod.evaluate(InvokeMethod.java:17)
  at org.junit.runners.ParentRunner$3.evaluate(ParentRunner.java:306)
  at org.junit.runners.BlockJUnit4ClassRunner$1.evaluate(BlockJUnit4ClassRunner.java:100)
  at org.junit.runners.ParentRunner.runLeaf(ParentRunner.java:366)
  at org.junit.runners.BlockJUnit4ClassRunner.runChild(BlockJUnit4ClassRunner.java:103)
  at org.junit.runners.BlockJUnit4ClassRunner.runChild(BlockJUnit4ClassRunner.java:63)
  at org.junit.runners.ParentRunner$4.run(ParentRunner.java:331)
  at org.junit.runners.ParentRunner$1.schedule(ParentRunner.java:79)
  at org.junit.runners.ParentRunner.runChildren(ParentRunner.java:329)
  at org.junit.runners.ParentRunner.access$100(ParentRunner.java:66)
  at org.junit.runners.ParentRunner$2.evaluate(ParentRunner.java:293)
  at org.junit.runners.ParentRunner$3.evaluate(ParentRunner.java:306)
  at org.junit.runners.ParentRunner.run(ParentRunner.java:413)
  at org.junit.runner.JUnitCore.run(JUnitCore.java:137)
  at org.junit.runner.JUnitCore.run(JUnitCore.java:115)
  at org.gradle.api.internal.tasks.testing.junit.JUnitTestExecutor.runRequest(JUnitTestExecutor.java:175)
  at org.gradle.api.internal.tasks.testing.junit.JUnitTestExecutor.accept(JUnitTestExecutor.java:84)
  at org.gradle.api.internal.tasks.testing.junit.JUnitTestExecutor.accept(JUnitTestExecutor.java:47)
  at org.gradle.api.internal.tasks.testing.junit.AbstractJUnitTestDefinitionProcessor.processTestDefinition(AbstractJUnitTestDefinitionProcessor.java:65)
  at org.gradle.api.internal.tasks.testing.SuiteTestDefinitionProcessor.processTestDefinition(SuiteTestDefinitionProcessor.java:54)
  at java.base/jdk.internal.reflect.DirectMethodHandleAccessor.invoke(DirectMethodHandleAccessor.java:104)
  at java.base/java.lang.reflect.Method.invoke(Method.java:565)
  at org.gradle.internal.dispatch.MethodInvocation.invokeOn(MethodInvocation.java:77)
  at org.gradle.internal.dispatch.ReflectionDispatch.dispatch(ReflectionDispatch.java:28)
  at org.gradle.internal.dispatch.ReflectionDispatch.dispatch(ReflectionDispatch.java:19)
  at org.gradle.internal.dispatch.ContextClassLoaderDispatch.dispatch(ContextClassLoaderDispatch.java:33)
  at org.gradle.internal.dispatch.ProxyDispatchAdapter$DispatchingInvocationHandler.invoke(ProxyDispatchAdapter.java:88)
  at jdk.proxy1/jdk.proxy1.$Proxy4.processTestDefinition(Unknown Source)
  at org.gradle.api.internal.tasks.testing.worker.TestWorker$2.run(TestWorker.java:178)
  at org.gradle.api.internal.tasks.testing.worker.TestWorker.executeAndMaintainThreadName(TestWorker.java:126)
  at org.gradle.api.internal.tasks.testing.worker.TestWorker.execute(TestWorker.java:103)
  at org.gradle.api.internal.tasks.testing.worker.TestWorker.execute(TestWorker.java:63)
  at org.gradle.process.internal.worker.child.ActionExecutionWorker.execute(ActionExecutionWorker.java:56)
  at org.gradle.process.internal.worker.child.SystemApplicationClassLoaderWorker.call(SystemApplicationClassLoaderWorker.java:122)
  at org.gradle.process.internal.worker.child.SystemApplicationClassLoaderWorker.call(SystemApplicationClassLoaderWorker.java:72)
  at worker.org.gradle.process.internal.worker.GradleWorkerMain.run(GradleWorkerMain.java:69)
  at worker.org.gradle.process.internal.worker.GradleWorkerMain.main(GradleWorkerMain.java:74)
</stacktrace>
</test-failure>


TypeScriptCompilerTests_O[jvm] > objectLiteralExcessProperties_ts has expected errors matching objectLiteralExcessProperties_errors_txt[jvm] FAILED

<test-failure test="com.xemantic.typescript.compiler.TypeScriptCompilerTests_O.objectLiteralWithSemicolons4_ts has expected errors matching objectLiteralWithSemicolons4_errors_txt" platform="jvm">
<message>
--- expected
+++ actual
@@ -1,8 +1,9 @@
 objectLiteralWithSemicolons4.ts(2,3): error TS18004: No value exists in scope for the shorthand property 'a'. Either declare one or provide an initializer.
 objectLiteralWithSemicolons4.ts(3,1): error TS1005: ',' expected.
+objectLiteralWithSemicolons4.ts(3,2): error TS1005: '}' expected.
 
 
-==== objectLiteralWithSemicolons4.ts (2 errors) ====
+==== objectLiteralWithSemicolons4.ts (3 errors) ====
     var v = {
       a
       ~
@@ -10,3 +11,6 @@
     ;
     ~
 !!! error TS1005: ',' expected.
+     
+!!! error TS1005: '}' expected.
+!!! related TS1007 objectLiteralWithSemicolons4.ts:1:9: The parser expected to find a '}' to match the '{' token here.

</message>
<stacktrace>
  at org.junit.Assert.fail(Assert.java:89)
  at kotlin.test.junit.JUnitAsserter.fail(JUnitSupport.kt:56)
  at kotlin.test.AssertionsKt__AssertionsKt.fail(Assertions.kt:563)
  at kotlin.test.AssertionsKt.fail(Unknown Source)
  at com.xemantic.kotlin.test.SameAsKt.sameAs(SameAs.kt:52)
  at com.xemantic.typescript.compiler.TypeScriptTestSupportKt.errorsMatchBaseline(TypeScriptTestSupport.kt:135)
  at com.xemantic.typescript.compiler.TypeScriptCompilerTests_O.objectLiteralWithSemicolons4_ts has expected errors matching objectLiteralWithSemicolons4_errors_txt(TypeScriptCompilerTests_O.kt:546)
  at java.base/jdk.internal.reflect.DirectMethodHandleAccessor.invoke(DirectMethodHandleAccessor.java:104)
  at java.base/java.lang.reflect.Method.invoke(Method.java:565)
  at org.junit.runners.model.FrameworkMethod$1.runReflectiveCall(FrameworkMethod.java:59)
  at org.junit.internal.runners.model.ReflectiveCallable.run(ReflectiveCallable.java:12)
  at org.junit.runners.model.FrameworkMethod.invokeExplosively(FrameworkMethod.java:56)
  at org.junit.internal.runners.statements.InvokeMethod.evaluate(InvokeMethod.java:17)
  at org.junit.runners.ParentRunner$3.evaluate(ParentRunner.java:306)
  at org.junit.runners.BlockJUnit4ClassRunner$1.evaluate(BlockJUnit4ClassRunner.java:100)
  at org.junit.runners.ParentRunner.runLeaf(ParentRunner.java:366)
  at org.junit.runners.BlockJUnit4ClassRunner.runChild(BlockJUnit4ClassRunner.java:103)
  at org.junit.runners.BlockJUnit4ClassRunner.runChild(BlockJUnit4ClassRunner.java:63)
  at org.junit.runners.ParentRunner$4.run(ParentRunner.java:331)
  at org.junit.runners.ParentRunner$1.schedule(ParentRunner.java:79)
  at org.junit.runners.ParentRunner.runChildren(ParentRunner.java:329)
  at org.junit.runners.ParentRunner.access$100(ParentRunner.java:66)
  at org.junit.runners.ParentRunner$2.evaluate(ParentRunner.java:293)
  at org.junit.runners.ParentRunner$3.evaluate(ParentRunner.java:306)
  at org.junit.runners.ParentRunner.run(ParentRunner.java:413)
  at org.junit.runner.JUnitCore.run(JUnitCore.java:137)
  at org.junit.runner.JUnitCore.run(JUnitCore.java:115)
  at org.gradle.api.internal.tasks.testing.junit.JUnitTestExecutor.runRequest(JUnitTestExecutor.java:175)
  at org.gradle.api.internal.tasks.testing.junit.JUnitTestExecutor.accept(JUnitTestExecutor.java:84)
  at org.gradle.api.internal.tasks.testing.junit.JUnitTestExecutor.accept(JUnitTestExecutor.java:47)
  at org.gradle.api.internal.tasks.testing.junit.AbstractJUnitTestDefinitionProcessor.processTestDefinition(AbstractJUnitTestDefinitionProcessor.java:65)
  at org.gradle.api.internal.tasks.testing.SuiteTestDefinitionProcessor.processTestDefinition(SuiteTestDefinitionProcessor.java:54)
  at java.base/jdk.internal.reflect.DirectMethodHandleAccessor.invoke(DirectMethodHandleAccessor.java:104)
  at java.base/java.lang.reflect.Method.invoke(Method.java:565)
  at org.gradle.internal.dispatch.MethodInvocation.invokeOn(MethodInvocation.java:77)
  at org.gradle.internal.dispatch.ReflectionDispatch.dispatch(ReflectionDispatch.java:28)
  at org.gradle.internal.dispatch.ReflectionDispatch.dispatch(ReflectionDispatch.java:19)
  at org.gradle.internal.dispatch.ContextClassLoaderDispatch.dispatch(ContextClassLoaderDispatch.java:33)
  at org.gradle.internal.dispatch.ProxyDispatchAdapter$DispatchingInvocationHandler.invoke(ProxyDispatchAdapter.java:88)
  at jdk.proxy1/jdk.proxy1.$Proxy4.processTestDefinition(Unknown Source)
  at org.gradle.api.internal.tasks.testing.worker.TestWorker$2.run(TestWorker.java:178)
  at org.gradle.api.internal.tasks.testing.worker.TestWorker.executeAndMaintainThreadName(TestWorker.java:126)
  at org.gradle.api.internal.tasks.testing.worker.TestWorker.execute(TestWorker.java:103)
  at org.gradle.api.internal.tasks.testing.worker.TestWorker.execute(TestWorker.java:63)
  at org.gradle.process.internal.worker.child.ActionExecutionWorker.execute(ActionExecutionWorker.java:56)
  at org.gradle.process.internal.worker.child.SystemApplicationClassLoaderWorker.call(SystemApplicationClassLoaderWorker.java:122)
  at org.gradle.process.internal.worker.child.SystemApplicationClassLoaderWorker.call(SystemApplicationClassLoaderWorker.java:72)
  at worker.org.gradle.process.internal.worker.GradleWorkerMain.run(GradleWorkerMain.java:69)
  at worker.org.gradle.process.internal.worker.GradleWorkerMain.main(GradleWorkerMain.java:74)
</stacktrace>
</test-failure>


TypeScriptCompilerTests_O[jvm] > objectLiteralWithSemicolons4_ts has expected errors matching objectLiteralWithSemicolons4_errors_txt[jvm] FAILED

<test-failure test="com.xemantic.typescript.compiler.TypeScriptCompilerTests_O.overloadConsecutiveness_ts compiles to JavaScript matching overloadConsecutiveness_js" platform="jvm">
<message>
--- expected
+++ actual
@@ -17,13 +17,15 @@
 //// [overloadConsecutiveness.js]
 "use strict";
 // Making sure compiler won't break with declarations that are consecutive in the AST but not consecutive in the source. Syntax errors intentional.
-function f1() { }
-function f2() { }
-function f2() { }
-function f3() { }
-class C {
-    m1() { }
-    m2() { }
-    m2() { }
-    m3() { }
-}
+, function f1() {
+    ;
+    , function f2() { };
+    function f3() { }
+    , function f3() {
+        ;
+        class C {
+            m2() { }
+            m3() { }
+        }
+    };
+};

</message>
<stacktrace>
  at org.junit.Assert.fail(Assert.java:89)
  at kotlin.test.junit.JUnitAsserter.fail(JUnitSupport.kt:56)
  at kotlin.test.AssertionsKt__AssertionsKt.fail(Assertions.kt:563)
  at kotlin.test.AssertionsKt.fail(Unknown Source)
  at com.xemantic.kotlin.test.SameAsKt.sameAs(SameAs.kt:52)
  at com.xemantic.typescript.compiler.TypeScriptTestSupportKt.sameAs(TypeScriptTestSupport.kt:99)
  at com.xemantic.typescript.compiler.TypeScriptCompilerTests_O.overloadConsecutiveness_ts compiles to JavaScript matching overloadConsecutiveness_js(TypeScriptCompilerTests_O.kt:1421)
  at java.base/jdk.internal.reflect.DirectMethodHandleAccessor.invoke(DirectMethodHandleAccessor.java:104)
  at java.base/java.lang.reflect.Method.invoke(Method.java:565)
  at org.junit.runners.model.FrameworkMethod$1.runReflectiveCall(FrameworkMethod.java:59)
  at org.junit.internal.runners.model.ReflectiveCallable.run(ReflectiveCallable.java:12)
  at org.junit.runners.model.FrameworkMethod.invokeExplosively(FrameworkMethod.java:56)
  at org.junit.internal.runners.statements.InvokeMethod.evaluate(InvokeMethod.java:17)
  at org.junit.runners.ParentRunner$3.evaluate(ParentRunner.java:306)
  at org.junit.runners.BlockJUnit4ClassRunner$1.evaluate(BlockJUnit4ClassRunner.java:100)
  at org.junit.runners.ParentRunner.runLeaf(ParentRunner.java:366)
  at org.junit.runners.BlockJUnit4ClassRunner.runChild(BlockJUnit4ClassRunner.java:103)
  at org.junit.runners.BlockJUnit4ClassRunner.runChild(BlockJUnit4ClassRunner.java:63)
  at org.junit.runners.ParentRunner$4.run(ParentRunner.java:331)
  at org.junit.runners.ParentRunner$1.schedule(ParentRunner.java:79)
  at org.junit.runners.ParentRunner.runChildren(ParentRunner.java:329)
  at org.junit.runners.ParentRunner.access$100(ParentRunner.java:66)
  at org.junit.runners.ParentRunner$2.evaluate(ParentRunner.java:293)
  at org.junit.runners.ParentRunner$3.evaluate(ParentRunner.java:306)
  at org.junit.runners.ParentRunner.run(ParentRunner.java:413)
  at org.junit.runner.JUnitCore.run(JUnitCore.java:137)
  at org.junit.runner.JUnitCore.run(JUnitCore.java:115)
  at org.gradle.api.internal.tasks.testing.junit.JUnitTestExecutor.runRequest(JUnitTestExecutor.java:175)
  at org.gradle.api.internal.tasks.testing.junit.JUnitTestExecutor.accept(JUnitTestExecutor.java:84)
  at org.gradle.api.internal.tasks.testing.junit.JUnitTestExecutor.accept(JUnitTestExecutor.java:47)
  at org.gradle.api.internal.tasks.testing.junit.AbstractJUnitTestDefinitionProcessor.processTestDefinition(AbstractJUnitTestDefinitionProcessor.java:65)
  at org.gradle.api.internal.tasks.testing.SuiteTestDefinitionProcessor.processTestDefinition(SuiteTestDefinitionProcessor.java:54)
  at java.base/jdk.internal.reflect.DirectMethodHandleAccessor.invoke(DirectMethodHandleAccessor.java:104)
  at java.base/java.lang.reflect.Method.invoke(Method.java:565)
  at org.gradle.internal.dispatch.MethodInvocation.invokeOn(MethodInvocation.java:77)
  at org.gradle.internal.dispatch.ReflectionDispatch.dispatch(ReflectionDispatch.java:28)
  at org.gradle.internal.dispatch.ReflectionDispatch.dispatch(ReflectionDispatch.java:19)
  at org.gradle.internal.dispatch.ContextClassLoaderDispatch.dispatch(ContextClassLoaderDispatch.java:33)
  at org.gradle.internal.dispatch.ProxyDispatchAdapter$DispatchingInvocationHandler.invoke(ProxyDispatchAdapter.java:88)
  at jdk.proxy1/jdk.proxy1.$Proxy4.processTestDefinition(Unknown Source)
  at org.gradle.api.internal.tasks.testing.worker.TestWorker$2.run(TestWorker.java:178)
  at org.gradle.api.internal.tasks.testing.worker.TestWorker.executeAndMaintainThreadName(TestWorker.java:126)
  at org.gradle.api.internal.tasks.testing.worker.TestWorker.execute(TestWorker.java:103)
  at org.gradle.api.internal.tasks.testing.worker.TestWorker.execute(TestWorker.java:63)
  at org.gradle.process.internal.worker.child.ActionExecutionWorker.execute(ActionExecutionWorker.java:56)
  at org.gradle.process.internal.worker.child.SystemApplicationClassLoaderWorker.call(SystemApplicationClassLoaderWorker.java:122)
  at org.gradle.process.internal.worker.child.SystemApplicationClassLoaderWorker.call(SystemApplicationClassLoaderWorker.java:72)
  at worker.org.gradle.process.internal.worker.GradleWorkerMain.run(GradleWorkerMain.java:69)
  at worker.org.gradle.process.internal.worker.GradleWorkerMain.main(GradleWorkerMain.java:74)
</stacktrace>
</test-failure>


TypeScriptCompilerTests_O[jvm] > overloadConsecutiveness_ts compiles to JavaScript matching overloadConsecutiveness_js[jvm] FAILED

<test-failure test="com.xemantic.typescript.compiler.TypeScriptCompilerTests_O.overloadsWithComputedNames_ts has expected errors matching overloadsWithComputedNames_errors_txt" platform="jvm">
<message>
Expected diagnostics from baseline typescript-repo/tests/baselines/reference/overloadsWithComputedNames.errors.txt but none produced
</message>
<stacktrace>
  at com.xemantic.typescript.compiler.TypeScriptTestSupportKt.errorsMatchBaseline(TypeScriptTestSupport.kt:125)
  at com.xemantic.typescript.compiler.TypeScriptCompilerTests_O.overloadsWithComputedNames_ts has expected errors matching overloadsWithComputedNames_errors_txt(TypeScriptCompilerTests_O.kt:1918)
  at java.base/jdk.internal.reflect.DirectMethodHandleAccessor.invoke(DirectMethodHandleAccessor.java:104)
  at java.base/java.lang.reflect.Method.invoke(Method.java:565)
  at org.junit.runners.model.FrameworkMethod$1.runReflectiveCall(FrameworkMethod.java:59)
  at org.junit.internal.runners.model.ReflectiveCallable.run(ReflectiveCallable.java:12)
  at org.junit.runners.model.FrameworkMethod.invokeExplosively(FrameworkMethod.java:56)
  at org.junit.internal.runners.statements.InvokeMethod.evaluate(InvokeMethod.java:17)
  at org.junit.runners.ParentRunner$3.evaluate(ParentRunner.java:306)
  at org.junit.runners.BlockJUnit4ClassRunner$1.evaluate(BlockJUnit4ClassRunner.java:100)
  at org.junit.runners.ParentRunner.runLeaf(ParentRunner.java:366)
  at org.junit.runners.BlockJUnit4ClassRunner.runChild(BlockJUnit4ClassRunner.java:103)
  at org.junit.runners.BlockJUnit4ClassRunner.runChild(BlockJUnit4ClassRunner.java:63)
  at org.junit.runners.ParentRunner$4.run(ParentRunner.java:331)
  at org.junit.runners.ParentRunner$1.schedule(ParentRunner.java:79)
  at org.junit.runners.ParentRunner.runChildren(ParentRunner.java:329)
  at org.junit.runners.ParentRunner.access$100(ParentRunner.java:66)
  at org.junit.runners.ParentRunner$2.evaluate(ParentRunner.java:293)
  at org.junit.runners.ParentRunner$3.evaluate(ParentRunner.java:306)
  at org.junit.runners.ParentRunner.run(ParentRunner.java:413)
  at org.junit.runner.JUnitCore.run(JUnitCore.java:137)
  at org.junit.runner.JUnitCore.run(JUnitCore.java:115)
  at org.gradle.api.internal.tasks.testing.junit.JUnitTestExecutor.runRequest(JUnitTestExecutor.java:175)
  at org.gradle.api.internal.tasks.testing.junit.JUnitTestExecutor.accept(JUnitTestExecutor.java:84)
  at org.gradle.api.internal.tasks.testing.junit.JUnitTestExecutor.accept(JUnitTestExecutor.java:47)
  at org.gradle.api.internal.tasks.testing.junit.AbstractJUnitTestDefinitionProcessor.processTestDefinition(AbstractJUnitTestDefinitionProcessor.java:65)
  at org.gradle.api.internal.tasks.testing.SuiteTestDefinitionProcessor.processTestDefinition(SuiteTestDefinitionProcessor.java:54)
  at java.base/jdk.internal.reflect.DirectMethodHandleAccessor.invoke(DirectMethodHandleAccessor.java:104)
  at java.base/java.lang.reflect.Method.invoke(Method.java:565)
  at org.gradle.internal.dispatch.MethodInvocation.invokeOn(MethodInvocation.java:77)
  at org.gradle.internal.dispatch.ReflectionDispatch.dispatch(ReflectionDispatch.java:28)
  at org.gradle.internal.dispatch.ReflectionDispatch.dispatch(ReflectionDispatch.java:19)
  at org.gradle.internal.dispatch.ContextClassLoaderDispatch.dispatch(ContextClassLoaderDispatch.java:33)
  at org.gradle.internal.dispatch.ProxyDispatchAdapter$DispatchingInvocationHandler.invoke(ProxyDispatchAdapter.java:88)
  at jdk.proxy1/jdk.proxy1.$Proxy4.processTestDefinition(Unknown Source)
  at org.gradle.api.internal.tasks.testing.worker.TestWorker$2.run(TestWorker.java:178)
  at org.gradle.api.internal.tasks.testing.worker.TestWorker.executeAndMaintainThreadName(TestWorker.java:126)
  at org.gradle.api.internal.tasks.testing.worker.TestWorker.execute(TestWorker.java:103)
  at org.gradle.api.internal.tasks.testing.worker.TestWorker.execute(TestWorker.java:63)
  at org.gradle.process.internal.worker.child.ActionExecutionWorker.execute(ActionExecutionWorker.java:56)
  at org.gradle.process.internal.worker.child.SystemApplicationClassLoaderWorker.call(SystemApplicationClassLoaderWorker.java:122)
  at org.gradle.process.internal.worker.child.SystemApplicationClassLoaderWorker.call(SystemApplicationClassLoaderWorker.java:72)
  at worker.org.gradle.process.internal.worker.GradleWorkerMain.run(GradleWorkerMain.java:69)
  at worker.org.gradle.process.internal.worker.GradleWorkerMain.main(GradleWorkerMain.java:74)
</stacktrace>
</test-failure>


TypeScriptCompilerTests_O[jvm] > overloadsWithComputedNames_ts has expected errors matching overloadsWithComputedNames_errors_txt[jvm] FAILED

<test-failure test="com.xemantic.typescript.compiler.TypeScriptCompilerTests_O.objectLiteralFunctionArgContextualTyping_ts has expected errors matching objectLiteralFunctionArgContextualTyping_errors_txt" platform="jvm">
<message>
Expected diagnostics from baseline typescript-repo/tests/baselines/reference/objectLiteralFunctionArgContextualTyping.errors.txt but none produced
</message>
<stacktrace>
  at com.xemantic.typescript.compiler.TypeScriptTestSupportKt.errorsMatchBaseline(TypeScriptTestSupport.kt:125)
  at com.xemantic.typescript.compiler.TypeScriptCompilerTests_O.objectLiteralFunctionArgContextualTyping_ts has expected errors matching objectLiteralFunctionArgContextualTyping_errors_txt(TypeScriptCompilerTests_O.kt:315)
  at java.base/jdk.internal.reflect.DirectMethodHandleAccessor.invoke(DirectMethodHandleAccessor.java:104)
  at java.base/java.lang.reflect.Method.invoke(Method.java:565)
  at org.junit.runners.model.FrameworkMethod$1.runReflectiveCall(FrameworkMethod.java:59)
  at org.junit.internal.runners.model.ReflectiveCallable.run(ReflectiveCallable.java:12)
  at org.junit.runners.model.FrameworkMethod.invokeExplosively(FrameworkMethod.java:56)
  at org.junit.internal.runners.statements.InvokeMethod.evaluate(InvokeMethod.java:17)
  at org.junit.runners.ParentRunner$3.evaluate(ParentRunner.java:306)
  at org.junit.runners.BlockJUnit4ClassRunner$1.evaluate(BlockJUnit4ClassRunner.java:100)
  at org.junit.runners.ParentRunner.runLeaf(ParentRunner.java:366)
  at org.junit.runners.BlockJUnit4ClassRunner.runChild(BlockJUnit4ClassRunner.java:103)
  at org.junit.runners.BlockJUnit4ClassRunner.runChild(BlockJUnit4ClassRunner.java:63)
  at org.junit.runners.ParentRunner$4.run(ParentRunner.java:331)
  at org.junit.runners.ParentRunner$1.schedule(ParentRunner.java:79)
  at org.junit.runners.ParentRunner.runChildren(ParentRunner.java:329)
  at org.junit.runners.ParentRunner.access$100(ParentRunner.java:66)
  at org.junit.runners.ParentRunner$2.evaluate(ParentRunner.java:293)
  at org.junit.runners.ParentRunner$3.evaluate(ParentRunner.java:306)
  at org.junit.runners.ParentRunner.run(ParentRunner.java:413)
  at org.junit.runner.JUnitCore.run(JUnitCore.java:137)
  at org.junit.runner.JUnitCore.run(JUnitCore.java:115)
  at org.gradle.api.internal.tasks.testing.junit.JUnitTestExecutor.runRequest(JUnitTestExecutor.java:175)
  at org.gradle.api.internal.tasks.testing.junit.JUnitTestExecutor.accept(JUnitTestExecutor.java:84)
  at org.gradle.api.internal.tasks.testing.junit.JUnitTestExecutor.accept(JUnitTestExecutor.java:47)
  at org.gradle.api.internal.tasks.testing.junit.AbstractJUnitTestDefinitionProcessor.processTestDefinition(AbstractJUnitTestDefinitionProcessor.java:65)
  at org.gradle.api.internal.tasks.testing.SuiteTestDefinitionProcessor.processTestDefinition(SuiteTestDefinitionProcessor.java:54)
  at java.base/jdk.internal.reflect.DirectMethodHandleAccessor.invoke(DirectMethodHandleAccessor.java:104)
  at java.base/java.lang.reflect.Method.invoke(Method.java:565)
  at org.gradle.internal.dispatch.MethodInvocation.invokeOn(MethodInvocation.java:77)
  at org.gradle.internal.dispatch.ReflectionDispatch.dispatch(ReflectionDispatch.java:28)
  at org.gradle.internal.dispatch.ReflectionDispatch.dispatch(ReflectionDispatch.java:19)
  at org.gradle.internal.dispatch.ContextClassLoaderDispatch.dispatch(ContextClassLoaderDispatch.java:33)
  at org.gradle.internal.dispatch.ProxyDispatchAdapter$DispatchingInvocationHandler.invoke(ProxyDispatchAdapter.java:88)
  at jdk.proxy1/jdk.proxy1.$Proxy4.processTestDefinition(Unknown Source)
  at org.gradle.api.internal.tasks.testing.worker.TestWorker$2.run(TestWorker.java:178)
  at org.gradle.api.internal.tasks.testing.worker.TestWorker.executeAndMaintainThreadName(TestWorker.java:126)
  at org.gradle.api.internal.tasks.testing.worker.TestWorker.execute(TestWorker.java:103)
  at org.gradle.api.internal.tasks.testing.worker.TestWorker.execute(TestWorker.java:63)
  at org.gradle.process.internal.worker.child.ActionExecutionWorker.execute(ActionExecutionWorker.java:56)
  at org.gradle.process.internal.worker.child.SystemApplicationClassLoaderWorker.call(SystemApplicationClassLoaderWorker.java:122)
  at org.gradle.process.internal.worker.child.SystemApplicationClassLoaderWorker.call(SystemApplicationClassLoaderWorker.java:72)
  at worker.org.gradle.process.internal.worker.GradleWorkerMain.run(GradleWorkerMain.java:69)
  at worker.org.gradle.process.internal.worker.GradleWorkerMain.main(GradleWorkerMain.java:74)
</stacktrace>
</test-failure>


TypeScriptCompilerTests_O[jvm] > objectLiteralFunctionArgContextualTyping_ts has expected errors matching objectLiteralFunctionArgContextualTyping_errors_txt[jvm] FAILED

<test-failure test="com.xemantic.typescript.compiler.TypeScriptCompilerTests_O.overloadOnConstantsInvalidOverload1_ts has expected errors matching overloadOnConstantsInvalidOverload1_errors_txt" platform="jvm">
<message>
--- expected
+++ actual
@@ -1,18 +1,14 @@
-overloadOnConstantsInvalidOverload1.ts(6,10): error TS2394: This overload signature is not compatible with its implementation signature.
 overloadOnConstantsInvalidOverload1.ts(8,5): error TS2322: Type 'null' is not assignable to type 'Derived2'.
-overloadOnConstantsInvalidOverload1.ts(11,5): error TS2345: Argument of type '"HI"' is not assignable to parameter of type '"SPAN"'.
+overloadOnConstantsInvalidOverload1.ts(11,5): error TS2345: Argument of type 'string' is not assignable to parameter of type '"SPAN"'.
 
 
-==== overloadOnConstantsInvalidOverload1.ts (3 errors) ====
+==== overloadOnConstantsInvalidOverload1.ts (2 errors) ====
     class Base { foo() { } }
     class Derived1 extends Base { bar() { } }
     class Derived2 extends Base { baz() { } }
     class Derived3 extends Base { biz() { } }
     
     function foo(name: "SPAN"): Derived1;
-             ~~~
-!!! error TS2394: This overload signature is not compatible with its implementation signature.
-!!! related TS2750 overloadOnConstantsInvalidOverload1.ts:7:10: The implementation signature is declared here.
     function foo(name: "DIV"): Derived2 {
         return null;
         ~~~~~~
@@ -21,4 +17,4 @@
     
     foo("HI");
         ~~~~
-!!! error TS2345: Argument of type '"HI"' is not assignable to parameter of type '"SPAN"'.
+!!! error TS2345: Argument of type 'string' is not assignable to parameter of type '"SPAN"'.

</message>
<stacktrace>
  at org.junit.Assert.fail(Assert.java:89)
  at kotlin.test.junit.JUnitAsserter.fail(JUnitSupport.kt:56)
  at kotlin.test.AssertionsKt__AssertionsKt.fail(Assertions.kt:563)
  at kotlin.test.AssertionsKt.fail(Unknown Source)
  at com.xemantic.kotlin.test.SameAsKt.sameAs(SameAs.kt:52)
  at com.xemantic.typescript.compiler.TypeScriptTestSupportKt.errorsMatchBaseline(TypeScriptTestSupport.kt:135)
  at com.xemantic.typescript.compiler.TypeScriptCompilerTests_O.overloadOnConstantsInvalidOverload1_ts has expected errors matching overloadOnConstantsInvalidOverload1_errors_txt(TypeScriptCompilerTests_O.kt:1687)
  at java.base/jdk.internal.reflect.DirectMethodHandleAccessor.invoke(DirectMethodHandleAccessor.java:104)
  at java.base/java.lang.reflect.Method.invoke(Method.java:565)
  at org.junit.runners.model.FrameworkMethod$1.runReflectiveCall(FrameworkMethod.java:59)
  at org.junit.internal.runners.model.ReflectiveCallable.run(ReflectiveCallable.java:12)
  at org.junit.runners.model.FrameworkMethod.invokeExplosively(FrameworkMethod.java:56)
  at org.junit.internal.runners.statements.InvokeMethod.evaluate(InvokeMethod.java:17)
  at org.junit.runners.ParentRunner$3.evaluate(ParentRunner.java:306)
  at org.junit.runners.BlockJUnit4ClassRunner$1.evaluate(BlockJUnit4ClassRunner.java:100)
  at org.junit.runners.ParentRunner.runLeaf(ParentRunner.java:366)
  at org.junit.runners.BlockJUnit4ClassRunner.runChild(BlockJUnit4ClassRunner.java:103)
  at org.junit.runners.BlockJUnit4ClassRunner.runChild(BlockJUnit4ClassRunner.java:63)
  at org.junit.runners.ParentRunner$4.run(ParentRunner.java:331)
  at org.junit.runners.ParentRunner$1.schedule(ParentRunner.java:79)
  at org.junit.runners.ParentRunner.runChildren(ParentRunner.java:329)
  at org.junit.runners.ParentRunner.access$100(ParentRunner.java:66)
  at org.junit.runners.ParentRunner$2.evaluate(ParentRunner.java:293)
  at org.junit.runners.ParentRunner$3.evaluate(ParentRunner.java:306)
  at org.junit.runners.ParentRunner.run(ParentRunner.java:413)
  at org.junit.runner.JUnitCore.run(JUnitCore.java:137)
  at org.junit.runner.JUnitCore.run(JUnitCore.java:115)
  at org.gradle.api.internal.tasks.testing.junit.JUnitTestExecutor.runRequest(JUnitTestExecutor.java:175)
  at org.gradle.api.internal.tasks.testing.junit.JUnitTestExecutor.accept(JUnitTestExecutor.java:84)
  at org.gradle.api.internal.tasks.testing.junit.JUnitTestExecutor.accept(JUnitTestExecutor.java:47)
  at org.gradle.api.internal.tasks.testing.junit.AbstractJUnitTestDefinitionProcessor.processTestDefinition(AbstractJUnitTestDefinitionProcessor.java:65)
  at org.gradle.api.internal.tasks.testing.SuiteTestDefinitionProcessor.processTestDefinition(SuiteTestDefinitionProcessor.java:54)
  at java.base/jdk.internal.reflect.DirectMethodHandleAccessor.invoke(DirectMethodHandleAccessor.java:104)
  at java.base/java.lang.reflect.Method.invoke(Method.java:565)
  at org.gradle.internal.dispatch.MethodInvocation.invokeOn(MethodInvocation.java:77)
  at org.gradle.internal.dispatch.ReflectionDispatch.dispatch(ReflectionDispatch.java:28)
  at org.gradle.internal.dispatch.ReflectionDispatch.dispatch(ReflectionDispatch.java:19)
  at org.gradle.internal.dispatch.ContextClassLoaderDispatch.dispatch(ContextClassLoaderDispatch.java:33)
  at org.gradle.internal.dispatch.ProxyDispatchAdapter$DispatchingInvocationHandler.invoke(ProxyDispatchAdapter.java:88)
  at jdk.proxy1/jdk.proxy1.$Proxy4.processTestDefinition(Unknown Source)
  at org.gradle.api.internal.tasks.testing.worker.TestWorker$2.run(TestWorker.java:178)
  at org.gradle.api.internal.tasks.testing.worker.TestWorker.executeAndMaintainThreadName(TestWorker.java:126)
  at org.gradle.api.internal.tasks.testing.worker.TestWorker.execute(TestWorker.java:103)
  at org.gradle.api.internal.tasks.testing.worker.TestWorker.execute(TestWorker.java:63)
  at org.gradle.process.internal.worker.child.ActionExecutionWorker.execute(ActionExecutionWorker.java:56)
  at org.gradle.process.internal.worker.child.SystemApplicationClassLoaderWorker.call(SystemApplicationClassLoaderWorker.java:122)
  at org.gradle.process.internal.worker.child.SystemApplicationClassLoaderWorker.call(SystemApplicationClassLoaderWorker.java:72)
  at worker.org.gradle.process.internal.worker.GradleWorkerMain.run(GradleWorkerMain.java:69)
  at worker.org.gradle.process.internal.worker.GradleWorkerMain.main(GradleWorkerMain.java:74)
</stacktrace>
</test-failure>


TypeScriptCompilerTests_O[jvm] > overloadOnConstantsInvalidOverload1_ts has expected errors matching overloadOnConstantsInvalidOverload1_errors_txt[jvm] FAILED

<test-failure test="com.xemantic.typescript.compiler.TypeScriptCompilerTests_O.optionalChainWithInstantiationExpression2_ts__target_es2019__compiles to JavaScript matching baseline" platform="jvm">
<message>
--- expected
+++ actual
@@ -17,6 +17,6 @@
 
 //// [optionalChainWithInstantiationExpression2.js]
 "use strict";
-var _a;
+a === null || a === void 0 ? void 0 : a.<;
+b > ();
 a === null || a === void 0 ? void 0 : a();
-(_a = (a)) === null || _a === void 0 ? void 0 : _a();

</message>
<stacktrace>
  at org.junit.Assert.fail(Assert.java:89)
  at kotlin.test.junit.JUnitAsserter.fail(JUnitSupport.kt:56)
  at kotlin.test.AssertionsKt__AssertionsKt.fail(Assertions.kt:563)
  at kotlin.test.AssertionsKt.fail(Unknown Source)
  at com.xemantic.kotlin.test.SameAsKt.sameAs(SameAs.kt:52)
  at com.xemantic.typescript.compiler.TypeScriptTestSupportKt.sameAs(TypeScriptTestSupport.kt:99)
  at com.xemantic.typescript.compiler.TypeScriptCompilerTests_O.optionalChainWithInstantiationExpression2_ts__target_es2019__compiles to JavaScript matching baseline(TypeScriptCompilerTests_O.kt:777)
  at java.base/jdk.internal.reflect.DirectMethodHandleAccessor.invoke(DirectMethodHandleAccessor.java:104)
  at java.base/java.lang.reflect.Method.invoke(Method.java:565)
  at org.junit.runners.model.FrameworkMethod$1.runReflectiveCall(FrameworkMethod.java:59)
  at org.junit.internal.runners.model.ReflectiveCallable.run(ReflectiveCallable.java:12)
  at org.junit.runners.model.FrameworkMethod.invokeExplosively(FrameworkMethod.java:56)
  at org.junit.internal.runners.statements.InvokeMethod.evaluate(InvokeMethod.java:17)
  at org.junit.runners.ParentRunner$3.evaluate(ParentRunner.java:306)
  at org.junit.runners.BlockJUnit4ClassRunner$1.evaluate(BlockJUnit4ClassRunner.java:100)
  at org.junit.runners.ParentRunner.runLeaf(ParentRunner.java:366)
  at org.junit.runners.BlockJUnit4ClassRunner.runChild(BlockJUnit4ClassRunner.java:103)
  at org.junit.runners.BlockJUnit4ClassRunner.runChild(BlockJUnit4ClassRunner.java:63)
  at org.junit.runners.ParentRunner$4.run(ParentRunner.java:331)
  at org.junit.runners.ParentRunner$1.schedule(ParentRunner.java:79)
  at org.junit.runners.ParentRunner.runChildren(ParentRunner.java:329)
  at org.junit.runners.ParentRunner.access$100(ParentRunner.java:66)
  at org.junit.runners.ParentRunner$2.evaluate(ParentRunner.java:293)
  at org.junit.runners.ParentRunner$3.evaluate(ParentRunner.java:306)
  at org.junit.runners.ParentRunner.run(ParentRunner.java:413)
  at org.junit.runner.JUnitCore.run(JUnitCore.java:137)
  at org.junit.runner.JUnitCore.run(JUnitCore.java:115)
  at org.gradle.api.internal.tasks.testing.junit.JUnitTestExecutor.runRequest(JUnitTestExecutor.java:175)
  at org.gradle.api.internal.tasks.testing.junit.JUnitTestExecutor.accept(JUnitTestExecutor.java:84)
  at org.gradle.api.internal.tasks.testing.junit.JUnitTestExecutor.accept(JUnitTestExecutor.java:47)
  at org.gradle.api.internal.tasks.testing.junit.AbstractJUnitTestDefinitionProcessor.processTestDefinition(AbstractJUnitTestDefinitionProcessor.java:65)
  at org.gradle.api.internal.tasks.testing.SuiteTestDefinitionProcessor.processTestDefinition(SuiteTestDefinitionProcessor.java:54)
  at java.base/jdk.internal.reflect.DirectMethodHandleAccessor.invoke(DirectMethodHandleAccessor.java:104)
  at java.base/java.lang.reflect.Method.invoke(Method.java:565)
  at org.gradle.internal.dispatch.MethodInvocation.invokeOn(MethodInvocation.java:77)
  at org.gradle.internal.dispatch.ReflectionDispatch.dispatch(ReflectionDispatch.java:28)
  at org.gradle.internal.dispatch.ReflectionDispatch.dispatch(ReflectionDispatch.java:19)
  at org.gradle.internal.dispatch.ContextClassLoaderDispatch.dispatch(ContextClassLoaderDispatch.java:33)
  at org.gradle.internal.dispatch.ProxyDispatchAdapter$DispatchingInvocationHandler.invoke(ProxyDispatchAdapter.java:88)
  at jdk.proxy1/jdk.proxy1.$Proxy4.processTestDefinition(Unknown Source)
  at org.gradle.api.internal.tasks.testing.worker.TestWorker$2.run(TestWorker.java:178)
  at org.gradle.api.internal.tasks.testing.worker.TestWorker.executeAndMaintainThreadName(TestWorker.java:126)
  at org.gradle.api.internal.tasks.testing.worker.TestWorker.execute(TestWorker.java:103)
  at org.gradle.api.internal.tasks.testing.worker.TestWorker.execute(TestWorker.java:63)
  at org.gradle.process.internal.worker.child.ActionExecutionWorker.execute(ActionExecutionWorker.java:56)
  at org.gradle.process.internal.worker.child.SystemApplicationClassLoaderWorker.call(SystemApplicationClassLoaderWorker.java:122)
  at org.gradle.process.internal.worker.child.SystemApplicationClassLoaderWorker.call(SystemApplicationClassLoaderWorker.java:72)
  at worker.org.gradle.process.internal.worker.GradleWorkerMain.run(GradleWorkerMain.java:69)
  at worker.org.gradle.process.internal.worker.GradleWorkerMain.main(GradleWorkerMain.java:74)
</stacktrace>
</test-failure>


TypeScriptCompilerTests_O[jvm] > optionalChainWithInstantiationExpression2_ts__target_es2019__compiles to JavaScript matching baseline[jvm] FAILED

<test-failure test="com.xemantic.typescript.compiler.TypeScriptCompilerTests_O.objectFreezeLiteralsDontWiden_ts has expected errors matching objectFreezeLiteralsDontWiden_errors_txt" platform="jvm">
<message>
Expected diagnostics from baseline typescript-repo/tests/baselines/reference/objectFreezeLiteralsDontWiden.errors.txt but none produced
</message>
<stacktrace>
  at com.xemantic.typescript.compiler.TypeScriptTestSupportKt.errorsMatchBaseline(TypeScriptTestSupport.kt:125)
  at com.xemantic.typescript.compiler.TypeScriptCompilerTests_O.objectFreezeLiteralsDontWiden_ts has expected errors matching objectFreezeLiteralsDontWiden_errors_txt(TypeScriptCompilerTests_O.kt:119)
  at java.base/jdk.internal.reflect.DirectMethodHandleAccessor.invoke(DirectMethodHandleAccessor.java:104)
  at java.base/java.lang.reflect.Method.invoke(Method.java:565)
  at org.junit.runners.model.FrameworkMethod$1.runReflectiveCall(FrameworkMethod.java:59)
  at org.junit.internal.runners.model.ReflectiveCallable.run(ReflectiveCallable.java:12)
  at org.junit.runners.model.FrameworkMethod.invokeExplosively(FrameworkMethod.java:56)
  at org.junit.internal.runners.statements.InvokeMethod.evaluate(InvokeMethod.java:17)
  at org.junit.runners.ParentRunner$3.evaluate(ParentRunner.java:306)
  at org.junit.runners.BlockJUnit4ClassRunner$1.evaluate(BlockJUnit4ClassRunner.java:100)
  at org.junit.runners.ParentRunner.runLeaf(ParentRunner.java:366)
  at org.junit.runners.BlockJUnit4ClassRunner.runChild(BlockJUnit4ClassRunner.java:103)
  at org.junit.runners.BlockJUnit4ClassRunner.runChild(BlockJUnit4ClassRunner.java:63)
  at org.junit.runners.ParentRunner$4.run(ParentRunner.java:331)
  at org.junit.runners.ParentRunner$1.schedule(ParentRunner.java:79)
  at org.junit.runners.ParentRunner.runChildren(ParentRunner.java:329)
  at org.junit.runners.ParentRunner.access$100(ParentRunner.java:66)
  at org.junit.runners.ParentRunner$2.evaluate(ParentRunner.java:293)
  at org.junit.runners.ParentRunner$3.evaluate(ParentRunner.java:306)
  at org.junit.runners.ParentRunner.run(ParentRunner.java:413)
  at org.junit.runner.JUnitCore.run(JUnitCore.java:137)
  at org.junit.runner.JUnitCore.run(JUnitCore.java:115)
  at org.gradle.api.internal.tasks.testing.junit.JUnitTestExecutor.runRequest(JUnitTestExecutor.java:175)
  at org.gradle.api.internal.tasks.testing.junit.JUnitTestExecutor.accept(JUnitTestExecutor.java:84)
  at org.gradle.api.internal.tasks.testing.junit.JUnitTestExecutor.accept(JUnitTestExecutor.java:47)
  at org.gradle.api.internal.tasks.testing.junit.AbstractJUnitTestDefinitionProcessor.processTestDefinition(AbstractJUnitTestDefinitionProcessor.java:65)
  at org.gradle.api.internal.tasks.testing.SuiteTestDefinitionProcessor.processTestDefinition(SuiteTestDefinitionProcessor.java:54)
  at java.base/jdk.internal.reflect.DirectMethodHandleAccessor.invoke(DirectMethodHandleAccessor.java:104)
  at java.base/java.lang.reflect.Method.invoke(Method.java:565)
  at org.gradle.internal.dispatch.MethodInvocation.invokeOn(MethodInvocation.java:77)
  at org.gradle.internal.dispatch.ReflectionDispatch.dispatch(ReflectionDispatch.java:28)
  at org.gradle.internal.dispatch.ReflectionDispatch.dispatch(ReflectionDispatch.java:19)
  at org.gradle.internal.dispatch.ContextClassLoaderDispatch.dispatch(ContextClassLoaderDispatch.java:33)
  at org.gradle.internal.dispatch.ProxyDispatchAdapter$DispatchingInvocationHandler.invoke(ProxyDispatchAdapter.java:88)
  at jdk.proxy1/jdk.proxy1.$Proxy4.processTestDefinition(Unknown Source)
  at org.gradle.api.internal.tasks.testing.worker.TestWorker$2.run(TestWorker.java:178)
  at org.gradle.api.internal.tasks.testing.worker.TestWorker.executeAndMaintainThreadName(TestWorker.java:126)
  at org.gradle.api.internal.tasks.testing.worker.TestWorker.execute(TestWorker.java:103)
  at org.gradle.api.internal.tasks.testing.worker.TestWorker.execute(TestWorker.java:63)
  at org.gradle.process.internal.worker.child.ActionExecutionWorker.execute(ActionExecutionWorker.java:56)
  at org.gradle.process.internal.worker.child.SystemApplicationClassLoaderWorker.call(SystemApplicationClassLoaderWorker.java:122)
  at org.gradle.process.internal.worker.child.SystemApplicationClassLoaderWorker.call(SystemApplicationClassLoaderWorker.java:72)
  at worker.org.gradle.process.internal.worker.GradleWorkerMain.run(GradleWorkerMain.java:69)
  at worker.org.gradle.process.internal.worker.GradleWorkerMain.main(GradleWorkerMain.java:74)
</stacktrace>
</test-failure>


TypeScriptCompilerTests_O[jvm] > objectFreezeLiteralsDontWiden_ts has expected errors matching objectFreezeLiteralsDontWiden_errors_txt[jvm] FAILED

<test-failure test="com.xemantic.typescript.compiler.TypeScriptCompilerTests_O.objectLiteralIndexerErrors_ts has expected errors matching objectLiteralIndexerErrors_errors_txt" platform="jvm">
<message>
Expected diagnostics from baseline typescript-repo/tests/baselines/reference/objectLiteralIndexerErrors.errors.txt but none produced
</message>
<stacktrace>
  at com.xemantic.typescript.compiler.TypeScriptTestSupportKt.errorsMatchBaseline(TypeScriptTestSupport.kt:125)
  at com.xemantic.typescript.compiler.TypeScriptCompilerTests_O.objectLiteralIndexerErrors_ts has expected errors matching objectLiteralIndexerErrors_errors_txt(TypeScriptCompilerTests_O.kt:343)
  at java.base/jdk.internal.reflect.DirectMethodHandleAccessor.invoke(DirectMethodHandleAccessor.java:104)
  at java.base/java.lang.reflect.Method.invoke(Method.java:565)
  at org.junit.runners.model.FrameworkMethod$1.runReflectiveCall(FrameworkMethod.java:59)
  at org.junit.internal.runners.model.ReflectiveCallable.run(ReflectiveCallable.java:12)
  at org.junit.runners.model.FrameworkMethod.invokeExplosively(FrameworkMethod.java:56)
  at org.junit.internal.runners.statements.InvokeMethod.evaluate(InvokeMethod.java:17)
  at org.junit.runners.ParentRunner$3.evaluate(ParentRunner.java:306)
  at org.junit.runners.BlockJUnit4ClassRunner$1.evaluate(BlockJUnit4ClassRunner.java:100)
  at org.junit.runners.ParentRunner.runLeaf(ParentRunner.java:366)
  at org.junit.runners.BlockJUnit4ClassRunner.runChild(BlockJUnit4ClassRunner.java:103)
  at org.junit.runners.BlockJUnit4ClassRunner.runChild(BlockJUnit4ClassRunner.java:63)
  at org.junit.runners.ParentRunner$4.run(ParentRunner.java:331)
  at org.junit.runners.ParentRunner$1.schedule(ParentRunner.java:79)
  at org.junit.runners.ParentRunner.runChildren(ParentRunner.java:329)
  at org.junit.runners.ParentRunner.access$100(ParentRunner.java:66)
  at org.junit.runners.ParentRunner$2.evaluate(ParentRunner.java:293)
  at org.junit.runners.ParentRunner$3.evaluate(ParentRunner.java:306)
  at org.junit.runners.ParentRunner.run(ParentRunner.java:413)
  at org.junit.runner.JUnitCore.run(JUnitCore.java:137)
  at org.junit.runner.JUnitCore.run(JUnitCore.java:115)
  at org.gradle.api.internal.tasks.testing.junit.JUnitTestExecutor.runRequest(JUnitTestExecutor.java:175)
  at org.gradle.api.internal.tasks.testing.junit.JUnitTestExecutor.accept(JUnitTestExecutor.java:84)
  at org.gradle.api.internal.tasks.testing.junit.JUnitTestExecutor.accept(JUnitTestExecutor.java:47)
  at org.gradle.api.internal.tasks.testing.junit.AbstractJUnitTestDefinitionProcessor.processTestDefinition(AbstractJUnitTestDefinitionProcessor.java:65)
  at org.gradle.api.internal.tasks.testing.SuiteTestDefinitionProcessor.processTestDefinition(SuiteTestDefinitionProcessor.java:54)
  at java.base/jdk.internal.reflect.DirectMethodHandleAccessor.invoke(DirectMethodHandleAccessor.java:104)
  at java.base/java.lang.reflect.Method.invoke(Method.java:565)
  at org.gradle.internal.dispatch.MethodInvocation.invokeOn(MethodInvocation.java:77)
  at org.gradle.internal.dispatch.ReflectionDispatch.dispatch(ReflectionDispatch.java:28)
  at org.gradle.internal.dispatch.ReflectionDispatch.dispatch(ReflectionDispatch.java:19)
  at org.gradle.internal.dispatch.ContextClassLoaderDispatch.dispatch(ContextClassLoaderDispatch.java:33)
  at org.gradle.internal.dispatch.ProxyDispatchAdapter$DispatchingInvocationHandler.invoke(ProxyDispatchAdapter.java:88)
  at jdk.proxy1/jdk.proxy1.$Proxy4.processTestDefinition(Unknown Source)
  at org.gradle.api.internal.tasks.testing.worker.TestWorker$2.run(TestWorker.java:178)
  at org.gradle.api.internal.tasks.testing.worker.TestWorker.executeAndMaintainThreadName(TestWorker.java:126)
  at org.gradle.api.internal.tasks.testing.worker.TestWorker.execute(TestWorker.java:103)
  at org.gradle.api.internal.tasks.testing.worker.TestWorker.execute(TestWorker.java:63)
  at org.gradle.process.internal.worker.child.ActionExecutionWorker.execute(ActionExecutionWorker.java:56)
  at org.gradle.process.internal.worker.child.SystemApplicationClassLoaderWorker.call(SystemApplicationClassLoaderWorker.java:122)
  at org.gradle.process.internal.worker.child.SystemApplicationClassLoaderWorker.call(SystemApplicationClassLoaderWorker.java:72)
  at worker.org.gradle.process.internal.worker.GradleWorkerMain.run(GradleWorkerMain.java:69)
  at worker.org.gradle.process.internal.worker.GradleWorkerMain.main(GradleWorkerMain.java:74)
</stacktrace>
</test-failure>


TypeScriptCompilerTests_O[jvm] > objectLiteralIndexerErrors_ts has expected errors matching objectLiteralIndexerErrors_errors_txt[jvm] FAILED

<test-failure test="com.xemantic.typescript.compiler.TypeScriptCompilerTests_O.outModuleConcatCommonjsDeclarationOnly_ts__target_es2015__compiles to JavaScript matching baseline" platform="jvm">
<message>
--- expected
+++ actual
@@ -6,17 +6,3 @@
 //// [b.ts]
 import {A} from "./ref/a";
 export class B extends A { }
-
-
-
-
-//// [all.d.ts]
-declare module "ref/a" {
-    export class A {
-    }
-}
-declare module "b" {
-    import { A } from "ref/a";
-    export class B extends A {
-    }
-}

</message>
<stacktrace>
  at org.junit.Assert.fail(Assert.java:89)
  at kotlin.test.junit.JUnitAsserter.fail(JUnitSupport.kt:56)
  at kotlin.test.AssertionsKt__AssertionsKt.fail(Assertions.kt:563)
  at kotlin.test.AssertionsKt.fail(Unknown Source)
  at com.xemantic.kotlin.test.SameAsKt.sameAs(SameAs.kt:52)
  at com.xemantic.typescript.compiler.TypeScriptTestSupportKt.sameAs(TypeScriptTestSupport.kt:99)
  at com.xemantic.typescript.compiler.TypeScriptCompilerTests_O.outModuleConcatCommonjsDeclarationOnly_ts__target_es2015__compiles to JavaScript matching baseline(TypeScriptCompilerTests_O.kt:1232)
  at java.base/jdk.internal.reflect.DirectMethodHandleAccessor.invoke(DirectMethodHandleAccessor.java:104)
  at java.base/java.lang.reflect.Method.invoke(Method.java:565)
  at org.junit.runners.model.FrameworkMethod$1.runReflectiveCall(FrameworkMethod.java:59)
  at org.junit.internal.runners.model.ReflectiveCallable.run(ReflectiveCallable.java:12)
  at org.junit.runners.model.FrameworkMethod.invokeExplosively(FrameworkMethod.java:56)
  at org.junit.internal.runners.statements.InvokeMethod.evaluate(InvokeMethod.java:17)
  at org.junit.runners.ParentRunner$3.evaluate(ParentRunner.java:306)
  at org.junit.runners.BlockJUnit4ClassRunner$1.evaluate(BlockJUnit4ClassRunner.java:100)
  at org.junit.runners.ParentRunner.runLeaf(ParentRunner.java:366)
  at org.junit.runners.BlockJUnit4ClassRunner.runChild(BlockJUnit4ClassRunner.java:103)
  at org.junit.runners.BlockJUnit4ClassRunner.runChild(BlockJUnit4ClassRunner.java:63)
  at org.junit.runners.ParentRunner$4.run(ParentRunner.java:331)
  at org.junit.runners.ParentRunner$1.schedule(ParentRunner.java:79)
  at org.junit.runners.ParentRunner.runChildren(ParentRunner.java:329)
  at org.junit.runners.ParentRunner.access$100(ParentRunner.java:66)
  at org.junit.runners.ParentRunner$2.evaluate(ParentRunner.java:293)
  at org.junit.runners.ParentRunner$3.evaluate(ParentRunner.java:306)
  at org.junit.runners.ParentRunner.run(ParentRunner.java:413)
  at org.junit.runner.JUnitCore.run(JUnitCore.java:137)
  at org.junit.runner.JUnitCore.run(JUnitCore.java:115)
  at org.gradle.api.internal.tasks.testing.junit.JUnitTestExecutor.runRequest(JUnitTestExecutor.java:175)
  at org.gradle.api.internal.tasks.testing.junit.JUnitTestExecutor.accept(JUnitTestExecutor.java:84)
  at org.gradle.api.internal.tasks.testing.junit.JUnitTestExecutor.accept(JUnitTestExecutor.java:47)
  at org.gradle.api.internal.tasks.testing.junit.AbstractJUnitTestDefinitionProcessor.processTestDefinition(AbstractJUnitTestDefinitionProcessor.java:65)
  at org.gradle.api.internal.tasks.testing.SuiteTestDefinitionProcessor.processTestDefinition(SuiteTestDefinitionProcessor.java:54)
  at java.base/jdk.internal.reflect.DirectMethodHandleAccessor.invoke(DirectMethodHandleAccessor.java:104)
  at java.base/java.lang.reflect.Method.invoke(Method.java:565)
  at org.gradle.internal.dispatch.MethodInvocation.invokeOn(MethodInvocation.java:77)
  at org.gradle.internal.dispatch.ReflectionDispatch.dispatch(ReflectionDispatch.java:28)
  at org.gradle.internal.dispatch.ReflectionDispatch.dispatch(ReflectionDispatch.java:19)
  at org.gradle.internal.dispatch.ContextClassLoaderDispatch.dispatch(ContextClassLoaderDispatch.java:33)
  at org.gradle.internal.dispatch.ProxyDispatchAdapter$DispatchingInvocationHandler.invoke(ProxyDispatchAdapter.java:88)
  at jdk.proxy1/jdk.proxy1.$Proxy4.processTestDefinition(Unknown Source)
  at org.gradle.api.internal.tasks.testing.worker.TestWorker$2.run(TestWorker.java:178)
  at org.gradle.api.internal.tasks.testing.worker.TestWorker.executeAndMaintainThreadName(TestWorker.java:126)
  at org.gradle.api.internal.tasks.testing.worker.TestWorker.execute(TestWorker.java:103)
  at org.gradle.api.internal.tasks.testing.worker.TestWorker.execute(TestWorker.java:63)
  at org.gradle.process.internal.worker.child.ActionExecutionWorker.execute(ActionExecutionWorker.java:56)
  at org.gradle.process.internal.worker.child.SystemApplicationClassLoaderWorker.call(SystemApplicationClassLoaderWorker.java:122)
  at org.gradle.process.internal.worker.child.SystemApplicationClassLoaderWorker.call(SystemApplicationClassLoaderWorker.java:72)
  at worker.org.gradle.process.internal.worker.GradleWorkerMain.run(GradleWorkerMain.java:69)
  at worker.org.gradle.process.internal.worker.GradleWorkerMain.main(GradleWorkerMain.java:74)
</stacktrace>
</test-failure>


TypeScriptCompilerTests_O[jvm] > outModuleConcatCommonjsDeclarationOnly_ts__target_es2015__compiles to JavaScript matching baseline[jvm] FAILED

<test-failure test="com.xemantic.typescript.compiler.TypeScriptCompilerTests_O.overloadingStaticFunctionsInFunctions_ts has expected errors matching overloadingStaticFunctionsInFunctions_errors_txt" platform="jvm">
<message>
--- expected
+++ actual
@@ -1,50 +1,53 @@
+overloadingStaticFunctionsInFunctions.ts(1,10): error TS2391: Function implementation is missing or not immediately following the declaration.
+overloadingStaticFunctionsInFunctions.ts(1,10): error TS7010: 'boo', which lacks return-type annotation, implicitly has an 'any' return type.
 overloadingStaticFunctionsInFunctions.ts(1,14): error TS1005: '(' expected.
-overloadingStaticFunctionsInFunctions.ts(2,3): error TS1128: Declaration or statement expected.
-overloadingStaticFunctionsInFunctions.ts(2,10): error TS2593: Cannot find name 'test'. Do you need to install type definitions for a test runner? Try `npm i --save-dev @types/jest` or `npm i --save-dev @types/mocha` and then add 'jest' or 'mocha' to the types field in your tsconfig.
-overloadingStaticFunctionsInFunctions.ts(3,3): error TS1128: Declaration or statement expected.
-overloadingStaticFunctionsInFunctions.ts(3,10): error TS2593: Cannot find name 'test'. Do you need to install type definitions for a test runner? Try `npm i --save-dev @types/jest` or `npm i --save-dev @types/mocha` and then add 'jest' or 'mocha' to the types field in your tsconfig.
+overloadingStaticFunctionsInFunctions.ts(2,3): error TS1212: Identifier expected. 'static' is a reserved word in strict mode.
+overloadingStaticFunctionsInFunctions.ts(2,10): error TS1005: '}' expected.
+overloadingStaticFunctionsInFunctions.ts(3,3): error TS1212: Identifier expected. 'static' is a reserved word in strict mode.
 overloadingStaticFunctionsInFunctions.ts(3,15): error TS2304: Cannot find name 'name'.
-overloadingStaticFunctionsInFunctions.ts(3,19): error TS1005: ',' expected.
+overloadingStaticFunctionsInFunctions.ts(3,19): error TS1005: ')' expected.
 overloadingStaticFunctionsInFunctions.ts(3,20): error TS2693: 'string' only refers to a type, but is being used as a value here.
-overloadingStaticFunctionsInFunctions.ts(4,3): error TS1128: Declaration or statement expected.
-overloadingStaticFunctionsInFunctions.ts(4,10): error TS2593: Cannot find name 'test'. Do you need to install type definitions for a test runner? Try `npm i --save-dev @types/jest` or `npm i --save-dev @types/mocha` and then add 'jest' or 'mocha' to the types field in your tsconfig.
+overloadingStaticFunctionsInFunctions.ts(3,26): error TS1109: Expression expected.
+overloadingStaticFunctionsInFunctions.ts(4,3): error TS1212: Identifier expected. 'static' is a reserved word in strict mode.
 overloadingStaticFunctionsInFunctions.ts(4,15): error TS2304: Cannot find name 'name'.
 overloadingStaticFunctionsInFunctions.ts(4,20): error TS1109: Expression expected.
 overloadingStaticFunctionsInFunctions.ts(4,21): error TS2693: 'any' only refers to a type, but is being used as a value here.
-overloadingStaticFunctionsInFunctions.ts(4,25): error TS1005: ';' expected.
+overloadingStaticFunctionsInFunctions.ts(5,1): error TS1128: Declaration or statement expected.
 
 
-==== overloadingStaticFunctionsInFunctions.ts (14 errors) ====
+==== overloadingStaticFunctionsInFunctions.ts (15 errors) ====
     function boo {
+             ~~~
+!!! error TS2391: Function implementation is missing or not immediately following the declaration.
+             ~~~
+!!! error TS7010: 'boo', which lacks return-type annotation, implicitly has an 'any' return type.
                  ~
 !!! error TS1005: '(' expected.
       static test()
       ~~~~~~
-!!! error TS1128: Declaration or statement expected.
+!!! error TS1212: Identifier expected. 'static' is a reserved word in strict mode.
              ~~~~
-!!! error TS2593: Cannot find name 'test'. Do you need to install type definitions for a test runner? Try `npm i --save-dev @types/jest` or `npm i --save-dev @types/mocha` and then add 'jest' or 'mocha' to the types field in your tsconfig.
+!!! error TS1005: '}' expected.
       static test(name:string)
       ~~~~~~
-!!! error TS1128: Declaration or statement expected.
-             ~~~~
-!!! error TS2593: Cannot find name 'test'. Do you need to install type definitions for a test runner? Try `npm i --save-dev @types/jest` or `npm i --save-dev @types/mocha` and then add 'jest' or 'mocha' to the types field in your tsconfig.
+!!! error TS1212: Identifier expected. 'static' is a reserved word in strict mode.
                   ~~~~
 !!! error TS2304: Cannot find name 'name'.
                       ~
-!!! error TS1005: ',' expected.
+!!! error TS1005: ')' expected.
                        ~~~~~~
 !!! error TS2693: 'string' only refers to a type, but is being used as a value here.
+                             ~
+!!! error TS1109: Expression expected.
       static test(name?:any){ }
       ~~~~~~
-!!! error TS1128: Declaration or statement expected.
-             ~~~~
-!!! error TS2593: Cannot find name 'test'. Do you need to install type definitions for a test runner? Try `npm i --save-dev @types/jest` or `npm i --save-dev @types/mocha` and then add 'jest' or 'mocha' to the types field in your tsconfig.
+!!! error TS1212: Identifier expected. 'static' is a reserved word in strict mode.
                   ~~~~
 !!! error TS2304: Cannot find name 'name'.
                        ~
 !!! error TS1109: Expression expected.
                         ~~~
 !!! error TS2693: 'any' only refers to a type, but is being used as a value here.
-                            ~
-!!! error TS1005: ';' expected.
     }
+    ~
+!!! error TS1128: Declaration or statement expected.

</message>
<stacktrace>
  at org.junit.Assert.fail(Assert.java:89)
  at kotlin.test.junit.JUnitAsserter.fail(JUnitSupport.kt:56)
  at kotlin.test.AssertionsKt__AssertionsKt.fail(Assertions.kt:563)
  at kotlin.test.AssertionsKt.fail(Unknown Source)
  at com.xemantic.kotlin.test.SameAsKt.sameAs(SameAs.kt:52)
  at com.xemantic.typescript.compiler.TypeScriptTestSupportKt.errorsMatchBaseline(TypeScriptTestSupport.kt:135)
  at com.xemantic.typescript.compiler.TypeScriptCompilerTests_O.overloadingStaticFunctionsInFunctions_ts has expected errors matching overloadingStaticFunctionsInFunctions_errors_txt(TypeScriptCompilerTests_O.kt:1855)
  at java.base/jdk.internal.reflect.DirectMethodHandleAccessor.invoke(DirectMethodHandleAccessor.java:104)
  at java.base/java.lang.reflect.Method.invoke(Method.java:565)
  at org.junit.runners.model.FrameworkMethod$1.runReflectiveCall(FrameworkMethod.java:59)
  at org.junit.internal.runners.model.ReflectiveCallable.run(ReflectiveCallable.java:12)
  at org.junit.runners.model.FrameworkMethod.invokeExplosively(FrameworkMethod.java:56)
  at org.junit.internal.runners.statements.InvokeMethod.evaluate(InvokeMethod.java:17)
  at org.junit.runners.ParentRunner$3.evaluate(ParentRunner.java:306)
  at org.junit.runners.BlockJUnit4ClassRunner$1.evaluate(BlockJUnit4ClassRunner.java:100)
  at org.junit.runners.ParentRunner.runLeaf(ParentRunner.java:366)
  at org.junit.runners.BlockJUnit4ClassRunner.runChild(BlockJUnit4ClassRunner.java:103)
  at org.junit.runners.BlockJUnit4ClassRunner.runChild(BlockJUnit4ClassRunner.java:63)
  at org.junit.runners.ParentRunner$4.run(ParentRunner.java:331)
  at org.junit.runners.ParentRunner$1.schedule(ParentRunner.java:79)
  at org.junit.runners.ParentRunner.runChildren(ParentRunner.java:329)
  at org.junit.runners.ParentRunner.access$100(ParentRunner.java:66)
  at org.junit.runners.ParentRunner$2.evaluate(ParentRunner.java:293)
  at org.junit.runners.ParentRunner$3.evaluate(ParentRunner.java:306)
  at org.junit.runners.ParentRunner.run(ParentRunner.java:413)
  at org.junit.runner.JUnitCore.run(JUnitCore.java:137)
  at org.junit.runner.JUnitCore.run(JUnitCore.java:115)
  at org.gradle.api.internal.tasks.testing.junit.JUnitTestExecutor.runRequest(JUnitTestExecutor.java:175)
  at org.gradle.api.internal.tasks.testing.junit.JUnitTestExecutor.accept(JUnitTestExecutor.java:84)
  at org.gradle.api.internal.tasks.testing.junit.JUnitTestExecutor.accept(JUnitTestExecutor.java:47)
  at org.gradle.api.internal.tasks.testing.junit.AbstractJUnitTestDefinitionProcessor.processTestDefinition(AbstractJUnitTestDefinitionProcessor.java:65)
  at org.gradle.api.internal.tasks.testing.SuiteTestDefinitionProcessor.processTestDefinition(SuiteTestDefinitionProcessor.java:54)
  at java.base/jdk.internal.reflect.DirectMethodHandleAccessor.invoke(DirectMethodHandleAccessor.java:104)
  at java.base/java.lang.reflect.Method.invoke(Method.java:565)
  at org.gradle.internal.dispatch.MethodInvocation.invokeOn(MethodInvocation.java:77)
  at org.gradle.internal.dispatch.ReflectionDispatch.dispatch(ReflectionDispatch.java:28)
  at org.gradle.internal.dispatch.ReflectionDispatch.dispatch(ReflectionDispatch.java:19)
  at org.gradle.internal.dispatch.ContextClassLoaderDispatch.dispatch(ContextClassLoaderDispatch.java:33)
  at org.gradle.internal.dispatch.ProxyDispatchAdapter$DispatchingInvocationHandler.invoke(ProxyDispatchAdapter.java:88)
  at jdk.proxy1/jdk.proxy1.$Proxy4.processTestDefinition(Unknown Source)
  at org.gradle.api.internal.tasks.testing.worker.TestWorker$2.run(TestWorker.java:178)
  at org.gradle.api.internal.tasks.testing.worker.TestWorker.executeAndMaintainThreadName(TestWorker.java:126)
  at org.gradle.api.internal.tasks.testing.worker.TestWorker.execute(TestWorker.java:103)
  at org.gradle.api.internal.tasks.testing.worker.TestWorker.execute(TestWorker.java:63)
  at org.gradle.process.internal.worker.child.ActionExecutionWorker.execute(ActionExecutionWorker.java:56)
  at org.gradle.process.internal.worker.child.SystemApplicationClassLoaderWorker.call(SystemApplicationClassLoaderWorker.java:122)
  at org.gradle.process.internal.worker.child.SystemApplicationClassLoaderWorker.call(SystemApplicationClassLoaderWorker.java:72)
  at worker.org.gradle.process.internal.worker.GradleWorkerMain.run(GradleWorkerMain.java:69)
  at worker.org.gradle.process.internal.worker.GradleWorkerMain.main(GradleWorkerMain.java:74)
</stacktrace>
</test-failure>


TypeScriptCompilerTests_O[jvm] > overloadingStaticFunctionsInFunctions_ts has expected errors matching overloadingStaticFunctionsInFunctions_errors_txt[jvm] FAILED

<test-failure test="com.xemantic.typescript.compiler.TypeScriptCompilerTests_O.overloadConsecutiveness_ts has expected errors matching overloadConsecutiveness_errors_txt" platform="jvm">
<message>
--- expected
+++ actual
@@ -1,62 +1,45 @@
 overloadConsecutiveness.ts(3,10): error TS2391: Function implementation is missing or not immediately following the declaration.
-overloadConsecutiveness.ts(3,14): error TS1144: '{' or ';' expected.
-overloadConsecutiveness.ts(3,25): error TS2391: Function implementation is missing or not immediately following the declaration.
-overloadConsecutiveness.ts(4,10): error TS2391: Function implementation is missing or not immediately following the declaration.
-overloadConsecutiveness.ts(4,14): error TS1144: '{' or ';' expected.
-overloadConsecutiveness.ts(5,10): error TS2391: Function implementation is missing or not immediately following the declaration.
-overloadConsecutiveness.ts(5,17): error TS1128: Declaration or statement expected.
-overloadConsecutiveness.ts(5,28): error TS2391: Function implementation is missing or not immediately following the declaration.
-overloadConsecutiveness.ts(8,2): error TS2391: Function implementation is missing or not immediately following the declaration.
-overloadConsecutiveness.ts(8,6): error TS1144: '{' or ';' expected.
-overloadConsecutiveness.ts(8,8): error TS2391: Function implementation is missing or not immediately following the declaration.
-overloadConsecutiveness.ts(9,2): error TS2391: Function implementation is missing or not immediately following the declaration.
-overloadConsecutiveness.ts(9,6): error TS1144: '{' or ';' expected.
-overloadConsecutiveness.ts(10,2): error TS2391: Function implementation is missing or not immediately following the declaration.
-overloadConsecutiveness.ts(10,9): error TS1068: Unexpected token. A constructor, method, accessor, or property was expected.
-overloadConsecutiveness.ts(10,11): error TS2391: Function implementation is missing or not immediately following the declaration.
+overloadConsecutiveness.ts(3,14): error TS1109: Expression expected.
+overloadConsecutiveness.ts(3,14): error TS2695: Left side of comma operator is unused and has no side effects.
+overloadConsecutiveness.ts(3,29): error TS1005: '{' expected.
+overloadConsecutiveness.ts(4,14): error TS1109: Expression expected.
+overloadConsecutiveness.ts(4,14): error TS2695: Left side of comma operator is unused and has no side effects.
+overloadConsecutiveness.ts(5,17): error TS1109: Expression expected.
+overloadConsecutiveness.ts(5,17): error TS2695: Left side of comma operator is unused and has no side effects.
+overloadConsecutiveness.ts(5,32): error TS1005: '{' expected.
+overloadConsecutiveness.ts(12,1): error TS1005: '}' expected.
 
 
-==== overloadConsecutiveness.ts (16 errors) ====
+==== overloadConsecutiveness.ts (10 errors) ====
     // Making sure compiler won't break with declarations that are consecutive in the AST but not consecutive in the source. Syntax errors intentional.
     
     function f1(), function f1();
              ~~
 !!! error TS2391: Function implementation is missing or not immediately following the declaration.
                  ~
-!!! error TS1144: '{' or ';' expected.
-                            ~~
-!!! error TS2391: Function implementation is missing or not immediately following the declaration.
+!!! error TS1109: Expression expected.
+                 ~
+!!! error TS2695: Left side of comma operator is unused and has no side effects.
+                                ~
+!!! error TS1005: '{' expected.
     function f2(), function f2() {}
-             ~~
-!!! error TS2391: Function implementation is missing or not immediately following the declaration.
                  ~
-!!! error TS1144: '{' or ';' expected.
+!!! error TS1109: Expression expected.
+                 ~
+!!! error TS2695: Left side of comma operator is unused and has no side effects.
     function f3() {}, function f3();
-             ~~
-!!! error TS2391: Function implementation is missing or not immediately following the declaration.
                     ~
-!!! error TS1128: Declaration or statement expected.
-                               ~~
-!!! error TS2391: Function implementation is missing or not immediately following the declaration.
+!!! error TS1109: Expression expected.
+                    ~
+!!! error TS2695: Left side of comma operator is unused and has no side effects.
+                                   ~
+!!! error TS1005: '{' expected.
     
     class C {
     	m1(), m1();
-    	~~
-!!! error TS2391: Function implementation is missing or not immediately following the declaration.
-    	    ~
-!!! error TS1144: '{' or ';' expected.
-    	      ~~
-!!! error TS2391: Function implementation is missing or not immediately following the declaration.
     	m2(), m2() {}
-    	~~
-!!! error TS2391: Function implementation is missing or not immediately following the declaration.
-    	    ~
-!!! error TS1144: '{' or ';' expected.
     	m3() {}, m3();
-    	~~
-!!! error TS2391: Function implementation is missing or not immediately following the declaration.
-    	       ~
-!!! error TS1068: Unexpected token. A constructor, method, accessor, or property was expected.
-    	         ~~
-!!! error TS2391: Function implementation is missing or not immediately following the declaration.
     }
+    
+    
+!!! error TS1005: '}' expected.

</message>
<stacktrace>
  at org.junit.Assert.fail(Assert.java:89)
  at kotlin.test.junit.JUnitAsserter.fail(JUnitSupport.kt:56)
  at kotlin.test.AssertionsKt__AssertionsKt.fail(Assertions.kt:563)
  at kotlin.test.AssertionsKt.fail(Unknown Source)
  at com.xemantic.kotlin.test.SameAsKt.sameAs(SameAs.kt:52)
  at com.xemantic.typescript.compiler.TypeScriptTestSupportKt.errorsMatchBaseline(TypeScriptTestSupport.kt:135)
  at com.xemantic.typescript.compiler.TypeScriptCompilerTests_O.overloadConsecutiveness_ts has expected errors matching overloadConsecutiveness_errors_txt(TypeScriptCompilerTests_O.kt:1428)
  at java.base/jdk.internal.reflect.DirectMethodHandleAccessor.invoke(DirectMethodHandleAccessor.java:104)
  at java.base/java.lang.reflect.Method.invoke(Method.java:565)
  at org.junit.runners.model.FrameworkMethod$1.runReflectiveCall(FrameworkMethod.java:59)
  at org.junit.internal.runners.model.ReflectiveCallable.run(ReflectiveCallable.java:12)
  at org.junit.runners.model.FrameworkMethod.invokeExplosively(FrameworkMethod.java:56)
  at org.junit.internal.runners.statements.InvokeMethod.evaluate(InvokeMethod.java:17)
  at org.junit.runners.ParentRunner$3.evaluate(ParentRunner.java:306)
  at org.junit.runners.BlockJUnit4ClassRunner$1.evaluate(BlockJUnit4ClassRunner.java:100)
  at org.junit.runners.ParentRunner.runLeaf(ParentRunner.java:366)
  at org.junit.runners.BlockJUnit4ClassRunner.runChild(BlockJUnit4ClassRunner.java:103)
  at org.junit.runners.BlockJUnit4ClassRunner.runChild(BlockJUnit4ClassRunner.java:63)
  at org.junit.runners.ParentRunner$4.run(ParentRunner.java:331)
  at org.junit.runners.ParentRunner$1.schedule(ParentRunner.java:79)
  at org.junit.runners.ParentRunner.runChildren(ParentRunner.java:329)
  at org.junit.runners.ParentRunner.access$100(ParentRunner.java:66)
  at org.junit.runners.ParentRunner$2.evaluate(ParentRunner.java:293)
  at org.junit.runners.ParentRunner$3.evaluate(ParentRunner.java:306)
  at org.junit.runners.ParentRunner.run(ParentRunner.java:413)
  at org.junit.runner.JUnitCore.run(JUnitCore.java:137)
  at org.junit.runner.JUnitCore.run(JUnitCore.java:115)
  at org.gradle.api.internal.tasks.testing.junit.JUnitTestExecutor.runRequest(JUnitTestExecutor.java:175)
  at org.gradle.api.internal.tasks.testing.junit.JUnitTestExecutor.accept(JUnitTestExecutor.java:84)
  at org.gradle.api.internal.tasks.testing.junit.JUnitTestExecutor.accept(JUnitTestExecutor.java:47)
  at org.gradle.api.internal.tasks.testing.junit.AbstractJUnitTestDefinitionProcessor.processTestDefinition(AbstractJUnitTestDefinitionProcessor.java:65)
  at org.gradle.api.internal.tasks.testing.SuiteTestDefinitionProcessor.processTestDefinition(SuiteTestDefinitionProcessor.java:54)
  at java.base/jdk.internal.reflect.DirectMethodHandleAccessor.invoke(DirectMethodHandleAccessor.java:104)
  at java.base/java.lang.reflect.Method.invoke(Method.java:565)
  at org.gradle.internal.dispatch.MethodInvocation.invokeOn(MethodInvocation.java:77)
  at org.gradle.internal.dispatch.ReflectionDispatch.dispatch(ReflectionDispatch.java:28)
  at org.gradle.internal.dispatch.ReflectionDispatch.dispatch(ReflectionDispatch.java:19)
  at org.gradle.internal.dispatch.ContextClassLoaderDispatch.dispatch(ContextClassLoaderDispatch.java:33)
  at org.gradle.internal.dispatch.ProxyDispatchAdapter$DispatchingInvocationHandler.invoke(ProxyDispatchAdapter.java:88)
  at jdk.proxy1/jdk.proxy1.$Proxy4.processTestDefinition(Unknown Source)
  at org.gradle.api.internal.tasks.testing.worker.TestWorker$2.run(TestWorker.java:178)
  at org.gradle.api.internal.tasks.testing.worker.TestWorker.executeAndMaintainThreadName(TestWorker.java:126)
  at org.gradle.api.internal.tasks.testing.worker.TestWorker.execute(TestWorker.java:103)
  at org.gradle.api.internal.tasks.testing.worker.TestWorker.execute(TestWorker.java:63)
  at org.gradle.process.internal.worker.child.ActionExecutionWorker.execute(ActionExecutionWorker.java:56)
  at org.gradle.process.internal.worker.child.SystemApplicationClassLoaderWorker.call(SystemApplicationClassLoaderWorker.java:122)
  at org.gradle.process.internal.worker.child.SystemApplicationClassLoaderWorker.call(SystemApplicationClassLoaderWorker.java:72)
  at worker.org.gradle.process.internal.worker.GradleWorkerMain.run(GradleWorkerMain.java:69)
  at worker.org.gradle.process.internal.worker.GradleWorkerMain.main(GradleWorkerMain.java:74)
</stacktrace>
</test-failure>


TypeScriptCompilerTests_O[jvm] > overloadConsecutiveness_ts has expected errors matching overloadConsecutiveness_errors_txt[jvm] FAILED

<test-failure test="com.xemantic.typescript.compiler.TypeScriptCompilerTests_O.overloadModifiersMustAgree_ts has expected errors matching overloadModifiersMustAgree_errors_txt" platform="jvm">
<message>
Expected diagnostics from baseline typescript-repo/tests/baselines/reference/overloadModifiersMustAgree.errors.txt but none produced
</message>
<stacktrace>
  at com.xemantic.typescript.compiler.TypeScriptTestSupportKt.errorsMatchBaseline(TypeScriptTestSupport.kt:125)
  at com.xemantic.typescript.compiler.TypeScriptCompilerTests_O.overloadModifiersMustAgree_ts has expected errors matching overloadModifiersMustAgree_errors_txt(TypeScriptCompilerTests_O.kt:1491)
  at java.base/jdk.internal.reflect.DirectMethodHandleAccessor.invoke(DirectMethodHandleAccessor.java:104)
  at java.base/java.lang.reflect.Method.invoke(Method.java:565)
  at org.junit.runners.model.FrameworkMethod$1.runReflectiveCall(FrameworkMethod.java:59)
  at org.junit.internal.runners.model.ReflectiveCallable.run(ReflectiveCallable.java:12)
  at org.junit.runners.model.FrameworkMethod.invokeExplosively(FrameworkMethod.java:56)
  at org.junit.internal.runners.statements.InvokeMethod.evaluate(InvokeMethod.java:17)
  at org.junit.runners.ParentRunner$3.evaluate(ParentRunner.java:306)
  at org.junit.runners.BlockJUnit4ClassRunner$1.evaluate(BlockJUnit4ClassRunner.java:100)
  at org.junit.runners.ParentRunner.runLeaf(ParentRunner.java:366)
  at org.junit.runners.BlockJUnit4ClassRunner.runChild(BlockJUnit4ClassRunner.java:103)
  at org.junit.runners.BlockJUnit4ClassRunner.runChild(BlockJUnit4ClassRunner.java:63)
  at org.junit.runners.ParentRunner$4.run(ParentRunner.java:331)
  at org.junit.runners.ParentRunner$1.schedule(ParentRunner.java:79)
  at org.junit.runners.ParentRunner.runChildren(ParentRunner.java:329)
  at org.junit.runners.ParentRunner.access$100(ParentRunner.java:66)
  at org.junit.runners.ParentRunner$2.evaluate(ParentRunner.java:293)
  at org.junit.runners.ParentRunner$3.evaluate(ParentRunner.java:306)
  at org.junit.runners.ParentRunner.run(ParentRunner.java:413)
  at org.junit.runner.JUnitCore.run(JUnitCore.java:137)
  at org.junit.runner.JUnitCore.run(JUnitCore.java:115)
  at org.gradle.api.internal.tasks.testing.junit.JUnitTestExecutor.runRequest(JUnitTestExecutor.java:175)
  at org.gradle.api.internal.tasks.testing.junit.JUnitTestExecutor.accept(JUnitTestExecutor.java:84)
  at org.gradle.api.internal.tasks.testing.junit.JUnitTestExecutor.accept(JUnitTestExecutor.java:47)
  at org.gradle.api.internal.tasks.testing.junit.AbstractJUnitTestDefinitionProcessor.processTestDefinition(AbstractJUnitTestDefinitionProcessor.java:65)
  at org.gradle.api.internal.tasks.testing.SuiteTestDefinitionProcessor.processTestDefinition(SuiteTestDefinitionProcessor.java:54)
  at java.base/jdk.internal.reflect.DirectMethodHandleAccessor.invoke(DirectMethodHandleAccessor.java:104)
  at java.base/java.lang.reflect.Method.invoke(Method.java:565)
  at org.gradle.internal.dispatch.MethodInvocation.invokeOn(MethodInvocation.java:77)
  at org.gradle.internal.dispatch.ReflectionDispatch.dispatch(ReflectionDispatch.java:28)
  at org.gradle.internal.dispatch.ReflectionDispatch.dispatch(ReflectionDispatch.java:19)
  at org.gradle.internal.dispatch.ContextClassLoaderDispatch.dispatch(ContextClassLoaderDispatch.java:33)
  at org.gradle.internal.dispatch.ProxyDispatchAdapter$DispatchingInvocationHandler.invoke(ProxyDispatchAdapter.java:88)
  at jdk.proxy1/jdk.proxy1.$Proxy4.processTestDefinition(Unknown Source)
  at org.gradle.api.internal.tasks.testing.worker.TestWorker$2.run(TestWorker.java:178)
  at org.gradle.api.internal.tasks.testing.worker.TestWorker.executeAndMaintainThreadName(TestWorker.java:126)
  at org.gradle.api.internal.tasks.testing.worker.TestWorker.execute(TestWorker.java:103)
  at org.gradle.api.internal.tasks.testing.worker.TestWorker.execute(TestWorker.java:63)
  at org.gradle.process.internal.worker.child.ActionExecutionWorker.execute(ActionExecutionWorker.java:56)
  at org.gradle.process.internal.worker.child.SystemApplicationClassLoaderWorker.call(SystemApplicationClassLoaderWorker.java:122)
  at org.gradle.process.internal.worker.child.SystemApplicationClassLoaderWorker.call(SystemApplicationClassLoaderWorker.java:72)
  at worker.org.gradle.process.internal.worker.GradleWorkerMain.run(GradleWorkerMain.java:69)
  at worker.org.gradle.process.internal.worker.GradleWorkerMain.main(GradleWorkerMain.java:74)
</stacktrace>
</test-failure>


TypeScriptCompilerTests_O[jvm] > overloadModifiersMustAgree_ts has expected errors matching overloadModifiersMustAgree_errors_txt[jvm] FAILED

<test-failure test="com.xemantic.typescript.compiler.TypeScriptCompilerTests_O.optionalParamReferencingOtherParams3_ts has expected errors matching optionalParamReferencingOtherParams3_errors_txt" platform="jvm">
<message>
Expected diagnostics from baseline typescript-repo/tests/baselines/reference/optionalParamReferencingOtherParams3.errors.txt but none produced
</message>
<stacktrace>
  at com.xemantic.typescript.compiler.TypeScriptTestSupportKt.errorsMatchBaseline(TypeScriptTestSupport.kt:125)
  at com.xemantic.typescript.compiler.TypeScriptCompilerTests_O.optionalParamReferencingOtherParams3_ts has expected errors matching optionalParamReferencingOtherParams3_errors_txt(TypeScriptCompilerTests_O.kt:882)
  at java.base/jdk.internal.reflect.DirectMethodHandleAccessor.invoke(DirectMethodHandleAccessor.java:104)
  at java.base/java.lang.reflect.Method.invoke(Method.java:565)
  at org.junit.runners.model.FrameworkMethod$1.runReflectiveCall(FrameworkMethod.java:59)
  at org.junit.internal.runners.model.ReflectiveCallable.run(ReflectiveCallable.java:12)
  at org.junit.runners.model.FrameworkMethod.invokeExplosively(FrameworkMethod.java:56)
  at org.junit.internal.runners.statements.InvokeMethod.evaluate(InvokeMethod.java:17)
  at org.junit.runners.ParentRunner$3.evaluate(ParentRunner.java:306)
  at org.junit.runners.BlockJUnit4ClassRunner$1.evaluate(BlockJUnit4ClassRunner.java:100)
  at org.junit.runners.ParentRunner.runLeaf(ParentRunner.java:366)
  at org.junit.runners.BlockJUnit4ClassRunner.runChild(BlockJUnit4ClassRunner.java:103)
  at org.junit.runners.BlockJUnit4ClassRunner.runChild(BlockJUnit4ClassRunner.java:63)
  at org.junit.runners.ParentRunner$4.run(ParentRunner.java:331)
  at org.junit.runners.ParentRunner$1.schedule(ParentRunner.java:79)
  at org.junit.runners.ParentRunner.runChildren(ParentRunner.java:329)
  at org.junit.runners.ParentRunner.access$100(ParentRunner.java:66)
  at org.junit.runners.ParentRunner$2.evaluate(ParentRunner.java:293)
  at org.junit.runners.ParentRunner$3.evaluate(ParentRunner.java:306)
  at org.junit.runners.ParentRunner.run(ParentRunner.java:413)
  at org.junit.runner.JUnitCore.run(JUnitCore.java:137)
  at org.junit.runner.JUnitCore.run(JUnitCore.java:115)
  at org.gradle.api.internal.tasks.testing.junit.JUnitTestExecutor.runRequest(JUnitTestExecutor.java:175)
  at org.gradle.api.internal.tasks.testing.junit.JUnitTestExecutor.accept(JUnitTestExecutor.java:84)
  at org.gradle.api.internal.tasks.testing.junit.JUnitTestExecutor.accept(JUnitTestExecutor.java:47)
  at org.gradle.api.internal.tasks.testing.junit.AbstractJUnitTestDefinitionProcessor.processTestDefinition(AbstractJUnitTestDefinitionProcessor.java:65)
  at org.gradle.api.internal.tasks.testing.SuiteTestDefinitionProcessor.processTestDefinition(SuiteTestDefinitionProcessor.java:54)
  at java.base/jdk.internal.reflect.DirectMethodHandleAccessor.invoke(DirectMethodHandleAccessor.java:104)
  at java.base/java.lang.reflect.Method.invoke(Method.java:565)
  at org.gradle.internal.dispatch.MethodInvocation.invokeOn(MethodInvocation.java:77)
  at org.gradle.internal.dispatch.ReflectionDispatch.dispatch(ReflectionDispatch.java:28)
  at org.gradle.internal.dispatch.ReflectionDispatch.dispatch(ReflectionDispatch.java:19)
  at org.gradle.internal.dispatch.ContextClassLoaderDispatch.dispatch(ContextClassLoaderDispatch.java:33)
  at org.gradle.internal.dispatch.ProxyDispatchAdapter$DispatchingInvocationHandler.invoke(ProxyDispatchAdapter.java:88)
  at jdk.proxy1/jdk.proxy1.$Proxy4.processTestDefinition(Unknown Source)
  at org.gradle.api.internal.tasks.testing.worker.TestWorker$2.run(TestWorker.java:178)
  at org.gradle.api.internal.tasks.testing.worker.TestWorker.executeAndMaintainThreadName(TestWorker.java:126)
  at org.gradle.api.internal.tasks.testing.worker.TestWorker.execute(TestWorker.java:103)
  at org.gradle.api.internal.tasks.testing.worker.TestWorker.execute(TestWorker.java:63)
  at org.gradle.process.internal.worker.child.ActionExecutionWorker.execute(ActionExecutionWorker.java:56)
  at org.gradle.process.internal.worker.child.SystemApplicationClassLoaderWorker.call(SystemApplicationClassLoaderWorker.java:122)
  at org.gradle.process.internal.worker.child.SystemApplicationClassLoaderWorker.call(SystemApplicationClassLoaderWorker.java:72)
  at worker.org.gradle.process.internal.worker.GradleWorkerMain.run(GradleWorkerMain.java:69)
  at worker.org.gradle.process.internal.worker.GradleWorkerMain.main(GradleWorkerMain.java:74)
</stacktrace>
</test-failure>


TypeScriptCompilerTests_O[jvm] > optionalParamReferencingOtherParams3_ts has expected errors matching optionalParamReferencingOtherParams3_errors_txt[jvm] FAILED

<test-failure test="com.xemantic.typescript.compiler.TypeScriptCompilerTests_O.overridingPrivateStaticMembers_ts has expected errors matching overridingPrivateStaticMembers_errors_txt" platform="jvm">
<message>
Expected diagnostics from baseline typescript-repo/tests/baselines/reference/overridingPrivateStaticMembers.errors.txt but none produced
</message>
<stacktrace>
  at com.xemantic.typescript.compiler.TypeScriptTestSupportKt.errorsMatchBaseline(TypeScriptTestSupport.kt:125)
  at com.xemantic.typescript.compiler.TypeScriptCompilerTests_O.overridingPrivateStaticMembers_ts has expected errors matching overridingPrivateStaticMembers_errors_txt(TypeScriptCompilerTests_O.kt:1974)
  at java.base/jdk.internal.reflect.DirectMethodHandleAccessor.invoke(DirectMethodHandleAccessor.java:104)
  at java.base/java.lang.reflect.Method.invoke(Method.java:565)
  at org.junit.runners.model.FrameworkMethod$1.runReflectiveCall(FrameworkMethod.java:59)
  at org.junit.internal.runners.model.ReflectiveCallable.run(ReflectiveCallable.java:12)
  at org.junit.runners.model.FrameworkMethod.invokeExplosively(FrameworkMethod.java:56)
  at org.junit.internal.runners.statements.InvokeMethod.evaluate(InvokeMethod.java:17)
  at org.junit.runners.ParentRunner$3.evaluate(ParentRunner.java:306)
  at org.junit.runners.BlockJUnit4ClassRunner$1.evaluate(BlockJUnit4ClassRunner.java:100)
  at org.junit.runners.ParentRunner.runLeaf(ParentRunner.java:366)
  at org.junit.runners.BlockJUnit4ClassRunner.runChild(BlockJUnit4ClassRunner.java:103)
  at org.junit.runners.BlockJUnit4ClassRunner.runChild(BlockJUnit4ClassRunner.java:63)
  at org.junit.runners.ParentRunner$4.run(ParentRunner.java:331)
  at org.junit.runners.ParentRunner$1.schedule(ParentRunner.java:79)
  at org.junit.runners.ParentRunner.runChildren(ParentRunner.java:329)
  at org.junit.runners.ParentRunner.access$100(ParentRunner.java:66)
  at org.junit.runners.ParentRunner$2.evaluate(ParentRunner.java:293)
  at org.junit.runners.ParentRunner$3.evaluate(ParentRunner.java:306)
  at org.junit.runners.ParentRunner.run(ParentRunner.java:413)
  at org.junit.runner.JUnitCore.run(JUnitCore.java:137)
  at org.junit.runner.JUnitCore.run(JUnitCore.java:115)
  at org.gradle.api.internal.tasks.testing.junit.JUnitTestExecutor.runRequest(JUnitTestExecutor.java:175)
  at org.gradle.api.internal.tasks.testing.junit.JUnitTestExecutor.accept(JUnitTestExecutor.java:84)
  at org.gradle.api.internal.tasks.testing.junit.JUnitTestExecutor.accept(JUnitTestExecutor.java:47)
  at org.gradle.api.internal.tasks.testing.junit.AbstractJUnitTestDefinitionProcessor.processTestDefinition(AbstractJUnitTestDefinitionProcessor.java:65)
  at org.gradle.api.internal.tasks.testing.SuiteTestDefinitionProcessor.processTestDefinition(SuiteTestDefinitionProcessor.java:54)
  at java.base/jdk.internal.reflect.DirectMethodHandleAccessor.invoke(DirectMethodHandleAccessor.java:104)
  at java.base/java.lang.reflect.Method.invoke(Method.java:565)
  at org.gradle.internal.dispatch.MethodInvocation.invokeOn(MethodInvocation.java:77)
  at org.gradle.internal.dispatch.ReflectionDispatch.dispatch(ReflectionDispatch.java:28)
  at org.gradle.internal.dispatch.ReflectionDispatch.dispatch(ReflectionDispatch.java:19)
  at org.gradle.internal.dispatch.ContextClassLoaderDispatch.dispatch(ContextClassLoaderDispatch.java:33)
  at org.gradle.internal.dispatch.ProxyDispatchAdapter$DispatchingInvocationHandler.invoke(ProxyDispatchAdapter.java:88)
  at jdk.proxy1/jdk.proxy1.$Proxy4.processTestDefinition(Unknown Source)
  at org.gradle.api.internal.tasks.testing.worker.TestWorker$2.run(TestWorker.java:178)
  at org.gradle.api.internal.tasks.testing.worker.TestWorker.executeAndMaintainThreadName(TestWorker.java:126)
  at org.gradle.api.internal.tasks.testing.worker.TestWorker.execute(TestWorker.java:103)
  at org.gradle.api.internal.tasks.testing.worker.TestWorker.execute(TestWorker.java:63)
  at org.gradle.process.internal.worker.child.ActionExecutionWorker.execute(ActionExecutionWorker.java:56)
  at org.gradle.process.internal.worker.child.SystemApplicationClassLoaderWorker.call(SystemApplicationClassLoaderWorker.java:122)
  at org.gradle.process.internal.worker.child.SystemApplicationClassLoaderWorker.call(SystemApplicationClassLoaderWorker.java:72)
  at worker.org.gradle.process.internal.worker.GradleWorkerMain.run(GradleWorkerMain.java:69)
  at worker.org.gradle.process.internal.worker.GradleWorkerMain.main(GradleWorkerMain.java:74)
</stacktrace>
</test-failure>


TypeScriptCompilerTests_O[jvm] > overridingPrivateStaticMembers_ts has expected errors matching overridingPrivateStaticMembers_errors_txt[jvm] FAILED

<test-failure test="com.xemantic.typescript.compiler.TypeScriptCompilerTests_O.overshifts_ts has expected errors matching overshifts_errors_txt" platform="jvm">
<message>
Expected diagnostics from baseline typescript-repo/tests/baselines/reference/overshifts.errors.txt but none produced
</message>
<stacktrace>
  at com.xemantic.typescript.compiler.TypeScriptTestSupportKt.errorsMatchBaseline(TypeScriptTestSupport.kt:125)
  at com.xemantic.typescript.compiler.TypeScriptCompilerTests_O.overshifts_ts has expected errors matching overshifts_errors_txt(TypeScriptCompilerTests_O.kt:1988)
  at java.base/jdk.internal.reflect.DirectMethodHandleAccessor.invoke(DirectMethodHandleAccessor.java:104)
  at java.base/java.lang.reflect.Method.invoke(Method.java:565)
  at org.junit.runners.model.FrameworkMethod$1.runReflectiveCall(FrameworkMethod.java:59)
  at org.junit.internal.runners.model.ReflectiveCallable.run(ReflectiveCallable.java:12)
  at org.junit.runners.model.FrameworkMethod.invokeExplosively(FrameworkMethod.java:56)
  at org.junit.internal.runners.statements.InvokeMethod.evaluate(InvokeMethod.java:17)
  at org.junit.runners.ParentRunner$3.evaluate(ParentRunner.java:306)
  at org.junit.runners.BlockJUnit4ClassRunner$1.evaluate(BlockJUnit4ClassRunner.java:100)
  at org.junit.runners.ParentRunner.runLeaf(ParentRunner.java:366)
  at org.junit.runners.BlockJUnit4ClassRunner.runChild(BlockJUnit4ClassRunner.java:103)
  at org.junit.runners.BlockJUnit4ClassRunner.runChild(BlockJUnit4ClassRunner.java:63)
  at org.junit.runners.ParentRunner$4.run(ParentRunner.java:331)
  at org.junit.runners.ParentRunner$1.schedule(ParentRunner.java:79)
  at org.junit.runners.ParentRunner.runChildren(ParentRunner.java:329)
  at org.junit.runners.ParentRunner.access$100(ParentRunner.java:66)
  at org.junit.runners.ParentRunner$2.evaluate(ParentRunner.java:293)
  at org.junit.runners.ParentRunner$3.evaluate(ParentRunner.java:306)
  at org.junit.runners.ParentRunner.run(ParentRunner.java:413)
  at org.junit.runner.JUnitCore.run(JUnitCore.java:137)
  at org.junit.runner.JUnitCore.run(JUnitCore.java:115)
  at org.gradle.api.internal.tasks.testing.junit.JUnitTestExecutor.runRequest(JUnitTestExecutor.java:175)
  at org.gradle.api.internal.tasks.testing.junit.JUnitTestExecutor.accept(JUnitTestExecutor.java:84)
  at org.gradle.api.internal.tasks.testing.junit.JUnitTestExecutor.accept(JUnitTestExecutor.java:47)
  at org.gradle.api.internal.tasks.testing.junit.AbstractJUnitTestDefinitionProcessor.processTestDefinition(AbstractJUnitTestDefinitionProcessor.java:65)
  at org.gradle.api.internal.tasks.testing.SuiteTestDefinitionProcessor.processTestDefinition(SuiteTestDefinitionProcessor.java:54)
  at java.base/jdk.internal.reflect.DirectMethodHandleAccessor.invoke(DirectMethodHandleAccessor.java:104)
  at java.base/java.lang.reflect.Method.invoke(Method.java:565)
  at org.gradle.internal.dispatch.MethodInvocation.invokeOn(MethodInvocation.java:77)
  at org.gradle.internal.dispatch.ReflectionDispatch.dispatch(ReflectionDispatch.java:28)
  at org.gradle.internal.dispatch.ReflectionDispatch.dispatch(ReflectionDispatch.java:19)
  at org.gradle.internal.dispatch.ContextClassLoaderDispatch.dispatch(ContextClassLoaderDispatch.java:33)
  at org.gradle.internal.dispatch.ProxyDispatchAdapter$DispatchingInvocationHandler.invoke(ProxyDispatchAdapter.java:88)
  at jdk.proxy1/jdk.proxy1.$Proxy4.processTestDefinition(Unknown Source)
  at org.gradle.api.internal.tasks.testing.worker.TestWorker$2.run(TestWorker.java:178)
  at org.gradle.api.internal.tasks.testing.worker.TestWorker.executeAndMaintainThreadName(TestWorker.java:126)
  at org.gradle.api.internal.tasks.testing.worker.TestWorker.execute(TestWorker.java:103)
  at org.gradle.api.internal.tasks.testing.worker.TestWorker.execute(TestWorker.java:63)
  at org.gradle.process.internal.worker.child.ActionExecutionWorker.execute(ActionExecutionWorker.java:56)
  at org.gradle.process.internal.worker.child.SystemApplicationClassLoaderWorker.call(SystemApplicationClassLoaderWorker.java:122)
  at org.gradle.process.internal.worker.child.SystemApplicationClassLoaderWorker.call(SystemApplicationClassLoaderWorker.java:72)
  at worker.org.gradle.process.internal.worker.GradleWorkerMain.run(GradleWorkerMain.java:69)
  at worker.org.gradle.process.internal.worker.GradleWorkerMain.main(GradleWorkerMain.java:74)
</stacktrace>
</test-failure>


TypeScriptCompilerTests_O[jvm] > overshifts_ts has expected errors matching overshifts_errors_txt[jvm] FAILED

<test-failure test="com.xemantic.typescript.compiler.TypeScriptCompilerTests_O.optionalFunctionArgAssignability_ts has expected errors matching optionalFunctionArgAssignability_errors_txt" platform="jvm">
<message>
Expected diagnostics from baseline typescript-repo/tests/baselines/reference/optionalFunctionArgAssignability.errors.txt but none produced
</message>
<stacktrace>
  at com.xemantic.typescript.compiler.TypeScriptTestSupportKt.errorsMatchBaseline(TypeScriptTestSupport.kt:125)
  at com.xemantic.typescript.compiler.TypeScriptCompilerTests_O.optionalFunctionArgAssignability_ts has expected errors matching optionalFunctionArgAssignability_errors_txt(TypeScriptCompilerTests_O.kt:805)
  at java.base/jdk.internal.reflect.DirectMethodHandleAccessor.invoke(DirectMethodHandleAccessor.java:104)
  at java.base/java.lang.reflect.Method.invoke(Method.java:565)
  at org.junit.runners.model.FrameworkMethod$1.runReflectiveCall(FrameworkMethod.java:59)
  at org.junit.internal.runners.model.ReflectiveCallable.run(ReflectiveCallable.java:12)
  at org.junit.runners.model.FrameworkMethod.invokeExplosively(FrameworkMethod.java:56)
  at org.junit.internal.runners.statements.InvokeMethod.evaluate(InvokeMethod.java:17)
  at org.junit.runners.ParentRunner$3.evaluate(ParentRunner.java:306)
  at org.junit.runners.BlockJUnit4ClassRunner$1.evaluate(BlockJUnit4ClassRunner.java:100)
  at org.junit.runners.ParentRunner.runLeaf(ParentRunner.java:366)
  at org.junit.runners.BlockJUnit4ClassRunner.runChild(BlockJUnit4ClassRunner.java:103)
  at org.junit.runners.BlockJUnit4ClassRunner.runChild(BlockJUnit4ClassRunner.java:63)
  at org.junit.runners.ParentRunner$4.run(ParentRunner.java:331)
  at org.junit.runners.ParentRunner$1.schedule(ParentRunner.java:79)
  at org.junit.runners.ParentRunner.runChildren(ParentRunner.java:329)
  at org.junit.runners.ParentRunner.access$100(ParentRunner.java:66)
  at org.junit.runners.ParentRunner$2.evaluate(ParentRunner.java:293)
  at org.junit.runners.ParentRunner$3.evaluate(ParentRunner.java:306)
  at org.junit.runners.ParentRunner.run(ParentRunner.java:413)
  at org.junit.runner.JUnitCore.run(JUnitCore.java:137)
  at org.junit.runner.JUnitCore.run(JUnitCore.java:115)
  at org.gradle.api.internal.tasks.testing.junit.JUnitTestExecutor.runRequest(JUnitTestExecutor.java:175)
  at org.gradle.api.internal.tasks.testing.junit.JUnitTestExecutor.accept(JUnitTestExecutor.java:84)
  at org.gradle.api.internal.tasks.testing.junit.JUnitTestExecutor.accept(JUnitTestExecutor.java:47)
  at org.gradle.api.internal.tasks.testing.junit.AbstractJUnitTestDefinitionProcessor.processTestDefinition(AbstractJUnitTestDefinitionProcessor.java:65)
  at org.gradle.api.internal.tasks.testing.SuiteTestDefinitionProcessor.processTestDefinition(SuiteTestDefinitionProcessor.java:54)
  at java.base/jdk.internal.reflect.DirectMethodHandleAccessor.invoke(DirectMethodHandleAccessor.java:104)
  at java.base/java.lang.reflect.Method.invoke(Method.java:565)
  at org.gradle.internal.dispatch.MethodInvocation.invokeOn(MethodInvocation.java:77)
  at org.gradle.internal.dispatch.ReflectionDispatch.dispatch(ReflectionDispatch.java:28)
  at org.gradle.internal.dispatch.ReflectionDispatch.dispatch(ReflectionDispatch.java:19)
  at org.gradle.internal.dispatch.ContextClassLoaderDispatch.dispatch(ContextClassLoaderDispatch.java:33)
  at org.gradle.internal.dispatch.ProxyDispatchAdapter$DispatchingInvocationHandler.invoke(ProxyDispatchAdapter.java:88)
  at jdk.proxy1/jdk.proxy1.$Proxy4.processTestDefinition(Unknown Source)
  at org.gradle.api.internal.tasks.testing.worker.TestWorker$2.run(TestWorker.java:178)
  at org.gradle.api.internal.tasks.testing.worker.TestWorker.executeAndMaintainThreadName(TestWorker.java:126)
  at org.gradle.api.internal.tasks.testing.worker.TestWorker.execute(TestWorker.java:103)
  at org.gradle.api.internal.tasks.testing.worker.TestWorker.execute(TestWorker.java:63)
  at org.gradle.process.internal.worker.child.ActionExecutionWorker.execute(ActionExecutionWorker.java:56)
  at org.gradle.process.internal.worker.child.SystemApplicationClassLoaderWorker.call(SystemApplicationClassLoaderWorker.java:122)
  at org.gradle.process.internal.worker.child.SystemApplicationClassLoaderWorker.call(SystemApplicationClassLoaderWorker.java:72)
  at worker.org.gradle.process.internal.worker.GradleWorkerMain.run(GradleWorkerMain.java:69)
  at worker.org.gradle.process.internal.worker.GradleWorkerMain.main(GradleWorkerMain.java:74)
</stacktrace>
</test-failure>


TypeScriptCompilerTests_O[jvm] > optionalFunctionArgAssignability_ts has expected errors matching optionalFunctionArgAssignability_errors_txt[jvm] FAILED

<test-failure test="com.xemantic.typescript.compiler.TypeScriptCompilerTests_O.objectLiteralMemberWithQuestionMark1_ts has expected errors matching objectLiteralMemberWithQuestionMark1_errors_txt" platform="jvm">
<message>
Expected diagnostics from baseline typescript-repo/tests/baselines/reference/objectLiteralMemberWithQuestionMark1.errors.txt but none produced
</message>
<stacktrace>
  at com.xemantic.typescript.compiler.TypeScriptTestSupportKt.errorsMatchBaseline(TypeScriptTestSupport.kt:125)
  at com.xemantic.typescript.compiler.TypeScriptCompilerTests_O.objectLiteralMemberWithQuestionMark1_ts has expected errors matching objectLiteralMemberWithQuestionMark1_errors_txt(TypeScriptCompilerTests_O.kt:406)
  at java.base/jdk.internal.reflect.DirectMethodHandleAccessor.invoke(DirectMethodHandleAccessor.java:104)
  at java.base/java.lang.reflect.Method.invoke(Method.java:565)
  at org.junit.runners.model.FrameworkMethod$1.runReflectiveCall(FrameworkMethod.java:59)
  at org.junit.internal.runners.model.ReflectiveCallable.run(ReflectiveCallable.java:12)
  at org.junit.runners.model.FrameworkMethod.invokeExplosively(FrameworkMethod.java:56)
  at org.junit.internal.runners.statements.InvokeMethod.evaluate(InvokeMethod.java:17)
  at org.junit.runners.ParentRunner$3.evaluate(ParentRunner.java:306)
  at org.junit.runners.BlockJUnit4ClassRunner$1.evaluate(BlockJUnit4ClassRunner.java:100)
  at org.junit.runners.ParentRunner.runLeaf(ParentRunner.java:366)
  at org.junit.runners.BlockJUnit4ClassRunner.runChild(BlockJUnit4ClassRunner.java:103)
  at org.junit.runners.BlockJUnit4ClassRunner.runChild(BlockJUnit4ClassRunner.java:63)
  at org.junit.runners.ParentRunner$4.run(ParentRunner.java:331)
  at org.junit.runners.ParentRunner$1.schedule(ParentRunner.java:79)
  at org.junit.runners.ParentRunner.runChildren(ParentRunner.java:329)
  at org.junit.runners.ParentRunner.access$100(ParentRunner.java:66)
  at org.junit.runners.ParentRunner$2.evaluate(ParentRunner.java:293)
  at org.junit.runners.ParentRunner$3.evaluate(ParentRunner.java:306)
  at org.junit.runners.ParentRunner.run(ParentRunner.java:413)
  at org.junit.runner.JUnitCore.run(JUnitCore.java:137)
  at org.junit.runner.JUnitCore.run(JUnitCore.java:115)
  at org.gradle.api.internal.tasks.testing.junit.JUnitTestExecutor.runRequest(JUnitTestExecutor.java:175)
  at org.gradle.api.internal.tasks.testing.junit.JUnitTestExecutor.accept(JUnitTestExecutor.java:84)
  at org.gradle.api.internal.tasks.testing.junit.JUnitTestExecutor.accept(JUnitTestExecutor.java:47)
  at org.gradle.api.internal.tasks.testing.junit.AbstractJUnitTestDefinitionProcessor.processTestDefinition(AbstractJUnitTestDefinitionProcessor.java:65)
  at org.gradle.api.internal.tasks.testing.SuiteTestDefinitionProcessor.processTestDefinition(SuiteTestDefinitionProcessor.java:54)
  at java.base/jdk.internal.reflect.DirectMethodHandleAccessor.invoke(DirectMethodHandleAccessor.java:104)
  at java.base/java.lang.reflect.Method.invoke(Method.java:565)
  at org.gradle.internal.dispatch.MethodInvocation.invokeOn(MethodInvocation.java:77)
  at org.gradle.internal.dispatch.ReflectionDispatch.dispatch(ReflectionDispatch.java:28)
  at org.gradle.internal.dispatch.ReflectionDispatch.dispatch(ReflectionDispatch.java:19)
  at org.gradle.internal.dispatch.ContextClassLoaderDispatch.dispatch(ContextClassLoaderDispatch.java:33)
  at org.gradle.internal.dispatch.ProxyDispatchAdapter$DispatchingInvocationHandler.invoke(ProxyDispatchAdapter.java:88)
  at jdk.proxy1/jdk.proxy1.$Proxy4.processTestDefinition(Unknown Source)
  at org.gradle.api.internal.tasks.testing.worker.TestWorker$2.run(TestWorker.java:178)
  at org.gradle.api.internal.tasks.testing.worker.TestWorker.executeAndMaintainThreadName(TestWorker.java:126)
  at org.gradle.api.internal.tasks.testing.worker.TestWorker.execute(TestWorker.java:103)
  at org.gradle.api.internal.tasks.testing.worker.TestWorker.execute(TestWorker.java:63)
  at org.gradle.process.internal.worker.child.ActionExecutionWorker.execute(ActionExecutionWorker.java:56)
  at org.gradle.process.internal.worker.child.SystemApplicationClassLoaderWorker.call(SystemApplicationClassLoaderWorker.java:122)
  at org.gradle.process.internal.worker.child.SystemApplicationClassLoaderWorker.call(SystemApplicationClassLoaderWorker.java:72)
  at worker.org.gradle.process.internal.worker.GradleWorkerMain.run(GradleWorkerMain.java:69)
  at worker.org.gradle.process.internal.worker.GradleWorkerMain.main(GradleWorkerMain.java:74)
</stacktrace>
</test-failure>


TypeScriptCompilerTests_O[jvm] > objectLiteralMemberWithQuestionMark1_ts has expected errors matching objectLiteralMemberWithQuestionMark1_errors_txt[jvm] FAILED

<test-failure test="com.xemantic.typescript.compiler.TypeScriptCompilerTests_O.octalLiteralAndEscapeSequence_ts has expected errors matching octalLiteralAndEscapeSequence_errors_txt" platform="jvm">
<message>
Expected diagnostics from baseline typescript-repo/tests/baselines/reference/octalLiteralAndEscapeSequence.errors.txt but none produced
</message>
<stacktrace>
  at com.xemantic.typescript.compiler.TypeScriptTestSupportKt.errorsMatchBaseline(TypeScriptTestSupport.kt:125)
  at com.xemantic.typescript.compiler.TypeScriptCompilerTests_O.octalLiteralAndEscapeSequence_ts has expected errors matching octalLiteralAndEscapeSequence_errors_txt(TypeScriptCompilerTests_O.kt:637)
  at java.base/jdk.internal.reflect.DirectMethodHandleAccessor.invoke(DirectMethodHandleAccessor.java:104)
  at java.base/java.lang.reflect.Method.invoke(Method.java:565)
  at org.junit.runners.model.FrameworkMethod$1.runReflectiveCall(FrameworkMethod.java:59)
  at org.junit.internal.runners.model.ReflectiveCallable.run(ReflectiveCallable.java:12)
  at org.junit.runners.model.FrameworkMethod.invokeExplosively(FrameworkMethod.java:56)
  at org.junit.internal.runners.statements.InvokeMethod.evaluate(InvokeMethod.java:17)
  at org.junit.runners.ParentRunner$3.evaluate(ParentRunner.java:306)
  at org.junit.runners.BlockJUnit4ClassRunner$1.evaluate(BlockJUnit4ClassRunner.java:100)
  at org.junit.runners.ParentRunner.runLeaf(ParentRunner.java:366)
  at org.junit.runners.BlockJUnit4ClassRunner.runChild(BlockJUnit4ClassRunner.java:103)
  at org.junit.runners.BlockJUnit4ClassRunner.runChild(BlockJUnit4ClassRunner.java:63)
  at org.junit.runners.ParentRunner$4.run(ParentRunner.java:331)
  at org.junit.runners.ParentRunner$1.schedule(ParentRunner.java:79)
  at org.junit.runners.ParentRunner.runChildren(ParentRunner.java:329)
  at org.junit.runners.ParentRunner.access$100(ParentRunner.java:66)
  at org.junit.runners.ParentRunner$2.evaluate(ParentRunner.java:293)
  at org.junit.runners.ParentRunner$3.evaluate(ParentRunner.java:306)
  at org.junit.runners.ParentRunner.run(ParentRunner.java:413)
  at org.junit.runner.JUnitCore.run(JUnitCore.java:137)
  at org.junit.runner.JUnitCore.run(JUnitCore.java:115)
  at org.gradle.api.internal.tasks.testing.junit.JUnitTestExecutor.runRequest(JUnitTestExecutor.java:175)
  at org.gradle.api.internal.tasks.testing.junit.JUnitTestExecutor.accept(JUnitTestExecutor.java:84)
  at org.gradle.api.internal.tasks.testing.junit.JUnitTestExecutor.accept(JUnitTestExecutor.java:47)
  at org.gradle.api.internal.tasks.testing.junit.AbstractJUnitTestDefinitionProcessor.processTestDefinition(AbstractJUnitTestDefinitionProcessor.java:65)
  at org.gradle.api.internal.tasks.testing.SuiteTestDefinitionProcessor.processTestDefinition(SuiteTestDefinitionProcessor.java:54)
  at java.base/jdk.internal.reflect.DirectMethodHandleAccessor.invoke(DirectMethodHandleAccessor.java:104)
  at java.base/java.lang.reflect.Method.invoke(Method.java:565)
  at org.gradle.internal.dispatch.MethodInvocation.invokeOn(MethodInvocation.java:77)
  at org.gradle.internal.dispatch.ReflectionDispatch.dispatch(ReflectionDispatch.java:28)
  at org.gradle.internal.dispatch.ReflectionDispatch.dispatch(ReflectionDispatch.java:19)
  at org.gradle.internal.dispatch.ContextClassLoaderDispatch.dispatch(ContextClassLoaderDispatch.java:33)
  at org.gradle.internal.dispatch.ProxyDispatchAdapter$DispatchingInvocationHandler.invoke(ProxyDispatchAdapter.java:88)
  at jdk.proxy1/jdk.proxy1.$Proxy4.processTestDefinition(Unknown Source)
  at org.gradle.api.internal.tasks.testing.worker.TestWorker$2.run(TestWorker.java:178)
  at org.gradle.api.internal.tasks.testing.worker.TestWorker.executeAndMaintainThreadName(TestWorker.java:126)
  at org.gradle.api.internal.tasks.testing.worker.TestWorker.execute(TestWorker.java:103)
  at org.gradle.api.internal.tasks.testing.worker.TestWorker.execute(TestWorker.java:63)
  at org.gradle.process.internal.worker.child.ActionExecutionWorker.execute(ActionExecutionWorker.java:56)
  at org.gradle.process.internal.worker.child.SystemApplicationClassLoaderWorker.call(SystemApplicationClassLoaderWorker.java:122)
  at org.gradle.process.internal.worker.child.SystemApplicationClassLoaderWorker.call(SystemApplicationClassLoaderWorker.java:72)
  at worker.org.gradle.process.internal.worker.GradleWorkerMain.run(GradleWorkerMain.java:69)
  at worker.org.gradle.process.internal.worker.GradleWorkerMain.main(GradleWorkerMain.java:74)
</stacktrace>
</test-failure>


TypeScriptCompilerTests_O[jvm] > octalLiteralAndEscapeSequence_ts has expected errors matching octalLiteralAndEscapeSequence_errors_txt[jvm] FAILED

<test-failure test="com.xemantic.typescript.compiler.TypeScriptCompilerTests_O.objectBindingPattern_restElementWithPropertyName_ts has expected errors matching objectBindingPattern_restElementWithPropertyName_errors_txt" platform="jvm">
<message>
Expected diagnostics from baseline typescript-repo/tests/baselines/reference/objectBindingPattern_restElementWithPropertyName.errors.txt but none produced
</message>
<stacktrace>
  at com.xemantic.typescript.compiler.TypeScriptTestSupportKt.errorsMatchBaseline(TypeScriptTestSupport.kt:125)
  at com.xemantic.typescript.compiler.TypeScriptCompilerTests_O.objectBindingPattern_restElementWithPropertyName_ts has expected errors matching objectBindingPattern_restElementWithPropertyName_errors_txt(TypeScriptCompilerTests_O.kt:35)
  at java.base/jdk.internal.reflect.DirectMethodHandleAccessor.invoke(DirectMethodHandleAccessor.java:104)
  at java.base/java.lang.reflect.Method.invoke(Method.java:565)
  at org.junit.runners.model.FrameworkMethod$1.runReflectiveCall(FrameworkMethod.java:59)
  at org.junit.internal.runners.model.ReflectiveCallable.run(ReflectiveCallable.java:12)
  at org.junit.runners.model.FrameworkMethod.invokeExplosively(FrameworkMethod.java:56)
  at org.junit.internal.runners.statements.InvokeMethod.evaluate(InvokeMethod.java:17)
  at org.junit.runners.ParentRunner$3.evaluate(ParentRunner.java:306)
  at org.junit.runners.BlockJUnit4ClassRunner$1.evaluate(BlockJUnit4ClassRunner.java:100)
  at org.junit.runners.ParentRunner.runLeaf(ParentRunner.java:366)
  at org.junit.runners.BlockJUnit4ClassRunner.runChild(BlockJUnit4ClassRunner.java:103)
  at org.junit.runners.BlockJUnit4ClassRunner.runChild(BlockJUnit4ClassRunner.java:63)
  at org.junit.runners.ParentRunner$4.run(ParentRunner.java:331)
  at org.junit.runners.ParentRunner$1.schedule(ParentRunner.java:79)
  at org.junit.runners.ParentRunner.runChildren(ParentRunner.java:329)
  at org.junit.runners.ParentRunner.access$100(ParentRunner.java:66)
  at org.junit.runners.ParentRunner$2.evaluate(ParentRunner.java:293)
  at org.junit.runners.ParentRunner$3.evaluate(ParentRunner.java:306)
  at org.junit.runners.ParentRunner.run(ParentRunner.java:413)
  at org.junit.runner.JUnitCore.run(JUnitCore.java:137)
  at org.junit.runner.JUnitCore.run(JUnitCore.java:115)
  at org.gradle.api.internal.tasks.testing.junit.JUnitTestExecutor.runRequest(JUnitTestExecutor.java:175)
  at org.gradle.api.internal.tasks.testing.junit.JUnitTestExecutor.accept(JUnitTestExecutor.java:84)
  at org.gradle.api.internal.tasks.testing.junit.JUnitTestExecutor.accept(JUnitTestExecutor.java:47)
  at org.gradle.api.internal.tasks.testing.junit.AbstractJUnitTestDefinitionProcessor.processTestDefinition(AbstractJUnitTestDefinitionProcessor.java:65)
  at org.gradle.api.internal.tasks.testing.SuiteTestDefinitionProcessor.processTestDefinition(SuiteTestDefinitionProcessor.java:54)
  at java.base/jdk.internal.reflect.DirectMethodHandleAccessor.invoke(DirectMethodHandleAccessor.java:104)
  at java.base/java.lang.reflect.Method.invoke(Method.java:565)
  at org.gradle.internal.dispatch.MethodInvocation.invokeOn(MethodInvocation.java:77)
  at org.gradle.internal.dispatch.ReflectionDispatch.dispatch(ReflectionDispatch.java:28)
  at org.gradle.internal.dispatch.ReflectionDispatch.dispatch(ReflectionDispatch.java:19)
  at org.gradle.internal.dispatch.ContextClassLoaderDispatch.dispatch(ContextClassLoaderDispatch.java:33)
  at org.gradle.internal.dispatch.ProxyDispatchAdapter$DispatchingInvocationHandler.invoke(ProxyDispatchAdapter.java:88)
  at jdk.proxy1/jdk.proxy1.$Proxy4.processTestDefinition(Unknown Source)
  at org.gradle.api.internal.tasks.testing.worker.TestWorker$2.run(TestWorker.java:178)
  at org.gradle.api.internal.tasks.testing.worker.TestWorker.executeAndMaintainThreadName(TestWorker.java:126)
  at org.gradle.api.internal.tasks.testing.worker.TestWorker.execute(TestWorker.java:103)
  at org.gradle.api.internal.tasks.testing.worker.TestWorker.execute(TestWorker.java:63)
  at org.gradle.process.internal.worker.child.ActionExecutionWorker.execute(ActionExecutionWorker.java:56)
  at org.gradle.process.internal.worker.child.SystemApplicationClassLoaderWorker.call(SystemApplicationClassLoaderWorker.java:122)
  at org.gradle.process.internal.worker.child.SystemApplicationClassLoaderWorker.call(SystemApplicationClassLoaderWorker.java:72)
  at worker.org.gradle.process.internal.worker.GradleWorkerMain.run(GradleWorkerMain.java:69)
  at worker.org.gradle.process.internal.worker.GradleWorkerMain.main(GradleWorkerMain.java:74)
</stacktrace>
</test-failure>


TypeScriptCompilerTests_O[jvm] > objectBindingPattern_restElementWithPropertyName_ts has expected errors matching objectBindingPattern_restElementWithPropertyName_errors_txt[jvm] FAILED

<test-failure test="com.xemantic.typescript.compiler.TypeScriptCompilerTests_O.optionsInlineSourceMapMapRoot_ts compiles to JavaScript matching optionsInlineSourceMapMapRoot_js" platform="jvm">
<message>
--- expected
+++ actual
@@ -6,4 +6,3 @@
 //// [optionsInlineSourceMapMapRoot.js]
 "use strict";
 var a = 10;
-//# sourceMappingURL=data:application/json;base64,eyJ2ZXJzaW9uIjozLCJmaWxlIjoib3B0aW9uc0lubGluZVNvdXJjZU1hcE1hcFJvb3QuanMiLCJzb3VyY2VSb290IjoiIiwic291cmNlcyI6WyIuLi9vcHRpb25zSW5saW5lU291cmNlTWFwTWFwUm9vdC50cyJdLCJuYW1lcyI6W10sIm1hcHBpbmdzIjoiO0FBQUEsSUFBSSxDQUFDLEdBQUcsRUFBRSxDQUFDIn0=

</message>
<stacktrace>
  at org.junit.Assert.fail(Assert.java:89)
  at kotlin.test.junit.JUnitAsserter.fail(JUnitSupport.kt:56)
  at kotlin.test.AssertionsKt__AssertionsKt.fail(Assertions.kt:563)
  at kotlin.test.AssertionsKt.fail(Unknown Source)
  at com.xemantic.kotlin.test.SameAsKt.sameAs(SameAs.kt:52)
  at com.xemantic.typescript.compiler.TypeScriptTestSupportKt.sameAs(TypeScriptTestSupport.kt:99)
  at com.xemantic.typescript.compiler.TypeScriptCompilerTests_O.optionsInlineSourceMapMapRoot_ts compiles to JavaScript matching optionsInlineSourceMapMapRoot_js(TypeScriptCompilerTests_O.kt:1043)
  at java.base/jdk.internal.reflect.DirectMethodHandleAccessor.invoke(DirectMethodHandleAccessor.java:104)
  at java.base/java.lang.reflect.Method.invoke(Method.java:565)
  at org.junit.runners.model.FrameworkMethod$1.runReflectiveCall(FrameworkMethod.java:59)
  at org.junit.internal.runners.model.ReflectiveCallable.run(ReflectiveCallable.java:12)
  at org.junit.runners.model.FrameworkMethod.invokeExplosively(FrameworkMethod.java:56)
  at org.junit.internal.runners.statements.InvokeMethod.evaluate(InvokeMethod.java:17)
  at org.junit.runners.ParentRunner$3.evaluate(ParentRunner.java:306)
  at org.junit.runners.BlockJUnit4ClassRunner$1.evaluate(BlockJUnit4ClassRunner.java:100)
  at org.junit.runners.ParentRunner.runLeaf(ParentRunner.java:366)
  at org.junit.runners.BlockJUnit4ClassRunner.runChild(BlockJUnit4ClassRunner.java:103)
  at org.junit.runners.BlockJUnit4ClassRunner.runChild(BlockJUnit4ClassRunner.java:63)
  at org.junit.runners.ParentRunner$4.run(ParentRunner.java:331)
  at org.junit.runners.ParentRunner$1.schedule(ParentRunner.java:79)
  at org.junit.runners.ParentRunner.runChildren(ParentRunner.java:329)
  at org.junit.runners.ParentRunner.access$100(ParentRunner.java:66)
  at org.junit.runners.ParentRunner$2.evaluate(ParentRunner.java:293)
  at org.junit.runners.ParentRunner$3.evaluate(ParentRunner.java:306)
  at org.junit.runners.ParentRunner.run(ParentRunner.java:413)
  at org.junit.runner.JUnitCore.run(JUnitCore.java:137)
  at org.junit.runner.JUnitCore.run(JUnitCore.java:115)
  at org.gradle.api.internal.tasks.testing.junit.JUnitTestExecutor.runRequest(JUnitTestExecutor.java:175)
  at org.gradle.api.internal.tasks.testing.junit.JUnitTestExecutor.accept(JUnitTestExecutor.java:84)
  at org.gradle.api.internal.tasks.testing.junit.JUnitTestExecutor.accept(JUnitTestExecutor.java:47)
  at org.gradle.api.internal.tasks.testing.junit.AbstractJUnitTestDefinitionProcessor.processTestDefinition(AbstractJUnitTestDefinitionProcessor.java:65)
  at org.gradle.api.internal.tasks.testing.SuiteTestDefinitionProcessor.processTestDefinition(SuiteTestDefinitionProcessor.java:54)
  at java.base/jdk.internal.reflect.DirectMethodHandleAccessor.invoke(DirectMethodHandleAccessor.java:104)
  at java.base/java.lang.reflect.Method.invoke(Method.java:565)
  at org.gradle.internal.dispatch.MethodInvocation.invokeOn(MethodInvocation.java:77)
  at org.gradle.internal.dispatch.ReflectionDispatch.dispatch(ReflectionDispatch.java:28)
  at org.gradle.internal.dispatch.ReflectionDispatch.dispatch(ReflectionDispatch.java:19)
  at org.gradle.internal.dispatch.ContextClassLoaderDispatch.dispatch(ContextClassLoaderDispatch.java:33)
  at org.gradle.internal.dispatch.ProxyDispatchAdapter$DispatchingInvocationHandler.invoke(ProxyDispatchAdapter.java:88)
  at jdk.proxy1/jdk.proxy1.$Proxy4.processTestDefinition(Unknown Source)
  at org.gradle.api.internal.tasks.testing.worker.TestWorker$2.run(TestWorker.java:178)
  at org.gradle.api.internal.tasks.testing.worker.TestWorker.executeAndMaintainThreadName(TestWorker.java:126)
  at org.gradle.api.internal.tasks.testing.worker.TestWorker.execute(TestWorker.java:103)
  at org.gradle.api.internal.tasks.testing.worker.TestWorker.execute(TestWorker.java:63)
  at org.gradle.process.internal.worker.child.ActionExecutionWorker.execute(ActionExecutionWorker.java:56)
  at org.gradle.process.internal.worker.child.SystemApplicationClassLoaderWorker.call(SystemApplicationClassLoaderWorker.java:122)
  at org.gradle.process.internal.worker.child.SystemApplicationClassLoaderWorker.call(SystemApplicationClassLoaderWorker.java:72)
  at worker.org.gradle.process.internal.worker.GradleWorkerMain.run(GradleWorkerMain.java:69)
  at worker.org.gradle.process.internal.worker.GradleWorkerMain.main(GradleWorkerMain.java:74)
</stacktrace>
</test-failure>


TypeScriptCompilerTests_O[jvm] > optionsInlineSourceMapMapRoot_ts compiles to JavaScript matching optionsInlineSourceMapMapRoot_js[jvm] FAILED

<test-failure test="com.xemantic.typescript.compiler.TypeScriptCompilerTests_O.overloadOnConstInheritance2_ts has expected errors matching overloadOnConstInheritance2_errors_txt" platform="jvm">
<message>
Expected diagnostics from baseline typescript-repo/tests/baselines/reference/overloadOnConstInheritance2.errors.txt but none produced
</message>
<stacktrace>
  at com.xemantic.typescript.compiler.TypeScriptTestSupportKt.errorsMatchBaseline(TypeScriptTestSupport.kt:125)
  at com.xemantic.typescript.compiler.TypeScriptCompilerTests_O.overloadOnConstInheritance2_ts has expected errors matching overloadOnConstInheritance2_errors_txt(TypeScriptCompilerTests_O.kt:1603)
  at java.base/jdk.internal.reflect.DirectMethodHandleAccessor.invoke(DirectMethodHandleAccessor.java:104)
  at java.base/java.lang.reflect.Method.invoke(Method.java:565)
  at org.junit.runners.model.FrameworkMethod$1.runReflectiveCall(FrameworkMethod.java:59)
  at org.junit.internal.runners.model.ReflectiveCallable.run(ReflectiveCallable.java:12)
  at org.junit.runners.model.FrameworkMethod.invokeExplosively(FrameworkMethod.java:56)
  at org.junit.internal.runners.statements.InvokeMethod.evaluate(InvokeMethod.java:17)
  at org.junit.runners.ParentRunner$3.evaluate(ParentRunner.java:306)
  at org.junit.runners.BlockJUnit4ClassRunner$1.evaluate(BlockJUnit4ClassRunner.java:100)
  at org.junit.runners.ParentRunner.runLeaf(ParentRunner.java:366)
  at org.junit.runners.BlockJUnit4ClassRunner.runChild(BlockJUnit4ClassRunner.java:103)
  at org.junit.runners.BlockJUnit4ClassRunner.runChild(BlockJUnit4ClassRunner.java:63)
  at org.junit.runners.ParentRunner$4.run(ParentRunner.java:331)
  at org.junit.runners.ParentRunner$1.schedule(ParentRunner.java:79)
  at org.junit.runners.ParentRunner.runChildren(ParentRunner.java:329)
  at org.junit.runners.ParentRunner.access$100(ParentRunner.java:66)
  at org.junit.runners.ParentRunner$2.evaluate(ParentRunner.java:293)
  at org.junit.runners.ParentRunner$3.evaluate(ParentRunner.java:306)
  at org.junit.runners.ParentRunner.run(ParentRunner.java:413)
  at org.junit.runner.JUnitCore.run(JUnitCore.java:137)
  at org.junit.runner.JUnitCore.run(JUnitCore.java:115)
  at org.gradle.api.internal.tasks.testing.junit.JUnitTestExecutor.runRequest(JUnitTestExecutor.java:175)
  at org.gradle.api.internal.tasks.testing.junit.JUnitTestExecutor.accept(JUnitTestExecutor.java:84)
  at org.gradle.api.internal.tasks.testing.junit.JUnitTestExecutor.accept(JUnitTestExecutor.java:47)
  at org.gradle.api.internal.tasks.testing.junit.AbstractJUnitTestDefinitionProcessor.processTestDefinition(AbstractJUnitTestDefinitionProcessor.java:65)
  at org.gradle.api.internal.tasks.testing.SuiteTestDefinitionProcessor.processTestDefinition(SuiteTestDefinitionProcessor.java:54)
  at java.base/jdk.internal.reflect.DirectMethodHandleAccessor.invoke(DirectMethodHandleAccessor.java:104)
  at java.base/java.lang.reflect.Method.invoke(Method.java:565)
  at org.gradle.internal.dispatch.MethodInvocation.invokeOn(MethodInvocation.java:77)
  at org.gradle.internal.dispatch.ReflectionDispatch.dispatch(ReflectionDispatch.java:28)
  at org.gradle.internal.dispatch.ReflectionDispatch.dispatch(ReflectionDispatch.java:19)
  at org.gradle.internal.dispatch.ContextClassLoaderDispatch.dispatch(ContextClassLoaderDispatch.java:33)
  at org.gradle.internal.dispatch.ProxyDispatchAdapter$DispatchingInvocationHandler.invoke(ProxyDispatchAdapter.java:88)
  at jdk.proxy1/jdk.proxy1.$Proxy4.processTestDefinition(Unknown Source)
  at org.gradle.api.internal.tasks.testing.worker.TestWorker$2.run(TestWorker.java:178)
  at org.gradle.api.internal.tasks.testing.worker.TestWorker.executeAndMaintainThreadName(TestWorker.java:126)
  at org.gradle.api.internal.tasks.testing.worker.TestWorker.execute(TestWorker.java:103)
  at org.gradle.api.internal.tasks.testing.worker.TestWorker.execute(TestWorker.java:63)
  at org.gradle.process.internal.worker.child.ActionExecutionWorker.execute(ActionExecutionWorker.java:56)
  at org.gradle.process.internal.worker.child.SystemApplicationClassLoaderWorker.call(SystemApplicationClassLoaderWorker.java:122)
  at org.gradle.process.internal.worker.child.SystemApplicationClassLoaderWorker.call(SystemApplicationClassLoaderWorker.java:72)
  at worker.org.gradle.process.internal.worker.GradleWorkerMain.run(GradleWorkerMain.java:69)
  at worker.org.gradle.process.internal.worker.GradleWorkerMain.main(GradleWorkerMain.java:74)
</stacktrace>
</test-failure>


TypeScriptCompilerTests_O[jvm] > overloadOnConstInheritance2_ts has expected errors matching overloadOnConstInheritance2_errors_txt[jvm] FAILED

<test-failure test="com.xemantic.typescript.compiler.TypeScriptCompilerTests_O.operationsAvailableOnPromisedType_ts__target_es5__has expected errors matching baseline" platform="jvm">
<message>
--- expected
+++ actual
@@ -1,29 +1,8 @@
 error TS5107: Option 'target=ES5' is deprecated and will stop functioning in TypeScript 7.0. Specify compilerOption '"ignoreDeprecations": "6.0"' to silence this error.
-operationsAvailableOnPromisedType.ts(11,9): error TS2363: The right-hand side of an arithmetic operation must be of type 'any', 'number', 'bigint' or an enum type.
-operationsAvailableOnPromisedType.ts(12,5): error TS2362: The left-hand side of an arithmetic operation must be of type 'any', 'number', 'bigint' or an enum type.
-operationsAvailableOnPromisedType.ts(13,5): error TS2365: Operator '+' cannot be applied to types 'number' and 'Promise<number>'.
-operationsAvailableOnPromisedType.ts(14,5): error TS2365: Operator '>' cannot be applied to types 'number' and 'Promise<number>'.
-operationsAvailableOnPromisedType.ts(15,5): error TS2356: An arithmetic operand must be of type 'any', 'number', 'bigint' or an enum type.
-operationsAvailableOnPromisedType.ts(16,7): error TS2356: An arithmetic operand must be of type 'any', 'number', 'bigint' or an enum type.
-operationsAvailableOnPromisedType.ts(17,5): error TS2367: This comparison appears to be unintentional because the types 'number' and 'Promise<number>' have no overlap.
-operationsAvailableOnPromisedType.ts(18,9): error TS2461: Type 'Promise<string[]>' is not an array type.
-operationsAvailableOnPromisedType.ts(19,21): error TS2495: Type 'Promise<string[]>' is not an array type or a string type.
-operationsAvailableOnPromisedType.ts(20,12): error TS2345: Argument of type 'Promise<number>' is not assignable to parameter of type 'number'.
-operationsAvailableOnPromisedType.ts(21,11): error TS2339: Property 'prop' does not exist on type 'Promise<{ prop: string; }>'.
-operationsAvailableOnPromisedType.ts(23,27): error TS2495: Type 'Promise<string[]>' is not an array type or a string type.
-operationsAvailableOnPromisedType.ts(24,5): error TS2349: This expression is not callable.
-  Type 'Promise<() => void>' has no call signatures.
-operationsAvailableOnPromisedType.ts(25,5): error TS2349: This expression is not callable.
-  Not all constituents of type 'Promise<() => void> | (() => void)' are callable.
-    Type 'Promise<() => void>' has no call signatures.
-operationsAvailableOnPromisedType.ts(26,9): error TS2351: This expression is not constructable.
-  Type 'Promise<new () => any>' has no construct signatures.
-operationsAvailableOnPromisedType.ts(27,5): error TS2349: This expression is not callable.
-  Type 'Promise<number>' has no call signatures.
 
 
 !!! error TS5107: Option 'target=ES5' is deprecated and will stop functioning in TypeScript 7.0. Specify compilerOption '"ignoreDeprecations": "6.0"' to silence this error.
-==== operationsAvailableOnPromisedType.ts (16 errors) ====
+==== operationsAvailableOnPromisedType.ts (0 errors) ====
     async function fn(
         a: number,
         b: Promise<number>,
@@ -35,70 +14,20 @@
     ) {
         // All errors
         a | b;
-            ~
-!!! error TS2363: The right-hand side of an arithmetic operation must be of type 'any', 'number', 'bigint' or an enum type.
-!!! related TS2773 operationsAvailableOnPromisedType.ts:11:9: Did you forget to use 'await'?
         b | a;
-        ~
-!!! error TS2362: The left-hand side of an arithmetic operation must be of type 'any', 'number', 'bigint' or an enum type.
-!!! related TS2773 operationsAvailableOnPromisedType.ts:12:5: Did you forget to use 'await'?
         a + b;
-        ~~~~~
-!!! error TS2365: Operator '+' cannot be applied to types 'number' and 'Promise<number>'.
-!!! related TS2773 operationsAvailableOnPromisedType.ts:13:5: Did you forget to use 'await'?
         a > b;
-        ~~~~~
-!!! error TS2365: Operator '>' cannot be applied to types 'number' and 'Promise<number>'.
-!!! related TS2773 operationsAvailableOnPromisedType.ts:14:5: Did you forget to use 'await'?
         b++;
-        ~
-!!! error TS2356: An arithmetic operand must be of type 'any', 'number', 'bigint' or an enum type.
         --b;
-          ~
-!!! error TS2356: An arithmetic operand must be of type 'any', 'number', 'bigint' or an enum type.
         a === b;
-        ~~~~~~~
-!!! error TS2367: This comparison appears to be unintentional because the types 'number' and 'Promise<number>' have no overlap.
-!!! related TS2773 operationsAvailableOnPromisedType.ts:17:5: Did you forget to use 'await'?
         [...c];
-            ~
-!!! error TS2461: Type 'Promise<string[]>' is not an array type.
-!!! related TS2773 operationsAvailableOnPromisedType.ts:18:9: Did you forget to use 'await'?
         for (const s of c) {
-                        ~
-!!! error TS2495: Type 'Promise<string[]>' is not an array type or a string type.
-!!! related TS2773 operationsAvailableOnPromisedType.ts:19:21: Did you forget to use 'await'?
             fn(b, b, c, d, e, f, g);
-               ~
-!!! error TS2345: Argument of type 'Promise<number>' is not assignable to parameter of type 'number'.
-!!! related TS2773 operationsAvailableOnPromisedType.ts:20:12: Did you forget to use 'await'?
             d.prop;
-              ~~~~
-!!! error TS2339: Property 'prop' does not exist on type 'Promise<{ prop: string; }>'.
-!!! related TS2773 operationsAvailableOnPromisedType.ts:21:11: Did you forget to use 'await'?
         }
         for await (const s of c) {}
-                              ~
-!!! error TS2495: Type 'Promise<string[]>' is not an array type or a string type.
-!!! related TS2773 operationsAvailableOnPromisedType.ts:23:27: Did you forget to use 'await'?
         e();
-        ~
-!!! error TS2349: This expression is not callable.
-!!! error TS2349:   Type 'Promise<() => void>' has no call signatures.
-!!! related TS2773 operationsAvailableOnPromisedType.ts:24:5: Did you forget to use 'await'?
         f();
-        ~
-!!! error TS2349: This expression is not callable.
-!!! error TS2349:   Not all constituents of type 'Promise<() => void> | (() => void)' are callable.
-!!! error TS2349:     Type 'Promise<() => void>' has no call signatures.
-!!! related TS2773 operationsAvailableOnPromisedType.ts:25:5: Did you forget to use 'await'?
         new g();
-            ~
-!!! error TS2351: This expression is not constructable.
-!!! error TS2351:   Type 'Promise<new () => any>' has no construct signatures.
-!!! related TS2773 operationsAvailableOnPromisedType.ts:26:9: Did you forget to use 'await'?
         b();
-        ~
-!!! error TS2349: This expression is not callable.
-!!! error TS2349:   Type 'Promise<number>' has no call signatures.
     }

</message>
<stacktrace>
  at org.junit.Assert.fail(Assert.java:89)
  at kotlin.test.junit.JUnitAsserter.fail(JUnitSupport.kt:56)
  at kotlin.test.AssertionsKt__AssertionsKt.fail(Assertions.kt:563)
  at kotlin.test.AssertionsKt.fail(Unknown Source)
  at com.xemantic.kotlin.test.SameAsKt.sameAs(SameAs.kt:52)
  at com.xemantic.typescript.compiler.TypeScriptTestSupportKt.errorsMatchBaseline(TypeScriptTestSupport.kt:135)
  at com.xemantic.typescript.compiler.TypeScriptCompilerTests_O.operationsAvailableOnPromisedType_ts__target_es5__has expected errors matching baseline(TypeScriptCompilerTests_O.kt:700)
  at java.base/jdk.internal.reflect.DirectMethodHandleAccessor.invoke(DirectMethodHandleAccessor.java:104)
  at java.base/java.lang.reflect.Method.invoke(Method.java:565)
  at org.junit.runners.model.FrameworkMethod$1.runReflectiveCall(FrameworkMethod.java:59)
  at org.junit.internal.runners.model.ReflectiveCallable.run(ReflectiveCallable.java:12)
  at org.junit.runners.model.FrameworkMethod.invokeExplosively(FrameworkMethod.java:56)
  at org.junit.internal.runners.statements.InvokeMethod.evaluate(InvokeMethod.java:17)
  at org.junit.runners.ParentRunner$3.evaluate(ParentRunner.java:306)
  at org.junit.runners.BlockJUnit4ClassRunner$1.evaluate(BlockJUnit4ClassRunner.java:100)
  at org.junit.runners.ParentRunner.runLeaf(ParentRunner.java:366)
  at org.junit.runners.BlockJUnit4ClassRunner.runChild(BlockJUnit4ClassRunner.java:103)
  at org.junit.runners.BlockJUnit4ClassRunner.runChild(BlockJUnit4ClassRunner.java:63)
  at org.junit.runners.ParentRunner$4.run(ParentRunner.java:331)
  at org.junit.runners.ParentRunner$1.schedule(ParentRunner.java:79)
  at org.junit.runners.ParentRunner.runChildren(ParentRunner.java:329)
  at org.junit.runners.ParentRunner.access$100(ParentRunner.java:66)
  at org.junit.runners.ParentRunner$2.evaluate(ParentRunner.java:293)
  at org.junit.runners.ParentRunner$3.evaluate(ParentRunner.java:306)
  at org.junit.runners.ParentRunner.run(ParentRunner.java:413)
  at org.junit.runner.JUnitCore.run(JUnitCore.java:137)
  at org.junit.runner.JUnitCore.run(JUnitCore.java:115)
  at org.gradle.api.internal.tasks.testing.junit.JUnitTestExecutor.runRequest(JUnitTestExecutor.java:175)
  at org.gradle.api.internal.tasks.testing.junit.JUnitTestExecutor.accept(JUnitTestExecutor.java:84)
  at org.gradle.api.internal.tasks.testing.junit.JUnitTestExecutor.accept(JUnitTestExecutor.java:47)
  at org.gradle.api.internal.tasks.testing.junit.AbstractJUnitTestDefinitionProcessor.processTestDefinition(AbstractJUnitTestDefinitionProcessor.java:65)
  at org.gradle.api.internal.tasks.testing.SuiteTestDefinitionProcessor.processTestDefinition(SuiteTestDefinitionProcessor.java:54)
  at java.base/jdk.internal.reflect.DirectMethodHandleAccessor.invoke(DirectMethodHandleAccessor.java:104)
  at java.base/java.lang.reflect.Method.invoke(Method.java:565)
  at org.gradle.internal.dispatch.MethodInvocation.invokeOn(MethodInvocation.java:77)
  at org.gradle.internal.dispatch.ReflectionDispatch.dispatch(ReflectionDispatch.java:28)
  at org.gradle.internal.dispatch.ReflectionDispatch.dispatch(ReflectionDispatch.java:19)
  at org.gradle.internal.dispatch.ContextClassLoaderDispatch.dispatch(ContextClassLoaderDispatch.java:33)
  at org.gradle.internal.dispatch.ProxyDispatchAdapter$DispatchingInvocationHandler.invoke(ProxyDispatchAdapter.java:88)
  at jdk.proxy1/jdk.proxy1.$Proxy4.processTestDefinition(Unknown Source)
  at org.gradle.api.internal.tasks.testing.worker.TestWorker$2.run(TestWorker.java:178)
  at org.gradle.api.internal.tasks.testing.worker.TestWorker.executeAndMaintainThreadName(TestWorker.java:126)
  at org.gradle.api.internal.tasks.testing.worker.TestWorker.execute(TestWorker.java:103)
  at org.gradle.api.internal.tasks.testing.worker.TestWorker.execute(TestWorker.java:63)
  at org.gradle.process.internal.worker.child.ActionExecutionWorker.execute(ActionExecutionWorker.java:56)
  at org.gradle.process.internal.worker.child.SystemApplicationClassLoaderWorker.call(SystemApplicationClassLoaderWorker.java:122)
  at org.gradle.process.internal.worker.child.SystemApplicationClassLoaderWorker.call(SystemApplicationClassLoaderWorker.java:72)
  at worker.org.gradle.process.internal.worker.GradleWorkerMain.run(GradleWorkerMain.java:69)
  at worker.org.gradle.process.internal.worker.GradleWorkerMain.main(GradleWorkerMain.java:74)
</stacktrace>
</test-failure>


TypeScriptCompilerTests_O[jvm] > operationsAvailableOnPromisedType_ts__target_es5__has expected errors matching baseline[jvm] FAILED

<test-failure test="com.xemantic.typescript.compiler.TypeScriptCompilerTests_O.optionalParamReferencingOtherParams2_ts__target_es5__has expected errors matching baseline" platform="jvm">
<message>
--- expected
+++ actual
@@ -1,16 +1,10 @@
 error TS5107: Option 'target=ES5' is deprecated and will stop functioning in TypeScript 7.0. Specify compilerOption '"ignoreDeprecations": "6.0"' to silence this error.
-optionalParamReferencingOtherParams2.ts(2,29): error TS2373: Parameter 'y' cannot reference identifier 'b' declared after it.
-optionalParamReferencingOtherParams2.ts(2,29): error TS2454: Variable 'b' is used before being assigned.
 
 
 !!! error TS5107: Option 'target=ES5' is deprecated and will stop functioning in TypeScript 7.0. Specify compilerOption '"ignoreDeprecations": "6.0"' to silence this error.
-==== optionalParamReferencingOtherParams2.ts (2 errors) ====
+==== optionalParamReferencingOtherParams2.ts (0 errors) ====
     var a = 1;
     function strange(x = a, y = b) { 
-                                ~
-!!! error TS2373: Parameter 'y' cannot reference identifier 'b' declared after it.
-                                ~
-!!! error TS2454: Variable 'b' is used before being assigned.
         var b = "";
         return y;
     }

</message>
<stacktrace>
  at org.junit.Assert.fail(Assert.java:89)
  at kotlin.test.junit.JUnitAsserter.fail(JUnitSupport.kt:56)
  at kotlin.test.AssertionsKt__AssertionsKt.fail(Assertions.kt:563)
  at kotlin.test.AssertionsKt.fail(Unknown Source)
  at com.xemantic.kotlin.test.SameAsKt.sameAs(SameAs.kt:52)
  at com.xemantic.typescript.compiler.TypeScriptTestSupportKt.errorsMatchBaseline(TypeScriptTestSupport.kt:135)
  at com.xemantic.typescript.compiler.TypeScriptCompilerTests_O.optionalParamReferencingOtherParams2_ts__target_es5__has expected errors matching baseline(TypeScriptCompilerTests_O.kt:861)
  at java.base/jdk.internal.reflect.DirectMethodHandleAccessor.invoke(DirectMethodHandleAccessor.java:104)
  at java.base/java.lang.reflect.Method.invoke(Method.java:565)
  at org.junit.runners.model.FrameworkMethod$1.runReflectiveCall(FrameworkMethod.java:59)
  at org.junit.internal.runners.model.ReflectiveCallable.run(ReflectiveCallable.java:12)
  at org.junit.runners.model.FrameworkMethod.invokeExplosively(FrameworkMethod.java:56)
  at org.junit.internal.runners.statements.InvokeMethod.evaluate(InvokeMethod.java:17)
  at org.junit.runners.ParentRunner$3.evaluate(ParentRunner.java:306)
  at org.junit.runners.BlockJUnit4ClassRunner$1.evaluate(BlockJUnit4ClassRunner.java:100)
  at org.junit.runners.ParentRunner.runLeaf(ParentRunner.java:366)
  at org.junit.runners.BlockJUnit4ClassRunner.runChild(BlockJUnit4ClassRunner.java:103)
  at org.junit.runners.BlockJUnit4ClassRunner.runChild(BlockJUnit4ClassRunner.java:63)
  at org.junit.runners.ParentRunner$4.run(ParentRunner.java:331)
  at org.junit.runners.ParentRunner$1.schedule(ParentRunner.java:79)
  at org.junit.runners.ParentRunner.runChildren(ParentRunner.java:329)
  at org.junit.runners.ParentRunner.access$100(ParentRunner.java:66)
  at org.junit.runners.ParentRunner$2.evaluate(ParentRunner.java:293)
  at org.junit.runners.ParentRunner$3.evaluate(ParentRunner.java:306)
  at org.junit.runners.ParentRunner.run(ParentRunner.java:413)
  at org.junit.runner.JUnitCore.run(JUnitCore.java:137)
  at org.junit.runner.JUnitCore.run(JUnitCore.java:115)
  at org.gradle.api.internal.tasks.testing.junit.JUnitTestExecutor.runRequest(JUnitTestExecutor.java:175)
  at org.gradle.api.internal.tasks.testing.junit.JUnitTestExecutor.accept(JUnitTestExecutor.java:84)
  at org.gradle.api.internal.tasks.testing.junit.JUnitTestExecutor.accept(JUnitTestExecutor.java:47)
  at org.gradle.api.internal.tasks.testing.junit.AbstractJUnitTestDefinitionProcessor.processTestDefinition(AbstractJUnitTestDefinitionProcessor.java:65)
  at org.gradle.api.internal.tasks.testing.SuiteTestDefinitionProcessor.processTestDefinition(SuiteTestDefinitionProcessor.java:54)
  at java.base/jdk.internal.reflect.DirectMethodHandleAccessor.invoke(DirectMethodHandleAccessor.java:104)
  at java.base/java.lang.reflect.Method.invoke(Method.java:565)
  at org.gradle.internal.dispatch.MethodInvocation.invokeOn(MethodInvocation.java:77)
  at org.gradle.internal.dispatch.ReflectionDispatch.dispatch(ReflectionDispatch.java:28)
  at org.gradle.internal.dispatch.ReflectionDispatch.dispatch(ReflectionDispatch.java:19)
  at org.gradle.internal.dispatch.ContextClassLoaderDispatch.dispatch(ContextClassLoaderDispatch.java:33)
  at org.gradle.internal.dispatch.ProxyDispatchAdapter$DispatchingInvocationHandler.invoke(ProxyDispatchAdapter.java:88)
  at jdk.proxy1/jdk.proxy1.$Proxy4.processTestDefinition(Unknown Source)
  at org.gradle.api.internal.tasks.testing.worker.TestWorker$2.run(TestWorker.java:178)
  at org.gradle.api.internal.tasks.testing.worker.TestWorker.executeAndMaintainThreadName(TestWorker.java:126)
  at org.gradle.api.internal.tasks.testing.worker.TestWorker.execute(TestWorker.java:103)
  at org.gradle.api.internal.tasks.testing.worker.TestWorker.execute(TestWorker.java:63)
  at org.gradle.process.internal.worker.child.ActionExecutionWorker.execute(ActionExecutionWorker.java:56)
  at org.gradle.process.internal.worker.child.SystemApplicationClassLoaderWorker.call(SystemApplicationClassLoaderWorker.java:122)
  at org.gradle.process.internal.worker.child.SystemApplicationClassLoaderWorker.call(SystemApplicationClassLoaderWorker.java:72)
  at worker.org.gradle.process.internal.worker.GradleWorkerMain.run(GradleWorkerMain.java:69)
  at worker.org.gradle.process.internal.worker.GradleWorkerMain.main(GradleWorkerMain.java:74)
</stacktrace>
</test-failure>


TypeScriptCompilerTests_O[jvm] > optionalParamReferencingOtherParams2_ts__target_es5__has expected errors matching baseline[jvm] FAILED

<test-failure test="com.xemantic.typescript.compiler.TypeScriptCompilerTests_O.operationsAvailableOnPromisedType_ts__target_es2015__compiles to JavaScript matching baseline" platform="jvm">
<message>
--- expected
+++ actual
@@ -42,16 +42,8 @@
         step((generator = generator.apply(thisArg, _arguments || [])).next());
     });
 };
-var __asyncValues = (this && this.__asyncValues) || function (o) {
-    if (!Symbol.asyncIterator) throw new TypeError("Symbol.asyncIterator is not defined.");
-    var m = o[Symbol.asyncIterator], i;
-    return m ? m.call(o) : (o = typeof __values === "function" ? __values(o) : o[Symbol.iterator](), i = {}, verb("next"), verb("throw"), verb("return"), i[Symbol.asyncIterator] = function () { return this; }, i);
-    function verb(n) { i[n] = o[n] && function (v) { return new Promise(function (resolve, reject) { v = o[n](v), settle(resolve, reject, v.done, v.value); }); }; }
-    function settle(resolve, reject, d, v) { Promise.resolve(v).then(function(v) { resolve({ value: v, done: d }); }, reject); }
-};
 function fn(a, b, c, d, e, f, g) {
     return __awaiter(this, void 0, void 0, function* () {
-        var _a, e_1, _b, _c, _d, c_1, c_1_1;
         // All errors
         a | b;
         b | a;
@@ -65,20 +57,7 @@
             fn(b, b, c, d, e, f, g);
             d.prop;
         }
-        try {
-            for (_d = true, c_1 = __asyncValues(c); c_1_1 = yield c_1.next(), _a = c_1_1.done, !_a; _d = true) {
-                _c = c_1_1.value;
-                _d = false;
-                const s = _c;
-            }
-        }
-        catch (e_1_1) { e_1 = { error: e_1_1 }; }
-        finally {
-            try {
-                if (!_d && !_a && (_b = c_1.return)) yield _b.call(c_1);
-            }
-            finally { if (e_1) throw e_1.error; }
-        }
+        for await (const s of c) { }
         e();
         f();
         new g();

</message>
<stacktrace>
  at org.junit.Assert.fail(Assert.java:89)
  at kotlin.test.junit.JUnitAsserter.fail(JUnitSupport.kt:56)
  at kotlin.test.AssertionsKt__AssertionsKt.fail(Assertions.kt:563)
  at kotlin.test.AssertionsKt.fail(Unknown Source)
  at com.xemantic.kotlin.test.SameAsKt.sameAs(SameAs.kt:52)
  at com.xemantic.typescript.compiler.TypeScriptTestSupportKt.sameAs(TypeScriptTestSupport.kt:99)
  at com.xemantic.typescript.compiler.TypeScriptCompilerTests_O.operationsAvailableOnPromisedType_ts__target_es2015__compiles to JavaScript matching baseline(TypeScriptCompilerTests_O.kt:693)
  at java.base/jdk.internal.reflect.DirectMethodHandleAccessor.invoke(DirectMethodHandleAccessor.java:104)
  at java.base/java.lang.reflect.Method.invoke(Method.java:565)
  at org.junit.runners.model.FrameworkMethod$1.runReflectiveCall(FrameworkMethod.java:59)
  at org.junit.internal.runners.model.ReflectiveCallable.run(ReflectiveCallable.java:12)
  at org.junit.runners.model.FrameworkMethod.invokeExplosively(FrameworkMethod.java:56)
  at org.junit.internal.runners.statements.InvokeMethod.evaluate(InvokeMethod.java:17)
  at org.junit.runners.ParentRunner$3.evaluate(ParentRunner.java:306)
  at org.junit.runners.BlockJUnit4ClassRunner$1.evaluate(BlockJUnit4ClassRunner.java:100)
  at org.junit.runners.ParentRunner.runLeaf(ParentRunner.java:366)
  at org.junit.runners.BlockJUnit4ClassRunner.runChild(BlockJUnit4ClassRunner.java:103)
  at org.junit.runners.BlockJUnit4ClassRunner.runChild(BlockJUnit4ClassRunner.java:63)
  at org.junit.runners.ParentRunner$4.run(ParentRunner.java:331)
  at org.junit.runners.ParentRunner$1.schedule(ParentRunner.java:79)
  at org.junit.runners.ParentRunner.runChildren(ParentRunner.java:329)
  at org.junit.runners.ParentRunner.access$100(ParentRunner.java:66)
  at org.junit.runners.ParentRunner$2.evaluate(ParentRunner.java:293)
  at org.junit.runners.ParentRunner$3.evaluate(ParentRunner.java:306)
  at org.junit.runners.ParentRunner.run(ParentRunner.java:413)
  at org.junit.runner.JUnitCore.run(JUnitCore.java:137)
  at org.junit.runner.JUnitCore.run(JUnitCore.java:115)
  at org.gradle.api.internal.tasks.testing.junit.JUnitTestExecutor.runRequest(JUnitTestExecutor.java:175)
  at org.gradle.api.internal.tasks.testing.junit.JUnitTestExecutor.accept(JUnitTestExecutor.java:84)
  at org.gradle.api.internal.tasks.testing.junit.JUnitTestExecutor.accept(JUnitTestExecutor.java:47)
  at org.gradle.api.internal.tasks.testing.junit.AbstractJUnitTestDefinitionProcessor.processTestDefinition(AbstractJUnitTestDefinitionProcessor.java:65)
  at org.gradle.api.internal.tasks.testing.SuiteTestDefinitionProcessor.processTestDefinition(SuiteTestDefinitionProcessor.java:54)
  at java.base/jdk.internal.reflect.DirectMethodHandleAccessor.invoke(DirectMethodHandleAccessor.java:104)
  at java.base/java.lang.reflect.Method.invoke(Method.java:565)
  at org.gradle.internal.dispatch.MethodInvocation.invokeOn(MethodInvocation.java:77)
  at org.gradle.internal.dispatch.ReflectionDispatch.dispatch(ReflectionDispatch.java:28)
  at org.gradle.internal.dispatch.ReflectionDispatch.dispatch(ReflectionDispatch.java:19)
  at org.gradle.internal.dispatch.ContextClassLoaderDispatch.dispatch(ContextClassLoaderDispatch.java:33)
  at org.gradle.internal.dispatch.ProxyDispatchAdapter$DispatchingInvocationHandler.invoke(ProxyDispatchAdapter.java:88)
  at jdk.proxy1/jdk.proxy1.$Proxy4.processTestDefinition(Unknown Source)
  at org.gradle.api.internal.tasks.testing.worker.TestWorker$2.run(TestWorker.java:178)
  at org.gradle.api.internal.tasks.testing.worker.TestWorker.executeAndMaintainThreadName(TestWorker.java:126)
  at org.gradle.api.internal.tasks.testing.worker.TestWorker.execute(TestWorker.java:103)
  at org.gradle.api.internal.tasks.testing.worker.TestWorker.execute(TestWorker.java:63)
  at org.gradle.process.internal.worker.child.ActionExecutionWorker.execute(ActionExecutionWorker.java:56)
  at org.gradle.process.internal.worker.child.SystemApplicationClassLoaderWorker.call(SystemApplicationClassLoaderWorker.java:122)
  at org.gradle.process.internal.worker.child.SystemApplicationClassLoaderWorker.call(SystemApplicationClassLoaderWorker.java:72)
  at worker.org.gradle.process.internal.worker.GradleWorkerMain.run(GradleWorkerMain.java:69)
  at worker.org.gradle.process.internal.worker.GradleWorkerMain.main(GradleWorkerMain.java:74)
</stacktrace>
</test-failure>


TypeScriptCompilerTests_O[jvm] > operationsAvailableOnPromisedType_ts__target_es2015__compiles to JavaScript matching baseline[jvm] FAILED

<test-failure test="com.xemantic.typescript.compiler.TypeScriptCompilerTests_O.optionalChainWithInstantiationExpression1_ts__target_es2019__has expected errors matching baseline" platform="jvm">
<message>
Expected diagnostics from baseline typescript-repo/tests/baselines/reference/optionalChainWithInstantiationExpression1(target=es2019).errors.txt but none produced
</message>
<stacktrace>
  at com.xemantic.typescript.compiler.TypeScriptTestSupportKt.errorsMatchBaseline(TypeScriptTestSupport.kt:125)
  at com.xemantic.typescript.compiler.TypeScriptCompilerTests_O.optionalChainWithInstantiationExpression1_ts__target_es2019__has expected errors matching baseline(TypeScriptCompilerTests_O.kt:763)
  at java.base/jdk.internal.reflect.DirectMethodHandleAccessor.invoke(DirectMethodHandleAccessor.java:104)
  at java.base/java.lang.reflect.Method.invoke(Method.java:565)
  at org.junit.runners.model.FrameworkMethod$1.runReflectiveCall(FrameworkMethod.java:59)
  at org.junit.internal.runners.model.ReflectiveCallable.run(ReflectiveCallable.java:12)
  at org.junit.runners.model.FrameworkMethod.invokeExplosively(FrameworkMethod.java:56)
  at org.junit.internal.runners.statements.InvokeMethod.evaluate(InvokeMethod.java:17)
  at org.junit.runners.ParentRunner$3.evaluate(ParentRunner.java:306)
  at org.junit.runners.BlockJUnit4ClassRunner$1.evaluate(BlockJUnit4ClassRunner.java:100)
  at org.junit.runners.ParentRunner.runLeaf(ParentRunner.java:366)
  at org.junit.runners.BlockJUnit4ClassRunner.runChild(BlockJUnit4ClassRunner.java:103)
  at org.junit.runners.BlockJUnit4ClassRunner.runChild(BlockJUnit4ClassRunner.java:63)
  at org.junit.runners.ParentRunner$4.run(ParentRunner.java:331)
  at org.junit.runners.ParentRunner$1.schedule(ParentRunner.java:79)
  at org.junit.runners.ParentRunner.runChildren(ParentRunner.java:329)
  at org.junit.runners.ParentRunner.access$100(ParentRunner.java:66)
  at org.junit.runners.ParentRunner$2.evaluate(ParentRunner.java:293)
  at org.junit.runners.ParentRunner$3.evaluate(ParentRunner.java:306)
  at org.junit.runners.ParentRunner.run(ParentRunner.java:413)
  at org.junit.runner.JUnitCore.run(JUnitCore.java:137)
  at org.junit.runner.JUnitCore.run(JUnitCore.java:115)
  at org.gradle.api.internal.tasks.testing.junit.JUnitTestExecutor.runRequest(JUnitTestExecutor.java:175)
  at org.gradle.api.internal.tasks.testing.junit.JUnitTestExecutor.accept(JUnitTestExecutor.java:84)
  at org.gradle.api.internal.tasks.testing.junit.JUnitTestExecutor.accept(JUnitTestExecutor.java:47)
  at org.gradle.api.internal.tasks.testing.junit.AbstractJUnitTestDefinitionProcessor.processTestDefinition(AbstractJUnitTestDefinitionProcessor.java:65)
  at org.gradle.api.internal.tasks.testing.SuiteTestDefinitionProcessor.processTestDefinition(SuiteTestDefinitionProcessor.java:54)
  at java.base/jdk.internal.reflect.DirectMethodHandleAccessor.invoke(DirectMethodHandleAccessor.java:104)
  at java.base/java.lang.reflect.Method.invoke(Method.java:565)
  at org.gradle.internal.dispatch.MethodInvocation.invokeOn(MethodInvocation.java:77)
  at org.gradle.internal.dispatch.ReflectionDispatch.dispatch(ReflectionDispatch.java:28)
  at org.gradle.internal.dispatch.ReflectionDispatch.dispatch(ReflectionDispatch.java:19)
  at org.gradle.internal.dispatch.ContextClassLoaderDispatch.dispatch(ContextClassLoaderDispatch.java:33)
  at org.gradle.internal.dispatch.ProxyDispatchAdapter$DispatchingInvocationHandler.invoke(ProxyDispatchAdapter.java:88)
  at jdk.proxy1/jdk.proxy1.$Proxy4.processTestDefinition(Unknown Source)
  at org.gradle.api.internal.tasks.testing.worker.TestWorker$2.run(TestWorker.java:178)
  at org.gradle.api.internal.tasks.testing.worker.TestWorker.executeAndMaintainThreadName(TestWorker.java:126)
  at org.gradle.api.internal.tasks.testing.worker.TestWorker.execute(TestWorker.java:103)
  at org.gradle.api.internal.tasks.testing.worker.TestWorker.execute(TestWorker.java:63)
  at org.gradle.process.internal.worker.child.ActionExecutionWorker.execute(ActionExecutionWorker.java:56)
  at org.gradle.process.internal.worker.child.SystemApplicationClassLoaderWorker.call(SystemApplicationClassLoaderWorker.java:122)
  at org.gradle.process.internal.worker.child.SystemApplicationClassLoaderWorker.call(SystemApplicationClassLoaderWorker.java:72)
  at worker.org.gradle.process.internal.worker.GradleWorkerMain.run(GradleWorkerMain.java:69)
  at worker.org.gradle.process.internal.worker.GradleWorkerMain.main(GradleWorkerMain.java:74)
</stacktrace>
</test-failure>


TypeScriptCompilerTests_O[jvm] > optionalChainWithInstantiationExpression1_ts__target_es2019__has expected errors matching baseline[jvm] FAILED

<test-failure test="com.xemantic.typescript.compiler.TypeScriptCompilerTests_O.omitTypeTestErrors01_ts has expected errors matching omitTypeTestErrors01_errors_txt" platform="jvm">
<message>
Expected diagnostics from baseline typescript-repo/tests/baselines/reference/omitTypeTestErrors01.errors.txt but none produced
</message>
<stacktrace>
  at com.xemantic.typescript.compiler.TypeScriptTestSupportKt.errorsMatchBaseline(TypeScriptTestSupport.kt:125)
  at com.xemantic.typescript.compiler.TypeScriptCompilerTests_O.omitTypeTestErrors01_ts has expected errors matching omitTypeTestErrors01_errors_txt(TypeScriptCompilerTests_O.kt:665)
  at java.base/jdk.internal.reflect.DirectMethodHandleAccessor.invoke(DirectMethodHandleAccessor.java:104)
  at java.base/java.lang.reflect.Method.invoke(Method.java:565)
  at org.junit.runners.model.FrameworkMethod$1.runReflectiveCall(FrameworkMethod.java:59)
  at org.junit.internal.runners.model.ReflectiveCallable.run(ReflectiveCallable.java:12)
  at org.junit.runners.model.FrameworkMethod.invokeExplosively(FrameworkMethod.java:56)
  at org.junit.internal.runners.statements.InvokeMethod.evaluate(InvokeMethod.java:17)
  at org.junit.runners.ParentRunner$3.evaluate(ParentRunner.java:306)
  at org.junit.runners.BlockJUnit4ClassRunner$1.evaluate(BlockJUnit4ClassRunner.java:100)
  at org.junit.runners.ParentRunner.runLeaf(ParentRunner.java:366)
  at org.junit.runners.BlockJUnit4ClassRunner.runChild(BlockJUnit4ClassRunner.java:103)
  at org.junit.runners.BlockJUnit4ClassRunner.runChild(BlockJUnit4ClassRunner.java:63)
  at org.junit.runners.ParentRunner$4.run(ParentRunner.java:331)
  at org.junit.runners.ParentRunner$1.schedule(ParentRunner.java:79)
  at org.junit.runners.ParentRunner.runChildren(ParentRunner.java:329)
  at org.junit.runners.ParentRunner.access$100(ParentRunner.java:66)
  at org.junit.runners.ParentRunner$2.evaluate(ParentRunner.java:293)
  at org.junit.runners.ParentRunner$3.evaluate(ParentRunner.java:306)
  at org.junit.runners.ParentRunner.run(ParentRunner.java:413)
  at org.junit.runner.JUnitCore.run(JUnitCore.java:137)
  at org.junit.runner.JUnitCore.run(JUnitCore.java:115)
  at org.gradle.api.internal.tasks.testing.junit.JUnitTestExecutor.runRequest(JUnitTestExecutor.java:175)
  at org.gradle.api.internal.tasks.testing.junit.JUnitTestExecutor.accept(JUnitTestExecutor.java:84)
  at org.gradle.api.internal.tasks.testing.junit.JUnitTestExecutor.accept(JUnitTestExecutor.java:47)
  at org.gradle.api.internal.tasks.testing.junit.AbstractJUnitTestDefinitionProcessor.processTestDefinition(AbstractJUnitTestDefinitionProcessor.java:65)
  at org.gradle.api.internal.tasks.testing.SuiteTestDefinitionProcessor.processTestDefinition(SuiteTestDefinitionProcessor.java:54)
  at java.base/jdk.internal.reflect.DirectMethodHandleAccessor.invoke(DirectMethodHandleAccessor.java:104)
  at java.base/java.lang.reflect.Method.invoke(Method.java:565)
  at org.gradle.internal.dispatch.MethodInvocation.invokeOn(MethodInvocation.java:77)
  at org.gradle.internal.dispatch.ReflectionDispatch.dispatch(ReflectionDispatch.java:28)
  at org.gradle.internal.dispatch.ReflectionDispatch.dispatch(ReflectionDispatch.java:19)
  at org.gradle.internal.dispatch.ContextClassLoaderDispatch.dispatch(ContextClassLoaderDispatch.java:33)
  at org.gradle.internal.dispatch.ProxyDispatchAdapter$DispatchingInvocationHandler.invoke(ProxyDispatchAdapter.java:88)
  at jdk.proxy1/jdk.proxy1.$Proxy4.processTestDefinition(Unknown Source)
  at org.gradle.api.internal.tasks.testing.worker.TestWorker$2.run(TestWorker.java:178)
  at org.gradle.api.internal.tasks.testing.worker.TestWorker.executeAndMaintainThreadName(TestWorker.java:126)
  at org.gradle.api.internal.tasks.testing.worker.TestWorker.execute(TestWorker.java:103)
  at org.gradle.api.internal.tasks.testing.worker.TestWorker.execute(TestWorker.java:63)
  at org.gradle.process.internal.worker.child.ActionExecutionWorker.execute(ActionExecutionWorker.java:56)
  at org.gradle.process.internal.worker.child.SystemApplicationClassLoaderWorker.call(SystemApplicationClassLoaderWorker.java:122)
  at org.gradle.process.internal.worker.child.SystemApplicationClassLoaderWorker.call(SystemApplicationClassLoaderWorker.java:72)
  at worker.org.gradle.process.internal.worker.GradleWorkerMain.run(GradleWorkerMain.java:69)
  at worker.org.gradle.process.internal.worker.GradleWorkerMain.main(GradleWorkerMain.java:74)
</stacktrace>
</test-failure>


TypeScriptCompilerTests_O[jvm] > omitTypeTestErrors01_ts has expected errors matching omitTypeTestErrors01_errors_txt[jvm] FAILED

<test-failure test="com.xemantic.typescript.compiler.TypeScriptCompilerTests_O.objectLiteralFunctionArgContextualTyping2_ts has expected errors matching objectLiteralFunctionArgContextualTyping2_errors_txt" platform="jvm">
<message>
Expected diagnostics from baseline typescript-repo/tests/baselines/reference/objectLiteralFunctionArgContextualTyping2.errors.txt but none produced
</message>
<stacktrace>
  at com.xemantic.typescript.compiler.TypeScriptTestSupportKt.errorsMatchBaseline(TypeScriptTestSupport.kt:125)
  at com.xemantic.typescript.compiler.TypeScriptCompilerTests_O.objectLiteralFunctionArgContextualTyping2_ts has expected errors matching objectLiteralFunctionArgContextualTyping2_errors_txt(TypeScriptCompilerTests_O.kt:329)
  at java.base/jdk.internal.reflect.DirectMethodHandleAccessor.invoke(DirectMethodHandleAccessor.java:104)
  at java.base/java.lang.reflect.Method.invoke(Method.java:565)
  at org.junit.runners.model.FrameworkMethod$1.runReflectiveCall(FrameworkMethod.java:59)
  at org.junit.internal.runners.model.ReflectiveCallable.run(ReflectiveCallable.java:12)
  at org.junit.runners.model.FrameworkMethod.invokeExplosively(FrameworkMethod.java:56)
  at org.junit.internal.runners.statements.InvokeMethod.evaluate(InvokeMethod.java:17)
  at org.junit.runners.ParentRunner$3.evaluate(ParentRunner.java:306)
  at org.junit.runners.BlockJUnit4ClassRunner$1.evaluate(BlockJUnit4ClassRunner.java:100)
  at org.junit.runners.ParentRunner.runLeaf(ParentRunner.java:366)
  at org.junit.runners.BlockJUnit4ClassRunner.runChild(BlockJUnit4ClassRunner.java:103)
  at org.junit.runners.BlockJUnit4ClassRunner.runChild(BlockJUnit4ClassRunner.java:63)
  at org.junit.runners.ParentRunner$4.run(ParentRunner.java:331)
  at org.junit.runners.ParentRunner$1.schedule(ParentRunner.java:79)
  at org.junit.runners.ParentRunner.runChildren(ParentRunner.java:329)
  at org.junit.runners.ParentRunner.access$100(ParentRunner.java:66)
  at org.junit.runners.ParentRunner$2.evaluate(ParentRunner.java:293)
  at org.junit.runners.ParentRunner$3.evaluate(ParentRunner.java:306)
  at org.junit.runners.ParentRunner.run(ParentRunner.java:413)
  at org.junit.runner.JUnitCore.run(JUnitCore.java:137)
  at org.junit.runner.JUnitCore.run(JUnitCore.java:115)
  at org.gradle.api.internal.tasks.testing.junit.JUnitTestExecutor.runRequest(JUnitTestExecutor.java:175)
  at org.gradle.api.internal.tasks.testing.junit.JUnitTestExecutor.accept(JUnitTestExecutor.java:84)
  at org.gradle.api.internal.tasks.testing.junit.JUnitTestExecutor.accept(JUnitTestExecutor.java:47)
  at org.gradle.api.internal.tasks.testing.junit.AbstractJUnitTestDefinitionProcessor.processTestDefinition(AbstractJUnitTestDefinitionProcessor.java:65)
  at org.gradle.api.internal.tasks.testing.SuiteTestDefinitionProcessor.processTestDefinition(SuiteTestDefinitionProcessor.java:54)
  at java.base/jdk.internal.reflect.DirectMethodHandleAccessor.invoke(DirectMethodHandleAccessor.java:104)
  at java.base/java.lang.reflect.Method.invoke(Method.java:565)
  at org.gradle.internal.dispatch.MethodInvocation.invokeOn(MethodInvocation.java:77)
  at org.gradle.internal.dispatch.ReflectionDispatch.dispatch(ReflectionDispatch.java:28)
  at org.gradle.internal.dispatch.ReflectionDispatch.dispatch(ReflectionDispatch.java:19)
  at org.gradle.internal.dispatch.ContextClassLoaderDispatch.dispatch(ContextClassLoaderDispatch.java:33)
  at org.gradle.internal.dispatch.ProxyDispatchAdapter$DispatchingInvocationHandler.invoke(ProxyDispatchAdapter.java:88)
  at jdk.proxy1/jdk.proxy1.$Proxy4.processTestDefinition(Unknown Source)
  at org.gradle.api.internal.tasks.testing.worker.TestWorker$2.run(TestWorker.java:178)
  at org.gradle.api.internal.tasks.testing.worker.TestWorker.executeAndMaintainThreadName(TestWorker.java:126)
  at org.gradle.api.internal.tasks.testing.worker.TestWorker.execute(TestWorker.java:103)
  at org.gradle.api.internal.tasks.testing.worker.TestWorker.execute(TestWorker.java:63)
  at org.gradle.process.internal.worker.child.ActionExecutionWorker.execute(ActionExecutionWorker.java:56)
  at org.gradle.process.internal.worker.child.SystemApplicationClassLoaderWorker.call(SystemApplicationClassLoaderWorker.java:122)
  at org.gradle.process.internal.worker.child.SystemApplicationClassLoaderWorker.call(SystemApplicationClassLoaderWorker.java:72)
  at worker.org.gradle.process.internal.worker.GradleWorkerMain.run(GradleWorkerMain.java:69)
  at worker.org.gradle.process.internal.worker.GradleWorkerMain.main(GradleWorkerMain.java:74)
</stacktrace>
</test-failure>


TypeScriptCompilerTests_O[jvm] > objectLiteralFunctionArgContextualTyping2_ts has expected errors matching objectLiteralFunctionArgContextualTyping2_errors_txt[jvm] FAILED

<test-failure test="com.xemantic.typescript.compiler.TypeScriptCompilerTests_O.optionalPropertiesSyntax_ts has expected errors matching optionalPropertiesSyntax_errors_txt" platform="jvm">
<message>
--- expected
+++ actual
@@ -1,29 +1,18 @@
-optionalPropertiesSyntax.ts(4,5): error TS2386: Overload signatures must all be optional or required.
-optionalPropertiesSyntax.ts(11,7): error TS1005: ';' expected.
-optionalPropertiesSyntax.ts(11,8): error TS1131: Property or signature expected.
-optionalPropertiesSyntax.ts(12,5): error TS1131: Property or signature expected.
-optionalPropertiesSyntax.ts(18,11): error TS1005: ';' expected.
-optionalPropertiesSyntax.ts(18,12): error TS1131: Property or signature expected.
+optionalPropertiesSyntax.ts(19,9): error TS1005: '(' expected.
+optionalPropertiesSyntax.ts(19,10): error TS1005: ')' expected.
 optionalPropertiesSyntax.ts(24,5): error TS2300: Duplicate identifier 'prop'.
-optionalPropertiesSyntax.ts(24,5): error TS2687: All declarations of 'prop' must have identical modifiers.
 optionalPropertiesSyntax.ts(25,5): error TS2300: Duplicate identifier 'prop'.
-optionalPropertiesSyntax.ts(25,5): error TS2687: All declarations of 'prop' must have identical modifiers.
-optionalPropertiesSyntax.ts(31,5): error TS2374: Duplicate index signature for type 'number'.
-optionalPropertiesSyntax.ts(32,5): error TS2374: Duplicate index signature for type 'number'.
-optionalPropertiesSyntax.ts(32,18): error TS1005: ';' expected.
-optionalPropertiesSyntax.ts(32,19): error TS1131: Property or signature expected.
-optionalPropertiesSyntax.ts(33,5): error TS1131: Property or signature expected.
-optionalPropertiesSyntax.ts(33,7): error TS2374: Duplicate index signature for type 'number'.
-optionalPropertiesSyntax.ts(34,5): error TS2374: Duplicate index signature for type 'number'.
+optionalPropertiesSyntax.ts(32,5): error TS1021: An index signature must have a type annotation.
+optionalPropertiesSyntax.ts(32,18): error TS2300: Duplicate identifier '?'.
+optionalPropertiesSyntax.ts(33,5): error TS2300: Duplicate identifier '?'.
+optionalPropertiesSyntax.ts(34,9): error TS1019: An index signature parameter cannot have a question mark.
 
 
-==== optionalPropertiesSyntax.ts (17 errors) ====
+==== optionalPropertiesSyntax.ts (8 errors) ====
     interface fnSigs {
         //functions signatures can be optional
         fn(): void;
         fn?(): void; //err
-        ~~
-!!! error TS2386: Overload signatures must all be optional or required.
         fn2?(): void;
     }
     
@@ -31,24 +20,18 @@
         //Call signatures can't be optional
         (): any;
         ()?: any; //err
-          ~
-!!! error TS1005: ';' expected.
-           ~
-!!! error TS1131: Property or signature expected.
         ?(): any; //err
-        ~
-!!! error TS1131: Property or signature expected.
     }
     
     interface constructSig {
         //Construct signatures can't be optional
         new (): any;
         new ()?: any; //err
-              ~
-!!! error TS1005: ';' expected.
-               ~
-!!! error TS1131: Property or signature expected.
         new ?(): any; //err
+            ~
+!!! error TS1005: '(' expected.
+             ~
+!!! error TS1005: ')' expected.
     }
     
     interface propertySig {
@@ -56,34 +39,24 @@
         prop: any;
         ~~~~
 !!! error TS2300: Duplicate identifier 'prop'.
-        ~~~~
-!!! error TS2687: All declarations of 'prop' must have identical modifiers.
         prop?: any;
         ~~~~
 !!! error TS2300: Duplicate identifier 'prop'.
-        ~~~~
-!!! error TS2687: All declarations of 'prop' must have identical modifiers.
         prop2?: any;
     }
     
     interface indexSig {
         //Index signatures can't be optional
         [idx: number]: any;
-        ~~~~~~~~~~~~~~~~~~~
-!!! error TS2374: Duplicate index signature for type 'number'.
         [idx: number]?: any; //err
         ~~~~~~~~~~~~~
-!!! error TS2374: Duplicate index signature for type 'number'.
+!!! error TS1021: An index signature must have a type annotation.
                      ~
-!!! error TS1005: ';' expected.
-                      ~
-!!! error TS1131: Property or signature expected.
+!!! error TS2300: Duplicate identifier '?'.
         ? [idx: number]: any; //err
         ~
-!!! error TS1131: Property or signature expected.
-          ~~~~~~~~~~~~~~~~~~~
-!!! error TS2374: Duplicate index signature for type 'number'.
+!!! error TS2300: Duplicate identifier '?'.
         [idx?: number]: any; //err
-        ~~~~~~~~~~~~~~~~~~~~
-!!! error TS2374: Duplicate index signature for type 'number'.
+            ~
+!!! error TS1019: An index signature parameter cannot have a question mark.
     }

</message>
<stacktrace>
  at org.junit.Assert.fail(Assert.java:89)
  at kotlin.test.junit.JUnitAsserter.fail(JUnitSupport.kt:56)
  at kotlin.test.AssertionsKt__AssertionsKt.fail(Assertions.kt:563)
  at kotlin.test.AssertionsKt.fail(Unknown Source)
  at com.xemantic.kotlin.test.SameAsKt.sameAs(SameAs.kt:52)
  at com.xemantic.typescript.compiler.TypeScriptTestSupportKt.errorsMatchBaseline(TypeScriptTestSupport.kt:135)
  at com.xemantic.typescript.compiler.TypeScriptCompilerTests_O.optionalPropertiesSyntax_ts has expected errors matching optionalPropertiesSyntax_errors_txt(TypeScriptCompilerTests_O.kt:987)
  at java.base/jdk.internal.reflect.DirectMethodHandleAccessor.invoke(DirectMethodHandleAccessor.java:104)
  at java.base/java.lang.reflect.Method.invoke(Method.java:565)
  at org.junit.runners.model.FrameworkMethod$1.runReflectiveCall(FrameworkMethod.java:59)
  at org.junit.internal.runners.model.ReflectiveCallable.run(ReflectiveCallable.java:12)
  at org.junit.runners.model.FrameworkMethod.invokeExplosively(FrameworkMethod.java:56)
  at org.junit.internal.runners.statements.InvokeMethod.evaluate(InvokeMethod.java:17)
  at org.junit.runners.ParentRunner$3.evaluate(ParentRunner.java:306)
  at org.junit.runners.BlockJUnit4ClassRunner$1.evaluate(BlockJUnit4ClassRunner.java:100)
  at org.junit.runners.ParentRunner.runLeaf(ParentRunner.java:366)
  at org.junit.runners.BlockJUnit4ClassRunner.runChild(BlockJUnit4ClassRunner.java:103)
  at org.junit.runners.BlockJUnit4ClassRunner.runChild(BlockJUnit4ClassRunner.java:63)
  at org.junit.runners.ParentRunner$4.run(ParentRunner.java:331)
  at org.junit.runners.ParentRunner$1.schedule(ParentRunner.java:79)
  at org.junit.runners.ParentRunner.runChildren(ParentRunner.java:329)
  at org.junit.runners.ParentRunner.access$100(ParentRunner.java:66)
  at org.junit.runners.ParentRunner$2.evaluate(ParentRunner.java:293)
  at org.junit.runners.ParentRunner$3.evaluate(ParentRunner.java:306)
  at org.junit.runners.ParentRunner.run(ParentRunner.java:413)
  at org.junit.runner.JUnitCore.run(JUnitCore.java:137)
  at org.junit.runner.JUnitCore.run(JUnitCore.java:115)
  at org.gradle.api.internal.tasks.testing.junit.JUnitTestExecutor.runRequest(JUnitTestExecutor.java:175)
  at org.gradle.api.internal.tasks.testing.junit.JUnitTestExecutor.accept(JUnitTestExecutor.java:84)
  at org.gradle.api.internal.tasks.testing.junit.JUnitTestExecutor.accept(JUnitTestExecutor.java:47)
  at org.gradle.api.internal.tasks.testing.junit.AbstractJUnitTestDefinitionProcessor.processTestDefinition(AbstractJUnitTestDefinitionProcessor.java:65)
  at org.gradle.api.internal.tasks.testing.SuiteTestDefinitionProcessor.processTestDefinition(SuiteTestDefinitionProcessor.java:54)
  at java.base/jdk.internal.reflect.DirectMethodHandleAccessor.invoke(DirectMethodHandleAccessor.java:104)
  at java.base/java.lang.reflect.Method.invoke(Method.java:565)
  at org.gradle.internal.dispatch.MethodInvocation.invokeOn(MethodInvocation.java:77)
  at org.gradle.internal.dispatch.ReflectionDispatch.dispatch(ReflectionDispatch.java:28)
  at org.gradle.internal.dispatch.ReflectionDispatch.dispatch(ReflectionDispatch.java:19)
  at org.gradle.internal.dispatch.ContextClassLoaderDispatch.dispatch(ContextClassLoaderDispatch.java:33)
  at org.gradle.internal.dispatch.ProxyDispatchAdapter$DispatchingInvocationHandler.invoke(ProxyDispatchAdapter.java:88)
  at jdk.proxy1/jdk.proxy1.$Proxy4.processTestDefinition(Unknown Source)
  at org.gradle.api.internal.tasks.testing.worker.TestWorker$2.run(TestWorker.java:178)
  at org.gradle.api.internal.tasks.testing.worker.TestWorker.executeAndMaintainThreadName(TestWorker.java:126)
  at org.gradle.api.internal.tasks.testing.worker.TestWorker.execute(TestWorker.java:103)
  at org.gradle.api.internal.tasks.testing.worker.TestWorker.execute(TestWorker.java:63)
  at org.gradle.process.internal.worker.child.ActionExecutionWorker.execute(ActionExecutionWorker.java:56)
  at org.gradle.process.internal.worker.child.SystemApplicationClassLoaderWorker.call(SystemApplicationClassLoaderWorker.java:122)
  at org.gradle.process.internal.worker.child.SystemApplicationClassLoaderWorker.call(SystemApplicationClassLoaderWorker.java:72)
  at worker.org.gradle.process.internal.worker.GradleWorkerMain.run(GradleWorkerMain.java:69)
  at worker.org.gradle.process.internal.worker.GradleWorkerMain.main(GradleWorkerMain.java:74)
</stacktrace>
</test-failure>


TypeScriptCompilerTests_O[jvm] > optionalPropertiesSyntax_ts has expected errors matching optionalPropertiesSyntax_errors_txt[jvm] FAILED

<test-failure test="com.xemantic.typescript.compiler.TypeScriptCompilerTests_O.optionalParamAssignmentCompat_ts has expected errors matching optionalParamAssignmentCompat_errors_txt" platform="jvm">
<message>
Expected diagnostics from baseline typescript-repo/tests/baselines/reference/optionalParamAssignmentCompat.errors.txt but none produced
</message>
<stacktrace>
  at com.xemantic.typescript.compiler.TypeScriptTestSupportKt.errorsMatchBaseline(TypeScriptTestSupport.kt:125)
  at com.xemantic.typescript.compiler.TypeScriptCompilerTests_O.optionalParamAssignmentCompat_ts has expected errors matching optionalParamAssignmentCompat_errors_txt(TypeScriptCompilerTests_O.kt:833)
  at java.base/jdk.internal.reflect.DirectMethodHandleAccessor.invoke(DirectMethodHandleAccessor.java:104)
  at java.base/java.lang.reflect.Method.invoke(Method.java:565)
  at org.junit.runners.model.FrameworkMethod$1.runReflectiveCall(FrameworkMethod.java:59)
  at org.junit.internal.runners.model.ReflectiveCallable.run(ReflectiveCallable.java:12)
  at org.junit.runners.model.FrameworkMethod.invokeExplosively(FrameworkMethod.java:56)
  at org.junit.internal.runners.statements.InvokeMethod.evaluate(InvokeMethod.java:17)
  at org.junit.runners.ParentRunner$3.evaluate(ParentRunner.java:306)
  at org.junit.runners.BlockJUnit4ClassRunner$1.evaluate(BlockJUnit4ClassRunner.java:100)
  at org.junit.runners.ParentRunner.runLeaf(ParentRunner.java:366)
  at org.junit.runners.BlockJUnit4ClassRunner.runChild(BlockJUnit4ClassRunner.java:103)
  at org.junit.runners.BlockJUnit4ClassRunner.runChild(BlockJUnit4ClassRunner.java:63)
  at org.junit.runners.ParentRunner$4.run(ParentRunner.java:331)
  at org.junit.runners.ParentRunner$1.schedule(ParentRunner.java:79)
  at org.junit.runners.ParentRunner.runChildren(ParentRunner.java:329)
  at org.junit.runners.ParentRunner.access$100(ParentRunner.java:66)
  at org.junit.runners.ParentRunner$2.evaluate(ParentRunner.java:293)
  at org.junit.runners.ParentRunner$3.evaluate(ParentRunner.java:306)
  at org.junit.runners.ParentRunner.run(ParentRunner.java:413)
  at org.junit.runner.JUnitCore.run(JUnitCore.java:137)
  at org.junit.runner.JUnitCore.run(JUnitCore.java:115)
  at org.gradle.api.internal.tasks.testing.junit.JUnitTestExecutor.runRequest(JUnitTestExecutor.java:175)
  at org.gradle.api.internal.tasks.testing.junit.JUnitTestExecutor.accept(JUnitTestExecutor.java:84)
  at org.gradle.api.internal.tasks.testing.junit.JUnitTestExecutor.accept(JUnitTestExecutor.java:47)
  at org.gradle.api.internal.tasks.testing.junit.AbstractJUnitTestDefinitionProcessor.processTestDefinition(AbstractJUnitTestDefinitionProcessor.java:65)
  at org.gradle.api.internal.tasks.testing.SuiteTestDefinitionProcessor.processTestDefinition(SuiteTestDefinitionProcessor.java:54)
  at java.base/jdk.internal.reflect.DirectMethodHandleAccessor.invoke(DirectMethodHandleAccessor.java:104)
  at java.base/java.lang.reflect.Method.invoke(Method.java:565)
  at org.gradle.internal.dispatch.MethodInvocation.invokeOn(MethodInvocation.java:77)
  at org.gradle.internal.dispatch.ReflectionDispatch.dispatch(ReflectionDispatch.java:28)
  at org.gradle.internal.dispatch.ReflectionDispatch.dispatch(ReflectionDispatch.java:19)
  at org.gradle.internal.dispatch.ContextClassLoaderDispatch.dispatch(ContextClassLoaderDispatch.java:33)
  at org.gradle.internal.dispatch.ProxyDispatchAdapter$DispatchingInvocationHandler.invoke(ProxyDispatchAdapter.java:88)
  at jdk.proxy1/jdk.proxy1.$Proxy4.processTestDefinition(Unknown Source)
  at org.gradle.api.internal.tasks.testing.worker.TestWorker$2.run(TestWorker.java:178)
  at org.gradle.api.internal.tasks.testing.worker.TestWorker.executeAndMaintainThreadName(TestWorker.java:126)
  at org.gradle.api.internal.tasks.testing.worker.TestWorker.execute(TestWorker.java:103)
  at org.gradle.api.internal.tasks.testing.worker.TestWorker.execute(TestWorker.java:63)
  at org.gradle.process.internal.worker.child.ActionExecutionWorker.execute(ActionExecutionWorker.java:56)
  at org.gradle.process.internal.worker.child.SystemApplicationClassLoaderWorker.call(SystemApplicationClassLoaderWorker.java:122)
  at org.gradle.process.internal.worker.child.SystemApplicationClassLoaderWorker.call(SystemApplicationClassLoaderWorker.java:72)
  at worker.org.gradle.process.internal.worker.GradleWorkerMain.run(GradleWorkerMain.java:69)
  at worker.org.gradle.process.internal.worker.GradleWorkerMain.main(GradleWorkerMain.java:74)
</stacktrace>
</test-failure>


TypeScriptCompilerTests_O[jvm] > optionalParamAssignmentCompat_ts has expected errors matching optionalParamAssignmentCompat_errors_txt[jvm] FAILED

<test-failure test="com.xemantic.typescript.compiler.TypeScriptCompilerTests_O.overloadingOnConstants2_ts has expected errors matching overloadingOnConstants2_errors_txt" platform="jvm">
<message>
--- expected
+++ actual
@@ -1,11 +1,19 @@
-overloadingOnConstants2.ts(9,10): error TS2394: This overload signature is not compatible with its implementation signature.
 overloadingOnConstants2.ts(11,4): error TS2322: Type 'null' is not assignable to type 'C'.
+overloadingOnConstants2.ts(13,16): error TS2769: No overload matches this call.
+  Overload 1 of 2, '(x: "hi", items: any): D', gave the following error.
+    Argument of type 'string' is not assignable to parameter of type '"hi"'.
+  Overload 2 of 2, '(x: "bye", items: any): E', gave the following error.
+    Argument of type 'string' is not assignable to parameter of type '"bye"'.
+overloadingOnConstants2.ts(14,16): error TS2769: No overload matches this call.
+  Overload 1 of 2, '(x: "hi", items: any): D', gave the following error.
+    Argument of type 'string' is not assignable to parameter of type '"hi"'.
+  Overload 2 of 2, '(x: "bye", items: any): E', gave the following error.
+    Argument of type 'string' is not assignable to parameter of type '"bye"'.
 overloadingOnConstants2.ts(15,13): error TS2769: No overload matches this call.
-  Overload 1 of 2, '(x: "hi", items: string[]): D', gave the following error.
-    Argument of type '"um"' is not assignable to parameter of type '"hi"'.
-  Overload 2 of 2, '(x: "bye", items: string[]): E', gave the following error.
-    Argument of type '"um"' is not assignable to parameter of type '"bye"'.
-overloadingOnConstants2.ts(19,10): error TS2394: This overload signature is not compatible with its implementation signature.
+  Overload 1 of 2, '(x: "hi", items: any): D', gave the following error.
+    Argument of type 'string' is not assignable to parameter of type '"hi"'.
+  Overload 2 of 2, '(x: "bye", items: any): E', gave the following error.
+    Argument of type 'string' is not assignable to parameter of type '"bye"'.
 overloadingOnConstants2.ts(22,4): error TS2322: Type 'null' is not assignable to type 'C'.
 
 
@@ -19,31 +27,36 @@
     }
     function foo(x: "hi", items: string[]): D;
     function foo(x: "bye", items: string[]): E;
-             ~~~
-!!! error TS2394: This overload signature is not compatible with its implementation signature.
-!!! related TS2750 overloadingOnConstants2.ts:10:10: The implementation signature is declared here.
     function foo(x: string, items: string[]): C {
        return null;
        ~~~~~~
 !!! error TS2322: Type 'null' is not assignable to type 'C'.
     }
     var a: D = foo("hi", []); // D
+                   ~~~~
+!!! error TS2769: No overload matches this call.
+!!! error TS2769:   Overload 1 of 2, '(x: "hi", items: any): D', gave the following error.
+!!! error TS2769:     Argument of type 'string' is not assignable to parameter of type '"hi"'.
+!!! error TS2769:   Overload 2 of 2, '(x: "bye", items: any): E', gave the following error.
+!!! error TS2769:     Argument of type 'string' is not assignable to parameter of type '"bye"'.
     var b: E = foo("bye", []); // E 
+                   ~~~~~
+!!! error TS2769: No overload matches this call.
+!!! error TS2769:   Overload 1 of 2, '(x: "hi", items: any): D', gave the following error.
+!!! error TS2769:     Argument of type 'string' is not assignable to parameter of type '"hi"'.
+!!! error TS2769:   Overload 2 of 2, '(x: "bye", items: any): E', gave the following error.
+!!! error TS2769:     Argument of type 'string' is not assignable to parameter of type '"bye"'.
     var c = foo("um", []); // error
                 ~~~~
 !!! error TS2769: No overload matches this call.
-!!! error TS2769:   Overload 1 of 2, '(x: "hi", items: string[]): D', gave the following error.
-!!! error TS2769:     Argument of type '"um"' is not assignable to parameter of type '"hi"'.
-!!! error TS2769:   Overload 2 of 2, '(x: "bye", items: string[]): E', gave the following error.
-!!! error TS2769:     Argument of type '"um"' is not assignable to parameter of type '"bye"'.
-!!! related TS2793 overloadingOnConstants2.ts:10:10: The call would have succeeded against this implementation, but implementation signatures of overloads are not externally visible.
+!!! error TS2769:   Overload 1 of 2, '(x: "hi", items: any): D', gave the following error.
+!!! error TS2769:     Argument of type 'string' is not assignable to parameter of type '"hi"'.
+!!! error TS2769:   Overload 2 of 2, '(x: "bye", items: any): E', gave the following error.
+!!! error TS2769:     Argument of type 'string' is not assignable to parameter of type '"bye"'.
     
     
     //function bar(x: "hi", items: string[]): D;
     function bar(x: "bye", items: string[]): E;
-             ~~~
-!!! error TS2394: This overload signature is not compatible with its implementation signature.
-!!! related TS2750 overloadingOnConstants2.ts:21:10: The implementation signature is declared here.
     function bar(x: string, items: string[]): C;
     function bar(x: string, items: string[]): C {
        return null;

</message>
<stacktrace>
  at org.junit.Assert.fail(Assert.java:89)
  at kotlin.test.junit.JUnitAsserter.fail(JUnitSupport.kt:56)
  at kotlin.test.AssertionsKt__AssertionsKt.fail(Assertions.kt:563)
  at kotlin.test.AssertionsKt.fail(Unknown Source)
  at com.xemantic.kotlin.test.SameAsKt.sameAs(SameAs.kt:52)
  at com.xemantic.typescript.compiler.TypeScriptTestSupportKt.errorsMatchBaseline(TypeScriptTestSupport.kt:135)
  at com.xemantic.typescript.compiler.TypeScriptCompilerTests_O.overloadingOnConstants2_ts has expected errors matching overloadingOnConstants2_errors_txt(TypeScriptCompilerTests_O.kt:1834)
  at java.base/jdk.internal.reflect.DirectMethodHandleAccessor.invoke(DirectMethodHandleAccessor.java:104)
  at java.base/java.lang.reflect.Method.invoke(Method.java:565)
  at org.junit.runners.model.FrameworkMethod$1.runReflectiveCall(FrameworkMethod.java:59)
  at org.junit.internal.runners.model.ReflectiveCallable.run(ReflectiveCallable.java:12)
  at org.junit.runners.model.FrameworkMethod.invokeExplosively(FrameworkMethod.java:56)
  at org.junit.internal.runners.statements.InvokeMethod.evaluate(InvokeMethod.java:17)
  at org.junit.runners.ParentRunner$3.evaluate(ParentRunner.java:306)
  at org.junit.runners.BlockJUnit4ClassRunner$1.evaluate(BlockJUnit4ClassRunner.java:100)
  at org.junit.runners.ParentRunner.runLeaf(ParentRunner.java:366)
  at org.junit.runners.BlockJUnit4ClassRunner.runChild(BlockJUnit4ClassRunner.java:103)
  at org.junit.runners.BlockJUnit4ClassRunner.runChild(BlockJUnit4ClassRunner.java:63)
  at org.junit.runners.ParentRunner$4.run(ParentRunner.java:331)
  at org.junit.runners.ParentRunner$1.schedule(ParentRunner.java:79)
  at org.junit.runners.ParentRunner.runChildren(ParentRunner.java:329)
  at org.junit.runners.ParentRunner.access$100(ParentRunner.java:66)
  at org.junit.runners.ParentRunner$2.evaluate(ParentRunner.java:293)
  at org.junit.runners.ParentRunner$3.evaluate(ParentRunner.java:306)
  at org.junit.runners.ParentRunner.run(ParentRunner.java:413)
  at org.junit.runner.JUnitCore.run(JUnitCore.java:137)
  at org.junit.runner.JUnitCore.run(JUnitCore.java:115)
  at org.gradle.api.internal.tasks.testing.junit.JUnitTestExecutor.runRequest(JUnitTestExecutor.java:175)
  at org.gradle.api.internal.tasks.testing.junit.JUnitTestExecutor.accept(JUnitTestExecutor.java:84)
  at org.gradle.api.internal.tasks.testing.junit.JUnitTestExecutor.accept(JUnitTestExecutor.java:47)
  at org.gradle.api.internal.tasks.testing.junit.AbstractJUnitTestDefinitionProcessor.processTestDefinition(AbstractJUnitTestDefinitionProcessor.java:65)
  at org.gradle.api.internal.tasks.testing.SuiteTestDefinitionProcessor.processTestDefinition(SuiteTestDefinitionProcessor.java:54)
  at java.base/jdk.internal.reflect.DirectMethodHandleAccessor.invoke(DirectMethodHandleAccessor.java:104)
  at java.base/java.lang.reflect.Method.invoke(Method.java:565)
  at org.gradle.internal.dispatch.MethodInvocation.invokeOn(MethodInvocation.java:77)
  at org.gradle.internal.dispatch.ReflectionDispatch.dispatch(ReflectionDispatch.java:28)
  at org.gradle.internal.dispatch.ReflectionDispatch.dispatch(ReflectionDispatch.java:19)
  at org.gradle.internal.dispatch.ContextClassLoaderDispatch.dispatch(ContextClassLoaderDispatch.java:33)
  at org.gradle.internal.dispatch.ProxyDispatchAdapter$DispatchingInvocationHandler.invoke(ProxyDispatchAdapter.java:88)
  at jdk.proxy1/jdk.proxy1.$Proxy4.processTestDefinition(Unknown Source)
  at org.gradle.api.internal.tasks.testing.worker.TestWorker$2.run(TestWorker.java:178)
  at org.gradle.api.internal.tasks.testing.worker.TestWorker.executeAndMaintainThreadName(TestWorker.java:126)
  at org.gradle.api.internal.tasks.testing.worker.TestWorker.execute(TestWorker.java:103)
  at org.gradle.api.internal.tasks.testing.worker.TestWorker.execute(TestWorker.java:63)
  at org.gradle.process.internal.worker.child.ActionExecutionWorker.execute(ActionExecutionWorker.java:56)
  at org.gradle.process.internal.worker.child.SystemApplicationClassLoaderWorker.call(SystemApplicationClassLoaderWorker.java:122)
  at org.gradle.process.internal.worker.child.SystemApplicationClassLoaderWorker.call(SystemApplicationClassLoaderWorker.java:72)
  at worker.org.gradle.process.internal.worker.GradleWorkerMain.run(GradleWorkerMain.java:69)
  at worker.org.gradle.process.internal.worker.GradleWorkerMain.main(GradleWorkerMain.java:74)
</stacktrace>
</test-failure>


TypeScriptCompilerTests_O[jvm] > overloadingOnConstants2_ts has expected errors matching overloadingOnConstants2_errors_txt[jvm] FAILED

<test-failure test="com.xemantic.typescript.compiler.TypeScriptCompilerTests_O.omittedExpressionForOfLoop_ts has expected errors matching omittedExpressionForOfLoop_errors_txt" platform="jvm">
<message>
--- expected
+++ actual
@@ -1,26 +1,17 @@
 omittedExpressionForOfLoop.ts(1,19): error TS2304: Cannot find name 'doesNotExist'.
-omittedExpressionForOfLoop.ts(4,19): error TS18050: The value 'undefined' cannot be used here.
-omittedExpressionForOfLoop.ts(7,12): error TS2488: Type 'never' must have a '[Symbol.iterator]()' method that returns an iterator.
-omittedExpressionForOfLoop.ts(10,12): error TS2488: Type 'never' must have a '[Symbol.iterator]()' method that returns an iterator.
 
 
-==== omittedExpressionForOfLoop.ts (4 errors) ====
+==== omittedExpressionForOfLoop.ts (1 errors) ====
     for (const [,] of doesNotExist) {
                       ~~~~~~~~~~~~
 !!! error TS2304: Cannot find name 'doesNotExist'.
     }
     
     for (const [,] of undefined) {
-                      ~~~~~~~~~
-!!! error TS18050: The value 'undefined' cannot be used here.
     }
     
     for (const [,] of []) {
-               ~~~
-!!! error TS2488: Type 'never' must have a '[Symbol.iterator]()' method that returns an iterator.
     }
     
     for (const [] of []) {
-               ~~
-!!! error TS2488: Type 'never' must have a '[Symbol.iterator]()' method that returns an iterator.
     }

</message>
<stacktrace>
  at org.junit.Assert.fail(Assert.java:89)
  at kotlin.test.junit.JUnitAsserter.fail(JUnitSupport.kt:56)
  at kotlin.test.AssertionsKt__AssertionsKt.fail(Assertions.kt:563)
  at kotlin.test.AssertionsKt.fail(Unknown Source)
  at com.xemantic.kotlin.test.SameAsKt.sameAs(SameAs.kt:52)
  at com.xemantic.typescript.compiler.TypeScriptTestSupportKt.errorsMatchBaseline(TypeScriptTestSupport.kt:135)
  at com.xemantic.typescript.compiler.TypeScriptCompilerTests_O.omittedExpressionForOfLoop_ts has expected errors matching omittedExpressionForOfLoop_errors_txt(TypeScriptCompilerTests_O.kt:686)
  at java.base/jdk.internal.reflect.DirectMethodHandleAccessor.invoke(DirectMethodHandleAccessor.java:104)
  at java.base/java.lang.reflect.Method.invoke(Method.java:565)
  at org.junit.runners.model.FrameworkMethod$1.runReflectiveCall(FrameworkMethod.java:59)
  at org.junit.internal.runners.model.ReflectiveCallable.run(ReflectiveCallable.java:12)
  at org.junit.runners.model.FrameworkMethod.invokeExplosively(FrameworkMethod.java:56)
  at org.junit.internal.runners.statements.InvokeMethod.evaluate(InvokeMethod.java:17)
  at org.junit.runners.ParentRunner$3.evaluate(ParentRunner.java:306)
  at org.junit.runners.BlockJUnit4ClassRunner$1.evaluate(BlockJUnit4ClassRunner.java:100)
  at org.junit.runners.ParentRunner.runLeaf(ParentRunner.java:366)
  at org.junit.runners.BlockJUnit4ClassRunner.runChild(BlockJUnit4ClassRunner.java:103)
  at org.junit.runners.BlockJUnit4ClassRunner.runChild(BlockJUnit4ClassRunner.java:63)
  at org.junit.runners.ParentRunner$4.run(ParentRunner.java:331)
  at org.junit.runners.ParentRunner$1.schedule(ParentRunner.java:79)
  at org.junit.runners.ParentRunner.runChildren(ParentRunner.java:329)
  at org.junit.runners.ParentRunner.access$100(ParentRunner.java:66)
  at org.junit.runners.ParentRunner$2.evaluate(ParentRunner.java:293)
  at org.junit.runners.ParentRunner$3.evaluate(ParentRunner.java:306)
  at org.junit.runners.ParentRunner.run(ParentRunner.java:413)
  at org.junit.runner.JUnitCore.run(JUnitCore.java:137)
  at org.junit.runner.JUnitCore.run(JUnitCore.java:115)
  at org.gradle.api.internal.tasks.testing.junit.JUnitTestExecutor.runRequest(JUnitTestExecutor.java:175)
  at org.gradle.api.internal.tasks.testing.junit.JUnitTestExecutor.accept(JUnitTestExecutor.java:84)
  at org.gradle.api.internal.tasks.testing.junit.JUnitTestExecutor.accept(JUnitTestExecutor.java:47)
  at org.gradle.api.internal.tasks.testing.junit.AbstractJUnitTestDefinitionProcessor.processTestDefinition(AbstractJUnitTestDefinitionProcessor.java:65)
  at org.gradle.api.internal.tasks.testing.SuiteTestDefinitionProcessor.processTestDefinition(SuiteTestDefinitionProcessor.java:54)
  at java.base/jdk.internal.reflect.DirectMethodHandleAccessor.invoke(DirectMethodHandleAccessor.java:104)
  at java.base/java.lang.reflect.Method.invoke(Method.java:565)
  at org.gradle.internal.dispatch.MethodInvocation.invokeOn(MethodInvocation.java:77)
  at org.gradle.internal.dispatch.ReflectionDispatch.dispatch(ReflectionDispatch.java:28)
  at org.gradle.internal.dispatch.ReflectionDispatch.dispatch(ReflectionDispatch.java:19)
  at org.gradle.internal.dispatch.ContextClassLoaderDispatch.dispatch(ContextClassLoaderDispatch.java:33)
  at org.gradle.internal.dispatch.ProxyDispatchAdapter$DispatchingInvocationHandler.invoke(ProxyDispatchAdapter.java:88)
  at jdk.proxy1/jdk.proxy1.$Proxy4.processTestDefinition(Unknown Source)
  at org.gradle.api.internal.tasks.testing.worker.TestWorker$2.run(TestWorker.java:178)
  at org.gradle.api.internal.tasks.testing.worker.TestWorker.executeAndMaintainThreadName(TestWorker.java:126)
  at org.gradle.api.internal.tasks.testing.worker.TestWorker.execute(TestWorker.java:103)
  at org.gradle.api.internal.tasks.testing.worker.TestWorker.execute(TestWorker.java:63)
  at org.gradle.process.internal.worker.child.ActionExecutionWorker.execute(ActionExecutionWorker.java:56)
  at org.gradle.process.internal.worker.child.SystemApplicationClassLoaderWorker.call(SystemApplicationClassLoaderWorker.java:122)
  at org.gradle.process.internal.worker.child.SystemApplicationClassLoaderWorker.call(SystemApplicationClassLoaderWorker.java:72)
  at worker.org.gradle.process.internal.worker.GradleWorkerMain.run(GradleWorkerMain.java:69)
  at worker.org.gradle.process.internal.worker.GradleWorkerMain.main(GradleWorkerMain.java:74)
</stacktrace>
</test-failure>


TypeScriptCompilerTests_O[jvm] > omittedExpressionForOfLoop_ts has expected errors matching omittedExpressionForOfLoop_errors_txt[jvm] FAILED

<test-failure test="com.xemantic.typescript.compiler.TypeScriptCompilerTests_O.objectCreationOfElementAccessExpression_ts has expected errors matching objectCreationOfElementAccessExpression_errors_txt" platform="jvm">
<message>
--- expected
+++ actual
@@ -1,11 +1,7 @@
 objectCreationOfElementAccessExpression.ts(23,13): error TS2564: Property 'isDairyFree' has no initializer and is not definitely assigned in the constructor.
-objectCreationOfElementAccessExpression.ts(53,25): error TS2538: Type 'Cookie' cannot be used as an index type.
-objectCreationOfElementAccessExpression.ts(53,63): error TS2348: Value of type 'typeof Cookie' is not callable. Did you mean to include 'new'?
-objectCreationOfElementAccessExpression.ts(54,41): error TS2538: Type 'Cookie' cannot be used as an index type.
-objectCreationOfElementAccessExpression.ts(54,79): error TS2348: Value of type 'typeof Cookie' is not callable. Did you mean to include 'new'?
 
 
-==== objectCreationOfElementAccessExpression.ts (5 errors) ====
+==== objectCreationOfElementAccessExpression.ts (1 errors) ====
     class Food {
         private amount: number;
         constructor(public name: string) {
@@ -61,12 +57,4 @@
     
     // ElementAccessExpressions can only contain one expression.  There should be a parse error here.
     var foods = new PetFood[new IceCream('Mint chocolate chip') , Cookie('Chocolate chip', false) , new Cookie('Peanut butter', true)];
-                            ~~~~~~~~~~~~~~~~~~~~~~~~~~~~~~~~~~~~~~~~~~~~~~~~~~~~~~~~~~~~~~~~~~~~~~~~~~~~~~~~~~~~~~~~~~~~~~~~~~~~~~~~~
-!!! error TS2538: Type 'Cookie' cannot be used as an index type.
-                                                                  ~~~~~~~~~~~~~~~~~~~~~~~~~~~~~~~
-!!! error TS2348: Value of type 'typeof Cookie' is not callable. Did you mean to include 'new'?
     var foods2: MonsterFood[] = new PetFood[new IceCream('Mint chocolate chip') , Cookie('Chocolate chip', false) , new Cookie('Peanut butter', true)];
-                                            ~~~~~~~~~~~~~~~~~~~~~~~~~~~~~~~~~~~~~~~~~~~~~~~~~~~~~~~~~~~~~~~~~~~~~~~~~~~~~~~~~~~~~~~~~~~~~~~~~~~~~~~~~
-!!! error TS2538: Type 'Cookie' cannot be used as an index type.
-                                                                                  ~~~~~~~~~~~~~~~~~~~~~~~~~~~~~~~
-!!! error TS2348: Value of type 'typeof Cookie' is not callable. Did you mean to include 'new'?

</message>
<stacktrace>
  at org.junit.Assert.fail(Assert.java:89)
  at kotlin.test.junit.JUnitAsserter.fail(JUnitSupport.kt:56)
  at kotlin.test.AssertionsKt__AssertionsKt.fail(Assertions.kt:563)
  at kotlin.test.AssertionsKt.fail(Unknown Source)
  at com.xemantic.kotlin.test.SameAsKt.sameAs(SameAs.kt:52)
  at com.xemantic.typescript.compiler.TypeScriptTestSupportKt.errorsMatchBaseline(TypeScriptTestSupport.kt:135)
  at com.xemantic.typescript.compiler.TypeScriptCompilerTests_O.objectCreationOfElementAccessExpression_ts has expected errors matching objectCreationOfElementAccessExpression_errors_txt(TypeScriptCompilerTests_O.kt:91)
  at java.base/jdk.internal.reflect.DirectMethodHandleAccessor.invoke(DirectMethodHandleAccessor.java:104)
  at java.base/java.lang.reflect.Method.invoke(Method.java:565)
  at org.junit.runners.model.FrameworkMethod$1.runReflectiveCall(FrameworkMethod.java:59)
  at org.junit.internal.runners.model.ReflectiveCallable.run(ReflectiveCallable.java:12)
  at org.junit.runners.model.FrameworkMethod.invokeExplosively(FrameworkMethod.java:56)
  at org.junit.internal.runners.statements.InvokeMethod.evaluate(InvokeMethod.java:17)
  at org.junit.runners.ParentRunner$3.evaluate(ParentRunner.java:306)
  at org.junit.runners.BlockJUnit4ClassRunner$1.evaluate(BlockJUnit4ClassRunner.java:100)
  at org.junit.runners.ParentRunner.runLeaf(ParentRunner.java:366)
  at org.junit.runners.BlockJUnit4ClassRunner.runChild(BlockJUnit4ClassRunner.java:103)
  at org.junit.runners.BlockJUnit4ClassRunner.runChild(BlockJUnit4ClassRunner.java:63)
  at org.junit.runners.ParentRunner$4.run(ParentRunner.java:331)
  at org.junit.runners.ParentRunner$1.schedule(ParentRunner.java:79)
  at org.junit.runners.ParentRunner.runChildren(ParentRunner.java:329)
  at org.junit.runners.ParentRunner.access$100(ParentRunner.java:66)
  at org.junit.runners.ParentRunner$2.evaluate(ParentRunner.java:293)
  at org.junit.runners.ParentRunner$3.evaluate(ParentRunner.java:306)
  at org.junit.runners.ParentRunner.run(ParentRunner.java:413)
  at org.junit.runner.JUnitCore.run(JUnitCore.java:137)
  at org.junit.runner.JUnitCore.run(JUnitCore.java:115)
  at org.gradle.api.internal.tasks.testing.junit.JUnitTestExecutor.runRequest(JUnitTestExecutor.java:175)
  at org.gradle.api.internal.tasks.testing.junit.JUnitTestExecutor.accept(JUnitTestExecutor.java:84)
  at org.gradle.api.internal.tasks.testing.junit.JUnitTestExecutor.accept(JUnitTestExecutor.java:47)
  at org.gradle.api.internal.tasks.testing.junit.AbstractJUnitTestDefinitionProcessor.processTestDefinition(AbstractJUnitTestDefinitionProcessor.java:65)
  at org.gradle.api.internal.tasks.testing.SuiteTestDefinitionProcessor.processTestDefinition(SuiteTestDefinitionProcessor.java:54)
  at java.base/jdk.internal.reflect.DirectMethodHandleAccessor.invoke(DirectMethodHandleAccessor.java:104)
  at java.base/java.lang.reflect.Method.invoke(Method.java:565)
  at org.gradle.internal.dispatch.MethodInvocation.invokeOn(MethodInvocation.java:77)
  at org.gradle.internal.dispatch.ReflectionDispatch.dispatch(ReflectionDispatch.java:28)
  at org.gradle.internal.dispatch.ReflectionDispatch.dispatch(ReflectionDispatch.java:19)
  at org.gradle.internal.dispatch.ContextClassLoaderDispatch.dispatch(ContextClassLoaderDispatch.java:33)
  at org.gradle.internal.dispatch.ProxyDispatchAdapter$DispatchingInvocationHandler.invoke(ProxyDispatchAdapter.java:88)
  at jdk.proxy1/jdk.proxy1.$Proxy4.processTestDefinition(Unknown Source)
  at org.gradle.api.internal.tasks.testing.worker.TestWorker$2.run(TestWorker.java:178)
  at org.gradle.api.internal.tasks.testing.worker.TestWorker.executeAndMaintainThreadName(TestWorker.java:126)
  at org.gradle.api.internal.tasks.testing.worker.TestWorker.execute(TestWorker.java:103)
  at org.gradle.api.internal.tasks.testing.worker.TestWorker.execute(TestWorker.java:63)
  at org.gradle.process.internal.worker.child.ActionExecutionWorker.execute(ActionExecutionWorker.java:56)
  at org.gradle.process.internal.worker.child.SystemApplicationClassLoaderWorker.call(SystemApplicationClassLoaderWorker.java:122)
  at org.gradle.process.internal.worker.child.SystemApplicationClassLoaderWorker.call(SystemApplicationClassLoaderWorker.java:72)
  at worker.org.gradle.process.internal.worker.GradleWorkerMain.run(GradleWorkerMain.java:69)
  at worker.org.gradle.process.internal.worker.GradleWorkerMain.main(GradleWorkerMain.java:74)
</stacktrace>
</test-failure>


TypeScriptCompilerTests_O[jvm] > objectCreationOfElementAccessExpression_ts has expected errors matching objectCreationOfElementAccessExpression_errors_txt[jvm] FAILED

<test-failure test="com.xemantic.typescript.compiler.TypeScriptCompilerTests_O.overloadOnConstNoStringImplementation2_ts has expected errors matching overloadOnConstNoStringImplementation2_errors_txt" platform="jvm">
<message>
Expected diagnostics from baseline typescript-repo/tests/baselines/reference/overloadOnConstNoStringImplementation2.errors.txt but none produced
</message>
<stacktrace>
  at com.xemantic.typescript.compiler.TypeScriptTestSupportKt.errorsMatchBaseline(TypeScriptTestSupport.kt:125)
  at com.xemantic.typescript.compiler.TypeScriptCompilerTests_O.overloadOnConstNoStringImplementation2_ts has expected errors matching overloadOnConstNoStringImplementation2_errors_txt(TypeScriptCompilerTests_O.kt:1673)
  at java.base/jdk.internal.reflect.DirectMethodHandleAccessor.invoke(DirectMethodHandleAccessor.java:104)
  at java.base/java.lang.reflect.Method.invoke(Method.java:565)
  at org.junit.runners.model.FrameworkMethod$1.runReflectiveCall(FrameworkMethod.java:59)
  at org.junit.internal.runners.model.ReflectiveCallable.run(ReflectiveCallable.java:12)
  at org.junit.runners.model.FrameworkMethod.invokeExplosively(FrameworkMethod.java:56)
  at org.junit.internal.runners.statements.InvokeMethod.evaluate(InvokeMethod.java:17)
  at org.junit.runners.ParentRunner$3.evaluate(ParentRunner.java:306)
  at org.junit.runners.BlockJUnit4ClassRunner$1.evaluate(BlockJUnit4ClassRunner.java:100)
  at org.junit.runners.ParentRunner.runLeaf(ParentRunner.java:366)
  at org.junit.runners.BlockJUnit4ClassRunner.runChild(BlockJUnit4ClassRunner.java:103)
  at org.junit.runners.BlockJUnit4ClassRunner.runChild(BlockJUnit4ClassRunner.java:63)
  at org.junit.runners.ParentRunner$4.run(ParentRunner.java:331)
  at org.junit.runners.ParentRunner$1.schedule(ParentRunner.java:79)
  at org.junit.runners.ParentRunner.runChildren(ParentRunner.java:329)
  at org.junit.runners.ParentRunner.access$100(ParentRunner.java:66)
  at org.junit.runners.ParentRunner$2.evaluate(ParentRunner.java:293)
  at org.junit.runners.ParentRunner$3.evaluate(ParentRunner.java:306)
  at org.junit.runners.ParentRunner.run(ParentRunner.java:413)
  at org.junit.runner.JUnitCore.run(JUnitCore.java:137)
  at org.junit.runner.JUnitCore.run(JUnitCore.java:115)
  at org.gradle.api.internal.tasks.testing.junit.JUnitTestExecutor.runRequest(JUnitTestExecutor.java:175)
  at org.gradle.api.internal.tasks.testing.junit.JUnitTestExecutor.accept(JUnitTestExecutor.java:84)
  at org.gradle.api.internal.tasks.testing.junit.JUnitTestExecutor.accept(JUnitTestExecutor.java:47)
  at org.gradle.api.internal.tasks.testing.junit.AbstractJUnitTestDefinitionProcessor.processTestDefinition(AbstractJUnitTestDefinitionProcessor.java:65)
  at org.gradle.api.internal.tasks.testing.SuiteTestDefinitionProcessor.processTestDefinition(SuiteTestDefinitionProcessor.java:54)
  at java.base/jdk.internal.reflect.DirectMethodHandleAccessor.invoke(DirectMethodHandleAccessor.java:104)
  at java.base/java.lang.reflect.Method.invoke(Method.java:565)
  at org.gradle.internal.dispatch.MethodInvocation.invokeOn(MethodInvocation.java:77)
  at org.gradle.internal.dispatch.ReflectionDispatch.dispatch(ReflectionDispatch.java:28)
  at org.gradle.internal.dispatch.ReflectionDispatch.dispatch(ReflectionDispatch.java:19)
  at org.gradle.internal.dispatch.ContextClassLoaderDispatch.dispatch(ContextClassLoaderDispatch.java:33)
  at org.gradle.internal.dispatch.ProxyDispatchAdapter$DispatchingInvocationHandler.invoke(ProxyDispatchAdapter.java:88)
  at jdk.proxy1/jdk.proxy1.$Proxy4.processTestDefinition(Unknown Source)
  at org.gradle.api.internal.tasks.testing.worker.TestWorker$2.run(TestWorker.java:178)
  at org.gradle.api.internal.tasks.testing.worker.TestWorker.executeAndMaintainThreadName(TestWorker.java:126)
  at org.gradle.api.internal.tasks.testing.worker.TestWorker.execute(TestWorker.java:103)
  at org.gradle.api.internal.tasks.testing.worker.TestWorker.execute(TestWorker.java:63)
  at org.gradle.process.internal.worker.child.ActionExecutionWorker.execute(ActionExecutionWorker.java:56)
  at org.gradle.process.internal.worker.child.SystemApplicationClassLoaderWorker.call(SystemApplicationClassLoaderWorker.java:122)
  at org.gradle.process.internal.worker.child.SystemApplicationClassLoaderWorker.call(SystemApplicationClassLoaderWorker.java:72)
  at worker.org.gradle.process.internal.worker.GradleWorkerMain.run(GradleWorkerMain.java:69)
  at worker.org.gradle.process.internal.worker.GradleWorkerMain.main(GradleWorkerMain.java:74)
</stacktrace>
</test-failure>


TypeScriptCompilerTests_O[jvm] > overloadOnConstNoStringImplementation2_ts has expected errors matching overloadOnConstNoStringImplementation2_errors_txt[jvm] FAILED

<test-failure test="com.xemantic.typescript.compiler.TypeScriptCompilerTests_O.objectLitIndexerContextualType_ts has expected errors matching objectLitIndexerContextualType_errors_txt" platform="jvm">
<message>
Expected diagnostics from baseline typescript-repo/tests/baselines/reference/objectLitIndexerContextualType.errors.txt but none produced
</message>
<stacktrace>
  at com.xemantic.typescript.compiler.TypeScriptTestSupportKt.errorsMatchBaseline(TypeScriptTestSupport.kt:125)
  at com.xemantic.typescript.compiler.TypeScriptCompilerTests_O.objectLitIndexerContextualType_ts has expected errors matching objectLitIndexerContextualType_errors_txt(TypeScriptCompilerTests_O.kt:196)
  at java.base/jdk.internal.reflect.DirectMethodHandleAccessor.invoke(DirectMethodHandleAccessor.java:104)
  at java.base/java.lang.reflect.Method.invoke(Method.java:565)
  at org.junit.runners.model.FrameworkMethod$1.runReflectiveCall(FrameworkMethod.java:59)
  at org.junit.internal.runners.model.ReflectiveCallable.run(ReflectiveCallable.java:12)
  at org.junit.runners.model.FrameworkMethod.invokeExplosively(FrameworkMethod.java:56)
  at org.junit.internal.runners.statements.InvokeMethod.evaluate(InvokeMethod.java:17)
  at org.junit.runners.ParentRunner$3.evaluate(ParentRunner.java:306)
  at org.junit.runners.BlockJUnit4ClassRunner$1.evaluate(BlockJUnit4ClassRunner.java:100)
  at org.junit.runners.ParentRunner.runLeaf(ParentRunner.java:366)
  at org.junit.runners.BlockJUnit4ClassRunner.runChild(BlockJUnit4ClassRunner.java:103)
  at org.junit.runners.BlockJUnit4ClassRunner.runChild(BlockJUnit4ClassRunner.java:63)
  at org.junit.runners.ParentRunner$4.run(ParentRunner.java:331)
  at org.junit.runners.ParentRunner$1.schedule(ParentRunner.java:79)
  at org.junit.runners.ParentRunner.runChildren(ParentRunner.java:329)
  at org.junit.runners.ParentRunner.access$100(ParentRunner.java:66)
  at org.junit.runners.ParentRunner$2.evaluate(ParentRunner.java:293)
  at org.junit.runners.ParentRunner$3.evaluate(ParentRunner.java:306)
  at org.junit.runners.ParentRunner.run(ParentRunner.java:413)
  at org.junit.runner.JUnitCore.run(JUnitCore.java:137)
  at org.junit.runner.JUnitCore.run(JUnitCore.java:115)
  at org.gradle.api.internal.tasks.testing.junit.JUnitTestExecutor.runRequest(JUnitTestExecutor.java:175)
  at org.gradle.api.internal.tasks.testing.junit.JUnitTestExecutor.accept(JUnitTestExecutor.java:84)
  at org.gradle.api.internal.tasks.testing.junit.JUnitTestExecutor.accept(JUnitTestExecutor.java:47)
  at org.gradle.api.internal.tasks.testing.junit.AbstractJUnitTestDefinitionProcessor.processTestDefinition(AbstractJUnitTestDefinitionProcessor.java:65)
  at org.gradle.api.internal.tasks.testing.SuiteTestDefinitionProcessor.processTestDefinition(SuiteTestDefinitionProcessor.java:54)
  at java.base/jdk.internal.reflect.DirectMethodHandleAccessor.invoke(DirectMethodHandleAccessor.java:104)
  at java.base/java.lang.reflect.Method.invoke(Method.java:565)
  at org.gradle.internal.dispatch.MethodInvocation.invokeOn(MethodInvocation.java:77)
  at org.gradle.internal.dispatch.ReflectionDispatch.dispatch(ReflectionDispatch.java:28)
  at org.gradle.internal.dispatch.ReflectionDispatch.dispatch(ReflectionDispatch.java:19)
  at org.gradle.internal.dispatch.ContextClassLoaderDispatch.dispatch(ContextClassLoaderDispatch.java:33)
  at org.gradle.internal.dispatch.ProxyDispatchAdapter$DispatchingInvocationHandler.invoke(ProxyDispatchAdapter.java:88)
  at jdk.proxy1/jdk.proxy1.$Proxy4.processTestDefinition(Unknown Source)
  at org.gradle.api.internal.tasks.testing.worker.TestWorker$2.run(TestWorker.java:178)
  at org.gradle.api.internal.tasks.testing.worker.TestWorker.executeAndMaintainThreadName(TestWorker.java:126)
  at org.gradle.api.internal.tasks.testing.worker.TestWorker.execute(TestWorker.java:103)
  at org.gradle.api.internal.tasks.testing.worker.TestWorker.execute(TestWorker.java:63)
  at org.gradle.process.internal.worker.child.ActionExecutionWorker.execute(ActionExecutionWorker.java:56)
  at org.gradle.process.internal.worker.child.SystemApplicationClassLoaderWorker.call(SystemApplicationClassLoaderWorker.java:122)
  at org.gradle.process.internal.worker.child.SystemApplicationClassLoaderWorker.call(SystemApplicationClassLoaderWorker.java:72)
  at worker.org.gradle.process.internal.worker.GradleWorkerMain.run(GradleWorkerMain.java:69)
  at worker.org.gradle.process.internal.worker.GradleWorkerMain.main(GradleWorkerMain.java:74)
</stacktrace>
</test-failure>


TypeScriptCompilerTests_O[jvm] > objectLitIndexerContextualType_ts has expected errors matching objectLitIndexerContextualType_errors_txt[jvm] FAILED

<test-failure test="com.xemantic.typescript.compiler.TypeScriptCompilerTests_O.objectTypeWithOptionalProperty1_ts has expected errors matching objectTypeWithOptionalProperty1_errors_txt" platform="jvm">
<message>
Expected diagnostics from baseline typescript-repo/tests/baselines/reference/objectTypeWithOptionalProperty1.errors.txt but none produced
</message>
<stacktrace>
  at com.xemantic.typescript.compiler.TypeScriptTestSupportKt.errorsMatchBaseline(TypeScriptTestSupport.kt:125)
  at com.xemantic.typescript.compiler.TypeScriptCompilerTests_O.objectTypeWithOptionalProperty1_ts has expected errors matching objectTypeWithOptionalProperty1_errors_txt(TypeScriptCompilerTests_O.kt:616)
  at java.base/jdk.internal.reflect.DirectMethodHandleAccessor.invoke(DirectMethodHandleAccessor.java:104)
  at java.base/java.lang.reflect.Method.invoke(Method.java:565)
  at org.junit.runners.model.FrameworkMethod$1.runReflectiveCall(FrameworkMethod.java:59)
  at org.junit.internal.runners.model.ReflectiveCallable.run(ReflectiveCallable.java:12)
  at org.junit.runners.model.FrameworkMethod.invokeExplosively(FrameworkMethod.java:56)
  at org.junit.internal.runners.statements.InvokeMethod.evaluate(InvokeMethod.java:17)
  at org.junit.runners.ParentRunner$3.evaluate(ParentRunner.java:306)
  at org.junit.runners.BlockJUnit4ClassRunner$1.evaluate(BlockJUnit4ClassRunner.java:100)
  at org.junit.runners.ParentRunner.runLeaf(ParentRunner.java:366)
  at org.junit.runners.BlockJUnit4ClassRunner.runChild(BlockJUnit4ClassRunner.java:103)
  at org.junit.runners.BlockJUnit4ClassRunner.runChild(BlockJUnit4ClassRunner.java:63)
  at org.junit.runners.ParentRunner$4.run(ParentRunner.java:331)
  at org.junit.runners.ParentRunner$1.schedule(ParentRunner.java:79)
  at org.junit.runners.ParentRunner.runChildren(ParentRunner.java:329)
  at org.junit.runners.ParentRunner.access$100(ParentRunner.java:66)
  at org.junit.runners.ParentRunner$2.evaluate(ParentRunner.java:293)
  at org.junit.runners.ParentRunner$3.evaluate(ParentRunner.java:306)
  at org.junit.runners.ParentRunner.run(ParentRunner.java:413)
  at org.junit.runner.JUnitCore.run(JUnitCore.java:137)
  at org.junit.runner.JUnitCore.run(JUnitCore.java:115)
  at org.gradle.api.internal.tasks.testing.junit.JUnitTestExecutor.runRequest(JUnitTestExecutor.java:175)
  at org.gradle.api.internal.tasks.testing.junit.JUnitTestExecutor.accept(JUnitTestExecutor.java:84)
  at org.gradle.api.internal.tasks.testing.junit.JUnitTestExecutor.accept(JUnitTestExecutor.java:47)
  at org.gradle.api.internal.tasks.testing.junit.AbstractJUnitTestDefinitionProcessor.processTestDefinition(AbstractJUnitTestDefinitionProcessor.java:65)
  at org.gradle.api.internal.tasks.testing.SuiteTestDefinitionProcessor.processTestDefinition(SuiteTestDefinitionProcessor.java:54)
  at java.base/jdk.internal.reflect.DirectMethodHandleAccessor.invoke(DirectMethodHandleAccessor.java:104)
  at java.base/java.lang.reflect.Method.invoke(Method.java:565)
  at org.gradle.internal.dispatch.MethodInvocation.invokeOn(MethodInvocation.java:77)
  at org.gradle.internal.dispatch.ReflectionDispatch.dispatch(ReflectionDispatch.java:28)
  at org.gradle.internal.dispatch.ReflectionDispatch.dispatch(ReflectionDispatch.java:19)
  at org.gradle.internal.dispatch.ContextClassLoaderDispatch.dispatch(ContextClassLoaderDispatch.java:33)
  at org.gradle.internal.dispatch.ProxyDispatchAdapter$DispatchingInvocationHandler.invoke(ProxyDispatchAdapter.java:88)
  at jdk.proxy1/jdk.proxy1.$Proxy4.processTestDefinition(Unknown Source)
  at org.gradle.api.internal.tasks.testing.worker.TestWorker$2.run(TestWorker.java:178)
  at org.gradle.api.internal.tasks.testing.worker.TestWorker.executeAndMaintainThreadName(TestWorker.java:126)
  at org.gradle.api.internal.tasks.testing.worker.TestWorker.execute(TestWorker.java:103)
  at org.gradle.api.internal.tasks.testing.worker.TestWorker.execute(TestWorker.java:63)
  at org.gradle.process.internal.worker.child.ActionExecutionWorker.execute(ActionExecutionWorker.java:56)
  at org.gradle.process.internal.worker.child.SystemApplicationClassLoaderWorker.call(SystemApplicationClassLoaderWorker.java:122)
  at org.gradle.process.internal.worker.child.SystemApplicationClassLoaderWorker.call(SystemApplicationClassLoaderWorker.java:72)
  at worker.org.gradle.process.internal.worker.GradleWorkerMain.run(GradleWorkerMain.java:69)
  at worker.org.gradle.process.internal.worker.GradleWorkerMain.main(GradleWorkerMain.java:74)
</stacktrace>
</test-failure>


TypeScriptCompilerTests_O[jvm] > objectTypeWithOptionalProperty1_ts has expected errors matching objectTypeWithOptionalProperty1_errors_txt[jvm] FAILED

<test-failure test="com.xemantic.typescript.compiler.TypeScriptCompilerTests_O.objectLiteralThisWidenedOnUse_ts has expected errors matching objectLiteralThisWidenedOnUse_errors_txt" platform="jvm">
<message>
Expected diagnostics from baseline typescript-repo/tests/baselines/reference/objectLiteralThisWidenedOnUse.errors.txt but none produced
</message>
<stacktrace>
  at com.xemantic.typescript.compiler.TypeScriptTestSupportKt.errorsMatchBaseline(TypeScriptTestSupport.kt:125)
  at com.xemantic.typescript.compiler.TypeScriptCompilerTests_O.objectLiteralThisWidenedOnUse_ts has expected errors matching objectLiteralThisWidenedOnUse_errors_txt(TypeScriptCompilerTests_O.kt:469)
  at java.base/jdk.internal.reflect.DirectMethodHandleAccessor.invoke(DirectMethodHandleAccessor.java:104)
  at java.base/java.lang.reflect.Method.invoke(Method.java:565)
  at org.junit.runners.model.FrameworkMethod$1.runReflectiveCall(FrameworkMethod.java:59)
  at org.junit.internal.runners.model.ReflectiveCallable.run(ReflectiveCallable.java:12)
  at org.junit.runners.model.FrameworkMethod.invokeExplosively(FrameworkMethod.java:56)
  at org.junit.internal.runners.statements.InvokeMethod.evaluate(InvokeMethod.java:17)
  at org.junit.runners.ParentRunner$3.evaluate(ParentRunner.java:306)
  at org.junit.runners.BlockJUnit4ClassRunner$1.evaluate(BlockJUnit4ClassRunner.java:100)
  at org.junit.runners.ParentRunner.runLeaf(ParentRunner.java:366)
  at org.junit.runners.BlockJUnit4ClassRunner.runChild(BlockJUnit4ClassRunner.java:103)
  at org.junit.runners.BlockJUnit4ClassRunner.runChild(BlockJUnit4ClassRunner.java:63)
  at org.junit.runners.ParentRunner$4.run(ParentRunner.java:331)
  at org.junit.runners.ParentRunner$1.schedule(ParentRunner.java:79)
  at org.junit.runners.ParentRunner.runChildren(ParentRunner.java:329)
  at org.junit.runners.ParentRunner.access$100(ParentRunner.java:66)
  at org.junit.runners.ParentRunner$2.evaluate(ParentRunner.java:293)
  at org.junit.runners.ParentRunner$3.evaluate(ParentRunner.java:306)
  at org.junit.runners.ParentRunner.run(ParentRunner.java:413)
  at org.junit.runner.JUnitCore.run(JUnitCore.java:137)
  at org.junit.runner.JUnitCore.run(JUnitCore.java:115)
  at org.gradle.api.internal.tasks.testing.junit.JUnitTestExecutor.runRequest(JUnitTestExecutor.java:175)
  at org.gradle.api.internal.tasks.testing.junit.JUnitTestExecutor.accept(JUnitTestExecutor.java:84)
  at org.gradle.api.internal.tasks.testing.junit.JUnitTestExecutor.accept(JUnitTestExecutor.java:47)
  at org.gradle.api.internal.tasks.testing.junit.AbstractJUnitTestDefinitionProcessor.processTestDefinition(AbstractJUnitTestDefinitionProcessor.java:65)
  at org.gradle.api.internal.tasks.testing.SuiteTestDefinitionProcessor.processTestDefinition(SuiteTestDefinitionProcessor.java:54)
  at java.base/jdk.internal.reflect.DirectMethodHandleAccessor.invoke(DirectMethodHandleAccessor.java:104)
  at java.base/java.lang.reflect.Method.invoke(Method.java:565)
  at org.gradle.internal.dispatch.MethodInvocation.invokeOn(MethodInvocation.java:77)
  at org.gradle.internal.dispatch.ReflectionDispatch.dispatch(ReflectionDispatch.java:28)
  at org.gradle.internal.dispatch.ReflectionDispatch.dispatch(ReflectionDispatch.java:19)
  at org.gradle.internal.dispatch.ContextClassLoaderDispatch.dispatch(ContextClassLoaderDispatch.java:33)
  at org.gradle.internal.dispatch.ProxyDispatchAdapter$DispatchingInvocationHandler.invoke(ProxyDispatchAdapter.java:88)
  at jdk.proxy1/jdk.proxy1.$Proxy4.processTestDefinition(Unknown Source)
  at org.gradle.api.internal.tasks.testing.worker.TestWorker$2.run(TestWorker.java:178)
  at org.gradle.api.internal.tasks.testing.worker.TestWorker.executeAndMaintainThreadName(TestWorker.java:126)
  at org.gradle.api.internal.tasks.testing.worker.TestWorker.execute(TestWorker.java:103)
  at org.gradle.api.internal.tasks.testing.worker.TestWorker.execute(TestWorker.java:63)
  at org.gradle.process.internal.worker.child.ActionExecutionWorker.execute(ActionExecutionWorker.java:56)
  at org.gradle.process.internal.worker.child.SystemApplicationClassLoaderWorker.call(SystemApplicationClassLoaderWorker.java:122)
  at org.gradle.process.internal.worker.child.SystemApplicationClassLoaderWorker.call(SystemApplicationClassLoaderWorker.java:72)
  at worker.org.gradle.process.internal.worker.GradleWorkerMain.run(GradleWorkerMain.java:69)
  at worker.org.gradle.process.internal.worker.GradleWorkerMain.main(GradleWorkerMain.java:74)
</stacktrace>
</test-failure>


TypeScriptCompilerTests_O[jvm] > objectLiteralThisWidenedOnUse_ts has expected errors matching objectLiteralThisWidenedOnUse_errors_txt[jvm] FAILED

<test-failure test="com.xemantic.typescript.compiler.TypeScriptCompilerTests_O.objectLiteralMemberWithModifiers1_ts has expected errors matching objectLiteralMemberWithModifiers1_errors_txt" platform="jvm">
<message>
Expected diagnostics from baseline typescript-repo/tests/baselines/reference/objectLiteralMemberWithModifiers1.errors.txt but none produced
</message>
<stacktrace>
  at com.xemantic.typescript.compiler.TypeScriptTestSupportKt.errorsMatchBaseline(TypeScriptTestSupport.kt:125)
  at com.xemantic.typescript.compiler.TypeScriptCompilerTests_O.objectLiteralMemberWithModifiers1_ts has expected errors matching objectLiteralMemberWithModifiers1_errors_txt(TypeScriptCompilerTests_O.kt:378)
  at java.base/jdk.internal.reflect.DirectMethodHandleAccessor.invoke(DirectMethodHandleAccessor.java:104)
  at java.base/java.lang.reflect.Method.invoke(Method.java:565)
  at org.junit.runners.model.FrameworkMethod$1.runReflectiveCall(FrameworkMethod.java:59)
  at org.junit.internal.runners.model.ReflectiveCallable.run(ReflectiveCallable.java:12)
  at org.junit.runners.model.FrameworkMethod.invokeExplosively(FrameworkMethod.java:56)
  at org.junit.internal.runners.statements.InvokeMethod.evaluate(InvokeMethod.java:17)
  at org.junit.runners.ParentRunner$3.evaluate(ParentRunner.java:306)
  at org.junit.runners.BlockJUnit4ClassRunner$1.evaluate(BlockJUnit4ClassRunner.java:100)
  at org.junit.runners.ParentRunner.runLeaf(ParentRunner.java:366)
  at org.junit.runners.BlockJUnit4ClassRunner.runChild(BlockJUnit4ClassRunner.java:103)
  at org.junit.runners.BlockJUnit4ClassRunner.runChild(BlockJUnit4ClassRunner.java:63)
  at org.junit.runners.ParentRunner$4.run(ParentRunner.java:331)
  at org.junit.runners.ParentRunner$1.schedule(ParentRunner.java:79)
  at org.junit.runners.ParentRunner.runChildren(ParentRunner.java:329)
  at org.junit.runners.ParentRunner.access$100(ParentRunner.java:66)
  at org.junit.runners.ParentRunner$2.evaluate(ParentRunner.java:293)
  at org.junit.runners.ParentRunner$3.evaluate(ParentRunner.java:306)
  at org.junit.runners.ParentRunner.run(ParentRunner.java:413)
  at org.junit.runner.JUnitCore.run(JUnitCore.java:137)
  at org.junit.runner.JUnitCore.run(JUnitCore.java:115)
  at org.gradle.api.internal.tasks.testing.junit.JUnitTestExecutor.runRequest(JUnitTestExecutor.java:175)
  at org.gradle.api.internal.tasks.testing.junit.JUnitTestExecutor.accept(JUnitTestExecutor.java:84)
  at org.gradle.api.internal.tasks.testing.junit.JUnitTestExecutor.accept(JUnitTestExecutor.java:47)
  at org.gradle.api.internal.tasks.testing.junit.AbstractJUnitTestDefinitionProcessor.processTestDefinition(AbstractJUnitTestDefinitionProcessor.java:65)
  at org.gradle.api.internal.tasks.testing.SuiteTestDefinitionProcessor.processTestDefinition(SuiteTestDefinitionProcessor.java:54)
  at java.base/jdk.internal.reflect.DirectMethodHandleAccessor.invoke(DirectMethodHandleAccessor.java:104)
  at java.base/java.lang.reflect.Method.invoke(Method.java:565)
  at org.gradle.internal.dispatch.MethodInvocation.invokeOn(MethodInvocation.java:77)
  at org.gradle.internal.dispatch.ReflectionDispatch.dispatch(ReflectionDispatch.java:28)
  at org.gradle.internal.dispatch.ReflectionDispatch.dispatch(ReflectionDispatch.java:19)
  at org.gradle.internal.dispatch.ContextClassLoaderDispatch.dispatch(ContextClassLoaderDispatch.java:33)
  at org.gradle.internal.dispatch.ProxyDispatchAdapter$DispatchingInvocationHandler.invoke(ProxyDispatchAdapter.java:88)
  at jdk.proxy1/jdk.proxy1.$Proxy4.processTestDefinition(Unknown Source)
  at org.gradle.api.internal.tasks.testing.worker.TestWorker$2.run(TestWorker.java:178)
  at org.gradle.api.internal.tasks.testing.worker.TestWorker.executeAndMaintainThreadName(TestWorker.java:126)
  at org.gradle.api.internal.tasks.testing.worker.TestWorker.execute(TestWorker.java:103)
  at org.gradle.api.internal.tasks.testing.worker.TestWorker.execute(TestWorker.java:63)
  at org.gradle.process.internal.worker.child.ActionExecutionWorker.execute(ActionExecutionWorker.java:56)
  at org.gradle.process.internal.worker.child.SystemApplicationClassLoaderWorker.call(SystemApplicationClassLoaderWorker.java:122)
  at org.gradle.process.internal.worker.child.SystemApplicationClassLoaderWorker.call(SystemApplicationClassLoaderWorker.java:72)
  at worker.org.gradle.process.internal.worker.GradleWorkerMain.run(GradleWorkerMain.java:69)
  at worker.org.gradle.process.internal.worker.GradleWorkerMain.main(GradleWorkerMain.java:74)
</stacktrace>
</test-failure>


TypeScriptCompilerTests_O[jvm] > objectLiteralMemberWithModifiers1_ts has expected errors matching objectLiteralMemberWithModifiers1_errors_txt[jvm] FAILED

<test-failure test="com.xemantic.typescript.compiler.TypeScriptCompilerTests_O.overEagerReturnTypeSpecialization_ts has expected errors matching overEagerReturnTypeSpecialization_errors_txt" platform="jvm">
<message>
Expected diagnostics from baseline typescript-repo/tests/baselines/reference/overEagerReturnTypeSpecialization.errors.txt but none produced
</message>
<stacktrace>
  at com.xemantic.typescript.compiler.TypeScriptTestSupportKt.errorsMatchBaseline(TypeScriptTestSupport.kt:125)
  at com.xemantic.typescript.compiler.TypeScriptCompilerTests_O.overEagerReturnTypeSpecialization_ts has expected errors matching overEagerReturnTypeSpecialization_errors_txt(TypeScriptCompilerTests_O.kt:1344)
  at java.base/jdk.internal.reflect.DirectMethodHandleAccessor.invoke(DirectMethodHandleAccessor.java:104)
  at java.base/java.lang.reflect.Method.invoke(Method.java:565)
  at org.junit.runners.model.FrameworkMethod$1.runReflectiveCall(FrameworkMethod.java:59)
  at org.junit.internal.runners.model.ReflectiveCallable.run(ReflectiveCallable.java:12)
  at org.junit.runners.model.FrameworkMethod.invokeExplosively(FrameworkMethod.java:56)
  at org.junit.internal.runners.statements.InvokeMethod.evaluate(InvokeMethod.java:17)
  at org.junit.runners.ParentRunner$3.evaluate(ParentRunner.java:306)
  at org.junit.runners.BlockJUnit4ClassRunner$1.evaluate(BlockJUnit4ClassRunner.java:100)
  at org.junit.runners.ParentRunner.runLeaf(ParentRunner.java:366)
  at org.junit.runners.BlockJUnit4ClassRunner.runChild(BlockJUnit4ClassRunner.java:103)
  at org.junit.runners.BlockJUnit4ClassRunner.runChild(BlockJUnit4ClassRunner.java:63)
  at org.junit.runners.ParentRunner$4.run(ParentRunner.java:331)
  at org.junit.runners.ParentRunner$1.schedule(ParentRunner.java:79)
  at org.junit.runners.ParentRunner.runChildren(ParentRunner.java:329)
  at org.junit.runners.ParentRunner.access$100(ParentRunner.java:66)
  at org.junit.runners.ParentRunner$2.evaluate(ParentRunner.java:293)
  at org.junit.runners.ParentRunner$3.evaluate(ParentRunner.java:306)
  at org.junit.runners.ParentRunner.run(ParentRunner.java:413)
  at org.junit.runner.JUnitCore.run(JUnitCore.java:137)
  at org.junit.runner.JUnitCore.run(JUnitCore.java:115)
  at org.gradle.api.internal.tasks.testing.junit.JUnitTestExecutor.runRequest(JUnitTestExecutor.java:175)
  at org.gradle.api.internal.tasks.testing.junit.JUnitTestExecutor.accept(JUnitTestExecutor.java:84)
  at org.gradle.api.internal.tasks.testing.junit.JUnitTestExecutor.accept(JUnitTestExecutor.java:47)
  at org.gradle.api.internal.tasks.testing.junit.AbstractJUnitTestDefinitionProcessor.processTestDefinition(AbstractJUnitTestDefinitionProcessor.java:65)
  at org.gradle.api.internal.tasks.testing.SuiteTestDefinitionProcessor.processTestDefinition(SuiteTestDefinitionProcessor.java:54)
  at java.base/jdk.internal.reflect.DirectMethodHandleAccessor.invoke(DirectMethodHandleAccessor.java:104)
  at java.base/java.lang.reflect.Method.invoke(Method.java:565)
  at org.gradle.internal.dispatch.MethodInvocation.invokeOn(MethodInvocation.java:77)
  at org.gradle.internal.dispatch.ReflectionDispatch.dispatch(ReflectionDispatch.java:28)
  at org.gradle.internal.dispatch.ReflectionDispatch.dispatch(ReflectionDispatch.java:19)
  at org.gradle.internal.dispatch.ContextClassLoaderDispatch.dispatch(ContextClassLoaderDispatch.java:33)
  at org.gradle.internal.dispatch.ProxyDispatchAdapter$DispatchingInvocationHandler.invoke(ProxyDispatchAdapter.java:88)
  at jdk.proxy1/jdk.proxy1.$Proxy4.processTestDefinition(Unknown Source)
  at org.gradle.api.internal.tasks.testing.worker.TestWorker$2.run(TestWorker.java:178)
  at org.gradle.api.internal.tasks.testing.worker.TestWorker.executeAndMaintainThreadName(TestWorker.java:126)
  at org.gradle.api.internal.tasks.testing.worker.TestWorker.execute(TestWorker.java:103)
  at org.gradle.api.internal.tasks.testing.worker.TestWorker.execute(TestWorker.java:63)
  at org.gradle.process.internal.worker.child.ActionExecutionWorker.execute(ActionExecutionWorker.java:56)
  at org.gradle.process.internal.worker.child.SystemApplicationClassLoaderWorker.call(SystemApplicationClassLoaderWorker.java:122)
  at org.gradle.process.internal.worker.child.SystemApplicationClassLoaderWorker.call(SystemApplicationClassLoaderWorker.java:72)
  at worker.org.gradle.process.internal.worker.GradleWorkerMain.run(GradleWorkerMain.java:69)
  at worker.org.gradle.process.internal.worker.GradleWorkerMain.main(GradleWorkerMain.java:74)
</stacktrace>
</test-failure>


TypeScriptCompilerTests_O[jvm] > overEagerReturnTypeSpecialization_ts has expected errors matching overEagerReturnTypeSpecialization_errors_txt[jvm] FAILED

<test-failure test="com.xemantic.typescript.compiler.TypeScriptCompilerTests_O.objectGroupBy_ts has expected errors matching objectGroupBy_errors_txt" platform="jvm">
<message>
Expected diagnostics from baseline typescript-repo/tests/baselines/reference/objectGroupBy.errors.txt but none produced
</message>
<stacktrace>
  at com.xemantic.typescript.compiler.TypeScriptTestSupportKt.errorsMatchBaseline(TypeScriptTestSupport.kt:125)
  at com.xemantic.typescript.compiler.TypeScriptCompilerTests_O.objectGroupBy_ts has expected errors matching objectGroupBy_errors_txt(TypeScriptCompilerTests_O.kt:140)
  at java.base/jdk.internal.reflect.DirectMethodHandleAccessor.invoke(DirectMethodHandleAccessor.java:104)
  at java.base/java.lang.reflect.Method.invoke(Method.java:565)
  at org.junit.runners.model.FrameworkMethod$1.runReflectiveCall(FrameworkMethod.java:59)
  at org.junit.internal.runners.model.ReflectiveCallable.run(ReflectiveCallable.java:12)
  at org.junit.runners.model.FrameworkMethod.invokeExplosively(FrameworkMethod.java:56)
  at org.junit.internal.runners.statements.InvokeMethod.evaluate(InvokeMethod.java:17)
  at org.junit.runners.ParentRunner$3.evaluate(ParentRunner.java:306)
  at org.junit.runners.BlockJUnit4ClassRunner$1.evaluate(BlockJUnit4ClassRunner.java:100)
  at org.junit.runners.ParentRunner.runLeaf(ParentRunner.java:366)
  at org.junit.runners.BlockJUnit4ClassRunner.runChild(BlockJUnit4ClassRunner.java:103)
  at org.junit.runners.BlockJUnit4ClassRunner.runChild(BlockJUnit4ClassRunner.java:63)
  at org.junit.runners.ParentRunner$4.run(ParentRunner.java:331)
  at org.junit.runners.ParentRunner$1.schedule(ParentRunner.java:79)
  at org.junit.runners.ParentRunner.runChildren(ParentRunner.java:329)
  at org.junit.runners.ParentRunner.access$100(ParentRunner.java:66)
  at org.junit.runners.ParentRunner$2.evaluate(ParentRunner.java:293)
  at org.junit.runners.ParentRunner$3.evaluate(ParentRunner.java:306)
  at org.junit.runners.ParentRunner.run(ParentRunner.java:413)
  at org.junit.runner.JUnitCore.run(JUnitCore.java:137)
  at org.junit.runner.JUnitCore.run(JUnitCore.java:115)
  at org.gradle.api.internal.tasks.testing.junit.JUnitTestExecutor.runRequest(JUnitTestExecutor.java:175)
  at org.gradle.api.internal.tasks.testing.junit.JUnitTestExecutor.accept(JUnitTestExecutor.java:84)
  at org.gradle.api.internal.tasks.testing.junit.JUnitTestExecutor.accept(JUnitTestExecutor.java:47)
  at org.gradle.api.internal.tasks.testing.junit.AbstractJUnitTestDefinitionProcessor.processTestDefinition(AbstractJUnitTestDefinitionProcessor.java:65)
  at org.gradle.api.internal.tasks.testing.SuiteTestDefinitionProcessor.processTestDefinition(SuiteTestDefinitionProcessor.java:54)
  at java.base/jdk.internal.reflect.DirectMethodHandleAccessor.invoke(DirectMethodHandleAccessor.java:104)
  at java.base/java.lang.reflect.Method.invoke(Method.java:565)
  at org.gradle.internal.dispatch.MethodInvocation.invokeOn(MethodInvocation.java:77)
  at org.gradle.internal.dispatch.ReflectionDispatch.dispatch(ReflectionDispatch.java:28)
  at org.gradle.internal.dispatch.ReflectionDispatch.dispatch(ReflectionDispatch.java:19)
  at org.gradle.internal.dispatch.ContextClassLoaderDispatch.dispatch(ContextClassLoaderDispatch.java:33)
  at org.gradle.internal.dispatch.ProxyDispatchAdapter$DispatchingInvocationHandler.invoke(ProxyDispatchAdapter.java:88)
  at jdk.proxy1/jdk.proxy1.$Proxy4.processTestDefinition(Unknown Source)
  at org.gradle.api.internal.tasks.testing.worker.TestWorker$2.run(TestWorker.java:178)
  at org.gradle.api.internal.tasks.testing.worker.TestWorker.executeAndMaintainThreadName(TestWorker.java:126)
  at org.gradle.api.internal.tasks.testing.worker.TestWorker.execute(TestWorker.java:103)
  at org.gradle.api.internal.tasks.testing.worker.TestWorker.execute(TestWorker.java:63)
  at org.gradle.process.internal.worker.child.ActionExecutionWorker.execute(ActionExecutionWorker.java:56)
  at org.gradle.process.internal.worker.child.SystemApplicationClassLoaderWorker.call(SystemApplicationClassLoaderWorker.java:122)
  at org.gradle.process.internal.worker.child.SystemApplicationClassLoaderWorker.call(SystemApplicationClassLoaderWorker.java:72)
  at worker.org.gradle.process.internal.worker.GradleWorkerMain.run(GradleWorkerMain.java:69)
  at worker.org.gradle.process.internal.worker.GradleWorkerMain.main(GradleWorkerMain.java:74)
</stacktrace>
</test-failure>


TypeScriptCompilerTests_O[jvm] > objectGroupBy_ts has expected errors matching objectGroupBy_errors_txt[jvm] FAILED

<test-failure test="com.xemantic.typescript.compiler.TypeScriptCompilerTests_O.overloadingStaticFunctionsInFunctions_ts compiles to JavaScript matching overloadingStaticFunctionsInFunctions_js" platform="jvm">
<message>
--- expected
+++ actual
@@ -9,9 +9,10 @@
 
 //// [overloadingStaticFunctionsInFunctions.js]
 "use strict";
-function boo() {
-    test();
-    test(name, string);
-    test(name ?  : any);
-    { }
-}
+test();
+static;
+test(name);
+string;
+static;
+test(name ?  : any);
+{ }

</message>
<stacktrace>
  at org.junit.Assert.fail(Assert.java:89)
  at kotlin.test.junit.JUnitAsserter.fail(JUnitSupport.kt:56)
  at kotlin.test.AssertionsKt__AssertionsKt.fail(Assertions.kt:563)
  at kotlin.test.AssertionsKt.fail(Unknown Source)
  at com.xemantic.kotlin.test.SameAsKt.sameAs(SameAs.kt:52)
  at com.xemantic.typescript.compiler.TypeScriptTestSupportKt.sameAs(TypeScriptTestSupport.kt:99)
  at com.xemantic.typescript.compiler.TypeScriptCompilerTests_O.overloadingStaticFunctionsInFunctions_ts compiles to JavaScript matching overloadingStaticFunctionsInFunctions_js(TypeScriptCompilerTests_O.kt:1848)
  at java.base/jdk.internal.reflect.DirectMethodHandleAccessor.invoke(DirectMethodHandleAccessor.java:104)
  at java.base/java.lang.reflect.Method.invoke(Method.java:565)
  at org.junit.runners.model.FrameworkMethod$1.runReflectiveCall(FrameworkMethod.java:59)
  at org.junit.internal.runners.model.ReflectiveCallable.run(ReflectiveCallable.java:12)
  at org.junit.runners.model.FrameworkMethod.invokeExplosively(FrameworkMethod.java:56)
  at org.junit.internal.runners.statements.InvokeMethod.evaluate(InvokeMethod.java:17)
  at org.junit.runners.ParentRunner$3.evaluate(ParentRunner.java:306)
  at org.junit.runners.BlockJUnit4ClassRunner$1.evaluate(BlockJUnit4ClassRunner.java:100)
  at org.junit.runners.ParentRunner.runLeaf(ParentRunner.java:366)
  at org.junit.runners.BlockJUnit4ClassRunner.runChild(BlockJUnit4ClassRunner.java:103)
  at org.junit.runners.BlockJUnit4ClassRunner.runChild(BlockJUnit4ClassRunner.java:63)
  at org.junit.runners.ParentRunner$4.run(ParentRunner.java:331)
  at org.junit.runners.ParentRunner$1.schedule(ParentRunner.java:79)
  at org.junit.runners.ParentRunner.runChildren(ParentRunner.java:329)
  at org.junit.runners.ParentRunner.access$100(ParentRunner.java:66)
  at org.junit.runners.ParentRunner$2.evaluate(ParentRunner.java:293)
  at org.junit.runners.ParentRunner$3.evaluate(ParentRunner.java:306)
  at org.junit.runners.ParentRunner.run(ParentRunner.java:413)
  at org.junit.runner.JUnitCore.run(JUnitCore.java:137)
  at org.junit.runner.JUnitCore.run(JUnitCore.java:115)
  at org.gradle.api.internal.tasks.testing.junit.JUnitTestExecutor.runRequest(JUnitTestExecutor.java:175)
  at org.gradle.api.internal.tasks.testing.junit.JUnitTestExecutor.accept(JUnitTestExecutor.java:84)
  at org.gradle.api.internal.tasks.testing.junit.JUnitTestExecutor.accept(JUnitTestExecutor.java:47)
  at org.gradle.api.internal.tasks.testing.junit.AbstractJUnitTestDefinitionProcessor.processTestDefinition(AbstractJUnitTestDefinitionProcessor.java:65)
  at org.gradle.api.internal.tasks.testing.SuiteTestDefinitionProcessor.processTestDefinition(SuiteTestDefinitionProcessor.java:54)
  at java.base/jdk.internal.reflect.DirectMethodHandleAccessor.invoke(DirectMethodHandleAccessor.java:104)
  at java.base/java.lang.reflect.Method.invoke(Method.java:565)
  at org.gradle.internal.dispatch.MethodInvocation.invokeOn(MethodInvocation.java:77)
  at org.gradle.internal.dispatch.ReflectionDispatch.dispatch(ReflectionDispatch.java:28)
  at org.gradle.internal.dispatch.ReflectionDispatch.dispatch(ReflectionDispatch.java:19)
  at org.gradle.internal.dispatch.ContextClassLoaderDispatch.dispatch(ContextClassLoaderDispatch.java:33)
  at org.gradle.internal.dispatch.ProxyDispatchAdapter$DispatchingInvocationHandler.invoke(ProxyDispatchAdapter.java:88)
  at jdk.proxy1/jdk.proxy1.$Proxy4.processTestDefinition(Unknown Source)
  at org.gradle.api.internal.tasks.testing.worker.TestWorker$2.run(TestWorker.java:178)
  at org.gradle.api.internal.tasks.testing.worker.TestWorker.executeAndMaintainThreadName(TestWorker.java:126)
  at org.gradle.api.internal.tasks.testing.worker.TestWorker.execute(TestWorker.java:103)
  at org.gradle.api.internal.tasks.testing.worker.TestWorker.execute(TestWorker.java:63)
  at org.gradle.process.internal.worker.child.ActionExecutionWorker.execute(ActionExecutionWorker.java:56)
  at org.gradle.process.internal.worker.child.SystemApplicationClassLoaderWorker.call(SystemApplicationClassLoaderWorker.java:122)
  at org.gradle.process.internal.worker.child.SystemApplicationClassLoaderWorker.call(SystemApplicationClassLoaderWorker.java:72)
  at worker.org.gradle.process.internal.worker.GradleWorkerMain.run(GradleWorkerMain.java:69)
  at worker.org.gradle.process.internal.worker.GradleWorkerMain.main(GradleWorkerMain.java:74)
</stacktrace>
</test-failure>


TypeScriptCompilerTests_O[jvm] > overloadingStaticFunctionsInFunctions_ts compiles to JavaScript matching overloadingStaticFunctionsInFunctions_js[jvm] FAILED

<test-failure test="com.xemantic.typescript.compiler.TypeScriptCompilerTests_O.overloadsWithProvisionalErrors_ts has expected errors matching overloadsWithProvisionalErrors_errors_txt" platform="jvm">
<message>
--- expected
+++ actual
@@ -1,42 +1,17 @@
-overloadsWithProvisionalErrors.ts(6,1): error TS2769: No overload matches this call.
-  Overload 1 of 2, '(s: string): number', gave the following error.
-    Argument of type '(s: string) => {}' is not assignable to parameter of type 'string'.
-  Overload 2 of 2, '(lambda: (s: string) => { a: number; b: number; }): string', gave the following error.
-    Type '{}' is missing the following properties from type '{ a: number; b: number; }': a, b
 overloadsWithProvisionalErrors.ts(7,17): error TS2304: Cannot find name 'blah'.
-overloadsWithProvisionalErrors.ts(8,1): error TS2769: No overload matches this call.
-  Overload 1 of 2, '(s: string): number', gave the following error.
-    Argument of type '(s: string) => { a: any; }' is not assignable to parameter of type 'string'.
-  Overload 2 of 2, '(lambda: (s: string) => { a: number; b: number; }): string', gave the following error.
-    Property 'b' is missing in type '{ a: any; }' but required in type '{ a: number; b: number; }'.
 overloadsWithProvisionalErrors.ts(8,17): error TS2304: Cannot find name 'blah'.
 
 
-==== overloadsWithProvisionalErrors.ts (4 errors) ====
+==== overloadsWithProvisionalErrors.ts (2 errors) ====
     declare var func: {
         (s: string): number;
         (lambda: (s: string) => { a: number; b: number }): string;
     };
     
     func(s => ({})); // Error for no applicable overload (object type is missing a and b)
-    ~~~~
-!!! error TS2769: No overload matches this call.
-!!! error TS2769:   Overload 1 of 2, '(s: string): number', gave the following error.
-!!! error TS2769:     Argument of type '(s: string) => {}' is not assignable to parameter of type 'string'.
-!!! error TS2769:   Overload 2 of 2, '(lambda: (s: string) => { a: number; b: number; }): string', gave the following error.
-!!! error TS2769:     Type '{}' is missing the following properties from type '{ a: number; b: number; }': a, b
-!!! related TS6502 overloadsWithProvisionalErrors.ts:3:14: The expected type comes from the return type of this signature.
     func(s => ({ a: blah, b: 3 })); // Only error inside the function, but not outside (since it would be applicable if not for the provisional error)
                     ~~~~
 !!! error TS2304: Cannot find name 'blah'.
     func(s => ({ a: blah })); // Two errors here, one for blah not being defined, and one for the overload since it would not be applicable anyway
-    ~~~~
-!!! error TS2769: No overload matches this call.
-!!! error TS2769:   Overload 1 of 2, '(s: string): number', gave the following error.
-!!! error TS2769:     Argument of type '(s: string) => { a: any; }' is not assignable to parameter of type 'string'.
-!!! error TS2769:   Overload 2 of 2, '(lambda: (s: string) => { a: number; b: number; }): string', gave the following error.
-!!! error TS2769:     Property 'b' is missing in type '{ a: any; }' but required in type '{ a: number; b: number; }'.
-!!! related TS2728 overloadsWithProvisionalErrors.ts:3:42: 'b' is declared here.
-!!! related TS6502 overloadsWithProvisionalErrors.ts:3:14: The expected type comes from the return type of this signature.
                     ~~~~
 !!! error TS2304: Cannot find name 'blah'.

</message>
<stacktrace>
  at org.junit.Assert.fail(Assert.java:89)
  at kotlin.test.junit.JUnitAsserter.fail(JUnitSupport.kt:56)
  at kotlin.test.AssertionsKt__AssertionsKt.fail(Assertions.kt:563)
  at kotlin.test.AssertionsKt.fail(Unknown Source)
  at com.xemantic.kotlin.test.SameAsKt.sameAs(SameAs.kt:52)
  at com.xemantic.typescript.compiler.TypeScriptTestSupportKt.errorsMatchBaseline(TypeScriptTestSupport.kt:135)
  at com.xemantic.typescript.compiler.TypeScriptCompilerTests_O.overloadsWithProvisionalErrors_ts has expected errors matching overloadsWithProvisionalErrors_errors_txt(TypeScriptCompilerTests_O.kt:1939)
  at java.base/jdk.internal.reflect.DirectMethodHandleAccessor.invoke(DirectMethodHandleAccessor.java:104)
  at java.base/java.lang.reflect.Method.invoke(Method.java:565)
  at org.junit.runners.model.FrameworkMethod$1.runReflectiveCall(FrameworkMethod.java:59)
  at org.junit.internal.runners.model.ReflectiveCallable.run(ReflectiveCallable.java:12)
  at org.junit.runners.model.FrameworkMethod.invokeExplosively(FrameworkMethod.java:56)
  at org.junit.internal.runners.statements.InvokeMethod.evaluate(InvokeMethod.java:17)
  at org.junit.runners.ParentRunner$3.evaluate(ParentRunner.java:306)
  at org.junit.runners.BlockJUnit4ClassRunner$1.evaluate(BlockJUnit4ClassRunner.java:100)
  at org.junit.runners.ParentRunner.runLeaf(ParentRunner.java:366)
  at org.junit.runners.BlockJUnit4ClassRunner.runChild(BlockJUnit4ClassRunner.java:103)
  at org.junit.runners.BlockJUnit4ClassRunner.runChild(BlockJUnit4ClassRunner.java:63)
  at org.junit.runners.ParentRunner$4.run(ParentRunner.java:331)
  at org.junit.runners.ParentRunner$1.schedule(ParentRunner.java:79)
  at org.junit.runners.ParentRunner.runChildren(ParentRunner.java:329)
  at org.junit.runners.ParentRunner.access$100(ParentRunner.java:66)
  at org.junit.runners.ParentRunner$2.evaluate(ParentRunner.java:293)
  at org.junit.runners.ParentRunner$3.evaluate(ParentRunner.java:306)
  at org.junit.runners.ParentRunner.run(ParentRunner.java:413)
  at org.junit.runner.JUnitCore.run(JUnitCore.java:137)
  at org.junit.runner.JUnitCore.run(JUnitCore.java:115)
  at org.gradle.api.internal.tasks.testing.junit.JUnitTestExecutor.runRequest(JUnitTestExecutor.java:175)
  at org.gradle.api.internal.tasks.testing.junit.JUnitTestExecutor.accept(JUnitTestExecutor.java:84)
  at org.gradle.api.internal.tasks.testing.junit.JUnitTestExecutor.accept(JUnitTestExecutor.java:47)
  at org.gradle.api.internal.tasks.testing.junit.AbstractJUnitTestDefinitionProcessor.processTestDefinition(AbstractJUnitTestDefinitionProcessor.java:65)
  at org.gradle.api.internal.tasks.testing.SuiteTestDefinitionProcessor.processTestDefinition(SuiteTestDefinitionProcessor.java:54)
  at java.base/jdk.internal.reflect.DirectMethodHandleAccessor.invoke(DirectMethodHandleAccessor.java:104)
  at java.base/java.lang.reflect.Method.invoke(Method.java:565)
  at org.gradle.internal.dispatch.MethodInvocation.invokeOn(MethodInvocation.java:77)
  at org.gradle.internal.dispatch.ReflectionDispatch.dispatch(ReflectionDispatch.java:28)
  at org.gradle.internal.dispatch.ReflectionDispatch.dispatch(ReflectionDispatch.java:19)
  at org.gradle.internal.dispatch.ContextClassLoaderDispatch.dispatch(ContextClassLoaderDispatch.java:33)
  at org.gradle.internal.dispatch.ProxyDispatchAdapter$DispatchingInvocationHandler.invoke(ProxyDispatchAdapter.java:88)
  at jdk.proxy1/jdk.proxy1.$Proxy4.processTestDefinition(Unknown Source)
  at org.gradle.api.internal.tasks.testing.worker.TestWorker$2.run(TestWorker.java:178)
  at org.gradle.api.internal.tasks.testing.worker.TestWorker.executeAndMaintainThreadName(TestWorker.java:126)
  at org.gradle.api.internal.tasks.testing.worker.TestWorker.execute(TestWorker.java:103)
  at org.gradle.api.internal.tasks.testing.worker.TestWorker.execute(TestWorker.java:63)
  at org.gradle.process.internal.worker.child.ActionExecutionWorker.execute(ActionExecutionWorker.java:56)
  at org.gradle.process.internal.worker.child.SystemApplicationClassLoaderWorker.call(SystemApplicationClassLoaderWorker.java:122)
  at org.gradle.process.internal.worker.child.SystemApplicationClassLoaderWorker.call(SystemApplicationClassLoaderWorker.java:72)
  at worker.org.gradle.process.internal.worker.GradleWorkerMain.run(GradleWorkerMain.java:69)
  at worker.org.gradle.process.internal.worker.GradleWorkerMain.main(GradleWorkerMain.java:74)
</stacktrace>
</test-failure>


TypeScriptCompilerTests_O[jvm] > overloadsWithProvisionalErrors_ts has expected errors matching overloadsWithProvisionalErrors_errors_txt[jvm] FAILED

<test-failure test="com.xemantic.typescript.compiler.TypeScriptCompilerTests_O.overloadsAndTypeArgumentArityErrors_ts has expected errors matching overloadsAndTypeArgumentArityErrors_errors_txt" platform="jvm">
<message>
Expected diagnostics from baseline typescript-repo/tests/baselines/reference/overloadsAndTypeArgumentArityErrors.errors.txt but none produced
</message>
<stacktrace>
  at com.xemantic.typescript.compiler.TypeScriptTestSupportKt.errorsMatchBaseline(TypeScriptTestSupport.kt:125)
  at com.xemantic.typescript.compiler.TypeScriptCompilerTests_O.overloadsAndTypeArgumentArityErrors_ts has expected errors matching overloadsAndTypeArgumentArityErrors_errors_txt(TypeScriptCompilerTests_O.kt:1890)
  at java.base/jdk.internal.reflect.DirectMethodHandleAccessor.invoke(DirectMethodHandleAccessor.java:104)
  at java.base/java.lang.reflect.Method.invoke(Method.java:565)
  at org.junit.runners.model.FrameworkMethod$1.runReflectiveCall(FrameworkMethod.java:59)
  at org.junit.internal.runners.model.ReflectiveCallable.run(ReflectiveCallable.java:12)
  at org.junit.runners.model.FrameworkMethod.invokeExplosively(FrameworkMethod.java:56)
  at org.junit.internal.runners.statements.InvokeMethod.evaluate(InvokeMethod.java:17)
  at org.junit.runners.ParentRunner$3.evaluate(ParentRunner.java:306)
  at org.junit.runners.BlockJUnit4ClassRunner$1.evaluate(BlockJUnit4ClassRunner.java:100)
  at org.junit.runners.ParentRunner.runLeaf(ParentRunner.java:366)
  at org.junit.runners.BlockJUnit4ClassRunner.runChild(BlockJUnit4ClassRunner.java:103)
  at org.junit.runners.BlockJUnit4ClassRunner.runChild(BlockJUnit4ClassRunner.java:63)
  at org.junit.runners.ParentRunner$4.run(ParentRunner.java:331)
  at org.junit.runners.ParentRunner$1.schedule(ParentRunner.java:79)
  at org.junit.runners.ParentRunner.runChildren(ParentRunner.java:329)
  at org.junit.runners.ParentRunner.access$100(ParentRunner.java:66)
  at org.junit.runners.ParentRunner$2.evaluate(ParentRunner.java:293)
  at org.junit.runners.ParentRunner$3.evaluate(ParentRunner.java:306)
  at org.junit.runners.ParentRunner.run(ParentRunner.java:413)
  at org.junit.runner.JUnitCore.run(JUnitCore.java:137)
  at org.junit.runner.JUnitCore.run(JUnitCore.java:115)
  at org.gradle.api.internal.tasks.testing.junit.JUnitTestExecutor.runRequest(JUnitTestExecutor.java:175)
  at org.gradle.api.internal.tasks.testing.junit.JUnitTestExecutor.accept(JUnitTestExecutor.java:84)
  at org.gradle.api.internal.tasks.testing.junit.JUnitTestExecutor.accept(JUnitTestExecutor.java:47)
  at org.gradle.api.internal.tasks.testing.junit.AbstractJUnitTestDefinitionProcessor.processTestDefinition(AbstractJUnitTestDefinitionProcessor.java:65)
  at org.gradle.api.internal.tasks.testing.SuiteTestDefinitionProcessor.processTestDefinition(SuiteTestDefinitionProcessor.java:54)
  at java.base/jdk.internal.reflect.DirectMethodHandleAccessor.invoke(DirectMethodHandleAccessor.java:104)
  at java.base/java.lang.reflect.Method.invoke(Method.java:565)
  at org.gradle.internal.dispatch.MethodInvocation.invokeOn(MethodInvocation.java:77)
  at org.gradle.internal.dispatch.ReflectionDispatch.dispatch(ReflectionDispatch.java:28)
  at org.gradle.internal.dispatch.ReflectionDispatch.dispatch(ReflectionDispatch.java:19)
  at org.gradle.internal.dispatch.ContextClassLoaderDispatch.dispatch(ContextClassLoaderDispatch.java:33)
  at org.gradle.internal.dispatch.ProxyDispatchAdapter$DispatchingInvocationHandler.invoke(ProxyDispatchAdapter.java:88)
  at jdk.proxy1/jdk.proxy1.$Proxy4.processTestDefinition(Unknown Source)
  at org.gradle.api.internal.tasks.testing.worker.TestWorker$2.run(TestWorker.java:178)
  at org.gradle.api.internal.tasks.testing.worker.TestWorker.executeAndMaintainThreadName(TestWorker.java:126)
  at org.gradle.api.internal.tasks.testing.worker.TestWorker.execute(TestWorker.java:103)
  at org.gradle.api.internal.tasks.testing.worker.TestWorker.execute(TestWorker.java:63)
  at org.gradle.process.internal.worker.child.ActionExecutionWorker.execute(ActionExecutionWorker.java:56)
  at org.gradle.process.internal.worker.child.SystemApplicationClassLoaderWorker.call(SystemApplicationClassLoaderWorker.java:122)
  at org.gradle.process.internal.worker.child.SystemApplicationClassLoaderWorker.call(SystemApplicationClassLoaderWorker.java:72)
  at worker.org.gradle.process.internal.worker.GradleWorkerMain.run(GradleWorkerMain.java:69)
  at worker.org.gradle.process.internal.worker.GradleWorkerMain.main(GradleWorkerMain.java:74)
</stacktrace>
</test-failure>


TypeScriptCompilerTests_O[jvm] > overloadsAndTypeArgumentArityErrors_ts has expected errors matching overloadsAndTypeArgumentArityErrors_errors_txt[jvm] FAILED

<test-failure test="com.xemantic.typescript.compiler.TypeScriptCompilerTests_O.objectLiteralsAgainstUnionsOfArrays01_ts has expected errors matching objectLiteralsAgainstUnionsOfArrays01_errors_txt" platform="jvm">
<message>
Expected diagnostics from baseline typescript-repo/tests/baselines/reference/objectLiteralsAgainstUnionsOfArrays01.errors.txt but none produced
</message>
<stacktrace>
  at com.xemantic.typescript.compiler.TypeScriptTestSupportKt.errorsMatchBaseline(TypeScriptTestSupport.kt:125)
  at com.xemantic.typescript.compiler.TypeScriptCompilerTests_O.objectLiteralsAgainstUnionsOfArrays01_ts has expected errors matching objectLiteralsAgainstUnionsOfArrays01_errors_txt(TypeScriptCompilerTests_O.kt:574)
  at java.base/jdk.internal.reflect.DirectMethodHandleAccessor.invoke(DirectMethodHandleAccessor.java:104)
  at java.base/java.lang.reflect.Method.invoke(Method.java:565)
  at org.junit.runners.model.FrameworkMethod$1.runReflectiveCall(FrameworkMethod.java:59)
  at org.junit.internal.runners.model.ReflectiveCallable.run(ReflectiveCallable.java:12)
  at org.junit.runners.model.FrameworkMethod.invokeExplosively(FrameworkMethod.java:56)
  at org.junit.internal.runners.statements.InvokeMethod.evaluate(InvokeMethod.java:17)
  at org.junit.runners.ParentRunner$3.evaluate(ParentRunner.java:306)
  at org.junit.runners.BlockJUnit4ClassRunner$1.evaluate(BlockJUnit4ClassRunner.java:100)
  at org.junit.runners.ParentRunner.runLeaf(ParentRunner.java:366)
  at org.junit.runners.BlockJUnit4ClassRunner.runChild(BlockJUnit4ClassRunner.java:103)
  at org.junit.runners.BlockJUnit4ClassRunner.runChild(BlockJUnit4ClassRunner.java:63)
  at org.junit.runners.ParentRunner$4.run(ParentRunner.java:331)
  at org.junit.runners.ParentRunner$1.schedule(ParentRunner.java:79)
  at org.junit.runners.ParentRunner.runChildren(ParentRunner.java:329)
  at org.junit.runners.ParentRunner.access$100(ParentRunner.java:66)
  at org.junit.runners.ParentRunner$2.evaluate(ParentRunner.java:293)
  at org.junit.runners.ParentRunner$3.evaluate(ParentRunner.java:306)
  at org.junit.runners.ParentRunner.run(ParentRunner.java:413)
  at org.junit.runner.JUnitCore.run(JUnitCore.java:137)
  at org.junit.runner.JUnitCore.run(JUnitCore.java:115)
  at org.gradle.api.internal.tasks.testing.junit.JUnitTestExecutor.runRequest(JUnitTestExecutor.java:175)
  at org.gradle.api.internal.tasks.testing.junit.JUnitTestExecutor.accept(JUnitTestExecutor.java:84)
  at org.gradle.api.internal.tasks.testing.junit.JUnitTestExecutor.accept(JUnitTestExecutor.java:47)
  at org.gradle.api.internal.tasks.testing.junit.AbstractJUnitTestDefinitionProcessor.processTestDefinition(AbstractJUnitTestDefinitionProcessor.java:65)
  at org.gradle.api.internal.tasks.testing.SuiteTestDefinitionProcessor.processTestDefinition(SuiteTestDefinitionProcessor.java:54)
  at java.base/jdk.internal.reflect.DirectMethodHandleAccessor.invoke(DirectMethodHandleAccessor.java:104)
  at java.base/java.lang.reflect.Method.invoke(Method.java:565)
  at org.gradle.internal.dispatch.MethodInvocation.invokeOn(MethodInvocation.java:77)
  at org.gradle.internal.dispatch.ReflectionDispatch.dispatch(ReflectionDispatch.java:28)
  at org.gradle.internal.dispatch.ReflectionDispatch.dispatch(ReflectionDispatch.java:19)
  at org.gradle.internal.dispatch.ContextClassLoaderDispatch.dispatch(ContextClassLoaderDispatch.java:33)
  at org.gradle.internal.dispatch.ProxyDispatchAdapter$DispatchingInvocationHandler.invoke(ProxyDispatchAdapter.java:88)
  at jdk.proxy1/jdk.proxy1.$Proxy4.processTestDefinition(Unknown Source)
  at org.gradle.api.internal.tasks.testing.worker.TestWorker$2.run(TestWorker.java:178)
  at org.gradle.api.internal.tasks.testing.worker.TestWorker.executeAndMaintainThreadName(TestWorker.java:126)
  at org.gradle.api.internal.tasks.testing.worker.TestWorker.execute(TestWorker.java:103)
  at org.gradle.api.internal.tasks.testing.worker.TestWorker.execute(TestWorker.java:63)
  at org.gradle.process.internal.worker.child.ActionExecutionWorker.execute(ActionExecutionWorker.java:56)
  at org.gradle.process.internal.worker.child.SystemApplicationClassLoaderWorker.call(SystemApplicationClassLoaderWorker.java:122)
  at org.gradle.process.internal.worker.child.SystemApplicationClassLoaderWorker.call(SystemApplicationClassLoaderWorker.java:72)
  at worker.org.gradle.process.internal.worker.GradleWorkerMain.run(GradleWorkerMain.java:69)
  at worker.org.gradle.process.internal.worker.GradleWorkerMain.main(GradleWorkerMain.java:74)
</stacktrace>
</test-failure>


TypeScriptCompilerTests_O[jvm] > objectLiteralsAgainstUnionsOfArrays01_ts has expected errors matching objectLiteralsAgainstUnionsOfArrays01_errors_txt[jvm] FAILED

<test-failure test="com.xemantic.typescript.compiler.TypeScriptCompilerTests_O.objectLitTargetTypeCallSite_ts has expected errors matching objectLitTargetTypeCallSite_errors_txt" platform="jvm">
<message>
Expected diagnostics from baseline typescript-repo/tests/baselines/reference/objectLitTargetTypeCallSite.errors.txt but none produced
</message>
<stacktrace>
  at com.xemantic.typescript.compiler.TypeScriptTestSupportKt.errorsMatchBaseline(TypeScriptTestSupport.kt:125)
  at com.xemantic.typescript.compiler.TypeScriptCompilerTests_O.objectLitTargetTypeCallSite_ts has expected errors matching objectLitTargetTypeCallSite_errors_txt(TypeScriptCompilerTests_O.kt:231)
  at java.base/jdk.internal.reflect.DirectMethodHandleAccessor.invoke(DirectMethodHandleAccessor.java:104)
  at java.base/java.lang.reflect.Method.invoke(Method.java:565)
  at org.junit.runners.model.FrameworkMethod$1.runReflectiveCall(FrameworkMethod.java:59)
  at org.junit.internal.runners.model.ReflectiveCallable.run(ReflectiveCallable.java:12)
  at org.junit.runners.model.FrameworkMethod.invokeExplosively(FrameworkMethod.java:56)
  at org.junit.internal.runners.statements.InvokeMethod.evaluate(InvokeMethod.java:17)
  at org.junit.runners.ParentRunner$3.evaluate(ParentRunner.java:306)
  at org.junit.runners.BlockJUnit4ClassRunner$1.evaluate(BlockJUnit4ClassRunner.java:100)
  at org.junit.runners.ParentRunner.runLeaf(ParentRunner.java:366)
  at org.junit.runners.BlockJUnit4ClassRunner.runChild(BlockJUnit4ClassRunner.java:103)
  at org.junit.runners.BlockJUnit4ClassRunner.runChild(BlockJUnit4ClassRunner.java:63)
  at org.junit.runners.ParentRunner$4.run(ParentRunner.java:331)
  at org.junit.runners.ParentRunner$1.schedule(ParentRunner.java:79)
  at org.junit.runners.ParentRunner.runChildren(ParentRunner.java:329)
  at org.junit.runners.ParentRunner.access$100(ParentRunner.java:66)
  at org.junit.runners.ParentRunner$2.evaluate(ParentRunner.java:293)
  at org.junit.runners.ParentRunner$3.evaluate(ParentRunner.java:306)
  at org.junit.runners.ParentRunner.run(ParentRunner.java:413)
  at org.junit.runner.JUnitCore.run(JUnitCore.java:137)
  at org.junit.runner.JUnitCore.run(JUnitCore.java:115)
  at org.gradle.api.internal.tasks.testing.junit.JUnitTestExecutor.runRequest(JUnitTestExecutor.java:175)
  at org.gradle.api.internal.tasks.testing.junit.JUnitTestExecutor.accept(JUnitTestExecutor.java:84)
  at org.gradle.api.internal.tasks.testing.junit.JUnitTestExecutor.accept(JUnitTestExecutor.java:47)
  at org.gradle.api.internal.tasks.testing.junit.AbstractJUnitTestDefinitionProcessor.processTestDefinition(AbstractJUnitTestDefinitionProcessor.java:65)
  at org.gradle.api.internal.tasks.testing.SuiteTestDefinitionProcessor.processTestDefinition(SuiteTestDefinitionProcessor.java:54)
  at java.base/jdk.internal.reflect.DirectMethodHandleAccessor.invoke(DirectMethodHandleAccessor.java:104)
  at java.base/java.lang.reflect.Method.invoke(Method.java:565)
  at org.gradle.internal.dispatch.MethodInvocation.invokeOn(MethodInvocation.java:77)
  at org.gradle.internal.dispatch.ReflectionDispatch.dispatch(ReflectionDispatch.java:28)
  at org.gradle.internal.dispatch.ReflectionDispatch.dispatch(ReflectionDispatch.java:19)
  at org.gradle.internal.dispatch.ContextClassLoaderDispatch.dispatch(ContextClassLoaderDispatch.java:33)
  at org.gradle.internal.dispatch.ProxyDispatchAdapter$DispatchingInvocationHandler.invoke(ProxyDispatchAdapter.java:88)
  at jdk.proxy1/jdk.proxy1.$Proxy4.processTestDefinition(Unknown Source)
  at org.gradle.api.internal.tasks.testing.worker.TestWorker$2.run(TestWorker.java:178)
  at org.gradle.api.internal.tasks.testing.worker.TestWorker.executeAndMaintainThreadName(TestWorker.java:126)
  at org.gradle.api.internal.tasks.testing.worker.TestWorker.execute(TestWorker.java:103)
  at org.gradle.api.internal.tasks.testing.worker.TestWorker.execute(TestWorker.java:63)
  at org.gradle.process.internal.worker.child.ActionExecutionWorker.execute(ActionExecutionWorker.java:56)
  at org.gradle.process.internal.worker.child.SystemApplicationClassLoaderWorker.call(SystemApplicationClassLoaderWorker.java:122)
  at org.gradle.process.internal.worker.child.SystemApplicationClassLoaderWorker.call(SystemApplicationClassLoaderWorker.java:72)
  at worker.org.gradle.process.internal.worker.GradleWorkerMain.run(GradleWorkerMain.java:69)
  at worker.org.gradle.process.internal.worker.GradleWorkerMain.main(GradleWorkerMain.java:74)
</stacktrace>
</test-failure>


TypeScriptCompilerTests_O[jvm] > objectLitTargetTypeCallSite_ts has expected errors matching objectLitTargetTypeCallSite_errors_txt[jvm] FAILED

<test-failure test="com.xemantic.typescript.compiler.TypeScriptCompilerTests_O.objectLiteralWithNumericPropertyName_ts has expected errors matching objectLiteralWithNumericPropertyName_errors_txt" platform="jvm">
<message>
Expected diagnostics from baseline typescript-repo/tests/baselines/reference/objectLiteralWithNumericPropertyName.errors.txt but none produced
</message>
<stacktrace>
  at com.xemantic.typescript.compiler.TypeScriptTestSupportKt.errorsMatchBaseline(TypeScriptTestSupport.kt:125)
  at com.xemantic.typescript.compiler.TypeScriptCompilerTests_O.objectLiteralWithNumericPropertyName_ts has expected errors matching objectLiteralWithNumericPropertyName_errors_txt(TypeScriptCompilerTests_O.kt:490)
  at java.base/jdk.internal.reflect.DirectMethodHandleAccessor.invoke(DirectMethodHandleAccessor.java:104)
  at java.base/java.lang.reflect.Method.invoke(Method.java:565)
  at org.junit.runners.model.FrameworkMethod$1.runReflectiveCall(FrameworkMethod.java:59)
  at org.junit.internal.runners.model.ReflectiveCallable.run(ReflectiveCallable.java:12)
  at org.junit.runners.model.FrameworkMethod.invokeExplosively(FrameworkMethod.java:56)
  at org.junit.internal.runners.statements.InvokeMethod.evaluate(InvokeMethod.java:17)
  at org.junit.runners.ParentRunner$3.evaluate(ParentRunner.java:306)
  at org.junit.runners.BlockJUnit4ClassRunner$1.evaluate(BlockJUnit4ClassRunner.java:100)
  at org.junit.runners.ParentRunner.runLeaf(ParentRunner.java:366)
  at org.junit.runners.BlockJUnit4ClassRunner.runChild(BlockJUnit4ClassRunner.java:103)
  at org.junit.runners.BlockJUnit4ClassRunner.runChild(BlockJUnit4ClassRunner.java:63)
  at org.junit.runners.ParentRunner$4.run(ParentRunner.java:331)
  at org.junit.runners.ParentRunner$1.schedule(ParentRunner.java:79)
  at org.junit.runners.ParentRunner.runChildren(ParentRunner.java:329)
  at org.junit.runners.ParentRunner.access$100(ParentRunner.java:66)
  at org.junit.runners.ParentRunner$2.evaluate(ParentRunner.java:293)
  at org.junit.runners.ParentRunner$3.evaluate(ParentRunner.java:306)
  at org.junit.runners.ParentRunner.run(ParentRunner.java:413)
  at org.junit.runner.JUnitCore.run(JUnitCore.java:137)
  at org.junit.runner.JUnitCore.run(JUnitCore.java:115)
  at org.gradle.api.internal.tasks.testing.junit.JUnitTestExecutor.runRequest(JUnitTestExecutor.java:175)
  at org.gradle.api.internal.tasks.testing.junit.JUnitTestExecutor.accept(JUnitTestExecutor.java:84)
  at org.gradle.api.internal.tasks.testing.junit.JUnitTestExecutor.accept(JUnitTestExecutor.java:47)
  at org.gradle.api.internal.tasks.testing.junit.AbstractJUnitTestDefinitionProcessor.processTestDefinition(AbstractJUnitTestDefinitionProcessor.java:65)
  at org.gradle.api.internal.tasks.testing.SuiteTestDefinitionProcessor.processTestDefinition(SuiteTestDefinitionProcessor.java:54)
  at java.base/jdk.internal.reflect.DirectMethodHandleAccessor.invoke(DirectMethodHandleAccessor.java:104)
  at java.base/java.lang.reflect.Method.invoke(Method.java:565)
  at org.gradle.internal.dispatch.MethodInvocation.invokeOn(MethodInvocation.java:77)
  at org.gradle.internal.dispatch.ReflectionDispatch.dispatch(ReflectionDispatch.java:28)
  at org.gradle.internal.dispatch.ReflectionDispatch.dispatch(ReflectionDispatch.java:19)
  at org.gradle.internal.dispatch.ContextClassLoaderDispatch.dispatch(ContextClassLoaderDispatch.java:33)
  at org.gradle.internal.dispatch.ProxyDispatchAdapter$DispatchingInvocationHandler.invoke(ProxyDispatchAdapter.java:88)
  at jdk.proxy1/jdk.proxy1.$Proxy4.processTestDefinition(Unknown Source)
  at org.gradle.api.internal.tasks.testing.worker.TestWorker$2.run(TestWorker.java:178)
  at org.gradle.api.internal.tasks.testing.worker.TestWorker.executeAndMaintainThreadName(TestWorker.java:126)
  at org.gradle.api.internal.tasks.testing.worker.TestWorker.execute(TestWorker.java:103)
  at org.gradle.api.internal.tasks.testing.worker.TestWorker.execute(TestWorker.java:63)
  at org.gradle.process.internal.worker.child.ActionExecutionWorker.execute(ActionExecutionWorker.java:56)
  at org.gradle.process.internal.worker.child.SystemApplicationClassLoaderWorker.call(SystemApplicationClassLoaderWorker.java:122)
  at org.gradle.process.internal.worker.child.SystemApplicationClassLoaderWorker.call(SystemApplicationClassLoaderWorker.java:72)
  at worker.org.gradle.process.internal.worker.GradleWorkerMain.run(GradleWorkerMain.java:69)
  at worker.org.gradle.process.internal.worker.GradleWorkerMain.main(GradleWorkerMain.java:74)
</stacktrace>
</test-failure>


TypeScriptCompilerTests_O[jvm] > objectLiteralWithNumericPropertyName_ts has expected errors matching objectLiteralWithNumericPropertyName_errors_txt[jvm] FAILED

<test-failure test="com.xemantic.typescript.compiler.TypeScriptCompilerTests_O.overloadOnConstNoAnyImplementation2_ts has expected errors matching overloadOnConstNoAnyImplementation2_errors_txt" platform="jvm">
<message>
Expected diagnostics from baseline typescript-repo/tests/baselines/reference/overloadOnConstNoAnyImplementation2.errors.txt but none produced
</message>
<stacktrace>
  at com.xemantic.typescript.compiler.TypeScriptTestSupportKt.errorsMatchBaseline(TypeScriptTestSupport.kt:125)
  at com.xemantic.typescript.compiler.TypeScriptCompilerTests_O.overloadOnConstNoAnyImplementation2_ts has expected errors matching overloadOnConstNoAnyImplementation2_errors_txt(TypeScriptCompilerTests_O.kt:1645)
  at java.base/jdk.internal.reflect.DirectMethodHandleAccessor.invoke(DirectMethodHandleAccessor.java:104)
  at java.base/java.lang.reflect.Method.invoke(Method.java:565)
  at org.junit.runners.model.FrameworkMethod$1.runReflectiveCall(FrameworkMethod.java:59)
  at org.junit.internal.runners.model.ReflectiveCallable.run(ReflectiveCallable.java:12)
  at org.junit.runners.model.FrameworkMethod.invokeExplosively(FrameworkMethod.java:56)
  at org.junit.internal.runners.statements.InvokeMethod.evaluate(InvokeMethod.java:17)
  at org.junit.runners.ParentRunner$3.evaluate(ParentRunner.java:306)
  at org.junit.runners.BlockJUnit4ClassRunner$1.evaluate(BlockJUnit4ClassRunner.java:100)
  at org.junit.runners.ParentRunner.runLeaf(ParentRunner.java:366)
  at org.junit.runners.BlockJUnit4ClassRunner.runChild(BlockJUnit4ClassRunner.java:103)
  at org.junit.runners.BlockJUnit4ClassRunner.runChild(BlockJUnit4ClassRunner.java:63)
  at org.junit.runners.ParentRunner$4.run(ParentRunner.java:331)
  at org.junit.runners.ParentRunner$1.schedule(ParentRunner.java:79)
  at org.junit.runners.ParentRunner.runChildren(ParentRunner.java:329)
  at org.junit.runners.ParentRunner.access$100(ParentRunner.java:66)
  at org.junit.runners.ParentRunner$2.evaluate(ParentRunner.java:293)
  at org.junit.runners.ParentRunner$3.evaluate(ParentRunner.java:306)
  at org.junit.runners.ParentRunner.run(ParentRunner.java:413)
  at org.junit.runner.JUnitCore.run(JUnitCore.java:137)
  at org.junit.runner.JUnitCore.run(JUnitCore.java:115)
  at org.gradle.api.internal.tasks.testing.junit.JUnitTestExecutor.runRequest(JUnitTestExecutor.java:175)
  at org.gradle.api.internal.tasks.testing.junit.JUnitTestExecutor.accept(JUnitTestExecutor.java:84)
  at org.gradle.api.internal.tasks.testing.junit.JUnitTestExecutor.accept(JUnitTestExecutor.java:47)
  at org.gradle.api.internal.tasks.testing.junit.AbstractJUnitTestDefinitionProcessor.processTestDefinition(AbstractJUnitTestDefinitionProcessor.java:65)
  at org.gradle.api.internal.tasks.testing.SuiteTestDefinitionProcessor.processTestDefinition(SuiteTestDefinitionProcessor.java:54)
  at java.base/jdk.internal.reflect.DirectMethodHandleAccessor.invoke(DirectMethodHandleAccessor.java:104)
  at java.base/java.lang.reflect.Method.invoke(Method.java:565)
  at org.gradle.internal.dispatch.MethodInvocation.invokeOn(MethodInvocation.java:77)
  at org.gradle.internal.dispatch.ReflectionDispatch.dispatch(ReflectionDispatch.java:28)
  at org.gradle.internal.dispatch.ReflectionDispatch.dispatch(ReflectionDispatch.java:19)
  at org.gradle.internal.dispatch.ContextClassLoaderDispatch.dispatch(ContextClassLoaderDispatch.java:33)
  at org.gradle.internal.dispatch.ProxyDispatchAdapter$DispatchingInvocationHandler.invoke(ProxyDispatchAdapter.java:88)
  at jdk.proxy1/jdk.proxy1.$Proxy4.processTestDefinition(Unknown Source)
  at org.gradle.api.internal.tasks.testing.worker.TestWorker$2.run(TestWorker.java:178)
  at org.gradle.api.internal.tasks.testing.worker.TestWorker.executeAndMaintainThreadName(TestWorker.java:126)
  at org.gradle.api.internal.tasks.testing.worker.TestWorker.execute(TestWorker.java:103)
  at org.gradle.api.internal.tasks.testing.worker.TestWorker.execute(TestWorker.java:63)
  at org.gradle.process.internal.worker.child.ActionExecutionWorker.execute(ActionExecutionWorker.java:56)
  at org.gradle.process.internal.worker.child.SystemApplicationClassLoaderWorker.call(SystemApplicationClassLoaderWorker.java:122)
  at org.gradle.process.internal.worker.child.SystemApplicationClassLoaderWorker.call(SystemApplicationClassLoaderWorker.java:72)
  at worker.org.gradle.process.internal.worker.GradleWorkerMain.run(GradleWorkerMain.java:69)
  at worker.org.gradle.process.internal.worker.GradleWorkerMain.main(GradleWorkerMain.java:74)
</stacktrace>
</test-failure>


TypeScriptCompilerTests_O[jvm] > overloadOnConstNoAnyImplementation2_ts has expected errors matching overloadOnConstNoAnyImplementation2_errors_txt[jvm] FAILED

<test-failure test="com.xemantic.typescript.compiler.TypeScriptCompilerTests_O.objectLiteralFreshnessWithSpread_ts has expected errors matching objectLiteralFreshnessWithSpread_errors_txt" platform="jvm">
<message>
Expected diagnostics from baseline typescript-repo/tests/baselines/reference/objectLiteralFreshnessWithSpread.errors.txt but none produced
</message>
<stacktrace>
  at com.xemantic.typescript.compiler.TypeScriptTestSupportKt.errorsMatchBaseline(TypeScriptTestSupport.kt:125)
  at com.xemantic.typescript.compiler.TypeScriptCompilerTests_O.objectLiteralFreshnessWithSpread_ts has expected errors matching objectLiteralFreshnessWithSpread_errors_txt(TypeScriptCompilerTests_O.kt:301)
  at java.base/jdk.internal.reflect.DirectMethodHandleAccessor.invoke(DirectMethodHandleAccessor.java:104)
  at java.base/java.lang.reflect.Method.invoke(Method.java:565)
  at org.junit.runners.model.FrameworkMethod$1.runReflectiveCall(FrameworkMethod.java:59)
  at org.junit.internal.runners.model.ReflectiveCallable.run(ReflectiveCallable.java:12)
  at org.junit.runners.model.FrameworkMethod.invokeExplosively(FrameworkMethod.java:56)
  at org.junit.internal.runners.statements.InvokeMethod.evaluate(InvokeMethod.java:17)
  at org.junit.runners.ParentRunner$3.evaluate(ParentRunner.java:306)
  at org.junit.runners.BlockJUnit4ClassRunner$1.evaluate(BlockJUnit4ClassRunner.java:100)
  at org.junit.runners.ParentRunner.runLeaf(ParentRunner.java:366)
  at org.junit.runners.BlockJUnit4ClassRunner.runChild(BlockJUnit4ClassRunner.java:103)
  at org.junit.runners.BlockJUnit4ClassRunner.runChild(BlockJUnit4ClassRunner.java:63)
  at org.junit.runners.ParentRunner$4.run(ParentRunner.java:331)
  at org.junit.runners.ParentRunner$1.schedule(ParentRunner.java:79)
  at org.junit.runners.ParentRunner.runChildren(ParentRunner.java:329)
  at org.junit.runners.ParentRunner.access$100(ParentRunner.java:66)
  at org.junit.runners.ParentRunner$2.evaluate(ParentRunner.java:293)
  at org.junit.runners.ParentRunner$3.evaluate(ParentRunner.java:306)
  at org.junit.runners.ParentRunner.run(ParentRunner.java:413)
  at org.junit.runner.JUnitCore.run(JUnitCore.java:137)
  at org.junit.runner.JUnitCore.run(JUnitCore.java:115)
  at org.gradle.api.internal.tasks.testing.junit.JUnitTestExecutor.runRequest(JUnitTestExecutor.java:175)
  at org.gradle.api.internal.tasks.testing.junit.JUnitTestExecutor.accept(JUnitTestExecutor.java:84)
  at org.gradle.api.internal.tasks.testing.junit.JUnitTestExecutor.accept(JUnitTestExecutor.java:47)
  at org.gradle.api.internal.tasks.testing.junit.AbstractJUnitTestDefinitionProcessor.processTestDefinition(AbstractJUnitTestDefinitionProcessor.java:65)
  at org.gradle.api.internal.tasks.testing.SuiteTestDefinitionProcessor.processTestDefinition(SuiteTestDefinitionProcessor.java:54)
  at java.base/jdk.internal.reflect.DirectMethodHandleAccessor.invoke(DirectMethodHandleAccessor.java:104)
  at java.base/java.lang.reflect.Method.invoke(Method.java:565)
  at org.gradle.internal.dispatch.MethodInvocation.invokeOn(MethodInvocation.java:77)
  at org.gradle.internal.dispatch.ReflectionDispatch.dispatch(ReflectionDispatch.java:28)
  at org.gradle.internal.dispatch.ReflectionDispatch.dispatch(ReflectionDispatch.java:19)
  at org.gradle.internal.dispatch.ContextClassLoaderDispatch.dispatch(ContextClassLoaderDispatch.java:33)
  at org.gradle.internal.dispatch.ProxyDispatchAdapter$DispatchingInvocationHandler.invoke(ProxyDispatchAdapter.java:88)
  at jdk.proxy1/jdk.proxy1.$Proxy4.processTestDefinition(Unknown Source)
  at org.gradle.api.internal.tasks.testing.worker.TestWorker$2.run(TestWorker.java:178)
  at org.gradle.api.internal.tasks.testing.worker.TestWorker.executeAndMaintainThreadName(TestWorker.java:126)
  at org.gradle.api.internal.tasks.testing.worker.TestWorker.execute(TestWorker.java:103)
  at org.gradle.api.internal.tasks.testing.worker.TestWorker.execute(TestWorker.java:63)
  at org.gradle.process.internal.worker.child.ActionExecutionWorker.execute(ActionExecutionWorker.java:56)
  at org.gradle.process.internal.worker.child.SystemApplicationClassLoaderWorker.call(SystemApplicationClassLoaderWorker.java:122)
  at org.gradle.process.internal.worker.child.SystemApplicationClassLoaderWorker.call(SystemApplicationClassLoaderWorker.java:72)
  at worker.org.gradle.process.internal.worker.GradleWorkerMain.run(GradleWorkerMain.java:69)
  at worker.org.gradle.process.internal.worker.GradleWorkerMain.main(GradleWorkerMain.java:74)
</stacktrace>
</test-failure>


TypeScriptCompilerTests_O[jvm] > objectLiteralFreshnessWithSpread_ts has expected errors matching objectLiteralFreshnessWithSpread_errors_txt[jvm] FAILED

<test-failure test="com.xemantic.typescript.compiler.TypeScriptCompilerTests_O.orderMattersForSignatureGroupIdentity_ts has expected errors matching orderMattersForSignatureGroupIdentity_errors_txt" platform="jvm">
<message>
Expected diagnostics from baseline typescript-repo/tests/baselines/reference/orderMattersForSignatureGroupIdentity.errors.txt but none produced
</message>
<stacktrace>
  at com.xemantic.typescript.compiler.TypeScriptTestSupportKt.errorsMatchBaseline(TypeScriptTestSupport.kt:125)
  at com.xemantic.typescript.compiler.TypeScriptCompilerTests_O.orderMattersForSignatureGroupIdentity_ts has expected errors matching orderMattersForSignatureGroupIdentity_errors_txt(TypeScriptCompilerTests_O.kt:1134)
  at java.base/jdk.internal.reflect.DirectMethodHandleAccessor.invoke(DirectMethodHandleAccessor.java:104)
  at java.base/java.lang.reflect.Method.invoke(Method.java:565)
  at org.junit.runners.model.FrameworkMethod$1.runReflectiveCall(FrameworkMethod.java:59)
  at org.junit.internal.runners.model.ReflectiveCallable.run(ReflectiveCallable.java:12)
  at org.junit.runners.model.FrameworkMethod.invokeExplosively(FrameworkMethod.java:56)
  at org.junit.internal.runners.statements.InvokeMethod.evaluate(InvokeMethod.java:17)
  at org.junit.runners.ParentRunner$3.evaluate(ParentRunner.java:306)
  at org.junit.runners.BlockJUnit4ClassRunner$1.evaluate(BlockJUnit4ClassRunner.java:100)
  at org.junit.runners.ParentRunner.runLeaf(ParentRunner.java:366)
  at org.junit.runners.BlockJUnit4ClassRunner.runChild(BlockJUnit4ClassRunner.java:103)
  at org.junit.runners.BlockJUnit4ClassRunner.runChild(BlockJUnit4ClassRunner.java:63)
  at org.junit.runners.ParentRunner$4.run(ParentRunner.java:331)
  at org.junit.runners.ParentRunner$1.schedule(ParentRunner.java:79)
  at org.junit.runners.ParentRunner.runChildren(ParentRunner.java:329)
  at org.junit.runners.ParentRunner.access$100(ParentRunner.java:66)
  at org.junit.runners.ParentRunner$2.evaluate(ParentRunner.java:293)
  at org.junit.runners.ParentRunner$3.evaluate(ParentRunner.java:306)
  at org.junit.runners.ParentRunner.run(ParentRunner.java:413)
  at org.junit.runner.JUnitCore.run(JUnitCore.java:137)
  at org.junit.runner.JUnitCore.run(JUnitCore.java:115)
  at org.gradle.api.internal.tasks.testing.junit.JUnitTestExecutor.runRequest(JUnitTestExecutor.java:175)
  at org.gradle.api.internal.tasks.testing.junit.JUnitTestExecutor.accept(JUnitTestExecutor.java:84)
  at org.gradle.api.internal.tasks.testing.junit.JUnitTestExecutor.accept(JUnitTestExecutor.java:47)
  at org.gradle.api.internal.tasks.testing.junit.AbstractJUnitTestDefinitionProcessor.processTestDefinition(AbstractJUnitTestDefinitionProcessor.java:65)
  at org.gradle.api.internal.tasks.testing.SuiteTestDefinitionProcessor.processTestDefinition(SuiteTestDefinitionProcessor.java:54)
  at java.base/jdk.internal.reflect.DirectMethodHandleAccessor.invoke(DirectMethodHandleAccessor.java:104)
  at java.base/java.lang.reflect.Method.invoke(Method.java:565)
  at org.gradle.internal.dispatch.MethodInvocation.invokeOn(MethodInvocation.java:77)
  at org.gradle.internal.dispatch.ReflectionDispatch.dispatch(ReflectionDispatch.java:28)
  at org.gradle.internal.dispatch.ReflectionDispatch.dispatch(ReflectionDispatch.java:19)
  at org.gradle.internal.dispatch.ContextClassLoaderDispatch.dispatch(ContextClassLoaderDispatch.java:33)
  at org.gradle.internal.dispatch.ProxyDispatchAdapter$DispatchingInvocationHandler.invoke(ProxyDispatchAdapter.java:88)
  at jdk.proxy1/jdk.proxy1.$Proxy4.processTestDefinition(Unknown Source)
  at org.gradle.api.internal.tasks.testing.worker.TestWorker$2.run(TestWorker.java:178)
  at org.gradle.api.internal.tasks.testing.worker.TestWorker.executeAndMaintainThreadName(TestWorker.java:126)
  at org.gradle.api.internal.tasks.testing.worker.TestWorker.execute(TestWorker.java:103)
  at org.gradle.api.internal.tasks.testing.worker.TestWorker.execute(TestWorker.java:63)
  at org.gradle.process.internal.worker.child.ActionExecutionWorker.execute(ActionExecutionWorker.java:56)
  at org.gradle.process.internal.worker.child.SystemApplicationClassLoaderWorker.call(SystemApplicationClassLoaderWorker.java:122)
  at org.gradle.process.internal.worker.child.SystemApplicationClassLoaderWorker.call(SystemApplicationClassLoaderWorker.java:72)
  at worker.org.gradle.process.internal.worker.GradleWorkerMain.run(GradleWorkerMain.java:69)
  at worker.org.gradle.process.internal.worker.GradleWorkerMain.main(GradleWorkerMain.java:74)
</stacktrace>
</test-failure>


TypeScriptCompilerTests_O[jvm] > orderMattersForSignatureGroupIdentity_ts has expected errors matching orderMattersForSignatureGroupIdentity_errors_txt[jvm] FAILED

<test-failure test="com.xemantic.typescript.compiler.TypeScriptCompilerTests_O.objectLiteralMemberWithModifiers2_ts has expected errors matching objectLiteralMemberWithModifiers2_errors_txt" platform="jvm">
<message>
Expected diagnostics from baseline typescript-repo/tests/baselines/reference/objectLiteralMemberWithModifiers2.errors.txt but none produced
</message>
<stacktrace>
  at com.xemantic.typescript.compiler.TypeScriptTestSupportKt.errorsMatchBaseline(TypeScriptTestSupport.kt:125)
  at com.xemantic.typescript.compiler.TypeScriptCompilerTests_O.objectLiteralMemberWithModifiers2_ts has expected errors matching objectLiteralMemberWithModifiers2_errors_txt(TypeScriptCompilerTests_O.kt:392)
  at java.base/jdk.internal.reflect.DirectMethodHandleAccessor.invoke(DirectMethodHandleAccessor.java:104)
  at java.base/java.lang.reflect.Method.invoke(Method.java:565)
  at org.junit.runners.model.FrameworkMethod$1.runReflectiveCall(FrameworkMethod.java:59)
  at org.junit.internal.runners.model.ReflectiveCallable.run(ReflectiveCallable.java:12)
  at org.junit.runners.model.FrameworkMethod.invokeExplosively(FrameworkMethod.java:56)
  at org.junit.internal.runners.statements.InvokeMethod.evaluate(InvokeMethod.java:17)
  at org.junit.runners.ParentRunner$3.evaluate(ParentRunner.java:306)
  at org.junit.runners.BlockJUnit4ClassRunner$1.evaluate(BlockJUnit4ClassRunner.java:100)
  at org.junit.runners.ParentRunner.runLeaf(ParentRunner.java:366)
  at org.junit.runners.BlockJUnit4ClassRunner.runChild(BlockJUnit4ClassRunner.java:103)
  at org.junit.runners.BlockJUnit4ClassRunner.runChild(BlockJUnit4ClassRunner.java:63)
  at org.junit.runners.ParentRunner$4.run(ParentRunner.java:331)
  at org.junit.runners.ParentRunner$1.schedule(ParentRunner.java:79)
  at org.junit.runners.ParentRunner.runChildren(ParentRunner.java:329)
  at org.junit.runners.ParentRunner.access$100(ParentRunner.java:66)
  at org.junit.runners.ParentRunner$2.evaluate(ParentRunner.java:293)
  at org.junit.runners.ParentRunner$3.evaluate(ParentRunner.java:306)
  at org.junit.runners.ParentRunner.run(ParentRunner.java:413)
  at org.junit.runner.JUnitCore.run(JUnitCore.java:137)
  at org.junit.runner.JUnitCore.run(JUnitCore.java:115)
  at org.gradle.api.internal.tasks.testing.junit.JUnitTestExecutor.runRequest(JUnitTestExecutor.java:175)
  at org.gradle.api.internal.tasks.testing.junit.JUnitTestExecutor.accept(JUnitTestExecutor.java:84)
  at org.gradle.api.internal.tasks.testing.junit.JUnitTestExecutor.accept(JUnitTestExecutor.java:47)
  at org.gradle.api.internal.tasks.testing.junit.AbstractJUnitTestDefinitionProcessor.processTestDefinition(AbstractJUnitTestDefinitionProcessor.java:65)
  at org.gradle.api.internal.tasks.testing.SuiteTestDefinitionProcessor.processTestDefinition(SuiteTestDefinitionProcessor.java:54)
  at java.base/jdk.internal.reflect.DirectMethodHandleAccessor.invoke(DirectMethodHandleAccessor.java:104)
  at java.base/java.lang.reflect.Method.invoke(Method.java:565)
  at org.gradle.internal.dispatch.MethodInvocation.invokeOn(MethodInvocation.java:77)
  at org.gradle.internal.dispatch.ReflectionDispatch.dispatch(ReflectionDispatch.java:28)
  at org.gradle.internal.dispatch.ReflectionDispatch.dispatch(ReflectionDispatch.java:19)
  at org.gradle.internal.dispatch.ContextClassLoaderDispatch.dispatch(ContextClassLoaderDispatch.java:33)
  at org.gradle.internal.dispatch.ProxyDispatchAdapter$DispatchingInvocationHandler.invoke(ProxyDispatchAdapter.java:88)
  at jdk.proxy1/jdk.proxy1.$Proxy4.processTestDefinition(Unknown Source)
  at org.gradle.api.internal.tasks.testing.worker.TestWorker$2.run(TestWorker.java:178)
  at org.gradle.api.internal.tasks.testing.worker.TestWorker.executeAndMaintainThreadName(TestWorker.java:126)
  at org.gradle.api.internal.tasks.testing.worker.TestWorker.execute(TestWorker.java:103)
  at org.gradle.api.internal.tasks.testing.worker.TestWorker.execute(TestWorker.java:63)
  at org.gradle.process.internal.worker.child.ActionExecutionWorker.execute(ActionExecutionWorker.java:56)
  at org.gradle.process.internal.worker.child.SystemApplicationClassLoaderWorker.call(SystemApplicationClassLoaderWorker.java:122)
  at org.gradle.process.internal.worker.child.SystemApplicationClassLoaderWorker.call(SystemApplicationClassLoaderWorker.java:72)
  at worker.org.gradle.process.internal.worker.GradleWorkerMain.run(GradleWorkerMain.java:69)
  at worker.org.gradle.process.internal.worker.GradleWorkerMain.main(GradleWorkerMain.java:74)
</stacktrace>
</test-failure>


TypeScriptCompilerTests_O[jvm] > objectLiteralMemberWithModifiers2_ts has expected errors matching objectLiteralMemberWithModifiers2_errors_txt[jvm] FAILED

<test-failure test="com.xemantic.typescript.compiler.TypeScriptCompilerTests_O.optionalSetterParam_ts has expected errors matching optionalSetterParam_errors_txt" platform="jvm">
<message>
Expected diagnostics from baseline typescript-repo/tests/baselines/reference/optionalSetterParam.errors.txt but none produced
</message>
<stacktrace>
  at com.xemantic.typescript.compiler.TypeScriptTestSupportKt.errorsMatchBaseline(TypeScriptTestSupport.kt:125)
  at com.xemantic.typescript.compiler.TypeScriptCompilerTests_O.optionalSetterParam_ts has expected errors matching optionalSetterParam_errors_txt(TypeScriptCompilerTests_O.kt:1015)
  at java.base/jdk.internal.reflect.DirectMethodHandleAccessor.invoke(DirectMethodHandleAccessor.java:104)
  at java.base/java.lang.reflect.Method.invoke(Method.java:565)
  at org.junit.runners.model.FrameworkMethod$1.runReflectiveCall(FrameworkMethod.java:59)
  at org.junit.internal.runners.model.ReflectiveCallable.run(ReflectiveCallable.java:12)
  at org.junit.runners.model.FrameworkMethod.invokeExplosively(FrameworkMethod.java:56)
  at org.junit.internal.runners.statements.InvokeMethod.evaluate(InvokeMethod.java:17)
  at org.junit.runners.ParentRunner$3.evaluate(ParentRunner.java:306)
  at org.junit.runners.BlockJUnit4ClassRunner$1.evaluate(BlockJUnit4ClassRunner.java:100)
  at org.junit.runners.ParentRunner.runLeaf(ParentRunner.java:366)
  at org.junit.runners.BlockJUnit4ClassRunner.runChild(BlockJUnit4ClassRunner.java:103)
  at org.junit.runners.BlockJUnit4ClassRunner.runChild(BlockJUnit4ClassRunner.java:63)
  at org.junit.runners.ParentRunner$4.run(ParentRunner.java:331)
  at org.junit.runners.ParentRunner$1.schedule(ParentRunner.java:79)
  at org.junit.runners.ParentRunner.runChildren(ParentRunner.java:329)
  at org.junit.runners.ParentRunner.access$100(ParentRunner.java:66)
  at org.junit.runners.ParentRunner$2.evaluate(ParentRunner.java:293)
  at org.junit.runners.ParentRunner$3.evaluate(ParentRunner.java:306)
  at org.junit.runners.ParentRunner.run(ParentRunner.java:413)
  at org.junit.runner.JUnitCore.run(JUnitCore.java:137)
  at org.junit.runner.JUnitCore.run(JUnitCore.java:115)
  at org.gradle.api.internal.tasks.testing.junit.JUnitTestExecutor.runRequest(JUnitTestExecutor.java:175)
  at org.gradle.api.internal.tasks.testing.junit.JUnitTestExecutor.accept(JUnitTestExecutor.java:84)
  at org.gradle.api.internal.tasks.testing.junit.JUnitTestExecutor.accept(JUnitTestExecutor.java:47)
  at org.gradle.api.internal.tasks.testing.junit.AbstractJUnitTestDefinitionProcessor.processTestDefinition(AbstractJUnitTestDefinitionProcessor.java:65)
  at org.gradle.api.internal.tasks.testing.SuiteTestDefinitionProcessor.processTestDefinition(SuiteTestDefinitionProcessor.java:54)
  at java.base/jdk.internal.reflect.DirectMethodHandleAccessor.invoke(DirectMethodHandleAccessor.java:104)
  at java.base/java.lang.reflect.Method.invoke(Method.java:565)
  at org.gradle.internal.dispatch.MethodInvocation.invokeOn(MethodInvocation.java:77)
  at org.gradle.internal.dispatch.ReflectionDispatch.dispatch(ReflectionDispatch.java:28)
  at org.gradle.internal.dispatch.ReflectionDispatch.dispatch(ReflectionDispatch.java:19)
  at org.gradle.internal.dispatch.ContextClassLoaderDispatch.dispatch(ContextClassLoaderDispatch.java:33)
  at org.gradle.internal.dispatch.ProxyDispatchAdapter$DispatchingInvocationHandler.invoke(ProxyDispatchAdapter.java:88)
  at jdk.proxy1/jdk.proxy1.$Proxy4.processTestDefinition(Unknown Source)
  at org.gradle.api.internal.tasks.testing.worker.TestWorker$2.run(TestWorker.java:178)
  at org.gradle.api.internal.tasks.testing.worker.TestWorker.executeAndMaintainThreadName(TestWorker.java:126)
  at org.gradle.api.internal.tasks.testing.worker.TestWorker.execute(TestWorker.java:103)
  at org.gradle.api.internal.tasks.testing.worker.TestWorker.execute(TestWorker.java:63)
  at org.gradle.process.internal.worker.child.ActionExecutionWorker.execute(ActionExecutionWorker.java:56)
  at org.gradle.process.internal.worker.child.SystemApplicationClassLoaderWorker.call(SystemApplicationClassLoaderWorker.java:122)
  at org.gradle.process.internal.worker.child.SystemApplicationClassLoaderWorker.call(SystemApplicationClassLoaderWorker.java:72)
  at worker.org.gradle.process.internal.worker.GradleWorkerMain.run(GradleWorkerMain.java:69)
  at worker.org.gradle.process.internal.worker.GradleWorkerMain.main(GradleWorkerMain.java:74)
</stacktrace>
</test-failure>


TypeScriptCompilerTests_O[jvm] > optionalSetterParam_ts has expected errors matching optionalSetterParam_errors_txt[jvm] FAILED

<test-failure test="com.xemantic.typescript.compiler.TypeScriptCompilerTests_O.operationsAvailableOnPromisedType_ts__target_es2015__has expected errors matching baseline" platform="jvm">
<message>
Expected diagnostics from baseline typescript-repo/tests/baselines/reference/operationsAvailableOnPromisedType(target=es2015).errors.txt but none produced
</message>
<stacktrace>
  at com.xemantic.typescript.compiler.TypeScriptTestSupportKt.errorsMatchBaseline(TypeScriptTestSupport.kt:125)
  at com.xemantic.typescript.compiler.TypeScriptCompilerTests_O.operationsAvailableOnPromisedType_ts__target_es2015__has expected errors matching baseline(TypeScriptCompilerTests_O.kt:707)
  at java.base/jdk.internal.reflect.DirectMethodHandleAccessor.invoke(DirectMethodHandleAccessor.java:104)
  at java.base/java.lang.reflect.Method.invoke(Method.java:565)
  at org.junit.runners.model.FrameworkMethod$1.runReflectiveCall(FrameworkMethod.java:59)
  at org.junit.internal.runners.model.ReflectiveCallable.run(ReflectiveCallable.java:12)
  at org.junit.runners.model.FrameworkMethod.invokeExplosively(FrameworkMethod.java:56)
  at org.junit.internal.runners.statements.InvokeMethod.evaluate(InvokeMethod.java:17)
  at org.junit.runners.ParentRunner$3.evaluate(ParentRunner.java:306)
  at org.junit.runners.BlockJUnit4ClassRunner$1.evaluate(BlockJUnit4ClassRunner.java:100)
  at org.junit.runners.ParentRunner.runLeaf(ParentRunner.java:366)
  at org.junit.runners.BlockJUnit4ClassRunner.runChild(BlockJUnit4ClassRunner.java:103)
  at org.junit.runners.BlockJUnit4ClassRunner.runChild(BlockJUnit4ClassRunner.java:63)
  at org.junit.runners.ParentRunner$4.run(ParentRunner.java:331)
  at org.junit.runners.ParentRunner$1.schedule(ParentRunner.java:79)
  at org.junit.runners.ParentRunner.runChildren(ParentRunner.java:329)
  at org.junit.runners.ParentRunner.access$100(ParentRunner.java:66)
  at org.junit.runners.ParentRunner$2.evaluate(ParentRunner.java:293)
  at org.junit.runners.ParentRunner$3.evaluate(ParentRunner.java:306)
  at org.junit.runners.ParentRunner.run(ParentRunner.java:413)
  at org.junit.runner.JUnitCore.run(JUnitCore.java:137)
  at org.junit.runner.JUnitCore.run(JUnitCore.java:115)
  at org.gradle.api.internal.tasks.testing.junit.JUnitTestExecutor.runRequest(JUnitTestExecutor.java:175)
  at org.gradle.api.internal.tasks.testing.junit.JUnitTestExecutor.accept(JUnitTestExecutor.java:84)
  at org.gradle.api.internal.tasks.testing.junit.JUnitTestExecutor.accept(JUnitTestExecutor.java:47)
  at org.gradle.api.internal.tasks.testing.junit.AbstractJUnitTestDefinitionProcessor.processTestDefinition(AbstractJUnitTestDefinitionProcessor.java:65)
  at org.gradle.api.internal.tasks.testing.SuiteTestDefinitionProcessor.processTestDefinition(SuiteTestDefinitionProcessor.java:54)
  at java.base/jdk.internal.reflect.DirectMethodHandleAccessor.invoke(DirectMethodHandleAccessor.java:104)
  at java.base/java.lang.reflect.Method.invoke(Method.java:565)
  at org.gradle.internal.dispatch.MethodInvocation.invokeOn(MethodInvocation.java:77)
  at org.gradle.internal.dispatch.ReflectionDispatch.dispatch(ReflectionDispatch.java:28)
  at org.gradle.internal.dispatch.ReflectionDispatch.dispatch(ReflectionDispatch.java:19)
  at org.gradle.internal.dispatch.ContextClassLoaderDispatch.dispatch(ContextClassLoaderDispatch.java:33)
  at org.gradle.internal.dispatch.ProxyDispatchAdapter$DispatchingInvocationHandler.invoke(ProxyDispatchAdapter.java:88)
  at jdk.proxy1/jdk.proxy1.$Proxy4.processTestDefinition(Unknown Source)
  at org.gradle.api.internal.tasks.testing.worker.TestWorker$2.run(TestWorker.java:178)
  at org.gradle.api.internal.tasks.testing.worker.TestWorker.executeAndMaintainThreadName(TestWorker.java:126)
  at org.gradle.api.internal.tasks.testing.worker.TestWorker.execute(TestWorker.java:103)
  at org.gradle.api.internal.tasks.testing.worker.TestWorker.execute(TestWorker.java:63)
  at org.gradle.process.internal.worker.child.ActionExecutionWorker.execute(ActionExecutionWorker.java:56)
  at org.gradle.process.internal.worker.child.SystemApplicationClassLoaderWorker.call(SystemApplicationClassLoaderWorker.java:122)
  at org.gradle.process.internal.worker.child.SystemApplicationClassLoaderWorker.call(SystemApplicationClassLoaderWorker.java:72)
  at worker.org.gradle.process.internal.worker.GradleWorkerMain.run(GradleWorkerMain.java:69)
  at worker.org.gradle.process.internal.worker.GradleWorkerMain.main(GradleWorkerMain.java:74)
</stacktrace>
</test-failure>


TypeScriptCompilerTests_O[jvm] > operationsAvailableOnPromisedType_ts__target_es2015__has expected errors matching baseline[jvm] FAILED

<test-failure test="com.xemantic.typescript.compiler.TypeScriptCompilerTests_O.optionalParamterAndVariableDeclaration_ts has expected errors matching optionalParamterAndVariableDeclaration_errors_txt" platform="jvm">
<message>
Expected diagnostics from baseline typescript-repo/tests/baselines/reference/optionalParamterAndVariableDeclaration.errors.txt but none produced
</message>
<stacktrace>
  at com.xemantic.typescript.compiler.TypeScriptTestSupportKt.errorsMatchBaseline(TypeScriptTestSupport.kt:125)
  at com.xemantic.typescript.compiler.TypeScriptCompilerTests_O.optionalParamterAndVariableDeclaration_ts has expected errors matching optionalParamterAndVariableDeclaration_errors_txt(TypeScriptCompilerTests_O.kt:945)
  at java.base/jdk.internal.reflect.DirectMethodHandleAccessor.invoke(DirectMethodHandleAccessor.java:104)
  at java.base/java.lang.reflect.Method.invoke(Method.java:565)
  at org.junit.runners.model.FrameworkMethod$1.runReflectiveCall(FrameworkMethod.java:59)
  at org.junit.internal.runners.model.ReflectiveCallable.run(ReflectiveCallable.java:12)
  at org.junit.runners.model.FrameworkMethod.invokeExplosively(FrameworkMethod.java:56)
  at org.junit.internal.runners.statements.InvokeMethod.evaluate(InvokeMethod.java:17)
  at org.junit.runners.ParentRunner$3.evaluate(ParentRunner.java:306)
  at org.junit.runners.BlockJUnit4ClassRunner$1.evaluate(BlockJUnit4ClassRunner.java:100)
  at org.junit.runners.ParentRunner.runLeaf(ParentRunner.java:366)
  at org.junit.runners.BlockJUnit4ClassRunner.runChild(BlockJUnit4ClassRunner.java:103)
  at org.junit.runners.BlockJUnit4ClassRunner.runChild(BlockJUnit4ClassRunner.java:63)
  at org.junit.runners.ParentRunner$4.run(ParentRunner.java:331)
  at org.junit.runners.ParentRunner$1.schedule(ParentRunner.java:79)
  at org.junit.runners.ParentRunner.runChildren(ParentRunner.java:329)
  at org.junit.runners.ParentRunner.access$100(ParentRunner.java:66)
  at org.junit.runners.ParentRunner$2.evaluate(ParentRunner.java:293)
  at org.junit.runners.ParentRunner$3.evaluate(ParentRunner.java:306)
  at org.junit.runners.ParentRunner.run(ParentRunner.java:413)
  at org.junit.runner.JUnitCore.run(JUnitCore.java:137)
  at org.junit.runner.JUnitCore.run(JUnitCore.java:115)
  at org.gradle.api.internal.tasks.testing.junit.JUnitTestExecutor.runRequest(JUnitTestExecutor.java:175)
  at org.gradle.api.internal.tasks.testing.junit.JUnitTestExecutor.accept(JUnitTestExecutor.java:84)
  at org.gradle.api.internal.tasks.testing.junit.JUnitTestExecutor.accept(JUnitTestExecutor.java:47)
  at org.gradle.api.internal.tasks.testing.junit.AbstractJUnitTestDefinitionProcessor.processTestDefinition(AbstractJUnitTestDefinitionProcessor.java:65)
  at org.gradle.api.internal.tasks.testing.SuiteTestDefinitionProcessor.processTestDefinition(SuiteTestDefinitionProcessor.java:54)
  at java.base/jdk.internal.reflect.DirectMethodHandleAccessor.invoke(DirectMethodHandleAccessor.java:104)
  at java.base/java.lang.reflect.Method.invoke(Method.java:565)
  at org.gradle.internal.dispatch.MethodInvocation.invokeOn(MethodInvocation.java:77)
  at org.gradle.internal.dispatch.ReflectionDispatch.dispatch(ReflectionDispatch.java:28)
  at org.gradle.internal.dispatch.ReflectionDispatch.dispatch(ReflectionDispatch.java:19)
  at org.gradle.internal.dispatch.ContextClassLoaderDispatch.dispatch(ContextClassLoaderDispatch.java:33)
  at org.gradle.internal.dispatch.ProxyDispatchAdapter$DispatchingInvocationHandler.invoke(ProxyDispatchAdapter.java:88)
  at jdk.proxy1/jdk.proxy1.$Proxy4.processTestDefinition(Unknown Source)
  at org.gradle.api.internal.tasks.testing.worker.TestWorker$2.run(TestWorker.java:178)
  at org.gradle.api.internal.tasks.testing.worker.TestWorker.executeAndMaintainThreadName(TestWorker.java:126)
  at org.gradle.api.internal.tasks.testing.worker.TestWorker.execute(TestWorker.java:103)
  at org.gradle.api.internal.tasks.testing.worker.TestWorker.execute(TestWorker.java:63)
  at org.gradle.process.internal.worker.child.ActionExecutionWorker.execute(ActionExecutionWorker.java:56)
  at org.gradle.process.internal.worker.child.SystemApplicationClassLoaderWorker.call(SystemApplicationClassLoaderWorker.java:122)
  at org.gradle.process.internal.worker.child.SystemApplicationClassLoaderWorker.call(SystemApplicationClassLoaderWorker.java:72)
  at worker.org.gradle.process.internal.worker.GradleWorkerMain.run(GradleWorkerMain.java:69)
  at worker.org.gradle.process.internal.worker.GradleWorkerMain.main(GradleWorkerMain.java:74)
</stacktrace>
</test-failure>


TypeScriptCompilerTests_O[jvm] > optionalParamterAndVariableDeclaration_ts has expected errors matching optionalParamterAndVariableDeclaration_errors_txt[jvm] FAILED

<test-failure test="com.xemantic.typescript.compiler.TypeScriptCompilerTests_O.overloadresolutionWithConstraintCheckingDeferred_ts has expected errors matching overloadresolutionWithConstraintCheckingDeferred_errors_txt" platform="jvm">
<message>
--- expected
+++ actual
@@ -1,48 +1,8 @@
-overloadresolutionWithConstraintCheckingDeferred.ts(14,22): error TS2769: No overload matches this call.
-  Overload 1 of 3, '(arg: (x: D) => number): string', gave the following error.
-    Type 'G<A>' is not assignable to type 'number'.
-  Overload 2 of 3, '(arg: (x: C) => any): string', gave the following error.
-    Argument of type '(x: D) => G<A>' is not assignable to parameter of type '(x: C) => any'.
-      Types of parameters 'x' and 'x' are incompatible.
-        Property 'q' is missing in type 'C' but required in type 'D'.
-  Overload 3 of 3, '(arg: (x: B) => any): number', gave the following error.
-    Argument of type '(x: D) => G<A>' is not assignable to parameter of type '(x: B) => any'.
-      Types of parameters 'x' and 'x' are incompatible.
-        Property 'q' is missing in type 'B' but required in type 'D'.
-overloadresolutionWithConstraintCheckingDeferred.ts(14,37): error TS2345: Argument of type 'D' is not assignable to parameter of type 'A'.
-  Property 'x' is missing in type 'D' but required in type 'A'.
-overloadresolutionWithConstraintCheckingDeferred.ts(16,23): error TS2769: No overload matches this call.
-  Overload 1 of 3, '(arg: (x: D) => number): string', gave the following error.
-    Type 'G<D>' is not assignable to type 'number'.
-  Overload 2 of 3, '(arg: (x: C) => any): string', gave the following error.
-    Argument of type '(x: D) => G<D>' is not assignable to parameter of type '(x: C) => any'.
-      Types of parameters 'x' and 'x' are incompatible.
-        Property 'q' is missing in type 'C' but required in type 'D'.
-  Overload 3 of 3, '(arg: (x: B) => any): number', gave the following error.
-    Argument of type '(x: D) => G<D>' is not assignable to parameter of type '(x: B) => any'.
-      Types of parameters 'x' and 'x' are incompatible.
-        Property 'q' is missing in type 'B' but required in type 'D'.
-overloadresolutionWithConstraintCheckingDeferred.ts(16,38): error TS2344: Type 'D' does not satisfy the constraint 'A'.
-  Property 'x' is missing in type 'D' but required in type 'A'.
-overloadresolutionWithConstraintCheckingDeferred.ts(18,27): error TS2769: No overload matches this call.
-  Overload 1 of 3, '(arg: (x: D) => number): string', gave the following error.
-    Argument of type '(x: D) => G<D>' is not assignable to parameter of type '(x: D) => number'.
-      Type 'G<D>' is not assignable to type 'number'.
-  Overload 2 of 3, '(arg: (x: C) => any): string', gave the following error.
-    Argument of type '(x: D) => G<D>' is not assignable to parameter of type '(x: C) => any'.
-      Types of parameters 'x' and 'x' are incompatible.
-        Property 'q' is missing in type 'C' but required in type 'D'.
-  Overload 3 of 3, '(arg: (x: B) => any): number', gave the following error.
-    Argument of type '(x: D) => G<D>' is not assignable to parameter of type '(x: B) => any'.
-      Types of parameters 'x' and 'x' are incompatible.
-        Property 'q' is missing in type 'B' but required in type 'D'.
-overloadresolutionWithConstraintCheckingDeferred.ts(19,14): error TS2344: Type 'D' does not satisfy the constraint 'A'.
-  Property 'x' is missing in type 'D' but required in type 'A'.
-overloadresolutionWithConstraintCheckingDeferred.ts(19,32): error TS2345: Argument of type 'D' is not assignable to parameter of type 'A'.
-  Property 'x' is missing in type 'D' but required in type 'A'.
+overloadresolutionWithConstraintCheckingDeferred.ts(14,5): error TS2322: Type 'string' is not assignable to type 'number'.
+overloadresolutionWithConstraintCheckingDeferred.ts(16,5): error TS2322: Type 'string' is not assignable to type 'number'.
 
 
-==== overloadresolutionWithConstraintCheckingDeferred.ts (7 errors) ====
+==== overloadresolutionWithConstraintCheckingDeferred.ts (2 errors) ====
     interface A { x }
     interface B { x; y }
     interface C { z }
@@ -57,57 +17,11 @@
     declare function foo(arg: (x: B) => any): number;
     
     var result: number = foo(x => new G(x)); // x has type D, new G(x) fails, so first overload is picked.
-                         ~~~
-!!! error TS2769: No overload matches this call.
-!!! error TS2769:   Overload 1 of 3, '(arg: (x: D) => number): string', gave the following error.
-!!! error TS2769:     Type 'G<A>' is not assignable to type 'number'.
-!!! error TS2769:   Overload 2 of 3, '(arg: (x: C) => any): string', gave the following error.
-!!! error TS2769:     Argument of type '(x: D) => G<A>' is not assignable to parameter of type '(x: C) => any'.
-!!! error TS2769:       Types of parameters 'x' and 'x' are incompatible.
-!!! error TS2769:         Property 'q' is missing in type 'C' but required in type 'D'.
-!!! error TS2769:   Overload 3 of 3, '(arg: (x: B) => any): number', gave the following error.
-!!! error TS2769:     Argument of type '(x: D) => G<A>' is not assignable to parameter of type '(x: B) => any'.
-!!! error TS2769:       Types of parameters 'x' and 'x' are incompatible.
-!!! error TS2769:         Property 'q' is missing in type 'B' but required in type 'D'.
-!!! related TS6502 overloadresolutionWithConstraintCheckingDeferred.ts:10:27: The expected type comes from the return type of this signature.
-!!! related TS2728 overloadresolutionWithConstraintCheckingDeferred.ts:4:15: 'q' is declared here.
-!!! related TS2728 overloadresolutionWithConstraintCheckingDeferred.ts:4:15: 'q' is declared here.
-                                        ~
-!!! error TS2345: Argument of type 'D' is not assignable to parameter of type 'A'.
-!!! error TS2345:   Property 'x' is missing in type 'D' but required in type 'A'.
-!!! related TS2728 overloadresolutionWithConstraintCheckingDeferred.ts:1:15: 'x' is declared here.
+        ~~~~~~
+!!! error TS2322: Type 'string' is not assignable to type 'number'.
     
     var result2: number = foo(x => new G<typeof x>(x)); // x has type D, new G(x) fails, so first overload is picked.
-                          ~~~
-!!! error TS2769: No overload matches this call.
-!!! error TS2769:   Overload 1 of 3, '(arg: (x: D) => number): string', gave the following error.
-!!! error TS2769:     Type 'G<D>' is not assignable to type 'number'.
-!!! error TS2769:   Overload 2 of 3, '(arg: (x: C) => any): string', gave the following error.
-!!! error TS2769:     Argument of type '(x: D) => G<D>' is not assignable to parameter of type '(x: C) => any'.
-!!! error TS2769:       Types of parameters 'x' and 'x' are incompatible.
-!!! error TS2769:         Property 'q' is missing in type 'C' but required in type 'D'.
-!!! error TS2769:   Overload 3 of 3, '(arg: (x: B) => any): number', gave the following error.
-!!! error TS2769:     Argument of type '(x: D) => G<D>' is not assignable to parameter of type '(x: B) => any'.
-!!! error TS2769:       Types of parameters 'x' and 'x' are incompatible.
-!!! error TS2769:         Property 'q' is missing in type 'B' but required in type 'D'.
-!!! related TS6502 overloadresolutionWithConstraintCheckingDeferred.ts:10:27: The expected type comes from the return type of this signature.
-!!! related TS2728 overloadresolutionWithConstraintCheckingDeferred.ts:4:15: 'q' is declared here.
-!!! related TS2728 overloadresolutionWithConstraintCheckingDeferred.ts:4:15: 'q' is declared here.
-                                         ~~~~~~~~
-!!! error TS2344: Type 'D' does not satisfy the constraint 'A'.
-!!! error TS2344:   Property 'x' is missing in type 'D' but required in type 'A'.
-!!! related TS2728 overloadresolutionWithConstraintCheckingDeferred.ts:1:15: 'x' is declared here.
+        ~~~~~~~
+!!! error TS2322: Type 'string' is not assignable to type 'number'.
     
     var result3: string = foo(x => { // x has type D
-                              ~~~~~~~~~~~~~~~~~~~~~~
-!!! error TS2769: No overload matches this call.
-!!! error TS2769:   Overload 1 of 3, '(arg: (x: D) => number): string', gave the following error.
-!!! error TS2769:     Argument of type '(x: D) => G<D>' is not assignable to parameter of type '(x: D) => number'.
-!!! error TS2769:       Type 'G<D>' is not assignable to type 'number'.
-!!! error TS2769:   Overload 2 of 3, '(arg: (x: C) => any): string', gave the following error.
-!!! error TS2769:     Argument of type '(x: D) => G<D>' is not assignable to parameter of type '(x: C) => any'.
-!!! error TS2769:       Types of parameters 'x' and 'x' are incompatible.
-!!! error TS2769:         Property 'q' is missing in type 'C' but required in type 'D'.
-!!! error TS2769:   Overload 3 of 3, '(arg: (x: B) => any): number', gave the following error.
-!!! error TS2769:     Argument of type '(x: D) => G<D>' is not assignable to parameter of type '(x: B) => any'.
-!!! error TS2769:       Types of parameters 'x' and 'x' are incompatible.

Diff truncated: more than 100 lines changed

Expected: 127 lines
Actual: 30 lines

The differences are too extensive to show in unified diff format.
Consider comparing smaller sections or reviewing the strings directly.

</message>
<stacktrace>
  at org.junit.Assert.fail(Assert.java:89)
  at kotlin.test.junit.JUnitAsserter.fail(JUnitSupport.kt:56)
  at kotlin.test.AssertionsKt__AssertionsKt.fail(Assertions.kt:563)
  at kotlin.test.AssertionsKt.fail(Unknown Source)
  at com.xemantic.kotlin.test.SameAsKt.sameAs(SameAs.kt:52)
  at com.xemantic.typescript.compiler.TypeScriptTestSupportKt.errorsMatchBaseline(TypeScriptTestSupport.kt:135)
  at com.xemantic.typescript.compiler.TypeScriptCompilerTests_O.overloadresolutionWithConstraintCheckingDeferred_ts has expected errors matching overloadresolutionWithConstraintCheckingDeferred_errors_txt(TypeScriptCompilerTests_O.kt:1869)
  at java.base/jdk.internal.reflect.DirectMethodHandleAccessor.invoke(DirectMethodHandleAccessor.java:104)
  at java.base/java.lang.reflect.Method.invoke(Method.java:565)
  at org.junit.runners.model.FrameworkMethod$1.runReflectiveCall(FrameworkMethod.java:59)
  at org.junit.internal.runners.model.ReflectiveCallable.run(ReflectiveCallable.java:12)
  at org.junit.runners.model.FrameworkMethod.invokeExplosively(FrameworkMethod.java:56)
  at org.junit.internal.runners.statements.InvokeMethod.evaluate(InvokeMethod.java:17)
  at org.junit.runners.ParentRunner$3.evaluate(ParentRunner.java:306)
  at org.junit.runners.BlockJUnit4ClassRunner$1.evaluate(BlockJUnit4ClassRunner.java:100)
  at org.junit.runners.ParentRunner.runLeaf(ParentRunner.java:366)
  at org.junit.runners.BlockJUnit4ClassRunner.runChild(BlockJUnit4ClassRunner.java:103)
  at org.junit.runners.BlockJUnit4ClassRunner.runChild(BlockJUnit4ClassRunner.java:63)
  at org.junit.runners.ParentRunner$4.run(ParentRunner.java:331)
  at org.junit.runners.ParentRunner$1.schedule(ParentRunner.java:79)
  at org.junit.runners.ParentRunner.runChildren(ParentRunner.java:329)
  at org.junit.runners.ParentRunner.access$100(ParentRunner.java:66)
  at org.junit.runners.ParentRunner$2.evaluate(ParentRunner.java:293)
  at org.junit.runners.ParentRunner$3.evaluate(ParentRunner.java:306)
  at org.junit.runners.ParentRunner.run(ParentRunner.java:413)
  at org.junit.runner.JUnitCore.run(JUnitCore.java:137)
  at org.junit.runner.JUnitCore.run(JUnitCore.java:115)
  at org.gradle.api.internal.tasks.testing.junit.JUnitTestExecutor.runRequest(JUnitTestExecutor.java:175)
  at org.gradle.api.internal.tasks.testing.junit.JUnitTestExecutor.accept(JUnitTestExecutor.java:84)
  at org.gradle.api.internal.tasks.testing.junit.JUnitTestExecutor.accept(JUnitTestExecutor.java:47)
  at org.gradle.api.internal.tasks.testing.junit.AbstractJUnitTestDefinitionProcessor.processTestDefinition(AbstractJUnitTestDefinitionProcessor.java:65)
  at org.gradle.api.internal.tasks.testing.SuiteTestDefinitionProcessor.processTestDefinition(SuiteTestDefinitionProcessor.java:54)
  at java.base/jdk.internal.reflect.DirectMethodHandleAccessor.invoke(DirectMethodHandleAccessor.java:104)
  at java.base/java.lang.reflect.Method.invoke(Method.java:565)
  at org.gradle.internal.dispatch.MethodInvocation.invokeOn(MethodInvocation.java:77)
  at org.gradle.internal.dispatch.ReflectionDispatch.dispatch(ReflectionDispatch.java:28)
  at org.gradle.internal.dispatch.ReflectionDispatch.dispatch(ReflectionDispatch.java:19)
  at org.gradle.internal.dispatch.ContextClassLoaderDispatch.dispatch(ContextClassLoaderDispatch.java:33)
  at org.gradle.internal.dispatch.ProxyDispatchAdapter$DispatchingInvocationHandler.invoke(ProxyDispatchAdapter.java:88)
  at jdk.proxy1/jdk.proxy1.$Proxy4.processTestDefinition(Unknown Source)
  at org.gradle.api.internal.tasks.testing.worker.TestWorker$2.run(TestWorker.java:178)
  at org.gradle.api.internal.tasks.testing.worker.TestWorker.executeAndMaintainThreadName(TestWorker.java:126)
  at org.gradle.api.internal.tasks.testing.worker.TestWorker.execute(TestWorker.java:103)
  at org.gradle.api.internal.tasks.testing.worker.TestWorker.execute(TestWorker.java:63)
  at org.gradle.process.internal.worker.child.ActionExecutionWorker.execute(ActionExecutionWorker.java:56)
  at org.gradle.process.internal.worker.child.SystemApplicationClassLoaderWorker.call(SystemApplicationClassLoaderWorker.java:122)
  at org.gradle.process.internal.worker.child.SystemApplicationClassLoaderWorker.call(SystemApplicationClassLoaderWorker.java:72)
  at worker.org.gradle.process.internal.worker.GradleWorkerMain.run(GradleWorkerMain.java:69)
  at worker.org.gradle.process.internal.worker.GradleWorkerMain.main(GradleWorkerMain.java:74)
</stacktrace>
</test-failure>


TypeScriptCompilerTests_O[jvm] > overloadresolutionWithConstraintCheckingDeferred_ts has expected errors matching overloadresolutionWithConstraintCheckingDeferred_errors_txt[jvm] FAILED

<test-failure test="com.xemantic.typescript.compiler.TypeScriptCompilerTests_O.overloadOnConstNoAnyImplementation_ts has expected errors matching overloadOnConstNoAnyImplementation_errors_txt" platform="jvm">
<message>
Expected diagnostics from baseline typescript-repo/tests/baselines/reference/overloadOnConstNoAnyImplementation.errors.txt but none produced
</message>
<stacktrace>
  at com.xemantic.typescript.compiler.TypeScriptTestSupportKt.errorsMatchBaseline(TypeScriptTestSupport.kt:125)
  at com.xemantic.typescript.compiler.TypeScriptCompilerTests_O.overloadOnConstNoAnyImplementation_ts has expected errors matching overloadOnConstNoAnyImplementation_errors_txt(TypeScriptCompilerTests_O.kt:1631)
  at java.base/jdk.internal.reflect.DirectMethodHandleAccessor.invoke(DirectMethodHandleAccessor.java:104)
  at java.base/java.lang.reflect.Method.invoke(Method.java:565)
  at org.junit.runners.model.FrameworkMethod$1.runReflectiveCall(FrameworkMethod.java:59)
  at org.junit.internal.runners.model.ReflectiveCallable.run(ReflectiveCallable.java:12)
  at org.junit.runners.model.FrameworkMethod.invokeExplosively(FrameworkMethod.java:56)
  at org.junit.internal.runners.statements.InvokeMethod.evaluate(InvokeMethod.java:17)
  at org.junit.runners.ParentRunner$3.evaluate(ParentRunner.java:306)
  at org.junit.runners.BlockJUnit4ClassRunner$1.evaluate(BlockJUnit4ClassRunner.java:100)
  at org.junit.runners.ParentRunner.runLeaf(ParentRunner.java:366)
  at org.junit.runners.BlockJUnit4ClassRunner.runChild(BlockJUnit4ClassRunner.java:103)
  at org.junit.runners.BlockJUnit4ClassRunner.runChild(BlockJUnit4ClassRunner.java:63)
  at org.junit.runners.ParentRunner$4.run(ParentRunner.java:331)
  at org.junit.runners.ParentRunner$1.schedule(ParentRunner.java:79)
  at org.junit.runners.ParentRunner.runChildren(ParentRunner.java:329)
  at org.junit.runners.ParentRunner.access$100(ParentRunner.java:66)
  at org.junit.runners.ParentRunner$2.evaluate(ParentRunner.java:293)
  at org.junit.runners.ParentRunner$3.evaluate(ParentRunner.java:306)
  at org.junit.runners.ParentRunner.run(ParentRunner.java:413)
  at org.junit.runner.JUnitCore.run(JUnitCore.java:137)
  at org.junit.runner.JUnitCore.run(JUnitCore.java:115)
  at org.gradle.api.internal.tasks.testing.junit.JUnitTestExecutor.runRequest(JUnitTestExecutor.java:175)
  at org.gradle.api.internal.tasks.testing.junit.JUnitTestExecutor.accept(JUnitTestExecutor.java:84)
  at org.gradle.api.internal.tasks.testing.junit.JUnitTestExecutor.accept(JUnitTestExecutor.java:47)
  at org.gradle.api.internal.tasks.testing.junit.AbstractJUnitTestDefinitionProcessor.processTestDefinition(AbstractJUnitTestDefinitionProcessor.java:65)
  at org.gradle.api.internal.tasks.testing.SuiteTestDefinitionProcessor.processTestDefinition(SuiteTestDefinitionProcessor.java:54)
  at java.base/jdk.internal.reflect.DirectMethodHandleAccessor.invoke(DirectMethodHandleAccessor.java:104)
  at java.base/java.lang.reflect.Method.invoke(Method.java:565)
  at org.gradle.internal.dispatch.MethodInvocation.invokeOn(MethodInvocation.java:77)
  at org.gradle.internal.dispatch.ReflectionDispatch.dispatch(ReflectionDispatch.java:28)
  at org.gradle.internal.dispatch.ReflectionDispatch.dispatch(ReflectionDispatch.java:19)
  at org.gradle.internal.dispatch.ContextClassLoaderDispatch.dispatch(ContextClassLoaderDispatch.java:33)
  at org.gradle.internal.dispatch.ProxyDispatchAdapter$DispatchingInvocationHandler.invoke(ProxyDispatchAdapter.java:88)
  at jdk.proxy1/jdk.proxy1.$Proxy4.processTestDefinition(Unknown Source)
  at org.gradle.api.internal.tasks.testing.worker.TestWorker$2.run(TestWorker.java:178)
  at org.gradle.api.internal.tasks.testing.worker.TestWorker.executeAndMaintainThreadName(TestWorker.java:126)
  at org.gradle.api.internal.tasks.testing.worker.TestWorker.execute(TestWorker.java:103)
  at org.gradle.api.internal.tasks.testing.worker.TestWorker.execute(TestWorker.java:63)
  at org.gradle.process.internal.worker.child.ActionExecutionWorker.execute(ActionExecutionWorker.java:56)
  at org.gradle.process.internal.worker.child.SystemApplicationClassLoaderWorker.call(SystemApplicationClassLoaderWorker.java:122)
  at org.gradle.process.internal.worker.child.SystemApplicationClassLoaderWorker.call(SystemApplicationClassLoaderWorker.java:72)
  at worker.org.gradle.process.internal.worker.GradleWorkerMain.run(GradleWorkerMain.java:69)
  at worker.org.gradle.process.internal.worker.GradleWorkerMain.main(GradleWorkerMain.java:74)
</stacktrace>
</test-failure>


TypeScriptCompilerTests_O[jvm] > overloadOnConstNoAnyImplementation_ts has expected errors matching overloadOnConstNoAnyImplementation_errors_txt[jvm] FAILED

<test-failure test="com.xemantic.typescript.compiler.TypeScriptCompilerTests_O.overloadsInDifferentContainersDisagreeOnAmbient_ts has expected errors matching overloadsInDifferentContainersDisagreeOnAmbient_errors_txt" platform="jvm">
<message>
Expected diagnostics from baseline typescript-repo/tests/baselines/reference/overloadsInDifferentContainersDisagreeOnAmbient.errors.txt but none produced
</message>
<stacktrace>
  at com.xemantic.typescript.compiler.TypeScriptTestSupportKt.errorsMatchBaseline(TypeScriptTestSupport.kt:125)
  at com.xemantic.typescript.compiler.TypeScriptCompilerTests_O.overloadsInDifferentContainersDisagreeOnAmbient_ts has expected errors matching overloadsInDifferentContainersDisagreeOnAmbient_errors_txt(TypeScriptCompilerTests_O.kt:1904)
  at java.base/jdk.internal.reflect.DirectMethodHandleAccessor.invoke(DirectMethodHandleAccessor.java:104)
  at java.base/java.lang.reflect.Method.invoke(Method.java:565)
  at org.junit.runners.model.FrameworkMethod$1.runReflectiveCall(FrameworkMethod.java:59)
  at org.junit.internal.runners.model.ReflectiveCallable.run(ReflectiveCallable.java:12)
  at org.junit.runners.model.FrameworkMethod.invokeExplosively(FrameworkMethod.java:56)
  at org.junit.internal.runners.statements.InvokeMethod.evaluate(InvokeMethod.java:17)
  at org.junit.runners.ParentRunner$3.evaluate(ParentRunner.java:306)
  at org.junit.runners.BlockJUnit4ClassRunner$1.evaluate(BlockJUnit4ClassRunner.java:100)
  at org.junit.runners.ParentRunner.runLeaf(ParentRunner.java:366)
  at org.junit.runners.BlockJUnit4ClassRunner.runChild(BlockJUnit4ClassRunner.java:103)
  at org.junit.runners.BlockJUnit4ClassRunner.runChild(BlockJUnit4ClassRunner.java:63)
  at org.junit.runners.ParentRunner$4.run(ParentRunner.java:331)
  at org.junit.runners.ParentRunner$1.schedule(ParentRunner.java:79)
  at org.junit.runners.ParentRunner.runChildren(ParentRunner.java:329)
  at org.junit.runners.ParentRunner.access$100(ParentRunner.java:66)
  at org.junit.runners.ParentRunner$2.evaluate(ParentRunner.java:293)
  at org.junit.runners.ParentRunner$3.evaluate(ParentRunner.java:306)
  at org.junit.runners.ParentRunner.run(ParentRunner.java:413)
  at org.junit.runner.JUnitCore.run(JUnitCore.java:137)
  at org.junit.runner.JUnitCore.run(JUnitCore.java:115)
  at org.gradle.api.internal.tasks.testing.junit.JUnitTestExecutor.runRequest(JUnitTestExecutor.java:175)
  at org.gradle.api.internal.tasks.testing.junit.JUnitTestExecutor.accept(JUnitTestExecutor.java:84)
  at org.gradle.api.internal.tasks.testing.junit.JUnitTestExecutor.accept(JUnitTestExecutor.java:47)
  at org.gradle.api.internal.tasks.testing.junit.AbstractJUnitTestDefinitionProcessor.processTestDefinition(AbstractJUnitTestDefinitionProcessor.java:65)
  at org.gradle.api.internal.tasks.testing.SuiteTestDefinitionProcessor.processTestDefinition(SuiteTestDefinitionProcessor.java:54)
  at java.base/jdk.internal.reflect.DirectMethodHandleAccessor.invoke(DirectMethodHandleAccessor.java:104)
  at java.base/java.lang.reflect.Method.invoke(Method.java:565)
  at org.gradle.internal.dispatch.MethodInvocation.invokeOn(MethodInvocation.java:77)
  at org.gradle.internal.dispatch.ReflectionDispatch.dispatch(ReflectionDispatch.java:28)
  at org.gradle.internal.dispatch.ReflectionDispatch.dispatch(ReflectionDispatch.java:19)
  at org.gradle.internal.dispatch.ContextClassLoaderDispatch.dispatch(ContextClassLoaderDispatch.java:33)
  at org.gradle.internal.dispatch.ProxyDispatchAdapter$DispatchingInvocationHandler.invoke(ProxyDispatchAdapter.java:88)
  at jdk.proxy1/jdk.proxy1.$Proxy4.processTestDefinition(Unknown Source)
  at org.gradle.api.internal.tasks.testing.worker.TestWorker$2.run(TestWorker.java:178)
  at org.gradle.api.internal.tasks.testing.worker.TestWorker.executeAndMaintainThreadName(TestWorker.java:126)
  at org.gradle.api.internal.tasks.testing.worker.TestWorker.execute(TestWorker.java:103)
  at org.gradle.api.internal.tasks.testing.worker.TestWorker.execute(TestWorker.java:63)
  at org.gradle.process.internal.worker.child.ActionExecutionWorker.execute(ActionExecutionWorker.java:56)
  at org.gradle.process.internal.worker.child.SystemApplicationClassLoaderWorker.call(SystemApplicationClassLoaderWorker.java:122)
  at org.gradle.process.internal.worker.child.SystemApplicationClassLoaderWorker.call(SystemApplicationClassLoaderWorker.java:72)
  at worker.org.gradle.process.internal.worker.GradleWorkerMain.run(GradleWorkerMain.java:69)
  at worker.org.gradle.process.internal.worker.GradleWorkerMain.main(GradleWorkerMain.java:74)
</stacktrace>
</test-failure>


TypeScriptCompilerTests_O[jvm] > overloadsInDifferentContainersDisagreeOnAmbient_ts has expected errors matching overloadsInDifferentContainersDisagreeOnAmbient_errors_txt[jvm] FAILED

<test-failure test="com.xemantic.typescript.compiler.TypeScriptCompilerTests_O.optionalPropertiesTest_ts has expected errors matching optionalPropertiesTest_errors_txt" platform="jvm">
<message>
Expected diagnostics from baseline typescript-repo/tests/baselines/reference/optionalPropertiesTest.errors.txt but none produced
</message>
<stacktrace>
  at com.xemantic.typescript.compiler.TypeScriptTestSupportKt.errorsMatchBaseline(TypeScriptTestSupport.kt:125)
  at com.xemantic.typescript.compiler.TypeScriptCompilerTests_O.optionalPropertiesTest_ts has expected errors matching optionalPropertiesTest_errors_txt(TypeScriptCompilerTests_O.kt:1001)
  at java.base/jdk.internal.reflect.DirectMethodHandleAccessor.invoke(DirectMethodHandleAccessor.java:104)
  at java.base/java.lang.reflect.Method.invoke(Method.java:565)
  at org.junit.runners.model.FrameworkMethod$1.runReflectiveCall(FrameworkMethod.java:59)
  at org.junit.internal.runners.model.ReflectiveCallable.run(ReflectiveCallable.java:12)
  at org.junit.runners.model.FrameworkMethod.invokeExplosively(FrameworkMethod.java:56)
  at org.junit.internal.runners.statements.InvokeMethod.evaluate(InvokeMethod.java:17)
  at org.junit.runners.ParentRunner$3.evaluate(ParentRunner.java:306)
  at org.junit.runners.BlockJUnit4ClassRunner$1.evaluate(BlockJUnit4ClassRunner.java:100)
  at org.junit.runners.ParentRunner.runLeaf(ParentRunner.java:366)
  at org.junit.runners.BlockJUnit4ClassRunner.runChild(BlockJUnit4ClassRunner.java:103)
  at org.junit.runners.BlockJUnit4ClassRunner.runChild(BlockJUnit4ClassRunner.java:63)
  at org.junit.runners.ParentRunner$4.run(ParentRunner.java:331)
  at org.junit.runners.ParentRunner$1.schedule(ParentRunner.java:79)
  at org.junit.runners.ParentRunner.runChildren(ParentRunner.java:329)
  at org.junit.runners.ParentRunner.access$100(ParentRunner.java:66)
  at org.junit.runners.ParentRunner$2.evaluate(ParentRunner.java:293)
  at org.junit.runners.ParentRunner$3.evaluate(ParentRunner.java:306)
  at org.junit.runners.ParentRunner.run(ParentRunner.java:413)
  at org.junit.runner.JUnitCore.run(JUnitCore.java:137)
  at org.junit.runner.JUnitCore.run(JUnitCore.java:115)
  at org.gradle.api.internal.tasks.testing.junit.JUnitTestExecutor.runRequest(JUnitTestExecutor.java:175)
  at org.gradle.api.internal.tasks.testing.junit.JUnitTestExecutor.accept(JUnitTestExecutor.java:84)
  at org.gradle.api.internal.tasks.testing.junit.JUnitTestExecutor.accept(JUnitTestExecutor.java:47)
  at org.gradle.api.internal.tasks.testing.junit.AbstractJUnitTestDefinitionProcessor.processTestDefinition(AbstractJUnitTestDefinitionProcessor.java:65)
  at org.gradle.api.internal.tasks.testing.SuiteTestDefinitionProcessor.processTestDefinition(SuiteTestDefinitionProcessor.java:54)
  at java.base/jdk.internal.reflect.DirectMethodHandleAccessor.invoke(DirectMethodHandleAccessor.java:104)
  at java.base/java.lang.reflect.Method.invoke(Method.java:565)
  at org.gradle.internal.dispatch.MethodInvocation.invokeOn(MethodInvocation.java:77)
  at org.gradle.internal.dispatch.ReflectionDispatch.dispatch(ReflectionDispatch.java:28)
  at org.gradle.internal.dispatch.ReflectionDispatch.dispatch(ReflectionDispatch.java:19)
  at org.gradle.internal.dispatch.ContextClassLoaderDispatch.dispatch(ContextClassLoaderDispatch.java:33)
  at org.gradle.internal.dispatch.ProxyDispatchAdapter$DispatchingInvocationHandler.invoke(ProxyDispatchAdapter.java:88)
  at jdk.proxy1/jdk.proxy1.$Proxy4.processTestDefinition(Unknown Source)
  at org.gradle.api.internal.tasks.testing.worker.TestWorker$2.run(TestWorker.java:178)
  at org.gradle.api.internal.tasks.testing.worker.TestWorker.executeAndMaintainThreadName(TestWorker.java:126)
  at org.gradle.api.internal.tasks.testing.worker.TestWorker.execute(TestWorker.java:103)
  at org.gradle.api.internal.tasks.testing.worker.TestWorker.execute(TestWorker.java:63)
  at org.gradle.process.internal.worker.child.ActionExecutionWorker.execute(ActionExecutionWorker.java:56)
  at org.gradle.process.internal.worker.child.SystemApplicationClassLoaderWorker.call(SystemApplicationClassLoaderWorker.java:122)
  at org.gradle.process.internal.worker.child.SystemApplicationClassLoaderWorker.call(SystemApplicationClassLoaderWorker.java:72)
  at worker.org.gradle.process.internal.worker.GradleWorkerMain.run(GradleWorkerMain.java:69)
  at worker.org.gradle.process.internal.worker.GradleWorkerMain.main(GradleWorkerMain.java:74)
</stacktrace>
</test-failure>


TypeScriptCompilerTests_O[jvm] > optionalPropertiesTest_ts has expected errors matching optionalPropertiesTest_errors_txt[jvm] FAILED

<test-failure test="com.xemantic.typescript.compiler.TypeScriptCompilerTests_O.overload1_ts has expected errors matching overload1_errors_txt" platform="jvm">
<message>
Expected diagnostics from baseline typescript-repo/tests/baselines/reference/overload1.errors.txt but none produced
</message>
<stacktrace>
  at com.xemantic.typescript.compiler.TypeScriptTestSupportKt.errorsMatchBaseline(TypeScriptTestSupport.kt:125)
  at com.xemantic.typescript.compiler.TypeScriptCompilerTests_O.overload1_ts has expected errors matching overload1_errors_txt(TypeScriptCompilerTests_O.kt:1358)
  at java.base/jdk.internal.reflect.DirectMethodHandleAccessor.invoke(DirectMethodHandleAccessor.java:104)
  at java.base/java.lang.reflect.Method.invoke(Method.java:565)
  at org.junit.runners.model.FrameworkMethod$1.runReflectiveCall(FrameworkMethod.java:59)
  at org.junit.internal.runners.model.ReflectiveCallable.run(ReflectiveCallable.java:12)
  at org.junit.runners.model.FrameworkMethod.invokeExplosively(FrameworkMethod.java:56)
  at org.junit.internal.runners.statements.InvokeMethod.evaluate(InvokeMethod.java:17)
  at org.junit.runners.ParentRunner$3.evaluate(ParentRunner.java:306)
  at org.junit.runners.BlockJUnit4ClassRunner$1.evaluate(BlockJUnit4ClassRunner.java:100)
  at org.junit.runners.ParentRunner.runLeaf(ParentRunner.java:366)
  at org.junit.runners.BlockJUnit4ClassRunner.runChild(BlockJUnit4ClassRunner.java:103)
  at org.junit.runners.BlockJUnit4ClassRunner.runChild(BlockJUnit4ClassRunner.java:63)
  at org.junit.runners.ParentRunner$4.run(ParentRunner.java:331)
  at org.junit.runners.ParentRunner$1.schedule(ParentRunner.java:79)
  at org.junit.runners.ParentRunner.runChildren(ParentRunner.java:329)
  at org.junit.runners.ParentRunner.access$100(ParentRunner.java:66)
  at org.junit.runners.ParentRunner$2.evaluate(ParentRunner.java:293)
  at org.junit.runners.ParentRunner$3.evaluate(ParentRunner.java:306)
  at org.junit.runners.ParentRunner.run(ParentRunner.java:413)
  at org.junit.runner.JUnitCore.run(JUnitCore.java:137)
  at org.junit.runner.JUnitCore.run(JUnitCore.java:115)
  at org.gradle.api.internal.tasks.testing.junit.JUnitTestExecutor.runRequest(JUnitTestExecutor.java:175)
  at org.gradle.api.internal.tasks.testing.junit.JUnitTestExecutor.accept(JUnitTestExecutor.java:84)
  at org.gradle.api.internal.tasks.testing.junit.JUnitTestExecutor.accept(JUnitTestExecutor.java:47)
  at org.gradle.api.internal.tasks.testing.junit.AbstractJUnitTestDefinitionProcessor.processTestDefinition(AbstractJUnitTestDefinitionProcessor.java:65)
  at org.gradle.api.internal.tasks.testing.SuiteTestDefinitionProcessor.processTestDefinition(SuiteTestDefinitionProcessor.java:54)
  at java.base/jdk.internal.reflect.DirectMethodHandleAccessor.invoke(DirectMethodHandleAccessor.java:104)
  at java.base/java.lang.reflect.Method.invoke(Method.java:565)
  at org.gradle.internal.dispatch.MethodInvocation.invokeOn(MethodInvocation.java:77)
  at org.gradle.internal.dispatch.ReflectionDispatch.dispatch(ReflectionDispatch.java:28)
  at org.gradle.internal.dispatch.ReflectionDispatch.dispatch(ReflectionDispatch.java:19)
  at org.gradle.internal.dispatch.ContextClassLoaderDispatch.dispatch(ContextClassLoaderDispatch.java:33)
  at org.gradle.internal.dispatch.ProxyDispatchAdapter$DispatchingInvocationHandler.invoke(ProxyDispatchAdapter.java:88)
  at jdk.proxy1/jdk.proxy1.$Proxy4.processTestDefinition(Unknown Source)
  at org.gradle.api.internal.tasks.testing.worker.TestWorker$2.run(TestWorker.java:178)
  at org.gradle.api.internal.tasks.testing.worker.TestWorker.executeAndMaintainThreadName(TestWorker.java:126)
  at org.gradle.api.internal.tasks.testing.worker.TestWorker.execute(TestWorker.java:103)
  at org.gradle.api.internal.tasks.testing.worker.TestWorker.execute(TestWorker.java:63)
  at org.gradle.process.internal.worker.child.ActionExecutionWorker.execute(ActionExecutionWorker.java:56)
  at org.gradle.process.internal.worker.child.SystemApplicationClassLoaderWorker.call(SystemApplicationClassLoaderWorker.java:122)
  at org.gradle.process.internal.worker.child.SystemApplicationClassLoaderWorker.call(SystemApplicationClassLoaderWorker.java:72)
  at worker.org.gradle.process.internal.worker.GradleWorkerMain.run(GradleWorkerMain.java:69)
  at worker.org.gradle.process.internal.worker.GradleWorkerMain.main(GradleWorkerMain.java:74)
</stacktrace>
</test-failure>


TypeScriptCompilerTests_O[jvm] > overload1_ts has expected errors matching overload1_errors_txt[jvm] FAILED

<test-failure test="com.xemantic.typescript.compiler.TypeScriptCompilerTests_O.optionalParameterProperty_ts has expected errors matching optionalParameterProperty_errors_txt" platform="jvm">
<message>
Expected diagnostics from baseline typescript-repo/tests/baselines/reference/optionalParameterProperty.errors.txt but none produced
</message>
<stacktrace>
  at com.xemantic.typescript.compiler.TypeScriptTestSupportKt.errorsMatchBaseline(TypeScriptTestSupport.kt:125)
  at com.xemantic.typescript.compiler.TypeScriptCompilerTests_O.optionalParameterProperty_ts has expected errors matching optionalParameterProperty_errors_txt(TypeScriptCompilerTests_O.kt:924)
  at java.base/jdk.internal.reflect.DirectMethodHandleAccessor.invoke(DirectMethodHandleAccessor.java:104)
  at java.base/java.lang.reflect.Method.invoke(Method.java:565)
  at org.junit.runners.model.FrameworkMethod$1.runReflectiveCall(FrameworkMethod.java:59)
  at org.junit.internal.runners.model.ReflectiveCallable.run(ReflectiveCallable.java:12)
  at org.junit.runners.model.FrameworkMethod.invokeExplosively(FrameworkMethod.java:56)
  at org.junit.internal.runners.statements.InvokeMethod.evaluate(InvokeMethod.java:17)
  at org.junit.runners.ParentRunner$3.evaluate(ParentRunner.java:306)
  at org.junit.runners.BlockJUnit4ClassRunner$1.evaluate(BlockJUnit4ClassRunner.java:100)
  at org.junit.runners.ParentRunner.runLeaf(ParentRunner.java:366)
  at org.junit.runners.BlockJUnit4ClassRunner.runChild(BlockJUnit4ClassRunner.java:103)
  at org.junit.runners.BlockJUnit4ClassRunner.runChild(BlockJUnit4ClassRunner.java:63)
  at org.junit.runners.ParentRunner$4.run(ParentRunner.java:331)
  at org.junit.runners.ParentRunner$1.schedule(ParentRunner.java:79)
  at org.junit.runners.ParentRunner.runChildren(ParentRunner.java:329)
  at org.junit.runners.ParentRunner.access$100(ParentRunner.java:66)
  at org.junit.runners.ParentRunner$2.evaluate(ParentRunner.java:293)
  at org.junit.runners.ParentRunner$3.evaluate(ParentRunner.java:306)
  at org.junit.runners.ParentRunner.run(ParentRunner.java:413)
  at org.junit.runner.JUnitCore.run(JUnitCore.java:137)
  at org.junit.runner.JUnitCore.run(JUnitCore.java:115)
  at org.gradle.api.internal.tasks.testing.junit.JUnitTestExecutor.runRequest(JUnitTestExecutor.java:175)
  at org.gradle.api.internal.tasks.testing.junit.JUnitTestExecutor.accept(JUnitTestExecutor.java:84)
  at org.gradle.api.internal.tasks.testing.junit.JUnitTestExecutor.accept(JUnitTestExecutor.java:47)
  at org.gradle.api.internal.tasks.testing.junit.AbstractJUnitTestDefinitionProcessor.processTestDefinition(AbstractJUnitTestDefinitionProcessor.java:65)
  at org.gradle.api.internal.tasks.testing.SuiteTestDefinitionProcessor.processTestDefinition(SuiteTestDefinitionProcessor.java:54)
  at java.base/jdk.internal.reflect.DirectMethodHandleAccessor.invoke(DirectMethodHandleAccessor.java:104)
  at java.base/java.lang.reflect.Method.invoke(Method.java:565)
  at org.gradle.internal.dispatch.MethodInvocation.invokeOn(MethodInvocation.java:77)
  at org.gradle.internal.dispatch.ReflectionDispatch.dispatch(ReflectionDispatch.java:28)
  at org.gradle.internal.dispatch.ReflectionDispatch.dispatch(ReflectionDispatch.java:19)
  at org.gradle.internal.dispatch.ContextClassLoaderDispatch.dispatch(ContextClassLoaderDispatch.java:33)
  at org.gradle.internal.dispatch.ProxyDispatchAdapter$DispatchingInvocationHandler.invoke(ProxyDispatchAdapter.java:88)
  at jdk.proxy1/jdk.proxy1.$Proxy4.processTestDefinition(Unknown Source)
  at org.gradle.api.internal.tasks.testing.worker.TestWorker$2.run(TestWorker.java:178)
  at org.gradle.api.internal.tasks.testing.worker.TestWorker.executeAndMaintainThreadName(TestWorker.java:126)
  at org.gradle.api.internal.tasks.testing.worker.TestWorker.execute(TestWorker.java:103)
  at org.gradle.api.internal.tasks.testing.worker.TestWorker.execute(TestWorker.java:63)
  at org.gradle.process.internal.worker.child.ActionExecutionWorker.execute(ActionExecutionWorker.java:56)
  at org.gradle.process.internal.worker.child.SystemApplicationClassLoaderWorker.call(SystemApplicationClassLoaderWorker.java:122)
  at org.gradle.process.internal.worker.child.SystemApplicationClassLoaderWorker.call(SystemApplicationClassLoaderWorker.java:72)
  at worker.org.gradle.process.internal.worker.GradleWorkerMain.run(GradleWorkerMain.java:69)
  at worker.org.gradle.process.internal.worker.GradleWorkerMain.main(GradleWorkerMain.java:74)
</stacktrace>
</test-failure>


TypeScriptCompilerTests_O[jvm] > optionalParameterProperty_ts has expected errors matching optionalParameterProperty_errors_txt[jvm] FAILED

<test-failure test="com.xemantic.typescript.compiler.TypeScriptCompilerTests_O.omitTypeHelperModifiers01_ts has expected errors matching omitTypeHelperModifiers01_errors_txt" platform="jvm">
<message>
Expected diagnostics from baseline typescript-repo/tests/baselines/reference/omitTypeHelperModifiers01.errors.txt but none produced
</message>
<stacktrace>
  at com.xemantic.typescript.compiler.TypeScriptTestSupportKt.errorsMatchBaseline(TypeScriptTestSupport.kt:125)
  at com.xemantic.typescript.compiler.TypeScriptCompilerTests_O.omitTypeHelperModifiers01_ts has expected errors matching omitTypeHelperModifiers01_errors_txt(TypeScriptCompilerTests_O.kt:651)
  at java.base/jdk.internal.reflect.DirectMethodHandleAccessor.invoke(DirectMethodHandleAccessor.java:104)
  at java.base/java.lang.reflect.Method.invoke(Method.java:565)
  at org.junit.runners.model.FrameworkMethod$1.runReflectiveCall(FrameworkMethod.java:59)
  at org.junit.internal.runners.model.ReflectiveCallable.run(ReflectiveCallable.java:12)
  at org.junit.runners.model.FrameworkMethod.invokeExplosively(FrameworkMethod.java:56)
  at org.junit.internal.runners.statements.InvokeMethod.evaluate(InvokeMethod.java:17)
  at org.junit.runners.ParentRunner$3.evaluate(ParentRunner.java:306)
  at org.junit.runners.BlockJUnit4ClassRunner$1.evaluate(BlockJUnit4ClassRunner.java:100)
  at org.junit.runners.ParentRunner.runLeaf(ParentRunner.java:366)
  at org.junit.runners.BlockJUnit4ClassRunner.runChild(BlockJUnit4ClassRunner.java:103)
  at org.junit.runners.BlockJUnit4ClassRunner.runChild(BlockJUnit4ClassRunner.java:63)
  at org.junit.runners.ParentRunner$4.run(ParentRunner.java:331)
  at org.junit.runners.ParentRunner$1.schedule(ParentRunner.java:79)
  at org.junit.runners.ParentRunner.runChildren(ParentRunner.java:329)
  at org.junit.runners.ParentRunner.access$100(ParentRunner.java:66)
  at org.junit.runners.ParentRunner$2.evaluate(ParentRunner.java:293)
  at org.junit.runners.ParentRunner$3.evaluate(ParentRunner.java:306)
  at org.junit.runners.ParentRunner.run(ParentRunner.java:413)
  at org.junit.runner.JUnitCore.run(JUnitCore.java:137)
  at org.junit.runner.JUnitCore.run(JUnitCore.java:115)
  at org.gradle.api.internal.tasks.testing.junit.JUnitTestExecutor.runRequest(JUnitTestExecutor.java:175)
  at org.gradle.api.internal.tasks.testing.junit.JUnitTestExecutor.accept(JUnitTestExecutor.java:84)
  at org.gradle.api.internal.tasks.testing.junit.JUnitTestExecutor.accept(JUnitTestExecutor.java:47)
  at org.gradle.api.internal.tasks.testing.junit.AbstractJUnitTestDefinitionProcessor.processTestDefinition(AbstractJUnitTestDefinitionProcessor.java:65)
  at org.gradle.api.internal.tasks.testing.SuiteTestDefinitionProcessor.processTestDefinition(SuiteTestDefinitionProcessor.java:54)
  at java.base/jdk.internal.reflect.DirectMethodHandleAccessor.invoke(DirectMethodHandleAccessor.java:104)
  at java.base/java.lang.reflect.Method.invoke(Method.java:565)
  at org.gradle.internal.dispatch.MethodInvocation.invokeOn(MethodInvocation.java:77)
  at org.gradle.internal.dispatch.ReflectionDispatch.dispatch(ReflectionDispatch.java:28)
  at org.gradle.internal.dispatch.ReflectionDispatch.dispatch(ReflectionDispatch.java:19)
  at org.gradle.internal.dispatch.ContextClassLoaderDispatch.dispatch(ContextClassLoaderDispatch.java:33)
  at org.gradle.internal.dispatch.ProxyDispatchAdapter$DispatchingInvocationHandler.invoke(ProxyDispatchAdapter.java:88)
  at jdk.proxy1/jdk.proxy1.$Proxy4.processTestDefinition(Unknown Source)
  at org.gradle.api.internal.tasks.testing.worker.TestWorker$2.run(TestWorker.java:178)
  at org.gradle.api.internal.tasks.testing.worker.TestWorker.executeAndMaintainThreadName(TestWorker.java:126)
  at org.gradle.api.internal.tasks.testing.worker.TestWorker.execute(TestWorker.java:103)
  at org.gradle.api.internal.tasks.testing.worker.TestWorker.execute(TestWorker.java:63)
  at org.gradle.process.internal.worker.child.ActionExecutionWorker.execute(ActionExecutionWorker.java:56)
  at org.gradle.process.internal.worker.child.SystemApplicationClassLoaderWorker.call(SystemApplicationClassLoaderWorker.java:122)
  at org.gradle.process.internal.worker.child.SystemApplicationClassLoaderWorker.call(SystemApplicationClassLoaderWorker.java:72)
  at worker.org.gradle.process.internal.worker.GradleWorkerMain.run(GradleWorkerMain.java:69)
  at worker.org.gradle.process.internal.worker.GradleWorkerMain.main(GradleWorkerMain.java:74)
</stacktrace>
</test-failure>


TypeScriptCompilerTests_O[jvm] > omitTypeHelperModifiers01_ts has expected errors matching omitTypeHelperModifiers01_errors_txt[jvm] FAILED

<test-failure test="com.xemantic.typescript.compiler.TypeScriptCompilerTests_O.overloadingOnConstants1_ts has expected errors matching overloadingOnConstants1_errors_txt" platform="jvm">
<message>
Expected diagnostics from baseline typescript-repo/tests/baselines/reference/overloadingOnConstants1.errors.txt but none produced
</message>
<stacktrace>
  at com.xemantic.typescript.compiler.TypeScriptTestSupportKt.errorsMatchBaseline(TypeScriptTestSupport.kt:125)
  at com.xemantic.typescript.compiler.TypeScriptCompilerTests_O.overloadingOnConstants1_ts has expected errors matching overloadingOnConstants1_errors_txt(TypeScriptCompilerTests_O.kt:1820)
  at java.base/jdk.internal.reflect.DirectMethodHandleAccessor.invoke(DirectMethodHandleAccessor.java:104)
  at java.base/java.lang.reflect.Method.invoke(Method.java:565)
  at org.junit.runners.model.FrameworkMethod$1.runReflectiveCall(FrameworkMethod.java:59)
  at org.junit.internal.runners.model.ReflectiveCallable.run(ReflectiveCallable.java:12)
  at org.junit.runners.model.FrameworkMethod.invokeExplosively(FrameworkMethod.java:56)
  at org.junit.internal.runners.statements.InvokeMethod.evaluate(InvokeMethod.java:17)
  at org.junit.runners.ParentRunner$3.evaluate(ParentRunner.java:306)
  at org.junit.runners.BlockJUnit4ClassRunner$1.evaluate(BlockJUnit4ClassRunner.java:100)
  at org.junit.runners.ParentRunner.runLeaf(ParentRunner.java:366)
  at org.junit.runners.BlockJUnit4ClassRunner.runChild(BlockJUnit4ClassRunner.java:103)
  at org.junit.runners.BlockJUnit4ClassRunner.runChild(BlockJUnit4ClassRunner.java:63)
  at org.junit.runners.ParentRunner$4.run(ParentRunner.java:331)
  at org.junit.runners.ParentRunner$1.schedule(ParentRunner.java:79)
  at org.junit.runners.ParentRunner.runChildren(ParentRunner.java:329)
  at org.junit.runners.ParentRunner.access$100(ParentRunner.java:66)
  at org.junit.runners.ParentRunner$2.evaluate(ParentRunner.java:293)
  at org.junit.runners.ParentRunner$3.evaluate(ParentRunner.java:306)
  at org.junit.runners.ParentRunner.run(ParentRunner.java:413)
  at org.junit.runner.JUnitCore.run(JUnitCore.java:137)
  at org.junit.runner.JUnitCore.run(JUnitCore.java:115)
  at org.gradle.api.internal.tasks.testing.junit.JUnitTestExecutor.runRequest(JUnitTestExecutor.java:175)
  at org.gradle.api.internal.tasks.testing.junit.JUnitTestExecutor.accept(JUnitTestExecutor.java:84)
  at org.gradle.api.internal.tasks.testing.junit.JUnitTestExecutor.accept(JUnitTestExecutor.java:47)
  at org.gradle.api.internal.tasks.testing.junit.AbstractJUnitTestDefinitionProcessor.processTestDefinition(AbstractJUnitTestDefinitionProcessor.java:65)
  at org.gradle.api.internal.tasks.testing.SuiteTestDefinitionProcessor.processTestDefinition(SuiteTestDefinitionProcessor.java:54)
  at java.base/jdk.internal.reflect.DirectMethodHandleAccessor.invoke(DirectMethodHandleAccessor.java:104)
  at java.base/java.lang.reflect.Method.invoke(Method.java:565)
  at org.gradle.internal.dispatch.MethodInvocation.invokeOn(MethodInvocation.java:77)
  at org.gradle.internal.dispatch.ReflectionDispatch.dispatch(ReflectionDispatch.java:28)
  at org.gradle.internal.dispatch.ReflectionDispatch.dispatch(ReflectionDispatch.java:19)
  at org.gradle.internal.dispatch.ContextClassLoaderDispatch.dispatch(ContextClassLoaderDispatch.java:33)
  at org.gradle.internal.dispatch.ProxyDispatchAdapter$DispatchingInvocationHandler.invoke(ProxyDispatchAdapter.java:88)
  at jdk.proxy1/jdk.proxy1.$Proxy4.processTestDefinition(Unknown Source)
  at org.gradle.api.internal.tasks.testing.worker.TestWorker$2.run(TestWorker.java:178)
  at org.gradle.api.internal.tasks.testing.worker.TestWorker.executeAndMaintainThreadName(TestWorker.java:126)
  at org.gradle.api.internal.tasks.testing.worker.TestWorker.execute(TestWorker.java:103)
  at org.gradle.api.internal.tasks.testing.worker.TestWorker.execute(TestWorker.java:63)
  at org.gradle.process.internal.worker.child.ActionExecutionWorker.execute(ActionExecutionWorker.java:56)
  at org.gradle.process.internal.worker.child.SystemApplicationClassLoaderWorker.call(SystemApplicationClassLoaderWorker.java:122)
  at org.gradle.process.internal.worker.child.SystemApplicationClassLoaderWorker.call(SystemApplicationClassLoaderWorker.java:72)
  at worker.org.gradle.process.internal.worker.GradleWorkerMain.run(GradleWorkerMain.java:69)
  at worker.org.gradle.process.internal.worker.GradleWorkerMain.main(GradleWorkerMain.java:74)
</stacktrace>
</test-failure>


TypeScriptCompilerTests_O[jvm] > overloadingOnConstants1_ts has expected errors matching overloadingOnConstants1_errors_txt[jvm] FAILED

<test-failure test="com.xemantic.typescript.compiler.TypeScriptCompilerTests_O.overloadResolutionOverCTLambda_ts has expected errors matching overloadResolutionOverCTLambda_errors_txt" platform="jvm">
<message>
Expected diagnostics from baseline typescript-repo/tests/baselines/reference/overloadResolutionOverCTLambda.errors.txt but none produced
</message>
<stacktrace>
  at com.xemantic.typescript.compiler.TypeScriptTestSupportKt.errorsMatchBaseline(TypeScriptTestSupport.kt:125)
  at com.xemantic.typescript.compiler.TypeScriptCompilerTests_O.overloadResolutionOverCTLambda_ts has expected errors matching overloadResolutionOverCTLambda_errors_txt(TypeScriptCompilerTests_O.kt:1729)
  at java.base/jdk.internal.reflect.DirectMethodHandleAccessor.invoke(DirectMethodHandleAccessor.java:104)
  at java.base/java.lang.reflect.Method.invoke(Method.java:565)
  at org.junit.runners.model.FrameworkMethod$1.runReflectiveCall(FrameworkMethod.java:59)
  at org.junit.internal.runners.model.ReflectiveCallable.run(ReflectiveCallable.java:12)
  at org.junit.runners.model.FrameworkMethod.invokeExplosively(FrameworkMethod.java:56)
  at org.junit.internal.runners.statements.InvokeMethod.evaluate(InvokeMethod.java:17)
  at org.junit.runners.ParentRunner$3.evaluate(ParentRunner.java:306)
  at org.junit.runners.BlockJUnit4ClassRunner$1.evaluate(BlockJUnit4ClassRunner.java:100)
  at org.junit.runners.ParentRunner.runLeaf(ParentRunner.java:366)
  at org.junit.runners.BlockJUnit4ClassRunner.runChild(BlockJUnit4ClassRunner.java:103)
  at org.junit.runners.BlockJUnit4ClassRunner.runChild(BlockJUnit4ClassRunner.java:63)
  at org.junit.runners.ParentRunner$4.run(ParentRunner.java:331)
  at org.junit.runners.ParentRunner$1.schedule(ParentRunner.java:79)
  at org.junit.runners.ParentRunner.runChildren(ParentRunner.java:329)
  at org.junit.runners.ParentRunner.access$100(ParentRunner.java:66)
  at org.junit.runners.ParentRunner$2.evaluate(ParentRunner.java:293)
  at org.junit.runners.ParentRunner$3.evaluate(ParentRunner.java:306)
  at org.junit.runners.ParentRunner.run(ParentRunner.java:413)
  at org.junit.runner.JUnitCore.run(JUnitCore.java:137)
  at org.junit.runner.JUnitCore.run(JUnitCore.java:115)
  at org.gradle.api.internal.tasks.testing.junit.JUnitTestExecutor.runRequest(JUnitTestExecutor.java:175)
  at org.gradle.api.internal.tasks.testing.junit.JUnitTestExecutor.accept(JUnitTestExecutor.java:84)
  at org.gradle.api.internal.tasks.testing.junit.JUnitTestExecutor.accept(JUnitTestExecutor.java:47)
  at org.gradle.api.internal.tasks.testing.junit.AbstractJUnitTestDefinitionProcessor.processTestDefinition(AbstractJUnitTestDefinitionProcessor.java:65)
  at org.gradle.api.internal.tasks.testing.SuiteTestDefinitionProcessor.processTestDefinition(SuiteTestDefinitionProcessor.java:54)
  at java.base/jdk.internal.reflect.DirectMethodHandleAccessor.invoke(DirectMethodHandleAccessor.java:104)
  at java.base/java.lang.reflect.Method.invoke(Method.java:565)
  at org.gradle.internal.dispatch.MethodInvocation.invokeOn(MethodInvocation.java:77)
  at org.gradle.internal.dispatch.ReflectionDispatch.dispatch(ReflectionDispatch.java:28)
  at org.gradle.internal.dispatch.ReflectionDispatch.dispatch(ReflectionDispatch.java:19)
  at org.gradle.internal.dispatch.ContextClassLoaderDispatch.dispatch(ContextClassLoaderDispatch.java:33)
  at org.gradle.internal.dispatch.ProxyDispatchAdapter$DispatchingInvocationHandler.invoke(ProxyDispatchAdapter.java:88)
  at jdk.proxy1/jdk.proxy1.$Proxy4.processTestDefinition(Unknown Source)
  at org.gradle.api.internal.tasks.testing.worker.TestWorker$2.run(TestWorker.java:178)
  at org.gradle.api.internal.tasks.testing.worker.TestWorker.executeAndMaintainThreadName(TestWorker.java:126)
  at org.gradle.api.internal.tasks.testing.worker.TestWorker.execute(TestWorker.java:103)
  at org.gradle.api.internal.tasks.testing.worker.TestWorker.execute(TestWorker.java:63)
  at org.gradle.process.internal.worker.child.ActionExecutionWorker.execute(ActionExecutionWorker.java:56)
  at org.gradle.process.internal.worker.child.SystemApplicationClassLoaderWorker.call(SystemApplicationClassLoaderWorker.java:122)
  at org.gradle.process.internal.worker.child.SystemApplicationClassLoaderWorker.call(SystemApplicationClassLoaderWorker.java:72)
  at worker.org.gradle.process.internal.worker.GradleWorkerMain.run(GradleWorkerMain.java:69)
  at worker.org.gradle.process.internal.worker.GradleWorkerMain.main(GradleWorkerMain.java:74)
</stacktrace>
</test-failure>


TypeScriptCompilerTests_O[jvm] > overloadResolutionOverCTLambda_ts has expected errors matching overloadResolutionOverCTLambda_errors_txt[jvm] FAILED

<test-failure test="com.xemantic.typescript.compiler.TypeScriptCompilerTests_P.privateVisibility_ts has expected errors matching privateVisibility_errors_txt" platform="jvm">
<message>
Expected diagnostics from baseline typescript-repo/tests/baselines/reference/privateVisibility.errors.txt but none produced
</message>
<stacktrace>
  at com.xemantic.typescript.compiler.TypeScriptTestSupportKt.errorsMatchBaseline(TypeScriptTestSupport.kt:125)
  at com.xemantic.typescript.compiler.TypeScriptCompilerTests_P.privateVisibility_ts has expected errors matching privateVisibility_errors_txt(TypeScriptCompilerTests_P.kt:2233)
  at java.base/jdk.internal.reflect.DirectMethodHandleAccessor.invoke(DirectMethodHandleAccessor.java:104)
  at java.base/java.lang.reflect.Method.invoke(Method.java:565)
  at org.junit.runners.model.FrameworkMethod$1.runReflectiveCall(FrameworkMethod.java:59)
  at org.junit.internal.runners.model.ReflectiveCallable.run(ReflectiveCallable.java:12)
  at org.junit.runners.model.FrameworkMethod.invokeExplosively(FrameworkMethod.java:56)
  at org.junit.internal.runners.statements.InvokeMethod.evaluate(InvokeMethod.java:17)
  at org.junit.runners.ParentRunner$3.evaluate(ParentRunner.java:306)
  at org.junit.runners.BlockJUnit4ClassRunner$1.evaluate(BlockJUnit4ClassRunner.java:100)
  at org.junit.runners.ParentRunner.runLeaf(ParentRunner.java:366)
  at org.junit.runners.BlockJUnit4ClassRunner.runChild(BlockJUnit4ClassRunner.java:103)
  at org.junit.runners.BlockJUnit4ClassRunner.runChild(BlockJUnit4ClassRunner.java:63)
  at org.junit.runners.ParentRunner$4.run(ParentRunner.java:331)
  at org.junit.runners.ParentRunner$1.schedule(ParentRunner.java:79)
  at org.junit.runners.ParentRunner.runChildren(ParentRunner.java:329)
  at org.junit.runners.ParentRunner.access$100(ParentRunner.java:66)
  at org.junit.runners.ParentRunner$2.evaluate(ParentRunner.java:293)
  at org.junit.runners.ParentRunner$3.evaluate(ParentRunner.java:306)
  at org.junit.runners.ParentRunner.run(ParentRunner.java:413)
  at org.junit.runner.JUnitCore.run(JUnitCore.java:137)
  at org.junit.runner.JUnitCore.run(JUnitCore.java:115)
  at org.gradle.api.internal.tasks.testing.junit.JUnitTestExecutor.runRequest(JUnitTestExecutor.java:175)
  at org.gradle.api.internal.tasks.testing.junit.JUnitTestExecutor.accept(JUnitTestExecutor.java:84)
  at org.gradle.api.internal.tasks.testing.junit.JUnitTestExecutor.accept(JUnitTestExecutor.java:47)
  at org.gradle.api.internal.tasks.testing.junit.AbstractJUnitTestDefinitionProcessor.processTestDefinition(AbstractJUnitTestDefinitionProcessor.java:65)
  at org.gradle.api.internal.tasks.testing.SuiteTestDefinitionProcessor.processTestDefinition(SuiteTestDefinitionProcessor.java:54)
  at java.base/jdk.internal.reflect.DirectMethodHandleAccessor.invoke(DirectMethodHandleAccessor.java:104)
  at java.base/java.lang.reflect.Method.invoke(Method.java:565)
  at org.gradle.internal.dispatch.MethodInvocation.invokeOn(MethodInvocation.java:77)
  at org.gradle.internal.dispatch.ReflectionDispatch.dispatch(ReflectionDispatch.java:28)
  at org.gradle.internal.dispatch.ReflectionDispatch.dispatch(ReflectionDispatch.java:19)
  at org.gradle.internal.dispatch.ContextClassLoaderDispatch.dispatch(ContextClassLoaderDispatch.java:33)
  at org.gradle.internal.dispatch.ProxyDispatchAdapter$DispatchingInvocationHandler.invoke(ProxyDispatchAdapter.java:88)
  at jdk.proxy1/jdk.proxy1.$Proxy4.processTestDefinition(Unknown Source)
  at org.gradle.api.internal.tasks.testing.worker.TestWorker$2.run(TestWorker.java:178)
  at org.gradle.api.internal.tasks.testing.worker.TestWorker.executeAndMaintainThreadName(TestWorker.java:126)
  at org.gradle.api.internal.tasks.testing.worker.TestWorker.execute(TestWorker.java:103)
  at org.gradle.api.internal.tasks.testing.worker.TestWorker.execute(TestWorker.java:63)
  at org.gradle.process.internal.worker.child.ActionExecutionWorker.execute(ActionExecutionWorker.java:56)
  at org.gradle.process.internal.worker.child.SystemApplicationClassLoaderWorker.call(SystemApplicationClassLoaderWorker.java:122)
  at org.gradle.process.internal.worker.child.SystemApplicationClassLoaderWorker.call(SystemApplicationClassLoaderWorker.java:72)
  at worker.org.gradle.process.internal.worker.GradleWorkerMain.run(GradleWorkerMain.java:69)
  at worker.org.gradle.process.internal.worker.GradleWorkerMain.main(GradleWorkerMain.java:74)
</stacktrace>
</test-failure>


TypeScriptCompilerTests_P[jvm] > privateVisibility_ts has expected errors matching privateVisibility_errors_txt[jvm] FAILED

<test-failure test="com.xemantic.typescript.compiler.TypeScriptCompilerTests_P.parseJsxElementInUnaryExpressionNoCrash1_ts compiles to JavaScript matching parseJsxElementInUnaryExpressionNoCrash1_js" platform="jvm">
<message>
--- expected
+++ actual
@@ -6,5 +6,4 @@
 
 //// [a.js]
 "use strict";
-~< /> <
-;
+~<<></>;

</message>
<stacktrace>
  at org.junit.Assert.fail(Assert.java:89)
  at kotlin.test.junit.JUnitAsserter.fail(JUnitSupport.kt:56)
  at kotlin.test.AssertionsKt__AssertionsKt.fail(Assertions.kt:563)
  at kotlin.test.AssertionsKt.fail(Unknown Source)
  at com.xemantic.kotlin.test.SameAsKt.sameAs(SameAs.kt:52)
  at com.xemantic.typescript.compiler.TypeScriptTestSupportKt.sameAs(TypeScriptTestSupport.kt:99)
  at com.xemantic.typescript.compiler.TypeScriptCompilerTests_P.parseJsxElementInUnaryExpressionNoCrash1_ts compiles to JavaScript matching parseJsxElementInUnaryExpressionNoCrash1_js(TypeScriptCompilerTests_P.kt:623)
  at java.base/jdk.internal.reflect.DirectMethodHandleAccessor.invoke(DirectMethodHandleAccessor.java:104)
  at java.base/java.lang.reflect.Method.invoke(Method.java:565)
  at org.junit.runners.model.FrameworkMethod$1.runReflectiveCall(FrameworkMethod.java:59)
  at org.junit.internal.runners.model.ReflectiveCallable.run(ReflectiveCallable.java:12)
  at org.junit.runners.model.FrameworkMethod.invokeExplosively(FrameworkMethod.java:56)
  at org.junit.internal.runners.statements.InvokeMethod.evaluate(InvokeMethod.java:17)
  at org.junit.runners.ParentRunner$3.evaluate(ParentRunner.java:306)
  at org.junit.runners.BlockJUnit4ClassRunner$1.evaluate(BlockJUnit4ClassRunner.java:100)
  at org.junit.runners.ParentRunner.runLeaf(ParentRunner.java:366)
  at org.junit.runners.BlockJUnit4ClassRunner.runChild(BlockJUnit4ClassRunner.java:103)
  at org.junit.runners.BlockJUnit4ClassRunner.runChild(BlockJUnit4ClassRunner.java:63)
  at org.junit.runners.ParentRunner$4.run(ParentRunner.java:331)
  at org.junit.runners.ParentRunner$1.schedule(ParentRunner.java:79)
  at org.junit.runners.ParentRunner.runChildren(ParentRunner.java:329)
  at org.junit.runners.ParentRunner.access$100(ParentRunner.java:66)
  at org.junit.runners.ParentRunner$2.evaluate(ParentRunner.java:293)
  at org.junit.runners.ParentRunner$3.evaluate(ParentRunner.java:306)
  at org.junit.runners.ParentRunner.run(ParentRunner.java:413)
  at org.junit.runner.JUnitCore.run(JUnitCore.java:137)
  at org.junit.runner.JUnitCore.run(JUnitCore.java:115)
  at org.gradle.api.internal.tasks.testing.junit.JUnitTestExecutor.runRequest(JUnitTestExecutor.java:175)
  at org.gradle.api.internal.tasks.testing.junit.JUnitTestExecutor.accept(JUnitTestExecutor.java:84)
  at org.gradle.api.internal.tasks.testing.junit.JUnitTestExecutor.accept(JUnitTestExecutor.java:47)
  at org.gradle.api.internal.tasks.testing.junit.AbstractJUnitTestDefinitionProcessor.processTestDefinition(AbstractJUnitTestDefinitionProcessor.java:65)
  at org.gradle.api.internal.tasks.testing.SuiteTestDefinitionProcessor.processTestDefinition(SuiteTestDefinitionProcessor.java:54)
  at java.base/jdk.internal.reflect.DirectMethodHandleAccessor.invoke(DirectMethodHandleAccessor.java:104)
  at java.base/java.lang.reflect.Method.invoke(Method.java:565)
  at org.gradle.internal.dispatch.MethodInvocation.invokeOn(MethodInvocation.java:77)
  at org.gradle.internal.dispatch.ReflectionDispatch.dispatch(ReflectionDispatch.java:28)
  at org.gradle.internal.dispatch.ReflectionDispatch.dispatch(ReflectionDispatch.java:19)
  at org.gradle.internal.dispatch.ContextClassLoaderDispatch.dispatch(ContextClassLoaderDispatch.java:33)
  at org.gradle.internal.dispatch.ProxyDispatchAdapter$DispatchingInvocationHandler.invoke(ProxyDispatchAdapter.java:88)
  at jdk.proxy1/jdk.proxy1.$Proxy4.processTestDefinition(Unknown Source)
  at org.gradle.api.internal.tasks.testing.worker.TestWorker$2.run(TestWorker.java:178)
  at org.gradle.api.internal.tasks.testing.worker.TestWorker.executeAndMaintainThreadName(TestWorker.java:126)
  at org.gradle.api.internal.tasks.testing.worker.TestWorker.execute(TestWorker.java:103)
  at org.gradle.api.internal.tasks.testing.worker.TestWorker.execute(TestWorker.java:63)
  at org.gradle.process.internal.worker.child.ActionExecutionWorker.execute(ActionExecutionWorker.java:56)
  at org.gradle.process.internal.worker.child.SystemApplicationClassLoaderWorker.call(SystemApplicationClassLoaderWorker.java:122)
  at org.gradle.process.internal.worker.child.SystemApplicationClassLoaderWorker.call(SystemApplicationClassLoaderWorker.java:72)
  at worker.org.gradle.process.internal.worker.GradleWorkerMain.run(GradleWorkerMain.java:69)
  at worker.org.gradle.process.internal.worker.GradleWorkerMain.main(GradleWorkerMain.java:74)
</stacktrace>
</test-failure>


TypeScriptCompilerTests_P[jvm] > parseJsxElementInUnaryExpressionNoCrash1_ts compiles to JavaScript matching parseJsxElementInUnaryExpressionNoCrash1_js[jvm] FAILED

<test-failure test="com.xemantic.typescript.compiler.TypeScriptCompilerTests_P.primaryExpressionMods_ts has expected errors matching primaryExpressionMods_errors_txt" platform="jvm">
<message>
Expected diagnostics from baseline typescript-repo/tests/baselines/reference/primaryExpressionMods.errors.txt but none produced
</message>
<stacktrace>
  at com.xemantic.typescript.compiler.TypeScriptTestSupportKt.errorsMatchBaseline(TypeScriptTestSupport.kt:125)
  at com.xemantic.typescript.compiler.TypeScriptCompilerTests_P.primaryExpressionMods_ts has expected errors matching primaryExpressionMods_errors_txt(TypeScriptCompilerTests_P.kt:1498)
  at java.base/jdk.internal.reflect.DirectMethodHandleAccessor.invoke(DirectMethodHandleAccessor.java:104)
  at java.base/java.lang.reflect.Method.invoke(Method.java:565)
  at org.junit.runners.model.FrameworkMethod$1.runReflectiveCall(FrameworkMethod.java:59)
  at org.junit.internal.runners.model.ReflectiveCallable.run(ReflectiveCallable.java:12)
  at org.junit.runners.model.FrameworkMethod.invokeExplosively(FrameworkMethod.java:56)
  at org.junit.internal.runners.statements.InvokeMethod.evaluate(InvokeMethod.java:17)
  at org.junit.runners.ParentRunner$3.evaluate(ParentRunner.java:306)
  at org.junit.runners.BlockJUnit4ClassRunner$1.evaluate(BlockJUnit4ClassRunner.java:100)
  at org.junit.runners.ParentRunner.runLeaf(ParentRunner.java:366)
  at org.junit.runners.BlockJUnit4ClassRunner.runChild(BlockJUnit4ClassRunner.java:103)
  at org.junit.runners.BlockJUnit4ClassRunner.runChild(BlockJUnit4ClassRunner.java:63)
  at org.junit.runners.ParentRunner$4.run(ParentRunner.java:331)
  at org.junit.runners.ParentRunner$1.schedule(ParentRunner.java:79)
  at org.junit.runners.ParentRunner.runChildren(ParentRunner.java:329)
  at org.junit.runners.ParentRunner.access$100(ParentRunner.java:66)
  at org.junit.runners.ParentRunner$2.evaluate(ParentRunner.java:293)
  at org.junit.runners.ParentRunner$3.evaluate(ParentRunner.java:306)
  at org.junit.runners.ParentRunner.run(ParentRunner.java:413)
  at org.junit.runner.JUnitCore.run(JUnitCore.java:137)
  at org.junit.runner.JUnitCore.run(JUnitCore.java:115)
  at org.gradle.api.internal.tasks.testing.junit.JUnitTestExecutor.runRequest(JUnitTestExecutor.java:175)
  at org.gradle.api.internal.tasks.testing.junit.JUnitTestExecutor.accept(JUnitTestExecutor.java:84)
  at org.gradle.api.internal.tasks.testing.junit.JUnitTestExecutor.accept(JUnitTestExecutor.java:47)
  at org.gradle.api.internal.tasks.testing.junit.AbstractJUnitTestDefinitionProcessor.processTestDefinition(AbstractJUnitTestDefinitionProcessor.java:65)
  at org.gradle.api.internal.tasks.testing.SuiteTestDefinitionProcessor.processTestDefinition(SuiteTestDefinitionProcessor.java:54)
  at java.base/jdk.internal.reflect.DirectMethodHandleAccessor.invoke(DirectMethodHandleAccessor.java:104)
  at java.base/java.lang.reflect.Method.invoke(Method.java:565)
  at org.gradle.internal.dispatch.MethodInvocation.invokeOn(MethodInvocation.java:77)
  at org.gradle.internal.dispatch.ReflectionDispatch.dispatch(ReflectionDispatch.java:28)
  at org.gradle.internal.dispatch.ReflectionDispatch.dispatch(ReflectionDispatch.java:19)
  at org.gradle.internal.dispatch.ContextClassLoaderDispatch.dispatch(ContextClassLoaderDispatch.java:33)
  at org.gradle.internal.dispatch.ProxyDispatchAdapter$DispatchingInvocationHandler.invoke(ProxyDispatchAdapter.java:88)
  at jdk.proxy1/jdk.proxy1.$Proxy4.processTestDefinition(Unknown Source)
  at org.gradle.api.internal.tasks.testing.worker.TestWorker$2.run(TestWorker.java:178)
  at org.gradle.api.internal.tasks.testing.worker.TestWorker.executeAndMaintainThreadName(TestWorker.java:126)
  at org.gradle.api.internal.tasks.testing.worker.TestWorker.execute(TestWorker.java:103)
  at org.gradle.api.internal.tasks.testing.worker.TestWorker.execute(TestWorker.java:63)
  at org.gradle.process.internal.worker.child.ActionExecutionWorker.execute(ActionExecutionWorker.java:56)
  at org.gradle.process.internal.worker.child.SystemApplicationClassLoaderWorker.call(SystemApplicationClassLoaderWorker.java:122)
  at org.gradle.process.internal.worker.child.SystemApplicationClassLoaderWorker.call(SystemApplicationClassLoaderWorker.java:72)
  at worker.org.gradle.process.internal.worker.GradleWorkerMain.run(GradleWorkerMain.java:69)
  at worker.org.gradle.process.internal.worker.GradleWorkerMain.main(GradleWorkerMain.java:74)
</stacktrace>
</test-failure>


TypeScriptCompilerTests_P[jvm] > primaryExpressionMods_ts has expected errors matching primaryExpressionMods_errors_txt[jvm] FAILED

<test-failure test="com.xemantic.typescript.compiler.TypeScriptCompilerTests_P.privacyGloImportParseErrors_ts has expected errors matching privacyGloImportParseErrors_errors_txt" platform="jvm">
<message>
Expected diagnostics from baseline typescript-repo/tests/baselines/reference/privacyGloImportParseErrors.errors.txt but none produced
</message>
<stacktrace>
  at com.xemantic.typescript.compiler.TypeScriptTestSupportKt.errorsMatchBaseline(TypeScriptTestSupport.kt:125)
  at com.xemantic.typescript.compiler.TypeScriptCompilerTests_P.privacyGloImportParseErrors_ts has expected errors matching privacyGloImportParseErrors_errors_txt(TypeScriptCompilerTests_P.kt:1904)
  at java.base/jdk.internal.reflect.DirectMethodHandleAccessor.invoke(DirectMethodHandleAccessor.java:104)
  at java.base/java.lang.reflect.Method.invoke(Method.java:565)
  at org.junit.runners.model.FrameworkMethod$1.runReflectiveCall(FrameworkMethod.java:59)
  at org.junit.internal.runners.model.ReflectiveCallable.run(ReflectiveCallable.java:12)
  at org.junit.runners.model.FrameworkMethod.invokeExplosively(FrameworkMethod.java:56)
  at org.junit.internal.runners.statements.InvokeMethod.evaluate(InvokeMethod.java:17)
  at org.junit.runners.ParentRunner$3.evaluate(ParentRunner.java:306)
  at org.junit.runners.BlockJUnit4ClassRunner$1.evaluate(BlockJUnit4ClassRunner.java:100)
  at org.junit.runners.ParentRunner.runLeaf(ParentRunner.java:366)
  at org.junit.runners.BlockJUnit4ClassRunner.runChild(BlockJUnit4ClassRunner.java:103)
  at org.junit.runners.BlockJUnit4ClassRunner.runChild(BlockJUnit4ClassRunner.java:63)
  at org.junit.runners.ParentRunner$4.run(ParentRunner.java:331)
  at org.junit.runners.ParentRunner$1.schedule(ParentRunner.java:79)
  at org.junit.runners.ParentRunner.runChildren(ParentRunner.java:329)
  at org.junit.runners.ParentRunner.access$100(ParentRunner.java:66)
  at org.junit.runners.ParentRunner$2.evaluate(ParentRunner.java:293)
  at org.junit.runners.ParentRunner$3.evaluate(ParentRunner.java:306)
  at org.junit.runners.ParentRunner.run(ParentRunner.java:413)
  at org.junit.runner.JUnitCore.run(JUnitCore.java:137)
  at org.junit.runner.JUnitCore.run(JUnitCore.java:115)
  at org.gradle.api.internal.tasks.testing.junit.JUnitTestExecutor.runRequest(JUnitTestExecutor.java:175)
  at org.gradle.api.internal.tasks.testing.junit.JUnitTestExecutor.accept(JUnitTestExecutor.java:84)
  at org.gradle.api.internal.tasks.testing.junit.JUnitTestExecutor.accept(JUnitTestExecutor.java:47)
  at org.gradle.api.internal.tasks.testing.junit.AbstractJUnitTestDefinitionProcessor.processTestDefinition(AbstractJUnitTestDefinitionProcessor.java:65)
  at org.gradle.api.internal.tasks.testing.SuiteTestDefinitionProcessor.processTestDefinition(SuiteTestDefinitionProcessor.java:54)
  at java.base/jdk.internal.reflect.DirectMethodHandleAccessor.invoke(DirectMethodHandleAccessor.java:104)
  at java.base/java.lang.reflect.Method.invoke(Method.java:565)
  at org.gradle.internal.dispatch.MethodInvocation.invokeOn(MethodInvocation.java:77)
  at org.gradle.internal.dispatch.ReflectionDispatch.dispatch(ReflectionDispatch.java:28)
  at org.gradle.internal.dispatch.ReflectionDispatch.dispatch(ReflectionDispatch.java:19)
  at org.gradle.internal.dispatch.ContextClassLoaderDispatch.dispatch(ContextClassLoaderDispatch.java:33)
  at org.gradle.internal.dispatch.ProxyDispatchAdapter$DispatchingInvocationHandler.invoke(ProxyDispatchAdapter.java:88)
  at jdk.proxy1/jdk.proxy1.$Proxy4.processTestDefinition(Unknown Source)
  at org.gradle.api.internal.tasks.testing.worker.TestWorker$2.run(TestWorker.java:178)
  at org.gradle.api.internal.tasks.testing.worker.TestWorker.executeAndMaintainThreadName(TestWorker.java:126)
  at org.gradle.api.internal.tasks.testing.worker.TestWorker.execute(TestWorker.java:103)
  at org.gradle.api.internal.tasks.testing.worker.TestWorker.execute(TestWorker.java:63)
  at org.gradle.process.internal.worker.child.ActionExecutionWorker.execute(ActionExecutionWorker.java:56)
  at org.gradle.process.internal.worker.child.SystemApplicationClassLoaderWorker.call(SystemApplicationClassLoaderWorker.java:122)
  at org.gradle.process.internal.worker.child.SystemApplicationClassLoaderWorker.call(SystemApplicationClassLoaderWorker.java:72)
  at worker.org.gradle.process.internal.worker.GradleWorkerMain.run(GradleWorkerMain.java:69)
  at worker.org.gradle.process.internal.worker.GradleWorkerMain.main(GradleWorkerMain.java:74)
</stacktrace>
</test-failure>


TypeScriptCompilerTests_P[jvm] > privacyGloImportParseErrors_ts has expected errors matching privacyGloImportParseErrors_errors_txt[jvm] FAILED

<test-failure test="com.xemantic.typescript.compiler.TypeScriptCompilerTests_P.promiseIdentityWithAny2_ts has expected errors matching promiseIdentityWithAny2_errors_txt" platform="jvm">
<message>
Expected diagnostics from baseline typescript-repo/tests/baselines/reference/promiseIdentityWithAny2.errors.txt but none produced
</message>
<stacktrace>
  at com.xemantic.typescript.compiler.TypeScriptTestSupportKt.errorsMatchBaseline(TypeScriptTestSupport.kt:125)
  at com.xemantic.typescript.compiler.TypeScriptCompilerTests_P.promiseIdentityWithAny2_ts has expected errors matching promiseIdentityWithAny2_errors_txt(TypeScriptCompilerTests_P.kt:2366)
  at java.base/jdk.internal.reflect.DirectMethodHandleAccessor.invoke(DirectMethodHandleAccessor.java:104)
  at java.base/java.lang.reflect.Method.invoke(Method.java:565)
  at org.junit.runners.model.FrameworkMethod$1.runReflectiveCall(FrameworkMethod.java:59)
  at org.junit.internal.runners.model.ReflectiveCallable.run(ReflectiveCallable.java:12)
  at org.junit.runners.model.FrameworkMethod.invokeExplosively(FrameworkMethod.java:56)
  at org.junit.internal.runners.statements.InvokeMethod.evaluate(InvokeMethod.java:17)
  at org.junit.runners.ParentRunner$3.evaluate(ParentRunner.java:306)
  at org.junit.runners.BlockJUnit4ClassRunner$1.evaluate(BlockJUnit4ClassRunner.java:100)
  at org.junit.runners.ParentRunner.runLeaf(ParentRunner.java:366)
  at org.junit.runners.BlockJUnit4ClassRunner.runChild(BlockJUnit4ClassRunner.java:103)
  at org.junit.runners.BlockJUnit4ClassRunner.runChild(BlockJUnit4ClassRunner.java:63)
  at org.junit.runners.ParentRunner$4.run(ParentRunner.java:331)
  at org.junit.runners.ParentRunner$1.schedule(ParentRunner.java:79)
  at org.junit.runners.ParentRunner.runChildren(ParentRunner.java:329)
  at org.junit.runners.ParentRunner.access$100(ParentRunner.java:66)
  at org.junit.runners.ParentRunner$2.evaluate(ParentRunner.java:293)
  at org.junit.runners.ParentRunner$3.evaluate(ParentRunner.java:306)
  at org.junit.runners.ParentRunner.run(ParentRunner.java:413)
  at org.junit.runner.JUnitCore.run(JUnitCore.java:137)
  at org.junit.runner.JUnitCore.run(JUnitCore.java:115)
  at org.gradle.api.internal.tasks.testing.junit.JUnitTestExecutor.runRequest(JUnitTestExecutor.java:175)
  at org.gradle.api.internal.tasks.testing.junit.JUnitTestExecutor.accept(JUnitTestExecutor.java:84)
  at org.gradle.api.internal.tasks.testing.junit.JUnitTestExecutor.accept(JUnitTestExecutor.java:47)
  at org.gradle.api.internal.tasks.testing.junit.AbstractJUnitTestDefinitionProcessor.processTestDefinition(AbstractJUnitTestDefinitionProcessor.java:65)
  at org.gradle.api.internal.tasks.testing.SuiteTestDefinitionProcessor.processTestDefinition(SuiteTestDefinitionProcessor.java:54)
  at java.base/jdk.internal.reflect.DirectMethodHandleAccessor.invoke(DirectMethodHandleAccessor.java:104)
  at java.base/java.lang.reflect.Method.invoke(Method.java:565)
  at org.gradle.internal.dispatch.MethodInvocation.invokeOn(MethodInvocation.java:77)
  at org.gradle.internal.dispatch.ReflectionDispatch.dispatch(ReflectionDispatch.java:28)
  at org.gradle.internal.dispatch.ReflectionDispatch.dispatch(ReflectionDispatch.java:19)
  at org.gradle.internal.dispatch.ContextClassLoaderDispatch.dispatch(ContextClassLoaderDispatch.java:33)
  at org.gradle.internal.dispatch.ProxyDispatchAdapter$DispatchingInvocationHandler.invoke(ProxyDispatchAdapter.java:88)
  at jdk.proxy1/jdk.proxy1.$Proxy4.processTestDefinition(Unknown Source)
  at org.gradle.api.internal.tasks.testing.worker.TestWorker$2.run(TestWorker.java:178)
  at org.gradle.api.internal.tasks.testing.worker.TestWorker.executeAndMaintainThreadName(TestWorker.java:126)
  at org.gradle.api.internal.tasks.testing.worker.TestWorker.execute(TestWorker.java:103)
  at org.gradle.api.internal.tasks.testing.worker.TestWorker.execute(TestWorker.java:63)
  at org.gradle.process.internal.worker.child.ActionExecutionWorker.execute(ActionExecutionWorker.java:56)
  at org.gradle.process.internal.worker.child.SystemApplicationClassLoaderWorker.call(SystemApplicationClassLoaderWorker.java:122)
  at org.gradle.process.internal.worker.child.SystemApplicationClassLoaderWorker.call(SystemApplicationClassLoaderWorker.java:72)
  at worker.org.gradle.process.internal.worker.GradleWorkerMain.run(GradleWorkerMain.java:69)
  at worker.org.gradle.process.internal.worker.GradleWorkerMain.main(GradleWorkerMain.java:74)
</stacktrace>
</test-failure>


TypeScriptCompilerTests_P[jvm] > promiseIdentityWithAny2_ts has expected errors matching promiseIdentityWithAny2_errors_txt[jvm] FAILED

<test-failure test="com.xemantic.typescript.compiler.TypeScriptCompilerTests_P.parse1_ts has expected errors matching parse1_errors_txt" platform="jvm">
<message>
--- expected
+++ actual
@@ -1,10 +1,10 @@
-parse1.ts(4,1): error TS1003: Identifier expected.
+parse1.ts(3,6): error TS1003: Identifier expected.
 
 
 ==== parse1.ts (1 errors) ====
     var bar = 42;
     function foo() {
      bar.
-    }
-    ~
+         
 !!! error TS1003: Identifier expected.
+    }

</message>
<stacktrace>
  at org.junit.Assert.fail(Assert.java:89)
  at kotlin.test.junit.JUnitAsserter.fail(JUnitSupport.kt:56)
  at kotlin.test.AssertionsKt__AssertionsKt.fail(Assertions.kt:563)
  at kotlin.test.AssertionsKt.fail(Unknown Source)
  at com.xemantic.kotlin.test.SameAsKt.sameAs(SameAs.kt:52)
  at com.xemantic.typescript.compiler.TypeScriptTestSupportKt.errorsMatchBaseline(TypeScriptTestSupport.kt:135)
  at com.xemantic.typescript.compiler.TypeScriptCompilerTests_P.parse1_ts has expected errors matching parse1_errors_txt(TypeScriptCompilerTests_P.kt:413)
  at java.base/jdk.internal.reflect.DirectMethodHandleAccessor.invoke(DirectMethodHandleAccessor.java:104)
  at java.base/java.lang.reflect.Method.invoke(Method.java:565)
  at org.junit.runners.model.FrameworkMethod$1.runReflectiveCall(FrameworkMethod.java:59)
  at org.junit.internal.runners.model.ReflectiveCallable.run(ReflectiveCallable.java:12)
  at org.junit.runners.model.FrameworkMethod.invokeExplosively(FrameworkMethod.java:56)
  at org.junit.internal.runners.statements.InvokeMethod.evaluate(InvokeMethod.java:17)
  at org.junit.runners.ParentRunner$3.evaluate(ParentRunner.java:306)
  at org.junit.runners.BlockJUnit4ClassRunner$1.evaluate(BlockJUnit4ClassRunner.java:100)
  at org.junit.runners.ParentRunner.runLeaf(ParentRunner.java:366)
  at org.junit.runners.BlockJUnit4ClassRunner.runChild(BlockJUnit4ClassRunner.java:103)
  at org.junit.runners.BlockJUnit4ClassRunner.runChild(BlockJUnit4ClassRunner.java:63)
  at org.junit.runners.ParentRunner$4.run(ParentRunner.java:331)
  at org.junit.runners.ParentRunner$1.schedule(ParentRunner.java:79)
  at org.junit.runners.ParentRunner.runChildren(ParentRunner.java:329)
  at org.junit.runners.ParentRunner.access$100(ParentRunner.java:66)
  at org.junit.runners.ParentRunner$2.evaluate(ParentRunner.java:293)
  at org.junit.runners.ParentRunner$3.evaluate(ParentRunner.java:306)
  at org.junit.runners.ParentRunner.run(ParentRunner.java:413)
  at org.junit.runner.JUnitCore.run(JUnitCore.java:137)
  at org.junit.runner.JUnitCore.run(JUnitCore.java:115)
  at org.gradle.api.internal.tasks.testing.junit.JUnitTestExecutor.runRequest(JUnitTestExecutor.java:175)
  at org.gradle.api.internal.tasks.testing.junit.JUnitTestExecutor.accept(JUnitTestExecutor.java:84)
  at org.gradle.api.internal.tasks.testing.junit.JUnitTestExecutor.accept(JUnitTestExecutor.java:47)
  at org.gradle.api.internal.tasks.testing.junit.AbstractJUnitTestDefinitionProcessor.processTestDefinition(AbstractJUnitTestDefinitionProcessor.java:65)
  at org.gradle.api.internal.tasks.testing.SuiteTestDefinitionProcessor.processTestDefinition(SuiteTestDefinitionProcessor.java:54)
  at java.base/jdk.internal.reflect.DirectMethodHandleAccessor.invoke(DirectMethodHandleAccessor.java:104)
  at java.base/java.lang.reflect.Method.invoke(Method.java:565)
  at org.gradle.internal.dispatch.MethodInvocation.invokeOn(MethodInvocation.java:77)
  at org.gradle.internal.dispatch.ReflectionDispatch.dispatch(ReflectionDispatch.java:28)
  at org.gradle.internal.dispatch.ReflectionDispatch.dispatch(ReflectionDispatch.java:19)
  at org.gradle.internal.dispatch.ContextClassLoaderDispatch.dispatch(ContextClassLoaderDispatch.java:33)
  at org.gradle.internal.dispatch.ProxyDispatchAdapter$DispatchingInvocationHandler.invoke(ProxyDispatchAdapter.java:88)
  at jdk.proxy1/jdk.proxy1.$Proxy4.processTestDefinition(Unknown Source)
  at org.gradle.api.internal.tasks.testing.worker.TestWorker$2.run(TestWorker.java:178)
  at org.gradle.api.internal.tasks.testing.worker.TestWorker.executeAndMaintainThreadName(TestWorker.java:126)
  at org.gradle.api.internal.tasks.testing.worker.TestWorker.execute(TestWorker.java:103)
  at org.gradle.api.internal.tasks.testing.worker.TestWorker.execute(TestWorker.java:63)
  at org.gradle.process.internal.worker.child.ActionExecutionWorker.execute(ActionExecutionWorker.java:56)
  at org.gradle.process.internal.worker.child.SystemApplicationClassLoaderWorker.call(SystemApplicationClassLoaderWorker.java:122)
  at org.gradle.process.internal.worker.child.SystemApplicationClassLoaderWorker.call(SystemApplicationClassLoaderWorker.java:72)
  at worker.org.gradle.process.internal.worker.GradleWorkerMain.run(GradleWorkerMain.java:69)
  at worker.org.gradle.process.internal.worker.GradleWorkerMain.main(GradleWorkerMain.java:74)
</stacktrace>
</test-failure>


TypeScriptCompilerTests_P[jvm] > parse1_ts has expected errors matching parse1_errors_txt[jvm] FAILED

<test-failure test="com.xemantic.typescript.compiler.TypeScriptCompilerTests_P.parseInvalidNullableTypes_ts has expected errors matching parseInvalidNullableTypes_errors_txt" platform="jvm">
<message>
--- expected
+++ actual
@@ -1,41 +1,79 @@
-parseInvalidNullableTypes.ts(1,30): error TS2677: A type predicate's type must be assignable to its parameter's type.
-  Type 'string | null' is not assignable to type 'string'.
-    Type 'null' is not assignable to type 'string'.
-parseInvalidNullableTypes.ts(1,30): error TS17020: '?' at the start of a type is not valid TypeScript syntax. Did you mean to write 'string | null | undefined'?
-parseInvalidNullableTypes.ts(5,16): error TS17019: '?' at the end of a type is not valid TypeScript syntax. Did you mean to write 'string | undefined'?
-parseInvalidNullableTypes.ts(6,16): error TS17019: '?' at the end of a type is not valid TypeScript syntax. Did you mean to write 'number | undefined'?
-parseInvalidNullableTypes.ts(8,16): error TS17020: '?' at the start of a type is not valid TypeScript syntax. Did you mean to write 'string | null | undefined'?
-parseInvalidNullableTypes.ts(9,16): error TS17020: '?' at the start of a type is not valid TypeScript syntax. Did you mean to write 'number | null | undefined'?
-parseInvalidNullableTypes.ts(11,25): error TS17020: '?' at the start of a type is not valid TypeScript syntax. Did you mean to write 'string | null | undefined'?
-parseInvalidNullableTypes.ts(12,5): error TS2322: Type 'boolean' is not assignable to type 'string'.
-parseInvalidNullableTypes.ts(15,16): error TS17019: '?' at the end of a type is not valid TypeScript syntax. Did you mean to write 'any'?
-parseInvalidNullableTypes.ts(16,10): error TS17019: '?' at the end of a type is not valid TypeScript syntax. Did you mean to write 'number | undefined'?
-parseInvalidNullableTypes.ts(18,16): error TS17020: '?' at the start of a type is not valid TypeScript syntax. Did you mean to write 'any'?
-parseInvalidNullableTypes.ts(19,10): error TS17020: '?' at the start of a type is not valid TypeScript syntax. Did you mean to write 'number | null | undefined'?
-parseInvalidNullableTypes.ts(21,8): error TS17019: '?' at the end of a type is not valid TypeScript syntax. Did you mean to write 'unknown'?
-parseInvalidNullableTypes.ts(22,8): error TS17019: '?' at the end of a type is not valid TypeScript syntax. Did you mean to write 'never'?
-parseInvalidNullableTypes.ts(23,8): error TS17019: '?' at the end of a type is not valid TypeScript syntax. Did you mean to write 'void'?
-parseInvalidNullableTypes.ts(24,8): error TS17019: '?' at the end of a type is not valid TypeScript syntax. Did you mean to write 'undefined'?
+parseInvalidNullableTypes.ts(1,10): error TS2391: Function implementation is missing or not immediately following the declaration.
+parseInvalidNullableTypes.ts(1,31): error TS2693: 'string' only refers to a type, but is being used as a value here.
+parseInvalidNullableTypes.ts(2,5): error TS1108: A 'return' statement can only be used within a function body.
+parseInvalidNullableTypes.ts(5,10): error TS2391: Function implementation is missing or not immediately following the declaration.
+parseInvalidNullableTypes.ts(5,10): error TS7010: 'f2', which lacks return-type annotation, implicitly has an 'any' return type.
+parseInvalidNullableTypes.ts(5,22): error TS1005: ')' expected.
+parseInvalidNullableTypes.ts(5,23): error TS1109: Expression expected.
+parseInvalidNullableTypes.ts(6,10): error TS2391: Function implementation is missing or not immediately following the declaration.
+parseInvalidNullableTypes.ts(6,10): error TS7010: 'f3', which lacks return-type annotation, implicitly has an 'any' return type.
+parseInvalidNullableTypes.ts(6,22): error TS1005: ')' expected.
+parseInvalidNullableTypes.ts(6,23): error TS1109: Expression expected.
+parseInvalidNullableTypes.ts(8,10): error TS2391: Function implementation is missing or not immediately following the declaration.
+parseInvalidNullableTypes.ts(8,10): error TS7010: 'f4', which lacks return-type annotation, implicitly has an 'any' return type.
+parseInvalidNullableTypes.ts(8,17): error TS1005: ')' expected.
+parseInvalidNullableTypes.ts(8,17): error TS2693: 'string' only refers to a type, but is being used as a value here.
+parseInvalidNullableTypes.ts(8,23): error TS1109: Expression expected.
+parseInvalidNullableTypes.ts(9,10): error TS2391: Function implementation is missing or not immediately following the declaration.
+parseInvalidNullableTypes.ts(9,10): error TS7010: 'f5', which lacks return-type annotation, implicitly has an 'any' return type.
+parseInvalidNullableTypes.ts(9,17): error TS1005: ')' expected.
+parseInvalidNullableTypes.ts(9,17): error TS2693: 'number' only refers to a type, but is being used as a value here.
+parseInvalidNullableTypes.ts(9,23): error TS1109: Expression expected.
+parseInvalidNullableTypes.ts(11,10): error TS2391: Function implementation is missing or not immediately following the declaration.
+parseInvalidNullableTypes.ts(11,26): error TS2693: 'string' only refers to a type, but is being used as a value here.
+parseInvalidNullableTypes.ts(12,5): error TS1108: A 'return' statement can only be used within a function body.
+parseInvalidNullableTypes.ts(15,20): error TS1109: Expression expected.
+parseInvalidNullableTypes.ts(16,7): error TS1155: 'const' declarations must be initialized.
+parseInvalidNullableTypes.ts(16,16): error TS1109: Expression expected.
+parseInvalidNullableTypes.ts(16,18): error TS1109: Expression expected.
+parseInvalidNullableTypes.ts(16,21): error TS1005: ':' expected.
+parseInvalidNullableTypes.ts(18,17): error TS1005: ',' expected.
+parseInvalidNullableTypes.ts(18,17): error TS1155: 'const' declarations must be initialized.
+parseInvalidNullableTypes.ts(19,7): error TS1155: 'const' declarations must be initialized.
+parseInvalidNullableTypes.ts(19,11): error TS2693: 'number' only refers to a type, but is being used as a value here.
+parseInvalidNullableTypes.ts(21,15): error TS1109: Expression expected.
+parseInvalidNullableTypes.ts(21,16): error TS1109: Expression expected.
+parseInvalidNullableTypes.ts(22,13): error TS1109: Expression expected.
+parseInvalidNullableTypes.ts(22,14): error TS1109: Expression expected.
+parseInvalidNullableTypes.ts(23,12): error TS1109: Expression expected.
+parseInvalidNullableTypes.ts(23,13): error TS1109: Expression expected.
+parseInvalidNullableTypes.ts(24,17): error TS1109: Expression expected.
+parseInvalidNullableTypes.ts(24,18): error TS1109: Expression expected.
 
 
-==== parseInvalidNullableTypes.ts (16 errors) ====
+==== parseInvalidNullableTypes.ts (41 errors) ====
     function f1(a: string): a is ?string {
-                                 ~~~~~~~
-!!! error TS2677: A type predicate's type must be assignable to its parameter's type.
-!!! error TS2677:   Type 'string | null' is not assignable to type 'string'.
-!!! error TS2677:     Type 'null' is not assignable to type 'string'.
-                                 ~~~~~~~
-!!! error TS17020: '?' at the start of a type is not valid TypeScript syntax. Did you mean to write 'string | null | undefined'?
+             ~~
+!!! error TS2391: Function implementation is missing or not immediately following the declaration.
+                                  ~~~~~~
+!!! error TS2693: 'string' only refers to a type, but is being used as a value here.
         return true;
+        ~~~~~~
+!!! error TS1108: A 'return' statement can only be used within a function body.
     }
     
     function f2(a: string?) {}
-                   ~~~~~~~
-!!! error TS17019: '?' at the end of a type is not valid TypeScript syntax. Did you mean to write 'string | undefined'?
+             ~~
+!!! error TS2391: Function implementation is missing or not immediately following the declaration.
+             ~~
+!!! error TS7010: 'f2', which lacks return-type annotation, implicitly has an 'any' return type.
+                         ~
+!!! error TS1005: ')' expected.
+                          ~
+!!! error TS1109: Expression expected.
     function f3(a: number?) {}
-                   ~~~~~~~
-!!! error TS17019: '?' at the end of a type is not valid TypeScript syntax. Did you mean to write 'number | undefined'?
+             ~~
+!!! error TS2391: Function implementation is missing or not immediately following the declaration.
+             ~~
+!!! error TS7010: 'f3', which lacks return-type annotation, implicitly has an 'any' return type.
+                         ~
+!!! error TS1005: ')' expected.
+                          ~
+!!! error TS1109: Expression expected.
     
     function f4(a: ?string) {}
-                   ~~~~~~~
-!!! error TS17020: '?' at the start of a type is not valid TypeScript syntax. Did you mean to write 'string | null | undefined'?
+             ~~
+!!! error TS2391: Function implementation is missing or not immediately following the declaration.
+             ~~
+!!! error TS7010: 'f4', which lacks return-type annotation, implicitly has an 'any' return type.
+                    ~~~~~~

Diff truncated: more than 100 lines changed

Expected: 79 lines
Actual: 150 lines

The differences are too extensive to show in unified diff format.
Consider comparing smaller sections or reviewing the strings directly.

</message>
<stacktrace>
  at org.junit.Assert.fail(Assert.java:89)
  at kotlin.test.junit.JUnitAsserter.fail(JUnitSupport.kt:56)
  at kotlin.test.AssertionsKt__AssertionsKt.fail(Assertions.kt:563)
  at kotlin.test.AssertionsKt.fail(Unknown Source)
  at com.xemantic.kotlin.test.SameAsKt.sameAs(SameAs.kt:52)
  at com.xemantic.typescript.compiler.TypeScriptTestSupportKt.errorsMatchBaseline(TypeScriptTestSupport.kt:135)
  at com.xemantic.typescript.compiler.TypeScriptCompilerTests_P.parseInvalidNullableTypes_ts has expected errors matching parseInvalidNullableTypes_errors_txt(TypeScriptCompilerTests_P.kt:616)
  at java.base/jdk.internal.reflect.DirectMethodHandleAccessor.invoke(DirectMethodHandleAccessor.java:104)
  at java.base/java.lang.reflect.Method.invoke(Method.java:565)
  at org.junit.runners.model.FrameworkMethod$1.runReflectiveCall(FrameworkMethod.java:59)
  at org.junit.internal.runners.model.ReflectiveCallable.run(ReflectiveCallable.java:12)
  at org.junit.runners.model.FrameworkMethod.invokeExplosively(FrameworkMethod.java:56)
  at org.junit.internal.runners.statements.InvokeMethod.evaluate(InvokeMethod.java:17)
  at org.junit.runners.ParentRunner$3.evaluate(ParentRunner.java:306)
  at org.junit.runners.BlockJUnit4ClassRunner$1.evaluate(BlockJUnit4ClassRunner.java:100)
  at org.junit.runners.ParentRunner.runLeaf(ParentRunner.java:366)
  at org.junit.runners.BlockJUnit4ClassRunner.runChild(BlockJUnit4ClassRunner.java:103)
  at org.junit.runners.BlockJUnit4ClassRunner.runChild(BlockJUnit4ClassRunner.java:63)
  at org.junit.runners.ParentRunner$4.run(ParentRunner.java:331)
  at org.junit.runners.ParentRunner$1.schedule(ParentRunner.java:79)
  at org.junit.runners.ParentRunner.runChildren(ParentRunner.java:329)
  at org.junit.runners.ParentRunner.access$100(ParentRunner.java:66)
  at org.junit.runners.ParentRunner$2.evaluate(ParentRunner.java:293)
  at org.junit.runners.ParentRunner$3.evaluate(ParentRunner.java:306)
  at org.junit.runners.ParentRunner.run(ParentRunner.java:413)
  at org.junit.runner.JUnitCore.run(JUnitCore.java:137)
  at org.junit.runner.JUnitCore.run(JUnitCore.java:115)
  at org.gradle.api.internal.tasks.testing.junit.JUnitTestExecutor.runRequest(JUnitTestExecutor.java:175)
  at org.gradle.api.internal.tasks.testing.junit.JUnitTestExecutor.accept(JUnitTestExecutor.java:84)
  at org.gradle.api.internal.tasks.testing.junit.JUnitTestExecutor.accept(JUnitTestExecutor.java:47)
  at org.gradle.api.internal.tasks.testing.junit.AbstractJUnitTestDefinitionProcessor.processTestDefinition(AbstractJUnitTestDefinitionProcessor.java:65)
  at org.gradle.api.internal.tasks.testing.SuiteTestDefinitionProcessor.processTestDefinition(SuiteTestDefinitionProcessor.java:54)
  at java.base/jdk.internal.reflect.DirectMethodHandleAccessor.invoke(DirectMethodHandleAccessor.java:104)
  at java.base/java.lang.reflect.Method.invoke(Method.java:565)
  at org.gradle.internal.dispatch.MethodInvocation.invokeOn(MethodInvocation.java:77)
  at org.gradle.internal.dispatch.ReflectionDispatch.dispatch(ReflectionDispatch.java:28)
  at org.gradle.internal.dispatch.ReflectionDispatch.dispatch(ReflectionDispatch.java:19)
  at org.gradle.internal.dispatch.ContextClassLoaderDispatch.dispatch(ContextClassLoaderDispatch.java:33)
  at org.gradle.internal.dispatch.ProxyDispatchAdapter$DispatchingInvocationHandler.invoke(ProxyDispatchAdapter.java:88)
  at jdk.proxy1/jdk.proxy1.$Proxy4.processTestDefinition(Unknown Source)
  at org.gradle.api.internal.tasks.testing.worker.TestWorker$2.run(TestWorker.java:178)
  at org.gradle.api.internal.tasks.testing.worker.TestWorker.executeAndMaintainThreadName(TestWorker.java:126)
  at org.gradle.api.internal.tasks.testing.worker.TestWorker.execute(TestWorker.java:103)
  at org.gradle.api.internal.tasks.testing.worker.TestWorker.execute(TestWorker.java:63)
  at org.gradle.process.internal.worker.child.ActionExecutionWorker.execute(ActionExecutionWorker.java:56)
  at org.gradle.process.internal.worker.child.SystemApplicationClassLoaderWorker.call(SystemApplicationClassLoaderWorker.java:122)
  at org.gradle.process.internal.worker.child.SystemApplicationClassLoaderWorker.call(SystemApplicationClassLoaderWorker.java:72)
  at worker.org.gradle.process.internal.worker.GradleWorkerMain.run(GradleWorkerMain.java:69)
  at worker.org.gradle.process.internal.worker.GradleWorkerMain.main(GradleWorkerMain.java:74)
</stacktrace>
</test-failure>


TypeScriptCompilerTests_P[jvm] > parseInvalidNullableTypes_ts has expected errors matching parseInvalidNullableTypes_errors_txt[jvm] FAILED

<test-failure test="com.xemantic.typescript.compiler.TypeScriptCompilerTests_P.promiseChaining1_ts has expected errors matching promiseChaining1_errors_txt" platform="jvm">
<message>
Expected diagnostics from baseline typescript-repo/tests/baselines/reference/promiseChaining1.errors.txt but none produced
</message>
<stacktrace>
  at com.xemantic.typescript.compiler.TypeScriptTestSupportKt.errorsMatchBaseline(TypeScriptTestSupport.kt:125)
  at com.xemantic.typescript.compiler.TypeScriptCompilerTests_P.promiseChaining1_ts has expected errors matching promiseChaining1_errors_txt(TypeScriptCompilerTests_P.kt:2261)
  at java.base/jdk.internal.reflect.DirectMethodHandleAccessor.invoke(DirectMethodHandleAccessor.java:104)
  at java.base/java.lang.reflect.Method.invoke(Method.java:565)
  at org.junit.runners.model.FrameworkMethod$1.runReflectiveCall(FrameworkMethod.java:59)
  at org.junit.internal.runners.model.ReflectiveCallable.run(ReflectiveCallable.java:12)
  at org.junit.runners.model.FrameworkMethod.invokeExplosively(FrameworkMethod.java:56)
  at org.junit.internal.runners.statements.InvokeMethod.evaluate(InvokeMethod.java:17)
  at org.junit.runners.ParentRunner$3.evaluate(ParentRunner.java:306)
  at org.junit.runners.BlockJUnit4ClassRunner$1.evaluate(BlockJUnit4ClassRunner.java:100)
  at org.junit.runners.ParentRunner.runLeaf(ParentRunner.java:366)
  at org.junit.runners.BlockJUnit4ClassRunner.runChild(BlockJUnit4ClassRunner.java:103)
  at org.junit.runners.BlockJUnit4ClassRunner.runChild(BlockJUnit4ClassRunner.java:63)
  at org.junit.runners.ParentRunner$4.run(ParentRunner.java:331)
  at org.junit.runners.ParentRunner$1.schedule(ParentRunner.java:79)
  at org.junit.runners.ParentRunner.runChildren(ParentRunner.java:329)
  at org.junit.runners.ParentRunner.access$100(ParentRunner.java:66)
  at org.junit.runners.ParentRunner$2.evaluate(ParentRunner.java:293)
  at org.junit.runners.ParentRunner$3.evaluate(ParentRunner.java:306)
  at org.junit.runners.ParentRunner.run(ParentRunner.java:413)
  at org.junit.runner.JUnitCore.run(JUnitCore.java:137)
  at org.junit.runner.JUnitCore.run(JUnitCore.java:115)
  at org.gradle.api.internal.tasks.testing.junit.JUnitTestExecutor.runRequest(JUnitTestExecutor.java:175)
  at org.gradle.api.internal.tasks.testing.junit.JUnitTestExecutor.accept(JUnitTestExecutor.java:84)
  at org.gradle.api.internal.tasks.testing.junit.JUnitTestExecutor.accept(JUnitTestExecutor.java:47)
  at org.gradle.api.internal.tasks.testing.junit.AbstractJUnitTestDefinitionProcessor.processTestDefinition(AbstractJUnitTestDefinitionProcessor.java:65)
  at org.gradle.api.internal.tasks.testing.SuiteTestDefinitionProcessor.processTestDefinition(SuiteTestDefinitionProcessor.java:54)
  at java.base/jdk.internal.reflect.DirectMethodHandleAccessor.invoke(DirectMethodHandleAccessor.java:104)
  at java.base/java.lang.reflect.Method.invoke(Method.java:565)
  at org.gradle.internal.dispatch.MethodInvocation.invokeOn(MethodInvocation.java:77)
  at org.gradle.internal.dispatch.ReflectionDispatch.dispatch(ReflectionDispatch.java:28)
  at org.gradle.internal.dispatch.ReflectionDispatch.dispatch(ReflectionDispatch.java:19)
  at org.gradle.internal.dispatch.ContextClassLoaderDispatch.dispatch(ContextClassLoaderDispatch.java:33)
  at org.gradle.internal.dispatch.ProxyDispatchAdapter$DispatchingInvocationHandler.invoke(ProxyDispatchAdapter.java:88)
  at jdk.proxy1/jdk.proxy1.$Proxy4.processTestDefinition(Unknown Source)
  at org.gradle.api.internal.tasks.testing.worker.TestWorker$2.run(TestWorker.java:178)
  at org.gradle.api.internal.tasks.testing.worker.TestWorker.executeAndMaintainThreadName(TestWorker.java:126)
  at org.gradle.api.internal.tasks.testing.worker.TestWorker.execute(TestWorker.java:103)
  at org.gradle.api.internal.tasks.testing.worker.TestWorker.execute(TestWorker.java:63)
  at org.gradle.process.internal.worker.child.ActionExecutionWorker.execute(ActionExecutionWorker.java:56)
  at org.gradle.process.internal.worker.child.SystemApplicationClassLoaderWorker.call(SystemApplicationClassLoaderWorker.java:122)
  at org.gradle.process.internal.worker.child.SystemApplicationClassLoaderWorker.call(SystemApplicationClassLoaderWorker.java:72)
  at worker.org.gradle.process.internal.worker.GradleWorkerMain.run(GradleWorkerMain.java:69)
  at worker.org.gradle.process.internal.worker.GradleWorkerMain.main(GradleWorkerMain.java:74)
</stacktrace>
</test-failure>


TypeScriptCompilerTests_P[jvm] > promiseChaining1_ts has expected errors matching promiseChaining1_errors_txt[jvm] FAILED

<test-failure test="com.xemantic.typescript.compiler.TypeScriptCompilerTests_P.prototypes_ts has expected errors matching prototypes_errors_txt" platform="jvm">
<message>
Expected diagnostics from baseline typescript-repo/tests/baselines/reference/prototypes.errors.txt but none produced
</message>
<stacktrace>
  at com.xemantic.typescript.compiler.TypeScriptTestSupportKt.errorsMatchBaseline(TypeScriptTestSupport.kt:125)
  at com.xemantic.typescript.compiler.TypeScriptCompilerTests_P.prototypes_ts has expected errors matching prototypes_errors_txt(TypeScriptCompilerTests_P.kt:2961)
  at java.base/jdk.internal.reflect.DirectMethodHandleAccessor.invoke(DirectMethodHandleAccessor.java:104)
  at java.base/java.lang.reflect.Method.invoke(Method.java:565)
  at org.junit.runners.model.FrameworkMethod$1.runReflectiveCall(FrameworkMethod.java:59)
  at org.junit.internal.runners.model.ReflectiveCallable.run(ReflectiveCallable.java:12)
  at org.junit.runners.model.FrameworkMethod.invokeExplosively(FrameworkMethod.java:56)
  at org.junit.internal.runners.statements.InvokeMethod.evaluate(InvokeMethod.java:17)
  at org.junit.runners.ParentRunner$3.evaluate(ParentRunner.java:306)
  at org.junit.runners.BlockJUnit4ClassRunner$1.evaluate(BlockJUnit4ClassRunner.java:100)
  at org.junit.runners.ParentRunner.runLeaf(ParentRunner.java:366)
  at org.junit.runners.BlockJUnit4ClassRunner.runChild(BlockJUnit4ClassRunner.java:103)
  at org.junit.runners.BlockJUnit4ClassRunner.runChild(BlockJUnit4ClassRunner.java:63)
  at org.junit.runners.ParentRunner$4.run(ParentRunner.java:331)
  at org.junit.runners.ParentRunner$1.schedule(ParentRunner.java:79)
  at org.junit.runners.ParentRunner.runChildren(ParentRunner.java:329)
  at org.junit.runners.ParentRunner.access$100(ParentRunner.java:66)
  at org.junit.runners.ParentRunner$2.evaluate(ParentRunner.java:293)
  at org.junit.runners.ParentRunner$3.evaluate(ParentRunner.java:306)
  at org.junit.runners.ParentRunner.run(ParentRunner.java:413)
  at org.junit.runner.JUnitCore.run(JUnitCore.java:137)
  at org.junit.runner.JUnitCore.run(JUnitCore.java:115)
  at org.gradle.api.internal.tasks.testing.junit.JUnitTestExecutor.runRequest(JUnitTestExecutor.java:175)
  at org.gradle.api.internal.tasks.testing.junit.JUnitTestExecutor.accept(JUnitTestExecutor.java:84)
  at org.gradle.api.internal.tasks.testing.junit.JUnitTestExecutor.accept(JUnitTestExecutor.java:47)
  at org.gradle.api.internal.tasks.testing.junit.AbstractJUnitTestDefinitionProcessor.processTestDefinition(AbstractJUnitTestDefinitionProcessor.java:65)
  at org.gradle.api.internal.tasks.testing.SuiteTestDefinitionProcessor.processTestDefinition(SuiteTestDefinitionProcessor.java:54)
  at java.base/jdk.internal.reflect.DirectMethodHandleAccessor.invoke(DirectMethodHandleAccessor.java:104)
  at java.base/java.lang.reflect.Method.invoke(Method.java:565)
  at org.gradle.internal.dispatch.MethodInvocation.invokeOn(MethodInvocation.java:77)
  at org.gradle.internal.dispatch.ReflectionDispatch.dispatch(ReflectionDispatch.java:28)
  at org.gradle.internal.dispatch.ReflectionDispatch.dispatch(ReflectionDispatch.java:19)
  at org.gradle.internal.dispatch.ContextClassLoaderDispatch.dispatch(ContextClassLoaderDispatch.java:33)
  at org.gradle.internal.dispatch.ProxyDispatchAdapter$DispatchingInvocationHandler.invoke(ProxyDispatchAdapter.java:88)
  at jdk.proxy1/jdk.proxy1.$Proxy4.processTestDefinition(Unknown Source)
  at org.gradle.api.internal.tasks.testing.worker.TestWorker$2.run(TestWorker.java:178)
  at org.gradle.api.internal.tasks.testing.worker.TestWorker.executeAndMaintainThreadName(TestWorker.java:126)
  at org.gradle.api.internal.tasks.testing.worker.TestWorker.execute(TestWorker.java:103)
  at org.gradle.api.internal.tasks.testing.worker.TestWorker.execute(TestWorker.java:63)
  at org.gradle.process.internal.worker.child.ActionExecutionWorker.execute(ActionExecutionWorker.java:56)
  at org.gradle.process.internal.worker.child.SystemApplicationClassLoaderWorker.call(SystemApplicationClassLoaderWorker.java:122)
  at org.gradle.process.internal.worker.child.SystemApplicationClassLoaderWorker.call(SystemApplicationClassLoaderWorker.java:72)
  at worker.org.gradle.process.internal.worker.GradleWorkerMain.run(GradleWorkerMain.java:69)
  at worker.org.gradle.process.internal.worker.GradleWorkerMain.main(GradleWorkerMain.java:74)
</stacktrace>
</test-failure>


TypeScriptCompilerTests_P[jvm] > prototypes_ts has expected errors matching prototypes_errors_txt[jvm] FAILED

<test-failure test="com.xemantic.typescript.compiler.TypeScriptCompilerTests_P.privateFieldAssignabilityFromUnknown_ts__target_es5__has expected errors matching baseline" platform="jvm">
<message>
--- expected
+++ actual
@@ -1,16 +1,10 @@
 error TS5107: Option 'target=ES5' is deprecated and will stop functioning in TypeScript 7.0. Specify compilerOption '"ignoreDeprecations": "6.0"' to silence this error.
-privateFieldAssignabilityFromUnknown.ts(2,3): error TS18028: Private identifiers are only available when targeting ECMAScript 2015 and higher.
-privateFieldAssignabilityFromUnknown.ts(5,7): error TS2322: Type 'unknown' is not assignable to type 'Class'.
 
 
 !!! error TS5107: Option 'target=ES5' is deprecated and will stop functioning in TypeScript 7.0. Specify compilerOption '"ignoreDeprecations": "6.0"' to silence this error.
-==== privateFieldAssignabilityFromUnknown.ts (2 errors) ====
+==== privateFieldAssignabilityFromUnknown.ts (0 errors) ====
     export class Class {
       #field: any
-      ~~~~~~
-!!! error TS18028: Private identifiers are only available when targeting ECMAScript 2015 and higher.
     }
     
     const task: Class = {} as unknown;
-          ~~~~
-!!! error TS2322: Type 'unknown' is not assignable to type 'Class'.

</message>
<stacktrace>
  at org.junit.Assert.fail(Assert.java:89)
  at kotlin.test.junit.JUnitAsserter.fail(JUnitSupport.kt:56)
  at kotlin.test.AssertionsKt__AssertionsKt.fail(Assertions.kt:563)
  at kotlin.test.AssertionsKt.fail(Unknown Source)
  at com.xemantic.kotlin.test.SameAsKt.sameAs(SameAs.kt:52)
  at com.xemantic.typescript.compiler.TypeScriptTestSupportKt.errorsMatchBaseline(TypeScriptTestSupport.kt:135)
  at com.xemantic.typescript.compiler.TypeScriptCompilerTests_P.privateFieldAssignabilityFromUnknown_ts__target_es5__has expected errors matching baseline(TypeScriptCompilerTests_P.kt:2135)
  at java.base/jdk.internal.reflect.DirectMethodHandleAccessor.invoke(DirectMethodHandleAccessor.java:104)
  at java.base/java.lang.reflect.Method.invoke(Method.java:565)
  at org.junit.runners.model.FrameworkMethod$1.runReflectiveCall(FrameworkMethod.java:59)
  at org.junit.internal.runners.model.ReflectiveCallable.run(ReflectiveCallable.java:12)
  at org.junit.runners.model.FrameworkMethod.invokeExplosively(FrameworkMethod.java:56)
  at org.junit.internal.runners.statements.InvokeMethod.evaluate(InvokeMethod.java:17)
  at org.junit.runners.ParentRunner$3.evaluate(ParentRunner.java:306)
  at org.junit.runners.BlockJUnit4ClassRunner$1.evaluate(BlockJUnit4ClassRunner.java:100)
  at org.junit.runners.ParentRunner.runLeaf(ParentRunner.java:366)
  at org.junit.runners.BlockJUnit4ClassRunner.runChild(BlockJUnit4ClassRunner.java:103)
  at org.junit.runners.BlockJUnit4ClassRunner.runChild(BlockJUnit4ClassRunner.java:63)
  at org.junit.runners.ParentRunner$4.run(ParentRunner.java:331)
  at org.junit.runners.ParentRunner$1.schedule(ParentRunner.java:79)
  at org.junit.runners.ParentRunner.runChildren(ParentRunner.java:329)
  at org.junit.runners.ParentRunner.access$100(ParentRunner.java:66)
  at org.junit.runners.ParentRunner$2.evaluate(ParentRunner.java:293)
  at org.junit.runners.ParentRunner$3.evaluate(ParentRunner.java:306)
  at org.junit.runners.ParentRunner.run(ParentRunner.java:413)
  at org.junit.runner.JUnitCore.run(JUnitCore.java:137)
  at org.junit.runner.JUnitCore.run(JUnitCore.java:115)
  at org.gradle.api.internal.tasks.testing.junit.JUnitTestExecutor.runRequest(JUnitTestExecutor.java:175)
  at org.gradle.api.internal.tasks.testing.junit.JUnitTestExecutor.accept(JUnitTestExecutor.java:84)
  at org.gradle.api.internal.tasks.testing.junit.JUnitTestExecutor.accept(JUnitTestExecutor.java:47)
  at org.gradle.api.internal.tasks.testing.junit.AbstractJUnitTestDefinitionProcessor.processTestDefinition(AbstractJUnitTestDefinitionProcessor.java:65)
  at org.gradle.api.internal.tasks.testing.SuiteTestDefinitionProcessor.processTestDefinition(SuiteTestDefinitionProcessor.java:54)
  at java.base/jdk.internal.reflect.DirectMethodHandleAccessor.invoke(DirectMethodHandleAccessor.java:104)
  at java.base/java.lang.reflect.Method.invoke(Method.java:565)
  at org.gradle.internal.dispatch.MethodInvocation.invokeOn(MethodInvocation.java:77)
  at org.gradle.internal.dispatch.ReflectionDispatch.dispatch(ReflectionDispatch.java:28)
  at org.gradle.internal.dispatch.ReflectionDispatch.dispatch(ReflectionDispatch.java:19)
  at org.gradle.internal.dispatch.ContextClassLoaderDispatch.dispatch(ContextClassLoaderDispatch.java:33)
  at org.gradle.internal.dispatch.ProxyDispatchAdapter$DispatchingInvocationHandler.invoke(ProxyDispatchAdapter.java:88)
  at jdk.proxy1/jdk.proxy1.$Proxy4.processTestDefinition(Unknown Source)
  at org.gradle.api.internal.tasks.testing.worker.TestWorker$2.run(TestWorker.java:178)
  at org.gradle.api.internal.tasks.testing.worker.TestWorker.executeAndMaintainThreadName(TestWorker.java:126)
  at org.gradle.api.internal.tasks.testing.worker.TestWorker.execute(TestWorker.java:103)
  at org.gradle.api.internal.tasks.testing.worker.TestWorker.execute(TestWorker.java:63)
  at org.gradle.process.internal.worker.child.ActionExecutionWorker.execute(ActionExecutionWorker.java:56)
  at org.gradle.process.internal.worker.child.SystemApplicationClassLoaderWorker.call(SystemApplicationClassLoaderWorker.java:122)
  at org.gradle.process.internal.worker.child.SystemApplicationClassLoaderWorker.call(SystemApplicationClassLoaderWorker.java:72)
  at worker.org.gradle.process.internal.worker.GradleWorkerMain.run(GradleWorkerMain.java:69)
  at worker.org.gradle.process.internal.worker.GradleWorkerMain.main(GradleWorkerMain.java:74)
</stacktrace>
</test-failure>


TypeScriptCompilerTests_P[jvm] > privateFieldAssignabilityFromUnknown_ts__target_es5__has expected errors matching baseline[jvm] FAILED

<test-failure test="com.xemantic.typescript.compiler.TypeScriptCompilerTests_P.parenthesizedJSDocCastDoesNotNarrow_ts has expected errors matching parenthesizedJSDocCastDoesNotNarrow_errors_txt" platform="jvm">
<message>
Expected diagnostics from baseline typescript-repo/tests/baselines/reference/parenthesizedJSDocCastDoesNotNarrow.errors.txt but none produced
</message>
<stacktrace>
  at com.xemantic.typescript.compiler.TypeScriptTestSupportKt.errorsMatchBaseline(TypeScriptTestSupport.kt:125)
  at com.xemantic.typescript.compiler.TypeScriptCompilerTests_P.parenthesizedJSDocCastDoesNotNarrow_ts has expected errors matching parenthesizedJSDocCastDoesNotNarrow_errors_txt(TypeScriptCompilerTests_P.kt:392)
  at java.base/jdk.internal.reflect.DirectMethodHandleAccessor.invoke(DirectMethodHandleAccessor.java:104)
  at java.base/java.lang.reflect.Method.invoke(Method.java:565)
  at org.junit.runners.model.FrameworkMethod$1.runReflectiveCall(FrameworkMethod.java:59)
  at org.junit.internal.runners.model.ReflectiveCallable.run(ReflectiveCallable.java:12)
  at org.junit.runners.model.FrameworkMethod.invokeExplosively(FrameworkMethod.java:56)
  at org.junit.internal.runners.statements.InvokeMethod.evaluate(InvokeMethod.java:17)
  at org.junit.runners.ParentRunner$3.evaluate(ParentRunner.java:306)
  at org.junit.runners.BlockJUnit4ClassRunner$1.evaluate(BlockJUnit4ClassRunner.java:100)
  at org.junit.runners.ParentRunner.runLeaf(ParentRunner.java:366)
  at org.junit.runners.BlockJUnit4ClassRunner.runChild(BlockJUnit4ClassRunner.java:103)
  at org.junit.runners.BlockJUnit4ClassRunner.runChild(BlockJUnit4ClassRunner.java:63)
  at org.junit.runners.ParentRunner$4.run(ParentRunner.java:331)
  at org.junit.runners.ParentRunner$1.schedule(ParentRunner.java:79)
  at org.junit.runners.ParentRunner.runChildren(ParentRunner.java:329)
  at org.junit.runners.ParentRunner.access$100(ParentRunner.java:66)
  at org.junit.runners.ParentRunner$2.evaluate(ParentRunner.java:293)
  at org.junit.runners.ParentRunner$3.evaluate(ParentRunner.java:306)
  at org.junit.runners.ParentRunner.run(ParentRunner.java:413)
  at org.junit.runner.JUnitCore.run(JUnitCore.java:137)
  at org.junit.runner.JUnitCore.run(JUnitCore.java:115)
  at org.gradle.api.internal.tasks.testing.junit.JUnitTestExecutor.runRequest(JUnitTestExecutor.java:175)
  at org.gradle.api.internal.tasks.testing.junit.JUnitTestExecutor.accept(JUnitTestExecutor.java:84)
  at org.gradle.api.internal.tasks.testing.junit.JUnitTestExecutor.accept(JUnitTestExecutor.java:47)
  at org.gradle.api.internal.tasks.testing.junit.AbstractJUnitTestDefinitionProcessor.processTestDefinition(AbstractJUnitTestDefinitionProcessor.java:65)
  at org.gradle.api.internal.tasks.testing.SuiteTestDefinitionProcessor.processTestDefinition(SuiteTestDefinitionProcessor.java:54)
  at java.base/jdk.internal.reflect.DirectMethodHandleAccessor.invoke(DirectMethodHandleAccessor.java:104)
  at java.base/java.lang.reflect.Method.invoke(Method.java:565)
  at org.gradle.internal.dispatch.MethodInvocation.invokeOn(MethodInvocation.java:77)
  at org.gradle.internal.dispatch.ReflectionDispatch.dispatch(ReflectionDispatch.java:28)
  at org.gradle.internal.dispatch.ReflectionDispatch.dispatch(ReflectionDispatch.java:19)
  at org.gradle.internal.dispatch.ContextClassLoaderDispatch.dispatch(ContextClassLoaderDispatch.java:33)
  at org.gradle.internal.dispatch.ProxyDispatchAdapter$DispatchingInvocationHandler.invoke(ProxyDispatchAdapter.java:88)
  at jdk.proxy1/jdk.proxy1.$Proxy4.processTestDefinition(Unknown Source)
  at org.gradle.api.internal.tasks.testing.worker.TestWorker$2.run(TestWorker.java:178)
  at org.gradle.api.internal.tasks.testing.worker.TestWorker.executeAndMaintainThreadName(TestWorker.java:126)
  at org.gradle.api.internal.tasks.testing.worker.TestWorker.execute(TestWorker.java:103)
  at org.gradle.api.internal.tasks.testing.worker.TestWorker.execute(TestWorker.java:63)
  at org.gradle.process.internal.worker.child.ActionExecutionWorker.execute(ActionExecutionWorker.java:56)
  at org.gradle.process.internal.worker.child.SystemApplicationClassLoaderWorker.call(SystemApplicationClassLoaderWorker.java:122)
  at org.gradle.process.internal.worker.child.SystemApplicationClassLoaderWorker.call(SystemApplicationClassLoaderWorker.java:72)
  at worker.org.gradle.process.internal.worker.GradleWorkerMain.run(GradleWorkerMain.java:69)
  at worker.org.gradle.process.internal.worker.GradleWorkerMain.main(GradleWorkerMain.java:74)
</stacktrace>
</test-failure>


TypeScriptCompilerTests_P[jvm] > parenthesizedJSDocCastDoesNotNarrow_ts has expected errors matching parenthesizedJSDocCastDoesNotNarrow_errors_txt[jvm] FAILED

<test-failure test="com.xemantic.typescript.compiler.TypeScriptCompilerTests_P.propertyParameterWithQuestionMark_ts has expected errors matching propertyParameterWithQuestionMark_errors_txt" platform="jvm">
<message>
Expected diagnostics from baseline typescript-repo/tests/baselines/reference/propertyParameterWithQuestionMark.errors.txt but none produced
</message>
<stacktrace>
  at com.xemantic.typescript.compiler.TypeScriptTestSupportKt.errorsMatchBaseline(TypeScriptTestSupport.kt:125)
  at com.xemantic.typescript.compiler.TypeScriptCompilerTests_P.propertyParameterWithQuestionMark_ts has expected errors matching propertyParameterWithQuestionMark_errors_txt(TypeScriptCompilerTests_P.kt:2828)
  at java.base/jdk.internal.reflect.DirectMethodHandleAccessor.invoke(DirectMethodHandleAccessor.java:104)
  at java.base/java.lang.reflect.Method.invoke(Method.java:565)
  at org.junit.runners.model.FrameworkMethod$1.runReflectiveCall(FrameworkMethod.java:59)
  at org.junit.internal.runners.model.ReflectiveCallable.run(ReflectiveCallable.java:12)
  at org.junit.runners.model.FrameworkMethod.invokeExplosively(FrameworkMethod.java:56)
  at org.junit.internal.runners.statements.InvokeMethod.evaluate(InvokeMethod.java:17)
  at org.junit.runners.ParentRunner$3.evaluate(ParentRunner.java:306)
  at org.junit.runners.BlockJUnit4ClassRunner$1.evaluate(BlockJUnit4ClassRunner.java:100)
  at org.junit.runners.ParentRunner.runLeaf(ParentRunner.java:366)
  at org.junit.runners.BlockJUnit4ClassRunner.runChild(BlockJUnit4ClassRunner.java:103)
  at org.junit.runners.BlockJUnit4ClassRunner.runChild(BlockJUnit4ClassRunner.java:63)
  at org.junit.runners.ParentRunner$4.run(ParentRunner.java:331)
  at org.junit.runners.ParentRunner$1.schedule(ParentRunner.java:79)
  at org.junit.runners.ParentRunner.runChildren(ParentRunner.java:329)
  at org.junit.runners.ParentRunner.access$100(ParentRunner.java:66)
  at org.junit.runners.ParentRunner$2.evaluate(ParentRunner.java:293)
  at org.junit.runners.ParentRunner$3.evaluate(ParentRunner.java:306)
  at org.junit.runners.ParentRunner.run(ParentRunner.java:413)
  at org.junit.runner.JUnitCore.run(JUnitCore.java:137)
  at org.junit.runner.JUnitCore.run(JUnitCore.java:115)
  at org.gradle.api.internal.tasks.testing.junit.JUnitTestExecutor.runRequest(JUnitTestExecutor.java:175)
  at org.gradle.api.internal.tasks.testing.junit.JUnitTestExecutor.accept(JUnitTestExecutor.java:84)
  at org.gradle.api.internal.tasks.testing.junit.JUnitTestExecutor.accept(JUnitTestExecutor.java:47)
  at org.gradle.api.internal.tasks.testing.junit.AbstractJUnitTestDefinitionProcessor.processTestDefinition(AbstractJUnitTestDefinitionProcessor.java:65)
  at org.gradle.api.internal.tasks.testing.SuiteTestDefinitionProcessor.processTestDefinition(SuiteTestDefinitionProcessor.java:54)
  at java.base/jdk.internal.reflect.DirectMethodHandleAccessor.invoke(DirectMethodHandleAccessor.java:104)
  at java.base/java.lang.reflect.Method.invoke(Method.java:565)
  at org.gradle.internal.dispatch.MethodInvocation.invokeOn(MethodInvocation.java:77)
  at org.gradle.internal.dispatch.ReflectionDispatch.dispatch(ReflectionDispatch.java:28)
  at org.gradle.internal.dispatch.ReflectionDispatch.dispatch(ReflectionDispatch.java:19)
  at org.gradle.internal.dispatch.ContextClassLoaderDispatch.dispatch(ContextClassLoaderDispatch.java:33)
  at org.gradle.internal.dispatch.ProxyDispatchAdapter$DispatchingInvocationHandler.invoke(ProxyDispatchAdapter.java:88)
  at jdk.proxy1/jdk.proxy1.$Proxy4.processTestDefinition(Unknown Source)
  at org.gradle.api.internal.tasks.testing.worker.TestWorker$2.run(TestWorker.java:178)
  at org.gradle.api.internal.tasks.testing.worker.TestWorker.executeAndMaintainThreadName(TestWorker.java:126)
  at org.gradle.api.internal.tasks.testing.worker.TestWorker.execute(TestWorker.java:103)
  at org.gradle.api.internal.tasks.testing.worker.TestWorker.execute(TestWorker.java:63)
  at org.gradle.process.internal.worker.child.ActionExecutionWorker.execute(ActionExecutionWorker.java:56)
  at org.gradle.process.internal.worker.child.SystemApplicationClassLoaderWorker.call(SystemApplicationClassLoaderWorker.java:122)
  at org.gradle.process.internal.worker.child.SystemApplicationClassLoaderWorker.call(SystemApplicationClassLoaderWorker.java:72)
  at worker.org.gradle.process.internal.worker.GradleWorkerMain.run(GradleWorkerMain.java:69)
  at worker.org.gradle.process.internal.worker.GradleWorkerMain.main(GradleWorkerMain.java:74)
</stacktrace>
</test-failure>


TypeScriptCompilerTests_P[jvm] > propertyParameterWithQuestionMark_ts has expected errors matching propertyParameterWithQuestionMark_errors_txt[jvm] FAILED

<test-failure test="com.xemantic.typescript.compiler.TypeScriptCompilerTests_P.parseGenericArrowRatherThanLeftShift_ts compiles to JavaScript matching parseGenericArrowRatherThanLeftShift_js" platform="jvm">
<message>
--- expected
+++ actual
@@ -10,5 +10,6 @@
 
 //// [parseGenericArrowRatherThanLeftShift.js]
 "use strict";
+ << T > (x) => number > ;
 function foo(_x) { }
-const b = foo(() => 1);
+const b = foo << T > (x) => number > (() => 1);

</message>
<stacktrace>
  at org.junit.Assert.fail(Assert.java:89)
  at kotlin.test.junit.JUnitAsserter.fail(JUnitSupport.kt:56)
  at kotlin.test.AssertionsKt__AssertionsKt.fail(Assertions.kt:563)
  at kotlin.test.AssertionsKt.fail(Unknown Source)
  at com.xemantic.kotlin.test.SameAsKt.sameAs(SameAs.kt:52)
  at com.xemantic.typescript.compiler.TypeScriptTestSupportKt.sameAs(TypeScriptTestSupport.kt:99)
  at com.xemantic.typescript.compiler.TypeScriptCompilerTests_P.parseGenericArrowRatherThanLeftShift_ts compiles to JavaScript matching parseGenericArrowRatherThanLeftShift_js(TypeScriptCompilerTests_P.kt:560)
  at java.base/jdk.internal.reflect.DirectMethodHandleAccessor.invoke(DirectMethodHandleAccessor.java:104)
  at java.base/java.lang.reflect.Method.invoke(Method.java:565)
  at org.junit.runners.model.FrameworkMethod$1.runReflectiveCall(FrameworkMethod.java:59)
  at org.junit.internal.runners.model.ReflectiveCallable.run(ReflectiveCallable.java:12)
  at org.junit.runners.model.FrameworkMethod.invokeExplosively(FrameworkMethod.java:56)
  at org.junit.internal.runners.statements.InvokeMethod.evaluate(InvokeMethod.java:17)
  at org.junit.runners.ParentRunner$3.evaluate(ParentRunner.java:306)
  at org.junit.runners.BlockJUnit4ClassRunner$1.evaluate(BlockJUnit4ClassRunner.java:100)
  at org.junit.runners.ParentRunner.runLeaf(ParentRunner.java:366)
  at org.junit.runners.BlockJUnit4ClassRunner.runChild(BlockJUnit4ClassRunner.java:103)
  at org.junit.runners.BlockJUnit4ClassRunner.runChild(BlockJUnit4ClassRunner.java:63)
  at org.junit.runners.ParentRunner$4.run(ParentRunner.java:331)
  at org.junit.runners.ParentRunner$1.schedule(ParentRunner.java:79)
  at org.junit.runners.ParentRunner.runChildren(ParentRunner.java:329)
  at org.junit.runners.ParentRunner.access$100(ParentRunner.java:66)
  at org.junit.runners.ParentRunner$2.evaluate(ParentRunner.java:293)
  at org.junit.runners.ParentRunner$3.evaluate(ParentRunner.java:306)
  at org.junit.runners.ParentRunner.run(ParentRunner.java:413)
  at org.junit.runner.JUnitCore.run(JUnitCore.java:137)
  at org.junit.runner.JUnitCore.run(JUnitCore.java:115)
  at org.gradle.api.internal.tasks.testing.junit.JUnitTestExecutor.runRequest(JUnitTestExecutor.java:175)
  at org.gradle.api.internal.tasks.testing.junit.JUnitTestExecutor.accept(JUnitTestExecutor.java:84)
  at org.gradle.api.internal.tasks.testing.junit.JUnitTestExecutor.accept(JUnitTestExecutor.java:47)
  at org.gradle.api.internal.tasks.testing.junit.AbstractJUnitTestDefinitionProcessor.processTestDefinition(AbstractJUnitTestDefinitionProcessor.java:65)
  at org.gradle.api.internal.tasks.testing.SuiteTestDefinitionProcessor.processTestDefinition(SuiteTestDefinitionProcessor.java:54)
  at java.base/jdk.internal.reflect.DirectMethodHandleAccessor.invoke(DirectMethodHandleAccessor.java:104)
  at java.base/java.lang.reflect.Method.invoke(Method.java:565)
  at org.gradle.internal.dispatch.MethodInvocation.invokeOn(MethodInvocation.java:77)
  at org.gradle.internal.dispatch.ReflectionDispatch.dispatch(ReflectionDispatch.java:28)
  at org.gradle.internal.dispatch.ReflectionDispatch.dispatch(ReflectionDispatch.java:19)
  at org.gradle.internal.dispatch.ContextClassLoaderDispatch.dispatch(ContextClassLoaderDispatch.java:33)
  at org.gradle.internal.dispatch.ProxyDispatchAdapter$DispatchingInvocationHandler.invoke(ProxyDispatchAdapter.java:88)
  at jdk.proxy1/jdk.proxy1.$Proxy4.processTestDefinition(Unknown Source)
  at org.gradle.api.internal.tasks.testing.worker.TestWorker$2.run(TestWorker.java:178)
  at org.gradle.api.internal.tasks.testing.worker.TestWorker.executeAndMaintainThreadName(TestWorker.java:126)
  at org.gradle.api.internal.tasks.testing.worker.TestWorker.execute(TestWorker.java:103)
  at org.gradle.api.internal.tasks.testing.worker.TestWorker.execute(TestWorker.java:63)
  at org.gradle.process.internal.worker.child.ActionExecutionWorker.execute(ActionExecutionWorker.java:56)
  at org.gradle.process.internal.worker.child.SystemApplicationClassLoaderWorker.call(SystemApplicationClassLoaderWorker.java:122)
  at org.gradle.process.internal.worker.child.SystemApplicationClassLoaderWorker.call(SystemApplicationClassLoaderWorker.java:72)
  at worker.org.gradle.process.internal.worker.GradleWorkerMain.run(GradleWorkerMain.java:69)
  at worker.org.gradle.process.internal.worker.GradleWorkerMain.main(GradleWorkerMain.java:74)
</stacktrace>
</test-failure>


TypeScriptCompilerTests_P[jvm] > parseGenericArrowRatherThanLeftShift_ts compiles to JavaScript matching parseGenericArrowRatherThanLeftShift_js[jvm] FAILED

<test-failure test="com.xemantic.typescript.compiler.TypeScriptCompilerTests_P.pathMappingBasedModuleResolution1_amd_ts has expected errors matching pathMappingBasedModuleResolution1_amd_errors_txt" platform="jvm">
<message>
--- expected
+++ actual
@@ -1,9 +1,7 @@
 c:/root/tsconfig.json(2,5): error TS5107: Option 'module=AMD' is deprecated and will stop functioning in TypeScript 7.0. Specify compilerOption '"ignoreDeprecations": "6.0"' to silence this error.
-c:/root/tsconfig.json(5,17): error TS5090: Non-relative paths are not allowed when 'baseUrl' is not set. Did you forget a leading './'?
-c:/root/tsconfig.json(6,17): error TS5090: Non-relative paths are not allowed when 'baseUrl' is not set. Did you forget a leading './'?
 
 
-==== c:/root/tsconfig.json (3 errors) ====
+==== c:/root/tsconfig.json (1 errors) ====
     {
         "compilerOptions": {
         ~~~~~~~~~~~~~~~~~
@@ -11,11 +9,7 @@
             "paths": {
                 "*": [
                     "*",
-                    ~~~
-!!! error TS5090: Non-relative paths are not allowed when 'baseUrl' is not set. Did you forget a leading './'?
                     "generated/*"
-                    ~~~~~~~~~~~~~
-!!! error TS5090: Non-relative paths are not allowed when 'baseUrl' is not set. Did you forget a leading './'?
                 ]
             }
         }

</message>
<stacktrace>
  at org.junit.Assert.fail(Assert.java:89)
  at kotlin.test.junit.JUnitAsserter.fail(JUnitSupport.kt:56)
  at kotlin.test.AssertionsKt__AssertionsKt.fail(Assertions.kt:563)
  at kotlin.test.AssertionsKt.fail(Unknown Source)
  at com.xemantic.kotlin.test.SameAsKt.sameAs(SameAs.kt:52)
  at com.xemantic.typescript.compiler.TypeScriptTestSupportKt.errorsMatchBaseline(TypeScriptTestSupport.kt:135)
  at com.xemantic.typescript.compiler.TypeScriptCompilerTests_P.pathMappingBasedModuleResolution1_amd_ts has expected errors matching pathMappingBasedModuleResolution1_amd_errors_txt(TypeScriptCompilerTests_P.kt:903)
  at java.base/jdk.internal.reflect.DirectMethodHandleAccessor.invoke(DirectMethodHandleAccessor.java:104)
  at java.base/java.lang.reflect.Method.invoke(Method.java:565)
  at org.junit.runners.model.FrameworkMethod$1.runReflectiveCall(FrameworkMethod.java:59)
  at org.junit.internal.runners.model.ReflectiveCallable.run(ReflectiveCallable.java:12)
  at org.junit.runners.model.FrameworkMethod.invokeExplosively(FrameworkMethod.java:56)
  at org.junit.internal.runners.statements.InvokeMethod.evaluate(InvokeMethod.java:17)
  at org.junit.runners.ParentRunner$3.evaluate(ParentRunner.java:306)
  at org.junit.runners.BlockJUnit4ClassRunner$1.evaluate(BlockJUnit4ClassRunner.java:100)
  at org.junit.runners.ParentRunner.runLeaf(ParentRunner.java:366)
  at org.junit.runners.BlockJUnit4ClassRunner.runChild(BlockJUnit4ClassRunner.java:103)
  at org.junit.runners.BlockJUnit4ClassRunner.runChild(BlockJUnit4ClassRunner.java:63)
  at org.junit.runners.ParentRunner$4.run(ParentRunner.java:331)
  at org.junit.runners.ParentRunner$1.schedule(ParentRunner.java:79)
  at org.junit.runners.ParentRunner.runChildren(ParentRunner.java:329)
  at org.junit.runners.ParentRunner.access$100(ParentRunner.java:66)
  at org.junit.runners.ParentRunner$2.evaluate(ParentRunner.java:293)
  at org.junit.runners.ParentRunner$3.evaluate(ParentRunner.java:306)
  at org.junit.runners.ParentRunner.run(ParentRunner.java:413)
  at org.junit.runner.JUnitCore.run(JUnitCore.java:137)
  at org.junit.runner.JUnitCore.run(JUnitCore.java:115)
  at org.gradle.api.internal.tasks.testing.junit.JUnitTestExecutor.runRequest(JUnitTestExecutor.java:175)
  at org.gradle.api.internal.tasks.testing.junit.JUnitTestExecutor.accept(JUnitTestExecutor.java:84)
  at org.gradle.api.internal.tasks.testing.junit.JUnitTestExecutor.accept(JUnitTestExecutor.java:47)
  at org.gradle.api.internal.tasks.testing.junit.AbstractJUnitTestDefinitionProcessor.processTestDefinition(AbstractJUnitTestDefinitionProcessor.java:65)
  at org.gradle.api.internal.tasks.testing.SuiteTestDefinitionProcessor.processTestDefinition(SuiteTestDefinitionProcessor.java:54)
  at java.base/jdk.internal.reflect.DirectMethodHandleAccessor.invoke(DirectMethodHandleAccessor.java:104)
  at java.base/java.lang.reflect.Method.invoke(Method.java:565)
  at org.gradle.internal.dispatch.MethodInvocation.invokeOn(MethodInvocation.java:77)
  at org.gradle.internal.dispatch.ReflectionDispatch.dispatch(ReflectionDispatch.java:28)
  at org.gradle.internal.dispatch.ReflectionDispatch.dispatch(ReflectionDispatch.java:19)
  at org.gradle.internal.dispatch.ContextClassLoaderDispatch.dispatch(ContextClassLoaderDispatch.java:33)
  at org.gradle.internal.dispatch.ProxyDispatchAdapter$DispatchingInvocationHandler.invoke(ProxyDispatchAdapter.java:88)
  at jdk.proxy1/jdk.proxy1.$Proxy4.processTestDefinition(Unknown Source)
  at org.gradle.api.internal.tasks.testing.worker.TestWorker$2.run(TestWorker.java:178)
  at org.gradle.api.internal.tasks.testing.worker.TestWorker.executeAndMaintainThreadName(TestWorker.java:126)
  at org.gradle.api.internal.tasks.testing.worker.TestWorker.execute(TestWorker.java:103)
  at org.gradle.api.internal.tasks.testing.worker.TestWorker.execute(TestWorker.java:63)
  at org.gradle.process.internal.worker.child.ActionExecutionWorker.execute(ActionExecutionWorker.java:56)
  at org.gradle.process.internal.worker.child.SystemApplicationClassLoaderWorker.call(SystemApplicationClassLoaderWorker.java:122)
  at org.gradle.process.internal.worker.child.SystemApplicationClassLoaderWorker.call(SystemApplicationClassLoaderWorker.java:72)
  at worker.org.gradle.process.internal.worker.GradleWorkerMain.run(GradleWorkerMain.java:69)
  at worker.org.gradle.process.internal.worker.GradleWorkerMain.main(GradleWorkerMain.java:74)
</stacktrace>
</test-failure>


TypeScriptCompilerTests_P[jvm] > pathMappingBasedModuleResolution1_amd_ts has expected errors matching pathMappingBasedModuleResolution1_amd_errors_txt[jvm] FAILED

<test-failure test="com.xemantic.typescript.compiler.TypeScriptCompilerTests_P.privacyCheckAnonymousFunctionParameter2_ts has expected errors matching privacyCheckAnonymousFunctionParameter2_errors_txt" platform="jvm">
<message>
--- expected
+++ actual
@@ -1,9 +1,8 @@
 error TS5107: Option 'module=AMD' is deprecated and will stop functioning in TypeScript 7.0. Specify compilerOption '"ignoreDeprecations": "6.0"' to silence this error.
-privacyCheckAnonymousFunctionParameter2.ts(12,13): error TS2345: Argument of type 'null' is not assignable to parameter of type '(a: Iterator<unknown>) => number'.
 
 
 !!! error TS5107: Option 'module=AMD' is deprecated and will stop functioning in TypeScript 7.0. Specify compilerOption '"ignoreDeprecations": "6.0"' to silence this error.
-==== privacyCheckAnonymousFunctionParameter2.ts (1 errors) ====
+==== privacyCheckAnonymousFunctionParameter2.ts (0 errors) ====
     export var x = 1;  // Makes this an external module 
     interface Iterator<T> { x: T }
     
@@ -16,7 +15,5 @@
     namespace Q {
         function bar() {
             foo(null);
-                ~~~~
-!!! error TS2345: Argument of type 'null' is not assignable to parameter of type '(a: Iterator<unknown>) => number'.
         }
     }

</message>
<stacktrace>
  at org.junit.Assert.fail(Assert.java:89)
  at kotlin.test.junit.JUnitAsserter.fail(JUnitSupport.kt:56)
  at kotlin.test.AssertionsKt__AssertionsKt.fail(Assertions.kt:563)
  at kotlin.test.AssertionsKt.fail(Unknown Source)
  at com.xemantic.kotlin.test.SameAsKt.sameAs(SameAs.kt:52)
  at com.xemantic.typescript.compiler.TypeScriptTestSupportKt.errorsMatchBaseline(TypeScriptTestSupport.kt:135)
  at com.xemantic.typescript.compiler.TypeScriptCompilerTests_P.privacyCheckAnonymousFunctionParameter2_ts has expected errors matching privacyCheckAnonymousFunctionParameter2_errors_txt(TypeScriptCompilerTests_P.kt:1680)
  at java.base/jdk.internal.reflect.DirectMethodHandleAccessor.invoke(DirectMethodHandleAccessor.java:104)
  at java.base/java.lang.reflect.Method.invoke(Method.java:565)
  at org.junit.runners.model.FrameworkMethod$1.runReflectiveCall(FrameworkMethod.java:59)
  at org.junit.internal.runners.model.ReflectiveCallable.run(ReflectiveCallable.java:12)
  at org.junit.runners.model.FrameworkMethod.invokeExplosively(FrameworkMethod.java:56)
  at org.junit.internal.runners.statements.InvokeMethod.evaluate(InvokeMethod.java:17)
  at org.junit.runners.ParentRunner$3.evaluate(ParentRunner.java:306)
  at org.junit.runners.BlockJUnit4ClassRunner$1.evaluate(BlockJUnit4ClassRunner.java:100)
  at org.junit.runners.ParentRunner.runLeaf(ParentRunner.java:366)
  at org.junit.runners.BlockJUnit4ClassRunner.runChild(BlockJUnit4ClassRunner.java:103)
  at org.junit.runners.BlockJUnit4ClassRunner.runChild(BlockJUnit4ClassRunner.java:63)
  at org.junit.runners.ParentRunner$4.run(ParentRunner.java:331)
  at org.junit.runners.ParentRunner$1.schedule(ParentRunner.java:79)
  at org.junit.runners.ParentRunner.runChildren(ParentRunner.java:329)
  at org.junit.runners.ParentRunner.access$100(ParentRunner.java:66)
  at org.junit.runners.ParentRunner$2.evaluate(ParentRunner.java:293)
  at org.junit.runners.ParentRunner$3.evaluate(ParentRunner.java:306)
  at org.junit.runners.ParentRunner.run(ParentRunner.java:413)
  at org.junit.runner.JUnitCore.run(JUnitCore.java:137)
  at org.junit.runner.JUnitCore.run(JUnitCore.java:115)
  at org.gradle.api.internal.tasks.testing.junit.JUnitTestExecutor.runRequest(JUnitTestExecutor.java:175)
  at org.gradle.api.internal.tasks.testing.junit.JUnitTestExecutor.accept(JUnitTestExecutor.java:84)
  at org.gradle.api.internal.tasks.testing.junit.JUnitTestExecutor.accept(JUnitTestExecutor.java:47)
  at org.gradle.api.internal.tasks.testing.junit.AbstractJUnitTestDefinitionProcessor.processTestDefinition(AbstractJUnitTestDefinitionProcessor.java:65)
  at org.gradle.api.internal.tasks.testing.SuiteTestDefinitionProcessor.processTestDefinition(SuiteTestDefinitionProcessor.java:54)
  at java.base/jdk.internal.reflect.DirectMethodHandleAccessor.invoke(DirectMethodHandleAccessor.java:104)
  at java.base/java.lang.reflect.Method.invoke(Method.java:565)
  at org.gradle.internal.dispatch.MethodInvocation.invokeOn(MethodInvocation.java:77)
  at org.gradle.internal.dispatch.ReflectionDispatch.dispatch(ReflectionDispatch.java:28)
  at org.gradle.internal.dispatch.ReflectionDispatch.dispatch(ReflectionDispatch.java:19)
  at org.gradle.internal.dispatch.ContextClassLoaderDispatch.dispatch(ContextClassLoaderDispatch.java:33)
  at org.gradle.internal.dispatch.ProxyDispatchAdapter$DispatchingInvocationHandler.invoke(ProxyDispatchAdapter.java:88)
  at jdk.proxy1/jdk.proxy1.$Proxy4.processTestDefinition(Unknown Source)
  at org.gradle.api.internal.tasks.testing.worker.TestWorker$2.run(TestWorker.java:178)
  at org.gradle.api.internal.tasks.testing.worker.TestWorker.executeAndMaintainThreadName(TestWorker.java:126)
  at org.gradle.api.internal.tasks.testing.worker.TestWorker.execute(TestWorker.java:103)
  at org.gradle.api.internal.tasks.testing.worker.TestWorker.execute(TestWorker.java:63)
  at org.gradle.process.internal.worker.child.ActionExecutionWorker.execute(ActionExecutionWorker.java:56)
  at org.gradle.process.internal.worker.child.SystemApplicationClassLoaderWorker.call(SystemApplicationClassLoaderWorker.java:122)
  at org.gradle.process.internal.worker.child.SystemApplicationClassLoaderWorker.call(SystemApplicationClassLoaderWorker.java:72)
  at worker.org.gradle.process.internal.worker.GradleWorkerMain.run(GradleWorkerMain.java:69)
  at worker.org.gradle.process.internal.worker.GradleWorkerMain.main(GradleWorkerMain.java:74)
</stacktrace>
</test-failure>


TypeScriptCompilerTests_P[jvm] > privacyCheckAnonymousFunctionParameter2_ts has expected errors matching privacyCheckAnonymousFunctionParameter2_errors_txt[jvm] FAILED

<test-failure test="com.xemantic.typescript.compiler.TypeScriptCompilerTests_P.pathMappingBasedModuleResolution5_node_ts compiles to JavaScript matching pathMappingBasedModuleResolution5_node_js" platform="jvm">
<message>
--- expected
+++ actual
@@ -1,8 +1,5 @@
 //// [tests/cases/compiler/pathMappingBasedModuleResolution5_node.ts] ////
 
-//// [file4.ts]
-export var z1 = 1;
-
 //// [file1.ts]
 import {x} from "folder2/file1"
 import {y} from "folder3/file2"
@@ -25,20 +22,13 @@
 //// [index.d.ts]
 export var z: number;
 
+//// [file4.ts]
+export var z1 = 1;
 
+
 //// [file1.js]
 "use strict";
 Object.defineProperty(exports, "__esModule", { value: true });
-exports.x = void 0;
-exports.x = 1;
-//// [file2.js]
-"use strict";
-Object.defineProperty(exports, "__esModule", { value: true });
-exports.y = void 0;
-exports.y = 1;
-//// [file1.js]
-"use strict";
-Object.defineProperty(exports, "__esModule", { value: true });
 const file1_1 = require("folder2/file1");
 const file2_1 = require("folder3/file2");
 const file3_1 = require("components/file3");
@@ -47,3 +37,13 @@
 use(file2_1.y.toExponential());
 use(file3_1.z.toExponential());
 use(file4_1.z1.toExponential());
+//// [file1.js]
+"use strict";
+Object.defineProperty(exports, "__esModule", { value: true });
+exports.x = void 0;
+exports.x = 1;
+//// [file2.js]
+"use strict";
+Object.defineProperty(exports, "__esModule", { value: true });
+exports.y = void 0;
+exports.y = 1;

</message>
<stacktrace>
  at org.junit.Assert.fail(Assert.java:89)
  at kotlin.test.junit.JUnitAsserter.fail(JUnitSupport.kt:56)
  at kotlin.test.AssertionsKt__AssertionsKt.fail(Assertions.kt:563)
  at kotlin.test.AssertionsKt.fail(Unknown Source)
  at com.xemantic.kotlin.test.SameAsKt.sameAs(SameAs.kt:52)
  at com.xemantic.typescript.compiler.TypeScriptTestSupportKt.sameAs(TypeScriptTestSupport.kt:99)
  at com.xemantic.typescript.compiler.TypeScriptCompilerTests_P.pathMappingBasedModuleResolution5_node_ts compiles to JavaScript matching pathMappingBasedModuleResolution5_node_js(TypeScriptCompilerTests_P.kt:1022)
  at java.base/jdk.internal.reflect.DirectMethodHandleAccessor.invoke(DirectMethodHandleAccessor.java:104)
  at java.base/java.lang.reflect.Method.invoke(Method.java:565)
  at org.junit.runners.model.FrameworkMethod$1.runReflectiveCall(FrameworkMethod.java:59)
  at org.junit.internal.runners.model.ReflectiveCallable.run(ReflectiveCallable.java:12)
  at org.junit.runners.model.FrameworkMethod.invokeExplosively(FrameworkMethod.java:56)
  at org.junit.internal.runners.statements.InvokeMethod.evaluate(InvokeMethod.java:17)
  at org.junit.runners.ParentRunner$3.evaluate(ParentRunner.java:306)
  at org.junit.runners.BlockJUnit4ClassRunner$1.evaluate(BlockJUnit4ClassRunner.java:100)
  at org.junit.runners.ParentRunner.runLeaf(ParentRunner.java:366)
  at org.junit.runners.BlockJUnit4ClassRunner.runChild(BlockJUnit4ClassRunner.java:103)
  at org.junit.runners.BlockJUnit4ClassRunner.runChild(BlockJUnit4ClassRunner.java:63)
  at org.junit.runners.ParentRunner$4.run(ParentRunner.java:331)
  at org.junit.runners.ParentRunner$1.schedule(ParentRunner.java:79)
  at org.junit.runners.ParentRunner.runChildren(ParentRunner.java:329)
  at org.junit.runners.ParentRunner.access$100(ParentRunner.java:66)
  at org.junit.runners.ParentRunner$2.evaluate(ParentRunner.java:293)
  at org.junit.runners.ParentRunner$3.evaluate(ParentRunner.java:306)
  at org.junit.runners.ParentRunner.run(ParentRunner.java:413)
  at org.junit.runner.JUnitCore.run(JUnitCore.java:137)
  at org.junit.runner.JUnitCore.run(JUnitCore.java:115)
  at org.gradle.api.internal.tasks.testing.junit.JUnitTestExecutor.runRequest(JUnitTestExecutor.java:175)
  at org.gradle.api.internal.tasks.testing.junit.JUnitTestExecutor.accept(JUnitTestExecutor.java:84)
  at org.gradle.api.internal.tasks.testing.junit.JUnitTestExecutor.accept(JUnitTestExecutor.java:47)
  at org.gradle.api.internal.tasks.testing.junit.AbstractJUnitTestDefinitionProcessor.processTestDefinition(AbstractJUnitTestDefinitionProcessor.java:65)
  at org.gradle.api.internal.tasks.testing.SuiteTestDefinitionProcessor.processTestDefinition(SuiteTestDefinitionProcessor.java:54)
  at java.base/jdk.internal.reflect.DirectMethodHandleAccessor.invoke(DirectMethodHandleAccessor.java:104)
  at java.base/java.lang.reflect.Method.invoke(Method.java:565)
  at org.gradle.internal.dispatch.MethodInvocation.invokeOn(MethodInvocation.java:77)
  at org.gradle.internal.dispatch.ReflectionDispatch.dispatch(ReflectionDispatch.java:28)
  at org.gradle.internal.dispatch.ReflectionDispatch.dispatch(ReflectionDispatch.java:19)
  at org.gradle.internal.dispatch.ContextClassLoaderDispatch.dispatch(ContextClassLoaderDispatch.java:33)
  at org.gradle.internal.dispatch.ProxyDispatchAdapter$DispatchingInvocationHandler.invoke(ProxyDispatchAdapter.java:88)
  at jdk.proxy1/jdk.proxy1.$Proxy4.processTestDefinition(Unknown Source)
  at org.gradle.api.internal.tasks.testing.worker.TestWorker$2.run(TestWorker.java:178)
  at org.gradle.api.internal.tasks.testing.worker.TestWorker.executeAndMaintainThreadName(TestWorker.java:126)
  at org.gradle.api.internal.tasks.testing.worker.TestWorker.execute(TestWorker.java:103)
  at org.gradle.api.internal.tasks.testing.worker.TestWorker.execute(TestWorker.java:63)
  at org.gradle.process.internal.worker.child.ActionExecutionWorker.execute(ActionExecutionWorker.java:56)
  at org.gradle.process.internal.worker.child.SystemApplicationClassLoaderWorker.call(SystemApplicationClassLoaderWorker.java:122)
  at org.gradle.process.internal.worker.child.SystemApplicationClassLoaderWorker.call(SystemApplicationClassLoaderWorker.java:72)
  at worker.org.gradle.process.internal.worker.GradleWorkerMain.run(GradleWorkerMain.java:69)
  at worker.org.gradle.process.internal.worker.GradleWorkerMain.main(GradleWorkerMain.java:74)
</stacktrace>
</test-failure>


TypeScriptCompilerTests_P[jvm] > pathMappingBasedModuleResolution5_node_ts compiles to JavaScript matching pathMappingBasedModuleResolution5_node_js[jvm] FAILED

<test-failure test="com.xemantic.typescript.compiler.TypeScriptCompilerTests_P.privacyLocalInternalReferenceImportWithExport_ts compiles to JavaScript matching privacyLocalInternalReferenceImportWithExport_js" platform="jvm">
<message>
--- expected
+++ actual
@@ -211,7 +211,9 @@
     import_public.im_public_e_private = m_private.e_private;
     import_public.im_public_f_private = m_private.f_private;
     import_public.im_public_v_private = m_private.v_private;
+    import_public.im_public_i_private = m_private.i_private;
     import_public.im_public_mi_private = m_private.mi_private;
+    import_public.im_public_mu_private = m_private.mu_private;
     // Usage of privacy error imports
     var privateUse_im_public_c_private = new import_public.im_public_c_private();
     import_public.publicUse_im_public_c_private = new import_public.im_public_c_private();
@@ -230,7 +232,9 @@
     import_public.im_public_e_public = m_public.e_public;
     import_public.im_public_f_public = m_public.f_public;
     import_public.im_public_v_public = m_public.v_public;
+    import_public.im_public_i_public = m_public.i_public;
     import_public.im_public_mi_public = m_public.mi_public;
+    import_public.im_public_mu_public = m_public.mu_public;
     // Usage of above
     var privateUse_im_public_c_public = new import_public.im_public_c_public();
     import_public.publicUse_im_public_c_public = new import_public.im_public_c_public();
@@ -252,7 +256,9 @@
     import_private.im_private_e_private = m_private.e_private;
     import_private.im_private_f_private = m_private.f_private;
     import_private.im_private_v_private = m_private.v_private;
+    import_private.im_private_i_private = m_private.i_private;
     import_private.im_private_mi_private = m_private.mi_private;
+    import_private.im_private_mu_private = m_private.mu_private;
     // Usage of above decls
     var privateUse_im_private_c_private = new import_private.im_private_c_private();
     import_private.publicUse_im_private_c_private = new import_private.im_private_c_private();
@@ -271,7 +277,9 @@
     import_private.im_private_e_public = m_public.e_public;
     import_private.im_private_f_public = m_public.f_public;
     import_private.im_private_v_public = m_public.v_public;
+    import_private.im_private_i_public = m_public.i_public;
     import_private.im_private_mi_public = m_public.mi_public;
+    import_private.im_private_mu_public = m_public.mu_public;
     // Usage of no privacy error imports
     var privateUse_im_private_c_public = new import_private.im_private_c_public();
     import_private.publicUse_im_private_c_public = new import_private.im_private_c_public();

</message>
<stacktrace>
  at org.junit.Assert.fail(Assert.java:89)
  at kotlin.test.junit.JUnitAsserter.fail(JUnitSupport.kt:56)
  at kotlin.test.AssertionsKt__AssertionsKt.fail(Assertions.kt:563)
  at kotlin.test.AssertionsKt.fail(Unknown Source)
  at com.xemantic.kotlin.test.SameAsKt.sameAs(SameAs.kt:52)
  at com.xemantic.typescript.compiler.TypeScriptTestSupportKt.sameAs(TypeScriptTestSupport.kt:99)
  at com.xemantic.typescript.compiler.TypeScriptCompilerTests_P.privacyLocalInternalReferenceImportWithExport_ts compiles to JavaScript matching privacyLocalInternalReferenceImportWithExport_js(TypeScriptCompilerTests_P.kt:1967)
  at java.base/jdk.internal.reflect.DirectMethodHandleAccessor.invoke(DirectMethodHandleAccessor.java:104)
  at java.base/java.lang.reflect.Method.invoke(Method.java:565)
  at org.junit.runners.model.FrameworkMethod$1.runReflectiveCall(FrameworkMethod.java:59)
  at org.junit.internal.runners.model.ReflectiveCallable.run(ReflectiveCallable.java:12)
  at org.junit.runners.model.FrameworkMethod.invokeExplosively(FrameworkMethod.java:56)
  at org.junit.internal.runners.statements.InvokeMethod.evaluate(InvokeMethod.java:17)
  at org.junit.runners.ParentRunner$3.evaluate(ParentRunner.java:306)
  at org.junit.runners.BlockJUnit4ClassRunner$1.evaluate(BlockJUnit4ClassRunner.java:100)
  at org.junit.runners.ParentRunner.runLeaf(ParentRunner.java:366)
  at org.junit.runners.BlockJUnit4ClassRunner.runChild(BlockJUnit4ClassRunner.java:103)
  at org.junit.runners.BlockJUnit4ClassRunner.runChild(BlockJUnit4ClassRunner.java:63)
  at org.junit.runners.ParentRunner$4.run(ParentRunner.java:331)
  at org.junit.runners.ParentRunner$1.schedule(ParentRunner.java:79)
  at org.junit.runners.ParentRunner.runChildren(ParentRunner.java:329)
  at org.junit.runners.ParentRunner.access$100(ParentRunner.java:66)
  at org.junit.runners.ParentRunner$2.evaluate(ParentRunner.java:293)
  at org.junit.runners.ParentRunner$3.evaluate(ParentRunner.java:306)
  at org.junit.runners.ParentRunner.run(ParentRunner.java:413)
  at org.junit.runner.JUnitCore.run(JUnitCore.java:137)
  at org.junit.runner.JUnitCore.run(JUnitCore.java:115)
  at org.gradle.api.internal.tasks.testing.junit.JUnitTestExecutor.runRequest(JUnitTestExecutor.java:175)
  at org.gradle.api.internal.tasks.testing.junit.JUnitTestExecutor.accept(JUnitTestExecutor.java:84)
  at org.gradle.api.internal.tasks.testing.junit.JUnitTestExecutor.accept(JUnitTestExecutor.java:47)
  at org.gradle.api.internal.tasks.testing.junit.AbstractJUnitTestDefinitionProcessor.processTestDefinition(AbstractJUnitTestDefinitionProcessor.java:65)
  at org.gradle.api.internal.tasks.testing.SuiteTestDefinitionProcessor.processTestDefinition(SuiteTestDefinitionProcessor.java:54)
  at java.base/jdk.internal.reflect.DirectMethodHandleAccessor.invoke(DirectMethodHandleAccessor.java:104)
  at java.base/java.lang.reflect.Method.invoke(Method.java:565)
  at org.gradle.internal.dispatch.MethodInvocation.invokeOn(MethodInvocation.java:77)
  at org.gradle.internal.dispatch.ReflectionDispatch.dispatch(ReflectionDispatch.java:28)
  at org.gradle.internal.dispatch.ReflectionDispatch.dispatch(ReflectionDispatch.java:19)
  at org.gradle.internal.dispatch.ContextClassLoaderDispatch.dispatch(ContextClassLoaderDispatch.java:33)
  at org.gradle.internal.dispatch.ProxyDispatchAdapter$DispatchingInvocationHandler.invoke(ProxyDispatchAdapter.java:88)
  at jdk.proxy1/jdk.proxy1.$Proxy4.processTestDefinition(Unknown Source)
  at org.gradle.api.internal.tasks.testing.worker.TestWorker$2.run(TestWorker.java:178)
  at org.gradle.api.internal.tasks.testing.worker.TestWorker.executeAndMaintainThreadName(TestWorker.java:126)
  at org.gradle.api.internal.tasks.testing.worker.TestWorker.execute(TestWorker.java:103)
  at org.gradle.api.internal.tasks.testing.worker.TestWorker.execute(TestWorker.java:63)
  at org.gradle.process.internal.worker.child.ActionExecutionWorker.execute(ActionExecutionWorker.java:56)
  at org.gradle.process.internal.worker.child.SystemApplicationClassLoaderWorker.call(SystemApplicationClassLoaderWorker.java:122)
  at org.gradle.process.internal.worker.child.SystemApplicationClassLoaderWorker.call(SystemApplicationClassLoaderWorker.java:72)
  at worker.org.gradle.process.internal.worker.GradleWorkerMain.run(GradleWorkerMain.java:69)
  at worker.org.gradle.process.internal.worker.GradleWorkerMain.main(GradleWorkerMain.java:74)
</stacktrace>
</test-failure>


TypeScriptCompilerTests_P[jvm] > privacyLocalInternalReferenceImportWithExport_ts compiles to JavaScript matching privacyLocalInternalReferenceImportWithExport_js[jvm] FAILED

<test-failure test="com.xemantic.typescript.compiler.TypeScriptCompilerTests_P.privacyImportParseErrors_ts has expected errors matching privacyImportParseErrors_errors_txt" platform="jvm">
<message>
--- expected
+++ actual
@@ -1,61 +1,11 @@
-privacyImportParseErrors.ts(22,5): error TS2668: 'export' modifier cannot be applied to ambient modules and module augmentations since they are always visible.
-privacyImportParseErrors.ts(22,27): error TS2435: Ambient modules cannot be nested in other modules or namespaces.
-privacyImportParseErrors.ts(30,20): error TS2435: Ambient modules cannot be nested in other modules or namespaces.
-privacyImportParseErrors.ts(59,37): error TS1147: Import declarations in a namespace cannot reference a module.
-privacyImportParseErrors.ts(59,37): error TS2307: Cannot find module 'm1_M3_public' or its corresponding type declarations.
-privacyImportParseErrors.ts(69,37): error TS1147: Import declarations in a namespace cannot reference a module.
-privacyImportParseErrors.ts(69,37): error TS2307: Cannot find module 'm1_M4_private' or its corresponding type declarations.
-privacyImportParseErrors.ts(81,43): error TS1147: Import declarations in a namespace cannot reference a module.
-privacyImportParseErrors.ts(82,43): error TS1147: Import declarations in a namespace cannot reference a module.
-privacyImportParseErrors.ts(106,5): error TS2668: 'export' modifier cannot be applied to ambient modules and module augmentations since they are always visible.
-privacyImportParseErrors.ts(106,27): error TS2435: Ambient modules cannot be nested in other modules or namespaces.
-privacyImportParseErrors.ts(114,20): error TS2435: Ambient modules cannot be nested in other modules or namespaces.
-privacyImportParseErrors.ts(143,37): error TS1147: Import declarations in a namespace cannot reference a module.
-privacyImportParseErrors.ts(143,37): error TS2307: Cannot find module 'm2_M3_public' or its corresponding type declarations.
-privacyImportParseErrors.ts(153,37): error TS1147: Import declarations in a namespace cannot reference a module.
-privacyImportParseErrors.ts(153,37): error TS2307: Cannot find module 'm2_M4_private' or its corresponding type declarations.
-privacyImportParseErrors.ts(166,43): error TS1147: Import declarations in a namespace cannot reference a module.
-privacyImportParseErrors.ts(167,43): error TS1147: Import declarations in a namespace cannot reference a module.
-privacyImportParseErrors.ts(180,1): error TS2668: 'export' modifier cannot be applied to ambient modules and module augmentations since they are always visible.
-privacyImportParseErrors.ts(180,23): error TS2664: Invalid module name in augmentation, module 'glo_M2_public' cannot be found.
-privacyImportParseErrors.ts(198,1): error TS2668: 'export' modifier cannot be applied to ambient modules and module augmentations since they are always visible.
-privacyImportParseErrors.ts(198,23): error TS2664: Invalid module name in augmentation, module 'glo_M4_private' cannot be found.
 privacyImportParseErrors.ts(218,34): error TS2307: Cannot find module 'glo_M2_public' or its corresponding type declarations.
 privacyImportParseErrors.ts(238,34): error TS2307: Cannot find module 'glo_M4_private' or its corresponding type declarations.
 privacyImportParseErrors.ts(251,40): error TS2307: Cannot find module 'glo_M2_public' or its corresponding type declarations.
 privacyImportParseErrors.ts(252,40): error TS2307: Cannot find module 'glo_M4_private' or its corresponding type declarations.
-privacyImportParseErrors.ts(255,1): error TS2668: 'export' modifier cannot be applied to ambient modules and module augmentations since they are always visible.
-privacyImportParseErrors.ts(255,23): error TS2664: Invalid module name in augmentation, module 'use_glo_M1_public' cannot be found.
-privacyImportParseErrors.ts(258,45): error TS2709: Cannot use namespace 'use_glo_M1_public' as a type.
-privacyImportParseErrors.ts(261,39): error TS2709: Cannot use namespace 'use_glo_M1_public' as a type.
-privacyImportParseErrors.ts(264,40): error TS2307: Cannot find module 'glo_M2_public' or its corresponding type declarations.
-privacyImportParseErrors.ts(273,38): error TS1147: Import declarations in a namespace cannot reference a module.
-privacyImportParseErrors.ts(277,45): error TS1147: Import declarations in a namespace cannot reference a module.
-privacyImportParseErrors.ts(284,16): error TS2664: Invalid module name in augmentation, module 'use_glo_M3_private' cannot be found.
-privacyImportParseErrors.ts(287,46): error TS2709: Cannot use namespace 'use_glo_M3_private' as a type.
-privacyImportParseErrors.ts(290,40): error TS2709: Cannot use namespace 'use_glo_M3_private' as a type.
-privacyImportParseErrors.ts(293,41): error TS2307: Cannot find module 'glo_M4_private' or its corresponding type declarations.
-privacyImportParseErrors.ts(302,38): error TS1147: Import declarations in a namespace cannot reference a module.
-privacyImportParseErrors.ts(306,45): error TS1147: Import declarations in a namespace cannot reference a module.
-privacyImportParseErrors.ts(312,16): error TS2664: Invalid module name in augmentation, module 'anotherParseError' cannot be found.
-privacyImportParseErrors.ts(314,9): error TS1038: A 'declare' modifier cannot be used in an already ambient context.
-privacyImportParseErrors.ts(314,24): error TS2435: Ambient modules cannot be nested in other modules or namespaces.
-privacyImportParseErrors.ts(319,16): error TS2435: Ambient modules cannot be nested in other modules or namespaces.
-privacyImportParseErrors.ts(322,12): error TS2435: Ambient modules cannot be nested in other modules or namespaces.
-privacyImportParseErrors.ts(326,1): error TS2668: 'export' modifier cannot be applied to ambient modules and module augmentations since they are always visible.
 privacyImportParseErrors.ts(326,9): error TS1029: 'export' modifier must precede 'declare' modifier.
-privacyImportParseErrors.ts(326,23): error TS2664: Invalid module name in augmentation, module 'anotherParseError2' cannot be found.
-privacyImportParseErrors.ts(328,9): error TS1038: A 'declare' modifier cannot be used in an already ambient context.
-privacyImportParseErrors.ts(328,24): error TS2435: Ambient modules cannot be nested in other modules or namespaces.
-privacyImportParseErrors.ts(333,16): error TS2435: Ambient modules cannot be nested in other modules or namespaces.
-privacyImportParseErrors.ts(336,12): error TS2435: Ambient modules cannot be nested in other modules or namespaces.
-privacyImportParseErrors.ts(341,25): error TS1147: Import declarations in a namespace cannot reference a module.
-privacyImportParseErrors.ts(344,29): error TS1147: Import declarations in a namespace cannot reference a module.
-privacyImportParseErrors.ts(350,25): error TS1147: Import declarations in a namespace cannot reference a module.
-privacyImportParseErrors.ts(353,29): error TS1147: Import declarations in a namespace cannot reference a module.
 
 
-==== privacyImportParseErrors.ts (55 errors) ====
+==== privacyImportParseErrors.ts (5 errors) ====
     export namespace m1 {
         export namespace m1_M1_public {
             export class c1 {
@@ -78,10 +28,6 @@
         }
     
         export declare module "m1_M3_public" {
-        ~~~~~~
-!!! error TS2668: 'export' modifier cannot be applied to ambient modules and module augmentations since they are always visible.
-                              ~~~~~~~~~~~~~~
-!!! error TS2435: Ambient modules cannot be nested in other modules or namespaces.
             export function f1();
             export class c1 {
             }
@@ -90,8 +36,6 @@
         }
     
         declare module "m1_M4_private" {
-                       ~~~~~~~~~~~~~~~
-!!! error TS2435: Ambient modules cannot be nested in other modules or namespaces.
             export function f1();
             export class c1 {
             }
@@ -121,10 +65,6 @@
         var m1_im2_private_v4_private = m1_im2_private.f1();
     
         import m1_im3_private = require("m1_M3_public");
-                                        ~~~~~~~~~~~~~~
-!!! error TS1147: Import declarations in a namespace cannot reference a module.
-                                        ~~~~~~~~~~~~~~
-!!! error TS2307: Cannot find module 'm1_M3_public' or its corresponding type declarations.
         export var m1_im3_private_v1_public = m1_im3_private.c1;
         export var m1_im3_private_v2_public = new m1_im3_private.c1();
         export var m1_im3_private_v3_public = m1_im3_private.f1;
@@ -135,10 +75,6 @@
         var m1_im3_private_v4_private = m1_im3_private.f1();
     
         import m1_im4_private = require("m1_M4_private");
-                                        ~~~~~~~~~~~~~~~
-!!! error TS1147: Import declarations in a namespace cannot reference a module.
-                                        ~~~~~~~~~~~~~~~
-!!! error TS2307: Cannot find module 'm1_M4_private' or its corresponding type declarations.
         export var m1_im4_private_v1_public = m1_im4_private.c1;
         export var m1_im4_private_v2_public = new m1_im4_private.c1();
         export var m1_im4_private_v3_public = m1_im4_private.f1;
@@ -151,11 +87,7 @@
         export import m1_im1_public = m1_M1_public;
         export import m1_im2_public = m1_M2_private;
         export import m1_im3_public = require("m1_M3_public");
-                                              ~~~~~~~~~~~~~~
-!!! error TS1147: Import declarations in a namespace cannot reference a module.
         export import m1_im4_public = require("m1_M4_private");
-                                              ~~~~~~~~~~~~~~~
-!!! error TS1147: Import declarations in a namespace cannot reference a module.
     }
     
     namespace m2 {
@@ -180,10 +112,6 @@
         }
     
         export declare module "m2_M3_public" {
-        ~~~~~~
-!!! error TS2668: 'export' modifier cannot be applied to ambient modules and module augmentations since they are always visible.
-                              ~~~~~~~~~~~~~~
-!!! error TS2435: Ambient modules cannot be nested in other modules or namespaces.
             export function f1();
             export class c1 {
             }
@@ -192,8 +120,6 @@
         }
     
         declare module "m2_M4_private" {
-                       ~~~~~~~~~~~~~~~
-!!! error TS2435: Ambient modules cannot be nested in other modules or namespaces.
             export function f1();
             export class c1 {
             }
@@ -223,10 +149,6 @@
         var m1_im2_private_v4_private = m1_im2_private.f1();
     
         import m1_im3_private = require("m2_M3_public");
-                                        ~~~~~~~~~~~~~~
-!!! error TS1147: Import declarations in a namespace cannot reference a module.
-                                        ~~~~~~~~~~~~~~
-!!! error TS2307: Cannot find module 'm2_M3_public' or its corresponding type declarations.
         export var m1_im3_private_v1_public = m1_im3_private.c1;
         export var m1_im3_private_v2_public = new m1_im3_private.c1();
         export var m1_im3_private_v3_public = m1_im3_private.f1;
@@ -237,10 +159,6 @@
         var m1_im3_private_v4_private = m1_im3_private.f1();
     
         import m1_im4_private = require("m2_M4_private");
-                                        ~~~~~~~~~~~~~~~
-!!! error TS1147: Import declarations in a namespace cannot reference a module.
-                                        ~~~~~~~~~~~~~~~
-!!! error TS2307: Cannot find module 'm2_M4_private' or its corresponding type declarations.
         export var m1_im4_private_v1_public = m1_im4_private.c1;
         export var m1_im4_private_v2_public = new m1_im4_private.c1();
         export var m1_im4_private_v3_public = m1_im4_private.f1;
@@ -254,11 +172,7 @@
         export import m1_im1_public = m2_M1_public;
         export import m1_im2_public = m2_M2_private;
         export import m1_im3_public = require("m2_M3_public");
-                                              ~~~~~~~~~~~~~~
-!!! error TS1147: Import declarations in a namespace cannot reference a module.
         export import m1_im4_public = require("m2_M4_private");
-                                              ~~~~~~~~~~~~~~~
-!!! error TS1147: Import declarations in a namespace cannot reference a module.
     }
     
     export namespace glo_M1_public {
@@ -272,10 +186,6 @@
     }
     
     export declare module "glo_M2_public" {
-    ~~~~~~
-!!! error TS2668: 'export' modifier cannot be applied to ambient modules and module augmentations since they are always visible.
-                          ~~~~~~~~~~~~~~~
-!!! error TS2664: Invalid module name in augmentation, module 'glo_M2_public' cannot be found.
         export function f1();
         export class c1 {
         }
@@ -294,10 +204,6 @@
     }
     
     export declare module "glo_M4_private" {
-    ~~~~~~
-!!! error TS2668: 'export' modifier cannot be applied to ambient modules and module augmentations since they are always visible.
-                          ~~~~~~~~~~~~~~~~
-!!! error TS2664: Invalid module name in augmentation, module 'glo_M4_private' cannot be found.
         export function f1();
         export class c1 {
         }
@@ -363,10 +269,6 @@
     
     
     export declare module "use_glo_M1_public" {
-    ~~~~~~
-!!! error TS2668: 'export' modifier cannot be applied to ambient modules and module augmentations since they are always visible.
-                          ~~~~~~~~~~~~~~~~~~~
-!!! error TS2664: Invalid module name in augmentation, module 'use_glo_M1_public' cannot be found.
         import use_glo_M1_public = glo_M1_public;
         export var use_glo_M1_public_v1_public: { new (): use_glo_M1_public.c1; };
         export var use_glo_M1_public_v2_public: use_glo_M1_public;

Diff truncated: more than 100 lines changed

Expected: 524 lines
Actual: 374 lines

The differences are too extensive to show in unified diff format.
Consider comparing smaller sections or reviewing the strings directly.

</message>
<stacktrace>
  at org.junit.Assert.fail(Assert.java:89)
  at kotlin.test.junit.JUnitAsserter.fail(JUnitSupport.kt:56)
  at kotlin.test.AssertionsKt__AssertionsKt.fail(Assertions.kt:563)
  at kotlin.test.AssertionsKt.fail(Unknown Source)
  at com.xemantic.kotlin.test.SameAsKt.sameAs(SameAs.kt:52)
  at com.xemantic.typescript.compiler.TypeScriptTestSupportKt.errorsMatchBaseline(TypeScriptTestSupport.kt:135)
  at com.xemantic.typescript.compiler.TypeScriptCompilerTests_P.privacyImportParseErrors_ts has expected errors matching privacyImportParseErrors_errors_txt(TypeScriptCompilerTests_P.kt:1946)
  at java.base/jdk.internal.reflect.DirectMethodHandleAccessor.invoke(DirectMethodHandleAccessor.java:104)
  at java.base/java.lang.reflect.Method.invoke(Method.java:565)
  at org.junit.runners.model.FrameworkMethod$1.runReflectiveCall(FrameworkMethod.java:59)
  at org.junit.internal.runners.model.ReflectiveCallable.run(ReflectiveCallable.java:12)
  at org.junit.runners.model.FrameworkMethod.invokeExplosively(FrameworkMethod.java:56)
  at org.junit.internal.runners.statements.InvokeMethod.evaluate(InvokeMethod.java:17)
  at org.junit.runners.ParentRunner$3.evaluate(ParentRunner.java:306)
  at org.junit.runners.BlockJUnit4ClassRunner$1.evaluate(BlockJUnit4ClassRunner.java:100)
  at org.junit.runners.ParentRunner.runLeaf(ParentRunner.java:366)
  at org.junit.runners.BlockJUnit4ClassRunner.runChild(BlockJUnit4ClassRunner.java:103)
  at org.junit.runners.BlockJUnit4ClassRunner.runChild(BlockJUnit4ClassRunner.java:63)
  at org.junit.runners.ParentRunner$4.run(ParentRunner.java:331)
  at org.junit.runners.ParentRunner$1.schedule(ParentRunner.java:79)
  at org.junit.runners.ParentRunner.runChildren(ParentRunner.java:329)
  at org.junit.runners.ParentRunner.access$100(ParentRunner.java:66)
  at org.junit.runners.ParentRunner$2.evaluate(ParentRunner.java:293)
  at org.junit.runners.ParentRunner$3.evaluate(ParentRunner.java:306)
  at org.junit.runners.ParentRunner.run(ParentRunner.java:413)
  at org.junit.runner.JUnitCore.run(JUnitCore.java:137)
  at org.junit.runner.JUnitCore.run(JUnitCore.java:115)
  at org.gradle.api.internal.tasks.testing.junit.JUnitTestExecutor.runRequest(JUnitTestExecutor.java:175)
  at org.gradle.api.internal.tasks.testing.junit.JUnitTestExecutor.accept(JUnitTestExecutor.java:84)
  at org.gradle.api.internal.tasks.testing.junit.JUnitTestExecutor.accept(JUnitTestExecutor.java:47)
  at org.gradle.api.internal.tasks.testing.junit.AbstractJUnitTestDefinitionProcessor.processTestDefinition(AbstractJUnitTestDefinitionProcessor.java:65)
  at org.gradle.api.internal.tasks.testing.SuiteTestDefinitionProcessor.processTestDefinition(SuiteTestDefinitionProcessor.java:54)
  at java.base/jdk.internal.reflect.DirectMethodHandleAccessor.invoke(DirectMethodHandleAccessor.java:104)
  at java.base/java.lang.reflect.Method.invoke(Method.java:565)
  at org.gradle.internal.dispatch.MethodInvocation.invokeOn(MethodInvocation.java:77)
  at org.gradle.internal.dispatch.ReflectionDispatch.dispatch(ReflectionDispatch.java:28)
  at org.gradle.internal.dispatch.ReflectionDispatch.dispatch(ReflectionDispatch.java:19)
  at org.gradle.internal.dispatch.ContextClassLoaderDispatch.dispatch(ContextClassLoaderDispatch.java:33)
  at org.gradle.internal.dispatch.ProxyDispatchAdapter$DispatchingInvocationHandler.invoke(ProxyDispatchAdapter.java:88)
  at jdk.proxy1/jdk.proxy1.$Proxy4.processTestDefinition(Unknown Source)
  at org.gradle.api.internal.tasks.testing.worker.TestWorker$2.run(TestWorker.java:178)
  at org.gradle.api.internal.tasks.testing.worker.TestWorker.executeAndMaintainThreadName(TestWorker.java:126)
  at org.gradle.api.internal.tasks.testing.worker.TestWorker.execute(TestWorker.java:103)
  at org.gradle.api.internal.tasks.testing.worker.TestWorker.execute(TestWorker.java:63)
  at org.gradle.process.internal.worker.child.ActionExecutionWorker.execute(ActionExecutionWorker.java:56)
  at org.gradle.process.internal.worker.child.SystemApplicationClassLoaderWorker.call(SystemApplicationClassLoaderWorker.java:122)
  at org.gradle.process.internal.worker.child.SystemApplicationClassLoaderWorker.call(SystemApplicationClassLoaderWorker.java:72)
  at worker.org.gradle.process.internal.worker.GradleWorkerMain.run(GradleWorkerMain.java:69)
  at worker.org.gradle.process.internal.worker.GradleWorkerMain.main(GradleWorkerMain.java:74)
</stacktrace>
</test-failure>


TypeScriptCompilerTests_P[jvm] > privacyImportParseErrors_ts has expected errors matching privacyImportParseErrors_errors_txt[jvm] FAILED

<test-failure test="com.xemantic.typescript.compiler.TypeScriptCompilerTests_P.parseUnaryExpressionNoTypeAssertionInJsx3_ts has expected errors matching parseUnaryExpressionNoTypeAssertionInJsx3_errors_txt" platform="jvm">
<message>
--- expected
+++ actual
@@ -1,14 +1,9 @@
-index.js(2,13): error TS17004: Cannot use JSX unless the '--jsx' flag is provided.
-index.js(2,14): error TS1003: Identifier expected.
-index.js(2,14): error TS2365: Operator '>' cannot be applied to types 'number' and 'string'.
+index.js(3,1): error TS1005: '<' expected.
 
 
-==== index.js (3 errors) ====
+==== index.js (1 errors) ====
     const x = "oops";
     const y = + <1234> x;
-                ~
-!!! error TS17004: Cannot use JSX unless the '--jsx' flag is provided.
-                 ~~~~
-!!! error TS1003: Identifier expected.
-                 ~~~~~~~
-!!! error TS2365: Operator '>' cannot be applied to types 'number' and 'string'.
+    
+    
+!!! error TS1005: '<' expected.

</message>
<stacktrace>
  at org.junit.Assert.fail(Assert.java:89)
  at kotlin.test.junit.JUnitAsserter.fail(JUnitSupport.kt:56)
  at kotlin.test.AssertionsKt__AssertionsKt.fail(Assertions.kt:563)
  at kotlin.test.AssertionsKt.fail(Unknown Source)
  at com.xemantic.kotlin.test.SameAsKt.sameAs(SameAs.kt:52)
  at com.xemantic.typescript.compiler.TypeScriptTestSupportKt.errorsMatchBaseline(TypeScriptTestSupport.kt:135)
  at com.xemantic.typescript.compiler.TypeScriptCompilerTests_P.parseUnaryExpressionNoTypeAssertionInJsx3_ts has expected errors matching parseUnaryExpressionNoTypeAssertionInJsx3_errors_txt(TypeScriptCompilerTests_P.kt:735)
  at java.base/jdk.internal.reflect.DirectMethodHandleAccessor.invoke(DirectMethodHandleAccessor.java:104)
  at java.base/java.lang.reflect.Method.invoke(Method.java:565)
  at org.junit.runners.model.FrameworkMethod$1.runReflectiveCall(FrameworkMethod.java:59)
  at org.junit.internal.runners.model.ReflectiveCallable.run(ReflectiveCallable.java:12)
  at org.junit.runners.model.FrameworkMethod.invokeExplosively(FrameworkMethod.java:56)
  at org.junit.internal.runners.statements.InvokeMethod.evaluate(InvokeMethod.java:17)
  at org.junit.runners.ParentRunner$3.evaluate(ParentRunner.java:306)
  at org.junit.runners.BlockJUnit4ClassRunner$1.evaluate(BlockJUnit4ClassRunner.java:100)
  at org.junit.runners.ParentRunner.runLeaf(ParentRunner.java:366)
  at org.junit.runners.BlockJUnit4ClassRunner.runChild(BlockJUnit4ClassRunner.java:103)
  at org.junit.runners.BlockJUnit4ClassRunner.runChild(BlockJUnit4ClassRunner.java:63)
  at org.junit.runners.ParentRunner$4.run(ParentRunner.java:331)
  at org.junit.runners.ParentRunner$1.schedule(ParentRunner.java:79)
  at org.junit.runners.ParentRunner.runChildren(ParentRunner.java:329)
  at org.junit.runners.ParentRunner.access$100(ParentRunner.java:66)
  at org.junit.runners.ParentRunner$2.evaluate(ParentRunner.java:293)
  at org.junit.runners.ParentRunner$3.evaluate(ParentRunner.java:306)
  at org.junit.runners.ParentRunner.run(ParentRunner.java:413)
  at org.junit.runner.JUnitCore.run(JUnitCore.java:137)
  at org.junit.runner.JUnitCore.run(JUnitCore.java:115)
  at org.gradle.api.internal.tasks.testing.junit.JUnitTestExecutor.runRequest(JUnitTestExecutor.java:175)
  at org.gradle.api.internal.tasks.testing.junit.JUnitTestExecutor.accept(JUnitTestExecutor.java:84)
  at org.gradle.api.internal.tasks.testing.junit.JUnitTestExecutor.accept(JUnitTestExecutor.java:47)
  at org.gradle.api.internal.tasks.testing.junit.AbstractJUnitTestDefinitionProcessor.processTestDefinition(AbstractJUnitTestDefinitionProcessor.java:65)
  at org.gradle.api.internal.tasks.testing.SuiteTestDefinitionProcessor.processTestDefinition(SuiteTestDefinitionProcessor.java:54)
  at java.base/jdk.internal.reflect.DirectMethodHandleAccessor.invoke(DirectMethodHandleAccessor.java:104)
  at java.base/java.lang.reflect.Method.invoke(Method.java:565)
  at org.gradle.internal.dispatch.MethodInvocation.invokeOn(MethodInvocation.java:77)
  at org.gradle.internal.dispatch.ReflectionDispatch.dispatch(ReflectionDispatch.java:28)
  at org.gradle.internal.dispatch.ReflectionDispatch.dispatch(ReflectionDispatch.java:19)
  at org.gradle.internal.dispatch.ContextClassLoaderDispatch.dispatch(ContextClassLoaderDispatch.java:33)
  at org.gradle.internal.dispatch.ProxyDispatchAdapter$DispatchingInvocationHandler.invoke(ProxyDispatchAdapter.java:88)
  at jdk.proxy1/jdk.proxy1.$Proxy4.processTestDefinition(Unknown Source)
  at org.gradle.api.internal.tasks.testing.worker.TestWorker$2.run(TestWorker.java:178)
  at org.gradle.api.internal.tasks.testing.worker.TestWorker.executeAndMaintainThreadName(TestWorker.java:126)
  at org.gradle.api.internal.tasks.testing.worker.TestWorker.execute(TestWorker.java:103)
  at org.gradle.api.internal.tasks.testing.worker.TestWorker.execute(TestWorker.java:63)
  at org.gradle.process.internal.worker.child.ActionExecutionWorker.execute(ActionExecutionWorker.java:56)
  at org.gradle.process.internal.worker.child.SystemApplicationClassLoaderWorker.call(SystemApplicationClassLoaderWorker.java:122)
  at org.gradle.process.internal.worker.child.SystemApplicationClassLoaderWorker.call(SystemApplicationClassLoaderWorker.java:72)
  at worker.org.gradle.process.internal.worker.GradleWorkerMain.run(GradleWorkerMain.java:69)
  at worker.org.gradle.process.internal.worker.GradleWorkerMain.main(GradleWorkerMain.java:74)
</stacktrace>
</test-failure>


TypeScriptCompilerTests_P[jvm] > parseUnaryExpressionNoTypeAssertionInJsx3_ts has expected errors matching parseUnaryExpressionNoTypeAssertionInJsx3_errors_txt[jvm] FAILED

<test-failure test="com.xemantic.typescript.compiler.TypeScriptCompilerTests_P.privacyTopLevelInternalReferenceImportWithExport_ts compiles to JavaScript matching privacyTopLevelInternalReferenceImportWithExport_js" platform="jvm">
<message>
--- expected
+++ actual
@@ -105,7 +105,7 @@
 define(["require", "exports"], function (require, exports) {
     "use strict";
     Object.defineProperty(exports, "__esModule", { value: true });
-    exports.publicUse_im_public_mu_public = exports.publicUse_im_public_mi_public = exports.publicUse_im_public_i_public = exports.publicUse_im_public_v_public = exports.publicUse_im_public_f_public = exports.publicUse_im_public_e_public = exports.publicUse_im_public_c_public = exports.im_public_mi_public = exports.im_public_v_public = exports.im_public_f_public = exports.im_public_e_public = exports.im_public_c_public = exports.publicUse_im_public_mu_private = exports.publicUse_im_public_mi_private = exports.publicUse_im_public_i_private = exports.publicUse_im_public_v_private = exports.publicUse_im_public_f_private = exports.publicUse_im_public_e_private = exports.publicUse_im_public_c_private = exports.im_public_mi_private = exports.im_public_v_private = exports.im_public_f_private = exports.im_public_e_private = exports.im_public_c_private = exports.m_public = void 0;
+    exports.publicUse_im_public_mu_public = exports.publicUse_im_public_mi_public = exports.publicUse_im_public_i_public = exports.publicUse_im_public_v_public = exports.publicUse_im_public_f_public = exports.publicUse_im_public_e_public = exports.publicUse_im_public_c_public = exports.im_public_mi_public = exports.im_public_v_public = exports.im_public_f_public = exports.im_public_e_public = exports.im_public_c_public = exports.publicUse_im_public_mu_private = exports.publicUse_im_public_mi_private = exports.publicUse_im_public_i_private = exports.publicUse_im_public_v_private = exports.publicUse_im_public_f_private = exports.publicUse_im_public_e_private = exports.publicUse_im_public_c_private = exports.im_public_mu_private = exports.im_public_mi_private = exports.im_public_i_private = exports.im_public_v_private = exports.im_public_f_private = exports.im_public_e_private = exports.im_public_c_private = exports.m_public = void 0;
     // private elements
     var m_private;
     (function (m_private) {
@@ -157,7 +157,9 @@
     exports.im_public_e_private = m_private.e_private;
     exports.im_public_f_private = m_private.f_private;
     exports.im_public_v_private = m_private.v_private;
+    exports.im_public_i_private = m_private.i_private;
     exports.im_public_mi_private = m_private.mi_private;
+    exports.im_public_mu_private = m_private.mu_private;
     // Usage of privacy error imports
     var privateUse_im_public_c_private = new exports.im_public_c_private();
     exports.publicUse_im_public_c_private = new exports.im_public_c_private();

</message>
<stacktrace>
  at org.junit.Assert.fail(Assert.java:89)
  at kotlin.test.junit.JUnitAsserter.fail(JUnitSupport.kt:56)
  at kotlin.test.AssertionsKt__AssertionsKt.fail(Assertions.kt:563)
  at kotlin.test.AssertionsKt.fail(Unknown Source)
  at com.xemantic.kotlin.test.SameAsKt.sameAs(SameAs.kt:52)
  at com.xemantic.typescript.compiler.TypeScriptTestSupportKt.sameAs(TypeScriptTestSupport.kt:99)
  at com.xemantic.typescript.compiler.TypeScriptCompilerTests_P.privacyTopLevelInternalReferenceImportWithExport_ts compiles to JavaScript matching privacyTopLevelInternalReferenceImportWithExport_js(TypeScriptCompilerTests_P.kt:2016)
  at java.base/jdk.internal.reflect.DirectMethodHandleAccessor.invoke(DirectMethodHandleAccessor.java:104)
  at java.base/java.lang.reflect.Method.invoke(Method.java:565)
  at org.junit.runners.model.FrameworkMethod$1.runReflectiveCall(FrameworkMethod.java:59)
  at org.junit.internal.runners.model.ReflectiveCallable.run(ReflectiveCallable.java:12)
  at org.junit.runners.model.FrameworkMethod.invokeExplosively(FrameworkMethod.java:56)
  at org.junit.internal.runners.statements.InvokeMethod.evaluate(InvokeMethod.java:17)
  at org.junit.runners.ParentRunner$3.evaluate(ParentRunner.java:306)
  at org.junit.runners.BlockJUnit4ClassRunner$1.evaluate(BlockJUnit4ClassRunner.java:100)
  at org.junit.runners.ParentRunner.runLeaf(ParentRunner.java:366)
  at org.junit.runners.BlockJUnit4ClassRunner.runChild(BlockJUnit4ClassRunner.java:103)
  at org.junit.runners.BlockJUnit4ClassRunner.runChild(BlockJUnit4ClassRunner.java:63)
  at org.junit.runners.ParentRunner$4.run(ParentRunner.java:331)
  at org.junit.runners.ParentRunner$1.schedule(ParentRunner.java:79)
  at org.junit.runners.ParentRunner.runChildren(ParentRunner.java:329)
  at org.junit.runners.ParentRunner.access$100(ParentRunner.java:66)
  at org.junit.runners.ParentRunner$2.evaluate(ParentRunner.java:293)
  at org.junit.runners.ParentRunner$3.evaluate(ParentRunner.java:306)
  at org.junit.runners.ParentRunner.run(ParentRunner.java:413)
  at org.junit.runner.JUnitCore.run(JUnitCore.java:137)
  at org.junit.runner.JUnitCore.run(JUnitCore.java:115)
  at org.gradle.api.internal.tasks.testing.junit.JUnitTestExecutor.runRequest(JUnitTestExecutor.java:175)
  at org.gradle.api.internal.tasks.testing.junit.JUnitTestExecutor.accept(JUnitTestExecutor.java:84)
  at org.gradle.api.internal.tasks.testing.junit.JUnitTestExecutor.accept(JUnitTestExecutor.java:47)
  at org.gradle.api.internal.tasks.testing.junit.AbstractJUnitTestDefinitionProcessor.processTestDefinition(AbstractJUnitTestDefinitionProcessor.java:65)
  at org.gradle.api.internal.tasks.testing.SuiteTestDefinitionProcessor.processTestDefinition(SuiteTestDefinitionProcessor.java:54)
  at java.base/jdk.internal.reflect.DirectMethodHandleAccessor.invoke(DirectMethodHandleAccessor.java:104)
  at java.base/java.lang.reflect.Method.invoke(Method.java:565)
  at org.gradle.internal.dispatch.MethodInvocation.invokeOn(MethodInvocation.java:77)
  at org.gradle.internal.dispatch.ReflectionDispatch.dispatch(ReflectionDispatch.java:28)
  at org.gradle.internal.dispatch.ReflectionDispatch.dispatch(ReflectionDispatch.java:19)
  at org.gradle.internal.dispatch.ContextClassLoaderDispatch.dispatch(ContextClassLoaderDispatch.java:33)
  at org.gradle.internal.dispatch.ProxyDispatchAdapter$DispatchingInvocationHandler.invoke(ProxyDispatchAdapter.java:88)
  at jdk.proxy1/jdk.proxy1.$Proxy4.processTestDefinition(Unknown Source)
  at org.gradle.api.internal.tasks.testing.worker.TestWorker$2.run(TestWorker.java:178)
  at org.gradle.api.internal.tasks.testing.worker.TestWorker.executeAndMaintainThreadName(TestWorker.java:126)
  at org.gradle.api.internal.tasks.testing.worker.TestWorker.execute(TestWorker.java:103)
  at org.gradle.api.internal.tasks.testing.worker.TestWorker.execute(TestWorker.java:63)
  at org.gradle.process.internal.worker.child.ActionExecutionWorker.execute(ActionExecutionWorker.java:56)
  at org.gradle.process.internal.worker.child.SystemApplicationClassLoaderWorker.call(SystemApplicationClassLoaderWorker.java:122)
  at org.gradle.process.internal.worker.child.SystemApplicationClassLoaderWorker.call(SystemApplicationClassLoaderWorker.java:72)
  at worker.org.gradle.process.internal.worker.GradleWorkerMain.run(GradleWorkerMain.java:69)
  at worker.org.gradle.process.internal.worker.GradleWorkerMain.main(GradleWorkerMain.java:74)
</stacktrace>
</test-failure>


TypeScriptCompilerTests_P[jvm] > privacyTopLevelInternalReferenceImportWithExport_ts compiles to JavaScript matching privacyTopLevelInternalReferenceImportWithExport_js[jvm] FAILED

<test-failure test="com.xemantic.typescript.compiler.TypeScriptCompilerTests_P.pathMappingBasedModuleResolution_rootImport_aliasWithRoot_realRootFile_ts compiles to JavaScript matching pathMappingBasedModuleResolution_rootImport_aliasWithRoot_realRootFile_js" platform="jvm">
<message>
--- expected
+++ actual
@@ -16,6 +16,11 @@
 Object.defineProperty(exports, "__esModule", { value: true });
 exports.foo = foo;
 function foo() { }
+//// [bar.js]
+"use strict";
+Object.defineProperty(exports, "__esModule", { value: true });
+exports.bar = bar;
+function bar() { }
 //// [a.js]
 "use strict";
 Object.defineProperty(exports, "__esModule", { value: true });

</message>
<stacktrace>
  at org.junit.Assert.fail(Assert.java:89)
  at kotlin.test.junit.JUnitAsserter.fail(JUnitSupport.kt:56)
  at kotlin.test.AssertionsKt__AssertionsKt.fail(Assertions.kt:563)
  at kotlin.test.AssertionsKt.fail(Unknown Source)
  at com.xemantic.kotlin.test.SameAsKt.sameAs(SameAs.kt:52)
  at com.xemantic.typescript.compiler.TypeScriptTestSupportKt.sameAs(TypeScriptTestSupport.kt:99)
  at com.xemantic.typescript.compiler.TypeScriptCompilerTests_P.pathMappingBasedModuleResolution_rootImport_aliasWithRoot_realRootFile_ts compiles to JavaScript matching pathMappingBasedModuleResolution_rootImport_aliasWithRoot_realRootFile_js(TypeScriptCompilerTests_P.kt:1155)
  at java.base/jdk.internal.reflect.DirectMethodHandleAccessor.invoke(DirectMethodHandleAccessor.java:104)
  at java.base/java.lang.reflect.Method.invoke(Method.java:565)
  at org.junit.runners.model.FrameworkMethod$1.runReflectiveCall(FrameworkMethod.java:59)
  at org.junit.internal.runners.model.ReflectiveCallable.run(ReflectiveCallable.java:12)
  at org.junit.runners.model.FrameworkMethod.invokeExplosively(FrameworkMethod.java:56)
  at org.junit.internal.runners.statements.InvokeMethod.evaluate(InvokeMethod.java:17)
  at org.junit.runners.ParentRunner$3.evaluate(ParentRunner.java:306)
  at org.junit.runners.BlockJUnit4ClassRunner$1.evaluate(BlockJUnit4ClassRunner.java:100)
  at org.junit.runners.ParentRunner.runLeaf(ParentRunner.java:366)
  at org.junit.runners.BlockJUnit4ClassRunner.runChild(BlockJUnit4ClassRunner.java:103)
  at org.junit.runners.BlockJUnit4ClassRunner.runChild(BlockJUnit4ClassRunner.java:63)
  at org.junit.runners.ParentRunner$4.run(ParentRunner.java:331)
  at org.junit.runners.ParentRunner$1.schedule(ParentRunner.java:79)
  at org.junit.runners.ParentRunner.runChildren(ParentRunner.java:329)
  at org.junit.runners.ParentRunner.access$100(ParentRunner.java:66)
  at org.junit.runners.ParentRunner$2.evaluate(ParentRunner.java:293)
  at org.junit.runners.ParentRunner$3.evaluate(ParentRunner.java:306)
  at org.junit.runners.ParentRunner.run(ParentRunner.java:413)
  at org.junit.runner.JUnitCore.run(JUnitCore.java:137)
  at org.junit.runner.JUnitCore.run(JUnitCore.java:115)
  at org.gradle.api.internal.tasks.testing.junit.JUnitTestExecutor.runRequest(JUnitTestExecutor.java:175)
  at org.gradle.api.internal.tasks.testing.junit.JUnitTestExecutor.accept(JUnitTestExecutor.java:84)
  at org.gradle.api.internal.tasks.testing.junit.JUnitTestExecutor.accept(JUnitTestExecutor.java:47)
  at org.gradle.api.internal.tasks.testing.junit.AbstractJUnitTestDefinitionProcessor.processTestDefinition(AbstractJUnitTestDefinitionProcessor.java:65)
  at org.gradle.api.internal.tasks.testing.SuiteTestDefinitionProcessor.processTestDefinition(SuiteTestDefinitionProcessor.java:54)
  at java.base/jdk.internal.reflect.DirectMethodHandleAccessor.invoke(DirectMethodHandleAccessor.java:104)
  at java.base/java.lang.reflect.Method.invoke(Method.java:565)
  at org.gradle.internal.dispatch.MethodInvocation.invokeOn(MethodInvocation.java:77)
  at org.gradle.internal.dispatch.ReflectionDispatch.dispatch(ReflectionDispatch.java:28)
  at org.gradle.internal.dispatch.ReflectionDispatch.dispatch(ReflectionDispatch.java:19)
  at org.gradle.internal.dispatch.ContextClassLoaderDispatch.dispatch(ContextClassLoaderDispatch.java:33)
  at org.gradle.internal.dispatch.ProxyDispatchAdapter$DispatchingInvocationHandler.invoke(ProxyDispatchAdapter.java:88)
  at jdk.proxy1/jdk.proxy1.$Proxy4.processTestDefinition(Unknown Source)
  at org.gradle.api.internal.tasks.testing.worker.TestWorker$2.run(TestWorker.java:178)
  at org.gradle.api.internal.tasks.testing.worker.TestWorker.executeAndMaintainThreadName(TestWorker.java:126)
  at org.gradle.api.internal.tasks.testing.worker.TestWorker.execute(TestWorker.java:103)
  at org.gradle.api.internal.tasks.testing.worker.TestWorker.execute(TestWorker.java:63)
  at org.gradle.process.internal.worker.child.ActionExecutionWorker.execute(ActionExecutionWorker.java:56)
  at org.gradle.process.internal.worker.child.SystemApplicationClassLoaderWorker.call(SystemApplicationClassLoaderWorker.java:122)
  at org.gradle.process.internal.worker.child.SystemApplicationClassLoaderWorker.call(SystemApplicationClassLoaderWorker.java:72)
  at worker.org.gradle.process.internal.worker.GradleWorkerMain.run(GradleWorkerMain.java:69)
  at worker.org.gradle.process.internal.worker.GradleWorkerMain.main(GradleWorkerMain.java:74)
</stacktrace>
</test-failure>


TypeScriptCompilerTests_P[jvm] > pathMappingBasedModuleResolution_rootImport_aliasWithRoot_realRootFile_ts compiles to JavaScript matching pathMappingBasedModuleResolution_rootImport_aliasWithRoot_realRootFile_js[jvm] FAILED

<test-failure test="com.xemantic.typescript.compiler.TypeScriptCompilerTests_P.parametersSyntaxErrorNoCrash1_ts has expected errors matching parametersSyntaxErrorNoCrash1_errors_txt" platform="jvm">
<message>
--- expected
+++ actual
@@ -1,42 +1,11 @@
-parametersSyntaxErrorNoCrash1.ts(3,10): error TS2391: Function implementation is missing or not immediately following the declaration.
-parametersSyntaxErrorNoCrash1.ts(3,10): error TS7010: 'identity', which lacks return-type annotation, implicitly has an 'any' return type.
-parametersSyntaxErrorNoCrash1.ts(3,22): error TS2300: Duplicate identifier 'arg'.
-parametersSyntaxErrorNoCrash1.ts(3,28): error TS1005: ',' expected.
-parametersSyntaxErrorNoCrash1.ts(3,30): error TS7006: Parameter 'T' implicitly has an 'any' type.
-parametersSyntaxErrorNoCrash1.ts(3,32): error TS1005: ',' expected.
-parametersSyntaxErrorNoCrash1.ts(4,12): error TS1005: ':' expected.
-parametersSyntaxErrorNoCrash1.ts(4,12): error TS2300: Duplicate identifier 'arg'.
-parametersSyntaxErrorNoCrash1.ts(4,12): error TS2842: 'arg' is an unused renaming of 'return'. Did you intend to use it as a type annotation?
-parametersSyntaxErrorNoCrash1.ts(4,15): error TS1005: ',' expected.
-parametersSyntaxErrorNoCrash1.ts(5,2): error TS1005: ')' expected.
+parametersSyntaxErrorNoCrash1.ts(3,28): error TS1005: ')' expected.
 
 
-==== parametersSyntaxErrorNoCrash1.ts (11 errors) ====
+==== parametersSyntaxErrorNoCrash1.ts (1 errors) ====
     // https://github.com/microsoft/TypeScript/issues/59422
     
     function identity<T>(arg: T: T {
-             ~~~~~~~~
-!!! error TS2391: Function implementation is missing or not immediately following the declaration.
-             ~~~~~~~~
-!!! error TS7010: 'identity', which lacks return-type annotation, implicitly has an 'any' return type.
-                         ~~~
-!!! error TS2300: Duplicate identifier 'arg'.
                                ~
-!!! error TS1005: ',' expected.
-                                 ~
-!!! error TS7006: Parameter 'T' implicitly has an 'any' type.
-                                   ~
-!!! error TS1005: ',' expected.
+!!! error TS1005: ')' expected.
         return arg;
-               ~~~
-!!! error TS1005: ':' expected.
-               ~~~
-!!! error TS2300: Duplicate identifier 'arg'.
-               ~~~
-!!! error TS2842: 'arg' is an unused renaming of 'return'. Did you intend to use it as a type annotation?
-!!! related TS2843 parametersSyntaxErrorNoCrash1.ts:5:2: We can only write a type for 'return' by adding a type for the entire parameter here.
-                  ~
-!!! error TS1005: ',' expected.
     }
-     
-!!! error TS1005: ')' expected.

</message>
<stacktrace>
  at org.junit.Assert.fail(Assert.java:89)
  at kotlin.test.junit.JUnitAsserter.fail(JUnitSupport.kt:56)
  at kotlin.test.AssertionsKt__AssertionsKt.fail(Assertions.kt:563)
  at kotlin.test.AssertionsKt.fail(Unknown Source)
  at com.xemantic.kotlin.test.SameAsKt.sameAs(SameAs.kt:52)
  at com.xemantic.typescript.compiler.TypeScriptTestSupportKt.errorsMatchBaseline(TypeScriptTestSupport.kt:135)
  at com.xemantic.typescript.compiler.TypeScriptCompilerTests_P.parametersSyntaxErrorNoCrash1_ts has expected errors matching parametersSyntaxErrorNoCrash1_errors_txt(TypeScriptCompilerTests_P.kt:301)
  at java.base/jdk.internal.reflect.DirectMethodHandleAccessor.invoke(DirectMethodHandleAccessor.java:104)
  at java.base/java.lang.reflect.Method.invoke(Method.java:565)
  at org.junit.runners.model.FrameworkMethod$1.runReflectiveCall(FrameworkMethod.java:59)
  at org.junit.internal.runners.model.ReflectiveCallable.run(ReflectiveCallable.java:12)
  at org.junit.runners.model.FrameworkMethod.invokeExplosively(FrameworkMethod.java:56)
  at org.junit.internal.runners.statements.InvokeMethod.evaluate(InvokeMethod.java:17)
  at org.junit.runners.ParentRunner$3.evaluate(ParentRunner.java:306)
  at org.junit.runners.BlockJUnit4ClassRunner$1.evaluate(BlockJUnit4ClassRunner.java:100)
  at org.junit.runners.ParentRunner.runLeaf(ParentRunner.java:366)
  at org.junit.runners.BlockJUnit4ClassRunner.runChild(BlockJUnit4ClassRunner.java:103)
  at org.junit.runners.BlockJUnit4ClassRunner.runChild(BlockJUnit4ClassRunner.java:63)
  at org.junit.runners.ParentRunner$4.run(ParentRunner.java:331)
  at org.junit.runners.ParentRunner$1.schedule(ParentRunner.java:79)
  at org.junit.runners.ParentRunner.runChildren(ParentRunner.java:329)
  at org.junit.runners.ParentRunner.access$100(ParentRunner.java:66)
  at org.junit.runners.ParentRunner$2.evaluate(ParentRunner.java:293)
  at org.junit.runners.ParentRunner$3.evaluate(ParentRunner.java:306)
  at org.junit.runners.ParentRunner.run(ParentRunner.java:413)
  at org.junit.runner.JUnitCore.run(JUnitCore.java:137)
  at org.junit.runner.JUnitCore.run(JUnitCore.java:115)
  at org.gradle.api.internal.tasks.testing.junit.JUnitTestExecutor.runRequest(JUnitTestExecutor.java:175)
  at org.gradle.api.internal.tasks.testing.junit.JUnitTestExecutor.accept(JUnitTestExecutor.java:84)
  at org.gradle.api.internal.tasks.testing.junit.JUnitTestExecutor.accept(JUnitTestExecutor.java:47)
  at org.gradle.api.internal.tasks.testing.junit.AbstractJUnitTestDefinitionProcessor.processTestDefinition(AbstractJUnitTestDefinitionProcessor.java:65)
  at org.gradle.api.internal.tasks.testing.SuiteTestDefinitionProcessor.processTestDefinition(SuiteTestDefinitionProcessor.java:54)
  at java.base/jdk.internal.reflect.DirectMethodHandleAccessor.invoke(DirectMethodHandleAccessor.java:104)
  at java.base/java.lang.reflect.Method.invoke(Method.java:565)
  at org.gradle.internal.dispatch.MethodInvocation.invokeOn(MethodInvocation.java:77)
  at org.gradle.internal.dispatch.ReflectionDispatch.dispatch(ReflectionDispatch.java:28)
  at org.gradle.internal.dispatch.ReflectionDispatch.dispatch(ReflectionDispatch.java:19)
  at org.gradle.internal.dispatch.ContextClassLoaderDispatch.dispatch(ContextClassLoaderDispatch.java:33)
  at org.gradle.internal.dispatch.ProxyDispatchAdapter$DispatchingInvocationHandler.invoke(ProxyDispatchAdapter.java:88)
  at jdk.proxy1/jdk.proxy1.$Proxy4.processTestDefinition(Unknown Source)
  at org.gradle.api.internal.tasks.testing.worker.TestWorker$2.run(TestWorker.java:178)
  at org.gradle.api.internal.tasks.testing.worker.TestWorker.executeAndMaintainThreadName(TestWorker.java:126)
  at org.gradle.api.internal.tasks.testing.worker.TestWorker.execute(TestWorker.java:103)
  at org.gradle.api.internal.tasks.testing.worker.TestWorker.execute(TestWorker.java:63)
  at org.gradle.process.internal.worker.child.ActionExecutionWorker.execute(ActionExecutionWorker.java:56)
  at org.gradle.process.internal.worker.child.SystemApplicationClassLoaderWorker.call(SystemApplicationClassLoaderWorker.java:122)
  at org.gradle.process.internal.worker.child.SystemApplicationClassLoaderWorker.call(SystemApplicationClassLoaderWorker.java:72)
  at worker.org.gradle.process.internal.worker.GradleWorkerMain.run(GradleWorkerMain.java:69)
  at worker.org.gradle.process.internal.worker.GradleWorkerMain.main(GradleWorkerMain.java:74)
</stacktrace>
</test-failure>


TypeScriptCompilerTests_P[jvm] > parametersSyntaxErrorNoCrash1_ts has expected errors matching parametersSyntaxErrorNoCrash1_errors_txt[jvm] FAILED

<test-failure test="com.xemantic.typescript.compiler.TypeScriptCompilerTests_P.pathMappingBasedModuleResolution_withExtension_MapedToNodeModules_ts has expected errors matching pathMappingBasedModuleResolution_withExtension_MapedToNodeModules_errors_txt" platform="jvm">
<message>
--- expected
+++ actual
@@ -17,8 +17,8 @@
         }
     }
     
-==== /a.ts (0 errors) ====
-    import foobar from "foo/bar/foobar.js";
-    
 ==== /node_modules/foo/bar/foobar.js (0 errors) ====
     module.exports = { a: 10 };
+    
+==== /a.ts (0 errors) ====
+    import foobar from "foo/bar/foobar.js";

</message>
<stacktrace>
  at org.junit.Assert.fail(Assert.java:89)
  at kotlin.test.junit.JUnitAsserter.fail(JUnitSupport.kt:56)
  at kotlin.test.AssertionsKt__AssertionsKt.fail(Assertions.kt:563)
  at kotlin.test.AssertionsKt.fail(Unknown Source)
  at com.xemantic.kotlin.test.SameAsKt.sameAs(SameAs.kt:52)
  at com.xemantic.typescript.compiler.TypeScriptTestSupportKt.errorsMatchBaseline(TypeScriptTestSupport.kt:135)
  at com.xemantic.typescript.compiler.TypeScriptCompilerTests_P.pathMappingBasedModuleResolution_withExtension_MapedToNodeModules_ts has expected errors matching pathMappingBasedModuleResolution_withExtension_MapedToNodeModules_errors_txt(TypeScriptCompilerTests_P.kt:1232)
  at java.base/jdk.internal.reflect.DirectMethodHandleAccessor.invoke(DirectMethodHandleAccessor.java:104)
  at java.base/java.lang.reflect.Method.invoke(Method.java:565)
  at org.junit.runners.model.FrameworkMethod$1.runReflectiveCall(FrameworkMethod.java:59)
  at org.junit.internal.runners.model.ReflectiveCallable.run(ReflectiveCallable.java:12)
  at org.junit.runners.model.FrameworkMethod.invokeExplosively(FrameworkMethod.java:56)
  at org.junit.internal.runners.statements.InvokeMethod.evaluate(InvokeMethod.java:17)
  at org.junit.runners.ParentRunner$3.evaluate(ParentRunner.java:306)
  at org.junit.runners.BlockJUnit4ClassRunner$1.evaluate(BlockJUnit4ClassRunner.java:100)
  at org.junit.runners.ParentRunner.runLeaf(ParentRunner.java:366)
  at org.junit.runners.BlockJUnit4ClassRunner.runChild(BlockJUnit4ClassRunner.java:103)
  at org.junit.runners.BlockJUnit4ClassRunner.runChild(BlockJUnit4ClassRunner.java:63)
  at org.junit.runners.ParentRunner$4.run(ParentRunner.java:331)
  at org.junit.runners.ParentRunner$1.schedule(ParentRunner.java:79)
  at org.junit.runners.ParentRunner.runChildren(ParentRunner.java:329)
  at org.junit.runners.ParentRunner.access$100(ParentRunner.java:66)
  at org.junit.runners.ParentRunner$2.evaluate(ParentRunner.java:293)
  at org.junit.runners.ParentRunner$3.evaluate(ParentRunner.java:306)
  at org.junit.runners.ParentRunner.run(ParentRunner.java:413)
  at org.junit.runner.JUnitCore.run(JUnitCore.java:137)
  at org.junit.runner.JUnitCore.run(JUnitCore.java:115)
  at org.gradle.api.internal.tasks.testing.junit.JUnitTestExecutor.runRequest(JUnitTestExecutor.java:175)
  at org.gradle.api.internal.tasks.testing.junit.JUnitTestExecutor.accept(JUnitTestExecutor.java:84)
  at org.gradle.api.internal.tasks.testing.junit.JUnitTestExecutor.accept(JUnitTestExecutor.java:47)
  at org.gradle.api.internal.tasks.testing.junit.AbstractJUnitTestDefinitionProcessor.processTestDefinition(AbstractJUnitTestDefinitionProcessor.java:65)
  at org.gradle.api.internal.tasks.testing.SuiteTestDefinitionProcessor.processTestDefinition(SuiteTestDefinitionProcessor.java:54)
  at java.base/jdk.internal.reflect.DirectMethodHandleAccessor.invoke(DirectMethodHandleAccessor.java:104)
  at java.base/java.lang.reflect.Method.invoke(Method.java:565)
  at org.gradle.internal.dispatch.MethodInvocation.invokeOn(MethodInvocation.java:77)
  at org.gradle.internal.dispatch.ReflectionDispatch.dispatch(ReflectionDispatch.java:28)
  at org.gradle.internal.dispatch.ReflectionDispatch.dispatch(ReflectionDispatch.java:19)
  at org.gradle.internal.dispatch.ContextClassLoaderDispatch.dispatch(ContextClassLoaderDispatch.java:33)
  at org.gradle.internal.dispatch.ProxyDispatchAdapter$DispatchingInvocationHandler.invoke(ProxyDispatchAdapter.java:88)
  at jdk.proxy1/jdk.proxy1.$Proxy4.processTestDefinition(Unknown Source)
  at org.gradle.api.internal.tasks.testing.worker.TestWorker$2.run(TestWorker.java:178)
  at org.gradle.api.internal.tasks.testing.worker.TestWorker.executeAndMaintainThreadName(TestWorker.java:126)
  at org.gradle.api.internal.tasks.testing.worker.TestWorker.execute(TestWorker.java:103)
  at org.gradle.api.internal.tasks.testing.worker.TestWorker.execute(TestWorker.java:63)
  at org.gradle.process.internal.worker.child.ActionExecutionWorker.execute(ActionExecutionWorker.java:56)
  at org.gradle.process.internal.worker.child.SystemApplicationClassLoaderWorker.call(SystemApplicationClassLoaderWorker.java:122)
  at org.gradle.process.internal.worker.child.SystemApplicationClassLoaderWorker.call(SystemApplicationClassLoaderWorker.java:72)
  at worker.org.gradle.process.internal.worker.GradleWorkerMain.run(GradleWorkerMain.java:69)
  at worker.org.gradle.process.internal.worker.GradleWorkerMain.main(GradleWorkerMain.java:74)
</stacktrace>
</test-failure>


TypeScriptCompilerTests_P[jvm] > pathMappingBasedModuleResolution_withExtension_MapedToNodeModules_ts has expected errors matching pathMappingBasedModuleResolution_withExtension_MapedToNodeModules_errors_txt[jvm] FAILED

<test-failure test="com.xemantic.typescript.compiler.TypeScriptCompilerTests_P.parseJsxElementInUnaryExpressionNoCrash3_ts has expected errors matching parseJsxElementInUnaryExpressionNoCrash3_errors_txt" platform="jvm">
<message>
--- expected
+++ actual
@@ -1,18 +1,9 @@
-a.js(1,3): error TS17008: JSX element '' has no corresponding closing tag.
-a.js(1,4): error TS1003: Identifier expected.
-a.js(1,5): error TS1005: '...' expected.
-a.js(3,1): error TS1005: '</' expected.
+a.js(3,1): error TS1005: '<' expected.
 
 
-==== a.js (4 errors) ====
+==== a.js (1 errors) ====
     !< {:>
-      
-!!! error TS17008: JSX element '' has no corresponding closing tag.
-       ~
-!!! error TS1003: Identifier expected.
-        ~
-!!! error TS1005: '...' expected.
     
     
     
-!!! error TS1005: '</' expected.
+!!! error TS1005: '<' expected.

</message>
<stacktrace>
  at org.junit.Assert.fail(Assert.java:89)
  at kotlin.test.junit.JUnitAsserter.fail(JUnitSupport.kt:56)
  at kotlin.test.AssertionsKt__AssertionsKt.fail(Assertions.kt:563)
  at kotlin.test.AssertionsKt.fail(Unknown Source)
  at com.xemantic.kotlin.test.SameAsKt.sameAs(SameAs.kt:52)
  at com.xemantic.typescript.compiler.TypeScriptTestSupportKt.errorsMatchBaseline(TypeScriptTestSupport.kt:135)
  at com.xemantic.typescript.compiler.TypeScriptCompilerTests_P.parseJsxElementInUnaryExpressionNoCrash3_ts has expected errors matching parseJsxElementInUnaryExpressionNoCrash3_errors_txt(TypeScriptCompilerTests_P.kt:658)
  at java.base/jdk.internal.reflect.DirectMethodHandleAccessor.invoke(DirectMethodHandleAccessor.java:104)
  at java.base/java.lang.reflect.Method.invoke(Method.java:565)
  at org.junit.runners.model.FrameworkMethod$1.runReflectiveCall(FrameworkMethod.java:59)
  at org.junit.internal.runners.model.ReflectiveCallable.run(ReflectiveCallable.java:12)
  at org.junit.runners.model.FrameworkMethod.invokeExplosively(FrameworkMethod.java:56)
  at org.junit.internal.runners.statements.InvokeMethod.evaluate(InvokeMethod.java:17)
  at org.junit.runners.ParentRunner$3.evaluate(ParentRunner.java:306)
  at org.junit.runners.BlockJUnit4ClassRunner$1.evaluate(BlockJUnit4ClassRunner.java:100)
  at org.junit.runners.ParentRunner.runLeaf(ParentRunner.java:366)
  at org.junit.runners.BlockJUnit4ClassRunner.runChild(BlockJUnit4ClassRunner.java:103)
  at org.junit.runners.BlockJUnit4ClassRunner.runChild(BlockJUnit4ClassRunner.java:63)
  at org.junit.runners.ParentRunner$4.run(ParentRunner.java:331)
  at org.junit.runners.ParentRunner$1.schedule(ParentRunner.java:79)
  at org.junit.runners.ParentRunner.runChildren(ParentRunner.java:329)
  at org.junit.runners.ParentRunner.access$100(ParentRunner.java:66)
  at org.junit.runners.ParentRunner$2.evaluate(ParentRunner.java:293)
  at org.junit.runners.ParentRunner$3.evaluate(ParentRunner.java:306)
  at org.junit.runners.ParentRunner.run(ParentRunner.java:413)
  at org.junit.runner.JUnitCore.run(JUnitCore.java:137)
  at org.junit.runner.JUnitCore.run(JUnitCore.java:115)
  at org.gradle.api.internal.tasks.testing.junit.JUnitTestExecutor.runRequest(JUnitTestExecutor.java:175)
  at org.gradle.api.internal.tasks.testing.junit.JUnitTestExecutor.accept(JUnitTestExecutor.java:84)
  at org.gradle.api.internal.tasks.testing.junit.JUnitTestExecutor.accept(JUnitTestExecutor.java:47)
  at org.gradle.api.internal.tasks.testing.junit.AbstractJUnitTestDefinitionProcessor.processTestDefinition(AbstractJUnitTestDefinitionProcessor.java:65)
  at org.gradle.api.internal.tasks.testing.SuiteTestDefinitionProcessor.processTestDefinition(SuiteTestDefinitionProcessor.java:54)
  at java.base/jdk.internal.reflect.DirectMethodHandleAccessor.invoke(DirectMethodHandleAccessor.java:104)
  at java.base/java.lang.reflect.Method.invoke(Method.java:565)
  at org.gradle.internal.dispatch.MethodInvocation.invokeOn(MethodInvocation.java:77)
  at org.gradle.internal.dispatch.ReflectionDispatch.dispatch(ReflectionDispatch.java:28)
  at org.gradle.internal.dispatch.ReflectionDispatch.dispatch(ReflectionDispatch.java:19)
  at org.gradle.internal.dispatch.ContextClassLoaderDispatch.dispatch(ContextClassLoaderDispatch.java:33)
  at org.gradle.internal.dispatch.ProxyDispatchAdapter$DispatchingInvocationHandler.invoke(ProxyDispatchAdapter.java:88)
  at jdk.proxy1/jdk.proxy1.$Proxy4.processTestDefinition(Unknown Source)
  at org.gradle.api.internal.tasks.testing.worker.TestWorker$2.run(TestWorker.java:178)
  at org.gradle.api.internal.tasks.testing.worker.TestWorker.executeAndMaintainThreadName(TestWorker.java:126)
  at org.gradle.api.internal.tasks.testing.worker.TestWorker.execute(TestWorker.java:103)
  at org.gradle.api.internal.tasks.testing.worker.TestWorker.execute(TestWorker.java:63)
  at org.gradle.process.internal.worker.child.ActionExecutionWorker.execute(ActionExecutionWorker.java:56)
  at org.gradle.process.internal.worker.child.SystemApplicationClassLoaderWorker.call(SystemApplicationClassLoaderWorker.java:122)
  at org.gradle.process.internal.worker.child.SystemApplicationClassLoaderWorker.call(SystemApplicationClassLoaderWorker.java:72)
  at worker.org.gradle.process.internal.worker.GradleWorkerMain.run(GradleWorkerMain.java:69)
  at worker.org.gradle.process.internal.worker.GradleWorkerMain.main(GradleWorkerMain.java:74)
</stacktrace>
</test-failure>


TypeScriptCompilerTests_P[jvm] > parseJsxElementInUnaryExpressionNoCrash3_ts has expected errors matching parseJsxElementInUnaryExpressionNoCrash3_errors_txt[jvm] FAILED

<test-failure test="com.xemantic.typescript.compiler.TypeScriptCompilerTests_P.parserConstructorDeclaration12_ts has expected errors matching parserConstructorDeclaration12_errors_txt" platform="jvm">
<message>
Expected diagnostics from baseline typescript-repo/tests/baselines/reference/parserConstructorDeclaration12.errors.txt but none produced
</message>
<stacktrace>
  at com.xemantic.typescript.compiler.TypeScriptTestSupportKt.errorsMatchBaseline(TypeScriptTestSupport.kt:125)
  at com.xemantic.typescript.compiler.TypeScriptCompilerTests_P.parserConstructorDeclaration12_ts has expected errors matching parserConstructorDeclaration12_errors_txt(TypeScriptCompilerTests_P.kt:777)
  at java.base/jdk.internal.reflect.DirectMethodHandleAccessor.invoke(DirectMethodHandleAccessor.java:104)
  at java.base/java.lang.reflect.Method.invoke(Method.java:565)
  at org.junit.runners.model.FrameworkMethod$1.runReflectiveCall(FrameworkMethod.java:59)
  at org.junit.internal.runners.model.ReflectiveCallable.run(ReflectiveCallable.java:12)
  at org.junit.runners.model.FrameworkMethod.invokeExplosively(FrameworkMethod.java:56)
  at org.junit.internal.runners.statements.InvokeMethod.evaluate(InvokeMethod.java:17)
  at org.junit.runners.ParentRunner$3.evaluate(ParentRunner.java:306)
  at org.junit.runners.BlockJUnit4ClassRunner$1.evaluate(BlockJUnit4ClassRunner.java:100)
  at org.junit.runners.ParentRunner.runLeaf(ParentRunner.java:366)
  at org.junit.runners.BlockJUnit4ClassRunner.runChild(BlockJUnit4ClassRunner.java:103)
  at org.junit.runners.BlockJUnit4ClassRunner.runChild(BlockJUnit4ClassRunner.java:63)
  at org.junit.runners.ParentRunner$4.run(ParentRunner.java:331)
  at org.junit.runners.ParentRunner$1.schedule(ParentRunner.java:79)
  at org.junit.runners.ParentRunner.runChildren(ParentRunner.java:329)
  at org.junit.runners.ParentRunner.access$100(ParentRunner.java:66)
  at org.junit.runners.ParentRunner$2.evaluate(ParentRunner.java:293)
  at org.junit.runners.ParentRunner$3.evaluate(ParentRunner.java:306)
  at org.junit.runners.ParentRunner.run(ParentRunner.java:413)
  at org.junit.runner.JUnitCore.run(JUnitCore.java:137)
  at org.junit.runner.JUnitCore.run(JUnitCore.java:115)
  at org.gradle.api.internal.tasks.testing.junit.JUnitTestExecutor.runRequest(JUnitTestExecutor.java:175)
  at org.gradle.api.internal.tasks.testing.junit.JUnitTestExecutor.accept(JUnitTestExecutor.java:84)
  at org.gradle.api.internal.tasks.testing.junit.JUnitTestExecutor.accept(JUnitTestExecutor.java:47)
  at org.gradle.api.internal.tasks.testing.junit.AbstractJUnitTestDefinitionProcessor.processTestDefinition(AbstractJUnitTestDefinitionProcessor.java:65)
  at org.gradle.api.internal.tasks.testing.SuiteTestDefinitionProcessor.processTestDefinition(SuiteTestDefinitionProcessor.java:54)
  at java.base/jdk.internal.reflect.DirectMethodHandleAccessor.invoke(DirectMethodHandleAccessor.java:104)
  at java.base/java.lang.reflect.Method.invoke(Method.java:565)
  at org.gradle.internal.dispatch.MethodInvocation.invokeOn(MethodInvocation.java:77)
  at org.gradle.internal.dispatch.ReflectionDispatch.dispatch(ReflectionDispatch.java:28)
  at org.gradle.internal.dispatch.ReflectionDispatch.dispatch(ReflectionDispatch.java:19)
  at org.gradle.internal.dispatch.ContextClassLoaderDispatch.dispatch(ContextClassLoaderDispatch.java:33)
  at org.gradle.internal.dispatch.ProxyDispatchAdapter$DispatchingInvocationHandler.invoke(ProxyDispatchAdapter.java:88)
  at jdk.proxy1/jdk.proxy1.$Proxy4.processTestDefinition(Unknown Source)
  at org.gradle.api.internal.tasks.testing.worker.TestWorker$2.run(TestWorker.java:178)
  at org.gradle.api.internal.tasks.testing.worker.TestWorker.executeAndMaintainThreadName(TestWorker.java:126)
  at org.gradle.api.internal.tasks.testing.worker.TestWorker.execute(TestWorker.java:103)
  at org.gradle.api.internal.tasks.testing.worker.TestWorker.execute(TestWorker.java:63)
  at org.gradle.process.internal.worker.child.ActionExecutionWorker.execute(ActionExecutionWorker.java:56)
  at org.gradle.process.internal.worker.child.SystemApplicationClassLoaderWorker.call(SystemApplicationClassLoaderWorker.java:122)
  at org.gradle.process.internal.worker.child.SystemApplicationClassLoaderWorker.call(SystemApplicationClassLoaderWorker.java:72)
  at worker.org.gradle.process.internal.worker.GradleWorkerMain.run(GradleWorkerMain.java:69)
  at worker.org.gradle.process.internal.worker.GradleWorkerMain.main(GradleWorkerMain.java:74)
</stacktrace>
</test-failure>


TypeScriptCompilerTests_P[jvm] > parserConstructorDeclaration12_ts has expected errors matching parserConstructorDeclaration12_errors_txt[jvm] FAILED

<test-failure test="com.xemantic.typescript.compiler.TypeScriptCompilerTests_P.privacyClassExtendsClauseDeclFile_ts has expected errors matching privacyClassExtendsClauseDeclFile_errors_txt" platform="jvm">
<message>
Expected diagnostics from baseline typescript-repo/tests/baselines/reference/privacyClassExtendsClauseDeclFile.errors.txt but none produced
</message>
<stacktrace>
  at com.xemantic.typescript.compiler.TypeScriptTestSupportKt.errorsMatchBaseline(TypeScriptTestSupport.kt:125)
  at com.xemantic.typescript.compiler.TypeScriptCompilerTests_P.privacyClassExtendsClauseDeclFile_ts has expected errors matching privacyClassExtendsClauseDeclFile_errors_txt(TypeScriptCompilerTests_P.kt:1785)
  at java.base/jdk.internal.reflect.DirectMethodHandleAccessor.invoke(DirectMethodHandleAccessor.java:104)
  at java.base/java.lang.reflect.Method.invoke(Method.java:565)
  at org.junit.runners.model.FrameworkMethod$1.runReflectiveCall(FrameworkMethod.java:59)
  at org.junit.internal.runners.model.ReflectiveCallable.run(ReflectiveCallable.java:12)
  at org.junit.runners.model.FrameworkMethod.invokeExplosively(FrameworkMethod.java:56)
  at org.junit.internal.runners.statements.InvokeMethod.evaluate(InvokeMethod.java:17)
  at org.junit.runners.ParentRunner$3.evaluate(ParentRunner.java:306)
  at org.junit.runners.BlockJUnit4ClassRunner$1.evaluate(BlockJUnit4ClassRunner.java:100)
  at org.junit.runners.ParentRunner.runLeaf(ParentRunner.java:366)
  at org.junit.runners.BlockJUnit4ClassRunner.runChild(BlockJUnit4ClassRunner.java:103)
  at org.junit.runners.BlockJUnit4ClassRunner.runChild(BlockJUnit4ClassRunner.java:63)
  at org.junit.runners.ParentRunner$4.run(ParentRunner.java:331)
  at org.junit.runners.ParentRunner$1.schedule(ParentRunner.java:79)
  at org.junit.runners.ParentRunner.runChildren(ParentRunner.java:329)
  at org.junit.runners.ParentRunner.access$100(ParentRunner.java:66)
  at org.junit.runners.ParentRunner$2.evaluate(ParentRunner.java:293)
  at org.junit.runners.ParentRunner$3.evaluate(ParentRunner.java:306)
  at org.junit.runners.ParentRunner.run(ParentRunner.java:413)
  at org.junit.runner.JUnitCore.run(JUnitCore.java:137)
  at org.junit.runner.JUnitCore.run(JUnitCore.java:115)
  at org.gradle.api.internal.tasks.testing.junit.JUnitTestExecutor.runRequest(JUnitTestExecutor.java:175)
  at org.gradle.api.internal.tasks.testing.junit.JUnitTestExecutor.accept(JUnitTestExecutor.java:84)
  at org.gradle.api.internal.tasks.testing.junit.JUnitTestExecutor.accept(JUnitTestExecutor.java:47)
  at org.gradle.api.internal.tasks.testing.junit.AbstractJUnitTestDefinitionProcessor.processTestDefinition(AbstractJUnitTestDefinitionProcessor.java:65)
  at org.gradle.api.internal.tasks.testing.SuiteTestDefinitionProcessor.processTestDefinition(SuiteTestDefinitionProcessor.java:54)
  at java.base/jdk.internal.reflect.DirectMethodHandleAccessor.invoke(DirectMethodHandleAccessor.java:104)
  at java.base/java.lang.reflect.Method.invoke(Method.java:565)
  at org.gradle.internal.dispatch.MethodInvocation.invokeOn(MethodInvocation.java:77)
  at org.gradle.internal.dispatch.ReflectionDispatch.dispatch(ReflectionDispatch.java:28)
  at org.gradle.internal.dispatch.ReflectionDispatch.dispatch(ReflectionDispatch.java:19)
  at org.gradle.internal.dispatch.ContextClassLoaderDispatch.dispatch(ContextClassLoaderDispatch.java:33)
  at org.gradle.internal.dispatch.ProxyDispatchAdapter$DispatchingInvocationHandler.invoke(ProxyDispatchAdapter.java:88)
  at jdk.proxy1/jdk.proxy1.$Proxy4.processTestDefinition(Unknown Source)
  at org.gradle.api.internal.tasks.testing.worker.TestWorker$2.run(TestWorker.java:178)
  at org.gradle.api.internal.tasks.testing.worker.TestWorker.executeAndMaintainThreadName(TestWorker.java:126)
  at org.gradle.api.internal.tasks.testing.worker.TestWorker.execute(TestWorker.java:103)
  at org.gradle.api.internal.tasks.testing.worker.TestWorker.execute(TestWorker.java:63)
  at org.gradle.process.internal.worker.child.ActionExecutionWorker.execute(ActionExecutionWorker.java:56)
  at org.gradle.process.internal.worker.child.SystemApplicationClassLoaderWorker.call(SystemApplicationClassLoaderWorker.java:122)
  at org.gradle.process.internal.worker.child.SystemApplicationClassLoaderWorker.call(SystemApplicationClassLoaderWorker.java:72)
  at worker.org.gradle.process.internal.worker.GradleWorkerMain.run(GradleWorkerMain.java:69)
  at worker.org.gradle.process.internal.worker.GradleWorkerMain.main(GradleWorkerMain.java:74)
</stacktrace>
</test-failure>


TypeScriptCompilerTests_P[jvm] > privacyClassExtendsClauseDeclFile_ts has expected errors matching privacyClassExtendsClauseDeclFile_errors_txt[jvm] FAILED

<test-failure test="com.xemantic.typescript.compiler.TypeScriptCompilerTests_P.potentiallyUncalledDecorators_ts has expected errors matching potentiallyUncalledDecorators_errors_txt" platform="jvm">
<message>
Expected diagnostics from baseline typescript-repo/tests/baselines/reference/potentiallyUncalledDecorators.errors.txt but none produced
</message>
<stacktrace>
  at com.xemantic.typescript.compiler.TypeScriptTestSupportKt.errorsMatchBaseline(TypeScriptTestSupport.kt:125)
  at com.xemantic.typescript.compiler.TypeScriptCompilerTests_P.potentiallyUncalledDecorators_ts has expected errors matching potentiallyUncalledDecorators_errors_txt(TypeScriptCompilerTests_P.kt:1386)
  at java.base/jdk.internal.reflect.DirectMethodHandleAccessor.invoke(DirectMethodHandleAccessor.java:104)
  at java.base/java.lang.reflect.Method.invoke(Method.java:565)
  at org.junit.runners.model.FrameworkMethod$1.runReflectiveCall(FrameworkMethod.java:59)
  at org.junit.internal.runners.model.ReflectiveCallable.run(ReflectiveCallable.java:12)
  at org.junit.runners.model.FrameworkMethod.invokeExplosively(FrameworkMethod.java:56)
  at org.junit.internal.runners.statements.InvokeMethod.evaluate(InvokeMethod.java:17)
  at org.junit.runners.ParentRunner$3.evaluate(ParentRunner.java:306)
  at org.junit.runners.BlockJUnit4ClassRunner$1.evaluate(BlockJUnit4ClassRunner.java:100)
  at org.junit.runners.ParentRunner.runLeaf(ParentRunner.java:366)
  at org.junit.runners.BlockJUnit4ClassRunner.runChild(BlockJUnit4ClassRunner.java:103)
  at org.junit.runners.BlockJUnit4ClassRunner.runChild(BlockJUnit4ClassRunner.java:63)
  at org.junit.runners.ParentRunner$4.run(ParentRunner.java:331)
  at org.junit.runners.ParentRunner$1.schedule(ParentRunner.java:79)
  at org.junit.runners.ParentRunner.runChildren(ParentRunner.java:329)
  at org.junit.runners.ParentRunner.access$100(ParentRunner.java:66)
  at org.junit.runners.ParentRunner$2.evaluate(ParentRunner.java:293)
  at org.junit.runners.ParentRunner$3.evaluate(ParentRunner.java:306)
  at org.junit.runners.ParentRunner.run(ParentRunner.java:413)
  at org.junit.runner.JUnitCore.run(JUnitCore.java:137)
  at org.junit.runner.JUnitCore.run(JUnitCore.java:115)
  at org.gradle.api.internal.tasks.testing.junit.JUnitTestExecutor.runRequest(JUnitTestExecutor.java:175)
  at org.gradle.api.internal.tasks.testing.junit.JUnitTestExecutor.accept(JUnitTestExecutor.java:84)
  at org.gradle.api.internal.tasks.testing.junit.JUnitTestExecutor.accept(JUnitTestExecutor.java:47)
  at org.gradle.api.internal.tasks.testing.junit.AbstractJUnitTestDefinitionProcessor.processTestDefinition(AbstractJUnitTestDefinitionProcessor.java:65)
  at org.gradle.api.internal.tasks.testing.SuiteTestDefinitionProcessor.processTestDefinition(SuiteTestDefinitionProcessor.java:54)
  at java.base/jdk.internal.reflect.DirectMethodHandleAccessor.invoke(DirectMethodHandleAccessor.java:104)
  at java.base/java.lang.reflect.Method.invoke(Method.java:565)
  at org.gradle.internal.dispatch.MethodInvocation.invokeOn(MethodInvocation.java:77)
  at org.gradle.internal.dispatch.ReflectionDispatch.dispatch(ReflectionDispatch.java:28)
  at org.gradle.internal.dispatch.ReflectionDispatch.dispatch(ReflectionDispatch.java:19)
  at org.gradle.internal.dispatch.ContextClassLoaderDispatch.dispatch(ContextClassLoaderDispatch.java:33)
  at org.gradle.internal.dispatch.ProxyDispatchAdapter$DispatchingInvocationHandler.invoke(ProxyDispatchAdapter.java:88)
  at jdk.proxy1/jdk.proxy1.$Proxy4.processTestDefinition(Unknown Source)
  at org.gradle.api.internal.tasks.testing.worker.TestWorker$2.run(TestWorker.java:178)
  at org.gradle.api.internal.tasks.testing.worker.TestWorker.executeAndMaintainThreadName(TestWorker.java:126)
  at org.gradle.api.internal.tasks.testing.worker.TestWorker.execute(TestWorker.java:103)
  at org.gradle.api.internal.tasks.testing.worker.TestWorker.execute(TestWorker.java:63)
  at org.gradle.process.internal.worker.child.ActionExecutionWorker.execute(ActionExecutionWorker.java:56)
  at org.gradle.process.internal.worker.child.SystemApplicationClassLoaderWorker.call(SystemApplicationClassLoaderWorker.java:122)
  at org.gradle.process.internal.worker.child.SystemApplicationClassLoaderWorker.call(SystemApplicationClassLoaderWorker.java:72)
  at worker.org.gradle.process.internal.worker.GradleWorkerMain.run(GradleWorkerMain.java:69)
  at worker.org.gradle.process.internal.worker.GradleWorkerMain.main(GradleWorkerMain.java:74)
</stacktrace>
</test-failure>


TypeScriptCompilerTests_P[jvm] > potentiallyUncalledDecorators_ts has expected errors matching potentiallyUncalledDecorators_errors_txt[jvm] FAILED

<test-failure test="com.xemantic.typescript.compiler.TypeScriptCompilerTests_P.pathsValidation2_ts has expected errors matching pathsValidation2_errors_txt" platform="jvm">
<message>
--- expected
+++ actual
@@ -1,9 +1,8 @@
 tsconfig.json(3,9): error TS5101: Option 'baseUrl' is deprecated and will stop functioning in TypeScript 7.0. Specify compilerOption '"ignoreDeprecations": "6.0"' to silence this error.
   Visit https://aka.ms/ts6 for migration information.
-tsconfig.json(5,19): error TS5064: Substitution '1' for pattern '*' has incorrect type, expected 'string', got 'number'.
 
 
-==== tsconfig.json (2 errors) ====
+==== tsconfig.json (1 errors) ====
     {
         "compilerOptions": {
             "baseUrl": ".",
@@ -12,8 +11,6 @@
 !!! error TS5101:   Visit https://aka.ms/ts6 for migration information.
             "paths": {
                 "*": [1]
-                      ~
-!!! error TS5064: Substitution '1' for pattern '*' has incorrect type, expected 'string', got 'number'.
             }
         }
     }

</message>
<stacktrace>
  at org.junit.Assert.fail(Assert.java:89)
  at kotlin.test.junit.JUnitAsserter.fail(JUnitSupport.kt:56)
  at kotlin.test.AssertionsKt__AssertionsKt.fail(Assertions.kt:563)
  at kotlin.test.AssertionsKt.fail(Unknown Source)
  at com.xemantic.kotlin.test.SameAsKt.sameAs(SameAs.kt:52)
  at com.xemantic.typescript.compiler.TypeScriptTestSupportKt.errorsMatchBaseline(TypeScriptTestSupport.kt:135)
  at com.xemantic.typescript.compiler.TypeScriptCompilerTests_P.pathsValidation2_ts has expected errors matching pathsValidation2_errors_txt(TypeScriptCompilerTests_P.kt:1302)
  at java.base/jdk.internal.reflect.DirectMethodHandleAccessor.invoke(DirectMethodHandleAccessor.java:104)
  at java.base/java.lang.reflect.Method.invoke(Method.java:565)
  at org.junit.runners.model.FrameworkMethod$1.runReflectiveCall(FrameworkMethod.java:59)
  at org.junit.internal.runners.model.ReflectiveCallable.run(ReflectiveCallable.java:12)
  at org.junit.runners.model.FrameworkMethod.invokeExplosively(FrameworkMethod.java:56)
  at org.junit.internal.runners.statements.InvokeMethod.evaluate(InvokeMethod.java:17)
  at org.junit.runners.ParentRunner$3.evaluate(ParentRunner.java:306)
  at org.junit.runners.BlockJUnit4ClassRunner$1.evaluate(BlockJUnit4ClassRunner.java:100)
  at org.junit.runners.ParentRunner.runLeaf(ParentRunner.java:366)
  at org.junit.runners.BlockJUnit4ClassRunner.runChild(BlockJUnit4ClassRunner.java:103)
  at org.junit.runners.BlockJUnit4ClassRunner.runChild(BlockJUnit4ClassRunner.java:63)
  at org.junit.runners.ParentRunner$4.run(ParentRunner.java:331)
  at org.junit.runners.ParentRunner$1.schedule(ParentRunner.java:79)
  at org.junit.runners.ParentRunner.runChildren(ParentRunner.java:329)
  at org.junit.runners.ParentRunner.access$100(ParentRunner.java:66)
  at org.junit.runners.ParentRunner$2.evaluate(ParentRunner.java:293)
  at org.junit.runners.ParentRunner$3.evaluate(ParentRunner.java:306)
  at org.junit.runners.ParentRunner.run(ParentRunner.java:413)
  at org.junit.runner.JUnitCore.run(JUnitCore.java:137)
  at org.junit.runner.JUnitCore.run(JUnitCore.java:115)
  at org.gradle.api.internal.tasks.testing.junit.JUnitTestExecutor.runRequest(JUnitTestExecutor.java:175)
  at org.gradle.api.internal.tasks.testing.junit.JUnitTestExecutor.accept(JUnitTestExecutor.java:84)
  at org.gradle.api.internal.tasks.testing.junit.JUnitTestExecutor.accept(JUnitTestExecutor.java:47)
  at org.gradle.api.internal.tasks.testing.junit.AbstractJUnitTestDefinitionProcessor.processTestDefinition(AbstractJUnitTestDefinitionProcessor.java:65)
  at org.gradle.api.internal.tasks.testing.SuiteTestDefinitionProcessor.processTestDefinition(SuiteTestDefinitionProcessor.java:54)
  at java.base/jdk.internal.reflect.DirectMethodHandleAccessor.invoke(DirectMethodHandleAccessor.java:104)
  at java.base/java.lang.reflect.Method.invoke(Method.java:565)
  at org.gradle.internal.dispatch.MethodInvocation.invokeOn(MethodInvocation.java:77)
  at org.gradle.internal.dispatch.ReflectionDispatch.dispatch(ReflectionDispatch.java:28)
  at org.gradle.internal.dispatch.ReflectionDispatch.dispatch(ReflectionDispatch.java:19)
  at org.gradle.internal.dispatch.ContextClassLoaderDispatch.dispatch(ContextClassLoaderDispatch.java:33)
  at org.gradle.internal.dispatch.ProxyDispatchAdapter$DispatchingInvocationHandler.invoke(ProxyDispatchAdapter.java:88)
  at jdk.proxy1/jdk.proxy1.$Proxy4.processTestDefinition(Unknown Source)
  at org.gradle.api.internal.tasks.testing.worker.TestWorker$2.run(TestWorker.java:178)
  at org.gradle.api.internal.tasks.testing.worker.TestWorker.executeAndMaintainThreadName(TestWorker.java:126)
  at org.gradle.api.internal.tasks.testing.worker.TestWorker.execute(TestWorker.java:103)
  at org.gradle.api.internal.tasks.testing.worker.TestWorker.execute(TestWorker.java:63)
  at org.gradle.process.internal.worker.child.ActionExecutionWorker.execute(ActionExecutionWorker.java:56)
  at org.gradle.process.internal.worker.child.SystemApplicationClassLoaderWorker.call(SystemApplicationClassLoaderWorker.java:122)
  at org.gradle.process.internal.worker.child.SystemApplicationClassLoaderWorker.call(SystemApplicationClassLoaderWorker.java:72)
  at worker.org.gradle.process.internal.worker.GradleWorkerMain.run(GradleWorkerMain.java:69)
  at worker.org.gradle.process.internal.worker.GradleWorkerMain.main(GradleWorkerMain.java:74)
</stacktrace>
</test-failure>


TypeScriptCompilerTests_P[jvm] > pathsValidation2_ts has expected errors matching pathsValidation2_errors_txt[jvm] FAILED

<test-failure test="com.xemantic.typescript.compiler.TypeScriptCompilerTests_P.privacyTopLevelAmbientExternalModuleImportWithoutExport_ts compiles to JavaScript matching privacyTopLevelAmbientExternalModuleImportWithoutExport_js" platform="jvm">
<message>
--- expected
+++ actual
@@ -47,10 +47,6 @@
 export var publicUse_im_private_mi_public = new im_private_mi_public.c_public();
 
 
-//// [privacyTopLevelAmbientExternalModuleImportWithoutExport_require2.js]
-"use strict";
-//// [privacyTopLevelAmbientExternalModuleImportWithoutExport_require3.js]
-"use strict";
 //// [privacyTopLevelAmbientExternalModuleImportWithoutExport_require.js]
 "use strict";
 Object.defineProperty(exports, "__esModule", { value: true });
@@ -66,6 +62,10 @@
 class c_public {
 }
 exports.c_public = c_public;
+//// [privacyTopLevelAmbientExternalModuleImportWithoutExport_require2.js]
+"use strict";
+//// [privacyTopLevelAmbientExternalModuleImportWithoutExport_require3.js]
+"use strict";
 //// [privacyTopLevelAmbientExternalModuleImportWithoutExport_core.js]
 "use strict";
 Object.defineProperty(exports, "__esModule", { value: true });

</message>
<stacktrace>
  at org.junit.Assert.fail(Assert.java:89)
  at kotlin.test.junit.JUnitAsserter.fail(JUnitSupport.kt:56)
  at kotlin.test.AssertionsKt__AssertionsKt.fail(Assertions.kt:563)
  at kotlin.test.AssertionsKt.fail(Unknown Source)
  at com.xemantic.kotlin.test.SameAsKt.sameAs(SameAs.kt:52)
  at com.xemantic.typescript.compiler.TypeScriptTestSupportKt.sameAs(TypeScriptTestSupport.kt:99)
  at com.xemantic.typescript.compiler.TypeScriptCompilerTests_P.privacyTopLevelAmbientExternalModuleImportWithoutExport_ts compiles to JavaScript matching privacyTopLevelAmbientExternalModuleImportWithoutExport_js(TypeScriptCompilerTests_P.kt:2002)
  at java.base/jdk.internal.reflect.DirectMethodHandleAccessor.invoke(DirectMethodHandleAccessor.java:104)
  at java.base/java.lang.reflect.Method.invoke(Method.java:565)
  at org.junit.runners.model.FrameworkMethod$1.runReflectiveCall(FrameworkMethod.java:59)
  at org.junit.internal.runners.model.ReflectiveCallable.run(ReflectiveCallable.java:12)
  at org.junit.runners.model.FrameworkMethod.invokeExplosively(FrameworkMethod.java:56)
  at org.junit.internal.runners.statements.InvokeMethod.evaluate(InvokeMethod.java:17)
  at org.junit.runners.ParentRunner$3.evaluate(ParentRunner.java:306)
  at org.junit.runners.BlockJUnit4ClassRunner$1.evaluate(BlockJUnit4ClassRunner.java:100)
  at org.junit.runners.ParentRunner.runLeaf(ParentRunner.java:366)
  at org.junit.runners.BlockJUnit4ClassRunner.runChild(BlockJUnit4ClassRunner.java:103)
  at org.junit.runners.BlockJUnit4ClassRunner.runChild(BlockJUnit4ClassRunner.java:63)
  at org.junit.runners.ParentRunner$4.run(ParentRunner.java:331)
  at org.junit.runners.ParentRunner$1.schedule(ParentRunner.java:79)
  at org.junit.runners.ParentRunner.runChildren(ParentRunner.java:329)
  at org.junit.runners.ParentRunner.access$100(ParentRunner.java:66)
  at org.junit.runners.ParentRunner$2.evaluate(ParentRunner.java:293)
  at org.junit.runners.ParentRunner$3.evaluate(ParentRunner.java:306)
  at org.junit.runners.ParentRunner.run(ParentRunner.java:413)
  at org.junit.runner.JUnitCore.run(JUnitCore.java:137)
  at org.junit.runner.JUnitCore.run(JUnitCore.java:115)
  at org.gradle.api.internal.tasks.testing.junit.JUnitTestExecutor.runRequest(JUnitTestExecutor.java:175)
  at org.gradle.api.internal.tasks.testing.junit.JUnitTestExecutor.accept(JUnitTestExecutor.java:84)
  at org.gradle.api.internal.tasks.testing.junit.JUnitTestExecutor.accept(JUnitTestExecutor.java:47)
  at org.gradle.api.internal.tasks.testing.junit.AbstractJUnitTestDefinitionProcessor.processTestDefinition(AbstractJUnitTestDefinitionProcessor.java:65)
  at org.gradle.api.internal.tasks.testing.SuiteTestDefinitionProcessor.processTestDefinition(SuiteTestDefinitionProcessor.java:54)
  at java.base/jdk.internal.reflect.DirectMethodHandleAccessor.invoke(DirectMethodHandleAccessor.java:104)
  at java.base/java.lang.reflect.Method.invoke(Method.java:565)
  at org.gradle.internal.dispatch.MethodInvocation.invokeOn(MethodInvocation.java:77)
  at org.gradle.internal.dispatch.ReflectionDispatch.dispatch(ReflectionDispatch.java:28)
  at org.gradle.internal.dispatch.ReflectionDispatch.dispatch(ReflectionDispatch.java:19)
  at org.gradle.internal.dispatch.ContextClassLoaderDispatch.dispatch(ContextClassLoaderDispatch.java:33)
  at org.gradle.internal.dispatch.ProxyDispatchAdapter$DispatchingInvocationHandler.invoke(ProxyDispatchAdapter.java:88)
  at jdk.proxy1/jdk.proxy1.$Proxy4.processTestDefinition(Unknown Source)
  at org.gradle.api.internal.tasks.testing.worker.TestWorker$2.run(TestWorker.java:178)
  at org.gradle.api.internal.tasks.testing.worker.TestWorker.executeAndMaintainThreadName(TestWorker.java:126)
  at org.gradle.api.internal.tasks.testing.worker.TestWorker.execute(TestWorker.java:103)
  at org.gradle.api.internal.tasks.testing.worker.TestWorker.execute(TestWorker.java:63)
  at org.gradle.process.internal.worker.child.ActionExecutionWorker.execute(ActionExecutionWorker.java:56)
  at org.gradle.process.internal.worker.child.SystemApplicationClassLoaderWorker.call(SystemApplicationClassLoaderWorker.java:122)
  at org.gradle.process.internal.worker.child.SystemApplicationClassLoaderWorker.call(SystemApplicationClassLoaderWorker.java:72)
  at worker.org.gradle.process.internal.worker.GradleWorkerMain.run(GradleWorkerMain.java:69)
  at worker.org.gradle.process.internal.worker.GradleWorkerMain.main(GradleWorkerMain.java:74)
</stacktrace>
</test-failure>


TypeScriptCompilerTests_P[jvm] > privacyTopLevelAmbientExternalModuleImportWithoutExport_ts compiles to JavaScript matching privacyTopLevelAmbientExternalModuleImportWithoutExport_js[jvm] FAILED

<test-failure test="com.xemantic.typescript.compiler.TypeScriptCompilerTests_P.propertiesAndIndexersForNumericNames_ts has expected errors matching propertiesAndIndexersForNumericNames_errors_txt" platform="jvm">
<message>
Expected diagnostics from baseline typescript-repo/tests/baselines/reference/propertiesAndIndexersForNumericNames.errors.txt but none produced
</message>
<stacktrace>
  at com.xemantic.typescript.compiler.TypeScriptTestSupportKt.errorsMatchBaseline(TypeScriptTestSupport.kt:125)
  at com.xemantic.typescript.compiler.TypeScriptCompilerTests_P.propertiesAndIndexersForNumericNames_ts has expected errors matching propertiesAndIndexersForNumericNames_errors_txt(TypeScriptCompilerTests_P.kt:2590)
  at java.base/jdk.internal.reflect.DirectMethodHandleAccessor.invoke(DirectMethodHandleAccessor.java:104)
  at java.base/java.lang.reflect.Method.invoke(Method.java:565)
  at org.junit.runners.model.FrameworkMethod$1.runReflectiveCall(FrameworkMethod.java:59)
  at org.junit.internal.runners.model.ReflectiveCallable.run(ReflectiveCallable.java:12)
  at org.junit.runners.model.FrameworkMethod.invokeExplosively(FrameworkMethod.java:56)
  at org.junit.internal.runners.statements.InvokeMethod.evaluate(InvokeMethod.java:17)
  at org.junit.runners.ParentRunner$3.evaluate(ParentRunner.java:306)
  at org.junit.runners.BlockJUnit4ClassRunner$1.evaluate(BlockJUnit4ClassRunner.java:100)
  at org.junit.runners.ParentRunner.runLeaf(ParentRunner.java:366)
  at org.junit.runners.BlockJUnit4ClassRunner.runChild(BlockJUnit4ClassRunner.java:103)
  at org.junit.runners.BlockJUnit4ClassRunner.runChild(BlockJUnit4ClassRunner.java:63)
  at org.junit.runners.ParentRunner$4.run(ParentRunner.java:331)
  at org.junit.runners.ParentRunner$1.schedule(ParentRunner.java:79)
  at org.junit.runners.ParentRunner.runChildren(ParentRunner.java:329)
  at org.junit.runners.ParentRunner.access$100(ParentRunner.java:66)
  at org.junit.runners.ParentRunner$2.evaluate(ParentRunner.java:293)
  at org.junit.runners.ParentRunner$3.evaluate(ParentRunner.java:306)
  at org.junit.runners.ParentRunner.run(ParentRunner.java:413)
  at org.junit.runner.JUnitCore.run(JUnitCore.java:137)
  at org.junit.runner.JUnitCore.run(JUnitCore.java:115)
  at org.gradle.api.internal.tasks.testing.junit.JUnitTestExecutor.runRequest(JUnitTestExecutor.java:175)
  at org.gradle.api.internal.tasks.testing.junit.JUnitTestExecutor.accept(JUnitTestExecutor.java:84)
  at org.gradle.api.internal.tasks.testing.junit.JUnitTestExecutor.accept(JUnitTestExecutor.java:47)
  at org.gradle.api.internal.tasks.testing.junit.AbstractJUnitTestDefinitionProcessor.processTestDefinition(AbstractJUnitTestDefinitionProcessor.java:65)
  at org.gradle.api.internal.tasks.testing.SuiteTestDefinitionProcessor.processTestDefinition(SuiteTestDefinitionProcessor.java:54)
  at java.base/jdk.internal.reflect.DirectMethodHandleAccessor.invoke(DirectMethodHandleAccessor.java:104)
  at java.base/java.lang.reflect.Method.invoke(Method.java:565)
  at org.gradle.internal.dispatch.MethodInvocation.invokeOn(MethodInvocation.java:77)
  at org.gradle.internal.dispatch.ReflectionDispatch.dispatch(ReflectionDispatch.java:28)
  at org.gradle.internal.dispatch.ReflectionDispatch.dispatch(ReflectionDispatch.java:19)
  at org.gradle.internal.dispatch.ContextClassLoaderDispatch.dispatch(ContextClassLoaderDispatch.java:33)
  at org.gradle.internal.dispatch.ProxyDispatchAdapter$DispatchingInvocationHandler.invoke(ProxyDispatchAdapter.java:88)
  at jdk.proxy1/jdk.proxy1.$Proxy4.processTestDefinition(Unknown Source)
  at org.gradle.api.internal.tasks.testing.worker.TestWorker$2.run(TestWorker.java:178)
  at org.gradle.api.internal.tasks.testing.worker.TestWorker.executeAndMaintainThreadName(TestWorker.java:126)
  at org.gradle.api.internal.tasks.testing.worker.TestWorker.execute(TestWorker.java:103)
  at org.gradle.api.internal.tasks.testing.worker.TestWorker.execute(TestWorker.java:63)
  at org.gradle.process.internal.worker.child.ActionExecutionWorker.execute(ActionExecutionWorker.java:56)
  at org.gradle.process.internal.worker.child.SystemApplicationClassLoaderWorker.call(SystemApplicationClassLoaderWorker.java:122)
  at org.gradle.process.internal.worker.child.SystemApplicationClassLoaderWorker.call(SystemApplicationClassLoaderWorker.java:72)
  at worker.org.gradle.process.internal.worker.GradleWorkerMain.run(GradleWorkerMain.java:69)
  at worker.org.gradle.process.internal.worker.GradleWorkerMain.main(GradleWorkerMain.java:74)
</stacktrace>
</test-failure>


TypeScriptCompilerTests_P[jvm] > propertiesAndIndexersForNumericNames_ts has expected errors matching propertiesAndIndexersForNumericNames_errors_txt[jvm] FAILED

<test-failure test="com.xemantic.typescript.compiler.TypeScriptCompilerTests_P.partialDiscriminatedUnionMemberHasGoodError_ts has expected errors matching partialDiscriminatedUnionMemberHasGoodError_errors_txt" platform="jvm">
<message>
Expected diagnostics from baseline typescript-repo/tests/baselines/reference/partialDiscriminatedUnionMemberHasGoodError.errors.txt but none produced
</message>
<stacktrace>
  at com.xemantic.typescript.compiler.TypeScriptTestSupportKt.errorsMatchBaseline(TypeScriptTestSupport.kt:125)
  at com.xemantic.typescript.compiler.TypeScriptCompilerTests_P.partialDiscriminatedUnionMemberHasGoodError_ts has expected errors matching partialDiscriminatedUnionMemberHasGoodError_errors_txt(TypeScriptCompilerTests_P.kt:847)
  at java.base/jdk.internal.reflect.DirectMethodHandleAccessor.invoke(DirectMethodHandleAccessor.java:104)
  at java.base/java.lang.reflect.Method.invoke(Method.java:565)
  at org.junit.runners.model.FrameworkMethod$1.runReflectiveCall(FrameworkMethod.java:59)
  at org.junit.internal.runners.model.ReflectiveCallable.run(ReflectiveCallable.java:12)
  at org.junit.runners.model.FrameworkMethod.invokeExplosively(FrameworkMethod.java:56)
  at org.junit.internal.runners.statements.InvokeMethod.evaluate(InvokeMethod.java:17)
  at org.junit.runners.ParentRunner$3.evaluate(ParentRunner.java:306)
  at org.junit.runners.BlockJUnit4ClassRunner$1.evaluate(BlockJUnit4ClassRunner.java:100)
  at org.junit.runners.ParentRunner.runLeaf(ParentRunner.java:366)
  at org.junit.runners.BlockJUnit4ClassRunner.runChild(BlockJUnit4ClassRunner.java:103)
  at org.junit.runners.BlockJUnit4ClassRunner.runChild(BlockJUnit4ClassRunner.java:63)
  at org.junit.runners.ParentRunner$4.run(ParentRunner.java:331)
  at org.junit.runners.ParentRunner$1.schedule(ParentRunner.java:79)
  at org.junit.runners.ParentRunner.runChildren(ParentRunner.java:329)
  at org.junit.runners.ParentRunner.access$100(ParentRunner.java:66)
  at org.junit.runners.ParentRunner$2.evaluate(ParentRunner.java:293)
  at org.junit.runners.ParentRunner$3.evaluate(ParentRunner.java:306)
  at org.junit.runners.ParentRunner.run(ParentRunner.java:413)
  at org.junit.runner.JUnitCore.run(JUnitCore.java:137)
  at org.junit.runner.JUnitCore.run(JUnitCore.java:115)
  at org.gradle.api.internal.tasks.testing.junit.JUnitTestExecutor.runRequest(JUnitTestExecutor.java:175)
  at org.gradle.api.internal.tasks.testing.junit.JUnitTestExecutor.accept(JUnitTestExecutor.java:84)
  at org.gradle.api.internal.tasks.testing.junit.JUnitTestExecutor.accept(JUnitTestExecutor.java:47)
  at org.gradle.api.internal.tasks.testing.junit.AbstractJUnitTestDefinitionProcessor.processTestDefinition(AbstractJUnitTestDefinitionProcessor.java:65)
  at org.gradle.api.internal.tasks.testing.SuiteTestDefinitionProcessor.processTestDefinition(SuiteTestDefinitionProcessor.java:54)
  at java.base/jdk.internal.reflect.DirectMethodHandleAccessor.invoke(DirectMethodHandleAccessor.java:104)
  at java.base/java.lang.reflect.Method.invoke(Method.java:565)
  at org.gradle.internal.dispatch.MethodInvocation.invokeOn(MethodInvocation.java:77)
  at org.gradle.internal.dispatch.ReflectionDispatch.dispatch(ReflectionDispatch.java:28)
  at org.gradle.internal.dispatch.ReflectionDispatch.dispatch(ReflectionDispatch.java:19)
  at org.gradle.internal.dispatch.ContextClassLoaderDispatch.dispatch(ContextClassLoaderDispatch.java:33)
  at org.gradle.internal.dispatch.ProxyDispatchAdapter$DispatchingInvocationHandler.invoke(ProxyDispatchAdapter.java:88)
  at jdk.proxy1/jdk.proxy1.$Proxy4.processTestDefinition(Unknown Source)
  at org.gradle.api.internal.tasks.testing.worker.TestWorker$2.run(TestWorker.java:178)
  at org.gradle.api.internal.tasks.testing.worker.TestWorker.executeAndMaintainThreadName(TestWorker.java:126)
  at org.gradle.api.internal.tasks.testing.worker.TestWorker.execute(TestWorker.java:103)
  at org.gradle.api.internal.tasks.testing.worker.TestWorker.execute(TestWorker.java:63)
  at org.gradle.process.internal.worker.child.ActionExecutionWorker.execute(ActionExecutionWorker.java:56)
  at org.gradle.process.internal.worker.child.SystemApplicationClassLoaderWorker.call(SystemApplicationClassLoaderWorker.java:122)
  at org.gradle.process.internal.worker.child.SystemApplicationClassLoaderWorker.call(SystemApplicationClassLoaderWorker.java:72)
  at worker.org.gradle.process.internal.worker.GradleWorkerMain.run(GradleWorkerMain.java:69)
  at worker.org.gradle.process.internal.worker.GradleWorkerMain.main(GradleWorkerMain.java:74)
</stacktrace>
</test-failure>


TypeScriptCompilerTests_P[jvm] > partialDiscriminatedUnionMemberHasGoodError_ts has expected errors matching partialDiscriminatedUnionMemberHasGoodError_errors_txt[jvm] FAILED

<test-failure test="com.xemantic.typescript.compiler.TypeScriptCompilerTests_P.promisesWithConstraints_ts has expected errors matching promisesWithConstraints_errors_txt" platform="jvm">
<message>
Expected diagnostics from baseline typescript-repo/tests/baselines/reference/promisesWithConstraints.errors.txt but none produced
</message>
<stacktrace>
  at com.xemantic.typescript.compiler.TypeScriptTestSupportKt.errorsMatchBaseline(TypeScriptTestSupport.kt:125)
  at com.xemantic.typescript.compiler.TypeScriptCompilerTests_P.promisesWithConstraints_ts has expected errors matching promisesWithConstraints_errors_txt(TypeScriptCompilerTests_P.kt:2506)
  at java.base/jdk.internal.reflect.DirectMethodHandleAccessor.invoke(DirectMethodHandleAccessor.java:104)
  at java.base/java.lang.reflect.Method.invoke(Method.java:565)
  at org.junit.runners.model.FrameworkMethod$1.runReflectiveCall(FrameworkMethod.java:59)
  at org.junit.internal.runners.model.ReflectiveCallable.run(ReflectiveCallable.java:12)
  at org.junit.runners.model.FrameworkMethod.invokeExplosively(FrameworkMethod.java:56)
  at org.junit.internal.runners.statements.InvokeMethod.evaluate(InvokeMethod.java:17)
  at org.junit.runners.ParentRunner$3.evaluate(ParentRunner.java:306)
  at org.junit.runners.BlockJUnit4ClassRunner$1.evaluate(BlockJUnit4ClassRunner.java:100)
  at org.junit.runners.ParentRunner.runLeaf(ParentRunner.java:366)
  at org.junit.runners.BlockJUnit4ClassRunner.runChild(BlockJUnit4ClassRunner.java:103)
  at org.junit.runners.BlockJUnit4ClassRunner.runChild(BlockJUnit4ClassRunner.java:63)
  at org.junit.runners.ParentRunner$4.run(ParentRunner.java:331)
  at org.junit.runners.ParentRunner$1.schedule(ParentRunner.java:79)
  at org.junit.runners.ParentRunner.runChildren(ParentRunner.java:329)
  at org.junit.runners.ParentRunner.access$100(ParentRunner.java:66)
  at org.junit.runners.ParentRunner$2.evaluate(ParentRunner.java:293)
  at org.junit.runners.ParentRunner$3.evaluate(ParentRunner.java:306)
  at org.junit.runners.ParentRunner.run(ParentRunner.java:413)
  at org.junit.runner.JUnitCore.run(JUnitCore.java:137)
  at org.junit.runner.JUnitCore.run(JUnitCore.java:115)
  at org.gradle.api.internal.tasks.testing.junit.JUnitTestExecutor.runRequest(JUnitTestExecutor.java:175)
  at org.gradle.api.internal.tasks.testing.junit.JUnitTestExecutor.accept(JUnitTestExecutor.java:84)
  at org.gradle.api.internal.tasks.testing.junit.JUnitTestExecutor.accept(JUnitTestExecutor.java:47)
  at org.gradle.api.internal.tasks.testing.junit.AbstractJUnitTestDefinitionProcessor.processTestDefinition(AbstractJUnitTestDefinitionProcessor.java:65)
  at org.gradle.api.internal.tasks.testing.SuiteTestDefinitionProcessor.processTestDefinition(SuiteTestDefinitionProcessor.java:54)
  at java.base/jdk.internal.reflect.DirectMethodHandleAccessor.invoke(DirectMethodHandleAccessor.java:104)
  at java.base/java.lang.reflect.Method.invoke(Method.java:565)
  at org.gradle.internal.dispatch.MethodInvocation.invokeOn(MethodInvocation.java:77)
  at org.gradle.internal.dispatch.ReflectionDispatch.dispatch(ReflectionDispatch.java:28)
  at org.gradle.internal.dispatch.ReflectionDispatch.dispatch(ReflectionDispatch.java:19)
  at org.gradle.internal.dispatch.ContextClassLoaderDispatch.dispatch(ContextClassLoaderDispatch.java:33)
  at org.gradle.internal.dispatch.ProxyDispatchAdapter$DispatchingInvocationHandler.invoke(ProxyDispatchAdapter.java:88)
  at jdk.proxy1/jdk.proxy1.$Proxy4.processTestDefinition(Unknown Source)
  at org.gradle.api.internal.tasks.testing.worker.TestWorker$2.run(TestWorker.java:178)
  at org.gradle.api.internal.tasks.testing.worker.TestWorker.executeAndMaintainThreadName(TestWorker.java:126)
  at org.gradle.api.internal.tasks.testing.worker.TestWorker.execute(TestWorker.java:103)
  at org.gradle.api.internal.tasks.testing.worker.TestWorker.execute(TestWorker.java:63)
  at org.gradle.process.internal.worker.child.ActionExecutionWorker.execute(ActionExecutionWorker.java:56)
  at org.gradle.process.internal.worker.child.SystemApplicationClassLoaderWorker.call(SystemApplicationClassLoaderWorker.java:122)
  at org.gradle.process.internal.worker.child.SystemApplicationClassLoaderWorker.call(SystemApplicationClassLoaderWorker.java:72)
  at worker.org.gradle.process.internal.worker.GradleWorkerMain.run(GradleWorkerMain.java:69)
  at worker.org.gradle.process.internal.worker.GradleWorkerMain.main(GradleWorkerMain.java:74)
</stacktrace>
</test-failure>


TypeScriptCompilerTests_P[jvm] > promisesWithConstraints_ts has expected errors matching promisesWithConstraints_errors_txt[jvm] FAILED

<test-failure test="com.xemantic.typescript.compiler.TypeScriptCompilerTests_P.paramterDestrcuturingDeclaration_ts has expected errors matching paramterDestrcuturingDeclaration_errors_txt" platform="jvm">
<message>
Expected diagnostics from baseline typescript-repo/tests/baselines/reference/paramterDestrcuturingDeclaration.errors.txt but none produced
</message>
<stacktrace>
  at com.xemantic.typescript.compiler.TypeScriptTestSupportKt.errorsMatchBaseline(TypeScriptTestSupport.kt:125)
  at com.xemantic.typescript.compiler.TypeScriptCompilerTests_P.paramterDestrcuturingDeclaration_ts has expected errors matching paramterDestrcuturingDeclaration_errors_txt(TypeScriptCompilerTests_P.kt:343)
  at java.base/jdk.internal.reflect.DirectMethodHandleAccessor.invoke(DirectMethodHandleAccessor.java:104)
  at java.base/java.lang.reflect.Method.invoke(Method.java:565)
  at org.junit.runners.model.FrameworkMethod$1.runReflectiveCall(FrameworkMethod.java:59)
  at org.junit.internal.runners.model.ReflectiveCallable.run(ReflectiveCallable.java:12)
  at org.junit.runners.model.FrameworkMethod.invokeExplosively(FrameworkMethod.java:56)
  at org.junit.internal.runners.statements.InvokeMethod.evaluate(InvokeMethod.java:17)
  at org.junit.runners.ParentRunner$3.evaluate(ParentRunner.java:306)
  at org.junit.runners.BlockJUnit4ClassRunner$1.evaluate(BlockJUnit4ClassRunner.java:100)
  at org.junit.runners.ParentRunner.runLeaf(ParentRunner.java:366)
  at org.junit.runners.BlockJUnit4ClassRunner.runChild(BlockJUnit4ClassRunner.java:103)
  at org.junit.runners.BlockJUnit4ClassRunner.runChild(BlockJUnit4ClassRunner.java:63)
  at org.junit.runners.ParentRunner$4.run(ParentRunner.java:331)
  at org.junit.runners.ParentRunner$1.schedule(ParentRunner.java:79)
  at org.junit.runners.ParentRunner.runChildren(ParentRunner.java:329)
  at org.junit.runners.ParentRunner.access$100(ParentRunner.java:66)
  at org.junit.runners.ParentRunner$2.evaluate(ParentRunner.java:293)
  at org.junit.runners.ParentRunner$3.evaluate(ParentRunner.java:306)
  at org.junit.runners.ParentRunner.run(ParentRunner.java:413)
  at org.junit.runner.JUnitCore.run(JUnitCore.java:137)
  at org.junit.runner.JUnitCore.run(JUnitCore.java:115)
  at org.gradle.api.internal.tasks.testing.junit.JUnitTestExecutor.runRequest(JUnitTestExecutor.java:175)
  at org.gradle.api.internal.tasks.testing.junit.JUnitTestExecutor.accept(JUnitTestExecutor.java:84)
  at org.gradle.api.internal.tasks.testing.junit.JUnitTestExecutor.accept(JUnitTestExecutor.java:47)
  at org.gradle.api.internal.tasks.testing.junit.AbstractJUnitTestDefinitionProcessor.processTestDefinition(AbstractJUnitTestDefinitionProcessor.java:65)
  at org.gradle.api.internal.tasks.testing.SuiteTestDefinitionProcessor.processTestDefinition(SuiteTestDefinitionProcessor.java:54)
  at java.base/jdk.internal.reflect.DirectMethodHandleAccessor.invoke(DirectMethodHandleAccessor.java:104)
  at java.base/java.lang.reflect.Method.invoke(Method.java:565)
  at org.gradle.internal.dispatch.MethodInvocation.invokeOn(MethodInvocation.java:77)
  at org.gradle.internal.dispatch.ReflectionDispatch.dispatch(ReflectionDispatch.java:28)
  at org.gradle.internal.dispatch.ReflectionDispatch.dispatch(ReflectionDispatch.java:19)
  at org.gradle.internal.dispatch.ContextClassLoaderDispatch.dispatch(ContextClassLoaderDispatch.java:33)
  at org.gradle.internal.dispatch.ProxyDispatchAdapter$DispatchingInvocationHandler.invoke(ProxyDispatchAdapter.java:88)
  at jdk.proxy1/jdk.proxy1.$Proxy4.processTestDefinition(Unknown Source)
  at org.gradle.api.internal.tasks.testing.worker.TestWorker$2.run(TestWorker.java:178)
  at org.gradle.api.internal.tasks.testing.worker.TestWorker.executeAndMaintainThreadName(TestWorker.java:126)
  at org.gradle.api.internal.tasks.testing.worker.TestWorker.execute(TestWorker.java:103)
  at org.gradle.api.internal.tasks.testing.worker.TestWorker.execute(TestWorker.java:63)
  at org.gradle.process.internal.worker.child.ActionExecutionWorker.execute(ActionExecutionWorker.java:56)
  at org.gradle.process.internal.worker.child.SystemApplicationClassLoaderWorker.call(SystemApplicationClassLoaderWorker.java:122)
  at org.gradle.process.internal.worker.child.SystemApplicationClassLoaderWorker.call(SystemApplicationClassLoaderWorker.java:72)
  at worker.org.gradle.process.internal.worker.GradleWorkerMain.run(GradleWorkerMain.java:69)
  at worker.org.gradle.process.internal.worker.GradleWorkerMain.main(GradleWorkerMain.java:74)
</stacktrace>
</test-failure>


TypeScriptCompilerTests_P[jvm] > paramterDestrcuturingDeclaration_ts has expected errors matching paramterDestrcuturingDeclaration_errors_txt[jvm] FAILED

<test-failure test="com.xemantic.typescript.compiler.TypeScriptCompilerTests_P.parametersSyntaxErrorNoCrash2_ts has expected errors matching parametersSyntaxErrorNoCrash2_errors_txt" platform="jvm">
<message>
--- expected
+++ actual
@@ -1,15 +1,10 @@
 parametersSyntaxErrorNoCrash2.ts(3,25): error TS2391: Function implementation is missing or not immediately following the declaration.
 parametersSyntaxErrorNoCrash2.ts(3,25): error TS7010: 'getThing', which lacks return-type annotation, implicitly has an 'any' return type.
-parametersSyntaxErrorNoCrash2.ts(3,43): error TS2300: Duplicate identifier '(Missing)'.
-parametersSyntaxErrorNoCrash2.ts(3,43): error TS2842: '(Missing)' is an unused renaming of 'return'. Did you intend to use it as a type annotation?
-parametersSyntaxErrorNoCrash2.ts(3,44): error TS1005: ':' expected.
-parametersSyntaxErrorNoCrash2.ts(3,51): error TS2300: Duplicate identifier '(Missing)'.
-parametersSyntaxErrorNoCrash2.ts(3,51): error TS2842: '(Missing)' is an unused renaming of ''thing''. Did you intend to use it as a type annotation?
-parametersSyntaxErrorNoCrash2.ts(3,51): error TS1005: ':' expected.
-parametersSyntaxErrorNoCrash2.ts(3,54): error TS1005: ')' expected.
+parametersSyntaxErrorNoCrash2.ts(3,44): error TS1005: '}' expected.
+parametersSyntaxErrorNoCrash2.ts(3,53): error TS1128: Declaration or statement expected.
 
 
-==== parametersSyntaxErrorNoCrash2.ts (9 errors) ====
+==== parametersSyntaxErrorNoCrash2.ts (4 errors) ====
     // https://github.com/microsoft/TypeScript/issues/59353
     
     export default function getThing( { return 'thing'; }
@@ -17,19 +12,7 @@
 !!! error TS2391: Function implementation is missing or not immediately following the declaration.
                             ~~~~~~~~
 !!! error TS7010: 'getThing', which lacks return-type annotation, implicitly has an 'any' return type.
-                                              
-!!! error TS2300: Duplicate identifier '(Missing)'.
-                                              
-!!! error TS2842: '(Missing)' is an unused renaming of 'return'. Did you intend to use it as a type annotation?
-!!! related TS2843 parametersSyntaxErrorNoCrash2.ts:3:54: We can only write a type for 'return' by adding a type for the entire parameter here.
                                                ~~~~~~~
-!!! error TS1005: ':' expected.
-                                                      
-!!! error TS2300: Duplicate identifier '(Missing)'.
-                                                      
-!!! error TS2842: '(Missing)' is an unused renaming of ''thing''. Did you intend to use it as a type annotation?
-!!! related TS2843 parametersSyntaxErrorNoCrash2.ts:3:54: We can only write a type for ''thing'' by adding a type for the entire parameter here.
-                                                      ~
-!!! error TS1005: ':' expected.
-                                                         
-!!! error TS1005: ')' expected.
+!!! error TS1005: '}' expected.
+                                                        ~
+!!! error TS1128: Declaration or statement expected.

</message>
<stacktrace>
  at org.junit.Assert.fail(Assert.java:89)
  at kotlin.test.junit.JUnitAsserter.fail(JUnitSupport.kt:56)
  at kotlin.test.AssertionsKt__AssertionsKt.fail(Assertions.kt:563)
  at kotlin.test.AssertionsKt.fail(Unknown Source)
  at com.xemantic.kotlin.test.SameAsKt.sameAs(SameAs.kt:52)
  at com.xemantic.typescript.compiler.TypeScriptTestSupportKt.errorsMatchBaseline(TypeScriptTestSupport.kt:135)
  at com.xemantic.typescript.compiler.TypeScriptCompilerTests_P.parametersSyntaxErrorNoCrash2_ts has expected errors matching parametersSyntaxErrorNoCrash2_errors_txt(TypeScriptCompilerTests_P.kt:308)
  at java.base/jdk.internal.reflect.DirectMethodHandleAccessor.invoke(DirectMethodHandleAccessor.java:104)
  at java.base/java.lang.reflect.Method.invoke(Method.java:565)
  at org.junit.runners.model.FrameworkMethod$1.runReflectiveCall(FrameworkMethod.java:59)
  at org.junit.internal.runners.model.ReflectiveCallable.run(ReflectiveCallable.java:12)
  at org.junit.runners.model.FrameworkMethod.invokeExplosively(FrameworkMethod.java:56)
  at org.junit.internal.runners.statements.InvokeMethod.evaluate(InvokeMethod.java:17)
  at org.junit.runners.ParentRunner$3.evaluate(ParentRunner.java:306)
  at org.junit.runners.BlockJUnit4ClassRunner$1.evaluate(BlockJUnit4ClassRunner.java:100)
  at org.junit.runners.ParentRunner.runLeaf(ParentRunner.java:366)
  at org.junit.runners.BlockJUnit4ClassRunner.runChild(BlockJUnit4ClassRunner.java:103)
  at org.junit.runners.BlockJUnit4ClassRunner.runChild(BlockJUnit4ClassRunner.java:63)
  at org.junit.runners.ParentRunner$4.run(ParentRunner.java:331)
  at org.junit.runners.ParentRunner$1.schedule(ParentRunner.java:79)
  at org.junit.runners.ParentRunner.runChildren(ParentRunner.java:329)
  at org.junit.runners.ParentRunner.access$100(ParentRunner.java:66)
  at org.junit.runners.ParentRunner$2.evaluate(ParentRunner.java:293)
  at org.junit.runners.ParentRunner$3.evaluate(ParentRunner.java:306)
  at org.junit.runners.ParentRunner.run(ParentRunner.java:413)
  at org.junit.runner.JUnitCore.run(JUnitCore.java:137)
  at org.junit.runner.JUnitCore.run(JUnitCore.java:115)
  at org.gradle.api.internal.tasks.testing.junit.JUnitTestExecutor.runRequest(JUnitTestExecutor.java:175)
  at org.gradle.api.internal.tasks.testing.junit.JUnitTestExecutor.accept(JUnitTestExecutor.java:84)
  at org.gradle.api.internal.tasks.testing.junit.JUnitTestExecutor.accept(JUnitTestExecutor.java:47)
  at org.gradle.api.internal.tasks.testing.junit.AbstractJUnitTestDefinitionProcessor.processTestDefinition(AbstractJUnitTestDefinitionProcessor.java:65)
  at org.gradle.api.internal.tasks.testing.SuiteTestDefinitionProcessor.processTestDefinition(SuiteTestDefinitionProcessor.java:54)
  at java.base/jdk.internal.reflect.DirectMethodHandleAccessor.invoke(DirectMethodHandleAccessor.java:104)
  at java.base/java.lang.reflect.Method.invoke(Method.java:565)
  at org.gradle.internal.dispatch.MethodInvocation.invokeOn(MethodInvocation.java:77)
  at org.gradle.internal.dispatch.ReflectionDispatch.dispatch(ReflectionDispatch.java:28)
  at org.gradle.internal.dispatch.ReflectionDispatch.dispatch(ReflectionDispatch.java:19)
  at org.gradle.internal.dispatch.ContextClassLoaderDispatch.dispatch(ContextClassLoaderDispatch.java:33)
  at org.gradle.internal.dispatch.ProxyDispatchAdapter$DispatchingInvocationHandler.invoke(ProxyDispatchAdapter.java:88)
  at jdk.proxy1/jdk.proxy1.$Proxy4.processTestDefinition(Unknown Source)
  at org.gradle.api.internal.tasks.testing.worker.TestWorker$2.run(TestWorker.java:178)
  at org.gradle.api.internal.tasks.testing.worker.TestWorker.executeAndMaintainThreadName(TestWorker.java:126)
  at org.gradle.api.internal.tasks.testing.worker.TestWorker.execute(TestWorker.java:103)
  at org.gradle.api.internal.tasks.testing.worker.TestWorker.execute(TestWorker.java:63)
  at org.gradle.process.internal.worker.child.ActionExecutionWorker.execute(ActionExecutionWorker.java:56)
  at org.gradle.process.internal.worker.child.SystemApplicationClassLoaderWorker.call(SystemApplicationClassLoaderWorker.java:122)
  at org.gradle.process.internal.worker.child.SystemApplicationClassLoaderWorker.call(SystemApplicationClassLoaderWorker.java:72)
  at worker.org.gradle.process.internal.worker.GradleWorkerMain.run(GradleWorkerMain.java:69)
  at worker.org.gradle.process.internal.worker.GradleWorkerMain.main(GradleWorkerMain.java:74)
</stacktrace>
</test-failure>


TypeScriptCompilerTests_P[jvm] > parametersSyntaxErrorNoCrash2_ts has expected errors matching parametersSyntaxErrorNoCrash2_errors_txt[jvm] FAILED

<test-failure test="com.xemantic.typescript.compiler.TypeScriptCompilerTests_P.promisePermutations3_ts has expected errors matching promisePermutations3_errors_txt" platform="jvm">
<message>
Expected diagnostics from baseline typescript-repo/tests/baselines/reference/promisePermutations3.errors.txt but none produced
</message>
<stacktrace>
  at com.xemantic.typescript.compiler.TypeScriptTestSupportKt.errorsMatchBaseline(TypeScriptTestSupport.kt:125)
  at com.xemantic.typescript.compiler.TypeScriptCompilerTests_P.promisePermutations3_ts has expected errors matching promisePermutations3_errors_txt(TypeScriptCompilerTests_P.kt:2422)
  at java.base/jdk.internal.reflect.DirectMethodHandleAccessor.invoke(DirectMethodHandleAccessor.java:104)
  at java.base/java.lang.reflect.Method.invoke(Method.java:565)
  at org.junit.runners.model.FrameworkMethod$1.runReflectiveCall(FrameworkMethod.java:59)
  at org.junit.internal.runners.model.ReflectiveCallable.run(ReflectiveCallable.java:12)
  at org.junit.runners.model.FrameworkMethod.invokeExplosively(FrameworkMethod.java:56)
  at org.junit.internal.runners.statements.InvokeMethod.evaluate(InvokeMethod.java:17)
  at org.junit.runners.ParentRunner$3.evaluate(ParentRunner.java:306)
  at org.junit.runners.BlockJUnit4ClassRunner$1.evaluate(BlockJUnit4ClassRunner.java:100)
  at org.junit.runners.ParentRunner.runLeaf(ParentRunner.java:366)
  at org.junit.runners.BlockJUnit4ClassRunner.runChild(BlockJUnit4ClassRunner.java:103)
  at org.junit.runners.BlockJUnit4ClassRunner.runChild(BlockJUnit4ClassRunner.java:63)
  at org.junit.runners.ParentRunner$4.run(ParentRunner.java:331)
  at org.junit.runners.ParentRunner$1.schedule(ParentRunner.java:79)
  at org.junit.runners.ParentRunner.runChildren(ParentRunner.java:329)
  at org.junit.runners.ParentRunner.access$100(ParentRunner.java:66)
  at org.junit.runners.ParentRunner$2.evaluate(ParentRunner.java:293)
  at org.junit.runners.ParentRunner$3.evaluate(ParentRunner.java:306)
  at org.junit.runners.ParentRunner.run(ParentRunner.java:413)
  at org.junit.runner.JUnitCore.run(JUnitCore.java:137)
  at org.junit.runner.JUnitCore.run(JUnitCore.java:115)
  at org.gradle.api.internal.tasks.testing.junit.JUnitTestExecutor.runRequest(JUnitTestExecutor.java:175)
  at org.gradle.api.internal.tasks.testing.junit.JUnitTestExecutor.accept(JUnitTestExecutor.java:84)
  at org.gradle.api.internal.tasks.testing.junit.JUnitTestExecutor.accept(JUnitTestExecutor.java:47)
  at org.gradle.api.internal.tasks.testing.junit.AbstractJUnitTestDefinitionProcessor.processTestDefinition(AbstractJUnitTestDefinitionProcessor.java:65)
  at org.gradle.api.internal.tasks.testing.SuiteTestDefinitionProcessor.processTestDefinition(SuiteTestDefinitionProcessor.java:54)
  at java.base/jdk.internal.reflect.DirectMethodHandleAccessor.invoke(DirectMethodHandleAccessor.java:104)
  at java.base/java.lang.reflect.Method.invoke(Method.java:565)
  at org.gradle.internal.dispatch.MethodInvocation.invokeOn(MethodInvocation.java:77)
  at org.gradle.internal.dispatch.ReflectionDispatch.dispatch(ReflectionDispatch.java:28)
  at org.gradle.internal.dispatch.ReflectionDispatch.dispatch(ReflectionDispatch.java:19)
  at org.gradle.internal.dispatch.ContextClassLoaderDispatch.dispatch(ContextClassLoaderDispatch.java:33)
  at org.gradle.internal.dispatch.ProxyDispatchAdapter$DispatchingInvocationHandler.invoke(ProxyDispatchAdapter.java:88)
  at jdk.proxy1/jdk.proxy1.$Proxy4.processTestDefinition(Unknown Source)
  at org.gradle.api.internal.tasks.testing.worker.TestWorker$2.run(TestWorker.java:178)
  at org.gradle.api.internal.tasks.testing.worker.TestWorker.executeAndMaintainThreadName(TestWorker.java:126)
  at org.gradle.api.internal.tasks.testing.worker.TestWorker.execute(TestWorker.java:103)
  at org.gradle.api.internal.tasks.testing.worker.TestWorker.execute(TestWorker.java:63)
  at org.gradle.process.internal.worker.child.ActionExecutionWorker.execute(ActionExecutionWorker.java:56)
  at org.gradle.process.internal.worker.child.SystemApplicationClassLoaderWorker.call(SystemApplicationClassLoaderWorker.java:122)
  at org.gradle.process.internal.worker.child.SystemApplicationClassLoaderWorker.call(SystemApplicationClassLoaderWorker.java:72)
  at worker.org.gradle.process.internal.worker.GradleWorkerMain.run(GradleWorkerMain.java:69)
  at worker.org.gradle.process.internal.worker.GradleWorkerMain.main(GradleWorkerMain.java:74)
</stacktrace>
</test-failure>


TypeScriptCompilerTests_P[jvm] > promisePermutations3_ts has expected errors matching promisePermutations3_errors_txt[jvm] FAILED

<test-failure test="com.xemantic.typescript.compiler.TypeScriptCompilerTests_P.promisePermutations_ts has expected errors matching promisePermutations_errors_txt" platform="jvm">
<message>
Expected diagnostics from baseline typescript-repo/tests/baselines/reference/promisePermutations.errors.txt but none produced
</message>
<stacktrace>
  at com.xemantic.typescript.compiler.TypeScriptTestSupportKt.errorsMatchBaseline(TypeScriptTestSupport.kt:125)
  at com.xemantic.typescript.compiler.TypeScriptCompilerTests_P.promisePermutations_ts has expected errors matching promisePermutations_errors_txt(TypeScriptCompilerTests_P.kt:2394)
  at java.base/jdk.internal.reflect.DirectMethodHandleAccessor.invoke(DirectMethodHandleAccessor.java:104)
  at java.base/java.lang.reflect.Method.invoke(Method.java:565)
  at org.junit.runners.model.FrameworkMethod$1.runReflectiveCall(FrameworkMethod.java:59)
  at org.junit.internal.runners.model.ReflectiveCallable.run(ReflectiveCallable.java:12)
  at org.junit.runners.model.FrameworkMethod.invokeExplosively(FrameworkMethod.java:56)
  at org.junit.internal.runners.statements.InvokeMethod.evaluate(InvokeMethod.java:17)
  at org.junit.runners.ParentRunner$3.evaluate(ParentRunner.java:306)
  at org.junit.runners.BlockJUnit4ClassRunner$1.evaluate(BlockJUnit4ClassRunner.java:100)
  at org.junit.runners.ParentRunner.runLeaf(ParentRunner.java:366)
  at org.junit.runners.BlockJUnit4ClassRunner.runChild(BlockJUnit4ClassRunner.java:103)
  at org.junit.runners.BlockJUnit4ClassRunner.runChild(BlockJUnit4ClassRunner.java:63)
  at org.junit.runners.ParentRunner$4.run(ParentRunner.java:331)
  at org.junit.runners.ParentRunner$1.schedule(ParentRunner.java:79)
  at org.junit.runners.ParentRunner.runChildren(ParentRunner.java:329)
  at org.junit.runners.ParentRunner.access$100(ParentRunner.java:66)
  at org.junit.runners.ParentRunner$2.evaluate(ParentRunner.java:293)
  at org.junit.runners.ParentRunner$3.evaluate(ParentRunner.java:306)
  at org.junit.runners.ParentRunner.run(ParentRunner.java:413)
  at org.junit.runner.JUnitCore.run(JUnitCore.java:137)
  at org.junit.runner.JUnitCore.run(JUnitCore.java:115)
  at org.gradle.api.internal.tasks.testing.junit.JUnitTestExecutor.runRequest(JUnitTestExecutor.java:175)
  at org.gradle.api.internal.tasks.testing.junit.JUnitTestExecutor.accept(JUnitTestExecutor.java:84)
  at org.gradle.api.internal.tasks.testing.junit.JUnitTestExecutor.accept(JUnitTestExecutor.java:47)
  at org.gradle.api.internal.tasks.testing.junit.AbstractJUnitTestDefinitionProcessor.processTestDefinition(AbstractJUnitTestDefinitionProcessor.java:65)
  at org.gradle.api.internal.tasks.testing.SuiteTestDefinitionProcessor.processTestDefinition(SuiteTestDefinitionProcessor.java:54)
  at java.base/jdk.internal.reflect.DirectMethodHandleAccessor.invoke(DirectMethodHandleAccessor.java:104)
  at java.base/java.lang.reflect.Method.invoke(Method.java:565)
  at org.gradle.internal.dispatch.MethodInvocation.invokeOn(MethodInvocation.java:77)
  at org.gradle.internal.dispatch.ReflectionDispatch.dispatch(ReflectionDispatch.java:28)
  at org.gradle.internal.dispatch.ReflectionDispatch.dispatch(ReflectionDispatch.java:19)
  at org.gradle.internal.dispatch.ContextClassLoaderDispatch.dispatch(ContextClassLoaderDispatch.java:33)
  at org.gradle.internal.dispatch.ProxyDispatchAdapter$DispatchingInvocationHandler.invoke(ProxyDispatchAdapter.java:88)
  at jdk.proxy1/jdk.proxy1.$Proxy4.processTestDefinition(Unknown Source)
  at org.gradle.api.internal.tasks.testing.worker.TestWorker$2.run(TestWorker.java:178)
  at org.gradle.api.internal.tasks.testing.worker.TestWorker.executeAndMaintainThreadName(TestWorker.java:126)
  at org.gradle.api.internal.tasks.testing.worker.TestWorker.execute(TestWorker.java:103)
  at org.gradle.api.internal.tasks.testing.worker.TestWorker.execute(TestWorker.java:63)
  at org.gradle.process.internal.worker.child.ActionExecutionWorker.execute(ActionExecutionWorker.java:56)
  at org.gradle.process.internal.worker.child.SystemApplicationClassLoaderWorker.call(SystemApplicationClassLoaderWorker.java:122)
  at org.gradle.process.internal.worker.child.SystemApplicationClassLoaderWorker.call(SystemApplicationClassLoaderWorker.java:72)
  at worker.org.gradle.process.internal.worker.GradleWorkerMain.run(GradleWorkerMain.java:69)
  at worker.org.gradle.process.internal.worker.GradleWorkerMain.main(GradleWorkerMain.java:74)
</stacktrace>
</test-failure>


TypeScriptCompilerTests_P[jvm] > promisePermutations_ts has expected errors matching promisePermutations_errors_txt[jvm] FAILED

<test-failure test="com.xemantic.typescript.compiler.TypeScriptCompilerTests_P.pathMappingBasedModuleResolution2_classic_ts has expected errors matching pathMappingBasedModuleResolution2_classic_errors_txt" platform="jvm">
<message>
--- expected
+++ actual
@@ -1,11 +1,9 @@
 root/tsconfig.json(2,5): error TS5107: Option 'module=AMD' is deprecated and will stop functioning in TypeScript 7.0. Specify compilerOption '"ignoreDeprecations": "6.0"' to silence this error.
 root/tsconfig.json(3,9): error TS5101: Option 'baseUrl' is deprecated and will stop functioning in TypeScript 7.0. Specify compilerOption '"ignoreDeprecations": "6.0"' to silence this error.
   Visit https://aka.ms/ts6 for migration information.
-root/tsconfig.json(5,13): error TS5061: Pattern '*1*' can have at most one '*' character.
-root/tsconfig.json(5,22): error TS5062: Substitution '*2*' in pattern '*1*' can have at most one '*' character.
 
 
-==== root/tsconfig.json (4 errors) ====
+==== root/tsconfig.json (2 errors) ====
     {
         "compilerOptions": {
         ~~~~~~~~~~~~~~~~~
@@ -16,10 +14,6 @@
 !!! error TS5101:   Visit https://aka.ms/ts6 for migration information.
             "paths": {
                 "*1*": [ "*2*" ]
-                ~~~~~
-!!! error TS5061: Pattern '*1*' can have at most one '*' character.
-                         ~~~~~
-!!! error TS5062: Substitution '*2*' in pattern '*1*' can have at most one '*' character.
             }
         }
     }

</message>
<stacktrace>
  at org.junit.Assert.fail(Assert.java:89)
  at kotlin.test.junit.JUnitAsserter.fail(JUnitSupport.kt:56)
  at kotlin.test.AssertionsKt__AssertionsKt.fail(Assertions.kt:563)
  at kotlin.test.AssertionsKt.fail(Unknown Source)
  at com.xemantic.kotlin.test.SameAsKt.sameAs(SameAs.kt:52)
  at com.xemantic.typescript.compiler.TypeScriptTestSupportKt.errorsMatchBaseline(TypeScriptTestSupport.kt:135)
  at com.xemantic.typescript.compiler.TypeScriptCompilerTests_P.pathMappingBasedModuleResolution2_classic_ts has expected errors matching pathMappingBasedModuleResolution2_classic_errors_txt(TypeScriptCompilerTests_P.kt:931)
  at java.base/jdk.internal.reflect.DirectMethodHandleAccessor.invoke(DirectMethodHandleAccessor.java:104)
  at java.base/java.lang.reflect.Method.invoke(Method.java:565)
  at org.junit.runners.model.FrameworkMethod$1.runReflectiveCall(FrameworkMethod.java:59)
  at org.junit.internal.runners.model.ReflectiveCallable.run(ReflectiveCallable.java:12)
  at org.junit.runners.model.FrameworkMethod.invokeExplosively(FrameworkMethod.java:56)
  at org.junit.internal.runners.statements.InvokeMethod.evaluate(InvokeMethod.java:17)
  at org.junit.runners.ParentRunner$3.evaluate(ParentRunner.java:306)
  at org.junit.runners.BlockJUnit4ClassRunner$1.evaluate(BlockJUnit4ClassRunner.java:100)
  at org.junit.runners.ParentRunner.runLeaf(ParentRunner.java:366)
  at org.junit.runners.BlockJUnit4ClassRunner.runChild(BlockJUnit4ClassRunner.java:103)
  at org.junit.runners.BlockJUnit4ClassRunner.runChild(BlockJUnit4ClassRunner.java:63)
  at org.junit.runners.ParentRunner$4.run(ParentRunner.java:331)
  at org.junit.runners.ParentRunner$1.schedule(ParentRunner.java:79)
  at org.junit.runners.ParentRunner.runChildren(ParentRunner.java:329)
  at org.junit.runners.ParentRunner.access$100(ParentRunner.java:66)
  at org.junit.runners.ParentRunner$2.evaluate(ParentRunner.java:293)
  at org.junit.runners.ParentRunner$3.evaluate(ParentRunner.java:306)
  at org.junit.runners.ParentRunner.run(ParentRunner.java:413)
  at org.junit.runner.JUnitCore.run(JUnitCore.java:137)
  at org.junit.runner.JUnitCore.run(JUnitCore.java:115)
  at org.gradle.api.internal.tasks.testing.junit.JUnitTestExecutor.runRequest(JUnitTestExecutor.java:175)
  at org.gradle.api.internal.tasks.testing.junit.JUnitTestExecutor.accept(JUnitTestExecutor.java:84)
  at org.gradle.api.internal.tasks.testing.junit.JUnitTestExecutor.accept(JUnitTestExecutor.java:47)
  at org.gradle.api.internal.tasks.testing.junit.AbstractJUnitTestDefinitionProcessor.processTestDefinition(AbstractJUnitTestDefinitionProcessor.java:65)
  at org.gradle.api.internal.tasks.testing.SuiteTestDefinitionProcessor.processTestDefinition(SuiteTestDefinitionProcessor.java:54)
  at java.base/jdk.internal.reflect.DirectMethodHandleAccessor.invoke(DirectMethodHandleAccessor.java:104)
  at java.base/java.lang.reflect.Method.invoke(Method.java:565)
  at org.gradle.internal.dispatch.MethodInvocation.invokeOn(MethodInvocation.java:77)
  at org.gradle.internal.dispatch.ReflectionDispatch.dispatch(ReflectionDispatch.java:28)
  at org.gradle.internal.dispatch.ReflectionDispatch.dispatch(ReflectionDispatch.java:19)
  at org.gradle.internal.dispatch.ContextClassLoaderDispatch.dispatch(ContextClassLoaderDispatch.java:33)
  at org.gradle.internal.dispatch.ProxyDispatchAdapter$DispatchingInvocationHandler.invoke(ProxyDispatchAdapter.java:88)
  at jdk.proxy1/jdk.proxy1.$Proxy4.processTestDefinition(Unknown Source)
  at org.gradle.api.internal.tasks.testing.worker.TestWorker$2.run(TestWorker.java:178)
  at org.gradle.api.internal.tasks.testing.worker.TestWorker.executeAndMaintainThreadName(TestWorker.java:126)
  at org.gradle.api.internal.tasks.testing.worker.TestWorker.execute(TestWorker.java:103)
  at org.gradle.api.internal.tasks.testing.worker.TestWorker.execute(TestWorker.java:63)
  at org.gradle.process.internal.worker.child.ActionExecutionWorker.execute(ActionExecutionWorker.java:56)
  at org.gradle.process.internal.worker.child.SystemApplicationClassLoaderWorker.call(SystemApplicationClassLoaderWorker.java:122)
  at org.gradle.process.internal.worker.child.SystemApplicationClassLoaderWorker.call(SystemApplicationClassLoaderWorker.java:72)
  at worker.org.gradle.process.internal.worker.GradleWorkerMain.run(GradleWorkerMain.java:69)
  at worker.org.gradle.process.internal.worker.GradleWorkerMain.main(GradleWorkerMain.java:74)
</stacktrace>
</test-failure>


TypeScriptCompilerTests_P[jvm] > pathMappingBasedModuleResolution2_classic_ts has expected errors matching pathMappingBasedModuleResolution2_classic_errors_txt[jvm] FAILED

<test-failure test="com.xemantic.typescript.compiler.TypeScriptCompilerTests_P.prettyFileWithErrorsAndTabs_ts has expected errors matching prettyFileWithErrorsAndTabs_errors_txt" platform="jvm">
<message>
--- expected
+++ actual
@@ -1,17 +1,8 @@
-[96mprettyFileWithErrorsAndTabs.ts[0m:[93m3[0m:[93m9[0m - [91merror[0m[90m TS2322: [0mType 'number' is not assignable to type 'string'.
+prettyFileWithErrorsAndTabs.ts(3,9): error TS2322: Type 'number' is not assignable to type 'string'.
+prettyFileWithErrorsAndTabs.ts(4,9): error TS2322: Type 'number' is not assignable to type 'string'.
+prettyFileWithErrorsAndTabs.ts(5,9): error TS2322: Type 'number' is not assignable to type 'string'.
 
-[7m3[0m   const x: string = 12;
-[7m [0m [91m        ~[0m
-[96mprettyFileWithErrorsAndTabs.ts[0m:[93m4[0m:[93m9[0m - [91merror[0m[90m TS2322: [0mType 'number' is not assignable to type 'string'.
 
-[7m4[0m   const y: string = 12;
-[7m [0m [91m        ~[0m
-[96mprettyFileWithErrorsAndTabs.ts[0m:[93m5[0m:[93m9[0m - [91merror[0m[90m TS2322: [0mType 'number' is not assignable to type 'string'.
-
-[7m5[0m   const z: string = 12;
-[7m [0m [91m        ~[0m
-
-
 ==== prettyFileWithErrorsAndTabs.ts (3 errors) ====
     function f() {
     	{
@@ -26,4 +17,3 @@
 !!! error TS2322: Type 'number' is not assignable to type 'string'.
     	}
     }
-Found 3 errors in the same file, starting at: prettyFileWithErrorsAndTabs.ts[90m:3[0m

</message>
<stacktrace>
  at org.junit.Assert.fail(Assert.java:89)
  at kotlin.test.junit.JUnitAsserter.fail(JUnitSupport.kt:56)
  at kotlin.test.AssertionsKt__AssertionsKt.fail(Assertions.kt:563)
  at kotlin.test.AssertionsKt.fail(Unknown Source)
  at com.xemantic.kotlin.test.SameAsKt.sameAs(SameAs.kt:52)
  at com.xemantic.typescript.compiler.TypeScriptTestSupportKt.errorsMatchBaseline(TypeScriptTestSupport.kt:135)
  at com.xemantic.typescript.compiler.TypeScriptCompilerTests_P.prettyFileWithErrorsAndTabs_ts has expected errors matching prettyFileWithErrorsAndTabs_errors_txt(TypeScriptCompilerTests_P.kt:1484)
  at java.base/jdk.internal.reflect.DirectMethodHandleAccessor.invoke(DirectMethodHandleAccessor.java:104)
  at java.base/java.lang.reflect.Method.invoke(Method.java:565)
  at org.junit.runners.model.FrameworkMethod$1.runReflectiveCall(FrameworkMethod.java:59)
  at org.junit.internal.runners.model.ReflectiveCallable.run(ReflectiveCallable.java:12)
  at org.junit.runners.model.FrameworkMethod.invokeExplosively(FrameworkMethod.java:56)
  at org.junit.internal.runners.statements.InvokeMethod.evaluate(InvokeMethod.java:17)
  at org.junit.runners.ParentRunner$3.evaluate(ParentRunner.java:306)
  at org.junit.runners.BlockJUnit4ClassRunner$1.evaluate(BlockJUnit4ClassRunner.java:100)
  at org.junit.runners.ParentRunner.runLeaf(ParentRunner.java:366)
  at org.junit.runners.BlockJUnit4ClassRunner.runChild(BlockJUnit4ClassRunner.java:103)
  at org.junit.runners.BlockJUnit4ClassRunner.runChild(BlockJUnit4ClassRunner.java:63)
  at org.junit.runners.ParentRunner$4.run(ParentRunner.java:331)
  at org.junit.runners.ParentRunner$1.schedule(ParentRunner.java:79)
  at org.junit.runners.ParentRunner.runChildren(ParentRunner.java:329)
  at org.junit.runners.ParentRunner.access$100(ParentRunner.java:66)
  at org.junit.runners.ParentRunner$2.evaluate(ParentRunner.java:293)
  at org.junit.runners.ParentRunner$3.evaluate(ParentRunner.java:306)
  at org.junit.runners.ParentRunner.run(ParentRunner.java:413)
  at org.junit.runner.JUnitCore.run(JUnitCore.java:137)
  at org.junit.runner.JUnitCore.run(JUnitCore.java:115)
  at org.gradle.api.internal.tasks.testing.junit.JUnitTestExecutor.runRequest(JUnitTestExecutor.java:175)
  at org.gradle.api.internal.tasks.testing.junit.JUnitTestExecutor.accept(JUnitTestExecutor.java:84)
  at org.gradle.api.internal.tasks.testing.junit.JUnitTestExecutor.accept(JUnitTestExecutor.java:47)
  at org.gradle.api.internal.tasks.testing.junit.AbstractJUnitTestDefinitionProcessor.processTestDefinition(AbstractJUnitTestDefinitionProcessor.java:65)
  at org.gradle.api.internal.tasks.testing.SuiteTestDefinitionProcessor.processTestDefinition(SuiteTestDefinitionProcessor.java:54)
  at java.base/jdk.internal.reflect.DirectMethodHandleAccessor.invoke(DirectMethodHandleAccessor.java:104)
  at java.base/java.lang.reflect.Method.invoke(Method.java:565)
  at org.gradle.internal.dispatch.MethodInvocation.invokeOn(MethodInvocation.java:77)
  at org.gradle.internal.dispatch.ReflectionDispatch.dispatch(ReflectionDispatch.java:28)
  at org.gradle.internal.dispatch.ReflectionDispatch.dispatch(ReflectionDispatch.java:19)
  at org.gradle.internal.dispatch.ContextClassLoaderDispatch.dispatch(ContextClassLoaderDispatch.java:33)
  at org.gradle.internal.dispatch.ProxyDispatchAdapter$DispatchingInvocationHandler.invoke(ProxyDispatchAdapter.java:88)
  at jdk.proxy1/jdk.proxy1.$Proxy4.processTestDefinition(Unknown Source)
  at org.gradle.api.internal.tasks.testing.worker.TestWorker$2.run(TestWorker.java:178)
  at org.gradle.api.internal.tasks.testing.worker.TestWorker.executeAndMaintainThreadName(TestWorker.java:126)
  at org.gradle.api.internal.tasks.testing.worker.TestWorker.execute(TestWorker.java:103)
  at org.gradle.api.internal.tasks.testing.worker.TestWorker.execute(TestWorker.java:63)
  at org.gradle.process.internal.worker.child.ActionExecutionWorker.execute(ActionExecutionWorker.java:56)
  at org.gradle.process.internal.worker.child.SystemApplicationClassLoaderWorker.call(SystemApplicationClassLoaderWorker.java:122)
  at org.gradle.process.internal.worker.child.SystemApplicationClassLoaderWorker.call(SystemApplicationClassLoaderWorker.java:72)
  at worker.org.gradle.process.internal.worker.GradleWorkerMain.run(GradleWorkerMain.java:69)
  at worker.org.gradle.process.internal.worker.GradleWorkerMain.main(GradleWorkerMain.java:74)
</stacktrace>
</test-failure>


TypeScriptCompilerTests_P[jvm] > prettyFileWithErrorsAndTabs_ts has expected errors matching prettyFileWithErrorsAndTabs_errors_txt[jvm] FAILED

<test-failure test="com.xemantic.typescript.compiler.TypeScriptCompilerTests_P.publicMemberImplementedAsPrivateInDerivedClass_ts has expected errors matching publicMemberImplementedAsPrivateInDerivedClass_errors_txt" platform="jvm">
<message>
--- expected
+++ actual
@@ -1,16 +1,11 @@
-publicMemberImplementedAsPrivateInDerivedClass.ts(4,7): error TS2420: Class 'Foo' incorrectly implements interface 'Qux'.
-  Property 'Bar' is private in type 'Foo' but not in type 'Qux'.
 publicMemberImplementedAsPrivateInDerivedClass.ts(5,10): error TS2564: Property 'Bar' has no initializer and is not definitely assigned in the constructor.
 
 
-==== publicMemberImplementedAsPrivateInDerivedClass.ts (2 errors) ====
+==== publicMemberImplementedAsPrivateInDerivedClass.ts (1 errors) ====
     interface Qux {
      Bar: number;
     }
     class Foo implements Qux {
-          ~~~
-!!! error TS2420: Class 'Foo' incorrectly implements interface 'Qux'.
-!!! error TS2420:   Property 'Bar' is private in type 'Foo' but not in type 'Qux'.
      private Bar: number;
              ~~~
 !!! error TS2564: Property 'Bar' has no initializer and is not definitely assigned in the constructor.

</message>
<stacktrace>
  at org.junit.Assert.fail(Assert.java:89)
  at kotlin.test.junit.JUnitAsserter.fail(JUnitSupport.kt:56)
  at kotlin.test.AssertionsKt__AssertionsKt.fail(Assertions.kt:563)
  at kotlin.test.AssertionsKt.fail(Unknown Source)
  at com.xemantic.kotlin.test.SameAsKt.sameAs(SameAs.kt:52)
  at com.xemantic.typescript.compiler.TypeScriptTestSupportKt.errorsMatchBaseline(TypeScriptTestSupport.kt:135)
  at com.xemantic.typescript.compiler.TypeScriptCompilerTests_P.publicMemberImplementedAsPrivateInDerivedClass_ts has expected errors matching publicMemberImplementedAsPrivateInDerivedClass_errors_txt(TypeScriptCompilerTests_P.kt:2996)
  at java.base/jdk.internal.reflect.DirectMethodHandleAccessor.invoke(DirectMethodHandleAccessor.java:104)
  at java.base/java.lang.reflect.Method.invoke(Method.java:565)
  at org.junit.runners.model.FrameworkMethod$1.runReflectiveCall(FrameworkMethod.java:59)
  at org.junit.internal.runners.model.ReflectiveCallable.run(ReflectiveCallable.java:12)
  at org.junit.runners.model.FrameworkMethod.invokeExplosively(FrameworkMethod.java:56)
  at org.junit.internal.runners.statements.InvokeMethod.evaluate(InvokeMethod.java:17)
  at org.junit.runners.ParentRunner$3.evaluate(ParentRunner.java:306)
  at org.junit.runners.BlockJUnit4ClassRunner$1.evaluate(BlockJUnit4ClassRunner.java:100)
  at org.junit.runners.ParentRunner.runLeaf(ParentRunner.java:366)
  at org.junit.runners.BlockJUnit4ClassRunner.runChild(BlockJUnit4ClassRunner.java:103)
  at org.junit.runners.BlockJUnit4ClassRunner.runChild(BlockJUnit4ClassRunner.java:63)
  at org.junit.runners.ParentRunner$4.run(ParentRunner.java:331)
  at org.junit.runners.ParentRunner$1.schedule(ParentRunner.java:79)
  at org.junit.runners.ParentRunner.runChildren(ParentRunner.java:329)
  at org.junit.runners.ParentRunner.access$100(ParentRunner.java:66)
  at org.junit.runners.ParentRunner$2.evaluate(ParentRunner.java:293)
  at org.junit.runners.ParentRunner$3.evaluate(ParentRunner.java:306)
  at org.junit.runners.ParentRunner.run(ParentRunner.java:413)
  at org.junit.runner.JUnitCore.run(JUnitCore.java:137)
  at org.junit.runner.JUnitCore.run(JUnitCore.java:115)
  at org.gradle.api.internal.tasks.testing.junit.JUnitTestExecutor.runRequest(JUnitTestExecutor.java:175)
  at org.gradle.api.internal.tasks.testing.junit.JUnitTestExecutor.accept(JUnitTestExecutor.java:84)
  at org.gradle.api.internal.tasks.testing.junit.JUnitTestExecutor.accept(JUnitTestExecutor.java:47)
  at org.gradle.api.internal.tasks.testing.junit.AbstractJUnitTestDefinitionProcessor.processTestDefinition(AbstractJUnitTestDefinitionProcessor.java:65)
  at org.gradle.api.internal.tasks.testing.SuiteTestDefinitionProcessor.processTestDefinition(SuiteTestDefinitionProcessor.java:54)
  at java.base/jdk.internal.reflect.DirectMethodHandleAccessor.invoke(DirectMethodHandleAccessor.java:104)
  at java.base/java.lang.reflect.Method.invoke(Method.java:565)
  at org.gradle.internal.dispatch.MethodInvocation.invokeOn(MethodInvocation.java:77)
  at org.gradle.internal.dispatch.ReflectionDispatch.dispatch(ReflectionDispatch.java:28)
  at org.gradle.internal.dispatch.ReflectionDispatch.dispatch(ReflectionDispatch.java:19)
  at org.gradle.internal.dispatch.ContextClassLoaderDispatch.dispatch(ContextClassLoaderDispatch.java:33)
  at org.gradle.internal.dispatch.ProxyDispatchAdapter$DispatchingInvocationHandler.invoke(ProxyDispatchAdapter.java:88)
  at jdk.proxy1/jdk.proxy1.$Proxy4.processTestDefinition(Unknown Source)
  at org.gradle.api.internal.tasks.testing.worker.TestWorker$2.run(TestWorker.java:178)
  at org.gradle.api.internal.tasks.testing.worker.TestWorker.executeAndMaintainThreadName(TestWorker.java:126)
  at org.gradle.api.internal.tasks.testing.worker.TestWorker.execute(TestWorker.java:103)
  at org.gradle.api.internal.tasks.testing.worker.TestWorker.execute(TestWorker.java:63)
  at org.gradle.process.internal.worker.child.ActionExecutionWorker.execute(ActionExecutionWorker.java:56)
  at org.gradle.process.internal.worker.child.SystemApplicationClassLoaderWorker.call(SystemApplicationClassLoaderWorker.java:122)
  at org.gradle.process.internal.worker.child.SystemApplicationClassLoaderWorker.call(SystemApplicationClassLoaderWorker.java:72)
  at worker.org.gradle.process.internal.worker.GradleWorkerMain.run(GradleWorkerMain.java:69)
  at worker.org.gradle.process.internal.worker.GradleWorkerMain.main(GradleWorkerMain.java:74)
</stacktrace>
</test-failure>


TypeScriptCompilerTests_P[jvm] > publicMemberImplementedAsPrivateInDerivedClass_ts has expected errors matching publicMemberImplementedAsPrivateInDerivedClass_errors_txt[jvm] FAILED

<test-failure test="com.xemantic.typescript.compiler.TypeScriptCompilerTests_P.promiseIdentityWithConstraints_ts has expected errors matching promiseIdentityWithConstraints_errors_txt" platform="jvm">
<message>
Expected diagnostics from baseline typescript-repo/tests/baselines/reference/promiseIdentityWithConstraints.errors.txt but none produced
</message>
<stacktrace>
  at com.xemantic.typescript.compiler.TypeScriptTestSupportKt.errorsMatchBaseline(TypeScriptTestSupport.kt:125)
  at com.xemantic.typescript.compiler.TypeScriptCompilerTests_P.promiseIdentityWithConstraints_ts has expected errors matching promiseIdentityWithConstraints_errors_txt(TypeScriptCompilerTests_P.kt:2380)
  at java.base/jdk.internal.reflect.DirectMethodHandleAccessor.invoke(DirectMethodHandleAccessor.java:104)
  at java.base/java.lang.reflect.Method.invoke(Method.java:565)
  at org.junit.runners.model.FrameworkMethod$1.runReflectiveCall(FrameworkMethod.java:59)
  at org.junit.internal.runners.model.ReflectiveCallable.run(ReflectiveCallable.java:12)
  at org.junit.runners.model.FrameworkMethod.invokeExplosively(FrameworkMethod.java:56)
  at org.junit.internal.runners.statements.InvokeMethod.evaluate(InvokeMethod.java:17)
  at org.junit.runners.ParentRunner$3.evaluate(ParentRunner.java:306)
  at org.junit.runners.BlockJUnit4ClassRunner$1.evaluate(BlockJUnit4ClassRunner.java:100)
  at org.junit.runners.ParentRunner.runLeaf(ParentRunner.java:366)
  at org.junit.runners.BlockJUnit4ClassRunner.runChild(BlockJUnit4ClassRunner.java:103)
  at org.junit.runners.BlockJUnit4ClassRunner.runChild(BlockJUnit4ClassRunner.java:63)
  at org.junit.runners.ParentRunner$4.run(ParentRunner.java:331)
  at org.junit.runners.ParentRunner$1.schedule(ParentRunner.java:79)
  at org.junit.runners.ParentRunner.runChildren(ParentRunner.java:329)
  at org.junit.runners.ParentRunner.access$100(ParentRunner.java:66)
  at org.junit.runners.ParentRunner$2.evaluate(ParentRunner.java:293)
  at org.junit.runners.ParentRunner$3.evaluate(ParentRunner.java:306)
  at org.junit.runners.ParentRunner.run(ParentRunner.java:413)
  at org.junit.runner.JUnitCore.run(JUnitCore.java:137)
  at org.junit.runner.JUnitCore.run(JUnitCore.java:115)
  at org.gradle.api.internal.tasks.testing.junit.JUnitTestExecutor.runRequest(JUnitTestExecutor.java:175)
  at org.gradle.api.internal.tasks.testing.junit.JUnitTestExecutor.accept(JUnitTestExecutor.java:84)
  at org.gradle.api.internal.tasks.testing.junit.JUnitTestExecutor.accept(JUnitTestExecutor.java:47)
  at org.gradle.api.internal.tasks.testing.junit.AbstractJUnitTestDefinitionProcessor.processTestDefinition(AbstractJUnitTestDefinitionProcessor.java:65)
  at org.gradle.api.internal.tasks.testing.SuiteTestDefinitionProcessor.processTestDefinition(SuiteTestDefinitionProcessor.java:54)
  at java.base/jdk.internal.reflect.DirectMethodHandleAccessor.invoke(DirectMethodHandleAccessor.java:104)
  at java.base/java.lang.reflect.Method.invoke(Method.java:565)
  at org.gradle.internal.dispatch.MethodInvocation.invokeOn(MethodInvocation.java:77)
  at org.gradle.internal.dispatch.ReflectionDispatch.dispatch(ReflectionDispatch.java:28)
  at org.gradle.internal.dispatch.ReflectionDispatch.dispatch(ReflectionDispatch.java:19)
  at org.gradle.internal.dispatch.ContextClassLoaderDispatch.dispatch(ContextClassLoaderDispatch.java:33)
  at org.gradle.internal.dispatch.ProxyDispatchAdapter$DispatchingInvocationHandler.invoke(ProxyDispatchAdapter.java:88)
  at jdk.proxy1/jdk.proxy1.$Proxy4.processTestDefinition(Unknown Source)
  at org.gradle.api.internal.tasks.testing.worker.TestWorker$2.run(TestWorker.java:178)
  at org.gradle.api.internal.tasks.testing.worker.TestWorker.executeAndMaintainThreadName(TestWorker.java:126)
  at org.gradle.api.internal.tasks.testing.worker.TestWorker.execute(TestWorker.java:103)
  at org.gradle.api.internal.tasks.testing.worker.TestWorker.execute(TestWorker.java:63)
  at org.gradle.process.internal.worker.child.ActionExecutionWorker.execute(ActionExecutionWorker.java:56)
  at org.gradle.process.internal.worker.child.SystemApplicationClassLoaderWorker.call(SystemApplicationClassLoaderWorker.java:122)
  at org.gradle.process.internal.worker.child.SystemApplicationClassLoaderWorker.call(SystemApplicationClassLoaderWorker.java:72)
  at worker.org.gradle.process.internal.worker.GradleWorkerMain.run(GradleWorkerMain.java:69)
  at worker.org.gradle.process.internal.worker.GradleWorkerMain.main(GradleWorkerMain.java:74)
</stacktrace>
</test-failure>


TypeScriptCompilerTests_P[jvm] > promiseIdentityWithConstraints_ts has expected errors matching promiseIdentityWithConstraints_errors_txt[jvm] FAILED

<test-failure test="com.xemantic.typescript.compiler.TypeScriptCompilerTests_P.propertyAccessibility2_ts has expected errors matching propertyAccessibility2_errors_txt" platform="jvm">
<message>
Expected diagnostics from baseline typescript-repo/tests/baselines/reference/propertyAccessibility2.errors.txt but none produced
</message>
<stacktrace>
  at com.xemantic.typescript.compiler.TypeScriptTestSupportKt.errorsMatchBaseline(TypeScriptTestSupport.kt:125)
  at com.xemantic.typescript.compiler.TypeScriptCompilerTests_P.propertyAccessibility2_ts has expected errors matching propertyAccessibility2_errors_txt(TypeScriptCompilerTests_P.kt:2730)
  at java.base/jdk.internal.reflect.DirectMethodHandleAccessor.invoke(DirectMethodHandleAccessor.java:104)
  at java.base/java.lang.reflect.Method.invoke(Method.java:565)
  at org.junit.runners.model.FrameworkMethod$1.runReflectiveCall(FrameworkMethod.java:59)
  at org.junit.internal.runners.model.ReflectiveCallable.run(ReflectiveCallable.java:12)
  at org.junit.runners.model.FrameworkMethod.invokeExplosively(FrameworkMethod.java:56)
  at org.junit.internal.runners.statements.InvokeMethod.evaluate(InvokeMethod.java:17)
  at org.junit.runners.ParentRunner$3.evaluate(ParentRunner.java:306)
  at org.junit.runners.BlockJUnit4ClassRunner$1.evaluate(BlockJUnit4ClassRunner.java:100)
  at org.junit.runners.ParentRunner.runLeaf(ParentRunner.java:366)
  at org.junit.runners.BlockJUnit4ClassRunner.runChild(BlockJUnit4ClassRunner.java:103)
  at org.junit.runners.BlockJUnit4ClassRunner.runChild(BlockJUnit4ClassRunner.java:63)
  at org.junit.runners.ParentRunner$4.run(ParentRunner.java:331)
  at org.junit.runners.ParentRunner$1.schedule(ParentRunner.java:79)
  at org.junit.runners.ParentRunner.runChildren(ParentRunner.java:329)
  at org.junit.runners.ParentRunner.access$100(ParentRunner.java:66)
  at org.junit.runners.ParentRunner$2.evaluate(ParentRunner.java:293)
  at org.junit.runners.ParentRunner$3.evaluate(ParentRunner.java:306)
  at org.junit.runners.ParentRunner.run(ParentRunner.java:413)
  at org.junit.runner.JUnitCore.run(JUnitCore.java:137)
  at org.junit.runner.JUnitCore.run(JUnitCore.java:115)
  at org.gradle.api.internal.tasks.testing.junit.JUnitTestExecutor.runRequest(JUnitTestExecutor.java:175)
  at org.gradle.api.internal.tasks.testing.junit.JUnitTestExecutor.accept(JUnitTestExecutor.java:84)
  at org.gradle.api.internal.tasks.testing.junit.JUnitTestExecutor.accept(JUnitTestExecutor.java:47)
  at org.gradle.api.internal.tasks.testing.junit.AbstractJUnitTestDefinitionProcessor.processTestDefinition(AbstractJUnitTestDefinitionProcessor.java:65)
  at org.gradle.api.internal.tasks.testing.SuiteTestDefinitionProcessor.processTestDefinition(SuiteTestDefinitionProcessor.java:54)
  at java.base/jdk.internal.reflect.DirectMethodHandleAccessor.invoke(DirectMethodHandleAccessor.java:104)
  at java.base/java.lang.reflect.Method.invoke(Method.java:565)
  at org.gradle.internal.dispatch.MethodInvocation.invokeOn(MethodInvocation.java:77)
  at org.gradle.internal.dispatch.ReflectionDispatch.dispatch(ReflectionDispatch.java:28)
  at org.gradle.internal.dispatch.ReflectionDispatch.dispatch(ReflectionDispatch.java:19)
  at org.gradle.internal.dispatch.ContextClassLoaderDispatch.dispatch(ContextClassLoaderDispatch.java:33)
  at org.gradle.internal.dispatch.ProxyDispatchAdapter$DispatchingInvocationHandler.invoke(ProxyDispatchAdapter.java:88)
  at jdk.proxy1/jdk.proxy1.$Proxy4.processTestDefinition(Unknown Source)
  at org.gradle.api.internal.tasks.testing.worker.TestWorker$2.run(TestWorker.java:178)
  at org.gradle.api.internal.tasks.testing.worker.TestWorker.executeAndMaintainThreadName(TestWorker.java:126)
  at org.gradle.api.internal.tasks.testing.worker.TestWorker.execute(TestWorker.java:103)
  at org.gradle.api.internal.tasks.testing.worker.TestWorker.execute(TestWorker.java:63)
  at org.gradle.process.internal.worker.child.ActionExecutionWorker.execute(ActionExecutionWorker.java:56)
  at org.gradle.process.internal.worker.child.SystemApplicationClassLoaderWorker.call(SystemApplicationClassLoaderWorker.java:122)
  at org.gradle.process.internal.worker.child.SystemApplicationClassLoaderWorker.call(SystemApplicationClassLoaderWorker.java:72)
  at worker.org.gradle.process.internal.worker.GradleWorkerMain.run(GradleWorkerMain.java:69)
  at worker.org.gradle.process.internal.worker.GradleWorkerMain.main(GradleWorkerMain.java:74)
</stacktrace>
</test-failure>


TypeScriptCompilerTests_P[jvm] > propertyAccessibility2_ts has expected errors matching propertyAccessibility2_errors_txt[jvm] FAILED

<test-failure test="com.xemantic.typescript.compiler.TypeScriptCompilerTests_P.propertyWrappedInTry_ts has expected errors matching propertyWrappedInTry_errors_txt" platform="jvm">
<message>
--- expected
+++ actual
@@ -1,29 +1,23 @@
-propertyWrappedInTry.ts(3,5): error TS1068: Unexpected token. A constructor, method, accessor, or property was expected.
-propertyWrappedInTry.ts(5,9): error TS1128: Declaration or statement expected.
-propertyWrappedInTry.ts(5,16): error TS2304: Cannot find name 'bar'.
 propertyWrappedInTry.ts(5,22): error TS2304: Cannot find name 'someInitThatMightFail'.
+propertyWrappedInTry.ts(7,13): error TS2304: Cannot find name 'e'.
 propertyWrappedInTry.ts(11,5): error TS1128: Declaration or statement expected.
 propertyWrappedInTry.ts(11,12): error TS2304: Cannot find name 'baz'.
-propertyWrappedInTry.ts(11,18): error TS1005: ';' expected.
+propertyWrappedInTry.ts(13,9): error TS1108: A 'return' statement can only be used within a function body.
 propertyWrappedInTry.ts(17,1): error TS1128: Declaration or statement expected.
 
 
-==== propertyWrappedInTry.ts (8 errors) ====
+==== propertyWrappedInTry.ts (6 errors) ====
     class Foo {
     
         try {
-        ~~~
-!!! error TS1068: Unexpected token. A constructor, method, accessor, or property was expected.
     
             public bar = someInitThatMightFail();
-            ~~~~~~
-!!! error TS1128: Declaration or statement expected.
-                   ~~~
-!!! error TS2304: Cannot find name 'bar'.
                          ~~~~~~~~~~~~~~~~~~~~~
 !!! error TS2304: Cannot find name 'someInitThatMightFail'.
     
         } catch(e) {}
+                ~
+!!! error TS2304: Cannot find name 'e'.
     
     
     
@@ -32,10 +26,10 @@
 !!! error TS1128: Declaration or statement expected.
                ~~~
 !!! error TS2304: Cannot find name 'baz'.
-                     ~
-!!! error TS1005: ';' expected.
     
             return this.bar; // doesn't get rewritten to Foo.bar.
+            ~~~~~~
+!!! error TS1108: A 'return' statement can only be used within a function body.
     
         }
     

</message>
<stacktrace>
  at org.junit.Assert.fail(Assert.java:89)
  at kotlin.test.junit.JUnitAsserter.fail(JUnitSupport.kt:56)
  at kotlin.test.AssertionsKt__AssertionsKt.fail(Assertions.kt:563)
  at kotlin.test.AssertionsKt.fail(Unknown Source)
  at com.xemantic.kotlin.test.SameAsKt.sameAs(SameAs.kt:52)
  at com.xemantic.typescript.compiler.TypeScriptTestSupportKt.errorsMatchBaseline(TypeScriptTestSupport.kt:135)
  at com.xemantic.typescript.compiler.TypeScriptCompilerTests_P.propertyWrappedInTry_ts has expected errors matching propertyWrappedInTry_errors_txt(TypeScriptCompilerTests_P.kt:2856)
  at java.base/jdk.internal.reflect.DirectMethodHandleAccessor.invoke(DirectMethodHandleAccessor.java:104)
  at java.base/java.lang.reflect.Method.invoke(Method.java:565)
  at org.junit.runners.model.FrameworkMethod$1.runReflectiveCall(FrameworkMethod.java:59)
  at org.junit.internal.runners.model.ReflectiveCallable.run(ReflectiveCallable.java:12)
  at org.junit.runners.model.FrameworkMethod.invokeExplosively(FrameworkMethod.java:56)
  at org.junit.internal.runners.statements.InvokeMethod.evaluate(InvokeMethod.java:17)
  at org.junit.runners.ParentRunner$3.evaluate(ParentRunner.java:306)
  at org.junit.runners.BlockJUnit4ClassRunner$1.evaluate(BlockJUnit4ClassRunner.java:100)
  at org.junit.runners.ParentRunner.runLeaf(ParentRunner.java:366)
  at org.junit.runners.BlockJUnit4ClassRunner.runChild(BlockJUnit4ClassRunner.java:103)
  at org.junit.runners.BlockJUnit4ClassRunner.runChild(BlockJUnit4ClassRunner.java:63)
  at org.junit.runners.ParentRunner$4.run(ParentRunner.java:331)
  at org.junit.runners.ParentRunner$1.schedule(ParentRunner.java:79)
  at org.junit.runners.ParentRunner.runChildren(ParentRunner.java:329)
  at org.junit.runners.ParentRunner.access$100(ParentRunner.java:66)
  at org.junit.runners.ParentRunner$2.evaluate(ParentRunner.java:293)
  at org.junit.runners.ParentRunner$3.evaluate(ParentRunner.java:306)
  at org.junit.runners.ParentRunner.run(ParentRunner.java:413)
  at org.junit.runner.JUnitCore.run(JUnitCore.java:137)
  at org.junit.runner.JUnitCore.run(JUnitCore.java:115)
  at org.gradle.api.internal.tasks.testing.junit.JUnitTestExecutor.runRequest(JUnitTestExecutor.java:175)
  at org.gradle.api.internal.tasks.testing.junit.JUnitTestExecutor.accept(JUnitTestExecutor.java:84)
  at org.gradle.api.internal.tasks.testing.junit.JUnitTestExecutor.accept(JUnitTestExecutor.java:47)
  at org.gradle.api.internal.tasks.testing.junit.AbstractJUnitTestDefinitionProcessor.processTestDefinition(AbstractJUnitTestDefinitionProcessor.java:65)
  at org.gradle.api.internal.tasks.testing.SuiteTestDefinitionProcessor.processTestDefinition(SuiteTestDefinitionProcessor.java:54)
  at java.base/jdk.internal.reflect.DirectMethodHandleAccessor.invoke(DirectMethodHandleAccessor.java:104)
  at java.base/java.lang.reflect.Method.invoke(Method.java:565)
  at org.gradle.internal.dispatch.MethodInvocation.invokeOn(MethodInvocation.java:77)
  at org.gradle.internal.dispatch.ReflectionDispatch.dispatch(ReflectionDispatch.java:28)
  at org.gradle.internal.dispatch.ReflectionDispatch.dispatch(ReflectionDispatch.java:19)
  at org.gradle.internal.dispatch.ContextClassLoaderDispatch.dispatch(ContextClassLoaderDispatch.java:33)
  at org.gradle.internal.dispatch.ProxyDispatchAdapter$DispatchingInvocationHandler.invoke(ProxyDispatchAdapter.java:88)
  at jdk.proxy1/jdk.proxy1.$Proxy4.processTestDefinition(Unknown Source)
  at org.gradle.api.internal.tasks.testing.worker.TestWorker$2.run(TestWorker.java:178)
  at org.gradle.api.internal.tasks.testing.worker.TestWorker.executeAndMaintainThreadName(TestWorker.java:126)
  at org.gradle.api.internal.tasks.testing.worker.TestWorker.execute(TestWorker.java:103)
  at org.gradle.api.internal.tasks.testing.worker.TestWorker.execute(TestWorker.java:63)
  at org.gradle.process.internal.worker.child.ActionExecutionWorker.execute(ActionExecutionWorker.java:56)
  at org.gradle.process.internal.worker.child.SystemApplicationClassLoaderWorker.call(SystemApplicationClassLoaderWorker.java:122)
  at org.gradle.process.internal.worker.child.SystemApplicationClassLoaderWorker.call(SystemApplicationClassLoaderWorker.java:72)
  at worker.org.gradle.process.internal.worker.GradleWorkerMain.run(GradleWorkerMain.java:69)
  at worker.org.gradle.process.internal.worker.GradleWorkerMain.main(GradleWorkerMain.java:74)
</stacktrace>
</test-failure>


TypeScriptCompilerTests_P[jvm] > propertyWrappedInTry_ts has expected errors matching propertyWrappedInTry_errors_txt[jvm] FAILED

<test-failure test="com.xemantic.typescript.compiler.TypeScriptCompilerTests_P.pathMappingBasedModuleResolution6_node_ts compiles to JavaScript matching pathMappingBasedModuleResolution6_node_js" platform="jvm">
<message>
--- expected
+++ actual
@@ -1,7 +1,5 @@
 //// [tests/cases/compiler/pathMappingBasedModuleResolution6_node.ts] ////
 
-//// [file3.ts]
-export {x} from "../file2";
 //// [file1.ts]
 import {x} from "./project/file3";
 declare function use(x: string);
@@ -10,15 +8,17 @@
 //// [index.d.ts]
 export let x: number;
 
+//// [file3.ts]
+export {x} from "../file2";
 
+//// [file1.js]
+"use strict";
+Object.defineProperty(exports, "__esModule", { value: true });
+const file3_1 = require("./project/file3");
+use(file3_1.x.toFixed());
 //// [file3.js]
 "use strict";
 Object.defineProperty(exports, "__esModule", { value: true });
 exports.x = void 0;
 var file2_1 = require("../file2");
 Object.defineProperty(exports, "x", { enumerable: true, get: function () { return file2_1.x; } });
-//// [file1.js]
-"use strict";
-Object.defineProperty(exports, "__esModule", { value: true });
-const file3_1 = require("./project/file3");
-use(file3_1.x.toFixed());

</message>
<stacktrace>
  at org.junit.Assert.fail(Assert.java:89)
  at kotlin.test.junit.JUnitAsserter.fail(JUnitSupport.kt:56)
  at kotlin.test.AssertionsKt__AssertionsKt.fail(Assertions.kt:563)
  at kotlin.test.AssertionsKt.fail(Unknown Source)
  at com.xemantic.kotlin.test.SameAsKt.sameAs(SameAs.kt:52)
  at com.xemantic.typescript.compiler.TypeScriptTestSupportKt.sameAs(TypeScriptTestSupport.kt:99)
  at com.xemantic.typescript.compiler.TypeScriptCompilerTests_P.pathMappingBasedModuleResolution6_node_ts compiles to JavaScript matching pathMappingBasedModuleResolution6_node_js(TypeScriptCompilerTests_P.kt:1050)
  at java.base/jdk.internal.reflect.DirectMethodHandleAccessor.invoke(DirectMethodHandleAccessor.java:104)
  at java.base/java.lang.reflect.Method.invoke(Method.java:565)
  at org.junit.runners.model.FrameworkMethod$1.runReflectiveCall(FrameworkMethod.java:59)
  at org.junit.internal.runners.model.ReflectiveCallable.run(ReflectiveCallable.java:12)
  at org.junit.runners.model.FrameworkMethod.invokeExplosively(FrameworkMethod.java:56)
  at org.junit.internal.runners.statements.InvokeMethod.evaluate(InvokeMethod.java:17)
  at org.junit.runners.ParentRunner$3.evaluate(ParentRunner.java:306)
  at org.junit.runners.BlockJUnit4ClassRunner$1.evaluate(BlockJUnit4ClassRunner.java:100)
  at org.junit.runners.ParentRunner.runLeaf(ParentRunner.java:366)
  at org.junit.runners.BlockJUnit4ClassRunner.runChild(BlockJUnit4ClassRunner.java:103)
  at org.junit.runners.BlockJUnit4ClassRunner.runChild(BlockJUnit4ClassRunner.java:63)
  at org.junit.runners.ParentRunner$4.run(ParentRunner.java:331)
  at org.junit.runners.ParentRunner$1.schedule(ParentRunner.java:79)
  at org.junit.runners.ParentRunner.runChildren(ParentRunner.java:329)
  at org.junit.runners.ParentRunner.access$100(ParentRunner.java:66)
  at org.junit.runners.ParentRunner$2.evaluate(ParentRunner.java:293)
  at org.junit.runners.ParentRunner$3.evaluate(ParentRunner.java:306)
  at org.junit.runners.ParentRunner.run(ParentRunner.java:413)
  at org.junit.runner.JUnitCore.run(JUnitCore.java:137)
  at org.junit.runner.JUnitCore.run(JUnitCore.java:115)
  at org.gradle.api.internal.tasks.testing.junit.JUnitTestExecutor.runRequest(JUnitTestExecutor.java:175)
  at org.gradle.api.internal.tasks.testing.junit.JUnitTestExecutor.accept(JUnitTestExecutor.java:84)
  at org.gradle.api.internal.tasks.testing.junit.JUnitTestExecutor.accept(JUnitTestExecutor.java:47)
  at org.gradle.api.internal.tasks.testing.junit.AbstractJUnitTestDefinitionProcessor.processTestDefinition(AbstractJUnitTestDefinitionProcessor.java:65)
  at org.gradle.api.internal.tasks.testing.SuiteTestDefinitionProcessor.processTestDefinition(SuiteTestDefinitionProcessor.java:54)
  at java.base/jdk.internal.reflect.DirectMethodHandleAccessor.invoke(DirectMethodHandleAccessor.java:104)
  at java.base/java.lang.reflect.Method.invoke(Method.java:565)
  at org.gradle.internal.dispatch.MethodInvocation.invokeOn(MethodInvocation.java:77)
  at org.gradle.internal.dispatch.ReflectionDispatch.dispatch(ReflectionDispatch.java:28)
  at org.gradle.internal.dispatch.ReflectionDispatch.dispatch(ReflectionDispatch.java:19)
  at org.gradle.internal.dispatch.ContextClassLoaderDispatch.dispatch(ContextClassLoaderDispatch.java:33)
  at org.gradle.internal.dispatch.ProxyDispatchAdapter$DispatchingInvocationHandler.invoke(ProxyDispatchAdapter.java:88)
  at jdk.proxy1/jdk.proxy1.$Proxy4.processTestDefinition(Unknown Source)
  at org.gradle.api.internal.tasks.testing.worker.TestWorker$2.run(TestWorker.java:178)
  at org.gradle.api.internal.tasks.testing.worker.TestWorker.executeAndMaintainThreadName(TestWorker.java:126)
  at org.gradle.api.internal.tasks.testing.worker.TestWorker.execute(TestWorker.java:103)
  at org.gradle.api.internal.tasks.testing.worker.TestWorker.execute(TestWorker.java:63)
  at org.gradle.process.internal.worker.child.ActionExecutionWorker.execute(ActionExecutionWorker.java:56)
  at org.gradle.process.internal.worker.child.SystemApplicationClassLoaderWorker.call(SystemApplicationClassLoaderWorker.java:122)
  at org.gradle.process.internal.worker.child.SystemApplicationClassLoaderWorker.call(SystemApplicationClassLoaderWorker.java:72)
  at worker.org.gradle.process.internal.worker.GradleWorkerMain.run(GradleWorkerMain.java:69)
  at worker.org.gradle.process.internal.worker.GradleWorkerMain.main(GradleWorkerMain.java:74)
</stacktrace>
</test-failure>


TypeScriptCompilerTests_P[jvm] > pathMappingBasedModuleResolution6_node_ts compiles to JavaScript matching pathMappingBasedModuleResolution6_node_js[jvm] FAILED

<test-failure test="com.xemantic.typescript.compiler.TypeScriptCompilerTests_P.pathMappingBasedModuleResolution2_node_ts has expected errors matching pathMappingBasedModuleResolution2_node_errors_txt" platform="jvm">
<message>
--- expected
+++ actual
@@ -1,10 +1,8 @@
 root/tsconfig.json(3,9): error TS5101: Option 'baseUrl' is deprecated and will stop functioning in TypeScript 7.0. Specify compilerOption '"ignoreDeprecations": "6.0"' to silence this error.
   Visit https://aka.ms/ts6 for migration information.
-root/tsconfig.json(5,13): error TS5061: Pattern '*1*' can have at most one '*' character.
-root/tsconfig.json(5,22): error TS5062: Substitution '*2*' in pattern '*1*' can have at most one '*' character.
 
 
-==== root/tsconfig.json (3 errors) ====
+==== root/tsconfig.json (1 errors) ====
     {
         "compilerOptions": {
             "baseUrl": "./src",
@@ -13,10 +11,6 @@
 !!! error TS5101:   Visit https://aka.ms/ts6 for migration information.
             "paths": {
                 "*1*": [ "*2*" ]
-                ~~~~~
-!!! error TS5061: Pattern '*1*' can have at most one '*' character.
-                         ~~~~~
-!!! error TS5062: Substitution '*2*' in pattern '*1*' can have at most one '*' character.
             }
         }
     }

</message>
<stacktrace>
  at org.junit.Assert.fail(Assert.java:89)
  at kotlin.test.junit.JUnitAsserter.fail(JUnitSupport.kt:56)
  at kotlin.test.AssertionsKt__AssertionsKt.fail(Assertions.kt:563)
  at kotlin.test.AssertionsKt.fail(Unknown Source)
  at com.xemantic.kotlin.test.SameAsKt.sameAs(SameAs.kt:52)
  at com.xemantic.typescript.compiler.TypeScriptTestSupportKt.errorsMatchBaseline(TypeScriptTestSupport.kt:135)
  at com.xemantic.typescript.compiler.TypeScriptCompilerTests_P.pathMappingBasedModuleResolution2_node_ts has expected errors matching pathMappingBasedModuleResolution2_node_errors_txt(TypeScriptCompilerTests_P.kt:945)
  at java.base/jdk.internal.reflect.DirectMethodHandleAccessor.invoke(DirectMethodHandleAccessor.java:104)
  at java.base/java.lang.reflect.Method.invoke(Method.java:565)
  at org.junit.runners.model.FrameworkMethod$1.runReflectiveCall(FrameworkMethod.java:59)
  at org.junit.internal.runners.model.ReflectiveCallable.run(ReflectiveCallable.java:12)
  at org.junit.runners.model.FrameworkMethod.invokeExplosively(FrameworkMethod.java:56)
  at org.junit.internal.runners.statements.InvokeMethod.evaluate(InvokeMethod.java:17)
  at org.junit.runners.ParentRunner$3.evaluate(ParentRunner.java:306)
  at org.junit.runners.BlockJUnit4ClassRunner$1.evaluate(BlockJUnit4ClassRunner.java:100)
  at org.junit.runners.ParentRunner.runLeaf(ParentRunner.java:366)
  at org.junit.runners.BlockJUnit4ClassRunner.runChild(BlockJUnit4ClassRunner.java:103)
  at org.junit.runners.BlockJUnit4ClassRunner.runChild(BlockJUnit4ClassRunner.java:63)
  at org.junit.runners.ParentRunner$4.run(ParentRunner.java:331)
  at org.junit.runners.ParentRunner$1.schedule(ParentRunner.java:79)
  at org.junit.runners.ParentRunner.runChildren(ParentRunner.java:329)
  at org.junit.runners.ParentRunner.access$100(ParentRunner.java:66)
  at org.junit.runners.ParentRunner$2.evaluate(ParentRunner.java:293)
  at org.junit.runners.ParentRunner$3.evaluate(ParentRunner.java:306)
  at org.junit.runners.ParentRunner.run(ParentRunner.java:413)
  at org.junit.runner.JUnitCore.run(JUnitCore.java:137)
  at org.junit.runner.JUnitCore.run(JUnitCore.java:115)
  at org.gradle.api.internal.tasks.testing.junit.JUnitTestExecutor.runRequest(JUnitTestExecutor.java:175)
  at org.gradle.api.internal.tasks.testing.junit.JUnitTestExecutor.accept(JUnitTestExecutor.java:84)
  at org.gradle.api.internal.tasks.testing.junit.JUnitTestExecutor.accept(JUnitTestExecutor.java:47)
  at org.gradle.api.internal.tasks.testing.junit.AbstractJUnitTestDefinitionProcessor.processTestDefinition(AbstractJUnitTestDefinitionProcessor.java:65)
  at org.gradle.api.internal.tasks.testing.SuiteTestDefinitionProcessor.processTestDefinition(SuiteTestDefinitionProcessor.java:54)
  at java.base/jdk.internal.reflect.DirectMethodHandleAccessor.invoke(DirectMethodHandleAccessor.java:104)
  at java.base/java.lang.reflect.Method.invoke(Method.java:565)
  at org.gradle.internal.dispatch.MethodInvocation.invokeOn(MethodInvocation.java:77)
  at org.gradle.internal.dispatch.ReflectionDispatch.dispatch(ReflectionDispatch.java:28)
  at org.gradle.internal.dispatch.ReflectionDispatch.dispatch(ReflectionDispatch.java:19)
  at org.gradle.internal.dispatch.ContextClassLoaderDispatch.dispatch(ContextClassLoaderDispatch.java:33)
  at org.gradle.internal.dispatch.ProxyDispatchAdapter$DispatchingInvocationHandler.invoke(ProxyDispatchAdapter.java:88)
  at jdk.proxy1/jdk.proxy1.$Proxy4.processTestDefinition(Unknown Source)
  at org.gradle.api.internal.tasks.testing.worker.TestWorker$2.run(TestWorker.java:178)
  at org.gradle.api.internal.tasks.testing.worker.TestWorker.executeAndMaintainThreadName(TestWorker.java:126)
  at org.gradle.api.internal.tasks.testing.worker.TestWorker.execute(TestWorker.java:103)
  at org.gradle.api.internal.tasks.testing.worker.TestWorker.execute(TestWorker.java:63)
  at org.gradle.process.internal.worker.child.ActionExecutionWorker.execute(ActionExecutionWorker.java:56)
  at org.gradle.process.internal.worker.child.SystemApplicationClassLoaderWorker.call(SystemApplicationClassLoaderWorker.java:122)
  at org.gradle.process.internal.worker.child.SystemApplicationClassLoaderWorker.call(SystemApplicationClassLoaderWorker.java:72)
  at worker.org.gradle.process.internal.worker.GradleWorkerMain.run(GradleWorkerMain.java:69)
  at worker.org.gradle.process.internal.worker.GradleWorkerMain.main(GradleWorkerMain.java:74)
</stacktrace>
</test-failure>


TypeScriptCompilerTests_P[jvm] > pathMappingBasedModuleResolution2_node_ts has expected errors matching pathMappingBasedModuleResolution2_node_errors_txt[jvm] FAILED

<test-failure test="com.xemantic.typescript.compiler.TypeScriptCompilerTests_P.propertyIdentityWithPrivacyMismatch_ts has expected errors matching propertyIdentityWithPrivacyMismatch_errors_txt" platform="jvm">
<message>
Expected diagnostics from baseline typescript-repo/tests/baselines/reference/propertyIdentityWithPrivacyMismatch.errors.txt but none produced
</message>
<stacktrace>
  at com.xemantic.typescript.compiler.TypeScriptTestSupportKt.errorsMatchBaseline(TypeScriptTestSupport.kt:125)
  at com.xemantic.typescript.compiler.TypeScriptCompilerTests_P.propertyIdentityWithPrivacyMismatch_ts has expected errors matching propertyIdentityWithPrivacyMismatch_errors_txt(TypeScriptCompilerTests_P.kt:2758)
  at java.base/jdk.internal.reflect.DirectMethodHandleAccessor.invoke(DirectMethodHandleAccessor.java:104)
  at java.base/java.lang.reflect.Method.invoke(Method.java:565)
  at org.junit.runners.model.FrameworkMethod$1.runReflectiveCall(FrameworkMethod.java:59)
  at org.junit.internal.runners.model.ReflectiveCallable.run(ReflectiveCallable.java:12)
  at org.junit.runners.model.FrameworkMethod.invokeExplosively(FrameworkMethod.java:56)
  at org.junit.internal.runners.statements.InvokeMethod.evaluate(InvokeMethod.java:17)
  at org.junit.runners.ParentRunner$3.evaluate(ParentRunner.java:306)
  at org.junit.runners.BlockJUnit4ClassRunner$1.evaluate(BlockJUnit4ClassRunner.java:100)
  at org.junit.runners.ParentRunner.runLeaf(ParentRunner.java:366)
  at org.junit.runners.BlockJUnit4ClassRunner.runChild(BlockJUnit4ClassRunner.java:103)
  at org.junit.runners.BlockJUnit4ClassRunner.runChild(BlockJUnit4ClassRunner.java:63)
  at org.junit.runners.ParentRunner$4.run(ParentRunner.java:331)
  at org.junit.runners.ParentRunner$1.schedule(ParentRunner.java:79)
  at org.junit.runners.ParentRunner.runChildren(ParentRunner.java:329)
  at org.junit.runners.ParentRunner.access$100(ParentRunner.java:66)
  at org.junit.runners.ParentRunner$2.evaluate(ParentRunner.java:293)
  at org.junit.runners.ParentRunner$3.evaluate(ParentRunner.java:306)
  at org.junit.runners.ParentRunner.run(ParentRunner.java:413)
  at org.junit.runner.JUnitCore.run(JUnitCore.java:137)
  at org.junit.runner.JUnitCore.run(JUnitCore.java:115)
  at org.gradle.api.internal.tasks.testing.junit.JUnitTestExecutor.runRequest(JUnitTestExecutor.java:175)
  at org.gradle.api.internal.tasks.testing.junit.JUnitTestExecutor.accept(JUnitTestExecutor.java:84)
  at org.gradle.api.internal.tasks.testing.junit.JUnitTestExecutor.accept(JUnitTestExecutor.java:47)
  at org.gradle.api.internal.tasks.testing.junit.AbstractJUnitTestDefinitionProcessor.processTestDefinition(AbstractJUnitTestDefinitionProcessor.java:65)
  at org.gradle.api.internal.tasks.testing.SuiteTestDefinitionProcessor.processTestDefinition(SuiteTestDefinitionProcessor.java:54)
  at java.base/jdk.internal.reflect.DirectMethodHandleAccessor.invoke(DirectMethodHandleAccessor.java:104)
  at java.base/java.lang.reflect.Method.invoke(Method.java:565)
  at org.gradle.internal.dispatch.MethodInvocation.invokeOn(MethodInvocation.java:77)
  at org.gradle.internal.dispatch.ReflectionDispatch.dispatch(ReflectionDispatch.java:28)
  at org.gradle.internal.dispatch.ReflectionDispatch.dispatch(ReflectionDispatch.java:19)
  at org.gradle.internal.dispatch.ContextClassLoaderDispatch.dispatch(ContextClassLoaderDispatch.java:33)
  at org.gradle.internal.dispatch.ProxyDispatchAdapter$DispatchingInvocationHandler.invoke(ProxyDispatchAdapter.java:88)
  at jdk.proxy1/jdk.proxy1.$Proxy4.processTestDefinition(Unknown Source)
  at org.gradle.api.internal.tasks.testing.worker.TestWorker$2.run(TestWorker.java:178)
  at org.gradle.api.internal.tasks.testing.worker.TestWorker.executeAndMaintainThreadName(TestWorker.java:126)
  at org.gradle.api.internal.tasks.testing.worker.TestWorker.execute(TestWorker.java:103)
  at org.gradle.api.internal.tasks.testing.worker.TestWorker.execute(TestWorker.java:63)
  at org.gradle.process.internal.worker.child.ActionExecutionWorker.execute(ActionExecutionWorker.java:56)
  at org.gradle.process.internal.worker.child.SystemApplicationClassLoaderWorker.call(SystemApplicationClassLoaderWorker.java:122)
  at org.gradle.process.internal.worker.child.SystemApplicationClassLoaderWorker.call(SystemApplicationClassLoaderWorker.java:72)
  at worker.org.gradle.process.internal.worker.GradleWorkerMain.run(GradleWorkerMain.java:69)
  at worker.org.gradle.process.internal.worker.GradleWorkerMain.main(GradleWorkerMain.java:74)
</stacktrace>
</test-failure>


TypeScriptCompilerTests_P[jvm] > propertyIdentityWithPrivacyMismatch_ts has expected errors matching propertyIdentityWithPrivacyMismatch_errors_txt[jvm] FAILED

<test-failure test="com.xemantic.typescript.compiler.TypeScriptCompilerTests_P.parseImportAttributesError_ts has expected errors matching parseImportAttributesError_errors_txt" platform="jvm">
<message>
--- expected
+++ actual
@@ -1,74 +1,48 @@
-/index.ts(2,7): error TS1340: Module 'pkg' does not refer to a type, but is used as a type here. Did you mean 'typeof import('pkg')'?
-/index.ts(2,30): error TS1478: Identifier or string literal expected.
-/index.ts(2,30): error TS2695: Left side of comma operator is unused and has no side effects.
-/index.ts(2,53): error TS1005: ';' expected.
-/index.ts(2,64): error TS1128: Declaration or statement expected.
-/index.ts(2,66): error TS1128: Declaration or statement expected.
-/index.ts(2,67): error TS1128: Declaration or statement expected.
-/index.ts(2,68): error TS1128: Declaration or statement expected.
-/index.ts(2,69): error TS2304: Cannot find name 'RequireInterface'.
-/index.ts(3,34): error TS1005: ':' expected.
-/index.ts(3,68): error TS2339: Property 'ImportInterface' does not exist on type 'Promise<{ default: typeof import("/node_modules/pkg/import"); }>'.
-/index.ts(5,34): error TS1340: Module 'pkg' does not refer to a type, but is used as a type here. Did you mean 'typeof import('pkg')'?
-/index.ts(5,57): error TS1478: Identifier or string literal expected.
-/index.ts(5,57): error TS2695: Left side of comma operator is unused and has no side effects.
-/index.ts(5,80): error TS1005: ';' expected.
-/index.ts(5,91): error TS1128: Declaration or statement expected.
-/index.ts(5,93): error TS1128: Declaration or statement expected.
-/index.ts(5,94): error TS1128: Declaration or statement expected.
-/index.ts(5,95): error TS1128: Declaration or statement expected.
-/index.ts(5,96): error TS1434: Unexpected keyword or identifier.
-/index.ts(5,96): error TS2304: Cannot find name 'RequireInterface'.
-/index.ts(5,112): error TS1128: Declaration or statement expected.
-/index.ts(6,34): error TS1340: Module 'pkg' does not refer to a type, but is used as a type here. Did you mean 'typeof import('pkg')'?
-/index.ts(6,57): error TS1478: Identifier or string literal expected.
-/index.ts(6,57): error TS2695: Left side of comma operator is unused and has no side effects.
-/index.ts(6,80): error TS1005: ';' expected.
-/index.ts(6,90): error TS1128: Declaration or statement expected.
-/index.ts(6,92): error TS1128: Declaration or statement expected.
-/index.ts(6,93): error TS1128: Declaration or statement expected.
-/index.ts(6,94): error TS1128: Declaration or statement expected.
-/index.ts(6,95): error TS1434: Unexpected keyword or identifier.
-/index.ts(6,95): error TS2304: Cannot find name 'ImportInterface'.
-/index.ts(6,110): error TS1128: Declaration or statement expected.
+/index.ts(2,19): error TS1005: ')' expected.
+/index.ts(2,19): error TS2695: Left side of comma operator is unused and has no side effects.
+/index.ts(2,67): error TS1109: Expression expected.
+/index.ts(2,68): error TS1109: Expression expected.
+/index.ts(3,21): error TS1005: ')' expected.
+/index.ts(3,23): error TS1101: 'with' statements are not allowed in strict mode.
+/index.ts(3,23): error TS2410: The 'with' statement is not supported. All symbols in a 'with' block will have type 'any'.
+/index.ts(3,27): error TS1005: '(' expected.
+/index.ts(3,27): error TS1005: ')' expected.
+/index.ts(3,30): error TS2695: Left side of comma operator is unused and has no side effects.
+/index.ts(3,53): error TS1109: Expression expected.
+/index.ts(3,66): error TS1109: Expression expected.
+/index.ts(3,67): error TS1109: Expression expected.
+/index.ts(5,46): error TS1005: ')' expected.
+/index.ts(5,112): error TS1109: Expression expected.
+/index.ts(6,46): error TS1005: ')' expected.
+/index.ts(6,110): error TS1109: Expression expected.
 
 
-==== /index.ts (33 errors) ====
+==== /index.ts (17 errors) ====
     export type LocalInterface =
         & import("pkg", { with: {1234, "resolution-mode": "require"} }).RequireInterface
-          ~~~~~~~~~~~~~~~~~~~~~~~
-!!! error TS1340: Module 'pkg' does not refer to a type, but is used as a type here. Did you mean 'typeof import('pkg')'?
-                                 ~~~~
-!!! error TS1478: Identifier or string literal expected.
-                                 ~~~~
+                      ~
+!!! error TS1005: ')' expected.
+                      ~
 !!! error TS2695: Left side of comma operator is unused and has no side effects.
-                                                        ~
-!!! error TS1005: ';' expected.
-                                                                   ~
-!!! error TS1128: Declaration or statement expected.
-                                                                     ~
-!!! error TS1128: Declaration or statement expected.
                                                                       ~
-!!! error TS1128: Declaration or statement expected.
+!!! error TS1109: Expression expected.
                                                                        ~
-!!! error TS1128: Declaration or statement expected.
-                                                                        ~~~~~~~~~~~~~~~~
-!!! error TS2304: Cannot find name 'RequireInterface'.
+!!! error TS1109: Expression expected.
         & import("pkg", { with: {1234, "resolution-mode": "import"} }).ImportInterface;
-                                     ~
-!!! error TS1005: ':' expected.
-                                                                       ~~~~~~~~~~~~~~~
-!!! error TS2339: Property 'ImportInterface' does not exist on type 'Promise<{ default: typeof import("/node_modules/pkg/import"); }>'.
+                        ~
+!!! error TS1005: ')' expected.
+                          ~~~~
+!!! error TS1101: 'with' statements are not allowed in strict mode.
+                          ~~~~~~~~~~~~~~~~~~~~~~~~~~~~~~~~~~~~~~~~~~~~~~~~~~~~~~~~~~~~~
     
+    
     export const a = (null as any as import("pkg", { with: {1234, "resolution-mode": "require"} }).RequireInterface);
-                                     ~~~~~~~~~~~~~~~~~~~~~~~
-!!! error TS1340: Module 'pkg' does not refer to a type, but is used as a type here. Did you mean 'typeof import('pkg')'?
-                                                            ~~~~
-!!! error TS1478: Identifier or string literal expected.
-                                                            ~~~~
+    ~~~~~~~~~~~~~~~~~~~~~~~~~~~~~~~~~~~~~~~~~~~~~~~~~~~~~~~~~~~~~~~~~~~~~~~~~~~~~~~~~~~~~~~~~~~~~~~~~~~~~~~~~~~~~~~~
+!!! error TS2410: The 'with' statement is not supported. All symbols in a 'with' block will have type 'any'.
+                              ~
+!!! error TS1005: '(' expected.
+                              ~
+!!! error TS1005: ')' expected.
+!!! related TS1007 /index.ts:3:27: The parser expected to find a ')' to match the '(' token here.
+                                 ~~~~
 !!! error TS2695: Left side of comma operator is unused and has no side effects.
-                                                                                   ~
-!!! error TS1005: ';' expected.
-                                                                                              ~
-!!! error TS1128: Declaration or statement expected.
-                                                                                                ~

Diff truncated: more than 100 lines changed

Expected: 124 lines
Actual: 75 lines

The differences are too extensive to show in unified diff format.
Consider comparing smaller sections or reviewing the strings directly.

</message>
<stacktrace>
  at org.junit.Assert.fail(Assert.java:89)
  at kotlin.test.junit.JUnitAsserter.fail(JUnitSupport.kt:56)
  at kotlin.test.AssertionsKt__AssertionsKt.fail(Assertions.kt:563)
  at kotlin.test.AssertionsKt.fail(Unknown Source)
  at com.xemantic.kotlin.test.SameAsKt.sameAs(SameAs.kt:52)
  at com.xemantic.typescript.compiler.TypeScriptTestSupportKt.errorsMatchBaseline(TypeScriptTestSupport.kt:135)
  at com.xemantic.typescript.compiler.TypeScriptCompilerTests_P.parseImportAttributesError_ts has expected errors matching parseImportAttributesError_errors_txt(TypeScriptCompilerTests_P.kt:574)
  at java.base/jdk.internal.reflect.DirectMethodHandleAccessor.invoke(DirectMethodHandleAccessor.java:104)
  at java.base/java.lang.reflect.Method.invoke(Method.java:565)
  at org.junit.runners.model.FrameworkMethod$1.runReflectiveCall(FrameworkMethod.java:59)
  at org.junit.internal.runners.model.ReflectiveCallable.run(ReflectiveCallable.java:12)
  at org.junit.runners.model.FrameworkMethod.invokeExplosively(FrameworkMethod.java:56)
  at org.junit.internal.runners.statements.InvokeMethod.evaluate(InvokeMethod.java:17)
  at org.junit.runners.ParentRunner$3.evaluate(ParentRunner.java:306)
  at org.junit.runners.BlockJUnit4ClassRunner$1.evaluate(BlockJUnit4ClassRunner.java:100)
  at org.junit.runners.ParentRunner.runLeaf(ParentRunner.java:366)
  at org.junit.runners.BlockJUnit4ClassRunner.runChild(BlockJUnit4ClassRunner.java:103)
  at org.junit.runners.BlockJUnit4ClassRunner.runChild(BlockJUnit4ClassRunner.java:63)
  at org.junit.runners.ParentRunner$4.run(ParentRunner.java:331)
  at org.junit.runners.ParentRunner$1.schedule(ParentRunner.java:79)
  at org.junit.runners.ParentRunner.runChildren(ParentRunner.java:329)
  at org.junit.runners.ParentRunner.access$100(ParentRunner.java:66)
  at org.junit.runners.ParentRunner$2.evaluate(ParentRunner.java:293)
  at org.junit.runners.ParentRunner$3.evaluate(ParentRunner.java:306)
  at org.junit.runners.ParentRunner.run(ParentRunner.java:413)
  at org.junit.runner.JUnitCore.run(JUnitCore.java:137)
  at org.junit.runner.JUnitCore.run(JUnitCore.java:115)
  at org.gradle.api.internal.tasks.testing.junit.JUnitTestExecutor.runRequest(JUnitTestExecutor.java:175)
  at org.gradle.api.internal.tasks.testing.junit.JUnitTestExecutor.accept(JUnitTestExecutor.java:84)
  at org.gradle.api.internal.tasks.testing.junit.JUnitTestExecutor.accept(JUnitTestExecutor.java:47)
  at org.gradle.api.internal.tasks.testing.junit.AbstractJUnitTestDefinitionProcessor.processTestDefinition(AbstractJUnitTestDefinitionProcessor.java:65)
  at org.gradle.api.internal.tasks.testing.SuiteTestDefinitionProcessor.processTestDefinition(SuiteTestDefinitionProcessor.java:54)
  at java.base/jdk.internal.reflect.DirectMethodHandleAccessor.invoke(DirectMethodHandleAccessor.java:104)
  at java.base/java.lang.reflect.Method.invoke(Method.java:565)
  at org.gradle.internal.dispatch.MethodInvocation.invokeOn(MethodInvocation.java:77)
  at org.gradle.internal.dispatch.ReflectionDispatch.dispatch(ReflectionDispatch.java:28)
  at org.gradle.internal.dispatch.ReflectionDispatch.dispatch(ReflectionDispatch.java:19)
  at org.gradle.internal.dispatch.ContextClassLoaderDispatch.dispatch(ContextClassLoaderDispatch.java:33)
  at org.gradle.internal.dispatch.ProxyDispatchAdapter$DispatchingInvocationHandler.invoke(ProxyDispatchAdapter.java:88)
  at jdk.proxy1/jdk.proxy1.$Proxy4.processTestDefinition(Unknown Source)
  at org.gradle.api.internal.tasks.testing.worker.TestWorker$2.run(TestWorker.java:178)
  at org.gradle.api.internal.tasks.testing.worker.TestWorker.executeAndMaintainThreadName(TestWorker.java:126)
  at org.gradle.api.internal.tasks.testing.worker.TestWorker.execute(TestWorker.java:103)
  at org.gradle.api.internal.tasks.testing.worker.TestWorker.execute(TestWorker.java:63)
  at org.gradle.process.internal.worker.child.ActionExecutionWorker.execute(ActionExecutionWorker.java:56)
  at org.gradle.process.internal.worker.child.SystemApplicationClassLoaderWorker.call(SystemApplicationClassLoaderWorker.java:122)
  at org.gradle.process.internal.worker.child.SystemApplicationClassLoaderWorker.call(SystemApplicationClassLoaderWorker.java:72)
  at worker.org.gradle.process.internal.worker.GradleWorkerMain.run(GradleWorkerMain.java:69)
  at worker.org.gradle.process.internal.worker.GradleWorkerMain.main(GradleWorkerMain.java:74)
</stacktrace>
</test-failure>


TypeScriptCompilerTests_P[jvm] > parseImportAttributesError_ts has expected errors matching parseImportAttributesError_errors_txt[jvm] FAILED

<test-failure test="com.xemantic.typescript.compiler.TypeScriptCompilerTests_P.parseJsxElementInUnaryExpressionNoCrash2_ts has expected errors matching parseJsxElementInUnaryExpressionNoCrash2_errors_txt" platform="jvm">
<message>
--- expected
+++ actual
@@ -1,7 +1,8 @@
-a.js(1,9): error TS1109: Expression expected.
+a.js(2,1): error TS1109: Expression expected.
 
 
 ==== a.js (1 errors) ====
     ~<></> <
-            
+    
+    
 !!! error TS1109: Expression expected.

</message>
<stacktrace>
  at org.junit.Assert.fail(Assert.java:89)
  at kotlin.test.junit.JUnitAsserter.fail(JUnitSupport.kt:56)
  at kotlin.test.AssertionsKt__AssertionsKt.fail(Assertions.kt:563)
  at kotlin.test.AssertionsKt.fail(Unknown Source)
  at com.xemantic.kotlin.test.SameAsKt.sameAs(SameAs.kt:52)
  at com.xemantic.typescript.compiler.TypeScriptTestSupportKt.errorsMatchBaseline(TypeScriptTestSupport.kt:135)
  at com.xemantic.typescript.compiler.TypeScriptCompilerTests_P.parseJsxElementInUnaryExpressionNoCrash2_ts has expected errors matching parseJsxElementInUnaryExpressionNoCrash2_errors_txt(TypeScriptCompilerTests_P.kt:644)
  at java.base/jdk.internal.reflect.DirectMethodHandleAccessor.invoke(DirectMethodHandleAccessor.java:104)
  at java.base/java.lang.reflect.Method.invoke(Method.java:565)
  at org.junit.runners.model.FrameworkMethod$1.runReflectiveCall(FrameworkMethod.java:59)
  at org.junit.internal.runners.model.ReflectiveCallable.run(ReflectiveCallable.java:12)
  at org.junit.runners.model.FrameworkMethod.invokeExplosively(FrameworkMethod.java:56)
  at org.junit.internal.runners.statements.InvokeMethod.evaluate(InvokeMethod.java:17)
  at org.junit.runners.ParentRunner$3.evaluate(ParentRunner.java:306)
  at org.junit.runners.BlockJUnit4ClassRunner$1.evaluate(BlockJUnit4ClassRunner.java:100)
  at org.junit.runners.ParentRunner.runLeaf(ParentRunner.java:366)
  at org.junit.runners.BlockJUnit4ClassRunner.runChild(BlockJUnit4ClassRunner.java:103)
  at org.junit.runners.BlockJUnit4ClassRunner.runChild(BlockJUnit4ClassRunner.java:63)
  at org.junit.runners.ParentRunner$4.run(ParentRunner.java:331)
  at org.junit.runners.ParentRunner$1.schedule(ParentRunner.java:79)
  at org.junit.runners.ParentRunner.runChildren(ParentRunner.java:329)
  at org.junit.runners.ParentRunner.access$100(ParentRunner.java:66)
  at org.junit.runners.ParentRunner$2.evaluate(ParentRunner.java:293)
  at org.junit.runners.ParentRunner$3.evaluate(ParentRunner.java:306)
  at org.junit.runners.ParentRunner.run(ParentRunner.java:413)
  at org.junit.runner.JUnitCore.run(JUnitCore.java:137)
  at org.junit.runner.JUnitCore.run(JUnitCore.java:115)
  at org.gradle.api.internal.tasks.testing.junit.JUnitTestExecutor.runRequest(JUnitTestExecutor.java:175)
  at org.gradle.api.internal.tasks.testing.junit.JUnitTestExecutor.accept(JUnitTestExecutor.java:84)
  at org.gradle.api.internal.tasks.testing.junit.JUnitTestExecutor.accept(JUnitTestExecutor.java:47)
  at org.gradle.api.internal.tasks.testing.junit.AbstractJUnitTestDefinitionProcessor.processTestDefinition(AbstractJUnitTestDefinitionProcessor.java:65)
  at org.gradle.api.internal.tasks.testing.SuiteTestDefinitionProcessor.processTestDefinition(SuiteTestDefinitionProcessor.java:54)
  at java.base/jdk.internal.reflect.DirectMethodHandleAccessor.invoke(DirectMethodHandleAccessor.java:104)
  at java.base/java.lang.reflect.Method.invoke(Method.java:565)
  at org.gradle.internal.dispatch.MethodInvocation.invokeOn(MethodInvocation.java:77)
  at org.gradle.internal.dispatch.ReflectionDispatch.dispatch(ReflectionDispatch.java:28)
  at org.gradle.internal.dispatch.ReflectionDispatch.dispatch(ReflectionDispatch.java:19)
  at org.gradle.internal.dispatch.ContextClassLoaderDispatch.dispatch(ContextClassLoaderDispatch.java:33)
  at org.gradle.internal.dispatch.ProxyDispatchAdapter$DispatchingInvocationHandler.invoke(ProxyDispatchAdapter.java:88)
  at jdk.proxy1/jdk.proxy1.$Proxy4.processTestDefinition(Unknown Source)
  at org.gradle.api.internal.tasks.testing.worker.TestWorker$2.run(TestWorker.java:178)
  at org.gradle.api.internal.tasks.testing.worker.TestWorker.executeAndMaintainThreadName(TestWorker.java:126)
  at org.gradle.api.internal.tasks.testing.worker.TestWorker.execute(TestWorker.java:103)
  at org.gradle.api.internal.tasks.testing.worker.TestWorker.execute(TestWorker.java:63)
  at org.gradle.process.internal.worker.child.ActionExecutionWorker.execute(ActionExecutionWorker.java:56)
  at org.gradle.process.internal.worker.child.SystemApplicationClassLoaderWorker.call(SystemApplicationClassLoaderWorker.java:122)
  at org.gradle.process.internal.worker.child.SystemApplicationClassLoaderWorker.call(SystemApplicationClassLoaderWorker.java:72)
  at worker.org.gradle.process.internal.worker.GradleWorkerMain.run(GradleWorkerMain.java:69)
  at worker.org.gradle.process.internal.worker.GradleWorkerMain.main(GradleWorkerMain.java:74)
</stacktrace>
</test-failure>


TypeScriptCompilerTests_P[jvm] > parseJsxElementInUnaryExpressionNoCrash2_ts has expected errors matching parseJsxElementInUnaryExpressionNoCrash2_errors_txt[jvm] FAILED

<test-failure test="com.xemantic.typescript.compiler.TypeScriptCompilerTests_P.parametersSyntaxErrorNoCrash3_ts has expected errors matching parametersSyntaxErrorNoCrash3_errors_txt" platform="jvm">
<message>
--- expected
+++ actual
@@ -1,15 +1,10 @@
 parametersSyntaxErrorNoCrash3.ts(3,17): error TS2391: Function implementation is missing or not immediately following the declaration.
 parametersSyntaxErrorNoCrash3.ts(3,17): error TS7010: 'getHtml', which lacks return-type annotation, implicitly has an 'any' return type.
-parametersSyntaxErrorNoCrash3.ts(4,11): error TS2300: Duplicate identifier '(Missing)'.
-parametersSyntaxErrorNoCrash3.ts(4,11): error TS2842: '(Missing)' is an unused renaming of 'return'. Did you intend to use it as a type annotation?
-parametersSyntaxErrorNoCrash3.ts(4,13): error TS1005: ':' expected.
-parametersSyntaxErrorNoCrash3.ts(4,22): error TS2300: Duplicate identifier '(Missing)'.
-parametersSyntaxErrorNoCrash3.ts(4,22): error TS2842: '(Missing)' is an unused renaming of '" string"'. Did you intend to use it as a type annotation?
-parametersSyntaxErrorNoCrash3.ts(5,1): error TS1005: ':' expected.
-parametersSyntaxErrorNoCrash3.ts(5,2): error TS1005: ')' expected.
+parametersSyntaxErrorNoCrash3.ts(4,13): error TS1005: '}' expected.
+parametersSyntaxErrorNoCrash3.ts(5,1): error TS1128: Declaration or statement expected.
 
 
-==== parametersSyntaxErrorNoCrash3.ts (9 errors) ====
+==== parametersSyntaxErrorNoCrash3.ts (4 errors) ====
     // https://github.com/microsoft/TypeScript/issues/59449
     
     export function getHtml({
@@ -18,20 +13,8 @@
                     ~~~~~~~
 !!! error TS7010: 'getHtml', which lacks return-type annotation, implicitly has an 'any' return type.
         return  " string" // a long string;
-              
-!!! error TS2300: Duplicate identifier '(Missing)'.
-              
-!!! error TS2842: '(Missing)' is an unused renaming of 'return'. Did you intend to use it as a type annotation?
-!!! related TS2843 parametersSyntaxErrorNoCrash3.ts:5:2: We can only write a type for 'return' by adding a type for the entire parameter here.
                 ~~~~~~~~~
-!!! error TS1005: ':' expected.
-                         
-!!! error TS2300: Duplicate identifier '(Missing)'.
-                         
-!!! error TS2842: '(Missing)' is an unused renaming of '" string"'. Did you intend to use it as a type annotation?
-!!! related TS2843 parametersSyntaxErrorNoCrash3.ts:5:2: We can only write a type for '" string"' by adding a type for the entire parameter here.
+!!! error TS1005: '}' expected.
     }
     ~
-!!! error TS1005: ':' expected.
-     
-!!! error TS1005: ')' expected.
+!!! error TS1128: Declaration or statement expected.

</message>
<stacktrace>
  at org.junit.Assert.fail(Assert.java:89)
  at kotlin.test.junit.JUnitAsserter.fail(JUnitSupport.kt:56)
  at kotlin.test.AssertionsKt__AssertionsKt.fail(Assertions.kt:563)
  at kotlin.test.AssertionsKt.fail(Unknown Source)
  at com.xemantic.kotlin.test.SameAsKt.sameAs(SameAs.kt:52)
  at com.xemantic.typescript.compiler.TypeScriptTestSupportKt.errorsMatchBaseline(TypeScriptTestSupport.kt:135)
  at com.xemantic.typescript.compiler.TypeScriptCompilerTests_P.parametersSyntaxErrorNoCrash3_ts has expected errors matching parametersSyntaxErrorNoCrash3_errors_txt(TypeScriptCompilerTests_P.kt:315)
  at java.base/jdk.internal.reflect.DirectMethodHandleAccessor.invoke(DirectMethodHandleAccessor.java:104)
  at java.base/java.lang.reflect.Method.invoke(Method.java:565)
  at org.junit.runners.model.FrameworkMethod$1.runReflectiveCall(FrameworkMethod.java:59)
  at org.junit.internal.runners.model.ReflectiveCallable.run(ReflectiveCallable.java:12)
  at org.junit.runners.model.FrameworkMethod.invokeExplosively(FrameworkMethod.java:56)
  at org.junit.internal.runners.statements.InvokeMethod.evaluate(InvokeMethod.java:17)
  at org.junit.runners.ParentRunner$3.evaluate(ParentRunner.java:306)
  at org.junit.runners.BlockJUnit4ClassRunner$1.evaluate(BlockJUnit4ClassRunner.java:100)
  at org.junit.runners.ParentRunner.runLeaf(ParentRunner.java:366)
  at org.junit.runners.BlockJUnit4ClassRunner.runChild(BlockJUnit4ClassRunner.java:103)
  at org.junit.runners.BlockJUnit4ClassRunner.runChild(BlockJUnit4ClassRunner.java:63)
  at org.junit.runners.ParentRunner$4.run(ParentRunner.java:331)
  at org.junit.runners.ParentRunner$1.schedule(ParentRunner.java:79)
  at org.junit.runners.ParentRunner.runChildren(ParentRunner.java:329)
  at org.junit.runners.ParentRunner.access$100(ParentRunner.java:66)
  at org.junit.runners.ParentRunner$2.evaluate(ParentRunner.java:293)
  at org.junit.runners.ParentRunner$3.evaluate(ParentRunner.java:306)
  at org.junit.runners.ParentRunner.run(ParentRunner.java:413)
  at org.junit.runner.JUnitCore.run(JUnitCore.java:137)
  at org.junit.runner.JUnitCore.run(JUnitCore.java:115)
  at org.gradle.api.internal.tasks.testing.junit.JUnitTestExecutor.runRequest(JUnitTestExecutor.java:175)
  at org.gradle.api.internal.tasks.testing.junit.JUnitTestExecutor.accept(JUnitTestExecutor.java:84)
  at org.gradle.api.internal.tasks.testing.junit.JUnitTestExecutor.accept(JUnitTestExecutor.java:47)
  at org.gradle.api.internal.tasks.testing.junit.AbstractJUnitTestDefinitionProcessor.processTestDefinition(AbstractJUnitTestDefinitionProcessor.java:65)
  at org.gradle.api.internal.tasks.testing.SuiteTestDefinitionProcessor.processTestDefinition(SuiteTestDefinitionProcessor.java:54)
  at java.base/jdk.internal.reflect.DirectMethodHandleAccessor.invoke(DirectMethodHandleAccessor.java:104)
  at java.base/java.lang.reflect.Method.invoke(Method.java:565)
  at org.gradle.internal.dispatch.MethodInvocation.invokeOn(MethodInvocation.java:77)
  at org.gradle.internal.dispatch.ReflectionDispatch.dispatch(ReflectionDispatch.java:28)
  at org.gradle.internal.dispatch.ReflectionDispatch.dispatch(ReflectionDispatch.java:19)
  at org.gradle.internal.dispatch.ContextClassLoaderDispatch.dispatch(ContextClassLoaderDispatch.java:33)
  at org.gradle.internal.dispatch.ProxyDispatchAdapter$DispatchingInvocationHandler.invoke(ProxyDispatchAdapter.java:88)
  at jdk.proxy1/jdk.proxy1.$Proxy4.processTestDefinition(Unknown Source)
  at org.gradle.api.internal.tasks.testing.worker.TestWorker$2.run(TestWorker.java:178)
  at org.gradle.api.internal.tasks.testing.worker.TestWorker.executeAndMaintainThreadName(TestWorker.java:126)
  at org.gradle.api.internal.tasks.testing.worker.TestWorker.execute(TestWorker.java:103)
  at org.gradle.api.internal.tasks.testing.worker.TestWorker.execute(TestWorker.java:63)
  at org.gradle.process.internal.worker.child.ActionExecutionWorker.execute(ActionExecutionWorker.java:56)
  at org.gradle.process.internal.worker.child.SystemApplicationClassLoaderWorker.call(SystemApplicationClassLoaderWorker.java:122)
  at org.gradle.process.internal.worker.child.SystemApplicationClassLoaderWorker.call(SystemApplicationClassLoaderWorker.java:72)
  at worker.org.gradle.process.internal.worker.GradleWorkerMain.run(GradleWorkerMain.java:69)
  at worker.org.gradle.process.internal.worker.GradleWorkerMain.main(GradleWorkerMain.java:74)
</stacktrace>
</test-failure>


TypeScriptCompilerTests_P[jvm] > parametersSyntaxErrorNoCrash3_ts has expected errors matching parametersSyntaxErrorNoCrash3_errors_txt[jvm] FAILED

<test-failure test="com.xemantic.typescript.compiler.TypeScriptCompilerTests_P.parseUnaryExpressionNoTypeAssertionInJsx4_ts has expected errors matching parseUnaryExpressionNoTypeAssertionInJsx4_errors_txt" platform="jvm">
<message>
--- expected
+++ actual
@@ -1,24 +1,12 @@
-index.tsx(3,14): error TS17008: JSX element 'number' has no corresponding closing tag.
-index.tsx(4,13): error TS17014: JSX fragment has no corresponding closing tag.
-index.tsx(5,14): error TS1003: Identifier expected.
-index.tsx(5,18): error TS1382: Unexpected token. Did you mean `{'>'}` or `&gt;`?
-index.tsx(6,1): error TS1005: '</' expected.
+index.tsx(6,1): error TS1005: '<' expected.
 
 
-==== index.tsx (5 errors) ====
+==== index.tsx (1 errors) ====
     const x = "oops";
     
     const a = + <number> x;
-                 ~~~~~~
-!!! error TS17008: JSX element 'number' has no corresponding closing tag.
     const b = + <> x;
-                ~~
-!!! error TS17014: JSX fragment has no corresponding closing tag.
     const c = + <1234> x;
-                 ~~~~
-!!! error TS1003: Identifier expected.
-                     ~
-!!! error TS1382: Unexpected token. Did you mean `{'>'}` or `&gt;`?
     
     
-!!! error TS1005: '</' expected.
+!!! error TS1005: '<' expected.

</message>
<stacktrace>
  at org.junit.Assert.fail(Assert.java:89)
  at kotlin.test.junit.JUnitAsserter.fail(JUnitSupport.kt:56)
  at kotlin.test.AssertionsKt__AssertionsKt.fail(Assertions.kt:563)
  at kotlin.test.AssertionsKt.fail(Unknown Source)
  at com.xemantic.kotlin.test.SameAsKt.sameAs(SameAs.kt:52)
  at com.xemantic.typescript.compiler.TypeScriptTestSupportKt.errorsMatchBaseline(TypeScriptTestSupport.kt:135)
  at com.xemantic.typescript.compiler.TypeScriptCompilerTests_P.parseUnaryExpressionNoTypeAssertionInJsx4_ts has expected errors matching parseUnaryExpressionNoTypeAssertionInJsx4_errors_txt(TypeScriptCompilerTests_P.kt:749)
  at java.base/jdk.internal.reflect.DirectMethodHandleAccessor.invoke(DirectMethodHandleAccessor.java:104)
  at java.base/java.lang.reflect.Method.invoke(Method.java:565)
  at org.junit.runners.model.FrameworkMethod$1.runReflectiveCall(FrameworkMethod.java:59)
  at org.junit.internal.runners.model.ReflectiveCallable.run(ReflectiveCallable.java:12)
  at org.junit.runners.model.FrameworkMethod.invokeExplosively(FrameworkMethod.java:56)
  at org.junit.internal.runners.statements.InvokeMethod.evaluate(InvokeMethod.java:17)
  at org.junit.runners.ParentRunner$3.evaluate(ParentRunner.java:306)
  at org.junit.runners.BlockJUnit4ClassRunner$1.evaluate(BlockJUnit4ClassRunner.java:100)
  at org.junit.runners.ParentRunner.runLeaf(ParentRunner.java:366)
  at org.junit.runners.BlockJUnit4ClassRunner.runChild(BlockJUnit4ClassRunner.java:103)
  at org.junit.runners.BlockJUnit4ClassRunner.runChild(BlockJUnit4ClassRunner.java:63)
  at org.junit.runners.ParentRunner$4.run(ParentRunner.java:331)
  at org.junit.runners.ParentRunner$1.schedule(ParentRunner.java:79)
  at org.junit.runners.ParentRunner.runChildren(ParentRunner.java:329)
  at org.junit.runners.ParentRunner.access$100(ParentRunner.java:66)
  at org.junit.runners.ParentRunner$2.evaluate(ParentRunner.java:293)
  at org.junit.runners.ParentRunner$3.evaluate(ParentRunner.java:306)
  at org.junit.runners.ParentRunner.run(ParentRunner.java:413)
  at org.junit.runner.JUnitCore.run(JUnitCore.java:137)
  at org.junit.runner.JUnitCore.run(JUnitCore.java:115)
  at org.gradle.api.internal.tasks.testing.junit.JUnitTestExecutor.runRequest(JUnitTestExecutor.java:175)
  at org.gradle.api.internal.tasks.testing.junit.JUnitTestExecutor.accept(JUnitTestExecutor.java:84)
  at org.gradle.api.internal.tasks.testing.junit.JUnitTestExecutor.accept(JUnitTestExecutor.java:47)
  at org.gradle.api.internal.tasks.testing.junit.AbstractJUnitTestDefinitionProcessor.processTestDefinition(AbstractJUnitTestDefinitionProcessor.java:65)
  at org.gradle.api.internal.tasks.testing.SuiteTestDefinitionProcessor.processTestDefinition(SuiteTestDefinitionProcessor.java:54)
  at java.base/jdk.internal.reflect.DirectMethodHandleAccessor.invoke(DirectMethodHandleAccessor.java:104)
  at java.base/java.lang.reflect.Method.invoke(Method.java:565)
  at org.gradle.internal.dispatch.MethodInvocation.invokeOn(MethodInvocation.java:77)
  at org.gradle.internal.dispatch.ReflectionDispatch.dispatch(ReflectionDispatch.java:28)
  at org.gradle.internal.dispatch.ReflectionDispatch.dispatch(ReflectionDispatch.java:19)
  at org.gradle.internal.dispatch.ContextClassLoaderDispatch.dispatch(ContextClassLoaderDispatch.java:33)
  at org.gradle.internal.dispatch.ProxyDispatchAdapter$DispatchingInvocationHandler.invoke(ProxyDispatchAdapter.java:88)
  at jdk.proxy1/jdk.proxy1.$Proxy4.processTestDefinition(Unknown Source)
  at org.gradle.api.internal.tasks.testing.worker.TestWorker$2.run(TestWorker.java:178)
  at org.gradle.api.internal.tasks.testing.worker.TestWorker.executeAndMaintainThreadName(TestWorker.java:126)
  at org.gradle.api.internal.tasks.testing.worker.TestWorker.execute(TestWorker.java:103)
  at org.gradle.api.internal.tasks.testing.worker.TestWorker.execute(TestWorker.java:63)
  at org.gradle.process.internal.worker.child.ActionExecutionWorker.execute(ActionExecutionWorker.java:56)
  at org.gradle.process.internal.worker.child.SystemApplicationClassLoaderWorker.call(SystemApplicationClassLoaderWorker.java:122)
  at org.gradle.process.internal.worker.child.SystemApplicationClassLoaderWorker.call(SystemApplicationClassLoaderWorker.java:72)
  at worker.org.gradle.process.internal.worker.GradleWorkerMain.run(GradleWorkerMain.java:69)
  at worker.org.gradle.process.internal.worker.GradleWorkerMain.main(GradleWorkerMain.java:74)
</stacktrace>
</test-failure>


TypeScriptCompilerTests_P[jvm] > parseUnaryExpressionNoTypeAssertionInJsx4_ts has expected errors matching parseUnaryExpressionNoTypeAssertionInJsx4_errors_txt[jvm] FAILED

<test-failure test="com.xemantic.typescript.compiler.TypeScriptCompilerTests_P.parenthesizedArrowExpressionASI_ts has expected errors matching parenthesizedArrowExpressionASI_errors_txt" platform="jvm">
<message>
Expected diagnostics from baseline typescript-repo/tests/baselines/reference/parenthesizedArrowExpressionASI.errors.txt but none produced
</message>
<stacktrace>
  at com.xemantic.typescript.compiler.TypeScriptTestSupportKt.errorsMatchBaseline(TypeScriptTestSupport.kt:125)
  at com.xemantic.typescript.compiler.TypeScriptCompilerTests_P.parenthesizedArrowExpressionASI_ts has expected errors matching parenthesizedArrowExpressionASI_errors_txt(TypeScriptCompilerTests_P.kt:371)
  at java.base/jdk.internal.reflect.DirectMethodHandleAccessor.invoke(DirectMethodHandleAccessor.java:104)
  at java.base/java.lang.reflect.Method.invoke(Method.java:565)
  at org.junit.runners.model.FrameworkMethod$1.runReflectiveCall(FrameworkMethod.java:59)
  at org.junit.internal.runners.model.ReflectiveCallable.run(ReflectiveCallable.java:12)
  at org.junit.runners.model.FrameworkMethod.invokeExplosively(FrameworkMethod.java:56)
  at org.junit.internal.runners.statements.InvokeMethod.evaluate(InvokeMethod.java:17)
  at org.junit.runners.ParentRunner$3.evaluate(ParentRunner.java:306)
  at org.junit.runners.BlockJUnit4ClassRunner$1.evaluate(BlockJUnit4ClassRunner.java:100)
  at org.junit.runners.ParentRunner.runLeaf(ParentRunner.java:366)
  at org.junit.runners.BlockJUnit4ClassRunner.runChild(BlockJUnit4ClassRunner.java:103)
  at org.junit.runners.BlockJUnit4ClassRunner.runChild(BlockJUnit4ClassRunner.java:63)
  at org.junit.runners.ParentRunner$4.run(ParentRunner.java:331)
  at org.junit.runners.ParentRunner$1.schedule(ParentRunner.java:79)
  at org.junit.runners.ParentRunner.runChildren(ParentRunner.java:329)
  at org.junit.runners.ParentRunner.access$100(ParentRunner.java:66)
  at org.junit.runners.ParentRunner$2.evaluate(ParentRunner.java:293)
  at org.junit.runners.ParentRunner$3.evaluate(ParentRunner.java:306)
  at org.junit.runners.ParentRunner.run(ParentRunner.java:413)
  at org.junit.runner.JUnitCore.run(JUnitCore.java:137)
  at org.junit.runner.JUnitCore.run(JUnitCore.java:115)
  at org.gradle.api.internal.tasks.testing.junit.JUnitTestExecutor.runRequest(JUnitTestExecutor.java:175)
  at org.gradle.api.internal.tasks.testing.junit.JUnitTestExecutor.accept(JUnitTestExecutor.java:84)
  at org.gradle.api.internal.tasks.testing.junit.JUnitTestExecutor.accept(JUnitTestExecutor.java:47)
  at org.gradle.api.internal.tasks.testing.junit.AbstractJUnitTestDefinitionProcessor.processTestDefinition(AbstractJUnitTestDefinitionProcessor.java:65)
  at org.gradle.api.internal.tasks.testing.SuiteTestDefinitionProcessor.processTestDefinition(SuiteTestDefinitionProcessor.java:54)
  at java.base/jdk.internal.reflect.DirectMethodHandleAccessor.invoke(DirectMethodHandleAccessor.java:104)
  at java.base/java.lang.reflect.Method.invoke(Method.java:565)
  at org.gradle.internal.dispatch.MethodInvocation.invokeOn(MethodInvocation.java:77)
  at org.gradle.internal.dispatch.ReflectionDispatch.dispatch(ReflectionDispatch.java:28)
  at org.gradle.internal.dispatch.ReflectionDispatch.dispatch(ReflectionDispatch.java:19)
  at org.gradle.internal.dispatch.ContextClassLoaderDispatch.dispatch(ContextClassLoaderDispatch.java:33)
  at org.gradle.internal.dispatch.ProxyDispatchAdapter$DispatchingInvocationHandler.invoke(ProxyDispatchAdapter.java:88)
  at jdk.proxy1/jdk.proxy1.$Proxy4.processTestDefinition(Unknown Source)
  at org.gradle.api.internal.tasks.testing.worker.TestWorker$2.run(TestWorker.java:178)
  at org.gradle.api.internal.tasks.testing.worker.TestWorker.executeAndMaintainThreadName(TestWorker.java:126)
  at org.gradle.api.internal.tasks.testing.worker.TestWorker.execute(TestWorker.java:103)
  at org.gradle.api.internal.tasks.testing.worker.TestWorker.execute(TestWorker.java:63)
  at org.gradle.process.internal.worker.child.ActionExecutionWorker.execute(ActionExecutionWorker.java:56)
  at org.gradle.process.internal.worker.child.SystemApplicationClassLoaderWorker.call(SystemApplicationClassLoaderWorker.java:122)
  at org.gradle.process.internal.worker.child.SystemApplicationClassLoaderWorker.call(SystemApplicationClassLoaderWorker.java:72)
  at worker.org.gradle.process.internal.worker.GradleWorkerMain.run(GradleWorkerMain.java:69)
  at worker.org.gradle.process.internal.worker.GradleWorkerMain.main(GradleWorkerMain.java:74)
</stacktrace>
</test-failure>


TypeScriptCompilerTests_P[jvm] > parenthesizedArrowExpressionASI_ts has expected errors matching parenthesizedArrowExpressionASI_errors_txt[jvm] FAILED

<test-failure test="com.xemantic.typescript.compiler.TypeScriptCompilerTests_P.propertyAccessibility1_ts has expected errors matching propertyAccessibility1_errors_txt" platform="jvm">
<message>
Expected diagnostics from baseline typescript-repo/tests/baselines/reference/propertyAccessibility1.errors.txt but none produced
</message>
<stacktrace>
  at com.xemantic.typescript.compiler.TypeScriptTestSupportKt.errorsMatchBaseline(TypeScriptTestSupport.kt:125)
  at com.xemantic.typescript.compiler.TypeScriptCompilerTests_P.propertyAccessibility1_ts has expected errors matching propertyAccessibility1_errors_txt(TypeScriptCompilerTests_P.kt:2716)
  at java.base/jdk.internal.reflect.DirectMethodHandleAccessor.invoke(DirectMethodHandleAccessor.java:104)
  at java.base/java.lang.reflect.Method.invoke(Method.java:565)
  at org.junit.runners.model.FrameworkMethod$1.runReflectiveCall(FrameworkMethod.java:59)
  at org.junit.internal.runners.model.ReflectiveCallable.run(ReflectiveCallable.java:12)
  at org.junit.runners.model.FrameworkMethod.invokeExplosively(FrameworkMethod.java:56)
  at org.junit.internal.runners.statements.InvokeMethod.evaluate(InvokeMethod.java:17)
  at org.junit.runners.ParentRunner$3.evaluate(ParentRunner.java:306)
  at org.junit.runners.BlockJUnit4ClassRunner$1.evaluate(BlockJUnit4ClassRunner.java:100)
  at org.junit.runners.ParentRunner.runLeaf(ParentRunner.java:366)
  at org.junit.runners.BlockJUnit4ClassRunner.runChild(BlockJUnit4ClassRunner.java:103)
  at org.junit.runners.BlockJUnit4ClassRunner.runChild(BlockJUnit4ClassRunner.java:63)
  at org.junit.runners.ParentRunner$4.run(ParentRunner.java:331)
  at org.junit.runners.ParentRunner$1.schedule(ParentRunner.java:79)
  at org.junit.runners.ParentRunner.runChildren(ParentRunner.java:329)
  at org.junit.runners.ParentRunner.access$100(ParentRunner.java:66)
  at org.junit.runners.ParentRunner$2.evaluate(ParentRunner.java:293)
  at org.junit.runners.ParentRunner$3.evaluate(ParentRunner.java:306)
  at org.junit.runners.ParentRunner.run(ParentRunner.java:413)
  at org.junit.runner.JUnitCore.run(JUnitCore.java:137)
  at org.junit.runner.JUnitCore.run(JUnitCore.java:115)
  at org.gradle.api.internal.tasks.testing.junit.JUnitTestExecutor.runRequest(JUnitTestExecutor.java:175)
  at org.gradle.api.internal.tasks.testing.junit.JUnitTestExecutor.accept(JUnitTestExecutor.java:84)
  at org.gradle.api.internal.tasks.testing.junit.JUnitTestExecutor.accept(JUnitTestExecutor.java:47)
  at org.gradle.api.internal.tasks.testing.junit.AbstractJUnitTestDefinitionProcessor.processTestDefinition(AbstractJUnitTestDefinitionProcessor.java:65)
  at org.gradle.api.internal.tasks.testing.SuiteTestDefinitionProcessor.processTestDefinition(SuiteTestDefinitionProcessor.java:54)
  at java.base/jdk.internal.reflect.DirectMethodHandleAccessor.invoke(DirectMethodHandleAccessor.java:104)
  at java.base/java.lang.reflect.Method.invoke(Method.java:565)
  at org.gradle.internal.dispatch.MethodInvocation.invokeOn(MethodInvocation.java:77)
  at org.gradle.internal.dispatch.ReflectionDispatch.dispatch(ReflectionDispatch.java:28)
  at org.gradle.internal.dispatch.ReflectionDispatch.dispatch(ReflectionDispatch.java:19)
  at org.gradle.internal.dispatch.ContextClassLoaderDispatch.dispatch(ContextClassLoaderDispatch.java:33)
  at org.gradle.internal.dispatch.ProxyDispatchAdapter$DispatchingInvocationHandler.invoke(ProxyDispatchAdapter.java:88)
  at jdk.proxy1/jdk.proxy1.$Proxy4.processTestDefinition(Unknown Source)
  at org.gradle.api.internal.tasks.testing.worker.TestWorker$2.run(TestWorker.java:178)
  at org.gradle.api.internal.tasks.testing.worker.TestWorker.executeAndMaintainThreadName(TestWorker.java:126)
  at org.gradle.api.internal.tasks.testing.worker.TestWorker.execute(TestWorker.java:103)
  at org.gradle.api.internal.tasks.testing.worker.TestWorker.execute(TestWorker.java:63)
  at org.gradle.process.internal.worker.child.ActionExecutionWorker.execute(ActionExecutionWorker.java:56)
  at org.gradle.process.internal.worker.child.SystemApplicationClassLoaderWorker.call(SystemApplicationClassLoaderWorker.java:122)
  at org.gradle.process.internal.worker.child.SystemApplicationClassLoaderWorker.call(SystemApplicationClassLoaderWorker.java:72)
  at worker.org.gradle.process.internal.worker.GradleWorkerMain.run(GradleWorkerMain.java:69)
  at worker.org.gradle.process.internal.worker.GradleWorkerMain.main(GradleWorkerMain.java:74)
</stacktrace>
</test-failure>


TypeScriptCompilerTests_P[jvm] > propertyAccessibility1_ts has expected errors matching propertyAccessibility1_errors_txt[jvm] FAILED

<test-failure test="com.xemantic.typescript.compiler.TypeScriptCompilerTests_P.primitiveConstraints1_ts has expected errors matching primitiveConstraints1_errors_txt" platform="jvm">
<message>
Expected diagnostics from baseline typescript-repo/tests/baselines/reference/primitiveConstraints1.errors.txt but none produced
</message>
<stacktrace>
  at com.xemantic.typescript.compiler.TypeScriptTestSupportKt.errorsMatchBaseline(TypeScriptTestSupport.kt:125)
  at com.xemantic.typescript.compiler.TypeScriptCompilerTests_P.primitiveConstraints1_ts has expected errors matching primitiveConstraints1_errors_txt(TypeScriptCompilerTests_P.kt:1512)
  at java.base/jdk.internal.reflect.DirectMethodHandleAccessor.invoke(DirectMethodHandleAccessor.java:104)
  at java.base/java.lang.reflect.Method.invoke(Method.java:565)
  at org.junit.runners.model.FrameworkMethod$1.runReflectiveCall(FrameworkMethod.java:59)
  at org.junit.internal.runners.model.ReflectiveCallable.run(ReflectiveCallable.java:12)
  at org.junit.runners.model.FrameworkMethod.invokeExplosively(FrameworkMethod.java:56)
  at org.junit.internal.runners.statements.InvokeMethod.evaluate(InvokeMethod.java:17)
  at org.junit.runners.ParentRunner$3.evaluate(ParentRunner.java:306)
  at org.junit.runners.BlockJUnit4ClassRunner$1.evaluate(BlockJUnit4ClassRunner.java:100)
  at org.junit.runners.ParentRunner.runLeaf(ParentRunner.java:366)
  at org.junit.runners.BlockJUnit4ClassRunner.runChild(BlockJUnit4ClassRunner.java:103)
  at org.junit.runners.BlockJUnit4ClassRunner.runChild(BlockJUnit4ClassRunner.java:63)
  at org.junit.runners.ParentRunner$4.run(ParentRunner.java:331)
  at org.junit.runners.ParentRunner$1.schedule(ParentRunner.java:79)
  at org.junit.runners.ParentRunner.runChildren(ParentRunner.java:329)
  at org.junit.runners.ParentRunner.access$100(ParentRunner.java:66)
  at org.junit.runners.ParentRunner$2.evaluate(ParentRunner.java:293)
  at org.junit.runners.ParentRunner$3.evaluate(ParentRunner.java:306)
  at org.junit.runners.ParentRunner.run(ParentRunner.java:413)
  at org.junit.runner.JUnitCore.run(JUnitCore.java:137)
  at org.junit.runner.JUnitCore.run(JUnitCore.java:115)
  at org.gradle.api.internal.tasks.testing.junit.JUnitTestExecutor.runRequest(JUnitTestExecutor.java:175)
  at org.gradle.api.internal.tasks.testing.junit.JUnitTestExecutor.accept(JUnitTestExecutor.java:84)
  at org.gradle.api.internal.tasks.testing.junit.JUnitTestExecutor.accept(JUnitTestExecutor.java:47)
  at org.gradle.api.internal.tasks.testing.junit.AbstractJUnitTestDefinitionProcessor.processTestDefinition(AbstractJUnitTestDefinitionProcessor.java:65)
  at org.gradle.api.internal.tasks.testing.SuiteTestDefinitionProcessor.processTestDefinition(SuiteTestDefinitionProcessor.java:54)
  at java.base/jdk.internal.reflect.DirectMethodHandleAccessor.invoke(DirectMethodHandleAccessor.java:104)
  at java.base/java.lang.reflect.Method.invoke(Method.java:565)
  at org.gradle.internal.dispatch.MethodInvocation.invokeOn(MethodInvocation.java:77)
  at org.gradle.internal.dispatch.ReflectionDispatch.dispatch(ReflectionDispatch.java:28)
  at org.gradle.internal.dispatch.ReflectionDispatch.dispatch(ReflectionDispatch.java:19)
  at org.gradle.internal.dispatch.ContextClassLoaderDispatch.dispatch(ContextClassLoaderDispatch.java:33)
  at org.gradle.internal.dispatch.ProxyDispatchAdapter$DispatchingInvocationHandler.invoke(ProxyDispatchAdapter.java:88)
  at jdk.proxy1/jdk.proxy1.$Proxy4.processTestDefinition(Unknown Source)
  at org.gradle.api.internal.tasks.testing.worker.TestWorker$2.run(TestWorker.java:178)
  at org.gradle.api.internal.tasks.testing.worker.TestWorker.executeAndMaintainThreadName(TestWorker.java:126)
  at org.gradle.api.internal.tasks.testing.worker.TestWorker.execute(TestWorker.java:103)
  at org.gradle.api.internal.tasks.testing.worker.TestWorker.execute(TestWorker.java:63)
  at org.gradle.process.internal.worker.child.ActionExecutionWorker.execute(ActionExecutionWorker.java:56)
  at org.gradle.process.internal.worker.child.SystemApplicationClassLoaderWorker.call(SystemApplicationClassLoaderWorker.java:122)
  at org.gradle.process.internal.worker.child.SystemApplicationClassLoaderWorker.call(SystemApplicationClassLoaderWorker.java:72)
  at worker.org.gradle.process.internal.worker.GradleWorkerMain.run(GradleWorkerMain.java:69)
  at worker.org.gradle.process.internal.worker.GradleWorkerMain.main(GradleWorkerMain.java:74)
</stacktrace>
</test-failure>


TypeScriptCompilerTests_P[jvm] > primitiveConstraints1_ts has expected errors matching primitiveConstraints1_errors_txt[jvm] FAILED

<test-failure test="com.xemantic.typescript.compiler.TypeScriptCompilerTests_P.promiseEmptyTupleNoException_ts has expected errors matching promiseEmptyTupleNoException_errors_txt" platform="jvm">
<message>
Expected diagnostics from baseline typescript-repo/tests/baselines/reference/promiseEmptyTupleNoException.errors.txt but none produced
</message>
<stacktrace>
  at com.xemantic.typescript.compiler.TypeScriptTestSupportKt.errorsMatchBaseline(TypeScriptTestSupport.kt:125)
  at com.xemantic.typescript.compiler.TypeScriptCompilerTests_P.promiseEmptyTupleNoException_ts has expected errors matching promiseEmptyTupleNoException_errors_txt(TypeScriptCompilerTests_P.kt:2310)
  at java.base/jdk.internal.reflect.DirectMethodHandleAccessor.invoke(DirectMethodHandleAccessor.java:104)
  at java.base/java.lang.reflect.Method.invoke(Method.java:565)
  at org.junit.runners.model.FrameworkMethod$1.runReflectiveCall(FrameworkMethod.java:59)
  at org.junit.internal.runners.model.ReflectiveCallable.run(ReflectiveCallable.java:12)
  at org.junit.runners.model.FrameworkMethod.invokeExplosively(FrameworkMethod.java:56)
  at org.junit.internal.runners.statements.InvokeMethod.evaluate(InvokeMethod.java:17)
  at org.junit.runners.ParentRunner$3.evaluate(ParentRunner.java:306)
  at org.junit.runners.BlockJUnit4ClassRunner$1.evaluate(BlockJUnit4ClassRunner.java:100)
  at org.junit.runners.ParentRunner.runLeaf(ParentRunner.java:366)
  at org.junit.runners.BlockJUnit4ClassRunner.runChild(BlockJUnit4ClassRunner.java:103)
  at org.junit.runners.BlockJUnit4ClassRunner.runChild(BlockJUnit4ClassRunner.java:63)
  at org.junit.runners.ParentRunner$4.run(ParentRunner.java:331)
  at org.junit.runners.ParentRunner$1.schedule(ParentRunner.java:79)
  at org.junit.runners.ParentRunner.runChildren(ParentRunner.java:329)
  at org.junit.runners.ParentRunner.access$100(ParentRunner.java:66)
  at org.junit.runners.ParentRunner$2.evaluate(ParentRunner.java:293)
  at org.junit.runners.ParentRunner$3.evaluate(ParentRunner.java:306)
  at org.junit.runners.ParentRunner.run(ParentRunner.java:413)
  at org.junit.runner.JUnitCore.run(JUnitCore.java:137)
  at org.junit.runner.JUnitCore.run(JUnitCore.java:115)
  at org.gradle.api.internal.tasks.testing.junit.JUnitTestExecutor.runRequest(JUnitTestExecutor.java:175)
  at org.gradle.api.internal.tasks.testing.junit.JUnitTestExecutor.accept(JUnitTestExecutor.java:84)
  at org.gradle.api.internal.tasks.testing.junit.JUnitTestExecutor.accept(JUnitTestExecutor.java:47)
  at org.gradle.api.internal.tasks.testing.junit.AbstractJUnitTestDefinitionProcessor.processTestDefinition(AbstractJUnitTestDefinitionProcessor.java:65)
  at org.gradle.api.internal.tasks.testing.SuiteTestDefinitionProcessor.processTestDefinition(SuiteTestDefinitionProcessor.java:54)
  at java.base/jdk.internal.reflect.DirectMethodHandleAccessor.invoke(DirectMethodHandleAccessor.java:104)
  at java.base/java.lang.reflect.Method.invoke(Method.java:565)
  at org.gradle.internal.dispatch.MethodInvocation.invokeOn(MethodInvocation.java:77)
  at org.gradle.internal.dispatch.ReflectionDispatch.dispatch(ReflectionDispatch.java:28)
  at org.gradle.internal.dispatch.ReflectionDispatch.dispatch(ReflectionDispatch.java:19)
  at org.gradle.internal.dispatch.ContextClassLoaderDispatch.dispatch(ContextClassLoaderDispatch.java:33)
  at org.gradle.internal.dispatch.ProxyDispatchAdapter$DispatchingInvocationHandler.invoke(ProxyDispatchAdapter.java:88)
  at jdk.proxy1/jdk.proxy1.$Proxy4.processTestDefinition(Unknown Source)
  at org.gradle.api.internal.tasks.testing.worker.TestWorker$2.run(TestWorker.java:178)
  at org.gradle.api.internal.tasks.testing.worker.TestWorker.executeAndMaintainThreadName(TestWorker.java:126)
  at org.gradle.api.internal.tasks.testing.worker.TestWorker.execute(TestWorker.java:103)
  at org.gradle.api.internal.tasks.testing.worker.TestWorker.execute(TestWorker.java:63)
  at org.gradle.process.internal.worker.child.ActionExecutionWorker.execute(ActionExecutionWorker.java:56)
  at org.gradle.process.internal.worker.child.SystemApplicationClassLoaderWorker.call(SystemApplicationClassLoaderWorker.java:122)
  at org.gradle.process.internal.worker.child.SystemApplicationClassLoaderWorker.call(SystemApplicationClassLoaderWorker.java:72)
  at worker.org.gradle.process.internal.worker.GradleWorkerMain.run(GradleWorkerMain.java:69)
  at worker.org.gradle.process.internal.worker.GradleWorkerMain.main(GradleWorkerMain.java:74)
</stacktrace>
</test-failure>


TypeScriptCompilerTests_P[jvm] > promiseEmptyTupleNoException_ts has expected errors matching promiseEmptyTupleNoException_errors_txt[jvm] FAILED

<test-failure test="com.xemantic.typescript.compiler.TypeScriptCompilerTests_P.pathsValidation1_ts has expected errors matching pathsValidation1_errors_txt" platform="jvm">
<message>
--- expected
+++ actual
@@ -1,9 +1,8 @@
 tsconfig.json(3,9): error TS5101: Option 'baseUrl' is deprecated and will stop functioning in TypeScript 7.0. Specify compilerOption '"ignoreDeprecations": "6.0"' to silence this error.
   Visit https://aka.ms/ts6 for migration information.
-tsconfig.json(5,18): error TS5063: Substitutions for pattern '*' should be an array.
 
 
-==== tsconfig.json (2 errors) ====
+==== tsconfig.json (1 errors) ====
     {
         "compilerOptions": {
             "baseUrl": ".",
@@ -12,8 +11,6 @@
 !!! error TS5101:   Visit https://aka.ms/ts6 for migration information.
             "paths": {
                 "*": "*"
-                     ~~~
-!!! error TS5063: Substitutions for pattern '*' should be an array.
             }
         }
     }

</message>
<stacktrace>
  at org.junit.Assert.fail(Assert.java:89)
  at kotlin.test.junit.JUnitAsserter.fail(JUnitSupport.kt:56)
  at kotlin.test.AssertionsKt__AssertionsKt.fail(Assertions.kt:563)
  at kotlin.test.AssertionsKt.fail(Unknown Source)
  at com.xemantic.kotlin.test.SameAsKt.sameAs(SameAs.kt:52)
  at com.xemantic.typescript.compiler.TypeScriptTestSupportKt.errorsMatchBaseline(TypeScriptTestSupport.kt:135)
  at com.xemantic.typescript.compiler.TypeScriptCompilerTests_P.pathsValidation1_ts has expected errors matching pathsValidation1_errors_txt(TypeScriptCompilerTests_P.kt:1288)
  at java.base/jdk.internal.reflect.DirectMethodHandleAccessor.invoke(DirectMethodHandleAccessor.java:104)
  at java.base/java.lang.reflect.Method.invoke(Method.java:565)
  at org.junit.runners.model.FrameworkMethod$1.runReflectiveCall(FrameworkMethod.java:59)
  at org.junit.internal.runners.model.ReflectiveCallable.run(ReflectiveCallable.java:12)
  at org.junit.runners.model.FrameworkMethod.invokeExplosively(FrameworkMethod.java:56)
  at org.junit.internal.runners.statements.InvokeMethod.evaluate(InvokeMethod.java:17)
  at org.junit.runners.ParentRunner$3.evaluate(ParentRunner.java:306)
  at org.junit.runners.BlockJUnit4ClassRunner$1.evaluate(BlockJUnit4ClassRunner.java:100)
  at org.junit.runners.ParentRunner.runLeaf(ParentRunner.java:366)
  at org.junit.runners.BlockJUnit4ClassRunner.runChild(BlockJUnit4ClassRunner.java:103)
  at org.junit.runners.BlockJUnit4ClassRunner.runChild(BlockJUnit4ClassRunner.java:63)
  at org.junit.runners.ParentRunner$4.run(ParentRunner.java:331)
  at org.junit.runners.ParentRunner$1.schedule(ParentRunner.java:79)
  at org.junit.runners.ParentRunner.runChildren(ParentRunner.java:329)
  at org.junit.runners.ParentRunner.access$100(ParentRunner.java:66)
  at org.junit.runners.ParentRunner$2.evaluate(ParentRunner.java:293)
  at org.junit.runners.ParentRunner$3.evaluate(ParentRunner.java:306)
  at org.junit.runners.ParentRunner.run(ParentRunner.java:413)
  at org.junit.runner.JUnitCore.run(JUnitCore.java:137)
  at org.junit.runner.JUnitCore.run(JUnitCore.java:115)
  at org.gradle.api.internal.tasks.testing.junit.JUnitTestExecutor.runRequest(JUnitTestExecutor.java:175)
  at org.gradle.api.internal.tasks.testing.junit.JUnitTestExecutor.accept(JUnitTestExecutor.java:84)
  at org.gradle.api.internal.tasks.testing.junit.JUnitTestExecutor.accept(JUnitTestExecutor.java:47)
  at org.gradle.api.internal.tasks.testing.junit.AbstractJUnitTestDefinitionProcessor.processTestDefinition(AbstractJUnitTestDefinitionProcessor.java:65)
  at org.gradle.api.internal.tasks.testing.SuiteTestDefinitionProcessor.processTestDefinition(SuiteTestDefinitionProcessor.java:54)
  at java.base/jdk.internal.reflect.DirectMethodHandleAccessor.invoke(DirectMethodHandleAccessor.java:104)
  at java.base/java.lang.reflect.Method.invoke(Method.java:565)
  at org.gradle.internal.dispatch.MethodInvocation.invokeOn(MethodInvocation.java:77)
  at org.gradle.internal.dispatch.ReflectionDispatch.dispatch(ReflectionDispatch.java:28)
  at org.gradle.internal.dispatch.ReflectionDispatch.dispatch(ReflectionDispatch.java:19)
  at org.gradle.internal.dispatch.ContextClassLoaderDispatch.dispatch(ContextClassLoaderDispatch.java:33)
  at org.gradle.internal.dispatch.ProxyDispatchAdapter$DispatchingInvocationHandler.invoke(ProxyDispatchAdapter.java:88)
  at jdk.proxy1/jdk.proxy1.$Proxy4.processTestDefinition(Unknown Source)
  at org.gradle.api.internal.tasks.testing.worker.TestWorker$2.run(TestWorker.java:178)
  at org.gradle.api.internal.tasks.testing.worker.TestWorker.executeAndMaintainThreadName(TestWorker.java:126)
  at org.gradle.api.internal.tasks.testing.worker.TestWorker.execute(TestWorker.java:103)
  at org.gradle.api.internal.tasks.testing.worker.TestWorker.execute(TestWorker.java:63)
  at org.gradle.process.internal.worker.child.ActionExecutionWorker.execute(ActionExecutionWorker.java:56)
  at org.gradle.process.internal.worker.child.SystemApplicationClassLoaderWorker.call(SystemApplicationClassLoaderWorker.java:122)
  at org.gradle.process.internal.worker.child.SystemApplicationClassLoaderWorker.call(SystemApplicationClassLoaderWorker.java:72)
  at worker.org.gradle.process.internal.worker.GradleWorkerMain.run(GradleWorkerMain.java:69)
  at worker.org.gradle.process.internal.worker.GradleWorkerMain.main(GradleWorkerMain.java:74)
</stacktrace>
</test-failure>


TypeScriptCompilerTests_P[jvm] > pathsValidation1_ts has expected errors matching pathsValidation1_errors_txt[jvm] FAILED

<test-failure test="com.xemantic.typescript.compiler.TypeScriptCompilerTests_P.primitiveMembers_ts has expected errors matching primitiveMembers_errors_txt" platform="jvm">
<message>
Expected diagnostics from baseline typescript-repo/tests/baselines/reference/primitiveMembers.errors.txt but none produced
</message>
<stacktrace>
  at com.xemantic.typescript.compiler.TypeScriptTestSupportKt.errorsMatchBaseline(TypeScriptTestSupport.kt:125)
  at com.xemantic.typescript.compiler.TypeScriptCompilerTests_P.primitiveMembers_ts has expected errors matching primitiveMembers_errors_txt(TypeScriptCompilerTests_P.kt:1540)
  at java.base/jdk.internal.reflect.DirectMethodHandleAccessor.invoke(DirectMethodHandleAccessor.java:104)
  at java.base/java.lang.reflect.Method.invoke(Method.java:565)
  at org.junit.runners.model.FrameworkMethod$1.runReflectiveCall(FrameworkMethod.java:59)
  at org.junit.internal.runners.model.ReflectiveCallable.run(ReflectiveCallable.java:12)
  at org.junit.runners.model.FrameworkMethod.invokeExplosively(FrameworkMethod.java:56)
  at org.junit.internal.runners.statements.InvokeMethod.evaluate(InvokeMethod.java:17)
  at org.junit.runners.ParentRunner$3.evaluate(ParentRunner.java:306)
  at org.junit.runners.BlockJUnit4ClassRunner$1.evaluate(BlockJUnit4ClassRunner.java:100)
  at org.junit.runners.ParentRunner.runLeaf(ParentRunner.java:366)
  at org.junit.runners.BlockJUnit4ClassRunner.runChild(BlockJUnit4ClassRunner.java:103)
  at org.junit.runners.BlockJUnit4ClassRunner.runChild(BlockJUnit4ClassRunner.java:63)
  at org.junit.runners.ParentRunner$4.run(ParentRunner.java:331)
  at org.junit.runners.ParentRunner$1.schedule(ParentRunner.java:79)
  at org.junit.runners.ParentRunner.runChildren(ParentRunner.java:329)
  at org.junit.runners.ParentRunner.access$100(ParentRunner.java:66)
  at org.junit.runners.ParentRunner$2.evaluate(ParentRunner.java:293)
  at org.junit.runners.ParentRunner$3.evaluate(ParentRunner.java:306)
  at org.junit.runners.ParentRunner.run(ParentRunner.java:413)
  at org.junit.runner.JUnitCore.run(JUnitCore.java:137)
  at org.junit.runner.JUnitCore.run(JUnitCore.java:115)
  at org.gradle.api.internal.tasks.testing.junit.JUnitTestExecutor.runRequest(JUnitTestExecutor.java:175)
  at org.gradle.api.internal.tasks.testing.junit.JUnitTestExecutor.accept(JUnitTestExecutor.java:84)
  at org.gradle.api.internal.tasks.testing.junit.JUnitTestExecutor.accept(JUnitTestExecutor.java:47)
  at org.gradle.api.internal.tasks.testing.junit.AbstractJUnitTestDefinitionProcessor.processTestDefinition(AbstractJUnitTestDefinitionProcessor.java:65)
  at org.gradle.api.internal.tasks.testing.SuiteTestDefinitionProcessor.processTestDefinition(SuiteTestDefinitionProcessor.java:54)
  at java.base/jdk.internal.reflect.DirectMethodHandleAccessor.invoke(DirectMethodHandleAccessor.java:104)
  at java.base/java.lang.reflect.Method.invoke(Method.java:565)
  at org.gradle.internal.dispatch.MethodInvocation.invokeOn(MethodInvocation.java:77)
  at org.gradle.internal.dispatch.ReflectionDispatch.dispatch(ReflectionDispatch.java:28)
  at org.gradle.internal.dispatch.ReflectionDispatch.dispatch(ReflectionDispatch.java:19)
  at org.gradle.internal.dispatch.ContextClassLoaderDispatch.dispatch(ContextClassLoaderDispatch.java:33)
  at org.gradle.internal.dispatch.ProxyDispatchAdapter$DispatchingInvocationHandler.invoke(ProxyDispatchAdapter.java:88)
  at jdk.proxy1/jdk.proxy1.$Proxy4.processTestDefinition(Unknown Source)
  at org.gradle.api.internal.tasks.testing.worker.TestWorker$2.run(TestWorker.java:178)
  at org.gradle.api.internal.tasks.testing.worker.TestWorker.executeAndMaintainThreadName(TestWorker.java:126)
  at org.gradle.api.internal.tasks.testing.worker.TestWorker.execute(TestWorker.java:103)
  at org.gradle.api.internal.tasks.testing.worker.TestWorker.execute(TestWorker.java:63)
  at org.gradle.process.internal.worker.child.ActionExecutionWorker.execute(ActionExecutionWorker.java:56)
  at org.gradle.process.internal.worker.child.SystemApplicationClassLoaderWorker.call(SystemApplicationClassLoaderWorker.java:122)
  at org.gradle.process.internal.worker.child.SystemApplicationClassLoaderWorker.call(SystemApplicationClassLoaderWorker.java:72)
  at worker.org.gradle.process.internal.worker.GradleWorkerMain.run(GradleWorkerMain.java:69)
  at worker.org.gradle.process.internal.worker.GradleWorkerMain.main(GradleWorkerMain.java:74)
</stacktrace>
</test-failure>


TypeScriptCompilerTests_P[jvm] > primitiveMembers_ts has expected errors matching primitiveMembers_errors_txt[jvm] FAILED

<test-failure test="com.xemantic.typescript.compiler.TypeScriptCompilerTests_P.protectedMembers_ts has expected errors matching protectedMembers_errors_txt" platform="jvm">
<message>
Expected diagnostics from baseline typescript-repo/tests/baselines/reference/protectedMembers.errors.txt but none produced
</message>
<stacktrace>
  at com.xemantic.typescript.compiler.TypeScriptTestSupportKt.errorsMatchBaseline(TypeScriptTestSupport.kt:125)
  at com.xemantic.typescript.compiler.TypeScriptCompilerTests_P.protectedMembers_ts has expected errors matching protectedMembers_errors_txt(TypeScriptCompilerTests_P.kt:2884)
  at java.base/jdk.internal.reflect.DirectMethodHandleAccessor.invoke(DirectMethodHandleAccessor.java:104)
  at java.base/java.lang.reflect.Method.invoke(Method.java:565)
  at org.junit.runners.model.FrameworkMethod$1.runReflectiveCall(FrameworkMethod.java:59)
  at org.junit.internal.runners.model.ReflectiveCallable.run(ReflectiveCallable.java:12)
  at org.junit.runners.model.FrameworkMethod.invokeExplosively(FrameworkMethod.java:56)
  at org.junit.internal.runners.statements.InvokeMethod.evaluate(InvokeMethod.java:17)
  at org.junit.runners.ParentRunner$3.evaluate(ParentRunner.java:306)
  at org.junit.runners.BlockJUnit4ClassRunner$1.evaluate(BlockJUnit4ClassRunner.java:100)
  at org.junit.runners.ParentRunner.runLeaf(ParentRunner.java:366)
  at org.junit.runners.BlockJUnit4ClassRunner.runChild(BlockJUnit4ClassRunner.java:103)
  at org.junit.runners.BlockJUnit4ClassRunner.runChild(BlockJUnit4ClassRunner.java:63)
  at org.junit.runners.ParentRunner$4.run(ParentRunner.java:331)
  at org.junit.runners.ParentRunner$1.schedule(ParentRunner.java:79)
  at org.junit.runners.ParentRunner.runChildren(ParentRunner.java:329)
  at org.junit.runners.ParentRunner.access$100(ParentRunner.java:66)
  at org.junit.runners.ParentRunner$2.evaluate(ParentRunner.java:293)
  at org.junit.runners.ParentRunner$3.evaluate(ParentRunner.java:306)
  at org.junit.runners.ParentRunner.run(ParentRunner.java:413)
  at org.junit.runner.JUnitCore.run(JUnitCore.java:137)
  at org.junit.runner.JUnitCore.run(JUnitCore.java:115)
  at org.gradle.api.internal.tasks.testing.junit.JUnitTestExecutor.runRequest(JUnitTestExecutor.java:175)
  at org.gradle.api.internal.tasks.testing.junit.JUnitTestExecutor.accept(JUnitTestExecutor.java:84)
  at org.gradle.api.internal.tasks.testing.junit.JUnitTestExecutor.accept(JUnitTestExecutor.java:47)
  at org.gradle.api.internal.tasks.testing.junit.AbstractJUnitTestDefinitionProcessor.processTestDefinition(AbstractJUnitTestDefinitionProcessor.java:65)
  at org.gradle.api.internal.tasks.testing.SuiteTestDefinitionProcessor.processTestDefinition(SuiteTestDefinitionProcessor.java:54)
  at java.base/jdk.internal.reflect.DirectMethodHandleAccessor.invoke(DirectMethodHandleAccessor.java:104)
  at java.base/java.lang.reflect.Method.invoke(Method.java:565)
  at org.gradle.internal.dispatch.MethodInvocation.invokeOn(MethodInvocation.java:77)
  at org.gradle.internal.dispatch.ReflectionDispatch.dispatch(ReflectionDispatch.java:28)
  at org.gradle.internal.dispatch.ReflectionDispatch.dispatch(ReflectionDispatch.java:19)
  at org.gradle.internal.dispatch.ContextClassLoaderDispatch.dispatch(ContextClassLoaderDispatch.java:33)
  at org.gradle.internal.dispatch.ProxyDispatchAdapter$DispatchingInvocationHandler.invoke(ProxyDispatchAdapter.java:88)
  at jdk.proxy1/jdk.proxy1.$Proxy4.processTestDefinition(Unknown Source)
  at org.gradle.api.internal.tasks.testing.worker.TestWorker$2.run(TestWorker.java:178)
  at org.gradle.api.internal.tasks.testing.worker.TestWorker.executeAndMaintainThreadName(TestWorker.java:126)
  at org.gradle.api.internal.tasks.testing.worker.TestWorker.execute(TestWorker.java:103)
  at org.gradle.api.internal.tasks.testing.worker.TestWorker.execute(TestWorker.java:63)
  at org.gradle.process.internal.worker.child.ActionExecutionWorker.execute(ActionExecutionWorker.java:56)
  at org.gradle.process.internal.worker.child.SystemApplicationClassLoaderWorker.call(SystemApplicationClassLoaderWorker.java:122)
  at org.gradle.process.internal.worker.child.SystemApplicationClassLoaderWorker.call(SystemApplicationClassLoaderWorker.java:72)
  at worker.org.gradle.process.internal.worker.GradleWorkerMain.run(GradleWorkerMain.java:69)
  at worker.org.gradle.process.internal.worker.GradleWorkerMain.main(GradleWorkerMain.java:74)
</stacktrace>
</test-failure>


TypeScriptCompilerTests_P[jvm] > protectedMembers_ts has expected errors matching protectedMembers_errors_txt[jvm] FAILED

<test-failure test="com.xemantic.typescript.compiler.TypeScriptCompilerTests_P.parserUnparsedTokenCrash1_ts has expected errors matching parserUnparsedTokenCrash1_errors_txt" platform="jvm">
<message>
--- expected
+++ actual
@@ -1,5 +1,5 @@
 a.js(1,9): error TS1005: ')' expected.
-a.js(1,13): error TS1005: ';' expected.
+a.js(1,13): error TS1109: Expression expected.
 
 
 ==== a.js (2 errors) ====
@@ -7,4 +7,4 @@
             ~
 !!! error TS1005: ')' expected.
                 ~
-!!! error TS1005: ';' expected.
+!!! error TS1109: Expression expected.

</message>
<stacktrace>
  at org.junit.Assert.fail(Assert.java:89)
  at kotlin.test.junit.JUnitAsserter.fail(JUnitSupport.kt:56)
  at kotlin.test.AssertionsKt__AssertionsKt.fail(Assertions.kt:563)
  at kotlin.test.AssertionsKt.fail(Unknown Source)
  at com.xemantic.kotlin.test.SameAsKt.sameAs(SameAs.kt:52)
  at com.xemantic.typescript.compiler.TypeScriptTestSupportKt.errorsMatchBaseline(TypeScriptTestSupport.kt:135)
  at com.xemantic.typescript.compiler.TypeScriptCompilerTests_P.parserUnparsedTokenCrash1_ts has expected errors matching parserUnparsedTokenCrash1_errors_txt(TypeScriptCompilerTests_P.kt:812)
  at java.base/jdk.internal.reflect.DirectMethodHandleAccessor.invoke(DirectMethodHandleAccessor.java:104)
  at java.base/java.lang.reflect.Method.invoke(Method.java:565)
  at org.junit.runners.model.FrameworkMethod$1.runReflectiveCall(FrameworkMethod.java:59)
  at org.junit.internal.runners.model.ReflectiveCallable.run(ReflectiveCallable.java:12)
  at org.junit.runners.model.FrameworkMethod.invokeExplosively(FrameworkMethod.java:56)
  at org.junit.internal.runners.statements.InvokeMethod.evaluate(InvokeMethod.java:17)
  at org.junit.runners.ParentRunner$3.evaluate(ParentRunner.java:306)
  at org.junit.runners.BlockJUnit4ClassRunner$1.evaluate(BlockJUnit4ClassRunner.java:100)
  at org.junit.runners.ParentRunner.runLeaf(ParentRunner.java:366)
  at org.junit.runners.BlockJUnit4ClassRunner.runChild(BlockJUnit4ClassRunner.java:103)
  at org.junit.runners.BlockJUnit4ClassRunner.runChild(BlockJUnit4ClassRunner.java:63)
  at org.junit.runners.ParentRunner$4.run(ParentRunner.java:331)
  at org.junit.runners.ParentRunner$1.schedule(ParentRunner.java:79)
  at org.junit.runners.ParentRunner.runChildren(ParentRunner.java:329)
  at org.junit.runners.ParentRunner.access$100(ParentRunner.java:66)
  at org.junit.runners.ParentRunner$2.evaluate(ParentRunner.java:293)
  at org.junit.runners.ParentRunner$3.evaluate(ParentRunner.java:306)
  at org.junit.runners.ParentRunner.run(ParentRunner.java:413)
  at org.junit.runner.JUnitCore.run(JUnitCore.java:137)
  at org.junit.runner.JUnitCore.run(JUnitCore.java:115)
  at org.gradle.api.internal.tasks.testing.junit.JUnitTestExecutor.runRequest(JUnitTestExecutor.java:175)
  at org.gradle.api.internal.tasks.testing.junit.JUnitTestExecutor.accept(JUnitTestExecutor.java:84)
  at org.gradle.api.internal.tasks.testing.junit.JUnitTestExecutor.accept(JUnitTestExecutor.java:47)
  at org.gradle.api.internal.tasks.testing.junit.AbstractJUnitTestDefinitionProcessor.processTestDefinition(AbstractJUnitTestDefinitionProcessor.java:65)
  at org.gradle.api.internal.tasks.testing.SuiteTestDefinitionProcessor.processTestDefinition(SuiteTestDefinitionProcessor.java:54)
  at java.base/jdk.internal.reflect.DirectMethodHandleAccessor.invoke(DirectMethodHandleAccessor.java:104)
  at java.base/java.lang.reflect.Method.invoke(Method.java:565)
  at org.gradle.internal.dispatch.MethodInvocation.invokeOn(MethodInvocation.java:77)
  at org.gradle.internal.dispatch.ReflectionDispatch.dispatch(ReflectionDispatch.java:28)
  at org.gradle.internal.dispatch.ReflectionDispatch.dispatch(ReflectionDispatch.java:19)
  at org.gradle.internal.dispatch.ContextClassLoaderDispatch.dispatch(ContextClassLoaderDispatch.java:33)
  at org.gradle.internal.dispatch.ProxyDispatchAdapter$DispatchingInvocationHandler.invoke(ProxyDispatchAdapter.java:88)
  at jdk.proxy1/jdk.proxy1.$Proxy4.processTestDefinition(Unknown Source)
  at org.gradle.api.internal.tasks.testing.worker.TestWorker$2.run(TestWorker.java:178)
  at org.gradle.api.internal.tasks.testing.worker.TestWorker.executeAndMaintainThreadName(TestWorker.java:126)
  at org.gradle.api.internal.tasks.testing.worker.TestWorker.execute(TestWorker.java:103)
  at org.gradle.api.internal.tasks.testing.worker.TestWorker.execute(TestWorker.java:63)
  at org.gradle.process.internal.worker.child.ActionExecutionWorker.execute(ActionExecutionWorker.java:56)
  at org.gradle.process.internal.worker.child.SystemApplicationClassLoaderWorker.call(SystemApplicationClassLoaderWorker.java:122)
  at org.gradle.process.internal.worker.child.SystemApplicationClassLoaderWorker.call(SystemApplicationClassLoaderWorker.java:72)
  at worker.org.gradle.process.internal.worker.GradleWorkerMain.run(GradleWorkerMain.java:69)
  at worker.org.gradle.process.internal.worker.GradleWorkerMain.main(GradleWorkerMain.java:74)
</stacktrace>
</test-failure>


TypeScriptCompilerTests_P[jvm] > parserUnparsedTokenCrash1_ts has expected errors matching parserUnparsedTokenCrash1_errors_txt[jvm] FAILED

<test-failure test="com.xemantic.typescript.compiler.TypeScriptCompilerTests_P.parserUnparsedTokenCrash2_ts compiles to JavaScript matching parserUnparsedTokenCrash2_js" platform="jvm">
<message>
--- expected
+++ actual
@@ -5,7 +5,7 @@
 
 
 //// [parserUnparsedTokenCrash2.js]
-x = (y = z === ) = 'function';
+x = (y = z ===  = 'function');
 {
 }
 export {};

</message>
<stacktrace>
  at org.junit.Assert.fail(Assert.java:89)
  at kotlin.test.junit.JUnitAsserter.fail(JUnitSupport.kt:56)
  at kotlin.test.AssertionsKt__AssertionsKt.fail(Assertions.kt:563)
  at kotlin.test.AssertionsKt.fail(Unknown Source)
  at com.xemantic.kotlin.test.SameAsKt.sameAs(SameAs.kt:52)
  at com.xemantic.typescript.compiler.TypeScriptTestSupportKt.sameAs(TypeScriptTestSupport.kt:99)
  at com.xemantic.typescript.compiler.TypeScriptCompilerTests_P.parserUnparsedTokenCrash2_ts compiles to JavaScript matching parserUnparsedTokenCrash2_js(TypeScriptCompilerTests_P.kt:819)
  at java.base/jdk.internal.reflect.DirectMethodHandleAccessor.invoke(DirectMethodHandleAccessor.java:104)
  at java.base/java.lang.reflect.Method.invoke(Method.java:565)
  at org.junit.runners.model.FrameworkMethod$1.runReflectiveCall(FrameworkMethod.java:59)
  at org.junit.internal.runners.model.ReflectiveCallable.run(ReflectiveCallable.java:12)
  at org.junit.runners.model.FrameworkMethod.invokeExplosively(FrameworkMethod.java:56)
  at org.junit.internal.runners.statements.InvokeMethod.evaluate(InvokeMethod.java:17)
  at org.junit.runners.ParentRunner$3.evaluate(ParentRunner.java:306)
  at org.junit.runners.BlockJUnit4ClassRunner$1.evaluate(BlockJUnit4ClassRunner.java:100)
  at org.junit.runners.ParentRunner.runLeaf(ParentRunner.java:366)
  at org.junit.runners.BlockJUnit4ClassRunner.runChild(BlockJUnit4ClassRunner.java:103)
  at org.junit.runners.BlockJUnit4ClassRunner.runChild(BlockJUnit4ClassRunner.java:63)
  at org.junit.runners.ParentRunner$4.run(ParentRunner.java:331)
  at org.junit.runners.ParentRunner$1.schedule(ParentRunner.java:79)
  at org.junit.runners.ParentRunner.runChildren(ParentRunner.java:329)
  at org.junit.runners.ParentRunner.access$100(ParentRunner.java:66)
  at org.junit.runners.ParentRunner$2.evaluate(ParentRunner.java:293)
  at org.junit.runners.ParentRunner$3.evaluate(ParentRunner.java:306)
  at org.junit.runners.ParentRunner.run(ParentRunner.java:413)
  at org.junit.runner.JUnitCore.run(JUnitCore.java:137)
  at org.junit.runner.JUnitCore.run(JUnitCore.java:115)
  at org.gradle.api.internal.tasks.testing.junit.JUnitTestExecutor.runRequest(JUnitTestExecutor.java:175)
  at org.gradle.api.internal.tasks.testing.junit.JUnitTestExecutor.accept(JUnitTestExecutor.java:84)
  at org.gradle.api.internal.tasks.testing.junit.JUnitTestExecutor.accept(JUnitTestExecutor.java:47)
  at org.gradle.api.internal.tasks.testing.junit.AbstractJUnitTestDefinitionProcessor.processTestDefinition(AbstractJUnitTestDefinitionProcessor.java:65)
  at org.gradle.api.internal.tasks.testing.SuiteTestDefinitionProcessor.processTestDefinition(SuiteTestDefinitionProcessor.java:54)
  at java.base/jdk.internal.reflect.DirectMethodHandleAccessor.invoke(DirectMethodHandleAccessor.java:104)
  at java.base/java.lang.reflect.Method.invoke(Method.java:565)
  at org.gradle.internal.dispatch.MethodInvocation.invokeOn(MethodInvocation.java:77)
  at org.gradle.internal.dispatch.ReflectionDispatch.dispatch(ReflectionDispatch.java:28)
  at org.gradle.internal.dispatch.ReflectionDispatch.dispatch(ReflectionDispatch.java:19)
  at org.gradle.internal.dispatch.ContextClassLoaderDispatch.dispatch(ContextClassLoaderDispatch.java:33)
  at org.gradle.internal.dispatch.ProxyDispatchAdapter$DispatchingInvocationHandler.invoke(ProxyDispatchAdapter.java:88)
  at jdk.proxy1/jdk.proxy1.$Proxy4.processTestDefinition(Unknown Source)
  at org.gradle.api.internal.tasks.testing.worker.TestWorker$2.run(TestWorker.java:178)
  at org.gradle.api.internal.tasks.testing.worker.TestWorker.executeAndMaintainThreadName(TestWorker.java:126)
  at org.gradle.api.internal.tasks.testing.worker.TestWorker.execute(TestWorker.java:103)
  at org.gradle.api.internal.tasks.testing.worker.TestWorker.execute(TestWorker.java:63)
  at org.gradle.process.internal.worker.child.ActionExecutionWorker.execute(ActionExecutionWorker.java:56)
  at org.gradle.process.internal.worker.child.SystemApplicationClassLoaderWorker.call(SystemApplicationClassLoaderWorker.java:122)
  at org.gradle.process.internal.worker.child.SystemApplicationClassLoaderWorker.call(SystemApplicationClassLoaderWorker.java:72)
  at worker.org.gradle.process.internal.worker.GradleWorkerMain.run(GradleWorkerMain.java:69)
  at worker.org.gradle.process.internal.worker.GradleWorkerMain.main(GradleWorkerMain.java:74)
</stacktrace>
</test-failure>


TypeScriptCompilerTests_P[jvm] > parserUnparsedTokenCrash2_ts compiles to JavaScript matching parserUnparsedTokenCrash2_js[jvm] FAILED

<test-failure test="com.xemantic.typescript.compiler.TypeScriptCompilerTests_P.pathMappingBasedModuleResolution8_classic_ts compiles to JavaScript matching pathMappingBasedModuleResolution8_classic_js" platform="jvm">
<message>
--- expected
+++ actual
@@ -11,11 +11,11 @@
 define(["require", "exports"], function (require, exports) {
     "use strict";
     Object.defineProperty(exports, "__esModule", { value: true });
-    exports.x = void 0;
-    exports.x = 1 + 2;
 });
 //// [index.js]
 define(["require", "exports"], function (require, exports) {
     "use strict";
     Object.defineProperty(exports, "__esModule", { value: true });
+    exports.x = void 0;
+    exports.x = 1 + 2;
 });

</message>
<stacktrace>
  at org.junit.Assert.fail(Assert.java:89)
  at kotlin.test.junit.JUnitAsserter.fail(JUnitSupport.kt:56)
  at kotlin.test.AssertionsKt__AssertionsKt.fail(Assertions.kt:563)
  at kotlin.test.AssertionsKt.fail(Unknown Source)
  at com.xemantic.kotlin.test.SameAsKt.sameAs(SameAs.kt:52)
  at com.xemantic.typescript.compiler.TypeScriptTestSupportKt.sameAs(TypeScriptTestSupport.kt:99)
  at com.xemantic.typescript.compiler.TypeScriptCompilerTests_P.pathMappingBasedModuleResolution8_classic_ts compiles to JavaScript matching pathMappingBasedModuleResolution8_classic_js(TypeScriptCompilerTests_P.kt:1085)
  at java.base/jdk.internal.reflect.DirectMethodHandleAccessor.invoke(DirectMethodHandleAccessor.java:104)
  at java.base/java.lang.reflect.Method.invoke(Method.java:565)
  at org.junit.runners.model.FrameworkMethod$1.runReflectiveCall(FrameworkMethod.java:59)
  at org.junit.internal.runners.model.ReflectiveCallable.run(ReflectiveCallable.java:12)
  at org.junit.runners.model.FrameworkMethod.invokeExplosively(FrameworkMethod.java:56)
  at org.junit.internal.runners.statements.InvokeMethod.evaluate(InvokeMethod.java:17)
  at org.junit.runners.ParentRunner$3.evaluate(ParentRunner.java:306)
  at org.junit.runners.BlockJUnit4ClassRunner$1.evaluate(BlockJUnit4ClassRunner.java:100)
  at org.junit.runners.ParentRunner.runLeaf(ParentRunner.java:366)
  at org.junit.runners.BlockJUnit4ClassRunner.runChild(BlockJUnit4ClassRunner.java:103)
  at org.junit.runners.BlockJUnit4ClassRunner.runChild(BlockJUnit4ClassRunner.java:63)
  at org.junit.runners.ParentRunner$4.run(ParentRunner.java:331)
  at org.junit.runners.ParentRunner$1.schedule(ParentRunner.java:79)
  at org.junit.runners.ParentRunner.runChildren(ParentRunner.java:329)
  at org.junit.runners.ParentRunner.access$100(ParentRunner.java:66)
  at org.junit.runners.ParentRunner$2.evaluate(ParentRunner.java:293)
  at org.junit.runners.ParentRunner$3.evaluate(ParentRunner.java:306)
  at org.junit.runners.ParentRunner.run(ParentRunner.java:413)
  at org.junit.runner.JUnitCore.run(JUnitCore.java:137)
  at org.junit.runner.JUnitCore.run(JUnitCore.java:115)
  at org.gradle.api.internal.tasks.testing.junit.JUnitTestExecutor.runRequest(JUnitTestExecutor.java:175)
  at org.gradle.api.internal.tasks.testing.junit.JUnitTestExecutor.accept(JUnitTestExecutor.java:84)
  at org.gradle.api.internal.tasks.testing.junit.JUnitTestExecutor.accept(JUnitTestExecutor.java:47)
  at org.gradle.api.internal.tasks.testing.junit.AbstractJUnitTestDefinitionProcessor.processTestDefinition(AbstractJUnitTestDefinitionProcessor.java:65)
  at org.gradle.api.internal.tasks.testing.SuiteTestDefinitionProcessor.processTestDefinition(SuiteTestDefinitionProcessor.java:54)
  at java.base/jdk.internal.reflect.DirectMethodHandleAccessor.invoke(DirectMethodHandleAccessor.java:104)
  at java.base/java.lang.reflect.Method.invoke(Method.java:565)
  at org.gradle.internal.dispatch.MethodInvocation.invokeOn(MethodInvocation.java:77)
  at org.gradle.internal.dispatch.ReflectionDispatch.dispatch(ReflectionDispatch.java:28)
  at org.gradle.internal.dispatch.ReflectionDispatch.dispatch(ReflectionDispatch.java:19)
  at org.gradle.internal.dispatch.ContextClassLoaderDispatch.dispatch(ContextClassLoaderDispatch.java:33)
  at org.gradle.internal.dispatch.ProxyDispatchAdapter$DispatchingInvocationHandler.invoke(ProxyDispatchAdapter.java:88)
  at jdk.proxy1/jdk.proxy1.$Proxy4.processTestDefinition(Unknown Source)
  at org.gradle.api.internal.tasks.testing.worker.TestWorker$2.run(TestWorker.java:178)
  at org.gradle.api.internal.tasks.testing.worker.TestWorker.executeAndMaintainThreadName(TestWorker.java:126)
  at org.gradle.api.internal.tasks.testing.worker.TestWorker.execute(TestWorker.java:103)
  at org.gradle.api.internal.tasks.testing.worker.TestWorker.execute(TestWorker.java:63)
  at org.gradle.process.internal.worker.child.ActionExecutionWorker.execute(ActionExecutionWorker.java:56)
  at org.gradle.process.internal.worker.child.SystemApplicationClassLoaderWorker.call(SystemApplicationClassLoaderWorker.java:122)
  at org.gradle.process.internal.worker.child.SystemApplicationClassLoaderWorker.call(SystemApplicationClassLoaderWorker.java:72)
  at worker.org.gradle.process.internal.worker.GradleWorkerMain.run(GradleWorkerMain.java:69)
  at worker.org.gradle.process.internal.worker.GradleWorkerMain.main(GradleWorkerMain.java:74)
</stacktrace>
</test-failure>


TypeScriptCompilerTests_P[jvm] > pathMappingBasedModuleResolution8_classic_ts compiles to JavaScript matching pathMappingBasedModuleResolution8_classic_js[jvm] FAILED

<test-failure test="com.xemantic.typescript.compiler.TypeScriptCompilerTests_P.privateNameWeakMapCollision_ts has expected errors matching privateNameWeakMapCollision_errors_txt" platform="jvm">
<message>
Expected diagnostics from baseline typescript-repo/tests/baselines/reference/privateNameWeakMapCollision.errors.txt but none produced
</message>
<stacktrace>
  at com.xemantic.typescript.compiler.TypeScriptTestSupportKt.errorsMatchBaseline(TypeScriptTestSupport.kt:125)
  at com.xemantic.typescript.compiler.TypeScriptCompilerTests_P.privateNameWeakMapCollision_ts has expected errors matching privateNameWeakMapCollision_errors_txt(TypeScriptCompilerTests_P.kt:2198)
  at java.base/jdk.internal.reflect.DirectMethodHandleAccessor.invoke(DirectMethodHandleAccessor.java:104)
  at java.base/java.lang.reflect.Method.invoke(Method.java:565)
  at org.junit.runners.model.FrameworkMethod$1.runReflectiveCall(FrameworkMethod.java:59)
  at org.junit.internal.runners.model.ReflectiveCallable.run(ReflectiveCallable.java:12)
  at org.junit.runners.model.FrameworkMethod.invokeExplosively(FrameworkMethod.java:56)
  at org.junit.internal.runners.statements.InvokeMethod.evaluate(InvokeMethod.java:17)
  at org.junit.runners.ParentRunner$3.evaluate(ParentRunner.java:306)
  at org.junit.runners.BlockJUnit4ClassRunner$1.evaluate(BlockJUnit4ClassRunner.java:100)
  at org.junit.runners.ParentRunner.runLeaf(ParentRunner.java:366)
  at org.junit.runners.BlockJUnit4ClassRunner.runChild(BlockJUnit4ClassRunner.java:103)
  at org.junit.runners.BlockJUnit4ClassRunner.runChild(BlockJUnit4ClassRunner.java:63)
  at org.junit.runners.ParentRunner$4.run(ParentRunner.java:331)
  at org.junit.runners.ParentRunner$1.schedule(ParentRunner.java:79)
  at org.junit.runners.ParentRunner.runChildren(ParentRunner.java:329)
  at org.junit.runners.ParentRunner.access$100(ParentRunner.java:66)
  at org.junit.runners.ParentRunner$2.evaluate(ParentRunner.java:293)
  at org.junit.runners.ParentRunner$3.evaluate(ParentRunner.java:306)
  at org.junit.runners.ParentRunner.run(ParentRunner.java:413)
  at org.junit.runner.JUnitCore.run(JUnitCore.java:137)
  at org.junit.runner.JUnitCore.run(JUnitCore.java:115)
  at org.gradle.api.internal.tasks.testing.junit.JUnitTestExecutor.runRequest(JUnitTestExecutor.java:175)
  at org.gradle.api.internal.tasks.testing.junit.JUnitTestExecutor.accept(JUnitTestExecutor.java:84)
  at org.gradle.api.internal.tasks.testing.junit.JUnitTestExecutor.accept(JUnitTestExecutor.java:47)
  at org.gradle.api.internal.tasks.testing.junit.AbstractJUnitTestDefinitionProcessor.processTestDefinition(AbstractJUnitTestDefinitionProcessor.java:65)
  at org.gradle.api.internal.tasks.testing.SuiteTestDefinitionProcessor.processTestDefinition(SuiteTestDefinitionProcessor.java:54)
  at java.base/jdk.internal.reflect.DirectMethodHandleAccessor.invoke(DirectMethodHandleAccessor.java:104)
  at java.base/java.lang.reflect.Method.invoke(Method.java:565)
  at org.gradle.internal.dispatch.MethodInvocation.invokeOn(MethodInvocation.java:77)
  at org.gradle.internal.dispatch.ReflectionDispatch.dispatch(ReflectionDispatch.java:28)
  at org.gradle.internal.dispatch.ReflectionDispatch.dispatch(ReflectionDispatch.java:19)
  at org.gradle.internal.dispatch.ContextClassLoaderDispatch.dispatch(ContextClassLoaderDispatch.java:33)
  at org.gradle.internal.dispatch.ProxyDispatchAdapter$DispatchingInvocationHandler.invoke(ProxyDispatchAdapter.java:88)
  at jdk.proxy1/jdk.proxy1.$Proxy4.processTestDefinition(Unknown Source)
  at org.gradle.api.internal.tasks.testing.worker.TestWorker$2.run(TestWorker.java:178)
  at org.gradle.api.internal.tasks.testing.worker.TestWorker.executeAndMaintainThreadName(TestWorker.java:126)
  at org.gradle.api.internal.tasks.testing.worker.TestWorker.execute(TestWorker.java:103)
  at org.gradle.api.internal.tasks.testing.worker.TestWorker.execute(TestWorker.java:63)
  at org.gradle.process.internal.worker.child.ActionExecutionWorker.execute(ActionExecutionWorker.java:56)
  at org.gradle.process.internal.worker.child.SystemApplicationClassLoaderWorker.call(SystemApplicationClassLoaderWorker.java:122)
  at org.gradle.process.internal.worker.child.SystemApplicationClassLoaderWorker.call(SystemApplicationClassLoaderWorker.java:72)
  at worker.org.gradle.process.internal.worker.GradleWorkerMain.run(GradleWorkerMain.java:69)
  at worker.org.gradle.process.internal.worker.GradleWorkerMain.main(GradleWorkerMain.java:74)
</stacktrace>
</test-failure>


TypeScriptCompilerTests_P[jvm] > privateNameWeakMapCollision_ts has expected errors matching privateNameWeakMapCollision_errors_txt[jvm] FAILED

<test-failure test="com.xemantic.typescript.compiler.TypeScriptCompilerTests_P.pathsValidation5_ts has expected errors matching pathsValidation5_errors_txt" platform="jvm">
<message>
--- expected
+++ actual
@@ -1,23 +1,14 @@
-tsconfig.json(5,26): error TS5090: Non-relative paths are not allowed when 'baseUrl' is not set. Did you forget a leading './'?
-tsconfig.json(6,19): error TS5090: Non-relative paths are not allowed when 'baseUrl' is not set. Did you forget a leading './'?
-tsconfig.json(7,23): error TS5090: Non-relative paths are not allowed when 'baseUrl' is not set. Did you forget a leading './'?
 src/main.ts(1,8): error TS2882: Cannot find module or type declarations for side-effect import of 'someModule'.
 
 
-==== tsconfig.json (3 errors) ====
+==== tsconfig.json (0 errors) ====
     {
       "compilerOptions": {
           "traceResolution": true,
           "paths": {
             "@interface/*": ["src/interface/*"],
-                             ~~~~~~~~~~~~~~~~~
-!!! error TS5090: Non-relative paths are not allowed when 'baseUrl' is not set. Did you forget a leading './'?
             "@blah": ["blah"],
-                      ~~~~~~
-!!! error TS5090: Non-relative paths are not allowed when 'baseUrl' is not set. Did you forget a leading './'?
             "@humbug/*": ["*/generated"]
-                          ~~~~~~~~~~~~~
-!!! error TS5090: Non-relative paths are not allowed when 'baseUrl' is not set. Did you forget a leading './'?
           }
       }
     }

</message>
<stacktrace>
  at org.junit.Assert.fail(Assert.java:89)
  at kotlin.test.junit.JUnitAsserter.fail(JUnitSupport.kt:56)
  at kotlin.test.AssertionsKt__AssertionsKt.fail(Assertions.kt:563)
  at kotlin.test.AssertionsKt.fail(Unknown Source)
  at com.xemantic.kotlin.test.SameAsKt.sameAs(SameAs.kt:52)
  at com.xemantic.typescript.compiler.TypeScriptTestSupportKt.errorsMatchBaseline(TypeScriptTestSupport.kt:135)
  at com.xemantic.typescript.compiler.TypeScriptCompilerTests_P.pathsValidation5_ts has expected errors matching pathsValidation5_errors_txt(TypeScriptCompilerTests_P.kt:1344)
  at java.base/jdk.internal.reflect.DirectMethodHandleAccessor.invoke(DirectMethodHandleAccessor.java:104)
  at java.base/java.lang.reflect.Method.invoke(Method.java:565)
  at org.junit.runners.model.FrameworkMethod$1.runReflectiveCall(FrameworkMethod.java:59)
  at org.junit.internal.runners.model.ReflectiveCallable.run(ReflectiveCallable.java:12)
  at org.junit.runners.model.FrameworkMethod.invokeExplosively(FrameworkMethod.java:56)
  at org.junit.internal.runners.statements.InvokeMethod.evaluate(InvokeMethod.java:17)
  at org.junit.runners.ParentRunner$3.evaluate(ParentRunner.java:306)
  at org.junit.runners.BlockJUnit4ClassRunner$1.evaluate(BlockJUnit4ClassRunner.java:100)
  at org.junit.runners.ParentRunner.runLeaf(ParentRunner.java:366)
  at org.junit.runners.BlockJUnit4ClassRunner.runChild(BlockJUnit4ClassRunner.java:103)
  at org.junit.runners.BlockJUnit4ClassRunner.runChild(BlockJUnit4ClassRunner.java:63)
  at org.junit.runners.ParentRunner$4.run(ParentRunner.java:331)
  at org.junit.runners.ParentRunner$1.schedule(ParentRunner.java:79)
  at org.junit.runners.ParentRunner.runChildren(ParentRunner.java:329)
  at org.junit.runners.ParentRunner.access$100(ParentRunner.java:66)
  at org.junit.runners.ParentRunner$2.evaluate(ParentRunner.java:293)
  at org.junit.runners.ParentRunner$3.evaluate(ParentRunner.java:306)
  at org.junit.runners.ParentRunner.run(ParentRunner.java:413)
  at org.junit.runner.JUnitCore.run(JUnitCore.java:137)
  at org.junit.runner.JUnitCore.run(JUnitCore.java:115)
  at org.gradle.api.internal.tasks.testing.junit.JUnitTestExecutor.runRequest(JUnitTestExecutor.java:175)
  at org.gradle.api.internal.tasks.testing.junit.JUnitTestExecutor.accept(JUnitTestExecutor.java:84)
  at org.gradle.api.internal.tasks.testing.junit.JUnitTestExecutor.accept(JUnitTestExecutor.java:47)
  at org.gradle.api.internal.tasks.testing.junit.AbstractJUnitTestDefinitionProcessor.processTestDefinition(AbstractJUnitTestDefinitionProcessor.java:65)
  at org.gradle.api.internal.tasks.testing.SuiteTestDefinitionProcessor.processTestDefinition(SuiteTestDefinitionProcessor.java:54)
  at java.base/jdk.internal.reflect.DirectMethodHandleAccessor.invoke(DirectMethodHandleAccessor.java:104)
  at java.base/java.lang.reflect.Method.invoke(Method.java:565)
  at org.gradle.internal.dispatch.MethodInvocation.invokeOn(MethodInvocation.java:77)
  at org.gradle.internal.dispatch.ReflectionDispatch.dispatch(ReflectionDispatch.java:28)
  at org.gradle.internal.dispatch.ReflectionDispatch.dispatch(ReflectionDispatch.java:19)
  at org.gradle.internal.dispatch.ContextClassLoaderDispatch.dispatch(ContextClassLoaderDispatch.java:33)
  at org.gradle.internal.dispatch.ProxyDispatchAdapter$DispatchingInvocationHandler.invoke(ProxyDispatchAdapter.java:88)
  at jdk.proxy1/jdk.proxy1.$Proxy4.processTestDefinition(Unknown Source)
  at org.gradle.api.internal.tasks.testing.worker.TestWorker$2.run(TestWorker.java:178)
  at org.gradle.api.internal.tasks.testing.worker.TestWorker.executeAndMaintainThreadName(TestWorker.java:126)
  at org.gradle.api.internal.tasks.testing.worker.TestWorker.execute(TestWorker.java:103)
  at org.gradle.api.internal.tasks.testing.worker.TestWorker.execute(TestWorker.java:63)
  at org.gradle.process.internal.worker.child.ActionExecutionWorker.execute(ActionExecutionWorker.java:56)
  at org.gradle.process.internal.worker.child.SystemApplicationClassLoaderWorker.call(SystemApplicationClassLoaderWorker.java:122)
  at org.gradle.process.internal.worker.child.SystemApplicationClassLoaderWorker.call(SystemApplicationClassLoaderWorker.java:72)
  at worker.org.gradle.process.internal.worker.GradleWorkerMain.run(GradleWorkerMain.java:69)
  at worker.org.gradle.process.internal.worker.GradleWorkerMain.main(GradleWorkerMain.java:74)
</stacktrace>
</test-failure>


TypeScriptCompilerTests_P[jvm] > pathsValidation5_ts has expected errors matching pathsValidation5_errors_txt[jvm] FAILED

<test-failure test="com.xemantic.typescript.compiler.TypeScriptCompilerTests_P.publicGetterProtectedSetterFromThisParameter_ts__target_es5__has expected errors matching baseline" platform="jvm">
<message>
--- expected
+++ actual
@@ -1,6 +1,6 @@
 error TS5107: Option 'target=ES5' is deprecated and will stop functioning in TypeScript 7.0. Specify compilerOption '"ignoreDeprecations": "6.0"' to silence this error.
-publicGetterProtectedSetterFromThisParameter.ts(33,7): error TS2445: Property 'q' is protected and only accessible within class 'B' and its subclasses.
-publicGetterProtectedSetterFromThisParameter.ts(34,7): error TS2445: Property 'u' is protected and only accessible within class 'B' and its subclasses.
+publicGetterProtectedSetterFromThisParameter.ts(18,10): error TS2339: Property 'x' does not exist on type 'B'.
+publicGetterProtectedSetterFromThisParameter.ts(19,10): error TS2339: Property 'y' does not exist on type 'B'.
 
 
 !!! error TS5107: Option 'target=ES5' is deprecated and will stop functioning in TypeScript 7.0. Specify compilerOption '"ignoreDeprecations": "6.0"' to silence this error.
@@ -23,7 +23,11 @@
       foo(this: A, a: A, b: B) {
         // Should have no errors in this block
         this.x = 0;
+             ~
+!!! error TS2339: Property 'x' does not exist on type 'B'.
         this.y = 0;
+             ~
+!!! error TS2339: Property 'y' does not exist on type 'B'.
         a.x = 0;
         a.y = 0;
         b.q = 0;
@@ -38,9 +42,5 @@
         a.y = 0;
         // These should error
         b.q = 0;
-          ~
-!!! error TS2445: Property 'q' is protected and only accessible within class 'B' and its subclasses.
         b.u = 0;
-          ~
-!!! error TS2445: Property 'u' is protected and only accessible within class 'B' and its subclasses.
     }

</message>
<stacktrace>
  at org.junit.Assert.fail(Assert.java:89)
  at kotlin.test.junit.JUnitAsserter.fail(JUnitSupport.kt:56)
  at kotlin.test.AssertionsKt__AssertionsKt.fail(Assertions.kt:563)
  at kotlin.test.AssertionsKt.fail(Unknown Source)
  at com.xemantic.kotlin.test.SameAsKt.sameAs(SameAs.kt:52)
  at com.xemantic.typescript.compiler.TypeScriptTestSupportKt.errorsMatchBaseline(TypeScriptTestSupport.kt:135)
  at com.xemantic.typescript.compiler.TypeScriptCompilerTests_P.publicGetterProtectedSetterFromThisParameter_ts__target_es5__has expected errors matching baseline(TypeScriptCompilerTests_P.kt:2975)
  at java.base/jdk.internal.reflect.DirectMethodHandleAccessor.invoke(DirectMethodHandleAccessor.java:104)
  at java.base/java.lang.reflect.Method.invoke(Method.java:565)
  at org.junit.runners.model.FrameworkMethod$1.runReflectiveCall(FrameworkMethod.java:59)
  at org.junit.internal.runners.model.ReflectiveCallable.run(ReflectiveCallable.java:12)
  at org.junit.runners.model.FrameworkMethod.invokeExplosively(FrameworkMethod.java:56)
  at org.junit.internal.runners.statements.InvokeMethod.evaluate(InvokeMethod.java:17)
  at org.junit.runners.ParentRunner$3.evaluate(ParentRunner.java:306)
  at org.junit.runners.BlockJUnit4ClassRunner$1.evaluate(BlockJUnit4ClassRunner.java:100)
  at org.junit.runners.ParentRunner.runLeaf(ParentRunner.java:366)
  at org.junit.runners.BlockJUnit4ClassRunner.runChild(BlockJUnit4ClassRunner.java:103)
  at org.junit.runners.BlockJUnit4ClassRunner.runChild(BlockJUnit4ClassRunner.java:63)
  at org.junit.runners.ParentRunner$4.run(ParentRunner.java:331)
  at org.junit.runners.ParentRunner$1.schedule(ParentRunner.java:79)
  at org.junit.runners.ParentRunner.runChildren(ParentRunner.java:329)
  at org.junit.runners.ParentRunner.access$100(ParentRunner.java:66)
  at org.junit.runners.ParentRunner$2.evaluate(ParentRunner.java:293)
  at org.junit.runners.ParentRunner$3.evaluate(ParentRunner.java:306)
  at org.junit.runners.ParentRunner.run(ParentRunner.java:413)
  at org.junit.runner.JUnitCore.run(JUnitCore.java:137)
  at org.junit.runner.JUnitCore.run(JUnitCore.java:115)
  at org.gradle.api.internal.tasks.testing.junit.JUnitTestExecutor.runRequest(JUnitTestExecutor.java:175)
  at org.gradle.api.internal.tasks.testing.junit.JUnitTestExecutor.accept(JUnitTestExecutor.java:84)
  at org.gradle.api.internal.tasks.testing.junit.JUnitTestExecutor.accept(JUnitTestExecutor.java:47)
  at org.gradle.api.internal.tasks.testing.junit.AbstractJUnitTestDefinitionProcessor.processTestDefinition(AbstractJUnitTestDefinitionProcessor.java:65)
  at org.gradle.api.internal.tasks.testing.SuiteTestDefinitionProcessor.processTestDefinition(SuiteTestDefinitionProcessor.java:54)
  at java.base/jdk.internal.reflect.DirectMethodHandleAccessor.invoke(DirectMethodHandleAccessor.java:104)
  at java.base/java.lang.reflect.Method.invoke(Method.java:565)
  at org.gradle.internal.dispatch.MethodInvocation.invokeOn(MethodInvocation.java:77)
  at org.gradle.internal.dispatch.ReflectionDispatch.dispatch(ReflectionDispatch.java:28)
  at org.gradle.internal.dispatch.ReflectionDispatch.dispatch(ReflectionDispatch.java:19)
  at org.gradle.internal.dispatch.ContextClassLoaderDispatch.dispatch(ContextClassLoaderDispatch.java:33)
  at org.gradle.internal.dispatch.ProxyDispatchAdapter$DispatchingInvocationHandler.invoke(ProxyDispatchAdapter.java:88)
  at jdk.proxy1/jdk.proxy1.$Proxy4.processTestDefinition(Unknown Source)
  at org.gradle.api.internal.tasks.testing.worker.TestWorker$2.run(TestWorker.java:178)
  at org.gradle.api.internal.tasks.testing.worker.TestWorker.executeAndMaintainThreadName(TestWorker.java:126)
  at org.gradle.api.internal.tasks.testing.worker.TestWorker.execute(TestWorker.java:103)
  at org.gradle.api.internal.tasks.testing.worker.TestWorker.execute(TestWorker.java:63)
  at org.gradle.process.internal.worker.child.ActionExecutionWorker.execute(ActionExecutionWorker.java:56)
  at org.gradle.process.internal.worker.child.SystemApplicationClassLoaderWorker.call(SystemApplicationClassLoaderWorker.java:122)
  at org.gradle.process.internal.worker.child.SystemApplicationClassLoaderWorker.call(SystemApplicationClassLoaderWorker.java:72)
  at worker.org.gradle.process.internal.worker.GradleWorkerMain.run(GradleWorkerMain.java:69)
  at worker.org.gradle.process.internal.worker.GradleWorkerMain.main(GradleWorkerMain.java:74)
</stacktrace>
</test-failure>


TypeScriptCompilerTests_P[jvm] > publicGetterProtectedSetterFromThisParameter_ts__target_es5__has expected errors matching baseline[jvm] FAILED

<test-failure test="com.xemantic.typescript.compiler.TypeScriptCompilerTests_P.parseTypes_ts has expected errors matching parseTypes_errors_txt" platform="jvm">
<message>
Expected diagnostics from baseline typescript-repo/tests/baselines/reference/parseTypes.errors.txt but none produced
</message>
<stacktrace>
  at com.xemantic.typescript.compiler.TypeScriptTestSupportKt.errorsMatchBaseline(TypeScriptTestSupport.kt:125)
  at com.xemantic.typescript.compiler.TypeScriptCompilerTests_P.parseTypes_ts has expected errors matching parseTypes_errors_txt(TypeScriptCompilerTests_P.kt:714)
  at java.base/jdk.internal.reflect.DirectMethodHandleAccessor.invoke(DirectMethodHandleAccessor.java:104)
  at java.base/java.lang.reflect.Method.invoke(Method.java:565)
  at org.junit.runners.model.FrameworkMethod$1.runReflectiveCall(FrameworkMethod.java:59)
  at org.junit.internal.runners.model.ReflectiveCallable.run(ReflectiveCallable.java:12)
  at org.junit.runners.model.FrameworkMethod.invokeExplosively(FrameworkMethod.java:56)
  at org.junit.internal.runners.statements.InvokeMethod.evaluate(InvokeMethod.java:17)
  at org.junit.runners.ParentRunner$3.evaluate(ParentRunner.java:306)
  at org.junit.runners.BlockJUnit4ClassRunner$1.evaluate(BlockJUnit4ClassRunner.java:100)
  at org.junit.runners.ParentRunner.runLeaf(ParentRunner.java:366)
  at org.junit.runners.BlockJUnit4ClassRunner.runChild(BlockJUnit4ClassRunner.java:103)
  at org.junit.runners.BlockJUnit4ClassRunner.runChild(BlockJUnit4ClassRunner.java:63)
  at org.junit.runners.ParentRunner$4.run(ParentRunner.java:331)
  at org.junit.runners.ParentRunner$1.schedule(ParentRunner.java:79)
  at org.junit.runners.ParentRunner.runChildren(ParentRunner.java:329)
  at org.junit.runners.ParentRunner.access$100(ParentRunner.java:66)
  at org.junit.runners.ParentRunner$2.evaluate(ParentRunner.java:293)
  at org.junit.runners.ParentRunner$3.evaluate(ParentRunner.java:306)
  at org.junit.runners.ParentRunner.run(ParentRunner.java:413)
  at org.junit.runner.JUnitCore.run(JUnitCore.java:137)
  at org.junit.runner.JUnitCore.run(JUnitCore.java:115)
  at org.gradle.api.internal.tasks.testing.junit.JUnitTestExecutor.runRequest(JUnitTestExecutor.java:175)
  at org.gradle.api.internal.tasks.testing.junit.JUnitTestExecutor.accept(JUnitTestExecutor.java:84)
  at org.gradle.api.internal.tasks.testing.junit.JUnitTestExecutor.accept(JUnitTestExecutor.java:47)
  at org.gradle.api.internal.tasks.testing.junit.AbstractJUnitTestDefinitionProcessor.processTestDefinition(AbstractJUnitTestDefinitionProcessor.java:65)
  at org.gradle.api.internal.tasks.testing.SuiteTestDefinitionProcessor.processTestDefinition(SuiteTestDefinitionProcessor.java:54)
  at java.base/jdk.internal.reflect.DirectMethodHandleAccessor.invoke(DirectMethodHandleAccessor.java:104)
  at java.base/java.lang.reflect.Method.invoke(Method.java:565)
  at org.gradle.internal.dispatch.MethodInvocation.invokeOn(MethodInvocation.java:77)
  at org.gradle.internal.dispatch.ReflectionDispatch.dispatch(ReflectionDispatch.java:28)
  at org.gradle.internal.dispatch.ReflectionDispatch.dispatch(ReflectionDispatch.java:19)
  at org.gradle.internal.dispatch.ContextClassLoaderDispatch.dispatch(ContextClassLoaderDispatch.java:33)
  at org.gradle.internal.dispatch.ProxyDispatchAdapter$DispatchingInvocationHandler.invoke(ProxyDispatchAdapter.java:88)
  at jdk.proxy1/jdk.proxy1.$Proxy4.processTestDefinition(Unknown Source)
  at org.gradle.api.internal.tasks.testing.worker.TestWorker$2.run(TestWorker.java:178)
  at org.gradle.api.internal.tasks.testing.worker.TestWorker.executeAndMaintainThreadName(TestWorker.java:126)
  at org.gradle.api.internal.tasks.testing.worker.TestWorker.execute(TestWorker.java:103)
  at org.gradle.api.internal.tasks.testing.worker.TestWorker.execute(TestWorker.java:63)
  at org.gradle.process.internal.worker.child.ActionExecutionWorker.execute(ActionExecutionWorker.java:56)
  at org.gradle.process.internal.worker.child.SystemApplicationClassLoaderWorker.call(SystemApplicationClassLoaderWorker.java:122)
  at org.gradle.process.internal.worker.child.SystemApplicationClassLoaderWorker.call(SystemApplicationClassLoaderWorker.java:72)
  at worker.org.gradle.process.internal.worker.GradleWorkerMain.run(GradleWorkerMain.java:69)
  at worker.org.gradle.process.internal.worker.GradleWorkerMain.main(GradleWorkerMain.java:74)
</stacktrace>
</test-failure>


TypeScriptCompilerTests_P[jvm] > parseTypes_ts has expected errors matching parseTypes_errors_txt[jvm] FAILED

<test-failure test="com.xemantic.typescript.compiler.TypeScriptCompilerTests_P.pathMappingBasedModuleResolution_rootImport_noAliasWithRoot_realRootFile_ts compiles to JavaScript matching pathMappingBasedModuleResolution_rootImport_noAliasWithRoot_realRootFile_js" platform="jvm">
<message>
--- expected
+++ actual
@@ -16,6 +16,11 @@
 Object.defineProperty(exports, "__esModule", { value: true });
 exports.foo = foo;
 function foo() { }
+//// [bar.js]
+"use strict";
+Object.defineProperty(exports, "__esModule", { value: true });
+exports.bar = bar;
+function bar() { }
 //// [a.js]
 "use strict";
 Object.defineProperty(exports, "__esModule", { value: true });

</message>
<stacktrace>
  at org.junit.Assert.fail(Assert.java:89)
  at kotlin.test.junit.JUnitAsserter.fail(JUnitSupport.kt:56)
  at kotlin.test.AssertionsKt__AssertionsKt.fail(Assertions.kt:563)
  at kotlin.test.AssertionsKt.fail(Unknown Source)
  at com.xemantic.kotlin.test.SameAsKt.sameAs(SameAs.kt:52)
  at com.xemantic.typescript.compiler.TypeScriptTestSupportKt.sameAs(TypeScriptTestSupport.kt:99)
  at com.xemantic.typescript.compiler.TypeScriptCompilerTests_P.pathMappingBasedModuleResolution_rootImport_noAliasWithRoot_realRootFile_ts compiles to JavaScript matching pathMappingBasedModuleResolution_rootImport_noAliasWithRoot_realRootFile_js(TypeScriptCompilerTests_P.kt:1183)
  at java.base/jdk.internal.reflect.DirectMethodHandleAccessor.invoke(DirectMethodHandleAccessor.java:104)
  at java.base/java.lang.reflect.Method.invoke(Method.java:565)
  at org.junit.runners.model.FrameworkMethod$1.runReflectiveCall(FrameworkMethod.java:59)
  at org.junit.internal.runners.model.ReflectiveCallable.run(ReflectiveCallable.java:12)
  at org.junit.runners.model.FrameworkMethod.invokeExplosively(FrameworkMethod.java:56)
  at org.junit.internal.runners.statements.InvokeMethod.evaluate(InvokeMethod.java:17)
  at org.junit.runners.ParentRunner$3.evaluate(ParentRunner.java:306)
  at org.junit.runners.BlockJUnit4ClassRunner$1.evaluate(BlockJUnit4ClassRunner.java:100)
  at org.junit.runners.ParentRunner.runLeaf(ParentRunner.java:366)
  at org.junit.runners.BlockJUnit4ClassRunner.runChild(BlockJUnit4ClassRunner.java:103)
  at org.junit.runners.BlockJUnit4ClassRunner.runChild(BlockJUnit4ClassRunner.java:63)
  at org.junit.runners.ParentRunner$4.run(ParentRunner.java:331)
  at org.junit.runners.ParentRunner$1.schedule(ParentRunner.java:79)
  at org.junit.runners.ParentRunner.runChildren(ParentRunner.java:329)
  at org.junit.runners.ParentRunner.access$100(ParentRunner.java:66)
  at org.junit.runners.ParentRunner$2.evaluate(ParentRunner.java:293)
  at org.junit.runners.ParentRunner$3.evaluate(ParentRunner.java:306)
  at org.junit.runners.ParentRunner.run(ParentRunner.java:413)
  at org.junit.runner.JUnitCore.run(JUnitCore.java:137)
  at org.junit.runner.JUnitCore.run(JUnitCore.java:115)
  at org.gradle.api.internal.tasks.testing.junit.JUnitTestExecutor.runRequest(JUnitTestExecutor.java:175)
  at org.gradle.api.internal.tasks.testing.junit.JUnitTestExecutor.accept(JUnitTestExecutor.java:84)
  at org.gradle.api.internal.tasks.testing.junit.JUnitTestExecutor.accept(JUnitTestExecutor.java:47)
  at org.gradle.api.internal.tasks.testing.junit.AbstractJUnitTestDefinitionProcessor.processTestDefinition(AbstractJUnitTestDefinitionProcessor.java:65)
  at org.gradle.api.internal.tasks.testing.SuiteTestDefinitionProcessor.processTestDefinition(SuiteTestDefinitionProcessor.java:54)
  at java.base/jdk.internal.reflect.DirectMethodHandleAccessor.invoke(DirectMethodHandleAccessor.java:104)
  at java.base/java.lang.reflect.Method.invoke(Method.java:565)
  at org.gradle.internal.dispatch.MethodInvocation.invokeOn(MethodInvocation.java:77)
  at org.gradle.internal.dispatch.ReflectionDispatch.dispatch(ReflectionDispatch.java:28)
  at org.gradle.internal.dispatch.ReflectionDispatch.dispatch(ReflectionDispatch.java:19)
  at org.gradle.internal.dispatch.ContextClassLoaderDispatch.dispatch(ContextClassLoaderDispatch.java:33)
  at org.gradle.internal.dispatch.ProxyDispatchAdapter$DispatchingInvocationHandler.invoke(ProxyDispatchAdapter.java:88)
  at jdk.proxy1/jdk.proxy1.$Proxy4.processTestDefinition(Unknown Source)
  at org.gradle.api.internal.tasks.testing.worker.TestWorker$2.run(TestWorker.java:178)
  at org.gradle.api.internal.tasks.testing.worker.TestWorker.executeAndMaintainThreadName(TestWorker.java:126)
  at org.gradle.api.internal.tasks.testing.worker.TestWorker.execute(TestWorker.java:103)
  at org.gradle.api.internal.tasks.testing.worker.TestWorker.execute(TestWorker.java:63)
  at org.gradle.process.internal.worker.child.ActionExecutionWorker.execute(ActionExecutionWorker.java:56)
  at org.gradle.process.internal.worker.child.SystemApplicationClassLoaderWorker.call(SystemApplicationClassLoaderWorker.java:122)
  at org.gradle.process.internal.worker.child.SystemApplicationClassLoaderWorker.call(SystemApplicationClassLoaderWorker.java:72)
  at worker.org.gradle.process.internal.worker.GradleWorkerMain.run(GradleWorkerMain.java:69)
  at worker.org.gradle.process.internal.worker.GradleWorkerMain.main(GradleWorkerMain.java:74)
</stacktrace>
</test-failure>


TypeScriptCompilerTests_P[jvm] > pathMappingBasedModuleResolution_rootImport_noAliasWithRoot_realRootFile_ts compiles to JavaScript matching pathMappingBasedModuleResolution_rootImport_noAliasWithRoot_realRootFile_js[jvm] FAILED

<test-failure test="com.xemantic.typescript.compiler.TypeScriptCompilerTests_P.pushTypeGetTypeOfAlias_ts has expected errors matching pushTypeGetTypeOfAlias_errors_txt" platform="jvm">
<message>
Expected diagnostics from baseline typescript-repo/tests/baselines/reference/pushTypeGetTypeOfAlias.errors.txt but none produced
</message>
<stacktrace>
  at com.xemantic.typescript.compiler.TypeScriptTestSupportKt.errorsMatchBaseline(TypeScriptTestSupport.kt:125)
  at com.xemantic.typescript.compiler.TypeScriptCompilerTests_P.pushTypeGetTypeOfAlias_ts has expected errors matching pushTypeGetTypeOfAlias_errors_txt(TypeScriptCompilerTests_P.kt:3003)
  at java.base/jdk.internal.reflect.DirectMethodHandleAccessor.invoke(DirectMethodHandleAccessor.java:104)
  at java.base/java.lang.reflect.Method.invoke(Method.java:565)
  at org.junit.runners.model.FrameworkMethod$1.runReflectiveCall(FrameworkMethod.java:59)
  at org.junit.internal.runners.model.ReflectiveCallable.run(ReflectiveCallable.java:12)
  at org.junit.runners.model.FrameworkMethod.invokeExplosively(FrameworkMethod.java:56)
  at org.junit.internal.runners.statements.InvokeMethod.evaluate(InvokeMethod.java:17)
  at org.junit.runners.ParentRunner$3.evaluate(ParentRunner.java:306)
  at org.junit.runners.BlockJUnit4ClassRunner$1.evaluate(BlockJUnit4ClassRunner.java:100)
  at org.junit.runners.ParentRunner.runLeaf(ParentRunner.java:366)
  at org.junit.runners.BlockJUnit4ClassRunner.runChild(BlockJUnit4ClassRunner.java:103)
  at org.junit.runners.BlockJUnit4ClassRunner.runChild(BlockJUnit4ClassRunner.java:63)
  at org.junit.runners.ParentRunner$4.run(ParentRunner.java:331)
  at org.junit.runners.ParentRunner$1.schedule(ParentRunner.java:79)
  at org.junit.runners.ParentRunner.runChildren(ParentRunner.java:329)
  at org.junit.runners.ParentRunner.access$100(ParentRunner.java:66)
  at org.junit.runners.ParentRunner$2.evaluate(ParentRunner.java:293)
  at org.junit.runners.ParentRunner$3.evaluate(ParentRunner.java:306)
  at org.junit.runners.ParentRunner.run(ParentRunner.java:413)
  at org.junit.runner.JUnitCore.run(JUnitCore.java:137)
  at org.junit.runner.JUnitCore.run(JUnitCore.java:115)
  at org.gradle.api.internal.tasks.testing.junit.JUnitTestExecutor.runRequest(JUnitTestExecutor.java:175)
  at org.gradle.api.internal.tasks.testing.junit.JUnitTestExecutor.accept(JUnitTestExecutor.java:84)
  at org.gradle.api.internal.tasks.testing.junit.JUnitTestExecutor.accept(JUnitTestExecutor.java:47)
  at org.gradle.api.internal.tasks.testing.junit.AbstractJUnitTestDefinitionProcessor.processTestDefinition(AbstractJUnitTestDefinitionProcessor.java:65)
  at org.gradle.api.internal.tasks.testing.SuiteTestDefinitionProcessor.processTestDefinition(SuiteTestDefinitionProcessor.java:54)
  at java.base/jdk.internal.reflect.DirectMethodHandleAccessor.invoke(DirectMethodHandleAccessor.java:104)
  at java.base/java.lang.reflect.Method.invoke(Method.java:565)
  at org.gradle.internal.dispatch.MethodInvocation.invokeOn(MethodInvocation.java:77)
  at org.gradle.internal.dispatch.ReflectionDispatch.dispatch(ReflectionDispatch.java:28)
  at org.gradle.internal.dispatch.ReflectionDispatch.dispatch(ReflectionDispatch.java:19)
  at org.gradle.internal.dispatch.ContextClassLoaderDispatch.dispatch(ContextClassLoaderDispatch.java:33)
  at org.gradle.internal.dispatch.ProxyDispatchAdapter$DispatchingInvocationHandler.invoke(ProxyDispatchAdapter.java:88)
  at jdk.proxy1/jdk.proxy1.$Proxy4.processTestDefinition(Unknown Source)
  at org.gradle.api.internal.tasks.testing.worker.TestWorker$2.run(TestWorker.java:178)
  at org.gradle.api.internal.tasks.testing.worker.TestWorker.executeAndMaintainThreadName(TestWorker.java:126)
  at org.gradle.api.internal.tasks.testing.worker.TestWorker.execute(TestWorker.java:103)
  at org.gradle.api.internal.tasks.testing.worker.TestWorker.execute(TestWorker.java:63)
  at org.gradle.process.internal.worker.child.ActionExecutionWorker.execute(ActionExecutionWorker.java:56)
  at org.gradle.process.internal.worker.child.SystemApplicationClassLoaderWorker.call(SystemApplicationClassLoaderWorker.java:122)
  at org.gradle.process.internal.worker.child.SystemApplicationClassLoaderWorker.call(SystemApplicationClassLoaderWorker.java:72)
  at worker.org.gradle.process.internal.worker.GradleWorkerMain.run(GradleWorkerMain.java:69)
  at worker.org.gradle.process.internal.worker.GradleWorkerMain.main(GradleWorkerMain.java:74)
</stacktrace>
</test-failure>


TypeScriptCompilerTests_P[jvm] > pushTypeGetTypeOfAlias_ts has expected errors matching pushTypeGetTypeOfAlias_errors_txt[jvm] FAILED

<test-failure test="com.xemantic.typescript.compiler.TypeScriptCompilerTests_P.pathMappingBasedModuleResolution_rootImport_noAliasWithRoot_realRootFile_ts has expected errors matching pathMappingBasedModuleResolution_rootImport_noAliasWithRoot_realRootFile_errors_txt" platform="jvm">
<message>
--- expected
+++ actual
@@ -1,14 +1,8 @@
-error TS5055: Cannot write file '/bar.js' because it would overwrite input file.
 /root/tsconfig.json(3,9): error TS5101: Option 'baseUrl' is deprecated and will stop functioning in TypeScript 7.0. Specify compilerOption '"ignoreDeprecations": "6.0"' to silence this error.
   Visit https://aka.ms/ts6 for migration information.
-/root/tsconfig.json(8,9): error TS5011: The common source directory of 'tsconfig.json' is '..'. The 'rootDir' setting must be explicitly set to this or another path to adjust your output's file layout.
-  Visit https://aka.ms/ts6 for migration information.
-/root/a.ts(1,21): error TS6059: File '/foo.ts' is not under 'rootDir' '/root'. 'rootDir' is expected to contain all source files.
-/root/a.ts(2,21): error TS6059: File '/bar.js' is not under 'rootDir' '/root'. 'rootDir' is expected to contain all source files.
 
 
-!!! error TS5055: Cannot write file '/bar.js' because it would overwrite input file.
-==== /root/tsconfig.json (2 errors) ====
+==== /root/tsconfig.json (1 errors) ====
     {
         "compilerOptions": {
             "baseUrl": ".",
@@ -20,22 +14,15 @@
             },
             "allowJs": true,
             "outDir": "bin"
-            ~~~~~~~~
-!!! error TS5011: The common source directory of 'tsconfig.json' is '..'. The 'rootDir' setting must be explicitly set to this or another path to adjust your output's file layout.
-!!! error TS5011:   Visit https://aka.ms/ts6 for migration information.
         }
     }
     
-==== /root/a.ts (2 errors) ====
-    import { foo } from "/foo";
-                        ~~~~~~
-!!! error TS6059: File '/foo.ts' is not under 'rootDir' '/root'. 'rootDir' is expected to contain all source files.
-    import { bar } from "/bar";
-                        ~~~~~~
-!!! error TS6059: File '/bar.js' is not under 'rootDir' '/root'. 'rootDir' is expected to contain all source files.
-    
 ==== /foo.ts (0 errors) ====
     export function foo() {}
     
 ==== /bar.js (0 errors) ====
     export function bar() {}
+    
+==== /root/a.ts (0 errors) ====
+    import { foo } from "/foo";
+    import { bar } from "/bar";

</message>
<stacktrace>
  at org.junit.Assert.fail(Assert.java:89)
  at kotlin.test.junit.JUnitAsserter.fail(JUnitSupport.kt:56)
  at kotlin.test.AssertionsKt__AssertionsKt.fail(Assertions.kt:563)
  at kotlin.test.AssertionsKt.fail(Unknown Source)
  at com.xemantic.kotlin.test.SameAsKt.sameAs(SameAs.kt:52)
  at com.xemantic.typescript.compiler.TypeScriptTestSupportKt.errorsMatchBaseline(TypeScriptTestSupport.kt:135)
  at com.xemantic.typescript.compiler.TypeScriptCompilerTests_P.pathMappingBasedModuleResolution_rootImport_noAliasWithRoot_realRootFile_ts has expected errors matching pathMappingBasedModuleResolution_rootImport_noAliasWithRoot_realRootFile_errors_txt(TypeScriptCompilerTests_P.kt:1190)
  at java.base/jdk.internal.reflect.DirectMethodHandleAccessor.invoke(DirectMethodHandleAccessor.java:104)
  at java.base/java.lang.reflect.Method.invoke(Method.java:565)
  at org.junit.runners.model.FrameworkMethod$1.runReflectiveCall(FrameworkMethod.java:59)
  at org.junit.internal.runners.model.ReflectiveCallable.run(ReflectiveCallable.java:12)
  at org.junit.runners.model.FrameworkMethod.invokeExplosively(FrameworkMethod.java:56)
  at org.junit.internal.runners.statements.InvokeMethod.evaluate(InvokeMethod.java:17)
  at org.junit.runners.ParentRunner$3.evaluate(ParentRunner.java:306)
  at org.junit.runners.BlockJUnit4ClassRunner$1.evaluate(BlockJUnit4ClassRunner.java:100)
  at org.junit.runners.ParentRunner.runLeaf(ParentRunner.java:366)
  at org.junit.runners.BlockJUnit4ClassRunner.runChild(BlockJUnit4ClassRunner.java:103)
  at org.junit.runners.BlockJUnit4ClassRunner.runChild(BlockJUnit4ClassRunner.java:63)
  at org.junit.runners.ParentRunner$4.run(ParentRunner.java:331)
  at org.junit.runners.ParentRunner$1.schedule(ParentRunner.java:79)
  at org.junit.runners.ParentRunner.runChildren(ParentRunner.java:329)
  at org.junit.runners.ParentRunner.access$100(ParentRunner.java:66)
  at org.junit.runners.ParentRunner$2.evaluate(ParentRunner.java:293)
  at org.junit.runners.ParentRunner$3.evaluate(ParentRunner.java:306)
  at org.junit.runners.ParentRunner.run(ParentRunner.java:413)
  at org.junit.runner.JUnitCore.run(JUnitCore.java:137)
  at org.junit.runner.JUnitCore.run(JUnitCore.java:115)
  at org.gradle.api.internal.tasks.testing.junit.JUnitTestExecutor.runRequest(JUnitTestExecutor.java:175)
  at org.gradle.api.internal.tasks.testing.junit.JUnitTestExecutor.accept(JUnitTestExecutor.java:84)
  at org.gradle.api.internal.tasks.testing.junit.JUnitTestExecutor.accept(JUnitTestExecutor.java:47)
  at org.gradle.api.internal.tasks.testing.junit.AbstractJUnitTestDefinitionProcessor.processTestDefinition(AbstractJUnitTestDefinitionProcessor.java:65)
  at org.gradle.api.internal.tasks.testing.SuiteTestDefinitionProcessor.processTestDefinition(SuiteTestDefinitionProcessor.java:54)
  at java.base/jdk.internal.reflect.DirectMethodHandleAccessor.invoke(DirectMethodHandleAccessor.java:104)
  at java.base/java.lang.reflect.Method.invoke(Method.java:565)
  at org.gradle.internal.dispatch.MethodInvocation.invokeOn(MethodInvocation.java:77)
  at org.gradle.internal.dispatch.ReflectionDispatch.dispatch(ReflectionDispatch.java:28)
  at org.gradle.internal.dispatch.ReflectionDispatch.dispatch(ReflectionDispatch.java:19)
  at org.gradle.internal.dispatch.ContextClassLoaderDispatch.dispatch(ContextClassLoaderDispatch.java:33)
  at org.gradle.internal.dispatch.ProxyDispatchAdapter$DispatchingInvocationHandler.invoke(ProxyDispatchAdapter.java:88)
  at jdk.proxy1/jdk.proxy1.$Proxy4.processTestDefinition(Unknown Source)
  at org.gradle.api.internal.tasks.testing.worker.TestWorker$2.run(TestWorker.java:178)
  at org.gradle.api.internal.tasks.testing.worker.TestWorker.executeAndMaintainThreadName(TestWorker.java:126)
  at org.gradle.api.internal.tasks.testing.worker.TestWorker.execute(TestWorker.java:103)
  at org.gradle.api.internal.tasks.testing.worker.TestWorker.execute(TestWorker.java:63)
  at org.gradle.process.internal.worker.child.ActionExecutionWorker.execute(ActionExecutionWorker.java:56)
  at org.gradle.process.internal.worker.child.SystemApplicationClassLoaderWorker.call(SystemApplicationClassLoaderWorker.java:122)
  at org.gradle.process.internal.worker.child.SystemApplicationClassLoaderWorker.call(SystemApplicationClassLoaderWorker.java:72)
  at worker.org.gradle.process.internal.worker.GradleWorkerMain.run(GradleWorkerMain.java:69)
  at worker.org.gradle.process.internal.worker.GradleWorkerMain.main(GradleWorkerMain.java:74)
</stacktrace>
</test-failure>


TypeScriptCompilerTests_P[jvm] > pathMappingBasedModuleResolution_rootImport_noAliasWithRoot_realRootFile_ts has expected errors matching pathMappingBasedModuleResolution_rootImport_noAliasWithRoot_realRootFile_errors_txt[jvm] FAILED

<test-failure test="com.xemantic.typescript.compiler.TypeScriptCompilerTests_P.propertyAssignment_ts has expected errors matching propertyAssignment_errors_txt" platform="jvm">
<message>
Expected diagnostics from baseline typescript-repo/tests/baselines/reference/propertyAssignment.errors.txt but none produced
</message>
<stacktrace>
  at com.xemantic.typescript.compiler.TypeScriptTestSupportKt.errorsMatchBaseline(TypeScriptTestSupport.kt:125)
  at com.xemantic.typescript.compiler.TypeScriptCompilerTests_P.propertyAssignment_ts has expected errors matching propertyAssignment_errors_txt(TypeScriptCompilerTests_P.kt:2744)
  at java.base/jdk.internal.reflect.DirectMethodHandleAccessor.invoke(DirectMethodHandleAccessor.java:104)
  at java.base/java.lang.reflect.Method.invoke(Method.java:565)
  at org.junit.runners.model.FrameworkMethod$1.runReflectiveCall(FrameworkMethod.java:59)
  at org.junit.internal.runners.model.ReflectiveCallable.run(ReflectiveCallable.java:12)
  at org.junit.runners.model.FrameworkMethod.invokeExplosively(FrameworkMethod.java:56)
  at org.junit.internal.runners.statements.InvokeMethod.evaluate(InvokeMethod.java:17)
  at org.junit.runners.ParentRunner$3.evaluate(ParentRunner.java:306)
  at org.junit.runners.BlockJUnit4ClassRunner$1.evaluate(BlockJUnit4ClassRunner.java:100)
  at org.junit.runners.ParentRunner.runLeaf(ParentRunner.java:366)
  at org.junit.runners.BlockJUnit4ClassRunner.runChild(BlockJUnit4ClassRunner.java:103)
  at org.junit.runners.BlockJUnit4ClassRunner.runChild(BlockJUnit4ClassRunner.java:63)
  at org.junit.runners.ParentRunner$4.run(ParentRunner.java:331)
  at org.junit.runners.ParentRunner$1.schedule(ParentRunner.java:79)
  at org.junit.runners.ParentRunner.runChildren(ParentRunner.java:329)
  at org.junit.runners.ParentRunner.access$100(ParentRunner.java:66)
  at org.junit.runners.ParentRunner$2.evaluate(ParentRunner.java:293)
  at org.junit.runners.ParentRunner$3.evaluate(ParentRunner.java:306)
  at org.junit.runners.ParentRunner.run(ParentRunner.java:413)
  at org.junit.runner.JUnitCore.run(JUnitCore.java:137)
  at org.junit.runner.JUnitCore.run(JUnitCore.java:115)
  at org.gradle.api.internal.tasks.testing.junit.JUnitTestExecutor.runRequest(JUnitTestExecutor.java:175)
  at org.gradle.api.internal.tasks.testing.junit.JUnitTestExecutor.accept(JUnitTestExecutor.java:84)
  at org.gradle.api.internal.tasks.testing.junit.JUnitTestExecutor.accept(JUnitTestExecutor.java:47)
  at org.gradle.api.internal.tasks.testing.junit.AbstractJUnitTestDefinitionProcessor.processTestDefinition(AbstractJUnitTestDefinitionProcessor.java:65)
  at org.gradle.api.internal.tasks.testing.SuiteTestDefinitionProcessor.processTestDefinition(SuiteTestDefinitionProcessor.java:54)
  at java.base/jdk.internal.reflect.DirectMethodHandleAccessor.invoke(DirectMethodHandleAccessor.java:104)
  at java.base/java.lang.reflect.Method.invoke(Method.java:565)
  at org.gradle.internal.dispatch.MethodInvocation.invokeOn(MethodInvocation.java:77)
  at org.gradle.internal.dispatch.ReflectionDispatch.dispatch(ReflectionDispatch.java:28)
  at org.gradle.internal.dispatch.ReflectionDispatch.dispatch(ReflectionDispatch.java:19)
  at org.gradle.internal.dispatch.ContextClassLoaderDispatch.dispatch(ContextClassLoaderDispatch.java:33)
  at org.gradle.internal.dispatch.ProxyDispatchAdapter$DispatchingInvocationHandler.invoke(ProxyDispatchAdapter.java:88)
  at jdk.proxy1/jdk.proxy1.$Proxy4.processTestDefinition(Unknown Source)
  at org.gradle.api.internal.tasks.testing.worker.TestWorker$2.run(TestWorker.java:178)
  at org.gradle.api.internal.tasks.testing.worker.TestWorker.executeAndMaintainThreadName(TestWorker.java:126)
  at org.gradle.api.internal.tasks.testing.worker.TestWorker.execute(TestWorker.java:103)
  at org.gradle.api.internal.tasks.testing.worker.TestWorker.execute(TestWorker.java:63)
  at org.gradle.process.internal.worker.child.ActionExecutionWorker.execute(ActionExecutionWorker.java:56)
  at org.gradle.process.internal.worker.child.SystemApplicationClassLoaderWorker.call(SystemApplicationClassLoaderWorker.java:122)
  at org.gradle.process.internal.worker.child.SystemApplicationClassLoaderWorker.call(SystemApplicationClassLoaderWorker.java:72)
  at worker.org.gradle.process.internal.worker.GradleWorkerMain.run(GradleWorkerMain.java:69)
  at worker.org.gradle.process.internal.worker.GradleWorkerMain.main(GradleWorkerMain.java:74)
</stacktrace>
</test-failure>


TypeScriptCompilerTests_P[jvm] > propertyAssignment_ts has expected errors matching propertyAssignment_errors_txt[jvm] FAILED

<test-failure test="com.xemantic.typescript.compiler.TypeScriptCompilerTests_P.pathMappingBasedModuleResolution7_classic_ts compiles to JavaScript matching pathMappingBasedModuleResolution7_classic_js" platform="jvm">
<message>
--- expected
+++ actual
@@ -1,5 +1,13 @@
 //// [tests/cases/compiler/pathMappingBasedModuleResolution7_classic.ts] ////
 
+//// [file1.ts]
+import {x} from "./project/file2";
+import {y} from "module3";
+
+declare function use(x: string);
+use(x.toFixed());
+use(y.toFixed());
+
 //// [file2.ts]
 import {a} from "module1";
 import {b} from "templates/module2";
@@ -12,27 +20,20 @@
 //// [module2.ts]
 export let b: number;
 
+//// [file3.d.ts]
+export let x: number;
+
 //// [module3.d.ts]
 export let y: number;
 
 
-//// [file1.ts]
-import {x} from "./project/file2";
-import {y} from "module3";
 
-declare function use(x: string);
-use(x.toFixed());
-use(y.toFixed());
-
-//// [file3.d.ts]
-export let x: number;
-
-
-//// [module2.js]
-define(["require", "exports"], function (require, exports) {
+//// [file1.js]
+define(["require", "exports", "./project/file2", "module3"], function (require, exports, file2_1, module3_1) {
     "use strict";
     Object.defineProperty(exports, "__esModule", { value: true });
-    exports.b = void 0;
+    use(file2_1.x.toFixed());
+    use(module3_1.y.toFixed());
 });
 //// [file2.js]
 define(["require", "exports", "module1", "templates/module2", "../file3"], function (require, exports, module1_1, module2_1, file3_1) {
@@ -41,10 +42,9 @@
     exports.x = void 0;
     exports.x = module1_1.a + module2_1.b + file3_1.x;
 });
-//// [file1.js]
-define(["require", "exports", "./project/file2", "module3"], function (require, exports, file2_1, module3_1) {
+//// [module2.js]
+define(["require", "exports"], function (require, exports) {
     "use strict";
     Object.defineProperty(exports, "__esModule", { value: true });
-    use(file2_1.x.toFixed());
-    use(module3_1.y.toFixed());
+    exports.b = void 0;
 });

</message>
<stacktrace>
  at org.junit.Assert.fail(Assert.java:89)
  at kotlin.test.junit.JUnitAsserter.fail(JUnitSupport.kt:56)
  at kotlin.test.AssertionsKt__AssertionsKt.fail(Assertions.kt:563)
  at kotlin.test.AssertionsKt.fail(Unknown Source)
  at com.xemantic.kotlin.test.SameAsKt.sameAs(SameAs.kt:52)
  at com.xemantic.typescript.compiler.TypeScriptTestSupportKt.sameAs(TypeScriptTestSupport.kt:99)
  at com.xemantic.typescript.compiler.TypeScriptCompilerTests_P.pathMappingBasedModuleResolution7_classic_ts compiles to JavaScript matching pathMappingBasedModuleResolution7_classic_js(TypeScriptCompilerTests_P.kt:1057)
  at java.base/jdk.internal.reflect.DirectMethodHandleAccessor.invoke(DirectMethodHandleAccessor.java:104)
  at java.base/java.lang.reflect.Method.invoke(Method.java:565)
  at org.junit.runners.model.FrameworkMethod$1.runReflectiveCall(FrameworkMethod.java:59)
  at org.junit.internal.runners.model.ReflectiveCallable.run(ReflectiveCallable.java:12)
  at org.junit.runners.model.FrameworkMethod.invokeExplosively(FrameworkMethod.java:56)
  at org.junit.internal.runners.statements.InvokeMethod.evaluate(InvokeMethod.java:17)
  at org.junit.runners.ParentRunner$3.evaluate(ParentRunner.java:306)
  at org.junit.runners.BlockJUnit4ClassRunner$1.evaluate(BlockJUnit4ClassRunner.java:100)
  at org.junit.runners.ParentRunner.runLeaf(ParentRunner.java:366)
  at org.junit.runners.BlockJUnit4ClassRunner.runChild(BlockJUnit4ClassRunner.java:103)
  at org.junit.runners.BlockJUnit4ClassRunner.runChild(BlockJUnit4ClassRunner.java:63)
  at org.junit.runners.ParentRunner$4.run(ParentRunner.java:331)
  at org.junit.runners.ParentRunner$1.schedule(ParentRunner.java:79)
  at org.junit.runners.ParentRunner.runChildren(ParentRunner.java:329)
  at org.junit.runners.ParentRunner.access$100(ParentRunner.java:66)
  at org.junit.runners.ParentRunner$2.evaluate(ParentRunner.java:293)
  at org.junit.runners.ParentRunner$3.evaluate(ParentRunner.java:306)
  at org.junit.runners.ParentRunner.run(ParentRunner.java:413)
  at org.junit.runner.JUnitCore.run(JUnitCore.java:137)
  at org.junit.runner.JUnitCore.run(JUnitCore.java:115)
  at org.gradle.api.internal.tasks.testing.junit.JUnitTestExecutor.runRequest(JUnitTestExecutor.java:175)
  at org.gradle.api.internal.tasks.testing.junit.JUnitTestExecutor.accept(JUnitTestExecutor.java:84)
  at org.gradle.api.internal.tasks.testing.junit.JUnitTestExecutor.accept(JUnitTestExecutor.java:47)
  at org.gradle.api.internal.tasks.testing.junit.AbstractJUnitTestDefinitionProcessor.processTestDefinition(AbstractJUnitTestDefinitionProcessor.java:65)
  at org.gradle.api.internal.tasks.testing.SuiteTestDefinitionProcessor.processTestDefinition(SuiteTestDefinitionProcessor.java:54)
  at java.base/jdk.internal.reflect.DirectMethodHandleAccessor.invoke(DirectMethodHandleAccessor.java:104)
  at java.base/java.lang.reflect.Method.invoke(Method.java:565)
  at org.gradle.internal.dispatch.MethodInvocation.invokeOn(MethodInvocation.java:77)
  at org.gradle.internal.dispatch.ReflectionDispatch.dispatch(ReflectionDispatch.java:28)
  at org.gradle.internal.dispatch.ReflectionDispatch.dispatch(ReflectionDispatch.java:19)
  at org.gradle.internal.dispatch.ContextClassLoaderDispatch.dispatch(ContextClassLoaderDispatch.java:33)
  at org.gradle.internal.dispatch.ProxyDispatchAdapter$DispatchingInvocationHandler.invoke(ProxyDispatchAdapter.java:88)
  at jdk.proxy1/jdk.proxy1.$Proxy4.processTestDefinition(Unknown Source)
  at org.gradle.api.internal.tasks.testing.worker.TestWorker$2.run(TestWorker.java:178)
  at org.gradle.api.internal.tasks.testing.worker.TestWorker.executeAndMaintainThreadName(TestWorker.java:126)
  at org.gradle.api.internal.tasks.testing.worker.TestWorker.execute(TestWorker.java:103)
  at org.gradle.api.internal.tasks.testing.worker.TestWorker.execute(TestWorker.java:63)
  at org.gradle.process.internal.worker.child.ActionExecutionWorker.execute(ActionExecutionWorker.java:56)
  at org.gradle.process.internal.worker.child.SystemApplicationClassLoaderWorker.call(SystemApplicationClassLoaderWorker.java:122)
  at org.gradle.process.internal.worker.child.SystemApplicationClassLoaderWorker.call(SystemApplicationClassLoaderWorker.java:72)
  at worker.org.gradle.process.internal.worker.GradleWorkerMain.run(GradleWorkerMain.java:69)
  at worker.org.gradle.process.internal.worker.GradleWorkerMain.main(GradleWorkerMain.java:74)
</stacktrace>
</test-failure>


TypeScriptCompilerTests_P[jvm] > pathMappingBasedModuleResolution7_classic_ts compiles to JavaScript matching pathMappingBasedModuleResolution7_classic_js[jvm] FAILED

<test-failure test="com.xemantic.typescript.compiler.TypeScriptCompilerTests_P.parseUnaryExpressionNoTypeAssertionInJsx1_ts has expected errors matching parseUnaryExpressionNoTypeAssertionInJsx1_errors_txt" platform="jvm">
<message>
--- expected
+++ actual
@@ -1,15 +1,9 @@
-index.js(2,13): error TS17004: Cannot use JSX unless the '--jsx' flag is provided.
-index.js(2,14): error TS17008: JSX element 'number' has no corresponding closing tag.
-index.js(3,1): error TS1005: '</' expected.
+index.js(3,1): error TS1005: '<' expected.
 
 
-==== index.js (3 errors) ====
+==== index.js (1 errors) ====
     const x = "oops";
     const y = + <number> x;
-                ~~~~~~~~
-!!! error TS17004: Cannot use JSX unless the '--jsx' flag is provided.
-                 ~~~~~~
-!!! error TS17008: JSX element 'number' has no corresponding closing tag.
     
     
-!!! error TS1005: '</' expected.
+!!! error TS1005: '<' expected.

</message>
<stacktrace>
  at org.junit.Assert.fail(Assert.java:89)
  at kotlin.test.junit.JUnitAsserter.fail(JUnitSupport.kt:56)
  at kotlin.test.AssertionsKt__AssertionsKt.fail(Assertions.kt:563)
  at kotlin.test.AssertionsKt.fail(Unknown Source)
  at com.xemantic.kotlin.test.SameAsKt.sameAs(SameAs.kt:52)
  at com.xemantic.typescript.compiler.TypeScriptTestSupportKt.errorsMatchBaseline(TypeScriptTestSupport.kt:135)
  at com.xemantic.typescript.compiler.TypeScriptCompilerTests_P.parseUnaryExpressionNoTypeAssertionInJsx1_ts has expected errors matching parseUnaryExpressionNoTypeAssertionInJsx1_errors_txt(TypeScriptCompilerTests_P.kt:721)
  at java.base/jdk.internal.reflect.DirectMethodHandleAccessor.invoke(DirectMethodHandleAccessor.java:104)
  at java.base/java.lang.reflect.Method.invoke(Method.java:565)
  at org.junit.runners.model.FrameworkMethod$1.runReflectiveCall(FrameworkMethod.java:59)
  at org.junit.internal.runners.model.ReflectiveCallable.run(ReflectiveCallable.java:12)
  at org.junit.runners.model.FrameworkMethod.invokeExplosively(FrameworkMethod.java:56)
  at org.junit.internal.runners.statements.InvokeMethod.evaluate(InvokeMethod.java:17)
  at org.junit.runners.ParentRunner$3.evaluate(ParentRunner.java:306)
  at org.junit.runners.BlockJUnit4ClassRunner$1.evaluate(BlockJUnit4ClassRunner.java:100)
  at org.junit.runners.ParentRunner.runLeaf(ParentRunner.java:366)
  at org.junit.runners.BlockJUnit4ClassRunner.runChild(BlockJUnit4ClassRunner.java:103)
  at org.junit.runners.BlockJUnit4ClassRunner.runChild(BlockJUnit4ClassRunner.java:63)
  at org.junit.runners.ParentRunner$4.run(ParentRunner.java:331)
  at org.junit.runners.ParentRunner$1.schedule(ParentRunner.java:79)
  at org.junit.runners.ParentRunner.runChildren(ParentRunner.java:329)
  at org.junit.runners.ParentRunner.access$100(ParentRunner.java:66)
  at org.junit.runners.ParentRunner$2.evaluate(ParentRunner.java:293)
  at org.junit.runners.ParentRunner$3.evaluate(ParentRunner.java:306)
  at org.junit.runners.ParentRunner.run(ParentRunner.java:413)
  at org.junit.runner.JUnitCore.run(JUnitCore.java:137)
  at org.junit.runner.JUnitCore.run(JUnitCore.java:115)
  at org.gradle.api.internal.tasks.testing.junit.JUnitTestExecutor.runRequest(JUnitTestExecutor.java:175)
  at org.gradle.api.internal.tasks.testing.junit.JUnitTestExecutor.accept(JUnitTestExecutor.java:84)
  at org.gradle.api.internal.tasks.testing.junit.JUnitTestExecutor.accept(JUnitTestExecutor.java:47)
  at org.gradle.api.internal.tasks.testing.junit.AbstractJUnitTestDefinitionProcessor.processTestDefinition(AbstractJUnitTestDefinitionProcessor.java:65)
  at org.gradle.api.internal.tasks.testing.SuiteTestDefinitionProcessor.processTestDefinition(SuiteTestDefinitionProcessor.java:54)
  at java.base/jdk.internal.reflect.DirectMethodHandleAccessor.invoke(DirectMethodHandleAccessor.java:104)
  at java.base/java.lang.reflect.Method.invoke(Method.java:565)
  at org.gradle.internal.dispatch.MethodInvocation.invokeOn(MethodInvocation.java:77)
  at org.gradle.internal.dispatch.ReflectionDispatch.dispatch(ReflectionDispatch.java:28)
  at org.gradle.internal.dispatch.ReflectionDispatch.dispatch(ReflectionDispatch.java:19)
  at org.gradle.internal.dispatch.ContextClassLoaderDispatch.dispatch(ContextClassLoaderDispatch.java:33)
  at org.gradle.internal.dispatch.ProxyDispatchAdapter$DispatchingInvocationHandler.invoke(ProxyDispatchAdapter.java:88)
  at jdk.proxy1/jdk.proxy1.$Proxy4.processTestDefinition(Unknown Source)
  at org.gradle.api.internal.tasks.testing.worker.TestWorker$2.run(TestWorker.java:178)
  at org.gradle.api.internal.tasks.testing.worker.TestWorker.executeAndMaintainThreadName(TestWorker.java:126)
  at org.gradle.api.internal.tasks.testing.worker.TestWorker.execute(TestWorker.java:103)
  at org.gradle.api.internal.tasks.testing.worker.TestWorker.execute(TestWorker.java:63)
  at org.gradle.process.internal.worker.child.ActionExecutionWorker.execute(ActionExecutionWorker.java:56)
  at org.gradle.process.internal.worker.child.SystemApplicationClassLoaderWorker.call(SystemApplicationClassLoaderWorker.java:122)
  at org.gradle.process.internal.worker.child.SystemApplicationClassLoaderWorker.call(SystemApplicationClassLoaderWorker.java:72)
  at worker.org.gradle.process.internal.worker.GradleWorkerMain.run(GradleWorkerMain.java:69)
  at worker.org.gradle.process.internal.worker.GradleWorkerMain.main(GradleWorkerMain.java:74)
</stacktrace>
</test-failure>


TypeScriptCompilerTests_P[jvm] > parseUnaryExpressionNoTypeAssertionInJsx1_ts has expected errors matching parseUnaryExpressionNoTypeAssertionInJsx1_errors_txt[jvm] FAILED

<test-failure test="com.xemantic.typescript.compiler.TypeScriptCompilerTests_P.parseInvalidNames_ts compiles to JavaScript matching parseInvalidNames_js" platform="jvm">
<message>
--- expected
+++ actual
@@ -11,22 +11,13 @@
 
 
 //// [parseInvalidNames.js]
-"use strict";
-namespace;
 100;
 { }
 interface;
 100;
 { }
-type;
-100;
 { }
-namespace;
 100;
 { }
-interface;
-100;
 { }
-type;
-100;
-{ }
+export {};

</message>
<stacktrace>
  at org.junit.Assert.fail(Assert.java:89)
  at kotlin.test.junit.JUnitAsserter.fail(JUnitSupport.kt:56)
  at kotlin.test.AssertionsKt__AssertionsKt.fail(Assertions.kt:563)
  at kotlin.test.AssertionsKt.fail(Unknown Source)
  at com.xemantic.kotlin.test.SameAsKt.sameAs(SameAs.kt:52)
  at com.xemantic.typescript.compiler.TypeScriptTestSupportKt.sameAs(TypeScriptTestSupport.kt:99)
  at com.xemantic.typescript.compiler.TypeScriptCompilerTests_P.parseInvalidNames_ts compiles to JavaScript matching parseInvalidNames_js(TypeScriptCompilerTests_P.kt:581)
  at java.base/jdk.internal.reflect.DirectMethodHandleAccessor.invoke(DirectMethodHandleAccessor.java:104)
  at java.base/java.lang.reflect.Method.invoke(Method.java:565)
  at org.junit.runners.model.FrameworkMethod$1.runReflectiveCall(FrameworkMethod.java:59)
  at org.junit.internal.runners.model.ReflectiveCallable.run(ReflectiveCallable.java:12)
  at org.junit.runners.model.FrameworkMethod.invokeExplosively(FrameworkMethod.java:56)
  at org.junit.internal.runners.statements.InvokeMethod.evaluate(InvokeMethod.java:17)
  at org.junit.runners.ParentRunner$3.evaluate(ParentRunner.java:306)
  at org.junit.runners.BlockJUnit4ClassRunner$1.evaluate(BlockJUnit4ClassRunner.java:100)
  at org.junit.runners.ParentRunner.runLeaf(ParentRunner.java:366)
  at org.junit.runners.BlockJUnit4ClassRunner.runChild(BlockJUnit4ClassRunner.java:103)
  at org.junit.runners.BlockJUnit4ClassRunner.runChild(BlockJUnit4ClassRunner.java:63)
  at org.junit.runners.ParentRunner$4.run(ParentRunner.java:331)
  at org.junit.runners.ParentRunner$1.schedule(ParentRunner.java:79)
  at org.junit.runners.ParentRunner.runChildren(ParentRunner.java:329)
  at org.junit.runners.ParentRunner.access$100(ParentRunner.java:66)
  at org.junit.runners.ParentRunner$2.evaluate(ParentRunner.java:293)
  at org.junit.runners.ParentRunner$3.evaluate(ParentRunner.java:306)
  at org.junit.runners.ParentRunner.run(ParentRunner.java:413)
  at org.junit.runner.JUnitCore.run(JUnitCore.java:137)
  at org.junit.runner.JUnitCore.run(JUnitCore.java:115)
  at org.gradle.api.internal.tasks.testing.junit.JUnitTestExecutor.runRequest(JUnitTestExecutor.java:175)
  at org.gradle.api.internal.tasks.testing.junit.JUnitTestExecutor.accept(JUnitTestExecutor.java:84)
  at org.gradle.api.internal.tasks.testing.junit.JUnitTestExecutor.accept(JUnitTestExecutor.java:47)
  at org.gradle.api.internal.tasks.testing.junit.AbstractJUnitTestDefinitionProcessor.processTestDefinition(AbstractJUnitTestDefinitionProcessor.java:65)
  at org.gradle.api.internal.tasks.testing.SuiteTestDefinitionProcessor.processTestDefinition(SuiteTestDefinitionProcessor.java:54)
  at java.base/jdk.internal.reflect.DirectMethodHandleAccessor.invoke(DirectMethodHandleAccessor.java:104)
  at java.base/java.lang.reflect.Method.invoke(Method.java:565)
  at org.gradle.internal.dispatch.MethodInvocation.invokeOn(MethodInvocation.java:77)
  at org.gradle.internal.dispatch.ReflectionDispatch.dispatch(ReflectionDispatch.java:28)
  at org.gradle.internal.dispatch.ReflectionDispatch.dispatch(ReflectionDispatch.java:19)
  at org.gradle.internal.dispatch.ContextClassLoaderDispatch.dispatch(ContextClassLoaderDispatch.java:33)
  at org.gradle.internal.dispatch.ProxyDispatchAdapter$DispatchingInvocationHandler.invoke(ProxyDispatchAdapter.java:88)
  at jdk.proxy1/jdk.proxy1.$Proxy4.processTestDefinition(Unknown Source)
  at org.gradle.api.internal.tasks.testing.worker.TestWorker$2.run(TestWorker.java:178)
  at org.gradle.api.internal.tasks.testing.worker.TestWorker.executeAndMaintainThreadName(TestWorker.java:126)
  at org.gradle.api.internal.tasks.testing.worker.TestWorker.execute(TestWorker.java:103)
  at org.gradle.api.internal.tasks.testing.worker.TestWorker.execute(TestWorker.java:63)
  at org.gradle.process.internal.worker.child.ActionExecutionWorker.execute(ActionExecutionWorker.java:56)
  at org.gradle.process.internal.worker.child.SystemApplicationClassLoaderWorker.call(SystemApplicationClassLoaderWorker.java:122)
  at org.gradle.process.internal.worker.child.SystemApplicationClassLoaderWorker.call(SystemApplicationClassLoaderWorker.java:72)
  at worker.org.gradle.process.internal.worker.GradleWorkerMain.run(GradleWorkerMain.java:69)
  at worker.org.gradle.process.internal.worker.GradleWorkerMain.main(GradleWorkerMain.java:74)
</stacktrace>
</test-failure>


TypeScriptCompilerTests_P[jvm] > parseInvalidNames_ts compiles to JavaScript matching parseInvalidNames_js[jvm] FAILED

<test-failure test="com.xemantic.typescript.compiler.TypeScriptCompilerTests_P.propertiesAndIndexers_ts has expected errors matching propertiesAndIndexers_errors_txt" platform="jvm">
<message>
--- expected
+++ actual
@@ -1,26 +1,7 @@
-propertiesAndIndexers.ts(16,5): error TS2411: Property '1' of type 'Z' is not assignable to 'number' index type 'string'.
-propertiesAndIndexers.ts(18,5): error TS2411: Property '3' of type 'boolean' is not assignable to 'number' index type 'string'.
-propertiesAndIndexers.ts(19,5): error TS2411: Property '6' of type '() => string' is not assignable to 'number' index type 'string'.
-propertiesAndIndexers.ts(23,5): error TS2411: Property '4' of type 'boolean' is not assignable to 'number' index type 'string'.
-propertiesAndIndexers.ts(28,5): error TS2411: Property '1' of type 'Z' is not assignable to 'string' index type 'number'.
-propertiesAndIndexers.ts(28,5): error TS2411: Property 'a' of type 'Y' is not assignable to 'string' index type 'number'.
-propertiesAndIndexers.ts(28,5): error TS2411: Property 'b' of type 'X' is not assignable to 'string' index type 'number'.
-propertiesAndIndexers.ts(29,5): error TS2411: Property 'c' of type 'boolean' is not assignable to 'string' index type 'number'.
-propertiesAndIndexers.ts(30,5): error TS2411: Property '3' of type 'boolean' is not assignable to 'string' index type 'number'.
-propertiesAndIndexers.ts(33,11): error TS2411: Property '4' of type 'boolean' is not assignable to 'string' index type 'number'.
-propertiesAndIndexers.ts(33,11): error TS2411: Property '5' of type 'string' is not assignable to 'string' index type 'number'.
-propertiesAndIndexers.ts(33,11): error TS2411: Property '6' of type '() => string' is not assignable to 'string' index type 'number'.
-propertiesAndIndexers.ts(33,11): error TS2413: 'number' index type 'string' is not assignable to 'string' index type 'number'.
-propertiesAndIndexers.ts(34,5): error TS2411: Property '2' of type 'Z' is not assignable to 'number' index type 'string'.
-propertiesAndIndexers.ts(34,5): error TS2411: Property '2' of type 'Z' is not assignable to 'string' index type 'number'.
-propertiesAndIndexers.ts(35,5): error TS2411: Property 'Infinity' of type 'number' is not assignable to 'number' index type 'string'.
-propertiesAndIndexers.ts(36,5): error TS2411: Property 'zoo' of type 'string' is not assignable to 'string' index type 'number'.
-propertiesAndIndexers.ts(44,5): error TS2411: Property 't' of type 'number' is not assignable to 'string' index type 'string'.
 propertiesAndIndexers.ts(44,5): error TS2564: Property 't' has no initializer and is not definitely assigned in the constructor.
-propertiesAndIndexers.ts(50,5): error TS2411: Property '3' of type 'boolean' is not assignable to 'number' index type 'string'.
 
 
-==== propertiesAndIndexers.ts (20 errors) ====
+==== propertiesAndIndexers.ts (1 errors) ====
     interface X { }
     interface Y {
         n: number;
@@ -37,60 +18,26 @@
     
     interface B extends A {
         [n: number]: string;
-        ~~~~~~~~~~~~~~~~~~~~
-!!! error TS2411: Property '1' of type 'Z' is not assignable to 'number' index type 'string'.
         c: boolean;
         3: boolean;
-        ~
-!!! error TS2411: Property '3' of type 'boolean' is not assignable to 'number' index type 'string'.
         6(): string;
-        ~~~~~~~~~~~~
-!!! error TS2411: Property '6' of type '() => string' is not assignable to 'number' index type 'string'.
     }
     
     interface B {
         4: boolean;
-        ~
-!!! error TS2411: Property '4' of type 'boolean' is not assignable to 'number' index type 'string'.
         5: string;
     }
     
     interface C extends A {
         [s: string]: number;
-        ~~~~~~~~~~~~~~~~~~~~
-!!! error TS2411: Property '1' of type 'Z' is not assignable to 'string' index type 'number'.
-        ~~~~~~~~~~~~~~~~~~~~
-!!! error TS2411: Property 'a' of type 'Y' is not assignable to 'string' index type 'number'.
-        ~~~~~~~~~~~~~~~~~~~~
-!!! error TS2411: Property 'b' of type 'X' is not assignable to 'string' index type 'number'.
         c: boolean;
-        ~
-!!! error TS2411: Property 'c' of type 'boolean' is not assignable to 'string' index type 'number'.
         3: boolean;
-        ~
-!!! error TS2411: Property '3' of type 'boolean' is not assignable to 'string' index type 'number'.
     }
     
     interface D extends B, C {
-              ~
-!!! error TS2411: Property '4' of type 'boolean' is not assignable to 'string' index type 'number'.
-              ~
-!!! error TS2411: Property '5' of type 'string' is not assignable to 'string' index type 'number'.
-              ~
-!!! error TS2411: Property '6' of type '() => string' is not assignable to 'string' index type 'number'.
-              ~
-!!! error TS2413: 'number' index type 'string' is not assignable to 'string' index type 'number'.
         2: Z;
-        ~
-!!! error TS2411: Property '2' of type 'Z' is not assignable to 'number' index type 'string'.
-        ~
-!!! error TS2411: Property '2' of type 'Z' is not assignable to 'string' index type 'number'.
         Infinity: number;
-        ~~~~~~~~
-!!! error TS2411: Property 'Infinity' of type 'number' is not assignable to 'number' index type 'string'.
         zoo: string;
-        ~~~
-!!! error TS2411: Property 'zoo' of type 'string' is not assignable to 'string' index type 'number'.
     }
     
     class P {
@@ -100,8 +47,6 @@
     class Q extends P {
         t: number;
         ~
-!!! error TS2411: Property 't' of type 'number' is not assignable to 'string' index type 'string'.
-        ~
 !!! error TS2564: Property 't' has no initializer and is not definitely assigned in the constructor.
     }
     
@@ -109,6 +54,4 @@
         [n: number]: string;
         c: boolean;
         3: boolean;
-        ~
-!!! error TS2411: Property '3' of type 'boolean' is not assignable to 'number' index type 'string'.
     };

</message>
<stacktrace>
  at org.junit.Assert.fail(Assert.java:89)
  at kotlin.test.junit.JUnitAsserter.fail(JUnitSupport.kt:56)
  at kotlin.test.AssertionsKt__AssertionsKt.fail(Assertions.kt:563)
  at kotlin.test.AssertionsKt.fail(Unknown Source)
  at com.xemantic.kotlin.test.SameAsKt.sameAs(SameAs.kt:52)
  at com.xemantic.typescript.compiler.TypeScriptTestSupportKt.errorsMatchBaseline(TypeScriptTestSupport.kt:135)
  at com.xemantic.typescript.compiler.TypeScriptCompilerTests_P.propertiesAndIndexers_ts has expected errors matching propertiesAndIndexers_errors_txt(TypeScriptCompilerTests_P.kt:2562)
  at java.base/jdk.internal.reflect.DirectMethodHandleAccessor.invoke(DirectMethodHandleAccessor.java:104)
  at java.base/java.lang.reflect.Method.invoke(Method.java:565)
  at org.junit.runners.model.FrameworkMethod$1.runReflectiveCall(FrameworkMethod.java:59)
  at org.junit.internal.runners.model.ReflectiveCallable.run(ReflectiveCallable.java:12)
  at org.junit.runners.model.FrameworkMethod.invokeExplosively(FrameworkMethod.java:56)
  at org.junit.internal.runners.statements.InvokeMethod.evaluate(InvokeMethod.java:17)
  at org.junit.runners.ParentRunner$3.evaluate(ParentRunner.java:306)
  at org.junit.runners.BlockJUnit4ClassRunner$1.evaluate(BlockJUnit4ClassRunner.java:100)
  at org.junit.runners.ParentRunner.runLeaf(ParentRunner.java:366)
  at org.junit.runners.BlockJUnit4ClassRunner.runChild(BlockJUnit4ClassRunner.java:103)
  at org.junit.runners.BlockJUnit4ClassRunner.runChild(BlockJUnit4ClassRunner.java:63)
  at org.junit.runners.ParentRunner$4.run(ParentRunner.java:331)
  at org.junit.runners.ParentRunner$1.schedule(ParentRunner.java:79)
  at org.junit.runners.ParentRunner.runChildren(ParentRunner.java:329)
  at org.junit.runners.ParentRunner.access$100(ParentRunner.java:66)
  at org.junit.runners.ParentRunner$2.evaluate(ParentRunner.java:293)
  at org.junit.runners.ParentRunner$3.evaluate(ParentRunner.java:306)
  at org.junit.runners.ParentRunner.run(ParentRunner.java:413)
  at org.junit.runner.JUnitCore.run(JUnitCore.java:137)
  at org.junit.runner.JUnitCore.run(JUnitCore.java:115)
  at org.gradle.api.internal.tasks.testing.junit.JUnitTestExecutor.runRequest(JUnitTestExecutor.java:175)
  at org.gradle.api.internal.tasks.testing.junit.JUnitTestExecutor.accept(JUnitTestExecutor.java:84)
  at org.gradle.api.internal.tasks.testing.junit.JUnitTestExecutor.accept(JUnitTestExecutor.java:47)
  at org.gradle.api.internal.tasks.testing.junit.AbstractJUnitTestDefinitionProcessor.processTestDefinition(AbstractJUnitTestDefinitionProcessor.java:65)
  at org.gradle.api.internal.tasks.testing.SuiteTestDefinitionProcessor.processTestDefinition(SuiteTestDefinitionProcessor.java:54)
  at java.base/jdk.internal.reflect.DirectMethodHandleAccessor.invoke(DirectMethodHandleAccessor.java:104)
  at java.base/java.lang.reflect.Method.invoke(Method.java:565)
  at org.gradle.internal.dispatch.MethodInvocation.invokeOn(MethodInvocation.java:77)
  at org.gradle.internal.dispatch.ReflectionDispatch.dispatch(ReflectionDispatch.java:28)
  at org.gradle.internal.dispatch.ReflectionDispatch.dispatch(ReflectionDispatch.java:19)
  at org.gradle.internal.dispatch.ContextClassLoaderDispatch.dispatch(ContextClassLoaderDispatch.java:33)
  at org.gradle.internal.dispatch.ProxyDispatchAdapter$DispatchingInvocationHandler.invoke(ProxyDispatchAdapter.java:88)
  at jdk.proxy1/jdk.proxy1.$Proxy4.processTestDefinition(Unknown Source)
  at org.gradle.api.internal.tasks.testing.worker.TestWorker$2.run(TestWorker.java:178)
  at org.gradle.api.internal.tasks.testing.worker.TestWorker.executeAndMaintainThreadName(TestWorker.java:126)
  at org.gradle.api.internal.tasks.testing.worker.TestWorker.execute(TestWorker.java:103)
  at org.gradle.api.internal.tasks.testing.worker.TestWorker.execute(TestWorker.java:63)
  at org.gradle.process.internal.worker.child.ActionExecutionWorker.execute(ActionExecutionWorker.java:56)
  at org.gradle.process.internal.worker.child.SystemApplicationClassLoaderWorker.call(SystemApplicationClassLoaderWorker.java:122)
  at org.gradle.process.internal.worker.child.SystemApplicationClassLoaderWorker.call(SystemApplicationClassLoaderWorker.java:72)
  at worker.org.gradle.process.internal.worker.GradleWorkerMain.run(GradleWorkerMain.java:69)
  at worker.org.gradle.process.internal.worker.GradleWorkerMain.main(GradleWorkerMain.java:74)
</stacktrace>
</test-failure>


TypeScriptCompilerTests_P[jvm] > propertiesAndIndexers_ts has expected errors matching propertiesAndIndexers_errors_txt[jvm] FAILED

<test-failure test="com.xemantic.typescript.compiler.TypeScriptCompilerTests_P.parseUnaryExpressionNoTypeAssertionInJsx4_ts compiles to JavaScript matching parseUnaryExpressionNoTypeAssertionInJsx4_js" platform="jvm">
<message>
--- expected
+++ actual
@@ -13,5 +13,5 @@
 const x = "oops";
 const a = +<number> x;
 const b = + <> x;
-const c = + < />1234> x;
-</></>;
+const c = + <1234> x;
+</></></>;

</message>
<stacktrace>
  at org.junit.Assert.fail(Assert.java:89)
  at kotlin.test.junit.JUnitAsserter.fail(JUnitSupport.kt:56)
  at kotlin.test.AssertionsKt__AssertionsKt.fail(Assertions.kt:563)
  at kotlin.test.AssertionsKt.fail(Unknown Source)
  at com.xemantic.kotlin.test.SameAsKt.sameAs(SameAs.kt:52)
  at com.xemantic.typescript.compiler.TypeScriptTestSupportKt.sameAs(TypeScriptTestSupport.kt:99)
  at com.xemantic.typescript.compiler.TypeScriptCompilerTests_P.parseUnaryExpressionNoTypeAssertionInJsx4_ts compiles to JavaScript matching parseUnaryExpressionNoTypeAssertionInJsx4_js(TypeScriptCompilerTests_P.kt:742)
  at java.base/jdk.internal.reflect.DirectMethodHandleAccessor.invoke(DirectMethodHandleAccessor.java:104)
  at java.base/java.lang.reflect.Method.invoke(Method.java:565)
  at org.junit.runners.model.FrameworkMethod$1.runReflectiveCall(FrameworkMethod.java:59)
  at org.junit.internal.runners.model.ReflectiveCallable.run(ReflectiveCallable.java:12)
  at org.junit.runners.model.FrameworkMethod.invokeExplosively(FrameworkMethod.java:56)
  at org.junit.internal.runners.statements.InvokeMethod.evaluate(InvokeMethod.java:17)
  at org.junit.runners.ParentRunner$3.evaluate(ParentRunner.java:306)
  at org.junit.runners.BlockJUnit4ClassRunner$1.evaluate(BlockJUnit4ClassRunner.java:100)
  at org.junit.runners.ParentRunner.runLeaf(ParentRunner.java:366)
  at org.junit.runners.BlockJUnit4ClassRunner.runChild(BlockJUnit4ClassRunner.java:103)
  at org.junit.runners.BlockJUnit4ClassRunner.runChild(BlockJUnit4ClassRunner.java:63)
  at org.junit.runners.ParentRunner$4.run(ParentRunner.java:331)
  at org.junit.runners.ParentRunner$1.schedule(ParentRunner.java:79)
  at org.junit.runners.ParentRunner.runChildren(ParentRunner.java:329)
  at org.junit.runners.ParentRunner.access$100(ParentRunner.java:66)
  at org.junit.runners.ParentRunner$2.evaluate(ParentRunner.java:293)
  at org.junit.runners.ParentRunner$3.evaluate(ParentRunner.java:306)
  at org.junit.runners.ParentRunner.run(ParentRunner.java:413)
  at org.junit.runner.JUnitCore.run(JUnitCore.java:137)
  at org.junit.runner.JUnitCore.run(JUnitCore.java:115)
  at org.gradle.api.internal.tasks.testing.junit.JUnitTestExecutor.runRequest(JUnitTestExecutor.java:175)
  at org.gradle.api.internal.tasks.testing.junit.JUnitTestExecutor.accept(JUnitTestExecutor.java:84)
  at org.gradle.api.internal.tasks.testing.junit.JUnitTestExecutor.accept(JUnitTestExecutor.java:47)
  at org.gradle.api.internal.tasks.testing.junit.AbstractJUnitTestDefinitionProcessor.processTestDefinition(AbstractJUnitTestDefinitionProcessor.java:65)
  at org.gradle.api.internal.tasks.testing.SuiteTestDefinitionProcessor.processTestDefinition(SuiteTestDefinitionProcessor.java:54)
  at java.base/jdk.internal.reflect.DirectMethodHandleAccessor.invoke(DirectMethodHandleAccessor.java:104)
  at java.base/java.lang.reflect.Method.invoke(Method.java:565)
  at org.gradle.internal.dispatch.MethodInvocation.invokeOn(MethodInvocation.java:77)
  at org.gradle.internal.dispatch.ReflectionDispatch.dispatch(ReflectionDispatch.java:28)
  at org.gradle.internal.dispatch.ReflectionDispatch.dispatch(ReflectionDispatch.java:19)
  at org.gradle.internal.dispatch.ContextClassLoaderDispatch.dispatch(ContextClassLoaderDispatch.java:33)
  at org.gradle.internal.dispatch.ProxyDispatchAdapter$DispatchingInvocationHandler.invoke(ProxyDispatchAdapter.java:88)
  at jdk.proxy1/jdk.proxy1.$Proxy4.processTestDefinition(Unknown Source)
  at org.gradle.api.internal.tasks.testing.worker.TestWorker$2.run(TestWorker.java:178)
  at org.gradle.api.internal.tasks.testing.worker.TestWorker.executeAndMaintainThreadName(TestWorker.java:126)
  at org.gradle.api.internal.tasks.testing.worker.TestWorker.execute(TestWorker.java:103)
  at org.gradle.api.internal.tasks.testing.worker.TestWorker.execute(TestWorker.java:63)
  at org.gradle.process.internal.worker.child.ActionExecutionWorker.execute(ActionExecutionWorker.java:56)
  at org.gradle.process.internal.worker.child.SystemApplicationClassLoaderWorker.call(SystemApplicationClassLoaderWorker.java:122)
  at org.gradle.process.internal.worker.child.SystemApplicationClassLoaderWorker.call(SystemApplicationClassLoaderWorker.java:72)
  at worker.org.gradle.process.internal.worker.GradleWorkerMain.run(GradleWorkerMain.java:69)
  at worker.org.gradle.process.internal.worker.GradleWorkerMain.main(GradleWorkerMain.java:74)
</stacktrace>
</test-failure>


TypeScriptCompilerTests_P[jvm] > parseUnaryExpressionNoTypeAssertionInJsx4_ts compiles to JavaScript matching parseUnaryExpressionNoTypeAssertionInJsx4_js[jvm] FAILED

<test-failure test="com.xemantic.typescript.compiler.TypeScriptCompilerTests_P.pathMappingBasedModuleResolution7_node_ts compiles to JavaScript matching pathMappingBasedModuleResolution7_node_js" platform="jvm">
<message>
--- expected
+++ actual
@@ -1,5 +1,13 @@
 //// [tests/cases/compiler/pathMappingBasedModuleResolution7_node.ts] ////
 
+//// [file1.ts]
+import {x} from "./project/file2";
+import {y} from "module3";
+
+declare function use(x: string);
+use(x.toFixed());
+use(y.toFixed());
+
 //// [file2.ts]
 import {a} from "module1";
 import {b} from "templates/module2";
@@ -12,26 +20,21 @@
 //// [module2.ts]
 export let b: number;
 
+//// [index.d.ts]
+export let x: number;
+
 //// [module3.d.ts]
 export let y: number;
 
 
-//// [file1.ts]
-import {x} from "./project/file2";
-import {y} from "module3";
 
-declare function use(x: string);
-use(x.toFixed());
-use(y.toFixed());
-
-//// [index.d.ts]
-export let x: number;
-
-
-//// [module2.js]
+//// [file1.js]
 "use strict";
 Object.defineProperty(exports, "__esModule", { value: true });
-exports.b = void 0;
+const file2_1 = require("./project/file2");
+const module3_1 = require("module3");
+use(file2_1.x.toFixed());
+use(module3_1.y.toFixed());
 //// [file2.js]
 "use strict";
 Object.defineProperty(exports, "__esModule", { value: true });
@@ -40,10 +43,7 @@
 const module2_1 = require("templates/module2");
 const file3_1 = require("../file3");
 exports.x = module1_1.a + module2_1.b + file3_1.x;
-//// [file1.js]
+//// [module2.js]
 "use strict";
 Object.defineProperty(exports, "__esModule", { value: true });
-const file2_1 = require("./project/file2");
-const module3_1 = require("module3");
-use(file2_1.x.toFixed());
-use(module3_1.y.toFixed());
+exports.b = void 0;

</message>
<stacktrace>
  at org.junit.Assert.fail(Assert.java:89)
  at kotlin.test.junit.JUnitAsserter.fail(JUnitSupport.kt:56)
  at kotlin.test.AssertionsKt__AssertionsKt.fail(Assertions.kt:563)
  at kotlin.test.AssertionsKt.fail(Unknown Source)
  at com.xemantic.kotlin.test.SameAsKt.sameAs(SameAs.kt:52)
  at com.xemantic.typescript.compiler.TypeScriptTestSupportKt.sameAs(TypeScriptTestSupport.kt:99)
  at com.xemantic.typescript.compiler.TypeScriptCompilerTests_P.pathMappingBasedModuleResolution7_node_ts compiles to JavaScript matching pathMappingBasedModuleResolution7_node_js(TypeScriptCompilerTests_P.kt:1071)
  at java.base/jdk.internal.reflect.DirectMethodHandleAccessor.invoke(DirectMethodHandleAccessor.java:104)
  at java.base/java.lang.reflect.Method.invoke(Method.java:565)
  at org.junit.runners.model.FrameworkMethod$1.runReflectiveCall(FrameworkMethod.java:59)
  at org.junit.internal.runners.model.ReflectiveCallable.run(ReflectiveCallable.java:12)
  at org.junit.runners.model.FrameworkMethod.invokeExplosively(FrameworkMethod.java:56)
  at org.junit.internal.runners.statements.InvokeMethod.evaluate(InvokeMethod.java:17)
  at org.junit.runners.ParentRunner$3.evaluate(ParentRunner.java:306)
  at org.junit.runners.BlockJUnit4ClassRunner$1.evaluate(BlockJUnit4ClassRunner.java:100)
  at org.junit.runners.ParentRunner.runLeaf(ParentRunner.java:366)
  at org.junit.runners.BlockJUnit4ClassRunner.runChild(BlockJUnit4ClassRunner.java:103)
  at org.junit.runners.BlockJUnit4ClassRunner.runChild(BlockJUnit4ClassRunner.java:63)
  at org.junit.runners.ParentRunner$4.run(ParentRunner.java:331)
  at org.junit.runners.ParentRunner$1.schedule(ParentRunner.java:79)
  at org.junit.runners.ParentRunner.runChildren(ParentRunner.java:329)
  at org.junit.runners.ParentRunner.access$100(ParentRunner.java:66)
  at org.junit.runners.ParentRunner$2.evaluate(ParentRunner.java:293)
  at org.junit.runners.ParentRunner$3.evaluate(ParentRunner.java:306)
  at org.junit.runners.ParentRunner.run(ParentRunner.java:413)
  at org.junit.runner.JUnitCore.run(JUnitCore.java:137)
  at org.junit.runner.JUnitCore.run(JUnitCore.java:115)
  at org.gradle.api.internal.tasks.testing.junit.JUnitTestExecutor.runRequest(JUnitTestExecutor.java:175)
  at org.gradle.api.internal.tasks.testing.junit.JUnitTestExecutor.accept(JUnitTestExecutor.java:84)
  at org.gradle.api.internal.tasks.testing.junit.JUnitTestExecutor.accept(JUnitTestExecutor.java:47)
  at org.gradle.api.internal.tasks.testing.junit.AbstractJUnitTestDefinitionProcessor.processTestDefinition(AbstractJUnitTestDefinitionProcessor.java:65)
  at org.gradle.api.internal.tasks.testing.SuiteTestDefinitionProcessor.processTestDefinition(SuiteTestDefinitionProcessor.java:54)
  at java.base/jdk.internal.reflect.DirectMethodHandleAccessor.invoke(DirectMethodHandleAccessor.java:104)
  at java.base/java.lang.reflect.Method.invoke(Method.java:565)
  at org.gradle.internal.dispatch.MethodInvocation.invokeOn(MethodInvocation.java:77)
  at org.gradle.internal.dispatch.ReflectionDispatch.dispatch(ReflectionDispatch.java:28)
  at org.gradle.internal.dispatch.ReflectionDispatch.dispatch(ReflectionDispatch.java:19)
  at org.gradle.internal.dispatch.ContextClassLoaderDispatch.dispatch(ContextClassLoaderDispatch.java:33)
  at org.gradle.internal.dispatch.ProxyDispatchAdapter$DispatchingInvocationHandler.invoke(ProxyDispatchAdapter.java:88)
  at jdk.proxy1/jdk.proxy1.$Proxy4.processTestDefinition(Unknown Source)
  at org.gradle.api.internal.tasks.testing.worker.TestWorker$2.run(TestWorker.java:178)
  at org.gradle.api.internal.tasks.testing.worker.TestWorker.executeAndMaintainThreadName(TestWorker.java:126)
  at org.gradle.api.internal.tasks.testing.worker.TestWorker.execute(TestWorker.java:103)
  at org.gradle.api.internal.tasks.testing.worker.TestWorker.execute(TestWorker.java:63)
  at org.gradle.process.internal.worker.child.ActionExecutionWorker.execute(ActionExecutionWorker.java:56)
  at org.gradle.process.internal.worker.child.SystemApplicationClassLoaderWorker.call(SystemApplicationClassLoaderWorker.java:122)
  at org.gradle.process.internal.worker.child.SystemApplicationClassLoaderWorker.call(SystemApplicationClassLoaderWorker.java:72)
  at worker.org.gradle.process.internal.worker.GradleWorkerMain.run(GradleWorkerMain.java:69)
  at worker.org.gradle.process.internal.worker.GradleWorkerMain.main(GradleWorkerMain.java:74)
</stacktrace>
</test-failure>


TypeScriptCompilerTests_P[jvm] > pathMappingBasedModuleResolution7_node_ts compiles to JavaScript matching pathMappingBasedModuleResolution7_node_js[jvm] FAILED

<test-failure test="com.xemantic.typescript.compiler.TypeScriptCompilerTests_P.parseJsxExtends2_ts has expected errors matching parseJsxExtends2_errors_txt" platform="jvm">
<message>
Expected diagnostics from baseline typescript-repo/tests/baselines/reference/parseJsxExtends2.errors.txt but none produced
</message>
<stacktrace>
  at com.xemantic.typescript.compiler.TypeScriptTestSupportKt.errorsMatchBaseline(TypeScriptTestSupport.kt:125)
  at com.xemantic.typescript.compiler.TypeScriptCompilerTests_P.parseJsxExtends2_ts has expected errors matching parseJsxExtends2_errors_txt(TypeScriptCompilerTests_P.kt:679)
  at java.base/jdk.internal.reflect.DirectMethodHandleAccessor.invoke(DirectMethodHandleAccessor.java:104)
  at java.base/java.lang.reflect.Method.invoke(Method.java:565)
  at org.junit.runners.model.FrameworkMethod$1.runReflectiveCall(FrameworkMethod.java:59)
  at org.junit.internal.runners.model.ReflectiveCallable.run(ReflectiveCallable.java:12)
  at org.junit.runners.model.FrameworkMethod.invokeExplosively(FrameworkMethod.java:56)
  at org.junit.internal.runners.statements.InvokeMethod.evaluate(InvokeMethod.java:17)
  at org.junit.runners.ParentRunner$3.evaluate(ParentRunner.java:306)
  at org.junit.runners.BlockJUnit4ClassRunner$1.evaluate(BlockJUnit4ClassRunner.java:100)
  at org.junit.runners.ParentRunner.runLeaf(ParentRunner.java:366)
  at org.junit.runners.BlockJUnit4ClassRunner.runChild(BlockJUnit4ClassRunner.java:103)
  at org.junit.runners.BlockJUnit4ClassRunner.runChild(BlockJUnit4ClassRunner.java:63)
  at org.junit.runners.ParentRunner$4.run(ParentRunner.java:331)
  at org.junit.runners.ParentRunner$1.schedule(ParentRunner.java:79)
  at org.junit.runners.ParentRunner.runChildren(ParentRunner.java:329)
  at org.junit.runners.ParentRunner.access$100(ParentRunner.java:66)
  at org.junit.runners.ParentRunner$2.evaluate(ParentRunner.java:293)
  at org.junit.runners.ParentRunner$3.evaluate(ParentRunner.java:306)
  at org.junit.runners.ParentRunner.run(ParentRunner.java:413)
  at org.junit.runner.JUnitCore.run(JUnitCore.java:137)
  at org.junit.runner.JUnitCore.run(JUnitCore.java:115)
  at org.gradle.api.internal.tasks.testing.junit.JUnitTestExecutor.runRequest(JUnitTestExecutor.java:175)
  at org.gradle.api.internal.tasks.testing.junit.JUnitTestExecutor.accept(JUnitTestExecutor.java:84)
  at org.gradle.api.internal.tasks.testing.junit.JUnitTestExecutor.accept(JUnitTestExecutor.java:47)
  at org.gradle.api.internal.tasks.testing.junit.AbstractJUnitTestDefinitionProcessor.processTestDefinition(AbstractJUnitTestDefinitionProcessor.java:65)
  at org.gradle.api.internal.tasks.testing.SuiteTestDefinitionProcessor.processTestDefinition(SuiteTestDefinitionProcessor.java:54)
  at java.base/jdk.internal.reflect.DirectMethodHandleAccessor.invoke(DirectMethodHandleAccessor.java:104)
  at java.base/java.lang.reflect.Method.invoke(Method.java:565)
  at org.gradle.internal.dispatch.MethodInvocation.invokeOn(MethodInvocation.java:77)
  at org.gradle.internal.dispatch.ReflectionDispatch.dispatch(ReflectionDispatch.java:28)
  at org.gradle.internal.dispatch.ReflectionDispatch.dispatch(ReflectionDispatch.java:19)
  at org.gradle.internal.dispatch.ContextClassLoaderDispatch.dispatch(ContextClassLoaderDispatch.java:33)
  at org.gradle.internal.dispatch.ProxyDispatchAdapter$DispatchingInvocationHandler.invoke(ProxyDispatchAdapter.java:88)
  at jdk.proxy1/jdk.proxy1.$Proxy4.processTestDefinition(Unknown Source)
  at org.gradle.api.internal.tasks.testing.worker.TestWorker$2.run(TestWorker.java:178)
  at org.gradle.api.internal.tasks.testing.worker.TestWorker.executeAndMaintainThreadName(TestWorker.java:126)
  at org.gradle.api.internal.tasks.testing.worker.TestWorker.execute(TestWorker.java:103)
  at org.gradle.api.internal.tasks.testing.worker.TestWorker.execute(TestWorker.java:63)
  at org.gradle.process.internal.worker.child.ActionExecutionWorker.execute(ActionExecutionWorker.java:56)
  at org.gradle.process.internal.worker.child.SystemApplicationClassLoaderWorker.call(SystemApplicationClassLoaderWorker.java:122)
  at org.gradle.process.internal.worker.child.SystemApplicationClassLoaderWorker.call(SystemApplicationClassLoaderWorker.java:72)
  at worker.org.gradle.process.internal.worker.GradleWorkerMain.run(GradleWorkerMain.java:69)
  at worker.org.gradle.process.internal.worker.GradleWorkerMain.main(GradleWorkerMain.java:74)
</stacktrace>
</test-failure>


TypeScriptCompilerTests_P[jvm] > parseJsxExtends2_ts has expected errors matching parseJsxExtends2_errors_txt[jvm] FAILED

<test-failure test="com.xemantic.typescript.compiler.TypeScriptCompilerTests_P.pathMappingBasedModuleResolution6_classic_ts compiles to JavaScript matching pathMappingBasedModuleResolution6_classic_js" platform="jvm">
<message>
--- expected
+++ actual
@@ -1,7 +1,5 @@
 //// [tests/cases/compiler/pathMappingBasedModuleResolution6_classic.ts] ////
 
-//// [file3.ts]
-export {x} from "../file2";
 //// [file1.ts]
 import {x} from "./project/file3";
 declare function use(x: string);
@@ -10,17 +8,19 @@
 //// [file2.d.ts]
 export let x: number;
 
+//// [file3.ts]
+export {x} from "../file2";
 
-//// [file3.js]
-define(["require", "exports", "../file2"], function (require, exports, file2_1) {
-    "use strict";
-    Object.defineProperty(exports, "__esModule", { value: true });
-    exports.x = void 0;
-    Object.defineProperty(exports, "x", { enumerable: true, get: function () { return file2_1.x; } });
-});
 //// [file1.js]
 define(["require", "exports", "./project/file3"], function (require, exports, file3_1) {
     "use strict";
     Object.defineProperty(exports, "__esModule", { value: true });
     use(file3_1.x.toExponential());
 });
+//// [file3.js]
+define(["require", "exports"], function (require, exports) {
+    "use strict";
+    Object.defineProperty(exports, "__esModule", { value: true });
+    exports.x = void 0;
+    exports.x = x;
+});

</message>
<stacktrace>
  at org.junit.Assert.fail(Assert.java:89)
  at kotlin.test.junit.JUnitAsserter.fail(JUnitSupport.kt:56)
  at kotlin.test.AssertionsKt__AssertionsKt.fail(Assertions.kt:563)
  at kotlin.test.AssertionsKt.fail(Unknown Source)
  at com.xemantic.kotlin.test.SameAsKt.sameAs(SameAs.kt:52)
  at com.xemantic.typescript.compiler.TypeScriptTestSupportKt.sameAs(TypeScriptTestSupport.kt:99)
  at com.xemantic.typescript.compiler.TypeScriptCompilerTests_P.pathMappingBasedModuleResolution6_classic_ts compiles to JavaScript matching pathMappingBasedModuleResolution6_classic_js(TypeScriptCompilerTests_P.kt:1036)
  at java.base/jdk.internal.reflect.DirectMethodHandleAccessor.invoke(DirectMethodHandleAccessor.java:104)
  at java.base/java.lang.reflect.Method.invoke(Method.java:565)
  at org.junit.runners.model.FrameworkMethod$1.runReflectiveCall(FrameworkMethod.java:59)
  at org.junit.internal.runners.model.ReflectiveCallable.run(ReflectiveCallable.java:12)
  at org.junit.runners.model.FrameworkMethod.invokeExplosively(FrameworkMethod.java:56)
  at org.junit.internal.runners.statements.InvokeMethod.evaluate(InvokeMethod.java:17)
  at org.junit.runners.ParentRunner$3.evaluate(ParentRunner.java:306)
  at org.junit.runners.BlockJUnit4ClassRunner$1.evaluate(BlockJUnit4ClassRunner.java:100)
  at org.junit.runners.ParentRunner.runLeaf(ParentRunner.java:366)
  at org.junit.runners.BlockJUnit4ClassRunner.runChild(BlockJUnit4ClassRunner.java:103)
  at org.junit.runners.BlockJUnit4ClassRunner.runChild(BlockJUnit4ClassRunner.java:63)
  at org.junit.runners.ParentRunner$4.run(ParentRunner.java:331)
  at org.junit.runners.ParentRunner$1.schedule(ParentRunner.java:79)
  at org.junit.runners.ParentRunner.runChildren(ParentRunner.java:329)
  at org.junit.runners.ParentRunner.access$100(ParentRunner.java:66)
  at org.junit.runners.ParentRunner$2.evaluate(ParentRunner.java:293)
  at org.junit.runners.ParentRunner$3.evaluate(ParentRunner.java:306)
  at org.junit.runners.ParentRunner.run(ParentRunner.java:413)
  at org.junit.runner.JUnitCore.run(JUnitCore.java:137)
  at org.junit.runner.JUnitCore.run(JUnitCore.java:115)
  at org.gradle.api.internal.tasks.testing.junit.JUnitTestExecutor.runRequest(JUnitTestExecutor.java:175)
  at org.gradle.api.internal.tasks.testing.junit.JUnitTestExecutor.accept(JUnitTestExecutor.java:84)
  at org.gradle.api.internal.tasks.testing.junit.JUnitTestExecutor.accept(JUnitTestExecutor.java:47)
  at org.gradle.api.internal.tasks.testing.junit.AbstractJUnitTestDefinitionProcessor.processTestDefinition(AbstractJUnitTestDefinitionProcessor.java:65)
  at org.gradle.api.internal.tasks.testing.SuiteTestDefinitionProcessor.processTestDefinition(SuiteTestDefinitionProcessor.java:54)
  at java.base/jdk.internal.reflect.DirectMethodHandleAccessor.invoke(DirectMethodHandleAccessor.java:104)
  at java.base/java.lang.reflect.Method.invoke(Method.java:565)
  at org.gradle.internal.dispatch.MethodInvocation.invokeOn(MethodInvocation.java:77)
  at org.gradle.internal.dispatch.ReflectionDispatch.dispatch(ReflectionDispatch.java:28)
  at org.gradle.internal.dispatch.ReflectionDispatch.dispatch(ReflectionDispatch.java:19)
  at org.gradle.internal.dispatch.ContextClassLoaderDispatch.dispatch(ContextClassLoaderDispatch.java:33)
  at org.gradle.internal.dispatch.ProxyDispatchAdapter$DispatchingInvocationHandler.invoke(ProxyDispatchAdapter.java:88)
  at jdk.proxy1/jdk.proxy1.$Proxy4.processTestDefinition(Unknown Source)
  at org.gradle.api.internal.tasks.testing.worker.TestWorker$2.run(TestWorker.java:178)
  at org.gradle.api.internal.tasks.testing.worker.TestWorker.executeAndMaintainThreadName(TestWorker.java:126)
  at org.gradle.api.internal.tasks.testing.worker.TestWorker.execute(TestWorker.java:103)
  at org.gradle.api.internal.tasks.testing.worker.TestWorker.execute(TestWorker.java:63)
  at org.gradle.process.internal.worker.child.ActionExecutionWorker.execute(ActionExecutionWorker.java:56)
  at org.gradle.process.internal.worker.child.SystemApplicationClassLoaderWorker.call(SystemApplicationClassLoaderWorker.java:122)
  at org.gradle.process.internal.worker.child.SystemApplicationClassLoaderWorker.call(SystemApplicationClassLoaderWorker.java:72)
  at worker.org.gradle.process.internal.worker.GradleWorkerMain.run(GradleWorkerMain.java:69)
  at worker.org.gradle.process.internal.worker.GradleWorkerMain.main(GradleWorkerMain.java:74)
</stacktrace>
</test-failure>


TypeScriptCompilerTests_P[jvm] > pathMappingBasedModuleResolution6_classic_ts compiles to JavaScript matching pathMappingBasedModuleResolution6_classic_js[jvm] FAILED

<test-failure test="com.xemantic.typescript.compiler.TypeScriptCompilerTests_P.parserPrivateIdentifierInArrayAssignment_ts has expected errors matching parserPrivateIdentifierInArrayAssignment_errors_txt" platform="jvm">
<message>
--- expected
+++ actual
@@ -1,10 +1,8 @@
-parserPrivateIdentifierInArrayAssignment.ts(1,2): error TS2364: The left-hand side of an assignment expression must be a variable or a property access.
-parserPrivateIdentifierInArrayAssignment.ts(1,8): error TS1109: Expression expected.
+parserPrivateIdentifierInArrayAssignment.ts(2,1): error TS1109: Expression expected.
 
 
-==== parserPrivateIdentifierInArrayAssignment.ts (2 errors) ====
+==== parserPrivateIdentifierInArrayAssignment.ts (1 errors) ====
     [#abc]=
-     ~~~~
-!!! error TS2364: The left-hand side of an assignment expression must be a variable or a property access.
-           
+    
+    
 !!! error TS1109: Expression expected.

</message>
<stacktrace>
  at org.junit.Assert.fail(Assert.java:89)
  at kotlin.test.junit.JUnitAsserter.fail(JUnitSupport.kt:56)
  at kotlin.test.AssertionsKt__AssertionsKt.fail(Assertions.kt:563)
  at kotlin.test.AssertionsKt.fail(Unknown Source)
  at com.xemantic.kotlin.test.SameAsKt.sameAs(SameAs.kt:52)
  at com.xemantic.typescript.compiler.TypeScriptTestSupportKt.errorsMatchBaseline(TypeScriptTestSupport.kt:135)
  at com.xemantic.typescript.compiler.TypeScriptCompilerTests_P.parserPrivateIdentifierInArrayAssignment_ts has expected errors matching parserPrivateIdentifierInArrayAssignment_errors_txt(TypeScriptCompilerTests_P.kt:798)
  at java.base/jdk.internal.reflect.DirectMethodHandleAccessor.invoke(DirectMethodHandleAccessor.java:104)
  at java.base/java.lang.reflect.Method.invoke(Method.java:565)
  at org.junit.runners.model.FrameworkMethod$1.runReflectiveCall(FrameworkMethod.java:59)
  at org.junit.internal.runners.model.ReflectiveCallable.run(ReflectiveCallable.java:12)
  at org.junit.runners.model.FrameworkMethod.invokeExplosively(FrameworkMethod.java:56)
  at org.junit.internal.runners.statements.InvokeMethod.evaluate(InvokeMethod.java:17)
  at org.junit.runners.ParentRunner$3.evaluate(ParentRunner.java:306)
  at org.junit.runners.BlockJUnit4ClassRunner$1.evaluate(BlockJUnit4ClassRunner.java:100)
  at org.junit.runners.ParentRunner.runLeaf(ParentRunner.java:366)
  at org.junit.runners.BlockJUnit4ClassRunner.runChild(BlockJUnit4ClassRunner.java:103)
  at org.junit.runners.BlockJUnit4ClassRunner.runChild(BlockJUnit4ClassRunner.java:63)
  at org.junit.runners.ParentRunner$4.run(ParentRunner.java:331)
  at org.junit.runners.ParentRunner$1.schedule(ParentRunner.java:79)
  at org.junit.runners.ParentRunner.runChildren(ParentRunner.java:329)
  at org.junit.runners.ParentRunner.access$100(ParentRunner.java:66)
  at org.junit.runners.ParentRunner$2.evaluate(ParentRunner.java:293)
  at org.junit.runners.ParentRunner$3.evaluate(ParentRunner.java:306)
  at org.junit.runners.ParentRunner.run(ParentRunner.java:413)
  at org.junit.runner.JUnitCore.run(JUnitCore.java:137)
  at org.junit.runner.JUnitCore.run(JUnitCore.java:115)
  at org.gradle.api.internal.tasks.testing.junit.JUnitTestExecutor.runRequest(JUnitTestExecutor.java:175)
  at org.gradle.api.internal.tasks.testing.junit.JUnitTestExecutor.accept(JUnitTestExecutor.java:84)
  at org.gradle.api.internal.tasks.testing.junit.JUnitTestExecutor.accept(JUnitTestExecutor.java:47)
  at org.gradle.api.internal.tasks.testing.junit.AbstractJUnitTestDefinitionProcessor.processTestDefinition(AbstractJUnitTestDefinitionProcessor.java:65)
  at org.gradle.api.internal.tasks.testing.SuiteTestDefinitionProcessor.processTestDefinition(SuiteTestDefinitionProcessor.java:54)
  at java.base/jdk.internal.reflect.DirectMethodHandleAccessor.invoke(DirectMethodHandleAccessor.java:104)
  at java.base/java.lang.reflect.Method.invoke(Method.java:565)
  at org.gradle.internal.dispatch.MethodInvocation.invokeOn(MethodInvocation.java:77)
  at org.gradle.internal.dispatch.ReflectionDispatch.dispatch(ReflectionDispatch.java:28)
  at org.gradle.internal.dispatch.ReflectionDispatch.dispatch(ReflectionDispatch.java:19)
  at org.gradle.internal.dispatch.ContextClassLoaderDispatch.dispatch(ContextClassLoaderDispatch.java:33)
  at org.gradle.internal.dispatch.ProxyDispatchAdapter$DispatchingInvocationHandler.invoke(ProxyDispatchAdapter.java:88)
  at jdk.proxy1/jdk.proxy1.$Proxy4.processTestDefinition(Unknown Source)
  at org.gradle.api.internal.tasks.testing.worker.TestWorker$2.run(TestWorker.java:178)
  at org.gradle.api.internal.tasks.testing.worker.TestWorker.executeAndMaintainThreadName(TestWorker.java:126)
  at org.gradle.api.internal.tasks.testing.worker.TestWorker.execute(TestWorker.java:103)
  at org.gradle.api.internal.tasks.testing.worker.TestWorker.execute(TestWorker.java:63)
  at org.gradle.process.internal.worker.child.ActionExecutionWorker.execute(ActionExecutionWorker.java:56)
  at org.gradle.process.internal.worker.child.SystemApplicationClassLoaderWorker.call(SystemApplicationClassLoaderWorker.java:122)
  at org.gradle.process.internal.worker.child.SystemApplicationClassLoaderWorker.call(SystemApplicationClassLoaderWorker.java:72)
  at worker.org.gradle.process.internal.worker.GradleWorkerMain.run(GradleWorkerMain.java:69)
  at worker.org.gradle.process.internal.worker.GradleWorkerMain.main(GradleWorkerMain.java:74)
</stacktrace>
</test-failure>


TypeScriptCompilerTests_P[jvm] > parserPrivateIdentifierInArrayAssignment_ts has expected errors matching parserPrivateIdentifierInArrayAssignment_errors_txt[jvm] FAILED

<test-failure test="com.xemantic.typescript.compiler.TypeScriptCompilerTests_P.pathMappingBasedModuleResolution_withExtension_failedLookup_ts has expected errors matching pathMappingBasedModuleResolution_withExtension_failedLookup_errors_txt" platform="jvm">
<message>
--- expected
+++ actual
@@ -1,6 +1,5 @@
 /tsconfig.json(3,9): error TS5101: Option 'baseUrl' is deprecated and will stop functioning in TypeScript 7.0. Specify compilerOption '"ignoreDeprecations": "6.0"' to silence this error.
   Visit https://aka.ms/ts6 for migration information.
-/a.ts(1,21): error TS2307: Cannot find module 'foo' or its corresponding type declarations.
 
 
 ==== /tsconfig.json (1 errors) ====
@@ -16,7 +15,5 @@
         }
     }
     
-==== /a.ts (1 errors) ====
+==== /a.ts (0 errors) ====
     import { foo } from "foo";
-                        ~~~~~
-!!! error TS2307: Cannot find module 'foo' or its corresponding type declarations.

</message>
<stacktrace>
  at org.junit.Assert.fail(Assert.java:89)
  at kotlin.test.junit.JUnitAsserter.fail(JUnitSupport.kt:56)
  at kotlin.test.AssertionsKt__AssertionsKt.fail(Assertions.kt:563)
  at kotlin.test.AssertionsKt.fail(Unknown Source)
  at com.xemantic.kotlin.test.SameAsKt.sameAs(SameAs.kt:52)
  at com.xemantic.typescript.compiler.TypeScriptTestSupportKt.errorsMatchBaseline(TypeScriptTestSupport.kt:135)
  at com.xemantic.typescript.compiler.TypeScriptCompilerTests_P.pathMappingBasedModuleResolution_withExtension_failedLookup_ts has expected errors matching pathMappingBasedModuleResolution_withExtension_failedLookup_errors_txt(TypeScriptCompilerTests_P.kt:1246)
  at java.base/jdk.internal.reflect.DirectMethodHandleAccessor.invoke(DirectMethodHandleAccessor.java:104)
  at java.base/java.lang.reflect.Method.invoke(Method.java:565)
  at org.junit.runners.model.FrameworkMethod$1.runReflectiveCall(FrameworkMethod.java:59)
  at org.junit.internal.runners.model.ReflectiveCallable.run(ReflectiveCallable.java:12)
  at org.junit.runners.model.FrameworkMethod.invokeExplosively(FrameworkMethod.java:56)
  at org.junit.internal.runners.statements.InvokeMethod.evaluate(InvokeMethod.java:17)
  at org.junit.runners.ParentRunner$3.evaluate(ParentRunner.java:306)
  at org.junit.runners.BlockJUnit4ClassRunner$1.evaluate(BlockJUnit4ClassRunner.java:100)
  at org.junit.runners.ParentRunner.runLeaf(ParentRunner.java:366)
  at org.junit.runners.BlockJUnit4ClassRunner.runChild(BlockJUnit4ClassRunner.java:103)
  at org.junit.runners.BlockJUnit4ClassRunner.runChild(BlockJUnit4ClassRunner.java:63)
  at org.junit.runners.ParentRunner$4.run(ParentRunner.java:331)
  at org.junit.runners.ParentRunner$1.schedule(ParentRunner.java:79)
  at org.junit.runners.ParentRunner.runChildren(ParentRunner.java:329)
  at org.junit.runners.ParentRunner.access$100(ParentRunner.java:66)
  at org.junit.runners.ParentRunner$2.evaluate(ParentRunner.java:293)
  at org.junit.runners.ParentRunner$3.evaluate(ParentRunner.java:306)
  at org.junit.runners.ParentRunner.run(ParentRunner.java:413)
  at org.junit.runner.JUnitCore.run(JUnitCore.java:137)
  at org.junit.runner.JUnitCore.run(JUnitCore.java:115)
  at org.gradle.api.internal.tasks.testing.junit.JUnitTestExecutor.runRequest(JUnitTestExecutor.java:175)
  at org.gradle.api.internal.tasks.testing.junit.JUnitTestExecutor.accept(JUnitTestExecutor.java:84)
  at org.gradle.api.internal.tasks.testing.junit.JUnitTestExecutor.accept(JUnitTestExecutor.java:47)
  at org.gradle.api.internal.tasks.testing.junit.AbstractJUnitTestDefinitionProcessor.processTestDefinition(AbstractJUnitTestDefinitionProcessor.java:65)
  at org.gradle.api.internal.tasks.testing.SuiteTestDefinitionProcessor.processTestDefinition(SuiteTestDefinitionProcessor.java:54)
  at java.base/jdk.internal.reflect.DirectMethodHandleAccessor.invoke(DirectMethodHandleAccessor.java:104)
  at java.base/java.lang.reflect.Method.invoke(Method.java:565)
  at org.gradle.internal.dispatch.MethodInvocation.invokeOn(MethodInvocation.java:77)
  at org.gradle.internal.dispatch.ReflectionDispatch.dispatch(ReflectionDispatch.java:28)
  at org.gradle.internal.dispatch.ReflectionDispatch.dispatch(ReflectionDispatch.java:19)
  at org.gradle.internal.dispatch.ContextClassLoaderDispatch.dispatch(ContextClassLoaderDispatch.java:33)
  at org.gradle.internal.dispatch.ProxyDispatchAdapter$DispatchingInvocationHandler.invoke(ProxyDispatchAdapter.java:88)
  at jdk.proxy1/jdk.proxy1.$Proxy4.processTestDefinition(Unknown Source)
  at org.gradle.api.internal.tasks.testing.worker.TestWorker$2.run(TestWorker.java:178)
  at org.gradle.api.internal.tasks.testing.worker.TestWorker.executeAndMaintainThreadName(TestWorker.java:126)
  at org.gradle.api.internal.tasks.testing.worker.TestWorker.execute(TestWorker.java:103)
  at org.gradle.api.internal.tasks.testing.worker.TestWorker.execute(TestWorker.java:63)
  at org.gradle.process.internal.worker.child.ActionExecutionWorker.execute(ActionExecutionWorker.java:56)
  at org.gradle.process.internal.worker.child.SystemApplicationClassLoaderWorker.call(SystemApplicationClassLoaderWorker.java:122)
  at org.gradle.process.internal.worker.child.SystemApplicationClassLoaderWorker.call(SystemApplicationClassLoaderWorker.java:72)
  at worker.org.gradle.process.internal.worker.GradleWorkerMain.run(GradleWorkerMain.java:69)
  at worker.org.gradle.process.internal.worker.GradleWorkerMain.main(GradleWorkerMain.java:74)
</stacktrace>
</test-failure>


TypeScriptCompilerTests_P[jvm] > pathMappingBasedModuleResolution_withExtension_failedLookup_ts has expected errors matching pathMappingBasedModuleResolution_withExtension_failedLookup_errors_txt[jvm] FAILED

<test-failure test="com.xemantic.typescript.compiler.TypeScriptCompilerTests_P.parameterPropertyInConstructor2_ts has expected errors matching parameterPropertyInConstructor2_errors_txt" platform="jvm">
<message>
--- expected
+++ actual
@@ -1,20 +1,13 @@
-parameterPropertyInConstructor2.ts(3,5): error TS2394: This overload signature is not compatible with its implementation signature.
 parameterPropertyInConstructor2.ts(3,17): error TS2369: A parameter property is only allowed in a constructor implementation.
-parameterPropertyInConstructor2.ts(4,24): error TS2300: Duplicate identifier 'names'.
 
 
-==== parameterPropertyInConstructor2.ts (3 errors) ====
+==== parameterPropertyInConstructor2.ts (1 errors) ====
     namespace mod {
       class Customers {
         constructor(public names: string);
-        ~~~~~~~~~~~
-!!! error TS2394: This overload signature is not compatible with its implementation signature.
-!!! related TS2750 parameterPropertyInConstructor2.ts:4:5: The implementation signature is declared here.
                     ~~~~~~~~~~~~~~~~~~~~
 !!! error TS2369: A parameter property is only allowed in a constructor implementation.
         constructor(public names: string, public ages: number) {
-                           ~~~~~
-!!! error TS2300: Duplicate identifier 'names'.
         }
       }
     }

</message>
<stacktrace>
  at org.junit.Assert.fail(Assert.java:89)
  at kotlin.test.junit.JUnitAsserter.fail(JUnitSupport.kt:56)
  at kotlin.test.AssertionsKt__AssertionsKt.fail(Assertions.kt:563)
  at kotlin.test.AssertionsKt.fail(Unknown Source)
  at com.xemantic.kotlin.test.SameAsKt.sameAs(SameAs.kt:52)
  at com.xemantic.typescript.compiler.TypeScriptTestSupportKt.errorsMatchBaseline(TypeScriptTestSupport.kt:135)
  at com.xemantic.typescript.compiler.TypeScriptCompilerTests_P.parameterPropertyInConstructor2_ts has expected errors matching parameterPropertyInConstructor2_errors_txt(TypeScriptCompilerTests_P.kt:189)
  at java.base/jdk.internal.reflect.DirectMethodHandleAccessor.invoke(DirectMethodHandleAccessor.java:104)
  at java.base/java.lang.reflect.Method.invoke(Method.java:565)
  at org.junit.runners.model.FrameworkMethod$1.runReflectiveCall(FrameworkMethod.java:59)
  at org.junit.internal.runners.model.ReflectiveCallable.run(ReflectiveCallable.java:12)
  at org.junit.runners.model.FrameworkMethod.invokeExplosively(FrameworkMethod.java:56)
  at org.junit.internal.runners.statements.InvokeMethod.evaluate(InvokeMethod.java:17)
  at org.junit.runners.ParentRunner$3.evaluate(ParentRunner.java:306)
  at org.junit.runners.BlockJUnit4ClassRunner$1.evaluate(BlockJUnit4ClassRunner.java:100)
  at org.junit.runners.ParentRunner.runLeaf(ParentRunner.java:366)
  at org.junit.runners.BlockJUnit4ClassRunner.runChild(BlockJUnit4ClassRunner.java:103)
  at org.junit.runners.BlockJUnit4ClassRunner.runChild(BlockJUnit4ClassRunner.java:63)
  at org.junit.runners.ParentRunner$4.run(ParentRunner.java:331)
  at org.junit.runners.ParentRunner$1.schedule(ParentRunner.java:79)
  at org.junit.runners.ParentRunner.runChildren(ParentRunner.java:329)
  at org.junit.runners.ParentRunner.access$100(ParentRunner.java:66)
  at org.junit.runners.ParentRunner$2.evaluate(ParentRunner.java:293)
  at org.junit.runners.ParentRunner$3.evaluate(ParentRunner.java:306)
  at org.junit.runners.ParentRunner.run(ParentRunner.java:413)
  at org.junit.runner.JUnitCore.run(JUnitCore.java:137)
  at org.junit.runner.JUnitCore.run(JUnitCore.java:115)
  at org.gradle.api.internal.tasks.testing.junit.JUnitTestExecutor.runRequest(JUnitTestExecutor.java:175)
  at org.gradle.api.internal.tasks.testing.junit.JUnitTestExecutor.accept(JUnitTestExecutor.java:84)
  at org.gradle.api.internal.tasks.testing.junit.JUnitTestExecutor.accept(JUnitTestExecutor.java:47)
  at org.gradle.api.internal.tasks.testing.junit.AbstractJUnitTestDefinitionProcessor.processTestDefinition(AbstractJUnitTestDefinitionProcessor.java:65)
  at org.gradle.api.internal.tasks.testing.SuiteTestDefinitionProcessor.processTestDefinition(SuiteTestDefinitionProcessor.java:54)
  at java.base/jdk.internal.reflect.DirectMethodHandleAccessor.invoke(DirectMethodHandleAccessor.java:104)
  at java.base/java.lang.reflect.Method.invoke(Method.java:565)
  at org.gradle.internal.dispatch.MethodInvocation.invokeOn(MethodInvocation.java:77)
  at org.gradle.internal.dispatch.ReflectionDispatch.dispatch(ReflectionDispatch.java:28)
  at org.gradle.internal.dispatch.ReflectionDispatch.dispatch(ReflectionDispatch.java:19)
  at org.gradle.internal.dispatch.ContextClassLoaderDispatch.dispatch(ContextClassLoaderDispatch.java:33)
  at org.gradle.internal.dispatch.ProxyDispatchAdapter$DispatchingInvocationHandler.invoke(ProxyDispatchAdapter.java:88)
  at jdk.proxy1/jdk.proxy1.$Proxy4.processTestDefinition(Unknown Source)
  at org.gradle.api.internal.tasks.testing.worker.TestWorker$2.run(TestWorker.java:178)
  at org.gradle.api.internal.tasks.testing.worker.TestWorker.executeAndMaintainThreadName(TestWorker.java:126)
  at org.gradle.api.internal.tasks.testing.worker.TestWorker.execute(TestWorker.java:103)
  at org.gradle.api.internal.tasks.testing.worker.TestWorker.execute(TestWorker.java:63)
  at org.gradle.process.internal.worker.child.ActionExecutionWorker.execute(ActionExecutionWorker.java:56)
  at org.gradle.process.internal.worker.child.SystemApplicationClassLoaderWorker.call(SystemApplicationClassLoaderWorker.java:122)
  at org.gradle.process.internal.worker.child.SystemApplicationClassLoaderWorker.call(SystemApplicationClassLoaderWorker.java:72)
  at worker.org.gradle.process.internal.worker.GradleWorkerMain.run(GradleWorkerMain.java:69)
  at worker.org.gradle.process.internal.worker.GradleWorkerMain.main(GradleWorkerMain.java:74)
</stacktrace>
</test-failure>


TypeScriptCompilerTests_P[jvm] > parameterPropertyInConstructor2_ts has expected errors matching parameterPropertyInConstructor2_errors_txt[jvm] FAILED

<test-failure test="com.xemantic.typescript.compiler.TypeScriptCompilerTests_P.propertyAccessOfReadonlyIndexSignature_ts has expected errors matching propertyAccessOfReadonlyIndexSignature_errors_txt" platform="jvm">
<message>
Expected diagnostics from baseline typescript-repo/tests/baselines/reference/propertyAccessOfReadonlyIndexSignature.errors.txt but none produced
</message>
<stacktrace>
  at com.xemantic.typescript.compiler.TypeScriptTestSupportKt.errorsMatchBaseline(TypeScriptTestSupport.kt:125)
  at com.xemantic.typescript.compiler.TypeScriptCompilerTests_P.propertyAccessOfReadonlyIndexSignature_ts has expected errors matching propertyAccessOfReadonlyIndexSignature_errors_txt(TypeScriptCompilerTests_P.kt:2695)
  at java.base/jdk.internal.reflect.DirectMethodHandleAccessor.invoke(DirectMethodHandleAccessor.java:104)
  at java.base/java.lang.reflect.Method.invoke(Method.java:565)
  at org.junit.runners.model.FrameworkMethod$1.runReflectiveCall(FrameworkMethod.java:59)
  at org.junit.internal.runners.model.ReflectiveCallable.run(ReflectiveCallable.java:12)
  at org.junit.runners.model.FrameworkMethod.invokeExplosively(FrameworkMethod.java:56)
  at org.junit.internal.runners.statements.InvokeMethod.evaluate(InvokeMethod.java:17)
  at org.junit.runners.ParentRunner$3.evaluate(ParentRunner.java:306)
  at org.junit.runners.BlockJUnit4ClassRunner$1.evaluate(BlockJUnit4ClassRunner.java:100)
  at org.junit.runners.ParentRunner.runLeaf(ParentRunner.java:366)
  at org.junit.runners.BlockJUnit4ClassRunner.runChild(BlockJUnit4ClassRunner.java:103)
  at org.junit.runners.BlockJUnit4ClassRunner.runChild(BlockJUnit4ClassRunner.java:63)
  at org.junit.runners.ParentRunner$4.run(ParentRunner.java:331)
  at org.junit.runners.ParentRunner$1.schedule(ParentRunner.java:79)
  at org.junit.runners.ParentRunner.runChildren(ParentRunner.java:329)
  at org.junit.runners.ParentRunner.access$100(ParentRunner.java:66)
  at org.junit.runners.ParentRunner$2.evaluate(ParentRunner.java:293)
  at org.junit.runners.ParentRunner$3.evaluate(ParentRunner.java:306)
  at org.junit.runners.ParentRunner.run(ParentRunner.java:413)
  at org.junit.runner.JUnitCore.run(JUnitCore.java:137)
  at org.junit.runner.JUnitCore.run(JUnitCore.java:115)
  at org.gradle.api.internal.tasks.testing.junit.JUnitTestExecutor.runRequest(JUnitTestExecutor.java:175)
  at org.gradle.api.internal.tasks.testing.junit.JUnitTestExecutor.accept(JUnitTestExecutor.java:84)
  at org.gradle.api.internal.tasks.testing.junit.JUnitTestExecutor.accept(JUnitTestExecutor.java:47)
  at org.gradle.api.internal.tasks.testing.junit.AbstractJUnitTestDefinitionProcessor.processTestDefinition(AbstractJUnitTestDefinitionProcessor.java:65)
  at org.gradle.api.internal.tasks.testing.SuiteTestDefinitionProcessor.processTestDefinition(SuiteTestDefinitionProcessor.java:54)
  at java.base/jdk.internal.reflect.DirectMethodHandleAccessor.invoke(DirectMethodHandleAccessor.java:104)
  at java.base/java.lang.reflect.Method.invoke(Method.java:565)
  at org.gradle.internal.dispatch.MethodInvocation.invokeOn(MethodInvocation.java:77)
  at org.gradle.internal.dispatch.ReflectionDispatch.dispatch(ReflectionDispatch.java:28)
  at org.gradle.internal.dispatch.ReflectionDispatch.dispatch(ReflectionDispatch.java:19)
  at org.gradle.internal.dispatch.ContextClassLoaderDispatch.dispatch(ContextClassLoaderDispatch.java:33)
  at org.gradle.internal.dispatch.ProxyDispatchAdapter$DispatchingInvocationHandler.invoke(ProxyDispatchAdapter.java:88)
  at jdk.proxy1/jdk.proxy1.$Proxy4.processTestDefinition(Unknown Source)
  at org.gradle.api.internal.tasks.testing.worker.TestWorker$2.run(TestWorker.java:178)
  at org.gradle.api.internal.tasks.testing.worker.TestWorker.executeAndMaintainThreadName(TestWorker.java:126)
  at org.gradle.api.internal.tasks.testing.worker.TestWorker.execute(TestWorker.java:103)
  at org.gradle.api.internal.tasks.testing.worker.TestWorker.execute(TestWorker.java:63)
  at org.gradle.process.internal.worker.child.ActionExecutionWorker.execute(ActionExecutionWorker.java:56)
  at org.gradle.process.internal.worker.child.SystemApplicationClassLoaderWorker.call(SystemApplicationClassLoaderWorker.java:122)
  at org.gradle.process.internal.worker.child.SystemApplicationClassLoaderWorker.call(SystemApplicationClassLoaderWorker.java:72)
  at worker.org.gradle.process.internal.worker.GradleWorkerMain.run(GradleWorkerMain.java:69)
  at worker.org.gradle.process.internal.worker.GradleWorkerMain.main(GradleWorkerMain.java:74)
</stacktrace>
</test-failure>


TypeScriptCompilerTests_P[jvm] > propertyAccessOfReadonlyIndexSignature_ts has expected errors matching propertyAccessOfReadonlyIndexSignature_errors_txt[jvm] FAILED

<test-failure test="com.xemantic.typescript.compiler.TypeScriptCompilerTests_P.predicateSemantics_ts has expected errors matching predicateSemantics_errors_txt" platform="jvm">
<message>
--- expected
+++ actual
@@ -1,44 +1,8 @@
-predicateSemantics.ts(7,16): error TS2871: This expression is always nullish.
-predicateSemantics.ts(10,16): error TS2869: Right operand of ?? is unreachable because the left operand is never nullish.
-predicateSemantics.ts(26,13): error TS2869: Right operand of ?? is unreachable because the left operand is never nullish.
-predicateSemantics.ts(27,13): error TS2869: Right operand of ?? is unreachable because the left operand is never nullish.
-predicateSemantics.ts(28,13): error TS2871: This expression is always nullish.
-predicateSemantics.ts(29,13): error TS2871: This expression is always nullish.
-predicateSemantics.ts(30,13): error TS2872: This kind of expression is always truthy.
 predicateSemantics.ts(31,13): error TS2872: This kind of expression is always truthy.
-predicateSemantics.ts(32,13): error TS2871: This expression is always nullish.
-predicateSemantics.ts(32,13): error TS2871: This expression is always nullish.
-predicateSemantics.ts(33,13): error TS2871: This expression is always nullish.
-predicateSemantics.ts(34,13): error TS2871: This expression is always nullish.
-predicateSemantics.ts(34,13): error TS2871: This expression is always nullish.
-predicateSemantics.ts(36,13): error TS2871: This expression is always nullish.
-predicateSemantics.ts(37,13): error TS2871: This expression is always nullish.
-predicateSemantics.ts(38,21): error TS2871: This expression is always nullish.
-predicateSemantics.ts(39,21): error TS2871: This expression is always nullish.
-predicateSemantics.ts(40,21): error TS2871: This expression is always nullish.
-predicateSemantics.ts(40,21): error TS2871: This expression is always nullish.
-predicateSemantics.ts(41,13): error TS2871: This expression is always nullish.
-predicateSemantics.ts(42,13): error TS2869: Right operand of ?? is unreachable because the left operand is never nullish.
-predicateSemantics.ts(43,13): error TS2869: Right operand of ?? is unreachable because the left operand is never nullish.
-predicateSemantics.ts(45,13): error TS2871: This expression is always nullish.
-predicateSemantics.ts(45,13): error TS2871: This expression is always nullish.
-predicateSemantics.ts(45,13): error TS2871: This expression is always nullish.
-predicateSemantics.ts(46,13): error TS2871: This expression is always nullish.
-predicateSemantics.ts(46,13): error TS2869: Right operand of ?? is unreachable because the left operand is never nullish.
-predicateSemantics.ts(47,13): error TS2871: This expression is always nullish.
-predicateSemantics.ts(47,13): error TS2869: Right operand of ?? is unreachable because the left operand is never nullish.
-predicateSemantics.ts(50,8): error TS2872: This kind of expression is always truthy.
-predicateSemantics.ts(51,11): error TS2872: This kind of expression is always truthy.
-predicateSemantics.ts(52,8): error TS2872: This kind of expression is always truthy.
-predicateSemantics.ts(53,8): error TS2872: This kind of expression is always truthy.
-predicateSemantics.ts(70,14): error TS2869: Right operand of ?? is unreachable because the left operand is never nullish.
 predicateSemantics.ts(71,14): error TS2695: Left side of comma operator is unused and has no side effects.
-predicateSemantics.ts(71,14): error TS2869: Right operand of ?? is unreachable because the left operand is never nullish.
-predicateSemantics.ts(89,1): error TS2869: Right operand of ?? is unreachable because the left operand is never nullish.
-predicateSemantics.ts(90,1): error TS2869: Right operand of ?? is unreachable because the left operand is never nullish.
 
 
-==== predicateSemantics.ts (38 errors) ====
+==== predicateSemantics.ts (2 errors) ====
     declare let opt: number | undefined;
     
     // OK: One or other operand is possibly nullish
@@ -46,13 +10,9 @@
     
     // Not OK: Both operands nullish
     const test2 = (opt ? undefined : null) ?? "always reached";
-                   ~~~~~~~~~~~~~~~~~~~~~~
-!!! error TS2871: This expression is always nullish.
     
     // Not OK: Both operands non-nullish
     const test3 = (opt ? 132 : 17) ?? "unreachable";
-                   ~~~~~~~~~~~~~~
-!!! error TS2869: Right operand of ?? is unreachable because the left operand is never nullish.
     
     // Parens
     const test4 = (opt ? (undefined) : (17)) ?? 42;
@@ -69,87 +29,31 @@
     while (false) { }
     
     const p01 = {} ?? null;
-                ~~
-!!! error TS2869: Right operand of ?? is unreachable because the left operand is never nullish.
     const p02 = 0 > 1 ?? null;
-                ~~~~~
-!!! error TS2869: Right operand of ?? is unreachable because the left operand is never nullish.
     const p03 = null ?? 1;
-                ~~~~
-!!! error TS2871: This expression is always nullish.
     const p04 = null ?? null;
-                ~~~~
-!!! error TS2871: This expression is always nullish.
     const p05 = (class foo { }) && null;
-                ~~~~~~~~~~~~~~~
-!!! error TS2872: This kind of expression is always truthy.
     const p06 = (class foo { }) || null;
-                ~~~~~~~~~~~~~~~
+                ~~~~~~~~~~~~~~~~
 !!! error TS2872: This kind of expression is always truthy.
     const p07 = null ?? null ?? null;
-                ~~~~
-!!! error TS2871: This expression is always nullish.
-                ~~~~~~~~~~~~
-!!! error TS2871: This expression is always nullish.
     const p08 = null ?? opt ?? null;
-                ~~~~
-!!! error TS2871: This expression is always nullish.
     const p09 = null ?? (opt ? null : undefined) ?? null;
-                ~~~~
-!!! error TS2871: This expression is always nullish.
-                ~~~~~~~~~~~~~~~~~~~~~~~~~~~~~~~~
-!!! error TS2871: This expression is always nullish.
     
     const p10 = opt ?? null ?? 1;
-                ~~~~~~~~~~~
-!!! error TS2871: This expression is always nullish.
     const p11 = opt ?? null ?? null;
-                ~~~~~~~~~~~
-!!! error TS2871: This expression is always nullish.
     const p12 = opt ?? (null ?? 1);
-                        ~~~~
-!!! error TS2871: This expression is always nullish.
     const p13 = opt ?? (null ?? null);
-                        ~~~~
-!!! error TS2871: This expression is always nullish.
     const p14 = opt ?? (null ?? null ?? null);
-                        ~~~~
-!!! error TS2871: This expression is always nullish.
-                        ~~~~~~~~~~~~
-!!! error TS2871: This expression is always nullish.
     const p15 = opt ?? (opt ? null : undefined) ?? null;
-                ~~~~~~~~~~~~~~~~~~~~~~~~~~~~~~~
-!!! error TS2871: This expression is always nullish.
     const p16 = opt ?? 1 ?? 2;
-                ~~~~~~~~
-!!! error TS2869: Right operand of ?? is unreachable because the left operand is never nullish.
     const p17 = opt ?? (opt ? 1 : 2) ?? 3;
-                ~~~~~~~~~~~~~~~~~~~~
-!!! error TS2869: Right operand of ?? is unreachable because the left operand is never nullish.
     
     const p21 = null ?? null ?? null ?? null;
-                ~~~~
-!!! error TS2871: This expression is always nullish.
-                ~~~~~~~~~~~~
-!!! error TS2871: This expression is always nullish.
-                ~~~~~~~~~~~~~~~~~~~~
-!!! error TS2871: This expression is always nullish.
     const p22 = null ?? 1 ?? 1;
-                ~~~~
-!!! error TS2871: This expression is always nullish.
-                ~~~~~~~~~
-!!! error TS2869: Right operand of ?? is unreachable because the left operand is never nullish.
     const p23 = null ?? (opt ? 1 : 2) ?? 1;
-                ~~~~
-!!! error TS2871: This expression is always nullish.
-                ~~~~~~~~~~~~~~~~~~~~~
-!!! error TS2869: Right operand of ?? is unreachable because the left operand is never nullish.
     
     // Outer expression tests
     while ({} as any) { }
-           ~~~~~~~~~
-!!! error TS2872: This kind of expression is always truthy.
     while ({} satisfies unknown) { }
-              ~~~~~~~~~
-!!! error TS2872: This kind of expression is always truthy.
     while ((<any>({}))) { }

Diff truncated: more than 100 lines changed

Expected: 207 lines
Actual: 99 lines

The differences are too extensive to show in unified diff format.
Consider comparing smaller sections or reviewing the strings directly.

</message>
<stacktrace>
  at org.junit.Assert.fail(Assert.java:89)
  at kotlin.test.junit.JUnitAsserter.fail(JUnitSupport.kt:56)
  at kotlin.test.AssertionsKt__AssertionsKt.fail(Assertions.kt:563)
  at kotlin.test.AssertionsKt.fail(Unknown Source)
  at com.xemantic.kotlin.test.SameAsKt.sameAs(SameAs.kt:52)
  at com.xemantic.typescript.compiler.TypeScriptTestSupportKt.errorsMatchBaseline(TypeScriptTestSupport.kt:135)
  at com.xemantic.typescript.compiler.TypeScriptCompilerTests_P.predicateSemantics_ts has expected errors matching predicateSemantics_errors_txt(TypeScriptCompilerTests_P.kt:1400)
  at java.base/jdk.internal.reflect.DirectMethodHandleAccessor.invoke(DirectMethodHandleAccessor.java:104)
  at java.base/java.lang.reflect.Method.invoke(Method.java:565)
  at org.junit.runners.model.FrameworkMethod$1.runReflectiveCall(FrameworkMethod.java:59)
  at org.junit.internal.runners.model.ReflectiveCallable.run(ReflectiveCallable.java:12)
  at org.junit.runners.model.FrameworkMethod.invokeExplosively(FrameworkMethod.java:56)
  at org.junit.internal.runners.statements.InvokeMethod.evaluate(InvokeMethod.java:17)
  at org.junit.runners.ParentRunner$3.evaluate(ParentRunner.java:306)
  at org.junit.runners.BlockJUnit4ClassRunner$1.evaluate(BlockJUnit4ClassRunner.java:100)
  at org.junit.runners.ParentRunner.runLeaf(ParentRunner.java:366)
  at org.junit.runners.BlockJUnit4ClassRunner.runChild(BlockJUnit4ClassRunner.java:103)
  at org.junit.runners.BlockJUnit4ClassRunner.runChild(BlockJUnit4ClassRunner.java:63)
  at org.junit.runners.ParentRunner$4.run(ParentRunner.java:331)
  at org.junit.runners.ParentRunner$1.schedule(ParentRunner.java:79)
  at org.junit.runners.ParentRunner.runChildren(ParentRunner.java:329)
  at org.junit.runners.ParentRunner.access$100(ParentRunner.java:66)
  at org.junit.runners.ParentRunner$2.evaluate(ParentRunner.java:293)
  at org.junit.runners.ParentRunner$3.evaluate(ParentRunner.java:306)
  at org.junit.runners.ParentRunner.run(ParentRunner.java:413)
  at org.junit.runner.JUnitCore.run(JUnitCore.java:137)
  at org.junit.runner.JUnitCore.run(JUnitCore.java:115)
  at org.gradle.api.internal.tasks.testing.junit.JUnitTestExecutor.runRequest(JUnitTestExecutor.java:175)
  at org.gradle.api.internal.tasks.testing.junit.JUnitTestExecutor.accept(JUnitTestExecutor.java:84)
  at org.gradle.api.internal.tasks.testing.junit.JUnitTestExecutor.accept(JUnitTestExecutor.java:47)
  at org.gradle.api.internal.tasks.testing.junit.AbstractJUnitTestDefinitionProcessor.processTestDefinition(AbstractJUnitTestDefinitionProcessor.java:65)
  at org.gradle.api.internal.tasks.testing.SuiteTestDefinitionProcessor.processTestDefinition(SuiteTestDefinitionProcessor.java:54)
  at java.base/jdk.internal.reflect.DirectMethodHandleAccessor.invoke(DirectMethodHandleAccessor.java:104)
  at java.base/java.lang.reflect.Method.invoke(Method.java:565)
  at org.gradle.internal.dispatch.MethodInvocation.invokeOn(MethodInvocation.java:77)
  at org.gradle.internal.dispatch.ReflectionDispatch.dispatch(ReflectionDispatch.java:28)
  at org.gradle.internal.dispatch.ReflectionDispatch.dispatch(ReflectionDispatch.java:19)
  at org.gradle.internal.dispatch.ContextClassLoaderDispatch.dispatch(ContextClassLoaderDispatch.java:33)
  at org.gradle.internal.dispatch.ProxyDispatchAdapter$DispatchingInvocationHandler.invoke(ProxyDispatchAdapter.java:88)
  at jdk.proxy1/jdk.proxy1.$Proxy4.processTestDefinition(Unknown Source)
  at org.gradle.api.internal.tasks.testing.worker.TestWorker$2.run(TestWorker.java:178)
  at org.gradle.api.internal.tasks.testing.worker.TestWorker.executeAndMaintainThreadName(TestWorker.java:126)
  at org.gradle.api.internal.tasks.testing.worker.TestWorker.execute(TestWorker.java:103)
  at org.gradle.api.internal.tasks.testing.worker.TestWorker.execute(TestWorker.java:63)
  at org.gradle.process.internal.worker.child.ActionExecutionWorker.execute(ActionExecutionWorker.java:56)
  at org.gradle.process.internal.worker.child.SystemApplicationClassLoaderWorker.call(SystemApplicationClassLoaderWorker.java:122)
  at org.gradle.process.internal.worker.child.SystemApplicationClassLoaderWorker.call(SystemApplicationClassLoaderWorker.java:72)
  at worker.org.gradle.process.internal.worker.GradleWorkerMain.run(GradleWorkerMain.java:69)
  at worker.org.gradle.process.internal.worker.GradleWorkerMain.main(GradleWorkerMain.java:74)
</stacktrace>
</test-failure>


TypeScriptCompilerTests_P[jvm] > predicateSemantics_ts has expected errors matching predicateSemantics_errors_txt[jvm] FAILED

<test-failure test="com.xemantic.typescript.compiler.TypeScriptCompilerTests_P.parseBigInt_ts has expected errors matching parseBigInt_errors_txt" platform="jvm">
<message>
--- expected
+++ actual
@@ -1,24 +1,9 @@
-parseBigInt.ts(51,20): error TS2736: Operator '+' cannot be applied to type 'bigint'.
-parseBigInt.ts(52,23): error TS2736: Operator '+' cannot be applied to type 'bigint'.
-parseBigInt.ts(56,21): error TS1121: Octal literals are not allowed. Use the syntax '0o123'.
 parseBigInt.ts(56,25): error TS1005: ',' expected.
-parseBigInt.ts(57,22): error TS1352: A bigint literal cannot use exponential notation.
-parseBigInt.ts(58,19): error TS1353: A bigint literal must be an integer.
-parseBigInt.ts(59,26): error TS1353: A bigint literal must be an integer.
-parseBigInt.ts(60,23): error TS1177: Binary digit expected.
-parseBigInt.ts(61,20): error TS1178: Octal digit expected.
-parseBigInt.ts(62,20): error TS1125: Hexadecimal digit expected.
+parseBigInt.ts(56,25): error TS1155: 'const' declarations must be initialized.
 parseBigInt.ts(63,26): error TS2304: Cannot find name '_123n'.
-parseBigInt.ts(64,30): error TS6188: Numeric separators are not allowed here.
-parseBigInt.ts(65,33): error TS6189: Multiple consecutive numeric separators are not permitted.
-parseBigInt.ts(69,15): error TS2345: Argument of type '0n' is not assignable to parameter of type '1n | 3n | 2n'.
-parseBigInt.ts(70,15): error TS2345: Argument of type '0' is not assignable to parameter of type '1n | 3n | 2n'.
-parseBigInt.ts(70,34): error TS2345: Argument of type '1' is not assignable to parameter of type '1n | 3n | 2n'.
-parseBigInt.ts(70,53): error TS2345: Argument of type '2' is not assignable to parameter of type '1n | 3n | 2n'.
-parseBigInt.ts(70,72): error TS2345: Argument of type '3' is not assignable to parameter of type '1n | 3n | 2n'.
 
 
-==== parseBigInt.ts (18 errors) ====
+==== parseBigInt.ts (3 errors) ====
     // All bases should allow "n" suffix
     const bin = 0b101, binBig = 0b101n; // 5, 5n
     const oct = 0o567, octBig = 0o567n; // 375, 375n
@@ -70,58 +55,28 @@
     
     // Plus not allowed on literals
     const unaryPlus = +123n;
-                       ~~~~
-!!! error TS2736: Operator '+' cannot be applied to type 'bigint'.
     const unaryPlusHex = +0x123n;
-                          ~~~~~~
-!!! error TS2736: Operator '+' cannot be applied to type 'bigint'.
     
     // Parsing errors
     // In separate blocks because they each declare an "n" variable
     { const legacyOct = 0123n; }
-                        ~~~~
-!!! error TS1121: Octal literals are not allowed. Use the syntax '0o123'.
                             ~
 !!! error TS1005: ',' expected.
+                            ~
+!!! error TS1155: 'const' declarations must be initialized.
     { const scientific = 1e2n; }
-                         ~~~~
-!!! error TS1352: A bigint literal cannot use exponential notation.
     { const decimal = 4.1n; }
-                      ~~~~
-!!! error TS1353: A bigint literal must be an integer.
     { const leadingDecimal = .1n; }
-                             ~~~
-!!! error TS1353: A bigint literal must be an integer.
     const emptyBinary = 0bn; // should error but infer 0n
-                          
-!!! error TS1177: Binary digit expected.
     const emptyOct = 0on; // should error but infer 0n
-                       
-!!! error TS1178: Octal digit expected.
     const emptyHex = 0xn; // should error but infer 0n
-                       
-!!! error TS1125: Hexadecimal digit expected.
     const leadingSeparator = _123n;
                              ~~~~~
 !!! error TS2304: Cannot find name '_123n'.
     const trailingSeparator = 123_n;
-                                 ~
-!!! error TS6188: Numeric separators are not allowed here.
     const doubleSeparator = 123_456__789n;
-                                    ~
-!!! error TS6189: Multiple consecutive numeric separators are not permitted.
     
     // Using literals as types
     const oneTwoOrThree = (x: 1n | 2n | 3n): bigint => x ** 2n;
     oneTwoOrThree(0n); oneTwoOrThree(1n); oneTwoOrThree(2n); oneTwoOrThree(3n);
-                  ~~
-!!! error TS2345: Argument of type '0n' is not assignable to parameter of type '1n | 3n | 2n'.
     oneTwoOrThree(0);  oneTwoOrThree(1);  oneTwoOrThree(2);  oneTwoOrThree(3);
-                  ~
-!!! error TS2345: Argument of type '0' is not assignable to parameter of type '1n | 3n | 2n'.
-                                     ~
-!!! error TS2345: Argument of type '1' is not assignable to parameter of type '1n | 3n | 2n'.
-                                                        ~
-!!! error TS2345: Argument of type '2' is not assignable to parameter of type '1n | 3n | 2n'.
-                                                                           ~
-!!! error TS2345: Argument of type '3' is not assignable to parameter of type '1n | 3n | 2n'.

</message>
<stacktrace>
  at org.junit.Assert.fail(Assert.java:89)
  at kotlin.test.junit.JUnitAsserter.fail(JUnitSupport.kt:56)
  at kotlin.test.AssertionsKt__AssertionsKt.fail(Assertions.kt:563)
  at kotlin.test.AssertionsKt.fail(Unknown Source)
  at com.xemantic.kotlin.test.SameAsKt.sameAs(SameAs.kt:52)
  at com.xemantic.typescript.compiler.TypeScriptTestSupportKt.errorsMatchBaseline(TypeScriptTestSupport.kt:135)
  at com.xemantic.typescript.compiler.TypeScriptCompilerTests_P.parseBigInt_ts has expected errors matching parseBigInt_errors_txt(TypeScriptCompilerTests_P.kt:462)
  at java.base/jdk.internal.reflect.DirectMethodHandleAccessor.invoke(DirectMethodHandleAccessor.java:104)
  at java.base/java.lang.reflect.Method.invoke(Method.java:565)
  at org.junit.runners.model.FrameworkMethod$1.runReflectiveCall(FrameworkMethod.java:59)
  at org.junit.internal.runners.model.ReflectiveCallable.run(ReflectiveCallable.java:12)
  at org.junit.runners.model.FrameworkMethod.invokeExplosively(FrameworkMethod.java:56)
  at org.junit.internal.runners.statements.InvokeMethod.evaluate(InvokeMethod.java:17)
  at org.junit.runners.ParentRunner$3.evaluate(ParentRunner.java:306)
  at org.junit.runners.BlockJUnit4ClassRunner$1.evaluate(BlockJUnit4ClassRunner.java:100)
  at org.junit.runners.ParentRunner.runLeaf(ParentRunner.java:366)
  at org.junit.runners.BlockJUnit4ClassRunner.runChild(BlockJUnit4ClassRunner.java:103)
  at org.junit.runners.BlockJUnit4ClassRunner.runChild(BlockJUnit4ClassRunner.java:63)
  at org.junit.runners.ParentRunner$4.run(ParentRunner.java:331)
  at org.junit.runners.ParentRunner$1.schedule(ParentRunner.java:79)
  at org.junit.runners.ParentRunner.runChildren(ParentRunner.java:329)
  at org.junit.runners.ParentRunner.access$100(ParentRunner.java:66)
  at org.junit.runners.ParentRunner$2.evaluate(ParentRunner.java:293)
  at org.junit.runners.ParentRunner$3.evaluate(ParentRunner.java:306)
  at org.junit.runners.ParentRunner.run(ParentRunner.java:413)
  at org.junit.runner.JUnitCore.run(JUnitCore.java:137)
  at org.junit.runner.JUnitCore.run(JUnitCore.java:115)
  at org.gradle.api.internal.tasks.testing.junit.JUnitTestExecutor.runRequest(JUnitTestExecutor.java:175)
  at org.gradle.api.internal.tasks.testing.junit.JUnitTestExecutor.accept(JUnitTestExecutor.java:84)
  at org.gradle.api.internal.tasks.testing.junit.JUnitTestExecutor.accept(JUnitTestExecutor.java:47)
  at org.gradle.api.internal.tasks.testing.junit.AbstractJUnitTestDefinitionProcessor.processTestDefinition(AbstractJUnitTestDefinitionProcessor.java:65)
  at org.gradle.api.internal.tasks.testing.SuiteTestDefinitionProcessor.processTestDefinition(SuiteTestDefinitionProcessor.java:54)
  at java.base/jdk.internal.reflect.DirectMethodHandleAccessor.invoke(DirectMethodHandleAccessor.java:104)
  at java.base/java.lang.reflect.Method.invoke(Method.java:565)
  at org.gradle.internal.dispatch.MethodInvocation.invokeOn(MethodInvocation.java:77)
  at org.gradle.internal.dispatch.ReflectionDispatch.dispatch(ReflectionDispatch.java:28)
  at org.gradle.internal.dispatch.ReflectionDispatch.dispatch(ReflectionDispatch.java:19)
  at org.gradle.internal.dispatch.ContextClassLoaderDispatch.dispatch(ContextClassLoaderDispatch.java:33)
  at org.gradle.internal.dispatch.ProxyDispatchAdapter$DispatchingInvocationHandler.invoke(ProxyDispatchAdapter.java:88)
  at jdk.proxy1/jdk.proxy1.$Proxy4.processTestDefinition(Unknown Source)
  at org.gradle.api.internal.tasks.testing.worker.TestWorker$2.run(TestWorker.java:178)
  at org.gradle.api.internal.tasks.testing.worker.TestWorker.executeAndMaintainThreadName(TestWorker.java:126)
  at org.gradle.api.internal.tasks.testing.worker.TestWorker.execute(TestWorker.java:103)
  at org.gradle.api.internal.tasks.testing.worker.TestWorker.execute(TestWorker.java:63)
  at org.gradle.process.internal.worker.child.ActionExecutionWorker.execute(ActionExecutionWorker.java:56)
  at org.gradle.process.internal.worker.child.SystemApplicationClassLoaderWorker.call(SystemApplicationClassLoaderWorker.java:122)
  at org.gradle.process.internal.worker.child.SystemApplicationClassLoaderWorker.call(SystemApplicationClassLoaderWorker.java:72)
  at worker.org.gradle.process.internal.worker.GradleWorkerMain.run(GradleWorkerMain.java:69)
  at worker.org.gradle.process.internal.worker.GradleWorkerMain.main(GradleWorkerMain.java:74)
</stacktrace>
</test-failure>


TypeScriptCompilerTests_P[jvm] > parseBigInt_ts has expected errors matching parseBigInt_errors_txt[jvm] FAILED

<test-failure test="com.xemantic.typescript.compiler.TypeScriptCompilerTests_P.protectedAccessThroughContextualThis_ts has expected errors matching protectedAccessThroughContextualThis_errors_txt" platform="jvm">
<message>
--- expected
+++ actual
@@ -1,8 +1,9 @@
-protectedAccessThroughContextualThis.ts(13,20): error TS2341: Property 'privat' is private and only accessible within class 'Foo'.
-protectedAccessThroughContextualThis.ts(20,20): error TS2341: Property 'privat' is private and only accessible within class 'Foo'.
+protectedAccessThroughContextualThis.ts(19,3): error TS2683: 'this' implicitly has type 'any' because it does not have a type annotation.
+protectedAccessThroughContextualThis.ts(19,15): error TS2683: 'this' implicitly has type 'any' because it does not have a type annotation.
+protectedAccessThroughContextualThis.ts(20,15): error TS2683: 'this' implicitly has type 'any' because it does not have a type annotation.
 
 
-==== protectedAccessThroughContextualThis.ts (2 errors) ====
+==== protectedAccessThroughContextualThis.ts (3 errors) ====
     class Foo {
       protected protec = 'bar';
       private privat = '';
@@ -16,15 +17,17 @@
     function bindCopy(this: Foo) {
       this.copy = this.protec; // Should OK
       console.log(this.privat); // Should error
-                       ~~~~~~
-!!! error TS2341: Property 'privat' is private and only accessible within class 'Foo'.
     }
     
     type BindingFunction = (this: Foo) => void;
     
     const bindCopy2: BindingFunction = function () {
       this.copy = this.protec; // Should OK
+      ~~~~
+!!! error TS2683: 'this' implicitly has type 'any' because it does not have a type annotation.
+                  ~~~~
+!!! error TS2683: 'this' implicitly has type 'any' because it does not have a type annotation.
       console.log(this.privat); // Should error
-                       ~~~~~~
-!!! error TS2341: Property 'privat' is private and only accessible within class 'Foo'.
+                  ~~~~
+!!! error TS2683: 'this' implicitly has type 'any' because it does not have a type annotation.
     }

</message>
<stacktrace>
  at org.junit.Assert.fail(Assert.java:89)
  at kotlin.test.junit.JUnitAsserter.fail(JUnitSupport.kt:56)
  at kotlin.test.AssertionsKt__AssertionsKt.fail(Assertions.kt:563)
  at kotlin.test.AssertionsKt.fail(Unknown Source)
  at com.xemantic.kotlin.test.SameAsKt.sameAs(SameAs.kt:52)
  at com.xemantic.typescript.compiler.TypeScriptTestSupportKt.errorsMatchBaseline(TypeScriptTestSupport.kt:135)
  at com.xemantic.typescript.compiler.TypeScriptCompilerTests_P.protectedAccessThroughContextualThis_ts has expected errors matching protectedAccessThroughContextualThis_errors_txt(TypeScriptCompilerTests_P.kt:2870)
  at java.base/jdk.internal.reflect.DirectMethodHandleAccessor.invoke(DirectMethodHandleAccessor.java:104)
  at java.base/java.lang.reflect.Method.invoke(Method.java:565)
  at org.junit.runners.model.FrameworkMethod$1.runReflectiveCall(FrameworkMethod.java:59)
  at org.junit.internal.runners.model.ReflectiveCallable.run(ReflectiveCallable.java:12)
  at org.junit.runners.model.FrameworkMethod.invokeExplosively(FrameworkMethod.java:56)
  at org.junit.internal.runners.statements.InvokeMethod.evaluate(InvokeMethod.java:17)
  at org.junit.runners.ParentRunner$3.evaluate(ParentRunner.java:306)
  at org.junit.runners.BlockJUnit4ClassRunner$1.evaluate(BlockJUnit4ClassRunner.java:100)
  at org.junit.runners.ParentRunner.runLeaf(ParentRunner.java:366)
  at org.junit.runners.BlockJUnit4ClassRunner.runChild(BlockJUnit4ClassRunner.java:103)
  at org.junit.runners.BlockJUnit4ClassRunner.runChild(BlockJUnit4ClassRunner.java:63)
  at org.junit.runners.ParentRunner$4.run(ParentRunner.java:331)
  at org.junit.runners.ParentRunner$1.schedule(ParentRunner.java:79)
  at org.junit.runners.ParentRunner.runChildren(ParentRunner.java:329)
  at org.junit.runners.ParentRunner.access$100(ParentRunner.java:66)
  at org.junit.runners.ParentRunner$2.evaluate(ParentRunner.java:293)
  at org.junit.runners.ParentRunner$3.evaluate(ParentRunner.java:306)
  at org.junit.runners.ParentRunner.run(ParentRunner.java:413)
  at org.junit.runner.JUnitCore.run(JUnitCore.java:137)
  at org.junit.runner.JUnitCore.run(JUnitCore.java:115)
  at org.gradle.api.internal.tasks.testing.junit.JUnitTestExecutor.runRequest(JUnitTestExecutor.java:175)
  at org.gradle.api.internal.tasks.testing.junit.JUnitTestExecutor.accept(JUnitTestExecutor.java:84)
  at org.gradle.api.internal.tasks.testing.junit.JUnitTestExecutor.accept(JUnitTestExecutor.java:47)
  at org.gradle.api.internal.tasks.testing.junit.AbstractJUnitTestDefinitionProcessor.processTestDefinition(AbstractJUnitTestDefinitionProcessor.java:65)
  at org.gradle.api.internal.tasks.testing.SuiteTestDefinitionProcessor.processTestDefinition(SuiteTestDefinitionProcessor.java:54)
  at java.base/jdk.internal.reflect.DirectMethodHandleAccessor.invoke(DirectMethodHandleAccessor.java:104)
  at java.base/java.lang.reflect.Method.invoke(Method.java:565)
  at org.gradle.internal.dispatch.MethodInvocation.invokeOn(MethodInvocation.java:77)
  at org.gradle.internal.dispatch.ReflectionDispatch.dispatch(ReflectionDispatch.java:28)
  at org.gradle.internal.dispatch.ReflectionDispatch.dispatch(ReflectionDispatch.java:19)
  at org.gradle.internal.dispatch.ContextClassLoaderDispatch.dispatch(ContextClassLoaderDispatch.java:33)
  at org.gradle.internal.dispatch.ProxyDispatchAdapter$DispatchingInvocationHandler.invoke(ProxyDispatchAdapter.java:88)
  at jdk.proxy1/jdk.proxy1.$Proxy4.processTestDefinition(Unknown Source)
  at org.gradle.api.internal.tasks.testing.worker.TestWorker$2.run(TestWorker.java:178)
  at org.gradle.api.internal.tasks.testing.worker.TestWorker.executeAndMaintainThreadName(TestWorker.java:126)
  at org.gradle.api.internal.tasks.testing.worker.TestWorker.execute(TestWorker.java:103)
  at org.gradle.api.internal.tasks.testing.worker.TestWorker.execute(TestWorker.java:63)
  at org.gradle.process.internal.worker.child.ActionExecutionWorker.execute(ActionExecutionWorker.java:56)
  at org.gradle.process.internal.worker.child.SystemApplicationClassLoaderWorker.call(SystemApplicationClassLoaderWorker.java:122)
  at org.gradle.process.internal.worker.child.SystemApplicationClassLoaderWorker.call(SystemApplicationClassLoaderWorker.java:72)
  at worker.org.gradle.process.internal.worker.GradleWorkerMain.run(GradleWorkerMain.java:69)
  at worker.org.gradle.process.internal.worker.GradleWorkerMain.main(GradleWorkerMain.java:74)
</stacktrace>
</test-failure>


TypeScriptCompilerTests_P[jvm] > protectedAccessThroughContextualThis_ts has expected errors matching protectedAccessThroughContextualThis_errors_txt[jvm] FAILED

<test-failure test="com.xemantic.typescript.compiler.TypeScriptCompilerTests_P.parenthesisDoesNotBlockAliasSymbolCreation_ts has expected errors matching parenthesisDoesNotBlockAliasSymbolCreation_errors_txt" platform="jvm">
<message>
Expected diagnostics from baseline typescript-repo/tests/baselines/reference/parenthesisDoesNotBlockAliasSymbolCreation.errors.txt but none produced
</message>
<stacktrace>
  at com.xemantic.typescript.compiler.TypeScriptTestSupportKt.errorsMatchBaseline(TypeScriptTestSupport.kt:125)
  at com.xemantic.typescript.compiler.TypeScriptCompilerTests_P.parenthesisDoesNotBlockAliasSymbolCreation_ts has expected errors matching parenthesisDoesNotBlockAliasSymbolCreation_errors_txt(TypeScriptCompilerTests_P.kt:357)
  at java.base/jdk.internal.reflect.DirectMethodHandleAccessor.invoke(DirectMethodHandleAccessor.java:104)
  at java.base/java.lang.reflect.Method.invoke(Method.java:565)
  at org.junit.runners.model.FrameworkMethod$1.runReflectiveCall(FrameworkMethod.java:59)
  at org.junit.internal.runners.model.ReflectiveCallable.run(ReflectiveCallable.java:12)
  at org.junit.runners.model.FrameworkMethod.invokeExplosively(FrameworkMethod.java:56)
  at org.junit.internal.runners.statements.InvokeMethod.evaluate(InvokeMethod.java:17)
  at org.junit.runners.ParentRunner$3.evaluate(ParentRunner.java:306)
  at org.junit.runners.BlockJUnit4ClassRunner$1.evaluate(BlockJUnit4ClassRunner.java:100)
  at org.junit.runners.ParentRunner.runLeaf(ParentRunner.java:366)
  at org.junit.runners.BlockJUnit4ClassRunner.runChild(BlockJUnit4ClassRunner.java:103)
  at org.junit.runners.BlockJUnit4ClassRunner.runChild(BlockJUnit4ClassRunner.java:63)
  at org.junit.runners.ParentRunner$4.run(ParentRunner.java:331)
  at org.junit.runners.ParentRunner$1.schedule(ParentRunner.java:79)
  at org.junit.runners.ParentRunner.runChildren(ParentRunner.java:329)
  at org.junit.runners.ParentRunner.access$100(ParentRunner.java:66)
  at org.junit.runners.ParentRunner$2.evaluate(ParentRunner.java:293)
  at org.junit.runners.ParentRunner$3.evaluate(ParentRunner.java:306)
  at org.junit.runners.ParentRunner.run(ParentRunner.java:413)
  at org.junit.runner.JUnitCore.run(JUnitCore.java:137)
  at org.junit.runner.JUnitCore.run(JUnitCore.java:115)
  at org.gradle.api.internal.tasks.testing.junit.JUnitTestExecutor.runRequest(JUnitTestExecutor.java:175)
  at org.gradle.api.internal.tasks.testing.junit.JUnitTestExecutor.accept(JUnitTestExecutor.java:84)
  at org.gradle.api.internal.tasks.testing.junit.JUnitTestExecutor.accept(JUnitTestExecutor.java:47)
  at org.gradle.api.internal.tasks.testing.junit.AbstractJUnitTestDefinitionProcessor.processTestDefinition(AbstractJUnitTestDefinitionProcessor.java:65)
  at org.gradle.api.internal.tasks.testing.SuiteTestDefinitionProcessor.processTestDefinition(SuiteTestDefinitionProcessor.java:54)
  at java.base/jdk.internal.reflect.DirectMethodHandleAccessor.invoke(DirectMethodHandleAccessor.java:104)
  at java.base/java.lang.reflect.Method.invoke(Method.java:565)
  at org.gradle.internal.dispatch.MethodInvocation.invokeOn(MethodInvocation.java:77)
  at org.gradle.internal.dispatch.ReflectionDispatch.dispatch(ReflectionDispatch.java:28)
  at org.gradle.internal.dispatch.ReflectionDispatch.dispatch(ReflectionDispatch.java:19)
  at org.gradle.internal.dispatch.ContextClassLoaderDispatch.dispatch(ContextClassLoaderDispatch.java:33)
  at org.gradle.internal.dispatch.ProxyDispatchAdapter$DispatchingInvocationHandler.invoke(ProxyDispatchAdapter.java:88)
  at jdk.proxy1/jdk.proxy1.$Proxy4.processTestDefinition(Unknown Source)
  at org.gradle.api.internal.tasks.testing.worker.TestWorker$2.run(TestWorker.java:178)
  at org.gradle.api.internal.tasks.testing.worker.TestWorker.executeAndMaintainThreadName(TestWorker.java:126)
  at org.gradle.api.internal.tasks.testing.worker.TestWorker.execute(TestWorker.java:103)
  at org.gradle.api.internal.tasks.testing.worker.TestWorker.execute(TestWorker.java:63)
  at org.gradle.process.internal.worker.child.ActionExecutionWorker.execute(ActionExecutionWorker.java:56)
  at org.gradle.process.internal.worker.child.SystemApplicationClassLoaderWorker.call(SystemApplicationClassLoaderWorker.java:122)
  at org.gradle.process.internal.worker.child.SystemApplicationClassLoaderWorker.call(SystemApplicationClassLoaderWorker.java:72)
  at worker.org.gradle.process.internal.worker.GradleWorkerMain.run(GradleWorkerMain.java:69)
  at worker.org.gradle.process.internal.worker.GradleWorkerMain.main(GradleWorkerMain.java:74)
</stacktrace>
</test-failure>


TypeScriptCompilerTests_P[jvm] > parenthesisDoesNotBlockAliasSymbolCreation_ts has expected errors matching parenthesisDoesNotBlockAliasSymbolCreation_errors_txt[jvm] FAILED

<test-failure test="com.xemantic.typescript.compiler.TypeScriptCompilerTests_P.pathMappingBasedModuleResolution3_node_ts compiles to JavaScript matching pathMappingBasedModuleResolution3_node_js" platform="jvm">
<message>
--- expected
+++ actual
@@ -16,6 +16,11 @@
 //// [index.d.ts]
 export var y: number;
 
+//// [file1.js]
+"use strict";
+Object.defineProperty(exports, "__esModule", { value: true });
+const file2_1 = require("folder2/file2");
+use(file2_1.x.toExponential());
 //// [file3.js]
 "use strict";
 Object.defineProperty(exports, "__esModule", { value: true });
@@ -28,8 +33,3 @@
 const file3_1 = require("./file3"); // found with baseurl
 const file4_1 = require("file4"); // found with fallback
 exports.x = file3_1.x + file4_1.y;
-//// [file1.js]
-"use strict";
-Object.defineProperty(exports, "__esModule", { value: true });
-const file2_1 = require("folder2/file2");
-use(file2_1.x.toExponential());

</message>
<stacktrace>
  at org.junit.Assert.fail(Assert.java:89)
  at kotlin.test.junit.JUnitAsserter.fail(JUnitSupport.kt:56)
  at kotlin.test.AssertionsKt__AssertionsKt.fail(Assertions.kt:563)
  at kotlin.test.AssertionsKt.fail(Unknown Source)
  at com.xemantic.kotlin.test.SameAsKt.sameAs(SameAs.kt:52)
  at com.xemantic.typescript.compiler.TypeScriptTestSupportKt.sameAs(TypeScriptTestSupport.kt:99)
  at com.xemantic.typescript.compiler.TypeScriptCompilerTests_P.pathMappingBasedModuleResolution3_node_ts compiles to JavaScript matching pathMappingBasedModuleResolution3_node_js(TypeScriptCompilerTests_P.kt:966)
  at java.base/jdk.internal.reflect.DirectMethodHandleAccessor.invoke(DirectMethodHandleAccessor.java:104)
  at java.base/java.lang.reflect.Method.invoke(Method.java:565)
  at org.junit.runners.model.FrameworkMethod$1.runReflectiveCall(FrameworkMethod.java:59)
  at org.junit.internal.runners.model.ReflectiveCallable.run(ReflectiveCallable.java:12)
  at org.junit.runners.model.FrameworkMethod.invokeExplosively(FrameworkMethod.java:56)
  at org.junit.internal.runners.statements.InvokeMethod.evaluate(InvokeMethod.java:17)
  at org.junit.runners.ParentRunner$3.evaluate(ParentRunner.java:306)
  at org.junit.runners.BlockJUnit4ClassRunner$1.evaluate(BlockJUnit4ClassRunner.java:100)
  at org.junit.runners.ParentRunner.runLeaf(ParentRunner.java:366)
  at org.junit.runners.BlockJUnit4ClassRunner.runChild(BlockJUnit4ClassRunner.java:103)
  at org.junit.runners.BlockJUnit4ClassRunner.runChild(BlockJUnit4ClassRunner.java:63)
  at org.junit.runners.ParentRunner$4.run(ParentRunner.java:331)
  at org.junit.runners.ParentRunner$1.schedule(ParentRunner.java:79)
  at org.junit.runners.ParentRunner.runChildren(ParentRunner.java:329)
  at org.junit.runners.ParentRunner.access$100(ParentRunner.java:66)
  at org.junit.runners.ParentRunner$2.evaluate(ParentRunner.java:293)
  at org.junit.runners.ParentRunner$3.evaluate(ParentRunner.java:306)
  at org.junit.runners.ParentRunner.run(ParentRunner.java:413)
  at org.junit.runner.JUnitCore.run(JUnitCore.java:137)
  at org.junit.runner.JUnitCore.run(JUnitCore.java:115)
  at org.gradle.api.internal.tasks.testing.junit.JUnitTestExecutor.runRequest(JUnitTestExecutor.java:175)
  at org.gradle.api.internal.tasks.testing.junit.JUnitTestExecutor.accept(JUnitTestExecutor.java:84)
  at org.gradle.api.internal.tasks.testing.junit.JUnitTestExecutor.accept(JUnitTestExecutor.java:47)
  at org.gradle.api.internal.tasks.testing.junit.AbstractJUnitTestDefinitionProcessor.processTestDefinition(AbstractJUnitTestDefinitionProcessor.java:65)
  at org.gradle.api.internal.tasks.testing.SuiteTestDefinitionProcessor.processTestDefinition(SuiteTestDefinitionProcessor.java:54)
  at java.base/jdk.internal.reflect.DirectMethodHandleAccessor.invoke(DirectMethodHandleAccessor.java:104)
  at java.base/java.lang.reflect.Method.invoke(Method.java:565)
  at org.gradle.internal.dispatch.MethodInvocation.invokeOn(MethodInvocation.java:77)
  at org.gradle.internal.dispatch.ReflectionDispatch.dispatch(ReflectionDispatch.java:28)
  at org.gradle.internal.dispatch.ReflectionDispatch.dispatch(ReflectionDispatch.java:19)
  at org.gradle.internal.dispatch.ContextClassLoaderDispatch.dispatch(ContextClassLoaderDispatch.java:33)
  at org.gradle.internal.dispatch.ProxyDispatchAdapter$DispatchingInvocationHandler.invoke(ProxyDispatchAdapter.java:88)
  at jdk.proxy1/jdk.proxy1.$Proxy4.processTestDefinition(Unknown Source)
  at org.gradle.api.internal.tasks.testing.worker.TestWorker$2.run(TestWorker.java:178)
  at org.gradle.api.internal.tasks.testing.worker.TestWorker.executeAndMaintainThreadName(TestWorker.java:126)
  at org.gradle.api.internal.tasks.testing.worker.TestWorker.execute(TestWorker.java:103)
  at org.gradle.api.internal.tasks.testing.worker.TestWorker.execute(TestWorker.java:63)
  at org.gradle.process.internal.worker.child.ActionExecutionWorker.execute(ActionExecutionWorker.java:56)
  at org.gradle.process.internal.worker.child.SystemApplicationClassLoaderWorker.call(SystemApplicationClassLoaderWorker.java:122)
  at org.gradle.process.internal.worker.child.SystemApplicationClassLoaderWorker.call(SystemApplicationClassLoaderWorker.java:72)
  at worker.org.gradle.process.internal.worker.GradleWorkerMain.run(GradleWorkerMain.java:69)
  at worker.org.gradle.process.internal.worker.GradleWorkerMain.main(GradleWorkerMain.java:74)
</stacktrace>
</test-failure>


TypeScriptCompilerTests_P[jvm] > pathMappingBasedModuleResolution3_node_ts compiles to JavaScript matching pathMappingBasedModuleResolution3_node_js[jvm] FAILED

<test-failure test="com.xemantic.typescript.compiler.TypeScriptCompilerTests_P.pathMappingBasedModuleResolution5_classic_ts compiles to JavaScript matching pathMappingBasedModuleResolution5_classic_js" platform="jvm">
<message>
--- expected
+++ actual
@@ -1,7 +1,5 @@
 //// [tests/cases/compiler/pathMappingBasedModuleResolution5_classic.ts] ////
 
-//// [file4.ts]
-export var z1 = 1;
 //// [file1.ts]
 import {x} from "folder2/file1"
 import {y} from "folder3/file2"
@@ -24,8 +22,19 @@
 //// [file3.ts]
 export var z = 1;
 
+//// [file4.ts]
+export var z1 = 1;
 
 //// [file1.js]
+define(["require", "exports", "folder2/file1", "folder3/file2", "components/file3", "file4"], function (require, exports, file1_1, file2_1, file3_1, file4_1) {
+    "use strict";
+    Object.defineProperty(exports, "__esModule", { value: true });
+    use(file1_1.x.toExponential());
+    use(file2_1.y.toExponential());
+    use(file3_1.z.toExponential());
+    use(file4_1.z1.toExponential());
+});
+//// [file1.js]
 define(["require", "exports"], function (require, exports) {
     "use strict";
     Object.defineProperty(exports, "__esModule", { value: true });
@@ -53,12 +62,3 @@
     exports.z1 = void 0;
     exports.z1 = 1;
 });
-//// [file1.js]
-define(["require", "exports", "folder2/file1", "folder3/file2", "components/file3", "file4"], function (require, exports, file1_1, file2_1, file3_1, file4_1) {
-    "use strict";
-    Object.defineProperty(exports, "__esModule", { value: true });
-    use(file1_1.x.toExponential());
-    use(file2_1.y.toExponential());
-    use(file3_1.z.toExponential());
-    use(file4_1.z1.toExponential());
-});

</message>
<stacktrace>
  at org.junit.Assert.fail(Assert.java:89)
  at kotlin.test.junit.JUnitAsserter.fail(JUnitSupport.kt:56)
  at kotlin.test.AssertionsKt__AssertionsKt.fail(Assertions.kt:563)
  at kotlin.test.AssertionsKt.fail(Unknown Source)
  at com.xemantic.kotlin.test.SameAsKt.sameAs(SameAs.kt:52)
  at com.xemantic.typescript.compiler.TypeScriptTestSupportKt.sameAs(TypeScriptTestSupport.kt:99)
  at com.xemantic.typescript.compiler.TypeScriptCompilerTests_P.pathMappingBasedModuleResolution5_classic_ts compiles to JavaScript matching pathMappingBasedModuleResolution5_classic_js(TypeScriptCompilerTests_P.kt:1008)
  at java.base/jdk.internal.reflect.DirectMethodHandleAccessor.invoke(DirectMethodHandleAccessor.java:104)
  at java.base/java.lang.reflect.Method.invoke(Method.java:565)
  at org.junit.runners.model.FrameworkMethod$1.runReflectiveCall(FrameworkMethod.java:59)
  at org.junit.internal.runners.model.ReflectiveCallable.run(ReflectiveCallable.java:12)
  at org.junit.runners.model.FrameworkMethod.invokeExplosively(FrameworkMethod.java:56)
  at org.junit.internal.runners.statements.InvokeMethod.evaluate(InvokeMethod.java:17)
  at org.junit.runners.ParentRunner$3.evaluate(ParentRunner.java:306)
  at org.junit.runners.BlockJUnit4ClassRunner$1.evaluate(BlockJUnit4ClassRunner.java:100)
  at org.junit.runners.ParentRunner.runLeaf(ParentRunner.java:366)
  at org.junit.runners.BlockJUnit4ClassRunner.runChild(BlockJUnit4ClassRunner.java:103)
  at org.junit.runners.BlockJUnit4ClassRunner.runChild(BlockJUnit4ClassRunner.java:63)
  at org.junit.runners.ParentRunner$4.run(ParentRunner.java:331)
  at org.junit.runners.ParentRunner$1.schedule(ParentRunner.java:79)
  at org.junit.runners.ParentRunner.runChildren(ParentRunner.java:329)
  at org.junit.runners.ParentRunner.access$100(ParentRunner.java:66)
  at org.junit.runners.ParentRunner$2.evaluate(ParentRunner.java:293)
  at org.junit.runners.ParentRunner$3.evaluate(ParentRunner.java:306)
  at org.junit.runners.ParentRunner.run(ParentRunner.java:413)
  at org.junit.runner.JUnitCore.run(JUnitCore.java:137)
  at org.junit.runner.JUnitCore.run(JUnitCore.java:115)
  at org.gradle.api.internal.tasks.testing.junit.JUnitTestExecutor.runRequest(JUnitTestExecutor.java:175)
  at org.gradle.api.internal.tasks.testing.junit.JUnitTestExecutor.accept(JUnitTestExecutor.java:84)
  at org.gradle.api.internal.tasks.testing.junit.JUnitTestExecutor.accept(JUnitTestExecutor.java:47)
  at org.gradle.api.internal.tasks.testing.junit.AbstractJUnitTestDefinitionProcessor.processTestDefinition(AbstractJUnitTestDefinitionProcessor.java:65)
  at org.gradle.api.internal.tasks.testing.SuiteTestDefinitionProcessor.processTestDefinition(SuiteTestDefinitionProcessor.java:54)
  at java.base/jdk.internal.reflect.DirectMethodHandleAccessor.invoke(DirectMethodHandleAccessor.java:104)
  at java.base/java.lang.reflect.Method.invoke(Method.java:565)
  at org.gradle.internal.dispatch.MethodInvocation.invokeOn(MethodInvocation.java:77)
  at org.gradle.internal.dispatch.ReflectionDispatch.dispatch(ReflectionDispatch.java:28)
  at org.gradle.internal.dispatch.ReflectionDispatch.dispatch(ReflectionDispatch.java:19)
  at org.gradle.internal.dispatch.ContextClassLoaderDispatch.dispatch(ContextClassLoaderDispatch.java:33)
  at org.gradle.internal.dispatch.ProxyDispatchAdapter$DispatchingInvocationHandler.invoke(ProxyDispatchAdapter.java:88)
  at jdk.proxy1/jdk.proxy1.$Proxy4.processTestDefinition(Unknown Source)
  at org.gradle.api.internal.tasks.testing.worker.TestWorker$2.run(TestWorker.java:178)
  at org.gradle.api.internal.tasks.testing.worker.TestWorker.executeAndMaintainThreadName(TestWorker.java:126)
  at org.gradle.api.internal.tasks.testing.worker.TestWorker.execute(TestWorker.java:103)
  at org.gradle.api.internal.tasks.testing.worker.TestWorker.execute(TestWorker.java:63)
  at org.gradle.process.internal.worker.child.ActionExecutionWorker.execute(ActionExecutionWorker.java:56)
  at org.gradle.process.internal.worker.child.SystemApplicationClassLoaderWorker.call(SystemApplicationClassLoaderWorker.java:122)
  at org.gradle.process.internal.worker.child.SystemApplicationClassLoaderWorker.call(SystemApplicationClassLoaderWorker.java:72)
  at worker.org.gradle.process.internal.worker.GradleWorkerMain.run(GradleWorkerMain.java:69)
  at worker.org.gradle.process.internal.worker.GradleWorkerMain.main(GradleWorkerMain.java:74)
</stacktrace>
</test-failure>


TypeScriptCompilerTests_P[jvm] > pathMappingBasedModuleResolution5_classic_ts compiles to JavaScript matching pathMappingBasedModuleResolution5_classic_js[jvm] FAILED

<test-failure test="com.xemantic.typescript.compiler.TypeScriptCompilerTests_P.parseErrorIncorrectReturnToken_ts compiles to JavaScript matching parseErrorIncorrectReturnToken_js" platform="jvm">
<message>
--- expected
+++ actual
@@ -17,6 +17,7 @@
 
 //// [parseErrorIncorrectReturnToken.js]
 "use strict";
+number;
 string; // should be => not :
 // doesn't work in non-type contexts, where the return type is optional
 let f = (n) => string => n.toString();

</message>
<stacktrace>
  at org.junit.Assert.fail(Assert.java:89)
  at kotlin.test.junit.JUnitAsserter.fail(JUnitSupport.kt:56)
  at kotlin.test.AssertionsKt__AssertionsKt.fail(Assertions.kt:563)
  at kotlin.test.AssertionsKt.fail(Unknown Source)
  at com.xemantic.kotlin.test.SameAsKt.sameAs(SameAs.kt:52)
  at com.xemantic.typescript.compiler.TypeScriptTestSupportKt.sameAs(TypeScriptTestSupport.kt:99)
  at com.xemantic.typescript.compiler.TypeScriptCompilerTests_P.parseErrorIncorrectReturnToken_ts compiles to JavaScript matching parseErrorIncorrectReturnToken_js(TypeScriptCompilerTests_P.kt:546)
  at java.base/jdk.internal.reflect.DirectMethodHandleAccessor.invoke(DirectMethodHandleAccessor.java:104)
  at java.base/java.lang.reflect.Method.invoke(Method.java:565)
  at org.junit.runners.model.FrameworkMethod$1.runReflectiveCall(FrameworkMethod.java:59)
  at org.junit.internal.runners.model.ReflectiveCallable.run(ReflectiveCallable.java:12)
  at org.junit.runners.model.FrameworkMethod.invokeExplosively(FrameworkMethod.java:56)
  at org.junit.internal.runners.statements.InvokeMethod.evaluate(InvokeMethod.java:17)
  at org.junit.runners.ParentRunner$3.evaluate(ParentRunner.java:306)
  at org.junit.runners.BlockJUnit4ClassRunner$1.evaluate(BlockJUnit4ClassRunner.java:100)
  at org.junit.runners.ParentRunner.runLeaf(ParentRunner.java:366)
  at org.junit.runners.BlockJUnit4ClassRunner.runChild(BlockJUnit4ClassRunner.java:103)
  at org.junit.runners.BlockJUnit4ClassRunner.runChild(BlockJUnit4ClassRunner.java:63)
  at org.junit.runners.ParentRunner$4.run(ParentRunner.java:331)
  at org.junit.runners.ParentRunner$1.schedule(ParentRunner.java:79)
  at org.junit.runners.ParentRunner.runChildren(ParentRunner.java:329)
  at org.junit.runners.ParentRunner.access$100(ParentRunner.java:66)
  at org.junit.runners.ParentRunner$2.evaluate(ParentRunner.java:293)
  at org.junit.runners.ParentRunner$3.evaluate(ParentRunner.java:306)
  at org.junit.runners.ParentRunner.run(ParentRunner.java:413)
  at org.junit.runner.JUnitCore.run(JUnitCore.java:137)
  at org.junit.runner.JUnitCore.run(JUnitCore.java:115)
  at org.gradle.api.internal.tasks.testing.junit.JUnitTestExecutor.runRequest(JUnitTestExecutor.java:175)
  at org.gradle.api.internal.tasks.testing.junit.JUnitTestExecutor.accept(JUnitTestExecutor.java:84)
  at org.gradle.api.internal.tasks.testing.junit.JUnitTestExecutor.accept(JUnitTestExecutor.java:47)
  at org.gradle.api.internal.tasks.testing.junit.AbstractJUnitTestDefinitionProcessor.processTestDefinition(AbstractJUnitTestDefinitionProcessor.java:65)
  at org.gradle.api.internal.tasks.testing.SuiteTestDefinitionProcessor.processTestDefinition(SuiteTestDefinitionProcessor.java:54)
  at java.base/jdk.internal.reflect.DirectMethodHandleAccessor.invoke(DirectMethodHandleAccessor.java:104)
  at java.base/java.lang.reflect.Method.invoke(Method.java:565)
  at org.gradle.internal.dispatch.MethodInvocation.invokeOn(MethodInvocation.java:77)
  at org.gradle.internal.dispatch.ReflectionDispatch.dispatch(ReflectionDispatch.java:28)
  at org.gradle.internal.dispatch.ReflectionDispatch.dispatch(ReflectionDispatch.java:19)
  at org.gradle.internal.dispatch.ContextClassLoaderDispatch.dispatch(ContextClassLoaderDispatch.java:33)
  at org.gradle.internal.dispatch.ProxyDispatchAdapter$DispatchingInvocationHandler.invoke(ProxyDispatchAdapter.java:88)
  at jdk.proxy1/jdk.proxy1.$Proxy4.processTestDefinition(Unknown Source)
  at org.gradle.api.internal.tasks.testing.worker.TestWorker$2.run(TestWorker.java:178)
  at org.gradle.api.internal.tasks.testing.worker.TestWorker.executeAndMaintainThreadName(TestWorker.java:126)
  at org.gradle.api.internal.tasks.testing.worker.TestWorker.execute(TestWorker.java:103)
  at org.gradle.api.internal.tasks.testing.worker.TestWorker.execute(TestWorker.java:63)
  at org.gradle.process.internal.worker.child.ActionExecutionWorker.execute(ActionExecutionWorker.java:56)
  at org.gradle.process.internal.worker.child.SystemApplicationClassLoaderWorker.call(SystemApplicationClassLoaderWorker.java:122)
  at org.gradle.process.internal.worker.child.SystemApplicationClassLoaderWorker.call(SystemApplicationClassLoaderWorker.java:72)
  at worker.org.gradle.process.internal.worker.GradleWorkerMain.run(GradleWorkerMain.java:69)
  at worker.org.gradle.process.internal.worker.GradleWorkerMain.main(GradleWorkerMain.java:74)
</stacktrace>
</test-failure>


TypeScriptCompilerTests_P[jvm] > parseErrorIncorrectReturnToken_ts compiles to JavaScript matching parseErrorIncorrectReturnToken_js[jvm] FAILED

<test-failure test="com.xemantic.typescript.compiler.TypeScriptCompilerTests_P.parseAssertEntriesError_ts has expected errors matching parseAssertEntriesError_errors_txt" platform="jvm">
<message>
--- expected
+++ actual
@@ -1,74 +1,48 @@
-/index.ts(2,7): error TS1340: Module 'pkg' does not refer to a type, but is used as a type here. Did you mean 'typeof import('pkg')'?
-/index.ts(2,30): error TS1478: Identifier or string literal expected.
-/index.ts(2,30): error TS2695: Left side of comma operator is unused and has no side effects.
-/index.ts(2,53): error TS1005: ';' expected.
-/index.ts(2,64): error TS1128: Declaration or statement expected.
-/index.ts(2,66): error TS1128: Declaration or statement expected.
-/index.ts(2,67): error TS1128: Declaration or statement expected.
-/index.ts(2,68): error TS1128: Declaration or statement expected.
-/index.ts(2,69): error TS2304: Cannot find name 'RequireInterface'.
-/index.ts(3,34): error TS1005: ':' expected.
-/index.ts(3,68): error TS2339: Property 'ImportInterface' does not exist on type 'Promise<{ default: typeof import("/node_modules/pkg/import"); }>'.
-/index.ts(5,34): error TS1340: Module 'pkg' does not refer to a type, but is used as a type here. Did you mean 'typeof import('pkg')'?
-/index.ts(5,57): error TS1478: Identifier or string literal expected.
-/index.ts(5,57): error TS2695: Left side of comma operator is unused and has no side effects.
-/index.ts(5,80): error TS1005: ';' expected.
-/index.ts(5,91): error TS1128: Declaration or statement expected.
-/index.ts(5,93): error TS1128: Declaration or statement expected.
-/index.ts(5,94): error TS1128: Declaration or statement expected.
-/index.ts(5,95): error TS1128: Declaration or statement expected.
-/index.ts(5,96): error TS1434: Unexpected keyword or identifier.
-/index.ts(5,96): error TS2304: Cannot find name 'RequireInterface'.
-/index.ts(5,112): error TS1128: Declaration or statement expected.
-/index.ts(6,34): error TS1340: Module 'pkg' does not refer to a type, but is used as a type here. Did you mean 'typeof import('pkg')'?
-/index.ts(6,57): error TS1478: Identifier or string literal expected.
-/index.ts(6,57): error TS2695: Left side of comma operator is unused and has no side effects.
-/index.ts(6,80): error TS1005: ';' expected.
-/index.ts(6,90): error TS1128: Declaration or statement expected.
-/index.ts(6,92): error TS1128: Declaration or statement expected.
-/index.ts(6,93): error TS1128: Declaration or statement expected.
-/index.ts(6,94): error TS1128: Declaration or statement expected.
-/index.ts(6,95): error TS1434: Unexpected keyword or identifier.
-/index.ts(6,95): error TS2304: Cannot find name 'ImportInterface'.
-/index.ts(6,110): error TS1128: Declaration or statement expected.
+/index.ts(2,19): error TS1005: ')' expected.
+/index.ts(2,19): error TS2695: Left side of comma operator is unused and has no side effects.
+/index.ts(2,67): error TS1109: Expression expected.
+/index.ts(2,68): error TS1109: Expression expected.
+/index.ts(3,21): error TS1005: ')' expected.
+/index.ts(3,23): error TS1101: 'with' statements are not allowed in strict mode.
+/index.ts(3,23): error TS2410: The 'with' statement is not supported. All symbols in a 'with' block will have type 'any'.
+/index.ts(3,27): error TS1005: '(' expected.
+/index.ts(3,27): error TS1005: ')' expected.
+/index.ts(3,30): error TS2695: Left side of comma operator is unused and has no side effects.
+/index.ts(3,53): error TS1109: Expression expected.
+/index.ts(3,66): error TS1109: Expression expected.
+/index.ts(3,67): error TS1109: Expression expected.
+/index.ts(5,46): error TS1005: ')' expected.
+/index.ts(5,112): error TS1109: Expression expected.
+/index.ts(6,46): error TS1005: ')' expected.
+/index.ts(6,110): error TS1109: Expression expected.
 
 
-==== /index.ts (33 errors) ====
+==== /index.ts (17 errors) ====
     export type LocalInterface =
         & import("pkg", { with: {1234, "resolution-mode": "require"} }).RequireInterface
-          ~~~~~~~~~~~~~~~~~~~~~~~
-!!! error TS1340: Module 'pkg' does not refer to a type, but is used as a type here. Did you mean 'typeof import('pkg')'?
-                                 ~~~~
-!!! error TS1478: Identifier or string literal expected.
-                                 ~~~~
+                      ~
+!!! error TS1005: ')' expected.
+                      ~
 !!! error TS2695: Left side of comma operator is unused and has no side effects.
-                                                        ~
-!!! error TS1005: ';' expected.
-                                                                   ~
-!!! error TS1128: Declaration or statement expected.
-                                                                     ~
-!!! error TS1128: Declaration or statement expected.
                                                                       ~
-!!! error TS1128: Declaration or statement expected.
+!!! error TS1109: Expression expected.
                                                                        ~
-!!! error TS1128: Declaration or statement expected.
-                                                                        ~~~~~~~~~~~~~~~~
-!!! error TS2304: Cannot find name 'RequireInterface'.
+!!! error TS1109: Expression expected.
         & import("pkg", { with: {1234, "resolution-mode": "import"} }).ImportInterface;
-                                     ~
-!!! error TS1005: ':' expected.
-                                                                       ~~~~~~~~~~~~~~~
-!!! error TS2339: Property 'ImportInterface' does not exist on type 'Promise<{ default: typeof import("/node_modules/pkg/import"); }>'.
+                        ~
+!!! error TS1005: ')' expected.
+                          ~~~~
+!!! error TS1101: 'with' statements are not allowed in strict mode.
+                          ~~~~~~~~~~~~~~~~~~~~~~~~~~~~~~~~~~~~~~~~~~~~~~~~~~~~~~~~~~~~~
     
+    
     export const a = (null as any as import("pkg", { with: {1234, "resolution-mode": "require"} }).RequireInterface);
-                                     ~~~~~~~~~~~~~~~~~~~~~~~
-!!! error TS1340: Module 'pkg' does not refer to a type, but is used as a type here. Did you mean 'typeof import('pkg')'?
-                                                            ~~~~
-!!! error TS1478: Identifier or string literal expected.
-                                                            ~~~~
+    ~~~~~~~~~~~~~~~~~~~~~~~~~~~~~~~~~~~~~~~~~~~~~~~~~~~~~~~~~~~~~~~~~~~~~~~~~~~~~~~~~~~~~~~~~~~~~~~~~~~~~~~~~~~~~~~~
+!!! error TS2410: The 'with' statement is not supported. All symbols in a 'with' block will have type 'any'.
+                              ~
+!!! error TS1005: '(' expected.
+                              ~
+!!! error TS1005: ')' expected.
+!!! related TS1007 /index.ts:3:27: The parser expected to find a ')' to match the '(' token here.
+                                 ~~~~
 !!! error TS2695: Left side of comma operator is unused and has no side effects.
-                                                                                   ~
-!!! error TS1005: ';' expected.
-                                                                                              ~
-!!! error TS1128: Declaration or statement expected.
-                                                                                                ~

Diff truncated: more than 100 lines changed

Expected: 122 lines
Actual: 73 lines

The differences are too extensive to show in unified diff format.
Consider comparing smaller sections or reviewing the strings directly.

</message>
<stacktrace>
  at org.junit.Assert.fail(Assert.java:89)
  at kotlin.test.junit.JUnitAsserter.fail(JUnitSupport.kt:56)
  at kotlin.test.AssertionsKt__AssertionsKt.fail(Assertions.kt:563)
  at kotlin.test.AssertionsKt.fail(Unknown Source)
  at com.xemantic.kotlin.test.SameAsKt.sameAs(SameAs.kt:52)
  at com.xemantic.typescript.compiler.TypeScriptTestSupportKt.errorsMatchBaseline(TypeScriptTestSupport.kt:135)
  at com.xemantic.typescript.compiler.TypeScriptCompilerTests_P.parseAssertEntriesError_ts has expected errors matching parseAssertEntriesError_errors_txt(TypeScriptCompilerTests_P.kt:448)
  at java.base/jdk.internal.reflect.DirectMethodHandleAccessor.invoke(DirectMethodHandleAccessor.java:104)
  at java.base/java.lang.reflect.Method.invoke(Method.java:565)
  at org.junit.runners.model.FrameworkMethod$1.runReflectiveCall(FrameworkMethod.java:59)
  at org.junit.internal.runners.model.ReflectiveCallable.run(ReflectiveCallable.java:12)
  at org.junit.runners.model.FrameworkMethod.invokeExplosively(FrameworkMethod.java:56)
  at org.junit.internal.runners.statements.InvokeMethod.evaluate(InvokeMethod.java:17)
  at org.junit.runners.ParentRunner$3.evaluate(ParentRunner.java:306)
  at org.junit.runners.BlockJUnit4ClassRunner$1.evaluate(BlockJUnit4ClassRunner.java:100)
  at org.junit.runners.ParentRunner.runLeaf(ParentRunner.java:366)
  at org.junit.runners.BlockJUnit4ClassRunner.runChild(BlockJUnit4ClassRunner.java:103)
  at org.junit.runners.BlockJUnit4ClassRunner.runChild(BlockJUnit4ClassRunner.java:63)
  at org.junit.runners.ParentRunner$4.run(ParentRunner.java:331)
  at org.junit.runners.ParentRunner$1.schedule(ParentRunner.java:79)
  at org.junit.runners.ParentRunner.runChildren(ParentRunner.java:329)
  at org.junit.runners.ParentRunner.access$100(ParentRunner.java:66)
  at org.junit.runners.ParentRunner$2.evaluate(ParentRunner.java:293)
  at org.junit.runners.ParentRunner$3.evaluate(ParentRunner.java:306)
  at org.junit.runners.ParentRunner.run(ParentRunner.java:413)
  at org.junit.runner.JUnitCore.run(JUnitCore.java:137)
  at org.junit.runner.JUnitCore.run(JUnitCore.java:115)
  at org.gradle.api.internal.tasks.testing.junit.JUnitTestExecutor.runRequest(JUnitTestExecutor.java:175)
  at org.gradle.api.internal.tasks.testing.junit.JUnitTestExecutor.accept(JUnitTestExecutor.java:84)
  at org.gradle.api.internal.tasks.testing.junit.JUnitTestExecutor.accept(JUnitTestExecutor.java:47)
  at org.gradle.api.internal.tasks.testing.junit.AbstractJUnitTestDefinitionProcessor.processTestDefinition(AbstractJUnitTestDefinitionProcessor.java:65)
  at org.gradle.api.internal.tasks.testing.SuiteTestDefinitionProcessor.processTestDefinition(SuiteTestDefinitionProcessor.java:54)
  at java.base/jdk.internal.reflect.DirectMethodHandleAccessor.invoke(DirectMethodHandleAccessor.java:104)
  at java.base/java.lang.reflect.Method.invoke(Method.java:565)
  at org.gradle.internal.dispatch.MethodInvocation.invokeOn(MethodInvocation.java:77)
  at org.gradle.internal.dispatch.ReflectionDispatch.dispatch(ReflectionDispatch.java:28)
  at org.gradle.internal.dispatch.ReflectionDispatch.dispatch(ReflectionDispatch.java:19)
  at org.gradle.internal.dispatch.ContextClassLoaderDispatch.dispatch(ContextClassLoaderDispatch.java:33)
  at org.gradle.internal.dispatch.ProxyDispatchAdapter$DispatchingInvocationHandler.invoke(ProxyDispatchAdapter.java:88)
  at jdk.proxy1/jdk.proxy1.$Proxy4.processTestDefinition(Unknown Source)
  at org.gradle.api.internal.tasks.testing.worker.TestWorker$2.run(TestWorker.java:178)
  at org.gradle.api.internal.tasks.testing.worker.TestWorker.executeAndMaintainThreadName(TestWorker.java:126)
  at org.gradle.api.internal.tasks.testing.worker.TestWorker.execute(TestWorker.java:103)
  at org.gradle.api.internal.tasks.testing.worker.TestWorker.execute(TestWorker.java:63)
  at org.gradle.process.internal.worker.child.ActionExecutionWorker.execute(ActionExecutionWorker.java:56)
  at org.gradle.process.internal.worker.child.SystemApplicationClassLoaderWorker.call(SystemApplicationClassLoaderWorker.java:122)
  at org.gradle.process.internal.worker.child.SystemApplicationClassLoaderWorker.call(SystemApplicationClassLoaderWorker.java:72)
  at worker.org.gradle.process.internal.worker.GradleWorkerMain.run(GradleWorkerMain.java:69)
  at worker.org.gradle.process.internal.worker.GradleWorkerMain.main(GradleWorkerMain.java:74)
</stacktrace>
</test-failure>


TypeScriptCompilerTests_P[jvm] > parseAssertEntriesError_ts has expected errors matching parseAssertEntriesError_errors_txt[jvm] FAILED

<test-failure test="com.xemantic.typescript.compiler.TypeScriptCompilerTests_P.parseJsxElementInUnaryExpressionNoCrash1_ts has expected errors matching parseJsxElementInUnaryExpressionNoCrash1_errors_txt" platform="jvm">
<message>
--- expected
+++ actual
@@ -1,10 +1,8 @@
-a.js(1,4): error TS1003: Identifier expected.
-a.js(1,5): error TS1109: Expression expected.
+a.js(2,1): error TS1005: '>' expected.
 
 
-==== a.js (2 errors) ====
+==== a.js (1 errors) ====
     ~< <
-       ~
-!!! error TS1003: Identifier expected.
-        
-!!! error TS1109: Expression expected.
+    
+    
+!!! error TS1005: '>' expected.

</message>
<stacktrace>
  at org.junit.Assert.fail(Assert.java:89)
  at kotlin.test.junit.JUnitAsserter.fail(JUnitSupport.kt:56)
  at kotlin.test.AssertionsKt__AssertionsKt.fail(Assertions.kt:563)
  at kotlin.test.AssertionsKt.fail(Unknown Source)
  at com.xemantic.kotlin.test.SameAsKt.sameAs(SameAs.kt:52)
  at com.xemantic.typescript.compiler.TypeScriptTestSupportKt.errorsMatchBaseline(TypeScriptTestSupport.kt:135)
  at com.xemantic.typescript.compiler.TypeScriptCompilerTests_P.parseJsxElementInUnaryExpressionNoCrash1_ts has expected errors matching parseJsxElementInUnaryExpressionNoCrash1_errors_txt(TypeScriptCompilerTests_P.kt:630)
  at java.base/jdk.internal.reflect.DirectMethodHandleAccessor.invoke(DirectMethodHandleAccessor.java:104)
  at java.base/java.lang.reflect.Method.invoke(Method.java:565)
  at org.junit.runners.model.FrameworkMethod$1.runReflectiveCall(FrameworkMethod.java:59)
  at org.junit.internal.runners.model.ReflectiveCallable.run(ReflectiveCallable.java:12)
  at org.junit.runners.model.FrameworkMethod.invokeExplosively(FrameworkMethod.java:56)
  at org.junit.internal.runners.statements.InvokeMethod.evaluate(InvokeMethod.java:17)
  at org.junit.runners.ParentRunner$3.evaluate(ParentRunner.java:306)
  at org.junit.runners.BlockJUnit4ClassRunner$1.evaluate(BlockJUnit4ClassRunner.java:100)
  at org.junit.runners.ParentRunner.runLeaf(ParentRunner.java:366)
  at org.junit.runners.BlockJUnit4ClassRunner.runChild(BlockJUnit4ClassRunner.java:103)
  at org.junit.runners.BlockJUnit4ClassRunner.runChild(BlockJUnit4ClassRunner.java:63)
  at org.junit.runners.ParentRunner$4.run(ParentRunner.java:331)
  at org.junit.runners.ParentRunner$1.schedule(ParentRunner.java:79)
  at org.junit.runners.ParentRunner.runChildren(ParentRunner.java:329)
  at org.junit.runners.ParentRunner.access$100(ParentRunner.java:66)
  at org.junit.runners.ParentRunner$2.evaluate(ParentRunner.java:293)
  at org.junit.runners.ParentRunner$3.evaluate(ParentRunner.java:306)
  at org.junit.runners.ParentRunner.run(ParentRunner.java:413)
  at org.junit.runner.JUnitCore.run(JUnitCore.java:137)
  at org.junit.runner.JUnitCore.run(JUnitCore.java:115)
  at org.gradle.api.internal.tasks.testing.junit.JUnitTestExecutor.runRequest(JUnitTestExecutor.java:175)
  at org.gradle.api.internal.tasks.testing.junit.JUnitTestExecutor.accept(JUnitTestExecutor.java:84)
  at org.gradle.api.internal.tasks.testing.junit.JUnitTestExecutor.accept(JUnitTestExecutor.java:47)
  at org.gradle.api.internal.tasks.testing.junit.AbstractJUnitTestDefinitionProcessor.processTestDefinition(AbstractJUnitTestDefinitionProcessor.java:65)
  at org.gradle.api.internal.tasks.testing.SuiteTestDefinitionProcessor.processTestDefinition(SuiteTestDefinitionProcessor.java:54)
  at java.base/jdk.internal.reflect.DirectMethodHandleAccessor.invoke(DirectMethodHandleAccessor.java:104)
  at java.base/java.lang.reflect.Method.invoke(Method.java:565)
  at org.gradle.internal.dispatch.MethodInvocation.invokeOn(MethodInvocation.java:77)
  at org.gradle.internal.dispatch.ReflectionDispatch.dispatch(ReflectionDispatch.java:28)
  at org.gradle.internal.dispatch.ReflectionDispatch.dispatch(ReflectionDispatch.java:19)
  at org.gradle.internal.dispatch.ContextClassLoaderDispatch.dispatch(ContextClassLoaderDispatch.java:33)
  at org.gradle.internal.dispatch.ProxyDispatchAdapter$DispatchingInvocationHandler.invoke(ProxyDispatchAdapter.java:88)
  at jdk.proxy1/jdk.proxy1.$Proxy4.processTestDefinition(Unknown Source)
  at org.gradle.api.internal.tasks.testing.worker.TestWorker$2.run(TestWorker.java:178)
  at org.gradle.api.internal.tasks.testing.worker.TestWorker.executeAndMaintainThreadName(TestWorker.java:126)
  at org.gradle.api.internal.tasks.testing.worker.TestWorker.execute(TestWorker.java:103)
  at org.gradle.api.internal.tasks.testing.worker.TestWorker.execute(TestWorker.java:63)
  at org.gradle.process.internal.worker.child.ActionExecutionWorker.execute(ActionExecutionWorker.java:56)
  at org.gradle.process.internal.worker.child.SystemApplicationClassLoaderWorker.call(SystemApplicationClassLoaderWorker.java:122)
  at org.gradle.process.internal.worker.child.SystemApplicationClassLoaderWorker.call(SystemApplicationClassLoaderWorker.java:72)
  at worker.org.gradle.process.internal.worker.GradleWorkerMain.run(GradleWorkerMain.java:69)
  at worker.org.gradle.process.internal.worker.GradleWorkerMain.main(GradleWorkerMain.java:74)
</stacktrace>
</test-failure>


TypeScriptCompilerTests_P[jvm] > parseJsxElementInUnaryExpressionNoCrash1_ts has expected errors matching parseJsxElementInUnaryExpressionNoCrash1_errors_txt[jvm] FAILED

<test-failure test="com.xemantic.typescript.compiler.TypeScriptCompilerTests_P.prettyContextNotDebugAssertion_ts has expected errors matching prettyContextNotDebugAssertion_errors_txt" platform="jvm">
<message>
--- expected
+++ actual
@@ -1,18 +1,9 @@
-[96mindex.ts[0m:[93m2[0m:[93m1[0m - [91merror[0m[90m TS1005: [0m'}' expected.
+index.ts(2,1): error TS1005: '}' expected.
 
-[7m2[0m 
-[7m [0m [91m[0m
 
-  [96mindex.ts[0m:[93m1[0m:[93m11[0m
-    [7m1[0m if (true) {
-    [7m [0m [96m          ~[0m
-    The parser expected to find a '}' to match the '{' token here.
-
-
 ==== index.ts (1 errors) ====
     if (true) {
     
     
 !!! error TS1005: '}' expected.
 !!! related TS1007 index.ts:1:11: The parser expected to find a '}' to match the '{' token here.
-Found 1 error in index.ts[90m:2[0m

</message>
<stacktrace>
  at org.junit.Assert.fail(Assert.java:89)
  at kotlin.test.junit.JUnitAsserter.fail(JUnitSupport.kt:56)
  at kotlin.test.AssertionsKt__AssertionsKt.fail(Assertions.kt:563)
  at kotlin.test.AssertionsKt.fail(Unknown Source)
  at com.xemantic.kotlin.test.SameAsKt.sameAs(SameAs.kt:52)
  at com.xemantic.typescript.compiler.TypeScriptTestSupportKt.errorsMatchBaseline(TypeScriptTestSupport.kt:135)
  at com.xemantic.typescript.compiler.TypeScriptCompilerTests_P.prettyContextNotDebugAssertion_ts has expected errors matching prettyContextNotDebugAssertion_errors_txt(TypeScriptCompilerTests_P.kt:1470)
  at java.base/jdk.internal.reflect.DirectMethodHandleAccessor.invoke(DirectMethodHandleAccessor.java:104)
  at java.base/java.lang.reflect.Method.invoke(Method.java:565)
  at org.junit.runners.model.FrameworkMethod$1.runReflectiveCall(FrameworkMethod.java:59)
  at org.junit.internal.runners.model.ReflectiveCallable.run(ReflectiveCallable.java:12)
  at org.junit.runners.model.FrameworkMethod.invokeExplosively(FrameworkMethod.java:56)
  at org.junit.internal.runners.statements.InvokeMethod.evaluate(InvokeMethod.java:17)
  at org.junit.runners.ParentRunner$3.evaluate(ParentRunner.java:306)
  at org.junit.runners.BlockJUnit4ClassRunner$1.evaluate(BlockJUnit4ClassRunner.java:100)
  at org.junit.runners.ParentRunner.runLeaf(ParentRunner.java:366)
  at org.junit.runners.BlockJUnit4ClassRunner.runChild(BlockJUnit4ClassRunner.java:103)
  at org.junit.runners.BlockJUnit4ClassRunner.runChild(BlockJUnit4ClassRunner.java:63)
  at org.junit.runners.ParentRunner$4.run(ParentRunner.java:331)
  at org.junit.runners.ParentRunner$1.schedule(ParentRunner.java:79)
  at org.junit.runners.ParentRunner.runChildren(ParentRunner.java:329)
  at org.junit.runners.ParentRunner.access$100(ParentRunner.java:66)
  at org.junit.runners.ParentRunner$2.evaluate(ParentRunner.java:293)
  at org.junit.runners.ParentRunner$3.evaluate(ParentRunner.java:306)
  at org.junit.runners.ParentRunner.run(ParentRunner.java:413)
  at org.junit.runner.JUnitCore.run(JUnitCore.java:137)
  at org.junit.runner.JUnitCore.run(JUnitCore.java:115)
  at org.gradle.api.internal.tasks.testing.junit.JUnitTestExecutor.runRequest(JUnitTestExecutor.java:175)
  at org.gradle.api.internal.tasks.testing.junit.JUnitTestExecutor.accept(JUnitTestExecutor.java:84)
  at org.gradle.api.internal.tasks.testing.junit.JUnitTestExecutor.accept(JUnitTestExecutor.java:47)
  at org.gradle.api.internal.tasks.testing.junit.AbstractJUnitTestDefinitionProcessor.processTestDefinition(AbstractJUnitTestDefinitionProcessor.java:65)
  at org.gradle.api.internal.tasks.testing.SuiteTestDefinitionProcessor.processTestDefinition(SuiteTestDefinitionProcessor.java:54)
  at java.base/jdk.internal.reflect.DirectMethodHandleAccessor.invoke(DirectMethodHandleAccessor.java:104)
  at java.base/java.lang.reflect.Method.invoke(Method.java:565)
  at org.gradle.internal.dispatch.MethodInvocation.invokeOn(MethodInvocation.java:77)
  at org.gradle.internal.dispatch.ReflectionDispatch.dispatch(ReflectionDispatch.java:28)
  at org.gradle.internal.dispatch.ReflectionDispatch.dispatch(ReflectionDispatch.java:19)
  at org.gradle.internal.dispatch.ContextClassLoaderDispatch.dispatch(ContextClassLoaderDispatch.java:33)
  at org.gradle.internal.dispatch.ProxyDispatchAdapter$DispatchingInvocationHandler.invoke(ProxyDispatchAdapter.java:88)
  at jdk.proxy1/jdk.proxy1.$Proxy4.processTestDefinition(Unknown Source)
  at org.gradle.api.internal.tasks.testing.worker.TestWorker$2.run(TestWorker.java:178)
  at org.gradle.api.internal.tasks.testing.worker.TestWorker.executeAndMaintainThreadName(TestWorker.java:126)
  at org.gradle.api.internal.tasks.testing.worker.TestWorker.execute(TestWorker.java:103)
  at org.gradle.api.internal.tasks.testing.worker.TestWorker.execute(TestWorker.java:63)
  at org.gradle.process.internal.worker.child.ActionExecutionWorker.execute(ActionExecutionWorker.java:56)
  at org.gradle.process.internal.worker.child.SystemApplicationClassLoaderWorker.call(SystemApplicationClassLoaderWorker.java:122)
  at org.gradle.process.internal.worker.child.SystemApplicationClassLoaderWorker.call(SystemApplicationClassLoaderWorker.java:72)
  at worker.org.gradle.process.internal.worker.GradleWorkerMain.run(GradleWorkerMain.java:69)
  at worker.org.gradle.process.internal.worker.GradleWorkerMain.main(GradleWorkerMain.java:74)
</stacktrace>
</test-failure>


TypeScriptCompilerTests_P[jvm] > prettyContextNotDebugAssertion_ts has expected errors matching prettyContextNotDebugAssertion_errors_txt[jvm] FAILED

<test-failure test="com.xemantic.typescript.compiler.TypeScriptCompilerTests_P.parseInvalidNames_ts has expected errors matching parseInvalidNames_errors_txt" platform="jvm">
<message>
--- expected
+++ actual
@@ -1,73 +1,34 @@
-parseInvalidNames.ts(1,1): error TS2304: Cannot find name 'namespace'.
-parseInvalidNames.ts(1,11): error TS2819: Namespace name cannot be '100'.
-parseInvalidNames.ts(1,15): error TS1005: ';' expected.
-parseInvalidNames.ts(2,1): error TS2304: Cannot find name 'interface'.
-parseInvalidNames.ts(2,11): error TS2427: Interface name cannot be '100'.
-parseInvalidNames.ts(2,15): error TS1005: ';' expected.
-parseInvalidNames.ts(3,1): error TS2304: Cannot find name 'type'.
-parseInvalidNames.ts(3,6): error TS2457: Type alias name cannot be '100'.
-parseInvalidNames.ts(3,10): error TS1005: ';' expected.
-parseInvalidNames.ts(5,1): error TS1128: Declaration or statement expected.
-parseInvalidNames.ts(5,8): error TS2304: Cannot find name 'namespace'.
-parseInvalidNames.ts(5,18): error TS2819: Namespace name cannot be '100'.
-parseInvalidNames.ts(5,22): error TS1005: ';' expected.
-parseInvalidNames.ts(6,1): error TS1128: Declaration or statement expected.
-parseInvalidNames.ts(6,8): error TS2304: Cannot find name 'interface'.
-parseInvalidNames.ts(6,18): error TS2427: Interface name cannot be '100'.
-parseInvalidNames.ts(6,22): error TS1005: ';' expected.
-parseInvalidNames.ts(7,1): error TS1128: Declaration or statement expected.
-parseInvalidNames.ts(7,8): error TS2304: Cannot find name 'type'.
-parseInvalidNames.ts(7,13): error TS2457: Type alias name cannot be '100'.
-parseInvalidNames.ts(7,17): error TS1005: ';' expected.
+parseInvalidNames.ts(1,11): error TS2395: Individual declarations in merged declaration '' must be all exported or all local.
+parseInvalidNames.ts(1,11): error TS1003: Identifier expected.
+parseInvalidNames.ts(2,1): error TS1212: Identifier expected. 'interface' is a reserved word in strict mode.
+parseInvalidNames.ts(3,6): error TS1003: Identifier expected.
+parseInvalidNames.ts(5,18): error TS2395: Individual declarations in merged declaration '' must be all exported or all local.
+parseInvalidNames.ts(5,18): error TS1003: Identifier expected.
+parseInvalidNames.ts(6,18): error TS1003: Identifier expected.
+parseInvalidNames.ts(7,13): error TS1003: Identifier expected.
 
 
-==== parseInvalidNames.ts (21 errors) ====
+==== parseInvalidNames.ts (8 errors) ====
     namespace 100 {}
-    ~~~~~~~~~
-!!! error TS2304: Cannot find name 'namespace'.
               ~~~
-!!! error TS2819: Namespace name cannot be '100'.
-                  ~
-!!! error TS1005: ';' expected.
+!!! error TS1003: Identifier expected.
+              
+!!! error TS2395: Individual declarations in merged declaration '' must be all exported or all local.
     interface 100 {}
     ~~~~~~~~~
-!!! error TS2304: Cannot find name 'interface'.
-              ~~~
-!!! error TS2427: Interface name cannot be '100'.
-                  ~
-!!! error TS1005: ';' expected.
+!!! error TS1212: Identifier expected. 'interface' is a reserved word in strict mode.
     type 100 {}
-    ~~~~
-!!! error TS2304: Cannot find name 'type'.
          ~~~
-!!! error TS2457: Type alias name cannot be '100'.
-             ~
-!!! error TS1005: ';' expected.
+!!! error TS1003: Identifier expected.
     
     export namespace 100 {}
-    ~~~~~~
-!!! error TS1128: Declaration or statement expected.
-           ~~~~~~~~~
-!!! error TS2304: Cannot find name 'namespace'.
                      ~~~
-!!! error TS2819: Namespace name cannot be '100'.
-                         ~
-!!! error TS1005: ';' expected.
+!!! error TS1003: Identifier expected.
+                     
+!!! error TS2395: Individual declarations in merged declaration '' must be all exported or all local.
     export interface 100 {}
-    ~~~~~~
-!!! error TS1128: Declaration or statement expected.
-           ~~~~~~~~~
-!!! error TS2304: Cannot find name 'interface'.
                      ~~~
-!!! error TS2427: Interface name cannot be '100'.
-                         ~
-!!! error TS1005: ';' expected.
+!!! error TS1003: Identifier expected.
     export type 100 {}
-    ~~~~~~
-!!! error TS1128: Declaration or statement expected.
-           ~~~~
-!!! error TS2304: Cannot find name 'type'.
                 ~~~
-!!! error TS2457: Type alias name cannot be '100'.
-                    ~
-!!! error TS1005: ';' expected.
+!!! error TS1003: Identifier expected.

</message>
<stacktrace>
  at org.junit.Assert.fail(Assert.java:89)
  at kotlin.test.junit.JUnitAsserter.fail(JUnitSupport.kt:56)
  at kotlin.test.AssertionsKt__AssertionsKt.fail(Assertions.kt:563)
  at kotlin.test.AssertionsKt.fail(Unknown Source)
  at com.xemantic.kotlin.test.SameAsKt.sameAs(SameAs.kt:52)
  at com.xemantic.typescript.compiler.TypeScriptTestSupportKt.errorsMatchBaseline(TypeScriptTestSupport.kt:135)
  at com.xemantic.typescript.compiler.TypeScriptCompilerTests_P.parseInvalidNames_ts has expected errors matching parseInvalidNames_errors_txt(TypeScriptCompilerTests_P.kt:588)
  at java.base/jdk.internal.reflect.DirectMethodHandleAccessor.invoke(DirectMethodHandleAccessor.java:104)
  at java.base/java.lang.reflect.Method.invoke(Method.java:565)
  at org.junit.runners.model.FrameworkMethod$1.runReflectiveCall(FrameworkMethod.java:59)
  at org.junit.internal.runners.model.ReflectiveCallable.run(ReflectiveCallable.java:12)
  at org.junit.runners.model.FrameworkMethod.invokeExplosively(FrameworkMethod.java:56)
  at org.junit.internal.runners.statements.InvokeMethod.evaluate(InvokeMethod.java:17)
  at org.junit.runners.ParentRunner$3.evaluate(ParentRunner.java:306)
  at org.junit.runners.BlockJUnit4ClassRunner$1.evaluate(BlockJUnit4ClassRunner.java:100)
  at org.junit.runners.ParentRunner.runLeaf(ParentRunner.java:366)
  at org.junit.runners.BlockJUnit4ClassRunner.runChild(BlockJUnit4ClassRunner.java:103)
  at org.junit.runners.BlockJUnit4ClassRunner.runChild(BlockJUnit4ClassRunner.java:63)
  at org.junit.runners.ParentRunner$4.run(ParentRunner.java:331)
  at org.junit.runners.ParentRunner$1.schedule(ParentRunner.java:79)
  at org.junit.runners.ParentRunner.runChildren(ParentRunner.java:329)
  at org.junit.runners.ParentRunner.access$100(ParentRunner.java:66)
  at org.junit.runners.ParentRunner$2.evaluate(ParentRunner.java:293)
  at org.junit.runners.ParentRunner$3.evaluate(ParentRunner.java:306)
  at org.junit.runners.ParentRunner.run(ParentRunner.java:413)
  at org.junit.runner.JUnitCore.run(JUnitCore.java:137)
  at org.junit.runner.JUnitCore.run(JUnitCore.java:115)
  at org.gradle.api.internal.tasks.testing.junit.JUnitTestExecutor.runRequest(JUnitTestExecutor.java:175)
  at org.gradle.api.internal.tasks.testing.junit.JUnitTestExecutor.accept(JUnitTestExecutor.java:84)
  at org.gradle.api.internal.tasks.testing.junit.JUnitTestExecutor.accept(JUnitTestExecutor.java:47)
  at org.gradle.api.internal.tasks.testing.junit.AbstractJUnitTestDefinitionProcessor.processTestDefinition(AbstractJUnitTestDefinitionProcessor.java:65)
  at org.gradle.api.internal.tasks.testing.SuiteTestDefinitionProcessor.processTestDefinition(SuiteTestDefinitionProcessor.java:54)
  at java.base/jdk.internal.reflect.DirectMethodHandleAccessor.invoke(DirectMethodHandleAccessor.java:104)
  at java.base/java.lang.reflect.Method.invoke(Method.java:565)
  at org.gradle.internal.dispatch.MethodInvocation.invokeOn(MethodInvocation.java:77)
  at org.gradle.internal.dispatch.ReflectionDispatch.dispatch(ReflectionDispatch.java:28)
  at org.gradle.internal.dispatch.ReflectionDispatch.dispatch(ReflectionDispatch.java:19)
  at org.gradle.internal.dispatch.ContextClassLoaderDispatch.dispatch(ContextClassLoaderDispatch.java:33)
  at org.gradle.internal.dispatch.ProxyDispatchAdapter$DispatchingInvocationHandler.invoke(ProxyDispatchAdapter.java:88)
  at jdk.proxy1/jdk.proxy1.$Proxy4.processTestDefinition(Unknown Source)
  at org.gradle.api.internal.tasks.testing.worker.TestWorker$2.run(TestWorker.java:178)
  at org.gradle.api.internal.tasks.testing.worker.TestWorker.executeAndMaintainThreadName(TestWorker.java:126)
  at org.gradle.api.internal.tasks.testing.worker.TestWorker.execute(TestWorker.java:103)
  at org.gradle.api.internal.tasks.testing.worker.TestWorker.execute(TestWorker.java:63)
  at org.gradle.process.internal.worker.child.ActionExecutionWorker.execute(ActionExecutionWorker.java:56)
  at org.gradle.process.internal.worker.child.SystemApplicationClassLoaderWorker.call(SystemApplicationClassLoaderWorker.java:122)
  at org.gradle.process.internal.worker.child.SystemApplicationClassLoaderWorker.call(SystemApplicationClassLoaderWorker.java:72)
  at worker.org.gradle.process.internal.worker.GradleWorkerMain.run(GradleWorkerMain.java:69)
  at worker.org.gradle.process.internal.worker.GradleWorkerMain.main(GradleWorkerMain.java:74)
</stacktrace>
</test-failure>


TypeScriptCompilerTests_P[jvm] > parseInvalidNames_ts has expected errors matching parseInvalidNames_errors_txt[jvm] FAILED

<test-failure test="com.xemantic.typescript.compiler.TypeScriptCompilerTests_P.pathMappingBasedModuleResolution1_node_ts has expected errors matching pathMappingBasedModuleResolution1_node_errors_txt" platform="jvm">
<message>
Expected diagnostics from baseline typescript-repo/tests/baselines/reference/pathMappingBasedModuleResolution1_node.errors.txt but none produced
</message>
<stacktrace>
  at com.xemantic.typescript.compiler.TypeScriptTestSupportKt.errorsMatchBaseline(TypeScriptTestSupport.kt:125)
  at com.xemantic.typescript.compiler.TypeScriptCompilerTests_P.pathMappingBasedModuleResolution1_node_ts has expected errors matching pathMappingBasedModuleResolution1_node_errors_txt(TypeScriptCompilerTests_P.kt:917)
  at java.base/jdk.internal.reflect.DirectMethodHandleAccessor.invoke(DirectMethodHandleAccessor.java:104)
  at java.base/java.lang.reflect.Method.invoke(Method.java:565)
  at org.junit.runners.model.FrameworkMethod$1.runReflectiveCall(FrameworkMethod.java:59)
  at org.junit.internal.runners.model.ReflectiveCallable.run(ReflectiveCallable.java:12)
  at org.junit.runners.model.FrameworkMethod.invokeExplosively(FrameworkMethod.java:56)
  at org.junit.internal.runners.statements.InvokeMethod.evaluate(InvokeMethod.java:17)
  at org.junit.runners.ParentRunner$3.evaluate(ParentRunner.java:306)
  at org.junit.runners.BlockJUnit4ClassRunner$1.evaluate(BlockJUnit4ClassRunner.java:100)
  at org.junit.runners.ParentRunner.runLeaf(ParentRunner.java:366)
  at org.junit.runners.BlockJUnit4ClassRunner.runChild(BlockJUnit4ClassRunner.java:103)
  at org.junit.runners.BlockJUnit4ClassRunner.runChild(BlockJUnit4ClassRunner.java:63)
  at org.junit.runners.ParentRunner$4.run(ParentRunner.java:331)
  at org.junit.runners.ParentRunner$1.schedule(ParentRunner.java:79)
  at org.junit.runners.ParentRunner.runChildren(ParentRunner.java:329)
  at org.junit.runners.ParentRunner.access$100(ParentRunner.java:66)
  at org.junit.runners.ParentRunner$2.evaluate(ParentRunner.java:293)
  at org.junit.runners.ParentRunner$3.evaluate(ParentRunner.java:306)
  at org.junit.runners.ParentRunner.run(ParentRunner.java:413)
  at org.junit.runner.JUnitCore.run(JUnitCore.java:137)
  at org.junit.runner.JUnitCore.run(JUnitCore.java:115)
  at org.gradle.api.internal.tasks.testing.junit.JUnitTestExecutor.runRequest(JUnitTestExecutor.java:175)
  at org.gradle.api.internal.tasks.testing.junit.JUnitTestExecutor.accept(JUnitTestExecutor.java:84)
  at org.gradle.api.internal.tasks.testing.junit.JUnitTestExecutor.accept(JUnitTestExecutor.java:47)
  at org.gradle.api.internal.tasks.testing.junit.AbstractJUnitTestDefinitionProcessor.processTestDefinition(AbstractJUnitTestDefinitionProcessor.java:65)
  at org.gradle.api.internal.tasks.testing.SuiteTestDefinitionProcessor.processTestDefinition(SuiteTestDefinitionProcessor.java:54)
  at java.base/jdk.internal.reflect.DirectMethodHandleAccessor.invoke(DirectMethodHandleAccessor.java:104)
  at java.base/java.lang.reflect.Method.invoke(Method.java:565)
  at org.gradle.internal.dispatch.MethodInvocation.invokeOn(MethodInvocation.java:77)
  at org.gradle.internal.dispatch.ReflectionDispatch.dispatch(ReflectionDispatch.java:28)
  at org.gradle.internal.dispatch.ReflectionDispatch.dispatch(ReflectionDispatch.java:19)
  at org.gradle.internal.dispatch.ContextClassLoaderDispatch.dispatch(ContextClassLoaderDispatch.java:33)
  at org.gradle.internal.dispatch.ProxyDispatchAdapter$DispatchingInvocationHandler.invoke(ProxyDispatchAdapter.java:88)
  at jdk.proxy1/jdk.proxy1.$Proxy4.processTestDefinition(Unknown Source)
  at org.gradle.api.internal.tasks.testing.worker.TestWorker$2.run(TestWorker.java:178)
  at org.gradle.api.internal.tasks.testing.worker.TestWorker.executeAndMaintainThreadName(TestWorker.java:126)
  at org.gradle.api.internal.tasks.testing.worker.TestWorker.execute(TestWorker.java:103)
  at org.gradle.api.internal.tasks.testing.worker.TestWorker.execute(TestWorker.java:63)
  at org.gradle.process.internal.worker.child.ActionExecutionWorker.execute(ActionExecutionWorker.java:56)
  at org.gradle.process.internal.worker.child.SystemApplicationClassLoaderWorker.call(SystemApplicationClassLoaderWorker.java:122)
  at org.gradle.process.internal.worker.child.SystemApplicationClassLoaderWorker.call(SystemApplicationClassLoaderWorker.java:72)
  at worker.org.gradle.process.internal.worker.GradleWorkerMain.run(GradleWorkerMain.java:69)
  at worker.org.gradle.process.internal.worker.GradleWorkerMain.main(GradleWorkerMain.java:74)
</stacktrace>
</test-failure>


TypeScriptCompilerTests_P[jvm] > pathMappingBasedModuleResolution1_node_ts has expected errors matching pathMappingBasedModuleResolution1_node_errors_txt[jvm] FAILED

<test-failure test="com.xemantic.typescript.compiler.TypeScriptCompilerTests_P.propertyAccess1_ts has expected errors matching propertyAccess1_errors_txt" platform="jvm">
<message>
Expected diagnostics from baseline typescript-repo/tests/baselines/reference/propertyAccess1.errors.txt but none produced
</message>
<stacktrace>
  at com.xemantic.typescript.compiler.TypeScriptTestSupportKt.errorsMatchBaseline(TypeScriptTestSupport.kt:125)
  at com.xemantic.typescript.compiler.TypeScriptCompilerTests_P.propertyAccess1_ts has expected errors matching propertyAccess1_errors_txt(TypeScriptCompilerTests_P.kt:2604)
  at java.base/jdk.internal.reflect.DirectMethodHandleAccessor.invoke(DirectMethodHandleAccessor.java:104)
  at java.base/java.lang.reflect.Method.invoke(Method.java:565)
  at org.junit.runners.model.FrameworkMethod$1.runReflectiveCall(FrameworkMethod.java:59)
  at org.junit.internal.runners.model.ReflectiveCallable.run(ReflectiveCallable.java:12)
  at org.junit.runners.model.FrameworkMethod.invokeExplosively(FrameworkMethod.java:56)
  at org.junit.internal.runners.statements.InvokeMethod.evaluate(InvokeMethod.java:17)
  at org.junit.runners.ParentRunner$3.evaluate(ParentRunner.java:306)
  at org.junit.runners.BlockJUnit4ClassRunner$1.evaluate(BlockJUnit4ClassRunner.java:100)
  at org.junit.runners.ParentRunner.runLeaf(ParentRunner.java:366)
  at org.junit.runners.BlockJUnit4ClassRunner.runChild(BlockJUnit4ClassRunner.java:103)
  at org.junit.runners.BlockJUnit4ClassRunner.runChild(BlockJUnit4ClassRunner.java:63)
  at org.junit.runners.ParentRunner$4.run(ParentRunner.java:331)
  at org.junit.runners.ParentRunner$1.schedule(ParentRunner.java:79)
  at org.junit.runners.ParentRunner.runChildren(ParentRunner.java:329)
  at org.junit.runners.ParentRunner.access$100(ParentRunner.java:66)
  at org.junit.runners.ParentRunner$2.evaluate(ParentRunner.java:293)
  at org.junit.runners.ParentRunner$3.evaluate(ParentRunner.java:306)
  at org.junit.runners.ParentRunner.run(ParentRunner.java:413)
  at org.junit.runner.JUnitCore.run(JUnitCore.java:137)
  at org.junit.runner.JUnitCore.run(JUnitCore.java:115)
  at org.gradle.api.internal.tasks.testing.junit.JUnitTestExecutor.runRequest(JUnitTestExecutor.java:175)
  at org.gradle.api.internal.tasks.testing.junit.JUnitTestExecutor.accept(JUnitTestExecutor.java:84)
  at org.gradle.api.internal.tasks.testing.junit.JUnitTestExecutor.accept(JUnitTestExecutor.java:47)
  at org.gradle.api.internal.tasks.testing.junit.AbstractJUnitTestDefinitionProcessor.processTestDefinition(AbstractJUnitTestDefinitionProcessor.java:65)
  at org.gradle.api.internal.tasks.testing.SuiteTestDefinitionProcessor.processTestDefinition(SuiteTestDefinitionProcessor.java:54)
  at java.base/jdk.internal.reflect.DirectMethodHandleAccessor.invoke(DirectMethodHandleAccessor.java:104)
  at java.base/java.lang.reflect.Method.invoke(Method.java:565)
  at org.gradle.internal.dispatch.MethodInvocation.invokeOn(MethodInvocation.java:77)
  at org.gradle.internal.dispatch.ReflectionDispatch.dispatch(ReflectionDispatch.java:28)
  at org.gradle.internal.dispatch.ReflectionDispatch.dispatch(ReflectionDispatch.java:19)
  at org.gradle.internal.dispatch.ContextClassLoaderDispatch.dispatch(ContextClassLoaderDispatch.java:33)
  at org.gradle.internal.dispatch.ProxyDispatchAdapter$DispatchingInvocationHandler.invoke(ProxyDispatchAdapter.java:88)
  at jdk.proxy1/jdk.proxy1.$Proxy4.processTestDefinition(Unknown Source)
  at org.gradle.api.internal.tasks.testing.worker.TestWorker$2.run(TestWorker.java:178)
  at org.gradle.api.internal.tasks.testing.worker.TestWorker.executeAndMaintainThreadName(TestWorker.java:126)
  at org.gradle.api.internal.tasks.testing.worker.TestWorker.execute(TestWorker.java:103)
  at org.gradle.api.internal.tasks.testing.worker.TestWorker.execute(TestWorker.java:63)
  at org.gradle.process.internal.worker.child.ActionExecutionWorker.execute(ActionExecutionWorker.java:56)
  at org.gradle.process.internal.worker.child.SystemApplicationClassLoaderWorker.call(SystemApplicationClassLoaderWorker.java:122)
  at org.gradle.process.internal.worker.child.SystemApplicationClassLoaderWorker.call(SystemApplicationClassLoaderWorker.java:72)
  at worker.org.gradle.process.internal.worker.GradleWorkerMain.run(GradleWorkerMain.java:69)
  at worker.org.gradle.process.internal.worker.GradleWorkerMain.main(GradleWorkerMain.java:74)
</stacktrace>
</test-failure>


TypeScriptCompilerTests_P[jvm] > propertyAccess1_ts has expected errors matching propertyAccess1_errors_txt[jvm] FAILED

<test-failure test="com.xemantic.typescript.compiler.TypeScriptCompilerTests_P.privateInterfaceProperties_ts has expected errors matching privateInterfaceProperties_errors_txt" platform="jvm">
<message>
--- expected
+++ actual
@@ -1,17 +1,12 @@
-privateInterfaceProperties.ts(4,7): error TS2420: Class 'c1' incorrectly implements interface 'i1'.
-  Property 'name' is private in type 'c1' but not in type 'i1'.
 privateInterfaceProperties.ts(4,34): error TS2564: Property 'name' has no initializer and is not definitely assigned in the constructor.
 privateInterfaceProperties.ts(7,33): error TS2564: Property 'name' has no initializer and is not definitely assigned in the constructor.
 
 
-==== privateInterfaceProperties.ts (3 errors) ====
+==== privateInterfaceProperties.ts (2 errors) ====
     interface i1 { name:string; }
      
     // should be an error 
     class c1 implements i1 { private name:string; }
-          ~~
-!!! error TS2420: Class 'c1' incorrectly implements interface 'i1'.
-!!! error TS2420:   Property 'name' is private in type 'c1' but not in type 'i1'.
                                      ~~~~
 !!! error TS2564: Property 'name' has no initializer and is not definitely assigned in the constructor.
      

</message>
<stacktrace>
  at org.junit.Assert.fail(Assert.java:89)
  at kotlin.test.junit.JUnitAsserter.fail(JUnitSupport.kt:56)
  at kotlin.test.AssertionsKt__AssertionsKt.fail(Assertions.kt:563)
  at kotlin.test.AssertionsKt.fail(Unknown Source)
  at com.xemantic.kotlin.test.SameAsKt.sameAs(SameAs.kt:52)
  at com.xemantic.typescript.compiler.TypeScriptTestSupportKt.errorsMatchBaseline(TypeScriptTestSupport.kt:135)
  at com.xemantic.typescript.compiler.TypeScriptCompilerTests_P.privateInterfaceProperties_ts has expected errors matching privateInterfaceProperties_errors_txt(TypeScriptCompilerTests_P.kt:2184)
  at java.base/jdk.internal.reflect.DirectMethodHandleAccessor.invoke(DirectMethodHandleAccessor.java:104)
  at java.base/java.lang.reflect.Method.invoke(Method.java:565)
  at org.junit.runners.model.FrameworkMethod$1.runReflectiveCall(FrameworkMethod.java:59)
  at org.junit.internal.runners.model.ReflectiveCallable.run(ReflectiveCallable.java:12)
  at org.junit.runners.model.FrameworkMethod.invokeExplosively(FrameworkMethod.java:56)
  at org.junit.internal.runners.statements.InvokeMethod.evaluate(InvokeMethod.java:17)
  at org.junit.runners.ParentRunner$3.evaluate(ParentRunner.java:306)
  at org.junit.runners.BlockJUnit4ClassRunner$1.evaluate(BlockJUnit4ClassRunner.java:100)
  at org.junit.runners.ParentRunner.runLeaf(ParentRunner.java:366)
  at org.junit.runners.BlockJUnit4ClassRunner.runChild(BlockJUnit4ClassRunner.java:103)
  at org.junit.runners.BlockJUnit4ClassRunner.runChild(BlockJUnit4ClassRunner.java:63)
  at org.junit.runners.ParentRunner$4.run(ParentRunner.java:331)
  at org.junit.runners.ParentRunner$1.schedule(ParentRunner.java:79)
  at org.junit.runners.ParentRunner.runChildren(ParentRunner.java:329)
  at org.junit.runners.ParentRunner.access$100(ParentRunner.java:66)
  at org.junit.runners.ParentRunner$2.evaluate(ParentRunner.java:293)
  at org.junit.runners.ParentRunner$3.evaluate(ParentRunner.java:306)
  at org.junit.runners.ParentRunner.run(ParentRunner.java:413)
  at org.junit.runner.JUnitCore.run(JUnitCore.java:137)
  at org.junit.runner.JUnitCore.run(JUnitCore.java:115)
  at org.gradle.api.internal.tasks.testing.junit.JUnitTestExecutor.runRequest(JUnitTestExecutor.java:175)
  at org.gradle.api.internal.tasks.testing.junit.JUnitTestExecutor.accept(JUnitTestExecutor.java:84)
  at org.gradle.api.internal.tasks.testing.junit.JUnitTestExecutor.accept(JUnitTestExecutor.java:47)
  at org.gradle.api.internal.tasks.testing.junit.AbstractJUnitTestDefinitionProcessor.processTestDefinition(AbstractJUnitTestDefinitionProcessor.java:65)
  at org.gradle.api.internal.tasks.testing.SuiteTestDefinitionProcessor.processTestDefinition(SuiteTestDefinitionProcessor.java:54)
  at java.base/jdk.internal.reflect.DirectMethodHandleAccessor.invoke(DirectMethodHandleAccessor.java:104)
  at java.base/java.lang.reflect.Method.invoke(Method.java:565)
  at org.gradle.internal.dispatch.MethodInvocation.invokeOn(MethodInvocation.java:77)
  at org.gradle.internal.dispatch.ReflectionDispatch.dispatch(ReflectionDispatch.java:28)
  at org.gradle.internal.dispatch.ReflectionDispatch.dispatch(ReflectionDispatch.java:19)
  at org.gradle.internal.dispatch.ContextClassLoaderDispatch.dispatch(ContextClassLoaderDispatch.java:33)
  at org.gradle.internal.dispatch.ProxyDispatchAdapter$DispatchingInvocationHandler.invoke(ProxyDispatchAdapter.java:88)
  at jdk.proxy1/jdk.proxy1.$Proxy4.processTestDefinition(Unknown Source)
  at org.gradle.api.internal.tasks.testing.worker.TestWorker$2.run(TestWorker.java:178)
  at org.gradle.api.internal.tasks.testing.worker.TestWorker.executeAndMaintainThreadName(TestWorker.java:126)
  at org.gradle.api.internal.tasks.testing.worker.TestWorker.execute(TestWorker.java:103)
  at org.gradle.api.internal.tasks.testing.worker.TestWorker.execute(TestWorker.java:63)
  at org.gradle.process.internal.worker.child.ActionExecutionWorker.execute(ActionExecutionWorker.java:56)
  at org.gradle.process.internal.worker.child.SystemApplicationClassLoaderWorker.call(SystemApplicationClassLoaderWorker.java:122)
  at org.gradle.process.internal.worker.child.SystemApplicationClassLoaderWorker.call(SystemApplicationClassLoaderWorker.java:72)
  at worker.org.gradle.process.internal.worker.GradleWorkerMain.run(GradleWorkerMain.java:69)
  at worker.org.gradle.process.internal.worker.GradleWorkerMain.main(GradleWorkerMain.java:74)
</stacktrace>
</test-failure>


TypeScriptCompilerTests_P[jvm] > privateInterfaceProperties_ts has expected errors matching privateInterfaceProperties_errors_txt[jvm] FAILED

<test-failure test="com.xemantic.typescript.compiler.TypeScriptCompilerTests_P.parameterDecoratorsEmitCrash_ts has expected errors matching parameterDecoratorsEmitCrash_errors_txt" platform="jvm">
<message>
Expected diagnostics from baseline typescript-repo/tests/baselines/reference/parameterDecoratorsEmitCrash.errors.txt but none produced
</message>
<stacktrace>
  at com.xemantic.typescript.compiler.TypeScriptTestSupportKt.errorsMatchBaseline(TypeScriptTestSupport.kt:125)
  at com.xemantic.typescript.compiler.TypeScriptCompilerTests_P.parameterDecoratorsEmitCrash_ts has expected errors matching parameterDecoratorsEmitCrash_errors_txt(TypeScriptCompilerTests_P.kt:119)
  at java.base/jdk.internal.reflect.DirectMethodHandleAccessor.invoke(DirectMethodHandleAccessor.java:104)
  at java.base/java.lang.reflect.Method.invoke(Method.java:565)
  at org.junit.runners.model.FrameworkMethod$1.runReflectiveCall(FrameworkMethod.java:59)
  at org.junit.internal.runners.model.ReflectiveCallable.run(ReflectiveCallable.java:12)
  at org.junit.runners.model.FrameworkMethod.invokeExplosively(FrameworkMethod.java:56)
  at org.junit.internal.runners.statements.InvokeMethod.evaluate(InvokeMethod.java:17)
  at org.junit.runners.ParentRunner$3.evaluate(ParentRunner.java:306)
  at org.junit.runners.BlockJUnit4ClassRunner$1.evaluate(BlockJUnit4ClassRunner.java:100)
  at org.junit.runners.ParentRunner.runLeaf(ParentRunner.java:366)
  at org.junit.runners.BlockJUnit4ClassRunner.runChild(BlockJUnit4ClassRunner.java:103)
  at org.junit.runners.BlockJUnit4ClassRunner.runChild(BlockJUnit4ClassRunner.java:63)
  at org.junit.runners.ParentRunner$4.run(ParentRunner.java:331)
  at org.junit.runners.ParentRunner$1.schedule(ParentRunner.java:79)
  at org.junit.runners.ParentRunner.runChildren(ParentRunner.java:329)
  at org.junit.runners.ParentRunner.access$100(ParentRunner.java:66)
  at org.junit.runners.ParentRunner$2.evaluate(ParentRunner.java:293)
  at org.junit.runners.ParentRunner$3.evaluate(ParentRunner.java:306)
  at org.junit.runners.ParentRunner.run(ParentRunner.java:413)
  at org.junit.runner.JUnitCore.run(JUnitCore.java:137)
  at org.junit.runner.JUnitCore.run(JUnitCore.java:115)
  at org.gradle.api.internal.tasks.testing.junit.JUnitTestExecutor.runRequest(JUnitTestExecutor.java:175)
  at org.gradle.api.internal.tasks.testing.junit.JUnitTestExecutor.accept(JUnitTestExecutor.java:84)
  at org.gradle.api.internal.tasks.testing.junit.JUnitTestExecutor.accept(JUnitTestExecutor.java:47)
  at org.gradle.api.internal.tasks.testing.junit.AbstractJUnitTestDefinitionProcessor.processTestDefinition(AbstractJUnitTestDefinitionProcessor.java:65)
  at org.gradle.api.internal.tasks.testing.SuiteTestDefinitionProcessor.processTestDefinition(SuiteTestDefinitionProcessor.java:54)
  at java.base/jdk.internal.reflect.DirectMethodHandleAccessor.invoke(DirectMethodHandleAccessor.java:104)
  at java.base/java.lang.reflect.Method.invoke(Method.java:565)
  at org.gradle.internal.dispatch.MethodInvocation.invokeOn(MethodInvocation.java:77)
  at org.gradle.internal.dispatch.ReflectionDispatch.dispatch(ReflectionDispatch.java:28)
  at org.gradle.internal.dispatch.ReflectionDispatch.dispatch(ReflectionDispatch.java:19)
  at org.gradle.internal.dispatch.ContextClassLoaderDispatch.dispatch(ContextClassLoaderDispatch.java:33)
  at org.gradle.internal.dispatch.ProxyDispatchAdapter$DispatchingInvocationHandler.invoke(ProxyDispatchAdapter.java:88)
  at jdk.proxy1/jdk.proxy1.$Proxy4.processTestDefinition(Unknown Source)
  at org.gradle.api.internal.tasks.testing.worker.TestWorker$2.run(TestWorker.java:178)
  at org.gradle.api.internal.tasks.testing.worker.TestWorker.executeAndMaintainThreadName(TestWorker.java:126)
  at org.gradle.api.internal.tasks.testing.worker.TestWorker.execute(TestWorker.java:103)
  at org.gradle.api.internal.tasks.testing.worker.TestWorker.execute(TestWorker.java:63)
  at org.gradle.process.internal.worker.child.ActionExecutionWorker.execute(ActionExecutionWorker.java:56)
  at org.gradle.process.internal.worker.child.SystemApplicationClassLoaderWorker.call(SystemApplicationClassLoaderWorker.java:122)
  at org.gradle.process.internal.worker.child.SystemApplicationClassLoaderWorker.call(SystemApplicationClassLoaderWorker.java:72)
  at worker.org.gradle.process.internal.worker.GradleWorkerMain.run(GradleWorkerMain.java:69)
  at worker.org.gradle.process.internal.worker.GradleWorkerMain.main(GradleWorkerMain.java:74)
</stacktrace>
</test-failure>


TypeScriptCompilerTests_P[jvm] > parameterDecoratorsEmitCrash_ts has expected errors matching parameterDecoratorsEmitCrash_errors_txt[jvm] FAILED

<test-failure test="com.xemantic.typescript.compiler.TypeScriptCompilerTests_P.pathMappingBasedModuleResolution4_classic_ts compiles to JavaScript matching pathMappingBasedModuleResolution4_classic_js" platform="jvm">
<message>
--- expected
+++ actual
@@ -1,7 +1,5 @@
 //// [tests/cases/compiler/pathMappingBasedModuleResolution4_classic.ts] ////
 
-//// [file4.ts]
-export var y = 100;
 //// [file1.ts]
 import {x} from "folder2/file2"
 declare function use(a: any): void;
@@ -15,7 +13,15 @@
 //// [file3.ts]
 export var x = 1;
 
+//// [file4.ts]
+export var y = 100;
 
+//// [file1.js]
+define(["require", "exports", "folder2/file2"], function (require, exports, file2_1) {
+    "use strict";
+    Object.defineProperty(exports, "__esModule", { value: true });
+    use(file2_1.x.toExponential());
+});
 //// [file3.js]
 define(["require", "exports"], function (require, exports) {
     "use strict";
@@ -23,13 +29,6 @@
     exports.x = void 0;
     exports.x = 1;
 });
-//// [file4.js]
-define(["require", "exports"], function (require, exports) {
-    "use strict";
-    Object.defineProperty(exports, "__esModule", { value: true });
-    exports.y = void 0;
-    exports.y = 100;
-});
 //// [file2.js]
 define(["require", "exports", "./file3", "file4"], function (require, exports, file3_1, file4_1) {
     "use strict";
@@ -37,9 +36,10 @@
     exports.x = void 0;
     exports.x = file3_1.x + file4_1.y;
 });
-//// [file1.js]
-define(["require", "exports", "folder2/file2"], function (require, exports, file2_1) {
+//// [file4.js]
+define(["require", "exports"], function (require, exports) {
     "use strict";
     Object.defineProperty(exports, "__esModule", { value: true });
-    use(file2_1.x.toExponential());
+    exports.y = void 0;
+    exports.y = 100;
 });

</message>
<stacktrace>
  at org.junit.Assert.fail(Assert.java:89)
  at kotlin.test.junit.JUnitAsserter.fail(JUnitSupport.kt:56)
  at kotlin.test.AssertionsKt__AssertionsKt.fail(Assertions.kt:563)
  at kotlin.test.AssertionsKt.fail(Unknown Source)
  at com.xemantic.kotlin.test.SameAsKt.sameAs(SameAs.kt:52)
  at com.xemantic.typescript.compiler.TypeScriptTestSupportKt.sameAs(TypeScriptTestSupport.kt:99)
  at com.xemantic.typescript.compiler.TypeScriptCompilerTests_P.pathMappingBasedModuleResolution4_classic_ts compiles to JavaScript matching pathMappingBasedModuleResolution4_classic_js(TypeScriptCompilerTests_P.kt:980)
  at java.base/jdk.internal.reflect.DirectMethodHandleAccessor.invoke(DirectMethodHandleAccessor.java:104)
  at java.base/java.lang.reflect.Method.invoke(Method.java:565)
  at org.junit.runners.model.FrameworkMethod$1.runReflectiveCall(FrameworkMethod.java:59)
  at org.junit.internal.runners.model.ReflectiveCallable.run(ReflectiveCallable.java:12)
  at org.junit.runners.model.FrameworkMethod.invokeExplosively(FrameworkMethod.java:56)
  at org.junit.internal.runners.statements.InvokeMethod.evaluate(InvokeMethod.java:17)
  at org.junit.runners.ParentRunner$3.evaluate(ParentRunner.java:306)
  at org.junit.runners.BlockJUnit4ClassRunner$1.evaluate(BlockJUnit4ClassRunner.java:100)
  at org.junit.runners.ParentRunner.runLeaf(ParentRunner.java:366)
  at org.junit.runners.BlockJUnit4ClassRunner.runChild(BlockJUnit4ClassRunner.java:103)
  at org.junit.runners.BlockJUnit4ClassRunner.runChild(BlockJUnit4ClassRunner.java:63)
  at org.junit.runners.ParentRunner$4.run(ParentRunner.java:331)
  at org.junit.runners.ParentRunner$1.schedule(ParentRunner.java:79)
  at org.junit.runners.ParentRunner.runChildren(ParentRunner.java:329)
  at org.junit.runners.ParentRunner.access$100(ParentRunner.java:66)
  at org.junit.runners.ParentRunner$2.evaluate(ParentRunner.java:293)
  at org.junit.runners.ParentRunner$3.evaluate(ParentRunner.java:306)
  at org.junit.runners.ParentRunner.run(ParentRunner.java:413)
  at org.junit.runner.JUnitCore.run(JUnitCore.java:137)
  at org.junit.runner.JUnitCore.run(JUnitCore.java:115)
  at org.gradle.api.internal.tasks.testing.junit.JUnitTestExecutor.runRequest(JUnitTestExecutor.java:175)
  at org.gradle.api.internal.tasks.testing.junit.JUnitTestExecutor.accept(JUnitTestExecutor.java:84)
  at org.gradle.api.internal.tasks.testing.junit.JUnitTestExecutor.accept(JUnitTestExecutor.java:47)
  at org.gradle.api.internal.tasks.testing.junit.AbstractJUnitTestDefinitionProcessor.processTestDefinition(AbstractJUnitTestDefinitionProcessor.java:65)
  at org.gradle.api.internal.tasks.testing.SuiteTestDefinitionProcessor.processTestDefinition(SuiteTestDefinitionProcessor.java:54)
  at java.base/jdk.internal.reflect.DirectMethodHandleAccessor.invoke(DirectMethodHandleAccessor.java:104)
  at java.base/java.lang.reflect.Method.invoke(Method.java:565)
  at org.gradle.internal.dispatch.MethodInvocation.invokeOn(MethodInvocation.java:77)
  at org.gradle.internal.dispatch.ReflectionDispatch.dispatch(ReflectionDispatch.java:28)
  at org.gradle.internal.dispatch.ReflectionDispatch.dispatch(ReflectionDispatch.java:19)
  at org.gradle.internal.dispatch.ContextClassLoaderDispatch.dispatch(ContextClassLoaderDispatch.java:33)
  at org.gradle.internal.dispatch.ProxyDispatchAdapter$DispatchingInvocationHandler.invoke(ProxyDispatchAdapter.java:88)
  at jdk.proxy1/jdk.proxy1.$Proxy4.processTestDefinition(Unknown Source)
  at org.gradle.api.internal.tasks.testing.worker.TestWorker$2.run(TestWorker.java:178)
  at org.gradle.api.internal.tasks.testing.worker.TestWorker.executeAndMaintainThreadName(TestWorker.java:126)
  at org.gradle.api.internal.tasks.testing.worker.TestWorker.execute(TestWorker.java:103)
  at org.gradle.api.internal.tasks.testing.worker.TestWorker.execute(TestWorker.java:63)
  at org.gradle.process.internal.worker.child.ActionExecutionWorker.execute(ActionExecutionWorker.java:56)
  at org.gradle.process.internal.worker.child.SystemApplicationClassLoaderWorker.call(SystemApplicationClassLoaderWorker.java:122)
  at org.gradle.process.internal.worker.child.SystemApplicationClassLoaderWorker.call(SystemApplicationClassLoaderWorker.java:72)
  at worker.org.gradle.process.internal.worker.GradleWorkerMain.run(GradleWorkerMain.java:69)
  at worker.org.gradle.process.internal.worker.GradleWorkerMain.main(GradleWorkerMain.java:74)
</stacktrace>
</test-failure>


TypeScriptCompilerTests_P[jvm] > pathMappingBasedModuleResolution4_classic_ts compiles to JavaScript matching pathMappingBasedModuleResolution4_classic_js[jvm] FAILED

<test-failure test="com.xemantic.typescript.compiler.TypeScriptCompilerTests_P.promiseDefinitionTest_ts__target_es2015__has expected errors matching baseline" platform="jvm">
<message>
Expected diagnostics from baseline typescript-repo/tests/baselines/reference/promiseDefinitionTest(target=es2015).errors.txt but none produced
</message>
<stacktrace>
  at com.xemantic.typescript.compiler.TypeScriptTestSupportKt.errorsMatchBaseline(TypeScriptTestSupport.kt:125)
  at com.xemantic.typescript.compiler.TypeScriptCompilerTests_P.promiseDefinitionTest_ts__target_es2015__has expected errors matching baseline(TypeScriptCompilerTests_P.kt:2296)
  at java.base/jdk.internal.reflect.DirectMethodHandleAccessor.invoke(DirectMethodHandleAccessor.java:104)
  at java.base/java.lang.reflect.Method.invoke(Method.java:565)
  at org.junit.runners.model.FrameworkMethod$1.runReflectiveCall(FrameworkMethod.java:59)
  at org.junit.internal.runners.model.ReflectiveCallable.run(ReflectiveCallable.java:12)
  at org.junit.runners.model.FrameworkMethod.invokeExplosively(FrameworkMethod.java:56)
  at org.junit.internal.runners.statements.InvokeMethod.evaluate(InvokeMethod.java:17)
  at org.junit.runners.ParentRunner$3.evaluate(ParentRunner.java:306)
  at org.junit.runners.BlockJUnit4ClassRunner$1.evaluate(BlockJUnit4ClassRunner.java:100)
  at org.junit.runners.ParentRunner.runLeaf(ParentRunner.java:366)
  at org.junit.runners.BlockJUnit4ClassRunner.runChild(BlockJUnit4ClassRunner.java:103)
  at org.junit.runners.BlockJUnit4ClassRunner.runChild(BlockJUnit4ClassRunner.java:63)
  at org.junit.runners.ParentRunner$4.run(ParentRunner.java:331)
  at org.junit.runners.ParentRunner$1.schedule(ParentRunner.java:79)
  at org.junit.runners.ParentRunner.runChildren(ParentRunner.java:329)
  at org.junit.runners.ParentRunner.access$100(ParentRunner.java:66)
  at org.junit.runners.ParentRunner$2.evaluate(ParentRunner.java:293)
  at org.junit.runners.ParentRunner$3.evaluate(ParentRunner.java:306)
  at org.junit.runners.ParentRunner.run(ParentRunner.java:413)
  at org.junit.runner.JUnitCore.run(JUnitCore.java:137)
  at org.junit.runner.JUnitCore.run(JUnitCore.java:115)
  at org.gradle.api.internal.tasks.testing.junit.JUnitTestExecutor.runRequest(JUnitTestExecutor.java:175)
  at org.gradle.api.internal.tasks.testing.junit.JUnitTestExecutor.accept(JUnitTestExecutor.java:84)
  at org.gradle.api.internal.tasks.testing.junit.JUnitTestExecutor.accept(JUnitTestExecutor.java:47)
  at org.gradle.api.internal.tasks.testing.junit.AbstractJUnitTestDefinitionProcessor.processTestDefinition(AbstractJUnitTestDefinitionProcessor.java:65)
  at org.gradle.api.internal.tasks.testing.SuiteTestDefinitionProcessor.processTestDefinition(SuiteTestDefinitionProcessor.java:54)
  at java.base/jdk.internal.reflect.DirectMethodHandleAccessor.invoke(DirectMethodHandleAccessor.java:104)
  at java.base/java.lang.reflect.Method.invoke(Method.java:565)
  at org.gradle.internal.dispatch.MethodInvocation.invokeOn(MethodInvocation.java:77)
  at org.gradle.internal.dispatch.ReflectionDispatch.dispatch(ReflectionDispatch.java:28)
  at org.gradle.internal.dispatch.ReflectionDispatch.dispatch(ReflectionDispatch.java:19)
  at org.gradle.internal.dispatch.ContextClassLoaderDispatch.dispatch(ContextClassLoaderDispatch.java:33)
  at org.gradle.internal.dispatch.ProxyDispatchAdapter$DispatchingInvocationHandler.invoke(ProxyDispatchAdapter.java:88)
  at jdk.proxy1/jdk.proxy1.$Proxy4.processTestDefinition(Unknown Source)
  at org.gradle.api.internal.tasks.testing.worker.TestWorker$2.run(TestWorker.java:178)
  at org.gradle.api.internal.tasks.testing.worker.TestWorker.executeAndMaintainThreadName(TestWorker.java:126)
  at org.gradle.api.internal.tasks.testing.worker.TestWorker.execute(TestWorker.java:103)
  at org.gradle.api.internal.tasks.testing.worker.TestWorker.execute(TestWorker.java:63)
  at org.gradle.process.internal.worker.child.ActionExecutionWorker.execute(ActionExecutionWorker.java:56)
  at org.gradle.process.internal.worker.child.SystemApplicationClassLoaderWorker.call(SystemApplicationClassLoaderWorker.java:122)
  at org.gradle.process.internal.worker.child.SystemApplicationClassLoaderWorker.call(SystemApplicationClassLoaderWorker.java:72)
  at worker.org.gradle.process.internal.worker.GradleWorkerMain.run(GradleWorkerMain.java:69)
  at worker.org.gradle.process.internal.worker.GradleWorkerMain.main(GradleWorkerMain.java:74)
</stacktrace>
</test-failure>


TypeScriptCompilerTests_P[jvm] > promiseDefinitionTest_ts__target_es2015__has expected errors matching baseline[jvm] FAILED

<test-failure test="com.xemantic.typescript.compiler.TypeScriptCompilerTests_P.parserUnparsedTokenCrash2_ts has expected errors matching parserUnparsedTokenCrash2_errors_txt" platform="jvm">
<message>
--- expected
+++ actual
@@ -1,29 +1,29 @@
+parserUnparsedTokenCrash2.ts(1,1): error TS1203: Export assignment cannot be used when targeting ECMAScript modules. Consider using 'export default' or another module format instead.
 parserUnparsedTokenCrash2.ts(1,10): error TS1109: Expression expected.
 parserUnparsedTokenCrash2.ts(1,12): error TS2304: Cannot find name 'x'.
-parserUnparsedTokenCrash2.ts(1,16): error TS2364: The left-hand side of an assignment expression must be a variable or a property access.
 parserUnparsedTokenCrash2.ts(1,18): error TS2304: Cannot find name 'y'.
 parserUnparsedTokenCrash2.ts(1,22): error TS2304: Cannot find name 'z'.
+parserUnparsedTokenCrash2.ts(1,22): error TS2364: The left-hand side of an assignment expression must be a variable or a property access.
 parserUnparsedTokenCrash2.ts(1,27): error TS1109: Expression expected.
-parserUnparsedTokenCrash2.ts(1,39): error TS1005: ';' expected.
 parserUnparsedTokenCrash2.ts(2,1): error TS1005: '}' expected.
 
 
 ==== parserUnparsedTokenCrash2.ts (8 errors) ====
     export = } x = ( y = z ==== 'function') {
+    ~~~~~~~~~~~~~~~~~~~~~~~~~~~~~~~~~~~~~~~~~
+!!! error TS1203: Export assignment cannot be used when targeting ECMAScript modules. Consider using 'export default' or another module format instead.
              ~
 !!! error TS1109: Expression expected.
                ~
 !!! error TS2304: Cannot find name 'x'.
-                   ~~~~~~~~~~~
-!!! error TS2364: The left-hand side of an assignment expression must be a variable or a property access.
                      ~
 !!! error TS2304: Cannot find name 'y'.
                          ~
 !!! error TS2304: Cannot find name 'z'.
+                         ~~~~~
+!!! error TS2364: The left-hand side of an assignment expression must be a variable or a property access.
                               ~
 !!! error TS1109: Expression expected.
-                                          ~
-!!! error TS1005: ';' expected.
     
     
 !!! error TS1005: '}' expected.

</message>
<stacktrace>
  at org.junit.Assert.fail(Assert.java:89)
  at kotlin.test.junit.JUnitAsserter.fail(JUnitSupport.kt:56)
  at kotlin.test.AssertionsKt__AssertionsKt.fail(Assertions.kt:563)
  at kotlin.test.AssertionsKt.fail(Unknown Source)
  at com.xemantic.kotlin.test.SameAsKt.sameAs(SameAs.kt:52)
  at com.xemantic.typescript.compiler.TypeScriptTestSupportKt.errorsMatchBaseline(TypeScriptTestSupport.kt:135)
  at com.xemantic.typescript.compiler.TypeScriptCompilerTests_P.parserUnparsedTokenCrash2_ts has expected errors matching parserUnparsedTokenCrash2_errors_txt(TypeScriptCompilerTests_P.kt:826)
  at java.base/jdk.internal.reflect.DirectMethodHandleAccessor.invoke(DirectMethodHandleAccessor.java:104)
  at java.base/java.lang.reflect.Method.invoke(Method.java:565)
  at org.junit.runners.model.FrameworkMethod$1.runReflectiveCall(FrameworkMethod.java:59)
  at org.junit.internal.runners.model.ReflectiveCallable.run(ReflectiveCallable.java:12)
  at org.junit.runners.model.FrameworkMethod.invokeExplosively(FrameworkMethod.java:56)
  at org.junit.internal.runners.statements.InvokeMethod.evaluate(InvokeMethod.java:17)
  at org.junit.runners.ParentRunner$3.evaluate(ParentRunner.java:306)
  at org.junit.runners.BlockJUnit4ClassRunner$1.evaluate(BlockJUnit4ClassRunner.java:100)
  at org.junit.runners.ParentRunner.runLeaf(ParentRunner.java:366)
  at org.junit.runners.BlockJUnit4ClassRunner.runChild(BlockJUnit4ClassRunner.java:103)
  at org.junit.runners.BlockJUnit4ClassRunner.runChild(BlockJUnit4ClassRunner.java:63)
  at org.junit.runners.ParentRunner$4.run(ParentRunner.java:331)
  at org.junit.runners.ParentRunner$1.schedule(ParentRunner.java:79)
  at org.junit.runners.ParentRunner.runChildren(ParentRunner.java:329)
  at org.junit.runners.ParentRunner.access$100(ParentRunner.java:66)
  at org.junit.runners.ParentRunner$2.evaluate(ParentRunner.java:293)
  at org.junit.runners.ParentRunner$3.evaluate(ParentRunner.java:306)
  at org.junit.runners.ParentRunner.run(ParentRunner.java:413)
  at org.junit.runner.JUnitCore.run(JUnitCore.java:137)
  at org.junit.runner.JUnitCore.run(JUnitCore.java:115)
  at org.gradle.api.internal.tasks.testing.junit.JUnitTestExecutor.runRequest(JUnitTestExecutor.java:175)
  at org.gradle.api.internal.tasks.testing.junit.JUnitTestExecutor.accept(JUnitTestExecutor.java:84)
  at org.gradle.api.internal.tasks.testing.junit.JUnitTestExecutor.accept(JUnitTestExecutor.java:47)
  at org.gradle.api.internal.tasks.testing.junit.AbstractJUnitTestDefinitionProcessor.processTestDefinition(AbstractJUnitTestDefinitionProcessor.java:65)
  at org.gradle.api.internal.tasks.testing.SuiteTestDefinitionProcessor.processTestDefinition(SuiteTestDefinitionProcessor.java:54)
  at java.base/jdk.internal.reflect.DirectMethodHandleAccessor.invoke(DirectMethodHandleAccessor.java:104)
  at java.base/java.lang.reflect.Method.invoke(Method.java:565)
  at org.gradle.internal.dispatch.MethodInvocation.invokeOn(MethodInvocation.java:77)
  at org.gradle.internal.dispatch.ReflectionDispatch.dispatch(ReflectionDispatch.java:28)
  at org.gradle.internal.dispatch.ReflectionDispatch.dispatch(ReflectionDispatch.java:19)
  at org.gradle.internal.dispatch.ContextClassLoaderDispatch.dispatch(ContextClassLoaderDispatch.java:33)
  at org.gradle.internal.dispatch.ProxyDispatchAdapter$DispatchingInvocationHandler.invoke(ProxyDispatchAdapter.java:88)
  at jdk.proxy1/jdk.proxy1.$Proxy4.processTestDefinition(Unknown Source)
  at org.gradle.api.internal.tasks.testing.worker.TestWorker$2.run(TestWorker.java:178)
  at org.gradle.api.internal.tasks.testing.worker.TestWorker.executeAndMaintainThreadName(TestWorker.java:126)
  at org.gradle.api.internal.tasks.testing.worker.TestWorker.execute(TestWorker.java:103)
  at org.gradle.api.internal.tasks.testing.worker.TestWorker.execute(TestWorker.java:63)
  at org.gradle.process.internal.worker.child.ActionExecutionWorker.execute(ActionExecutionWorker.java:56)
  at org.gradle.process.internal.worker.child.SystemApplicationClassLoaderWorker.call(SystemApplicationClassLoaderWorker.java:122)
  at org.gradle.process.internal.worker.child.SystemApplicationClassLoaderWorker.call(SystemApplicationClassLoaderWorker.java:72)
  at worker.org.gradle.process.internal.worker.GradleWorkerMain.run(GradleWorkerMain.java:69)
  at worker.org.gradle.process.internal.worker.GradleWorkerMain.main(GradleWorkerMain.java:74)
</stacktrace>
</test-failure>


TypeScriptCompilerTests_P[jvm] > parserUnparsedTokenCrash2_ts has expected errors matching parserUnparsedTokenCrash2_errors_txt[jvm] FAILED

<test-failure test="com.xemantic.typescript.compiler.TypeScriptCompilerTests_P.promiseIdentity2_ts has expected errors matching promiseIdentity2_errors_txt" platform="jvm">
<message>
Expected diagnostics from baseline typescript-repo/tests/baselines/reference/promiseIdentity2.errors.txt but none produced
</message>
<stacktrace>
  at com.xemantic.typescript.compiler.TypeScriptTestSupportKt.errorsMatchBaseline(TypeScriptTestSupport.kt:125)
  at com.xemantic.typescript.compiler.TypeScriptCompilerTests_P.promiseIdentity2_ts has expected errors matching promiseIdentity2_errors_txt(TypeScriptCompilerTests_P.kt:2338)
  at java.base/jdk.internal.reflect.DirectMethodHandleAccessor.invoke(DirectMethodHandleAccessor.java:104)
  at java.base/java.lang.reflect.Method.invoke(Method.java:565)
  at org.junit.runners.model.FrameworkMethod$1.runReflectiveCall(FrameworkMethod.java:59)
  at org.junit.internal.runners.model.ReflectiveCallable.run(ReflectiveCallable.java:12)
  at org.junit.runners.model.FrameworkMethod.invokeExplosively(FrameworkMethod.java:56)
  at org.junit.internal.runners.statements.InvokeMethod.evaluate(InvokeMethod.java:17)
  at org.junit.runners.ParentRunner$3.evaluate(ParentRunner.java:306)
  at org.junit.runners.BlockJUnit4ClassRunner$1.evaluate(BlockJUnit4ClassRunner.java:100)
  at org.junit.runners.ParentRunner.runLeaf(ParentRunner.java:366)
  at org.junit.runners.BlockJUnit4ClassRunner.runChild(BlockJUnit4ClassRunner.java:103)
  at org.junit.runners.BlockJUnit4ClassRunner.runChild(BlockJUnit4ClassRunner.java:63)
  at org.junit.runners.ParentRunner$4.run(ParentRunner.java:331)
  at org.junit.runners.ParentRunner$1.schedule(ParentRunner.java:79)
  at org.junit.runners.ParentRunner.runChildren(ParentRunner.java:329)
  at org.junit.runners.ParentRunner.access$100(ParentRunner.java:66)
  at org.junit.runners.ParentRunner$2.evaluate(ParentRunner.java:293)
  at org.junit.runners.ParentRunner$3.evaluate(ParentRunner.java:306)
  at org.junit.runners.ParentRunner.run(ParentRunner.java:413)
  at org.junit.runner.JUnitCore.run(JUnitCore.java:137)
  at org.junit.runner.JUnitCore.run(JUnitCore.java:115)
  at org.gradle.api.internal.tasks.testing.junit.JUnitTestExecutor.runRequest(JUnitTestExecutor.java:175)
  at org.gradle.api.internal.tasks.testing.junit.JUnitTestExecutor.accept(JUnitTestExecutor.java:84)
  at org.gradle.api.internal.tasks.testing.junit.JUnitTestExecutor.accept(JUnitTestExecutor.java:47)
  at org.gradle.api.internal.tasks.testing.junit.AbstractJUnitTestDefinitionProcessor.processTestDefinition(AbstractJUnitTestDefinitionProcessor.java:65)
  at org.gradle.api.internal.tasks.testing.SuiteTestDefinitionProcessor.processTestDefinition(SuiteTestDefinitionProcessor.java:54)
  at java.base/jdk.internal.reflect.DirectMethodHandleAccessor.invoke(DirectMethodHandleAccessor.java:104)
  at java.base/java.lang.reflect.Method.invoke(Method.java:565)
  at org.gradle.internal.dispatch.MethodInvocation.invokeOn(MethodInvocation.java:77)
  at org.gradle.internal.dispatch.ReflectionDispatch.dispatch(ReflectionDispatch.java:28)
  at org.gradle.internal.dispatch.ReflectionDispatch.dispatch(ReflectionDispatch.java:19)
  at org.gradle.internal.dispatch.ContextClassLoaderDispatch.dispatch(ContextClassLoaderDispatch.java:33)
  at org.gradle.internal.dispatch.ProxyDispatchAdapter$DispatchingInvocationHandler.invoke(ProxyDispatchAdapter.java:88)
  at jdk.proxy1/jdk.proxy1.$Proxy4.processTestDefinition(Unknown Source)
  at org.gradle.api.internal.tasks.testing.worker.TestWorker$2.run(TestWorker.java:178)
  at org.gradle.api.internal.tasks.testing.worker.TestWorker.executeAndMaintainThreadName(TestWorker.java:126)
  at org.gradle.api.internal.tasks.testing.worker.TestWorker.execute(TestWorker.java:103)
  at org.gradle.api.internal.tasks.testing.worker.TestWorker.execute(TestWorker.java:63)
  at org.gradle.process.internal.worker.child.ActionExecutionWorker.execute(ActionExecutionWorker.java:56)
  at org.gradle.process.internal.worker.child.SystemApplicationClassLoaderWorker.call(SystemApplicationClassLoaderWorker.java:122)
  at org.gradle.process.internal.worker.child.SystemApplicationClassLoaderWorker.call(SystemApplicationClassLoaderWorker.java:72)
  at worker.org.gradle.process.internal.worker.GradleWorkerMain.run(GradleWorkerMain.java:69)
  at worker.org.gradle.process.internal.worker.GradleWorkerMain.main(GradleWorkerMain.java:74)
</stacktrace>
</test-failure>


TypeScriptCompilerTests_P[jvm] > promiseIdentity2_ts has expected errors matching promiseIdentity2_errors_txt[jvm] FAILED

<test-failure test="com.xemantic.typescript.compiler.TypeScriptCompilerTests_P.parameterDecoratorsEmitCrash_ts compiles to JavaScript matching parameterDecoratorsEmitCrash_js" platform="jvm">
<message>
--- expected
+++ actual
@@ -12,59 +12,9 @@
 
 //// [parameterDecoratorsEmitCrash.js]
 "use strict";
-var __esDecorate = (this && this.__esDecorate) || function (ctor, descriptorIn, decorators, contextIn, initializers, extraInitializers) {
-    function accept(f) { if (f !== void 0 && typeof f !== "function") throw new TypeError("Function expected"); return f; }
-    var kind = contextIn.kind, key = kind === "getter" ? "get" : kind === "setter" ? "set" : "value";
-    var target = !descriptorIn && ctor ? contextIn["static"] ? ctor : ctor.prototype : null;
-    var descriptor = descriptorIn || (target ? Object.getOwnPropertyDescriptor(target, contextIn.name) : {});
-    var _, done = false;
-    for (var i = decorators.length - 1; i >= 0; i--) {
-        var context = {};
-        for (var p in contextIn) context[p] = p === "access" ? {} : contextIn[p];
-        for (var p in contextIn.access) context.access[p] = contextIn.access[p];
-        context.addInitializer = function (f) { if (done) throw new TypeError("Cannot add initializers after decoration has completed"); extraInitializers.push(accept(f || null)); };
-        var result = (0, decorators[i])(kind === "accessor" ? { get: descriptor.get, set: descriptor.set } : descriptor[key], context);
-        if (kind === "accessor") {
-            if (result === void 0) continue;
-            if (result === null || typeof result !== "object") throw new TypeError("Object expected");
-            if (_ = accept(result.get)) descriptor.get = _;
-            if (_ = accept(result.set)) descriptor.set = _;
-            if (_ = accept(result.init)) initializers.unshift(_);
-        }
-        else if (_ = accept(result)) {
-            if (kind === "field") initializers.unshift(_);
-            else descriptor[key] = _;
-        }
-    }
-    if (target) Object.defineProperty(target, contextIn.name, descriptor);
-    done = true;
-};
-var __runInitializers = (this && this.__runInitializers) || function (thisArg, initializers, value) {
-    var useValue = arguments.length > 2;
-    for (var i = 0; i < initializers.length; i++) {
-        value = useValue ? initializers[i].call(thisArg, value) : initializers[i].call(thisArg);
-    }
-    return useValue ? value : void 0;
-};
 Object.defineProperty(exports, "__esModule", { value: true });
 exports.C = void 0;
-let C = (() => {
-    var _a;
-    let _x_decorators;
-    let _x_initializers = [];
-    let _x_extraInitializers = [];
-    return _a = class C {
-            constructor(x) {
-                this.x = __runInitializers(this, _x_initializers, void 0);
-                __runInitializers(this, _x_extraInitializers);
-            }
-        },
-        (() => {
-            const _metadata = typeof Symbol === "function" && Symbol.metadata ? Object.create(null) : void 0;
-            _x_decorators = [dec];
-            __esDecorate(null, null, _x_decorators, { kind: "field", name: "x", static: false, private: false, access: { has: obj => "x" in obj, get: obj => obj.x, set: (obj, value) => { obj.x = value; } }, metadata: _metadata }, _x_initializers, _x_extraInitializers);
-            if (_metadata) Object.defineProperty(_a, Symbol.metadata, { enumerable: true, configurable: true, writable: true, value: _metadata });
-        })(),
-        _a;
-})();
+class C {
+    constructor(x) { }
+}
 exports.C = C;

</message>
<stacktrace>
  at org.junit.Assert.fail(Assert.java:89)
  at kotlin.test.junit.JUnitAsserter.fail(JUnitSupport.kt:56)
  at kotlin.test.AssertionsKt__AssertionsKt.fail(Assertions.kt:563)
  at kotlin.test.AssertionsKt.fail(Unknown Source)
  at com.xemantic.kotlin.test.SameAsKt.sameAs(SameAs.kt:52)
  at com.xemantic.typescript.compiler.TypeScriptTestSupportKt.sameAs(TypeScriptTestSupport.kt:99)
  at com.xemantic.typescript.compiler.TypeScriptCompilerTests_P.parameterDecoratorsEmitCrash_ts compiles to JavaScript matching parameterDecoratorsEmitCrash_js(TypeScriptCompilerTests_P.kt:112)
  at java.base/jdk.internal.reflect.DirectMethodHandleAccessor.invoke(DirectMethodHandleAccessor.java:104)
  at java.base/java.lang.reflect.Method.invoke(Method.java:565)
  at org.junit.runners.model.FrameworkMethod$1.runReflectiveCall(FrameworkMethod.java:59)
  at org.junit.internal.runners.model.ReflectiveCallable.run(ReflectiveCallable.java:12)
  at org.junit.runners.model.FrameworkMethod.invokeExplosively(FrameworkMethod.java:56)
  at org.junit.internal.runners.statements.InvokeMethod.evaluate(InvokeMethod.java:17)
  at org.junit.runners.ParentRunner$3.evaluate(ParentRunner.java:306)
  at org.junit.runners.BlockJUnit4ClassRunner$1.evaluate(BlockJUnit4ClassRunner.java:100)
  at org.junit.runners.ParentRunner.runLeaf(ParentRunner.java:366)
  at org.junit.runners.BlockJUnit4ClassRunner.runChild(BlockJUnit4ClassRunner.java:103)
  at org.junit.runners.BlockJUnit4ClassRunner.runChild(BlockJUnit4ClassRunner.java:63)
  at org.junit.runners.ParentRunner$4.run(ParentRunner.java:331)
  at org.junit.runners.ParentRunner$1.schedule(ParentRunner.java:79)
  at org.junit.runners.ParentRunner.runChildren(ParentRunner.java:329)
  at org.junit.runners.ParentRunner.access$100(ParentRunner.java:66)
  at org.junit.runners.ParentRunner$2.evaluate(ParentRunner.java:293)
  at org.junit.runners.ParentRunner$3.evaluate(ParentRunner.java:306)
  at org.junit.runners.ParentRunner.run(ParentRunner.java:413)
  at org.junit.runner.JUnitCore.run(JUnitCore.java:137)
  at org.junit.runner.JUnitCore.run(JUnitCore.java:115)
  at org.gradle.api.internal.tasks.testing.junit.JUnitTestExecutor.runRequest(JUnitTestExecutor.java:175)
  at org.gradle.api.internal.tasks.testing.junit.JUnitTestExecutor.accept(JUnitTestExecutor.java:84)
  at org.gradle.api.internal.tasks.testing.junit.JUnitTestExecutor.accept(JUnitTestExecutor.java:47)
  at org.gradle.api.internal.tasks.testing.junit.AbstractJUnitTestDefinitionProcessor.processTestDefinition(AbstractJUnitTestDefinitionProcessor.java:65)
  at org.gradle.api.internal.tasks.testing.SuiteTestDefinitionProcessor.processTestDefinition(SuiteTestDefinitionProcessor.java:54)
  at java.base/jdk.internal.reflect.DirectMethodHandleAccessor.invoke(DirectMethodHandleAccessor.java:104)
  at java.base/java.lang.reflect.Method.invoke(Method.java:565)
  at org.gradle.internal.dispatch.MethodInvocation.invokeOn(MethodInvocation.java:77)
  at org.gradle.internal.dispatch.ReflectionDispatch.dispatch(ReflectionDispatch.java:28)
  at org.gradle.internal.dispatch.ReflectionDispatch.dispatch(ReflectionDispatch.java:19)
  at org.gradle.internal.dispatch.ContextClassLoaderDispatch.dispatch(ContextClassLoaderDispatch.java:33)
  at org.gradle.internal.dispatch.ProxyDispatchAdapter$DispatchingInvocationHandler.invoke(ProxyDispatchAdapter.java:88)
  at jdk.proxy1/jdk.proxy1.$Proxy4.processTestDefinition(Unknown Source)
  at org.gradle.api.internal.tasks.testing.worker.TestWorker$2.run(TestWorker.java:178)
  at org.gradle.api.internal.tasks.testing.worker.TestWorker.executeAndMaintainThreadName(TestWorker.java:126)
  at org.gradle.api.internal.tasks.testing.worker.TestWorker.execute(TestWorker.java:103)
  at org.gradle.api.internal.tasks.testing.worker.TestWorker.execute(TestWorker.java:63)
  at org.gradle.process.internal.worker.child.ActionExecutionWorker.execute(ActionExecutionWorker.java:56)
  at org.gradle.process.internal.worker.child.SystemApplicationClassLoaderWorker.call(SystemApplicationClassLoaderWorker.java:122)
  at org.gradle.process.internal.worker.child.SystemApplicationClassLoaderWorker.call(SystemApplicationClassLoaderWorker.java:72)
  at worker.org.gradle.process.internal.worker.GradleWorkerMain.run(GradleWorkerMain.java:69)
  at worker.org.gradle.process.internal.worker.GradleWorkerMain.main(GradleWorkerMain.java:74)
</stacktrace>
</test-failure>


TypeScriptCompilerTests_P[jvm] > parameterDecoratorsEmitCrash_ts compiles to JavaScript matching parameterDecoratorsEmitCrash_js[jvm] FAILED

<test-failure test="com.xemantic.typescript.compiler.TypeScriptCompilerTests_P.pathsValidation4_ts has expected errors matching pathsValidation4_errors_txt" platform="jvm">
<message>
--- expected
+++ actual
@@ -1,12 +1,9 @@
+src/main.ts(1,8): error TS2882: Cannot find module or type declarations for side-effect import of 'someModule'.
 tsconfig.json(4,9): error TS5101: Option 'baseUrl' is deprecated and will stop functioning in TypeScript 7.0. Specify compilerOption '"ignoreDeprecations": "6.0"' to silence this error.
   Visit https://aka.ms/ts6 for migration information.
-tsconfig.json(6,11): error TS5061: Pattern '@interface/**/*' can have at most one '*' character.
-tsconfig.json(7,11): error TS5061: Pattern '@service/**/*' can have at most one '*' character.
-tsconfig.json(7,29): error TS5062: Substitution './src/service/**/*' in pattern '@service/**/*' can have at most one '*' character.
-src/main.ts(1,8): error TS2882: Cannot find module or type declarations for side-effect import of 'someModule'.
 
 
-==== tsconfig.json (4 errors) ====
+==== tsconfig.json (1 errors) ====
     {
         "compilerOptions": {
             "traceResolution": true,
@@ -16,13 +13,7 @@
 !!! error TS5101:   Visit https://aka.ms/ts6 for migration information.
             "paths": {
               "@interface/**/*" : ["./src/interface/*"],
-              ~~~~~~~~~~~~~~~~~
-!!! error TS5061: Pattern '@interface/**/*' can have at most one '*' character.
               "@service/**/*": ["./src/service/**/*"],
-              ~~~~~~~~~~~~~~~
-!!! error TS5061: Pattern '@service/**/*' can have at most one '*' character.
-                                ~~~~~~~~~~~~~~~~~~~~
-!!! error TS5062: Substitution './src/service/**/*' in pattern '@service/**/*' can have at most one '*' character.
               "@controller/*": ["controller/*"],
             }
         }

</message>
<stacktrace>
  at org.junit.Assert.fail(Assert.java:89)
  at kotlin.test.junit.JUnitAsserter.fail(JUnitSupport.kt:56)
  at kotlin.test.AssertionsKt__AssertionsKt.fail(Assertions.kt:563)
  at kotlin.test.AssertionsKt.fail(Unknown Source)
  at com.xemantic.kotlin.test.SameAsKt.sameAs(SameAs.kt:52)
  at com.xemantic.typescript.compiler.TypeScriptTestSupportKt.errorsMatchBaseline(TypeScriptTestSupport.kt:135)
  at com.xemantic.typescript.compiler.TypeScriptCompilerTests_P.pathsValidation4_ts has expected errors matching pathsValidation4_errors_txt(TypeScriptCompilerTests_P.kt:1330)
  at java.base/jdk.internal.reflect.DirectMethodHandleAccessor.invoke(DirectMethodHandleAccessor.java:104)
  at java.base/java.lang.reflect.Method.invoke(Method.java:565)
  at org.junit.runners.model.FrameworkMethod$1.runReflectiveCall(FrameworkMethod.java:59)
  at org.junit.internal.runners.model.ReflectiveCallable.run(ReflectiveCallable.java:12)
  at org.junit.runners.model.FrameworkMethod.invokeExplosively(FrameworkMethod.java:56)
  at org.junit.internal.runners.statements.InvokeMethod.evaluate(InvokeMethod.java:17)
  at org.junit.runners.ParentRunner$3.evaluate(ParentRunner.java:306)
  at org.junit.runners.BlockJUnit4ClassRunner$1.evaluate(BlockJUnit4ClassRunner.java:100)
  at org.junit.runners.ParentRunner.runLeaf(ParentRunner.java:366)
  at org.junit.runners.BlockJUnit4ClassRunner.runChild(BlockJUnit4ClassRunner.java:103)
  at org.junit.runners.BlockJUnit4ClassRunner.runChild(BlockJUnit4ClassRunner.java:63)
  at org.junit.runners.ParentRunner$4.run(ParentRunner.java:331)
  at org.junit.runners.ParentRunner$1.schedule(ParentRunner.java:79)
  at org.junit.runners.ParentRunner.runChildren(ParentRunner.java:329)
  at org.junit.runners.ParentRunner.access$100(ParentRunner.java:66)
  at org.junit.runners.ParentRunner$2.evaluate(ParentRunner.java:293)
  at org.junit.runners.ParentRunner$3.evaluate(ParentRunner.java:306)
  at org.junit.runners.ParentRunner.run(ParentRunner.java:413)
  at org.junit.runner.JUnitCore.run(JUnitCore.java:137)
  at org.junit.runner.JUnitCore.run(JUnitCore.java:115)
  at org.gradle.api.internal.tasks.testing.junit.JUnitTestExecutor.runRequest(JUnitTestExecutor.java:175)
  at org.gradle.api.internal.tasks.testing.junit.JUnitTestExecutor.accept(JUnitTestExecutor.java:84)
  at org.gradle.api.internal.tasks.testing.junit.JUnitTestExecutor.accept(JUnitTestExecutor.java:47)
  at org.gradle.api.internal.tasks.testing.junit.AbstractJUnitTestDefinitionProcessor.processTestDefinition(AbstractJUnitTestDefinitionProcessor.java:65)
  at org.gradle.api.internal.tasks.testing.SuiteTestDefinitionProcessor.processTestDefinition(SuiteTestDefinitionProcessor.java:54)
  at java.base/jdk.internal.reflect.DirectMethodHandleAccessor.invoke(DirectMethodHandleAccessor.java:104)
  at java.base/java.lang.reflect.Method.invoke(Method.java:565)
  at org.gradle.internal.dispatch.MethodInvocation.invokeOn(MethodInvocation.java:77)
  at org.gradle.internal.dispatch.ReflectionDispatch.dispatch(ReflectionDispatch.java:28)
  at org.gradle.internal.dispatch.ReflectionDispatch.dispatch(ReflectionDispatch.java:19)
  at org.gradle.internal.dispatch.ContextClassLoaderDispatch.dispatch(ContextClassLoaderDispatch.java:33)
  at org.gradle.internal.dispatch.ProxyDispatchAdapter$DispatchingInvocationHandler.invoke(ProxyDispatchAdapter.java:88)
  at jdk.proxy1/jdk.proxy1.$Proxy4.processTestDefinition(Unknown Source)
  at org.gradle.api.internal.tasks.testing.worker.TestWorker$2.run(TestWorker.java:178)
  at org.gradle.api.internal.tasks.testing.worker.TestWorker.executeAndMaintainThreadName(TestWorker.java:126)
  at org.gradle.api.internal.tasks.testing.worker.TestWorker.execute(TestWorker.java:103)
  at org.gradle.api.internal.tasks.testing.worker.TestWorker.execute(TestWorker.java:63)
  at org.gradle.process.internal.worker.child.ActionExecutionWorker.execute(ActionExecutionWorker.java:56)
  at org.gradle.process.internal.worker.child.SystemApplicationClassLoaderWorker.call(SystemApplicationClassLoaderWorker.java:122)
  at org.gradle.process.internal.worker.child.SystemApplicationClassLoaderWorker.call(SystemApplicationClassLoaderWorker.java:72)
  at worker.org.gradle.process.internal.worker.GradleWorkerMain.run(GradleWorkerMain.java:69)
  at worker.org.gradle.process.internal.worker.GradleWorkerMain.main(GradleWorkerMain.java:74)
</stacktrace>
</test-failure>


TypeScriptCompilerTests_P[jvm] > pathsValidation4_ts has expected errors matching pathsValidation4_errors_txt[jvm] FAILED

<test-failure test="com.xemantic.typescript.compiler.TypeScriptCompilerTests_P.propertyAccess2_ts has expected errors matching propertyAccess2_errors_txt" platform="jvm">
<message>
Expected diagnostics from baseline typescript-repo/tests/baselines/reference/propertyAccess2.errors.txt but none produced
</message>
<stacktrace>
  at com.xemantic.typescript.compiler.TypeScriptTestSupportKt.errorsMatchBaseline(TypeScriptTestSupport.kt:125)
  at com.xemantic.typescript.compiler.TypeScriptCompilerTests_P.propertyAccess2_ts has expected errors matching propertyAccess2_errors_txt(TypeScriptCompilerTests_P.kt:2618)
  at java.base/jdk.internal.reflect.DirectMethodHandleAccessor.invoke(DirectMethodHandleAccessor.java:104)
  at java.base/java.lang.reflect.Method.invoke(Method.java:565)
  at org.junit.runners.model.FrameworkMethod$1.runReflectiveCall(FrameworkMethod.java:59)
  at org.junit.internal.runners.model.ReflectiveCallable.run(ReflectiveCallable.java:12)
  at org.junit.runners.model.FrameworkMethod.invokeExplosively(FrameworkMethod.java:56)
  at org.junit.internal.runners.statements.InvokeMethod.evaluate(InvokeMethod.java:17)
  at org.junit.runners.ParentRunner$3.evaluate(ParentRunner.java:306)
  at org.junit.runners.BlockJUnit4ClassRunner$1.evaluate(BlockJUnit4ClassRunner.java:100)
  at org.junit.runners.ParentRunner.runLeaf(ParentRunner.java:366)
  at org.junit.runners.BlockJUnit4ClassRunner.runChild(BlockJUnit4ClassRunner.java:103)
  at org.junit.runners.BlockJUnit4ClassRunner.runChild(BlockJUnit4ClassRunner.java:63)
  at org.junit.runners.ParentRunner$4.run(ParentRunner.java:331)
  at org.junit.runners.ParentRunner$1.schedule(ParentRunner.java:79)
  at org.junit.runners.ParentRunner.runChildren(ParentRunner.java:329)
  at org.junit.runners.ParentRunner.access$100(ParentRunner.java:66)
  at org.junit.runners.ParentRunner$2.evaluate(ParentRunner.java:293)
  at org.junit.runners.ParentRunner$3.evaluate(ParentRunner.java:306)
  at org.junit.runners.ParentRunner.run(ParentRunner.java:413)
  at org.junit.runner.JUnitCore.run(JUnitCore.java:137)
  at org.junit.runner.JUnitCore.run(JUnitCore.java:115)
  at org.gradle.api.internal.tasks.testing.junit.JUnitTestExecutor.runRequest(JUnitTestExecutor.java:175)
  at org.gradle.api.internal.tasks.testing.junit.JUnitTestExecutor.accept(JUnitTestExecutor.java:84)
  at org.gradle.api.internal.tasks.testing.junit.JUnitTestExecutor.accept(JUnitTestExecutor.java:47)
  at org.gradle.api.internal.tasks.testing.junit.AbstractJUnitTestDefinitionProcessor.processTestDefinition(AbstractJUnitTestDefinitionProcessor.java:65)
  at org.gradle.api.internal.tasks.testing.SuiteTestDefinitionProcessor.processTestDefinition(SuiteTestDefinitionProcessor.java:54)
  at java.base/jdk.internal.reflect.DirectMethodHandleAccessor.invoke(DirectMethodHandleAccessor.java:104)
  at java.base/java.lang.reflect.Method.invoke(Method.java:565)
  at org.gradle.internal.dispatch.MethodInvocation.invokeOn(MethodInvocation.java:77)
  at org.gradle.internal.dispatch.ReflectionDispatch.dispatch(ReflectionDispatch.java:28)
  at org.gradle.internal.dispatch.ReflectionDispatch.dispatch(ReflectionDispatch.java:19)
  at org.gradle.internal.dispatch.ContextClassLoaderDispatch.dispatch(ContextClassLoaderDispatch.java:33)
  at org.gradle.internal.dispatch.ProxyDispatchAdapter$DispatchingInvocationHandler.invoke(ProxyDispatchAdapter.java:88)
  at jdk.proxy1/jdk.proxy1.$Proxy4.processTestDefinition(Unknown Source)
  at org.gradle.api.internal.tasks.testing.worker.TestWorker$2.run(TestWorker.java:178)
  at org.gradle.api.internal.tasks.testing.worker.TestWorker.executeAndMaintainThreadName(TestWorker.java:126)
  at org.gradle.api.internal.tasks.testing.worker.TestWorker.execute(TestWorker.java:103)
  at org.gradle.api.internal.tasks.testing.worker.TestWorker.execute(TestWorker.java:63)
  at org.gradle.process.internal.worker.child.ActionExecutionWorker.execute(ActionExecutionWorker.java:56)
  at org.gradle.process.internal.worker.child.SystemApplicationClassLoaderWorker.call(SystemApplicationClassLoaderWorker.java:122)
  at org.gradle.process.internal.worker.child.SystemApplicationClassLoaderWorker.call(SystemApplicationClassLoaderWorker.java:72)
  at worker.org.gradle.process.internal.worker.GradleWorkerMain.run(GradleWorkerMain.java:69)
  at worker.org.gradle.process.internal.worker.GradleWorkerMain.main(GradleWorkerMain.java:74)
</stacktrace>
</test-failure>


TypeScriptCompilerTests_P[jvm] > propertyAccess2_ts has expected errors matching propertyAccess2_errors_txt[jvm] FAILED

<test-failure test="com.xemantic.typescript.compiler.TypeScriptCompilerTests_P.parseUnmatchedTypeAssertion_ts has expected errors matching parseUnmatchedTypeAssertion_errors_txt" platform="jvm">
<message>
--- expected
+++ actual
@@ -1,21 +1,30 @@
 parseUnmatchedTypeAssertion.ts(1,2): error TS1109: Expression expected.
-parseUnmatchedTypeAssertion.ts(1,12): error TS1141: String literal expected.
-parseUnmatchedTypeAssertion.ts(1,12): error TS2304: Cannot find name 'obju2c77'.
-parseUnmatchedTypeAssertion.ts(1,21): error TS1109: Expression expected.
-parseUnmatchedTypeAssertion.ts(2,1): error TS1005: '{' expected.
+parseUnmatchedTypeAssertion.ts(1,20): error TS1005: ')' expected.
+parseUnmatchedTypeAssertion.ts(1,20): error TS1005: ')' expected.
+parseUnmatchedTypeAssertion.ts(2,1): error TS1005: ']' expected.
+parseUnmatchedTypeAssertion.ts(2,1): error TS1005: ']' expected.
+parseUnmatchedTypeAssertion.ts(2,1): error TS1005: ']' expected.
+parseUnmatchedTypeAssertion.ts(2,1): error TS1005: ']' expected.
 
 
-==== parseUnmatchedTypeAssertion.ts (5 errors) ====
+==== parseUnmatchedTypeAssertion.ts (7 errors) ====
     @<[[import(obju2c77,
      ~
 !!! error TS1109: Expression expected.
-               ~~~~~~~~
-!!! error TS1141: String literal expected.
-               ~~~~~~~~
-!!! error TS2304: Cannot find name 'obju2c77'.
-                        
-!!! error TS1109: Expression expected.
+                       ~
+!!! error TS1005: ')' expected.
+                       ~
+!!! error TS1005: ')' expected.
     
     
-!!! error TS1005: '{' expected.
-!!! related TS1007 parseUnmatchedTypeAssertion.ts:2:1: The parser expected to find a '}' to match the '{' token here.
+!!! error TS1005: ']' expected.
+!!! related TS1007 parseUnmatchedTypeAssertion.ts:1:11: The parser expected to find a ']' to match the '[' token here.
+    
+!!! error TS1005: ']' expected.
+!!! related TS1007 parseUnmatchedTypeAssertion.ts:1:4: The parser expected to find a ']' to match the '[' token here.
+    
+!!! error TS1005: ']' expected.
+!!! related TS1007 parseUnmatchedTypeAssertion.ts:1:11: The parser expected to find a ']' to match the '[' token here.
+    
+!!! error TS1005: ']' expected.
+!!! related TS1007 parseUnmatchedTypeAssertion.ts:1:4: The parser expected to find a ']' to match the '[' token here.

</message>
<stacktrace>
  at org.junit.Assert.fail(Assert.java:89)
  at kotlin.test.junit.JUnitAsserter.fail(JUnitSupport.kt:56)
  at kotlin.test.AssertionsKt__AssertionsKt.fail(Assertions.kt:563)
  at kotlin.test.AssertionsKt.fail(Unknown Source)
  at com.xemantic.kotlin.test.SameAsKt.sameAs(SameAs.kt:52)
  at com.xemantic.typescript.compiler.TypeScriptTestSupportKt.errorsMatchBaseline(TypeScriptTestSupport.kt:135)
  at com.xemantic.typescript.compiler.TypeScriptCompilerTests_P.parseUnmatchedTypeAssertion_ts has expected errors matching parseUnmatchedTypeAssertion_errors_txt(TypeScriptCompilerTests_P.kt:763)
  at java.base/jdk.internal.reflect.DirectMethodHandleAccessor.invoke(DirectMethodHandleAccessor.java:104)
  at java.base/java.lang.reflect.Method.invoke(Method.java:565)
  at org.junit.runners.model.FrameworkMethod$1.runReflectiveCall(FrameworkMethod.java:59)
  at org.junit.internal.runners.model.ReflectiveCallable.run(ReflectiveCallable.java:12)
  at org.junit.runners.model.FrameworkMethod.invokeExplosively(FrameworkMethod.java:56)
  at org.junit.internal.runners.statements.InvokeMethod.evaluate(InvokeMethod.java:17)
  at org.junit.runners.ParentRunner$3.evaluate(ParentRunner.java:306)
  at org.junit.runners.BlockJUnit4ClassRunner$1.evaluate(BlockJUnit4ClassRunner.java:100)
  at org.junit.runners.ParentRunner.runLeaf(ParentRunner.java:366)
  at org.junit.runners.BlockJUnit4ClassRunner.runChild(BlockJUnit4ClassRunner.java:103)
  at org.junit.runners.BlockJUnit4ClassRunner.runChild(BlockJUnit4ClassRunner.java:63)
  at org.junit.runners.ParentRunner$4.run(ParentRunner.java:331)
  at org.junit.runners.ParentRunner$1.schedule(ParentRunner.java:79)
  at org.junit.runners.ParentRunner.runChildren(ParentRunner.java:329)
  at org.junit.runners.ParentRunner.access$100(ParentRunner.java:66)
  at org.junit.runners.ParentRunner$2.evaluate(ParentRunner.java:293)
  at org.junit.runners.ParentRunner$3.evaluate(ParentRunner.java:306)
  at org.junit.runners.ParentRunner.run(ParentRunner.java:413)
  at org.junit.runner.JUnitCore.run(JUnitCore.java:137)
  at org.junit.runner.JUnitCore.run(JUnitCore.java:115)
  at org.gradle.api.internal.tasks.testing.junit.JUnitTestExecutor.runRequest(JUnitTestExecutor.java:175)
  at org.gradle.api.internal.tasks.testing.junit.JUnitTestExecutor.accept(JUnitTestExecutor.java:84)
  at org.gradle.api.internal.tasks.testing.junit.JUnitTestExecutor.accept(JUnitTestExecutor.java:47)
  at org.gradle.api.internal.tasks.testing.junit.AbstractJUnitTestDefinitionProcessor.processTestDefinition(AbstractJUnitTestDefinitionProcessor.java:65)
  at org.gradle.api.internal.tasks.testing.SuiteTestDefinitionProcessor.processTestDefinition(SuiteTestDefinitionProcessor.java:54)
  at java.base/jdk.internal.reflect.DirectMethodHandleAccessor.invoke(DirectMethodHandleAccessor.java:104)
  at java.base/java.lang.reflect.Method.invoke(Method.java:565)
  at org.gradle.internal.dispatch.MethodInvocation.invokeOn(MethodInvocation.java:77)
  at org.gradle.internal.dispatch.ReflectionDispatch.dispatch(ReflectionDispatch.java:28)
  at org.gradle.internal.dispatch.ReflectionDispatch.dispatch(ReflectionDispatch.java:19)
  at org.gradle.internal.dispatch.ContextClassLoaderDispatch.dispatch(ContextClassLoaderDispatch.java:33)
  at org.gradle.internal.dispatch.ProxyDispatchAdapter$DispatchingInvocationHandler.invoke(ProxyDispatchAdapter.java:88)
  at jdk.proxy1/jdk.proxy1.$Proxy4.processTestDefinition(Unknown Source)
  at org.gradle.api.internal.tasks.testing.worker.TestWorker$2.run(TestWorker.java:178)
  at org.gradle.api.internal.tasks.testing.worker.TestWorker.executeAndMaintainThreadName(TestWorker.java:126)
  at org.gradle.api.internal.tasks.testing.worker.TestWorker.execute(TestWorker.java:103)
  at org.gradle.api.internal.tasks.testing.worker.TestWorker.execute(TestWorker.java:63)
  at org.gradle.process.internal.worker.child.ActionExecutionWorker.execute(ActionExecutionWorker.java:56)
  at org.gradle.process.internal.worker.child.SystemApplicationClassLoaderWorker.call(SystemApplicationClassLoaderWorker.java:122)
  at org.gradle.process.internal.worker.child.SystemApplicationClassLoaderWorker.call(SystemApplicationClassLoaderWorker.java:72)
  at worker.org.gradle.process.internal.worker.GradleWorkerMain.run(GradleWorkerMain.java:69)
  at worker.org.gradle.process.internal.worker.GradleWorkerMain.main(GradleWorkerMain.java:74)
</stacktrace>
</test-failure>


TypeScriptCompilerTests_P[jvm] > parseUnmatchedTypeAssertion_ts has expected errors matching parseUnmatchedTypeAssertion_errors_txt[jvm] FAILED

<test-failure test="com.xemantic.typescript.compiler.TypeScriptCompilerTests_P.parserPrivateIdentifierInArrayAssignment_ts compiles to JavaScript matching parserPrivateIdentifierInArrayAssignment_js" platform="jvm">
<message>
--- expected
+++ actual
@@ -7,4 +7,4 @@
 //// [parserPrivateIdentifierInArrayAssignment.js]
 "use strict";
 [#abc] =
-;
+    ;

</message>
<stacktrace>
  at org.junit.Assert.fail(Assert.java:89)
  at kotlin.test.junit.JUnitAsserter.fail(JUnitSupport.kt:56)
  at kotlin.test.AssertionsKt__AssertionsKt.fail(Assertions.kt:563)
  at kotlin.test.AssertionsKt.fail(Unknown Source)
  at com.xemantic.kotlin.test.SameAsKt.sameAs(SameAs.kt:52)
  at com.xemantic.typescript.compiler.TypeScriptTestSupportKt.sameAs(TypeScriptTestSupport.kt:99)
  at com.xemantic.typescript.compiler.TypeScriptCompilerTests_P.parserPrivateIdentifierInArrayAssignment_ts compiles to JavaScript matching parserPrivateIdentifierInArrayAssignment_js(TypeScriptCompilerTests_P.kt:791)
  at java.base/jdk.internal.reflect.DirectMethodHandleAccessor.invoke(DirectMethodHandleAccessor.java:104)
  at java.base/java.lang.reflect.Method.invoke(Method.java:565)
  at org.junit.runners.model.FrameworkMethod$1.runReflectiveCall(FrameworkMethod.java:59)
  at org.junit.internal.runners.model.ReflectiveCallable.run(ReflectiveCallable.java:12)
  at org.junit.runners.model.FrameworkMethod.invokeExplosively(FrameworkMethod.java:56)
  at org.junit.internal.runners.statements.InvokeMethod.evaluate(InvokeMethod.java:17)
  at org.junit.runners.ParentRunner$3.evaluate(ParentRunner.java:306)
  at org.junit.runners.BlockJUnit4ClassRunner$1.evaluate(BlockJUnit4ClassRunner.java:100)
  at org.junit.runners.ParentRunner.runLeaf(ParentRunner.java:366)
  at org.junit.runners.BlockJUnit4ClassRunner.runChild(BlockJUnit4ClassRunner.java:103)
  at org.junit.runners.BlockJUnit4ClassRunner.runChild(BlockJUnit4ClassRunner.java:63)
  at org.junit.runners.ParentRunner$4.run(ParentRunner.java:331)
  at org.junit.runners.ParentRunner$1.schedule(ParentRunner.java:79)
  at org.junit.runners.ParentRunner.runChildren(ParentRunner.java:329)
  at org.junit.runners.ParentRunner.access$100(ParentRunner.java:66)
  at org.junit.runners.ParentRunner$2.evaluate(ParentRunner.java:293)
  at org.junit.runners.ParentRunner$3.evaluate(ParentRunner.java:306)
  at org.junit.runners.ParentRunner.run(ParentRunner.java:413)
  at org.junit.runner.JUnitCore.run(JUnitCore.java:137)
  at org.junit.runner.JUnitCore.run(JUnitCore.java:115)
  at org.gradle.api.internal.tasks.testing.junit.JUnitTestExecutor.runRequest(JUnitTestExecutor.java:175)
  at org.gradle.api.internal.tasks.testing.junit.JUnitTestExecutor.accept(JUnitTestExecutor.java:84)
  at org.gradle.api.internal.tasks.testing.junit.JUnitTestExecutor.accept(JUnitTestExecutor.java:47)
  at org.gradle.api.internal.tasks.testing.junit.AbstractJUnitTestDefinitionProcessor.processTestDefinition(AbstractJUnitTestDefinitionProcessor.java:65)
  at org.gradle.api.internal.tasks.testing.SuiteTestDefinitionProcessor.processTestDefinition(SuiteTestDefinitionProcessor.java:54)
  at java.base/jdk.internal.reflect.DirectMethodHandleAccessor.invoke(DirectMethodHandleAccessor.java:104)
  at java.base/java.lang.reflect.Method.invoke(Method.java:565)
  at org.gradle.internal.dispatch.MethodInvocation.invokeOn(MethodInvocation.java:77)
  at org.gradle.internal.dispatch.ReflectionDispatch.dispatch(ReflectionDispatch.java:28)
  at org.gradle.internal.dispatch.ReflectionDispatch.dispatch(ReflectionDispatch.java:19)
  at org.gradle.internal.dispatch.ContextClassLoaderDispatch.dispatch(ContextClassLoaderDispatch.java:33)
  at org.gradle.internal.dispatch.ProxyDispatchAdapter$DispatchingInvocationHandler.invoke(ProxyDispatchAdapter.java:88)
  at jdk.proxy1/jdk.proxy1.$Proxy4.processTestDefinition(Unknown Source)
  at org.gradle.api.internal.tasks.testing.worker.TestWorker$2.run(TestWorker.java:178)
  at org.gradle.api.internal.tasks.testing.worker.TestWorker.executeAndMaintainThreadName(TestWorker.java:126)
  at org.gradle.api.internal.tasks.testing.worker.TestWorker.execute(TestWorker.java:103)
  at org.gradle.api.internal.tasks.testing.worker.TestWorker.execute(TestWorker.java:63)
  at org.gradle.process.internal.worker.child.ActionExecutionWorker.execute(ActionExecutionWorker.java:56)
  at org.gradle.process.internal.worker.child.SystemApplicationClassLoaderWorker.call(SystemApplicationClassLoaderWorker.java:122)
  at org.gradle.process.internal.worker.child.SystemApplicationClassLoaderWorker.call(SystemApplicationClassLoaderWorker.java:72)
  at worker.org.gradle.process.internal.worker.GradleWorkerMain.run(GradleWorkerMain.java:69)
  at worker.org.gradle.process.internal.worker.GradleWorkerMain.main(GradleWorkerMain.java:74)
</stacktrace>
</test-failure>


TypeScriptCompilerTests_P[jvm] > parserPrivateIdentifierInArrayAssignment_ts compiles to JavaScript matching parserPrivateIdentifierInArrayAssignment_js[jvm] FAILED

<test-failure test="com.xemantic.typescript.compiler.TypeScriptCompilerTests_P.parseAssertEntriesError_ts compiles to JavaScript matching parseAssertEntriesError_js" platform="jvm">
<message>
--- expected
+++ actual
@@ -24,19 +24,54 @@
 
 //// [index.js]
 "use strict";
+var __createBinding = (this && this.__createBinding) || (Object.create ? (function(o, m, k, k2) {
+    if (k2 === undefined) k2 = k;
+    var desc = Object.getOwnPropertyDescriptor(m, k);
+    if (!desc || ("get" in desc ? !m.__esModule : desc.writable || desc.configurable)) {
+      desc = { enumerable: true, get: function() { return m[k]; } };
+    }
+    Object.defineProperty(o, k2, desc);
+}) : (function(o, m, k, k2) {
+    if (k2 === undefined) k2 = k;
+    o[k2] = m[k];
+}));
+var __setModuleDefault = (this && this.__setModuleDefault) || (Object.create ? (function(o, v) {
+    Object.defineProperty(o, "default", { enumerable: true, value: v });
+}) : function(o, v) {
+    o["default"] = v;
+});
+var __importStar = (this && this.__importStar) || (function () {
+    var ownKeys = function(o) {
+        ownKeys = Object.getOwnPropertyNames || function (o) {
+            var ar = [];
+            for (var k in o) if (Object.prototype.hasOwnProperty.call(o, k)) ar[ar.length] = k;
+            return ar;
+        };
+        return ownKeys(o);
+    };
+    return function (mod) {
+        if (mod && mod.__esModule) return mod;
+        var result = {};
+        if (mod != null) for (var k = ownKeys(mod), i = 0; i < k.length; i++) if (k[i] !== "default") __createBinding(result, mod, k[i]);
+        __setModuleDefault(result, mod);
+        return result;
+    };
+})();
 Object.defineProperty(exports, "__esModule", { value: true });
 exports.b = exports.a = void 0;
-1234, "resolution-mode";
-"require";
-RequireInterface
-    & import("pkg", { with: { 1234: , "resolution-mode": "import" } }).ImportInterface;
-exports.a = null;
-1234, "resolution-mode";
-"require";
-RequireInterface;
+, { with: { 1234: , "resolution-mode": "require" } };
+.RequireInterface
+    & Promise.resolve().then(() => __importStar(require("pkg")));
+{
+    with ()
+        ;
+    {
+        1234, "resolution-mode";
+        "import";
+    }
+}
+.ImportInterface;
+exports.a = (null, { with: { 1234: , "resolution-mode": "require" } }).RequireInterface;
 ;
-exports.b = null;
-1234, "resolution-mode";
-"import";
-ImportInterface;
+exports.b = (null, { with: { 1234: , "resolution-mode": "import" } }).ImportInterface;
 ;

</message>
<stacktrace>
  at org.junit.Assert.fail(Assert.java:89)
  at kotlin.test.junit.JUnitAsserter.fail(JUnitSupport.kt:56)
  at kotlin.test.AssertionsKt__AssertionsKt.fail(Assertions.kt:563)
  at kotlin.test.AssertionsKt.fail(Unknown Source)
  at com.xemantic.kotlin.test.SameAsKt.sameAs(SameAs.kt:52)
  at com.xemantic.typescript.compiler.TypeScriptTestSupportKt.sameAs(TypeScriptTestSupport.kt:99)
  at com.xemantic.typescript.compiler.TypeScriptCompilerTests_P.parseAssertEntriesError_ts compiles to JavaScript matching parseAssertEntriesError_js(TypeScriptCompilerTests_P.kt:441)
  at java.base/jdk.internal.reflect.DirectMethodHandleAccessor.invoke(DirectMethodHandleAccessor.java:104)
  at java.base/java.lang.reflect.Method.invoke(Method.java:565)
  at org.junit.runners.model.FrameworkMethod$1.runReflectiveCall(FrameworkMethod.java:59)
  at org.junit.internal.runners.model.ReflectiveCallable.run(ReflectiveCallable.java:12)
  at org.junit.runners.model.FrameworkMethod.invokeExplosively(FrameworkMethod.java:56)
  at org.junit.internal.runners.statements.InvokeMethod.evaluate(InvokeMethod.java:17)
  at org.junit.runners.ParentRunner$3.evaluate(ParentRunner.java:306)
  at org.junit.runners.BlockJUnit4ClassRunner$1.evaluate(BlockJUnit4ClassRunner.java:100)
  at org.junit.runners.ParentRunner.runLeaf(ParentRunner.java:366)
  at org.junit.runners.BlockJUnit4ClassRunner.runChild(BlockJUnit4ClassRunner.java:103)
  at org.junit.runners.BlockJUnit4ClassRunner.runChild(BlockJUnit4ClassRunner.java:63)
  at org.junit.runners.ParentRunner$4.run(ParentRunner.java:331)
  at org.junit.runners.ParentRunner$1.schedule(ParentRunner.java:79)
  at org.junit.runners.ParentRunner.runChildren(ParentRunner.java:329)
  at org.junit.runners.ParentRunner.access$100(ParentRunner.java:66)
  at org.junit.runners.ParentRunner$2.evaluate(ParentRunner.java:293)
  at org.junit.runners.ParentRunner$3.evaluate(ParentRunner.java:306)
  at org.junit.runners.ParentRunner.run(ParentRunner.java:413)
  at org.junit.runner.JUnitCore.run(JUnitCore.java:137)
  at org.junit.runner.JUnitCore.run(JUnitCore.java:115)
  at org.gradle.api.internal.tasks.testing.junit.JUnitTestExecutor.runRequest(JUnitTestExecutor.java:175)
  at org.gradle.api.internal.tasks.testing.junit.JUnitTestExecutor.accept(JUnitTestExecutor.java:84)
  at org.gradle.api.internal.tasks.testing.junit.JUnitTestExecutor.accept(JUnitTestExecutor.java:47)
  at org.gradle.api.internal.tasks.testing.junit.AbstractJUnitTestDefinitionProcessor.processTestDefinition(AbstractJUnitTestDefinitionProcessor.java:65)
  at org.gradle.api.internal.tasks.testing.SuiteTestDefinitionProcessor.processTestDefinition(SuiteTestDefinitionProcessor.java:54)
  at java.base/jdk.internal.reflect.DirectMethodHandleAccessor.invoke(DirectMethodHandleAccessor.java:104)
  at java.base/java.lang.reflect.Method.invoke(Method.java:565)
  at org.gradle.internal.dispatch.MethodInvocation.invokeOn(MethodInvocation.java:77)
  at org.gradle.internal.dispatch.ReflectionDispatch.dispatch(ReflectionDispatch.java:28)
  at org.gradle.internal.dispatch.ReflectionDispatch.dispatch(ReflectionDispatch.java:19)
  at org.gradle.internal.dispatch.ContextClassLoaderDispatch.dispatch(ContextClassLoaderDispatch.java:33)
  at org.gradle.internal.dispatch.ProxyDispatchAdapter$DispatchingInvocationHandler.invoke(ProxyDispatchAdapter.java:88)
  at jdk.proxy1/jdk.proxy1.$Proxy4.processTestDefinition(Unknown Source)
  at org.gradle.api.internal.tasks.testing.worker.TestWorker$2.run(TestWorker.java:178)
  at org.gradle.api.internal.tasks.testing.worker.TestWorker.executeAndMaintainThreadName(TestWorker.java:126)
  at org.gradle.api.internal.tasks.testing.worker.TestWorker.execute(TestWorker.java:103)
  at org.gradle.api.internal.tasks.testing.worker.TestWorker.execute(TestWorker.java:63)
  at org.gradle.process.internal.worker.child.ActionExecutionWorker.execute(ActionExecutionWorker.java:56)
  at org.gradle.process.internal.worker.child.SystemApplicationClassLoaderWorker.call(SystemApplicationClassLoaderWorker.java:122)
  at org.gradle.process.internal.worker.child.SystemApplicationClassLoaderWorker.call(SystemApplicationClassLoaderWorker.java:72)
  at worker.org.gradle.process.internal.worker.GradleWorkerMain.run(GradleWorkerMain.java:69)
  at worker.org.gradle.process.internal.worker.GradleWorkerMain.main(GradleWorkerMain.java:74)
</stacktrace>
</test-failure>


TypeScriptCompilerTests_P[jvm] > parseAssertEntriesError_ts compiles to JavaScript matching parseAssertEntriesError_js[jvm] FAILED

<test-failure test="com.xemantic.typescript.compiler.TypeScriptCompilerTests_P.privateAccessInSubclass1_ts has expected errors matching privateAccessInSubclass1_errors_txt" platform="jvm">
<message>
Expected diagnostics from baseline typescript-repo/tests/baselines/reference/privateAccessInSubclass1.errors.txt but none produced
</message>
<stacktrace>
  at com.xemantic.typescript.compiler.TypeScriptTestSupportKt.errorsMatchBaseline(TypeScriptTestSupport.kt:125)
  at com.xemantic.typescript.compiler.TypeScriptCompilerTests_P.privateAccessInSubclass1_ts has expected errors matching privateAccessInSubclass1_errors_txt(TypeScriptCompilerTests_P.kt:2121)
  at java.base/jdk.internal.reflect.DirectMethodHandleAccessor.invoke(DirectMethodHandleAccessor.java:104)
  at java.base/java.lang.reflect.Method.invoke(Method.java:565)
  at org.junit.runners.model.FrameworkMethod$1.runReflectiveCall(FrameworkMethod.java:59)
  at org.junit.internal.runners.model.ReflectiveCallable.run(ReflectiveCallable.java:12)
  at org.junit.runners.model.FrameworkMethod.invokeExplosively(FrameworkMethod.java:56)
  at org.junit.internal.runners.statements.InvokeMethod.evaluate(InvokeMethod.java:17)
  at org.junit.runners.ParentRunner$3.evaluate(ParentRunner.java:306)
  at org.junit.runners.BlockJUnit4ClassRunner$1.evaluate(BlockJUnit4ClassRunner.java:100)
  at org.junit.runners.ParentRunner.runLeaf(ParentRunner.java:366)
  at org.junit.runners.BlockJUnit4ClassRunner.runChild(BlockJUnit4ClassRunner.java:103)
  at org.junit.runners.BlockJUnit4ClassRunner.runChild(BlockJUnit4ClassRunner.java:63)
  at org.junit.runners.ParentRunner$4.run(ParentRunner.java:331)
  at org.junit.runners.ParentRunner$1.schedule(ParentRunner.java:79)
  at org.junit.runners.ParentRunner.runChildren(ParentRunner.java:329)
  at org.junit.runners.ParentRunner.access$100(ParentRunner.java:66)
  at org.junit.runners.ParentRunner$2.evaluate(ParentRunner.java:293)
  at org.junit.runners.ParentRunner$3.evaluate(ParentRunner.java:306)
  at org.junit.runners.ParentRunner.run(ParentRunner.java:413)
  at org.junit.runner.JUnitCore.run(JUnitCore.java:137)
  at org.junit.runner.JUnitCore.run(JUnitCore.java:115)
  at org.gradle.api.internal.tasks.testing.junit.JUnitTestExecutor.runRequest(JUnitTestExecutor.java:175)
  at org.gradle.api.internal.tasks.testing.junit.JUnitTestExecutor.accept(JUnitTestExecutor.java:84)
  at org.gradle.api.internal.tasks.testing.junit.JUnitTestExecutor.accept(JUnitTestExecutor.java:47)
  at org.gradle.api.internal.tasks.testing.junit.AbstractJUnitTestDefinitionProcessor.processTestDefinition(AbstractJUnitTestDefinitionProcessor.java:65)
  at org.gradle.api.internal.tasks.testing.SuiteTestDefinitionProcessor.processTestDefinition(SuiteTestDefinitionProcessor.java:54)
  at java.base/jdk.internal.reflect.DirectMethodHandleAccessor.invoke(DirectMethodHandleAccessor.java:104)
  at java.base/java.lang.reflect.Method.invoke(Method.java:565)
  at org.gradle.internal.dispatch.MethodInvocation.invokeOn(MethodInvocation.java:77)
  at org.gradle.internal.dispatch.ReflectionDispatch.dispatch(ReflectionDispatch.java:28)
  at org.gradle.internal.dispatch.ReflectionDispatch.dispatch(ReflectionDispatch.java:19)
  at org.gradle.internal.dispatch.ContextClassLoaderDispatch.dispatch(ContextClassLoaderDispatch.java:33)
  at org.gradle.internal.dispatch.ProxyDispatchAdapter$DispatchingInvocationHandler.invoke(ProxyDispatchAdapter.java:88)
  at jdk.proxy1/jdk.proxy1.$Proxy4.processTestDefinition(Unknown Source)
  at org.gradle.api.internal.tasks.testing.worker.TestWorker$2.run(TestWorker.java:178)
  at org.gradle.api.internal.tasks.testing.worker.TestWorker.executeAndMaintainThreadName(TestWorker.java:126)
  at org.gradle.api.internal.tasks.testing.worker.TestWorker.execute(TestWorker.java:103)
  at org.gradle.api.internal.tasks.testing.worker.TestWorker.execute(TestWorker.java:63)
  at org.gradle.process.internal.worker.child.ActionExecutionWorker.execute(ActionExecutionWorker.java:56)
  at org.gradle.process.internal.worker.child.SystemApplicationClassLoaderWorker.call(SystemApplicationClassLoaderWorker.java:122)
  at org.gradle.process.internal.worker.child.SystemApplicationClassLoaderWorker.call(SystemApplicationClassLoaderWorker.java:72)
  at worker.org.gradle.process.internal.worker.GradleWorkerMain.run(GradleWorkerMain.java:69)
  at worker.org.gradle.process.internal.worker.GradleWorkerMain.main(GradleWorkerMain.java:74)
</stacktrace>
</test-failure>


TypeScriptCompilerTests_P[jvm] > privateAccessInSubclass1_ts has expected errors matching privateAccessInSubclass1_errors_txt[jvm] FAILED

<test-failure test="com.xemantic.typescript.compiler.TypeScriptCompilerTests_P.parseImportAttributesError_ts compiles to JavaScript matching parseImportAttributesError_js" platform="jvm">
<message>
--- expected
+++ actual
@@ -27,19 +27,54 @@
 
 //// [index.js]
 "use strict";
+var __createBinding = (this && this.__createBinding) || (Object.create ? (function(o, m, k, k2) {
+    if (k2 === undefined) k2 = k;
+    var desc = Object.getOwnPropertyDescriptor(m, k);
+    if (!desc || ("get" in desc ? !m.__esModule : desc.writable || desc.configurable)) {
+      desc = { enumerable: true, get: function() { return m[k]; } };
+    }
+    Object.defineProperty(o, k2, desc);
+}) : (function(o, m, k, k2) {
+    if (k2 === undefined) k2 = k;
+    o[k2] = m[k];
+}));
+var __setModuleDefault = (this && this.__setModuleDefault) || (Object.create ? (function(o, v) {
+    Object.defineProperty(o, "default", { enumerable: true, value: v });
+}) : function(o, v) {
+    o["default"] = v;
+});
+var __importStar = (this && this.__importStar) || (function () {
+    var ownKeys = function(o) {
+        ownKeys = Object.getOwnPropertyNames || function (o) {
+            var ar = [];
+            for (var k in o) if (Object.prototype.hasOwnProperty.call(o, k)) ar[ar.length] = k;
+            return ar;
+        };
+        return ownKeys(o);
+    };
+    return function (mod) {
+        if (mod && mod.__esModule) return mod;
+        var result = {};
+        if (mod != null) for (var k = ownKeys(mod), i = 0; i < k.length; i++) if (k[i] !== "default") __createBinding(result, mod, k[i]);
+        __setModuleDefault(result, mod);
+        return result;
+    };
+})();
 Object.defineProperty(exports, "__esModule", { value: true });
 exports.b = exports.a = void 0;
-1234, "resolution-mode";
-"require";
-RequireInterface
-    & import("pkg", { with: { 1234: , "resolution-mode": "import" } }).ImportInterface;
-exports.a = null;
-1234, "resolution-mode";
-"require";
-RequireInterface;
+, { with: { 1234: , "resolution-mode": "require" } };
+.RequireInterface
+    & Promise.resolve().then(() => __importStar(require("pkg")));
+{
+    with ()
+        ;
+    {
+        1234, "resolution-mode";
+        "import";
+    }
+}
+.ImportInterface;
+exports.a = (null, { with: { 1234: , "resolution-mode": "require" } }).RequireInterface;
 ;
-exports.b = null;
-1234, "resolution-mode";
-"import";
-ImportInterface;
+exports.b = (null, { with: { 1234: , "resolution-mode": "import" } }).ImportInterface;
 ;

</message>
<stacktrace>
  at org.junit.Assert.fail(Assert.java:89)
  at kotlin.test.junit.JUnitAsserter.fail(JUnitSupport.kt:56)
  at kotlin.test.AssertionsKt__AssertionsKt.fail(Assertions.kt:563)
  at kotlin.test.AssertionsKt.fail(Unknown Source)
  at com.xemantic.kotlin.test.SameAsKt.sameAs(SameAs.kt:52)
  at com.xemantic.typescript.compiler.TypeScriptTestSupportKt.sameAs(TypeScriptTestSupport.kt:99)
  at com.xemantic.typescript.compiler.TypeScriptCompilerTests_P.parseImportAttributesError_ts compiles to JavaScript matching parseImportAttributesError_js(TypeScriptCompilerTests_P.kt:567)
  at java.base/jdk.internal.reflect.DirectMethodHandleAccessor.invoke(DirectMethodHandleAccessor.java:104)
  at java.base/java.lang.reflect.Method.invoke(Method.java:565)
  at org.junit.runners.model.FrameworkMethod$1.runReflectiveCall(FrameworkMethod.java:59)
  at org.junit.internal.runners.model.ReflectiveCallable.run(ReflectiveCallable.java:12)
  at org.junit.runners.model.FrameworkMethod.invokeExplosively(FrameworkMethod.java:56)
  at org.junit.internal.runners.statements.InvokeMethod.evaluate(InvokeMethod.java:17)
  at org.junit.runners.ParentRunner$3.evaluate(ParentRunner.java:306)
  at org.junit.runners.BlockJUnit4ClassRunner$1.evaluate(BlockJUnit4ClassRunner.java:100)
  at org.junit.runners.ParentRunner.runLeaf(ParentRunner.java:366)
  at org.junit.runners.BlockJUnit4ClassRunner.runChild(BlockJUnit4ClassRunner.java:103)
  at org.junit.runners.BlockJUnit4ClassRunner.runChild(BlockJUnit4ClassRunner.java:63)
  at org.junit.runners.ParentRunner$4.run(ParentRunner.java:331)
  at org.junit.runners.ParentRunner$1.schedule(ParentRunner.java:79)
  at org.junit.runners.ParentRunner.runChildren(ParentRunner.java:329)
  at org.junit.runners.ParentRunner.access$100(ParentRunner.java:66)
  at org.junit.runners.ParentRunner$2.evaluate(ParentRunner.java:293)
  at org.junit.runners.ParentRunner$3.evaluate(ParentRunner.java:306)
  at org.junit.runners.ParentRunner.run(ParentRunner.java:413)
  at org.junit.runner.JUnitCore.run(JUnitCore.java:137)
  at org.junit.runner.JUnitCore.run(JUnitCore.java:115)
  at org.gradle.api.internal.tasks.testing.junit.JUnitTestExecutor.runRequest(JUnitTestExecutor.java:175)
  at org.gradle.api.internal.tasks.testing.junit.JUnitTestExecutor.accept(JUnitTestExecutor.java:84)
  at org.gradle.api.internal.tasks.testing.junit.JUnitTestExecutor.accept(JUnitTestExecutor.java:47)
  at org.gradle.api.internal.tasks.testing.junit.AbstractJUnitTestDefinitionProcessor.processTestDefinition(AbstractJUnitTestDefinitionProcessor.java:65)
  at org.gradle.api.internal.tasks.testing.SuiteTestDefinitionProcessor.processTestDefinition(SuiteTestDefinitionProcessor.java:54)
  at java.base/jdk.internal.reflect.DirectMethodHandleAccessor.invoke(DirectMethodHandleAccessor.java:104)
  at java.base/java.lang.reflect.Method.invoke(Method.java:565)
  at org.gradle.internal.dispatch.MethodInvocation.invokeOn(MethodInvocation.java:77)
  at org.gradle.internal.dispatch.ReflectionDispatch.dispatch(ReflectionDispatch.java:28)
  at org.gradle.internal.dispatch.ReflectionDispatch.dispatch(ReflectionDispatch.java:19)
  at org.gradle.internal.dispatch.ContextClassLoaderDispatch.dispatch(ContextClassLoaderDispatch.java:33)
  at org.gradle.internal.dispatch.ProxyDispatchAdapter$DispatchingInvocationHandler.invoke(ProxyDispatchAdapter.java:88)
  at jdk.proxy1/jdk.proxy1.$Proxy4.processTestDefinition(Unknown Source)
  at org.gradle.api.internal.tasks.testing.worker.TestWorker$2.run(TestWorker.java:178)
  at org.gradle.api.internal.tasks.testing.worker.TestWorker.executeAndMaintainThreadName(TestWorker.java:126)
  at org.gradle.api.internal.tasks.testing.worker.TestWorker.execute(TestWorker.java:103)
  at org.gradle.api.internal.tasks.testing.worker.TestWorker.execute(TestWorker.java:63)
  at org.gradle.process.internal.worker.child.ActionExecutionWorker.execute(ActionExecutionWorker.java:56)
  at org.gradle.process.internal.worker.child.SystemApplicationClassLoaderWorker.call(SystemApplicationClassLoaderWorker.java:122)
  at org.gradle.process.internal.worker.child.SystemApplicationClassLoaderWorker.call(SystemApplicationClassLoaderWorker.java:72)
  at worker.org.gradle.process.internal.worker.GradleWorkerMain.run(GradleWorkerMain.java:69)
  at worker.org.gradle.process.internal.worker.GradleWorkerMain.main(GradleWorkerMain.java:74)
</stacktrace>
</test-failure>


TypeScriptCompilerTests_P[jvm] > parseImportAttributesError_ts compiles to JavaScript matching parseImportAttributesError_js[jvm] FAILED

<test-failure test="com.xemantic.typescript.compiler.TypeScriptCompilerTests_P.privacyTopLevelAmbientExternalModuleImportWithExport_ts compiles to JavaScript matching privacyTopLevelAmbientExternalModuleImportWithExport_js" platform="jvm">
<message>
--- expected
+++ actual
@@ -48,10 +48,6 @@
 export var publicUse_im_public_mi_public = new im_public_mi_public.c_private();
 
 
-//// [privacyTopLevelAmbientExternalModuleImportWithExport_require2.js]
-"use strict";
-//// [privacyTopLevelAmbientExternalModuleImportWithExport_require3.js]
-"use strict";
 //// [privacyTopLevelAmbientExternalModuleImportWithExport_require.js]
 "use strict";
 Object.defineProperty(exports, "__esModule", { value: true });
@@ -67,6 +63,10 @@
 class c_public {
 }
 exports.c_public = c_public;
+//// [privacyTopLevelAmbientExternalModuleImportWithExport_require2.js]
+"use strict";
+//// [privacyTopLevelAmbientExternalModuleImportWithExport_require3.js]
+"use strict";
 //// [privacyTopLevelAmbientExternalModuleImportWithExport_core.js]
 "use strict";
 Object.defineProperty(exports, "__esModule", { value: true });

</message>
<stacktrace>
  at org.junit.Assert.fail(Assert.java:89)
  at kotlin.test.junit.JUnitAsserter.fail(JUnitSupport.kt:56)
  at kotlin.test.AssertionsKt__AssertionsKt.fail(Assertions.kt:563)
  at kotlin.test.AssertionsKt.fail(Unknown Source)
  at com.xemantic.kotlin.test.SameAsKt.sameAs(SameAs.kt:52)
  at com.xemantic.typescript.compiler.TypeScriptTestSupportKt.sameAs(TypeScriptTestSupport.kt:99)
  at com.xemantic.typescript.compiler.TypeScriptCompilerTests_P.privacyTopLevelAmbientExternalModuleImportWithExport_ts compiles to JavaScript matching privacyTopLevelAmbientExternalModuleImportWithExport_js(TypeScriptCompilerTests_P.kt:1988)
  at java.base/jdk.internal.reflect.DirectMethodHandleAccessor.invoke(DirectMethodHandleAccessor.java:104)
  at java.base/java.lang.reflect.Method.invoke(Method.java:565)
  at org.junit.runners.model.FrameworkMethod$1.runReflectiveCall(FrameworkMethod.java:59)
  at org.junit.internal.runners.model.ReflectiveCallable.run(ReflectiveCallable.java:12)
  at org.junit.runners.model.FrameworkMethod.invokeExplosively(FrameworkMethod.java:56)
  at org.junit.internal.runners.statements.InvokeMethod.evaluate(InvokeMethod.java:17)
  at org.junit.runners.ParentRunner$3.evaluate(ParentRunner.java:306)
  at org.junit.runners.BlockJUnit4ClassRunner$1.evaluate(BlockJUnit4ClassRunner.java:100)
  at org.junit.runners.ParentRunner.runLeaf(ParentRunner.java:366)
  at org.junit.runners.BlockJUnit4ClassRunner.runChild(BlockJUnit4ClassRunner.java:103)
  at org.junit.runners.BlockJUnit4ClassRunner.runChild(BlockJUnit4ClassRunner.java:63)
  at org.junit.runners.ParentRunner$4.run(ParentRunner.java:331)
  at org.junit.runners.ParentRunner$1.schedule(ParentRunner.java:79)
  at org.junit.runners.ParentRunner.runChildren(ParentRunner.java:329)
  at org.junit.runners.ParentRunner.access$100(ParentRunner.java:66)
  at org.junit.runners.ParentRunner$2.evaluate(ParentRunner.java:293)
  at org.junit.runners.ParentRunner$3.evaluate(ParentRunner.java:306)
  at org.junit.runners.ParentRunner.run(ParentRunner.java:413)
  at org.junit.runner.JUnitCore.run(JUnitCore.java:137)
  at org.junit.runner.JUnitCore.run(JUnitCore.java:115)
  at org.gradle.api.internal.tasks.testing.junit.JUnitTestExecutor.runRequest(JUnitTestExecutor.java:175)
  at org.gradle.api.internal.tasks.testing.junit.JUnitTestExecutor.accept(JUnitTestExecutor.java:84)
  at org.gradle.api.internal.tasks.testing.junit.JUnitTestExecutor.accept(JUnitTestExecutor.java:47)
  at org.gradle.api.internal.tasks.testing.junit.AbstractJUnitTestDefinitionProcessor.processTestDefinition(AbstractJUnitTestDefinitionProcessor.java:65)
  at org.gradle.api.internal.tasks.testing.SuiteTestDefinitionProcessor.processTestDefinition(SuiteTestDefinitionProcessor.java:54)
  at java.base/jdk.internal.reflect.DirectMethodHandleAccessor.invoke(DirectMethodHandleAccessor.java:104)
  at java.base/java.lang.reflect.Method.invoke(Method.java:565)
  at org.gradle.internal.dispatch.MethodInvocation.invokeOn(MethodInvocation.java:77)
  at org.gradle.internal.dispatch.ReflectionDispatch.dispatch(ReflectionDispatch.java:28)
  at org.gradle.internal.dispatch.ReflectionDispatch.dispatch(ReflectionDispatch.java:19)
  at org.gradle.internal.dispatch.ContextClassLoaderDispatch.dispatch(ContextClassLoaderDispatch.java:33)
  at org.gradle.internal.dispatch.ProxyDispatchAdapter$DispatchingInvocationHandler.invoke(ProxyDispatchAdapter.java:88)
  at jdk.proxy1/jdk.proxy1.$Proxy4.processTestDefinition(Unknown Source)
  at org.gradle.api.internal.tasks.testing.worker.TestWorker$2.run(TestWorker.java:178)
  at org.gradle.api.internal.tasks.testing.worker.TestWorker.executeAndMaintainThreadName(TestWorker.java:126)
  at org.gradle.api.internal.tasks.testing.worker.TestWorker.execute(TestWorker.java:103)
  at org.gradle.api.internal.tasks.testing.worker.TestWorker.execute(TestWorker.java:63)
  at org.gradle.process.internal.worker.child.ActionExecutionWorker.execute(ActionExecutionWorker.java:56)
  at org.gradle.process.internal.worker.child.SystemApplicationClassLoaderWorker.call(SystemApplicationClassLoaderWorker.java:122)
  at org.gradle.process.internal.worker.child.SystemApplicationClassLoaderWorker.call(SystemApplicationClassLoaderWorker.java:72)
  at worker.org.gradle.process.internal.worker.GradleWorkerMain.run(GradleWorkerMain.java:69)
  at worker.org.gradle.process.internal.worker.GradleWorkerMain.main(GradleWorkerMain.java:74)
</stacktrace>
</test-failure>


TypeScriptCompilerTests_P[jvm] > privacyTopLevelAmbientExternalModuleImportWithExport_ts compiles to JavaScript matching privacyTopLevelAmbientExternalModuleImportWithExport_js[jvm] FAILED

<test-failure test="com.xemantic.typescript.compiler.TypeScriptCompilerTests_P.pathMappingInheritedBaseUrl_ts has expected errors matching pathMappingInheritedBaseUrl_errors_txt" platform="jvm">
<message>
Expected diagnostics from baseline typescript-repo/tests/baselines/reference/pathMappingInheritedBaseUrl.errors.txt but none produced
</message>
<stacktrace>
  at com.xemantic.typescript.compiler.TypeScriptTestSupportKt.errorsMatchBaseline(TypeScriptTestSupport.kt:125)
  at com.xemantic.typescript.compiler.TypeScriptCompilerTests_P.pathMappingInheritedBaseUrl_ts has expected errors matching pathMappingInheritedBaseUrl_errors_txt(TypeScriptCompilerTests_P.kt:1260)
  at java.base/jdk.internal.reflect.DirectMethodHandleAccessor.invoke(DirectMethodHandleAccessor.java:104)
  at java.base/java.lang.reflect.Method.invoke(Method.java:565)
  at org.junit.runners.model.FrameworkMethod$1.runReflectiveCall(FrameworkMethod.java:59)
  at org.junit.internal.runners.model.ReflectiveCallable.run(ReflectiveCallable.java:12)
  at org.junit.runners.model.FrameworkMethod.invokeExplosively(FrameworkMethod.java:56)
  at org.junit.internal.runners.statements.InvokeMethod.evaluate(InvokeMethod.java:17)
  at org.junit.runners.ParentRunner$3.evaluate(ParentRunner.java:306)
  at org.junit.runners.BlockJUnit4ClassRunner$1.evaluate(BlockJUnit4ClassRunner.java:100)
  at org.junit.runners.ParentRunner.runLeaf(ParentRunner.java:366)
  at org.junit.runners.BlockJUnit4ClassRunner.runChild(BlockJUnit4ClassRunner.java:103)
  at org.junit.runners.BlockJUnit4ClassRunner.runChild(BlockJUnit4ClassRunner.java:63)
  at org.junit.runners.ParentRunner$4.run(ParentRunner.java:331)
  at org.junit.runners.ParentRunner$1.schedule(ParentRunner.java:79)
  at org.junit.runners.ParentRunner.runChildren(ParentRunner.java:329)
  at org.junit.runners.ParentRunner.access$100(ParentRunner.java:66)
  at org.junit.runners.ParentRunner$2.evaluate(ParentRunner.java:293)
  at org.junit.runners.ParentRunner$3.evaluate(ParentRunner.java:306)
  at org.junit.runners.ParentRunner.run(ParentRunner.java:413)
  at org.junit.runner.JUnitCore.run(JUnitCore.java:137)
  at org.junit.runner.JUnitCore.run(JUnitCore.java:115)
  at org.gradle.api.internal.tasks.testing.junit.JUnitTestExecutor.runRequest(JUnitTestExecutor.java:175)
  at org.gradle.api.internal.tasks.testing.junit.JUnitTestExecutor.accept(JUnitTestExecutor.java:84)
  at org.gradle.api.internal.tasks.testing.junit.JUnitTestExecutor.accept(JUnitTestExecutor.java:47)
  at org.gradle.api.internal.tasks.testing.junit.AbstractJUnitTestDefinitionProcessor.processTestDefinition(AbstractJUnitTestDefinitionProcessor.java:65)
  at org.gradle.api.internal.tasks.testing.SuiteTestDefinitionProcessor.processTestDefinition(SuiteTestDefinitionProcessor.java:54)
  at java.base/jdk.internal.reflect.DirectMethodHandleAccessor.invoke(DirectMethodHandleAccessor.java:104)
  at java.base/java.lang.reflect.Method.invoke(Method.java:565)
  at org.gradle.internal.dispatch.MethodInvocation.invokeOn(MethodInvocation.java:77)
  at org.gradle.internal.dispatch.ReflectionDispatch.dispatch(ReflectionDispatch.java:28)
  at org.gradle.internal.dispatch.ReflectionDispatch.dispatch(ReflectionDispatch.java:19)
  at org.gradle.internal.dispatch.ContextClassLoaderDispatch.dispatch(ContextClassLoaderDispatch.java:33)
  at org.gradle.internal.dispatch.ProxyDispatchAdapter$DispatchingInvocationHandler.invoke(ProxyDispatchAdapter.java:88)
  at jdk.proxy1/jdk.proxy1.$Proxy4.processTestDefinition(Unknown Source)
  at org.gradle.api.internal.tasks.testing.worker.TestWorker$2.run(TestWorker.java:178)
  at org.gradle.api.internal.tasks.testing.worker.TestWorker.executeAndMaintainThreadName(TestWorker.java:126)
  at org.gradle.api.internal.tasks.testing.worker.TestWorker.execute(TestWorker.java:103)
  at org.gradle.api.internal.tasks.testing.worker.TestWorker.execute(TestWorker.java:63)
  at org.gradle.process.internal.worker.child.ActionExecutionWorker.execute(ActionExecutionWorker.java:56)
  at org.gradle.process.internal.worker.child.SystemApplicationClassLoaderWorker.call(SystemApplicationClassLoaderWorker.java:122)
  at org.gradle.process.internal.worker.child.SystemApplicationClassLoaderWorker.call(SystemApplicationClassLoaderWorker.java:72)
  at worker.org.gradle.process.internal.worker.GradleWorkerMain.run(GradleWorkerMain.java:69)
  at worker.org.gradle.process.internal.worker.GradleWorkerMain.main(GradleWorkerMain.java:74)
</stacktrace>
</test-failure>


TypeScriptCompilerTests_P[jvm] > pathMappingInheritedBaseUrl_ts has expected errors matching pathMappingInheritedBaseUrl_errors_txt[jvm] FAILED

<test-failure test="com.xemantic.typescript.compiler.TypeScriptCompilerTests_P.parameterListAsTupleType_ts has expected errors matching parameterListAsTupleType_errors_txt" platform="jvm">
<message>
Expected diagnostics from baseline typescript-repo/tests/baselines/reference/parameterListAsTupleType.errors.txt but none produced
</message>
<stacktrace>
  at com.xemantic.typescript.compiler.TypeScriptTestSupportKt.errorsMatchBaseline(TypeScriptTestSupport.kt:125)
  at com.xemantic.typescript.compiler.TypeScriptCompilerTests_P.parameterListAsTupleType_ts has expected errors matching parameterListAsTupleType_errors_txt(TypeScriptCompilerTests_P.kt:147)
  at java.base/jdk.internal.reflect.DirectMethodHandleAccessor.invoke(DirectMethodHandleAccessor.java:104)
  at java.base/java.lang.reflect.Method.invoke(Method.java:565)
  at org.junit.runners.model.FrameworkMethod$1.runReflectiveCall(FrameworkMethod.java:59)
  at org.junit.internal.runners.model.ReflectiveCallable.run(ReflectiveCallable.java:12)
  at org.junit.runners.model.FrameworkMethod.invokeExplosively(FrameworkMethod.java:56)
  at org.junit.internal.runners.statements.InvokeMethod.evaluate(InvokeMethod.java:17)
  at org.junit.runners.ParentRunner$3.evaluate(ParentRunner.java:306)
  at org.junit.runners.BlockJUnit4ClassRunner$1.evaluate(BlockJUnit4ClassRunner.java:100)
  at org.junit.runners.ParentRunner.runLeaf(ParentRunner.java:366)
  at org.junit.runners.BlockJUnit4ClassRunner.runChild(BlockJUnit4ClassRunner.java:103)
  at org.junit.runners.BlockJUnit4ClassRunner.runChild(BlockJUnit4ClassRunner.java:63)
  at org.junit.runners.ParentRunner$4.run(ParentRunner.java:331)
  at org.junit.runners.ParentRunner$1.schedule(ParentRunner.java:79)
  at org.junit.runners.ParentRunner.runChildren(ParentRunner.java:329)
  at org.junit.runners.ParentRunner.access$100(ParentRunner.java:66)
  at org.junit.runners.ParentRunner$2.evaluate(ParentRunner.java:293)
  at org.junit.runners.ParentRunner$3.evaluate(ParentRunner.java:306)
  at org.junit.runners.ParentRunner.run(ParentRunner.java:413)
  at org.junit.runner.JUnitCore.run(JUnitCore.java:137)
  at org.junit.runner.JUnitCore.run(JUnitCore.java:115)
  at org.gradle.api.internal.tasks.testing.junit.JUnitTestExecutor.runRequest(JUnitTestExecutor.java:175)
  at org.gradle.api.internal.tasks.testing.junit.JUnitTestExecutor.accept(JUnitTestExecutor.java:84)
  at org.gradle.api.internal.tasks.testing.junit.JUnitTestExecutor.accept(JUnitTestExecutor.java:47)
  at org.gradle.api.internal.tasks.testing.junit.AbstractJUnitTestDefinitionProcessor.processTestDefinition(AbstractJUnitTestDefinitionProcessor.java:65)
  at org.gradle.api.internal.tasks.testing.SuiteTestDefinitionProcessor.processTestDefinition(SuiteTestDefinitionProcessor.java:54)
  at java.base/jdk.internal.reflect.DirectMethodHandleAccessor.invoke(DirectMethodHandleAccessor.java:104)
  at java.base/java.lang.reflect.Method.invoke(Method.java:565)
  at org.gradle.internal.dispatch.MethodInvocation.invokeOn(MethodInvocation.java:77)
  at org.gradle.internal.dispatch.ReflectionDispatch.dispatch(ReflectionDispatch.java:28)
  at org.gradle.internal.dispatch.ReflectionDispatch.dispatch(ReflectionDispatch.java:19)
  at org.gradle.internal.dispatch.ContextClassLoaderDispatch.dispatch(ContextClassLoaderDispatch.java:33)
  at org.gradle.internal.dispatch.ProxyDispatchAdapter$DispatchingInvocationHandler.invoke(ProxyDispatchAdapter.java:88)
  at jdk.proxy1/jdk.proxy1.$Proxy4.processTestDefinition(Unknown Source)
  at org.gradle.api.internal.tasks.testing.worker.TestWorker$2.run(TestWorker.java:178)
  at org.gradle.api.internal.tasks.testing.worker.TestWorker.executeAndMaintainThreadName(TestWorker.java:126)
  at org.gradle.api.internal.tasks.testing.worker.TestWorker.execute(TestWorker.java:103)
  at org.gradle.api.internal.tasks.testing.worker.TestWorker.execute(TestWorker.java:63)
  at org.gradle.process.internal.worker.child.ActionExecutionWorker.execute(ActionExecutionWorker.java:56)
  at org.gradle.process.internal.worker.child.SystemApplicationClassLoaderWorker.call(SystemApplicationClassLoaderWorker.java:122)
  at org.gradle.process.internal.worker.child.SystemApplicationClassLoaderWorker.call(SystemApplicationClassLoaderWorker.java:72)
  at worker.org.gradle.process.internal.worker.GradleWorkerMain.run(GradleWorkerMain.java:69)
  at worker.org.gradle.process.internal.worker.GradleWorkerMain.main(GradleWorkerMain.java:74)
</stacktrace>
</test-failure>


TypeScriptCompilerTests_P[jvm] > parameterListAsTupleType_ts has expected errors matching parameterListAsTupleType_errors_txt[jvm] FAILED

<test-failure test="com.xemantic.typescript.compiler.TypeScriptCompilerTests_P.privateFieldAssignabilityFromUnknown_ts__target_es2015__has expected errors matching baseline" platform="jvm">
<message>
Expected diagnostics from baseline typescript-repo/tests/baselines/reference/privateFieldAssignabilityFromUnknown(target=es2015).errors.txt but none produced
</message>
<stacktrace>
  at com.xemantic.typescript.compiler.TypeScriptTestSupportKt.errorsMatchBaseline(TypeScriptTestSupport.kt:125)
  at com.xemantic.typescript.compiler.TypeScriptCompilerTests_P.privateFieldAssignabilityFromUnknown_ts__target_es2015__has expected errors matching baseline(TypeScriptCompilerTests_P.kt:2142)
  at java.base/jdk.internal.reflect.DirectMethodHandleAccessor.invoke(DirectMethodHandleAccessor.java:104)
  at java.base/java.lang.reflect.Method.invoke(Method.java:565)
  at org.junit.runners.model.FrameworkMethod$1.runReflectiveCall(FrameworkMethod.java:59)
  at org.junit.internal.runners.model.ReflectiveCallable.run(ReflectiveCallable.java:12)
  at org.junit.runners.model.FrameworkMethod.invokeExplosively(FrameworkMethod.java:56)
  at org.junit.internal.runners.statements.InvokeMethod.evaluate(InvokeMethod.java:17)
  at org.junit.runners.ParentRunner$3.evaluate(ParentRunner.java:306)
  at org.junit.runners.BlockJUnit4ClassRunner$1.evaluate(BlockJUnit4ClassRunner.java:100)
  at org.junit.runners.ParentRunner.runLeaf(ParentRunner.java:366)
  at org.junit.runners.BlockJUnit4ClassRunner.runChild(BlockJUnit4ClassRunner.java:103)
  at org.junit.runners.BlockJUnit4ClassRunner.runChild(BlockJUnit4ClassRunner.java:63)
  at org.junit.runners.ParentRunner$4.run(ParentRunner.java:331)
  at org.junit.runners.ParentRunner$1.schedule(ParentRunner.java:79)
  at org.junit.runners.ParentRunner.runChildren(ParentRunner.java:329)
  at org.junit.runners.ParentRunner.access$100(ParentRunner.java:66)
  at org.junit.runners.ParentRunner$2.evaluate(ParentRunner.java:293)
  at org.junit.runners.ParentRunner$3.evaluate(ParentRunner.java:306)
  at org.junit.runners.ParentRunner.run(ParentRunner.java:413)
  at org.junit.runner.JUnitCore.run(JUnitCore.java:137)
  at org.junit.runner.JUnitCore.run(JUnitCore.java:115)
  at org.gradle.api.internal.tasks.testing.junit.JUnitTestExecutor.runRequest(JUnitTestExecutor.java:175)
  at org.gradle.api.internal.tasks.testing.junit.JUnitTestExecutor.accept(JUnitTestExecutor.java:84)
  at org.gradle.api.internal.tasks.testing.junit.JUnitTestExecutor.accept(JUnitTestExecutor.java:47)
  at org.gradle.api.internal.tasks.testing.junit.AbstractJUnitTestDefinitionProcessor.processTestDefinition(AbstractJUnitTestDefinitionProcessor.java:65)
  at org.gradle.api.internal.tasks.testing.SuiteTestDefinitionProcessor.processTestDefinition(SuiteTestDefinitionProcessor.java:54)
  at java.base/jdk.internal.reflect.DirectMethodHandleAccessor.invoke(DirectMethodHandleAccessor.java:104)
  at java.base/java.lang.reflect.Method.invoke(Method.java:565)
  at org.gradle.internal.dispatch.MethodInvocation.invokeOn(MethodInvocation.java:77)
  at org.gradle.internal.dispatch.ReflectionDispatch.dispatch(ReflectionDispatch.java:28)
  at org.gradle.internal.dispatch.ReflectionDispatch.dispatch(ReflectionDispatch.java:19)
  at org.gradle.internal.dispatch.ContextClassLoaderDispatch.dispatch(ContextClassLoaderDispatch.java:33)
  at org.gradle.internal.dispatch.ProxyDispatchAdapter$DispatchingInvocationHandler.invoke(ProxyDispatchAdapter.java:88)
  at jdk.proxy1/jdk.proxy1.$Proxy4.processTestDefinition(Unknown Source)
  at org.gradle.api.internal.tasks.testing.worker.TestWorker$2.run(TestWorker.java:178)
  at org.gradle.api.internal.tasks.testing.worker.TestWorker.executeAndMaintainThreadName(TestWorker.java:126)
  at org.gradle.api.internal.tasks.testing.worker.TestWorker.execute(TestWorker.java:103)
  at org.gradle.api.internal.tasks.testing.worker.TestWorker.execute(TestWorker.java:63)
  at org.gradle.process.internal.worker.child.ActionExecutionWorker.execute(ActionExecutionWorker.java:56)
  at org.gradle.process.internal.worker.child.SystemApplicationClassLoaderWorker.call(SystemApplicationClassLoaderWorker.java:122)
  at org.gradle.process.internal.worker.child.SystemApplicationClassLoaderWorker.call(SystemApplicationClassLoaderWorker.java:72)
  at worker.org.gradle.process.internal.worker.GradleWorkerMain.run(GradleWorkerMain.java:69)
  at worker.org.gradle.process.internal.worker.GradleWorkerMain.main(GradleWorkerMain.java:74)
</stacktrace>
</test-failure>


TypeScriptCompilerTests_P[jvm] > privateFieldAssignabilityFromUnknown_ts__target_es2015__has expected errors matching baseline[jvm] FAILED

<test-failure test="com.xemantic.typescript.compiler.TypeScriptCompilerTests_P.pathMappingBasedModuleResolution3_classic_ts compiles to JavaScript matching pathMappingBasedModuleResolution3_classic_js" platform="jvm">
<message>
--- expected
+++ actual
@@ -16,6 +16,12 @@
 //// [file4.ts]
 export var y = 100;
 
+//// [file1.js]
+define(["require", "exports", "folder2/file2"], function (require, exports, file2_1) {
+    "use strict";
+    Object.defineProperty(exports, "__esModule", { value: true });
+    use(file2_1.x.toExponential());
+});
 //// [file3.js]
 define(["require", "exports"], function (require, exports) {
     "use strict";
@@ -23,13 +29,6 @@
     exports.x = void 0;
     exports.x = 1;
 });
-//// [file4.js]
-define(["require", "exports"], function (require, exports) {
-    "use strict";
-    Object.defineProperty(exports, "__esModule", { value: true });
-    exports.y = void 0;
-    exports.y = 100;
-});
 //// [file2.js]
 define(["require", "exports", "./file3", "file4"], function (require, exports, file3_1, file4_1) {
     "use strict";
@@ -37,9 +36,10 @@
     exports.x = void 0;
     exports.x = file3_1.x + file4_1.y;
 });
-//// [file1.js]
-define(["require", "exports", "folder2/file2"], function (require, exports, file2_1) {
+//// [file4.js]
+define(["require", "exports"], function (require, exports) {
     "use strict";
     Object.defineProperty(exports, "__esModule", { value: true });
-    use(file2_1.x.toExponential());
+    exports.y = void 0;
+    exports.y = 100;
 });

</message>
<stacktrace>
  at org.junit.Assert.fail(Assert.java:89)
  at kotlin.test.junit.JUnitAsserter.fail(JUnitSupport.kt:56)
  at kotlin.test.AssertionsKt__AssertionsKt.fail(Assertions.kt:563)
  at kotlin.test.AssertionsKt.fail(Unknown Source)
  at com.xemantic.kotlin.test.SameAsKt.sameAs(SameAs.kt:52)
  at com.xemantic.typescript.compiler.TypeScriptTestSupportKt.sameAs(TypeScriptTestSupport.kt:99)
  at com.xemantic.typescript.compiler.TypeScriptCompilerTests_P.pathMappingBasedModuleResolution3_classic_ts compiles to JavaScript matching pathMappingBasedModuleResolution3_classic_js(TypeScriptCompilerTests_P.kt:952)
  at java.base/jdk.internal.reflect.DirectMethodHandleAccessor.invoke(DirectMethodHandleAccessor.java:104)
  at java.base/java.lang.reflect.Method.invoke(Method.java:565)
  at org.junit.runners.model.FrameworkMethod$1.runReflectiveCall(FrameworkMethod.java:59)
  at org.junit.internal.runners.model.ReflectiveCallable.run(ReflectiveCallable.java:12)
  at org.junit.runners.model.FrameworkMethod.invokeExplosively(FrameworkMethod.java:56)
  at org.junit.internal.runners.statements.InvokeMethod.evaluate(InvokeMethod.java:17)
  at org.junit.runners.ParentRunner$3.evaluate(ParentRunner.java:306)
  at org.junit.runners.BlockJUnit4ClassRunner$1.evaluate(BlockJUnit4ClassRunner.java:100)
  at org.junit.runners.ParentRunner.runLeaf(ParentRunner.java:366)
  at org.junit.runners.BlockJUnit4ClassRunner.runChild(BlockJUnit4ClassRunner.java:103)
  at org.junit.runners.BlockJUnit4ClassRunner.runChild(BlockJUnit4ClassRunner.java:63)
  at org.junit.runners.ParentRunner$4.run(ParentRunner.java:331)
  at org.junit.runners.ParentRunner$1.schedule(ParentRunner.java:79)
  at org.junit.runners.ParentRunner.runChildren(ParentRunner.java:329)
  at org.junit.runners.ParentRunner.access$100(ParentRunner.java:66)
  at org.junit.runners.ParentRunner$2.evaluate(ParentRunner.java:293)
  at org.junit.runners.ParentRunner$3.evaluate(ParentRunner.java:306)
  at org.junit.runners.ParentRunner.run(ParentRunner.java:413)
  at org.junit.runner.JUnitCore.run(JUnitCore.java:137)
  at org.junit.runner.JUnitCore.run(JUnitCore.java:115)
  at org.gradle.api.internal.tasks.testing.junit.JUnitTestExecutor.runRequest(JUnitTestExecutor.java:175)
  at org.gradle.api.internal.tasks.testing.junit.JUnitTestExecutor.accept(JUnitTestExecutor.java:84)
  at org.gradle.api.internal.tasks.testing.junit.JUnitTestExecutor.accept(JUnitTestExecutor.java:47)
  at org.gradle.api.internal.tasks.testing.junit.AbstractJUnitTestDefinitionProcessor.processTestDefinition(AbstractJUnitTestDefinitionProcessor.java:65)
  at org.gradle.api.internal.tasks.testing.SuiteTestDefinitionProcessor.processTestDefinition(SuiteTestDefinitionProcessor.java:54)
  at java.base/jdk.internal.reflect.DirectMethodHandleAccessor.invoke(DirectMethodHandleAccessor.java:104)
  at java.base/java.lang.reflect.Method.invoke(Method.java:565)
  at org.gradle.internal.dispatch.MethodInvocation.invokeOn(MethodInvocation.java:77)
  at org.gradle.internal.dispatch.ReflectionDispatch.dispatch(ReflectionDispatch.java:28)
  at org.gradle.internal.dispatch.ReflectionDispatch.dispatch(ReflectionDispatch.java:19)
  at org.gradle.internal.dispatch.ContextClassLoaderDispatch.dispatch(ContextClassLoaderDispatch.java:33)
  at org.gradle.internal.dispatch.ProxyDispatchAdapter$DispatchingInvocationHandler.invoke(ProxyDispatchAdapter.java:88)
  at jdk.proxy1/jdk.proxy1.$Proxy4.processTestDefinition(Unknown Source)
  at org.gradle.api.internal.tasks.testing.worker.TestWorker$2.run(TestWorker.java:178)
  at org.gradle.api.internal.tasks.testing.worker.TestWorker.executeAndMaintainThreadName(TestWorker.java:126)
  at org.gradle.api.internal.tasks.testing.worker.TestWorker.execute(TestWorker.java:103)
  at org.gradle.api.internal.tasks.testing.worker.TestWorker.execute(TestWorker.java:63)
  at org.gradle.process.internal.worker.child.ActionExecutionWorker.execute(ActionExecutionWorker.java:56)
  at org.gradle.process.internal.worker.child.SystemApplicationClassLoaderWorker.call(SystemApplicationClassLoaderWorker.java:122)
  at org.gradle.process.internal.worker.child.SystemApplicationClassLoaderWorker.call(SystemApplicationClassLoaderWorker.java:72)
  at worker.org.gradle.process.internal.worker.GradleWorkerMain.run(GradleWorkerMain.java:69)
  at worker.org.gradle.process.internal.worker.GradleWorkerMain.main(GradleWorkerMain.java:74)
</stacktrace>
</test-failure>


TypeScriptCompilerTests_P[jvm] > pathMappingBasedModuleResolution3_classic_ts compiles to JavaScript matching pathMappingBasedModuleResolution3_classic_js[jvm] FAILED

<test-failure test="com.xemantic.typescript.compiler.TypeScriptCompilerTests_P.propTypeValidatorInference_ts compiles to JavaScript matching propTypeValidatorInference_js" platform="jvm">
<message>
--- expected
+++ actual
@@ -131,10 +131,13 @@
     bar: PropTypes.bool,
     baz: PropTypes.any
 };
-const arrayOfTypes = [PropTypes.string, PropTypes.bool, PropTypes.shape({
+const arrayOfTypes = [PropTypes.string,
+    PropTypes.bool,
+    PropTypes.shape({
         foo: PropTypes.string,
         bar: PropTypes.number.isRequired
-    })];
+    })
+];
 // TS checking
 const propTypes = {
     any: PropTypes.any,

</message>
<stacktrace>
  at org.junit.Assert.fail(Assert.java:89)
  at kotlin.test.junit.JUnitAsserter.fail(JUnitSupport.kt:56)
  at kotlin.test.AssertionsKt__AssertionsKt.fail(Assertions.kt:563)
  at kotlin.test.AssertionsKt.fail(Unknown Source)
  at com.xemantic.kotlin.test.SameAsKt.sameAs(SameAs.kt:52)
  at com.xemantic.typescript.compiler.TypeScriptTestSupportKt.sameAs(TypeScriptTestSupport.kt:99)
  at com.xemantic.typescript.compiler.TypeScriptCompilerTests_P.propTypeValidatorInference_ts compiles to JavaScript matching propTypeValidatorInference_js(TypeScriptCompilerTests_P.kt:2513)
  at java.base/jdk.internal.reflect.DirectMethodHandleAccessor.invoke(DirectMethodHandleAccessor.java:104)
  at java.base/java.lang.reflect.Method.invoke(Method.java:565)
  at org.junit.runners.model.FrameworkMethod$1.runReflectiveCall(FrameworkMethod.java:59)
  at org.junit.internal.runners.model.ReflectiveCallable.run(ReflectiveCallable.java:12)
  at org.junit.runners.model.FrameworkMethod.invokeExplosively(FrameworkMethod.java:56)
  at org.junit.internal.runners.statements.InvokeMethod.evaluate(InvokeMethod.java:17)
  at org.junit.runners.ParentRunner$3.evaluate(ParentRunner.java:306)
  at org.junit.runners.BlockJUnit4ClassRunner$1.evaluate(BlockJUnit4ClassRunner.java:100)
  at org.junit.runners.ParentRunner.runLeaf(ParentRunner.java:366)
  at org.junit.runners.BlockJUnit4ClassRunner.runChild(BlockJUnit4ClassRunner.java:103)
  at org.junit.runners.BlockJUnit4ClassRunner.runChild(BlockJUnit4ClassRunner.java:63)
  at org.junit.runners.ParentRunner$4.run(ParentRunner.java:331)
  at org.junit.runners.ParentRunner$1.schedule(ParentRunner.java:79)
  at org.junit.runners.ParentRunner.runChildren(ParentRunner.java:329)
  at org.junit.runners.ParentRunner.access$100(ParentRunner.java:66)
  at org.junit.runners.ParentRunner$2.evaluate(ParentRunner.java:293)
  at org.junit.runners.ParentRunner$3.evaluate(ParentRunner.java:306)
  at org.junit.runners.ParentRunner.run(ParentRunner.java:413)
  at org.junit.runner.JUnitCore.run(JUnitCore.java:137)
  at org.junit.runner.JUnitCore.run(JUnitCore.java:115)
  at org.gradle.api.internal.tasks.testing.junit.JUnitTestExecutor.runRequest(JUnitTestExecutor.java:175)
  at org.gradle.api.internal.tasks.testing.junit.JUnitTestExecutor.accept(JUnitTestExecutor.java:84)
  at org.gradle.api.internal.tasks.testing.junit.JUnitTestExecutor.accept(JUnitTestExecutor.java:47)
  at org.gradle.api.internal.tasks.testing.junit.AbstractJUnitTestDefinitionProcessor.processTestDefinition(AbstractJUnitTestDefinitionProcessor.java:65)
  at org.gradle.api.internal.tasks.testing.SuiteTestDefinitionProcessor.processTestDefinition(SuiteTestDefinitionProcessor.java:54)
  at java.base/jdk.internal.reflect.DirectMethodHandleAccessor.invoke(DirectMethodHandleAccessor.java:104)
  at java.base/java.lang.reflect.Method.invoke(Method.java:565)
  at org.gradle.internal.dispatch.MethodInvocation.invokeOn(MethodInvocation.java:77)
  at org.gradle.internal.dispatch.ReflectionDispatch.dispatch(ReflectionDispatch.java:28)
  at org.gradle.internal.dispatch.ReflectionDispatch.dispatch(ReflectionDispatch.java:19)
  at org.gradle.internal.dispatch.ContextClassLoaderDispatch.dispatch(ContextClassLoaderDispatch.java:33)
  at org.gradle.internal.dispatch.ProxyDispatchAdapter$DispatchingInvocationHandler.invoke(ProxyDispatchAdapter.java:88)
  at jdk.proxy1/jdk.proxy1.$Proxy4.processTestDefinition(Unknown Source)
  at org.gradle.api.internal.tasks.testing.worker.TestWorker$2.run(TestWorker.java:178)
  at org.gradle.api.internal.tasks.testing.worker.TestWorker.executeAndMaintainThreadName(TestWorker.java:126)
  at org.gradle.api.internal.tasks.testing.worker.TestWorker.execute(TestWorker.java:103)
  at org.gradle.api.internal.tasks.testing.worker.TestWorker.execute(TestWorker.java:63)
  at org.gradle.process.internal.worker.child.ActionExecutionWorker.execute(ActionExecutionWorker.java:56)
  at org.gradle.process.internal.worker.child.SystemApplicationClassLoaderWorker.call(SystemApplicationClassLoaderWorker.java:122)
  at org.gradle.process.internal.worker.child.SystemApplicationClassLoaderWorker.call(SystemApplicationClassLoaderWorker.java:72)
  at worker.org.gradle.process.internal.worker.GradleWorkerMain.run(GradleWorkerMain.java:69)
  at worker.org.gradle.process.internal.worker.GradleWorkerMain.main(GradleWorkerMain.java:74)
</stacktrace>
</test-failure>


TypeScriptCompilerTests_P[jvm] > propTypeValidatorInference_ts compiles to JavaScript matching propTypeValidatorInference_js[jvm] FAILED

<test-failure test="com.xemantic.typescript.compiler.TypeScriptCompilerTests_P.parseJsxElementInUnaryExpressionNoCrash3_ts compiles to JavaScript matching parseJsxElementInUnaryExpressionNoCrash3_js" platform="jvm">
<message>
--- expected
+++ actual
@@ -7,6 +7,6 @@
 
 //// [a.js]
 "use strict";
-!< {...}>
+!<{ :>
 
 </>;

</message>
<stacktrace>
  at org.junit.Assert.fail(Assert.java:89)
  at kotlin.test.junit.JUnitAsserter.fail(JUnitSupport.kt:56)
  at kotlin.test.AssertionsKt__AssertionsKt.fail(Assertions.kt:563)
  at kotlin.test.AssertionsKt.fail(Unknown Source)
  at com.xemantic.kotlin.test.SameAsKt.sameAs(SameAs.kt:52)
  at com.xemantic.typescript.compiler.TypeScriptTestSupportKt.sameAs(TypeScriptTestSupport.kt:99)
  at com.xemantic.typescript.compiler.TypeScriptCompilerTests_P.parseJsxElementInUnaryExpressionNoCrash3_ts compiles to JavaScript matching parseJsxElementInUnaryExpressionNoCrash3_js(TypeScriptCompilerTests_P.kt:651)
  at java.base/jdk.internal.reflect.DirectMethodHandleAccessor.invoke(DirectMethodHandleAccessor.java:104)
  at java.base/java.lang.reflect.Method.invoke(Method.java:565)
  at org.junit.runners.model.FrameworkMethod$1.runReflectiveCall(FrameworkMethod.java:59)
  at org.junit.internal.runners.model.ReflectiveCallable.run(ReflectiveCallable.java:12)
  at org.junit.runners.model.FrameworkMethod.invokeExplosively(FrameworkMethod.java:56)
  at org.junit.internal.runners.statements.InvokeMethod.evaluate(InvokeMethod.java:17)
  at org.junit.runners.ParentRunner$3.evaluate(ParentRunner.java:306)
  at org.junit.runners.BlockJUnit4ClassRunner$1.evaluate(BlockJUnit4ClassRunner.java:100)
  at org.junit.runners.ParentRunner.runLeaf(ParentRunner.java:366)
  at org.junit.runners.BlockJUnit4ClassRunner.runChild(BlockJUnit4ClassRunner.java:103)
  at org.junit.runners.BlockJUnit4ClassRunner.runChild(BlockJUnit4ClassRunner.java:63)
  at org.junit.runners.ParentRunner$4.run(ParentRunner.java:331)
  at org.junit.runners.ParentRunner$1.schedule(ParentRunner.java:79)
  at org.junit.runners.ParentRunner.runChildren(ParentRunner.java:329)
  at org.junit.runners.ParentRunner.access$100(ParentRunner.java:66)
  at org.junit.runners.ParentRunner$2.evaluate(ParentRunner.java:293)
  at org.junit.runners.ParentRunner$3.evaluate(ParentRunner.java:306)
  at org.junit.runners.ParentRunner.run(ParentRunner.java:413)
  at org.junit.runner.JUnitCore.run(JUnitCore.java:137)
  at org.junit.runner.JUnitCore.run(JUnitCore.java:115)
  at org.gradle.api.internal.tasks.testing.junit.JUnitTestExecutor.runRequest(JUnitTestExecutor.java:175)
  at org.gradle.api.internal.tasks.testing.junit.JUnitTestExecutor.accept(JUnitTestExecutor.java:84)
  at org.gradle.api.internal.tasks.testing.junit.JUnitTestExecutor.accept(JUnitTestExecutor.java:47)
  at org.gradle.api.internal.tasks.testing.junit.AbstractJUnitTestDefinitionProcessor.processTestDefinition(AbstractJUnitTestDefinitionProcessor.java:65)
  at org.gradle.api.internal.tasks.testing.SuiteTestDefinitionProcessor.processTestDefinition(SuiteTestDefinitionProcessor.java:54)
  at java.base/jdk.internal.reflect.DirectMethodHandleAccessor.invoke(DirectMethodHandleAccessor.java:104)
  at java.base/java.lang.reflect.Method.invoke(Method.java:565)
  at org.gradle.internal.dispatch.MethodInvocation.invokeOn(MethodInvocation.java:77)
  at org.gradle.internal.dispatch.ReflectionDispatch.dispatch(ReflectionDispatch.java:28)
  at org.gradle.internal.dispatch.ReflectionDispatch.dispatch(ReflectionDispatch.java:19)
  at org.gradle.internal.dispatch.ContextClassLoaderDispatch.dispatch(ContextClassLoaderDispatch.java:33)
  at org.gradle.internal.dispatch.ProxyDispatchAdapter$DispatchingInvocationHandler.invoke(ProxyDispatchAdapter.java:88)
  at jdk.proxy1/jdk.proxy1.$Proxy4.processTestDefinition(Unknown Source)
  at org.gradle.api.internal.tasks.testing.worker.TestWorker$2.run(TestWorker.java:178)
  at org.gradle.api.internal.tasks.testing.worker.TestWorker.executeAndMaintainThreadName(TestWorker.java:126)
  at org.gradle.api.internal.tasks.testing.worker.TestWorker.execute(TestWorker.java:103)
  at org.gradle.api.internal.tasks.testing.worker.TestWorker.execute(TestWorker.java:63)
  at org.gradle.process.internal.worker.child.ActionExecutionWorker.execute(ActionExecutionWorker.java:56)
  at org.gradle.process.internal.worker.child.SystemApplicationClassLoaderWorker.call(SystemApplicationClassLoaderWorker.java:122)
  at org.gradle.process.internal.worker.child.SystemApplicationClassLoaderWorker.call(SystemApplicationClassLoaderWorker.java:72)
  at worker.org.gradle.process.internal.worker.GradleWorkerMain.run(GradleWorkerMain.java:69)
  at worker.org.gradle.process.internal.worker.GradleWorkerMain.main(GradleWorkerMain.java:74)
</stacktrace>
</test-failure>


TypeScriptCompilerTests_P[jvm] > parseJsxElementInUnaryExpressionNoCrash3_ts compiles to JavaScript matching parseJsxElementInUnaryExpressionNoCrash3_js[jvm] FAILED

<test-failure test="com.xemantic.typescript.compiler.TypeScriptCompilerTests_P.propertyAccess3_ts has expected errors matching propertyAccess3_errors_txt" platform="jvm">
<message>
Expected diagnostics from baseline typescript-repo/tests/baselines/reference/propertyAccess3.errors.txt but none produced
</message>
<stacktrace>
  at com.xemantic.typescript.compiler.TypeScriptTestSupportKt.errorsMatchBaseline(TypeScriptTestSupport.kt:125)
  at com.xemantic.typescript.compiler.TypeScriptCompilerTests_P.propertyAccess3_ts has expected errors matching propertyAccess3_errors_txt(TypeScriptCompilerTests_P.kt:2632)
  at java.base/jdk.internal.reflect.DirectMethodHandleAccessor.invoke(DirectMethodHandleAccessor.java:104)
  at java.base/java.lang.reflect.Method.invoke(Method.java:565)
  at org.junit.runners.model.FrameworkMethod$1.runReflectiveCall(FrameworkMethod.java:59)
  at org.junit.internal.runners.model.ReflectiveCallable.run(ReflectiveCallable.java:12)
  at org.junit.runners.model.FrameworkMethod.invokeExplosively(FrameworkMethod.java:56)
  at org.junit.internal.runners.statements.InvokeMethod.evaluate(InvokeMethod.java:17)
  at org.junit.runners.ParentRunner$3.evaluate(ParentRunner.java:306)
  at org.junit.runners.BlockJUnit4ClassRunner$1.evaluate(BlockJUnit4ClassRunner.java:100)
  at org.junit.runners.ParentRunner.runLeaf(ParentRunner.java:366)
  at org.junit.runners.BlockJUnit4ClassRunner.runChild(BlockJUnit4ClassRunner.java:103)
  at org.junit.runners.BlockJUnit4ClassRunner.runChild(BlockJUnit4ClassRunner.java:63)
  at org.junit.runners.ParentRunner$4.run(ParentRunner.java:331)
  at org.junit.runners.ParentRunner$1.schedule(ParentRunner.java:79)
  at org.junit.runners.ParentRunner.runChildren(ParentRunner.java:329)
  at org.junit.runners.ParentRunner.access$100(ParentRunner.java:66)
  at org.junit.runners.ParentRunner$2.evaluate(ParentRunner.java:293)
  at org.junit.runners.ParentRunner$3.evaluate(ParentRunner.java:306)
  at org.junit.runners.ParentRunner.run(ParentRunner.java:413)
  at org.junit.runner.JUnitCore.run(JUnitCore.java:137)
  at org.junit.runner.JUnitCore.run(JUnitCore.java:115)
  at org.gradle.api.internal.tasks.testing.junit.JUnitTestExecutor.runRequest(JUnitTestExecutor.java:175)
  at org.gradle.api.internal.tasks.testing.junit.JUnitTestExecutor.accept(JUnitTestExecutor.java:84)
  at org.gradle.api.internal.tasks.testing.junit.JUnitTestExecutor.accept(JUnitTestExecutor.java:47)
  at org.gradle.api.internal.tasks.testing.junit.AbstractJUnitTestDefinitionProcessor.processTestDefinition(AbstractJUnitTestDefinitionProcessor.java:65)
  at org.gradle.api.internal.tasks.testing.SuiteTestDefinitionProcessor.processTestDefinition(SuiteTestDefinitionProcessor.java:54)
  at java.base/jdk.internal.reflect.DirectMethodHandleAccessor.invoke(DirectMethodHandleAccessor.java:104)
  at java.base/java.lang.reflect.Method.invoke(Method.java:565)
  at org.gradle.internal.dispatch.MethodInvocation.invokeOn(MethodInvocation.java:77)
  at org.gradle.internal.dispatch.ReflectionDispatch.dispatch(ReflectionDispatch.java:28)
  at org.gradle.internal.dispatch.ReflectionDispatch.dispatch(ReflectionDispatch.java:19)
  at org.gradle.internal.dispatch.ContextClassLoaderDispatch.dispatch(ContextClassLoaderDispatch.java:33)
  at org.gradle.internal.dispatch.ProxyDispatchAdapter$DispatchingInvocationHandler.invoke(ProxyDispatchAdapter.java:88)
  at jdk.proxy1/jdk.proxy1.$Proxy4.processTestDefinition(Unknown Source)
  at org.gradle.api.internal.tasks.testing.worker.TestWorker$2.run(TestWorker.java:178)
  at org.gradle.api.internal.tasks.testing.worker.TestWorker.executeAndMaintainThreadName(TestWorker.java:126)
  at org.gradle.api.internal.tasks.testing.worker.TestWorker.execute(TestWorker.java:103)
  at org.gradle.api.internal.tasks.testing.worker.TestWorker.execute(TestWorker.java:63)
  at org.gradle.process.internal.worker.child.ActionExecutionWorker.execute(ActionExecutionWorker.java:56)
  at org.gradle.process.internal.worker.child.SystemApplicationClassLoaderWorker.call(SystemApplicationClassLoaderWorker.java:122)
  at org.gradle.process.internal.worker.child.SystemApplicationClassLoaderWorker.call(SystemApplicationClassLoaderWorker.java:72)
  at worker.org.gradle.process.internal.worker.GradleWorkerMain.run(GradleWorkerMain.java:69)
  at worker.org.gradle.process.internal.worker.GradleWorkerMain.main(GradleWorkerMain.java:74)
</stacktrace>
</test-failure>


TypeScriptCompilerTests_P[jvm] > propertyAccess3_ts has expected errors matching propertyAccess3_errors_txt[jvm] FAILED

<test-failure test="com.xemantic.typescript.compiler.TypeScriptCompilerTests_P.promiseIdentityWithAny_ts has expected errors matching promiseIdentityWithAny_errors_txt" platform="jvm">
<message>
Expected diagnostics from baseline typescript-repo/tests/baselines/reference/promiseIdentityWithAny.errors.txt but none produced
</message>
<stacktrace>
  at com.xemantic.typescript.compiler.TypeScriptTestSupportKt.errorsMatchBaseline(TypeScriptTestSupport.kt:125)
  at com.xemantic.typescript.compiler.TypeScriptCompilerTests_P.promiseIdentityWithAny_ts has expected errors matching promiseIdentityWithAny_errors_txt(TypeScriptCompilerTests_P.kt:2352)
  at java.base/jdk.internal.reflect.DirectMethodHandleAccessor.invoke(DirectMethodHandleAccessor.java:104)
  at java.base/java.lang.reflect.Method.invoke(Method.java:565)
  at org.junit.runners.model.FrameworkMethod$1.runReflectiveCall(FrameworkMethod.java:59)
  at org.junit.internal.runners.model.ReflectiveCallable.run(ReflectiveCallable.java:12)
  at org.junit.runners.model.FrameworkMethod.invokeExplosively(FrameworkMethod.java:56)
  at org.junit.internal.runners.statements.InvokeMethod.evaluate(InvokeMethod.java:17)
  at org.junit.runners.ParentRunner$3.evaluate(ParentRunner.java:306)
  at org.junit.runners.BlockJUnit4ClassRunner$1.evaluate(BlockJUnit4ClassRunner.java:100)
  at org.junit.runners.ParentRunner.runLeaf(ParentRunner.java:366)
  at org.junit.runners.BlockJUnit4ClassRunner.runChild(BlockJUnit4ClassRunner.java:103)
  at org.junit.runners.BlockJUnit4ClassRunner.runChild(BlockJUnit4ClassRunner.java:63)
  at org.junit.runners.ParentRunner$4.run(ParentRunner.java:331)
  at org.junit.runners.ParentRunner$1.schedule(ParentRunner.java:79)
  at org.junit.runners.ParentRunner.runChildren(ParentRunner.java:329)
  at org.junit.runners.ParentRunner.access$100(ParentRunner.java:66)
  at org.junit.runners.ParentRunner$2.evaluate(ParentRunner.java:293)
  at org.junit.runners.ParentRunner$3.evaluate(ParentRunner.java:306)
  at org.junit.runners.ParentRunner.run(ParentRunner.java:413)
  at org.junit.runner.JUnitCore.run(JUnitCore.java:137)
  at org.junit.runner.JUnitCore.run(JUnitCore.java:115)
  at org.gradle.api.internal.tasks.testing.junit.JUnitTestExecutor.runRequest(JUnitTestExecutor.java:175)
  at org.gradle.api.internal.tasks.testing.junit.JUnitTestExecutor.accept(JUnitTestExecutor.java:84)
  at org.gradle.api.internal.tasks.testing.junit.JUnitTestExecutor.accept(JUnitTestExecutor.java:47)
  at org.gradle.api.internal.tasks.testing.junit.AbstractJUnitTestDefinitionProcessor.processTestDefinition(AbstractJUnitTestDefinitionProcessor.java:65)
  at org.gradle.api.internal.tasks.testing.SuiteTestDefinitionProcessor.processTestDefinition(SuiteTestDefinitionProcessor.java:54)
  at java.base/jdk.internal.reflect.DirectMethodHandleAccessor.invoke(DirectMethodHandleAccessor.java:104)
  at java.base/java.lang.reflect.Method.invoke(Method.java:565)
  at org.gradle.internal.dispatch.MethodInvocation.invokeOn(MethodInvocation.java:77)
  at org.gradle.internal.dispatch.ReflectionDispatch.dispatch(ReflectionDispatch.java:28)
  at org.gradle.internal.dispatch.ReflectionDispatch.dispatch(ReflectionDispatch.java:19)
  at org.gradle.internal.dispatch.ContextClassLoaderDispatch.dispatch(ContextClassLoaderDispatch.java:33)
  at org.gradle.internal.dispatch.ProxyDispatchAdapter$DispatchingInvocationHandler.invoke(ProxyDispatchAdapter.java:88)
  at jdk.proxy1/jdk.proxy1.$Proxy4.processTestDefinition(Unknown Source)
  at org.gradle.api.internal.tasks.testing.worker.TestWorker$2.run(TestWorker.java:178)
  at org.gradle.api.internal.tasks.testing.worker.TestWorker.executeAndMaintainThreadName(TestWorker.java:126)
  at org.gradle.api.internal.tasks.testing.worker.TestWorker.execute(TestWorker.java:103)
  at org.gradle.api.internal.tasks.testing.worker.TestWorker.execute(TestWorker.java:63)
  at org.gradle.process.internal.worker.child.ActionExecutionWorker.execute(ActionExecutionWorker.java:56)
  at org.gradle.process.internal.worker.child.SystemApplicationClassLoaderWorker.call(SystemApplicationClassLoaderWorker.java:122)
  at org.gradle.process.internal.worker.child.SystemApplicationClassLoaderWorker.call(SystemApplicationClassLoaderWorker.java:72)
  at worker.org.gradle.process.internal.worker.GradleWorkerMain.run(GradleWorkerMain.java:69)
  at worker.org.gradle.process.internal.worker.GradleWorkerMain.main(GradleWorkerMain.java:74)
</stacktrace>
</test-failure>


TypeScriptCompilerTests_P[jvm] > promiseIdentityWithAny_ts has expected errors matching promiseIdentityWithAny_errors_txt[jvm] FAILED

<test-failure test="com.xemantic.typescript.compiler.TypeScriptCompilerTests_P.privateFieldAssignabilityFromUnknown_ts__target_es2015__compiles to JavaScript matching baseline" platform="jvm">
<message>
--- expected
+++ actual
@@ -9,11 +9,7 @@
 
 
 //// [privateFieldAssignabilityFromUnknown.js]
-var _Class_field;
 export class Class {
-    constructor() {
-        _Class_field.set(this, void 0);
-    }
+    #field;
 }
-_Class_field = new WeakMap();
 const task = {};

</message>
<stacktrace>
  at org.junit.Assert.fail(Assert.java:89)
  at kotlin.test.junit.JUnitAsserter.fail(JUnitSupport.kt:56)
  at kotlin.test.AssertionsKt__AssertionsKt.fail(Assertions.kt:563)
  at kotlin.test.AssertionsKt.fail(Unknown Source)
  at com.xemantic.kotlin.test.SameAsKt.sameAs(SameAs.kt:52)
  at com.xemantic.typescript.compiler.TypeScriptTestSupportKt.sameAs(TypeScriptTestSupport.kt:99)
  at com.xemantic.typescript.compiler.TypeScriptCompilerTests_P.privateFieldAssignabilityFromUnknown_ts__target_es2015__compiles to JavaScript matching baseline(TypeScriptCompilerTests_P.kt:2128)
  at java.base/jdk.internal.reflect.DirectMethodHandleAccessor.invoke(DirectMethodHandleAccessor.java:104)
  at java.base/java.lang.reflect.Method.invoke(Method.java:565)
  at org.junit.runners.model.FrameworkMethod$1.runReflectiveCall(FrameworkMethod.java:59)
  at org.junit.internal.runners.model.ReflectiveCallable.run(ReflectiveCallable.java:12)
  at org.junit.runners.model.FrameworkMethod.invokeExplosively(FrameworkMethod.java:56)
  at org.junit.internal.runners.statements.InvokeMethod.evaluate(InvokeMethod.java:17)
  at org.junit.runners.ParentRunner$3.evaluate(ParentRunner.java:306)
  at org.junit.runners.BlockJUnit4ClassRunner$1.evaluate(BlockJUnit4ClassRunner.java:100)
  at org.junit.runners.ParentRunner.runLeaf(ParentRunner.java:366)
  at org.junit.runners.BlockJUnit4ClassRunner.runChild(BlockJUnit4ClassRunner.java:103)
  at org.junit.runners.BlockJUnit4ClassRunner.runChild(BlockJUnit4ClassRunner.java:63)
  at org.junit.runners.ParentRunner$4.run(ParentRunner.java:331)
  at org.junit.runners.ParentRunner$1.schedule(ParentRunner.java:79)
  at org.junit.runners.ParentRunner.runChildren(ParentRunner.java:329)
  at org.junit.runners.ParentRunner.access$100(ParentRunner.java:66)
  at org.junit.runners.ParentRunner$2.evaluate(ParentRunner.java:293)
  at org.junit.runners.ParentRunner$3.evaluate(ParentRunner.java:306)
  at org.junit.runners.ParentRunner.run(ParentRunner.java:413)
  at org.junit.runner.JUnitCore.run(JUnitCore.java:137)
  at org.junit.runner.JUnitCore.run(JUnitCore.java:115)
  at org.gradle.api.internal.tasks.testing.junit.JUnitTestExecutor.runRequest(JUnitTestExecutor.java:175)
  at org.gradle.api.internal.tasks.testing.junit.JUnitTestExecutor.accept(JUnitTestExecutor.java:84)
  at org.gradle.api.internal.tasks.testing.junit.JUnitTestExecutor.accept(JUnitTestExecutor.java:47)
  at org.gradle.api.internal.tasks.testing.junit.AbstractJUnitTestDefinitionProcessor.processTestDefinition(AbstractJUnitTestDefinitionProcessor.java:65)
  at org.gradle.api.internal.tasks.testing.SuiteTestDefinitionProcessor.processTestDefinition(SuiteTestDefinitionProcessor.java:54)
  at java.base/jdk.internal.reflect.DirectMethodHandleAccessor.invoke(DirectMethodHandleAccessor.java:104)
  at java.base/java.lang.reflect.Method.invoke(Method.java:565)
  at org.gradle.internal.dispatch.MethodInvocation.invokeOn(MethodInvocation.java:77)
  at org.gradle.internal.dispatch.ReflectionDispatch.dispatch(ReflectionDispatch.java:28)
  at org.gradle.internal.dispatch.ReflectionDispatch.dispatch(ReflectionDispatch.java:19)
  at org.gradle.internal.dispatch.ContextClassLoaderDispatch.dispatch(ContextClassLoaderDispatch.java:33)
  at org.gradle.internal.dispatch.ProxyDispatchAdapter$DispatchingInvocationHandler.invoke(ProxyDispatchAdapter.java:88)
  at jdk.proxy1/jdk.proxy1.$Proxy4.processTestDefinition(Unknown Source)
  at org.gradle.api.internal.tasks.testing.worker.TestWorker$2.run(TestWorker.java:178)
  at org.gradle.api.internal.tasks.testing.worker.TestWorker.executeAndMaintainThreadName(TestWorker.java:126)
  at org.gradle.api.internal.tasks.testing.worker.TestWorker.execute(TestWorker.java:103)
  at org.gradle.api.internal.tasks.testing.worker.TestWorker.execute(TestWorker.java:63)
  at org.gradle.process.internal.worker.child.ActionExecutionWorker.execute(ActionExecutionWorker.java:56)
  at org.gradle.process.internal.worker.child.SystemApplicationClassLoaderWorker.call(SystemApplicationClassLoaderWorker.java:122)
  at org.gradle.process.internal.worker.child.SystemApplicationClassLoaderWorker.call(SystemApplicationClassLoaderWorker.java:72)
  at worker.org.gradle.process.internal.worker.GradleWorkerMain.run(GradleWorkerMain.java:69)
  at worker.org.gradle.process.internal.worker.GradleWorkerMain.main(GradleWorkerMain.java:74)
</stacktrace>
</test-failure>


TypeScriptCompilerTests_P[jvm] > privateFieldAssignabilityFromUnknown_ts__target_es2015__compiles to JavaScript matching baseline[jvm] FAILED

<test-failure test="com.xemantic.typescript.compiler.TypeScriptCompilerTests_P.pathMappingBasedModuleResolution8_node_ts compiles to JavaScript matching pathMappingBasedModuleResolution8_node_js" platform="jvm">
<message>
--- expected
+++ actual
@@ -10,8 +10,8 @@
 //// [index.js]
 "use strict";
 Object.defineProperty(exports, "__esModule", { value: true });
-exports.x = void 0;
-exports.x = 1 + 2;
 //// [index.js]
 "use strict";
 Object.defineProperty(exports, "__esModule", { value: true });
+exports.x = void 0;
+exports.x = 1 + 2;

</message>
<stacktrace>
  at org.junit.Assert.fail(Assert.java:89)
  at kotlin.test.junit.JUnitAsserter.fail(JUnitSupport.kt:56)
  at kotlin.test.AssertionsKt__AssertionsKt.fail(Assertions.kt:563)
  at kotlin.test.AssertionsKt.fail(Unknown Source)
  at com.xemantic.kotlin.test.SameAsKt.sameAs(SameAs.kt:52)
  at com.xemantic.typescript.compiler.TypeScriptTestSupportKt.sameAs(TypeScriptTestSupport.kt:99)
  at com.xemantic.typescript.compiler.TypeScriptCompilerTests_P.pathMappingBasedModuleResolution8_node_ts compiles to JavaScript matching pathMappingBasedModuleResolution8_node_js(TypeScriptCompilerTests_P.kt:1099)
  at java.base/jdk.internal.reflect.DirectMethodHandleAccessor.invoke(DirectMethodHandleAccessor.java:104)
  at java.base/java.lang.reflect.Method.invoke(Method.java:565)
  at org.junit.runners.model.FrameworkMethod$1.runReflectiveCall(FrameworkMethod.java:59)
  at org.junit.internal.runners.model.ReflectiveCallable.run(ReflectiveCallable.java:12)
  at org.junit.runners.model.FrameworkMethod.invokeExplosively(FrameworkMethod.java:56)
  at org.junit.internal.runners.statements.InvokeMethod.evaluate(InvokeMethod.java:17)
  at org.junit.runners.ParentRunner$3.evaluate(ParentRunner.java:306)
  at org.junit.runners.BlockJUnit4ClassRunner$1.evaluate(BlockJUnit4ClassRunner.java:100)
  at org.junit.runners.ParentRunner.runLeaf(ParentRunner.java:366)
  at org.junit.runners.BlockJUnit4ClassRunner.runChild(BlockJUnit4ClassRunner.java:103)
  at org.junit.runners.BlockJUnit4ClassRunner.runChild(BlockJUnit4ClassRunner.java:63)
  at org.junit.runners.ParentRunner$4.run(ParentRunner.java:331)
  at org.junit.runners.ParentRunner$1.schedule(ParentRunner.java:79)
  at org.junit.runners.ParentRunner.runChildren(ParentRunner.java:329)
  at org.junit.runners.ParentRunner.access$100(ParentRunner.java:66)
  at org.junit.runners.ParentRunner$2.evaluate(ParentRunner.java:293)
  at org.junit.runners.ParentRunner$3.evaluate(ParentRunner.java:306)
  at org.junit.runners.ParentRunner.run(ParentRunner.java:413)
  at org.junit.runner.JUnitCore.run(JUnitCore.java:137)
  at org.junit.runner.JUnitCore.run(JUnitCore.java:115)
  at org.gradle.api.internal.tasks.testing.junit.JUnitTestExecutor.runRequest(JUnitTestExecutor.java:175)
  at org.gradle.api.internal.tasks.testing.junit.JUnitTestExecutor.accept(JUnitTestExecutor.java:84)
  at org.gradle.api.internal.tasks.testing.junit.JUnitTestExecutor.accept(JUnitTestExecutor.java:47)
  at org.gradle.api.internal.tasks.testing.junit.AbstractJUnitTestDefinitionProcessor.processTestDefinition(AbstractJUnitTestDefinitionProcessor.java:65)
  at org.gradle.api.internal.tasks.testing.SuiteTestDefinitionProcessor.processTestDefinition(SuiteTestDefinitionProcessor.java:54)
  at java.base/jdk.internal.reflect.DirectMethodHandleAccessor.invoke(DirectMethodHandleAccessor.java:104)
  at java.base/java.lang.reflect.Method.invoke(Method.java:565)
  at org.gradle.internal.dispatch.MethodInvocation.invokeOn(MethodInvocation.java:77)
  at org.gradle.internal.dispatch.ReflectionDispatch.dispatch(ReflectionDispatch.java:28)
  at org.gradle.internal.dispatch.ReflectionDispatch.dispatch(ReflectionDispatch.java:19)
  at org.gradle.internal.dispatch.ContextClassLoaderDispatch.dispatch(ContextClassLoaderDispatch.java:33)
  at org.gradle.internal.dispatch.ProxyDispatchAdapter$DispatchingInvocationHandler.invoke(ProxyDispatchAdapter.java:88)
  at jdk.proxy1/jdk.proxy1.$Proxy4.processTestDefinition(Unknown Source)
  at org.gradle.api.internal.tasks.testing.worker.TestWorker$2.run(TestWorker.java:178)
  at org.gradle.api.internal.tasks.testing.worker.TestWorker.executeAndMaintainThreadName(TestWorker.java:126)
  at org.gradle.api.internal.tasks.testing.worker.TestWorker.execute(TestWorker.java:103)
  at org.gradle.api.internal.tasks.testing.worker.TestWorker.execute(TestWorker.java:63)
  at org.gradle.process.internal.worker.child.ActionExecutionWorker.execute(ActionExecutionWorker.java:56)
  at org.gradle.process.internal.worker.child.SystemApplicationClassLoaderWorker.call(SystemApplicationClassLoaderWorker.java:122)
  at org.gradle.process.internal.worker.child.SystemApplicationClassLoaderWorker.call(SystemApplicationClassLoaderWorker.java:72)
  at worker.org.gradle.process.internal.worker.GradleWorkerMain.run(GradleWorkerMain.java:69)
  at worker.org.gradle.process.internal.worker.GradleWorkerMain.main(GradleWorkerMain.java:74)
</stacktrace>
</test-failure>


TypeScriptCompilerTests_P[jvm] > pathMappingBasedModuleResolution8_node_ts compiles to JavaScript matching pathMappingBasedModuleResolution8_node_js[jvm] FAILED

<test-failure test="com.xemantic.typescript.compiler.TypeScriptCompilerTests_P.promiseIdentity_ts has expected errors matching promiseIdentity_errors_txt" platform="jvm">
<message>
Expected diagnostics from baseline typescript-repo/tests/baselines/reference/promiseIdentity.errors.txt but none produced
</message>
<stacktrace>
  at com.xemantic.typescript.compiler.TypeScriptTestSupportKt.errorsMatchBaseline(TypeScriptTestSupport.kt:125)
  at com.xemantic.typescript.compiler.TypeScriptCompilerTests_P.promiseIdentity_ts has expected errors matching promiseIdentity_errors_txt(TypeScriptCompilerTests_P.kt:2324)
  at java.base/jdk.internal.reflect.DirectMethodHandleAccessor.invoke(DirectMethodHandleAccessor.java:104)
  at java.base/java.lang.reflect.Method.invoke(Method.java:565)
  at org.junit.runners.model.FrameworkMethod$1.runReflectiveCall(FrameworkMethod.java:59)
  at org.junit.internal.runners.model.ReflectiveCallable.run(ReflectiveCallable.java:12)
  at org.junit.runners.model.FrameworkMethod.invokeExplosively(FrameworkMethod.java:56)
  at org.junit.internal.runners.statements.InvokeMethod.evaluate(InvokeMethod.java:17)
  at org.junit.runners.ParentRunner$3.evaluate(ParentRunner.java:306)
  at org.junit.runners.BlockJUnit4ClassRunner$1.evaluate(BlockJUnit4ClassRunner.java:100)
  at org.junit.runners.ParentRunner.runLeaf(ParentRunner.java:366)
  at org.junit.runners.BlockJUnit4ClassRunner.runChild(BlockJUnit4ClassRunner.java:103)
  at org.junit.runners.BlockJUnit4ClassRunner.runChild(BlockJUnit4ClassRunner.java:63)
  at org.junit.runners.ParentRunner$4.run(ParentRunner.java:331)
  at org.junit.runners.ParentRunner$1.schedule(ParentRunner.java:79)
  at org.junit.runners.ParentRunner.runChildren(ParentRunner.java:329)
  at org.junit.runners.ParentRunner.access$100(ParentRunner.java:66)
  at org.junit.runners.ParentRunner$2.evaluate(ParentRunner.java:293)
  at org.junit.runners.ParentRunner$3.evaluate(ParentRunner.java:306)
  at org.junit.runners.ParentRunner.run(ParentRunner.java:413)
  at org.junit.runner.JUnitCore.run(JUnitCore.java:137)
  at org.junit.runner.JUnitCore.run(JUnitCore.java:115)
  at org.gradle.api.internal.tasks.testing.junit.JUnitTestExecutor.runRequest(JUnitTestExecutor.java:175)
  at org.gradle.api.internal.tasks.testing.junit.JUnitTestExecutor.accept(JUnitTestExecutor.java:84)
  at org.gradle.api.internal.tasks.testing.junit.JUnitTestExecutor.accept(JUnitTestExecutor.java:47)
  at org.gradle.api.internal.tasks.testing.junit.AbstractJUnitTestDefinitionProcessor.processTestDefinition(AbstractJUnitTestDefinitionProcessor.java:65)
  at org.gradle.api.internal.tasks.testing.SuiteTestDefinitionProcessor.processTestDefinition(SuiteTestDefinitionProcessor.java:54)
  at java.base/jdk.internal.reflect.DirectMethodHandleAccessor.invoke(DirectMethodHandleAccessor.java:104)
  at java.base/java.lang.reflect.Method.invoke(Method.java:565)
  at org.gradle.internal.dispatch.MethodInvocation.invokeOn(MethodInvocation.java:77)
  at org.gradle.internal.dispatch.ReflectionDispatch.dispatch(ReflectionDispatch.java:28)
  at org.gradle.internal.dispatch.ReflectionDispatch.dispatch(ReflectionDispatch.java:19)
  at org.gradle.internal.dispatch.ContextClassLoaderDispatch.dispatch(ContextClassLoaderDispatch.java:33)
  at org.gradle.internal.dispatch.ProxyDispatchAdapter$DispatchingInvocationHandler.invoke(ProxyDispatchAdapter.java:88)
  at jdk.proxy1/jdk.proxy1.$Proxy4.processTestDefinition(Unknown Source)
  at org.gradle.api.internal.tasks.testing.worker.TestWorker$2.run(TestWorker.java:178)
  at org.gradle.api.internal.tasks.testing.worker.TestWorker.executeAndMaintainThreadName(TestWorker.java:126)
  at org.gradle.api.internal.tasks.testing.worker.TestWorker.execute(TestWorker.java:103)
  at org.gradle.api.internal.tasks.testing.worker.TestWorker.execute(TestWorker.java:63)
  at org.gradle.process.internal.worker.child.ActionExecutionWorker.execute(ActionExecutionWorker.java:56)
  at org.gradle.process.internal.worker.child.SystemApplicationClassLoaderWorker.call(SystemApplicationClassLoaderWorker.java:122)
  at org.gradle.process.internal.worker.child.SystemApplicationClassLoaderWorker.call(SystemApplicationClassLoaderWorker.java:72)
  at worker.org.gradle.process.internal.worker.GradleWorkerMain.run(GradleWorkerMain.java:69)
  at worker.org.gradle.process.internal.worker.GradleWorkerMain.main(GradleWorkerMain.java:74)
</stacktrace>
</test-failure>


TypeScriptCompilerTests_P[jvm] > promiseIdentity_ts has expected errors matching promiseIdentity_errors_txt[jvm] FAILED

<test-failure test="com.xemantic.typescript.compiler.TypeScriptCompilerTests_P.paramsOnlyHaveLiteralTypesWhenAppropriatelyContextualized_ts has expected errors matching paramsOnlyHaveLiteralTypesWhenAppropriatelyContextualized_errors_txt" platform="jvm">
<message>
Expected diagnostics from baseline typescript-repo/tests/baselines/reference/paramsOnlyHaveLiteralTypesWhenAppropriatelyContextualized.errors.txt but none produced
</message>
<stacktrace>
  at com.xemantic.typescript.compiler.TypeScriptTestSupportKt.errorsMatchBaseline(TypeScriptTestSupport.kt:125)
  at com.xemantic.typescript.compiler.TypeScriptCompilerTests_P.paramsOnlyHaveLiteralTypesWhenAppropriatelyContextualized_ts has expected errors matching paramsOnlyHaveLiteralTypesWhenAppropriatelyContextualized_errors_txt(TypeScriptCompilerTests_P.kt:329)
  at java.base/jdk.internal.reflect.DirectMethodHandleAccessor.invoke(DirectMethodHandleAccessor.java:104)
  at java.base/java.lang.reflect.Method.invoke(Method.java:565)
  at org.junit.runners.model.FrameworkMethod$1.runReflectiveCall(FrameworkMethod.java:59)
  at org.junit.internal.runners.model.ReflectiveCallable.run(ReflectiveCallable.java:12)
  at org.junit.runners.model.FrameworkMethod.invokeExplosively(FrameworkMethod.java:56)
  at org.junit.internal.runners.statements.InvokeMethod.evaluate(InvokeMethod.java:17)
  at org.junit.runners.ParentRunner$3.evaluate(ParentRunner.java:306)
  at org.junit.runners.BlockJUnit4ClassRunner$1.evaluate(BlockJUnit4ClassRunner.java:100)
  at org.junit.runners.ParentRunner.runLeaf(ParentRunner.java:366)
  at org.junit.runners.BlockJUnit4ClassRunner.runChild(BlockJUnit4ClassRunner.java:103)
  at org.junit.runners.BlockJUnit4ClassRunner.runChild(BlockJUnit4ClassRunner.java:63)
  at org.junit.runners.ParentRunner$4.run(ParentRunner.java:331)
  at org.junit.runners.ParentRunner$1.schedule(ParentRunner.java:79)
  at org.junit.runners.ParentRunner.runChildren(ParentRunner.java:329)
  at org.junit.runners.ParentRunner.access$100(ParentRunner.java:66)
  at org.junit.runners.ParentRunner$2.evaluate(ParentRunner.java:293)
  at org.junit.runners.ParentRunner$3.evaluate(ParentRunner.java:306)
  at org.junit.runners.ParentRunner.run(ParentRunner.java:413)
  at org.junit.runner.JUnitCore.run(JUnitCore.java:137)
  at org.junit.runner.JUnitCore.run(JUnitCore.java:115)
  at org.gradle.api.internal.tasks.testing.junit.JUnitTestExecutor.runRequest(JUnitTestExecutor.java:175)
  at org.gradle.api.internal.tasks.testing.junit.JUnitTestExecutor.accept(JUnitTestExecutor.java:84)
  at org.gradle.api.internal.tasks.testing.junit.JUnitTestExecutor.accept(JUnitTestExecutor.java:47)
  at org.gradle.api.internal.tasks.testing.junit.AbstractJUnitTestDefinitionProcessor.processTestDefinition(AbstractJUnitTestDefinitionProcessor.java:65)
  at org.gradle.api.internal.tasks.testing.SuiteTestDefinitionProcessor.processTestDefinition(SuiteTestDefinitionProcessor.java:54)
  at java.base/jdk.internal.reflect.DirectMethodHandleAccessor.invoke(DirectMethodHandleAccessor.java:104)
  at java.base/java.lang.reflect.Method.invoke(Method.java:565)
  at org.gradle.internal.dispatch.MethodInvocation.invokeOn(MethodInvocation.java:77)
  at org.gradle.internal.dispatch.ReflectionDispatch.dispatch(ReflectionDispatch.java:28)
  at org.gradle.internal.dispatch.ReflectionDispatch.dispatch(ReflectionDispatch.java:19)
  at org.gradle.internal.dispatch.ContextClassLoaderDispatch.dispatch(ContextClassLoaderDispatch.java:33)
  at org.gradle.internal.dispatch.ProxyDispatchAdapter$DispatchingInvocationHandler.invoke(ProxyDispatchAdapter.java:88)
  at jdk.proxy1/jdk.proxy1.$Proxy4.processTestDefinition(Unknown Source)
  at org.gradle.api.internal.tasks.testing.worker.TestWorker$2.run(TestWorker.java:178)
  at org.gradle.api.internal.tasks.testing.worker.TestWorker.executeAndMaintainThreadName(TestWorker.java:126)
  at org.gradle.api.internal.tasks.testing.worker.TestWorker.execute(TestWorker.java:103)
  at org.gradle.api.internal.tasks.testing.worker.TestWorker.execute(TestWorker.java:63)
  at org.gradle.process.internal.worker.child.ActionExecutionWorker.execute(ActionExecutionWorker.java:56)
  at org.gradle.process.internal.worker.child.SystemApplicationClassLoaderWorker.call(SystemApplicationClassLoaderWorker.java:122)
  at org.gradle.process.internal.worker.child.SystemApplicationClassLoaderWorker.call(SystemApplicationClassLoaderWorker.java:72)
  at worker.org.gradle.process.internal.worker.GradleWorkerMain.run(GradleWorkerMain.java:69)
  at worker.org.gradle.process.internal.worker.GradleWorkerMain.main(GradleWorkerMain.java:74)
</stacktrace>
</test-failure>


TypeScriptCompilerTests_P[jvm] > paramsOnlyHaveLiteralTypesWhenAppropriatelyContextualized_ts has expected errors matching paramsOnlyHaveLiteralTypesWhenAppropriatelyContextualized_errors_txt[jvm] FAILED

<test-failure test="com.xemantic.typescript.compiler.TypeScriptCompilerTests_P.publicGetterProtectedSetterFromThisParameter_ts__target_es2015__has expected errors matching baseline" platform="jvm">
<message>
--- expected
+++ actual
@@ -1,5 +1,5 @@
-publicGetterProtectedSetterFromThisParameter.ts(33,7): error TS2445: Property 'q' is protected and only accessible within class 'B' and its subclasses.
-publicGetterProtectedSetterFromThisParameter.ts(34,7): error TS2445: Property 'u' is protected and only accessible within class 'B' and its subclasses.
+publicGetterProtectedSetterFromThisParameter.ts(18,10): error TS2339: Property 'x' does not exist on type 'B'.
+publicGetterProtectedSetterFromThisParameter.ts(19,10): error TS2339: Property 'y' does not exist on type 'B'.
 
 
 ==== publicGetterProtectedSetterFromThisParameter.ts (2 errors) ====
@@ -21,7 +21,11 @@
       foo(this: A, a: A, b: B) {
         // Should have no errors in this block
         this.x = 0;
+             ~
+!!! error TS2339: Property 'x' does not exist on type 'B'.
         this.y = 0;
+             ~
+!!! error TS2339: Property 'y' does not exist on type 'B'.
         a.x = 0;
         a.y = 0;
         b.q = 0;
@@ -36,9 +40,5 @@
         a.y = 0;
         // These should error
         b.q = 0;
-          ~
-!!! error TS2445: Property 'q' is protected and only accessible within class 'B' and its subclasses.
         b.u = 0;
-          ~
-!!! error TS2445: Property 'u' is protected and only accessible within class 'B' and its subclasses.
     }

</message>
<stacktrace>
  at org.junit.Assert.fail(Assert.java:89)
  at kotlin.test.junit.JUnitAsserter.fail(JUnitSupport.kt:56)
  at kotlin.test.AssertionsKt__AssertionsKt.fail(Assertions.kt:563)
  at kotlin.test.AssertionsKt.fail(Unknown Source)
  at com.xemantic.kotlin.test.SameAsKt.sameAs(SameAs.kt:52)
  at com.xemantic.typescript.compiler.TypeScriptTestSupportKt.errorsMatchBaseline(TypeScriptTestSupport.kt:135)
  at com.xemantic.typescript.compiler.TypeScriptCompilerTests_P.publicGetterProtectedSetterFromThisParameter_ts__target_es2015__has expected errors matching baseline(TypeScriptCompilerTests_P.kt:2982)
  at java.base/jdk.internal.reflect.DirectMethodHandleAccessor.invoke(DirectMethodHandleAccessor.java:104)
  at java.base/java.lang.reflect.Method.invoke(Method.java:565)
  at org.junit.runners.model.FrameworkMethod$1.runReflectiveCall(FrameworkMethod.java:59)
  at org.junit.internal.runners.model.ReflectiveCallable.run(ReflectiveCallable.java:12)
  at org.junit.runners.model.FrameworkMethod.invokeExplosively(FrameworkMethod.java:56)
  at org.junit.internal.runners.statements.InvokeMethod.evaluate(InvokeMethod.java:17)
  at org.junit.runners.ParentRunner$3.evaluate(ParentRunner.java:306)
  at org.junit.runners.BlockJUnit4ClassRunner$1.evaluate(BlockJUnit4ClassRunner.java:100)
  at org.junit.runners.ParentRunner.runLeaf(ParentRunner.java:366)
  at org.junit.runners.BlockJUnit4ClassRunner.runChild(BlockJUnit4ClassRunner.java:103)
  at org.junit.runners.BlockJUnit4ClassRunner.runChild(BlockJUnit4ClassRunner.java:63)
  at org.junit.runners.ParentRunner$4.run(ParentRunner.java:331)
  at org.junit.runners.ParentRunner$1.schedule(ParentRunner.java:79)
  at org.junit.runners.ParentRunner.runChildren(ParentRunner.java:329)
  at org.junit.runners.ParentRunner.access$100(ParentRunner.java:66)
  at org.junit.runners.ParentRunner$2.evaluate(ParentRunner.java:293)
  at org.junit.runners.ParentRunner$3.evaluate(ParentRunner.java:306)
  at org.junit.runners.ParentRunner.run(ParentRunner.java:413)
  at org.junit.runner.JUnitCore.run(JUnitCore.java:137)
  at org.junit.runner.JUnitCore.run(JUnitCore.java:115)
  at org.gradle.api.internal.tasks.testing.junit.JUnitTestExecutor.runRequest(JUnitTestExecutor.java:175)
  at org.gradle.api.internal.tasks.testing.junit.JUnitTestExecutor.accept(JUnitTestExecutor.java:84)
  at org.gradle.api.internal.tasks.testing.junit.JUnitTestExecutor.accept(JUnitTestExecutor.java:47)
  at org.gradle.api.internal.tasks.testing.junit.AbstractJUnitTestDefinitionProcessor.processTestDefinition(AbstractJUnitTestDefinitionProcessor.java:65)
  at org.gradle.api.internal.tasks.testing.SuiteTestDefinitionProcessor.processTestDefinition(SuiteTestDefinitionProcessor.java:54)
  at java.base/jdk.internal.reflect.DirectMethodHandleAccessor.invoke(DirectMethodHandleAccessor.java:104)
  at java.base/java.lang.reflect.Method.invoke(Method.java:565)
  at org.gradle.internal.dispatch.MethodInvocation.invokeOn(MethodInvocation.java:77)
  at org.gradle.internal.dispatch.ReflectionDispatch.dispatch(ReflectionDispatch.java:28)
  at org.gradle.internal.dispatch.ReflectionDispatch.dispatch(ReflectionDispatch.java:19)
  at org.gradle.internal.dispatch.ContextClassLoaderDispatch.dispatch(ContextClassLoaderDispatch.java:33)
  at org.gradle.internal.dispatch.ProxyDispatchAdapter$DispatchingInvocationHandler.invoke(ProxyDispatchAdapter.java:88)
  at jdk.proxy1/jdk.proxy1.$Proxy4.processTestDefinition(Unknown Source)
  at org.gradle.api.internal.tasks.testing.worker.TestWorker$2.run(TestWorker.java:178)
  at org.gradle.api.internal.tasks.testing.worker.TestWorker.executeAndMaintainThreadName(TestWorker.java:126)
  at org.gradle.api.internal.tasks.testing.worker.TestWorker.execute(TestWorker.java:103)
  at org.gradle.api.internal.tasks.testing.worker.TestWorker.execute(TestWorker.java:63)
  at org.gradle.process.internal.worker.child.ActionExecutionWorker.execute(ActionExecutionWorker.java:56)
  at org.gradle.process.internal.worker.child.SystemApplicationClassLoaderWorker.call(SystemApplicationClassLoaderWorker.java:122)
  at org.gradle.process.internal.worker.child.SystemApplicationClassLoaderWorker.call(SystemApplicationClassLoaderWorker.java:72)
  at worker.org.gradle.process.internal.worker.GradleWorkerMain.run(GradleWorkerMain.java:69)
  at worker.org.gradle.process.internal.worker.GradleWorkerMain.main(GradleWorkerMain.java:74)
</stacktrace>
</test-failure>


TypeScriptCompilerTests_P[jvm] > publicGetterProtectedSetterFromThisParameter_ts__target_es2015__has expected errors matching baseline[jvm] FAILED

<test-failure test="com.xemantic.typescript.compiler.TypeScriptCompilerTests_P.parseUnaryExpressionNoTypeAssertionInJsx2_ts has expected errors matching parseUnaryExpressionNoTypeAssertionInJsx2_errors_txt" platform="jvm">
<message>
--- expected
+++ actual
@@ -1,15 +1,9 @@
-index.js(2,12): error TS17014: JSX fragment has no corresponding closing tag.
-index.js(2,13): error TS17004: Cannot use JSX unless the '--jsx' flag is provided.
-index.js(3,1): error TS1005: '</' expected.
+index.js(3,1): error TS1005: '<' expected.
 
 
-==== index.js (3 errors) ====
+==== index.js (1 errors) ====
     const x = "oops";
     const y = + <> x;
-               ~~~
-!!! error TS17014: JSX fragment has no corresponding closing tag.
-                ~~
-!!! error TS17004: Cannot use JSX unless the '--jsx' flag is provided.
     
     
-!!! error TS1005: '</' expected.
+!!! error TS1005: '<' expected.

</message>
<stacktrace>
  at org.junit.Assert.fail(Assert.java:89)
  at kotlin.test.junit.JUnitAsserter.fail(JUnitSupport.kt:56)
  at kotlin.test.AssertionsKt__AssertionsKt.fail(Assertions.kt:563)
  at kotlin.test.AssertionsKt.fail(Unknown Source)
  at com.xemantic.kotlin.test.SameAsKt.sameAs(SameAs.kt:52)
  at com.xemantic.typescript.compiler.TypeScriptTestSupportKt.errorsMatchBaseline(TypeScriptTestSupport.kt:135)
  at com.xemantic.typescript.compiler.TypeScriptCompilerTests_P.parseUnaryExpressionNoTypeAssertionInJsx2_ts has expected errors matching parseUnaryExpressionNoTypeAssertionInJsx2_errors_txt(TypeScriptCompilerTests_P.kt:728)
  at java.base/jdk.internal.reflect.DirectMethodHandleAccessor.invoke(DirectMethodHandleAccessor.java:104)
  at java.base/java.lang.reflect.Method.invoke(Method.java:565)
  at org.junit.runners.model.FrameworkMethod$1.runReflectiveCall(FrameworkMethod.java:59)
  at org.junit.internal.runners.model.ReflectiveCallable.run(ReflectiveCallable.java:12)
  at org.junit.runners.model.FrameworkMethod.invokeExplosively(FrameworkMethod.java:56)
  at org.junit.internal.runners.statements.InvokeMethod.evaluate(InvokeMethod.java:17)
  at org.junit.runners.ParentRunner$3.evaluate(ParentRunner.java:306)
  at org.junit.runners.BlockJUnit4ClassRunner$1.evaluate(BlockJUnit4ClassRunner.java:100)
  at org.junit.runners.ParentRunner.runLeaf(ParentRunner.java:366)
  at org.junit.runners.BlockJUnit4ClassRunner.runChild(BlockJUnit4ClassRunner.java:103)
  at org.junit.runners.BlockJUnit4ClassRunner.runChild(BlockJUnit4ClassRunner.java:63)
  at org.junit.runners.ParentRunner$4.run(ParentRunner.java:331)
  at org.junit.runners.ParentRunner$1.schedule(ParentRunner.java:79)
  at org.junit.runners.ParentRunner.runChildren(ParentRunner.java:329)
  at org.junit.runners.ParentRunner.access$100(ParentRunner.java:66)
  at org.junit.runners.ParentRunner$2.evaluate(ParentRunner.java:293)
  at org.junit.runners.ParentRunner$3.evaluate(ParentRunner.java:306)
  at org.junit.runners.ParentRunner.run(ParentRunner.java:413)
  at org.junit.runner.JUnitCore.run(JUnitCore.java:137)
  at org.junit.runner.JUnitCore.run(JUnitCore.java:115)
  at org.gradle.api.internal.tasks.testing.junit.JUnitTestExecutor.runRequest(JUnitTestExecutor.java:175)
  at org.gradle.api.internal.tasks.testing.junit.JUnitTestExecutor.accept(JUnitTestExecutor.java:84)
  at org.gradle.api.internal.tasks.testing.junit.JUnitTestExecutor.accept(JUnitTestExecutor.java:47)
  at org.gradle.api.internal.tasks.testing.junit.AbstractJUnitTestDefinitionProcessor.processTestDefinition(AbstractJUnitTestDefinitionProcessor.java:65)
  at org.gradle.api.internal.tasks.testing.SuiteTestDefinitionProcessor.processTestDefinition(SuiteTestDefinitionProcessor.java:54)
  at java.base/jdk.internal.reflect.DirectMethodHandleAccessor.invoke(DirectMethodHandleAccessor.java:104)
  at java.base/java.lang.reflect.Method.invoke(Method.java:565)
  at org.gradle.internal.dispatch.MethodInvocation.invokeOn(MethodInvocation.java:77)
  at org.gradle.internal.dispatch.ReflectionDispatch.dispatch(ReflectionDispatch.java:28)
  at org.gradle.internal.dispatch.ReflectionDispatch.dispatch(ReflectionDispatch.java:19)
  at org.gradle.internal.dispatch.ContextClassLoaderDispatch.dispatch(ContextClassLoaderDispatch.java:33)
  at org.gradle.internal.dispatch.ProxyDispatchAdapter$DispatchingInvocationHandler.invoke(ProxyDispatchAdapter.java:88)
  at jdk.proxy1/jdk.proxy1.$Proxy4.processTestDefinition(Unknown Source)
  at org.gradle.api.internal.tasks.testing.worker.TestWorker$2.run(TestWorker.java:178)
  at org.gradle.api.internal.tasks.testing.worker.TestWorker.executeAndMaintainThreadName(TestWorker.java:126)
  at org.gradle.api.internal.tasks.testing.worker.TestWorker.execute(TestWorker.java:103)
  at org.gradle.api.internal.tasks.testing.worker.TestWorker.execute(TestWorker.java:63)
  at org.gradle.process.internal.worker.child.ActionExecutionWorker.execute(ActionExecutionWorker.java:56)
  at org.gradle.process.internal.worker.child.SystemApplicationClassLoaderWorker.call(SystemApplicationClassLoaderWorker.java:122)
  at org.gradle.process.internal.worker.child.SystemApplicationClassLoaderWorker.call(SystemApplicationClassLoaderWorker.java:72)
  at worker.org.gradle.process.internal.worker.GradleWorkerMain.run(GradleWorkerMain.java:69)
  at worker.org.gradle.process.internal.worker.GradleWorkerMain.main(GradleWorkerMain.java:74)
</stacktrace>
</test-failure>


TypeScriptCompilerTests_P[jvm] > parseUnaryExpressionNoTypeAssertionInJsx2_ts has expected errors matching parseUnaryExpressionNoTypeAssertionInJsx2_errors_txt[jvm] FAILED

<test-failure test="com.xemantic.typescript.compiler.TypeScriptCompilerTests_P.pathMappingBasedModuleResolution_withExtensionInName_ts has expected errors matching pathMappingBasedModuleResolution_withExtensionInName_errors_txt" platform="jvm">
<message>
--- expected
+++ actual
@@ -2,6 +2,10 @@
   Visit https://aka.ms/ts6 for migration information.
 
 
+==== /a.ts (0 errors) ====
+    import { x } from "zone.js";
+    import { y } from "zone.tsx";
+    
 ==== /tsconfig.json (1 errors) ====
     {
         "compilerOptions": {
@@ -20,7 +24,3 @@
     
 ==== /foo/zone.tsx/index.d.ts (0 errors) ====
     export const y: number;
-    
-==== /a.ts (0 errors) ====
-    import { x } from "zone.js";
-    import { y } from "zone.tsx";

</message>
<stacktrace>
  at org.junit.Assert.fail(Assert.java:89)
  at kotlin.test.junit.JUnitAsserter.fail(JUnitSupport.kt:56)
  at kotlin.test.AssertionsKt__AssertionsKt.fail(Assertions.kt:563)
  at kotlin.test.AssertionsKt.fail(Unknown Source)
  at com.xemantic.kotlin.test.SameAsKt.sameAs(SameAs.kt:52)
  at com.xemantic.typescript.compiler.TypeScriptTestSupportKt.errorsMatchBaseline(TypeScriptTestSupport.kt:135)
  at com.xemantic.typescript.compiler.TypeScriptCompilerTests_P.pathMappingBasedModuleResolution_withExtensionInName_ts has expected errors matching pathMappingBasedModuleResolution_withExtensionInName_errors_txt(TypeScriptCompilerTests_P.kt:1218)
  at java.base/jdk.internal.reflect.DirectMethodHandleAccessor.invoke(DirectMethodHandleAccessor.java:104)
  at java.base/java.lang.reflect.Method.invoke(Method.java:565)
  at org.junit.runners.model.FrameworkMethod$1.runReflectiveCall(FrameworkMethod.java:59)
  at org.junit.internal.runners.model.ReflectiveCallable.run(ReflectiveCallable.java:12)
  at org.junit.runners.model.FrameworkMethod.invokeExplosively(FrameworkMethod.java:56)
  at org.junit.internal.runners.statements.InvokeMethod.evaluate(InvokeMethod.java:17)
  at org.junit.runners.ParentRunner$3.evaluate(ParentRunner.java:306)
  at org.junit.runners.BlockJUnit4ClassRunner$1.evaluate(BlockJUnit4ClassRunner.java:100)
  at org.junit.runners.ParentRunner.runLeaf(ParentRunner.java:366)
  at org.junit.runners.BlockJUnit4ClassRunner.runChild(BlockJUnit4ClassRunner.java:103)
  at org.junit.runners.BlockJUnit4ClassRunner.runChild(BlockJUnit4ClassRunner.java:63)
  at org.junit.runners.ParentRunner$4.run(ParentRunner.java:331)
  at org.junit.runners.ParentRunner$1.schedule(ParentRunner.java:79)
  at org.junit.runners.ParentRunner.runChildren(ParentRunner.java:329)
  at org.junit.runners.ParentRunner.access$100(ParentRunner.java:66)
  at org.junit.runners.ParentRunner$2.evaluate(ParentRunner.java:293)
  at org.junit.runners.ParentRunner$3.evaluate(ParentRunner.java:306)
  at org.junit.runners.ParentRunner.run(ParentRunner.java:413)
  at org.junit.runner.JUnitCore.run(JUnitCore.java:137)
  at org.junit.runner.JUnitCore.run(JUnitCore.java:115)
  at org.gradle.api.internal.tasks.testing.junit.JUnitTestExecutor.runRequest(JUnitTestExecutor.java:175)
  at org.gradle.api.internal.tasks.testing.junit.JUnitTestExecutor.accept(JUnitTestExecutor.java:84)
  at org.gradle.api.internal.tasks.testing.junit.JUnitTestExecutor.accept(JUnitTestExecutor.java:47)
  at org.gradle.api.internal.tasks.testing.junit.AbstractJUnitTestDefinitionProcessor.processTestDefinition(AbstractJUnitTestDefinitionProcessor.java:65)
  at org.gradle.api.internal.tasks.testing.SuiteTestDefinitionProcessor.processTestDefinition(SuiteTestDefinitionProcessor.java:54)
  at java.base/jdk.internal.reflect.DirectMethodHandleAccessor.invoke(DirectMethodHandleAccessor.java:104)
  at java.base/java.lang.reflect.Method.invoke(Method.java:565)
  at org.gradle.internal.dispatch.MethodInvocation.invokeOn(MethodInvocation.java:77)
  at org.gradle.internal.dispatch.ReflectionDispatch.dispatch(ReflectionDispatch.java:28)
  at org.gradle.internal.dispatch.ReflectionDispatch.dispatch(ReflectionDispatch.java:19)
  at org.gradle.internal.dispatch.ContextClassLoaderDispatch.dispatch(ContextClassLoaderDispatch.java:33)
  at org.gradle.internal.dispatch.ProxyDispatchAdapter$DispatchingInvocationHandler.invoke(ProxyDispatchAdapter.java:88)
  at jdk.proxy1/jdk.proxy1.$Proxy4.processTestDefinition(Unknown Source)
  at org.gradle.api.internal.tasks.testing.worker.TestWorker$2.run(TestWorker.java:178)
  at org.gradle.api.internal.tasks.testing.worker.TestWorker.executeAndMaintainThreadName(TestWorker.java:126)
  at org.gradle.api.internal.tasks.testing.worker.TestWorker.execute(TestWorker.java:103)
  at org.gradle.api.internal.tasks.testing.worker.TestWorker.execute(TestWorker.java:63)
  at org.gradle.process.internal.worker.child.ActionExecutionWorker.execute(ActionExecutionWorker.java:56)
  at org.gradle.process.internal.worker.child.SystemApplicationClassLoaderWorker.call(SystemApplicationClassLoaderWorker.java:122)
  at org.gradle.process.internal.worker.child.SystemApplicationClassLoaderWorker.call(SystemApplicationClassLoaderWorker.java:72)
  at worker.org.gradle.process.internal.worker.GradleWorkerMain.run(GradleWorkerMain.java:69)
  at worker.org.gradle.process.internal.worker.GradleWorkerMain.main(GradleWorkerMain.java:74)
</stacktrace>
</test-failure>


TypeScriptCompilerTests_P[jvm] > pathMappingBasedModuleResolution_withExtensionInName_ts has expected errors matching pathMappingBasedModuleResolution_withExtensionInName_errors_txt[jvm] FAILED

<test-failure test="com.xemantic.typescript.compiler.TypeScriptCompilerTests_P.promiseChaining2_ts has expected errors matching promiseChaining2_errors_txt" platform="jvm">
<message>
Expected diagnostics from baseline typescript-repo/tests/baselines/reference/promiseChaining2.errors.txt but none produced
</message>
<stacktrace>
  at com.xemantic.typescript.compiler.TypeScriptTestSupportKt.errorsMatchBaseline(TypeScriptTestSupport.kt:125)
  at com.xemantic.typescript.compiler.TypeScriptCompilerTests_P.promiseChaining2_ts has expected errors matching promiseChaining2_errors_txt(TypeScriptCompilerTests_P.kt:2275)
  at java.base/jdk.internal.reflect.DirectMethodHandleAccessor.invoke(DirectMethodHandleAccessor.java:104)
  at java.base/java.lang.reflect.Method.invoke(Method.java:565)
  at org.junit.runners.model.FrameworkMethod$1.runReflectiveCall(FrameworkMethod.java:59)
  at org.junit.internal.runners.model.ReflectiveCallable.run(ReflectiveCallable.java:12)
  at org.junit.runners.model.FrameworkMethod.invokeExplosively(FrameworkMethod.java:56)
  at org.junit.internal.runners.statements.InvokeMethod.evaluate(InvokeMethod.java:17)
  at org.junit.runners.ParentRunner$3.evaluate(ParentRunner.java:306)
  at org.junit.runners.BlockJUnit4ClassRunner$1.evaluate(BlockJUnit4ClassRunner.java:100)
  at org.junit.runners.ParentRunner.runLeaf(ParentRunner.java:366)
  at org.junit.runners.BlockJUnit4ClassRunner.runChild(BlockJUnit4ClassRunner.java:103)
  at org.junit.runners.BlockJUnit4ClassRunner.runChild(BlockJUnit4ClassRunner.java:63)
  at org.junit.runners.ParentRunner$4.run(ParentRunner.java:331)
  at org.junit.runners.ParentRunner$1.schedule(ParentRunner.java:79)
  at org.junit.runners.ParentRunner.runChildren(ParentRunner.java:329)
  at org.junit.runners.ParentRunner.access$100(ParentRunner.java:66)
  at org.junit.runners.ParentRunner$2.evaluate(ParentRunner.java:293)
  at org.junit.runners.ParentRunner$3.evaluate(ParentRunner.java:306)
  at org.junit.runners.ParentRunner.run(ParentRunner.java:413)
  at org.junit.runner.JUnitCore.run(JUnitCore.java:137)
  at org.junit.runner.JUnitCore.run(JUnitCore.java:115)
  at org.gradle.api.internal.tasks.testing.junit.JUnitTestExecutor.runRequest(JUnitTestExecutor.java:175)
  at org.gradle.api.internal.tasks.testing.junit.JUnitTestExecutor.accept(JUnitTestExecutor.java:84)
  at org.gradle.api.internal.tasks.testing.junit.JUnitTestExecutor.accept(JUnitTestExecutor.java:47)
  at org.gradle.api.internal.tasks.testing.junit.AbstractJUnitTestDefinitionProcessor.processTestDefinition(AbstractJUnitTestDefinitionProcessor.java:65)
  at org.gradle.api.internal.tasks.testing.SuiteTestDefinitionProcessor.processTestDefinition(SuiteTestDefinitionProcessor.java:54)
  at java.base/jdk.internal.reflect.DirectMethodHandleAccessor.invoke(DirectMethodHandleAccessor.java:104)
  at java.base/java.lang.reflect.Method.invoke(Method.java:565)
  at org.gradle.internal.dispatch.MethodInvocation.invokeOn(MethodInvocation.java:77)
  at org.gradle.internal.dispatch.ReflectionDispatch.dispatch(ReflectionDispatch.java:28)
  at org.gradle.internal.dispatch.ReflectionDispatch.dispatch(ReflectionDispatch.java:19)
  at org.gradle.internal.dispatch.ContextClassLoaderDispatch.dispatch(ContextClassLoaderDispatch.java:33)
  at org.gradle.internal.dispatch.ProxyDispatchAdapter$DispatchingInvocationHandler.invoke(ProxyDispatchAdapter.java:88)
  at jdk.proxy1/jdk.proxy1.$Proxy4.processTestDefinition(Unknown Source)
  at org.gradle.api.internal.tasks.testing.worker.TestWorker$2.run(TestWorker.java:178)
  at org.gradle.api.internal.tasks.testing.worker.TestWorker.executeAndMaintainThreadName(TestWorker.java:126)
  at org.gradle.api.internal.tasks.testing.worker.TestWorker.execute(TestWorker.java:103)
  at org.gradle.api.internal.tasks.testing.worker.TestWorker.execute(TestWorker.java:63)
  at org.gradle.process.internal.worker.child.ActionExecutionWorker.execute(ActionExecutionWorker.java:56)
  at org.gradle.process.internal.worker.child.SystemApplicationClassLoaderWorker.call(SystemApplicationClassLoaderWorker.java:122)
  at org.gradle.process.internal.worker.child.SystemApplicationClassLoaderWorker.call(SystemApplicationClassLoaderWorker.java:72)
  at worker.org.gradle.process.internal.worker.GradleWorkerMain.run(GradleWorkerMain.java:69)
  at worker.org.gradle.process.internal.worker.GradleWorkerMain.main(GradleWorkerMain.java:74)
</stacktrace>
</test-failure>


TypeScriptCompilerTests_P[jvm] > promiseChaining2_ts has expected errors matching promiseChaining2_errors_txt[jvm] FAILED

<test-failure test="com.xemantic.typescript.compiler.TypeScriptCompilerTests_P.propertyAccessExpressionInnerComments_ts compiles to JavaScript matching propertyAccessExpressionInnerComments_js" platform="jvm">
<message>
--- expected
+++ actual
@@ -36,26 +36,16 @@
 
 //// [propertyAccessExpressionInnerComments.js]
 "use strict";
-/*1*/ Array /*2*/. /*3*/toString; /*4*/
+/*1*/ Array. /*3*/toString; /*4*/
 /*1*/ Array
-    /*2*/ . /*3*/
-        // Single-line comment
-        toString; /*4*/
-/*1*/ Array /*2*/. /*3*/
-    // Single-line comment
-    toString; /*4*/
+    .
+     /*3*/ // Single-line commenttoString; /*4*/
+/*1*/ Array.
+     /*3*/ // Single-line commenttoString; /*4*/
 /*1*/ Array
-    // Single-line comment
-    /*2*/ . /*3*/toString; /*4*/
+    . /*3*/toString; /*4*/
 /* Existing issue: the "2" comments below are duplicated and "3"s are missing */
-/*1*/ Array /*2*/ === null || Array /*2*/ === void 0 ? void 0 : Array /*2*/.toString; /*4*/
-/*1*/ Array === null || Array === void 0 ? void 0 : Array
-/*2*/ .
-// Single-line comment
-toString; /*4*/
-/*1*/ Array /*2*/ === null || Array /*2*/ === void 0 ? void 0 : Array /*2*/.
-// Single-line comment
-toString; /*4*/
-/*1*/ Array === null || Array === void 0 ? void 0 : Array
-// Single-line comment
-/*2*/ .toString; /*4*/
+/*1*/ Array === null || Array === void 0 ? void 0 : Array. /*3*/toString; /*4*/
+/*1*/ Array === null || Array === void 0 ? void 0 : Array. /*3*/ // Single-line commenttoString; /*4*/
+/*1*/ Array === null || Array === void 0 ? void 0 : Array. /*3*/ // Single-line commenttoString; /*4*/
+/*1*/ Array === null || Array === void 0 ? void 0 : Array. /*3*/toString; /*4*/

</message>
<stacktrace>
  at org.junit.Assert.fail(Assert.java:89)
  at kotlin.test.junit.JUnitAsserter.fail(JUnitSupport.kt:56)
  at kotlin.test.AssertionsKt__AssertionsKt.fail(Assertions.kt:563)
  at kotlin.test.AssertionsKt.fail(Unknown Source)
  at com.xemantic.kotlin.test.SameAsKt.sameAs(SameAs.kt:52)
  at com.xemantic.typescript.compiler.TypeScriptTestSupportKt.sameAs(TypeScriptTestSupport.kt:99)
  at com.xemantic.typescript.compiler.TypeScriptCompilerTests_P.propertyAccessExpressionInnerComments_ts compiles to JavaScript matching propertyAccessExpressionInnerComments_js(TypeScriptCompilerTests_P.kt:2681)
  at java.base/jdk.internal.reflect.DirectMethodHandleAccessor.invoke(DirectMethodHandleAccessor.java:104)
  at java.base/java.lang.reflect.Method.invoke(Method.java:565)
  at org.junit.runners.model.FrameworkMethod$1.runReflectiveCall(FrameworkMethod.java:59)
  at org.junit.internal.runners.model.ReflectiveCallable.run(ReflectiveCallable.java:12)
  at org.junit.runners.model.FrameworkMethod.invokeExplosively(FrameworkMethod.java:56)
  at org.junit.internal.runners.statements.InvokeMethod.evaluate(InvokeMethod.java:17)
  at org.junit.runners.ParentRunner$3.evaluate(ParentRunner.java:306)
  at org.junit.runners.BlockJUnit4ClassRunner$1.evaluate(BlockJUnit4ClassRunner.java:100)
  at org.junit.runners.ParentRunner.runLeaf(ParentRunner.java:366)
  at org.junit.runners.BlockJUnit4ClassRunner.runChild(BlockJUnit4ClassRunner.java:103)
  at org.junit.runners.BlockJUnit4ClassRunner.runChild(BlockJUnit4ClassRunner.java:63)
  at org.junit.runners.ParentRunner$4.run(ParentRunner.java:331)
  at org.junit.runners.ParentRunner$1.schedule(ParentRunner.java:79)
  at org.junit.runners.ParentRunner.runChildren(ParentRunner.java:329)
  at org.junit.runners.ParentRunner.access$100(ParentRunner.java:66)
  at org.junit.runners.ParentRunner$2.evaluate(ParentRunner.java:293)
  at org.junit.runners.ParentRunner$3.evaluate(ParentRunner.java:306)
  at org.junit.runners.ParentRunner.run(ParentRunner.java:413)
  at org.junit.runner.JUnitCore.run(JUnitCore.java:137)
  at org.junit.runner.JUnitCore.run(JUnitCore.java:115)
  at org.gradle.api.internal.tasks.testing.junit.JUnitTestExecutor.runRequest(JUnitTestExecutor.java:175)
  at org.gradle.api.internal.tasks.testing.junit.JUnitTestExecutor.accept(JUnitTestExecutor.java:84)
  at org.gradle.api.internal.tasks.testing.junit.JUnitTestExecutor.accept(JUnitTestExecutor.java:47)
  at org.gradle.api.internal.tasks.testing.junit.AbstractJUnitTestDefinitionProcessor.processTestDefinition(AbstractJUnitTestDefinitionProcessor.java:65)
  at org.gradle.api.internal.tasks.testing.SuiteTestDefinitionProcessor.processTestDefinition(SuiteTestDefinitionProcessor.java:54)
  at java.base/jdk.internal.reflect.DirectMethodHandleAccessor.invoke(DirectMethodHandleAccessor.java:104)
  at java.base/java.lang.reflect.Method.invoke(Method.java:565)
  at org.gradle.internal.dispatch.MethodInvocation.invokeOn(MethodInvocation.java:77)
  at org.gradle.internal.dispatch.ReflectionDispatch.dispatch(ReflectionDispatch.java:28)
  at org.gradle.internal.dispatch.ReflectionDispatch.dispatch(ReflectionDispatch.java:19)
  at org.gradle.internal.dispatch.ContextClassLoaderDispatch.dispatch(ContextClassLoaderDispatch.java:33)
  at org.gradle.internal.dispatch.ProxyDispatchAdapter$DispatchingInvocationHandler.invoke(ProxyDispatchAdapter.java:88)
  at jdk.proxy1/jdk.proxy1.$Proxy4.processTestDefinition(Unknown Source)
  at org.gradle.api.internal.tasks.testing.worker.TestWorker$2.run(TestWorker.java:178)
  at org.gradle.api.internal.tasks.testing.worker.TestWorker.executeAndMaintainThreadName(TestWorker.java:126)
  at org.gradle.api.internal.tasks.testing.worker.TestWorker.execute(TestWorker.java:103)
  at org.gradle.api.internal.tasks.testing.worker.TestWorker.execute(TestWorker.java:63)
  at org.gradle.process.internal.worker.child.ActionExecutionWorker.execute(ActionExecutionWorker.java:56)
  at org.gradle.process.internal.worker.child.SystemApplicationClassLoaderWorker.call(SystemApplicationClassLoaderWorker.java:122)
  at org.gradle.process.internal.worker.child.SystemApplicationClassLoaderWorker.call(SystemApplicationClassLoaderWorker.java:72)
  at worker.org.gradle.process.internal.worker.GradleWorkerMain.run(GradleWorkerMain.java:69)
  at worker.org.gradle.process.internal.worker.GradleWorkerMain.main(GradleWorkerMain.java:74)
</stacktrace>
</test-failure>


TypeScriptCompilerTests_P[jvm] > propertyAccessExpressionInnerComments_ts compiles to JavaScript matching propertyAccessExpressionInnerComments_js[jvm] FAILED

<test-failure test="com.xemantic.typescript.compiler.TypeScriptCompilerTests_P.privateFieldsInClassExpressionDeclaration_ts compiles to JavaScript matching privateFieldsInClassExpressionDeclaration_js" platform="jvm">
<message>
--- expected
+++ actual
@@ -15,30 +15,21 @@
 };
 
 //// [privateFieldsInClassExpressionDeclaration.js]
-var __setFunctionName = (this && this.__setFunctionName) || function (f, name, prefix) {
-    if (typeof name === "symbol") name = name.description ? "[".concat(name.description, "]") : "";
-    return Object.defineProperty(f, "name", { configurable: true, value: prefix ? "".concat(prefix, " ", name) : name });
+var _a;
+export const ClassExpression = class {
+    constructor() {
+        this.value = 1;
+    }
+    #context = 0;
+    #method() { return 42; }
 };
-var _instances, _context, _method, _a, _b, _ClassExpressionStatic_staticPrivate, _ClassExpressionStatic_instancePrivate;
-export const ClassExpression = (_a = class {
-        constructor() {
-            _instances.add(this);
-            _context.set(this, 0);
-            this.value = 1;
-        }
-    },
-    _context = new WeakMap(),
-    _instances = new WeakSet(),
-    _method = function _method() { return 42; },
-    _a);
 // Additional test with static private fields
-export const ClassExpressionStatic = (_b = class {
+export const ClassExpressionStatic = (_a = class {
         constructor() {
-            _ClassExpressionStatic_instancePrivate.set(this, true);
             this.exposed = "visible";
         }
+        static #staticPrivate = "hidden";
+        #instancePrivate = true;
     },
-    _ClassExpressionStatic_instancePrivate = new WeakMap(),
-    __setFunctionName(_b, "ClassExpressionStatic"),
-    _ClassExpressionStatic_staticPrivate = { value: "hidden" },
-    _b);
+    _a.#staticPrivate = "hidden",
+    _a);

</message>
<stacktrace>
  at org.junit.Assert.fail(Assert.java:89)
  at kotlin.test.junit.JUnitAsserter.fail(JUnitSupport.kt:56)
  at kotlin.test.AssertionsKt__AssertionsKt.fail(Assertions.kt:563)
  at kotlin.test.AssertionsKt.fail(Unknown Source)
  at com.xemantic.kotlin.test.SameAsKt.sameAs(SameAs.kt:52)
  at com.xemantic.typescript.compiler.TypeScriptTestSupportKt.sameAs(TypeScriptTestSupport.kt:99)
  at com.xemantic.typescript.compiler.TypeScriptCompilerTests_P.privateFieldsInClassExpressionDeclaration_ts compiles to JavaScript matching privateFieldsInClassExpressionDeclaration_js(TypeScriptCompilerTests_P.kt:2149)
  at java.base/jdk.internal.reflect.DirectMethodHandleAccessor.invoke(DirectMethodHandleAccessor.java:104)
  at java.base/java.lang.reflect.Method.invoke(Method.java:565)
  at org.junit.runners.model.FrameworkMethod$1.runReflectiveCall(FrameworkMethod.java:59)
  at org.junit.internal.runners.model.ReflectiveCallable.run(ReflectiveCallable.java:12)
  at org.junit.runners.model.FrameworkMethod.invokeExplosively(FrameworkMethod.java:56)
  at org.junit.internal.runners.statements.InvokeMethod.evaluate(InvokeMethod.java:17)
  at org.junit.runners.ParentRunner$3.evaluate(ParentRunner.java:306)
  at org.junit.runners.BlockJUnit4ClassRunner$1.evaluate(BlockJUnit4ClassRunner.java:100)
  at org.junit.runners.ParentRunner.runLeaf(ParentRunner.java:366)
  at org.junit.runners.BlockJUnit4ClassRunner.runChild(BlockJUnit4ClassRunner.java:103)
  at org.junit.runners.BlockJUnit4ClassRunner.runChild(BlockJUnit4ClassRunner.java:63)
  at org.junit.runners.ParentRunner$4.run(ParentRunner.java:331)
  at org.junit.runners.ParentRunner$1.schedule(ParentRunner.java:79)
  at org.junit.runners.ParentRunner.runChildren(ParentRunner.java:329)
  at org.junit.runners.ParentRunner.access$100(ParentRunner.java:66)
  at org.junit.runners.ParentRunner$2.evaluate(ParentRunner.java:293)
  at org.junit.runners.ParentRunner$3.evaluate(ParentRunner.java:306)
  at org.junit.runners.ParentRunner.run(ParentRunner.java:413)
  at org.junit.runner.JUnitCore.run(JUnitCore.java:137)
  at org.junit.runner.JUnitCore.run(JUnitCore.java:115)
  at org.gradle.api.internal.tasks.testing.junit.JUnitTestExecutor.runRequest(JUnitTestExecutor.java:175)
  at org.gradle.api.internal.tasks.testing.junit.JUnitTestExecutor.accept(JUnitTestExecutor.java:84)
  at org.gradle.api.internal.tasks.testing.junit.JUnitTestExecutor.accept(JUnitTestExecutor.java:47)
  at org.gradle.api.internal.tasks.testing.junit.AbstractJUnitTestDefinitionProcessor.processTestDefinition(AbstractJUnitTestDefinitionProcessor.java:65)
  at org.gradle.api.internal.tasks.testing.SuiteTestDefinitionProcessor.processTestDefinition(SuiteTestDefinitionProcessor.java:54)
  at java.base/jdk.internal.reflect.DirectMethodHandleAccessor.invoke(DirectMethodHandleAccessor.java:104)
  at java.base/java.lang.reflect.Method.invoke(Method.java:565)
  at org.gradle.internal.dispatch.MethodInvocation.invokeOn(MethodInvocation.java:77)
  at org.gradle.internal.dispatch.ReflectionDispatch.dispatch(ReflectionDispatch.java:28)
  at org.gradle.internal.dispatch.ReflectionDispatch.dispatch(ReflectionDispatch.java:19)
  at org.gradle.internal.dispatch.ContextClassLoaderDispatch.dispatch(ContextClassLoaderDispatch.java:33)
  at org.gradle.internal.dispatch.ProxyDispatchAdapter$DispatchingInvocationHandler.invoke(ProxyDispatchAdapter.java:88)
  at jdk.proxy1/jdk.proxy1.$Proxy4.processTestDefinition(Unknown Source)
  at org.gradle.api.internal.tasks.testing.worker.TestWorker$2.run(TestWorker.java:178)
  at org.gradle.api.internal.tasks.testing.worker.TestWorker.executeAndMaintainThreadName(TestWorker.java:126)
  at org.gradle.api.internal.tasks.testing.worker.TestWorker.execute(TestWorker.java:103)
  at org.gradle.api.internal.tasks.testing.worker.TestWorker.execute(TestWorker.java:63)
  at org.gradle.process.internal.worker.child.ActionExecutionWorker.execute(ActionExecutionWorker.java:56)
  at org.gradle.process.internal.worker.child.SystemApplicationClassLoaderWorker.call(SystemApplicationClassLoaderWorker.java:122)
  at org.gradle.process.internal.worker.child.SystemApplicationClassLoaderWorker.call(SystemApplicationClassLoaderWorker.java:72)
  at worker.org.gradle.process.internal.worker.GradleWorkerMain.run(GradleWorkerMain.java:69)
  at worker.org.gradle.process.internal.worker.GradleWorkerMain.main(GradleWorkerMain.java:74)
</stacktrace>
</test-failure>


TypeScriptCompilerTests_P[jvm] > privateFieldsInClassExpressionDeclaration_ts compiles to JavaScript matching privateFieldsInClassExpressionDeclaration_js[jvm] FAILED

<test-failure test="com.xemantic.typescript.compiler.TypeScriptCompilerTests_P.pathMappingBasedModuleResolution7_node_ts has expected errors matching pathMappingBasedModuleResolution7_node_errors_txt" platform="jvm">
<message>
--- expected
+++ actual
@@ -33,9 +33,6 @@
     use(x.toFixed());
     use(y.toFixed());
     
-==== c:/root/src/file3/index.d.ts (0 errors) ====
-    export let x: number;
-    
 ==== c:/root/generated/src/project/file2.ts (0 errors) ====
     import {a} from "module1";
     import {b} from "templates/module2";
@@ -48,5 +45,8 @@
 ==== c:/root/generated/src/templates/module2.ts (0 errors) ====
     export let b: number;
     
+==== c:/root/src/file3/index.d.ts (0 errors) ====
+    export let x: number;
+    
 ==== c:/node_modules/module3.d.ts (0 errors) ====
     export let y: number;

</message>
<stacktrace>
  at org.junit.Assert.fail(Assert.java:89)
  at kotlin.test.junit.JUnitAsserter.fail(JUnitSupport.kt:56)
  at kotlin.test.AssertionsKt__AssertionsKt.fail(Assertions.kt:563)
  at kotlin.test.AssertionsKt.fail(Unknown Source)
  at com.xemantic.kotlin.test.SameAsKt.sameAs(SameAs.kt:52)
  at com.xemantic.typescript.compiler.TypeScriptTestSupportKt.errorsMatchBaseline(TypeScriptTestSupport.kt:135)
  at com.xemantic.typescript.compiler.TypeScriptCompilerTests_P.pathMappingBasedModuleResolution7_node_ts has expected errors matching pathMappingBasedModuleResolution7_node_errors_txt(TypeScriptCompilerTests_P.kt:1078)
  at java.base/jdk.internal.reflect.DirectMethodHandleAccessor.invoke(DirectMethodHandleAccessor.java:104)
  at java.base/java.lang.reflect.Method.invoke(Method.java:565)
  at org.junit.runners.model.FrameworkMethod$1.runReflectiveCall(FrameworkMethod.java:59)
  at org.junit.internal.runners.model.ReflectiveCallable.run(ReflectiveCallable.java:12)
  at org.junit.runners.model.FrameworkMethod.invokeExplosively(FrameworkMethod.java:56)
  at org.junit.internal.runners.statements.InvokeMethod.evaluate(InvokeMethod.java:17)
  at org.junit.runners.ParentRunner$3.evaluate(ParentRunner.java:306)
  at org.junit.runners.BlockJUnit4ClassRunner$1.evaluate(BlockJUnit4ClassRunner.java:100)
  at org.junit.runners.ParentRunner.runLeaf(ParentRunner.java:366)
  at org.junit.runners.BlockJUnit4ClassRunner.runChild(BlockJUnit4ClassRunner.java:103)
  at org.junit.runners.BlockJUnit4ClassRunner.runChild(BlockJUnit4ClassRunner.java:63)
  at org.junit.runners.ParentRunner$4.run(ParentRunner.java:331)
  at org.junit.runners.ParentRunner$1.schedule(ParentRunner.java:79)
  at org.junit.runners.ParentRunner.runChildren(ParentRunner.java:329)
  at org.junit.runners.ParentRunner.access$100(ParentRunner.java:66)
  at org.junit.runners.ParentRunner$2.evaluate(ParentRunner.java:293)
  at org.junit.runners.ParentRunner$3.evaluate(ParentRunner.java:306)
  at org.junit.runners.ParentRunner.run(ParentRunner.java:413)
  at org.junit.runner.JUnitCore.run(JUnitCore.java:137)
  at org.junit.runner.JUnitCore.run(JUnitCore.java:115)
  at org.gradle.api.internal.tasks.testing.junit.JUnitTestExecutor.runRequest(JUnitTestExecutor.java:175)
  at org.gradle.api.internal.tasks.testing.junit.JUnitTestExecutor.accept(JUnitTestExecutor.java:84)
  at org.gradle.api.internal.tasks.testing.junit.JUnitTestExecutor.accept(JUnitTestExecutor.java:47)
  at org.gradle.api.internal.tasks.testing.junit.AbstractJUnitTestDefinitionProcessor.processTestDefinition(AbstractJUnitTestDefinitionProcessor.java:65)
  at org.gradle.api.internal.tasks.testing.SuiteTestDefinitionProcessor.processTestDefinition(SuiteTestDefinitionProcessor.java:54)
  at java.base/jdk.internal.reflect.DirectMethodHandleAccessor.invoke(DirectMethodHandleAccessor.java:104)
  at java.base/java.lang.reflect.Method.invoke(Method.java:565)
  at org.gradle.internal.dispatch.MethodInvocation.invokeOn(MethodInvocation.java:77)
  at org.gradle.internal.dispatch.ReflectionDispatch.dispatch(ReflectionDispatch.java:28)
  at org.gradle.internal.dispatch.ReflectionDispatch.dispatch(ReflectionDispatch.java:19)
  at org.gradle.internal.dispatch.ContextClassLoaderDispatch.dispatch(ContextClassLoaderDispatch.java:33)
  at org.gradle.internal.dispatch.ProxyDispatchAdapter$DispatchingInvocationHandler.invoke(ProxyDispatchAdapter.java:88)
  at jdk.proxy1/jdk.proxy1.$Proxy4.processTestDefinition(Unknown Source)
  at org.gradle.api.internal.tasks.testing.worker.TestWorker$2.run(TestWorker.java:178)
  at org.gradle.api.internal.tasks.testing.worker.TestWorker.executeAndMaintainThreadName(TestWorker.java:126)
  at org.gradle.api.internal.tasks.testing.worker.TestWorker.execute(TestWorker.java:103)
  at org.gradle.api.internal.tasks.testing.worker.TestWorker.execute(TestWorker.java:63)
  at org.gradle.process.internal.worker.child.ActionExecutionWorker.execute(ActionExecutionWorker.java:56)
  at org.gradle.process.internal.worker.child.SystemApplicationClassLoaderWorker.call(SystemApplicationClassLoaderWorker.java:122)
  at org.gradle.process.internal.worker.child.SystemApplicationClassLoaderWorker.call(SystemApplicationClassLoaderWorker.java:72)
  at worker.org.gradle.process.internal.worker.GradleWorkerMain.run(GradleWorkerMain.java:69)
  at worker.org.gradle.process.internal.worker.GradleWorkerMain.main(GradleWorkerMain.java:74)
</stacktrace>
</test-failure>


TypeScriptCompilerTests_P[jvm] > pathMappingBasedModuleResolution7_node_ts has expected errors matching pathMappingBasedModuleResolution7_node_errors_txt[jvm] FAILED

<test-failure test="com.xemantic.typescript.compiler.TypeScriptCompilerTests_P.pathMappingBasedModuleResolution4_node_ts compiles to JavaScript matching pathMappingBasedModuleResolution4_node_js" platform="jvm">
<message>
--- expected
+++ actual
@@ -1,7 +1,5 @@
 //// [tests/cases/compiler/pathMappingBasedModuleResolution4_node.ts] ////
 
-//// [index.d.ts]
-export var y: number;
 //// [file1.ts]
 import {x} from "folder2/file2"
 declare function use(a: any): void;
@@ -15,7 +13,14 @@
 //// [file3.ts]
 export var x = 1;
 
+//// [index.d.ts]
+export var y: number;
 
+//// [file1.js]
+"use strict";
+Object.defineProperty(exports, "__esModule", { value: true });
+const file2_1 = require("folder2/file2");
+use(file2_1.x.toExponential());
 //// [file3.js]
 "use strict";
 Object.defineProperty(exports, "__esModule", { value: true });
@@ -28,8 +33,3 @@
 const file3_1 = require("./file3"); // found with baseurl
 const file4_1 = require("file4"); // found with fallback
 exports.x = file3_1.x + file4_1.y;
-//// [file1.js]
-"use strict";
-Object.defineProperty(exports, "__esModule", { value: true });
-const file2_1 = require("folder2/file2");
-use(file2_1.x.toExponential());

</message>
<stacktrace>
  at org.junit.Assert.fail(Assert.java:89)
  at kotlin.test.junit.JUnitAsserter.fail(JUnitSupport.kt:56)
  at kotlin.test.AssertionsKt__AssertionsKt.fail(Assertions.kt:563)
  at kotlin.test.AssertionsKt.fail(Unknown Source)
  at com.xemantic.kotlin.test.SameAsKt.sameAs(SameAs.kt:52)
  at com.xemantic.typescript.compiler.TypeScriptTestSupportKt.sameAs(TypeScriptTestSupport.kt:99)
  at com.xemantic.typescript.compiler.TypeScriptCompilerTests_P.pathMappingBasedModuleResolution4_node_ts compiles to JavaScript matching pathMappingBasedModuleResolution4_node_js(TypeScriptCompilerTests_P.kt:994)
  at java.base/jdk.internal.reflect.DirectMethodHandleAccessor.invoke(DirectMethodHandleAccessor.java:104)
  at java.base/java.lang.reflect.Method.invoke(Method.java:565)
  at org.junit.runners.model.FrameworkMethod$1.runReflectiveCall(FrameworkMethod.java:59)
  at org.junit.internal.runners.model.ReflectiveCallable.run(ReflectiveCallable.java:12)
  at org.junit.runners.model.FrameworkMethod.invokeExplosively(FrameworkMethod.java:56)
  at org.junit.internal.runners.statements.InvokeMethod.evaluate(InvokeMethod.java:17)
  at org.junit.runners.ParentRunner$3.evaluate(ParentRunner.java:306)
  at org.junit.runners.BlockJUnit4ClassRunner$1.evaluate(BlockJUnit4ClassRunner.java:100)
  at org.junit.runners.ParentRunner.runLeaf(ParentRunner.java:366)
  at org.junit.runners.BlockJUnit4ClassRunner.runChild(BlockJUnit4ClassRunner.java:103)
  at org.junit.runners.BlockJUnit4ClassRunner.runChild(BlockJUnit4ClassRunner.java:63)
  at org.junit.runners.ParentRunner$4.run(ParentRunner.java:331)
  at org.junit.runners.ParentRunner$1.schedule(ParentRunner.java:79)
  at org.junit.runners.ParentRunner.runChildren(ParentRunner.java:329)
  at org.junit.runners.ParentRunner.access$100(ParentRunner.java:66)
  at org.junit.runners.ParentRunner$2.evaluate(ParentRunner.java:293)
  at org.junit.runners.ParentRunner$3.evaluate(ParentRunner.java:306)
  at org.junit.runners.ParentRunner.run(ParentRunner.java:413)
  at org.junit.runner.JUnitCore.run(JUnitCore.java:137)
  at org.junit.runner.JUnitCore.run(JUnitCore.java:115)
  at org.gradle.api.internal.tasks.testing.junit.JUnitTestExecutor.runRequest(JUnitTestExecutor.java:175)
  at org.gradle.api.internal.tasks.testing.junit.JUnitTestExecutor.accept(JUnitTestExecutor.java:84)
  at org.gradle.api.internal.tasks.testing.junit.JUnitTestExecutor.accept(JUnitTestExecutor.java:47)
  at org.gradle.api.internal.tasks.testing.junit.AbstractJUnitTestDefinitionProcessor.processTestDefinition(AbstractJUnitTestDefinitionProcessor.java:65)
  at org.gradle.api.internal.tasks.testing.SuiteTestDefinitionProcessor.processTestDefinition(SuiteTestDefinitionProcessor.java:54)
  at java.base/jdk.internal.reflect.DirectMethodHandleAccessor.invoke(DirectMethodHandleAccessor.java:104)
  at java.base/java.lang.reflect.Method.invoke(Method.java:565)
  at org.gradle.internal.dispatch.MethodInvocation.invokeOn(MethodInvocation.java:77)
  at org.gradle.internal.dispatch.ReflectionDispatch.dispatch(ReflectionDispatch.java:28)
  at org.gradle.internal.dispatch.ReflectionDispatch.dispatch(ReflectionDispatch.java:19)
  at org.gradle.internal.dispatch.ContextClassLoaderDispatch.dispatch(ContextClassLoaderDispatch.java:33)
  at org.gradle.internal.dispatch.ProxyDispatchAdapter$DispatchingInvocationHandler.invoke(ProxyDispatchAdapter.java:88)
  at jdk.proxy1/jdk.proxy1.$Proxy4.processTestDefinition(Unknown Source)
  at org.gradle.api.internal.tasks.testing.worker.TestWorker$2.run(TestWorker.java:178)
  at org.gradle.api.internal.tasks.testing.worker.TestWorker.executeAndMaintainThreadName(TestWorker.java:126)
  at org.gradle.api.internal.tasks.testing.worker.TestWorker.execute(TestWorker.java:103)
  at org.gradle.api.internal.tasks.testing.worker.TestWorker.execute(TestWorker.java:63)
  at org.gradle.process.internal.worker.child.ActionExecutionWorker.execute(ActionExecutionWorker.java:56)
  at org.gradle.process.internal.worker.child.SystemApplicationClassLoaderWorker.call(SystemApplicationClassLoaderWorker.java:122)
  at org.gradle.process.internal.worker.child.SystemApplicationClassLoaderWorker.call(SystemApplicationClassLoaderWorker.java:72)
  at worker.org.gradle.process.internal.worker.GradleWorkerMain.run(GradleWorkerMain.java:69)
  at worker.org.gradle.process.internal.worker.GradleWorkerMain.main(GradleWorkerMain.java:74)
</stacktrace>
</test-failure>


TypeScriptCompilerTests_P[jvm] > pathMappingBasedModuleResolution4_node_ts compiles to JavaScript matching pathMappingBasedModuleResolution4_node_js[jvm] FAILED

<test-failure test="com.xemantic.typescript.compiler.TypeScriptCompilerTests_P.pathMappingBasedModuleResolution7_classic_ts has expected errors matching pathMappingBasedModuleResolution7_classic_errors_txt" platform="jvm">
<message>
--- expected
+++ actual
@@ -36,9 +36,6 @@
     use(x.toFixed());
     use(y.toFixed());
     
-==== c:/root/src/file3.d.ts (0 errors) ====
-    export let x: number;
-    
 ==== c:/root/generated/src/project/file2.ts (0 errors) ====
     import {a} from "module1";
     import {b} from "templates/module2";
@@ -51,5 +48,8 @@
 ==== c:/root/generated/src/templates/module2.ts (0 errors) ====
     export let b: number;
     
+==== c:/root/src/file3.d.ts (0 errors) ====
+    export let x: number;
+    
 ==== c:/module3.d.ts (0 errors) ====
     export let y: number;

</message>
<stacktrace>
  at org.junit.Assert.fail(Assert.java:89)
  at kotlin.test.junit.JUnitAsserter.fail(JUnitSupport.kt:56)
  at kotlin.test.AssertionsKt__AssertionsKt.fail(Assertions.kt:563)
  at kotlin.test.AssertionsKt.fail(Unknown Source)
  at com.xemantic.kotlin.test.SameAsKt.sameAs(SameAs.kt:52)
  at com.xemantic.typescript.compiler.TypeScriptTestSupportKt.errorsMatchBaseline(TypeScriptTestSupport.kt:135)
  at com.xemantic.typescript.compiler.TypeScriptCompilerTests_P.pathMappingBasedModuleResolution7_classic_ts has expected errors matching pathMappingBasedModuleResolution7_classic_errors_txt(TypeScriptCompilerTests_P.kt:1064)
  at java.base/jdk.internal.reflect.DirectMethodHandleAccessor.invoke(DirectMethodHandleAccessor.java:104)
  at java.base/java.lang.reflect.Method.invoke(Method.java:565)
  at org.junit.runners.model.FrameworkMethod$1.runReflectiveCall(FrameworkMethod.java:59)
  at org.junit.internal.runners.model.ReflectiveCallable.run(ReflectiveCallable.java:12)
  at org.junit.runners.model.FrameworkMethod.invokeExplosively(FrameworkMethod.java:56)
  at org.junit.internal.runners.statements.InvokeMethod.evaluate(InvokeMethod.java:17)
  at org.junit.runners.ParentRunner$3.evaluate(ParentRunner.java:306)
  at org.junit.runners.BlockJUnit4ClassRunner$1.evaluate(BlockJUnit4ClassRunner.java:100)
  at org.junit.runners.ParentRunner.runLeaf(ParentRunner.java:366)
  at org.junit.runners.BlockJUnit4ClassRunner.runChild(BlockJUnit4ClassRunner.java:103)
  at org.junit.runners.BlockJUnit4ClassRunner.runChild(BlockJUnit4ClassRunner.java:63)
  at org.junit.runners.ParentRunner$4.run(ParentRunner.java:331)
  at org.junit.runners.ParentRunner$1.schedule(ParentRunner.java:79)
  at org.junit.runners.ParentRunner.runChildren(ParentRunner.java:329)
  at org.junit.runners.ParentRunner.access$100(ParentRunner.java:66)
  at org.junit.runners.ParentRunner$2.evaluate(ParentRunner.java:293)
  at org.junit.runners.ParentRunner$3.evaluate(ParentRunner.java:306)
  at org.junit.runners.ParentRunner.run(ParentRunner.java:413)
  at org.junit.runner.JUnitCore.run(JUnitCore.java:137)
  at org.junit.runner.JUnitCore.run(JUnitCore.java:115)
  at org.gradle.api.internal.tasks.testing.junit.JUnitTestExecutor.runRequest(JUnitTestExecutor.java:175)
  at org.gradle.api.internal.tasks.testing.junit.JUnitTestExecutor.accept(JUnitTestExecutor.java:84)
  at org.gradle.api.internal.tasks.testing.junit.JUnitTestExecutor.accept(JUnitTestExecutor.java:47)
  at org.gradle.api.internal.tasks.testing.junit.AbstractJUnitTestDefinitionProcessor.processTestDefinition(AbstractJUnitTestDefinitionProcessor.java:65)
  at org.gradle.api.internal.tasks.testing.SuiteTestDefinitionProcessor.processTestDefinition(SuiteTestDefinitionProcessor.java:54)
  at java.base/jdk.internal.reflect.DirectMethodHandleAccessor.invoke(DirectMethodHandleAccessor.java:104)
  at java.base/java.lang.reflect.Method.invoke(Method.java:565)
  at org.gradle.internal.dispatch.MethodInvocation.invokeOn(MethodInvocation.java:77)
  at org.gradle.internal.dispatch.ReflectionDispatch.dispatch(ReflectionDispatch.java:28)
  at org.gradle.internal.dispatch.ReflectionDispatch.dispatch(ReflectionDispatch.java:19)
  at org.gradle.internal.dispatch.ContextClassLoaderDispatch.dispatch(ContextClassLoaderDispatch.java:33)
  at org.gradle.internal.dispatch.ProxyDispatchAdapter$DispatchingInvocationHandler.invoke(ProxyDispatchAdapter.java:88)
  at jdk.proxy1/jdk.proxy1.$Proxy4.processTestDefinition(Unknown Source)
  at org.gradle.api.internal.tasks.testing.worker.TestWorker$2.run(TestWorker.java:178)
  at org.gradle.api.internal.tasks.testing.worker.TestWorker.executeAndMaintainThreadName(TestWorker.java:126)
  at org.gradle.api.internal.tasks.testing.worker.TestWorker.execute(TestWorker.java:103)
  at org.gradle.api.internal.tasks.testing.worker.TestWorker.execute(TestWorker.java:63)
  at org.gradle.process.internal.worker.child.ActionExecutionWorker.execute(ActionExecutionWorker.java:56)
  at org.gradle.process.internal.worker.child.SystemApplicationClassLoaderWorker.call(SystemApplicationClassLoaderWorker.java:122)
  at org.gradle.process.internal.worker.child.SystemApplicationClassLoaderWorker.call(SystemApplicationClassLoaderWorker.java:72)
  at worker.org.gradle.process.internal.worker.GradleWorkerMain.run(GradleWorkerMain.java:69)
  at worker.org.gradle.process.internal.worker.GradleWorkerMain.main(GradleWorkerMain.java:74)
</stacktrace>
</test-failure>


TypeScriptCompilerTests_P[jvm] > pathMappingBasedModuleResolution7_classic_ts has expected errors matching pathMappingBasedModuleResolution7_classic_errors_txt[jvm] FAILED

<test-failure test="com.xemantic.typescript.compiler.TypeScriptCompilerTests_P.parameterPropertyInConstructor3_ts has expected errors matching parameterPropertyInConstructor3_errors_txt" platform="jvm">
<message>
Expected diagnostics from baseline typescript-repo/tests/baselines/reference/parameterPropertyInConstructor3.errors.txt but none produced
</message>
<stacktrace>
  at com.xemantic.typescript.compiler.TypeScriptTestSupportKt.errorsMatchBaseline(TypeScriptTestSupport.kt:125)
  at com.xemantic.typescript.compiler.TypeScriptCompilerTests_P.parameterPropertyInConstructor3_ts has expected errors matching parameterPropertyInConstructor3_errors_txt(TypeScriptCompilerTests_P.kt:203)
  at java.base/jdk.internal.reflect.DirectMethodHandleAccessor.invoke(DirectMethodHandleAccessor.java:104)
  at java.base/java.lang.reflect.Method.invoke(Method.java:565)
  at org.junit.runners.model.FrameworkMethod$1.runReflectiveCall(FrameworkMethod.java:59)
  at org.junit.internal.runners.model.ReflectiveCallable.run(ReflectiveCallable.java:12)
  at org.junit.runners.model.FrameworkMethod.invokeExplosively(FrameworkMethod.java:56)
  at org.junit.internal.runners.statements.InvokeMethod.evaluate(InvokeMethod.java:17)
  at org.junit.runners.ParentRunner$3.evaluate(ParentRunner.java:306)
  at org.junit.runners.BlockJUnit4ClassRunner$1.evaluate(BlockJUnit4ClassRunner.java:100)
  at org.junit.runners.ParentRunner.runLeaf(ParentRunner.java:366)
  at org.junit.runners.BlockJUnit4ClassRunner.runChild(BlockJUnit4ClassRunner.java:103)
  at org.junit.runners.BlockJUnit4ClassRunner.runChild(BlockJUnit4ClassRunner.java:63)
  at org.junit.runners.ParentRunner$4.run(ParentRunner.java:331)
  at org.junit.runners.ParentRunner$1.schedule(ParentRunner.java:79)
  at org.junit.runners.ParentRunner.runChildren(ParentRunner.java:329)
  at org.junit.runners.ParentRunner.access$100(ParentRunner.java:66)
  at org.junit.runners.ParentRunner$2.evaluate(ParentRunner.java:293)
  at org.junit.runners.ParentRunner$3.evaluate(ParentRunner.java:306)
  at org.junit.runners.ParentRunner.run(ParentRunner.java:413)
  at org.junit.runner.JUnitCore.run(JUnitCore.java:137)
  at org.junit.runner.JUnitCore.run(JUnitCore.java:115)
  at org.gradle.api.internal.tasks.testing.junit.JUnitTestExecutor.runRequest(JUnitTestExecutor.java:175)
  at org.gradle.api.internal.tasks.testing.junit.JUnitTestExecutor.accept(JUnitTestExecutor.java:84)
  at org.gradle.api.internal.tasks.testing.junit.JUnitTestExecutor.accept(JUnitTestExecutor.java:47)
  at org.gradle.api.internal.tasks.testing.junit.AbstractJUnitTestDefinitionProcessor.processTestDefinition(AbstractJUnitTestDefinitionProcessor.java:65)
  at org.gradle.api.internal.tasks.testing.SuiteTestDefinitionProcessor.processTestDefinition(SuiteTestDefinitionProcessor.java:54)
  at java.base/jdk.internal.reflect.DirectMethodHandleAccessor.invoke(DirectMethodHandleAccessor.java:104)
  at java.base/java.lang.reflect.Method.invoke(Method.java:565)
  at org.gradle.internal.dispatch.MethodInvocation.invokeOn(MethodInvocation.java:77)
  at org.gradle.internal.dispatch.ReflectionDispatch.dispatch(ReflectionDispatch.java:28)
  at org.gradle.internal.dispatch.ReflectionDispatch.dispatch(ReflectionDispatch.java:19)
  at org.gradle.internal.dispatch.ContextClassLoaderDispatch.dispatch(ContextClassLoaderDispatch.java:33)
  at org.gradle.internal.dispatch.ProxyDispatchAdapter$DispatchingInvocationHandler.invoke(ProxyDispatchAdapter.java:88)
  at jdk.proxy1/jdk.proxy1.$Proxy4.processTestDefinition(Unknown Source)
  at org.gradle.api.internal.tasks.testing.worker.TestWorker$2.run(TestWorker.java:178)
  at org.gradle.api.internal.tasks.testing.worker.TestWorker.executeAndMaintainThreadName(TestWorker.java:126)
  at org.gradle.api.internal.tasks.testing.worker.TestWorker.execute(TestWorker.java:103)
  at org.gradle.api.internal.tasks.testing.worker.TestWorker.execute(TestWorker.java:63)
  at org.gradle.process.internal.worker.child.ActionExecutionWorker.execute(ActionExecutionWorker.java:56)
  at org.gradle.process.internal.worker.child.SystemApplicationClassLoaderWorker.call(SystemApplicationClassLoaderWorker.java:122)
  at org.gradle.process.internal.worker.child.SystemApplicationClassLoaderWorker.call(SystemApplicationClassLoaderWorker.java:72)
  at worker.org.gradle.process.internal.worker.GradleWorkerMain.run(GradleWorkerMain.java:69)
  at worker.org.gradle.process.internal.worker.GradleWorkerMain.main(GradleWorkerMain.java:74)
</stacktrace>
</test-failure>


TypeScriptCompilerTests_P[jvm] > parameterPropertyInConstructor3_ts has expected errors matching parameterPropertyInConstructor3_errors_txt[jvm] FAILED

<test-failure test="com.xemantic.typescript.compiler.TypeScriptCompilerTests_P.primitiveConstraints2_ts has expected errors matching primitiveConstraints2_errors_txt" platform="jvm">
<message>
--- expected
+++ actual
@@ -1,10 +1,8 @@
 primitiveConstraints2.ts(3,7): error TS2322: Type 'null' is not assignable to type 'T'.
   'T' could be instantiated with an arbitrary type which could be unrelated to 'null'.
-primitiveConstraints2.ts(8,11): error TS2345: Argument of type 'string' is not assignable to parameter of type 'number'.
-primitiveConstraints2.ts(9,8): error TS2344: Type 'string' does not satisfy the constraint 'number'.
 
 
-==== primitiveConstraints2.ts (3 errors) ====
+==== primitiveConstraints2.ts (1 errors) ====
     class C<T> {
        public bar2<U extends T>(x: T, y: U): T {
           return null;
@@ -16,8 +14,4 @@
      
     var x = new C<number>();
     x.bar2(2, ""); // should error
-              ~~
-!!! error TS2345: Argument of type 'string' is not assignable to parameter of type 'number'.
     x.bar2<string>(2, ""); // should error
-           ~~~~~~
-!!! error TS2344: Type 'string' does not satisfy the constraint 'number'.

</message>
<stacktrace>
  at org.junit.Assert.fail(Assert.java:89)
  at kotlin.test.junit.JUnitAsserter.fail(JUnitSupport.kt:56)
  at kotlin.test.AssertionsKt__AssertionsKt.fail(Assertions.kt:563)
  at kotlin.test.AssertionsKt.fail(Unknown Source)
  at com.xemantic.kotlin.test.SameAsKt.sameAs(SameAs.kt:52)
  at com.xemantic.typescript.compiler.TypeScriptTestSupportKt.errorsMatchBaseline(TypeScriptTestSupport.kt:135)
  at com.xemantic.typescript.compiler.TypeScriptCompilerTests_P.primitiveConstraints2_ts has expected errors matching primitiveConstraints2_errors_txt(TypeScriptCompilerTests_P.kt:1526)
  at java.base/jdk.internal.reflect.DirectMethodHandleAccessor.invoke(DirectMethodHandleAccessor.java:104)
  at java.base/java.lang.reflect.Method.invoke(Method.java:565)
  at org.junit.runners.model.FrameworkMethod$1.runReflectiveCall(FrameworkMethod.java:59)
  at org.junit.internal.runners.model.ReflectiveCallable.run(ReflectiveCallable.java:12)
  at org.junit.runners.model.FrameworkMethod.invokeExplosively(FrameworkMethod.java:56)
  at org.junit.internal.runners.statements.InvokeMethod.evaluate(InvokeMethod.java:17)
  at org.junit.runners.ParentRunner$3.evaluate(ParentRunner.java:306)
  at org.junit.runners.BlockJUnit4ClassRunner$1.evaluate(BlockJUnit4ClassRunner.java:100)
  at org.junit.runners.ParentRunner.runLeaf(ParentRunner.java:366)
  at org.junit.runners.BlockJUnit4ClassRunner.runChild(BlockJUnit4ClassRunner.java:103)
  at org.junit.runners.BlockJUnit4ClassRunner.runChild(BlockJUnit4ClassRunner.java:63)
  at org.junit.runners.ParentRunner$4.run(ParentRunner.java:331)
  at org.junit.runners.ParentRunner$1.schedule(ParentRunner.java:79)
  at org.junit.runners.ParentRunner.runChildren(ParentRunner.java:329)
  at org.junit.runners.ParentRunner.access$100(ParentRunner.java:66)
  at org.junit.runners.ParentRunner$2.evaluate(ParentRunner.java:293)
  at org.junit.runners.ParentRunner$3.evaluate(ParentRunner.java:306)
  at org.junit.runners.ParentRunner.run(ParentRunner.java:413)
  at org.junit.runner.JUnitCore.run(JUnitCore.java:137)
  at org.junit.runner.JUnitCore.run(JUnitCore.java:115)
  at org.gradle.api.internal.tasks.testing.junit.JUnitTestExecutor.runRequest(JUnitTestExecutor.java:175)
  at org.gradle.api.internal.tasks.testing.junit.JUnitTestExecutor.accept(JUnitTestExecutor.java:84)
  at org.gradle.api.internal.tasks.testing.junit.JUnitTestExecutor.accept(JUnitTestExecutor.java:47)
  at org.gradle.api.internal.tasks.testing.junit.AbstractJUnitTestDefinitionProcessor.processTestDefinition(AbstractJUnitTestDefinitionProcessor.java:65)
  at org.gradle.api.internal.tasks.testing.SuiteTestDefinitionProcessor.processTestDefinition(SuiteTestDefinitionProcessor.java:54)
  at java.base/jdk.internal.reflect.DirectMethodHandleAccessor.invoke(DirectMethodHandleAccessor.java:104)
  at java.base/java.lang.reflect.Method.invoke(Method.java:565)
  at org.gradle.internal.dispatch.MethodInvocation.invokeOn(MethodInvocation.java:77)
  at org.gradle.internal.dispatch.ReflectionDispatch.dispatch(ReflectionDispatch.java:28)
  at org.gradle.internal.dispatch.ReflectionDispatch.dispatch(ReflectionDispatch.java:19)
  at org.gradle.internal.dispatch.ContextClassLoaderDispatch.dispatch(ContextClassLoaderDispatch.java:33)
  at org.gradle.internal.dispatch.ProxyDispatchAdapter$DispatchingInvocationHandler.invoke(ProxyDispatchAdapter.java:88)
  at jdk.proxy1/jdk.proxy1.$Proxy4.processTestDefinition(Unknown Source)
  at org.gradle.api.internal.tasks.testing.worker.TestWorker$2.run(TestWorker.java:178)
  at org.gradle.api.internal.tasks.testing.worker.TestWorker.executeAndMaintainThreadName(TestWorker.java:126)
  at org.gradle.api.internal.tasks.testing.worker.TestWorker.execute(TestWorker.java:103)
  at org.gradle.api.internal.tasks.testing.worker.TestWorker.execute(TestWorker.java:63)
  at org.gradle.process.internal.worker.child.ActionExecutionWorker.execute(ActionExecutionWorker.java:56)
  at org.gradle.process.internal.worker.child.SystemApplicationClassLoaderWorker.call(SystemApplicationClassLoaderWorker.java:122)
  at org.gradle.process.internal.worker.child.SystemApplicationClassLoaderWorker.call(SystemApplicationClassLoaderWorker.java:72)
  at worker.org.gradle.process.internal.worker.GradleWorkerMain.run(GradleWorkerMain.java:69)
  at worker.org.gradle.process.internal.worker.GradleWorkerMain.main(GradleWorkerMain.java:74)
</stacktrace>
</test-failure>


TypeScriptCompilerTests_P[jvm] > primitiveConstraints2_ts has expected errors matching primitiveConstraints2_errors_txt[jvm] FAILED

<test-failure test="com.xemantic.typescript.compiler.TypeScriptCompilerTests_P.parseJsxElementInUnaryExpressionNoCrash2_ts compiles to JavaScript matching parseJsxElementInUnaryExpressionNoCrash2_js" platform="jvm">
<message>
--- expected
+++ actual
@@ -7,4 +7,4 @@
 //// [a.js]
 "use strict";
 ~<></> <
-;
+    ;

</message>
<stacktrace>
  at org.junit.Assert.fail(Assert.java:89)
  at kotlin.test.junit.JUnitAsserter.fail(JUnitSupport.kt:56)
  at kotlin.test.AssertionsKt__AssertionsKt.fail(Assertions.kt:563)
  at kotlin.test.AssertionsKt.fail(Unknown Source)
  at com.xemantic.kotlin.test.SameAsKt.sameAs(SameAs.kt:52)
  at com.xemantic.typescript.compiler.TypeScriptTestSupportKt.sameAs(TypeScriptTestSupport.kt:99)
  at com.xemantic.typescript.compiler.TypeScriptCompilerTests_P.parseJsxElementInUnaryExpressionNoCrash2_ts compiles to JavaScript matching parseJsxElementInUnaryExpressionNoCrash2_js(TypeScriptCompilerTests_P.kt:637)
  at java.base/jdk.internal.reflect.DirectMethodHandleAccessor.invoke(DirectMethodHandleAccessor.java:104)
  at java.base/java.lang.reflect.Method.invoke(Method.java:565)
  at org.junit.runners.model.FrameworkMethod$1.runReflectiveCall(FrameworkMethod.java:59)
  at org.junit.internal.runners.model.ReflectiveCallable.run(ReflectiveCallable.java:12)
  at org.junit.runners.model.FrameworkMethod.invokeExplosively(FrameworkMethod.java:56)
  at org.junit.internal.runners.statements.InvokeMethod.evaluate(InvokeMethod.java:17)
  at org.junit.runners.ParentRunner$3.evaluate(ParentRunner.java:306)
  at org.junit.runners.BlockJUnit4ClassRunner$1.evaluate(BlockJUnit4ClassRunner.java:100)
  at org.junit.runners.ParentRunner.runLeaf(ParentRunner.java:366)
  at org.junit.runners.BlockJUnit4ClassRunner.runChild(BlockJUnit4ClassRunner.java:103)
  at org.junit.runners.BlockJUnit4ClassRunner.runChild(BlockJUnit4ClassRunner.java:63)
  at org.junit.runners.ParentRunner$4.run(ParentRunner.java:331)
  at org.junit.runners.ParentRunner$1.schedule(ParentRunner.java:79)
  at org.junit.runners.ParentRunner.runChildren(ParentRunner.java:329)
  at org.junit.runners.ParentRunner.access$100(ParentRunner.java:66)
  at org.junit.runners.ParentRunner$2.evaluate(ParentRunner.java:293)
  at org.junit.runners.ParentRunner$3.evaluate(ParentRunner.java:306)
  at org.junit.runners.ParentRunner.run(ParentRunner.java:413)
  at org.junit.runner.JUnitCore.run(JUnitCore.java:137)
  at org.junit.runner.JUnitCore.run(JUnitCore.java:115)
  at org.gradle.api.internal.tasks.testing.junit.JUnitTestExecutor.runRequest(JUnitTestExecutor.java:175)
  at org.gradle.api.internal.tasks.testing.junit.JUnitTestExecutor.accept(JUnitTestExecutor.java:84)
  at org.gradle.api.internal.tasks.testing.junit.JUnitTestExecutor.accept(JUnitTestExecutor.java:47)
  at org.gradle.api.internal.tasks.testing.junit.AbstractJUnitTestDefinitionProcessor.processTestDefinition(AbstractJUnitTestDefinitionProcessor.java:65)
  at org.gradle.api.internal.tasks.testing.SuiteTestDefinitionProcessor.processTestDefinition(SuiteTestDefinitionProcessor.java:54)
  at java.base/jdk.internal.reflect.DirectMethodHandleAccessor.invoke(DirectMethodHandleAccessor.java:104)
  at java.base/java.lang.reflect.Method.invoke(Method.java:565)
  at org.gradle.internal.dispatch.MethodInvocation.invokeOn(MethodInvocation.java:77)
  at org.gradle.internal.dispatch.ReflectionDispatch.dispatch(ReflectionDispatch.java:28)
  at org.gradle.internal.dispatch.ReflectionDispatch.dispatch(ReflectionDispatch.java:19)
  at org.gradle.internal.dispatch.ContextClassLoaderDispatch.dispatch(ContextClassLoaderDispatch.java:33)
  at org.gradle.internal.dispatch.ProxyDispatchAdapter$DispatchingInvocationHandler.invoke(ProxyDispatchAdapter.java:88)
  at jdk.proxy1/jdk.proxy1.$Proxy4.processTestDefinition(Unknown Source)
  at org.gradle.api.internal.tasks.testing.worker.TestWorker$2.run(TestWorker.java:178)
  at org.gradle.api.internal.tasks.testing.worker.TestWorker.executeAndMaintainThreadName(TestWorker.java:126)
  at org.gradle.api.internal.tasks.testing.worker.TestWorker.execute(TestWorker.java:103)
  at org.gradle.api.internal.tasks.testing.worker.TestWorker.execute(TestWorker.java:63)
  at org.gradle.process.internal.worker.child.ActionExecutionWorker.execute(ActionExecutionWorker.java:56)
  at org.gradle.process.internal.worker.child.SystemApplicationClassLoaderWorker.call(SystemApplicationClassLoaderWorker.java:122)
  at org.gradle.process.internal.worker.child.SystemApplicationClassLoaderWorker.call(SystemApplicationClassLoaderWorker.java:72)
  at worker.org.gradle.process.internal.worker.GradleWorkerMain.run(GradleWorkerMain.java:69)
  at worker.org.gradle.process.internal.worker.GradleWorkerMain.main(GradleWorkerMain.java:74)
</stacktrace>
</test-failure>


TypeScriptCompilerTests_P[jvm] > parseJsxElementInUnaryExpressionNoCrash2_ts compiles to JavaScript matching parseJsxElementInUnaryExpressionNoCrash2_js[jvm] FAILED

<test-failure test="com.xemantic.typescript.compiler.TypeScriptCompilerTests_P.parseInvalidNullableTypes_ts compiles to JavaScript matching parseInvalidNullableTypes_js" platform="jvm">
<message>
--- expected
+++ actual
@@ -29,21 +29,33 @@
 
 //// [parseInvalidNullableTypes.js]
 "use strict";
-function f1(a) {
+string;
+{
     return true;
 }
-function f2(a) { }
-function f3(a) { }
-function f4(a) { }
-function f5(a) { }
-function f6(a) {
+ ?  : ;
+{ }
+ ?  : ;
+{ }
+string;
+{ }
+number;
+{ }
+string;
+{
     return true;
 }
-const a = 1;
-const b = 1;
-const c = 1;
-const d = 1;
+const a = 1 ?  : ;
+const b;
+ ? 1 : ;
+const c = 1, any;
+const d;
+number = 1;
 let e;
+ ?  : ;
 let f;
+ ?  : ;
 let g;
+ ?  : ;
 let h;
+ ?  : ;

</message>
<stacktrace>
  at org.junit.Assert.fail(Assert.java:89)
  at kotlin.test.junit.JUnitAsserter.fail(JUnitSupport.kt:56)
  at kotlin.test.AssertionsKt__AssertionsKt.fail(Assertions.kt:563)
  at kotlin.test.AssertionsKt.fail(Unknown Source)
  at com.xemantic.kotlin.test.SameAsKt.sameAs(SameAs.kt:52)
  at com.xemantic.typescript.compiler.TypeScriptTestSupportKt.sameAs(TypeScriptTestSupport.kt:99)
  at com.xemantic.typescript.compiler.TypeScriptCompilerTests_P.parseInvalidNullableTypes_ts compiles to JavaScript matching parseInvalidNullableTypes_js(TypeScriptCompilerTests_P.kt:609)
  at java.base/jdk.internal.reflect.DirectMethodHandleAccessor.invoke(DirectMethodHandleAccessor.java:104)
  at java.base/java.lang.reflect.Method.invoke(Method.java:565)
  at org.junit.runners.model.FrameworkMethod$1.runReflectiveCall(FrameworkMethod.java:59)
  at org.junit.internal.runners.model.ReflectiveCallable.run(ReflectiveCallable.java:12)
  at org.junit.runners.model.FrameworkMethod.invokeExplosively(FrameworkMethod.java:56)
  at org.junit.internal.runners.statements.InvokeMethod.evaluate(InvokeMethod.java:17)
  at org.junit.runners.ParentRunner$3.evaluate(ParentRunner.java:306)
  at org.junit.runners.BlockJUnit4ClassRunner$1.evaluate(BlockJUnit4ClassRunner.java:100)
  at org.junit.runners.ParentRunner.runLeaf(ParentRunner.java:366)
  at org.junit.runners.BlockJUnit4ClassRunner.runChild(BlockJUnit4ClassRunner.java:103)
  at org.junit.runners.BlockJUnit4ClassRunner.runChild(BlockJUnit4ClassRunner.java:63)
  at org.junit.runners.ParentRunner$4.run(ParentRunner.java:331)
  at org.junit.runners.ParentRunner$1.schedule(ParentRunner.java:79)
  at org.junit.runners.ParentRunner.runChildren(ParentRunner.java:329)
  at org.junit.runners.ParentRunner.access$100(ParentRunner.java:66)
  at org.junit.runners.ParentRunner$2.evaluate(ParentRunner.java:293)
  at org.junit.runners.ParentRunner$3.evaluate(ParentRunner.java:306)
  at org.junit.runners.ParentRunner.run(ParentRunner.java:413)
  at org.junit.runner.JUnitCore.run(JUnitCore.java:137)
  at org.junit.runner.JUnitCore.run(JUnitCore.java:115)
  at org.gradle.api.internal.tasks.testing.junit.JUnitTestExecutor.runRequest(JUnitTestExecutor.java:175)
  at org.gradle.api.internal.tasks.testing.junit.JUnitTestExecutor.accept(JUnitTestExecutor.java:84)
  at org.gradle.api.internal.tasks.testing.junit.JUnitTestExecutor.accept(JUnitTestExecutor.java:47)
  at org.gradle.api.internal.tasks.testing.junit.AbstractJUnitTestDefinitionProcessor.processTestDefinition(AbstractJUnitTestDefinitionProcessor.java:65)
  at org.gradle.api.internal.tasks.testing.SuiteTestDefinitionProcessor.processTestDefinition(SuiteTestDefinitionProcessor.java:54)
  at java.base/jdk.internal.reflect.DirectMethodHandleAccessor.invoke(DirectMethodHandleAccessor.java:104)
  at java.base/java.lang.reflect.Method.invoke(Method.java:565)
  at org.gradle.internal.dispatch.MethodInvocation.invokeOn(MethodInvocation.java:77)
  at org.gradle.internal.dispatch.ReflectionDispatch.dispatch(ReflectionDispatch.java:28)
  at org.gradle.internal.dispatch.ReflectionDispatch.dispatch(ReflectionDispatch.java:19)
  at org.gradle.internal.dispatch.ContextClassLoaderDispatch.dispatch(ContextClassLoaderDispatch.java:33)
  at org.gradle.internal.dispatch.ProxyDispatchAdapter$DispatchingInvocationHandler.invoke(ProxyDispatchAdapter.java:88)
  at jdk.proxy1/jdk.proxy1.$Proxy4.processTestDefinition(Unknown Source)
  at org.gradle.api.internal.tasks.testing.worker.TestWorker$2.run(TestWorker.java:178)
  at org.gradle.api.internal.tasks.testing.worker.TestWorker.executeAndMaintainThreadName(TestWorker.java:126)
  at org.gradle.api.internal.tasks.testing.worker.TestWorker.execute(TestWorker.java:103)
  at org.gradle.api.internal.tasks.testing.worker.TestWorker.execute(TestWorker.java:63)
  at org.gradle.process.internal.worker.child.ActionExecutionWorker.execute(ActionExecutionWorker.java:56)
  at org.gradle.process.internal.worker.child.SystemApplicationClassLoaderWorker.call(SystemApplicationClassLoaderWorker.java:122)
  at org.gradle.process.internal.worker.child.SystemApplicationClassLoaderWorker.call(SystemApplicationClassLoaderWorker.java:72)
  at worker.org.gradle.process.internal.worker.GradleWorkerMain.run(GradleWorkerMain.java:69)
  at worker.org.gradle.process.internal.worker.GradleWorkerMain.main(GradleWorkerMain.java:74)
</stacktrace>
</test-failure>


TypeScriptCompilerTests_P[jvm] > parseInvalidNullableTypes_ts compiles to JavaScript matching parseInvalidNullableTypes_js[jvm] FAILED

<test-failure test="com.xemantic.typescript.compiler.TypeScriptCompilerTests_P.promiseDefinitionTest_ts__target_es5__has expected errors matching baseline" platform="jvm">
<message>
--- expected
+++ actual
@@ -1,15 +1,8 @@
 error TS5107: Option 'target=ES5' is deprecated and will stop functioning in TypeScript 7.0. Specify compilerOption '"ignoreDeprecations": "6.0"' to silence this error.
-promiseDefinitionTest.ts(1,7): error TS2300: Duplicate identifier 'Promise'.
 
 
 !!! error TS5107: Option 'target=ES5' is deprecated and will stop functioning in TypeScript 7.0. Specify compilerOption '"ignoreDeprecations": "6.0"' to silence this error.
-==== promiseDefinitionTest.ts (1 errors) ====
+==== promiseDefinitionTest.ts (0 errors) ====
     class Promise<T> {}
-          ~~~~~~~
-!!! error TS2300: Duplicate identifier 'Promise'.
-!!! related TS6203 lib.es5.d.ts:--:--: 'Promise' was also declared here.
-!!! related TS6204 lib.es2015.iterable.d.ts:--:--: and here.
-!!! related TS6204 lib.es2015.promise.d.ts:--:--: and here.
-!!! related TS6204 lib.es2015.symbol.wellknown.d.ts:--:--: and here.
     async function foo() {}
     const x = foo();

</message>
<stacktrace>
  at org.junit.Assert.fail(Assert.java:89)
  at kotlin.test.junit.JUnitAsserter.fail(JUnitSupport.kt:56)
  at kotlin.test.AssertionsKt__AssertionsKt.fail(Assertions.kt:563)
  at kotlin.test.AssertionsKt.fail(Unknown Source)
  at com.xemantic.kotlin.test.SameAsKt.sameAs(SameAs.kt:52)
  at com.xemantic.typescript.compiler.TypeScriptTestSupportKt.errorsMatchBaseline(TypeScriptTestSupport.kt:135)
  at com.xemantic.typescript.compiler.TypeScriptCompilerTests_P.promiseDefinitionTest_ts__target_es5__has expected errors matching baseline(TypeScriptCompilerTests_P.kt:2289)
  at java.base/jdk.internal.reflect.DirectMethodHandleAccessor.invoke(DirectMethodHandleAccessor.java:104)
  at java.base/java.lang.reflect.Method.invoke(Method.java:565)
  at org.junit.runners.model.FrameworkMethod$1.runReflectiveCall(FrameworkMethod.java:59)
  at org.junit.internal.runners.model.ReflectiveCallable.run(ReflectiveCallable.java:12)
  at org.junit.runners.model.FrameworkMethod.invokeExplosively(FrameworkMethod.java:56)
  at org.junit.internal.runners.statements.InvokeMethod.evaluate(InvokeMethod.java:17)
  at org.junit.runners.ParentRunner$3.evaluate(ParentRunner.java:306)
  at org.junit.runners.BlockJUnit4ClassRunner$1.evaluate(BlockJUnit4ClassRunner.java:100)
  at org.junit.runners.ParentRunner.runLeaf(ParentRunner.java:366)
  at org.junit.runners.BlockJUnit4ClassRunner.runChild(BlockJUnit4ClassRunner.java:103)
  at org.junit.runners.BlockJUnit4ClassRunner.runChild(BlockJUnit4ClassRunner.java:63)
  at org.junit.runners.ParentRunner$4.run(ParentRunner.java:331)
  at org.junit.runners.ParentRunner$1.schedule(ParentRunner.java:79)
  at org.junit.runners.ParentRunner.runChildren(ParentRunner.java:329)
  at org.junit.runners.ParentRunner.access$100(ParentRunner.java:66)
  at org.junit.runners.ParentRunner$2.evaluate(ParentRunner.java:293)
  at org.junit.runners.ParentRunner$3.evaluate(ParentRunner.java:306)
  at org.junit.runners.ParentRunner.run(ParentRunner.java:413)
  at org.junit.runner.JUnitCore.run(JUnitCore.java:137)
  at org.junit.runner.JUnitCore.run(JUnitCore.java:115)
  at org.gradle.api.internal.tasks.testing.junit.JUnitTestExecutor.runRequest(JUnitTestExecutor.java:175)
  at org.gradle.api.internal.tasks.testing.junit.JUnitTestExecutor.accept(JUnitTestExecutor.java:84)
  at org.gradle.api.internal.tasks.testing.junit.JUnitTestExecutor.accept(JUnitTestExecutor.java:47)
  at org.gradle.api.internal.tasks.testing.junit.AbstractJUnitTestDefinitionProcessor.processTestDefinition(AbstractJUnitTestDefinitionProcessor.java:65)
  at org.gradle.api.internal.tasks.testing.SuiteTestDefinitionProcessor.processTestDefinition(SuiteTestDefinitionProcessor.java:54)
  at java.base/jdk.internal.reflect.DirectMethodHandleAccessor.invoke(DirectMethodHandleAccessor.java:104)
  at java.base/java.lang.reflect.Method.invoke(Method.java:565)
  at org.gradle.internal.dispatch.MethodInvocation.invokeOn(MethodInvocation.java:77)
  at org.gradle.internal.dispatch.ReflectionDispatch.dispatch(ReflectionDispatch.java:28)
  at org.gradle.internal.dispatch.ReflectionDispatch.dispatch(ReflectionDispatch.java:19)
  at org.gradle.internal.dispatch.ContextClassLoaderDispatch.dispatch(ContextClassLoaderDispatch.java:33)
  at org.gradle.internal.dispatch.ProxyDispatchAdapter$DispatchingInvocationHandler.invoke(ProxyDispatchAdapter.java:88)
  at jdk.proxy1/jdk.proxy1.$Proxy4.processTestDefinition(Unknown Source)
  at org.gradle.api.internal.tasks.testing.worker.TestWorker$2.run(TestWorker.java:178)
  at org.gradle.api.internal.tasks.testing.worker.TestWorker.executeAndMaintainThreadName(TestWorker.java:126)
  at org.gradle.api.internal.tasks.testing.worker.TestWorker.execute(TestWorker.java:103)
  at org.gradle.api.internal.tasks.testing.worker.TestWorker.execute(TestWorker.java:63)
  at org.gradle.process.internal.worker.child.ActionExecutionWorker.execute(ActionExecutionWorker.java:56)
  at org.gradle.process.internal.worker.child.SystemApplicationClassLoaderWorker.call(SystemApplicationClassLoaderWorker.java:122)
  at org.gradle.process.internal.worker.child.SystemApplicationClassLoaderWorker.call(SystemApplicationClassLoaderWorker.java:72)
  at worker.org.gradle.process.internal.worker.GradleWorkerMain.run(GradleWorkerMain.java:69)
  at worker.org.gradle.process.internal.worker.GradleWorkerMain.main(GradleWorkerMain.java:74)
</stacktrace>
</test-failure>


TypeScriptCompilerTests_P[jvm] > promiseDefinitionTest_ts__target_es5__has expected errors matching baseline[jvm] FAILED

<test-failure test="com.xemantic.typescript.compiler.TypeScriptCompilerTests_P.protectedMembersThisParameter_ts has expected errors matching protectedMembersThisParameter_errors_txt" platform="jvm">
<message>
Expected diagnostics from baseline typescript-repo/tests/baselines/reference/protectedMembersThisParameter.errors.txt but none produced
</message>
<stacktrace>
  at com.xemantic.typescript.compiler.TypeScriptTestSupportKt.errorsMatchBaseline(TypeScriptTestSupport.kt:125)
  at com.xemantic.typescript.compiler.TypeScriptCompilerTests_P.protectedMembersThisParameter_ts has expected errors matching protectedMembersThisParameter_errors_txt(TypeScriptCompilerTests_P.kt:2898)
  at java.base/jdk.internal.reflect.DirectMethodHandleAccessor.invoke(DirectMethodHandleAccessor.java:104)
  at java.base/java.lang.reflect.Method.invoke(Method.java:565)
  at org.junit.runners.model.FrameworkMethod$1.runReflectiveCall(FrameworkMethod.java:59)
  at org.junit.internal.runners.model.ReflectiveCallable.run(ReflectiveCallable.java:12)
  at org.junit.runners.model.FrameworkMethod.invokeExplosively(FrameworkMethod.java:56)
  at org.junit.internal.runners.statements.InvokeMethod.evaluate(InvokeMethod.java:17)
  at org.junit.runners.ParentRunner$3.evaluate(ParentRunner.java:306)
  at org.junit.runners.BlockJUnit4ClassRunner$1.evaluate(BlockJUnit4ClassRunner.java:100)
  at org.junit.runners.ParentRunner.runLeaf(ParentRunner.java:366)
  at org.junit.runners.BlockJUnit4ClassRunner.runChild(BlockJUnit4ClassRunner.java:103)
  at org.junit.runners.BlockJUnit4ClassRunner.runChild(BlockJUnit4ClassRunner.java:63)
  at org.junit.runners.ParentRunner$4.run(ParentRunner.java:331)
  at org.junit.runners.ParentRunner$1.schedule(ParentRunner.java:79)
  at org.junit.runners.ParentRunner.runChildren(ParentRunner.java:329)
  at org.junit.runners.ParentRunner.access$100(ParentRunner.java:66)
  at org.junit.runners.ParentRunner$2.evaluate(ParentRunner.java:293)
  at org.junit.runners.ParentRunner$3.evaluate(ParentRunner.java:306)
  at org.junit.runners.ParentRunner.run(ParentRunner.java:413)
  at org.junit.runner.JUnitCore.run(JUnitCore.java:137)
  at org.junit.runner.JUnitCore.run(JUnitCore.java:115)
  at org.gradle.api.internal.tasks.testing.junit.JUnitTestExecutor.runRequest(JUnitTestExecutor.java:175)
  at org.gradle.api.internal.tasks.testing.junit.JUnitTestExecutor.accept(JUnitTestExecutor.java:84)
  at org.gradle.api.internal.tasks.testing.junit.JUnitTestExecutor.accept(JUnitTestExecutor.java:47)
  at org.gradle.api.internal.tasks.testing.junit.AbstractJUnitTestDefinitionProcessor.processTestDefinition(AbstractJUnitTestDefinitionProcessor.java:65)
  at org.gradle.api.internal.tasks.testing.SuiteTestDefinitionProcessor.processTestDefinition(SuiteTestDefinitionProcessor.java:54)
  at java.base/jdk.internal.reflect.DirectMethodHandleAccessor.invoke(DirectMethodHandleAccessor.java:104)
  at java.base/java.lang.reflect.Method.invoke(Method.java:565)
  at org.gradle.internal.dispatch.MethodInvocation.invokeOn(MethodInvocation.java:77)
  at org.gradle.internal.dispatch.ReflectionDispatch.dispatch(ReflectionDispatch.java:28)
  at org.gradle.internal.dispatch.ReflectionDispatch.dispatch(ReflectionDispatch.java:19)
  at org.gradle.internal.dispatch.ContextClassLoaderDispatch.dispatch(ContextClassLoaderDispatch.java:33)
  at org.gradle.internal.dispatch.ProxyDispatchAdapter$DispatchingInvocationHandler.invoke(ProxyDispatchAdapter.java:88)
  at jdk.proxy1/jdk.proxy1.$Proxy4.processTestDefinition(Unknown Source)
  at org.gradle.api.internal.tasks.testing.worker.TestWorker$2.run(TestWorker.java:178)
  at org.gradle.api.internal.tasks.testing.worker.TestWorker.executeAndMaintainThreadName(TestWorker.java:126)
  at org.gradle.api.internal.tasks.testing.worker.TestWorker.execute(TestWorker.java:103)
  at org.gradle.api.internal.tasks.testing.worker.TestWorker.execute(TestWorker.java:63)
  at org.gradle.process.internal.worker.child.ActionExecutionWorker.execute(ActionExecutionWorker.java:56)
  at org.gradle.process.internal.worker.child.SystemApplicationClassLoaderWorker.call(SystemApplicationClassLoaderWorker.java:122)
  at org.gradle.process.internal.worker.child.SystemApplicationClassLoaderWorker.call(SystemApplicationClassLoaderWorker.java:72)
  at worker.org.gradle.process.internal.worker.GradleWorkerMain.run(GradleWorkerMain.java:69)
  at worker.org.gradle.process.internal.worker.GradleWorkerMain.main(GradleWorkerMain.java:74)
</stacktrace>
</test-failure>


TypeScriptCompilerTests_P[jvm] > protectedMembersThisParameter_ts has expected errors matching protectedMembersThisParameter_errors_txt[jvm] FAILED

<test-failure test="com.xemantic.typescript.compiler.TypeScriptCompilerTests_P.promisePermutations2_ts has expected errors matching promisePermutations2_errors_txt" platform="jvm">
<message>
Expected diagnostics from baseline typescript-repo/tests/baselines/reference/promisePermutations2.errors.txt but none produced
</message>
<stacktrace>
  at com.xemantic.typescript.compiler.TypeScriptTestSupportKt.errorsMatchBaseline(TypeScriptTestSupport.kt:125)
  at com.xemantic.typescript.compiler.TypeScriptCompilerTests_P.promisePermutations2_ts has expected errors matching promisePermutations2_errors_txt(TypeScriptCompilerTests_P.kt:2408)
  at java.base/jdk.internal.reflect.DirectMethodHandleAccessor.invoke(DirectMethodHandleAccessor.java:104)
  at java.base/java.lang.reflect.Method.invoke(Method.java:565)
  at org.junit.runners.model.FrameworkMethod$1.runReflectiveCall(FrameworkMethod.java:59)
  at org.junit.internal.runners.model.ReflectiveCallable.run(ReflectiveCallable.java:12)
  at org.junit.runners.model.FrameworkMethod.invokeExplosively(FrameworkMethod.java:56)
  at org.junit.internal.runners.statements.InvokeMethod.evaluate(InvokeMethod.java:17)
  at org.junit.runners.ParentRunner$3.evaluate(ParentRunner.java:306)
  at org.junit.runners.BlockJUnit4ClassRunner$1.evaluate(BlockJUnit4ClassRunner.java:100)
  at org.junit.runners.ParentRunner.runLeaf(ParentRunner.java:366)
  at org.junit.runners.BlockJUnit4ClassRunner.runChild(BlockJUnit4ClassRunner.java:103)
  at org.junit.runners.BlockJUnit4ClassRunner.runChild(BlockJUnit4ClassRunner.java:63)
  at org.junit.runners.ParentRunner$4.run(ParentRunner.java:331)
  at org.junit.runners.ParentRunner$1.schedule(ParentRunner.java:79)
  at org.junit.runners.ParentRunner.runChildren(ParentRunner.java:329)
  at org.junit.runners.ParentRunner.access$100(ParentRunner.java:66)
  at org.junit.runners.ParentRunner$2.evaluate(ParentRunner.java:293)
  at org.junit.runners.ParentRunner$3.evaluate(ParentRunner.java:306)
  at org.junit.runners.ParentRunner.run(ParentRunner.java:413)
  at org.junit.runner.JUnitCore.run(JUnitCore.java:137)
  at org.junit.runner.JUnitCore.run(JUnitCore.java:115)
  at org.gradle.api.internal.tasks.testing.junit.JUnitTestExecutor.runRequest(JUnitTestExecutor.java:175)
  at org.gradle.api.internal.tasks.testing.junit.JUnitTestExecutor.accept(JUnitTestExecutor.java:84)
  at org.gradle.api.internal.tasks.testing.junit.JUnitTestExecutor.accept(JUnitTestExecutor.java:47)
  at org.gradle.api.internal.tasks.testing.junit.AbstractJUnitTestDefinitionProcessor.processTestDefinition(AbstractJUnitTestDefinitionProcessor.java:65)
  at org.gradle.api.internal.tasks.testing.SuiteTestDefinitionProcessor.processTestDefinition(SuiteTestDefinitionProcessor.java:54)
  at java.base/jdk.internal.reflect.DirectMethodHandleAccessor.invoke(DirectMethodHandleAccessor.java:104)
  at java.base/java.lang.reflect.Method.invoke(Method.java:565)
  at org.gradle.internal.dispatch.MethodInvocation.invokeOn(MethodInvocation.java:77)
  at org.gradle.internal.dispatch.ReflectionDispatch.dispatch(ReflectionDispatch.java:28)
  at org.gradle.internal.dispatch.ReflectionDispatch.dispatch(ReflectionDispatch.java:19)
  at org.gradle.internal.dispatch.ContextClassLoaderDispatch.dispatch(ContextClassLoaderDispatch.java:33)
  at org.gradle.internal.dispatch.ProxyDispatchAdapter$DispatchingInvocationHandler.invoke(ProxyDispatchAdapter.java:88)
  at jdk.proxy1/jdk.proxy1.$Proxy4.processTestDefinition(Unknown Source)
  at org.gradle.api.internal.tasks.testing.worker.TestWorker$2.run(TestWorker.java:178)
  at org.gradle.api.internal.tasks.testing.worker.TestWorker.executeAndMaintainThreadName(TestWorker.java:126)
  at org.gradle.api.internal.tasks.testing.worker.TestWorker.execute(TestWorker.java:103)
  at org.gradle.api.internal.tasks.testing.worker.TestWorker.execute(TestWorker.java:63)
  at org.gradle.process.internal.worker.child.ActionExecutionWorker.execute(ActionExecutionWorker.java:56)
  at org.gradle.process.internal.worker.child.SystemApplicationClassLoaderWorker.call(SystemApplicationClassLoaderWorker.java:122)
  at org.gradle.process.internal.worker.child.SystemApplicationClassLoaderWorker.call(SystemApplicationClassLoaderWorker.java:72)
  at worker.org.gradle.process.internal.worker.GradleWorkerMain.run(GradleWorkerMain.java:69)
  at worker.org.gradle.process.internal.worker.GradleWorkerMain.main(GradleWorkerMain.java:74)
</stacktrace>
</test-failure>


TypeScriptCompilerTests_P[jvm] > promisePermutations2_ts has expected errors matching promisePermutations2_errors_txt[jvm] FAILED

<test-failure test="com.xemantic.typescript.compiler.TypeScriptCompilerTests_P.privateFieldsInClassExpressionDeclaration_ts has expected errors matching privateFieldsInClassExpressionDeclaration_errors_txt" platform="jvm">
<message>
Expected diagnostics from baseline typescript-repo/tests/baselines/reference/privateFieldsInClassExpressionDeclaration.errors.txt but none produced
</message>
<stacktrace>
  at com.xemantic.typescript.compiler.TypeScriptTestSupportKt.errorsMatchBaseline(TypeScriptTestSupport.kt:125)
  at com.xemantic.typescript.compiler.TypeScriptCompilerTests_P.privateFieldsInClassExpressionDeclaration_ts has expected errors matching privateFieldsInClassExpressionDeclaration_errors_txt(TypeScriptCompilerTests_P.kt:2156)
  at java.base/jdk.internal.reflect.DirectMethodHandleAccessor.invoke(DirectMethodHandleAccessor.java:104)
  at java.base/java.lang.reflect.Method.invoke(Method.java:565)
  at org.junit.runners.model.FrameworkMethod$1.runReflectiveCall(FrameworkMethod.java:59)
  at org.junit.internal.runners.model.ReflectiveCallable.run(ReflectiveCallable.java:12)
  at org.junit.runners.model.FrameworkMethod.invokeExplosively(FrameworkMethod.java:56)
  at org.junit.internal.runners.statements.InvokeMethod.evaluate(InvokeMethod.java:17)
  at org.junit.runners.ParentRunner$3.evaluate(ParentRunner.java:306)
  at org.junit.runners.BlockJUnit4ClassRunner$1.evaluate(BlockJUnit4ClassRunner.java:100)
  at org.junit.runners.ParentRunner.runLeaf(ParentRunner.java:366)
  at org.junit.runners.BlockJUnit4ClassRunner.runChild(BlockJUnit4ClassRunner.java:103)
  at org.junit.runners.BlockJUnit4ClassRunner.runChild(BlockJUnit4ClassRunner.java:63)
  at org.junit.runners.ParentRunner$4.run(ParentRunner.java:331)
  at org.junit.runners.ParentRunner$1.schedule(ParentRunner.java:79)
  at org.junit.runners.ParentRunner.runChildren(ParentRunner.java:329)
  at org.junit.runners.ParentRunner.access$100(ParentRunner.java:66)
  at org.junit.runners.ParentRunner$2.evaluate(ParentRunner.java:293)
  at org.junit.runners.ParentRunner$3.evaluate(ParentRunner.java:306)
  at org.junit.runners.ParentRunner.run(ParentRunner.java:413)
  at org.junit.runner.JUnitCore.run(JUnitCore.java:137)
  at org.junit.runner.JUnitCore.run(JUnitCore.java:115)
  at org.gradle.api.internal.tasks.testing.junit.JUnitTestExecutor.runRequest(JUnitTestExecutor.java:175)
  at org.gradle.api.internal.tasks.testing.junit.JUnitTestExecutor.accept(JUnitTestExecutor.java:84)
  at org.gradle.api.internal.tasks.testing.junit.JUnitTestExecutor.accept(JUnitTestExecutor.java:47)
  at org.gradle.api.internal.tasks.testing.junit.AbstractJUnitTestDefinitionProcessor.processTestDefinition(AbstractJUnitTestDefinitionProcessor.java:65)
  at org.gradle.api.internal.tasks.testing.SuiteTestDefinitionProcessor.processTestDefinition(SuiteTestDefinitionProcessor.java:54)
  at java.base/jdk.internal.reflect.DirectMethodHandleAccessor.invoke(DirectMethodHandleAccessor.java:104)
  at java.base/java.lang.reflect.Method.invoke(Method.java:565)
  at org.gradle.internal.dispatch.MethodInvocation.invokeOn(MethodInvocation.java:77)
  at org.gradle.internal.dispatch.ReflectionDispatch.dispatch(ReflectionDispatch.java:28)
  at org.gradle.internal.dispatch.ReflectionDispatch.dispatch(ReflectionDispatch.java:19)
  at org.gradle.internal.dispatch.ContextClassLoaderDispatch.dispatch(ContextClassLoaderDispatch.java:33)
  at org.gradle.internal.dispatch.ProxyDispatchAdapter$DispatchingInvocationHandler.invoke(ProxyDispatchAdapter.java:88)
  at jdk.proxy1/jdk.proxy1.$Proxy4.processTestDefinition(Unknown Source)
  at org.gradle.api.internal.tasks.testing.worker.TestWorker$2.run(TestWorker.java:178)
  at org.gradle.api.internal.tasks.testing.worker.TestWorker.executeAndMaintainThreadName(TestWorker.java:126)
  at org.gradle.api.internal.tasks.testing.worker.TestWorker.execute(TestWorker.java:103)
  at org.gradle.api.internal.tasks.testing.worker.TestWorker.execute(TestWorker.java:63)
  at org.gradle.process.internal.worker.child.ActionExecutionWorker.execute(ActionExecutionWorker.java:56)
  at org.gradle.process.internal.worker.child.SystemApplicationClassLoaderWorker.call(SystemApplicationClassLoaderWorker.java:122)
  at org.gradle.process.internal.worker.child.SystemApplicationClassLoaderWorker.call(SystemApplicationClassLoaderWorker.java:72)
  at worker.org.gradle.process.internal.worker.GradleWorkerMain.run(GradleWorkerMain.java:69)
  at worker.org.gradle.process.internal.worker.GradleWorkerMain.main(GradleWorkerMain.java:74)
</stacktrace>
</test-failure>


TypeScriptCompilerTests_P[jvm] > privateFieldsInClassExpressionDeclaration_ts has expected errors matching privateFieldsInClassExpressionDeclaration_errors_txt[jvm] FAILED

<test-failure test="com.xemantic.typescript.compiler.TypeScriptCompilerTests_P.parseErrorIncorrectReturnToken_ts has expected errors matching parseErrorIncorrectReturnToken_errors_txt" platform="jvm">
<message>
--- expected
+++ actual
@@ -1,25 +1,31 @@
-error TS-1: Pre-emit (7) and post-emit (8) diagnostic counts do not match! This can indicate that a semantic _error_ was added by the emit resolver - such an error may not be reflected on the command line or in the editor, but may be captured in a baseline here!
-parseErrorIncorrectReturnToken.ts(2,17): error TS1005: ':' expected.
-parseErrorIncorrectReturnToken.ts(4,22): error TS1005: '=>' expected.
+parseErrorIncorrectReturnToken.ts(4,12): error TS2304: Cannot find name 'n'.
+parseErrorIncorrectReturnToken.ts(4,13): error TS1005: ')' expected.
+parseErrorIncorrectReturnToken.ts(4,15): error TS2693: 'number' only refers to a type, but is being used as a value here.
+parseErrorIncorrectReturnToken.ts(4,21): error TS1109: Expression expected.
+parseErrorIncorrectReturnToken.ts(4,22): error TS1109: Expression expected.
 parseErrorIncorrectReturnToken.ts(4,24): error TS2693: 'string' only refers to a type, but is being used as a value here.
 parseErrorIncorrectReturnToken.ts(9,18): error TS1005: '{' expected.
-parseErrorIncorrectReturnToken.ts(9,21): error TS1434: Unexpected keyword or identifier.
 parseErrorIncorrectReturnToken.ts(9,21): error TS2693: 'string' only refers to a type, but is being used as a value here.
+parseErrorIncorrectReturnToken.ts(10,9): error TS1108: A 'return' statement can only be used within a function body.
+parseErrorIncorrectReturnToken.ts(10,16): error TS2304: Cannot find name 'n'.
 parseErrorIncorrectReturnToken.ts(12,1): error TS1128: Declaration or statement expected.
 
 
-!!! error TS-1: Pre-emit (7) and post-emit (8) diagnostic counts do not match! This can indicate that a semantic _error_ was added by the emit resolver - such an error may not be reflected on the command line or in the editor, but may be captured in a baseline here!
-!!! related TS-1: The excess diagnostics are:
-!!! related TS2304 parseErrorIncorrectReturnToken.ts:10:16: Cannot find name 'n'.
-==== parseErrorIncorrectReturnToken.ts (7 errors) ====
+==== parseErrorIncorrectReturnToken.ts (11 errors) ====
     type F1 = {
         (n: number) => string; // should be : not =>
-                    ~~
-!!! error TS1005: ':' expected.
     }
     type F2 = (n: number): string; // should be => not :
+               ~
+!!! error TS2304: Cannot find name 'n'.
+                ~
+!!! error TS1005: ')' expected.
+                  ~~~~~~
+!!! error TS2693: 'number' only refers to a type, but is being used as a value here.
+                        ~
+!!! error TS1109: Expression expected.
                          ~
-!!! error TS1005: '=>' expected.
+!!! error TS1109: Expression expected.
                            ~~~~~~
 !!! error TS2693: 'string' only refers to a type, but is being used as a value here.
     
@@ -30,10 +36,12 @@
                      ~~
 !!! error TS1005: '{' expected.
                         ~~~~~~
-!!! error TS1434: Unexpected keyword or identifier.
-                        ~~~~~~
 !!! error TS2693: 'string' only refers to a type, but is being used as a value here.
             return n.toString();
+            ~~~~~~
+!!! error TS1108: A 'return' statement can only be used within a function body.
+                   ~
+!!! error TS2304: Cannot find name 'n'.
         }
     };
     ~

</message>
<stacktrace>
  at org.junit.Assert.fail(Assert.java:89)
  at kotlin.test.junit.JUnitAsserter.fail(JUnitSupport.kt:56)
  at kotlin.test.AssertionsKt__AssertionsKt.fail(Assertions.kt:563)
  at kotlin.test.AssertionsKt.fail(Unknown Source)
  at com.xemantic.kotlin.test.SameAsKt.sameAs(SameAs.kt:52)
  at com.xemantic.typescript.compiler.TypeScriptTestSupportKt.errorsMatchBaseline(TypeScriptTestSupport.kt:135)
  at com.xemantic.typescript.compiler.TypeScriptCompilerTests_P.parseErrorIncorrectReturnToken_ts has expected errors matching parseErrorIncorrectReturnToken_errors_txt(TypeScriptCompilerTests_P.kt:553)
  at java.base/jdk.internal.reflect.DirectMethodHandleAccessor.invoke(DirectMethodHandleAccessor.java:104)
  at java.base/java.lang.reflect.Method.invoke(Method.java:565)
  at org.junit.runners.model.FrameworkMethod$1.runReflectiveCall(FrameworkMethod.java:59)
  at org.junit.internal.runners.model.ReflectiveCallable.run(ReflectiveCallable.java:12)
  at org.junit.runners.model.FrameworkMethod.invokeExplosively(FrameworkMethod.java:56)
  at org.junit.internal.runners.statements.InvokeMethod.evaluate(InvokeMethod.java:17)
  at org.junit.runners.ParentRunner$3.evaluate(ParentRunner.java:306)
  at org.junit.runners.BlockJUnit4ClassRunner$1.evaluate(BlockJUnit4ClassRunner.java:100)
  at org.junit.runners.ParentRunner.runLeaf(ParentRunner.java:366)
  at org.junit.runners.BlockJUnit4ClassRunner.runChild(BlockJUnit4ClassRunner.java:103)
  at org.junit.runners.BlockJUnit4ClassRunner.runChild(BlockJUnit4ClassRunner.java:63)
  at org.junit.runners.ParentRunner$4.run(ParentRunner.java:331)
  at org.junit.runners.ParentRunner$1.schedule(ParentRunner.java:79)
  at org.junit.runners.ParentRunner.runChildren(ParentRunner.java:329)
  at org.junit.runners.ParentRunner.access$100(ParentRunner.java:66)
  at org.junit.runners.ParentRunner$2.evaluate(ParentRunner.java:293)
  at org.junit.runners.ParentRunner$3.evaluate(ParentRunner.java:306)
  at org.junit.runners.ParentRunner.run(ParentRunner.java:413)
  at org.junit.runner.JUnitCore.run(JUnitCore.java:137)
  at org.junit.runner.JUnitCore.run(JUnitCore.java:115)
  at org.gradle.api.internal.tasks.testing.junit.JUnitTestExecutor.runRequest(JUnitTestExecutor.java:175)
  at org.gradle.api.internal.tasks.testing.junit.JUnitTestExecutor.accept(JUnitTestExecutor.java:84)
  at org.gradle.api.internal.tasks.testing.junit.JUnitTestExecutor.accept(JUnitTestExecutor.java:47)
  at org.gradle.api.internal.tasks.testing.junit.AbstractJUnitTestDefinitionProcessor.processTestDefinition(AbstractJUnitTestDefinitionProcessor.java:65)
  at org.gradle.api.internal.tasks.testing.SuiteTestDefinitionProcessor.processTestDefinition(SuiteTestDefinitionProcessor.java:54)
  at java.base/jdk.internal.reflect.DirectMethodHandleAccessor.invoke(DirectMethodHandleAccessor.java:104)
  at java.base/java.lang.reflect.Method.invoke(Method.java:565)
  at org.gradle.internal.dispatch.MethodInvocation.invokeOn(MethodInvocation.java:77)
  at org.gradle.internal.dispatch.ReflectionDispatch.dispatch(ReflectionDispatch.java:28)
  at org.gradle.internal.dispatch.ReflectionDispatch.dispatch(ReflectionDispatch.java:19)
  at org.gradle.internal.dispatch.ContextClassLoaderDispatch.dispatch(ContextClassLoaderDispatch.java:33)
  at org.gradle.internal.dispatch.ProxyDispatchAdapter$DispatchingInvocationHandler.invoke(ProxyDispatchAdapter.java:88)
  at jdk.proxy1/jdk.proxy1.$Proxy4.processTestDefinition(Unknown Source)
  at org.gradle.api.internal.tasks.testing.worker.TestWorker$2.run(TestWorker.java:178)
  at org.gradle.api.internal.tasks.testing.worker.TestWorker.executeAndMaintainThreadName(TestWorker.java:126)
  at org.gradle.api.internal.tasks.testing.worker.TestWorker.execute(TestWorker.java:103)
  at org.gradle.api.internal.tasks.testing.worker.TestWorker.execute(TestWorker.java:63)
  at org.gradle.process.internal.worker.child.ActionExecutionWorker.execute(ActionExecutionWorker.java:56)
  at org.gradle.process.internal.worker.child.SystemApplicationClassLoaderWorker.call(SystemApplicationClassLoaderWorker.java:122)
  at org.gradle.process.internal.worker.child.SystemApplicationClassLoaderWorker.call(SystemApplicationClassLoaderWorker.java:72)
  at worker.org.gradle.process.internal.worker.GradleWorkerMain.run(GradleWorkerMain.java:69)
  at worker.org.gradle.process.internal.worker.GradleWorkerMain.main(GradleWorkerMain.java:74)
</stacktrace>
</test-failure>


TypeScriptCompilerTests_P[jvm] > parseErrorIncorrectReturnToken_ts has expected errors matching parseErrorIncorrectReturnToken_errors_txt[jvm] FAILED

<test-failure test="com.xemantic.typescript.compiler.TypeScriptCompilerTests_P.pathsValidation3_ts has expected errors matching pathsValidation3_errors_txt" platform="jvm">
<message>
--- expected
+++ actual
@@ -1,9 +1,8 @@
 tsconfig.json(3,9): error TS5101: Option 'baseUrl' is deprecated and will stop functioning in TypeScript 7.0. Specify compilerOption '"ignoreDeprecations": "6.0"' to silence this error.
   Visit https://aka.ms/ts6 for migration information.
-tsconfig.json(5,20): error TS5066: Substitutions for pattern 'foo' shouldn't be an empty array.
 
 
-==== tsconfig.json (2 errors) ====
+==== tsconfig.json (1 errors) ====
     {
         "compilerOptions": {
             "baseUrl": ".",
@@ -12,8 +11,6 @@
 !!! error TS5101:   Visit https://aka.ms/ts6 for migration information.
             "paths": {
                 "foo": []
-                       ~~
-!!! error TS5066: Substitutions for pattern 'foo' shouldn't be an empty array.
             }
         }
     }

</message>
<stacktrace>
  at org.junit.Assert.fail(Assert.java:89)
  at kotlin.test.junit.JUnitAsserter.fail(JUnitSupport.kt:56)
  at kotlin.test.AssertionsKt__AssertionsKt.fail(Assertions.kt:563)
  at kotlin.test.AssertionsKt.fail(Unknown Source)
  at com.xemantic.kotlin.test.SameAsKt.sameAs(SameAs.kt:52)
  at com.xemantic.typescript.compiler.TypeScriptTestSupportKt.errorsMatchBaseline(TypeScriptTestSupport.kt:135)
  at com.xemantic.typescript.compiler.TypeScriptCompilerTests_P.pathsValidation3_ts has expected errors matching pathsValidation3_errors_txt(TypeScriptCompilerTests_P.kt:1316)
  at java.base/jdk.internal.reflect.DirectMethodHandleAccessor.invoke(DirectMethodHandleAccessor.java:104)
  at java.base/java.lang.reflect.Method.invoke(Method.java:565)
  at org.junit.runners.model.FrameworkMethod$1.runReflectiveCall(FrameworkMethod.java:59)
  at org.junit.internal.runners.model.ReflectiveCallable.run(ReflectiveCallable.java:12)
  at org.junit.runners.model.FrameworkMethod.invokeExplosively(FrameworkMethod.java:56)
  at org.junit.internal.runners.statements.InvokeMethod.evaluate(InvokeMethod.java:17)
  at org.junit.runners.ParentRunner$3.evaluate(ParentRunner.java:306)
  at org.junit.runners.BlockJUnit4ClassRunner$1.evaluate(BlockJUnit4ClassRunner.java:100)
  at org.junit.runners.ParentRunner.runLeaf(ParentRunner.java:366)
  at org.junit.runners.BlockJUnit4ClassRunner.runChild(BlockJUnit4ClassRunner.java:103)
  at org.junit.runners.BlockJUnit4ClassRunner.runChild(BlockJUnit4ClassRunner.java:63)
  at org.junit.runners.ParentRunner$4.run(ParentRunner.java:331)
  at org.junit.runners.ParentRunner$1.schedule(ParentRunner.java:79)
  at org.junit.runners.ParentRunner.runChildren(ParentRunner.java:329)
  at org.junit.runners.ParentRunner.access$100(ParentRunner.java:66)
  at org.junit.runners.ParentRunner$2.evaluate(ParentRunner.java:293)
  at org.junit.runners.ParentRunner$3.evaluate(ParentRunner.java:306)
  at org.junit.runners.ParentRunner.run(ParentRunner.java:413)
  at org.junit.runner.JUnitCore.run(JUnitCore.java:137)
  at org.junit.runner.JUnitCore.run(JUnitCore.java:115)
  at org.gradle.api.internal.tasks.testing.junit.JUnitTestExecutor.runRequest(JUnitTestExecutor.java:175)
  at org.gradle.api.internal.tasks.testing.junit.JUnitTestExecutor.accept(JUnitTestExecutor.java:84)
  at org.gradle.api.internal.tasks.testing.junit.JUnitTestExecutor.accept(JUnitTestExecutor.java:47)
  at org.gradle.api.internal.tasks.testing.junit.AbstractJUnitTestDefinitionProcessor.processTestDefinition(AbstractJUnitTestDefinitionProcessor.java:65)
  at org.gradle.api.internal.tasks.testing.SuiteTestDefinitionProcessor.processTestDefinition(SuiteTestDefinitionProcessor.java:54)
  at java.base/jdk.internal.reflect.DirectMethodHandleAccessor.invoke(DirectMethodHandleAccessor.java:104)
  at java.base/java.lang.reflect.Method.invoke(Method.java:565)
  at org.gradle.internal.dispatch.MethodInvocation.invokeOn(MethodInvocation.java:77)
  at org.gradle.internal.dispatch.ReflectionDispatch.dispatch(ReflectionDispatch.java:28)
  at org.gradle.internal.dispatch.ReflectionDispatch.dispatch(ReflectionDispatch.java:19)
  at org.gradle.internal.dispatch.ContextClassLoaderDispatch.dispatch(ContextClassLoaderDispatch.java:33)
  at org.gradle.internal.dispatch.ProxyDispatchAdapter$DispatchingInvocationHandler.invoke(ProxyDispatchAdapter.java:88)
  at jdk.proxy1/jdk.proxy1.$Proxy4.processTestDefinition(Unknown Source)
  at org.gradle.api.internal.tasks.testing.worker.TestWorker$2.run(TestWorker.java:178)
  at org.gradle.api.internal.tasks.testing.worker.TestWorker.executeAndMaintainThreadName(TestWorker.java:126)
  at org.gradle.api.internal.tasks.testing.worker.TestWorker.execute(TestWorker.java:103)
  at org.gradle.api.internal.tasks.testing.worker.TestWorker.execute(TestWorker.java:63)
  at org.gradle.process.internal.worker.child.ActionExecutionWorker.execute(ActionExecutionWorker.java:56)
  at org.gradle.process.internal.worker.child.SystemApplicationClassLoaderWorker.call(SystemApplicationClassLoaderWorker.java:122)
  at org.gradle.process.internal.worker.child.SystemApplicationClassLoaderWorker.call(SystemApplicationClassLoaderWorker.java:72)
  at worker.org.gradle.process.internal.worker.GradleWorkerMain.run(GradleWorkerMain.java:69)
  at worker.org.gradle.process.internal.worker.GradleWorkerMain.main(GradleWorkerMain.java:74)
</stacktrace>
</test-failure>


TypeScriptCompilerTests_P[jvm] > pathsValidation3_ts has expected errors matching pathsValidation3_errors_txt[jvm] FAILED

<test-failure test="com.xemantic.typescript.compiler.TypeScriptCompilerTests_P.pathMappingBasedModuleResolution_rootImport_aliasWithRoot_realRootFile_ts has expected errors matching pathMappingBasedModuleResolution_rootImport_aliasWithRoot_realRootFile_errors_txt" platform="jvm">
<message>
--- expected
+++ actual
@@ -1,14 +1,8 @@
-error TS5055: Cannot write file '/bar.js' because it would overwrite input file.
 /root/tsconfig.json(3,9): error TS5101: Option 'baseUrl' is deprecated and will stop functioning in TypeScript 7.0. Specify compilerOption '"ignoreDeprecations": "6.0"' to silence this error.
   Visit https://aka.ms/ts6 for migration information.
-/root/tsconfig.json(8,9): error TS5011: The common source directory of 'tsconfig.json' is '..'. The 'rootDir' setting must be explicitly set to this or another path to adjust your output's file layout.
-  Visit https://aka.ms/ts6 for migration information.
-/root/a.ts(1,21): error TS6059: File '/foo.ts' is not under 'rootDir' '/root'. 'rootDir' is expected to contain all source files.
-/root/a.ts(2,21): error TS6059: File '/bar.js' is not under 'rootDir' '/root'. 'rootDir' is expected to contain all source files.
 
 
-!!! error TS5055: Cannot write file '/bar.js' because it would overwrite input file.
-==== /root/tsconfig.json (2 errors) ====
+==== /root/tsconfig.json (1 errors) ====
     {
         "compilerOptions": {
             "baseUrl": ".",
@@ -20,22 +14,15 @@
             },
             "allowJs": true,
             "outDir": "bin"
-            ~~~~~~~~
-!!! error TS5011: The common source directory of 'tsconfig.json' is '..'. The 'rootDir' setting must be explicitly set to this or another path to adjust your output's file layout.
-!!! error TS5011:   Visit https://aka.ms/ts6 for migration information.
         }
     }
     
-==== /root/a.ts (2 errors) ====
-    import { foo } from "/foo";
-                        ~~~~~~
-!!! error TS6059: File '/foo.ts' is not under 'rootDir' '/root'. 'rootDir' is expected to contain all source files.
-    import { bar } from "/bar";
-                        ~~~~~~
-!!! error TS6059: File '/bar.js' is not under 'rootDir' '/root'. 'rootDir' is expected to contain all source files.
-    
 ==== /foo.ts (0 errors) ====
     export function foo() {}
     
 ==== /bar.js (0 errors) ====
     export function bar() {}
+    
+==== /root/a.ts (0 errors) ====
+    import { foo } from "/foo";
+    import { bar } from "/bar";

</message>
<stacktrace>
  at org.junit.Assert.fail(Assert.java:89)
  at kotlin.test.junit.JUnitAsserter.fail(JUnitSupport.kt:56)
  at kotlin.test.AssertionsKt__AssertionsKt.fail(Assertions.kt:563)
  at kotlin.test.AssertionsKt.fail(Unknown Source)
  at com.xemantic.kotlin.test.SameAsKt.sameAs(SameAs.kt:52)
  at com.xemantic.typescript.compiler.TypeScriptTestSupportKt.errorsMatchBaseline(TypeScriptTestSupport.kt:135)
  at com.xemantic.typescript.compiler.TypeScriptCompilerTests_P.pathMappingBasedModuleResolution_rootImport_aliasWithRoot_realRootFile_ts has expected errors matching pathMappingBasedModuleResolution_rootImport_aliasWithRoot_realRootFile_errors_txt(TypeScriptCompilerTests_P.kt:1162)
  at java.base/jdk.internal.reflect.DirectMethodHandleAccessor.invoke(DirectMethodHandleAccessor.java:104)
  at java.base/java.lang.reflect.Method.invoke(Method.java:565)
  at org.junit.runners.model.FrameworkMethod$1.runReflectiveCall(FrameworkMethod.java:59)
  at org.junit.internal.runners.model.ReflectiveCallable.run(ReflectiveCallable.java:12)
  at org.junit.runners.model.FrameworkMethod.invokeExplosively(FrameworkMethod.java:56)
  at org.junit.internal.runners.statements.InvokeMethod.evaluate(InvokeMethod.java:17)
  at org.junit.runners.ParentRunner$3.evaluate(ParentRunner.java:306)
  at org.junit.runners.BlockJUnit4ClassRunner$1.evaluate(BlockJUnit4ClassRunner.java:100)
  at org.junit.runners.ParentRunner.runLeaf(ParentRunner.java:366)
  at org.junit.runners.BlockJUnit4ClassRunner.runChild(BlockJUnit4ClassRunner.java:103)
  at org.junit.runners.BlockJUnit4ClassRunner.runChild(BlockJUnit4ClassRunner.java:63)
  at org.junit.runners.ParentRunner$4.run(ParentRunner.java:331)
  at org.junit.runners.ParentRunner$1.schedule(ParentRunner.java:79)
  at org.junit.runners.ParentRunner.runChildren(ParentRunner.java:329)
  at org.junit.runners.ParentRunner.access$100(ParentRunner.java:66)
  at org.junit.runners.ParentRunner$2.evaluate(ParentRunner.java:293)
  at org.junit.runners.ParentRunner$3.evaluate(ParentRunner.java:306)
  at org.junit.runners.ParentRunner.run(ParentRunner.java:413)
  at org.junit.runner.JUnitCore.run(JUnitCore.java:137)
  at org.junit.runner.JUnitCore.run(JUnitCore.java:115)
  at org.gradle.api.internal.tasks.testing.junit.JUnitTestExecutor.runRequest(JUnitTestExecutor.java:175)
  at org.gradle.api.internal.tasks.testing.junit.JUnitTestExecutor.accept(JUnitTestExecutor.java:84)
  at org.gradle.api.internal.tasks.testing.junit.JUnitTestExecutor.accept(JUnitTestExecutor.java:47)
  at org.gradle.api.internal.tasks.testing.junit.AbstractJUnitTestDefinitionProcessor.processTestDefinition(AbstractJUnitTestDefinitionProcessor.java:65)
  at org.gradle.api.internal.tasks.testing.SuiteTestDefinitionProcessor.processTestDefinition(SuiteTestDefinitionProcessor.java:54)
  at java.base/jdk.internal.reflect.DirectMethodHandleAccessor.invoke(DirectMethodHandleAccessor.java:104)
  at java.base/java.lang.reflect.Method.invoke(Method.java:565)
  at org.gradle.internal.dispatch.MethodInvocation.invokeOn(MethodInvocation.java:77)
  at org.gradle.internal.dispatch.ReflectionDispatch.dispatch(ReflectionDispatch.java:28)
  at org.gradle.internal.dispatch.ReflectionDispatch.dispatch(ReflectionDispatch.java:19)
  at org.gradle.internal.dispatch.ContextClassLoaderDispatch.dispatch(ContextClassLoaderDispatch.java:33)
  at org.gradle.internal.dispatch.ProxyDispatchAdapter$DispatchingInvocationHandler.invoke(ProxyDispatchAdapter.java:88)
  at jdk.proxy1/jdk.proxy1.$Proxy4.processTestDefinition(Unknown Source)
  at org.gradle.api.internal.tasks.testing.worker.TestWorker$2.run(TestWorker.java:178)
  at org.gradle.api.internal.tasks.testing.worker.TestWorker.executeAndMaintainThreadName(TestWorker.java:126)
  at org.gradle.api.internal.tasks.testing.worker.TestWorker.execute(TestWorker.java:103)
  at org.gradle.api.internal.tasks.testing.worker.TestWorker.execute(TestWorker.java:63)
  at org.gradle.process.internal.worker.child.ActionExecutionWorker.execute(ActionExecutionWorker.java:56)
  at org.gradle.process.internal.worker.child.SystemApplicationClassLoaderWorker.call(SystemApplicationClassLoaderWorker.java:122)
  at org.gradle.process.internal.worker.child.SystemApplicationClassLoaderWorker.call(SystemApplicationClassLoaderWorker.java:72)
  at worker.org.gradle.process.internal.worker.GradleWorkerMain.run(GradleWorkerMain.java:69)
  at worker.org.gradle.process.internal.worker.GradleWorkerMain.main(GradleWorkerMain.java:74)
</stacktrace>
</test-failure>


TypeScriptCompilerTests_P[jvm] > pathMappingBasedModuleResolution_rootImport_aliasWithRoot_realRootFile_ts has expected errors matching pathMappingBasedModuleResolution_rootImport_aliasWithRoot_realRootFile_errors_txt[jvm] FAILED

<test-failure test="com.xemantic.typescript.compiler.TypeScriptCompilerTests_P.privateNameWeakMapCollision_ts compiles to JavaScript matching privateNameWeakMapCollision_js" platform="jvm">
<message>
--- expected
+++ actual
@@ -13,13 +13,9 @@
 //// [privateNameWeakMapCollision.js]
 "use strict";
 function test() {
-    var _C_x;
     let WeakMap;
     let WeakSet;
     class C {
-        constructor() {
-            _C_x.set(this, void 0);
-        }
+        #x;
     }
-    _C_x = new WeakMap();
 }

</message>
<stacktrace>
  at org.junit.Assert.fail(Assert.java:89)
  at kotlin.test.junit.JUnitAsserter.fail(JUnitSupport.kt:56)
  at kotlin.test.AssertionsKt__AssertionsKt.fail(Assertions.kt:563)
  at kotlin.test.AssertionsKt.fail(Unknown Source)
  at com.xemantic.kotlin.test.SameAsKt.sameAs(SameAs.kt:52)
  at com.xemantic.typescript.compiler.TypeScriptTestSupportKt.sameAs(TypeScriptTestSupport.kt:99)
  at com.xemantic.typescript.compiler.TypeScriptCompilerTests_P.privateNameWeakMapCollision_ts compiles to JavaScript matching privateNameWeakMapCollision_js(TypeScriptCompilerTests_P.kt:2191)
  at java.base/jdk.internal.reflect.DirectMethodHandleAccessor.invoke(DirectMethodHandleAccessor.java:104)
  at java.base/java.lang.reflect.Method.invoke(Method.java:565)
  at org.junit.runners.model.FrameworkMethod$1.runReflectiveCall(FrameworkMethod.java:59)
  at org.junit.internal.runners.model.ReflectiveCallable.run(ReflectiveCallable.java:12)
  at org.junit.runners.model.FrameworkMethod.invokeExplosively(FrameworkMethod.java:56)
  at org.junit.internal.runners.statements.InvokeMethod.evaluate(InvokeMethod.java:17)
  at org.junit.runners.ParentRunner$3.evaluate(ParentRunner.java:306)
  at org.junit.runners.BlockJUnit4ClassRunner$1.evaluate(BlockJUnit4ClassRunner.java:100)
  at org.junit.runners.ParentRunner.runLeaf(ParentRunner.java:366)
  at org.junit.runners.BlockJUnit4ClassRunner.runChild(BlockJUnit4ClassRunner.java:103)
  at org.junit.runners.BlockJUnit4ClassRunner.runChild(BlockJUnit4ClassRunner.java:63)
  at org.junit.runners.ParentRunner$4.run(ParentRunner.java:331)
  at org.junit.runners.ParentRunner$1.schedule(ParentRunner.java:79)
  at org.junit.runners.ParentRunner.runChildren(ParentRunner.java:329)
  at org.junit.runners.ParentRunner.access$100(ParentRunner.java:66)
  at org.junit.runners.ParentRunner$2.evaluate(ParentRunner.java:293)
  at org.junit.runners.ParentRunner$3.evaluate(ParentRunner.java:306)
  at org.junit.runners.ParentRunner.run(ParentRunner.java:413)
  at org.junit.runner.JUnitCore.run(JUnitCore.java:137)
  at org.junit.runner.JUnitCore.run(JUnitCore.java:115)
  at org.gradle.api.internal.tasks.testing.junit.JUnitTestExecutor.runRequest(JUnitTestExecutor.java:175)
  at org.gradle.api.internal.tasks.testing.junit.JUnitTestExecutor.accept(JUnitTestExecutor.java:84)
  at org.gradle.api.internal.tasks.testing.junit.JUnitTestExecutor.accept(JUnitTestExecutor.java:47)
  at org.gradle.api.internal.tasks.testing.junit.AbstractJUnitTestDefinitionProcessor.processTestDefinition(AbstractJUnitTestDefinitionProcessor.java:65)
  at org.gradle.api.internal.tasks.testing.SuiteTestDefinitionProcessor.processTestDefinition(SuiteTestDefinitionProcessor.java:54)
  at java.base/jdk.internal.reflect.DirectMethodHandleAccessor.invoke(DirectMethodHandleAccessor.java:104)
  at java.base/java.lang.reflect.Method.invoke(Method.java:565)
  at org.gradle.internal.dispatch.MethodInvocation.invokeOn(MethodInvocation.java:77)
  at org.gradle.internal.dispatch.ReflectionDispatch.dispatch(ReflectionDispatch.java:28)
  at org.gradle.internal.dispatch.ReflectionDispatch.dispatch(ReflectionDispatch.java:19)
  at org.gradle.internal.dispatch.ContextClassLoaderDispatch.dispatch(ContextClassLoaderDispatch.java:33)
  at org.gradle.internal.dispatch.ProxyDispatchAdapter$DispatchingInvocationHandler.invoke(ProxyDispatchAdapter.java:88)
  at jdk.proxy1/jdk.proxy1.$Proxy4.processTestDefinition(Unknown Source)
  at org.gradle.api.internal.tasks.testing.worker.TestWorker$2.run(TestWorker.java:178)
  at org.gradle.api.internal.tasks.testing.worker.TestWorker.executeAndMaintainThreadName(TestWorker.java:126)
  at org.gradle.api.internal.tasks.testing.worker.TestWorker.execute(TestWorker.java:103)
  at org.gradle.api.internal.tasks.testing.worker.TestWorker.execute(TestWorker.java:63)
  at org.gradle.process.internal.worker.child.ActionExecutionWorker.execute(ActionExecutionWorker.java:56)
  at org.gradle.process.internal.worker.child.SystemApplicationClassLoaderWorker.call(SystemApplicationClassLoaderWorker.java:122)
  at org.gradle.process.internal.worker.child.SystemApplicationClassLoaderWorker.call(SystemApplicationClassLoaderWorker.java:72)
  at worker.org.gradle.process.internal.worker.GradleWorkerMain.run(GradleWorkerMain.java:69)
  at worker.org.gradle.process.internal.worker.GradleWorkerMain.main(GradleWorkerMain.java:74)
</stacktrace>
</test-failure>


TypeScriptCompilerTests_P[jvm] > privateNameWeakMapCollision_ts compiles to JavaScript matching privateNameWeakMapCollision_js[jvm] FAILED

<test-failure test="com.xemantic.typescript.compiler.TypeScriptCompilerTests_P.propertyWrappedInTry_ts compiles to JavaScript matching propertyWrappedInTry_js" platform="jvm">
<message>
--- expected
+++ actual
@@ -24,11 +24,12 @@
 //// [propertyWrappedInTry.js]
 "use strict";
 class Foo {
+    constructor() {
+        this.bar = someInitThatMightFail();
+    }
 }
-try {
-    bar = someInitThatMightFail();
-}
-catch (e) { }
+catch(e);
+{ }
 baz();
 {
     return this.bar; // doesn't get rewritten to Foo.bar.

</message>
<stacktrace>
  at org.junit.Assert.fail(Assert.java:89)
  at kotlin.test.junit.JUnitAsserter.fail(JUnitSupport.kt:56)
  at kotlin.test.AssertionsKt__AssertionsKt.fail(Assertions.kt:563)
  at kotlin.test.AssertionsKt.fail(Unknown Source)
  at com.xemantic.kotlin.test.SameAsKt.sameAs(SameAs.kt:52)
  at com.xemantic.typescript.compiler.TypeScriptTestSupportKt.sameAs(TypeScriptTestSupport.kt:99)
  at com.xemantic.typescript.compiler.TypeScriptCompilerTests_P.propertyWrappedInTry_ts compiles to JavaScript matching propertyWrappedInTry_js(TypeScriptCompilerTests_P.kt:2849)
  at java.base/jdk.internal.reflect.DirectMethodHandleAccessor.invoke(DirectMethodHandleAccessor.java:104)
  at java.base/java.lang.reflect.Method.invoke(Method.java:565)
  at org.junit.runners.model.FrameworkMethod$1.runReflectiveCall(FrameworkMethod.java:59)
  at org.junit.internal.runners.model.ReflectiveCallable.run(ReflectiveCallable.java:12)
  at org.junit.runners.model.FrameworkMethod.invokeExplosively(FrameworkMethod.java:56)
  at org.junit.internal.runners.statements.InvokeMethod.evaluate(InvokeMethod.java:17)
  at org.junit.runners.ParentRunner$3.evaluate(ParentRunner.java:306)
  at org.junit.runners.BlockJUnit4ClassRunner$1.evaluate(BlockJUnit4ClassRunner.java:100)
  at org.junit.runners.ParentRunner.runLeaf(ParentRunner.java:366)
  at org.junit.runners.BlockJUnit4ClassRunner.runChild(BlockJUnit4ClassRunner.java:103)
  at org.junit.runners.BlockJUnit4ClassRunner.runChild(BlockJUnit4ClassRunner.java:63)
  at org.junit.runners.ParentRunner$4.run(ParentRunner.java:331)
  at org.junit.runners.ParentRunner$1.schedule(ParentRunner.java:79)
  at org.junit.runners.ParentRunner.runChildren(ParentRunner.java:329)
  at org.junit.runners.ParentRunner.access$100(ParentRunner.java:66)
  at org.junit.runners.ParentRunner$2.evaluate(ParentRunner.java:293)
  at org.junit.runners.ParentRunner$3.evaluate(ParentRunner.java:306)
  at org.junit.runners.ParentRunner.run(ParentRunner.java:413)
  at org.junit.runner.JUnitCore.run(JUnitCore.java:137)
  at org.junit.runner.JUnitCore.run(JUnitCore.java:115)
  at org.gradle.api.internal.tasks.testing.junit.JUnitTestExecutor.runRequest(JUnitTestExecutor.java:175)
  at org.gradle.api.internal.tasks.testing.junit.JUnitTestExecutor.accept(JUnitTestExecutor.java:84)
  at org.gradle.api.internal.tasks.testing.junit.JUnitTestExecutor.accept(JUnitTestExecutor.java:47)
  at org.gradle.api.internal.tasks.testing.junit.AbstractJUnitTestDefinitionProcessor.processTestDefinition(AbstractJUnitTestDefinitionProcessor.java:65)
  at org.gradle.api.internal.tasks.testing.SuiteTestDefinitionProcessor.processTestDefinition(SuiteTestDefinitionProcessor.java:54)
  at java.base/jdk.internal.reflect.DirectMethodHandleAccessor.invoke(DirectMethodHandleAccessor.java:104)
  at java.base/java.lang.reflect.Method.invoke(Method.java:565)
  at org.gradle.internal.dispatch.MethodInvocation.invokeOn(MethodInvocation.java:77)
  at org.gradle.internal.dispatch.ReflectionDispatch.dispatch(ReflectionDispatch.java:28)
  at org.gradle.internal.dispatch.ReflectionDispatch.dispatch(ReflectionDispatch.java:19)
  at org.gradle.internal.dispatch.ContextClassLoaderDispatch.dispatch(ContextClassLoaderDispatch.java:33)
  at org.gradle.internal.dispatch.ProxyDispatchAdapter$DispatchingInvocationHandler.invoke(ProxyDispatchAdapter.java:88)
  at jdk.proxy1/jdk.proxy1.$Proxy4.processTestDefinition(Unknown Source)
  at org.gradle.api.internal.tasks.testing.worker.TestWorker$2.run(TestWorker.java:178)
  at org.gradle.api.internal.tasks.testing.worker.TestWorker.executeAndMaintainThreadName(TestWorker.java:126)
  at org.gradle.api.internal.tasks.testing.worker.TestWorker.execute(TestWorker.java:103)
  at org.gradle.api.internal.tasks.testing.worker.TestWorker.execute(TestWorker.java:63)
  at org.gradle.process.internal.worker.child.ActionExecutionWorker.execute(ActionExecutionWorker.java:56)
  at org.gradle.process.internal.worker.child.SystemApplicationClassLoaderWorker.call(SystemApplicationClassLoaderWorker.java:122)
  at org.gradle.process.internal.worker.child.SystemApplicationClassLoaderWorker.call(SystemApplicationClassLoaderWorker.java:72)
  at worker.org.gradle.process.internal.worker.GradleWorkerMain.run(GradleWorkerMain.java:69)
  at worker.org.gradle.process.internal.worker.GradleWorkerMain.main(GradleWorkerMain.java:74)
</stacktrace>
</test-failure>


TypeScriptCompilerTests_P[jvm] > propertyWrappedInTry_ts compiles to JavaScript matching propertyWrappedInTry_js[jvm] FAILED

<test-failure test="com.xemantic.typescript.compiler.TypeScriptCompilerTests_P.parseInvalidNonNullableTypes_ts has expected errors matching parseInvalidNonNullableTypes_errors_txt" platform="jvm">
<message>
--- expected
+++ actual
@@ -1,67 +1,31 @@
-parseInvalidNonNullableTypes.ts(1,30): error TS17019: '!' at the end of a type is not valid TypeScript syntax. Did you mean to write 'string'?
-parseInvalidNonNullableTypes.ts(5,30): error TS17020: '!' at the start of a type is not valid TypeScript syntax. Did you mean to write 'string'?
-parseInvalidNonNullableTypes.ts(9,16): error TS17019: '!' at the end of a type is not valid TypeScript syntax. Did you mean to write 'string'?
-parseInvalidNonNullableTypes.ts(10,16): error TS17019: '!' at the end of a type is not valid TypeScript syntax. Did you mean to write 'number'?
-parseInvalidNonNullableTypes.ts(12,16): error TS17020: '!' at the start of a type is not valid TypeScript syntax. Did you mean to write 'string'?
-parseInvalidNonNullableTypes.ts(13,16): error TS17020: '!' at the start of a type is not valid TypeScript syntax. Did you mean to write 'number'?
 parseInvalidNonNullableTypes.ts(15,16): error TS2355: A function whose declared type is neither 'undefined', 'void', nor 'any' must return a value.
-parseInvalidNonNullableTypes.ts(15,16): error TS17019: '!' at the end of a type is not valid TypeScript syntax. Did you mean to write 'string'?
-parseInvalidNonNullableTypes.ts(16,16): error TS2355: A function whose declared type is neither 'undefined', 'void', nor 'any' must return a value.
-parseInvalidNonNullableTypes.ts(16,16): error TS17020: '!' at the start of a type is not valid TypeScript syntax. Did you mean to write 'string'?
-parseInvalidNonNullableTypes.ts(18,16): error TS17019: '!' at the end of a type is not valid TypeScript syntax. Did you mean to write 'any'?
-parseInvalidNonNullableTypes.ts(19,10): error TS17019: '!' at the end of a type is not valid TypeScript syntax. Did you mean to write 'number'?
-parseInvalidNonNullableTypes.ts(21,16): error TS17020: '!' at the start of a type is not valid TypeScript syntax. Did you mean to write 'any'?
-parseInvalidNonNullableTypes.ts(22,10): error TS17020: '!' at the start of a type is not valid TypeScript syntax. Did you mean to write 'number'?
+parseInvalidNonNullableTypes.ts(16,17): error TS2355: A function whose declared type is neither 'undefined', 'void', nor 'any' must return a value.
 
 
-==== parseInvalidNonNullableTypes.ts (14 errors) ====
+==== parseInvalidNonNullableTypes.ts (2 errors) ====
     function f1(a: string): a is string! {
-                                 ~~~~~~~
-!!! error TS17019: '!' at the end of a type is not valid TypeScript syntax. Did you mean to write 'string'?
         return true;
     }
     
     function f2(a: string): a is !string {
-                                 ~~~~~~~
-!!! error TS17020: '!' at the start of a type is not valid TypeScript syntax. Did you mean to write 'string'?
         return true;
     }
     
     function f3(a: string!) {}
-                   ~~~~~~~
-!!! error TS17019: '!' at the end of a type is not valid TypeScript syntax. Did you mean to write 'string'?
     function f4(a: number!) {}
-                   ~~~~~~~
-!!! error TS17019: '!' at the end of a type is not valid TypeScript syntax. Did you mean to write 'number'?
     
     function f5(a: !string) {}
-                   ~~~~~~~
-!!! error TS17020: '!' at the start of a type is not valid TypeScript syntax. Did you mean to write 'string'?
     function f6(a: !number) {}
-                   ~~~~~~~
-!!! error TS17020: '!' at the start of a type is not valid TypeScript syntax. Did you mean to write 'number'?
     
     function f7(): string! {}
-                   ~~~~~~~
+                   ~~~~~~
 !!! error TS2355: A function whose declared type is neither 'undefined', 'void', nor 'any' must return a value.
-                   ~~~~~~~
-!!! error TS17019: '!' at the end of a type is not valid TypeScript syntax. Did you mean to write 'string'?
     function f8(): !string {}
-                   ~~~~~~~
+                    ~~~~~~
 !!! error TS2355: A function whose declared type is neither 'undefined', 'void', nor 'any' must return a value.
-                   ~~~~~~~
-!!! error TS17020: '!' at the start of a type is not valid TypeScript syntax. Did you mean to write 'string'?
     
     const a = 1 as any!;
-                   ~~~~
-!!! error TS17019: '!' at the end of a type is not valid TypeScript syntax. Did you mean to write 'any'?
     const b: number! = 1;
-             ~~~~~~~
-!!! error TS17019: '!' at the end of a type is not valid TypeScript syntax. Did you mean to write 'number'?
     
     const c = 1 as !any;
-                   ~~~~
-!!! error TS17020: '!' at the start of a type is not valid TypeScript syntax. Did you mean to write 'any'?
     const d: !number = 1;
-             ~~~~~~~
-!!! error TS17020: '!' at the start of a type is not valid TypeScript syntax. Did you mean to write 'number'?

</message>
<stacktrace>
  at org.junit.Assert.fail(Assert.java:89)
  at kotlin.test.junit.JUnitAsserter.fail(JUnitSupport.kt:56)
  at kotlin.test.AssertionsKt__AssertionsKt.fail(Assertions.kt:563)
  at kotlin.test.AssertionsKt.fail(Unknown Source)
  at com.xemantic.kotlin.test.SameAsKt.sameAs(SameAs.kt:52)
  at com.xemantic.typescript.compiler.TypeScriptTestSupportKt.errorsMatchBaseline(TypeScriptTestSupport.kt:135)
  at com.xemantic.typescript.compiler.TypeScriptCompilerTests_P.parseInvalidNonNullableTypes_ts has expected errors matching parseInvalidNonNullableTypes_errors_txt(TypeScriptCompilerTests_P.kt:602)
  at java.base/jdk.internal.reflect.DirectMethodHandleAccessor.invoke(DirectMethodHandleAccessor.java:104)
  at java.base/java.lang.reflect.Method.invoke(Method.java:565)
  at org.junit.runners.model.FrameworkMethod$1.runReflectiveCall(FrameworkMethod.java:59)
  at org.junit.internal.runners.model.ReflectiveCallable.run(ReflectiveCallable.java:12)
  at org.junit.runners.model.FrameworkMethod.invokeExplosively(FrameworkMethod.java:56)
  at org.junit.internal.runners.statements.InvokeMethod.evaluate(InvokeMethod.java:17)
  at org.junit.runners.ParentRunner$3.evaluate(ParentRunner.java:306)
  at org.junit.runners.BlockJUnit4ClassRunner$1.evaluate(BlockJUnit4ClassRunner.java:100)
  at org.junit.runners.ParentRunner.runLeaf(ParentRunner.java:366)
  at org.junit.runners.BlockJUnit4ClassRunner.runChild(BlockJUnit4ClassRunner.java:103)
  at org.junit.runners.BlockJUnit4ClassRunner.runChild(BlockJUnit4ClassRunner.java:63)
  at org.junit.runners.ParentRunner$4.run(ParentRunner.java:331)
  at org.junit.runners.ParentRunner$1.schedule(ParentRunner.java:79)
  at org.junit.runners.ParentRunner.runChildren(ParentRunner.java:329)
  at org.junit.runners.ParentRunner.access$100(ParentRunner.java:66)
  at org.junit.runners.ParentRunner$2.evaluate(ParentRunner.java:293)
  at org.junit.runners.ParentRunner$3.evaluate(ParentRunner.java:306)
  at org.junit.runners.ParentRunner.run(ParentRunner.java:413)
  at org.junit.runner.JUnitCore.run(JUnitCore.java:137)
  at org.junit.runner.JUnitCore.run(JUnitCore.java:115)
  at org.gradle.api.internal.tasks.testing.junit.JUnitTestExecutor.runRequest(JUnitTestExecutor.java:175)
  at org.gradle.api.internal.tasks.testing.junit.JUnitTestExecutor.accept(JUnitTestExecutor.java:84)
  at org.gradle.api.internal.tasks.testing.junit.JUnitTestExecutor.accept(JUnitTestExecutor.java:47)
  at org.gradle.api.internal.tasks.testing.junit.AbstractJUnitTestDefinitionProcessor.processTestDefinition(AbstractJUnitTestDefinitionProcessor.java:65)
  at org.gradle.api.internal.tasks.testing.SuiteTestDefinitionProcessor.processTestDefinition(SuiteTestDefinitionProcessor.java:54)
  at java.base/jdk.internal.reflect.DirectMethodHandleAccessor.invoke(DirectMethodHandleAccessor.java:104)
  at java.base/java.lang.reflect.Method.invoke(Method.java:565)
  at org.gradle.internal.dispatch.MethodInvocation.invokeOn(MethodInvocation.java:77)
  at org.gradle.internal.dispatch.ReflectionDispatch.dispatch(ReflectionDispatch.java:28)
  at org.gradle.internal.dispatch.ReflectionDispatch.dispatch(ReflectionDispatch.java:19)
  at org.gradle.internal.dispatch.ContextClassLoaderDispatch.dispatch(ContextClassLoaderDispatch.java:33)
  at org.gradle.internal.dispatch.ProxyDispatchAdapter$DispatchingInvocationHandler.invoke(ProxyDispatchAdapter.java:88)
  at jdk.proxy1/jdk.proxy1.$Proxy4.processTestDefinition(Unknown Source)
  at org.gradle.api.internal.tasks.testing.worker.TestWorker$2.run(TestWorker.java:178)
  at org.gradle.api.internal.tasks.testing.worker.TestWorker.executeAndMaintainThreadName(TestWorker.java:126)
  at org.gradle.api.internal.tasks.testing.worker.TestWorker.execute(TestWorker.java:103)
  at org.gradle.api.internal.tasks.testing.worker.TestWorker.execute(TestWorker.java:63)
  at org.gradle.process.internal.worker.child.ActionExecutionWorker.execute(ActionExecutionWorker.java:56)
  at org.gradle.process.internal.worker.child.SystemApplicationClassLoaderWorker.call(SystemApplicationClassLoaderWorker.java:122)
  at org.gradle.process.internal.worker.child.SystemApplicationClassLoaderWorker.call(SystemApplicationClassLoaderWorker.java:72)
  at worker.org.gradle.process.internal.worker.GradleWorkerMain.run(GradleWorkerMain.java:69)
  at worker.org.gradle.process.internal.worker.GradleWorkerMain.main(GradleWorkerMain.java:74)
</stacktrace>
</test-failure>


TypeScriptCompilerTests_P[jvm] > parseInvalidNonNullableTypes_ts has expected errors matching parseInvalidNonNullableTypes_errors_txt[jvm] FAILED

<test-failure test="com.xemantic.typescript.compiler.TypeScriptCompilerTests_P.parseErrorDoubleCommaInCall_ts has expected errors matching parseErrorDoubleCommaInCall_errors_txt" platform="jvm">
<message>
Expected diagnostics from baseline typescript-repo/tests/baselines/reference/parseErrorDoubleCommaInCall.errors.txt but none produced
</message>
<stacktrace>
  at com.xemantic.typescript.compiler.TypeScriptTestSupportKt.errorsMatchBaseline(TypeScriptTestSupport.kt:125)
  at com.xemantic.typescript.compiler.TypeScriptCompilerTests_P.parseErrorDoubleCommaInCall_ts has expected errors matching parseErrorDoubleCommaInCall_errors_txt(TypeScriptCompilerTests_P.kt:525)
  at java.base/jdk.internal.reflect.DirectMethodHandleAccessor.invoke(DirectMethodHandleAccessor.java:104)
  at java.base/java.lang.reflect.Method.invoke(Method.java:565)
  at org.junit.runners.model.FrameworkMethod$1.runReflectiveCall(FrameworkMethod.java:59)
  at org.junit.internal.runners.model.ReflectiveCallable.run(ReflectiveCallable.java:12)
  at org.junit.runners.model.FrameworkMethod.invokeExplosively(FrameworkMethod.java:56)
  at org.junit.internal.runners.statements.InvokeMethod.evaluate(InvokeMethod.java:17)
  at org.junit.runners.ParentRunner$3.evaluate(ParentRunner.java:306)
  at org.junit.runners.BlockJUnit4ClassRunner$1.evaluate(BlockJUnit4ClassRunner.java:100)
  at org.junit.runners.ParentRunner.runLeaf(ParentRunner.java:366)
  at org.junit.runners.BlockJUnit4ClassRunner.runChild(BlockJUnit4ClassRunner.java:103)
  at org.junit.runners.BlockJUnit4ClassRunner.runChild(BlockJUnit4ClassRunner.java:63)
  at org.junit.runners.ParentRunner$4.run(ParentRunner.java:331)
  at org.junit.runners.ParentRunner$1.schedule(ParentRunner.java:79)
  at org.junit.runners.ParentRunner.runChildren(ParentRunner.java:329)
  at org.junit.runners.ParentRunner.access$100(ParentRunner.java:66)
  at org.junit.runners.ParentRunner$2.evaluate(ParentRunner.java:293)
  at org.junit.runners.ParentRunner$3.evaluate(ParentRunner.java:306)
  at org.junit.runners.ParentRunner.run(ParentRunner.java:413)
  at org.junit.runner.JUnitCore.run(JUnitCore.java:137)
  at org.junit.runner.JUnitCore.run(JUnitCore.java:115)
  at org.gradle.api.internal.tasks.testing.junit.JUnitTestExecutor.runRequest(JUnitTestExecutor.java:175)
  at org.gradle.api.internal.tasks.testing.junit.JUnitTestExecutor.accept(JUnitTestExecutor.java:84)
  at org.gradle.api.internal.tasks.testing.junit.JUnitTestExecutor.accept(JUnitTestExecutor.java:47)
  at org.gradle.api.internal.tasks.testing.junit.AbstractJUnitTestDefinitionProcessor.processTestDefinition(AbstractJUnitTestDefinitionProcessor.java:65)
  at org.gradle.api.internal.tasks.testing.SuiteTestDefinitionProcessor.processTestDefinition(SuiteTestDefinitionProcessor.java:54)
  at java.base/jdk.internal.reflect.DirectMethodHandleAccessor.invoke(DirectMethodHandleAccessor.java:104)
  at java.base/java.lang.reflect.Method.invoke(Method.java:565)
  at org.gradle.internal.dispatch.MethodInvocation.invokeOn(MethodInvocation.java:77)
  at org.gradle.internal.dispatch.ReflectionDispatch.dispatch(ReflectionDispatch.java:28)
  at org.gradle.internal.dispatch.ReflectionDispatch.dispatch(ReflectionDispatch.java:19)
  at org.gradle.internal.dispatch.ContextClassLoaderDispatch.dispatch(ContextClassLoaderDispatch.java:33)
  at org.gradle.internal.dispatch.ProxyDispatchAdapter$DispatchingInvocationHandler.invoke(ProxyDispatchAdapter.java:88)
  at jdk.proxy1/jdk.proxy1.$Proxy4.processTestDefinition(Unknown Source)
  at org.gradle.api.internal.tasks.testing.worker.TestWorker$2.run(TestWorker.java:178)
  at org.gradle.api.internal.tasks.testing.worker.TestWorker.executeAndMaintainThreadName(TestWorker.java:126)
  at org.gradle.api.internal.tasks.testing.worker.TestWorker.execute(TestWorker.java:103)
  at org.gradle.api.internal.tasks.testing.worker.TestWorker.execute(TestWorker.java:63)
  at org.gradle.process.internal.worker.child.ActionExecutionWorker.execute(ActionExecutionWorker.java:56)
  at org.gradle.process.internal.worker.child.SystemApplicationClassLoaderWorker.call(SystemApplicationClassLoaderWorker.java:122)
  at org.gradle.process.internal.worker.child.SystemApplicationClassLoaderWorker.call(SystemApplicationClassLoaderWorker.java:72)
  at worker.org.gradle.process.internal.worker.GradleWorkerMain.run(GradleWorkerMain.java:69)
  at worker.org.gradle.process.internal.worker.GradleWorkerMain.main(GradleWorkerMain.java:74)
</stacktrace>
</test-failure>


TypeScriptCompilerTests_P[jvm] > parseErrorDoubleCommaInCall_ts has expected errors matching parseErrorDoubleCommaInCall_errors_txt[jvm] FAILED

<test-failure test="com.xemantic.typescript.compiler.TypeScriptCompilerTests_P.propertiesAndIndexers2_ts has expected errors matching propertiesAndIndexers2_errors_txt" platform="jvm">
<message>
Expected diagnostics from baseline typescript-repo/tests/baselines/reference/propertiesAndIndexers2.errors.txt but none produced
</message>
<stacktrace>
  at com.xemantic.typescript.compiler.TypeScriptTestSupportKt.errorsMatchBaseline(TypeScriptTestSupport.kt:125)
  at com.xemantic.typescript.compiler.TypeScriptCompilerTests_P.propertiesAndIndexers2_ts has expected errors matching propertiesAndIndexers2_errors_txt(TypeScriptCompilerTests_P.kt:2576)
  at java.base/jdk.internal.reflect.DirectMethodHandleAccessor.invoke(DirectMethodHandleAccessor.java:104)
  at java.base/java.lang.reflect.Method.invoke(Method.java:565)
  at org.junit.runners.model.FrameworkMethod$1.runReflectiveCall(FrameworkMethod.java:59)
  at org.junit.internal.runners.model.ReflectiveCallable.run(ReflectiveCallable.java:12)
  at org.junit.runners.model.FrameworkMethod.invokeExplosively(FrameworkMethod.java:56)
  at org.junit.internal.runners.statements.InvokeMethod.evaluate(InvokeMethod.java:17)
  at org.junit.runners.ParentRunner$3.evaluate(ParentRunner.java:306)
  at org.junit.runners.BlockJUnit4ClassRunner$1.evaluate(BlockJUnit4ClassRunner.java:100)
  at org.junit.runners.ParentRunner.runLeaf(ParentRunner.java:366)
  at org.junit.runners.BlockJUnit4ClassRunner.runChild(BlockJUnit4ClassRunner.java:103)
  at org.junit.runners.BlockJUnit4ClassRunner.runChild(BlockJUnit4ClassRunner.java:63)
  at org.junit.runners.ParentRunner$4.run(ParentRunner.java:331)
  at org.junit.runners.ParentRunner$1.schedule(ParentRunner.java:79)
  at org.junit.runners.ParentRunner.runChildren(ParentRunner.java:329)
  at org.junit.runners.ParentRunner.access$100(ParentRunner.java:66)
  at org.junit.runners.ParentRunner$2.evaluate(ParentRunner.java:293)
  at org.junit.runners.ParentRunner$3.evaluate(ParentRunner.java:306)
  at org.junit.runners.ParentRunner.run(ParentRunner.java:413)
  at org.junit.runner.JUnitCore.run(JUnitCore.java:137)
  at org.junit.runner.JUnitCore.run(JUnitCore.java:115)
  at org.gradle.api.internal.tasks.testing.junit.JUnitTestExecutor.runRequest(JUnitTestExecutor.java:175)
  at org.gradle.api.internal.tasks.testing.junit.JUnitTestExecutor.accept(JUnitTestExecutor.java:84)
  at org.gradle.api.internal.tasks.testing.junit.JUnitTestExecutor.accept(JUnitTestExecutor.java:47)
  at org.gradle.api.internal.tasks.testing.junit.AbstractJUnitTestDefinitionProcessor.processTestDefinition(AbstractJUnitTestDefinitionProcessor.java:65)
  at org.gradle.api.internal.tasks.testing.SuiteTestDefinitionProcessor.processTestDefinition(SuiteTestDefinitionProcessor.java:54)
  at java.base/jdk.internal.reflect.DirectMethodHandleAccessor.invoke(DirectMethodHandleAccessor.java:104)
  at java.base/java.lang.reflect.Method.invoke(Method.java:565)
  at org.gradle.internal.dispatch.MethodInvocation.invokeOn(MethodInvocation.java:77)
  at org.gradle.internal.dispatch.ReflectionDispatch.dispatch(ReflectionDispatch.java:28)
  at org.gradle.internal.dispatch.ReflectionDispatch.dispatch(ReflectionDispatch.java:19)
  at org.gradle.internal.dispatch.ContextClassLoaderDispatch.dispatch(ContextClassLoaderDispatch.java:33)
  at org.gradle.internal.dispatch.ProxyDispatchAdapter$DispatchingInvocationHandler.invoke(ProxyDispatchAdapter.java:88)
  at jdk.proxy1/jdk.proxy1.$Proxy4.processTestDefinition(Unknown Source)
  at org.gradle.api.internal.tasks.testing.worker.TestWorker$2.run(TestWorker.java:178)
  at org.gradle.api.internal.tasks.testing.worker.TestWorker.executeAndMaintainThreadName(TestWorker.java:126)
  at org.gradle.api.internal.tasks.testing.worker.TestWorker.execute(TestWorker.java:103)
  at org.gradle.api.internal.tasks.testing.worker.TestWorker.execute(TestWorker.java:63)
  at org.gradle.process.internal.worker.child.ActionExecutionWorker.execute(ActionExecutionWorker.java:56)
  at org.gradle.process.internal.worker.child.SystemApplicationClassLoaderWorker.call(SystemApplicationClassLoaderWorker.java:122)
  at org.gradle.process.internal.worker.child.SystemApplicationClassLoaderWorker.call(SystemApplicationClassLoaderWorker.java:72)
  at worker.org.gradle.process.internal.worker.GradleWorkerMain.run(GradleWorkerMain.java:69)
  at worker.org.gradle.process.internal.worker.GradleWorkerMain.main(GradleWorkerMain.java:74)
</stacktrace>
</test-failure>


TypeScriptCompilerTests_P[jvm] > propertiesAndIndexers2_ts has expected errors matching propertiesAndIndexers2_errors_txt[jvm] FAILED

<test-failure test="com.xemantic.typescript.compiler.TypeScriptCompilerTests_Q.quotedModuleNameMustBeAmbient_ts has expected errors matching quotedModuleNameMustBeAmbient_errors_txt" platform="jvm">
<message>
Expected diagnostics from baseline typescript-repo/tests/baselines/reference/quotedModuleNameMustBeAmbient.errors.txt but none produced
</message>
<stacktrace>
  at com.xemantic.typescript.compiler.TypeScriptTestSupportKt.errorsMatchBaseline(TypeScriptTestSupport.kt:125)
  at com.xemantic.typescript.compiler.TypeScriptCompilerTests_Q.quotedModuleNameMustBeAmbient_ts has expected errors matching quotedModuleNameMustBeAmbient_errors_txt(TypeScriptCompilerTests_Q.kt:126)
  at java.base/jdk.internal.reflect.DirectMethodHandleAccessor.invoke(DirectMethodHandleAccessor.java:104)
  at java.base/java.lang.reflect.Method.invoke(Method.java:565)
  at org.junit.runners.model.FrameworkMethod$1.runReflectiveCall(FrameworkMethod.java:59)
  at org.junit.internal.runners.model.ReflectiveCallable.run(ReflectiveCallable.java:12)
  at org.junit.runners.model.FrameworkMethod.invokeExplosively(FrameworkMethod.java:56)
  at org.junit.internal.runners.statements.InvokeMethod.evaluate(InvokeMethod.java:17)
  at org.junit.runners.ParentRunner$3.evaluate(ParentRunner.java:306)
  at org.junit.runners.BlockJUnit4ClassRunner$1.evaluate(BlockJUnit4ClassRunner.java:100)
  at org.junit.runners.ParentRunner.runLeaf(ParentRunner.java:366)
  at org.junit.runners.BlockJUnit4ClassRunner.runChild(BlockJUnit4ClassRunner.java:103)
  at org.junit.runners.BlockJUnit4ClassRunner.runChild(BlockJUnit4ClassRunner.java:63)
  at org.junit.runners.ParentRunner$4.run(ParentRunner.java:331)
  at org.junit.runners.ParentRunner$1.schedule(ParentRunner.java:79)
  at org.junit.runners.ParentRunner.runChildren(ParentRunner.java:329)
  at org.junit.runners.ParentRunner.access$100(ParentRunner.java:66)
  at org.junit.runners.ParentRunner$2.evaluate(ParentRunner.java:293)
  at org.junit.runners.ParentRunner$3.evaluate(ParentRunner.java:306)
  at org.junit.runners.ParentRunner.run(ParentRunner.java:413)
  at org.junit.runner.JUnitCore.run(JUnitCore.java:137)
  at org.junit.runner.JUnitCore.run(JUnitCore.java:115)
  at org.gradle.api.internal.tasks.testing.junit.JUnitTestExecutor.runRequest(JUnitTestExecutor.java:175)
  at org.gradle.api.internal.tasks.testing.junit.JUnitTestExecutor.accept(JUnitTestExecutor.java:84)
  at org.gradle.api.internal.tasks.testing.junit.JUnitTestExecutor.accept(JUnitTestExecutor.java:47)
  at org.gradle.api.internal.tasks.testing.junit.AbstractJUnitTestDefinitionProcessor.processTestDefinition(AbstractJUnitTestDefinitionProcessor.java:65)
  at org.gradle.api.internal.tasks.testing.SuiteTestDefinitionProcessor.processTestDefinition(SuiteTestDefinitionProcessor.java:54)
  at java.base/jdk.internal.reflect.DirectMethodHandleAccessor.invoke(DirectMethodHandleAccessor.java:104)
  at java.base/java.lang.reflect.Method.invoke(Method.java:565)
  at org.gradle.internal.dispatch.MethodInvocation.invokeOn(MethodInvocation.java:77)
  at org.gradle.internal.dispatch.ReflectionDispatch.dispatch(ReflectionDispatch.java:28)
  at org.gradle.internal.dispatch.ReflectionDispatch.dispatch(ReflectionDispatch.java:19)
  at org.gradle.internal.dispatch.ContextClassLoaderDispatch.dispatch(ContextClassLoaderDispatch.java:33)
  at org.gradle.internal.dispatch.ProxyDispatchAdapter$DispatchingInvocationHandler.invoke(ProxyDispatchAdapter.java:88)
  at jdk.proxy1/jdk.proxy1.$Proxy4.processTestDefinition(Unknown Source)
  at org.gradle.api.internal.tasks.testing.worker.TestWorker$2.run(TestWorker.java:178)
  at org.gradle.api.internal.tasks.testing.worker.TestWorker.executeAndMaintainThreadName(TestWorker.java:126)
  at org.gradle.api.internal.tasks.testing.worker.TestWorker.execute(TestWorker.java:103)
  at org.gradle.api.internal.tasks.testing.worker.TestWorker.execute(TestWorker.java:63)
  at org.gradle.process.internal.worker.child.ActionExecutionWorker.execute(ActionExecutionWorker.java:56)
  at org.gradle.process.internal.worker.child.SystemApplicationClassLoaderWorker.call(SystemApplicationClassLoaderWorker.java:122)
  at org.gradle.process.internal.worker.child.SystemApplicationClassLoaderWorker.call(SystemApplicationClassLoaderWorker.java:72)
  at worker.org.gradle.process.internal.worker.GradleWorkerMain.run(GradleWorkerMain.java:69)
  at worker.org.gradle.process.internal.worker.GradleWorkerMain.main(GradleWorkerMain.java:74)
</stacktrace>
</test-failure>


TypeScriptCompilerTests_Q[jvm] > quotedModuleNameMustBeAmbient_ts has expected errors matching quotedModuleNameMustBeAmbient_errors_txt[jvm] FAILED

<test-failure test="com.xemantic.typescript.compiler.TypeScriptCompilerTests_Q.qualify_ts has expected errors matching qualify_errors_txt" platform="jvm">
<message>
Expected diagnostics from baseline typescript-repo/tests/baselines/reference/qualify.errors.txt but none produced
</message>
<stacktrace>
  at com.xemantic.typescript.compiler.TypeScriptTestSupportKt.errorsMatchBaseline(TypeScriptTestSupport.kt:125)
  at com.xemantic.typescript.compiler.TypeScriptCompilerTests_Q.qualify_ts has expected errors matching qualify_errors_txt(TypeScriptCompilerTests_Q.kt:56)
  at java.base/jdk.internal.reflect.DirectMethodHandleAccessor.invoke(DirectMethodHandleAccessor.java:104)
  at java.base/java.lang.reflect.Method.invoke(Method.java:565)
  at org.junit.runners.model.FrameworkMethod$1.runReflectiveCall(FrameworkMethod.java:59)
  at org.junit.internal.runners.model.ReflectiveCallable.run(ReflectiveCallable.java:12)
  at org.junit.runners.model.FrameworkMethod.invokeExplosively(FrameworkMethod.java:56)
  at org.junit.internal.runners.statements.InvokeMethod.evaluate(InvokeMethod.java:17)
  at org.junit.runners.ParentRunner$3.evaluate(ParentRunner.java:306)
  at org.junit.runners.BlockJUnit4ClassRunner$1.evaluate(BlockJUnit4ClassRunner.java:100)
  at org.junit.runners.ParentRunner.runLeaf(ParentRunner.java:366)
  at org.junit.runners.BlockJUnit4ClassRunner.runChild(BlockJUnit4ClassRunner.java:103)
  at org.junit.runners.BlockJUnit4ClassRunner.runChild(BlockJUnit4ClassRunner.java:63)
  at org.junit.runners.ParentRunner$4.run(ParentRunner.java:331)
  at org.junit.runners.ParentRunner$1.schedule(ParentRunner.java:79)
  at org.junit.runners.ParentRunner.runChildren(ParentRunner.java:329)
  at org.junit.runners.ParentRunner.access$100(ParentRunner.java:66)
  at org.junit.runners.ParentRunner$2.evaluate(ParentRunner.java:293)
  at org.junit.runners.ParentRunner$3.evaluate(ParentRunner.java:306)
  at org.junit.runners.ParentRunner.run(ParentRunner.java:413)
  at org.junit.runner.JUnitCore.run(JUnitCore.java:137)
  at org.junit.runner.JUnitCore.run(JUnitCore.java:115)
  at org.gradle.api.internal.tasks.testing.junit.JUnitTestExecutor.runRequest(JUnitTestExecutor.java:175)
  at org.gradle.api.internal.tasks.testing.junit.JUnitTestExecutor.accept(JUnitTestExecutor.java:84)
  at org.gradle.api.internal.tasks.testing.junit.JUnitTestExecutor.accept(JUnitTestExecutor.java:47)
  at org.gradle.api.internal.tasks.testing.junit.AbstractJUnitTestDefinitionProcessor.processTestDefinition(AbstractJUnitTestDefinitionProcessor.java:65)
  at org.gradle.api.internal.tasks.testing.SuiteTestDefinitionProcessor.processTestDefinition(SuiteTestDefinitionProcessor.java:54)
  at java.base/jdk.internal.reflect.DirectMethodHandleAccessor.invoke(DirectMethodHandleAccessor.java:104)
  at java.base/java.lang.reflect.Method.invoke(Method.java:565)
  at org.gradle.internal.dispatch.MethodInvocation.invokeOn(MethodInvocation.java:77)
  at org.gradle.internal.dispatch.ReflectionDispatch.dispatch(ReflectionDispatch.java:28)
  at org.gradle.internal.dispatch.ReflectionDispatch.dispatch(ReflectionDispatch.java:19)
  at org.gradle.internal.dispatch.ContextClassLoaderDispatch.dispatch(ContextClassLoaderDispatch.java:33)
  at org.gradle.internal.dispatch.ProxyDispatchAdapter$DispatchingInvocationHandler.invoke(ProxyDispatchAdapter.java:88)
  at jdk.proxy1/jdk.proxy1.$Proxy4.processTestDefinition(Unknown Source)
  at org.gradle.api.internal.tasks.testing.worker.TestWorker$2.run(TestWorker.java:178)
  at org.gradle.api.internal.tasks.testing.worker.TestWorker.executeAndMaintainThreadName(TestWorker.java:126)
  at org.gradle.api.internal.tasks.testing.worker.TestWorker.execute(TestWorker.java:103)
  at org.gradle.api.internal.tasks.testing.worker.TestWorker.execute(TestWorker.java:63)
  at org.gradle.process.internal.worker.child.ActionExecutionWorker.execute(ActionExecutionWorker.java:56)
  at org.gradle.process.internal.worker.child.SystemApplicationClassLoaderWorker.call(SystemApplicationClassLoaderWorker.java:122)
  at org.gradle.process.internal.worker.child.SystemApplicationClassLoaderWorker.call(SystemApplicationClassLoaderWorker.java:72)
  at worker.org.gradle.process.internal.worker.GradleWorkerMain.run(GradleWorkerMain.java:69)
  at worker.org.gradle.process.internal.worker.GradleWorkerMain.main(GradleWorkerMain.java:74)
</stacktrace>
</test-failure>


TypeScriptCompilerTests_Q[jvm] > qualify_ts has expected errors matching qualify_errors_txt[jvm] FAILED

<test-failure test="com.xemantic.typescript.compiler.TypeScriptCompilerTests_Q.qualifiedModuleLocals_ts has expected errors matching qualifiedModuleLocals_errors_txt" platform="jvm">
<message>
Expected diagnostics from baseline typescript-repo/tests/baselines/reference/qualifiedModuleLocals.errors.txt but none produced
</message>
<stacktrace>
  at com.xemantic.typescript.compiler.TypeScriptTestSupportKt.errorsMatchBaseline(TypeScriptTestSupport.kt:125)
  at com.xemantic.typescript.compiler.TypeScriptCompilerTests_Q.qualifiedModuleLocals_ts has expected errors matching qualifiedModuleLocals_errors_txt(TypeScriptCompilerTests_Q.kt:21)
  at java.base/jdk.internal.reflect.DirectMethodHandleAccessor.invoke(DirectMethodHandleAccessor.java:104)
  at java.base/java.lang.reflect.Method.invoke(Method.java:565)
  at org.junit.runners.model.FrameworkMethod$1.runReflectiveCall(FrameworkMethod.java:59)
  at org.junit.internal.runners.model.ReflectiveCallable.run(ReflectiveCallable.java:12)
  at org.junit.runners.model.FrameworkMethod.invokeExplosively(FrameworkMethod.java:56)
  at org.junit.internal.runners.statements.InvokeMethod.evaluate(InvokeMethod.java:17)
  at org.junit.runners.ParentRunner$3.evaluate(ParentRunner.java:306)
  at org.junit.runners.BlockJUnit4ClassRunner$1.evaluate(BlockJUnit4ClassRunner.java:100)
  at org.junit.runners.ParentRunner.runLeaf(ParentRunner.java:366)
  at org.junit.runners.BlockJUnit4ClassRunner.runChild(BlockJUnit4ClassRunner.java:103)
  at org.junit.runners.BlockJUnit4ClassRunner.runChild(BlockJUnit4ClassRunner.java:63)
  at org.junit.runners.ParentRunner$4.run(ParentRunner.java:331)
  at org.junit.runners.ParentRunner$1.schedule(ParentRunner.java:79)
  at org.junit.runners.ParentRunner.runChildren(ParentRunner.java:329)
  at org.junit.runners.ParentRunner.access$100(ParentRunner.java:66)
  at org.junit.runners.ParentRunner$2.evaluate(ParentRunner.java:293)
  at org.junit.runners.ParentRunner$3.evaluate(ParentRunner.java:306)
  at org.junit.runners.ParentRunner.run(ParentRunner.java:413)
  at org.junit.runner.JUnitCore.run(JUnitCore.java:137)
  at org.junit.runner.JUnitCore.run(JUnitCore.java:115)
  at org.gradle.api.internal.tasks.testing.junit.JUnitTestExecutor.runRequest(JUnitTestExecutor.java:175)
  at org.gradle.api.internal.tasks.testing.junit.JUnitTestExecutor.accept(JUnitTestExecutor.java:84)
  at org.gradle.api.internal.tasks.testing.junit.JUnitTestExecutor.accept(JUnitTestExecutor.java:47)
  at org.gradle.api.internal.tasks.testing.junit.AbstractJUnitTestDefinitionProcessor.processTestDefinition(AbstractJUnitTestDefinitionProcessor.java:65)
  at org.gradle.api.internal.tasks.testing.SuiteTestDefinitionProcessor.processTestDefinition(SuiteTestDefinitionProcessor.java:54)
  at java.base/jdk.internal.reflect.DirectMethodHandleAccessor.invoke(DirectMethodHandleAccessor.java:104)
  at java.base/java.lang.reflect.Method.invoke(Method.java:565)
  at org.gradle.internal.dispatch.MethodInvocation.invokeOn(MethodInvocation.java:77)
  at org.gradle.internal.dispatch.ReflectionDispatch.dispatch(ReflectionDispatch.java:28)
  at org.gradle.internal.dispatch.ReflectionDispatch.dispatch(ReflectionDispatch.java:19)
  at org.gradle.internal.dispatch.ContextClassLoaderDispatch.dispatch(ContextClassLoaderDispatch.java:33)
  at org.gradle.internal.dispatch.ProxyDispatchAdapter$DispatchingInvocationHandler.invoke(ProxyDispatchAdapter.java:88)
  at jdk.proxy1/jdk.proxy1.$Proxy4.processTestDefinition(Unknown Source)
  at org.gradle.api.internal.tasks.testing.worker.TestWorker$2.run(TestWorker.java:178)
  at org.gradle.api.internal.tasks.testing.worker.TestWorker.executeAndMaintainThreadName(TestWorker.java:126)
  at org.gradle.api.internal.tasks.testing.worker.TestWorker.execute(TestWorker.java:103)
  at org.gradle.api.internal.tasks.testing.worker.TestWorker.execute(TestWorker.java:63)
  at org.gradle.process.internal.worker.child.ActionExecutionWorker.execute(ActionExecutionWorker.java:56)
  at org.gradle.process.internal.worker.child.SystemApplicationClassLoaderWorker.call(SystemApplicationClassLoaderWorker.java:122)
  at org.gradle.process.internal.worker.child.SystemApplicationClassLoaderWorker.call(SystemApplicationClassLoaderWorker.java:72)
  at worker.org.gradle.process.internal.worker.GradleWorkerMain.run(GradleWorkerMain.java:69)
  at worker.org.gradle.process.internal.worker.GradleWorkerMain.main(GradleWorkerMain.java:74)
</stacktrace>
</test-failure>


TypeScriptCompilerTests_Q[jvm] > qualifiedModuleLocals_ts has expected errors matching qualifiedModuleLocals_errors_txt[jvm] FAILED

<test-failure test="com.xemantic.typescript.compiler.TypeScriptCompilerTests_Q.qualifiedName_entity-name-resolution-does-not-affect-class-heritage_ts has expected errors matching qualifiedName_entity-name-resolution-does-not-affect-class-heritage_errors_txt" platform="jvm">
<message>
Expected diagnostics from baseline typescript-repo/tests/baselines/reference/qualifiedName_entity-name-resolution-does-not-affect-class-heritage.errors.txt but none produced
</message>
<stacktrace>
  at com.xemantic.typescript.compiler.TypeScriptTestSupportKt.errorsMatchBaseline(TypeScriptTestSupport.kt:125)
  at com.xemantic.typescript.compiler.TypeScriptCompilerTests_Q.qualifiedName_entity-name-resolution-does-not-affect-class-heritage_ts has expected errors matching qualifiedName_entity-name-resolution-does-not-affect-class-heritage_errors_txt(TypeScriptCompilerTests_Q.kt:42)
  at java.base/jdk.internal.reflect.DirectMethodHandleAccessor.invoke(DirectMethodHandleAccessor.java:104)
  at java.base/java.lang.reflect.Method.invoke(Method.java:565)
  at org.junit.runners.model.FrameworkMethod$1.runReflectiveCall(FrameworkMethod.java:59)
  at org.junit.internal.runners.model.ReflectiveCallable.run(ReflectiveCallable.java:12)
  at org.junit.runners.model.FrameworkMethod.invokeExplosively(FrameworkMethod.java:56)
  at org.junit.internal.runners.statements.InvokeMethod.evaluate(InvokeMethod.java:17)
  at org.junit.runners.ParentRunner$3.evaluate(ParentRunner.java:306)
  at org.junit.runners.BlockJUnit4ClassRunner$1.evaluate(BlockJUnit4ClassRunner.java:100)
  at org.junit.runners.ParentRunner.runLeaf(ParentRunner.java:366)
  at org.junit.runners.BlockJUnit4ClassRunner.runChild(BlockJUnit4ClassRunner.java:103)
  at org.junit.runners.BlockJUnit4ClassRunner.runChild(BlockJUnit4ClassRunner.java:63)
  at org.junit.runners.ParentRunner$4.run(ParentRunner.java:331)
  at org.junit.runners.ParentRunner$1.schedule(ParentRunner.java:79)
  at org.junit.runners.ParentRunner.runChildren(ParentRunner.java:329)
  at org.junit.runners.ParentRunner.access$100(ParentRunner.java:66)
  at org.junit.runners.ParentRunner$2.evaluate(ParentRunner.java:293)
  at org.junit.runners.ParentRunner$3.evaluate(ParentRunner.java:306)
  at org.junit.runners.ParentRunner.run(ParentRunner.java:413)
  at org.junit.runner.JUnitCore.run(JUnitCore.java:137)
  at org.junit.runner.JUnitCore.run(JUnitCore.java:115)
  at org.gradle.api.internal.tasks.testing.junit.JUnitTestExecutor.runRequest(JUnitTestExecutor.java:175)
  at org.gradle.api.internal.tasks.testing.junit.JUnitTestExecutor.accept(JUnitTestExecutor.java:84)
  at org.gradle.api.internal.tasks.testing.junit.JUnitTestExecutor.accept(JUnitTestExecutor.java:47)
  at org.gradle.api.internal.tasks.testing.junit.AbstractJUnitTestDefinitionProcessor.processTestDefinition(AbstractJUnitTestDefinitionProcessor.java:65)
  at org.gradle.api.internal.tasks.testing.SuiteTestDefinitionProcessor.processTestDefinition(SuiteTestDefinitionProcessor.java:54)
  at java.base/jdk.internal.reflect.DirectMethodHandleAccessor.invoke(DirectMethodHandleAccessor.java:104)
  at java.base/java.lang.reflect.Method.invoke(Method.java:565)
  at org.gradle.internal.dispatch.MethodInvocation.invokeOn(MethodInvocation.java:77)
  at org.gradle.internal.dispatch.ReflectionDispatch.dispatch(ReflectionDispatch.java:28)
  at org.gradle.internal.dispatch.ReflectionDispatch.dispatch(ReflectionDispatch.java:19)
  at org.gradle.internal.dispatch.ContextClassLoaderDispatch.dispatch(ContextClassLoaderDispatch.java:33)
  at org.gradle.internal.dispatch.ProxyDispatchAdapter$DispatchingInvocationHandler.invoke(ProxyDispatchAdapter.java:88)
  at jdk.proxy1/jdk.proxy1.$Proxy4.processTestDefinition(Unknown Source)
  at org.gradle.api.internal.tasks.testing.worker.TestWorker$2.run(TestWorker.java:178)
  at org.gradle.api.internal.tasks.testing.worker.TestWorker.executeAndMaintainThreadName(TestWorker.java:126)
  at org.gradle.api.internal.tasks.testing.worker.TestWorker.execute(TestWorker.java:103)
  at org.gradle.api.internal.tasks.testing.worker.TestWorker.execute(TestWorker.java:63)
  at org.gradle.process.internal.worker.child.ActionExecutionWorker.execute(ActionExecutionWorker.java:56)
  at org.gradle.process.internal.worker.child.SystemApplicationClassLoaderWorker.call(SystemApplicationClassLoaderWorker.java:122)
  at org.gradle.process.internal.worker.child.SystemApplicationClassLoaderWorker.call(SystemApplicationClassLoaderWorker.java:72)
  at worker.org.gradle.process.internal.worker.GradleWorkerMain.run(GradleWorkerMain.java:69)
  at worker.org.gradle.process.internal.worker.GradleWorkerMain.main(GradleWorkerMain.java:74)
</stacktrace>
</test-failure>


TypeScriptCompilerTests_Q[jvm] > qualifiedName_entity-name-resolution-does-not-affect-class-heritage_ts has expected errors matching qualifiedName_entity-name-resolution-does-not-affect-class-heritage_errors_txt[jvm] FAILED

<test-failure test="com.xemantic.typescript.compiler.TypeScriptCompilerTests_Q.quickinfoTypeAtReturnPositionsInaccurate_ts has expected errors matching quickinfoTypeAtReturnPositionsInaccurate_errors_txt" platform="jvm">
<message>
Expected diagnostics from baseline typescript-repo/tests/baselines/reference/quickinfoTypeAtReturnPositionsInaccurate.errors.txt but none produced
</message>
<stacktrace>
  at com.xemantic.typescript.compiler.TypeScriptTestSupportKt.errorsMatchBaseline(TypeScriptTestSupport.kt:125)
  at com.xemantic.typescript.compiler.TypeScriptCompilerTests_Q.quickinfoTypeAtReturnPositionsInaccurate_ts has expected errors matching quickinfoTypeAtReturnPositionsInaccurate_errors_txt(TypeScriptCompilerTests_Q.kt:84)
  at java.base/jdk.internal.reflect.DirectMethodHandleAccessor.invoke(DirectMethodHandleAccessor.java:104)
  at java.base/java.lang.reflect.Method.invoke(Method.java:565)
  at org.junit.runners.model.FrameworkMethod$1.runReflectiveCall(FrameworkMethod.java:59)
  at org.junit.internal.runners.model.ReflectiveCallable.run(ReflectiveCallable.java:12)
  at org.junit.runners.model.FrameworkMethod.invokeExplosively(FrameworkMethod.java:56)
  at org.junit.internal.runners.statements.InvokeMethod.evaluate(InvokeMethod.java:17)
  at org.junit.runners.ParentRunner$3.evaluate(ParentRunner.java:306)
  at org.junit.runners.BlockJUnit4ClassRunner$1.evaluate(BlockJUnit4ClassRunner.java:100)
  at org.junit.runners.ParentRunner.runLeaf(ParentRunner.java:366)
  at org.junit.runners.BlockJUnit4ClassRunner.runChild(BlockJUnit4ClassRunner.java:103)
  at org.junit.runners.BlockJUnit4ClassRunner.runChild(BlockJUnit4ClassRunner.java:63)
  at org.junit.runners.ParentRunner$4.run(ParentRunner.java:331)
  at org.junit.runners.ParentRunner$1.schedule(ParentRunner.java:79)
  at org.junit.runners.ParentRunner.runChildren(ParentRunner.java:329)
  at org.junit.runners.ParentRunner.access$100(ParentRunner.java:66)
  at org.junit.runners.ParentRunner$2.evaluate(ParentRunner.java:293)
  at org.junit.runners.ParentRunner$3.evaluate(ParentRunner.java:306)
  at org.junit.runners.ParentRunner.run(ParentRunner.java:413)
  at org.junit.runner.JUnitCore.run(JUnitCore.java:137)
  at org.junit.runner.JUnitCore.run(JUnitCore.java:115)
  at org.gradle.api.internal.tasks.testing.junit.JUnitTestExecutor.runRequest(JUnitTestExecutor.java:175)
  at org.gradle.api.internal.tasks.testing.junit.JUnitTestExecutor.accept(JUnitTestExecutor.java:84)
  at org.gradle.api.internal.tasks.testing.junit.JUnitTestExecutor.accept(JUnitTestExecutor.java:47)
  at org.gradle.api.internal.tasks.testing.junit.AbstractJUnitTestDefinitionProcessor.processTestDefinition(AbstractJUnitTestDefinitionProcessor.java:65)
  at org.gradle.api.internal.tasks.testing.SuiteTestDefinitionProcessor.processTestDefinition(SuiteTestDefinitionProcessor.java:54)
  at java.base/jdk.internal.reflect.DirectMethodHandleAccessor.invoke(DirectMethodHandleAccessor.java:104)
  at java.base/java.lang.reflect.Method.invoke(Method.java:565)
  at org.gradle.internal.dispatch.MethodInvocation.invokeOn(MethodInvocation.java:77)
  at org.gradle.internal.dispatch.ReflectionDispatch.dispatch(ReflectionDispatch.java:28)
  at org.gradle.internal.dispatch.ReflectionDispatch.dispatch(ReflectionDispatch.java:19)
  at org.gradle.internal.dispatch.ContextClassLoaderDispatch.dispatch(ContextClassLoaderDispatch.java:33)
  at org.gradle.internal.dispatch.ProxyDispatchAdapter$DispatchingInvocationHandler.invoke(ProxyDispatchAdapter.java:88)
  at jdk.proxy1/jdk.proxy1.$Proxy4.processTestDefinition(Unknown Source)
  at org.gradle.api.internal.tasks.testing.worker.TestWorker$2.run(TestWorker.java:178)
  at org.gradle.api.internal.tasks.testing.worker.TestWorker.executeAndMaintainThreadName(TestWorker.java:126)
  at org.gradle.api.internal.tasks.testing.worker.TestWorker.execute(TestWorker.java:103)
  at org.gradle.api.internal.tasks.testing.worker.TestWorker.execute(TestWorker.java:63)
  at org.gradle.process.internal.worker.child.ActionExecutionWorker.execute(ActionExecutionWorker.java:56)
  at org.gradle.process.internal.worker.child.SystemApplicationClassLoaderWorker.call(SystemApplicationClassLoaderWorker.java:122)
  at org.gradle.process.internal.worker.child.SystemApplicationClassLoaderWorker.call(SystemApplicationClassLoaderWorker.java:72)
  at worker.org.gradle.process.internal.worker.GradleWorkerMain.run(GradleWorkerMain.java:69)
  at worker.org.gradle.process.internal.worker.GradleWorkerMain.main(GradleWorkerMain.java:74)
</stacktrace>
</test-failure>


TypeScriptCompilerTests_Q[jvm] > quickinfoTypeAtReturnPositionsInaccurate_ts has expected errors matching quickinfoTypeAtReturnPositionsInaccurate_errors_txt[jvm] FAILED

<test-failure test="com.xemantic.typescript.compiler.TypeScriptCompilerTests_Q.quickIntersectionCheckCorrectlyCachesErrors_ts has expected errors matching quickIntersectionCheckCorrectlyCachesErrors_errors_txt" platform="jvm">
<message>
Expected diagnostics from baseline typescript-repo/tests/baselines/reference/quickIntersectionCheckCorrectlyCachesErrors.errors.txt but none produced
</message>
<stacktrace>
  at com.xemantic.typescript.compiler.TypeScriptTestSupportKt.errorsMatchBaseline(TypeScriptTestSupport.kt:125)
  at com.xemantic.typescript.compiler.TypeScriptCompilerTests_Q.quickIntersectionCheckCorrectlyCachesErrors_ts has expected errors matching quickIntersectionCheckCorrectlyCachesErrors_errors_txt(TypeScriptCompilerTests_Q.kt:70)
  at java.base/jdk.internal.reflect.DirectMethodHandleAccessor.invoke(DirectMethodHandleAccessor.java:104)
  at java.base/java.lang.reflect.Method.invoke(Method.java:565)
  at org.junit.runners.model.FrameworkMethod$1.runReflectiveCall(FrameworkMethod.java:59)
  at org.junit.internal.runners.model.ReflectiveCallable.run(ReflectiveCallable.java:12)
  at org.junit.runners.model.FrameworkMethod.invokeExplosively(FrameworkMethod.java:56)
  at org.junit.internal.runners.statements.InvokeMethod.evaluate(InvokeMethod.java:17)
  at org.junit.runners.ParentRunner$3.evaluate(ParentRunner.java:306)
  at org.junit.runners.BlockJUnit4ClassRunner$1.evaluate(BlockJUnit4ClassRunner.java:100)
  at org.junit.runners.ParentRunner.runLeaf(ParentRunner.java:366)
  at org.junit.runners.BlockJUnit4ClassRunner.runChild(BlockJUnit4ClassRunner.java:103)
  at org.junit.runners.BlockJUnit4ClassRunner.runChild(BlockJUnit4ClassRunner.java:63)
  at org.junit.runners.ParentRunner$4.run(ParentRunner.java:331)
  at org.junit.runners.ParentRunner$1.schedule(ParentRunner.java:79)
  at org.junit.runners.ParentRunner.runChildren(ParentRunner.java:329)
  at org.junit.runners.ParentRunner.access$100(ParentRunner.java:66)
  at org.junit.runners.ParentRunner$2.evaluate(ParentRunner.java:293)
  at org.junit.runners.ParentRunner$3.evaluate(ParentRunner.java:306)
  at org.junit.runners.ParentRunner.run(ParentRunner.java:413)
  at org.junit.runner.JUnitCore.run(JUnitCore.java:137)
  at org.junit.runner.JUnitCore.run(JUnitCore.java:115)
  at org.gradle.api.internal.tasks.testing.junit.JUnitTestExecutor.runRequest(JUnitTestExecutor.java:175)
  at org.gradle.api.internal.tasks.testing.junit.JUnitTestExecutor.accept(JUnitTestExecutor.java:84)
  at org.gradle.api.internal.tasks.testing.junit.JUnitTestExecutor.accept(JUnitTestExecutor.java:47)
  at org.gradle.api.internal.tasks.testing.junit.AbstractJUnitTestDefinitionProcessor.processTestDefinition(AbstractJUnitTestDefinitionProcessor.java:65)
  at org.gradle.api.internal.tasks.testing.SuiteTestDefinitionProcessor.processTestDefinition(SuiteTestDefinitionProcessor.java:54)
  at java.base/jdk.internal.reflect.DirectMethodHandleAccessor.invoke(DirectMethodHandleAccessor.java:104)
  at java.base/java.lang.reflect.Method.invoke(Method.java:565)
  at org.gradle.internal.dispatch.MethodInvocation.invokeOn(MethodInvocation.java:77)
  at org.gradle.internal.dispatch.ReflectionDispatch.dispatch(ReflectionDispatch.java:28)
  at org.gradle.internal.dispatch.ReflectionDispatch.dispatch(ReflectionDispatch.java:19)
  at org.gradle.internal.dispatch.ContextClassLoaderDispatch.dispatch(ContextClassLoaderDispatch.java:33)
  at org.gradle.internal.dispatch.ProxyDispatchAdapter$DispatchingInvocationHandler.invoke(ProxyDispatchAdapter.java:88)
  at jdk.proxy1/jdk.proxy1.$Proxy4.processTestDefinition(Unknown Source)
  at org.gradle.api.internal.tasks.testing.worker.TestWorker$2.run(TestWorker.java:178)
  at org.gradle.api.internal.tasks.testing.worker.TestWorker.executeAndMaintainThreadName(TestWorker.java:126)
  at org.gradle.api.internal.tasks.testing.worker.TestWorker.execute(TestWorker.java:103)
  at org.gradle.api.internal.tasks.testing.worker.TestWorker.execute(TestWorker.java:63)
  at org.gradle.process.internal.worker.child.ActionExecutionWorker.execute(ActionExecutionWorker.java:56)
  at org.gradle.process.internal.worker.child.SystemApplicationClassLoaderWorker.call(SystemApplicationClassLoaderWorker.java:122)
  at org.gradle.process.internal.worker.child.SystemApplicationClassLoaderWorker.call(SystemApplicationClassLoaderWorker.java:72)
  at worker.org.gradle.process.internal.worker.GradleWorkerMain.run(GradleWorkerMain.java:69)
  at worker.org.gradle.process.internal.worker.GradleWorkerMain.main(GradleWorkerMain.java:74)
</stacktrace>
</test-failure>


TypeScriptCompilerTests_Q[jvm] > quickIntersectionCheckCorrectlyCachesErrors_ts has expected errors matching quickIntersectionCheckCorrectlyCachesErrors_errors_txt[jvm] FAILED

<test-failure test="com.xemantic.typescript.compiler.TypeScriptCompilerTests_R.reexportMissingDefault3_ts has expected errors matching reexportMissingDefault3_errors_txt" platform="jvm">
<message>
Expected diagnostics from baseline typescript-repo/tests/baselines/reference/reexportMissingDefault3.errors.txt but none produced
</message>
<stacktrace>
  at com.xemantic.typescript.compiler.TypeScriptTestSupportKt.errorsMatchBaseline(TypeScriptTestSupport.kt:125)
  at com.xemantic.typescript.compiler.TypeScriptCompilerTests_R.reexportMissingDefault3_ts has expected errors matching reexportMissingDefault3_errors_txt(TypeScriptCompilerTests_R.kt:1351)
  at java.base/jdk.internal.reflect.DirectMethodHandleAccessor.invoke(DirectMethodHandleAccessor.java:104)
  at java.base/java.lang.reflect.Method.invoke(Method.java:565)
  at org.junit.runners.model.FrameworkMethod$1.runReflectiveCall(FrameworkMethod.java:59)
  at org.junit.internal.runners.model.ReflectiveCallable.run(ReflectiveCallable.java:12)
  at org.junit.runners.model.FrameworkMethod.invokeExplosively(FrameworkMethod.java:56)
  at org.junit.internal.runners.statements.InvokeMethod.evaluate(InvokeMethod.java:17)
  at org.junit.runners.ParentRunner$3.evaluate(ParentRunner.java:306)
  at org.junit.runners.BlockJUnit4ClassRunner$1.evaluate(BlockJUnit4ClassRunner.java:100)
  at org.junit.runners.ParentRunner.runLeaf(ParentRunner.java:366)
  at org.junit.runners.BlockJUnit4ClassRunner.runChild(BlockJUnit4ClassRunner.java:103)
  at org.junit.runners.BlockJUnit4ClassRunner.runChild(BlockJUnit4ClassRunner.java:63)
  at org.junit.runners.ParentRunner$4.run(ParentRunner.java:331)
  at org.junit.runners.ParentRunner$1.schedule(ParentRunner.java:79)
  at org.junit.runners.ParentRunner.runChildren(ParentRunner.java:329)
  at org.junit.runners.ParentRunner.access$100(ParentRunner.java:66)
  at org.junit.runners.ParentRunner$2.evaluate(ParentRunner.java:293)
  at org.junit.runners.ParentRunner$3.evaluate(ParentRunner.java:306)
  at org.junit.runners.ParentRunner.run(ParentRunner.java:413)
  at org.junit.runner.JUnitCore.run(JUnitCore.java:137)
  at org.junit.runner.JUnitCore.run(JUnitCore.java:115)
  at org.gradle.api.internal.tasks.testing.junit.JUnitTestExecutor.runRequest(JUnitTestExecutor.java:175)
  at org.gradle.api.internal.tasks.testing.junit.JUnitTestExecutor.accept(JUnitTestExecutor.java:84)
  at org.gradle.api.internal.tasks.testing.junit.JUnitTestExecutor.accept(JUnitTestExecutor.java:47)
  at org.gradle.api.internal.tasks.testing.junit.AbstractJUnitTestDefinitionProcessor.processTestDefinition(AbstractJUnitTestDefinitionProcessor.java:65)
  at org.gradle.api.internal.tasks.testing.SuiteTestDefinitionProcessor.processTestDefinition(SuiteTestDefinitionProcessor.java:54)
  at java.base/jdk.internal.reflect.DirectMethodHandleAccessor.invoke(DirectMethodHandleAccessor.java:104)
  at java.base/java.lang.reflect.Method.invoke(Method.java:565)
  at org.gradle.internal.dispatch.MethodInvocation.invokeOn(MethodInvocation.java:77)
  at org.gradle.internal.dispatch.ReflectionDispatch.dispatch(ReflectionDispatch.java:28)
  at org.gradle.internal.dispatch.ReflectionDispatch.dispatch(ReflectionDispatch.java:19)
  at org.gradle.internal.dispatch.ContextClassLoaderDispatch.dispatch(ContextClassLoaderDispatch.java:33)
  at org.gradle.internal.dispatch.ProxyDispatchAdapter$DispatchingInvocationHandler.invoke(ProxyDispatchAdapter.java:88)
  at jdk.proxy1/jdk.proxy1.$Proxy4.processTestDefinition(Unknown Source)
  at org.gradle.api.internal.tasks.testing.worker.TestWorker$2.run(TestWorker.java:178)
  at org.gradle.api.internal.tasks.testing.worker.TestWorker.executeAndMaintainThreadName(TestWorker.java:126)
  at org.gradle.api.internal.tasks.testing.worker.TestWorker.execute(TestWorker.java:103)
  at org.gradle.api.internal.tasks.testing.worker.TestWorker.execute(TestWorker.java:63)
  at org.gradle.process.internal.worker.child.ActionExecutionWorker.execute(ActionExecutionWorker.java:56)
  at org.gradle.process.internal.worker.child.SystemApplicationClassLoaderWorker.call(SystemApplicationClassLoaderWorker.java:122)
  at org.gradle.process.internal.worker.child.SystemApplicationClassLoaderWorker.call(SystemApplicationClassLoaderWorker.java:72)
  at worker.org.gradle.process.internal.worker.GradleWorkerMain.run(GradleWorkerMain.java:69)
  at worker.org.gradle.process.internal.worker.GradleWorkerMain.main(GradleWorkerMain.java:74)
</stacktrace>
</test-failure>


TypeScriptCompilerTests_R[jvm] > reexportMissingDefault3_ts has expected errors matching reexportMissingDefault3_errors_txt[jvm] FAILED

<test-failure test="com.xemantic.typescript.compiler.TypeScriptCompilerTests_R.recursiveFunctionTypes_ts has expected errors matching recursiveFunctionTypes_errors_txt" platform="jvm">
<message>
--- expected
+++ actual
@@ -1,37 +1,16 @@
-recursiveFunctionTypes.ts(1,28): error TS2322: Type 'number' is not assignable to type '() => typeof fn'.
-recursiveFunctionTypes.ts(3,5): error TS2322: Type '() => typeof fn' is not assignable to type 'number'.
-recursiveFunctionTypes.ts(4,5): error TS2322: Type '() => typeof fn' is not assignable to type '() => number'.
-  Type '() => typeof fn' is not assignable to type 'number'.
+recursiveFunctionTypes.ts(3,5): error TS2322: Type '() => any' is not assignable to type 'number'.
 recursiveFunctionTypes.ts(11,16): error TS2355: A function whose declared type is neither 'undefined', 'void', nor 'any' must return a value.
 recursiveFunctionTypes.ts(12,16): error TS2355: A function whose declared type is neither 'undefined', 'void', nor 'any' must return a value.
-recursiveFunctionTypes.ts(17,5): error TS2322: Type '() => I<typeof f3>' is not assignable to type 'number'.
-recursiveFunctionTypes.ts(22,5): error TS2345: Argument of type 'number' is not assignable to parameter of type '(t: typeof g) => void'.
-recursiveFunctionTypes.ts(25,1): error TS2322: Type 'number' is not assignable to type '() => any'.
-recursiveFunctionTypes.ts(30,10): error TS2394: This overload signature is not compatible with its implementation signature.
-recursiveFunctionTypes.ts(33,8): error TS2554: Expected 0-1 arguments, but got 2.
-recursiveFunctionTypes.ts(34,4): error TS2345: Argument of type 'string' is not assignable to parameter of type '{ (): typeof f6; (a: typeof f6): () => number; }'.
-recursiveFunctionTypes.ts(42,8): error TS2554: Expected 0-1 arguments, but got 2.
-recursiveFunctionTypes.ts(43,4): error TS2769: No overload matches this call.
-  Overload 1 of 4, '(a: { (): typeof f7; (a: typeof f7): () => number; (a: number): number; (a?: typeof f7 | undefined): typeof f7; }): () => number', gave the following error.
-    Argument of type 'string' is not assignable to parameter of type '{ (): typeof f7; (a: typeof f7): () => number; (a: number): number; (a?: typeof f7 | undefined): typeof f7; }'.
-  Overload 2 of 4, '(a: number): number', gave the following error.
-    Argument of type 'string' is not assignable to parameter of type 'number'.
-  Overload 3 of 4, '(a?: { (): typeof f7; (a: typeof f7): () => number; (a: number): number; (a?: typeof f7 | undefined): typeof f7; } | undefined): { (): typeof f7; (a: typeof f7): () => number; (a: number): number; (a?: typeof f7 | undefined): typeof f7; }', gave the following error.
-    Argument of type 'string' is not assignable to parameter of type '{ (): typeof f7; (a: typeof f7): () => number; (a: number): number; (a?: typeof f7 | undefined): typeof f7; }'.
+recursiveFunctionTypes.ts(17,5): error TS2322: Type '() => I<T>' is not assignable to type 'number'.
 
 
-==== recursiveFunctionTypes.ts (13 errors) ====
+==== recursiveFunctionTypes.ts (4 errors) ====
     function fn(): typeof fn { return 1; }
-                               ~~~~~~
-!!! error TS2322: Type 'number' is not assignable to type '() => typeof fn'.
     
     var x: number = fn; // error
         ~
-!!! error TS2322: Type '() => typeof fn' is not assignable to type 'number'.
+!!! error TS2322: Type '() => any' is not assignable to type 'number'.
     var y: () => number = fn; // ok
-        ~
-!!! error TS2322: Type '() => typeof fn' is not assignable to type '() => number'.
-!!! error TS2322:   Type '() => typeof fn' is not assignable to type 'number'.
     
     var f: () => typeof g;
     var g: () => typeof f;
@@ -50,36 +29,24 @@
     
     var a: number = f3; // error
         ~
-!!! error TS2322: Type '() => I<typeof f3>' is not assignable to type 'number'.
+!!! error TS2322: Type '() => I<T>' is not assignable to type 'number'.
     
     class C {
          static g(t: typeof C.g){ }
     }
     C.g(3); // error
-        ~
-!!! error TS2345: Argument of type 'number' is not assignable to parameter of type '(t: typeof g) => void'.
     
     var f4: () => typeof f4;
     f4 = 3; // error
-    ~~
-!!! error TS2322: Type 'number' is not assignable to type '() => any'.
     
     function f5() { return f5; }
     
     function f6(): typeof f6;
     function f6(a: typeof f6): () => number;
-             ~~
-!!! error TS2394: This overload signature is not compatible with its implementation signature.
-!!! related TS2750 recursiveFunctionTypes.ts:31:10: The implementation signature is declared here.
     function f6(a?: any) { return f6; }
     
     f6("", 3); // error (arity mismatch)
-           ~
-!!! error TS2554: Expected 0-1 arguments, but got 2.
     f6(""); // ok (function takes an any param)
-       ~~
-!!! error TS2345: Argument of type 'string' is not assignable to parameter of type '{ (): typeof f6; (a: typeof f6): () => number; }'.
-!!! related TS2793 recursiveFunctionTypes.ts:31:10: The call would have succeeded against this implementation, but implementation signatures of overloads are not externally visible.
     f6(); // ok
     
     declare function f7(): typeof f7;
@@ -88,15 +55,5 @@
     declare function f7(a?: typeof f7): typeof f7;
     
     f7("", 3); // error (arity mismatch)
-           ~
-!!! error TS2554: Expected 0-1 arguments, but got 2.
     f7(""); // ok (function takes an any param)
-       ~~
-!!! error TS2769: No overload matches this call.
-!!! error TS2769:   Overload 1 of 4, '(a: { (): typeof f7; (a: typeof f7): () => number; (a: number): number; (a?: typeof f7 | undefined): typeof f7; }): () => number', gave the following error.
-!!! error TS2769:     Argument of type 'string' is not assignable to parameter of type '{ (): typeof f7; (a: typeof f7): () => number; (a: number): number; (a?: typeof f7 | undefined): typeof f7; }'.
-!!! error TS2769:   Overload 2 of 4, '(a: number): number', gave the following error.
-!!! error TS2769:     Argument of type 'string' is not assignable to parameter of type 'number'.
-!!! error TS2769:   Overload 3 of 4, '(a?: { (): typeof f7; (a: typeof f7): () => number; (a: number): number; (a?: typeof f7 | undefined): typeof f7; } | undefined): { (): typeof f7; (a: typeof f7): () => number; (a: number): number; (a?: typeof f7 | undefined): typeof f7; }', gave the following error.
-!!! error TS2769:     Argument of type 'string' is not assignable to parameter of type '{ (): typeof f7; (a: typeof f7): () => number; (a: number): number; (a?: typeof f7 | undefined): typeof f7; }'.
     f7(); // ok

</message>
<stacktrace>
  at org.junit.Assert.fail(Assert.java:89)
  at kotlin.test.junit.JUnitAsserter.fail(JUnitSupport.kt:56)
  at kotlin.test.AssertionsKt__AssertionsKt.fail(Assertions.kt:563)
  at kotlin.test.AssertionsKt.fail(Unknown Source)
  at com.xemantic.kotlin.test.SameAsKt.sameAs(SameAs.kt:52)
  at com.xemantic.typescript.compiler.TypeScriptTestSupportKt.errorsMatchBaseline(TypeScriptTestSupport.kt:135)
  at com.xemantic.typescript.compiler.TypeScriptCompilerTests_R.recursiveFunctionTypes_ts has expected errors matching recursiveFunctionTypes_errors_txt(TypeScriptCompilerTests_R.kt:819)
  at java.base/jdk.internal.reflect.DirectMethodHandleAccessor.invoke(DirectMethodHandleAccessor.java:104)
  at java.base/java.lang.reflect.Method.invoke(Method.java:565)
  at org.junit.runners.model.FrameworkMethod$1.runReflectiveCall(FrameworkMethod.java:59)
  at org.junit.internal.runners.model.ReflectiveCallable.run(ReflectiveCallable.java:12)
  at org.junit.runners.model.FrameworkMethod.invokeExplosively(FrameworkMethod.java:56)
  at org.junit.internal.runners.statements.InvokeMethod.evaluate(InvokeMethod.java:17)
  at org.junit.runners.ParentRunner$3.evaluate(ParentRunner.java:306)
  at org.junit.runners.BlockJUnit4ClassRunner$1.evaluate(BlockJUnit4ClassRunner.java:100)
  at org.junit.runners.ParentRunner.runLeaf(ParentRunner.java:366)
  at org.junit.runners.BlockJUnit4ClassRunner.runChild(BlockJUnit4ClassRunner.java:103)
  at org.junit.runners.BlockJUnit4ClassRunner.runChild(BlockJUnit4ClassRunner.java:63)
  at org.junit.runners.ParentRunner$4.run(ParentRunner.java:331)
  at org.junit.runners.ParentRunner$1.schedule(ParentRunner.java:79)
  at org.junit.runners.ParentRunner.runChildren(ParentRunner.java:329)
  at org.junit.runners.ParentRunner.access$100(ParentRunner.java:66)
  at org.junit.runners.ParentRunner$2.evaluate(ParentRunner.java:293)
  at org.junit.runners.ParentRunner$3.evaluate(ParentRunner.java:306)
  at org.junit.runners.ParentRunner.run(ParentRunner.java:413)
  at org.junit.runner.JUnitCore.run(JUnitCore.java:137)
  at org.junit.runner.JUnitCore.run(JUnitCore.java:115)
  at org.gradle.api.internal.tasks.testing.junit.JUnitTestExecutor.runRequest(JUnitTestExecutor.java:175)
  at org.gradle.api.internal.tasks.testing.junit.JUnitTestExecutor.accept(JUnitTestExecutor.java:84)
  at org.gradle.api.internal.tasks.testing.junit.JUnitTestExecutor.accept(JUnitTestExecutor.java:47)
  at org.gradle.api.internal.tasks.testing.junit.AbstractJUnitTestDefinitionProcessor.processTestDefinition(AbstractJUnitTestDefinitionProcessor.java:65)
  at org.gradle.api.internal.tasks.testing.SuiteTestDefinitionProcessor.processTestDefinition(SuiteTestDefinitionProcessor.java:54)
  at java.base/jdk.internal.reflect.DirectMethodHandleAccessor.invoke(DirectMethodHandleAccessor.java:104)
  at java.base/java.lang.reflect.Method.invoke(Method.java:565)
  at org.gradle.internal.dispatch.MethodInvocation.invokeOn(MethodInvocation.java:77)
  at org.gradle.internal.dispatch.ReflectionDispatch.dispatch(ReflectionDispatch.java:28)
  at org.gradle.internal.dispatch.ReflectionDispatch.dispatch(ReflectionDispatch.java:19)
  at org.gradle.internal.dispatch.ContextClassLoaderDispatch.dispatch(ContextClassLoaderDispatch.java:33)
  at org.gradle.internal.dispatch.ProxyDispatchAdapter$DispatchingInvocationHandler.invoke(ProxyDispatchAdapter.java:88)
  at jdk.proxy1/jdk.proxy1.$Proxy4.processTestDefinition(Unknown Source)
  at org.gradle.api.internal.tasks.testing.worker.TestWorker$2.run(TestWorker.java:178)
  at org.gradle.api.internal.tasks.testing.worker.TestWorker.executeAndMaintainThreadName(TestWorker.java:126)
  at org.gradle.api.internal.tasks.testing.worker.TestWorker.execute(TestWorker.java:103)
  at org.gradle.api.internal.tasks.testing.worker.TestWorker.execute(TestWorker.java:63)
  at org.gradle.process.internal.worker.child.ActionExecutionWorker.execute(ActionExecutionWorker.java:56)
  at org.gradle.process.internal.worker.child.SystemApplicationClassLoaderWorker.call(SystemApplicationClassLoaderWorker.java:122)
  at org.gradle.process.internal.worker.child.SystemApplicationClassLoaderWorker.call(SystemApplicationClassLoaderWorker.java:72)
  at worker.org.gradle.process.internal.worker.GradleWorkerMain.run(GradleWorkerMain.java:69)
  at worker.org.gradle.process.internal.worker.GradleWorkerMain.main(GradleWorkerMain.java:74)
</stacktrace>
</test-failure>


TypeScriptCompilerTests_R[jvm] > recursiveFunctionTypes_ts has expected errors matching recursiveFunctionTypes_errors_txt[jvm] FAILED

<test-failure test="com.xemantic.typescript.compiler.TypeScriptCompilerTests_R.reexportMissingDefault_ts has expected errors matching reexportMissingDefault_errors_txt" platform="jvm">
<message>
Expected diagnostics from baseline typescript-repo/tests/baselines/reference/reexportMissingDefault.errors.txt but none produced
</message>
<stacktrace>
  at com.xemantic.typescript.compiler.TypeScriptTestSupportKt.errorsMatchBaseline(TypeScriptTestSupport.kt:125)
  at com.xemantic.typescript.compiler.TypeScriptCompilerTests_R.reexportMissingDefault_ts has expected errors matching reexportMissingDefault_errors_txt(TypeScriptCompilerTests_R.kt:1309)
  at java.base/jdk.internal.reflect.DirectMethodHandleAccessor.invoke(DirectMethodHandleAccessor.java:104)
  at java.base/java.lang.reflect.Method.invoke(Method.java:565)
  at org.junit.runners.model.FrameworkMethod$1.runReflectiveCall(FrameworkMethod.java:59)
  at org.junit.internal.runners.model.ReflectiveCallable.run(ReflectiveCallable.java:12)
  at org.junit.runners.model.FrameworkMethod.invokeExplosively(FrameworkMethod.java:56)
  at org.junit.internal.runners.statements.InvokeMethod.evaluate(InvokeMethod.java:17)
  at org.junit.runners.ParentRunner$3.evaluate(ParentRunner.java:306)
  at org.junit.runners.BlockJUnit4ClassRunner$1.evaluate(BlockJUnit4ClassRunner.java:100)
  at org.junit.runners.ParentRunner.runLeaf(ParentRunner.java:366)
  at org.junit.runners.BlockJUnit4ClassRunner.runChild(BlockJUnit4ClassRunner.java:103)
  at org.junit.runners.BlockJUnit4ClassRunner.runChild(BlockJUnit4ClassRunner.java:63)
  at org.junit.runners.ParentRunner$4.run(ParentRunner.java:331)
  at org.junit.runners.ParentRunner$1.schedule(ParentRunner.java:79)
  at org.junit.runners.ParentRunner.runChildren(ParentRunner.java:329)
  at org.junit.runners.ParentRunner.access$100(ParentRunner.java:66)
  at org.junit.runners.ParentRunner$2.evaluate(ParentRunner.java:293)
  at org.junit.runners.ParentRunner$3.evaluate(ParentRunner.java:306)
  at org.junit.runners.ParentRunner.run(ParentRunner.java:413)
  at org.junit.runner.JUnitCore.run(JUnitCore.java:137)
  at org.junit.runner.JUnitCore.run(JUnitCore.java:115)
  at org.gradle.api.internal.tasks.testing.junit.JUnitTestExecutor.runRequest(JUnitTestExecutor.java:175)
  at org.gradle.api.internal.tasks.testing.junit.JUnitTestExecutor.accept(JUnitTestExecutor.java:84)
  at org.gradle.api.internal.tasks.testing.junit.JUnitTestExecutor.accept(JUnitTestExecutor.java:47)
  at org.gradle.api.internal.tasks.testing.junit.AbstractJUnitTestDefinitionProcessor.processTestDefinition(AbstractJUnitTestDefinitionProcessor.java:65)
  at org.gradle.api.internal.tasks.testing.SuiteTestDefinitionProcessor.processTestDefinition(SuiteTestDefinitionProcessor.java:54)
  at java.base/jdk.internal.reflect.DirectMethodHandleAccessor.invoke(DirectMethodHandleAccessor.java:104)
  at java.base/java.lang.reflect.Method.invoke(Method.java:565)
  at org.gradle.internal.dispatch.MethodInvocation.invokeOn(MethodInvocation.java:77)
  at org.gradle.internal.dispatch.ReflectionDispatch.dispatch(ReflectionDispatch.java:28)
  at org.gradle.internal.dispatch.ReflectionDispatch.dispatch(ReflectionDispatch.java:19)
  at org.gradle.internal.dispatch.ContextClassLoaderDispatch.dispatch(ContextClassLoaderDispatch.java:33)
  at org.gradle.internal.dispatch.ProxyDispatchAdapter$DispatchingInvocationHandler.invoke(ProxyDispatchAdapter.java:88)
  at jdk.proxy1/jdk.proxy1.$Proxy4.processTestDefinition(Unknown Source)
  at org.gradle.api.internal.tasks.testing.worker.TestWorker$2.run(TestWorker.java:178)
  at org.gradle.api.internal.tasks.testing.worker.TestWorker.executeAndMaintainThreadName(TestWorker.java:126)
  at org.gradle.api.internal.tasks.testing.worker.TestWorker.execute(TestWorker.java:103)
  at org.gradle.api.internal.tasks.testing.worker.TestWorker.execute(TestWorker.java:63)
  at org.gradle.process.internal.worker.child.ActionExecutionWorker.execute(ActionExecutionWorker.java:56)
  at org.gradle.process.internal.worker.child.SystemApplicationClassLoaderWorker.call(SystemApplicationClassLoaderWorker.java:122)
  at org.gradle.process.internal.worker.child.SystemApplicationClassLoaderWorker.call(SystemApplicationClassLoaderWorker.java:72)
  at worker.org.gradle.process.internal.worker.GradleWorkerMain.run(GradleWorkerMain.java:69)
  at worker.org.gradle.process.internal.worker.GradleWorkerMain.main(GradleWorkerMain.java:74)
</stacktrace>
</test-failure>


TypeScriptCompilerTests_R[jvm] > reexportMissingDefault_ts has expected errors matching reexportMissingDefault_errors_txt[jvm] FAILED

<test-failure test="com.xemantic.typescript.compiler.TypeScriptCompilerTests_R.returnInConstructor1_ts has expected errors matching returnInConstructor1_errors_txt" platform="jvm">
<message>
--- expected
+++ actual
@@ -1,18 +1,8 @@
-returnInConstructor1.ts(11,9): error TS2322: Type 'number' is not assignable to type 'B'.
-returnInConstructor1.ts(11,9): error TS2409: Return type of constructor signature must be assignable to the instance type of the class.
-returnInConstructor1.ts(25,9): error TS2322: Type 'string' is not assignable to type 'D'.
-returnInConstructor1.ts(25,9): error TS2409: Return type of constructor signature must be assignable to the instance type of the class.
 returnInConstructor1.ts(30,12): error TS2564: Property 'foo' has no initializer and is not definitely assigned in the constructor.
 returnInConstructor1.ts(37,12): error TS2564: Property 'foo' has no initializer and is not definitely assigned in the constructor.
-returnInConstructor1.ts(39,9): error TS2409: Return type of constructor signature must be assignable to the instance type of the class.
-returnInConstructor1.ts(39,18): error TS2322: Type 'number' is not assignable to type 'string'.
-returnInConstructor1.ts(55,9): error TS2322: Type 'G' is not assignable to type 'H'.
-  Types of property 'foo' are incompatible.
-    Type '() => void' is not assignable to type 'string'.
-returnInConstructor1.ts(55,9): error TS2409: Return type of constructor signature must be assignable to the instance type of the class.
 
 
-==== returnInConstructor1.ts (10 errors) ====
+==== returnInConstructor1.ts (2 errors) ====
     class A {
         foo() { }
         constructor() {
@@ -24,10 +14,6 @@
         foo() { }
         constructor() {
             return 1; // error
-            ~~~~~~
-!!! error TS2322: Type 'number' is not assignable to type 'B'.
-            ~~~~~~
-!!! error TS2409: Return type of constructor signature must be assignable to the instance type of the class.
         }
     }
     
@@ -42,10 +28,6 @@
         foo() { }
         constructor() {
             return "test"; // error
-            ~~~~~~
-!!! error TS2322: Type 'string' is not assignable to type 'D'.
-            ~~~~~~
-!!! error TS2409: Return type of constructor signature must be assignable to the instance type of the class.
         }
     }
     
@@ -64,11 +46,6 @@
 !!! error TS2564: Property 'foo' has no initializer and is not definitely assigned in the constructor.
         constructor() {
             return { foo: 1 }; //error
-            ~~~~~~
-!!! error TS2409: Return type of constructor signature must be assignable to the instance type of the class.
-                     ~~~
-!!! error TS2322: Type 'number' is not assignable to type 'string'.
-!!! related TS6500 returnInConstructor1.ts:37:12: The expected type comes from property 'foo' which is declared here on type 'F'
         }
     }
     
@@ -85,12 +62,6 @@
         constructor() {
             super();
             return new G(); //error
-            ~~~~~~
-!!! error TS2322: Type 'G' is not assignable to type 'H'.
-!!! error TS2322:   Types of property 'foo' are incompatible.
-!!! error TS2322:     Type '() => void' is not assignable to type 'string'.
-            ~~~~~~
-!!! error TS2409: Return type of constructor signature must be assignable to the instance type of the class.
         }
     }
     

</message>
<stacktrace>
  at org.junit.Assert.fail(Assert.java:89)
  at kotlin.test.junit.JUnitAsserter.fail(JUnitSupport.kt:56)
  at kotlin.test.AssertionsKt__AssertionsKt.fail(Assertions.kt:563)
  at kotlin.test.AssertionsKt.fail(Unknown Source)
  at com.xemantic.kotlin.test.SameAsKt.sameAs(SameAs.kt:52)
  at com.xemantic.typescript.compiler.TypeScriptTestSupportKt.errorsMatchBaseline(TypeScriptTestSupport.kt:135)
  at com.xemantic.typescript.compiler.TypeScriptCompilerTests_R.returnInConstructor1_ts has expected errors matching returnInConstructor1_errors_txt(TypeScriptCompilerTests_R.kt:2618)
  at java.base/jdk.internal.reflect.DirectMethodHandleAccessor.invoke(DirectMethodHandleAccessor.java:104)
  at java.base/java.lang.reflect.Method.invoke(Method.java:565)
  at org.junit.runners.model.FrameworkMethod$1.runReflectiveCall(FrameworkMethod.java:59)
  at org.junit.internal.runners.model.ReflectiveCallable.run(ReflectiveCallable.java:12)
  at org.junit.runners.model.FrameworkMethod.invokeExplosively(FrameworkMethod.java:56)
  at org.junit.internal.runners.statements.InvokeMethod.evaluate(InvokeMethod.java:17)
  at org.junit.runners.ParentRunner$3.evaluate(ParentRunner.java:306)
  at org.junit.runners.BlockJUnit4ClassRunner$1.evaluate(BlockJUnit4ClassRunner.java:100)
  at org.junit.runners.ParentRunner.runLeaf(ParentRunner.java:366)
  at org.junit.runners.BlockJUnit4ClassRunner.runChild(BlockJUnit4ClassRunner.java:103)
  at org.junit.runners.BlockJUnit4ClassRunner.runChild(BlockJUnit4ClassRunner.java:63)
  at org.junit.runners.ParentRunner$4.run(ParentRunner.java:331)
  at org.junit.runners.ParentRunner$1.schedule(ParentRunner.java:79)
  at org.junit.runners.ParentRunner.runChildren(ParentRunner.java:329)
  at org.junit.runners.ParentRunner.access$100(ParentRunner.java:66)
  at org.junit.runners.ParentRunner$2.evaluate(ParentRunner.java:293)
  at org.junit.runners.ParentRunner$3.evaluate(ParentRunner.java:306)
  at org.junit.runners.ParentRunner.run(ParentRunner.java:413)
  at org.junit.runner.JUnitCore.run(JUnitCore.java:137)
  at org.junit.runner.JUnitCore.run(JUnitCore.java:115)
  at org.gradle.api.internal.tasks.testing.junit.JUnitTestExecutor.runRequest(JUnitTestExecutor.java:175)
  at org.gradle.api.internal.tasks.testing.junit.JUnitTestExecutor.accept(JUnitTestExecutor.java:84)
  at org.gradle.api.internal.tasks.testing.junit.JUnitTestExecutor.accept(JUnitTestExecutor.java:47)
  at org.gradle.api.internal.tasks.testing.junit.AbstractJUnitTestDefinitionProcessor.processTestDefinition(AbstractJUnitTestDefinitionProcessor.java:65)
  at org.gradle.api.internal.tasks.testing.SuiteTestDefinitionProcessor.processTestDefinition(SuiteTestDefinitionProcessor.java:54)
  at java.base/jdk.internal.reflect.DirectMethodHandleAccessor.invoke(DirectMethodHandleAccessor.java:104)
  at java.base/java.lang.reflect.Method.invoke(Method.java:565)
  at org.gradle.internal.dispatch.MethodInvocation.invokeOn(MethodInvocation.java:77)
  at org.gradle.internal.dispatch.ReflectionDispatch.dispatch(ReflectionDispatch.java:28)
  at org.gradle.internal.dispatch.ReflectionDispatch.dispatch(ReflectionDispatch.java:19)
  at org.gradle.internal.dispatch.ContextClassLoaderDispatch.dispatch(ContextClassLoaderDispatch.java:33)
  at org.gradle.internal.dispatch.ProxyDispatchAdapter$DispatchingInvocationHandler.invoke(ProxyDispatchAdapter.java:88)
  at jdk.proxy1/jdk.proxy1.$Proxy4.processTestDefinition(Unknown Source)
  at org.gradle.api.internal.tasks.testing.worker.TestWorker$2.run(TestWorker.java:178)
  at org.gradle.api.internal.tasks.testing.worker.TestWorker.executeAndMaintainThreadName(TestWorker.java:126)
  at org.gradle.api.internal.tasks.testing.worker.TestWorker.execute(TestWorker.java:103)
  at org.gradle.api.internal.tasks.testing.worker.TestWorker.execute(TestWorker.java:63)
  at org.gradle.process.internal.worker.child.ActionExecutionWorker.execute(ActionExecutionWorker.java:56)
  at org.gradle.process.internal.worker.child.SystemApplicationClassLoaderWorker.call(SystemApplicationClassLoaderWorker.java:122)
  at org.gradle.process.internal.worker.child.SystemApplicationClassLoaderWorker.call(SystemApplicationClassLoaderWorker.java:72)
  at worker.org.gradle.process.internal.worker.GradleWorkerMain.run(GradleWorkerMain.java:69)
  at worker.org.gradle.process.internal.worker.GradleWorkerMain.main(GradleWorkerMain.java:74)
</stacktrace>
</test-failure>


TypeScriptCompilerTests_R[jvm] > returnInConstructor1_ts has expected errors matching returnInConstructor1_errors_txt[jvm] FAILED

<test-failure test="com.xemantic.typescript.compiler.TypeScriptCompilerTests_R.requiredMappedTypeModifierTrumpsVariance_ts has expected errors matching requiredMappedTypeModifierTrumpsVariance_errors_txt" platform="jvm">
<message>
Expected diagnostics from baseline typescript-repo/tests/baselines/reference/requiredMappedTypeModifierTrumpsVariance.errors.txt but none produced
</message>
<stacktrace>
  at com.xemantic.typescript.compiler.TypeScriptTestSupportKt.errorsMatchBaseline(TypeScriptTestSupport.kt:125)
  at com.xemantic.typescript.compiler.TypeScriptCompilerTests_R.requiredMappedTypeModifierTrumpsVariance_ts has expected errors matching requiredMappedTypeModifierTrumpsVariance_errors_txt(TypeScriptCompilerTests_R.kt:2212)
  at java.base/jdk.internal.reflect.DirectMethodHandleAccessor.invoke(DirectMethodHandleAccessor.java:104)
  at java.base/java.lang.reflect.Method.invoke(Method.java:565)
  at org.junit.runners.model.FrameworkMethod$1.runReflectiveCall(FrameworkMethod.java:59)
  at org.junit.internal.runners.model.ReflectiveCallable.run(ReflectiveCallable.java:12)
  at org.junit.runners.model.FrameworkMethod.invokeExplosively(FrameworkMethod.java:56)
  at org.junit.internal.runners.statements.InvokeMethod.evaluate(InvokeMethod.java:17)
  at org.junit.runners.ParentRunner$3.evaluate(ParentRunner.java:306)
  at org.junit.runners.BlockJUnit4ClassRunner$1.evaluate(BlockJUnit4ClassRunner.java:100)
  at org.junit.runners.ParentRunner.runLeaf(ParentRunner.java:366)
  at org.junit.runners.BlockJUnit4ClassRunner.runChild(BlockJUnit4ClassRunner.java:103)
  at org.junit.runners.BlockJUnit4ClassRunner.runChild(BlockJUnit4ClassRunner.java:63)
  at org.junit.runners.ParentRunner$4.run(ParentRunner.java:331)
  at org.junit.runners.ParentRunner$1.schedule(ParentRunner.java:79)
  at org.junit.runners.ParentRunner.runChildren(ParentRunner.java:329)
  at org.junit.runners.ParentRunner.access$100(ParentRunner.java:66)
  at org.junit.runners.ParentRunner$2.evaluate(ParentRunner.java:293)
  at org.junit.runners.ParentRunner$3.evaluate(ParentRunner.java:306)
  at org.junit.runners.ParentRunner.run(ParentRunner.java:413)
  at org.junit.runner.JUnitCore.run(JUnitCore.java:137)
  at org.junit.runner.JUnitCore.run(JUnitCore.java:115)
  at org.gradle.api.internal.tasks.testing.junit.JUnitTestExecutor.runRequest(JUnitTestExecutor.java:175)
  at org.gradle.api.internal.tasks.testing.junit.JUnitTestExecutor.accept(JUnitTestExecutor.java:84)
  at org.gradle.api.internal.tasks.testing.junit.JUnitTestExecutor.accept(JUnitTestExecutor.java:47)
  at org.gradle.api.internal.tasks.testing.junit.AbstractJUnitTestDefinitionProcessor.processTestDefinition(AbstractJUnitTestDefinitionProcessor.java:65)
  at org.gradle.api.internal.tasks.testing.SuiteTestDefinitionProcessor.processTestDefinition(SuiteTestDefinitionProcessor.java:54)
  at java.base/jdk.internal.reflect.DirectMethodHandleAccessor.invoke(DirectMethodHandleAccessor.java:104)
  at java.base/java.lang.reflect.Method.invoke(Method.java:565)
  at org.gradle.internal.dispatch.MethodInvocation.invokeOn(MethodInvocation.java:77)
  at org.gradle.internal.dispatch.ReflectionDispatch.dispatch(ReflectionDispatch.java:28)
  at org.gradle.internal.dispatch.ReflectionDispatch.dispatch(ReflectionDispatch.java:19)
  at org.gradle.internal.dispatch.ContextClassLoaderDispatch.dispatch(ContextClassLoaderDispatch.java:33)
  at org.gradle.internal.dispatch.ProxyDispatchAdapter$DispatchingInvocationHandler.invoke(ProxyDispatchAdapter.java:88)
  at jdk.proxy1/jdk.proxy1.$Proxy4.processTestDefinition(Unknown Source)
  at org.gradle.api.internal.tasks.testing.worker.TestWorker$2.run(TestWorker.java:178)
  at org.gradle.api.internal.tasks.testing.worker.TestWorker.executeAndMaintainThreadName(TestWorker.java:126)
  at org.gradle.api.internal.tasks.testing.worker.TestWorker.execute(TestWorker.java:103)
  at org.gradle.api.internal.tasks.testing.worker.TestWorker.execute(TestWorker.java:63)
  at org.gradle.process.internal.worker.child.ActionExecutionWorker.execute(ActionExecutionWorker.java:56)
  at org.gradle.process.internal.worker.child.SystemApplicationClassLoaderWorker.call(SystemApplicationClassLoaderWorker.java:122)
  at org.gradle.process.internal.worker.child.SystemApplicationClassLoaderWorker.call(SystemApplicationClassLoaderWorker.java:72)
  at worker.org.gradle.process.internal.worker.GradleWorkerMain.run(GradleWorkerMain.java:69)
  at worker.org.gradle.process.internal.worker.GradleWorkerMain.main(GradleWorkerMain.java:74)
</stacktrace>
</test-failure>


TypeScriptCompilerTests_R[jvm] > requiredMappedTypeModifierTrumpsVariance_ts has expected errors matching requiredMappedTypeModifierTrumpsVariance_errors_txt[jvm] FAILED

<test-failure test="com.xemantic.typescript.compiler.TypeScriptCompilerTests_R.redefineArray_ts has expected errors matching redefineArray_errors_txt" platform="jvm">
<message>
Expected diagnostics from baseline typescript-repo/tests/baselines/reference/redefineArray.errors.txt but none produced
</message>
<stacktrace>
  at com.xemantic.typescript.compiler.TypeScriptTestSupportKt.errorsMatchBaseline(TypeScriptTestSupport.kt:125)
  at com.xemantic.typescript.compiler.TypeScriptCompilerTests_R.redefineArray_ts has expected errors matching redefineArray_errors_txt(TypeScriptCompilerTests_R.kt:1288)
  at java.base/jdk.internal.reflect.DirectMethodHandleAccessor.invoke(DirectMethodHandleAccessor.java:104)
  at java.base/java.lang.reflect.Method.invoke(Method.java:565)
  at org.junit.runners.model.FrameworkMethod$1.runReflectiveCall(FrameworkMethod.java:59)
  at org.junit.internal.runners.model.ReflectiveCallable.run(ReflectiveCallable.java:12)
  at org.junit.runners.model.FrameworkMethod.invokeExplosively(FrameworkMethod.java:56)
  at org.junit.internal.runners.statements.InvokeMethod.evaluate(InvokeMethod.java:17)
  at org.junit.runners.ParentRunner$3.evaluate(ParentRunner.java:306)
  at org.junit.runners.BlockJUnit4ClassRunner$1.evaluate(BlockJUnit4ClassRunner.java:100)
  at org.junit.runners.ParentRunner.runLeaf(ParentRunner.java:366)
  at org.junit.runners.BlockJUnit4ClassRunner.runChild(BlockJUnit4ClassRunner.java:103)
  at org.junit.runners.BlockJUnit4ClassRunner.runChild(BlockJUnit4ClassRunner.java:63)
  at org.junit.runners.ParentRunner$4.run(ParentRunner.java:331)
  at org.junit.runners.ParentRunner$1.schedule(ParentRunner.java:79)
  at org.junit.runners.ParentRunner.runChildren(ParentRunner.java:329)
  at org.junit.runners.ParentRunner.access$100(ParentRunner.java:66)
  at org.junit.runners.ParentRunner$2.evaluate(ParentRunner.java:293)
  at org.junit.runners.ParentRunner$3.evaluate(ParentRunner.java:306)
  at org.junit.runners.ParentRunner.run(ParentRunner.java:413)
  at org.junit.runner.JUnitCore.run(JUnitCore.java:137)
  at org.junit.runner.JUnitCore.run(JUnitCore.java:115)
  at org.gradle.api.internal.tasks.testing.junit.JUnitTestExecutor.runRequest(JUnitTestExecutor.java:175)
  at org.gradle.api.internal.tasks.testing.junit.JUnitTestExecutor.accept(JUnitTestExecutor.java:84)
  at org.gradle.api.internal.tasks.testing.junit.JUnitTestExecutor.accept(JUnitTestExecutor.java:47)
  at org.gradle.api.internal.tasks.testing.junit.AbstractJUnitTestDefinitionProcessor.processTestDefinition(AbstractJUnitTestDefinitionProcessor.java:65)
  at org.gradle.api.internal.tasks.testing.SuiteTestDefinitionProcessor.processTestDefinition(SuiteTestDefinitionProcessor.java:54)
  at java.base/jdk.internal.reflect.DirectMethodHandleAccessor.invoke(DirectMethodHandleAccessor.java:104)
  at java.base/java.lang.reflect.Method.invoke(Method.java:565)
  at org.gradle.internal.dispatch.MethodInvocation.invokeOn(MethodInvocation.java:77)
  at org.gradle.internal.dispatch.ReflectionDispatch.dispatch(ReflectionDispatch.java:28)
  at org.gradle.internal.dispatch.ReflectionDispatch.dispatch(ReflectionDispatch.java:19)
  at org.gradle.internal.dispatch.ContextClassLoaderDispatch.dispatch(ContextClassLoaderDispatch.java:33)
  at org.gradle.internal.dispatch.ProxyDispatchAdapter$DispatchingInvocationHandler.invoke(ProxyDispatchAdapter.java:88)
  at jdk.proxy1/jdk.proxy1.$Proxy4.processTestDefinition(Unknown Source)
  at org.gradle.api.internal.tasks.testing.worker.TestWorker$2.run(TestWorker.java:178)
  at org.gradle.api.internal.tasks.testing.worker.TestWorker.executeAndMaintainThreadName(TestWorker.java:126)
  at org.gradle.api.internal.tasks.testing.worker.TestWorker.execute(TestWorker.java:103)
  at org.gradle.api.internal.tasks.testing.worker.TestWorker.execute(TestWorker.java:63)
  at org.gradle.process.internal.worker.child.ActionExecutionWorker.execute(ActionExecutionWorker.java:56)
  at org.gradle.process.internal.worker.child.SystemApplicationClassLoaderWorker.call(SystemApplicationClassLoaderWorker.java:122)
  at org.gradle.process.internal.worker.child.SystemApplicationClassLoaderWorker.call(SystemApplicationClassLoaderWorker.java:72)
  at worker.org.gradle.process.internal.worker.GradleWorkerMain.run(GradleWorkerMain.java:69)
  at worker.org.gradle.process.internal.worker.GradleWorkerMain.main(GradleWorkerMain.java:74)
</stacktrace>
</test-failure>


TypeScriptCompilerTests_R[jvm] > redefineArray_ts has expected errors matching redefineArray_errors_txt[jvm] FAILED

<test-failure test="com.xemantic.typescript.compiler.TypeScriptCompilerTests_R.requireOfJsonFileWithEmptyObjectWithErrors_ts has expected errors matching requireOfJsonFileWithEmptyObjectWithErrors_errors_txt" platform="jvm">
<message>
Expected diagnostics from baseline typescript-repo/tests/baselines/reference/requireOfJsonFileWithEmptyObjectWithErrors.errors.txt but none produced
</message>
<stacktrace>
  at com.xemantic.typescript.compiler.TypeScriptTestSupportKt.errorsMatchBaseline(TypeScriptTestSupport.kt:125)
  at com.xemantic.typescript.compiler.TypeScriptCompilerTests_R.requireOfJsonFileWithEmptyObjectWithErrors_ts has expected errors matching requireOfJsonFileWithEmptyObjectWithErrors_errors_txt(TypeScriptCompilerTests_R.kt:1904)
  at java.base/jdk.internal.reflect.DirectMethodHandleAccessor.invoke(DirectMethodHandleAccessor.java:104)
  at java.base/java.lang.reflect.Method.invoke(Method.java:565)
  at org.junit.runners.model.FrameworkMethod$1.runReflectiveCall(FrameworkMethod.java:59)
  at org.junit.internal.runners.model.ReflectiveCallable.run(ReflectiveCallable.java:12)
  at org.junit.runners.model.FrameworkMethod.invokeExplosively(FrameworkMethod.java:56)
  at org.junit.internal.runners.statements.InvokeMethod.evaluate(InvokeMethod.java:17)
  at org.junit.runners.ParentRunner$3.evaluate(ParentRunner.java:306)
  at org.junit.runners.BlockJUnit4ClassRunner$1.evaluate(BlockJUnit4ClassRunner.java:100)
  at org.junit.runners.ParentRunner.runLeaf(ParentRunner.java:366)
  at org.junit.runners.BlockJUnit4ClassRunner.runChild(BlockJUnit4ClassRunner.java:103)
  at org.junit.runners.BlockJUnit4ClassRunner.runChild(BlockJUnit4ClassRunner.java:63)
  at org.junit.runners.ParentRunner$4.run(ParentRunner.java:331)
  at org.junit.runners.ParentRunner$1.schedule(ParentRunner.java:79)
  at org.junit.runners.ParentRunner.runChildren(ParentRunner.java:329)
  at org.junit.runners.ParentRunner.access$100(ParentRunner.java:66)
  at org.junit.runners.ParentRunner$2.evaluate(ParentRunner.java:293)
  at org.junit.runners.ParentRunner$3.evaluate(ParentRunner.java:306)
  at org.junit.runners.ParentRunner.run(ParentRunner.java:413)
  at org.junit.runner.JUnitCore.run(JUnitCore.java:137)
  at org.junit.runner.JUnitCore.run(JUnitCore.java:115)
  at org.gradle.api.internal.tasks.testing.junit.JUnitTestExecutor.runRequest(JUnitTestExecutor.java:175)
  at org.gradle.api.internal.tasks.testing.junit.JUnitTestExecutor.accept(JUnitTestExecutor.java:84)
  at org.gradle.api.internal.tasks.testing.junit.JUnitTestExecutor.accept(JUnitTestExecutor.java:47)
  at org.gradle.api.internal.tasks.testing.junit.AbstractJUnitTestDefinitionProcessor.processTestDefinition(AbstractJUnitTestDefinitionProcessor.java:65)
  at org.gradle.api.internal.tasks.testing.SuiteTestDefinitionProcessor.processTestDefinition(SuiteTestDefinitionProcessor.java:54)
  at java.base/jdk.internal.reflect.DirectMethodHandleAccessor.invoke(DirectMethodHandleAccessor.java:104)
  at java.base/java.lang.reflect.Method.invoke(Method.java:565)
  at org.gradle.internal.dispatch.MethodInvocation.invokeOn(MethodInvocation.java:77)
  at org.gradle.internal.dispatch.ReflectionDispatch.dispatch(ReflectionDispatch.java:28)
  at org.gradle.internal.dispatch.ReflectionDispatch.dispatch(ReflectionDispatch.java:19)
  at org.gradle.internal.dispatch.ContextClassLoaderDispatch.dispatch(ContextClassLoaderDispatch.java:33)
  at org.gradle.internal.dispatch.ProxyDispatchAdapter$DispatchingInvocationHandler.invoke(ProxyDispatchAdapter.java:88)
  at jdk.proxy1/jdk.proxy1.$Proxy4.processTestDefinition(Unknown Source)
  at org.gradle.api.internal.tasks.testing.worker.TestWorker$2.run(TestWorker.java:178)
  at org.gradle.api.internal.tasks.testing.worker.TestWorker.executeAndMaintainThreadName(TestWorker.java:126)
  at org.gradle.api.internal.tasks.testing.worker.TestWorker.execute(TestWorker.java:103)
  at org.gradle.api.internal.tasks.testing.worker.TestWorker.execute(TestWorker.java:63)
  at org.gradle.process.internal.worker.child.ActionExecutionWorker.execute(ActionExecutionWorker.java:56)
  at org.gradle.process.internal.worker.child.SystemApplicationClassLoaderWorker.call(SystemApplicationClassLoaderWorker.java:122)
  at org.gradle.process.internal.worker.child.SystemApplicationClassLoaderWorker.call(SystemApplicationClassLoaderWorker.java:72)
  at worker.org.gradle.process.internal.worker.GradleWorkerMain.run(GradleWorkerMain.java:69)
  at worker.org.gradle.process.internal.worker.GradleWorkerMain.main(GradleWorkerMain.java:74)
</stacktrace>
</test-failure>


TypeScriptCompilerTests_R[jvm] > requireOfJsonFileWithEmptyObjectWithErrors_ts has expected errors matching requireOfJsonFileWithEmptyObjectWithErrors_errors_txt[jvm] FAILED

<test-failure test="com.xemantic.typescript.compiler.TypeScriptCompilerTests_R.relationComplexityError_ts has expected errors matching relationComplexityError_errors_txt" platform="jvm">
<message>
Expected diagnostics from baseline typescript-repo/tests/baselines/reference/relationComplexityError.errors.txt but none produced
</message>
<stacktrace>
  at com.xemantic.typescript.compiler.TypeScriptTestSupportKt.errorsMatchBaseline(TypeScriptTestSupport.kt:125)
  at com.xemantic.typescript.compiler.TypeScriptCompilerTests_R.relationComplexityError_ts has expected errors matching relationComplexityError_errors_txt(TypeScriptCompilerTests_R.kt:1687)
  at java.base/jdk.internal.reflect.DirectMethodHandleAccessor.invoke(DirectMethodHandleAccessor.java:104)
  at java.base/java.lang.reflect.Method.invoke(Method.java:565)
  at org.junit.runners.model.FrameworkMethod$1.runReflectiveCall(FrameworkMethod.java:59)
  at org.junit.internal.runners.model.ReflectiveCallable.run(ReflectiveCallable.java:12)
  at org.junit.runners.model.FrameworkMethod.invokeExplosively(FrameworkMethod.java:56)
  at org.junit.internal.runners.statements.InvokeMethod.evaluate(InvokeMethod.java:17)
  at org.junit.runners.ParentRunner$3.evaluate(ParentRunner.java:306)
  at org.junit.runners.BlockJUnit4ClassRunner$1.evaluate(BlockJUnit4ClassRunner.java:100)
  at org.junit.runners.ParentRunner.runLeaf(ParentRunner.java:366)
  at org.junit.runners.BlockJUnit4ClassRunner.runChild(BlockJUnit4ClassRunner.java:103)
  at org.junit.runners.BlockJUnit4ClassRunner.runChild(BlockJUnit4ClassRunner.java:63)
  at org.junit.runners.ParentRunner$4.run(ParentRunner.java:331)
  at org.junit.runners.ParentRunner$1.schedule(ParentRunner.java:79)
  at org.junit.runners.ParentRunner.runChildren(ParentRunner.java:329)
  at org.junit.runners.ParentRunner.access$100(ParentRunner.java:66)
  at org.junit.runners.ParentRunner$2.evaluate(ParentRunner.java:293)
  at org.junit.runners.ParentRunner$3.evaluate(ParentRunner.java:306)
  at org.junit.runners.ParentRunner.run(ParentRunner.java:413)
  at org.junit.runner.JUnitCore.run(JUnitCore.java:137)
  at org.junit.runner.JUnitCore.run(JUnitCore.java:115)
  at org.gradle.api.internal.tasks.testing.junit.JUnitTestExecutor.runRequest(JUnitTestExecutor.java:175)
  at org.gradle.api.internal.tasks.testing.junit.JUnitTestExecutor.accept(JUnitTestExecutor.java:84)
  at org.gradle.api.internal.tasks.testing.junit.JUnitTestExecutor.accept(JUnitTestExecutor.java:47)
  at org.gradle.api.internal.tasks.testing.junit.AbstractJUnitTestDefinitionProcessor.processTestDefinition(AbstractJUnitTestDefinitionProcessor.java:65)
  at org.gradle.api.internal.tasks.testing.SuiteTestDefinitionProcessor.processTestDefinition(SuiteTestDefinitionProcessor.java:54)
  at java.base/jdk.internal.reflect.DirectMethodHandleAccessor.invoke(DirectMethodHandleAccessor.java:104)
  at java.base/java.lang.reflect.Method.invoke(Method.java:565)
  at org.gradle.internal.dispatch.MethodInvocation.invokeOn(MethodInvocation.java:77)
  at org.gradle.internal.dispatch.ReflectionDispatch.dispatch(ReflectionDispatch.java:28)
  at org.gradle.internal.dispatch.ReflectionDispatch.dispatch(ReflectionDispatch.java:19)
  at org.gradle.internal.dispatch.ContextClassLoaderDispatch.dispatch(ContextClassLoaderDispatch.java:33)
  at org.gradle.internal.dispatch.ProxyDispatchAdapter$DispatchingInvocationHandler.invoke(ProxyDispatchAdapter.java:88)
  at jdk.proxy1/jdk.proxy1.$Proxy4.processTestDefinition(Unknown Source)
  at org.gradle.api.internal.tasks.testing.worker.TestWorker$2.run(TestWorker.java:178)
  at org.gradle.api.internal.tasks.testing.worker.TestWorker.executeAndMaintainThreadName(TestWorker.java:126)
  at org.gradle.api.internal.tasks.testing.worker.TestWorker.execute(TestWorker.java:103)
  at org.gradle.api.internal.tasks.testing.worker.TestWorker.execute(TestWorker.java:63)
  at org.gradle.process.internal.worker.child.ActionExecutionWorker.execute(ActionExecutionWorker.java:56)
  at org.gradle.process.internal.worker.child.SystemApplicationClassLoaderWorker.call(SystemApplicationClassLoaderWorker.java:122)
  at org.gradle.process.internal.worker.child.SystemApplicationClassLoaderWorker.call(SystemApplicationClassLoaderWorker.java:72)
  at worker.org.gradle.process.internal.worker.GradleWorkerMain.run(GradleWorkerMain.java:69)
  at worker.org.gradle.process.internal.worker.GradleWorkerMain.main(GradleWorkerMain.java:74)
</stacktrace>
</test-failure>


TypeScriptCompilerTests_R[jvm] > relationComplexityError_ts has expected errors matching relationComplexityError_errors_txt[jvm] FAILED

<test-failure test="com.xemantic.typescript.compiler.TypeScriptCompilerTests_R.regularExpressionGroupNameSuggestions_ts has expected errors matching regularExpressionGroupNameSuggestions_errors_txt" platform="jvm">
<message>
Expected diagnostics from baseline typescript-repo/tests/baselines/reference/regularExpressionGroupNameSuggestions.errors.txt but none produced
</message>
<stacktrace>
  at com.xemantic.typescript.compiler.TypeScriptTestSupportKt.errorsMatchBaseline(TypeScriptTestSupport.kt:125)
  at com.xemantic.typescript.compiler.TypeScriptCompilerTests_R.regularExpressionGroupNameSuggestions_ts has expected errors matching regularExpressionGroupNameSuggestions_errors_txt(TypeScriptCompilerTests_R.kt:1596)
  at java.base/jdk.internal.reflect.DirectMethodHandleAccessor.invoke(DirectMethodHandleAccessor.java:104)
  at java.base/java.lang.reflect.Method.invoke(Method.java:565)
  at org.junit.runners.model.FrameworkMethod$1.runReflectiveCall(FrameworkMethod.java:59)
  at org.junit.internal.runners.model.ReflectiveCallable.run(ReflectiveCallable.java:12)
  at org.junit.runners.model.FrameworkMethod.invokeExplosively(FrameworkMethod.java:56)
  at org.junit.internal.runners.statements.InvokeMethod.evaluate(InvokeMethod.java:17)
  at org.junit.runners.ParentRunner$3.evaluate(ParentRunner.java:306)
  at org.junit.runners.BlockJUnit4ClassRunner$1.evaluate(BlockJUnit4ClassRunner.java:100)
  at org.junit.runners.ParentRunner.runLeaf(ParentRunner.java:366)
  at org.junit.runners.BlockJUnit4ClassRunner.runChild(BlockJUnit4ClassRunner.java:103)
  at org.junit.runners.BlockJUnit4ClassRunner.runChild(BlockJUnit4ClassRunner.java:63)
  at org.junit.runners.ParentRunner$4.run(ParentRunner.java:331)
  at org.junit.runners.ParentRunner$1.schedule(ParentRunner.java:79)
  at org.junit.runners.ParentRunner.runChildren(ParentRunner.java:329)
  at org.junit.runners.ParentRunner.access$100(ParentRunner.java:66)
  at org.junit.runners.ParentRunner$2.evaluate(ParentRunner.java:293)
  at org.junit.runners.ParentRunner$3.evaluate(ParentRunner.java:306)
  at org.junit.runners.ParentRunner.run(ParentRunner.java:413)
  at org.junit.runner.JUnitCore.run(JUnitCore.java:137)
  at org.junit.runner.JUnitCore.run(JUnitCore.java:115)
  at org.gradle.api.internal.tasks.testing.junit.JUnitTestExecutor.runRequest(JUnitTestExecutor.java:175)
  at org.gradle.api.internal.tasks.testing.junit.JUnitTestExecutor.accept(JUnitTestExecutor.java:84)
  at org.gradle.api.internal.tasks.testing.junit.JUnitTestExecutor.accept(JUnitTestExecutor.java:47)
  at org.gradle.api.internal.tasks.testing.junit.AbstractJUnitTestDefinitionProcessor.processTestDefinition(AbstractJUnitTestDefinitionProcessor.java:65)
  at org.gradle.api.internal.tasks.testing.SuiteTestDefinitionProcessor.processTestDefinition(SuiteTestDefinitionProcessor.java:54)
  at java.base/jdk.internal.reflect.DirectMethodHandleAccessor.invoke(DirectMethodHandleAccessor.java:104)
  at java.base/java.lang.reflect.Method.invoke(Method.java:565)
  at org.gradle.internal.dispatch.MethodInvocation.invokeOn(MethodInvocation.java:77)
  at org.gradle.internal.dispatch.ReflectionDispatch.dispatch(ReflectionDispatch.java:28)
  at org.gradle.internal.dispatch.ReflectionDispatch.dispatch(ReflectionDispatch.java:19)
  at org.gradle.internal.dispatch.ContextClassLoaderDispatch.dispatch(ContextClassLoaderDispatch.java:33)
  at org.gradle.internal.dispatch.ProxyDispatchAdapter$DispatchingInvocationHandler.invoke(ProxyDispatchAdapter.java:88)
  at jdk.proxy1/jdk.proxy1.$Proxy4.processTestDefinition(Unknown Source)
  at org.gradle.api.internal.tasks.testing.worker.TestWorker$2.run(TestWorker.java:178)
  at org.gradle.api.internal.tasks.testing.worker.TestWorker.executeAndMaintainThreadName(TestWorker.java:126)
  at org.gradle.api.internal.tasks.testing.worker.TestWorker.execute(TestWorker.java:103)
  at org.gradle.api.internal.tasks.testing.worker.TestWorker.execute(TestWorker.java:63)
  at org.gradle.process.internal.worker.child.ActionExecutionWorker.execute(ActionExecutionWorker.java:56)
  at org.gradle.process.internal.worker.child.SystemApplicationClassLoaderWorker.call(SystemApplicationClassLoaderWorker.java:122)
  at org.gradle.process.internal.worker.child.SystemApplicationClassLoaderWorker.call(SystemApplicationClassLoaderWorker.java:72)
  at worker.org.gradle.process.internal.worker.GradleWorkerMain.run(GradleWorkerMain.java:69)
  at worker.org.gradle.process.internal.worker.GradleWorkerMain.main(GradleWorkerMain.java:74)
</stacktrace>
</test-failure>


TypeScriptCompilerTests_R[jvm] > regularExpressionGroupNameSuggestions_ts has expected errors matching regularExpressionGroupNameSuggestions_errors_txt[jvm] FAILED

<test-failure test="com.xemantic.typescript.compiler.TypeScriptCompilerTests_R.recursiveClassReferenceTest_ts has expected errors matching recursiveClassReferenceTest_errors_txt" platform="jvm">
<message>
--- expected
+++ actual
@@ -1,11 +1,8 @@
-recursiveClassReferenceTest.ts(16,19): error TS2304: Cannot find name 'Element'.
 recursiveClassReferenceTest.ts(56,11): error TS2663: Cannot find name 'domNode'. Did you mean the instance member 'this.domNode'?
 recursiveClassReferenceTest.ts(88,36): error TS2663: Cannot find name 'mode'. Did you mean the instance member 'this.mode'?
-recursiveClassReferenceTest.ts(95,21): error TS2345: Argument of type 'Window' is not assignable to parameter of type 'IMode'.
-  Property 'getInitialState' is missing in type 'Window' but required in type 'IMode'.
 
 
-==== recursiveClassReferenceTest.ts (4 errors) ====
+==== recursiveClassReferenceTest.ts (2 errors) ====
     // Scenario 1: Test reqursive function call with "this" parameter
     // Scenario 2: Test recursive function call with cast and "this" parameter
     
@@ -22,8 +19,6 @@
     	export interface ICodeThing {
       
       		getDomNode(): Element;
-      		              ~~~~~~~
-!!! error TS2304: Cannot find name 'Element'.
     		
     		addWidget(widgetId:string, widget:IWidget);
     
@@ -107,10 +102,6 @@
     		// scenario 2
     		public getInitialState(): IState {
     			return new State(self);
-    			                 ~~~~
-!!! error TS2345: Argument of type 'Window' is not assignable to parameter of type 'IMode'.
-!!! error TS2345:   Property 'getInitialState' is missing in type 'Window' but required in type 'IMode'.
-!!! related TS2728 recursiveClassReferenceTest.ts:66:19: 'getInitialState' is declared here.
     		}
     
     

</message>
<stacktrace>
  at org.junit.Assert.fail(Assert.java:89)
  at kotlin.test.junit.JUnitAsserter.fail(JUnitSupport.kt:56)
  at kotlin.test.AssertionsKt__AssertionsKt.fail(Assertions.kt:563)
  at kotlin.test.AssertionsKt.fail(Unknown Source)
  at com.xemantic.kotlin.test.SameAsKt.sameAs(SameAs.kt:52)
  at com.xemantic.typescript.compiler.TypeScriptTestSupportKt.errorsMatchBaseline(TypeScriptTestSupport.kt:135)
  at com.xemantic.typescript.compiler.TypeScriptCompilerTests_R.recursiveClassReferenceTest_ts has expected errors matching recursiveClassReferenceTest_errors_txt(TypeScriptCompilerTests_R.kt:630)
  at java.base/jdk.internal.reflect.DirectMethodHandleAccessor.invoke(DirectMethodHandleAccessor.java:104)
  at java.base/java.lang.reflect.Method.invoke(Method.java:565)
  at org.junit.runners.model.FrameworkMethod$1.runReflectiveCall(FrameworkMethod.java:59)
  at org.junit.internal.runners.model.ReflectiveCallable.run(ReflectiveCallable.java:12)
  at org.junit.runners.model.FrameworkMethod.invokeExplosively(FrameworkMethod.java:56)
  at org.junit.internal.runners.statements.InvokeMethod.evaluate(InvokeMethod.java:17)
  at org.junit.runners.ParentRunner$3.evaluate(ParentRunner.java:306)
  at org.junit.runners.BlockJUnit4ClassRunner$1.evaluate(BlockJUnit4ClassRunner.java:100)
  at org.junit.runners.ParentRunner.runLeaf(ParentRunner.java:366)
  at org.junit.runners.BlockJUnit4ClassRunner.runChild(BlockJUnit4ClassRunner.java:103)
  at org.junit.runners.BlockJUnit4ClassRunner.runChild(BlockJUnit4ClassRunner.java:63)
  at org.junit.runners.ParentRunner$4.run(ParentRunner.java:331)
  at org.junit.runners.ParentRunner$1.schedule(ParentRunner.java:79)
  at org.junit.runners.ParentRunner.runChildren(ParentRunner.java:329)
  at org.junit.runners.ParentRunner.access$100(ParentRunner.java:66)
  at org.junit.runners.ParentRunner$2.evaluate(ParentRunner.java:293)
  at org.junit.runners.ParentRunner$3.evaluate(ParentRunner.java:306)
  at org.junit.runners.ParentRunner.run(ParentRunner.java:413)
  at org.junit.runner.JUnitCore.run(JUnitCore.java:137)
  at org.junit.runner.JUnitCore.run(JUnitCore.java:115)
  at org.gradle.api.internal.tasks.testing.junit.JUnitTestExecutor.runRequest(JUnitTestExecutor.java:175)
  at org.gradle.api.internal.tasks.testing.junit.JUnitTestExecutor.accept(JUnitTestExecutor.java:84)
  at org.gradle.api.internal.tasks.testing.junit.JUnitTestExecutor.accept(JUnitTestExecutor.java:47)
  at org.gradle.api.internal.tasks.testing.junit.AbstractJUnitTestDefinitionProcessor.processTestDefinition(AbstractJUnitTestDefinitionProcessor.java:65)
  at org.gradle.api.internal.tasks.testing.SuiteTestDefinitionProcessor.processTestDefinition(SuiteTestDefinitionProcessor.java:54)
  at java.base/jdk.internal.reflect.DirectMethodHandleAccessor.invoke(DirectMethodHandleAccessor.java:104)
  at java.base/java.lang.reflect.Method.invoke(Method.java:565)
  at org.gradle.internal.dispatch.MethodInvocation.invokeOn(MethodInvocation.java:77)
  at org.gradle.internal.dispatch.ReflectionDispatch.dispatch(ReflectionDispatch.java:28)
  at org.gradle.internal.dispatch.ReflectionDispatch.dispatch(ReflectionDispatch.java:19)
  at org.gradle.internal.dispatch.ContextClassLoaderDispatch.dispatch(ContextClassLoaderDispatch.java:33)
  at org.gradle.internal.dispatch.ProxyDispatchAdapter$DispatchingInvocationHandler.invoke(ProxyDispatchAdapter.java:88)
  at jdk.proxy1/jdk.proxy1.$Proxy4.processTestDefinition(Unknown Source)
  at org.gradle.api.internal.tasks.testing.worker.TestWorker$2.run(TestWorker.java:178)
  at org.gradle.api.internal.tasks.testing.worker.TestWorker.executeAndMaintainThreadName(TestWorker.java:126)
  at org.gradle.api.internal.tasks.testing.worker.TestWorker.execute(TestWorker.java:103)
  at org.gradle.api.internal.tasks.testing.worker.TestWorker.execute(TestWorker.java:63)
  at org.gradle.process.internal.worker.child.ActionExecutionWorker.execute(ActionExecutionWorker.java:56)
  at org.gradle.process.internal.worker.child.SystemApplicationClassLoaderWorker.call(SystemApplicationClassLoaderWorker.java:122)
  at org.gradle.process.internal.worker.child.SystemApplicationClassLoaderWorker.call(SystemApplicationClassLoaderWorker.java:72)
  at worker.org.gradle.process.internal.worker.GradleWorkerMain.run(GradleWorkerMain.java:69)
  at worker.org.gradle.process.internal.worker.GradleWorkerMain.main(GradleWorkerMain.java:74)
</stacktrace>
</test-failure>


TypeScriptCompilerTests_R[jvm] > recursiveClassReferenceTest_ts has expected errors matching recursiveClassReferenceTest_errors_txt[jvm] FAILED

<test-failure test="com.xemantic.typescript.compiler.TypeScriptCompilerTests_R.recursiveBaseCheck_ts has expected errors matching recursiveBaseCheck_errors_txt" platform="jvm">
<message>
--- expected
+++ actual
@@ -1,31 +1,20 @@
-recursiveBaseCheck.ts(2,11): error TS2506: 'C' is referenced directly or indirectly in its own base expression.
-recursiveBaseCheck.ts(4,18): error TS2506: 'B' is referenced directly or indirectly in its own base expression.
-recursiveBaseCheck.ts(6,18): error TS2506: 'A' is referenced directly or indirectly in its own base expression.
-recursiveBaseCheck.ts(8,18): error TS2506: 'AmChart' is referenced directly or indirectly in its own base expression.
-recursiveBaseCheck.ts(10,18): error TS2506: 'D' is referenced directly or indirectly in its own base expression.
+recursiveBaseCheck.ts(2,21): error TS2449: Class 'D' used before its declaration.
 
 
-==== recursiveBaseCheck.ts (5 errors) ====
+==== recursiveBaseCheck.ts (1 errors) ====
     declare namespace Module {
         class C extends D {
-              ~
-!!! error TS2506: 'C' is referenced directly or indirectly in its own base expression.
+                        ~
+!!! error TS2449: Class 'D' used before its declaration.
+!!! related TS2728 recursiveBaseCheck.ts:10:18: 'D' is declared here.
         }
         export class B extends Module.C {
-                     ~
-!!! error TS2506: 'B' is referenced directly or indirectly in its own base expression.
         }
         export class A extends Module.B {
-                     ~
-!!! error TS2506: 'A' is referenced directly or indirectly in its own base expression.
         }
         export class AmChart extends Module.A {
-                     ~~~~~~~
-!!! error TS2506: 'AmChart' is referenced directly or indirectly in its own base expression.
         }
         export class D extends AmChart {
-                     ~
-!!! error TS2506: 'D' is referenced directly or indirectly in its own base expression.
         }
         export class E extends Module.D {
         }

</message>
<stacktrace>
  at org.junit.Assert.fail(Assert.java:89)
  at kotlin.test.junit.JUnitAsserter.fail(JUnitSupport.kt:56)
  at kotlin.test.AssertionsKt__AssertionsKt.fail(Assertions.kt:563)
  at kotlin.test.AssertionsKt.fail(Unknown Source)
  at com.xemantic.kotlin.test.SameAsKt.sameAs(SameAs.kt:52)
  at com.xemantic.typescript.compiler.TypeScriptTestSupportKt.errorsMatchBaseline(TypeScriptTestSupport.kt:135)
  at com.xemantic.typescript.compiler.TypeScriptCompilerTests_R.recursiveBaseCheck_ts has expected errors matching recursiveBaseCheck_errors_txt(TypeScriptCompilerTests_R.kt:504)
  at java.base/jdk.internal.reflect.DirectMethodHandleAccessor.invoke(DirectMethodHandleAccessor.java:104)
  at java.base/java.lang.reflect.Method.invoke(Method.java:565)
  at org.junit.runners.model.FrameworkMethod$1.runReflectiveCall(FrameworkMethod.java:59)
  at org.junit.internal.runners.model.ReflectiveCallable.run(ReflectiveCallable.java:12)
  at org.junit.runners.model.FrameworkMethod.invokeExplosively(FrameworkMethod.java:56)
  at org.junit.internal.runners.statements.InvokeMethod.evaluate(InvokeMethod.java:17)
  at org.junit.runners.ParentRunner$3.evaluate(ParentRunner.java:306)
  at org.junit.runners.BlockJUnit4ClassRunner$1.evaluate(BlockJUnit4ClassRunner.java:100)
  at org.junit.runners.ParentRunner.runLeaf(ParentRunner.java:366)
  at org.junit.runners.BlockJUnit4ClassRunner.runChild(BlockJUnit4ClassRunner.java:103)
  at org.junit.runners.BlockJUnit4ClassRunner.runChild(BlockJUnit4ClassRunner.java:63)
  at org.junit.runners.ParentRunner$4.run(ParentRunner.java:331)
  at org.junit.runners.ParentRunner$1.schedule(ParentRunner.java:79)
  at org.junit.runners.ParentRunner.runChildren(ParentRunner.java:329)
  at org.junit.runners.ParentRunner.access$100(ParentRunner.java:66)
  at org.junit.runners.ParentRunner$2.evaluate(ParentRunner.java:293)
  at org.junit.runners.ParentRunner$3.evaluate(ParentRunner.java:306)
  at org.junit.runners.ParentRunner.run(ParentRunner.java:413)
  at org.junit.runner.JUnitCore.run(JUnitCore.java:137)
  at org.junit.runner.JUnitCore.run(JUnitCore.java:115)
  at org.gradle.api.internal.tasks.testing.junit.JUnitTestExecutor.runRequest(JUnitTestExecutor.java:175)
  at org.gradle.api.internal.tasks.testing.junit.JUnitTestExecutor.accept(JUnitTestExecutor.java:84)
  at org.gradle.api.internal.tasks.testing.junit.JUnitTestExecutor.accept(JUnitTestExecutor.java:47)
  at org.gradle.api.internal.tasks.testing.junit.AbstractJUnitTestDefinitionProcessor.processTestDefinition(AbstractJUnitTestDefinitionProcessor.java:65)
  at org.gradle.api.internal.tasks.testing.SuiteTestDefinitionProcessor.processTestDefinition(SuiteTestDefinitionProcessor.java:54)
  at java.base/jdk.internal.reflect.DirectMethodHandleAccessor.invoke(DirectMethodHandleAccessor.java:104)
  at java.base/java.lang.reflect.Method.invoke(Method.java:565)
  at org.gradle.internal.dispatch.MethodInvocation.invokeOn(MethodInvocation.java:77)
  at org.gradle.internal.dispatch.ReflectionDispatch.dispatch(ReflectionDispatch.java:28)
  at org.gradle.internal.dispatch.ReflectionDispatch.dispatch(ReflectionDispatch.java:19)
  at org.gradle.internal.dispatch.ContextClassLoaderDispatch.dispatch(ContextClassLoaderDispatch.java:33)
  at org.gradle.internal.dispatch.ProxyDispatchAdapter$DispatchingInvocationHandler.invoke(ProxyDispatchAdapter.java:88)
  at jdk.proxy1/jdk.proxy1.$Proxy4.processTestDefinition(Unknown Source)
  at org.gradle.api.internal.tasks.testing.worker.TestWorker$2.run(TestWorker.java:178)
  at org.gradle.api.internal.tasks.testing.worker.TestWorker.executeAndMaintainThreadName(TestWorker.java:126)
  at org.gradle.api.internal.tasks.testing.worker.TestWorker.execute(TestWorker.java:103)
  at org.gradle.api.internal.tasks.testing.worker.TestWorker.execute(TestWorker.java:63)
  at org.gradle.process.internal.worker.child.ActionExecutionWorker.execute(ActionExecutionWorker.java:56)
  at org.gradle.process.internal.worker.child.SystemApplicationClassLoaderWorker.call(SystemApplicationClassLoaderWorker.java:122)
  at org.gradle.process.internal.worker.child.SystemApplicationClassLoaderWorker.call(SystemApplicationClassLoaderWorker.java:72)
  at worker.org.gradle.process.internal.worker.GradleWorkerMain.run(GradleWorkerMain.java:69)
  at worker.org.gradle.process.internal.worker.GradleWorkerMain.main(GradleWorkerMain.java:74)
</stacktrace>
</test-failure>


TypeScriptCompilerTests_R[jvm] > recursiveBaseCheck_ts has expected errors matching recursiveBaseCheck_errors_txt[jvm] FAILED

<test-failure test="com.xemantic.typescript.compiler.TypeScriptCompilerTests_R.reservedWords2_ts compiles to JavaScript matching reservedWords2_js" platform="jvm">
<message>
--- expected
+++ actual
@@ -18,29 +18,17 @@
 //// [reservedWords2.js]
 "use strict";
 Object.defineProperty(exports, "__esModule", { value: true });
-require();
-while ( = require("dfdf"))
-    ;
-while (from)
-    "foo";
 var ;
-typeof ;
-10;
-function () { }
-throw () => { };
-namespace;
-void {};
-var { while: , return:  } = { while: 1, return: 2 };
-var { this: , switch: { continue:  } } = { this: 1, switch: { continue: 2 } };
-var [];
-debugger;
-if ()
-    ;
-[1, 2];
-(function () {
-})( || ( = {}));
-void {};
-function f() { }
+typeof  = 10;
+();
+{ }
+var { while, return } = { while: 1, return: 2 };
+var { this, switch: { continue } } = { this: 1, switch: { continue: 2 } };
+var [debugger, if] = [1, 2];
+var void;
+(function (void) {
+})(void || (void = {}));
+function f(default) { }
 class C {
-    m(, string) { }
+    m(null) { }
 }

</message>
<stacktrace>
  at org.junit.Assert.fail(Assert.java:89)
  at kotlin.test.junit.JUnitAsserter.fail(JUnitSupport.kt:56)
  at kotlin.test.AssertionsKt__AssertionsKt.fail(Assertions.kt:563)
  at kotlin.test.AssertionsKt.fail(Unknown Source)
  at com.xemantic.kotlin.test.SameAsKt.sameAs(SameAs.kt:52)
  at com.xemantic.typescript.compiler.TypeScriptTestSupportKt.sameAs(TypeScriptTestSupport.kt:99)
  at com.xemantic.typescript.compiler.TypeScriptCompilerTests_R.reservedWords2_ts compiles to JavaScript matching reservedWords2_js(TypeScriptCompilerTests_R.kt:2261)
  at java.base/jdk.internal.reflect.DirectMethodHandleAccessor.invoke(DirectMethodHandleAccessor.java:104)
  at java.base/java.lang.reflect.Method.invoke(Method.java:565)
  at org.junit.runners.model.FrameworkMethod$1.runReflectiveCall(FrameworkMethod.java:59)
  at org.junit.internal.runners.model.ReflectiveCallable.run(ReflectiveCallable.java:12)
  at org.junit.runners.model.FrameworkMethod.invokeExplosively(FrameworkMethod.java:56)
  at org.junit.internal.runners.statements.InvokeMethod.evaluate(InvokeMethod.java:17)
  at org.junit.runners.ParentRunner$3.evaluate(ParentRunner.java:306)
  at org.junit.runners.BlockJUnit4ClassRunner$1.evaluate(BlockJUnit4ClassRunner.java:100)
  at org.junit.runners.ParentRunner.runLeaf(ParentRunner.java:366)
  at org.junit.runners.BlockJUnit4ClassRunner.runChild(BlockJUnit4ClassRunner.java:103)
  at org.junit.runners.BlockJUnit4ClassRunner.runChild(BlockJUnit4ClassRunner.java:63)
  at org.junit.runners.ParentRunner$4.run(ParentRunner.java:331)
  at org.junit.runners.ParentRunner$1.schedule(ParentRunner.java:79)
  at org.junit.runners.ParentRunner.runChildren(ParentRunner.java:329)
  at org.junit.runners.ParentRunner.access$100(ParentRunner.java:66)
  at org.junit.runners.ParentRunner$2.evaluate(ParentRunner.java:293)
  at org.junit.runners.ParentRunner$3.evaluate(ParentRunner.java:306)
  at org.junit.runners.ParentRunner.run(ParentRunner.java:413)
  at org.junit.runner.JUnitCore.run(JUnitCore.java:137)
  at org.junit.runner.JUnitCore.run(JUnitCore.java:115)
  at org.gradle.api.internal.tasks.testing.junit.JUnitTestExecutor.runRequest(JUnitTestExecutor.java:175)
  at org.gradle.api.internal.tasks.testing.junit.JUnitTestExecutor.accept(JUnitTestExecutor.java:84)
  at org.gradle.api.internal.tasks.testing.junit.JUnitTestExecutor.accept(JUnitTestExecutor.java:47)
  at org.gradle.api.internal.tasks.testing.junit.AbstractJUnitTestDefinitionProcessor.processTestDefinition(AbstractJUnitTestDefinitionProcessor.java:65)
  at org.gradle.api.internal.tasks.testing.SuiteTestDefinitionProcessor.processTestDefinition(SuiteTestDefinitionProcessor.java:54)
  at java.base/jdk.internal.reflect.DirectMethodHandleAccessor.invoke(DirectMethodHandleAccessor.java:104)
  at java.base/java.lang.reflect.Method.invoke(Method.java:565)
  at org.gradle.internal.dispatch.MethodInvocation.invokeOn(MethodInvocation.java:77)
  at org.gradle.internal.dispatch.ReflectionDispatch.dispatch(ReflectionDispatch.java:28)
  at org.gradle.internal.dispatch.ReflectionDispatch.dispatch(ReflectionDispatch.java:19)
  at org.gradle.internal.dispatch.ContextClassLoaderDispatch.dispatch(ContextClassLoaderDispatch.java:33)
  at org.gradle.internal.dispatch.ProxyDispatchAdapter$DispatchingInvocationHandler.invoke(ProxyDispatchAdapter.java:88)
  at jdk.proxy1/jdk.proxy1.$Proxy4.processTestDefinition(Unknown Source)
  at org.gradle.api.internal.tasks.testing.worker.TestWorker$2.run(TestWorker.java:178)
  at org.gradle.api.internal.tasks.testing.worker.TestWorker.executeAndMaintainThreadName(TestWorker.java:126)
  at org.gradle.api.internal.tasks.testing.worker.TestWorker.execute(TestWorker.java:103)
  at org.gradle.api.internal.tasks.testing.worker.TestWorker.execute(TestWorker.java:63)
  at org.gradle.process.internal.worker.child.ActionExecutionWorker.execute(ActionExecutionWorker.java:56)
  at org.gradle.process.internal.worker.child.SystemApplicationClassLoaderWorker.call(SystemApplicationClassLoaderWorker.java:122)
  at org.gradle.process.internal.worker.child.SystemApplicationClassLoaderWorker.call(SystemApplicationClassLoaderWorker.java:72)
  at worker.org.gradle.process.internal.worker.GradleWorkerMain.run(GradleWorkerMain.java:69)
  at worker.org.gradle.process.internal.worker.GradleWorkerMain.main(GradleWorkerMain.java:74)
</stacktrace>
</test-failure>


TypeScriptCompilerTests_R[jvm] > reservedWords2_ts compiles to JavaScript matching reservedWords2_js[jvm] FAILED

<test-failure test="com.xemantic.typescript.compiler.TypeScriptCompilerTests_R.regularExpressionUnicodePropertyValueExpressionSuggestions_ts__target_es5__has expected errors matching baseline" platform="jvm">
<message>
--- expected
+++ actual
@@ -1,29 +1,6 @@
 error TS5107: Option 'target=ES5' is deprecated and will stop functioning in TypeScript 7.0. Specify compilerOption '"ignoreDeprecations": "6.0"' to silence this error.
-regularExpressionUnicodePropertyValueExpressionSuggestions.ts(1,19): error TS1529: Unknown Unicode property name or value.
-regularExpressionUnicodePropertyValueExpressionSuggestions.ts(1,28): error TS1524: Unknown Unicode property name.
-regularExpressionUnicodePropertyValueExpressionSuggestions.ts(1,45): error TS1526: Unknown Unicode property value.
-regularExpressionUnicodePropertyValueExpressionSuggestions.ts(1,57): error TS1524: Unknown Unicode property name.
-regularExpressionUnicodePropertyValueExpressionSuggestions.ts(1,93): error TS1526: Unknown Unicode property value.
-regularExpressionUnicodePropertyValueExpressionSuggestions.ts(1,102): error TS1501: This regular expression flag is only available when targeting 'es6' or later.
 
 
 !!! error TS5107: Option 'target=ES5' is deprecated and will stop functioning in TypeScript 7.0. Specify compilerOption '"ignoreDeprecations": "6.0"' to silence this error.
-==== regularExpressionUnicodePropertyValueExpressionSuggestions.ts (6 errors) ====
+==== regularExpressionUnicodePropertyValueExpressionSuggestions.ts (0 errors) ====
     const regex = /\p{ascii}\p{Sc=Unknown}\p{sc=unknownX}\p{Script_Declensions=Inherited}\p{scx=inherit}/u;
-                      ~~~~~
-!!! error TS1529: Unknown Unicode property name or value.
-!!! related TS1369: Did you mean 'ASCII'?
-                               ~~
-!!! error TS1524: Unknown Unicode property name.
-!!! related TS1369: Did you mean 'sc'?
-                                                ~~~~~~~~
-!!! error TS1526: Unknown Unicode property value.
-!!! related TS1369: Did you mean 'Unknown'?
-                                                            ~~~~~~~~~~~~~~~~~~
-!!! error TS1524: Unknown Unicode property name.
-!!! related TS1369: Did you mean 'Script_Extensions'?
-                                                                                                ~~~~~~~
-!!! error TS1526: Unknown Unicode property value.
-!!! related TS1369: Did you mean 'Inherited'?
-                                                                                                         ~
-!!! error TS1501: This regular expression flag is only available when targeting 'es6' or later.

</message>
<stacktrace>
  at org.junit.Assert.fail(Assert.java:89)
  at kotlin.test.junit.JUnitAsserter.fail(JUnitSupport.kt:56)
  at kotlin.test.AssertionsKt__AssertionsKt.fail(Assertions.kt:563)
  at kotlin.test.AssertionsKt.fail(Unknown Source)
  at com.xemantic.kotlin.test.SameAsKt.sameAs(SameAs.kt:52)
  at com.xemantic.typescript.compiler.TypeScriptTestSupportKt.errorsMatchBaseline(TypeScriptTestSupport.kt:135)
  at com.xemantic.typescript.compiler.TypeScriptCompilerTests_R.regularExpressionUnicodePropertyValueExpressionSuggestions_ts__target_es5__has expected errors matching baseline(TypeScriptCompilerTests_R.kt:1645)
  at java.base/jdk.internal.reflect.DirectMethodHandleAccessor.invoke(DirectMethodHandleAccessor.java:104)
  at java.base/java.lang.reflect.Method.invoke(Method.java:565)
  at org.junit.runners.model.FrameworkMethod$1.runReflectiveCall(FrameworkMethod.java:59)
  at org.junit.internal.runners.model.ReflectiveCallable.run(ReflectiveCallable.java:12)
  at org.junit.runners.model.FrameworkMethod.invokeExplosively(FrameworkMethod.java:56)
  at org.junit.internal.runners.statements.InvokeMethod.evaluate(InvokeMethod.java:17)
  at org.junit.runners.ParentRunner$3.evaluate(ParentRunner.java:306)
  at org.junit.runners.BlockJUnit4ClassRunner$1.evaluate(BlockJUnit4ClassRunner.java:100)
  at org.junit.runners.ParentRunner.runLeaf(ParentRunner.java:366)
  at org.junit.runners.BlockJUnit4ClassRunner.runChild(BlockJUnit4ClassRunner.java:103)
  at org.junit.runners.BlockJUnit4ClassRunner.runChild(BlockJUnit4ClassRunner.java:63)
  at org.junit.runners.ParentRunner$4.run(ParentRunner.java:331)
  at org.junit.runners.ParentRunner$1.schedule(ParentRunner.java:79)
  at org.junit.runners.ParentRunner.runChildren(ParentRunner.java:329)
  at org.junit.runners.ParentRunner.access$100(ParentRunner.java:66)
  at org.junit.runners.ParentRunner$2.evaluate(ParentRunner.java:293)
  at org.junit.runners.ParentRunner$3.evaluate(ParentRunner.java:306)
  at org.junit.runners.ParentRunner.run(ParentRunner.java:413)
  at org.junit.runner.JUnitCore.run(JUnitCore.java:137)
  at org.junit.runner.JUnitCore.run(JUnitCore.java:115)
  at org.gradle.api.internal.tasks.testing.junit.JUnitTestExecutor.runRequest(JUnitTestExecutor.java:175)
  at org.gradle.api.internal.tasks.testing.junit.JUnitTestExecutor.accept(JUnitTestExecutor.java:84)
  at org.gradle.api.internal.tasks.testing.junit.JUnitTestExecutor.accept(JUnitTestExecutor.java:47)
  at org.gradle.api.internal.tasks.testing.junit.AbstractJUnitTestDefinitionProcessor.processTestDefinition(AbstractJUnitTestDefinitionProcessor.java:65)
  at org.gradle.api.internal.tasks.testing.SuiteTestDefinitionProcessor.processTestDefinition(SuiteTestDefinitionProcessor.java:54)
  at java.base/jdk.internal.reflect.DirectMethodHandleAccessor.invoke(DirectMethodHandleAccessor.java:104)
  at java.base/java.lang.reflect.Method.invoke(Method.java:565)
  at org.gradle.internal.dispatch.MethodInvocation.invokeOn(MethodInvocation.java:77)
  at org.gradle.internal.dispatch.ReflectionDispatch.dispatch(ReflectionDispatch.java:28)
  at org.gradle.internal.dispatch.ReflectionDispatch.dispatch(ReflectionDispatch.java:19)
  at org.gradle.internal.dispatch.ContextClassLoaderDispatch.dispatch(ContextClassLoaderDispatch.java:33)
  at org.gradle.internal.dispatch.ProxyDispatchAdapter$DispatchingInvocationHandler.invoke(ProxyDispatchAdapter.java:88)
  at jdk.proxy1/jdk.proxy1.$Proxy4.processTestDefinition(Unknown Source)
  at org.gradle.api.internal.tasks.testing.worker.TestWorker$2.run(TestWorker.java:178)
  at org.gradle.api.internal.tasks.testing.worker.TestWorker.executeAndMaintainThreadName(TestWorker.java:126)
  at org.gradle.api.internal.tasks.testing.worker.TestWorker.execute(TestWorker.java:103)
  at org.gradle.api.internal.tasks.testing.worker.TestWorker.execute(TestWorker.java:63)
  at org.gradle.process.internal.worker.child.ActionExecutionWorker.execute(ActionExecutionWorker.java:56)
  at org.gradle.process.internal.worker.child.SystemApplicationClassLoaderWorker.call(SystemApplicationClassLoaderWorker.java:122)
  at org.gradle.process.internal.worker.child.SystemApplicationClassLoaderWorker.call(SystemApplicationClassLoaderWorker.java:72)
  at worker.org.gradle.process.internal.worker.GradleWorkerMain.run(GradleWorkerMain.java:69)
  at worker.org.gradle.process.internal.worker.GradleWorkerMain.main(GradleWorkerMain.java:74)
</stacktrace>
</test-failure>


TypeScriptCompilerTests_R[jvm] > regularExpressionUnicodePropertyValueExpressionSuggestions_ts__target_es5__has expected errors matching baseline[jvm] FAILED

<test-failure test="com.xemantic.typescript.compiler.TypeScriptCompilerTests_R.recursiveTypeComparison2_ts has expected errors matching recursiveTypeComparison2_errors_txt" platform="jvm">
<message>
Expected diagnostics from baseline typescript-repo/tests/baselines/reference/recursiveTypeComparison2.errors.txt but none produced
</message>
<stacktrace>
  at com.xemantic.typescript.compiler.TypeScriptTestSupportKt.errorsMatchBaseline(TypeScriptTestSupport.kt:125)
  at com.xemantic.typescript.compiler.TypeScriptCompilerTests_R.recursiveTypeComparison2_ts has expected errors matching recursiveTypeComparison2_errors_txt(TypeScriptCompilerTests_R.kt:1162)
  at java.base/jdk.internal.reflect.DirectMethodHandleAccessor.invoke(DirectMethodHandleAccessor.java:104)
  at java.base/java.lang.reflect.Method.invoke(Method.java:565)
  at org.junit.runners.model.FrameworkMethod$1.runReflectiveCall(FrameworkMethod.java:59)
  at org.junit.internal.runners.model.ReflectiveCallable.run(ReflectiveCallable.java:12)
  at org.junit.runners.model.FrameworkMethod.invokeExplosively(FrameworkMethod.java:56)
  at org.junit.internal.runners.statements.InvokeMethod.evaluate(InvokeMethod.java:17)
  at org.junit.runners.ParentRunner$3.evaluate(ParentRunner.java:306)
  at org.junit.runners.BlockJUnit4ClassRunner$1.evaluate(BlockJUnit4ClassRunner.java:100)
  at org.junit.runners.ParentRunner.runLeaf(ParentRunner.java:366)
  at org.junit.runners.BlockJUnit4ClassRunner.runChild(BlockJUnit4ClassRunner.java:103)
  at org.junit.runners.BlockJUnit4ClassRunner.runChild(BlockJUnit4ClassRunner.java:63)
  at org.junit.runners.ParentRunner$4.run(ParentRunner.java:331)
  at org.junit.runners.ParentRunner$1.schedule(ParentRunner.java:79)
  at org.junit.runners.ParentRunner.runChildren(ParentRunner.java:329)
  at org.junit.runners.ParentRunner.access$100(ParentRunner.java:66)
  at org.junit.runners.ParentRunner$2.evaluate(ParentRunner.java:293)
  at org.junit.runners.ParentRunner$3.evaluate(ParentRunner.java:306)
  at org.junit.runners.ParentRunner.run(ParentRunner.java:413)
  at org.junit.runner.JUnitCore.run(JUnitCore.java:137)
  at org.junit.runner.JUnitCore.run(JUnitCore.java:115)
  at org.gradle.api.internal.tasks.testing.junit.JUnitTestExecutor.runRequest(JUnitTestExecutor.java:175)
  at org.gradle.api.internal.tasks.testing.junit.JUnitTestExecutor.accept(JUnitTestExecutor.java:84)
  at org.gradle.api.internal.tasks.testing.junit.JUnitTestExecutor.accept(JUnitTestExecutor.java:47)
  at org.gradle.api.internal.tasks.testing.junit.AbstractJUnitTestDefinitionProcessor.processTestDefinition(AbstractJUnitTestDefinitionProcessor.java:65)
  at org.gradle.api.internal.tasks.testing.SuiteTestDefinitionProcessor.processTestDefinition(SuiteTestDefinitionProcessor.java:54)
  at java.base/jdk.internal.reflect.DirectMethodHandleAccessor.invoke(DirectMethodHandleAccessor.java:104)
  at java.base/java.lang.reflect.Method.invoke(Method.java:565)
  at org.gradle.internal.dispatch.MethodInvocation.invokeOn(MethodInvocation.java:77)
  at org.gradle.internal.dispatch.ReflectionDispatch.dispatch(ReflectionDispatch.java:28)
  at org.gradle.internal.dispatch.ReflectionDispatch.dispatch(ReflectionDispatch.java:19)
  at org.gradle.internal.dispatch.ContextClassLoaderDispatch.dispatch(ContextClassLoaderDispatch.java:33)
  at org.gradle.internal.dispatch.ProxyDispatchAdapter$DispatchingInvocationHandler.invoke(ProxyDispatchAdapter.java:88)
  at jdk.proxy1/jdk.proxy1.$Proxy4.processTestDefinition(Unknown Source)
  at org.gradle.api.internal.tasks.testing.worker.TestWorker$2.run(TestWorker.java:178)
  at org.gradle.api.internal.tasks.testing.worker.TestWorker.executeAndMaintainThreadName(TestWorker.java:126)
  at org.gradle.api.internal.tasks.testing.worker.TestWorker.execute(TestWorker.java:103)
  at org.gradle.api.internal.tasks.testing.worker.TestWorker.execute(TestWorker.java:63)
  at org.gradle.process.internal.worker.child.ActionExecutionWorker.execute(ActionExecutionWorker.java:56)
  at org.gradle.process.internal.worker.child.SystemApplicationClassLoaderWorker.call(SystemApplicationClassLoaderWorker.java:122)
  at org.gradle.process.internal.worker.child.SystemApplicationClassLoaderWorker.call(SystemApplicationClassLoaderWorker.java:72)
  at worker.org.gradle.process.internal.worker.GradleWorkerMain.run(GradleWorkerMain.java:69)
  at worker.org.gradle.process.internal.worker.GradleWorkerMain.main(GradleWorkerMain.java:74)
</stacktrace>
</test-failure>


TypeScriptCompilerTests_R[jvm] > recursiveTypeComparison2_ts has expected errors matching recursiveTypeComparison2_errors_txt[jvm] FAILED

<test-failure test="com.xemantic.typescript.compiler.TypeScriptCompilerTests_R.restParameterNotLast_ts has expected errors matching restParameterNotLast_errors_txt" platform="jvm">
<message>
--- expected
+++ actual
@@ -1,13 +1,7 @@
 restParameterNotLast.ts(1,12): error TS1014: A rest parameter must be last in a parameter list.
-restParameterNotLast.ts(1,12): error TS7019: Rest parameter 'x' implicitly has an 'any[]' type.
-restParameterNotLast.ts(1,18): error TS7006: Parameter 'y' implicitly has an 'any' type.
 
 
-==== restParameterNotLast.ts (3 errors) ====
+==== restParameterNotLast.ts (1 errors) ====
     function f(...x, y) { }
-               ~~~
-!!! error TS1014: A rest parameter must be last in a parameter list.
                ~~~~
-!!! error TS7019: Rest parameter 'x' implicitly has an 'any[]' type.
-                     ~
-!!! error TS7006: Parameter 'y' implicitly has an 'any' type.
+!!! error TS1014: A rest parameter must be last in a parameter list.

</message>
<stacktrace>
  at org.junit.Assert.fail(Assert.java:89)
  at kotlin.test.junit.JUnitAsserter.fail(JUnitSupport.kt:56)
  at kotlin.test.AssertionsKt__AssertionsKt.fail(Assertions.kt:563)
  at kotlin.test.AssertionsKt.fail(Unknown Source)
  at com.xemantic.kotlin.test.SameAsKt.sameAs(SameAs.kt:52)
  at com.xemantic.typescript.compiler.TypeScriptTestSupportKt.errorsMatchBaseline(TypeScriptTestSupport.kt:135)
  at com.xemantic.typescript.compiler.TypeScriptCompilerTests_R.restParameterNotLast_ts has expected errors matching restParameterNotLast_errors_txt(TypeScriptCompilerTests_R.kt:2506)
  at java.base/jdk.internal.reflect.DirectMethodHandleAccessor.invoke(DirectMethodHandleAccessor.java:104)
  at java.base/java.lang.reflect.Method.invoke(Method.java:565)
  at org.junit.runners.model.FrameworkMethod$1.runReflectiveCall(FrameworkMethod.java:59)
  at org.junit.internal.runners.model.ReflectiveCallable.run(ReflectiveCallable.java:12)
  at org.junit.runners.model.FrameworkMethod.invokeExplosively(FrameworkMethod.java:56)
  at org.junit.internal.runners.statements.InvokeMethod.evaluate(InvokeMethod.java:17)
  at org.junit.runners.ParentRunner$3.evaluate(ParentRunner.java:306)
  at org.junit.runners.BlockJUnit4ClassRunner$1.evaluate(BlockJUnit4ClassRunner.java:100)
  at org.junit.runners.ParentRunner.runLeaf(ParentRunner.java:366)
  at org.junit.runners.BlockJUnit4ClassRunner.runChild(BlockJUnit4ClassRunner.java:103)
  at org.junit.runners.BlockJUnit4ClassRunner.runChild(BlockJUnit4ClassRunner.java:63)
  at org.junit.runners.ParentRunner$4.run(ParentRunner.java:331)
  at org.junit.runners.ParentRunner$1.schedule(ParentRunner.java:79)
  at org.junit.runners.ParentRunner.runChildren(ParentRunner.java:329)
  at org.junit.runners.ParentRunner.access$100(ParentRunner.java:66)
  at org.junit.runners.ParentRunner$2.evaluate(ParentRunner.java:293)
  at org.junit.runners.ParentRunner$3.evaluate(ParentRunner.java:306)
  at org.junit.runners.ParentRunner.run(ParentRunner.java:413)
  at org.junit.runner.JUnitCore.run(JUnitCore.java:137)
  at org.junit.runner.JUnitCore.run(JUnitCore.java:115)
  at org.gradle.api.internal.tasks.testing.junit.JUnitTestExecutor.runRequest(JUnitTestExecutor.java:175)
  at org.gradle.api.internal.tasks.testing.junit.JUnitTestExecutor.accept(JUnitTestExecutor.java:84)
  at org.gradle.api.internal.tasks.testing.junit.JUnitTestExecutor.accept(JUnitTestExecutor.java:47)
  at org.gradle.api.internal.tasks.testing.junit.AbstractJUnitTestDefinitionProcessor.processTestDefinition(AbstractJUnitTestDefinitionProcessor.java:65)
  at org.gradle.api.internal.tasks.testing.SuiteTestDefinitionProcessor.processTestDefinition(SuiteTestDefinitionProcessor.java:54)
  at java.base/jdk.internal.reflect.DirectMethodHandleAccessor.invoke(DirectMethodHandleAccessor.java:104)
  at java.base/java.lang.reflect.Method.invoke(Method.java:565)
  at org.gradle.internal.dispatch.MethodInvocation.invokeOn(MethodInvocation.java:77)
  at org.gradle.internal.dispatch.ReflectionDispatch.dispatch(ReflectionDispatch.java:28)
  at org.gradle.internal.dispatch.ReflectionDispatch.dispatch(ReflectionDispatch.java:19)
  at org.gradle.internal.dispatch.ContextClassLoaderDispatch.dispatch(ContextClassLoaderDispatch.java:33)
  at org.gradle.internal.dispatch.ProxyDispatchAdapter$DispatchingInvocationHandler.invoke(ProxyDispatchAdapter.java:88)
  at jdk.proxy1/jdk.proxy1.$Proxy4.processTestDefinition(Unknown Source)
  at org.gradle.api.internal.tasks.testing.worker.TestWorker$2.run(TestWorker.java:178)
  at org.gradle.api.internal.tasks.testing.worker.TestWorker.executeAndMaintainThreadName(TestWorker.java:126)
  at org.gradle.api.internal.tasks.testing.worker.TestWorker.execute(TestWorker.java:103)
  at org.gradle.api.internal.tasks.testing.worker.TestWorker.execute(TestWorker.java:63)
  at org.gradle.process.internal.worker.child.ActionExecutionWorker.execute(ActionExecutionWorker.java:56)
  at org.gradle.process.internal.worker.child.SystemApplicationClassLoaderWorker.call(SystemApplicationClassLoaderWorker.java:122)
  at org.gradle.process.internal.worker.child.SystemApplicationClassLoaderWorker.call(SystemApplicationClassLoaderWorker.java:72)
  at worker.org.gradle.process.internal.worker.GradleWorkerMain.run(GradleWorkerMain.java:69)
  at worker.org.gradle.process.internal.worker.GradleWorkerMain.main(GradleWorkerMain.java:74)
</stacktrace>
</test-failure>


TypeScriptCompilerTests_R[jvm] > restParameterNotLast_ts has expected errors matching restParameterNotLast_errors_txt[jvm] FAILED

<test-failure test="com.xemantic.typescript.compiler.TypeScriptCompilerTests_R.restParamAsOptional_ts has expected errors matching restParamAsOptional_errors_txt" platform="jvm">
<message>
Expected diagnostics from baseline typescript-repo/tests/baselines/reference/restParamAsOptional.errors.txt but none produced
</message>
<stacktrace>
  at com.xemantic.typescript.compiler.TypeScriptTestSupportKt.errorsMatchBaseline(TypeScriptTestSupport.kt:125)
  at com.xemantic.typescript.compiler.TypeScriptCompilerTests_R.restParamAsOptional_ts has expected errors matching restParamAsOptional_errors_txt(TypeScriptCompilerTests_R.kt:2450)
  at java.base/jdk.internal.reflect.DirectMethodHandleAccessor.invoke(DirectMethodHandleAccessor.java:104)
  at java.base/java.lang.reflect.Method.invoke(Method.java:565)
  at org.junit.runners.model.FrameworkMethod$1.runReflectiveCall(FrameworkMethod.java:59)
  at org.junit.internal.runners.model.ReflectiveCallable.run(ReflectiveCallable.java:12)
  at org.junit.runners.model.FrameworkMethod.invokeExplosively(FrameworkMethod.java:56)
  at org.junit.internal.runners.statements.InvokeMethod.evaluate(InvokeMethod.java:17)
  at org.junit.runners.ParentRunner$3.evaluate(ParentRunner.java:306)
  at org.junit.runners.BlockJUnit4ClassRunner$1.evaluate(BlockJUnit4ClassRunner.java:100)
  at org.junit.runners.ParentRunner.runLeaf(ParentRunner.java:366)
  at org.junit.runners.BlockJUnit4ClassRunner.runChild(BlockJUnit4ClassRunner.java:103)
  at org.junit.runners.BlockJUnit4ClassRunner.runChild(BlockJUnit4ClassRunner.java:63)
  at org.junit.runners.ParentRunner$4.run(ParentRunner.java:331)
  at org.junit.runners.ParentRunner$1.schedule(ParentRunner.java:79)
  at org.junit.runners.ParentRunner.runChildren(ParentRunner.java:329)
  at org.junit.runners.ParentRunner.access$100(ParentRunner.java:66)
  at org.junit.runners.ParentRunner$2.evaluate(ParentRunner.java:293)
  at org.junit.runners.ParentRunner$3.evaluate(ParentRunner.java:306)
  at org.junit.runners.ParentRunner.run(ParentRunner.java:413)
  at org.junit.runner.JUnitCore.run(JUnitCore.java:137)
  at org.junit.runner.JUnitCore.run(JUnitCore.java:115)
  at org.gradle.api.internal.tasks.testing.junit.JUnitTestExecutor.runRequest(JUnitTestExecutor.java:175)
  at org.gradle.api.internal.tasks.testing.junit.JUnitTestExecutor.accept(JUnitTestExecutor.java:84)
  at org.gradle.api.internal.tasks.testing.junit.JUnitTestExecutor.accept(JUnitTestExecutor.java:47)
  at org.gradle.api.internal.tasks.testing.junit.AbstractJUnitTestDefinitionProcessor.processTestDefinition(AbstractJUnitTestDefinitionProcessor.java:65)
  at org.gradle.api.internal.tasks.testing.SuiteTestDefinitionProcessor.processTestDefinition(SuiteTestDefinitionProcessor.java:54)
  at java.base/jdk.internal.reflect.DirectMethodHandleAccessor.invoke(DirectMethodHandleAccessor.java:104)
  at java.base/java.lang.reflect.Method.invoke(Method.java:565)
  at org.gradle.internal.dispatch.MethodInvocation.invokeOn(MethodInvocation.java:77)
  at org.gradle.internal.dispatch.ReflectionDispatch.dispatch(ReflectionDispatch.java:28)
  at org.gradle.internal.dispatch.ReflectionDispatch.dispatch(ReflectionDispatch.java:19)
  at org.gradle.internal.dispatch.ContextClassLoaderDispatch.dispatch(ContextClassLoaderDispatch.java:33)
  at org.gradle.internal.dispatch.ProxyDispatchAdapter$DispatchingInvocationHandler.invoke(ProxyDispatchAdapter.java:88)
  at jdk.proxy1/jdk.proxy1.$Proxy4.processTestDefinition(Unknown Source)
  at org.gradle.api.internal.tasks.testing.worker.TestWorker$2.run(TestWorker.java:178)
  at org.gradle.api.internal.tasks.testing.worker.TestWorker.executeAndMaintainThreadName(TestWorker.java:126)
  at org.gradle.api.internal.tasks.testing.worker.TestWorker.execute(TestWorker.java:103)
  at org.gradle.api.internal.tasks.testing.worker.TestWorker.execute(TestWorker.java:63)
  at org.gradle.process.internal.worker.child.ActionExecutionWorker.execute(ActionExecutionWorker.java:56)
  at org.gradle.process.internal.worker.child.SystemApplicationClassLoaderWorker.call(SystemApplicationClassLoaderWorker.java:122)
  at org.gradle.process.internal.worker.child.SystemApplicationClassLoaderWorker.call(SystemApplicationClassLoaderWorker.java:72)
  at worker.org.gradle.process.internal.worker.GradleWorkerMain.run(GradleWorkerMain.java:69)
  at worker.org.gradle.process.internal.worker.GradleWorkerMain.main(GradleWorkerMain.java:74)
</stacktrace>
</test-failure>


TypeScriptCompilerTests_R[jvm] > restParamAsOptional_ts has expected errors matching restParamAsOptional_errors_txt[jvm] FAILED

<test-failure test="com.xemantic.typescript.compiler.TypeScriptCompilerTests_R.recursiveInheritanceGeneric_ts has expected errors matching recursiveInheritanceGeneric_errors_txt" platform="jvm">
<message>
Expected diagnostics from baseline typescript-repo/tests/baselines/reference/recursiveInheritanceGeneric.errors.txt but none produced
</message>
<stacktrace>
  at com.xemantic.typescript.compiler.TypeScriptTestSupportKt.errorsMatchBaseline(TypeScriptTestSupport.kt:125)
  at com.xemantic.typescript.compiler.TypeScriptCompilerTests_R.recursiveInheritanceGeneric_ts has expected errors matching recursiveInheritanceGeneric_errors_txt(TypeScriptCompilerTests_R.kt:980)
  at java.base/jdk.internal.reflect.DirectMethodHandleAccessor.invoke(DirectMethodHandleAccessor.java:104)
  at java.base/java.lang.reflect.Method.invoke(Method.java:565)
  at org.junit.runners.model.FrameworkMethod$1.runReflectiveCall(FrameworkMethod.java:59)
  at org.junit.internal.runners.model.ReflectiveCallable.run(ReflectiveCallable.java:12)
  at org.junit.runners.model.FrameworkMethod.invokeExplosively(FrameworkMethod.java:56)
  at org.junit.internal.runners.statements.InvokeMethod.evaluate(InvokeMethod.java:17)
  at org.junit.runners.ParentRunner$3.evaluate(ParentRunner.java:306)
  at org.junit.runners.BlockJUnit4ClassRunner$1.evaluate(BlockJUnit4ClassRunner.java:100)
  at org.junit.runners.ParentRunner.runLeaf(ParentRunner.java:366)
  at org.junit.runners.BlockJUnit4ClassRunner.runChild(BlockJUnit4ClassRunner.java:103)
  at org.junit.runners.BlockJUnit4ClassRunner.runChild(BlockJUnit4ClassRunner.java:63)
  at org.junit.runners.ParentRunner$4.run(ParentRunner.java:331)
  at org.junit.runners.ParentRunner$1.schedule(ParentRunner.java:79)
  at org.junit.runners.ParentRunner.runChildren(ParentRunner.java:329)
  at org.junit.runners.ParentRunner.access$100(ParentRunner.java:66)
  at org.junit.runners.ParentRunner$2.evaluate(ParentRunner.java:293)
  at org.junit.runners.ParentRunner$3.evaluate(ParentRunner.java:306)
  at org.junit.runners.ParentRunner.run(ParentRunner.java:413)
  at org.junit.runner.JUnitCore.run(JUnitCore.java:137)
  at org.junit.runner.JUnitCore.run(JUnitCore.java:115)
  at org.gradle.api.internal.tasks.testing.junit.JUnitTestExecutor.runRequest(JUnitTestExecutor.java:175)
  at org.gradle.api.internal.tasks.testing.junit.JUnitTestExecutor.accept(JUnitTestExecutor.java:84)
  at org.gradle.api.internal.tasks.testing.junit.JUnitTestExecutor.accept(JUnitTestExecutor.java:47)
  at org.gradle.api.internal.tasks.testing.junit.AbstractJUnitTestDefinitionProcessor.processTestDefinition(AbstractJUnitTestDefinitionProcessor.java:65)
  at org.gradle.api.internal.tasks.testing.SuiteTestDefinitionProcessor.processTestDefinition(SuiteTestDefinitionProcessor.java:54)
  at java.base/jdk.internal.reflect.DirectMethodHandleAccessor.invoke(DirectMethodHandleAccessor.java:104)
  at java.base/java.lang.reflect.Method.invoke(Method.java:565)
  at org.gradle.internal.dispatch.MethodInvocation.invokeOn(MethodInvocation.java:77)
  at org.gradle.internal.dispatch.ReflectionDispatch.dispatch(ReflectionDispatch.java:28)
  at org.gradle.internal.dispatch.ReflectionDispatch.dispatch(ReflectionDispatch.java:19)
  at org.gradle.internal.dispatch.ContextClassLoaderDispatch.dispatch(ContextClassLoaderDispatch.java:33)
  at org.gradle.internal.dispatch.ProxyDispatchAdapter$DispatchingInvocationHandler.invoke(ProxyDispatchAdapter.java:88)
  at jdk.proxy1/jdk.proxy1.$Proxy4.processTestDefinition(Unknown Source)
  at org.gradle.api.internal.tasks.testing.worker.TestWorker$2.run(TestWorker.java:178)
  at org.gradle.api.internal.tasks.testing.worker.TestWorker.executeAndMaintainThreadName(TestWorker.java:126)
  at org.gradle.api.internal.tasks.testing.worker.TestWorker.execute(TestWorker.java:103)
  at org.gradle.api.internal.tasks.testing.worker.TestWorker.execute(TestWorker.java:63)
  at org.gradle.process.internal.worker.child.ActionExecutionWorker.execute(ActionExecutionWorker.java:56)
  at org.gradle.process.internal.worker.child.SystemApplicationClassLoaderWorker.call(SystemApplicationClassLoaderWorker.java:122)
  at org.gradle.process.internal.worker.child.SystemApplicationClassLoaderWorker.call(SystemApplicationClassLoaderWorker.java:72)
  at worker.org.gradle.process.internal.worker.GradleWorkerMain.run(GradleWorkerMain.java:69)
  at worker.org.gradle.process.internal.worker.GradleWorkerMain.main(GradleWorkerMain.java:74)
</stacktrace>
</test-failure>


TypeScriptCompilerTests_R[jvm] > recursiveInheritanceGeneric_ts has expected errors matching recursiveInheritanceGeneric_errors_txt[jvm] FAILED

<test-failure test="com.xemantic.typescript.compiler.TypeScriptCompilerTests_R.reservedWords3_ts compiles to JavaScript matching reservedWords3_js" platform="jvm">
<message>
--- expected
+++ actual
@@ -10,19 +10,8 @@
 
 //// [reservedWords3.js]
 "use strict";
-function f1() { }
-var ;
-(function () {
-})( || ( = {}));
-{ }
-function f2() { }
-class {
-}
-{ }
-function f3() { }
-function () { }
-{ }
-function f4() { }
-while () { }
-function f5() { }
-for (;;) { }
+function f1(enum) { }
+function f2(class) { }
+function f3(function) { }
+function f4(while) { }
+function f5(for) { }

</message>
<stacktrace>
  at org.junit.Assert.fail(Assert.java:89)
  at kotlin.test.junit.JUnitAsserter.fail(JUnitSupport.kt:56)
  at kotlin.test.AssertionsKt__AssertionsKt.fail(Assertions.kt:563)
  at kotlin.test.AssertionsKt.fail(Unknown Source)
  at com.xemantic.kotlin.test.SameAsKt.sameAs(SameAs.kt:52)
  at com.xemantic.typescript.compiler.TypeScriptTestSupportKt.sameAs(TypeScriptTestSupport.kt:99)
  at com.xemantic.typescript.compiler.TypeScriptCompilerTests_R.reservedWords3_ts compiles to JavaScript matching reservedWords3_js(TypeScriptCompilerTests_R.kt:2275)
  at java.base/jdk.internal.reflect.DirectMethodHandleAccessor.invoke(DirectMethodHandleAccessor.java:104)
  at java.base/java.lang.reflect.Method.invoke(Method.java:565)
  at org.junit.runners.model.FrameworkMethod$1.runReflectiveCall(FrameworkMethod.java:59)
  at org.junit.internal.runners.model.ReflectiveCallable.run(ReflectiveCallable.java:12)
  at org.junit.runners.model.FrameworkMethod.invokeExplosively(FrameworkMethod.java:56)
  at org.junit.internal.runners.statements.InvokeMethod.evaluate(InvokeMethod.java:17)
  at org.junit.runners.ParentRunner$3.evaluate(ParentRunner.java:306)
  at org.junit.runners.BlockJUnit4ClassRunner$1.evaluate(BlockJUnit4ClassRunner.java:100)
  at org.junit.runners.ParentRunner.runLeaf(ParentRunner.java:366)
  at org.junit.runners.BlockJUnit4ClassRunner.runChild(BlockJUnit4ClassRunner.java:103)
  at org.junit.runners.BlockJUnit4ClassRunner.runChild(BlockJUnit4ClassRunner.java:63)
  at org.junit.runners.ParentRunner$4.run(ParentRunner.java:331)
  at org.junit.runners.ParentRunner$1.schedule(ParentRunner.java:79)
  at org.junit.runners.ParentRunner.runChildren(ParentRunner.java:329)
  at org.junit.runners.ParentRunner.access$100(ParentRunner.java:66)
  at org.junit.runners.ParentRunner$2.evaluate(ParentRunner.java:293)
  at org.junit.runners.ParentRunner$3.evaluate(ParentRunner.java:306)
  at org.junit.runners.ParentRunner.run(ParentRunner.java:413)
  at org.junit.runner.JUnitCore.run(JUnitCore.java:137)
  at org.junit.runner.JUnitCore.run(JUnitCore.java:115)
  at org.gradle.api.internal.tasks.testing.junit.JUnitTestExecutor.runRequest(JUnitTestExecutor.java:175)
  at org.gradle.api.internal.tasks.testing.junit.JUnitTestExecutor.accept(JUnitTestExecutor.java:84)
  at org.gradle.api.internal.tasks.testing.junit.JUnitTestExecutor.accept(JUnitTestExecutor.java:47)
  at org.gradle.api.internal.tasks.testing.junit.AbstractJUnitTestDefinitionProcessor.processTestDefinition(AbstractJUnitTestDefinitionProcessor.java:65)
  at org.gradle.api.internal.tasks.testing.SuiteTestDefinitionProcessor.processTestDefinition(SuiteTestDefinitionProcessor.java:54)
  at java.base/jdk.internal.reflect.DirectMethodHandleAccessor.invoke(DirectMethodHandleAccessor.java:104)
  at java.base/java.lang.reflect.Method.invoke(Method.java:565)
  at org.gradle.internal.dispatch.MethodInvocation.invokeOn(MethodInvocation.java:77)
  at org.gradle.internal.dispatch.ReflectionDispatch.dispatch(ReflectionDispatch.java:28)
  at org.gradle.internal.dispatch.ReflectionDispatch.dispatch(ReflectionDispatch.java:19)
  at org.gradle.internal.dispatch.ContextClassLoaderDispatch.dispatch(ContextClassLoaderDispatch.java:33)
  at org.gradle.internal.dispatch.ProxyDispatchAdapter$DispatchingInvocationHandler.invoke(ProxyDispatchAdapter.java:88)
  at jdk.proxy1/jdk.proxy1.$Proxy4.processTestDefinition(Unknown Source)
  at org.gradle.api.internal.tasks.testing.worker.TestWorker$2.run(TestWorker.java:178)
  at org.gradle.api.internal.tasks.testing.worker.TestWorker.executeAndMaintainThreadName(TestWorker.java:126)
  at org.gradle.api.internal.tasks.testing.worker.TestWorker.execute(TestWorker.java:103)
  at org.gradle.api.internal.tasks.testing.worker.TestWorker.execute(TestWorker.java:63)
  at org.gradle.process.internal.worker.child.ActionExecutionWorker.execute(ActionExecutionWorker.java:56)
  at org.gradle.process.internal.worker.child.SystemApplicationClassLoaderWorker.call(SystemApplicationClassLoaderWorker.java:122)
  at org.gradle.process.internal.worker.child.SystemApplicationClassLoaderWorker.call(SystemApplicationClassLoaderWorker.java:72)
  at worker.org.gradle.process.internal.worker.GradleWorkerMain.run(GradleWorkerMain.java:69)
  at worker.org.gradle.process.internal.worker.GradleWorkerMain.main(GradleWorkerMain.java:74)
</stacktrace>
</test-failure>


TypeScriptCompilerTests_R[jvm] > reservedWords3_ts compiles to JavaScript matching reservedWords3_js[jvm] FAILED

<test-failure test="com.xemantic.typescript.compiler.TypeScriptCompilerTests_R.regexpExecAndMatchTypeUsages_ts__strict_true__has expected errors matching baseline" platform="jvm">
<message>
Expected diagnostics from baseline typescript-repo/tests/baselines/reference/regexpExecAndMatchTypeUsages(strict=true).errors.txt but none produced
</message>
<stacktrace>
  at com.xemantic.typescript.compiler.TypeScriptTestSupportKt.errorsMatchBaseline(TypeScriptTestSupport.kt:125)
  at com.xemantic.typescript.compiler.TypeScriptCompilerTests_R.regexpExecAndMatchTypeUsages_ts__strict_true__has expected errors matching baseline(TypeScriptCompilerTests_R.kt:1533)
  at java.base/jdk.internal.reflect.DirectMethodHandleAccessor.invoke(DirectMethodHandleAccessor.java:104)
  at java.base/java.lang.reflect.Method.invoke(Method.java:565)
  at org.junit.runners.model.FrameworkMethod$1.runReflectiveCall(FrameworkMethod.java:59)
  at org.junit.internal.runners.model.ReflectiveCallable.run(ReflectiveCallable.java:12)
  at org.junit.runners.model.FrameworkMethod.invokeExplosively(FrameworkMethod.java:56)
  at org.junit.internal.runners.statements.InvokeMethod.evaluate(InvokeMethod.java:17)
  at org.junit.runners.ParentRunner$3.evaluate(ParentRunner.java:306)
  at org.junit.runners.BlockJUnit4ClassRunner$1.evaluate(BlockJUnit4ClassRunner.java:100)
  at org.junit.runners.ParentRunner.runLeaf(ParentRunner.java:366)
  at org.junit.runners.BlockJUnit4ClassRunner.runChild(BlockJUnit4ClassRunner.java:103)
  at org.junit.runners.BlockJUnit4ClassRunner.runChild(BlockJUnit4ClassRunner.java:63)
  at org.junit.runners.ParentRunner$4.run(ParentRunner.java:331)
  at org.junit.runners.ParentRunner$1.schedule(ParentRunner.java:79)
  at org.junit.runners.ParentRunner.runChildren(ParentRunner.java:329)
  at org.junit.runners.ParentRunner.access$100(ParentRunner.java:66)
  at org.junit.runners.ParentRunner$2.evaluate(ParentRunner.java:293)
  at org.junit.runners.ParentRunner$3.evaluate(ParentRunner.java:306)
  at org.junit.runners.ParentRunner.run(ParentRunner.java:413)
  at org.junit.runner.JUnitCore.run(JUnitCore.java:137)
  at org.junit.runner.JUnitCore.run(JUnitCore.java:115)
  at org.gradle.api.internal.tasks.testing.junit.JUnitTestExecutor.runRequest(JUnitTestExecutor.java:175)
  at org.gradle.api.internal.tasks.testing.junit.JUnitTestExecutor.accept(JUnitTestExecutor.java:84)
  at org.gradle.api.internal.tasks.testing.junit.JUnitTestExecutor.accept(JUnitTestExecutor.java:47)
  at org.gradle.api.internal.tasks.testing.junit.AbstractJUnitTestDefinitionProcessor.processTestDefinition(AbstractJUnitTestDefinitionProcessor.java:65)
  at org.gradle.api.internal.tasks.testing.SuiteTestDefinitionProcessor.processTestDefinition(SuiteTestDefinitionProcessor.java:54)
  at java.base/jdk.internal.reflect.DirectMethodHandleAccessor.invoke(DirectMethodHandleAccessor.java:104)
  at java.base/java.lang.reflect.Method.invoke(Method.java:565)
  at org.gradle.internal.dispatch.MethodInvocation.invokeOn(MethodInvocation.java:77)
  at org.gradle.internal.dispatch.ReflectionDispatch.dispatch(ReflectionDispatch.java:28)
  at org.gradle.internal.dispatch.ReflectionDispatch.dispatch(ReflectionDispatch.java:19)
  at org.gradle.internal.dispatch.ContextClassLoaderDispatch.dispatch(ContextClassLoaderDispatch.java:33)
  at org.gradle.internal.dispatch.ProxyDispatchAdapter$DispatchingInvocationHandler.invoke(ProxyDispatchAdapter.java:88)
  at jdk.proxy1/jdk.proxy1.$Proxy4.processTestDefinition(Unknown Source)
  at org.gradle.api.internal.tasks.testing.worker.TestWorker$2.run(TestWorker.java:178)
  at org.gradle.api.internal.tasks.testing.worker.TestWorker.executeAndMaintainThreadName(TestWorker.java:126)
  at org.gradle.api.internal.tasks.testing.worker.TestWorker.execute(TestWorker.java:103)
  at org.gradle.api.internal.tasks.testing.worker.TestWorker.execute(TestWorker.java:63)
  at org.gradle.process.internal.worker.child.ActionExecutionWorker.execute(ActionExecutionWorker.java:56)
  at org.gradle.process.internal.worker.child.SystemApplicationClassLoaderWorker.call(SystemApplicationClassLoaderWorker.java:122)
  at org.gradle.process.internal.worker.child.SystemApplicationClassLoaderWorker.call(SystemApplicationClassLoaderWorker.java:72)
  at worker.org.gradle.process.internal.worker.GradleWorkerMain.run(GradleWorkerMain.java:69)
  at worker.org.gradle.process.internal.worker.GradleWorkerMain.main(GradleWorkerMain.java:74)
</stacktrace>
</test-failure>


TypeScriptCompilerTests_R[jvm] > regexpExecAndMatchTypeUsages_ts__strict_true__has expected errors matching baseline[jvm] FAILED

<test-failure test="com.xemantic.typescript.compiler.TypeScriptCompilerTests_R.resolvingClassDeclarationWhenInBaseTypeResolution_ts has expected errors matching resolvingClassDeclarationWhenInBaseTypeResolution_errors_txt" platform="jvm">
<message>
Expected diagnostics from baseline typescript-repo/tests/baselines/reference/resolvingClassDeclarationWhenInBaseTypeResolution.errors.txt but none produced
</message>
<stacktrace>
  at com.xemantic.typescript.compiler.TypeScriptTestSupportKt.errorsMatchBaseline(TypeScriptTestSupport.kt:125)
  at com.xemantic.typescript.compiler.TypeScriptCompilerTests_R.resolvingClassDeclarationWhenInBaseTypeResolution_ts has expected errors matching resolvingClassDeclarationWhenInBaseTypeResolution_errors_txt(TypeScriptCompilerTests_R.kt:2359)
  at java.base/jdk.internal.reflect.DirectMethodHandleAccessor.invoke(DirectMethodHandleAccessor.java:104)
  at java.base/java.lang.reflect.Method.invoke(Method.java:565)
  at org.junit.runners.model.FrameworkMethod$1.runReflectiveCall(FrameworkMethod.java:59)
  at org.junit.internal.runners.model.ReflectiveCallable.run(ReflectiveCallable.java:12)
  at org.junit.runners.model.FrameworkMethod.invokeExplosively(FrameworkMethod.java:56)
  at org.junit.internal.runners.statements.InvokeMethod.evaluate(InvokeMethod.java:17)
  at org.junit.runners.ParentRunner$3.evaluate(ParentRunner.java:306)
  at org.junit.runners.BlockJUnit4ClassRunner$1.evaluate(BlockJUnit4ClassRunner.java:100)
  at org.junit.runners.ParentRunner.runLeaf(ParentRunner.java:366)
  at org.junit.runners.BlockJUnit4ClassRunner.runChild(BlockJUnit4ClassRunner.java:103)
  at org.junit.runners.BlockJUnit4ClassRunner.runChild(BlockJUnit4ClassRunner.java:63)
  at org.junit.runners.ParentRunner$4.run(ParentRunner.java:331)
  at org.junit.runners.ParentRunner$1.schedule(ParentRunner.java:79)
  at org.junit.runners.ParentRunner.runChildren(ParentRunner.java:329)
  at org.junit.runners.ParentRunner.access$100(ParentRunner.java:66)
  at org.junit.runners.ParentRunner$2.evaluate(ParentRunner.java:293)
  at org.junit.runners.ParentRunner$3.evaluate(ParentRunner.java:306)
  at org.junit.runners.ParentRunner.run(ParentRunner.java:413)
  at org.junit.runner.JUnitCore.run(JUnitCore.java:137)
  at org.junit.runner.JUnitCore.run(JUnitCore.java:115)
  at org.gradle.api.internal.tasks.testing.junit.JUnitTestExecutor.runRequest(JUnitTestExecutor.java:175)
  at org.gradle.api.internal.tasks.testing.junit.JUnitTestExecutor.accept(JUnitTestExecutor.java:84)
  at org.gradle.api.internal.tasks.testing.junit.JUnitTestExecutor.accept(JUnitTestExecutor.java:47)
  at org.gradle.api.internal.tasks.testing.junit.AbstractJUnitTestDefinitionProcessor.processTestDefinition(AbstractJUnitTestDefinitionProcessor.java:65)
  at org.gradle.api.internal.tasks.testing.SuiteTestDefinitionProcessor.processTestDefinition(SuiteTestDefinitionProcessor.java:54)
  at java.base/jdk.internal.reflect.DirectMethodHandleAccessor.invoke(DirectMethodHandleAccessor.java:104)
  at java.base/java.lang.reflect.Method.invoke(Method.java:565)
  at org.gradle.internal.dispatch.MethodInvocation.invokeOn(MethodInvocation.java:77)
  at org.gradle.internal.dispatch.ReflectionDispatch.dispatch(ReflectionDispatch.java:28)
  at org.gradle.internal.dispatch.ReflectionDispatch.dispatch(ReflectionDispatch.java:19)
  at org.gradle.internal.dispatch.ContextClassLoaderDispatch.dispatch(ContextClassLoaderDispatch.java:33)
  at org.gradle.internal.dispatch.ProxyDispatchAdapter$DispatchingInvocationHandler.invoke(ProxyDispatchAdapter.java:88)
  at jdk.proxy1/jdk.proxy1.$Proxy4.processTestDefinition(Unknown Source)
  at org.gradle.api.internal.tasks.testing.worker.TestWorker$2.run(TestWorker.java:178)
  at org.gradle.api.internal.tasks.testing.worker.TestWorker.executeAndMaintainThreadName(TestWorker.java:126)
  at org.gradle.api.internal.tasks.testing.worker.TestWorker.execute(TestWorker.java:103)
  at org.gradle.api.internal.tasks.testing.worker.TestWorker.execute(TestWorker.java:63)
  at org.gradle.process.internal.worker.child.ActionExecutionWorker.execute(ActionExecutionWorker.java:56)
  at org.gradle.process.internal.worker.child.SystemApplicationClassLoaderWorker.call(SystemApplicationClassLoaderWorker.java:122)
  at org.gradle.process.internal.worker.child.SystemApplicationClassLoaderWorker.call(SystemApplicationClassLoaderWorker.java:72)
  at worker.org.gradle.process.internal.worker.GradleWorkerMain.run(GradleWorkerMain.java:69)
  at worker.org.gradle.process.internal.worker.GradleWorkerMain.main(GradleWorkerMain.java:74)
</stacktrace>
</test-failure>


TypeScriptCompilerTests_R[jvm] > resolvingClassDeclarationWhenInBaseTypeResolution_ts has expected errors matching resolvingClassDeclarationWhenInBaseTypeResolution_errors_txt[jvm] FAILED

<test-failure test="com.xemantic.typescript.compiler.TypeScriptCompilerTests_R.resolutionCandidateFromPackageJsonField2_ts has expected errors matching resolutionCandidateFromPackageJsonField2_errors_txt" platform="jvm">
<message>
Expected diagnostics from baseline typescript-repo/tests/baselines/reference/resolutionCandidateFromPackageJsonField2.errors.txt but none produced
</message>
<stacktrace>
  at com.xemantic.typescript.compiler.TypeScriptTestSupportKt.errorsMatchBaseline(TypeScriptTestSupport.kt:125)
  at com.xemantic.typescript.compiler.TypeScriptCompilerTests_R.resolutionCandidateFromPackageJsonField2_ts has expected errors matching resolutionCandidateFromPackageJsonField2_errors_txt(TypeScriptCompilerTests_R.kt:2303)
  at java.base/jdk.internal.reflect.DirectMethodHandleAccessor.invoke(DirectMethodHandleAccessor.java:104)
  at java.base/java.lang.reflect.Method.invoke(Method.java:565)
  at org.junit.runners.model.FrameworkMethod$1.runReflectiveCall(FrameworkMethod.java:59)
  at org.junit.internal.runners.model.ReflectiveCallable.run(ReflectiveCallable.java:12)
  at org.junit.runners.model.FrameworkMethod.invokeExplosively(FrameworkMethod.java:56)
  at org.junit.internal.runners.statements.InvokeMethod.evaluate(InvokeMethod.java:17)
  at org.junit.runners.ParentRunner$3.evaluate(ParentRunner.java:306)
  at org.junit.runners.BlockJUnit4ClassRunner$1.evaluate(BlockJUnit4ClassRunner.java:100)
  at org.junit.runners.ParentRunner.runLeaf(ParentRunner.java:366)
  at org.junit.runners.BlockJUnit4ClassRunner.runChild(BlockJUnit4ClassRunner.java:103)
  at org.junit.runners.BlockJUnit4ClassRunner.runChild(BlockJUnit4ClassRunner.java:63)
  at org.junit.runners.ParentRunner$4.run(ParentRunner.java:331)
  at org.junit.runners.ParentRunner$1.schedule(ParentRunner.java:79)
  at org.junit.runners.ParentRunner.runChildren(ParentRunner.java:329)
  at org.junit.runners.ParentRunner.access$100(ParentRunner.java:66)
  at org.junit.runners.ParentRunner$2.evaluate(ParentRunner.java:293)
  at org.junit.runners.ParentRunner$3.evaluate(ParentRunner.java:306)
  at org.junit.runners.ParentRunner.run(ParentRunner.java:413)
  at org.junit.runner.JUnitCore.run(JUnitCore.java:137)
  at org.junit.runner.JUnitCore.run(JUnitCore.java:115)
  at org.gradle.api.internal.tasks.testing.junit.JUnitTestExecutor.runRequest(JUnitTestExecutor.java:175)
  at org.gradle.api.internal.tasks.testing.junit.JUnitTestExecutor.accept(JUnitTestExecutor.java:84)
  at org.gradle.api.internal.tasks.testing.junit.JUnitTestExecutor.accept(JUnitTestExecutor.java:47)
  at org.gradle.api.internal.tasks.testing.junit.AbstractJUnitTestDefinitionProcessor.processTestDefinition(AbstractJUnitTestDefinitionProcessor.java:65)
  at org.gradle.api.internal.tasks.testing.SuiteTestDefinitionProcessor.processTestDefinition(SuiteTestDefinitionProcessor.java:54)
  at java.base/jdk.internal.reflect.DirectMethodHandleAccessor.invoke(DirectMethodHandleAccessor.java:104)
  at java.base/java.lang.reflect.Method.invoke(Method.java:565)
  at org.gradle.internal.dispatch.MethodInvocation.invokeOn(MethodInvocation.java:77)
  at org.gradle.internal.dispatch.ReflectionDispatch.dispatch(ReflectionDispatch.java:28)
  at org.gradle.internal.dispatch.ReflectionDispatch.dispatch(ReflectionDispatch.java:19)
  at org.gradle.internal.dispatch.ContextClassLoaderDispatch.dispatch(ContextClassLoaderDispatch.java:33)
  at org.gradle.internal.dispatch.ProxyDispatchAdapter$DispatchingInvocationHandler.invoke(ProxyDispatchAdapter.java:88)
  at jdk.proxy1/jdk.proxy1.$Proxy4.processTestDefinition(Unknown Source)
  at org.gradle.api.internal.tasks.testing.worker.TestWorker$2.run(TestWorker.java:178)
  at org.gradle.api.internal.tasks.testing.worker.TestWorker.executeAndMaintainThreadName(TestWorker.java:126)
  at org.gradle.api.internal.tasks.testing.worker.TestWorker.execute(TestWorker.java:103)
  at org.gradle.api.internal.tasks.testing.worker.TestWorker.execute(TestWorker.java:63)
  at org.gradle.process.internal.worker.child.ActionExecutionWorker.execute(ActionExecutionWorker.java:56)
  at org.gradle.process.internal.worker.child.SystemApplicationClassLoaderWorker.call(SystemApplicationClassLoaderWorker.java:122)
  at org.gradle.process.internal.worker.child.SystemApplicationClassLoaderWorker.call(SystemApplicationClassLoaderWorker.java:72)
  at worker.org.gradle.process.internal.worker.GradleWorkerMain.run(GradleWorkerMain.java:69)
  at worker.org.gradle.process.internal.worker.GradleWorkerMain.main(GradleWorkerMain.java:74)
</stacktrace>
</test-failure>


TypeScriptCompilerTests_R[jvm] > resolutionCandidateFromPackageJsonField2_ts has expected errors matching resolutionCandidateFromPackageJsonField2_errors_txt[jvm] FAILED

<test-failure test="com.xemantic.typescript.compiler.TypeScriptCompilerTests_R.reachabilityChecks5_ts has expected errors matching reachabilityChecks5_errors_txt" platform="jvm">
<message>
--- expected
+++ actual
@@ -1,17 +1,15 @@
 reachabilityChecks5.ts(5,17): error TS7030: Not all code paths return a value.
 reachabilityChecks5.ts(18,17): error TS2355: A function whose declared type is neither 'undefined', 'void', nor 'any' must return a value.
-reachabilityChecks5.ts(30,17): error TS7030: Not all code paths return a value.
-reachabilityChecks5.ts(40,17): error TS7030: Not all code paths return a value.
-reachabilityChecks5.ts(51,17): error TS7030: Not all code paths return a value.
-reachabilityChecks5.ts(79,17): error TS7030: Not all code paths return a value.
+reachabilityChecks5.ts(30,17): error TS2366: Function lacks ending return statement and return type does not include 'undefined'.
+reachabilityChecks5.ts(40,17): error TS2366: Function lacks ending return statement and return type does not include 'undefined'.
+reachabilityChecks5.ts(51,17): error TS2366: Function lacks ending return statement and return type does not include 'undefined'.
+reachabilityChecks5.ts(79,17): error TS2366: Function lacks ending return statement and return type does not include 'undefined'.
 reachabilityChecks5.ts(85,13): error TS7027: Unreachable code detected.
-reachabilityChecks5.ts(93,17): error TS7030: Not all code paths return a value.
+reachabilityChecks5.ts(93,17): error TS2366: Function lacks ending return statement and return type does not include 'undefined'.
 reachabilityChecks5.ts(96,13): error TS7027: Unreachable code detected.
-reachabilityChecks5.ts(115,18): error TS7030: Not all code paths return a value.
-reachabilityChecks5.ts(122,13): error TS7027: Unreachable code detected.
 
 
-==== reachabilityChecks5.ts (11 errors) ====
+==== reachabilityChecks5.ts (9 errors) ====
     function f0(x): number {
         while (true);
     }
@@ -47,7 +45,7 @@
     
     function f4(x): number {
                     ~~~~~~
-!!! error TS7030: Not all code paths return a value.
+!!! error TS2366: Function lacks ending return statement and return type does not include 'undefined'.
         try {
             if (x) {
                 return 1;
@@ -59,7 +57,7 @@
     
     function f5(x): number {
                     ~~~~~~
-!!! error TS7030: Not all code paths return a value.
+!!! error TS2366: Function lacks ending return statement and return type does not include 'undefined'.
         try {
             if (x) {
                 return 1;
@@ -72,7 +70,7 @@
     
     function f6(x): number {
                     ~~~~~~
-!!! error TS7030: Not all code paths return a value.
+!!! error TS2366: Function lacks ending return statement and return type does not include 'undefined'.
         try {
             if (x) {
                 return 1;
@@ -102,7 +100,7 @@
     
     function f8(x): number {
                     ~~~~~~
-!!! error TS7030: Not all code paths return a value.
+!!! error TS2366: Function lacks ending return statement and return type does not include 'undefined'.
         try {
             if (true) {
                 x++;
@@ -120,7 +118,7 @@
     
     function f9(x): number {
                     ~~~~~~
-!!! error TS7030: Not all code paths return a value.
+!!! error TS2366: Function lacks ending return statement and return type does not include 'undefined'.
         try {
             while (false) {
                 return 1;
@@ -145,8 +143,6 @@
     }
     
     function f11(x): number {
-                     ~~~~~~
-!!! error TS7030: Not all code paths return a value.
         test:
         try {
             do {
@@ -154,8 +150,6 @@
                     break test;
                 } while (true);
                 x++;
-                ~~~~
-!!! error TS7027: Unreachable code detected.
             } while (true);
         }
         catch (e) {

</message>
<stacktrace>
  at org.junit.Assert.fail(Assert.java:89)
  at kotlin.test.junit.JUnitAsserter.fail(JUnitSupport.kt:56)
  at kotlin.test.AssertionsKt__AssertionsKt.fail(Assertions.kt:563)
  at kotlin.test.AssertionsKt.fail(Unknown Source)
  at com.xemantic.kotlin.test.SameAsKt.sameAs(SameAs.kt:52)
  at com.xemantic.typescript.compiler.TypeScriptTestSupportKt.errorsMatchBaseline(TypeScriptTestSupport.kt:135)
  at com.xemantic.typescript.compiler.TypeScriptCompilerTests_R.reachabilityChecks5_ts has expected errors matching reachabilityChecks5_errors_txt(TypeScriptCompilerTests_R.kt:217)
  at java.base/jdk.internal.reflect.DirectMethodHandleAccessor.invoke(DirectMethodHandleAccessor.java:104)
  at java.base/java.lang.reflect.Method.invoke(Method.java:565)
  at org.junit.runners.model.FrameworkMethod$1.runReflectiveCall(FrameworkMethod.java:59)
  at org.junit.internal.runners.model.ReflectiveCallable.run(ReflectiveCallable.java:12)
  at org.junit.runners.model.FrameworkMethod.invokeExplosively(FrameworkMethod.java:56)
  at org.junit.internal.runners.statements.InvokeMethod.evaluate(InvokeMethod.java:17)
  at org.junit.runners.ParentRunner$3.evaluate(ParentRunner.java:306)
  at org.junit.runners.BlockJUnit4ClassRunner$1.evaluate(BlockJUnit4ClassRunner.java:100)
  at org.junit.runners.ParentRunner.runLeaf(ParentRunner.java:366)
  at org.junit.runners.BlockJUnit4ClassRunner.runChild(BlockJUnit4ClassRunner.java:103)
  at org.junit.runners.BlockJUnit4ClassRunner.runChild(BlockJUnit4ClassRunner.java:63)
  at org.junit.runners.ParentRunner$4.run(ParentRunner.java:331)
  at org.junit.runners.ParentRunner$1.schedule(ParentRunner.java:79)
  at org.junit.runners.ParentRunner.runChildren(ParentRunner.java:329)
  at org.junit.runners.ParentRunner.access$100(ParentRunner.java:66)
  at org.junit.runners.ParentRunner$2.evaluate(ParentRunner.java:293)
  at org.junit.runners.ParentRunner$3.evaluate(ParentRunner.java:306)
  at org.junit.runners.ParentRunner.run(ParentRunner.java:413)
  at org.junit.runner.JUnitCore.run(JUnitCore.java:137)
  at org.junit.runner.JUnitCore.run(JUnitCore.java:115)
  at org.gradle.api.internal.tasks.testing.junit.JUnitTestExecutor.runRequest(JUnitTestExecutor.java:175)
  at org.gradle.api.internal.tasks.testing.junit.JUnitTestExecutor.accept(JUnitTestExecutor.java:84)
  at org.gradle.api.internal.tasks.testing.junit.JUnitTestExecutor.accept(JUnitTestExecutor.java:47)
  at org.gradle.api.internal.tasks.testing.junit.AbstractJUnitTestDefinitionProcessor.processTestDefinition(AbstractJUnitTestDefinitionProcessor.java:65)
  at org.gradle.api.internal.tasks.testing.SuiteTestDefinitionProcessor.processTestDefinition(SuiteTestDefinitionProcessor.java:54)
  at java.base/jdk.internal.reflect.DirectMethodHandleAccessor.invoke(DirectMethodHandleAccessor.java:104)
  at java.base/java.lang.reflect.Method.invoke(Method.java:565)
  at org.gradle.internal.dispatch.MethodInvocation.invokeOn(MethodInvocation.java:77)
  at org.gradle.internal.dispatch.ReflectionDispatch.dispatch(ReflectionDispatch.java:28)
  at org.gradle.internal.dispatch.ReflectionDispatch.dispatch(ReflectionDispatch.java:19)
  at org.gradle.internal.dispatch.ContextClassLoaderDispatch.dispatch(ContextClassLoaderDispatch.java:33)
  at org.gradle.internal.dispatch.ProxyDispatchAdapter$DispatchingInvocationHandler.invoke(ProxyDispatchAdapter.java:88)
  at jdk.proxy1/jdk.proxy1.$Proxy4.processTestDefinition(Unknown Source)
  at org.gradle.api.internal.tasks.testing.worker.TestWorker$2.run(TestWorker.java:178)
  at org.gradle.api.internal.tasks.testing.worker.TestWorker.executeAndMaintainThreadName(TestWorker.java:126)
  at org.gradle.api.internal.tasks.testing.worker.TestWorker.execute(TestWorker.java:103)
  at org.gradle.api.internal.tasks.testing.worker.TestWorker.execute(TestWorker.java:63)
  at org.gradle.process.internal.worker.child.ActionExecutionWorker.execute(ActionExecutionWorker.java:56)
  at org.gradle.process.internal.worker.child.SystemApplicationClassLoaderWorker.call(SystemApplicationClassLoaderWorker.java:122)
  at org.gradle.process.internal.worker.child.SystemApplicationClassLoaderWorker.call(SystemApplicationClassLoaderWorker.java:72)
  at worker.org.gradle.process.internal.worker.GradleWorkerMain.run(GradleWorkerMain.java:69)
  at worker.org.gradle.process.internal.worker.GradleWorkerMain.main(GradleWorkerMain.java:74)
</stacktrace>
</test-failure>


TypeScriptCompilerTests_R[jvm] > reachabilityChecks5_ts has expected errors matching reachabilityChecks5_errors_txt[jvm] FAILED

<test-failure test="com.xemantic.typescript.compiler.TypeScriptCompilerTests_R.regularExpressionScanning_ts__target_esnext__has expected errors matching baseline" platform="jvm">
<message>
Expected diagnostics from baseline typescript-repo/tests/baselines/reference/regularExpressionScanning(target=esnext).errors.txt but none produced
</message>
<stacktrace>
  at com.xemantic.typescript.compiler.TypeScriptTestSupportKt.errorsMatchBaseline(TypeScriptTestSupport.kt:125)
  at com.xemantic.typescript.compiler.TypeScriptCompilerTests_R.regularExpressionScanning_ts__target_esnext__has expected errors matching baseline(TypeScriptCompilerTests_R.kt:1631)
  at java.base/jdk.internal.reflect.DirectMethodHandleAccessor.invoke(DirectMethodHandleAccessor.java:104)
  at java.base/java.lang.reflect.Method.invoke(Method.java:565)
  at org.junit.runners.model.FrameworkMethod$1.runReflectiveCall(FrameworkMethod.java:59)
  at org.junit.internal.runners.model.ReflectiveCallable.run(ReflectiveCallable.java:12)
  at org.junit.runners.model.FrameworkMethod.invokeExplosively(FrameworkMethod.java:56)
  at org.junit.internal.runners.statements.InvokeMethod.evaluate(InvokeMethod.java:17)
  at org.junit.runners.ParentRunner$3.evaluate(ParentRunner.java:306)
  at org.junit.runners.BlockJUnit4ClassRunner$1.evaluate(BlockJUnit4ClassRunner.java:100)
  at org.junit.runners.ParentRunner.runLeaf(ParentRunner.java:366)
  at org.junit.runners.BlockJUnit4ClassRunner.runChild(BlockJUnit4ClassRunner.java:103)
  at org.junit.runners.BlockJUnit4ClassRunner.runChild(BlockJUnit4ClassRunner.java:63)
  at org.junit.runners.ParentRunner$4.run(ParentRunner.java:331)
  at org.junit.runners.ParentRunner$1.schedule(ParentRunner.java:79)
  at org.junit.runners.ParentRunner.runChildren(ParentRunner.java:329)
  at org.junit.runners.ParentRunner.access$100(ParentRunner.java:66)
  at org.junit.runners.ParentRunner$2.evaluate(ParentRunner.java:293)
  at org.junit.runners.ParentRunner$3.evaluate(ParentRunner.java:306)
  at org.junit.runners.ParentRunner.run(ParentRunner.java:413)
  at org.junit.runner.JUnitCore.run(JUnitCore.java:137)
  at org.junit.runner.JUnitCore.run(JUnitCore.java:115)
  at org.gradle.api.internal.tasks.testing.junit.JUnitTestExecutor.runRequest(JUnitTestExecutor.java:175)
  at org.gradle.api.internal.tasks.testing.junit.JUnitTestExecutor.accept(JUnitTestExecutor.java:84)
  at org.gradle.api.internal.tasks.testing.junit.JUnitTestExecutor.accept(JUnitTestExecutor.java:47)
  at org.gradle.api.internal.tasks.testing.junit.AbstractJUnitTestDefinitionProcessor.processTestDefinition(AbstractJUnitTestDefinitionProcessor.java:65)
  at org.gradle.api.internal.tasks.testing.SuiteTestDefinitionProcessor.processTestDefinition(SuiteTestDefinitionProcessor.java:54)
  at java.base/jdk.internal.reflect.DirectMethodHandleAccessor.invoke(DirectMethodHandleAccessor.java:104)
  at java.base/java.lang.reflect.Method.invoke(Method.java:565)
  at org.gradle.internal.dispatch.MethodInvocation.invokeOn(MethodInvocation.java:77)
  at org.gradle.internal.dispatch.ReflectionDispatch.dispatch(ReflectionDispatch.java:28)
  at org.gradle.internal.dispatch.ReflectionDispatch.dispatch(ReflectionDispatch.java:19)
  at org.gradle.internal.dispatch.ContextClassLoaderDispatch.dispatch(ContextClassLoaderDispatch.java:33)
  at org.gradle.internal.dispatch.ProxyDispatchAdapter$DispatchingInvocationHandler.invoke(ProxyDispatchAdapter.java:88)
  at jdk.proxy1/jdk.proxy1.$Proxy4.processTestDefinition(Unknown Source)
  at org.gradle.api.internal.tasks.testing.worker.TestWorker$2.run(TestWorker.java:178)
  at org.gradle.api.internal.tasks.testing.worker.TestWorker.executeAndMaintainThreadName(TestWorker.java:126)
  at org.gradle.api.internal.tasks.testing.worker.TestWorker.execute(TestWorker.java:103)
  at org.gradle.api.internal.tasks.testing.worker.TestWorker.execute(TestWorker.java:63)
  at org.gradle.process.internal.worker.child.ActionExecutionWorker.execute(ActionExecutionWorker.java:56)
  at org.gradle.process.internal.worker.child.SystemApplicationClassLoaderWorker.call(SystemApplicationClassLoaderWorker.java:122)
  at org.gradle.process.internal.worker.child.SystemApplicationClassLoaderWorker.call(SystemApplicationClassLoaderWorker.java:72)
  at worker.org.gradle.process.internal.worker.GradleWorkerMain.run(GradleWorkerMain.java:69)
  at worker.org.gradle.process.internal.worker.GradleWorkerMain.main(GradleWorkerMain.java:74)
</stacktrace>
</test-failure>


TypeScriptCompilerTests_R[jvm] > regularExpressionScanning_ts__target_esnext__has expected errors matching baseline[jvm] FAILED

<test-failure test="com.xemantic.typescript.compiler.TypeScriptCompilerTests_R.restParamModifier_ts compiles to JavaScript matching restParamModifier_js" platform="jvm">
<message>
--- expected
+++ actual
@@ -8,5 +8,4 @@
 //// [restParamModifier.js]
 "use strict";
 class C {
-    constructor(...public, rest) { }
 }

</message>
<stacktrace>
  at org.junit.Assert.fail(Assert.java:89)
  at kotlin.test.junit.JUnitAsserter.fail(JUnitSupport.kt:56)
  at kotlin.test.AssertionsKt__AssertionsKt.fail(Assertions.kt:563)
  at kotlin.test.AssertionsKt.fail(Unknown Source)
  at com.xemantic.kotlin.test.SameAsKt.sameAs(SameAs.kt:52)
  at com.xemantic.typescript.compiler.TypeScriptTestSupportKt.sameAs(TypeScriptTestSupport.kt:99)
  at com.xemantic.typescript.compiler.TypeScriptCompilerTests_R.restParamModifier_ts compiles to JavaScript matching restParamModifier_js(TypeScriptCompilerTests_R.kt:2457)
  at java.base/jdk.internal.reflect.DirectMethodHandleAccessor.invoke(DirectMethodHandleAccessor.java:104)
  at java.base/java.lang.reflect.Method.invoke(Method.java:565)
  at org.junit.runners.model.FrameworkMethod$1.runReflectiveCall(FrameworkMethod.java:59)
  at org.junit.internal.runners.model.ReflectiveCallable.run(ReflectiveCallable.java:12)
  at org.junit.runners.model.FrameworkMethod.invokeExplosively(FrameworkMethod.java:56)
  at org.junit.internal.runners.statements.InvokeMethod.evaluate(InvokeMethod.java:17)
  at org.junit.runners.ParentRunner$3.evaluate(ParentRunner.java:306)
  at org.junit.runners.BlockJUnit4ClassRunner$1.evaluate(BlockJUnit4ClassRunner.java:100)
  at org.junit.runners.ParentRunner.runLeaf(ParentRunner.java:366)
  at org.junit.runners.BlockJUnit4ClassRunner.runChild(BlockJUnit4ClassRunner.java:103)
  at org.junit.runners.BlockJUnit4ClassRunner.runChild(BlockJUnit4ClassRunner.java:63)
  at org.junit.runners.ParentRunner$4.run(ParentRunner.java:331)
  at org.junit.runners.ParentRunner$1.schedule(ParentRunner.java:79)
  at org.junit.runners.ParentRunner.runChildren(ParentRunner.java:329)
  at org.junit.runners.ParentRunner.access$100(ParentRunner.java:66)
  at org.junit.runners.ParentRunner$2.evaluate(ParentRunner.java:293)
  at org.junit.runners.ParentRunner$3.evaluate(ParentRunner.java:306)
  at org.junit.runners.ParentRunner.run(ParentRunner.java:413)
  at org.junit.runner.JUnitCore.run(JUnitCore.java:137)
  at org.junit.runner.JUnitCore.run(JUnitCore.java:115)
  at org.gradle.api.internal.tasks.testing.junit.JUnitTestExecutor.runRequest(JUnitTestExecutor.java:175)
  at org.gradle.api.internal.tasks.testing.junit.JUnitTestExecutor.accept(JUnitTestExecutor.java:84)
  at org.gradle.api.internal.tasks.testing.junit.JUnitTestExecutor.accept(JUnitTestExecutor.java:47)
  at org.gradle.api.internal.tasks.testing.junit.AbstractJUnitTestDefinitionProcessor.processTestDefinition(AbstractJUnitTestDefinitionProcessor.java:65)
  at org.gradle.api.internal.tasks.testing.SuiteTestDefinitionProcessor.processTestDefinition(SuiteTestDefinitionProcessor.java:54)
  at java.base/jdk.internal.reflect.DirectMethodHandleAccessor.invoke(DirectMethodHandleAccessor.java:104)
  at java.base/java.lang.reflect.Method.invoke(Method.java:565)
  at org.gradle.internal.dispatch.MethodInvocation.invokeOn(MethodInvocation.java:77)
  at org.gradle.internal.dispatch.ReflectionDispatch.dispatch(ReflectionDispatch.java:28)
  at org.gradle.internal.dispatch.ReflectionDispatch.dispatch(ReflectionDispatch.java:19)
  at org.gradle.internal.dispatch.ContextClassLoaderDispatch.dispatch(ContextClassLoaderDispatch.java:33)
  at org.gradle.internal.dispatch.ProxyDispatchAdapter$DispatchingInvocationHandler.invoke(ProxyDispatchAdapter.java:88)
  at jdk.proxy1/jdk.proxy1.$Proxy4.processTestDefinition(Unknown Source)
  at org.gradle.api.internal.tasks.testing.worker.TestWorker$2.run(TestWorker.java:178)
  at org.gradle.api.internal.tasks.testing.worker.TestWorker.executeAndMaintainThreadName(TestWorker.java:126)
  at org.gradle.api.internal.tasks.testing.worker.TestWorker.execute(TestWorker.java:103)
  at org.gradle.api.internal.tasks.testing.worker.TestWorker.execute(TestWorker.java:63)
  at org.gradle.process.internal.worker.child.ActionExecutionWorker.execute(ActionExecutionWorker.java:56)
  at org.gradle.process.internal.worker.child.SystemApplicationClassLoaderWorker.call(SystemApplicationClassLoaderWorker.java:122)
  at org.gradle.process.internal.worker.child.SystemApplicationClassLoaderWorker.call(SystemApplicationClassLoaderWorker.java:72)
  at worker.org.gradle.process.internal.worker.GradleWorkerMain.run(GradleWorkerMain.java:69)
  at worker.org.gradle.process.internal.worker.GradleWorkerMain.main(GradleWorkerMain.java:74)
</stacktrace>
</test-failure>


TypeScriptCompilerTests_R[jvm] > restParamModifier_ts compiles to JavaScript matching restParamModifier_js[jvm] FAILED

<test-failure test="com.xemantic.typescript.compiler.TypeScriptCompilerTests_R.reexportedMissingAlias_ts has expected errors matching reexportedMissingAlias_errors_txt" platform="jvm">
<message>
Expected diagnostics from baseline typescript-repo/tests/baselines/reference/reexportedMissingAlias.errors.txt but none produced
</message>
<stacktrace>
  at com.xemantic.typescript.compiler.TypeScriptTestSupportKt.errorsMatchBaseline(TypeScriptTestSupport.kt:125)
  at com.xemantic.typescript.compiler.TypeScriptCompilerTests_R.reexportedMissingAlias_ts has expected errors matching reexportedMissingAlias_errors_txt(TypeScriptCompilerTests_R.kt:1435)
  at java.base/jdk.internal.reflect.DirectMethodHandleAccessor.invoke(DirectMethodHandleAccessor.java:104)
  at java.base/java.lang.reflect.Method.invoke(Method.java:565)
  at org.junit.runners.model.FrameworkMethod$1.runReflectiveCall(FrameworkMethod.java:59)
  at org.junit.internal.runners.model.ReflectiveCallable.run(ReflectiveCallable.java:12)
  at org.junit.runners.model.FrameworkMethod.invokeExplosively(FrameworkMethod.java:56)
  at org.junit.internal.runners.statements.InvokeMethod.evaluate(InvokeMethod.java:17)
  at org.junit.runners.ParentRunner$3.evaluate(ParentRunner.java:306)
  at org.junit.runners.BlockJUnit4ClassRunner$1.evaluate(BlockJUnit4ClassRunner.java:100)
  at org.junit.runners.ParentRunner.runLeaf(ParentRunner.java:366)
  at org.junit.runners.BlockJUnit4ClassRunner.runChild(BlockJUnit4ClassRunner.java:103)
  at org.junit.runners.BlockJUnit4ClassRunner.runChild(BlockJUnit4ClassRunner.java:63)
  at org.junit.runners.ParentRunner$4.run(ParentRunner.java:331)
  at org.junit.runners.ParentRunner$1.schedule(ParentRunner.java:79)
  at org.junit.runners.ParentRunner.runChildren(ParentRunner.java:329)
  at org.junit.runners.ParentRunner.access$100(ParentRunner.java:66)
  at org.junit.runners.ParentRunner$2.evaluate(ParentRunner.java:293)
  at org.junit.runners.ParentRunner$3.evaluate(ParentRunner.java:306)
  at org.junit.runners.ParentRunner.run(ParentRunner.java:413)
  at org.junit.runner.JUnitCore.run(JUnitCore.java:137)
  at org.junit.runner.JUnitCore.run(JUnitCore.java:115)
  at org.gradle.api.internal.tasks.testing.junit.JUnitTestExecutor.runRequest(JUnitTestExecutor.java:175)
  at org.gradle.api.internal.tasks.testing.junit.JUnitTestExecutor.accept(JUnitTestExecutor.java:84)
  at org.gradle.api.internal.tasks.testing.junit.JUnitTestExecutor.accept(JUnitTestExecutor.java:47)
  at org.gradle.api.internal.tasks.testing.junit.AbstractJUnitTestDefinitionProcessor.processTestDefinition(AbstractJUnitTestDefinitionProcessor.java:65)
  at org.gradle.api.internal.tasks.testing.SuiteTestDefinitionProcessor.processTestDefinition(SuiteTestDefinitionProcessor.java:54)
  at java.base/jdk.internal.reflect.DirectMethodHandleAccessor.invoke(DirectMethodHandleAccessor.java:104)
  at java.base/java.lang.reflect.Method.invoke(Method.java:565)
  at org.gradle.internal.dispatch.MethodInvocation.invokeOn(MethodInvocation.java:77)
  at org.gradle.internal.dispatch.ReflectionDispatch.dispatch(ReflectionDispatch.java:28)
  at org.gradle.internal.dispatch.ReflectionDispatch.dispatch(ReflectionDispatch.java:19)
  at org.gradle.internal.dispatch.ContextClassLoaderDispatch.dispatch(ContextClassLoaderDispatch.java:33)
  at org.gradle.internal.dispatch.ProxyDispatchAdapter$DispatchingInvocationHandler.invoke(ProxyDispatchAdapter.java:88)
  at jdk.proxy1/jdk.proxy1.$Proxy4.processTestDefinition(Unknown Source)
  at org.gradle.api.internal.tasks.testing.worker.TestWorker$2.run(TestWorker.java:178)
  at org.gradle.api.internal.tasks.testing.worker.TestWorker.executeAndMaintainThreadName(TestWorker.java:126)
  at org.gradle.api.internal.tasks.testing.worker.TestWorker.execute(TestWorker.java:103)
  at org.gradle.api.internal.tasks.testing.worker.TestWorker.execute(TestWorker.java:63)
  at org.gradle.process.internal.worker.child.ActionExecutionWorker.execute(ActionExecutionWorker.java:56)
  at org.gradle.process.internal.worker.child.SystemApplicationClassLoaderWorker.call(SystemApplicationClassLoaderWorker.java:122)
  at org.gradle.process.internal.worker.child.SystemApplicationClassLoaderWorker.call(SystemApplicationClassLoaderWorker.java:72)
  at worker.org.gradle.process.internal.worker.GradleWorkerMain.run(GradleWorkerMain.java:69)
  at worker.org.gradle.process.internal.worker.GradleWorkerMain.main(GradleWorkerMain.java:74)
</stacktrace>
</test-failure>


TypeScriptCompilerTests_R[jvm] > reexportedMissingAlias_ts has expected errors matching reexportedMissingAlias_errors_txt[jvm] FAILED

<test-failure test="com.xemantic.typescript.compiler.TypeScriptCompilerTests_R.requireOfJsonFileNonRelativeWithoutExtension_ts has expected errors matching requireOfJsonFileNonRelativeWithoutExtension_errors_txt" platform="jvm">
<message>
Expected diagnostics from baseline typescript-repo/tests/baselines/reference/requireOfJsonFileNonRelativeWithoutExtension.errors.txt but none produced
</message>
<stacktrace>
  at com.xemantic.typescript.compiler.TypeScriptTestSupportKt.errorsMatchBaseline(TypeScriptTestSupport.kt:125)
  at com.xemantic.typescript.compiler.TypeScriptCompilerTests_R.requireOfJsonFileNonRelativeWithoutExtension_ts has expected errors matching requireOfJsonFileNonRelativeWithoutExtension_errors_txt(TypeScriptCompilerTests_R.kt:1827)
  at java.base/jdk.internal.reflect.DirectMethodHandleAccessor.invoke(DirectMethodHandleAccessor.java:104)
  at java.base/java.lang.reflect.Method.invoke(Method.java:565)
  at org.junit.runners.model.FrameworkMethod$1.runReflectiveCall(FrameworkMethod.java:59)
  at org.junit.internal.runners.model.ReflectiveCallable.run(ReflectiveCallable.java:12)
  at org.junit.runners.model.FrameworkMethod.invokeExplosively(FrameworkMethod.java:56)
  at org.junit.internal.runners.statements.InvokeMethod.evaluate(InvokeMethod.java:17)
  at org.junit.runners.ParentRunner$3.evaluate(ParentRunner.java:306)
  at org.junit.runners.BlockJUnit4ClassRunner$1.evaluate(BlockJUnit4ClassRunner.java:100)
  at org.junit.runners.ParentRunner.runLeaf(ParentRunner.java:366)
  at org.junit.runners.BlockJUnit4ClassRunner.runChild(BlockJUnit4ClassRunner.java:103)
  at org.junit.runners.BlockJUnit4ClassRunner.runChild(BlockJUnit4ClassRunner.java:63)
  at org.junit.runners.ParentRunner$4.run(ParentRunner.java:331)
  at org.junit.runners.ParentRunner$1.schedule(ParentRunner.java:79)
  at org.junit.runners.ParentRunner.runChildren(ParentRunner.java:329)
  at org.junit.runners.ParentRunner.access$100(ParentRunner.java:66)
  at org.junit.runners.ParentRunner$2.evaluate(ParentRunner.java:293)
  at org.junit.runners.ParentRunner$3.evaluate(ParentRunner.java:306)
  at org.junit.runners.ParentRunner.run(ParentRunner.java:413)
  at org.junit.runner.JUnitCore.run(JUnitCore.java:137)
  at org.junit.runner.JUnitCore.run(JUnitCore.java:115)
  at org.gradle.api.internal.tasks.testing.junit.JUnitTestExecutor.runRequest(JUnitTestExecutor.java:175)
  at org.gradle.api.internal.tasks.testing.junit.JUnitTestExecutor.accept(JUnitTestExecutor.java:84)
  at org.gradle.api.internal.tasks.testing.junit.JUnitTestExecutor.accept(JUnitTestExecutor.java:47)
  at org.gradle.api.internal.tasks.testing.junit.AbstractJUnitTestDefinitionProcessor.processTestDefinition(AbstractJUnitTestDefinitionProcessor.java:65)
  at org.gradle.api.internal.tasks.testing.SuiteTestDefinitionProcessor.processTestDefinition(SuiteTestDefinitionProcessor.java:54)
  at java.base/jdk.internal.reflect.DirectMethodHandleAccessor.invoke(DirectMethodHandleAccessor.java:104)
  at java.base/java.lang.reflect.Method.invoke(Method.java:565)
  at org.gradle.internal.dispatch.MethodInvocation.invokeOn(MethodInvocation.java:77)
  at org.gradle.internal.dispatch.ReflectionDispatch.dispatch(ReflectionDispatch.java:28)
  at org.gradle.internal.dispatch.ReflectionDispatch.dispatch(ReflectionDispatch.java:19)
  at org.gradle.internal.dispatch.ContextClassLoaderDispatch.dispatch(ContextClassLoaderDispatch.java:33)
  at org.gradle.internal.dispatch.ProxyDispatchAdapter$DispatchingInvocationHandler.invoke(ProxyDispatchAdapter.java:88)
  at jdk.proxy1/jdk.proxy1.$Proxy4.processTestDefinition(Unknown Source)
  at org.gradle.api.internal.tasks.testing.worker.TestWorker$2.run(TestWorker.java:178)
  at org.gradle.api.internal.tasks.testing.worker.TestWorker.executeAndMaintainThreadName(TestWorker.java:126)
  at org.gradle.api.internal.tasks.testing.worker.TestWorker.execute(TestWorker.java:103)
  at org.gradle.api.internal.tasks.testing.worker.TestWorker.execute(TestWorker.java:63)
  at org.gradle.process.internal.worker.child.ActionExecutionWorker.execute(ActionExecutionWorker.java:56)
  at org.gradle.process.internal.worker.child.SystemApplicationClassLoaderWorker.call(SystemApplicationClassLoaderWorker.java:122)
  at org.gradle.process.internal.worker.child.SystemApplicationClassLoaderWorker.call(SystemApplicationClassLoaderWorker.java:72)
  at worker.org.gradle.process.internal.worker.GradleWorkerMain.run(GradleWorkerMain.java:69)
  at worker.org.gradle.process.internal.worker.GradleWorkerMain.main(GradleWorkerMain.java:74)
</stacktrace>
</test-failure>


TypeScriptCompilerTests_R[jvm] > requireOfJsonFileNonRelativeWithoutExtension_ts has expected errors matching requireOfJsonFileNonRelativeWithoutExtension_errors_txt[jvm] FAILED

<test-failure test="com.xemantic.typescript.compiler.TypeScriptCompilerTests_R.relativeNamesInClassicResolution_ts has expected errors matching relativeNamesInClassicResolution_errors_txt" platform="jvm">
<message>
--- expected
+++ actual
@@ -1,12 +1,9 @@
 error TS5107: Option 'module=AMD' is deprecated and will stop functioning in TypeScript 7.0. Specify compilerOption '"ignoreDeprecations": "6.0"' to silence this error.
-somefolder/a.ts(1,17): error TS2792: Cannot find module './b'. Did you mean to set the 'moduleResolution' option to 'nodenext', or to add aliases to the 'paths' option?
 
 
 !!! error TS5107: Option 'module=AMD' is deprecated and will stop functioning in TypeScript 7.0. Specify compilerOption '"ignoreDeprecations": "6.0"' to silence this error.
-==== somefolder/a.ts (1 errors) ====
+==== somefolder/a.ts (0 errors) ====
     import {x} from "./b"
-                    ~~~~~
-!!! error TS2792: Cannot find module './b'. Did you mean to set the 'moduleResolution' option to 'nodenext', or to add aliases to the 'paths' option?
     
 ==== b.ts (0 errors) ====
     export let x = 1;

</message>
<stacktrace>
  at org.junit.Assert.fail(Assert.java:89)
  at kotlin.test.junit.JUnitAsserter.fail(JUnitSupport.kt:56)
  at kotlin.test.AssertionsKt__AssertionsKt.fail(Assertions.kt:563)
  at kotlin.test.AssertionsKt.fail(Unknown Source)
  at com.xemantic.kotlin.test.SameAsKt.sameAs(SameAs.kt:52)
  at com.xemantic.typescript.compiler.TypeScriptTestSupportKt.errorsMatchBaseline(TypeScriptTestSupport.kt:135)
  at com.xemantic.typescript.compiler.TypeScriptCompilerTests_R.relativeNamesInClassicResolution_ts has expected errors matching relativeNamesInClassicResolution_errors_txt(TypeScriptCompilerTests_R.kt:1715)
  at java.base/jdk.internal.reflect.DirectMethodHandleAccessor.invoke(DirectMethodHandleAccessor.java:104)
  at java.base/java.lang.reflect.Method.invoke(Method.java:565)
  at org.junit.runners.model.FrameworkMethod$1.runReflectiveCall(FrameworkMethod.java:59)
  at org.junit.internal.runners.model.ReflectiveCallable.run(ReflectiveCallable.java:12)
  at org.junit.runners.model.FrameworkMethod.invokeExplosively(FrameworkMethod.java:56)
  at org.junit.internal.runners.statements.InvokeMethod.evaluate(InvokeMethod.java:17)
  at org.junit.runners.ParentRunner$3.evaluate(ParentRunner.java:306)
  at org.junit.runners.BlockJUnit4ClassRunner$1.evaluate(BlockJUnit4ClassRunner.java:100)
  at org.junit.runners.ParentRunner.runLeaf(ParentRunner.java:366)
  at org.junit.runners.BlockJUnit4ClassRunner.runChild(BlockJUnit4ClassRunner.java:103)
  at org.junit.runners.BlockJUnit4ClassRunner.runChild(BlockJUnit4ClassRunner.java:63)
  at org.junit.runners.ParentRunner$4.run(ParentRunner.java:331)
  at org.junit.runners.ParentRunner$1.schedule(ParentRunner.java:79)
  at org.junit.runners.ParentRunner.runChildren(ParentRunner.java:329)
  at org.junit.runners.ParentRunner.access$100(ParentRunner.java:66)
  at org.junit.runners.ParentRunner$2.evaluate(ParentRunner.java:293)
  at org.junit.runners.ParentRunner$3.evaluate(ParentRunner.java:306)
  at org.junit.runners.ParentRunner.run(ParentRunner.java:413)
  at org.junit.runner.JUnitCore.run(JUnitCore.java:137)
  at org.junit.runner.JUnitCore.run(JUnitCore.java:115)
  at org.gradle.api.internal.tasks.testing.junit.JUnitTestExecutor.runRequest(JUnitTestExecutor.java:175)
  at org.gradle.api.internal.tasks.testing.junit.JUnitTestExecutor.accept(JUnitTestExecutor.java:84)
  at org.gradle.api.internal.tasks.testing.junit.JUnitTestExecutor.accept(JUnitTestExecutor.java:47)
  at org.gradle.api.internal.tasks.testing.junit.AbstractJUnitTestDefinitionProcessor.processTestDefinition(AbstractJUnitTestDefinitionProcessor.java:65)
  at org.gradle.api.internal.tasks.testing.SuiteTestDefinitionProcessor.processTestDefinition(SuiteTestDefinitionProcessor.java:54)
  at java.base/jdk.internal.reflect.DirectMethodHandleAccessor.invoke(DirectMethodHandleAccessor.java:104)
  at java.base/java.lang.reflect.Method.invoke(Method.java:565)
  at org.gradle.internal.dispatch.MethodInvocation.invokeOn(MethodInvocation.java:77)
  at org.gradle.internal.dispatch.ReflectionDispatch.dispatch(ReflectionDispatch.java:28)
  at org.gradle.internal.dispatch.ReflectionDispatch.dispatch(ReflectionDispatch.java:19)
  at org.gradle.internal.dispatch.ContextClassLoaderDispatch.dispatch(ContextClassLoaderDispatch.java:33)
  at org.gradle.internal.dispatch.ProxyDispatchAdapter$DispatchingInvocationHandler.invoke(ProxyDispatchAdapter.java:88)
  at jdk.proxy1/jdk.proxy1.$Proxy4.processTestDefinition(Unknown Source)
  at org.gradle.api.internal.tasks.testing.worker.TestWorker$2.run(TestWorker.java:178)
  at org.gradle.api.internal.tasks.testing.worker.TestWorker.executeAndMaintainThreadName(TestWorker.java:126)
  at org.gradle.api.internal.tasks.testing.worker.TestWorker.execute(TestWorker.java:103)
  at org.gradle.api.internal.tasks.testing.worker.TestWorker.execute(TestWorker.java:63)
  at org.gradle.process.internal.worker.child.ActionExecutionWorker.execute(ActionExecutionWorker.java:56)
  at org.gradle.process.internal.worker.child.SystemApplicationClassLoaderWorker.call(SystemApplicationClassLoaderWorker.java:122)
  at org.gradle.process.internal.worker.child.SystemApplicationClassLoaderWorker.call(SystemApplicationClassLoaderWorker.java:72)
  at worker.org.gradle.process.internal.worker.GradleWorkerMain.run(GradleWorkerMain.java:69)
  at worker.org.gradle.process.internal.worker.GradleWorkerMain.main(GradleWorkerMain.java:74)
</stacktrace>
</test-failure>


TypeScriptCompilerTests_R[jvm] > relativeNamesInClassicResolution_ts has expected errors matching relativeNamesInClassicResolution_errors_txt[jvm] FAILED

<test-failure test="com.xemantic.typescript.compiler.TypeScriptCompilerTests_R.recursiveTypeRelations_ts has expected errors matching recursiveTypeRelations_errors_txt" platform="jvm">
<message>
--- expected
+++ actual
@@ -1,12 +1,9 @@
 recursiveTypeRelations.ts(8,5): error TS2391: Function implementation is missing or not immediately following the declaration.
-recursiveTypeRelations.ts(27,38): error TS2552: Cannot find name 'ClassNameObject'. Did you mean 'ClassNameObjectMap'?
-recursiveTypeRelations.ts(27,55): error TS2345: Argument of type '(obj: ClassNameObject, key: keyof S) => ClassNameObject' is not assignable to parameter of type '(previousValue: ClassNameObject, currentValue: string, currentIndex: number, array: string[]) => ClassNameObject'.
-  Types of parameters 'key' and 'currentValue' are incompatible.
-    Type 'string' is not assignable to type 'keyof S'.
-recursiveTypeRelations.ts(27,61): error TS2552: Cannot find name 'ClassNameObject'. Did you mean 'ClassNameObjectMap'?
+recursiveTypeRelations.ts(27,38): error TS2304: Cannot find name 'ClassNameObject'.
+recursiveTypeRelations.ts(27,61): error TS2304: Cannot find name 'ClassNameObject'.
 
 
-==== recursiveTypeRelations.ts (4 errors) ====
+==== recursiveTypeRelations.ts (3 errors) ====
     // Repro from #14896
     
     type Attributes<Keys extends keyof any> = {
@@ -37,13 +34,9 @@
         if (typeof arg == "object") {
           return Object.keys(arg).reduce<ClassNameObject>((obj: ClassNameObject, key: keyof S) => {
                                          ~~~~~~~~~~~~~~~
-!!! error TS2552: Cannot find name 'ClassNameObject'. Did you mean 'ClassNameObjectMap'?
-                                                          ~~~~~~~~~~~~~~~~~~~~~~~~~~~~~~~~~~~~~~~~~
-!!! error TS2345: Argument of type '(obj: ClassNameObject, key: keyof S) => ClassNameObject' is not assignable to parameter of type '(previousValue: ClassNameObject, currentValue: string, currentIndex: number, array: string[]) => ClassNameObject'.
-!!! error TS2345:   Types of parameters 'key' and 'currentValue' are incompatible.
-!!! error TS2345:     Type 'string' is not assignable to type 'keyof S'.
+!!! error TS2304: Cannot find name 'ClassNameObject'.
                                                                 ~~~~~~~~~~~~~~~
-!!! error TS2552: Cannot find name 'ClassNameObject'. Did you mean 'ClassNameObjectMap'?
+!!! error TS2304: Cannot find name 'ClassNameObject'.
             const exportedClassName = styles[key];
             obj[exportedClassName] = (arg as ClassNameMap<S>)[key]; 
             return obj;

</message>
<stacktrace>
  at org.junit.Assert.fail(Assert.java:89)
  at kotlin.test.junit.JUnitAsserter.fail(JUnitSupport.kt:56)
  at kotlin.test.AssertionsKt__AssertionsKt.fail(Assertions.kt:563)
  at kotlin.test.AssertionsKt.fail(Unknown Source)
  at com.xemantic.kotlin.test.SameAsKt.sameAs(SameAs.kt:52)
  at com.xemantic.typescript.compiler.TypeScriptTestSupportKt.errorsMatchBaseline(TypeScriptTestSupport.kt:135)
  at com.xemantic.typescript.compiler.TypeScriptCompilerTests_R.recursiveTypeRelations_ts has expected errors matching recursiveTypeRelations_errors_txt(TypeScriptCompilerTests_R.kt:1218)
  at java.base/jdk.internal.reflect.DirectMethodHandleAccessor.invoke(DirectMethodHandleAccessor.java:104)
  at java.base/java.lang.reflect.Method.invoke(Method.java:565)
  at org.junit.runners.model.FrameworkMethod$1.runReflectiveCall(FrameworkMethod.java:59)
  at org.junit.internal.runners.model.ReflectiveCallable.run(ReflectiveCallable.java:12)
  at org.junit.runners.model.FrameworkMethod.invokeExplosively(FrameworkMethod.java:56)
  at org.junit.internal.runners.statements.InvokeMethod.evaluate(InvokeMethod.java:17)
  at org.junit.runners.ParentRunner$3.evaluate(ParentRunner.java:306)
  at org.junit.runners.BlockJUnit4ClassRunner$1.evaluate(BlockJUnit4ClassRunner.java:100)
  at org.junit.runners.ParentRunner.runLeaf(ParentRunner.java:366)
  at org.junit.runners.BlockJUnit4ClassRunner.runChild(BlockJUnit4ClassRunner.java:103)
  at org.junit.runners.BlockJUnit4ClassRunner.runChild(BlockJUnit4ClassRunner.java:63)
  at org.junit.runners.ParentRunner$4.run(ParentRunner.java:331)
  at org.junit.runners.ParentRunner$1.schedule(ParentRunner.java:79)
  at org.junit.runners.ParentRunner.runChildren(ParentRunner.java:329)
  at org.junit.runners.ParentRunner.access$100(ParentRunner.java:66)
  at org.junit.runners.ParentRunner$2.evaluate(ParentRunner.java:293)
  at org.junit.runners.ParentRunner$3.evaluate(ParentRunner.java:306)
  at org.junit.runners.ParentRunner.run(ParentRunner.java:413)
  at org.junit.runner.JUnitCore.run(JUnitCore.java:137)
  at org.junit.runner.JUnitCore.run(JUnitCore.java:115)
  at org.gradle.api.internal.tasks.testing.junit.JUnitTestExecutor.runRequest(JUnitTestExecutor.java:175)
  at org.gradle.api.internal.tasks.testing.junit.JUnitTestExecutor.accept(JUnitTestExecutor.java:84)
  at org.gradle.api.internal.tasks.testing.junit.JUnitTestExecutor.accept(JUnitTestExecutor.java:47)
  at org.gradle.api.internal.tasks.testing.junit.AbstractJUnitTestDefinitionProcessor.processTestDefinition(AbstractJUnitTestDefinitionProcessor.java:65)
  at org.gradle.api.internal.tasks.testing.SuiteTestDefinitionProcessor.processTestDefinition(SuiteTestDefinitionProcessor.java:54)
  at java.base/jdk.internal.reflect.DirectMethodHandleAccessor.invoke(DirectMethodHandleAccessor.java:104)
  at java.base/java.lang.reflect.Method.invoke(Method.java:565)
  at org.gradle.internal.dispatch.MethodInvocation.invokeOn(MethodInvocation.java:77)
  at org.gradle.internal.dispatch.ReflectionDispatch.dispatch(ReflectionDispatch.java:28)
  at org.gradle.internal.dispatch.ReflectionDispatch.dispatch(ReflectionDispatch.java:19)
  at org.gradle.internal.dispatch.ContextClassLoaderDispatch.dispatch(ContextClassLoaderDispatch.java:33)
  at org.gradle.internal.dispatch.ProxyDispatchAdapter$DispatchingInvocationHandler.invoke(ProxyDispatchAdapter.java:88)
  at jdk.proxy1/jdk.proxy1.$Proxy4.processTestDefinition(Unknown Source)
  at org.gradle.api.internal.tasks.testing.worker.TestWorker$2.run(TestWorker.java:178)
  at org.gradle.api.internal.tasks.testing.worker.TestWorker.executeAndMaintainThreadName(TestWorker.java:126)
  at org.gradle.api.internal.tasks.testing.worker.TestWorker.execute(TestWorker.java:103)
  at org.gradle.api.internal.tasks.testing.worker.TestWorker.execute(TestWorker.java:63)
  at org.gradle.process.internal.worker.child.ActionExecutionWorker.execute(ActionExecutionWorker.java:56)
  at org.gradle.process.internal.worker.child.SystemApplicationClassLoaderWorker.call(SystemApplicationClassLoaderWorker.java:122)
  at org.gradle.process.internal.worker.child.SystemApplicationClassLoaderWorker.call(SystemApplicationClassLoaderWorker.java:72)
  at worker.org.gradle.process.internal.worker.GradleWorkerMain.run(GradleWorkerMain.java:69)
  at worker.org.gradle.process.internal.worker.GradleWorkerMain.main(GradleWorkerMain.java:74)
</stacktrace>
</test-failure>


TypeScriptCompilerTests_R[jvm] > recursiveTypeRelations_ts has expected errors matching recursiveTypeRelations_errors_txt[jvm] FAILED

<test-failure test="com.xemantic.typescript.compiler.TypeScriptCompilerTests_R.reExportUndefined1_ts has expected errors matching reExportUndefined1_errors_txt" platform="jvm">
<message>
Expected diagnostics from baseline typescript-repo/tests/baselines/reference/reExportUndefined1.errors.txt but none produced
</message>
<stacktrace>
  at com.xemantic.typescript.compiler.TypeScriptTestSupportKt.errorsMatchBaseline(TypeScriptTestSupport.kt:125)
  at com.xemantic.typescript.compiler.TypeScriptCompilerTests_R.reExportUndefined1_ts has expected errors matching reExportUndefined1_errors_txt(TypeScriptCompilerTests_R.kt:112)
  at java.base/jdk.internal.reflect.DirectMethodHandleAccessor.invoke(DirectMethodHandleAccessor.java:104)
  at java.base/java.lang.reflect.Method.invoke(Method.java:565)
  at org.junit.runners.model.FrameworkMethod$1.runReflectiveCall(FrameworkMethod.java:59)
  at org.junit.internal.runners.model.ReflectiveCallable.run(ReflectiveCallable.java:12)
  at org.junit.runners.model.FrameworkMethod.invokeExplosively(FrameworkMethod.java:56)
  at org.junit.internal.runners.statements.InvokeMethod.evaluate(InvokeMethod.java:17)
  at org.junit.runners.ParentRunner$3.evaluate(ParentRunner.java:306)
  at org.junit.runners.BlockJUnit4ClassRunner$1.evaluate(BlockJUnit4ClassRunner.java:100)
  at org.junit.runners.ParentRunner.runLeaf(ParentRunner.java:366)
  at org.junit.runners.BlockJUnit4ClassRunner.runChild(BlockJUnit4ClassRunner.java:103)
  at org.junit.runners.BlockJUnit4ClassRunner.runChild(BlockJUnit4ClassRunner.java:63)
  at org.junit.runners.ParentRunner$4.run(ParentRunner.java:331)
  at org.junit.runners.ParentRunner$1.schedule(ParentRunner.java:79)
  at org.junit.runners.ParentRunner.runChildren(ParentRunner.java:329)
  at org.junit.runners.ParentRunner.access$100(ParentRunner.java:66)
  at org.junit.runners.ParentRunner$2.evaluate(ParentRunner.java:293)
  at org.junit.runners.ParentRunner$3.evaluate(ParentRunner.java:306)
  at org.junit.runners.ParentRunner.run(ParentRunner.java:413)
  at org.junit.runner.JUnitCore.run(JUnitCore.java:137)
  at org.junit.runner.JUnitCore.run(JUnitCore.java:115)
  at org.gradle.api.internal.tasks.testing.junit.JUnitTestExecutor.runRequest(JUnitTestExecutor.java:175)
  at org.gradle.api.internal.tasks.testing.junit.JUnitTestExecutor.accept(JUnitTestExecutor.java:84)
  at org.gradle.api.internal.tasks.testing.junit.JUnitTestExecutor.accept(JUnitTestExecutor.java:47)
  at org.gradle.api.internal.tasks.testing.junit.AbstractJUnitTestDefinitionProcessor.processTestDefinition(AbstractJUnitTestDefinitionProcessor.java:65)
  at org.gradle.api.internal.tasks.testing.SuiteTestDefinitionProcessor.processTestDefinition(SuiteTestDefinitionProcessor.java:54)
  at java.base/jdk.internal.reflect.DirectMethodHandleAccessor.invoke(DirectMethodHandleAccessor.java:104)
  at java.base/java.lang.reflect.Method.invoke(Method.java:565)
  at org.gradle.internal.dispatch.MethodInvocation.invokeOn(MethodInvocation.java:77)
  at org.gradle.internal.dispatch.ReflectionDispatch.dispatch(ReflectionDispatch.java:28)
  at org.gradle.internal.dispatch.ReflectionDispatch.dispatch(ReflectionDispatch.java:19)
  at org.gradle.internal.dispatch.ContextClassLoaderDispatch.dispatch(ContextClassLoaderDispatch.java:33)
  at org.gradle.internal.dispatch.ProxyDispatchAdapter$DispatchingInvocationHandler.invoke(ProxyDispatchAdapter.java:88)
  at jdk.proxy1/jdk.proxy1.$Proxy4.processTestDefinition(Unknown Source)
  at org.gradle.api.internal.tasks.testing.worker.TestWorker$2.run(TestWorker.java:178)
  at org.gradle.api.internal.tasks.testing.worker.TestWorker.executeAndMaintainThreadName(TestWorker.java:126)
  at org.gradle.api.internal.tasks.testing.worker.TestWorker.execute(TestWorker.java:103)
  at org.gradle.api.internal.tasks.testing.worker.TestWorker.execute(TestWorker.java:63)
  at org.gradle.process.internal.worker.child.ActionExecutionWorker.execute(ActionExecutionWorker.java:56)
  at org.gradle.process.internal.worker.child.SystemApplicationClassLoaderWorker.call(SystemApplicationClassLoaderWorker.java:122)
  at org.gradle.process.internal.worker.child.SystemApplicationClassLoaderWorker.call(SystemApplicationClassLoaderWorker.java:72)
  at worker.org.gradle.process.internal.worker.GradleWorkerMain.run(GradleWorkerMain.java:69)
  at worker.org.gradle.process.internal.worker.GradleWorkerMain.main(GradleWorkerMain.java:74)
</stacktrace>
</test-failure>


TypeScriptCompilerTests_R[jvm] > reExportUndefined1_ts has expected errors matching reExportUndefined1_errors_txt[jvm] FAILED

<test-failure test="com.xemantic.typescript.compiler.TypeScriptCompilerTests_R.recursiveExportAssignmentAndFindAliasedType6_ts has expected errors matching recursiveExportAssignmentAndFindAliasedType6_errors_txt" platform="jvm">
<message>
Expected diagnostics from baseline typescript-repo/tests/baselines/reference/recursiveExportAssignmentAndFindAliasedType6.errors.txt but none produced
</message>
<stacktrace>
  at com.xemantic.typescript.compiler.TypeScriptTestSupportKt.errorsMatchBaseline(TypeScriptTestSupport.kt:125)
  at com.xemantic.typescript.compiler.TypeScriptCompilerTests_R.recursiveExportAssignmentAndFindAliasedType6_ts has expected errors matching recursiveExportAssignmentAndFindAliasedType6_errors_txt(TypeScriptCompilerTests_R.kt:791)
  at java.base/jdk.internal.reflect.DirectMethodHandleAccessor.invoke(DirectMethodHandleAccessor.java:104)
  at java.base/java.lang.reflect.Method.invoke(Method.java:565)
  at org.junit.runners.model.FrameworkMethod$1.runReflectiveCall(FrameworkMethod.java:59)
  at org.junit.internal.runners.model.ReflectiveCallable.run(ReflectiveCallable.java:12)
  at org.junit.runners.model.FrameworkMethod.invokeExplosively(FrameworkMethod.java:56)
  at org.junit.internal.runners.statements.InvokeMethod.evaluate(InvokeMethod.java:17)
  at org.junit.runners.ParentRunner$3.evaluate(ParentRunner.java:306)
  at org.junit.runners.BlockJUnit4ClassRunner$1.evaluate(BlockJUnit4ClassRunner.java:100)
  at org.junit.runners.ParentRunner.runLeaf(ParentRunner.java:366)
  at org.junit.runners.BlockJUnit4ClassRunner.runChild(BlockJUnit4ClassRunner.java:103)
  at org.junit.runners.BlockJUnit4ClassRunner.runChild(BlockJUnit4ClassRunner.java:63)
  at org.junit.runners.ParentRunner$4.run(ParentRunner.java:331)
  at org.junit.runners.ParentRunner$1.schedule(ParentRunner.java:79)
  at org.junit.runners.ParentRunner.runChildren(ParentRunner.java:329)
  at org.junit.runners.ParentRunner.access$100(ParentRunner.java:66)
  at org.junit.runners.ParentRunner$2.evaluate(ParentRunner.java:293)
  at org.junit.runners.ParentRunner$3.evaluate(ParentRunner.java:306)
  at org.junit.runners.ParentRunner.run(ParentRunner.java:413)
  at org.junit.runner.JUnitCore.run(JUnitCore.java:137)
  at org.junit.runner.JUnitCore.run(JUnitCore.java:115)
  at org.gradle.api.internal.tasks.testing.junit.JUnitTestExecutor.runRequest(JUnitTestExecutor.java:175)
  at org.gradle.api.internal.tasks.testing.junit.JUnitTestExecutor.accept(JUnitTestExecutor.java:84)
  at org.gradle.api.internal.tasks.testing.junit.JUnitTestExecutor.accept(JUnitTestExecutor.java:47)
  at org.gradle.api.internal.tasks.testing.junit.AbstractJUnitTestDefinitionProcessor.processTestDefinition(AbstractJUnitTestDefinitionProcessor.java:65)
  at org.gradle.api.internal.tasks.testing.SuiteTestDefinitionProcessor.processTestDefinition(SuiteTestDefinitionProcessor.java:54)
  at java.base/jdk.internal.reflect.DirectMethodHandleAccessor.invoke(DirectMethodHandleAccessor.java:104)
  at java.base/java.lang.reflect.Method.invoke(Method.java:565)
  at org.gradle.internal.dispatch.MethodInvocation.invokeOn(MethodInvocation.java:77)
  at org.gradle.internal.dispatch.ReflectionDispatch.dispatch(ReflectionDispatch.java:28)
  at org.gradle.internal.dispatch.ReflectionDispatch.dispatch(ReflectionDispatch.java:19)
  at org.gradle.internal.dispatch.ContextClassLoaderDispatch.dispatch(ContextClassLoaderDispatch.java:33)
  at org.gradle.internal.dispatch.ProxyDispatchAdapter$DispatchingInvocationHandler.invoke(ProxyDispatchAdapter.java:88)
  at jdk.proxy1/jdk.proxy1.$Proxy4.processTestDefinition(Unknown Source)
  at org.gradle.api.internal.tasks.testing.worker.TestWorker$2.run(TestWorker.java:178)
  at org.gradle.api.internal.tasks.testing.worker.TestWorker.executeAndMaintainThreadName(TestWorker.java:126)
  at org.gradle.api.internal.tasks.testing.worker.TestWorker.execute(TestWorker.java:103)
  at org.gradle.api.internal.tasks.testing.worker.TestWorker.execute(TestWorker.java:63)
  at org.gradle.process.internal.worker.child.ActionExecutionWorker.execute(ActionExecutionWorker.java:56)
  at org.gradle.process.internal.worker.child.SystemApplicationClassLoaderWorker.call(SystemApplicationClassLoaderWorker.java:122)
  at org.gradle.process.internal.worker.child.SystemApplicationClassLoaderWorker.call(SystemApplicationClassLoaderWorker.java:72)
  at worker.org.gradle.process.internal.worker.GradleWorkerMain.run(GradleWorkerMain.java:69)
  at worker.org.gradle.process.internal.worker.GradleWorkerMain.main(GradleWorkerMain.java:74)
</stacktrace>
</test-failure>


TypeScriptCompilerTests_R[jvm] > recursiveExportAssignmentAndFindAliasedType6_ts has expected errors matching recursiveExportAssignmentAndFindAliasedType6_errors_txt[jvm] FAILED

<test-failure test="com.xemantic.typescript.compiler.TypeScriptCompilerTests_R.regexpExecAndMatchTypeUsages_ts__strict_false__has expected errors matching baseline" platform="jvm">
<message>
Expected diagnostics from baseline typescript-repo/tests/baselines/reference/regexpExecAndMatchTypeUsages(strict=false).errors.txt but none produced
</message>
<stacktrace>
  at com.xemantic.typescript.compiler.TypeScriptTestSupportKt.errorsMatchBaseline(TypeScriptTestSupport.kt:125)
  at com.xemantic.typescript.compiler.TypeScriptCompilerTests_R.regexpExecAndMatchTypeUsages_ts__strict_false__has expected errors matching baseline(TypeScriptCompilerTests_R.kt:1540)
  at java.base/jdk.internal.reflect.DirectMethodHandleAccessor.invoke(DirectMethodHandleAccessor.java:104)
  at java.base/java.lang.reflect.Method.invoke(Method.java:565)
  at org.junit.runners.model.FrameworkMethod$1.runReflectiveCall(FrameworkMethod.java:59)
  at org.junit.internal.runners.model.ReflectiveCallable.run(ReflectiveCallable.java:12)
  at org.junit.runners.model.FrameworkMethod.invokeExplosively(FrameworkMethod.java:56)
  at org.junit.internal.runners.statements.InvokeMethod.evaluate(InvokeMethod.java:17)
  at org.junit.runners.ParentRunner$3.evaluate(ParentRunner.java:306)
  at org.junit.runners.BlockJUnit4ClassRunner$1.evaluate(BlockJUnit4ClassRunner.java:100)
  at org.junit.runners.ParentRunner.runLeaf(ParentRunner.java:366)
  at org.junit.runners.BlockJUnit4ClassRunner.runChild(BlockJUnit4ClassRunner.java:103)
  at org.junit.runners.BlockJUnit4ClassRunner.runChild(BlockJUnit4ClassRunner.java:63)
  at org.junit.runners.ParentRunner$4.run(ParentRunner.java:331)
  at org.junit.runners.ParentRunner$1.schedule(ParentRunner.java:79)
  at org.junit.runners.ParentRunner.runChildren(ParentRunner.java:329)
  at org.junit.runners.ParentRunner.access$100(ParentRunner.java:66)
  at org.junit.runners.ParentRunner$2.evaluate(ParentRunner.java:293)
  at org.junit.runners.ParentRunner$3.evaluate(ParentRunner.java:306)
  at org.junit.runners.ParentRunner.run(ParentRunner.java:413)
  at org.junit.runner.JUnitCore.run(JUnitCore.java:137)
  at org.junit.runner.JUnitCore.run(JUnitCore.java:115)
  at org.gradle.api.internal.tasks.testing.junit.JUnitTestExecutor.runRequest(JUnitTestExecutor.java:175)
  at org.gradle.api.internal.tasks.testing.junit.JUnitTestExecutor.accept(JUnitTestExecutor.java:84)
  at org.gradle.api.internal.tasks.testing.junit.JUnitTestExecutor.accept(JUnitTestExecutor.java:47)
  at org.gradle.api.internal.tasks.testing.junit.AbstractJUnitTestDefinitionProcessor.processTestDefinition(AbstractJUnitTestDefinitionProcessor.java:65)
  at org.gradle.api.internal.tasks.testing.SuiteTestDefinitionProcessor.processTestDefinition(SuiteTestDefinitionProcessor.java:54)
  at java.base/jdk.internal.reflect.DirectMethodHandleAccessor.invoke(DirectMethodHandleAccessor.java:104)
  at java.base/java.lang.reflect.Method.invoke(Method.java:565)
  at org.gradle.internal.dispatch.MethodInvocation.invokeOn(MethodInvocation.java:77)
  at org.gradle.internal.dispatch.ReflectionDispatch.dispatch(ReflectionDispatch.java:28)
  at org.gradle.internal.dispatch.ReflectionDispatch.dispatch(ReflectionDispatch.java:19)
  at org.gradle.internal.dispatch.ContextClassLoaderDispatch.dispatch(ContextClassLoaderDispatch.java:33)
  at org.gradle.internal.dispatch.ProxyDispatchAdapter$DispatchingInvocationHandler.invoke(ProxyDispatchAdapter.java:88)
  at jdk.proxy1/jdk.proxy1.$Proxy4.processTestDefinition(Unknown Source)
  at org.gradle.api.internal.tasks.testing.worker.TestWorker$2.run(TestWorker.java:178)
  at org.gradle.api.internal.tasks.testing.worker.TestWorker.executeAndMaintainThreadName(TestWorker.java:126)
  at org.gradle.api.internal.tasks.testing.worker.TestWorker.execute(TestWorker.java:103)
  at org.gradle.api.internal.tasks.testing.worker.TestWorker.execute(TestWorker.java:63)
  at org.gradle.process.internal.worker.child.ActionExecutionWorker.execute(ActionExecutionWorker.java:56)
  at org.gradle.process.internal.worker.child.SystemApplicationClassLoaderWorker.call(SystemApplicationClassLoaderWorker.java:122)
  at org.gradle.process.internal.worker.child.SystemApplicationClassLoaderWorker.call(SystemApplicationClassLoaderWorker.java:72)
  at worker.org.gradle.process.internal.worker.GradleWorkerMain.run(GradleWorkerMain.java:69)
  at worker.org.gradle.process.internal.worker.GradleWorkerMain.main(GradleWorkerMain.java:74)
</stacktrace>
</test-failure>


TypeScriptCompilerTests_R[jvm] > regexpExecAndMatchTypeUsages_ts__strict_false__has expected errors matching baseline[jvm] FAILED

<test-failure test="com.xemantic.typescript.compiler.TypeScriptCompilerTests_R.requireOfJsonFileWithoutResolveJsonModule_ts has expected errors matching requireOfJsonFileWithoutResolveJsonModule_errors_txt" platform="jvm">
<message>
Expected diagnostics from baseline typescript-repo/tests/baselines/reference/requireOfJsonFileWithoutResolveJsonModule.errors.txt but none produced
</message>
<stacktrace>
  at com.xemantic.typescript.compiler.TypeScriptTestSupportKt.errorsMatchBaseline(TypeScriptTestSupport.kt:125)
  at com.xemantic.typescript.compiler.TypeScriptCompilerTests_R.requireOfJsonFileWithoutResolveJsonModule_ts has expected errors matching requireOfJsonFileWithoutResolveJsonModule_errors_txt(TypeScriptCompilerTests_R.kt:2128)
  at java.base/jdk.internal.reflect.DirectMethodHandleAccessor.invoke(DirectMethodHandleAccessor.java:104)
  at java.base/java.lang.reflect.Method.invoke(Method.java:565)
  at org.junit.runners.model.FrameworkMethod$1.runReflectiveCall(FrameworkMethod.java:59)
  at org.junit.internal.runners.model.ReflectiveCallable.run(ReflectiveCallable.java:12)
  at org.junit.runners.model.FrameworkMethod.invokeExplosively(FrameworkMethod.java:56)
  at org.junit.internal.runners.statements.InvokeMethod.evaluate(InvokeMethod.java:17)
  at org.junit.runners.ParentRunner$3.evaluate(ParentRunner.java:306)
  at org.junit.runners.BlockJUnit4ClassRunner$1.evaluate(BlockJUnit4ClassRunner.java:100)
  at org.junit.runners.ParentRunner.runLeaf(ParentRunner.java:366)
  at org.junit.runners.BlockJUnit4ClassRunner.runChild(BlockJUnit4ClassRunner.java:103)
  at org.junit.runners.BlockJUnit4ClassRunner.runChild(BlockJUnit4ClassRunner.java:63)
  at org.junit.runners.ParentRunner$4.run(ParentRunner.java:331)
  at org.junit.runners.ParentRunner$1.schedule(ParentRunner.java:79)
  at org.junit.runners.ParentRunner.runChildren(ParentRunner.java:329)
  at org.junit.runners.ParentRunner.access$100(ParentRunner.java:66)
  at org.junit.runners.ParentRunner$2.evaluate(ParentRunner.java:293)
  at org.junit.runners.ParentRunner$3.evaluate(ParentRunner.java:306)
  at org.junit.runners.ParentRunner.run(ParentRunner.java:413)
  at org.junit.runner.JUnitCore.run(JUnitCore.java:137)
  at org.junit.runner.JUnitCore.run(JUnitCore.java:115)
  at org.gradle.api.internal.tasks.testing.junit.JUnitTestExecutor.runRequest(JUnitTestExecutor.java:175)
  at org.gradle.api.internal.tasks.testing.junit.JUnitTestExecutor.accept(JUnitTestExecutor.java:84)
  at org.gradle.api.internal.tasks.testing.junit.JUnitTestExecutor.accept(JUnitTestExecutor.java:47)
  at org.gradle.api.internal.tasks.testing.junit.AbstractJUnitTestDefinitionProcessor.processTestDefinition(AbstractJUnitTestDefinitionProcessor.java:65)
  at org.gradle.api.internal.tasks.testing.SuiteTestDefinitionProcessor.processTestDefinition(SuiteTestDefinitionProcessor.java:54)
  at java.base/jdk.internal.reflect.DirectMethodHandleAccessor.invoke(DirectMethodHandleAccessor.java:104)
  at java.base/java.lang.reflect.Method.invoke(Method.java:565)
  at org.gradle.internal.dispatch.MethodInvocation.invokeOn(MethodInvocation.java:77)
  at org.gradle.internal.dispatch.ReflectionDispatch.dispatch(ReflectionDispatch.java:28)
  at org.gradle.internal.dispatch.ReflectionDispatch.dispatch(ReflectionDispatch.java:19)
  at org.gradle.internal.dispatch.ContextClassLoaderDispatch.dispatch(ContextClassLoaderDispatch.java:33)
  at org.gradle.internal.dispatch.ProxyDispatchAdapter$DispatchingInvocationHandler.invoke(ProxyDispatchAdapter.java:88)
  at jdk.proxy1/jdk.proxy1.$Proxy4.processTestDefinition(Unknown Source)
  at org.gradle.api.internal.tasks.testing.worker.TestWorker$2.run(TestWorker.java:178)
  at org.gradle.api.internal.tasks.testing.worker.TestWorker.executeAndMaintainThreadName(TestWorker.java:126)
  at org.gradle.api.internal.tasks.testing.worker.TestWorker.execute(TestWorker.java:103)
  at org.gradle.api.internal.tasks.testing.worker.TestWorker.execute(TestWorker.java:63)
  at org.gradle.process.internal.worker.child.ActionExecutionWorker.execute(ActionExecutionWorker.java:56)
  at org.gradle.process.internal.worker.child.SystemApplicationClassLoaderWorker.call(SystemApplicationClassLoaderWorker.java:122)
  at org.gradle.process.internal.worker.child.SystemApplicationClassLoaderWorker.call(SystemApplicationClassLoaderWorker.java:72)
  at worker.org.gradle.process.internal.worker.GradleWorkerMain.run(GradleWorkerMain.java:69)
  at worker.org.gradle.process.internal.worker.GradleWorkerMain.main(GradleWorkerMain.java:74)
</stacktrace>
</test-failure>


TypeScriptCompilerTests_R[jvm] > requireOfJsonFileWithoutResolveJsonModule_ts has expected errors matching requireOfJsonFileWithoutResolveJsonModule_errors_txt[jvm] FAILED

<test-failure test="com.xemantic.typescript.compiler.TypeScriptCompilerTests_R.reexportMissingDefault2_ts has expected errors matching reexportMissingDefault2_errors_txt" platform="jvm">
<message>
Expected diagnostics from baseline typescript-repo/tests/baselines/reference/reexportMissingDefault2.errors.txt but none produced
</message>
<stacktrace>
  at com.xemantic.typescript.compiler.TypeScriptTestSupportKt.errorsMatchBaseline(TypeScriptTestSupport.kt:125)
  at com.xemantic.typescript.compiler.TypeScriptCompilerTests_R.reexportMissingDefault2_ts has expected errors matching reexportMissingDefault2_errors_txt(TypeScriptCompilerTests_R.kt:1337)
  at java.base/jdk.internal.reflect.DirectMethodHandleAccessor.invoke(DirectMethodHandleAccessor.java:104)
  at java.base/java.lang.reflect.Method.invoke(Method.java:565)
  at org.junit.runners.model.FrameworkMethod$1.runReflectiveCall(FrameworkMethod.java:59)
  at org.junit.internal.runners.model.ReflectiveCallable.run(ReflectiveCallable.java:12)
  at org.junit.runners.model.FrameworkMethod.invokeExplosively(FrameworkMethod.java:56)
  at org.junit.internal.runners.statements.InvokeMethod.evaluate(InvokeMethod.java:17)
  at org.junit.runners.ParentRunner$3.evaluate(ParentRunner.java:306)
  at org.junit.runners.BlockJUnit4ClassRunner$1.evaluate(BlockJUnit4ClassRunner.java:100)
  at org.junit.runners.ParentRunner.runLeaf(ParentRunner.java:366)
  at org.junit.runners.BlockJUnit4ClassRunner.runChild(BlockJUnit4ClassRunner.java:103)
  at org.junit.runners.BlockJUnit4ClassRunner.runChild(BlockJUnit4ClassRunner.java:63)
  at org.junit.runners.ParentRunner$4.run(ParentRunner.java:331)
  at org.junit.runners.ParentRunner$1.schedule(ParentRunner.java:79)
  at org.junit.runners.ParentRunner.runChildren(ParentRunner.java:329)
  at org.junit.runners.ParentRunner.access$100(ParentRunner.java:66)
  at org.junit.runners.ParentRunner$2.evaluate(ParentRunner.java:293)
  at org.junit.runners.ParentRunner$3.evaluate(ParentRunner.java:306)
  at org.junit.runners.ParentRunner.run(ParentRunner.java:413)
  at org.junit.runner.JUnitCore.run(JUnitCore.java:137)
  at org.junit.runner.JUnitCore.run(JUnitCore.java:115)
  at org.gradle.api.internal.tasks.testing.junit.JUnitTestExecutor.runRequest(JUnitTestExecutor.java:175)
  at org.gradle.api.internal.tasks.testing.junit.JUnitTestExecutor.accept(JUnitTestExecutor.java:84)
  at org.gradle.api.internal.tasks.testing.junit.JUnitTestExecutor.accept(JUnitTestExecutor.java:47)
  at org.gradle.api.internal.tasks.testing.junit.AbstractJUnitTestDefinitionProcessor.processTestDefinition(AbstractJUnitTestDefinitionProcessor.java:65)
  at org.gradle.api.internal.tasks.testing.SuiteTestDefinitionProcessor.processTestDefinition(SuiteTestDefinitionProcessor.java:54)
  at java.base/jdk.internal.reflect.DirectMethodHandleAccessor.invoke(DirectMethodHandleAccessor.java:104)
  at java.base/java.lang.reflect.Method.invoke(Method.java:565)
  at org.gradle.internal.dispatch.MethodInvocation.invokeOn(MethodInvocation.java:77)
  at org.gradle.internal.dispatch.ReflectionDispatch.dispatch(ReflectionDispatch.java:28)
  at org.gradle.internal.dispatch.ReflectionDispatch.dispatch(ReflectionDispatch.java:19)
  at org.gradle.internal.dispatch.ContextClassLoaderDispatch.dispatch(ContextClassLoaderDispatch.java:33)
  at org.gradle.internal.dispatch.ProxyDispatchAdapter$DispatchingInvocationHandler.invoke(ProxyDispatchAdapter.java:88)
  at jdk.proxy1/jdk.proxy1.$Proxy4.processTestDefinition(Unknown Source)
  at org.gradle.api.internal.tasks.testing.worker.TestWorker$2.run(TestWorker.java:178)
  at org.gradle.api.internal.tasks.testing.worker.TestWorker.executeAndMaintainThreadName(TestWorker.java:126)
  at org.gradle.api.internal.tasks.testing.worker.TestWorker.execute(TestWorker.java:103)
  at org.gradle.api.internal.tasks.testing.worker.TestWorker.execute(TestWorker.java:63)
  at org.gradle.process.internal.worker.child.ActionExecutionWorker.execute(ActionExecutionWorker.java:56)
  at org.gradle.process.internal.worker.child.SystemApplicationClassLoaderWorker.call(SystemApplicationClassLoaderWorker.java:122)
  at org.gradle.process.internal.worker.child.SystemApplicationClassLoaderWorker.call(SystemApplicationClassLoaderWorker.java:72)
  at worker.org.gradle.process.internal.worker.GradleWorkerMain.run(GradleWorkerMain.java:69)
  at worker.org.gradle.process.internal.worker.GradleWorkerMain.main(GradleWorkerMain.java:74)
</stacktrace>
</test-failure>


TypeScriptCompilerTests_R[jvm] > reexportMissingDefault2_ts has expected errors matching reexportMissingDefault2_errors_txt[jvm] FAILED

<test-failure test="com.xemantic.typescript.compiler.TypeScriptCompilerTests_R.reverseMappedTypeLimitedConstraint_ts has expected errors matching reverseMappedTypeLimitedConstraint_errors_txt" platform="jvm">
<message>
Expected diagnostics from baseline typescript-repo/tests/baselines/reference/reverseMappedTypeLimitedConstraint.errors.txt but none produced
</message>
<stacktrace>
  at com.xemantic.typescript.compiler.TypeScriptTestSupportKt.errorsMatchBaseline(TypeScriptTestSupport.kt:125)
  at com.xemantic.typescript.compiler.TypeScriptCompilerTests_R.reverseMappedTypeLimitedConstraint_ts has expected errors matching reverseMappedTypeLimitedConstraint_errors_txt(TypeScriptCompilerTests_R.kt:2800)
  at java.base/jdk.internal.reflect.DirectMethodHandleAccessor.invoke(DirectMethodHandleAccessor.java:104)
  at java.base/java.lang.reflect.Method.invoke(Method.java:565)
  at org.junit.runners.model.FrameworkMethod$1.runReflectiveCall(FrameworkMethod.java:59)
  at org.junit.internal.runners.model.ReflectiveCallable.run(ReflectiveCallable.java:12)
  at org.junit.runners.model.FrameworkMethod.invokeExplosively(FrameworkMethod.java:56)
  at org.junit.internal.runners.statements.InvokeMethod.evaluate(InvokeMethod.java:17)
  at org.junit.runners.ParentRunner$3.evaluate(ParentRunner.java:306)
  at org.junit.runners.BlockJUnit4ClassRunner$1.evaluate(BlockJUnit4ClassRunner.java:100)
  at org.junit.runners.ParentRunner.runLeaf(ParentRunner.java:366)
  at org.junit.runners.BlockJUnit4ClassRunner.runChild(BlockJUnit4ClassRunner.java:103)
  at org.junit.runners.BlockJUnit4ClassRunner.runChild(BlockJUnit4ClassRunner.java:63)
  at org.junit.runners.ParentRunner$4.run(ParentRunner.java:331)
  at org.junit.runners.ParentRunner$1.schedule(ParentRunner.java:79)
  at org.junit.runners.ParentRunner.runChildren(ParentRunner.java:329)
  at org.junit.runners.ParentRunner.access$100(ParentRunner.java:66)
  at org.junit.runners.ParentRunner$2.evaluate(ParentRunner.java:293)
  at org.junit.runners.ParentRunner$3.evaluate(ParentRunner.java:306)
  at org.junit.runners.ParentRunner.run(ParentRunner.java:413)
  at org.junit.runner.JUnitCore.run(JUnitCore.java:137)
  at org.junit.runner.JUnitCore.run(JUnitCore.java:115)
  at org.gradle.api.internal.tasks.testing.junit.JUnitTestExecutor.runRequest(JUnitTestExecutor.java:175)
  at org.gradle.api.internal.tasks.testing.junit.JUnitTestExecutor.accept(JUnitTestExecutor.java:84)
  at org.gradle.api.internal.tasks.testing.junit.JUnitTestExecutor.accept(JUnitTestExecutor.java:47)
  at org.gradle.api.internal.tasks.testing.junit.AbstractJUnitTestDefinitionProcessor.processTestDefinition(AbstractJUnitTestDefinitionProcessor.java:65)
  at org.gradle.api.internal.tasks.testing.SuiteTestDefinitionProcessor.processTestDefinition(SuiteTestDefinitionProcessor.java:54)
  at java.base/jdk.internal.reflect.DirectMethodHandleAccessor.invoke(DirectMethodHandleAccessor.java:104)
  at java.base/java.lang.reflect.Method.invoke(Method.java:565)
  at org.gradle.internal.dispatch.MethodInvocation.invokeOn(MethodInvocation.java:77)
  at org.gradle.internal.dispatch.ReflectionDispatch.dispatch(ReflectionDispatch.java:28)
  at org.gradle.internal.dispatch.ReflectionDispatch.dispatch(ReflectionDispatch.java:19)
  at org.gradle.internal.dispatch.ContextClassLoaderDispatch.dispatch(ContextClassLoaderDispatch.java:33)
  at org.gradle.internal.dispatch.ProxyDispatchAdapter$DispatchingInvocationHandler.invoke(ProxyDispatchAdapter.java:88)
  at jdk.proxy1/jdk.proxy1.$Proxy4.processTestDefinition(Unknown Source)
  at org.gradle.api.internal.tasks.testing.worker.TestWorker$2.run(TestWorker.java:178)
  at org.gradle.api.internal.tasks.testing.worker.TestWorker.executeAndMaintainThreadName(TestWorker.java:126)
  at org.gradle.api.internal.tasks.testing.worker.TestWorker.execute(TestWorker.java:103)
  at org.gradle.api.internal.tasks.testing.worker.TestWorker.execute(TestWorker.java:63)
  at org.gradle.process.internal.worker.child.ActionExecutionWorker.execute(ActionExecutionWorker.java:56)
  at org.gradle.process.internal.worker.child.SystemApplicationClassLoaderWorker.call(SystemApplicationClassLoaderWorker.java:122)
  at org.gradle.process.internal.worker.child.SystemApplicationClassLoaderWorker.call(SystemApplicationClassLoaderWorker.java:72)
  at worker.org.gradle.process.internal.worker.GradleWorkerMain.run(GradleWorkerMain.java:69)
  at worker.org.gradle.process.internal.worker.GradleWorkerMain.main(GradleWorkerMain.java:74)
</stacktrace>
</test-failure>


TypeScriptCompilerTests_R[jvm] > reverseMappedTypeLimitedConstraint_ts has expected errors matching reverseMappedTypeLimitedConstraint_errors_txt[jvm] FAILED

<test-failure test="com.xemantic.typescript.compiler.TypeScriptCompilerTests_R.referenceSatisfiesExpression_ts has expected errors matching referenceSatisfiesExpression_errors_txt" platform="jvm">
<message>
--- expected
+++ actual
@@ -1,8 +1,7 @@
-referenceSatisfiesExpression.ts(9,2): error TS2454: Variable 'b' is used before being assigned.
-referenceSatisfiesExpression.ts(12,3): error TS2454: Variable 'c' is used before being assigned.
+referenceSatisfiesExpression.ts(9,1): error TS2364: The left-hand side of an assignment expression must be a variable or a property access.
 
 
-==== referenceSatisfiesExpression.ts (2 errors) ====
+==== referenceSatisfiesExpression.ts (1 errors) ====
     let a = 10;
     --(a satisfies number);
     ++(a satisfies number);
@@ -12,13 +11,11 @@
     
     let b: number;
     (b satisfies number) = 10;
-     ~
-!!! error TS2454: Variable 'b' is used before being assigned.
+    ~~~~~~~~~~~~~~~~~~~~~
+!!! error TS2364: The left-hand side of an assignment expression must be a variable or a property access.
     
     let c: number;
     [(c satisfies number)] = [10];
-      ~
-!!! error TS2454: Variable 'c' is used before being assigned.
     
     let d: number, e = 1;
     ({ d: (e satisfies number) } = { d: 10 });

</message>
<stacktrace>
  at org.junit.Assert.fail(Assert.java:89)
  at kotlin.test.junit.JUnitAsserter.fail(JUnitSupport.kt:56)
  at kotlin.test.AssertionsKt__AssertionsKt.fail(Assertions.kt:563)
  at kotlin.test.AssertionsKt.fail(Unknown Source)
  at com.xemantic.kotlin.test.SameAsKt.sameAs(SameAs.kt:52)
  at com.xemantic.typescript.compiler.TypeScriptTestSupportKt.errorsMatchBaseline(TypeScriptTestSupport.kt:135)
  at com.xemantic.typescript.compiler.TypeScriptCompilerTests_R.referenceSatisfiesExpression_ts has expected errors matching referenceSatisfiesExpression_errors_txt(TypeScriptCompilerTests_R.kt:1449)
  at java.base/jdk.internal.reflect.DirectMethodHandleAccessor.invoke(DirectMethodHandleAccessor.java:104)
  at java.base/java.lang.reflect.Method.invoke(Method.java:565)
  at org.junit.runners.model.FrameworkMethod$1.runReflectiveCall(FrameworkMethod.java:59)
  at org.junit.internal.runners.model.ReflectiveCallable.run(ReflectiveCallable.java:12)
  at org.junit.runners.model.FrameworkMethod.invokeExplosively(FrameworkMethod.java:56)
  at org.junit.internal.runners.statements.InvokeMethod.evaluate(InvokeMethod.java:17)
  at org.junit.runners.ParentRunner$3.evaluate(ParentRunner.java:306)
  at org.junit.runners.BlockJUnit4ClassRunner$1.evaluate(BlockJUnit4ClassRunner.java:100)
  at org.junit.runners.ParentRunner.runLeaf(ParentRunner.java:366)
  at org.junit.runners.BlockJUnit4ClassRunner.runChild(BlockJUnit4ClassRunner.java:103)
  at org.junit.runners.BlockJUnit4ClassRunner.runChild(BlockJUnit4ClassRunner.java:63)
  at org.junit.runners.ParentRunner$4.run(ParentRunner.java:331)
  at org.junit.runners.ParentRunner$1.schedule(ParentRunner.java:79)
  at org.junit.runners.ParentRunner.runChildren(ParentRunner.java:329)
  at org.junit.runners.ParentRunner.access$100(ParentRunner.java:66)
  at org.junit.runners.ParentRunner$2.evaluate(ParentRunner.java:293)
  at org.junit.runners.ParentRunner$3.evaluate(ParentRunner.java:306)
  at org.junit.runners.ParentRunner.run(ParentRunner.java:413)
  at org.junit.runner.JUnitCore.run(JUnitCore.java:137)
  at org.junit.runner.JUnitCore.run(JUnitCore.java:115)
  at org.gradle.api.internal.tasks.testing.junit.JUnitTestExecutor.runRequest(JUnitTestExecutor.java:175)
  at org.gradle.api.internal.tasks.testing.junit.JUnitTestExecutor.accept(JUnitTestExecutor.java:84)
  at org.gradle.api.internal.tasks.testing.junit.JUnitTestExecutor.accept(JUnitTestExecutor.java:47)
  at org.gradle.api.internal.tasks.testing.junit.AbstractJUnitTestDefinitionProcessor.processTestDefinition(AbstractJUnitTestDefinitionProcessor.java:65)
  at org.gradle.api.internal.tasks.testing.SuiteTestDefinitionProcessor.processTestDefinition(SuiteTestDefinitionProcessor.java:54)
  at java.base/jdk.internal.reflect.DirectMethodHandleAccessor.invoke(DirectMethodHandleAccessor.java:104)
  at java.base/java.lang.reflect.Method.invoke(Method.java:565)
  at org.gradle.internal.dispatch.MethodInvocation.invokeOn(MethodInvocation.java:77)
  at org.gradle.internal.dispatch.ReflectionDispatch.dispatch(ReflectionDispatch.java:28)
  at org.gradle.internal.dispatch.ReflectionDispatch.dispatch(ReflectionDispatch.java:19)
  at org.gradle.internal.dispatch.ContextClassLoaderDispatch.dispatch(ContextClassLoaderDispatch.java:33)
  at org.gradle.internal.dispatch.ProxyDispatchAdapter$DispatchingInvocationHandler.invoke(ProxyDispatchAdapter.java:88)
  at jdk.proxy1/jdk.proxy1.$Proxy4.processTestDefinition(Unknown Source)
  at org.gradle.api.internal.tasks.testing.worker.TestWorker$2.run(TestWorker.java:178)
  at org.gradle.api.internal.tasks.testing.worker.TestWorker.executeAndMaintainThreadName(TestWorker.java:126)
  at org.gradle.api.internal.tasks.testing.worker.TestWorker.execute(TestWorker.java:103)
  at org.gradle.api.internal.tasks.testing.worker.TestWorker.execute(TestWorker.java:63)
  at org.gradle.process.internal.worker.child.ActionExecutionWorker.execute(ActionExecutionWorker.java:56)
  at org.gradle.process.internal.worker.child.SystemApplicationClassLoaderWorker.call(SystemApplicationClassLoaderWorker.java:122)
  at org.gradle.process.internal.worker.child.SystemApplicationClassLoaderWorker.call(SystemApplicationClassLoaderWorker.java:72)
  at worker.org.gradle.process.internal.worker.GradleWorkerMain.run(GradleWorkerMain.java:69)
  at worker.org.gradle.process.internal.worker.GradleWorkerMain.main(GradleWorkerMain.java:74)
</stacktrace>
</test-failure>


TypeScriptCompilerTests_R[jvm] > referenceSatisfiesExpression_ts has expected errors matching referenceSatisfiesExpression_errors_txt[jvm] FAILED

<test-failure test="com.xemantic.typescript.compiler.TypeScriptCompilerTests_R.recursiveExportAssignmentAndFindAliasedType5_ts has expected errors matching recursiveExportAssignmentAndFindAliasedType5_errors_txt" platform="jvm">
<message>
Expected diagnostics from baseline typescript-repo/tests/baselines/reference/recursiveExportAssignmentAndFindAliasedType5.errors.txt but none produced
</message>
<stacktrace>
  at com.xemantic.typescript.compiler.TypeScriptTestSupportKt.errorsMatchBaseline(TypeScriptTestSupport.kt:125)
  at com.xemantic.typescript.compiler.TypeScriptCompilerTests_R.recursiveExportAssignmentAndFindAliasedType5_ts has expected errors matching recursiveExportAssignmentAndFindAliasedType5_errors_txt(TypeScriptCompilerTests_R.kt:777)
  at java.base/jdk.internal.reflect.DirectMethodHandleAccessor.invoke(DirectMethodHandleAccessor.java:104)
  at java.base/java.lang.reflect.Method.invoke(Method.java:565)
  at org.junit.runners.model.FrameworkMethod$1.runReflectiveCall(FrameworkMethod.java:59)
  at org.junit.internal.runners.model.ReflectiveCallable.run(ReflectiveCallable.java:12)
  at org.junit.runners.model.FrameworkMethod.invokeExplosively(FrameworkMethod.java:56)
  at org.junit.internal.runners.statements.InvokeMethod.evaluate(InvokeMethod.java:17)
  at org.junit.runners.ParentRunner$3.evaluate(ParentRunner.java:306)
  at org.junit.runners.BlockJUnit4ClassRunner$1.evaluate(BlockJUnit4ClassRunner.java:100)
  at org.junit.runners.ParentRunner.runLeaf(ParentRunner.java:366)
  at org.junit.runners.BlockJUnit4ClassRunner.runChild(BlockJUnit4ClassRunner.java:103)
  at org.junit.runners.BlockJUnit4ClassRunner.runChild(BlockJUnit4ClassRunner.java:63)
  at org.junit.runners.ParentRunner$4.run(ParentRunner.java:331)
  at org.junit.runners.ParentRunner$1.schedule(ParentRunner.java:79)
  at org.junit.runners.ParentRunner.runChildren(ParentRunner.java:329)
  at org.junit.runners.ParentRunner.access$100(ParentRunner.java:66)
  at org.junit.runners.ParentRunner$2.evaluate(ParentRunner.java:293)
  at org.junit.runners.ParentRunner$3.evaluate(ParentRunner.java:306)
  at org.junit.runners.ParentRunner.run(ParentRunner.java:413)
  at org.junit.runner.JUnitCore.run(JUnitCore.java:137)
  at org.junit.runner.JUnitCore.run(JUnitCore.java:115)
  at org.gradle.api.internal.tasks.testing.junit.JUnitTestExecutor.runRequest(JUnitTestExecutor.java:175)
  at org.gradle.api.internal.tasks.testing.junit.JUnitTestExecutor.accept(JUnitTestExecutor.java:84)
  at org.gradle.api.internal.tasks.testing.junit.JUnitTestExecutor.accept(JUnitTestExecutor.java:47)
  at org.gradle.api.internal.tasks.testing.junit.AbstractJUnitTestDefinitionProcessor.processTestDefinition(AbstractJUnitTestDefinitionProcessor.java:65)
  at org.gradle.api.internal.tasks.testing.SuiteTestDefinitionProcessor.processTestDefinition(SuiteTestDefinitionProcessor.java:54)
  at java.base/jdk.internal.reflect.DirectMethodHandleAccessor.invoke(DirectMethodHandleAccessor.java:104)
  at java.base/java.lang.reflect.Method.invoke(Method.java:565)
  at org.gradle.internal.dispatch.MethodInvocation.invokeOn(MethodInvocation.java:77)
  at org.gradle.internal.dispatch.ReflectionDispatch.dispatch(ReflectionDispatch.java:28)
  at org.gradle.internal.dispatch.ReflectionDispatch.dispatch(ReflectionDispatch.java:19)
  at org.gradle.internal.dispatch.ContextClassLoaderDispatch.dispatch(ContextClassLoaderDispatch.java:33)
  at org.gradle.internal.dispatch.ProxyDispatchAdapter$DispatchingInvocationHandler.invoke(ProxyDispatchAdapter.java:88)
  at jdk.proxy1/jdk.proxy1.$Proxy4.processTestDefinition(Unknown Source)
  at org.gradle.api.internal.tasks.testing.worker.TestWorker$2.run(TestWorker.java:178)
  at org.gradle.api.internal.tasks.testing.worker.TestWorker.executeAndMaintainThreadName(TestWorker.java:126)
  at org.gradle.api.internal.tasks.testing.worker.TestWorker.execute(TestWorker.java:103)
  at org.gradle.api.internal.tasks.testing.worker.TestWorker.execute(TestWorker.java:63)
  at org.gradle.process.internal.worker.child.ActionExecutionWorker.execute(ActionExecutionWorker.java:56)
  at org.gradle.process.internal.worker.child.SystemApplicationClassLoaderWorker.call(SystemApplicationClassLoaderWorker.java:122)
  at org.gradle.process.internal.worker.child.SystemApplicationClassLoaderWorker.call(SystemApplicationClassLoaderWorker.java:72)
  at worker.org.gradle.process.internal.worker.GradleWorkerMain.run(GradleWorkerMain.java:69)
  at worker.org.gradle.process.internal.worker.GradleWorkerMain.main(GradleWorkerMain.java:74)
</stacktrace>
</test-failure>


TypeScriptCompilerTests_R[jvm] > recursiveExportAssignmentAndFindAliasedType5_ts has expected errors matching recursiveExportAssignmentAndFindAliasedType5_errors_txt[jvm] FAILED

<test-failure test="com.xemantic.typescript.compiler.TypeScriptCompilerTests_R.reExportGlobalDeclaration4_ts has expected errors matching reExportGlobalDeclaration4_errors_txt" platform="jvm">
<message>
Expected diagnostics from baseline typescript-repo/tests/baselines/reference/reExportGlobalDeclaration4.errors.txt but none produced
</message>
<stacktrace>
  at com.xemantic.typescript.compiler.TypeScriptTestSupportKt.errorsMatchBaseline(TypeScriptTestSupport.kt:125)
  at com.xemantic.typescript.compiler.TypeScriptCompilerTests_R.reExportGlobalDeclaration4_ts has expected errors matching reExportGlobalDeclaration4_errors_txt(TypeScriptCompilerTests_R.kt:98)
  at java.base/jdk.internal.reflect.DirectMethodHandleAccessor.invoke(DirectMethodHandleAccessor.java:104)
  at java.base/java.lang.reflect.Method.invoke(Method.java:565)
  at org.junit.runners.model.FrameworkMethod$1.runReflectiveCall(FrameworkMethod.java:59)
  at org.junit.internal.runners.model.ReflectiveCallable.run(ReflectiveCallable.java:12)
  at org.junit.runners.model.FrameworkMethod.invokeExplosively(FrameworkMethod.java:56)
  at org.junit.internal.runners.statements.InvokeMethod.evaluate(InvokeMethod.java:17)
  at org.junit.runners.ParentRunner$3.evaluate(ParentRunner.java:306)
  at org.junit.runners.BlockJUnit4ClassRunner$1.evaluate(BlockJUnit4ClassRunner.java:100)
  at org.junit.runners.ParentRunner.runLeaf(ParentRunner.java:366)
  at org.junit.runners.BlockJUnit4ClassRunner.runChild(BlockJUnit4ClassRunner.java:103)
  at org.junit.runners.BlockJUnit4ClassRunner.runChild(BlockJUnit4ClassRunner.java:63)
  at org.junit.runners.ParentRunner$4.run(ParentRunner.java:331)
  at org.junit.runners.ParentRunner$1.schedule(ParentRunner.java:79)
  at org.junit.runners.ParentRunner.runChildren(ParentRunner.java:329)
  at org.junit.runners.ParentRunner.access$100(ParentRunner.java:66)
  at org.junit.runners.ParentRunner$2.evaluate(ParentRunner.java:293)
  at org.junit.runners.ParentRunner$3.evaluate(ParentRunner.java:306)
  at org.junit.runners.ParentRunner.run(ParentRunner.java:413)
  at org.junit.runner.JUnitCore.run(JUnitCore.java:137)
  at org.junit.runner.JUnitCore.run(JUnitCore.java:115)
  at org.gradle.api.internal.tasks.testing.junit.JUnitTestExecutor.runRequest(JUnitTestExecutor.java:175)
  at org.gradle.api.internal.tasks.testing.junit.JUnitTestExecutor.accept(JUnitTestExecutor.java:84)
  at org.gradle.api.internal.tasks.testing.junit.JUnitTestExecutor.accept(JUnitTestExecutor.java:47)
  at org.gradle.api.internal.tasks.testing.junit.AbstractJUnitTestDefinitionProcessor.processTestDefinition(AbstractJUnitTestDefinitionProcessor.java:65)
  at org.gradle.api.internal.tasks.testing.SuiteTestDefinitionProcessor.processTestDefinition(SuiteTestDefinitionProcessor.java:54)
  at java.base/jdk.internal.reflect.DirectMethodHandleAccessor.invoke(DirectMethodHandleAccessor.java:104)
  at java.base/java.lang.reflect.Method.invoke(Method.java:565)
  at org.gradle.internal.dispatch.MethodInvocation.invokeOn(MethodInvocation.java:77)
  at org.gradle.internal.dispatch.ReflectionDispatch.dispatch(ReflectionDispatch.java:28)
  at org.gradle.internal.dispatch.ReflectionDispatch.dispatch(ReflectionDispatch.java:19)
  at org.gradle.internal.dispatch.ContextClassLoaderDispatch.dispatch(ContextClassLoaderDispatch.java:33)
  at org.gradle.internal.dispatch.ProxyDispatchAdapter$DispatchingInvocationHandler.invoke(ProxyDispatchAdapter.java:88)
  at jdk.proxy1/jdk.proxy1.$Proxy4.processTestDefinition(Unknown Source)
  at org.gradle.api.internal.tasks.testing.worker.TestWorker$2.run(TestWorker.java:178)
  at org.gradle.api.internal.tasks.testing.worker.TestWorker.executeAndMaintainThreadName(TestWorker.java:126)
  at org.gradle.api.internal.tasks.testing.worker.TestWorker.execute(TestWorker.java:103)
  at org.gradle.api.internal.tasks.testing.worker.TestWorker.execute(TestWorker.java:63)
  at org.gradle.process.internal.worker.child.ActionExecutionWorker.execute(ActionExecutionWorker.java:56)
  at org.gradle.process.internal.worker.child.SystemApplicationClassLoaderWorker.call(SystemApplicationClassLoaderWorker.java:122)
  at org.gradle.process.internal.worker.child.SystemApplicationClassLoaderWorker.call(SystemApplicationClassLoaderWorker.java:72)
  at worker.org.gradle.process.internal.worker.GradleWorkerMain.run(GradleWorkerMain.java:69)
  at worker.org.gradle.process.internal.worker.GradleWorkerMain.main(GradleWorkerMain.java:74)
</stacktrace>
</test-failure>


TypeScriptCompilerTests_R[jvm] > reExportGlobalDeclaration4_ts has expected errors matching reExportGlobalDeclaration4_errors_txt[jvm] FAILED

<test-failure test="com.xemantic.typescript.compiler.TypeScriptCompilerTests_R.restParamModifier2_ts has expected errors matching restParamModifier2_errors_txt" platform="jvm">
<message>
Expected diagnostics from baseline typescript-repo/tests/baselines/reference/restParamModifier2.errors.txt but none produced
</message>
<stacktrace>
  at com.xemantic.typescript.compiler.TypeScriptTestSupportKt.errorsMatchBaseline(TypeScriptTestSupport.kt:125)
  at com.xemantic.typescript.compiler.TypeScriptCompilerTests_R.restParamModifier2_ts has expected errors matching restParamModifier2_errors_txt(TypeScriptCompilerTests_R.kt:2478)
  at java.base/jdk.internal.reflect.DirectMethodHandleAccessor.invoke(DirectMethodHandleAccessor.java:104)
  at java.base/java.lang.reflect.Method.invoke(Method.java:565)
  at org.junit.runners.model.FrameworkMethod$1.runReflectiveCall(FrameworkMethod.java:59)
  at org.junit.internal.runners.model.ReflectiveCallable.run(ReflectiveCallable.java:12)
  at org.junit.runners.model.FrameworkMethod.invokeExplosively(FrameworkMethod.java:56)
  at org.junit.internal.runners.statements.InvokeMethod.evaluate(InvokeMethod.java:17)
  at org.junit.runners.ParentRunner$3.evaluate(ParentRunner.java:306)
  at org.junit.runners.BlockJUnit4ClassRunner$1.evaluate(BlockJUnit4ClassRunner.java:100)
  at org.junit.runners.ParentRunner.runLeaf(ParentRunner.java:366)
  at org.junit.runners.BlockJUnit4ClassRunner.runChild(BlockJUnit4ClassRunner.java:103)
  at org.junit.runners.BlockJUnit4ClassRunner.runChild(BlockJUnit4ClassRunner.java:63)
  at org.junit.runners.ParentRunner$4.run(ParentRunner.java:331)
  at org.junit.runners.ParentRunner$1.schedule(ParentRunner.java:79)
  at org.junit.runners.ParentRunner.runChildren(ParentRunner.java:329)
  at org.junit.runners.ParentRunner.access$100(ParentRunner.java:66)
  at org.junit.runners.ParentRunner$2.evaluate(ParentRunner.java:293)
  at org.junit.runners.ParentRunner$3.evaluate(ParentRunner.java:306)
  at org.junit.runners.ParentRunner.run(ParentRunner.java:413)
  at org.junit.runner.JUnitCore.run(JUnitCore.java:137)
  at org.junit.runner.JUnitCore.run(JUnitCore.java:115)
  at org.gradle.api.internal.tasks.testing.junit.JUnitTestExecutor.runRequest(JUnitTestExecutor.java:175)
  at org.gradle.api.internal.tasks.testing.junit.JUnitTestExecutor.accept(JUnitTestExecutor.java:84)
  at org.gradle.api.internal.tasks.testing.junit.JUnitTestExecutor.accept(JUnitTestExecutor.java:47)
  at org.gradle.api.internal.tasks.testing.junit.AbstractJUnitTestDefinitionProcessor.processTestDefinition(AbstractJUnitTestDefinitionProcessor.java:65)
  at org.gradle.api.internal.tasks.testing.SuiteTestDefinitionProcessor.processTestDefinition(SuiteTestDefinitionProcessor.java:54)
  at java.base/jdk.internal.reflect.DirectMethodHandleAccessor.invoke(DirectMethodHandleAccessor.java:104)
  at java.base/java.lang.reflect.Method.invoke(Method.java:565)
  at org.gradle.internal.dispatch.MethodInvocation.invokeOn(MethodInvocation.java:77)
  at org.gradle.internal.dispatch.ReflectionDispatch.dispatch(ReflectionDispatch.java:28)
  at org.gradle.internal.dispatch.ReflectionDispatch.dispatch(ReflectionDispatch.java:19)
  at org.gradle.internal.dispatch.ContextClassLoaderDispatch.dispatch(ContextClassLoaderDispatch.java:33)
  at org.gradle.internal.dispatch.ProxyDispatchAdapter$DispatchingInvocationHandler.invoke(ProxyDispatchAdapter.java:88)
  at jdk.proxy1/jdk.proxy1.$Proxy4.processTestDefinition(Unknown Source)
  at org.gradle.api.internal.tasks.testing.worker.TestWorker$2.run(TestWorker.java:178)
  at org.gradle.api.internal.tasks.testing.worker.TestWorker.executeAndMaintainThreadName(TestWorker.java:126)
  at org.gradle.api.internal.tasks.testing.worker.TestWorker.execute(TestWorker.java:103)
  at org.gradle.api.internal.tasks.testing.worker.TestWorker.execute(TestWorker.java:63)
  at org.gradle.process.internal.worker.child.ActionExecutionWorker.execute(ActionExecutionWorker.java:56)
  at org.gradle.process.internal.worker.child.SystemApplicationClassLoaderWorker.call(SystemApplicationClassLoaderWorker.java:122)
  at org.gradle.process.internal.worker.child.SystemApplicationClassLoaderWorker.call(SystemApplicationClassLoaderWorker.java:72)
  at worker.org.gradle.process.internal.worker.GradleWorkerMain.run(GradleWorkerMain.java:69)
  at worker.org.gradle.process.internal.worker.GradleWorkerMain.main(GradleWorkerMain.java:74)
</stacktrace>
</test-failure>


TypeScriptCompilerTests_R[jvm] > restParamModifier2_ts has expected errors matching restParamModifier2_errors_txt[jvm] FAILED

<test-failure test="com.xemantic.typescript.compiler.TypeScriptCompilerTests_R.recursiveBaseCheck2_ts has expected errors matching recursiveBaseCheck2_errors_txt" platform="jvm">
<message>
--- expected
+++ actual
@@ -1,16 +1,14 @@
-recursiveBaseCheck2.ts(2,18): error TS2506: 'b2CircleShape' is referenced directly or indirectly in its own base expression.
-recursiveBaseCheck2.ts(4,18): error TS2506: 'b2Shape' is referenced directly or indirectly in its own base expression.
+recursiveBaseCheck2.ts(2,40): error TS2449: Class 'b2Shape' used before its declaration.
 
 
-==== recursiveBaseCheck2.ts (2 errors) ====
+==== recursiveBaseCheck2.ts (1 errors) ====
     declare namespace Box2D.Collision.Shapes {
         export class b2CircleShape extends b2Shape {
-                     ~~~~~~~~~~~~~
-!!! error TS2506: 'b2CircleShape' is referenced directly or indirectly in its own base expression.
+                                           ~~~~~~~
+!!! error TS2449: Class 'b2Shape' used before its declaration.
+!!! related TS2728 recursiveBaseCheck2.ts:4:18: 'b2Shape' is declared here.
         }
         export class b2Shape extends Box2D.Collision.Shapes.b2CircleShape {
-                     ~~~~~~~
-!!! error TS2506: 'b2Shape' is referenced directly or indirectly in its own base expression.
         }
     }
     declare namespace Box2D.Dynamics {

</message>
<stacktrace>
  at org.junit.Assert.fail(Assert.java:89)
  at kotlin.test.junit.JUnitAsserter.fail(JUnitSupport.kt:56)
  at kotlin.test.AssertionsKt__AssertionsKt.fail(Assertions.kt:563)
  at kotlin.test.AssertionsKt.fail(Unknown Source)
  at com.xemantic.kotlin.test.SameAsKt.sameAs(SameAs.kt:52)
  at com.xemantic.typescript.compiler.TypeScriptTestSupportKt.errorsMatchBaseline(TypeScriptTestSupport.kt:135)
  at com.xemantic.typescript.compiler.TypeScriptCompilerTests_R.recursiveBaseCheck2_ts has expected errors matching recursiveBaseCheck2_errors_txt(TypeScriptCompilerTests_R.kt:518)
  at java.base/jdk.internal.reflect.DirectMethodHandleAccessor.invoke(DirectMethodHandleAccessor.java:104)
  at java.base/java.lang.reflect.Method.invoke(Method.java:565)
  at org.junit.runners.model.FrameworkMethod$1.runReflectiveCall(FrameworkMethod.java:59)
  at org.junit.internal.runners.model.ReflectiveCallable.run(ReflectiveCallable.java:12)
  at org.junit.runners.model.FrameworkMethod.invokeExplosively(FrameworkMethod.java:56)
  at org.junit.internal.runners.statements.InvokeMethod.evaluate(InvokeMethod.java:17)
  at org.junit.runners.ParentRunner$3.evaluate(ParentRunner.java:306)
  at org.junit.runners.BlockJUnit4ClassRunner$1.evaluate(BlockJUnit4ClassRunner.java:100)
  at org.junit.runners.ParentRunner.runLeaf(ParentRunner.java:366)
  at org.junit.runners.BlockJUnit4ClassRunner.runChild(BlockJUnit4ClassRunner.java:103)
  at org.junit.runners.BlockJUnit4ClassRunner.runChild(BlockJUnit4ClassRunner.java:63)
  at org.junit.runners.ParentRunner$4.run(ParentRunner.java:331)
  at org.junit.runners.ParentRunner$1.schedule(ParentRunner.java:79)
  at org.junit.runners.ParentRunner.runChildren(ParentRunner.java:329)
  at org.junit.runners.ParentRunner.access$100(ParentRunner.java:66)
  at org.junit.runners.ParentRunner$2.evaluate(ParentRunner.java:293)
  at org.junit.runners.ParentRunner$3.evaluate(ParentRunner.java:306)
  at org.junit.runners.ParentRunner.run(ParentRunner.java:413)
  at org.junit.runner.JUnitCore.run(JUnitCore.java:137)
  at org.junit.runner.JUnitCore.run(JUnitCore.java:115)
  at org.gradle.api.internal.tasks.testing.junit.JUnitTestExecutor.runRequest(JUnitTestExecutor.java:175)
  at org.gradle.api.internal.tasks.testing.junit.JUnitTestExecutor.accept(JUnitTestExecutor.java:84)
  at org.gradle.api.internal.tasks.testing.junit.JUnitTestExecutor.accept(JUnitTestExecutor.java:47)
  at org.gradle.api.internal.tasks.testing.junit.AbstractJUnitTestDefinitionProcessor.processTestDefinition(AbstractJUnitTestDefinitionProcessor.java:65)
  at org.gradle.api.internal.tasks.testing.SuiteTestDefinitionProcessor.processTestDefinition(SuiteTestDefinitionProcessor.java:54)
  at java.base/jdk.internal.reflect.DirectMethodHandleAccessor.invoke(DirectMethodHandleAccessor.java:104)
  at java.base/java.lang.reflect.Method.invoke(Method.java:565)
  at org.gradle.internal.dispatch.MethodInvocation.invokeOn(MethodInvocation.java:77)
  at org.gradle.internal.dispatch.ReflectionDispatch.dispatch(ReflectionDispatch.java:28)
  at org.gradle.internal.dispatch.ReflectionDispatch.dispatch(ReflectionDispatch.java:19)
  at org.gradle.internal.dispatch.ContextClassLoaderDispatch.dispatch(ContextClassLoaderDispatch.java:33)
  at org.gradle.internal.dispatch.ProxyDispatchAdapter$DispatchingInvocationHandler.invoke(ProxyDispatchAdapter.java:88)
  at jdk.proxy1/jdk.proxy1.$Proxy4.processTestDefinition(Unknown Source)
  at org.gradle.api.internal.tasks.testing.worker.TestWorker$2.run(TestWorker.java:178)
  at org.gradle.api.internal.tasks.testing.worker.TestWorker.executeAndMaintainThreadName(TestWorker.java:126)
  at org.gradle.api.internal.tasks.testing.worker.TestWorker.execute(TestWorker.java:103)
  at org.gradle.api.internal.tasks.testing.worker.TestWorker.execute(TestWorker.java:63)
  at org.gradle.process.internal.worker.child.ActionExecutionWorker.execute(ActionExecutionWorker.java:56)
  at org.gradle.process.internal.worker.child.SystemApplicationClassLoaderWorker.call(SystemApplicationClassLoaderWorker.java:122)
  at org.gradle.process.internal.worker.child.SystemApplicationClassLoaderWorker.call(SystemApplicationClassLoaderWorker.java:72)
  at worker.org.gradle.process.internal.worker.GradleWorkerMain.run(GradleWorkerMain.java:69)
  at worker.org.gradle.process.internal.worker.GradleWorkerMain.main(GradleWorkerMain.java:74)
</stacktrace>
</test-failure>


TypeScriptCompilerTests_R[jvm] > recursiveBaseCheck2_ts has expected errors matching recursiveBaseCheck2_errors_txt[jvm] FAILED

<test-failure test="com.xemantic.typescript.compiler.TypeScriptCompilerTests_R.regularExpressionExtendedUnicodeEscapes_ts has expected errors matching regularExpressionExtendedUnicodeEscapes_errors_txt" platform="jvm">
<message>
Expected diagnostics from baseline typescript-repo/tests/baselines/reference/regularExpressionExtendedUnicodeEscapes.errors.txt but none produced
</message>
<stacktrace>
  at com.xemantic.typescript.compiler.TypeScriptTestSupportKt.errorsMatchBaseline(TypeScriptTestSupport.kt:125)
  at com.xemantic.typescript.compiler.TypeScriptCompilerTests_R.regularExpressionExtendedUnicodeEscapes_ts has expected errors matching regularExpressionExtendedUnicodeEscapes_errors_txt(TypeScriptCompilerTests_R.kt:1582)
  at java.base/jdk.internal.reflect.DirectMethodHandleAccessor.invoke(DirectMethodHandleAccessor.java:104)
  at java.base/java.lang.reflect.Method.invoke(Method.java:565)
  at org.junit.runners.model.FrameworkMethod$1.runReflectiveCall(FrameworkMethod.java:59)
  at org.junit.internal.runners.model.ReflectiveCallable.run(ReflectiveCallable.java:12)
  at org.junit.runners.model.FrameworkMethod.invokeExplosively(FrameworkMethod.java:56)
  at org.junit.internal.runners.statements.InvokeMethod.evaluate(InvokeMethod.java:17)
  at org.junit.runners.ParentRunner$3.evaluate(ParentRunner.java:306)
  at org.junit.runners.BlockJUnit4ClassRunner$1.evaluate(BlockJUnit4ClassRunner.java:100)
  at org.junit.runners.ParentRunner.runLeaf(ParentRunner.java:366)
  at org.junit.runners.BlockJUnit4ClassRunner.runChild(BlockJUnit4ClassRunner.java:103)
  at org.junit.runners.BlockJUnit4ClassRunner.runChild(BlockJUnit4ClassRunner.java:63)
  at org.junit.runners.ParentRunner$4.run(ParentRunner.java:331)
  at org.junit.runners.ParentRunner$1.schedule(ParentRunner.java:79)
  at org.junit.runners.ParentRunner.runChildren(ParentRunner.java:329)
  at org.junit.runners.ParentRunner.access$100(ParentRunner.java:66)
  at org.junit.runners.ParentRunner$2.evaluate(ParentRunner.java:293)
  at org.junit.runners.ParentRunner$3.evaluate(ParentRunner.java:306)
  at org.junit.runners.ParentRunner.run(ParentRunner.java:413)
  at org.junit.runner.JUnitCore.run(JUnitCore.java:137)
  at org.junit.runner.JUnitCore.run(JUnitCore.java:115)
  at org.gradle.api.internal.tasks.testing.junit.JUnitTestExecutor.runRequest(JUnitTestExecutor.java:175)
  at org.gradle.api.internal.tasks.testing.junit.JUnitTestExecutor.accept(JUnitTestExecutor.java:84)
  at org.gradle.api.internal.tasks.testing.junit.JUnitTestExecutor.accept(JUnitTestExecutor.java:47)
  at org.gradle.api.internal.tasks.testing.junit.AbstractJUnitTestDefinitionProcessor.processTestDefinition(AbstractJUnitTestDefinitionProcessor.java:65)
  at org.gradle.api.internal.tasks.testing.SuiteTestDefinitionProcessor.processTestDefinition(SuiteTestDefinitionProcessor.java:54)
  at java.base/jdk.internal.reflect.DirectMethodHandleAccessor.invoke(DirectMethodHandleAccessor.java:104)
  at java.base/java.lang.reflect.Method.invoke(Method.java:565)
  at org.gradle.internal.dispatch.MethodInvocation.invokeOn(MethodInvocation.java:77)
  at org.gradle.internal.dispatch.ReflectionDispatch.dispatch(ReflectionDispatch.java:28)
  at org.gradle.internal.dispatch.ReflectionDispatch.dispatch(ReflectionDispatch.java:19)
  at org.gradle.internal.dispatch.ContextClassLoaderDispatch.dispatch(ContextClassLoaderDispatch.java:33)
  at org.gradle.internal.dispatch.ProxyDispatchAdapter$DispatchingInvocationHandler.invoke(ProxyDispatchAdapter.java:88)
  at jdk.proxy1/jdk.proxy1.$Proxy4.processTestDefinition(Unknown Source)
  at org.gradle.api.internal.tasks.testing.worker.TestWorker$2.run(TestWorker.java:178)
  at org.gradle.api.internal.tasks.testing.worker.TestWorker.executeAndMaintainThreadName(TestWorker.java:126)
  at org.gradle.api.internal.tasks.testing.worker.TestWorker.execute(TestWorker.java:103)
  at org.gradle.api.internal.tasks.testing.worker.TestWorker.execute(TestWorker.java:63)
  at org.gradle.process.internal.worker.child.ActionExecutionWorker.execute(ActionExecutionWorker.java:56)
  at org.gradle.process.internal.worker.child.SystemApplicationClassLoaderWorker.call(SystemApplicationClassLoaderWorker.java:122)
  at org.gradle.process.internal.worker.child.SystemApplicationClassLoaderWorker.call(SystemApplicationClassLoaderWorker.java:72)
  at worker.org.gradle.process.internal.worker.GradleWorkerMain.run(GradleWorkerMain.java:69)
  at worker.org.gradle.process.internal.worker.GradleWorkerMain.main(GradleWorkerMain.java:74)
</stacktrace>
</test-failure>


TypeScriptCompilerTests_R[jvm] > regularExpressionExtendedUnicodeEscapes_ts has expected errors matching regularExpressionExtendedUnicodeEscapes_errors_txt[jvm] FAILED

<test-failure test="com.xemantic.typescript.compiler.TypeScriptCompilerTests_R.recursiveInheritance_ts has expected errors matching recursiveInheritance_errors_txt" platform="jvm">
<message>
Expected diagnostics from baseline typescript-repo/tests/baselines/reference/recursiveInheritance.errors.txt but none produced
</message>
<stacktrace>
  at com.xemantic.typescript.compiler.TypeScriptTestSupportKt.errorsMatchBaseline(TypeScriptTestSupport.kt:125)
  at com.xemantic.typescript.compiler.TypeScriptCompilerTests_R.recursiveInheritance_ts has expected errors matching recursiveInheritance_errors_txt(TypeScriptCompilerTests_R.kt:945)
  at java.base/jdk.internal.reflect.DirectMethodHandleAccessor.invoke(DirectMethodHandleAccessor.java:104)
  at java.base/java.lang.reflect.Method.invoke(Method.java:565)
  at org.junit.runners.model.FrameworkMethod$1.runReflectiveCall(FrameworkMethod.java:59)
  at org.junit.internal.runners.model.ReflectiveCallable.run(ReflectiveCallable.java:12)
  at org.junit.runners.model.FrameworkMethod.invokeExplosively(FrameworkMethod.java:56)
  at org.junit.internal.runners.statements.InvokeMethod.evaluate(InvokeMethod.java:17)
  at org.junit.runners.ParentRunner$3.evaluate(ParentRunner.java:306)
  at org.junit.runners.BlockJUnit4ClassRunner$1.evaluate(BlockJUnit4ClassRunner.java:100)
  at org.junit.runners.ParentRunner.runLeaf(ParentRunner.java:366)
  at org.junit.runners.BlockJUnit4ClassRunner.runChild(BlockJUnit4ClassRunner.java:103)
  at org.junit.runners.BlockJUnit4ClassRunner.runChild(BlockJUnit4ClassRunner.java:63)
  at org.junit.runners.ParentRunner$4.run(ParentRunner.java:331)
  at org.junit.runners.ParentRunner$1.schedule(ParentRunner.java:79)
  at org.junit.runners.ParentRunner.runChildren(ParentRunner.java:329)
  at org.junit.runners.ParentRunner.access$100(ParentRunner.java:66)
  at org.junit.runners.ParentRunner$2.evaluate(ParentRunner.java:293)
  at org.junit.runners.ParentRunner$3.evaluate(ParentRunner.java:306)
  at org.junit.runners.ParentRunner.run(ParentRunner.java:413)
  at org.junit.runner.JUnitCore.run(JUnitCore.java:137)
  at org.junit.runner.JUnitCore.run(JUnitCore.java:115)
  at org.gradle.api.internal.tasks.testing.junit.JUnitTestExecutor.runRequest(JUnitTestExecutor.java:175)
  at org.gradle.api.internal.tasks.testing.junit.JUnitTestExecutor.accept(JUnitTestExecutor.java:84)
  at org.gradle.api.internal.tasks.testing.junit.JUnitTestExecutor.accept(JUnitTestExecutor.java:47)
  at org.gradle.api.internal.tasks.testing.junit.AbstractJUnitTestDefinitionProcessor.processTestDefinition(AbstractJUnitTestDefinitionProcessor.java:65)
  at org.gradle.api.internal.tasks.testing.SuiteTestDefinitionProcessor.processTestDefinition(SuiteTestDefinitionProcessor.java:54)
  at java.base/jdk.internal.reflect.DirectMethodHandleAccessor.invoke(DirectMethodHandleAccessor.java:104)
  at java.base/java.lang.reflect.Method.invoke(Method.java:565)
  at org.gradle.internal.dispatch.MethodInvocation.invokeOn(MethodInvocation.java:77)
  at org.gradle.internal.dispatch.ReflectionDispatch.dispatch(ReflectionDispatch.java:28)
  at org.gradle.internal.dispatch.ReflectionDispatch.dispatch(ReflectionDispatch.java:19)
  at org.gradle.internal.dispatch.ContextClassLoaderDispatch.dispatch(ContextClassLoaderDispatch.java:33)
  at org.gradle.internal.dispatch.ProxyDispatchAdapter$DispatchingInvocationHandler.invoke(ProxyDispatchAdapter.java:88)
  at jdk.proxy1/jdk.proxy1.$Proxy4.processTestDefinition(Unknown Source)
  at org.gradle.api.internal.tasks.testing.worker.TestWorker$2.run(TestWorker.java:178)
  at org.gradle.api.internal.tasks.testing.worker.TestWorker.executeAndMaintainThreadName(TestWorker.java:126)
  at org.gradle.api.internal.tasks.testing.worker.TestWorker.execute(TestWorker.java:103)
  at org.gradle.api.internal.tasks.testing.worker.TestWorker.execute(TestWorker.java:63)
  at org.gradle.process.internal.worker.child.ActionExecutionWorker.execute(ActionExecutionWorker.java:56)
  at org.gradle.process.internal.worker.child.SystemApplicationClassLoaderWorker.call(SystemApplicationClassLoaderWorker.java:122)
  at org.gradle.process.internal.worker.child.SystemApplicationClassLoaderWorker.call(SystemApplicationClassLoaderWorker.java:72)
  at worker.org.gradle.process.internal.worker.GradleWorkerMain.run(GradleWorkerMain.java:69)
  at worker.org.gradle.process.internal.worker.GradleWorkerMain.main(GradleWorkerMain.java:74)
</stacktrace>
</test-failure>


TypeScriptCompilerTests_R[jvm] > recursiveInheritance_ts has expected errors matching recursiveInheritance_errors_txt[jvm] FAILED

<test-failure test="com.xemantic.typescript.compiler.TypeScriptCompilerTests_R.recursiveResolveTypeMembers_ts has expected errors matching recursiveResolveTypeMembers_errors_txt" platform="jvm">
<message>
--- expected
+++ actual
@@ -1,15 +1,12 @@
-recursiveResolveTypeMembers.ts(4,49): error TS2577: Return type annotation circularly references itself.
 recursiveResolveTypeMembers.ts(4,58): error TS2304: Cannot find name 'H'.
 recursiveResolveTypeMembers.ts(4,79): error TS2304: Cannot find name 'R'.
 
 
-==== recursiveResolveTypeMembers.ts (3 errors) ====
+==== recursiveResolveTypeMembers.ts (2 errors) ====
     // Repro from #25291
     
     type PromisedTuple<L extends any[], U = (...args: L) => void> =
         U extends (h: infer H, ...args: infer R) => [Promise<H>, ...PromisedTuple<R>] ? [] : []
-                                                    ~~~~~~~~~~~~~~~~~~~~~~~~~~~~~~~~~
-!!! error TS2577: Return type annotation circularly references itself.
                                                              ~
 !!! error TS2304: Cannot find name 'H'.
                                                                                   ~

</message>
<stacktrace>
  at org.junit.Assert.fail(Assert.java:89)
  at kotlin.test.junit.JUnitAsserter.fail(JUnitSupport.kt:56)
  at kotlin.test.AssertionsKt__AssertionsKt.fail(Assertions.kt:563)
  at kotlin.test.AssertionsKt.fail(Unknown Source)
  at com.xemantic.kotlin.test.SameAsKt.sameAs(SameAs.kt:52)
  at com.xemantic.typescript.compiler.TypeScriptTestSupportKt.errorsMatchBaseline(TypeScriptTestSupport.kt:135)
  at com.xemantic.typescript.compiler.TypeScriptCompilerTests_R.recursiveResolveTypeMembers_ts has expected errors matching recursiveResolveTypeMembers_errors_txt(TypeScriptCompilerTests_R.kt:1057)
  at java.base/jdk.internal.reflect.DirectMethodHandleAccessor.invoke(DirectMethodHandleAccessor.java:104)
  at java.base/java.lang.reflect.Method.invoke(Method.java:565)
  at org.junit.runners.model.FrameworkMethod$1.runReflectiveCall(FrameworkMethod.java:59)
  at org.junit.internal.runners.model.ReflectiveCallable.run(ReflectiveCallable.java:12)
  at org.junit.runners.model.FrameworkMethod.invokeExplosively(FrameworkMethod.java:56)
  at org.junit.internal.runners.statements.InvokeMethod.evaluate(InvokeMethod.java:17)
  at org.junit.runners.ParentRunner$3.evaluate(ParentRunner.java:306)
  at org.junit.runners.BlockJUnit4ClassRunner$1.evaluate(BlockJUnit4ClassRunner.java:100)
  at org.junit.runners.ParentRunner.runLeaf(ParentRunner.java:366)
  at org.junit.runners.BlockJUnit4ClassRunner.runChild(BlockJUnit4ClassRunner.java:103)
  at org.junit.runners.BlockJUnit4ClassRunner.runChild(BlockJUnit4ClassRunner.java:63)
  at org.junit.runners.ParentRunner$4.run(ParentRunner.java:331)
  at org.junit.runners.ParentRunner$1.schedule(ParentRunner.java:79)
  at org.junit.runners.ParentRunner.runChildren(ParentRunner.java:329)
  at org.junit.runners.ParentRunner.access$100(ParentRunner.java:66)
  at org.junit.runners.ParentRunner$2.evaluate(ParentRunner.java:293)
  at org.junit.runners.ParentRunner$3.evaluate(ParentRunner.java:306)
  at org.junit.runners.ParentRunner.run(ParentRunner.java:413)
  at org.junit.runner.JUnitCore.run(JUnitCore.java:137)
  at org.junit.runner.JUnitCore.run(JUnitCore.java:115)
  at org.gradle.api.internal.tasks.testing.junit.JUnitTestExecutor.runRequest(JUnitTestExecutor.java:175)
  at org.gradle.api.internal.tasks.testing.junit.JUnitTestExecutor.accept(JUnitTestExecutor.java:84)
  at org.gradle.api.internal.tasks.testing.junit.JUnitTestExecutor.accept(JUnitTestExecutor.java:47)
  at org.gradle.api.internal.tasks.testing.junit.AbstractJUnitTestDefinitionProcessor.processTestDefinition(AbstractJUnitTestDefinitionProcessor.java:65)
  at org.gradle.api.internal.tasks.testing.SuiteTestDefinitionProcessor.processTestDefinition(SuiteTestDefinitionProcessor.java:54)
  at java.base/jdk.internal.reflect.DirectMethodHandleAccessor.invoke(DirectMethodHandleAccessor.java:104)
  at java.base/java.lang.reflect.Method.invoke(Method.java:565)
  at org.gradle.internal.dispatch.MethodInvocation.invokeOn(MethodInvocation.java:77)
  at org.gradle.internal.dispatch.ReflectionDispatch.dispatch(ReflectionDispatch.java:28)
  at org.gradle.internal.dispatch.ReflectionDispatch.dispatch(ReflectionDispatch.java:19)
  at org.gradle.internal.dispatch.ContextClassLoaderDispatch.dispatch(ContextClassLoaderDispatch.java:33)
  at org.gradle.internal.dispatch.ProxyDispatchAdapter$DispatchingInvocationHandler.invoke(ProxyDispatchAdapter.java:88)
  at jdk.proxy1/jdk.proxy1.$Proxy4.processTestDefinition(Unknown Source)
  at org.gradle.api.internal.tasks.testing.worker.TestWorker$2.run(TestWorker.java:178)
  at org.gradle.api.internal.tasks.testing.worker.TestWorker.executeAndMaintainThreadName(TestWorker.java:126)
  at org.gradle.api.internal.tasks.testing.worker.TestWorker.execute(TestWorker.java:103)
  at org.gradle.api.internal.tasks.testing.worker.TestWorker.execute(TestWorker.java:63)
  at org.gradle.process.internal.worker.child.ActionExecutionWorker.execute(ActionExecutionWorker.java:56)
  at org.gradle.process.internal.worker.child.SystemApplicationClassLoaderWorker.call(SystemApplicationClassLoaderWorker.java:122)
  at org.gradle.process.internal.worker.child.SystemApplicationClassLoaderWorker.call(SystemApplicationClassLoaderWorker.java:72)
  at worker.org.gradle.process.internal.worker.GradleWorkerMain.run(GradleWorkerMain.java:69)
  at worker.org.gradle.process.internal.worker.GradleWorkerMain.main(GradleWorkerMain.java:74)
</stacktrace>
</test-failure>


TypeScriptCompilerTests_R[jvm] > recursiveResolveTypeMembers_ts has expected errors matching recursiveResolveTypeMembers_errors_txt[jvm] FAILED

<test-failure test="com.xemantic.typescript.compiler.TypeScriptCompilerTests_R.regularExpressionWithNonBMPFlags_ts has expected errors matching regularExpressionWithNonBMPFlags_errors_txt" platform="jvm">
<message>
Expected diagnostics from baseline typescript-repo/tests/baselines/reference/regularExpressionWithNonBMPFlags.errors.txt but none produced
</message>
<stacktrace>
  at com.xemantic.typescript.compiler.TypeScriptTestSupportKt.errorsMatchBaseline(TypeScriptTestSupport.kt:125)
  at com.xemantic.typescript.compiler.TypeScriptCompilerTests_R.regularExpressionWithNonBMPFlags_ts has expected errors matching regularExpressionWithNonBMPFlags_errors_txt(TypeScriptCompilerTests_R.kt:1666)
  at java.base/jdk.internal.reflect.DirectMethodHandleAccessor.invoke(DirectMethodHandleAccessor.java:104)
  at java.base/java.lang.reflect.Method.invoke(Method.java:565)
  at org.junit.runners.model.FrameworkMethod$1.runReflectiveCall(FrameworkMethod.java:59)
  at org.junit.internal.runners.model.ReflectiveCallable.run(ReflectiveCallable.java:12)
  at org.junit.runners.model.FrameworkMethod.invokeExplosively(FrameworkMethod.java:56)
  at org.junit.internal.runners.statements.InvokeMethod.evaluate(InvokeMethod.java:17)
  at org.junit.runners.ParentRunner$3.evaluate(ParentRunner.java:306)
  at org.junit.runners.BlockJUnit4ClassRunner$1.evaluate(BlockJUnit4ClassRunner.java:100)
  at org.junit.runners.ParentRunner.runLeaf(ParentRunner.java:366)
  at org.junit.runners.BlockJUnit4ClassRunner.runChild(BlockJUnit4ClassRunner.java:103)
  at org.junit.runners.BlockJUnit4ClassRunner.runChild(BlockJUnit4ClassRunner.java:63)
  at org.junit.runners.ParentRunner$4.run(ParentRunner.java:331)
  at org.junit.runners.ParentRunner$1.schedule(ParentRunner.java:79)
  at org.junit.runners.ParentRunner.runChildren(ParentRunner.java:329)
  at org.junit.runners.ParentRunner.access$100(ParentRunner.java:66)
  at org.junit.runners.ParentRunner$2.evaluate(ParentRunner.java:293)
  at org.junit.runners.ParentRunner$3.evaluate(ParentRunner.java:306)
  at org.junit.runners.ParentRunner.run(ParentRunner.java:413)
  at org.junit.runner.JUnitCore.run(JUnitCore.java:137)
  at org.junit.runner.JUnitCore.run(JUnitCore.java:115)
  at org.gradle.api.internal.tasks.testing.junit.JUnitTestExecutor.runRequest(JUnitTestExecutor.java:175)
  at org.gradle.api.internal.tasks.testing.junit.JUnitTestExecutor.accept(JUnitTestExecutor.java:84)
  at org.gradle.api.internal.tasks.testing.junit.JUnitTestExecutor.accept(JUnitTestExecutor.java:47)
  at org.gradle.api.internal.tasks.testing.junit.AbstractJUnitTestDefinitionProcessor.processTestDefinition(AbstractJUnitTestDefinitionProcessor.java:65)
  at org.gradle.api.internal.tasks.testing.SuiteTestDefinitionProcessor.processTestDefinition(SuiteTestDefinitionProcessor.java:54)
  at java.base/jdk.internal.reflect.DirectMethodHandleAccessor.invoke(DirectMethodHandleAccessor.java:104)
  at java.base/java.lang.reflect.Method.invoke(Method.java:565)
  at org.gradle.internal.dispatch.MethodInvocation.invokeOn(MethodInvocation.java:77)
  at org.gradle.internal.dispatch.ReflectionDispatch.dispatch(ReflectionDispatch.java:28)
  at org.gradle.internal.dispatch.ReflectionDispatch.dispatch(ReflectionDispatch.java:19)
  at org.gradle.internal.dispatch.ContextClassLoaderDispatch.dispatch(ContextClassLoaderDispatch.java:33)
  at org.gradle.internal.dispatch.ProxyDispatchAdapter$DispatchingInvocationHandler.invoke(ProxyDispatchAdapter.java:88)
  at jdk.proxy1/jdk.proxy1.$Proxy4.processTestDefinition(Unknown Source)
  at org.gradle.api.internal.tasks.testing.worker.TestWorker$2.run(TestWorker.java:178)
  at org.gradle.api.internal.tasks.testing.worker.TestWorker.executeAndMaintainThreadName(TestWorker.java:126)
  at org.gradle.api.internal.tasks.testing.worker.TestWorker.execute(TestWorker.java:103)
  at org.gradle.api.internal.tasks.testing.worker.TestWorker.execute(TestWorker.java:63)
  at org.gradle.process.internal.worker.child.ActionExecutionWorker.execute(ActionExecutionWorker.java:56)
  at org.gradle.process.internal.worker.child.SystemApplicationClassLoaderWorker.call(SystemApplicationClassLoaderWorker.java:122)
  at org.gradle.process.internal.worker.child.SystemApplicationClassLoaderWorker.call(SystemApplicationClassLoaderWorker.java:72)
  at worker.org.gradle.process.internal.worker.GradleWorkerMain.run(GradleWorkerMain.java:69)
  at worker.org.gradle.process.internal.worker.GradleWorkerMain.main(GradleWorkerMain.java:74)
</stacktrace>
</test-failure>


TypeScriptCompilerTests_R[jvm] > regularExpressionWithNonBMPFlags_ts has expected errors matching regularExpressionWithNonBMPFlags_errors_txt[jvm] FAILED

<test-failure test="com.xemantic.typescript.compiler.TypeScriptCompilerTests_R.recursiveBaseCheck4_ts has expected errors matching recursiveBaseCheck4_errors_txt" platform="jvm">
<message>
Expected diagnostics from baseline typescript-repo/tests/baselines/reference/recursiveBaseCheck4.errors.txt but none produced
</message>
<stacktrace>
  at com.xemantic.typescript.compiler.TypeScriptTestSupportKt.errorsMatchBaseline(TypeScriptTestSupport.kt:125)
  at com.xemantic.typescript.compiler.TypeScriptCompilerTests_R.recursiveBaseCheck4_ts has expected errors matching recursiveBaseCheck4_errors_txt(TypeScriptCompilerTests_R.kt:546)
  at java.base/jdk.internal.reflect.DirectMethodHandleAccessor.invoke(DirectMethodHandleAccessor.java:104)
  at java.base/java.lang.reflect.Method.invoke(Method.java:565)
  at org.junit.runners.model.FrameworkMethod$1.runReflectiveCall(FrameworkMethod.java:59)
  at org.junit.internal.runners.model.ReflectiveCallable.run(ReflectiveCallable.java:12)
  at org.junit.runners.model.FrameworkMethod.invokeExplosively(FrameworkMethod.java:56)
  at org.junit.internal.runners.statements.InvokeMethod.evaluate(InvokeMethod.java:17)
  at org.junit.runners.ParentRunner$3.evaluate(ParentRunner.java:306)
  at org.junit.runners.BlockJUnit4ClassRunner$1.evaluate(BlockJUnit4ClassRunner.java:100)
  at org.junit.runners.ParentRunner.runLeaf(ParentRunner.java:366)
  at org.junit.runners.BlockJUnit4ClassRunner.runChild(BlockJUnit4ClassRunner.java:103)
  at org.junit.runners.BlockJUnit4ClassRunner.runChild(BlockJUnit4ClassRunner.java:63)
  at org.junit.runners.ParentRunner$4.run(ParentRunner.java:331)
  at org.junit.runners.ParentRunner$1.schedule(ParentRunner.java:79)
  at org.junit.runners.ParentRunner.runChildren(ParentRunner.java:329)
  at org.junit.runners.ParentRunner.access$100(ParentRunner.java:66)
  at org.junit.runners.ParentRunner$2.evaluate(ParentRunner.java:293)
  at org.junit.runners.ParentRunner$3.evaluate(ParentRunner.java:306)
  at org.junit.runners.ParentRunner.run(ParentRunner.java:413)
  at org.junit.runner.JUnitCore.run(JUnitCore.java:137)
  at org.junit.runner.JUnitCore.run(JUnitCore.java:115)
  at org.gradle.api.internal.tasks.testing.junit.JUnitTestExecutor.runRequest(JUnitTestExecutor.java:175)
  at org.gradle.api.internal.tasks.testing.junit.JUnitTestExecutor.accept(JUnitTestExecutor.java:84)
  at org.gradle.api.internal.tasks.testing.junit.JUnitTestExecutor.accept(JUnitTestExecutor.java:47)
  at org.gradle.api.internal.tasks.testing.junit.AbstractJUnitTestDefinitionProcessor.processTestDefinition(AbstractJUnitTestDefinitionProcessor.java:65)
  at org.gradle.api.internal.tasks.testing.SuiteTestDefinitionProcessor.processTestDefinition(SuiteTestDefinitionProcessor.java:54)
  at java.base/jdk.internal.reflect.DirectMethodHandleAccessor.invoke(DirectMethodHandleAccessor.java:104)
  at java.base/java.lang.reflect.Method.invoke(Method.java:565)
  at org.gradle.internal.dispatch.MethodInvocation.invokeOn(MethodInvocation.java:77)
  at org.gradle.internal.dispatch.ReflectionDispatch.dispatch(ReflectionDispatch.java:28)
  at org.gradle.internal.dispatch.ReflectionDispatch.dispatch(ReflectionDispatch.java:19)
  at org.gradle.internal.dispatch.ContextClassLoaderDispatch.dispatch(ContextClassLoaderDispatch.java:33)
  at org.gradle.internal.dispatch.ProxyDispatchAdapter$DispatchingInvocationHandler.invoke(ProxyDispatchAdapter.java:88)
  at jdk.proxy1/jdk.proxy1.$Proxy4.processTestDefinition(Unknown Source)
  at org.gradle.api.internal.tasks.testing.worker.TestWorker$2.run(TestWorker.java:178)
  at org.gradle.api.internal.tasks.testing.worker.TestWorker.executeAndMaintainThreadName(TestWorker.java:126)
  at org.gradle.api.internal.tasks.testing.worker.TestWorker.execute(TestWorker.java:103)
  at org.gradle.api.internal.tasks.testing.worker.TestWorker.execute(TestWorker.java:63)
  at org.gradle.process.internal.worker.child.ActionExecutionWorker.execute(ActionExecutionWorker.java:56)
  at org.gradle.process.internal.worker.child.SystemApplicationClassLoaderWorker.call(SystemApplicationClassLoaderWorker.java:122)
  at org.gradle.process.internal.worker.child.SystemApplicationClassLoaderWorker.call(SystemApplicationClassLoaderWorker.java:72)
  at worker.org.gradle.process.internal.worker.GradleWorkerMain.run(GradleWorkerMain.java:69)
  at worker.org.gradle.process.internal.worker.GradleWorkerMain.main(GradleWorkerMain.java:74)
</stacktrace>
</test-failure>


TypeScriptCompilerTests_R[jvm] > recursiveBaseCheck4_ts has expected errors matching recursiveBaseCheck4_errors_txt[jvm] FAILED

<test-failure test="com.xemantic.typescript.compiler.TypeScriptCompilerTests_R.recursiveExportAssignmentAndFindAliasedType4_ts has expected errors matching recursiveExportAssignmentAndFindAliasedType4_errors_txt" platform="jvm">
<message>
Expected diagnostics from baseline typescript-repo/tests/baselines/reference/recursiveExportAssignmentAndFindAliasedType4.errors.txt but none produced
</message>
<stacktrace>
  at com.xemantic.typescript.compiler.TypeScriptTestSupportKt.errorsMatchBaseline(TypeScriptTestSupport.kt:125)
  at com.xemantic.typescript.compiler.TypeScriptCompilerTests_R.recursiveExportAssignmentAndFindAliasedType4_ts has expected errors matching recursiveExportAssignmentAndFindAliasedType4_errors_txt(TypeScriptCompilerTests_R.kt:763)
  at java.base/jdk.internal.reflect.DirectMethodHandleAccessor.invoke(DirectMethodHandleAccessor.java:104)
  at java.base/java.lang.reflect.Method.invoke(Method.java:565)
  at org.junit.runners.model.FrameworkMethod$1.runReflectiveCall(FrameworkMethod.java:59)
  at org.junit.internal.runners.model.ReflectiveCallable.run(ReflectiveCallable.java:12)
  at org.junit.runners.model.FrameworkMethod.invokeExplosively(FrameworkMethod.java:56)
  at org.junit.internal.runners.statements.InvokeMethod.evaluate(InvokeMethod.java:17)
  at org.junit.runners.ParentRunner$3.evaluate(ParentRunner.java:306)
  at org.junit.runners.BlockJUnit4ClassRunner$1.evaluate(BlockJUnit4ClassRunner.java:100)
  at org.junit.runners.ParentRunner.runLeaf(ParentRunner.java:366)
  at org.junit.runners.BlockJUnit4ClassRunner.runChild(BlockJUnit4ClassRunner.java:103)
  at org.junit.runners.BlockJUnit4ClassRunner.runChild(BlockJUnit4ClassRunner.java:63)
  at org.junit.runners.ParentRunner$4.run(ParentRunner.java:331)
  at org.junit.runners.ParentRunner$1.schedule(ParentRunner.java:79)
  at org.junit.runners.ParentRunner.runChildren(ParentRunner.java:329)
  at org.junit.runners.ParentRunner.access$100(ParentRunner.java:66)
  at org.junit.runners.ParentRunner$2.evaluate(ParentRunner.java:293)
  at org.junit.runners.ParentRunner$3.evaluate(ParentRunner.java:306)
  at org.junit.runners.ParentRunner.run(ParentRunner.java:413)
  at org.junit.runner.JUnitCore.run(JUnitCore.java:137)
  at org.junit.runner.JUnitCore.run(JUnitCore.java:115)
  at org.gradle.api.internal.tasks.testing.junit.JUnitTestExecutor.runRequest(JUnitTestExecutor.java:175)
  at org.gradle.api.internal.tasks.testing.junit.JUnitTestExecutor.accept(JUnitTestExecutor.java:84)
  at org.gradle.api.internal.tasks.testing.junit.JUnitTestExecutor.accept(JUnitTestExecutor.java:47)
  at org.gradle.api.internal.tasks.testing.junit.AbstractJUnitTestDefinitionProcessor.processTestDefinition(AbstractJUnitTestDefinitionProcessor.java:65)
  at org.gradle.api.internal.tasks.testing.SuiteTestDefinitionProcessor.processTestDefinition(SuiteTestDefinitionProcessor.java:54)
  at java.base/jdk.internal.reflect.DirectMethodHandleAccessor.invoke(DirectMethodHandleAccessor.java:104)
  at java.base/java.lang.reflect.Method.invoke(Method.java:565)
  at org.gradle.internal.dispatch.MethodInvocation.invokeOn(MethodInvocation.java:77)
  at org.gradle.internal.dispatch.ReflectionDispatch.dispatch(ReflectionDispatch.java:28)
  at org.gradle.internal.dispatch.ReflectionDispatch.dispatch(ReflectionDispatch.java:19)
  at org.gradle.internal.dispatch.ContextClassLoaderDispatch.dispatch(ContextClassLoaderDispatch.java:33)
  at org.gradle.internal.dispatch.ProxyDispatchAdapter$DispatchingInvocationHandler.invoke(ProxyDispatchAdapter.java:88)
  at jdk.proxy1/jdk.proxy1.$Proxy4.processTestDefinition(Unknown Source)
  at org.gradle.api.internal.tasks.testing.worker.TestWorker$2.run(TestWorker.java:178)
  at org.gradle.api.internal.tasks.testing.worker.TestWorker.executeAndMaintainThreadName(TestWorker.java:126)
  at org.gradle.api.internal.tasks.testing.worker.TestWorker.execute(TestWorker.java:103)
  at org.gradle.api.internal.tasks.testing.worker.TestWorker.execute(TestWorker.java:63)
  at org.gradle.process.internal.worker.child.ActionExecutionWorker.execute(ActionExecutionWorker.java:56)
  at org.gradle.process.internal.worker.child.SystemApplicationClassLoaderWorker.call(SystemApplicationClassLoaderWorker.java:122)
  at org.gradle.process.internal.worker.child.SystemApplicationClassLoaderWorker.call(SystemApplicationClassLoaderWorker.java:72)
  at worker.org.gradle.process.internal.worker.GradleWorkerMain.run(GradleWorkerMain.java:69)
  at worker.org.gradle.process.internal.worker.GradleWorkerMain.main(GradleWorkerMain.java:74)
</stacktrace>
</test-failure>


TypeScriptCompilerTests_R[jvm] > recursiveExportAssignmentAndFindAliasedType4_ts has expected errors matching recursiveExportAssignmentAndFindAliasedType4_errors_txt[jvm] FAILED

<test-failure test="com.xemantic.typescript.compiler.TypeScriptCompilerTests_R.requireOfJsonFileWithNoContent_ts has expected errors matching requireOfJsonFileWithNoContent_errors_txt" platform="jvm">
<message>
Expected diagnostics from baseline typescript-repo/tests/baselines/reference/requireOfJsonFileWithNoContent.errors.txt but none produced
</message>
<stacktrace>
  at com.xemantic.typescript.compiler.TypeScriptTestSupportKt.errorsMatchBaseline(TypeScriptTestSupport.kt:125)
  at com.xemantic.typescript.compiler.TypeScriptCompilerTests_R.requireOfJsonFileWithNoContent_ts has expected errors matching requireOfJsonFileWithNoContent_errors_txt(TypeScriptCompilerTests_R.kt:2058)
  at java.base/jdk.internal.reflect.DirectMethodHandleAccessor.invoke(DirectMethodHandleAccessor.java:104)
  at java.base/java.lang.reflect.Method.invoke(Method.java:565)
  at org.junit.runners.model.FrameworkMethod$1.runReflectiveCall(FrameworkMethod.java:59)
  at org.junit.internal.runners.model.ReflectiveCallable.run(ReflectiveCallable.java:12)
  at org.junit.runners.model.FrameworkMethod.invokeExplosively(FrameworkMethod.java:56)
  at org.junit.internal.runners.statements.InvokeMethod.evaluate(InvokeMethod.java:17)
  at org.junit.runners.ParentRunner$3.evaluate(ParentRunner.java:306)
  at org.junit.runners.BlockJUnit4ClassRunner$1.evaluate(BlockJUnit4ClassRunner.java:100)
  at org.junit.runners.ParentRunner.runLeaf(ParentRunner.java:366)
  at org.junit.runners.BlockJUnit4ClassRunner.runChild(BlockJUnit4ClassRunner.java:103)
  at org.junit.runners.BlockJUnit4ClassRunner.runChild(BlockJUnit4ClassRunner.java:63)
  at org.junit.runners.ParentRunner$4.run(ParentRunner.java:331)
  at org.junit.runners.ParentRunner$1.schedule(ParentRunner.java:79)
  at org.junit.runners.ParentRunner.runChildren(ParentRunner.java:329)
  at org.junit.runners.ParentRunner.access$100(ParentRunner.java:66)
  at org.junit.runners.ParentRunner$2.evaluate(ParentRunner.java:293)
  at org.junit.runners.ParentRunner$3.evaluate(ParentRunner.java:306)
  at org.junit.runners.ParentRunner.run(ParentRunner.java:413)
  at org.junit.runner.JUnitCore.run(JUnitCore.java:137)
  at org.junit.runner.JUnitCore.run(JUnitCore.java:115)
  at org.gradle.api.internal.tasks.testing.junit.JUnitTestExecutor.runRequest(JUnitTestExecutor.java:175)
  at org.gradle.api.internal.tasks.testing.junit.JUnitTestExecutor.accept(JUnitTestExecutor.java:84)
  at org.gradle.api.internal.tasks.testing.junit.JUnitTestExecutor.accept(JUnitTestExecutor.java:47)
  at org.gradle.api.internal.tasks.testing.junit.AbstractJUnitTestDefinitionProcessor.processTestDefinition(AbstractJUnitTestDefinitionProcessor.java:65)
  at org.gradle.api.internal.tasks.testing.SuiteTestDefinitionProcessor.processTestDefinition(SuiteTestDefinitionProcessor.java:54)
  at java.base/jdk.internal.reflect.DirectMethodHandleAccessor.invoke(DirectMethodHandleAccessor.java:104)
  at java.base/java.lang.reflect.Method.invoke(Method.java:565)
  at org.gradle.internal.dispatch.MethodInvocation.invokeOn(MethodInvocation.java:77)
  at org.gradle.internal.dispatch.ReflectionDispatch.dispatch(ReflectionDispatch.java:28)
  at org.gradle.internal.dispatch.ReflectionDispatch.dispatch(ReflectionDispatch.java:19)
  at org.gradle.internal.dispatch.ContextClassLoaderDispatch.dispatch(ContextClassLoaderDispatch.java:33)
  at org.gradle.internal.dispatch.ProxyDispatchAdapter$DispatchingInvocationHandler.invoke(ProxyDispatchAdapter.java:88)
  at jdk.proxy1/jdk.proxy1.$Proxy4.processTestDefinition(Unknown Source)
  at org.gradle.api.internal.tasks.testing.worker.TestWorker$2.run(TestWorker.java:178)
  at org.gradle.api.internal.tasks.testing.worker.TestWorker.executeAndMaintainThreadName(TestWorker.java:126)
  at org.gradle.api.internal.tasks.testing.worker.TestWorker.execute(TestWorker.java:103)
  at org.gradle.api.internal.tasks.testing.worker.TestWorker.execute(TestWorker.java:63)
  at org.gradle.process.internal.worker.child.ActionExecutionWorker.execute(ActionExecutionWorker.java:56)
  at org.gradle.process.internal.worker.child.SystemApplicationClassLoaderWorker.call(SystemApplicationClassLoaderWorker.java:122)
  at org.gradle.process.internal.worker.child.SystemApplicationClassLoaderWorker.call(SystemApplicationClassLoaderWorker.java:72)
  at worker.org.gradle.process.internal.worker.GradleWorkerMain.run(GradleWorkerMain.java:69)
  at worker.org.gradle.process.internal.worker.GradleWorkerMain.main(GradleWorkerMain.java:74)
</stacktrace>
</test-failure>


TypeScriptCompilerTests_R[jvm] > requireOfJsonFileWithNoContent_ts has expected errors matching requireOfJsonFileWithNoContent_errors_txt[jvm] FAILED

<test-failure test="com.xemantic.typescript.compiler.TypeScriptCompilerTests_R.requireOfJsonFileWithErrors_ts has expected errors matching requireOfJsonFileWithErrors_errors_txt" platform="jvm">
<message>
Expected diagnostics from baseline typescript-repo/tests/baselines/reference/requireOfJsonFileWithErrors.errors.txt but none produced
</message>
<stacktrace>
  at com.xemantic.typescript.compiler.TypeScriptTestSupportKt.errorsMatchBaseline(TypeScriptTestSupport.kt:125)
  at com.xemantic.typescript.compiler.TypeScriptCompilerTests_R.requireOfJsonFileWithErrors_ts has expected errors matching requireOfJsonFileWithErrors_errors_txt(TypeScriptCompilerTests_R.kt:1918)
  at java.base/jdk.internal.reflect.DirectMethodHandleAccessor.invoke(DirectMethodHandleAccessor.java:104)
  at java.base/java.lang.reflect.Method.invoke(Method.java:565)
  at org.junit.runners.model.FrameworkMethod$1.runReflectiveCall(FrameworkMethod.java:59)
  at org.junit.internal.runners.model.ReflectiveCallable.run(ReflectiveCallable.java:12)
  at org.junit.runners.model.FrameworkMethod.invokeExplosively(FrameworkMethod.java:56)
  at org.junit.internal.runners.statements.InvokeMethod.evaluate(InvokeMethod.java:17)
  at org.junit.runners.ParentRunner$3.evaluate(ParentRunner.java:306)
  at org.junit.runners.BlockJUnit4ClassRunner$1.evaluate(BlockJUnit4ClassRunner.java:100)
  at org.junit.runners.ParentRunner.runLeaf(ParentRunner.java:366)
  at org.junit.runners.BlockJUnit4ClassRunner.runChild(BlockJUnit4ClassRunner.java:103)
  at org.junit.runners.BlockJUnit4ClassRunner.runChild(BlockJUnit4ClassRunner.java:63)
  at org.junit.runners.ParentRunner$4.run(ParentRunner.java:331)
  at org.junit.runners.ParentRunner$1.schedule(ParentRunner.java:79)
  at org.junit.runners.ParentRunner.runChildren(ParentRunner.java:329)
  at org.junit.runners.ParentRunner.access$100(ParentRunner.java:66)
  at org.junit.runners.ParentRunner$2.evaluate(ParentRunner.java:293)
  at org.junit.runners.ParentRunner$3.evaluate(ParentRunner.java:306)
  at org.junit.runners.ParentRunner.run(ParentRunner.java:413)
  at org.junit.runner.JUnitCore.run(JUnitCore.java:137)
  at org.junit.runner.JUnitCore.run(JUnitCore.java:115)
  at org.gradle.api.internal.tasks.testing.junit.JUnitTestExecutor.runRequest(JUnitTestExecutor.java:175)
  at org.gradle.api.internal.tasks.testing.junit.JUnitTestExecutor.accept(JUnitTestExecutor.java:84)
  at org.gradle.api.internal.tasks.testing.junit.JUnitTestExecutor.accept(JUnitTestExecutor.java:47)
  at org.gradle.api.internal.tasks.testing.junit.AbstractJUnitTestDefinitionProcessor.processTestDefinition(AbstractJUnitTestDefinitionProcessor.java:65)
  at org.gradle.api.internal.tasks.testing.SuiteTestDefinitionProcessor.processTestDefinition(SuiteTestDefinitionProcessor.java:54)
  at java.base/jdk.internal.reflect.DirectMethodHandleAccessor.invoke(DirectMethodHandleAccessor.java:104)
  at java.base/java.lang.reflect.Method.invoke(Method.java:565)
  at org.gradle.internal.dispatch.MethodInvocation.invokeOn(MethodInvocation.java:77)
  at org.gradle.internal.dispatch.ReflectionDispatch.dispatch(ReflectionDispatch.java:28)
  at org.gradle.internal.dispatch.ReflectionDispatch.dispatch(ReflectionDispatch.java:19)
  at org.gradle.internal.dispatch.ContextClassLoaderDispatch.dispatch(ContextClassLoaderDispatch.java:33)
  at org.gradle.internal.dispatch.ProxyDispatchAdapter$DispatchingInvocationHandler.invoke(ProxyDispatchAdapter.java:88)
  at jdk.proxy1/jdk.proxy1.$Proxy4.processTestDefinition(Unknown Source)
  at org.gradle.api.internal.tasks.testing.worker.TestWorker$2.run(TestWorker.java:178)
  at org.gradle.api.internal.tasks.testing.worker.TestWorker.executeAndMaintainThreadName(TestWorker.java:126)
  at org.gradle.api.internal.tasks.testing.worker.TestWorker.execute(TestWorker.java:103)
  at org.gradle.api.internal.tasks.testing.worker.TestWorker.execute(TestWorker.java:63)
  at org.gradle.process.internal.worker.child.ActionExecutionWorker.execute(ActionExecutionWorker.java:56)
  at org.gradle.process.internal.worker.child.SystemApplicationClassLoaderWorker.call(SystemApplicationClassLoaderWorker.java:122)
  at org.gradle.process.internal.worker.child.SystemApplicationClassLoaderWorker.call(SystemApplicationClassLoaderWorker.java:72)
  at worker.org.gradle.process.internal.worker.GradleWorkerMain.run(GradleWorkerMain.java:69)
  at worker.org.gradle.process.internal.worker.GradleWorkerMain.main(GradleWorkerMain.java:74)
</stacktrace>
</test-failure>


TypeScriptCompilerTests_R[jvm] > requireOfJsonFileWithErrors_ts has expected errors matching requireOfJsonFileWithErrors_errors_txt[jvm] FAILED

<test-failure test="com.xemantic.typescript.compiler.TypeScriptCompilerTests_R.regularExpressionAnnexB_ts has expected errors matching regularExpressionAnnexB_errors_txt" platform="jvm">
<message>
Expected diagnostics from baseline typescript-repo/tests/baselines/reference/regularExpressionAnnexB.errors.txt but none produced
</message>
<stacktrace>
  at com.xemantic.typescript.compiler.TypeScriptTestSupportKt.errorsMatchBaseline(TypeScriptTestSupport.kt:125)
  at com.xemantic.typescript.compiler.TypeScriptCompilerTests_R.regularExpressionAnnexB_ts has expected errors matching regularExpressionAnnexB_errors_txt(TypeScriptCompilerTests_R.kt:1554)
  at java.base/jdk.internal.reflect.DirectMethodHandleAccessor.invoke(DirectMethodHandleAccessor.java:104)
  at java.base/java.lang.reflect.Method.invoke(Method.java:565)
  at org.junit.runners.model.FrameworkMethod$1.runReflectiveCall(FrameworkMethod.java:59)
  at org.junit.internal.runners.model.ReflectiveCallable.run(ReflectiveCallable.java:12)
  at org.junit.runners.model.FrameworkMethod.invokeExplosively(FrameworkMethod.java:56)
  at org.junit.internal.runners.statements.InvokeMethod.evaluate(InvokeMethod.java:17)
  at org.junit.runners.ParentRunner$3.evaluate(ParentRunner.java:306)
  at org.junit.runners.BlockJUnit4ClassRunner$1.evaluate(BlockJUnit4ClassRunner.java:100)
  at org.junit.runners.ParentRunner.runLeaf(ParentRunner.java:366)
  at org.junit.runners.BlockJUnit4ClassRunner.runChild(BlockJUnit4ClassRunner.java:103)
  at org.junit.runners.BlockJUnit4ClassRunner.runChild(BlockJUnit4ClassRunner.java:63)
  at org.junit.runners.ParentRunner$4.run(ParentRunner.java:331)
  at org.junit.runners.ParentRunner$1.schedule(ParentRunner.java:79)
  at org.junit.runners.ParentRunner.runChildren(ParentRunner.java:329)
  at org.junit.runners.ParentRunner.access$100(ParentRunner.java:66)
  at org.junit.runners.ParentRunner$2.evaluate(ParentRunner.java:293)
  at org.junit.runners.ParentRunner$3.evaluate(ParentRunner.java:306)
  at org.junit.runners.ParentRunner.run(ParentRunner.java:413)
  at org.junit.runner.JUnitCore.run(JUnitCore.java:137)
  at org.junit.runner.JUnitCore.run(JUnitCore.java:115)
  at org.gradle.api.internal.tasks.testing.junit.JUnitTestExecutor.runRequest(JUnitTestExecutor.java:175)
  at org.gradle.api.internal.tasks.testing.junit.JUnitTestExecutor.accept(JUnitTestExecutor.java:84)
  at org.gradle.api.internal.tasks.testing.junit.JUnitTestExecutor.accept(JUnitTestExecutor.java:47)
  at org.gradle.api.internal.tasks.testing.junit.AbstractJUnitTestDefinitionProcessor.processTestDefinition(AbstractJUnitTestDefinitionProcessor.java:65)
  at org.gradle.api.internal.tasks.testing.SuiteTestDefinitionProcessor.processTestDefinition(SuiteTestDefinitionProcessor.java:54)
  at java.base/jdk.internal.reflect.DirectMethodHandleAccessor.invoke(DirectMethodHandleAccessor.java:104)
  at java.base/java.lang.reflect.Method.invoke(Method.java:565)
  at org.gradle.internal.dispatch.MethodInvocation.invokeOn(MethodInvocation.java:77)
  at org.gradle.internal.dispatch.ReflectionDispatch.dispatch(ReflectionDispatch.java:28)
  at org.gradle.internal.dispatch.ReflectionDispatch.dispatch(ReflectionDispatch.java:19)
  at org.gradle.internal.dispatch.ContextClassLoaderDispatch.dispatch(ContextClassLoaderDispatch.java:33)
  at org.gradle.internal.dispatch.ProxyDispatchAdapter$DispatchingInvocationHandler.invoke(ProxyDispatchAdapter.java:88)
  at jdk.proxy1/jdk.proxy1.$Proxy4.processTestDefinition(Unknown Source)
  at org.gradle.api.internal.tasks.testing.worker.TestWorker$2.run(TestWorker.java:178)
  at org.gradle.api.internal.tasks.testing.worker.TestWorker.executeAndMaintainThreadName(TestWorker.java:126)
  at org.gradle.api.internal.tasks.testing.worker.TestWorker.execute(TestWorker.java:103)
  at org.gradle.api.internal.tasks.testing.worker.TestWorker.execute(TestWorker.java:63)
  at org.gradle.process.internal.worker.child.ActionExecutionWorker.execute(ActionExecutionWorker.java:56)
  at org.gradle.process.internal.worker.child.SystemApplicationClassLoaderWorker.call(SystemApplicationClassLoaderWorker.java:122)
  at org.gradle.process.internal.worker.child.SystemApplicationClassLoaderWorker.call(SystemApplicationClassLoaderWorker.java:72)
  at worker.org.gradle.process.internal.worker.GradleWorkerMain.run(GradleWorkerMain.java:69)
  at worker.org.gradle.process.internal.worker.GradleWorkerMain.main(GradleWorkerMain.java:74)
</stacktrace>
</test-failure>


TypeScriptCompilerTests_R[jvm] > regularExpressionAnnexB_ts has expected errors matching regularExpressionAnnexB_errors_txt[jvm] FAILED

<test-failure test="com.xemantic.typescript.compiler.TypeScriptCompilerTests_R.reExportGlobalDeclaration3_ts has expected errors matching reExportGlobalDeclaration3_errors_txt" platform="jvm">
<message>
Expected diagnostics from baseline typescript-repo/tests/baselines/reference/reExportGlobalDeclaration3.errors.txt but none produced
</message>
<stacktrace>
  at com.xemantic.typescript.compiler.TypeScriptTestSupportKt.errorsMatchBaseline(TypeScriptTestSupport.kt:125)
  at com.xemantic.typescript.compiler.TypeScriptCompilerTests_R.reExportGlobalDeclaration3_ts has expected errors matching reExportGlobalDeclaration3_errors_txt(TypeScriptCompilerTests_R.kt:84)
  at java.base/jdk.internal.reflect.DirectMethodHandleAccessor.invoke(DirectMethodHandleAccessor.java:104)
  at java.base/java.lang.reflect.Method.invoke(Method.java:565)
  at org.junit.runners.model.FrameworkMethod$1.runReflectiveCall(FrameworkMethod.java:59)
  at org.junit.internal.runners.model.ReflectiveCallable.run(ReflectiveCallable.java:12)
  at org.junit.runners.model.FrameworkMethod.invokeExplosively(FrameworkMethod.java:56)
  at org.junit.internal.runners.statements.InvokeMethod.evaluate(InvokeMethod.java:17)
  at org.junit.runners.ParentRunner$3.evaluate(ParentRunner.java:306)
  at org.junit.runners.BlockJUnit4ClassRunner$1.evaluate(BlockJUnit4ClassRunner.java:100)
  at org.junit.runners.ParentRunner.runLeaf(ParentRunner.java:366)
  at org.junit.runners.BlockJUnit4ClassRunner.runChild(BlockJUnit4ClassRunner.java:103)
  at org.junit.runners.BlockJUnit4ClassRunner.runChild(BlockJUnit4ClassRunner.java:63)
  at org.junit.runners.ParentRunner$4.run(ParentRunner.java:331)
  at org.junit.runners.ParentRunner$1.schedule(ParentRunner.java:79)
  at org.junit.runners.ParentRunner.runChildren(ParentRunner.java:329)
  at org.junit.runners.ParentRunner.access$100(ParentRunner.java:66)
  at org.junit.runners.ParentRunner$2.evaluate(ParentRunner.java:293)
  at org.junit.runners.ParentRunner$3.evaluate(ParentRunner.java:306)
  at org.junit.runners.ParentRunner.run(ParentRunner.java:413)
  at org.junit.runner.JUnitCore.run(JUnitCore.java:137)
  at org.junit.runner.JUnitCore.run(JUnitCore.java:115)
  at org.gradle.api.internal.tasks.testing.junit.JUnitTestExecutor.runRequest(JUnitTestExecutor.java:175)
  at org.gradle.api.internal.tasks.testing.junit.JUnitTestExecutor.accept(JUnitTestExecutor.java:84)
  at org.gradle.api.internal.tasks.testing.junit.JUnitTestExecutor.accept(JUnitTestExecutor.java:47)
  at org.gradle.api.internal.tasks.testing.junit.AbstractJUnitTestDefinitionProcessor.processTestDefinition(AbstractJUnitTestDefinitionProcessor.java:65)
  at org.gradle.api.internal.tasks.testing.SuiteTestDefinitionProcessor.processTestDefinition(SuiteTestDefinitionProcessor.java:54)
  at java.base/jdk.internal.reflect.DirectMethodHandleAccessor.invoke(DirectMethodHandleAccessor.java:104)
  at java.base/java.lang.reflect.Method.invoke(Method.java:565)
  at org.gradle.internal.dispatch.MethodInvocation.invokeOn(MethodInvocation.java:77)
  at org.gradle.internal.dispatch.ReflectionDispatch.dispatch(ReflectionDispatch.java:28)
  at org.gradle.internal.dispatch.ReflectionDispatch.dispatch(ReflectionDispatch.java:19)
  at org.gradle.internal.dispatch.ContextClassLoaderDispatch.dispatch(ContextClassLoaderDispatch.java:33)
  at org.gradle.internal.dispatch.ProxyDispatchAdapter$DispatchingInvocationHandler.invoke(ProxyDispatchAdapter.java:88)
  at jdk.proxy1/jdk.proxy1.$Proxy4.processTestDefinition(Unknown Source)
  at org.gradle.api.internal.tasks.testing.worker.TestWorker$2.run(TestWorker.java:178)
  at org.gradle.api.internal.tasks.testing.worker.TestWorker.executeAndMaintainThreadName(TestWorker.java:126)
  at org.gradle.api.internal.tasks.testing.worker.TestWorker.execute(TestWorker.java:103)
  at org.gradle.api.internal.tasks.testing.worker.TestWorker.execute(TestWorker.java:63)
  at org.gradle.process.internal.worker.child.ActionExecutionWorker.execute(ActionExecutionWorker.java:56)
  at org.gradle.process.internal.worker.child.SystemApplicationClassLoaderWorker.call(SystemApplicationClassLoaderWorker.java:122)
  at org.gradle.process.internal.worker.child.SystemApplicationClassLoaderWorker.call(SystemApplicationClassLoaderWorker.java:72)
  at worker.org.gradle.process.internal.worker.GradleWorkerMain.run(GradleWorkerMain.java:69)
  at worker.org.gradle.process.internal.worker.GradleWorkerMain.main(GradleWorkerMain.java:74)
</stacktrace>
</test-failure>


TypeScriptCompilerTests_R[jvm] > reExportGlobalDeclaration3_ts has expected errors matching reExportGlobalDeclaration3_errors_txt[jvm] FAILED

<test-failure test="com.xemantic.typescript.compiler.TypeScriptCompilerTests_R.reservedNameOnInterfaceImport_ts has expected errors matching reservedNameOnInterfaceImport_errors_txt" platform="jvm">
<message>
Expected diagnostics from baseline typescript-repo/tests/baselines/reference/reservedNameOnInterfaceImport.errors.txt but none produced
</message>
<stacktrace>
  at com.xemantic.typescript.compiler.TypeScriptTestSupportKt.errorsMatchBaseline(TypeScriptTestSupport.kt:125)
  at com.xemantic.typescript.compiler.TypeScriptCompilerTests_R.reservedNameOnInterfaceImport_ts has expected errors matching reservedNameOnInterfaceImport_errors_txt(TypeScriptCompilerTests_R.kt:2226)
  at java.base/jdk.internal.reflect.DirectMethodHandleAccessor.invoke(DirectMethodHandleAccessor.java:104)
  at java.base/java.lang.reflect.Method.invoke(Method.java:565)
  at org.junit.runners.model.FrameworkMethod$1.runReflectiveCall(FrameworkMethod.java:59)
  at org.junit.internal.runners.model.ReflectiveCallable.run(ReflectiveCallable.java:12)
  at org.junit.runners.model.FrameworkMethod.invokeExplosively(FrameworkMethod.java:56)
  at org.junit.internal.runners.statements.InvokeMethod.evaluate(InvokeMethod.java:17)
  at org.junit.runners.ParentRunner$3.evaluate(ParentRunner.java:306)
  at org.junit.runners.BlockJUnit4ClassRunner$1.evaluate(BlockJUnit4ClassRunner.java:100)
  at org.junit.runners.ParentRunner.runLeaf(ParentRunner.java:366)
  at org.junit.runners.BlockJUnit4ClassRunner.runChild(BlockJUnit4ClassRunner.java:103)
  at org.junit.runners.BlockJUnit4ClassRunner.runChild(BlockJUnit4ClassRunner.java:63)
  at org.junit.runners.ParentRunner$4.run(ParentRunner.java:331)
  at org.junit.runners.ParentRunner$1.schedule(ParentRunner.java:79)
  at org.junit.runners.ParentRunner.runChildren(ParentRunner.java:329)
  at org.junit.runners.ParentRunner.access$100(ParentRunner.java:66)
  at org.junit.runners.ParentRunner$2.evaluate(ParentRunner.java:293)
  at org.junit.runners.ParentRunner$3.evaluate(ParentRunner.java:306)
  at org.junit.runners.ParentRunner.run(ParentRunner.java:413)
  at org.junit.runner.JUnitCore.run(JUnitCore.java:137)
  at org.junit.runner.JUnitCore.run(JUnitCore.java:115)
  at org.gradle.api.internal.tasks.testing.junit.JUnitTestExecutor.runRequest(JUnitTestExecutor.java:175)
  at org.gradle.api.internal.tasks.testing.junit.JUnitTestExecutor.accept(JUnitTestExecutor.java:84)
  at org.gradle.api.internal.tasks.testing.junit.JUnitTestExecutor.accept(JUnitTestExecutor.java:47)
  at org.gradle.api.internal.tasks.testing.junit.AbstractJUnitTestDefinitionProcessor.processTestDefinition(AbstractJUnitTestDefinitionProcessor.java:65)
  at org.gradle.api.internal.tasks.testing.SuiteTestDefinitionProcessor.processTestDefinition(SuiteTestDefinitionProcessor.java:54)
  at java.base/jdk.internal.reflect.DirectMethodHandleAccessor.invoke(DirectMethodHandleAccessor.java:104)
  at java.base/java.lang.reflect.Method.invoke(Method.java:565)
  at org.gradle.internal.dispatch.MethodInvocation.invokeOn(MethodInvocation.java:77)
  at org.gradle.internal.dispatch.ReflectionDispatch.dispatch(ReflectionDispatch.java:28)
  at org.gradle.internal.dispatch.ReflectionDispatch.dispatch(ReflectionDispatch.java:19)
  at org.gradle.internal.dispatch.ContextClassLoaderDispatch.dispatch(ContextClassLoaderDispatch.java:33)
  at org.gradle.internal.dispatch.ProxyDispatchAdapter$DispatchingInvocationHandler.invoke(ProxyDispatchAdapter.java:88)
  at jdk.proxy1/jdk.proxy1.$Proxy4.processTestDefinition(Unknown Source)
  at org.gradle.api.internal.tasks.testing.worker.TestWorker$2.run(TestWorker.java:178)
  at org.gradle.api.internal.tasks.testing.worker.TestWorker.executeAndMaintainThreadName(TestWorker.java:126)
  at org.gradle.api.internal.tasks.testing.worker.TestWorker.execute(TestWorker.java:103)
  at org.gradle.api.internal.tasks.testing.worker.TestWorker.execute(TestWorker.java:63)
  at org.gradle.process.internal.worker.child.ActionExecutionWorker.execute(ActionExecutionWorker.java:56)
  at org.gradle.process.internal.worker.child.SystemApplicationClassLoaderWorker.call(SystemApplicationClassLoaderWorker.java:122)
  at org.gradle.process.internal.worker.child.SystemApplicationClassLoaderWorker.call(SystemApplicationClassLoaderWorker.java:72)
  at worker.org.gradle.process.internal.worker.GradleWorkerMain.run(GradleWorkerMain.java:69)
  at worker.org.gradle.process.internal.worker.GradleWorkerMain.main(GradleWorkerMain.java:74)
</stacktrace>
</test-failure>


TypeScriptCompilerTests_R[jvm] > reservedNameOnInterfaceImport_ts has expected errors matching reservedNameOnInterfaceImport_errors_txt[jvm] FAILED

<test-failure test="com.xemantic.typescript.compiler.TypeScriptCompilerTests_R.reverseMappedTypeContextualTypeNotCircular_ts has expected errors matching reverseMappedTypeContextualTypeNotCircular_errors_txt" platform="jvm">
<message>
Expected diagnostics from baseline typescript-repo/tests/baselines/reference/reverseMappedTypeContextualTypeNotCircular.errors.txt but none produced
</message>
<stacktrace>
  at com.xemantic.typescript.compiler.TypeScriptTestSupportKt.errorsMatchBaseline(TypeScriptTestSupport.kt:125)
  at com.xemantic.typescript.compiler.TypeScriptCompilerTests_R.reverseMappedTypeContextualTypeNotCircular_ts has expected errors matching reverseMappedTypeContextualTypeNotCircular_errors_txt(TypeScriptCompilerTests_R.kt:2765)
  at java.base/jdk.internal.reflect.DirectMethodHandleAccessor.invoke(DirectMethodHandleAccessor.java:104)
  at java.base/java.lang.reflect.Method.invoke(Method.java:565)
  at org.junit.runners.model.FrameworkMethod$1.runReflectiveCall(FrameworkMethod.java:59)
  at org.junit.internal.runners.model.ReflectiveCallable.run(ReflectiveCallable.java:12)
  at org.junit.runners.model.FrameworkMethod.invokeExplosively(FrameworkMethod.java:56)
  at org.junit.internal.runners.statements.InvokeMethod.evaluate(InvokeMethod.java:17)
  at org.junit.runners.ParentRunner$3.evaluate(ParentRunner.java:306)
  at org.junit.runners.BlockJUnit4ClassRunner$1.evaluate(BlockJUnit4ClassRunner.java:100)
  at org.junit.runners.ParentRunner.runLeaf(ParentRunner.java:366)
  at org.junit.runners.BlockJUnit4ClassRunner.runChild(BlockJUnit4ClassRunner.java:103)
  at org.junit.runners.BlockJUnit4ClassRunner.runChild(BlockJUnit4ClassRunner.java:63)
  at org.junit.runners.ParentRunner$4.run(ParentRunner.java:331)
  at org.junit.runners.ParentRunner$1.schedule(ParentRunner.java:79)
  at org.junit.runners.ParentRunner.runChildren(ParentRunner.java:329)
  at org.junit.runners.ParentRunner.access$100(ParentRunner.java:66)
  at org.junit.runners.ParentRunner$2.evaluate(ParentRunner.java:293)
  at org.junit.runners.ParentRunner$3.evaluate(ParentRunner.java:306)
  at org.junit.runners.ParentRunner.run(ParentRunner.java:413)
  at org.junit.runner.JUnitCore.run(JUnitCore.java:137)
  at org.junit.runner.JUnitCore.run(JUnitCore.java:115)
  at org.gradle.api.internal.tasks.testing.junit.JUnitTestExecutor.runRequest(JUnitTestExecutor.java:175)
  at org.gradle.api.internal.tasks.testing.junit.JUnitTestExecutor.accept(JUnitTestExecutor.java:84)
  at org.gradle.api.internal.tasks.testing.junit.JUnitTestExecutor.accept(JUnitTestExecutor.java:47)
  at org.gradle.api.internal.tasks.testing.junit.AbstractJUnitTestDefinitionProcessor.processTestDefinition(AbstractJUnitTestDefinitionProcessor.java:65)
  at org.gradle.api.internal.tasks.testing.SuiteTestDefinitionProcessor.processTestDefinition(SuiteTestDefinitionProcessor.java:54)
  at java.base/jdk.internal.reflect.DirectMethodHandleAccessor.invoke(DirectMethodHandleAccessor.java:104)
  at java.base/java.lang.reflect.Method.invoke(Method.java:565)
  at org.gradle.internal.dispatch.MethodInvocation.invokeOn(MethodInvocation.java:77)
  at org.gradle.internal.dispatch.ReflectionDispatch.dispatch(ReflectionDispatch.java:28)
  at org.gradle.internal.dispatch.ReflectionDispatch.dispatch(ReflectionDispatch.java:19)
  at org.gradle.internal.dispatch.ContextClassLoaderDispatch.dispatch(ContextClassLoaderDispatch.java:33)
  at org.gradle.internal.dispatch.ProxyDispatchAdapter$DispatchingInvocationHandler.invoke(ProxyDispatchAdapter.java:88)
  at jdk.proxy1/jdk.proxy1.$Proxy4.processTestDefinition(Unknown Source)
  at org.gradle.api.internal.tasks.testing.worker.TestWorker$2.run(TestWorker.java:178)
  at org.gradle.api.internal.tasks.testing.worker.TestWorker.executeAndMaintainThreadName(TestWorker.java:126)
  at org.gradle.api.internal.tasks.testing.worker.TestWorker.execute(TestWorker.java:103)
  at org.gradle.api.internal.tasks.testing.worker.TestWorker.execute(TestWorker.java:63)
  at org.gradle.process.internal.worker.child.ActionExecutionWorker.execute(ActionExecutionWorker.java:56)
  at org.gradle.process.internal.worker.child.SystemApplicationClassLoaderWorker.call(SystemApplicationClassLoaderWorker.java:122)
  at org.gradle.process.internal.worker.child.SystemApplicationClassLoaderWorker.call(SystemApplicationClassLoaderWorker.java:72)
  at worker.org.gradle.process.internal.worker.GradleWorkerMain.run(GradleWorkerMain.java:69)
  at worker.org.gradle.process.internal.worker.GradleWorkerMain.main(GradleWorkerMain.java:74)
</stacktrace>
</test-failure>


TypeScriptCompilerTests_R[jvm] > reverseMappedTypeContextualTypeNotCircular_ts has expected errors matching reverseMappedTypeContextualTypeNotCircular_errors_txt[jvm] FAILED

<test-failure test="com.xemantic.typescript.compiler.TypeScriptCompilerTests_R.reservedNameOnModuleImportWithInterface_ts has expected errors matching reservedNameOnModuleImportWithInterface_errors_txt" platform="jvm">
<message>
Expected diagnostics from baseline typescript-repo/tests/baselines/reference/reservedNameOnModuleImportWithInterface.errors.txt but none produced
</message>
<stacktrace>
  at com.xemantic.typescript.compiler.TypeScriptTestSupportKt.errorsMatchBaseline(TypeScriptTestSupport.kt:125)
  at com.xemantic.typescript.compiler.TypeScriptCompilerTests_R.reservedNameOnModuleImportWithInterface_ts has expected errors matching reservedNameOnModuleImportWithInterface_errors_txt(TypeScriptCompilerTests_R.kt:2247)
  at java.base/jdk.internal.reflect.DirectMethodHandleAccessor.invoke(DirectMethodHandleAccessor.java:104)
  at java.base/java.lang.reflect.Method.invoke(Method.java:565)
  at org.junit.runners.model.FrameworkMethod$1.runReflectiveCall(FrameworkMethod.java:59)
  at org.junit.internal.runners.model.ReflectiveCallable.run(ReflectiveCallable.java:12)
  at org.junit.runners.model.FrameworkMethod.invokeExplosively(FrameworkMethod.java:56)
  at org.junit.internal.runners.statements.InvokeMethod.evaluate(InvokeMethod.java:17)
  at org.junit.runners.ParentRunner$3.evaluate(ParentRunner.java:306)
  at org.junit.runners.BlockJUnit4ClassRunner$1.evaluate(BlockJUnit4ClassRunner.java:100)
  at org.junit.runners.ParentRunner.runLeaf(ParentRunner.java:366)
  at org.junit.runners.BlockJUnit4ClassRunner.runChild(BlockJUnit4ClassRunner.java:103)
  at org.junit.runners.BlockJUnit4ClassRunner.runChild(BlockJUnit4ClassRunner.java:63)
  at org.junit.runners.ParentRunner$4.run(ParentRunner.java:331)
  at org.junit.runners.ParentRunner$1.schedule(ParentRunner.java:79)
  at org.junit.runners.ParentRunner.runChildren(ParentRunner.java:329)
  at org.junit.runners.ParentRunner.access$100(ParentRunner.java:66)
  at org.junit.runners.ParentRunner$2.evaluate(ParentRunner.java:293)
  at org.junit.runners.ParentRunner$3.evaluate(ParentRunner.java:306)
  at org.junit.runners.ParentRunner.run(ParentRunner.java:413)
  at org.junit.runner.JUnitCore.run(JUnitCore.java:137)
  at org.junit.runner.JUnitCore.run(JUnitCore.java:115)
  at org.gradle.api.internal.tasks.testing.junit.JUnitTestExecutor.runRequest(JUnitTestExecutor.java:175)
  at org.gradle.api.internal.tasks.testing.junit.JUnitTestExecutor.accept(JUnitTestExecutor.java:84)
  at org.gradle.api.internal.tasks.testing.junit.JUnitTestExecutor.accept(JUnitTestExecutor.java:47)
  at org.gradle.api.internal.tasks.testing.junit.AbstractJUnitTestDefinitionProcessor.processTestDefinition(AbstractJUnitTestDefinitionProcessor.java:65)
  at org.gradle.api.internal.tasks.testing.SuiteTestDefinitionProcessor.processTestDefinition(SuiteTestDefinitionProcessor.java:54)
  at java.base/jdk.internal.reflect.DirectMethodHandleAccessor.invoke(DirectMethodHandleAccessor.java:104)
  at java.base/java.lang.reflect.Method.invoke(Method.java:565)
  at org.gradle.internal.dispatch.MethodInvocation.invokeOn(MethodInvocation.java:77)
  at org.gradle.internal.dispatch.ReflectionDispatch.dispatch(ReflectionDispatch.java:28)
  at org.gradle.internal.dispatch.ReflectionDispatch.dispatch(ReflectionDispatch.java:19)
  at org.gradle.internal.dispatch.ContextClassLoaderDispatch.dispatch(ContextClassLoaderDispatch.java:33)
  at org.gradle.internal.dispatch.ProxyDispatchAdapter$DispatchingInvocationHandler.invoke(ProxyDispatchAdapter.java:88)
  at jdk.proxy1/jdk.proxy1.$Proxy4.processTestDefinition(Unknown Source)
  at org.gradle.api.internal.tasks.testing.worker.TestWorker$2.run(TestWorker.java:178)
  at org.gradle.api.internal.tasks.testing.worker.TestWorker.executeAndMaintainThreadName(TestWorker.java:126)
  at org.gradle.api.internal.tasks.testing.worker.TestWorker.execute(TestWorker.java:103)
  at org.gradle.api.internal.tasks.testing.worker.TestWorker.execute(TestWorker.java:63)
  at org.gradle.process.internal.worker.child.ActionExecutionWorker.execute(ActionExecutionWorker.java:56)
  at org.gradle.process.internal.worker.child.SystemApplicationClassLoaderWorker.call(SystemApplicationClassLoaderWorker.java:122)
  at org.gradle.process.internal.worker.child.SystemApplicationClassLoaderWorker.call(SystemApplicationClassLoaderWorker.java:72)
  at worker.org.gradle.process.internal.worker.GradleWorkerMain.run(GradleWorkerMain.java:69)
  at worker.org.gradle.process.internal.worker.GradleWorkerMain.main(GradleWorkerMain.java:74)
</stacktrace>
</test-failure>


TypeScriptCompilerTests_R[jvm] > reservedNameOnModuleImportWithInterface_ts has expected errors matching reservedNameOnModuleImportWithInterface_errors_txt[jvm] FAILED

<test-failure test="com.xemantic.typescript.compiler.TypeScriptCompilerTests_R.recursiveBaseCheck6_ts has expected errors matching recursiveBaseCheck6_errors_txt" platform="jvm">
<message>
Expected diagnostics from baseline typescript-repo/tests/baselines/reference/recursiveBaseCheck6.errors.txt but none produced
</message>
<stacktrace>
  at com.xemantic.typescript.compiler.TypeScriptTestSupportKt.errorsMatchBaseline(TypeScriptTestSupport.kt:125)
  at com.xemantic.typescript.compiler.TypeScriptCompilerTests_R.recursiveBaseCheck6_ts has expected errors matching recursiveBaseCheck6_errors_txt(TypeScriptCompilerTests_R.kt:574)
  at java.base/jdk.internal.reflect.DirectMethodHandleAccessor.invoke(DirectMethodHandleAccessor.java:104)
  at java.base/java.lang.reflect.Method.invoke(Method.java:565)
  at org.junit.runners.model.FrameworkMethod$1.runReflectiveCall(FrameworkMethod.java:59)
  at org.junit.internal.runners.model.ReflectiveCallable.run(ReflectiveCallable.java:12)
  at org.junit.runners.model.FrameworkMethod.invokeExplosively(FrameworkMethod.java:56)
  at org.junit.internal.runners.statements.InvokeMethod.evaluate(InvokeMethod.java:17)
  at org.junit.runners.ParentRunner$3.evaluate(ParentRunner.java:306)
  at org.junit.runners.BlockJUnit4ClassRunner$1.evaluate(BlockJUnit4ClassRunner.java:100)
  at org.junit.runners.ParentRunner.runLeaf(ParentRunner.java:366)
  at org.junit.runners.BlockJUnit4ClassRunner.runChild(BlockJUnit4ClassRunner.java:103)
  at org.junit.runners.BlockJUnit4ClassRunner.runChild(BlockJUnit4ClassRunner.java:63)
  at org.junit.runners.ParentRunner$4.run(ParentRunner.java:331)
  at org.junit.runners.ParentRunner$1.schedule(ParentRunner.java:79)
  at org.junit.runners.ParentRunner.runChildren(ParentRunner.java:329)
  at org.junit.runners.ParentRunner.access$100(ParentRunner.java:66)
  at org.junit.runners.ParentRunner$2.evaluate(ParentRunner.java:293)
  at org.junit.runners.ParentRunner$3.evaluate(ParentRunner.java:306)
  at org.junit.runners.ParentRunner.run(ParentRunner.java:413)
  at org.junit.runner.JUnitCore.run(JUnitCore.java:137)
  at org.junit.runner.JUnitCore.run(JUnitCore.java:115)
  at org.gradle.api.internal.tasks.testing.junit.JUnitTestExecutor.runRequest(JUnitTestExecutor.java:175)
  at org.gradle.api.internal.tasks.testing.junit.JUnitTestExecutor.accept(JUnitTestExecutor.java:84)
  at org.gradle.api.internal.tasks.testing.junit.JUnitTestExecutor.accept(JUnitTestExecutor.java:47)
  at org.gradle.api.internal.tasks.testing.junit.AbstractJUnitTestDefinitionProcessor.processTestDefinition(AbstractJUnitTestDefinitionProcessor.java:65)
  at org.gradle.api.internal.tasks.testing.SuiteTestDefinitionProcessor.processTestDefinition(SuiteTestDefinitionProcessor.java:54)
  at java.base/jdk.internal.reflect.DirectMethodHandleAccessor.invoke(DirectMethodHandleAccessor.java:104)
  at java.base/java.lang.reflect.Method.invoke(Method.java:565)
  at org.gradle.internal.dispatch.MethodInvocation.invokeOn(MethodInvocation.java:77)
  at org.gradle.internal.dispatch.ReflectionDispatch.dispatch(ReflectionDispatch.java:28)
  at org.gradle.internal.dispatch.ReflectionDispatch.dispatch(ReflectionDispatch.java:19)
  at org.gradle.internal.dispatch.ContextClassLoaderDispatch.dispatch(ContextClassLoaderDispatch.java:33)
  at org.gradle.internal.dispatch.ProxyDispatchAdapter$DispatchingInvocationHandler.invoke(ProxyDispatchAdapter.java:88)
  at jdk.proxy1/jdk.proxy1.$Proxy4.processTestDefinition(Unknown Source)
  at org.gradle.api.internal.tasks.testing.worker.TestWorker$2.run(TestWorker.java:178)
  at org.gradle.api.internal.tasks.testing.worker.TestWorker.executeAndMaintainThreadName(TestWorker.java:126)
  at org.gradle.api.internal.tasks.testing.worker.TestWorker.execute(TestWorker.java:103)
  at org.gradle.api.internal.tasks.testing.worker.TestWorker.execute(TestWorker.java:63)
  at org.gradle.process.internal.worker.child.ActionExecutionWorker.execute(ActionExecutionWorker.java:56)
  at org.gradle.process.internal.worker.child.SystemApplicationClassLoaderWorker.call(SystemApplicationClassLoaderWorker.java:122)
  at org.gradle.process.internal.worker.child.SystemApplicationClassLoaderWorker.call(SystemApplicationClassLoaderWorker.java:72)
  at worker.org.gradle.process.internal.worker.GradleWorkerMain.run(GradleWorkerMain.java:69)
  at worker.org.gradle.process.internal.worker.GradleWorkerMain.main(GradleWorkerMain.java:74)
</stacktrace>
</test-failure>


TypeScriptCompilerTests_R[jvm] > recursiveBaseCheck6_ts has expected errors matching recursiveBaseCheck6_errors_txt[jvm] FAILED

<test-failure test="com.xemantic.typescript.compiler.TypeScriptCompilerTests_R.recursiveConditionalCrash4_ts has expected errors matching recursiveConditionalCrash4_errors_txt" platform="jvm">
<message>
--- expected
+++ actual
@@ -1,13 +1,12 @@
-recursiveConditionalCrash4.ts(7,16): error TS2503: Cannot find namespace 'StrIter'.
-recursiveConditionalCrash4.ts(8,5): error TS2503: Cannot find namespace 'StrIter'.
+recursiveConditionalCrash4.ts(7,16): error TS2304: Cannot find name 'StrIter'.
+recursiveConditionalCrash4.ts(8,5): error TS2304: Cannot find name 'StrIter'.
+recursiveConditionalCrash4.ts(9,18): error TS2304: Cannot find name '$Rest'.
 recursiveConditionalCrash4.ts(9,25): error TS2304: Cannot find name 'Add'.
-recursiveConditionalCrash4.ts(9,37): error TS2503: Cannot find namespace 'StrIter'.
-recursiveConditionalCrash4.ts(10,7): error TS2589: Type instantiation is excessively deep and possibly infinite.
-recursiveConditionalCrash4.ts(10,31): error TS2503: Cannot find namespace 'StrIter'.
-recursiveConditionalCrash4.ts(16,7): error TS2589: Type instantiation is excessively deep and possibly infinite.
+recursiveConditionalCrash4.ts(9,37): error TS2304: Cannot find name 'StrIter'.
+recursiveConditionalCrash4.ts(10,31): error TS2304: Cannot find name 'StrIter'.
 
 
-==== recursiveConditionalCrash4.ts (7 errors) ====
+==== recursiveConditionalCrash4.ts (6 errors) ====
     // Repros from #53783
     
     type LengthDown<
@@ -16,26 +15,24 @@
       It
     > = It extends StrIter.Iterator
                    ~~~~~~~
-!!! error TS2503: Cannot find namespace 'StrIter'.
+!!! error TS2304: Cannot find name 'StrIter'.
       ? StrIter.CutAt<Str, It> extends `${infer $Rest}`
         ~~~~~~~
-!!! error TS2503: Cannot find namespace 'StrIter'.
+!!! error TS2304: Cannot find name 'StrIter'.
         ? LengthDown<$Rest, Add<Length, StrIter.Value<It>>, It>
+                     ~~~~~
+!!! error TS2304: Cannot find name '$Rest'.
                             ~~~
 !!! error TS2304: Cannot find name 'Add'.
                                         ~~~~~~~
-!!! error TS2503: Cannot find namespace 'StrIter'.
+!!! error TS2304: Cannot find name 'StrIter'.
         : LengthDown<Str, Length, StrIter.Prev<It>>
-          ~~~~~~~~~~~~~~~~~~~~~~~~~~~~~~~~~~~~~~~~~
-!!! error TS2589: Type instantiation is excessively deep and possibly infinite.
                                   ~~~~~~~
-!!! error TS2503: Cannot find namespace 'StrIter'.
+!!! error TS2304: Cannot find name 'StrIter'.
       : Length;
     
     type Foo<T> = T extends unknown
       ? unknown extends `${infer $Rest}`
         ? Foo<T>
         : Foo<unknown>
-          ~~~~~~~~~~~~
-!!! error TS2589: Type instantiation is excessively deep and possibly infinite.
       : unknown;

</message>
<stacktrace>
  at org.junit.Assert.fail(Assert.java:89)
  at kotlin.test.junit.JUnitAsserter.fail(JUnitSupport.kt:56)
  at kotlin.test.AssertionsKt__AssertionsKt.fail(Assertions.kt:563)
  at kotlin.test.AssertionsKt.fail(Unknown Source)
  at com.xemantic.kotlin.test.SameAsKt.sameAs(SameAs.kt:52)
  at com.xemantic.typescript.compiler.TypeScriptTestSupportKt.errorsMatchBaseline(TypeScriptTestSupport.kt:135)
  at com.xemantic.typescript.compiler.TypeScriptCompilerTests_R.recursiveConditionalCrash4_ts has expected errors matching recursiveConditionalCrash4_errors_txt(TypeScriptCompilerTests_R.kt:679)
  at java.base/jdk.internal.reflect.DirectMethodHandleAccessor.invoke(DirectMethodHandleAccessor.java:104)
  at java.base/java.lang.reflect.Method.invoke(Method.java:565)
  at org.junit.runners.model.FrameworkMethod$1.runReflectiveCall(FrameworkMethod.java:59)
  at org.junit.internal.runners.model.ReflectiveCallable.run(ReflectiveCallable.java:12)
  at org.junit.runners.model.FrameworkMethod.invokeExplosively(FrameworkMethod.java:56)
  at org.junit.internal.runners.statements.InvokeMethod.evaluate(InvokeMethod.java:17)
  at org.junit.runners.ParentRunner$3.evaluate(ParentRunner.java:306)
  at org.junit.runners.BlockJUnit4ClassRunner$1.evaluate(BlockJUnit4ClassRunner.java:100)
  at org.junit.runners.ParentRunner.runLeaf(ParentRunner.java:366)
  at org.junit.runners.BlockJUnit4ClassRunner.runChild(BlockJUnit4ClassRunner.java:103)
  at org.junit.runners.BlockJUnit4ClassRunner.runChild(BlockJUnit4ClassRunner.java:63)
  at org.junit.runners.ParentRunner$4.run(ParentRunner.java:331)
  at org.junit.runners.ParentRunner$1.schedule(ParentRunner.java:79)
  at org.junit.runners.ParentRunner.runChildren(ParentRunner.java:329)
  at org.junit.runners.ParentRunner.access$100(ParentRunner.java:66)
  at org.junit.runners.ParentRunner$2.evaluate(ParentRunner.java:293)
  at org.junit.runners.ParentRunner$3.evaluate(ParentRunner.java:306)
  at org.junit.runners.ParentRunner.run(ParentRunner.java:413)
  at org.junit.runner.JUnitCore.run(JUnitCore.java:137)
  at org.junit.runner.JUnitCore.run(JUnitCore.java:115)
  at org.gradle.api.internal.tasks.testing.junit.JUnitTestExecutor.runRequest(JUnitTestExecutor.java:175)
  at org.gradle.api.internal.tasks.testing.junit.JUnitTestExecutor.accept(JUnitTestExecutor.java:84)
  at org.gradle.api.internal.tasks.testing.junit.JUnitTestExecutor.accept(JUnitTestExecutor.java:47)
  at org.gradle.api.internal.tasks.testing.junit.AbstractJUnitTestDefinitionProcessor.processTestDefinition(AbstractJUnitTestDefinitionProcessor.java:65)
  at org.gradle.api.internal.tasks.testing.SuiteTestDefinitionProcessor.processTestDefinition(SuiteTestDefinitionProcessor.java:54)
  at java.base/jdk.internal.reflect.DirectMethodHandleAccessor.invoke(DirectMethodHandleAccessor.java:104)
  at java.base/java.lang.reflect.Method.invoke(Method.java:565)
  at org.gradle.internal.dispatch.MethodInvocation.invokeOn(MethodInvocation.java:77)
  at org.gradle.internal.dispatch.ReflectionDispatch.dispatch(ReflectionDispatch.java:28)
  at org.gradle.internal.dispatch.ReflectionDispatch.dispatch(ReflectionDispatch.java:19)
  at org.gradle.internal.dispatch.ContextClassLoaderDispatch.dispatch(ContextClassLoaderDispatch.java:33)
  at org.gradle.internal.dispatch.ProxyDispatchAdapter$DispatchingInvocationHandler.invoke(ProxyDispatchAdapter.java:88)
  at jdk.proxy1/jdk.proxy1.$Proxy4.processTestDefinition(Unknown Source)
  at org.gradle.api.internal.tasks.testing.worker.TestWorker$2.run(TestWorker.java:178)
  at org.gradle.api.internal.tasks.testing.worker.TestWorker.executeAndMaintainThreadName(TestWorker.java:126)
  at org.gradle.api.internal.tasks.testing.worker.TestWorker.execute(TestWorker.java:103)
  at org.gradle.api.internal.tasks.testing.worker.TestWorker.execute(TestWorker.java:63)
  at org.gradle.process.internal.worker.child.ActionExecutionWorker.execute(ActionExecutionWorker.java:56)
  at org.gradle.process.internal.worker.child.SystemApplicationClassLoaderWorker.call(SystemApplicationClassLoaderWorker.java:122)
  at org.gradle.process.internal.worker.child.SystemApplicationClassLoaderWorker.call(SystemApplicationClassLoaderWorker.java:72)
  at worker.org.gradle.process.internal.worker.GradleWorkerMain.run(GradleWorkerMain.java:69)
  at worker.org.gradle.process.internal.worker.GradleWorkerMain.main(GradleWorkerMain.java:74)
</stacktrace>
</test-failure>


TypeScriptCompilerTests_R[jvm] > recursiveConditionalCrash4_ts has expected errors matching recursiveConditionalCrash4_errors_txt[jvm] FAILED

<test-failure test="com.xemantic.typescript.compiler.TypeScriptCompilerTests_R.readonlyTupleAndArrayElaboration_ts has expected errors matching readonlyTupleAndArrayElaboration_errors_txt" platform="jvm">
<message>
Expected diagnostics from baseline typescript-repo/tests/baselines/reference/readonlyTupleAndArrayElaboration.errors.txt but none produced
</message>
<stacktrace>
  at com.xemantic.typescript.compiler.TypeScriptTestSupportKt.errorsMatchBaseline(TypeScriptTestSupport.kt:125)
  at com.xemantic.typescript.compiler.TypeScriptCompilerTests_R.readonlyTupleAndArrayElaboration_ts has expected errors matching readonlyTupleAndArrayElaboration_errors_txt(TypeScriptCompilerTests_R.kt:427)
  at java.base/jdk.internal.reflect.DirectMethodHandleAccessor.invoke(DirectMethodHandleAccessor.java:104)
  at java.base/java.lang.reflect.Method.invoke(Method.java:565)
  at org.junit.runners.model.FrameworkMethod$1.runReflectiveCall(FrameworkMethod.java:59)
  at org.junit.internal.runners.model.ReflectiveCallable.run(ReflectiveCallable.java:12)
  at org.junit.runners.model.FrameworkMethod.invokeExplosively(FrameworkMethod.java:56)
  at org.junit.internal.runners.statements.InvokeMethod.evaluate(InvokeMethod.java:17)
  at org.junit.runners.ParentRunner$3.evaluate(ParentRunner.java:306)
  at org.junit.runners.BlockJUnit4ClassRunner$1.evaluate(BlockJUnit4ClassRunner.java:100)
  at org.junit.runners.ParentRunner.runLeaf(ParentRunner.java:366)
  at org.junit.runners.BlockJUnit4ClassRunner.runChild(BlockJUnit4ClassRunner.java:103)
  at org.junit.runners.BlockJUnit4ClassRunner.runChild(BlockJUnit4ClassRunner.java:63)
  at org.junit.runners.ParentRunner$4.run(ParentRunner.java:331)
  at org.junit.runners.ParentRunner$1.schedule(ParentRunner.java:79)
  at org.junit.runners.ParentRunner.runChildren(ParentRunner.java:329)
  at org.junit.runners.ParentRunner.access$100(ParentRunner.java:66)
  at org.junit.runners.ParentRunner$2.evaluate(ParentRunner.java:293)
  at org.junit.runners.ParentRunner$3.evaluate(ParentRunner.java:306)
  at org.junit.runners.ParentRunner.run(ParentRunner.java:413)
  at org.junit.runner.JUnitCore.run(JUnitCore.java:137)
  at org.junit.runner.JUnitCore.run(JUnitCore.java:115)
  at org.gradle.api.internal.tasks.testing.junit.JUnitTestExecutor.runRequest(JUnitTestExecutor.java:175)
  at org.gradle.api.internal.tasks.testing.junit.JUnitTestExecutor.accept(JUnitTestExecutor.java:84)
  at org.gradle.api.internal.tasks.testing.junit.JUnitTestExecutor.accept(JUnitTestExecutor.java:47)
  at org.gradle.api.internal.tasks.testing.junit.AbstractJUnitTestDefinitionProcessor.processTestDefinition(AbstractJUnitTestDefinitionProcessor.java:65)
  at org.gradle.api.internal.tasks.testing.SuiteTestDefinitionProcessor.processTestDefinition(SuiteTestDefinitionProcessor.java:54)
  at java.base/jdk.internal.reflect.DirectMethodHandleAccessor.invoke(DirectMethodHandleAccessor.java:104)
  at java.base/java.lang.reflect.Method.invoke(Method.java:565)
  at org.gradle.internal.dispatch.MethodInvocation.invokeOn(MethodInvocation.java:77)
  at org.gradle.internal.dispatch.ReflectionDispatch.dispatch(ReflectionDispatch.java:28)
  at org.gradle.internal.dispatch.ReflectionDispatch.dispatch(ReflectionDispatch.java:19)
  at org.gradle.internal.dispatch.ContextClassLoaderDispatch.dispatch(ContextClassLoaderDispatch.java:33)
  at org.gradle.internal.dispatch.ProxyDispatchAdapter$DispatchingInvocationHandler.invoke(ProxyDispatchAdapter.java:88)
  at jdk.proxy1/jdk.proxy1.$Proxy4.processTestDefinition(Unknown Source)
  at org.gradle.api.internal.tasks.testing.worker.TestWorker$2.run(TestWorker.java:178)
  at org.gradle.api.internal.tasks.testing.worker.TestWorker.executeAndMaintainThreadName(TestWorker.java:126)
  at org.gradle.api.internal.tasks.testing.worker.TestWorker.execute(TestWorker.java:103)
  at org.gradle.api.internal.tasks.testing.worker.TestWorker.execute(TestWorker.java:63)
  at org.gradle.process.internal.worker.child.ActionExecutionWorker.execute(ActionExecutionWorker.java:56)
  at org.gradle.process.internal.worker.child.SystemApplicationClassLoaderWorker.call(SystemApplicationClassLoaderWorker.java:122)
  at org.gradle.process.internal.worker.child.SystemApplicationClassLoaderWorker.call(SystemApplicationClassLoaderWorker.java:72)
  at worker.org.gradle.process.internal.worker.GradleWorkerMain.run(GradleWorkerMain.java:69)
  at worker.org.gradle.process.internal.worker.GradleWorkerMain.main(GradleWorkerMain.java:74)
</stacktrace>
</test-failure>


TypeScriptCompilerTests_R[jvm] > readonlyTupleAndArrayElaboration_ts has expected errors matching readonlyTupleAndArrayElaboration_errors_txt[jvm] FAILED

<test-failure test="com.xemantic.typescript.compiler.TypeScriptCompilerTests_R.reachabilityChecksNoCrash1_ts compiles to JavaScript matching reachabilityChecksNoCrash1_js" platform="jvm">
<message>
--- expected
+++ actual
@@ -11,12 +11,10 @@
 
 
 //// [reachabilityChecksNoCrash1.js]
- > ;
-Promise < T[] > {
-    const: out = [],
-    for: await (), const: v, of, asyncIterable,
-    out, : .push(await v)
-};
-return out;
-;
-export {};
+export async function arrayFromAsync(asyncIterable) {
+    const out = [];
+    for await (const v of asyncIterable) {
+        out.push(await v);
+    }
+    return out;
+}

</message>
<stacktrace>
  at org.junit.Assert.fail(Assert.java:89)
  at kotlin.test.junit.JUnitAsserter.fail(JUnitSupport.kt:56)
  at kotlin.test.AssertionsKt__AssertionsKt.fail(Assertions.kt:563)
  at kotlin.test.AssertionsKt.fail(Unknown Source)
  at com.xemantic.kotlin.test.SameAsKt.sameAs(SameAs.kt:52)
  at com.xemantic.typescript.compiler.TypeScriptTestSupportKt.sameAs(TypeScriptTestSupport.kt:99)
  at com.xemantic.typescript.compiler.TypeScriptCompilerTests_R.reachabilityChecksNoCrash1_ts compiles to JavaScript matching reachabilityChecksNoCrash1_js(TypeScriptCompilerTests_R.kt:280)
  at java.base/jdk.internal.reflect.DirectMethodHandleAccessor.invoke(DirectMethodHandleAccessor.java:104)
  at java.base/java.lang.reflect.Method.invoke(Method.java:565)
  at org.junit.runners.model.FrameworkMethod$1.runReflectiveCall(FrameworkMethod.java:59)
  at org.junit.internal.runners.model.ReflectiveCallable.run(ReflectiveCallable.java:12)
  at org.junit.runners.model.FrameworkMethod.invokeExplosively(FrameworkMethod.java:56)
  at org.junit.internal.runners.statements.InvokeMethod.evaluate(InvokeMethod.java:17)
  at org.junit.runners.ParentRunner$3.evaluate(ParentRunner.java:306)
  at org.junit.runners.BlockJUnit4ClassRunner$1.evaluate(BlockJUnit4ClassRunner.java:100)
  at org.junit.runners.ParentRunner.runLeaf(ParentRunner.java:366)
  at org.junit.runners.BlockJUnit4ClassRunner.runChild(BlockJUnit4ClassRunner.java:103)
  at org.junit.runners.BlockJUnit4ClassRunner.runChild(BlockJUnit4ClassRunner.java:63)
  at org.junit.runners.ParentRunner$4.run(ParentRunner.java:331)
  at org.junit.runners.ParentRunner$1.schedule(ParentRunner.java:79)
  at org.junit.runners.ParentRunner.runChildren(ParentRunner.java:329)
  at org.junit.runners.ParentRunner.access$100(ParentRunner.java:66)
  at org.junit.runners.ParentRunner$2.evaluate(ParentRunner.java:293)
  at org.junit.runners.ParentRunner$3.evaluate(ParentRunner.java:306)
  at org.junit.runners.ParentRunner.run(ParentRunner.java:413)
  at org.junit.runner.JUnitCore.run(JUnitCore.java:137)
  at org.junit.runner.JUnitCore.run(JUnitCore.java:115)
  at org.gradle.api.internal.tasks.testing.junit.JUnitTestExecutor.runRequest(JUnitTestExecutor.java:175)
  at org.gradle.api.internal.tasks.testing.junit.JUnitTestExecutor.accept(JUnitTestExecutor.java:84)
  at org.gradle.api.internal.tasks.testing.junit.JUnitTestExecutor.accept(JUnitTestExecutor.java:47)
  at org.gradle.api.internal.tasks.testing.junit.AbstractJUnitTestDefinitionProcessor.processTestDefinition(AbstractJUnitTestDefinitionProcessor.java:65)
  at org.gradle.api.internal.tasks.testing.SuiteTestDefinitionProcessor.processTestDefinition(SuiteTestDefinitionProcessor.java:54)
  at java.base/jdk.internal.reflect.DirectMethodHandleAccessor.invoke(DirectMethodHandleAccessor.java:104)
  at java.base/java.lang.reflect.Method.invoke(Method.java:565)
  at org.gradle.internal.dispatch.MethodInvocation.invokeOn(MethodInvocation.java:77)
  at org.gradle.internal.dispatch.ReflectionDispatch.dispatch(ReflectionDispatch.java:28)
  at org.gradle.internal.dispatch.ReflectionDispatch.dispatch(ReflectionDispatch.java:19)
  at org.gradle.internal.dispatch.ContextClassLoaderDispatch.dispatch(ContextClassLoaderDispatch.java:33)
  at org.gradle.internal.dispatch.ProxyDispatchAdapter$DispatchingInvocationHandler.invoke(ProxyDispatchAdapter.java:88)
  at jdk.proxy1/jdk.proxy1.$Proxy4.processTestDefinition(Unknown Source)
  at org.gradle.api.internal.tasks.testing.worker.TestWorker$2.run(TestWorker.java:178)
  at org.gradle.api.internal.tasks.testing.worker.TestWorker.executeAndMaintainThreadName(TestWorker.java:126)
  at org.gradle.api.internal.tasks.testing.worker.TestWorker.execute(TestWorker.java:103)
  at org.gradle.api.internal.tasks.testing.worker.TestWorker.execute(TestWorker.java:63)
  at org.gradle.process.internal.worker.child.ActionExecutionWorker.execute(ActionExecutionWorker.java:56)
  at org.gradle.process.internal.worker.child.SystemApplicationClassLoaderWorker.call(SystemApplicationClassLoaderWorker.java:122)
  at org.gradle.process.internal.worker.child.SystemApplicationClassLoaderWorker.call(SystemApplicationClassLoaderWorker.java:72)
  at worker.org.gradle.process.internal.worker.GradleWorkerMain.run(GradleWorkerMain.java:69)
  at worker.org.gradle.process.internal.worker.GradleWorkerMain.main(GradleWorkerMain.java:74)
</stacktrace>
</test-failure>


TypeScriptCompilerTests_R[jvm] > reachabilityChecksNoCrash1_ts compiles to JavaScript matching reachabilityChecksNoCrash1_js[jvm] FAILED

<test-failure test="com.xemantic.typescript.compiler.TypeScriptCompilerTests_R.recursiveExportAssignmentAndFindAliasedType3_ts has expected errors matching recursiveExportAssignmentAndFindAliasedType3_errors_txt" platform="jvm">
<message>
Expected diagnostics from baseline typescript-repo/tests/baselines/reference/recursiveExportAssignmentAndFindAliasedType3.errors.txt but none produced
</message>
<stacktrace>
  at com.xemantic.typescript.compiler.TypeScriptTestSupportKt.errorsMatchBaseline(TypeScriptTestSupport.kt:125)
  at com.xemantic.typescript.compiler.TypeScriptCompilerTests_R.recursiveExportAssignmentAndFindAliasedType3_ts has expected errors matching recursiveExportAssignmentAndFindAliasedType3_errors_txt(TypeScriptCompilerTests_R.kt:749)
  at java.base/jdk.internal.reflect.DirectMethodHandleAccessor.invoke(DirectMethodHandleAccessor.java:104)
  at java.base/java.lang.reflect.Method.invoke(Method.java:565)
  at org.junit.runners.model.FrameworkMethod$1.runReflectiveCall(FrameworkMethod.java:59)
  at org.junit.internal.runners.model.ReflectiveCallable.run(ReflectiveCallable.java:12)
  at org.junit.runners.model.FrameworkMethod.invokeExplosively(FrameworkMethod.java:56)
  at org.junit.internal.runners.statements.InvokeMethod.evaluate(InvokeMethod.java:17)
  at org.junit.runners.ParentRunner$3.evaluate(ParentRunner.java:306)
  at org.junit.runners.BlockJUnit4ClassRunner$1.evaluate(BlockJUnit4ClassRunner.java:100)
  at org.junit.runners.ParentRunner.runLeaf(ParentRunner.java:366)
  at org.junit.runners.BlockJUnit4ClassRunner.runChild(BlockJUnit4ClassRunner.java:103)
  at org.junit.runners.BlockJUnit4ClassRunner.runChild(BlockJUnit4ClassRunner.java:63)
  at org.junit.runners.ParentRunner$4.run(ParentRunner.java:331)
  at org.junit.runners.ParentRunner$1.schedule(ParentRunner.java:79)
  at org.junit.runners.ParentRunner.runChildren(ParentRunner.java:329)
  at org.junit.runners.ParentRunner.access$100(ParentRunner.java:66)
  at org.junit.runners.ParentRunner$2.evaluate(ParentRunner.java:293)
  at org.junit.runners.ParentRunner$3.evaluate(ParentRunner.java:306)
  at org.junit.runners.ParentRunner.run(ParentRunner.java:413)
  at org.junit.runner.JUnitCore.run(JUnitCore.java:137)
  at org.junit.runner.JUnitCore.run(JUnitCore.java:115)
  at org.gradle.api.internal.tasks.testing.junit.JUnitTestExecutor.runRequest(JUnitTestExecutor.java:175)
  at org.gradle.api.internal.tasks.testing.junit.JUnitTestExecutor.accept(JUnitTestExecutor.java:84)
  at org.gradle.api.internal.tasks.testing.junit.JUnitTestExecutor.accept(JUnitTestExecutor.java:47)
  at org.gradle.api.internal.tasks.testing.junit.AbstractJUnitTestDefinitionProcessor.processTestDefinition(AbstractJUnitTestDefinitionProcessor.java:65)
  at org.gradle.api.internal.tasks.testing.SuiteTestDefinitionProcessor.processTestDefinition(SuiteTestDefinitionProcessor.java:54)
  at java.base/jdk.internal.reflect.DirectMethodHandleAccessor.invoke(DirectMethodHandleAccessor.java:104)
  at java.base/java.lang.reflect.Method.invoke(Method.java:565)
  at org.gradle.internal.dispatch.MethodInvocation.invokeOn(MethodInvocation.java:77)
  at org.gradle.internal.dispatch.ReflectionDispatch.dispatch(ReflectionDispatch.java:28)
  at org.gradle.internal.dispatch.ReflectionDispatch.dispatch(ReflectionDispatch.java:19)
  at org.gradle.internal.dispatch.ContextClassLoaderDispatch.dispatch(ContextClassLoaderDispatch.java:33)
  at org.gradle.internal.dispatch.ProxyDispatchAdapter$DispatchingInvocationHandler.invoke(ProxyDispatchAdapter.java:88)
  at jdk.proxy1/jdk.proxy1.$Proxy4.processTestDefinition(Unknown Source)
  at org.gradle.api.internal.tasks.testing.worker.TestWorker$2.run(TestWorker.java:178)
  at org.gradle.api.internal.tasks.testing.worker.TestWorker.executeAndMaintainThreadName(TestWorker.java:126)
  at org.gradle.api.internal.tasks.testing.worker.TestWorker.execute(TestWorker.java:103)
  at org.gradle.api.internal.tasks.testing.worker.TestWorker.execute(TestWorker.java:63)
  at org.gradle.process.internal.worker.child.ActionExecutionWorker.execute(ActionExecutionWorker.java:56)
  at org.gradle.process.internal.worker.child.SystemApplicationClassLoaderWorker.call(SystemApplicationClassLoaderWorker.java:122)
  at org.gradle.process.internal.worker.child.SystemApplicationClassLoaderWorker.call(SystemApplicationClassLoaderWorker.java:72)
  at worker.org.gradle.process.internal.worker.GradleWorkerMain.run(GradleWorkerMain.java:69)
  at worker.org.gradle.process.internal.worker.GradleWorkerMain.main(GradleWorkerMain.java:74)
</stacktrace>
</test-failure>


TypeScriptCompilerTests_R[jvm] > recursiveExportAssignmentAndFindAliasedType3_ts has expected errors matching recursiveExportAssignmentAndFindAliasedType3_errors_txt[jvm] FAILED

<test-failure test="com.xemantic.typescript.compiler.TypeScriptCompilerTests_R.recursiveTupleTypeInference_ts has expected errors matching recursiveTupleTypeInference_errors_txt" platform="jvm">
<message>
Expected diagnostics from baseline typescript-repo/tests/baselines/reference/recursiveTupleTypeInference.errors.txt but none produced
</message>
<stacktrace>
  at com.xemantic.typescript.compiler.TypeScriptTestSupportKt.errorsMatchBaseline(TypeScriptTestSupport.kt:125)
  at com.xemantic.typescript.compiler.TypeScriptCompilerTests_R.recursiveTupleTypeInference_ts has expected errors matching recursiveTupleTypeInference_errors_txt(TypeScriptCompilerTests_R.kt:1099)
  at java.base/jdk.internal.reflect.DirectMethodHandleAccessor.invoke(DirectMethodHandleAccessor.java:104)
  at java.base/java.lang.reflect.Method.invoke(Method.java:565)
  at org.junit.runners.model.FrameworkMethod$1.runReflectiveCall(FrameworkMethod.java:59)
  at org.junit.internal.runners.model.ReflectiveCallable.run(ReflectiveCallable.java:12)
  at org.junit.runners.model.FrameworkMethod.invokeExplosively(FrameworkMethod.java:56)
  at org.junit.internal.runners.statements.InvokeMethod.evaluate(InvokeMethod.java:17)
  at org.junit.runners.ParentRunner$3.evaluate(ParentRunner.java:306)
  at org.junit.runners.BlockJUnit4ClassRunner$1.evaluate(BlockJUnit4ClassRunner.java:100)
  at org.junit.runners.ParentRunner.runLeaf(ParentRunner.java:366)
  at org.junit.runners.BlockJUnit4ClassRunner.runChild(BlockJUnit4ClassRunner.java:103)
  at org.junit.runners.BlockJUnit4ClassRunner.runChild(BlockJUnit4ClassRunner.java:63)
  at org.junit.runners.ParentRunner$4.run(ParentRunner.java:331)
  at org.junit.runners.ParentRunner$1.schedule(ParentRunner.java:79)
  at org.junit.runners.ParentRunner.runChildren(ParentRunner.java:329)
  at org.junit.runners.ParentRunner.access$100(ParentRunner.java:66)
  at org.junit.runners.ParentRunner$2.evaluate(ParentRunner.java:293)
  at org.junit.runners.ParentRunner$3.evaluate(ParentRunner.java:306)
  at org.junit.runners.ParentRunner.run(ParentRunner.java:413)
  at org.junit.runner.JUnitCore.run(JUnitCore.java:137)
  at org.junit.runner.JUnitCore.run(JUnitCore.java:115)
  at org.gradle.api.internal.tasks.testing.junit.JUnitTestExecutor.runRequest(JUnitTestExecutor.java:175)
  at org.gradle.api.internal.tasks.testing.junit.JUnitTestExecutor.accept(JUnitTestExecutor.java:84)
  at org.gradle.api.internal.tasks.testing.junit.JUnitTestExecutor.accept(JUnitTestExecutor.java:47)
  at org.gradle.api.internal.tasks.testing.junit.AbstractJUnitTestDefinitionProcessor.processTestDefinition(AbstractJUnitTestDefinitionProcessor.java:65)
  at org.gradle.api.internal.tasks.testing.SuiteTestDefinitionProcessor.processTestDefinition(SuiteTestDefinitionProcessor.java:54)
  at java.base/jdk.internal.reflect.DirectMethodHandleAccessor.invoke(DirectMethodHandleAccessor.java:104)
  at java.base/java.lang.reflect.Method.invoke(Method.java:565)
  at org.gradle.internal.dispatch.MethodInvocation.invokeOn(MethodInvocation.java:77)
  at org.gradle.internal.dispatch.ReflectionDispatch.dispatch(ReflectionDispatch.java:28)
  at org.gradle.internal.dispatch.ReflectionDispatch.dispatch(ReflectionDispatch.java:19)
  at org.gradle.internal.dispatch.ContextClassLoaderDispatch.dispatch(ContextClassLoaderDispatch.java:33)
  at org.gradle.internal.dispatch.ProxyDispatchAdapter$DispatchingInvocationHandler.invoke(ProxyDispatchAdapter.java:88)
  at jdk.proxy1/jdk.proxy1.$Proxy4.processTestDefinition(Unknown Source)
  at org.gradle.api.internal.tasks.testing.worker.TestWorker$2.run(TestWorker.java:178)
  at org.gradle.api.internal.tasks.testing.worker.TestWorker.executeAndMaintainThreadName(TestWorker.java:126)
  at org.gradle.api.internal.tasks.testing.worker.TestWorker.execute(TestWorker.java:103)
  at org.gradle.api.internal.tasks.testing.worker.TestWorker.execute(TestWorker.java:63)
  at org.gradle.process.internal.worker.child.ActionExecutionWorker.execute(ActionExecutionWorker.java:56)
  at org.gradle.process.internal.worker.child.SystemApplicationClassLoaderWorker.call(SystemApplicationClassLoaderWorker.java:122)
  at org.gradle.process.internal.worker.child.SystemApplicationClassLoaderWorker.call(SystemApplicationClassLoaderWorker.java:72)
  at worker.org.gradle.process.internal.worker.GradleWorkerMain.run(GradleWorkerMain.java:69)
  at worker.org.gradle.process.internal.worker.GradleWorkerMain.main(GradleWorkerMain.java:74)
</stacktrace>
</test-failure>


TypeScriptCompilerTests_R[jvm] > recursiveTupleTypeInference_ts has expected errors matching recursiveTupleTypeInference_errors_txt[jvm] FAILED

<test-failure test="com.xemantic.typescript.compiler.TypeScriptCompilerTests_R.recursiveConditionalTypes_ts has expected errors matching recursiveConditionalTypes_errors_txt" platform="jvm">
<message>
--- expected
+++ actual
@@ -1,32 +1,9 @@
-recursiveConditionalTypes.ts(16,11): error TS2589: Type instantiation is excessively deep and possibly infinite.
-recursiveConditionalTypes.ts(20,5): error TS2322: Type '__Awaited<T>' is not assignable to type '__Awaited<U>'.
-  Type 'T' is not assignable to type 'U'.
-    'U' could be instantiated with an arbitrary type which could be unrelated to 'T'.
-recursiveConditionalTypes.ts(21,5): error TS2322: Type 'T' is not assignable to type '__Awaited<T>'.
-recursiveConditionalTypes.ts(22,5): error TS2322: Type '__Awaited<T>' is not assignable to type 'T'.
-  'T' could be instantiated with an arbitrary type which could be unrelated to '__Awaited<T>'.
-recursiveConditionalTypes.ts(35,11): error TS2589: Type instantiation is excessively deep and possibly infinite.
-recursiveConditionalTypes.ts(47,12): error TS2589: Type instantiation is excessively deep and possibly infinite.
-recursiveConditionalTypes.ts(50,5): error TS2322: Type 'TupleOf<number, M>' is not assignable to type 'TupleOf<number, N>'.
-  Type 'number extends M ? number[] : _TupleOf<number, M, []>' is not assignable to type 'TupleOf<number, N>'.
-    Type 'number[] | _TupleOf<number, M, []>' is not assignable to type 'TupleOf<number, N>'.
-      Type 'number[]' is not assignable to type 'TupleOf<number, N>'.
-recursiveConditionalTypes.ts(51,5): error TS2322: Type 'TupleOf<number, N>' is not assignable to type 'TupleOf<number, M>'.
-  Type 'number extends N ? number[] : _TupleOf<number, N, []>' is not assignable to type 'TupleOf<number, M>'.
-    Type 'number[] | _TupleOf<number, N, []>' is not assignable to type 'TupleOf<number, M>'.
-      Type 'number[]' is not assignable to type 'TupleOf<number, M>'.
-recursiveConditionalTypes.ts(117,9): error TS2345: Argument of type 'Grow2<[], T>' is not assignable to parameter of type 'Grow1<[], T>'.
-  Type '[] | Grow2<[string], T>' is not assignable to type 'Grow1<[], T>'.
-    Type '[]' is not assignable to type 'Grow1<[], T>'.
-      Type 'Grow2<[string], T>' is not assignable to type 'Grow1<[number], T>'.
-        Type '[string] | Grow2<[string, string], T>' is not assignable to type 'Grow1<[number], T>'.
-          Type '[string]' is not assignable to type 'Grow1<[number], T>'.
-            Type '[string]' is not assignable to type '[number]'.
-              Type 'string' is not assignable to type 'number'.
-recursiveConditionalTypes.ts(169,5): error TS2322: Type 'number' is not assignable to type 'Enumerate<T["length"]>'.
+recursiveConditionalTypes.ts(28,62): error TS2304: Cannot find name 'U'.
+recursiveConditionalTypes.ts(126,29): error TS2304: Cannot find name 'R0'.
+recursiveConditionalTypes.ts(133,37): error TS2304: Cannot find name 'R0'.
 
 
-==== recursiveConditionalTypes.ts (10 errors) ====
+==== recursiveConditionalTypes.ts (3 errors) ====
     // Awaiting promises
     
     type __Awaited<T> =
@@ -43,30 +20,20 @@
     type P0 = __Awaited<Promise<string | Promise<MyPromise<number> | null> | undefined>>;
     type P1 = __Awaited<any>;
     type P2 = __Awaited<InfinitePromise<number>>;  // Error
-              ~~~~~~~~~~~~~~~~~~~~~~~~~~~~~~~~~~
-!!! error TS2589: Type instantiation is excessively deep and possibly infinite.
     
     function f11<T, U extends T>(tx: T, ta: __Awaited<T>, ux: U, ua: __Awaited<U>) {
         ta = ua;
         ua = ta;  // Error
-        ~~
-!!! error TS2322: Type '__Awaited<T>' is not assignable to type '__Awaited<U>'.
-!!! error TS2322:   Type 'T' is not assignable to type 'U'.
-!!! error TS2322:     'U' could be instantiated with an arbitrary type which could be unrelated to 'T'.
-!!! related TS2208 recursiveConditionalTypes.ts:18:14: This type parameter might need an `extends U` constraint.
         ta = tx;  // Error
-        ~~
-!!! error TS2322: Type 'T' is not assignable to type '__Awaited<T>'.
         tx = ta;  // Error
-        ~~
-!!! error TS2322: Type '__Awaited<T>' is not assignable to type 'T'.
-!!! error TS2322:   'T' could be instantiated with an arbitrary type which could be unrelated to '__Awaited<T>'.
     }
     
     // Flattening arrays
     
     type Flatten<T extends readonly unknown[]> = T extends unknown[] ? _Flatten<T>[] : readonly _Flatten<T>[];
     type _Flatten<T> = T extends readonly (infer U)[] ? _Flatten<U> : T;
+                                                                 ~
+!!! error TS2304: Cannot find name 'U'.
     
     type InfiniteArray<T> = InfiniteArray<T>[];
     
@@ -74,8 +41,6 @@
     type B1 = Flatten<string[][] | readonly (number[] | boolean[][])[]>;
     type B2 = Flatten<InfiniteArray<string>>;
     type B3 = B2[0];  // Error
-              ~~~~~
-!!! error TS2589: Type instantiation is excessively deep and possibly infinite.
     
     // Repeating tuples
     
@@ -88,22 +53,10 @@
     type TT3 = TupleOf<number, any>;
     type TT4 = TupleOf<number, 100>;
     type TT5 = TupleOf<number, 1000>;  // Depth error
-               ~~~~~~~~~~~~~~~~~~~~~
-!!! error TS2589: Type instantiation is excessively deep and possibly infinite.
     
     function f22<N extends number, M extends N>(tn: TupleOf<number, N>, tm: TupleOf<number, M>) {
         tn = tm;
-        ~~
-!!! error TS2322: Type 'TupleOf<number, M>' is not assignable to type 'TupleOf<number, N>'.
-!!! error TS2322:   Type 'number extends M ? number[] : _TupleOf<number, M, []>' is not assignable to type 'TupleOf<number, N>'.
-!!! error TS2322:     Type 'number[] | _TupleOf<number, M, []>' is not assignable to type 'TupleOf<number, N>'.
-!!! error TS2322:       Type 'number[]' is not assignable to type 'TupleOf<number, N>'.
         tm = tn;
-        ~~
-!!! error TS2322: Type 'TupleOf<number, N>' is not assignable to type 'TupleOf<number, M>'.
-!!! error TS2322:   Type 'number extends N ? number[] : _TupleOf<number, N, []>' is not assignable to type 'TupleOf<number, M>'.
-!!! error TS2322:     Type 'number[] | _TupleOf<number, N, []>' is not assignable to type 'TupleOf<number, M>'.
-!!! error TS2322:       Type 'number[]' is not assignable to type 'TupleOf<number, M>'.
     }
     
     declare function f23<T>(t: TupleOf<T, 3>): T;
@@ -170,15 +123,6 @@
     
     function f21<T extends number>(x: Grow1<[], T>, y: Grow2<[], T>) {
         f21(y, x);  // Error
-            ~
-!!! error TS2345: Argument of type 'Grow2<[], T>' is not assignable to parameter of type 'Grow1<[], T>'.
-!!! error TS2345:   Type '[] | Grow2<[string], T>' is not assignable to type 'Grow1<[], T>'.
-!!! error TS2345:     Type '[]' is not assignable to type 'Grow1<[], T>'.
-!!! error TS2345:       Type 'Grow2<[string], T>' is not assignable to type 'Grow1<[number], T>'.
-!!! error TS2345:         Type '[string] | Grow2<[string, string], T>' is not assignable to type 'Grow1<[number], T>'.
-!!! error TS2345:           Type '[string]' is not assignable to type 'Grow1<[number], T>'.
-!!! error TS2345:             Type '[string]' is not assignable to type '[number]'.
-!!! error TS2345:               Type 'string' is not assignable to type 'number'.
     }
     
     // Repros from #41756
@@ -188,6 +132,8 @@
     type ParseManyWhitespace<S extends string> =
         S extends ` ${infer R0}` ?
             ParseManyWhitespace<R0> extends ParseSuccess<infer R1> ? ParseSuccess<R1> : null :
+                                ~~
+!!! error TS2304: Cannot find name 'R0'.
             ParseSuccess<S>;
     
     type TP1 = ParseManyWhitespace<" foo">;
@@ -195,6 +141,8 @@
     type ParseManyWhitespace2<S extends string> =
         S extends ` ${infer R0}` ?
             Helper<ParseManyWhitespace2<R0>> :
+                                        ~~
+!!! error TS2304: Cannot find name 'R0'.
             ParseSuccess<S>;
     
     type Helper<T> = T extends ParseSuccess<infer R> ? ParseSuccess<R> : null
@@ -231,6 +179,4 @@
     
     function foo2<T extends unknown[]>(value: T): Enumerate<T['length']> {
         return value.length;  // Error
-        ~~~~~~
-!!! error TS2322: Type 'number' is not assignable to type 'Enumerate<T["length"]>'.
     }

</message>
<stacktrace>
  at org.junit.Assert.fail(Assert.java:89)
  at kotlin.test.junit.JUnitAsserter.fail(JUnitSupport.kt:56)
  at kotlin.test.AssertionsKt__AssertionsKt.fail(Assertions.kt:563)
  at kotlin.test.AssertionsKt.fail(Unknown Source)
  at com.xemantic.kotlin.test.SameAsKt.sameAs(SameAs.kt:52)
  at com.xemantic.typescript.compiler.TypeScriptTestSupportKt.errorsMatchBaseline(TypeScriptTestSupport.kt:135)
  at com.xemantic.typescript.compiler.TypeScriptCompilerTests_R.recursiveConditionalTypes_ts has expected errors matching recursiveConditionalTypes_errors_txt(TypeScriptCompilerTests_R.kt:700)
  at java.base/jdk.internal.reflect.DirectMethodHandleAccessor.invoke(DirectMethodHandleAccessor.java:104)
  at java.base/java.lang.reflect.Method.invoke(Method.java:565)
  at org.junit.runners.model.FrameworkMethod$1.runReflectiveCall(FrameworkMethod.java:59)
  at org.junit.internal.runners.model.ReflectiveCallable.run(ReflectiveCallable.java:12)
  at org.junit.runners.model.FrameworkMethod.invokeExplosively(FrameworkMethod.java:56)
  at org.junit.internal.runners.statements.InvokeMethod.evaluate(InvokeMethod.java:17)
  at org.junit.runners.ParentRunner$3.evaluate(ParentRunner.java:306)
  at org.junit.runners.BlockJUnit4ClassRunner$1.evaluate(BlockJUnit4ClassRunner.java:100)
  at org.junit.runners.ParentRunner.runLeaf(ParentRunner.java:366)
  at org.junit.runners.BlockJUnit4ClassRunner.runChild(BlockJUnit4ClassRunner.java:103)
  at org.junit.runners.BlockJUnit4ClassRunner.runChild(BlockJUnit4ClassRunner.java:63)
  at org.junit.runners.ParentRunner$4.run(ParentRunner.java:331)
  at org.junit.runners.ParentRunner$1.schedule(ParentRunner.java:79)
  at org.junit.runners.ParentRunner.runChildren(ParentRunner.java:329)
  at org.junit.runners.ParentRunner.access$100(ParentRunner.java:66)
  at org.junit.runners.ParentRunner$2.evaluate(ParentRunner.java:293)
  at org.junit.runners.ParentRunner$3.evaluate(ParentRunner.java:306)
  at org.junit.runners.ParentRunner.run(ParentRunner.java:413)
  at org.junit.runner.JUnitCore.run(JUnitCore.java:137)
  at org.junit.runner.JUnitCore.run(JUnitCore.java:115)
  at org.gradle.api.internal.tasks.testing.junit.JUnitTestExecutor.runRequest(JUnitTestExecutor.java:175)
  at org.gradle.api.internal.tasks.testing.junit.JUnitTestExecutor.accept(JUnitTestExecutor.java:84)
  at org.gradle.api.internal.tasks.testing.junit.JUnitTestExecutor.accept(JUnitTestExecutor.java:47)
  at org.gradle.api.internal.tasks.testing.junit.AbstractJUnitTestDefinitionProcessor.processTestDefinition(AbstractJUnitTestDefinitionProcessor.java:65)
  at org.gradle.api.internal.tasks.testing.SuiteTestDefinitionProcessor.processTestDefinition(SuiteTestDefinitionProcessor.java:54)
  at java.base/jdk.internal.reflect.DirectMethodHandleAccessor.invoke(DirectMethodHandleAccessor.java:104)
  at java.base/java.lang.reflect.Method.invoke(Method.java:565)
  at org.gradle.internal.dispatch.MethodInvocation.invokeOn(MethodInvocation.java:77)
  at org.gradle.internal.dispatch.ReflectionDispatch.dispatch(ReflectionDispatch.java:28)
  at org.gradle.internal.dispatch.ReflectionDispatch.dispatch(ReflectionDispatch.java:19)
  at org.gradle.internal.dispatch.ContextClassLoaderDispatch.dispatch(ContextClassLoaderDispatch.java:33)
  at org.gradle.internal.dispatch.ProxyDispatchAdapter$DispatchingInvocationHandler.invoke(ProxyDispatchAdapter.java:88)
  at jdk.proxy1/jdk.proxy1.$Proxy4.processTestDefinition(Unknown Source)
  at org.gradle.api.internal.tasks.testing.worker.TestWorker$2.run(TestWorker.java:178)
  at org.gradle.api.internal.tasks.testing.worker.TestWorker.executeAndMaintainThreadName(TestWorker.java:126)
  at org.gradle.api.internal.tasks.testing.worker.TestWorker.execute(TestWorker.java:103)
  at org.gradle.api.internal.tasks.testing.worker.TestWorker.execute(TestWorker.java:63)
  at org.gradle.process.internal.worker.child.ActionExecutionWorker.execute(ActionExecutionWorker.java:56)
  at org.gradle.process.internal.worker.child.SystemApplicationClassLoaderWorker.call(SystemApplicationClassLoaderWorker.java:122)
  at org.gradle.process.internal.worker.child.SystemApplicationClassLoaderWorker.call(SystemApplicationClassLoaderWorker.java:72)
  at worker.org.gradle.process.internal.worker.GradleWorkerMain.run(GradleWorkerMain.java:69)
  at worker.org.gradle.process.internal.worker.GradleWorkerMain.main(GradleWorkerMain.java:74)
</stacktrace>
</test-failure>


TypeScriptCompilerTests_R[jvm] > recursiveConditionalTypes_ts has expected errors matching recursiveConditionalTypes_errors_txt[jvm] FAILED

<test-failure test="com.xemantic.typescript.compiler.TypeScriptCompilerTests_R.regularExpressionScanning_ts__target_es2015__has expected errors matching baseline" platform="jvm">
<message>
Expected diagnostics from baseline typescript-repo/tests/baselines/reference/regularExpressionScanning(target=es2015).errors.txt but none produced
</message>
<stacktrace>
  at com.xemantic.typescript.compiler.TypeScriptTestSupportKt.errorsMatchBaseline(TypeScriptTestSupport.kt:125)
  at com.xemantic.typescript.compiler.TypeScriptCompilerTests_R.regularExpressionScanning_ts__target_es2015__has expected errors matching baseline(TypeScriptCompilerTests_R.kt:1624)
  at java.base/jdk.internal.reflect.DirectMethodHandleAccessor.invoke(DirectMethodHandleAccessor.java:104)
  at java.base/java.lang.reflect.Method.invoke(Method.java:565)
  at org.junit.runners.model.FrameworkMethod$1.runReflectiveCall(FrameworkMethod.java:59)
  at org.junit.internal.runners.model.ReflectiveCallable.run(ReflectiveCallable.java:12)
  at org.junit.runners.model.FrameworkMethod.invokeExplosively(FrameworkMethod.java:56)
  at org.junit.internal.runners.statements.InvokeMethod.evaluate(InvokeMethod.java:17)
  at org.junit.runners.ParentRunner$3.evaluate(ParentRunner.java:306)
  at org.junit.runners.BlockJUnit4ClassRunner$1.evaluate(BlockJUnit4ClassRunner.java:100)
  at org.junit.runners.ParentRunner.runLeaf(ParentRunner.java:366)
  at org.junit.runners.BlockJUnit4ClassRunner.runChild(BlockJUnit4ClassRunner.java:103)
  at org.junit.runners.BlockJUnit4ClassRunner.runChild(BlockJUnit4ClassRunner.java:63)
  at org.junit.runners.ParentRunner$4.run(ParentRunner.java:331)
  at org.junit.runners.ParentRunner$1.schedule(ParentRunner.java:79)
  at org.junit.runners.ParentRunner.runChildren(ParentRunner.java:329)
  at org.junit.runners.ParentRunner.access$100(ParentRunner.java:66)
  at org.junit.runners.ParentRunner$2.evaluate(ParentRunner.java:293)
  at org.junit.runners.ParentRunner$3.evaluate(ParentRunner.java:306)
  at org.junit.runners.ParentRunner.run(ParentRunner.java:413)
  at org.junit.runner.JUnitCore.run(JUnitCore.java:137)
  at org.junit.runner.JUnitCore.run(JUnitCore.java:115)
  at org.gradle.api.internal.tasks.testing.junit.JUnitTestExecutor.runRequest(JUnitTestExecutor.java:175)
  at org.gradle.api.internal.tasks.testing.junit.JUnitTestExecutor.accept(JUnitTestExecutor.java:84)
  at org.gradle.api.internal.tasks.testing.junit.JUnitTestExecutor.accept(JUnitTestExecutor.java:47)
  at org.gradle.api.internal.tasks.testing.junit.AbstractJUnitTestDefinitionProcessor.processTestDefinition(AbstractJUnitTestDefinitionProcessor.java:65)
  at org.gradle.api.internal.tasks.testing.SuiteTestDefinitionProcessor.processTestDefinition(SuiteTestDefinitionProcessor.java:54)
  at java.base/jdk.internal.reflect.DirectMethodHandleAccessor.invoke(DirectMethodHandleAccessor.java:104)
  at java.base/java.lang.reflect.Method.invoke(Method.java:565)
  at org.gradle.internal.dispatch.MethodInvocation.invokeOn(MethodInvocation.java:77)
  at org.gradle.internal.dispatch.ReflectionDispatch.dispatch(ReflectionDispatch.java:28)
  at org.gradle.internal.dispatch.ReflectionDispatch.dispatch(ReflectionDispatch.java:19)
  at org.gradle.internal.dispatch.ContextClassLoaderDispatch.dispatch(ContextClassLoaderDispatch.java:33)
  at org.gradle.internal.dispatch.ProxyDispatchAdapter$DispatchingInvocationHandler.invoke(ProxyDispatchAdapter.java:88)
  at jdk.proxy1/jdk.proxy1.$Proxy4.processTestDefinition(Unknown Source)
  at org.gradle.api.internal.tasks.testing.worker.TestWorker$2.run(TestWorker.java:178)
  at org.gradle.api.internal.tasks.testing.worker.TestWorker.executeAndMaintainThreadName(TestWorker.java:126)
  at org.gradle.api.internal.tasks.testing.worker.TestWorker.execute(TestWorker.java:103)
  at org.gradle.api.internal.tasks.testing.worker.TestWorker.execute(TestWorker.java:63)
  at org.gradle.process.internal.worker.child.ActionExecutionWorker.execute(ActionExecutionWorker.java:56)
  at org.gradle.process.internal.worker.child.SystemApplicationClassLoaderWorker.call(SystemApplicationClassLoaderWorker.java:122)
  at org.gradle.process.internal.worker.child.SystemApplicationClassLoaderWorker.call(SystemApplicationClassLoaderWorker.java:72)
  at worker.org.gradle.process.internal.worker.GradleWorkerMain.run(GradleWorkerMain.java:69)
  at worker.org.gradle.process.internal.worker.GradleWorkerMain.main(GradleWorkerMain.java:74)
</stacktrace>
</test-failure>


TypeScriptCompilerTests_R[jvm] > regularExpressionScanning_ts__target_es2015__has expected errors matching baseline[jvm] FAILED

<test-failure test="com.xemantic.typescript.compiler.TypeScriptCompilerTests_R.restParameterWithBindingPattern3_ts has expected errors matching restParameterWithBindingPattern3_errors_txt" platform="jvm">
<message>
Expected diagnostics from baseline typescript-repo/tests/baselines/reference/restParameterWithBindingPattern3.errors.txt but none produced
</message>
<stacktrace>
  at com.xemantic.typescript.compiler.TypeScriptTestSupportKt.errorsMatchBaseline(TypeScriptTestSupport.kt:125)
  at com.xemantic.typescript.compiler.TypeScriptCompilerTests_R.restParameterWithBindingPattern3_ts has expected errors matching restParameterWithBindingPattern3_errors_txt(TypeScriptCompilerTests_R.kt:2541)
  at java.base/jdk.internal.reflect.DirectMethodHandleAccessor.invoke(DirectMethodHandleAccessor.java:104)
  at java.base/java.lang.reflect.Method.invoke(Method.java:565)
  at org.junit.runners.model.FrameworkMethod$1.runReflectiveCall(FrameworkMethod.java:59)
  at org.junit.internal.runners.model.ReflectiveCallable.run(ReflectiveCallable.java:12)
  at org.junit.runners.model.FrameworkMethod.invokeExplosively(FrameworkMethod.java:56)
  at org.junit.internal.runners.statements.InvokeMethod.evaluate(InvokeMethod.java:17)
  at org.junit.runners.ParentRunner$3.evaluate(ParentRunner.java:306)
  at org.junit.runners.BlockJUnit4ClassRunner$1.evaluate(BlockJUnit4ClassRunner.java:100)
  at org.junit.runners.ParentRunner.runLeaf(ParentRunner.java:366)
  at org.junit.runners.BlockJUnit4ClassRunner.runChild(BlockJUnit4ClassRunner.java:103)
  at org.junit.runners.BlockJUnit4ClassRunner.runChild(BlockJUnit4ClassRunner.java:63)
  at org.junit.runners.ParentRunner$4.run(ParentRunner.java:331)
  at org.junit.runners.ParentRunner$1.schedule(ParentRunner.java:79)
  at org.junit.runners.ParentRunner.runChildren(ParentRunner.java:329)
  at org.junit.runners.ParentRunner.access$100(ParentRunner.java:66)
  at org.junit.runners.ParentRunner$2.evaluate(ParentRunner.java:293)
  at org.junit.runners.ParentRunner$3.evaluate(ParentRunner.java:306)
  at org.junit.runners.ParentRunner.run(ParentRunner.java:413)
  at org.junit.runner.JUnitCore.run(JUnitCore.java:137)
  at org.junit.runner.JUnitCore.run(JUnitCore.java:115)
  at org.gradle.api.internal.tasks.testing.junit.JUnitTestExecutor.runRequest(JUnitTestExecutor.java:175)
  at org.gradle.api.internal.tasks.testing.junit.JUnitTestExecutor.accept(JUnitTestExecutor.java:84)
  at org.gradle.api.internal.tasks.testing.junit.JUnitTestExecutor.accept(JUnitTestExecutor.java:47)
  at org.gradle.api.internal.tasks.testing.junit.AbstractJUnitTestDefinitionProcessor.processTestDefinition(AbstractJUnitTestDefinitionProcessor.java:65)
  at org.gradle.api.internal.tasks.testing.SuiteTestDefinitionProcessor.processTestDefinition(SuiteTestDefinitionProcessor.java:54)
  at java.base/jdk.internal.reflect.DirectMethodHandleAccessor.invoke(DirectMethodHandleAccessor.java:104)
  at java.base/java.lang.reflect.Method.invoke(Method.java:565)
  at org.gradle.internal.dispatch.MethodInvocation.invokeOn(MethodInvocation.java:77)
  at org.gradle.internal.dispatch.ReflectionDispatch.dispatch(ReflectionDispatch.java:28)
  at org.gradle.internal.dispatch.ReflectionDispatch.dispatch(ReflectionDispatch.java:19)
  at org.gradle.internal.dispatch.ContextClassLoaderDispatch.dispatch(ContextClassLoaderDispatch.java:33)
  at org.gradle.internal.dispatch.ProxyDispatchAdapter$DispatchingInvocationHandler.invoke(ProxyDispatchAdapter.java:88)
  at jdk.proxy1/jdk.proxy1.$Proxy4.processTestDefinition(Unknown Source)
  at org.gradle.api.internal.tasks.testing.worker.TestWorker$2.run(TestWorker.java:178)
  at org.gradle.api.internal.tasks.testing.worker.TestWorker.executeAndMaintainThreadName(TestWorker.java:126)
  at org.gradle.api.internal.tasks.testing.worker.TestWorker.execute(TestWorker.java:103)
  at org.gradle.api.internal.tasks.testing.worker.TestWorker.execute(TestWorker.java:63)
  at org.gradle.process.internal.worker.child.ActionExecutionWorker.execute(ActionExecutionWorker.java:56)
  at org.gradle.process.internal.worker.child.SystemApplicationClassLoaderWorker.call(SystemApplicationClassLoaderWorker.java:122)
  at org.gradle.process.internal.worker.child.SystemApplicationClassLoaderWorker.call(SystemApplicationClassLoaderWorker.java:72)
  at worker.org.gradle.process.internal.worker.GradleWorkerMain.run(GradleWorkerMain.java:69)
  at worker.org.gradle.process.internal.worker.GradleWorkerMain.main(GradleWorkerMain.java:74)
</stacktrace>
</test-failure>


TypeScriptCompilerTests_R[jvm] > restParameterWithBindingPattern3_ts has expected errors matching restParameterWithBindingPattern3_errors_txt[jvm] FAILED

<test-failure test="com.xemantic.typescript.compiler.TypeScriptCompilerTests_R.restInvalidArgumentType_ts has expected errors matching restInvalidArgumentType_errors_txt" platform="jvm">
<message>
--- expected
+++ actual
@@ -1,18 +1,7 @@
-restInvalidArgumentType.ts(30,13): error TS2700: Rest types may only be created from object types.
-restInvalidArgumentType.ts(31,13): error TS2700: Rest types may only be created from object types.
-restInvalidArgumentType.ts(37,13): error TS2700: Rest types may only be created from object types.
-restInvalidArgumentType.ts(40,13): error TS2700: Rest types may only be created from object types.
-restInvalidArgumentType.ts(42,13): error TS2700: Rest types may only be created from object types.
-restInvalidArgumentType.ts(43,13): error TS2700: Rest types may only be created from object types.
-restInvalidArgumentType.ts(45,13): error TS2700: Rest types may only be created from object types.
-restInvalidArgumentType.ts(46,13): error TS2700: Rest types may only be created from object types.
-restInvalidArgumentType.ts(50,13): error TS2700: Rest types may only be created from object types.
-restInvalidArgumentType.ts(51,13): error TS2700: Rest types may only be created from object types.
-restInvalidArgumentType.ts(53,13): error TS2700: Rest types may only be created from object types.
 restInvalidArgumentType.ts(53,20): error TS2454: Variable 'e' is used before being assigned.
 
 
-==== restInvalidArgumentType.ts (12 errors) ====
+==== restInvalidArgumentType.ts (1 errors) ====
     enum E { v1, v2 };
     
     function f<T extends { b: string }>(p1: T, p2: T[]) {
@@ -43,51 +32,29 @@
         var {...r2} = p2;   // OK
         var {...r3} = t;   // Error, generic type paramter
         var {...r4} = i;   // Error, index access
-                ~~
-!!! error TS2700: Rest types may only be created from object types.
         var {...r5} = k;   // Error, index
-                ~~
-!!! error TS2700: Rest types may only be created from object types.
     
         var {...r6} = mapped_generic; // Error, generic mapped object type
         var {...r7} = mapped;  // OK, non-generic mapped type
     
         var {...r8} = union_generic;  // Error, union with generic type parameter
         var {...r9} = union_primitive;  // Error, union with generic type parameter
-                ~~
-!!! error TS2700: Rest types may only be created from object types.
     
         var {...r10} = intersection_generic;  // Error, intersection with generic type parameter
         var {...r11} = intersection_primitive;  // Error, intersection with generic type parameter
-                ~~~
-!!! error TS2700: Rest types may only be created from object types.
     
         var {...r12} = num;  // Error
-                ~~~
-!!! error TS2700: Rest types may only be created from object types.
         var {...r13} = str;  // Error
-                ~~~
-!!! error TS2700: Rest types may only be created from object types.
     
         var {...r14} = u;  // error, undefined-only not allowed
-                ~~~
-!!! error TS2700: Rest types may only be created from object types.
         var {...r15} = n;  // error, null-only not allowed
-                ~~~
-!!! error TS2700: Rest types may only be created from object types.
     
         var {...r16} = a;  // OK
     
         var {...r17} = literal_string;  // Error
-                ~~~
-!!! error TS2700: Rest types may only be created from object types.
         var {...r18} = literal_number;  // Error
-                ~~~
-!!! error TS2700: Rest types may only be created from object types.
     
         var {...r19} = e;  // Error, enum
-                ~~~
-!!! error TS2700: Rest types may only be created from object types.
                        ~
 !!! error TS2454: Variable 'e' is used before being assigned.
     }

</message>
<stacktrace>
  at org.junit.Assert.fail(Assert.java:89)
  at kotlin.test.junit.JUnitAsserter.fail(JUnitSupport.kt:56)
  at kotlin.test.AssertionsKt__AssertionsKt.fail(Assertions.kt:563)
  at kotlin.test.AssertionsKt.fail(Unknown Source)
  at com.xemantic.kotlin.test.SameAsKt.sameAs(SameAs.kt:52)
  at com.xemantic.typescript.compiler.TypeScriptTestSupportKt.errorsMatchBaseline(TypeScriptTestSupport.kt:135)
  at com.xemantic.typescript.compiler.TypeScriptCompilerTests_R.restInvalidArgumentType_ts has expected errors matching restInvalidArgumentType_errors_txt(TypeScriptCompilerTests_R.kt:2436)
  at java.base/jdk.internal.reflect.DirectMethodHandleAccessor.invoke(DirectMethodHandleAccessor.java:104)
  at java.base/java.lang.reflect.Method.invoke(Method.java:565)
  at org.junit.runners.model.FrameworkMethod$1.runReflectiveCall(FrameworkMethod.java:59)
  at org.junit.internal.runners.model.ReflectiveCallable.run(ReflectiveCallable.java:12)
  at org.junit.runners.model.FrameworkMethod.invokeExplosively(FrameworkMethod.java:56)
  at org.junit.internal.runners.statements.InvokeMethod.evaluate(InvokeMethod.java:17)
  at org.junit.runners.ParentRunner$3.evaluate(ParentRunner.java:306)
  at org.junit.runners.BlockJUnit4ClassRunner$1.evaluate(BlockJUnit4ClassRunner.java:100)
  at org.junit.runners.ParentRunner.runLeaf(ParentRunner.java:366)
  at org.junit.runners.BlockJUnit4ClassRunner.runChild(BlockJUnit4ClassRunner.java:103)
  at org.junit.runners.BlockJUnit4ClassRunner.runChild(BlockJUnit4ClassRunner.java:63)
  at org.junit.runners.ParentRunner$4.run(ParentRunner.java:331)
  at org.junit.runners.ParentRunner$1.schedule(ParentRunner.java:79)
  at org.junit.runners.ParentRunner.runChildren(ParentRunner.java:329)
  at org.junit.runners.ParentRunner.access$100(ParentRunner.java:66)
  at org.junit.runners.ParentRunner$2.evaluate(ParentRunner.java:293)
  at org.junit.runners.ParentRunner$3.evaluate(ParentRunner.java:306)
  at org.junit.runners.ParentRunner.run(ParentRunner.java:413)
  at org.junit.runner.JUnitCore.run(JUnitCore.java:137)
  at org.junit.runner.JUnitCore.run(JUnitCore.java:115)
  at org.gradle.api.internal.tasks.testing.junit.JUnitTestExecutor.runRequest(JUnitTestExecutor.java:175)
  at org.gradle.api.internal.tasks.testing.junit.JUnitTestExecutor.accept(JUnitTestExecutor.java:84)
  at org.gradle.api.internal.tasks.testing.junit.JUnitTestExecutor.accept(JUnitTestExecutor.java:47)
  at org.gradle.api.internal.tasks.testing.junit.AbstractJUnitTestDefinitionProcessor.processTestDefinition(AbstractJUnitTestDefinitionProcessor.java:65)
  at org.gradle.api.internal.tasks.testing.SuiteTestDefinitionProcessor.processTestDefinition(SuiteTestDefinitionProcessor.java:54)
  at java.base/jdk.internal.reflect.DirectMethodHandleAccessor.invoke(DirectMethodHandleAccessor.java:104)
  at java.base/java.lang.reflect.Method.invoke(Method.java:565)
  at org.gradle.internal.dispatch.MethodInvocation.invokeOn(MethodInvocation.java:77)
  at org.gradle.internal.dispatch.ReflectionDispatch.dispatch(ReflectionDispatch.java:28)
  at org.gradle.internal.dispatch.ReflectionDispatch.dispatch(ReflectionDispatch.java:19)
  at org.gradle.internal.dispatch.ContextClassLoaderDispatch.dispatch(ContextClassLoaderDispatch.java:33)
  at org.gradle.internal.dispatch.ProxyDispatchAdapter$DispatchingInvocationHandler.invoke(ProxyDispatchAdapter.java:88)
  at jdk.proxy1/jdk.proxy1.$Proxy4.processTestDefinition(Unknown Source)
  at org.gradle.api.internal.tasks.testing.worker.TestWorker$2.run(TestWorker.java:178)
  at org.gradle.api.internal.tasks.testing.worker.TestWorker.executeAndMaintainThreadName(TestWorker.java:126)
  at org.gradle.api.internal.tasks.testing.worker.TestWorker.execute(TestWorker.java:103)
  at org.gradle.api.internal.tasks.testing.worker.TestWorker.execute(TestWorker.java:63)
  at org.gradle.process.internal.worker.child.ActionExecutionWorker.execute(ActionExecutionWorker.java:56)
  at org.gradle.process.internal.worker.child.SystemApplicationClassLoaderWorker.call(SystemApplicationClassLoaderWorker.java:122)
  at org.gradle.process.internal.worker.child.SystemApplicationClassLoaderWorker.call(SystemApplicationClassLoaderWorker.java:72)
  at worker.org.gradle.process.internal.worker.GradleWorkerMain.run(GradleWorkerMain.java:69)
  at worker.org.gradle.process.internal.worker.GradleWorkerMain.main(GradleWorkerMain.java:74)
</stacktrace>
</test-failure>


TypeScriptCompilerTests_R[jvm] > restInvalidArgumentType_ts has expected errors matching restInvalidArgumentType_errors_txt[jvm] FAILED

<test-failure test="com.xemantic.typescript.compiler.TypeScriptCompilerTests_R.reExportGlobalDeclaration2_ts has expected errors matching reExportGlobalDeclaration2_errors_txt" platform="jvm">
<message>
Expected diagnostics from baseline typescript-repo/tests/baselines/reference/reExportGlobalDeclaration2.errors.txt but none produced
</message>
<stacktrace>
  at com.xemantic.typescript.compiler.TypeScriptTestSupportKt.errorsMatchBaseline(TypeScriptTestSupport.kt:125)
  at com.xemantic.typescript.compiler.TypeScriptCompilerTests_R.reExportGlobalDeclaration2_ts has expected errors matching reExportGlobalDeclaration2_errors_txt(TypeScriptCompilerTests_R.kt:70)
  at java.base/jdk.internal.reflect.DirectMethodHandleAccessor.invoke(DirectMethodHandleAccessor.java:104)
  at java.base/java.lang.reflect.Method.invoke(Method.java:565)
  at org.junit.runners.model.FrameworkMethod$1.runReflectiveCall(FrameworkMethod.java:59)
  at org.junit.internal.runners.model.ReflectiveCallable.run(ReflectiveCallable.java:12)
  at org.junit.runners.model.FrameworkMethod.invokeExplosively(FrameworkMethod.java:56)
  at org.junit.internal.runners.statements.InvokeMethod.evaluate(InvokeMethod.java:17)
  at org.junit.runners.ParentRunner$3.evaluate(ParentRunner.java:306)
  at org.junit.runners.BlockJUnit4ClassRunner$1.evaluate(BlockJUnit4ClassRunner.java:100)
  at org.junit.runners.ParentRunner.runLeaf(ParentRunner.java:366)
  at org.junit.runners.BlockJUnit4ClassRunner.runChild(BlockJUnit4ClassRunner.java:103)
  at org.junit.runners.BlockJUnit4ClassRunner.runChild(BlockJUnit4ClassRunner.java:63)
  at org.junit.runners.ParentRunner$4.run(ParentRunner.java:331)
  at org.junit.runners.ParentRunner$1.schedule(ParentRunner.java:79)
  at org.junit.runners.ParentRunner.runChildren(ParentRunner.java:329)
  at org.junit.runners.ParentRunner.access$100(ParentRunner.java:66)
  at org.junit.runners.ParentRunner$2.evaluate(ParentRunner.java:293)
  at org.junit.runners.ParentRunner$3.evaluate(ParentRunner.java:306)
  at org.junit.runners.ParentRunner.run(ParentRunner.java:413)
  at org.junit.runner.JUnitCore.run(JUnitCore.java:137)
  at org.junit.runner.JUnitCore.run(JUnitCore.java:115)
  at org.gradle.api.internal.tasks.testing.junit.JUnitTestExecutor.runRequest(JUnitTestExecutor.java:175)
  at org.gradle.api.internal.tasks.testing.junit.JUnitTestExecutor.accept(JUnitTestExecutor.java:84)
  at org.gradle.api.internal.tasks.testing.junit.JUnitTestExecutor.accept(JUnitTestExecutor.java:47)
  at org.gradle.api.internal.tasks.testing.junit.AbstractJUnitTestDefinitionProcessor.processTestDefinition(AbstractJUnitTestDefinitionProcessor.java:65)
  at org.gradle.api.internal.tasks.testing.SuiteTestDefinitionProcessor.processTestDefinition(SuiteTestDefinitionProcessor.java:54)
  at java.base/jdk.internal.reflect.DirectMethodHandleAccessor.invoke(DirectMethodHandleAccessor.java:104)
  at java.base/java.lang.reflect.Method.invoke(Method.java:565)
  at org.gradle.internal.dispatch.MethodInvocation.invokeOn(MethodInvocation.java:77)
  at org.gradle.internal.dispatch.ReflectionDispatch.dispatch(ReflectionDispatch.java:28)
  at org.gradle.internal.dispatch.ReflectionDispatch.dispatch(ReflectionDispatch.java:19)
  at org.gradle.internal.dispatch.ContextClassLoaderDispatch.dispatch(ContextClassLoaderDispatch.java:33)
  at org.gradle.internal.dispatch.ProxyDispatchAdapter$DispatchingInvocationHandler.invoke(ProxyDispatchAdapter.java:88)
  at jdk.proxy1/jdk.proxy1.$Proxy4.processTestDefinition(Unknown Source)
  at org.gradle.api.internal.tasks.testing.worker.TestWorker$2.run(TestWorker.java:178)
  at org.gradle.api.internal.tasks.testing.worker.TestWorker.executeAndMaintainThreadName(TestWorker.java:126)
  at org.gradle.api.internal.tasks.testing.worker.TestWorker.execute(TestWorker.java:103)
  at org.gradle.api.internal.tasks.testing.worker.TestWorker.execute(TestWorker.java:63)
  at org.gradle.process.internal.worker.child.ActionExecutionWorker.execute(ActionExecutionWorker.java:56)
  at org.gradle.process.internal.worker.child.SystemApplicationClassLoaderWorker.call(SystemApplicationClassLoaderWorker.java:122)
  at org.gradle.process.internal.worker.child.SystemApplicationClassLoaderWorker.call(SystemApplicationClassLoaderWorker.java:72)
  at worker.org.gradle.process.internal.worker.GradleWorkerMain.run(GradleWorkerMain.java:69)
  at worker.org.gradle.process.internal.worker.GradleWorkerMain.main(GradleWorkerMain.java:74)
</stacktrace>
</test-failure>


TypeScriptCompilerTests_R[jvm] > reExportGlobalDeclaration2_ts has expected errors matching reExportGlobalDeclaration2_errors_txt[jvm] FAILED

<test-failure test="com.xemantic.typescript.compiler.TypeScriptCompilerTests_R.recursiveExportAssignmentAndFindAliasedType2_ts has expected errors matching recursiveExportAssignmentAndFindAliasedType2_errors_txt" platform="jvm">
<message>
Expected diagnostics from baseline typescript-repo/tests/baselines/reference/recursiveExportAssignmentAndFindAliasedType2.errors.txt but none produced
</message>
<stacktrace>
  at com.xemantic.typescript.compiler.TypeScriptTestSupportKt.errorsMatchBaseline(TypeScriptTestSupport.kt:125)
  at com.xemantic.typescript.compiler.TypeScriptCompilerTests_R.recursiveExportAssignmentAndFindAliasedType2_ts has expected errors matching recursiveExportAssignmentAndFindAliasedType2_errors_txt(TypeScriptCompilerTests_R.kt:735)
  at java.base/jdk.internal.reflect.DirectMethodHandleAccessor.invoke(DirectMethodHandleAccessor.java:104)
  at java.base/java.lang.reflect.Method.invoke(Method.java:565)
  at org.junit.runners.model.FrameworkMethod$1.runReflectiveCall(FrameworkMethod.java:59)
  at org.junit.internal.runners.model.ReflectiveCallable.run(ReflectiveCallable.java:12)
  at org.junit.runners.model.FrameworkMethod.invokeExplosively(FrameworkMethod.java:56)
  at org.junit.internal.runners.statements.InvokeMethod.evaluate(InvokeMethod.java:17)
  at org.junit.runners.ParentRunner$3.evaluate(ParentRunner.java:306)
  at org.junit.runners.BlockJUnit4ClassRunner$1.evaluate(BlockJUnit4ClassRunner.java:100)
  at org.junit.runners.ParentRunner.runLeaf(ParentRunner.java:366)
  at org.junit.runners.BlockJUnit4ClassRunner.runChild(BlockJUnit4ClassRunner.java:103)
  at org.junit.runners.BlockJUnit4ClassRunner.runChild(BlockJUnit4ClassRunner.java:63)
  at org.junit.runners.ParentRunner$4.run(ParentRunner.java:331)
  at org.junit.runners.ParentRunner$1.schedule(ParentRunner.java:79)
  at org.junit.runners.ParentRunner.runChildren(ParentRunner.java:329)
  at org.junit.runners.ParentRunner.access$100(ParentRunner.java:66)
  at org.junit.runners.ParentRunner$2.evaluate(ParentRunner.java:293)
  at org.junit.runners.ParentRunner$3.evaluate(ParentRunner.java:306)
  at org.junit.runners.ParentRunner.run(ParentRunner.java:413)
  at org.junit.runner.JUnitCore.run(JUnitCore.java:137)
  at org.junit.runner.JUnitCore.run(JUnitCore.java:115)
  at org.gradle.api.internal.tasks.testing.junit.JUnitTestExecutor.runRequest(JUnitTestExecutor.java:175)
  at org.gradle.api.internal.tasks.testing.junit.JUnitTestExecutor.accept(JUnitTestExecutor.java:84)
  at org.gradle.api.internal.tasks.testing.junit.JUnitTestExecutor.accept(JUnitTestExecutor.java:47)
  at org.gradle.api.internal.tasks.testing.junit.AbstractJUnitTestDefinitionProcessor.processTestDefinition(AbstractJUnitTestDefinitionProcessor.java:65)
  at org.gradle.api.internal.tasks.testing.SuiteTestDefinitionProcessor.processTestDefinition(SuiteTestDefinitionProcessor.java:54)
  at java.base/jdk.internal.reflect.DirectMethodHandleAccessor.invoke(DirectMethodHandleAccessor.java:104)
  at java.base/java.lang.reflect.Method.invoke(Method.java:565)
  at org.gradle.internal.dispatch.MethodInvocation.invokeOn(MethodInvocation.java:77)
  at org.gradle.internal.dispatch.ReflectionDispatch.dispatch(ReflectionDispatch.java:28)
  at org.gradle.internal.dispatch.ReflectionDispatch.dispatch(ReflectionDispatch.java:19)
  at org.gradle.internal.dispatch.ContextClassLoaderDispatch.dispatch(ContextClassLoaderDispatch.java:33)
  at org.gradle.internal.dispatch.ProxyDispatchAdapter$DispatchingInvocationHandler.invoke(ProxyDispatchAdapter.java:88)
  at jdk.proxy1/jdk.proxy1.$Proxy4.processTestDefinition(Unknown Source)
  at org.gradle.api.internal.tasks.testing.worker.TestWorker$2.run(TestWorker.java:178)
  at org.gradle.api.internal.tasks.testing.worker.TestWorker.executeAndMaintainThreadName(TestWorker.java:126)
  at org.gradle.api.internal.tasks.testing.worker.TestWorker.execute(TestWorker.java:103)
  at org.gradle.api.internal.tasks.testing.worker.TestWorker.execute(TestWorker.java:63)
  at org.gradle.process.internal.worker.child.ActionExecutionWorker.execute(ActionExecutionWorker.java:56)
  at org.gradle.process.internal.worker.child.SystemApplicationClassLoaderWorker.call(SystemApplicationClassLoaderWorker.java:122)
  at org.gradle.process.internal.worker.child.SystemApplicationClassLoaderWorker.call(SystemApplicationClassLoaderWorker.java:72)
  at worker.org.gradle.process.internal.worker.GradleWorkerMain.run(GradleWorkerMain.java:69)
  at worker.org.gradle.process.internal.worker.GradleWorkerMain.main(GradleWorkerMain.java:74)
</stacktrace>
</test-failure>


TypeScriptCompilerTests_R[jvm] > recursiveExportAssignmentAndFindAliasedType2_ts has expected errors matching recursiveExportAssignmentAndFindAliasedType2_errors_txt[jvm] FAILED

<test-failure test="com.xemantic.typescript.compiler.TypeScriptCompilerTests_R.reexportMissingDefault7_ts has expected errors matching reexportMissingDefault7_errors_txt" platform="jvm">
<message>
Expected diagnostics from baseline typescript-repo/tests/baselines/reference/reexportMissingDefault7.errors.txt but none produced
</message>
<stacktrace>
  at com.xemantic.typescript.compiler.TypeScriptTestSupportKt.errorsMatchBaseline(TypeScriptTestSupport.kt:125)
  at com.xemantic.typescript.compiler.TypeScriptCompilerTests_R.reexportMissingDefault7_ts has expected errors matching reexportMissingDefault7_errors_txt(TypeScriptCompilerTests_R.kt:1400)
  at java.base/jdk.internal.reflect.DirectMethodHandleAccessor.invoke(DirectMethodHandleAccessor.java:104)
  at java.base/java.lang.reflect.Method.invoke(Method.java:565)
  at org.junit.runners.model.FrameworkMethod$1.runReflectiveCall(FrameworkMethod.java:59)
  at org.junit.internal.runners.model.ReflectiveCallable.run(ReflectiveCallable.java:12)
  at org.junit.runners.model.FrameworkMethod.invokeExplosively(FrameworkMethod.java:56)
  at org.junit.internal.runners.statements.InvokeMethod.evaluate(InvokeMethod.java:17)
  at org.junit.runners.ParentRunner$3.evaluate(ParentRunner.java:306)
  at org.junit.runners.BlockJUnit4ClassRunner$1.evaluate(BlockJUnit4ClassRunner.java:100)
  at org.junit.runners.ParentRunner.runLeaf(ParentRunner.java:366)
  at org.junit.runners.BlockJUnit4ClassRunner.runChild(BlockJUnit4ClassRunner.java:103)
  at org.junit.runners.BlockJUnit4ClassRunner.runChild(BlockJUnit4ClassRunner.java:63)
  at org.junit.runners.ParentRunner$4.run(ParentRunner.java:331)
  at org.junit.runners.ParentRunner$1.schedule(ParentRunner.java:79)
  at org.junit.runners.ParentRunner.runChildren(ParentRunner.java:329)
  at org.junit.runners.ParentRunner.access$100(ParentRunner.java:66)
  at org.junit.runners.ParentRunner$2.evaluate(ParentRunner.java:293)
  at org.junit.runners.ParentRunner$3.evaluate(ParentRunner.java:306)
  at org.junit.runners.ParentRunner.run(ParentRunner.java:413)
  at org.junit.runner.JUnitCore.run(JUnitCore.java:137)
  at org.junit.runner.JUnitCore.run(JUnitCore.java:115)
  at org.gradle.api.internal.tasks.testing.junit.JUnitTestExecutor.runRequest(JUnitTestExecutor.java:175)
  at org.gradle.api.internal.tasks.testing.junit.JUnitTestExecutor.accept(JUnitTestExecutor.java:84)
  at org.gradle.api.internal.tasks.testing.junit.JUnitTestExecutor.accept(JUnitTestExecutor.java:47)
  at org.gradle.api.internal.tasks.testing.junit.AbstractJUnitTestDefinitionProcessor.processTestDefinition(AbstractJUnitTestDefinitionProcessor.java:65)
  at org.gradle.api.internal.tasks.testing.SuiteTestDefinitionProcessor.processTestDefinition(SuiteTestDefinitionProcessor.java:54)
  at java.base/jdk.internal.reflect.DirectMethodHandleAccessor.invoke(DirectMethodHandleAccessor.java:104)
  at java.base/java.lang.reflect.Method.invoke(Method.java:565)
  at org.gradle.internal.dispatch.MethodInvocation.invokeOn(MethodInvocation.java:77)
  at org.gradle.internal.dispatch.ReflectionDispatch.dispatch(ReflectionDispatch.java:28)
  at org.gradle.internal.dispatch.ReflectionDispatch.dispatch(ReflectionDispatch.java:19)
  at org.gradle.internal.dispatch.ContextClassLoaderDispatch.dispatch(ContextClassLoaderDispatch.java:33)
  at org.gradle.internal.dispatch.ProxyDispatchAdapter$DispatchingInvocationHandler.invoke(ProxyDispatchAdapter.java:88)
  at jdk.proxy1/jdk.proxy1.$Proxy4.processTestDefinition(Unknown Source)
  at org.gradle.api.internal.tasks.testing.worker.TestWorker$2.run(TestWorker.java:178)
  at org.gradle.api.internal.tasks.testing.worker.TestWorker.executeAndMaintainThreadName(TestWorker.java:126)
  at org.gradle.api.internal.tasks.testing.worker.TestWorker.execute(TestWorker.java:103)
  at org.gradle.api.internal.tasks.testing.worker.TestWorker.execute(TestWorker.java:63)
  at org.gradle.process.internal.worker.child.ActionExecutionWorker.execute(ActionExecutionWorker.java:56)
  at org.gradle.process.internal.worker.child.SystemApplicationClassLoaderWorker.call(SystemApplicationClassLoaderWorker.java:122)
  at org.gradle.process.internal.worker.child.SystemApplicationClassLoaderWorker.call(SystemApplicationClassLoaderWorker.java:72)
  at worker.org.gradle.process.internal.worker.GradleWorkerMain.run(GradleWorkerMain.java:69)
  at worker.org.gradle.process.internal.worker.GradleWorkerMain.main(GradleWorkerMain.java:74)
</stacktrace>
</test-failure>


TypeScriptCompilerTests_R[jvm] > reexportMissingDefault7_ts has expected errors matching reexportMissingDefault7_errors_txt[jvm] FAILED

<test-failure test="com.xemantic.typescript.compiler.TypeScriptCompilerTests_R.reboundIdentifierOnImportAlias_ts has expected errors matching reboundIdentifierOnImportAlias_errors_txt" platform="jvm">
<message>
Expected diagnostics from baseline typescript-repo/tests/baselines/reference/reboundIdentifierOnImportAlias.errors.txt but none produced
</message>
<stacktrace>
  at com.xemantic.typescript.compiler.TypeScriptTestSupportKt.errorsMatchBaseline(TypeScriptTestSupport.kt:125)
  at com.xemantic.typescript.compiler.TypeScriptCompilerTests_R.reboundIdentifierOnImportAlias_ts has expected errors matching reboundIdentifierOnImportAlias_errors_txt(TypeScriptCompilerTests_R.kt:462)
  at java.base/jdk.internal.reflect.DirectMethodHandleAccessor.invoke(DirectMethodHandleAccessor.java:104)
  at java.base/java.lang.reflect.Method.invoke(Method.java:565)
  at org.junit.runners.model.FrameworkMethod$1.runReflectiveCall(FrameworkMethod.java:59)
  at org.junit.internal.runners.model.ReflectiveCallable.run(ReflectiveCallable.java:12)
  at org.junit.runners.model.FrameworkMethod.invokeExplosively(FrameworkMethod.java:56)
  at org.junit.internal.runners.statements.InvokeMethod.evaluate(InvokeMethod.java:17)
  at org.junit.runners.ParentRunner$3.evaluate(ParentRunner.java:306)
  at org.junit.runners.BlockJUnit4ClassRunner$1.evaluate(BlockJUnit4ClassRunner.java:100)
  at org.junit.runners.ParentRunner.runLeaf(ParentRunner.java:366)
  at org.junit.runners.BlockJUnit4ClassRunner.runChild(BlockJUnit4ClassRunner.java:103)
  at org.junit.runners.BlockJUnit4ClassRunner.runChild(BlockJUnit4ClassRunner.java:63)
  at org.junit.runners.ParentRunner$4.run(ParentRunner.java:331)
  at org.junit.runners.ParentRunner$1.schedule(ParentRunner.java:79)
  at org.junit.runners.ParentRunner.runChildren(ParentRunner.java:329)
  at org.junit.runners.ParentRunner.access$100(ParentRunner.java:66)
  at org.junit.runners.ParentRunner$2.evaluate(ParentRunner.java:293)
  at org.junit.runners.ParentRunner$3.evaluate(ParentRunner.java:306)
  at org.junit.runners.ParentRunner.run(ParentRunner.java:413)
  at org.junit.runner.JUnitCore.run(JUnitCore.java:137)
  at org.junit.runner.JUnitCore.run(JUnitCore.java:115)
  at org.gradle.api.internal.tasks.testing.junit.JUnitTestExecutor.runRequest(JUnitTestExecutor.java:175)
  at org.gradle.api.internal.tasks.testing.junit.JUnitTestExecutor.accept(JUnitTestExecutor.java:84)
  at org.gradle.api.internal.tasks.testing.junit.JUnitTestExecutor.accept(JUnitTestExecutor.java:47)
  at org.gradle.api.internal.tasks.testing.junit.AbstractJUnitTestDefinitionProcessor.processTestDefinition(AbstractJUnitTestDefinitionProcessor.java:65)
  at org.gradle.api.internal.tasks.testing.SuiteTestDefinitionProcessor.processTestDefinition(SuiteTestDefinitionProcessor.java:54)
  at java.base/jdk.internal.reflect.DirectMethodHandleAccessor.invoke(DirectMethodHandleAccessor.java:104)
  at java.base/java.lang.reflect.Method.invoke(Method.java:565)
  at org.gradle.internal.dispatch.MethodInvocation.invokeOn(MethodInvocation.java:77)
  at org.gradle.internal.dispatch.ReflectionDispatch.dispatch(ReflectionDispatch.java:28)
  at org.gradle.internal.dispatch.ReflectionDispatch.dispatch(ReflectionDispatch.java:19)
  at org.gradle.internal.dispatch.ContextClassLoaderDispatch.dispatch(ContextClassLoaderDispatch.java:33)
  at org.gradle.internal.dispatch.ProxyDispatchAdapter$DispatchingInvocationHandler.invoke(ProxyDispatchAdapter.java:88)
  at jdk.proxy1/jdk.proxy1.$Proxy4.processTestDefinition(Unknown Source)
  at org.gradle.api.internal.tasks.testing.worker.TestWorker$2.run(TestWorker.java:178)
  at org.gradle.api.internal.tasks.testing.worker.TestWorker.executeAndMaintainThreadName(TestWorker.java:126)
  at org.gradle.api.internal.tasks.testing.worker.TestWorker.execute(TestWorker.java:103)
  at org.gradle.api.internal.tasks.testing.worker.TestWorker.execute(TestWorker.java:63)
  at org.gradle.process.internal.worker.child.ActionExecutionWorker.execute(ActionExecutionWorker.java:56)
  at org.gradle.process.internal.worker.child.SystemApplicationClassLoaderWorker.call(SystemApplicationClassLoaderWorker.java:122)
  at org.gradle.process.internal.worker.child.SystemApplicationClassLoaderWorker.call(SystemApplicationClassLoaderWorker.java:72)
  at worker.org.gradle.process.internal.worker.GradleWorkerMain.run(GradleWorkerMain.java:69)
  at worker.org.gradle.process.internal.worker.GradleWorkerMain.main(GradleWorkerMain.java:74)
</stacktrace>
</test-failure>


TypeScriptCompilerTests_R[jvm] > reboundIdentifierOnImportAlias_ts has expected errors matching reboundIdentifierOnImportAlias_errors_txt[jvm] FAILED

<test-failure test="com.xemantic.typescript.compiler.TypeScriptCompilerTests_R.readonlyMembers_ts__target_es5__has expected errors matching baseline" platform="jvm">
<message>
--- expected
+++ actual
@@ -1,24 +1,11 @@
 error TS5107: Option 'target=ES5' is deprecated and will stop functioning in TypeScript 7.0. Specify compilerOption '"ignoreDeprecations": "6.0"' to silence this error.
 readonlyMembers.ts(6,3): error TS2540: Cannot assign to 'a' because it is a read-only property.
 readonlyMembers.ts(7,3): error TS2540: Cannot assign to 'b' because it is a read-only property.
-readonlyMembers.ts(16,14): error TS2540: Cannot assign to 'c' because it is a read-only property.
-readonlyMembers.ts(18,18): error TS2540: Cannot assign to 'a' because it is a read-only property.
-readonlyMembers.ts(19,18): error TS2540: Cannot assign to 'b' because it is a read-only property.
-readonlyMembers.ts(20,18): error TS2540: Cannot assign to 'c' because it is a read-only property.
-readonlyMembers.ts(25,18): error TS2540: Cannot assign to 'c' because it is a read-only property.
-readonlyMembers.ts(29,14): error TS2540: Cannot assign to 'a' because it is a read-only property.
-readonlyMembers.ts(30,14): error TS2540: Cannot assign to 'b' because it is a read-only property.
-readonlyMembers.ts(31,14): error TS2540: Cannot assign to 'c' because it is a read-only property.
-readonlyMembers.ts(40,3): error TS2540: Cannot assign to 'a' because it is a read-only property.
-readonlyMembers.ts(44,3): error TS2540: Cannot assign to 'a' because it is a read-only property.
-readonlyMembers.ts(53,3): error TS2540: Cannot assign to 'A' because it is a read-only property.
 readonlyMembers.ts(60,3): error TS2540: Cannot assign to 'a' because it is a read-only property.
-readonlyMembers.ts(66,1): error TS2542: Index signature in type '{ readonly [x: string]: string; }' only permits reading.
-readonlyMembers.ts(69,1): error TS2542: Index signature in type '{ readonly [x: number]: string; [x: string]: string; }' only permits reading.
 
 
 !!! error TS5107: Option 'target=ES5' is deprecated and will stop functioning in TypeScript 7.0. Specify compilerOption '"ignoreDeprecations": "6.0"' to silence this error.
-==== readonlyMembers.ts (16 errors) ====
+==== readonlyMembers.ts (3 errors) ====
     interface X {
         readonly a: number;
         readonly b?: number;
@@ -39,37 +26,21 @@
             this.a = 1;  // Ok
             this.b = 1;  // Ok
             this.c = 1;  // Error
-                 ~
-!!! error TS2540: Cannot assign to 'c' because it is a read-only property.
             const f = () => {
                 this.a = 1;  // Error
-                     ~
-!!! error TS2540: Cannot assign to 'a' because it is a read-only property.
                 this.b = 1;  // Error
-                     ~
-!!! error TS2540: Cannot assign to 'b' because it is a read-only property.
                 this.c = 1;  // Error
-                     ~
-!!! error TS2540: Cannot assign to 'c' because it is a read-only property.
             };
             (() => {
                 this.a = 1;  // Ok
                 this.b = 1;  // Ok
                 this.c = 1;  // Error
-                     ~
-!!! error TS2540: Cannot assign to 'c' because it is a read-only property.
             })();
         }
         foo() {
             this.a = 1;  // Error
-                 ~
-!!! error TS2540: Cannot assign to 'a' because it is a read-only property.
             this.b = 1;  // Error
-                 ~
-!!! error TS2540: Cannot assign to 'b' because it is a read-only property.
             this.c = 1;  // Error
-                 ~
-!!! error TS2540: Cannot assign to 'c' because it is a read-only property.
         }
     }
     
@@ -79,14 +50,10 @@
         set b(value) { }
     };
     o.a = 1;  // Error
-      ~
-!!! error TS2540: Cannot assign to 'a' because it is a read-only property.
     o.b = 1;
     
     var p: { readonly a: number, b: number } = { a: 1, b: 1 };
     p.a = 1;  // Error
-      ~
-!!! error TS2540: Cannot assign to 'a' because it is a read-only property.
     p.b = 1;
     var q: { a: number, b: number } = p;
     q.a = 1;
@@ -96,8 +63,6 @@
         A, B, C
     }
     E.A = 1;  // Error
-      ~
-!!! error TS2540: Cannot assign to 'A' because it is a read-only property.
     
     namespace N {
         export const a = 1;
@@ -113,11 +78,7 @@
     declare let xx: { readonly [x: string]: string };
     let s = xx["foo"];
     xx["foo"] = "abc";  // Error
-    ~~~~~~~~~
-!!! error TS2542: Index signature in type '{ readonly [x: string]: string; }' only permits reading.
     
     declare let yy: { readonly [x: number]: string, [x: string]: string };
     yy[1] = "abc";  // Error
-    ~~~~~
-!!! error TS2542: Index signature in type '{ readonly [x: number]: string; [x: string]: string; }' only permits reading.
     yy["foo"] = "abc";

</message>
<stacktrace>
  at org.junit.Assert.fail(Assert.java:89)
  at kotlin.test.junit.JUnitAsserter.fail(JUnitSupport.kt:56)
  at kotlin.test.AssertionsKt__AssertionsKt.fail(Assertions.kt:563)
  at kotlin.test.AssertionsKt.fail(Unknown Source)
  at com.xemantic.kotlin.test.SameAsKt.sameAs(SameAs.kt:52)
  at com.xemantic.typescript.compiler.TypeScriptTestSupportKt.errorsMatchBaseline(TypeScriptTestSupport.kt:135)
  at com.xemantic.typescript.compiler.TypeScriptCompilerTests_R.readonlyMembers_ts__target_es5__has expected errors matching baseline(TypeScriptCompilerTests_R.kt:392)
  at java.base/jdk.internal.reflect.DirectMethodHandleAccessor.invoke(DirectMethodHandleAccessor.java:104)
  at java.base/java.lang.reflect.Method.invoke(Method.java:565)
  at org.junit.runners.model.FrameworkMethod$1.runReflectiveCall(FrameworkMethod.java:59)
  at org.junit.internal.runners.model.ReflectiveCallable.run(ReflectiveCallable.java:12)
  at org.junit.runners.model.FrameworkMethod.invokeExplosively(FrameworkMethod.java:56)
  at org.junit.internal.runners.statements.InvokeMethod.evaluate(InvokeMethod.java:17)
  at org.junit.runners.ParentRunner$3.evaluate(ParentRunner.java:306)
  at org.junit.runners.BlockJUnit4ClassRunner$1.evaluate(BlockJUnit4ClassRunner.java:100)
  at org.junit.runners.ParentRunner.runLeaf(ParentRunner.java:366)
  at org.junit.runners.BlockJUnit4ClassRunner.runChild(BlockJUnit4ClassRunner.java:103)
  at org.junit.runners.BlockJUnit4ClassRunner.runChild(BlockJUnit4ClassRunner.java:63)
  at org.junit.runners.ParentRunner$4.run(ParentRunner.java:331)
  at org.junit.runners.ParentRunner$1.schedule(ParentRunner.java:79)
  at org.junit.runners.ParentRunner.runChildren(ParentRunner.java:329)
  at org.junit.runners.ParentRunner.access$100(ParentRunner.java:66)
  at org.junit.runners.ParentRunner$2.evaluate(ParentRunner.java:293)
  at org.junit.runners.ParentRunner$3.evaluate(ParentRunner.java:306)
  at org.junit.runners.ParentRunner.run(ParentRunner.java:413)
  at org.junit.runner.JUnitCore.run(JUnitCore.java:137)
  at org.junit.runner.JUnitCore.run(JUnitCore.java:115)
  at org.gradle.api.internal.tasks.testing.junit.JUnitTestExecutor.runRequest(JUnitTestExecutor.java:175)
  at org.gradle.api.internal.tasks.testing.junit.JUnitTestExecutor.accept(JUnitTestExecutor.java:84)
  at org.gradle.api.internal.tasks.testing.junit.JUnitTestExecutor.accept(JUnitTestExecutor.java:47)
  at org.gradle.api.internal.tasks.testing.junit.AbstractJUnitTestDefinitionProcessor.processTestDefinition(AbstractJUnitTestDefinitionProcessor.java:65)
  at org.gradle.api.internal.tasks.testing.SuiteTestDefinitionProcessor.processTestDefinition(SuiteTestDefinitionProcessor.java:54)
  at java.base/jdk.internal.reflect.DirectMethodHandleAccessor.invoke(DirectMethodHandleAccessor.java:104)
  at java.base/java.lang.reflect.Method.invoke(Method.java:565)
  at org.gradle.internal.dispatch.MethodInvocation.invokeOn(MethodInvocation.java:77)
  at org.gradle.internal.dispatch.ReflectionDispatch.dispatch(ReflectionDispatch.java:28)
  at org.gradle.internal.dispatch.ReflectionDispatch.dispatch(ReflectionDispatch.java:19)
  at org.gradle.internal.dispatch.ContextClassLoaderDispatch.dispatch(ContextClassLoaderDispatch.java:33)
  at org.gradle.internal.dispatch.ProxyDispatchAdapter$DispatchingInvocationHandler.invoke(ProxyDispatchAdapter.java:88)
  at jdk.proxy1/jdk.proxy1.$Proxy4.processTestDefinition(Unknown Source)
  at org.gradle.api.internal.tasks.testing.worker.TestWorker$2.run(TestWorker.java:178)
  at org.gradle.api.internal.tasks.testing.worker.TestWorker.executeAndMaintainThreadName(TestWorker.java:126)
  at org.gradle.api.internal.tasks.testing.worker.TestWorker.execute(TestWorker.java:103)
  at org.gradle.api.internal.tasks.testing.worker.TestWorker.execute(TestWorker.java:63)
  at org.gradle.process.internal.worker.child.ActionExecutionWorker.execute(ActionExecutionWorker.java:56)
  at org.gradle.process.internal.worker.child.SystemApplicationClassLoaderWorker.call(SystemApplicationClassLoaderWorker.java:122)
  at org.gradle.process.internal.worker.child.SystemApplicationClassLoaderWorker.call(SystemApplicationClassLoaderWorker.java:72)
  at worker.org.gradle.process.internal.worker.GradleWorkerMain.run(GradleWorkerMain.java:69)
  at worker.org.gradle.process.internal.worker.GradleWorkerMain.main(GradleWorkerMain.java:74)
</stacktrace>
</test-failure>


TypeScriptCompilerTests_R[jvm] > readonlyMembers_ts__target_es5__has expected errors matching baseline[jvm] FAILED

<test-failure test="com.xemantic.typescript.compiler.TypeScriptCompilerTests_R.requireOfJsonFileInJsFile_ts has expected errors matching requireOfJsonFileInJsFile_errors_txt" platform="jvm">
<message>
Expected diagnostics from baseline typescript-repo/tests/baselines/reference/requireOfJsonFileInJsFile.errors.txt but none produced
</message>
<stacktrace>
  at com.xemantic.typescript.compiler.TypeScriptTestSupportKt.errorsMatchBaseline(TypeScriptTestSupport.kt:125)
  at com.xemantic.typescript.compiler.TypeScriptCompilerTests_R.requireOfJsonFileInJsFile_ts has expected errors matching requireOfJsonFileInJsFile_errors_txt(TypeScriptCompilerTests_R.kt:1806)
  at java.base/jdk.internal.reflect.DirectMethodHandleAccessor.invoke(DirectMethodHandleAccessor.java:104)
  at java.base/java.lang.reflect.Method.invoke(Method.java:565)
  at org.junit.runners.model.FrameworkMethod$1.runReflectiveCall(FrameworkMethod.java:59)
  at org.junit.internal.runners.model.ReflectiveCallable.run(ReflectiveCallable.java:12)
  at org.junit.runners.model.FrameworkMethod.invokeExplosively(FrameworkMethod.java:56)
  at org.junit.internal.runners.statements.InvokeMethod.evaluate(InvokeMethod.java:17)
  at org.junit.runners.ParentRunner$3.evaluate(ParentRunner.java:306)
  at org.junit.runners.BlockJUnit4ClassRunner$1.evaluate(BlockJUnit4ClassRunner.java:100)
  at org.junit.runners.ParentRunner.runLeaf(ParentRunner.java:366)
  at org.junit.runners.BlockJUnit4ClassRunner.runChild(BlockJUnit4ClassRunner.java:103)
  at org.junit.runners.BlockJUnit4ClassRunner.runChild(BlockJUnit4ClassRunner.java:63)
  at org.junit.runners.ParentRunner$4.run(ParentRunner.java:331)
  at org.junit.runners.ParentRunner$1.schedule(ParentRunner.java:79)
  at org.junit.runners.ParentRunner.runChildren(ParentRunner.java:329)
  at org.junit.runners.ParentRunner.access$100(ParentRunner.java:66)
  at org.junit.runners.ParentRunner$2.evaluate(ParentRunner.java:293)
  at org.junit.runners.ParentRunner$3.evaluate(ParentRunner.java:306)
  at org.junit.runners.ParentRunner.run(ParentRunner.java:413)
  at org.junit.runner.JUnitCore.run(JUnitCore.java:137)
  at org.junit.runner.JUnitCore.run(JUnitCore.java:115)
  at org.gradle.api.internal.tasks.testing.junit.JUnitTestExecutor.runRequest(JUnitTestExecutor.java:175)
  at org.gradle.api.internal.tasks.testing.junit.JUnitTestExecutor.accept(JUnitTestExecutor.java:84)
  at org.gradle.api.internal.tasks.testing.junit.JUnitTestExecutor.accept(JUnitTestExecutor.java:47)
  at org.gradle.api.internal.tasks.testing.junit.AbstractJUnitTestDefinitionProcessor.processTestDefinition(AbstractJUnitTestDefinitionProcessor.java:65)
  at org.gradle.api.internal.tasks.testing.SuiteTestDefinitionProcessor.processTestDefinition(SuiteTestDefinitionProcessor.java:54)
  at java.base/jdk.internal.reflect.DirectMethodHandleAccessor.invoke(DirectMethodHandleAccessor.java:104)
  at java.base/java.lang.reflect.Method.invoke(Method.java:565)
  at org.gradle.internal.dispatch.MethodInvocation.invokeOn(MethodInvocation.java:77)
  at org.gradle.internal.dispatch.ReflectionDispatch.dispatch(ReflectionDispatch.java:28)
  at org.gradle.internal.dispatch.ReflectionDispatch.dispatch(ReflectionDispatch.java:19)
  at org.gradle.internal.dispatch.ContextClassLoaderDispatch.dispatch(ContextClassLoaderDispatch.java:33)
  at org.gradle.internal.dispatch.ProxyDispatchAdapter$DispatchingInvocationHandler.invoke(ProxyDispatchAdapter.java:88)
  at jdk.proxy1/jdk.proxy1.$Proxy4.processTestDefinition(Unknown Source)
  at org.gradle.api.internal.tasks.testing.worker.TestWorker$2.run(TestWorker.java:178)
  at org.gradle.api.internal.tasks.testing.worker.TestWorker.executeAndMaintainThreadName(TestWorker.java:126)
  at org.gradle.api.internal.tasks.testing.worker.TestWorker.execute(TestWorker.java:103)
  at org.gradle.api.internal.tasks.testing.worker.TestWorker.execute(TestWorker.java:63)
  at org.gradle.process.internal.worker.child.ActionExecutionWorker.execute(ActionExecutionWorker.java:56)
  at org.gradle.process.internal.worker.child.SystemApplicationClassLoaderWorker.call(SystemApplicationClassLoaderWorker.java:122)
  at org.gradle.process.internal.worker.child.SystemApplicationClassLoaderWorker.call(SystemApplicationClassLoaderWorker.java:72)
  at worker.org.gradle.process.internal.worker.GradleWorkerMain.run(GradleWorkerMain.java:69)
  at worker.org.gradle.process.internal.worker.GradleWorkerMain.main(GradleWorkerMain.java:74)
</stacktrace>
</test-failure>


TypeScriptCompilerTests_R[jvm] > requireOfJsonFileInJsFile_ts has expected errors matching requireOfJsonFileInJsFile_errors_txt[jvm] FAILED

<test-failure test="com.xemantic.typescript.compiler.TypeScriptCompilerTests_R.regularExpressionScanning_ts__target_es5__has expected errors matching baseline" platform="jvm">
<message>
--- expected
+++ actual
@@ -1,100 +0,0 @@
-error TS5107: Option 'target=ES5' is deprecated and will stop functioning in TypeScript 7.0. Specify compilerOption '"ignoreDeprecations": "6.0"' to silence this error.
-regularExpressionScanning.ts(3,7): error TS1501: This regular expression flag is only available when targeting 'es2024' or later.
-regularExpressionScanning.ts(3,9): error TS1501: This regular expression flag is only available when targeting 'es2018' or later.
-regularExpressionScanning.ts(3,10): error TS1502: The Unicode (u) flag and the Unicode Sets (v) flag cannot be set simultaneously.
-regularExpressionScanning.ts(3,11): error TS1499: Unknown regular expression flag.
-regularExpressionScanning.ts(3,12): error TS1499: Unknown regular expression flag.
-regularExpressionScanning.ts(3,13): error TS1500: Duplicate regular expression flag.
-regularExpressionScanning.ts(3,14): error TS1499: Unknown regular expression flag.
-regularExpressionScanning.ts(3,15): error TS1502: The Unicode (u) flag and the Unicode Sets (v) flag cannot be set simultaneously.
-regularExpressionScanning.ts(3,16): error TS1501: This regular expression flag is only available when targeting 'es2022' or later.
-regularExpressionScanning.ts(3,17): error TS1500: Duplicate regular expression flag.
-regularExpressionScanning.ts(3,18): error TS1499: Unknown regular expression flag.
-regularExpressionScanning.ts(3,19): error TS1499: Unknown regular expression flag.
-regularExpressionScanning.ts(3,20): error TS1499: Unknown regular expression flag.
-regularExpressionScanning.ts(3,21): error TS1500: Duplicate regular expression flag.
-regularExpressionScanning.ts(3,22): error TS1499: Unknown regular expression flag.
-regularExpressionScanning.ts(5,6): error TS1499: Unknown regular expression flag.
-regularExpressionScanning.ts(5,7): error TS1509: This regular expression flag cannot be toggled within a subpattern.
-regularExpressionScanning.ts(5,10): error TS1509: This regular expression flag cannot be toggled within a subpattern.
-regularExpressionScanning.ts(5,11): error TS1500: Duplicate regular expression flag.
-regularExpressionScanning.ts(8,4): error TS1534: This backreference refers to a group that does not exist. There are no capturing groups in this regular expression.
-regularExpressionScanning.ts(9,4): error TS1534: This backreference refers to a group that does not exist. There are no capturing groups in this regular expression.
-regularExpressionScanning.ts(12,9): error TS1533: This backreference refers to a group that does not exist. There are only 4 capturing groups in this regular expression.
-regularExpressionScanning.ts(12,24): error TS1536: Octal escape sequences and backreferences are not allowed in a character class. If this was intended as an escape sequence, use the syntax '\x01' instead.
-regularExpressionScanning.ts(12,26): error TS1487: Octal escape sequences are not allowed. Use the syntax '\x01'.
-regularExpressionScanning.ts(12,29): error TS1536: Octal escape sequences and backreferences are not allowed in a character class. If this was intended as an escape sequence, use the syntax '\x53' instead.
-regularExpressionScanning.ts(12,33): error TS1487: Octal escape sequences are not allowed. Use the syntax '\x00'.
-regularExpressionScanning.ts(12,36): error TS1537: Decimal escape sequences and backreferences are not allowed in a character class.
-regularExpressionScanning.ts(12,42): error TS1487: Octal escape sequences are not allowed. Use the syntax '\x03'.
-regularExpressionScanning.ts(12,47): error TS1533: This backreference refers to a group that does not exist. There are only 4 capturing groups in this regular expression.
-regularExpressionScanning.ts(12,48): error TS1487: Octal escape sequences are not allowed. Use the syntax '\x05'.
-regularExpressionScanning.ts(12,53): error TS1533: This backreference refers to a group that does not exist. There are only 4 capturing groups in this regular expression.
-regularExpressionScanning.ts(12,54): error TS1487: Octal escape sequences are not allowed. Use the syntax '\x00'.
-regularExpressionScanning.ts(13,9): error TS1533: This backreference refers to a group that does not exist. There are only 4 capturing groups in this regular expression.
-regularExpressionScanning.ts(13,24): error TS1536: Octal escape sequences and backreferences are not allowed in a character class. If this was intended as an escape sequence, use the syntax '\x01' instead.
-regularExpressionScanning.ts(13,26): error TS1487: Octal escape sequences are not allowed. Use the syntax '\x01'.
-regularExpressionScanning.ts(13,29): error TS1536: Octal escape sequences and backreferences are not allowed in a character class. If this was intended as an escape sequence, use the syntax '\x53' instead.
-regularExpressionScanning.ts(13,33): error TS1487: Octal escape sequences are not allowed. Use the syntax '\x00'.
-regularExpressionScanning.ts(13,36): error TS1537: Decimal escape sequences and backreferences are not allowed in a character class.
-regularExpressionScanning.ts(13,42): error TS1487: Octal escape sequences are not allowed. Use the syntax '\x03'.
-regularExpressionScanning.ts(13,47): error TS1533: This backreference refers to a group that does not exist. There are only 4 capturing groups in this regular expression.
-regularExpressionScanning.ts(13,48): error TS1487: Octal escape sequences are not allowed. Use the syntax '\x05'.
-regularExpressionScanning.ts(13,53): error TS1533: This backreference refers to a group that does not exist. There are only 4 capturing groups in this regular expression.
-regularExpressionScanning.ts(13,54): error TS1487: Octal escape sequences are not allowed. Use the syntax '\x00'.
-regularExpressionScanning.ts(13,59): error TS1501: This regular expression flag is only available when targeting 'es6' or later.
-regularExpressionScanning.ts(14,5): error TS1503: Named capturing groups are only available when targeting 'ES2018' or later.
-regularExpressionScanning.ts(14,14): error TS1503: Named capturing groups are only available when targeting 'ES2018' or later.
-regularExpressionScanning.ts(14,29): error TS1503: Named capturing groups are only available when targeting 'ES2018' or later.
-regularExpressionScanning.ts(14,45): error TS1503: Named capturing groups are only available when targeting 'ES2018' or later.
-regularExpressionScanning.ts(14,57): error TS1503: Named capturing groups are only available when targeting 'ES2018' or later.
-regularExpressionScanning.ts(15,15): error TS1532: There is no capturing group named 'absent' in this regular expression.
-regularExpressionScanning.ts(15,24): error TS1503: Named capturing groups are only available when targeting 'ES2018' or later.
-regularExpressionScanning.ts(15,36): error TS1503: Named capturing groups are only available when targeting 'ES2018' or later.
-regularExpressionScanning.ts(15,45): error TS1503: Named capturing groups are only available when targeting 'ES2018' or later.
-regularExpressionScanning.ts(15,58): error TS1503: Named capturing groups are only available when targeting 'ES2018' or later.
-regularExpressionScanning.ts(15,59): error TS1515: Named capturing groups with the same name must be mutually exclusive to each other.
-regularExpressionScanning.ts(17,31): error TS1507: There is nothing available for repetition.
-regularExpressionScanning.ts(17,32): error TS1506: Numbers out of order in quantifier.
-regularExpressionScanning.ts(17,40): error TS1507: There is nothing available for repetition.
-regularExpressionScanning.ts(19,12): error TS1517: Range out of order in character class.
-regularExpressionScanning.ts(19,15): error TS1517: Range out of order in character class.
-regularExpressionScanning.ts(19,28): error TS1517: Range out of order in character class.
-regularExpressionScanning.ts(20,3): error TS1530: Unicode property value expressions are only available when the Unicode (u) flag or the Unicode Sets (v) flag is set.
-regularExpressionScanning.ts(20,8): error TS1530: Unicode property value expressions are only available when the Unicode (u) flag or the Unicode Sets (v) flag is set.
-regularExpressionScanning.ts(20,16): error TS1530: Unicode property value expressions are only available when the Unicode (u) flag or the Unicode Sets (v) flag is set.
-regularExpressionScanning.ts(20,25): error TS1530: Unicode property value expressions are only available when the Unicode (u) flag or the Unicode Sets (v) flag is set.
-regularExpressionScanning.ts(20,28): error TS1529: Unknown Unicode property name or value.
-regularExpressionScanning.ts(20,37): error TS1530: Unicode property value expressions are only available when the Unicode (u) flag or the Unicode Sets (v) flag is set.
-regularExpressionScanning.ts(20,42): error TS1530: Unicode property value expressions are only available when the Unicode (u) flag or the Unicode Sets (v) flag is set.
-regularExpressionScanning.ts(20,50): error TS1530: Unicode property value expressions are only available when the Unicode (u) flag or the Unicode Sets (v) flag is set.
-regularExpressionScanning.ts(20,59): error TS1530: Unicode property value expressions are only available when the Unicode (u) flag or the Unicode Sets (v) flag is set.
-regularExpressionScanning.ts(20,62): error TS1529: Unknown Unicode property name or value.
-regularExpressionScanning.ts(21,28): error TS1529: Unknown Unicode property name or value.
-regularExpressionScanning.ts(21,62): error TS1529: Unknown Unicode property name or value.
-regularExpressionScanning.ts(21,72): error TS1501: This regular expression flag is only available when targeting 'es6' or later.
-regularExpressionScanning.ts(22,28): error TS1529: Unknown Unicode property name or value.
-regularExpressionScanning.ts(22,62): error TS1529: Unknown Unicode property name or value.
-regularExpressionScanning.ts(22,72): error TS1501: This regular expression flag is only available when targeting 'es2024' or later.
-regularExpressionScanning.ts(23,3): error TS1530: Unicode property value expressions are only available when the Unicode (u) flag or the Unicode Sets (v) flag is set.
-regularExpressionScanning.ts(23,6): error TS1524: Unknown Unicode property name.
-regularExpressionScanning.ts(23,28): error TS1530: Unicode property value expressions are only available when the Unicode (u) flag or the Unicode Sets (v) flag is set.
-regularExpressionScanning.ts(23,31): error TS1523: Expected a Unicode property name.
-regularExpressionScanning.ts(23,32): error TS1525: Expected a Unicode property value.
-regularExpressionScanning.ts(23,33): error TS1530: Unicode property value expressions are only available when the Unicode (u) flag or the Unicode Sets (v) flag is set.
-regularExpressionScanning.ts(23,39): error TS1525: Expected a Unicode property value.
-regularExpressionScanning.ts(23,40): error TS1530: Unicode property value expressions are only available when the Unicode (u) flag or the Unicode Sets (v) flag is set.
-regularExpressionScanning.ts(23,43): error TS1523: Expected a Unicode property name.
-regularExpressionScanning.ts(23,49): error TS1530: Unicode property value expressions are only available when the Unicode (u) flag or the Unicode Sets (v) flag is set.
-regularExpressionScanning.ts(23,52): error TS1527: Expected a Unicode property name or value.
-regularExpressionScanning.ts(23,59): error TS1530: Unicode property value expressions are only available when the Unicode (u) flag or the Unicode Sets (v) flag is set.
-regularExpressionScanning.ts(23,62): error TS1527: Expected a Unicode property name or value.
-regularExpressionScanning.ts(23,63): error TS1530: Unicode property value expressions are only available when the Unicode (u) flag or the Unicode Sets (v) flag is set.
-regularExpressionScanning.ts(23,66): error TS1527: Expected a Unicode property name or value.
-regularExpressionScanning.ts(24,6): error TS1524: Unknown Unicode property name.
-regularExpressionScanning.ts(24,31): error TS1523: Expected a Unicode property name.
-regularExpressionScanning.ts(24,32): error TS1525: Expected a Unicode property value.
-regularExpressionScanning.ts(24,39): error TS1525: Expected a Unicode property value.
-regularExpressionScanning.ts(24,43): error TS1523: Expected a Unicode property name.
-regularExpressionScanning.ts(24,52): error TS1527: Expected a Unicode property name or value.
-regularExpressionScanning.ts(24,53): error TS1531: '\p' must be followed by a Unicode property value expression enclosed in braces.

Diff truncated: more than 100 lines changed

Expected: 731 lines
Actual: 53 lines

The differences are too extensive to show in unified diff format.
Consider comparing smaller sections or reviewing the strings directly.

</message>
<stacktrace>
  at org.junit.Assert.fail(Assert.java:89)
  at kotlin.test.junit.JUnitAsserter.fail(JUnitSupport.kt:56)
  at kotlin.test.AssertionsKt__AssertionsKt.fail(Assertions.kt:563)
  at kotlin.test.AssertionsKt.fail(Unknown Source)
  at com.xemantic.kotlin.test.SameAsKt.sameAs(SameAs.kt:52)
  at com.xemantic.typescript.compiler.TypeScriptTestSupportKt.errorsMatchBaseline(TypeScriptTestSupport.kt:135)
  at com.xemantic.typescript.compiler.TypeScriptCompilerTests_R.regularExpressionScanning_ts__target_es5__has expected errors matching baseline(TypeScriptCompilerTests_R.kt:1617)
  at java.base/jdk.internal.reflect.DirectMethodHandleAccessor.invoke(DirectMethodHandleAccessor.java:104)
  at java.base/java.lang.reflect.Method.invoke(Method.java:565)
  at org.junit.runners.model.FrameworkMethod$1.runReflectiveCall(FrameworkMethod.java:59)
  at org.junit.internal.runners.model.ReflectiveCallable.run(ReflectiveCallable.java:12)
  at org.junit.runners.model.FrameworkMethod.invokeExplosively(FrameworkMethod.java:56)
  at org.junit.internal.runners.statements.InvokeMethod.evaluate(InvokeMethod.java:17)
  at org.junit.runners.ParentRunner$3.evaluate(ParentRunner.java:306)
  at org.junit.runners.BlockJUnit4ClassRunner$1.evaluate(BlockJUnit4ClassRunner.java:100)
  at org.junit.runners.ParentRunner.runLeaf(ParentRunner.java:366)
  at org.junit.runners.BlockJUnit4ClassRunner.runChild(BlockJUnit4ClassRunner.java:103)
  at org.junit.runners.BlockJUnit4ClassRunner.runChild(BlockJUnit4ClassRunner.java:63)
  at org.junit.runners.ParentRunner$4.run(ParentRunner.java:331)
  at org.junit.runners.ParentRunner$1.schedule(ParentRunner.java:79)
  at org.junit.runners.ParentRunner.runChildren(ParentRunner.java:329)
  at org.junit.runners.ParentRunner.access$100(ParentRunner.java:66)
  at org.junit.runners.ParentRunner$2.evaluate(ParentRunner.java:293)
  at org.junit.runners.ParentRunner$3.evaluate(ParentRunner.java:306)
  at org.junit.runners.ParentRunner.run(ParentRunner.java:413)
  at org.junit.runner.JUnitCore.run(JUnitCore.java:137)
  at org.junit.runner.JUnitCore.run(JUnitCore.java:115)
  at org.gradle.api.internal.tasks.testing.junit.JUnitTestExecutor.runRequest(JUnitTestExecutor.java:175)
  at org.gradle.api.internal.tasks.testing.junit.JUnitTestExecutor.accept(JUnitTestExecutor.java:84)
  at org.gradle.api.internal.tasks.testing.junit.JUnitTestExecutor.accept(JUnitTestExecutor.java:47)
  at org.gradle.api.internal.tasks.testing.junit.AbstractJUnitTestDefinitionProcessor.processTestDefinition(AbstractJUnitTestDefinitionProcessor.java:65)
  at org.gradle.api.internal.tasks.testing.SuiteTestDefinitionProcessor.processTestDefinition(SuiteTestDefinitionProcessor.java:54)
  at java.base/jdk.internal.reflect.DirectMethodHandleAccessor.invoke(DirectMethodHandleAccessor.java:104)
  at java.base/java.lang.reflect.Method.invoke(Method.java:565)
  at org.gradle.internal.dispatch.MethodInvocation.invokeOn(MethodInvocation.java:77)
  at org.gradle.internal.dispatch.ReflectionDispatch.dispatch(ReflectionDispatch.java:28)
  at org.gradle.internal.dispatch.ReflectionDispatch.dispatch(ReflectionDispatch.java:19)
  at org.gradle.internal.dispatch.ContextClassLoaderDispatch.dispatch(ContextClassLoaderDispatch.java:33)
  at org.gradle.internal.dispatch.ProxyDispatchAdapter$DispatchingInvocationHandler.invoke(ProxyDispatchAdapter.java:88)
  at jdk.proxy1/jdk.proxy1.$Proxy4.processTestDefinition(Unknown Source)
  at org.gradle.api.internal.tasks.testing.worker.TestWorker$2.run(TestWorker.java:178)
  at org.gradle.api.internal.tasks.testing.worker.TestWorker.executeAndMaintainThreadName(TestWorker.java:126)
  at org.gradle.api.internal.tasks.testing.worker.TestWorker.execute(TestWorker.java:103)
  at org.gradle.api.internal.tasks.testing.worker.TestWorker.execute(TestWorker.java:63)
  at org.gradle.process.internal.worker.child.ActionExecutionWorker.execute(ActionExecutionWorker.java:56)
  at org.gradle.process.internal.worker.child.SystemApplicationClassLoaderWorker.call(SystemApplicationClassLoaderWorker.java:122)
  at org.gradle.process.internal.worker.child.SystemApplicationClassLoaderWorker.call(SystemApplicationClassLoaderWorker.java:72)
  at worker.org.gradle.process.internal.worker.GradleWorkerMain.run(GradleWorkerMain.java:69)
  at worker.org.gradle.process.internal.worker.GradleWorkerMain.main(GradleWorkerMain.java:74)
</stacktrace>
</test-failure>


TypeScriptCompilerTests_R[jvm] > regularExpressionScanning_ts__target_es5__has expected errors matching baseline[jvm] FAILED

<test-failure test="com.xemantic.typescript.compiler.TypeScriptCompilerTests_R.recursiveObjectLiteral_ts has expected errors matching recursiveObjectLiteral_errors_txt" platform="jvm">
<message>
Expected diagnostics from baseline typescript-repo/tests/baselines/reference/recursiveObjectLiteral.errors.txt but none produced
</message>
<stacktrace>
  at com.xemantic.typescript.compiler.TypeScriptTestSupportKt.errorsMatchBaseline(TypeScriptTestSupport.kt:125)
  at com.xemantic.typescript.compiler.TypeScriptCompilerTests_R.recursiveObjectLiteral_ts has expected errors matching recursiveObjectLiteral_errors_txt(TypeScriptCompilerTests_R.kt:1029)
  at java.base/jdk.internal.reflect.DirectMethodHandleAccessor.invoke(DirectMethodHandleAccessor.java:104)
  at java.base/java.lang.reflect.Method.invoke(Method.java:565)
  at org.junit.runners.model.FrameworkMethod$1.runReflectiveCall(FrameworkMethod.java:59)
  at org.junit.internal.runners.model.ReflectiveCallable.run(ReflectiveCallable.java:12)
  at org.junit.runners.model.FrameworkMethod.invokeExplosively(FrameworkMethod.java:56)
  at org.junit.internal.runners.statements.InvokeMethod.evaluate(InvokeMethod.java:17)
  at org.junit.runners.ParentRunner$3.evaluate(ParentRunner.java:306)
  at org.junit.runners.BlockJUnit4ClassRunner$1.evaluate(BlockJUnit4ClassRunner.java:100)
  at org.junit.runners.ParentRunner.runLeaf(ParentRunner.java:366)
  at org.junit.runners.BlockJUnit4ClassRunner.runChild(BlockJUnit4ClassRunner.java:103)
  at org.junit.runners.BlockJUnit4ClassRunner.runChild(BlockJUnit4ClassRunner.java:63)
  at org.junit.runners.ParentRunner$4.run(ParentRunner.java:331)
  at org.junit.runners.ParentRunner$1.schedule(ParentRunner.java:79)
  at org.junit.runners.ParentRunner.runChildren(ParentRunner.java:329)
  at org.junit.runners.ParentRunner.access$100(ParentRunner.java:66)
  at org.junit.runners.ParentRunner$2.evaluate(ParentRunner.java:293)
  at org.junit.runners.ParentRunner$3.evaluate(ParentRunner.java:306)
  at org.junit.runners.ParentRunner.run(ParentRunner.java:413)
  at org.junit.runner.JUnitCore.run(JUnitCore.java:137)
  at org.junit.runner.JUnitCore.run(JUnitCore.java:115)
  at org.gradle.api.internal.tasks.testing.junit.JUnitTestExecutor.runRequest(JUnitTestExecutor.java:175)
  at org.gradle.api.internal.tasks.testing.junit.JUnitTestExecutor.accept(JUnitTestExecutor.java:84)
  at org.gradle.api.internal.tasks.testing.junit.JUnitTestExecutor.accept(JUnitTestExecutor.java:47)
  at org.gradle.api.internal.tasks.testing.junit.AbstractJUnitTestDefinitionProcessor.processTestDefinition(AbstractJUnitTestDefinitionProcessor.java:65)
  at org.gradle.api.internal.tasks.testing.SuiteTestDefinitionProcessor.processTestDefinition(SuiteTestDefinitionProcessor.java:54)
  at java.base/jdk.internal.reflect.DirectMethodHandleAccessor.invoke(DirectMethodHandleAccessor.java:104)
  at java.base/java.lang.reflect.Method.invoke(Method.java:565)
  at org.gradle.internal.dispatch.MethodInvocation.invokeOn(MethodInvocation.java:77)
  at org.gradle.internal.dispatch.ReflectionDispatch.dispatch(ReflectionDispatch.java:28)
  at org.gradle.internal.dispatch.ReflectionDispatch.dispatch(ReflectionDispatch.java:19)
  at org.gradle.internal.dispatch.ContextClassLoaderDispatch.dispatch(ContextClassLoaderDispatch.java:33)
  at org.gradle.internal.dispatch.ProxyDispatchAdapter$DispatchingInvocationHandler.invoke(ProxyDispatchAdapter.java:88)
  at jdk.proxy1/jdk.proxy1.$Proxy4.processTestDefinition(Unknown Source)
  at org.gradle.api.internal.tasks.testing.worker.TestWorker$2.run(TestWorker.java:178)
  at org.gradle.api.internal.tasks.testing.worker.TestWorker.executeAndMaintainThreadName(TestWorker.java:126)
  at org.gradle.api.internal.tasks.testing.worker.TestWorker.execute(TestWorker.java:103)
  at org.gradle.api.internal.tasks.testing.worker.TestWorker.execute(TestWorker.java:63)
  at org.gradle.process.internal.worker.child.ActionExecutionWorker.execute(ActionExecutionWorker.java:56)
  at org.gradle.process.internal.worker.child.SystemApplicationClassLoaderWorker.call(SystemApplicationClassLoaderWorker.java:122)
  at org.gradle.process.internal.worker.child.SystemApplicationClassLoaderWorker.call(SystemApplicationClassLoaderWorker.java:72)
  at worker.org.gradle.process.internal.worker.GradleWorkerMain.run(GradleWorkerMain.java:69)
  at worker.org.gradle.process.internal.worker.GradleWorkerMain.main(GradleWorkerMain.java:74)
</stacktrace>
</test-failure>


TypeScriptCompilerTests_R[jvm] > recursiveObjectLiteral_ts has expected errors matching recursiveObjectLiteral_errors_txt[jvm] FAILED

<test-failure test="com.xemantic.typescript.compiler.TypeScriptCompilerTests_R.readonlyPropertySubtypeRelationDirected_ts has expected errors matching readonlyPropertySubtypeRelationDirected_errors_txt" platform="jvm">
<message>
Expected diagnostics from baseline typescript-repo/tests/baselines/reference/readonlyPropertySubtypeRelationDirected.errors.txt but none produced
</message>
<stacktrace>
  at com.xemantic.typescript.compiler.TypeScriptTestSupportKt.errorsMatchBaseline(TypeScriptTestSupport.kt:125)
  at com.xemantic.typescript.compiler.TypeScriptCompilerTests_R.readonlyPropertySubtypeRelationDirected_ts has expected errors matching readonlyPropertySubtypeRelationDirected_errors_txt(TypeScriptCompilerTests_R.kt:413)
  at java.base/jdk.internal.reflect.DirectMethodHandleAccessor.invoke(DirectMethodHandleAccessor.java:104)
  at java.base/java.lang.reflect.Method.invoke(Method.java:565)
  at org.junit.runners.model.FrameworkMethod$1.runReflectiveCall(FrameworkMethod.java:59)
  at org.junit.internal.runners.model.ReflectiveCallable.run(ReflectiveCallable.java:12)
  at org.junit.runners.model.FrameworkMethod.invokeExplosively(FrameworkMethod.java:56)
  at org.junit.internal.runners.statements.InvokeMethod.evaluate(InvokeMethod.java:17)
  at org.junit.runners.ParentRunner$3.evaluate(ParentRunner.java:306)
  at org.junit.runners.BlockJUnit4ClassRunner$1.evaluate(BlockJUnit4ClassRunner.java:100)
  at org.junit.runners.ParentRunner.runLeaf(ParentRunner.java:366)
  at org.junit.runners.BlockJUnit4ClassRunner.runChild(BlockJUnit4ClassRunner.java:103)
  at org.junit.runners.BlockJUnit4ClassRunner.runChild(BlockJUnit4ClassRunner.java:63)
  at org.junit.runners.ParentRunner$4.run(ParentRunner.java:331)
  at org.junit.runners.ParentRunner$1.schedule(ParentRunner.java:79)
  at org.junit.runners.ParentRunner.runChildren(ParentRunner.java:329)
  at org.junit.runners.ParentRunner.access$100(ParentRunner.java:66)
  at org.junit.runners.ParentRunner$2.evaluate(ParentRunner.java:293)
  at org.junit.runners.ParentRunner$3.evaluate(ParentRunner.java:306)
  at org.junit.runners.ParentRunner.run(ParentRunner.java:413)
  at org.junit.runner.JUnitCore.run(JUnitCore.java:137)
  at org.junit.runner.JUnitCore.run(JUnitCore.java:115)
  at org.gradle.api.internal.tasks.testing.junit.JUnitTestExecutor.runRequest(JUnitTestExecutor.java:175)
  at org.gradle.api.internal.tasks.testing.junit.JUnitTestExecutor.accept(JUnitTestExecutor.java:84)
  at org.gradle.api.internal.tasks.testing.junit.JUnitTestExecutor.accept(JUnitTestExecutor.java:47)
  at org.gradle.api.internal.tasks.testing.junit.AbstractJUnitTestDefinitionProcessor.processTestDefinition(AbstractJUnitTestDefinitionProcessor.java:65)
  at org.gradle.api.internal.tasks.testing.SuiteTestDefinitionProcessor.processTestDefinition(SuiteTestDefinitionProcessor.java:54)
  at java.base/jdk.internal.reflect.DirectMethodHandleAccessor.invoke(DirectMethodHandleAccessor.java:104)
  at java.base/java.lang.reflect.Method.invoke(Method.java:565)
  at org.gradle.internal.dispatch.MethodInvocation.invokeOn(MethodInvocation.java:77)
  at org.gradle.internal.dispatch.ReflectionDispatch.dispatch(ReflectionDispatch.java:28)
  at org.gradle.internal.dispatch.ReflectionDispatch.dispatch(ReflectionDispatch.java:19)
  at org.gradle.internal.dispatch.ContextClassLoaderDispatch.dispatch(ContextClassLoaderDispatch.java:33)
  at org.gradle.internal.dispatch.ProxyDispatchAdapter$DispatchingInvocationHandler.invoke(ProxyDispatchAdapter.java:88)
  at jdk.proxy1/jdk.proxy1.$Proxy4.processTestDefinition(Unknown Source)
  at org.gradle.api.internal.tasks.testing.worker.TestWorker$2.run(TestWorker.java:178)
  at org.gradle.api.internal.tasks.testing.worker.TestWorker.executeAndMaintainThreadName(TestWorker.java:126)
  at org.gradle.api.internal.tasks.testing.worker.TestWorker.execute(TestWorker.java:103)
  at org.gradle.api.internal.tasks.testing.worker.TestWorker.execute(TestWorker.java:63)
  at org.gradle.process.internal.worker.child.ActionExecutionWorker.execute(ActionExecutionWorker.java:56)
  at org.gradle.process.internal.worker.child.SystemApplicationClassLoaderWorker.call(SystemApplicationClassLoaderWorker.java:122)
  at org.gradle.process.internal.worker.child.SystemApplicationClassLoaderWorker.call(SystemApplicationClassLoaderWorker.java:72)
  at worker.org.gradle.process.internal.worker.GradleWorkerMain.run(GradleWorkerMain.java:69)
  at worker.org.gradle.process.internal.worker.GradleWorkerMain.main(GradleWorkerMain.java:74)
</stacktrace>
</test-failure>


TypeScriptCompilerTests_R[jvm] > readonlyPropertySubtypeRelationDirected_ts has expected errors matching readonlyPropertySubtypeRelationDirected_errors_txt[jvm] FAILED

<test-failure test="com.xemantic.typescript.compiler.TypeScriptCompilerTests_R.recursiveInheritance3_ts has expected errors matching recursiveInheritance3_errors_txt" platform="jvm">
<message>
Expected diagnostics from baseline typescript-repo/tests/baselines/reference/recursiveInheritance3.errors.txt but none produced
</message>
<stacktrace>
  at com.xemantic.typescript.compiler.TypeScriptTestSupportKt.errorsMatchBaseline(TypeScriptTestSupport.kt:125)
  at com.xemantic.typescript.compiler.TypeScriptCompilerTests_R.recursiveInheritance3_ts has expected errors matching recursiveInheritance3_errors_txt(TypeScriptCompilerTests_R.kt:966)
  at java.base/jdk.internal.reflect.DirectMethodHandleAccessor.invoke(DirectMethodHandleAccessor.java:104)
  at java.base/java.lang.reflect.Method.invoke(Method.java:565)
  at org.junit.runners.model.FrameworkMethod$1.runReflectiveCall(FrameworkMethod.java:59)
  at org.junit.internal.runners.model.ReflectiveCallable.run(ReflectiveCallable.java:12)
  at org.junit.runners.model.FrameworkMethod.invokeExplosively(FrameworkMethod.java:56)
  at org.junit.internal.runners.statements.InvokeMethod.evaluate(InvokeMethod.java:17)
  at org.junit.runners.ParentRunner$3.evaluate(ParentRunner.java:306)
  at org.junit.runners.BlockJUnit4ClassRunner$1.evaluate(BlockJUnit4ClassRunner.java:100)
  at org.junit.runners.ParentRunner.runLeaf(ParentRunner.java:366)
  at org.junit.runners.BlockJUnit4ClassRunner.runChild(BlockJUnit4ClassRunner.java:103)
  at org.junit.runners.BlockJUnit4ClassRunner.runChild(BlockJUnit4ClassRunner.java:63)
  at org.junit.runners.ParentRunner$4.run(ParentRunner.java:331)
  at org.junit.runners.ParentRunner$1.schedule(ParentRunner.java:79)
  at org.junit.runners.ParentRunner.runChildren(ParentRunner.java:329)
  at org.junit.runners.ParentRunner.access$100(ParentRunner.java:66)
  at org.junit.runners.ParentRunner$2.evaluate(ParentRunner.java:293)
  at org.junit.runners.ParentRunner$3.evaluate(ParentRunner.java:306)
  at org.junit.runners.ParentRunner.run(ParentRunner.java:413)
  at org.junit.runner.JUnitCore.run(JUnitCore.java:137)
  at org.junit.runner.JUnitCore.run(JUnitCore.java:115)
  at org.gradle.api.internal.tasks.testing.junit.JUnitTestExecutor.runRequest(JUnitTestExecutor.java:175)
  at org.gradle.api.internal.tasks.testing.junit.JUnitTestExecutor.accept(JUnitTestExecutor.java:84)
  at org.gradle.api.internal.tasks.testing.junit.JUnitTestExecutor.accept(JUnitTestExecutor.java:47)
  at org.gradle.api.internal.tasks.testing.junit.AbstractJUnitTestDefinitionProcessor.processTestDefinition(AbstractJUnitTestDefinitionProcessor.java:65)
  at org.gradle.api.internal.tasks.testing.SuiteTestDefinitionProcessor.processTestDefinition(SuiteTestDefinitionProcessor.java:54)
  at java.base/jdk.internal.reflect.DirectMethodHandleAccessor.invoke(DirectMethodHandleAccessor.java:104)
  at java.base/java.lang.reflect.Method.invoke(Method.java:565)
  at org.gradle.internal.dispatch.MethodInvocation.invokeOn(MethodInvocation.java:77)
  at org.gradle.internal.dispatch.ReflectionDispatch.dispatch(ReflectionDispatch.java:28)
  at org.gradle.internal.dispatch.ReflectionDispatch.dispatch(ReflectionDispatch.java:19)
  at org.gradle.internal.dispatch.ContextClassLoaderDispatch.dispatch(ContextClassLoaderDispatch.java:33)
  at org.gradle.internal.dispatch.ProxyDispatchAdapter$DispatchingInvocationHandler.invoke(ProxyDispatchAdapter.java:88)
  at jdk.proxy1/jdk.proxy1.$Proxy4.processTestDefinition(Unknown Source)
  at org.gradle.api.internal.tasks.testing.worker.TestWorker$2.run(TestWorker.java:178)
  at org.gradle.api.internal.tasks.testing.worker.TestWorker.executeAndMaintainThreadName(TestWorker.java:126)
  at org.gradle.api.internal.tasks.testing.worker.TestWorker.execute(TestWorker.java:103)
  at org.gradle.api.internal.tasks.testing.worker.TestWorker.execute(TestWorker.java:63)
  at org.gradle.process.internal.worker.child.ActionExecutionWorker.execute(ActionExecutionWorker.java:56)
  at org.gradle.process.internal.worker.child.SystemApplicationClassLoaderWorker.call(SystemApplicationClassLoaderWorker.java:122)
  at org.gradle.process.internal.worker.child.SystemApplicationClassLoaderWorker.call(SystemApplicationClassLoaderWorker.java:72)
  at worker.org.gradle.process.internal.worker.GradleWorkerMain.run(GradleWorkerMain.java:69)
  at worker.org.gradle.process.internal.worker.GradleWorkerMain.main(GradleWorkerMain.java:74)
</stacktrace>
</test-failure>


TypeScriptCompilerTests_R[jvm] > recursiveInheritance3_ts has expected errors matching recursiveInheritance3_errors_txt[jvm] FAILED

<test-failure test="com.xemantic.typescript.compiler.TypeScriptCompilerTests_R.recursiveExportAssignmentAndFindAliasedType1_ts has expected errors matching recursiveExportAssignmentAndFindAliasedType1_errors_txt" platform="jvm">
<message>
Expected diagnostics from baseline typescript-repo/tests/baselines/reference/recursiveExportAssignmentAndFindAliasedType1.errors.txt but none produced
</message>
<stacktrace>
  at com.xemantic.typescript.compiler.TypeScriptTestSupportKt.errorsMatchBaseline(TypeScriptTestSupport.kt:125)
  at com.xemantic.typescript.compiler.TypeScriptCompilerTests_R.recursiveExportAssignmentAndFindAliasedType1_ts has expected errors matching recursiveExportAssignmentAndFindAliasedType1_errors_txt(TypeScriptCompilerTests_R.kt:721)
  at java.base/jdk.internal.reflect.DirectMethodHandleAccessor.invoke(DirectMethodHandleAccessor.java:104)
  at java.base/java.lang.reflect.Method.invoke(Method.java:565)
  at org.junit.runners.model.FrameworkMethod$1.runReflectiveCall(FrameworkMethod.java:59)
  at org.junit.internal.runners.model.ReflectiveCallable.run(ReflectiveCallable.java:12)
  at org.junit.runners.model.FrameworkMethod.invokeExplosively(FrameworkMethod.java:56)
  at org.junit.internal.runners.statements.InvokeMethod.evaluate(InvokeMethod.java:17)
  at org.junit.runners.ParentRunner$3.evaluate(ParentRunner.java:306)
  at org.junit.runners.BlockJUnit4ClassRunner$1.evaluate(BlockJUnit4ClassRunner.java:100)
  at org.junit.runners.ParentRunner.runLeaf(ParentRunner.java:366)
  at org.junit.runners.BlockJUnit4ClassRunner.runChild(BlockJUnit4ClassRunner.java:103)
  at org.junit.runners.BlockJUnit4ClassRunner.runChild(BlockJUnit4ClassRunner.java:63)
  at org.junit.runners.ParentRunner$4.run(ParentRunner.java:331)
  at org.junit.runners.ParentRunner$1.schedule(ParentRunner.java:79)
  at org.junit.runners.ParentRunner.runChildren(ParentRunner.java:329)
  at org.junit.runners.ParentRunner.access$100(ParentRunner.java:66)
  at org.junit.runners.ParentRunner$2.evaluate(ParentRunner.java:293)
  at org.junit.runners.ParentRunner$3.evaluate(ParentRunner.java:306)
  at org.junit.runners.ParentRunner.run(ParentRunner.java:413)
  at org.junit.runner.JUnitCore.run(JUnitCore.java:137)
  at org.junit.runner.JUnitCore.run(JUnitCore.java:115)
  at org.gradle.api.internal.tasks.testing.junit.JUnitTestExecutor.runRequest(JUnitTestExecutor.java:175)
  at org.gradle.api.internal.tasks.testing.junit.JUnitTestExecutor.accept(JUnitTestExecutor.java:84)
  at org.gradle.api.internal.tasks.testing.junit.JUnitTestExecutor.accept(JUnitTestExecutor.java:47)
  at org.gradle.api.internal.tasks.testing.junit.AbstractJUnitTestDefinitionProcessor.processTestDefinition(AbstractJUnitTestDefinitionProcessor.java:65)
  at org.gradle.api.internal.tasks.testing.SuiteTestDefinitionProcessor.processTestDefinition(SuiteTestDefinitionProcessor.java:54)
  at java.base/jdk.internal.reflect.DirectMethodHandleAccessor.invoke(DirectMethodHandleAccessor.java:104)
  at java.base/java.lang.reflect.Method.invoke(Method.java:565)
  at org.gradle.internal.dispatch.MethodInvocation.invokeOn(MethodInvocation.java:77)
  at org.gradle.internal.dispatch.ReflectionDispatch.dispatch(ReflectionDispatch.java:28)
  at org.gradle.internal.dispatch.ReflectionDispatch.dispatch(ReflectionDispatch.java:19)
  at org.gradle.internal.dispatch.ContextClassLoaderDispatch.dispatch(ContextClassLoaderDispatch.java:33)
  at org.gradle.internal.dispatch.ProxyDispatchAdapter$DispatchingInvocationHandler.invoke(ProxyDispatchAdapter.java:88)
  at jdk.proxy1/jdk.proxy1.$Proxy4.processTestDefinition(Unknown Source)
  at org.gradle.api.internal.tasks.testing.worker.TestWorker$2.run(TestWorker.java:178)
  at org.gradle.api.internal.tasks.testing.worker.TestWorker.executeAndMaintainThreadName(TestWorker.java:126)
  at org.gradle.api.internal.tasks.testing.worker.TestWorker.execute(TestWorker.java:103)
  at org.gradle.api.internal.tasks.testing.worker.TestWorker.execute(TestWorker.java:63)
  at org.gradle.process.internal.worker.child.ActionExecutionWorker.execute(ActionExecutionWorker.java:56)
  at org.gradle.process.internal.worker.child.SystemApplicationClassLoaderWorker.call(SystemApplicationClassLoaderWorker.java:122)
  at org.gradle.process.internal.worker.child.SystemApplicationClassLoaderWorker.call(SystemApplicationClassLoaderWorker.java:72)
  at worker.org.gradle.process.internal.worker.GradleWorkerMain.run(GradleWorkerMain.java:69)
  at worker.org.gradle.process.internal.worker.GradleWorkerMain.main(GradleWorkerMain.java:74)
</stacktrace>
</test-failure>


TypeScriptCompilerTests_R[jvm] > recursiveExportAssignmentAndFindAliasedType1_ts has expected errors matching recursiveExportAssignmentAndFindAliasedType1_errors_txt[jvm] FAILED

<test-failure test="com.xemantic.typescript.compiler.TypeScriptCompilerTests_R.reExportGlobalDeclaration1_ts has expected errors matching reExportGlobalDeclaration1_errors_txt" platform="jvm">
<message>
Expected diagnostics from baseline typescript-repo/tests/baselines/reference/reExportGlobalDeclaration1.errors.txt but none produced
</message>
<stacktrace>
  at com.xemantic.typescript.compiler.TypeScriptTestSupportKt.errorsMatchBaseline(TypeScriptTestSupport.kt:125)
  at com.xemantic.typescript.compiler.TypeScriptCompilerTests_R.reExportGlobalDeclaration1_ts has expected errors matching reExportGlobalDeclaration1_errors_txt(TypeScriptCompilerTests_R.kt:56)
  at java.base/jdk.internal.reflect.DirectMethodHandleAccessor.invoke(DirectMethodHandleAccessor.java:104)
  at java.base/java.lang.reflect.Method.invoke(Method.java:565)
  at org.junit.runners.model.FrameworkMethod$1.runReflectiveCall(FrameworkMethod.java:59)
  at org.junit.internal.runners.model.ReflectiveCallable.run(ReflectiveCallable.java:12)
  at org.junit.runners.model.FrameworkMethod.invokeExplosively(FrameworkMethod.java:56)
  at org.junit.internal.runners.statements.InvokeMethod.evaluate(InvokeMethod.java:17)
  at org.junit.runners.ParentRunner$3.evaluate(ParentRunner.java:306)
  at org.junit.runners.BlockJUnit4ClassRunner$1.evaluate(BlockJUnit4ClassRunner.java:100)
  at org.junit.runners.ParentRunner.runLeaf(ParentRunner.java:366)
  at org.junit.runners.BlockJUnit4ClassRunner.runChild(BlockJUnit4ClassRunner.java:103)
  at org.junit.runners.BlockJUnit4ClassRunner.runChild(BlockJUnit4ClassRunner.java:63)
  at org.junit.runners.ParentRunner$4.run(ParentRunner.java:331)
  at org.junit.runners.ParentRunner$1.schedule(ParentRunner.java:79)
  at org.junit.runners.ParentRunner.runChildren(ParentRunner.java:329)
  at org.junit.runners.ParentRunner.access$100(ParentRunner.java:66)
  at org.junit.runners.ParentRunner$2.evaluate(ParentRunner.java:293)
  at org.junit.runners.ParentRunner$3.evaluate(ParentRunner.java:306)
  at org.junit.runners.ParentRunner.run(ParentRunner.java:413)
  at org.junit.runner.JUnitCore.run(JUnitCore.java:137)
  at org.junit.runner.JUnitCore.run(JUnitCore.java:115)
  at org.gradle.api.internal.tasks.testing.junit.JUnitTestExecutor.runRequest(JUnitTestExecutor.java:175)
  at org.gradle.api.internal.tasks.testing.junit.JUnitTestExecutor.accept(JUnitTestExecutor.java:84)
  at org.gradle.api.internal.tasks.testing.junit.JUnitTestExecutor.accept(JUnitTestExecutor.java:47)
  at org.gradle.api.internal.tasks.testing.junit.AbstractJUnitTestDefinitionProcessor.processTestDefinition(AbstractJUnitTestDefinitionProcessor.java:65)
  at org.gradle.api.internal.tasks.testing.SuiteTestDefinitionProcessor.processTestDefinition(SuiteTestDefinitionProcessor.java:54)
  at java.base/jdk.internal.reflect.DirectMethodHandleAccessor.invoke(DirectMethodHandleAccessor.java:104)
  at java.base/java.lang.reflect.Method.invoke(Method.java:565)
  at org.gradle.internal.dispatch.MethodInvocation.invokeOn(MethodInvocation.java:77)
  at org.gradle.internal.dispatch.ReflectionDispatch.dispatch(ReflectionDispatch.java:28)
  at org.gradle.internal.dispatch.ReflectionDispatch.dispatch(ReflectionDispatch.java:19)
  at org.gradle.internal.dispatch.ContextClassLoaderDispatch.dispatch(ContextClassLoaderDispatch.java:33)
  at org.gradle.internal.dispatch.ProxyDispatchAdapter$DispatchingInvocationHandler.invoke(ProxyDispatchAdapter.java:88)
  at jdk.proxy1/jdk.proxy1.$Proxy4.processTestDefinition(Unknown Source)
  at org.gradle.api.internal.tasks.testing.worker.TestWorker$2.run(TestWorker.java:178)
  at org.gradle.api.internal.tasks.testing.worker.TestWorker.executeAndMaintainThreadName(TestWorker.java:126)
  at org.gradle.api.internal.tasks.testing.worker.TestWorker.execute(TestWorker.java:103)
  at org.gradle.api.internal.tasks.testing.worker.TestWorker.execute(TestWorker.java:63)
  at org.gradle.process.internal.worker.child.ActionExecutionWorker.execute(ActionExecutionWorker.java:56)
  at org.gradle.process.internal.worker.child.SystemApplicationClassLoaderWorker.call(SystemApplicationClassLoaderWorker.java:122)
  at org.gradle.process.internal.worker.child.SystemApplicationClassLoaderWorker.call(SystemApplicationClassLoaderWorker.java:72)
  at worker.org.gradle.process.internal.worker.GradleWorkerMain.run(GradleWorkerMain.java:69)
  at worker.org.gradle.process.internal.worker.GradleWorkerMain.main(GradleWorkerMain.java:74)
</stacktrace>
</test-failure>


TypeScriptCompilerTests_R[jvm] > reExportGlobalDeclaration1_ts has expected errors matching reExportGlobalDeclaration1_errors_txt[jvm] FAILED

<test-failure test="com.xemantic.typescript.compiler.TypeScriptCompilerTests_R.regularExpressionUnicodePropertyValueExpressionSuggestions_ts__target_es2015__has expected errors matching baseline" platform="jvm">
<message>
Expected diagnostics from baseline typescript-repo/tests/baselines/reference/regularExpressionUnicodePropertyValueExpressionSuggestions(target=es2015).errors.txt but none produced
</message>
<stacktrace>
  at com.xemantic.typescript.compiler.TypeScriptTestSupportKt.errorsMatchBaseline(TypeScriptTestSupport.kt:125)
  at com.xemantic.typescript.compiler.TypeScriptCompilerTests_R.regularExpressionUnicodePropertyValueExpressionSuggestions_ts__target_es2015__has expected errors matching baseline(TypeScriptCompilerTests_R.kt:1652)
  at java.base/jdk.internal.reflect.DirectMethodHandleAccessor.invoke(DirectMethodHandleAccessor.java:104)
  at java.base/java.lang.reflect.Method.invoke(Method.java:565)
  at org.junit.runners.model.FrameworkMethod$1.runReflectiveCall(FrameworkMethod.java:59)
  at org.junit.internal.runners.model.ReflectiveCallable.run(ReflectiveCallable.java:12)
  at org.junit.runners.model.FrameworkMethod.invokeExplosively(FrameworkMethod.java:56)
  at org.junit.internal.runners.statements.InvokeMethod.evaluate(InvokeMethod.java:17)
  at org.junit.runners.ParentRunner$3.evaluate(ParentRunner.java:306)
  at org.junit.runners.BlockJUnit4ClassRunner$1.evaluate(BlockJUnit4ClassRunner.java:100)
  at org.junit.runners.ParentRunner.runLeaf(ParentRunner.java:366)
  at org.junit.runners.BlockJUnit4ClassRunner.runChild(BlockJUnit4ClassRunner.java:103)
  at org.junit.runners.BlockJUnit4ClassRunner.runChild(BlockJUnit4ClassRunner.java:63)
  at org.junit.runners.ParentRunner$4.run(ParentRunner.java:331)
  at org.junit.runners.ParentRunner$1.schedule(ParentRunner.java:79)
  at org.junit.runners.ParentRunner.runChildren(ParentRunner.java:329)
  at org.junit.runners.ParentRunner.access$100(ParentRunner.java:66)
  at org.junit.runners.ParentRunner$2.evaluate(ParentRunner.java:293)
  at org.junit.runners.ParentRunner$3.evaluate(ParentRunner.java:306)
  at org.junit.runners.ParentRunner.run(ParentRunner.java:413)
  at org.junit.runner.JUnitCore.run(JUnitCore.java:137)
  at org.junit.runner.JUnitCore.run(JUnitCore.java:115)
  at org.gradle.api.internal.tasks.testing.junit.JUnitTestExecutor.runRequest(JUnitTestExecutor.java:175)
  at org.gradle.api.internal.tasks.testing.junit.JUnitTestExecutor.accept(JUnitTestExecutor.java:84)
  at org.gradle.api.internal.tasks.testing.junit.JUnitTestExecutor.accept(JUnitTestExecutor.java:47)
  at org.gradle.api.internal.tasks.testing.junit.AbstractJUnitTestDefinitionProcessor.processTestDefinition(AbstractJUnitTestDefinitionProcessor.java:65)
  at org.gradle.api.internal.tasks.testing.SuiteTestDefinitionProcessor.processTestDefinition(SuiteTestDefinitionProcessor.java:54)
  at java.base/jdk.internal.reflect.DirectMethodHandleAccessor.invoke(DirectMethodHandleAccessor.java:104)
  at java.base/java.lang.reflect.Method.invoke(Method.java:565)
  at org.gradle.internal.dispatch.MethodInvocation.invokeOn(MethodInvocation.java:77)
  at org.gradle.internal.dispatch.ReflectionDispatch.dispatch(ReflectionDispatch.java:28)
  at org.gradle.internal.dispatch.ReflectionDispatch.dispatch(ReflectionDispatch.java:19)
  at org.gradle.internal.dispatch.ContextClassLoaderDispatch.dispatch(ContextClassLoaderDispatch.java:33)
  at org.gradle.internal.dispatch.ProxyDispatchAdapter$DispatchingInvocationHandler.invoke(ProxyDispatchAdapter.java:88)
  at jdk.proxy1/jdk.proxy1.$Proxy4.processTestDefinition(Unknown Source)
  at org.gradle.api.internal.tasks.testing.worker.TestWorker$2.run(TestWorker.java:178)
  at org.gradle.api.internal.tasks.testing.worker.TestWorker.executeAndMaintainThreadName(TestWorker.java:126)
  at org.gradle.api.internal.tasks.testing.worker.TestWorker.execute(TestWorker.java:103)
  at org.gradle.api.internal.tasks.testing.worker.TestWorker.execute(TestWorker.java:63)
  at org.gradle.process.internal.worker.child.ActionExecutionWorker.execute(ActionExecutionWorker.java:56)
  at org.gradle.process.internal.worker.child.SystemApplicationClassLoaderWorker.call(SystemApplicationClassLoaderWorker.java:122)
  at org.gradle.process.internal.worker.child.SystemApplicationClassLoaderWorker.call(SystemApplicationClassLoaderWorker.java:72)
  at worker.org.gradle.process.internal.worker.GradleWorkerMain.run(GradleWorkerMain.java:69)
  at worker.org.gradle.process.internal.worker.GradleWorkerMain.main(GradleWorkerMain.java:74)
</stacktrace>
</test-failure>


TypeScriptCompilerTests_R[jvm] > regularExpressionUnicodePropertyValueExpressionSuggestions_ts__target_es2015__has expected errors matching baseline[jvm] FAILED

<test-failure test="com.xemantic.typescript.compiler.TypeScriptCompilerTests_R.renamingDestructuredPropertyInFunctionType3_ts has expected errors matching renamingDestructuredPropertyInFunctionType3_errors_txt" platform="jvm">
<message>
Expected diagnostics from baseline typescript-repo/tests/baselines/reference/renamingDestructuredPropertyInFunctionType3.errors.txt but none produced
</message>
<stacktrace>
  at com.xemantic.typescript.compiler.TypeScriptTestSupportKt.errorsMatchBaseline(TypeScriptTestSupport.kt:125)
  at com.xemantic.typescript.compiler.TypeScriptCompilerTests_R.renamingDestructuredPropertyInFunctionType3_ts has expected errors matching renamingDestructuredPropertyInFunctionType3_errors_txt(TypeScriptCompilerTests_R.kt:1743)
  at java.base/jdk.internal.reflect.DirectMethodHandleAccessor.invoke(DirectMethodHandleAccessor.java:104)
  at java.base/java.lang.reflect.Method.invoke(Method.java:565)
  at org.junit.runners.model.FrameworkMethod$1.runReflectiveCall(FrameworkMethod.java:59)
  at org.junit.internal.runners.model.ReflectiveCallable.run(ReflectiveCallable.java:12)
  at org.junit.runners.model.FrameworkMethod.invokeExplosively(FrameworkMethod.java:56)
  at org.junit.internal.runners.statements.InvokeMethod.evaluate(InvokeMethod.java:17)
  at org.junit.runners.ParentRunner$3.evaluate(ParentRunner.java:306)
  at org.junit.runners.BlockJUnit4ClassRunner$1.evaluate(BlockJUnit4ClassRunner.java:100)
  at org.junit.runners.ParentRunner.runLeaf(ParentRunner.java:366)
  at org.junit.runners.BlockJUnit4ClassRunner.runChild(BlockJUnit4ClassRunner.java:103)
  at org.junit.runners.BlockJUnit4ClassRunner.runChild(BlockJUnit4ClassRunner.java:63)
  at org.junit.runners.ParentRunner$4.run(ParentRunner.java:331)
  at org.junit.runners.ParentRunner$1.schedule(ParentRunner.java:79)
  at org.junit.runners.ParentRunner.runChildren(ParentRunner.java:329)
  at org.junit.runners.ParentRunner.access$100(ParentRunner.java:66)
  at org.junit.runners.ParentRunner$2.evaluate(ParentRunner.java:293)
  at org.junit.runners.ParentRunner$3.evaluate(ParentRunner.java:306)
  at org.junit.runners.ParentRunner.run(ParentRunner.java:413)
  at org.junit.runner.JUnitCore.run(JUnitCore.java:137)
  at org.junit.runner.JUnitCore.run(JUnitCore.java:115)
  at org.gradle.api.internal.tasks.testing.junit.JUnitTestExecutor.runRequest(JUnitTestExecutor.java:175)
  at org.gradle.api.internal.tasks.testing.junit.JUnitTestExecutor.accept(JUnitTestExecutor.java:84)
  at org.gradle.api.internal.tasks.testing.junit.JUnitTestExecutor.accept(JUnitTestExecutor.java:47)
  at org.gradle.api.internal.tasks.testing.junit.AbstractJUnitTestDefinitionProcessor.processTestDefinition(AbstractJUnitTestDefinitionProcessor.java:65)
  at org.gradle.api.internal.tasks.testing.SuiteTestDefinitionProcessor.processTestDefinition(SuiteTestDefinitionProcessor.java:54)
  at java.base/jdk.internal.reflect.DirectMethodHandleAccessor.invoke(DirectMethodHandleAccessor.java:104)
  at java.base/java.lang.reflect.Method.invoke(Method.java:565)
  at org.gradle.internal.dispatch.MethodInvocation.invokeOn(MethodInvocation.java:77)
  at org.gradle.internal.dispatch.ReflectionDispatch.dispatch(ReflectionDispatch.java:28)
  at org.gradle.internal.dispatch.ReflectionDispatch.dispatch(ReflectionDispatch.java:19)
  at org.gradle.internal.dispatch.ContextClassLoaderDispatch.dispatch(ContextClassLoaderDispatch.java:33)
  at org.gradle.internal.dispatch.ProxyDispatchAdapter$DispatchingInvocationHandler.invoke(ProxyDispatchAdapter.java:88)
  at jdk.proxy1/jdk.proxy1.$Proxy4.processTestDefinition(Unknown Source)
  at org.gradle.api.internal.tasks.testing.worker.TestWorker$2.run(TestWorker.java:178)
  at org.gradle.api.internal.tasks.testing.worker.TestWorker.executeAndMaintainThreadName(TestWorker.java:126)
  at org.gradle.api.internal.tasks.testing.worker.TestWorker.execute(TestWorker.java:103)
  at org.gradle.api.internal.tasks.testing.worker.TestWorker.execute(TestWorker.java:63)
  at org.gradle.process.internal.worker.child.ActionExecutionWorker.execute(ActionExecutionWorker.java:56)
  at org.gradle.process.internal.worker.child.SystemApplicationClassLoaderWorker.call(SystemApplicationClassLoaderWorker.java:122)
  at org.gradle.process.internal.worker.child.SystemApplicationClassLoaderWorker.call(SystemApplicationClassLoaderWorker.java:72)
  at worker.org.gradle.process.internal.worker.GradleWorkerMain.run(GradleWorkerMain.java:69)
  at worker.org.gradle.process.internal.worker.GradleWorkerMain.main(GradleWorkerMain.java:74)
</stacktrace>
</test-failure>


TypeScriptCompilerTests_R[jvm] > renamingDestructuredPropertyInFunctionType3_ts has expected errors matching renamingDestructuredPropertyInFunctionType3_errors_txt[jvm] FAILED

<test-failure test="com.xemantic.typescript.compiler.TypeScriptCompilerTests_R.returnValueInSetter_ts has expected errors matching returnValueInSetter_errors_txt" platform="jvm">
<message>
Expected diagnostics from baseline typescript-repo/tests/baselines/reference/returnValueInSetter.errors.txt but none produced
</message>
<stacktrace>
  at com.xemantic.typescript.compiler.TypeScriptTestSupportKt.errorsMatchBaseline(TypeScriptTestSupport.kt:125)
  at com.xemantic.typescript.compiler.TypeScriptCompilerTests_R.returnValueInSetter_ts has expected errors matching returnValueInSetter_errors_txt(TypeScriptCompilerTests_R.kt:2688)
  at java.base/jdk.internal.reflect.DirectMethodHandleAccessor.invoke(DirectMethodHandleAccessor.java:104)
  at java.base/java.lang.reflect.Method.invoke(Method.java:565)
  at org.junit.runners.model.FrameworkMethod$1.runReflectiveCall(FrameworkMethod.java:59)
  at org.junit.internal.runners.model.ReflectiveCallable.run(ReflectiveCallable.java:12)
  at org.junit.runners.model.FrameworkMethod.invokeExplosively(FrameworkMethod.java:56)
  at org.junit.internal.runners.statements.InvokeMethod.evaluate(InvokeMethod.java:17)
  at org.junit.runners.ParentRunner$3.evaluate(ParentRunner.java:306)
  at org.junit.runners.BlockJUnit4ClassRunner$1.evaluate(BlockJUnit4ClassRunner.java:100)
  at org.junit.runners.ParentRunner.runLeaf(ParentRunner.java:366)
  at org.junit.runners.BlockJUnit4ClassRunner.runChild(BlockJUnit4ClassRunner.java:103)
  at org.junit.runners.BlockJUnit4ClassRunner.runChild(BlockJUnit4ClassRunner.java:63)
  at org.junit.runners.ParentRunner$4.run(ParentRunner.java:331)
  at org.junit.runners.ParentRunner$1.schedule(ParentRunner.java:79)
  at org.junit.runners.ParentRunner.runChildren(ParentRunner.java:329)
  at org.junit.runners.ParentRunner.access$100(ParentRunner.java:66)
  at org.junit.runners.ParentRunner$2.evaluate(ParentRunner.java:293)
  at org.junit.runners.ParentRunner$3.evaluate(ParentRunner.java:306)
  at org.junit.runners.ParentRunner.run(ParentRunner.java:413)
  at org.junit.runner.JUnitCore.run(JUnitCore.java:137)
  at org.junit.runner.JUnitCore.run(JUnitCore.java:115)
  at org.gradle.api.internal.tasks.testing.junit.JUnitTestExecutor.runRequest(JUnitTestExecutor.java:175)
  at org.gradle.api.internal.tasks.testing.junit.JUnitTestExecutor.accept(JUnitTestExecutor.java:84)
  at org.gradle.api.internal.tasks.testing.junit.JUnitTestExecutor.accept(JUnitTestExecutor.java:47)
  at org.gradle.api.internal.tasks.testing.junit.AbstractJUnitTestDefinitionProcessor.processTestDefinition(AbstractJUnitTestDefinitionProcessor.java:65)
  at org.gradle.api.internal.tasks.testing.SuiteTestDefinitionProcessor.processTestDefinition(SuiteTestDefinitionProcessor.java:54)
  at java.base/jdk.internal.reflect.DirectMethodHandleAccessor.invoke(DirectMethodHandleAccessor.java:104)
  at java.base/java.lang.reflect.Method.invoke(Method.java:565)
  at org.gradle.internal.dispatch.MethodInvocation.invokeOn(MethodInvocation.java:77)
  at org.gradle.internal.dispatch.ReflectionDispatch.dispatch(ReflectionDispatch.java:28)
  at org.gradle.internal.dispatch.ReflectionDispatch.dispatch(ReflectionDispatch.java:19)
  at org.gradle.internal.dispatch.ContextClassLoaderDispatch.dispatch(ContextClassLoaderDispatch.java:33)
  at org.gradle.internal.dispatch.ProxyDispatchAdapter$DispatchingInvocationHandler.invoke(ProxyDispatchAdapter.java:88)
  at jdk.proxy1/jdk.proxy1.$Proxy4.processTestDefinition(Unknown Source)
  at org.gradle.api.internal.tasks.testing.worker.TestWorker$2.run(TestWorker.java:178)
  at org.gradle.api.internal.tasks.testing.worker.TestWorker.executeAndMaintainThreadName(TestWorker.java:126)
  at org.gradle.api.internal.tasks.testing.worker.TestWorker.execute(TestWorker.java:103)
  at org.gradle.api.internal.tasks.testing.worker.TestWorker.execute(TestWorker.java:63)
  at org.gradle.process.internal.worker.child.ActionExecutionWorker.execute(ActionExecutionWorker.java:56)
  at org.gradle.process.internal.worker.child.SystemApplicationClassLoaderWorker.call(SystemApplicationClassLoaderWorker.java:122)
  at org.gradle.process.internal.worker.child.SystemApplicationClassLoaderWorker.call(SystemApplicationClassLoaderWorker.java:72)
  at worker.org.gradle.process.internal.worker.GradleWorkerMain.run(GradleWorkerMain.java:69)
  at worker.org.gradle.process.internal.worker.GradleWorkerMain.main(GradleWorkerMain.java:74)
</stacktrace>
</test-failure>


TypeScriptCompilerTests_R[jvm] > returnValueInSetter_ts has expected errors matching returnValueInSetter_errors_txt[jvm] FAILED

<test-failure test="com.xemantic.typescript.compiler.TypeScriptCompilerTests_R.reservedWords2_ts has expected errors matching reservedWords2_errors_txt" platform="jvm">
<message>
--- expected
+++ actual
@@ -1,98 +1,36 @@
-reservedWords2.ts(1,8): error TS1109: Expression expected.
-reservedWords2.ts(1,14): error TS1005: '(' expected.
-reservedWords2.ts(1,16): error TS2591: Cannot find name 'require'. Do you need to install type definitions for node? Try `npm i --save-dev @types/node` and then add 'node' to the types field in your tsconfig.
-reservedWords2.ts(1,31): error TS1005: ')' expected.
-reservedWords2.ts(2,12): error TS2300: Duplicate identifier '(Missing)'.
-reservedWords2.ts(2,12): error TS2567: Enum declarations can only merge with namespace or other enum declarations.
-reservedWords2.ts(2,14): error TS1359: Identifier expected. 'while' is a reserved word that cannot be used here.
-reservedWords2.ts(2,20): error TS1005: '(' expected.
-reservedWords2.ts(2,20): error TS2304: Cannot find name 'from'.
-reservedWords2.ts(2,25): error TS1005: ')' expected.
-reservedWords2.ts(4,5): error TS1389: 'typeof' is not allowed as a variable declaration name.
+reservedWords2.ts(1,24): error TS2307: Cannot find module 'dfdf' or its corresponding type declarations.
+reservedWords2.ts(2,25): error TS2307: Cannot find module 'foo' or its corresponding type declarations.
+reservedWords2.ts(4,5): error TS1123: Variable declaration list cannot be empty.
+reservedWords2.ts(4,5): error TS2364: The left-hand side of an assignment expression must be a variable or a property access.
 reservedWords2.ts(4,12): error TS1109: Expression expected.
-reservedWords2.ts(5,9): error TS2300: Duplicate identifier '(Missing)'.
-reservedWords2.ts(5,9): error TS2567: Enum declarations can only merge with namespace or other enum declarations.
-reservedWords2.ts(5,9): error TS7010: '(Missing)', which lacks return-type annotation, implicitly has an 'any' return type.
-reservedWords2.ts(5,10): error TS1359: Identifier expected. 'throw' is a reserved word that cannot be used here.
-reservedWords2.ts(5,18): error TS1005: '=>' expected.
-reservedWords2.ts(6,1): error TS2304: Cannot find name 'namespace'.
-reservedWords2.ts(6,11): error TS2819: Namespace name cannot be 'void'.
-reservedWords2.ts(7,11): error TS2300: Duplicate identifier '(Missing)'.
-reservedWords2.ts(7,11): error TS1005: ':' expected.
-reservedWords2.ts(7,19): error TS2300: Duplicate identifier '(Missing)'.
-reservedWords2.ts(7,19): error TS1005: ':' expected.
-reservedWords2.ts(8,10): error TS2300: Duplicate identifier '(Missing)'.
-reservedWords2.ts(8,10): error TS1005: ':' expected.
-reservedWords2.ts(8,30): error TS2300: Duplicate identifier '(Missing)'.
-reservedWords2.ts(8,30): error TS1005: ':' expected.
-reservedWords2.ts(9,6): error TS1181: Array element destructuring pattern expected.
-reservedWords2.ts(9,14): error TS1005: ';' expected.
-reservedWords2.ts(9,18): error TS1005: '(' expected.
-reservedWords2.ts(9,20): error TS1128: Declaration or statement expected.
-reservedWords2.ts(10,5): error TS2567: Enum declarations can only merge with namespace or other enum declarations.
+reservedWords2.ts(5,10): error TS1005: '(' expected.
+reservedWords2.ts(5,15): error TS1005: ')' expected.
+reservedWords2.ts(5,16): error TS1109: Expression expected.
 reservedWords2.ts(10,6): error TS1359: Identifier expected. 'void' is a reserved word that cannot be used here.
-reservedWords2.ts(11,12): error TS1359: Identifier expected. 'default' is a reserved word that cannot be used here.
-reservedWords2.ts(12,13): error TS7006: Parameter '(Missing)' implicitly has an 'any' type.
-reservedWords2.ts(12,13): error TS1359: Identifier expected. 'null' is a reserved word that cannot be used here.
-reservedWords2.ts(12,17): error TS1138: Parameter declaration expected.
-reservedWords2.ts(12,19): error TS7006: Parameter 'string' implicitly has an 'any' type.
 
 
-==== reservedWords2.ts (38 errors) ====
+==== reservedWords2.ts (9 errors) ====
     import while = require("dfdf");
-           ~~~~~
-!!! error TS1109: Expression expected.
-                 ~
-!!! error TS1005: '(' expected.
-                   ~~~~~~~
-!!! error TS2591: Cannot find name 'require'. Do you need to install type definitions for node? Try `npm i --save-dev @types/node` and then add 'node' to the types field in your tsconfig.
-                                  ~
-!!! error TS1005: ')' expected.
+                           ~~~~~~
+!!! error TS2307: Cannot find module 'dfdf' or its corresponding type declarations.
     import * as  while from "foo"
-               
-!!! error TS2300: Duplicate identifier '(Missing)'.
-               
-!!! error TS2567: Enum declarations can only merge with namespace or other enum declarations.
-                 ~~~~~
-!!! error TS1359: Identifier expected. 'while' is a reserved word that cannot be used here.
-                       ~~~~
-!!! error TS1005: '(' expected.
-                       ~~~~
-!!! error TS2304: Cannot find name 'from'.
                             ~~~~~
-!!! error TS1005: ')' expected.
+!!! error TS2307: Cannot find module 'foo' or its corresponding type declarations.
     
     var typeof = 10;
         ~~~~~~
-!!! error TS1389: 'typeof' is not allowed as a variable declaration name.
+!!! error TS1123: Variable declaration list cannot be empty.
+        ~~~~~~~~
+!!! error TS2364: The left-hand side of an assignment expression must be a variable or a property access.
                ~
 !!! error TS1109: Expression expected.
     function throw() {}
-            
-!!! error TS2300: Duplicate identifier '(Missing)'.
-            
-!!! error TS2567: Enum declarations can only merge with namespace or other enum declarations.
-            
-!!! error TS7010: '(Missing)', which lacks return-type annotation, implicitly has an 'any' return type.
              ~~~~~
-!!! error TS1359: Identifier expected. 'throw' is a reserved word that cannot be used here.
-                     ~
-!!! error TS1005: '=>' expected.
+!!! error TS1005: '(' expected.
+                  ~
+!!! error TS1005: ')' expected.
+                   ~
+!!! error TS1109: Expression expected.
     namespace void {}
-    ~~~~~~~~~
-!!! error TS2304: Cannot find name 'namespace'.
-              ~~~~
-!!! error TS2819: Namespace name cannot be 'void'.
     var {while, return} = { while: 1, return: 2 };
-              
-!!! error TS2300: Duplicate identifier '(Missing)'.
-              ~
-!!! error TS1005: ':' expected.
-                      
-!!! error TS2300: Duplicate identifier '(Missing)'.
-                      ~
-!!! error TS1005: ':' expected.
     var {this, switch: { continue} } = { this: 1, switch: { continue: 2 }};
-             
-!!! error TS2300: Duplicate identifier '(Missing)'.
-             ~

Diff truncated: more than 100 lines changed

Expected: 129 lines
Actual: 42 lines

The differences are too extensive to show in unified diff format.
Consider comparing smaller sections or reviewing the strings directly.

</message>
<stacktrace>
  at org.junit.Assert.fail(Assert.java:89)
  at kotlin.test.junit.JUnitAsserter.fail(JUnitSupport.kt:56)
  at kotlin.test.AssertionsKt__AssertionsKt.fail(Assertions.kt:563)
  at kotlin.test.AssertionsKt.fail(Unknown Source)
  at com.xemantic.kotlin.test.SameAsKt.sameAs(SameAs.kt:52)
  at com.xemantic.typescript.compiler.TypeScriptTestSupportKt.errorsMatchBaseline(TypeScriptTestSupport.kt:135)
  at com.xemantic.typescript.compiler.TypeScriptCompilerTests_R.reservedWords2_ts has expected errors matching reservedWords2_errors_txt(TypeScriptCompilerTests_R.kt:2268)
  at java.base/jdk.internal.reflect.DirectMethodHandleAccessor.invoke(DirectMethodHandleAccessor.java:104)
  at java.base/java.lang.reflect.Method.invoke(Method.java:565)
  at org.junit.runners.model.FrameworkMethod$1.runReflectiveCall(FrameworkMethod.java:59)
  at org.junit.internal.runners.model.ReflectiveCallable.run(ReflectiveCallable.java:12)
  at org.junit.runners.model.FrameworkMethod.invokeExplosively(FrameworkMethod.java:56)
  at org.junit.internal.runners.statements.InvokeMethod.evaluate(InvokeMethod.java:17)
  at org.junit.runners.ParentRunner$3.evaluate(ParentRunner.java:306)
  at org.junit.runners.BlockJUnit4ClassRunner$1.evaluate(BlockJUnit4ClassRunner.java:100)
  at org.junit.runners.ParentRunner.runLeaf(ParentRunner.java:366)
  at org.junit.runners.BlockJUnit4ClassRunner.runChild(BlockJUnit4ClassRunner.java:103)
  at org.junit.runners.BlockJUnit4ClassRunner.runChild(BlockJUnit4ClassRunner.java:63)
  at org.junit.runners.ParentRunner$4.run(ParentRunner.java:331)
  at org.junit.runners.ParentRunner$1.schedule(ParentRunner.java:79)
  at org.junit.runners.ParentRunner.runChildren(ParentRunner.java:329)
  at org.junit.runners.ParentRunner.access$100(ParentRunner.java:66)
  at org.junit.runners.ParentRunner$2.evaluate(ParentRunner.java:293)
  at org.junit.runners.ParentRunner$3.evaluate(ParentRunner.java:306)
  at org.junit.runners.ParentRunner.run(ParentRunner.java:413)
  at org.junit.runner.JUnitCore.run(JUnitCore.java:137)
  at org.junit.runner.JUnitCore.run(JUnitCore.java:115)
  at org.gradle.api.internal.tasks.testing.junit.JUnitTestExecutor.runRequest(JUnitTestExecutor.java:175)
  at org.gradle.api.internal.tasks.testing.junit.JUnitTestExecutor.accept(JUnitTestExecutor.java:84)
  at org.gradle.api.internal.tasks.testing.junit.JUnitTestExecutor.accept(JUnitTestExecutor.java:47)
  at org.gradle.api.internal.tasks.testing.junit.AbstractJUnitTestDefinitionProcessor.processTestDefinition(AbstractJUnitTestDefinitionProcessor.java:65)
  at org.gradle.api.internal.tasks.testing.SuiteTestDefinitionProcessor.processTestDefinition(SuiteTestDefinitionProcessor.java:54)
  at java.base/jdk.internal.reflect.DirectMethodHandleAccessor.invoke(DirectMethodHandleAccessor.java:104)
  at java.base/java.lang.reflect.Method.invoke(Method.java:565)
  at org.gradle.internal.dispatch.MethodInvocation.invokeOn(MethodInvocation.java:77)
  at org.gradle.internal.dispatch.ReflectionDispatch.dispatch(ReflectionDispatch.java:28)
  at org.gradle.internal.dispatch.ReflectionDispatch.dispatch(ReflectionDispatch.java:19)
  at org.gradle.internal.dispatch.ContextClassLoaderDispatch.dispatch(ContextClassLoaderDispatch.java:33)
  at org.gradle.internal.dispatch.ProxyDispatchAdapter$DispatchingInvocationHandler.invoke(ProxyDispatchAdapter.java:88)
  at jdk.proxy1/jdk.proxy1.$Proxy4.processTestDefinition(Unknown Source)
  at org.gradle.api.internal.tasks.testing.worker.TestWorker$2.run(TestWorker.java:178)
  at org.gradle.api.internal.tasks.testing.worker.TestWorker.executeAndMaintainThreadName(TestWorker.java:126)
  at org.gradle.api.internal.tasks.testing.worker.TestWorker.execute(TestWorker.java:103)
  at org.gradle.api.internal.tasks.testing.worker.TestWorker.execute(TestWorker.java:63)
  at org.gradle.process.internal.worker.child.ActionExecutionWorker.execute(ActionExecutionWorker.java:56)
  at org.gradle.process.internal.worker.child.SystemApplicationClassLoaderWorker.call(SystemApplicationClassLoaderWorker.java:122)
  at org.gradle.process.internal.worker.child.SystemApplicationClassLoaderWorker.call(SystemApplicationClassLoaderWorker.java:72)
  at worker.org.gradle.process.internal.worker.GradleWorkerMain.run(GradleWorkerMain.java:69)
  at worker.org.gradle.process.internal.worker.GradleWorkerMain.main(GradleWorkerMain.java:74)
</stacktrace>
</test-failure>


TypeScriptCompilerTests_R[jvm] > reservedWords2_ts has expected errors matching reservedWords2_errors_txt[jvm] FAILED

<test-failure test="com.xemantic.typescript.compiler.TypeScriptCompilerTests_R.restParamModifier_ts has expected errors matching restParamModifier_errors_txt" platform="jvm">
<message>
--- expected
+++ actual
@@ -1,9 +1,18 @@
-restParamModifier.ts(2,27): error TS1005: ',' expected.
+restParamModifier.ts(2,5): error TS2390: Constructor implementation is missing.
+restParamModifier.ts(2,20): error TS1213: Identifier expected. 'public' is a reserved word in strict mode. Class definitions are automatically in strict mode.
+restParamModifier.ts(2,27): error TS1005: ')' expected.
+restParamModifier.ts(3,1): error TS1128: Declaration or statement expected.
 
 
-==== restParamModifier.ts (1 errors) ====
+==== restParamModifier.ts (4 errors) ====
     class C {
         constructor(...public rest: string[]) {}
+        ~~~~~~~~~~~
+!!! error TS2390: Constructor implementation is missing.
+                       ~~~~~~
+!!! error TS1213: Identifier expected. 'public' is a reserved word in strict mode. Class definitions are automatically in strict mode.
                               ~~~~
-!!! error TS1005: ',' expected.
+!!! error TS1005: ')' expected.
     }
+    ~
+!!! error TS1128: Declaration or statement expected.

</message>
<stacktrace>
  at org.junit.Assert.fail(Assert.java:89)
  at kotlin.test.junit.JUnitAsserter.fail(JUnitSupport.kt:56)
  at kotlin.test.AssertionsKt__AssertionsKt.fail(Assertions.kt:563)
  at kotlin.test.AssertionsKt.fail(Unknown Source)
  at com.xemantic.kotlin.test.SameAsKt.sameAs(SameAs.kt:52)
  at com.xemantic.typescript.compiler.TypeScriptTestSupportKt.errorsMatchBaseline(TypeScriptTestSupport.kt:135)
  at com.xemantic.typescript.compiler.TypeScriptCompilerTests_R.restParamModifier_ts has expected errors matching restParamModifier_errors_txt(TypeScriptCompilerTests_R.kt:2464)
  at java.base/jdk.internal.reflect.DirectMethodHandleAccessor.invoke(DirectMethodHandleAccessor.java:104)
  at java.base/java.lang.reflect.Method.invoke(Method.java:565)
  at org.junit.runners.model.FrameworkMethod$1.runReflectiveCall(FrameworkMethod.java:59)
  at org.junit.internal.runners.model.ReflectiveCallable.run(ReflectiveCallable.java:12)
  at org.junit.runners.model.FrameworkMethod.invokeExplosively(FrameworkMethod.java:56)
  at org.junit.internal.runners.statements.InvokeMethod.evaluate(InvokeMethod.java:17)
  at org.junit.runners.ParentRunner$3.evaluate(ParentRunner.java:306)
  at org.junit.runners.BlockJUnit4ClassRunner$1.evaluate(BlockJUnit4ClassRunner.java:100)
  at org.junit.runners.ParentRunner.runLeaf(ParentRunner.java:366)
  at org.junit.runners.BlockJUnit4ClassRunner.runChild(BlockJUnit4ClassRunner.java:103)
  at org.junit.runners.BlockJUnit4ClassRunner.runChild(BlockJUnit4ClassRunner.java:63)
  at org.junit.runners.ParentRunner$4.run(ParentRunner.java:331)
  at org.junit.runners.ParentRunner$1.schedule(ParentRunner.java:79)
  at org.junit.runners.ParentRunner.runChildren(ParentRunner.java:329)
  at org.junit.runners.ParentRunner.access$100(ParentRunner.java:66)
  at org.junit.runners.ParentRunner$2.evaluate(ParentRunner.java:293)
  at org.junit.runners.ParentRunner$3.evaluate(ParentRunner.java:306)
  at org.junit.runners.ParentRunner.run(ParentRunner.java:413)
  at org.junit.runner.JUnitCore.run(JUnitCore.java:137)
  at org.junit.runner.JUnitCore.run(JUnitCore.java:115)
  at org.gradle.api.internal.tasks.testing.junit.JUnitTestExecutor.runRequest(JUnitTestExecutor.java:175)
  at org.gradle.api.internal.tasks.testing.junit.JUnitTestExecutor.accept(JUnitTestExecutor.java:84)
  at org.gradle.api.internal.tasks.testing.junit.JUnitTestExecutor.accept(JUnitTestExecutor.java:47)
  at org.gradle.api.internal.tasks.testing.junit.AbstractJUnitTestDefinitionProcessor.processTestDefinition(AbstractJUnitTestDefinitionProcessor.java:65)
  at org.gradle.api.internal.tasks.testing.SuiteTestDefinitionProcessor.processTestDefinition(SuiteTestDefinitionProcessor.java:54)
  at java.base/jdk.internal.reflect.DirectMethodHandleAccessor.invoke(DirectMethodHandleAccessor.java:104)
  at java.base/java.lang.reflect.Method.invoke(Method.java:565)
  at org.gradle.internal.dispatch.MethodInvocation.invokeOn(MethodInvocation.java:77)
  at org.gradle.internal.dispatch.ReflectionDispatch.dispatch(ReflectionDispatch.java:28)
  at org.gradle.internal.dispatch.ReflectionDispatch.dispatch(ReflectionDispatch.java:19)
  at org.gradle.internal.dispatch.ContextClassLoaderDispatch.dispatch(ContextClassLoaderDispatch.java:33)
  at org.gradle.internal.dispatch.ProxyDispatchAdapter$DispatchingInvocationHandler.invoke(ProxyDispatchAdapter.java:88)
  at jdk.proxy1/jdk.proxy1.$Proxy4.processTestDefinition(Unknown Source)
  at org.gradle.api.internal.tasks.testing.worker.TestWorker$2.run(TestWorker.java:178)
  at org.gradle.api.internal.tasks.testing.worker.TestWorker.executeAndMaintainThreadName(TestWorker.java:126)
  at org.gradle.api.internal.tasks.testing.worker.TestWorker.execute(TestWorker.java:103)
  at org.gradle.api.internal.tasks.testing.worker.TestWorker.execute(TestWorker.java:63)
  at org.gradle.process.internal.worker.child.ActionExecutionWorker.execute(ActionExecutionWorker.java:56)
  at org.gradle.process.internal.worker.child.SystemApplicationClassLoaderWorker.call(SystemApplicationClassLoaderWorker.java:122)
  at org.gradle.process.internal.worker.child.SystemApplicationClassLoaderWorker.call(SystemApplicationClassLoaderWorker.java:72)
  at worker.org.gradle.process.internal.worker.GradleWorkerMain.run(GradleWorkerMain.java:69)
  at worker.org.gradle.process.internal.worker.GradleWorkerMain.main(GradleWorkerMain.java:74)
</stacktrace>
</test-failure>


TypeScriptCompilerTests_R[jvm] > restParamModifier_ts has expected errors matching restParamModifier_errors_txt[jvm] FAILED

<test-failure test="com.xemantic.typescript.compiler.TypeScriptCompilerTests_R.requireOfJsonFile_PathMapping_ts has expected errors matching requireOfJsonFile_PathMapping_errors_txt" platform="jvm">
<message>
--- expected
+++ actual
@@ -17,8 +17,8 @@
         }
     }
     
-==== /a.ts (0 errors) ====
-    import foobar from "foo/bar/foobar.json";
-    
 ==== /node_modules/foo/bar/foobar.json (0 errors) ====
     { "a": 10 }
+    
+==== /a.ts (0 errors) ====
+    import foobar from "foo/bar/foobar.json";

</message>
<stacktrace>
  at org.junit.Assert.fail(Assert.java:89)
  at kotlin.test.junit.JUnitAsserter.fail(JUnitSupport.kt:56)
  at kotlin.test.AssertionsKt__AssertionsKt.fail(Assertions.kt:563)
  at kotlin.test.AssertionsKt.fail(Unknown Source)
  at com.xemantic.kotlin.test.SameAsKt.sameAs(SameAs.kt:52)
  at com.xemantic.typescript.compiler.TypeScriptTestSupportKt.errorsMatchBaseline(TypeScriptTestSupport.kt:135)
  at com.xemantic.typescript.compiler.TypeScriptCompilerTests_R.requireOfJsonFile_PathMapping_ts has expected errors matching requireOfJsonFile_PathMapping_errors_txt(TypeScriptCompilerTests_R.kt:2156)
  at java.base/jdk.internal.reflect.DirectMethodHandleAccessor.invoke(DirectMethodHandleAccessor.java:104)
  at java.base/java.lang.reflect.Method.invoke(Method.java:565)
  at org.junit.runners.model.FrameworkMethod$1.runReflectiveCall(FrameworkMethod.java:59)
  at org.junit.internal.runners.model.ReflectiveCallable.run(ReflectiveCallable.java:12)
  at org.junit.runners.model.FrameworkMethod.invokeExplosively(FrameworkMethod.java:56)
  at org.junit.internal.runners.statements.InvokeMethod.evaluate(InvokeMethod.java:17)
  at org.junit.runners.ParentRunner$3.evaluate(ParentRunner.java:306)
  at org.junit.runners.BlockJUnit4ClassRunner$1.evaluate(BlockJUnit4ClassRunner.java:100)
  at org.junit.runners.ParentRunner.runLeaf(ParentRunner.java:366)
  at org.junit.runners.BlockJUnit4ClassRunner.runChild(BlockJUnit4ClassRunner.java:103)
  at org.junit.runners.BlockJUnit4ClassRunner.runChild(BlockJUnit4ClassRunner.java:63)
  at org.junit.runners.ParentRunner$4.run(ParentRunner.java:331)
  at org.junit.runners.ParentRunner$1.schedule(ParentRunner.java:79)
  at org.junit.runners.ParentRunner.runChildren(ParentRunner.java:329)
  at org.junit.runners.ParentRunner.access$100(ParentRunner.java:66)
  at org.junit.runners.ParentRunner$2.evaluate(ParentRunner.java:293)
  at org.junit.runners.ParentRunner$3.evaluate(ParentRunner.java:306)
  at org.junit.runners.ParentRunner.run(ParentRunner.java:413)
  at org.junit.runner.JUnitCore.run(JUnitCore.java:137)
  at org.junit.runner.JUnitCore.run(JUnitCore.java:115)
  at org.gradle.api.internal.tasks.testing.junit.JUnitTestExecutor.runRequest(JUnitTestExecutor.java:175)
  at org.gradle.api.internal.tasks.testing.junit.JUnitTestExecutor.accept(JUnitTestExecutor.java:84)
  at org.gradle.api.internal.tasks.testing.junit.JUnitTestExecutor.accept(JUnitTestExecutor.java:47)
  at org.gradle.api.internal.tasks.testing.junit.AbstractJUnitTestDefinitionProcessor.processTestDefinition(AbstractJUnitTestDefinitionProcessor.java:65)
  at org.gradle.api.internal.tasks.testing.SuiteTestDefinitionProcessor.processTestDefinition(SuiteTestDefinitionProcessor.java:54)
  at java.base/jdk.internal.reflect.DirectMethodHandleAccessor.invoke(DirectMethodHandleAccessor.java:104)
  at java.base/java.lang.reflect.Method.invoke(Method.java:565)
  at org.gradle.internal.dispatch.MethodInvocation.invokeOn(MethodInvocation.java:77)
  at org.gradle.internal.dispatch.ReflectionDispatch.dispatch(ReflectionDispatch.java:28)
  at org.gradle.internal.dispatch.ReflectionDispatch.dispatch(ReflectionDispatch.java:19)
  at org.gradle.internal.dispatch.ContextClassLoaderDispatch.dispatch(ContextClassLoaderDispatch.java:33)
  at org.gradle.internal.dispatch.ProxyDispatchAdapter$DispatchingInvocationHandler.invoke(ProxyDispatchAdapter.java:88)
  at jdk.proxy1/jdk.proxy1.$Proxy4.processTestDefinition(Unknown Source)
  at org.gradle.api.internal.tasks.testing.worker.TestWorker$2.run(TestWorker.java:178)
  at org.gradle.api.internal.tasks.testing.worker.TestWorker.executeAndMaintainThreadName(TestWorker.java:126)
  at org.gradle.api.internal.tasks.testing.worker.TestWorker.execute(TestWorker.java:103)
  at org.gradle.api.internal.tasks.testing.worker.TestWorker.execute(TestWorker.java:63)
  at org.gradle.process.internal.worker.child.ActionExecutionWorker.execute(ActionExecutionWorker.java:56)
  at org.gradle.process.internal.worker.child.SystemApplicationClassLoaderWorker.call(SystemApplicationClassLoaderWorker.java:122)
  at org.gradle.process.internal.worker.child.SystemApplicationClassLoaderWorker.call(SystemApplicationClassLoaderWorker.java:72)
  at worker.org.gradle.process.internal.worker.GradleWorkerMain.run(GradleWorkerMain.java:69)
  at worker.org.gradle.process.internal.worker.GradleWorkerMain.main(GradleWorkerMain.java:74)
</stacktrace>
</test-failure>


TypeScriptCompilerTests_R[jvm] > requireOfJsonFile_PathMapping_ts has expected errors matching requireOfJsonFile_PathMapping_errors_txt[jvm] FAILED

<test-failure test="com.xemantic.typescript.compiler.TypeScriptCompilerTests_R.reachabilityChecksNoCrash1_ts has expected errors matching reachabilityChecksNoCrash1_errors_txt" platform="jvm">
<message>
Expected diagnostics from baseline typescript-repo/tests/baselines/reference/reachabilityChecksNoCrash1.errors.txt but none produced
</message>
<stacktrace>
  at com.xemantic.typescript.compiler.TypeScriptTestSupportKt.errorsMatchBaseline(TypeScriptTestSupport.kt:125)
  at com.xemantic.typescript.compiler.TypeScriptCompilerTests_R.reachabilityChecksNoCrash1_ts has expected errors matching reachabilityChecksNoCrash1_errors_txt(TypeScriptCompilerTests_R.kt:287)
  at java.base/jdk.internal.reflect.DirectMethodHandleAccessor.invoke(DirectMethodHandleAccessor.java:104)
  at java.base/java.lang.reflect.Method.invoke(Method.java:565)
  at org.junit.runners.model.FrameworkMethod$1.runReflectiveCall(FrameworkMethod.java:59)
  at org.junit.internal.runners.model.ReflectiveCallable.run(ReflectiveCallable.java:12)
  at org.junit.runners.model.FrameworkMethod.invokeExplosively(FrameworkMethod.java:56)
  at org.junit.internal.runners.statements.InvokeMethod.evaluate(InvokeMethod.java:17)
  at org.junit.runners.ParentRunner$3.evaluate(ParentRunner.java:306)
  at org.junit.runners.BlockJUnit4ClassRunner$1.evaluate(BlockJUnit4ClassRunner.java:100)
  at org.junit.runners.ParentRunner.runLeaf(ParentRunner.java:366)
  at org.junit.runners.BlockJUnit4ClassRunner.runChild(BlockJUnit4ClassRunner.java:103)
  at org.junit.runners.BlockJUnit4ClassRunner.runChild(BlockJUnit4ClassRunner.java:63)
  at org.junit.runners.ParentRunner$4.run(ParentRunner.java:331)
  at org.junit.runners.ParentRunner$1.schedule(ParentRunner.java:79)
  at org.junit.runners.ParentRunner.runChildren(ParentRunner.java:329)
  at org.junit.runners.ParentRunner.access$100(ParentRunner.java:66)
  at org.junit.runners.ParentRunner$2.evaluate(ParentRunner.java:293)
  at org.junit.runners.ParentRunner$3.evaluate(ParentRunner.java:306)
  at org.junit.runners.ParentRunner.run(ParentRunner.java:413)
  at org.junit.runner.JUnitCore.run(JUnitCore.java:137)
  at org.junit.runner.JUnitCore.run(JUnitCore.java:115)
  at org.gradle.api.internal.tasks.testing.junit.JUnitTestExecutor.runRequest(JUnitTestExecutor.java:175)
  at org.gradle.api.internal.tasks.testing.junit.JUnitTestExecutor.accept(JUnitTestExecutor.java:84)
  at org.gradle.api.internal.tasks.testing.junit.JUnitTestExecutor.accept(JUnitTestExecutor.java:47)
  at org.gradle.api.internal.tasks.testing.junit.AbstractJUnitTestDefinitionProcessor.processTestDefinition(AbstractJUnitTestDefinitionProcessor.java:65)
  at org.gradle.api.internal.tasks.testing.SuiteTestDefinitionProcessor.processTestDefinition(SuiteTestDefinitionProcessor.java:54)
  at java.base/jdk.internal.reflect.DirectMethodHandleAccessor.invoke(DirectMethodHandleAccessor.java:104)
  at java.base/java.lang.reflect.Method.invoke(Method.java:565)
  at org.gradle.internal.dispatch.MethodInvocation.invokeOn(MethodInvocation.java:77)
  at org.gradle.internal.dispatch.ReflectionDispatch.dispatch(ReflectionDispatch.java:28)
  at org.gradle.internal.dispatch.ReflectionDispatch.dispatch(ReflectionDispatch.java:19)
  at org.gradle.internal.dispatch.ContextClassLoaderDispatch.dispatch(ContextClassLoaderDispatch.java:33)
  at org.gradle.internal.dispatch.ProxyDispatchAdapter$DispatchingInvocationHandler.invoke(ProxyDispatchAdapter.java:88)
  at jdk.proxy1/jdk.proxy1.$Proxy4.processTestDefinition(Unknown Source)
  at org.gradle.api.internal.tasks.testing.worker.TestWorker$2.run(TestWorker.java:178)
  at org.gradle.api.internal.tasks.testing.worker.TestWorker.executeAndMaintainThreadName(TestWorker.java:126)
  at org.gradle.api.internal.tasks.testing.worker.TestWorker.execute(TestWorker.java:103)
  at org.gradle.api.internal.tasks.testing.worker.TestWorker.execute(TestWorker.java:63)
  at org.gradle.process.internal.worker.child.ActionExecutionWorker.execute(ActionExecutionWorker.java:56)
  at org.gradle.process.internal.worker.child.SystemApplicationClassLoaderWorker.call(SystemApplicationClassLoaderWorker.java:122)
  at org.gradle.process.internal.worker.child.SystemApplicationClassLoaderWorker.call(SystemApplicationClassLoaderWorker.java:72)
  at worker.org.gradle.process.internal.worker.GradleWorkerMain.run(GradleWorkerMain.java:69)
  at worker.org.gradle.process.internal.worker.GradleWorkerMain.main(GradleWorkerMain.java:74)
</stacktrace>
</test-failure>


TypeScriptCompilerTests_R[jvm] > reachabilityChecksNoCrash1_ts has expected errors matching reachabilityChecksNoCrash1_errors_txt[jvm] FAILED

<test-failure test="com.xemantic.typescript.compiler.TypeScriptCompilerTests_R.readonlyMembers_ts__target_es2015__has expected errors matching baseline" platform="jvm">
<message>
--- expected
+++ actual
@@ -1,22 +1,9 @@
 readonlyMembers.ts(6,3): error TS2540: Cannot assign to 'a' because it is a read-only property.
 readonlyMembers.ts(7,3): error TS2540: Cannot assign to 'b' because it is a read-only property.
-readonlyMembers.ts(16,14): error TS2540: Cannot assign to 'c' because it is a read-only property.
-readonlyMembers.ts(18,18): error TS2540: Cannot assign to 'a' because it is a read-only property.
-readonlyMembers.ts(19,18): error TS2540: Cannot assign to 'b' because it is a read-only property.
-readonlyMembers.ts(20,18): error TS2540: Cannot assign to 'c' because it is a read-only property.
-readonlyMembers.ts(25,18): error TS2540: Cannot assign to 'c' because it is a read-only property.
-readonlyMembers.ts(29,14): error TS2540: Cannot assign to 'a' because it is a read-only property.
-readonlyMembers.ts(30,14): error TS2540: Cannot assign to 'b' because it is a read-only property.
-readonlyMembers.ts(31,14): error TS2540: Cannot assign to 'c' because it is a read-only property.
-readonlyMembers.ts(40,3): error TS2540: Cannot assign to 'a' because it is a read-only property.
-readonlyMembers.ts(44,3): error TS2540: Cannot assign to 'a' because it is a read-only property.
-readonlyMembers.ts(53,3): error TS2540: Cannot assign to 'A' because it is a read-only property.
 readonlyMembers.ts(60,3): error TS2540: Cannot assign to 'a' because it is a read-only property.
-readonlyMembers.ts(66,1): error TS2542: Index signature in type '{ readonly [x: string]: string; }' only permits reading.
-readonlyMembers.ts(69,1): error TS2542: Index signature in type '{ readonly [x: number]: string; [x: string]: string; }' only permits reading.
 
 
-==== readonlyMembers.ts (16 errors) ====
+==== readonlyMembers.ts (3 errors) ====
     interface X {
         readonly a: number;
         readonly b?: number;
@@ -37,37 +24,21 @@
             this.a = 1;  // Ok
             this.b = 1;  // Ok
             this.c = 1;  // Error
-                 ~
-!!! error TS2540: Cannot assign to 'c' because it is a read-only property.
             const f = () => {
                 this.a = 1;  // Error
-                     ~
-!!! error TS2540: Cannot assign to 'a' because it is a read-only property.
                 this.b = 1;  // Error
-                     ~
-!!! error TS2540: Cannot assign to 'b' because it is a read-only property.
                 this.c = 1;  // Error
-                     ~
-!!! error TS2540: Cannot assign to 'c' because it is a read-only property.
             };
             (() => {
                 this.a = 1;  // Ok
                 this.b = 1;  // Ok
                 this.c = 1;  // Error
-                     ~
-!!! error TS2540: Cannot assign to 'c' because it is a read-only property.
             })();
         }
         foo() {
             this.a = 1;  // Error
-                 ~
-!!! error TS2540: Cannot assign to 'a' because it is a read-only property.
             this.b = 1;  // Error
-                 ~
-!!! error TS2540: Cannot assign to 'b' because it is a read-only property.
             this.c = 1;  // Error
-                 ~
-!!! error TS2540: Cannot assign to 'c' because it is a read-only property.
         }
     }
     
@@ -77,14 +48,10 @@
         set b(value) { }
     };
     o.a = 1;  // Error
-      ~
-!!! error TS2540: Cannot assign to 'a' because it is a read-only property.
     o.b = 1;
     
     var p: { readonly a: number, b: number } = { a: 1, b: 1 };
     p.a = 1;  // Error
-      ~
-!!! error TS2540: Cannot assign to 'a' because it is a read-only property.
     p.b = 1;
     var q: { a: number, b: number } = p;
     q.a = 1;
@@ -94,8 +61,6 @@
         A, B, C
     }
     E.A = 1;  // Error
-      ~
-!!! error TS2540: Cannot assign to 'A' because it is a read-only property.
     
     namespace N {
         export const a = 1;
@@ -111,11 +76,7 @@
     declare let xx: { readonly [x: string]: string };
     let s = xx["foo"];
     xx["foo"] = "abc";  // Error
-    ~~~~~~~~~
-!!! error TS2542: Index signature in type '{ readonly [x: string]: string; }' only permits reading.
     
     declare let yy: { readonly [x: number]: string, [x: string]: string };
     yy[1] = "abc";  // Error
-    ~~~~~
-!!! error TS2542: Index signature in type '{ readonly [x: number]: string; [x: string]: string; }' only permits reading.
     yy["foo"] = "abc";

</message>
<stacktrace>
  at org.junit.Assert.fail(Assert.java:89)
  at kotlin.test.junit.JUnitAsserter.fail(JUnitSupport.kt:56)
  at kotlin.test.AssertionsKt__AssertionsKt.fail(Assertions.kt:563)
  at kotlin.test.AssertionsKt.fail(Unknown Source)
  at com.xemantic.kotlin.test.SameAsKt.sameAs(SameAs.kt:52)
  at com.xemantic.typescript.compiler.TypeScriptTestSupportKt.errorsMatchBaseline(TypeScriptTestSupport.kt:135)
  at com.xemantic.typescript.compiler.TypeScriptCompilerTests_R.readonlyMembers_ts__target_es2015__has expected errors matching baseline(TypeScriptCompilerTests_R.kt:399)
  at java.base/jdk.internal.reflect.DirectMethodHandleAccessor.invoke(DirectMethodHandleAccessor.java:104)
  at java.base/java.lang.reflect.Method.invoke(Method.java:565)
  at org.junit.runners.model.FrameworkMethod$1.runReflectiveCall(FrameworkMethod.java:59)
  at org.junit.internal.runners.model.ReflectiveCallable.run(ReflectiveCallable.java:12)
  at org.junit.runners.model.FrameworkMethod.invokeExplosively(FrameworkMethod.java:56)
  at org.junit.internal.runners.statements.InvokeMethod.evaluate(InvokeMethod.java:17)
  at org.junit.runners.ParentRunner$3.evaluate(ParentRunner.java:306)
  at org.junit.runners.BlockJUnit4ClassRunner$1.evaluate(BlockJUnit4ClassRunner.java:100)
  at org.junit.runners.ParentRunner.runLeaf(ParentRunner.java:366)
  at org.junit.runners.BlockJUnit4ClassRunner.runChild(BlockJUnit4ClassRunner.java:103)
  at org.junit.runners.BlockJUnit4ClassRunner.runChild(BlockJUnit4ClassRunner.java:63)
  at org.junit.runners.ParentRunner$4.run(ParentRunner.java:331)
  at org.junit.runners.ParentRunner$1.schedule(ParentRunner.java:79)
  at org.junit.runners.ParentRunner.runChildren(ParentRunner.java:329)
  at org.junit.runners.ParentRunner.access$100(ParentRunner.java:66)
  at org.junit.runners.ParentRunner$2.evaluate(ParentRunner.java:293)
  at org.junit.runners.ParentRunner$3.evaluate(ParentRunner.java:306)
  at org.junit.runners.ParentRunner.run(ParentRunner.java:413)
  at org.junit.runner.JUnitCore.run(JUnitCore.java:137)
  at org.junit.runner.JUnitCore.run(JUnitCore.java:115)
  at org.gradle.api.internal.tasks.testing.junit.JUnitTestExecutor.runRequest(JUnitTestExecutor.java:175)
  at org.gradle.api.internal.tasks.testing.junit.JUnitTestExecutor.accept(JUnitTestExecutor.java:84)
  at org.gradle.api.internal.tasks.testing.junit.JUnitTestExecutor.accept(JUnitTestExecutor.java:47)
  at org.gradle.api.internal.tasks.testing.junit.AbstractJUnitTestDefinitionProcessor.processTestDefinition(AbstractJUnitTestDefinitionProcessor.java:65)
  at org.gradle.api.internal.tasks.testing.SuiteTestDefinitionProcessor.processTestDefinition(SuiteTestDefinitionProcessor.java:54)
  at java.base/jdk.internal.reflect.DirectMethodHandleAccessor.invoke(DirectMethodHandleAccessor.java:104)
  at java.base/java.lang.reflect.Method.invoke(Method.java:565)
  at org.gradle.internal.dispatch.MethodInvocation.invokeOn(MethodInvocation.java:77)
  at org.gradle.internal.dispatch.ReflectionDispatch.dispatch(ReflectionDispatch.java:28)
  at org.gradle.internal.dispatch.ReflectionDispatch.dispatch(ReflectionDispatch.java:19)
  at org.gradle.internal.dispatch.ContextClassLoaderDispatch.dispatch(ContextClassLoaderDispatch.java:33)
  at org.gradle.internal.dispatch.ProxyDispatchAdapter$DispatchingInvocationHandler.invoke(ProxyDispatchAdapter.java:88)
  at jdk.proxy1/jdk.proxy1.$Proxy4.processTestDefinition(Unknown Source)
  at org.gradle.api.internal.tasks.testing.worker.TestWorker$2.run(TestWorker.java:178)
  at org.gradle.api.internal.tasks.testing.worker.TestWorker.executeAndMaintainThreadName(TestWorker.java:126)
  at org.gradle.api.internal.tasks.testing.worker.TestWorker.execute(TestWorker.java:103)
  at org.gradle.api.internal.tasks.testing.worker.TestWorker.execute(TestWorker.java:63)
  at org.gradle.process.internal.worker.child.ActionExecutionWorker.execute(ActionExecutionWorker.java:56)
  at org.gradle.process.internal.worker.child.SystemApplicationClassLoaderWorker.call(SystemApplicationClassLoaderWorker.java:122)
  at org.gradle.process.internal.worker.child.SystemApplicationClassLoaderWorker.call(SystemApplicationClassLoaderWorker.java:72)
  at worker.org.gradle.process.internal.worker.GradleWorkerMain.run(GradleWorkerMain.java:69)
  at worker.org.gradle.process.internal.worker.GradleWorkerMain.main(GradleWorkerMain.java:74)
</stacktrace>
</test-failure>


TypeScriptCompilerTests_R[jvm] > readonlyMembers_ts__target_es2015__has expected errors matching baseline[jvm] FAILED

<test-failure test="com.xemantic.typescript.compiler.TypeScriptCompilerTests_R.reachabilityChecks4_ts has expected errors matching reachabilityChecks4_errors_txt" platform="jvm">
<message>
--- expected
+++ actual
@@ -1,8 +1,10 @@
 reachabilityChecks4.ts(6,9): error TS7029: Fallthrough case in switch.
+reachabilityChecks4.ts(20,9): error TS7029: Fallthrough case in switch.
 reachabilityChecks4.ts(22,9): error TS7029: Fallthrough case in switch.
+reachabilityChecks4.ts(41,9): error TS7029: Fallthrough case in switch.
 
 
-==== reachabilityChecks4.ts (2 errors) ====
+==== reachabilityChecks4.ts (4 errors) ====
     function foo(x, y) {
         switch (x) {
             case 1:
@@ -25,6 +27,8 @@
     function f1(x: 0 | 1 | 2) {
         switch (x) {
             case 0:
+            ~~~~~~~
+!!! error TS7029: Fallthrough case in switch.
                 fail();
             case 1:
             ~~~~~~~
@@ -48,6 +52,8 @@
     function f2(transition: Transition): any {
         switch (transition.behavior) {
             case 'SLIDE':
+            ~~~~~~~~~~~~~
+!!! error TS7029: Fallthrough case in switch.
                 switch (transition.direction) {
                     case 'LEFT':
                         return []

</message>
<stacktrace>
  at org.junit.Assert.fail(Assert.java:89)
  at kotlin.test.junit.JUnitAsserter.fail(JUnitSupport.kt:56)
  at kotlin.test.AssertionsKt__AssertionsKt.fail(Assertions.kt:563)
  at kotlin.test.AssertionsKt.fail(Unknown Source)
  at com.xemantic.kotlin.test.SameAsKt.sameAs(SameAs.kt:52)
  at com.xemantic.typescript.compiler.TypeScriptTestSupportKt.errorsMatchBaseline(TypeScriptTestSupport.kt:135)
  at com.xemantic.typescript.compiler.TypeScriptCompilerTests_R.reachabilityChecks4_ts has expected errors matching reachabilityChecks4_errors_txt(TypeScriptCompilerTests_R.kt:203)
  at java.base/jdk.internal.reflect.DirectMethodHandleAccessor.invoke(DirectMethodHandleAccessor.java:104)
  at java.base/java.lang.reflect.Method.invoke(Method.java:565)
  at org.junit.runners.model.FrameworkMethod$1.runReflectiveCall(FrameworkMethod.java:59)
  at org.junit.internal.runners.model.ReflectiveCallable.run(ReflectiveCallable.java:12)
  at org.junit.runners.model.FrameworkMethod.invokeExplosively(FrameworkMethod.java:56)
  at org.junit.internal.runners.statements.InvokeMethod.evaluate(InvokeMethod.java:17)
  at org.junit.runners.ParentRunner$3.evaluate(ParentRunner.java:306)
  at org.junit.runners.BlockJUnit4ClassRunner$1.evaluate(BlockJUnit4ClassRunner.java:100)
  at org.junit.runners.ParentRunner.runLeaf(ParentRunner.java:366)
  at org.junit.runners.BlockJUnit4ClassRunner.runChild(BlockJUnit4ClassRunner.java:103)
  at org.junit.runners.BlockJUnit4ClassRunner.runChild(BlockJUnit4ClassRunner.java:63)
  at org.junit.runners.ParentRunner$4.run(ParentRunner.java:331)
  at org.junit.runners.ParentRunner$1.schedule(ParentRunner.java:79)
  at org.junit.runners.ParentRunner.runChildren(ParentRunner.java:329)
  at org.junit.runners.ParentRunner.access$100(ParentRunner.java:66)
  at org.junit.runners.ParentRunner$2.evaluate(ParentRunner.java:293)
  at org.junit.runners.ParentRunner$3.evaluate(ParentRunner.java:306)
  at org.junit.runners.ParentRunner.run(ParentRunner.java:413)
  at org.junit.runner.JUnitCore.run(JUnitCore.java:137)
  at org.junit.runner.JUnitCore.run(JUnitCore.java:115)
  at org.gradle.api.internal.tasks.testing.junit.JUnitTestExecutor.runRequest(JUnitTestExecutor.java:175)
  at org.gradle.api.internal.tasks.testing.junit.JUnitTestExecutor.accept(JUnitTestExecutor.java:84)
  at org.gradle.api.internal.tasks.testing.junit.JUnitTestExecutor.accept(JUnitTestExecutor.java:47)
  at org.gradle.api.internal.tasks.testing.junit.AbstractJUnitTestDefinitionProcessor.processTestDefinition(AbstractJUnitTestDefinitionProcessor.java:65)
  at org.gradle.api.internal.tasks.testing.SuiteTestDefinitionProcessor.processTestDefinition(SuiteTestDefinitionProcessor.java:54)
  at java.base/jdk.internal.reflect.DirectMethodHandleAccessor.invoke(DirectMethodHandleAccessor.java:104)
  at java.base/java.lang.reflect.Method.invoke(Method.java:565)
  at org.gradle.internal.dispatch.MethodInvocation.invokeOn(MethodInvocation.java:77)
  at org.gradle.internal.dispatch.ReflectionDispatch.dispatch(ReflectionDispatch.java:28)
  at org.gradle.internal.dispatch.ReflectionDispatch.dispatch(ReflectionDispatch.java:19)
  at org.gradle.internal.dispatch.ContextClassLoaderDispatch.dispatch(ContextClassLoaderDispatch.java:33)
  at org.gradle.internal.dispatch.ProxyDispatchAdapter$DispatchingInvocationHandler.invoke(ProxyDispatchAdapter.java:88)
  at jdk.proxy1/jdk.proxy1.$Proxy4.processTestDefinition(Unknown Source)
  at org.gradle.api.internal.tasks.testing.worker.TestWorker$2.run(TestWorker.java:178)
  at org.gradle.api.internal.tasks.testing.worker.TestWorker.executeAndMaintainThreadName(TestWorker.java:126)
  at org.gradle.api.internal.tasks.testing.worker.TestWorker.execute(TestWorker.java:103)
  at org.gradle.api.internal.tasks.testing.worker.TestWorker.execute(TestWorker.java:63)
  at org.gradle.process.internal.worker.child.ActionExecutionWorker.execute(ActionExecutionWorker.java:56)
  at org.gradle.process.internal.worker.child.SystemApplicationClassLoaderWorker.call(SystemApplicationClassLoaderWorker.java:122)
  at org.gradle.process.internal.worker.child.SystemApplicationClassLoaderWorker.call(SystemApplicationClassLoaderWorker.java:72)
  at worker.org.gradle.process.internal.worker.GradleWorkerMain.run(GradleWorkerMain.java:69)
  at worker.org.gradle.process.internal.worker.GradleWorkerMain.main(GradleWorkerMain.java:74)
</stacktrace>
</test-failure>


TypeScriptCompilerTests_R[jvm] > reachabilityChecks4_ts has expected errors matching reachabilityChecks4_errors_txt[jvm] FAILED

<test-failure test="com.xemantic.typescript.compiler.TypeScriptCompilerTests_R.reexportMissingDefault5_ts compiles to JavaScript matching reexportMissingDefault5_js" platform="jvm">
<message>
--- expected
+++ actual
@@ -16,9 +16,7 @@
         setters: [
             function (b_1_1) {
                 exports_1({
-                    "b": b_1_1["b"]
-                });
-                exports_1({
+                    "b": b_1_1["b"],
                     "Foo": b_1_1["default"]
                 });
             }

</message>
<stacktrace>
  at org.junit.Assert.fail(Assert.java:89)
  at kotlin.test.junit.JUnitAsserter.fail(JUnitSupport.kt:56)
  at kotlin.test.AssertionsKt__AssertionsKt.fail(Assertions.kt:563)
  at kotlin.test.AssertionsKt.fail(Unknown Source)
  at com.xemantic.kotlin.test.SameAsKt.sameAs(SameAs.kt:52)
  at com.xemantic.typescript.compiler.TypeScriptTestSupportKt.sameAs(TypeScriptTestSupport.kt:99)
  at com.xemantic.typescript.compiler.TypeScriptCompilerTests_R.reexportMissingDefault5_ts compiles to JavaScript matching reexportMissingDefault5_js(TypeScriptCompilerTests_R.kt:1365)
  at java.base/jdk.internal.reflect.DirectMethodHandleAccessor.invoke(DirectMethodHandleAccessor.java:104)
  at java.base/java.lang.reflect.Method.invoke(Method.java:565)
  at org.junit.runners.model.FrameworkMethod$1.runReflectiveCall(FrameworkMethod.java:59)
  at org.junit.internal.runners.model.ReflectiveCallable.run(ReflectiveCallable.java:12)
  at org.junit.runners.model.FrameworkMethod.invokeExplosively(FrameworkMethod.java:56)
  at org.junit.internal.runners.statements.InvokeMethod.evaluate(InvokeMethod.java:17)
  at org.junit.runners.ParentRunner$3.evaluate(ParentRunner.java:306)
  at org.junit.runners.BlockJUnit4ClassRunner$1.evaluate(BlockJUnit4ClassRunner.java:100)
  at org.junit.runners.ParentRunner.runLeaf(ParentRunner.java:366)
  at org.junit.runners.BlockJUnit4ClassRunner.runChild(BlockJUnit4ClassRunner.java:103)
  at org.junit.runners.BlockJUnit4ClassRunner.runChild(BlockJUnit4ClassRunner.java:63)
  at org.junit.runners.ParentRunner$4.run(ParentRunner.java:331)
  at org.junit.runners.ParentRunner$1.schedule(ParentRunner.java:79)
  at org.junit.runners.ParentRunner.runChildren(ParentRunner.java:329)
  at org.junit.runners.ParentRunner.access$100(ParentRunner.java:66)
  at org.junit.runners.ParentRunner$2.evaluate(ParentRunner.java:293)
  at org.junit.runners.ParentRunner$3.evaluate(ParentRunner.java:306)
  at org.junit.runners.ParentRunner.run(ParentRunner.java:413)
  at org.junit.runner.JUnitCore.run(JUnitCore.java:137)
  at org.junit.runner.JUnitCore.run(JUnitCore.java:115)
  at org.gradle.api.internal.tasks.testing.junit.JUnitTestExecutor.runRequest(JUnitTestExecutor.java:175)
  at org.gradle.api.internal.tasks.testing.junit.JUnitTestExecutor.accept(JUnitTestExecutor.java:84)
  at org.gradle.api.internal.tasks.testing.junit.JUnitTestExecutor.accept(JUnitTestExecutor.java:47)
  at org.gradle.api.internal.tasks.testing.junit.AbstractJUnitTestDefinitionProcessor.processTestDefinition(AbstractJUnitTestDefinitionProcessor.java:65)
  at org.gradle.api.internal.tasks.testing.SuiteTestDefinitionProcessor.processTestDefinition(SuiteTestDefinitionProcessor.java:54)
  at java.base/jdk.internal.reflect.DirectMethodHandleAccessor.invoke(DirectMethodHandleAccessor.java:104)
  at java.base/java.lang.reflect.Method.invoke(Method.java:565)
  at org.gradle.internal.dispatch.MethodInvocation.invokeOn(MethodInvocation.java:77)
  at org.gradle.internal.dispatch.ReflectionDispatch.dispatch(ReflectionDispatch.java:28)
  at org.gradle.internal.dispatch.ReflectionDispatch.dispatch(ReflectionDispatch.java:19)
  at org.gradle.internal.dispatch.ContextClassLoaderDispatch.dispatch(ContextClassLoaderDispatch.java:33)
  at org.gradle.internal.dispatch.ProxyDispatchAdapter$DispatchingInvocationHandler.invoke(ProxyDispatchAdapter.java:88)
  at jdk.proxy1/jdk.proxy1.$Proxy4.processTestDefinition(Unknown Source)
  at org.gradle.api.internal.tasks.testing.worker.TestWorker$2.run(TestWorker.java:178)
  at org.gradle.api.internal.tasks.testing.worker.TestWorker.executeAndMaintainThreadName(TestWorker.java:126)
  at org.gradle.api.internal.tasks.testing.worker.TestWorker.execute(TestWorker.java:103)
  at org.gradle.api.internal.tasks.testing.worker.TestWorker.execute(TestWorker.java:63)
  at org.gradle.process.internal.worker.child.ActionExecutionWorker.execute(ActionExecutionWorker.java:56)
  at org.gradle.process.internal.worker.child.SystemApplicationClassLoaderWorker.call(SystemApplicationClassLoaderWorker.java:122)
  at org.gradle.process.internal.worker.child.SystemApplicationClassLoaderWorker.call(SystemApplicationClassLoaderWorker.java:72)
  at worker.org.gradle.process.internal.worker.GradleWorkerMain.run(GradleWorkerMain.java:69)
  at worker.org.gradle.process.internal.worker.GradleWorkerMain.main(GradleWorkerMain.java:74)
</stacktrace>
</test-failure>


TypeScriptCompilerTests_R[jvm] > reexportMissingDefault5_ts compiles to JavaScript matching reexportMissingDefault5_js[jvm] FAILED

<test-failure test="com.xemantic.typescript.compiler.TypeScriptCompilerTests_R.regExpWithOpenBracketInCharClass_ts__target_esnext__has expected errors matching baseline" platform="jvm">
<message>
Expected diagnostics from baseline typescript-repo/tests/baselines/reference/regExpWithOpenBracketInCharClass(target=esnext).errors.txt but none produced
</message>
<stacktrace>
  at com.xemantic.typescript.compiler.TypeScriptTestSupportKt.errorsMatchBaseline(TypeScriptTestSupport.kt:125)
  at com.xemantic.typescript.compiler.TypeScriptCompilerTests_R.regExpWithOpenBracketInCharClass_ts__target_esnext__has expected errors matching baseline(TypeScriptCompilerTests_R.kt:1491)
  at java.base/jdk.internal.reflect.DirectMethodHandleAccessor.invoke(DirectMethodHandleAccessor.java:104)
  at java.base/java.lang.reflect.Method.invoke(Method.java:565)
  at org.junit.runners.model.FrameworkMethod$1.runReflectiveCall(FrameworkMethod.java:59)
  at org.junit.internal.runners.model.ReflectiveCallable.run(ReflectiveCallable.java:12)
  at org.junit.runners.model.FrameworkMethod.invokeExplosively(FrameworkMethod.java:56)
  at org.junit.internal.runners.statements.InvokeMethod.evaluate(InvokeMethod.java:17)
  at org.junit.runners.ParentRunner$3.evaluate(ParentRunner.java:306)
  at org.junit.runners.BlockJUnit4ClassRunner$1.evaluate(BlockJUnit4ClassRunner.java:100)
  at org.junit.runners.ParentRunner.runLeaf(ParentRunner.java:366)
  at org.junit.runners.BlockJUnit4ClassRunner.runChild(BlockJUnit4ClassRunner.java:103)
  at org.junit.runners.BlockJUnit4ClassRunner.runChild(BlockJUnit4ClassRunner.java:63)
  at org.junit.runners.ParentRunner$4.run(ParentRunner.java:331)
  at org.junit.runners.ParentRunner$1.schedule(ParentRunner.java:79)
  at org.junit.runners.ParentRunner.runChildren(ParentRunner.java:329)
  at org.junit.runners.ParentRunner.access$100(ParentRunner.java:66)
  at org.junit.runners.ParentRunner$2.evaluate(ParentRunner.java:293)
  at org.junit.runners.ParentRunner$3.evaluate(ParentRunner.java:306)
  at org.junit.runners.ParentRunner.run(ParentRunner.java:413)
  at org.junit.runner.JUnitCore.run(JUnitCore.java:137)
  at org.junit.runner.JUnitCore.run(JUnitCore.java:115)
  at org.gradle.api.internal.tasks.testing.junit.JUnitTestExecutor.runRequest(JUnitTestExecutor.java:175)
  at org.gradle.api.internal.tasks.testing.junit.JUnitTestExecutor.accept(JUnitTestExecutor.java:84)
  at org.gradle.api.internal.tasks.testing.junit.JUnitTestExecutor.accept(JUnitTestExecutor.java:47)
  at org.gradle.api.internal.tasks.testing.junit.AbstractJUnitTestDefinitionProcessor.processTestDefinition(AbstractJUnitTestDefinitionProcessor.java:65)
  at org.gradle.api.internal.tasks.testing.SuiteTestDefinitionProcessor.processTestDefinition(SuiteTestDefinitionProcessor.java:54)
  at java.base/jdk.internal.reflect.DirectMethodHandleAccessor.invoke(DirectMethodHandleAccessor.java:104)
  at java.base/java.lang.reflect.Method.invoke(Method.java:565)
  at org.gradle.internal.dispatch.MethodInvocation.invokeOn(MethodInvocation.java:77)
  at org.gradle.internal.dispatch.ReflectionDispatch.dispatch(ReflectionDispatch.java:28)
  at org.gradle.internal.dispatch.ReflectionDispatch.dispatch(ReflectionDispatch.java:19)
  at org.gradle.internal.dispatch.ContextClassLoaderDispatch.dispatch(ContextClassLoaderDispatch.java:33)
  at org.gradle.internal.dispatch.ProxyDispatchAdapter$DispatchingInvocationHandler.invoke(ProxyDispatchAdapter.java:88)
  at jdk.proxy1/jdk.proxy1.$Proxy4.processTestDefinition(Unknown Source)
  at org.gradle.api.internal.tasks.testing.worker.TestWorker$2.run(TestWorker.java:178)
  at org.gradle.api.internal.tasks.testing.worker.TestWorker.executeAndMaintainThreadName(TestWorker.java:126)
  at org.gradle.api.internal.tasks.testing.worker.TestWorker.execute(TestWorker.java:103)
  at org.gradle.api.internal.tasks.testing.worker.TestWorker.execute(TestWorker.java:63)
  at org.gradle.process.internal.worker.child.ActionExecutionWorker.execute(ActionExecutionWorker.java:56)
  at org.gradle.process.internal.worker.child.SystemApplicationClassLoaderWorker.call(SystemApplicationClassLoaderWorker.java:122)
  at org.gradle.process.internal.worker.child.SystemApplicationClassLoaderWorker.call(SystemApplicationClassLoaderWorker.java:72)
  at worker.org.gradle.process.internal.worker.GradleWorkerMain.run(GradleWorkerMain.java:69)
  at worker.org.gradle.process.internal.worker.GradleWorkerMain.main(GradleWorkerMain.java:74)
</stacktrace>
</test-failure>


TypeScriptCompilerTests_R[jvm] > regExpWithOpenBracketInCharClass_ts__target_esnext__has expected errors matching baseline[jvm] FAILED

<test-failure test="com.xemantic.typescript.compiler.TypeScriptCompilerTests_R.requireOfJsonFileWithoutExtension_ts has expected errors matching requireOfJsonFileWithoutExtension_errors_txt" platform="jvm">
<message>
Expected diagnostics from baseline typescript-repo/tests/baselines/reference/requireOfJsonFileWithoutExtension.errors.txt but none produced
</message>
<stacktrace>
  at com.xemantic.typescript.compiler.TypeScriptTestSupportKt.errorsMatchBaseline(TypeScriptTestSupport.kt:125)
  at com.xemantic.typescript.compiler.TypeScriptCompilerTests_R.requireOfJsonFileWithoutExtension_ts has expected errors matching requireOfJsonFileWithoutExtension_errors_txt(TypeScriptCompilerTests_R.kt:2100)
  at java.base/jdk.internal.reflect.DirectMethodHandleAccessor.invoke(DirectMethodHandleAccessor.java:104)
  at java.base/java.lang.reflect.Method.invoke(Method.java:565)
  at org.junit.runners.model.FrameworkMethod$1.runReflectiveCall(FrameworkMethod.java:59)
  at org.junit.internal.runners.model.ReflectiveCallable.run(ReflectiveCallable.java:12)
  at org.junit.runners.model.FrameworkMethod.invokeExplosively(FrameworkMethod.java:56)
  at org.junit.internal.runners.statements.InvokeMethod.evaluate(InvokeMethod.java:17)
  at org.junit.runners.ParentRunner$3.evaluate(ParentRunner.java:306)
  at org.junit.runners.BlockJUnit4ClassRunner$1.evaluate(BlockJUnit4ClassRunner.java:100)
  at org.junit.runners.ParentRunner.runLeaf(ParentRunner.java:366)
  at org.junit.runners.BlockJUnit4ClassRunner.runChild(BlockJUnit4ClassRunner.java:103)
  at org.junit.runners.BlockJUnit4ClassRunner.runChild(BlockJUnit4ClassRunner.java:63)
  at org.junit.runners.ParentRunner$4.run(ParentRunner.java:331)
  at org.junit.runners.ParentRunner$1.schedule(ParentRunner.java:79)
  at org.junit.runners.ParentRunner.runChildren(ParentRunner.java:329)
  at org.junit.runners.ParentRunner.access$100(ParentRunner.java:66)
  at org.junit.runners.ParentRunner$2.evaluate(ParentRunner.java:293)
  at org.junit.runners.ParentRunner$3.evaluate(ParentRunner.java:306)
  at org.junit.runners.ParentRunner.run(ParentRunner.java:413)
  at org.junit.runner.JUnitCore.run(JUnitCore.java:137)
  at org.junit.runner.JUnitCore.run(JUnitCore.java:115)
  at org.gradle.api.internal.tasks.testing.junit.JUnitTestExecutor.runRequest(JUnitTestExecutor.java:175)
  at org.gradle.api.internal.tasks.testing.junit.JUnitTestExecutor.accept(JUnitTestExecutor.java:84)
  at org.gradle.api.internal.tasks.testing.junit.JUnitTestExecutor.accept(JUnitTestExecutor.java:47)
  at org.gradle.api.internal.tasks.testing.junit.AbstractJUnitTestDefinitionProcessor.processTestDefinition(AbstractJUnitTestDefinitionProcessor.java:65)
  at org.gradle.api.internal.tasks.testing.SuiteTestDefinitionProcessor.processTestDefinition(SuiteTestDefinitionProcessor.java:54)
  at java.base/jdk.internal.reflect.DirectMethodHandleAccessor.invoke(DirectMethodHandleAccessor.java:104)
  at java.base/java.lang.reflect.Method.invoke(Method.java:565)
  at org.gradle.internal.dispatch.MethodInvocation.invokeOn(MethodInvocation.java:77)
  at org.gradle.internal.dispatch.ReflectionDispatch.dispatch(ReflectionDispatch.java:28)
  at org.gradle.internal.dispatch.ReflectionDispatch.dispatch(ReflectionDispatch.java:19)
  at org.gradle.internal.dispatch.ContextClassLoaderDispatch.dispatch(ContextClassLoaderDispatch.java:33)
  at org.gradle.internal.dispatch.ProxyDispatchAdapter$DispatchingInvocationHandler.invoke(ProxyDispatchAdapter.java:88)
  at jdk.proxy1/jdk.proxy1.$Proxy4.processTestDefinition(Unknown Source)
  at org.gradle.api.internal.tasks.testing.worker.TestWorker$2.run(TestWorker.java:178)
  at org.gradle.api.internal.tasks.testing.worker.TestWorker.executeAndMaintainThreadName(TestWorker.java:126)
  at org.gradle.api.internal.tasks.testing.worker.TestWorker.execute(TestWorker.java:103)
  at org.gradle.api.internal.tasks.testing.worker.TestWorker.execute(TestWorker.java:63)
  at org.gradle.process.internal.worker.child.ActionExecutionWorker.execute(ActionExecutionWorker.java:56)
  at org.gradle.process.internal.worker.child.SystemApplicationClassLoaderWorker.call(SystemApplicationClassLoaderWorker.java:122)
  at org.gradle.process.internal.worker.child.SystemApplicationClassLoaderWorker.call(SystemApplicationClassLoaderWorker.java:72)
  at worker.org.gradle.process.internal.worker.GradleWorkerMain.run(GradleWorkerMain.java:69)
  at worker.org.gradle.process.internal.worker.GradleWorkerMain.main(GradleWorkerMain.java:74)
</stacktrace>
</test-failure>


TypeScriptCompilerTests_R[jvm] > requireOfJsonFileWithoutExtension_ts has expected errors matching requireOfJsonFileWithoutExtension_errors_txt[jvm] FAILED

<test-failure test="com.xemantic.typescript.compiler.TypeScriptCompilerTests_R.reexportMissingDefault1_ts has expected errors matching reexportMissingDefault1_errors_txt" platform="jvm">
<message>
Expected diagnostics from baseline typescript-repo/tests/baselines/reference/reexportMissingDefault1.errors.txt but none produced
</message>
<stacktrace>
  at com.xemantic.typescript.compiler.TypeScriptTestSupportKt.errorsMatchBaseline(TypeScriptTestSupport.kt:125)
  at com.xemantic.typescript.compiler.TypeScriptCompilerTests_R.reexportMissingDefault1_ts has expected errors matching reexportMissingDefault1_errors_txt(TypeScriptCompilerTests_R.kt:1323)
  at java.base/jdk.internal.reflect.DirectMethodHandleAccessor.invoke(DirectMethodHandleAccessor.java:104)
  at java.base/java.lang.reflect.Method.invoke(Method.java:565)
  at org.junit.runners.model.FrameworkMethod$1.runReflectiveCall(FrameworkMethod.java:59)
  at org.junit.internal.runners.model.ReflectiveCallable.run(ReflectiveCallable.java:12)
  at org.junit.runners.model.FrameworkMethod.invokeExplosively(FrameworkMethod.java:56)
  at org.junit.internal.runners.statements.InvokeMethod.evaluate(InvokeMethod.java:17)
  at org.junit.runners.ParentRunner$3.evaluate(ParentRunner.java:306)
  at org.junit.runners.BlockJUnit4ClassRunner$1.evaluate(BlockJUnit4ClassRunner.java:100)
  at org.junit.runners.ParentRunner.runLeaf(ParentRunner.java:366)
  at org.junit.runners.BlockJUnit4ClassRunner.runChild(BlockJUnit4ClassRunner.java:103)
  at org.junit.runners.BlockJUnit4ClassRunner.runChild(BlockJUnit4ClassRunner.java:63)
  at org.junit.runners.ParentRunner$4.run(ParentRunner.java:331)
  at org.junit.runners.ParentRunner$1.schedule(ParentRunner.java:79)
  at org.junit.runners.ParentRunner.runChildren(ParentRunner.java:329)
  at org.junit.runners.ParentRunner.access$100(ParentRunner.java:66)
  at org.junit.runners.ParentRunner$2.evaluate(ParentRunner.java:293)
  at org.junit.runners.ParentRunner$3.evaluate(ParentRunner.java:306)
  at org.junit.runners.ParentRunner.run(ParentRunner.java:413)
  at org.junit.runner.JUnitCore.run(JUnitCore.java:137)
  at org.junit.runner.JUnitCore.run(JUnitCore.java:115)
  at org.gradle.api.internal.tasks.testing.junit.JUnitTestExecutor.runRequest(JUnitTestExecutor.java:175)
  at org.gradle.api.internal.tasks.testing.junit.JUnitTestExecutor.accept(JUnitTestExecutor.java:84)
  at org.gradle.api.internal.tasks.testing.junit.JUnitTestExecutor.accept(JUnitTestExecutor.java:47)
  at org.gradle.api.internal.tasks.testing.junit.AbstractJUnitTestDefinitionProcessor.processTestDefinition(AbstractJUnitTestDefinitionProcessor.java:65)
  at org.gradle.api.internal.tasks.testing.SuiteTestDefinitionProcessor.processTestDefinition(SuiteTestDefinitionProcessor.java:54)
  at java.base/jdk.internal.reflect.DirectMethodHandleAccessor.invoke(DirectMethodHandleAccessor.java:104)
  at java.base/java.lang.reflect.Method.invoke(Method.java:565)
  at org.gradle.internal.dispatch.MethodInvocation.invokeOn(MethodInvocation.java:77)
  at org.gradle.internal.dispatch.ReflectionDispatch.dispatch(ReflectionDispatch.java:28)
  at org.gradle.internal.dispatch.ReflectionDispatch.dispatch(ReflectionDispatch.java:19)
  at org.gradle.internal.dispatch.ContextClassLoaderDispatch.dispatch(ContextClassLoaderDispatch.java:33)
  at org.gradle.internal.dispatch.ProxyDispatchAdapter$DispatchingInvocationHandler.invoke(ProxyDispatchAdapter.java:88)
  at jdk.proxy1/jdk.proxy1.$Proxy4.processTestDefinition(Unknown Source)
  at org.gradle.api.internal.tasks.testing.worker.TestWorker$2.run(TestWorker.java:178)
  at org.gradle.api.internal.tasks.testing.worker.TestWorker.executeAndMaintainThreadName(TestWorker.java:126)
  at org.gradle.api.internal.tasks.testing.worker.TestWorker.execute(TestWorker.java:103)
  at org.gradle.api.internal.tasks.testing.worker.TestWorker.execute(TestWorker.java:63)
  at org.gradle.process.internal.worker.child.ActionExecutionWorker.execute(ActionExecutionWorker.java:56)
  at org.gradle.process.internal.worker.child.SystemApplicationClassLoaderWorker.call(SystemApplicationClassLoaderWorker.java:122)
  at org.gradle.process.internal.worker.child.SystemApplicationClassLoaderWorker.call(SystemApplicationClassLoaderWorker.java:72)
  at worker.org.gradle.process.internal.worker.GradleWorkerMain.run(GradleWorkerMain.java:69)
  at worker.org.gradle.process.internal.worker.GradleWorkerMain.main(GradleWorkerMain.java:74)
</stacktrace>
</test-failure>


TypeScriptCompilerTests_R[jvm] > reexportMissingDefault1_ts has expected errors matching reexportMissingDefault1_errors_txt[jvm] FAILED

<test-failure test="com.xemantic.typescript.compiler.TypeScriptCompilerTests_R.recursiveComplicatedClasses_ts has expected errors matching recursiveComplicatedClasses_errors_txt" platform="jvm">
<message>
--- expected
+++ actual
@@ -1,17 +1,10 @@
-recursiveComplicatedClasses.ts(2,12): error TS2322: Type 'null' is not assignable to type 'ParameterSymbol[]'.
-recursiveComplicatedClasses.ts(9,7): error TS2300: Duplicate identifier 'Symbol'.
 recursiveComplicatedClasses.ts(10,12): error TS2564: Property 'bound' has no initializer and is not definitely assigned in the constructor.
-recursiveComplicatedClasses.ts(13,27): error TS2345: Argument of type 'TypeSymbol' is not assignable to parameter of type 'Symbol'.
-  Type 'InferenceSymbol' is missing the following properties from type 'Symbol': [Symbol.toPrimitive], [Symbol.toStringTag]
 recursiveComplicatedClasses.ts(13,27): error TS2454: Variable 'b' is used before being assigned.
-recursiveComplicatedClasses.ts(17,31): error TS2507: Type 'SymbolConstructor' is not a constructor function type.
 
 
-==== recursiveComplicatedClasses.ts (6 errors) ====
+==== recursiveComplicatedClasses.ts (2 errors) ====
     class Signature {
         public parameters: ParameterSymbol[] = null;
-               ~~~~~~~~~~
-!!! error TS2322: Type 'null' is not assignable to type 'ParameterSymbol[]'.
     }
     
     function aEnclosesB(a: Symbol) {
@@ -19,11 +12,6 @@
     }
     
     class Symbol {
-          ~~~~~~
-!!! error TS2300: Duplicate identifier 'Symbol'.
-!!! related TS6203 lib.es5.d.ts:--:--: 'Symbol' was also declared here.
-!!! related TS6204 lib.es2015.symbol.d.ts:--:--: and here.
-!!! related TS6204 lib.es2015.symbol.wellknown.d.ts:--:--: and here.
         public bound: boolean;
                ~~~~~
 !!! error TS2564: Property 'bound' has no initializer and is not definitely assigned in the constructor.
@@ -31,16 +19,11 @@
             var b: TypeSymbol;
             return aEnclosesB(b);
                               ~
-!!! error TS2345: Argument of type 'TypeSymbol' is not assignable to parameter of type 'Symbol'.
-!!! error TS2345:   Type 'InferenceSymbol' is missing the following properties from type 'Symbol': [Symbol.toPrimitive], [Symbol.toStringTag]
-                              ~
 !!! error TS2454: Variable 'b' is used before being assigned.
         }
     
     }
     class InferenceSymbol extends Symbol {
-                                  ~~~~~~
-!!! error TS2507: Type 'SymbolConstructor' is not a constructor function type.
     }
     
     class ParameterSymbol extends InferenceSymbol {

</message>
<stacktrace>
  at org.junit.Assert.fail(Assert.java:89)
  at kotlin.test.junit.JUnitAsserter.fail(JUnitSupport.kt:56)
  at kotlin.test.AssertionsKt__AssertionsKt.fail(Assertions.kt:563)
  at kotlin.test.AssertionsKt.fail(Unknown Source)
  at com.xemantic.kotlin.test.SameAsKt.sameAs(SameAs.kt:52)
  at com.xemantic.typescript.compiler.TypeScriptTestSupportKt.errorsMatchBaseline(TypeScriptTestSupport.kt:135)
  at com.xemantic.typescript.compiler.TypeScriptCompilerTests_R.recursiveComplicatedClasses_ts has expected errors matching recursiveComplicatedClasses_errors_txt(TypeScriptCompilerTests_R.kt:651)
  at java.base/jdk.internal.reflect.DirectMethodHandleAccessor.invoke(DirectMethodHandleAccessor.java:104)
  at java.base/java.lang.reflect.Method.invoke(Method.java:565)
  at org.junit.runners.model.FrameworkMethod$1.runReflectiveCall(FrameworkMethod.java:59)
  at org.junit.internal.runners.model.ReflectiveCallable.run(ReflectiveCallable.java:12)
  at org.junit.runners.model.FrameworkMethod.invokeExplosively(FrameworkMethod.java:56)
  at org.junit.internal.runners.statements.InvokeMethod.evaluate(InvokeMethod.java:17)
  at org.junit.runners.ParentRunner$3.evaluate(ParentRunner.java:306)
  at org.junit.runners.BlockJUnit4ClassRunner$1.evaluate(BlockJUnit4ClassRunner.java:100)
  at org.junit.runners.ParentRunner.runLeaf(ParentRunner.java:366)
  at org.junit.runners.BlockJUnit4ClassRunner.runChild(BlockJUnit4ClassRunner.java:103)
  at org.junit.runners.BlockJUnit4ClassRunner.runChild(BlockJUnit4ClassRunner.java:63)
  at org.junit.runners.ParentRunner$4.run(ParentRunner.java:331)
  at org.junit.runners.ParentRunner$1.schedule(ParentRunner.java:79)
  at org.junit.runners.ParentRunner.runChildren(ParentRunner.java:329)
  at org.junit.runners.ParentRunner.access$100(ParentRunner.java:66)
  at org.junit.runners.ParentRunner$2.evaluate(ParentRunner.java:293)
  at org.junit.runners.ParentRunner$3.evaluate(ParentRunner.java:306)
  at org.junit.runners.ParentRunner.run(ParentRunner.java:413)
  at org.junit.runner.JUnitCore.run(JUnitCore.java:137)
  at org.junit.runner.JUnitCore.run(JUnitCore.java:115)
  at org.gradle.api.internal.tasks.testing.junit.JUnitTestExecutor.runRequest(JUnitTestExecutor.java:175)
  at org.gradle.api.internal.tasks.testing.junit.JUnitTestExecutor.accept(JUnitTestExecutor.java:84)
  at org.gradle.api.internal.tasks.testing.junit.JUnitTestExecutor.accept(JUnitTestExecutor.java:47)
  at org.gradle.api.internal.tasks.testing.junit.AbstractJUnitTestDefinitionProcessor.processTestDefinition(AbstractJUnitTestDefinitionProcessor.java:65)
  at org.gradle.api.internal.tasks.testing.SuiteTestDefinitionProcessor.processTestDefinition(SuiteTestDefinitionProcessor.java:54)
  at java.base/jdk.internal.reflect.DirectMethodHandleAccessor.invoke(DirectMethodHandleAccessor.java:104)
  at java.base/java.lang.reflect.Method.invoke(Method.java:565)
  at org.gradle.internal.dispatch.MethodInvocation.invokeOn(MethodInvocation.java:77)
  at org.gradle.internal.dispatch.ReflectionDispatch.dispatch(ReflectionDispatch.java:28)
  at org.gradle.internal.dispatch.ReflectionDispatch.dispatch(ReflectionDispatch.java:19)
  at org.gradle.internal.dispatch.ContextClassLoaderDispatch.dispatch(ContextClassLoaderDispatch.java:33)
  at org.gradle.internal.dispatch.ProxyDispatchAdapter$DispatchingInvocationHandler.invoke(ProxyDispatchAdapter.java:88)
  at jdk.proxy1/jdk.proxy1.$Proxy4.processTestDefinition(Unknown Source)
  at org.gradle.api.internal.tasks.testing.worker.TestWorker$2.run(TestWorker.java:178)
  at org.gradle.api.internal.tasks.testing.worker.TestWorker.executeAndMaintainThreadName(TestWorker.java:126)
  at org.gradle.api.internal.tasks.testing.worker.TestWorker.execute(TestWorker.java:103)
  at org.gradle.api.internal.tasks.testing.worker.TestWorker.execute(TestWorker.java:63)
  at org.gradle.process.internal.worker.child.ActionExecutionWorker.execute(ActionExecutionWorker.java:56)
  at org.gradle.process.internal.worker.child.SystemApplicationClassLoaderWorker.call(SystemApplicationClassLoaderWorker.java:122)
  at org.gradle.process.internal.worker.child.SystemApplicationClassLoaderWorker.call(SystemApplicationClassLoaderWorker.java:72)
  at worker.org.gradle.process.internal.worker.GradleWorkerMain.run(GradleWorkerMain.java:69)
  at worker.org.gradle.process.internal.worker.GradleWorkerMain.main(GradleWorkerMain.java:74)
</stacktrace>
</test-failure>


TypeScriptCompilerTests_R[jvm] > recursiveComplicatedClasses_ts has expected errors matching recursiveComplicatedClasses_errors_txt[jvm] FAILED

<test-failure test="com.xemantic.typescript.compiler.TypeScriptCompilerTests_R.requireOfJsonFileWithComputedPropertyName_ts has expected errors matching requireOfJsonFileWithComputedPropertyName_errors_txt" platform="jvm">
<message>
Expected diagnostics from baseline typescript-repo/tests/baselines/reference/requireOfJsonFileWithComputedPropertyName.errors.txt but none produced
</message>
<stacktrace>
  at com.xemantic.typescript.compiler.TypeScriptTestSupportKt.errorsMatchBaseline(TypeScriptTestSupport.kt:125)
  at com.xemantic.typescript.compiler.TypeScriptCompilerTests_R.requireOfJsonFileWithComputedPropertyName_ts has expected errors matching requireOfJsonFileWithComputedPropertyName_errors_txt(TypeScriptCompilerTests_R.kt:1876)
  at java.base/jdk.internal.reflect.DirectMethodHandleAccessor.invoke(DirectMethodHandleAccessor.java:104)
  at java.base/java.lang.reflect.Method.invoke(Method.java:565)
  at org.junit.runners.model.FrameworkMethod$1.runReflectiveCall(FrameworkMethod.java:59)
  at org.junit.internal.runners.model.ReflectiveCallable.run(ReflectiveCallable.java:12)
  at org.junit.runners.model.FrameworkMethod.invokeExplosively(FrameworkMethod.java:56)
  at org.junit.internal.runners.statements.InvokeMethod.evaluate(InvokeMethod.java:17)
  at org.junit.runners.ParentRunner$3.evaluate(ParentRunner.java:306)
  at org.junit.runners.BlockJUnit4ClassRunner$1.evaluate(BlockJUnit4ClassRunner.java:100)
  at org.junit.runners.ParentRunner.runLeaf(ParentRunner.java:366)
  at org.junit.runners.BlockJUnit4ClassRunner.runChild(BlockJUnit4ClassRunner.java:103)
  at org.junit.runners.BlockJUnit4ClassRunner.runChild(BlockJUnit4ClassRunner.java:63)
  at org.junit.runners.ParentRunner$4.run(ParentRunner.java:331)
  at org.junit.runners.ParentRunner$1.schedule(ParentRunner.java:79)
  at org.junit.runners.ParentRunner.runChildren(ParentRunner.java:329)
  at org.junit.runners.ParentRunner.access$100(ParentRunner.java:66)
  at org.junit.runners.ParentRunner$2.evaluate(ParentRunner.java:293)
  at org.junit.runners.ParentRunner$3.evaluate(ParentRunner.java:306)
  at org.junit.runners.ParentRunner.run(ParentRunner.java:413)
  at org.junit.runner.JUnitCore.run(JUnitCore.java:137)
  at org.junit.runner.JUnitCore.run(JUnitCore.java:115)
  at org.gradle.api.internal.tasks.testing.junit.JUnitTestExecutor.runRequest(JUnitTestExecutor.java:175)
  at org.gradle.api.internal.tasks.testing.junit.JUnitTestExecutor.accept(JUnitTestExecutor.java:84)
  at org.gradle.api.internal.tasks.testing.junit.JUnitTestExecutor.accept(JUnitTestExecutor.java:47)
  at org.gradle.api.internal.tasks.testing.junit.AbstractJUnitTestDefinitionProcessor.processTestDefinition(AbstractJUnitTestDefinitionProcessor.java:65)
  at org.gradle.api.internal.tasks.testing.SuiteTestDefinitionProcessor.processTestDefinition(SuiteTestDefinitionProcessor.java:54)
  at java.base/jdk.internal.reflect.DirectMethodHandleAccessor.invoke(DirectMethodHandleAccessor.java:104)
  at java.base/java.lang.reflect.Method.invoke(Method.java:565)
  at org.gradle.internal.dispatch.MethodInvocation.invokeOn(MethodInvocation.java:77)
  at org.gradle.internal.dispatch.ReflectionDispatch.dispatch(ReflectionDispatch.java:28)
  at org.gradle.internal.dispatch.ReflectionDispatch.dispatch(ReflectionDispatch.java:19)
  at org.gradle.internal.dispatch.ContextClassLoaderDispatch.dispatch(ContextClassLoaderDispatch.java:33)
  at org.gradle.internal.dispatch.ProxyDispatchAdapter$DispatchingInvocationHandler.invoke(ProxyDispatchAdapter.java:88)
  at jdk.proxy1/jdk.proxy1.$Proxy4.processTestDefinition(Unknown Source)
  at org.gradle.api.internal.tasks.testing.worker.TestWorker$2.run(TestWorker.java:178)
  at org.gradle.api.internal.tasks.testing.worker.TestWorker.executeAndMaintainThreadName(TestWorker.java:126)
  at org.gradle.api.internal.tasks.testing.worker.TestWorker.execute(TestWorker.java:103)
  at org.gradle.api.internal.tasks.testing.worker.TestWorker.execute(TestWorker.java:63)
  at org.gradle.process.internal.worker.child.ActionExecutionWorker.execute(ActionExecutionWorker.java:56)
  at org.gradle.process.internal.worker.child.SystemApplicationClassLoaderWorker.call(SystemApplicationClassLoaderWorker.java:122)
  at org.gradle.process.internal.worker.child.SystemApplicationClassLoaderWorker.call(SystemApplicationClassLoaderWorker.java:72)
  at worker.org.gradle.process.internal.worker.GradleWorkerMain.run(GradleWorkerMain.java:69)
  at worker.org.gradle.process.internal.worker.GradleWorkerMain.main(GradleWorkerMain.java:74)
</stacktrace>
</test-failure>


TypeScriptCompilerTests_R[jvm] > requireOfJsonFileWithComputedPropertyName_ts has expected errors matching requireOfJsonFileWithComputedPropertyName_errors_txt[jvm] FAILED

<test-failure test="com.xemantic.typescript.compiler.TypeScriptCompilerTests_R.readonlyAssignmentInSubclassOfClassExpression_ts has expected errors matching readonlyAssignmentInSubclassOfClassExpression_errors_txt" platform="jvm">
<message>
Expected diagnostics from baseline typescript-repo/tests/baselines/reference/readonlyAssignmentInSubclassOfClassExpression.errors.txt but none produced
</message>
<stacktrace>
  at com.xemantic.typescript.compiler.TypeScriptTestSupportKt.errorsMatchBaseline(TypeScriptTestSupport.kt:125)
  at com.xemantic.typescript.compiler.TypeScriptCompilerTests_R.readonlyAssignmentInSubclassOfClassExpression_ts has expected errors matching readonlyAssignmentInSubclassOfClassExpression_errors_txt(TypeScriptCompilerTests_R.kt:329)
  at java.base/jdk.internal.reflect.DirectMethodHandleAccessor.invoke(DirectMethodHandleAccessor.java:104)
  at java.base/java.lang.reflect.Method.invoke(Method.java:565)
  at org.junit.runners.model.FrameworkMethod$1.runReflectiveCall(FrameworkMethod.java:59)
  at org.junit.internal.runners.model.ReflectiveCallable.run(ReflectiveCallable.java:12)
  at org.junit.runners.model.FrameworkMethod.invokeExplosively(FrameworkMethod.java:56)
  at org.junit.internal.runners.statements.InvokeMethod.evaluate(InvokeMethod.java:17)
  at org.junit.runners.ParentRunner$3.evaluate(ParentRunner.java:306)
  at org.junit.runners.BlockJUnit4ClassRunner$1.evaluate(BlockJUnit4ClassRunner.java:100)
  at org.junit.runners.ParentRunner.runLeaf(ParentRunner.java:366)
  at org.junit.runners.BlockJUnit4ClassRunner.runChild(BlockJUnit4ClassRunner.java:103)
  at org.junit.runners.BlockJUnit4ClassRunner.runChild(BlockJUnit4ClassRunner.java:63)
  at org.junit.runners.ParentRunner$4.run(ParentRunner.java:331)
  at org.junit.runners.ParentRunner$1.schedule(ParentRunner.java:79)
  at org.junit.runners.ParentRunner.runChildren(ParentRunner.java:329)
  at org.junit.runners.ParentRunner.access$100(ParentRunner.java:66)
  at org.junit.runners.ParentRunner$2.evaluate(ParentRunner.java:293)
  at org.junit.runners.ParentRunner$3.evaluate(ParentRunner.java:306)
  at org.junit.runners.ParentRunner.run(ParentRunner.java:413)
  at org.junit.runner.JUnitCore.run(JUnitCore.java:137)
  at org.junit.runner.JUnitCore.run(JUnitCore.java:115)
  at org.gradle.api.internal.tasks.testing.junit.JUnitTestExecutor.runRequest(JUnitTestExecutor.java:175)
  at org.gradle.api.internal.tasks.testing.junit.JUnitTestExecutor.accept(JUnitTestExecutor.java:84)
  at org.gradle.api.internal.tasks.testing.junit.JUnitTestExecutor.accept(JUnitTestExecutor.java:47)
  at org.gradle.api.internal.tasks.testing.junit.AbstractJUnitTestDefinitionProcessor.processTestDefinition(AbstractJUnitTestDefinitionProcessor.java:65)
  at org.gradle.api.internal.tasks.testing.SuiteTestDefinitionProcessor.processTestDefinition(SuiteTestDefinitionProcessor.java:54)
  at java.base/jdk.internal.reflect.DirectMethodHandleAccessor.invoke(DirectMethodHandleAccessor.java:104)
  at java.base/java.lang.reflect.Method.invoke(Method.java:565)
  at org.gradle.internal.dispatch.MethodInvocation.invokeOn(MethodInvocation.java:77)
  at org.gradle.internal.dispatch.ReflectionDispatch.dispatch(ReflectionDispatch.java:28)
  at org.gradle.internal.dispatch.ReflectionDispatch.dispatch(ReflectionDispatch.java:19)
  at org.gradle.internal.dispatch.ContextClassLoaderDispatch.dispatch(ContextClassLoaderDispatch.java:33)
  at org.gradle.internal.dispatch.ProxyDispatchAdapter$DispatchingInvocationHandler.invoke(ProxyDispatchAdapter.java:88)
  at jdk.proxy1/jdk.proxy1.$Proxy4.processTestDefinition(Unknown Source)
  at org.gradle.api.internal.tasks.testing.worker.TestWorker$2.run(TestWorker.java:178)
  at org.gradle.api.internal.tasks.testing.worker.TestWorker.executeAndMaintainThreadName(TestWorker.java:126)
  at org.gradle.api.internal.tasks.testing.worker.TestWorker.execute(TestWorker.java:103)
  at org.gradle.api.internal.tasks.testing.worker.TestWorker.execute(TestWorker.java:63)
  at org.gradle.process.internal.worker.child.ActionExecutionWorker.execute(ActionExecutionWorker.java:56)
  at org.gradle.process.internal.worker.child.SystemApplicationClassLoaderWorker.call(SystemApplicationClassLoaderWorker.java:122)
  at org.gradle.process.internal.worker.child.SystemApplicationClassLoaderWorker.call(SystemApplicationClassLoaderWorker.java:72)
  at worker.org.gradle.process.internal.worker.GradleWorkerMain.run(GradleWorkerMain.java:69)
  at worker.org.gradle.process.internal.worker.GradleWorkerMain.main(GradleWorkerMain.java:74)
</stacktrace>
</test-failure>


TypeScriptCompilerTests_R[jvm] > readonlyAssignmentInSubclassOfClassExpression_ts has expected errors matching readonlyAssignmentInSubclassOfClassExpression_errors_txt[jvm] FAILED

<test-failure test="com.xemantic.typescript.compiler.TypeScriptCompilerTests_R.reachabilityChecks6_ts has expected errors matching reachabilityChecks6_errors_txt" platform="jvm">
<message>
--- expected
+++ actual
@@ -6,11 +6,9 @@
 reachabilityChecks6.ts(85,13): error TS7027: Unreachable code detected.
 reachabilityChecks6.ts(93,10): error TS7030: Not all code paths return a value.
 reachabilityChecks6.ts(96,13): error TS7027: Unreachable code detected.
-reachabilityChecks6.ts(115,10): error TS7030: Not all code paths return a value.
-reachabilityChecks6.ts(122,13): error TS7027: Unreachable code detected.
 
 
-==== reachabilityChecks6.ts (10 errors) ====
+==== reachabilityChecks6.ts (8 errors) ====
     function f0(x) {
         while (true);
     }
@@ -142,8 +140,6 @@
     }
     
     function f11(x) {
-             ~~~
-!!! error TS7030: Not all code paths return a value.
         test:
         try {
             do {
@@ -151,8 +147,6 @@
                     break test;
                 } while (true);
                 x++;
-                ~~~~
-!!! error TS7027: Unreachable code detected.
             } while (true);
         }
         catch (e) {

</message>
<stacktrace>
  at org.junit.Assert.fail(Assert.java:89)
  at kotlin.test.junit.JUnitAsserter.fail(JUnitSupport.kt:56)
  at kotlin.test.AssertionsKt__AssertionsKt.fail(Assertions.kt:563)
  at kotlin.test.AssertionsKt.fail(Unknown Source)
  at com.xemantic.kotlin.test.SameAsKt.sameAs(SameAs.kt:52)
  at com.xemantic.typescript.compiler.TypeScriptTestSupportKt.errorsMatchBaseline(TypeScriptTestSupport.kt:135)
  at com.xemantic.typescript.compiler.TypeScriptCompilerTests_R.reachabilityChecks6_ts has expected errors matching reachabilityChecks6_errors_txt(TypeScriptCompilerTests_R.kt:231)
  at java.base/jdk.internal.reflect.DirectMethodHandleAccessor.invoke(DirectMethodHandleAccessor.java:104)
  at java.base/java.lang.reflect.Method.invoke(Method.java:565)
  at org.junit.runners.model.FrameworkMethod$1.runReflectiveCall(FrameworkMethod.java:59)
  at org.junit.internal.runners.model.ReflectiveCallable.run(ReflectiveCallable.java:12)
  at org.junit.runners.model.FrameworkMethod.invokeExplosively(FrameworkMethod.java:56)
  at org.junit.internal.runners.statements.InvokeMethod.evaluate(InvokeMethod.java:17)
  at org.junit.runners.ParentRunner$3.evaluate(ParentRunner.java:306)
  at org.junit.runners.BlockJUnit4ClassRunner$1.evaluate(BlockJUnit4ClassRunner.java:100)
  at org.junit.runners.ParentRunner.runLeaf(ParentRunner.java:366)
  at org.junit.runners.BlockJUnit4ClassRunner.runChild(BlockJUnit4ClassRunner.java:103)
  at org.junit.runners.BlockJUnit4ClassRunner.runChild(BlockJUnit4ClassRunner.java:63)
  at org.junit.runners.ParentRunner$4.run(ParentRunner.java:331)
  at org.junit.runners.ParentRunner$1.schedule(ParentRunner.java:79)
  at org.junit.runners.ParentRunner.runChildren(ParentRunner.java:329)
  at org.junit.runners.ParentRunner.access$100(ParentRunner.java:66)
  at org.junit.runners.ParentRunner$2.evaluate(ParentRunner.java:293)
  at org.junit.runners.ParentRunner$3.evaluate(ParentRunner.java:306)
  at org.junit.runners.ParentRunner.run(ParentRunner.java:413)
  at org.junit.runner.JUnitCore.run(JUnitCore.java:137)
  at org.junit.runner.JUnitCore.run(JUnitCore.java:115)
  at org.gradle.api.internal.tasks.testing.junit.JUnitTestExecutor.runRequest(JUnitTestExecutor.java:175)
  at org.gradle.api.internal.tasks.testing.junit.JUnitTestExecutor.accept(JUnitTestExecutor.java:84)
  at org.gradle.api.internal.tasks.testing.junit.JUnitTestExecutor.accept(JUnitTestExecutor.java:47)
  at org.gradle.api.internal.tasks.testing.junit.AbstractJUnitTestDefinitionProcessor.processTestDefinition(AbstractJUnitTestDefinitionProcessor.java:65)
  at org.gradle.api.internal.tasks.testing.SuiteTestDefinitionProcessor.processTestDefinition(SuiteTestDefinitionProcessor.java:54)
  at java.base/jdk.internal.reflect.DirectMethodHandleAccessor.invoke(DirectMethodHandleAccessor.java:104)
  at java.base/java.lang.reflect.Method.invoke(Method.java:565)
  at org.gradle.internal.dispatch.MethodInvocation.invokeOn(MethodInvocation.java:77)
  at org.gradle.internal.dispatch.ReflectionDispatch.dispatch(ReflectionDispatch.java:28)
  at org.gradle.internal.dispatch.ReflectionDispatch.dispatch(ReflectionDispatch.java:19)
  at org.gradle.internal.dispatch.ContextClassLoaderDispatch.dispatch(ContextClassLoaderDispatch.java:33)
  at org.gradle.internal.dispatch.ProxyDispatchAdapter$DispatchingInvocationHandler.invoke(ProxyDispatchAdapter.java:88)
  at jdk.proxy1/jdk.proxy1.$Proxy4.processTestDefinition(Unknown Source)
  at org.gradle.api.internal.tasks.testing.worker.TestWorker$2.run(TestWorker.java:178)
  at org.gradle.api.internal.tasks.testing.worker.TestWorker.executeAndMaintainThreadName(TestWorker.java:126)
  at org.gradle.api.internal.tasks.testing.worker.TestWorker.execute(TestWorker.java:103)
  at org.gradle.api.internal.tasks.testing.worker.TestWorker.execute(TestWorker.java:63)
  at org.gradle.process.internal.worker.child.ActionExecutionWorker.execute(ActionExecutionWorker.java:56)
  at org.gradle.process.internal.worker.child.SystemApplicationClassLoaderWorker.call(SystemApplicationClassLoaderWorker.java:122)
  at org.gradle.process.internal.worker.child.SystemApplicationClassLoaderWorker.call(SystemApplicationClassLoaderWorker.java:72)
  at worker.org.gradle.process.internal.worker.GradleWorkerMain.run(GradleWorkerMain.java:69)
  at worker.org.gradle.process.internal.worker.GradleWorkerMain.main(GradleWorkerMain.java:74)
</stacktrace>
</test-failure>


TypeScriptCompilerTests_R[jvm] > reachabilityChecks6_ts has expected errors matching reachabilityChecks6_errors_txt[jvm] FAILED

<test-failure test="com.xemantic.typescript.compiler.TypeScriptCompilerTests_R.requireOfJsonFileWithoutResolveJsonModuleAndPathMapping_ts has expected errors matching requireOfJsonFileWithoutResolveJsonModuleAndPathMapping_errors_txt" platform="jvm">
<message>
--- expected
+++ actual
@@ -1,6 +1,5 @@
 /tsconfig.json(3,9): error TS5101: Option 'baseUrl' is deprecated and will stop functioning in TypeScript 7.0. Specify compilerOption '"ignoreDeprecations": "6.0"' to silence this error.
   Visit https://aka.ms/ts6 for migration information.
-/a.ts(1,20): error TS2732: Cannot find module 'foo/bar/foobar.json'. Consider using '--resolveJsonModule' to import module with '.json' extension.
 
 
 ==== /tsconfig.json (1 errors) ====
@@ -18,10 +17,8 @@
         }
     }
     
-==== /a.ts (1 errors) ====
-    import foobar from "foo/bar/foobar.json";
-                       ~~~~~~~~~~~~~~~~~~~~~
-!!! error TS2732: Cannot find module 'foo/bar/foobar.json'. Consider using '--resolveJsonModule' to import module with '.json' extension.
-    
 ==== /node_modules/foo/bar/foobar.json (0 errors) ====
     { "a": 10 }
+    
+==== /a.ts (0 errors) ====
+    import foobar from "foo/bar/foobar.json";

</message>
<stacktrace>
  at org.junit.Assert.fail(Assert.java:89)
  at kotlin.test.junit.JUnitAsserter.fail(JUnitSupport.kt:56)
  at kotlin.test.AssertionsKt__AssertionsKt.fail(Assertions.kt:563)
  at kotlin.test.AssertionsKt.fail(Unknown Source)
  at com.xemantic.kotlin.test.SameAsKt.sameAs(SameAs.kt:52)
  at com.xemantic.typescript.compiler.TypeScriptTestSupportKt.errorsMatchBaseline(TypeScriptTestSupport.kt:135)
  at com.xemantic.typescript.compiler.TypeScriptCompilerTests_R.requireOfJsonFileWithoutResolveJsonModuleAndPathMapping_ts has expected errors matching requireOfJsonFileWithoutResolveJsonModuleAndPathMapping_errors_txt(TypeScriptCompilerTests_R.kt:2142)
  at java.base/jdk.internal.reflect.DirectMethodHandleAccessor.invoke(DirectMethodHandleAccessor.java:104)
  at java.base/java.lang.reflect.Method.invoke(Method.java:565)
  at org.junit.runners.model.FrameworkMethod$1.runReflectiveCall(FrameworkMethod.java:59)
  at org.junit.internal.runners.model.ReflectiveCallable.run(ReflectiveCallable.java:12)
  at org.junit.runners.model.FrameworkMethod.invokeExplosively(FrameworkMethod.java:56)
  at org.junit.internal.runners.statements.InvokeMethod.evaluate(InvokeMethod.java:17)
  at org.junit.runners.ParentRunner$3.evaluate(ParentRunner.java:306)
  at org.junit.runners.BlockJUnit4ClassRunner$1.evaluate(BlockJUnit4ClassRunner.java:100)
  at org.junit.runners.ParentRunner.runLeaf(ParentRunner.java:366)
  at org.junit.runners.BlockJUnit4ClassRunner.runChild(BlockJUnit4ClassRunner.java:103)
  at org.junit.runners.BlockJUnit4ClassRunner.runChild(BlockJUnit4ClassRunner.java:63)
  at org.junit.runners.ParentRunner$4.run(ParentRunner.java:331)
  at org.junit.runners.ParentRunner$1.schedule(ParentRunner.java:79)
  at org.junit.runners.ParentRunner.runChildren(ParentRunner.java:329)
  at org.junit.runners.ParentRunner.access$100(ParentRunner.java:66)
  at org.junit.runners.ParentRunner$2.evaluate(ParentRunner.java:293)
  at org.junit.runners.ParentRunner$3.evaluate(ParentRunner.java:306)
  at org.junit.runners.ParentRunner.run(ParentRunner.java:413)
  at org.junit.runner.JUnitCore.run(JUnitCore.java:137)
  at org.junit.runner.JUnitCore.run(JUnitCore.java:115)
  at org.gradle.api.internal.tasks.testing.junit.JUnitTestExecutor.runRequest(JUnitTestExecutor.java:175)
  at org.gradle.api.internal.tasks.testing.junit.JUnitTestExecutor.accept(JUnitTestExecutor.java:84)
  at org.gradle.api.internal.tasks.testing.junit.JUnitTestExecutor.accept(JUnitTestExecutor.java:47)
  at org.gradle.api.internal.tasks.testing.junit.AbstractJUnitTestDefinitionProcessor.processTestDefinition(AbstractJUnitTestDefinitionProcessor.java:65)
  at org.gradle.api.internal.tasks.testing.SuiteTestDefinitionProcessor.processTestDefinition(SuiteTestDefinitionProcessor.java:54)
  at java.base/jdk.internal.reflect.DirectMethodHandleAccessor.invoke(DirectMethodHandleAccessor.java:104)
  at java.base/java.lang.reflect.Method.invoke(Method.java:565)
  at org.gradle.internal.dispatch.MethodInvocation.invokeOn(MethodInvocation.java:77)
  at org.gradle.internal.dispatch.ReflectionDispatch.dispatch(ReflectionDispatch.java:28)
  at org.gradle.internal.dispatch.ReflectionDispatch.dispatch(ReflectionDispatch.java:19)
  at org.gradle.internal.dispatch.ContextClassLoaderDispatch.dispatch(ContextClassLoaderDispatch.java:33)
  at org.gradle.internal.dispatch.ProxyDispatchAdapter$DispatchingInvocationHandler.invoke(ProxyDispatchAdapter.java:88)
  at jdk.proxy1/jdk.proxy1.$Proxy4.processTestDefinition(Unknown Source)
  at org.gradle.api.internal.tasks.testing.worker.TestWorker$2.run(TestWorker.java:178)
  at org.gradle.api.internal.tasks.testing.worker.TestWorker.executeAndMaintainThreadName(TestWorker.java:126)
  at org.gradle.api.internal.tasks.testing.worker.TestWorker.execute(TestWorker.java:103)
  at org.gradle.api.internal.tasks.testing.worker.TestWorker.execute(TestWorker.java:63)
  at org.gradle.process.internal.worker.child.ActionExecutionWorker.execute(ActionExecutionWorker.java:56)
  at org.gradle.process.internal.worker.child.SystemApplicationClassLoaderWorker.call(SystemApplicationClassLoaderWorker.java:122)
  at org.gradle.process.internal.worker.child.SystemApplicationClassLoaderWorker.call(SystemApplicationClassLoaderWorker.java:72)
  at worker.org.gradle.process.internal.worker.GradleWorkerMain.run(GradleWorkerMain.java:69)
  at worker.org.gradle.process.internal.worker.GradleWorkerMain.main(GradleWorkerMain.java:74)
</stacktrace>
</test-failure>


TypeScriptCompilerTests_R[jvm] > requireOfJsonFileWithoutResolveJsonModuleAndPathMapping_ts has expected errors matching requireOfJsonFileWithoutResolveJsonModuleAndPathMapping_errors_txt[jvm] FAILED

<test-failure test="com.xemantic.typescript.compiler.TypeScriptCompilerTests_R.reservedWords3_ts has expected errors matching reservedWords3_errors_txt" platform="jvm">
<message>
Expected diagnostics from baseline typescript-repo/tests/baselines/reference/reservedWords3.errors.txt but none produced
</message>
<stacktrace>
  at com.xemantic.typescript.compiler.TypeScriptTestSupportKt.errorsMatchBaseline(TypeScriptTestSupport.kt:125)
  at com.xemantic.typescript.compiler.TypeScriptCompilerTests_R.reservedWords3_ts has expected errors matching reservedWords3_errors_txt(TypeScriptCompilerTests_R.kt:2282)
  at java.base/jdk.internal.reflect.DirectMethodHandleAccessor.invoke(DirectMethodHandleAccessor.java:104)
  at java.base/java.lang.reflect.Method.invoke(Method.java:565)
  at org.junit.runners.model.FrameworkMethod$1.runReflectiveCall(FrameworkMethod.java:59)
  at org.junit.internal.runners.model.ReflectiveCallable.run(ReflectiveCallable.java:12)
  at org.junit.runners.model.FrameworkMethod.invokeExplosively(FrameworkMethod.java:56)
  at org.junit.internal.runners.statements.InvokeMethod.evaluate(InvokeMethod.java:17)
  at org.junit.runners.ParentRunner$3.evaluate(ParentRunner.java:306)
  at org.junit.runners.BlockJUnit4ClassRunner$1.evaluate(BlockJUnit4ClassRunner.java:100)
  at org.junit.runners.ParentRunner.runLeaf(ParentRunner.java:366)
  at org.junit.runners.BlockJUnit4ClassRunner.runChild(BlockJUnit4ClassRunner.java:103)
  at org.junit.runners.BlockJUnit4ClassRunner.runChild(BlockJUnit4ClassRunner.java:63)
  at org.junit.runners.ParentRunner$4.run(ParentRunner.java:331)
  at org.junit.runners.ParentRunner$1.schedule(ParentRunner.java:79)
  at org.junit.runners.ParentRunner.runChildren(ParentRunner.java:329)
  at org.junit.runners.ParentRunner.access$100(ParentRunner.java:66)
  at org.junit.runners.ParentRunner$2.evaluate(ParentRunner.java:293)
  at org.junit.runners.ParentRunner$3.evaluate(ParentRunner.java:306)
  at org.junit.runners.ParentRunner.run(ParentRunner.java:413)
  at org.junit.runner.JUnitCore.run(JUnitCore.java:137)
  at org.junit.runner.JUnitCore.run(JUnitCore.java:115)
  at org.gradle.api.internal.tasks.testing.junit.JUnitTestExecutor.runRequest(JUnitTestExecutor.java:175)
  at org.gradle.api.internal.tasks.testing.junit.JUnitTestExecutor.accept(JUnitTestExecutor.java:84)
  at org.gradle.api.internal.tasks.testing.junit.JUnitTestExecutor.accept(JUnitTestExecutor.java:47)
  at org.gradle.api.internal.tasks.testing.junit.AbstractJUnitTestDefinitionProcessor.processTestDefinition(AbstractJUnitTestDefinitionProcessor.java:65)
  at org.gradle.api.internal.tasks.testing.SuiteTestDefinitionProcessor.processTestDefinition(SuiteTestDefinitionProcessor.java:54)
  at java.base/jdk.internal.reflect.DirectMethodHandleAccessor.invoke(DirectMethodHandleAccessor.java:104)
  at java.base/java.lang.reflect.Method.invoke(Method.java:565)
  at org.gradle.internal.dispatch.MethodInvocation.invokeOn(MethodInvocation.java:77)
  at org.gradle.internal.dispatch.ReflectionDispatch.dispatch(ReflectionDispatch.java:28)
  at org.gradle.internal.dispatch.ReflectionDispatch.dispatch(ReflectionDispatch.java:19)
  at org.gradle.internal.dispatch.ContextClassLoaderDispatch.dispatch(ContextClassLoaderDispatch.java:33)
  at org.gradle.internal.dispatch.ProxyDispatchAdapter$DispatchingInvocationHandler.invoke(ProxyDispatchAdapter.java:88)
  at jdk.proxy1/jdk.proxy1.$Proxy4.processTestDefinition(Unknown Source)
  at org.gradle.api.internal.tasks.testing.worker.TestWorker$2.run(TestWorker.java:178)
  at org.gradle.api.internal.tasks.testing.worker.TestWorker.executeAndMaintainThreadName(TestWorker.java:126)
  at org.gradle.api.internal.tasks.testing.worker.TestWorker.execute(TestWorker.java:103)
  at org.gradle.api.internal.tasks.testing.worker.TestWorker.execute(TestWorker.java:63)
  at org.gradle.process.internal.worker.child.ActionExecutionWorker.execute(ActionExecutionWorker.java:56)
  at org.gradle.process.internal.worker.child.SystemApplicationClassLoaderWorker.call(SystemApplicationClassLoaderWorker.java:122)
  at org.gradle.process.internal.worker.child.SystemApplicationClassLoaderWorker.call(SystemApplicationClassLoaderWorker.java:72)
  at worker.org.gradle.process.internal.worker.GradleWorkerMain.run(GradleWorkerMain.java:69)
  at worker.org.gradle.process.internal.worker.GradleWorkerMain.main(GradleWorkerMain.java:74)
</stacktrace>
</test-failure>


TypeScriptCompilerTests_R[jvm] > reservedWords3_ts has expected errors matching reservedWords3_errors_txt[jvm] FAILED

<test-failure test="com.xemantic.typescript.compiler.TypeScriptCompilerTests_R.recursiveNamedLambdaCall_ts has expected errors matching recursiveNamedLambdaCall_errors_txt" platform="jvm">
<message>
--- expected
+++ actual
@@ -1,29 +1,17 @@
-recursiveNamedLambdaCall.ts(3,8): error TS2304: Cannot find name 'top'.
-recursiveNamedLambdaCall.ts(3,15): error TS2304: Cannot find name 'top'.
-recursiveNamedLambdaCall.ts(8,7): error TS2304: Cannot find name 'top'.
-recursiveNamedLambdaCall.ts(10,14): error TS2304: Cannot find name 'setTimeout'.
 recursiveNamedLambdaCall.ts(14,6): error TS2304: Cannot find name 'detach'.
 
 
-==== recursiveNamedLambdaCall.ts (5 errors) ====
+==== recursiveNamedLambdaCall.ts (1 errors) ====
     var promise = function( obj ) {
     	
     		if ( top && top.doScroll ) {
-    		     ~~~
-!!! error TS2304: Cannot find name 'top'.
-    		            ~~~
-!!! error TS2304: Cannot find name 'top'.
     			(function doScrollCheck() {
     				if ( false ) {
     
     					try {
     						top.doScroll("left");
-    						~~~
-!!! error TS2304: Cannot find name 'top'.
     					} catch(e) {
     						return setTimeout( doScrollCheck, 50 );
-    						       ~~~~~~~~~~
-!!! error TS2304: Cannot find name 'setTimeout'.
     					}
     
     					// detach all dom ready events

</message>
<stacktrace>
  at org.junit.Assert.fail(Assert.java:89)
  at kotlin.test.junit.JUnitAsserter.fail(JUnitSupport.kt:56)
  at kotlin.test.AssertionsKt__AssertionsKt.fail(Assertions.kt:563)
  at kotlin.test.AssertionsKt.fail(Unknown Source)
  at com.xemantic.kotlin.test.SameAsKt.sameAs(SameAs.kt:52)
  at com.xemantic.typescript.compiler.TypeScriptTestSupportKt.errorsMatchBaseline(TypeScriptTestSupport.kt:135)
  at com.xemantic.typescript.compiler.TypeScriptCompilerTests_R.recursiveNamedLambdaCall_ts has expected errors matching recursiveNamedLambdaCall_errors_txt(TypeScriptCompilerTests_R.kt:1015)
  at java.base/jdk.internal.reflect.DirectMethodHandleAccessor.invoke(DirectMethodHandleAccessor.java:104)
  at java.base/java.lang.reflect.Method.invoke(Method.java:565)
  at org.junit.runners.model.FrameworkMethod$1.runReflectiveCall(FrameworkMethod.java:59)
  at org.junit.internal.runners.model.ReflectiveCallable.run(ReflectiveCallable.java:12)
  at org.junit.runners.model.FrameworkMethod.invokeExplosively(FrameworkMethod.java:56)
  at org.junit.internal.runners.statements.InvokeMethod.evaluate(InvokeMethod.java:17)
  at org.junit.runners.ParentRunner$3.evaluate(ParentRunner.java:306)
  at org.junit.runners.BlockJUnit4ClassRunner$1.evaluate(BlockJUnit4ClassRunner.java:100)
  at org.junit.runners.ParentRunner.runLeaf(ParentRunner.java:366)
  at org.junit.runners.BlockJUnit4ClassRunner.runChild(BlockJUnit4ClassRunner.java:103)
  at org.junit.runners.BlockJUnit4ClassRunner.runChild(BlockJUnit4ClassRunner.java:63)
  at org.junit.runners.ParentRunner$4.run(ParentRunner.java:331)
  at org.junit.runners.ParentRunner$1.schedule(ParentRunner.java:79)
  at org.junit.runners.ParentRunner.runChildren(ParentRunner.java:329)
  at org.junit.runners.ParentRunner.access$100(ParentRunner.java:66)
  at org.junit.runners.ParentRunner$2.evaluate(ParentRunner.java:293)
  at org.junit.runners.ParentRunner$3.evaluate(ParentRunner.java:306)
  at org.junit.runners.ParentRunner.run(ParentRunner.java:413)
  at org.junit.runner.JUnitCore.run(JUnitCore.java:137)
  at org.junit.runner.JUnitCore.run(JUnitCore.java:115)
  at org.gradle.api.internal.tasks.testing.junit.JUnitTestExecutor.runRequest(JUnitTestExecutor.java:175)
  at org.gradle.api.internal.tasks.testing.junit.JUnitTestExecutor.accept(JUnitTestExecutor.java:84)
  at org.gradle.api.internal.tasks.testing.junit.JUnitTestExecutor.accept(JUnitTestExecutor.java:47)
  at org.gradle.api.internal.tasks.testing.junit.AbstractJUnitTestDefinitionProcessor.processTestDefinition(AbstractJUnitTestDefinitionProcessor.java:65)
  at org.gradle.api.internal.tasks.testing.SuiteTestDefinitionProcessor.processTestDefinition(SuiteTestDefinitionProcessor.java:54)
  at java.base/jdk.internal.reflect.DirectMethodHandleAccessor.invoke(DirectMethodHandleAccessor.java:104)
  at java.base/java.lang.reflect.Method.invoke(Method.java:565)
  at org.gradle.internal.dispatch.MethodInvocation.invokeOn(MethodInvocation.java:77)
  at org.gradle.internal.dispatch.ReflectionDispatch.dispatch(ReflectionDispatch.java:28)
  at org.gradle.internal.dispatch.ReflectionDispatch.dispatch(ReflectionDispatch.java:19)
  at org.gradle.internal.dispatch.ContextClassLoaderDispatch.dispatch(ContextClassLoaderDispatch.java:33)
  at org.gradle.internal.dispatch.ProxyDispatchAdapter$DispatchingInvocationHandler.invoke(ProxyDispatchAdapter.java:88)
  at jdk.proxy1/jdk.proxy1.$Proxy4.processTestDefinition(Unknown Source)
  at org.gradle.api.internal.tasks.testing.worker.TestWorker$2.run(TestWorker.java:178)
  at org.gradle.api.internal.tasks.testing.worker.TestWorker.executeAndMaintainThreadName(TestWorker.java:126)
  at org.gradle.api.internal.tasks.testing.worker.TestWorker.execute(TestWorker.java:103)
  at org.gradle.api.internal.tasks.testing.worker.TestWorker.execute(TestWorker.java:63)
  at org.gradle.process.internal.worker.child.ActionExecutionWorker.execute(ActionExecutionWorker.java:56)
  at org.gradle.process.internal.worker.child.SystemApplicationClassLoaderWorker.call(SystemApplicationClassLoaderWorker.java:122)
  at org.gradle.process.internal.worker.child.SystemApplicationClassLoaderWorker.call(SystemApplicationClassLoaderWorker.java:72)
  at worker.org.gradle.process.internal.worker.GradleWorkerMain.run(GradleWorkerMain.java:69)
  at worker.org.gradle.process.internal.worker.GradleWorkerMain.main(GradleWorkerMain.java:74)
</stacktrace>
</test-failure>


TypeScriptCompilerTests_R[jvm] > recursiveNamedLambdaCall_ts has expected errors matching recursiveNamedLambdaCall_errors_txt[jvm] FAILED

<test-failure test="com.xemantic.typescript.compiler.TypeScriptCompilerTests_R.restUnion3_ts has expected errors matching restUnion3_errors_txt" platform="jvm">
<message>
Expected diagnostics from baseline typescript-repo/tests/baselines/reference/restUnion3.errors.txt but none produced
</message>
<stacktrace>
  at com.xemantic.typescript.compiler.TypeScriptTestSupportKt.errorsMatchBaseline(TypeScriptTestSupport.kt:125)
  at com.xemantic.typescript.compiler.TypeScriptCompilerTests_R.restUnion3_ts has expected errors matching restUnion3_errors_txt(TypeScriptCompilerTests_R.kt:2604)
  at java.base/jdk.internal.reflect.DirectMethodHandleAccessor.invoke(DirectMethodHandleAccessor.java:104)
  at java.base/java.lang.reflect.Method.invoke(Method.java:565)
  at org.junit.runners.model.FrameworkMethod$1.runReflectiveCall(FrameworkMethod.java:59)
  at org.junit.internal.runners.model.ReflectiveCallable.run(ReflectiveCallable.java:12)
  at org.junit.runners.model.FrameworkMethod.invokeExplosively(FrameworkMethod.java:56)
  at org.junit.internal.runners.statements.InvokeMethod.evaluate(InvokeMethod.java:17)
  at org.junit.runners.ParentRunner$3.evaluate(ParentRunner.java:306)
  at org.junit.runners.BlockJUnit4ClassRunner$1.evaluate(BlockJUnit4ClassRunner.java:100)
  at org.junit.runners.ParentRunner.runLeaf(ParentRunner.java:366)
  at org.junit.runners.BlockJUnit4ClassRunner.runChild(BlockJUnit4ClassRunner.java:103)
  at org.junit.runners.BlockJUnit4ClassRunner.runChild(BlockJUnit4ClassRunner.java:63)
  at org.junit.runners.ParentRunner$4.run(ParentRunner.java:331)
  at org.junit.runners.ParentRunner$1.schedule(ParentRunner.java:79)
  at org.junit.runners.ParentRunner.runChildren(ParentRunner.java:329)
  at org.junit.runners.ParentRunner.access$100(ParentRunner.java:66)
  at org.junit.runners.ParentRunner$2.evaluate(ParentRunner.java:293)
  at org.junit.runners.ParentRunner$3.evaluate(ParentRunner.java:306)
  at org.junit.runners.ParentRunner.run(ParentRunner.java:413)
  at org.junit.runner.JUnitCore.run(JUnitCore.java:137)
  at org.junit.runner.JUnitCore.run(JUnitCore.java:115)
  at org.gradle.api.internal.tasks.testing.junit.JUnitTestExecutor.runRequest(JUnitTestExecutor.java:175)
  at org.gradle.api.internal.tasks.testing.junit.JUnitTestExecutor.accept(JUnitTestExecutor.java:84)
  at org.gradle.api.internal.tasks.testing.junit.JUnitTestExecutor.accept(JUnitTestExecutor.java:47)
  at org.gradle.api.internal.tasks.testing.junit.AbstractJUnitTestDefinitionProcessor.processTestDefinition(AbstractJUnitTestDefinitionProcessor.java:65)
  at org.gradle.api.internal.tasks.testing.SuiteTestDefinitionProcessor.processTestDefinition(SuiteTestDefinitionProcessor.java:54)
  at java.base/jdk.internal.reflect.DirectMethodHandleAccessor.invoke(DirectMethodHandleAccessor.java:104)
  at java.base/java.lang.reflect.Method.invoke(Method.java:565)
  at org.gradle.internal.dispatch.MethodInvocation.invokeOn(MethodInvocation.java:77)
  at org.gradle.internal.dispatch.ReflectionDispatch.dispatch(ReflectionDispatch.java:28)
  at org.gradle.internal.dispatch.ReflectionDispatch.dispatch(ReflectionDispatch.java:19)
  at org.gradle.internal.dispatch.ContextClassLoaderDispatch.dispatch(ContextClassLoaderDispatch.java:33)
  at org.gradle.internal.dispatch.ProxyDispatchAdapter$DispatchingInvocationHandler.invoke(ProxyDispatchAdapter.java:88)
  at jdk.proxy1/jdk.proxy1.$Proxy4.processTestDefinition(Unknown Source)
  at org.gradle.api.internal.tasks.testing.worker.TestWorker$2.run(TestWorker.java:178)
  at org.gradle.api.internal.tasks.testing.worker.TestWorker.executeAndMaintainThreadName(TestWorker.java:126)
  at org.gradle.api.internal.tasks.testing.worker.TestWorker.execute(TestWorker.java:103)
  at org.gradle.api.internal.tasks.testing.worker.TestWorker.execute(TestWorker.java:63)
  at org.gradle.process.internal.worker.child.ActionExecutionWorker.execute(ActionExecutionWorker.java:56)
  at org.gradle.process.internal.worker.child.SystemApplicationClassLoaderWorker.call(SystemApplicationClassLoaderWorker.java:122)
  at org.gradle.process.internal.worker.child.SystemApplicationClassLoaderWorker.call(SystemApplicationClassLoaderWorker.java:72)
  at worker.org.gradle.process.internal.worker.GradleWorkerMain.run(GradleWorkerMain.java:69)
  at worker.org.gradle.process.internal.worker.GradleWorkerMain.main(GradleWorkerMain.java:74)
</stacktrace>
</test-failure>


TypeScriptCompilerTests_R[jvm] > restUnion3_ts has expected errors matching restUnion3_errors_txt[jvm] FAILED

<test-failure test="com.xemantic.typescript.compiler.TypeScriptCompilerTests_R.reactReduxLikeDeferredInferenceAllowsAssignment_ts has expected errors matching reactReduxLikeDeferredInferenceAllowsAssignment_errors_txt" platform="jvm">
<message>
Expected diagnostics from baseline typescript-repo/tests/baselines/reference/reactReduxLikeDeferredInferenceAllowsAssignment.errors.txt but none produced
</message>
<stacktrace>
  at com.xemantic.typescript.compiler.TypeScriptTestSupportKt.errorsMatchBaseline(TypeScriptTestSupport.kt:125)
  at com.xemantic.typescript.compiler.TypeScriptCompilerTests_R.reactReduxLikeDeferredInferenceAllowsAssignment_ts has expected errors matching reactReduxLikeDeferredInferenceAllowsAssignment_errors_txt(TypeScriptCompilerTests_R.kt:308)
  at java.base/jdk.internal.reflect.DirectMethodHandleAccessor.invoke(DirectMethodHandleAccessor.java:104)
  at java.base/java.lang.reflect.Method.invoke(Method.java:565)
  at org.junit.runners.model.FrameworkMethod$1.runReflectiveCall(FrameworkMethod.java:59)
  at org.junit.internal.runners.model.ReflectiveCallable.run(ReflectiveCallable.java:12)
  at org.junit.runners.model.FrameworkMethod.invokeExplosively(FrameworkMethod.java:56)
  at org.junit.internal.runners.statements.InvokeMethod.evaluate(InvokeMethod.java:17)
  at org.junit.runners.ParentRunner$3.evaluate(ParentRunner.java:306)
  at org.junit.runners.BlockJUnit4ClassRunner$1.evaluate(BlockJUnit4ClassRunner.java:100)
  at org.junit.runners.ParentRunner.runLeaf(ParentRunner.java:366)
  at org.junit.runners.BlockJUnit4ClassRunner.runChild(BlockJUnit4ClassRunner.java:103)
  at org.junit.runners.BlockJUnit4ClassRunner.runChild(BlockJUnit4ClassRunner.java:63)
  at org.junit.runners.ParentRunner$4.run(ParentRunner.java:331)
  at org.junit.runners.ParentRunner$1.schedule(ParentRunner.java:79)
  at org.junit.runners.ParentRunner.runChildren(ParentRunner.java:329)
  at org.junit.runners.ParentRunner.access$100(ParentRunner.java:66)
  at org.junit.runners.ParentRunner$2.evaluate(ParentRunner.java:293)
  at org.junit.runners.ParentRunner$3.evaluate(ParentRunner.java:306)
  at org.junit.runners.ParentRunner.run(ParentRunner.java:413)
  at org.junit.runner.JUnitCore.run(JUnitCore.java:137)
  at org.junit.runner.JUnitCore.run(JUnitCore.java:115)
  at org.gradle.api.internal.tasks.testing.junit.JUnitTestExecutor.runRequest(JUnitTestExecutor.java:175)
  at org.gradle.api.internal.tasks.testing.junit.JUnitTestExecutor.accept(JUnitTestExecutor.java:84)
  at org.gradle.api.internal.tasks.testing.junit.JUnitTestExecutor.accept(JUnitTestExecutor.java:47)
  at org.gradle.api.internal.tasks.testing.junit.AbstractJUnitTestDefinitionProcessor.processTestDefinition(AbstractJUnitTestDefinitionProcessor.java:65)
  at org.gradle.api.internal.tasks.testing.SuiteTestDefinitionProcessor.processTestDefinition(SuiteTestDefinitionProcessor.java:54)
  at java.base/jdk.internal.reflect.DirectMethodHandleAccessor.invoke(DirectMethodHandleAccessor.java:104)
  at java.base/java.lang.reflect.Method.invoke(Method.java:565)
  at org.gradle.internal.dispatch.MethodInvocation.invokeOn(MethodInvocation.java:77)
  at org.gradle.internal.dispatch.ReflectionDispatch.dispatch(ReflectionDispatch.java:28)
  at org.gradle.internal.dispatch.ReflectionDispatch.dispatch(ReflectionDispatch.java:19)
  at org.gradle.internal.dispatch.ContextClassLoaderDispatch.dispatch(ContextClassLoaderDispatch.java:33)
  at org.gradle.internal.dispatch.ProxyDispatchAdapter$DispatchingInvocationHandler.invoke(ProxyDispatchAdapter.java:88)
  at jdk.proxy1/jdk.proxy1.$Proxy4.processTestDefinition(Unknown Source)
  at org.gradle.api.internal.tasks.testing.worker.TestWorker$2.run(TestWorker.java:178)
  at org.gradle.api.internal.tasks.testing.worker.TestWorker.executeAndMaintainThreadName(TestWorker.java:126)
  at org.gradle.api.internal.tasks.testing.worker.TestWorker.execute(TestWorker.java:103)
  at org.gradle.api.internal.tasks.testing.worker.TestWorker.execute(TestWorker.java:63)
  at org.gradle.process.internal.worker.child.ActionExecutionWorker.execute(ActionExecutionWorker.java:56)
  at org.gradle.process.internal.worker.child.SystemApplicationClassLoaderWorker.call(SystemApplicationClassLoaderWorker.java:122)
  at org.gradle.process.internal.worker.child.SystemApplicationClassLoaderWorker.call(SystemApplicationClassLoaderWorker.java:72)
  at worker.org.gradle.process.internal.worker.GradleWorkerMain.run(GradleWorkerMain.java:69)
  at worker.org.gradle.process.internal.worker.GradleWorkerMain.main(GradleWorkerMain.java:74)
</stacktrace>
</test-failure>


TypeScriptCompilerTests_R[jvm] > reactReduxLikeDeferredInferenceAllowsAssignment_ts has expected errors matching reactReduxLikeDeferredInferenceAllowsAssignment_errors_txt[jvm] FAILED

<test-failure test="com.xemantic.typescript.compiler.TypeScriptCompilerTests_R.recursivelyExpandingUnionNoStackoverflow_ts has expected errors matching recursivelyExpandingUnionNoStackoverflow_errors_txt" platform="jvm">
<message>
Expected diagnostics from baseline typescript-repo/tests/baselines/reference/recursivelyExpandingUnionNoStackoverflow.errors.txt but none produced
</message>
<stacktrace>
  at com.xemantic.typescript.compiler.TypeScriptTestSupportKt.errorsMatchBaseline(TypeScriptTestSupport.kt:125)
  at com.xemantic.typescript.compiler.TypeScriptCompilerTests_R.recursivelyExpandingUnionNoStackoverflow_ts has expected errors matching recursivelyExpandingUnionNoStackoverflow_errors_txt(TypeScriptCompilerTests_R.kt:1246)
  at java.base/jdk.internal.reflect.DirectMethodHandleAccessor.invoke(DirectMethodHandleAccessor.java:104)
  at java.base/java.lang.reflect.Method.invoke(Method.java:565)
  at org.junit.runners.model.FrameworkMethod$1.runReflectiveCall(FrameworkMethod.java:59)
  at org.junit.internal.runners.model.ReflectiveCallable.run(ReflectiveCallable.java:12)
  at org.junit.runners.model.FrameworkMethod.invokeExplosively(FrameworkMethod.java:56)
  at org.junit.internal.runners.statements.InvokeMethod.evaluate(InvokeMethod.java:17)
  at org.junit.runners.ParentRunner$3.evaluate(ParentRunner.java:306)
  at org.junit.runners.BlockJUnit4ClassRunner$1.evaluate(BlockJUnit4ClassRunner.java:100)
  at org.junit.runners.ParentRunner.runLeaf(ParentRunner.java:366)
  at org.junit.runners.BlockJUnit4ClassRunner.runChild(BlockJUnit4ClassRunner.java:103)
  at org.junit.runners.BlockJUnit4ClassRunner.runChild(BlockJUnit4ClassRunner.java:63)
  at org.junit.runners.ParentRunner$4.run(ParentRunner.java:331)
  at org.junit.runners.ParentRunner$1.schedule(ParentRunner.java:79)
  at org.junit.runners.ParentRunner.runChildren(ParentRunner.java:329)
  at org.junit.runners.ParentRunner.access$100(ParentRunner.java:66)
  at org.junit.runners.ParentRunner$2.evaluate(ParentRunner.java:293)
  at org.junit.runners.ParentRunner$3.evaluate(ParentRunner.java:306)
  at org.junit.runners.ParentRunner.run(ParentRunner.java:413)
  at org.junit.runner.JUnitCore.run(JUnitCore.java:137)
  at org.junit.runner.JUnitCore.run(JUnitCore.java:115)
  at org.gradle.api.internal.tasks.testing.junit.JUnitTestExecutor.runRequest(JUnitTestExecutor.java:175)
  at org.gradle.api.internal.tasks.testing.junit.JUnitTestExecutor.accept(JUnitTestExecutor.java:84)
  at org.gradle.api.internal.tasks.testing.junit.JUnitTestExecutor.accept(JUnitTestExecutor.java:47)
  at org.gradle.api.internal.tasks.testing.junit.AbstractJUnitTestDefinitionProcessor.processTestDefinition(AbstractJUnitTestDefinitionProcessor.java:65)
  at org.gradle.api.internal.tasks.testing.SuiteTestDefinitionProcessor.processTestDefinition(SuiteTestDefinitionProcessor.java:54)
  at java.base/jdk.internal.reflect.DirectMethodHandleAccessor.invoke(DirectMethodHandleAccessor.java:104)
  at java.base/java.lang.reflect.Method.invoke(Method.java:565)
  at org.gradle.internal.dispatch.MethodInvocation.invokeOn(MethodInvocation.java:77)
  at org.gradle.internal.dispatch.ReflectionDispatch.dispatch(ReflectionDispatch.java:28)
  at org.gradle.internal.dispatch.ReflectionDispatch.dispatch(ReflectionDispatch.java:19)
  at org.gradle.internal.dispatch.ContextClassLoaderDispatch.dispatch(ContextClassLoaderDispatch.java:33)
  at org.gradle.internal.dispatch.ProxyDispatchAdapter$DispatchingInvocationHandler.invoke(ProxyDispatchAdapter.java:88)
  at jdk.proxy1/jdk.proxy1.$Proxy4.processTestDefinition(Unknown Source)
  at org.gradle.api.internal.tasks.testing.worker.TestWorker$2.run(TestWorker.java:178)
  at org.gradle.api.internal.tasks.testing.worker.TestWorker.executeAndMaintainThreadName(TestWorker.java:126)
  at org.gradle.api.internal.tasks.testing.worker.TestWorker.execute(TestWorker.java:103)
  at org.gradle.api.internal.tasks.testing.worker.TestWorker.execute(TestWorker.java:63)
  at org.gradle.process.internal.worker.child.ActionExecutionWorker.execute(ActionExecutionWorker.java:56)
  at org.gradle.process.internal.worker.child.SystemApplicationClassLoaderWorker.call(SystemApplicationClassLoaderWorker.java:122)
  at org.gradle.process.internal.worker.child.SystemApplicationClassLoaderWorker.call(SystemApplicationClassLoaderWorker.java:72)
  at worker.org.gradle.process.internal.worker.GradleWorkerMain.run(GradleWorkerMain.java:69)
  at worker.org.gradle.process.internal.worker.GradleWorkerMain.main(GradleWorkerMain.java:74)
</stacktrace>
</test-failure>


TypeScriptCompilerTests_R[jvm] > recursivelyExpandingUnionNoStackoverflow_ts has expected errors matching recursivelyExpandingUnionNoStackoverflow_errors_txt[jvm] FAILED

<test-failure test="com.xemantic.typescript.compiler.TypeScriptCompilerTests_R.reactReduxLikeDeferredInferenceAllowsAssignment_ts compiles to JavaScript matching reactReduxLikeDeferredInferenceAllowsAssignment_js" platform="jvm">
<message>
--- expected
+++ actual
@@ -163,7 +163,7 @@
     type: "SIMPLE_ACTION",
     payload
 });
-const thunkAction = (param1, param2) => (dispatch_1, _a) => __awaiter(void 0, [dispatch_1, _a], void 0, function* (dispatch, { foo }) {
+const thunkAction = (param1, param2) => (dispatch, { foo }) => __awaiter(void 0, void 0, void 0, function* () {
     return foo;
 });
 class TestComponent extends Component {

</message>
<stacktrace>
  at org.junit.Assert.fail(Assert.java:89)
  at kotlin.test.junit.JUnitAsserter.fail(JUnitSupport.kt:56)
  at kotlin.test.AssertionsKt__AssertionsKt.fail(Assertions.kt:563)
  at kotlin.test.AssertionsKt.fail(Unknown Source)
  at com.xemantic.kotlin.test.SameAsKt.sameAs(SameAs.kt:52)
  at com.xemantic.typescript.compiler.TypeScriptTestSupportKt.sameAs(TypeScriptTestSupport.kt:99)
  at com.xemantic.typescript.compiler.TypeScriptCompilerTests_R.reactReduxLikeDeferredInferenceAllowsAssignment_ts compiles to JavaScript matching reactReduxLikeDeferredInferenceAllowsAssignment_js(TypeScriptCompilerTests_R.kt:301)
  at java.base/jdk.internal.reflect.DirectMethodHandleAccessor.invoke(DirectMethodHandleAccessor.java:104)
  at java.base/java.lang.reflect.Method.invoke(Method.java:565)
  at org.junit.runners.model.FrameworkMethod$1.runReflectiveCall(FrameworkMethod.java:59)
  at org.junit.internal.runners.model.ReflectiveCallable.run(ReflectiveCallable.java:12)
  at org.junit.runners.model.FrameworkMethod.invokeExplosively(FrameworkMethod.java:56)
  at org.junit.internal.runners.statements.InvokeMethod.evaluate(InvokeMethod.java:17)
  at org.junit.runners.ParentRunner$3.evaluate(ParentRunner.java:306)
  at org.junit.runners.BlockJUnit4ClassRunner$1.evaluate(BlockJUnit4ClassRunner.java:100)
  at org.junit.runners.ParentRunner.runLeaf(ParentRunner.java:366)
  at org.junit.runners.BlockJUnit4ClassRunner.runChild(BlockJUnit4ClassRunner.java:103)
  at org.junit.runners.BlockJUnit4ClassRunner.runChild(BlockJUnit4ClassRunner.java:63)
  at org.junit.runners.ParentRunner$4.run(ParentRunner.java:331)
  at org.junit.runners.ParentRunner$1.schedule(ParentRunner.java:79)
  at org.junit.runners.ParentRunner.runChildren(ParentRunner.java:329)
  at org.junit.runners.ParentRunner.access$100(ParentRunner.java:66)
  at org.junit.runners.ParentRunner$2.evaluate(ParentRunner.java:293)
  at org.junit.runners.ParentRunner$3.evaluate(ParentRunner.java:306)
  at org.junit.runners.ParentRunner.run(ParentRunner.java:413)
  at org.junit.runner.JUnitCore.run(JUnitCore.java:137)
  at org.junit.runner.JUnitCore.run(JUnitCore.java:115)
  at org.gradle.api.internal.tasks.testing.junit.JUnitTestExecutor.runRequest(JUnitTestExecutor.java:175)
  at org.gradle.api.internal.tasks.testing.junit.JUnitTestExecutor.accept(JUnitTestExecutor.java:84)
  at org.gradle.api.internal.tasks.testing.junit.JUnitTestExecutor.accept(JUnitTestExecutor.java:47)
  at org.gradle.api.internal.tasks.testing.junit.AbstractJUnitTestDefinitionProcessor.processTestDefinition(AbstractJUnitTestDefinitionProcessor.java:65)
  at org.gradle.api.internal.tasks.testing.SuiteTestDefinitionProcessor.processTestDefinition(SuiteTestDefinitionProcessor.java:54)
  at java.base/jdk.internal.reflect.DirectMethodHandleAccessor.invoke(DirectMethodHandleAccessor.java:104)
  at java.base/java.lang.reflect.Method.invoke(Method.java:565)
  at org.gradle.internal.dispatch.MethodInvocation.invokeOn(MethodInvocation.java:77)
  at org.gradle.internal.dispatch.ReflectionDispatch.dispatch(ReflectionDispatch.java:28)
  at org.gradle.internal.dispatch.ReflectionDispatch.dispatch(ReflectionDispatch.java:19)
  at org.gradle.internal.dispatch.ContextClassLoaderDispatch.dispatch(ContextClassLoaderDispatch.java:33)
  at org.gradle.internal.dispatch.ProxyDispatchAdapter$DispatchingInvocationHandler.invoke(ProxyDispatchAdapter.java:88)
  at jdk.proxy1/jdk.proxy1.$Proxy4.processTestDefinition(Unknown Source)
  at org.gradle.api.internal.tasks.testing.worker.TestWorker$2.run(TestWorker.java:178)
  at org.gradle.api.internal.tasks.testing.worker.TestWorker.executeAndMaintainThreadName(TestWorker.java:126)
  at org.gradle.api.internal.tasks.testing.worker.TestWorker.execute(TestWorker.java:103)
  at org.gradle.api.internal.tasks.testing.worker.TestWorker.execute(TestWorker.java:63)
  at org.gradle.process.internal.worker.child.ActionExecutionWorker.execute(ActionExecutionWorker.java:56)
  at org.gradle.process.internal.worker.child.SystemApplicationClassLoaderWorker.call(SystemApplicationClassLoaderWorker.java:122)
  at org.gradle.process.internal.worker.child.SystemApplicationClassLoaderWorker.call(SystemApplicationClassLoaderWorker.java:72)
  at worker.org.gradle.process.internal.worker.GradleWorkerMain.run(GradleWorkerMain.java:69)
  at worker.org.gradle.process.internal.worker.GradleWorkerMain.main(GradleWorkerMain.java:74)
</stacktrace>
</test-failure>


TypeScriptCompilerTests_R[jvm] > reactReduxLikeDeferredInferenceAllowsAssignment_ts compiles to JavaScript matching reactReduxLikeDeferredInferenceAllowsAssignment_js[jvm] FAILED

<test-failure test="com.xemantic.typescript.compiler.TypeScriptCompilerTests_R.reassignStaticProp_ts has expected errors matching reassignStaticProp_errors_txt" platform="jvm">
<message>
--- expected
+++ actual
@@ -1,8 +1,7 @@
 reassignStaticProp.ts(5,12): error TS2300: Duplicate identifier 'bar'.
-reassignStaticProp.ts(5,12): error TS2717: Subsequent property declarations must have the same type.  Property 'bar' must be of type 'number', but here has type 'string'.
 
 
-==== reassignStaticProp.ts (2 errors) ====
+==== reassignStaticProp.ts (1 errors) ====
     class foo {
      
         static bar = 1;
@@ -10,8 +9,5 @@
         static bar:string; // errror - duplicate id
                ~~~
 !!! error TS2300: Duplicate identifier 'bar'.
-               ~~~
-!!! error TS2717: Subsequent property declarations must have the same type.  Property 'bar' must be of type 'number', but here has type 'string'.
-!!! related TS6203 reassignStaticProp.ts:3:12: 'bar' was also declared here.
      
     }

</message>
<stacktrace>
  at org.junit.Assert.fail(Assert.java:89)
  at kotlin.test.junit.JUnitAsserter.fail(JUnitSupport.kt:56)
  at kotlin.test.AssertionsKt__AssertionsKt.fail(Assertions.kt:563)
  at kotlin.test.AssertionsKt.fail(Unknown Source)
  at com.xemantic.kotlin.test.SameAsKt.sameAs(SameAs.kt:52)
  at com.xemantic.typescript.compiler.TypeScriptTestSupportKt.errorsMatchBaseline(TypeScriptTestSupport.kt:135)
  at com.xemantic.typescript.compiler.TypeScriptCompilerTests_R.reassignStaticProp_ts has expected errors matching reassignStaticProp_errors_txt(TypeScriptCompilerTests_R.kt:441)
  at java.base/jdk.internal.reflect.DirectMethodHandleAccessor.invoke(DirectMethodHandleAccessor.java:104)
  at java.base/java.lang.reflect.Method.invoke(Method.java:565)
  at org.junit.runners.model.FrameworkMethod$1.runReflectiveCall(FrameworkMethod.java:59)
  at org.junit.internal.runners.model.ReflectiveCallable.run(ReflectiveCallable.java:12)
  at org.junit.runners.model.FrameworkMethod.invokeExplosively(FrameworkMethod.java:56)
  at org.junit.internal.runners.statements.InvokeMethod.evaluate(InvokeMethod.java:17)
  at org.junit.runners.ParentRunner$3.evaluate(ParentRunner.java:306)
  at org.junit.runners.BlockJUnit4ClassRunner$1.evaluate(BlockJUnit4ClassRunner.java:100)
  at org.junit.runners.ParentRunner.runLeaf(ParentRunner.java:366)
  at org.junit.runners.BlockJUnit4ClassRunner.runChild(BlockJUnit4ClassRunner.java:103)
  at org.junit.runners.BlockJUnit4ClassRunner.runChild(BlockJUnit4ClassRunner.java:63)
  at org.junit.runners.ParentRunner$4.run(ParentRunner.java:331)
  at org.junit.runners.ParentRunner$1.schedule(ParentRunner.java:79)
  at org.junit.runners.ParentRunner.runChildren(ParentRunner.java:329)
  at org.junit.runners.ParentRunner.access$100(ParentRunner.java:66)
  at org.junit.runners.ParentRunner$2.evaluate(ParentRunner.java:293)
  at org.junit.runners.ParentRunner$3.evaluate(ParentRunner.java:306)
  at org.junit.runners.ParentRunner.run(ParentRunner.java:413)
  at org.junit.runner.JUnitCore.run(JUnitCore.java:137)
  at org.junit.runner.JUnitCore.run(JUnitCore.java:115)
  at org.gradle.api.internal.tasks.testing.junit.JUnitTestExecutor.runRequest(JUnitTestExecutor.java:175)
  at org.gradle.api.internal.tasks.testing.junit.JUnitTestExecutor.accept(JUnitTestExecutor.java:84)
  at org.gradle.api.internal.tasks.testing.junit.JUnitTestExecutor.accept(JUnitTestExecutor.java:47)
  at org.gradle.api.internal.tasks.testing.junit.AbstractJUnitTestDefinitionProcessor.processTestDefinition(AbstractJUnitTestDefinitionProcessor.java:65)
  at org.gradle.api.internal.tasks.testing.SuiteTestDefinitionProcessor.processTestDefinition(SuiteTestDefinitionProcessor.java:54)
  at java.base/jdk.internal.reflect.DirectMethodHandleAccessor.invoke(DirectMethodHandleAccessor.java:104)
  at java.base/java.lang.reflect.Method.invoke(Method.java:565)
  at org.gradle.internal.dispatch.MethodInvocation.invokeOn(MethodInvocation.java:77)
  at org.gradle.internal.dispatch.ReflectionDispatch.dispatch(ReflectionDispatch.java:28)
  at org.gradle.internal.dispatch.ReflectionDispatch.dispatch(ReflectionDispatch.java:19)
  at org.gradle.internal.dispatch.ContextClassLoaderDispatch.dispatch(ContextClassLoaderDispatch.java:33)
  at org.gradle.internal.dispatch.ProxyDispatchAdapter$DispatchingInvocationHandler.invoke(ProxyDispatchAdapter.java:88)
  at jdk.proxy1/jdk.proxy1.$Proxy4.processTestDefinition(Unknown Source)
  at org.gradle.api.internal.tasks.testing.worker.TestWorker$2.run(TestWorker.java:178)
  at org.gradle.api.internal.tasks.testing.worker.TestWorker.executeAndMaintainThreadName(TestWorker.java:126)
  at org.gradle.api.internal.tasks.testing.worker.TestWorker.execute(TestWorker.java:103)
  at org.gradle.api.internal.tasks.testing.worker.TestWorker.execute(TestWorker.java:63)
  at org.gradle.process.internal.worker.child.ActionExecutionWorker.execute(ActionExecutionWorker.java:56)
  at org.gradle.process.internal.worker.child.SystemApplicationClassLoaderWorker.call(SystemApplicationClassLoaderWorker.java:122)
  at org.gradle.process.internal.worker.child.SystemApplicationClassLoaderWorker.call(SystemApplicationClassLoaderWorker.java:72)
  at worker.org.gradle.process.internal.worker.GradleWorkerMain.run(GradleWorkerMain.java:69)
  at worker.org.gradle.process.internal.worker.GradleWorkerMain.main(GradleWorkerMain.java:74)
</stacktrace>
</test-failure>


TypeScriptCompilerTests_R[jvm] > reassignStaticProp_ts has expected errors matching reassignStaticProp_errors_txt[jvm] FAILED

<test-failure test="com.xemantic.typescript.compiler.TypeScriptCompilerTests_R.requireOfJsonFileWithoutExtensionResolvesToTs_ts compiles to JavaScript matching requireOfJsonFileWithoutExtensionResolvesToTs_js" platform="jvm">
<message>
--- expected
+++ actual
@@ -24,14 +24,19 @@
 //// [c.ts]
 export = { a: true, b: "hello" };
 
-//// [out/c.js]
-"use strict";
-module.exports = { a: true, b: "hello" };
+//// [out/b.json]
+{
+    "a": true,
+    "b": "hello"
+}
 //// [out/c.json]
 {
     "a": true,
     "b": "hello"
 }
+//// [out/c.js]
+"use strict";
+module.exports = { a: true, b: "hello" };
 //// [out/file1.js]
 "use strict";
 Object.defineProperty(exports, "__esModule", { value: true });

</message>
<stacktrace>
  at org.junit.Assert.fail(Assert.java:89)
  at kotlin.test.junit.JUnitAsserter.fail(JUnitSupport.kt:56)
  at kotlin.test.AssertionsKt__AssertionsKt.fail(Assertions.kt:563)
  at kotlin.test.AssertionsKt.fail(Unknown Source)
  at com.xemantic.kotlin.test.SameAsKt.sameAs(SameAs.kt:52)
  at com.xemantic.typescript.compiler.TypeScriptTestSupportKt.sameAs(TypeScriptTestSupport.kt:99)
  at com.xemantic.typescript.compiler.TypeScriptCompilerTests_R.requireOfJsonFileWithoutExtensionResolvesToTs_ts compiles to JavaScript matching requireOfJsonFileWithoutExtensionResolvesToTs_js(TypeScriptCompilerTests_R.kt:2107)
  at java.base/jdk.internal.reflect.DirectMethodHandleAccessor.invoke(DirectMethodHandleAccessor.java:104)
  at java.base/java.lang.reflect.Method.invoke(Method.java:565)
  at org.junit.runners.model.FrameworkMethod$1.runReflectiveCall(FrameworkMethod.java:59)
  at org.junit.internal.runners.model.ReflectiveCallable.run(ReflectiveCallable.java:12)
  at org.junit.runners.model.FrameworkMethod.invokeExplosively(FrameworkMethod.java:56)
  at org.junit.internal.runners.statements.InvokeMethod.evaluate(InvokeMethod.java:17)
  at org.junit.runners.ParentRunner$3.evaluate(ParentRunner.java:306)
  at org.junit.runners.BlockJUnit4ClassRunner$1.evaluate(BlockJUnit4ClassRunner.java:100)
  at org.junit.runners.ParentRunner.runLeaf(ParentRunner.java:366)
  at org.junit.runners.BlockJUnit4ClassRunner.runChild(BlockJUnit4ClassRunner.java:103)
  at org.junit.runners.BlockJUnit4ClassRunner.runChild(BlockJUnit4ClassRunner.java:63)
  at org.junit.runners.ParentRunner$4.run(ParentRunner.java:331)
  at org.junit.runners.ParentRunner$1.schedule(ParentRunner.java:79)
  at org.junit.runners.ParentRunner.runChildren(ParentRunner.java:329)
  at org.junit.runners.ParentRunner.access$100(ParentRunner.java:66)
  at org.junit.runners.ParentRunner$2.evaluate(ParentRunner.java:293)
  at org.junit.runners.ParentRunner$3.evaluate(ParentRunner.java:306)
  at org.junit.runners.ParentRunner.run(ParentRunner.java:413)
  at org.junit.runner.JUnitCore.run(JUnitCore.java:137)
  at org.junit.runner.JUnitCore.run(JUnitCore.java:115)
  at org.gradle.api.internal.tasks.testing.junit.JUnitTestExecutor.runRequest(JUnitTestExecutor.java:175)
  at org.gradle.api.internal.tasks.testing.junit.JUnitTestExecutor.accept(JUnitTestExecutor.java:84)
  at org.gradle.api.internal.tasks.testing.junit.JUnitTestExecutor.accept(JUnitTestExecutor.java:47)
  at org.gradle.api.internal.tasks.testing.junit.AbstractJUnitTestDefinitionProcessor.processTestDefinition(AbstractJUnitTestDefinitionProcessor.java:65)
  at org.gradle.api.internal.tasks.testing.SuiteTestDefinitionProcessor.processTestDefinition(SuiteTestDefinitionProcessor.java:54)
  at java.base/jdk.internal.reflect.DirectMethodHandleAccessor.invoke(DirectMethodHandleAccessor.java:104)
  at java.base/java.lang.reflect.Method.invoke(Method.java:565)
  at org.gradle.internal.dispatch.MethodInvocation.invokeOn(MethodInvocation.java:77)
  at org.gradle.internal.dispatch.ReflectionDispatch.dispatch(ReflectionDispatch.java:28)
  at org.gradle.internal.dispatch.ReflectionDispatch.dispatch(ReflectionDispatch.java:19)
  at org.gradle.internal.dispatch.ContextClassLoaderDispatch.dispatch(ContextClassLoaderDispatch.java:33)
  at org.gradle.internal.dispatch.ProxyDispatchAdapter$DispatchingInvocationHandler.invoke(ProxyDispatchAdapter.java:88)
  at jdk.proxy1/jdk.proxy1.$Proxy4.processTestDefinition(Unknown Source)
  at org.gradle.api.internal.tasks.testing.worker.TestWorker$2.run(TestWorker.java:178)
  at org.gradle.api.internal.tasks.testing.worker.TestWorker.executeAndMaintainThreadName(TestWorker.java:126)
  at org.gradle.api.internal.tasks.testing.worker.TestWorker.execute(TestWorker.java:103)
  at org.gradle.api.internal.tasks.testing.worker.TestWorker.execute(TestWorker.java:63)
  at org.gradle.process.internal.worker.child.ActionExecutionWorker.execute(ActionExecutionWorker.java:56)
  at org.gradle.process.internal.worker.child.SystemApplicationClassLoaderWorker.call(SystemApplicationClassLoaderWorker.java:122)
  at org.gradle.process.internal.worker.child.SystemApplicationClassLoaderWorker.call(SystemApplicationClassLoaderWorker.java:72)
  at worker.org.gradle.process.internal.worker.GradleWorkerMain.run(GradleWorkerMain.java:69)
  at worker.org.gradle.process.internal.worker.GradleWorkerMain.main(GradleWorkerMain.java:74)
</stacktrace>
</test-failure>


TypeScriptCompilerTests_R[jvm] > requireOfJsonFileWithoutExtensionResolvesToTs_ts compiles to JavaScript matching requireOfJsonFileWithoutExtensionResolvesToTs_js[jvm] FAILED

<test-failure test="com.xemantic.typescript.compiler.TypeScriptCompilerTests_R.relationalOperatorComparable_ts has expected errors matching relationalOperatorComparable_errors_txt" platform="jvm">
<message>
Expected diagnostics from baseline typescript-repo/tests/baselines/reference/relationalOperatorComparable.errors.txt but none produced
</message>
<stacktrace>
  at com.xemantic.typescript.compiler.TypeScriptTestSupportKt.errorsMatchBaseline(TypeScriptTestSupport.kt:125)
  at com.xemantic.typescript.compiler.TypeScriptCompilerTests_R.relationalOperatorComparable_ts has expected errors matching relationalOperatorComparable_errors_txt(TypeScriptCompilerTests_R.kt:1701)
  at java.base/jdk.internal.reflect.DirectMethodHandleAccessor.invoke(DirectMethodHandleAccessor.java:104)
  at java.base/java.lang.reflect.Method.invoke(Method.java:565)
  at org.junit.runners.model.FrameworkMethod$1.runReflectiveCall(FrameworkMethod.java:59)
  at org.junit.internal.runners.model.ReflectiveCallable.run(ReflectiveCallable.java:12)
  at org.junit.runners.model.FrameworkMethod.invokeExplosively(FrameworkMethod.java:56)
  at org.junit.internal.runners.statements.InvokeMethod.evaluate(InvokeMethod.java:17)
  at org.junit.runners.ParentRunner$3.evaluate(ParentRunner.java:306)
  at org.junit.runners.BlockJUnit4ClassRunner$1.evaluate(BlockJUnit4ClassRunner.java:100)
  at org.junit.runners.ParentRunner.runLeaf(ParentRunner.java:366)
  at org.junit.runners.BlockJUnit4ClassRunner.runChild(BlockJUnit4ClassRunner.java:103)
  at org.junit.runners.BlockJUnit4ClassRunner.runChild(BlockJUnit4ClassRunner.java:63)
  at org.junit.runners.ParentRunner$4.run(ParentRunner.java:331)
  at org.junit.runners.ParentRunner$1.schedule(ParentRunner.java:79)
  at org.junit.runners.ParentRunner.runChildren(ParentRunner.java:329)
  at org.junit.runners.ParentRunner.access$100(ParentRunner.java:66)
  at org.junit.runners.ParentRunner$2.evaluate(ParentRunner.java:293)
  at org.junit.runners.ParentRunner$3.evaluate(ParentRunner.java:306)
  at org.junit.runners.ParentRunner.run(ParentRunner.java:413)
  at org.junit.runner.JUnitCore.run(JUnitCore.java:137)
  at org.junit.runner.JUnitCore.run(JUnitCore.java:115)
  at org.gradle.api.internal.tasks.testing.junit.JUnitTestExecutor.runRequest(JUnitTestExecutor.java:175)
  at org.gradle.api.internal.tasks.testing.junit.JUnitTestExecutor.accept(JUnitTestExecutor.java:84)
  at org.gradle.api.internal.tasks.testing.junit.JUnitTestExecutor.accept(JUnitTestExecutor.java:47)
  at org.gradle.api.internal.tasks.testing.junit.AbstractJUnitTestDefinitionProcessor.processTestDefinition(AbstractJUnitTestDefinitionProcessor.java:65)
  at org.gradle.api.internal.tasks.testing.SuiteTestDefinitionProcessor.processTestDefinition(SuiteTestDefinitionProcessor.java:54)
  at java.base/jdk.internal.reflect.DirectMethodHandleAccessor.invoke(DirectMethodHandleAccessor.java:104)
  at java.base/java.lang.reflect.Method.invoke(Method.java:565)
  at org.gradle.internal.dispatch.MethodInvocation.invokeOn(MethodInvocation.java:77)
  at org.gradle.internal.dispatch.ReflectionDispatch.dispatch(ReflectionDispatch.java:28)
  at org.gradle.internal.dispatch.ReflectionDispatch.dispatch(ReflectionDispatch.java:19)
  at org.gradle.internal.dispatch.ContextClassLoaderDispatch.dispatch(ContextClassLoaderDispatch.java:33)
  at org.gradle.internal.dispatch.ProxyDispatchAdapter$DispatchingInvocationHandler.invoke(ProxyDispatchAdapter.java:88)
  at jdk.proxy1/jdk.proxy1.$Proxy4.processTestDefinition(Unknown Source)
  at org.gradle.api.internal.tasks.testing.worker.TestWorker$2.run(TestWorker.java:178)
  at org.gradle.api.internal.tasks.testing.worker.TestWorker.executeAndMaintainThreadName(TestWorker.java:126)
  at org.gradle.api.internal.tasks.testing.worker.TestWorker.execute(TestWorker.java:103)
  at org.gradle.api.internal.tasks.testing.worker.TestWorker.execute(TestWorker.java:63)
  at org.gradle.process.internal.worker.child.ActionExecutionWorker.execute(ActionExecutionWorker.java:56)
  at org.gradle.process.internal.worker.child.SystemApplicationClassLoaderWorker.call(SystemApplicationClassLoaderWorker.java:122)
  at org.gradle.process.internal.worker.child.SystemApplicationClassLoaderWorker.call(SystemApplicationClassLoaderWorker.java:72)
  at worker.org.gradle.process.internal.worker.GradleWorkerMain.run(GradleWorkerMain.java:69)
  at worker.org.gradle.process.internal.worker.GradleWorkerMain.main(GradleWorkerMain.java:74)
</stacktrace>
</test-failure>


TypeScriptCompilerTests_R[jvm] > relationalOperatorComparable_ts has expected errors matching relationalOperatorComparable_errors_txt[jvm] FAILED

<test-failure test="com.xemantic.typescript.compiler.TypeScriptCompilerTests_R.reuseTypeAnnotationImportTypeInGlobalThisTypeArgument_ts has expected errors matching reuseTypeAnnotationImportTypeInGlobalThisTypeArgument_errors_txt" platform="jvm">
<message>
Expected diagnostics from baseline typescript-repo/tests/baselines/reference/reuseTypeAnnotationImportTypeInGlobalThisTypeArgument.errors.txt but none produced
</message>
<stacktrace>
  at com.xemantic.typescript.compiler.TypeScriptTestSupportKt.errorsMatchBaseline(TypeScriptTestSupport.kt:125)
  at com.xemantic.typescript.compiler.TypeScriptCompilerTests_R.reuseTypeAnnotationImportTypeInGlobalThisTypeArgument_ts has expected errors matching reuseTypeAnnotationImportTypeInGlobalThisTypeArgument_errors_txt(TypeScriptCompilerTests_R.kt:2709)
  at java.base/jdk.internal.reflect.DirectMethodHandleAccessor.invoke(DirectMethodHandleAccessor.java:104)
  at java.base/java.lang.reflect.Method.invoke(Method.java:565)
  at org.junit.runners.model.FrameworkMethod$1.runReflectiveCall(FrameworkMethod.java:59)
  at org.junit.internal.runners.model.ReflectiveCallable.run(ReflectiveCallable.java:12)
  at org.junit.runners.model.FrameworkMethod.invokeExplosively(FrameworkMethod.java:56)
  at org.junit.internal.runners.statements.InvokeMethod.evaluate(InvokeMethod.java:17)
  at org.junit.runners.ParentRunner$3.evaluate(ParentRunner.java:306)
  at org.junit.runners.BlockJUnit4ClassRunner$1.evaluate(BlockJUnit4ClassRunner.java:100)
  at org.junit.runners.ParentRunner.runLeaf(ParentRunner.java:366)
  at org.junit.runners.BlockJUnit4ClassRunner.runChild(BlockJUnit4ClassRunner.java:103)
  at org.junit.runners.BlockJUnit4ClassRunner.runChild(BlockJUnit4ClassRunner.java:63)
  at org.junit.runners.ParentRunner$4.run(ParentRunner.java:331)
  at org.junit.runners.ParentRunner$1.schedule(ParentRunner.java:79)
  at org.junit.runners.ParentRunner.runChildren(ParentRunner.java:329)
  at org.junit.runners.ParentRunner.access$100(ParentRunner.java:66)
  at org.junit.runners.ParentRunner$2.evaluate(ParentRunner.java:293)
  at org.junit.runners.ParentRunner$3.evaluate(ParentRunner.java:306)
  at org.junit.runners.ParentRunner.run(ParentRunner.java:413)
  at org.junit.runner.JUnitCore.run(JUnitCore.java:137)
  at org.junit.runner.JUnitCore.run(JUnitCore.java:115)
  at org.gradle.api.internal.tasks.testing.junit.JUnitTestExecutor.runRequest(JUnitTestExecutor.java:175)
  at org.gradle.api.internal.tasks.testing.junit.JUnitTestExecutor.accept(JUnitTestExecutor.java:84)
  at org.gradle.api.internal.tasks.testing.junit.JUnitTestExecutor.accept(JUnitTestExecutor.java:47)
  at org.gradle.api.internal.tasks.testing.junit.AbstractJUnitTestDefinitionProcessor.processTestDefinition(AbstractJUnitTestDefinitionProcessor.java:65)
  at org.gradle.api.internal.tasks.testing.SuiteTestDefinitionProcessor.processTestDefinition(SuiteTestDefinitionProcessor.java:54)
  at java.base/jdk.internal.reflect.DirectMethodHandleAccessor.invoke(DirectMethodHandleAccessor.java:104)
  at java.base/java.lang.reflect.Method.invoke(Method.java:565)
  at org.gradle.internal.dispatch.MethodInvocation.invokeOn(MethodInvocation.java:77)
  at org.gradle.internal.dispatch.ReflectionDispatch.dispatch(ReflectionDispatch.java:28)
  at org.gradle.internal.dispatch.ReflectionDispatch.dispatch(ReflectionDispatch.java:19)
  at org.gradle.internal.dispatch.ContextClassLoaderDispatch.dispatch(ContextClassLoaderDispatch.java:33)
  at org.gradle.internal.dispatch.ProxyDispatchAdapter$DispatchingInvocationHandler.invoke(ProxyDispatchAdapter.java:88)
  at jdk.proxy1/jdk.proxy1.$Proxy4.processTestDefinition(Unknown Source)
  at org.gradle.api.internal.tasks.testing.worker.TestWorker$2.run(TestWorker.java:178)
  at org.gradle.api.internal.tasks.testing.worker.TestWorker.executeAndMaintainThreadName(TestWorker.java:126)
  at org.gradle.api.internal.tasks.testing.worker.TestWorker.execute(TestWorker.java:103)
  at org.gradle.api.internal.tasks.testing.worker.TestWorker.execute(TestWorker.java:63)
  at org.gradle.process.internal.worker.child.ActionExecutionWorker.execute(ActionExecutionWorker.java:56)
  at org.gradle.process.internal.worker.child.SystemApplicationClassLoaderWorker.call(SystemApplicationClassLoaderWorker.java:122)
  at org.gradle.process.internal.worker.child.SystemApplicationClassLoaderWorker.call(SystemApplicationClassLoaderWorker.java:72)
  at worker.org.gradle.process.internal.worker.GradleWorkerMain.run(GradleWorkerMain.java:69)
  at worker.org.gradle.process.internal.worker.GradleWorkerMain.main(GradleWorkerMain.java:74)
</stacktrace>
</test-failure>


TypeScriptCompilerTests_R[jvm] > reuseTypeAnnotationImportTypeInGlobalThisTypeArgument_ts has expected errors matching reuseTypeAnnotationImportTypeInGlobalThisTypeArgument_errors_txt[jvm] FAILED

<test-failure test="com.xemantic.typescript.compiler.TypeScriptCompilerTests_R.reverseMappedPartiallyInferableTypes_ts has expected errors matching reverseMappedPartiallyInferableTypes_errors_txt" platform="jvm">
<message>
--- expected
+++ actual
@@ -1,7 +1,12 @@
-reverseMappedPartiallyInferableTypes.ts(91,20): error TS18046: 'k' is of type 'unknown'.
+reverseMappedPartiallyInferableTypes.ts(36,24): error TS7006: Parameter 'x' implicitly has an 'any' type.
+reverseMappedPartiallyInferableTypes.ts(80,18): error TS7006: Parameter 'k' implicitly has an 'any' type.
+reverseMappedPartiallyInferableTypes.ts(90,18): error TS7006: Parameter 'k' implicitly has an 'any' type.
+reverseMappedPartiallyInferableTypes.ts(105,14): error TS7006: Parameter 'arg' implicitly has an 'any' type.
+reverseMappedPartiallyInferableTypes.ts(115,14): error TS7006: Parameter 'arg' implicitly has an 'any' type.
+reverseMappedPartiallyInferableTypes.ts(125,14): error TS7006: Parameter 'arg' implicitly has an 'any' type.
 
 
-==== reverseMappedPartiallyInferableTypes.ts (1 errors) ====
+==== reverseMappedPartiallyInferableTypes.ts (6 errors) ====
     // Repro from #30505
     
     export type Prop<T> = { (): T }
@@ -38,6 +43,8 @@
             notResolved: {
                 type: Object as PropType<MyType>,
                 validator: x => {
+                           ~
+!!! error TS7006: Parameter 'x' implicitly has an 'any' type.
                     return x.valid;
                 }
             },
@@ -82,6 +89,8 @@
         foo: {
             contents: "",
             contains(k) {
+                     ~
+!!! error TS7006: Parameter 'k' implicitly has an 'any' type.
                 return k.length > 0;
             }
         }
@@ -92,9 +101,9 @@
     const obj3 = id({
         foo: {
             contains(k) {
+                     ~
+!!! error TS7006: Parameter 'k' implicitly has an 'any' type.
                 return k.length > 0;
-                       ~
-!!! error TS18046: 'k' is of type 'unknown'.
             }
         }
     });
@@ -109,6 +118,8 @@
     
     inferMapped1({
         key: [3, arg => arg.key > 5]
+                 ~~~
+!!! error TS7006: Parameter 'arg' implicitly has an 'any' type.
     });
     
     type Mapped2<T> = {
@@ -119,6 +130,8 @@
     
     inferMapped2({
         key: [3, arg => arg.key > 5]
+                 ~~~
+!!! error TS7006: Parameter 'arg' implicitly has an 'any' type.
     });
     
     type MappedReadonly<T> = {
@@ -129,4 +142,6 @@
     
     inferMappedReadonly({
         key: [3, arg => arg.key > 5]
+                 ~~~
+!!! error TS7006: Parameter 'arg' implicitly has an 'any' type.
     });

</message>
<stacktrace>
  at org.junit.Assert.fail(Assert.java:89)
  at kotlin.test.junit.JUnitAsserter.fail(JUnitSupport.kt:56)
  at kotlin.test.AssertionsKt__AssertionsKt.fail(Assertions.kt:563)
  at kotlin.test.AssertionsKt.fail(Unknown Source)
  at com.xemantic.kotlin.test.SameAsKt.sameAs(SameAs.kt:52)
  at com.xemantic.typescript.compiler.TypeScriptTestSupportKt.errorsMatchBaseline(TypeScriptTestSupport.kt:135)
  at com.xemantic.typescript.compiler.TypeScriptCompilerTests_R.reverseMappedPartiallyInferableTypes_ts has expected errors matching reverseMappedPartiallyInferableTypes_errors_txt(TypeScriptCompilerTests_R.kt:2744)
  at java.base/jdk.internal.reflect.DirectMethodHandleAccessor.invoke(DirectMethodHandleAccessor.java:104)
  at java.base/java.lang.reflect.Method.invoke(Method.java:565)
  at org.junit.runners.model.FrameworkMethod$1.runReflectiveCall(FrameworkMethod.java:59)
  at org.junit.internal.runners.model.ReflectiveCallable.run(ReflectiveCallable.java:12)
  at org.junit.runners.model.FrameworkMethod.invokeExplosively(FrameworkMethod.java:56)
  at org.junit.internal.runners.statements.InvokeMethod.evaluate(InvokeMethod.java:17)
  at org.junit.runners.ParentRunner$3.evaluate(ParentRunner.java:306)
  at org.junit.runners.BlockJUnit4ClassRunner$1.evaluate(BlockJUnit4ClassRunner.java:100)
  at org.junit.runners.ParentRunner.runLeaf(ParentRunner.java:366)
  at org.junit.runners.BlockJUnit4ClassRunner.runChild(BlockJUnit4ClassRunner.java:103)
  at org.junit.runners.BlockJUnit4ClassRunner.runChild(BlockJUnit4ClassRunner.java:63)
  at org.junit.runners.ParentRunner$4.run(ParentRunner.java:331)
  at org.junit.runners.ParentRunner$1.schedule(ParentRunner.java:79)
  at org.junit.runners.ParentRunner.runChildren(ParentRunner.java:329)
  at org.junit.runners.ParentRunner.access$100(ParentRunner.java:66)
  at org.junit.runners.ParentRunner$2.evaluate(ParentRunner.java:293)
  at org.junit.runners.ParentRunner$3.evaluate(ParentRunner.java:306)
  at org.junit.runners.ParentRunner.run(ParentRunner.java:413)
  at org.junit.runner.JUnitCore.run(JUnitCore.java:137)
  at org.junit.runner.JUnitCore.run(JUnitCore.java:115)
  at org.gradle.api.internal.tasks.testing.junit.JUnitTestExecutor.runRequest(JUnitTestExecutor.java:175)
  at org.gradle.api.internal.tasks.testing.junit.JUnitTestExecutor.accept(JUnitTestExecutor.java:84)
  at org.gradle.api.internal.tasks.testing.junit.JUnitTestExecutor.accept(JUnitTestExecutor.java:47)
  at org.gradle.api.internal.tasks.testing.junit.AbstractJUnitTestDefinitionProcessor.processTestDefinition(AbstractJUnitTestDefinitionProcessor.java:65)
  at org.gradle.api.internal.tasks.testing.SuiteTestDefinitionProcessor.processTestDefinition(SuiteTestDefinitionProcessor.java:54)
  at java.base/jdk.internal.reflect.DirectMethodHandleAccessor.invoke(DirectMethodHandleAccessor.java:104)
  at java.base/java.lang.reflect.Method.invoke(Method.java:565)
  at org.gradle.internal.dispatch.MethodInvocation.invokeOn(MethodInvocation.java:77)
  at org.gradle.internal.dispatch.ReflectionDispatch.dispatch(ReflectionDispatch.java:28)
  at org.gradle.internal.dispatch.ReflectionDispatch.dispatch(ReflectionDispatch.java:19)
  at org.gradle.internal.dispatch.ContextClassLoaderDispatch.dispatch(ContextClassLoaderDispatch.java:33)
  at org.gradle.internal.dispatch.ProxyDispatchAdapter$DispatchingInvocationHandler.invoke(ProxyDispatchAdapter.java:88)
  at jdk.proxy1/jdk.proxy1.$Proxy4.processTestDefinition(Unknown Source)
  at org.gradle.api.internal.tasks.testing.worker.TestWorker$2.run(TestWorker.java:178)
  at org.gradle.api.internal.tasks.testing.worker.TestWorker.executeAndMaintainThreadName(TestWorker.java:126)
  at org.gradle.api.internal.tasks.testing.worker.TestWorker.execute(TestWorker.java:103)
  at org.gradle.api.internal.tasks.testing.worker.TestWorker.execute(TestWorker.java:63)
  at org.gradle.process.internal.worker.child.ActionExecutionWorker.execute(ActionExecutionWorker.java:56)
  at org.gradle.process.internal.worker.child.SystemApplicationClassLoaderWorker.call(SystemApplicationClassLoaderWorker.java:122)
  at org.gradle.process.internal.worker.child.SystemApplicationClassLoaderWorker.call(SystemApplicationClassLoaderWorker.java:72)
  at worker.org.gradle.process.internal.worker.GradleWorkerMain.run(GradleWorkerMain.java:69)
  at worker.org.gradle.process.internal.worker.GradleWorkerMain.main(GradleWorkerMain.java:74)
</stacktrace>
</test-failure>


TypeScriptCompilerTests_R[jvm] > reverseMappedPartiallyInferableTypes_ts has expected errors matching reverseMappedPartiallyInferableTypes_errors_txt[jvm] FAILED

<test-failure test="com.xemantic.typescript.compiler.TypeScriptCompilerTests_R.recursiveBaseConstructorCreation3_ts has expected errors matching recursiveBaseConstructorCreation3_errors_txt" platform="jvm">
<message>
Expected diagnostics from baseline typescript-repo/tests/baselines/reference/recursiveBaseConstructorCreation3.errors.txt but none produced
</message>
<stacktrace>
  at com.xemantic.typescript.compiler.TypeScriptTestSupportKt.errorsMatchBaseline(TypeScriptTestSupport.kt:125)
  at com.xemantic.typescript.compiler.TypeScriptCompilerTests_R.recursiveBaseConstructorCreation3_ts has expected errors matching recursiveBaseConstructorCreation3_errors_txt(TypeScriptCompilerTests_R.kt:602)
  at java.base/jdk.internal.reflect.DirectMethodHandleAccessor.invoke(DirectMethodHandleAccessor.java:104)
  at java.base/java.lang.reflect.Method.invoke(Method.java:565)
  at org.junit.runners.model.FrameworkMethod$1.runReflectiveCall(FrameworkMethod.java:59)
  at org.junit.internal.runners.model.ReflectiveCallable.run(ReflectiveCallable.java:12)
  at org.junit.runners.model.FrameworkMethod.invokeExplosively(FrameworkMethod.java:56)
  at org.junit.internal.runners.statements.InvokeMethod.evaluate(InvokeMethod.java:17)
  at org.junit.runners.ParentRunner$3.evaluate(ParentRunner.java:306)
  at org.junit.runners.BlockJUnit4ClassRunner$1.evaluate(BlockJUnit4ClassRunner.java:100)
  at org.junit.runners.ParentRunner.runLeaf(ParentRunner.java:366)
  at org.junit.runners.BlockJUnit4ClassRunner.runChild(BlockJUnit4ClassRunner.java:103)
  at org.junit.runners.BlockJUnit4ClassRunner.runChild(BlockJUnit4ClassRunner.java:63)
  at org.junit.runners.ParentRunner$4.run(ParentRunner.java:331)
  at org.junit.runners.ParentRunner$1.schedule(ParentRunner.java:79)
  at org.junit.runners.ParentRunner.runChildren(ParentRunner.java:329)
  at org.junit.runners.ParentRunner.access$100(ParentRunner.java:66)
  at org.junit.runners.ParentRunner$2.evaluate(ParentRunner.java:293)
  at org.junit.runners.ParentRunner$3.evaluate(ParentRunner.java:306)
  at org.junit.runners.ParentRunner.run(ParentRunner.java:413)
  at org.junit.runner.JUnitCore.run(JUnitCore.java:137)
  at org.junit.runner.JUnitCore.run(JUnitCore.java:115)
  at org.gradle.api.internal.tasks.testing.junit.JUnitTestExecutor.runRequest(JUnitTestExecutor.java:175)
  at org.gradle.api.internal.tasks.testing.junit.JUnitTestExecutor.accept(JUnitTestExecutor.java:84)
  at org.gradle.api.internal.tasks.testing.junit.JUnitTestExecutor.accept(JUnitTestExecutor.java:47)
  at org.gradle.api.internal.tasks.testing.junit.AbstractJUnitTestDefinitionProcessor.processTestDefinition(AbstractJUnitTestDefinitionProcessor.java:65)
  at org.gradle.api.internal.tasks.testing.SuiteTestDefinitionProcessor.processTestDefinition(SuiteTestDefinitionProcessor.java:54)
  at java.base/jdk.internal.reflect.DirectMethodHandleAccessor.invoke(DirectMethodHandleAccessor.java:104)
  at java.base/java.lang.reflect.Method.invoke(Method.java:565)
  at org.gradle.internal.dispatch.MethodInvocation.invokeOn(MethodInvocation.java:77)
  at org.gradle.internal.dispatch.ReflectionDispatch.dispatch(ReflectionDispatch.java:28)
  at org.gradle.internal.dispatch.ReflectionDispatch.dispatch(ReflectionDispatch.java:19)
  at org.gradle.internal.dispatch.ContextClassLoaderDispatch.dispatch(ContextClassLoaderDispatch.java:33)
  at org.gradle.internal.dispatch.ProxyDispatchAdapter$DispatchingInvocationHandler.invoke(ProxyDispatchAdapter.java:88)
  at jdk.proxy1/jdk.proxy1.$Proxy4.processTestDefinition(Unknown Source)
  at org.gradle.api.internal.tasks.testing.worker.TestWorker$2.run(TestWorker.java:178)
  at org.gradle.api.internal.tasks.testing.worker.TestWorker.executeAndMaintainThreadName(TestWorker.java:126)
  at org.gradle.api.internal.tasks.testing.worker.TestWorker.execute(TestWorker.java:103)
  at org.gradle.api.internal.tasks.testing.worker.TestWorker.execute(TestWorker.java:63)
  at org.gradle.process.internal.worker.child.ActionExecutionWorker.execute(ActionExecutionWorker.java:56)
  at org.gradle.process.internal.worker.child.SystemApplicationClassLoaderWorker.call(SystemApplicationClassLoaderWorker.java:122)
  at org.gradle.process.internal.worker.child.SystemApplicationClassLoaderWorker.call(SystemApplicationClassLoaderWorker.java:72)
  at worker.org.gradle.process.internal.worker.GradleWorkerMain.run(GradleWorkerMain.java:69)
  at worker.org.gradle.process.internal.worker.GradleWorkerMain.main(GradleWorkerMain.java:74)
</stacktrace>
</test-failure>


TypeScriptCompilerTests_R[jvm] > recursiveBaseConstructorCreation3_ts has expected errors matching recursiveBaseConstructorCreation3_errors_txt[jvm] FAILED

<test-failure test="com.xemantic.typescript.compiler.TypeScriptCompilerTests_R.regularExpressionCharacterClassRangeOrder_ts has expected errors matching regularExpressionCharacterClassRangeOrder_errors_txt" platform="jvm">
<message>
Expected diagnostics from baseline typescript-repo/tests/baselines/reference/regularExpressionCharacterClassRangeOrder.errors.txt but none produced
</message>
<stacktrace>
  at com.xemantic.typescript.compiler.TypeScriptTestSupportKt.errorsMatchBaseline(TypeScriptTestSupport.kt:125)
  at com.xemantic.typescript.compiler.TypeScriptCompilerTests_R.regularExpressionCharacterClassRangeOrder_ts has expected errors matching regularExpressionCharacterClassRangeOrder_errors_txt(TypeScriptCompilerTests_R.kt:1568)
  at java.base/jdk.internal.reflect.DirectMethodHandleAccessor.invoke(DirectMethodHandleAccessor.java:104)
  at java.base/java.lang.reflect.Method.invoke(Method.java:565)
  at org.junit.runners.model.FrameworkMethod$1.runReflectiveCall(FrameworkMethod.java:59)
  at org.junit.internal.runners.model.ReflectiveCallable.run(ReflectiveCallable.java:12)
  at org.junit.runners.model.FrameworkMethod.invokeExplosively(FrameworkMethod.java:56)
  at org.junit.internal.runners.statements.InvokeMethod.evaluate(InvokeMethod.java:17)
  at org.junit.runners.ParentRunner$3.evaluate(ParentRunner.java:306)
  at org.junit.runners.BlockJUnit4ClassRunner$1.evaluate(BlockJUnit4ClassRunner.java:100)
  at org.junit.runners.ParentRunner.runLeaf(ParentRunner.java:366)
  at org.junit.runners.BlockJUnit4ClassRunner.runChild(BlockJUnit4ClassRunner.java:103)
  at org.junit.runners.BlockJUnit4ClassRunner.runChild(BlockJUnit4ClassRunner.java:63)
  at org.junit.runners.ParentRunner$4.run(ParentRunner.java:331)
  at org.junit.runners.ParentRunner$1.schedule(ParentRunner.java:79)
  at org.junit.runners.ParentRunner.runChildren(ParentRunner.java:329)
  at org.junit.runners.ParentRunner.access$100(ParentRunner.java:66)
  at org.junit.runners.ParentRunner$2.evaluate(ParentRunner.java:293)
  at org.junit.runners.ParentRunner$3.evaluate(ParentRunner.java:306)
  at org.junit.runners.ParentRunner.run(ParentRunner.java:413)
  at org.junit.runner.JUnitCore.run(JUnitCore.java:137)
  at org.junit.runner.JUnitCore.run(JUnitCore.java:115)
  at org.gradle.api.internal.tasks.testing.junit.JUnitTestExecutor.runRequest(JUnitTestExecutor.java:175)
  at org.gradle.api.internal.tasks.testing.junit.JUnitTestExecutor.accept(JUnitTestExecutor.java:84)
  at org.gradle.api.internal.tasks.testing.junit.JUnitTestExecutor.accept(JUnitTestExecutor.java:47)
  at org.gradle.api.internal.tasks.testing.junit.AbstractJUnitTestDefinitionProcessor.processTestDefinition(AbstractJUnitTestDefinitionProcessor.java:65)
  at org.gradle.api.internal.tasks.testing.SuiteTestDefinitionProcessor.processTestDefinition(SuiteTestDefinitionProcessor.java:54)
  at java.base/jdk.internal.reflect.DirectMethodHandleAccessor.invoke(DirectMethodHandleAccessor.java:104)
  at java.base/java.lang.reflect.Method.invoke(Method.java:565)
  at org.gradle.internal.dispatch.MethodInvocation.invokeOn(MethodInvocation.java:77)
  at org.gradle.internal.dispatch.ReflectionDispatch.dispatch(ReflectionDispatch.java:28)
  at org.gradle.internal.dispatch.ReflectionDispatch.dispatch(ReflectionDispatch.java:19)
  at org.gradle.internal.dispatch.ContextClassLoaderDispatch.dispatch(ContextClassLoaderDispatch.java:33)
  at org.gradle.internal.dispatch.ProxyDispatchAdapter$DispatchingInvocationHandler.invoke(ProxyDispatchAdapter.java:88)
  at jdk.proxy1/jdk.proxy1.$Proxy4.processTestDefinition(Unknown Source)
  at org.gradle.api.internal.tasks.testing.worker.TestWorker$2.run(TestWorker.java:178)
  at org.gradle.api.internal.tasks.testing.worker.TestWorker.executeAndMaintainThreadName(TestWorker.java:126)
  at org.gradle.api.internal.tasks.testing.worker.TestWorker.execute(TestWorker.java:103)
  at org.gradle.api.internal.tasks.testing.worker.TestWorker.execute(TestWorker.java:63)
  at org.gradle.process.internal.worker.child.ActionExecutionWorker.execute(ActionExecutionWorker.java:56)
  at org.gradle.process.internal.worker.child.SystemApplicationClassLoaderWorker.call(SystemApplicationClassLoaderWorker.java:122)
  at org.gradle.process.internal.worker.child.SystemApplicationClassLoaderWorker.call(SystemApplicationClassLoaderWorker.java:72)
  at worker.org.gradle.process.internal.worker.GradleWorkerMain.run(GradleWorkerMain.java:69)
  at worker.org.gradle.process.internal.worker.GradleWorkerMain.main(GradleWorkerMain.java:74)
</stacktrace>
</test-failure>


TypeScriptCompilerTests_R[jvm] > regularExpressionCharacterClassRangeOrder_ts has expected errors matching regularExpressionCharacterClassRangeOrder_errors_txt[jvm] FAILED

<test-failure test="com.xemantic.typescript.compiler.TypeScriptCompilerTests_R.requireOfJsonFileWithAmd_ts has expected errors matching requireOfJsonFileWithAmd_errors_txt" platform="jvm">
<message>
--- expected
+++ actual
@@ -1,14 +1,11 @@
 error TS5070: Option '--resolveJsonModule' cannot be specified when 'moduleResolution' is set to 'classic'.
 error TS5107: Option 'module=AMD' is deprecated and will stop functioning in TypeScript 7.0. Specify compilerOption '"ignoreDeprecations": "6.0"' to silence this error.
-file1.ts(1,21): error TS2792: Cannot find module './b'. Did you mean to set the 'moduleResolution' option to 'nodenext', or to add aliases to the 'paths' option?
 
 
 !!! error TS5070: Option '--resolveJsonModule' cannot be specified when 'moduleResolution' is set to 'classic'.
 !!! error TS5107: Option 'module=AMD' is deprecated and will stop functioning in TypeScript 7.0. Specify compilerOption '"ignoreDeprecations": "6.0"' to silence this error.
-==== file1.ts (1 errors) ====
+==== file1.ts (0 errors) ====
     import b1 = require('./b');
-                        ~~~~~
-!!! error TS2792: Cannot find module './b'. Did you mean to set the 'moduleResolution' option to 'nodenext', or to add aliases to the 'paths' option?
     let x = b1.a;
     import b2 = require('./b.json');
     if (x) {

</message>
<stacktrace>
  at org.junit.Assert.fail(Assert.java:89)
  at kotlin.test.junit.JUnitAsserter.fail(JUnitSupport.kt:56)
  at kotlin.test.AssertionsKt__AssertionsKt.fail(Assertions.kt:563)
  at kotlin.test.AssertionsKt.fail(Unknown Source)
  at com.xemantic.kotlin.test.SameAsKt.sameAs(SameAs.kt:52)
  at com.xemantic.typescript.compiler.TypeScriptTestSupportKt.errorsMatchBaseline(TypeScriptTestSupport.kt:135)
  at com.xemantic.typescript.compiler.TypeScriptCompilerTests_R.requireOfJsonFileWithAmd_ts has expected errors matching requireOfJsonFileWithAmd_errors_txt(TypeScriptCompilerTests_R.kt:1862)
  at java.base/jdk.internal.reflect.DirectMethodHandleAccessor.invoke(DirectMethodHandleAccessor.java:104)
  at java.base/java.lang.reflect.Method.invoke(Method.java:565)
  at org.junit.runners.model.FrameworkMethod$1.runReflectiveCall(FrameworkMethod.java:59)
  at org.junit.internal.runners.model.ReflectiveCallable.run(ReflectiveCallable.java:12)
  at org.junit.runners.model.FrameworkMethod.invokeExplosively(FrameworkMethod.java:56)
  at org.junit.internal.runners.statements.InvokeMethod.evaluate(InvokeMethod.java:17)
  at org.junit.runners.ParentRunner$3.evaluate(ParentRunner.java:306)
  at org.junit.runners.BlockJUnit4ClassRunner$1.evaluate(BlockJUnit4ClassRunner.java:100)
  at org.junit.runners.ParentRunner.runLeaf(ParentRunner.java:366)
  at org.junit.runners.BlockJUnit4ClassRunner.runChild(BlockJUnit4ClassRunner.java:103)
  at org.junit.runners.BlockJUnit4ClassRunner.runChild(BlockJUnit4ClassRunner.java:63)
  at org.junit.runners.ParentRunner$4.run(ParentRunner.java:331)
  at org.junit.runners.ParentRunner$1.schedule(ParentRunner.java:79)
  at org.junit.runners.ParentRunner.runChildren(ParentRunner.java:329)
  at org.junit.runners.ParentRunner.access$100(ParentRunner.java:66)
  at org.junit.runners.ParentRunner$2.evaluate(ParentRunner.java:293)
  at org.junit.runners.ParentRunner$3.evaluate(ParentRunner.java:306)
  at org.junit.runners.ParentRunner.run(ParentRunner.java:413)
  at org.junit.runner.JUnitCore.run(JUnitCore.java:137)
  at org.junit.runner.JUnitCore.run(JUnitCore.java:115)
  at org.gradle.api.internal.tasks.testing.junit.JUnitTestExecutor.runRequest(JUnitTestExecutor.java:175)
  at org.gradle.api.internal.tasks.testing.junit.JUnitTestExecutor.accept(JUnitTestExecutor.java:84)
  at org.gradle.api.internal.tasks.testing.junit.JUnitTestExecutor.accept(JUnitTestExecutor.java:47)
  at org.gradle.api.internal.tasks.testing.junit.AbstractJUnitTestDefinitionProcessor.processTestDefinition(AbstractJUnitTestDefinitionProcessor.java:65)
  at org.gradle.api.internal.tasks.testing.SuiteTestDefinitionProcessor.processTestDefinition(SuiteTestDefinitionProcessor.java:54)
  at java.base/jdk.internal.reflect.DirectMethodHandleAccessor.invoke(DirectMethodHandleAccessor.java:104)
  at java.base/java.lang.reflect.Method.invoke(Method.java:565)
  at org.gradle.internal.dispatch.MethodInvocation.invokeOn(MethodInvocation.java:77)
  at org.gradle.internal.dispatch.ReflectionDispatch.dispatch(ReflectionDispatch.java:28)
  at org.gradle.internal.dispatch.ReflectionDispatch.dispatch(ReflectionDispatch.java:19)
  at org.gradle.internal.dispatch.ContextClassLoaderDispatch.dispatch(ContextClassLoaderDispatch.java:33)
  at org.gradle.internal.dispatch.ProxyDispatchAdapter$DispatchingInvocationHandler.invoke(ProxyDispatchAdapter.java:88)
  at jdk.proxy1/jdk.proxy1.$Proxy4.processTestDefinition(Unknown Source)
  at org.gradle.api.internal.tasks.testing.worker.TestWorker$2.run(TestWorker.java:178)
  at org.gradle.api.internal.tasks.testing.worker.TestWorker.executeAndMaintainThreadName(TestWorker.java:126)
  at org.gradle.api.internal.tasks.testing.worker.TestWorker.execute(TestWorker.java:103)
  at org.gradle.api.internal.tasks.testing.worker.TestWorker.execute(TestWorker.java:63)
  at org.gradle.process.internal.worker.child.ActionExecutionWorker.execute(ActionExecutionWorker.java:56)
  at org.gradle.process.internal.worker.child.SystemApplicationClassLoaderWorker.call(SystemApplicationClassLoaderWorker.java:122)
  at org.gradle.process.internal.worker.child.SystemApplicationClassLoaderWorker.call(SystemApplicationClassLoaderWorker.java:72)
  at worker.org.gradle.process.internal.worker.GradleWorkerMain.run(GradleWorkerMain.java:69)
  at worker.org.gradle.process.internal.worker.GradleWorkerMain.main(GradleWorkerMain.java:74)
</stacktrace>
</test-failure>


TypeScriptCompilerTests_R[jvm] > requireOfJsonFileWithAmd_ts has expected errors matching requireOfJsonFileWithAmd_errors_txt[jvm] FAILED

<test-failure test="com.xemantic.typescript.compiler.TypeScriptCompilerTests_R.requireOfAnEmptyFile1_ts has expected errors matching requireOfAnEmptyFile1_errors_txt" platform="jvm">
<message>
Expected diagnostics from baseline typescript-repo/tests/baselines/reference/requireOfAnEmptyFile1.errors.txt but none produced
</message>
<stacktrace>
  at com.xemantic.typescript.compiler.TypeScriptTestSupportKt.errorsMatchBaseline(TypeScriptTestSupport.kt:125)
  at com.xemantic.typescript.compiler.TypeScriptCompilerTests_R.requireOfAnEmptyFile1_ts has expected errors matching requireOfAnEmptyFile1_errors_txt(TypeScriptCompilerTests_R.kt:1792)
  at java.base/jdk.internal.reflect.DirectMethodHandleAccessor.invoke(DirectMethodHandleAccessor.java:104)
  at java.base/java.lang.reflect.Method.invoke(Method.java:565)
  at org.junit.runners.model.FrameworkMethod$1.runReflectiveCall(FrameworkMethod.java:59)
  at org.junit.internal.runners.model.ReflectiveCallable.run(ReflectiveCallable.java:12)
  at org.junit.runners.model.FrameworkMethod.invokeExplosively(FrameworkMethod.java:56)
  at org.junit.internal.runners.statements.InvokeMethod.evaluate(InvokeMethod.java:17)
  at org.junit.runners.ParentRunner$3.evaluate(ParentRunner.java:306)
  at org.junit.runners.BlockJUnit4ClassRunner$1.evaluate(BlockJUnit4ClassRunner.java:100)
  at org.junit.runners.ParentRunner.runLeaf(ParentRunner.java:366)
  at org.junit.runners.BlockJUnit4ClassRunner.runChild(BlockJUnit4ClassRunner.java:103)
  at org.junit.runners.BlockJUnit4ClassRunner.runChild(BlockJUnit4ClassRunner.java:63)
  at org.junit.runners.ParentRunner$4.run(ParentRunner.java:331)
  at org.junit.runners.ParentRunner$1.schedule(ParentRunner.java:79)
  at org.junit.runners.ParentRunner.runChildren(ParentRunner.java:329)
  at org.junit.runners.ParentRunner.access$100(ParentRunner.java:66)
  at org.junit.runners.ParentRunner$2.evaluate(ParentRunner.java:293)
  at org.junit.runners.ParentRunner$3.evaluate(ParentRunner.java:306)
  at org.junit.runners.ParentRunner.run(ParentRunner.java:413)
  at org.junit.runner.JUnitCore.run(JUnitCore.java:137)
  at org.junit.runner.JUnitCore.run(JUnitCore.java:115)
  at org.gradle.api.internal.tasks.testing.junit.JUnitTestExecutor.runRequest(JUnitTestExecutor.java:175)
  at org.gradle.api.internal.tasks.testing.junit.JUnitTestExecutor.accept(JUnitTestExecutor.java:84)
  at org.gradle.api.internal.tasks.testing.junit.JUnitTestExecutor.accept(JUnitTestExecutor.java:47)
  at org.gradle.api.internal.tasks.testing.junit.AbstractJUnitTestDefinitionProcessor.processTestDefinition(AbstractJUnitTestDefinitionProcessor.java:65)
  at org.gradle.api.internal.tasks.testing.SuiteTestDefinitionProcessor.processTestDefinition(SuiteTestDefinitionProcessor.java:54)
  at java.base/jdk.internal.reflect.DirectMethodHandleAccessor.invoke(DirectMethodHandleAccessor.java:104)
  at java.base/java.lang.reflect.Method.invoke(Method.java:565)
  at org.gradle.internal.dispatch.MethodInvocation.invokeOn(MethodInvocation.java:77)
  at org.gradle.internal.dispatch.ReflectionDispatch.dispatch(ReflectionDispatch.java:28)
  at org.gradle.internal.dispatch.ReflectionDispatch.dispatch(ReflectionDispatch.java:19)
  at org.gradle.internal.dispatch.ContextClassLoaderDispatch.dispatch(ContextClassLoaderDispatch.java:33)
  at org.gradle.internal.dispatch.ProxyDispatchAdapter$DispatchingInvocationHandler.invoke(ProxyDispatchAdapter.java:88)
  at jdk.proxy1/jdk.proxy1.$Proxy4.processTestDefinition(Unknown Source)
  at org.gradle.api.internal.tasks.testing.worker.TestWorker$2.run(TestWorker.java:178)
  at org.gradle.api.internal.tasks.testing.worker.TestWorker.executeAndMaintainThreadName(TestWorker.java:126)
  at org.gradle.api.internal.tasks.testing.worker.TestWorker.execute(TestWorker.java:103)
  at org.gradle.api.internal.tasks.testing.worker.TestWorker.execute(TestWorker.java:63)
  at org.gradle.process.internal.worker.child.ActionExecutionWorker.execute(ActionExecutionWorker.java:56)
  at org.gradle.process.internal.worker.child.SystemApplicationClassLoaderWorker.call(SystemApplicationClassLoaderWorker.java:122)
  at org.gradle.process.internal.worker.child.SystemApplicationClassLoaderWorker.call(SystemApplicationClassLoaderWorker.java:72)
  at worker.org.gradle.process.internal.worker.GradleWorkerMain.run(GradleWorkerMain.java:69)
  at worker.org.gradle.process.internal.worker.GradleWorkerMain.main(GradleWorkerMain.java:74)
</stacktrace>
</test-failure>


TypeScriptCompilerTests_R[jvm] > requireOfAnEmptyFile1_ts has expected errors matching requireOfAnEmptyFile1_errors_txt[jvm] FAILED

<test-failure test="com.xemantic.typescript.compiler.TypeScriptCompilerTests_R.reverseMappedTypeIntersectionConstraint_ts has expected errors matching reverseMappedTypeIntersectionConstraint_errors_txt" platform="jvm">
<message>
Expected diagnostics from baseline typescript-repo/tests/baselines/reference/reverseMappedTypeIntersectionConstraint.errors.txt but none produced
</message>
<stacktrace>
  at com.xemantic.typescript.compiler.TypeScriptTestSupportKt.errorsMatchBaseline(TypeScriptTestSupport.kt:125)
  at com.xemantic.typescript.compiler.TypeScriptCompilerTests_R.reverseMappedTypeIntersectionConstraint_ts has expected errors matching reverseMappedTypeIntersectionConstraint_errors_txt(TypeScriptCompilerTests_R.kt:2786)
  at java.base/jdk.internal.reflect.DirectMethodHandleAccessor.invoke(DirectMethodHandleAccessor.java:104)
  at java.base/java.lang.reflect.Method.invoke(Method.java:565)
  at org.junit.runners.model.FrameworkMethod$1.runReflectiveCall(FrameworkMethod.java:59)
  at org.junit.internal.runners.model.ReflectiveCallable.run(ReflectiveCallable.java:12)
  at org.junit.runners.model.FrameworkMethod.invokeExplosively(FrameworkMethod.java:56)
  at org.junit.internal.runners.statements.InvokeMethod.evaluate(InvokeMethod.java:17)
  at org.junit.runners.ParentRunner$3.evaluate(ParentRunner.java:306)
  at org.junit.runners.BlockJUnit4ClassRunner$1.evaluate(BlockJUnit4ClassRunner.java:100)
  at org.junit.runners.ParentRunner.runLeaf(ParentRunner.java:366)
  at org.junit.runners.BlockJUnit4ClassRunner.runChild(BlockJUnit4ClassRunner.java:103)
  at org.junit.runners.BlockJUnit4ClassRunner.runChild(BlockJUnit4ClassRunner.java:63)
  at org.junit.runners.ParentRunner$4.run(ParentRunner.java:331)
  at org.junit.runners.ParentRunner$1.schedule(ParentRunner.java:79)
  at org.junit.runners.ParentRunner.runChildren(ParentRunner.java:329)
  at org.junit.runners.ParentRunner.access$100(ParentRunner.java:66)
  at org.junit.runners.ParentRunner$2.evaluate(ParentRunner.java:293)
  at org.junit.runners.ParentRunner$3.evaluate(ParentRunner.java:306)
  at org.junit.runners.ParentRunner.run(ParentRunner.java:413)
  at org.junit.runner.JUnitCore.run(JUnitCore.java:137)
  at org.junit.runner.JUnitCore.run(JUnitCore.java:115)
  at org.gradle.api.internal.tasks.testing.junit.JUnitTestExecutor.runRequest(JUnitTestExecutor.java:175)
  at org.gradle.api.internal.tasks.testing.junit.JUnitTestExecutor.accept(JUnitTestExecutor.java:84)
  at org.gradle.api.internal.tasks.testing.junit.JUnitTestExecutor.accept(JUnitTestExecutor.java:47)
  at org.gradle.api.internal.tasks.testing.junit.AbstractJUnitTestDefinitionProcessor.processTestDefinition(AbstractJUnitTestDefinitionProcessor.java:65)
  at org.gradle.api.internal.tasks.testing.SuiteTestDefinitionProcessor.processTestDefinition(SuiteTestDefinitionProcessor.java:54)
  at java.base/jdk.internal.reflect.DirectMethodHandleAccessor.invoke(DirectMethodHandleAccessor.java:104)
  at java.base/java.lang.reflect.Method.invoke(Method.java:565)
  at org.gradle.internal.dispatch.MethodInvocation.invokeOn(MethodInvocation.java:77)
  at org.gradle.internal.dispatch.ReflectionDispatch.dispatch(ReflectionDispatch.java:28)
  at org.gradle.internal.dispatch.ReflectionDispatch.dispatch(ReflectionDispatch.java:19)
  at org.gradle.internal.dispatch.ContextClassLoaderDispatch.dispatch(ContextClassLoaderDispatch.java:33)
  at org.gradle.internal.dispatch.ProxyDispatchAdapter$DispatchingInvocationHandler.invoke(ProxyDispatchAdapter.java:88)
  at jdk.proxy1/jdk.proxy1.$Proxy4.processTestDefinition(Unknown Source)
  at org.gradle.api.internal.tasks.testing.worker.TestWorker$2.run(TestWorker.java:178)
  at org.gradle.api.internal.tasks.testing.worker.TestWorker.executeAndMaintainThreadName(TestWorker.java:126)
  at org.gradle.api.internal.tasks.testing.worker.TestWorker.execute(TestWorker.java:103)
  at org.gradle.api.internal.tasks.testing.worker.TestWorker.execute(TestWorker.java:63)
  at org.gradle.process.internal.worker.child.ActionExecutionWorker.execute(ActionExecutionWorker.java:56)
  at org.gradle.process.internal.worker.child.SystemApplicationClassLoaderWorker.call(SystemApplicationClassLoaderWorker.java:122)
  at org.gradle.process.internal.worker.child.SystemApplicationClassLoaderWorker.call(SystemApplicationClassLoaderWorker.java:72)
  at worker.org.gradle.process.internal.worker.GradleWorkerMain.run(GradleWorkerMain.java:69)
  at worker.org.gradle.process.internal.worker.GradleWorkerMain.main(GradleWorkerMain.java:74)
</stacktrace>
</test-failure>


TypeScriptCompilerTests_R[jvm] > reverseMappedTypeIntersectionConstraint_ts has expected errors matching reverseMappedTypeIntersectionConstraint_errors_txt[jvm] FAILED

<test-failure test="com.xemantic.typescript.compiler.TypeScriptCompilerTests_R.restArgAssignmentCompat_ts has expected errors matching restArgAssignmentCompat_errors_txt" platform="jvm">
<message>
Expected diagnostics from baseline typescript-repo/tests/baselines/reference/restArgAssignmentCompat.errors.txt but none produced
</message>
<stacktrace>
  at com.xemantic.typescript.compiler.TypeScriptTestSupportKt.errorsMatchBaseline(TypeScriptTestSupport.kt:125)
  at com.xemantic.typescript.compiler.TypeScriptCompilerTests_R.restArgAssignmentCompat_ts has expected errors matching restArgAssignmentCompat_errors_txt(TypeScriptCompilerTests_R.kt:2373)
  at java.base/jdk.internal.reflect.DirectMethodHandleAccessor.invoke(DirectMethodHandleAccessor.java:104)
  at java.base/java.lang.reflect.Method.invoke(Method.java:565)
  at org.junit.runners.model.FrameworkMethod$1.runReflectiveCall(FrameworkMethod.java:59)
  at org.junit.internal.runners.model.ReflectiveCallable.run(ReflectiveCallable.java:12)
  at org.junit.runners.model.FrameworkMethod.invokeExplosively(FrameworkMethod.java:56)
  at org.junit.internal.runners.statements.InvokeMethod.evaluate(InvokeMethod.java:17)
  at org.junit.runners.ParentRunner$3.evaluate(ParentRunner.java:306)
  at org.junit.runners.BlockJUnit4ClassRunner$1.evaluate(BlockJUnit4ClassRunner.java:100)
  at org.junit.runners.ParentRunner.runLeaf(ParentRunner.java:366)
  at org.junit.runners.BlockJUnit4ClassRunner.runChild(BlockJUnit4ClassRunner.java:103)
  at org.junit.runners.BlockJUnit4ClassRunner.runChild(BlockJUnit4ClassRunner.java:63)
  at org.junit.runners.ParentRunner$4.run(ParentRunner.java:331)
  at org.junit.runners.ParentRunner$1.schedule(ParentRunner.java:79)
  at org.junit.runners.ParentRunner.runChildren(ParentRunner.java:329)
  at org.junit.runners.ParentRunner.access$100(ParentRunner.java:66)
  at org.junit.runners.ParentRunner$2.evaluate(ParentRunner.java:293)
  at org.junit.runners.ParentRunner$3.evaluate(ParentRunner.java:306)
  at org.junit.runners.ParentRunner.run(ParentRunner.java:413)
  at org.junit.runner.JUnitCore.run(JUnitCore.java:137)
  at org.junit.runner.JUnitCore.run(JUnitCore.java:115)
  at org.gradle.api.internal.tasks.testing.junit.JUnitTestExecutor.runRequest(JUnitTestExecutor.java:175)
  at org.gradle.api.internal.tasks.testing.junit.JUnitTestExecutor.accept(JUnitTestExecutor.java:84)
  at org.gradle.api.internal.tasks.testing.junit.JUnitTestExecutor.accept(JUnitTestExecutor.java:47)
  at org.gradle.api.internal.tasks.testing.junit.AbstractJUnitTestDefinitionProcessor.processTestDefinition(AbstractJUnitTestDefinitionProcessor.java:65)
  at org.gradle.api.internal.tasks.testing.SuiteTestDefinitionProcessor.processTestDefinition(SuiteTestDefinitionProcessor.java:54)
  at java.base/jdk.internal.reflect.DirectMethodHandleAccessor.invoke(DirectMethodHandleAccessor.java:104)
  at java.base/java.lang.reflect.Method.invoke(Method.java:565)
  at org.gradle.internal.dispatch.MethodInvocation.invokeOn(MethodInvocation.java:77)
  at org.gradle.internal.dispatch.ReflectionDispatch.dispatch(ReflectionDispatch.java:28)
  at org.gradle.internal.dispatch.ReflectionDispatch.dispatch(ReflectionDispatch.java:19)
  at org.gradle.internal.dispatch.ContextClassLoaderDispatch.dispatch(ContextClassLoaderDispatch.java:33)
  at org.gradle.internal.dispatch.ProxyDispatchAdapter$DispatchingInvocationHandler.invoke(ProxyDispatchAdapter.java:88)
  at jdk.proxy1/jdk.proxy1.$Proxy4.processTestDefinition(Unknown Source)
  at org.gradle.api.internal.tasks.testing.worker.TestWorker$2.run(TestWorker.java:178)
  at org.gradle.api.internal.tasks.testing.worker.TestWorker.executeAndMaintainThreadName(TestWorker.java:126)
  at org.gradle.api.internal.tasks.testing.worker.TestWorker.execute(TestWorker.java:103)
  at org.gradle.api.internal.tasks.testing.worker.TestWorker.execute(TestWorker.java:63)
  at org.gradle.process.internal.worker.child.ActionExecutionWorker.execute(ActionExecutionWorker.java:56)
  at org.gradle.process.internal.worker.child.SystemApplicationClassLoaderWorker.call(SystemApplicationClassLoaderWorker.java:122)
  at org.gradle.process.internal.worker.child.SystemApplicationClassLoaderWorker.call(SystemApplicationClassLoaderWorker.java:72)
  at worker.org.gradle.process.internal.worker.GradleWorkerMain.run(GradleWorkerMain.java:69)
  at worker.org.gradle.process.internal.worker.GradleWorkerMain.main(GradleWorkerMain.java:74)
</stacktrace>
</test-failure>


TypeScriptCompilerTests_R[jvm] > restArgAssignmentCompat_ts has expected errors matching restArgAssignmentCompat_errors_txt[jvm] FAILED

<test-failure test="com.xemantic.typescript.compiler.TypeScriptCompilerTests_R.regExpWithOpenBracketInCharClass_ts__target_es5__has expected errors matching baseline" platform="jvm">
<message>
--- expected
+++ actual
@@ -1,19 +1,10 @@
 error TS5107: Option 'target=ES5' is deprecated and will stop functioning in TypeScript 7.0. Specify compilerOption '"ignoreDeprecations": "6.0"' to silence this error.
-regExpWithOpenBracketInCharClass.ts(3,8): error TS1501: This regular expression flag is only available when targeting 'es6' or later.
-regExpWithOpenBracketInCharClass.ts(4,7): error TS1005: ']' expected.
-regExpWithOpenBracketInCharClass.ts(4,8): error TS1501: This regular expression flag is only available when targeting 'es2024' or later.
 
 
 !!! error TS5107: Option 'target=ES5' is deprecated and will stop functioning in TypeScript 7.0. Specify compilerOption '"ignoreDeprecations": "6.0"' to silence this error.
-==== regExpWithOpenBracketInCharClass.ts (3 errors) ====
+==== regExpWithOpenBracketInCharClass.ts (0 errors) ====
     const regexes: RegExp[] = [
       /[[]/,  // Valid
       /[[]/u, // Valid
-           ~
-!!! error TS1501: This regular expression flag is only available when targeting 'es6' or later.
       /[[]/v, // Well-terminated regex with an incomplete character class
-          
-!!! error TS1005: ']' expected.
-           ~
-!!! error TS1501: This regular expression flag is only available when targeting 'es2024' or later.
     ];

</message>
<stacktrace>
  at org.junit.Assert.fail(Assert.java:89)
  at kotlin.test.junit.JUnitAsserter.fail(JUnitSupport.kt:56)
  at kotlin.test.AssertionsKt__AssertionsKt.fail(Assertions.kt:563)
  at kotlin.test.AssertionsKt.fail(Unknown Source)
  at com.xemantic.kotlin.test.SameAsKt.sameAs(SameAs.kt:52)
  at com.xemantic.typescript.compiler.TypeScriptTestSupportKt.errorsMatchBaseline(TypeScriptTestSupport.kt:135)
  at com.xemantic.typescript.compiler.TypeScriptCompilerTests_R.regExpWithOpenBracketInCharClass_ts__target_es5__has expected errors matching baseline(TypeScriptCompilerTests_R.kt:1477)
  at java.base/jdk.internal.reflect.DirectMethodHandleAccessor.invoke(DirectMethodHandleAccessor.java:104)
  at java.base/java.lang.reflect.Method.invoke(Method.java:565)
  at org.junit.runners.model.FrameworkMethod$1.runReflectiveCall(FrameworkMethod.java:59)
  at org.junit.internal.runners.model.ReflectiveCallable.run(ReflectiveCallable.java:12)
  at org.junit.runners.model.FrameworkMethod.invokeExplosively(FrameworkMethod.java:56)
  at org.junit.internal.runners.statements.InvokeMethod.evaluate(InvokeMethod.java:17)
  at org.junit.runners.ParentRunner$3.evaluate(ParentRunner.java:306)
  at org.junit.runners.BlockJUnit4ClassRunner$1.evaluate(BlockJUnit4ClassRunner.java:100)
  at org.junit.runners.ParentRunner.runLeaf(ParentRunner.java:366)
  at org.junit.runners.BlockJUnit4ClassRunner.runChild(BlockJUnit4ClassRunner.java:103)
  at org.junit.runners.BlockJUnit4ClassRunner.runChild(BlockJUnit4ClassRunner.java:63)
  at org.junit.runners.ParentRunner$4.run(ParentRunner.java:331)
  at org.junit.runners.ParentRunner$1.schedule(ParentRunner.java:79)
  at org.junit.runners.ParentRunner.runChildren(ParentRunner.java:329)
  at org.junit.runners.ParentRunner.access$100(ParentRunner.java:66)
  at org.junit.runners.ParentRunner$2.evaluate(ParentRunner.java:293)
  at org.junit.runners.ParentRunner$3.evaluate(ParentRunner.java:306)
  at org.junit.runners.ParentRunner.run(ParentRunner.java:413)
  at org.junit.runner.JUnitCore.run(JUnitCore.java:137)
  at org.junit.runner.JUnitCore.run(JUnitCore.java:115)
  at org.gradle.api.internal.tasks.testing.junit.JUnitTestExecutor.runRequest(JUnitTestExecutor.java:175)
  at org.gradle.api.internal.tasks.testing.junit.JUnitTestExecutor.accept(JUnitTestExecutor.java:84)
  at org.gradle.api.internal.tasks.testing.junit.JUnitTestExecutor.accept(JUnitTestExecutor.java:47)
  at org.gradle.api.internal.tasks.testing.junit.AbstractJUnitTestDefinitionProcessor.processTestDefinition(AbstractJUnitTestDefinitionProcessor.java:65)
  at org.gradle.api.internal.tasks.testing.SuiteTestDefinitionProcessor.processTestDefinition(SuiteTestDefinitionProcessor.java:54)
  at java.base/jdk.internal.reflect.DirectMethodHandleAccessor.invoke(DirectMethodHandleAccessor.java:104)
  at java.base/java.lang.reflect.Method.invoke(Method.java:565)
  at org.gradle.internal.dispatch.MethodInvocation.invokeOn(MethodInvocation.java:77)
  at org.gradle.internal.dispatch.ReflectionDispatch.dispatch(ReflectionDispatch.java:28)
  at org.gradle.internal.dispatch.ReflectionDispatch.dispatch(ReflectionDispatch.java:19)
  at org.gradle.internal.dispatch.ContextClassLoaderDispatch.dispatch(ContextClassLoaderDispatch.java:33)
  at org.gradle.internal.dispatch.ProxyDispatchAdapter$DispatchingInvocationHandler.invoke(ProxyDispatchAdapter.java:88)
  at jdk.proxy1/jdk.proxy1.$Proxy4.processTestDefinition(Unknown Source)
  at org.gradle.api.internal.tasks.testing.worker.TestWorker$2.run(TestWorker.java:178)
  at org.gradle.api.internal.tasks.testing.worker.TestWorker.executeAndMaintainThreadName(TestWorker.java:126)
  at org.gradle.api.internal.tasks.testing.worker.TestWorker.execute(TestWorker.java:103)
  at org.gradle.api.internal.tasks.testing.worker.TestWorker.execute(TestWorker.java:63)
  at org.gradle.process.internal.worker.child.ActionExecutionWorker.execute(ActionExecutionWorker.java:56)
  at org.gradle.process.internal.worker.child.SystemApplicationClassLoaderWorker.call(SystemApplicationClassLoaderWorker.java:122)
  at org.gradle.process.internal.worker.child.SystemApplicationClassLoaderWorker.call(SystemApplicationClassLoaderWorker.java:72)
  at worker.org.gradle.process.internal.worker.GradleWorkerMain.run(GradleWorkerMain.java:69)
  at worker.org.gradle.process.internal.worker.GradleWorkerMain.main(GradleWorkerMain.java:74)
</stacktrace>
</test-failure>


TypeScriptCompilerTests_R[jvm] > regExpWithOpenBracketInCharClass_ts__target_es5__has expected errors matching baseline[jvm] FAILED

<test-failure test="com.xemantic.typescript.compiler.TypeScriptCompilerTests_R.requireOfJsonFileTypes_ts compiles to JavaScript matching requireOfJsonFileTypes_js" platform="jvm">
<message>
--- expected
+++ actual
@@ -53,15 +53,25 @@
     "d": false
 }
 //// [out/c.json]
-["a", null, "string"]
+[
+    "a",
+    null,
+    "string"
+]
 //// [out/d.json]
 "dConfig"
 //// [out/e.json]
 -10
 //// [out/f.json]
-[-10, 30]
+[
+    -10,
+    30
+]
 //// [out/g.json]
-[true, false]
+[
+    true,
+    false
+]
 //// [out/file1.js]
 "use strict";
 Object.defineProperty(exports, "__esModule", { value: true });

</message>
<stacktrace>
  at org.junit.Assert.fail(Assert.java:89)
  at kotlin.test.junit.JUnitAsserter.fail(JUnitSupport.kt:56)
  at kotlin.test.AssertionsKt__AssertionsKt.fail(Assertions.kt:563)
  at kotlin.test.AssertionsKt.fail(Unknown Source)
  at com.xemantic.kotlin.test.SameAsKt.sameAs(SameAs.kt:52)
  at com.xemantic.typescript.compiler.TypeScriptTestSupportKt.sameAs(TypeScriptTestSupport.kt:99)
  at com.xemantic.typescript.compiler.TypeScriptCompilerTests_R.requireOfJsonFileTypes_ts compiles to JavaScript matching requireOfJsonFileTypes_js(TypeScriptCompilerTests_R.kt:1841)
  at java.base/jdk.internal.reflect.DirectMethodHandleAccessor.invoke(DirectMethodHandleAccessor.java:104)
  at java.base/java.lang.reflect.Method.invoke(Method.java:565)
  at org.junit.runners.model.FrameworkMethod$1.runReflectiveCall(FrameworkMethod.java:59)
  at org.junit.internal.runners.model.ReflectiveCallable.run(ReflectiveCallable.java:12)
  at org.junit.runners.model.FrameworkMethod.invokeExplosively(FrameworkMethod.java:56)
  at org.junit.internal.runners.statements.InvokeMethod.evaluate(InvokeMethod.java:17)
  at org.junit.runners.ParentRunner$3.evaluate(ParentRunner.java:306)
  at org.junit.runners.BlockJUnit4ClassRunner$1.evaluate(BlockJUnit4ClassRunner.java:100)
  at org.junit.runners.ParentRunner.runLeaf(ParentRunner.java:366)
  at org.junit.runners.BlockJUnit4ClassRunner.runChild(BlockJUnit4ClassRunner.java:103)
  at org.junit.runners.BlockJUnit4ClassRunner.runChild(BlockJUnit4ClassRunner.java:63)
  at org.junit.runners.ParentRunner$4.run(ParentRunner.java:331)
  at org.junit.runners.ParentRunner$1.schedule(ParentRunner.java:79)
  at org.junit.runners.ParentRunner.runChildren(ParentRunner.java:329)
  at org.junit.runners.ParentRunner.access$100(ParentRunner.java:66)
  at org.junit.runners.ParentRunner$2.evaluate(ParentRunner.java:293)
  at org.junit.runners.ParentRunner$3.evaluate(ParentRunner.java:306)
  at org.junit.runners.ParentRunner.run(ParentRunner.java:413)
  at org.junit.runner.JUnitCore.run(JUnitCore.java:137)
  at org.junit.runner.JUnitCore.run(JUnitCore.java:115)
  at org.gradle.api.internal.tasks.testing.junit.JUnitTestExecutor.runRequest(JUnitTestExecutor.java:175)
  at org.gradle.api.internal.tasks.testing.junit.JUnitTestExecutor.accept(JUnitTestExecutor.java:84)
  at org.gradle.api.internal.tasks.testing.junit.JUnitTestExecutor.accept(JUnitTestExecutor.java:47)
  at org.gradle.api.internal.tasks.testing.junit.AbstractJUnitTestDefinitionProcessor.processTestDefinition(AbstractJUnitTestDefinitionProcessor.java:65)
  at org.gradle.api.internal.tasks.testing.SuiteTestDefinitionProcessor.processTestDefinition(SuiteTestDefinitionProcessor.java:54)
  at java.base/jdk.internal.reflect.DirectMethodHandleAccessor.invoke(DirectMethodHandleAccessor.java:104)
  at java.base/java.lang.reflect.Method.invoke(Method.java:565)
  at org.gradle.internal.dispatch.MethodInvocation.invokeOn(MethodInvocation.java:77)
  at org.gradle.internal.dispatch.ReflectionDispatch.dispatch(ReflectionDispatch.java:28)
  at org.gradle.internal.dispatch.ReflectionDispatch.dispatch(ReflectionDispatch.java:19)
  at org.gradle.internal.dispatch.ContextClassLoaderDispatch.dispatch(ContextClassLoaderDispatch.java:33)
  at org.gradle.internal.dispatch.ProxyDispatchAdapter$DispatchingInvocationHandler.invoke(ProxyDispatchAdapter.java:88)
  at jdk.proxy1/jdk.proxy1.$Proxy4.processTestDefinition(Unknown Source)
  at org.gradle.api.internal.tasks.testing.worker.TestWorker$2.run(TestWorker.java:178)
  at org.gradle.api.internal.tasks.testing.worker.TestWorker.executeAndMaintainThreadName(TestWorker.java:126)
  at org.gradle.api.internal.tasks.testing.worker.TestWorker.execute(TestWorker.java:103)
  at org.gradle.api.internal.tasks.testing.worker.TestWorker.execute(TestWorker.java:63)
  at org.gradle.process.internal.worker.child.ActionExecutionWorker.execute(ActionExecutionWorker.java:56)
  at org.gradle.process.internal.worker.child.SystemApplicationClassLoaderWorker.call(SystemApplicationClassLoaderWorker.java:122)
  at org.gradle.process.internal.worker.child.SystemApplicationClassLoaderWorker.call(SystemApplicationClassLoaderWorker.java:72)
  at worker.org.gradle.process.internal.worker.GradleWorkerMain.run(GradleWorkerMain.java:69)
  at worker.org.gradle.process.internal.worker.GradleWorkerMain.main(GradleWorkerMain.java:74)
</stacktrace>
</test-failure>


TypeScriptCompilerTests_R[jvm] > requireOfJsonFileTypes_ts compiles to JavaScript matching requireOfJsonFileTypes_js[jvm] FAILED

<test-failure test="com.xemantic.typescript.compiler.TypeScriptCompilerTests_R.recursiveBaseCheck3_ts has expected errors matching recursiveBaseCheck3_errors_txt" platform="jvm">
<message>
--- expected
+++ actual
@@ -1,20 +1,11 @@
-recursiveBaseCheck3.ts(1,7): error TS2506: 'A' is referenced directly or indirectly in its own base expression.
 recursiveBaseCheck3.ts(1,20): error TS2449: Class 'C' used before its declaration.
-recursiveBaseCheck3.ts(2,7): error TS2506: 'C' is referenced directly or indirectly in its own base expression.
-recursiveBaseCheck3.ts(4,9): error TS2339: Property 'blah' does not exist on type 'C<unknown>'.
 
 
-==== recursiveBaseCheck3.ts (4 errors) ====
+==== recursiveBaseCheck3.ts (1 errors) ====
     class A<T> extends C<T> { }
-          ~
-!!! error TS2506: 'A' is referenced directly or indirectly in its own base expression.
                        ~
 !!! error TS2449: Class 'C' used before its declaration.
 !!! related TS2728 recursiveBaseCheck3.ts:2:7: 'C' is declared here.
     class C<T> extends A<T> { }
-          ~
-!!! error TS2506: 'C' is referenced directly or indirectly in its own base expression.
     
     (new C).blah;
-            ~~~~
-!!! error TS2339: Property 'blah' does not exist on type 'C<unknown>'.

</message>
<stacktrace>
  at org.junit.Assert.fail(Assert.java:89)
  at kotlin.test.junit.JUnitAsserter.fail(JUnitSupport.kt:56)
  at kotlin.test.AssertionsKt__AssertionsKt.fail(Assertions.kt:563)
  at kotlin.test.AssertionsKt.fail(Unknown Source)
  at com.xemantic.kotlin.test.SameAsKt.sameAs(SameAs.kt:52)
  at com.xemantic.typescript.compiler.TypeScriptTestSupportKt.errorsMatchBaseline(TypeScriptTestSupport.kt:135)
  at com.xemantic.typescript.compiler.TypeScriptCompilerTests_R.recursiveBaseCheck3_ts has expected errors matching recursiveBaseCheck3_errors_txt(TypeScriptCompilerTests_R.kt:532)
  at java.base/jdk.internal.reflect.DirectMethodHandleAccessor.invoke(DirectMethodHandleAccessor.java:104)
  at java.base/java.lang.reflect.Method.invoke(Method.java:565)
  at org.junit.runners.model.FrameworkMethod$1.runReflectiveCall(FrameworkMethod.java:59)
  at org.junit.internal.runners.model.ReflectiveCallable.run(ReflectiveCallable.java:12)
  at org.junit.runners.model.FrameworkMethod.invokeExplosively(FrameworkMethod.java:56)
  at org.junit.internal.runners.statements.InvokeMethod.evaluate(InvokeMethod.java:17)
  at org.junit.runners.ParentRunner$3.evaluate(ParentRunner.java:306)
  at org.junit.runners.BlockJUnit4ClassRunner$1.evaluate(BlockJUnit4ClassRunner.java:100)
  at org.junit.runners.ParentRunner.runLeaf(ParentRunner.java:366)
  at org.junit.runners.BlockJUnit4ClassRunner.runChild(BlockJUnit4ClassRunner.java:103)
  at org.junit.runners.BlockJUnit4ClassRunner.runChild(BlockJUnit4ClassRunner.java:63)
  at org.junit.runners.ParentRunner$4.run(ParentRunner.java:331)
  at org.junit.runners.ParentRunner$1.schedule(ParentRunner.java:79)
  at org.junit.runners.ParentRunner.runChildren(ParentRunner.java:329)
  at org.junit.runners.ParentRunner.access$100(ParentRunner.java:66)
  at org.junit.runners.ParentRunner$2.evaluate(ParentRunner.java:293)
  at org.junit.runners.ParentRunner$3.evaluate(ParentRunner.java:306)
  at org.junit.runners.ParentRunner.run(ParentRunner.java:413)
  at org.junit.runner.JUnitCore.run(JUnitCore.java:137)
  at org.junit.runner.JUnitCore.run(JUnitCore.java:115)
  at org.gradle.api.internal.tasks.testing.junit.JUnitTestExecutor.runRequest(JUnitTestExecutor.java:175)
  at org.gradle.api.internal.tasks.testing.junit.JUnitTestExecutor.accept(JUnitTestExecutor.java:84)
  at org.gradle.api.internal.tasks.testing.junit.JUnitTestExecutor.accept(JUnitTestExecutor.java:47)
  at org.gradle.api.internal.tasks.testing.junit.AbstractJUnitTestDefinitionProcessor.processTestDefinition(AbstractJUnitTestDefinitionProcessor.java:65)
  at org.gradle.api.internal.tasks.testing.SuiteTestDefinitionProcessor.processTestDefinition(SuiteTestDefinitionProcessor.java:54)
  at java.base/jdk.internal.reflect.DirectMethodHandleAccessor.invoke(DirectMethodHandleAccessor.java:104)
  at java.base/java.lang.reflect.Method.invoke(Method.java:565)
  at org.gradle.internal.dispatch.MethodInvocation.invokeOn(MethodInvocation.java:77)
  at org.gradle.internal.dispatch.ReflectionDispatch.dispatch(ReflectionDispatch.java:28)
  at org.gradle.internal.dispatch.ReflectionDispatch.dispatch(ReflectionDispatch.java:19)
  at org.gradle.internal.dispatch.ContextClassLoaderDispatch.dispatch(ContextClassLoaderDispatch.java:33)
  at org.gradle.internal.dispatch.ProxyDispatchAdapter$DispatchingInvocationHandler.invoke(ProxyDispatchAdapter.java:88)
  at jdk.proxy1/jdk.proxy1.$Proxy4.processTestDefinition(Unknown Source)
  at org.gradle.api.internal.tasks.testing.worker.TestWorker$2.run(TestWorker.java:178)
  at org.gradle.api.internal.tasks.testing.worker.TestWorker.executeAndMaintainThreadName(TestWorker.java:126)
  at org.gradle.api.internal.tasks.testing.worker.TestWorker.execute(TestWorker.java:103)
  at org.gradle.api.internal.tasks.testing.worker.TestWorker.execute(TestWorker.java:63)
  at org.gradle.process.internal.worker.child.ActionExecutionWorker.execute(ActionExecutionWorker.java:56)
  at org.gradle.process.internal.worker.child.SystemApplicationClassLoaderWorker.call(SystemApplicationClassLoaderWorker.java:122)
  at org.gradle.process.internal.worker.child.SystemApplicationClassLoaderWorker.call(SystemApplicationClassLoaderWorker.java:72)
  at worker.org.gradle.process.internal.worker.GradleWorkerMain.run(GradleWorkerMain.java:69)
  at worker.org.gradle.process.internal.worker.GradleWorkerMain.main(GradleWorkerMain.java:74)
</stacktrace>
</test-failure>


TypeScriptCompilerTests_R[jvm] > recursiveBaseCheck3_ts has expected errors matching recursiveBaseCheck3_errors_txt[jvm] FAILED

<test-failure test="com.xemantic.typescript.compiler.TypeScriptCompilerTests_R.requireOfJsonFileWithModuleNodeResolutionEmitAmdOutFile_ts compiles to JavaScript matching requireOfJsonFileWithModuleNodeResolutionEmitAmdOutFile_js" platform="jvm">
<message>
--- expected
+++ actual
@@ -9,11 +9,7 @@
     "b": "hello"
 }
 
-//// [out/output.js]
-define("b", [], {
-    "a": true,
-    "b": "hello"
-});
+//// [output.js]
 define("file1", ["require", "exports"], function (require, exports) {
     "use strict";
     Object.defineProperty(exports, "__esModule", { value: true });

</message>
<stacktrace>
  at org.junit.Assert.fail(Assert.java:89)
  at kotlin.test.junit.JUnitAsserter.fail(JUnitSupport.kt:56)
  at kotlin.test.AssertionsKt__AssertionsKt.fail(Assertions.kt:563)
  at kotlin.test.AssertionsKt.fail(Unknown Source)
  at com.xemantic.kotlin.test.SameAsKt.sameAs(SameAs.kt:52)
  at com.xemantic.typescript.compiler.TypeScriptTestSupportKt.sameAs(TypeScriptTestSupport.kt:99)
  at com.xemantic.typescript.compiler.TypeScriptCompilerTests_R.requireOfJsonFileWithModuleNodeResolutionEmitAmdOutFile_ts compiles to JavaScript matching requireOfJsonFileWithModuleNodeResolutionEmitAmdOutFile_js(TypeScriptCompilerTests_R.kt:1967)
  at java.base/jdk.internal.reflect.DirectMethodHandleAccessor.invoke(DirectMethodHandleAccessor.java:104)
  at java.base/java.lang.reflect.Method.invoke(Method.java:565)
  at org.junit.runners.model.FrameworkMethod$1.runReflectiveCall(FrameworkMethod.java:59)
  at org.junit.internal.runners.model.ReflectiveCallable.run(ReflectiveCallable.java:12)
  at org.junit.runners.model.FrameworkMethod.invokeExplosively(FrameworkMethod.java:56)
  at org.junit.internal.runners.statements.InvokeMethod.evaluate(InvokeMethod.java:17)
  at org.junit.runners.ParentRunner$3.evaluate(ParentRunner.java:306)
  at org.junit.runners.BlockJUnit4ClassRunner$1.evaluate(BlockJUnit4ClassRunner.java:100)
  at org.junit.runners.ParentRunner.runLeaf(ParentRunner.java:366)
  at org.junit.runners.BlockJUnit4ClassRunner.runChild(BlockJUnit4ClassRunner.java:103)
  at org.junit.runners.BlockJUnit4ClassRunner.runChild(BlockJUnit4ClassRunner.java:63)
  at org.junit.runners.ParentRunner$4.run(ParentRunner.java:331)
  at org.junit.runners.ParentRunner$1.schedule(ParentRunner.java:79)
  at org.junit.runners.ParentRunner.runChildren(ParentRunner.java:329)
  at org.junit.runners.ParentRunner.access$100(ParentRunner.java:66)
  at org.junit.runners.ParentRunner$2.evaluate(ParentRunner.java:293)
  at org.junit.runners.ParentRunner$3.evaluate(ParentRunner.java:306)
  at org.junit.runners.ParentRunner.run(ParentRunner.java:413)
  at org.junit.runner.JUnitCore.run(JUnitCore.java:137)
  at org.junit.runner.JUnitCore.run(JUnitCore.java:115)
  at org.gradle.api.internal.tasks.testing.junit.JUnitTestExecutor.runRequest(JUnitTestExecutor.java:175)
  at org.gradle.api.internal.tasks.testing.junit.JUnitTestExecutor.accept(JUnitTestExecutor.java:84)
  at org.gradle.api.internal.tasks.testing.junit.JUnitTestExecutor.accept(JUnitTestExecutor.java:47)
  at org.gradle.api.internal.tasks.testing.junit.AbstractJUnitTestDefinitionProcessor.processTestDefinition(AbstractJUnitTestDefinitionProcessor.java:65)
  at org.gradle.api.internal.tasks.testing.SuiteTestDefinitionProcessor.processTestDefinition(SuiteTestDefinitionProcessor.java:54)
  at java.base/jdk.internal.reflect.DirectMethodHandleAccessor.invoke(DirectMethodHandleAccessor.java:104)
  at java.base/java.lang.reflect.Method.invoke(Method.java:565)
  at org.gradle.internal.dispatch.MethodInvocation.invokeOn(MethodInvocation.java:77)
  at org.gradle.internal.dispatch.ReflectionDispatch.dispatch(ReflectionDispatch.java:28)
  at org.gradle.internal.dispatch.ReflectionDispatch.dispatch(ReflectionDispatch.java:19)
  at org.gradle.internal.dispatch.ContextClassLoaderDispatch.dispatch(ContextClassLoaderDispatch.java:33)
  at org.gradle.internal.dispatch.ProxyDispatchAdapter$DispatchingInvocationHandler.invoke(ProxyDispatchAdapter.java:88)
  at jdk.proxy1/jdk.proxy1.$Proxy4.processTestDefinition(Unknown Source)
  at org.gradle.api.internal.tasks.testing.worker.TestWorker$2.run(TestWorker.java:178)
  at org.gradle.api.internal.tasks.testing.worker.TestWorker.executeAndMaintainThreadName(TestWorker.java:126)
  at org.gradle.api.internal.tasks.testing.worker.TestWorker.execute(TestWorker.java:103)
  at org.gradle.api.internal.tasks.testing.worker.TestWorker.execute(TestWorker.java:63)
  at org.gradle.process.internal.worker.child.ActionExecutionWorker.execute(ActionExecutionWorker.java:56)
  at org.gradle.process.internal.worker.child.SystemApplicationClassLoaderWorker.call(SystemApplicationClassLoaderWorker.java:122)
  at org.gradle.process.internal.worker.child.SystemApplicationClassLoaderWorker.call(SystemApplicationClassLoaderWorker.java:72)
  at worker.org.gradle.process.internal.worker.GradleWorkerMain.run(GradleWorkerMain.java:69)
  at worker.org.gradle.process.internal.worker.GradleWorkerMain.main(GradleWorkerMain.java:74)
</stacktrace>
</test-failure>


TypeScriptCompilerTests_R[jvm] > requireOfJsonFileWithModuleNodeResolutionEmitAmdOutFile_ts compiles to JavaScript matching requireOfJsonFileWithModuleNodeResolutionEmitAmdOutFile_js[jvm] FAILED

<test-failure test="com.xemantic.typescript.compiler.TypeScriptCompilerTests_R.reexportMissingDefault6_ts has expected errors matching reexportMissingDefault6_errors_txt" platform="jvm">
<message>
Expected diagnostics from baseline typescript-repo/tests/baselines/reference/reexportMissingDefault6.errors.txt but none produced
</message>
<stacktrace>
  at com.xemantic.typescript.compiler.TypeScriptTestSupportKt.errorsMatchBaseline(TypeScriptTestSupport.kt:125)
  at com.xemantic.typescript.compiler.TypeScriptCompilerTests_R.reexportMissingDefault6_ts has expected errors matching reexportMissingDefault6_errors_txt(TypeScriptCompilerTests_R.kt:1386)
  at java.base/jdk.internal.reflect.DirectMethodHandleAccessor.invoke(DirectMethodHandleAccessor.java:104)
  at java.base/java.lang.reflect.Method.invoke(Method.java:565)
  at org.junit.runners.model.FrameworkMethod$1.runReflectiveCall(FrameworkMethod.java:59)
  at org.junit.internal.runners.model.ReflectiveCallable.run(ReflectiveCallable.java:12)
  at org.junit.runners.model.FrameworkMethod.invokeExplosively(FrameworkMethod.java:56)
  at org.junit.internal.runners.statements.InvokeMethod.evaluate(InvokeMethod.java:17)
  at org.junit.runners.ParentRunner$3.evaluate(ParentRunner.java:306)
  at org.junit.runners.BlockJUnit4ClassRunner$1.evaluate(BlockJUnit4ClassRunner.java:100)
  at org.junit.runners.ParentRunner.runLeaf(ParentRunner.java:366)
  at org.junit.runners.BlockJUnit4ClassRunner.runChild(BlockJUnit4ClassRunner.java:103)
  at org.junit.runners.BlockJUnit4ClassRunner.runChild(BlockJUnit4ClassRunner.java:63)
  at org.junit.runners.ParentRunner$4.run(ParentRunner.java:331)
  at org.junit.runners.ParentRunner$1.schedule(ParentRunner.java:79)
  at org.junit.runners.ParentRunner.runChildren(ParentRunner.java:329)
  at org.junit.runners.ParentRunner.access$100(ParentRunner.java:66)
  at org.junit.runners.ParentRunner$2.evaluate(ParentRunner.java:293)
  at org.junit.runners.ParentRunner$3.evaluate(ParentRunner.java:306)
  at org.junit.runners.ParentRunner.run(ParentRunner.java:413)
  at org.junit.runner.JUnitCore.run(JUnitCore.java:137)
  at org.junit.runner.JUnitCore.run(JUnitCore.java:115)
  at org.gradle.api.internal.tasks.testing.junit.JUnitTestExecutor.runRequest(JUnitTestExecutor.java:175)
  at org.gradle.api.internal.tasks.testing.junit.JUnitTestExecutor.accept(JUnitTestExecutor.java:84)
  at org.gradle.api.internal.tasks.testing.junit.JUnitTestExecutor.accept(JUnitTestExecutor.java:47)
  at org.gradle.api.internal.tasks.testing.junit.AbstractJUnitTestDefinitionProcessor.processTestDefinition(AbstractJUnitTestDefinitionProcessor.java:65)
  at org.gradle.api.internal.tasks.testing.SuiteTestDefinitionProcessor.processTestDefinition(SuiteTestDefinitionProcessor.java:54)
  at java.base/jdk.internal.reflect.DirectMethodHandleAccessor.invoke(DirectMethodHandleAccessor.java:104)
  at java.base/java.lang.reflect.Method.invoke(Method.java:565)
  at org.gradle.internal.dispatch.MethodInvocation.invokeOn(MethodInvocation.java:77)
  at org.gradle.internal.dispatch.ReflectionDispatch.dispatch(ReflectionDispatch.java:28)
  at org.gradle.internal.dispatch.ReflectionDispatch.dispatch(ReflectionDispatch.java:19)
  at org.gradle.internal.dispatch.ContextClassLoaderDispatch.dispatch(ContextClassLoaderDispatch.java:33)
  at org.gradle.internal.dispatch.ProxyDispatchAdapter$DispatchingInvocationHandler.invoke(ProxyDispatchAdapter.java:88)
  at jdk.proxy1/jdk.proxy1.$Proxy4.processTestDefinition(Unknown Source)
  at org.gradle.api.internal.tasks.testing.worker.TestWorker$2.run(TestWorker.java:178)
  at org.gradle.api.internal.tasks.testing.worker.TestWorker.executeAndMaintainThreadName(TestWorker.java:126)
  at org.gradle.api.internal.tasks.testing.worker.TestWorker.execute(TestWorker.java:103)
  at org.gradle.api.internal.tasks.testing.worker.TestWorker.execute(TestWorker.java:63)
  at org.gradle.process.internal.worker.child.ActionExecutionWorker.execute(ActionExecutionWorker.java:56)
  at org.gradle.process.internal.worker.child.SystemApplicationClassLoaderWorker.call(SystemApplicationClassLoaderWorker.java:122)
  at org.gradle.process.internal.worker.child.SystemApplicationClassLoaderWorker.call(SystemApplicationClassLoaderWorker.java:72)
  at worker.org.gradle.process.internal.worker.GradleWorkerMain.run(GradleWorkerMain.java:69)
  at worker.org.gradle.process.internal.worker.GradleWorkerMain.main(GradleWorkerMain.java:74)
</stacktrace>
</test-failure>


TypeScriptCompilerTests_R[jvm] > reexportMissingDefault6_ts has expected errors matching reexportMissingDefault6_errors_txt[jvm] FAILED

<test-failure test="com.xemantic.typescript.compiler.TypeScriptCompilerTests_R.restUnion_ts has expected errors matching restUnion_errors_txt" platform="jvm">
<message>
--- expected
+++ actual
@@ -1,10 +1,8 @@
 restUnion.ts(4,22): error TS2454: Variable 'union' is used before being assigned.
-restUnion.ts(9,6): error TS2339: Property 'n' does not exist on type '{ n: number; } | undefined'.
-restUnion.ts(14,6): error TS2339: Property 'n' does not exist on type '{ n: number; } | null'.
 restUnion.ts(14,22): error TS2454: Variable 'nullUnion' is used before being assigned.
 
 
-==== restUnion.ts (4 errors) ====
+==== restUnion.ts (2 errors) ====
     var union: { a: number, c: boolean } | { a: string, b: string };
     
     var rest1: { c: boolean } | { b: string };
@@ -16,14 +14,10 @@
     var undefinedUnion: { n: number } | undefined;
     var rest2: {};
     var {n, ...rest2 } = undefinedUnion;
-         ~
-!!! error TS2339: Property 'n' does not exist on type '{ n: number; } | undefined'.
     
     
     var nullUnion: { n: number } | null;
     var rest3: {};
     var {n, ...rest3 } = nullUnion;
-         ~
-!!! error TS2339: Property 'n' does not exist on type '{ n: number; } | null'.
                          ~~~~~~~~~
 !!! error TS2454: Variable 'nullUnion' is used before being assigned.

</message>
<stacktrace>
  at org.junit.Assert.fail(Assert.java:89)
  at kotlin.test.junit.JUnitAsserter.fail(JUnitSupport.kt:56)
  at kotlin.test.AssertionsKt__AssertionsKt.fail(Assertions.kt:563)
  at kotlin.test.AssertionsKt.fail(Unknown Source)
  at com.xemantic.kotlin.test.SameAsKt.sameAs(SameAs.kt:52)
  at com.xemantic.typescript.compiler.TypeScriptTestSupportKt.errorsMatchBaseline(TypeScriptTestSupport.kt:135)
  at com.xemantic.typescript.compiler.TypeScriptCompilerTests_R.restUnion_ts has expected errors matching restUnion_errors_txt(TypeScriptCompilerTests_R.kt:2583)
  at java.base/jdk.internal.reflect.DirectMethodHandleAccessor.invoke(DirectMethodHandleAccessor.java:104)
  at java.base/java.lang.reflect.Method.invoke(Method.java:565)
  at org.junit.runners.model.FrameworkMethod$1.runReflectiveCall(FrameworkMethod.java:59)
  at org.junit.internal.runners.model.ReflectiveCallable.run(ReflectiveCallable.java:12)
  at org.junit.runners.model.FrameworkMethod.invokeExplosively(FrameworkMethod.java:56)
  at org.junit.internal.runners.statements.InvokeMethod.evaluate(InvokeMethod.java:17)
  at org.junit.runners.ParentRunner$3.evaluate(ParentRunner.java:306)
  at org.junit.runners.BlockJUnit4ClassRunner$1.evaluate(BlockJUnit4ClassRunner.java:100)
  at org.junit.runners.ParentRunner.runLeaf(ParentRunner.java:366)
  at org.junit.runners.BlockJUnit4ClassRunner.runChild(BlockJUnit4ClassRunner.java:103)
  at org.junit.runners.BlockJUnit4ClassRunner.runChild(BlockJUnit4ClassRunner.java:63)
  at org.junit.runners.ParentRunner$4.run(ParentRunner.java:331)
  at org.junit.runners.ParentRunner$1.schedule(ParentRunner.java:79)
  at org.junit.runners.ParentRunner.runChildren(ParentRunner.java:329)
  at org.junit.runners.ParentRunner.access$100(ParentRunner.java:66)
  at org.junit.runners.ParentRunner$2.evaluate(ParentRunner.java:293)
  at org.junit.runners.ParentRunner$3.evaluate(ParentRunner.java:306)
  at org.junit.runners.ParentRunner.run(ParentRunner.java:413)
  at org.junit.runner.JUnitCore.run(JUnitCore.java:137)
  at org.junit.runner.JUnitCore.run(JUnitCore.java:115)
  at org.gradle.api.internal.tasks.testing.junit.JUnitTestExecutor.runRequest(JUnitTestExecutor.java:175)
  at org.gradle.api.internal.tasks.testing.junit.JUnitTestExecutor.accept(JUnitTestExecutor.java:84)
  at org.gradle.api.internal.tasks.testing.junit.JUnitTestExecutor.accept(JUnitTestExecutor.java:47)
  at org.gradle.api.internal.tasks.testing.junit.AbstractJUnitTestDefinitionProcessor.processTestDefinition(AbstractJUnitTestDefinitionProcessor.java:65)
  at org.gradle.api.internal.tasks.testing.SuiteTestDefinitionProcessor.processTestDefinition(SuiteTestDefinitionProcessor.java:54)
  at java.base/jdk.internal.reflect.DirectMethodHandleAccessor.invoke(DirectMethodHandleAccessor.java:104)
  at java.base/java.lang.reflect.Method.invoke(Method.java:565)
  at org.gradle.internal.dispatch.MethodInvocation.invokeOn(MethodInvocation.java:77)
  at org.gradle.internal.dispatch.ReflectionDispatch.dispatch(ReflectionDispatch.java:28)
  at org.gradle.internal.dispatch.ReflectionDispatch.dispatch(ReflectionDispatch.java:19)
  at org.gradle.internal.dispatch.ContextClassLoaderDispatch.dispatch(ContextClassLoaderDispatch.java:33)
  at org.gradle.internal.dispatch.ProxyDispatchAdapter$DispatchingInvocationHandler.invoke(ProxyDispatchAdapter.java:88)
  at jdk.proxy1/jdk.proxy1.$Proxy4.processTestDefinition(Unknown Source)
  at org.gradle.api.internal.tasks.testing.worker.TestWorker$2.run(TestWorker.java:178)
  at org.gradle.api.internal.tasks.testing.worker.TestWorker.executeAndMaintainThreadName(TestWorker.java:126)
  at org.gradle.api.internal.tasks.testing.worker.TestWorker.execute(TestWorker.java:103)
  at org.gradle.api.internal.tasks.testing.worker.TestWorker.execute(TestWorker.java:63)
  at org.gradle.process.internal.worker.child.ActionExecutionWorker.execute(ActionExecutionWorker.java:56)
  at org.gradle.process.internal.worker.child.SystemApplicationClassLoaderWorker.call(SystemApplicationClassLoaderWorker.java:122)
  at org.gradle.process.internal.worker.child.SystemApplicationClassLoaderWorker.call(SystemApplicationClassLoaderWorker.java:72)
  at worker.org.gradle.process.internal.worker.GradleWorkerMain.run(GradleWorkerMain.java:69)
  at worker.org.gradle.process.internal.worker.GradleWorkerMain.main(GradleWorkerMain.java:74)
</stacktrace>
</test-failure>


TypeScriptCompilerTests_R[jvm] > restUnion_ts has expected errors matching restUnion_errors_txt[jvm] FAILED

<test-failure test="com.xemantic.typescript.compiler.TypeScriptCompilerTests_R.renamingDestructuredPropertyInFunctionType_ts has expected errors matching renamingDestructuredPropertyInFunctionType_errors_txt" platform="jvm">
<message>
Expected diagnostics from baseline typescript-repo/tests/baselines/reference/renamingDestructuredPropertyInFunctionType.errors.txt but none produced
</message>
<stacktrace>
  at com.xemantic.typescript.compiler.TypeScriptTestSupportKt.errorsMatchBaseline(TypeScriptTestSupport.kt:125)
  at com.xemantic.typescript.compiler.TypeScriptCompilerTests_R.renamingDestructuredPropertyInFunctionType_ts has expected errors matching renamingDestructuredPropertyInFunctionType_errors_txt(TypeScriptCompilerTests_R.kt:1729)
  at java.base/jdk.internal.reflect.DirectMethodHandleAccessor.invoke(DirectMethodHandleAccessor.java:104)
  at java.base/java.lang.reflect.Method.invoke(Method.java:565)
  at org.junit.runners.model.FrameworkMethod$1.runReflectiveCall(FrameworkMethod.java:59)
  at org.junit.internal.runners.model.ReflectiveCallable.run(ReflectiveCallable.java:12)
  at org.junit.runners.model.FrameworkMethod.invokeExplosively(FrameworkMethod.java:56)
  at org.junit.internal.runners.statements.InvokeMethod.evaluate(InvokeMethod.java:17)
  at org.junit.runners.ParentRunner$3.evaluate(ParentRunner.java:306)
  at org.junit.runners.BlockJUnit4ClassRunner$1.evaluate(BlockJUnit4ClassRunner.java:100)
  at org.junit.runners.ParentRunner.runLeaf(ParentRunner.java:366)
  at org.junit.runners.BlockJUnit4ClassRunner.runChild(BlockJUnit4ClassRunner.java:103)
  at org.junit.runners.BlockJUnit4ClassRunner.runChild(BlockJUnit4ClassRunner.java:63)
  at org.junit.runners.ParentRunner$4.run(ParentRunner.java:331)
  at org.junit.runners.ParentRunner$1.schedule(ParentRunner.java:79)
  at org.junit.runners.ParentRunner.runChildren(ParentRunner.java:329)
  at org.junit.runners.ParentRunner.access$100(ParentRunner.java:66)
  at org.junit.runners.ParentRunner$2.evaluate(ParentRunner.java:293)
  at org.junit.runners.ParentRunner$3.evaluate(ParentRunner.java:306)
  at org.junit.runners.ParentRunner.run(ParentRunner.java:413)
  at org.junit.runner.JUnitCore.run(JUnitCore.java:137)
  at org.junit.runner.JUnitCore.run(JUnitCore.java:115)
  at org.gradle.api.internal.tasks.testing.junit.JUnitTestExecutor.runRequest(JUnitTestExecutor.java:175)
  at org.gradle.api.internal.tasks.testing.junit.JUnitTestExecutor.accept(JUnitTestExecutor.java:84)
  at org.gradle.api.internal.tasks.testing.junit.JUnitTestExecutor.accept(JUnitTestExecutor.java:47)
  at org.gradle.api.internal.tasks.testing.junit.AbstractJUnitTestDefinitionProcessor.processTestDefinition(AbstractJUnitTestDefinitionProcessor.java:65)
  at org.gradle.api.internal.tasks.testing.SuiteTestDefinitionProcessor.processTestDefinition(SuiteTestDefinitionProcessor.java:54)
  at java.base/jdk.internal.reflect.DirectMethodHandleAccessor.invoke(DirectMethodHandleAccessor.java:104)
  at java.base/java.lang.reflect.Method.invoke(Method.java:565)
  at org.gradle.internal.dispatch.MethodInvocation.invokeOn(MethodInvocation.java:77)
  at org.gradle.internal.dispatch.ReflectionDispatch.dispatch(ReflectionDispatch.java:28)
  at org.gradle.internal.dispatch.ReflectionDispatch.dispatch(ReflectionDispatch.java:19)
  at org.gradle.internal.dispatch.ContextClassLoaderDispatch.dispatch(ContextClassLoaderDispatch.java:33)
  at org.gradle.internal.dispatch.ProxyDispatchAdapter$DispatchingInvocationHandler.invoke(ProxyDispatchAdapter.java:88)
  at jdk.proxy1/jdk.proxy1.$Proxy4.processTestDefinition(Unknown Source)
  at org.gradle.api.internal.tasks.testing.worker.TestWorker$2.run(TestWorker.java:178)
  at org.gradle.api.internal.tasks.testing.worker.TestWorker.executeAndMaintainThreadName(TestWorker.java:126)
  at org.gradle.api.internal.tasks.testing.worker.TestWorker.execute(TestWorker.java:103)
  at org.gradle.api.internal.tasks.testing.worker.TestWorker.execute(TestWorker.java:63)
  at org.gradle.process.internal.worker.child.ActionExecutionWorker.execute(ActionExecutionWorker.java:56)
  at org.gradle.process.internal.worker.child.SystemApplicationClassLoaderWorker.call(SystemApplicationClassLoaderWorker.java:122)
  at org.gradle.process.internal.worker.child.SystemApplicationClassLoaderWorker.call(SystemApplicationClassLoaderWorker.java:72)
  at worker.org.gradle.process.internal.worker.GradleWorkerMain.run(GradleWorkerMain.java:69)
  at worker.org.gradle.process.internal.worker.GradleWorkerMain.main(GradleWorkerMain.java:74)
</stacktrace>
</test-failure>


TypeScriptCompilerTests_R[jvm] > renamingDestructuredPropertyInFunctionType_ts has expected errors matching renamingDestructuredPropertyInFunctionType_errors_txt[jvm] FAILED

<test-failure test="com.xemantic.typescript.compiler.TypeScriptCompilerTests_R.recursiveBaseCheck5_ts has expected errors matching recursiveBaseCheck5_errors_txt" platform="jvm">
<message>
Expected diagnostics from baseline typescript-repo/tests/baselines/reference/recursiveBaseCheck5.errors.txt but none produced
</message>
<stacktrace>
  at com.xemantic.typescript.compiler.TypeScriptTestSupportKt.errorsMatchBaseline(TypeScriptTestSupport.kt:125)
  at com.xemantic.typescript.compiler.TypeScriptCompilerTests_R.recursiveBaseCheck5_ts has expected errors matching recursiveBaseCheck5_errors_txt(TypeScriptCompilerTests_R.kt:560)
  at java.base/jdk.internal.reflect.DirectMethodHandleAccessor.invoke(DirectMethodHandleAccessor.java:104)
  at java.base/java.lang.reflect.Method.invoke(Method.java:565)
  at org.junit.runners.model.FrameworkMethod$1.runReflectiveCall(FrameworkMethod.java:59)
  at org.junit.internal.runners.model.ReflectiveCallable.run(ReflectiveCallable.java:12)
  at org.junit.runners.model.FrameworkMethod.invokeExplosively(FrameworkMethod.java:56)
  at org.junit.internal.runners.statements.InvokeMethod.evaluate(InvokeMethod.java:17)
  at org.junit.runners.ParentRunner$3.evaluate(ParentRunner.java:306)
  at org.junit.runners.BlockJUnit4ClassRunner$1.evaluate(BlockJUnit4ClassRunner.java:100)
  at org.junit.runners.ParentRunner.runLeaf(ParentRunner.java:366)
  at org.junit.runners.BlockJUnit4ClassRunner.runChild(BlockJUnit4ClassRunner.java:103)
  at org.junit.runners.BlockJUnit4ClassRunner.runChild(BlockJUnit4ClassRunner.java:63)
  at org.junit.runners.ParentRunner$4.run(ParentRunner.java:331)
  at org.junit.runners.ParentRunner$1.schedule(ParentRunner.java:79)
  at org.junit.runners.ParentRunner.runChildren(ParentRunner.java:329)
  at org.junit.runners.ParentRunner.access$100(ParentRunner.java:66)
  at org.junit.runners.ParentRunner$2.evaluate(ParentRunner.java:293)
  at org.junit.runners.ParentRunner$3.evaluate(ParentRunner.java:306)
  at org.junit.runners.ParentRunner.run(ParentRunner.java:413)
  at org.junit.runner.JUnitCore.run(JUnitCore.java:137)
  at org.junit.runner.JUnitCore.run(JUnitCore.java:115)
  at org.gradle.api.internal.tasks.testing.junit.JUnitTestExecutor.runRequest(JUnitTestExecutor.java:175)
  at org.gradle.api.internal.tasks.testing.junit.JUnitTestExecutor.accept(JUnitTestExecutor.java:84)
  at org.gradle.api.internal.tasks.testing.junit.JUnitTestExecutor.accept(JUnitTestExecutor.java:47)
  at org.gradle.api.internal.tasks.testing.junit.AbstractJUnitTestDefinitionProcessor.processTestDefinition(AbstractJUnitTestDefinitionProcessor.java:65)
  at org.gradle.api.internal.tasks.testing.SuiteTestDefinitionProcessor.processTestDefinition(SuiteTestDefinitionProcessor.java:54)
  at java.base/jdk.internal.reflect.DirectMethodHandleAccessor.invoke(DirectMethodHandleAccessor.java:104)
  at java.base/java.lang.reflect.Method.invoke(Method.java:565)
  at org.gradle.internal.dispatch.MethodInvocation.invokeOn(MethodInvocation.java:77)
  at org.gradle.internal.dispatch.ReflectionDispatch.dispatch(ReflectionDispatch.java:28)
  at org.gradle.internal.dispatch.ReflectionDispatch.dispatch(ReflectionDispatch.java:19)
  at org.gradle.internal.dispatch.ContextClassLoaderDispatch.dispatch(ContextClassLoaderDispatch.java:33)
  at org.gradle.internal.dispatch.ProxyDispatchAdapter$DispatchingInvocationHandler.invoke(ProxyDispatchAdapter.java:88)
  at jdk.proxy1/jdk.proxy1.$Proxy4.processTestDefinition(Unknown Source)
  at org.gradle.api.internal.tasks.testing.worker.TestWorker$2.run(TestWorker.java:178)
  at org.gradle.api.internal.tasks.testing.worker.TestWorker.executeAndMaintainThreadName(TestWorker.java:126)
  at org.gradle.api.internal.tasks.testing.worker.TestWorker.execute(TestWorker.java:103)
  at org.gradle.api.internal.tasks.testing.worker.TestWorker.execute(TestWorker.java:63)
  at org.gradle.process.internal.worker.child.ActionExecutionWorker.execute(ActionExecutionWorker.java:56)
  at org.gradle.process.internal.worker.child.SystemApplicationClassLoaderWorker.call(SystemApplicationClassLoaderWorker.java:122)
  at org.gradle.process.internal.worker.child.SystemApplicationClassLoaderWorker.call(SystemApplicationClassLoaderWorker.java:72)
  at worker.org.gradle.process.internal.worker.GradleWorkerMain.run(GradleWorkerMain.java:69)
  at worker.org.gradle.process.internal.worker.GradleWorkerMain.main(GradleWorkerMain.java:74)
</stacktrace>
</test-failure>


TypeScriptCompilerTests_R[jvm] > recursiveBaseCheck5_ts has expected errors matching recursiveBaseCheck5_errors_txt[jvm] FAILED

<test-failure test="com.xemantic.typescript.compiler.TypeScriptCompilerTests_R.requireOfJsonFileNonRelativeWithoutExtensionResolvesToTs_ts compiles to JavaScript matching requireOfJsonFileNonRelativeWithoutExtensionResolvesToTs_js" platform="jvm">
<message>
--- expected
+++ actual
@@ -14,11 +14,8 @@
 export = 10;
 
 
-//// [out/node_modules/f.js]
+//// [out/file1.js]
 "use strict";
-module.exports = 10;
-//// [out/projects/file1.js]
-"use strict";
 Object.defineProperty(exports, "__esModule", { value: true });
 const f = require("f"); // should work to f.ts
 let fnumber = f;

</message>
<stacktrace>
  at org.junit.Assert.fail(Assert.java:89)
  at kotlin.test.junit.JUnitAsserter.fail(JUnitSupport.kt:56)
  at kotlin.test.AssertionsKt__AssertionsKt.fail(Assertions.kt:563)
  at kotlin.test.AssertionsKt.fail(Unknown Source)
  at com.xemantic.kotlin.test.SameAsKt.sameAs(SameAs.kt:52)
  at com.xemantic.typescript.compiler.TypeScriptTestSupportKt.sameAs(TypeScriptTestSupport.kt:99)
  at com.xemantic.typescript.compiler.TypeScriptCompilerTests_R.requireOfJsonFileNonRelativeWithoutExtensionResolvesToTs_ts compiles to JavaScript matching requireOfJsonFileNonRelativeWithoutExtensionResolvesToTs_js(TypeScriptCompilerTests_R.kt:1834)
  at java.base/jdk.internal.reflect.DirectMethodHandleAccessor.invoke(DirectMethodHandleAccessor.java:104)
  at java.base/java.lang.reflect.Method.invoke(Method.java:565)
  at org.junit.runners.model.FrameworkMethod$1.runReflectiveCall(FrameworkMethod.java:59)
  at org.junit.internal.runners.model.ReflectiveCallable.run(ReflectiveCallable.java:12)
  at org.junit.runners.model.FrameworkMethod.invokeExplosively(FrameworkMethod.java:56)
  at org.junit.internal.runners.statements.InvokeMethod.evaluate(InvokeMethod.java:17)
  at org.junit.runners.ParentRunner$3.evaluate(ParentRunner.java:306)
  at org.junit.runners.BlockJUnit4ClassRunner$1.evaluate(BlockJUnit4ClassRunner.java:100)
  at org.junit.runners.ParentRunner.runLeaf(ParentRunner.java:366)
  at org.junit.runners.BlockJUnit4ClassRunner.runChild(BlockJUnit4ClassRunner.java:103)
  at org.junit.runners.BlockJUnit4ClassRunner.runChild(BlockJUnit4ClassRunner.java:63)
  at org.junit.runners.ParentRunner$4.run(ParentRunner.java:331)
  at org.junit.runners.ParentRunner$1.schedule(ParentRunner.java:79)
  at org.junit.runners.ParentRunner.runChildren(ParentRunner.java:329)
  at org.junit.runners.ParentRunner.access$100(ParentRunner.java:66)
  at org.junit.runners.ParentRunner$2.evaluate(ParentRunner.java:293)
  at org.junit.runners.ParentRunner$3.evaluate(ParentRunner.java:306)
  at org.junit.runners.ParentRunner.run(ParentRunner.java:413)
  at org.junit.runner.JUnitCore.run(JUnitCore.java:137)
  at org.junit.runner.JUnitCore.run(JUnitCore.java:115)
  at org.gradle.api.internal.tasks.testing.junit.JUnitTestExecutor.runRequest(JUnitTestExecutor.java:175)
  at org.gradle.api.internal.tasks.testing.junit.JUnitTestExecutor.accept(JUnitTestExecutor.java:84)
  at org.gradle.api.internal.tasks.testing.junit.JUnitTestExecutor.accept(JUnitTestExecutor.java:47)
  at org.gradle.api.internal.tasks.testing.junit.AbstractJUnitTestDefinitionProcessor.processTestDefinition(AbstractJUnitTestDefinitionProcessor.java:65)
  at org.gradle.api.internal.tasks.testing.SuiteTestDefinitionProcessor.processTestDefinition(SuiteTestDefinitionProcessor.java:54)
  at java.base/jdk.internal.reflect.DirectMethodHandleAccessor.invoke(DirectMethodHandleAccessor.java:104)
  at java.base/java.lang.reflect.Method.invoke(Method.java:565)
  at org.gradle.internal.dispatch.MethodInvocation.invokeOn(MethodInvocation.java:77)
  at org.gradle.internal.dispatch.ReflectionDispatch.dispatch(ReflectionDispatch.java:28)
  at org.gradle.internal.dispatch.ReflectionDispatch.dispatch(ReflectionDispatch.java:19)
  at org.gradle.internal.dispatch.ContextClassLoaderDispatch.dispatch(ContextClassLoaderDispatch.java:33)
  at org.gradle.internal.dispatch.ProxyDispatchAdapter$DispatchingInvocationHandler.invoke(ProxyDispatchAdapter.java:88)
  at jdk.proxy1/jdk.proxy1.$Proxy4.processTestDefinition(Unknown Source)
  at org.gradle.api.internal.tasks.testing.worker.TestWorker$2.run(TestWorker.java:178)
  at org.gradle.api.internal.tasks.testing.worker.TestWorker.executeAndMaintainThreadName(TestWorker.java:126)
  at org.gradle.api.internal.tasks.testing.worker.TestWorker.execute(TestWorker.java:103)
  at org.gradle.api.internal.tasks.testing.worker.TestWorker.execute(TestWorker.java:63)
  at org.gradle.process.internal.worker.child.ActionExecutionWorker.execute(ActionExecutionWorker.java:56)
  at org.gradle.process.internal.worker.child.SystemApplicationClassLoaderWorker.call(SystemApplicationClassLoaderWorker.java:122)
  at org.gradle.process.internal.worker.child.SystemApplicationClassLoaderWorker.call(SystemApplicationClassLoaderWorker.java:72)
  at worker.org.gradle.process.internal.worker.GradleWorkerMain.run(GradleWorkerMain.java:69)
  at worker.org.gradle.process.internal.worker.GradleWorkerMain.main(GradleWorkerMain.java:74)
</stacktrace>
</test-failure>


TypeScriptCompilerTests_R[jvm] > requireOfJsonFileNonRelativeWithoutExtensionResolvesToTs_ts compiles to JavaScript matching requireOfJsonFileNonRelativeWithoutExtensionResolvesToTs_js[jvm] FAILED

<test-failure test="com.xemantic.typescript.compiler.TypeScriptCompilerTests_R.requireOfJsonFileWithoutResolveJsonModule_ts compiles to JavaScript matching requireOfJsonFileWithoutResolveJsonModule_js" platform="jvm">
<message>
--- expected
+++ actual
@@ -13,7 +13,7 @@
 contents Not read
 
 //// [out/b.json]
-{ contents, Not, read }
+contentsNotread
 //// [out/file1.js]
 "use strict";
 Object.defineProperty(exports, "__esModule", { value: true });

</message>
<stacktrace>
  at org.junit.Assert.fail(Assert.java:89)
  at kotlin.test.junit.JUnitAsserter.fail(JUnitSupport.kt:56)
  at kotlin.test.AssertionsKt__AssertionsKt.fail(Assertions.kt:563)
  at kotlin.test.AssertionsKt.fail(Unknown Source)
  at com.xemantic.kotlin.test.SameAsKt.sameAs(SameAs.kt:52)
  at com.xemantic.typescript.compiler.TypeScriptTestSupportKt.sameAs(TypeScriptTestSupport.kt:99)
  at com.xemantic.typescript.compiler.TypeScriptCompilerTests_R.requireOfJsonFileWithoutResolveJsonModule_ts compiles to JavaScript matching requireOfJsonFileWithoutResolveJsonModule_js(TypeScriptCompilerTests_R.kt:2121)
  at java.base/jdk.internal.reflect.DirectMethodHandleAccessor.invoke(DirectMethodHandleAccessor.java:104)
  at java.base/java.lang.reflect.Method.invoke(Method.java:565)
  at org.junit.runners.model.FrameworkMethod$1.runReflectiveCall(FrameworkMethod.java:59)
  at org.junit.internal.runners.model.ReflectiveCallable.run(ReflectiveCallable.java:12)
  at org.junit.runners.model.FrameworkMethod.invokeExplosively(FrameworkMethod.java:56)
  at org.junit.internal.runners.statements.InvokeMethod.evaluate(InvokeMethod.java:17)
  at org.junit.runners.ParentRunner$3.evaluate(ParentRunner.java:306)
  at org.junit.runners.BlockJUnit4ClassRunner$1.evaluate(BlockJUnit4ClassRunner.java:100)
  at org.junit.runners.ParentRunner.runLeaf(ParentRunner.java:366)
  at org.junit.runners.BlockJUnit4ClassRunner.runChild(BlockJUnit4ClassRunner.java:103)
  at org.junit.runners.BlockJUnit4ClassRunner.runChild(BlockJUnit4ClassRunner.java:63)
  at org.junit.runners.ParentRunner$4.run(ParentRunner.java:331)
  at org.junit.runners.ParentRunner$1.schedule(ParentRunner.java:79)
  at org.junit.runners.ParentRunner.runChildren(ParentRunner.java:329)
  at org.junit.runners.ParentRunner.access$100(ParentRunner.java:66)
  at org.junit.runners.ParentRunner$2.evaluate(ParentRunner.java:293)
  at org.junit.runners.ParentRunner$3.evaluate(ParentRunner.java:306)
  at org.junit.runners.ParentRunner.run(ParentRunner.java:413)
  at org.junit.runner.JUnitCore.run(JUnitCore.java:137)
  at org.junit.runner.JUnitCore.run(JUnitCore.java:115)
  at org.gradle.api.internal.tasks.testing.junit.JUnitTestExecutor.runRequest(JUnitTestExecutor.java:175)
  at org.gradle.api.internal.tasks.testing.junit.JUnitTestExecutor.accept(JUnitTestExecutor.java:84)
  at org.gradle.api.internal.tasks.testing.junit.JUnitTestExecutor.accept(JUnitTestExecutor.java:47)
  at org.gradle.api.internal.tasks.testing.junit.AbstractJUnitTestDefinitionProcessor.processTestDefinition(AbstractJUnitTestDefinitionProcessor.java:65)
  at org.gradle.api.internal.tasks.testing.SuiteTestDefinitionProcessor.processTestDefinition(SuiteTestDefinitionProcessor.java:54)
  at java.base/jdk.internal.reflect.DirectMethodHandleAccessor.invoke(DirectMethodHandleAccessor.java:104)
  at java.base/java.lang.reflect.Method.invoke(Method.java:565)
  at org.gradle.internal.dispatch.MethodInvocation.invokeOn(MethodInvocation.java:77)
  at org.gradle.internal.dispatch.ReflectionDispatch.dispatch(ReflectionDispatch.java:28)
  at org.gradle.internal.dispatch.ReflectionDispatch.dispatch(ReflectionDispatch.java:19)
  at org.gradle.internal.dispatch.ContextClassLoaderDispatch.dispatch(ContextClassLoaderDispatch.java:33)
  at org.gradle.internal.dispatch.ProxyDispatchAdapter$DispatchingInvocationHandler.invoke(ProxyDispatchAdapter.java:88)
  at jdk.proxy1/jdk.proxy1.$Proxy4.processTestDefinition(Unknown Source)
  at org.gradle.api.internal.tasks.testing.worker.TestWorker$2.run(TestWorker.java:178)
  at org.gradle.api.internal.tasks.testing.worker.TestWorker.executeAndMaintainThreadName(TestWorker.java:126)
  at org.gradle.api.internal.tasks.testing.worker.TestWorker.execute(TestWorker.java:103)
  at org.gradle.api.internal.tasks.testing.worker.TestWorker.execute(TestWorker.java:63)
  at org.gradle.process.internal.worker.child.ActionExecutionWorker.execute(ActionExecutionWorker.java:56)
  at org.gradle.process.internal.worker.child.SystemApplicationClassLoaderWorker.call(SystemApplicationClassLoaderWorker.java:122)
  at org.gradle.process.internal.worker.child.SystemApplicationClassLoaderWorker.call(SystemApplicationClassLoaderWorker.java:72)
  at worker.org.gradle.process.internal.worker.GradleWorkerMain.run(GradleWorkerMain.java:69)
  at worker.org.gradle.process.internal.worker.GradleWorkerMain.main(GradleWorkerMain.java:74)
</stacktrace>
</test-failure>


TypeScriptCompilerTests_R[jvm] > requireOfJsonFileWithoutResolveJsonModule_ts compiles to JavaScript matching requireOfJsonFileWithoutResolveJsonModule_js[jvm] FAILED

<test-failure test="com.xemantic.typescript.compiler.TypeScriptCompilerTests_R.regExpWithOpenBracketInCharClass_ts__target_es2015__has expected errors matching baseline" platform="jvm">
<message>
Expected diagnostics from baseline typescript-repo/tests/baselines/reference/regExpWithOpenBracketInCharClass(target=es2015).errors.txt but none produced
</message>
<stacktrace>
  at com.xemantic.typescript.compiler.TypeScriptTestSupportKt.errorsMatchBaseline(TypeScriptTestSupport.kt:125)
  at com.xemantic.typescript.compiler.TypeScriptCompilerTests_R.regExpWithOpenBracketInCharClass_ts__target_es2015__has expected errors matching baseline(TypeScriptCompilerTests_R.kt:1484)
  at java.base/jdk.internal.reflect.DirectMethodHandleAccessor.invoke(DirectMethodHandleAccessor.java:104)
  at java.base/java.lang.reflect.Method.invoke(Method.java:565)
  at org.junit.runners.model.FrameworkMethod$1.runReflectiveCall(FrameworkMethod.java:59)
  at org.junit.internal.runners.model.ReflectiveCallable.run(ReflectiveCallable.java:12)
  at org.junit.runners.model.FrameworkMethod.invokeExplosively(FrameworkMethod.java:56)
  at org.junit.internal.runners.statements.InvokeMethod.evaluate(InvokeMethod.java:17)
  at org.junit.runners.ParentRunner$3.evaluate(ParentRunner.java:306)
  at org.junit.runners.BlockJUnit4ClassRunner$1.evaluate(BlockJUnit4ClassRunner.java:100)
  at org.junit.runners.ParentRunner.runLeaf(ParentRunner.java:366)
  at org.junit.runners.BlockJUnit4ClassRunner.runChild(BlockJUnit4ClassRunner.java:103)
  at org.junit.runners.BlockJUnit4ClassRunner.runChild(BlockJUnit4ClassRunner.java:63)
  at org.junit.runners.ParentRunner$4.run(ParentRunner.java:331)
  at org.junit.runners.ParentRunner$1.schedule(ParentRunner.java:79)
  at org.junit.runners.ParentRunner.runChildren(ParentRunner.java:329)
  at org.junit.runners.ParentRunner.access$100(ParentRunner.java:66)
  at org.junit.runners.ParentRunner$2.evaluate(ParentRunner.java:293)
  at org.junit.runners.ParentRunner$3.evaluate(ParentRunner.java:306)
  at org.junit.runners.ParentRunner.run(ParentRunner.java:413)
  at org.junit.runner.JUnitCore.run(JUnitCore.java:137)
  at org.junit.runner.JUnitCore.run(JUnitCore.java:115)
  at org.gradle.api.internal.tasks.testing.junit.JUnitTestExecutor.runRequest(JUnitTestExecutor.java:175)
  at org.gradle.api.internal.tasks.testing.junit.JUnitTestExecutor.accept(JUnitTestExecutor.java:84)
  at org.gradle.api.internal.tasks.testing.junit.JUnitTestExecutor.accept(JUnitTestExecutor.java:47)
  at org.gradle.api.internal.tasks.testing.junit.AbstractJUnitTestDefinitionProcessor.processTestDefinition(AbstractJUnitTestDefinitionProcessor.java:65)
  at org.gradle.api.internal.tasks.testing.SuiteTestDefinitionProcessor.processTestDefinition(SuiteTestDefinitionProcessor.java:54)
  at java.base/jdk.internal.reflect.DirectMethodHandleAccessor.invoke(DirectMethodHandleAccessor.java:104)
  at java.base/java.lang.reflect.Method.invoke(Method.java:565)
  at org.gradle.internal.dispatch.MethodInvocation.invokeOn(MethodInvocation.java:77)
  at org.gradle.internal.dispatch.ReflectionDispatch.dispatch(ReflectionDispatch.java:28)
  at org.gradle.internal.dispatch.ReflectionDispatch.dispatch(ReflectionDispatch.java:19)
  at org.gradle.internal.dispatch.ContextClassLoaderDispatch.dispatch(ContextClassLoaderDispatch.java:33)
  at org.gradle.internal.dispatch.ProxyDispatchAdapter$DispatchingInvocationHandler.invoke(ProxyDispatchAdapter.java:88)
  at jdk.proxy1/jdk.proxy1.$Proxy4.processTestDefinition(Unknown Source)
  at org.gradle.api.internal.tasks.testing.worker.TestWorker$2.run(TestWorker.java:178)
  at org.gradle.api.internal.tasks.testing.worker.TestWorker.executeAndMaintainThreadName(TestWorker.java:126)
  at org.gradle.api.internal.tasks.testing.worker.TestWorker.execute(TestWorker.java:103)
  at org.gradle.api.internal.tasks.testing.worker.TestWorker.execute(TestWorker.java:63)
  at org.gradle.process.internal.worker.child.ActionExecutionWorker.execute(ActionExecutionWorker.java:56)
  at org.gradle.process.internal.worker.child.SystemApplicationClassLoaderWorker.call(SystemApplicationClassLoaderWorker.java:122)
  at org.gradle.process.internal.worker.child.SystemApplicationClassLoaderWorker.call(SystemApplicationClassLoaderWorker.java:72)
  at worker.org.gradle.process.internal.worker.GradleWorkerMain.run(GradleWorkerMain.java:69)
  at worker.org.gradle.process.internal.worker.GradleWorkerMain.main(GradleWorkerMain.java:74)
</stacktrace>
</test-failure>


TypeScriptCompilerTests_R[jvm] > regExpWithOpenBracketInCharClass_ts__target_es2015__has expected errors matching baseline[jvm] FAILED

<test-failure test="com.xemantic.typescript.compiler.TypeScriptCompilerTests_S.sourceMapValidationDestructuringForOfArrayBindingPatternDefaultValues2_ts__target_es2015__compiles to JavaScript matching baseline" platform="jvm">
<message>
--- expected
+++ actual
@@ -138,22 +138,28 @@
 for ([, nameA = "noName"] of [robotA, robotB]) {
     console.log(nameA);
 }
-for ([, [
+for ([,
+    [
         primarySkillA = "primary",
         secondarySkillA = "secondary"
-    ] = ["skill1", "skill2"]] of multiRobots) {
+    ] = ["skill1", "skill2"]
+] of multiRobots) {
     console.log(primarySkillA);
 }
-for ([, [
+for ([,
+    [
         primarySkillA = "primary",
         secondarySkillA = "secondary"
-    ] = ["skill1", "skill2"]] of getMultiRobots()) {
+    ] = ["skill1", "skill2"]
+] of getMultiRobots()) {
     console.log(primarySkillA);
 }
-for ([, [
+for ([,
+    [
         primarySkillA = "primary",
         secondarySkillA = "secondary"
-    ] = ["skill1", "skill2"]] of [multiRobotA, multiRobotB]) {
+    ] = ["skill1", "skill2"]
+] of [multiRobotA, multiRobotB]) {
     console.log(primarySkillA);
 }
 for ([numberB = -1] of robots) {
@@ -183,22 +189,28 @@
 for ([numberA2 = -1, nameA2 = "noName", skillA2 = "skill"] of [robotA, robotB]) {
     console.log(nameA2);
 }
-for ([nameMA = "noName", [
+for ([nameMA = "noName",
+    [
         primarySkillA = "primary",
         secondarySkillA = "secondary"
-    ] = ["skill1", "skill2"]] of multiRobots) {
+    ] = ["skill1", "skill2"]
+] of multiRobots) {
     console.log(nameMA);
 }
-for ([nameMA = "noName", [
+for ([nameMA = "noName",
+    [
         primarySkillA = "primary",
         secondarySkillA = "secondary"
-    ] = ["skill1", "skill2"]] of getMultiRobots()) {
+    ] = ["skill1", "skill2"]
+] of getMultiRobots()) {
     console.log(nameMA);
 }
-for ([nameMA = "noName", [
+for ([nameMA = "noName",
+    [
         primarySkillA = "primary",
         secondarySkillA = "secondary"
-    ] = ["skill1", "skill2"]] of [multiRobotA, multiRobotB]) {
+    ] = ["skill1", "skill2"]
+] of [multiRobotA, multiRobotB]) {
     console.log(nameMA);
 }
 for ([numberA3 = -1, ...robotAInfo] of robots) {

</message>
<stacktrace>
  at org.junit.Assert.fail(Assert.java:89)
  at kotlin.test.junit.JUnitAsserter.fail(JUnitSupport.kt:56)
  at kotlin.test.AssertionsKt__AssertionsKt.fail(Assertions.kt:563)
  at kotlin.test.AssertionsKt.fail(Unknown Source)
  at com.xemantic.kotlin.test.SameAsKt.sameAs(SameAs.kt:52)
  at com.xemantic.typescript.compiler.TypeScriptTestSupportKt.sameAs(TypeScriptTestSupport.kt:99)
  at com.xemantic.typescript.compiler.TypeScriptCompilerTests_S.sourceMapValidationDestructuringForOfArrayBindingPatternDefaultValues2_ts__target_es2015__compiles to JavaScript matching baseline(TypeScriptCompilerTests_S.kt:1302)
  at java.base/jdk.internal.reflect.DirectMethodHandleAccessor.invoke(DirectMethodHandleAccessor.java:104)
  at java.base/java.lang.reflect.Method.invoke(Method.java:565)
  at org.junit.runners.model.FrameworkMethod$1.runReflectiveCall(FrameworkMethod.java:59)
  at org.junit.internal.runners.model.ReflectiveCallable.run(ReflectiveCallable.java:12)
  at org.junit.runners.model.FrameworkMethod.invokeExplosively(FrameworkMethod.java:56)
  at org.junit.internal.runners.statements.InvokeMethod.evaluate(InvokeMethod.java:17)
  at org.junit.runners.ParentRunner$3.evaluate(ParentRunner.java:306)
  at org.junit.runners.BlockJUnit4ClassRunner$1.evaluate(BlockJUnit4ClassRunner.java:100)
  at org.junit.runners.ParentRunner.runLeaf(ParentRunner.java:366)
  at org.junit.runners.BlockJUnit4ClassRunner.runChild(BlockJUnit4ClassRunner.java:103)
  at org.junit.runners.BlockJUnit4ClassRunner.runChild(BlockJUnit4ClassRunner.java:63)
  at org.junit.runners.ParentRunner$4.run(ParentRunner.java:331)
  at org.junit.runners.ParentRunner$1.schedule(ParentRunner.java:79)
  at org.junit.runners.ParentRunner.runChildren(ParentRunner.java:329)
  at org.junit.runners.ParentRunner.access$100(ParentRunner.java:66)
  at org.junit.runners.ParentRunner$2.evaluate(ParentRunner.java:293)
  at org.junit.runners.ParentRunner$3.evaluate(ParentRunner.java:306)
  at org.junit.runners.ParentRunner.run(ParentRunner.java:413)
  at org.junit.runner.JUnitCore.run(JUnitCore.java:137)
  at org.junit.runner.JUnitCore.run(JUnitCore.java:115)
  at org.gradle.api.internal.tasks.testing.junit.JUnitTestExecutor.runRequest(JUnitTestExecutor.java:175)
  at org.gradle.api.internal.tasks.testing.junit.JUnitTestExecutor.accept(JUnitTestExecutor.java:84)
  at org.gradle.api.internal.tasks.testing.junit.JUnitTestExecutor.accept(JUnitTestExecutor.java:47)
  at org.gradle.api.internal.tasks.testing.junit.AbstractJUnitTestDefinitionProcessor.processTestDefinition(AbstractJUnitTestDefinitionProcessor.java:65)
  at org.gradle.api.internal.tasks.testing.SuiteTestDefinitionProcessor.processTestDefinition(SuiteTestDefinitionProcessor.java:54)
  at java.base/jdk.internal.reflect.DirectMethodHandleAccessor.invoke(DirectMethodHandleAccessor.java:104)
  at java.base/java.lang.reflect.Method.invoke(Method.java:565)
  at org.gradle.internal.dispatch.MethodInvocation.invokeOn(MethodInvocation.java:77)
  at org.gradle.internal.dispatch.ReflectionDispatch.dispatch(ReflectionDispatch.java:28)
  at org.gradle.internal.dispatch.ReflectionDispatch.dispatch(ReflectionDispatch.java:19)
  at org.gradle.internal.dispatch.ContextClassLoaderDispatch.dispatch(ContextClassLoaderDispatch.java:33)
  at org.gradle.internal.dispatch.ProxyDispatchAdapter$DispatchingInvocationHandler.invoke(ProxyDispatchAdapter.java:88)
  at jdk.proxy1/jdk.proxy1.$Proxy4.processTestDefinition(Unknown Source)
  at org.gradle.api.internal.tasks.testing.worker.TestWorker$2.run(TestWorker.java:178)
  at org.gradle.api.internal.tasks.testing.worker.TestWorker.executeAndMaintainThreadName(TestWorker.java:126)
  at org.gradle.api.internal.tasks.testing.worker.TestWorker.execute(TestWorker.java:103)
  at org.gradle.api.internal.tasks.testing.worker.TestWorker.execute(TestWorker.java:63)
  at org.gradle.process.internal.worker.child.ActionExecutionWorker.execute(ActionExecutionWorker.java:56)
  at org.gradle.process.internal.worker.child.SystemApplicationClassLoaderWorker.call(SystemApplicationClassLoaderWorker.java:122)
  at org.gradle.process.internal.worker.child.SystemApplicationClassLoaderWorker.call(SystemApplicationClassLoaderWorker.java:72)
  at worker.org.gradle.process.internal.worker.GradleWorkerMain.run(GradleWorkerMain.java:69)
  at worker.org.gradle.process.internal.worker.GradleWorkerMain.main(GradleWorkerMain.java:74)
</stacktrace>
</test-failure>


TypeScriptCompilerTests_S[jvm] > sourceMapValidationDestructuringForOfArrayBindingPatternDefaultValues2_ts__target_es2015__compiles to JavaScript matching baseline[jvm] FAILED

<test-failure test="com.xemantic.typescript.compiler.TypeScriptCompilerTests_S.superInObjectLiterals_ES5_ts__target_es2015__has expected errors matching baseline" platform="jvm">
<message>
Expected diagnostics from baseline typescript-repo/tests/baselines/reference/superInObjectLiterals_ES5(target=es2015).errors.txt but none produced
</message>
<stacktrace>
  at com.xemantic.typescript.compiler.TypeScriptTestSupportKt.errorsMatchBaseline(TypeScriptTestSupport.kt:125)
  at com.xemantic.typescript.compiler.TypeScriptCompilerTests_S.superInObjectLiterals_ES5_ts__target_es2015__has expected errors matching baseline(TypeScriptCompilerTests_S.kt:3710)
  at java.base/jdk.internal.reflect.DirectMethodHandleAccessor.invoke(DirectMethodHandleAccessor.java:104)
  at java.base/java.lang.reflect.Method.invoke(Method.java:565)
  at org.junit.runners.model.FrameworkMethod$1.runReflectiveCall(FrameworkMethod.java:59)
  at org.junit.internal.runners.model.ReflectiveCallable.run(ReflectiveCallable.java:12)
  at org.junit.runners.model.FrameworkMethod.invokeExplosively(FrameworkMethod.java:56)
  at org.junit.internal.runners.statements.InvokeMethod.evaluate(InvokeMethod.java:17)
  at org.junit.runners.ParentRunner$3.evaluate(ParentRunner.java:306)
  at org.junit.runners.BlockJUnit4ClassRunner$1.evaluate(BlockJUnit4ClassRunner.java:100)
  at org.junit.runners.ParentRunner.runLeaf(ParentRunner.java:366)
  at org.junit.runners.BlockJUnit4ClassRunner.runChild(BlockJUnit4ClassRunner.java:103)
  at org.junit.runners.BlockJUnit4ClassRunner.runChild(BlockJUnit4ClassRunner.java:63)
  at org.junit.runners.ParentRunner$4.run(ParentRunner.java:331)
  at org.junit.runners.ParentRunner$1.schedule(ParentRunner.java:79)
  at org.junit.runners.ParentRunner.runChildren(ParentRunner.java:329)
  at org.junit.runners.ParentRunner.access$100(ParentRunner.java:66)
  at org.junit.runners.ParentRunner$2.evaluate(ParentRunner.java:293)
  at org.junit.runners.ParentRunner$3.evaluate(ParentRunner.java:306)
  at org.junit.runners.ParentRunner.run(ParentRunner.java:413)
  at org.junit.runner.JUnitCore.run(JUnitCore.java:137)
  at org.junit.runner.JUnitCore.run(JUnitCore.java:115)
  at org.gradle.api.internal.tasks.testing.junit.JUnitTestExecutor.runRequest(JUnitTestExecutor.java:175)
  at org.gradle.api.internal.tasks.testing.junit.JUnitTestExecutor.accept(JUnitTestExecutor.java:84)
  at org.gradle.api.internal.tasks.testing.junit.JUnitTestExecutor.accept(JUnitTestExecutor.java:47)
  at org.gradle.api.internal.tasks.testing.junit.AbstractJUnitTestDefinitionProcessor.processTestDefinition(AbstractJUnitTestDefinitionProcessor.java:65)
  at org.gradle.api.internal.tasks.testing.SuiteTestDefinitionProcessor.processTestDefinition(SuiteTestDefinitionProcessor.java:54)
  at java.base/jdk.internal.reflect.DirectMethodHandleAccessor.invoke(DirectMethodHandleAccessor.java:104)
  at java.base/java.lang.reflect.Method.invoke(Method.java:565)
  at org.gradle.internal.dispatch.MethodInvocation.invokeOn(MethodInvocation.java:77)
  at org.gradle.internal.dispatch.ReflectionDispatch.dispatch(ReflectionDispatch.java:28)
  at org.gradle.internal.dispatch.ReflectionDispatch.dispatch(ReflectionDispatch.java:19)
  at org.gradle.internal.dispatch.ContextClassLoaderDispatch.dispatch(ContextClassLoaderDispatch.java:33)
  at org.gradle.internal.dispatch.ProxyDispatchAdapter$DispatchingInvocationHandler.invoke(ProxyDispatchAdapter.java:88)
  at jdk.proxy1/jdk.proxy1.$Proxy4.processTestDefinition(Unknown Source)
  at org.gradle.api.internal.tasks.testing.worker.TestWorker$2.run(TestWorker.java:178)
  at org.gradle.api.internal.tasks.testing.worker.TestWorker.executeAndMaintainThreadName(TestWorker.java:126)
  at org.gradle.api.internal.tasks.testing.worker.TestWorker.execute(TestWorker.java:103)
  at org.gradle.api.internal.tasks.testing.worker.TestWorker.execute(TestWorker.java:63)
  at org.gradle.process.internal.worker.child.ActionExecutionWorker.execute(ActionExecutionWorker.java:56)
  at org.gradle.process.internal.worker.child.SystemApplicationClassLoaderWorker.call(SystemApplicationClassLoaderWorker.java:122)
  at org.gradle.process.internal.worker.child.SystemApplicationClassLoaderWorker.call(SystemApplicationClassLoaderWorker.java:72)
  at worker.org.gradle.process.internal.worker.GradleWorkerMain.run(GradleWorkerMain.java:69)
  at worker.org.gradle.process.internal.worker.GradleWorkerMain.main(GradleWorkerMain.java:74)
</stacktrace>
</test-failure>


TypeScriptCompilerTests_S[jvm] > superInObjectLiterals_ES5_ts__target_es2015__has expected errors matching baseline[jvm] FAILED

<test-failure test="com.xemantic.typescript.compiler.TypeScriptCompilerTests_S.strictNullNotNullIndexTypeNoLib_ts has expected errors matching strictNullNotNullIndexTypeNoLib_errors_txt" platform="jvm">
<message>
Expected diagnostics from baseline typescript-repo/tests/baselines/reference/strictNullNotNullIndexTypeNoLib.errors.txt but none produced
</message>
<stacktrace>
  at com.xemantic.typescript.compiler.TypeScriptTestSupportKt.errorsMatchBaseline(TypeScriptTestSupport.kt:125)
  at com.xemantic.typescript.compiler.TypeScriptCompilerTests_S.strictNullNotNullIndexTypeNoLib_ts has expected errors matching strictNullNotNullIndexTypeNoLib_errors_txt(TypeScriptCompilerTests_S.kt:2975)
  at java.base/jdk.internal.reflect.DirectMethodHandleAccessor.invoke(DirectMethodHandleAccessor.java:104)
  at java.base/java.lang.reflect.Method.invoke(Method.java:565)
  at org.junit.runners.model.FrameworkMethod$1.runReflectiveCall(FrameworkMethod.java:59)
  at org.junit.internal.runners.model.ReflectiveCallable.run(ReflectiveCallable.java:12)
  at org.junit.runners.model.FrameworkMethod.invokeExplosively(FrameworkMethod.java:56)
  at org.junit.internal.runners.statements.InvokeMethod.evaluate(InvokeMethod.java:17)
  at org.junit.runners.ParentRunner$3.evaluate(ParentRunner.java:306)
  at org.junit.runners.BlockJUnit4ClassRunner$1.evaluate(BlockJUnit4ClassRunner.java:100)
  at org.junit.runners.ParentRunner.runLeaf(ParentRunner.java:366)
  at org.junit.runners.BlockJUnit4ClassRunner.runChild(BlockJUnit4ClassRunner.java:103)
  at org.junit.runners.BlockJUnit4ClassRunner.runChild(BlockJUnit4ClassRunner.java:63)
  at org.junit.runners.ParentRunner$4.run(ParentRunner.java:331)
  at org.junit.runners.ParentRunner$1.schedule(ParentRunner.java:79)
  at org.junit.runners.ParentRunner.runChildren(ParentRunner.java:329)
  at org.junit.runners.ParentRunner.access$100(ParentRunner.java:66)
  at org.junit.runners.ParentRunner$2.evaluate(ParentRunner.java:293)
  at org.junit.runners.ParentRunner$3.evaluate(ParentRunner.java:306)
  at org.junit.runners.ParentRunner.run(ParentRunner.java:413)
  at org.junit.runner.JUnitCore.run(JUnitCore.java:137)
  at org.junit.runner.JUnitCore.run(JUnitCore.java:115)
  at org.gradle.api.internal.tasks.testing.junit.JUnitTestExecutor.runRequest(JUnitTestExecutor.java:175)
  at org.gradle.api.internal.tasks.testing.junit.JUnitTestExecutor.accept(JUnitTestExecutor.java:84)
  at org.gradle.api.internal.tasks.testing.junit.JUnitTestExecutor.accept(JUnitTestExecutor.java:47)
  at org.gradle.api.internal.tasks.testing.junit.AbstractJUnitTestDefinitionProcessor.processTestDefinition(AbstractJUnitTestDefinitionProcessor.java:65)
  at org.gradle.api.internal.tasks.testing.SuiteTestDefinitionProcessor.processTestDefinition(SuiteTestDefinitionProcessor.java:54)
  at java.base/jdk.internal.reflect.DirectMethodHandleAccessor.invoke(DirectMethodHandleAccessor.java:104)
  at java.base/java.lang.reflect.Method.invoke(Method.java:565)
  at org.gradle.internal.dispatch.MethodInvocation.invokeOn(MethodInvocation.java:77)
  at org.gradle.internal.dispatch.ReflectionDispatch.dispatch(ReflectionDispatch.java:28)
  at org.gradle.internal.dispatch.ReflectionDispatch.dispatch(ReflectionDispatch.java:19)
  at org.gradle.internal.dispatch.ContextClassLoaderDispatch.dispatch(ContextClassLoaderDispatch.java:33)
  at org.gradle.internal.dispatch.ProxyDispatchAdapter$DispatchingInvocationHandler.invoke(ProxyDispatchAdapter.java:88)
  at jdk.proxy1/jdk.proxy1.$Proxy4.processTestDefinition(Unknown Source)
  at org.gradle.api.internal.tasks.testing.worker.TestWorker$2.run(TestWorker.java:178)
  at org.gradle.api.internal.tasks.testing.worker.TestWorker.executeAndMaintainThreadName(TestWorker.java:126)
  at org.gradle.api.internal.tasks.testing.worker.TestWorker.execute(TestWorker.java:103)
  at org.gradle.api.internal.tasks.testing.worker.TestWorker.execute(TestWorker.java:63)
  at org.gradle.process.internal.worker.child.ActionExecutionWorker.execute(ActionExecutionWorker.java:56)
  at org.gradle.process.internal.worker.child.SystemApplicationClassLoaderWorker.call(SystemApplicationClassLoaderWorker.java:122)
  at org.gradle.process.internal.worker.child.SystemApplicationClassLoaderWorker.call(SystemApplicationClassLoaderWorker.java:72)
  at worker.org.gradle.process.internal.worker.GradleWorkerMain.run(GradleWorkerMain.java:69)
  at worker.org.gradle.process.internal.worker.GradleWorkerMain.main(GradleWorkerMain.java:74)
</stacktrace>
</test-failure>


TypeScriptCompilerTests_S[jvm] > strictNullNotNullIndexTypeNoLib_ts has expected errors matching strictNullNotNullIndexTypeNoLib_errors_txt[jvm] FAILED

<test-failure test="com.xemantic.typescript.compiler.TypeScriptCompilerTests_S.systemModule17_ts compiles to JavaScript matching systemModule17_js" platform="jvm">
<message>
--- expected
+++ actual
@@ -55,7 +55,7 @@
 //// [f2.js]
 System.register(["f1"], function (exports_1, context_1) {
     "use strict";
-    var x, N, IX, f1_1;
+    var f1_1, x, N, IX;
     var __moduleName = context_1 && context_1.id;
     return {
         setters: [
@@ -64,15 +64,13 @@
             }
         ],
         execute: function () {
-            x = 1;
-            exports_1("x", x);
-            exports_1("x1", x);
+            exports_1("x", x = 1);
             (function (N) {
                 N.x = 1;
             })(N || (N = {}));
-            IX = N.x;
-            exports_1("IX", IX);
-            exports_1("IX1", IX);
+            exports_1("IX", IX = N.x);
+            exports_1("x", x);
+            exports_1("x1", x);
             exports_1("A", f1_1.A);
             exports_1("A1", f1_1.A);
             exports_1("EA", f1_1.A);

</message>
<stacktrace>
  at org.junit.Assert.fail(Assert.java:89)
  at kotlin.test.junit.JUnitAsserter.fail(JUnitSupport.kt:56)
  at kotlin.test.AssertionsKt__AssertionsKt.fail(Assertions.kt:563)
  at kotlin.test.AssertionsKt.fail(Unknown Source)
  at com.xemantic.kotlin.test.SameAsKt.sameAs(SameAs.kt:52)
  at com.xemantic.typescript.compiler.TypeScriptTestSupportKt.sameAs(TypeScriptTestSupport.kt:99)
  at com.xemantic.typescript.compiler.TypeScriptCompilerTests_S.systemModule17_ts compiles to JavaScript matching systemModule17_js(TypeScriptCompilerTests_S.kt:4382)
  at java.base/jdk.internal.reflect.DirectMethodHandleAccessor.invoke(DirectMethodHandleAccessor.java:104)
  at java.base/java.lang.reflect.Method.invoke(Method.java:565)
  at org.junit.runners.model.FrameworkMethod$1.runReflectiveCall(FrameworkMethod.java:59)
  at org.junit.internal.runners.model.ReflectiveCallable.run(ReflectiveCallable.java:12)
  at org.junit.runners.model.FrameworkMethod.invokeExplosively(FrameworkMethod.java:56)
  at org.junit.internal.runners.statements.InvokeMethod.evaluate(InvokeMethod.java:17)
  at org.junit.runners.ParentRunner$3.evaluate(ParentRunner.java:306)
  at org.junit.runners.BlockJUnit4ClassRunner$1.evaluate(BlockJUnit4ClassRunner.java:100)
  at org.junit.runners.ParentRunner.runLeaf(ParentRunner.java:366)
  at org.junit.runners.BlockJUnit4ClassRunner.runChild(BlockJUnit4ClassRunner.java:103)
  at org.junit.runners.BlockJUnit4ClassRunner.runChild(BlockJUnit4ClassRunner.java:63)
  at org.junit.runners.ParentRunner$4.run(ParentRunner.java:331)
  at org.junit.runners.ParentRunner$1.schedule(ParentRunner.java:79)
  at org.junit.runners.ParentRunner.runChildren(ParentRunner.java:329)
  at org.junit.runners.ParentRunner.access$100(ParentRunner.java:66)
  at org.junit.runners.ParentRunner$2.evaluate(ParentRunner.java:293)
  at org.junit.runners.ParentRunner$3.evaluate(ParentRunner.java:306)
  at org.junit.runners.ParentRunner.run(ParentRunner.java:413)
  at org.junit.runner.JUnitCore.run(JUnitCore.java:137)
  at org.junit.runner.JUnitCore.run(JUnitCore.java:115)
  at org.gradle.api.internal.tasks.testing.junit.JUnitTestExecutor.runRequest(JUnitTestExecutor.java:175)
  at org.gradle.api.internal.tasks.testing.junit.JUnitTestExecutor.accept(JUnitTestExecutor.java:84)
  at org.gradle.api.internal.tasks.testing.junit.JUnitTestExecutor.accept(JUnitTestExecutor.java:47)
  at org.gradle.api.internal.tasks.testing.junit.AbstractJUnitTestDefinitionProcessor.processTestDefinition(AbstractJUnitTestDefinitionProcessor.java:65)
  at org.gradle.api.internal.tasks.testing.SuiteTestDefinitionProcessor.processTestDefinition(SuiteTestDefinitionProcessor.java:54)
  at java.base/jdk.internal.reflect.DirectMethodHandleAccessor.invoke(DirectMethodHandleAccessor.java:104)
  at java.base/java.lang.reflect.Method.invoke(Method.java:565)
  at org.gradle.internal.dispatch.MethodInvocation.invokeOn(MethodInvocation.java:77)
  at org.gradle.internal.dispatch.ReflectionDispatch.dispatch(ReflectionDispatch.java:28)
  at org.gradle.internal.dispatch.ReflectionDispatch.dispatch(ReflectionDispatch.java:19)
  at org.gradle.internal.dispatch.ContextClassLoaderDispatch.dispatch(ContextClassLoaderDispatch.java:33)
  at org.gradle.internal.dispatch.ProxyDispatchAdapter$DispatchingInvocationHandler.invoke(ProxyDispatchAdapter.java:88)
  at jdk.proxy1/jdk.proxy1.$Proxy4.processTestDefinition(Unknown Source)
  at org.gradle.api.internal.tasks.testing.worker.TestWorker$2.run(TestWorker.java:178)
  at org.gradle.api.internal.tasks.testing.worker.TestWorker.executeAndMaintainThreadName(TestWorker.java:126)
  at org.gradle.api.internal.tasks.testing.worker.TestWorker.execute(TestWorker.java:103)
  at org.gradle.api.internal.tasks.testing.worker.TestWorker.execute(TestWorker.java:63)
  at org.gradle.process.internal.worker.child.ActionExecutionWorker.execute(ActionExecutionWorker.java:56)
  at org.gradle.process.internal.worker.child.SystemApplicationClassLoaderWorker.call(SystemApplicationClassLoaderWorker.java:122)
  at org.gradle.process.internal.worker.child.SystemApplicationClassLoaderWorker.call(SystemApplicationClassLoaderWorker.java:72)
  at worker.org.gradle.process.internal.worker.GradleWorkerMain.run(GradleWorkerMain.java:69)
  at worker.org.gradle.process.internal.worker.GradleWorkerMain.main(GradleWorkerMain.java:74)
</stacktrace>
</test-failure>


TypeScriptCompilerTests_S[jvm] > systemModule17_ts compiles to JavaScript matching systemModule17_js[jvm] FAILED

<test-failure test="com.xemantic.typescript.compiler.TypeScriptCompilerTests_S.staticFieldWithInterfaceContext_ts compiles to JavaScript matching staticFieldWithInterfaceContext_js" platform="jvm">
<message>
--- expected
+++ actual
@@ -30,81 +30,64 @@
 
 //// [staticFieldWithInterfaceContext.js]
 "use strict";
-var __setFunctionName = (this && this.__setFunctionName) || function (f, name, prefix) {
-    if (typeof name === "symbol") name = name.description ? "[".concat(name.description, "]") : "";
-    return Object.defineProperty(f, "name", { configurable: true, value: prefix ? "".concat(prefix, " ", name) : name });
-};
-var _a, _b, _c, _d, _e, _f, _g, _h, _j, _k, _l, _m, _o, _p, _q;
+var _a, _b, _a, _b, _c, _d, _e, _f, _g, _h, _j, _k, _l, _m, _o, _p;
 let c = (_a = class {
     },
-    __setFunctionName(_a, "c"),
-    // should typecheck the same as the last line
     _a.x = { a: "a" },
     _a);
 c.x = { a: "a" };
 const ex = "x";
 let c2 = (_b = class {
     },
-    _c = ex,
-    __setFunctionName(_b, "c2"),
-    _b[_c] = { a: "a" },
+    _b[ex] = { a: "a" },
     _b);
 c[ex] = { a: "a" };
-function f(c) { var _r; if (c === void 0) { c = (_r = class {
+function f(c = (_b = class {
     },
-    __setFunctionName(_r, "c"),
-    _r.x = { a: "a" },
-    _r); } }
-let { c: c3 } = { c: (_d = class {
-        },
-        __setFunctionName(_d, "c"),
-        _d.x = { a: "a" },
-        _d) };
-let { c: c4 = (_e = class {
+    _b.x = { a: "a" },
+    _b)) { }
+let { c: c3 } = { c: (_c = class {
     },
-    __setFunctionName(_e, "c4"),
+    _c.x = { a: "a" },
+    _c) };
+let { c: c4 = (_d = class {
+    },
+    _d.x = { a: "a" },
+    _d) } = {};
+let { c: c5 = (_e = class {
+    },
     _e.x = { a: "a" },
-    _e) } = {};
-let { c: c5 = (_f = class {
+    _e) } = { c: (_f = class {
     },
-    __setFunctionName(_f, "c5"),
     _f.x = { a: "a" },
-    _f) } = { c: (_g = class {
-        },
-        __setFunctionName(_g, "c"),
-        _g.x = { a: "a" },
-        _g) };
-let [c6] = [(_h = class {
-        },
-        _h.x = { a: "a" },
-        _h)];
-let [c7] = [(_j = class {
-        },
-        _j.x = { a: "a" },
-        _j)];
-let [c8 = (_k = class {
+    _f) };
+let [c6] = [(_g = class {
     },
-    __setFunctionName(_k, "c8"),
+    _g.x = { a: "a" },
+    _g)];
+let [c7] = [(_h = class {
+    },
+    _h.x = { a: "a" },
+    _h)];
+let [c8 = (_j = class {
+    },
+    _j.x = { a: "a" },
+    _j)] = [];
+let [c9 = (_k = class {
+    },
     _k.x = { a: "a" },
     _k)] = [];
-let [c9 = (_l = class {
+let [c10 = (_l = class {
     },
-    __setFunctionName(_l, "c9"),
     _l.x = { a: "a" },
-    _l)] = [];
-let [c10 = (_m = class {
+    _l)] = [(_m = class {
     },
-    __setFunctionName(_m, "c10"),
     _m.x = { a: "a" },
-    _m)] = [(_o = class {
-        },
-        _o.x = { a: "a" },
-        _o)];
-let [c11 = (_p = class {
+    _m)];
+let [c11 = (_o = class {
     },
-    __setFunctionName(_p, "c11"),
+    _o.x = { a: "a" },
+    _o)] = [(_p = class {
+    },
     _p.x = { a: "a" },
-    _p)] = [(_q = class {
-        },
-        _q.x = { a: "a" },
-        _q)];
+    _p)];

</message>
<stacktrace>
  at org.junit.Assert.fail(Assert.java:89)
  at kotlin.test.junit.JUnitAsserter.fail(JUnitSupport.kt:56)
  at kotlin.test.AssertionsKt__AssertionsKt.fail(Assertions.kt:563)
  at kotlin.test.AssertionsKt.fail(Unknown Source)
  at com.xemantic.kotlin.test.SameAsKt.sameAs(SameAs.kt:52)
  at com.xemantic.typescript.compiler.TypeScriptTestSupportKt.sameAs(TypeScriptTestSupport.kt:99)
  at com.xemantic.typescript.compiler.TypeScriptCompilerTests_S.staticFieldWithInterfaceContext_ts compiles to JavaScript matching staticFieldWithInterfaceContext_js(TypeScriptCompilerTests_S.kt:2387)
  at java.base/jdk.internal.reflect.DirectMethodHandleAccessor.invoke(DirectMethodHandleAccessor.java:104)
  at java.base/java.lang.reflect.Method.invoke(Method.java:565)
  at org.junit.runners.model.FrameworkMethod$1.runReflectiveCall(FrameworkMethod.java:59)
  at org.junit.internal.runners.model.ReflectiveCallable.run(ReflectiveCallable.java:12)
  at org.junit.runners.model.FrameworkMethod.invokeExplosively(FrameworkMethod.java:56)
  at org.junit.internal.runners.statements.InvokeMethod.evaluate(InvokeMethod.java:17)
  at org.junit.runners.ParentRunner$3.evaluate(ParentRunner.java:306)
  at org.junit.runners.BlockJUnit4ClassRunner$1.evaluate(BlockJUnit4ClassRunner.java:100)
  at org.junit.runners.ParentRunner.runLeaf(ParentRunner.java:366)
  at org.junit.runners.BlockJUnit4ClassRunner.runChild(BlockJUnit4ClassRunner.java:103)
  at org.junit.runners.BlockJUnit4ClassRunner.runChild(BlockJUnit4ClassRunner.java:63)
  at org.junit.runners.ParentRunner$4.run(ParentRunner.java:331)
  at org.junit.runners.ParentRunner$1.schedule(ParentRunner.java:79)
  at org.junit.runners.ParentRunner.runChildren(ParentRunner.java:329)
  at org.junit.runners.ParentRunner.access$100(ParentRunner.java:66)
  at org.junit.runners.ParentRunner$2.evaluate(ParentRunner.java:293)
  at org.junit.runners.ParentRunner$3.evaluate(ParentRunner.java:306)
  at org.junit.runners.ParentRunner.run(ParentRunner.java:413)
  at org.junit.runner.JUnitCore.run(JUnitCore.java:137)
  at org.junit.runner.JUnitCore.run(JUnitCore.java:115)
  at org.gradle.api.internal.tasks.testing.junit.JUnitTestExecutor.runRequest(JUnitTestExecutor.java:175)
  at org.gradle.api.internal.tasks.testing.junit.JUnitTestExecutor.accept(JUnitTestExecutor.java:84)
  at org.gradle.api.internal.tasks.testing.junit.JUnitTestExecutor.accept(JUnitTestExecutor.java:47)
  at org.gradle.api.internal.tasks.testing.junit.AbstractJUnitTestDefinitionProcessor.processTestDefinition(AbstractJUnitTestDefinitionProcessor.java:65)
  at org.gradle.api.internal.tasks.testing.SuiteTestDefinitionProcessor.processTestDefinition(SuiteTestDefinitionProcessor.java:54)
  at java.base/jdk.internal.reflect.DirectMethodHandleAccessor.invoke(DirectMethodHandleAccessor.java:104)
  at java.base/java.lang.reflect.Method.invoke(Method.java:565)
  at org.gradle.internal.dispatch.MethodInvocation.invokeOn(MethodInvocation.java:77)
  at org.gradle.internal.dispatch.ReflectionDispatch.dispatch(ReflectionDispatch.java:28)
  at org.gradle.internal.dispatch.ReflectionDispatch.dispatch(ReflectionDispatch.java:19)
  at org.gradle.internal.dispatch.ContextClassLoaderDispatch.dispatch(ContextClassLoaderDispatch.java:33)
  at org.gradle.internal.dispatch.ProxyDispatchAdapter$DispatchingInvocationHandler.invoke(ProxyDispatchAdapter.java:88)
  at jdk.proxy1/jdk.proxy1.$Proxy4.processTestDefinition(Unknown Source)
  at org.gradle.api.internal.tasks.testing.worker.TestWorker$2.run(TestWorker.java:178)
  at org.gradle.api.internal.tasks.testing.worker.TestWorker.executeAndMaintainThreadName(TestWorker.java:126)
  at org.gradle.api.internal.tasks.testing.worker.TestWorker.execute(TestWorker.java:103)
  at org.gradle.api.internal.tasks.testing.worker.TestWorker.execute(TestWorker.java:63)
  at org.gradle.process.internal.worker.child.ActionExecutionWorker.execute(ActionExecutionWorker.java:56)
  at org.gradle.process.internal.worker.child.SystemApplicationClassLoaderWorker.call(SystemApplicationClassLoaderWorker.java:122)
  at org.gradle.process.internal.worker.child.SystemApplicationClassLoaderWorker.call(SystemApplicationClassLoaderWorker.java:72)
  at worker.org.gradle.process.internal.worker.GradleWorkerMain.run(GradleWorkerMain.java:69)
  at worker.org.gradle.process.internal.worker.GradleWorkerMain.main(GradleWorkerMain.java:74)
</stacktrace>
</test-failure>


TypeScriptCompilerTests_S[jvm] > staticFieldWithInterfaceContext_ts compiles to JavaScript matching staticFieldWithInterfaceContext_js[jvm] FAILED

<test-failure test="com.xemantic.typescript.compiler.TypeScriptCompilerTests_S.signatureLengthMismatchCall_ts has expected errors matching signatureLengthMismatchCall_errors_txt" platform="jvm">
<message>
Expected diagnostics from baseline typescript-repo/tests/baselines/reference/signatureLengthMismatchCall.errors.txt but none produced
</message>
<stacktrace>
  at com.xemantic.typescript.compiler.TypeScriptTestSupportKt.errorsMatchBaseline(TypeScriptTestSupport.kt:125)
  at com.xemantic.typescript.compiler.TypeScriptCompilerTests_S.signatureLengthMismatchCall_ts has expected errors matching signatureLengthMismatchCall_errors_txt(TypeScriptCompilerTests_S.kt:770)
  at java.base/jdk.internal.reflect.DirectMethodHandleAccessor.invoke(DirectMethodHandleAccessor.java:104)
  at java.base/java.lang.reflect.Method.invoke(Method.java:565)
  at org.junit.runners.model.FrameworkMethod$1.runReflectiveCall(FrameworkMethod.java:59)
  at org.junit.internal.runners.model.ReflectiveCallable.run(ReflectiveCallable.java:12)
  at org.junit.runners.model.FrameworkMethod.invokeExplosively(FrameworkMethod.java:56)
  at org.junit.internal.runners.statements.InvokeMethod.evaluate(InvokeMethod.java:17)
  at org.junit.runners.ParentRunner$3.evaluate(ParentRunner.java:306)
  at org.junit.runners.BlockJUnit4ClassRunner$1.evaluate(BlockJUnit4ClassRunner.java:100)
  at org.junit.runners.ParentRunner.runLeaf(ParentRunner.java:366)
  at org.junit.runners.BlockJUnit4ClassRunner.runChild(BlockJUnit4ClassRunner.java:103)
  at org.junit.runners.BlockJUnit4ClassRunner.runChild(BlockJUnit4ClassRunner.java:63)
  at org.junit.runners.ParentRunner$4.run(ParentRunner.java:331)
  at org.junit.runners.ParentRunner$1.schedule(ParentRunner.java:79)
  at org.junit.runners.ParentRunner.runChildren(ParentRunner.java:329)
  at org.junit.runners.ParentRunner.access$100(ParentRunner.java:66)
  at org.junit.runners.ParentRunner$2.evaluate(ParentRunner.java:293)
  at org.junit.runners.ParentRunner$3.evaluate(ParentRunner.java:306)
  at org.junit.runners.ParentRunner.run(ParentRunner.java:413)
  at org.junit.runner.JUnitCore.run(JUnitCore.java:137)
  at org.junit.runner.JUnitCore.run(JUnitCore.java:115)
  at org.gradle.api.internal.tasks.testing.junit.JUnitTestExecutor.runRequest(JUnitTestExecutor.java:175)
  at org.gradle.api.internal.tasks.testing.junit.JUnitTestExecutor.accept(JUnitTestExecutor.java:84)
  at org.gradle.api.internal.tasks.testing.junit.JUnitTestExecutor.accept(JUnitTestExecutor.java:47)
  at org.gradle.api.internal.tasks.testing.junit.AbstractJUnitTestDefinitionProcessor.processTestDefinition(AbstractJUnitTestDefinitionProcessor.java:65)
  at org.gradle.api.internal.tasks.testing.SuiteTestDefinitionProcessor.processTestDefinition(SuiteTestDefinitionProcessor.java:54)
  at java.base/jdk.internal.reflect.DirectMethodHandleAccessor.invoke(DirectMethodHandleAccessor.java:104)
  at java.base/java.lang.reflect.Method.invoke(Method.java:565)
  at org.gradle.internal.dispatch.MethodInvocation.invokeOn(MethodInvocation.java:77)
  at org.gradle.internal.dispatch.ReflectionDispatch.dispatch(ReflectionDispatch.java:28)
  at org.gradle.internal.dispatch.ReflectionDispatch.dispatch(ReflectionDispatch.java:19)
  at org.gradle.internal.dispatch.ContextClassLoaderDispatch.dispatch(ContextClassLoaderDispatch.java:33)
  at org.gradle.internal.dispatch.ProxyDispatchAdapter$DispatchingInvocationHandler.invoke(ProxyDispatchAdapter.java:88)
  at jdk.proxy1/jdk.proxy1.$Proxy4.processTestDefinition(Unknown Source)
  at org.gradle.api.internal.tasks.testing.worker.TestWorker$2.run(TestWorker.java:178)
  at org.gradle.api.internal.tasks.testing.worker.TestWorker.executeAndMaintainThreadName(TestWorker.java:126)
  at org.gradle.api.internal.tasks.testing.worker.TestWorker.execute(TestWorker.java:103)
  at org.gradle.api.internal.tasks.testing.worker.TestWorker.execute(TestWorker.java:63)
  at org.gradle.process.internal.worker.child.ActionExecutionWorker.execute(ActionExecutionWorker.java:56)
  at org.gradle.process.internal.worker.child.SystemApplicationClassLoaderWorker.call(SystemApplicationClassLoaderWorker.java:122)
  at org.gradle.process.internal.worker.child.SystemApplicationClassLoaderWorker.call(SystemApplicationClassLoaderWorker.java:72)
  at worker.org.gradle.process.internal.worker.GradleWorkerMain.run(GradleWorkerMain.java:69)
  at worker.org.gradle.process.internal.worker.GradleWorkerMain.main(GradleWorkerMain.java:74)
</stacktrace>
</test-failure>


TypeScriptCompilerTests_S[jvm] > signatureLengthMismatchCall_ts has expected errors matching signatureLengthMismatchCall_errors_txt[jvm] FAILED

<test-failure test="com.xemantic.typescript.compiler.TypeScriptCompilerTests_S.superInLambdas_ts__target_es5__has expected errors matching baseline" platform="jvm">
<message>
--- expected
+++ actual
@@ -1,12 +1,8 @@
 error TS5107: Option 'target=ES5' is deprecated and will stop functioning in TypeScript 7.0. Specify compilerOption '"ignoreDeprecations": "6.0"' to silence this error.
-superInLambdas.ts(47,49): error TS2340: Only public and protected methods of the base class are accessible via the 'super' keyword.
-superInLambdas.ts(51,49): error TS2340: Only public and protected methods of the base class are accessible via the 'super' keyword.
-superInLambdas.ts(61,34): error TS1034: 'super' must be followed by an argument list or member access.
-superInLambdas.ts(65,34): error TS1034: 'super' must be followed by an argument list or member access.
 
 
 !!! error TS5107: Option 'target=ES5' is deprecated and will stop functioning in TypeScript 7.0. Specify compilerOption '"ignoreDeprecations": "6.0"' to silence this error.
-==== superInLambdas.ts (4 errors) ====
+==== superInLambdas.ts (0 errors) ====
     class User {
         name: string = "Bob";
         sayHello(): void {
@@ -54,14 +50,10 @@
     
             // super property in a nested lambda in a constructor 
             var superName = () => () => () => super.name;
-                                                    ~~~~
-!!! error TS2340: Only public and protected methods of the base class are accessible via the 'super' keyword.
         }
         sayHello(): void {
             // super property in a nested lambda in a method
             var superName = () => () => () => super.name;
-                                                    ~~~~
-!!! error TS2340: Only public and protected methods of the base class are accessible via the 'super' keyword.
         }
     }
     
@@ -72,13 +64,9 @@
     
             // super in a nested lambda in a constructor 
             var x = () => () => super;
-                                     ~
-!!! error TS1034: 'super' must be followed by an argument list or member access.
         }
         sayHello(): void {
             // super in a nested lambda in a method
             var x = () => () => super;
-                                     ~
-!!! error TS1034: 'super' must be followed by an argument list or member access.
         }
     }

</message>
<stacktrace>
  at org.junit.Assert.fail(Assert.java:89)
  at kotlin.test.junit.JUnitAsserter.fail(JUnitSupport.kt:56)
  at kotlin.test.AssertionsKt__AssertionsKt.fail(Assertions.kt:563)
  at kotlin.test.AssertionsKt.fail(Unknown Source)
  at com.xemantic.kotlin.test.SameAsKt.sameAs(SameAs.kt:52)
  at com.xemantic.typescript.compiler.TypeScriptTestSupportKt.errorsMatchBaseline(TypeScriptTestSupport.kt:135)
  at com.xemantic.typescript.compiler.TypeScriptCompilerTests_S.superInLambdas_ts__target_es5__has expected errors matching baseline(TypeScriptCompilerTests_S.kt:3682)
  at java.base/jdk.internal.reflect.DirectMethodHandleAccessor.invoke(DirectMethodHandleAccessor.java:104)
  at java.base/java.lang.reflect.Method.invoke(Method.java:565)
  at org.junit.runners.model.FrameworkMethod$1.runReflectiveCall(FrameworkMethod.java:59)
  at org.junit.internal.runners.model.ReflectiveCallable.run(ReflectiveCallable.java:12)
  at org.junit.runners.model.FrameworkMethod.invokeExplosively(FrameworkMethod.java:56)
  at org.junit.internal.runners.statements.InvokeMethod.evaluate(InvokeMethod.java:17)
  at org.junit.runners.ParentRunner$3.evaluate(ParentRunner.java:306)
  at org.junit.runners.BlockJUnit4ClassRunner$1.evaluate(BlockJUnit4ClassRunner.java:100)
  at org.junit.runners.ParentRunner.runLeaf(ParentRunner.java:366)
  at org.junit.runners.BlockJUnit4ClassRunner.runChild(BlockJUnit4ClassRunner.java:103)
  at org.junit.runners.BlockJUnit4ClassRunner.runChild(BlockJUnit4ClassRunner.java:63)
  at org.junit.runners.ParentRunner$4.run(ParentRunner.java:331)
  at org.junit.runners.ParentRunner$1.schedule(ParentRunner.java:79)
  at org.junit.runners.ParentRunner.runChildren(ParentRunner.java:329)
  at org.junit.runners.ParentRunner.access$100(ParentRunner.java:66)
  at org.junit.runners.ParentRunner$2.evaluate(ParentRunner.java:293)
  at org.junit.runners.ParentRunner$3.evaluate(ParentRunner.java:306)
  at org.junit.runners.ParentRunner.run(ParentRunner.java:413)
  at org.junit.runner.JUnitCore.run(JUnitCore.java:137)
  at org.junit.runner.JUnitCore.run(JUnitCore.java:115)
  at org.gradle.api.internal.tasks.testing.junit.JUnitTestExecutor.runRequest(JUnitTestExecutor.java:175)
  at org.gradle.api.internal.tasks.testing.junit.JUnitTestExecutor.accept(JUnitTestExecutor.java:84)
  at org.gradle.api.internal.tasks.testing.junit.JUnitTestExecutor.accept(JUnitTestExecutor.java:47)
  at org.gradle.api.internal.tasks.testing.junit.AbstractJUnitTestDefinitionProcessor.processTestDefinition(AbstractJUnitTestDefinitionProcessor.java:65)
  at org.gradle.api.internal.tasks.testing.SuiteTestDefinitionProcessor.processTestDefinition(SuiteTestDefinitionProcessor.java:54)
  at java.base/jdk.internal.reflect.DirectMethodHandleAccessor.invoke(DirectMethodHandleAccessor.java:104)
  at java.base/java.lang.reflect.Method.invoke(Method.java:565)
  at org.gradle.internal.dispatch.MethodInvocation.invokeOn(MethodInvocation.java:77)
  at org.gradle.internal.dispatch.ReflectionDispatch.dispatch(ReflectionDispatch.java:28)
  at org.gradle.internal.dispatch.ReflectionDispatch.dispatch(ReflectionDispatch.java:19)
  at org.gradle.internal.dispatch.ContextClassLoaderDispatch.dispatch(ContextClassLoaderDispatch.java:33)
  at org.gradle.internal.dispatch.ProxyDispatchAdapter$DispatchingInvocationHandler.invoke(ProxyDispatchAdapter.java:88)
  at jdk.proxy1/jdk.proxy1.$Proxy4.processTestDefinition(Unknown Source)
  at org.gradle.api.internal.tasks.testing.worker.TestWorker$2.run(TestWorker.java:178)
  at org.gradle.api.internal.tasks.testing.worker.TestWorker.executeAndMaintainThreadName(TestWorker.java:126)
  at org.gradle.api.internal.tasks.testing.worker.TestWorker.execute(TestWorker.java:103)
  at org.gradle.api.internal.tasks.testing.worker.TestWorker.execute(TestWorker.java:63)
  at org.gradle.process.internal.worker.child.ActionExecutionWorker.execute(ActionExecutionWorker.java:56)
  at org.gradle.process.internal.worker.child.SystemApplicationClassLoaderWorker.call(SystemApplicationClassLoaderWorker.java:122)
  at org.gradle.process.internal.worker.child.SystemApplicationClassLoaderWorker.call(SystemApplicationClassLoaderWorker.java:72)
  at worker.org.gradle.process.internal.worker.GradleWorkerMain.run(GradleWorkerMain.java:69)
  at worker.org.gradle.process.internal.worker.GradleWorkerMain.main(GradleWorkerMain.java:74)
</stacktrace>
</test-failure>


TypeScriptCompilerTests_S[jvm] > superInLambdas_ts__target_es5__has expected errors matching baseline[jvm] FAILED

<test-failure test="com.xemantic.typescript.compiler.TypeScriptCompilerTests_S.sourceMapValidationDecorators_ts__target_es2015__has expected errors matching baseline" platform="jvm">
<message>
--- expected
+++ actual
@@ -1,15 +1,7 @@
-sourceMapValidationDecorators.ts(12,8): error TS1239: Unable to resolve signature of parameter decorator when called as an expression.
-  Argument of type 'undefined' is not assignable to parameter of type 'string | symbol'.
-sourceMapValidationDecorators.ts(13,8): error TS1239: Unable to resolve signature of parameter decorator when called as an expression.
-  Argument of type 'undefined' is not assignable to parameter of type 'string | symbol'.
-sourceMapValidationDecorators.ts(16,8): error TS1239: Unable to resolve signature of parameter decorator when called as an expression.
-  Argument of type 'undefined' is not assignable to parameter of type 'string | symbol'.
-sourceMapValidationDecorators.ts(17,8): error TS1239: Unable to resolve signature of parameter decorator when called as an expression.
-  Argument of type 'undefined' is not assignable to parameter of type 'string | symbol'.
 sourceMapValidationDecorators.ts(29,13): error TS2564: Property 'x' has no initializer and is not definitely assigned in the constructor.
 
 
-==== sourceMapValidationDecorators.ts (5 errors) ====
+==== sourceMapValidationDecorators.ts (1 errors) ====
     declare function ClassDecorator1(target: Function): void;
     declare function ClassDecorator2(x: number): (target: Function) => void;
     declare function PropertyDecorator1(target: Object, key: string | symbol, descriptor?: PropertyDescriptor): void;
@@ -22,23 +14,11 @@
     class Greeter {
         constructor(
           @ParameterDecorator1 
-           ~~~~~~~~~~~~~~~~~~~
-!!! error TS1239: Unable to resolve signature of parameter decorator when called as an expression.
-!!! error TS1239:   Argument of type 'undefined' is not assignable to parameter of type 'string | symbol'.
           @ParameterDecorator2(20) 
-           ~~~~~~~~~~~~~~~~~~~~~~~
-!!! error TS1239: Unable to resolve signature of parameter decorator when called as an expression.
-!!! error TS1239:   Argument of type 'undefined' is not assignable to parameter of type 'string | symbol'.
           public greeting: string, 
           
           @ParameterDecorator1 
-           ~~~~~~~~~~~~~~~~~~~
-!!! error TS1239: Unable to resolve signature of parameter decorator when called as an expression.
-!!! error TS1239:   Argument of type 'undefined' is not assignable to parameter of type 'string | symbol'.
           @ParameterDecorator2(30) 
-           ~~~~~~~~~~~~~~~~~~~~~~~
-!!! error TS1239: Unable to resolve signature of parameter decorator when called as an expression.
-!!! error TS1239:   Argument of type 'undefined' is not assignable to parameter of type 'string | symbol'.
           ...b: string[]) {
         }
         

</message>
<stacktrace>
  at org.junit.Assert.fail(Assert.java:89)
  at kotlin.test.junit.JUnitAsserter.fail(JUnitSupport.kt:56)
  at kotlin.test.AssertionsKt__AssertionsKt.fail(Assertions.kt:563)
  at kotlin.test.AssertionsKt.fail(Unknown Source)
  at com.xemantic.kotlin.test.SameAsKt.sameAs(SameAs.kt:52)
  at com.xemantic.typescript.compiler.TypeScriptTestSupportKt.errorsMatchBaseline(TypeScriptTestSupport.kt:135)
  at com.xemantic.typescript.compiler.TypeScriptCompilerTests_S.sourceMapValidationDecorators_ts__target_es2015__has expected errors matching baseline(TypeScriptCompilerTests_S.kt:1162)
  at java.base/jdk.internal.reflect.DirectMethodHandleAccessor.invoke(DirectMethodHandleAccessor.java:104)
  at java.base/java.lang.reflect.Method.invoke(Method.java:565)
  at org.junit.runners.model.FrameworkMethod$1.runReflectiveCall(FrameworkMethod.java:59)
  at org.junit.internal.runners.model.ReflectiveCallable.run(ReflectiveCallable.java:12)
  at org.junit.runners.model.FrameworkMethod.invokeExplosively(FrameworkMethod.java:56)
  at org.junit.internal.runners.statements.InvokeMethod.evaluate(InvokeMethod.java:17)
  at org.junit.runners.ParentRunner$3.evaluate(ParentRunner.java:306)
  at org.junit.runners.BlockJUnit4ClassRunner$1.evaluate(BlockJUnit4ClassRunner.java:100)
  at org.junit.runners.ParentRunner.runLeaf(ParentRunner.java:366)
  at org.junit.runners.BlockJUnit4ClassRunner.runChild(BlockJUnit4ClassRunner.java:103)
  at org.junit.runners.BlockJUnit4ClassRunner.runChild(BlockJUnit4ClassRunner.java:63)
  at org.junit.runners.ParentRunner$4.run(ParentRunner.java:331)
  at org.junit.runners.ParentRunner$1.schedule(ParentRunner.java:79)
  at org.junit.runners.ParentRunner.runChildren(ParentRunner.java:329)
  at org.junit.runners.ParentRunner.access$100(ParentRunner.java:66)
  at org.junit.runners.ParentRunner$2.evaluate(ParentRunner.java:293)
  at org.junit.runners.ParentRunner$3.evaluate(ParentRunner.java:306)
  at org.junit.runners.ParentRunner.run(ParentRunner.java:413)
  at org.junit.runner.JUnitCore.run(JUnitCore.java:137)
  at org.junit.runner.JUnitCore.run(JUnitCore.java:115)
  at org.gradle.api.internal.tasks.testing.junit.JUnitTestExecutor.runRequest(JUnitTestExecutor.java:175)
  at org.gradle.api.internal.tasks.testing.junit.JUnitTestExecutor.accept(JUnitTestExecutor.java:84)
  at org.gradle.api.internal.tasks.testing.junit.JUnitTestExecutor.accept(JUnitTestExecutor.java:47)
  at org.gradle.api.internal.tasks.testing.junit.AbstractJUnitTestDefinitionProcessor.processTestDefinition(AbstractJUnitTestDefinitionProcessor.java:65)
  at org.gradle.api.internal.tasks.testing.SuiteTestDefinitionProcessor.processTestDefinition(SuiteTestDefinitionProcessor.java:54)
  at java.base/jdk.internal.reflect.DirectMethodHandleAccessor.invoke(DirectMethodHandleAccessor.java:104)
  at java.base/java.lang.reflect.Method.invoke(Method.java:565)
  at org.gradle.internal.dispatch.MethodInvocation.invokeOn(MethodInvocation.java:77)
  at org.gradle.internal.dispatch.ReflectionDispatch.dispatch(ReflectionDispatch.java:28)
  at org.gradle.internal.dispatch.ReflectionDispatch.dispatch(ReflectionDispatch.java:19)
  at org.gradle.internal.dispatch.ContextClassLoaderDispatch.dispatch(ContextClassLoaderDispatch.java:33)
  at org.gradle.internal.dispatch.ProxyDispatchAdapter$DispatchingInvocationHandler.invoke(ProxyDispatchAdapter.java:88)
  at jdk.proxy1/jdk.proxy1.$Proxy4.processTestDefinition(Unknown Source)
  at org.gradle.api.internal.tasks.testing.worker.TestWorker$2.run(TestWorker.java:178)
  at org.gradle.api.internal.tasks.testing.worker.TestWorker.executeAndMaintainThreadName(TestWorker.java:126)
  at org.gradle.api.internal.tasks.testing.worker.TestWorker.execute(TestWorker.java:103)
  at org.gradle.api.internal.tasks.testing.worker.TestWorker.execute(TestWorker.java:63)
  at org.gradle.process.internal.worker.child.ActionExecutionWorker.execute(ActionExecutionWorker.java:56)
  at org.gradle.process.internal.worker.child.SystemApplicationClassLoaderWorker.call(SystemApplicationClassLoaderWorker.java:122)
  at org.gradle.process.internal.worker.child.SystemApplicationClassLoaderWorker.call(SystemApplicationClassLoaderWorker.java:72)
  at worker.org.gradle.process.internal.worker.GradleWorkerMain.run(GradleWorkerMain.java:69)
  at worker.org.gradle.process.internal.worker.GradleWorkerMain.main(GradleWorkerMain.java:74)
</stacktrace>
</test-failure>


TypeScriptCompilerTests_S[jvm] > sourceMapValidationDecorators_ts__target_es2015__has expected errors matching baseline[jvm] FAILED

<test-failure test="com.xemantic.typescript.compiler.TypeScriptCompilerTests_S.superCallFromFunction1_ts has expected errors matching superCallFromFunction1_errors_txt" platform="jvm">
<message>
Expected diagnostics from baseline typescript-repo/tests/baselines/reference/superCallFromFunction1.errors.txt but none produced
</message>
<stacktrace>
  at com.xemantic.typescript.compiler.TypeScriptTestSupportKt.errorsMatchBaseline(TypeScriptTestSupport.kt:125)
  at com.xemantic.typescript.compiler.TypeScriptCompilerTests_S.superCallFromFunction1_ts has expected errors matching superCallFromFunction1_errors_txt(TypeScriptCompilerTests_S.kt:3521)
  at java.base/jdk.internal.reflect.DirectMethodHandleAccessor.invoke(DirectMethodHandleAccessor.java:104)
  at java.base/java.lang.reflect.Method.invoke(Method.java:565)
  at org.junit.runners.model.FrameworkMethod$1.runReflectiveCall(FrameworkMethod.java:59)
  at org.junit.internal.runners.model.ReflectiveCallable.run(ReflectiveCallable.java:12)
  at org.junit.runners.model.FrameworkMethod.invokeExplosively(FrameworkMethod.java:56)
  at org.junit.internal.runners.statements.InvokeMethod.evaluate(InvokeMethod.java:17)
  at org.junit.runners.ParentRunner$3.evaluate(ParentRunner.java:306)
  at org.junit.runners.BlockJUnit4ClassRunner$1.evaluate(BlockJUnit4ClassRunner.java:100)
  at org.junit.runners.ParentRunner.runLeaf(ParentRunner.java:366)
  at org.junit.runners.BlockJUnit4ClassRunner.runChild(BlockJUnit4ClassRunner.java:103)
  at org.junit.runners.BlockJUnit4ClassRunner.runChild(BlockJUnit4ClassRunner.java:63)
  at org.junit.runners.ParentRunner$4.run(ParentRunner.java:331)
  at org.junit.runners.ParentRunner$1.schedule(ParentRunner.java:79)
  at org.junit.runners.ParentRunner.runChildren(ParentRunner.java:329)
  at org.junit.runners.ParentRunner.access$100(ParentRunner.java:66)
  at org.junit.runners.ParentRunner$2.evaluate(ParentRunner.java:293)
  at org.junit.runners.ParentRunner$3.evaluate(ParentRunner.java:306)
  at org.junit.runners.ParentRunner.run(ParentRunner.java:413)
  at org.junit.runner.JUnitCore.run(JUnitCore.java:137)
  at org.junit.runner.JUnitCore.run(JUnitCore.java:115)
  at org.gradle.api.internal.tasks.testing.junit.JUnitTestExecutor.runRequest(JUnitTestExecutor.java:175)
  at org.gradle.api.internal.tasks.testing.junit.JUnitTestExecutor.accept(JUnitTestExecutor.java:84)
  at org.gradle.api.internal.tasks.testing.junit.JUnitTestExecutor.accept(JUnitTestExecutor.java:47)
  at org.gradle.api.internal.tasks.testing.junit.AbstractJUnitTestDefinitionProcessor.processTestDefinition(AbstractJUnitTestDefinitionProcessor.java:65)
  at org.gradle.api.internal.tasks.testing.SuiteTestDefinitionProcessor.processTestDefinition(SuiteTestDefinitionProcessor.java:54)
  at java.base/jdk.internal.reflect.DirectMethodHandleAccessor.invoke(DirectMethodHandleAccessor.java:104)
  at java.base/java.lang.reflect.Method.invoke(Method.java:565)
  at org.gradle.internal.dispatch.MethodInvocation.invokeOn(MethodInvocation.java:77)
  at org.gradle.internal.dispatch.ReflectionDispatch.dispatch(ReflectionDispatch.java:28)
  at org.gradle.internal.dispatch.ReflectionDispatch.dispatch(ReflectionDispatch.java:19)
  at org.gradle.internal.dispatch.ContextClassLoaderDispatch.dispatch(ContextClassLoaderDispatch.java:33)
  at org.gradle.internal.dispatch.ProxyDispatchAdapter$DispatchingInvocationHandler.invoke(ProxyDispatchAdapter.java:88)
  at jdk.proxy1/jdk.proxy1.$Proxy4.processTestDefinition(Unknown Source)
  at org.gradle.api.internal.tasks.testing.worker.TestWorker$2.run(TestWorker.java:178)
  at org.gradle.api.internal.tasks.testing.worker.TestWorker.executeAndMaintainThreadName(TestWorker.java:126)
  at org.gradle.api.internal.tasks.testing.worker.TestWorker.execute(TestWorker.java:103)
  at org.gradle.api.internal.tasks.testing.worker.TestWorker.execute(TestWorker.java:63)
  at org.gradle.process.internal.worker.child.ActionExecutionWorker.execute(ActionExecutionWorker.java:56)
  at org.gradle.process.internal.worker.child.SystemApplicationClassLoaderWorker.call(SystemApplicationClassLoaderWorker.java:122)
  at org.gradle.process.internal.worker.child.SystemApplicationClassLoaderWorker.call(SystemApplicationClassLoaderWorker.java:72)
  at worker.org.gradle.process.internal.worker.GradleWorkerMain.run(GradleWorkerMain.java:69)
  at worker.org.gradle.process.internal.worker.GradleWorkerMain.main(GradleWorkerMain.java:74)
</stacktrace>
</test-failure>


TypeScriptCompilerTests_S[jvm] > superCallFromFunction1_ts has expected errors matching superCallFromFunction1_errors_txt[jvm] FAILED

<test-failure test="com.xemantic.typescript.compiler.TypeScriptCompilerTests_S.selfReferencingSpreadInLoop_ts has expected errors matching selfReferencingSpreadInLoop_errors_txt" platform="jvm">
<message>
Expected diagnostics from baseline typescript-repo/tests/baselines/reference/selfReferencingSpreadInLoop.errors.txt but none produced
</message>
<stacktrace>
  at com.xemantic.typescript.compiler.TypeScriptTestSupportKt.errorsMatchBaseline(TypeScriptTestSupport.kt:125)
  at com.xemantic.typescript.compiler.TypeScriptCompilerTests_S.selfReferencingSpreadInLoop_ts has expected errors matching selfReferencingSpreadInLoop_errors_txt(TypeScriptCompilerTests_S.kt:252)
  at java.base/jdk.internal.reflect.DirectMethodHandleAccessor.invoke(DirectMethodHandleAccessor.java:104)
  at java.base/java.lang.reflect.Method.invoke(Method.java:565)
  at org.junit.runners.model.FrameworkMethod$1.runReflectiveCall(FrameworkMethod.java:59)
  at org.junit.internal.runners.model.ReflectiveCallable.run(ReflectiveCallable.java:12)
  at org.junit.runners.model.FrameworkMethod.invokeExplosively(FrameworkMethod.java:56)
  at org.junit.internal.runners.statements.InvokeMethod.evaluate(InvokeMethod.java:17)
  at org.junit.runners.ParentRunner$3.evaluate(ParentRunner.java:306)
  at org.junit.runners.BlockJUnit4ClassRunner$1.evaluate(BlockJUnit4ClassRunner.java:100)
  at org.junit.runners.ParentRunner.runLeaf(ParentRunner.java:366)
  at org.junit.runners.BlockJUnit4ClassRunner.runChild(BlockJUnit4ClassRunner.java:103)
  at org.junit.runners.BlockJUnit4ClassRunner.runChild(BlockJUnit4ClassRunner.java:63)
  at org.junit.runners.ParentRunner$4.run(ParentRunner.java:331)
  at org.junit.runners.ParentRunner$1.schedule(ParentRunner.java:79)
  at org.junit.runners.ParentRunner.runChildren(ParentRunner.java:329)
  at org.junit.runners.ParentRunner.access$100(ParentRunner.java:66)
  at org.junit.runners.ParentRunner$2.evaluate(ParentRunner.java:293)
  at org.junit.runners.ParentRunner$3.evaluate(ParentRunner.java:306)
  at org.junit.runners.ParentRunner.run(ParentRunner.java:413)
  at org.junit.runner.JUnitCore.run(JUnitCore.java:137)
  at org.junit.runner.JUnitCore.run(JUnitCore.java:115)
  at org.gradle.api.internal.tasks.testing.junit.JUnitTestExecutor.runRequest(JUnitTestExecutor.java:175)
  at org.gradle.api.internal.tasks.testing.junit.JUnitTestExecutor.accept(JUnitTestExecutor.java:84)
  at org.gradle.api.internal.tasks.testing.junit.JUnitTestExecutor.accept(JUnitTestExecutor.java:47)
  at org.gradle.api.internal.tasks.testing.junit.AbstractJUnitTestDefinitionProcessor.processTestDefinition(AbstractJUnitTestDefinitionProcessor.java:65)
  at org.gradle.api.internal.tasks.testing.SuiteTestDefinitionProcessor.processTestDefinition(SuiteTestDefinitionProcessor.java:54)
  at java.base/jdk.internal.reflect.DirectMethodHandleAccessor.invoke(DirectMethodHandleAccessor.java:104)
  at java.base/java.lang.reflect.Method.invoke(Method.java:565)
  at org.gradle.internal.dispatch.MethodInvocation.invokeOn(MethodInvocation.java:77)
  at org.gradle.internal.dispatch.ReflectionDispatch.dispatch(ReflectionDispatch.java:28)
  at org.gradle.internal.dispatch.ReflectionDispatch.dispatch(ReflectionDispatch.java:19)
  at org.gradle.internal.dispatch.ContextClassLoaderDispatch.dispatch(ContextClassLoaderDispatch.java:33)
  at org.gradle.internal.dispatch.ProxyDispatchAdapter$DispatchingInvocationHandler.invoke(ProxyDispatchAdapter.java:88)
  at jdk.proxy1/jdk.proxy1.$Proxy4.processTestDefinition(Unknown Source)
  at org.gradle.api.internal.tasks.testing.worker.TestWorker$2.run(TestWorker.java:178)
  at org.gradle.api.internal.tasks.testing.worker.TestWorker.executeAndMaintainThreadName(TestWorker.java:126)
  at org.gradle.api.internal.tasks.testing.worker.TestWorker.execute(TestWorker.java:103)
  at org.gradle.api.internal.tasks.testing.worker.TestWorker.execute(TestWorker.java:63)
  at org.gradle.process.internal.worker.child.ActionExecutionWorker.execute(ActionExecutionWorker.java:56)
  at org.gradle.process.internal.worker.child.SystemApplicationClassLoaderWorker.call(SystemApplicationClassLoaderWorker.java:122)
  at org.gradle.process.internal.worker.child.SystemApplicationClassLoaderWorker.call(SystemApplicationClassLoaderWorker.java:72)
  at worker.org.gradle.process.internal.worker.GradleWorkerMain.run(GradleWorkerMain.java:69)
  at worker.org.gradle.process.internal.worker.GradleWorkerMain.main(GradleWorkerMain.java:74)
</stacktrace>
</test-failure>


TypeScriptCompilerTests_S[jvm] > selfReferencingSpreadInLoop_ts has expected errors matching selfReferencingSpreadInLoop_errors_txt[jvm] FAILED

<test-failure test="com.xemantic.typescript.compiler.TypeScriptCompilerTests_S.strictOptionalProperties1_ts has expected errors matching strictOptionalProperties1_errors_txt" platform="jvm">
<message>
--- expected
+++ actual
@@ -1,70 +1,20 @@
-strictOptionalProperties1.ts(6,5): error TS2412: Type 'undefined' is not assignable to type 'string' with 'exactOptionalPropertyTypes: true'. Consider adding 'undefined' to the type of the target.
-strictOptionalProperties1.ts(12,5): error TS2412: Type 'string | undefined' is not assignable to type 'string' with 'exactOptionalPropertyTypes: true'. Consider adding 'undefined' to the type of the target.
-  Type 'undefined' is not assignable to type 'string'.
-strictOptionalProperties1.ts(20,9): error TS2412: Type 'undefined' is not assignable to type 'string' with 'exactOptionalPropertyTypes: true'. Consider adding 'undefined' to the type of the target.
-strictOptionalProperties1.ts(28,9): error TS2412: Type 'undefined' is not assignable to type 'string' with 'exactOptionalPropertyTypes: true'. Consider adding 'undefined' to the type of the target.
-strictOptionalProperties1.ts(53,5): error TS2412: Type 'undefined' is not assignable to type 'string' with 'exactOptionalPropertyTypes: true'. Consider adding 'undefined' to the type of the target.
-strictOptionalProperties1.ts(60,5): error TS2322: Type 'undefined' is not assignable to type 'string'.
-strictOptionalProperties1.ts(64,5): error TS2322: Type '[number, string?, string?]' is not assignable to type '[number, string?]'.
-  Target allows only 2 element(s) but source may have more.
-strictOptionalProperties1.ts(73,5): error TS2322: Type '[number, never?, never?, never?]' is not assignable to type '[number, string?, boolean?]'.
-  Target allows only 3 element(s) but source may have more.
-strictOptionalProperties1.ts(74,5): error TS2322: Type '[never?, never?, true?]' is not assignable to type '[number, string?, boolean?]'.
-  Source provides no match for required element at position 0 in target.
-strictOptionalProperties1.ts(75,5): error TS2322: Type '[number, undefined, true]' is not assignable to type '[number, string?, boolean?]'.
-  Type at position 1 in source is not compatible with type at position 1 in target.
-    Type 'undefined' is not assignable to type 'string'.
-strictOptionalProperties1.ts(99,7): error TS2375: Type '{ foo: undefined; bar: string; }' is not assignable to type 'InputProps' with 'exactOptionalPropertyTypes: true'. Consider adding 'undefined' to the types of the target's properties.
-  Types of property 'foo' are incompatible.
-    Type 'undefined' is not assignable to type 'string'.
-strictOptionalProperties1.ts(105,7): error TS2322: Type '[number, undefined]' is not assignable to type '[number, string?, boolean?]'.
-  Type at position 1 in source is not compatible with type at position 1 in target.
-    Type 'undefined' is not assignable to type 'string'.
-strictOptionalProperties1.ts(106,7): error TS2322: Type '[number, string, undefined]' is not assignable to type '[number, string?, boolean?]'.
-  Type at position 2 in source is not compatible with type at position 2 in target.
-    Type 'undefined' is not assignable to type 'boolean'.
-strictOptionalProperties1.ts(107,7): error TS2322: Type '[number, undefined, undefined]' is not assignable to type '[number, string?, boolean?]'.
-  Type at position 1 in source is not compatible with type at position 1 in target.
-    Type 'undefined' is not assignable to type 'string'.
-strictOptionalProperties1.ts(111,7): error TS2375: Type '{ foo: undefined; }' is not assignable to type '{ foo?: number; }' with 'exactOptionalPropertyTypes: true'. Consider adding 'undefined' to the types of the target's properties.
-  Types of property 'foo' are incompatible.
-    Type 'undefined' is not assignable to type 'number'.
-strictOptionalProperties1.ts(119,5): error TS2411: Property 'bar' of type 'string | undefined' is not assignable to 'string' index type 'string'.
-strictOptionalProperties1.ts(190,15): error TS2451: Cannot redeclare block-scoped variable 'e'.
-strictOptionalProperties1.ts(193,1): error TS2322: Type 'string | boolean | undefined' is not assignable to type 'string | number | undefined'.
-  Type 'false' is not assignable to type 'string | number | undefined'.
-strictOptionalProperties1.ts(194,1): error TS2412: Type 'string | boolean | undefined' is not assignable to type 'string | number' with 'exactOptionalPropertyTypes: true'. Consider adding 'undefined' to the type of the target.
-  Type 'undefined' is not assignable to type 'string | number'.
-strictOptionalProperties1.ts(195,1): error TS2375: Type '{ name: string; email: undefined; }' is not assignable to type 'U2' with 'exactOptionalPropertyTypes: true'. Consider adding 'undefined' to the types of the target's properties.
-  Types of property 'email' are incompatible.
-    Type 'undefined' is not assignable to type 'string | number'.
-strictOptionalProperties1.ts(206,13): error TS2451: Cannot redeclare block-scoped variable 'e'.
-strictOptionalProperties1.ts(210,1): error TS2322: Type '{ a: number; b: string | undefined; }' is not assignable to type '{ [x: string]: string | number; }'.
-  Property 'b' is incompatible with index signature.
-    Type 'string | undefined' is not assignable to type 'string | number'.
-      Type 'undefined' is not assignable to type 'string | number'.
-strictOptionalProperties1.ts(211,1): error TS2322: Type 'string | boolean | undefined' is not assignable to type '{ [x: string]: string | number; }'.
-  Type 'undefined' is not assignable to type '{ [x: string]: string | number; }'.
+strictOptionalProperties1.ts(190,15): error TS2300: Duplicate identifier 'e'.
+strictOptionalProperties1.ts(206,13): error TS2300: Duplicate identifier 'e'.
 
 
-==== strictOptionalProperties1.ts (23 errors) ====
+==== strictOptionalProperties1.ts (2 errors) ====
     function f1(obj: { a?: string, b?: string | undefined }) {
         let a = obj.a;  // string | undefined
         let b = obj.b;  // string | undefined
         obj.a = 'hello';
         obj.b = 'hello';
         obj.a = undefined;  // Error
-        ~~~~~
-!!! error TS2412: Type 'undefined' is not assignable to type 'string' with 'exactOptionalPropertyTypes: true'. Consider adding 'undefined' to the type of the target.
         obj.b = undefined;
     }
     
     function f2(obj: { a?: string, b?: string | undefined }) {
         obj = obj;
         obj.a = obj.a;  // Error
-        ~~~~~
-!!! error TS2412: Type 'string | undefined' is not assignable to type 'string' with 'exactOptionalPropertyTypes: true'. Consider adding 'undefined' to the type of the target.
-!!! error TS2412:   Type 'undefined' is not assignable to type 'string'.
         obj.b = obj.b;
         if ('a' in obj) {
             obj.a;
@@ -73,8 +23,6 @@
         else {
             obj.a;
             obj.a = obj.a;  // Error
-            ~~~~~
-!!! error TS2412: Type 'undefined' is not assignable to type 'string' with 'exactOptionalPropertyTypes: true'. Consider adding 'undefined' to the type of the target.
         }
         if (obj.hasOwnProperty('a')) {
             obj.a;
@@ -83,8 +31,6 @@
         else {
             obj.a;
             obj.a = obj.a;  // Error
-            ~~~~~
-!!! error TS2412: Type 'undefined' is not assignable to type 'string' with 'exactOptionalPropertyTypes: true'. Consider adding 'undefined' to the type of the target.
         }
         if ('b' in obj) {
             obj.b;
@@ -110,8 +56,6 @@
         obj.a = 'hello';
         obj.b = 'hello';
         obj.a = undefined;  // Error
-        ~~~~~
-!!! error TS2412: Type 'undefined' is not assignable to type 'string' with 'exactOptionalPropertyTypes: true'. Consider adding 'undefined' to the type of the target.
         obj.b = undefined;
     }
     
@@ -119,15 +63,10 @@
         let x = t[0];  // string | undefined
         t[0] = 'hello';
         t[0] = undefined;  // Error
-        ~~~~
-!!! error TS2322: Type 'undefined' is not assignable to type 'string'.
     }
     
     function f4a(t1: [number, string?], t2: [number, string?, string?]) {
         t1 = t2;  // Wasn't an error, but should be
-        ~~
-!!! error TS2322: Type '[number, string?, string?]' is not assignable to type '[number, string?]'.
-!!! error TS2322:   Target allows only 2 element(s) but source may have more.
     }
     
     function f5(t: [number, string?, boolean?]) {
@@ -137,18 +76,8 @@
         t = [42, ,];
         t = [42, , ,];
         t = [42, , , ,];  // Error
-        ~
-!!! error TS2322: Type '[number, never?, never?, never?]' is not assignable to type '[number, string?, boolean?]'.
-!!! error TS2322:   Target allows only 3 element(s) but source may have more.
         t = [, , true];  // Error
-        ~
-!!! error TS2322: Type '[never?, never?, true?]' is not assignable to type '[number, string?, boolean?]'.
-!!! error TS2322:   Source provides no match for required element at position 0 in target.
         t = [42, undefined, true];  // Error
-        ~
-!!! error TS2322: Type '[number, undefined, true]' is not assignable to type '[number, string?, boolean?]'.
-!!! error TS2322:   Type at position 1 in source is not compatible with type at position 1 in target.
-!!! error TS2322:     Type 'undefined' is not assignable to type 'string'.
     }
     
     function f6() {
@@ -173,38 +102,18 @@
     
     const defaultProps: Pick<Props, 'foo'> = { foo: 'foo' };
     const inputProps: InputProps = { foo: undefined, bar: 'bar' };
-          ~~~~~~~~~~
-!!! error TS2375: Type '{ foo: undefined; bar: string; }' is not assignable to type 'InputProps' with 'exactOptionalPropertyTypes: true'. Consider adding 'undefined' to the types of the target's properties.
-!!! error TS2375:   Types of property 'foo' are incompatible.
-!!! error TS2375:     Type 'undefined' is not assignable to type 'string'.
     const completeProps: Props = { ...defaultProps, ...inputProps };
     
     // Example from #13195
     
     const t1: [number, string?, boolean?] = [1];
     const t2: [number, string?, boolean?] = [1, undefined];
-          ~~
-!!! error TS2322: Type '[number, undefined]' is not assignable to type '[number, string?, boolean?]'.
-!!! error TS2322:   Type at position 1 in source is not compatible with type at position 1 in target.
-!!! error TS2322:     Type 'undefined' is not assignable to type 'string'.
     const t3: [number, string?, boolean?] = [1, "string", undefined];
-          ~~
-!!! error TS2322: Type '[number, string, undefined]' is not assignable to type '[number, string?, boolean?]'.
-!!! error TS2322:   Type at position 2 in source is not compatible with type at position 2 in target.
-!!! error TS2322:     Type 'undefined' is not assignable to type 'boolean'.
     const t4: [number, string?, boolean?] = [1, undefined, undefined];
-          ~~
-!!! error TS2322: Type '[number, undefined, undefined]' is not assignable to type '[number, string?, boolean?]'.
-!!! error TS2322:   Type at position 1 in source is not compatible with type at position 1 in target.
-!!! error TS2322:     Type 'undefined' is not assignable to type 'string'.
     
     // Example from #13195
     
     const x: { foo?: number } = { foo: undefined };
-          ~
-!!! error TS2375: Type '{ foo: undefined; }' is not assignable to type '{ foo?: number; }' with 'exactOptionalPropertyTypes: true'. Consider adding 'undefined' to the types of the target's properties.
-!!! error TS2375:   Types of property 'foo' are incompatible.
-!!! error TS2375:     Type 'undefined' is not assignable to type 'number'.
     const y: { foo: number } = { foo: 123, ...x };
     
     // Index signatures and strict optional properties
@@ -213,8 +122,6 @@
         [key: string]: string;
         foo?: string;  // Should be ok
         bar?: string | undefined;  // Error
-        ~~~
-!!! error TS2411: Property 'bar' of type 'string | undefined' is not assignable to 'string' index type 'string'.
     }
     
     // Strict optional properties and inference
@@ -287,4 +194,3 @@
     }
     declare const e: string | boolean | undefined
                   ~
-!!! error TS2451: Cannot redeclare block-scoped variable 'e'.

Diff truncated: more than 100 lines changed

Expected: 354 lines
Actual: 243 lines

The differences are too extensive to show in unified diff format.
Consider comparing smaller sections or reviewing the strings directly.

</message>
<stacktrace>
  at org.junit.Assert.fail(Assert.java:89)
  at kotlin.test.junit.JUnitAsserter.fail(JUnitSupport.kt:56)
  at kotlin.test.AssertionsKt__AssertionsKt.fail(Assertions.kt:563)
  at kotlin.test.AssertionsKt.fail(Unknown Source)
  at com.xemantic.kotlin.test.SameAsKt.sameAs(SameAs.kt:52)
  at com.xemantic.typescript.compiler.TypeScriptTestSupportKt.errorsMatchBaseline(TypeScriptTestSupport.kt:135)
  at com.xemantic.typescript.compiler.TypeScriptCompilerTests_S.strictOptionalProperties1_ts has expected errors matching strictOptionalProperties1_errors_txt(TypeScriptCompilerTests_S.kt:2996)
  at java.base/jdk.internal.reflect.DirectMethodHandleAccessor.invoke(DirectMethodHandleAccessor.java:104)
  at java.base/java.lang.reflect.Method.invoke(Method.java:565)
  at org.junit.runners.model.FrameworkMethod$1.runReflectiveCall(FrameworkMethod.java:59)
  at org.junit.internal.runners.model.ReflectiveCallable.run(ReflectiveCallable.java:12)
  at org.junit.runners.model.FrameworkMethod.invokeExplosively(FrameworkMethod.java:56)
  at org.junit.internal.runners.statements.InvokeMethod.evaluate(InvokeMethod.java:17)
  at org.junit.runners.ParentRunner$3.evaluate(ParentRunner.java:306)
  at org.junit.runners.BlockJUnit4ClassRunner$1.evaluate(BlockJUnit4ClassRunner.java:100)
  at org.junit.runners.ParentRunner.runLeaf(ParentRunner.java:366)
  at org.junit.runners.BlockJUnit4ClassRunner.runChild(BlockJUnit4ClassRunner.java:103)
  at org.junit.runners.BlockJUnit4ClassRunner.runChild(BlockJUnit4ClassRunner.java:63)
  at org.junit.runners.ParentRunner$4.run(ParentRunner.java:331)
  at org.junit.runners.ParentRunner$1.schedule(ParentRunner.java:79)
  at org.junit.runners.ParentRunner.runChildren(ParentRunner.java:329)
  at org.junit.runners.ParentRunner.access$100(ParentRunner.java:66)
  at org.junit.runners.ParentRunner$2.evaluate(ParentRunner.java:293)
  at org.junit.runners.ParentRunner$3.evaluate(ParentRunner.java:306)
  at org.junit.runners.ParentRunner.run(ParentRunner.java:413)
  at org.junit.runner.JUnitCore.run(JUnitCore.java:137)
  at org.junit.runner.JUnitCore.run(JUnitCore.java:115)
  at org.gradle.api.internal.tasks.testing.junit.JUnitTestExecutor.runRequest(JUnitTestExecutor.java:175)
  at org.gradle.api.internal.tasks.testing.junit.JUnitTestExecutor.accept(JUnitTestExecutor.java:84)
  at org.gradle.api.internal.tasks.testing.junit.JUnitTestExecutor.accept(JUnitTestExecutor.java:47)
  at org.gradle.api.internal.tasks.testing.junit.AbstractJUnitTestDefinitionProcessor.processTestDefinition(AbstractJUnitTestDefinitionProcessor.java:65)
  at org.gradle.api.internal.tasks.testing.SuiteTestDefinitionProcessor.processTestDefinition(SuiteTestDefinitionProcessor.java:54)
  at java.base/jdk.internal.reflect.DirectMethodHandleAccessor.invoke(DirectMethodHandleAccessor.java:104)
  at java.base/java.lang.reflect.Method.invoke(Method.java:565)
  at org.gradle.internal.dispatch.MethodInvocation.invokeOn(MethodInvocation.java:77)
  at org.gradle.internal.dispatch.ReflectionDispatch.dispatch(ReflectionDispatch.java:28)
  at org.gradle.internal.dispatch.ReflectionDispatch.dispatch(ReflectionDispatch.java:19)
  at org.gradle.internal.dispatch.ContextClassLoaderDispatch.dispatch(ContextClassLoaderDispatch.java:33)
  at org.gradle.internal.dispatch.ProxyDispatchAdapter$DispatchingInvocationHandler.invoke(ProxyDispatchAdapter.java:88)
  at jdk.proxy1/jdk.proxy1.$Proxy4.processTestDefinition(Unknown Source)
  at org.gradle.api.internal.tasks.testing.worker.TestWorker$2.run(TestWorker.java:178)
  at org.gradle.api.internal.tasks.testing.worker.TestWorker.executeAndMaintainThreadName(TestWorker.java:126)
  at org.gradle.api.internal.tasks.testing.worker.TestWorker.execute(TestWorker.java:103)
  at org.gradle.api.internal.tasks.testing.worker.TestWorker.execute(TestWorker.java:63)
  at org.gradle.process.internal.worker.child.ActionExecutionWorker.execute(ActionExecutionWorker.java:56)
  at org.gradle.process.internal.worker.child.SystemApplicationClassLoaderWorker.call(SystemApplicationClassLoaderWorker.java:122)
  at org.gradle.process.internal.worker.child.SystemApplicationClassLoaderWorker.call(SystemApplicationClassLoaderWorker.java:72)
  at worker.org.gradle.process.internal.worker.GradleWorkerMain.run(GradleWorkerMain.java:69)
  at worker.org.gradle.process.internal.worker.GradleWorkerMain.main(GradleWorkerMain.java:74)
</stacktrace>
</test-failure>


TypeScriptCompilerTests_S[jvm] > strictOptionalProperties1_ts has expected errors matching strictOptionalProperties1_errors_txt[jvm] FAILED

<test-failure test="com.xemantic.typescript.compiler.TypeScriptCompilerTests_S.superWithTypeArgument2_ts has expected errors matching superWithTypeArgument2_errors_txt" platform="jvm">
<message>
Expected diagnostics from baseline typescript-repo/tests/baselines/reference/superWithTypeArgument2.errors.txt but none produced
</message>
<stacktrace>
  at com.xemantic.typescript.compiler.TypeScriptTestSupportKt.errorsMatchBaseline(TypeScriptTestSupport.kt:125)
  at com.xemantic.typescript.compiler.TypeScriptCompilerTests_S.superWithTypeArgument2_ts has expected errors matching superWithTypeArgument2_errors_txt(TypeScriptCompilerTests_S.kt:3927)
  at java.base/jdk.internal.reflect.DirectMethodHandleAccessor.invoke(DirectMethodHandleAccessor.java:104)
  at java.base/java.lang.reflect.Method.invoke(Method.java:565)
  at org.junit.runners.model.FrameworkMethod$1.runReflectiveCall(FrameworkMethod.java:59)
  at org.junit.internal.runners.model.ReflectiveCallable.run(ReflectiveCallable.java:12)
  at org.junit.runners.model.FrameworkMethod.invokeExplosively(FrameworkMethod.java:56)
  at org.junit.internal.runners.statements.InvokeMethod.evaluate(InvokeMethod.java:17)
  at org.junit.runners.ParentRunner$3.evaluate(ParentRunner.java:306)
  at org.junit.runners.BlockJUnit4ClassRunner$1.evaluate(BlockJUnit4ClassRunner.java:100)
  at org.junit.runners.ParentRunner.runLeaf(ParentRunner.java:366)
  at org.junit.runners.BlockJUnit4ClassRunner.runChild(BlockJUnit4ClassRunner.java:103)
  at org.junit.runners.BlockJUnit4ClassRunner.runChild(BlockJUnit4ClassRunner.java:63)
  at org.junit.runners.ParentRunner$4.run(ParentRunner.java:331)
  at org.junit.runners.ParentRunner$1.schedule(ParentRunner.java:79)
  at org.junit.runners.ParentRunner.runChildren(ParentRunner.java:329)
  at org.junit.runners.ParentRunner.access$100(ParentRunner.java:66)
  at org.junit.runners.ParentRunner$2.evaluate(ParentRunner.java:293)
  at org.junit.runners.ParentRunner$3.evaluate(ParentRunner.java:306)
  at org.junit.runners.ParentRunner.run(ParentRunner.java:413)
  at org.junit.runner.JUnitCore.run(JUnitCore.java:137)
  at org.junit.runner.JUnitCore.run(JUnitCore.java:115)
  at org.gradle.api.internal.tasks.testing.junit.JUnitTestExecutor.runRequest(JUnitTestExecutor.java:175)
  at org.gradle.api.internal.tasks.testing.junit.JUnitTestExecutor.accept(JUnitTestExecutor.java:84)
  at org.gradle.api.internal.tasks.testing.junit.JUnitTestExecutor.accept(JUnitTestExecutor.java:47)
  at org.gradle.api.internal.tasks.testing.junit.AbstractJUnitTestDefinitionProcessor.processTestDefinition(AbstractJUnitTestDefinitionProcessor.java:65)
  at org.gradle.api.internal.tasks.testing.SuiteTestDefinitionProcessor.processTestDefinition(SuiteTestDefinitionProcessor.java:54)
  at java.base/jdk.internal.reflect.DirectMethodHandleAccessor.invoke(DirectMethodHandleAccessor.java:104)
  at java.base/java.lang.reflect.Method.invoke(Method.java:565)
  at org.gradle.internal.dispatch.MethodInvocation.invokeOn(MethodInvocation.java:77)
  at org.gradle.internal.dispatch.ReflectionDispatch.dispatch(ReflectionDispatch.java:28)
  at org.gradle.internal.dispatch.ReflectionDispatch.dispatch(ReflectionDispatch.java:19)
  at org.gradle.internal.dispatch.ContextClassLoaderDispatch.dispatch(ContextClassLoaderDispatch.java:33)
  at org.gradle.internal.dispatch.ProxyDispatchAdapter$DispatchingInvocationHandler.invoke(ProxyDispatchAdapter.java:88)
  at jdk.proxy1/jdk.proxy1.$Proxy4.processTestDefinition(Unknown Source)
  at org.gradle.api.internal.tasks.testing.worker.TestWorker$2.run(TestWorker.java:178)
  at org.gradle.api.internal.tasks.testing.worker.TestWorker.executeAndMaintainThreadName(TestWorker.java:126)
  at org.gradle.api.internal.tasks.testing.worker.TestWorker.execute(TestWorker.java:103)
  at org.gradle.api.internal.tasks.testing.worker.TestWorker.execute(TestWorker.java:63)
  at org.gradle.process.internal.worker.child.ActionExecutionWorker.execute(ActionExecutionWorker.java:56)
  at org.gradle.process.internal.worker.child.SystemApplicationClassLoaderWorker.call(SystemApplicationClassLoaderWorker.java:122)
  at org.gradle.process.internal.worker.child.SystemApplicationClassLoaderWorker.call(SystemApplicationClassLoaderWorker.java:72)
  at worker.org.gradle.process.internal.worker.GradleWorkerMain.run(GradleWorkerMain.java:69)
  at worker.org.gradle.process.internal.worker.GradleWorkerMain.main(GradleWorkerMain.java:74)
</stacktrace>
</test-failure>


TypeScriptCompilerTests_S[jvm] > superWithTypeArgument2_ts has expected errors matching superWithTypeArgument2_errors_txt[jvm] FAILED

<test-failure test="com.xemantic.typescript.compiler.TypeScriptCompilerTests_S.signatureCombiningRestParameters1_ts has expected errors matching signatureCombiningRestParameters1_errors_txt" platform="jvm">
<message>
--- expected
+++ actual
@@ -1,4 +1,4 @@
-signatureCombiningRestParameters1.ts(17,6): error TS2345: Argument of type 'any' is not assignable to parameter of type 'never'.
+signatureCombiningRestParameters1.ts(22,29): error TS7006: Parameter 'arg' implicitly has an 'any' type.
 
 
 ==== signatureCombiningRestParameters1.ts (1 errors) ====
@@ -19,10 +19,10 @@
     
     for (const [key, fn] of Object.entries(map)) {
       fn(...args);
-         ~~~~~~~
-!!! error TS2345: Argument of type 'any' is not assignable to parameter of type 'never'.
     }
     
     const test2: ((a: number, ...args: []) => void) &
       ((b: string) => void) &
       ((c: boolean) => void) = (arg) => {};
+                                ~~~
+!!! error TS7006: Parameter 'arg' implicitly has an 'any' type.

</message>
<stacktrace>
  at org.junit.Assert.fail(Assert.java:89)
  at kotlin.test.junit.JUnitAsserter.fail(JUnitSupport.kt:56)
  at kotlin.test.AssertionsKt__AssertionsKt.fail(Assertions.kt:563)
  at kotlin.test.AssertionsKt.fail(Unknown Source)
  at com.xemantic.kotlin.test.SameAsKt.sameAs(SameAs.kt:52)
  at com.xemantic.typescript.compiler.TypeScriptTestSupportKt.errorsMatchBaseline(TypeScriptTestSupport.kt:135)
  at com.xemantic.typescript.compiler.TypeScriptCompilerTests_S.signatureCombiningRestParameters1_ts has expected errors matching signatureCombiningRestParameters1_errors_txt(TypeScriptCompilerTests_S.kt:728)
  at java.base/jdk.internal.reflect.DirectMethodHandleAccessor.invoke(DirectMethodHandleAccessor.java:104)
  at java.base/java.lang.reflect.Method.invoke(Method.java:565)
  at org.junit.runners.model.FrameworkMethod$1.runReflectiveCall(FrameworkMethod.java:59)
  at org.junit.internal.runners.model.ReflectiveCallable.run(ReflectiveCallable.java:12)
  at org.junit.runners.model.FrameworkMethod.invokeExplosively(FrameworkMethod.java:56)
  at org.junit.internal.runners.statements.InvokeMethod.evaluate(InvokeMethod.java:17)
  at org.junit.runners.ParentRunner$3.evaluate(ParentRunner.java:306)
  at org.junit.runners.BlockJUnit4ClassRunner$1.evaluate(BlockJUnit4ClassRunner.java:100)
  at org.junit.runners.ParentRunner.runLeaf(ParentRunner.java:366)
  at org.junit.runners.BlockJUnit4ClassRunner.runChild(BlockJUnit4ClassRunner.java:103)
  at org.junit.runners.BlockJUnit4ClassRunner.runChild(BlockJUnit4ClassRunner.java:63)
  at org.junit.runners.ParentRunner$4.run(ParentRunner.java:331)
  at org.junit.runners.ParentRunner$1.schedule(ParentRunner.java:79)
  at org.junit.runners.ParentRunner.runChildren(ParentRunner.java:329)
  at org.junit.runners.ParentRunner.access$100(ParentRunner.java:66)
  at org.junit.runners.ParentRunner$2.evaluate(ParentRunner.java:293)
  at org.junit.runners.ParentRunner$3.evaluate(ParentRunner.java:306)
  at org.junit.runners.ParentRunner.run(ParentRunner.java:413)
  at org.junit.runner.JUnitCore.run(JUnitCore.java:137)
  at org.junit.runner.JUnitCore.run(JUnitCore.java:115)
  at org.gradle.api.internal.tasks.testing.junit.JUnitTestExecutor.runRequest(JUnitTestExecutor.java:175)
  at org.gradle.api.internal.tasks.testing.junit.JUnitTestExecutor.accept(JUnitTestExecutor.java:84)
  at org.gradle.api.internal.tasks.testing.junit.JUnitTestExecutor.accept(JUnitTestExecutor.java:47)
  at org.gradle.api.internal.tasks.testing.junit.AbstractJUnitTestDefinitionProcessor.processTestDefinition(AbstractJUnitTestDefinitionProcessor.java:65)
  at org.gradle.api.internal.tasks.testing.SuiteTestDefinitionProcessor.processTestDefinition(SuiteTestDefinitionProcessor.java:54)
  at java.base/jdk.internal.reflect.DirectMethodHandleAccessor.invoke(DirectMethodHandleAccessor.java:104)
  at java.base/java.lang.reflect.Method.invoke(Method.java:565)
  at org.gradle.internal.dispatch.MethodInvocation.invokeOn(MethodInvocation.java:77)
  at org.gradle.internal.dispatch.ReflectionDispatch.dispatch(ReflectionDispatch.java:28)
  at org.gradle.internal.dispatch.ReflectionDispatch.dispatch(ReflectionDispatch.java:19)
  at org.gradle.internal.dispatch.ContextClassLoaderDispatch.dispatch(ContextClassLoaderDispatch.java:33)
  at org.gradle.internal.dispatch.ProxyDispatchAdapter$DispatchingInvocationHandler.invoke(ProxyDispatchAdapter.java:88)
  at jdk.proxy1/jdk.proxy1.$Proxy4.processTestDefinition(Unknown Source)
  at org.gradle.api.internal.tasks.testing.worker.TestWorker$2.run(TestWorker.java:178)
  at org.gradle.api.internal.tasks.testing.worker.TestWorker.executeAndMaintainThreadName(TestWorker.java:126)
  at org.gradle.api.internal.tasks.testing.worker.TestWorker.execute(TestWorker.java:103)
  at org.gradle.api.internal.tasks.testing.worker.TestWorker.execute(TestWorker.java:63)
  at org.gradle.process.internal.worker.child.ActionExecutionWorker.execute(ActionExecutionWorker.java:56)
  at org.gradle.process.internal.worker.child.SystemApplicationClassLoaderWorker.call(SystemApplicationClassLoaderWorker.java:122)
  at org.gradle.process.internal.worker.child.SystemApplicationClassLoaderWorker.call(SystemApplicationClassLoaderWorker.java:72)
  at worker.org.gradle.process.internal.worker.GradleWorkerMain.run(GradleWorkerMain.java:69)
  at worker.org.gradle.process.internal.worker.GradleWorkerMain.main(GradleWorkerMain.java:74)
</stacktrace>
</test-failure>


TypeScriptCompilerTests_S[jvm] > signatureCombiningRestParameters1_ts has expected errors matching signatureCombiningRestParameters1_errors_txt[jvm] FAILED

<test-failure test="com.xemantic.typescript.compiler.TypeScriptCompilerTests_S.stringIndexerAndConstructor1_ts has expected errors matching stringIndexerAndConstructor1_errors_txt" platform="jvm">
<message>
Expected diagnostics from baseline typescript-repo/tests/baselines/reference/stringIndexerAndConstructor1.errors.txt but none produced
</message>
<stacktrace>
  at com.xemantic.typescript.compiler.TypeScriptTestSupportKt.errorsMatchBaseline(TypeScriptTestSupport.kt:125)
  at com.xemantic.typescript.compiler.TypeScriptCompilerTests_S.stringIndexerAndConstructor1_ts has expected errors matching stringIndexerAndConstructor1_errors_txt(TypeScriptCompilerTests_S.kt:3073)
  at java.base/jdk.internal.reflect.DirectMethodHandleAccessor.invoke(DirectMethodHandleAccessor.java:104)
  at java.base/java.lang.reflect.Method.invoke(Method.java:565)
  at org.junit.runners.model.FrameworkMethod$1.runReflectiveCall(FrameworkMethod.java:59)
  at org.junit.internal.runners.model.ReflectiveCallable.run(ReflectiveCallable.java:12)
  at org.junit.runners.model.FrameworkMethod.invokeExplosively(FrameworkMethod.java:56)
  at org.junit.internal.runners.statements.InvokeMethod.evaluate(InvokeMethod.java:17)
  at org.junit.runners.ParentRunner$3.evaluate(ParentRunner.java:306)
  at org.junit.runners.BlockJUnit4ClassRunner$1.evaluate(BlockJUnit4ClassRunner.java:100)
  at org.junit.runners.ParentRunner.runLeaf(ParentRunner.java:366)
  at org.junit.runners.BlockJUnit4ClassRunner.runChild(BlockJUnit4ClassRunner.java:103)
  at org.junit.runners.BlockJUnit4ClassRunner.runChild(BlockJUnit4ClassRunner.java:63)
  at org.junit.runners.ParentRunner$4.run(ParentRunner.java:331)
  at org.junit.runners.ParentRunner$1.schedule(ParentRunner.java:79)
  at org.junit.runners.ParentRunner.runChildren(ParentRunner.java:329)
  at org.junit.runners.ParentRunner.access$100(ParentRunner.java:66)
  at org.junit.runners.ParentRunner$2.evaluate(ParentRunner.java:293)
  at org.junit.runners.ParentRunner$3.evaluate(ParentRunner.java:306)
  at org.junit.runners.ParentRunner.run(ParentRunner.java:413)
  at org.junit.runner.JUnitCore.run(JUnitCore.java:137)
  at org.junit.runner.JUnitCore.run(JUnitCore.java:115)
  at org.gradle.api.internal.tasks.testing.junit.JUnitTestExecutor.runRequest(JUnitTestExecutor.java:175)
  at org.gradle.api.internal.tasks.testing.junit.JUnitTestExecutor.accept(JUnitTestExecutor.java:84)
  at org.gradle.api.internal.tasks.testing.junit.JUnitTestExecutor.accept(JUnitTestExecutor.java:47)
  at org.gradle.api.internal.tasks.testing.junit.AbstractJUnitTestDefinitionProcessor.processTestDefinition(AbstractJUnitTestDefinitionProcessor.java:65)
  at org.gradle.api.internal.tasks.testing.SuiteTestDefinitionProcessor.processTestDefinition(SuiteTestDefinitionProcessor.java:54)
  at java.base/jdk.internal.reflect.DirectMethodHandleAccessor.invoke(DirectMethodHandleAccessor.java:104)
  at java.base/java.lang.reflect.Method.invoke(Method.java:565)
  at org.gradle.internal.dispatch.MethodInvocation.invokeOn(MethodInvocation.java:77)
  at org.gradle.internal.dispatch.ReflectionDispatch.dispatch(ReflectionDispatch.java:28)
  at org.gradle.internal.dispatch.ReflectionDispatch.dispatch(ReflectionDispatch.java:19)
  at org.gradle.internal.dispatch.ContextClassLoaderDispatch.dispatch(ContextClassLoaderDispatch.java:33)
  at org.gradle.internal.dispatch.ProxyDispatchAdapter$DispatchingInvocationHandler.invoke(ProxyDispatchAdapter.java:88)
  at jdk.proxy1/jdk.proxy1.$Proxy4.processTestDefinition(Unknown Source)
  at org.gradle.api.internal.tasks.testing.worker.TestWorker$2.run(TestWorker.java:178)
  at org.gradle.api.internal.tasks.testing.worker.TestWorker.executeAndMaintainThreadName(TestWorker.java:126)
  at org.gradle.api.internal.tasks.testing.worker.TestWorker.execute(TestWorker.java:103)
  at org.gradle.api.internal.tasks.testing.worker.TestWorker.execute(TestWorker.java:63)
  at org.gradle.process.internal.worker.child.ActionExecutionWorker.execute(ActionExecutionWorker.java:56)
  at org.gradle.process.internal.worker.child.SystemApplicationClassLoaderWorker.call(SystemApplicationClassLoaderWorker.java:122)
  at org.gradle.process.internal.worker.child.SystemApplicationClassLoaderWorker.call(SystemApplicationClassLoaderWorker.java:72)
  at worker.org.gradle.process.internal.worker.GradleWorkerMain.run(GradleWorkerMain.java:69)
  at worker.org.gradle.process.internal.worker.GradleWorkerMain.main(GradleWorkerMain.java:74)
</stacktrace>
</test-failure>


TypeScriptCompilerTests_S[jvm] > stringIndexerAndConstructor1_ts has expected errors matching stringIndexerAndConstructor1_errors_txt[jvm] FAILED

<test-failure test="com.xemantic.typescript.compiler.TypeScriptCompilerTests_S.staticMismatchBecauseOfPrototype_ts has expected errors matching staticMismatchBecauseOfPrototype_errors_txt" platform="jvm">
<message>
Expected diagnostics from baseline typescript-repo/tests/baselines/reference/staticMismatchBecauseOfPrototype.errors.txt but none produced
</message>
<stacktrace>
  at com.xemantic.typescript.compiler.TypeScriptTestSupportKt.errorsMatchBaseline(TypeScriptTestSupport.kt:125)
  at com.xemantic.typescript.compiler.TypeScriptCompilerTests_S.staticMismatchBecauseOfPrototype_ts has expected errors matching staticMismatchBecauseOfPrototype_errors_txt(TypeScriptCompilerTests_S.kt:2590)
  at java.base/jdk.internal.reflect.DirectMethodHandleAccessor.invoke(DirectMethodHandleAccessor.java:104)
  at java.base/java.lang.reflect.Method.invoke(Method.java:565)
  at org.junit.runners.model.FrameworkMethod$1.runReflectiveCall(FrameworkMethod.java:59)
  at org.junit.internal.runners.model.ReflectiveCallable.run(ReflectiveCallable.java:12)
  at org.junit.runners.model.FrameworkMethod.invokeExplosively(FrameworkMethod.java:56)
  at org.junit.internal.runners.statements.InvokeMethod.evaluate(InvokeMethod.java:17)
  at org.junit.runners.ParentRunner$3.evaluate(ParentRunner.java:306)
  at org.junit.runners.BlockJUnit4ClassRunner$1.evaluate(BlockJUnit4ClassRunner.java:100)
  at org.junit.runners.ParentRunner.runLeaf(ParentRunner.java:366)
  at org.junit.runners.BlockJUnit4ClassRunner.runChild(BlockJUnit4ClassRunner.java:103)
  at org.junit.runners.BlockJUnit4ClassRunner.runChild(BlockJUnit4ClassRunner.java:63)
  at org.junit.runners.ParentRunner$4.run(ParentRunner.java:331)
  at org.junit.runners.ParentRunner$1.schedule(ParentRunner.java:79)
  at org.junit.runners.ParentRunner.runChildren(ParentRunner.java:329)
  at org.junit.runners.ParentRunner.access$100(ParentRunner.java:66)
  at org.junit.runners.ParentRunner$2.evaluate(ParentRunner.java:293)
  at org.junit.runners.ParentRunner$3.evaluate(ParentRunner.java:306)
  at org.junit.runners.ParentRunner.run(ParentRunner.java:413)
  at org.junit.runner.JUnitCore.run(JUnitCore.java:137)
  at org.junit.runner.JUnitCore.run(JUnitCore.java:115)
  at org.gradle.api.internal.tasks.testing.junit.JUnitTestExecutor.runRequest(JUnitTestExecutor.java:175)
  at org.gradle.api.internal.tasks.testing.junit.JUnitTestExecutor.accept(JUnitTestExecutor.java:84)
  at org.gradle.api.internal.tasks.testing.junit.JUnitTestExecutor.accept(JUnitTestExecutor.java:47)
  at org.gradle.api.internal.tasks.testing.junit.AbstractJUnitTestDefinitionProcessor.processTestDefinition(AbstractJUnitTestDefinitionProcessor.java:65)
  at org.gradle.api.internal.tasks.testing.SuiteTestDefinitionProcessor.processTestDefinition(SuiteTestDefinitionProcessor.java:54)
  at java.base/jdk.internal.reflect.DirectMethodHandleAccessor.invoke(DirectMethodHandleAccessor.java:104)
  at java.base/java.lang.reflect.Method.invoke(Method.java:565)
  at org.gradle.internal.dispatch.MethodInvocation.invokeOn(MethodInvocation.java:77)
  at org.gradle.internal.dispatch.ReflectionDispatch.dispatch(ReflectionDispatch.java:28)
  at org.gradle.internal.dispatch.ReflectionDispatch.dispatch(ReflectionDispatch.java:19)
  at org.gradle.internal.dispatch.ContextClassLoaderDispatch.dispatch(ContextClassLoaderDispatch.java:33)
  at org.gradle.internal.dispatch.ProxyDispatchAdapter$DispatchingInvocationHandler.invoke(ProxyDispatchAdapter.java:88)
  at jdk.proxy1/jdk.proxy1.$Proxy4.processTestDefinition(Unknown Source)
  at org.gradle.api.internal.tasks.testing.worker.TestWorker$2.run(TestWorker.java:178)
  at org.gradle.api.internal.tasks.testing.worker.TestWorker.executeAndMaintainThreadName(TestWorker.java:126)
  at org.gradle.api.internal.tasks.testing.worker.TestWorker.execute(TestWorker.java:103)
  at org.gradle.api.internal.tasks.testing.worker.TestWorker.execute(TestWorker.java:63)
  at org.gradle.process.internal.worker.child.ActionExecutionWorker.execute(ActionExecutionWorker.java:56)
  at org.gradle.process.internal.worker.child.SystemApplicationClassLoaderWorker.call(SystemApplicationClassLoaderWorker.java:122)
  at org.gradle.process.internal.worker.child.SystemApplicationClassLoaderWorker.call(SystemApplicationClassLoaderWorker.java:72)
  at worker.org.gradle.process.internal.worker.GradleWorkerMain.run(GradleWorkerMain.java:69)
  at worker.org.gradle.process.internal.worker.GradleWorkerMain.main(GradleWorkerMain.java:74)
</stacktrace>
</test-failure>


TypeScriptCompilerTests_S[jvm] > staticMismatchBecauseOfPrototype_ts has expected errors matching staticMismatchBecauseOfPrototype_errors_txt[jvm] FAILED

<test-failure test="com.xemantic.typescript.compiler.TypeScriptCompilerTests_S.syntheticDefaultExportsWithDynamicImports_ts compiles to JavaScript matching syntheticDefaultExportsWithDynamicImports_js" platform="jvm">
<message>
--- expected
+++ actual
@@ -8,13 +8,5 @@
 import("package").then(({default: foo}) => foo(42));
 
 //// [index.js]
-System.register([], function (exports_1, context_1) {
-    "use strict";
-    var __moduleName = context_1 && context_1.id;
-    return {
-        setters: [],
-        execute: function () {
-            context_1.import("package").then(({ default: foo }) => foo(42));
-        }
-    };
-});
+"use strict";
+import("package").then(({ default: foo }) => foo(42));

</message>
<stacktrace>
  at org.junit.Assert.fail(Assert.java:89)
  at kotlin.test.junit.JUnitAsserter.fail(JUnitSupport.kt:56)
  at kotlin.test.AssertionsKt__AssertionsKt.fail(Assertions.kt:563)
  at kotlin.test.AssertionsKt.fail(Unknown Source)
  at com.xemantic.kotlin.test.SameAsKt.sameAs(SameAs.kt:52)
  at com.xemantic.typescript.compiler.TypeScriptTestSupportKt.sameAs(TypeScriptTestSupport.kt:99)
  at com.xemantic.typescript.compiler.TypeScriptCompilerTests_S.syntheticDefaultExportsWithDynamicImports_ts compiles to JavaScript matching syntheticDefaultExportsWithDynamicImports_js(TypeScriptCompilerTests_S.kt:4158)
  at java.base/jdk.internal.reflect.DirectMethodHandleAccessor.invoke(DirectMethodHandleAccessor.java:104)
  at java.base/java.lang.reflect.Method.invoke(Method.java:565)
  at org.junit.runners.model.FrameworkMethod$1.runReflectiveCall(FrameworkMethod.java:59)
  at org.junit.internal.runners.model.ReflectiveCallable.run(ReflectiveCallable.java:12)
  at org.junit.runners.model.FrameworkMethod.invokeExplosively(FrameworkMethod.java:56)
  at org.junit.internal.runners.statements.InvokeMethod.evaluate(InvokeMethod.java:17)
  at org.junit.runners.ParentRunner$3.evaluate(ParentRunner.java:306)
  at org.junit.runners.BlockJUnit4ClassRunner$1.evaluate(BlockJUnit4ClassRunner.java:100)
  at org.junit.runners.ParentRunner.runLeaf(ParentRunner.java:366)
  at org.junit.runners.BlockJUnit4ClassRunner.runChild(BlockJUnit4ClassRunner.java:103)
  at org.junit.runners.BlockJUnit4ClassRunner.runChild(BlockJUnit4ClassRunner.java:63)
  at org.junit.runners.ParentRunner$4.run(ParentRunner.java:331)
  at org.junit.runners.ParentRunner$1.schedule(ParentRunner.java:79)
  at org.junit.runners.ParentRunner.runChildren(ParentRunner.java:329)
  at org.junit.runners.ParentRunner.access$100(ParentRunner.java:66)
  at org.junit.runners.ParentRunner$2.evaluate(ParentRunner.java:293)
  at org.junit.runners.ParentRunner$3.evaluate(ParentRunner.java:306)
  at org.junit.runners.ParentRunner.run(ParentRunner.java:413)
  at org.junit.runner.JUnitCore.run(JUnitCore.java:137)
  at org.junit.runner.JUnitCore.run(JUnitCore.java:115)
  at org.gradle.api.internal.tasks.testing.junit.JUnitTestExecutor.runRequest(JUnitTestExecutor.java:175)
  at org.gradle.api.internal.tasks.testing.junit.JUnitTestExecutor.accept(JUnitTestExecutor.java:84)
  at org.gradle.api.internal.tasks.testing.junit.JUnitTestExecutor.accept(JUnitTestExecutor.java:47)
  at org.gradle.api.internal.tasks.testing.junit.AbstractJUnitTestDefinitionProcessor.processTestDefinition(AbstractJUnitTestDefinitionProcessor.java:65)
  at org.gradle.api.internal.tasks.testing.SuiteTestDefinitionProcessor.processTestDefinition(SuiteTestDefinitionProcessor.java:54)
  at java.base/jdk.internal.reflect.DirectMethodHandleAccessor.invoke(DirectMethodHandleAccessor.java:104)
  at java.base/java.lang.reflect.Method.invoke(Method.java:565)
  at org.gradle.internal.dispatch.MethodInvocation.invokeOn(MethodInvocation.java:77)
  at org.gradle.internal.dispatch.ReflectionDispatch.dispatch(ReflectionDispatch.java:28)
  at org.gradle.internal.dispatch.ReflectionDispatch.dispatch(ReflectionDispatch.java:19)
  at org.gradle.internal.dispatch.ContextClassLoaderDispatch.dispatch(ContextClassLoaderDispatch.java:33)
  at org.gradle.internal.dispatch.ProxyDispatchAdapter$DispatchingInvocationHandler.invoke(ProxyDispatchAdapter.java:88)
  at jdk.proxy1/jdk.proxy1.$Proxy4.processTestDefinition(Unknown Source)
  at org.gradle.api.internal.tasks.testing.worker.TestWorker$2.run(TestWorker.java:178)
  at org.gradle.api.internal.tasks.testing.worker.TestWorker.executeAndMaintainThreadName(TestWorker.java:126)
  at org.gradle.api.internal.tasks.testing.worker.TestWorker.execute(TestWorker.java:103)
  at org.gradle.api.internal.tasks.testing.worker.TestWorker.execute(TestWorker.java:63)
  at org.gradle.process.internal.worker.child.ActionExecutionWorker.execute(ActionExecutionWorker.java:56)
  at org.gradle.process.internal.worker.child.SystemApplicationClassLoaderWorker.call(SystemApplicationClassLoaderWorker.java:122)
  at org.gradle.process.internal.worker.child.SystemApplicationClassLoaderWorker.call(SystemApplicationClassLoaderWorker.java:72)
  at worker.org.gradle.process.internal.worker.GradleWorkerMain.run(GradleWorkerMain.java:69)
  at worker.org.gradle.process.internal.worker.GradleWorkerMain.main(GradleWorkerMain.java:74)
</stacktrace>
</test-failure>


TypeScriptCompilerTests_S[jvm] > syntheticDefaultExportsWithDynamicImports_ts compiles to JavaScript matching syntheticDefaultExportsWithDynamicImports_js[jvm] FAILED

<test-failure test="com.xemantic.typescript.compiler.TypeScriptCompilerTests_S.super_inside-object-literal-getters-and-setters_ts__target_es2015__has expected errors matching baseline" platform="jvm">
<message>
Expected diagnostics from baseline typescript-repo/tests/baselines/reference/super_inside-object-literal-getters-and-setters(target=es2015).errors.txt but none produced
</message>
<stacktrace>
  at com.xemantic.typescript.compiler.TypeScriptTestSupportKt.errorsMatchBaseline(TypeScriptTestSupport.kt:125)
  at com.xemantic.typescript.compiler.TypeScriptCompilerTests_S.super_inside-object-literal-getters-and-setters_ts__target_es2015__has expected errors matching baseline(TypeScriptCompilerTests_S.kt:3962)
  at java.base/jdk.internal.reflect.DirectMethodHandleAccessor.invoke(DirectMethodHandleAccessor.java:104)
  at java.base/java.lang.reflect.Method.invoke(Method.java:565)
  at org.junit.runners.model.FrameworkMethod$1.runReflectiveCall(FrameworkMethod.java:59)
  at org.junit.internal.runners.model.ReflectiveCallable.run(ReflectiveCallable.java:12)
  at org.junit.runners.model.FrameworkMethod.invokeExplosively(FrameworkMethod.java:56)
  at org.junit.internal.runners.statements.InvokeMethod.evaluate(InvokeMethod.java:17)
  at org.junit.runners.ParentRunner$3.evaluate(ParentRunner.java:306)
  at org.junit.runners.BlockJUnit4ClassRunner$1.evaluate(BlockJUnit4ClassRunner.java:100)
  at org.junit.runners.ParentRunner.runLeaf(ParentRunner.java:366)
  at org.junit.runners.BlockJUnit4ClassRunner.runChild(BlockJUnit4ClassRunner.java:103)
  at org.junit.runners.BlockJUnit4ClassRunner.runChild(BlockJUnit4ClassRunner.java:63)
  at org.junit.runners.ParentRunner$4.run(ParentRunner.java:331)
  at org.junit.runners.ParentRunner$1.schedule(ParentRunner.java:79)
  at org.junit.runners.ParentRunner.runChildren(ParentRunner.java:329)
  at org.junit.runners.ParentRunner.access$100(ParentRunner.java:66)
  at org.junit.runners.ParentRunner$2.evaluate(ParentRunner.java:293)
  at org.junit.runners.ParentRunner$3.evaluate(ParentRunner.java:306)
  at org.junit.runners.ParentRunner.run(ParentRunner.java:413)
  at org.junit.runner.JUnitCore.run(JUnitCore.java:137)
  at org.junit.runner.JUnitCore.run(JUnitCore.java:115)
  at org.gradle.api.internal.tasks.testing.junit.JUnitTestExecutor.runRequest(JUnitTestExecutor.java:175)
  at org.gradle.api.internal.tasks.testing.junit.JUnitTestExecutor.accept(JUnitTestExecutor.java:84)
  at org.gradle.api.internal.tasks.testing.junit.JUnitTestExecutor.accept(JUnitTestExecutor.java:47)
  at org.gradle.api.internal.tasks.testing.junit.AbstractJUnitTestDefinitionProcessor.processTestDefinition(AbstractJUnitTestDefinitionProcessor.java:65)
  at org.gradle.api.internal.tasks.testing.SuiteTestDefinitionProcessor.processTestDefinition(SuiteTestDefinitionProcessor.java:54)
  at java.base/jdk.internal.reflect.DirectMethodHandleAccessor.invoke(DirectMethodHandleAccessor.java:104)
  at java.base/java.lang.reflect.Method.invoke(Method.java:565)
  at org.gradle.internal.dispatch.MethodInvocation.invokeOn(MethodInvocation.java:77)
  at org.gradle.internal.dispatch.ReflectionDispatch.dispatch(ReflectionDispatch.java:28)
  at org.gradle.internal.dispatch.ReflectionDispatch.dispatch(ReflectionDispatch.java:19)
  at org.gradle.internal.dispatch.ContextClassLoaderDispatch.dispatch(ContextClassLoaderDispatch.java:33)
  at org.gradle.internal.dispatch.ProxyDispatchAdapter$DispatchingInvocationHandler.invoke(ProxyDispatchAdapter.java:88)
  at jdk.proxy1/jdk.proxy1.$Proxy4.processTestDefinition(Unknown Source)
  at org.gradle.api.internal.tasks.testing.worker.TestWorker$2.run(TestWorker.java:178)
  at org.gradle.api.internal.tasks.testing.worker.TestWorker.executeAndMaintainThreadName(TestWorker.java:126)
  at org.gradle.api.internal.tasks.testing.worker.TestWorker.execute(TestWorker.java:103)
  at org.gradle.api.internal.tasks.testing.worker.TestWorker.execute(TestWorker.java:63)
  at org.gradle.process.internal.worker.child.ActionExecutionWorker.execute(ActionExecutionWorker.java:56)
  at org.gradle.process.internal.worker.child.SystemApplicationClassLoaderWorker.call(SystemApplicationClassLoaderWorker.java:122)
  at org.gradle.process.internal.worker.child.SystemApplicationClassLoaderWorker.call(SystemApplicationClassLoaderWorker.java:72)
  at worker.org.gradle.process.internal.worker.GradleWorkerMain.run(GradleWorkerMain.java:69)
  at worker.org.gradle.process.internal.worker.GradleWorkerMain.main(GradleWorkerMain.java:74)
</stacktrace>
</test-failure>


TypeScriptCompilerTests_S[jvm] > super_inside-object-literal-getters-and-setters_ts__target_es2015__has expected errors matching baseline[jvm] FAILED

<test-failure test="com.xemantic.typescript.compiler.TypeScriptCompilerTests_S.staticMethodsReferencingClassTypeParameters_ts has expected errors matching staticMethodsReferencingClassTypeParameters_errors_txt" platform="jvm">
<message>
Expected diagnostics from baseline typescript-repo/tests/baselines/reference/staticMethodsReferencingClassTypeParameters.errors.txt but none produced
</message>
<stacktrace>
  at com.xemantic.typescript.compiler.TypeScriptTestSupportKt.errorsMatchBaseline(TypeScriptTestSupport.kt:125)
  at com.xemantic.typescript.compiler.TypeScriptCompilerTests_S.staticMethodsReferencingClassTypeParameters_ts has expected errors matching staticMethodsReferencingClassTypeParameters_errors_txt(TypeScriptCompilerTests_S.kt:2576)
  at java.base/jdk.internal.reflect.DirectMethodHandleAccessor.invoke(DirectMethodHandleAccessor.java:104)
  at java.base/java.lang.reflect.Method.invoke(Method.java:565)
  at org.junit.runners.model.FrameworkMethod$1.runReflectiveCall(FrameworkMethod.java:59)
  at org.junit.internal.runners.model.ReflectiveCallable.run(ReflectiveCallable.java:12)
  at org.junit.runners.model.FrameworkMethod.invokeExplosively(FrameworkMethod.java:56)
  at org.junit.internal.runners.statements.InvokeMethod.evaluate(InvokeMethod.java:17)
  at org.junit.runners.ParentRunner$3.evaluate(ParentRunner.java:306)
  at org.junit.runners.BlockJUnit4ClassRunner$1.evaluate(BlockJUnit4ClassRunner.java:100)
  at org.junit.runners.ParentRunner.runLeaf(ParentRunner.java:366)
  at org.junit.runners.BlockJUnit4ClassRunner.runChild(BlockJUnit4ClassRunner.java:103)
  at org.junit.runners.BlockJUnit4ClassRunner.runChild(BlockJUnit4ClassRunner.java:63)
  at org.junit.runners.ParentRunner$4.run(ParentRunner.java:331)
  at org.junit.runners.ParentRunner$1.schedule(ParentRunner.java:79)
  at org.junit.runners.ParentRunner.runChildren(ParentRunner.java:329)
  at org.junit.runners.ParentRunner.access$100(ParentRunner.java:66)
  at org.junit.runners.ParentRunner$2.evaluate(ParentRunner.java:293)
  at org.junit.runners.ParentRunner$3.evaluate(ParentRunner.java:306)
  at org.junit.runners.ParentRunner.run(ParentRunner.java:413)
  at org.junit.runner.JUnitCore.run(JUnitCore.java:137)
  at org.junit.runner.JUnitCore.run(JUnitCore.java:115)
  at org.gradle.api.internal.tasks.testing.junit.JUnitTestExecutor.runRequest(JUnitTestExecutor.java:175)
  at org.gradle.api.internal.tasks.testing.junit.JUnitTestExecutor.accept(JUnitTestExecutor.java:84)
  at org.gradle.api.internal.tasks.testing.junit.JUnitTestExecutor.accept(JUnitTestExecutor.java:47)
  at org.gradle.api.internal.tasks.testing.junit.AbstractJUnitTestDefinitionProcessor.processTestDefinition(AbstractJUnitTestDefinitionProcessor.java:65)
  at org.gradle.api.internal.tasks.testing.SuiteTestDefinitionProcessor.processTestDefinition(SuiteTestDefinitionProcessor.java:54)
  at java.base/jdk.internal.reflect.DirectMethodHandleAccessor.invoke(DirectMethodHandleAccessor.java:104)
  at java.base/java.lang.reflect.Method.invoke(Method.java:565)
  at org.gradle.internal.dispatch.MethodInvocation.invokeOn(MethodInvocation.java:77)
  at org.gradle.internal.dispatch.ReflectionDispatch.dispatch(ReflectionDispatch.java:28)
  at org.gradle.internal.dispatch.ReflectionDispatch.dispatch(ReflectionDispatch.java:19)
  at org.gradle.internal.dispatch.ContextClassLoaderDispatch.dispatch(ContextClassLoaderDispatch.java:33)
  at org.gradle.internal.dispatch.ProxyDispatchAdapter$DispatchingInvocationHandler.invoke(ProxyDispatchAdapter.java:88)
  at jdk.proxy1/jdk.proxy1.$Proxy4.processTestDefinition(Unknown Source)
  at org.gradle.api.internal.tasks.testing.worker.TestWorker$2.run(TestWorker.java:178)
  at org.gradle.api.internal.tasks.testing.worker.TestWorker.executeAndMaintainThreadName(TestWorker.java:126)
  at org.gradle.api.internal.tasks.testing.worker.TestWorker.execute(TestWorker.java:103)
  at org.gradle.api.internal.tasks.testing.worker.TestWorker.execute(TestWorker.java:63)
  at org.gradle.process.internal.worker.child.ActionExecutionWorker.execute(ActionExecutionWorker.java:56)
  at org.gradle.process.internal.worker.child.SystemApplicationClassLoaderWorker.call(SystemApplicationClassLoaderWorker.java:122)
  at org.gradle.process.internal.worker.child.SystemApplicationClassLoaderWorker.call(SystemApplicationClassLoaderWorker.java:72)
  at worker.org.gradle.process.internal.worker.GradleWorkerMain.run(GradleWorkerMain.java:69)
  at worker.org.gradle.process.internal.worker.GradleWorkerMain.main(GradleWorkerMain.java:74)
</stacktrace>
</test-failure>


TypeScriptCompilerTests_S[jvm] > staticMethodsReferencingClassTypeParameters_ts has expected errors matching staticMethodsReferencingClassTypeParameters_errors_txt[jvm] FAILED

<test-failure test="com.xemantic.typescript.compiler.TypeScriptCompilerTests_S.shorthand-property-es5-es6_ts__target_es2015__has expected errors matching baseline" platform="jvm">
<message>
Expected diagnostics from baseline typescript-repo/tests/baselines/reference/shorthand-property-es5-es6(target=es2015).errors.txt but none produced
</message>
<stacktrace>
  at com.xemantic.typescript.compiler.TypeScriptTestSupportKt.errorsMatchBaseline(TypeScriptTestSupport.kt:125)
  at com.xemantic.typescript.compiler.TypeScriptCompilerTests_S.shorthand-property-es5-es6_ts__target_es2015__has expected errors matching baseline(TypeScriptCompilerTests_S.kt:469)
  at java.base/jdk.internal.reflect.DirectMethodHandleAccessor.invoke(DirectMethodHandleAccessor.java:104)
  at java.base/java.lang.reflect.Method.invoke(Method.java:565)
  at org.junit.runners.model.FrameworkMethod$1.runReflectiveCall(FrameworkMethod.java:59)
  at org.junit.internal.runners.model.ReflectiveCallable.run(ReflectiveCallable.java:12)
  at org.junit.runners.model.FrameworkMethod.invokeExplosively(FrameworkMethod.java:56)
  at org.junit.internal.runners.statements.InvokeMethod.evaluate(InvokeMethod.java:17)
  at org.junit.runners.ParentRunner$3.evaluate(ParentRunner.java:306)
  at org.junit.runners.BlockJUnit4ClassRunner$1.evaluate(BlockJUnit4ClassRunner.java:100)
  at org.junit.runners.ParentRunner.runLeaf(ParentRunner.java:366)
  at org.junit.runners.BlockJUnit4ClassRunner.runChild(BlockJUnit4ClassRunner.java:103)
  at org.junit.runners.BlockJUnit4ClassRunner.runChild(BlockJUnit4ClassRunner.java:63)
  at org.junit.runners.ParentRunner$4.run(ParentRunner.java:331)
  at org.junit.runners.ParentRunner$1.schedule(ParentRunner.java:79)
  at org.junit.runners.ParentRunner.runChildren(ParentRunner.java:329)
  at org.junit.runners.ParentRunner.access$100(ParentRunner.java:66)
  at org.junit.runners.ParentRunner$2.evaluate(ParentRunner.java:293)
  at org.junit.runners.ParentRunner$3.evaluate(ParentRunner.java:306)
  at org.junit.runners.ParentRunner.run(ParentRunner.java:413)
  at org.junit.runner.JUnitCore.run(JUnitCore.java:137)
  at org.junit.runner.JUnitCore.run(JUnitCore.java:115)
  at org.gradle.api.internal.tasks.testing.junit.JUnitTestExecutor.runRequest(JUnitTestExecutor.java:175)
  at org.gradle.api.internal.tasks.testing.junit.JUnitTestExecutor.accept(JUnitTestExecutor.java:84)
  at org.gradle.api.internal.tasks.testing.junit.JUnitTestExecutor.accept(JUnitTestExecutor.java:47)
  at org.gradle.api.internal.tasks.testing.junit.AbstractJUnitTestDefinitionProcessor.processTestDefinition(AbstractJUnitTestDefinitionProcessor.java:65)
  at org.gradle.api.internal.tasks.testing.SuiteTestDefinitionProcessor.processTestDefinition(SuiteTestDefinitionProcessor.java:54)
  at java.base/jdk.internal.reflect.DirectMethodHandleAccessor.invoke(DirectMethodHandleAccessor.java:104)
  at java.base/java.lang.reflect.Method.invoke(Method.java:565)
  at org.gradle.internal.dispatch.MethodInvocation.invokeOn(MethodInvocation.java:77)
  at org.gradle.internal.dispatch.ReflectionDispatch.dispatch(ReflectionDispatch.java:28)
  at org.gradle.internal.dispatch.ReflectionDispatch.dispatch(ReflectionDispatch.java:19)
  at org.gradle.internal.dispatch.ContextClassLoaderDispatch.dispatch(ContextClassLoaderDispatch.java:33)
  at org.gradle.internal.dispatch.ProxyDispatchAdapter$DispatchingInvocationHandler.invoke(ProxyDispatchAdapter.java:88)
  at jdk.proxy1/jdk.proxy1.$Proxy4.processTestDefinition(Unknown Source)
  at org.gradle.api.internal.tasks.testing.worker.TestWorker$2.run(TestWorker.java:178)
  at org.gradle.api.internal.tasks.testing.worker.TestWorker.executeAndMaintainThreadName(TestWorker.java:126)
  at org.gradle.api.internal.tasks.testing.worker.TestWorker.execute(TestWorker.java:103)
  at org.gradle.api.internal.tasks.testing.worker.TestWorker.execute(TestWorker.java:63)
  at org.gradle.process.internal.worker.child.ActionExecutionWorker.execute(ActionExecutionWorker.java:56)
  at org.gradle.process.internal.worker.child.SystemApplicationClassLoaderWorker.call(SystemApplicationClassLoaderWorker.java:122)
  at org.gradle.process.internal.worker.child.SystemApplicationClassLoaderWorker.call(SystemApplicationClassLoaderWorker.java:72)
  at worker.org.gradle.process.internal.worker.GradleWorkerMain.run(GradleWorkerMain.java:69)
  at worker.org.gradle.process.internal.worker.GradleWorkerMain.main(GradleWorkerMain.java:74)
</stacktrace>
</test-failure>


TypeScriptCompilerTests_S[jvm] > shorthand-property-es5-es6_ts__target_es2015__has expected errors matching baseline[jvm] FAILED

<test-failure test="com.xemantic.typescript.compiler.TypeScriptCompilerTests_S.strictFunctionTypesErrors_ts has expected errors matching strictFunctionTypesErrors_errors_txt" platform="jvm">
<message>
--- expected
+++ actual
@@ -1,97 +1,16 @@
-strictFunctionTypesErrors.ts(10,1): error TS2322: Type '(x: string) => Object' is not assignable to type '(x: Object) => Object'.
-  Types of parameters 'x' and 'x' are incompatible.
-    Type 'Object' is not assignable to type 'string'.
-strictFunctionTypesErrors.ts(11,1): error TS2322: Type '(x: string) => string' is not assignable to type '(x: Object) => Object'.
-  Types of parameters 'x' and 'x' are incompatible.
-    Type 'Object' is not assignable to type 'string'.
-strictFunctionTypesErrors.ts(13,1): error TS2322: Type '(x: Object) => Object' is not assignable to type '(x: Object) => string'.
-  Type 'Object' is not assignable to type 'string'.
-strictFunctionTypesErrors.ts(14,1): error TS2322: Type '(x: string) => Object' is not assignable to type '(x: Object) => string'.
-  Types of parameters 'x' and 'x' are incompatible.
-    Type 'Object' is not assignable to type 'string'.
-strictFunctionTypesErrors.ts(15,1): error TS2322: Type '(x: string) => string' is not assignable to type '(x: Object) => string'.
-  Types of parameters 'x' and 'x' are incompatible.
-    Type 'Object' is not assignable to type 'string'.
-strictFunctionTypesErrors.ts(21,1): error TS2322: Type '(x: Object) => Object' is not assignable to type '(x: string) => string'.
-  Type 'Object' is not assignable to type 'string'.
-strictFunctionTypesErrors.ts(23,1): error TS2322: Type '(x: string) => Object' is not assignable to type '(x: string) => string'.
-  Type 'Object' is not assignable to type 'string'.
-strictFunctionTypesErrors.ts(33,1): error TS2322: Type 'Func<string, Object>' is not assignable to type 'Func<Object, Object>'.
-  Type 'Object' is not assignable to type 'string'.
-strictFunctionTypesErrors.ts(34,1): error TS2322: Type 'Func<string, string>' is not assignable to type 'Func<Object, Object>'.
-  Type 'Object' is not assignable to type 'string'.
-strictFunctionTypesErrors.ts(36,1): error TS2322: Type 'Func<Object, Object>' is not assignable to type 'Func<Object, string>'.
-  Type 'Object' is not assignable to type 'string'.
-strictFunctionTypesErrors.ts(37,1): error TS2322: Type 'Func<string, Object>' is not assignable to type 'Func<Object, string>'.
-  Type 'Object' is not assignable to type 'string'.
-strictFunctionTypesErrors.ts(38,1): error TS2322: Type 'Func<string, string>' is not assignable to type 'Func<Object, string>'.
-  Type 'Object' is not assignable to type 'string'.
-strictFunctionTypesErrors.ts(44,1): error TS2322: Type 'Func<Object, Object>' is not assignable to type 'Func<string, string>'.
-  Type 'Object' is not assignable to type 'string'.
-strictFunctionTypesErrors.ts(46,1): error TS2322: Type 'Func<string, Object>' is not assignable to type 'Func<string, string>'.
-  Type 'Object' is not assignable to type 'string'.
-strictFunctionTypesErrors.ts(57,1): error TS2322: Type 'Func<Func<Object, void>, Object>' is not assignable to type 'Func<Func<Object, void>, string>'.
-  Type 'Object' is not assignable to type 'string'.
-strictFunctionTypesErrors.ts(58,1): error TS2322: Type 'Func<Func<string, void>, Object>' is not assignable to type 'Func<Func<Object, void>, string>'.
-  Type 'Object' is not assignable to type 'string'.
-strictFunctionTypesErrors.ts(61,1): error TS2322: Type 'Func<Func<Object, void>, Object>' is not assignable to type 'Func<Func<string, void>, Object>'.
-  Type 'Func<string, void>' is not assignable to type 'Func<Object, void>'.
-    Type 'Object' is not assignable to type 'string'.
-strictFunctionTypesErrors.ts(62,1): error TS2322: Type 'Func<Func<Object, void>, string>' is not assignable to type 'Func<Func<string, void>, Object>'.
-  Type 'Func<string, void>' is not assignable to type 'Func<Object, void>'.
-    Type 'Object' is not assignable to type 'string'.
-strictFunctionTypesErrors.ts(65,1): error TS2322: Type 'Func<Func<Object, void>, Object>' is not assignable to type 'Func<Func<string, void>, string>'.
-  Type 'Func<string, void>' is not assignable to type 'Func<Object, void>'.
-    Type 'Object' is not assignable to type 'string'.
-strictFunctionTypesErrors.ts(66,1): error TS2322: Type 'Func<Func<Object, void>, string>' is not assignable to type 'Func<Func<string, void>, string>'.
-  Type 'Func<string, void>' is not assignable to type 'Func<Object, void>'.
-    Type 'Object' is not assignable to type 'string'.
-strictFunctionTypesErrors.ts(67,1): error TS2322: Type 'Func<Func<string, void>, Object>' is not assignable to type 'Func<Func<string, void>, string>'.
-  Type 'Object' is not assignable to type 'string'.
-strictFunctionTypesErrors.ts(74,1): error TS2322: Type 'Func<Object, Func<string, void>>' is not assignable to type 'Func<Object, Func<Object, void>>'.
-  Type 'Func<string, void>' is not assignable to type 'Func<Object, void>'.
-    Type 'Object' is not assignable to type 'string'.
-strictFunctionTypesErrors.ts(75,1): error TS2322: Type 'Func<string, Func<Object, void>>' is not assignable to type 'Func<Object, Func<Object, void>>'.
-  Type 'Object' is not assignable to type 'string'.
-strictFunctionTypesErrors.ts(76,1): error TS2322: Type 'Func<string, Func<string, void>>' is not assignable to type 'Func<Object, Func<Object, void>>'.
-  Type 'Object' is not assignable to type 'string'.
-strictFunctionTypesErrors.ts(79,1): error TS2322: Type 'Func<string, Func<Object, void>>' is not assignable to type 'Func<Object, Func<string, void>>'.
-  Type 'Object' is not assignable to type 'string'.
-strictFunctionTypesErrors.ts(80,1): error TS2322: Type 'Func<string, Func<string, void>>' is not assignable to type 'Func<Object, Func<string, void>>'.
-  Type 'Object' is not assignable to type 'string'.
-strictFunctionTypesErrors.ts(83,1): error TS2322: Type 'Func<Object, Func<string, void>>' is not assignable to type 'Func<string, Func<Object, void>>'.
-  Type 'Func<string, void>' is not assignable to type 'Func<Object, void>'.
-    Type 'Object' is not assignable to type 'string'.
-strictFunctionTypesErrors.ts(84,1): error TS2322: Type 'Func<string, Func<string, void>>' is not assignable to type 'Func<string, Func<Object, void>>'.
-  Type 'Func<string, void>' is not assignable to type 'Func<Object, void>'.
-    Type 'Object' is not assignable to type 'string'.
-strictFunctionTypesErrors.ts(111,1): error TS2322: Type 'Comparer2<Dog>' is not assignable to type 'Comparer2<Animal>'.
-  Property 'dog' is missing in type 'Animal' but required in type 'Dog'.
-strictFunctionTypesErrors.ts(126,1): error TS2322: Type 'Crate<Dog>' is not assignable to type 'Crate<Animal>'.
-  Types of property 'onSetItem' are incompatible.
-    Type '(item: Dog) => void' is not assignable to type '(item: Animal) => void'.
-      Types of parameters 'item' and 'item' are incompatible.
-        Property 'dog' is missing in type 'Animal' but required in type 'Dog'.
-strictFunctionTypesErrors.ts(127,1): error TS2322: Type 'Crate<Animal>' is not assignable to type 'Crate<Dog>'.
-  Types of property 'item' are incompatible.
-    Property 'dog' is missing in type 'Animal' but required in type 'Dog'.
-strictFunctionTypesErrors.ts(133,1): error TS2328: Types of parameters 'f' and 'f' are incompatible.
-  Property 'dog' is missing in type 'Animal' but required in type 'Dog'.
+strictFunctionTypesErrors.ts(133,1): error TS2322: Type '(f: (x: Dog) => Dog) => void' is not assignable to type '(f: (x: Animal) => Animal) => void'.
+  Types of parameters 'f' and 'f' are incompatible.
+    Type '(x: Animal) => Animal' is not assignable to type '(x: Dog) => Dog'.
 strictFunctionTypesErrors.ts(134,1): error TS2322: Type '(f: (x: Animal) => Animal) => void' is not assignable to type '(f: (x: Dog) => Dog) => void'.
   Types of parameters 'f' and 'f' are incompatible.
-    Types of parameters 'x' and 'x' are incompatible.
-      Property 'dog' is missing in type 'Animal' but required in type 'Dog'.
-strictFunctionTypesErrors.ts(147,5): error TS2322: Type '(cb: (x: Animal) => Animal) => void' is not assignable to type '(cb: (x: Dog) => Animal) => void'.
-  Types of parameters 'cb' and 'cb' are incompatible.
-    Types of parameters 'x' and 'x' are incompatible.
-      Property 'dog' is missing in type 'Animal' but required in type 'Dog'.
-strictFunctionTypesErrors.ts(155,5): error TS2322: Type '(cb: (x: Animal) => Animal) => void' is not assignable to type '(cb: (x: Dog) => Animal) => void'.
-  Types of parameters 'cb' and 'cb' are incompatible.
-    Types of parameters 'x' and 'x' are incompatible.
-      Property 'dog' is missing in type 'Animal' but required in type 'Dog'.
+    Type '(x: Dog) => Dog' is not assignable to type '(x: Animal) => Animal'.
+strictFunctionTypesErrors.ts(147,5): error TS2322: Type '(cb: any) => void' is not assignable to type '(x: Object) => string'.
+  Type 'void' is not assignable to type 'string'.
+strictFunctionTypesErrors.ts(155,5): error TS2322: Type '(cb: error) => void' is not assignable to type '(x: Object) => string'.
+  Type 'void' is not assignable to type 'string'.
 
 
-==== strictFunctionTypesErrors.ts (35 errors) ====
+==== strictFunctionTypesErrors.ts (4 errors) ====
     export {}
     
     
@@ -102,4 +21,3 @@
     
     f1 = f2;  // Ok
     f1 = f3;  // Error
-    ~~

Diff truncated: more than 100 lines changed

Expected: 383 lines
Actual: 183 lines

The differences are too extensive to show in unified diff format.
Consider comparing smaller sections or reviewing the strings directly.

</message>
<stacktrace>
  at org.junit.Assert.fail(Assert.java:89)
  at kotlin.test.junit.JUnitAsserter.fail(JUnitSupport.kt:56)
  at kotlin.test.AssertionsKt__AssertionsKt.fail(Assertions.kt:563)
  at kotlin.test.AssertionsKt.fail(Unknown Source)
  at com.xemantic.kotlin.test.SameAsKt.sameAs(SameAs.kt:52)
  at com.xemantic.typescript.compiler.TypeScriptTestSupportKt.errorsMatchBaseline(TypeScriptTestSupport.kt:135)
  at com.xemantic.typescript.compiler.TypeScriptCompilerTests_S.strictFunctionTypesErrors_ts has expected errors matching strictFunctionTypesErrors_errors_txt(TypeScriptCompilerTests_S.kt:2800)
  at java.base/jdk.internal.reflect.DirectMethodHandleAccessor.invoke(DirectMethodHandleAccessor.java:104)
  at java.base/java.lang.reflect.Method.invoke(Method.java:565)
  at org.junit.runners.model.FrameworkMethod$1.runReflectiveCall(FrameworkMethod.java:59)
  at org.junit.internal.runners.model.ReflectiveCallable.run(ReflectiveCallable.java:12)
  at org.junit.runners.model.FrameworkMethod.invokeExplosively(FrameworkMethod.java:56)
  at org.junit.internal.runners.statements.InvokeMethod.evaluate(InvokeMethod.java:17)
  at org.junit.runners.ParentRunner$3.evaluate(ParentRunner.java:306)
  at org.junit.runners.BlockJUnit4ClassRunner$1.evaluate(BlockJUnit4ClassRunner.java:100)
  at org.junit.runners.ParentRunner.runLeaf(ParentRunner.java:366)
  at org.junit.runners.BlockJUnit4ClassRunner.runChild(BlockJUnit4ClassRunner.java:103)
  at org.junit.runners.BlockJUnit4ClassRunner.runChild(BlockJUnit4ClassRunner.java:63)
  at org.junit.runners.ParentRunner$4.run(ParentRunner.java:331)
  at org.junit.runners.ParentRunner$1.schedule(ParentRunner.java:79)
  at org.junit.runners.ParentRunner.runChildren(ParentRunner.java:329)
  at org.junit.runners.ParentRunner.access$100(ParentRunner.java:66)
  at org.junit.runners.ParentRunner$2.evaluate(ParentRunner.java:293)
  at org.junit.runners.ParentRunner$3.evaluate(ParentRunner.java:306)
  at org.junit.runners.ParentRunner.run(ParentRunner.java:413)
  at org.junit.runner.JUnitCore.run(JUnitCore.java:137)
  at org.junit.runner.JUnitCore.run(JUnitCore.java:115)
  at org.gradle.api.internal.tasks.testing.junit.JUnitTestExecutor.runRequest(JUnitTestExecutor.java:175)
  at org.gradle.api.internal.tasks.testing.junit.JUnitTestExecutor.accept(JUnitTestExecutor.java:84)
  at org.gradle.api.internal.tasks.testing.junit.JUnitTestExecutor.accept(JUnitTestExecutor.java:47)
  at org.gradle.api.internal.tasks.testing.junit.AbstractJUnitTestDefinitionProcessor.processTestDefinition(AbstractJUnitTestDefinitionProcessor.java:65)
  at org.gradle.api.internal.tasks.testing.SuiteTestDefinitionProcessor.processTestDefinition(SuiteTestDefinitionProcessor.java:54)
  at java.base/jdk.internal.reflect.DirectMethodHandleAccessor.invoke(DirectMethodHandleAccessor.java:104)
  at java.base/java.lang.reflect.Method.invoke(Method.java:565)
  at org.gradle.internal.dispatch.MethodInvocation.invokeOn(MethodInvocation.java:77)
  at org.gradle.internal.dispatch.ReflectionDispatch.dispatch(ReflectionDispatch.java:28)
  at org.gradle.internal.dispatch.ReflectionDispatch.dispatch(ReflectionDispatch.java:19)
  at org.gradle.internal.dispatch.ContextClassLoaderDispatch.dispatch(ContextClassLoaderDispatch.java:33)
  at org.gradle.internal.dispatch.ProxyDispatchAdapter$DispatchingInvocationHandler.invoke(ProxyDispatchAdapter.java:88)
  at jdk.proxy1/jdk.proxy1.$Proxy4.processTestDefinition(Unknown Source)
  at org.gradle.api.internal.tasks.testing.worker.TestWorker$2.run(TestWorker.java:178)
  at org.gradle.api.internal.tasks.testing.worker.TestWorker.executeAndMaintainThreadName(TestWorker.java:126)
  at org.gradle.api.internal.tasks.testing.worker.TestWorker.execute(TestWorker.java:103)
  at org.gradle.api.internal.tasks.testing.worker.TestWorker.execute(TestWorker.java:63)
  at org.gradle.process.internal.worker.child.ActionExecutionWorker.execute(ActionExecutionWorker.java:56)
  at org.gradle.process.internal.worker.child.SystemApplicationClassLoaderWorker.call(SystemApplicationClassLoaderWorker.java:122)
  at org.gradle.process.internal.worker.child.SystemApplicationClassLoaderWorker.call(SystemApplicationClassLoaderWorker.java:72)
  at worker.org.gradle.process.internal.worker.GradleWorkerMain.run(GradleWorkerMain.java:69)
  at worker.org.gradle.process.internal.worker.GradleWorkerMain.main(GradleWorkerMain.java:74)
</stacktrace>
</test-failure>


TypeScriptCompilerTests_S[jvm] > strictFunctionTypesErrors_ts has expected errors matching strictFunctionTypesErrors_errors_txt[jvm] FAILED

<test-failure test="com.xemantic.typescript.compiler.TypeScriptCompilerTests_S.selfNameAndImportsEmitInclusion_ts compiles to JavaScript matching selfNameAndImportsEmitInclusion_js" platform="jvm">
<message>
--- expected
+++ actual
@@ -25,10 +25,18 @@
 
 
 //// [indirect1.js]
-export const indirect1 = 0;
+"use strict";
+Object.defineProperty(exports, "__esModule", { value: true });
+exports.indirect1 = void 0;
+exports.indirect1 = 0;
 //// [indirect2.js]
-export const indirect2 = 0;
+"use strict";
+Object.defineProperty(exports, "__esModule", { value: true });
+exports.indirect2 = void 0;
+exports.indirect2 = 0;
 //// [main.js]
-import { indirect1 } from "#indirect1";
-import { indirect2 } from "pkg/indirect2.js";
-console.log(indirect1, indirect2);
+"use strict";
+Object.defineProperty(exports, "__esModule", { value: true });
+const _indirect1_1 = require("#indirect1");
+const indirect2_js_1 = require("pkg/indirect2.js");
+console.log(_indirect1_1.indirect1, indirect2_js_1.indirect2);

</message>
<stacktrace>
  at org.junit.Assert.fail(Assert.java:89)
  at kotlin.test.junit.JUnitAsserter.fail(JUnitSupport.kt:56)
  at kotlin.test.AssertionsKt__AssertionsKt.fail(Assertions.kt:563)
  at kotlin.test.AssertionsKt.fail(Unknown Source)
  at com.xemantic.kotlin.test.SameAsKt.sameAs(SameAs.kt:52)
  at com.xemantic.typescript.compiler.TypeScriptTestSupportKt.sameAs(TypeScriptTestSupport.kt:99)
  at com.xemantic.typescript.compiler.TypeScriptCompilerTests_S.selfNameAndImportsEmitInclusion_ts compiles to JavaScript matching selfNameAndImportsEmitInclusion_js(TypeScriptCompilerTests_S.kt:161)
  at java.base/jdk.internal.reflect.DirectMethodHandleAccessor.invoke(DirectMethodHandleAccessor.java:104)
  at java.base/java.lang.reflect.Method.invoke(Method.java:565)
  at org.junit.runners.model.FrameworkMethod$1.runReflectiveCall(FrameworkMethod.java:59)
  at org.junit.internal.runners.model.ReflectiveCallable.run(ReflectiveCallable.java:12)
  at org.junit.runners.model.FrameworkMethod.invokeExplosively(FrameworkMethod.java:56)
  at org.junit.internal.runners.statements.InvokeMethod.evaluate(InvokeMethod.java:17)
  at org.junit.runners.ParentRunner$3.evaluate(ParentRunner.java:306)
  at org.junit.runners.BlockJUnit4ClassRunner$1.evaluate(BlockJUnit4ClassRunner.java:100)
  at org.junit.runners.ParentRunner.runLeaf(ParentRunner.java:366)
  at org.junit.runners.BlockJUnit4ClassRunner.runChild(BlockJUnit4ClassRunner.java:103)
  at org.junit.runners.BlockJUnit4ClassRunner.runChild(BlockJUnit4ClassRunner.java:63)
  at org.junit.runners.ParentRunner$4.run(ParentRunner.java:331)
  at org.junit.runners.ParentRunner$1.schedule(ParentRunner.java:79)
  at org.junit.runners.ParentRunner.runChildren(ParentRunner.java:329)
  at org.junit.runners.ParentRunner.access$100(ParentRunner.java:66)
  at org.junit.runners.ParentRunner$2.evaluate(ParentRunner.java:293)
  at org.junit.runners.ParentRunner$3.evaluate(ParentRunner.java:306)
  at org.junit.runners.ParentRunner.run(ParentRunner.java:413)
  at org.junit.runner.JUnitCore.run(JUnitCore.java:137)
  at org.junit.runner.JUnitCore.run(JUnitCore.java:115)
  at org.gradle.api.internal.tasks.testing.junit.JUnitTestExecutor.runRequest(JUnitTestExecutor.java:175)
  at org.gradle.api.internal.tasks.testing.junit.JUnitTestExecutor.accept(JUnitTestExecutor.java:84)
  at org.gradle.api.internal.tasks.testing.junit.JUnitTestExecutor.accept(JUnitTestExecutor.java:47)
  at org.gradle.api.internal.tasks.testing.junit.AbstractJUnitTestDefinitionProcessor.processTestDefinition(AbstractJUnitTestDefinitionProcessor.java:65)
  at org.gradle.api.internal.tasks.testing.SuiteTestDefinitionProcessor.processTestDefinition(SuiteTestDefinitionProcessor.java:54)
  at java.base/jdk.internal.reflect.DirectMethodHandleAccessor.invoke(DirectMethodHandleAccessor.java:104)
  at java.base/java.lang.reflect.Method.invoke(Method.java:565)
  at org.gradle.internal.dispatch.MethodInvocation.invokeOn(MethodInvocation.java:77)
  at org.gradle.internal.dispatch.ReflectionDispatch.dispatch(ReflectionDispatch.java:28)
  at org.gradle.internal.dispatch.ReflectionDispatch.dispatch(ReflectionDispatch.java:19)
  at org.gradle.internal.dispatch.ContextClassLoaderDispatch.dispatch(ContextClassLoaderDispatch.java:33)
  at org.gradle.internal.dispatch.ProxyDispatchAdapter$DispatchingInvocationHandler.invoke(ProxyDispatchAdapter.java:88)
  at jdk.proxy1/jdk.proxy1.$Proxy4.processTestDefinition(Unknown Source)
  at org.gradle.api.internal.tasks.testing.worker.TestWorker$2.run(TestWorker.java:178)
  at org.gradle.api.internal.tasks.testing.worker.TestWorker.executeAndMaintainThreadName(TestWorker.java:126)
  at org.gradle.api.internal.tasks.testing.worker.TestWorker.execute(TestWorker.java:103)
  at org.gradle.api.internal.tasks.testing.worker.TestWorker.execute(TestWorker.java:63)
  at org.gradle.process.internal.worker.child.ActionExecutionWorker.execute(ActionExecutionWorker.java:56)
  at org.gradle.process.internal.worker.child.SystemApplicationClassLoaderWorker.call(SystemApplicationClassLoaderWorker.java:122)
  at org.gradle.process.internal.worker.child.SystemApplicationClassLoaderWorker.call(SystemApplicationClassLoaderWorker.java:72)
  at worker.org.gradle.process.internal.worker.GradleWorkerMain.run(GradleWorkerMain.java:69)
  at worker.org.gradle.process.internal.worker.GradleWorkerMain.main(GradleWorkerMain.java:74)
</stacktrace>
</test-failure>


TypeScriptCompilerTests_S[jvm] > selfNameAndImportsEmitInclusion_ts compiles to JavaScript matching selfNameAndImportsEmitInclusion_js[jvm] FAILED

<test-failure test="com.xemantic.typescript.compiler.TypeScriptCompilerTests_S.staticPrototypeProperty_ts has expected errors matching staticPrototypeProperty_errors_txt" platform="jvm">
<message>
Expected diagnostics from baseline typescript-repo/tests/baselines/reference/staticPrototypeProperty.errors.txt but none produced
</message>
<stacktrace>
  at com.xemantic.typescript.compiler.TypeScriptTestSupportKt.errorsMatchBaseline(TypeScriptTestSupport.kt:125)
  at com.xemantic.typescript.compiler.TypeScriptCompilerTests_S.staticPrototypeProperty_ts has expected errors matching staticPrototypeProperty_errors_txt(TypeScriptCompilerTests_S.kt:2674)
  at java.base/jdk.internal.reflect.DirectMethodHandleAccessor.invoke(DirectMethodHandleAccessor.java:104)
  at java.base/java.lang.reflect.Method.invoke(Method.java:565)
  at org.junit.runners.model.FrameworkMethod$1.runReflectiveCall(FrameworkMethod.java:59)
  at org.junit.internal.runners.model.ReflectiveCallable.run(ReflectiveCallable.java:12)
  at org.junit.runners.model.FrameworkMethod.invokeExplosively(FrameworkMethod.java:56)
  at org.junit.internal.runners.statements.InvokeMethod.evaluate(InvokeMethod.java:17)
  at org.junit.runners.ParentRunner$3.evaluate(ParentRunner.java:306)
  at org.junit.runners.BlockJUnit4ClassRunner$1.evaluate(BlockJUnit4ClassRunner.java:100)
  at org.junit.runners.ParentRunner.runLeaf(ParentRunner.java:366)
  at org.junit.runners.BlockJUnit4ClassRunner.runChild(BlockJUnit4ClassRunner.java:103)
  at org.junit.runners.BlockJUnit4ClassRunner.runChild(BlockJUnit4ClassRunner.java:63)
  at org.junit.runners.ParentRunner$4.run(ParentRunner.java:331)
  at org.junit.runners.ParentRunner$1.schedule(ParentRunner.java:79)
  at org.junit.runners.ParentRunner.runChildren(ParentRunner.java:329)
  at org.junit.runners.ParentRunner.access$100(ParentRunner.java:66)
  at org.junit.runners.ParentRunner$2.evaluate(ParentRunner.java:293)
  at org.junit.runners.ParentRunner$3.evaluate(ParentRunner.java:306)
  at org.junit.runners.ParentRunner.run(ParentRunner.java:413)
  at org.junit.runner.JUnitCore.run(JUnitCore.java:137)
  at org.junit.runner.JUnitCore.run(JUnitCore.java:115)
  at org.gradle.api.internal.tasks.testing.junit.JUnitTestExecutor.runRequest(JUnitTestExecutor.java:175)
  at org.gradle.api.internal.tasks.testing.junit.JUnitTestExecutor.accept(JUnitTestExecutor.java:84)
  at org.gradle.api.internal.tasks.testing.junit.JUnitTestExecutor.accept(JUnitTestExecutor.java:47)
  at org.gradle.api.internal.tasks.testing.junit.AbstractJUnitTestDefinitionProcessor.processTestDefinition(AbstractJUnitTestDefinitionProcessor.java:65)
  at org.gradle.api.internal.tasks.testing.SuiteTestDefinitionProcessor.processTestDefinition(SuiteTestDefinitionProcessor.java:54)
  at java.base/jdk.internal.reflect.DirectMethodHandleAccessor.invoke(DirectMethodHandleAccessor.java:104)
  at java.base/java.lang.reflect.Method.invoke(Method.java:565)
  at org.gradle.internal.dispatch.MethodInvocation.invokeOn(MethodInvocation.java:77)
  at org.gradle.internal.dispatch.ReflectionDispatch.dispatch(ReflectionDispatch.java:28)
  at org.gradle.internal.dispatch.ReflectionDispatch.dispatch(ReflectionDispatch.java:19)
  at org.gradle.internal.dispatch.ContextClassLoaderDispatch.dispatch(ContextClassLoaderDispatch.java:33)
  at org.gradle.internal.dispatch.ProxyDispatchAdapter$DispatchingInvocationHandler.invoke(ProxyDispatchAdapter.java:88)
  at jdk.proxy1/jdk.proxy1.$Proxy4.processTestDefinition(Unknown Source)
  at org.gradle.api.internal.tasks.testing.worker.TestWorker$2.run(TestWorker.java:178)
  at org.gradle.api.internal.tasks.testing.worker.TestWorker.executeAndMaintainThreadName(TestWorker.java:126)
  at org.gradle.api.internal.tasks.testing.worker.TestWorker.execute(TestWorker.java:103)
  at org.gradle.api.internal.tasks.testing.worker.TestWorker.execute(TestWorker.java:63)
  at org.gradle.process.internal.worker.child.ActionExecutionWorker.execute(ActionExecutionWorker.java:56)
  at org.gradle.process.internal.worker.child.SystemApplicationClassLoaderWorker.call(SystemApplicationClassLoaderWorker.java:122)
  at org.gradle.process.internal.worker.child.SystemApplicationClassLoaderWorker.call(SystemApplicationClassLoaderWorker.java:72)
  at worker.org.gradle.process.internal.worker.GradleWorkerMain.run(GradleWorkerMain.java:69)
  at worker.org.gradle.process.internal.worker.GradleWorkerMain.main(GradleWorkerMain.java:74)
</stacktrace>
</test-failure>


TypeScriptCompilerTests_S[jvm] > staticPrototypeProperty_ts has expected errors matching staticPrototypeProperty_errors_txt[jvm] FAILED

<test-failure test="com.xemantic.typescript.compiler.TypeScriptCompilerTests_S.superInConstructorParam1_ts has expected errors matching superInConstructorParam1_errors_txt" platform="jvm">
<message>
--- expected
+++ actual
@@ -1,9 +1,7 @@
 superInConstructorParam1.ts(8,3): error TS2377: Constructors for derived classes must contain a 'super' call.
-superInConstructorParam1.ts(8,19): error TS2336: 'super' cannot be referenced in constructor arguments.
-superInConstructorParam1.ts(8,19): error TS17011: 'super' must be called before accessing a property of 'super' in the constructor of a derived class.
 
 
-==== superInConstructorParam1.ts (3 errors) ====
+==== superInConstructorParam1.ts (1 errors) ====
     class B {
       public foo(): number {
         return 0;
@@ -14,9 +12,5 @@
       constructor(a = super.foo()) {
       ~~~~~~~~~~~
 !!! error TS2377: Constructors for derived classes must contain a 'super' call.
-                      ~~~~~
-!!! error TS2336: 'super' cannot be referenced in constructor arguments.
-                      ~~~~~
-!!! error TS17011: 'super' must be called before accessing a property of 'super' in the constructor of a derived class.
       }
     }

</message>
<stacktrace>
  at org.junit.Assert.fail(Assert.java:89)
  at kotlin.test.junit.JUnitAsserter.fail(JUnitSupport.kt:56)
  at kotlin.test.AssertionsKt__AssertionsKt.fail(Assertions.kt:563)
  at kotlin.test.AssertionsKt.fail(Unknown Source)
  at com.xemantic.kotlin.test.SameAsKt.sameAs(SameAs.kt:52)
  at com.xemantic.typescript.compiler.TypeScriptTestSupportKt.errorsMatchBaseline(TypeScriptTestSupport.kt:135)
  at com.xemantic.typescript.compiler.TypeScriptCompilerTests_S.superInConstructorParam1_ts has expected errors matching superInConstructorParam1_errors_txt(TypeScriptCompilerTests_S.kt:3668)
  at java.base/jdk.internal.reflect.DirectMethodHandleAccessor.invoke(DirectMethodHandleAccessor.java:104)
  at java.base/java.lang.reflect.Method.invoke(Method.java:565)
  at org.junit.runners.model.FrameworkMethod$1.runReflectiveCall(FrameworkMethod.java:59)
  at org.junit.internal.runners.model.ReflectiveCallable.run(ReflectiveCallable.java:12)
  at org.junit.runners.model.FrameworkMethod.invokeExplosively(FrameworkMethod.java:56)
  at org.junit.internal.runners.statements.InvokeMethod.evaluate(InvokeMethod.java:17)
  at org.junit.runners.ParentRunner$3.evaluate(ParentRunner.java:306)
  at org.junit.runners.BlockJUnit4ClassRunner$1.evaluate(BlockJUnit4ClassRunner.java:100)
  at org.junit.runners.ParentRunner.runLeaf(ParentRunner.java:366)
  at org.junit.runners.BlockJUnit4ClassRunner.runChild(BlockJUnit4ClassRunner.java:103)
  at org.junit.runners.BlockJUnit4ClassRunner.runChild(BlockJUnit4ClassRunner.java:63)
  at org.junit.runners.ParentRunner$4.run(ParentRunner.java:331)
  at org.junit.runners.ParentRunner$1.schedule(ParentRunner.java:79)
  at org.junit.runners.ParentRunner.runChildren(ParentRunner.java:329)
  at org.junit.runners.ParentRunner.access$100(ParentRunner.java:66)
  at org.junit.runners.ParentRunner$2.evaluate(ParentRunner.java:293)
  at org.junit.runners.ParentRunner$3.evaluate(ParentRunner.java:306)
  at org.junit.runners.ParentRunner.run(ParentRunner.java:413)
  at org.junit.runner.JUnitCore.run(JUnitCore.java:137)
  at org.junit.runner.JUnitCore.run(JUnitCore.java:115)
  at org.gradle.api.internal.tasks.testing.junit.JUnitTestExecutor.runRequest(JUnitTestExecutor.java:175)
  at org.gradle.api.internal.tasks.testing.junit.JUnitTestExecutor.accept(JUnitTestExecutor.java:84)
  at org.gradle.api.internal.tasks.testing.junit.JUnitTestExecutor.accept(JUnitTestExecutor.java:47)
  at org.gradle.api.internal.tasks.testing.junit.AbstractJUnitTestDefinitionProcessor.processTestDefinition(AbstractJUnitTestDefinitionProcessor.java:65)
  at org.gradle.api.internal.tasks.testing.SuiteTestDefinitionProcessor.processTestDefinition(SuiteTestDefinitionProcessor.java:54)
  at java.base/jdk.internal.reflect.DirectMethodHandleAccessor.invoke(DirectMethodHandleAccessor.java:104)
  at java.base/java.lang.reflect.Method.invoke(Method.java:565)
  at org.gradle.internal.dispatch.MethodInvocation.invokeOn(MethodInvocation.java:77)
  at org.gradle.internal.dispatch.ReflectionDispatch.dispatch(ReflectionDispatch.java:28)
  at org.gradle.internal.dispatch.ReflectionDispatch.dispatch(ReflectionDispatch.java:19)
  at org.gradle.internal.dispatch.ContextClassLoaderDispatch.dispatch(ContextClassLoaderDispatch.java:33)
  at org.gradle.internal.dispatch.ProxyDispatchAdapter$DispatchingInvocationHandler.invoke(ProxyDispatchAdapter.java:88)
  at jdk.proxy1/jdk.proxy1.$Proxy4.processTestDefinition(Unknown Source)
  at org.gradle.api.internal.tasks.testing.worker.TestWorker$2.run(TestWorker.java:178)
  at org.gradle.api.internal.tasks.testing.worker.TestWorker.executeAndMaintainThreadName(TestWorker.java:126)
  at org.gradle.api.internal.tasks.testing.worker.TestWorker.execute(TestWorker.java:103)
  at org.gradle.api.internal.tasks.testing.worker.TestWorker.execute(TestWorker.java:63)
  at org.gradle.process.internal.worker.child.ActionExecutionWorker.execute(ActionExecutionWorker.java:56)
  at org.gradle.process.internal.worker.child.SystemApplicationClassLoaderWorker.call(SystemApplicationClassLoaderWorker.java:122)
  at org.gradle.process.internal.worker.child.SystemApplicationClassLoaderWorker.call(SystemApplicationClassLoaderWorker.java:72)
  at worker.org.gradle.process.internal.worker.GradleWorkerMain.run(GradleWorkerMain.java:69)
  at worker.org.gradle.process.internal.worker.GradleWorkerMain.main(GradleWorkerMain.java:74)
</stacktrace>
</test-failure>


TypeScriptCompilerTests_S[jvm] > superInConstructorParam1_ts has expected errors matching superInConstructorParam1_errors_txt[jvm] FAILED

<test-failure test="com.xemantic.typescript.compiler.TypeScriptCompilerTests_S.superErrors_ts has expected errors matching superErrors_errors_txt" platform="jvm">
<message>
Expected diagnostics from baseline typescript-repo/tests/baselines/reference/superErrors.errors.txt but none produced
</message>
<stacktrace>
  at com.xemantic.typescript.compiler.TypeScriptTestSupportKt.errorsMatchBaseline(TypeScriptTestSupport.kt:125)
  at com.xemantic.typescript.compiler.TypeScriptCompilerTests_S.superErrors_ts has expected errors matching superErrors_errors_txt(TypeScriptCompilerTests_S.kt:3640)
  at java.base/jdk.internal.reflect.DirectMethodHandleAccessor.invoke(DirectMethodHandleAccessor.java:104)
  at java.base/java.lang.reflect.Method.invoke(Method.java:565)
  at org.junit.runners.model.FrameworkMethod$1.runReflectiveCall(FrameworkMethod.java:59)
  at org.junit.internal.runners.model.ReflectiveCallable.run(ReflectiveCallable.java:12)
  at org.junit.runners.model.FrameworkMethod.invokeExplosively(FrameworkMethod.java:56)
  at org.junit.internal.runners.statements.InvokeMethod.evaluate(InvokeMethod.java:17)
  at org.junit.runners.ParentRunner$3.evaluate(ParentRunner.java:306)
  at org.junit.runners.BlockJUnit4ClassRunner$1.evaluate(BlockJUnit4ClassRunner.java:100)
  at org.junit.runners.ParentRunner.runLeaf(ParentRunner.java:366)
  at org.junit.runners.BlockJUnit4ClassRunner.runChild(BlockJUnit4ClassRunner.java:103)
  at org.junit.runners.BlockJUnit4ClassRunner.runChild(BlockJUnit4ClassRunner.java:63)
  at org.junit.runners.ParentRunner$4.run(ParentRunner.java:331)
  at org.junit.runners.ParentRunner$1.schedule(ParentRunner.java:79)
  at org.junit.runners.ParentRunner.runChildren(ParentRunner.java:329)
  at org.junit.runners.ParentRunner.access$100(ParentRunner.java:66)
  at org.junit.runners.ParentRunner$2.evaluate(ParentRunner.java:293)
  at org.junit.runners.ParentRunner$3.evaluate(ParentRunner.java:306)
  at org.junit.runners.ParentRunner.run(ParentRunner.java:413)
  at org.junit.runner.JUnitCore.run(JUnitCore.java:137)
  at org.junit.runner.JUnitCore.run(JUnitCore.java:115)
  at org.gradle.api.internal.tasks.testing.junit.JUnitTestExecutor.runRequest(JUnitTestExecutor.java:175)
  at org.gradle.api.internal.tasks.testing.junit.JUnitTestExecutor.accept(JUnitTestExecutor.java:84)
  at org.gradle.api.internal.tasks.testing.junit.JUnitTestExecutor.accept(JUnitTestExecutor.java:47)
  at org.gradle.api.internal.tasks.testing.junit.AbstractJUnitTestDefinitionProcessor.processTestDefinition(AbstractJUnitTestDefinitionProcessor.java:65)
  at org.gradle.api.internal.tasks.testing.SuiteTestDefinitionProcessor.processTestDefinition(SuiteTestDefinitionProcessor.java:54)
  at java.base/jdk.internal.reflect.DirectMethodHandleAccessor.invoke(DirectMethodHandleAccessor.java:104)
  at java.base/java.lang.reflect.Method.invoke(Method.java:565)
  at org.gradle.internal.dispatch.MethodInvocation.invokeOn(MethodInvocation.java:77)
  at org.gradle.internal.dispatch.ReflectionDispatch.dispatch(ReflectionDispatch.java:28)
  at org.gradle.internal.dispatch.ReflectionDispatch.dispatch(ReflectionDispatch.java:19)
  at org.gradle.internal.dispatch.ContextClassLoaderDispatch.dispatch(ContextClassLoaderDispatch.java:33)
  at org.gradle.internal.dispatch.ProxyDispatchAdapter$DispatchingInvocationHandler.invoke(ProxyDispatchAdapter.java:88)
  at jdk.proxy1/jdk.proxy1.$Proxy4.processTestDefinition(Unknown Source)
  at org.gradle.api.internal.tasks.testing.worker.TestWorker$2.run(TestWorker.java:178)
  at org.gradle.api.internal.tasks.testing.worker.TestWorker.executeAndMaintainThreadName(TestWorker.java:126)
  at org.gradle.api.internal.tasks.testing.worker.TestWorker.execute(TestWorker.java:103)
  at org.gradle.api.internal.tasks.testing.worker.TestWorker.execute(TestWorker.java:63)
  at org.gradle.process.internal.worker.child.ActionExecutionWorker.execute(ActionExecutionWorker.java:56)
  at org.gradle.process.internal.worker.child.SystemApplicationClassLoaderWorker.call(SystemApplicationClassLoaderWorker.java:122)
  at org.gradle.process.internal.worker.child.SystemApplicationClassLoaderWorker.call(SystemApplicationClassLoaderWorker.java:72)
  at worker.org.gradle.process.internal.worker.GradleWorkerMain.run(GradleWorkerMain.java:69)
  at worker.org.gradle.process.internal.worker.GradleWorkerMain.main(GradleWorkerMain.java:74)
</stacktrace>
</test-failure>


TypeScriptCompilerTests_S[jvm] > superErrors_ts has expected errors matching superErrors_errors_txt[jvm] FAILED

<test-failure test="com.xemantic.typescript.compiler.TypeScriptCompilerTests_S.selfReferencingFile2_ts has expected errors matching selfReferencingFile2_errors_txt" platform="jvm">
<message>
Expected diagnostics from baseline typescript-repo/tests/baselines/reference/selfReferencingFile2.errors.txt but none produced
</message>
<stacktrace>
  at com.xemantic.typescript.compiler.TypeScriptTestSupportKt.errorsMatchBaseline(TypeScriptTestSupport.kt:125)
  at com.xemantic.typescript.compiler.TypeScriptCompilerTests_S.selfReferencingFile2_ts has expected errors matching selfReferencingFile2_errors_txt(TypeScriptCompilerTests_S.kt:224)
  at java.base/jdk.internal.reflect.DirectMethodHandleAccessor.invoke(DirectMethodHandleAccessor.java:104)
  at java.base/java.lang.reflect.Method.invoke(Method.java:565)
  at org.junit.runners.model.FrameworkMethod$1.runReflectiveCall(FrameworkMethod.java:59)
  at org.junit.internal.runners.model.ReflectiveCallable.run(ReflectiveCallable.java:12)
  at org.junit.runners.model.FrameworkMethod.invokeExplosively(FrameworkMethod.java:56)
  at org.junit.internal.runners.statements.InvokeMethod.evaluate(InvokeMethod.java:17)
  at org.junit.runners.ParentRunner$3.evaluate(ParentRunner.java:306)
  at org.junit.runners.BlockJUnit4ClassRunner$1.evaluate(BlockJUnit4ClassRunner.java:100)
  at org.junit.runners.ParentRunner.runLeaf(ParentRunner.java:366)
  at org.junit.runners.BlockJUnit4ClassRunner.runChild(BlockJUnit4ClassRunner.java:103)
  at org.junit.runners.BlockJUnit4ClassRunner.runChild(BlockJUnit4ClassRunner.java:63)
  at org.junit.runners.ParentRunner$4.run(ParentRunner.java:331)
  at org.junit.runners.ParentRunner$1.schedule(ParentRunner.java:79)
  at org.junit.runners.ParentRunner.runChildren(ParentRunner.java:329)
  at org.junit.runners.ParentRunner.access$100(ParentRunner.java:66)
  at org.junit.runners.ParentRunner$2.evaluate(ParentRunner.java:293)
  at org.junit.runners.ParentRunner$3.evaluate(ParentRunner.java:306)
  at org.junit.runners.ParentRunner.run(ParentRunner.java:413)
  at org.junit.runner.JUnitCore.run(JUnitCore.java:137)
  at org.junit.runner.JUnitCore.run(JUnitCore.java:115)
  at org.gradle.api.internal.tasks.testing.junit.JUnitTestExecutor.runRequest(JUnitTestExecutor.java:175)
  at org.gradle.api.internal.tasks.testing.junit.JUnitTestExecutor.accept(JUnitTestExecutor.java:84)
  at org.gradle.api.internal.tasks.testing.junit.JUnitTestExecutor.accept(JUnitTestExecutor.java:47)
  at org.gradle.api.internal.tasks.testing.junit.AbstractJUnitTestDefinitionProcessor.processTestDefinition(AbstractJUnitTestDefinitionProcessor.java:65)
  at org.gradle.api.internal.tasks.testing.SuiteTestDefinitionProcessor.processTestDefinition(SuiteTestDefinitionProcessor.java:54)
  at java.base/jdk.internal.reflect.DirectMethodHandleAccessor.invoke(DirectMethodHandleAccessor.java:104)
  at java.base/java.lang.reflect.Method.invoke(Method.java:565)
  at org.gradle.internal.dispatch.MethodInvocation.invokeOn(MethodInvocation.java:77)
  at org.gradle.internal.dispatch.ReflectionDispatch.dispatch(ReflectionDispatch.java:28)
  at org.gradle.internal.dispatch.ReflectionDispatch.dispatch(ReflectionDispatch.java:19)
  at org.gradle.internal.dispatch.ContextClassLoaderDispatch.dispatch(ContextClassLoaderDispatch.java:33)
  at org.gradle.internal.dispatch.ProxyDispatchAdapter$DispatchingInvocationHandler.invoke(ProxyDispatchAdapter.java:88)
  at jdk.proxy1/jdk.proxy1.$Proxy4.processTestDefinition(Unknown Source)
  at org.gradle.api.internal.tasks.testing.worker.TestWorker$2.run(TestWorker.java:178)
  at org.gradle.api.internal.tasks.testing.worker.TestWorker.executeAndMaintainThreadName(TestWorker.java:126)
  at org.gradle.api.internal.tasks.testing.worker.TestWorker.execute(TestWorker.java:103)
  at org.gradle.api.internal.tasks.testing.worker.TestWorker.execute(TestWorker.java:63)
  at org.gradle.process.internal.worker.child.ActionExecutionWorker.execute(ActionExecutionWorker.java:56)
  at org.gradle.process.internal.worker.child.SystemApplicationClassLoaderWorker.call(SystemApplicationClassLoaderWorker.java:122)
  at org.gradle.process.internal.worker.child.SystemApplicationClassLoaderWorker.call(SystemApplicationClassLoaderWorker.java:72)
  at worker.org.gradle.process.internal.worker.GradleWorkerMain.run(GradleWorkerMain.java:69)
  at worker.org.gradle.process.internal.worker.GradleWorkerMain.main(GradleWorkerMain.java:74)
</stacktrace>
</test-failure>


TypeScriptCompilerTests_S[jvm] > selfReferencingFile2_ts has expected errors matching selfReferencingFile2_errors_txt[jvm] FAILED

<test-failure test="com.xemantic.typescript.compiler.TypeScriptCompilerTests_S.shadowingViaLocalValueOrBindingElement_ts has expected errors matching shadowingViaLocalValueOrBindingElement_errors_txt" platform="jvm">
<message>
Expected diagnostics from baseline typescript-repo/tests/baselines/reference/shadowingViaLocalValueOrBindingElement.errors.txt but none produced
</message>
<stacktrace>
  at com.xemantic.typescript.compiler.TypeScriptTestSupportKt.errorsMatchBaseline(TypeScriptTestSupport.kt:125)
  at com.xemantic.typescript.compiler.TypeScriptCompilerTests_S.shadowingViaLocalValueOrBindingElement_ts has expected errors matching shadowingViaLocalValueOrBindingElement_errors_txt(TypeScriptCompilerTests_S.kt:420)
  at java.base/jdk.internal.reflect.DirectMethodHandleAccessor.invoke(DirectMethodHandleAccessor.java:104)
  at java.base/java.lang.reflect.Method.invoke(Method.java:565)
  at org.junit.runners.model.FrameworkMethod$1.runReflectiveCall(FrameworkMethod.java:59)
  at org.junit.internal.runners.model.ReflectiveCallable.run(ReflectiveCallable.java:12)
  at org.junit.runners.model.FrameworkMethod.invokeExplosively(FrameworkMethod.java:56)
  at org.junit.internal.runners.statements.InvokeMethod.evaluate(InvokeMethod.java:17)
  at org.junit.runners.ParentRunner$3.evaluate(ParentRunner.java:306)
  at org.junit.runners.BlockJUnit4ClassRunner$1.evaluate(BlockJUnit4ClassRunner.java:100)
  at org.junit.runners.ParentRunner.runLeaf(ParentRunner.java:366)
  at org.junit.runners.BlockJUnit4ClassRunner.runChild(BlockJUnit4ClassRunner.java:103)
  at org.junit.runners.BlockJUnit4ClassRunner.runChild(BlockJUnit4ClassRunner.java:63)
  at org.junit.runners.ParentRunner$4.run(ParentRunner.java:331)
  at org.junit.runners.ParentRunner$1.schedule(ParentRunner.java:79)
  at org.junit.runners.ParentRunner.runChildren(ParentRunner.java:329)
  at org.junit.runners.ParentRunner.access$100(ParentRunner.java:66)
  at org.junit.runners.ParentRunner$2.evaluate(ParentRunner.java:293)
  at org.junit.runners.ParentRunner$3.evaluate(ParentRunner.java:306)
  at org.junit.runners.ParentRunner.run(ParentRunner.java:413)
  at org.junit.runner.JUnitCore.run(JUnitCore.java:137)
  at org.junit.runner.JUnitCore.run(JUnitCore.java:115)
  at org.gradle.api.internal.tasks.testing.junit.JUnitTestExecutor.runRequest(JUnitTestExecutor.java:175)
  at org.gradle.api.internal.tasks.testing.junit.JUnitTestExecutor.accept(JUnitTestExecutor.java:84)
  at org.gradle.api.internal.tasks.testing.junit.JUnitTestExecutor.accept(JUnitTestExecutor.java:47)
  at org.gradle.api.internal.tasks.testing.junit.AbstractJUnitTestDefinitionProcessor.processTestDefinition(AbstractJUnitTestDefinitionProcessor.java:65)
  at org.gradle.api.internal.tasks.testing.SuiteTestDefinitionProcessor.processTestDefinition(SuiteTestDefinitionProcessor.java:54)
  at java.base/jdk.internal.reflect.DirectMethodHandleAccessor.invoke(DirectMethodHandleAccessor.java:104)
  at java.base/java.lang.reflect.Method.invoke(Method.java:565)
  at org.gradle.internal.dispatch.MethodInvocation.invokeOn(MethodInvocation.java:77)
  at org.gradle.internal.dispatch.ReflectionDispatch.dispatch(ReflectionDispatch.java:28)
  at org.gradle.internal.dispatch.ReflectionDispatch.dispatch(ReflectionDispatch.java:19)
  at org.gradle.internal.dispatch.ContextClassLoaderDispatch.dispatch(ContextClassLoaderDispatch.java:33)
  at org.gradle.internal.dispatch.ProxyDispatchAdapter$DispatchingInvocationHandler.invoke(ProxyDispatchAdapter.java:88)
  at jdk.proxy1/jdk.proxy1.$Proxy4.processTestDefinition(Unknown Source)
  at org.gradle.api.internal.tasks.testing.worker.TestWorker$2.run(TestWorker.java:178)
  at org.gradle.api.internal.tasks.testing.worker.TestWorker.executeAndMaintainThreadName(TestWorker.java:126)
  at org.gradle.api.internal.tasks.testing.worker.TestWorker.execute(TestWorker.java:103)
  at org.gradle.api.internal.tasks.testing.worker.TestWorker.execute(TestWorker.java:63)
  at org.gradle.process.internal.worker.child.ActionExecutionWorker.execute(ActionExecutionWorker.java:56)
  at org.gradle.process.internal.worker.child.SystemApplicationClassLoaderWorker.call(SystemApplicationClassLoaderWorker.java:122)
  at org.gradle.process.internal.worker.child.SystemApplicationClassLoaderWorker.call(SystemApplicationClassLoaderWorker.java:72)
  at worker.org.gradle.process.internal.worker.GradleWorkerMain.run(GradleWorkerMain.java:69)
  at worker.org.gradle.process.internal.worker.GradleWorkerMain.main(GradleWorkerMain.java:74)
</stacktrace>
</test-failure>


TypeScriptCompilerTests_S[jvm] > shadowingViaLocalValueOrBindingElement_ts has expected errors matching shadowingViaLocalValueOrBindingElement_errors_txt[jvm] FAILED

<test-failure test="com.xemantic.typescript.compiler.TypeScriptCompilerTests_S.staticAsIdentifier_ts has expected errors matching staticAsIdentifier_errors_txt" platform="jvm">
<message>
--- expected
+++ actual
@@ -1,8 +1,7 @@
-staticAsIdentifier.ts(12,12): error TS1434: Unexpected keyword or identifier.
-staticAsIdentifier.ts(16,12): error TS1434: Unexpected keyword or identifier.
+staticAsIdentifier.ts(29,21): error TS1030: 'static' modifier already seen.
 
 
-==== staticAsIdentifier.ts (2 errors) ====
+==== staticAsIdentifier.ts (1 errors) ====
     class C1 {
         static static
         [x: string]: string;
@@ -15,14 +14,10 @@
     
     class C3 {
         static static p: string;
-               ~~~~~~
-!!! error TS1434: Unexpected keyword or identifier.
     }
     
     class C4 {
         static static foo() {}
-               ~~~~~~
-!!! error TS1434: Unexpected keyword or identifier.
     }
     
     class C5 {
@@ -36,4 +31,6 @@
     
     class C7 extends C6 {
         static override static
+                        ~~~~~~
+!!! error TS1030: 'static' modifier already seen.
     }

</message>
<stacktrace>
  at org.junit.Assert.fail(Assert.java:89)
  at kotlin.test.junit.JUnitAsserter.fail(JUnitSupport.kt:56)
  at kotlin.test.AssertionsKt__AssertionsKt.fail(Assertions.kt:563)
  at kotlin.test.AssertionsKt.fail(Unknown Source)
  at com.xemantic.kotlin.test.SameAsKt.sameAs(SameAs.kt:52)
  at com.xemantic.typescript.compiler.TypeScriptTestSupportKt.errorsMatchBaseline(TypeScriptTestSupport.kt:135)
  at com.xemantic.typescript.compiler.TypeScriptCompilerTests_S.staticAsIdentifier_ts has expected errors matching staticAsIdentifier_errors_txt(TypeScriptCompilerTests_S.kt:2352)
  at java.base/jdk.internal.reflect.DirectMethodHandleAccessor.invoke(DirectMethodHandleAccessor.java:104)
  at java.base/java.lang.reflect.Method.invoke(Method.java:565)
  at org.junit.runners.model.FrameworkMethod$1.runReflectiveCall(FrameworkMethod.java:59)
  at org.junit.internal.runners.model.ReflectiveCallable.run(ReflectiveCallable.java:12)
  at org.junit.runners.model.FrameworkMethod.invokeExplosively(FrameworkMethod.java:56)
  at org.junit.internal.runners.statements.InvokeMethod.evaluate(InvokeMethod.java:17)
  at org.junit.runners.ParentRunner$3.evaluate(ParentRunner.java:306)
  at org.junit.runners.BlockJUnit4ClassRunner$1.evaluate(BlockJUnit4ClassRunner.java:100)
  at org.junit.runners.ParentRunner.runLeaf(ParentRunner.java:366)
  at org.junit.runners.BlockJUnit4ClassRunner.runChild(BlockJUnit4ClassRunner.java:103)
  at org.junit.runners.BlockJUnit4ClassRunner.runChild(BlockJUnit4ClassRunner.java:63)
  at org.junit.runners.ParentRunner$4.run(ParentRunner.java:331)
  at org.junit.runners.ParentRunner$1.schedule(ParentRunner.java:79)
  at org.junit.runners.ParentRunner.runChildren(ParentRunner.java:329)
  at org.junit.runners.ParentRunner.access$100(ParentRunner.java:66)
  at org.junit.runners.ParentRunner$2.evaluate(ParentRunner.java:293)
  at org.junit.runners.ParentRunner$3.evaluate(ParentRunner.java:306)
  at org.junit.runners.ParentRunner.run(ParentRunner.java:413)
  at org.junit.runner.JUnitCore.run(JUnitCore.java:137)
  at org.junit.runner.JUnitCore.run(JUnitCore.java:115)
  at org.gradle.api.internal.tasks.testing.junit.JUnitTestExecutor.runRequest(JUnitTestExecutor.java:175)
  at org.gradle.api.internal.tasks.testing.junit.JUnitTestExecutor.accept(JUnitTestExecutor.java:84)
  at org.gradle.api.internal.tasks.testing.junit.JUnitTestExecutor.accept(JUnitTestExecutor.java:47)
  at org.gradle.api.internal.tasks.testing.junit.AbstractJUnitTestDefinitionProcessor.processTestDefinition(AbstractJUnitTestDefinitionProcessor.java:65)
  at org.gradle.api.internal.tasks.testing.SuiteTestDefinitionProcessor.processTestDefinition(SuiteTestDefinitionProcessor.java:54)
  at java.base/jdk.internal.reflect.DirectMethodHandleAccessor.invoke(DirectMethodHandleAccessor.java:104)
  at java.base/java.lang.reflect.Method.invoke(Method.java:565)
  at org.gradle.internal.dispatch.MethodInvocation.invokeOn(MethodInvocation.java:77)
  at org.gradle.internal.dispatch.ReflectionDispatch.dispatch(ReflectionDispatch.java:28)
  at org.gradle.internal.dispatch.ReflectionDispatch.dispatch(ReflectionDispatch.java:19)
  at org.gradle.internal.dispatch.ContextClassLoaderDispatch.dispatch(ContextClassLoaderDispatch.java:33)
  at org.gradle.internal.dispatch.ProxyDispatchAdapter$DispatchingInvocationHandler.invoke(ProxyDispatchAdapter.java:88)
  at jdk.proxy1/jdk.proxy1.$Proxy4.processTestDefinition(Unknown Source)
  at org.gradle.api.internal.tasks.testing.worker.TestWorker$2.run(TestWorker.java:178)
  at org.gradle.api.internal.tasks.testing.worker.TestWorker.executeAndMaintainThreadName(TestWorker.java:126)
  at org.gradle.api.internal.tasks.testing.worker.TestWorker.execute(TestWorker.java:103)
  at org.gradle.api.internal.tasks.testing.worker.TestWorker.execute(TestWorker.java:63)
  at org.gradle.process.internal.worker.child.ActionExecutionWorker.execute(ActionExecutionWorker.java:56)
  at org.gradle.process.internal.worker.child.SystemApplicationClassLoaderWorker.call(SystemApplicationClassLoaderWorker.java:122)
  at org.gradle.process.internal.worker.child.SystemApplicationClassLoaderWorker.call(SystemApplicationClassLoaderWorker.java:72)
  at worker.org.gradle.process.internal.worker.GradleWorkerMain.run(GradleWorkerMain.java:69)
  at worker.org.gradle.process.internal.worker.GradleWorkerMain.main(GradleWorkerMain.java:74)
</stacktrace>
</test-failure>


TypeScriptCompilerTests_S[jvm] > staticAsIdentifier_ts has expected errors matching staticAsIdentifier_errors_txt[jvm] FAILED

<test-failure test="com.xemantic.typescript.compiler.TypeScriptCompilerTests_S.scopeCheckExtendedClassInsideStaticMethod1_ts has expected errors matching scopeCheckExtendedClassInsideStaticMethod1_errors_txt" platform="jvm">
<message>
--- expected
+++ actual
@@ -1,9 +1,8 @@
 scopeCheckExtendedClassInsideStaticMethod1.ts(4,7): error TS2304: Cannot find name 'v'.
-scopeCheckExtendedClassInsideStaticMethod1.ts(5,12): error TS2339: Property 'p' does not exist on type 'typeof D'.
 scopeCheckExtendedClassInsideStaticMethod1.ts(6,7): error TS2662: Cannot find name 's'. Did you mean the static member 'D.s'?
 
 
-==== scopeCheckExtendedClassInsideStaticMethod1.ts (3 errors) ====
+==== scopeCheckExtendedClassInsideStaticMethod1.ts (2 errors) ====
     class C { private v; public p; static s; }
     class D extends C {
        static c() {
@@ -11,8 +10,6 @@
           ~
 !!! error TS2304: Cannot find name 'v'.
           this.p = 1;
-               ~
-!!! error TS2339: Property 'p' does not exist on type 'typeof D'.
           s = 1;
           ~
 !!! error TS2662: Cannot find name 's'. Did you mean the static member 'D.s'?

</message>
<stacktrace>
  at org.junit.Assert.fail(Assert.java:89)
  at kotlin.test.junit.JUnitAsserter.fail(JUnitSupport.kt:56)
  at kotlin.test.AssertionsKt__AssertionsKt.fail(Assertions.kt:563)
  at kotlin.test.AssertionsKt.fail(Unknown Source)
  at com.xemantic.kotlin.test.SameAsKt.sameAs(SameAs.kt:52)
  at com.xemantic.typescript.compiler.TypeScriptTestSupportKt.errorsMatchBaseline(TypeScriptTestSupport.kt:135)
  at com.xemantic.typescript.compiler.TypeScriptCompilerTests_S.scopeCheckExtendedClassInsideStaticMethod1_ts has expected errors matching scopeCheckExtendedClassInsideStaticMethod1_errors_txt(TypeScriptCompilerTests_S.kt:70)
  at java.base/jdk.internal.reflect.DirectMethodHandleAccessor.invoke(DirectMethodHandleAccessor.java:104)
  at java.base/java.lang.reflect.Method.invoke(Method.java:565)
  at org.junit.runners.model.FrameworkMethod$1.runReflectiveCall(FrameworkMethod.java:59)
  at org.junit.internal.runners.model.ReflectiveCallable.run(ReflectiveCallable.java:12)
  at org.junit.runners.model.FrameworkMethod.invokeExplosively(FrameworkMethod.java:56)
  at org.junit.internal.runners.statements.InvokeMethod.evaluate(InvokeMethod.java:17)
  at org.junit.runners.ParentRunner$3.evaluate(ParentRunner.java:306)
  at org.junit.runners.BlockJUnit4ClassRunner$1.evaluate(BlockJUnit4ClassRunner.java:100)
  at org.junit.runners.ParentRunner.runLeaf(ParentRunner.java:366)
  at org.junit.runners.BlockJUnit4ClassRunner.runChild(BlockJUnit4ClassRunner.java:103)
  at org.junit.runners.BlockJUnit4ClassRunner.runChild(BlockJUnit4ClassRunner.java:63)
  at org.junit.runners.ParentRunner$4.run(ParentRunner.java:331)
  at org.junit.runners.ParentRunner$1.schedule(ParentRunner.java:79)
  at org.junit.runners.ParentRunner.runChildren(ParentRunner.java:329)
  at org.junit.runners.ParentRunner.access$100(ParentRunner.java:66)
  at org.junit.runners.ParentRunner$2.evaluate(ParentRunner.java:293)
  at org.junit.runners.ParentRunner$3.evaluate(ParentRunner.java:306)
  at org.junit.runners.ParentRunner.run(ParentRunner.java:413)
  at org.junit.runner.JUnitCore.run(JUnitCore.java:137)
  at org.junit.runner.JUnitCore.run(JUnitCore.java:115)
  at org.gradle.api.internal.tasks.testing.junit.JUnitTestExecutor.runRequest(JUnitTestExecutor.java:175)
  at org.gradle.api.internal.tasks.testing.junit.JUnitTestExecutor.accept(JUnitTestExecutor.java:84)
  at org.gradle.api.internal.tasks.testing.junit.JUnitTestExecutor.accept(JUnitTestExecutor.java:47)
  at org.gradle.api.internal.tasks.testing.junit.AbstractJUnitTestDefinitionProcessor.processTestDefinition(AbstractJUnitTestDefinitionProcessor.java:65)
  at org.gradle.api.internal.tasks.testing.SuiteTestDefinitionProcessor.processTestDefinition(SuiteTestDefinitionProcessor.java:54)
  at java.base/jdk.internal.reflect.DirectMethodHandleAccessor.invoke(DirectMethodHandleAccessor.java:104)
  at java.base/java.lang.reflect.Method.invoke(Method.java:565)
  at org.gradle.internal.dispatch.MethodInvocation.invokeOn(MethodInvocation.java:77)
  at org.gradle.internal.dispatch.ReflectionDispatch.dispatch(ReflectionDispatch.java:28)
  at org.gradle.internal.dispatch.ReflectionDispatch.dispatch(ReflectionDispatch.java:19)
  at org.gradle.internal.dispatch.ContextClassLoaderDispatch.dispatch(ContextClassLoaderDispatch.java:33)
  at org.gradle.internal.dispatch.ProxyDispatchAdapter$DispatchingInvocationHandler.invoke(ProxyDispatchAdapter.java:88)
  at jdk.proxy1/jdk.proxy1.$Proxy4.processTestDefinition(Unknown Source)
  at org.gradle.api.internal.tasks.testing.worker.TestWorker$2.run(TestWorker.java:178)
  at org.gradle.api.internal.tasks.testing.worker.TestWorker.executeAndMaintainThreadName(TestWorker.java:126)
  at org.gradle.api.internal.tasks.testing.worker.TestWorker.execute(TestWorker.java:103)
  at org.gradle.api.internal.tasks.testing.worker.TestWorker.execute(TestWorker.java:63)
  at org.gradle.process.internal.worker.child.ActionExecutionWorker.execute(ActionExecutionWorker.java:56)
  at org.gradle.process.internal.worker.child.SystemApplicationClassLoaderWorker.call(SystemApplicationClassLoaderWorker.java:122)
  at org.gradle.process.internal.worker.child.SystemApplicationClassLoaderWorker.call(SystemApplicationClassLoaderWorker.java:72)
  at worker.org.gradle.process.internal.worker.GradleWorkerMain.run(GradleWorkerMain.java:69)
  at worker.org.gradle.process.internal.worker.GradleWorkerMain.main(GradleWorkerMain.java:74)
</stacktrace>
</test-failure>


TypeScriptCompilerTests_S[jvm] > scopeCheckExtendedClassInsideStaticMethod1_ts has expected errors matching scopeCheckExtendedClassInsideStaticMethod1_errors_txt[jvm] FAILED

<test-failure test="com.xemantic.typescript.compiler.TypeScriptCompilerTests_S.staticMemberOfClassAndPublicMemberOfAnotherClassAssignment_ts has expected errors matching staticMemberOfClassAndPublicMemberOfAnotherClassAssignment_errors_txt" platform="jvm">
<message>
Expected diagnostics from baseline typescript-repo/tests/baselines/reference/staticMemberOfClassAndPublicMemberOfAnotherClassAssignment.errors.txt but none produced
</message>
<stacktrace>
  at com.xemantic.typescript.compiler.TypeScriptTestSupportKt.errorsMatchBaseline(TypeScriptTestSupport.kt:125)
  at com.xemantic.typescript.compiler.TypeScriptCompilerTests_S.staticMemberOfClassAndPublicMemberOfAnotherClassAssignment_ts has expected errors matching staticMemberOfClassAndPublicMemberOfAnotherClassAssignment_errors_txt(TypeScriptCompilerTests_S.kt:2534)
  at java.base/jdk.internal.reflect.DirectMethodHandleAccessor.invoke(DirectMethodHandleAccessor.java:104)
  at java.base/java.lang.reflect.Method.invoke(Method.java:565)
  at org.junit.runners.model.FrameworkMethod$1.runReflectiveCall(FrameworkMethod.java:59)
  at org.junit.internal.runners.model.ReflectiveCallable.run(ReflectiveCallable.java:12)
  at org.junit.runners.model.FrameworkMethod.invokeExplosively(FrameworkMethod.java:56)
  at org.junit.internal.runners.statements.InvokeMethod.evaluate(InvokeMethod.java:17)
  at org.junit.runners.ParentRunner$3.evaluate(ParentRunner.java:306)
  at org.junit.runners.BlockJUnit4ClassRunner$1.evaluate(BlockJUnit4ClassRunner.java:100)
  at org.junit.runners.ParentRunner.runLeaf(ParentRunner.java:366)
  at org.junit.runners.BlockJUnit4ClassRunner.runChild(BlockJUnit4ClassRunner.java:103)
  at org.junit.runners.BlockJUnit4ClassRunner.runChild(BlockJUnit4ClassRunner.java:63)
  at org.junit.runners.ParentRunner$4.run(ParentRunner.java:331)
  at org.junit.runners.ParentRunner$1.schedule(ParentRunner.java:79)
  at org.junit.runners.ParentRunner.runChildren(ParentRunner.java:329)
  at org.junit.runners.ParentRunner.access$100(ParentRunner.java:66)
  at org.junit.runners.ParentRunner$2.evaluate(ParentRunner.java:293)
  at org.junit.runners.ParentRunner$3.evaluate(ParentRunner.java:306)
  at org.junit.runners.ParentRunner.run(ParentRunner.java:413)
  at org.junit.runner.JUnitCore.run(JUnitCore.java:137)
  at org.junit.runner.JUnitCore.run(JUnitCore.java:115)
  at org.gradle.api.internal.tasks.testing.junit.JUnitTestExecutor.runRequest(JUnitTestExecutor.java:175)
  at org.gradle.api.internal.tasks.testing.junit.JUnitTestExecutor.accept(JUnitTestExecutor.java:84)
  at org.gradle.api.internal.tasks.testing.junit.JUnitTestExecutor.accept(JUnitTestExecutor.java:47)
  at org.gradle.api.internal.tasks.testing.junit.AbstractJUnitTestDefinitionProcessor.processTestDefinition(AbstractJUnitTestDefinitionProcessor.java:65)
  at org.gradle.api.internal.tasks.testing.SuiteTestDefinitionProcessor.processTestDefinition(SuiteTestDefinitionProcessor.java:54)
  at java.base/jdk.internal.reflect.DirectMethodHandleAccessor.invoke(DirectMethodHandleAccessor.java:104)
  at java.base/java.lang.reflect.Method.invoke(Method.java:565)
  at org.gradle.internal.dispatch.MethodInvocation.invokeOn(MethodInvocation.java:77)
  at org.gradle.internal.dispatch.ReflectionDispatch.dispatch(ReflectionDispatch.java:28)
  at org.gradle.internal.dispatch.ReflectionDispatch.dispatch(ReflectionDispatch.java:19)
  at org.gradle.internal.dispatch.ContextClassLoaderDispatch.dispatch(ContextClassLoaderDispatch.java:33)
  at org.gradle.internal.dispatch.ProxyDispatchAdapter$DispatchingInvocationHandler.invoke(ProxyDispatchAdapter.java:88)
  at jdk.proxy1/jdk.proxy1.$Proxy4.processTestDefinition(Unknown Source)
  at org.gradle.api.internal.tasks.testing.worker.TestWorker$2.run(TestWorker.java:178)
  at org.gradle.api.internal.tasks.testing.worker.TestWorker.executeAndMaintainThreadName(TestWorker.java:126)
  at org.gradle.api.internal.tasks.testing.worker.TestWorker.execute(TestWorker.java:103)
  at org.gradle.api.internal.tasks.testing.worker.TestWorker.execute(TestWorker.java:63)
  at org.gradle.process.internal.worker.child.ActionExecutionWorker.execute(ActionExecutionWorker.java:56)
  at org.gradle.process.internal.worker.child.SystemApplicationClassLoaderWorker.call(SystemApplicationClassLoaderWorker.java:122)
  at org.gradle.process.internal.worker.child.SystemApplicationClassLoaderWorker.call(SystemApplicationClassLoaderWorker.java:72)
  at worker.org.gradle.process.internal.worker.GradleWorkerMain.run(GradleWorkerMain.java:69)
  at worker.org.gradle.process.internal.worker.GradleWorkerMain.main(GradleWorkerMain.java:74)
</stacktrace>
</test-failure>


TypeScriptCompilerTests_S[jvm] > staticMemberOfClassAndPublicMemberOfAnotherClassAssignment_ts has expected errors matching staticMemberOfClassAndPublicMemberOfAnotherClassAssignment_errors_txt[jvm] FAILED

<test-failure test="com.xemantic.typescript.compiler.TypeScriptCompilerTests_S.strictNullEmptyDestructuring_ts__target_es5__has expected errors matching baseline" platform="jvm">
<message>
--- expected
+++ actual
@@ -1,64 +1,28 @@
 error TS5107: Option 'target=ES5' is deprecated and will stop functioning in TypeScript 7.0. Specify compilerOption '"ignoreDeprecations": "6.0"' to silence this error.
-strictNullEmptyDestructuring.ts(3,5): error TS2461: Type 'null' is not an array type.
-strictNullEmptyDestructuring.ts(3,5): error TS2531: Object is possibly 'null'.
-strictNullEmptyDestructuring.ts(5,5): error TS2531: Object is possibly 'null'.
-strictNullEmptyDestructuring.ts(7,2): error TS2531: Object is possibly 'null'.
-strictNullEmptyDestructuring.ts(9,5): error TS2532: Object is possibly 'undefined'.
-strictNullEmptyDestructuring.ts(11,2): error TS2532: Object is possibly 'undefined'.
-strictNullEmptyDestructuring.ts(13,5): error TS2531: Object is possibly 'null'.
-strictNullEmptyDestructuring.ts(15,2): error TS2531: Object is possibly 'null'.
-strictNullEmptyDestructuring.ts(17,5): error TS2532: Object is possibly 'undefined'.
-strictNullEmptyDestructuring.ts(19,2): error TS2532: Object is possibly 'undefined'.
-strictNullEmptyDestructuring.ts(21,5): error TS2533: Object is possibly 'null' or 'undefined'.
-strictNullEmptyDestructuring.ts(23,2): error TS2533: Object is possibly 'null' or 'undefined'.
 
 
 !!! error TS5107: Option 'target=ES5' is deprecated and will stop functioning in TypeScript 7.0. Specify compilerOption '"ignoreDeprecations": "6.0"' to silence this error.
-==== strictNullEmptyDestructuring.ts (12 errors) ====
+==== strictNullEmptyDestructuring.ts (0 errors) ====
     // Repro from #20873
     
     let [] = null;
-        ~~
-!!! error TS2461: Type 'null' is not an array type.
-        ~~
-!!! error TS2531: Object is possibly 'null'.
     
     let { } = null;
-        ~~~
-!!! error TS2531: Object is possibly 'null'.
     
     ({} = null);
-     ~~
-!!! error TS2531: Object is possibly 'null'.
     
     let { } = undefined;
-        ~~~
-!!! error TS2532: Object is possibly 'undefined'.
     
     ({} = undefined);
-     ~~
-!!! error TS2532: Object is possibly 'undefined'.
     
     let { } = Math.random() ? {} : null;
-        ~~~
-!!! error TS2531: Object is possibly 'null'.
     
     ({} = Math.random() ? {} : null);
-     ~~
-!!! error TS2531: Object is possibly 'null'.
     
     let { } = Math.random() ? {} : undefined;
-        ~~~
-!!! error TS2532: Object is possibly 'undefined'.
     
     ({} = Math.random() ? {} : undefined);
-     ~~
-!!! error TS2532: Object is possibly 'undefined'.
     
     let { } = Math.random() ? null : undefined;
-        ~~~
-!!! error TS2533: Object is possibly 'null' or 'undefined'.
     
     ({} = Math.random() ? null : undefined);
-     ~~
-!!! error TS2533: Object is possibly 'null' or 'undefined'.

</message>
<stacktrace>
  at org.junit.Assert.fail(Assert.java:89)
  at kotlin.test.junit.JUnitAsserter.fail(JUnitSupport.kt:56)
  at kotlin.test.AssertionsKt__AssertionsKt.fail(Assertions.kt:563)
  at kotlin.test.AssertionsKt.fail(Unknown Source)
  at com.xemantic.kotlin.test.SameAsKt.sameAs(SameAs.kt:52)
  at com.xemantic.typescript.compiler.TypeScriptTestSupportKt.errorsMatchBaseline(TypeScriptTestSupport.kt:135)
  at com.xemantic.typescript.compiler.TypeScriptCompilerTests_S.strictNullEmptyDestructuring_ts__target_es5__has expected errors matching baseline(TypeScriptCompilerTests_S.kt:2947)
  at java.base/jdk.internal.reflect.DirectMethodHandleAccessor.invoke(DirectMethodHandleAccessor.java:104)
  at java.base/java.lang.reflect.Method.invoke(Method.java:565)
  at org.junit.runners.model.FrameworkMethod$1.runReflectiveCall(FrameworkMethod.java:59)
  at org.junit.internal.runners.model.ReflectiveCallable.run(ReflectiveCallable.java:12)
  at org.junit.runners.model.FrameworkMethod.invokeExplosively(FrameworkMethod.java:56)
  at org.junit.internal.runners.statements.InvokeMethod.evaluate(InvokeMethod.java:17)
  at org.junit.runners.ParentRunner$3.evaluate(ParentRunner.java:306)
  at org.junit.runners.BlockJUnit4ClassRunner$1.evaluate(BlockJUnit4ClassRunner.java:100)
  at org.junit.runners.ParentRunner.runLeaf(ParentRunner.java:366)
  at org.junit.runners.BlockJUnit4ClassRunner.runChild(BlockJUnit4ClassRunner.java:103)
  at org.junit.runners.BlockJUnit4ClassRunner.runChild(BlockJUnit4ClassRunner.java:63)
  at org.junit.runners.ParentRunner$4.run(ParentRunner.java:331)
  at org.junit.runners.ParentRunner$1.schedule(ParentRunner.java:79)
  at org.junit.runners.ParentRunner.runChildren(ParentRunner.java:329)
  at org.junit.runners.ParentRunner.access$100(ParentRunner.java:66)
  at org.junit.runners.ParentRunner$2.evaluate(ParentRunner.java:293)
  at org.junit.runners.ParentRunner$3.evaluate(ParentRunner.java:306)
  at org.junit.runners.ParentRunner.run(ParentRunner.java:413)
  at org.junit.runner.JUnitCore.run(JUnitCore.java:137)
  at org.junit.runner.JUnitCore.run(JUnitCore.java:115)
  at org.gradle.api.internal.tasks.testing.junit.JUnitTestExecutor.runRequest(JUnitTestExecutor.java:175)
  at org.gradle.api.internal.tasks.testing.junit.JUnitTestExecutor.accept(JUnitTestExecutor.java:84)
  at org.gradle.api.internal.tasks.testing.junit.JUnitTestExecutor.accept(JUnitTestExecutor.java:47)
  at org.gradle.api.internal.tasks.testing.junit.AbstractJUnitTestDefinitionProcessor.processTestDefinition(AbstractJUnitTestDefinitionProcessor.java:65)
  at org.gradle.api.internal.tasks.testing.SuiteTestDefinitionProcessor.processTestDefinition(SuiteTestDefinitionProcessor.java:54)
  at java.base/jdk.internal.reflect.DirectMethodHandleAccessor.invoke(DirectMethodHandleAccessor.java:104)
  at java.base/java.lang.reflect.Method.invoke(Method.java:565)
  at org.gradle.internal.dispatch.MethodInvocation.invokeOn(MethodInvocation.java:77)
  at org.gradle.internal.dispatch.ReflectionDispatch.dispatch(ReflectionDispatch.java:28)
  at org.gradle.internal.dispatch.ReflectionDispatch.dispatch(ReflectionDispatch.java:19)
  at org.gradle.internal.dispatch.ContextClassLoaderDispatch.dispatch(ContextClassLoaderDispatch.java:33)
  at org.gradle.internal.dispatch.ProxyDispatchAdapter$DispatchingInvocationHandler.invoke(ProxyDispatchAdapter.java:88)
  at jdk.proxy1/jdk.proxy1.$Proxy4.processTestDefinition(Unknown Source)
  at org.gradle.api.internal.tasks.testing.worker.TestWorker$2.run(TestWorker.java:178)
  at org.gradle.api.internal.tasks.testing.worker.TestWorker.executeAndMaintainThreadName(TestWorker.java:126)
  at org.gradle.api.internal.tasks.testing.worker.TestWorker.execute(TestWorker.java:103)
  at org.gradle.api.internal.tasks.testing.worker.TestWorker.execute(TestWorker.java:63)
  at org.gradle.process.internal.worker.child.ActionExecutionWorker.execute(ActionExecutionWorker.java:56)
  at org.gradle.process.internal.worker.child.SystemApplicationClassLoaderWorker.call(SystemApplicationClassLoaderWorker.java:122)
  at org.gradle.process.internal.worker.child.SystemApplicationClassLoaderWorker.call(SystemApplicationClassLoaderWorker.java:72)
  at worker.org.gradle.process.internal.worker.GradleWorkerMain.run(GradleWorkerMain.java:69)
  at worker.org.gradle.process.internal.worker.GradleWorkerMain.main(GradleWorkerMain.java:74)
</stacktrace>
</test-failure>


TypeScriptCompilerTests_S[jvm] > strictNullEmptyDestructuring_ts__target_es5__has expected errors matching baseline[jvm] FAILED

<test-failure test="com.xemantic.typescript.compiler.TypeScriptCompilerTests_S.superWithTypeArgument_ts has expected errors matching superWithTypeArgument_errors_txt" platform="jvm">
<message>
Expected diagnostics from baseline typescript-repo/tests/baselines/reference/superWithTypeArgument.errors.txt but none produced
</message>
<stacktrace>
  at com.xemantic.typescript.compiler.TypeScriptTestSupportKt.errorsMatchBaseline(TypeScriptTestSupport.kt:125)
  at com.xemantic.typescript.compiler.TypeScriptCompilerTests_S.superWithTypeArgument_ts has expected errors matching superWithTypeArgument_errors_txt(TypeScriptCompilerTests_S.kt:3913)
  at java.base/jdk.internal.reflect.DirectMethodHandleAccessor.invoke(DirectMethodHandleAccessor.java:104)
  at java.base/java.lang.reflect.Method.invoke(Method.java:565)
  at org.junit.runners.model.FrameworkMethod$1.runReflectiveCall(FrameworkMethod.java:59)
  at org.junit.internal.runners.model.ReflectiveCallable.run(ReflectiveCallable.java:12)
  at org.junit.runners.model.FrameworkMethod.invokeExplosively(FrameworkMethod.java:56)
  at org.junit.internal.runners.statements.InvokeMethod.evaluate(InvokeMethod.java:17)
  at org.junit.runners.ParentRunner$3.evaluate(ParentRunner.java:306)
  at org.junit.runners.BlockJUnit4ClassRunner$1.evaluate(BlockJUnit4ClassRunner.java:100)
  at org.junit.runners.ParentRunner.runLeaf(ParentRunner.java:366)
  at org.junit.runners.BlockJUnit4ClassRunner.runChild(BlockJUnit4ClassRunner.java:103)
  at org.junit.runners.BlockJUnit4ClassRunner.runChild(BlockJUnit4ClassRunner.java:63)
  at org.junit.runners.ParentRunner$4.run(ParentRunner.java:331)
  at org.junit.runners.ParentRunner$1.schedule(ParentRunner.java:79)
  at org.junit.runners.ParentRunner.runChildren(ParentRunner.java:329)
  at org.junit.runners.ParentRunner.access$100(ParentRunner.java:66)
  at org.junit.runners.ParentRunner$2.evaluate(ParentRunner.java:293)
  at org.junit.runners.ParentRunner$3.evaluate(ParentRunner.java:306)
  at org.junit.runners.ParentRunner.run(ParentRunner.java:413)
  at org.junit.runner.JUnitCore.run(JUnitCore.java:137)
  at org.junit.runner.JUnitCore.run(JUnitCore.java:115)
  at org.gradle.api.internal.tasks.testing.junit.JUnitTestExecutor.runRequest(JUnitTestExecutor.java:175)
  at org.gradle.api.internal.tasks.testing.junit.JUnitTestExecutor.accept(JUnitTestExecutor.java:84)
  at org.gradle.api.internal.tasks.testing.junit.JUnitTestExecutor.accept(JUnitTestExecutor.java:47)
  at org.gradle.api.internal.tasks.testing.junit.AbstractJUnitTestDefinitionProcessor.processTestDefinition(AbstractJUnitTestDefinitionProcessor.java:65)
  at org.gradle.api.internal.tasks.testing.SuiteTestDefinitionProcessor.processTestDefinition(SuiteTestDefinitionProcessor.java:54)
  at java.base/jdk.internal.reflect.DirectMethodHandleAccessor.invoke(DirectMethodHandleAccessor.java:104)
  at java.base/java.lang.reflect.Method.invoke(Method.java:565)
  at org.gradle.internal.dispatch.MethodInvocation.invokeOn(MethodInvocation.java:77)
  at org.gradle.internal.dispatch.ReflectionDispatch.dispatch(ReflectionDispatch.java:28)
  at org.gradle.internal.dispatch.ReflectionDispatch.dispatch(ReflectionDispatch.java:19)
  at org.gradle.internal.dispatch.ContextClassLoaderDispatch.dispatch(ContextClassLoaderDispatch.java:33)
  at org.gradle.internal.dispatch.ProxyDispatchAdapter$DispatchingInvocationHandler.invoke(ProxyDispatchAdapter.java:88)
  at jdk.proxy1/jdk.proxy1.$Proxy4.processTestDefinition(Unknown Source)
  at org.gradle.api.internal.tasks.testing.worker.TestWorker$2.run(TestWorker.java:178)
  at org.gradle.api.internal.tasks.testing.worker.TestWorker.executeAndMaintainThreadName(TestWorker.java:126)
  at org.gradle.api.internal.tasks.testing.worker.TestWorker.execute(TestWorker.java:103)
  at org.gradle.api.internal.tasks.testing.worker.TestWorker.execute(TestWorker.java:63)
  at org.gradle.process.internal.worker.child.ActionExecutionWorker.execute(ActionExecutionWorker.java:56)
  at org.gradle.process.internal.worker.child.SystemApplicationClassLoaderWorker.call(SystemApplicationClassLoaderWorker.java:122)
  at org.gradle.process.internal.worker.child.SystemApplicationClassLoaderWorker.call(SystemApplicationClassLoaderWorker.java:72)
  at worker.org.gradle.process.internal.worker.GradleWorkerMain.run(GradleWorkerMain.java:69)
  at worker.org.gradle.process.internal.worker.GradleWorkerMain.main(GradleWorkerMain.java:74)
</stacktrace>
</test-failure>


TypeScriptCompilerTests_S[jvm] > superWithTypeArgument_ts has expected errors matching superWithTypeArgument_errors_txt[jvm] FAILED

<test-failure test="com.xemantic.typescript.compiler.TypeScriptCompilerTests_S.staticVisibility_ts has expected errors matching staticVisibility_errors_txt" platform="jvm">
<message>
--- expected
+++ actual
@@ -1,11 +1,10 @@
 staticVisibility.ts(9,9): error TS2662: Cannot find name 's'. Did you mean the static member 'C1.s'?
 staticVisibility.ts(12,9): error TS2662: Cannot find name 'b'. Did you mean the static member 'C1.b'?
 staticVisibility.ts(17,9): error TS2304: Cannot find name 'v'.
-staticVisibility.ts(18,14): error TS2339: Property 'p' does not exist on type 'typeof C1'.
 staticVisibility.ts(32,29): error TS2304: Cannot find name 'barback'.
 
 
-==== staticVisibility.ts (5 errors) ====
+==== staticVisibility.ts (4 errors) ====
     class C1 {
         
         p: any;
@@ -30,8 +29,6 @@
             ~
 !!! error TS2304: Cannot find name 'v'.
             this.p = 0; // should be error
-                 ~
-!!! error TS2339: Property 'p' does not exist on type 'typeof C1'.
             C1.s = 1; // should be ok
         }
     }

</message>
<stacktrace>
  at org.junit.Assert.fail(Assert.java:89)
  at kotlin.test.junit.JUnitAsserter.fail(JUnitSupport.kt:56)
  at kotlin.test.AssertionsKt__AssertionsKt.fail(Assertions.kt:563)
  at kotlin.test.AssertionsKt.fail(Unknown Source)
  at com.xemantic.kotlin.test.SameAsKt.sameAs(SameAs.kt:52)
  at com.xemantic.typescript.compiler.TypeScriptTestSupportKt.errorsMatchBaseline(TypeScriptTestSupport.kt:135)
  at com.xemantic.typescript.compiler.TypeScriptCompilerTests_S.staticVisibility_ts has expected errors matching staticVisibility_errors_txt(TypeScriptCompilerTests_S.kt:2695)
  at java.base/jdk.internal.reflect.DirectMethodHandleAccessor.invoke(DirectMethodHandleAccessor.java:104)
  at java.base/java.lang.reflect.Method.invoke(Method.java:565)
  at org.junit.runners.model.FrameworkMethod$1.runReflectiveCall(FrameworkMethod.java:59)
  at org.junit.internal.runners.model.ReflectiveCallable.run(ReflectiveCallable.java:12)
  at org.junit.runners.model.FrameworkMethod.invokeExplosively(FrameworkMethod.java:56)
  at org.junit.internal.runners.statements.InvokeMethod.evaluate(InvokeMethod.java:17)
  at org.junit.runners.ParentRunner$3.evaluate(ParentRunner.java:306)
  at org.junit.runners.BlockJUnit4ClassRunner$1.evaluate(BlockJUnit4ClassRunner.java:100)
  at org.junit.runners.ParentRunner.runLeaf(ParentRunner.java:366)
  at org.junit.runners.BlockJUnit4ClassRunner.runChild(BlockJUnit4ClassRunner.java:103)
  at org.junit.runners.BlockJUnit4ClassRunner.runChild(BlockJUnit4ClassRunner.java:63)
  at org.junit.runners.ParentRunner$4.run(ParentRunner.java:331)
  at org.junit.runners.ParentRunner$1.schedule(ParentRunner.java:79)
  at org.junit.runners.ParentRunner.runChildren(ParentRunner.java:329)
  at org.junit.runners.ParentRunner.access$100(ParentRunner.java:66)
  at org.junit.runners.ParentRunner$2.evaluate(ParentRunner.java:293)
  at org.junit.runners.ParentRunner$3.evaluate(ParentRunner.java:306)
  at org.junit.runners.ParentRunner.run(ParentRunner.java:413)
  at org.junit.runner.JUnitCore.run(JUnitCore.java:137)
  at org.junit.runner.JUnitCore.run(JUnitCore.java:115)
  at org.gradle.api.internal.tasks.testing.junit.JUnitTestExecutor.runRequest(JUnitTestExecutor.java:175)
  at org.gradle.api.internal.tasks.testing.junit.JUnitTestExecutor.accept(JUnitTestExecutor.java:84)
  at org.gradle.api.internal.tasks.testing.junit.JUnitTestExecutor.accept(JUnitTestExecutor.java:47)
  at org.gradle.api.internal.tasks.testing.junit.AbstractJUnitTestDefinitionProcessor.processTestDefinition(AbstractJUnitTestDefinitionProcessor.java:65)
  at org.gradle.api.internal.tasks.testing.SuiteTestDefinitionProcessor.processTestDefinition(SuiteTestDefinitionProcessor.java:54)
  at java.base/jdk.internal.reflect.DirectMethodHandleAccessor.invoke(DirectMethodHandleAccessor.java:104)
  at java.base/java.lang.reflect.Method.invoke(Method.java:565)
  at org.gradle.internal.dispatch.MethodInvocation.invokeOn(MethodInvocation.java:77)
  at org.gradle.internal.dispatch.ReflectionDispatch.dispatch(ReflectionDispatch.java:28)
  at org.gradle.internal.dispatch.ReflectionDispatch.dispatch(ReflectionDispatch.java:19)
  at org.gradle.internal.dispatch.ContextClassLoaderDispatch.dispatch(ContextClassLoaderDispatch.java:33)
  at org.gradle.internal.dispatch.ProxyDispatchAdapter$DispatchingInvocationHandler.invoke(ProxyDispatchAdapter.java:88)
  at jdk.proxy1/jdk.proxy1.$Proxy4.processTestDefinition(Unknown Source)
  at org.gradle.api.internal.tasks.testing.worker.TestWorker$2.run(TestWorker.java:178)
  at org.gradle.api.internal.tasks.testing.worker.TestWorker.executeAndMaintainThreadName(TestWorker.java:126)
  at org.gradle.api.internal.tasks.testing.worker.TestWorker.execute(TestWorker.java:103)
  at org.gradle.api.internal.tasks.testing.worker.TestWorker.execute(TestWorker.java:63)
  at org.gradle.process.internal.worker.child.ActionExecutionWorker.execute(ActionExecutionWorker.java:56)
  at org.gradle.process.internal.worker.child.SystemApplicationClassLoaderWorker.call(SystemApplicationClassLoaderWorker.java:122)
  at org.gradle.process.internal.worker.child.SystemApplicationClassLoaderWorker.call(SystemApplicationClassLoaderWorker.java:72)
  at worker.org.gradle.process.internal.worker.GradleWorkerMain.run(GradleWorkerMain.java:69)
  at worker.org.gradle.process.internal.worker.GradleWorkerMain.main(GradleWorkerMain.java:74)
</stacktrace>
</test-failure>


TypeScriptCompilerTests_S[jvm] > staticVisibility_ts has expected errors matching staticVisibility_errors_txt[jvm] FAILED

<test-failure test="com.xemantic.typescript.compiler.TypeScriptCompilerTests_S.spreadInvalidArgumentType_ts has expected errors matching spreadInvalidArgumentType_errors_txt" platform="jvm">
<message>
Expected diagnostics from baseline typescript-repo/tests/baselines/reference/spreadInvalidArgumentType.errors.txt but none produced
</message>
<stacktrace>
  at com.xemantic.typescript.compiler.TypeScriptTestSupportKt.errorsMatchBaseline(TypeScriptTestSupport.kt:125)
  at com.xemantic.typescript.compiler.TypeScriptCompilerTests_S.spreadInvalidArgumentType_ts has expected errors matching spreadInvalidArgumentType_errors_txt(TypeScriptCompilerTests_S.kt:2198)
  at java.base/jdk.internal.reflect.DirectMethodHandleAccessor.invoke(DirectMethodHandleAccessor.java:104)
  at java.base/java.lang.reflect.Method.invoke(Method.java:565)
  at org.junit.runners.model.FrameworkMethod$1.runReflectiveCall(FrameworkMethod.java:59)
  at org.junit.internal.runners.model.ReflectiveCallable.run(ReflectiveCallable.java:12)
  at org.junit.runners.model.FrameworkMethod.invokeExplosively(FrameworkMethod.java:56)
  at org.junit.internal.runners.statements.InvokeMethod.evaluate(InvokeMethod.java:17)
  at org.junit.runners.ParentRunner$3.evaluate(ParentRunner.java:306)
  at org.junit.runners.BlockJUnit4ClassRunner$1.evaluate(BlockJUnit4ClassRunner.java:100)
  at org.junit.runners.ParentRunner.runLeaf(ParentRunner.java:366)
  at org.junit.runners.BlockJUnit4ClassRunner.runChild(BlockJUnit4ClassRunner.java:103)
  at org.junit.runners.BlockJUnit4ClassRunner.runChild(BlockJUnit4ClassRunner.java:63)
  at org.junit.runners.ParentRunner$4.run(ParentRunner.java:331)
  at org.junit.runners.ParentRunner$1.schedule(ParentRunner.java:79)
  at org.junit.runners.ParentRunner.runChildren(ParentRunner.java:329)
  at org.junit.runners.ParentRunner.access$100(ParentRunner.java:66)
  at org.junit.runners.ParentRunner$2.evaluate(ParentRunner.java:293)
  at org.junit.runners.ParentRunner$3.evaluate(ParentRunner.java:306)
  at org.junit.runners.ParentRunner.run(ParentRunner.java:413)
  at org.junit.runner.JUnitCore.run(JUnitCore.java:137)
  at org.junit.runner.JUnitCore.run(JUnitCore.java:115)
  at org.gradle.api.internal.tasks.testing.junit.JUnitTestExecutor.runRequest(JUnitTestExecutor.java:175)
  at org.gradle.api.internal.tasks.testing.junit.JUnitTestExecutor.accept(JUnitTestExecutor.java:84)
  at org.gradle.api.internal.tasks.testing.junit.JUnitTestExecutor.accept(JUnitTestExecutor.java:47)
  at org.gradle.api.internal.tasks.testing.junit.AbstractJUnitTestDefinitionProcessor.processTestDefinition(AbstractJUnitTestDefinitionProcessor.java:65)
  at org.gradle.api.internal.tasks.testing.SuiteTestDefinitionProcessor.processTestDefinition(SuiteTestDefinitionProcessor.java:54)
  at java.base/jdk.internal.reflect.DirectMethodHandleAccessor.invoke(DirectMethodHandleAccessor.java:104)
  at java.base/java.lang.reflect.Method.invoke(Method.java:565)
  at org.gradle.internal.dispatch.MethodInvocation.invokeOn(MethodInvocation.java:77)
  at org.gradle.internal.dispatch.ReflectionDispatch.dispatch(ReflectionDispatch.java:28)
  at org.gradle.internal.dispatch.ReflectionDispatch.dispatch(ReflectionDispatch.java:19)
  at org.gradle.internal.dispatch.ContextClassLoaderDispatch.dispatch(ContextClassLoaderDispatch.java:33)
  at org.gradle.internal.dispatch.ProxyDispatchAdapter$DispatchingInvocationHandler.invoke(ProxyDispatchAdapter.java:88)
  at jdk.proxy1/jdk.proxy1.$Proxy4.processTestDefinition(Unknown Source)
  at org.gradle.api.internal.tasks.testing.worker.TestWorker$2.run(TestWorker.java:178)
  at org.gradle.api.internal.tasks.testing.worker.TestWorker.executeAndMaintainThreadName(TestWorker.java:126)
  at org.gradle.api.internal.tasks.testing.worker.TestWorker.execute(TestWorker.java:103)
  at org.gradle.api.internal.tasks.testing.worker.TestWorker.execute(TestWorker.java:63)
  at org.gradle.process.internal.worker.child.ActionExecutionWorker.execute(ActionExecutionWorker.java:56)
  at org.gradle.process.internal.worker.child.SystemApplicationClassLoaderWorker.call(SystemApplicationClassLoaderWorker.java:122)
  at org.gradle.process.internal.worker.child.SystemApplicationClassLoaderWorker.call(SystemApplicationClassLoaderWorker.java:72)
  at worker.org.gradle.process.internal.worker.GradleWorkerMain.run(GradleWorkerMain.java:69)
  at worker.org.gradle.process.internal.worker.GradleWorkerMain.main(GradleWorkerMain.java:74)
</stacktrace>
</test-failure>


TypeScriptCompilerTests_S[jvm] > spreadInvalidArgumentType_ts has expected errors matching spreadInvalidArgumentType_errors_txt[jvm] FAILED

<test-failure test="com.xemantic.typescript.compiler.TypeScriptCompilerTests_S.staticOffOfInstance2_ts has expected errors matching staticOffOfInstance2_errors_txt" platform="jvm">
<message>
Expected diagnostics from baseline typescript-repo/tests/baselines/reference/staticOffOfInstance2.errors.txt but none produced
</message>
<stacktrace>
  at com.xemantic.typescript.compiler.TypeScriptTestSupportKt.errorsMatchBaseline(TypeScriptTestSupport.kt:125)
  at com.xemantic.typescript.compiler.TypeScriptCompilerTests_S.staticOffOfInstance2_ts has expected errors matching staticOffOfInstance2_errors_txt(TypeScriptCompilerTests_S.kt:2646)
  at java.base/jdk.internal.reflect.DirectMethodHandleAccessor.invoke(DirectMethodHandleAccessor.java:104)
  at java.base/java.lang.reflect.Method.invoke(Method.java:565)
  at org.junit.runners.model.FrameworkMethod$1.runReflectiveCall(FrameworkMethod.java:59)
  at org.junit.internal.runners.model.ReflectiveCallable.run(ReflectiveCallable.java:12)
  at org.junit.runners.model.FrameworkMethod.invokeExplosively(FrameworkMethod.java:56)
  at org.junit.internal.runners.statements.InvokeMethod.evaluate(InvokeMethod.java:17)
  at org.junit.runners.ParentRunner$3.evaluate(ParentRunner.java:306)
  at org.junit.runners.BlockJUnit4ClassRunner$1.evaluate(BlockJUnit4ClassRunner.java:100)
  at org.junit.runners.ParentRunner.runLeaf(ParentRunner.java:366)
  at org.junit.runners.BlockJUnit4ClassRunner.runChild(BlockJUnit4ClassRunner.java:103)
  at org.junit.runners.BlockJUnit4ClassRunner.runChild(BlockJUnit4ClassRunner.java:63)
  at org.junit.runners.ParentRunner$4.run(ParentRunner.java:331)
  at org.junit.runners.ParentRunner$1.schedule(ParentRunner.java:79)
  at org.junit.runners.ParentRunner.runChildren(ParentRunner.java:329)
  at org.junit.runners.ParentRunner.access$100(ParentRunner.java:66)
  at org.junit.runners.ParentRunner$2.evaluate(ParentRunner.java:293)
  at org.junit.runners.ParentRunner$3.evaluate(ParentRunner.java:306)
  at org.junit.runners.ParentRunner.run(ParentRunner.java:413)
  at org.junit.runner.JUnitCore.run(JUnitCore.java:137)
  at org.junit.runner.JUnitCore.run(JUnitCore.java:115)
  at org.gradle.api.internal.tasks.testing.junit.JUnitTestExecutor.runRequest(JUnitTestExecutor.java:175)
  at org.gradle.api.internal.tasks.testing.junit.JUnitTestExecutor.accept(JUnitTestExecutor.java:84)
  at org.gradle.api.internal.tasks.testing.junit.JUnitTestExecutor.accept(JUnitTestExecutor.java:47)
  at org.gradle.api.internal.tasks.testing.junit.AbstractJUnitTestDefinitionProcessor.processTestDefinition(AbstractJUnitTestDefinitionProcessor.java:65)
  at org.gradle.api.internal.tasks.testing.SuiteTestDefinitionProcessor.processTestDefinition(SuiteTestDefinitionProcessor.java:54)
  at java.base/jdk.internal.reflect.DirectMethodHandleAccessor.invoke(DirectMethodHandleAccessor.java:104)
  at java.base/java.lang.reflect.Method.invoke(Method.java:565)
  at org.gradle.internal.dispatch.MethodInvocation.invokeOn(MethodInvocation.java:77)
  at org.gradle.internal.dispatch.ReflectionDispatch.dispatch(ReflectionDispatch.java:28)
  at org.gradle.internal.dispatch.ReflectionDispatch.dispatch(ReflectionDispatch.java:19)
  at org.gradle.internal.dispatch.ContextClassLoaderDispatch.dispatch(ContextClassLoaderDispatch.java:33)
  at org.gradle.internal.dispatch.ProxyDispatchAdapter$DispatchingInvocationHandler.invoke(ProxyDispatchAdapter.java:88)
  at jdk.proxy1/jdk.proxy1.$Proxy4.processTestDefinition(Unknown Source)
  at org.gradle.api.internal.tasks.testing.worker.TestWorker$2.run(TestWorker.java:178)
  at org.gradle.api.internal.tasks.testing.worker.TestWorker.executeAndMaintainThreadName(TestWorker.java:126)
  at org.gradle.api.internal.tasks.testing.worker.TestWorker.execute(TestWorker.java:103)
  at org.gradle.api.internal.tasks.testing.worker.TestWorker.execute(TestWorker.java:63)
  at org.gradle.process.internal.worker.child.ActionExecutionWorker.execute(ActionExecutionWorker.java:56)
  at org.gradle.process.internal.worker.child.SystemApplicationClassLoaderWorker.call(SystemApplicationClassLoaderWorker.java:122)
  at org.gradle.process.internal.worker.child.SystemApplicationClassLoaderWorker.call(SystemApplicationClassLoaderWorker.java:72)
  at worker.org.gradle.process.internal.worker.GradleWorkerMain.run(GradleWorkerMain.java:69)
  at worker.org.gradle.process.internal.worker.GradleWorkerMain.main(GradleWorkerMain.java:74)
</stacktrace>
</test-failure>


TypeScriptCompilerTests_S[jvm] > staticOffOfInstance2_ts has expected errors matching staticOffOfInstance2_errors_txt[jvm] FAILED

<test-failure test="com.xemantic.typescript.compiler.TypeScriptCompilerTests_S.super_inside-object-literal-getters-and-setters_ts__target_es5__has expected errors matching baseline" platform="jvm">
<message>
--- expected
+++ actual
@@ -1,29 +1,19 @@
 error TS5107: Option 'target=ES5' is deprecated and will stop functioning in TypeScript 7.0. Specify compilerOption '"ignoreDeprecations": "6.0"' to silence this error.
-super_inside-object-literal-getters-and-setters.ts(5,20): error TS2659: 'super' is only allowed in members of object literal expressions when option 'target' is 'ES2015' or higher.
-super_inside-object-literal-getters-and-setters.ts(8,13): error TS2659: 'super' is only allowed in members of object literal expressions when option 'target' is 'ES2015' or higher.
-super_inside-object-literal-getters-and-setters.ts(11,20): error TS2660: 'super' can only be referenced in members of derived classes or object literal expressions.
-super_inside-object-literal-getters-and-setters.ts(21,24): error TS2659: 'super' is only allowed in members of object literal expressions when option 'target' is 'ES2015' or higher.
 
 
 !!! error TS5107: Option 'target=ES5' is deprecated and will stop functioning in TypeScript 7.0. Specify compilerOption '"ignoreDeprecations": "6.0"' to silence this error.
-==== super_inside-object-literal-getters-and-setters.ts (4 errors) ====
+==== super_inside-object-literal-getters-and-setters.ts (0 errors) ====
     namespace ObjectLiteral {
         var ThisInObjectLiteral = {
             _foo: '1',
             get foo(): string {
                 return super._foo;
-                       ~~~~~
-!!! error TS2659: 'super' is only allowed in members of object literal expressions when option 'target' is 'ES2015' or higher.
             },
             set foo(value: string) {
                 super._foo = value;
-                ~~~~~
-!!! error TS2659: 'super' is only allowed in members of object literal expressions when option 'target' is 'ES2015' or higher.
             },
             test: function () {
                 return super._foo;
-                       ~~~~~
-!!! error TS2660: 'super' can only be referenced in members of derived classes or object literal expressions.
             }
         }
     }
@@ -34,8 +24,6 @@
             var test = {
                 get F() {
                     return super.test();
-                           ~~~~~
-!!! error TS2659: 'super' is only allowed in members of object literal expressions when option 'target' is 'ES2015' or higher.
                 }
             };
         }

</message>
<stacktrace>
  at org.junit.Assert.fail(Assert.java:89)
  at kotlin.test.junit.JUnitAsserter.fail(JUnitSupport.kt:56)
  at kotlin.test.AssertionsKt__AssertionsKt.fail(Assertions.kt:563)
  at kotlin.test.AssertionsKt.fail(Unknown Source)
  at com.xemantic.kotlin.test.SameAsKt.sameAs(SameAs.kt:52)
  at com.xemantic.typescript.compiler.TypeScriptTestSupportKt.errorsMatchBaseline(TypeScriptTestSupport.kt:135)
  at com.xemantic.typescript.compiler.TypeScriptCompilerTests_S.super_inside-object-literal-getters-and-setters_ts__target_es5__has expected errors matching baseline(TypeScriptCompilerTests_S.kt:3955)
  at java.base/jdk.internal.reflect.DirectMethodHandleAccessor.invoke(DirectMethodHandleAccessor.java:104)
  at java.base/java.lang.reflect.Method.invoke(Method.java:565)
  at org.junit.runners.model.FrameworkMethod$1.runReflectiveCall(FrameworkMethod.java:59)
  at org.junit.internal.runners.model.ReflectiveCallable.run(ReflectiveCallable.java:12)
  at org.junit.runners.model.FrameworkMethod.invokeExplosively(FrameworkMethod.java:56)
  at org.junit.internal.runners.statements.InvokeMethod.evaluate(InvokeMethod.java:17)
  at org.junit.runners.ParentRunner$3.evaluate(ParentRunner.java:306)
  at org.junit.runners.BlockJUnit4ClassRunner$1.evaluate(BlockJUnit4ClassRunner.java:100)
  at org.junit.runners.ParentRunner.runLeaf(ParentRunner.java:366)
  at org.junit.runners.BlockJUnit4ClassRunner.runChild(BlockJUnit4ClassRunner.java:103)
  at org.junit.runners.BlockJUnit4ClassRunner.runChild(BlockJUnit4ClassRunner.java:63)
  at org.junit.runners.ParentRunner$4.run(ParentRunner.java:331)
  at org.junit.runners.ParentRunner$1.schedule(ParentRunner.java:79)
  at org.junit.runners.ParentRunner.runChildren(ParentRunner.java:329)
  at org.junit.runners.ParentRunner.access$100(ParentRunner.java:66)
  at org.junit.runners.ParentRunner$2.evaluate(ParentRunner.java:293)
  at org.junit.runners.ParentRunner$3.evaluate(ParentRunner.java:306)
  at org.junit.runners.ParentRunner.run(ParentRunner.java:413)
  at org.junit.runner.JUnitCore.run(JUnitCore.java:137)
  at org.junit.runner.JUnitCore.run(JUnitCore.java:115)
  at org.gradle.api.internal.tasks.testing.junit.JUnitTestExecutor.runRequest(JUnitTestExecutor.java:175)
  at org.gradle.api.internal.tasks.testing.junit.JUnitTestExecutor.accept(JUnitTestExecutor.java:84)
  at org.gradle.api.internal.tasks.testing.junit.JUnitTestExecutor.accept(JUnitTestExecutor.java:47)
  at org.gradle.api.internal.tasks.testing.junit.AbstractJUnitTestDefinitionProcessor.processTestDefinition(AbstractJUnitTestDefinitionProcessor.java:65)
  at org.gradle.api.internal.tasks.testing.SuiteTestDefinitionProcessor.processTestDefinition(SuiteTestDefinitionProcessor.java:54)
  at java.base/jdk.internal.reflect.DirectMethodHandleAccessor.invoke(DirectMethodHandleAccessor.java:104)
  at java.base/java.lang.reflect.Method.invoke(Method.java:565)
  at org.gradle.internal.dispatch.MethodInvocation.invokeOn(MethodInvocation.java:77)
  at org.gradle.internal.dispatch.ReflectionDispatch.dispatch(ReflectionDispatch.java:28)
  at org.gradle.internal.dispatch.ReflectionDispatch.dispatch(ReflectionDispatch.java:19)
  at org.gradle.internal.dispatch.ContextClassLoaderDispatch.dispatch(ContextClassLoaderDispatch.java:33)
  at org.gradle.internal.dispatch.ProxyDispatchAdapter$DispatchingInvocationHandler.invoke(ProxyDispatchAdapter.java:88)
  at jdk.proxy1/jdk.proxy1.$Proxy4.processTestDefinition(Unknown Source)
  at org.gradle.api.internal.tasks.testing.worker.TestWorker$2.run(TestWorker.java:178)
  at org.gradle.api.internal.tasks.testing.worker.TestWorker.executeAndMaintainThreadName(TestWorker.java:126)
  at org.gradle.api.internal.tasks.testing.worker.TestWorker.execute(TestWorker.java:103)
  at org.gradle.api.internal.tasks.testing.worker.TestWorker.execute(TestWorker.java:63)
  at org.gradle.process.internal.worker.child.ActionExecutionWorker.execute(ActionExecutionWorker.java:56)
  at org.gradle.process.internal.worker.child.SystemApplicationClassLoaderWorker.call(SystemApplicationClassLoaderWorker.java:122)
  at org.gradle.process.internal.worker.child.SystemApplicationClassLoaderWorker.call(SystemApplicationClassLoaderWorker.java:72)
  at worker.org.gradle.process.internal.worker.GradleWorkerMain.run(GradleWorkerMain.java:69)
  at worker.org.gradle.process.internal.worker.GradleWorkerMain.main(GradleWorkerMain.java:74)
</stacktrace>
</test-failure>


TypeScriptCompilerTests_S[jvm] > super_inside-object-literal-getters-and-setters_ts__target_es5__has expected errors matching baseline[jvm] FAILED

<test-failure test="com.xemantic.typescript.compiler.TypeScriptCompilerTests_S.subtypeReductionWithAnyFunctionType_ts has expected errors matching subtypeReductionWithAnyFunctionType_errors_txt" platform="jvm">
<message>
--- expected
+++ actual
@@ -1,7 +1,8 @@
 subtypeReductionWithAnyFunctionType.ts(10,16): error TS7006: Parameter 'x' implicitly has an 'any' type.
+subtypeReductionWithAnyFunctionType.ts(23,45): error TS7006: Parameter 'v' implicitly has an 'any' type.
 
 
-==== subtypeReductionWithAnyFunctionType.ts (1 errors) ====
+==== subtypeReductionWithAnyFunctionType.ts (2 errors) ====
     // https://github.com/microsoft/typescript-go/issues/849
     
     declare function useMemo<T>(func: () => T): T;
@@ -27,4 +28,6 @@
     }
     function f() {
         const _ = compact([makeFooer(), { foo: (v) => v }]);
+                                                ~
+!!! error TS7006: Parameter 'v' implicitly has an 'any' type.
     }

</message>
<stacktrace>
  at org.junit.Assert.fail(Assert.java:89)
  at kotlin.test.junit.JUnitAsserter.fail(JUnitSupport.kt:56)
  at kotlin.test.AssertionsKt__AssertionsKt.fail(Assertions.kt:563)
  at kotlin.test.AssertionsKt.fail(Unknown Source)
  at com.xemantic.kotlin.test.SameAsKt.sameAs(SameAs.kt:52)
  at com.xemantic.typescript.compiler.TypeScriptTestSupportKt.errorsMatchBaseline(TypeScriptTestSupport.kt:135)
  at com.xemantic.typescript.compiler.TypeScriptCompilerTests_S.subtypeReductionWithAnyFunctionType_ts has expected errors matching subtypeReductionWithAnyFunctionType_errors_txt(TypeScriptCompilerTests_S.kt:3304)
  at java.base/jdk.internal.reflect.DirectMethodHandleAccessor.invoke(DirectMethodHandleAccessor.java:104)
  at java.base/java.lang.reflect.Method.invoke(Method.java:565)
  at org.junit.runners.model.FrameworkMethod$1.runReflectiveCall(FrameworkMethod.java:59)
  at org.junit.internal.runners.model.ReflectiveCallable.run(ReflectiveCallable.java:12)
  at org.junit.runners.model.FrameworkMethod.invokeExplosively(FrameworkMethod.java:56)
  at org.junit.internal.runners.statements.InvokeMethod.evaluate(InvokeMethod.java:17)
  at org.junit.runners.ParentRunner$3.evaluate(ParentRunner.java:306)
  at org.junit.runners.BlockJUnit4ClassRunner$1.evaluate(BlockJUnit4ClassRunner.java:100)
  at org.junit.runners.ParentRunner.runLeaf(ParentRunner.java:366)
  at org.junit.runners.BlockJUnit4ClassRunner.runChild(BlockJUnit4ClassRunner.java:103)
  at org.junit.runners.BlockJUnit4ClassRunner.runChild(BlockJUnit4ClassRunner.java:63)
  at org.junit.runners.ParentRunner$4.run(ParentRunner.java:331)
  at org.junit.runners.ParentRunner$1.schedule(ParentRunner.java:79)
  at org.junit.runners.ParentRunner.runChildren(ParentRunner.java:329)
  at org.junit.runners.ParentRunner.access$100(ParentRunner.java:66)
  at org.junit.runners.ParentRunner$2.evaluate(ParentRunner.java:293)
  at org.junit.runners.ParentRunner$3.evaluate(ParentRunner.java:306)
  at org.junit.runners.ParentRunner.run(ParentRunner.java:413)
  at org.junit.runner.JUnitCore.run(JUnitCore.java:137)
  at org.junit.runner.JUnitCore.run(JUnitCore.java:115)
  at org.gradle.api.internal.tasks.testing.junit.JUnitTestExecutor.runRequest(JUnitTestExecutor.java:175)
  at org.gradle.api.internal.tasks.testing.junit.JUnitTestExecutor.accept(JUnitTestExecutor.java:84)
  at org.gradle.api.internal.tasks.testing.junit.JUnitTestExecutor.accept(JUnitTestExecutor.java:47)
  at org.gradle.api.internal.tasks.testing.junit.AbstractJUnitTestDefinitionProcessor.processTestDefinition(AbstractJUnitTestDefinitionProcessor.java:65)
  at org.gradle.api.internal.tasks.testing.SuiteTestDefinitionProcessor.processTestDefinition(SuiteTestDefinitionProcessor.java:54)
  at java.base/jdk.internal.reflect.DirectMethodHandleAccessor.invoke(DirectMethodHandleAccessor.java:104)
  at java.base/java.lang.reflect.Method.invoke(Method.java:565)
  at org.gradle.internal.dispatch.MethodInvocation.invokeOn(MethodInvocation.java:77)
  at org.gradle.internal.dispatch.ReflectionDispatch.dispatch(ReflectionDispatch.java:28)
  at org.gradle.internal.dispatch.ReflectionDispatch.dispatch(ReflectionDispatch.java:19)
  at org.gradle.internal.dispatch.ContextClassLoaderDispatch.dispatch(ContextClassLoaderDispatch.java:33)
  at org.gradle.internal.dispatch.ProxyDispatchAdapter$DispatchingInvocationHandler.invoke(ProxyDispatchAdapter.java:88)
  at jdk.proxy1/jdk.proxy1.$Proxy4.processTestDefinition(Unknown Source)
  at org.gradle.api.internal.tasks.testing.worker.TestWorker$2.run(TestWorker.java:178)
  at org.gradle.api.internal.tasks.testing.worker.TestWorker.executeAndMaintainThreadName(TestWorker.java:126)
  at org.gradle.api.internal.tasks.testing.worker.TestWorker.execute(TestWorker.java:103)
  at org.gradle.api.internal.tasks.testing.worker.TestWorker.execute(TestWorker.java:63)
  at org.gradle.process.internal.worker.child.ActionExecutionWorker.execute(ActionExecutionWorker.java:56)
  at org.gradle.process.internal.worker.child.SystemApplicationClassLoaderWorker.call(SystemApplicationClassLoaderWorker.java:122)
  at org.gradle.process.internal.worker.child.SystemApplicationClassLoaderWorker.call(SystemApplicationClassLoaderWorker.java:72)
  at worker.org.gradle.process.internal.worker.GradleWorkerMain.run(GradleWorkerMain.java:69)
  at worker.org.gradle.process.internal.worker.GradleWorkerMain.main(GradleWorkerMain.java:74)
</stacktrace>
</test-failure>


TypeScriptCompilerTests_S[jvm] > subtypeReductionWithAnyFunctionType_ts has expected errors matching subtypeReductionWithAnyFunctionType_errors_txt[jvm] FAILED

<test-failure test="com.xemantic.typescript.compiler.TypeScriptCompilerTests_S.simpleRecursionWithBaseCase1_ts has expected errors matching simpleRecursionWithBaseCase1_errors_txt" platform="jvm">
<message>
--- expected
+++ actual
@@ -2,10 +2,9 @@
 simpleRecursionWithBaseCase1.ts(13,20): error TS2554: Expected 1 arguments, but got 0.
 simpleRecursionWithBaseCase1.ts(19,20): error TS2345: Argument of type 'string' is not assignable to parameter of type 'number'.
 simpleRecursionWithBaseCase1.ts(27,16): error TS2304: Cannot find name 'notfoundsymbol'.
-simpleRecursionWithBaseCase1.ts(31,10): error TS7023: 'fn5' implicitly has return type 'any' because it does not have a return type annotation and is referenced directly or indirectly in one of its return expressions.
 
 
-==== simpleRecursionWithBaseCase1.ts (5 errors) ====
+==== simpleRecursionWithBaseCase1.ts (4 errors) ====
     function fn1(n: number) {
         if (n === 0) {
             return 3;
@@ -47,7 +46,5 @@
     }
     
     function fn5() {
-             ~~~
-!!! error TS7023: 'fn5' implicitly has return type 'any' because it does not have a return type annotation and is referenced directly or indirectly in one of its return expressions.
         return [fn5][0]();
     }

</message>
<stacktrace>
  at org.junit.Assert.fail(Assert.java:89)
  at kotlin.test.junit.JUnitAsserter.fail(JUnitSupport.kt:56)
  at kotlin.test.AssertionsKt__AssertionsKt.fail(Assertions.kt:563)
  at kotlin.test.AssertionsKt.fail(Unknown Source)
  at com.xemantic.kotlin.test.SameAsKt.sameAs(SameAs.kt:52)
  at com.xemantic.typescript.compiler.TypeScriptTestSupportKt.errorsMatchBaseline(TypeScriptTestSupport.kt:135)
  at com.xemantic.typescript.compiler.TypeScriptCompilerTests_S.simpleRecursionWithBaseCase1_ts has expected errors matching simpleRecursionWithBaseCase1_errors_txt(TypeScriptCompilerTests_S.kt:847)
  at java.base/jdk.internal.reflect.DirectMethodHandleAccessor.invoke(DirectMethodHandleAccessor.java:104)
  at java.base/java.lang.reflect.Method.invoke(Method.java:565)
  at org.junit.runners.model.FrameworkMethod$1.runReflectiveCall(FrameworkMethod.java:59)
  at org.junit.internal.runners.model.ReflectiveCallable.run(ReflectiveCallable.java:12)
  at org.junit.runners.model.FrameworkMethod.invokeExplosively(FrameworkMethod.java:56)
  at org.junit.internal.runners.statements.InvokeMethod.evaluate(InvokeMethod.java:17)
  at org.junit.runners.ParentRunner$3.evaluate(ParentRunner.java:306)
  at org.junit.runners.BlockJUnit4ClassRunner$1.evaluate(BlockJUnit4ClassRunner.java:100)
  at org.junit.runners.ParentRunner.runLeaf(ParentRunner.java:366)
  at org.junit.runners.BlockJUnit4ClassRunner.runChild(BlockJUnit4ClassRunner.java:103)
  at org.junit.runners.BlockJUnit4ClassRunner.runChild(BlockJUnit4ClassRunner.java:63)
  at org.junit.runners.ParentRunner$4.run(ParentRunner.java:331)
  at org.junit.runners.ParentRunner$1.schedule(ParentRunner.java:79)
  at org.junit.runners.ParentRunner.runChildren(ParentRunner.java:329)
  at org.junit.runners.ParentRunner.access$100(ParentRunner.java:66)
  at org.junit.runners.ParentRunner$2.evaluate(ParentRunner.java:293)
  at org.junit.runners.ParentRunner$3.evaluate(ParentRunner.java:306)
  at org.junit.runners.ParentRunner.run(ParentRunner.java:413)
  at org.junit.runner.JUnitCore.run(JUnitCore.java:137)
  at org.junit.runner.JUnitCore.run(JUnitCore.java:115)
  at org.gradle.api.internal.tasks.testing.junit.JUnitTestExecutor.runRequest(JUnitTestExecutor.java:175)
  at org.gradle.api.internal.tasks.testing.junit.JUnitTestExecutor.accept(JUnitTestExecutor.java:84)
  at org.gradle.api.internal.tasks.testing.junit.JUnitTestExecutor.accept(JUnitTestExecutor.java:47)
  at org.gradle.api.internal.tasks.testing.junit.AbstractJUnitTestDefinitionProcessor.processTestDefinition(AbstractJUnitTestDefinitionProcessor.java:65)
  at org.gradle.api.internal.tasks.testing.SuiteTestDefinitionProcessor.processTestDefinition(SuiteTestDefinitionProcessor.java:54)
  at java.base/jdk.internal.reflect.DirectMethodHandleAccessor.invoke(DirectMethodHandleAccessor.java:104)
  at java.base/java.lang.reflect.Method.invoke(Method.java:565)
  at org.gradle.internal.dispatch.MethodInvocation.invokeOn(MethodInvocation.java:77)
  at org.gradle.internal.dispatch.ReflectionDispatch.dispatch(ReflectionDispatch.java:28)
  at org.gradle.internal.dispatch.ReflectionDispatch.dispatch(ReflectionDispatch.java:19)
  at org.gradle.internal.dispatch.ContextClassLoaderDispatch.dispatch(ContextClassLoaderDispatch.java:33)
  at org.gradle.internal.dispatch.ProxyDispatchAdapter$DispatchingInvocationHandler.invoke(ProxyDispatchAdapter.java:88)
  at jdk.proxy1/jdk.proxy1.$Proxy4.processTestDefinition(Unknown Source)
  at org.gradle.api.internal.tasks.testing.worker.TestWorker$2.run(TestWorker.java:178)
  at org.gradle.api.internal.tasks.testing.worker.TestWorker.executeAndMaintainThreadName(TestWorker.java:126)
  at org.gradle.api.internal.tasks.testing.worker.TestWorker.execute(TestWorker.java:103)
  at org.gradle.api.internal.tasks.testing.worker.TestWorker.execute(TestWorker.java:63)
  at org.gradle.process.internal.worker.child.ActionExecutionWorker.execute(ActionExecutionWorker.java:56)
  at org.gradle.process.internal.worker.child.SystemApplicationClassLoaderWorker.call(SystemApplicationClassLoaderWorker.java:122)
  at org.gradle.process.internal.worker.child.SystemApplicationClassLoaderWorker.call(SystemApplicationClassLoaderWorker.java:72)
  at worker.org.gradle.process.internal.worker.GradleWorkerMain.run(GradleWorkerMain.java:69)
  at worker.org.gradle.process.internal.worker.GradleWorkerMain.main(GradleWorkerMain.java:74)
</stacktrace>
</test-failure>


TypeScriptCompilerTests_S[jvm] > simpleRecursionWithBaseCase1_ts has expected errors matching simpleRecursionWithBaseCase1_errors_txt[jvm] FAILED

<test-failure test="com.xemantic.typescript.compiler.TypeScriptCompilerTests_S.superAccess_ts__target_es2015__has expected errors matching baseline" platform="jvm">
<message>
Expected diagnostics from baseline typescript-repo/tests/baselines/reference/superAccess(target=es2015).errors.txt but none produced
</message>
<stacktrace>
  at com.xemantic.typescript.compiler.TypeScriptTestSupportKt.errorsMatchBaseline(TypeScriptTestSupport.kt:125)
  at com.xemantic.typescript.compiler.TypeScriptCompilerTests_S.superAccess_ts__target_es2015__has expected errors matching baseline(TypeScriptCompilerTests_S.kt:3381)
  at java.base/jdk.internal.reflect.DirectMethodHandleAccessor.invoke(DirectMethodHandleAccessor.java:104)
  at java.base/java.lang.reflect.Method.invoke(Method.java:565)
  at org.junit.runners.model.FrameworkMethod$1.runReflectiveCall(FrameworkMethod.java:59)
  at org.junit.internal.runners.model.ReflectiveCallable.run(ReflectiveCallable.java:12)
  at org.junit.runners.model.FrameworkMethod.invokeExplosively(FrameworkMethod.java:56)
  at org.junit.internal.runners.statements.InvokeMethod.evaluate(InvokeMethod.java:17)
  at org.junit.runners.ParentRunner$3.evaluate(ParentRunner.java:306)
  at org.junit.runners.BlockJUnit4ClassRunner$1.evaluate(BlockJUnit4ClassRunner.java:100)
  at org.junit.runners.ParentRunner.runLeaf(ParentRunner.java:366)
  at org.junit.runners.BlockJUnit4ClassRunner.runChild(BlockJUnit4ClassRunner.java:103)
  at org.junit.runners.BlockJUnit4ClassRunner.runChild(BlockJUnit4ClassRunner.java:63)
  at org.junit.runners.ParentRunner$4.run(ParentRunner.java:331)
  at org.junit.runners.ParentRunner$1.schedule(ParentRunner.java:79)
  at org.junit.runners.ParentRunner.runChildren(ParentRunner.java:329)
  at org.junit.runners.ParentRunner.access$100(ParentRunner.java:66)
  at org.junit.runners.ParentRunner$2.evaluate(ParentRunner.java:293)
  at org.junit.runners.ParentRunner$3.evaluate(ParentRunner.java:306)
  at org.junit.runners.ParentRunner.run(ParentRunner.java:413)
  at org.junit.runner.JUnitCore.run(JUnitCore.java:137)
  at org.junit.runner.JUnitCore.run(JUnitCore.java:115)
  at org.gradle.api.internal.tasks.testing.junit.JUnitTestExecutor.runRequest(JUnitTestExecutor.java:175)
  at org.gradle.api.internal.tasks.testing.junit.JUnitTestExecutor.accept(JUnitTestExecutor.java:84)
  at org.gradle.api.internal.tasks.testing.junit.JUnitTestExecutor.accept(JUnitTestExecutor.java:47)
  at org.gradle.api.internal.tasks.testing.junit.AbstractJUnitTestDefinitionProcessor.processTestDefinition(AbstractJUnitTestDefinitionProcessor.java:65)
  at org.gradle.api.internal.tasks.testing.SuiteTestDefinitionProcessor.processTestDefinition(SuiteTestDefinitionProcessor.java:54)
  at java.base/jdk.internal.reflect.DirectMethodHandleAccessor.invoke(DirectMethodHandleAccessor.java:104)
  at java.base/java.lang.reflect.Method.invoke(Method.java:565)
  at org.gradle.internal.dispatch.MethodInvocation.invokeOn(MethodInvocation.java:77)
  at org.gradle.internal.dispatch.ReflectionDispatch.dispatch(ReflectionDispatch.java:28)
  at org.gradle.internal.dispatch.ReflectionDispatch.dispatch(ReflectionDispatch.java:19)
  at org.gradle.internal.dispatch.ContextClassLoaderDispatch.dispatch(ContextClassLoaderDispatch.java:33)
  at org.gradle.internal.dispatch.ProxyDispatchAdapter$DispatchingInvocationHandler.invoke(ProxyDispatchAdapter.java:88)
  at jdk.proxy1/jdk.proxy1.$Proxy4.processTestDefinition(Unknown Source)
  at org.gradle.api.internal.tasks.testing.worker.TestWorker$2.run(TestWorker.java:178)
  at org.gradle.api.internal.tasks.testing.worker.TestWorker.executeAndMaintainThreadName(TestWorker.java:126)
  at org.gradle.api.internal.tasks.testing.worker.TestWorker.execute(TestWorker.java:103)
  at org.gradle.api.internal.tasks.testing.worker.TestWorker.execute(TestWorker.java:63)
  at org.gradle.process.internal.worker.child.ActionExecutionWorker.execute(ActionExecutionWorker.java:56)
  at org.gradle.process.internal.worker.child.SystemApplicationClassLoaderWorker.call(SystemApplicationClassLoaderWorker.java:122)
  at org.gradle.process.internal.worker.child.SystemApplicationClassLoaderWorker.call(SystemApplicationClassLoaderWorker.java:72)
  at worker.org.gradle.process.internal.worker.GradleWorkerMain.run(GradleWorkerMain.java:69)
  at worker.org.gradle.process.internal.worker.GradleWorkerMain.main(GradleWorkerMain.java:74)
</stacktrace>
</test-failure>


TypeScriptCompilerTests_S[jvm] > superAccess_ts__target_es2015__has expected errors matching baseline[jvm] FAILED

<test-failure test="com.xemantic.typescript.compiler.TypeScriptCompilerTests_S.scopeTests_ts has expected errors matching scopeTests_errors_txt" platform="jvm">
<message>
Expected diagnostics from baseline typescript-repo/tests/baselines/reference/scopeTests.errors.txt but none produced
</message>
<stacktrace>
  at com.xemantic.typescript.compiler.TypeScriptTestSupportKt.errorsMatchBaseline(TypeScriptTestSupport.kt:125)
  at com.xemantic.typescript.compiler.TypeScriptCompilerTests_S.scopeTests_ts has expected errors matching scopeTests_errors_txt(TypeScriptCompilerTests_S.kt:126)
  at java.base/jdk.internal.reflect.DirectMethodHandleAccessor.invoke(DirectMethodHandleAccessor.java:104)
  at java.base/java.lang.reflect.Method.invoke(Method.java:565)
  at org.junit.runners.model.FrameworkMethod$1.runReflectiveCall(FrameworkMethod.java:59)
  at org.junit.internal.runners.model.ReflectiveCallable.run(ReflectiveCallable.java:12)
  at org.junit.runners.model.FrameworkMethod.invokeExplosively(FrameworkMethod.java:56)
  at org.junit.internal.runners.statements.InvokeMethod.evaluate(InvokeMethod.java:17)
  at org.junit.runners.ParentRunner$3.evaluate(ParentRunner.java:306)
  at org.junit.runners.BlockJUnit4ClassRunner$1.evaluate(BlockJUnit4ClassRunner.java:100)
  at org.junit.runners.ParentRunner.runLeaf(ParentRunner.java:366)
  at org.junit.runners.BlockJUnit4ClassRunner.runChild(BlockJUnit4ClassRunner.java:103)
  at org.junit.runners.BlockJUnit4ClassRunner.runChild(BlockJUnit4ClassRunner.java:63)
  at org.junit.runners.ParentRunner$4.run(ParentRunner.java:331)
  at org.junit.runners.ParentRunner$1.schedule(ParentRunner.java:79)
  at org.junit.runners.ParentRunner.runChildren(ParentRunner.java:329)
  at org.junit.runners.ParentRunner.access$100(ParentRunner.java:66)
  at org.junit.runners.ParentRunner$2.evaluate(ParentRunner.java:293)
  at org.junit.runners.ParentRunner$3.evaluate(ParentRunner.java:306)
  at org.junit.runners.ParentRunner.run(ParentRunner.java:413)
  at org.junit.runner.JUnitCore.run(JUnitCore.java:137)
  at org.junit.runner.JUnitCore.run(JUnitCore.java:115)
  at org.gradle.api.internal.tasks.testing.junit.JUnitTestExecutor.runRequest(JUnitTestExecutor.java:175)
  at org.gradle.api.internal.tasks.testing.junit.JUnitTestExecutor.accept(JUnitTestExecutor.java:84)
  at org.gradle.api.internal.tasks.testing.junit.JUnitTestExecutor.accept(JUnitTestExecutor.java:47)
  at org.gradle.api.internal.tasks.testing.junit.AbstractJUnitTestDefinitionProcessor.processTestDefinition(AbstractJUnitTestDefinitionProcessor.java:65)
  at org.gradle.api.internal.tasks.testing.SuiteTestDefinitionProcessor.processTestDefinition(SuiteTestDefinitionProcessor.java:54)
  at java.base/jdk.internal.reflect.DirectMethodHandleAccessor.invoke(DirectMethodHandleAccessor.java:104)
  at java.base/java.lang.reflect.Method.invoke(Method.java:565)
  at org.gradle.internal.dispatch.MethodInvocation.invokeOn(MethodInvocation.java:77)
  at org.gradle.internal.dispatch.ReflectionDispatch.dispatch(ReflectionDispatch.java:28)
  at org.gradle.internal.dispatch.ReflectionDispatch.dispatch(ReflectionDispatch.java:19)
  at org.gradle.internal.dispatch.ContextClassLoaderDispatch.dispatch(ContextClassLoaderDispatch.java:33)
  at org.gradle.internal.dispatch.ProxyDispatchAdapter$DispatchingInvocationHandler.invoke(ProxyDispatchAdapter.java:88)
  at jdk.proxy1/jdk.proxy1.$Proxy4.processTestDefinition(Unknown Source)
  at org.gradle.api.internal.tasks.testing.worker.TestWorker$2.run(TestWorker.java:178)
  at org.gradle.api.internal.tasks.testing.worker.TestWorker.executeAndMaintainThreadName(TestWorker.java:126)
  at org.gradle.api.internal.tasks.testing.worker.TestWorker.execute(TestWorker.java:103)
  at org.gradle.api.internal.tasks.testing.worker.TestWorker.execute(TestWorker.java:63)
  at org.gradle.process.internal.worker.child.ActionExecutionWorker.execute(ActionExecutionWorker.java:56)
  at org.gradle.process.internal.worker.child.SystemApplicationClassLoaderWorker.call(SystemApplicationClassLoaderWorker.java:122)
  at org.gradle.process.internal.worker.child.SystemApplicationClassLoaderWorker.call(SystemApplicationClassLoaderWorker.java:72)
  at worker.org.gradle.process.internal.worker.GradleWorkerMain.run(GradleWorkerMain.java:69)
  at worker.org.gradle.process.internal.worker.GradleWorkerMain.main(GradleWorkerMain.java:74)
</stacktrace>
</test-failure>


TypeScriptCompilerTests_S[jvm] > scopeTests_ts has expected errors matching scopeTests_errors_txt[jvm] FAILED

<test-failure test="com.xemantic.typescript.compiler.TypeScriptCompilerTests_S.staticsInAFunction_ts has expected errors matching staticsInAFunction_errors_txt" platform="jvm">
<message>
--- expected
+++ actual
@@ -1,50 +1,53 @@
+staticsInAFunction.ts(1,10): error TS2391: Function implementation is missing or not immediately following the declaration.
+staticsInAFunction.ts(1,10): error TS7010: 'boo', which lacks return-type annotation, implicitly has an 'any' return type.
 staticsInAFunction.ts(1,13): error TS1005: '(' expected.
-staticsInAFunction.ts(2,4): error TS1128: Declaration or statement expected.
-staticsInAFunction.ts(2,11): error TS2593: Cannot find name 'test'. Do you need to install type definitions for a test runner? Try `npm i --save-dev @types/jest` or `npm i --save-dev @types/mocha` and then add 'jest' or 'mocha' to the types field in your tsconfig.
-staticsInAFunction.ts(3,4): error TS1128: Declaration or statement expected.
-staticsInAFunction.ts(3,11): error TS2593: Cannot find name 'test'. Do you need to install type definitions for a test runner? Try `npm i --save-dev @types/jest` or `npm i --save-dev @types/mocha` and then add 'jest' or 'mocha' to the types field in your tsconfig.
+staticsInAFunction.ts(2,4): error TS1212: Identifier expected. 'static' is a reserved word in strict mode.
+staticsInAFunction.ts(2,11): error TS1005: '}' expected.
+staticsInAFunction.ts(3,4): error TS1212: Identifier expected. 'static' is a reserved word in strict mode.
 staticsInAFunction.ts(3,16): error TS2304: Cannot find name 'name'.
-staticsInAFunction.ts(3,20): error TS1005: ',' expected.
+staticsInAFunction.ts(3,20): error TS1005: ')' expected.
 staticsInAFunction.ts(3,21): error TS2693: 'string' only refers to a type, but is being used as a value here.
-staticsInAFunction.ts(4,4): error TS1128: Declaration or statement expected.
-staticsInAFunction.ts(4,11): error TS2593: Cannot find name 'test'. Do you need to install type definitions for a test runner? Try `npm i --save-dev @types/jest` or `npm i --save-dev @types/mocha` and then add 'jest' or 'mocha' to the types field in your tsconfig.
+staticsInAFunction.ts(3,27): error TS1109: Expression expected.
+staticsInAFunction.ts(4,4): error TS1212: Identifier expected. 'static' is a reserved word in strict mode.
 staticsInAFunction.ts(4,16): error TS2304: Cannot find name 'name'.
 staticsInAFunction.ts(4,21): error TS1109: Expression expected.
 staticsInAFunction.ts(4,22): error TS2693: 'any' only refers to a type, but is being used as a value here.
-staticsInAFunction.ts(4,26): error TS1005: ';' expected.
+staticsInAFunction.ts(5,1): error TS1128: Declaration or statement expected.
 
 
-==== staticsInAFunction.ts (14 errors) ====
+==== staticsInAFunction.ts (15 errors) ====
     function boo{
+             ~~~
+!!! error TS2391: Function implementation is missing or not immediately following the declaration.
+             ~~~
+!!! error TS7010: 'boo', which lacks return-type annotation, implicitly has an 'any' return type.
                 ~
 !!! error TS1005: '(' expected.
        static test()
        ~~~~~~
-!!! error TS1128: Declaration or statement expected.
+!!! error TS1212: Identifier expected. 'static' is a reserved word in strict mode.
               ~~~~
-!!! error TS2593: Cannot find name 'test'. Do you need to install type definitions for a test runner? Try `npm i --save-dev @types/jest` or `npm i --save-dev @types/mocha` and then add 'jest' or 'mocha' to the types field in your tsconfig.
+!!! error TS1005: '}' expected.
        static test(name:string)
        ~~~~~~
-!!! error TS1128: Declaration or statement expected.
-              ~~~~
-!!! error TS2593: Cannot find name 'test'. Do you need to install type definitions for a test runner? Try `npm i --save-dev @types/jest` or `npm i --save-dev @types/mocha` and then add 'jest' or 'mocha' to the types field in your tsconfig.
+!!! error TS1212: Identifier expected. 'static' is a reserved word in strict mode.
                    ~~~~
 !!! error TS2304: Cannot find name 'name'.
                        ~
-!!! error TS1005: ',' expected.
+!!! error TS1005: ')' expected.
                         ~~~~~~
 !!! error TS2693: 'string' only refers to a type, but is being used as a value here.
+                              ~
+!!! error TS1109: Expression expected.
        static test(name?:any){}
        ~~~~~~
-!!! error TS1128: Declaration or statement expected.
-              ~~~~
-!!! error TS2593: Cannot find name 'test'. Do you need to install type definitions for a test runner? Try `npm i --save-dev @types/jest` or `npm i --save-dev @types/mocha` and then add 'jest' or 'mocha' to the types field in your tsconfig.
+!!! error TS1212: Identifier expected. 'static' is a reserved word in strict mode.
                    ~~~~
 !!! error TS2304: Cannot find name 'name'.
                         ~
 !!! error TS1109: Expression expected.
                          ~~~
 !!! error TS2693: 'any' only refers to a type, but is being used as a value here.
-                             ~
-!!! error TS1005: ';' expected.
     }
+    ~
+!!! error TS1128: Declaration or statement expected.

</message>
<stacktrace>
  at org.junit.Assert.fail(Assert.java:89)
  at kotlin.test.junit.JUnitAsserter.fail(JUnitSupport.kt:56)
  at kotlin.test.AssertionsKt__AssertionsKt.fail(Assertions.kt:563)
  at kotlin.test.AssertionsKt.fail(Unknown Source)
  at com.xemantic.kotlin.test.SameAsKt.sameAs(SameAs.kt:52)
  at com.xemantic.typescript.compiler.TypeScriptTestSupportKt.errorsMatchBaseline(TypeScriptTestSupport.kt:135)
  at com.xemantic.typescript.compiler.TypeScriptCompilerTests_S.staticsInAFunction_ts has expected errors matching staticsInAFunction_errors_txt(TypeScriptCompilerTests_S.kt:2737)
  at java.base/jdk.internal.reflect.DirectMethodHandleAccessor.invoke(DirectMethodHandleAccessor.java:104)
  at java.base/java.lang.reflect.Method.invoke(Method.java:565)
  at org.junit.runners.model.FrameworkMethod$1.runReflectiveCall(FrameworkMethod.java:59)
  at org.junit.internal.runners.model.ReflectiveCallable.run(ReflectiveCallable.java:12)
  at org.junit.runners.model.FrameworkMethod.invokeExplosively(FrameworkMethod.java:56)
  at org.junit.internal.runners.statements.InvokeMethod.evaluate(InvokeMethod.java:17)
  at org.junit.runners.ParentRunner$3.evaluate(ParentRunner.java:306)
  at org.junit.runners.BlockJUnit4ClassRunner$1.evaluate(BlockJUnit4ClassRunner.java:100)
  at org.junit.runners.ParentRunner.runLeaf(ParentRunner.java:366)
  at org.junit.runners.BlockJUnit4ClassRunner.runChild(BlockJUnit4ClassRunner.java:103)
  at org.junit.runners.BlockJUnit4ClassRunner.runChild(BlockJUnit4ClassRunner.java:63)
  at org.junit.runners.ParentRunner$4.run(ParentRunner.java:331)
  at org.junit.runners.ParentRunner$1.schedule(ParentRunner.java:79)
  at org.junit.runners.ParentRunner.runChildren(ParentRunner.java:329)
  at org.junit.runners.ParentRunner.access$100(ParentRunner.java:66)
  at org.junit.runners.ParentRunner$2.evaluate(ParentRunner.java:293)
  at org.junit.runners.ParentRunner$3.evaluate(ParentRunner.java:306)
  at org.junit.runners.ParentRunner.run(ParentRunner.java:413)
  at org.junit.runner.JUnitCore.run(JUnitCore.java:137)
  at org.junit.runner.JUnitCore.run(JUnitCore.java:115)
  at org.gradle.api.internal.tasks.testing.junit.JUnitTestExecutor.runRequest(JUnitTestExecutor.java:175)
  at org.gradle.api.internal.tasks.testing.junit.JUnitTestExecutor.accept(JUnitTestExecutor.java:84)
  at org.gradle.api.internal.tasks.testing.junit.JUnitTestExecutor.accept(JUnitTestExecutor.java:47)
  at org.gradle.api.internal.tasks.testing.junit.AbstractJUnitTestDefinitionProcessor.processTestDefinition(AbstractJUnitTestDefinitionProcessor.java:65)
  at org.gradle.api.internal.tasks.testing.SuiteTestDefinitionProcessor.processTestDefinition(SuiteTestDefinitionProcessor.java:54)
  at java.base/jdk.internal.reflect.DirectMethodHandleAccessor.invoke(DirectMethodHandleAccessor.java:104)
  at java.base/java.lang.reflect.Method.invoke(Method.java:565)
  at org.gradle.internal.dispatch.MethodInvocation.invokeOn(MethodInvocation.java:77)
  at org.gradle.internal.dispatch.ReflectionDispatch.dispatch(ReflectionDispatch.java:28)
  at org.gradle.internal.dispatch.ReflectionDispatch.dispatch(ReflectionDispatch.java:19)
  at org.gradle.internal.dispatch.ContextClassLoaderDispatch.dispatch(ContextClassLoaderDispatch.java:33)
  at org.gradle.internal.dispatch.ProxyDispatchAdapter$DispatchingInvocationHandler.invoke(ProxyDispatchAdapter.java:88)
  at jdk.proxy1/jdk.proxy1.$Proxy4.processTestDefinition(Unknown Source)
  at org.gradle.api.internal.tasks.testing.worker.TestWorker$2.run(TestWorker.java:178)
  at org.gradle.api.internal.tasks.testing.worker.TestWorker.executeAndMaintainThreadName(TestWorker.java:126)
  at org.gradle.api.internal.tasks.testing.worker.TestWorker.execute(TestWorker.java:103)
  at org.gradle.api.internal.tasks.testing.worker.TestWorker.execute(TestWorker.java:63)
  at org.gradle.process.internal.worker.child.ActionExecutionWorker.execute(ActionExecutionWorker.java:56)
  at org.gradle.process.internal.worker.child.SystemApplicationClassLoaderWorker.call(SystemApplicationClassLoaderWorker.java:122)
  at org.gradle.process.internal.worker.child.SystemApplicationClassLoaderWorker.call(SystemApplicationClassLoaderWorker.java:72)
  at worker.org.gradle.process.internal.worker.GradleWorkerMain.run(GradleWorkerMain.java:69)
  at worker.org.gradle.process.internal.worker.GradleWorkerMain.main(GradleWorkerMain.java:74)
</stacktrace>
</test-failure>


TypeScriptCompilerTests_S[jvm] > staticsInAFunction_ts has expected errors matching staticsInAFunction_errors_txt[jvm] FAILED

<test-failure test="com.xemantic.typescript.compiler.TypeScriptCompilerTests_S.switchCasesExpressionTypeMismatch_ts has expected errors matching switchCasesExpressionTypeMismatch_errors_txt" platform="jvm">
<message>
Expected diagnostics from baseline typescript-repo/tests/baselines/reference/switchCasesExpressionTypeMismatch.errors.txt but none produced
</message>
<stacktrace>
  at com.xemantic.typescript.compiler.TypeScriptTestSupportKt.errorsMatchBaseline(TypeScriptTestSupport.kt:125)
  at com.xemantic.typescript.compiler.TypeScriptCompilerTests_S.switchCasesExpressionTypeMismatch_ts has expected errors matching switchCasesExpressionTypeMismatch_errors_txt(TypeScriptCompilerTests_S.kt:4032)
  at java.base/jdk.internal.reflect.DirectMethodHandleAccessor.invoke(DirectMethodHandleAccessor.java:104)
  at java.base/java.lang.reflect.Method.invoke(Method.java:565)
  at org.junit.runners.model.FrameworkMethod$1.runReflectiveCall(FrameworkMethod.java:59)
  at org.junit.internal.runners.model.ReflectiveCallable.run(ReflectiveCallable.java:12)
  at org.junit.runners.model.FrameworkMethod.invokeExplosively(FrameworkMethod.java:56)
  at org.junit.internal.runners.statements.InvokeMethod.evaluate(InvokeMethod.java:17)
  at org.junit.runners.ParentRunner$3.evaluate(ParentRunner.java:306)
  at org.junit.runners.BlockJUnit4ClassRunner$1.evaluate(BlockJUnit4ClassRunner.java:100)
  at org.junit.runners.ParentRunner.runLeaf(ParentRunner.java:366)
  at org.junit.runners.BlockJUnit4ClassRunner.runChild(BlockJUnit4ClassRunner.java:103)
  at org.junit.runners.BlockJUnit4ClassRunner.runChild(BlockJUnit4ClassRunner.java:63)
  at org.junit.runners.ParentRunner$4.run(ParentRunner.java:331)
  at org.junit.runners.ParentRunner$1.schedule(ParentRunner.java:79)
  at org.junit.runners.ParentRunner.runChildren(ParentRunner.java:329)
  at org.junit.runners.ParentRunner.access$100(ParentRunner.java:66)
  at org.junit.runners.ParentRunner$2.evaluate(ParentRunner.java:293)
  at org.junit.runners.ParentRunner$3.evaluate(ParentRunner.java:306)
  at org.junit.runners.ParentRunner.run(ParentRunner.java:413)
  at org.junit.runner.JUnitCore.run(JUnitCore.java:137)
  at org.junit.runner.JUnitCore.run(JUnitCore.java:115)
  at org.gradle.api.internal.tasks.testing.junit.JUnitTestExecutor.runRequest(JUnitTestExecutor.java:175)
  at org.gradle.api.internal.tasks.testing.junit.JUnitTestExecutor.accept(JUnitTestExecutor.java:84)
  at org.gradle.api.internal.tasks.testing.junit.JUnitTestExecutor.accept(JUnitTestExecutor.java:47)
  at org.gradle.api.internal.tasks.testing.junit.AbstractJUnitTestDefinitionProcessor.processTestDefinition(AbstractJUnitTestDefinitionProcessor.java:65)
  at org.gradle.api.internal.tasks.testing.SuiteTestDefinitionProcessor.processTestDefinition(SuiteTestDefinitionProcessor.java:54)
  at java.base/jdk.internal.reflect.DirectMethodHandleAccessor.invoke(DirectMethodHandleAccessor.java:104)
  at java.base/java.lang.reflect.Method.invoke(Method.java:565)
  at org.gradle.internal.dispatch.MethodInvocation.invokeOn(MethodInvocation.java:77)
  at org.gradle.internal.dispatch.ReflectionDispatch.dispatch(ReflectionDispatch.java:28)
  at org.gradle.internal.dispatch.ReflectionDispatch.dispatch(ReflectionDispatch.java:19)
  at org.gradle.internal.dispatch.ContextClassLoaderDispatch.dispatch(ContextClassLoaderDispatch.java:33)
  at org.gradle.internal.dispatch.ProxyDispatchAdapter$DispatchingInvocationHandler.invoke(ProxyDispatchAdapter.java:88)
  at jdk.proxy1/jdk.proxy1.$Proxy4.processTestDefinition(Unknown Source)
  at org.gradle.api.internal.tasks.testing.worker.TestWorker$2.run(TestWorker.java:178)
  at org.gradle.api.internal.tasks.testing.worker.TestWorker.executeAndMaintainThreadName(TestWorker.java:126)
  at org.gradle.api.internal.tasks.testing.worker.TestWorker.execute(TestWorker.java:103)
  at org.gradle.api.internal.tasks.testing.worker.TestWorker.execute(TestWorker.java:63)
  at org.gradle.process.internal.worker.child.ActionExecutionWorker.execute(ActionExecutionWorker.java:56)
  at org.gradle.process.internal.worker.child.SystemApplicationClassLoaderWorker.call(SystemApplicationClassLoaderWorker.java:122)
  at org.gradle.process.internal.worker.child.SystemApplicationClassLoaderWorker.call(SystemApplicationClassLoaderWorker.java:72)
  at worker.org.gradle.process.internal.worker.GradleWorkerMain.run(GradleWorkerMain.java:69)
  at worker.org.gradle.process.internal.worker.GradleWorkerMain.main(GradleWorkerMain.java:74)
</stacktrace>
</test-failure>


TypeScriptCompilerTests_S[jvm] > switchCasesExpressionTypeMismatch_ts has expected errors matching switchCasesExpressionTypeMismatch_errors_txt[jvm] FAILED

<test-failure test="com.xemantic.typescript.compiler.TypeScriptCompilerTests_S.selfReferencesInFunctionParameters_ts has expected errors matching selfReferencesInFunctionParameters_errors_txt" platform="jvm">
<message>
Expected diagnostics from baseline typescript-repo/tests/baselines/reference/selfReferencesInFunctionParameters.errors.txt but none produced
</message>
<stacktrace>
  at com.xemantic.typescript.compiler.TypeScriptTestSupportKt.errorsMatchBaseline(TypeScriptTestSupport.kt:125)
  at com.xemantic.typescript.compiler.TypeScriptCompilerTests_S.selfReferencesInFunctionParameters_ts has expected errors matching selfReferencesInFunctionParameters_errors_txt(TypeScriptCompilerTests_S.kt:196)
  at java.base/jdk.internal.reflect.DirectMethodHandleAccessor.invoke(DirectMethodHandleAccessor.java:104)
  at java.base/java.lang.reflect.Method.invoke(Method.java:565)
  at org.junit.runners.model.FrameworkMethod$1.runReflectiveCall(FrameworkMethod.java:59)
  at org.junit.internal.runners.model.ReflectiveCallable.run(ReflectiveCallable.java:12)
  at org.junit.runners.model.FrameworkMethod.invokeExplosively(FrameworkMethod.java:56)
  at org.junit.internal.runners.statements.InvokeMethod.evaluate(InvokeMethod.java:17)
  at org.junit.runners.ParentRunner$3.evaluate(ParentRunner.java:306)
  at org.junit.runners.BlockJUnit4ClassRunner$1.evaluate(BlockJUnit4ClassRunner.java:100)
  at org.junit.runners.ParentRunner.runLeaf(ParentRunner.java:366)
  at org.junit.runners.BlockJUnit4ClassRunner.runChild(BlockJUnit4ClassRunner.java:103)
  at org.junit.runners.BlockJUnit4ClassRunner.runChild(BlockJUnit4ClassRunner.java:63)
  at org.junit.runners.ParentRunner$4.run(ParentRunner.java:331)
  at org.junit.runners.ParentRunner$1.schedule(ParentRunner.java:79)
  at org.junit.runners.ParentRunner.runChildren(ParentRunner.java:329)
  at org.junit.runners.ParentRunner.access$100(ParentRunner.java:66)
  at org.junit.runners.ParentRunner$2.evaluate(ParentRunner.java:293)
  at org.junit.runners.ParentRunner$3.evaluate(ParentRunner.java:306)
  at org.junit.runners.ParentRunner.run(ParentRunner.java:413)
  at org.junit.runner.JUnitCore.run(JUnitCore.java:137)
  at org.junit.runner.JUnitCore.run(JUnitCore.java:115)
  at org.gradle.api.internal.tasks.testing.junit.JUnitTestExecutor.runRequest(JUnitTestExecutor.java:175)
  at org.gradle.api.internal.tasks.testing.junit.JUnitTestExecutor.accept(JUnitTestExecutor.java:84)
  at org.gradle.api.internal.tasks.testing.junit.JUnitTestExecutor.accept(JUnitTestExecutor.java:47)
  at org.gradle.api.internal.tasks.testing.junit.AbstractJUnitTestDefinitionProcessor.processTestDefinition(AbstractJUnitTestDefinitionProcessor.java:65)
  at org.gradle.api.internal.tasks.testing.SuiteTestDefinitionProcessor.processTestDefinition(SuiteTestDefinitionProcessor.java:54)
  at java.base/jdk.internal.reflect.DirectMethodHandleAccessor.invoke(DirectMethodHandleAccessor.java:104)
  at java.base/java.lang.reflect.Method.invoke(Method.java:565)
  at org.gradle.internal.dispatch.MethodInvocation.invokeOn(MethodInvocation.java:77)
  at org.gradle.internal.dispatch.ReflectionDispatch.dispatch(ReflectionDispatch.java:28)
  at org.gradle.internal.dispatch.ReflectionDispatch.dispatch(ReflectionDispatch.java:19)
  at org.gradle.internal.dispatch.ContextClassLoaderDispatch.dispatch(ContextClassLoaderDispatch.java:33)
  at org.gradle.internal.dispatch.ProxyDispatchAdapter$DispatchingInvocationHandler.invoke(ProxyDispatchAdapter.java:88)
  at jdk.proxy1/jdk.proxy1.$Proxy4.processTestDefinition(Unknown Source)
  at org.gradle.api.internal.tasks.testing.worker.TestWorker$2.run(TestWorker.java:178)
  at org.gradle.api.internal.tasks.testing.worker.TestWorker.executeAndMaintainThreadName(TestWorker.java:126)
  at org.gradle.api.internal.tasks.testing.worker.TestWorker.execute(TestWorker.java:103)
  at org.gradle.api.internal.tasks.testing.worker.TestWorker.execute(TestWorker.java:63)
  at org.gradle.process.internal.worker.child.ActionExecutionWorker.execute(ActionExecutionWorker.java:56)
  at org.gradle.process.internal.worker.child.SystemApplicationClassLoaderWorker.call(SystemApplicationClassLoaderWorker.java:122)
  at org.gradle.process.internal.worker.child.SystemApplicationClassLoaderWorker.call(SystemApplicationClassLoaderWorker.java:72)
  at worker.org.gradle.process.internal.worker.GradleWorkerMain.run(GradleWorkerMain.java:69)
  at worker.org.gradle.process.internal.worker.GradleWorkerMain.main(GradleWorkerMain.java:74)
</stacktrace>
</test-failure>


TypeScriptCompilerTests_S[jvm] > selfReferencesInFunctionParameters_ts has expected errors matching selfReferencesInFunctionParameters_errors_txt[jvm] FAILED

<test-failure test="com.xemantic.typescript.compiler.TypeScriptCompilerTests_S.superAccess2_ts compiles to JavaScript matching superAccess2_js" platform="jvm">
<message>
--- expected
+++ actual
@@ -28,12 +28,11 @@
 
 //// [superAccess2.js]
 "use strict";
-var _a, _b;
 class P {
     x() { }
     static y() { }
 }
-class Q extends (_b = P) {
+class Q extends P {
     // Super is not allowed in constructor args
     constructor(z = super., zz = super., zzz = () => super.) {
         super();
@@ -49,5 +48,4 @@
         super.y();
     }
 }
-_a = Q;
-Q.yy = Reflect.get(_b, "", _a); // error for static initializer accessing super
+Q.yy = super.; // error for static initializer accessing super

</message>
<stacktrace>
  at org.junit.Assert.fail(Assert.java:89)
  at kotlin.test.junit.JUnitAsserter.fail(JUnitSupport.kt:56)
  at kotlin.test.AssertionsKt__AssertionsKt.fail(Assertions.kt:563)
  at kotlin.test.AssertionsKt.fail(Unknown Source)
  at com.xemantic.kotlin.test.SameAsKt.sameAs(SameAs.kt:52)
  at com.xemantic.typescript.compiler.TypeScriptTestSupportKt.sameAs(TypeScriptTestSupport.kt:99)
  at com.xemantic.typescript.compiler.TypeScriptCompilerTests_S.superAccess2_ts compiles to JavaScript matching superAccess2_js(TypeScriptCompilerTests_S.kt:3388)
  at java.base/jdk.internal.reflect.DirectMethodHandleAccessor.invoke(DirectMethodHandleAccessor.java:104)
  at java.base/java.lang.reflect.Method.invoke(Method.java:565)
  at org.junit.runners.model.FrameworkMethod$1.runReflectiveCall(FrameworkMethod.java:59)
  at org.junit.internal.runners.model.ReflectiveCallable.run(ReflectiveCallable.java:12)
  at org.junit.runners.model.FrameworkMethod.invokeExplosively(FrameworkMethod.java:56)
  at org.junit.internal.runners.statements.InvokeMethod.evaluate(InvokeMethod.java:17)
  at org.junit.runners.ParentRunner$3.evaluate(ParentRunner.java:306)
  at org.junit.runners.BlockJUnit4ClassRunner$1.evaluate(BlockJUnit4ClassRunner.java:100)
  at org.junit.runners.ParentRunner.runLeaf(ParentRunner.java:366)
  at org.junit.runners.BlockJUnit4ClassRunner.runChild(BlockJUnit4ClassRunner.java:103)
  at org.junit.runners.BlockJUnit4ClassRunner.runChild(BlockJUnit4ClassRunner.java:63)
  at org.junit.runners.ParentRunner$4.run(ParentRunner.java:331)
  at org.junit.runners.ParentRunner$1.schedule(ParentRunner.java:79)
  at org.junit.runners.ParentRunner.runChildren(ParentRunner.java:329)
  at org.junit.runners.ParentRunner.access$100(ParentRunner.java:66)
  at org.junit.runners.ParentRunner$2.evaluate(ParentRunner.java:293)
  at org.junit.runners.ParentRunner$3.evaluate(ParentRunner.java:306)
  at org.junit.runners.ParentRunner.run(ParentRunner.java:413)
  at org.junit.runner.JUnitCore.run(JUnitCore.java:137)
  at org.junit.runner.JUnitCore.run(JUnitCore.java:115)
  at org.gradle.api.internal.tasks.testing.junit.JUnitTestExecutor.runRequest(JUnitTestExecutor.java:175)
  at org.gradle.api.internal.tasks.testing.junit.JUnitTestExecutor.accept(JUnitTestExecutor.java:84)
  at org.gradle.api.internal.tasks.testing.junit.JUnitTestExecutor.accept(JUnitTestExecutor.java:47)
  at org.gradle.api.internal.tasks.testing.junit.AbstractJUnitTestDefinitionProcessor.processTestDefinition(AbstractJUnitTestDefinitionProcessor.java:65)
  at org.gradle.api.internal.tasks.testing.SuiteTestDefinitionProcessor.processTestDefinition(SuiteTestDefinitionProcessor.java:54)
  at java.base/jdk.internal.reflect.DirectMethodHandleAccessor.invoke(DirectMethodHandleAccessor.java:104)
  at java.base/java.lang.reflect.Method.invoke(Method.java:565)
  at org.gradle.internal.dispatch.MethodInvocation.invokeOn(MethodInvocation.java:77)
  at org.gradle.internal.dispatch.ReflectionDispatch.dispatch(ReflectionDispatch.java:28)
  at org.gradle.internal.dispatch.ReflectionDispatch.dispatch(ReflectionDispatch.java:19)
  at org.gradle.internal.dispatch.ContextClassLoaderDispatch.dispatch(ContextClassLoaderDispatch.java:33)
  at org.gradle.internal.dispatch.ProxyDispatchAdapter$DispatchingInvocationHandler.invoke(ProxyDispatchAdapter.java:88)
  at jdk.proxy1/jdk.proxy1.$Proxy4.processTestDefinition(Unknown Source)
  at org.gradle.api.internal.tasks.testing.worker.TestWorker$2.run(TestWorker.java:178)
  at org.gradle.api.internal.tasks.testing.worker.TestWorker.executeAndMaintainThreadName(TestWorker.java:126)
  at org.gradle.api.internal.tasks.testing.worker.TestWorker.execute(TestWorker.java:103)
  at org.gradle.api.internal.tasks.testing.worker.TestWorker.execute(TestWorker.java:63)
  at org.gradle.process.internal.worker.child.ActionExecutionWorker.execute(ActionExecutionWorker.java:56)
  at org.gradle.process.internal.worker.child.SystemApplicationClassLoaderWorker.call(SystemApplicationClassLoaderWorker.java:122)
  at org.gradle.process.internal.worker.child.SystemApplicationClassLoaderWorker.call(SystemApplicationClassLoaderWorker.java:72)
  at worker.org.gradle.process.internal.worker.GradleWorkerMain.run(GradleWorkerMain.java:69)
  at worker.org.gradle.process.internal.worker.GradleWorkerMain.main(GradleWorkerMain.java:74)
</stacktrace>
</test-failure>


TypeScriptCompilerTests_S[jvm] > superAccess2_ts compiles to JavaScript matching superAccess2_js[jvm] FAILED

<test-failure test="com.xemantic.typescript.compiler.TypeScriptCompilerTests_S.superNewCall1_ts has expected errors matching superNewCall1_errors_txt" platform="jvm">
<message>
--- expected
+++ actual
@@ -1,10 +1,7 @@
 superNewCall1.ts(8,5): error TS2377: Constructors for derived classes must contain a 'super' call.
-superNewCall1.ts(9,13): error TS2351: This expression is not constructable.
-  Type 'A<number, string>' has no construct signatures.
-superNewCall1.ts(9,13): error TS17011: 'super' must be called before accessing a property of 'super' in the constructor of a derived class.
 
 
-==== superNewCall1.ts (3 errors) ====
+==== superNewCall1.ts (1 errors) ====
     class A<T1, T2> {
         constructor(private map: (value: T1) => T2) {
     
@@ -16,10 +13,5 @@
         ~~~~~~~~~~~
 !!! error TS2377: Constructors for derived classes must contain a 'super' call.
             new super(value => String(value));
-                ~~~~~
-!!! error TS2351: This expression is not constructable.
-!!! error TS2351:   Type 'A<number, string>' has no construct signatures.
-                ~~~~~
-!!! error TS17011: 'super' must be called before accessing a property of 'super' in the constructor of a derived class.
         }
     }

</message>
<stacktrace>
  at org.junit.Assert.fail(Assert.java:89)
  at kotlin.test.junit.JUnitAsserter.fail(JUnitSupport.kt:56)
  at kotlin.test.AssertionsKt__AssertionsKt.fail(Assertions.kt:563)
  at kotlin.test.AssertionsKt.fail(Unknown Source)
  at com.xemantic.kotlin.test.SameAsKt.sameAs(SameAs.kt:52)
  at com.xemantic.typescript.compiler.TypeScriptTestSupportKt.errorsMatchBaseline(TypeScriptTestSupport.kt:135)
  at com.xemantic.typescript.compiler.TypeScriptCompilerTests_S.superNewCall1_ts has expected errors matching superNewCall1_errors_txt(TypeScriptCompilerTests_S.kt:3738)
  at java.base/jdk.internal.reflect.DirectMethodHandleAccessor.invoke(DirectMethodHandleAccessor.java:104)
  at java.base/java.lang.reflect.Method.invoke(Method.java:565)
  at org.junit.runners.model.FrameworkMethod$1.runReflectiveCall(FrameworkMethod.java:59)
  at org.junit.internal.runners.model.ReflectiveCallable.run(ReflectiveCallable.java:12)
  at org.junit.runners.model.FrameworkMethod.invokeExplosively(FrameworkMethod.java:56)
  at org.junit.internal.runners.statements.InvokeMethod.evaluate(InvokeMethod.java:17)
  at org.junit.runners.ParentRunner$3.evaluate(ParentRunner.java:306)
  at org.junit.runners.BlockJUnit4ClassRunner$1.evaluate(BlockJUnit4ClassRunner.java:100)
  at org.junit.runners.ParentRunner.runLeaf(ParentRunner.java:366)
  at org.junit.runners.BlockJUnit4ClassRunner.runChild(BlockJUnit4ClassRunner.java:103)
  at org.junit.runners.BlockJUnit4ClassRunner.runChild(BlockJUnit4ClassRunner.java:63)
  at org.junit.runners.ParentRunner$4.run(ParentRunner.java:331)
  at org.junit.runners.ParentRunner$1.schedule(ParentRunner.java:79)
  at org.junit.runners.ParentRunner.runChildren(ParentRunner.java:329)
  at org.junit.runners.ParentRunner.access$100(ParentRunner.java:66)
  at org.junit.runners.ParentRunner$2.evaluate(ParentRunner.java:293)
  at org.junit.runners.ParentRunner$3.evaluate(ParentRunner.java:306)
  at org.junit.runners.ParentRunner.run(ParentRunner.java:413)
  at org.junit.runner.JUnitCore.run(JUnitCore.java:137)
  at org.junit.runner.JUnitCore.run(JUnitCore.java:115)
  at org.gradle.api.internal.tasks.testing.junit.JUnitTestExecutor.runRequest(JUnitTestExecutor.java:175)
  at org.gradle.api.internal.tasks.testing.junit.JUnitTestExecutor.accept(JUnitTestExecutor.java:84)
  at org.gradle.api.internal.tasks.testing.junit.JUnitTestExecutor.accept(JUnitTestExecutor.java:47)
  at org.gradle.api.internal.tasks.testing.junit.AbstractJUnitTestDefinitionProcessor.processTestDefinition(AbstractJUnitTestDefinitionProcessor.java:65)
  at org.gradle.api.internal.tasks.testing.SuiteTestDefinitionProcessor.processTestDefinition(SuiteTestDefinitionProcessor.java:54)
  at java.base/jdk.internal.reflect.DirectMethodHandleAccessor.invoke(DirectMethodHandleAccessor.java:104)
  at java.base/java.lang.reflect.Method.invoke(Method.java:565)
  at org.gradle.internal.dispatch.MethodInvocation.invokeOn(MethodInvocation.java:77)
  at org.gradle.internal.dispatch.ReflectionDispatch.dispatch(ReflectionDispatch.java:28)
  at org.gradle.internal.dispatch.ReflectionDispatch.dispatch(ReflectionDispatch.java:19)
  at org.gradle.internal.dispatch.ContextClassLoaderDispatch.dispatch(ContextClassLoaderDispatch.java:33)
  at org.gradle.internal.dispatch.ProxyDispatchAdapter$DispatchingInvocationHandler.invoke(ProxyDispatchAdapter.java:88)
  at jdk.proxy1/jdk.proxy1.$Proxy4.processTestDefinition(Unknown Source)
  at org.gradle.api.internal.tasks.testing.worker.TestWorker$2.run(TestWorker.java:178)
  at org.gradle.api.internal.tasks.testing.worker.TestWorker.executeAndMaintainThreadName(TestWorker.java:126)
  at org.gradle.api.internal.tasks.testing.worker.TestWorker.execute(TestWorker.java:103)
  at org.gradle.api.internal.tasks.testing.worker.TestWorker.execute(TestWorker.java:63)
  at org.gradle.process.internal.worker.child.ActionExecutionWorker.execute(ActionExecutionWorker.java:56)
  at org.gradle.process.internal.worker.child.SystemApplicationClassLoaderWorker.call(SystemApplicationClassLoaderWorker.java:122)
  at org.gradle.process.internal.worker.child.SystemApplicationClassLoaderWorker.call(SystemApplicationClassLoaderWorker.java:72)
  at worker.org.gradle.process.internal.worker.GradleWorkerMain.run(GradleWorkerMain.java:69)
  at worker.org.gradle.process.internal.worker.GradleWorkerMain.main(GradleWorkerMain.java:74)
</stacktrace>
</test-failure>


TypeScriptCompilerTests_S[jvm] > superNewCall1_ts has expected errors matching superNewCall1_errors_txt[jvm] FAILED

<test-failure test="com.xemantic.typescript.compiler.TypeScriptCompilerTests_S.super1_ts has expected errors matching super1_errors_txt" platform="jvm">
<message>
--- expected
+++ actual
@@ -1,10 +1,7 @@
-super1.ts(16,22): error TS2339: Property 'super' does not exist on type 'Sub1'.
-super1.ts(29,22): error TS2339: Property 'prototype' does not exist on type 'Base2'.
-super1.ts(42,22): error TS2339: Property 'bar' does not exist on type 'Base3'.
 super1.ts(62,20): error TS2335: 'super' can only be referenced in a derived class.
 
 
-==== super1.ts (4 errors) ====
+==== super1.ts (1 errors) ====
     // Case 1
     class Base1 {
         public foo() {
@@ -21,8 +18,6 @@
     class SubSub1 extends Sub1 {
         public bar() {
             return super.super.foo;
-                         ~~~~~
-!!! error TS2339: Property 'super' does not exist on type 'Sub1'.
         }
     }
     
@@ -36,8 +31,6 @@
     class SubE2 extends Base2 {
         public bar() {
             return super.prototype.foo = null;
-                         ~~~~~~~~~
-!!! error TS2339: Property 'prototype' does not exist on type 'Base2'.
         }
     }
     
@@ -51,8 +44,6 @@
     class SubE3 extends Base3 {
         public bar() {
             return super.bar();
-                         ~~~
-!!! error TS2339: Property 'bar' does not exist on type 'Base3'.
         }
     }
     

</message>
<stacktrace>
  at org.junit.Assert.fail(Assert.java:89)
  at kotlin.test.junit.JUnitAsserter.fail(JUnitSupport.kt:56)
  at kotlin.test.AssertionsKt__AssertionsKt.fail(Assertions.kt:563)
  at kotlin.test.AssertionsKt.fail(Unknown Source)
  at com.xemantic.kotlin.test.SameAsKt.sameAs(SameAs.kt:52)
  at com.xemantic.typescript.compiler.TypeScriptTestSupportKt.errorsMatchBaseline(TypeScriptTestSupport.kt:135)
  at com.xemantic.typescript.compiler.TypeScriptCompilerTests_S.super1_ts has expected errors matching super1_errors_txt(TypeScriptCompilerTests_S.kt:3353)
  at java.base/jdk.internal.reflect.DirectMethodHandleAccessor.invoke(DirectMethodHandleAccessor.java:104)
  at java.base/java.lang.reflect.Method.invoke(Method.java:565)
  at org.junit.runners.model.FrameworkMethod$1.runReflectiveCall(FrameworkMethod.java:59)
  at org.junit.internal.runners.model.ReflectiveCallable.run(ReflectiveCallable.java:12)
  at org.junit.runners.model.FrameworkMethod.invokeExplosively(FrameworkMethod.java:56)
  at org.junit.internal.runners.statements.InvokeMethod.evaluate(InvokeMethod.java:17)
  at org.junit.runners.ParentRunner$3.evaluate(ParentRunner.java:306)
  at org.junit.runners.BlockJUnit4ClassRunner$1.evaluate(BlockJUnit4ClassRunner.java:100)
  at org.junit.runners.ParentRunner.runLeaf(ParentRunner.java:366)
  at org.junit.runners.BlockJUnit4ClassRunner.runChild(BlockJUnit4ClassRunner.java:103)
  at org.junit.runners.BlockJUnit4ClassRunner.runChild(BlockJUnit4ClassRunner.java:63)
  at org.junit.runners.ParentRunner$4.run(ParentRunner.java:331)
  at org.junit.runners.ParentRunner$1.schedule(ParentRunner.java:79)
  at org.junit.runners.ParentRunner.runChildren(ParentRunner.java:329)
  at org.junit.runners.ParentRunner.access$100(ParentRunner.java:66)
  at org.junit.runners.ParentRunner$2.evaluate(ParentRunner.java:293)
  at org.junit.runners.ParentRunner$3.evaluate(ParentRunner.java:306)
  at org.junit.runners.ParentRunner.run(ParentRunner.java:413)
  at org.junit.runner.JUnitCore.run(JUnitCore.java:137)
  at org.junit.runner.JUnitCore.run(JUnitCore.java:115)
  at org.gradle.api.internal.tasks.testing.junit.JUnitTestExecutor.runRequest(JUnitTestExecutor.java:175)
  at org.gradle.api.internal.tasks.testing.junit.JUnitTestExecutor.accept(JUnitTestExecutor.java:84)
  at org.gradle.api.internal.tasks.testing.junit.JUnitTestExecutor.accept(JUnitTestExecutor.java:47)
  at org.gradle.api.internal.tasks.testing.junit.AbstractJUnitTestDefinitionProcessor.processTestDefinition(AbstractJUnitTestDefinitionProcessor.java:65)
  at org.gradle.api.internal.tasks.testing.SuiteTestDefinitionProcessor.processTestDefinition(SuiteTestDefinitionProcessor.java:54)
  at java.base/jdk.internal.reflect.DirectMethodHandleAccessor.invoke(DirectMethodHandleAccessor.java:104)
  at java.base/java.lang.reflect.Method.invoke(Method.java:565)
  at org.gradle.internal.dispatch.MethodInvocation.invokeOn(MethodInvocation.java:77)
  at org.gradle.internal.dispatch.ReflectionDispatch.dispatch(ReflectionDispatch.java:28)
  at org.gradle.internal.dispatch.ReflectionDispatch.dispatch(ReflectionDispatch.java:19)
  at org.gradle.internal.dispatch.ContextClassLoaderDispatch.dispatch(ContextClassLoaderDispatch.java:33)
  at org.gradle.internal.dispatch.ProxyDispatchAdapter$DispatchingInvocationHandler.invoke(ProxyDispatchAdapter.java:88)
  at jdk.proxy1/jdk.proxy1.$Proxy4.processTestDefinition(Unknown Source)
  at org.gradle.api.internal.tasks.testing.worker.TestWorker$2.run(TestWorker.java:178)
  at org.gradle.api.internal.tasks.testing.worker.TestWorker.executeAndMaintainThreadName(TestWorker.java:126)
  at org.gradle.api.internal.tasks.testing.worker.TestWorker.execute(TestWorker.java:103)
  at org.gradle.api.internal.tasks.testing.worker.TestWorker.execute(TestWorker.java:63)
  at org.gradle.process.internal.worker.child.ActionExecutionWorker.execute(ActionExecutionWorker.java:56)
  at org.gradle.process.internal.worker.child.SystemApplicationClassLoaderWorker.call(SystemApplicationClassLoaderWorker.java:122)
  at org.gradle.process.internal.worker.child.SystemApplicationClassLoaderWorker.call(SystemApplicationClassLoaderWorker.java:72)
  at worker.org.gradle.process.internal.worker.GradleWorkerMain.run(GradleWorkerMain.java:69)
  at worker.org.gradle.process.internal.worker.GradleWorkerMain.main(GradleWorkerMain.java:74)
</stacktrace>
</test-failure>


TypeScriptCompilerTests_S[jvm] > super1_ts has expected errors matching super1_errors_txt[jvm] FAILED

<test-failure test="com.xemantic.typescript.compiler.TypeScriptCompilerTests_S.spellingSuggestionGlobal4_ts has expected errors matching spellingSuggestionGlobal4_errors_txt" platform="jvm">
<message>
Expected diagnostics from baseline typescript-repo/tests/baselines/reference/spellingSuggestionGlobal4.errors.txt but none produced
</message>
<stacktrace>
  at com.xemantic.typescript.compiler.TypeScriptTestSupportKt.errorsMatchBaseline(TypeScriptTestSupport.kt:125)
  at com.xemantic.typescript.compiler.TypeScriptCompilerTests_S.spellingSuggestionGlobal4_ts has expected errors matching spellingSuggestionGlobal4_errors_txt(TypeScriptCompilerTests_S.kt:2100)
  at java.base/jdk.internal.reflect.DirectMethodHandleAccessor.invoke(DirectMethodHandleAccessor.java:104)
  at java.base/java.lang.reflect.Method.invoke(Method.java:565)
  at org.junit.runners.model.FrameworkMethod$1.runReflectiveCall(FrameworkMethod.java:59)
  at org.junit.internal.runners.model.ReflectiveCallable.run(ReflectiveCallable.java:12)
  at org.junit.runners.model.FrameworkMethod.invokeExplosively(FrameworkMethod.java:56)
  at org.junit.internal.runners.statements.InvokeMethod.evaluate(InvokeMethod.java:17)
  at org.junit.runners.ParentRunner$3.evaluate(ParentRunner.java:306)
  at org.junit.runners.BlockJUnit4ClassRunner$1.evaluate(BlockJUnit4ClassRunner.java:100)
  at org.junit.runners.ParentRunner.runLeaf(ParentRunner.java:366)
  at org.junit.runners.BlockJUnit4ClassRunner.runChild(BlockJUnit4ClassRunner.java:103)
  at org.junit.runners.BlockJUnit4ClassRunner.runChild(BlockJUnit4ClassRunner.java:63)
  at org.junit.runners.ParentRunner$4.run(ParentRunner.java:331)
  at org.junit.runners.ParentRunner$1.schedule(ParentRunner.java:79)
  at org.junit.runners.ParentRunner.runChildren(ParentRunner.java:329)
  at org.junit.runners.ParentRunner.access$100(ParentRunner.java:66)
  at org.junit.runners.ParentRunner$2.evaluate(ParentRunner.java:293)
  at org.junit.runners.ParentRunner$3.evaluate(ParentRunner.java:306)
  at org.junit.runners.ParentRunner.run(ParentRunner.java:413)
  at org.junit.runner.JUnitCore.run(JUnitCore.java:137)
  at org.junit.runner.JUnitCore.run(JUnitCore.java:115)
  at org.gradle.api.internal.tasks.testing.junit.JUnitTestExecutor.runRequest(JUnitTestExecutor.java:175)
  at org.gradle.api.internal.tasks.testing.junit.JUnitTestExecutor.accept(JUnitTestExecutor.java:84)
  at org.gradle.api.internal.tasks.testing.junit.JUnitTestExecutor.accept(JUnitTestExecutor.java:47)
  at org.gradle.api.internal.tasks.testing.junit.AbstractJUnitTestDefinitionProcessor.processTestDefinition(AbstractJUnitTestDefinitionProcessor.java:65)
  at org.gradle.api.internal.tasks.testing.SuiteTestDefinitionProcessor.processTestDefinition(SuiteTestDefinitionProcessor.java:54)
  at java.base/jdk.internal.reflect.DirectMethodHandleAccessor.invoke(DirectMethodHandleAccessor.java:104)
  at java.base/java.lang.reflect.Method.invoke(Method.java:565)
  at org.gradle.internal.dispatch.MethodInvocation.invokeOn(MethodInvocation.java:77)
  at org.gradle.internal.dispatch.ReflectionDispatch.dispatch(ReflectionDispatch.java:28)
  at org.gradle.internal.dispatch.ReflectionDispatch.dispatch(ReflectionDispatch.java:19)
  at org.gradle.internal.dispatch.ContextClassLoaderDispatch.dispatch(ContextClassLoaderDispatch.java:33)
  at org.gradle.internal.dispatch.ProxyDispatchAdapter$DispatchingInvocationHandler.invoke(ProxyDispatchAdapter.java:88)
  at jdk.proxy1/jdk.proxy1.$Proxy4.processTestDefinition(Unknown Source)
  at org.gradle.api.internal.tasks.testing.worker.TestWorker$2.run(TestWorker.java:178)
  at org.gradle.api.internal.tasks.testing.worker.TestWorker.executeAndMaintainThreadName(TestWorker.java:126)
  at org.gradle.api.internal.tasks.testing.worker.TestWorker.execute(TestWorker.java:103)
  at org.gradle.api.internal.tasks.testing.worker.TestWorker.execute(TestWorker.java:63)
  at org.gradle.process.internal.worker.child.ActionExecutionWorker.execute(ActionExecutionWorker.java:56)
  at org.gradle.process.internal.worker.child.SystemApplicationClassLoaderWorker.call(SystemApplicationClassLoaderWorker.java:122)
  at org.gradle.process.internal.worker.child.SystemApplicationClassLoaderWorker.call(SystemApplicationClassLoaderWorker.java:72)
  at worker.org.gradle.process.internal.worker.GradleWorkerMain.run(GradleWorkerMain.java:69)
  at worker.org.gradle.process.internal.worker.GradleWorkerMain.main(GradleWorkerMain.java:74)
</stacktrace>
</test-failure>


TypeScriptCompilerTests_S[jvm] > spellingSuggestionGlobal4_ts has expected errors matching spellingSuggestionGlobal4_errors_txt[jvm] FAILED

<test-failure test="com.xemantic.typescript.compiler.TypeScriptCompilerTests_S.superAccess2_ts has expected errors matching superAccess2_errors_txt" platform="jvm">
<message>
Expected diagnostics from baseline typescript-repo/tests/baselines/reference/superAccess2.errors.txt but none produced
</message>
<stacktrace>
  at com.xemantic.typescript.compiler.TypeScriptTestSupportKt.errorsMatchBaseline(TypeScriptTestSupport.kt:125)
  at com.xemantic.typescript.compiler.TypeScriptCompilerTests_S.superAccess2_ts has expected errors matching superAccess2_errors_txt(TypeScriptCompilerTests_S.kt:3395)
  at java.base/jdk.internal.reflect.DirectMethodHandleAccessor.invoke(DirectMethodHandleAccessor.java:104)
  at java.base/java.lang.reflect.Method.invoke(Method.java:565)
  at org.junit.runners.model.FrameworkMethod$1.runReflectiveCall(FrameworkMethod.java:59)
  at org.junit.internal.runners.model.ReflectiveCallable.run(ReflectiveCallable.java:12)
  at org.junit.runners.model.FrameworkMethod.invokeExplosively(FrameworkMethod.java:56)
  at org.junit.internal.runners.statements.InvokeMethod.evaluate(InvokeMethod.java:17)
  at org.junit.runners.ParentRunner$3.evaluate(ParentRunner.java:306)
  at org.junit.runners.BlockJUnit4ClassRunner$1.evaluate(BlockJUnit4ClassRunner.java:100)
  at org.junit.runners.ParentRunner.runLeaf(ParentRunner.java:366)
  at org.junit.runners.BlockJUnit4ClassRunner.runChild(BlockJUnit4ClassRunner.java:103)
  at org.junit.runners.BlockJUnit4ClassRunner.runChild(BlockJUnit4ClassRunner.java:63)
  at org.junit.runners.ParentRunner$4.run(ParentRunner.java:331)
  at org.junit.runners.ParentRunner$1.schedule(ParentRunner.java:79)
  at org.junit.runners.ParentRunner.runChildren(ParentRunner.java:329)
  at org.junit.runners.ParentRunner.access$100(ParentRunner.java:66)
  at org.junit.runners.ParentRunner$2.evaluate(ParentRunner.java:293)
  at org.junit.runners.ParentRunner$3.evaluate(ParentRunner.java:306)
  at org.junit.runners.ParentRunner.run(ParentRunner.java:413)
  at org.junit.runner.JUnitCore.run(JUnitCore.java:137)
  at org.junit.runner.JUnitCore.run(JUnitCore.java:115)
  at org.gradle.api.internal.tasks.testing.junit.JUnitTestExecutor.runRequest(JUnitTestExecutor.java:175)
  at org.gradle.api.internal.tasks.testing.junit.JUnitTestExecutor.accept(JUnitTestExecutor.java:84)
  at org.gradle.api.internal.tasks.testing.junit.JUnitTestExecutor.accept(JUnitTestExecutor.java:47)
  at org.gradle.api.internal.tasks.testing.junit.AbstractJUnitTestDefinitionProcessor.processTestDefinition(AbstractJUnitTestDefinitionProcessor.java:65)
  at org.gradle.api.internal.tasks.testing.SuiteTestDefinitionProcessor.processTestDefinition(SuiteTestDefinitionProcessor.java:54)
  at java.base/jdk.internal.reflect.DirectMethodHandleAccessor.invoke(DirectMethodHandleAccessor.java:104)
  at java.base/java.lang.reflect.Method.invoke(Method.java:565)
  at org.gradle.internal.dispatch.MethodInvocation.invokeOn(MethodInvocation.java:77)
  at org.gradle.internal.dispatch.ReflectionDispatch.dispatch(ReflectionDispatch.java:28)
  at org.gradle.internal.dispatch.ReflectionDispatch.dispatch(ReflectionDispatch.java:19)
  at org.gradle.internal.dispatch.ContextClassLoaderDispatch.dispatch(ContextClassLoaderDispatch.java:33)
  at org.gradle.internal.dispatch.ProxyDispatchAdapter$DispatchingInvocationHandler.invoke(ProxyDispatchAdapter.java:88)
  at jdk.proxy1/jdk.proxy1.$Proxy4.processTestDefinition(Unknown Source)
  at org.gradle.api.internal.tasks.testing.worker.TestWorker$2.run(TestWorker.java:178)
  at org.gradle.api.internal.tasks.testing.worker.TestWorker.executeAndMaintainThreadName(TestWorker.java:126)
  at org.gradle.api.internal.tasks.testing.worker.TestWorker.execute(TestWorker.java:103)
  at org.gradle.api.internal.tasks.testing.worker.TestWorker.execute(TestWorker.java:63)
  at org.gradle.process.internal.worker.child.ActionExecutionWorker.execute(ActionExecutionWorker.java:56)
  at org.gradle.process.internal.worker.child.SystemApplicationClassLoaderWorker.call(SystemApplicationClassLoaderWorker.java:122)
  at org.gradle.process.internal.worker.child.SystemApplicationClassLoaderWorker.call(SystemApplicationClassLoaderWorker.java:72)
  at worker.org.gradle.process.internal.worker.GradleWorkerMain.run(GradleWorkerMain.java:69)
  at worker.org.gradle.process.internal.worker.GradleWorkerMain.main(GradleWorkerMain.java:74)
</stacktrace>
</test-failure>


TypeScriptCompilerTests_S[jvm] > superAccess2_ts has expected errors matching superAccess2_errors_txt[jvm] FAILED

<test-failure test="com.xemantic.typescript.compiler.TypeScriptCompilerTests_S.scopeCheckStaticInitializer_ts has expected errors matching scopeCheckStaticInitializer_errors_txt" platform="jvm">
<message>
Expected diagnostics from baseline typescript-repo/tests/baselines/reference/scopeCheckStaticInitializer.errors.txt but none produced
</message>
<stacktrace>
  at com.xemantic.typescript.compiler.TypeScriptTestSupportKt.errorsMatchBaseline(TypeScriptTestSupport.kt:125)
  at com.xemantic.typescript.compiler.TypeScriptCompilerTests_S.scopeCheckStaticInitializer_ts has expected errors matching scopeCheckStaticInitializer_errors_txt(TypeScriptCompilerTests_S.kt:112)
  at java.base/jdk.internal.reflect.DirectMethodHandleAccessor.invoke(DirectMethodHandleAccessor.java:104)
  at java.base/java.lang.reflect.Method.invoke(Method.java:565)
  at org.junit.runners.model.FrameworkMethod$1.runReflectiveCall(FrameworkMethod.java:59)
  at org.junit.internal.runners.model.ReflectiveCallable.run(ReflectiveCallable.java:12)
  at org.junit.runners.model.FrameworkMethod.invokeExplosively(FrameworkMethod.java:56)
  at org.junit.internal.runners.statements.InvokeMethod.evaluate(InvokeMethod.java:17)
  at org.junit.runners.ParentRunner$3.evaluate(ParentRunner.java:306)
  at org.junit.runners.BlockJUnit4ClassRunner$1.evaluate(BlockJUnit4ClassRunner.java:100)
  at org.junit.runners.ParentRunner.runLeaf(ParentRunner.java:366)
  at org.junit.runners.BlockJUnit4ClassRunner.runChild(BlockJUnit4ClassRunner.java:103)
  at org.junit.runners.BlockJUnit4ClassRunner.runChild(BlockJUnit4ClassRunner.java:63)
  at org.junit.runners.ParentRunner$4.run(ParentRunner.java:331)
  at org.junit.runners.ParentRunner$1.schedule(ParentRunner.java:79)
  at org.junit.runners.ParentRunner.runChildren(ParentRunner.java:329)
  at org.junit.runners.ParentRunner.access$100(ParentRunner.java:66)
  at org.junit.runners.ParentRunner$2.evaluate(ParentRunner.java:293)
  at org.junit.runners.ParentRunner$3.evaluate(ParentRunner.java:306)
  at org.junit.runners.ParentRunner.run(ParentRunner.java:413)
  at org.junit.runner.JUnitCore.run(JUnitCore.java:137)
  at org.junit.runner.JUnitCore.run(JUnitCore.java:115)
  at org.gradle.api.internal.tasks.testing.junit.JUnitTestExecutor.runRequest(JUnitTestExecutor.java:175)
  at org.gradle.api.internal.tasks.testing.junit.JUnitTestExecutor.accept(JUnitTestExecutor.java:84)
  at org.gradle.api.internal.tasks.testing.junit.JUnitTestExecutor.accept(JUnitTestExecutor.java:47)
  at org.gradle.api.internal.tasks.testing.junit.AbstractJUnitTestDefinitionProcessor.processTestDefinition(AbstractJUnitTestDefinitionProcessor.java:65)
  at org.gradle.api.internal.tasks.testing.SuiteTestDefinitionProcessor.processTestDefinition(SuiteTestDefinitionProcessor.java:54)
  at java.base/jdk.internal.reflect.DirectMethodHandleAccessor.invoke(DirectMethodHandleAccessor.java:104)
  at java.base/java.lang.reflect.Method.invoke(Method.java:565)
  at org.gradle.internal.dispatch.MethodInvocation.invokeOn(MethodInvocation.java:77)
  at org.gradle.internal.dispatch.ReflectionDispatch.dispatch(ReflectionDispatch.java:28)
  at org.gradle.internal.dispatch.ReflectionDispatch.dispatch(ReflectionDispatch.java:19)
  at org.gradle.internal.dispatch.ContextClassLoaderDispatch.dispatch(ContextClassLoaderDispatch.java:33)
  at org.gradle.internal.dispatch.ProxyDispatchAdapter$DispatchingInvocationHandler.invoke(ProxyDispatchAdapter.java:88)
  at jdk.proxy1/jdk.proxy1.$Proxy4.processTestDefinition(Unknown Source)
  at org.gradle.api.internal.tasks.testing.worker.TestWorker$2.run(TestWorker.java:178)
  at org.gradle.api.internal.tasks.testing.worker.TestWorker.executeAndMaintainThreadName(TestWorker.java:126)
  at org.gradle.api.internal.tasks.testing.worker.TestWorker.execute(TestWorker.java:103)
  at org.gradle.api.internal.tasks.testing.worker.TestWorker.execute(TestWorker.java:63)
  at org.gradle.process.internal.worker.child.ActionExecutionWorker.execute(ActionExecutionWorker.java:56)
  at org.gradle.process.internal.worker.child.SystemApplicationClassLoaderWorker.call(SystemApplicationClassLoaderWorker.java:122)
  at org.gradle.process.internal.worker.child.SystemApplicationClassLoaderWorker.call(SystemApplicationClassLoaderWorker.java:72)
  at worker.org.gradle.process.internal.worker.GradleWorkerMain.run(GradleWorkerMain.java:69)
  at worker.org.gradle.process.internal.worker.GradleWorkerMain.main(GradleWorkerMain.java:74)
</stacktrace>
</test-failure>


TypeScriptCompilerTests_S[jvm] > scopeCheckStaticInitializer_ts has expected errors matching scopeCheckStaticInitializer_errors_txt[jvm] FAILED

<test-failure test="com.xemantic.typescript.compiler.TypeScriptCompilerTests_S.staticMemberExportAccess_ts has expected errors matching staticMemberExportAccess_errors_txt" platform="jvm">
<message>
Expected diagnostics from baseline typescript-repo/tests/baselines/reference/staticMemberExportAccess.errors.txt but none produced
</message>
<stacktrace>
  at com.xemantic.typescript.compiler.TypeScriptTestSupportKt.errorsMatchBaseline(TypeScriptTestSupport.kt:125)
  at com.xemantic.typescript.compiler.TypeScriptCompilerTests_S.staticMemberExportAccess_ts has expected errors matching staticMemberExportAccess_errors_txt(TypeScriptCompilerTests_S.kt:2520)
  at java.base/jdk.internal.reflect.DirectMethodHandleAccessor.invoke(DirectMethodHandleAccessor.java:104)
  at java.base/java.lang.reflect.Method.invoke(Method.java:565)
  at org.junit.runners.model.FrameworkMethod$1.runReflectiveCall(FrameworkMethod.java:59)
  at org.junit.internal.runners.model.ReflectiveCallable.run(ReflectiveCallable.java:12)
  at org.junit.runners.model.FrameworkMethod.invokeExplosively(FrameworkMethod.java:56)
  at org.junit.internal.runners.statements.InvokeMethod.evaluate(InvokeMethod.java:17)
  at org.junit.runners.ParentRunner$3.evaluate(ParentRunner.java:306)
  at org.junit.runners.BlockJUnit4ClassRunner$1.evaluate(BlockJUnit4ClassRunner.java:100)
  at org.junit.runners.ParentRunner.runLeaf(ParentRunner.java:366)
  at org.junit.runners.BlockJUnit4ClassRunner.runChild(BlockJUnit4ClassRunner.java:103)
  at org.junit.runners.BlockJUnit4ClassRunner.runChild(BlockJUnit4ClassRunner.java:63)
  at org.junit.runners.ParentRunner$4.run(ParentRunner.java:331)
  at org.junit.runners.ParentRunner$1.schedule(ParentRunner.java:79)
  at org.junit.runners.ParentRunner.runChildren(ParentRunner.java:329)
  at org.junit.runners.ParentRunner.access$100(ParentRunner.java:66)
  at org.junit.runners.ParentRunner$2.evaluate(ParentRunner.java:293)
  at org.junit.runners.ParentRunner$3.evaluate(ParentRunner.java:306)
  at org.junit.runners.ParentRunner.run(ParentRunner.java:413)
  at org.junit.runner.JUnitCore.run(JUnitCore.java:137)
  at org.junit.runner.JUnitCore.run(JUnitCore.java:115)
  at org.gradle.api.internal.tasks.testing.junit.JUnitTestExecutor.runRequest(JUnitTestExecutor.java:175)
  at org.gradle.api.internal.tasks.testing.junit.JUnitTestExecutor.accept(JUnitTestExecutor.java:84)
  at org.gradle.api.internal.tasks.testing.junit.JUnitTestExecutor.accept(JUnitTestExecutor.java:47)
  at org.gradle.api.internal.tasks.testing.junit.AbstractJUnitTestDefinitionProcessor.processTestDefinition(AbstractJUnitTestDefinitionProcessor.java:65)
  at org.gradle.api.internal.tasks.testing.SuiteTestDefinitionProcessor.processTestDefinition(SuiteTestDefinitionProcessor.java:54)
  at java.base/jdk.internal.reflect.DirectMethodHandleAccessor.invoke(DirectMethodHandleAccessor.java:104)
  at java.base/java.lang.reflect.Method.invoke(Method.java:565)
  at org.gradle.internal.dispatch.MethodInvocation.invokeOn(MethodInvocation.java:77)
  at org.gradle.internal.dispatch.ReflectionDispatch.dispatch(ReflectionDispatch.java:28)
  at org.gradle.internal.dispatch.ReflectionDispatch.dispatch(ReflectionDispatch.java:19)
  at org.gradle.internal.dispatch.ContextClassLoaderDispatch.dispatch(ContextClassLoaderDispatch.java:33)
  at org.gradle.internal.dispatch.ProxyDispatchAdapter$DispatchingInvocationHandler.invoke(ProxyDispatchAdapter.java:88)
  at jdk.proxy1/jdk.proxy1.$Proxy4.processTestDefinition(Unknown Source)
  at org.gradle.api.internal.tasks.testing.worker.TestWorker$2.run(TestWorker.java:178)
  at org.gradle.api.internal.tasks.testing.worker.TestWorker.executeAndMaintainThreadName(TestWorker.java:126)
  at org.gradle.api.internal.tasks.testing.worker.TestWorker.execute(TestWorker.java:103)
  at org.gradle.api.internal.tasks.testing.worker.TestWorker.execute(TestWorker.java:63)
  at org.gradle.process.internal.worker.child.ActionExecutionWorker.execute(ActionExecutionWorker.java:56)
  at org.gradle.process.internal.worker.child.SystemApplicationClassLoaderWorker.call(SystemApplicationClassLoaderWorker.java:122)
  at org.gradle.process.internal.worker.child.SystemApplicationClassLoaderWorker.call(SystemApplicationClassLoaderWorker.java:72)
  at worker.org.gradle.process.internal.worker.GradleWorkerMain.run(GradleWorkerMain.java:69)
  at worker.org.gradle.process.internal.worker.GradleWorkerMain.main(GradleWorkerMain.java:74)
</stacktrace>
</test-failure>


TypeScriptCompilerTests_S[jvm] > staticMemberExportAccess_ts has expected errors matching staticMemberExportAccess_errors_txt[jvm] FAILED

<test-failure test="com.xemantic.typescript.compiler.TypeScriptCompilerTests_S.superCallFromClassThatDerivesNonGenericTypeButWithTypeArguments1_ts has expected errors matching superCallFromClassThatDerivesNonGenericTypeButWithTypeArguments1_errors_txt" platform="jvm">
<message>
Expected diagnostics from baseline typescript-repo/tests/baselines/reference/superCallFromClassThatDerivesNonGenericTypeButWithTypeArguments1.errors.txt but none produced
</message>
<stacktrace>
  at com.xemantic.typescript.compiler.TypeScriptTestSupportKt.errorsMatchBaseline(TypeScriptTestSupport.kt:125)
  at com.xemantic.typescript.compiler.TypeScriptCompilerTests_S.superCallFromClassThatDerivesNonGenericTypeButWithTypeArguments1_ts has expected errors matching superCallFromClassThatDerivesNonGenericTypeButWithTypeArguments1_errors_txt(TypeScriptCompilerTests_S.kt:3493)
  at java.base/jdk.internal.reflect.DirectMethodHandleAccessor.invoke(DirectMethodHandleAccessor.java:104)
  at java.base/java.lang.reflect.Method.invoke(Method.java:565)
  at org.junit.runners.model.FrameworkMethod$1.runReflectiveCall(FrameworkMethod.java:59)
  at org.junit.internal.runners.model.ReflectiveCallable.run(ReflectiveCallable.java:12)
  at org.junit.runners.model.FrameworkMethod.invokeExplosively(FrameworkMethod.java:56)
  at org.junit.internal.runners.statements.InvokeMethod.evaluate(InvokeMethod.java:17)
  at org.junit.runners.ParentRunner$3.evaluate(ParentRunner.java:306)
  at org.junit.runners.BlockJUnit4ClassRunner$1.evaluate(BlockJUnit4ClassRunner.java:100)
  at org.junit.runners.ParentRunner.runLeaf(ParentRunner.java:366)
  at org.junit.runners.BlockJUnit4ClassRunner.runChild(BlockJUnit4ClassRunner.java:103)
  at org.junit.runners.BlockJUnit4ClassRunner.runChild(BlockJUnit4ClassRunner.java:63)
  at org.junit.runners.ParentRunner$4.run(ParentRunner.java:331)
  at org.junit.runners.ParentRunner$1.schedule(ParentRunner.java:79)
  at org.junit.runners.ParentRunner.runChildren(ParentRunner.java:329)
  at org.junit.runners.ParentRunner.access$100(ParentRunner.java:66)
  at org.junit.runners.ParentRunner$2.evaluate(ParentRunner.java:293)
  at org.junit.runners.ParentRunner$3.evaluate(ParentRunner.java:306)
  at org.junit.runners.ParentRunner.run(ParentRunner.java:413)
  at org.junit.runner.JUnitCore.run(JUnitCore.java:137)
  at org.junit.runner.JUnitCore.run(JUnitCore.java:115)
  at org.gradle.api.internal.tasks.testing.junit.JUnitTestExecutor.runRequest(JUnitTestExecutor.java:175)
  at org.gradle.api.internal.tasks.testing.junit.JUnitTestExecutor.accept(JUnitTestExecutor.java:84)
  at org.gradle.api.internal.tasks.testing.junit.JUnitTestExecutor.accept(JUnitTestExecutor.java:47)
  at org.gradle.api.internal.tasks.testing.junit.AbstractJUnitTestDefinitionProcessor.processTestDefinition(AbstractJUnitTestDefinitionProcessor.java:65)
  at org.gradle.api.internal.tasks.testing.SuiteTestDefinitionProcessor.processTestDefinition(SuiteTestDefinitionProcessor.java:54)
  at java.base/jdk.internal.reflect.DirectMethodHandleAccessor.invoke(DirectMethodHandleAccessor.java:104)
  at java.base/java.lang.reflect.Method.invoke(Method.java:565)
  at org.gradle.internal.dispatch.MethodInvocation.invokeOn(MethodInvocation.java:77)
  at org.gradle.internal.dispatch.ReflectionDispatch.dispatch(ReflectionDispatch.java:28)
  at org.gradle.internal.dispatch.ReflectionDispatch.dispatch(ReflectionDispatch.java:19)
  at org.gradle.internal.dispatch.ContextClassLoaderDispatch.dispatch(ContextClassLoaderDispatch.java:33)
  at org.gradle.internal.dispatch.ProxyDispatchAdapter$DispatchingInvocationHandler.invoke(ProxyDispatchAdapter.java:88)
  at jdk.proxy1/jdk.proxy1.$Proxy4.processTestDefinition(Unknown Source)
  at org.gradle.api.internal.tasks.testing.worker.TestWorker$2.run(TestWorker.java:178)
  at org.gradle.api.internal.tasks.testing.worker.TestWorker.executeAndMaintainThreadName(TestWorker.java:126)
  at org.gradle.api.internal.tasks.testing.worker.TestWorker.execute(TestWorker.java:103)
  at org.gradle.api.internal.tasks.testing.worker.TestWorker.execute(TestWorker.java:63)
  at org.gradle.process.internal.worker.child.ActionExecutionWorker.execute(ActionExecutionWorker.java:56)
  at org.gradle.process.internal.worker.child.SystemApplicationClassLoaderWorker.call(SystemApplicationClassLoaderWorker.java:122)
  at org.gradle.process.internal.worker.child.SystemApplicationClassLoaderWorker.call(SystemApplicationClassLoaderWorker.java:72)
  at worker.org.gradle.process.internal.worker.GradleWorkerMain.run(GradleWorkerMain.java:69)
  at worker.org.gradle.process.internal.worker.GradleWorkerMain.main(GradleWorkerMain.java:74)
</stacktrace>
</test-failure>


TypeScriptCompilerTests_S[jvm] > superCallFromClassThatDerivesNonGenericTypeButWithTypeArguments1_ts has expected errors matching superCallFromClassThatDerivesNonGenericTypeButWithTypeArguments1_errors_txt[jvm] FAILED

<test-failure test="com.xemantic.typescript.compiler.TypeScriptCompilerTests_S.signatureCombiningRestParameters3_ts has expected errors matching signatureCombiningRestParameters3_errors_txt" platform="jvm">
<message>
Expected diagnostics from baseline typescript-repo/tests/baselines/reference/signatureCombiningRestParameters3.errors.txt but none produced
</message>
<stacktrace>
  at com.xemantic.typescript.compiler.TypeScriptTestSupportKt.errorsMatchBaseline(TypeScriptTestSupport.kt:125)
  at com.xemantic.typescript.compiler.TypeScriptCompilerTests_S.signatureCombiningRestParameters3_ts has expected errors matching signatureCombiningRestParameters3_errors_txt(TypeScriptCompilerTests_S.kt:735)
  at java.base/jdk.internal.reflect.DirectMethodHandleAccessor.invoke(DirectMethodHandleAccessor.java:104)
  at java.base/java.lang.reflect.Method.invoke(Method.java:565)
  at org.junit.runners.model.FrameworkMethod$1.runReflectiveCall(FrameworkMethod.java:59)
  at org.junit.internal.runners.model.ReflectiveCallable.run(ReflectiveCallable.java:12)
  at org.junit.runners.model.FrameworkMethod.invokeExplosively(FrameworkMethod.java:56)
  at org.junit.internal.runners.statements.InvokeMethod.evaluate(InvokeMethod.java:17)
  at org.junit.runners.ParentRunner$3.evaluate(ParentRunner.java:306)
  at org.junit.runners.BlockJUnit4ClassRunner$1.evaluate(BlockJUnit4ClassRunner.java:100)
  at org.junit.runners.ParentRunner.runLeaf(ParentRunner.java:366)
  at org.junit.runners.BlockJUnit4ClassRunner.runChild(BlockJUnit4ClassRunner.java:103)
  at org.junit.runners.BlockJUnit4ClassRunner.runChild(BlockJUnit4ClassRunner.java:63)
  at org.junit.runners.ParentRunner$4.run(ParentRunner.java:331)
  at org.junit.runners.ParentRunner$1.schedule(ParentRunner.java:79)
  at org.junit.runners.ParentRunner.runChildren(ParentRunner.java:329)
  at org.junit.runners.ParentRunner.access$100(ParentRunner.java:66)
  at org.junit.runners.ParentRunner$2.evaluate(ParentRunner.java:293)
  at org.junit.runners.ParentRunner$3.evaluate(ParentRunner.java:306)
  at org.junit.runners.ParentRunner.run(ParentRunner.java:413)
  at org.junit.runner.JUnitCore.run(JUnitCore.java:137)
  at org.junit.runner.JUnitCore.run(JUnitCore.java:115)
  at org.gradle.api.internal.tasks.testing.junit.JUnitTestExecutor.runRequest(JUnitTestExecutor.java:175)
  at org.gradle.api.internal.tasks.testing.junit.JUnitTestExecutor.accept(JUnitTestExecutor.java:84)
  at org.gradle.api.internal.tasks.testing.junit.JUnitTestExecutor.accept(JUnitTestExecutor.java:47)
  at org.gradle.api.internal.tasks.testing.junit.AbstractJUnitTestDefinitionProcessor.processTestDefinition(AbstractJUnitTestDefinitionProcessor.java:65)
  at org.gradle.api.internal.tasks.testing.SuiteTestDefinitionProcessor.processTestDefinition(SuiteTestDefinitionProcessor.java:54)
  at java.base/jdk.internal.reflect.DirectMethodHandleAccessor.invoke(DirectMethodHandleAccessor.java:104)
  at java.base/java.lang.reflect.Method.invoke(Method.java:565)
  at org.gradle.internal.dispatch.MethodInvocation.invokeOn(MethodInvocation.java:77)
  at org.gradle.internal.dispatch.ReflectionDispatch.dispatch(ReflectionDispatch.java:28)
  at org.gradle.internal.dispatch.ReflectionDispatch.dispatch(ReflectionDispatch.java:19)
  at org.gradle.internal.dispatch.ContextClassLoaderDispatch.dispatch(ContextClassLoaderDispatch.java:33)
  at org.gradle.internal.dispatch.ProxyDispatchAdapter$DispatchingInvocationHandler.invoke(ProxyDispatchAdapter.java:88)
  at jdk.proxy1/jdk.proxy1.$Proxy4.processTestDefinition(Unknown Source)
  at org.gradle.api.internal.tasks.testing.worker.TestWorker$2.run(TestWorker.java:178)
  at org.gradle.api.internal.tasks.testing.worker.TestWorker.executeAndMaintainThreadName(TestWorker.java:126)
  at org.gradle.api.internal.tasks.testing.worker.TestWorker.execute(TestWorker.java:103)
  at org.gradle.api.internal.tasks.testing.worker.TestWorker.execute(TestWorker.java:63)
  at org.gradle.process.internal.worker.child.ActionExecutionWorker.execute(ActionExecutionWorker.java:56)
  at org.gradle.process.internal.worker.child.SystemApplicationClassLoaderWorker.call(SystemApplicationClassLoaderWorker.java:122)
  at org.gradle.process.internal.worker.child.SystemApplicationClassLoaderWorker.call(SystemApplicationClassLoaderWorker.java:72)
  at worker.org.gradle.process.internal.worker.GradleWorkerMain.run(GradleWorkerMain.java:69)
  at worker.org.gradle.process.internal.worker.GradleWorkerMain.main(GradleWorkerMain.java:74)
</stacktrace>
</test-failure>


TypeScriptCompilerTests_S[jvm] > signatureCombiningRestParameters3_ts has expected errors matching signatureCombiningRestParameters3_errors_txt[jvm] FAILED

<test-failure test="com.xemantic.typescript.compiler.TypeScriptCompilerTests_S.shorthand-property-es5-es6_ts__target_es5__has expected errors matching baseline" platform="jvm">
<message>
--- expected
+++ actual
@@ -1,11 +1,8 @@
 error TS5107: Option 'target=ES5' is deprecated and will stop functioning in TypeScript 7.0. Specify compilerOption '"ignoreDeprecations": "6.0"' to silence this error.
-test.ts(1,19): error TS2307: Cannot find module './foo' or its corresponding type declarations.
 
 
 !!! error TS5107: Option 'target=ES5' is deprecated and will stop functioning in TypeScript 7.0. Specify compilerOption '"ignoreDeprecations": "6.0"' to silence this error.
-==== test.ts (1 errors) ====
+==== test.ts (0 errors) ====
     import {foo} from './foo';
-                      ~~~~~~~
-!!! error TS2307: Cannot find module './foo' or its corresponding type declarations.
     const baz = 42;
     const bar = { foo, baz };

</message>
<stacktrace>
  at org.junit.Assert.fail(Assert.java:89)
  at kotlin.test.junit.JUnitAsserter.fail(JUnitSupport.kt:56)
  at kotlin.test.AssertionsKt__AssertionsKt.fail(Assertions.kt:563)
  at kotlin.test.AssertionsKt.fail(Unknown Source)
  at com.xemantic.kotlin.test.SameAsKt.sameAs(SameAs.kt:52)
  at com.xemantic.typescript.compiler.TypeScriptTestSupportKt.errorsMatchBaseline(TypeScriptTestSupport.kt:135)
  at com.xemantic.typescript.compiler.TypeScriptCompilerTests_S.shorthand-property-es5-es6_ts__target_es5__has expected errors matching baseline(TypeScriptCompilerTests_S.kt:462)
  at java.base/jdk.internal.reflect.DirectMethodHandleAccessor.invoke(DirectMethodHandleAccessor.java:104)
  at java.base/java.lang.reflect.Method.invoke(Method.java:565)
  at org.junit.runners.model.FrameworkMethod$1.runReflectiveCall(FrameworkMethod.java:59)
  at org.junit.internal.runners.model.ReflectiveCallable.run(ReflectiveCallable.java:12)
  at org.junit.runners.model.FrameworkMethod.invokeExplosively(FrameworkMethod.java:56)
  at org.junit.internal.runners.statements.InvokeMethod.evaluate(InvokeMethod.java:17)
  at org.junit.runners.ParentRunner$3.evaluate(ParentRunner.java:306)
  at org.junit.runners.BlockJUnit4ClassRunner$1.evaluate(BlockJUnit4ClassRunner.java:100)
  at org.junit.runners.ParentRunner.runLeaf(ParentRunner.java:366)
  at org.junit.runners.BlockJUnit4ClassRunner.runChild(BlockJUnit4ClassRunner.java:103)
  at org.junit.runners.BlockJUnit4ClassRunner.runChild(BlockJUnit4ClassRunner.java:63)
  at org.junit.runners.ParentRunner$4.run(ParentRunner.java:331)
  at org.junit.runners.ParentRunner$1.schedule(ParentRunner.java:79)
  at org.junit.runners.ParentRunner.runChildren(ParentRunner.java:329)
  at org.junit.runners.ParentRunner.access$100(ParentRunner.java:66)
  at org.junit.runners.ParentRunner$2.evaluate(ParentRunner.java:293)
  at org.junit.runners.ParentRunner$3.evaluate(ParentRunner.java:306)
  at org.junit.runners.ParentRunner.run(ParentRunner.java:413)
  at org.junit.runner.JUnitCore.run(JUnitCore.java:137)
  at org.junit.runner.JUnitCore.run(JUnitCore.java:115)
  at org.gradle.api.internal.tasks.testing.junit.JUnitTestExecutor.runRequest(JUnitTestExecutor.java:175)
  at org.gradle.api.internal.tasks.testing.junit.JUnitTestExecutor.accept(JUnitTestExecutor.java:84)
  at org.gradle.api.internal.tasks.testing.junit.JUnitTestExecutor.accept(JUnitTestExecutor.java:47)
  at org.gradle.api.internal.tasks.testing.junit.AbstractJUnitTestDefinitionProcessor.processTestDefinition(AbstractJUnitTestDefinitionProcessor.java:65)
  at org.gradle.api.internal.tasks.testing.SuiteTestDefinitionProcessor.processTestDefinition(SuiteTestDefinitionProcessor.java:54)
  at java.base/jdk.internal.reflect.DirectMethodHandleAccessor.invoke(DirectMethodHandleAccessor.java:104)
  at java.base/java.lang.reflect.Method.invoke(Method.java:565)
  at org.gradle.internal.dispatch.MethodInvocation.invokeOn(MethodInvocation.java:77)
  at org.gradle.internal.dispatch.ReflectionDispatch.dispatch(ReflectionDispatch.java:28)
  at org.gradle.internal.dispatch.ReflectionDispatch.dispatch(ReflectionDispatch.java:19)
  at org.gradle.internal.dispatch.ContextClassLoaderDispatch.dispatch(ContextClassLoaderDispatch.java:33)
  at org.gradle.internal.dispatch.ProxyDispatchAdapter$DispatchingInvocationHandler.invoke(ProxyDispatchAdapter.java:88)
  at jdk.proxy1/jdk.proxy1.$Proxy4.processTestDefinition(Unknown Source)
  at org.gradle.api.internal.tasks.testing.worker.TestWorker$2.run(TestWorker.java:178)
  at org.gradle.api.internal.tasks.testing.worker.TestWorker.executeAndMaintainThreadName(TestWorker.java:126)
  at org.gradle.api.internal.tasks.testing.worker.TestWorker.execute(TestWorker.java:103)
  at org.gradle.api.internal.tasks.testing.worker.TestWorker.execute(TestWorker.java:63)
  at org.gradle.process.internal.worker.child.ActionExecutionWorker.execute(ActionExecutionWorker.java:56)
  at org.gradle.process.internal.worker.child.SystemApplicationClassLoaderWorker.call(SystemApplicationClassLoaderWorker.java:122)
  at org.gradle.process.internal.worker.child.SystemApplicationClassLoaderWorker.call(SystemApplicationClassLoaderWorker.java:72)
  at worker.org.gradle.process.internal.worker.GradleWorkerMain.run(GradleWorkerMain.java:69)
  at worker.org.gradle.process.internal.worker.GradleWorkerMain.main(GradleWorkerMain.java:74)
</stacktrace>
</test-failure>


TypeScriptCompilerTests_S[jvm] > shorthand-property-es5-es6_ts__target_es5__has expected errors matching baseline[jvm] FAILED

<test-failure test="com.xemantic.typescript.compiler.TypeScriptCompilerTests_S.stringMappingAssignability_ts has expected errors matching stringMappingAssignability_errors_txt" platform="jvm">
<message>
Expected diagnostics from baseline typescript-repo/tests/baselines/reference/stringMappingAssignability.errors.txt but none produced
</message>
<stacktrace>
  at com.xemantic.typescript.compiler.TypeScriptTestSupportKt.errorsMatchBaseline(TypeScriptTestSupport.kt:125)
  at com.xemantic.typescript.compiler.TypeScriptCompilerTests_S.stringMappingAssignability_ts has expected errors matching stringMappingAssignability_errors_txt(TypeScriptCompilerTests_S.kt:3143)
  at java.base/jdk.internal.reflect.DirectMethodHandleAccessor.invoke(DirectMethodHandleAccessor.java:104)
  at java.base/java.lang.reflect.Method.invoke(Method.java:565)
  at org.junit.runners.model.FrameworkMethod$1.runReflectiveCall(FrameworkMethod.java:59)
  at org.junit.internal.runners.model.ReflectiveCallable.run(ReflectiveCallable.java:12)
  at org.junit.runners.model.FrameworkMethod.invokeExplosively(FrameworkMethod.java:56)
  at org.junit.internal.runners.statements.InvokeMethod.evaluate(InvokeMethod.java:17)
  at org.junit.runners.ParentRunner$3.evaluate(ParentRunner.java:306)
  at org.junit.runners.BlockJUnit4ClassRunner$1.evaluate(BlockJUnit4ClassRunner.java:100)
  at org.junit.runners.ParentRunner.runLeaf(ParentRunner.java:366)
  at org.junit.runners.BlockJUnit4ClassRunner.runChild(BlockJUnit4ClassRunner.java:103)
  at org.junit.runners.BlockJUnit4ClassRunner.runChild(BlockJUnit4ClassRunner.java:63)
  at org.junit.runners.ParentRunner$4.run(ParentRunner.java:331)
  at org.junit.runners.ParentRunner$1.schedule(ParentRunner.java:79)
  at org.junit.runners.ParentRunner.runChildren(ParentRunner.java:329)
  at org.junit.runners.ParentRunner.access$100(ParentRunner.java:66)
  at org.junit.runners.ParentRunner$2.evaluate(ParentRunner.java:293)
  at org.junit.runners.ParentRunner$3.evaluate(ParentRunner.java:306)
  at org.junit.runners.ParentRunner.run(ParentRunner.java:413)
  at org.junit.runner.JUnitCore.run(JUnitCore.java:137)
  at org.junit.runner.JUnitCore.run(JUnitCore.java:115)
  at org.gradle.api.internal.tasks.testing.junit.JUnitTestExecutor.runRequest(JUnitTestExecutor.java:175)
  at org.gradle.api.internal.tasks.testing.junit.JUnitTestExecutor.accept(JUnitTestExecutor.java:84)
  at org.gradle.api.internal.tasks.testing.junit.JUnitTestExecutor.accept(JUnitTestExecutor.java:47)
  at org.gradle.api.internal.tasks.testing.junit.AbstractJUnitTestDefinitionProcessor.processTestDefinition(AbstractJUnitTestDefinitionProcessor.java:65)
  at org.gradle.api.internal.tasks.testing.SuiteTestDefinitionProcessor.processTestDefinition(SuiteTestDefinitionProcessor.java:54)
  at java.base/jdk.internal.reflect.DirectMethodHandleAccessor.invoke(DirectMethodHandleAccessor.java:104)
  at java.base/java.lang.reflect.Method.invoke(Method.java:565)
  at org.gradle.internal.dispatch.MethodInvocation.invokeOn(MethodInvocation.java:77)
  at org.gradle.internal.dispatch.ReflectionDispatch.dispatch(ReflectionDispatch.java:28)
  at org.gradle.internal.dispatch.ReflectionDispatch.dispatch(ReflectionDispatch.java:19)
  at org.gradle.internal.dispatch.ContextClassLoaderDispatch.dispatch(ContextClassLoaderDispatch.java:33)
  at org.gradle.internal.dispatch.ProxyDispatchAdapter$DispatchingInvocationHandler.invoke(ProxyDispatchAdapter.java:88)
  at jdk.proxy1/jdk.proxy1.$Proxy4.processTestDefinition(Unknown Source)
  at org.gradle.api.internal.tasks.testing.worker.TestWorker$2.run(TestWorker.java:178)
  at org.gradle.api.internal.tasks.testing.worker.TestWorker.executeAndMaintainThreadName(TestWorker.java:126)
  at org.gradle.api.internal.tasks.testing.worker.TestWorker.execute(TestWorker.java:103)
  at org.gradle.api.internal.tasks.testing.worker.TestWorker.execute(TestWorker.java:63)
  at org.gradle.process.internal.worker.child.ActionExecutionWorker.execute(ActionExecutionWorker.java:56)
  at org.gradle.process.internal.worker.child.SystemApplicationClassLoaderWorker.call(SystemApplicationClassLoaderWorker.java:122)
  at org.gradle.process.internal.worker.child.SystemApplicationClassLoaderWorker.call(SystemApplicationClassLoaderWorker.java:72)
  at worker.org.gradle.process.internal.worker.GradleWorkerMain.run(GradleWorkerMain.java:69)
  at worker.org.gradle.process.internal.worker.GradleWorkerMain.main(GradleWorkerMain.java:74)
</stacktrace>
</test-failure>


TypeScriptCompilerTests_S[jvm] > stringMappingAssignability_ts has expected errors matching stringMappingAssignability_errors_txt[jvm] FAILED

<test-failure test="com.xemantic.typescript.compiler.TypeScriptCompilerTests_S.superInObjectLiterals_ES5_ts__target_es5__has expected errors matching baseline" platform="jvm">
<message>
--- expected
+++ actual
@@ -1,19 +1,8 @@
 error TS5107: Option 'target=ES5' is deprecated and will stop functioning in TypeScript 7.0. Specify compilerOption '"ignoreDeprecations": "6.0"' to silence this error.
-superInObjectLiterals_ES5.ts(7,9): error TS2659: 'super' is only allowed in members of object literal expressions when option 'target' is 'ES2015' or higher.
-superInObjectLiterals_ES5.ts(10,9): error TS2659: 'super' is only allowed in members of object literal expressions when option 'target' is 'ES2015' or higher.
-superInObjectLiterals_ES5.ts(14,9): error TS2659: 'super' is only allowed in members of object literal expressions when option 'target' is 'ES2015' or higher.
-superInObjectLiterals_ES5.ts(17,9): error TS2660: 'super' can only be referenced in members of derived classes or object literal expressions.
-superInObjectLiterals_ES5.ts(20,9): error TS2660: 'super' can only be referenced in members of derived classes or object literal expressions.
-superInObjectLiterals_ES5.ts(23,9): error TS2660: 'super' can only be referenced in members of derived classes or object literal expressions.
-superInObjectLiterals_ES5.ts(39,17): error TS2659: 'super' is only allowed in members of object literal expressions when option 'target' is 'ES2015' or higher.
-superInObjectLiterals_ES5.ts(42,17): error TS2659: 'super' is only allowed in members of object literal expressions when option 'target' is 'ES2015' or higher.
-superInObjectLiterals_ES5.ts(46,17): error TS2659: 'super' is only allowed in members of object literal expressions when option 'target' is 'ES2015' or higher.
-superInObjectLiterals_ES5.ts(49,17): error TS2660: 'super' can only be referenced in members of derived classes or object literal expressions.
-superInObjectLiterals_ES5.ts(52,17): error TS2660: 'super' can only be referenced in members of derived classes or object literal expressions.
 
 
 !!! error TS5107: Option 'target=ES5' is deprecated and will stop functioning in TypeScript 7.0. Specify compilerOption '"ignoreDeprecations": "6.0"' to silence this error.
-==== superInObjectLiterals_ES5.ts (11 errors) ====
+==== superInObjectLiterals_ES5.ts (0 errors) ====
     var obj = {
         __proto__: {
             method() {
@@ -21,34 +10,22 @@
         },
         method() {
             super.method();
-            ~~~~~
-!!! error TS2659: 'super' is only allowed in members of object literal expressions when option 'target' is 'ES2015' or higher.
         },
         get prop() {
             super.method();
-            ~~~~~
-!!! error TS2659: 'super' is only allowed in members of object literal expressions when option 'target' is 'ES2015' or higher.
             return 10;
         },
         set prop(value) {
             super.method();
-            ~~~~~
-!!! error TS2659: 'super' is only allowed in members of object literal expressions when option 'target' is 'ES2015' or higher.
         },
         p1: function () {
             super.method();
-            ~~~~~
-!!! error TS2660: 'super' can only be referenced in members of derived classes or object literal expressions.
         },
         p2: function f() {
             super.method();
-            ~~~~~
-!!! error TS2660: 'super' can only be referenced in members of derived classes or object literal expressions.
         },
         p3: () => {
             super.method();
-            ~~~~~
-!!! error TS2660: 'super' can only be referenced in members of derived classes or object literal expressions.
         }
     };
     
@@ -65,29 +42,19 @@
                 },
                 method() {
                     super.method();
-                    ~~~~~
-!!! error TS2659: 'super' is only allowed in members of object literal expressions when option 'target' is 'ES2015' or higher.
                 },
                 get prop() {
                     super.method();
-                    ~~~~~
-!!! error TS2659: 'super' is only allowed in members of object literal expressions when option 'target' is 'ES2015' or higher.
                     return 10;
                 },
                 set prop(value) {
                     super.method();
-                    ~~~~~
-!!! error TS2659: 'super' is only allowed in members of object literal expressions when option 'target' is 'ES2015' or higher.
                 },
                 p1: function () {
                     super.method();
-                    ~~~~~
-!!! error TS2660: 'super' can only be referenced in members of derived classes or object literal expressions.
                 },
                 p2: function f() {
                     super.method();
-                    ~~~~~
-!!! error TS2660: 'super' can only be referenced in members of derived classes or object literal expressions.
                 },
                 p3: () => {
                     super.method();

</message>
<stacktrace>
  at org.junit.Assert.fail(Assert.java:89)
  at kotlin.test.junit.JUnitAsserter.fail(JUnitSupport.kt:56)
  at kotlin.test.AssertionsKt__AssertionsKt.fail(Assertions.kt:563)
  at kotlin.test.AssertionsKt.fail(Unknown Source)
  at com.xemantic.kotlin.test.SameAsKt.sameAs(SameAs.kt:52)
  at com.xemantic.typescript.compiler.TypeScriptTestSupportKt.errorsMatchBaseline(TypeScriptTestSupport.kt:135)
  at com.xemantic.typescript.compiler.TypeScriptCompilerTests_S.superInObjectLiterals_ES5_ts__target_es5__has expected errors matching baseline(TypeScriptCompilerTests_S.kt:3703)
  at java.base/jdk.internal.reflect.DirectMethodHandleAccessor.invoke(DirectMethodHandleAccessor.java:104)
  at java.base/java.lang.reflect.Method.invoke(Method.java:565)
  at org.junit.runners.model.FrameworkMethod$1.runReflectiveCall(FrameworkMethod.java:59)
  at org.junit.internal.runners.model.ReflectiveCallable.run(ReflectiveCallable.java:12)
  at org.junit.runners.model.FrameworkMethod.invokeExplosively(FrameworkMethod.java:56)
  at org.junit.internal.runners.statements.InvokeMethod.evaluate(InvokeMethod.java:17)
  at org.junit.runners.ParentRunner$3.evaluate(ParentRunner.java:306)
  at org.junit.runners.BlockJUnit4ClassRunner$1.evaluate(BlockJUnit4ClassRunner.java:100)
  at org.junit.runners.ParentRunner.runLeaf(ParentRunner.java:366)
  at org.junit.runners.BlockJUnit4ClassRunner.runChild(BlockJUnit4ClassRunner.java:103)
  at org.junit.runners.BlockJUnit4ClassRunner.runChild(BlockJUnit4ClassRunner.java:63)
  at org.junit.runners.ParentRunner$4.run(ParentRunner.java:331)
  at org.junit.runners.ParentRunner$1.schedule(ParentRunner.java:79)
  at org.junit.runners.ParentRunner.runChildren(ParentRunner.java:329)
  at org.junit.runners.ParentRunner.access$100(ParentRunner.java:66)
  at org.junit.runners.ParentRunner$2.evaluate(ParentRunner.java:293)
  at org.junit.runners.ParentRunner$3.evaluate(ParentRunner.java:306)
  at org.junit.runners.ParentRunner.run(ParentRunner.java:413)
  at org.junit.runner.JUnitCore.run(JUnitCore.java:137)
  at org.junit.runner.JUnitCore.run(JUnitCore.java:115)
  at org.gradle.api.internal.tasks.testing.junit.JUnitTestExecutor.runRequest(JUnitTestExecutor.java:175)
  at org.gradle.api.internal.tasks.testing.junit.JUnitTestExecutor.accept(JUnitTestExecutor.java:84)
  at org.gradle.api.internal.tasks.testing.junit.JUnitTestExecutor.accept(JUnitTestExecutor.java:47)
  at org.gradle.api.internal.tasks.testing.junit.AbstractJUnitTestDefinitionProcessor.processTestDefinition(AbstractJUnitTestDefinitionProcessor.java:65)
  at org.gradle.api.internal.tasks.testing.SuiteTestDefinitionProcessor.processTestDefinition(SuiteTestDefinitionProcessor.java:54)
  at java.base/jdk.internal.reflect.DirectMethodHandleAccessor.invoke(DirectMethodHandleAccessor.java:104)
  at java.base/java.lang.reflect.Method.invoke(Method.java:565)
  at org.gradle.internal.dispatch.MethodInvocation.invokeOn(MethodInvocation.java:77)
  at org.gradle.internal.dispatch.ReflectionDispatch.dispatch(ReflectionDispatch.java:28)
  at org.gradle.internal.dispatch.ReflectionDispatch.dispatch(ReflectionDispatch.java:19)
  at org.gradle.internal.dispatch.ContextClassLoaderDispatch.dispatch(ContextClassLoaderDispatch.java:33)
  at org.gradle.internal.dispatch.ProxyDispatchAdapter$DispatchingInvocationHandler.invoke(ProxyDispatchAdapter.java:88)
  at jdk.proxy1/jdk.proxy1.$Proxy4.processTestDefinition(Unknown Source)
  at org.gradle.api.internal.tasks.testing.worker.TestWorker$2.run(TestWorker.java:178)
  at org.gradle.api.internal.tasks.testing.worker.TestWorker.executeAndMaintainThreadName(TestWorker.java:126)
  at org.gradle.api.internal.tasks.testing.worker.TestWorker.execute(TestWorker.java:103)
  at org.gradle.api.internal.tasks.testing.worker.TestWorker.execute(TestWorker.java:63)
  at org.gradle.process.internal.worker.child.ActionExecutionWorker.execute(ActionExecutionWorker.java:56)
  at org.gradle.process.internal.worker.child.SystemApplicationClassLoaderWorker.call(SystemApplicationClassLoaderWorker.java:122)
  at org.gradle.process.internal.worker.child.SystemApplicationClassLoaderWorker.call(SystemApplicationClassLoaderWorker.java:72)
  at worker.org.gradle.process.internal.worker.GradleWorkerMain.run(GradleWorkerMain.java:69)
  at worker.org.gradle.process.internal.worker.GradleWorkerMain.main(GradleWorkerMain.java:74)
</stacktrace>
</test-failure>


TypeScriptCompilerTests_S[jvm] > superInObjectLiterals_ES5_ts__target_es5__has expected errors matching baseline[jvm] FAILED

<test-failure test="com.xemantic.typescript.compiler.TypeScriptCompilerTests_S.superPropertyAccessInSuperCall01_ts has expected errors matching superPropertyAccessInSuperCall01_errors_txt" platform="jvm">
<message>
Expected diagnostics from baseline typescript-repo/tests/baselines/reference/superPropertyAccessInSuperCall01.errors.txt but none produced
</message>
<stacktrace>
  at com.xemantic.typescript.compiler.TypeScriptTestSupportKt.errorsMatchBaseline(TypeScriptTestSupport.kt:125)
  at com.xemantic.typescript.compiler.TypeScriptCompilerTests_S.superPropertyAccessInSuperCall01_ts has expected errors matching superPropertyAccessInSuperCall01_errors_txt(TypeScriptCompilerTests_S.kt:3836)
  at java.base/jdk.internal.reflect.DirectMethodHandleAccessor.invoke(DirectMethodHandleAccessor.java:104)
  at java.base/java.lang.reflect.Method.invoke(Method.java:565)
  at org.junit.runners.model.FrameworkMethod$1.runReflectiveCall(FrameworkMethod.java:59)
  at org.junit.internal.runners.model.ReflectiveCallable.run(ReflectiveCallable.java:12)
  at org.junit.runners.model.FrameworkMethod.invokeExplosively(FrameworkMethod.java:56)
  at org.junit.internal.runners.statements.InvokeMethod.evaluate(InvokeMethod.java:17)
  at org.junit.runners.ParentRunner$3.evaluate(ParentRunner.java:306)
  at org.junit.runners.BlockJUnit4ClassRunner$1.evaluate(BlockJUnit4ClassRunner.java:100)
  at org.junit.runners.ParentRunner.runLeaf(ParentRunner.java:366)
  at org.junit.runners.BlockJUnit4ClassRunner.runChild(BlockJUnit4ClassRunner.java:103)
  at org.junit.runners.BlockJUnit4ClassRunner.runChild(BlockJUnit4ClassRunner.java:63)
  at org.junit.runners.ParentRunner$4.run(ParentRunner.java:331)
  at org.junit.runners.ParentRunner$1.schedule(ParentRunner.java:79)
  at org.junit.runners.ParentRunner.runChildren(ParentRunner.java:329)
  at org.junit.runners.ParentRunner.access$100(ParentRunner.java:66)
  at org.junit.runners.ParentRunner$2.evaluate(ParentRunner.java:293)
  at org.junit.runners.ParentRunner$3.evaluate(ParentRunner.java:306)
  at org.junit.runners.ParentRunner.run(ParentRunner.java:413)
  at org.junit.runner.JUnitCore.run(JUnitCore.java:137)
  at org.junit.runner.JUnitCore.run(JUnitCore.java:115)
  at org.gradle.api.internal.tasks.testing.junit.JUnitTestExecutor.runRequest(JUnitTestExecutor.java:175)
  at org.gradle.api.internal.tasks.testing.junit.JUnitTestExecutor.accept(JUnitTestExecutor.java:84)
  at org.gradle.api.internal.tasks.testing.junit.JUnitTestExecutor.accept(JUnitTestExecutor.java:47)
  at org.gradle.api.internal.tasks.testing.junit.AbstractJUnitTestDefinitionProcessor.processTestDefinition(AbstractJUnitTestDefinitionProcessor.java:65)
  at org.gradle.api.internal.tasks.testing.SuiteTestDefinitionProcessor.processTestDefinition(SuiteTestDefinitionProcessor.java:54)
  at java.base/jdk.internal.reflect.DirectMethodHandleAccessor.invoke(DirectMethodHandleAccessor.java:104)
  at java.base/java.lang.reflect.Method.invoke(Method.java:565)
  at org.gradle.internal.dispatch.MethodInvocation.invokeOn(MethodInvocation.java:77)
  at org.gradle.internal.dispatch.ReflectionDispatch.dispatch(ReflectionDispatch.java:28)
  at org.gradle.internal.dispatch.ReflectionDispatch.dispatch(ReflectionDispatch.java:19)
  at org.gradle.internal.dispatch.ContextClassLoaderDispatch.dispatch(ContextClassLoaderDispatch.java:33)
  at org.gradle.internal.dispatch.ProxyDispatchAdapter$DispatchingInvocationHandler.invoke(ProxyDispatchAdapter.java:88)
  at jdk.proxy1/jdk.proxy1.$Proxy4.processTestDefinition(Unknown Source)
  at org.gradle.api.internal.tasks.testing.worker.TestWorker$2.run(TestWorker.java:178)
  at org.gradle.api.internal.tasks.testing.worker.TestWorker.executeAndMaintainThreadName(TestWorker.java:126)
  at org.gradle.api.internal.tasks.testing.worker.TestWorker.execute(TestWorker.java:103)
  at org.gradle.api.internal.tasks.testing.worker.TestWorker.execute(TestWorker.java:63)
  at org.gradle.process.internal.worker.child.ActionExecutionWorker.execute(ActionExecutionWorker.java:56)
  at org.gradle.process.internal.worker.child.SystemApplicationClassLoaderWorker.call(SystemApplicationClassLoaderWorker.java:122)
  at org.gradle.process.internal.worker.child.SystemApplicationClassLoaderWorker.call(SystemApplicationClassLoaderWorker.java:72)
  at worker.org.gradle.process.internal.worker.GradleWorkerMain.run(GradleWorkerMain.java:69)
  at worker.org.gradle.process.internal.worker.GradleWorkerMain.main(GradleWorkerMain.java:74)
</stacktrace>
</test-failure>


TypeScriptCompilerTests_S[jvm] > superPropertyAccessInSuperCall01_ts has expected errors matching superPropertyAccessInSuperCall01_errors_txt[jvm] FAILED

<test-failure test="com.xemantic.typescript.compiler.TypeScriptCompilerTests_S.spreadUnionPropOverride_ts has expected errors matching spreadUnionPropOverride_errors_txt" platform="jvm">
<message>
Expected diagnostics from baseline typescript-repo/tests/baselines/reference/spreadUnionPropOverride.errors.txt but none produced
</message>
<stacktrace>
  at com.xemantic.typescript.compiler.TypeScriptTestSupportKt.errorsMatchBaseline(TypeScriptTestSupport.kt:125)
  at com.xemantic.typescript.compiler.TypeScriptCompilerTests_S.spreadUnionPropOverride_ts has expected errors matching spreadUnionPropOverride_errors_txt(TypeScriptCompilerTests_S.kt:2275)
  at java.base/jdk.internal.reflect.DirectMethodHandleAccessor.invoke(DirectMethodHandleAccessor.java:104)
  at java.base/java.lang.reflect.Method.invoke(Method.java:565)
  at org.junit.runners.model.FrameworkMethod$1.runReflectiveCall(FrameworkMethod.java:59)
  at org.junit.internal.runners.model.ReflectiveCallable.run(ReflectiveCallable.java:12)
  at org.junit.runners.model.FrameworkMethod.invokeExplosively(FrameworkMethod.java:56)
  at org.junit.internal.runners.statements.InvokeMethod.evaluate(InvokeMethod.java:17)
  at org.junit.runners.ParentRunner$3.evaluate(ParentRunner.java:306)
  at org.junit.runners.BlockJUnit4ClassRunner$1.evaluate(BlockJUnit4ClassRunner.java:100)
  at org.junit.runners.ParentRunner.runLeaf(ParentRunner.java:366)
  at org.junit.runners.BlockJUnit4ClassRunner.runChild(BlockJUnit4ClassRunner.java:103)
  at org.junit.runners.BlockJUnit4ClassRunner.runChild(BlockJUnit4ClassRunner.java:63)
  at org.junit.runners.ParentRunner$4.run(ParentRunner.java:331)
  at org.junit.runners.ParentRunner$1.schedule(ParentRunner.java:79)
  at org.junit.runners.ParentRunner.runChildren(ParentRunner.java:329)
  at org.junit.runners.ParentRunner.access$100(ParentRunner.java:66)
  at org.junit.runners.ParentRunner$2.evaluate(ParentRunner.java:293)
  at org.junit.runners.ParentRunner$3.evaluate(ParentRunner.java:306)
  at org.junit.runners.ParentRunner.run(ParentRunner.java:413)
  at org.junit.runner.JUnitCore.run(JUnitCore.java:137)
  at org.junit.runner.JUnitCore.run(JUnitCore.java:115)
  at org.gradle.api.internal.tasks.testing.junit.JUnitTestExecutor.runRequest(JUnitTestExecutor.java:175)
  at org.gradle.api.internal.tasks.testing.junit.JUnitTestExecutor.accept(JUnitTestExecutor.java:84)
  at org.gradle.api.internal.tasks.testing.junit.JUnitTestExecutor.accept(JUnitTestExecutor.java:47)
  at org.gradle.api.internal.tasks.testing.junit.AbstractJUnitTestDefinitionProcessor.processTestDefinition(AbstractJUnitTestDefinitionProcessor.java:65)
  at org.gradle.api.internal.tasks.testing.SuiteTestDefinitionProcessor.processTestDefinition(SuiteTestDefinitionProcessor.java:54)
  at java.base/jdk.internal.reflect.DirectMethodHandleAccessor.invoke(DirectMethodHandleAccessor.java:104)
  at java.base/java.lang.reflect.Method.invoke(Method.java:565)
  at org.gradle.internal.dispatch.MethodInvocation.invokeOn(MethodInvocation.java:77)
  at org.gradle.internal.dispatch.ReflectionDispatch.dispatch(ReflectionDispatch.java:28)
  at org.gradle.internal.dispatch.ReflectionDispatch.dispatch(ReflectionDispatch.java:19)
  at org.gradle.internal.dispatch.ContextClassLoaderDispatch.dispatch(ContextClassLoaderDispatch.java:33)
  at org.gradle.internal.dispatch.ProxyDispatchAdapter$DispatchingInvocationHandler.invoke(ProxyDispatchAdapter.java:88)
  at jdk.proxy1/jdk.proxy1.$Proxy4.processTestDefinition(Unknown Source)
  at org.gradle.api.internal.tasks.testing.worker.TestWorker$2.run(TestWorker.java:178)
  at org.gradle.api.internal.tasks.testing.worker.TestWorker.executeAndMaintainThreadName(TestWorker.java:126)
  at org.gradle.api.internal.tasks.testing.worker.TestWorker.execute(TestWorker.java:103)
  at org.gradle.api.internal.tasks.testing.worker.TestWorker.execute(TestWorker.java:63)
  at org.gradle.process.internal.worker.child.ActionExecutionWorker.execute(ActionExecutionWorker.java:56)
  at org.gradle.process.internal.worker.child.SystemApplicationClassLoaderWorker.call(SystemApplicationClassLoaderWorker.java:122)
  at org.gradle.process.internal.worker.child.SystemApplicationClassLoaderWorker.call(SystemApplicationClassLoaderWorker.java:72)
  at worker.org.gradle.process.internal.worker.GradleWorkerMain.run(GradleWorkerMain.java:69)
  at worker.org.gradle.process.internal.worker.GradleWorkerMain.main(GradleWorkerMain.java:74)
</stacktrace>
</test-failure>


TypeScriptCompilerTests_S[jvm] > spreadUnionPropOverride_ts has expected errors matching spreadUnionPropOverride_errors_txt[jvm] FAILED

<test-failure test="com.xemantic.typescript.compiler.TypeScriptCompilerTests_S.superPropertyAccess2_ts__target_es2015__has expected errors matching baseline" platform="jvm">
<message>
Expected diagnostics from baseline typescript-repo/tests/baselines/reference/superPropertyAccess2(target=es2015).errors.txt but none produced
</message>
<stacktrace>
  at com.xemantic.typescript.compiler.TypeScriptTestSupportKt.errorsMatchBaseline(TypeScriptTestSupport.kt:125)
  at com.xemantic.typescript.compiler.TypeScriptCompilerTests_S.superPropertyAccess2_ts__target_es2015__has expected errors matching baseline(TypeScriptCompilerTests_S.kt:3801)
  at java.base/jdk.internal.reflect.DirectMethodHandleAccessor.invoke(DirectMethodHandleAccessor.java:104)
  at java.base/java.lang.reflect.Method.invoke(Method.java:565)
  at org.junit.runners.model.FrameworkMethod$1.runReflectiveCall(FrameworkMethod.java:59)
  at org.junit.internal.runners.model.ReflectiveCallable.run(ReflectiveCallable.java:12)
  at org.junit.runners.model.FrameworkMethod.invokeExplosively(FrameworkMethod.java:56)
  at org.junit.internal.runners.statements.InvokeMethod.evaluate(InvokeMethod.java:17)
  at org.junit.runners.ParentRunner$3.evaluate(ParentRunner.java:306)
  at org.junit.runners.BlockJUnit4ClassRunner$1.evaluate(BlockJUnit4ClassRunner.java:100)
  at org.junit.runners.ParentRunner.runLeaf(ParentRunner.java:366)
  at org.junit.runners.BlockJUnit4ClassRunner.runChild(BlockJUnit4ClassRunner.java:103)
  at org.junit.runners.BlockJUnit4ClassRunner.runChild(BlockJUnit4ClassRunner.java:63)
  at org.junit.runners.ParentRunner$4.run(ParentRunner.java:331)
  at org.junit.runners.ParentRunner$1.schedule(ParentRunner.java:79)
  at org.junit.runners.ParentRunner.runChildren(ParentRunner.java:329)
  at org.junit.runners.ParentRunner.access$100(ParentRunner.java:66)
  at org.junit.runners.ParentRunner$2.evaluate(ParentRunner.java:293)
  at org.junit.runners.ParentRunner$3.evaluate(ParentRunner.java:306)
  at org.junit.runners.ParentRunner.run(ParentRunner.java:413)
  at org.junit.runner.JUnitCore.run(JUnitCore.java:137)
  at org.junit.runner.JUnitCore.run(JUnitCore.java:115)
  at org.gradle.api.internal.tasks.testing.junit.JUnitTestExecutor.runRequest(JUnitTestExecutor.java:175)
  at org.gradle.api.internal.tasks.testing.junit.JUnitTestExecutor.accept(JUnitTestExecutor.java:84)
  at org.gradle.api.internal.tasks.testing.junit.JUnitTestExecutor.accept(JUnitTestExecutor.java:47)
  at org.gradle.api.internal.tasks.testing.junit.AbstractJUnitTestDefinitionProcessor.processTestDefinition(AbstractJUnitTestDefinitionProcessor.java:65)
  at org.gradle.api.internal.tasks.testing.SuiteTestDefinitionProcessor.processTestDefinition(SuiteTestDefinitionProcessor.java:54)
  at java.base/jdk.internal.reflect.DirectMethodHandleAccessor.invoke(DirectMethodHandleAccessor.java:104)
  at java.base/java.lang.reflect.Method.invoke(Method.java:565)
  at org.gradle.internal.dispatch.MethodInvocation.invokeOn(MethodInvocation.java:77)
  at org.gradle.internal.dispatch.ReflectionDispatch.dispatch(ReflectionDispatch.java:28)
  at org.gradle.internal.dispatch.ReflectionDispatch.dispatch(ReflectionDispatch.java:19)
  at org.gradle.internal.dispatch.ContextClassLoaderDispatch.dispatch(ContextClassLoaderDispatch.java:33)
  at org.gradle.internal.dispatch.ProxyDispatchAdapter$DispatchingInvocationHandler.invoke(ProxyDispatchAdapter.java:88)
  at jdk.proxy1/jdk.proxy1.$Proxy4.processTestDefinition(Unknown Source)
  at org.gradle.api.internal.tasks.testing.worker.TestWorker$2.run(TestWorker.java:178)
  at org.gradle.api.internal.tasks.testing.worker.TestWorker.executeAndMaintainThreadName(TestWorker.java:126)
  at org.gradle.api.internal.tasks.testing.worker.TestWorker.execute(TestWorker.java:103)
  at org.gradle.api.internal.tasks.testing.worker.TestWorker.execute(TestWorker.java:63)
  at org.gradle.process.internal.worker.child.ActionExecutionWorker.execute(ActionExecutionWorker.java:56)
  at org.gradle.process.internal.worker.child.SystemApplicationClassLoaderWorker.call(SystemApplicationClassLoaderWorker.java:122)
  at org.gradle.process.internal.worker.child.SystemApplicationClassLoaderWorker.call(SystemApplicationClassLoaderWorker.java:72)
  at worker.org.gradle.process.internal.worker.GradleWorkerMain.run(GradleWorkerMain.java:69)
  at worker.org.gradle.process.internal.worker.GradleWorkerMain.main(GradleWorkerMain.java:74)
</stacktrace>
</test-failure>


TypeScriptCompilerTests_S[jvm] > superPropertyAccess2_ts__target_es2015__has expected errors matching baseline[jvm] FAILED

<test-failure test="com.xemantic.typescript.compiler.TypeScriptCompilerTests_S.shorthandPropertyAssignmentsInDestructuring_ts__target_es5__has expected errors matching baseline" platform="jvm">
<message>
--- expected
+++ actual
@@ -1,17 +1,9 @@
 error TS5107: Option 'target=ES5' is deprecated and will stop functioning in TypeScript 7.0. Specify compilerOption '"ignoreDeprecations": "6.0"' to silence this error.
-shorthandPropertyAssignmentsInDestructuring.ts(38,9): error TS2322: Type 'number' is not assignable to type 'string'.
-shorthandPropertyAssignmentsInDestructuring.ts(44,12): error TS2322: Type 'number' is not assignable to type 'string'.
-shorthandPropertyAssignmentsInDestructuring.ts(70,5): error TS2322: Type 'number' is not assignable to type 'string'.
-shorthandPropertyAssignmentsInDestructuring.ts(75,8): error TS2322: Type 'number' is not assignable to type 'string'.
-shorthandPropertyAssignmentsInDestructuring.ts(80,5): error TS2322: Type 'number' is not assignable to type 'string'.
-shorthandPropertyAssignmentsInDestructuring.ts(80,20): error TS2322: Type 'number' is not assignable to type 'string'.
-shorthandPropertyAssignmentsInDestructuring.ts(85,8): error TS2322: Type 'number' is not assignable to type 'string'.
-shorthandPropertyAssignmentsInDestructuring.ts(85,26): error TS2322: Type 'number' is not assignable to type 'string'.
-shorthandPropertyAssignmentsInDestructuring.ts(111,14): error TS1312: Did you mean to use a ':'? An '=' can only follow a property name when the containing object literal is part of a destructuring pattern.
+shorthandPropertyAssignmentsInDestructuring.ts(111,12): error TS18004: No value exists in scope for the shorthand property 's'. Either declare one or provide an initializer.
 
 
 !!! error TS5107: Option 'target=ES5' is deprecated and will stop functioning in TypeScript 7.0. Specify compilerOption '"ignoreDeprecations": "6.0"' to silence this error.
-==== shorthandPropertyAssignmentsInDestructuring.ts (9 errors) ====
+==== shorthandPropertyAssignmentsInDestructuring.ts (1 errors) ====
     (function() {
     	var s0;
     	for ({ s0 = 5 } of [{ s0: 1 }]) {
@@ -50,16 +42,12 @@
     (function() {
     	var s3: string;
     	for ({ s3 = 5 } of [{ s3: "" }]) {
-    	       ~~
-!!! error TS2322: Type 'number' is not assignable to type 'string'.
     	}
     });
     
     (function() {
     	var s3: string;
     	for ({ s3:s3 = 5 } of [{ s3: "" }]) {
-    	          ~~
-!!! error TS2322: Type 'number' is not assignable to type 'string'.
     	}
     });
     
@@ -86,35 +74,21 @@
     (function() {
     	let y1: string;
     	({ y1 = 5 } = {})
-    	   ~~
-!!! error TS2322: Type 'number' is not assignable to type 'string'.
     });
     
     (function() {
     	let y1: string;
     	({ y1:y1 = 5 } = {})
-    	      ~~
-!!! error TS2322: Type 'number' is not assignable to type 'string'.
     });
     
     (function() {
     	let y2: string, y3: { x: string };
     	({ y2 = 5, y3 = { x: 1 } } = {})
-    	   ~~
-!!! error TS2322: Type 'number' is not assignable to type 'string'.
-    	                  ~
-!!! error TS2322: Type 'number' is not assignable to type 'string'.
-!!! related TS6500 shorthandPropertyAssignmentsInDestructuring.ts:79:24: The expected type comes from property 'x' which is declared here on type '{ x: string; }'
     });
     
     (function() {
     	let y2: string, y3: { x: string };
     	({ y2:y2 = 5, y3:y3 = { x: 1 } } = {})
-    	      ~~
-!!! error TS2322: Type 'number' is not assignable to type 'string'.
-    	                        ~
-!!! error TS2322: Type 'number' is not assignable to type 'string'.
-!!! related TS6500 shorthandPropertyAssignmentsInDestructuring.ts:84:24: The expected type comes from property 'x' which is declared here on type '{ x: string; }'
     });
     
     (function() {
@@ -141,8 +115,8 @@
     
     (function() {
     	let a = { s = 5 };
-    	            ~
-!!! error TS1312: Did you mean to use a ':'? An '=' can only follow a property name when the containing object literal is part of a destructuring pattern.
+    	          ~
+!!! error TS18004: No value exists in scope for the shorthand property 's'. Either declare one or provide an initializer.
     });
     
     function foo({a = 4, b = { x: 5 }}) {

</message>
<stacktrace>
  at org.junit.Assert.fail(Assert.java:89)
  at kotlin.test.junit.JUnitAsserter.fail(JUnitSupport.kt:56)
  at kotlin.test.AssertionsKt__AssertionsKt.fail(Assertions.kt:563)
  at kotlin.test.AssertionsKt.fail(Unknown Source)
  at com.xemantic.kotlin.test.SameAsKt.sameAs(SameAs.kt:52)
  at com.xemantic.typescript.compiler.TypeScriptTestSupportKt.errorsMatchBaseline(TypeScriptTestSupport.kt:135)
  at com.xemantic.typescript.compiler.TypeScriptCompilerTests_S.shorthandPropertyAssignmentsInDestructuring_ts__target_es5__has expected errors matching baseline(TypeScriptCompilerTests_S.kt:546)
  at java.base/jdk.internal.reflect.DirectMethodHandleAccessor.invoke(DirectMethodHandleAccessor.java:104)
  at java.base/java.lang.reflect.Method.invoke(Method.java:565)
  at org.junit.runners.model.FrameworkMethod$1.runReflectiveCall(FrameworkMethod.java:59)
  at org.junit.internal.runners.model.ReflectiveCallable.run(ReflectiveCallable.java:12)
  at org.junit.runners.model.FrameworkMethod.invokeExplosively(FrameworkMethod.java:56)
  at org.junit.internal.runners.statements.InvokeMethod.evaluate(InvokeMethod.java:17)
  at org.junit.runners.ParentRunner$3.evaluate(ParentRunner.java:306)
  at org.junit.runners.BlockJUnit4ClassRunner$1.evaluate(BlockJUnit4ClassRunner.java:100)
  at org.junit.runners.ParentRunner.runLeaf(ParentRunner.java:366)
  at org.junit.runners.BlockJUnit4ClassRunner.runChild(BlockJUnit4ClassRunner.java:103)
  at org.junit.runners.BlockJUnit4ClassRunner.runChild(BlockJUnit4ClassRunner.java:63)
  at org.junit.runners.ParentRunner$4.run(ParentRunner.java:331)
  at org.junit.runners.ParentRunner$1.schedule(ParentRunner.java:79)
  at org.junit.runners.ParentRunner.runChildren(ParentRunner.java:329)
  at org.junit.runners.ParentRunner.access$100(ParentRunner.java:66)
  at org.junit.runners.ParentRunner$2.evaluate(ParentRunner.java:293)
  at org.junit.runners.ParentRunner$3.evaluate(ParentRunner.java:306)
  at org.junit.runners.ParentRunner.run(ParentRunner.java:413)
  at org.junit.runner.JUnitCore.run(JUnitCore.java:137)
  at org.junit.runner.JUnitCore.run(JUnitCore.java:115)
  at org.gradle.api.internal.tasks.testing.junit.JUnitTestExecutor.runRequest(JUnitTestExecutor.java:175)
  at org.gradle.api.internal.tasks.testing.junit.JUnitTestExecutor.accept(JUnitTestExecutor.java:84)
  at org.gradle.api.internal.tasks.testing.junit.JUnitTestExecutor.accept(JUnitTestExecutor.java:47)
  at org.gradle.api.internal.tasks.testing.junit.AbstractJUnitTestDefinitionProcessor.processTestDefinition(AbstractJUnitTestDefinitionProcessor.java:65)
  at org.gradle.api.internal.tasks.testing.SuiteTestDefinitionProcessor.processTestDefinition(SuiteTestDefinitionProcessor.java:54)
  at java.base/jdk.internal.reflect.DirectMethodHandleAccessor.invoke(DirectMethodHandleAccessor.java:104)
  at java.base/java.lang.reflect.Method.invoke(Method.java:565)
  at org.gradle.internal.dispatch.MethodInvocation.invokeOn(MethodInvocation.java:77)
  at org.gradle.internal.dispatch.ReflectionDispatch.dispatch(ReflectionDispatch.java:28)
  at org.gradle.internal.dispatch.ReflectionDispatch.dispatch(ReflectionDispatch.java:19)
  at org.gradle.internal.dispatch.ContextClassLoaderDispatch.dispatch(ContextClassLoaderDispatch.java:33)
  at org.gradle.internal.dispatch.ProxyDispatchAdapter$DispatchingInvocationHandler.invoke(ProxyDispatchAdapter.java:88)
  at jdk.proxy1/jdk.proxy1.$Proxy4.processTestDefinition(Unknown Source)
  at org.gradle.api.internal.tasks.testing.worker.TestWorker$2.run(TestWorker.java:178)
  at org.gradle.api.internal.tasks.testing.worker.TestWorker.executeAndMaintainThreadName(TestWorker.java:126)
  at org.gradle.api.internal.tasks.testing.worker.TestWorker.execute(TestWorker.java:103)
  at org.gradle.api.internal.tasks.testing.worker.TestWorker.execute(TestWorker.java:63)
  at org.gradle.process.internal.worker.child.ActionExecutionWorker.execute(ActionExecutionWorker.java:56)
  at org.gradle.process.internal.worker.child.SystemApplicationClassLoaderWorker.call(SystemApplicationClassLoaderWorker.java:122)
  at org.gradle.process.internal.worker.child.SystemApplicationClassLoaderWorker.call(SystemApplicationClassLoaderWorker.java:72)
  at worker.org.gradle.process.internal.worker.GradleWorkerMain.run(GradleWorkerMain.java:69)
  at worker.org.gradle.process.internal.worker.GradleWorkerMain.main(GradleWorkerMain.java:74)
</stacktrace>
</test-failure>


TypeScriptCompilerTests_S[jvm] > shorthandPropertyAssignmentsInDestructuring_ts__target_es5__has expected errors matching baseline[jvm] FAILED

<test-failure test="com.xemantic.typescript.compiler.TypeScriptCompilerTests_S.sourceMapValidationDestructuringForOfObjectBindingPatternDefaultValues2_ts__target_es2015__has expected errors matching baseline" platform="jvm">
<message>
Expected diagnostics from baseline typescript-repo/tests/baselines/reference/sourceMapValidationDestructuringForOfObjectBindingPatternDefaultValues2(target=es2015).errors.txt but none produced
</message>
<stacktrace>
  at com.xemantic.typescript.compiler.TypeScriptTestSupportKt.errorsMatchBaseline(TypeScriptTestSupport.kt:125)
  at com.xemantic.typescript.compiler.TypeScriptCompilerTests_S.sourceMapValidationDestructuringForOfObjectBindingPatternDefaultValues2_ts__target_es2015__has expected errors matching baseline(TypeScriptCompilerTests_S.kt:1379)
  at java.base/jdk.internal.reflect.DirectMethodHandleAccessor.invoke(DirectMethodHandleAccessor.java:104)
  at java.base/java.lang.reflect.Method.invoke(Method.java:565)
  at org.junit.runners.model.FrameworkMethod$1.runReflectiveCall(FrameworkMethod.java:59)
  at org.junit.internal.runners.model.ReflectiveCallable.run(ReflectiveCallable.java:12)
  at org.junit.runners.model.FrameworkMethod.invokeExplosively(FrameworkMethod.java:56)
  at org.junit.internal.runners.statements.InvokeMethod.evaluate(InvokeMethod.java:17)
  at org.junit.runners.ParentRunner$3.evaluate(ParentRunner.java:306)
  at org.junit.runners.BlockJUnit4ClassRunner$1.evaluate(BlockJUnit4ClassRunner.java:100)
  at org.junit.runners.ParentRunner.runLeaf(ParentRunner.java:366)
  at org.junit.runners.BlockJUnit4ClassRunner.runChild(BlockJUnit4ClassRunner.java:103)
  at org.junit.runners.BlockJUnit4ClassRunner.runChild(BlockJUnit4ClassRunner.java:63)
  at org.junit.runners.ParentRunner$4.run(ParentRunner.java:331)
  at org.junit.runners.ParentRunner$1.schedule(ParentRunner.java:79)
  at org.junit.runners.ParentRunner.runChildren(ParentRunner.java:329)
  at org.junit.runners.ParentRunner.access$100(ParentRunner.java:66)
  at org.junit.runners.ParentRunner$2.evaluate(ParentRunner.java:293)
  at org.junit.runners.ParentRunner$3.evaluate(ParentRunner.java:306)
  at org.junit.runners.ParentRunner.run(ParentRunner.java:413)
  at org.junit.runner.JUnitCore.run(JUnitCore.java:137)
  at org.junit.runner.JUnitCore.run(JUnitCore.java:115)
  at org.gradle.api.internal.tasks.testing.junit.JUnitTestExecutor.runRequest(JUnitTestExecutor.java:175)
  at org.gradle.api.internal.tasks.testing.junit.JUnitTestExecutor.accept(JUnitTestExecutor.java:84)
  at org.gradle.api.internal.tasks.testing.junit.JUnitTestExecutor.accept(JUnitTestExecutor.java:47)
  at org.gradle.api.internal.tasks.testing.junit.AbstractJUnitTestDefinitionProcessor.processTestDefinition(AbstractJUnitTestDefinitionProcessor.java:65)
  at org.gradle.api.internal.tasks.testing.SuiteTestDefinitionProcessor.processTestDefinition(SuiteTestDefinitionProcessor.java:54)
  at java.base/jdk.internal.reflect.DirectMethodHandleAccessor.invoke(DirectMethodHandleAccessor.java:104)
  at java.base/java.lang.reflect.Method.invoke(Method.java:565)
  at org.gradle.internal.dispatch.MethodInvocation.invokeOn(MethodInvocation.java:77)
  at org.gradle.internal.dispatch.ReflectionDispatch.dispatch(ReflectionDispatch.java:28)
  at org.gradle.internal.dispatch.ReflectionDispatch.dispatch(ReflectionDispatch.java:19)
  at org.gradle.internal.dispatch.ContextClassLoaderDispatch.dispatch(ContextClassLoaderDispatch.java:33)
  at org.gradle.internal.dispatch.ProxyDispatchAdapter$DispatchingInvocationHandler.invoke(ProxyDispatchAdapter.java:88)
  at jdk.proxy1/jdk.proxy1.$Proxy4.processTestDefinition(Unknown Source)
  at org.gradle.api.internal.tasks.testing.worker.TestWorker$2.run(TestWorker.java:178)
  at org.gradle.api.internal.tasks.testing.worker.TestWorker.executeAndMaintainThreadName(TestWorker.java:126)
  at org.gradle.api.internal.tasks.testing.worker.TestWorker.execute(TestWorker.java:103)
  at org.gradle.api.internal.tasks.testing.worker.TestWorker.execute(TestWorker.java:63)
  at org.gradle.process.internal.worker.child.ActionExecutionWorker.execute(ActionExecutionWorker.java:56)
  at org.gradle.process.internal.worker.child.SystemApplicationClassLoaderWorker.call(SystemApplicationClassLoaderWorker.java:122)
  at org.gradle.process.internal.worker.child.SystemApplicationClassLoaderWorker.call(SystemApplicationClassLoaderWorker.java:72)
  at worker.org.gradle.process.internal.worker.GradleWorkerMain.run(GradleWorkerMain.java:69)
  at worker.org.gradle.process.internal.worker.GradleWorkerMain.main(GradleWorkerMain.java:74)
</stacktrace>
</test-failure>


TypeScriptCompilerTests_S[jvm] > sourceMapValidationDestructuringForOfObjectBindingPatternDefaultValues2_ts__target_es2015__has expected errors matching baseline[jvm] FAILED

<test-failure test="com.xemantic.typescript.compiler.TypeScriptCompilerTests_S.stringIndexerAssignments1_ts has expected errors matching stringIndexerAssignments1_errors_txt" platform="jvm">
<message>
Expected diagnostics from baseline typescript-repo/tests/baselines/reference/stringIndexerAssignments1.errors.txt but none produced
</message>
<stacktrace>
  at com.xemantic.typescript.compiler.TypeScriptTestSupportKt.errorsMatchBaseline(TypeScriptTestSupport.kt:125)
  at com.xemantic.typescript.compiler.TypeScriptCompilerTests_S.stringIndexerAssignments1_ts has expected errors matching stringIndexerAssignments1_errors_txt(TypeScriptCompilerTests_S.kt:3087)
  at java.base/jdk.internal.reflect.DirectMethodHandleAccessor.invoke(DirectMethodHandleAccessor.java:104)
  at java.base/java.lang.reflect.Method.invoke(Method.java:565)
  at org.junit.runners.model.FrameworkMethod$1.runReflectiveCall(FrameworkMethod.java:59)
  at org.junit.internal.runners.model.ReflectiveCallable.run(ReflectiveCallable.java:12)
  at org.junit.runners.model.FrameworkMethod.invokeExplosively(FrameworkMethod.java:56)
  at org.junit.internal.runners.statements.InvokeMethod.evaluate(InvokeMethod.java:17)
  at org.junit.runners.ParentRunner$3.evaluate(ParentRunner.java:306)
  at org.junit.runners.BlockJUnit4ClassRunner$1.evaluate(BlockJUnit4ClassRunner.java:100)
  at org.junit.runners.ParentRunner.runLeaf(ParentRunner.java:366)
  at org.junit.runners.BlockJUnit4ClassRunner.runChild(BlockJUnit4ClassRunner.java:103)
  at org.junit.runners.BlockJUnit4ClassRunner.runChild(BlockJUnit4ClassRunner.java:63)
  at org.junit.runners.ParentRunner$4.run(ParentRunner.java:331)
  at org.junit.runners.ParentRunner$1.schedule(ParentRunner.java:79)
  at org.junit.runners.ParentRunner.runChildren(ParentRunner.java:329)
  at org.junit.runners.ParentRunner.access$100(ParentRunner.java:66)
  at org.junit.runners.ParentRunner$2.evaluate(ParentRunner.java:293)
  at org.junit.runners.ParentRunner$3.evaluate(ParentRunner.java:306)
  at org.junit.runners.ParentRunner.run(ParentRunner.java:413)
  at org.junit.runner.JUnitCore.run(JUnitCore.java:137)
  at org.junit.runner.JUnitCore.run(JUnitCore.java:115)
  at org.gradle.api.internal.tasks.testing.junit.JUnitTestExecutor.runRequest(JUnitTestExecutor.java:175)
  at org.gradle.api.internal.tasks.testing.junit.JUnitTestExecutor.accept(JUnitTestExecutor.java:84)
  at org.gradle.api.internal.tasks.testing.junit.JUnitTestExecutor.accept(JUnitTestExecutor.java:47)
  at org.gradle.api.internal.tasks.testing.junit.AbstractJUnitTestDefinitionProcessor.processTestDefinition(AbstractJUnitTestDefinitionProcessor.java:65)
  at org.gradle.api.internal.tasks.testing.SuiteTestDefinitionProcessor.processTestDefinition(SuiteTestDefinitionProcessor.java:54)
  at java.base/jdk.internal.reflect.DirectMethodHandleAccessor.invoke(DirectMethodHandleAccessor.java:104)
  at java.base/java.lang.reflect.Method.invoke(Method.java:565)
  at org.gradle.internal.dispatch.MethodInvocation.invokeOn(MethodInvocation.java:77)
  at org.gradle.internal.dispatch.ReflectionDispatch.dispatch(ReflectionDispatch.java:28)
  at org.gradle.internal.dispatch.ReflectionDispatch.dispatch(ReflectionDispatch.java:19)
  at org.gradle.internal.dispatch.ContextClassLoaderDispatch.dispatch(ContextClassLoaderDispatch.java:33)
  at org.gradle.internal.dispatch.ProxyDispatchAdapter$DispatchingInvocationHandler.invoke(ProxyDispatchAdapter.java:88)
  at jdk.proxy1/jdk.proxy1.$Proxy4.processTestDefinition(Unknown Source)
  at org.gradle.api.internal.tasks.testing.worker.TestWorker$2.run(TestWorker.java:178)
  at org.gradle.api.internal.tasks.testing.worker.TestWorker.executeAndMaintainThreadName(TestWorker.java:126)
  at org.gradle.api.internal.tasks.testing.worker.TestWorker.execute(TestWorker.java:103)
  at org.gradle.api.internal.tasks.testing.worker.TestWorker.execute(TestWorker.java:63)
  at org.gradle.process.internal.worker.child.ActionExecutionWorker.execute(ActionExecutionWorker.java:56)
  at org.gradle.process.internal.worker.child.SystemApplicationClassLoaderWorker.call(SystemApplicationClassLoaderWorker.java:122)
  at org.gradle.process.internal.worker.child.SystemApplicationClassLoaderWorker.call(SystemApplicationClassLoaderWorker.java:72)
  at worker.org.gradle.process.internal.worker.GradleWorkerMain.run(GradleWorkerMain.java:69)
  at worker.org.gradle.process.internal.worker.GradleWorkerMain.main(GradleWorkerMain.java:74)
</stacktrace>
</test-failure>


TypeScriptCompilerTests_S[jvm] > stringIndexerAssignments1_ts has expected errors matching stringIndexerAssignments1_errors_txt[jvm] FAILED

<test-failure test="com.xemantic.typescript.compiler.TypeScriptCompilerTests_S.setMethods_ts has expected errors matching setMethods_errors_txt" platform="jvm">
<message>
Expected diagnostics from baseline typescript-repo/tests/baselines/reference/setMethods.errors.txt but none produced
</message>
<stacktrace>
  at com.xemantic.typescript.compiler.TypeScriptTestSupportKt.errorsMatchBaseline(TypeScriptTestSupport.kt:125)
  at com.xemantic.typescript.compiler.TypeScriptCompilerTests_S.setMethods_ts has expected errors matching setMethods_errors_txt(TypeScriptCompilerTests_S.kt:329)
  at java.base/jdk.internal.reflect.DirectMethodHandleAccessor.invoke(DirectMethodHandleAccessor.java:104)
  at java.base/java.lang.reflect.Method.invoke(Method.java:565)
  at org.junit.runners.model.FrameworkMethod$1.runReflectiveCall(FrameworkMethod.java:59)
  at org.junit.internal.runners.model.ReflectiveCallable.run(ReflectiveCallable.java:12)
  at org.junit.runners.model.FrameworkMethod.invokeExplosively(FrameworkMethod.java:56)
  at org.junit.internal.runners.statements.InvokeMethod.evaluate(InvokeMethod.java:17)
  at org.junit.runners.ParentRunner$3.evaluate(ParentRunner.java:306)
  at org.junit.runners.BlockJUnit4ClassRunner$1.evaluate(BlockJUnit4ClassRunner.java:100)
  at org.junit.runners.ParentRunner.runLeaf(ParentRunner.java:366)
  at org.junit.runners.BlockJUnit4ClassRunner.runChild(BlockJUnit4ClassRunner.java:103)
  at org.junit.runners.BlockJUnit4ClassRunner.runChild(BlockJUnit4ClassRunner.java:63)
  at org.junit.runners.ParentRunner$4.run(ParentRunner.java:331)
  at org.junit.runners.ParentRunner$1.schedule(ParentRunner.java:79)
  at org.junit.runners.ParentRunner.runChildren(ParentRunner.java:329)
  at org.junit.runners.ParentRunner.access$100(ParentRunner.java:66)
  at org.junit.runners.ParentRunner$2.evaluate(ParentRunner.java:293)
  at org.junit.runners.ParentRunner$3.evaluate(ParentRunner.java:306)
  at org.junit.runners.ParentRunner.run(ParentRunner.java:413)
  at org.junit.runner.JUnitCore.run(JUnitCore.java:137)
  at org.junit.runner.JUnitCore.run(JUnitCore.java:115)
  at org.gradle.api.internal.tasks.testing.junit.JUnitTestExecutor.runRequest(JUnitTestExecutor.java:175)
  at org.gradle.api.internal.tasks.testing.junit.JUnitTestExecutor.accept(JUnitTestExecutor.java:84)
  at org.gradle.api.internal.tasks.testing.junit.JUnitTestExecutor.accept(JUnitTestExecutor.java:47)
  at org.gradle.api.internal.tasks.testing.junit.AbstractJUnitTestDefinitionProcessor.processTestDefinition(AbstractJUnitTestDefinitionProcessor.java:65)
  at org.gradle.api.internal.tasks.testing.SuiteTestDefinitionProcessor.processTestDefinition(SuiteTestDefinitionProcessor.java:54)
  at java.base/jdk.internal.reflect.DirectMethodHandleAccessor.invoke(DirectMethodHandleAccessor.java:104)
  at java.base/java.lang.reflect.Method.invoke(Method.java:565)
  at org.gradle.internal.dispatch.MethodInvocation.invokeOn(MethodInvocation.java:77)
  at org.gradle.internal.dispatch.ReflectionDispatch.dispatch(ReflectionDispatch.java:28)
  at org.gradle.internal.dispatch.ReflectionDispatch.dispatch(ReflectionDispatch.java:19)
  at org.gradle.internal.dispatch.ContextClassLoaderDispatch.dispatch(ContextClassLoaderDispatch.java:33)
  at org.gradle.internal.dispatch.ProxyDispatchAdapter$DispatchingInvocationHandler.invoke(ProxyDispatchAdapter.java:88)
  at jdk.proxy1/jdk.proxy1.$Proxy4.processTestDefinition(Unknown Source)
  at org.gradle.api.internal.tasks.testing.worker.TestWorker$2.run(TestWorker.java:178)
  at org.gradle.api.internal.tasks.testing.worker.TestWorker.executeAndMaintainThreadName(TestWorker.java:126)
  at org.gradle.api.internal.tasks.testing.worker.TestWorker.execute(TestWorker.java:103)
  at org.gradle.api.internal.tasks.testing.worker.TestWorker.execute(TestWorker.java:63)
  at org.gradle.process.internal.worker.child.ActionExecutionWorker.execute(ActionExecutionWorker.java:56)
  at org.gradle.process.internal.worker.child.SystemApplicationClassLoaderWorker.call(SystemApplicationClassLoaderWorker.java:122)
  at org.gradle.process.internal.worker.child.SystemApplicationClassLoaderWorker.call(SystemApplicationClassLoaderWorker.java:72)
  at worker.org.gradle.process.internal.worker.GradleWorkerMain.run(GradleWorkerMain.java:69)
  at worker.org.gradle.process.internal.worker.GradleWorkerMain.main(GradleWorkerMain.java:74)
</stacktrace>
</test-failure>


TypeScriptCompilerTests_S[jvm] > setMethods_ts has expected errors matching setMethods_errors_txt[jvm] FAILED

<test-failure test="com.xemantic.typescript.compiler.TypeScriptCompilerTests_S.stringIndexerAndConstructor_ts has expected errors matching stringIndexerAndConstructor_errors_txt" platform="jvm">
<message>
Expected diagnostics from baseline typescript-repo/tests/baselines/reference/stringIndexerAndConstructor.errors.txt but none produced
</message>
<stacktrace>
  at com.xemantic.typescript.compiler.TypeScriptTestSupportKt.errorsMatchBaseline(TypeScriptTestSupport.kt:125)
  at com.xemantic.typescript.compiler.TypeScriptCompilerTests_S.stringIndexerAndConstructor_ts has expected errors matching stringIndexerAndConstructor_errors_txt(TypeScriptCompilerTests_S.kt:3059)
  at java.base/jdk.internal.reflect.DirectMethodHandleAccessor.invoke(DirectMethodHandleAccessor.java:104)
  at java.base/java.lang.reflect.Method.invoke(Method.java:565)
  at org.junit.runners.model.FrameworkMethod$1.runReflectiveCall(FrameworkMethod.java:59)
  at org.junit.internal.runners.model.ReflectiveCallable.run(ReflectiveCallable.java:12)
  at org.junit.runners.model.FrameworkMethod.invokeExplosively(FrameworkMethod.java:56)
  at org.junit.internal.runners.statements.InvokeMethod.evaluate(InvokeMethod.java:17)
  at org.junit.runners.ParentRunner$3.evaluate(ParentRunner.java:306)
  at org.junit.runners.BlockJUnit4ClassRunner$1.evaluate(BlockJUnit4ClassRunner.java:100)
  at org.junit.runners.ParentRunner.runLeaf(ParentRunner.java:366)
  at org.junit.runners.BlockJUnit4ClassRunner.runChild(BlockJUnit4ClassRunner.java:103)
  at org.junit.runners.BlockJUnit4ClassRunner.runChild(BlockJUnit4ClassRunner.java:63)
  at org.junit.runners.ParentRunner$4.run(ParentRunner.java:331)
  at org.junit.runners.ParentRunner$1.schedule(ParentRunner.java:79)
  at org.junit.runners.ParentRunner.runChildren(ParentRunner.java:329)
  at org.junit.runners.ParentRunner.access$100(ParentRunner.java:66)
  at org.junit.runners.ParentRunner$2.evaluate(ParentRunner.java:293)
  at org.junit.runners.ParentRunner$3.evaluate(ParentRunner.java:306)
  at org.junit.runners.ParentRunner.run(ParentRunner.java:413)
  at org.junit.runner.JUnitCore.run(JUnitCore.java:137)
  at org.junit.runner.JUnitCore.run(JUnitCore.java:115)
  at org.gradle.api.internal.tasks.testing.junit.JUnitTestExecutor.runRequest(JUnitTestExecutor.java:175)
  at org.gradle.api.internal.tasks.testing.junit.JUnitTestExecutor.accept(JUnitTestExecutor.java:84)
  at org.gradle.api.internal.tasks.testing.junit.JUnitTestExecutor.accept(JUnitTestExecutor.java:47)
  at org.gradle.api.internal.tasks.testing.junit.AbstractJUnitTestDefinitionProcessor.processTestDefinition(AbstractJUnitTestDefinitionProcessor.java:65)
  at org.gradle.api.internal.tasks.testing.SuiteTestDefinitionProcessor.processTestDefinition(SuiteTestDefinitionProcessor.java:54)
  at java.base/jdk.internal.reflect.DirectMethodHandleAccessor.invoke(DirectMethodHandleAccessor.java:104)
  at java.base/java.lang.reflect.Method.invoke(Method.java:565)
  at org.gradle.internal.dispatch.MethodInvocation.invokeOn(MethodInvocation.java:77)
  at org.gradle.internal.dispatch.ReflectionDispatch.dispatch(ReflectionDispatch.java:28)
  at org.gradle.internal.dispatch.ReflectionDispatch.dispatch(ReflectionDispatch.java:19)
  at org.gradle.internal.dispatch.ContextClassLoaderDispatch.dispatch(ContextClassLoaderDispatch.java:33)
  at org.gradle.internal.dispatch.ProxyDispatchAdapter$DispatchingInvocationHandler.invoke(ProxyDispatchAdapter.java:88)
  at jdk.proxy1/jdk.proxy1.$Proxy4.processTestDefinition(Unknown Source)
  at org.gradle.api.internal.tasks.testing.worker.TestWorker$2.run(TestWorker.java:178)
  at org.gradle.api.internal.tasks.testing.worker.TestWorker.executeAndMaintainThreadName(TestWorker.java:126)
  at org.gradle.api.internal.tasks.testing.worker.TestWorker.execute(TestWorker.java:103)
  at org.gradle.api.internal.tasks.testing.worker.TestWorker.execute(TestWorker.java:63)
  at org.gradle.process.internal.worker.child.ActionExecutionWorker.execute(ActionExecutionWorker.java:56)
  at org.gradle.process.internal.worker.child.SystemApplicationClassLoaderWorker.call(SystemApplicationClassLoaderWorker.java:122)
  at org.gradle.process.internal.worker.child.SystemApplicationClassLoaderWorker.call(SystemApplicationClassLoaderWorker.java:72)
  at worker.org.gradle.process.internal.worker.GradleWorkerMain.run(GradleWorkerMain.java:69)
  at worker.org.gradle.process.internal.worker.GradleWorkerMain.main(GradleWorkerMain.java:74)
</stacktrace>
</test-failure>


TypeScriptCompilerTests_S[jvm] > stringIndexerAndConstructor_ts has expected errors matching stringIndexerAndConstructor_errors_txt[jvm] FAILED

<test-failure test="com.xemantic.typescript.compiler.TypeScriptCompilerTests_S.staticVisibility2_ts has expected errors matching staticVisibility2_errors_txt" platform="jvm">
<message>
Expected diagnostics from baseline typescript-repo/tests/baselines/reference/staticVisibility2.errors.txt but none produced
</message>
<stacktrace>
  at com.xemantic.typescript.compiler.TypeScriptTestSupportKt.errorsMatchBaseline(TypeScriptTestSupport.kt:125)
  at com.xemantic.typescript.compiler.TypeScriptCompilerTests_S.staticVisibility2_ts has expected errors matching staticVisibility2_errors_txt(TypeScriptCompilerTests_S.kt:2709)
  at java.base/jdk.internal.reflect.DirectMethodHandleAccessor.invoke(DirectMethodHandleAccessor.java:104)
  at java.base/java.lang.reflect.Method.invoke(Method.java:565)
  at org.junit.runners.model.FrameworkMethod$1.runReflectiveCall(FrameworkMethod.java:59)
  at org.junit.internal.runners.model.ReflectiveCallable.run(ReflectiveCallable.java:12)
  at org.junit.runners.model.FrameworkMethod.invokeExplosively(FrameworkMethod.java:56)
  at org.junit.internal.runners.statements.InvokeMethod.evaluate(InvokeMethod.java:17)
  at org.junit.runners.ParentRunner$3.evaluate(ParentRunner.java:306)
  at org.junit.runners.BlockJUnit4ClassRunner$1.evaluate(BlockJUnit4ClassRunner.java:100)
  at org.junit.runners.ParentRunner.runLeaf(ParentRunner.java:366)
  at org.junit.runners.BlockJUnit4ClassRunner.runChild(BlockJUnit4ClassRunner.java:103)
  at org.junit.runners.BlockJUnit4ClassRunner.runChild(BlockJUnit4ClassRunner.java:63)
  at org.junit.runners.ParentRunner$4.run(ParentRunner.java:331)
  at org.junit.runners.ParentRunner$1.schedule(ParentRunner.java:79)
  at org.junit.runners.ParentRunner.runChildren(ParentRunner.java:329)
  at org.junit.runners.ParentRunner.access$100(ParentRunner.java:66)
  at org.junit.runners.ParentRunner$2.evaluate(ParentRunner.java:293)
  at org.junit.runners.ParentRunner$3.evaluate(ParentRunner.java:306)
  at org.junit.runners.ParentRunner.run(ParentRunner.java:413)
  at org.junit.runner.JUnitCore.run(JUnitCore.java:137)
  at org.junit.runner.JUnitCore.run(JUnitCore.java:115)
  at org.gradle.api.internal.tasks.testing.junit.JUnitTestExecutor.runRequest(JUnitTestExecutor.java:175)
  at org.gradle.api.internal.tasks.testing.junit.JUnitTestExecutor.accept(JUnitTestExecutor.java:84)
  at org.gradle.api.internal.tasks.testing.junit.JUnitTestExecutor.accept(JUnitTestExecutor.java:47)
  at org.gradle.api.internal.tasks.testing.junit.AbstractJUnitTestDefinitionProcessor.processTestDefinition(AbstractJUnitTestDefinitionProcessor.java:65)
  at org.gradle.api.internal.tasks.testing.SuiteTestDefinitionProcessor.processTestDefinition(SuiteTestDefinitionProcessor.java:54)
  at java.base/jdk.internal.reflect.DirectMethodHandleAccessor.invoke(DirectMethodHandleAccessor.java:104)
  at java.base/java.lang.reflect.Method.invoke(Method.java:565)
  at org.gradle.internal.dispatch.MethodInvocation.invokeOn(MethodInvocation.java:77)
  at org.gradle.internal.dispatch.ReflectionDispatch.dispatch(ReflectionDispatch.java:28)
  at org.gradle.internal.dispatch.ReflectionDispatch.dispatch(ReflectionDispatch.java:19)
  at org.gradle.internal.dispatch.ContextClassLoaderDispatch.dispatch(ContextClassLoaderDispatch.java:33)
  at org.gradle.internal.dispatch.ProxyDispatchAdapter$DispatchingInvocationHandler.invoke(ProxyDispatchAdapter.java:88)
  at jdk.proxy1/jdk.proxy1.$Proxy4.processTestDefinition(Unknown Source)
  at org.gradle.api.internal.tasks.testing.worker.TestWorker$2.run(TestWorker.java:178)
  at org.gradle.api.internal.tasks.testing.worker.TestWorker.executeAndMaintainThreadName(TestWorker.java:126)
  at org.gradle.api.internal.tasks.testing.worker.TestWorker.execute(TestWorker.java:103)
  at org.gradle.api.internal.tasks.testing.worker.TestWorker.execute(TestWorker.java:63)
  at org.gradle.process.internal.worker.child.ActionExecutionWorker.execute(ActionExecutionWorker.java:56)
  at org.gradle.process.internal.worker.child.SystemApplicationClassLoaderWorker.call(SystemApplicationClassLoaderWorker.java:122)
  at org.gradle.process.internal.worker.child.SystemApplicationClassLoaderWorker.call(SystemApplicationClassLoaderWorker.java:72)
  at worker.org.gradle.process.internal.worker.GradleWorkerMain.run(GradleWorkerMain.java:69)
  at worker.org.gradle.process.internal.worker.GradleWorkerMain.main(GradleWorkerMain.java:74)
</stacktrace>
</test-failure>


TypeScriptCompilerTests_S[jvm] > staticVisibility2_ts has expected errors matching staticVisibility2_errors_txt[jvm] FAILED

<test-failure test="com.xemantic.typescript.compiler.TypeScriptCompilerTests_S.superPropertyAccess1_ts__target_es5__has expected errors matching baseline" platform="jvm">
<message>
--- expected
+++ actual
@@ -1,11 +1,8 @@
 error TS5107: Option 'target=ES5' is deprecated and will stop functioning in TypeScript 7.0. Specify compilerOption '"ignoreDeprecations": "6.0"' to silence this error.
-superPropertyAccess1.ts(13,15): error TS2340: Only public and protected methods of the base class are accessible via the 'super' keyword.
-superPropertyAccess1.ts(19,15): error TS2340: Only public and protected methods of the base class are accessible via the 'super' keyword.
-superPropertyAccess1.ts(24,15): error TS2340: Only public and protected methods of the base class are accessible via the 'super' keyword.
 
 
 !!! error TS5107: Option 'target=ES5' is deprecated and will stop functioning in TypeScript 7.0. Specify compilerOption '"ignoreDeprecations": "6.0"' to silence this error.
-==== superPropertyAccess1.ts (3 errors) ====
+==== superPropertyAccess1.ts (0 errors) ====
     class C {
         public foo() { }
         public get x() {
@@ -19,23 +16,17 @@
         public foo() {
             super.bar();
             super.x;  // error
-                  ~
-!!! error TS2340: Only public and protected methods of the base class are accessible via the 'super' keyword.
         }    
     
         constructor() {
             super();
             super.bar();
             super.x;  // error
-                  ~
-!!! error TS2340: Only public and protected methods of the base class are accessible via the 'super' keyword.
         }
     
         public get y() {
             super.bar();
             super.x; // error
-                  ~
-!!! error TS2340: Only public and protected methods of the base class are accessible via the 'super' keyword.
             return 1;
         }
     }

</message>
<stacktrace>
  at org.junit.Assert.fail(Assert.java:89)
  at kotlin.test.junit.JUnitAsserter.fail(JUnitSupport.kt:56)
  at kotlin.test.AssertionsKt__AssertionsKt.fail(Assertions.kt:563)
  at kotlin.test.AssertionsKt.fail(Unknown Source)
  at com.xemantic.kotlin.test.SameAsKt.sameAs(SameAs.kt:52)
  at com.xemantic.typescript.compiler.TypeScriptTestSupportKt.errorsMatchBaseline(TypeScriptTestSupport.kt:135)
  at com.xemantic.typescript.compiler.TypeScriptCompilerTests_S.superPropertyAccess1_ts__target_es5__has expected errors matching baseline(TypeScriptCompilerTests_S.kt:3780)
  at java.base/jdk.internal.reflect.DirectMethodHandleAccessor.invoke(DirectMethodHandleAccessor.java:104)
  at java.base/java.lang.reflect.Method.invoke(Method.java:565)
  at org.junit.runners.model.FrameworkMethod$1.runReflectiveCall(FrameworkMethod.java:59)
  at org.junit.internal.runners.model.ReflectiveCallable.run(ReflectiveCallable.java:12)
  at org.junit.runners.model.FrameworkMethod.invokeExplosively(FrameworkMethod.java:56)
  at org.junit.internal.runners.statements.InvokeMethod.evaluate(InvokeMethod.java:17)
  at org.junit.runners.ParentRunner$3.evaluate(ParentRunner.java:306)
  at org.junit.runners.BlockJUnit4ClassRunner$1.evaluate(BlockJUnit4ClassRunner.java:100)
  at org.junit.runners.ParentRunner.runLeaf(ParentRunner.java:366)
  at org.junit.runners.BlockJUnit4ClassRunner.runChild(BlockJUnit4ClassRunner.java:103)
  at org.junit.runners.BlockJUnit4ClassRunner.runChild(BlockJUnit4ClassRunner.java:63)
  at org.junit.runners.ParentRunner$4.run(ParentRunner.java:331)
  at org.junit.runners.ParentRunner$1.schedule(ParentRunner.java:79)
  at org.junit.runners.ParentRunner.runChildren(ParentRunner.java:329)
  at org.junit.runners.ParentRunner.access$100(ParentRunner.java:66)
  at org.junit.runners.ParentRunner$2.evaluate(ParentRunner.java:293)
  at org.junit.runners.ParentRunner$3.evaluate(ParentRunner.java:306)
  at org.junit.runners.ParentRunner.run(ParentRunner.java:413)
  at org.junit.runner.JUnitCore.run(JUnitCore.java:137)
  at org.junit.runner.JUnitCore.run(JUnitCore.java:115)
  at org.gradle.api.internal.tasks.testing.junit.JUnitTestExecutor.runRequest(JUnitTestExecutor.java:175)
  at org.gradle.api.internal.tasks.testing.junit.JUnitTestExecutor.accept(JUnitTestExecutor.java:84)
  at org.gradle.api.internal.tasks.testing.junit.JUnitTestExecutor.accept(JUnitTestExecutor.java:47)
  at org.gradle.api.internal.tasks.testing.junit.AbstractJUnitTestDefinitionProcessor.processTestDefinition(AbstractJUnitTestDefinitionProcessor.java:65)
  at org.gradle.api.internal.tasks.testing.SuiteTestDefinitionProcessor.processTestDefinition(SuiteTestDefinitionProcessor.java:54)
  at java.base/jdk.internal.reflect.DirectMethodHandleAccessor.invoke(DirectMethodHandleAccessor.java:104)
  at java.base/java.lang.reflect.Method.invoke(Method.java:565)
  at org.gradle.internal.dispatch.MethodInvocation.invokeOn(MethodInvocation.java:77)
  at org.gradle.internal.dispatch.ReflectionDispatch.dispatch(ReflectionDispatch.java:28)
  at org.gradle.internal.dispatch.ReflectionDispatch.dispatch(ReflectionDispatch.java:19)
  at org.gradle.internal.dispatch.ContextClassLoaderDispatch.dispatch(ContextClassLoaderDispatch.java:33)
  at org.gradle.internal.dispatch.ProxyDispatchAdapter$DispatchingInvocationHandler.invoke(ProxyDispatchAdapter.java:88)
  at jdk.proxy1/jdk.proxy1.$Proxy4.processTestDefinition(Unknown Source)
  at org.gradle.api.internal.tasks.testing.worker.TestWorker$2.run(TestWorker.java:178)
  at org.gradle.api.internal.tasks.testing.worker.TestWorker.executeAndMaintainThreadName(TestWorker.java:126)
  at org.gradle.api.internal.tasks.testing.worker.TestWorker.execute(TestWorker.java:103)
  at org.gradle.api.internal.tasks.testing.worker.TestWorker.execute(TestWorker.java:63)
  at org.gradle.process.internal.worker.child.ActionExecutionWorker.execute(ActionExecutionWorker.java:56)
  at org.gradle.process.internal.worker.child.SystemApplicationClassLoaderWorker.call(SystemApplicationClassLoaderWorker.java:122)
  at org.gradle.process.internal.worker.child.SystemApplicationClassLoaderWorker.call(SystemApplicationClassLoaderWorker.java:72)
  at worker.org.gradle.process.internal.worker.GradleWorkerMain.run(GradleWorkerMain.java:69)
  at worker.org.gradle.process.internal.worker.GradleWorkerMain.main(GradleWorkerMain.java:74)
</stacktrace>
</test-failure>


TypeScriptCompilerTests_S[jvm] > superPropertyAccess1_ts__target_es5__has expected errors matching baseline[jvm] FAILED

<test-failure test="com.xemantic.typescript.compiler.TypeScriptCompilerTests_S.strictModeReservedWord2_ts has expected errors matching strictModeReservedWord2_errors_txt" platform="jvm">
<message>
--- expected
+++ actual
@@ -1,37 +1,15 @@
-strictModeReservedWord2.ts(2,11): error TS1212: Identifier expected. 'public' is a reserved word in strict mode.
-strictModeReservedWord2.ts(3,11): error TS1212: Identifier expected. 'implements' is a reserved word in strict mode.
 strictModeReservedWord2.ts(4,5): error TS7010: 'foo', which lacks return-type annotation, implicitly has an 'any' return type.
-strictModeReservedWord2.ts(4,9): error TS1212: Identifier expected. 'package' is a reserved word in strict mode.
-strictModeReservedWord2.ts(4,9): error TS7051: Parameter has a name but no type. Did you mean 'arg0: package'?
-strictModeReservedWord2.ts(4,18): error TS1212: Identifier expected. 'protected' is a reserved word in strict mode.
-strictModeReservedWord2.ts(4,18): error TS7006: Parameter 'protected' implicitly has an 'any' type.
-strictModeReservedWord2.ts(6,6): error TS1212: Identifier expected. 'package' is a reserved word in strict mode.
-strictModeReservedWord2.ts(13,12): error TS1212: Identifier expected. 'private' is a reserved word in strict mode.
 
 
-==== strictModeReservedWord2.ts (9 errors) ====
+==== strictModeReservedWord2.ts (1 errors) ====
     "use strict"
     interface public { }
-              ~~~~~~
-!!! error TS1212: Identifier expected. 'public' is a reserved word in strict mode.
     interface implements {
-              ~~~~~~~~~~
-!!! error TS1212: Identifier expected. 'implements' is a reserved word in strict mode.
         foo(package, protected);
         ~~~~~~~~~~~~~~~~~~~~~~~~
 !!! error TS7010: 'foo', which lacks return-type annotation, implicitly has an 'any' return type.
-            ~~~~~~~
-!!! error TS1212: Identifier expected. 'package' is a reserved word in strict mode.
-            ~~~~~~~
-!!! error TS7051: Parameter has a name but no type. Did you mean 'arg0: package'?
-                     ~~~~~~~~~
-!!! error TS1212: Identifier expected. 'protected' is a reserved word in strict mode.
-                     ~~~~~~~~~
-!!! error TS7006: Parameter 'protected' implicitly has an 'any' type.
     }
     enum package { }
-         ~~~~~~~
-!!! error TS1212: Identifier expected. 'package' is a reserved word in strict mode.
     enum foo {
         public,
         private,
@@ -39,8 +17,6 @@
     }
     
     const enum private {
-               ~~~~~~~
-!!! error TS1212: Identifier expected. 'private' is a reserved word in strict mode.
         public,
         private,
         pacakge

</message>
<stacktrace>
  at org.junit.Assert.fail(Assert.java:89)
  at kotlin.test.junit.JUnitAsserter.fail(JUnitSupport.kt:56)
  at kotlin.test.AssertionsKt__AssertionsKt.fail(Assertions.kt:563)
  at kotlin.test.AssertionsKt.fail(Unknown Source)
  at com.xemantic.kotlin.test.SameAsKt.sameAs(SameAs.kt:52)
  at com.xemantic.typescript.compiler.TypeScriptTestSupportKt.errorsMatchBaseline(TypeScriptTestSupport.kt:135)
  at com.xemantic.typescript.compiler.TypeScriptCompilerTests_S.strictModeReservedWord2_ts has expected errors matching strictModeReservedWord2_errors_txt(TypeScriptCompilerTests_S.kt:2849)
  at java.base/jdk.internal.reflect.DirectMethodHandleAccessor.invoke(DirectMethodHandleAccessor.java:104)
  at java.base/java.lang.reflect.Method.invoke(Method.java:565)
  at org.junit.runners.model.FrameworkMethod$1.runReflectiveCall(FrameworkMethod.java:59)
  at org.junit.internal.runners.model.ReflectiveCallable.run(ReflectiveCallable.java:12)
  at org.junit.runners.model.FrameworkMethod.invokeExplosively(FrameworkMethod.java:56)
  at org.junit.internal.runners.statements.InvokeMethod.evaluate(InvokeMethod.java:17)
  at org.junit.runners.ParentRunner$3.evaluate(ParentRunner.java:306)
  at org.junit.runners.BlockJUnit4ClassRunner$1.evaluate(BlockJUnit4ClassRunner.java:100)
  at org.junit.runners.ParentRunner.runLeaf(ParentRunner.java:366)
  at org.junit.runners.BlockJUnit4ClassRunner.runChild(BlockJUnit4ClassRunner.java:103)
  at org.junit.runners.BlockJUnit4ClassRunner.runChild(BlockJUnit4ClassRunner.java:63)
  at org.junit.runners.ParentRunner$4.run(ParentRunner.java:331)
  at org.junit.runners.ParentRunner$1.schedule(ParentRunner.java:79)
  at org.junit.runners.ParentRunner.runChildren(ParentRunner.java:329)
  at org.junit.runners.ParentRunner.access$100(ParentRunner.java:66)
  at org.junit.runners.ParentRunner$2.evaluate(ParentRunner.java:293)
  at org.junit.runners.ParentRunner$3.evaluate(ParentRunner.java:306)
  at org.junit.runners.ParentRunner.run(ParentRunner.java:413)
  at org.junit.runner.JUnitCore.run(JUnitCore.java:137)
  at org.junit.runner.JUnitCore.run(JUnitCore.java:115)
  at org.gradle.api.internal.tasks.testing.junit.JUnitTestExecutor.runRequest(JUnitTestExecutor.java:175)
  at org.gradle.api.internal.tasks.testing.junit.JUnitTestExecutor.accept(JUnitTestExecutor.java:84)
  at org.gradle.api.internal.tasks.testing.junit.JUnitTestExecutor.accept(JUnitTestExecutor.java:47)
  at org.gradle.api.internal.tasks.testing.junit.AbstractJUnitTestDefinitionProcessor.processTestDefinition(AbstractJUnitTestDefinitionProcessor.java:65)
  at org.gradle.api.internal.tasks.testing.SuiteTestDefinitionProcessor.processTestDefinition(SuiteTestDefinitionProcessor.java:54)
  at java.base/jdk.internal.reflect.DirectMethodHandleAccessor.invoke(DirectMethodHandleAccessor.java:104)
  at java.base/java.lang.reflect.Method.invoke(Method.java:565)
  at org.gradle.internal.dispatch.MethodInvocation.invokeOn(MethodInvocation.java:77)
  at org.gradle.internal.dispatch.ReflectionDispatch.dispatch(ReflectionDispatch.java:28)
  at org.gradle.internal.dispatch.ReflectionDispatch.dispatch(ReflectionDispatch.java:19)
  at org.gradle.internal.dispatch.ContextClassLoaderDispatch.dispatch(ContextClassLoaderDispatch.java:33)
  at org.gradle.internal.dispatch.ProxyDispatchAdapter$DispatchingInvocationHandler.invoke(ProxyDispatchAdapter.java:88)
  at jdk.proxy1/jdk.proxy1.$Proxy4.processTestDefinition(Unknown Source)
  at org.gradle.api.internal.tasks.testing.worker.TestWorker$2.run(TestWorker.java:178)
  at org.gradle.api.internal.tasks.testing.worker.TestWorker.executeAndMaintainThreadName(TestWorker.java:126)
  at org.gradle.api.internal.tasks.testing.worker.TestWorker.execute(TestWorker.java:103)
  at org.gradle.api.internal.tasks.testing.worker.TestWorker.execute(TestWorker.java:63)
  at org.gradle.process.internal.worker.child.ActionExecutionWorker.execute(ActionExecutionWorker.java:56)
  at org.gradle.process.internal.worker.child.SystemApplicationClassLoaderWorker.call(SystemApplicationClassLoaderWorker.java:122)
  at org.gradle.process.internal.worker.child.SystemApplicationClassLoaderWorker.call(SystemApplicationClassLoaderWorker.java:72)
  at worker.org.gradle.process.internal.worker.GradleWorkerMain.run(GradleWorkerMain.java:69)
  at worker.org.gradle.process.internal.worker.GradleWorkerMain.main(GradleWorkerMain.java:74)
</stacktrace>
</test-failure>


TypeScriptCompilerTests_S[jvm] > strictModeReservedWord2_ts has expected errors matching strictModeReservedWord2_errors_txt[jvm] FAILED

<test-failure test="com.xemantic.typescript.compiler.TypeScriptCompilerTests_S.selfReferentialDefaultNoStackOverflow_ts has expected errors matching selfReferentialDefaultNoStackOverflow_errors_txt" platform="jvm">
<message>
Expected diagnostics from baseline typescript-repo/tests/baselines/reference/selfReferentialDefaultNoStackOverflow.errors.txt but none produced
</message>
<stacktrace>
  at com.xemantic.typescript.compiler.TypeScriptTestSupportKt.errorsMatchBaseline(TypeScriptTestSupport.kt:125)
  at com.xemantic.typescript.compiler.TypeScriptCompilerTests_S.selfReferentialDefaultNoStackOverflow_ts has expected errors matching selfReferentialDefaultNoStackOverflow_errors_txt(TypeScriptCompilerTests_S.kt:273)
  at java.base/jdk.internal.reflect.DirectMethodHandleAccessor.invoke(DirectMethodHandleAccessor.java:104)
  at java.base/java.lang.reflect.Method.invoke(Method.java:565)
  at org.junit.runners.model.FrameworkMethod$1.runReflectiveCall(FrameworkMethod.java:59)
  at org.junit.internal.runners.model.ReflectiveCallable.run(ReflectiveCallable.java:12)
  at org.junit.runners.model.FrameworkMethod.invokeExplosively(FrameworkMethod.java:56)
  at org.junit.internal.runners.statements.InvokeMethod.evaluate(InvokeMethod.java:17)
  at org.junit.runners.ParentRunner$3.evaluate(ParentRunner.java:306)
  at org.junit.runners.BlockJUnit4ClassRunner$1.evaluate(BlockJUnit4ClassRunner.java:100)
  at org.junit.runners.ParentRunner.runLeaf(ParentRunner.java:366)
  at org.junit.runners.BlockJUnit4ClassRunner.runChild(BlockJUnit4ClassRunner.java:103)
  at org.junit.runners.BlockJUnit4ClassRunner.runChild(BlockJUnit4ClassRunner.java:63)
  at org.junit.runners.ParentRunner$4.run(ParentRunner.java:331)
  at org.junit.runners.ParentRunner$1.schedule(ParentRunner.java:79)
  at org.junit.runners.ParentRunner.runChildren(ParentRunner.java:329)
  at org.junit.runners.ParentRunner.access$100(ParentRunner.java:66)
  at org.junit.runners.ParentRunner$2.evaluate(ParentRunner.java:293)
  at org.junit.runners.ParentRunner$3.evaluate(ParentRunner.java:306)
  at org.junit.runners.ParentRunner.run(ParentRunner.java:413)
  at org.junit.runner.JUnitCore.run(JUnitCore.java:137)
  at org.junit.runner.JUnitCore.run(JUnitCore.java:115)
  at org.gradle.api.internal.tasks.testing.junit.JUnitTestExecutor.runRequest(JUnitTestExecutor.java:175)
  at org.gradle.api.internal.tasks.testing.junit.JUnitTestExecutor.accept(JUnitTestExecutor.java:84)
  at org.gradle.api.internal.tasks.testing.junit.JUnitTestExecutor.accept(JUnitTestExecutor.java:47)
  at org.gradle.api.internal.tasks.testing.junit.AbstractJUnitTestDefinitionProcessor.processTestDefinition(AbstractJUnitTestDefinitionProcessor.java:65)
  at org.gradle.api.internal.tasks.testing.SuiteTestDefinitionProcessor.processTestDefinition(SuiteTestDefinitionProcessor.java:54)
  at java.base/jdk.internal.reflect.DirectMethodHandleAccessor.invoke(DirectMethodHandleAccessor.java:104)
  at java.base/java.lang.reflect.Method.invoke(Method.java:565)
  at org.gradle.internal.dispatch.MethodInvocation.invokeOn(MethodInvocation.java:77)
  at org.gradle.internal.dispatch.ReflectionDispatch.dispatch(ReflectionDispatch.java:28)
  at org.gradle.internal.dispatch.ReflectionDispatch.dispatch(ReflectionDispatch.java:19)
  at org.gradle.internal.dispatch.ContextClassLoaderDispatch.dispatch(ContextClassLoaderDispatch.java:33)
  at org.gradle.internal.dispatch.ProxyDispatchAdapter$DispatchingInvocationHandler.invoke(ProxyDispatchAdapter.java:88)
  at jdk.proxy1/jdk.proxy1.$Proxy4.processTestDefinition(Unknown Source)
  at org.gradle.api.internal.tasks.testing.worker.TestWorker$2.run(TestWorker.java:178)
  at org.gradle.api.internal.tasks.testing.worker.TestWorker.executeAndMaintainThreadName(TestWorker.java:126)
  at org.gradle.api.internal.tasks.testing.worker.TestWorker.execute(TestWorker.java:103)
  at org.gradle.api.internal.tasks.testing.worker.TestWorker.execute(TestWorker.java:63)
  at org.gradle.process.internal.worker.child.ActionExecutionWorker.execute(ActionExecutionWorker.java:56)
  at org.gradle.process.internal.worker.child.SystemApplicationClassLoaderWorker.call(SystemApplicationClassLoaderWorker.java:122)
  at org.gradle.process.internal.worker.child.SystemApplicationClassLoaderWorker.call(SystemApplicationClassLoaderWorker.java:72)
  at worker.org.gradle.process.internal.worker.GradleWorkerMain.run(GradleWorkerMain.java:69)
  at worker.org.gradle.process.internal.worker.GradleWorkerMain.main(GradleWorkerMain.java:74)
</stacktrace>
</test-failure>


TypeScriptCompilerTests_S[jvm] > selfReferentialDefaultNoStackOverflow_ts has expected errors matching selfReferentialDefaultNoStackOverflow_errors_txt[jvm] FAILED

<test-failure test="com.xemantic.typescript.compiler.TypeScriptCompilerTests_S.superPropertyAccess_ts__target_es5__has expected errors matching baseline" platform="jvm">
<message>
--- expected
+++ actual
@@ -1,14 +1,8 @@
 error TS5107: Option 'target=ES5' is deprecated and will stop functioning in TypeScript 7.0. Specify compilerOption '"ignoreDeprecations": "6.0"' to silence this error.
-superPropertyAccess.ts(21,15): error TS2340: Only public and protected methods of the base class are accessible via the 'super' keyword.
-superPropertyAccess.ts(23,15): error TS2341: Property 'p1' is private and only accessible within class 'MyBase'.
-superPropertyAccess.ts(25,24): error TS2340: Only public and protected methods of the base class are accessible via the 'super' keyword.
-superPropertyAccess.ts(27,24): error TS2340: Only public and protected methods of the base class are accessible via the 'super' keyword.
-superPropertyAccess.ts(31,15): error TS2340: Only public and protected methods of the base class are accessible via the 'super' keyword.
-superPropertyAccess.ts(33,23): error TS2340: Only public and protected methods of the base class are accessible via the 'super' keyword.
 
 
 !!! error TS5107: Option 'target=ES5' is deprecated and will stop functioning in TypeScript 7.0. Specify compilerOption '"ignoreDeprecations": "6.0"' to silence this error.
-==== superPropertyAccess.ts (6 errors) ====
+==== superPropertyAccess.ts (0 errors) ====
     class MyBase {
         m1(a: string) { return a; }
         private p1() { }
@@ -30,29 +24,17 @@
             var x: (a: string) => string = super.m1;            // Should be allowed, can assign to var with compatible signature
     
             super.m2.bind(this);                                // Should error, instance property, not a public instance member function
-                  ~~
-!!! error TS2340: Only public and protected methods of the base class are accessible via the 'super' keyword.
     
             super.p1();                                         // Should error, private not public instance member function
-                  ~~
-!!! error TS2341: Property 'p1' is private and only accessible within class 'MyBase'.
     
             var l1 = super.d1;                                  // Should error, instance data property not a public instance member function
-                           ~~
-!!! error TS2340: Only public and protected methods of the base class are accessible via the 'super' keyword.
     
             var l1 = super.d2;                                  // Should error, instance data property not a public instance member function
-                           ~~
-!!! error TS2340: Only public and protected methods of the base class are accessible via the 'super' keyword.
     
             super.m1 = function (a: string) { return ""; };     // Should be allowed, we will not restrict assignment
     
             super.value = 0;                                    // Should error, instance data property not a public instance member function
-                  ~~~~~
-!!! error TS2340: Only public and protected methods of the base class are accessible via the 'super' keyword.
             
             var z = super.value;                                // Should error, instance data property not a public instance member function
-                          ~~~~~
-!!! error TS2340: Only public and protected methods of the base class are accessible via the 'super' keyword.
         }
     }

</message>
<stacktrace>
  at org.junit.Assert.fail(Assert.java:89)
  at kotlin.test.junit.JUnitAsserter.fail(JUnitSupport.kt:56)
  at kotlin.test.AssertionsKt__AssertionsKt.fail(Assertions.kt:563)
  at kotlin.test.AssertionsKt.fail(Unknown Source)
  at com.xemantic.kotlin.test.SameAsKt.sameAs(SameAs.kt:52)
  at com.xemantic.typescript.compiler.TypeScriptTestSupportKt.errorsMatchBaseline(TypeScriptTestSupport.kt:135)
  at com.xemantic.typescript.compiler.TypeScriptCompilerTests_S.superPropertyAccess_ts__target_es5__has expected errors matching baseline(TypeScriptCompilerTests_S.kt:3759)
  at java.base/jdk.internal.reflect.DirectMethodHandleAccessor.invoke(DirectMethodHandleAccessor.java:104)
  at java.base/java.lang.reflect.Method.invoke(Method.java:565)
  at org.junit.runners.model.FrameworkMethod$1.runReflectiveCall(FrameworkMethod.java:59)
  at org.junit.internal.runners.model.ReflectiveCallable.run(ReflectiveCallable.java:12)
  at org.junit.runners.model.FrameworkMethod.invokeExplosively(FrameworkMethod.java:56)
  at org.junit.internal.runners.statements.InvokeMethod.evaluate(InvokeMethod.java:17)
  at org.junit.runners.ParentRunner$3.evaluate(ParentRunner.java:306)
  at org.junit.runners.BlockJUnit4ClassRunner$1.evaluate(BlockJUnit4ClassRunner.java:100)
  at org.junit.runners.ParentRunner.runLeaf(ParentRunner.java:366)
  at org.junit.runners.BlockJUnit4ClassRunner.runChild(BlockJUnit4ClassRunner.java:103)
  at org.junit.runners.BlockJUnit4ClassRunner.runChild(BlockJUnit4ClassRunner.java:63)
  at org.junit.runners.ParentRunner$4.run(ParentRunner.java:331)
  at org.junit.runners.ParentRunner$1.schedule(ParentRunner.java:79)
  at org.junit.runners.ParentRunner.runChildren(ParentRunner.java:329)
  at org.junit.runners.ParentRunner.access$100(ParentRunner.java:66)
  at org.junit.runners.ParentRunner$2.evaluate(ParentRunner.java:293)
  at org.junit.runners.ParentRunner$3.evaluate(ParentRunner.java:306)
  at org.junit.runners.ParentRunner.run(ParentRunner.java:413)
  at org.junit.runner.JUnitCore.run(JUnitCore.java:137)
  at org.junit.runner.JUnitCore.run(JUnitCore.java:115)
  at org.gradle.api.internal.tasks.testing.junit.JUnitTestExecutor.runRequest(JUnitTestExecutor.java:175)
  at org.gradle.api.internal.tasks.testing.junit.JUnitTestExecutor.accept(JUnitTestExecutor.java:84)
  at org.gradle.api.internal.tasks.testing.junit.JUnitTestExecutor.accept(JUnitTestExecutor.java:47)
  at org.gradle.api.internal.tasks.testing.junit.AbstractJUnitTestDefinitionProcessor.processTestDefinition(AbstractJUnitTestDefinitionProcessor.java:65)
  at org.gradle.api.internal.tasks.testing.SuiteTestDefinitionProcessor.processTestDefinition(SuiteTestDefinitionProcessor.java:54)
  at java.base/jdk.internal.reflect.DirectMethodHandleAccessor.invoke(DirectMethodHandleAccessor.java:104)
  at java.base/java.lang.reflect.Method.invoke(Method.java:565)
  at org.gradle.internal.dispatch.MethodInvocation.invokeOn(MethodInvocation.java:77)
  at org.gradle.internal.dispatch.ReflectionDispatch.dispatch(ReflectionDispatch.java:28)
  at org.gradle.internal.dispatch.ReflectionDispatch.dispatch(ReflectionDispatch.java:19)
  at org.gradle.internal.dispatch.ContextClassLoaderDispatch.dispatch(ContextClassLoaderDispatch.java:33)
  at org.gradle.internal.dispatch.ProxyDispatchAdapter$DispatchingInvocationHandler.invoke(ProxyDispatchAdapter.java:88)
  at jdk.proxy1/jdk.proxy1.$Proxy4.processTestDefinition(Unknown Source)
  at org.gradle.api.internal.tasks.testing.worker.TestWorker$2.run(TestWorker.java:178)
  at org.gradle.api.internal.tasks.testing.worker.TestWorker.executeAndMaintainThreadName(TestWorker.java:126)
  at org.gradle.api.internal.tasks.testing.worker.TestWorker.execute(TestWorker.java:103)
  at org.gradle.api.internal.tasks.testing.worker.TestWorker.execute(TestWorker.java:63)
  at org.gradle.process.internal.worker.child.ActionExecutionWorker.execute(ActionExecutionWorker.java:56)
  at org.gradle.process.internal.worker.child.SystemApplicationClassLoaderWorker.call(SystemApplicationClassLoaderWorker.java:122)
  at org.gradle.process.internal.worker.child.SystemApplicationClassLoaderWorker.call(SystemApplicationClassLoaderWorker.java:72)
  at worker.org.gradle.process.internal.worker.GradleWorkerMain.run(GradleWorkerMain.java:69)
  at worker.org.gradle.process.internal.worker.GradleWorkerMain.main(GradleWorkerMain.java:74)
</stacktrace>
</test-failure>


TypeScriptCompilerTests_S[jvm] > superPropertyAccess_ts__target_es5__has expected errors matching baseline[jvm] FAILED

<test-failure test="com.xemantic.typescript.compiler.TypeScriptCompilerTests_S.sourceMapValidationDecorators_ts__target_es5__has expected errors matching baseline" platform="jvm">
<message>
--- expected
+++ actual
@@ -1,17 +1,9 @@
 error TS5107: Option 'target=ES5' is deprecated and will stop functioning in TypeScript 7.0. Specify compilerOption '"ignoreDeprecations": "6.0"' to silence this error.
-sourceMapValidationDecorators.ts(12,8): error TS1239: Unable to resolve signature of parameter decorator when called as an expression.
-  Argument of type 'undefined' is not assignable to parameter of type 'string | symbol'.
-sourceMapValidationDecorators.ts(13,8): error TS1239: Unable to resolve signature of parameter decorator when called as an expression.
-  Argument of type 'undefined' is not assignable to parameter of type 'string | symbol'.
-sourceMapValidationDecorators.ts(16,8): error TS1239: Unable to resolve signature of parameter decorator when called as an expression.
-  Argument of type 'undefined' is not assignable to parameter of type 'string | symbol'.
-sourceMapValidationDecorators.ts(17,8): error TS1239: Unable to resolve signature of parameter decorator when called as an expression.
-  Argument of type 'undefined' is not assignable to parameter of type 'string | symbol'.
 sourceMapValidationDecorators.ts(29,13): error TS2564: Property 'x' has no initializer and is not definitely assigned in the constructor.
 
 
 !!! error TS5107: Option 'target=ES5' is deprecated and will stop functioning in TypeScript 7.0. Specify compilerOption '"ignoreDeprecations": "6.0"' to silence this error.
-==== sourceMapValidationDecorators.ts (5 errors) ====
+==== sourceMapValidationDecorators.ts (1 errors) ====
     declare function ClassDecorator1(target: Function): void;
     declare function ClassDecorator2(x: number): (target: Function) => void;
     declare function PropertyDecorator1(target: Object, key: string | symbol, descriptor?: PropertyDescriptor): void;
@@ -24,23 +16,11 @@
     class Greeter {
         constructor(
           @ParameterDecorator1 
-           ~~~~~~~~~~~~~~~~~~~
-!!! error TS1239: Unable to resolve signature of parameter decorator when called as an expression.
-!!! error TS1239:   Argument of type 'undefined' is not assignable to parameter of type 'string | symbol'.
           @ParameterDecorator2(20) 
-           ~~~~~~~~~~~~~~~~~~~~~~~
-!!! error TS1239: Unable to resolve signature of parameter decorator when called as an expression.
-!!! error TS1239:   Argument of type 'undefined' is not assignable to parameter of type 'string | symbol'.
           public greeting: string, 
           
           @ParameterDecorator1 
-           ~~~~~~~~~~~~~~~~~~~
-!!! error TS1239: Unable to resolve signature of parameter decorator when called as an expression.
-!!! error TS1239:   Argument of type 'undefined' is not assignable to parameter of type 'string | symbol'.
           @ParameterDecorator2(30) 
-           ~~~~~~~~~~~~~~~~~~~~~~~
-!!! error TS1239: Unable to resolve signature of parameter decorator when called as an expression.
-!!! error TS1239:   Argument of type 'undefined' is not assignable to parameter of type 'string | symbol'.
           ...b: string[]) {
         }
         

</message>
<stacktrace>
  at org.junit.Assert.fail(Assert.java:89)
  at kotlin.test.junit.JUnitAsserter.fail(JUnitSupport.kt:56)
  at kotlin.test.AssertionsKt__AssertionsKt.fail(Assertions.kt:563)
  at kotlin.test.AssertionsKt.fail(Unknown Source)
  at com.xemantic.kotlin.test.SameAsKt.sameAs(SameAs.kt:52)
  at com.xemantic.typescript.compiler.TypeScriptTestSupportKt.errorsMatchBaseline(TypeScriptTestSupport.kt:135)
  at com.xemantic.typescript.compiler.TypeScriptCompilerTests_S.sourceMapValidationDecorators_ts__target_es5__has expected errors matching baseline(TypeScriptCompilerTests_S.kt:1155)
  at java.base/jdk.internal.reflect.DirectMethodHandleAccessor.invoke(DirectMethodHandleAccessor.java:104)
  at java.base/java.lang.reflect.Method.invoke(Method.java:565)
  at org.junit.runners.model.FrameworkMethod$1.runReflectiveCall(FrameworkMethod.java:59)
  at org.junit.internal.runners.model.ReflectiveCallable.run(ReflectiveCallable.java:12)
  at org.junit.runners.model.FrameworkMethod.invokeExplosively(FrameworkMethod.java:56)
  at org.junit.internal.runners.statements.InvokeMethod.evaluate(InvokeMethod.java:17)
  at org.junit.runners.ParentRunner$3.evaluate(ParentRunner.java:306)
  at org.junit.runners.BlockJUnit4ClassRunner$1.evaluate(BlockJUnit4ClassRunner.java:100)
  at org.junit.runners.ParentRunner.runLeaf(ParentRunner.java:366)
  at org.junit.runners.BlockJUnit4ClassRunner.runChild(BlockJUnit4ClassRunner.java:103)
  at org.junit.runners.BlockJUnit4ClassRunner.runChild(BlockJUnit4ClassRunner.java:63)
  at org.junit.runners.ParentRunner$4.run(ParentRunner.java:331)
  at org.junit.runners.ParentRunner$1.schedule(ParentRunner.java:79)
  at org.junit.runners.ParentRunner.runChildren(ParentRunner.java:329)
  at org.junit.runners.ParentRunner.access$100(ParentRunner.java:66)
  at org.junit.runners.ParentRunner$2.evaluate(ParentRunner.java:293)
  at org.junit.runners.ParentRunner$3.evaluate(ParentRunner.java:306)
  at org.junit.runners.ParentRunner.run(ParentRunner.java:413)
  at org.junit.runner.JUnitCore.run(JUnitCore.java:137)
  at org.junit.runner.JUnitCore.run(JUnitCore.java:115)
  at org.gradle.api.internal.tasks.testing.junit.JUnitTestExecutor.runRequest(JUnitTestExecutor.java:175)
  at org.gradle.api.internal.tasks.testing.junit.JUnitTestExecutor.accept(JUnitTestExecutor.java:84)
  at org.gradle.api.internal.tasks.testing.junit.JUnitTestExecutor.accept(JUnitTestExecutor.java:47)
  at org.gradle.api.internal.tasks.testing.junit.AbstractJUnitTestDefinitionProcessor.processTestDefinition(AbstractJUnitTestDefinitionProcessor.java:65)
  at org.gradle.api.internal.tasks.testing.SuiteTestDefinitionProcessor.processTestDefinition(SuiteTestDefinitionProcessor.java:54)
  at java.base/jdk.internal.reflect.DirectMethodHandleAccessor.invoke(DirectMethodHandleAccessor.java:104)
  at java.base/java.lang.reflect.Method.invoke(Method.java:565)
  at org.gradle.internal.dispatch.MethodInvocation.invokeOn(MethodInvocation.java:77)
  at org.gradle.internal.dispatch.ReflectionDispatch.dispatch(ReflectionDispatch.java:28)
  at org.gradle.internal.dispatch.ReflectionDispatch.dispatch(ReflectionDispatch.java:19)
  at org.gradle.internal.dispatch.ContextClassLoaderDispatch.dispatch(ContextClassLoaderDispatch.java:33)
  at org.gradle.internal.dispatch.ProxyDispatchAdapter$DispatchingInvocationHandler.invoke(ProxyDispatchAdapter.java:88)
  at jdk.proxy1/jdk.proxy1.$Proxy4.processTestDefinition(Unknown Source)
  at org.gradle.api.internal.tasks.testing.worker.TestWorker$2.run(TestWorker.java:178)
  at org.gradle.api.internal.tasks.testing.worker.TestWorker.executeAndMaintainThreadName(TestWorker.java:126)
  at org.gradle.api.internal.tasks.testing.worker.TestWorker.execute(TestWorker.java:103)
  at org.gradle.api.internal.tasks.testing.worker.TestWorker.execute(TestWorker.java:63)
  at org.gradle.process.internal.worker.child.ActionExecutionWorker.execute(ActionExecutionWorker.java:56)
  at org.gradle.process.internal.worker.child.SystemApplicationClassLoaderWorker.call(SystemApplicationClassLoaderWorker.java:122)
  at org.gradle.process.internal.worker.child.SystemApplicationClassLoaderWorker.call(SystemApplicationClassLoaderWorker.java:72)
  at worker.org.gradle.process.internal.worker.GradleWorkerMain.run(GradleWorkerMain.java:69)
  at worker.org.gradle.process.internal.worker.GradleWorkerMain.main(GradleWorkerMain.java:74)
</stacktrace>
</test-failure>


TypeScriptCompilerTests_S[jvm] > sourceMapValidationDecorators_ts__target_es5__has expected errors matching baseline[jvm] FAILED

<test-failure test="com.xemantic.typescript.compiler.TypeScriptCompilerTests_S.signatureCombiningRestParameters4_ts has expected errors matching signatureCombiningRestParameters4_errors_txt" platform="jvm">
<message>
Expected diagnostics from baseline typescript-repo/tests/baselines/reference/signatureCombiningRestParameters4.errors.txt but none produced
</message>
<stacktrace>
  at com.xemantic.typescript.compiler.TypeScriptTestSupportKt.errorsMatchBaseline(TypeScriptTestSupport.kt:125)
  at com.xemantic.typescript.compiler.TypeScriptCompilerTests_S.signatureCombiningRestParameters4_ts has expected errors matching signatureCombiningRestParameters4_errors_txt(TypeScriptCompilerTests_S.kt:742)
  at java.base/jdk.internal.reflect.DirectMethodHandleAccessor.invoke(DirectMethodHandleAccessor.java:104)
  at java.base/java.lang.reflect.Method.invoke(Method.java:565)
  at org.junit.runners.model.FrameworkMethod$1.runReflectiveCall(FrameworkMethod.java:59)
  at org.junit.internal.runners.model.ReflectiveCallable.run(ReflectiveCallable.java:12)
  at org.junit.runners.model.FrameworkMethod.invokeExplosively(FrameworkMethod.java:56)
  at org.junit.internal.runners.statements.InvokeMethod.evaluate(InvokeMethod.java:17)
  at org.junit.runners.ParentRunner$3.evaluate(ParentRunner.java:306)
  at org.junit.runners.BlockJUnit4ClassRunner$1.evaluate(BlockJUnit4ClassRunner.java:100)
  at org.junit.runners.ParentRunner.runLeaf(ParentRunner.java:366)
  at org.junit.runners.BlockJUnit4ClassRunner.runChild(BlockJUnit4ClassRunner.java:103)
  at org.junit.runners.BlockJUnit4ClassRunner.runChild(BlockJUnit4ClassRunner.java:63)
  at org.junit.runners.ParentRunner$4.run(ParentRunner.java:331)
  at org.junit.runners.ParentRunner$1.schedule(ParentRunner.java:79)
  at org.junit.runners.ParentRunner.runChildren(ParentRunner.java:329)
  at org.junit.runners.ParentRunner.access$100(ParentRunner.java:66)
  at org.junit.runners.ParentRunner$2.evaluate(ParentRunner.java:293)
  at org.junit.runners.ParentRunner$3.evaluate(ParentRunner.java:306)
  at org.junit.runners.ParentRunner.run(ParentRunner.java:413)
  at org.junit.runner.JUnitCore.run(JUnitCore.java:137)
  at org.junit.runner.JUnitCore.run(JUnitCore.java:115)
  at org.gradle.api.internal.tasks.testing.junit.JUnitTestExecutor.runRequest(JUnitTestExecutor.java:175)
  at org.gradle.api.internal.tasks.testing.junit.JUnitTestExecutor.accept(JUnitTestExecutor.java:84)
  at org.gradle.api.internal.tasks.testing.junit.JUnitTestExecutor.accept(JUnitTestExecutor.java:47)
  at org.gradle.api.internal.tasks.testing.junit.AbstractJUnitTestDefinitionProcessor.processTestDefinition(AbstractJUnitTestDefinitionProcessor.java:65)
  at org.gradle.api.internal.tasks.testing.SuiteTestDefinitionProcessor.processTestDefinition(SuiteTestDefinitionProcessor.java:54)
  at java.base/jdk.internal.reflect.DirectMethodHandleAccessor.invoke(DirectMethodHandleAccessor.java:104)
  at java.base/java.lang.reflect.Method.invoke(Method.java:565)
  at org.gradle.internal.dispatch.MethodInvocation.invokeOn(MethodInvocation.java:77)
  at org.gradle.internal.dispatch.ReflectionDispatch.dispatch(ReflectionDispatch.java:28)
  at org.gradle.internal.dispatch.ReflectionDispatch.dispatch(ReflectionDispatch.java:19)
  at org.gradle.internal.dispatch.ContextClassLoaderDispatch.dispatch(ContextClassLoaderDispatch.java:33)
  at org.gradle.internal.dispatch.ProxyDispatchAdapter$DispatchingInvocationHandler.invoke(ProxyDispatchAdapter.java:88)
  at jdk.proxy1/jdk.proxy1.$Proxy4.processTestDefinition(Unknown Source)
  at org.gradle.api.internal.tasks.testing.worker.TestWorker$2.run(TestWorker.java:178)
  at org.gradle.api.internal.tasks.testing.worker.TestWorker.executeAndMaintainThreadName(TestWorker.java:126)
  at org.gradle.api.internal.tasks.testing.worker.TestWorker.execute(TestWorker.java:103)
  at org.gradle.api.internal.tasks.testing.worker.TestWorker.execute(TestWorker.java:63)
  at org.gradle.process.internal.worker.child.ActionExecutionWorker.execute(ActionExecutionWorker.java:56)
  at org.gradle.process.internal.worker.child.SystemApplicationClassLoaderWorker.call(SystemApplicationClassLoaderWorker.java:122)
  at org.gradle.process.internal.worker.child.SystemApplicationClassLoaderWorker.call(SystemApplicationClassLoaderWorker.java:72)
  at worker.org.gradle.process.internal.worker.GradleWorkerMain.run(GradleWorkerMain.java:69)
  at worker.org.gradle.process.internal.worker.GradleWorkerMain.main(GradleWorkerMain.java:74)
</stacktrace>
</test-failure>


TypeScriptCompilerTests_S[jvm] > signatureCombiningRestParameters4_ts has expected errors matching signatureCombiningRestParameters4_errors_txt[jvm] FAILED

<test-failure test="com.xemantic.typescript.compiler.TypeScriptCompilerTests_S.spaceBeforeQuestionMarkInPropertyAssignment_ts has expected errors matching spaceBeforeQuestionMarkInPropertyAssignment_errors_txt" platform="jvm">
<message>
Expected diagnostics from baseline typescript-repo/tests/baselines/reference/spaceBeforeQuestionMarkInPropertyAssignment.errors.txt but none produced
</message>
<stacktrace>
  at com.xemantic.typescript.compiler.TypeScriptTestSupportKt.errorsMatchBaseline(TypeScriptTestSupport.kt:125)
  at com.xemantic.typescript.compiler.TypeScriptCompilerTests_S.spaceBeforeQuestionMarkInPropertyAssignment_ts has expected errors matching spaceBeforeQuestionMarkInPropertyAssignment_errors_txt(TypeScriptCompilerTests_S.kt:1932)
  at java.base/jdk.internal.reflect.DirectMethodHandleAccessor.invoke(DirectMethodHandleAccessor.java:104)
  at java.base/java.lang.reflect.Method.invoke(Method.java:565)
  at org.junit.runners.model.FrameworkMethod$1.runReflectiveCall(FrameworkMethod.java:59)
  at org.junit.internal.runners.model.ReflectiveCallable.run(ReflectiveCallable.java:12)
  at org.junit.runners.model.FrameworkMethod.invokeExplosively(FrameworkMethod.java:56)
  at org.junit.internal.runners.statements.InvokeMethod.evaluate(InvokeMethod.java:17)
  at org.junit.runners.ParentRunner$3.evaluate(ParentRunner.java:306)
  at org.junit.runners.BlockJUnit4ClassRunner$1.evaluate(BlockJUnit4ClassRunner.java:100)
  at org.junit.runners.ParentRunner.runLeaf(ParentRunner.java:366)
  at org.junit.runners.BlockJUnit4ClassRunner.runChild(BlockJUnit4ClassRunner.java:103)
  at org.junit.runners.BlockJUnit4ClassRunner.runChild(BlockJUnit4ClassRunner.java:63)
  at org.junit.runners.ParentRunner$4.run(ParentRunner.java:331)
  at org.junit.runners.ParentRunner$1.schedule(ParentRunner.java:79)
  at org.junit.runners.ParentRunner.runChildren(ParentRunner.java:329)
  at org.junit.runners.ParentRunner.access$100(ParentRunner.java:66)
  at org.junit.runners.ParentRunner$2.evaluate(ParentRunner.java:293)
  at org.junit.runners.ParentRunner$3.evaluate(ParentRunner.java:306)
  at org.junit.runners.ParentRunner.run(ParentRunner.java:413)
  at org.junit.runner.JUnitCore.run(JUnitCore.java:137)
  at org.junit.runner.JUnitCore.run(JUnitCore.java:115)
  at org.gradle.api.internal.tasks.testing.junit.JUnitTestExecutor.runRequest(JUnitTestExecutor.java:175)
  at org.gradle.api.internal.tasks.testing.junit.JUnitTestExecutor.accept(JUnitTestExecutor.java:84)
  at org.gradle.api.internal.tasks.testing.junit.JUnitTestExecutor.accept(JUnitTestExecutor.java:47)
  at org.gradle.api.internal.tasks.testing.junit.AbstractJUnitTestDefinitionProcessor.processTestDefinition(AbstractJUnitTestDefinitionProcessor.java:65)
  at org.gradle.api.internal.tasks.testing.SuiteTestDefinitionProcessor.processTestDefinition(SuiteTestDefinitionProcessor.java:54)
  at java.base/jdk.internal.reflect.DirectMethodHandleAccessor.invoke(DirectMethodHandleAccessor.java:104)
  at java.base/java.lang.reflect.Method.invoke(Method.java:565)
  at org.gradle.internal.dispatch.MethodInvocation.invokeOn(MethodInvocation.java:77)
  at org.gradle.internal.dispatch.ReflectionDispatch.dispatch(ReflectionDispatch.java:28)
  at org.gradle.internal.dispatch.ReflectionDispatch.dispatch(ReflectionDispatch.java:19)
  at org.gradle.internal.dispatch.ContextClassLoaderDispatch.dispatch(ContextClassLoaderDispatch.java:33)
  at org.gradle.internal.dispatch.ProxyDispatchAdapter$DispatchingInvocationHandler.invoke(ProxyDispatchAdapter.java:88)
  at jdk.proxy1/jdk.proxy1.$Proxy4.processTestDefinition(Unknown Source)
  at org.gradle.api.internal.tasks.testing.worker.TestWorker$2.run(TestWorker.java:178)
  at org.gradle.api.internal.tasks.testing.worker.TestWorker.executeAndMaintainThreadName(TestWorker.java:126)
  at org.gradle.api.internal.tasks.testing.worker.TestWorker.execute(TestWorker.java:103)
  at org.gradle.api.internal.tasks.testing.worker.TestWorker.execute(TestWorker.java:63)
  at org.gradle.process.internal.worker.child.ActionExecutionWorker.execute(ActionExecutionWorker.java:56)
  at org.gradle.process.internal.worker.child.SystemApplicationClassLoaderWorker.call(SystemApplicationClassLoaderWorker.java:122)
  at org.gradle.process.internal.worker.child.SystemApplicationClassLoaderWorker.call(SystemApplicationClassLoaderWorker.java:72)
  at worker.org.gradle.process.internal.worker.GradleWorkerMain.run(GradleWorkerMain.java:69)
  at worker.org.gradle.process.internal.worker.GradleWorkerMain.main(GradleWorkerMain.java:74)
</stacktrace>
</test-failure>


TypeScriptCompilerTests_S[jvm] > spaceBeforeQuestionMarkInPropertyAssignment_ts has expected errors matching spaceBeforeQuestionMarkInPropertyAssignment_errors_txt[jvm] FAILED

<test-failure test="com.xemantic.typescript.compiler.TypeScriptCompilerTests_S.spyComparisonChecking_ts has expected errors matching spyComparisonChecking_errors_txt" platform="jvm">
<message>
Expected diagnostics from baseline typescript-repo/tests/baselines/reference/spyComparisonChecking.errors.txt but none produced
</message>
<stacktrace>
  at com.xemantic.typescript.compiler.TypeScriptTestSupportKt.errorsMatchBaseline(TypeScriptTestSupport.kt:125)
  at com.xemantic.typescript.compiler.TypeScriptCompilerTests_S.spyComparisonChecking_ts has expected errors matching spyComparisonChecking_errors_txt(TypeScriptCompilerTests_S.kt:2296)
  at java.base/jdk.internal.reflect.DirectMethodHandleAccessor.invoke(DirectMethodHandleAccessor.java:104)
  at java.base/java.lang.reflect.Method.invoke(Method.java:565)
  at org.junit.runners.model.FrameworkMethod$1.runReflectiveCall(FrameworkMethod.java:59)
  at org.junit.internal.runners.model.ReflectiveCallable.run(ReflectiveCallable.java:12)
  at org.junit.runners.model.FrameworkMethod.invokeExplosively(FrameworkMethod.java:56)
  at org.junit.internal.runners.statements.InvokeMethod.evaluate(InvokeMethod.java:17)
  at org.junit.runners.ParentRunner$3.evaluate(ParentRunner.java:306)
  at org.junit.runners.BlockJUnit4ClassRunner$1.evaluate(BlockJUnit4ClassRunner.java:100)
  at org.junit.runners.ParentRunner.runLeaf(ParentRunner.java:366)
  at org.junit.runners.BlockJUnit4ClassRunner.runChild(BlockJUnit4ClassRunner.java:103)
  at org.junit.runners.BlockJUnit4ClassRunner.runChild(BlockJUnit4ClassRunner.java:63)
  at org.junit.runners.ParentRunner$4.run(ParentRunner.java:331)
  at org.junit.runners.ParentRunner$1.schedule(ParentRunner.java:79)
  at org.junit.runners.ParentRunner.runChildren(ParentRunner.java:329)
  at org.junit.runners.ParentRunner.access$100(ParentRunner.java:66)
  at org.junit.runners.ParentRunner$2.evaluate(ParentRunner.java:293)
  at org.junit.runners.ParentRunner$3.evaluate(ParentRunner.java:306)
  at org.junit.runners.ParentRunner.run(ParentRunner.java:413)
  at org.junit.runner.JUnitCore.run(JUnitCore.java:137)
  at org.junit.runner.JUnitCore.run(JUnitCore.java:115)
  at org.gradle.api.internal.tasks.testing.junit.JUnitTestExecutor.runRequest(JUnitTestExecutor.java:175)
  at org.gradle.api.internal.tasks.testing.junit.JUnitTestExecutor.accept(JUnitTestExecutor.java:84)
  at org.gradle.api.internal.tasks.testing.junit.JUnitTestExecutor.accept(JUnitTestExecutor.java:47)
  at org.gradle.api.internal.tasks.testing.junit.AbstractJUnitTestDefinitionProcessor.processTestDefinition(AbstractJUnitTestDefinitionProcessor.java:65)
  at org.gradle.api.internal.tasks.testing.SuiteTestDefinitionProcessor.processTestDefinition(SuiteTestDefinitionProcessor.java:54)
  at java.base/jdk.internal.reflect.DirectMethodHandleAccessor.invoke(DirectMethodHandleAccessor.java:104)
  at java.base/java.lang.reflect.Method.invoke(Method.java:565)
  at org.gradle.internal.dispatch.MethodInvocation.invokeOn(MethodInvocation.java:77)
  at org.gradle.internal.dispatch.ReflectionDispatch.dispatch(ReflectionDispatch.java:28)
  at org.gradle.internal.dispatch.ReflectionDispatch.dispatch(ReflectionDispatch.java:19)
  at org.gradle.internal.dispatch.ContextClassLoaderDispatch.dispatch(ContextClassLoaderDispatch.java:33)
  at org.gradle.internal.dispatch.ProxyDispatchAdapter$DispatchingInvocationHandler.invoke(ProxyDispatchAdapter.java:88)
  at jdk.proxy1/jdk.proxy1.$Proxy4.processTestDefinition(Unknown Source)
  at org.gradle.api.internal.tasks.testing.worker.TestWorker$2.run(TestWorker.java:178)
  at org.gradle.api.internal.tasks.testing.worker.TestWorker.executeAndMaintainThreadName(TestWorker.java:126)
  at org.gradle.api.internal.tasks.testing.worker.TestWorker.execute(TestWorker.java:103)
  at org.gradle.api.internal.tasks.testing.worker.TestWorker.execute(TestWorker.java:63)
  at org.gradle.process.internal.worker.child.ActionExecutionWorker.execute(ActionExecutionWorker.java:56)
  at org.gradle.process.internal.worker.child.SystemApplicationClassLoaderWorker.call(SystemApplicationClassLoaderWorker.java:122)
  at org.gradle.process.internal.worker.child.SystemApplicationClassLoaderWorker.call(SystemApplicationClassLoaderWorker.java:72)
  at worker.org.gradle.process.internal.worker.GradleWorkerMain.run(GradleWorkerMain.java:69)
  at worker.org.gradle.process.internal.worker.GradleWorkerMain.main(GradleWorkerMain.java:74)
</stacktrace>
</test-failure>


TypeScriptCompilerTests_S[jvm] > spyComparisonChecking_ts has expected errors matching spyComparisonChecking_errors_txt[jvm] FAILED

<test-failure test="com.xemantic.typescript.compiler.TypeScriptCompilerTests_S.selfReferencingFile3_ts has expected errors matching selfReferencingFile3_errors_txt" platform="jvm">
<message>
Expected diagnostics from baseline typescript-repo/tests/baselines/reference/selfReferencingFile3.errors.txt but none produced
</message>
<stacktrace>
  at com.xemantic.typescript.compiler.TypeScriptTestSupportKt.errorsMatchBaseline(TypeScriptTestSupport.kt:125)
  at com.xemantic.typescript.compiler.TypeScriptCompilerTests_S.selfReferencingFile3_ts has expected errors matching selfReferencingFile3_errors_txt(TypeScriptCompilerTests_S.kt:238)
  at java.base/jdk.internal.reflect.DirectMethodHandleAccessor.invoke(DirectMethodHandleAccessor.java:104)
  at java.base/java.lang.reflect.Method.invoke(Method.java:565)
  at org.junit.runners.model.FrameworkMethod$1.runReflectiveCall(FrameworkMethod.java:59)
  at org.junit.internal.runners.model.ReflectiveCallable.run(ReflectiveCallable.java:12)
  at org.junit.runners.model.FrameworkMethod.invokeExplosively(FrameworkMethod.java:56)
  at org.junit.internal.runners.statements.InvokeMethod.evaluate(InvokeMethod.java:17)
  at org.junit.runners.ParentRunner$3.evaluate(ParentRunner.java:306)
  at org.junit.runners.BlockJUnit4ClassRunner$1.evaluate(BlockJUnit4ClassRunner.java:100)
  at org.junit.runners.ParentRunner.runLeaf(ParentRunner.java:366)
  at org.junit.runners.BlockJUnit4ClassRunner.runChild(BlockJUnit4ClassRunner.java:103)
  at org.junit.runners.BlockJUnit4ClassRunner.runChild(BlockJUnit4ClassRunner.java:63)
  at org.junit.runners.ParentRunner$4.run(ParentRunner.java:331)
  at org.junit.runners.ParentRunner$1.schedule(ParentRunner.java:79)
  at org.junit.runners.ParentRunner.runChildren(ParentRunner.java:329)
  at org.junit.runners.ParentRunner.access$100(ParentRunner.java:66)
  at org.junit.runners.ParentRunner$2.evaluate(ParentRunner.java:293)
  at org.junit.runners.ParentRunner$3.evaluate(ParentRunner.java:306)
  at org.junit.runners.ParentRunner.run(ParentRunner.java:413)
  at org.junit.runner.JUnitCore.run(JUnitCore.java:137)
  at org.junit.runner.JUnitCore.run(JUnitCore.java:115)
  at org.gradle.api.internal.tasks.testing.junit.JUnitTestExecutor.runRequest(JUnitTestExecutor.java:175)
  at org.gradle.api.internal.tasks.testing.junit.JUnitTestExecutor.accept(JUnitTestExecutor.java:84)
  at org.gradle.api.internal.tasks.testing.junit.JUnitTestExecutor.accept(JUnitTestExecutor.java:47)
  at org.gradle.api.internal.tasks.testing.junit.AbstractJUnitTestDefinitionProcessor.processTestDefinition(AbstractJUnitTestDefinitionProcessor.java:65)
  at org.gradle.api.internal.tasks.testing.SuiteTestDefinitionProcessor.processTestDefinition(SuiteTestDefinitionProcessor.java:54)
  at java.base/jdk.internal.reflect.DirectMethodHandleAccessor.invoke(DirectMethodHandleAccessor.java:104)
  at java.base/java.lang.reflect.Method.invoke(Method.java:565)
  at org.gradle.internal.dispatch.MethodInvocation.invokeOn(MethodInvocation.java:77)
  at org.gradle.internal.dispatch.ReflectionDispatch.dispatch(ReflectionDispatch.java:28)
  at org.gradle.internal.dispatch.ReflectionDispatch.dispatch(ReflectionDispatch.java:19)
  at org.gradle.internal.dispatch.ContextClassLoaderDispatch.dispatch(ContextClassLoaderDispatch.java:33)
  at org.gradle.internal.dispatch.ProxyDispatchAdapter$DispatchingInvocationHandler.invoke(ProxyDispatchAdapter.java:88)
  at jdk.proxy1/jdk.proxy1.$Proxy4.processTestDefinition(Unknown Source)
  at org.gradle.api.internal.tasks.testing.worker.TestWorker$2.run(TestWorker.java:178)
  at org.gradle.api.internal.tasks.testing.worker.TestWorker.executeAndMaintainThreadName(TestWorker.java:126)
  at org.gradle.api.internal.tasks.testing.worker.TestWorker.execute(TestWorker.java:103)
  at org.gradle.api.internal.tasks.testing.worker.TestWorker.execute(TestWorker.java:63)
  at org.gradle.process.internal.worker.child.ActionExecutionWorker.execute(ActionExecutionWorker.java:56)
  at org.gradle.process.internal.worker.child.SystemApplicationClassLoaderWorker.call(SystemApplicationClassLoaderWorker.java:122)
  at org.gradle.process.internal.worker.child.SystemApplicationClassLoaderWorker.call(SystemApplicationClassLoaderWorker.java:72)
  at worker.org.gradle.process.internal.worker.GradleWorkerMain.run(GradleWorkerMain.java:69)
  at worker.org.gradle.process.internal.worker.GradleWorkerMain.main(GradleWorkerMain.java:74)
</stacktrace>
</test-failure>


TypeScriptCompilerTests_S[jvm] > selfReferencingFile3_ts has expected errors matching selfReferencingFile3_errors_txt[jvm] FAILED

<test-failure test="com.xemantic.typescript.compiler.TypeScriptCompilerTests_S.shebangError_ts has expected errors matching shebangError_errors_txt" platform="jvm">
<message>
--- expected
+++ actual
@@ -1,23 +1,14 @@
-shebangError.ts(2,1): error TS18026: '#!' can only be used at the start of a file.
-shebangError.ts(2,2): error TS2362: The left-hand side of an arithmetic operation must be of type 'any', 'number', 'bigint' or an enum type.
-shebangError.ts(2,3): error TS2872: This kind of expression is always truthy.
+shebangError.ts(2,1): error TS1109: Expression expected.
 shebangError.ts(2,12): error TS2304: Cannot find name 'env'.
-shebangError.ts(2,16): error TS1005: ';' expected.
-shebangError.ts(2,16): error TS2304: Cannot find name 'node'.
+shebangError.ts(2,16): error TS2552: Cannot find name 'node'. Did you mean 'Node'?
 
 
-==== shebangError.ts (6 errors) ====
+==== shebangError.ts (3 errors) ====
     var foo = 'Shebang is only allowed on the first line';
     #!/usr/bin/env node
-    ~~
-!!! error TS18026: '#!' can only be used at the start of a file.
-     ~~~~~~~~~
-!!! error TS2362: The left-hand side of an arithmetic operation must be of type 'any', 'number', 'bigint' or an enum type.
-      ~~~~~~~~
-!!! error TS2872: This kind of expression is always truthy.
+    ~
+!!! error TS1109: Expression expected.
                ~~~
 !!! error TS2304: Cannot find name 'env'.
                    ~~~~
-!!! error TS1005: ';' expected.
-                   ~~~~
-!!! error TS2304: Cannot find name 'node'.
+!!! error TS2552: Cannot find name 'node'. Did you mean 'Node'?

</message>
<stacktrace>
  at org.junit.Assert.fail(Assert.java:89)
  at kotlin.test.junit.JUnitAsserter.fail(JUnitSupport.kt:56)
  at kotlin.test.AssertionsKt__AssertionsKt.fail(Assertions.kt:563)
  at kotlin.test.AssertionsKt.fail(Unknown Source)
  at com.xemantic.kotlin.test.SameAsKt.sameAs(SameAs.kt:52)
  at com.xemantic.typescript.compiler.TypeScriptTestSupportKt.errorsMatchBaseline(TypeScriptTestSupport.kt:135)
  at com.xemantic.typescript.compiler.TypeScriptCompilerTests_S.shebangError_ts has expected errors matching shebangError_errors_txt(TypeScriptCompilerTests_S.kt:448)
  at java.base/jdk.internal.reflect.DirectMethodHandleAccessor.invoke(DirectMethodHandleAccessor.java:104)
  at java.base/java.lang.reflect.Method.invoke(Method.java:565)
  at org.junit.runners.model.FrameworkMethod$1.runReflectiveCall(FrameworkMethod.java:59)
  at org.junit.internal.runners.model.ReflectiveCallable.run(ReflectiveCallable.java:12)
  at org.junit.runners.model.FrameworkMethod.invokeExplosively(FrameworkMethod.java:56)
  at org.junit.internal.runners.statements.InvokeMethod.evaluate(InvokeMethod.java:17)
  at org.junit.runners.ParentRunner$3.evaluate(ParentRunner.java:306)
  at org.junit.runners.BlockJUnit4ClassRunner$1.evaluate(BlockJUnit4ClassRunner.java:100)
  at org.junit.runners.ParentRunner.runLeaf(ParentRunner.java:366)
  at org.junit.runners.BlockJUnit4ClassRunner.runChild(BlockJUnit4ClassRunner.java:103)
  at org.junit.runners.BlockJUnit4ClassRunner.runChild(BlockJUnit4ClassRunner.java:63)
  at org.junit.runners.ParentRunner$4.run(ParentRunner.java:331)
  at org.junit.runners.ParentRunner$1.schedule(ParentRunner.java:79)
  at org.junit.runners.ParentRunner.runChildren(ParentRunner.java:329)
  at org.junit.runners.ParentRunner.access$100(ParentRunner.java:66)
  at org.junit.runners.ParentRunner$2.evaluate(ParentRunner.java:293)
  at org.junit.runners.ParentRunner$3.evaluate(ParentRunner.java:306)
  at org.junit.runners.ParentRunner.run(ParentRunner.java:413)
  at org.junit.runner.JUnitCore.run(JUnitCore.java:137)
  at org.junit.runner.JUnitCore.run(JUnitCore.java:115)
  at org.gradle.api.internal.tasks.testing.junit.JUnitTestExecutor.runRequest(JUnitTestExecutor.java:175)
  at org.gradle.api.internal.tasks.testing.junit.JUnitTestExecutor.accept(JUnitTestExecutor.java:84)
  at org.gradle.api.internal.tasks.testing.junit.JUnitTestExecutor.accept(JUnitTestExecutor.java:47)
  at org.gradle.api.internal.tasks.testing.junit.AbstractJUnitTestDefinitionProcessor.processTestDefinition(AbstractJUnitTestDefinitionProcessor.java:65)
  at org.gradle.api.internal.tasks.testing.SuiteTestDefinitionProcessor.processTestDefinition(SuiteTestDefinitionProcessor.java:54)
  at java.base/jdk.internal.reflect.DirectMethodHandleAccessor.invoke(DirectMethodHandleAccessor.java:104)
  at java.base/java.lang.reflect.Method.invoke(Method.java:565)
  at org.gradle.internal.dispatch.MethodInvocation.invokeOn(MethodInvocation.java:77)
  at org.gradle.internal.dispatch.ReflectionDispatch.dispatch(ReflectionDispatch.java:28)
  at org.gradle.internal.dispatch.ReflectionDispatch.dispatch(ReflectionDispatch.java:19)
  at org.gradle.internal.dispatch.ContextClassLoaderDispatch.dispatch(ContextClassLoaderDispatch.java:33)
  at org.gradle.internal.dispatch.ProxyDispatchAdapter$DispatchingInvocationHandler.invoke(ProxyDispatchAdapter.java:88)
  at jdk.proxy1/jdk.proxy1.$Proxy4.processTestDefinition(Unknown Source)
  at org.gradle.api.internal.tasks.testing.worker.TestWorker$2.run(TestWorker.java:178)
  at org.gradle.api.internal.tasks.testing.worker.TestWorker.executeAndMaintainThreadName(TestWorker.java:126)
  at org.gradle.api.internal.tasks.testing.worker.TestWorker.execute(TestWorker.java:103)
  at org.gradle.api.internal.tasks.testing.worker.TestWorker.execute(TestWorker.java:63)
  at org.gradle.process.internal.worker.child.ActionExecutionWorker.execute(ActionExecutionWorker.java:56)
  at org.gradle.process.internal.worker.child.SystemApplicationClassLoaderWorker.call(SystemApplicationClassLoaderWorker.java:122)
  at org.gradle.process.internal.worker.child.SystemApplicationClassLoaderWorker.call(SystemApplicationClassLoaderWorker.java:72)
  at worker.org.gradle.process.internal.worker.GradleWorkerMain.run(GradleWorkerMain.java:69)
  at worker.org.gradle.process.internal.worker.GradleWorkerMain.main(GradleWorkerMain.java:74)
</stacktrace>
</test-failure>


TypeScriptCompilerTests_S[jvm] > shebangError_ts has expected errors matching shebangError_errors_txt[jvm] FAILED

<test-failure test="com.xemantic.typescript.compiler.TypeScriptCompilerTests_S.staticModifierAlreadySeen_ts has expected errors matching staticModifierAlreadySeen_errors_txt" platform="jvm">
<message>
--- expected
+++ actual
@@ -1,16 +1,13 @@
-staticModifierAlreadySeen.ts(2,12): error TS1434: Unexpected keyword or identifier.
-staticModifierAlreadySeen.ts(3,19): error TS1434: Unexpected keyword or identifier.
+staticModifierAlreadySeen.ts(3,19): error TS1030: 'static' modifier already seen.
 staticModifierAlreadySeen.ts(3,19): error TS2300: Duplicate identifier 'static'.
 
 
-==== staticModifierAlreadySeen.ts (3 errors) ====
+==== staticModifierAlreadySeen.ts (2 errors) ====
     class C {
         static static foo = 1;
-               ~~~~~~
-!!! error TS1434: Unexpected keyword or identifier.
         public static static bar() { }
                       ~~~~~~
-!!! error TS1434: Unexpected keyword or identifier.
+!!! error TS1030: 'static' modifier already seen.
                       ~~~~~~
 !!! error TS2300: Duplicate identifier 'static'.
     }

</message>
<stacktrace>
  at org.junit.Assert.fail(Assert.java:89)
  at kotlin.test.junit.JUnitAsserter.fail(JUnitSupport.kt:56)
  at kotlin.test.AssertionsKt__AssertionsKt.fail(Assertions.kt:563)
  at kotlin.test.AssertionsKt.fail(Unknown Source)
  at com.xemantic.kotlin.test.SameAsKt.sameAs(SameAs.kt:52)
  at com.xemantic.typescript.compiler.TypeScriptTestSupportKt.errorsMatchBaseline(TypeScriptTestSupport.kt:135)
  at com.xemantic.typescript.compiler.TypeScriptCompilerTests_S.staticModifierAlreadySeen_ts has expected errors matching staticModifierAlreadySeen_errors_txt(TypeScriptCompilerTests_S.kt:2604)
  at java.base/jdk.internal.reflect.DirectMethodHandleAccessor.invoke(DirectMethodHandleAccessor.java:104)
  at java.base/java.lang.reflect.Method.invoke(Method.java:565)
  at org.junit.runners.model.FrameworkMethod$1.runReflectiveCall(FrameworkMethod.java:59)
  at org.junit.internal.runners.model.ReflectiveCallable.run(ReflectiveCallable.java:12)
  at org.junit.runners.model.FrameworkMethod.invokeExplosively(FrameworkMethod.java:56)
  at org.junit.internal.runners.statements.InvokeMethod.evaluate(InvokeMethod.java:17)
  at org.junit.runners.ParentRunner$3.evaluate(ParentRunner.java:306)
  at org.junit.runners.BlockJUnit4ClassRunner$1.evaluate(BlockJUnit4ClassRunner.java:100)
  at org.junit.runners.ParentRunner.runLeaf(ParentRunner.java:366)
  at org.junit.runners.BlockJUnit4ClassRunner.runChild(BlockJUnit4ClassRunner.java:103)
  at org.junit.runners.BlockJUnit4ClassRunner.runChild(BlockJUnit4ClassRunner.java:63)
  at org.junit.runners.ParentRunner$4.run(ParentRunner.java:331)
  at org.junit.runners.ParentRunner$1.schedule(ParentRunner.java:79)
  at org.junit.runners.ParentRunner.runChildren(ParentRunner.java:329)
  at org.junit.runners.ParentRunner.access$100(ParentRunner.java:66)
  at org.junit.runners.ParentRunner$2.evaluate(ParentRunner.java:293)
  at org.junit.runners.ParentRunner$3.evaluate(ParentRunner.java:306)
  at org.junit.runners.ParentRunner.run(ParentRunner.java:413)
  at org.junit.runner.JUnitCore.run(JUnitCore.java:137)
  at org.junit.runner.JUnitCore.run(JUnitCore.java:115)
  at org.gradle.api.internal.tasks.testing.junit.JUnitTestExecutor.runRequest(JUnitTestExecutor.java:175)
  at org.gradle.api.internal.tasks.testing.junit.JUnitTestExecutor.accept(JUnitTestExecutor.java:84)
  at org.gradle.api.internal.tasks.testing.junit.JUnitTestExecutor.accept(JUnitTestExecutor.java:47)
  at org.gradle.api.internal.tasks.testing.junit.AbstractJUnitTestDefinitionProcessor.processTestDefinition(AbstractJUnitTestDefinitionProcessor.java:65)
  at org.gradle.api.internal.tasks.testing.SuiteTestDefinitionProcessor.processTestDefinition(SuiteTestDefinitionProcessor.java:54)
  at java.base/jdk.internal.reflect.DirectMethodHandleAccessor.invoke(DirectMethodHandleAccessor.java:104)
  at java.base/java.lang.reflect.Method.invoke(Method.java:565)
  at org.gradle.internal.dispatch.MethodInvocation.invokeOn(MethodInvocation.java:77)
  at org.gradle.internal.dispatch.ReflectionDispatch.dispatch(ReflectionDispatch.java:28)
  at org.gradle.internal.dispatch.ReflectionDispatch.dispatch(ReflectionDispatch.java:19)
  at org.gradle.internal.dispatch.ContextClassLoaderDispatch.dispatch(ContextClassLoaderDispatch.java:33)
  at org.gradle.internal.dispatch.ProxyDispatchAdapter$DispatchingInvocationHandler.invoke(ProxyDispatchAdapter.java:88)
  at jdk.proxy1/jdk.proxy1.$Proxy4.processTestDefinition(Unknown Source)
  at org.gradle.api.internal.tasks.testing.worker.TestWorker$2.run(TestWorker.java:178)
  at org.gradle.api.internal.tasks.testing.worker.TestWorker.executeAndMaintainThreadName(TestWorker.java:126)
  at org.gradle.api.internal.tasks.testing.worker.TestWorker.execute(TestWorker.java:103)
  at org.gradle.api.internal.tasks.testing.worker.TestWorker.execute(TestWorker.java:63)
  at org.gradle.process.internal.worker.child.ActionExecutionWorker.execute(ActionExecutionWorker.java:56)
  at org.gradle.process.internal.worker.child.SystemApplicationClassLoaderWorker.call(SystemApplicationClassLoaderWorker.java:122)
  at org.gradle.process.internal.worker.child.SystemApplicationClassLoaderWorker.call(SystemApplicationClassLoaderWorker.java:72)
  at worker.org.gradle.process.internal.worker.GradleWorkerMain.run(GradleWorkerMain.java:69)
  at worker.org.gradle.process.internal.worker.GradleWorkerMain.main(GradleWorkerMain.java:74)
</stacktrace>
</test-failure>


TypeScriptCompilerTests_S[jvm] > staticModifierAlreadySeen_ts has expected errors matching staticModifierAlreadySeen_errors_txt[jvm] FAILED

<test-failure test="com.xemantic.typescript.compiler.TypeScriptCompilerTests_S.spellingSuggestionLeadingUnderscores01_ts has expected errors matching spellingSuggestionLeadingUnderscores01_errors_txt" platform="jvm">
<message>
Expected diagnostics from baseline typescript-repo/tests/baselines/reference/spellingSuggestionLeadingUnderscores01.errors.txt but none produced
</message>
<stacktrace>
  at com.xemantic.typescript.compiler.TypeScriptTestSupportKt.errorsMatchBaseline(TypeScriptTestSupport.kt:125)
  at com.xemantic.typescript.compiler.TypeScriptCompilerTests_S.spellingSuggestionLeadingUnderscores01_ts has expected errors matching spellingSuggestionLeadingUnderscores01_errors_txt(TypeScriptCompilerTests_S.kt:2114)
  at java.base/jdk.internal.reflect.DirectMethodHandleAccessor.invoke(DirectMethodHandleAccessor.java:104)
  at java.base/java.lang.reflect.Method.invoke(Method.java:565)
  at org.junit.runners.model.FrameworkMethod$1.runReflectiveCall(FrameworkMethod.java:59)
  at org.junit.internal.runners.model.ReflectiveCallable.run(ReflectiveCallable.java:12)
  at org.junit.runners.model.FrameworkMethod.invokeExplosively(FrameworkMethod.java:56)
  at org.junit.internal.runners.statements.InvokeMethod.evaluate(InvokeMethod.java:17)
  at org.junit.runners.ParentRunner$3.evaluate(ParentRunner.java:306)
  at org.junit.runners.BlockJUnit4ClassRunner$1.evaluate(BlockJUnit4ClassRunner.java:100)
  at org.junit.runners.ParentRunner.runLeaf(ParentRunner.java:366)
  at org.junit.runners.BlockJUnit4ClassRunner.runChild(BlockJUnit4ClassRunner.java:103)
  at org.junit.runners.BlockJUnit4ClassRunner.runChild(BlockJUnit4ClassRunner.java:63)
  at org.junit.runners.ParentRunner$4.run(ParentRunner.java:331)
  at org.junit.runners.ParentRunner$1.schedule(ParentRunner.java:79)
  at org.junit.runners.ParentRunner.runChildren(ParentRunner.java:329)
  at org.junit.runners.ParentRunner.access$100(ParentRunner.java:66)
  at org.junit.runners.ParentRunner$2.evaluate(ParentRunner.java:293)
  at org.junit.runners.ParentRunner$3.evaluate(ParentRunner.java:306)
  at org.junit.runners.ParentRunner.run(ParentRunner.java:413)
  at org.junit.runner.JUnitCore.run(JUnitCore.java:137)
  at org.junit.runner.JUnitCore.run(JUnitCore.java:115)
  at org.gradle.api.internal.tasks.testing.junit.JUnitTestExecutor.runRequest(JUnitTestExecutor.java:175)
  at org.gradle.api.internal.tasks.testing.junit.JUnitTestExecutor.accept(JUnitTestExecutor.java:84)
  at org.gradle.api.internal.tasks.testing.junit.JUnitTestExecutor.accept(JUnitTestExecutor.java:47)
  at org.gradle.api.internal.tasks.testing.junit.AbstractJUnitTestDefinitionProcessor.processTestDefinition(AbstractJUnitTestDefinitionProcessor.java:65)
  at org.gradle.api.internal.tasks.testing.SuiteTestDefinitionProcessor.processTestDefinition(SuiteTestDefinitionProcessor.java:54)
  at java.base/jdk.internal.reflect.DirectMethodHandleAccessor.invoke(DirectMethodHandleAccessor.java:104)
  at java.base/java.lang.reflect.Method.invoke(Method.java:565)
  at org.gradle.internal.dispatch.MethodInvocation.invokeOn(MethodInvocation.java:77)
  at org.gradle.internal.dispatch.ReflectionDispatch.dispatch(ReflectionDispatch.java:28)
  at org.gradle.internal.dispatch.ReflectionDispatch.dispatch(ReflectionDispatch.java:19)
  at org.gradle.internal.dispatch.ContextClassLoaderDispatch.dispatch(ContextClassLoaderDispatch.java:33)
  at org.gradle.internal.dispatch.ProxyDispatchAdapter$DispatchingInvocationHandler.invoke(ProxyDispatchAdapter.java:88)
  at jdk.proxy1/jdk.proxy1.$Proxy4.processTestDefinition(Unknown Source)
  at org.gradle.api.internal.tasks.testing.worker.TestWorker$2.run(TestWorker.java:178)
  at org.gradle.api.internal.tasks.testing.worker.TestWorker.executeAndMaintainThreadName(TestWorker.java:126)
  at org.gradle.api.internal.tasks.testing.worker.TestWorker.execute(TestWorker.java:103)
  at org.gradle.api.internal.tasks.testing.worker.TestWorker.execute(TestWorker.java:63)
  at org.gradle.process.internal.worker.child.ActionExecutionWorker.execute(ActionExecutionWorker.java:56)
  at org.gradle.process.internal.worker.child.SystemApplicationClassLoaderWorker.call(SystemApplicationClassLoaderWorker.java:122)
  at org.gradle.process.internal.worker.child.SystemApplicationClassLoaderWorker.call(SystemApplicationClassLoaderWorker.java:72)
  at worker.org.gradle.process.internal.worker.GradleWorkerMain.run(GradleWorkerMain.java:69)
  at worker.org.gradle.process.internal.worker.GradleWorkerMain.main(GradleWorkerMain.java:74)
</stacktrace>
</test-failure>


TypeScriptCompilerTests_S[jvm] > spellingSuggestionLeadingUnderscores01_ts has expected errors matching spellingSuggestionLeadingUnderscores01_errors_txt[jvm] FAILED

<test-failure test="com.xemantic.typescript.compiler.TypeScriptCompilerTests_S.superCallArgsMustMatch_ts has expected errors matching superCallArgsMustMatch_errors_txt" platform="jvm">
<message>
--- expected
+++ actual
@@ -1,8 +1,7 @@
 superCallArgsMustMatch.ts(3,12): error TS2564: Property 'foo' has no initializer and is not definitely assigned in the constructor.
-superCallArgsMustMatch.ts(17,15): error TS2345: Argument of type 'string' is not assignable to parameter of type 'number'.
 
 
-==== superCallArgsMustMatch.ts (2 errors) ====
+==== superCallArgsMustMatch.ts (1 errors) ====
     class T5<T>{
     
         public foo: T;
@@ -22,8 +21,6 @@
             // Should error; base constructor has type T for first arg,
             // which is instantiated with 'number' in the extends clause
             super("hi");
-                  ~~~~
-!!! error TS2345: Argument of type 'string' is not assignable to parameter of type 'number'.
     
             var x: number = this.foo;
     

</message>
<stacktrace>
  at org.junit.Assert.fail(Assert.java:89)
  at kotlin.test.junit.JUnitAsserter.fail(JUnitSupport.kt:56)
  at kotlin.test.AssertionsKt__AssertionsKt.fail(Assertions.kt:563)
  at kotlin.test.AssertionsKt.fail(Unknown Source)
  at com.xemantic.kotlin.test.SameAsKt.sameAs(SameAs.kt:52)
  at com.xemantic.typescript.compiler.TypeScriptTestSupportKt.errorsMatchBaseline(TypeScriptTestSupport.kt:135)
  at com.xemantic.typescript.compiler.TypeScriptCompilerTests_S.superCallArgsMustMatch_ts has expected errors matching superCallArgsMustMatch_errors_txt(TypeScriptCompilerTests_S.kt:3423)
  at java.base/jdk.internal.reflect.DirectMethodHandleAccessor.invoke(DirectMethodHandleAccessor.java:104)
  at java.base/java.lang.reflect.Method.invoke(Method.java:565)
  at org.junit.runners.model.FrameworkMethod$1.runReflectiveCall(FrameworkMethod.java:59)
  at org.junit.internal.runners.model.ReflectiveCallable.run(ReflectiveCallable.java:12)
  at org.junit.runners.model.FrameworkMethod.invokeExplosively(FrameworkMethod.java:56)
  at org.junit.internal.runners.statements.InvokeMethod.evaluate(InvokeMethod.java:17)
  at org.junit.runners.ParentRunner$3.evaluate(ParentRunner.java:306)
  at org.junit.runners.BlockJUnit4ClassRunner$1.evaluate(BlockJUnit4ClassRunner.java:100)
  at org.junit.runners.ParentRunner.runLeaf(ParentRunner.java:366)
  at org.junit.runners.BlockJUnit4ClassRunner.runChild(BlockJUnit4ClassRunner.java:103)
  at org.junit.runners.BlockJUnit4ClassRunner.runChild(BlockJUnit4ClassRunner.java:63)
  at org.junit.runners.ParentRunner$4.run(ParentRunner.java:331)
  at org.junit.runners.ParentRunner$1.schedule(ParentRunner.java:79)
  at org.junit.runners.ParentRunner.runChildren(ParentRunner.java:329)
  at org.junit.runners.ParentRunner.access$100(ParentRunner.java:66)
  at org.junit.runners.ParentRunner$2.evaluate(ParentRunner.java:293)
  at org.junit.runners.ParentRunner$3.evaluate(ParentRunner.java:306)
  at org.junit.runners.ParentRunner.run(ParentRunner.java:413)
  at org.junit.runner.JUnitCore.run(JUnitCore.java:137)
  at org.junit.runner.JUnitCore.run(JUnitCore.java:115)
  at org.gradle.api.internal.tasks.testing.junit.JUnitTestExecutor.runRequest(JUnitTestExecutor.java:175)
  at org.gradle.api.internal.tasks.testing.junit.JUnitTestExecutor.accept(JUnitTestExecutor.java:84)
  at org.gradle.api.internal.tasks.testing.junit.JUnitTestExecutor.accept(JUnitTestExecutor.java:47)
  at org.gradle.api.internal.tasks.testing.junit.AbstractJUnitTestDefinitionProcessor.processTestDefinition(AbstractJUnitTestDefinitionProcessor.java:65)
  at org.gradle.api.internal.tasks.testing.SuiteTestDefinitionProcessor.processTestDefinition(SuiteTestDefinitionProcessor.java:54)
  at java.base/jdk.internal.reflect.DirectMethodHandleAccessor.invoke(DirectMethodHandleAccessor.java:104)
  at java.base/java.lang.reflect.Method.invoke(Method.java:565)
  at org.gradle.internal.dispatch.MethodInvocation.invokeOn(MethodInvocation.java:77)
  at org.gradle.internal.dispatch.ReflectionDispatch.dispatch(ReflectionDispatch.java:28)
  at org.gradle.internal.dispatch.ReflectionDispatch.dispatch(ReflectionDispatch.java:19)
  at org.gradle.internal.dispatch.ContextClassLoaderDispatch.dispatch(ContextClassLoaderDispatch.java:33)
  at org.gradle.internal.dispatch.ProxyDispatchAdapter$DispatchingInvocationHandler.invoke(ProxyDispatchAdapter.java:88)
  at jdk.proxy1/jdk.proxy1.$Proxy4.processTestDefinition(Unknown Source)
  at org.gradle.api.internal.tasks.testing.worker.TestWorker$2.run(TestWorker.java:178)
  at org.gradle.api.internal.tasks.testing.worker.TestWorker.executeAndMaintainThreadName(TestWorker.java:126)
  at org.gradle.api.internal.tasks.testing.worker.TestWorker.execute(TestWorker.java:103)
  at org.gradle.api.internal.tasks.testing.worker.TestWorker.execute(TestWorker.java:63)
  at org.gradle.process.internal.worker.child.ActionExecutionWorker.execute(ActionExecutionWorker.java:56)
  at org.gradle.process.internal.worker.child.SystemApplicationClassLoaderWorker.call(SystemApplicationClassLoaderWorker.java:122)
  at org.gradle.process.internal.worker.child.SystemApplicationClassLoaderWorker.call(SystemApplicationClassLoaderWorker.java:72)
  at worker.org.gradle.process.internal.worker.GradleWorkerMain.run(GradleWorkerMain.java:69)
  at worker.org.gradle.process.internal.worker.GradleWorkerMain.main(GradleWorkerMain.java:74)
</stacktrace>
</test-failure>


TypeScriptCompilerTests_S[jvm] > superCallArgsMustMatch_ts has expected errors matching superCallArgsMustMatch_errors_txt[jvm] FAILED

<test-failure test="com.xemantic.typescript.compiler.TypeScriptCompilerTests_S.spellingSuggestionGlobal1_ts has expected errors matching spellingSuggestionGlobal1_errors_txt" platform="jvm">
<message>
Expected diagnostics from baseline typescript-repo/tests/baselines/reference/spellingSuggestionGlobal1.errors.txt but none produced
</message>
<stacktrace>
  at com.xemantic.typescript.compiler.TypeScriptTestSupportKt.errorsMatchBaseline(TypeScriptTestSupport.kt:125)
  at com.xemantic.typescript.compiler.TypeScriptCompilerTests_S.spellingSuggestionGlobal1_ts has expected errors matching spellingSuggestionGlobal1_errors_txt(TypeScriptCompilerTests_S.kt:2058)
  at java.base/jdk.internal.reflect.DirectMethodHandleAccessor.invoke(DirectMethodHandleAccessor.java:104)
  at java.base/java.lang.reflect.Method.invoke(Method.java:565)
  at org.junit.runners.model.FrameworkMethod$1.runReflectiveCall(FrameworkMethod.java:59)
  at org.junit.internal.runners.model.ReflectiveCallable.run(ReflectiveCallable.java:12)
  at org.junit.runners.model.FrameworkMethod.invokeExplosively(FrameworkMethod.java:56)
  at org.junit.internal.runners.statements.InvokeMethod.evaluate(InvokeMethod.java:17)
  at org.junit.runners.ParentRunner$3.evaluate(ParentRunner.java:306)
  at org.junit.runners.BlockJUnit4ClassRunner$1.evaluate(BlockJUnit4ClassRunner.java:100)
  at org.junit.runners.ParentRunner.runLeaf(ParentRunner.java:366)
  at org.junit.runners.BlockJUnit4ClassRunner.runChild(BlockJUnit4ClassRunner.java:103)
  at org.junit.runners.BlockJUnit4ClassRunner.runChild(BlockJUnit4ClassRunner.java:63)
  at org.junit.runners.ParentRunner$4.run(ParentRunner.java:331)
  at org.junit.runners.ParentRunner$1.schedule(ParentRunner.java:79)
  at org.junit.runners.ParentRunner.runChildren(ParentRunner.java:329)
  at org.junit.runners.ParentRunner.access$100(ParentRunner.java:66)
  at org.junit.runners.ParentRunner$2.evaluate(ParentRunner.java:293)
  at org.junit.runners.ParentRunner$3.evaluate(ParentRunner.java:306)
  at org.junit.runners.ParentRunner.run(ParentRunner.java:413)
  at org.junit.runner.JUnitCore.run(JUnitCore.java:137)
  at org.junit.runner.JUnitCore.run(JUnitCore.java:115)
  at org.gradle.api.internal.tasks.testing.junit.JUnitTestExecutor.runRequest(JUnitTestExecutor.java:175)
  at org.gradle.api.internal.tasks.testing.junit.JUnitTestExecutor.accept(JUnitTestExecutor.java:84)
  at org.gradle.api.internal.tasks.testing.junit.JUnitTestExecutor.accept(JUnitTestExecutor.java:47)
  at org.gradle.api.internal.tasks.testing.junit.AbstractJUnitTestDefinitionProcessor.processTestDefinition(AbstractJUnitTestDefinitionProcessor.java:65)
  at org.gradle.api.internal.tasks.testing.SuiteTestDefinitionProcessor.processTestDefinition(SuiteTestDefinitionProcessor.java:54)
  at java.base/jdk.internal.reflect.DirectMethodHandleAccessor.invoke(DirectMethodHandleAccessor.java:104)
  at java.base/java.lang.reflect.Method.invoke(Method.java:565)
  at org.gradle.internal.dispatch.MethodInvocation.invokeOn(MethodInvocation.java:77)
  at org.gradle.internal.dispatch.ReflectionDispatch.dispatch(ReflectionDispatch.java:28)
  at org.gradle.internal.dispatch.ReflectionDispatch.dispatch(ReflectionDispatch.java:19)
  at org.gradle.internal.dispatch.ContextClassLoaderDispatch.dispatch(ContextClassLoaderDispatch.java:33)
  at org.gradle.internal.dispatch.ProxyDispatchAdapter$DispatchingInvocationHandler.invoke(ProxyDispatchAdapter.java:88)
  at jdk.proxy1/jdk.proxy1.$Proxy4.processTestDefinition(Unknown Source)
  at org.gradle.api.internal.tasks.testing.worker.TestWorker$2.run(TestWorker.java:178)
  at org.gradle.api.internal.tasks.testing.worker.TestWorker.executeAndMaintainThreadName(TestWorker.java:126)
  at org.gradle.api.internal.tasks.testing.worker.TestWorker.execute(TestWorker.java:103)
  at org.gradle.api.internal.tasks.testing.worker.TestWorker.execute(TestWorker.java:63)
  at org.gradle.process.internal.worker.child.ActionExecutionWorker.execute(ActionExecutionWorker.java:56)
  at org.gradle.process.internal.worker.child.SystemApplicationClassLoaderWorker.call(SystemApplicationClassLoaderWorker.java:122)
  at org.gradle.process.internal.worker.child.SystemApplicationClassLoaderWorker.call(SystemApplicationClassLoaderWorker.java:72)
  at worker.org.gradle.process.internal.worker.GradleWorkerMain.run(GradleWorkerMain.java:69)
  at worker.org.gradle.process.internal.worker.GradleWorkerMain.main(GradleWorkerMain.java:74)
</stacktrace>
</test-failure>


TypeScriptCompilerTests_S[jvm] > spellingSuggestionGlobal1_ts has expected errors matching spellingSuggestionGlobal1_errors_txt[jvm] FAILED

<test-failure test="com.xemantic.typescript.compiler.TypeScriptCompilerTests_S.symbolLinkDeclarationEmitModuleNames_ts compiles to JavaScript matching symbolLinkDeclarationEmitModuleNames_js" platform="jvm">
<message>
--- expected
+++ actual
@@ -24,6 +24,15 @@
 export * from "./src/bindingkey";
 
 
+//// [application.js]
+"use strict";
+Object.defineProperty(exports, "__esModule", { value: true });
+//// [usage.js]
+"use strict";
+Object.defineProperty(exports, "__esModule", { value: true });
+exports.CONTROLLER_CLASS = void 0;
+const context_1 = require("@loopback/context");
+exports.CONTROLLER_CLASS = context_1.BindingKey.create(null); // line in question
 //// [value-promise.js]
 "use strict";
 Object.defineProperty(exports, "__esModule", { value: true });
@@ -56,12 +65,3 @@
 Object.defineProperty(exports, "__esModule", { value: true });
 __exportStar(require("./src/value-promise"), exports);
 __exportStar(require("./src/bindingkey"), exports);
-//// [application.js]
-"use strict";
-Object.defineProperty(exports, "__esModule", { value: true });
-//// [usage.js]
-"use strict";
-Object.defineProperty(exports, "__esModule", { value: true });
-exports.CONTROLLER_CLASS = void 0;
-const context_1 = require("@loopback/context");
-exports.CONTROLLER_CLASS = context_1.BindingKey.create(null); // line in question

</message>
<stacktrace>
  at org.junit.Assert.fail(Assert.java:89)
  at kotlin.test.junit.JUnitAsserter.fail(JUnitSupport.kt:56)
  at kotlin.test.AssertionsKt__AssertionsKt.fail(Assertions.kt:563)
  at kotlin.test.AssertionsKt.fail(Unknown Source)
  at com.xemantic.kotlin.test.SameAsKt.sameAs(SameAs.kt:52)
  at com.xemantic.typescript.compiler.TypeScriptTestSupportKt.sameAs(TypeScriptTestSupport.kt:99)
  at com.xemantic.typescript.compiler.TypeScriptCompilerTests_S.symbolLinkDeclarationEmitModuleNames_ts compiles to JavaScript matching symbolLinkDeclarationEmitModuleNames_js(TypeScriptCompilerTests_S.kt:4088)
  at java.base/jdk.internal.reflect.DirectMethodHandleAccessor.invoke(DirectMethodHandleAccessor.java:104)
  at java.base/java.lang.reflect.Method.invoke(Method.java:565)
  at org.junit.runners.model.FrameworkMethod$1.runReflectiveCall(FrameworkMethod.java:59)
  at org.junit.internal.runners.model.ReflectiveCallable.run(ReflectiveCallable.java:12)
  at org.junit.runners.model.FrameworkMethod.invokeExplosively(FrameworkMethod.java:56)
  at org.junit.internal.runners.statements.InvokeMethod.evaluate(InvokeMethod.java:17)
  at org.junit.runners.ParentRunner$3.evaluate(ParentRunner.java:306)
  at org.junit.runners.BlockJUnit4ClassRunner$1.evaluate(BlockJUnit4ClassRunner.java:100)
  at org.junit.runners.ParentRunner.runLeaf(ParentRunner.java:366)
  at org.junit.runners.BlockJUnit4ClassRunner.runChild(BlockJUnit4ClassRunner.java:103)
  at org.junit.runners.BlockJUnit4ClassRunner.runChild(BlockJUnit4ClassRunner.java:63)
  at org.junit.runners.ParentRunner$4.run(ParentRunner.java:331)
  at org.junit.runners.ParentRunner$1.schedule(ParentRunner.java:79)
  at org.junit.runners.ParentRunner.runChildren(ParentRunner.java:329)
  at org.junit.runners.ParentRunner.access$100(ParentRunner.java:66)
  at org.junit.runners.ParentRunner$2.evaluate(ParentRunner.java:293)
  at org.junit.runners.ParentRunner$3.evaluate(ParentRunner.java:306)
  at org.junit.runners.ParentRunner.run(ParentRunner.java:413)
  at org.junit.runner.JUnitCore.run(JUnitCore.java:137)
  at org.junit.runner.JUnitCore.run(JUnitCore.java:115)
  at org.gradle.api.internal.tasks.testing.junit.JUnitTestExecutor.runRequest(JUnitTestExecutor.java:175)
  at org.gradle.api.internal.tasks.testing.junit.JUnitTestExecutor.accept(JUnitTestExecutor.java:84)
  at org.gradle.api.internal.tasks.testing.junit.JUnitTestExecutor.accept(JUnitTestExecutor.java:47)
  at org.gradle.api.internal.tasks.testing.junit.AbstractJUnitTestDefinitionProcessor.processTestDefinition(AbstractJUnitTestDefinitionProcessor.java:65)
  at org.gradle.api.internal.tasks.testing.SuiteTestDefinitionProcessor.processTestDefinition(SuiteTestDefinitionProcessor.java:54)
  at java.base/jdk.internal.reflect.DirectMethodHandleAccessor.invoke(DirectMethodHandleAccessor.java:104)
  at java.base/java.lang.reflect.Method.invoke(Method.java:565)
  at org.gradle.internal.dispatch.MethodInvocation.invokeOn(MethodInvocation.java:77)
  at org.gradle.internal.dispatch.ReflectionDispatch.dispatch(ReflectionDispatch.java:28)
  at org.gradle.internal.dispatch.ReflectionDispatch.dispatch(ReflectionDispatch.java:19)
  at org.gradle.internal.dispatch.ContextClassLoaderDispatch.dispatch(ContextClassLoaderDispatch.java:33)
  at org.gradle.internal.dispatch.ProxyDispatchAdapter$DispatchingInvocationHandler.invoke(ProxyDispatchAdapter.java:88)
  at jdk.proxy1/jdk.proxy1.$Proxy4.processTestDefinition(Unknown Source)
  at org.gradle.api.internal.tasks.testing.worker.TestWorker$2.run(TestWorker.java:178)
  at org.gradle.api.internal.tasks.testing.worker.TestWorker.executeAndMaintainThreadName(TestWorker.java:126)
  at org.gradle.api.internal.tasks.testing.worker.TestWorker.execute(TestWorker.java:103)
  at org.gradle.api.internal.tasks.testing.worker.TestWorker.execute(TestWorker.java:63)
  at org.gradle.process.internal.worker.child.ActionExecutionWorker.execute(ActionExecutionWorker.java:56)
  at org.gradle.process.internal.worker.child.SystemApplicationClassLoaderWorker.call(SystemApplicationClassLoaderWorker.java:122)
  at org.gradle.process.internal.worker.child.SystemApplicationClassLoaderWorker.call(SystemApplicationClassLoaderWorker.java:72)
  at worker.org.gradle.process.internal.worker.GradleWorkerMain.run(GradleWorkerMain.java:69)
  at worker.org.gradle.process.internal.worker.GradleWorkerMain.main(GradleWorkerMain.java:74)
</stacktrace>
</test-failure>


TypeScriptCompilerTests_S[jvm] > symbolLinkDeclarationEmitModuleNames_ts compiles to JavaScript matching symbolLinkDeclarationEmitModuleNames_js[jvm] FAILED

<test-failure test="com.xemantic.typescript.compiler.TypeScriptCompilerTests_S.shorthandPropertyAssignmentsInDestructuring_ES6_ts has expected errors matching shorthandPropertyAssignmentsInDestructuring_ES6_errors_txt" platform="jvm">
<message>
--- expected
+++ actual
@@ -1,15 +1,7 @@
-shorthandPropertyAssignmentsInDestructuring_ES6.ts(38,9): error TS2322: Type 'number' is not assignable to type 'string'.
-shorthandPropertyAssignmentsInDestructuring_ES6.ts(44,12): error TS2322: Type 'number' is not assignable to type 'string'.
-shorthandPropertyAssignmentsInDestructuring_ES6.ts(70,5): error TS2322: Type 'number' is not assignable to type 'string'.
-shorthandPropertyAssignmentsInDestructuring_ES6.ts(75,8): error TS2322: Type 'number' is not assignable to type 'string'.
-shorthandPropertyAssignmentsInDestructuring_ES6.ts(80,5): error TS2322: Type 'number' is not assignable to type 'string'.
-shorthandPropertyAssignmentsInDestructuring_ES6.ts(80,20): error TS2322: Type 'number' is not assignable to type 'string'.
-shorthandPropertyAssignmentsInDestructuring_ES6.ts(85,8): error TS2322: Type 'number' is not assignable to type 'string'.
-shorthandPropertyAssignmentsInDestructuring_ES6.ts(85,26): error TS2322: Type 'number' is not assignable to type 'string'.
-shorthandPropertyAssignmentsInDestructuring_ES6.ts(111,14): error TS1312: Did you mean to use a ':'? An '=' can only follow a property name when the containing object literal is part of a destructuring pattern.
+shorthandPropertyAssignmentsInDestructuring_ES6.ts(111,12): error TS18004: No value exists in scope for the shorthand property 's'. Either declare one or provide an initializer.
 
 
-==== shorthandPropertyAssignmentsInDestructuring_ES6.ts (9 errors) ====
+==== shorthandPropertyAssignmentsInDestructuring_ES6.ts (1 errors) ====
     (function() {
     	var s0;
     	for ({ s0 = 5 } of [{ s0: 1 }]) {
@@ -48,16 +40,12 @@
     (function() {
     	var s3: string;
     	for ({ s3 = 5 } of [{ s3: "" }]) {
-    	       ~~
-!!! error TS2322: Type 'number' is not assignable to type 'string'.
     	}
     });
     
     (function() {
     	var s3: string;
     	for ({ s3:s3 = 5 } of [{ s3: "" }]) {
-    	          ~~
-!!! error TS2322: Type 'number' is not assignable to type 'string'.
     	}
     });
     
@@ -84,35 +72,21 @@
     (function() {
     	let y1: string;
     	({ y1 = 5 } = {})
-    	   ~~
-!!! error TS2322: Type 'number' is not assignable to type 'string'.
     });
     
     (function() {
     	let y1: string;
     	({ y1:y1 = 5 } = {})
-    	      ~~
-!!! error TS2322: Type 'number' is not assignable to type 'string'.
     });
     
     (function() {
     	let y2: string, y3: { x: string };
     	({ y2 = 5, y3 = { x: 1 } } = {})
-    	   ~~
-!!! error TS2322: Type 'number' is not assignable to type 'string'.
-    	                  ~
-!!! error TS2322: Type 'number' is not assignable to type 'string'.
-!!! related TS6500 shorthandPropertyAssignmentsInDestructuring_ES6.ts:79:24: The expected type comes from property 'x' which is declared here on type '{ x: string; }'
     });
     
     (function() {
     	let y2: string, y3: { x: string };
     	({ y2:y2 = 5, y3:y3 = { x: 1 } } = {})
-    	      ~~
-!!! error TS2322: Type 'number' is not assignable to type 'string'.
-    	                        ~
-!!! error TS2322: Type 'number' is not assignable to type 'string'.
-!!! related TS6500 shorthandPropertyAssignmentsInDestructuring_ES6.ts:84:24: The expected type comes from property 'x' which is declared here on type '{ x: string; }'
     });
     
     (function() {
@@ -139,8 +113,8 @@
     
     (function() {
     	let a = { s = 5 };
-    	            ~
-!!! error TS1312: Did you mean to use a ':'? An '=' can only follow a property name when the containing object literal is part of a destructuring pattern.
+    	          ~
+!!! error TS18004: No value exists in scope for the shorthand property 's'. Either declare one or provide an initializer.
     });
     
     function foo({a = 4, b = { x: 5 }}) {

</message>
<stacktrace>
  at org.junit.Assert.fail(Assert.java:89)
  at kotlin.test.junit.JUnitAsserter.fail(JUnitSupport.kt:56)
  at kotlin.test.AssertionsKt__AssertionsKt.fail(Assertions.kt:563)
  at kotlin.test.AssertionsKt.fail(Unknown Source)
  at com.xemantic.kotlin.test.SameAsKt.sameAs(SameAs.kt:52)
  at com.xemantic.typescript.compiler.TypeScriptTestSupportKt.errorsMatchBaseline(TypeScriptTestSupport.kt:135)
  at com.xemantic.typescript.compiler.TypeScriptCompilerTests_S.shorthandPropertyAssignmentsInDestructuring_ES6_ts has expected errors matching shorthandPropertyAssignmentsInDestructuring_ES6_errors_txt(TypeScriptCompilerTests_S.kt:567)
  at java.base/jdk.internal.reflect.DirectMethodHandleAccessor.invoke(DirectMethodHandleAccessor.java:104)
  at java.base/java.lang.reflect.Method.invoke(Method.java:565)
  at org.junit.runners.model.FrameworkMethod$1.runReflectiveCall(FrameworkMethod.java:59)
  at org.junit.internal.runners.model.ReflectiveCallable.run(ReflectiveCallable.java:12)
  at org.junit.runners.model.FrameworkMethod.invokeExplosively(FrameworkMethod.java:56)
  at org.junit.internal.runners.statements.InvokeMethod.evaluate(InvokeMethod.java:17)
  at org.junit.runners.ParentRunner$3.evaluate(ParentRunner.java:306)
  at org.junit.runners.BlockJUnit4ClassRunner$1.evaluate(BlockJUnit4ClassRunner.java:100)
  at org.junit.runners.ParentRunner.runLeaf(ParentRunner.java:366)
  at org.junit.runners.BlockJUnit4ClassRunner.runChild(BlockJUnit4ClassRunner.java:103)
  at org.junit.runners.BlockJUnit4ClassRunner.runChild(BlockJUnit4ClassRunner.java:63)
  at org.junit.runners.ParentRunner$4.run(ParentRunner.java:331)
  at org.junit.runners.ParentRunner$1.schedule(ParentRunner.java:79)
  at org.junit.runners.ParentRunner.runChildren(ParentRunner.java:329)
  at org.junit.runners.ParentRunner.access$100(ParentRunner.java:66)
  at org.junit.runners.ParentRunner$2.evaluate(ParentRunner.java:293)
  at org.junit.runners.ParentRunner$3.evaluate(ParentRunner.java:306)
  at org.junit.runners.ParentRunner.run(ParentRunner.java:413)
  at org.junit.runner.JUnitCore.run(JUnitCore.java:137)
  at org.junit.runner.JUnitCore.run(JUnitCore.java:115)
  at org.gradle.api.internal.tasks.testing.junit.JUnitTestExecutor.runRequest(JUnitTestExecutor.java:175)
  at org.gradle.api.internal.tasks.testing.junit.JUnitTestExecutor.accept(JUnitTestExecutor.java:84)
  at org.gradle.api.internal.tasks.testing.junit.JUnitTestExecutor.accept(JUnitTestExecutor.java:47)
  at org.gradle.api.internal.tasks.testing.junit.AbstractJUnitTestDefinitionProcessor.processTestDefinition(AbstractJUnitTestDefinitionProcessor.java:65)
  at org.gradle.api.internal.tasks.testing.SuiteTestDefinitionProcessor.processTestDefinition(SuiteTestDefinitionProcessor.java:54)
  at java.base/jdk.internal.reflect.DirectMethodHandleAccessor.invoke(DirectMethodHandleAccessor.java:104)
  at java.base/java.lang.reflect.Method.invoke(Method.java:565)
  at org.gradle.internal.dispatch.MethodInvocation.invokeOn(MethodInvocation.java:77)
  at org.gradle.internal.dispatch.ReflectionDispatch.dispatch(ReflectionDispatch.java:28)
  at org.gradle.internal.dispatch.ReflectionDispatch.dispatch(ReflectionDispatch.java:19)
  at org.gradle.internal.dispatch.ContextClassLoaderDispatch.dispatch(ContextClassLoaderDispatch.java:33)
  at org.gradle.internal.dispatch.ProxyDispatchAdapter$DispatchingInvocationHandler.invoke(ProxyDispatchAdapter.java:88)
  at jdk.proxy1/jdk.proxy1.$Proxy4.processTestDefinition(Unknown Source)
  at org.gradle.api.internal.tasks.testing.worker.TestWorker$2.run(TestWorker.java:178)
  at org.gradle.api.internal.tasks.testing.worker.TestWorker.executeAndMaintainThreadName(TestWorker.java:126)
  at org.gradle.api.internal.tasks.testing.worker.TestWorker.execute(TestWorker.java:103)
  at org.gradle.api.internal.tasks.testing.worker.TestWorker.execute(TestWorker.java:63)
  at org.gradle.process.internal.worker.child.ActionExecutionWorker.execute(ActionExecutionWorker.java:56)
  at org.gradle.process.internal.worker.child.SystemApplicationClassLoaderWorker.call(SystemApplicationClassLoaderWorker.java:122)
  at org.gradle.process.internal.worker.child.SystemApplicationClassLoaderWorker.call(SystemApplicationClassLoaderWorker.java:72)
  at worker.org.gradle.process.internal.worker.GradleWorkerMain.run(GradleWorkerMain.java:69)
  at worker.org.gradle.process.internal.worker.GradleWorkerMain.main(GradleWorkerMain.java:74)
</stacktrace>
</test-failure>


TypeScriptCompilerTests_S[jvm] > shorthandPropertyAssignmentsInDestructuring_ES6_ts has expected errors matching shorthandPropertyAssignmentsInDestructuring_ES6_errors_txt[jvm] FAILED

<test-failure test="com.xemantic.typescript.compiler.TypeScriptCompilerTests_S.shorthandPropertyAssignmentInES6Module_ts has expected errors matching shorthandPropertyAssignmentInES6Module_errors_txt" platform="jvm">
<message>
Expected diagnostics from baseline typescript-repo/tests/baselines/reference/shorthandPropertyAssignmentInES6Module.errors.txt but none produced
</message>
<stacktrace>
  at com.xemantic.typescript.compiler.TypeScriptTestSupportKt.errorsMatchBaseline(TypeScriptTestSupport.kt:125)
  at com.xemantic.typescript.compiler.TypeScriptCompilerTests_S.shorthandPropertyAssignmentInES6Module_ts has expected errors matching shorthandPropertyAssignmentInES6Module_errors_txt(TypeScriptCompilerTests_S.kt:532)
  at java.base/jdk.internal.reflect.DirectMethodHandleAccessor.invoke(DirectMethodHandleAccessor.java:104)
  at java.base/java.lang.reflect.Method.invoke(Method.java:565)
  at org.junit.runners.model.FrameworkMethod$1.runReflectiveCall(FrameworkMethod.java:59)
  at org.junit.internal.runners.model.ReflectiveCallable.run(ReflectiveCallable.java:12)
  at org.junit.runners.model.FrameworkMethod.invokeExplosively(FrameworkMethod.java:56)
  at org.junit.internal.runners.statements.InvokeMethod.evaluate(InvokeMethod.java:17)
  at org.junit.runners.ParentRunner$3.evaluate(ParentRunner.java:306)
  at org.junit.runners.BlockJUnit4ClassRunner$1.evaluate(BlockJUnit4ClassRunner.java:100)
  at org.junit.runners.ParentRunner.runLeaf(ParentRunner.java:366)
  at org.junit.runners.BlockJUnit4ClassRunner.runChild(BlockJUnit4ClassRunner.java:103)
  at org.junit.runners.BlockJUnit4ClassRunner.runChild(BlockJUnit4ClassRunner.java:63)
  at org.junit.runners.ParentRunner$4.run(ParentRunner.java:331)
  at org.junit.runners.ParentRunner$1.schedule(ParentRunner.java:79)
  at org.junit.runners.ParentRunner.runChildren(ParentRunner.java:329)
  at org.junit.runners.ParentRunner.access$100(ParentRunner.java:66)
  at org.junit.runners.ParentRunner$2.evaluate(ParentRunner.java:293)
  at org.junit.runners.ParentRunner$3.evaluate(ParentRunner.java:306)
  at org.junit.runners.ParentRunner.run(ParentRunner.java:413)
  at org.junit.runner.JUnitCore.run(JUnitCore.java:137)
  at org.junit.runner.JUnitCore.run(JUnitCore.java:115)
  at org.gradle.api.internal.tasks.testing.junit.JUnitTestExecutor.runRequest(JUnitTestExecutor.java:175)
  at org.gradle.api.internal.tasks.testing.junit.JUnitTestExecutor.accept(JUnitTestExecutor.java:84)
  at org.gradle.api.internal.tasks.testing.junit.JUnitTestExecutor.accept(JUnitTestExecutor.java:47)
  at org.gradle.api.internal.tasks.testing.junit.AbstractJUnitTestDefinitionProcessor.processTestDefinition(AbstractJUnitTestDefinitionProcessor.java:65)
  at org.gradle.api.internal.tasks.testing.SuiteTestDefinitionProcessor.processTestDefinition(SuiteTestDefinitionProcessor.java:54)
  at java.base/jdk.internal.reflect.DirectMethodHandleAccessor.invoke(DirectMethodHandleAccessor.java:104)
  at java.base/java.lang.reflect.Method.invoke(Method.java:565)
  at org.gradle.internal.dispatch.MethodInvocation.invokeOn(MethodInvocation.java:77)
  at org.gradle.internal.dispatch.ReflectionDispatch.dispatch(ReflectionDispatch.java:28)
  at org.gradle.internal.dispatch.ReflectionDispatch.dispatch(ReflectionDispatch.java:19)
  at org.gradle.internal.dispatch.ContextClassLoaderDispatch.dispatch(ContextClassLoaderDispatch.java:33)
  at org.gradle.internal.dispatch.ProxyDispatchAdapter$DispatchingInvocationHandler.invoke(ProxyDispatchAdapter.java:88)
  at jdk.proxy1/jdk.proxy1.$Proxy4.processTestDefinition(Unknown Source)
  at org.gradle.api.internal.tasks.testing.worker.TestWorker$2.run(TestWorker.java:178)
  at org.gradle.api.internal.tasks.testing.worker.TestWorker.executeAndMaintainThreadName(TestWorker.java:126)
  at org.gradle.api.internal.tasks.testing.worker.TestWorker.execute(TestWorker.java:103)
  at org.gradle.api.internal.tasks.testing.worker.TestWorker.execute(TestWorker.java:63)
  at org.gradle.process.internal.worker.child.ActionExecutionWorker.execute(ActionExecutionWorker.java:56)
  at org.gradle.process.internal.worker.child.SystemApplicationClassLoaderWorker.call(SystemApplicationClassLoaderWorker.java:122)
  at org.gradle.process.internal.worker.child.SystemApplicationClassLoaderWorker.call(SystemApplicationClassLoaderWorker.java:72)
  at worker.org.gradle.process.internal.worker.GradleWorkerMain.run(GradleWorkerMain.java:69)
  at worker.org.gradle.process.internal.worker.GradleWorkerMain.main(GradleWorkerMain.java:74)
</stacktrace>
</test-failure>


TypeScriptCompilerTests_S[jvm] > shorthandPropertyAssignmentInES6Module_ts has expected errors matching shorthandPropertyAssignmentInES6Module_errors_txt[jvm] FAILED

<test-failure test="com.xemantic.typescript.compiler.TypeScriptCompilerTests_S.superAccess_ts__target_es5__has expected errors matching baseline" platform="jvm">
<message>
--- expected
+++ actual
@@ -1,11 +1,8 @@
 error TS5107: Option 'target=ES5' is deprecated and will stop functioning in TypeScript 7.0. Specify compilerOption '"ignoreDeprecations": "6.0"' to silence this error.
-superAccess.ts(9,24): error TS2576: Property 'S1' does not exist on type 'MyBase'. Did you mean to access the static member 'MyBase.S1' instead?
-superAccess.ts(10,24): error TS2340: Only public and protected methods of the base class are accessible via the 'super' keyword.
-superAccess.ts(11,24): error TS2340: Only public and protected methods of the base class are accessible via the 'super' keyword.
 
 
 !!! error TS5107: Option 'target=ES5' is deprecated and will stop functioning in TypeScript 7.0. Specify compilerOption '"ignoreDeprecations": "6.0"' to silence this error.
-==== superAccess.ts (3 errors) ====
+==== superAccess.ts (0 errors) ====
     class MyBase {
         static S1: number = 5;
         private S2: string = "test";
@@ -15,13 +12,7 @@
     class MyDerived extends MyBase {
         foo() {
             var l3 = super.S1;    // Expected => Error: Only public instance methods of the base class are accessible via the 'super' keyword
-                           ~~
-!!! error TS2576: Property 'S1' does not exist on type 'MyBase'. Did you mean to access the static member 'MyBase.S1' instead?
             var l4 = super.S2;    // Expected => Error: Only public instance methods of the base class are accessible via the 'super' keyword
-                           ~~
-!!! error TS2340: Only public and protected methods of the base class are accessible via the 'super' keyword.
             var l5 = super.f();   // Expected => Error: Only public instance methods of the base class are accessible via the 'super' keyword
-                           ~
-!!! error TS2340: Only public and protected methods of the base class are accessible via the 'super' keyword.
         }
     }

</message>
<stacktrace>
  at org.junit.Assert.fail(Assert.java:89)
  at kotlin.test.junit.JUnitAsserter.fail(JUnitSupport.kt:56)
  at kotlin.test.AssertionsKt__AssertionsKt.fail(Assertions.kt:563)
  at kotlin.test.AssertionsKt.fail(Unknown Source)
  at com.xemantic.kotlin.test.SameAsKt.sameAs(SameAs.kt:52)
  at com.xemantic.typescript.compiler.TypeScriptTestSupportKt.errorsMatchBaseline(TypeScriptTestSupport.kt:135)
  at com.xemantic.typescript.compiler.TypeScriptCompilerTests_S.superAccess_ts__target_es5__has expected errors matching baseline(TypeScriptCompilerTests_S.kt:3374)
  at java.base/jdk.internal.reflect.DirectMethodHandleAccessor.invoke(DirectMethodHandleAccessor.java:104)
  at java.base/java.lang.reflect.Method.invoke(Method.java:565)
  at org.junit.runners.model.FrameworkMethod$1.runReflectiveCall(FrameworkMethod.java:59)
  at org.junit.internal.runners.model.ReflectiveCallable.run(ReflectiveCallable.java:12)
  at org.junit.runners.model.FrameworkMethod.invokeExplosively(FrameworkMethod.java:56)
  at org.junit.internal.runners.statements.InvokeMethod.evaluate(InvokeMethod.java:17)
  at org.junit.runners.ParentRunner$3.evaluate(ParentRunner.java:306)
  at org.junit.runners.BlockJUnit4ClassRunner$1.evaluate(BlockJUnit4ClassRunner.java:100)
  at org.junit.runners.ParentRunner.runLeaf(ParentRunner.java:366)
  at org.junit.runners.BlockJUnit4ClassRunner.runChild(BlockJUnit4ClassRunner.java:103)
  at org.junit.runners.BlockJUnit4ClassRunner.runChild(BlockJUnit4ClassRunner.java:63)
  at org.junit.runners.ParentRunner$4.run(ParentRunner.java:331)
  at org.junit.runners.ParentRunner$1.schedule(ParentRunner.java:79)
  at org.junit.runners.ParentRunner.runChildren(ParentRunner.java:329)
  at org.junit.runners.ParentRunner.access$100(ParentRunner.java:66)
  at org.junit.runners.ParentRunner$2.evaluate(ParentRunner.java:293)
  at org.junit.runners.ParentRunner$3.evaluate(ParentRunner.java:306)
  at org.junit.runners.ParentRunner.run(ParentRunner.java:413)
  at org.junit.runner.JUnitCore.run(JUnitCore.java:137)
  at org.junit.runner.JUnitCore.run(JUnitCore.java:115)
  at org.gradle.api.internal.tasks.testing.junit.JUnitTestExecutor.runRequest(JUnitTestExecutor.java:175)
  at org.gradle.api.internal.tasks.testing.junit.JUnitTestExecutor.accept(JUnitTestExecutor.java:84)
  at org.gradle.api.internal.tasks.testing.junit.JUnitTestExecutor.accept(JUnitTestExecutor.java:47)
  at org.gradle.api.internal.tasks.testing.junit.AbstractJUnitTestDefinitionProcessor.processTestDefinition(AbstractJUnitTestDefinitionProcessor.java:65)
  at org.gradle.api.internal.tasks.testing.SuiteTestDefinitionProcessor.processTestDefinition(SuiteTestDefinitionProcessor.java:54)
  at java.base/jdk.internal.reflect.DirectMethodHandleAccessor.invoke(DirectMethodHandleAccessor.java:104)
  at java.base/java.lang.reflect.Method.invoke(Method.java:565)
  at org.gradle.internal.dispatch.MethodInvocation.invokeOn(MethodInvocation.java:77)
  at org.gradle.internal.dispatch.ReflectionDispatch.dispatch(ReflectionDispatch.java:28)
  at org.gradle.internal.dispatch.ReflectionDispatch.dispatch(ReflectionDispatch.java:19)
  at org.gradle.internal.dispatch.ContextClassLoaderDispatch.dispatch(ContextClassLoaderDispatch.java:33)
  at org.gradle.internal.dispatch.ProxyDispatchAdapter$DispatchingInvocationHandler.invoke(ProxyDispatchAdapter.java:88)
  at jdk.proxy1/jdk.proxy1.$Proxy4.processTestDefinition(Unknown Source)
  at org.gradle.api.internal.tasks.testing.worker.TestWorker$2.run(TestWorker.java:178)
  at org.gradle.api.internal.tasks.testing.worker.TestWorker.executeAndMaintainThreadName(TestWorker.java:126)
  at org.gradle.api.internal.tasks.testing.worker.TestWorker.execute(TestWorker.java:103)
  at org.gradle.api.internal.tasks.testing.worker.TestWorker.execute(TestWorker.java:63)
  at org.gradle.process.internal.worker.child.ActionExecutionWorker.execute(ActionExecutionWorker.java:56)
  at org.gradle.process.internal.worker.child.SystemApplicationClassLoaderWorker.call(SystemApplicationClassLoaderWorker.java:122)
  at org.gradle.process.internal.worker.child.SystemApplicationClassLoaderWorker.call(SystemApplicationClassLoaderWorker.java:72)
  at worker.org.gradle.process.internal.worker.GradleWorkerMain.run(GradleWorkerMain.java:69)
  at worker.org.gradle.process.internal.worker.GradleWorkerMain.main(GradleWorkerMain.java:74)
</stacktrace>
</test-failure>


TypeScriptCompilerTests_S[jvm] > superAccess_ts__target_es5__has expected errors matching baseline[jvm] FAILED

<test-failure test="com.xemantic.typescript.compiler.TypeScriptCompilerTests_S.sourceMapValidationDestructuringForArrayBindingPatternDefaultValues2_ts__target_es2015__compiles to JavaScript matching baseline" platform="jvm">
<message>
--- expected
+++ actual
@@ -141,22 +141,28 @@
 for ([, nameA = "name"] = [2, "trimmer", "trimming"], i = 0; i < 1; i++) {
     console.log(nameA);
 }
-for ([, [
+for ([,
+    [
         primarySkillA = "primary",
         secondarySkillA = "secondary"
-    ] = ["none", "none"]] = multiRobotA, i = 0; i < 1; i++) {
+    ] = ["none", "none"]
+] = multiRobotA, i = 0; i < 1; i++) {
     console.log(primarySkillA);
 }
-for ([, [
+for ([,
+    [
         primarySkillA = "primary",
         secondarySkillA = "secondary"
-    ] = ["none", "none"]] = getMultiRobot(), i = 0; i < 1; i++) {
+    ] = ["none", "none"]
+] = getMultiRobot(), i = 0; i < 1; i++) {
     console.log(primarySkillA);
 }
-for ([, [
+for ([,
+    [
         primarySkillA = "primary",
         secondarySkillA = "secondary"
-    ] = ["none", "none"]] = ["trimmer", ["trimming", "edging"]], i = 0; i < 1; i++) {
+    ] = ["none", "none"]
+] = ["trimmer", ["trimming", "edging"]], i = 0; i < 1; i++) {
     console.log(primarySkillA);
 }
 for ([numberB = -1] = robotA, i = 0; i < 1; i++) {

</message>
<stacktrace>
  at org.junit.Assert.fail(Assert.java:89)
  at kotlin.test.junit.JUnitAsserter.fail(JUnitSupport.kt:56)
  at kotlin.test.AssertionsKt__AssertionsKt.fail(Assertions.kt:563)
  at kotlin.test.AssertionsKt.fail(Unknown Source)
  at com.xemantic.kotlin.test.SameAsKt.sameAs(SameAs.kt:52)
  at com.xemantic.typescript.compiler.TypeScriptTestSupportKt.sameAs(TypeScriptTestSupport.kt:99)
  at com.xemantic.typescript.compiler.TypeScriptCompilerTests_S.sourceMapValidationDestructuringForArrayBindingPatternDefaultValues2_ts__target_es2015__compiles to JavaScript matching baseline(TypeScriptCompilerTests_S.kt:1218)
  at java.base/jdk.internal.reflect.DirectMethodHandleAccessor.invoke(DirectMethodHandleAccessor.java:104)
  at java.base/java.lang.reflect.Method.invoke(Method.java:565)
  at org.junit.runners.model.FrameworkMethod$1.runReflectiveCall(FrameworkMethod.java:59)
  at org.junit.internal.runners.model.ReflectiveCallable.run(ReflectiveCallable.java:12)
  at org.junit.runners.model.FrameworkMethod.invokeExplosively(FrameworkMethod.java:56)
  at org.junit.internal.runners.statements.InvokeMethod.evaluate(InvokeMethod.java:17)
  at org.junit.runners.ParentRunner$3.evaluate(ParentRunner.java:306)
  at org.junit.runners.BlockJUnit4ClassRunner$1.evaluate(BlockJUnit4ClassRunner.java:100)
  at org.junit.runners.ParentRunner.runLeaf(ParentRunner.java:366)
  at org.junit.runners.BlockJUnit4ClassRunner.runChild(BlockJUnit4ClassRunner.java:103)
  at org.junit.runners.BlockJUnit4ClassRunner.runChild(BlockJUnit4ClassRunner.java:63)
  at org.junit.runners.ParentRunner$4.run(ParentRunner.java:331)
  at org.junit.runners.ParentRunner$1.schedule(ParentRunner.java:79)
  at org.junit.runners.ParentRunner.runChildren(ParentRunner.java:329)
  at org.junit.runners.ParentRunner.access$100(ParentRunner.java:66)
  at org.junit.runners.ParentRunner$2.evaluate(ParentRunner.java:293)
  at org.junit.runners.ParentRunner$3.evaluate(ParentRunner.java:306)
  at org.junit.runners.ParentRunner.run(ParentRunner.java:413)
  at org.junit.runner.JUnitCore.run(JUnitCore.java:137)
  at org.junit.runner.JUnitCore.run(JUnitCore.java:115)
  at org.gradle.api.internal.tasks.testing.junit.JUnitTestExecutor.runRequest(JUnitTestExecutor.java:175)
  at org.gradle.api.internal.tasks.testing.junit.JUnitTestExecutor.accept(JUnitTestExecutor.java:84)
  at org.gradle.api.internal.tasks.testing.junit.JUnitTestExecutor.accept(JUnitTestExecutor.java:47)
  at org.gradle.api.internal.tasks.testing.junit.AbstractJUnitTestDefinitionProcessor.processTestDefinition(AbstractJUnitTestDefinitionProcessor.java:65)
  at org.gradle.api.internal.tasks.testing.SuiteTestDefinitionProcessor.processTestDefinition(SuiteTestDefinitionProcessor.java:54)
  at java.base/jdk.internal.reflect.DirectMethodHandleAccessor.invoke(DirectMethodHandleAccessor.java:104)
  at java.base/java.lang.reflect.Method.invoke(Method.java:565)
  at org.gradle.internal.dispatch.MethodInvocation.invokeOn(MethodInvocation.java:77)
  at org.gradle.internal.dispatch.ReflectionDispatch.dispatch(ReflectionDispatch.java:28)
  at org.gradle.internal.dispatch.ReflectionDispatch.dispatch(ReflectionDispatch.java:19)
  at org.gradle.internal.dispatch.ContextClassLoaderDispatch.dispatch(ContextClassLoaderDispatch.java:33)
  at org.gradle.internal.dispatch.ProxyDispatchAdapter$DispatchingInvocationHandler.invoke(ProxyDispatchAdapter.java:88)
  at jdk.proxy1/jdk.proxy1.$Proxy4.processTestDefinition(Unknown Source)
  at org.gradle.api.internal.tasks.testing.worker.TestWorker$2.run(TestWorker.java:178)
  at org.gradle.api.internal.tasks.testing.worker.TestWorker.executeAndMaintainThreadName(TestWorker.java:126)
  at org.gradle.api.internal.tasks.testing.worker.TestWorker.execute(TestWorker.java:103)
  at org.gradle.api.internal.tasks.testing.worker.TestWorker.execute(TestWorker.java:63)
  at org.gradle.process.internal.worker.child.ActionExecutionWorker.execute(ActionExecutionWorker.java:56)
  at org.gradle.process.internal.worker.child.SystemApplicationClassLoaderWorker.call(SystemApplicationClassLoaderWorker.java:122)
  at org.gradle.process.internal.worker.child.SystemApplicationClassLoaderWorker.call(SystemApplicationClassLoaderWorker.java:72)
  at worker.org.gradle.process.internal.worker.GradleWorkerMain.run(GradleWorkerMain.java:69)
  at worker.org.gradle.process.internal.worker.GradleWorkerMain.main(GradleWorkerMain.java:74)
</stacktrace>
</test-failure>


TypeScriptCompilerTests_S[jvm] > sourceMapValidationDestructuringForArrayBindingPatternDefaultValues2_ts__target_es2015__compiles to JavaScript matching baseline[jvm] FAILED

<test-failure test="com.xemantic.typescript.compiler.TypeScriptCompilerTests_S.sourceMapValidationDecorators_ts__target_es2015__compiles to JavaScript matching baseline" platform="jvm">
<message>
--- expected
+++ actual
@@ -94,19 +94,17 @@
     PropertyDecorator2(50)
 ], Greeter.prototype, "x", void 0);
 __decorate([
+    PropertyDecorator1,
+    PropertyDecorator2(60)
+], Greeter, "x1", void 0);
+__decorate([
     __param(0, ParameterDecorator1),
     __param(0, ParameterDecorator2(70))
 ], Greeter.prototype, "fn", null);
 __decorate([
     PropertyDecorator1,
-    PropertyDecorator2(80),
-    __param(0, ParameterDecorator1),
-    __param(0, ParameterDecorator2(90))
+    PropertyDecorator2(80)
 ], Greeter.prototype, "greetings", null);
-__decorate([
-    PropertyDecorator1,
-    PropertyDecorator2(60)
-], Greeter, "x1", void 0);
 Greeter = __decorate([
     ClassDecorator1,
     ClassDecorator2(10),

</message>
<stacktrace>
  at org.junit.Assert.fail(Assert.java:89)
  at kotlin.test.junit.JUnitAsserter.fail(JUnitSupport.kt:56)
  at kotlin.test.AssertionsKt__AssertionsKt.fail(Assertions.kt:563)
  at kotlin.test.AssertionsKt.fail(Unknown Source)
  at com.xemantic.kotlin.test.SameAsKt.sameAs(SameAs.kt:52)
  at com.xemantic.typescript.compiler.TypeScriptTestSupportKt.sameAs(TypeScriptTestSupport.kt:99)
  at com.xemantic.typescript.compiler.TypeScriptCompilerTests_S.sourceMapValidationDecorators_ts__target_es2015__compiles to JavaScript matching baseline(TypeScriptCompilerTests_S.kt:1148)
  at java.base/jdk.internal.reflect.DirectMethodHandleAccessor.invoke(DirectMethodHandleAccessor.java:104)
  at java.base/java.lang.reflect.Method.invoke(Method.java:565)
  at org.junit.runners.model.FrameworkMethod$1.runReflectiveCall(FrameworkMethod.java:59)
  at org.junit.internal.runners.model.ReflectiveCallable.run(ReflectiveCallable.java:12)
  at org.junit.runners.model.FrameworkMethod.invokeExplosively(FrameworkMethod.java:56)
  at org.junit.internal.runners.statements.InvokeMethod.evaluate(InvokeMethod.java:17)
  at org.junit.runners.ParentRunner$3.evaluate(ParentRunner.java:306)
  at org.junit.runners.BlockJUnit4ClassRunner$1.evaluate(BlockJUnit4ClassRunner.java:100)
  at org.junit.runners.ParentRunner.runLeaf(ParentRunner.java:366)
  at org.junit.runners.BlockJUnit4ClassRunner.runChild(BlockJUnit4ClassRunner.java:103)
  at org.junit.runners.BlockJUnit4ClassRunner.runChild(BlockJUnit4ClassRunner.java:63)
  at org.junit.runners.ParentRunner$4.run(ParentRunner.java:331)
  at org.junit.runners.ParentRunner$1.schedule(ParentRunner.java:79)
  at org.junit.runners.ParentRunner.runChildren(ParentRunner.java:329)
  at org.junit.runners.ParentRunner.access$100(ParentRunner.java:66)
  at org.junit.runners.ParentRunner$2.evaluate(ParentRunner.java:293)
  at org.junit.runners.ParentRunner$3.evaluate(ParentRunner.java:306)
  at org.junit.runners.ParentRunner.run(ParentRunner.java:413)
  at org.junit.runner.JUnitCore.run(JUnitCore.java:137)
  at org.junit.runner.JUnitCore.run(JUnitCore.java:115)
  at org.gradle.api.internal.tasks.testing.junit.JUnitTestExecutor.runRequest(JUnitTestExecutor.java:175)
  at org.gradle.api.internal.tasks.testing.junit.JUnitTestExecutor.accept(JUnitTestExecutor.java:84)
  at org.gradle.api.internal.tasks.testing.junit.JUnitTestExecutor.accept(JUnitTestExecutor.java:47)
  at org.gradle.api.internal.tasks.testing.junit.AbstractJUnitTestDefinitionProcessor.processTestDefinition(AbstractJUnitTestDefinitionProcessor.java:65)
  at org.gradle.api.internal.tasks.testing.SuiteTestDefinitionProcessor.processTestDefinition(SuiteTestDefinitionProcessor.java:54)
  at java.base/jdk.internal.reflect.DirectMethodHandleAccessor.invoke(DirectMethodHandleAccessor.java:104)
  at java.base/java.lang.reflect.Method.invoke(Method.java:565)
  at org.gradle.internal.dispatch.MethodInvocation.invokeOn(MethodInvocation.java:77)
  at org.gradle.internal.dispatch.ReflectionDispatch.dispatch(ReflectionDispatch.java:28)
  at org.gradle.internal.dispatch.ReflectionDispatch.dispatch(ReflectionDispatch.java:19)
  at org.gradle.internal.dispatch.ContextClassLoaderDispatch.dispatch(ContextClassLoaderDispatch.java:33)
  at org.gradle.internal.dispatch.ProxyDispatchAdapter$DispatchingInvocationHandler.invoke(ProxyDispatchAdapter.java:88)
  at jdk.proxy1/jdk.proxy1.$Proxy4.processTestDefinition(Unknown Source)
  at org.gradle.api.internal.tasks.testing.worker.TestWorker$2.run(TestWorker.java:178)
  at org.gradle.api.internal.tasks.testing.worker.TestWorker.executeAndMaintainThreadName(TestWorker.java:126)
  at org.gradle.api.internal.tasks.testing.worker.TestWorker.execute(TestWorker.java:103)
  at org.gradle.api.internal.tasks.testing.worker.TestWorker.execute(TestWorker.java:63)
  at org.gradle.process.internal.worker.child.ActionExecutionWorker.execute(ActionExecutionWorker.java:56)
  at org.gradle.process.internal.worker.child.SystemApplicationClassLoaderWorker.call(SystemApplicationClassLoaderWorker.java:122)
  at org.gradle.process.internal.worker.child.SystemApplicationClassLoaderWorker.call(SystemApplicationClassLoaderWorker.java:72)
  at worker.org.gradle.process.internal.worker.GradleWorkerMain.run(GradleWorkerMain.java:69)
  at worker.org.gradle.process.internal.worker.GradleWorkerMain.main(GradleWorkerMain.java:74)
</stacktrace>
</test-failure>


TypeScriptCompilerTests_S[jvm] > sourceMapValidationDecorators_ts__target_es2015__compiles to JavaScript matching baseline[jvm] FAILED

<test-failure test="com.xemantic.typescript.compiler.TypeScriptCompilerTests_S.selfReferencingFile_ts has expected errors matching selfReferencingFile_errors_txt" platform="jvm">
<message>
Expected diagnostics from baseline typescript-repo/tests/baselines/reference/selfReferencingFile.errors.txt but none produced
</message>
<stacktrace>
  at com.xemantic.typescript.compiler.TypeScriptTestSupportKt.errorsMatchBaseline(TypeScriptTestSupport.kt:125)
  at com.xemantic.typescript.compiler.TypeScriptCompilerTests_S.selfReferencingFile_ts has expected errors matching selfReferencingFile_errors_txt(TypeScriptCompilerTests_S.kt:210)
  at java.base/jdk.internal.reflect.DirectMethodHandleAccessor.invoke(DirectMethodHandleAccessor.java:104)
  at java.base/java.lang.reflect.Method.invoke(Method.java:565)
  at org.junit.runners.model.FrameworkMethod$1.runReflectiveCall(FrameworkMethod.java:59)
  at org.junit.internal.runners.model.ReflectiveCallable.run(ReflectiveCallable.java:12)
  at org.junit.runners.model.FrameworkMethod.invokeExplosively(FrameworkMethod.java:56)
  at org.junit.internal.runners.statements.InvokeMethod.evaluate(InvokeMethod.java:17)
  at org.junit.runners.ParentRunner$3.evaluate(ParentRunner.java:306)
  at org.junit.runners.BlockJUnit4ClassRunner$1.evaluate(BlockJUnit4ClassRunner.java:100)
  at org.junit.runners.ParentRunner.runLeaf(ParentRunner.java:366)
  at org.junit.runners.BlockJUnit4ClassRunner.runChild(BlockJUnit4ClassRunner.java:103)
  at org.junit.runners.BlockJUnit4ClassRunner.runChild(BlockJUnit4ClassRunner.java:63)
  at org.junit.runners.ParentRunner$4.run(ParentRunner.java:331)
  at org.junit.runners.ParentRunner$1.schedule(ParentRunner.java:79)
  at org.junit.runners.ParentRunner.runChildren(ParentRunner.java:329)
  at org.junit.runners.ParentRunner.access$100(ParentRunner.java:66)
  at org.junit.runners.ParentRunner$2.evaluate(ParentRunner.java:293)
  at org.junit.runners.ParentRunner$3.evaluate(ParentRunner.java:306)
  at org.junit.runners.ParentRunner.run(ParentRunner.java:413)
  at org.junit.runner.JUnitCore.run(JUnitCore.java:137)
  at org.junit.runner.JUnitCore.run(JUnitCore.java:115)
  at org.gradle.api.internal.tasks.testing.junit.JUnitTestExecutor.runRequest(JUnitTestExecutor.java:175)
  at org.gradle.api.internal.tasks.testing.junit.JUnitTestExecutor.accept(JUnitTestExecutor.java:84)
  at org.gradle.api.internal.tasks.testing.junit.JUnitTestExecutor.accept(JUnitTestExecutor.java:47)
  at org.gradle.api.internal.tasks.testing.junit.AbstractJUnitTestDefinitionProcessor.processTestDefinition(AbstractJUnitTestDefinitionProcessor.java:65)
  at org.gradle.api.internal.tasks.testing.SuiteTestDefinitionProcessor.processTestDefinition(SuiteTestDefinitionProcessor.java:54)
  at java.base/jdk.internal.reflect.DirectMethodHandleAccessor.invoke(DirectMethodHandleAccessor.java:104)
  at java.base/java.lang.reflect.Method.invoke(Method.java:565)
  at org.gradle.internal.dispatch.MethodInvocation.invokeOn(MethodInvocation.java:77)
  at org.gradle.internal.dispatch.ReflectionDispatch.dispatch(ReflectionDispatch.java:28)
  at org.gradle.internal.dispatch.ReflectionDispatch.dispatch(ReflectionDispatch.java:19)
  at org.gradle.internal.dispatch.ContextClassLoaderDispatch.dispatch(ContextClassLoaderDispatch.java:33)
  at org.gradle.internal.dispatch.ProxyDispatchAdapter$DispatchingInvocationHandler.invoke(ProxyDispatchAdapter.java:88)
  at jdk.proxy1/jdk.proxy1.$Proxy4.processTestDefinition(Unknown Source)
  at org.gradle.api.internal.tasks.testing.worker.TestWorker$2.run(TestWorker.java:178)
  at org.gradle.api.internal.tasks.testing.worker.TestWorker.executeAndMaintainThreadName(TestWorker.java:126)
  at org.gradle.api.internal.tasks.testing.worker.TestWorker.execute(TestWorker.java:103)
  at org.gradle.api.internal.tasks.testing.worker.TestWorker.execute(TestWorker.java:63)
  at org.gradle.process.internal.worker.child.ActionExecutionWorker.execute(ActionExecutionWorker.java:56)
  at org.gradle.process.internal.worker.child.SystemApplicationClassLoaderWorker.call(SystemApplicationClassLoaderWorker.java:122)
  at org.gradle.process.internal.worker.child.SystemApplicationClassLoaderWorker.call(SystemApplicationClassLoaderWorker.java:72)
  at worker.org.gradle.process.internal.worker.GradleWorkerMain.run(GradleWorkerMain.java:69)
  at worker.org.gradle.process.internal.worker.GradleWorkerMain.main(GradleWorkerMain.java:74)
</stacktrace>
</test-failure>


TypeScriptCompilerTests_S[jvm] > selfReferencingFile_ts has expected errors matching selfReferencingFile_errors_txt[jvm] FAILED

<test-failure test="com.xemantic.typescript.compiler.TypeScriptCompilerTests_S.shadowedFunctionScopedVariablesByBlockScopedOnes_ts has expected errors matching shadowedFunctionScopedVariablesByBlockScopedOnes_errors_txt" platform="jvm">
<message>
Expected diagnostics from baseline typescript-repo/tests/baselines/reference/shadowedFunctionScopedVariablesByBlockScopedOnes.errors.txt but none produced
</message>
<stacktrace>
  at com.xemantic.typescript.compiler.TypeScriptTestSupportKt.errorsMatchBaseline(TypeScriptTestSupport.kt:125)
  at com.xemantic.typescript.compiler.TypeScriptCompilerTests_S.shadowedFunctionScopedVariablesByBlockScopedOnes_ts has expected errors matching shadowedFunctionScopedVariablesByBlockScopedOnes_errors_txt(TypeScriptCompilerTests_S.kt:378)
  at java.base/jdk.internal.reflect.DirectMethodHandleAccessor.invoke(DirectMethodHandleAccessor.java:104)
  at java.base/java.lang.reflect.Method.invoke(Method.java:565)
  at org.junit.runners.model.FrameworkMethod$1.runReflectiveCall(FrameworkMethod.java:59)
  at org.junit.internal.runners.model.ReflectiveCallable.run(ReflectiveCallable.java:12)
  at org.junit.runners.model.FrameworkMethod.invokeExplosively(FrameworkMethod.java:56)
  at org.junit.internal.runners.statements.InvokeMethod.evaluate(InvokeMethod.java:17)
  at org.junit.runners.ParentRunner$3.evaluate(ParentRunner.java:306)
  at org.junit.runners.BlockJUnit4ClassRunner$1.evaluate(BlockJUnit4ClassRunner.java:100)
  at org.junit.runners.ParentRunner.runLeaf(ParentRunner.java:366)
  at org.junit.runners.BlockJUnit4ClassRunner.runChild(BlockJUnit4ClassRunner.java:103)
  at org.junit.runners.BlockJUnit4ClassRunner.runChild(BlockJUnit4ClassRunner.java:63)
  at org.junit.runners.ParentRunner$4.run(ParentRunner.java:331)
  at org.junit.runners.ParentRunner$1.schedule(ParentRunner.java:79)
  at org.junit.runners.ParentRunner.runChildren(ParentRunner.java:329)
  at org.junit.runners.ParentRunner.access$100(ParentRunner.java:66)
  at org.junit.runners.ParentRunner$2.evaluate(ParentRunner.java:293)
  at org.junit.runners.ParentRunner$3.evaluate(ParentRunner.java:306)
  at org.junit.runners.ParentRunner.run(ParentRunner.java:413)
  at org.junit.runner.JUnitCore.run(JUnitCore.java:137)
  at org.junit.runner.JUnitCore.run(JUnitCore.java:115)
  at org.gradle.api.internal.tasks.testing.junit.JUnitTestExecutor.runRequest(JUnitTestExecutor.java:175)
  at org.gradle.api.internal.tasks.testing.junit.JUnitTestExecutor.accept(JUnitTestExecutor.java:84)
  at org.gradle.api.internal.tasks.testing.junit.JUnitTestExecutor.accept(JUnitTestExecutor.java:47)
  at org.gradle.api.internal.tasks.testing.junit.AbstractJUnitTestDefinitionProcessor.processTestDefinition(AbstractJUnitTestDefinitionProcessor.java:65)
  at org.gradle.api.internal.tasks.testing.SuiteTestDefinitionProcessor.processTestDefinition(SuiteTestDefinitionProcessor.java:54)
  at java.base/jdk.internal.reflect.DirectMethodHandleAccessor.invoke(DirectMethodHandleAccessor.java:104)
  at java.base/java.lang.reflect.Method.invoke(Method.java:565)
  at org.gradle.internal.dispatch.MethodInvocation.invokeOn(MethodInvocation.java:77)
  at org.gradle.internal.dispatch.ReflectionDispatch.dispatch(ReflectionDispatch.java:28)
  at org.gradle.internal.dispatch.ReflectionDispatch.dispatch(ReflectionDispatch.java:19)
  at org.gradle.internal.dispatch.ContextClassLoaderDispatch.dispatch(ContextClassLoaderDispatch.java:33)
  at org.gradle.internal.dispatch.ProxyDispatchAdapter$DispatchingInvocationHandler.invoke(ProxyDispatchAdapter.java:88)
  at jdk.proxy1/jdk.proxy1.$Proxy4.processTestDefinition(Unknown Source)
  at org.gradle.api.internal.tasks.testing.worker.TestWorker$2.run(TestWorker.java:178)
  at org.gradle.api.internal.tasks.testing.worker.TestWorker.executeAndMaintainThreadName(TestWorker.java:126)
  at org.gradle.api.internal.tasks.testing.worker.TestWorker.execute(TestWorker.java:103)
  at org.gradle.api.internal.tasks.testing.worker.TestWorker.execute(TestWorker.java:63)
  at org.gradle.process.internal.worker.child.ActionExecutionWorker.execute(ActionExecutionWorker.java:56)
  at org.gradle.process.internal.worker.child.SystemApplicationClassLoaderWorker.call(SystemApplicationClassLoaderWorker.java:122)
  at org.gradle.process.internal.worker.child.SystemApplicationClassLoaderWorker.call(SystemApplicationClassLoaderWorker.java:72)
  at worker.org.gradle.process.internal.worker.GradleWorkerMain.run(GradleWorkerMain.java:69)
  at worker.org.gradle.process.internal.worker.GradleWorkerMain.main(GradleWorkerMain.java:74)
</stacktrace>
</test-failure>


TypeScriptCompilerTests_S[jvm] > shadowedFunctionScopedVariablesByBlockScopedOnes_ts has expected errors matching shadowedFunctionScopedVariablesByBlockScopedOnes_errors_txt[jvm] FAILED

<test-failure test="com.xemantic.typescript.compiler.TypeScriptCompilerTests_S.sourceMapValidationDestructuringForOfObjectBindingPatternDefaultValues2_ts__target_es2015__compiles to JavaScript matching baseline" platform="jvm">
<message>
--- expected
+++ actual
@@ -191,15 +191,15 @@
     console.log(nameA);
 }
 for ({ skills: { primary: primaryA = "primary", secondary: secondaryA = "secondary" } =
-        { primary: "nosKill", secondary: "noSkill" } } of multiRobots) {
+    { primary: "nosKill", secondary: "noSkill" } } of multiRobots) {
     console.log(primaryA);
 }
 for ({ skills: { primary: primaryA = "primary", secondary: secondaryA = "secondary" } =
-        { primary: "nosKill", secondary: "noSkill" } } of getMultiRobots()) {
+    { primary: "nosKill", secondary: "noSkill" } } of getMultiRobots()) {
     console.log(primaryA);
 }
 for ({ skills: { primary: primaryA = "primary", secondary: secondaryA = "secondary" } =
-        { primary: "nosKill", secondary: "noSkill" } } of [{ name: "mower", skills: { primary: "mowing", secondary: "none" } },
+    { primary: "nosKill", secondary: "noSkill" } } of [{ name: "mower", skills: { primary: "mowing", secondary: "none" } },
     { name: "trimmer", skills: { primary: "trimming", secondary: "edging" } }]) {
     console.log(primaryA);
 }

</message>
<stacktrace>
  at org.junit.Assert.fail(Assert.java:89)
  at kotlin.test.junit.JUnitAsserter.fail(JUnitSupport.kt:56)
  at kotlin.test.AssertionsKt__AssertionsKt.fail(Assertions.kt:563)
  at kotlin.test.AssertionsKt.fail(Unknown Source)
  at com.xemantic.kotlin.test.SameAsKt.sameAs(SameAs.kt:52)
  at com.xemantic.typescript.compiler.TypeScriptTestSupportKt.sameAs(TypeScriptTestSupport.kt:99)
  at com.xemantic.typescript.compiler.TypeScriptCompilerTests_S.sourceMapValidationDestructuringForOfObjectBindingPatternDefaultValues2_ts__target_es2015__compiles to JavaScript matching baseline(TypeScriptCompilerTests_S.kt:1365)
  at java.base/jdk.internal.reflect.DirectMethodHandleAccessor.invoke(DirectMethodHandleAccessor.java:104)
  at java.base/java.lang.reflect.Method.invoke(Method.java:565)
  at org.junit.runners.model.FrameworkMethod$1.runReflectiveCall(FrameworkMethod.java:59)
  at org.junit.internal.runners.model.ReflectiveCallable.run(ReflectiveCallable.java:12)
  at org.junit.runners.model.FrameworkMethod.invokeExplosively(FrameworkMethod.java:56)
  at org.junit.internal.runners.statements.InvokeMethod.evaluate(InvokeMethod.java:17)
  at org.junit.runners.ParentRunner$3.evaluate(ParentRunner.java:306)
  at org.junit.runners.BlockJUnit4ClassRunner$1.evaluate(BlockJUnit4ClassRunner.java:100)
  at org.junit.runners.ParentRunner.runLeaf(ParentRunner.java:366)
  at org.junit.runners.BlockJUnit4ClassRunner.runChild(BlockJUnit4ClassRunner.java:103)
  at org.junit.runners.BlockJUnit4ClassRunner.runChild(BlockJUnit4ClassRunner.java:63)
  at org.junit.runners.ParentRunner$4.run(ParentRunner.java:331)
  at org.junit.runners.ParentRunner$1.schedule(ParentRunner.java:79)
  at org.junit.runners.ParentRunner.runChildren(ParentRunner.java:329)
  at org.junit.runners.ParentRunner.access$100(ParentRunner.java:66)
  at org.junit.runners.ParentRunner$2.evaluate(ParentRunner.java:293)
  at org.junit.runners.ParentRunner$3.evaluate(ParentRunner.java:306)
  at org.junit.runners.ParentRunner.run(ParentRunner.java:413)
  at org.junit.runner.JUnitCore.run(JUnitCore.java:137)
  at org.junit.runner.JUnitCore.run(JUnitCore.java:115)
  at org.gradle.api.internal.tasks.testing.junit.JUnitTestExecutor.runRequest(JUnitTestExecutor.java:175)
  at org.gradle.api.internal.tasks.testing.junit.JUnitTestExecutor.accept(JUnitTestExecutor.java:84)
  at org.gradle.api.internal.tasks.testing.junit.JUnitTestExecutor.accept(JUnitTestExecutor.java:47)
  at org.gradle.api.internal.tasks.testing.junit.AbstractJUnitTestDefinitionProcessor.processTestDefinition(AbstractJUnitTestDefinitionProcessor.java:65)
  at org.gradle.api.internal.tasks.testing.SuiteTestDefinitionProcessor.processTestDefinition(SuiteTestDefinitionProcessor.java:54)
  at java.base/jdk.internal.reflect.DirectMethodHandleAccessor.invoke(DirectMethodHandleAccessor.java:104)
  at java.base/java.lang.reflect.Method.invoke(Method.java:565)
  at org.gradle.internal.dispatch.MethodInvocation.invokeOn(MethodInvocation.java:77)
  at org.gradle.internal.dispatch.ReflectionDispatch.dispatch(ReflectionDispatch.java:28)
  at org.gradle.internal.dispatch.ReflectionDispatch.dispatch(ReflectionDispatch.java:19)
  at org.gradle.internal.dispatch.ContextClassLoaderDispatch.dispatch(ContextClassLoaderDispatch.java:33)
  at org.gradle.internal.dispatch.ProxyDispatchAdapter$DispatchingInvocationHandler.invoke(ProxyDispatchAdapter.java:88)
  at jdk.proxy1/jdk.proxy1.$Proxy4.processTestDefinition(Unknown Source)
  at org.gradle.api.internal.tasks.testing.worker.TestWorker$2.run(TestWorker.java:178)
  at org.gradle.api.internal.tasks.testing.worker.TestWorker.executeAndMaintainThreadName(TestWorker.java:126)
  at org.gradle.api.internal.tasks.testing.worker.TestWorker.execute(TestWorker.java:103)
  at org.gradle.api.internal.tasks.testing.worker.TestWorker.execute(TestWorker.java:63)
  at org.gradle.process.internal.worker.child.ActionExecutionWorker.execute(ActionExecutionWorker.java:56)
  at org.gradle.process.internal.worker.child.SystemApplicationClassLoaderWorker.call(SystemApplicationClassLoaderWorker.java:122)
  at org.gradle.process.internal.worker.child.SystemApplicationClassLoaderWorker.call(SystemApplicationClassLoaderWorker.java:72)
  at worker.org.gradle.process.internal.worker.GradleWorkerMain.run(GradleWorkerMain.java:69)
  at worker.org.gradle.process.internal.worker.GradleWorkerMain.main(GradleWorkerMain.java:74)
</stacktrace>
</test-failure>


TypeScriptCompilerTests_S[jvm] > sourceMapValidationDestructuringForOfObjectBindingPatternDefaultValues2_ts__target_es2015__compiles to JavaScript matching baseline[jvm] FAILED

<test-failure test="com.xemantic.typescript.compiler.TypeScriptCompilerTests_S.strictOptionalProperties3_ts has expected errors matching strictOptionalProperties3_errors_txt" platform="jvm">
<message>
Expected diagnostics from baseline typescript-repo/tests/baselines/reference/strictOptionalProperties3.errors.txt but none produced
</message>
<stacktrace>
  at com.xemantic.typescript.compiler.TypeScriptTestSupportKt.errorsMatchBaseline(TypeScriptTestSupport.kt:125)
  at com.xemantic.typescript.compiler.TypeScriptCompilerTests_S.strictOptionalProperties3_ts has expected errors matching strictOptionalProperties3_errors_txt(TypeScriptCompilerTests_S.kt:3010)
  at java.base/jdk.internal.reflect.DirectMethodHandleAccessor.invoke(DirectMethodHandleAccessor.java:104)
  at java.base/java.lang.reflect.Method.invoke(Method.java:565)
  at org.junit.runners.model.FrameworkMethod$1.runReflectiveCall(FrameworkMethod.java:59)
  at org.junit.internal.runners.model.ReflectiveCallable.run(ReflectiveCallable.java:12)
  at org.junit.runners.model.FrameworkMethod.invokeExplosively(FrameworkMethod.java:56)
  at org.junit.internal.runners.statements.InvokeMethod.evaluate(InvokeMethod.java:17)
  at org.junit.runners.ParentRunner$3.evaluate(ParentRunner.java:306)
  at org.junit.runners.BlockJUnit4ClassRunner$1.evaluate(BlockJUnit4ClassRunner.java:100)
  at org.junit.runners.ParentRunner.runLeaf(ParentRunner.java:366)
  at org.junit.runners.BlockJUnit4ClassRunner.runChild(BlockJUnit4ClassRunner.java:103)
  at org.junit.runners.BlockJUnit4ClassRunner.runChild(BlockJUnit4ClassRunner.java:63)
  at org.junit.runners.ParentRunner$4.run(ParentRunner.java:331)
  at org.junit.runners.ParentRunner$1.schedule(ParentRunner.java:79)
  at org.junit.runners.ParentRunner.runChildren(ParentRunner.java:329)
  at org.junit.runners.ParentRunner.access$100(ParentRunner.java:66)
  at org.junit.runners.ParentRunner$2.evaluate(ParentRunner.java:293)
  at org.junit.runners.ParentRunner$3.evaluate(ParentRunner.java:306)
  at org.junit.runners.ParentRunner.run(ParentRunner.java:413)
  at org.junit.runner.JUnitCore.run(JUnitCore.java:137)
  at org.junit.runner.JUnitCore.run(JUnitCore.java:115)
  at org.gradle.api.internal.tasks.testing.junit.JUnitTestExecutor.runRequest(JUnitTestExecutor.java:175)
  at org.gradle.api.internal.tasks.testing.junit.JUnitTestExecutor.accept(JUnitTestExecutor.java:84)
  at org.gradle.api.internal.tasks.testing.junit.JUnitTestExecutor.accept(JUnitTestExecutor.java:47)
  at org.gradle.api.internal.tasks.testing.junit.AbstractJUnitTestDefinitionProcessor.processTestDefinition(AbstractJUnitTestDefinitionProcessor.java:65)
  at org.gradle.api.internal.tasks.testing.SuiteTestDefinitionProcessor.processTestDefinition(SuiteTestDefinitionProcessor.java:54)
  at java.base/jdk.internal.reflect.DirectMethodHandleAccessor.invoke(DirectMethodHandleAccessor.java:104)
  at java.base/java.lang.reflect.Method.invoke(Method.java:565)
  at org.gradle.internal.dispatch.MethodInvocation.invokeOn(MethodInvocation.java:77)
  at org.gradle.internal.dispatch.ReflectionDispatch.dispatch(ReflectionDispatch.java:28)
  at org.gradle.internal.dispatch.ReflectionDispatch.dispatch(ReflectionDispatch.java:19)
  at org.gradle.internal.dispatch.ContextClassLoaderDispatch.dispatch(ContextClassLoaderDispatch.java:33)
  at org.gradle.internal.dispatch.ProxyDispatchAdapter$DispatchingInvocationHandler.invoke(ProxyDispatchAdapter.java:88)
  at jdk.proxy1/jdk.proxy1.$Proxy4.processTestDefinition(Unknown Source)
  at org.gradle.api.internal.tasks.testing.worker.TestWorker$2.run(TestWorker.java:178)
  at org.gradle.api.internal.tasks.testing.worker.TestWorker.executeAndMaintainThreadName(TestWorker.java:126)
  at org.gradle.api.internal.tasks.testing.worker.TestWorker.execute(TestWorker.java:103)
  at org.gradle.api.internal.tasks.testing.worker.TestWorker.execute(TestWorker.java:63)
  at org.gradle.process.internal.worker.child.ActionExecutionWorker.execute(ActionExecutionWorker.java:56)
  at org.gradle.process.internal.worker.child.SystemApplicationClassLoaderWorker.call(SystemApplicationClassLoaderWorker.java:122)
  at org.gradle.process.internal.worker.child.SystemApplicationClassLoaderWorker.call(SystemApplicationClassLoaderWorker.java:72)
  at worker.org.gradle.process.internal.worker.GradleWorkerMain.run(GradleWorkerMain.java:69)
  at worker.org.gradle.process.internal.worker.GradleWorkerMain.main(GradleWorkerMain.java:74)
</stacktrace>
</test-failure>


TypeScriptCompilerTests_S[jvm] > strictOptionalProperties3_ts has expected errors matching strictOptionalProperties3_errors_txt[jvm] FAILED

<test-failure test="com.xemantic.typescript.compiler.TypeScriptCompilerTests_S.strictModeWordInImportDeclaration_ts has expected errors matching strictModeWordInImportDeclaration_errors_txt" platform="jvm">
<message>
--- expected
+++ actual
@@ -1,25 +1,22 @@
-strictModeWordInImportDeclaration.ts(2,13): error TS1214: Identifier expected. 'package' is a reserved word in strict mode. Modules are automatically in strict mode.
 strictModeWordInImportDeclaration.ts(2,26): error TS2307: Cannot find module './1' or its corresponding type declarations.
-strictModeWordInImportDeclaration.ts(3,16): error TS1214: Identifier expected. 'private' is a reserved word in strict mode. Modules are automatically in strict mode.
 strictModeWordInImportDeclaration.ts(3,30): error TS2307: Cannot find module './1' or its corresponding type declarations.
-strictModeWordInImportDeclaration.ts(4,8): error TS1214: Identifier expected. 'public' is a reserved word in strict mode. Modules are automatically in strict mode.
+strictModeWordInImportDeclaration.ts(4,8): error TS1005: '{' expected.
+strictModeWordInImportDeclaration.ts(4,15): error TS1005: '}' expected.
 strictModeWordInImportDeclaration.ts(4,20): error TS2307: Cannot find module './1' or its corresponding type declarations.
 
 
-==== strictModeWordInImportDeclaration.ts (6 errors) ====
+==== strictModeWordInImportDeclaration.ts (5 errors) ====
     "use strict"
     import * as package from "./1"
-                ~~~~~~~
-!!! error TS1214: Identifier expected. 'package' is a reserved word in strict mode. Modules are automatically in strict mode.
                              ~~~~~
 !!! error TS2307: Cannot find module './1' or its corresponding type declarations.
     import {foo as private} from "./1"
-                   ~~~~~~~
-!!! error TS1214: Identifier expected. 'private' is a reserved word in strict mode. Modules are automatically in strict mode.
                                  ~~~~~
 !!! error TS2307: Cannot find module './1' or its corresponding type declarations.
     import public from "./1"
            ~~~~~~
-!!! error TS1214: Identifier expected. 'public' is a reserved word in strict mode. Modules are automatically in strict mode.
+!!! error TS1005: '{' expected.
+                  ~~~~
+!!! error TS1005: '}' expected.
                        ~~~~~
 !!! error TS2307: Cannot find module './1' or its corresponding type declarations.

</message>
<stacktrace>
  at org.junit.Assert.fail(Assert.java:89)
  at kotlin.test.junit.JUnitAsserter.fail(JUnitSupport.kt:56)
  at kotlin.test.AssertionsKt__AssertionsKt.fail(Assertions.kt:563)
  at kotlin.test.AssertionsKt.fail(Unknown Source)
  at com.xemantic.kotlin.test.SameAsKt.sameAs(SameAs.kt:52)
  at com.xemantic.typescript.compiler.TypeScriptTestSupportKt.errorsMatchBaseline(TypeScriptTestSupport.kt:135)
  at com.xemantic.typescript.compiler.TypeScriptCompilerTests_S.strictModeWordInImportDeclaration_ts has expected errors matching strictModeWordInImportDeclaration_errors_txt(TypeScriptCompilerTests_S.kt:2933)
  at java.base/jdk.internal.reflect.DirectMethodHandleAccessor.invoke(DirectMethodHandleAccessor.java:104)
  at java.base/java.lang.reflect.Method.invoke(Method.java:565)
  at org.junit.runners.model.FrameworkMethod$1.runReflectiveCall(FrameworkMethod.java:59)
  at org.junit.internal.runners.model.ReflectiveCallable.run(ReflectiveCallable.java:12)
  at org.junit.runners.model.FrameworkMethod.invokeExplosively(FrameworkMethod.java:56)
  at org.junit.internal.runners.statements.InvokeMethod.evaluate(InvokeMethod.java:17)
  at org.junit.runners.ParentRunner$3.evaluate(ParentRunner.java:306)
  at org.junit.runners.BlockJUnit4ClassRunner$1.evaluate(BlockJUnit4ClassRunner.java:100)
  at org.junit.runners.ParentRunner.runLeaf(ParentRunner.java:366)
  at org.junit.runners.BlockJUnit4ClassRunner.runChild(BlockJUnit4ClassRunner.java:103)
  at org.junit.runners.BlockJUnit4ClassRunner.runChild(BlockJUnit4ClassRunner.java:63)
  at org.junit.runners.ParentRunner$4.run(ParentRunner.java:331)
  at org.junit.runners.ParentRunner$1.schedule(ParentRunner.java:79)
  at org.junit.runners.ParentRunner.runChildren(ParentRunner.java:329)
  at org.junit.runners.ParentRunner.access$100(ParentRunner.java:66)
  at org.junit.runners.ParentRunner$2.evaluate(ParentRunner.java:293)
  at org.junit.runners.ParentRunner$3.evaluate(ParentRunner.java:306)
  at org.junit.runners.ParentRunner.run(ParentRunner.java:413)
  at org.junit.runner.JUnitCore.run(JUnitCore.java:137)
  at org.junit.runner.JUnitCore.run(JUnitCore.java:115)
  at org.gradle.api.internal.tasks.testing.junit.JUnitTestExecutor.runRequest(JUnitTestExecutor.java:175)
  at org.gradle.api.internal.tasks.testing.junit.JUnitTestExecutor.accept(JUnitTestExecutor.java:84)
  at org.gradle.api.internal.tasks.testing.junit.JUnitTestExecutor.accept(JUnitTestExecutor.java:47)
  at org.gradle.api.internal.tasks.testing.junit.AbstractJUnitTestDefinitionProcessor.processTestDefinition(AbstractJUnitTestDefinitionProcessor.java:65)
  at org.gradle.api.internal.tasks.testing.SuiteTestDefinitionProcessor.processTestDefinition(SuiteTestDefinitionProcessor.java:54)
  at java.base/jdk.internal.reflect.DirectMethodHandleAccessor.invoke(DirectMethodHandleAccessor.java:104)
  at java.base/java.lang.reflect.Method.invoke(Method.java:565)
  at org.gradle.internal.dispatch.MethodInvocation.invokeOn(MethodInvocation.java:77)
  at org.gradle.internal.dispatch.ReflectionDispatch.dispatch(ReflectionDispatch.java:28)
  at org.gradle.internal.dispatch.ReflectionDispatch.dispatch(ReflectionDispatch.java:19)
  at org.gradle.internal.dispatch.ContextClassLoaderDispatch.dispatch(ContextClassLoaderDispatch.java:33)
  at org.gradle.internal.dispatch.ProxyDispatchAdapter$DispatchingInvocationHandler.invoke(ProxyDispatchAdapter.java:88)
  at jdk.proxy1/jdk.proxy1.$Proxy4.processTestDefinition(Unknown Source)
  at org.gradle.api.internal.tasks.testing.worker.TestWorker$2.run(TestWorker.java:178)
  at org.gradle.api.internal.tasks.testing.worker.TestWorker.executeAndMaintainThreadName(TestWorker.java:126)
  at org.gradle.api.internal.tasks.testing.worker.TestWorker.execute(TestWorker.java:103)
  at org.gradle.api.internal.tasks.testing.worker.TestWorker.execute(TestWorker.java:63)
  at org.gradle.process.internal.worker.child.ActionExecutionWorker.execute(ActionExecutionWorker.java:56)
  at org.gradle.process.internal.worker.child.SystemApplicationClassLoaderWorker.call(SystemApplicationClassLoaderWorker.java:122)
  at org.gradle.process.internal.worker.child.SystemApplicationClassLoaderWorker.call(SystemApplicationClassLoaderWorker.java:72)
  at worker.org.gradle.process.internal.worker.GradleWorkerMain.run(GradleWorkerMain.java:69)
  at worker.org.gradle.process.internal.worker.GradleWorkerMain.main(GradleWorkerMain.java:74)
</stacktrace>
</test-failure>


TypeScriptCompilerTests_S[jvm] > strictModeWordInImportDeclaration_ts has expected errors matching strictModeWordInImportDeclaration_errors_txt[jvm] FAILED

<test-failure test="com.xemantic.typescript.compiler.TypeScriptCompilerTests_S.superPropertyAccess2_ts__target_es5__has expected errors matching baseline" platform="jvm">
<message>
--- expected
+++ actual
@@ -1,12 +1,8 @@
 error TS5107: Option 'target=ES5' is deprecated and will stop functioning in TypeScript 7.0. Specify compilerOption '"ignoreDeprecations": "6.0"' to silence this error.
-superPropertyAccess2.ts(13,15): error TS2339: Property 'x' does not exist on type 'typeof C'.
-superPropertyAccess2.ts(18,15): error TS2576: Property 'bar' does not exist on type 'C'. Did you mean to access the static member 'C.bar' instead?
-superPropertyAccess2.ts(19,15): error TS2340: Only public and protected methods of the base class are accessible via the 'super' keyword.
-superPropertyAccess2.ts(24,15): error TS2339: Property 'x' does not exist on type 'typeof C'.
 
 
 !!! error TS5107: Option 'target=ES5' is deprecated and will stop functioning in TypeScript 7.0. Specify compilerOption '"ignoreDeprecations": "6.0"' to silence this error.
-==== superPropertyAccess2.ts (4 errors) ====
+==== superPropertyAccess2.ts (0 errors) ====
     class C {
         public static foo() { }
         public get x() {
@@ -20,25 +16,17 @@
         public static foo() {
             super.bar(); // OK
             super.x;  // error
-                  ~
-!!! error TS2339: Property 'x' does not exist on type 'typeof C'.
         }
     
         constructor() {
             super();
             super.bar(); // error
-                  ~~~
-!!! error TS2576: Property 'bar' does not exist on type 'C'. Did you mean to access the static member 'C.bar' instead?
             super.x;  // error
-                  ~
-!!! error TS2340: Only public and protected methods of the base class are accessible via the 'super' keyword.
         }
     
         public static get y() {
             super.bar(); // OK
             super.x; // error
-                  ~
-!!! error TS2339: Property 'x' does not exist on type 'typeof C'.
             return 1;
         }
     }

</message>
<stacktrace>
  at org.junit.Assert.fail(Assert.java:89)
  at kotlin.test.junit.JUnitAsserter.fail(JUnitSupport.kt:56)
  at kotlin.test.AssertionsKt__AssertionsKt.fail(Assertions.kt:563)
  at kotlin.test.AssertionsKt.fail(Unknown Source)
  at com.xemantic.kotlin.test.SameAsKt.sameAs(SameAs.kt:52)
  at com.xemantic.typescript.compiler.TypeScriptTestSupportKt.errorsMatchBaseline(TypeScriptTestSupport.kt:135)
  at com.xemantic.typescript.compiler.TypeScriptCompilerTests_S.superPropertyAccess2_ts__target_es5__has expected errors matching baseline(TypeScriptCompilerTests_S.kt:3794)
  at java.base/jdk.internal.reflect.DirectMethodHandleAccessor.invoke(DirectMethodHandleAccessor.java:104)
  at java.base/java.lang.reflect.Method.invoke(Method.java:565)
  at org.junit.runners.model.FrameworkMethod$1.runReflectiveCall(FrameworkMethod.java:59)
  at org.junit.internal.runners.model.ReflectiveCallable.run(ReflectiveCallable.java:12)
  at org.junit.runners.model.FrameworkMethod.invokeExplosively(FrameworkMethod.java:56)
  at org.junit.internal.runners.statements.InvokeMethod.evaluate(InvokeMethod.java:17)
  at org.junit.runners.ParentRunner$3.evaluate(ParentRunner.java:306)
  at org.junit.runners.BlockJUnit4ClassRunner$1.evaluate(BlockJUnit4ClassRunner.java:100)
  at org.junit.runners.ParentRunner.runLeaf(ParentRunner.java:366)
  at org.junit.runners.BlockJUnit4ClassRunner.runChild(BlockJUnit4ClassRunner.java:103)
  at org.junit.runners.BlockJUnit4ClassRunner.runChild(BlockJUnit4ClassRunner.java:63)
  at org.junit.runners.ParentRunner$4.run(ParentRunner.java:331)
  at org.junit.runners.ParentRunner$1.schedule(ParentRunner.java:79)
  at org.junit.runners.ParentRunner.runChildren(ParentRunner.java:329)
  at org.junit.runners.ParentRunner.access$100(ParentRunner.java:66)
  at org.junit.runners.ParentRunner$2.evaluate(ParentRunner.java:293)
  at org.junit.runners.ParentRunner$3.evaluate(ParentRunner.java:306)
  at org.junit.runners.ParentRunner.run(ParentRunner.java:413)
  at org.junit.runner.JUnitCore.run(JUnitCore.java:137)
  at org.junit.runner.JUnitCore.run(JUnitCore.java:115)
  at org.gradle.api.internal.tasks.testing.junit.JUnitTestExecutor.runRequest(JUnitTestExecutor.java:175)
  at org.gradle.api.internal.tasks.testing.junit.JUnitTestExecutor.accept(JUnitTestExecutor.java:84)
  at org.gradle.api.internal.tasks.testing.junit.JUnitTestExecutor.accept(JUnitTestExecutor.java:47)
  at org.gradle.api.internal.tasks.testing.junit.AbstractJUnitTestDefinitionProcessor.processTestDefinition(AbstractJUnitTestDefinitionProcessor.java:65)
  at org.gradle.api.internal.tasks.testing.SuiteTestDefinitionProcessor.processTestDefinition(SuiteTestDefinitionProcessor.java:54)
  at java.base/jdk.internal.reflect.DirectMethodHandleAccessor.invoke(DirectMethodHandleAccessor.java:104)
  at java.base/java.lang.reflect.Method.invoke(Method.java:565)
  at org.gradle.internal.dispatch.MethodInvocation.invokeOn(MethodInvocation.java:77)
  at org.gradle.internal.dispatch.ReflectionDispatch.dispatch(ReflectionDispatch.java:28)
  at org.gradle.internal.dispatch.ReflectionDispatch.dispatch(ReflectionDispatch.java:19)
  at org.gradle.internal.dispatch.ContextClassLoaderDispatch.dispatch(ContextClassLoaderDispatch.java:33)
  at org.gradle.internal.dispatch.ProxyDispatchAdapter$DispatchingInvocationHandler.invoke(ProxyDispatchAdapter.java:88)
  at jdk.proxy1/jdk.proxy1.$Proxy4.processTestDefinition(Unknown Source)
  at org.gradle.api.internal.tasks.testing.worker.TestWorker$2.run(TestWorker.java:178)
  at org.gradle.api.internal.tasks.testing.worker.TestWorker.executeAndMaintainThreadName(TestWorker.java:126)
  at org.gradle.api.internal.tasks.testing.worker.TestWorker.execute(TestWorker.java:103)
  at org.gradle.api.internal.tasks.testing.worker.TestWorker.execute(TestWorker.java:63)
  at org.gradle.process.internal.worker.child.ActionExecutionWorker.execute(ActionExecutionWorker.java:56)
  at org.gradle.process.internal.worker.child.SystemApplicationClassLoaderWorker.call(SystemApplicationClassLoaderWorker.java:122)
  at org.gradle.process.internal.worker.child.SystemApplicationClassLoaderWorker.call(SystemApplicationClassLoaderWorker.java:72)
  at worker.org.gradle.process.internal.worker.GradleWorkerMain.run(GradleWorkerMain.java:69)
  at worker.org.gradle.process.internal.worker.GradleWorkerMain.main(GradleWorkerMain.java:74)
</stacktrace>
</test-failure>


TypeScriptCompilerTests_S[jvm] > superPropertyAccess2_ts__target_es5__has expected errors matching baseline[jvm] FAILED

<test-failure test="com.xemantic.typescript.compiler.TypeScriptCompilerTests_S.sourceMapValidationDestructuringForOfObjectBindingPatternDefaultValues2_ts__target_es5__has expected errors matching baseline" platform="jvm">
<message>
--- expected
+++ actual
@@ -1,20 +1,8 @@
 error TS5107: Option 'target=ES5' is deprecated and will stop functioning in TypeScript 7.0. Specify compilerOption '"ignoreDeprecations": "6.0"' to silence this error.
-sourceMapValidationDestructuringForOfObjectBindingPatternDefaultValues2.ts(57,17): error TS2454: Variable 'nameA' is used before being assigned.
-sourceMapValidationDestructuringForOfObjectBindingPatternDefaultValues2.ts(60,17): error TS2454: Variable 'nameA' is used before being assigned.
-sourceMapValidationDestructuringForOfObjectBindingPatternDefaultValues2.ts(63,17): error TS2454: Variable 'nameA' is used before being assigned.
-sourceMapValidationDestructuringForOfObjectBindingPatternDefaultValues2.ts(71,17): error TS2454: Variable 'primaryA' is used before being assigned.
-sourceMapValidationDestructuringForOfObjectBindingPatternDefaultValues2.ts(79,17): error TS2454: Variable 'primaryA' is used before being assigned.
-sourceMapValidationDestructuringForOfObjectBindingPatternDefaultValues2.ts(88,17): error TS2454: Variable 'primaryA' is used before being assigned.
-sourceMapValidationDestructuringForOfObjectBindingPatternDefaultValues2.ts(131,17): error TS2454: Variable 'nameA' is used before being assigned.
-sourceMapValidationDestructuringForOfObjectBindingPatternDefaultValues2.ts(134,17): error TS2454: Variable 'nameA' is used before being assigned.
-sourceMapValidationDestructuringForOfObjectBindingPatternDefaultValues2.ts(137,17): error TS2454: Variable 'nameA' is used before being assigned.
-sourceMapValidationDestructuringForOfObjectBindingPatternDefaultValues2.ts(146,17): error TS2454: Variable 'nameA' is used before being assigned.
-sourceMapValidationDestructuringForOfObjectBindingPatternDefaultValues2.ts(155,17): error TS2454: Variable 'nameA' is used before being assigned.
-sourceMapValidationDestructuringForOfObjectBindingPatternDefaultValues2.ts(165,17): error TS2454: Variable 'nameA' is used before being assigned.
 
 
 !!! error TS5107: Option 'target=ES5' is deprecated and will stop functioning in TypeScript 7.0. Specify compilerOption '"ignoreDeprecations": "6.0"' to silence this error.
-==== sourceMapValidationDestructuringForOfObjectBindingPatternDefaultValues2.ts (12 errors) ====
+==== sourceMapValidationDestructuringForOfObjectBindingPatternDefaultValues2.ts (0 errors) ====
     declare var console: {
         log(msg: any): void;
     }
@@ -72,18 +60,12 @@
     
     for ({ name = "noName" } of robots) {
         console.log(nameA);
-                    ~~~~~
-!!! error TS2454: Variable 'nameA' is used before being assigned.
     }
     for ({ name = "noName" } of getRobots()) {
         console.log(nameA);
-                    ~~~~~
-!!! error TS2454: Variable 'nameA' is used before being assigned.
     }
     for ({ name = "noName" } of [{ name: "mower", skill: "mowing" }, { name: "trimmer", skill: "trimming" }]) {
         console.log(nameA);
-                    ~~~~~
-!!! error TS2454: Variable 'nameA' is used before being assigned.
     }
     for ({
         skills: {
@@ -92,8 +74,6 @@
         } = { primary: "noSkill", secondary: "noSkill" }
     } of multiRobots) {
         console.log(primaryA);
-                    ~~~~~~~~
-!!! error TS2454: Variable 'primaryA' is used before being assigned.
     }
     for ({
         skills: {
@@ -102,8 +82,6 @@
         } = { primary: "noSkill", secondary: "noSkill" }
     } of getMultiRobots()) {
         console.log(primaryA);
-                    ~~~~~~~~
-!!! error TS2454: Variable 'primaryA' is used before being assigned.
     }
     for ({
         skills: {
@@ -113,8 +91,6 @@
     } of [{ name: "mower", skills: { primary: "mowing", secondary: "none" } },
         { name: "trimmer", skills: { primary: "trimming", secondary: "edging" } }]) {
         console.log(primaryA);
-                    ~~~~~~~~
-!!! error TS2454: Variable 'primaryA' is used before being assigned.
     }
     
     
@@ -158,18 +134,12 @@
     
     for ({ name = "noName", skill  = "noSkill" } of robots) {
         console.log(nameA);
-                    ~~~~~
-!!! error TS2454: Variable 'nameA' is used before being assigned.
     }
     for ({ name = "noName", skill = "noSkill"  } of getRobots()) {
         console.log(nameA);
-                    ~~~~~
-!!! error TS2454: Variable 'nameA' is used before being assigned.
     }
     for ({ name = "noName", skill  = "noSkill" } of [{ name: "mower", skill: "mowing" }, { name: "trimmer", skill: "trimming" }]) {
         console.log(nameA);
-                    ~~~~~
-!!! error TS2454: Variable 'nameA' is used before being assigned.
     }
     for ({
         name = "noName",
@@ -179,8 +149,6 @@
         } = { primary: "noSkill", secondary: "noSkill" }
     } of multiRobots) {
         console.log(nameA);
-                    ~~~~~
-!!! error TS2454: Variable 'nameA' is used before being assigned.
     }
     for ({
         name = "noName",
@@ -190,8 +158,6 @@
         } = { primary: "noSkill", secondary: "noSkill" }
     } of getMultiRobots()) {
         console.log(nameA);
-                    ~~~~~
-!!! error TS2454: Variable 'nameA' is used before being assigned.
     }
     for ({
         name = "noName",
@@ -202,6 +168,4 @@
     } of [{ name: "mower", skills: { primary: "mowing", secondary: "none" } },
         { name: "trimmer", skills: { primary: "trimming", secondary: "edging" } }]) {
         console.log(nameA);
-                    ~~~~~
-!!! error TS2454: Variable 'nameA' is used before being assigned.
     }

</message>
<stacktrace>
  at org.junit.Assert.fail(Assert.java:89)
  at kotlin.test.junit.JUnitAsserter.fail(JUnitSupport.kt:56)
  at kotlin.test.AssertionsKt__AssertionsKt.fail(Assertions.kt:563)
  at kotlin.test.AssertionsKt.fail(Unknown Source)
  at com.xemantic.kotlin.test.SameAsKt.sameAs(SameAs.kt:52)
  at com.xemantic.typescript.compiler.TypeScriptTestSupportKt.errorsMatchBaseline(TypeScriptTestSupport.kt:135)
  at com.xemantic.typescript.compiler.TypeScriptCompilerTests_S.sourceMapValidationDestructuringForOfObjectBindingPatternDefaultValues2_ts__target_es5__has expected errors matching baseline(TypeScriptCompilerTests_S.kt:1372)
  at java.base/jdk.internal.reflect.DirectMethodHandleAccessor.invoke(DirectMethodHandleAccessor.java:104)
  at java.base/java.lang.reflect.Method.invoke(Method.java:565)
  at org.junit.runners.model.FrameworkMethod$1.runReflectiveCall(FrameworkMethod.java:59)
  at org.junit.internal.runners.model.ReflectiveCallable.run(ReflectiveCallable.java:12)
  at org.junit.runners.model.FrameworkMethod.invokeExplosively(FrameworkMethod.java:56)
  at org.junit.internal.runners.statements.InvokeMethod.evaluate(InvokeMethod.java:17)
  at org.junit.runners.ParentRunner$3.evaluate(ParentRunner.java:306)
  at org.junit.runners.BlockJUnit4ClassRunner$1.evaluate(BlockJUnit4ClassRunner.java:100)
  at org.junit.runners.ParentRunner.runLeaf(ParentRunner.java:366)
  at org.junit.runners.BlockJUnit4ClassRunner.runChild(BlockJUnit4ClassRunner.java:103)
  at org.junit.runners.BlockJUnit4ClassRunner.runChild(BlockJUnit4ClassRunner.java:63)
  at org.junit.runners.ParentRunner$4.run(ParentRunner.java:331)
  at org.junit.runners.ParentRunner$1.schedule(ParentRunner.java:79)
  at org.junit.runners.ParentRunner.runChildren(ParentRunner.java:329)
  at org.junit.runners.ParentRunner.access$100(ParentRunner.java:66)
  at org.junit.runners.ParentRunner$2.evaluate(ParentRunner.java:293)
  at org.junit.runners.ParentRunner$3.evaluate(ParentRunner.java:306)
  at org.junit.runners.ParentRunner.run(ParentRunner.java:413)
  at org.junit.runner.JUnitCore.run(JUnitCore.java:137)
  at org.junit.runner.JUnitCore.run(JUnitCore.java:115)
  at org.gradle.api.internal.tasks.testing.junit.JUnitTestExecutor.runRequest(JUnitTestExecutor.java:175)
  at org.gradle.api.internal.tasks.testing.junit.JUnitTestExecutor.accept(JUnitTestExecutor.java:84)
  at org.gradle.api.internal.tasks.testing.junit.JUnitTestExecutor.accept(JUnitTestExecutor.java:47)
  at org.gradle.api.internal.tasks.testing.junit.AbstractJUnitTestDefinitionProcessor.processTestDefinition(AbstractJUnitTestDefinitionProcessor.java:65)
  at org.gradle.api.internal.tasks.testing.SuiteTestDefinitionProcessor.processTestDefinition(SuiteTestDefinitionProcessor.java:54)
  at java.base/jdk.internal.reflect.DirectMethodHandleAccessor.invoke(DirectMethodHandleAccessor.java:104)
  at java.base/java.lang.reflect.Method.invoke(Method.java:565)
  at org.gradle.internal.dispatch.MethodInvocation.invokeOn(MethodInvocation.java:77)
  at org.gradle.internal.dispatch.ReflectionDispatch.dispatch(ReflectionDispatch.java:28)
  at org.gradle.internal.dispatch.ReflectionDispatch.dispatch(ReflectionDispatch.java:19)
  at org.gradle.internal.dispatch.ContextClassLoaderDispatch.dispatch(ContextClassLoaderDispatch.java:33)
  at org.gradle.internal.dispatch.ProxyDispatchAdapter$DispatchingInvocationHandler.invoke(ProxyDispatchAdapter.java:88)
  at jdk.proxy1/jdk.proxy1.$Proxy4.processTestDefinition(Unknown Source)
  at org.gradle.api.internal.tasks.testing.worker.TestWorker$2.run(TestWorker.java:178)
  at org.gradle.api.internal.tasks.testing.worker.TestWorker.executeAndMaintainThreadName(TestWorker.java:126)
  at org.gradle.api.internal.tasks.testing.worker.TestWorker.execute(TestWorker.java:103)
  at org.gradle.api.internal.tasks.testing.worker.TestWorker.execute(TestWorker.java:63)
  at org.gradle.process.internal.worker.child.ActionExecutionWorker.execute(ActionExecutionWorker.java:56)
  at org.gradle.process.internal.worker.child.SystemApplicationClassLoaderWorker.call(SystemApplicationClassLoaderWorker.java:122)
  at org.gradle.process.internal.worker.child.SystemApplicationClassLoaderWorker.call(SystemApplicationClassLoaderWorker.java:72)
  at worker.org.gradle.process.internal.worker.GradleWorkerMain.run(GradleWorkerMain.java:69)
  at worker.org.gradle.process.internal.worker.GradleWorkerMain.main(GradleWorkerMain.java:74)
</stacktrace>
</test-failure>


TypeScriptCompilerTests_S[jvm] > sourceMapValidationDestructuringForOfObjectBindingPatternDefaultValues2_ts__target_es5__has expected errors matching baseline[jvm] FAILED

<test-failure test="com.xemantic.typescript.compiler.TypeScriptCompilerTests_S.staticsInAFunction_ts compiles to JavaScript matching staticsInAFunction_js" platform="jvm">
<message>
--- expected
+++ actual
@@ -10,9 +10,10 @@
 
 //// [staticsInAFunction.js]
 "use strict";
-function boo() {
-    test();
-    test(name, string);
-    test(name ?  : any);
-    { }
-}
+test();
+static;
+test(name);
+string;
+static;
+test(name ?  : any);
+{ }

</message>
<stacktrace>
  at org.junit.Assert.fail(Assert.java:89)
  at kotlin.test.junit.JUnitAsserter.fail(JUnitSupport.kt:56)
  at kotlin.test.AssertionsKt__AssertionsKt.fail(Assertions.kt:563)
  at kotlin.test.AssertionsKt.fail(Unknown Source)
  at com.xemantic.kotlin.test.SameAsKt.sameAs(SameAs.kt:52)
  at com.xemantic.typescript.compiler.TypeScriptTestSupportKt.sameAs(TypeScriptTestSupport.kt:99)
  at com.xemantic.typescript.compiler.TypeScriptCompilerTests_S.staticsInAFunction_ts compiles to JavaScript matching staticsInAFunction_js(TypeScriptCompilerTests_S.kt:2730)
  at java.base/jdk.internal.reflect.DirectMethodHandleAccessor.invoke(DirectMethodHandleAccessor.java:104)
  at java.base/java.lang.reflect.Method.invoke(Method.java:565)
  at org.junit.runners.model.FrameworkMethod$1.runReflectiveCall(FrameworkMethod.java:59)
  at org.junit.internal.runners.model.ReflectiveCallable.run(ReflectiveCallable.java:12)
  at org.junit.runners.model.FrameworkMethod.invokeExplosively(FrameworkMethod.java:56)
  at org.junit.internal.runners.statements.InvokeMethod.evaluate(InvokeMethod.java:17)
  at org.junit.runners.ParentRunner$3.evaluate(ParentRunner.java:306)
  at org.junit.runners.BlockJUnit4ClassRunner$1.evaluate(BlockJUnit4ClassRunner.java:100)
  at org.junit.runners.ParentRunner.runLeaf(ParentRunner.java:366)
  at org.junit.runners.BlockJUnit4ClassRunner.runChild(BlockJUnit4ClassRunner.java:103)
  at org.junit.runners.BlockJUnit4ClassRunner.runChild(BlockJUnit4ClassRunner.java:63)
  at org.junit.runners.ParentRunner$4.run(ParentRunner.java:331)
  at org.junit.runners.ParentRunner$1.schedule(ParentRunner.java:79)
  at org.junit.runners.ParentRunner.runChildren(ParentRunner.java:329)
  at org.junit.runners.ParentRunner.access$100(ParentRunner.java:66)
  at org.junit.runners.ParentRunner$2.evaluate(ParentRunner.java:293)
  at org.junit.runners.ParentRunner$3.evaluate(ParentRunner.java:306)
  at org.junit.runners.ParentRunner.run(ParentRunner.java:413)
  at org.junit.runner.JUnitCore.run(JUnitCore.java:137)
  at org.junit.runner.JUnitCore.run(JUnitCore.java:115)
  at org.gradle.api.internal.tasks.testing.junit.JUnitTestExecutor.runRequest(JUnitTestExecutor.java:175)
  at org.gradle.api.internal.tasks.testing.junit.JUnitTestExecutor.accept(JUnitTestExecutor.java:84)
  at org.gradle.api.internal.tasks.testing.junit.JUnitTestExecutor.accept(JUnitTestExecutor.java:47)
  at org.gradle.api.internal.tasks.testing.junit.AbstractJUnitTestDefinitionProcessor.processTestDefinition(AbstractJUnitTestDefinitionProcessor.java:65)
  at org.gradle.api.internal.tasks.testing.SuiteTestDefinitionProcessor.processTestDefinition(SuiteTestDefinitionProcessor.java:54)
  at java.base/jdk.internal.reflect.DirectMethodHandleAccessor.invoke(DirectMethodHandleAccessor.java:104)
  at java.base/java.lang.reflect.Method.invoke(Method.java:565)
  at org.gradle.internal.dispatch.MethodInvocation.invokeOn(MethodInvocation.java:77)
  at org.gradle.internal.dispatch.ReflectionDispatch.dispatch(ReflectionDispatch.java:28)
  at org.gradle.internal.dispatch.ReflectionDispatch.dispatch(ReflectionDispatch.java:19)
  at org.gradle.internal.dispatch.ContextClassLoaderDispatch.dispatch(ContextClassLoaderDispatch.java:33)
  at org.gradle.internal.dispatch.ProxyDispatchAdapter$DispatchingInvocationHandler.invoke(ProxyDispatchAdapter.java:88)
  at jdk.proxy1/jdk.proxy1.$Proxy4.processTestDefinition(Unknown Source)
  at org.gradle.api.internal.tasks.testing.worker.TestWorker$2.run(TestWorker.java:178)
  at org.gradle.api.internal.tasks.testing.worker.TestWorker.executeAndMaintainThreadName(TestWorker.java:126)
  at org.gradle.api.internal.tasks.testing.worker.TestWorker.execute(TestWorker.java:103)
  at org.gradle.api.internal.tasks.testing.worker.TestWorker.execute(TestWorker.java:63)
  at org.gradle.process.internal.worker.child.ActionExecutionWorker.execute(ActionExecutionWorker.java:56)
  at org.gradle.process.internal.worker.child.SystemApplicationClassLoaderWorker.call(SystemApplicationClassLoaderWorker.java:122)
  at org.gradle.process.internal.worker.child.SystemApplicationClassLoaderWorker.call(SystemApplicationClassLoaderWorker.java:72)
  at worker.org.gradle.process.internal.worker.GradleWorkerMain.run(GradleWorkerMain.java:69)
  at worker.org.gradle.process.internal.worker.GradleWorkerMain.main(GradleWorkerMain.java:74)
</stacktrace>
</test-failure>


TypeScriptCompilerTests_S[jvm] > staticsInAFunction_ts compiles to JavaScript matching staticsInAFunction_js[jvm] FAILED

<test-failure test="com.xemantic.typescript.compiler.TypeScriptCompilerTests_S.signatureCombiningRestParameters5_ts has expected errors matching signatureCombiningRestParameters5_errors_txt" platform="jvm">
<message>
Expected diagnostics from baseline typescript-repo/tests/baselines/reference/signatureCombiningRestParameters5.errors.txt but none produced
</message>
<stacktrace>
  at com.xemantic.typescript.compiler.TypeScriptTestSupportKt.errorsMatchBaseline(TypeScriptTestSupport.kt:125)
  at com.xemantic.typescript.compiler.TypeScriptCompilerTests_S.signatureCombiningRestParameters5_ts has expected errors matching signatureCombiningRestParameters5_errors_txt(TypeScriptCompilerTests_S.kt:749)
  at java.base/jdk.internal.reflect.DirectMethodHandleAccessor.invoke(DirectMethodHandleAccessor.java:104)
  at java.base/java.lang.reflect.Method.invoke(Method.java:565)
  at org.junit.runners.model.FrameworkMethod$1.runReflectiveCall(FrameworkMethod.java:59)
  at org.junit.internal.runners.model.ReflectiveCallable.run(ReflectiveCallable.java:12)
  at org.junit.runners.model.FrameworkMethod.invokeExplosively(FrameworkMethod.java:56)
  at org.junit.internal.runners.statements.InvokeMethod.evaluate(InvokeMethod.java:17)
  at org.junit.runners.ParentRunner$3.evaluate(ParentRunner.java:306)
  at org.junit.runners.BlockJUnit4ClassRunner$1.evaluate(BlockJUnit4ClassRunner.java:100)
  at org.junit.runners.ParentRunner.runLeaf(ParentRunner.java:366)
  at org.junit.runners.BlockJUnit4ClassRunner.runChild(BlockJUnit4ClassRunner.java:103)
  at org.junit.runners.BlockJUnit4ClassRunner.runChild(BlockJUnit4ClassRunner.java:63)
  at org.junit.runners.ParentRunner$4.run(ParentRunner.java:331)
  at org.junit.runners.ParentRunner$1.schedule(ParentRunner.java:79)
  at org.junit.runners.ParentRunner.runChildren(ParentRunner.java:329)
  at org.junit.runners.ParentRunner.access$100(ParentRunner.java:66)
  at org.junit.runners.ParentRunner$2.evaluate(ParentRunner.java:293)
  at org.junit.runners.ParentRunner$3.evaluate(ParentRunner.java:306)
  at org.junit.runners.ParentRunner.run(ParentRunner.java:413)
  at org.junit.runner.JUnitCore.run(JUnitCore.java:137)
  at org.junit.runner.JUnitCore.run(JUnitCore.java:115)
  at org.gradle.api.internal.tasks.testing.junit.JUnitTestExecutor.runRequest(JUnitTestExecutor.java:175)
  at org.gradle.api.internal.tasks.testing.junit.JUnitTestExecutor.accept(JUnitTestExecutor.java:84)
  at org.gradle.api.internal.tasks.testing.junit.JUnitTestExecutor.accept(JUnitTestExecutor.java:47)
  at org.gradle.api.internal.tasks.testing.junit.AbstractJUnitTestDefinitionProcessor.processTestDefinition(AbstractJUnitTestDefinitionProcessor.java:65)
  at org.gradle.api.internal.tasks.testing.SuiteTestDefinitionProcessor.processTestDefinition(SuiteTestDefinitionProcessor.java:54)
  at java.base/jdk.internal.reflect.DirectMethodHandleAccessor.invoke(DirectMethodHandleAccessor.java:104)
  at java.base/java.lang.reflect.Method.invoke(Method.java:565)
  at org.gradle.internal.dispatch.MethodInvocation.invokeOn(MethodInvocation.java:77)
  at org.gradle.internal.dispatch.ReflectionDispatch.dispatch(ReflectionDispatch.java:28)
  at org.gradle.internal.dispatch.ReflectionDispatch.dispatch(ReflectionDispatch.java:19)
  at org.gradle.internal.dispatch.ContextClassLoaderDispatch.dispatch(ContextClassLoaderDispatch.java:33)
  at org.gradle.internal.dispatch.ProxyDispatchAdapter$DispatchingInvocationHandler.invoke(ProxyDispatchAdapter.java:88)
  at jdk.proxy1/jdk.proxy1.$Proxy4.processTestDefinition(Unknown Source)
  at org.gradle.api.internal.tasks.testing.worker.TestWorker$2.run(TestWorker.java:178)
  at org.gradle.api.internal.tasks.testing.worker.TestWorker.executeAndMaintainThreadName(TestWorker.java:126)
  at org.gradle.api.internal.tasks.testing.worker.TestWorker.execute(TestWorker.java:103)
  at org.gradle.api.internal.tasks.testing.worker.TestWorker.execute(TestWorker.java:63)
  at org.gradle.process.internal.worker.child.ActionExecutionWorker.execute(ActionExecutionWorker.java:56)
  at org.gradle.process.internal.worker.child.SystemApplicationClassLoaderWorker.call(SystemApplicationClassLoaderWorker.java:122)
  at org.gradle.process.internal.worker.child.SystemApplicationClassLoaderWorker.call(SystemApplicationClassLoaderWorker.java:72)
  at worker.org.gradle.process.internal.worker.GradleWorkerMain.run(GradleWorkerMain.java:69)
  at worker.org.gradle.process.internal.worker.GradleWorkerMain.main(GradleWorkerMain.java:74)
</stacktrace>
</test-failure>


TypeScriptCompilerTests_S[jvm] > signatureCombiningRestParameters5_ts has expected errors matching signatureCombiningRestParameters5_errors_txt[jvm] FAILED

<test-failure test="com.xemantic.typescript.compiler.TypeScriptCompilerTests_S.staticAnonymousTypeNotReferencingTypeParameter_ts has expected errors matching staticAnonymousTypeNotReferencingTypeParameter_errors_txt" platform="jvm">
<message>
--- expected
+++ actual
@@ -5,16 +5,13 @@
 staticAnonymousTypeNotReferencingTypeParameter.ts(56,38): error TS2322: Type 'null' is not assignable to type 'T'.
   'T' could be instantiated with an arbitrary type which could be unrelated to 'null'.
 staticAnonymousTypeNotReferencingTypeParameter.ts(66,5): error TS2454: Variable 'scanner' is used before being assigned.
-staticAnonymousTypeNotReferencingTypeParameter.ts(67,42): error TS2339: Property 'toString' does not exist on type 'T'.
-staticAnonymousTypeNotReferencingTypeParameter.ts(92,84): error TS2322: Type 'null' is not assignable to type 'number'.
-staticAnonymousTypeNotReferencingTypeParameter.ts(102,70): error TS2322: Type 'null' is not assignable to type 'number'.
 staticAnonymousTypeNotReferencingTypeParameter.ts(118,7): error TS2322: Type 'null' is not assignable to type 'T'.
   'T' could be instantiated with an arbitrary type which could be unrelated to 'null'.
 staticAnonymousTypeNotReferencingTypeParameter.ts(120,9): error TS2322: Type 'null' is not assignable to type 'T'.
   'T' could be instantiated with an arbitrary type which could be unrelated to 'null'.
 
 
-==== staticAnonymousTypeNotReferencingTypeParameter.ts (9 errors) ====
+==== staticAnonymousTypeNotReferencingTypeParameter.ts (6 errors) ====
     // This test case is a condensed version of Angular 2's ListWrapper. Prior to #7448
     // this would cause the compiler to run out of memory.
     
@@ -93,8 +90,6 @@
         ~~~~~~~
 !!! error TS2454: Variable 'scanner' is used before being assigned.
         return tessst.funkyFor(array, t => t.toString()) ? a.reverse() : a;
-                                             ~~~~~~~~
-!!! error TS2339: Property 'toString' does not exist on type 'T'.
       }
       static concat(dit: typeof ListWrapper, a: any[], b: any[]): any[] { return a.concat(b); }
       static insert<T>(dit: typeof ListWrapper, list: T[], index: number, value: T) { list.splice(index, 0, value); }
@@ -120,8 +115,6 @@
       static clear(dit: typeof ListWrapper, list: any[]) { list.length = 0; }
       static isEmpty(dit: typeof ListWrapper, list: any[]): boolean { return list.length == 0; }
       static fill(dit: typeof ListWrapper, list: any[], value: any, start: number = 0, end: number = null) {
-                                                                                       ~~~~~~~~~~~~~~~~~~
-!!! error TS2322: Type 'null' is not assignable to type 'number'.
         list.fill(value, start, end === null ? list.length : end);
       }
       static equals(dit: typeof ListWrapper, a: any[], b: any[]): boolean {
@@ -132,8 +125,6 @@
         return true;
       }
       static slice<T>(dit: typeof ListWrapper, l: T[], from: number = 0, to: number = null): T[] {
-                                                                         ~~~~~~~~~~~~~~~~~
-!!! error TS2322: Type 'null' is not assignable to type 'number'.
         return l.slice(from, to === null ? undefined : to);
       }
       static splice<T>(dit: typeof ListWrapper, l: T[], from: number, length: number): T[] { return l.splice(from, length); }

</message>
<stacktrace>
  at org.junit.Assert.fail(Assert.java:89)
  at kotlin.test.junit.JUnitAsserter.fail(JUnitSupport.kt:56)
  at kotlin.test.AssertionsKt__AssertionsKt.fail(Assertions.kt:563)
  at kotlin.test.AssertionsKt.fail(Unknown Source)
  at com.xemantic.kotlin.test.SameAsKt.sameAs(SameAs.kt:52)
  at com.xemantic.typescript.compiler.TypeScriptTestSupportKt.errorsMatchBaseline(TypeScriptTestSupport.kt:135)
  at com.xemantic.typescript.compiler.TypeScriptCompilerTests_S.staticAnonymousTypeNotReferencingTypeParameter_ts has expected errors matching staticAnonymousTypeNotReferencingTypeParameter_errors_txt(TypeScriptCompilerTests_S.kt:2338)
  at java.base/jdk.internal.reflect.DirectMethodHandleAccessor.invoke(DirectMethodHandleAccessor.java:104)
  at java.base/java.lang.reflect.Method.invoke(Method.java:565)
  at org.junit.runners.model.FrameworkMethod$1.runReflectiveCall(FrameworkMethod.java:59)
  at org.junit.internal.runners.model.ReflectiveCallable.run(ReflectiveCallable.java:12)
  at org.junit.runners.model.FrameworkMethod.invokeExplosively(FrameworkMethod.java:56)
  at org.junit.internal.runners.statements.InvokeMethod.evaluate(InvokeMethod.java:17)
  at org.junit.runners.ParentRunner$3.evaluate(ParentRunner.java:306)
  at org.junit.runners.BlockJUnit4ClassRunner$1.evaluate(BlockJUnit4ClassRunner.java:100)
  at org.junit.runners.ParentRunner.runLeaf(ParentRunner.java:366)
  at org.junit.runners.BlockJUnit4ClassRunner.runChild(BlockJUnit4ClassRunner.java:103)
  at org.junit.runners.BlockJUnit4ClassRunner.runChild(BlockJUnit4ClassRunner.java:63)
  at org.junit.runners.ParentRunner$4.run(ParentRunner.java:331)
  at org.junit.runners.ParentRunner$1.schedule(ParentRunner.java:79)
  at org.junit.runners.ParentRunner.runChildren(ParentRunner.java:329)
  at org.junit.runners.ParentRunner.access$100(ParentRunner.java:66)
  at org.junit.runners.ParentRunner$2.evaluate(ParentRunner.java:293)
  at org.junit.runners.ParentRunner$3.evaluate(ParentRunner.java:306)
  at org.junit.runners.ParentRunner.run(ParentRunner.java:413)
  at org.junit.runner.JUnitCore.run(JUnitCore.java:137)
  at org.junit.runner.JUnitCore.run(JUnitCore.java:115)
  at org.gradle.api.internal.tasks.testing.junit.JUnitTestExecutor.runRequest(JUnitTestExecutor.java:175)
  at org.gradle.api.internal.tasks.testing.junit.JUnitTestExecutor.accept(JUnitTestExecutor.java:84)
  at org.gradle.api.internal.tasks.testing.junit.JUnitTestExecutor.accept(JUnitTestExecutor.java:47)
  at org.gradle.api.internal.tasks.testing.junit.AbstractJUnitTestDefinitionProcessor.processTestDefinition(AbstractJUnitTestDefinitionProcessor.java:65)
  at org.gradle.api.internal.tasks.testing.SuiteTestDefinitionProcessor.processTestDefinition(SuiteTestDefinitionProcessor.java:54)
  at java.base/jdk.internal.reflect.DirectMethodHandleAccessor.invoke(DirectMethodHandleAccessor.java:104)
  at java.base/java.lang.reflect.Method.invoke(Method.java:565)
  at org.gradle.internal.dispatch.MethodInvocation.invokeOn(MethodInvocation.java:77)
  at org.gradle.internal.dispatch.ReflectionDispatch.dispatch(ReflectionDispatch.java:28)
  at org.gradle.internal.dispatch.ReflectionDispatch.dispatch(ReflectionDispatch.java:19)
  at org.gradle.internal.dispatch.ContextClassLoaderDispatch.dispatch(ContextClassLoaderDispatch.java:33)
  at org.gradle.internal.dispatch.ProxyDispatchAdapter$DispatchingInvocationHandler.invoke(ProxyDispatchAdapter.java:88)
  at jdk.proxy1/jdk.proxy1.$Proxy4.processTestDefinition(Unknown Source)
  at org.gradle.api.internal.tasks.testing.worker.TestWorker$2.run(TestWorker.java:178)
  at org.gradle.api.internal.tasks.testing.worker.TestWorker.executeAndMaintainThreadName(TestWorker.java:126)
  at org.gradle.api.internal.tasks.testing.worker.TestWorker.execute(TestWorker.java:103)
  at org.gradle.api.internal.tasks.testing.worker.TestWorker.execute(TestWorker.java:63)
  at org.gradle.process.internal.worker.child.ActionExecutionWorker.execute(ActionExecutionWorker.java:56)
  at org.gradle.process.internal.worker.child.SystemApplicationClassLoaderWorker.call(SystemApplicationClassLoaderWorker.java:122)
  at org.gradle.process.internal.worker.child.SystemApplicationClassLoaderWorker.call(SystemApplicationClassLoaderWorker.java:72)
  at worker.org.gradle.process.internal.worker.GradleWorkerMain.run(GradleWorkerMain.java:69)
  at worker.org.gradle.process.internal.worker.GradleWorkerMain.main(GradleWorkerMain.java:74)
</stacktrace>
</test-failure>


TypeScriptCompilerTests_S[jvm] > staticAnonymousTypeNotReferencingTypeParameter_ts has expected errors matching staticAnonymousTypeNotReferencingTypeParameter_errors_txt[jvm] FAILED

<test-failure test="com.xemantic.typescript.compiler.TypeScriptCompilerTests_S.spliceTuples_ts has expected errors matching spliceTuples_errors_txt" platform="jvm">
<message>
Expected diagnostics from baseline typescript-repo/tests/baselines/reference/spliceTuples.errors.txt but none produced
</message>
<stacktrace>
  at com.xemantic.typescript.compiler.TypeScriptTestSupportKt.errorsMatchBaseline(TypeScriptTestSupport.kt:125)
  at com.xemantic.typescript.compiler.TypeScriptCompilerTests_S.spliceTuples_ts has expected errors matching spliceTuples_errors_txt(TypeScriptCompilerTests_S.kt:2142)
  at java.base/jdk.internal.reflect.DirectMethodHandleAccessor.invoke(DirectMethodHandleAccessor.java:104)
  at java.base/java.lang.reflect.Method.invoke(Method.java:565)
  at org.junit.runners.model.FrameworkMethod$1.runReflectiveCall(FrameworkMethod.java:59)
  at org.junit.internal.runners.model.ReflectiveCallable.run(ReflectiveCallable.java:12)
  at org.junit.runners.model.FrameworkMethod.invokeExplosively(FrameworkMethod.java:56)
  at org.junit.internal.runners.statements.InvokeMethod.evaluate(InvokeMethod.java:17)
  at org.junit.runners.ParentRunner$3.evaluate(ParentRunner.java:306)
  at org.junit.runners.BlockJUnit4ClassRunner$1.evaluate(BlockJUnit4ClassRunner.java:100)
  at org.junit.runners.ParentRunner.runLeaf(ParentRunner.java:366)
  at org.junit.runners.BlockJUnit4ClassRunner.runChild(BlockJUnit4ClassRunner.java:103)
  at org.junit.runners.BlockJUnit4ClassRunner.runChild(BlockJUnit4ClassRunner.java:63)
  at org.junit.runners.ParentRunner$4.run(ParentRunner.java:331)
  at org.junit.runners.ParentRunner$1.schedule(ParentRunner.java:79)
  at org.junit.runners.ParentRunner.runChildren(ParentRunner.java:329)
  at org.junit.runners.ParentRunner.access$100(ParentRunner.java:66)
  at org.junit.runners.ParentRunner$2.evaluate(ParentRunner.java:293)
  at org.junit.runners.ParentRunner$3.evaluate(ParentRunner.java:306)
  at org.junit.runners.ParentRunner.run(ParentRunner.java:413)
  at org.junit.runner.JUnitCore.run(JUnitCore.java:137)
  at org.junit.runner.JUnitCore.run(JUnitCore.java:115)
  at org.gradle.api.internal.tasks.testing.junit.JUnitTestExecutor.runRequest(JUnitTestExecutor.java:175)
  at org.gradle.api.internal.tasks.testing.junit.JUnitTestExecutor.accept(JUnitTestExecutor.java:84)
  at org.gradle.api.internal.tasks.testing.junit.JUnitTestExecutor.accept(JUnitTestExecutor.java:47)
  at org.gradle.api.internal.tasks.testing.junit.AbstractJUnitTestDefinitionProcessor.processTestDefinition(AbstractJUnitTestDefinitionProcessor.java:65)
  at org.gradle.api.internal.tasks.testing.SuiteTestDefinitionProcessor.processTestDefinition(SuiteTestDefinitionProcessor.java:54)
  at java.base/jdk.internal.reflect.DirectMethodHandleAccessor.invoke(DirectMethodHandleAccessor.java:104)
  at java.base/java.lang.reflect.Method.invoke(Method.java:565)
  at org.gradle.internal.dispatch.MethodInvocation.invokeOn(MethodInvocation.java:77)
  at org.gradle.internal.dispatch.ReflectionDispatch.dispatch(ReflectionDispatch.java:28)
  at org.gradle.internal.dispatch.ReflectionDispatch.dispatch(ReflectionDispatch.java:19)
  at org.gradle.internal.dispatch.ContextClassLoaderDispatch.dispatch(ContextClassLoaderDispatch.java:33)
  at org.gradle.internal.dispatch.ProxyDispatchAdapter$DispatchingInvocationHandler.invoke(ProxyDispatchAdapter.java:88)
  at jdk.proxy1/jdk.proxy1.$Proxy4.processTestDefinition(Unknown Source)
  at org.gradle.api.internal.tasks.testing.worker.TestWorker$2.run(TestWorker.java:178)
  at org.gradle.api.internal.tasks.testing.worker.TestWorker.executeAndMaintainThreadName(TestWorker.java:126)
  at org.gradle.api.internal.tasks.testing.worker.TestWorker.execute(TestWorker.java:103)
  at org.gradle.api.internal.tasks.testing.worker.TestWorker.execute(TestWorker.java:63)
  at org.gradle.process.internal.worker.child.ActionExecutionWorker.execute(ActionExecutionWorker.java:56)
  at org.gradle.process.internal.worker.child.SystemApplicationClassLoaderWorker.call(SystemApplicationClassLoaderWorker.java:122)
  at org.gradle.process.internal.worker.child.SystemApplicationClassLoaderWorker.call(SystemApplicationClassLoaderWorker.java:72)
  at worker.org.gradle.process.internal.worker.GradleWorkerMain.run(GradleWorkerMain.java:69)
  at worker.org.gradle.process.internal.worker.GradleWorkerMain.main(GradleWorkerMain.java:74)
</stacktrace>
</test-failure>


TypeScriptCompilerTests_S[jvm] > spliceTuples_ts has expected errors matching spliceTuples_errors_txt[jvm] FAILED

<test-failure test="com.xemantic.typescript.compiler.TypeScriptCompilerTests_S.shadowingViaLocalValue_ts has expected errors matching shadowingViaLocalValue_errors_txt" platform="jvm">
<message>
Expected diagnostics from baseline typescript-repo/tests/baselines/reference/shadowingViaLocalValue.errors.txt but none produced
</message>
<stacktrace>
  at com.xemantic.typescript.compiler.TypeScriptTestSupportKt.errorsMatchBaseline(TypeScriptTestSupport.kt:125)
  at com.xemantic.typescript.compiler.TypeScriptCompilerTests_S.shadowingViaLocalValue_ts has expected errors matching shadowingViaLocalValue_errors_txt(TypeScriptCompilerTests_S.kt:406)
  at java.base/jdk.internal.reflect.DirectMethodHandleAccessor.invoke(DirectMethodHandleAccessor.java:104)
  at java.base/java.lang.reflect.Method.invoke(Method.java:565)
  at org.junit.runners.model.FrameworkMethod$1.runReflectiveCall(FrameworkMethod.java:59)
  at org.junit.internal.runners.model.ReflectiveCallable.run(ReflectiveCallable.java:12)
  at org.junit.runners.model.FrameworkMethod.invokeExplosively(FrameworkMethod.java:56)
  at org.junit.internal.runners.statements.InvokeMethod.evaluate(InvokeMethod.java:17)
  at org.junit.runners.ParentRunner$3.evaluate(ParentRunner.java:306)
  at org.junit.runners.BlockJUnit4ClassRunner$1.evaluate(BlockJUnit4ClassRunner.java:100)
  at org.junit.runners.ParentRunner.runLeaf(ParentRunner.java:366)
  at org.junit.runners.BlockJUnit4ClassRunner.runChild(BlockJUnit4ClassRunner.java:103)
  at org.junit.runners.BlockJUnit4ClassRunner.runChild(BlockJUnit4ClassRunner.java:63)
  at org.junit.runners.ParentRunner$4.run(ParentRunner.java:331)
  at org.junit.runners.ParentRunner$1.schedule(ParentRunner.java:79)
  at org.junit.runners.ParentRunner.runChildren(ParentRunner.java:329)
  at org.junit.runners.ParentRunner.access$100(ParentRunner.java:66)
  at org.junit.runners.ParentRunner$2.evaluate(ParentRunner.java:293)
  at org.junit.runners.ParentRunner$3.evaluate(ParentRunner.java:306)
  at org.junit.runners.ParentRunner.run(ParentRunner.java:413)
  at org.junit.runner.JUnitCore.run(JUnitCore.java:137)
  at org.junit.runner.JUnitCore.run(JUnitCore.java:115)
  at org.gradle.api.internal.tasks.testing.junit.JUnitTestExecutor.runRequest(JUnitTestExecutor.java:175)
  at org.gradle.api.internal.tasks.testing.junit.JUnitTestExecutor.accept(JUnitTestExecutor.java:84)
  at org.gradle.api.internal.tasks.testing.junit.JUnitTestExecutor.accept(JUnitTestExecutor.java:47)
  at org.gradle.api.internal.tasks.testing.junit.AbstractJUnitTestDefinitionProcessor.processTestDefinition(AbstractJUnitTestDefinitionProcessor.java:65)
  at org.gradle.api.internal.tasks.testing.SuiteTestDefinitionProcessor.processTestDefinition(SuiteTestDefinitionProcessor.java:54)
  at java.base/jdk.internal.reflect.DirectMethodHandleAccessor.invoke(DirectMethodHandleAccessor.java:104)
  at java.base/java.lang.reflect.Method.invoke(Method.java:565)
  at org.gradle.internal.dispatch.MethodInvocation.invokeOn(MethodInvocation.java:77)
  at org.gradle.internal.dispatch.ReflectionDispatch.dispatch(ReflectionDispatch.java:28)
  at org.gradle.internal.dispatch.ReflectionDispatch.dispatch(ReflectionDispatch.java:19)
  at org.gradle.internal.dispatch.ContextClassLoaderDispatch.dispatch(ContextClassLoaderDispatch.java:33)
  at org.gradle.internal.dispatch.ProxyDispatchAdapter$DispatchingInvocationHandler.invoke(ProxyDispatchAdapter.java:88)
  at jdk.proxy1/jdk.proxy1.$Proxy4.processTestDefinition(Unknown Source)
  at org.gradle.api.internal.tasks.testing.worker.TestWorker$2.run(TestWorker.java:178)
  at org.gradle.api.internal.tasks.testing.worker.TestWorker.executeAndMaintainThreadName(TestWorker.java:126)
  at org.gradle.api.internal.tasks.testing.worker.TestWorker.execute(TestWorker.java:103)
  at org.gradle.api.internal.tasks.testing.worker.TestWorker.execute(TestWorker.java:63)
  at org.gradle.process.internal.worker.child.ActionExecutionWorker.execute(ActionExecutionWorker.java:56)
  at org.gradle.process.internal.worker.child.SystemApplicationClassLoaderWorker.call(SystemApplicationClassLoaderWorker.java:122)
  at org.gradle.process.internal.worker.child.SystemApplicationClassLoaderWorker.call(SystemApplicationClassLoaderWorker.java:72)
  at worker.org.gradle.process.internal.worker.GradleWorkerMain.run(GradleWorkerMain.java:69)
  at worker.org.gradle.process.internal.worker.GradleWorkerMain.main(GradleWorkerMain.java:74)
</stacktrace>
</test-failure>


TypeScriptCompilerTests_S[jvm] > shadowingViaLocalValue_ts has expected errors matching shadowingViaLocalValue_errors_txt[jvm] FAILED

<test-failure test="com.xemantic.typescript.compiler.TypeScriptCompilerTests_S.shorthand-property-es6-amd_ts has expected errors matching shorthand-property-es6-amd_errors_txt" platform="jvm">
<message>
--- expected
+++ actual
@@ -1,11 +1,8 @@
 error TS5107: Option 'module=AMD' is deprecated and will stop functioning in TypeScript 7.0. Specify compilerOption '"ignoreDeprecations": "6.0"' to silence this error.
-test.ts(1,19): error TS2792: Cannot find module './foo'. Did you mean to set the 'moduleResolution' option to 'nodenext', or to add aliases to the 'paths' option?
 
 
 !!! error TS5107: Option 'module=AMD' is deprecated and will stop functioning in TypeScript 7.0. Specify compilerOption '"ignoreDeprecations": "6.0"' to silence this error.
-==== test.ts (1 errors) ====
+==== test.ts (0 errors) ====
     import {foo} from './foo';
-                      ~~~~~~~
-!!! error TS2792: Cannot find module './foo'. Did you mean to set the 'moduleResolution' option to 'nodenext', or to add aliases to the 'paths' option?
     const baz = 42;
     const bar = { foo, baz };

</message>
<stacktrace>
  at org.junit.Assert.fail(Assert.java:89)
  at kotlin.test.junit.JUnitAsserter.fail(JUnitSupport.kt:56)
  at kotlin.test.AssertionsKt__AssertionsKt.fail(Assertions.kt:563)
  at kotlin.test.AssertionsKt.fail(Unknown Source)
  at com.xemantic.kotlin.test.SameAsKt.sameAs(SameAs.kt:52)
  at com.xemantic.typescript.compiler.TypeScriptTestSupportKt.errorsMatchBaseline(TypeScriptTestSupport.kt:135)
  at com.xemantic.typescript.compiler.TypeScriptCompilerTests_S.shorthand-property-es6-amd_ts has expected errors matching shorthand-property-es6-amd_errors_txt(TypeScriptCompilerTests_S.kt:483)
  at java.base/jdk.internal.reflect.DirectMethodHandleAccessor.invoke(DirectMethodHandleAccessor.java:104)
  at java.base/java.lang.reflect.Method.invoke(Method.java:565)
  at org.junit.runners.model.FrameworkMethod$1.runReflectiveCall(FrameworkMethod.java:59)
  at org.junit.internal.runners.model.ReflectiveCallable.run(ReflectiveCallable.java:12)
  at org.junit.runners.model.FrameworkMethod.invokeExplosively(FrameworkMethod.java:56)
  at org.junit.internal.runners.statements.InvokeMethod.evaluate(InvokeMethod.java:17)
  at org.junit.runners.ParentRunner$3.evaluate(ParentRunner.java:306)
  at org.junit.runners.BlockJUnit4ClassRunner$1.evaluate(BlockJUnit4ClassRunner.java:100)
  at org.junit.runners.ParentRunner.runLeaf(ParentRunner.java:366)
  at org.junit.runners.BlockJUnit4ClassRunner.runChild(BlockJUnit4ClassRunner.java:103)
  at org.junit.runners.BlockJUnit4ClassRunner.runChild(BlockJUnit4ClassRunner.java:63)
  at org.junit.runners.ParentRunner$4.run(ParentRunner.java:331)
  at org.junit.runners.ParentRunner$1.schedule(ParentRunner.java:79)
  at org.junit.runners.ParentRunner.runChildren(ParentRunner.java:329)
  at org.junit.runners.ParentRunner.access$100(ParentRunner.java:66)
  at org.junit.runners.ParentRunner$2.evaluate(ParentRunner.java:293)
  at org.junit.runners.ParentRunner$3.evaluate(ParentRunner.java:306)
  at org.junit.runners.ParentRunner.run(ParentRunner.java:413)
  at org.junit.runner.JUnitCore.run(JUnitCore.java:137)
  at org.junit.runner.JUnitCore.run(JUnitCore.java:115)
  at org.gradle.api.internal.tasks.testing.junit.JUnitTestExecutor.runRequest(JUnitTestExecutor.java:175)
  at org.gradle.api.internal.tasks.testing.junit.JUnitTestExecutor.accept(JUnitTestExecutor.java:84)
  at org.gradle.api.internal.tasks.testing.junit.JUnitTestExecutor.accept(JUnitTestExecutor.java:47)
  at org.gradle.api.internal.tasks.testing.junit.AbstractJUnitTestDefinitionProcessor.processTestDefinition(AbstractJUnitTestDefinitionProcessor.java:65)
  at org.gradle.api.internal.tasks.testing.SuiteTestDefinitionProcessor.processTestDefinition(SuiteTestDefinitionProcessor.java:54)
  at java.base/jdk.internal.reflect.DirectMethodHandleAccessor.invoke(DirectMethodHandleAccessor.java:104)
  at java.base/java.lang.reflect.Method.invoke(Method.java:565)
  at org.gradle.internal.dispatch.MethodInvocation.invokeOn(MethodInvocation.java:77)
  at org.gradle.internal.dispatch.ReflectionDispatch.dispatch(ReflectionDispatch.java:28)
  at org.gradle.internal.dispatch.ReflectionDispatch.dispatch(ReflectionDispatch.java:19)
  at org.gradle.internal.dispatch.ContextClassLoaderDispatch.dispatch(ContextClassLoaderDispatch.java:33)
  at org.gradle.internal.dispatch.ProxyDispatchAdapter$DispatchingInvocationHandler.invoke(ProxyDispatchAdapter.java:88)
  at jdk.proxy1/jdk.proxy1.$Proxy4.processTestDefinition(Unknown Source)
  at org.gradle.api.internal.tasks.testing.worker.TestWorker$2.run(TestWorker.java:178)
  at org.gradle.api.internal.tasks.testing.worker.TestWorker.executeAndMaintainThreadName(TestWorker.java:126)
  at org.gradle.api.internal.tasks.testing.worker.TestWorker.execute(TestWorker.java:103)
  at org.gradle.api.internal.tasks.testing.worker.TestWorker.execute(TestWorker.java:63)
  at org.gradle.process.internal.worker.child.ActionExecutionWorker.execute(ActionExecutionWorker.java:56)
  at org.gradle.process.internal.worker.child.SystemApplicationClassLoaderWorker.call(SystemApplicationClassLoaderWorker.java:122)
  at org.gradle.process.internal.worker.child.SystemApplicationClassLoaderWorker.call(SystemApplicationClassLoaderWorker.java:72)
  at worker.org.gradle.process.internal.worker.GradleWorkerMain.run(GradleWorkerMain.java:69)
  at worker.org.gradle.process.internal.worker.GradleWorkerMain.main(GradleWorkerMain.java:74)
</stacktrace>
</test-failure>


TypeScriptCompilerTests_S[jvm] > shorthand-property-es6-amd_ts has expected errors matching shorthand-property-es6-amd_errors_txt[jvm] FAILED

<test-failure test="com.xemantic.typescript.compiler.TypeScriptCompilerTests_S.systemModule11_ts has expected errors matching systemModule11_errors_txt" platform="jvm">
<message>
--- expected
+++ actual
@@ -1,40 +1,26 @@
 error TS5107: Option 'module=System' is deprecated and will stop functioning in TypeScript 7.0. Specify compilerOption '"ignoreDeprecations": "6.0"' to silence this error.
-file1.ts(3,15): error TS2792: Cannot find module 'bar'. Did you mean to set the 'moduleResolution' option to 'nodenext', or to add aliases to the 'paths' option?
-file2.ts(6,15): error TS2792: Cannot find module 'bar'. Did you mean to set the 'moduleResolution' option to 'nodenext', or to add aliases to the 'paths' option?
-file3.ts(1,25): error TS2792: Cannot find module 'a'. Did you mean to set the 'moduleResolution' option to 'nodenext', or to add aliases to the 'paths' option?
-file3.ts(3,15): error TS2792: Cannot find module 'bar'. Did you mean to set the 'moduleResolution' option to 'nodenext', or to add aliases to the 'paths' option?
-file4.ts(8,27): error TS2792: Cannot find module 'a'. Did you mean to set the 'moduleResolution' option to 'nodenext', or to add aliases to the 'paths' option?
-file5.ts(2,15): error TS2792: Cannot find module 'a'. Did you mean to set the 'moduleResolution' option to 'nodenext', or to add aliases to the 'paths' option?
 
 
 !!! error TS5107: Option 'module=System' is deprecated and will stop functioning in TypeScript 7.0. Specify compilerOption '"ignoreDeprecations": "6.0"' to silence this error.
-==== file1.ts (1 errors) ====
+==== file1.ts (0 errors) ====
     export var x;
     export function foo() {}
     export * from 'bar';
-                  ~~~~~
-!!! error TS2792: Cannot find module 'bar'. Did you mean to set the 'moduleResolution' option to 'nodenext', or to add aliases to the 'paths' option?
     
-==== file2.ts (1 errors) ====
+==== file2.ts (0 errors) ====
     var x;
     var y;
     export {x};
     export {y as y1}
     
     export * from 'bar';
-                  ~~~~~
-!!! error TS2792: Cannot find module 'bar'. Did you mean to set the 'moduleResolution' option to 'nodenext', or to add aliases to the 'paths' option?
     
-==== file3.ts (2 errors) ====
+==== file3.ts (0 errors) ====
     export {x, y as z} from 'a';
-                            ~~~
-!!! error TS2792: Cannot find module 'a'. Did you mean to set the 'moduleResolution' option to 'nodenext', or to add aliases to the 'paths' option?
     export default function foo() {}
     export * from 'bar';
-                  ~~~~~
-!!! error TS2792: Cannot find module 'bar'. Did you mean to set the 'moduleResolution' option to 'nodenext', or to add aliases to the 'paths' option?
     
-==== file4.ts (1 errors) ====
+==== file4.ts (0 errors) ====
     export var x;
     export function foo() {}
     export default function (){}
@@ -43,11 +29,7 @@
     export {z, z1 as z2};
     
     export {s, s1 as s2} from 'a'
-                              ~~~
-!!! error TS2792: Cannot find module 'a'. Did you mean to set the 'moduleResolution' option to 'nodenext', or to add aliases to the 'paths' option?
     
-==== file5.ts (1 errors) ====
+==== file5.ts (0 errors) ====
     function foo() {}
     export * from 'a';
-                  ~~~
-!!! error TS2792: Cannot find module 'a'. Did you mean to set the 'moduleResolution' option to 'nodenext', or to add aliases to the 'paths' option?

</message>
<stacktrace>
  at org.junit.Assert.fail(Assert.java:89)
  at kotlin.test.junit.JUnitAsserter.fail(JUnitSupport.kt:56)
  at kotlin.test.AssertionsKt__AssertionsKt.fail(Assertions.kt:563)
  at kotlin.test.AssertionsKt.fail(Unknown Source)
  at com.xemantic.kotlin.test.SameAsKt.sameAs(SameAs.kt:52)
  at com.xemantic.typescript.compiler.TypeScriptTestSupportKt.errorsMatchBaseline(TypeScriptTestSupport.kt:135)
  at com.xemantic.typescript.compiler.TypeScriptCompilerTests_S.systemModule11_ts has expected errors matching systemModule11_errors_txt(TypeScriptCompilerTests_S.kt:4305)
  at java.base/jdk.internal.reflect.DirectMethodHandleAccessor.invoke(DirectMethodHandleAccessor.java:104)
  at java.base/java.lang.reflect.Method.invoke(Method.java:565)
  at org.junit.runners.model.FrameworkMethod$1.runReflectiveCall(FrameworkMethod.java:59)
  at org.junit.internal.runners.model.ReflectiveCallable.run(ReflectiveCallable.java:12)
  at org.junit.runners.model.FrameworkMethod.invokeExplosively(FrameworkMethod.java:56)
  at org.junit.internal.runners.statements.InvokeMethod.evaluate(InvokeMethod.java:17)
  at org.junit.runners.ParentRunner$3.evaluate(ParentRunner.java:306)
  at org.junit.runners.BlockJUnit4ClassRunner$1.evaluate(BlockJUnit4ClassRunner.java:100)
  at org.junit.runners.ParentRunner.runLeaf(ParentRunner.java:366)
  at org.junit.runners.BlockJUnit4ClassRunner.runChild(BlockJUnit4ClassRunner.java:103)
  at org.junit.runners.BlockJUnit4ClassRunner.runChild(BlockJUnit4ClassRunner.java:63)
  at org.junit.runners.ParentRunner$4.run(ParentRunner.java:331)
  at org.junit.runners.ParentRunner$1.schedule(ParentRunner.java:79)
  at org.junit.runners.ParentRunner.runChildren(ParentRunner.java:329)
  at org.junit.runners.ParentRunner.access$100(ParentRunner.java:66)
  at org.junit.runners.ParentRunner$2.evaluate(ParentRunner.java:293)
  at org.junit.runners.ParentRunner$3.evaluate(ParentRunner.java:306)
  at org.junit.runners.ParentRunner.run(ParentRunner.java:413)
  at org.junit.runner.JUnitCore.run(JUnitCore.java:137)
  at org.junit.runner.JUnitCore.run(JUnitCore.java:115)
  at org.gradle.api.internal.tasks.testing.junit.JUnitTestExecutor.runRequest(JUnitTestExecutor.java:175)
  at org.gradle.api.internal.tasks.testing.junit.JUnitTestExecutor.accept(JUnitTestExecutor.java:84)
  at org.gradle.api.internal.tasks.testing.junit.JUnitTestExecutor.accept(JUnitTestExecutor.java:47)
  at org.gradle.api.internal.tasks.testing.junit.AbstractJUnitTestDefinitionProcessor.processTestDefinition(AbstractJUnitTestDefinitionProcessor.java:65)
  at org.gradle.api.internal.tasks.testing.SuiteTestDefinitionProcessor.processTestDefinition(SuiteTestDefinitionProcessor.java:54)
  at java.base/jdk.internal.reflect.DirectMethodHandleAccessor.invoke(DirectMethodHandleAccessor.java:104)
  at java.base/java.lang.reflect.Method.invoke(Method.java:565)
  at org.gradle.internal.dispatch.MethodInvocation.invokeOn(MethodInvocation.java:77)
  at org.gradle.internal.dispatch.ReflectionDispatch.dispatch(ReflectionDispatch.java:28)
  at org.gradle.internal.dispatch.ReflectionDispatch.dispatch(ReflectionDispatch.java:19)
  at org.gradle.internal.dispatch.ContextClassLoaderDispatch.dispatch(ContextClassLoaderDispatch.java:33)
  at org.gradle.internal.dispatch.ProxyDispatchAdapter$DispatchingInvocationHandler.invoke(ProxyDispatchAdapter.java:88)
  at jdk.proxy1/jdk.proxy1.$Proxy4.processTestDefinition(Unknown Source)
  at org.gradle.api.internal.tasks.testing.worker.TestWorker$2.run(TestWorker.java:178)
  at org.gradle.api.internal.tasks.testing.worker.TestWorker.executeAndMaintainThreadName(TestWorker.java:126)
  at org.gradle.api.internal.tasks.testing.worker.TestWorker.execute(TestWorker.java:103)
  at org.gradle.api.internal.tasks.testing.worker.TestWorker.execute(TestWorker.java:63)
  at org.gradle.process.internal.worker.child.ActionExecutionWorker.execute(ActionExecutionWorker.java:56)
  at org.gradle.process.internal.worker.child.SystemApplicationClassLoaderWorker.call(SystemApplicationClassLoaderWorker.java:122)
  at org.gradle.process.internal.worker.child.SystemApplicationClassLoaderWorker.call(SystemApplicationClassLoaderWorker.java:72)
  at worker.org.gradle.process.internal.worker.GradleWorkerMain.run(GradleWorkerMain.java:69)
  at worker.org.gradle.process.internal.worker.GradleWorkerMain.main(GradleWorkerMain.java:74)
</stacktrace>
</test-failure>


TypeScriptCompilerTests_S[jvm] > systemModule11_ts has expected errors matching systemModule11_errors_txt[jvm] FAILED

<test-failure test="com.xemantic.typescript.compiler.TypeScriptCompilerTests_S.strictModeReservedWord_ts has expected errors matching strictModeReservedWord_errors_txt" platform="jvm">
<message>
--- expected
+++ actual
@@ -1,52 +1,31 @@
 strictModeReservedWord.ts(1,5): error TS1212: Identifier expected. 'let' is a reserved word in strict mode.
 strictModeReservedWord.ts(1,5): error TS2480: 'let' is not allowed to be used as a name in 'let' or 'const' declarations.
+strictModeReservedWord.ts(5,9): error TS1123: Variable declaration list cannot be empty.
 strictModeReservedWord.ts(5,9): error TS1212: Identifier expected. 'public' is a reserved word in strict mode.
 strictModeReservedWord.ts(6,9): error TS1212: Identifier expected. 'static' is a reserved word in strict mode.
 strictModeReservedWord.ts(7,9): error TS1212: Identifier expected. 'let' is a reserved word in strict mode.
 strictModeReservedWord.ts(7,9): error TS2480: 'let' is not allowed to be used as a name in 'let' or 'const' declarations.
+strictModeReservedWord.ts(8,9): error TS1123: Variable declaration list cannot be empty.
 strictModeReservedWord.ts(8,9): error TS1212: Identifier expected. 'package' is a reserved word in strict mode.
-strictModeReservedWord.ts(8,9): error TS2300: Duplicate identifier 'package'.
+strictModeReservedWord.ts(9,14): error TS1005: '(' expected.
 strictModeReservedWord.ts(9,14): error TS1212: Identifier expected. 'package' is a reserved word in strict mode.
-strictModeReservedWord.ts(9,14): error TS2300: Duplicate identifier 'package'.
+strictModeReservedWord.ts(9,21): error TS1005: ')' expected.
+strictModeReservedWord.ts(9,22): error TS1109: Expression expected.
 strictModeReservedWord.ts(10,18): error TS1212: Identifier expected. 'private' is a reserved word in strict mode.
-strictModeReservedWord.ts(10,18): error TS7006: Parameter 'private' implicitly has an 'any' type.
 strictModeReservedWord.ts(10,27): error TS1212: Identifier expected. 'implements' is a reserved word in strict mode.
-strictModeReservedWord.ts(10,27): error TS7006: Parameter 'implements' implicitly has an 'any' type.
 strictModeReservedWord.ts(10,39): error TS1212: Identifier expected. 'let' is a reserved word in strict mode.
-strictModeReservedWord.ts(10,39): error TS7006: Parameter 'let' implicitly has an 'any' type.
-strictModeReservedWord.ts(11,18): error TS1212: Identifier expected. 'implements' is a reserved word in strict mode.
-strictModeReservedWord.ts(11,30): error TS1212: Identifier expected. 'protected' is a reserved word in strict mode.
-strictModeReservedWord.ts(12,24): error TS1212: Identifier expected. 'private' is a reserved word in strict mode.
-strictModeReservedWord.ts(12,24): error TS7006: Parameter 'private' implicitly has an 'any' type.
-strictModeReservedWord.ts(12,33): error TS1212: Identifier expected. 'public' is a reserved word in strict mode.
-strictModeReservedWord.ts(12,33): error TS7006: Parameter 'public' implicitly has an 'any' type.
-strictModeReservedWord.ts(12,41): error TS1212: Identifier expected. 'package' is a reserved word in strict mode.
-strictModeReservedWord.ts(12,41): error TS7006: Parameter 'package' implicitly has an 'any' type.
-strictModeReservedWord.ts(13,11): error TS1212: Identifier expected. 'private' is a reserved word in strict mode.
-strictModeReservedWord.ts(13,20): error TS1212: Identifier expected. 'public' is a reserved word in strict mode.
-strictModeReservedWord.ts(13,28): error TS1212: Identifier expected. 'package' is a reserved word in strict mode.
-strictModeReservedWord.ts(15,25): error TS1213: Identifier expected. 'package' is a reserved word in strict mode. Class definitions are automatically in strict mode.
-strictModeReservedWord.ts(15,41): error TS1213: Identifier expected. 'public' is a reserved word in strict mode. Class definitions are automatically in strict mode.
-strictModeReservedWord.ts(15,41): error TS2507: Type 'number' is not a constructor function type.
+strictModeReservedWord.ts(11,14): error TS7010: 'baz', which lacks return-type annotation, implicitly has an 'any' return type.
+strictModeReservedWord.ts(11,17): error TS1005: '(' expected.
+strictModeReservedWord.ts(11,17): error TS2695: Left side of comma operator is unused and has no side effects.
+strictModeReservedWord.ts(11,41): error TS1109: Expression expected.
+strictModeReservedWord.ts(15,25): error TS1005: '{' expected.
+strictModeReservedWord.ts(15,48): error TS1005: '}' expected.
 strictModeReservedWord.ts(17,9): error TS2300: Duplicate identifier 'b'.
-strictModeReservedWord.ts(17,12): error TS1212: Identifier expected. 'public' is a reserved word in strict mode.
-strictModeReservedWord.ts(17,12): error TS2503: Cannot find namespace 'public'.
-strictModeReservedWord.ts(19,21): error TS1212: Identifier expected. 'private' is a reserved word in strict mode.
-strictModeReservedWord.ts(19,21): error TS2503: Cannot find namespace 'private'.
-strictModeReservedWord.ts(20,22): error TS1212: Identifier expected. 'private' is a reserved word in strict mode.
-strictModeReservedWord.ts(20,22): error TS2503: Cannot find namespace 'private'.
-strictModeReservedWord.ts(21,22): error TS1212: Identifier expected. 'private' is a reserved word in strict mode.
-strictModeReservedWord.ts(21,22): error TS2503: Cannot find namespace 'private'.
 strictModeReservedWord.ts(22,9): error TS2300: Duplicate identifier 'b'.
-strictModeReservedWord.ts(22,12): error TS1212: Identifier expected. 'interface' is a reserved word in strict mode.
-strictModeReservedWord.ts(22,12): error TS2503: Cannot find namespace 'interface'.
-strictModeReservedWord.ts(23,5): error TS2552: Cannot find name 'ublic'. Did you mean 'public'?
-strictModeReservedWord.ts(24,5): error TS1212: Identifier expected. 'static' is a reserved word in strict mode.
-strictModeReservedWord.ts(24,5): error TS2349: This expression is not callable.
-  Type 'String' has no call signatures.
+strictModeReservedWord.ts(23,5): error TS2304: Cannot find name 'ublic'.
 
 
-==== strictModeReservedWord.ts (45 errors) ====
+==== strictModeReservedWord.ts (25 errors) ====
     let let = 10;
         ~~~
 !!! error TS1212: Identifier expected. 'let' is a reserved word in strict mode.
@@ -57,6 +36,8 @@
         "use strict"
         var public = 10;
             ~~~~~~
+!!! error TS1123: Variable declaration list cannot be empty.
+            ~~~~~~
 !!! error TS1212: Identifier expected. 'public' is a reserved word in strict mode.
         var static = "hi";
             ~~~~~~
@@ -68,55 +49,36 @@
 !!! error TS2480: 'let' is not allowed to be used as a name in 'let' or 'const' declarations.
         var package = "hello"
             ~~~~~~~
-!!! error TS1212: Identifier expected. 'package' is a reserved word in strict mode.
+!!! error TS1123: Variable declaration list cannot be empty.
             ~~~~~~~
-!!! error TS2300: Duplicate identifier 'package'.
+!!! error TS1212: Identifier expected. 'package' is a reserved word in strict mode.
         function package() { }
                  ~~~~~~~
-!!! error TS1212: Identifier expected. 'package' is a reserved word in strict mode.
+!!! error TS1005: '(' expected.
                  ~~~~~~~
-!!! error TS2300: Duplicate identifier 'package'.
+!!! error TS1212: Identifier expected. 'package' is a reserved word in strict mode.
+                        ~
+!!! error TS1005: ')' expected.
+                         ~
+!!! error TS1109: Expression expected.
         function bar(private, implements, let) { }
                      ~~~~~~~
 !!! error TS1212: Identifier expected. 'private' is a reserved word in strict mode.
-                     ~~~~~~~
-!!! error TS7006: Parameter 'private' implicitly has an 'any' type.
                               ~~~~~~~~~~
 !!! error TS1212: Identifier expected. 'implements' is a reserved word in strict mode.
-                              ~~~~~~~~~~
-!!! error TS7006: Parameter 'implements' implicitly has an 'any' type.
                                           ~~~
 !!! error TS1212: Identifier expected. 'let' is a reserved word in strict mode.
-                                          ~~~
-!!! error TS7006: Parameter 'let' implicitly has an 'any' type.
         function baz<implements, protected>() { }
-                     ~~~~~~~~~~
-!!! error TS1212: Identifier expected. 'implements' is a reserved word in strict mode.
-                                 ~~~~~~~~~
-!!! error TS1212: Identifier expected. 'protected' is a reserved word in strict mode.
+                 ~~~
+!!! error TS7010: 'baz', which lacks return-type annotation, implicitly has an 'any' return type.
+                    ~
+!!! error TS1005: '(' expected.
+                    ~~~~~~~~~~~
+!!! error TS2695: Left side of comma operator is unused and has no side effects.
+                                            ~
+!!! error TS1109: Expression expected.
         function barn(cb: (private, public, package) => void) { }
-                           ~~~~~~~
-!!! error TS1212: Identifier expected. 'private' is a reserved word in strict mode.
-                           ~~~~~~~
-!!! error TS7006: Parameter 'private' implicitly has an 'any' type.
-                                    ~~~~~~
-!!! error TS1212: Identifier expected. 'public' is a reserved word in strict mode.
-                                    ~~~~~~
-!!! error TS7006: Parameter 'public' implicitly has an 'any' type.
-                                            ~~~~~~~
-!!! error TS1212: Identifier expected. 'package' is a reserved word in strict mode.
-                                            ~~~~~~~
-!!! error TS7006: Parameter 'package' implicitly has an 'any' type.
         barn((private, public, package) => { });
-              ~~~~~~~
-!!! error TS1212: Identifier expected. 'private' is a reserved word in strict mode.
-                       ~~~~~~
-!!! error TS1212: Identifier expected. 'public' is a reserved word in strict mode.
-                               ~~~~~~~
-!!! error TS1212: Identifier expected. 'package' is a reserved word in strict mode.
     
         var myClass = class package extends public {}
                             ~~~~~~~
-!!! error TS1213: Identifier expected. 'package' is a reserved word in strict mode. Class definitions are automatically in strict mode.
-                                            ~~~~~~
-!!! error TS1213: Identifier expected. 'public' is a reserved word in strict mode. Class definitions are automatically in strict mode.

Diff truncated: more than 100 lines changed

Expected: 166 lines
Actual: 103 lines

The differences are too extensive to show in unified diff format.
Consider comparing smaller sections or reviewing the strings directly.

</message>
<stacktrace>
  at org.junit.Assert.fail(Assert.java:89)
  at kotlin.test.junit.JUnitAsserter.fail(JUnitSupport.kt:56)
  at kotlin.test.AssertionsKt__AssertionsKt.fail(Assertions.kt:563)
  at kotlin.test.AssertionsKt.fail(Unknown Source)
  at com.xemantic.kotlin.test.SameAsKt.sameAs(SameAs.kt:52)
  at com.xemantic.typescript.compiler.TypeScriptTestSupportKt.errorsMatchBaseline(TypeScriptTestSupport.kt:135)
  at com.xemantic.typescript.compiler.TypeScriptCompilerTests_S.strictModeReservedWord_ts has expected errors matching strictModeReservedWord_errors_txt(TypeScriptCompilerTests_S.kt:2835)
  at java.base/jdk.internal.reflect.DirectMethodHandleAccessor.invoke(DirectMethodHandleAccessor.java:104)
  at java.base/java.lang.reflect.Method.invoke(Method.java:565)
  at org.junit.runners.model.FrameworkMethod$1.runReflectiveCall(FrameworkMethod.java:59)
  at org.junit.internal.runners.model.ReflectiveCallable.run(ReflectiveCallable.java:12)
  at org.junit.runners.model.FrameworkMethod.invokeExplosively(FrameworkMethod.java:56)
  at org.junit.internal.runners.statements.InvokeMethod.evaluate(InvokeMethod.java:17)
  at org.junit.runners.ParentRunner$3.evaluate(ParentRunner.java:306)
  at org.junit.runners.BlockJUnit4ClassRunner$1.evaluate(BlockJUnit4ClassRunner.java:100)
  at org.junit.runners.ParentRunner.runLeaf(ParentRunner.java:366)
  at org.junit.runners.BlockJUnit4ClassRunner.runChild(BlockJUnit4ClassRunner.java:103)
  at org.junit.runners.BlockJUnit4ClassRunner.runChild(BlockJUnit4ClassRunner.java:63)
  at org.junit.runners.ParentRunner$4.run(ParentRunner.java:331)
  at org.junit.runners.ParentRunner$1.schedule(ParentRunner.java:79)
  at org.junit.runners.ParentRunner.runChildren(ParentRunner.java:329)
  at org.junit.runners.ParentRunner.access$100(ParentRunner.java:66)
  at org.junit.runners.ParentRunner$2.evaluate(ParentRunner.java:293)
  at org.junit.runners.ParentRunner$3.evaluate(ParentRunner.java:306)
  at org.junit.runners.ParentRunner.run(ParentRunner.java:413)
  at org.junit.runner.JUnitCore.run(JUnitCore.java:137)
  at org.junit.runner.JUnitCore.run(JUnitCore.java:115)
  at org.gradle.api.internal.tasks.testing.junit.JUnitTestExecutor.runRequest(JUnitTestExecutor.java:175)
  at org.gradle.api.internal.tasks.testing.junit.JUnitTestExecutor.accept(JUnitTestExecutor.java:84)
  at org.gradle.api.internal.tasks.testing.junit.JUnitTestExecutor.accept(JUnitTestExecutor.java:47)
  at org.gradle.api.internal.tasks.testing.junit.AbstractJUnitTestDefinitionProcessor.processTestDefinition(AbstractJUnitTestDefinitionProcessor.java:65)
  at org.gradle.api.internal.tasks.testing.SuiteTestDefinitionProcessor.processTestDefinition(SuiteTestDefinitionProcessor.java:54)
  at java.base/jdk.internal.reflect.DirectMethodHandleAccessor.invoke(DirectMethodHandleAccessor.java:104)
  at java.base/java.lang.reflect.Method.invoke(Method.java:565)
  at org.gradle.internal.dispatch.MethodInvocation.invokeOn(MethodInvocation.java:77)
  at org.gradle.internal.dispatch.ReflectionDispatch.dispatch(ReflectionDispatch.java:28)
  at org.gradle.internal.dispatch.ReflectionDispatch.dispatch(ReflectionDispatch.java:19)
  at org.gradle.internal.dispatch.ContextClassLoaderDispatch.dispatch(ContextClassLoaderDispatch.java:33)
  at org.gradle.internal.dispatch.ProxyDispatchAdapter$DispatchingInvocationHandler.invoke(ProxyDispatchAdapter.java:88)
  at jdk.proxy1/jdk.proxy1.$Proxy4.processTestDefinition(Unknown Source)
  at org.gradle.api.internal.tasks.testing.worker.TestWorker$2.run(TestWorker.java:178)
  at org.gradle.api.internal.tasks.testing.worker.TestWorker.executeAndMaintainThreadName(TestWorker.java:126)
  at org.gradle.api.internal.tasks.testing.worker.TestWorker.execute(TestWorker.java:103)
  at org.gradle.api.internal.tasks.testing.worker.TestWorker.execute(TestWorker.java:63)
  at org.gradle.process.internal.worker.child.ActionExecutionWorker.execute(ActionExecutionWorker.java:56)
  at org.gradle.process.internal.worker.child.SystemApplicationClassLoaderWorker.call(SystemApplicationClassLoaderWorker.java:122)
  at org.gradle.process.internal.worker.child.SystemApplicationClassLoaderWorker.call(SystemApplicationClassLoaderWorker.java:72)
  at worker.org.gradle.process.internal.worker.GradleWorkerMain.run(GradleWorkerMain.java:69)
  at worker.org.gradle.process.internal.worker.GradleWorkerMain.main(GradleWorkerMain.java:74)
</stacktrace>
</test-failure>


TypeScriptCompilerTests_S[jvm] > strictModeReservedWord_ts has expected errors matching strictModeReservedWord_errors_txt[jvm] FAILED

<test-failure test="com.xemantic.typescript.compiler.TypeScriptCompilerTests_S.superInObjectLiterals_ES6_ts has expected errors matching superInObjectLiterals_ES6_errors_txt" platform="jvm">
<message>
Expected diagnostics from baseline typescript-repo/tests/baselines/reference/superInObjectLiterals_ES6.errors.txt but none produced
</message>
<stacktrace>
  at com.xemantic.typescript.compiler.TypeScriptTestSupportKt.errorsMatchBaseline(TypeScriptTestSupport.kt:125)
  at com.xemantic.typescript.compiler.TypeScriptCompilerTests_S.superInObjectLiterals_ES6_ts has expected errors matching superInObjectLiterals_ES6_errors_txt(TypeScriptCompilerTests_S.kt:3724)
  at java.base/jdk.internal.reflect.DirectMethodHandleAccessor.invoke(DirectMethodHandleAccessor.java:104)
  at java.base/java.lang.reflect.Method.invoke(Method.java:565)
  at org.junit.runners.model.FrameworkMethod$1.runReflectiveCall(FrameworkMethod.java:59)
  at org.junit.internal.runners.model.ReflectiveCallable.run(ReflectiveCallable.java:12)
  at org.junit.runners.model.FrameworkMethod.invokeExplosively(FrameworkMethod.java:56)
  at org.junit.internal.runners.statements.InvokeMethod.evaluate(InvokeMethod.java:17)
  at org.junit.runners.ParentRunner$3.evaluate(ParentRunner.java:306)
  at org.junit.runners.BlockJUnit4ClassRunner$1.evaluate(BlockJUnit4ClassRunner.java:100)
  at org.junit.runners.ParentRunner.runLeaf(ParentRunner.java:366)
  at org.junit.runners.BlockJUnit4ClassRunner.runChild(BlockJUnit4ClassRunner.java:103)
  at org.junit.runners.BlockJUnit4ClassRunner.runChild(BlockJUnit4ClassRunner.java:63)
  at org.junit.runners.ParentRunner$4.run(ParentRunner.java:331)
  at org.junit.runners.ParentRunner$1.schedule(ParentRunner.java:79)
  at org.junit.runners.ParentRunner.runChildren(ParentRunner.java:329)
  at org.junit.runners.ParentRunner.access$100(ParentRunner.java:66)
  at org.junit.runners.ParentRunner$2.evaluate(ParentRunner.java:293)
  at org.junit.runners.ParentRunner$3.evaluate(ParentRunner.java:306)
  at org.junit.runners.ParentRunner.run(ParentRunner.java:413)
  at org.junit.runner.JUnitCore.run(JUnitCore.java:137)
  at org.junit.runner.JUnitCore.run(JUnitCore.java:115)
  at org.gradle.api.internal.tasks.testing.junit.JUnitTestExecutor.runRequest(JUnitTestExecutor.java:175)
  at org.gradle.api.internal.tasks.testing.junit.JUnitTestExecutor.accept(JUnitTestExecutor.java:84)
  at org.gradle.api.internal.tasks.testing.junit.JUnitTestExecutor.accept(JUnitTestExecutor.java:47)
  at org.gradle.api.internal.tasks.testing.junit.AbstractJUnitTestDefinitionProcessor.processTestDefinition(AbstractJUnitTestDefinitionProcessor.java:65)
  at org.gradle.api.internal.tasks.testing.SuiteTestDefinitionProcessor.processTestDefinition(SuiteTestDefinitionProcessor.java:54)
  at java.base/jdk.internal.reflect.DirectMethodHandleAccessor.invoke(DirectMethodHandleAccessor.java:104)
  at java.base/java.lang.reflect.Method.invoke(Method.java:565)
  at org.gradle.internal.dispatch.MethodInvocation.invokeOn(MethodInvocation.java:77)
  at org.gradle.internal.dispatch.ReflectionDispatch.dispatch(ReflectionDispatch.java:28)
  at org.gradle.internal.dispatch.ReflectionDispatch.dispatch(ReflectionDispatch.java:19)
  at org.gradle.internal.dispatch.ContextClassLoaderDispatch.dispatch(ContextClassLoaderDispatch.java:33)
  at org.gradle.internal.dispatch.ProxyDispatchAdapter$DispatchingInvocationHandler.invoke(ProxyDispatchAdapter.java:88)
  at jdk.proxy1/jdk.proxy1.$Proxy4.processTestDefinition(Unknown Source)
  at org.gradle.api.internal.tasks.testing.worker.TestWorker$2.run(TestWorker.java:178)
  at org.gradle.api.internal.tasks.testing.worker.TestWorker.executeAndMaintainThreadName(TestWorker.java:126)
  at org.gradle.api.internal.tasks.testing.worker.TestWorker.execute(TestWorker.java:103)
  at org.gradle.api.internal.tasks.testing.worker.TestWorker.execute(TestWorker.java:63)
  at org.gradle.process.internal.worker.child.ActionExecutionWorker.execute(ActionExecutionWorker.java:56)
  at org.gradle.process.internal.worker.child.SystemApplicationClassLoaderWorker.call(SystemApplicationClassLoaderWorker.java:122)
  at org.gradle.process.internal.worker.child.SystemApplicationClassLoaderWorker.call(SystemApplicationClassLoaderWorker.java:72)
  at worker.org.gradle.process.internal.worker.GradleWorkerMain.run(GradleWorkerMain.java:69)
  at worker.org.gradle.process.internal.worker.GradleWorkerMain.main(GradleWorkerMain.java:74)
</stacktrace>
</test-failure>


TypeScriptCompilerTests_S[jvm] > superInObjectLiterals_ES6_ts has expected errors matching superInObjectLiterals_ES6_errors_txt[jvm] FAILED

<test-failure test="com.xemantic.typescript.compiler.TypeScriptCompilerTests_S.strictSubtypeAndNarrowing_ts has expected errors matching strictSubtypeAndNarrowing_errors_txt" platform="jvm">
<message>
--- expected
+++ actual
@@ -1,9 +1,10 @@
-strictSubtypeAndNarrowing.ts(123,27): error TS2353: Object literal may only specify known properties, and 'y' does not exist in type '{ x?: number | undefined; }'.
-strictSubtypeAndNarrowing.ts(124,27): error TS2353: Object literal may only specify known properties, and 'y' does not exist in type '{ x?: number | undefined; }'.
-strictSubtypeAndNarrowing.ts(129,26): error TS2353: Object literal may only specify known properties, and 'y' does not exist in type '{ x?: number | undefined; }'.
+strictSubtypeAndNarrowing.ts(178,30): error TS2304: Cannot find name 'Head'.
+strictSubtypeAndNarrowing.ts(180,30): error TS2304: Cannot find name 'Head'.
+strictSubtypeAndNarrowing.ts(180,71): error TS2304: Cannot find name 'Head'.
+strictSubtypeAndNarrowing.ts(180,79): error TS2304: Cannot find name 'Rest'.
 
 
-==== strictSubtypeAndNarrowing.ts (3 errors) ====
+==== strictSubtypeAndNarrowing.ts (4 errors) ====
     // Check that `any` is a strict supertype of `unknown`
     
     declare const x11: { x: unknown };
@@ -127,18 +128,12 @@
     
     function fx10(obj1: { x?: number }, obj2: { x?: number, y?: number }) {
         obj1 = obj2 = { x: 1, y: 2 };
-                              ~
-!!! error TS2353: Object literal may only specify known properties, and 'y' does not exist in type '{ x?: number | undefined; }'.
         obj2 = obj1 = { x: 1, y: 2 };
-                              ~
-!!! error TS2353: Object literal may only specify known properties, and 'y' does not exist in type '{ x?: number | undefined; }'.
     }
     
     function fx11(): { x?: number } {
         let obj: { x?: number, y?: number };
         return obj = { x: 1, y: 2 };
-                             ~
-!!! error TS2353: Object literal may only specify known properties, and 'y' does not exist in type '{ x?: number | undefined; }'.
     }
     
     // Repros from #52827
@@ -188,8 +183,16 @@
         infer Head extends DistributedKeyOf<ObjT>,
     ]
         ? NarrowByKeyValue<ObjT, Head, ValueT>
+                                 ~~~~
+!!! error TS2304: Cannot find name 'Head'.
         : DeepPathT extends readonly [infer Head extends DistributedKeyOf<ObjT>, ...infer Rest]
         ? NarrowByKeyValue<ObjT, Head, NarrowByDeepValue<NonNullable<ObjT[Head]>, Rest, ValueT>>
+                                 ~~~~
+!!! error TS2304: Cannot find name 'Head'.
+                                                                          ~~~~
+!!! error TS2304: Cannot find name 'Head'.
+                                                                                  ~~~~
+!!! error TS2304: Cannot find name 'Rest'.
         : never;
     
     

</message>
<stacktrace>
  at org.junit.Assert.fail(Assert.java:89)
  at kotlin.test.junit.JUnitAsserter.fail(JUnitSupport.kt:56)
  at kotlin.test.AssertionsKt__AssertionsKt.fail(Assertions.kt:563)
  at kotlin.test.AssertionsKt.fail(Unknown Source)
  at com.xemantic.kotlin.test.SameAsKt.sameAs(SameAs.kt:52)
  at com.xemantic.typescript.compiler.TypeScriptTestSupportKt.errorsMatchBaseline(TypeScriptTestSupport.kt:135)
  at com.xemantic.typescript.compiler.TypeScriptCompilerTests_S.strictSubtypeAndNarrowing_ts has expected errors matching strictSubtypeAndNarrowing_errors_txt(TypeScriptCompilerTests_S.kt:3024)
  at java.base/jdk.internal.reflect.DirectMethodHandleAccessor.invoke(DirectMethodHandleAccessor.java:104)
  at java.base/java.lang.reflect.Method.invoke(Method.java:565)
  at org.junit.runners.model.FrameworkMethod$1.runReflectiveCall(FrameworkMethod.java:59)
  at org.junit.internal.runners.model.ReflectiveCallable.run(ReflectiveCallable.java:12)
  at org.junit.runners.model.FrameworkMethod.invokeExplosively(FrameworkMethod.java:56)
  at org.junit.internal.runners.statements.InvokeMethod.evaluate(InvokeMethod.java:17)
  at org.junit.runners.ParentRunner$3.evaluate(ParentRunner.java:306)
  at org.junit.runners.BlockJUnit4ClassRunner$1.evaluate(BlockJUnit4ClassRunner.java:100)
  at org.junit.runners.ParentRunner.runLeaf(ParentRunner.java:366)
  at org.junit.runners.BlockJUnit4ClassRunner.runChild(BlockJUnit4ClassRunner.java:103)
  at org.junit.runners.BlockJUnit4ClassRunner.runChild(BlockJUnit4ClassRunner.java:63)
  at org.junit.runners.ParentRunner$4.run(ParentRunner.java:331)
  at org.junit.runners.ParentRunner$1.schedule(ParentRunner.java:79)
  at org.junit.runners.ParentRunner.runChildren(ParentRunner.java:329)
  at org.junit.runners.ParentRunner.access$100(ParentRunner.java:66)
  at org.junit.runners.ParentRunner$2.evaluate(ParentRunner.java:293)
  at org.junit.runners.ParentRunner$3.evaluate(ParentRunner.java:306)
  at org.junit.runners.ParentRunner.run(ParentRunner.java:413)
  at org.junit.runner.JUnitCore.run(JUnitCore.java:137)
  at org.junit.runner.JUnitCore.run(JUnitCore.java:115)
  at org.gradle.api.internal.tasks.testing.junit.JUnitTestExecutor.runRequest(JUnitTestExecutor.java:175)
  at org.gradle.api.internal.tasks.testing.junit.JUnitTestExecutor.accept(JUnitTestExecutor.java:84)
  at org.gradle.api.internal.tasks.testing.junit.JUnitTestExecutor.accept(JUnitTestExecutor.java:47)
  at org.gradle.api.internal.tasks.testing.junit.AbstractJUnitTestDefinitionProcessor.processTestDefinition(AbstractJUnitTestDefinitionProcessor.java:65)
  at org.gradle.api.internal.tasks.testing.SuiteTestDefinitionProcessor.processTestDefinition(SuiteTestDefinitionProcessor.java:54)
  at java.base/jdk.internal.reflect.DirectMethodHandleAccessor.invoke(DirectMethodHandleAccessor.java:104)
  at java.base/java.lang.reflect.Method.invoke(Method.java:565)
  at org.gradle.internal.dispatch.MethodInvocation.invokeOn(MethodInvocation.java:77)
  at org.gradle.internal.dispatch.ReflectionDispatch.dispatch(ReflectionDispatch.java:28)
  at org.gradle.internal.dispatch.ReflectionDispatch.dispatch(ReflectionDispatch.java:19)
  at org.gradle.internal.dispatch.ContextClassLoaderDispatch.dispatch(ContextClassLoaderDispatch.java:33)
  at org.gradle.internal.dispatch.ProxyDispatchAdapter$DispatchingInvocationHandler.invoke(ProxyDispatchAdapter.java:88)
  at jdk.proxy1/jdk.proxy1.$Proxy4.processTestDefinition(Unknown Source)
  at org.gradle.api.internal.tasks.testing.worker.TestWorker$2.run(TestWorker.java:178)
  at org.gradle.api.internal.tasks.testing.worker.TestWorker.executeAndMaintainThreadName(TestWorker.java:126)
  at org.gradle.api.internal.tasks.testing.worker.TestWorker.execute(TestWorker.java:103)
  at org.gradle.api.internal.tasks.testing.worker.TestWorker.execute(TestWorker.java:63)
  at org.gradle.process.internal.worker.child.ActionExecutionWorker.execute(ActionExecutionWorker.java:56)
  at org.gradle.process.internal.worker.child.SystemApplicationClassLoaderWorker.call(SystemApplicationClassLoaderWorker.java:122)
  at org.gradle.process.internal.worker.child.SystemApplicationClassLoaderWorker.call(SystemApplicationClassLoaderWorker.java:72)
  at worker.org.gradle.process.internal.worker.GradleWorkerMain.run(GradleWorkerMain.java:69)
  at worker.org.gradle.process.internal.worker.GradleWorkerMain.main(GradleWorkerMain.java:74)
</stacktrace>
</test-failure>


TypeScriptCompilerTests_S[jvm] > strictSubtypeAndNarrowing_ts has expected errors matching strictSubtypeAndNarrowing_errors_txt[jvm] FAILED

<test-failure test="com.xemantic.typescript.compiler.TypeScriptCompilerTests_S.stringIndexerAssignments2_ts has expected errors matching stringIndexerAssignments2_errors_txt" platform="jvm">
<message>
Expected diagnostics from baseline typescript-repo/tests/baselines/reference/stringIndexerAssignments2.errors.txt but none produced
</message>
<stacktrace>
  at com.xemantic.typescript.compiler.TypeScriptTestSupportKt.errorsMatchBaseline(TypeScriptTestSupport.kt:125)
  at com.xemantic.typescript.compiler.TypeScriptCompilerTests_S.stringIndexerAssignments2_ts has expected errors matching stringIndexerAssignments2_errors_txt(TypeScriptCompilerTests_S.kt:3101)
  at java.base/jdk.internal.reflect.DirectMethodHandleAccessor.invoke(DirectMethodHandleAccessor.java:104)
  at java.base/java.lang.reflect.Method.invoke(Method.java:565)
  at org.junit.runners.model.FrameworkMethod$1.runReflectiveCall(FrameworkMethod.java:59)
  at org.junit.internal.runners.model.ReflectiveCallable.run(ReflectiveCallable.java:12)
  at org.junit.runners.model.FrameworkMethod.invokeExplosively(FrameworkMethod.java:56)
  at org.junit.internal.runners.statements.InvokeMethod.evaluate(InvokeMethod.java:17)
  at org.junit.runners.ParentRunner$3.evaluate(ParentRunner.java:306)
  at org.junit.runners.BlockJUnit4ClassRunner$1.evaluate(BlockJUnit4ClassRunner.java:100)
  at org.junit.runners.ParentRunner.runLeaf(ParentRunner.java:366)
  at org.junit.runners.BlockJUnit4ClassRunner.runChild(BlockJUnit4ClassRunner.java:103)
  at org.junit.runners.BlockJUnit4ClassRunner.runChild(BlockJUnit4ClassRunner.java:63)
  at org.junit.runners.ParentRunner$4.run(ParentRunner.java:331)
  at org.junit.runners.ParentRunner$1.schedule(ParentRunner.java:79)
  at org.junit.runners.ParentRunner.runChildren(ParentRunner.java:329)
  at org.junit.runners.ParentRunner.access$100(ParentRunner.java:66)
  at org.junit.runners.ParentRunner$2.evaluate(ParentRunner.java:293)
  at org.junit.runners.ParentRunner$3.evaluate(ParentRunner.java:306)
  at org.junit.runners.ParentRunner.run(ParentRunner.java:413)
  at org.junit.runner.JUnitCore.run(JUnitCore.java:137)
  at org.junit.runner.JUnitCore.run(JUnitCore.java:115)
  at org.gradle.api.internal.tasks.testing.junit.JUnitTestExecutor.runRequest(JUnitTestExecutor.java:175)
  at org.gradle.api.internal.tasks.testing.junit.JUnitTestExecutor.accept(JUnitTestExecutor.java:84)
  at org.gradle.api.internal.tasks.testing.junit.JUnitTestExecutor.accept(JUnitTestExecutor.java:47)
  at org.gradle.api.internal.tasks.testing.junit.AbstractJUnitTestDefinitionProcessor.processTestDefinition(AbstractJUnitTestDefinitionProcessor.java:65)
  at org.gradle.api.internal.tasks.testing.SuiteTestDefinitionProcessor.processTestDefinition(SuiteTestDefinitionProcessor.java:54)
  at java.base/jdk.internal.reflect.DirectMethodHandleAccessor.invoke(DirectMethodHandleAccessor.java:104)
  at java.base/java.lang.reflect.Method.invoke(Method.java:565)
  at org.gradle.internal.dispatch.MethodInvocation.invokeOn(MethodInvocation.java:77)
  at org.gradle.internal.dispatch.ReflectionDispatch.dispatch(ReflectionDispatch.java:28)
  at org.gradle.internal.dispatch.ReflectionDispatch.dispatch(ReflectionDispatch.java:19)
  at org.gradle.internal.dispatch.ContextClassLoaderDispatch.dispatch(ContextClassLoaderDispatch.java:33)
  at org.gradle.internal.dispatch.ProxyDispatchAdapter$DispatchingInvocationHandler.invoke(ProxyDispatchAdapter.java:88)
  at jdk.proxy1/jdk.proxy1.$Proxy4.processTestDefinition(Unknown Source)
  at org.gradle.api.internal.tasks.testing.worker.TestWorker$2.run(TestWorker.java:178)
  at org.gradle.api.internal.tasks.testing.worker.TestWorker.executeAndMaintainThreadName(TestWorker.java:126)
  at org.gradle.api.internal.tasks.testing.worker.TestWorker.execute(TestWorker.java:103)
  at org.gradle.api.internal.tasks.testing.worker.TestWorker.execute(TestWorker.java:63)
  at org.gradle.process.internal.worker.child.ActionExecutionWorker.execute(ActionExecutionWorker.java:56)
  at org.gradle.process.internal.worker.child.SystemApplicationClassLoaderWorker.call(SystemApplicationClassLoaderWorker.java:122)
  at org.gradle.process.internal.worker.child.SystemApplicationClassLoaderWorker.call(SystemApplicationClassLoaderWorker.java:72)
  at worker.org.gradle.process.internal.worker.GradleWorkerMain.run(GradleWorkerMain.java:69)
  at worker.org.gradle.process.internal.worker.GradleWorkerMain.main(GradleWorkerMain.java:74)
</stacktrace>
</test-failure>


TypeScriptCompilerTests_S[jvm] > stringIndexerAssignments2_ts has expected errors matching stringIndexerAssignments2_errors_txt[jvm] FAILED

<test-failure test="com.xemantic.typescript.compiler.TypeScriptCompilerTests_S.specialIntersectionsInMappedTypes_ts has expected errors matching specialIntersectionsInMappedTypes_errors_txt" platform="jvm">
<message>
Expected diagnostics from baseline typescript-repo/tests/baselines/reference/specialIntersectionsInMappedTypes.errors.txt but none produced
</message>
<stacktrace>
  at com.xemantic.typescript.compiler.TypeScriptTestSupportKt.errorsMatchBaseline(TypeScriptTestSupport.kt:125)
  at com.xemantic.typescript.compiler.TypeScriptCompilerTests_S.specialIntersectionsInMappedTypes_ts has expected errors matching specialIntersectionsInMappedTypes_errors_txt(TypeScriptCompilerTests_S.kt:1953)
  at java.base/jdk.internal.reflect.DirectMethodHandleAccessor.invoke(DirectMethodHandleAccessor.java:104)
  at java.base/java.lang.reflect.Method.invoke(Method.java:565)
  at org.junit.runners.model.FrameworkMethod$1.runReflectiveCall(FrameworkMethod.java:59)
  at org.junit.internal.runners.model.ReflectiveCallable.run(ReflectiveCallable.java:12)
  at org.junit.runners.model.FrameworkMethod.invokeExplosively(FrameworkMethod.java:56)
  at org.junit.internal.runners.statements.InvokeMethod.evaluate(InvokeMethod.java:17)
  at org.junit.runners.ParentRunner$3.evaluate(ParentRunner.java:306)
  at org.junit.runners.BlockJUnit4ClassRunner$1.evaluate(BlockJUnit4ClassRunner.java:100)
  at org.junit.runners.ParentRunner.runLeaf(ParentRunner.java:366)
  at org.junit.runners.BlockJUnit4ClassRunner.runChild(BlockJUnit4ClassRunner.java:103)
  at org.junit.runners.BlockJUnit4ClassRunner.runChild(BlockJUnit4ClassRunner.java:63)
  at org.junit.runners.ParentRunner$4.run(ParentRunner.java:331)
  at org.junit.runners.ParentRunner$1.schedule(ParentRunner.java:79)
  at org.junit.runners.ParentRunner.runChildren(ParentRunner.java:329)
  at org.junit.runners.ParentRunner.access$100(ParentRunner.java:66)
  at org.junit.runners.ParentRunner$2.evaluate(ParentRunner.java:293)
  at org.junit.runners.ParentRunner$3.evaluate(ParentRunner.java:306)
  at org.junit.runners.ParentRunner.run(ParentRunner.java:413)
  at org.junit.runner.JUnitCore.run(JUnitCore.java:137)
  at org.junit.runner.JUnitCore.run(JUnitCore.java:115)
  at org.gradle.api.internal.tasks.testing.junit.JUnitTestExecutor.runRequest(JUnitTestExecutor.java:175)
  at org.gradle.api.internal.tasks.testing.junit.JUnitTestExecutor.accept(JUnitTestExecutor.java:84)
  at org.gradle.api.internal.tasks.testing.junit.JUnitTestExecutor.accept(JUnitTestExecutor.java:47)
  at org.gradle.api.internal.tasks.testing.junit.AbstractJUnitTestDefinitionProcessor.processTestDefinition(AbstractJUnitTestDefinitionProcessor.java:65)
  at org.gradle.api.internal.tasks.testing.SuiteTestDefinitionProcessor.processTestDefinition(SuiteTestDefinitionProcessor.java:54)
  at java.base/jdk.internal.reflect.DirectMethodHandleAccessor.invoke(DirectMethodHandleAccessor.java:104)
  at java.base/java.lang.reflect.Method.invoke(Method.java:565)
  at org.gradle.internal.dispatch.MethodInvocation.invokeOn(MethodInvocation.java:77)
  at org.gradle.internal.dispatch.ReflectionDispatch.dispatch(ReflectionDispatch.java:28)
  at org.gradle.internal.dispatch.ReflectionDispatch.dispatch(ReflectionDispatch.java:19)
  at org.gradle.internal.dispatch.ContextClassLoaderDispatch.dispatch(ContextClassLoaderDispatch.java:33)
  at org.gradle.internal.dispatch.ProxyDispatchAdapter$DispatchingInvocationHandler.invoke(ProxyDispatchAdapter.java:88)
  at jdk.proxy1/jdk.proxy1.$Proxy4.processTestDefinition(Unknown Source)
  at org.gradle.api.internal.tasks.testing.worker.TestWorker$2.run(TestWorker.java:178)
  at org.gradle.api.internal.tasks.testing.worker.TestWorker.executeAndMaintainThreadName(TestWorker.java:126)
  at org.gradle.api.internal.tasks.testing.worker.TestWorker.execute(TestWorker.java:103)
  at org.gradle.api.internal.tasks.testing.worker.TestWorker.execute(TestWorker.java:63)
  at org.gradle.process.internal.worker.child.ActionExecutionWorker.execute(ActionExecutionWorker.java:56)
  at org.gradle.process.internal.worker.child.SystemApplicationClassLoaderWorker.call(SystemApplicationClassLoaderWorker.java:122)
  at org.gradle.process.internal.worker.child.SystemApplicationClassLoaderWorker.call(SystemApplicationClassLoaderWorker.java:72)
  at worker.org.gradle.process.internal.worker.GradleWorkerMain.run(GradleWorkerMain.java:69)
  at worker.org.gradle.process.internal.worker.GradleWorkerMain.main(GradleWorkerMain.java:74)
</stacktrace>
</test-failure>


TypeScriptCompilerTests_S[jvm] > specialIntersectionsInMappedTypes_ts has expected errors matching specialIntersectionsInMappedTypes_errors_txt[jvm] FAILED

<test-failure test="com.xemantic.typescript.compiler.TypeScriptCompilerTests_S.scopeCheckInsideStaticMethod1_ts has expected errors matching scopeCheckInsideStaticMethod1_errors_txt" platform="jvm">
<message>
--- expected
+++ actual
@@ -1,8 +1,7 @@
 scopeCheckInsideStaticMethod1.ts(6,7): error TS2304: Cannot find name 'v'.
-scopeCheckInsideStaticMethod1.ts(8,12): error TS2339: Property 'p' does not exist on type 'typeof C'.
 
 
-==== scopeCheckInsideStaticMethod1.ts (2 errors) ====
+==== scopeCheckInsideStaticMethod1.ts (1 errors) ====
     class C {
        private v;
        public p;
@@ -13,7 +12,5 @@
 !!! error TS2304: Cannot find name 'v'.
           C.s = 1;
           this.p = 1; // ERR
-               ~
-!!! error TS2339: Property 'p' does not exist on type 'typeof C'.
        }
     }

</message>
<stacktrace>
  at org.junit.Assert.fail(Assert.java:89)
  at kotlin.test.junit.JUnitAsserter.fail(JUnitSupport.kt:56)
  at kotlin.test.AssertionsKt__AssertionsKt.fail(Assertions.kt:563)
  at kotlin.test.AssertionsKt.fail(Unknown Source)
  at com.xemantic.kotlin.test.SameAsKt.sameAs(SameAs.kt:52)
  at com.xemantic.typescript.compiler.TypeScriptTestSupportKt.errorsMatchBaseline(TypeScriptTestSupport.kt:135)
  at com.xemantic.typescript.compiler.TypeScriptCompilerTests_S.scopeCheckInsideStaticMethod1_ts has expected errors matching scopeCheckInsideStaticMethod1_errors_txt(TypeScriptCompilerTests_S.kt:98)
  at java.base/jdk.internal.reflect.DirectMethodHandleAccessor.invoke(DirectMethodHandleAccessor.java:104)
  at java.base/java.lang.reflect.Method.invoke(Method.java:565)
  at org.junit.runners.model.FrameworkMethod$1.runReflectiveCall(FrameworkMethod.java:59)
  at org.junit.internal.runners.model.ReflectiveCallable.run(ReflectiveCallable.java:12)
  at org.junit.runners.model.FrameworkMethod.invokeExplosively(FrameworkMethod.java:56)
  at org.junit.internal.runners.statements.InvokeMethod.evaluate(InvokeMethod.java:17)
  at org.junit.runners.ParentRunner$3.evaluate(ParentRunner.java:306)
  at org.junit.runners.BlockJUnit4ClassRunner$1.evaluate(BlockJUnit4ClassRunner.java:100)
  at org.junit.runners.ParentRunner.runLeaf(ParentRunner.java:366)
  at org.junit.runners.BlockJUnit4ClassRunner.runChild(BlockJUnit4ClassRunner.java:103)
  at org.junit.runners.BlockJUnit4ClassRunner.runChild(BlockJUnit4ClassRunner.java:63)
  at org.junit.runners.ParentRunner$4.run(ParentRunner.java:331)
  at org.junit.runners.ParentRunner$1.schedule(ParentRunner.java:79)
  at org.junit.runners.ParentRunner.runChildren(ParentRunner.java:329)
  at org.junit.runners.ParentRunner.access$100(ParentRunner.java:66)
  at org.junit.runners.ParentRunner$2.evaluate(ParentRunner.java:293)
  at org.junit.runners.ParentRunner$3.evaluate(ParentRunner.java:306)
  at org.junit.runners.ParentRunner.run(ParentRunner.java:413)
  at org.junit.runner.JUnitCore.run(JUnitCore.java:137)
  at org.junit.runner.JUnitCore.run(JUnitCore.java:115)
  at org.gradle.api.internal.tasks.testing.junit.JUnitTestExecutor.runRequest(JUnitTestExecutor.java:175)
  at org.gradle.api.internal.tasks.testing.junit.JUnitTestExecutor.accept(JUnitTestExecutor.java:84)
  at org.gradle.api.internal.tasks.testing.junit.JUnitTestExecutor.accept(JUnitTestExecutor.java:47)
  at org.gradle.api.internal.tasks.testing.junit.AbstractJUnitTestDefinitionProcessor.processTestDefinition(AbstractJUnitTestDefinitionProcessor.java:65)
  at org.gradle.api.internal.tasks.testing.SuiteTestDefinitionProcessor.processTestDefinition(SuiteTestDefinitionProcessor.java:54)
  at java.base/jdk.internal.reflect.DirectMethodHandleAccessor.invoke(DirectMethodHandleAccessor.java:104)
  at java.base/java.lang.reflect.Method.invoke(Method.java:565)
  at org.gradle.internal.dispatch.MethodInvocation.invokeOn(MethodInvocation.java:77)
  at org.gradle.internal.dispatch.ReflectionDispatch.dispatch(ReflectionDispatch.java:28)
  at org.gradle.internal.dispatch.ReflectionDispatch.dispatch(ReflectionDispatch.java:19)
  at org.gradle.internal.dispatch.ContextClassLoaderDispatch.dispatch(ContextClassLoaderDispatch.java:33)
  at org.gradle.internal.dispatch.ProxyDispatchAdapter$DispatchingInvocationHandler.invoke(ProxyDispatchAdapter.java:88)
  at jdk.proxy1/jdk.proxy1.$Proxy4.processTestDefinition(Unknown Source)
  at org.gradle.api.internal.tasks.testing.worker.TestWorker$2.run(TestWorker.java:178)
  at org.gradle.api.internal.tasks.testing.worker.TestWorker.executeAndMaintainThreadName(TestWorker.java:126)
  at org.gradle.api.internal.tasks.testing.worker.TestWorker.execute(TestWorker.java:103)
  at org.gradle.api.internal.tasks.testing.worker.TestWorker.execute(TestWorker.java:63)
  at org.gradle.process.internal.worker.child.ActionExecutionWorker.execute(ActionExecutionWorker.java:56)
  at org.gradle.process.internal.worker.child.SystemApplicationClassLoaderWorker.call(SystemApplicationClassLoaderWorker.java:122)
  at org.gradle.process.internal.worker.child.SystemApplicationClassLoaderWorker.call(SystemApplicationClassLoaderWorker.java:72)
  at worker.org.gradle.process.internal.worker.GradleWorkerMain.run(GradleWorkerMain.java:69)
  at worker.org.gradle.process.internal.worker.GradleWorkerMain.main(GradleWorkerMain.java:74)
</stacktrace>
</test-failure>


TypeScriptCompilerTests_S[jvm] > scopeCheckInsideStaticMethod1_ts has expected errors matching scopeCheckInsideStaticMethod1_errors_txt[jvm] FAILED

<test-failure test="com.xemantic.typescript.compiler.TypeScriptCompilerTests_S.signatureLengthMismatchInOverload_ts has expected errors matching signatureLengthMismatchInOverload_errors_txt" platform="jvm">
<message>
Expected diagnostics from baseline typescript-repo/tests/baselines/reference/signatureLengthMismatchInOverload.errors.txt but none produced
</message>
<stacktrace>
  at com.xemantic.typescript.compiler.TypeScriptTestSupportKt.errorsMatchBaseline(TypeScriptTestSupport.kt:125)
  at com.xemantic.typescript.compiler.TypeScriptCompilerTests_S.signatureLengthMismatchInOverload_ts has expected errors matching signatureLengthMismatchInOverload_errors_txt(TypeScriptCompilerTests_S.kt:784)
  at java.base/jdk.internal.reflect.DirectMethodHandleAccessor.invoke(DirectMethodHandleAccessor.java:104)
  at java.base/java.lang.reflect.Method.invoke(Method.java:565)
  at org.junit.runners.model.FrameworkMethod$1.runReflectiveCall(FrameworkMethod.java:59)
  at org.junit.internal.runners.model.ReflectiveCallable.run(ReflectiveCallable.java:12)
  at org.junit.runners.model.FrameworkMethod.invokeExplosively(FrameworkMethod.java:56)
  at org.junit.internal.runners.statements.InvokeMethod.evaluate(InvokeMethod.java:17)
  at org.junit.runners.ParentRunner$3.evaluate(ParentRunner.java:306)
  at org.junit.runners.BlockJUnit4ClassRunner$1.evaluate(BlockJUnit4ClassRunner.java:100)
  at org.junit.runners.ParentRunner.runLeaf(ParentRunner.java:366)
  at org.junit.runners.BlockJUnit4ClassRunner.runChild(BlockJUnit4ClassRunner.java:103)
  at org.junit.runners.BlockJUnit4ClassRunner.runChild(BlockJUnit4ClassRunner.java:63)
  at org.junit.runners.ParentRunner$4.run(ParentRunner.java:331)
  at org.junit.runners.ParentRunner$1.schedule(ParentRunner.java:79)
  at org.junit.runners.ParentRunner.runChildren(ParentRunner.java:329)
  at org.junit.runners.ParentRunner.access$100(ParentRunner.java:66)
  at org.junit.runners.ParentRunner$2.evaluate(ParentRunner.java:293)
  at org.junit.runners.ParentRunner$3.evaluate(ParentRunner.java:306)
  at org.junit.runners.ParentRunner.run(ParentRunner.java:413)
  at org.junit.runner.JUnitCore.run(JUnitCore.java:137)
  at org.junit.runner.JUnitCore.run(JUnitCore.java:115)
  at org.gradle.api.internal.tasks.testing.junit.JUnitTestExecutor.runRequest(JUnitTestExecutor.java:175)
  at org.gradle.api.internal.tasks.testing.junit.JUnitTestExecutor.accept(JUnitTestExecutor.java:84)
  at org.gradle.api.internal.tasks.testing.junit.JUnitTestExecutor.accept(JUnitTestExecutor.java:47)
  at org.gradle.api.internal.tasks.testing.junit.AbstractJUnitTestDefinitionProcessor.processTestDefinition(AbstractJUnitTestDefinitionProcessor.java:65)
  at org.gradle.api.internal.tasks.testing.SuiteTestDefinitionProcessor.processTestDefinition(SuiteTestDefinitionProcessor.java:54)
  at java.base/jdk.internal.reflect.DirectMethodHandleAccessor.invoke(DirectMethodHandleAccessor.java:104)
  at java.base/java.lang.reflect.Method.invoke(Method.java:565)
  at org.gradle.internal.dispatch.MethodInvocation.invokeOn(MethodInvocation.java:77)
  at org.gradle.internal.dispatch.ReflectionDispatch.dispatch(ReflectionDispatch.java:28)
  at org.gradle.internal.dispatch.ReflectionDispatch.dispatch(ReflectionDispatch.java:19)
  at org.gradle.internal.dispatch.ContextClassLoaderDispatch.dispatch(ContextClassLoaderDispatch.java:33)
  at org.gradle.internal.dispatch.ProxyDispatchAdapter$DispatchingInvocationHandler.invoke(ProxyDispatchAdapter.java:88)
  at jdk.proxy1/jdk.proxy1.$Proxy4.processTestDefinition(Unknown Source)
  at org.gradle.api.internal.tasks.testing.worker.TestWorker$2.run(TestWorker.java:178)
  at org.gradle.api.internal.tasks.testing.worker.TestWorker.executeAndMaintainThreadName(TestWorker.java:126)
  at org.gradle.api.internal.tasks.testing.worker.TestWorker.execute(TestWorker.java:103)
  at org.gradle.api.internal.tasks.testing.worker.TestWorker.execute(TestWorker.java:63)
  at org.gradle.process.internal.worker.child.ActionExecutionWorker.execute(ActionExecutionWorker.java:56)
  at org.gradle.process.internal.worker.child.SystemApplicationClassLoaderWorker.call(SystemApplicationClassLoaderWorker.java:122)
  at org.gradle.process.internal.worker.child.SystemApplicationClassLoaderWorker.call(SystemApplicationClassLoaderWorker.java:72)
  at worker.org.gradle.process.internal.worker.GradleWorkerMain.run(GradleWorkerMain.java:69)
  at worker.org.gradle.process.internal.worker.GradleWorkerMain.main(GradleWorkerMain.java:74)
</stacktrace>
</test-failure>


TypeScriptCompilerTests_S[jvm] > signatureLengthMismatchInOverload_ts has expected errors matching signatureLengthMismatchInOverload_errors_txt[jvm] FAILED

<test-failure test="com.xemantic.typescript.compiler.TypeScriptCompilerTests_S.staticInstanceResolution4_ts has expected errors matching staticInstanceResolution4_errors_txt" platform="jvm">
<message>
Expected diagnostics from baseline typescript-repo/tests/baselines/reference/staticInstanceResolution4.errors.txt but none produced
</message>
<stacktrace>
  at com.xemantic.typescript.compiler.TypeScriptTestSupportKt.errorsMatchBaseline(TypeScriptTestSupport.kt:125)
  at com.xemantic.typescript.compiler.TypeScriptCompilerTests_S.staticInstanceResolution4_ts has expected errors matching staticInstanceResolution4_errors_txt(TypeScriptCompilerTests_S.kt:2478)
  at java.base/jdk.internal.reflect.DirectMethodHandleAccessor.invoke(DirectMethodHandleAccessor.java:104)
  at java.base/java.lang.reflect.Method.invoke(Method.java:565)
  at org.junit.runners.model.FrameworkMethod$1.runReflectiveCall(FrameworkMethod.java:59)
  at org.junit.internal.runners.model.ReflectiveCallable.run(ReflectiveCallable.java:12)
  at org.junit.runners.model.FrameworkMethod.invokeExplosively(FrameworkMethod.java:56)
  at org.junit.internal.runners.statements.InvokeMethod.evaluate(InvokeMethod.java:17)
  at org.junit.runners.ParentRunner$3.evaluate(ParentRunner.java:306)
  at org.junit.runners.BlockJUnit4ClassRunner$1.evaluate(BlockJUnit4ClassRunner.java:100)
  at org.junit.runners.ParentRunner.runLeaf(ParentRunner.java:366)
  at org.junit.runners.BlockJUnit4ClassRunner.runChild(BlockJUnit4ClassRunner.java:103)
  at org.junit.runners.BlockJUnit4ClassRunner.runChild(BlockJUnit4ClassRunner.java:63)
  at org.junit.runners.ParentRunner$4.run(ParentRunner.java:331)
  at org.junit.runners.ParentRunner$1.schedule(ParentRunner.java:79)
  at org.junit.runners.ParentRunner.runChildren(ParentRunner.java:329)
  at org.junit.runners.ParentRunner.access$100(ParentRunner.java:66)
  at org.junit.runners.ParentRunner$2.evaluate(ParentRunner.java:293)
  at org.junit.runners.ParentRunner$3.evaluate(ParentRunner.java:306)
  at org.junit.runners.ParentRunner.run(ParentRunner.java:413)
  at org.junit.runner.JUnitCore.run(JUnitCore.java:137)
  at org.junit.runner.JUnitCore.run(JUnitCore.java:115)
  at org.gradle.api.internal.tasks.testing.junit.JUnitTestExecutor.runRequest(JUnitTestExecutor.java:175)
  at org.gradle.api.internal.tasks.testing.junit.JUnitTestExecutor.accept(JUnitTestExecutor.java:84)
  at org.gradle.api.internal.tasks.testing.junit.JUnitTestExecutor.accept(JUnitTestExecutor.java:47)
  at org.gradle.api.internal.tasks.testing.junit.AbstractJUnitTestDefinitionProcessor.processTestDefinition(AbstractJUnitTestDefinitionProcessor.java:65)
  at org.gradle.api.internal.tasks.testing.SuiteTestDefinitionProcessor.processTestDefinition(SuiteTestDefinitionProcessor.java:54)
  at java.base/jdk.internal.reflect.DirectMethodHandleAccessor.invoke(DirectMethodHandleAccessor.java:104)
  at java.base/java.lang.reflect.Method.invoke(Method.java:565)
  at org.gradle.internal.dispatch.MethodInvocation.invokeOn(MethodInvocation.java:77)
  at org.gradle.internal.dispatch.ReflectionDispatch.dispatch(ReflectionDispatch.java:28)
  at org.gradle.internal.dispatch.ReflectionDispatch.dispatch(ReflectionDispatch.java:19)
  at org.gradle.internal.dispatch.ContextClassLoaderDispatch.dispatch(ContextClassLoaderDispatch.java:33)
  at org.gradle.internal.dispatch.ProxyDispatchAdapter$DispatchingInvocationHandler.invoke(ProxyDispatchAdapter.java:88)
  at jdk.proxy1/jdk.proxy1.$Proxy4.processTestDefinition(Unknown Source)
  at org.gradle.api.internal.tasks.testing.worker.TestWorker$2.run(TestWorker.java:178)
  at org.gradle.api.internal.tasks.testing.worker.TestWorker.executeAndMaintainThreadName(TestWorker.java:126)
  at org.gradle.api.internal.tasks.testing.worker.TestWorker.execute(TestWorker.java:103)
  at org.gradle.api.internal.tasks.testing.worker.TestWorker.execute(TestWorker.java:63)
  at org.gradle.process.internal.worker.child.ActionExecutionWorker.execute(ActionExecutionWorker.java:56)
  at org.gradle.process.internal.worker.child.SystemApplicationClassLoaderWorker.call(SystemApplicationClassLoaderWorker.java:122)
  at org.gradle.process.internal.worker.child.SystemApplicationClassLoaderWorker.call(SystemApplicationClassLoaderWorker.java:72)
  at worker.org.gradle.process.internal.worker.GradleWorkerMain.run(GradleWorkerMain.java:69)
  at worker.org.gradle.process.internal.worker.GradleWorkerMain.main(GradleWorkerMain.java:74)
</stacktrace>
</test-failure>


TypeScriptCompilerTests_S[jvm] > staticInstanceResolution4_ts has expected errors matching staticInstanceResolution4_errors_txt[jvm] FAILED

<test-failure test="com.xemantic.typescript.compiler.TypeScriptCompilerTests_S.strictModeReservedWord_ts compiles to JavaScript matching strictModeReservedWord_js" platform="jvm">
<message>
--- expected
+++ actual
@@ -34,17 +34,21 @@
 let let = 10;
 function foo() {
     "use strict";
-    var public = 10;
+    var ;
+    public = 10;
     var static = "hi";
     let let = "blah";
-    var package = "hello";
-    function package() { }
+    var ;
+    package = "hello";
+    ();
+    { }
     function bar(private, implements, let) { }
-    function baz() { }
+     > implements, protected > ();
+    { }
     function barn(cb) { }
     barn((private, public, package) => { });
-    var myClass = class package extends public {
-    };
+    var myClass = class {
+    }, {};
     var b;
     function foo(x) { }
     function foo1(x) { }

</message>
<stacktrace>
  at org.junit.Assert.fail(Assert.java:89)
  at kotlin.test.junit.JUnitAsserter.fail(JUnitSupport.kt:56)
  at kotlin.test.AssertionsKt__AssertionsKt.fail(Assertions.kt:563)
  at kotlin.test.AssertionsKt.fail(Unknown Source)
  at com.xemantic.kotlin.test.SameAsKt.sameAs(SameAs.kt:52)
  at com.xemantic.typescript.compiler.TypeScriptTestSupportKt.sameAs(TypeScriptTestSupport.kt:99)
  at com.xemantic.typescript.compiler.TypeScriptCompilerTests_S.strictModeReservedWord_ts compiles to JavaScript matching strictModeReservedWord_js(TypeScriptCompilerTests_S.kt:2828)
  at java.base/jdk.internal.reflect.DirectMethodHandleAccessor.invoke(DirectMethodHandleAccessor.java:104)
  at java.base/java.lang.reflect.Method.invoke(Method.java:565)
  at org.junit.runners.model.FrameworkMethod$1.runReflectiveCall(FrameworkMethod.java:59)
  at org.junit.internal.runners.model.ReflectiveCallable.run(ReflectiveCallable.java:12)
  at org.junit.runners.model.FrameworkMethod.invokeExplosively(FrameworkMethod.java:56)
  at org.junit.internal.runners.statements.InvokeMethod.evaluate(InvokeMethod.java:17)
  at org.junit.runners.ParentRunner$3.evaluate(ParentRunner.java:306)
  at org.junit.runners.BlockJUnit4ClassRunner$1.evaluate(BlockJUnit4ClassRunner.java:100)
  at org.junit.runners.ParentRunner.runLeaf(ParentRunner.java:366)
  at org.junit.runners.BlockJUnit4ClassRunner.runChild(BlockJUnit4ClassRunner.java:103)
  at org.junit.runners.BlockJUnit4ClassRunner.runChild(BlockJUnit4ClassRunner.java:63)
  at org.junit.runners.ParentRunner$4.run(ParentRunner.java:331)
  at org.junit.runners.ParentRunner$1.schedule(ParentRunner.java:79)
  at org.junit.runners.ParentRunner.runChildren(ParentRunner.java:329)
  at org.junit.runners.ParentRunner.access$100(ParentRunner.java:66)
  at org.junit.runners.ParentRunner$2.evaluate(ParentRunner.java:293)
  at org.junit.runners.ParentRunner$3.evaluate(ParentRunner.java:306)
  at org.junit.runners.ParentRunner.run(ParentRunner.java:413)
  at org.junit.runner.JUnitCore.run(JUnitCore.java:137)
  at org.junit.runner.JUnitCore.run(JUnitCore.java:115)
  at org.gradle.api.internal.tasks.testing.junit.JUnitTestExecutor.runRequest(JUnitTestExecutor.java:175)
  at org.gradle.api.internal.tasks.testing.junit.JUnitTestExecutor.accept(JUnitTestExecutor.java:84)
  at org.gradle.api.internal.tasks.testing.junit.JUnitTestExecutor.accept(JUnitTestExecutor.java:47)
  at org.gradle.api.internal.tasks.testing.junit.AbstractJUnitTestDefinitionProcessor.processTestDefinition(AbstractJUnitTestDefinitionProcessor.java:65)
  at org.gradle.api.internal.tasks.testing.SuiteTestDefinitionProcessor.processTestDefinition(SuiteTestDefinitionProcessor.java:54)
  at java.base/jdk.internal.reflect.DirectMethodHandleAccessor.invoke(DirectMethodHandleAccessor.java:104)
  at java.base/java.lang.reflect.Method.invoke(Method.java:565)
  at org.gradle.internal.dispatch.MethodInvocation.invokeOn(MethodInvocation.java:77)
  at org.gradle.internal.dispatch.ReflectionDispatch.dispatch(ReflectionDispatch.java:28)
  at org.gradle.internal.dispatch.ReflectionDispatch.dispatch(ReflectionDispatch.java:19)
  at org.gradle.internal.dispatch.ContextClassLoaderDispatch.dispatch(ContextClassLoaderDispatch.java:33)
  at org.gradle.internal.dispatch.ProxyDispatchAdapter$DispatchingInvocationHandler.invoke(ProxyDispatchAdapter.java:88)
  at jdk.proxy1/jdk.proxy1.$Proxy4.processTestDefinition(Unknown Source)
  at org.gradle.api.internal.tasks.testing.worker.TestWorker$2.run(TestWorker.java:178)
  at org.gradle.api.internal.tasks.testing.worker.TestWorker.executeAndMaintainThreadName(TestWorker.java:126)
  at org.gradle.api.internal.tasks.testing.worker.TestWorker.execute(TestWorker.java:103)
  at org.gradle.api.internal.tasks.testing.worker.TestWorker.execute(TestWorker.java:63)
  at org.gradle.process.internal.worker.child.ActionExecutionWorker.execute(ActionExecutionWorker.java:56)
  at org.gradle.process.internal.worker.child.SystemApplicationClassLoaderWorker.call(SystemApplicationClassLoaderWorker.java:122)
  at org.gradle.process.internal.worker.child.SystemApplicationClassLoaderWorker.call(SystemApplicationClassLoaderWorker.java:72)
  at worker.org.gradle.process.internal.worker.GradleWorkerMain.run(GradleWorkerMain.java:69)
  at worker.org.gradle.process.internal.worker.GradleWorkerMain.main(GradleWorkerMain.java:74)
</stacktrace>
</test-failure>


TypeScriptCompilerTests_S[jvm] > strictModeReservedWord_ts compiles to JavaScript matching strictModeReservedWord_js[jvm] FAILED

<test-failure test="com.xemantic.typescript.compiler.TypeScriptCompilerTests_S.sourceMapValidationDestructuringForOfObjectBindingPattern2_ts__target_es5__has expected errors matching baseline" platform="jvm">
<message>
--- expected
+++ actual
@@ -1,20 +1,8 @@
 error TS5107: Option 'target=ES5' is deprecated and will stop functioning in TypeScript 7.0. Specify compilerOption '"ignoreDeprecations": "6.0"' to silence this error.
-sourceMapValidationDestructuringForOfObjectBindingPattern2.ts(52,17): error TS2454: Variable 'nameA' is used before being assigned.
-sourceMapValidationDestructuringForOfObjectBindingPattern2.ts(55,17): error TS2454: Variable 'nameA' is used before being assigned.
-sourceMapValidationDestructuringForOfObjectBindingPattern2.ts(58,17): error TS2454: Variable 'nameA' is used before being assigned.
-sourceMapValidationDestructuringForOfObjectBindingPattern2.ts(61,17): error TS2454: Variable 'primaryA' is used before being assigned.
-sourceMapValidationDestructuringForOfObjectBindingPattern2.ts(64,17): error TS2454: Variable 'primaryA' is used before being assigned.
-sourceMapValidationDestructuringForOfObjectBindingPattern2.ts(68,17): error TS2454: Variable 'primaryA' is used before being assigned.
-sourceMapValidationDestructuringForOfObjectBindingPattern2.ts(92,17): error TS2454: Variable 'nameA' is used before being assigned.
-sourceMapValidationDestructuringForOfObjectBindingPattern2.ts(95,17): error TS2454: Variable 'nameA' is used before being assigned.
-sourceMapValidationDestructuringForOfObjectBindingPattern2.ts(98,17): error TS2454: Variable 'nameA' is used before being assigned.
-sourceMapValidationDestructuringForOfObjectBindingPattern2.ts(101,17): error TS2454: Variable 'nameA' is used before being assigned.
-sourceMapValidationDestructuringForOfObjectBindingPattern2.ts(104,17): error TS2454: Variable 'nameA' is used before being assigned.
-sourceMapValidationDestructuringForOfObjectBindingPattern2.ts(108,17): error TS2454: Variable 'nameA' is used before being assigned.
 
 
 !!! error TS5107: Option 'target=ES5' is deprecated and will stop functioning in TypeScript 7.0. Specify compilerOption '"ignoreDeprecations": "6.0"' to silence this error.
-==== sourceMapValidationDestructuringForOfObjectBindingPattern2.ts (12 errors) ====
+==== sourceMapValidationDestructuringForOfObjectBindingPattern2.ts (0 errors) ====
     declare var console: {
         log(msg: any): void;
     }
@@ -67,34 +55,22 @@
     }
     for ({name } of robots) {
         console.log(nameA);
-                    ~~~~~
-!!! error TS2454: Variable 'nameA' is used before being assigned.
     }
     for ({name } of getRobots()) {
         console.log(nameA);
-                    ~~~~~
-!!! error TS2454: Variable 'nameA' is used before being assigned.
     }
     for ({name } of [{ name: "mower", skill: "mowing" }, { name: "trimmer", skill: "trimming" }]) {
         console.log(nameA);
-                    ~~~~~
-!!! error TS2454: Variable 'nameA' is used before being assigned.
     }
     for ({ skills: { primary, secondary } } of multiRobots) {
         console.log(primaryA);
-                    ~~~~~~~~
-!!! error TS2454: Variable 'primaryA' is used before being assigned.
     }
     for ({ skills: { primary, secondary } } of getMultiRobots()) {
         console.log(primaryA);
-                    ~~~~~~~~
-!!! error TS2454: Variable 'primaryA' is used before being assigned.
     }
     for ({ skills: { primary, secondary } } of [{ name: "mower", skills: { primary: "mowing", secondary: "none" } },
         { name: "trimmer", skills: { primary: "trimming", secondary: "edging" } }]) {
         console.log(primaryA);
-                    ~~~~~~~~
-!!! error TS2454: Variable 'primaryA' is used before being assigned.
     }
     
     
@@ -119,32 +95,20 @@
     }
     for ({name, skill } of robots) {
         console.log(nameA);
-                    ~~~~~
-!!! error TS2454: Variable 'nameA' is used before being assigned.
     }
     for ({name, skill } of getRobots()) {
         console.log(nameA);
-                    ~~~~~
-!!! error TS2454: Variable 'nameA' is used before being assigned.
     }
     for ({name, skill } of [{ name: "mower", skill: "mowing" }, { name: "trimmer", skill: "trimming" }]) {
         console.log(nameA);
-                    ~~~~~
-!!! error TS2454: Variable 'nameA' is used before being assigned.
     }
     for ({name, skills: { primary, secondary } } of multiRobots) {
         console.log(nameA);
-                    ~~~~~
-!!! error TS2454: Variable 'nameA' is used before being assigned.
     }
     for ({name, skills: { primary, secondary } } of getMultiRobots()) {
         console.log(nameA);
-                    ~~~~~
-!!! error TS2454: Variable 'nameA' is used before being assigned.
     }
     for ({name, skills: { primary, secondary } } of [{ name: "mower", skills: { primary: "mowing", secondary: "none" } },
         { name: "trimmer", skills: { primary: "trimming", secondary: "edging" } }]) {
         console.log(nameA);
-                    ~~~~~
-!!! error TS2454: Variable 'nameA' is used before being assigned.
     }

</message>
<stacktrace>
  at org.junit.Assert.fail(Assert.java:89)
  at kotlin.test.junit.JUnitAsserter.fail(JUnitSupport.kt:56)
  at kotlin.test.AssertionsKt__AssertionsKt.fail(Assertions.kt:563)
  at kotlin.test.AssertionsKt.fail(Unknown Source)
  at com.xemantic.kotlin.test.SameAsKt.sameAs(SameAs.kt:52)
  at com.xemantic.typescript.compiler.TypeScriptTestSupportKt.errorsMatchBaseline(TypeScriptTestSupport.kt:135)
  at com.xemantic.typescript.compiler.TypeScriptCompilerTests_S.sourceMapValidationDestructuringForOfObjectBindingPattern2_ts__target_es5__has expected errors matching baseline(TypeScriptCompilerTests_S.kt:1337)
  at java.base/jdk.internal.reflect.DirectMethodHandleAccessor.invoke(DirectMethodHandleAccessor.java:104)
  at java.base/java.lang.reflect.Method.invoke(Method.java:565)
  at org.junit.runners.model.FrameworkMethod$1.runReflectiveCall(FrameworkMethod.java:59)
  at org.junit.internal.runners.model.ReflectiveCallable.run(ReflectiveCallable.java:12)
  at org.junit.runners.model.FrameworkMethod.invokeExplosively(FrameworkMethod.java:56)
  at org.junit.internal.runners.statements.InvokeMethod.evaluate(InvokeMethod.java:17)
  at org.junit.runners.ParentRunner$3.evaluate(ParentRunner.java:306)
  at org.junit.runners.BlockJUnit4ClassRunner$1.evaluate(BlockJUnit4ClassRunner.java:100)
  at org.junit.runners.ParentRunner.runLeaf(ParentRunner.java:366)
  at org.junit.runners.BlockJUnit4ClassRunner.runChild(BlockJUnit4ClassRunner.java:103)
  at org.junit.runners.BlockJUnit4ClassRunner.runChild(BlockJUnit4ClassRunner.java:63)
  at org.junit.runners.ParentRunner$4.run(ParentRunner.java:331)
  at org.junit.runners.ParentRunner$1.schedule(ParentRunner.java:79)
  at org.junit.runners.ParentRunner.runChildren(ParentRunner.java:329)
  at org.junit.runners.ParentRunner.access$100(ParentRunner.java:66)
  at org.junit.runners.ParentRunner$2.evaluate(ParentRunner.java:293)
  at org.junit.runners.ParentRunner$3.evaluate(ParentRunner.java:306)
  at org.junit.runners.ParentRunner.run(ParentRunner.java:413)
  at org.junit.runner.JUnitCore.run(JUnitCore.java:137)
  at org.junit.runner.JUnitCore.run(JUnitCore.java:115)
  at org.gradle.api.internal.tasks.testing.junit.JUnitTestExecutor.runRequest(JUnitTestExecutor.java:175)
  at org.gradle.api.internal.tasks.testing.junit.JUnitTestExecutor.accept(JUnitTestExecutor.java:84)
  at org.gradle.api.internal.tasks.testing.junit.JUnitTestExecutor.accept(JUnitTestExecutor.java:47)
  at org.gradle.api.internal.tasks.testing.junit.AbstractJUnitTestDefinitionProcessor.processTestDefinition(AbstractJUnitTestDefinitionProcessor.java:65)
  at org.gradle.api.internal.tasks.testing.SuiteTestDefinitionProcessor.processTestDefinition(SuiteTestDefinitionProcessor.java:54)
  at java.base/jdk.internal.reflect.DirectMethodHandleAccessor.invoke(DirectMethodHandleAccessor.java:104)
  at java.base/java.lang.reflect.Method.invoke(Method.java:565)
  at org.gradle.internal.dispatch.MethodInvocation.invokeOn(MethodInvocation.java:77)
  at org.gradle.internal.dispatch.ReflectionDispatch.dispatch(ReflectionDispatch.java:28)
  at org.gradle.internal.dispatch.ReflectionDispatch.dispatch(ReflectionDispatch.java:19)
  at org.gradle.internal.dispatch.ContextClassLoaderDispatch.dispatch(ContextClassLoaderDispatch.java:33)
  at org.gradle.internal.dispatch.ProxyDispatchAdapter$DispatchingInvocationHandler.invoke(ProxyDispatchAdapter.java:88)
  at jdk.proxy1/jdk.proxy1.$Proxy4.processTestDefinition(Unknown Source)
  at org.gradle.api.internal.tasks.testing.worker.TestWorker$2.run(TestWorker.java:178)
  at org.gradle.api.internal.tasks.testing.worker.TestWorker.executeAndMaintainThreadName(TestWorker.java:126)
  at org.gradle.api.internal.tasks.testing.worker.TestWorker.execute(TestWorker.java:103)
  at org.gradle.api.internal.tasks.testing.worker.TestWorker.execute(TestWorker.java:63)
  at org.gradle.process.internal.worker.child.ActionExecutionWorker.execute(ActionExecutionWorker.java:56)
  at org.gradle.process.internal.worker.child.SystemApplicationClassLoaderWorker.call(SystemApplicationClassLoaderWorker.java:122)
  at org.gradle.process.internal.worker.child.SystemApplicationClassLoaderWorker.call(SystemApplicationClassLoaderWorker.java:72)
  at worker.org.gradle.process.internal.worker.GradleWorkerMain.run(GradleWorkerMain.java:69)
  at worker.org.gradle.process.internal.worker.GradleWorkerMain.main(GradleWorkerMain.java:74)
</stacktrace>
</test-failure>


TypeScriptCompilerTests_S[jvm] > sourceMapValidationDestructuringForOfObjectBindingPattern2_ts__target_es5__has expected errors matching baseline[jvm] FAILED

<test-failure test="com.xemantic.typescript.compiler.TypeScriptCompilerTests_S.staticInitializersAndLegacyClassDecorators_ts compiles to JavaScript matching staticInitializersAndLegacyClassDecorators_js" platform="jvm">
<message>
--- expected
+++ actual
@@ -27,20 +27,17 @@
     else for (var i = decorators.length - 1; i >= 0; i--) if (d = decorators[i]) r = (c < 3 ? d(r) : c > 3 ? d(target, key, r) : d(target, key)) || r;
     return c > 3 && r && Object.defineProperty(target, key, r), r;
 };
-var C1_1, C2_1;
 let C1 = class C1 {
-    static { C1_1 = this; }
-    static instance = new C1_1();
+    static instance = new C1();
 };
-C1 = C1_1 = __decorate([
+C1 = __decorate([
     dec
 ], C1);
 let C2 = class C2 {
-    static { C2_1 = this; }
     static {
-        new C2_1();
+        new C2();
     }
 };
-C2 = C2_1 = __decorate([
+C2 = __decorate([
     dec
 ], C2);

</message>
<stacktrace>
  at org.junit.Assert.fail(Assert.java:89)
  at kotlin.test.junit.JUnitAsserter.fail(JUnitSupport.kt:56)
  at kotlin.test.AssertionsKt__AssertionsKt.fail(Assertions.kt:563)
  at kotlin.test.AssertionsKt.fail(Unknown Source)
  at com.xemantic.kotlin.test.SameAsKt.sameAs(SameAs.kt:52)
  at com.xemantic.typescript.compiler.TypeScriptTestSupportKt.sameAs(TypeScriptTestSupport.kt:99)
  at com.xemantic.typescript.compiler.TypeScriptCompilerTests_S.staticInitializersAndLegacyClassDecorators_ts compiles to JavaScript matching staticInitializersAndLegacyClassDecorators_js(TypeScriptCompilerTests_S.kt:2429)
  at java.base/jdk.internal.reflect.DirectMethodHandleAccessor.invoke(DirectMethodHandleAccessor.java:104)
  at java.base/java.lang.reflect.Method.invoke(Method.java:565)
  at org.junit.runners.model.FrameworkMethod$1.runReflectiveCall(FrameworkMethod.java:59)
  at org.junit.internal.runners.model.ReflectiveCallable.run(ReflectiveCallable.java:12)
  at org.junit.runners.model.FrameworkMethod.invokeExplosively(FrameworkMethod.java:56)
  at org.junit.internal.runners.statements.InvokeMethod.evaluate(InvokeMethod.java:17)
  at org.junit.runners.ParentRunner$3.evaluate(ParentRunner.java:306)
  at org.junit.runners.BlockJUnit4ClassRunner$1.evaluate(BlockJUnit4ClassRunner.java:100)
  at org.junit.runners.ParentRunner.runLeaf(ParentRunner.java:366)
  at org.junit.runners.BlockJUnit4ClassRunner.runChild(BlockJUnit4ClassRunner.java:103)
  at org.junit.runners.BlockJUnit4ClassRunner.runChild(BlockJUnit4ClassRunner.java:63)
  at org.junit.runners.ParentRunner$4.run(ParentRunner.java:331)
  at org.junit.runners.ParentRunner$1.schedule(ParentRunner.java:79)
  at org.junit.runners.ParentRunner.runChildren(ParentRunner.java:329)
  at org.junit.runners.ParentRunner.access$100(ParentRunner.java:66)
  at org.junit.runners.ParentRunner$2.evaluate(ParentRunner.java:293)
  at org.junit.runners.ParentRunner$3.evaluate(ParentRunner.java:306)
  at org.junit.runners.ParentRunner.run(ParentRunner.java:413)
  at org.junit.runner.JUnitCore.run(JUnitCore.java:137)
  at org.junit.runner.JUnitCore.run(JUnitCore.java:115)
  at org.gradle.api.internal.tasks.testing.junit.JUnitTestExecutor.runRequest(JUnitTestExecutor.java:175)
  at org.gradle.api.internal.tasks.testing.junit.JUnitTestExecutor.accept(JUnitTestExecutor.java:84)
  at org.gradle.api.internal.tasks.testing.junit.JUnitTestExecutor.accept(JUnitTestExecutor.java:47)
  at org.gradle.api.internal.tasks.testing.junit.AbstractJUnitTestDefinitionProcessor.processTestDefinition(AbstractJUnitTestDefinitionProcessor.java:65)
  at org.gradle.api.internal.tasks.testing.SuiteTestDefinitionProcessor.processTestDefinition(SuiteTestDefinitionProcessor.java:54)
  at java.base/jdk.internal.reflect.DirectMethodHandleAccessor.invoke(DirectMethodHandleAccessor.java:104)
  at java.base/java.lang.reflect.Method.invoke(Method.java:565)
  at org.gradle.internal.dispatch.MethodInvocation.invokeOn(MethodInvocation.java:77)
  at org.gradle.internal.dispatch.ReflectionDispatch.dispatch(ReflectionDispatch.java:28)
  at org.gradle.internal.dispatch.ReflectionDispatch.dispatch(ReflectionDispatch.java:19)
  at org.gradle.internal.dispatch.ContextClassLoaderDispatch.dispatch(ContextClassLoaderDispatch.java:33)
  at org.gradle.internal.dispatch.ProxyDispatchAdapter$DispatchingInvocationHandler.invoke(ProxyDispatchAdapter.java:88)
  at jdk.proxy1/jdk.proxy1.$Proxy4.processTestDefinition(Unknown Source)
  at org.gradle.api.internal.tasks.testing.worker.TestWorker$2.run(TestWorker.java:178)
  at org.gradle.api.internal.tasks.testing.worker.TestWorker.executeAndMaintainThreadName(TestWorker.java:126)
  at org.gradle.api.internal.tasks.testing.worker.TestWorker.execute(TestWorker.java:103)
  at org.gradle.api.internal.tasks.testing.worker.TestWorker.execute(TestWorker.java:63)
  at org.gradle.process.internal.worker.child.ActionExecutionWorker.execute(ActionExecutionWorker.java:56)
  at org.gradle.process.internal.worker.child.SystemApplicationClassLoaderWorker.call(SystemApplicationClassLoaderWorker.java:122)
  at org.gradle.process.internal.worker.child.SystemApplicationClassLoaderWorker.call(SystemApplicationClassLoaderWorker.java:72)
  at worker.org.gradle.process.internal.worker.GradleWorkerMain.run(GradleWorkerMain.java:69)
  at worker.org.gradle.process.internal.worker.GradleWorkerMain.main(GradleWorkerMain.java:74)
</stacktrace>
</test-failure>


TypeScriptCompilerTests_S[jvm] > staticInitializersAndLegacyClassDecorators_ts compiles to JavaScript matching staticInitializersAndLegacyClassDecorators_js[jvm] FAILED

<test-failure test="com.xemantic.typescript.compiler.TypeScriptCompilerTests_S.shorthand-property-es6-es6_ts has expected errors matching shorthand-property-es6-es6_errors_txt" platform="jvm">
<message>
Expected diagnostics from baseline typescript-repo/tests/baselines/reference/shorthand-property-es6-es6.errors.txt but none produced
</message>
<stacktrace>
  at com.xemantic.typescript.compiler.TypeScriptTestSupportKt.errorsMatchBaseline(TypeScriptTestSupport.kt:125)
  at com.xemantic.typescript.compiler.TypeScriptCompilerTests_S.shorthand-property-es6-es6_ts has expected errors matching shorthand-property-es6-es6_errors_txt(TypeScriptCompilerTests_S.kt:497)
  at java.base/jdk.internal.reflect.DirectMethodHandleAccessor.invoke(DirectMethodHandleAccessor.java:104)
  at java.base/java.lang.reflect.Method.invoke(Method.java:565)
  at org.junit.runners.model.FrameworkMethod$1.runReflectiveCall(FrameworkMethod.java:59)
  at org.junit.internal.runners.model.ReflectiveCallable.run(ReflectiveCallable.java:12)
  at org.junit.runners.model.FrameworkMethod.invokeExplosively(FrameworkMethod.java:56)
  at org.junit.internal.runners.statements.InvokeMethod.evaluate(InvokeMethod.java:17)
  at org.junit.runners.ParentRunner$3.evaluate(ParentRunner.java:306)
  at org.junit.runners.BlockJUnit4ClassRunner$1.evaluate(BlockJUnit4ClassRunner.java:100)
  at org.junit.runners.ParentRunner.runLeaf(ParentRunner.java:366)
  at org.junit.runners.BlockJUnit4ClassRunner.runChild(BlockJUnit4ClassRunner.java:103)
  at org.junit.runners.BlockJUnit4ClassRunner.runChild(BlockJUnit4ClassRunner.java:63)
  at org.junit.runners.ParentRunner$4.run(ParentRunner.java:331)
  at org.junit.runners.ParentRunner$1.schedule(ParentRunner.java:79)
  at org.junit.runners.ParentRunner.runChildren(ParentRunner.java:329)
  at org.junit.runners.ParentRunner.access$100(ParentRunner.java:66)
  at org.junit.runners.ParentRunner$2.evaluate(ParentRunner.java:293)
  at org.junit.runners.ParentRunner$3.evaluate(ParentRunner.java:306)
  at org.junit.runners.ParentRunner.run(ParentRunner.java:413)
  at org.junit.runner.JUnitCore.run(JUnitCore.java:137)
  at org.junit.runner.JUnitCore.run(JUnitCore.java:115)
  at org.gradle.api.internal.tasks.testing.junit.JUnitTestExecutor.runRequest(JUnitTestExecutor.java:175)
  at org.gradle.api.internal.tasks.testing.junit.JUnitTestExecutor.accept(JUnitTestExecutor.java:84)
  at org.gradle.api.internal.tasks.testing.junit.JUnitTestExecutor.accept(JUnitTestExecutor.java:47)
  at org.gradle.api.internal.tasks.testing.junit.AbstractJUnitTestDefinitionProcessor.processTestDefinition(AbstractJUnitTestDefinitionProcessor.java:65)
  at org.gradle.api.internal.tasks.testing.SuiteTestDefinitionProcessor.processTestDefinition(SuiteTestDefinitionProcessor.java:54)
  at java.base/jdk.internal.reflect.DirectMethodHandleAccessor.invoke(DirectMethodHandleAccessor.java:104)
  at java.base/java.lang.reflect.Method.invoke(Method.java:565)
  at org.gradle.internal.dispatch.MethodInvocation.invokeOn(MethodInvocation.java:77)
  at org.gradle.internal.dispatch.ReflectionDispatch.dispatch(ReflectionDispatch.java:28)
  at org.gradle.internal.dispatch.ReflectionDispatch.dispatch(ReflectionDispatch.java:19)
  at org.gradle.internal.dispatch.ContextClassLoaderDispatch.dispatch(ContextClassLoaderDispatch.java:33)
  at org.gradle.internal.dispatch.ProxyDispatchAdapter$DispatchingInvocationHandler.invoke(ProxyDispatchAdapter.java:88)
  at jdk.proxy1/jdk.proxy1.$Proxy4.processTestDefinition(Unknown Source)
  at org.gradle.api.internal.tasks.testing.worker.TestWorker$2.run(TestWorker.java:178)
  at org.gradle.api.internal.tasks.testing.worker.TestWorker.executeAndMaintainThreadName(TestWorker.java:126)
  at org.gradle.api.internal.tasks.testing.worker.TestWorker.execute(TestWorker.java:103)
  at org.gradle.api.internal.tasks.testing.worker.TestWorker.execute(TestWorker.java:63)
  at org.gradle.process.internal.worker.child.ActionExecutionWorker.execute(ActionExecutionWorker.java:56)
  at org.gradle.process.internal.worker.child.SystemApplicationClassLoaderWorker.call(SystemApplicationClassLoaderWorker.java:122)
  at org.gradle.process.internal.worker.child.SystemApplicationClassLoaderWorker.call(SystemApplicationClassLoaderWorker.java:72)
  at worker.org.gradle.process.internal.worker.GradleWorkerMain.run(GradleWorkerMain.java:69)
  at worker.org.gradle.process.internal.worker.GradleWorkerMain.main(GradleWorkerMain.java:74)
</stacktrace>
</test-failure>


TypeScriptCompilerTests_S[jvm] > shorthand-property-es6-es6_ts has expected errors matching shorthand-property-es6-es6_errors_txt[jvm] FAILED

<test-failure test="com.xemantic.typescript.compiler.TypeScriptCompilerTests_S.switchCaseCircularRefeference_ts has expected errors matching switchCaseCircularRefeference_errors_txt" platform="jvm">
<message>
Expected diagnostics from baseline typescript-repo/tests/baselines/reference/switchCaseCircularRefeference.errors.txt but none produced
</message>
<stacktrace>
  at com.xemantic.typescript.compiler.TypeScriptTestSupportKt.errorsMatchBaseline(TypeScriptTestSupport.kt:125)
  at com.xemantic.typescript.compiler.TypeScriptCompilerTests_S.switchCaseCircularRefeference_ts has expected errors matching switchCaseCircularRefeference_errors_txt(TypeScriptCompilerTests_S.kt:3990)
  at java.base/jdk.internal.reflect.DirectMethodHandleAccessor.invoke(DirectMethodHandleAccessor.java:104)
  at java.base/java.lang.reflect.Method.invoke(Method.java:565)
  at org.junit.runners.model.FrameworkMethod$1.runReflectiveCall(FrameworkMethod.java:59)
  at org.junit.internal.runners.model.ReflectiveCallable.run(ReflectiveCallable.java:12)
  at org.junit.runners.model.FrameworkMethod.invokeExplosively(FrameworkMethod.java:56)
  at org.junit.internal.runners.statements.InvokeMethod.evaluate(InvokeMethod.java:17)
  at org.junit.runners.ParentRunner$3.evaluate(ParentRunner.java:306)
  at org.junit.runners.BlockJUnit4ClassRunner$1.evaluate(BlockJUnit4ClassRunner.java:100)
  at org.junit.runners.ParentRunner.runLeaf(ParentRunner.java:366)
  at org.junit.runners.BlockJUnit4ClassRunner.runChild(BlockJUnit4ClassRunner.java:103)
  at org.junit.runners.BlockJUnit4ClassRunner.runChild(BlockJUnit4ClassRunner.java:63)
  at org.junit.runners.ParentRunner$4.run(ParentRunner.java:331)
  at org.junit.runners.ParentRunner$1.schedule(ParentRunner.java:79)
  at org.junit.runners.ParentRunner.runChildren(ParentRunner.java:329)
  at org.junit.runners.ParentRunner.access$100(ParentRunner.java:66)
  at org.junit.runners.ParentRunner$2.evaluate(ParentRunner.java:293)
  at org.junit.runners.ParentRunner$3.evaluate(ParentRunner.java:306)
  at org.junit.runners.ParentRunner.run(ParentRunner.java:413)
  at org.junit.runner.JUnitCore.run(JUnitCore.java:137)
  at org.junit.runner.JUnitCore.run(JUnitCore.java:115)
  at org.gradle.api.internal.tasks.testing.junit.JUnitTestExecutor.runRequest(JUnitTestExecutor.java:175)
  at org.gradle.api.internal.tasks.testing.junit.JUnitTestExecutor.accept(JUnitTestExecutor.java:84)
  at org.gradle.api.internal.tasks.testing.junit.JUnitTestExecutor.accept(JUnitTestExecutor.java:47)
  at org.gradle.api.internal.tasks.testing.junit.AbstractJUnitTestDefinitionProcessor.processTestDefinition(AbstractJUnitTestDefinitionProcessor.java:65)
  at org.gradle.api.internal.tasks.testing.SuiteTestDefinitionProcessor.processTestDefinition(SuiteTestDefinitionProcessor.java:54)
  at java.base/jdk.internal.reflect.DirectMethodHandleAccessor.invoke(DirectMethodHandleAccessor.java:104)
  at java.base/java.lang.reflect.Method.invoke(Method.java:565)
  at org.gradle.internal.dispatch.MethodInvocation.invokeOn(MethodInvocation.java:77)
  at org.gradle.internal.dispatch.ReflectionDispatch.dispatch(ReflectionDispatch.java:28)
  at org.gradle.internal.dispatch.ReflectionDispatch.dispatch(ReflectionDispatch.java:19)
  at org.gradle.internal.dispatch.ContextClassLoaderDispatch.dispatch(ContextClassLoaderDispatch.java:33)
  at org.gradle.internal.dispatch.ProxyDispatchAdapter$DispatchingInvocationHandler.invoke(ProxyDispatchAdapter.java:88)
  at jdk.proxy1/jdk.proxy1.$Proxy4.processTestDefinition(Unknown Source)
  at org.gradle.api.internal.tasks.testing.worker.TestWorker$2.run(TestWorker.java:178)
  at org.gradle.api.internal.tasks.testing.worker.TestWorker.executeAndMaintainThreadName(TestWorker.java:126)
  at org.gradle.api.internal.tasks.testing.worker.TestWorker.execute(TestWorker.java:103)
  at org.gradle.api.internal.tasks.testing.worker.TestWorker.execute(TestWorker.java:63)
  at org.gradle.process.internal.worker.child.ActionExecutionWorker.execute(ActionExecutionWorker.java:56)
  at org.gradle.process.internal.worker.child.SystemApplicationClassLoaderWorker.call(SystemApplicationClassLoaderWorker.java:122)
  at org.gradle.process.internal.worker.child.SystemApplicationClassLoaderWorker.call(SystemApplicationClassLoaderWorker.java:72)
  at worker.org.gradle.process.internal.worker.GradleWorkerMain.run(GradleWorkerMain.java:69)
  at worker.org.gradle.process.internal.worker.GradleWorkerMain.main(GradleWorkerMain.java:74)
</stacktrace>
</test-failure>


TypeScriptCompilerTests_S[jvm] > switchCaseCircularRefeference_ts has expected errors matching switchCaseCircularRefeference_errors_txt[jvm] FAILED

<test-failure test="com.xemantic.typescript.compiler.TypeScriptCompilerTests_S.switchStatementsWithMultipleDefaults_ts has expected errors matching switchStatementsWithMultipleDefaults_errors_txt" platform="jvm">
<message>
--- expected
+++ actual
@@ -1,7 +1,8 @@
-switchStatementsWithMultipleDefaults.ts(25,13): error TS1260: Keywords cannot contain escape characters.
+switchStatementsWithMultipleDefaults.ts(8,5): error TS1113: A 'default' clause cannot appear more than once in a 'switch' statement.
+switchStatementsWithMultipleDefaults.ts(20,13): error TS1113: A 'default' clause cannot appear more than once in a 'switch' statement.
 
 
-==== switchStatementsWithMultipleDefaults.ts (1 errors) ====
+==== switchStatementsWithMultipleDefaults.ts (2 errors) ====
     var x = 10;
     
     switch (x) {
@@ -10,6 +11,8 @@
         default:    // No issues.
             break;
         default:    // Error; second 'default' clause.
+        ~~~~~~~~
+!!! error TS1113: A 'default' clause cannot appear more than once in a 'switch' statement.
         default:    // Error; third 'default' clause.
         case 3:
             x *= x;
@@ -22,13 +25,13 @@
             switch (x * x) {
                 default:    // No issues.
                 default:    // Error; second 'default' clause.
+                ~~~~~~~~
+!!! error TS1113: A 'default' clause cannot appear more than once in a 'switch' statement.
                     break;
                 case 10000:
                     x /= x;
                 default:    // Error, third 'default' clause
                 def\u0061ult: // Error, fourth 'default' clause.
-                ~~~~~~~~~~~~
-!!! error TS1260: Keywords cannot contain escape characters.
                 // Errors on fifth-seventh
                 default: return;
                 default: default:

</message>
<stacktrace>
  at org.junit.Assert.fail(Assert.java:89)
  at kotlin.test.junit.JUnitAsserter.fail(JUnitSupport.kt:56)
  at kotlin.test.AssertionsKt__AssertionsKt.fail(Assertions.kt:563)
  at kotlin.test.AssertionsKt.fail(Unknown Source)
  at com.xemantic.kotlin.test.SameAsKt.sameAs(SameAs.kt:52)
  at com.xemantic.typescript.compiler.TypeScriptTestSupportKt.errorsMatchBaseline(TypeScriptTestSupport.kt:135)
  at com.xemantic.typescript.compiler.TypeScriptCompilerTests_S.switchStatementsWithMultipleDefaults_ts has expected errors matching switchStatementsWithMultipleDefaults_errors_txt(TypeScriptCompilerTests_S.kt:4067)
  at java.base/jdk.internal.reflect.DirectMethodHandleAccessor.invoke(DirectMethodHandleAccessor.java:104)
  at java.base/java.lang.reflect.Method.invoke(Method.java:565)
  at org.junit.runners.model.FrameworkMethod$1.runReflectiveCall(FrameworkMethod.java:59)
  at org.junit.internal.runners.model.ReflectiveCallable.run(ReflectiveCallable.java:12)
  at org.junit.runners.model.FrameworkMethod.invokeExplosively(FrameworkMethod.java:56)
  at org.junit.internal.runners.statements.InvokeMethod.evaluate(InvokeMethod.java:17)
  at org.junit.runners.ParentRunner$3.evaluate(ParentRunner.java:306)
  at org.junit.runners.BlockJUnit4ClassRunner$1.evaluate(BlockJUnit4ClassRunner.java:100)
  at org.junit.runners.ParentRunner.runLeaf(ParentRunner.java:366)
  at org.junit.runners.BlockJUnit4ClassRunner.runChild(BlockJUnit4ClassRunner.java:103)
  at org.junit.runners.BlockJUnit4ClassRunner.runChild(BlockJUnit4ClassRunner.java:63)
  at org.junit.runners.ParentRunner$4.run(ParentRunner.java:331)
  at org.junit.runners.ParentRunner$1.schedule(ParentRunner.java:79)
  at org.junit.runners.ParentRunner.runChildren(ParentRunner.java:329)
  at org.junit.runners.ParentRunner.access$100(ParentRunner.java:66)
  at org.junit.runners.ParentRunner$2.evaluate(ParentRunner.java:293)
  at org.junit.runners.ParentRunner$3.evaluate(ParentRunner.java:306)
  at org.junit.runners.ParentRunner.run(ParentRunner.java:413)
  at org.junit.runner.JUnitCore.run(JUnitCore.java:137)
  at org.junit.runner.JUnitCore.run(JUnitCore.java:115)
  at org.gradle.api.internal.tasks.testing.junit.JUnitTestExecutor.runRequest(JUnitTestExecutor.java:175)
  at org.gradle.api.internal.tasks.testing.junit.JUnitTestExecutor.accept(JUnitTestExecutor.java:84)
  at org.gradle.api.internal.tasks.testing.junit.JUnitTestExecutor.accept(JUnitTestExecutor.java:47)
  at org.gradle.api.internal.tasks.testing.junit.AbstractJUnitTestDefinitionProcessor.processTestDefinition(AbstractJUnitTestDefinitionProcessor.java:65)
  at org.gradle.api.internal.tasks.testing.SuiteTestDefinitionProcessor.processTestDefinition(SuiteTestDefinitionProcessor.java:54)
  at java.base/jdk.internal.reflect.DirectMethodHandleAccessor.invoke(DirectMethodHandleAccessor.java:104)
  at java.base/java.lang.reflect.Method.invoke(Method.java:565)
  at org.gradle.internal.dispatch.MethodInvocation.invokeOn(MethodInvocation.java:77)
  at org.gradle.internal.dispatch.ReflectionDispatch.dispatch(ReflectionDispatch.java:28)
  at org.gradle.internal.dispatch.ReflectionDispatch.dispatch(ReflectionDispatch.java:19)
  at org.gradle.internal.dispatch.ContextClassLoaderDispatch.dispatch(ContextClassLoaderDispatch.java:33)
  at org.gradle.internal.dispatch.ProxyDispatchAdapter$DispatchingInvocationHandler.invoke(ProxyDispatchAdapter.java:88)
  at jdk.proxy1/jdk.proxy1.$Proxy4.processTestDefinition(Unknown Source)
  at org.gradle.api.internal.tasks.testing.worker.TestWorker$2.run(TestWorker.java:178)
  at org.gradle.api.internal.tasks.testing.worker.TestWorker.executeAndMaintainThreadName(TestWorker.java:126)
  at org.gradle.api.internal.tasks.testing.worker.TestWorker.execute(TestWorker.java:103)
  at org.gradle.api.internal.tasks.testing.worker.TestWorker.execute(TestWorker.java:63)
  at org.gradle.process.internal.worker.child.ActionExecutionWorker.execute(ActionExecutionWorker.java:56)
  at org.gradle.process.internal.worker.child.SystemApplicationClassLoaderWorker.call(SystemApplicationClassLoaderWorker.java:122)
  at org.gradle.process.internal.worker.child.SystemApplicationClassLoaderWorker.call(SystemApplicationClassLoaderWorker.java:72)
  at worker.org.gradle.process.internal.worker.GradleWorkerMain.run(GradleWorkerMain.java:69)
  at worker.org.gradle.process.internal.worker.GradleWorkerMain.main(GradleWorkerMain.java:74)
</stacktrace>
</test-failure>


TypeScriptCompilerTests_S[jvm] > switchStatementsWithMultipleDefaults_ts has expected errors matching switchStatementsWithMultipleDefaults_errors_txt[jvm] FAILED

<test-failure test="com.xemantic.typescript.compiler.TypeScriptCompilerTests_S.stringLiteralsErrors_ts has expected errors matching stringLiteralsErrors_errors_txt" platform="jvm">
<message>
Expected diagnostics from baseline typescript-repo/tests/baselines/reference/stringLiteralsErrors.errors.txt but none produced
</message>
<stacktrace>
  at com.xemantic.typescript.compiler.TypeScriptTestSupportKt.errorsMatchBaseline(TypeScriptTestSupport.kt:125)
  at com.xemantic.typescript.compiler.TypeScriptCompilerTests_S.stringLiteralsErrors_ts has expected errors matching stringLiteralsErrors_errors_txt(TypeScriptCompilerTests_S.kt:3129)
  at java.base/jdk.internal.reflect.DirectMethodHandleAccessor.invoke(DirectMethodHandleAccessor.java:104)
  at java.base/java.lang.reflect.Method.invoke(Method.java:565)
  at org.junit.runners.model.FrameworkMethod$1.runReflectiveCall(FrameworkMethod.java:59)
  at org.junit.internal.runners.model.ReflectiveCallable.run(ReflectiveCallable.java:12)
  at org.junit.runners.model.FrameworkMethod.invokeExplosively(FrameworkMethod.java:56)
  at org.junit.internal.runners.statements.InvokeMethod.evaluate(InvokeMethod.java:17)
  at org.junit.runners.ParentRunner$3.evaluate(ParentRunner.java:306)
  at org.junit.runners.BlockJUnit4ClassRunner$1.evaluate(BlockJUnit4ClassRunner.java:100)
  at org.junit.runners.ParentRunner.runLeaf(ParentRunner.java:366)
  at org.junit.runners.BlockJUnit4ClassRunner.runChild(BlockJUnit4ClassRunner.java:103)
  at org.junit.runners.BlockJUnit4ClassRunner.runChild(BlockJUnit4ClassRunner.java:63)
  at org.junit.runners.ParentRunner$4.run(ParentRunner.java:331)
  at org.junit.runners.ParentRunner$1.schedule(ParentRunner.java:79)
  at org.junit.runners.ParentRunner.runChildren(ParentRunner.java:329)
  at org.junit.runners.ParentRunner.access$100(ParentRunner.java:66)
  at org.junit.runners.ParentRunner$2.evaluate(ParentRunner.java:293)
  at org.junit.runners.ParentRunner$3.evaluate(ParentRunner.java:306)
  at org.junit.runners.ParentRunner.run(ParentRunner.java:413)
  at org.junit.runner.JUnitCore.run(JUnitCore.java:137)
  at org.junit.runner.JUnitCore.run(JUnitCore.java:115)
  at org.gradle.api.internal.tasks.testing.junit.JUnitTestExecutor.runRequest(JUnitTestExecutor.java:175)
  at org.gradle.api.internal.tasks.testing.junit.JUnitTestExecutor.accept(JUnitTestExecutor.java:84)
  at org.gradle.api.internal.tasks.testing.junit.JUnitTestExecutor.accept(JUnitTestExecutor.java:47)
  at org.gradle.api.internal.tasks.testing.junit.AbstractJUnitTestDefinitionProcessor.processTestDefinition(AbstractJUnitTestDefinitionProcessor.java:65)
  at org.gradle.api.internal.tasks.testing.SuiteTestDefinitionProcessor.processTestDefinition(SuiteTestDefinitionProcessor.java:54)
  at java.base/jdk.internal.reflect.DirectMethodHandleAccessor.invoke(DirectMethodHandleAccessor.java:104)
  at java.base/java.lang.reflect.Method.invoke(Method.java:565)
  at org.gradle.internal.dispatch.MethodInvocation.invokeOn(MethodInvocation.java:77)
  at org.gradle.internal.dispatch.ReflectionDispatch.dispatch(ReflectionDispatch.java:28)
  at org.gradle.internal.dispatch.ReflectionDispatch.dispatch(ReflectionDispatch.java:19)
  at org.gradle.internal.dispatch.ContextClassLoaderDispatch.dispatch(ContextClassLoaderDispatch.java:33)
  at org.gradle.internal.dispatch.ProxyDispatchAdapter$DispatchingInvocationHandler.invoke(ProxyDispatchAdapter.java:88)
  at jdk.proxy1/jdk.proxy1.$Proxy4.processTestDefinition(Unknown Source)
  at org.gradle.api.internal.tasks.testing.worker.TestWorker$2.run(TestWorker.java:178)
  at org.gradle.api.internal.tasks.testing.worker.TestWorker.executeAndMaintainThreadName(TestWorker.java:126)
  at org.gradle.api.internal.tasks.testing.worker.TestWorker.execute(TestWorker.java:103)
  at org.gradle.api.internal.tasks.testing.worker.TestWorker.execute(TestWorker.java:63)
  at org.gradle.process.internal.worker.child.ActionExecutionWorker.execute(ActionExecutionWorker.java:56)
  at org.gradle.process.internal.worker.child.SystemApplicationClassLoaderWorker.call(SystemApplicationClassLoaderWorker.java:122)
  at org.gradle.process.internal.worker.child.SystemApplicationClassLoaderWorker.call(SystemApplicationClassLoaderWorker.java:72)
  at worker.org.gradle.process.internal.worker.GradleWorkerMain.run(GradleWorkerMain.java:69)
  at worker.org.gradle.process.internal.worker.GradleWorkerMain.main(GradleWorkerMain.java:74)
</stacktrace>
</test-failure>


TypeScriptCompilerTests_S[jvm] > stringLiteralsErrors_ts has expected errors matching stringLiteralsErrors_errors_txt[jvm] FAILED

<test-failure test="com.xemantic.typescript.compiler.TypeScriptCompilerTests_S.signatureLengthMismatchWithOptionalParameters_ts has expected errors matching signatureLengthMismatchWithOptionalParameters_errors_txt" platform="jvm">
<message>
Expected diagnostics from baseline typescript-repo/tests/baselines/reference/signatureLengthMismatchWithOptionalParameters.errors.txt but none produced
</message>
<stacktrace>
  at com.xemantic.typescript.compiler.TypeScriptTestSupportKt.errorsMatchBaseline(TypeScriptTestSupport.kt:125)
  at com.xemantic.typescript.compiler.TypeScriptCompilerTests_S.signatureLengthMismatchWithOptionalParameters_ts has expected errors matching signatureLengthMismatchWithOptionalParameters_errors_txt(TypeScriptCompilerTests_S.kt:798)
  at java.base/jdk.internal.reflect.DirectMethodHandleAccessor.invoke(DirectMethodHandleAccessor.java:104)
  at java.base/java.lang.reflect.Method.invoke(Method.java:565)
  at org.junit.runners.model.FrameworkMethod$1.runReflectiveCall(FrameworkMethod.java:59)
  at org.junit.internal.runners.model.ReflectiveCallable.run(ReflectiveCallable.java:12)
  at org.junit.runners.model.FrameworkMethod.invokeExplosively(FrameworkMethod.java:56)
  at org.junit.internal.runners.statements.InvokeMethod.evaluate(InvokeMethod.java:17)
  at org.junit.runners.ParentRunner$3.evaluate(ParentRunner.java:306)
  at org.junit.runners.BlockJUnit4ClassRunner$1.evaluate(BlockJUnit4ClassRunner.java:100)
  at org.junit.runners.ParentRunner.runLeaf(ParentRunner.java:366)
  at org.junit.runners.BlockJUnit4ClassRunner.runChild(BlockJUnit4ClassRunner.java:103)
  at org.junit.runners.BlockJUnit4ClassRunner.runChild(BlockJUnit4ClassRunner.java:63)
  at org.junit.runners.ParentRunner$4.run(ParentRunner.java:331)
  at org.junit.runners.ParentRunner$1.schedule(ParentRunner.java:79)
  at org.junit.runners.ParentRunner.runChildren(ParentRunner.java:329)
  at org.junit.runners.ParentRunner.access$100(ParentRunner.java:66)
  at org.junit.runners.ParentRunner$2.evaluate(ParentRunner.java:293)
  at org.junit.runners.ParentRunner$3.evaluate(ParentRunner.java:306)
  at org.junit.runners.ParentRunner.run(ParentRunner.java:413)
  at org.junit.runner.JUnitCore.run(JUnitCore.java:137)
  at org.junit.runner.JUnitCore.run(JUnitCore.java:115)
  at org.gradle.api.internal.tasks.testing.junit.JUnitTestExecutor.runRequest(JUnitTestExecutor.java:175)
  at org.gradle.api.internal.tasks.testing.junit.JUnitTestExecutor.accept(JUnitTestExecutor.java:84)
  at org.gradle.api.internal.tasks.testing.junit.JUnitTestExecutor.accept(JUnitTestExecutor.java:47)
  at org.gradle.api.internal.tasks.testing.junit.AbstractJUnitTestDefinitionProcessor.processTestDefinition(AbstractJUnitTestDefinitionProcessor.java:65)
  at org.gradle.api.internal.tasks.testing.SuiteTestDefinitionProcessor.processTestDefinition(SuiteTestDefinitionProcessor.java:54)
  at java.base/jdk.internal.reflect.DirectMethodHandleAccessor.invoke(DirectMethodHandleAccessor.java:104)
  at java.base/java.lang.reflect.Method.invoke(Method.java:565)
  at org.gradle.internal.dispatch.MethodInvocation.invokeOn(MethodInvocation.java:77)
  at org.gradle.internal.dispatch.ReflectionDispatch.dispatch(ReflectionDispatch.java:28)
  at org.gradle.internal.dispatch.ReflectionDispatch.dispatch(ReflectionDispatch.java:19)
  at org.gradle.internal.dispatch.ContextClassLoaderDispatch.dispatch(ContextClassLoaderDispatch.java:33)
  at org.gradle.internal.dispatch.ProxyDispatchAdapter$DispatchingInvocationHandler.invoke(ProxyDispatchAdapter.java:88)
  at jdk.proxy1/jdk.proxy1.$Proxy4.processTestDefinition(Unknown Source)
  at org.gradle.api.internal.tasks.testing.worker.TestWorker$2.run(TestWorker.java:178)
  at org.gradle.api.internal.tasks.testing.worker.TestWorker.executeAndMaintainThreadName(TestWorker.java:126)
  at org.gradle.api.internal.tasks.testing.worker.TestWorker.execute(TestWorker.java:103)
  at org.gradle.api.internal.tasks.testing.worker.TestWorker.execute(TestWorker.java:63)
  at org.gradle.process.internal.worker.child.ActionExecutionWorker.execute(ActionExecutionWorker.java:56)
  at org.gradle.process.internal.worker.child.SystemApplicationClassLoaderWorker.call(SystemApplicationClassLoaderWorker.java:122)
  at org.gradle.process.internal.worker.child.SystemApplicationClassLoaderWorker.call(SystemApplicationClassLoaderWorker.java:72)
  at worker.org.gradle.process.internal.worker.GradleWorkerMain.run(GradleWorkerMain.java:69)
  at worker.org.gradle.process.internal.worker.GradleWorkerMain.main(GradleWorkerMain.java:74)
</stacktrace>
</test-failure>


TypeScriptCompilerTests_S[jvm] > signatureLengthMismatchWithOptionalParameters_ts has expected errors matching signatureLengthMismatchWithOptionalParameters_errors_txt[jvm] FAILED

<test-failure test="com.xemantic.typescript.compiler.TypeScriptCompilerTests_S.subclassThisTypeAssignable01_ts has expected errors matching subclassThisTypeAssignable01_errors_txt" platform="jvm">
<message>
--- expected
+++ actual
@@ -1,39 +1,19 @@
-file1.js(2,7): error TS2322: Type 'C' is not assignable to type 'ClassComponent<any>'.
+tile1.ts(20,7): error TS2420: Class 'C' incorrectly implements interface 'ClassComponent'.
   Index signature for type 'number' is missing in type 'C'.
-tile1.ts(2,30): error TS2344: Type 'State' does not satisfy the constraint 'Lifecycle<Attrs, State>'.
-tile1.ts(6,81): error TS2744: Type parameter defaults can only reference previously declared type parameters.
-tile1.ts(11,40): error TS2344: Type 'State' does not satisfy the constraint 'Lifecycle<Attrs, State>'.
-tile1.ts(21,2): error TS2416: Property 'view' in type 'C' is not assignable to the same property in base type 'ClassComponent<MyAttrs>'.
-  Type '(v: Vnode<MyAttrs, Lifecycle<MyAttrs, any>>) => number' is not assignable to type '(vnode: Vnode<MyAttrs, this>) => number'.
-    Types of parameters 'v' and 'vnode' are incompatible.
-      Type 'Vnode<MyAttrs, this>' is not assignable to type 'Vnode<MyAttrs, Lifecycle<MyAttrs, any>>'.
-        Type 'this' is not assignable to type 'Lifecycle<MyAttrs, any>'.
-          Type 'C' is not assignable to type 'Lifecycle<MyAttrs, any>'.
-            Index signature for type 'number' is missing in type 'C'.
-tile1.ts(24,7): error TS2322: Type 'C' is not assignable to type 'ClassComponent<any>'.
-  Index signature for type 'number' is missing in type 'C'.
 
 
-==== tile1.ts (5 errors) ====
+==== tile1.ts (1 errors) ====
     interface Lifecycle<Attrs, State> {
     	oninit?(vnode: Vnode<Attrs, State>): number;
-    	                            ~~~~~
-!!! error TS2344: Type 'State' does not satisfy the constraint 'Lifecycle<Attrs, State>'.
-!!! related TS2208 tile1.ts:1:28: This type parameter might need an `extends Lifecycle<Attrs, State>` constraint.
     	[_: number]: any;
     }
     
     interface Vnode<Attrs, State extends Lifecycle<Attrs, State> = Lifecycle<Attrs, State>> {
-                                                                                    ~~~~~
-!!! error TS2744: Type parameter defaults can only reference previously declared type parameters.
     	tag: Component<Attrs, State>;
     }
     
     interface Component<Attrs, State> {
     	view(this: State, vnode: Vnode<Attrs, State>): number;
-    	                                      ~~~~~
-!!! error TS2344: Type 'State' does not satisfy the constraint 'Lifecycle<Attrs, State>'.
-!!! related TS2208 tile1.ts:10:28: This type parameter might need an `extends Lifecycle<Attrs, State>` constraint.
     }
     
     interface ClassComponent<A> extends Lifecycle<A, ClassComponent<A>> {
@@ -43,24 +23,13 @@
     
     interface MyAttrs { id: number }
     class C implements ClassComponent<MyAttrs> {
+          ~
+!!! error TS2420: Class 'C' incorrectly implements interface 'ClassComponent'.
+!!! error TS2420:   Index signature for type 'number' is missing in type 'C'.
     	view(v: Vnode<MyAttrs>) { return 0; }
-    	~~~~
-!!! error TS2416: Property 'view' in type 'C' is not assignable to the same property in base type 'ClassComponent<MyAttrs>'.
-!!! error TS2416:   Type '(v: Vnode<MyAttrs, Lifecycle<MyAttrs, any>>) => number' is not assignable to type '(vnode: Vnode<MyAttrs, this>) => number'.
-!!! error TS2416:     Types of parameters 'v' and 'vnode' are incompatible.
-!!! error TS2416:       Type 'Vnode<MyAttrs, this>' is not assignable to type 'Vnode<MyAttrs, Lifecycle<MyAttrs, any>>'.
-!!! error TS2416:         Type 'this' is not assignable to type 'Lifecycle<MyAttrs, any>'.
-!!! error TS2416:           Type 'C' is not assignable to type 'Lifecycle<MyAttrs, any>'.
-!!! error TS2416:             Index signature for type 'number' is missing in type 'C'.
     }
     
     const test8: ClassComponent<any> = new C();
-          ~~~~~
-!!! error TS2322: Type 'C' is not assignable to type 'ClassComponent<any>'.
-!!! error TS2322:   Index signature for type 'number' is missing in type 'C'.
-==== file1.js (1 errors) ====
+==== file1.js (0 errors) ====
     /** @type {ClassComponent<any>} */
     const test9 = new C();
-          ~~~~~
-!!! error TS2322: Type 'C' is not assignable to type 'ClassComponent<any>'.
-!!! error TS2322:   Index signature for type 'number' is missing in type 'C'.

</message>
<stacktrace>
  at org.junit.Assert.fail(Assert.java:89)
  at kotlin.test.junit.JUnitAsserter.fail(JUnitSupport.kt:56)
  at kotlin.test.AssertionsKt__AssertionsKt.fail(Assertions.kt:563)
  at kotlin.test.AssertionsKt.fail(Unknown Source)
  at com.xemantic.kotlin.test.SameAsKt.sameAs(SameAs.kt:52)
  at com.xemantic.typescript.compiler.TypeScriptTestSupportKt.errorsMatchBaseline(TypeScriptTestSupport.kt:135)
  at com.xemantic.typescript.compiler.TypeScriptCompilerTests_S.subclassThisTypeAssignable01_ts has expected errors matching subclassThisTypeAssignable01_errors_txt(TypeScriptCompilerTests_S.kt:3234)
  at java.base/jdk.internal.reflect.DirectMethodHandleAccessor.invoke(DirectMethodHandleAccessor.java:104)
  at java.base/java.lang.reflect.Method.invoke(Method.java:565)
  at org.junit.runners.model.FrameworkMethod$1.runReflectiveCall(FrameworkMethod.java:59)
  at org.junit.internal.runners.model.ReflectiveCallable.run(ReflectiveCallable.java:12)
  at org.junit.runners.model.FrameworkMethod.invokeExplosively(FrameworkMethod.java:56)
  at org.junit.internal.runners.statements.InvokeMethod.evaluate(InvokeMethod.java:17)
  at org.junit.runners.ParentRunner$3.evaluate(ParentRunner.java:306)
  at org.junit.runners.BlockJUnit4ClassRunner$1.evaluate(BlockJUnit4ClassRunner.java:100)
  at org.junit.runners.ParentRunner.runLeaf(ParentRunner.java:366)
  at org.junit.runners.BlockJUnit4ClassRunner.runChild(BlockJUnit4ClassRunner.java:103)
  at org.junit.runners.BlockJUnit4ClassRunner.runChild(BlockJUnit4ClassRunner.java:63)
  at org.junit.runners.ParentRunner$4.run(ParentRunner.java:331)
  at org.junit.runners.ParentRunner$1.schedule(ParentRunner.java:79)
  at org.junit.runners.ParentRunner.runChildren(ParentRunner.java:329)
  at org.junit.runners.ParentRunner.access$100(ParentRunner.java:66)
  at org.junit.runners.ParentRunner$2.evaluate(ParentRunner.java:293)
  at org.junit.runners.ParentRunner$3.evaluate(ParentRunner.java:306)
  at org.junit.runners.ParentRunner.run(ParentRunner.java:413)
  at org.junit.runner.JUnitCore.run(JUnitCore.java:137)
  at org.junit.runner.JUnitCore.run(JUnitCore.java:115)
  at org.gradle.api.internal.tasks.testing.junit.JUnitTestExecutor.runRequest(JUnitTestExecutor.java:175)
  at org.gradle.api.internal.tasks.testing.junit.JUnitTestExecutor.accept(JUnitTestExecutor.java:84)
  at org.gradle.api.internal.tasks.testing.junit.JUnitTestExecutor.accept(JUnitTestExecutor.java:47)
  at org.gradle.api.internal.tasks.testing.junit.AbstractJUnitTestDefinitionProcessor.processTestDefinition(AbstractJUnitTestDefinitionProcessor.java:65)
  at org.gradle.api.internal.tasks.testing.SuiteTestDefinitionProcessor.processTestDefinition(SuiteTestDefinitionProcessor.java:54)
  at java.base/jdk.internal.reflect.DirectMethodHandleAccessor.invoke(DirectMethodHandleAccessor.java:104)
  at java.base/java.lang.reflect.Method.invoke(Method.java:565)
  at org.gradle.internal.dispatch.MethodInvocation.invokeOn(MethodInvocation.java:77)
  at org.gradle.internal.dispatch.ReflectionDispatch.dispatch(ReflectionDispatch.java:28)
  at org.gradle.internal.dispatch.ReflectionDispatch.dispatch(ReflectionDispatch.java:19)
  at org.gradle.internal.dispatch.ContextClassLoaderDispatch.dispatch(ContextClassLoaderDispatch.java:33)
  at org.gradle.internal.dispatch.ProxyDispatchAdapter$DispatchingInvocationHandler.invoke(ProxyDispatchAdapter.java:88)
  at jdk.proxy1/jdk.proxy1.$Proxy4.processTestDefinition(Unknown Source)
  at org.gradle.api.internal.tasks.testing.worker.TestWorker$2.run(TestWorker.java:178)
  at org.gradle.api.internal.tasks.testing.worker.TestWorker.executeAndMaintainThreadName(TestWorker.java:126)
  at org.gradle.api.internal.tasks.testing.worker.TestWorker.execute(TestWorker.java:103)
  at org.gradle.api.internal.tasks.testing.worker.TestWorker.execute(TestWorker.java:63)
  at org.gradle.process.internal.worker.child.ActionExecutionWorker.execute(ActionExecutionWorker.java:56)
  at org.gradle.process.internal.worker.child.SystemApplicationClassLoaderWorker.call(SystemApplicationClassLoaderWorker.java:122)
  at org.gradle.process.internal.worker.child.SystemApplicationClassLoaderWorker.call(SystemApplicationClassLoaderWorker.java:72)
  at worker.org.gradle.process.internal.worker.GradleWorkerMain.run(GradleWorkerMain.java:69)
  at worker.org.gradle.process.internal.worker.GradleWorkerMain.main(GradleWorkerMain.java:74)
</stacktrace>
</test-failure>


TypeScriptCompilerTests_S[jvm] > subclassThisTypeAssignable01_ts has expected errors matching subclassThisTypeAssignable01_errors_txt[jvm] FAILED

<test-failure test="com.xemantic.typescript.compiler.TypeScriptCompilerTests_S.staticMethodReferencingTypeArgument1_ts has expected errors matching staticMethodReferencingTypeArgument1_errors_txt" platform="jvm">
<message>
--- expected
+++ actual
@@ -1,11 +1,8 @@
 staticMethodReferencingTypeArgument1.ts(3,9): error TS2564: Property 'next' has no initializer and is not definitely assigned in the constructor.
 staticMethodReferencingTypeArgument1.ts(4,9): error TS2564: Property 'prev' has no initializer and is not definitely assigned in the constructor.
-staticMethodReferencingTypeArgument1.ts(9,33): error TS2302: Static members cannot reference class type parameters.
-staticMethodReferencingTypeArgument1.ts(10,29): error TS2302: Static members cannot reference class type parameters.
-staticMethodReferencingTypeArgument1.ts(10,43): error TS2302: Static members cannot reference class type parameters.
 
 
-==== staticMethodReferencingTypeArgument1.ts (5 errors) ====
+==== staticMethodReferencingTypeArgument1.ts (2 errors) ====
     namespace Editor {
         export class List<T> {
             next: List<T>;
@@ -19,13 +16,7 @@
             }
     
             static MakeHead(): List<T> {
-                                    ~
-!!! error TS2302: Static members cannot reference class type parameters.
                 var entry: List<T> = new List<T>(true, null); // can't access T here
-                                ~
-!!! error TS2302: Static members cannot reference class type parameters.
-                                              ~
-!!! error TS2302: Static members cannot reference class type parameters.
                 entry.prev = entry;
                 entry.next = entry;
                 return entry;

</message>
<stacktrace>
  at org.junit.Assert.fail(Assert.java:89)
  at kotlin.test.junit.JUnitAsserter.fail(JUnitSupport.kt:56)
  at kotlin.test.AssertionsKt__AssertionsKt.fail(Assertions.kt:563)
  at kotlin.test.AssertionsKt.fail(Unknown Source)
  at com.xemantic.kotlin.test.SameAsKt.sameAs(SameAs.kt:52)
  at com.xemantic.typescript.compiler.TypeScriptTestSupportKt.errorsMatchBaseline(TypeScriptTestSupport.kt:135)
  at com.xemantic.typescript.compiler.TypeScriptCompilerTests_S.staticMethodReferencingTypeArgument1_ts has expected errors matching staticMethodReferencingTypeArgument1_errors_txt(TypeScriptCompilerTests_S.kt:2555)
  at java.base/jdk.internal.reflect.DirectMethodHandleAccessor.invoke(DirectMethodHandleAccessor.java:104)
  at java.base/java.lang.reflect.Method.invoke(Method.java:565)
  at org.junit.runners.model.FrameworkMethod$1.runReflectiveCall(FrameworkMethod.java:59)
  at org.junit.internal.runners.model.ReflectiveCallable.run(ReflectiveCallable.java:12)
  at org.junit.runners.model.FrameworkMethod.invokeExplosively(FrameworkMethod.java:56)
  at org.junit.internal.runners.statements.InvokeMethod.evaluate(InvokeMethod.java:17)
  at org.junit.runners.ParentRunner$3.evaluate(ParentRunner.java:306)
  at org.junit.runners.BlockJUnit4ClassRunner$1.evaluate(BlockJUnit4ClassRunner.java:100)
  at org.junit.runners.ParentRunner.runLeaf(ParentRunner.java:366)
  at org.junit.runners.BlockJUnit4ClassRunner.runChild(BlockJUnit4ClassRunner.java:103)
  at org.junit.runners.BlockJUnit4ClassRunner.runChild(BlockJUnit4ClassRunner.java:63)
  at org.junit.runners.ParentRunner$4.run(ParentRunner.java:331)
  at org.junit.runners.ParentRunner$1.schedule(ParentRunner.java:79)
  at org.junit.runners.ParentRunner.runChildren(ParentRunner.java:329)
  at org.junit.runners.ParentRunner.access$100(ParentRunner.java:66)
  at org.junit.runners.ParentRunner$2.evaluate(ParentRunner.java:293)
  at org.junit.runners.ParentRunner$3.evaluate(ParentRunner.java:306)
  at org.junit.runners.ParentRunner.run(ParentRunner.java:413)
  at org.junit.runner.JUnitCore.run(JUnitCore.java:137)
  at org.junit.runner.JUnitCore.run(JUnitCore.java:115)
  at org.gradle.api.internal.tasks.testing.junit.JUnitTestExecutor.runRequest(JUnitTestExecutor.java:175)
  at org.gradle.api.internal.tasks.testing.junit.JUnitTestExecutor.accept(JUnitTestExecutor.java:84)
  at org.gradle.api.internal.tasks.testing.junit.JUnitTestExecutor.accept(JUnitTestExecutor.java:47)
  at org.gradle.api.internal.tasks.testing.junit.AbstractJUnitTestDefinitionProcessor.processTestDefinition(AbstractJUnitTestDefinitionProcessor.java:65)
  at org.gradle.api.internal.tasks.testing.SuiteTestDefinitionProcessor.processTestDefinition(SuiteTestDefinitionProcessor.java:54)
  at java.base/jdk.internal.reflect.DirectMethodHandleAccessor.invoke(DirectMethodHandleAccessor.java:104)
  at java.base/java.lang.reflect.Method.invoke(Method.java:565)
  at org.gradle.internal.dispatch.MethodInvocation.invokeOn(MethodInvocation.java:77)
  at org.gradle.internal.dispatch.ReflectionDispatch.dispatch(ReflectionDispatch.java:28)
  at org.gradle.internal.dispatch.ReflectionDispatch.dispatch(ReflectionDispatch.java:19)
  at org.gradle.internal.dispatch.ContextClassLoaderDispatch.dispatch(ContextClassLoaderDispatch.java:33)
  at org.gradle.internal.dispatch.ProxyDispatchAdapter$DispatchingInvocationHandler.invoke(ProxyDispatchAdapter.java:88)
  at jdk.proxy1/jdk.proxy1.$Proxy4.processTestDefinition(Unknown Source)
  at org.gradle.api.internal.tasks.testing.worker.TestWorker$2.run(TestWorker.java:178)
  at org.gradle.api.internal.tasks.testing.worker.TestWorker.executeAndMaintainThreadName(TestWorker.java:126)
  at org.gradle.api.internal.tasks.testing.worker.TestWorker.execute(TestWorker.java:103)
  at org.gradle.api.internal.tasks.testing.worker.TestWorker.execute(TestWorker.java:63)
  at org.gradle.process.internal.worker.child.ActionExecutionWorker.execute(ActionExecutionWorker.java:56)
  at org.gradle.process.internal.worker.child.SystemApplicationClassLoaderWorker.call(SystemApplicationClassLoaderWorker.java:122)
  at org.gradle.process.internal.worker.child.SystemApplicationClassLoaderWorker.call(SystemApplicationClassLoaderWorker.java:72)
  at worker.org.gradle.process.internal.worker.GradleWorkerMain.run(GradleWorkerMain.java:69)
  at worker.org.gradle.process.internal.worker.GradleWorkerMain.main(GradleWorkerMain.java:74)
</stacktrace>
</test-failure>


TypeScriptCompilerTests_S[jvm] > staticMethodReferencingTypeArgument1_ts has expected errors matching staticMethodReferencingTypeArgument1_errors_txt[jvm] FAILED

<test-failure test="com.xemantic.typescript.compiler.TypeScriptCompilerTests_S.spellingSuggestionGlobal2_ts has expected errors matching spellingSuggestionGlobal2_errors_txt" platform="jvm">
<message>
Expected diagnostics from baseline typescript-repo/tests/baselines/reference/spellingSuggestionGlobal2.errors.txt but none produced
</message>
<stacktrace>
  at com.xemantic.typescript.compiler.TypeScriptTestSupportKt.errorsMatchBaseline(TypeScriptTestSupport.kt:125)
  at com.xemantic.typescript.compiler.TypeScriptCompilerTests_S.spellingSuggestionGlobal2_ts has expected errors matching spellingSuggestionGlobal2_errors_txt(TypeScriptCompilerTests_S.kt:2072)
  at java.base/jdk.internal.reflect.DirectMethodHandleAccessor.invoke(DirectMethodHandleAccessor.java:104)
  at java.base/java.lang.reflect.Method.invoke(Method.java:565)
  at org.junit.runners.model.FrameworkMethod$1.runReflectiveCall(FrameworkMethod.java:59)
  at org.junit.internal.runners.model.ReflectiveCallable.run(ReflectiveCallable.java:12)
  at org.junit.runners.model.FrameworkMethod.invokeExplosively(FrameworkMethod.java:56)
  at org.junit.internal.runners.statements.InvokeMethod.evaluate(InvokeMethod.java:17)
  at org.junit.runners.ParentRunner$3.evaluate(ParentRunner.java:306)
  at org.junit.runners.BlockJUnit4ClassRunner$1.evaluate(BlockJUnit4ClassRunner.java:100)
  at org.junit.runners.ParentRunner.runLeaf(ParentRunner.java:366)
  at org.junit.runners.BlockJUnit4ClassRunner.runChild(BlockJUnit4ClassRunner.java:103)
  at org.junit.runners.BlockJUnit4ClassRunner.runChild(BlockJUnit4ClassRunner.java:63)
  at org.junit.runners.ParentRunner$4.run(ParentRunner.java:331)
  at org.junit.runners.ParentRunner$1.schedule(ParentRunner.java:79)
  at org.junit.runners.ParentRunner.runChildren(ParentRunner.java:329)
  at org.junit.runners.ParentRunner.access$100(ParentRunner.java:66)
  at org.junit.runners.ParentRunner$2.evaluate(ParentRunner.java:293)
  at org.junit.runners.ParentRunner$3.evaluate(ParentRunner.java:306)
  at org.junit.runners.ParentRunner.run(ParentRunner.java:413)
  at org.junit.runner.JUnitCore.run(JUnitCore.java:137)
  at org.junit.runner.JUnitCore.run(JUnitCore.java:115)
  at org.gradle.api.internal.tasks.testing.junit.JUnitTestExecutor.runRequest(JUnitTestExecutor.java:175)
  at org.gradle.api.internal.tasks.testing.junit.JUnitTestExecutor.accept(JUnitTestExecutor.java:84)
  at org.gradle.api.internal.tasks.testing.junit.JUnitTestExecutor.accept(JUnitTestExecutor.java:47)
  at org.gradle.api.internal.tasks.testing.junit.AbstractJUnitTestDefinitionProcessor.processTestDefinition(AbstractJUnitTestDefinitionProcessor.java:65)
  at org.gradle.api.internal.tasks.testing.SuiteTestDefinitionProcessor.processTestDefinition(SuiteTestDefinitionProcessor.java:54)
  at java.base/jdk.internal.reflect.DirectMethodHandleAccessor.invoke(DirectMethodHandleAccessor.java:104)
  at java.base/java.lang.reflect.Method.invoke(Method.java:565)
  at org.gradle.internal.dispatch.MethodInvocation.invokeOn(MethodInvocation.java:77)
  at org.gradle.internal.dispatch.ReflectionDispatch.dispatch(ReflectionDispatch.java:28)
  at org.gradle.internal.dispatch.ReflectionDispatch.dispatch(ReflectionDispatch.java:19)
  at org.gradle.internal.dispatch.ContextClassLoaderDispatch.dispatch(ContextClassLoaderDispatch.java:33)
  at org.gradle.internal.dispatch.ProxyDispatchAdapter$DispatchingInvocationHandler.invoke(ProxyDispatchAdapter.java:88)
  at jdk.proxy1/jdk.proxy1.$Proxy4.processTestDefinition(Unknown Source)
  at org.gradle.api.internal.tasks.testing.worker.TestWorker$2.run(TestWorker.java:178)
  at org.gradle.api.internal.tasks.testing.worker.TestWorker.executeAndMaintainThreadName(TestWorker.java:126)
  at org.gradle.api.internal.tasks.testing.worker.TestWorker.execute(TestWorker.java:103)
  at org.gradle.api.internal.tasks.testing.worker.TestWorker.execute(TestWorker.java:63)
  at org.gradle.process.internal.worker.child.ActionExecutionWorker.execute(ActionExecutionWorker.java:56)
  at org.gradle.process.internal.worker.child.SystemApplicationClassLoaderWorker.call(SystemApplicationClassLoaderWorker.java:122)
  at org.gradle.process.internal.worker.child.SystemApplicationClassLoaderWorker.call(SystemApplicationClassLoaderWorker.java:72)
  at worker.org.gradle.process.internal.worker.GradleWorkerMain.run(GradleWorkerMain.java:69)
  at worker.org.gradle.process.internal.worker.GradleWorkerMain.main(GradleWorkerMain.java:74)
</stacktrace>
</test-failure>


TypeScriptCompilerTests_S[jvm] > spellingSuggestionGlobal2_ts has expected errors matching spellingSuggestionGlobal2_errors_txt[jvm] FAILED

<test-failure test="com.xemantic.typescript.compiler.TypeScriptCompilerTests_S.strictModeReservedWordInClassDeclaration_ts has expected errors matching strictModeReservedWordInClassDeclaration_errors_txt" platform="jvm">
<message>
--- expected
+++ actual
@@ -1,133 +1,67 @@
-strictModeReservedWordInClassDeclaration.ts(1,11): error TS1212: Identifier expected. 'public' is a reserved word in strict mode.
 strictModeReservedWordInClassDeclaration.ts(4,17): error TS1213: Identifier expected. 'private' is a reserved word in strict mode. Class definitions are automatically in strict mode.
-strictModeReservedWordInClassDeclaration.ts(4,17): error TS7006: Parameter 'private' implicitly has an 'any' type.
 strictModeReservedWordInClassDeclaration.ts(4,26): error TS1213: Identifier expected. 'public' is a reserved word in strict mode. Class definitions are automatically in strict mode.
-strictModeReservedWordInClassDeclaration.ts(4,26): error TS7006: Parameter 'public' implicitly has an 'any' type.
 strictModeReservedWordInClassDeclaration.ts(4,34): error TS1213: Identifier expected. 'static' is a reserved word in strict mode. Class definitions are automatically in strict mode.
-strictModeReservedWordInClassDeclaration.ts(4,34): error TS7006: Parameter 'static' implicitly has an 'any' type.
 strictModeReservedWordInClassDeclaration.ts(5,9): error TS1213: Identifier expected. 'private' is a reserved word in strict mode. Class definitions are automatically in strict mode.
-strictModeReservedWordInClassDeclaration.ts(5,19): error TS1213: Identifier expected. 'public' is a reserved word in strict mode. Class definitions are automatically in strict mode.
-strictModeReservedWordInClassDeclaration.ts(5,28): error TS1213: Identifier expected. 'static' is a reserved word in strict mode. Class definitions are automatically in strict mode.
-strictModeReservedWordInClassDeclaration.ts(7,22): error TS1213: Identifier expected. 'public' is a reserved word in strict mode. Class definitions are automatically in strict mode.
-strictModeReservedWordInClassDeclaration.ts(11,17): error TS7006: Parameter 'public' implicitly has an 'any' type.
+strictModeReservedWordInClassDeclaration.ts(5,19): error TS2693: 'public' only refers to a type, but is being used as a value here.
 strictModeReservedWordInClassDeclaration.ts(11,24): error TS1213: Identifier expected. 'public' is a reserved word in strict mode. Class definitions are automatically in strict mode.
 strictModeReservedWordInClassDeclaration.ts(11,32): error TS1213: Identifier expected. 'let' is a reserved word in strict mode. Class definitions are automatically in strict mode.
-strictModeReservedWordInClassDeclaration.ts(11,32): error TS7006: Parameter 'let' implicitly has an 'any' type.
 strictModeReservedWordInClassDeclaration.ts(13,10): error TS1213: Identifier expected. 'private' is a reserved word in strict mode. Class definitions are automatically in strict mode.
-strictModeReservedWordInClassDeclaration.ts(13,10): error TS7006: Parameter 'private' implicitly has an 'any' type.
 strictModeReservedWordInClassDeclaration.ts(13,19): error TS1213: Identifier expected. 'static' is a reserved word in strict mode. Class definitions are automatically in strict mode.
-strictModeReservedWordInClassDeclaration.ts(13,19): error TS7006: Parameter 'static' implicitly has an 'any' type.
 strictModeReservedWordInClassDeclaration.ts(13,27): error TS1213: Identifier expected. 'public' is a reserved word in strict mode. Class definitions are automatically in strict mode.
-strictModeReservedWordInClassDeclaration.ts(13,27): error TS7006: Parameter 'public' implicitly has an 'any' type.
 strictModeReservedWordInClassDeclaration.ts(14,18): error TS1213: Identifier expected. 'let' is a reserved word in strict mode. Class definitions are automatically in strict mode.
-strictModeReservedWordInClassDeclaration.ts(15,26): error TS1213: Identifier expected. 'let' is a reserved word in strict mode. Class definitions are automatically in strict mode.
-strictModeReservedWordInClassDeclaration.ts(21,9): error TS1213: Identifier expected. 'public' is a reserved word in strict mode. Class definitions are automatically in strict mode.
-strictModeReservedWordInClassDeclaration.ts(21,17): error TS1213: Identifier expected. 'private' is a reserved word in strict mode. Class definitions are automatically in strict mode.
-strictModeReservedWordInClassDeclaration.ts(23,20): error TS1213: Identifier expected. 'public' is a reserved word in strict mode. Class definitions are automatically in strict mode.
-strictModeReservedWordInClassDeclaration.ts(25,20): error TS1213: Identifier expected. 'public' is a reserved word in strict mode. Class definitions are automatically in strict mode.
-strictModeReservedWordInClassDeclaration.ts(25,20): error TS2702: 'public' only refers to a type, but is being used as a namespace here.
-strictModeReservedWordInClassDeclaration.ts(26,21): error TS1213: Identifier expected. 'public' is a reserved word in strict mode. Class definitions are automatically in strict mode.
-strictModeReservedWordInClassDeclaration.ts(26,21): error TS2702: 'public' only refers to a type, but is being used as a namespace here.
-strictModeReservedWordInClassDeclaration.ts(27,17): error TS1213: Identifier expected. 'package' is a reserved word in strict mode. Class definitions are automatically in strict mode.
-strictModeReservedWordInClassDeclaration.ts(27,17): error TS2304: Cannot find name 'package'.
-strictModeReservedWordInClassDeclaration.ts(28,17): error TS1213: Identifier expected. 'package' is a reserved word in strict mode. Class definitions are automatically in strict mode.
-strictModeReservedWordInClassDeclaration.ts(28,17): error TS2304: Cannot find name 'package'.
+strictModeReservedWordInClassDeclaration.ts(21,8): error TS1005: '{' expected.
 
 
-==== strictModeReservedWordInClassDeclaration.ts (34 errors) ====
+==== strictModeReservedWordInClassDeclaration.ts (12 errors) ====
     interface public { }
-              ~~~~~~
-!!! error TS1212: Identifier expected. 'public' is a reserved word in strict mode.
     
     class Foo {
         constructor(private, public, static) {
                     ~~~~~~~
 !!! error TS1213: Identifier expected. 'private' is a reserved word in strict mode. Class definitions are automatically in strict mode.
-                    ~~~~~~~
-!!! error TS7006: Parameter 'private' implicitly has an 'any' type.
                              ~~~~~~
 !!! error TS1213: Identifier expected. 'public' is a reserved word in strict mode. Class definitions are automatically in strict mode.
-                             ~~~~~~
-!!! error TS7006: Parameter 'public' implicitly has an 'any' type.
                                      ~~~~~~
 !!! error TS1213: Identifier expected. 'static' is a reserved word in strict mode. Class definitions are automatically in strict mode.
-                                     ~~~~~~
-!!! error TS7006: Parameter 'static' implicitly has an 'any' type.
             private = public = static;
             ~~~~~~~
 !!! error TS1213: Identifier expected. 'private' is a reserved word in strict mode. Class definitions are automatically in strict mode.
                       ~~~~~~
-!!! error TS1213: Identifier expected. 'public' is a reserved word in strict mode. Class definitions are automatically in strict mode.
-                               ~~~~~~
-!!! error TS1213: Identifier expected. 'static' is a reserved word in strict mode. Class definitions are automatically in strict mode.
+!!! error TS2693: 'public' only refers to a type, but is being used as a value here.
         }
         public banana(x: public) { }
-                         ~~~~~~
-!!! error TS1213: Identifier expected. 'public' is a reserved word in strict mode. Class definitions are automatically in strict mode.
     }
     
     class C {
         constructor(public public, let) {
-                    ~~~~~~~~~~~~~
-!!! error TS7006: Parameter 'public' implicitly has an 'any' type.
                            ~~~~~~
 !!! error TS1213: Identifier expected. 'public' is a reserved word in strict mode. Class definitions are automatically in strict mode.
                                    ~~~
 !!! error TS1213: Identifier expected. 'let' is a reserved word in strict mode. Class definitions are automatically in strict mode.
-                                   ~~~
-!!! error TS7006: Parameter 'let' implicitly has an 'any' type.
         }
         foo1(private, static, public) {
              ~~~~~~~
 !!! error TS1213: Identifier expected. 'private' is a reserved word in strict mode. Class definitions are automatically in strict mode.
-             ~~~~~~~
-!!! error TS7006: Parameter 'private' implicitly has an 'any' type.
                       ~~~~~~
 !!! error TS1213: Identifier expected. 'static' is a reserved word in strict mode. Class definitions are automatically in strict mode.
-                      ~~~~~~
-!!! error TS7006: Parameter 'static' implicitly has an 'any' type.
                               ~~~~~~
 !!! error TS1213: Identifier expected. 'public' is a reserved word in strict mode. Class definitions are automatically in strict mode.
-                              ~~~~~~
-!!! error TS7006: Parameter 'public' implicitly has an 'any' type.
             function let() { }
                      ~~~
 !!! error TS1213: Identifier expected. 'let' is a reserved word in strict mode. Class definitions are automatically in strict mode.
             var z = function let() { };
-                             ~~~
-!!! error TS1213: Identifier expected. 'let' is a reserved word in strict mode. Class definitions are automatically in strict mode.
         }
     
         public pulbic() { } // No Error;
     }
     
     class D<public, private>{ }
-            ~~~~~~
-!!! error TS1213: Identifier expected. 'public' is a reserved word in strict mode. Class definitions are automatically in strict mode.
-                    ~~~~~~~
-!!! error TS1213: Identifier expected. 'private' is a reserved word in strict mode. Class definitions are automatically in strict mode.
+           ~
+!!! error TS1005: '{' expected.
     
     class E implements public { }
-                       ~~~~~~
-!!! error TS1213: Identifier expected. 'public' is a reserved word in strict mode. Class definitions are automatically in strict mode.
     
     class F implements public.private.B { }
-                       ~~~~~~
-!!! error TS1213: Identifier expected. 'public' is a reserved word in strict mode. Class definitions are automatically in strict mode.
-                       ~~~~~~
-!!! error TS2702: 'public' only refers to a type, but is being used as a namespace here.
     class F1 implements public.private.implements { }
-                        ~~~~~~
-!!! error TS1213: Identifier expected. 'public' is a reserved word in strict mode. Class definitions are automatically in strict mode.
-                        ~~~~~~
-!!! error TS2702: 'public' only refers to a type, but is being used as a namespace here.
     class G extends package { }
-                    ~~~~~~~
-!!! error TS1213: Identifier expected. 'package' is a reserved word in strict mode. Class definitions are automatically in strict mode.
-                    ~~~~~~~
-!!! error TS2304: Cannot find name 'package'.
     class H extends package.A { }
-                    ~~~~~~~
-!!! error TS1213: Identifier expected. 'package' is a reserved word in strict mode. Class definitions are automatically in strict mode.
-                    ~~~~~~~
-!!! error TS2304: Cannot find name 'package'.

</message>
<stacktrace>
  at org.junit.Assert.fail(Assert.java:89)
  at kotlin.test.junit.JUnitAsserter.fail(JUnitSupport.kt:56)
  at kotlin.test.AssertionsKt__AssertionsKt.fail(Assertions.kt:563)
  at kotlin.test.AssertionsKt.fail(Unknown Source)
  at com.xemantic.kotlin.test.SameAsKt.sameAs(SameAs.kt:52)
  at com.xemantic.typescript.compiler.TypeScriptTestSupportKt.errorsMatchBaseline(TypeScriptTestSupport.kt:135)
  at com.xemantic.typescript.compiler.TypeScriptCompilerTests_S.strictModeReservedWordInClassDeclaration_ts has expected errors matching strictModeReservedWordInClassDeclaration_errors_txt(TypeScriptCompilerTests_S.kt:2863)
  at java.base/jdk.internal.reflect.DirectMethodHandleAccessor.invoke(DirectMethodHandleAccessor.java:104)
  at java.base/java.lang.reflect.Method.invoke(Method.java:565)
  at org.junit.runners.model.FrameworkMethod$1.runReflectiveCall(FrameworkMethod.java:59)
  at org.junit.internal.runners.model.ReflectiveCallable.run(ReflectiveCallable.java:12)
  at org.junit.runners.model.FrameworkMethod.invokeExplosively(FrameworkMethod.java:56)
  at org.junit.internal.runners.statements.InvokeMethod.evaluate(InvokeMethod.java:17)
  at org.junit.runners.ParentRunner$3.evaluate(ParentRunner.java:306)
  at org.junit.runners.BlockJUnit4ClassRunner$1.evaluate(BlockJUnit4ClassRunner.java:100)
  at org.junit.runners.ParentRunner.runLeaf(ParentRunner.java:366)
  at org.junit.runners.BlockJUnit4ClassRunner.runChild(BlockJUnit4ClassRunner.java:103)
  at org.junit.runners.BlockJUnit4ClassRunner.runChild(BlockJUnit4ClassRunner.java:63)
  at org.junit.runners.ParentRunner$4.run(ParentRunner.java:331)
  at org.junit.runners.ParentRunner$1.schedule(ParentRunner.java:79)
  at org.junit.runners.ParentRunner.runChildren(ParentRunner.java:329)
  at org.junit.runners.ParentRunner.access$100(ParentRunner.java:66)
  at org.junit.runners.ParentRunner$2.evaluate(ParentRunner.java:293)
  at org.junit.runners.ParentRunner$3.evaluate(ParentRunner.java:306)
  at org.junit.runners.ParentRunner.run(ParentRunner.java:413)
  at org.junit.runner.JUnitCore.run(JUnitCore.java:137)
  at org.junit.runner.JUnitCore.run(JUnitCore.java:115)
  at org.gradle.api.internal.tasks.testing.junit.JUnitTestExecutor.runRequest(JUnitTestExecutor.java:175)
  at org.gradle.api.internal.tasks.testing.junit.JUnitTestExecutor.accept(JUnitTestExecutor.java:84)
  at org.gradle.api.internal.tasks.testing.junit.JUnitTestExecutor.accept(JUnitTestExecutor.java:47)
  at org.gradle.api.internal.tasks.testing.junit.AbstractJUnitTestDefinitionProcessor.processTestDefinition(AbstractJUnitTestDefinitionProcessor.java:65)
  at org.gradle.api.internal.tasks.testing.SuiteTestDefinitionProcessor.processTestDefinition(SuiteTestDefinitionProcessor.java:54)
  at java.base/jdk.internal.reflect.DirectMethodHandleAccessor.invoke(DirectMethodHandleAccessor.java:104)
  at java.base/java.lang.reflect.Method.invoke(Method.java:565)
  at org.gradle.internal.dispatch.MethodInvocation.invokeOn(MethodInvocation.java:77)
  at org.gradle.internal.dispatch.ReflectionDispatch.dispatch(ReflectionDispatch.java:28)
  at org.gradle.internal.dispatch.ReflectionDispatch.dispatch(ReflectionDispatch.java:19)
  at org.gradle.internal.dispatch.ContextClassLoaderDispatch.dispatch(ContextClassLoaderDispatch.java:33)
  at org.gradle.internal.dispatch.ProxyDispatchAdapter$DispatchingInvocationHandler.invoke(ProxyDispatchAdapter.java:88)
  at jdk.proxy1/jdk.proxy1.$Proxy4.processTestDefinition(Unknown Source)
  at org.gradle.api.internal.tasks.testing.worker.TestWorker$2.run(TestWorker.java:178)
  at org.gradle.api.internal.tasks.testing.worker.TestWorker.executeAndMaintainThreadName(TestWorker.java:126)
  at org.gradle.api.internal.tasks.testing.worker.TestWorker.execute(TestWorker.java:103)
  at org.gradle.api.internal.tasks.testing.worker.TestWorker.execute(TestWorker.java:63)
  at org.gradle.process.internal.worker.child.ActionExecutionWorker.execute(ActionExecutionWorker.java:56)
  at org.gradle.process.internal.worker.child.SystemApplicationClassLoaderWorker.call(SystemApplicationClassLoaderWorker.java:122)
  at org.gradle.process.internal.worker.child.SystemApplicationClassLoaderWorker.call(SystemApplicationClassLoaderWorker.java:72)
  at worker.org.gradle.process.internal.worker.GradleWorkerMain.run(GradleWorkerMain.java:69)
  at worker.org.gradle.process.internal.worker.GradleWorkerMain.main(GradleWorkerMain.java:74)
</stacktrace>
</test-failure>


TypeScriptCompilerTests_S[jvm] > strictModeReservedWordInClassDeclaration_ts has expected errors matching strictModeReservedWordInClassDeclaration_errors_txt[jvm] FAILED

<test-failure test="com.xemantic.typescript.compiler.TypeScriptCompilerTests_S.switchAssignmentCompat_ts has expected errors matching switchAssignmentCompat_errors_txt" platform="jvm">
<message>
Expected diagnostics from baseline typescript-repo/tests/baselines/reference/switchAssignmentCompat.errors.txt but none produced
</message>
<stacktrace>
  at com.xemantic.typescript.compiler.TypeScriptTestSupportKt.errorsMatchBaseline(TypeScriptTestSupport.kt:125)
  at com.xemantic.typescript.compiler.TypeScriptCompilerTests_S.switchAssignmentCompat_ts has expected errors matching switchAssignmentCompat_errors_txt(TypeScriptCompilerTests_S.kt:3976)
  at java.base/jdk.internal.reflect.DirectMethodHandleAccessor.invoke(DirectMethodHandleAccessor.java:104)
  at java.base/java.lang.reflect.Method.invoke(Method.java:565)
  at org.junit.runners.model.FrameworkMethod$1.runReflectiveCall(FrameworkMethod.java:59)
  at org.junit.internal.runners.model.ReflectiveCallable.run(ReflectiveCallable.java:12)
  at org.junit.runners.model.FrameworkMethod.invokeExplosively(FrameworkMethod.java:56)
  at org.junit.internal.runners.statements.InvokeMethod.evaluate(InvokeMethod.java:17)
  at org.junit.runners.ParentRunner$3.evaluate(ParentRunner.java:306)
  at org.junit.runners.BlockJUnit4ClassRunner$1.evaluate(BlockJUnit4ClassRunner.java:100)
  at org.junit.runners.ParentRunner.runLeaf(ParentRunner.java:366)
  at org.junit.runners.BlockJUnit4ClassRunner.runChild(BlockJUnit4ClassRunner.java:103)
  at org.junit.runners.BlockJUnit4ClassRunner.runChild(BlockJUnit4ClassRunner.java:63)
  at org.junit.runners.ParentRunner$4.run(ParentRunner.java:331)
  at org.junit.runners.ParentRunner$1.schedule(ParentRunner.java:79)
  at org.junit.runners.ParentRunner.runChildren(ParentRunner.java:329)
  at org.junit.runners.ParentRunner.access$100(ParentRunner.java:66)
  at org.junit.runners.ParentRunner$2.evaluate(ParentRunner.java:293)
  at org.junit.runners.ParentRunner$3.evaluate(ParentRunner.java:306)
  at org.junit.runners.ParentRunner.run(ParentRunner.java:413)
  at org.junit.runner.JUnitCore.run(JUnitCore.java:137)
  at org.junit.runner.JUnitCore.run(JUnitCore.java:115)
  at org.gradle.api.internal.tasks.testing.junit.JUnitTestExecutor.runRequest(JUnitTestExecutor.java:175)
  at org.gradle.api.internal.tasks.testing.junit.JUnitTestExecutor.accept(JUnitTestExecutor.java:84)
  at org.gradle.api.internal.tasks.testing.junit.JUnitTestExecutor.accept(JUnitTestExecutor.java:47)
  at org.gradle.api.internal.tasks.testing.junit.AbstractJUnitTestDefinitionProcessor.processTestDefinition(AbstractJUnitTestDefinitionProcessor.java:65)
  at org.gradle.api.internal.tasks.testing.SuiteTestDefinitionProcessor.processTestDefinition(SuiteTestDefinitionProcessor.java:54)
  at java.base/jdk.internal.reflect.DirectMethodHandleAccessor.invoke(DirectMethodHandleAccessor.java:104)
  at java.base/java.lang.reflect.Method.invoke(Method.java:565)
  at org.gradle.internal.dispatch.MethodInvocation.invokeOn(MethodInvocation.java:77)
  at org.gradle.internal.dispatch.ReflectionDispatch.dispatch(ReflectionDispatch.java:28)
  at org.gradle.internal.dispatch.ReflectionDispatch.dispatch(ReflectionDispatch.java:19)
  at org.gradle.internal.dispatch.ContextClassLoaderDispatch.dispatch(ContextClassLoaderDispatch.java:33)
  at org.gradle.internal.dispatch.ProxyDispatchAdapter$DispatchingInvocationHandler.invoke(ProxyDispatchAdapter.java:88)
  at jdk.proxy1/jdk.proxy1.$Proxy4.processTestDefinition(Unknown Source)
  at org.gradle.api.internal.tasks.testing.worker.TestWorker$2.run(TestWorker.java:178)
  at org.gradle.api.internal.tasks.testing.worker.TestWorker.executeAndMaintainThreadName(TestWorker.java:126)
  at org.gradle.api.internal.tasks.testing.worker.TestWorker.execute(TestWorker.java:103)
  at org.gradle.api.internal.tasks.testing.worker.TestWorker.execute(TestWorker.java:63)
  at org.gradle.process.internal.worker.child.ActionExecutionWorker.execute(ActionExecutionWorker.java:56)
  at org.gradle.process.internal.worker.child.SystemApplicationClassLoaderWorker.call(SystemApplicationClassLoaderWorker.java:122)
  at org.gradle.process.internal.worker.child.SystemApplicationClassLoaderWorker.call(SystemApplicationClassLoaderWorker.java:72)
  at worker.org.gradle.process.internal.worker.GradleWorkerMain.run(GradleWorkerMain.java:69)
  at worker.org.gradle.process.internal.worker.GradleWorkerMain.main(GradleWorkerMain.java:74)
</stacktrace>
</test-failure>


TypeScriptCompilerTests_S[jvm] > switchAssignmentCompat_ts has expected errors matching switchAssignmentCompat_errors_txt[jvm] FAILED

<test-failure test="com.xemantic.typescript.compiler.TypeScriptCompilerTests_S.specializedSignatureAsCallbackParameter1_ts has expected errors matching specializedSignatureAsCallbackParameter1_errors_txt" platform="jvm">
<message>
Expected diagnostics from baseline typescript-repo/tests/baselines/reference/specializedSignatureAsCallbackParameter1.errors.txt but none produced
</message>
<stacktrace>
  at com.xemantic.typescript.compiler.TypeScriptTestSupportKt.errorsMatchBaseline(TypeScriptTestSupport.kt:125)
  at com.xemantic.typescript.compiler.TypeScriptCompilerTests_S.specializedSignatureAsCallbackParameter1_ts has expected errors matching specializedSignatureAsCallbackParameter1_errors_txt(TypeScriptCompilerTests_S.kt:2030)
  at java.base/jdk.internal.reflect.DirectMethodHandleAccessor.invoke(DirectMethodHandleAccessor.java:104)
  at java.base/java.lang.reflect.Method.invoke(Method.java:565)
  at org.junit.runners.model.FrameworkMethod$1.runReflectiveCall(FrameworkMethod.java:59)
  at org.junit.internal.runners.model.ReflectiveCallable.run(ReflectiveCallable.java:12)
  at org.junit.runners.model.FrameworkMethod.invokeExplosively(FrameworkMethod.java:56)
  at org.junit.internal.runners.statements.InvokeMethod.evaluate(InvokeMethod.java:17)
  at org.junit.runners.ParentRunner$3.evaluate(ParentRunner.java:306)
  at org.junit.runners.BlockJUnit4ClassRunner$1.evaluate(BlockJUnit4ClassRunner.java:100)
  at org.junit.runners.ParentRunner.runLeaf(ParentRunner.java:366)
  at org.junit.runners.BlockJUnit4ClassRunner.runChild(BlockJUnit4ClassRunner.java:103)
  at org.junit.runners.BlockJUnit4ClassRunner.runChild(BlockJUnit4ClassRunner.java:63)
  at org.junit.runners.ParentRunner$4.run(ParentRunner.java:331)
  at org.junit.runners.ParentRunner$1.schedule(ParentRunner.java:79)
  at org.junit.runners.ParentRunner.runChildren(ParentRunner.java:329)
  at org.junit.runners.ParentRunner.access$100(ParentRunner.java:66)
  at org.junit.runners.ParentRunner$2.evaluate(ParentRunner.java:293)
  at org.junit.runners.ParentRunner$3.evaluate(ParentRunner.java:306)
  at org.junit.runners.ParentRunner.run(ParentRunner.java:413)
  at org.junit.runner.JUnitCore.run(JUnitCore.java:137)
  at org.junit.runner.JUnitCore.run(JUnitCore.java:115)
  at org.gradle.api.internal.tasks.testing.junit.JUnitTestExecutor.runRequest(JUnitTestExecutor.java:175)
  at org.gradle.api.internal.tasks.testing.junit.JUnitTestExecutor.accept(JUnitTestExecutor.java:84)
  at org.gradle.api.internal.tasks.testing.junit.JUnitTestExecutor.accept(JUnitTestExecutor.java:47)
  at org.gradle.api.internal.tasks.testing.junit.AbstractJUnitTestDefinitionProcessor.processTestDefinition(AbstractJUnitTestDefinitionProcessor.java:65)
  at org.gradle.api.internal.tasks.testing.SuiteTestDefinitionProcessor.processTestDefinition(SuiteTestDefinitionProcessor.java:54)
  at java.base/jdk.internal.reflect.DirectMethodHandleAccessor.invoke(DirectMethodHandleAccessor.java:104)
  at java.base/java.lang.reflect.Method.invoke(Method.java:565)
  at org.gradle.internal.dispatch.MethodInvocation.invokeOn(MethodInvocation.java:77)
  at org.gradle.internal.dispatch.ReflectionDispatch.dispatch(ReflectionDispatch.java:28)
  at org.gradle.internal.dispatch.ReflectionDispatch.dispatch(ReflectionDispatch.java:19)
  at org.gradle.internal.dispatch.ContextClassLoaderDispatch.dispatch(ContextClassLoaderDispatch.java:33)
  at org.gradle.internal.dispatch.ProxyDispatchAdapter$DispatchingInvocationHandler.invoke(ProxyDispatchAdapter.java:88)
  at jdk.proxy1/jdk.proxy1.$Proxy4.processTestDefinition(Unknown Source)
  at org.gradle.api.internal.tasks.testing.worker.TestWorker$2.run(TestWorker.java:178)
  at org.gradle.api.internal.tasks.testing.worker.TestWorker.executeAndMaintainThreadName(TestWorker.java:126)
  at org.gradle.api.internal.tasks.testing.worker.TestWorker.execute(TestWorker.java:103)
  at org.gradle.api.internal.tasks.testing.worker.TestWorker.execute(TestWorker.java:63)
  at org.gradle.process.internal.worker.child.ActionExecutionWorker.execute(ActionExecutionWorker.java:56)
  at org.gradle.process.internal.worker.child.SystemApplicationClassLoaderWorker.call(SystemApplicationClassLoaderWorker.java:122)
  at org.gradle.process.internal.worker.child.SystemApplicationClassLoaderWorker.call(SystemApplicationClassLoaderWorker.java:72)
  at worker.org.gradle.process.internal.worker.GradleWorkerMain.run(GradleWorkerMain.java:69)
  at worker.org.gradle.process.internal.worker.GradleWorkerMain.main(GradleWorkerMain.java:74)
</stacktrace>
</test-failure>


TypeScriptCompilerTests_S[jvm] > specializedSignatureAsCallbackParameter1_ts has expected errors matching specializedSignatureAsCallbackParameter1_errors_txt[jvm] FAILED

<test-failure test="com.xemantic.typescript.compiler.TypeScriptCompilerTests_S.sourceMapValidationDestructuringForArrayBindingPattern_ts__target_es2015__has expected errors matching baseline" platform="jvm">
<message>
Expected diagnostics from baseline typescript-repo/tests/baselines/reference/sourceMapValidationDestructuringForArrayBindingPattern(target=es2015).errors.txt but none produced
</message>
<stacktrace>
  at com.xemantic.typescript.compiler.TypeScriptTestSupportKt.errorsMatchBaseline(TypeScriptTestSupport.kt:125)
  at com.xemantic.typescript.compiler.TypeScriptCompilerTests_S.sourceMapValidationDestructuringForArrayBindingPattern_ts__target_es2015__has expected errors matching baseline(TypeScriptCompilerTests_S.kt:1183)
  at java.base/jdk.internal.reflect.DirectMethodHandleAccessor.invoke(DirectMethodHandleAccessor.java:104)
  at java.base/java.lang.reflect.Method.invoke(Method.java:565)
  at org.junit.runners.model.FrameworkMethod$1.runReflectiveCall(FrameworkMethod.java:59)
  at org.junit.internal.runners.model.ReflectiveCallable.run(ReflectiveCallable.java:12)
  at org.junit.runners.model.FrameworkMethod.invokeExplosively(FrameworkMethod.java:56)
  at org.junit.internal.runners.statements.InvokeMethod.evaluate(InvokeMethod.java:17)
  at org.junit.runners.ParentRunner$3.evaluate(ParentRunner.java:306)
  at org.junit.runners.BlockJUnit4ClassRunner$1.evaluate(BlockJUnit4ClassRunner.java:100)
  at org.junit.runners.ParentRunner.runLeaf(ParentRunner.java:366)
  at org.junit.runners.BlockJUnit4ClassRunner.runChild(BlockJUnit4ClassRunner.java:103)
  at org.junit.runners.BlockJUnit4ClassRunner.runChild(BlockJUnit4ClassRunner.java:63)
  at org.junit.runners.ParentRunner$4.run(ParentRunner.java:331)
  at org.junit.runners.ParentRunner$1.schedule(ParentRunner.java:79)
  at org.junit.runners.ParentRunner.runChildren(ParentRunner.java:329)
  at org.junit.runners.ParentRunner.access$100(ParentRunner.java:66)
  at org.junit.runners.ParentRunner$2.evaluate(ParentRunner.java:293)
  at org.junit.runners.ParentRunner$3.evaluate(ParentRunner.java:306)
  at org.junit.runners.ParentRunner.run(ParentRunner.java:413)
  at org.junit.runner.JUnitCore.run(JUnitCore.java:137)
  at org.junit.runner.JUnitCore.run(JUnitCore.java:115)
  at org.gradle.api.internal.tasks.testing.junit.JUnitTestExecutor.runRequest(JUnitTestExecutor.java:175)
  at org.gradle.api.internal.tasks.testing.junit.JUnitTestExecutor.accept(JUnitTestExecutor.java:84)
  at org.gradle.api.internal.tasks.testing.junit.JUnitTestExecutor.accept(JUnitTestExecutor.java:47)
  at org.gradle.api.internal.tasks.testing.junit.AbstractJUnitTestDefinitionProcessor.processTestDefinition(AbstractJUnitTestDefinitionProcessor.java:65)
  at org.gradle.api.internal.tasks.testing.SuiteTestDefinitionProcessor.processTestDefinition(SuiteTestDefinitionProcessor.java:54)
  at java.base/jdk.internal.reflect.DirectMethodHandleAccessor.invoke(DirectMethodHandleAccessor.java:104)
  at java.base/java.lang.reflect.Method.invoke(Method.java:565)
  at org.gradle.internal.dispatch.MethodInvocation.invokeOn(MethodInvocation.java:77)
  at org.gradle.internal.dispatch.ReflectionDispatch.dispatch(ReflectionDispatch.java:28)
  at org.gradle.internal.dispatch.ReflectionDispatch.dispatch(ReflectionDispatch.java:19)
  at org.gradle.internal.dispatch.ContextClassLoaderDispatch.dispatch(ContextClassLoaderDispatch.java:33)
  at org.gradle.internal.dispatch.ProxyDispatchAdapter$DispatchingInvocationHandler.invoke(ProxyDispatchAdapter.java:88)
  at jdk.proxy1/jdk.proxy1.$Proxy4.processTestDefinition(Unknown Source)
  at org.gradle.api.internal.tasks.testing.worker.TestWorker$2.run(TestWorker.java:178)
  at org.gradle.api.internal.tasks.testing.worker.TestWorker.executeAndMaintainThreadName(TestWorker.java:126)
  at org.gradle.api.internal.tasks.testing.worker.TestWorker.execute(TestWorker.java:103)
  at org.gradle.api.internal.tasks.testing.worker.TestWorker.execute(TestWorker.java:63)
  at org.gradle.process.internal.worker.child.ActionExecutionWorker.execute(ActionExecutionWorker.java:56)
  at org.gradle.process.internal.worker.child.SystemApplicationClassLoaderWorker.call(SystemApplicationClassLoaderWorker.java:122)
  at org.gradle.process.internal.worker.child.SystemApplicationClassLoaderWorker.call(SystemApplicationClassLoaderWorker.java:72)
  at worker.org.gradle.process.internal.worker.GradleWorkerMain.run(GradleWorkerMain.java:69)
  at worker.org.gradle.process.internal.worker.GradleWorkerMain.main(GradleWorkerMain.java:74)
</stacktrace>
</test-failure>


TypeScriptCompilerTests_S[jvm] > sourceMapValidationDestructuringForArrayBindingPattern_ts__target_es2015__has expected errors matching baseline[jvm] FAILED

<test-failure test="com.xemantic.typescript.compiler.TypeScriptCompilerTests_S.shadowedReservedCompilerDeclarationsWithNoEmit_ts__target_es2015__has expected errors matching baseline" platform="jvm">
<message>
Expected diagnostics from baseline typescript-repo/tests/baselines/reference/shadowedReservedCompilerDeclarationsWithNoEmit(target=es2015).errors.txt but none produced
</message>
<stacktrace>
  at com.xemantic.typescript.compiler.TypeScriptTestSupportKt.errorsMatchBaseline(TypeScriptTestSupport.kt:125)
  at com.xemantic.typescript.compiler.TypeScriptCompilerTests_S.shadowedReservedCompilerDeclarationsWithNoEmit_ts__target_es2015__has expected errors matching baseline(TypeScriptCompilerTests_S.kt:392)
  at java.base/jdk.internal.reflect.DirectMethodHandleAccessor.invoke(DirectMethodHandleAccessor.java:104)
  at java.base/java.lang.reflect.Method.invoke(Method.java:565)
  at org.junit.runners.model.FrameworkMethod$1.runReflectiveCall(FrameworkMethod.java:59)
  at org.junit.internal.runners.model.ReflectiveCallable.run(ReflectiveCallable.java:12)
  at org.junit.runners.model.FrameworkMethod.invokeExplosively(FrameworkMethod.java:56)
  at org.junit.internal.runners.statements.InvokeMethod.evaluate(InvokeMethod.java:17)
  at org.junit.runners.ParentRunner$3.evaluate(ParentRunner.java:306)
  at org.junit.runners.BlockJUnit4ClassRunner$1.evaluate(BlockJUnit4ClassRunner.java:100)
  at org.junit.runners.ParentRunner.runLeaf(ParentRunner.java:366)
  at org.junit.runners.BlockJUnit4ClassRunner.runChild(BlockJUnit4ClassRunner.java:103)
  at org.junit.runners.BlockJUnit4ClassRunner.runChild(BlockJUnit4ClassRunner.java:63)
  at org.junit.runners.ParentRunner$4.run(ParentRunner.java:331)
  at org.junit.runners.ParentRunner$1.schedule(ParentRunner.java:79)
  at org.junit.runners.ParentRunner.runChildren(ParentRunner.java:329)
  at org.junit.runners.ParentRunner.access$100(ParentRunner.java:66)
  at org.junit.runners.ParentRunner$2.evaluate(ParentRunner.java:293)
  at org.junit.runners.ParentRunner$3.evaluate(ParentRunner.java:306)
  at org.junit.runners.ParentRunner.run(ParentRunner.java:413)
  at org.junit.runner.JUnitCore.run(JUnitCore.java:137)
  at org.junit.runner.JUnitCore.run(JUnitCore.java:115)
  at org.gradle.api.internal.tasks.testing.junit.JUnitTestExecutor.runRequest(JUnitTestExecutor.java:175)
  at org.gradle.api.internal.tasks.testing.junit.JUnitTestExecutor.accept(JUnitTestExecutor.java:84)
  at org.gradle.api.internal.tasks.testing.junit.JUnitTestExecutor.accept(JUnitTestExecutor.java:47)
  at org.gradle.api.internal.tasks.testing.junit.AbstractJUnitTestDefinitionProcessor.processTestDefinition(AbstractJUnitTestDefinitionProcessor.java:65)
  at org.gradle.api.internal.tasks.testing.SuiteTestDefinitionProcessor.processTestDefinition(SuiteTestDefinitionProcessor.java:54)
  at java.base/jdk.internal.reflect.DirectMethodHandleAccessor.invoke(DirectMethodHandleAccessor.java:104)
  at java.base/java.lang.reflect.Method.invoke(Method.java:565)
  at org.gradle.internal.dispatch.MethodInvocation.invokeOn(MethodInvocation.java:77)
  at org.gradle.internal.dispatch.ReflectionDispatch.dispatch(ReflectionDispatch.java:28)
  at org.gradle.internal.dispatch.ReflectionDispatch.dispatch(ReflectionDispatch.java:19)
  at org.gradle.internal.dispatch.ContextClassLoaderDispatch.dispatch(ContextClassLoaderDispatch.java:33)
  at org.gradle.internal.dispatch.ProxyDispatchAdapter$DispatchingInvocationHandler.invoke(ProxyDispatchAdapter.java:88)
  at jdk.proxy1/jdk.proxy1.$Proxy4.processTestDefinition(Unknown Source)
  at org.gradle.api.internal.tasks.testing.worker.TestWorker$2.run(TestWorker.java:178)
  at org.gradle.api.internal.tasks.testing.worker.TestWorker.executeAndMaintainThreadName(TestWorker.java:126)
  at org.gradle.api.internal.tasks.testing.worker.TestWorker.execute(TestWorker.java:103)
  at org.gradle.api.internal.tasks.testing.worker.TestWorker.execute(TestWorker.java:63)
  at org.gradle.process.internal.worker.child.ActionExecutionWorker.execute(ActionExecutionWorker.java:56)
  at org.gradle.process.internal.worker.child.SystemApplicationClassLoaderWorker.call(SystemApplicationClassLoaderWorker.java:122)
  at org.gradle.process.internal.worker.child.SystemApplicationClassLoaderWorker.call(SystemApplicationClassLoaderWorker.java:72)
  at worker.org.gradle.process.internal.worker.GradleWorkerMain.run(GradleWorkerMain.java:69)
  at worker.org.gradle.process.internal.worker.GradleWorkerMain.main(GradleWorkerMain.java:74)
</stacktrace>
</test-failure>


TypeScriptCompilerTests_S[jvm] > shadowedReservedCompilerDeclarationsWithNoEmit_ts__target_es2015__has expected errors matching baseline[jvm] FAILED

<test-failure test="com.xemantic.typescript.compiler.TypeScriptCompilerTests_S.shadowPrivateMembers_ts has expected errors matching shadowPrivateMembers_errors_txt" platform="jvm">
<message>
Expected diagnostics from baseline typescript-repo/tests/baselines/reference/shadowPrivateMembers.errors.txt but none produced
</message>
<stacktrace>
  at com.xemantic.typescript.compiler.TypeScriptTestSupportKt.errorsMatchBaseline(TypeScriptTestSupport.kt:125)
  at com.xemantic.typescript.compiler.TypeScriptCompilerTests_S.shadowPrivateMembers_ts has expected errors matching shadowPrivateMembers_errors_txt(TypeScriptCompilerTests_S.kt:371)
  at java.base/jdk.internal.reflect.DirectMethodHandleAccessor.invoke(DirectMethodHandleAccessor.java:104)
  at java.base/java.lang.reflect.Method.invoke(Method.java:565)
  at org.junit.runners.model.FrameworkMethod$1.runReflectiveCall(FrameworkMethod.java:59)
  at org.junit.internal.runners.model.ReflectiveCallable.run(ReflectiveCallable.java:12)
  at org.junit.runners.model.FrameworkMethod.invokeExplosively(FrameworkMethod.java:56)
  at org.junit.internal.runners.statements.InvokeMethod.evaluate(InvokeMethod.java:17)
  at org.junit.runners.ParentRunner$3.evaluate(ParentRunner.java:306)
  at org.junit.runners.BlockJUnit4ClassRunner$1.evaluate(BlockJUnit4ClassRunner.java:100)
  at org.junit.runners.ParentRunner.runLeaf(ParentRunner.java:366)
  at org.junit.runners.BlockJUnit4ClassRunner.runChild(BlockJUnit4ClassRunner.java:103)
  at org.junit.runners.BlockJUnit4ClassRunner.runChild(BlockJUnit4ClassRunner.java:63)
  at org.junit.runners.ParentRunner$4.run(ParentRunner.java:331)
  at org.junit.runners.ParentRunner$1.schedule(ParentRunner.java:79)
  at org.junit.runners.ParentRunner.runChildren(ParentRunner.java:329)
  at org.junit.runners.ParentRunner.access$100(ParentRunner.java:66)
  at org.junit.runners.ParentRunner$2.evaluate(ParentRunner.java:293)
  at org.junit.runners.ParentRunner$3.evaluate(ParentRunner.java:306)
  at org.junit.runners.ParentRunner.run(ParentRunner.java:413)
  at org.junit.runner.JUnitCore.run(JUnitCore.java:137)
  at org.junit.runner.JUnitCore.run(JUnitCore.java:115)
  at org.gradle.api.internal.tasks.testing.junit.JUnitTestExecutor.runRequest(JUnitTestExecutor.java:175)
  at org.gradle.api.internal.tasks.testing.junit.JUnitTestExecutor.accept(JUnitTestExecutor.java:84)
  at org.gradle.api.internal.tasks.testing.junit.JUnitTestExecutor.accept(JUnitTestExecutor.java:47)
  at org.gradle.api.internal.tasks.testing.junit.AbstractJUnitTestDefinitionProcessor.processTestDefinition(AbstractJUnitTestDefinitionProcessor.java:65)
  at org.gradle.api.internal.tasks.testing.SuiteTestDefinitionProcessor.processTestDefinition(SuiteTestDefinitionProcessor.java:54)
  at java.base/jdk.internal.reflect.DirectMethodHandleAccessor.invoke(DirectMethodHandleAccessor.java:104)
  at java.base/java.lang.reflect.Method.invoke(Method.java:565)
  at org.gradle.internal.dispatch.MethodInvocation.invokeOn(MethodInvocation.java:77)
  at org.gradle.internal.dispatch.ReflectionDispatch.dispatch(ReflectionDispatch.java:28)
  at org.gradle.internal.dispatch.ReflectionDispatch.dispatch(ReflectionDispatch.java:19)
  at org.gradle.internal.dispatch.ContextClassLoaderDispatch.dispatch(ContextClassLoaderDispatch.java:33)
  at org.gradle.internal.dispatch.ProxyDispatchAdapter$DispatchingInvocationHandler.invoke(ProxyDispatchAdapter.java:88)
  at jdk.proxy1/jdk.proxy1.$Proxy4.processTestDefinition(Unknown Source)
  at org.gradle.api.internal.tasks.testing.worker.TestWorker$2.run(TestWorker.java:178)
  at org.gradle.api.internal.tasks.testing.worker.TestWorker.executeAndMaintainThreadName(TestWorker.java:126)
  at org.gradle.api.internal.tasks.testing.worker.TestWorker.execute(TestWorker.java:103)
  at org.gradle.api.internal.tasks.testing.worker.TestWorker.execute(TestWorker.java:63)
  at org.gradle.process.internal.worker.child.ActionExecutionWorker.execute(ActionExecutionWorker.java:56)
  at org.gradle.process.internal.worker.child.SystemApplicationClassLoaderWorker.call(SystemApplicationClassLoaderWorker.java:122)
  at org.gradle.process.internal.worker.child.SystemApplicationClassLoaderWorker.call(SystemApplicationClassLoaderWorker.java:72)
  at worker.org.gradle.process.internal.worker.GradleWorkerMain.run(GradleWorkerMain.java:69)
  at worker.org.gradle.process.internal.worker.GradleWorkerMain.main(GradleWorkerMain.java:74)
</stacktrace>
</test-failure>


TypeScriptCompilerTests_S[jvm] > shadowPrivateMembers_ts has expected errors matching shadowPrivateMembers_errors_txt[jvm] FAILED

<test-failure test="com.xemantic.typescript.compiler.TypeScriptCompilerTests_S.superCallAssignResult_ts has expected errors matching superCallAssignResult_errors_txt" platform="jvm">
<message>
Expected diagnostics from baseline typescript-repo/tests/baselines/reference/superCallAssignResult.errors.txt but none produced
</message>
<stacktrace>
  at com.xemantic.typescript.compiler.TypeScriptTestSupportKt.errorsMatchBaseline(TypeScriptTestSupport.kt:125)
  at com.xemantic.typescript.compiler.TypeScriptCompilerTests_S.superCallAssignResult_ts has expected errors matching superCallAssignResult_errors_txt(TypeScriptCompilerTests_S.kt:3437)
  at java.base/jdk.internal.reflect.DirectMethodHandleAccessor.invoke(DirectMethodHandleAccessor.java:104)
  at java.base/java.lang.reflect.Method.invoke(Method.java:565)
  at org.junit.runners.model.FrameworkMethod$1.runReflectiveCall(FrameworkMethod.java:59)
  at org.junit.internal.runners.model.ReflectiveCallable.run(ReflectiveCallable.java:12)
  at org.junit.runners.model.FrameworkMethod.invokeExplosively(FrameworkMethod.java:56)
  at org.junit.internal.runners.statements.InvokeMethod.evaluate(InvokeMethod.java:17)
  at org.junit.runners.ParentRunner$3.evaluate(ParentRunner.java:306)
  at org.junit.runners.BlockJUnit4ClassRunner$1.evaluate(BlockJUnit4ClassRunner.java:100)
  at org.junit.runners.ParentRunner.runLeaf(ParentRunner.java:366)
  at org.junit.runners.BlockJUnit4ClassRunner.runChild(BlockJUnit4ClassRunner.java:103)
  at org.junit.runners.BlockJUnit4ClassRunner.runChild(BlockJUnit4ClassRunner.java:63)
  at org.junit.runners.ParentRunner$4.run(ParentRunner.java:331)
  at org.junit.runners.ParentRunner$1.schedule(ParentRunner.java:79)
  at org.junit.runners.ParentRunner.runChildren(ParentRunner.java:329)
  at org.junit.runners.ParentRunner.access$100(ParentRunner.java:66)
  at org.junit.runners.ParentRunner$2.evaluate(ParentRunner.java:293)
  at org.junit.runners.ParentRunner$3.evaluate(ParentRunner.java:306)
  at org.junit.runners.ParentRunner.run(ParentRunner.java:413)
  at org.junit.runner.JUnitCore.run(JUnitCore.java:137)
  at org.junit.runner.JUnitCore.run(JUnitCore.java:115)
  at org.gradle.api.internal.tasks.testing.junit.JUnitTestExecutor.runRequest(JUnitTestExecutor.java:175)
  at org.gradle.api.internal.tasks.testing.junit.JUnitTestExecutor.accept(JUnitTestExecutor.java:84)
  at org.gradle.api.internal.tasks.testing.junit.JUnitTestExecutor.accept(JUnitTestExecutor.java:47)
  at org.gradle.api.internal.tasks.testing.junit.AbstractJUnitTestDefinitionProcessor.processTestDefinition(AbstractJUnitTestDefinitionProcessor.java:65)
  at org.gradle.api.internal.tasks.testing.SuiteTestDefinitionProcessor.processTestDefinition(SuiteTestDefinitionProcessor.java:54)
  at java.base/jdk.internal.reflect.DirectMethodHandleAccessor.invoke(DirectMethodHandleAccessor.java:104)
  at java.base/java.lang.reflect.Method.invoke(Method.java:565)
  at org.gradle.internal.dispatch.MethodInvocation.invokeOn(MethodInvocation.java:77)
  at org.gradle.internal.dispatch.ReflectionDispatch.dispatch(ReflectionDispatch.java:28)
  at org.gradle.internal.dispatch.ReflectionDispatch.dispatch(ReflectionDispatch.java:19)
  at org.gradle.internal.dispatch.ContextClassLoaderDispatch.dispatch(ContextClassLoaderDispatch.java:33)
  at org.gradle.internal.dispatch.ProxyDispatchAdapter$DispatchingInvocationHandler.invoke(ProxyDispatchAdapter.java:88)
  at jdk.proxy1/jdk.proxy1.$Proxy4.processTestDefinition(Unknown Source)
  at org.gradle.api.internal.tasks.testing.worker.TestWorker$2.run(TestWorker.java:178)
  at org.gradle.api.internal.tasks.testing.worker.TestWorker.executeAndMaintainThreadName(TestWorker.java:126)
  at org.gradle.api.internal.tasks.testing.worker.TestWorker.execute(TestWorker.java:103)
  at org.gradle.api.internal.tasks.testing.worker.TestWorker.execute(TestWorker.java:63)
  at org.gradle.process.internal.worker.child.ActionExecutionWorker.execute(ActionExecutionWorker.java:56)
  at org.gradle.process.internal.worker.child.SystemApplicationClassLoaderWorker.call(SystemApplicationClassLoaderWorker.java:122)
  at org.gradle.process.internal.worker.child.SystemApplicationClassLoaderWorker.call(SystemApplicationClassLoaderWorker.java:72)
  at worker.org.gradle.process.internal.worker.GradleWorkerMain.run(GradleWorkerMain.java:69)
  at worker.org.gradle.process.internal.worker.GradleWorkerMain.main(GradleWorkerMain.java:74)
</stacktrace>
</test-failure>


TypeScriptCompilerTests_S[jvm] > superCallAssignResult_ts has expected errors matching superCallAssignResult_errors_txt[jvm] FAILED

<test-failure test="com.xemantic.typescript.compiler.TypeScriptCompilerTests_S.switchCases_ts has expected errors matching switchCases_errors_txt" platform="jvm">
<message>
Expected diagnostics from baseline typescript-repo/tests/baselines/reference/switchCases.errors.txt but none produced
</message>
<stacktrace>
  at com.xemantic.typescript.compiler.TypeScriptTestSupportKt.errorsMatchBaseline(TypeScriptTestSupport.kt:125)
  at com.xemantic.typescript.compiler.TypeScriptCompilerTests_S.switchCases_ts has expected errors matching switchCases_errors_txt(TypeScriptCompilerTests_S.kt:4018)
  at java.base/jdk.internal.reflect.DirectMethodHandleAccessor.invoke(DirectMethodHandleAccessor.java:104)
  at java.base/java.lang.reflect.Method.invoke(Method.java:565)
  at org.junit.runners.model.FrameworkMethod$1.runReflectiveCall(FrameworkMethod.java:59)
  at org.junit.internal.runners.model.ReflectiveCallable.run(ReflectiveCallable.java:12)
  at org.junit.runners.model.FrameworkMethod.invokeExplosively(FrameworkMethod.java:56)
  at org.junit.internal.runners.statements.InvokeMethod.evaluate(InvokeMethod.java:17)
  at org.junit.runners.ParentRunner$3.evaluate(ParentRunner.java:306)
  at org.junit.runners.BlockJUnit4ClassRunner$1.evaluate(BlockJUnit4ClassRunner.java:100)
  at org.junit.runners.ParentRunner.runLeaf(ParentRunner.java:366)
  at org.junit.runners.BlockJUnit4ClassRunner.runChild(BlockJUnit4ClassRunner.java:103)
  at org.junit.runners.BlockJUnit4ClassRunner.runChild(BlockJUnit4ClassRunner.java:63)
  at org.junit.runners.ParentRunner$4.run(ParentRunner.java:331)
  at org.junit.runners.ParentRunner$1.schedule(ParentRunner.java:79)
  at org.junit.runners.ParentRunner.runChildren(ParentRunner.java:329)
  at org.junit.runners.ParentRunner.access$100(ParentRunner.java:66)
  at org.junit.runners.ParentRunner$2.evaluate(ParentRunner.java:293)
  at org.junit.runners.ParentRunner$3.evaluate(ParentRunner.java:306)
  at org.junit.runners.ParentRunner.run(ParentRunner.java:413)
  at org.junit.runner.JUnitCore.run(JUnitCore.java:137)
  at org.junit.runner.JUnitCore.run(JUnitCore.java:115)
  at org.gradle.api.internal.tasks.testing.junit.JUnitTestExecutor.runRequest(JUnitTestExecutor.java:175)
  at org.gradle.api.internal.tasks.testing.junit.JUnitTestExecutor.accept(JUnitTestExecutor.java:84)
  at org.gradle.api.internal.tasks.testing.junit.JUnitTestExecutor.accept(JUnitTestExecutor.java:47)
  at org.gradle.api.internal.tasks.testing.junit.AbstractJUnitTestDefinitionProcessor.processTestDefinition(AbstractJUnitTestDefinitionProcessor.java:65)
  at org.gradle.api.internal.tasks.testing.SuiteTestDefinitionProcessor.processTestDefinition(SuiteTestDefinitionProcessor.java:54)
  at java.base/jdk.internal.reflect.DirectMethodHandleAccessor.invoke(DirectMethodHandleAccessor.java:104)
  at java.base/java.lang.reflect.Method.invoke(Method.java:565)
  at org.gradle.internal.dispatch.MethodInvocation.invokeOn(MethodInvocation.java:77)
  at org.gradle.internal.dispatch.ReflectionDispatch.dispatch(ReflectionDispatch.java:28)
  at org.gradle.internal.dispatch.ReflectionDispatch.dispatch(ReflectionDispatch.java:19)
  at org.gradle.internal.dispatch.ContextClassLoaderDispatch.dispatch(ContextClassLoaderDispatch.java:33)
  at org.gradle.internal.dispatch.ProxyDispatchAdapter$DispatchingInvocationHandler.invoke(ProxyDispatchAdapter.java:88)
  at jdk.proxy1/jdk.proxy1.$Proxy4.processTestDefinition(Unknown Source)
  at org.gradle.api.internal.tasks.testing.worker.TestWorker$2.run(TestWorker.java:178)
  at org.gradle.api.internal.tasks.testing.worker.TestWorker.executeAndMaintainThreadName(TestWorker.java:126)
  at org.gradle.api.internal.tasks.testing.worker.TestWorker.execute(TestWorker.java:103)
  at org.gradle.api.internal.tasks.testing.worker.TestWorker.execute(TestWorker.java:63)
  at org.gradle.process.internal.worker.child.ActionExecutionWorker.execute(ActionExecutionWorker.java:56)
  at org.gradle.process.internal.worker.child.SystemApplicationClassLoaderWorker.call(SystemApplicationClassLoaderWorker.java:122)
  at org.gradle.process.internal.worker.child.SystemApplicationClassLoaderWorker.call(SystemApplicationClassLoaderWorker.java:72)
  at worker.org.gradle.process.internal.worker.GradleWorkerMain.run(GradleWorkerMain.java:69)
  at worker.org.gradle.process.internal.worker.GradleWorkerMain.main(GradleWorkerMain.java:74)
</stacktrace>
</test-failure>


TypeScriptCompilerTests_S[jvm] > switchCases_ts has expected errors matching switchCases_errors_txt[jvm] FAILED

<test-failure test="com.xemantic.typescript.compiler.TypeScriptCompilerTests_S.superInLambdas_ts__target_es2015__has expected errors matching baseline" platform="jvm">
<message>
Expected diagnostics from baseline typescript-repo/tests/baselines/reference/superInLambdas(target=es2015).errors.txt but none produced
</message>
<stacktrace>
  at com.xemantic.typescript.compiler.TypeScriptTestSupportKt.errorsMatchBaseline(TypeScriptTestSupport.kt:125)
  at com.xemantic.typescript.compiler.TypeScriptCompilerTests_S.superInLambdas_ts__target_es2015__has expected errors matching baseline(TypeScriptCompilerTests_S.kt:3689)
  at java.base/jdk.internal.reflect.DirectMethodHandleAccessor.invoke(DirectMethodHandleAccessor.java:104)
  at java.base/java.lang.reflect.Method.invoke(Method.java:565)
  at org.junit.runners.model.FrameworkMethod$1.runReflectiveCall(FrameworkMethod.java:59)
  at org.junit.internal.runners.model.ReflectiveCallable.run(ReflectiveCallable.java:12)
  at org.junit.runners.model.FrameworkMethod.invokeExplosively(FrameworkMethod.java:56)
  at org.junit.internal.runners.statements.InvokeMethod.evaluate(InvokeMethod.java:17)
  at org.junit.runners.ParentRunner$3.evaluate(ParentRunner.java:306)
  at org.junit.runners.BlockJUnit4ClassRunner$1.evaluate(BlockJUnit4ClassRunner.java:100)
  at org.junit.runners.ParentRunner.runLeaf(ParentRunner.java:366)
  at org.junit.runners.BlockJUnit4ClassRunner.runChild(BlockJUnit4ClassRunner.java:103)
  at org.junit.runners.BlockJUnit4ClassRunner.runChild(BlockJUnit4ClassRunner.java:63)
  at org.junit.runners.ParentRunner$4.run(ParentRunner.java:331)
  at org.junit.runners.ParentRunner$1.schedule(ParentRunner.java:79)
  at org.junit.runners.ParentRunner.runChildren(ParentRunner.java:329)
  at org.junit.runners.ParentRunner.access$100(ParentRunner.java:66)
  at org.junit.runners.ParentRunner$2.evaluate(ParentRunner.java:293)
  at org.junit.runners.ParentRunner$3.evaluate(ParentRunner.java:306)
  at org.junit.runners.ParentRunner.run(ParentRunner.java:413)
  at org.junit.runner.JUnitCore.run(JUnitCore.java:137)
  at org.junit.runner.JUnitCore.run(JUnitCore.java:115)
  at org.gradle.api.internal.tasks.testing.junit.JUnitTestExecutor.runRequest(JUnitTestExecutor.java:175)
  at org.gradle.api.internal.tasks.testing.junit.JUnitTestExecutor.accept(JUnitTestExecutor.java:84)
  at org.gradle.api.internal.tasks.testing.junit.JUnitTestExecutor.accept(JUnitTestExecutor.java:47)
  at org.gradle.api.internal.tasks.testing.junit.AbstractJUnitTestDefinitionProcessor.processTestDefinition(AbstractJUnitTestDefinitionProcessor.java:65)
  at org.gradle.api.internal.tasks.testing.SuiteTestDefinitionProcessor.processTestDefinition(SuiteTestDefinitionProcessor.java:54)
  at java.base/jdk.internal.reflect.DirectMethodHandleAccessor.invoke(DirectMethodHandleAccessor.java:104)
  at java.base/java.lang.reflect.Method.invoke(Method.java:565)
  at org.gradle.internal.dispatch.MethodInvocation.invokeOn(MethodInvocation.java:77)
  at org.gradle.internal.dispatch.ReflectionDispatch.dispatch(ReflectionDispatch.java:28)
  at org.gradle.internal.dispatch.ReflectionDispatch.dispatch(ReflectionDispatch.java:19)
  at org.gradle.internal.dispatch.ContextClassLoaderDispatch.dispatch(ContextClassLoaderDispatch.java:33)
  at org.gradle.internal.dispatch.ProxyDispatchAdapter$DispatchingInvocationHandler.invoke(ProxyDispatchAdapter.java:88)
  at jdk.proxy1/jdk.proxy1.$Proxy4.processTestDefinition(Unknown Source)
  at org.gradle.api.internal.tasks.testing.worker.TestWorker$2.run(TestWorker.java:178)
  at org.gradle.api.internal.tasks.testing.worker.TestWorker.executeAndMaintainThreadName(TestWorker.java:126)
  at org.gradle.api.internal.tasks.testing.worker.TestWorker.execute(TestWorker.java:103)
  at org.gradle.api.internal.tasks.testing.worker.TestWorker.execute(TestWorker.java:63)
  at org.gradle.process.internal.worker.child.ActionExecutionWorker.execute(ActionExecutionWorker.java:56)
  at org.gradle.process.internal.worker.child.SystemApplicationClassLoaderWorker.call(SystemApplicationClassLoaderWorker.java:122)
  at org.gradle.process.internal.worker.child.SystemApplicationClassLoaderWorker.call(SystemApplicationClassLoaderWorker.java:72)
  at worker.org.gradle.process.internal.worker.GradleWorkerMain.run(GradleWorkerMain.java:69)
  at worker.org.gradle.process.internal.worker.GradleWorkerMain.main(GradleWorkerMain.java:74)
</stacktrace>
</test-failure>


TypeScriptCompilerTests_S[jvm] > superInLambdas_ts__target_es2015__has expected errors matching baseline[jvm] FAILED

<test-failure test="com.xemantic.typescript.compiler.TypeScriptCompilerTests_S.sourceMapValidationDestructuringParameterNestedObjectBindingPatternDefaultValues_ts has expected errors matching sourceMapValidationDestructuringParameterNestedObjectBindingPatternDefaultValues_errors_txt" platform="jvm">
<message>
Expected diagnostics from baseline typescript-repo/tests/baselines/reference/sourceMapValidationDestructuringParameterNestedObjectBindingPatternDefaultValues.errors.txt but none produced
</message>
<stacktrace>
  at com.xemantic.typescript.compiler.TypeScriptTestSupportKt.errorsMatchBaseline(TypeScriptTestSupport.kt:125)
  at com.xemantic.typescript.compiler.TypeScriptCompilerTests_S.sourceMapValidationDestructuringParameterNestedObjectBindingPatternDefaultValues_ts has expected errors matching sourceMapValidationDestructuringParameterNestedObjectBindingPatternDefaultValues_errors_txt(TypeScriptCompilerTests_S.kt:1400)
  at java.base/jdk.internal.reflect.DirectMethodHandleAccessor.invoke(DirectMethodHandleAccessor.java:104)
  at java.base/java.lang.reflect.Method.invoke(Method.java:565)
  at org.junit.runners.model.FrameworkMethod$1.runReflectiveCall(FrameworkMethod.java:59)
  at org.junit.internal.runners.model.ReflectiveCallable.run(ReflectiveCallable.java:12)
  at org.junit.runners.model.FrameworkMethod.invokeExplosively(FrameworkMethod.java:56)
  at org.junit.internal.runners.statements.InvokeMethod.evaluate(InvokeMethod.java:17)
  at org.junit.runners.ParentRunner$3.evaluate(ParentRunner.java:306)
  at org.junit.runners.BlockJUnit4ClassRunner$1.evaluate(BlockJUnit4ClassRunner.java:100)
  at org.junit.runners.ParentRunner.runLeaf(ParentRunner.java:366)
  at org.junit.runners.BlockJUnit4ClassRunner.runChild(BlockJUnit4ClassRunner.java:103)
  at org.junit.runners.BlockJUnit4ClassRunner.runChild(BlockJUnit4ClassRunner.java:63)
  at org.junit.runners.ParentRunner$4.run(ParentRunner.java:331)
  at org.junit.runners.ParentRunner$1.schedule(ParentRunner.java:79)
  at org.junit.runners.ParentRunner.runChildren(ParentRunner.java:329)
  at org.junit.runners.ParentRunner.access$100(ParentRunner.java:66)
  at org.junit.runners.ParentRunner$2.evaluate(ParentRunner.java:293)
  at org.junit.runners.ParentRunner$3.evaluate(ParentRunner.java:306)
  at org.junit.runners.ParentRunner.run(ParentRunner.java:413)
  at org.junit.runner.JUnitCore.run(JUnitCore.java:137)
  at org.junit.runner.JUnitCore.run(JUnitCore.java:115)
  at org.gradle.api.internal.tasks.testing.junit.JUnitTestExecutor.runRequest(JUnitTestExecutor.java:175)
  at org.gradle.api.internal.tasks.testing.junit.JUnitTestExecutor.accept(JUnitTestExecutor.java:84)
  at org.gradle.api.internal.tasks.testing.junit.JUnitTestExecutor.accept(JUnitTestExecutor.java:47)
  at org.gradle.api.internal.tasks.testing.junit.AbstractJUnitTestDefinitionProcessor.processTestDefinition(AbstractJUnitTestDefinitionProcessor.java:65)
  at org.gradle.api.internal.tasks.testing.SuiteTestDefinitionProcessor.processTestDefinition(SuiteTestDefinitionProcessor.java:54)
  at java.base/jdk.internal.reflect.DirectMethodHandleAccessor.invoke(DirectMethodHandleAccessor.java:104)
  at java.base/java.lang.reflect.Method.invoke(Method.java:565)
  at org.gradle.internal.dispatch.MethodInvocation.invokeOn(MethodInvocation.java:77)
  at org.gradle.internal.dispatch.ReflectionDispatch.dispatch(ReflectionDispatch.java:28)
  at org.gradle.internal.dispatch.ReflectionDispatch.dispatch(ReflectionDispatch.java:19)
  at org.gradle.internal.dispatch.ContextClassLoaderDispatch.dispatch(ContextClassLoaderDispatch.java:33)
  at org.gradle.internal.dispatch.ProxyDispatchAdapter$DispatchingInvocationHandler.invoke(ProxyDispatchAdapter.java:88)
  at jdk.proxy1/jdk.proxy1.$Proxy4.processTestDefinition(Unknown Source)
  at org.gradle.api.internal.tasks.testing.worker.TestWorker$2.run(TestWorker.java:178)
  at org.gradle.api.internal.tasks.testing.worker.TestWorker.executeAndMaintainThreadName(TestWorker.java:126)
  at org.gradle.api.internal.tasks.testing.worker.TestWorker.execute(TestWorker.java:103)
  at org.gradle.api.internal.tasks.testing.worker.TestWorker.execute(TestWorker.java:63)
  at org.gradle.process.internal.worker.child.ActionExecutionWorker.execute(ActionExecutionWorker.java:56)
  at org.gradle.process.internal.worker.child.SystemApplicationClassLoaderWorker.call(SystemApplicationClassLoaderWorker.java:122)
  at org.gradle.process.internal.worker.child.SystemApplicationClassLoaderWorker.call(SystemApplicationClassLoaderWorker.java:72)
  at worker.org.gradle.process.internal.worker.GradleWorkerMain.run(GradleWorkerMain.java:69)
  at worker.org.gradle.process.internal.worker.GradleWorkerMain.main(GradleWorkerMain.java:74)
</stacktrace>
</test-failure>


TypeScriptCompilerTests_S[jvm] > sourceMapValidationDestructuringParameterNestedObjectBindingPatternDefaultValues_ts has expected errors matching sourceMapValidationDestructuringParameterNestedObjectBindingPatternDefaultValues_errors_txt[jvm] FAILED

<test-failure test="com.xemantic.typescript.compiler.TypeScriptCompilerTests_S.shorthandPropertyAssignmentsInDestructuring_ts__target_es2015__has expected errors matching baseline" platform="jvm">
<message>
--- expected
+++ actual
@@ -1,15 +1,7 @@
-shorthandPropertyAssignmentsInDestructuring.ts(38,9): error TS2322: Type 'number' is not assignable to type 'string'.
-shorthandPropertyAssignmentsInDestructuring.ts(44,12): error TS2322: Type 'number' is not assignable to type 'string'.
-shorthandPropertyAssignmentsInDestructuring.ts(70,5): error TS2322: Type 'number' is not assignable to type 'string'.
-shorthandPropertyAssignmentsInDestructuring.ts(75,8): error TS2322: Type 'number' is not assignable to type 'string'.
-shorthandPropertyAssignmentsInDestructuring.ts(80,5): error TS2322: Type 'number' is not assignable to type 'string'.
-shorthandPropertyAssignmentsInDestructuring.ts(80,20): error TS2322: Type 'number' is not assignable to type 'string'.
-shorthandPropertyAssignmentsInDestructuring.ts(85,8): error TS2322: Type 'number' is not assignable to type 'string'.
-shorthandPropertyAssignmentsInDestructuring.ts(85,26): error TS2322: Type 'number' is not assignable to type 'string'.
-shorthandPropertyAssignmentsInDestructuring.ts(111,14): error TS1312: Did you mean to use a ':'? An '=' can only follow a property name when the containing object literal is part of a destructuring pattern.
+shorthandPropertyAssignmentsInDestructuring.ts(111,12): error TS18004: No value exists in scope for the shorthand property 's'. Either declare one or provide an initializer.
 
 
-==== shorthandPropertyAssignmentsInDestructuring.ts (9 errors) ====
+==== shorthandPropertyAssignmentsInDestructuring.ts (1 errors) ====
     (function() {
     	var s0;
     	for ({ s0 = 5 } of [{ s0: 1 }]) {
@@ -48,16 +40,12 @@
     (function() {
     	var s3: string;
     	for ({ s3 = 5 } of [{ s3: "" }]) {
-    	       ~~
-!!! error TS2322: Type 'number' is not assignable to type 'string'.
     	}
     });
     
     (function() {
     	var s3: string;
     	for ({ s3:s3 = 5 } of [{ s3: "" }]) {
-    	          ~~
-!!! error TS2322: Type 'number' is not assignable to type 'string'.
     	}
     });
     
@@ -84,35 +72,21 @@
     (function() {
     	let y1: string;
     	({ y1 = 5 } = {})
-    	   ~~
-!!! error TS2322: Type 'number' is not assignable to type 'string'.
     });
     
     (function() {
     	let y1: string;
     	({ y1:y1 = 5 } = {})
-    	      ~~
-!!! error TS2322: Type 'number' is not assignable to type 'string'.
     });
     
     (function() {
     	let y2: string, y3: { x: string };
     	({ y2 = 5, y3 = { x: 1 } } = {})
-    	   ~~
-!!! error TS2322: Type 'number' is not assignable to type 'string'.
-    	                  ~
-!!! error TS2322: Type 'number' is not assignable to type 'string'.
-!!! related TS6500 shorthandPropertyAssignmentsInDestructuring.ts:79:24: The expected type comes from property 'x' which is declared here on type '{ x: string; }'
     });
     
     (function() {
     	let y2: string, y3: { x: string };
     	({ y2:y2 = 5, y3:y3 = { x: 1 } } = {})
-    	      ~~
-!!! error TS2322: Type 'number' is not assignable to type 'string'.
-    	                        ~
-!!! error TS2322: Type 'number' is not assignable to type 'string'.
-!!! related TS6500 shorthandPropertyAssignmentsInDestructuring.ts:84:24: The expected type comes from property 'x' which is declared here on type '{ x: string; }'
     });
     
     (function() {
@@ -139,8 +113,8 @@
     
     (function() {
     	let a = { s = 5 };
-    	            ~
-!!! error TS1312: Did you mean to use a ':'? An '=' can only follow a property name when the containing object literal is part of a destructuring pattern.
+    	          ~
+!!! error TS18004: No value exists in scope for the shorthand property 's'. Either declare one or provide an initializer.
     });
     
     function foo({a = 4, b = { x: 5 }}) {

</message>
<stacktrace>
  at org.junit.Assert.fail(Assert.java:89)
  at kotlin.test.junit.JUnitAsserter.fail(JUnitSupport.kt:56)
  at kotlin.test.AssertionsKt__AssertionsKt.fail(Assertions.kt:563)
  at kotlin.test.AssertionsKt.fail(Unknown Source)
  at com.xemantic.kotlin.test.SameAsKt.sameAs(SameAs.kt:52)
  at com.xemantic.typescript.compiler.TypeScriptTestSupportKt.errorsMatchBaseline(TypeScriptTestSupport.kt:135)
  at com.xemantic.typescript.compiler.TypeScriptCompilerTests_S.shorthandPropertyAssignmentsInDestructuring_ts__target_es2015__has expected errors matching baseline(TypeScriptCompilerTests_S.kt:553)
  at java.base/jdk.internal.reflect.DirectMethodHandleAccessor.invoke(DirectMethodHandleAccessor.java:104)
  at java.base/java.lang.reflect.Method.invoke(Method.java:565)
  at org.junit.runners.model.FrameworkMethod$1.runReflectiveCall(FrameworkMethod.java:59)
  at org.junit.internal.runners.model.ReflectiveCallable.run(ReflectiveCallable.java:12)
  at org.junit.runners.model.FrameworkMethod.invokeExplosively(FrameworkMethod.java:56)
  at org.junit.internal.runners.statements.InvokeMethod.evaluate(InvokeMethod.java:17)
  at org.junit.runners.ParentRunner$3.evaluate(ParentRunner.java:306)
  at org.junit.runners.BlockJUnit4ClassRunner$1.evaluate(BlockJUnit4ClassRunner.java:100)
  at org.junit.runners.ParentRunner.runLeaf(ParentRunner.java:366)
  at org.junit.runners.BlockJUnit4ClassRunner.runChild(BlockJUnit4ClassRunner.java:103)
  at org.junit.runners.BlockJUnit4ClassRunner.runChild(BlockJUnit4ClassRunner.java:63)
  at org.junit.runners.ParentRunner$4.run(ParentRunner.java:331)
  at org.junit.runners.ParentRunner$1.schedule(ParentRunner.java:79)
  at org.junit.runners.ParentRunner.runChildren(ParentRunner.java:329)
  at org.junit.runners.ParentRunner.access$100(ParentRunner.java:66)
  at org.junit.runners.ParentRunner$2.evaluate(ParentRunner.java:293)
  at org.junit.runners.ParentRunner$3.evaluate(ParentRunner.java:306)
  at org.junit.runners.ParentRunner.run(ParentRunner.java:413)
  at org.junit.runner.JUnitCore.run(JUnitCore.java:137)
  at org.junit.runner.JUnitCore.run(JUnitCore.java:115)
  at org.gradle.api.internal.tasks.testing.junit.JUnitTestExecutor.runRequest(JUnitTestExecutor.java:175)
  at org.gradle.api.internal.tasks.testing.junit.JUnitTestExecutor.accept(JUnitTestExecutor.java:84)
  at org.gradle.api.internal.tasks.testing.junit.JUnitTestExecutor.accept(JUnitTestExecutor.java:47)
  at org.gradle.api.internal.tasks.testing.junit.AbstractJUnitTestDefinitionProcessor.processTestDefinition(AbstractJUnitTestDefinitionProcessor.java:65)
  at org.gradle.api.internal.tasks.testing.SuiteTestDefinitionProcessor.processTestDefinition(SuiteTestDefinitionProcessor.java:54)
  at java.base/jdk.internal.reflect.DirectMethodHandleAccessor.invoke(DirectMethodHandleAccessor.java:104)
  at java.base/java.lang.reflect.Method.invoke(Method.java:565)
  at org.gradle.internal.dispatch.MethodInvocation.invokeOn(MethodInvocation.java:77)
  at org.gradle.internal.dispatch.ReflectionDispatch.dispatch(ReflectionDispatch.java:28)
  at org.gradle.internal.dispatch.ReflectionDispatch.dispatch(ReflectionDispatch.java:19)
  at org.gradle.internal.dispatch.ContextClassLoaderDispatch.dispatch(ContextClassLoaderDispatch.java:33)
  at org.gradle.internal.dispatch.ProxyDispatchAdapter$DispatchingInvocationHandler.invoke(ProxyDispatchAdapter.java:88)
  at jdk.proxy1/jdk.proxy1.$Proxy4.processTestDefinition(Unknown Source)
  at org.gradle.api.internal.tasks.testing.worker.TestWorker$2.run(TestWorker.java:178)
  at org.gradle.api.internal.tasks.testing.worker.TestWorker.executeAndMaintainThreadName(TestWorker.java:126)
  at org.gradle.api.internal.tasks.testing.worker.TestWorker.execute(TestWorker.java:103)
  at org.gradle.api.internal.tasks.testing.worker.TestWorker.execute(TestWorker.java:63)
  at org.gradle.process.internal.worker.child.ActionExecutionWorker.execute(ActionExecutionWorker.java:56)
  at org.gradle.process.internal.worker.child.SystemApplicationClassLoaderWorker.call(SystemApplicationClassLoaderWorker.java:122)
  at org.gradle.process.internal.worker.child.SystemApplicationClassLoaderWorker.call(SystemApplicationClassLoaderWorker.java:72)
  at worker.org.gradle.process.internal.worker.GradleWorkerMain.run(GradleWorkerMain.java:69)
  at worker.org.gradle.process.internal.worker.GradleWorkerMain.main(GradleWorkerMain.java:74)
</stacktrace>
</test-failure>


TypeScriptCompilerTests_S[jvm] > shorthandPropertyAssignmentsInDestructuring_ts__target_es2015__has expected errors matching baseline[jvm] FAILED

<test-failure test="com.xemantic.typescript.compiler.TypeScriptCompilerTests_S.spreadOfParamsFromGeneratorMakesRequiredParams_ts has expected errors matching spreadOfParamsFromGeneratorMakesRequiredParams_errors_txt" platform="jvm">
<message>
Expected diagnostics from baseline typescript-repo/tests/baselines/reference/spreadOfParamsFromGeneratorMakesRequiredParams.errors.txt but none produced
</message>
<stacktrace>
  at com.xemantic.typescript.compiler.TypeScriptTestSupportKt.errorsMatchBaseline(TypeScriptTestSupport.kt:125)
  at com.xemantic.typescript.compiler.TypeScriptCompilerTests_S.spreadOfParamsFromGeneratorMakesRequiredParams_ts has expected errors matching spreadOfParamsFromGeneratorMakesRequiredParams_errors_txt(TypeScriptCompilerTests_S.kt:2240)
  at java.base/jdk.internal.reflect.DirectMethodHandleAccessor.invoke(DirectMethodHandleAccessor.java:104)
  at java.base/java.lang.reflect.Method.invoke(Method.java:565)
  at org.junit.runners.model.FrameworkMethod$1.runReflectiveCall(FrameworkMethod.java:59)
  at org.junit.internal.runners.model.ReflectiveCallable.run(ReflectiveCallable.java:12)
  at org.junit.runners.model.FrameworkMethod.invokeExplosively(FrameworkMethod.java:56)
  at org.junit.internal.runners.statements.InvokeMethod.evaluate(InvokeMethod.java:17)
  at org.junit.runners.ParentRunner$3.evaluate(ParentRunner.java:306)
  at org.junit.runners.BlockJUnit4ClassRunner$1.evaluate(BlockJUnit4ClassRunner.java:100)
  at org.junit.runners.ParentRunner.runLeaf(ParentRunner.java:366)
  at org.junit.runners.BlockJUnit4ClassRunner.runChild(BlockJUnit4ClassRunner.java:103)
  at org.junit.runners.BlockJUnit4ClassRunner.runChild(BlockJUnit4ClassRunner.java:63)
  at org.junit.runners.ParentRunner$4.run(ParentRunner.java:331)
  at org.junit.runners.ParentRunner$1.schedule(ParentRunner.java:79)
  at org.junit.runners.ParentRunner.runChildren(ParentRunner.java:329)
  at org.junit.runners.ParentRunner.access$100(ParentRunner.java:66)
  at org.junit.runners.ParentRunner$2.evaluate(ParentRunner.java:293)
  at org.junit.runners.ParentRunner$3.evaluate(ParentRunner.java:306)
  at org.junit.runners.ParentRunner.run(ParentRunner.java:413)
  at org.junit.runner.JUnitCore.run(JUnitCore.java:137)
  at org.junit.runner.JUnitCore.run(JUnitCore.java:115)
  at org.gradle.api.internal.tasks.testing.junit.JUnitTestExecutor.runRequest(JUnitTestExecutor.java:175)
  at org.gradle.api.internal.tasks.testing.junit.JUnitTestExecutor.accept(JUnitTestExecutor.java:84)
  at org.gradle.api.internal.tasks.testing.junit.JUnitTestExecutor.accept(JUnitTestExecutor.java:47)
  at org.gradle.api.internal.tasks.testing.junit.AbstractJUnitTestDefinitionProcessor.processTestDefinition(AbstractJUnitTestDefinitionProcessor.java:65)
  at org.gradle.api.internal.tasks.testing.SuiteTestDefinitionProcessor.processTestDefinition(SuiteTestDefinitionProcessor.java:54)
  at java.base/jdk.internal.reflect.DirectMethodHandleAccessor.invoke(DirectMethodHandleAccessor.java:104)
  at java.base/java.lang.reflect.Method.invoke(Method.java:565)
  at org.gradle.internal.dispatch.MethodInvocation.invokeOn(MethodInvocation.java:77)
  at org.gradle.internal.dispatch.ReflectionDispatch.dispatch(ReflectionDispatch.java:28)
  at org.gradle.internal.dispatch.ReflectionDispatch.dispatch(ReflectionDispatch.java:19)
  at org.gradle.internal.dispatch.ContextClassLoaderDispatch.dispatch(ContextClassLoaderDispatch.java:33)
  at org.gradle.internal.dispatch.ProxyDispatchAdapter$DispatchingInvocationHandler.invoke(ProxyDispatchAdapter.java:88)
  at jdk.proxy1/jdk.proxy1.$Proxy4.processTestDefinition(Unknown Source)
  at org.gradle.api.internal.tasks.testing.worker.TestWorker$2.run(TestWorker.java:178)
  at org.gradle.api.internal.tasks.testing.worker.TestWorker.executeAndMaintainThreadName(TestWorker.java:126)
  at org.gradle.api.internal.tasks.testing.worker.TestWorker.execute(TestWorker.java:103)
  at org.gradle.api.internal.tasks.testing.worker.TestWorker.execute(TestWorker.java:63)
  at org.gradle.process.internal.worker.child.ActionExecutionWorker.execute(ActionExecutionWorker.java:56)
  at org.gradle.process.internal.worker.child.SystemApplicationClassLoaderWorker.call(SystemApplicationClassLoaderWorker.java:122)
  at org.gradle.process.internal.worker.child.SystemApplicationClassLoaderWorker.call(SystemApplicationClassLoaderWorker.java:72)
  at worker.org.gradle.process.internal.worker.GradleWorkerMain.run(GradleWorkerMain.java:69)
  at worker.org.gradle.process.internal.worker.GradleWorkerMain.main(GradleWorkerMain.java:74)
</stacktrace>
</test-failure>


TypeScriptCompilerTests_S[jvm] > spreadOfParamsFromGeneratorMakesRequiredParams_ts has expected errors matching spreadOfParamsFromGeneratorMakesRequiredParams_errors_txt[jvm] FAILED

<test-failure test="com.xemantic.typescript.compiler.TypeScriptCompilerTests_S.setterWithReturn_ts has expected errors matching setterWithReturn_errors_txt" platform="jvm">
<message>
Expected diagnostics from baseline typescript-repo/tests/baselines/reference/setterWithReturn.errors.txt but none produced
</message>
<stacktrace>
  at com.xemantic.typescript.compiler.TypeScriptTestSupportKt.errorsMatchBaseline(TypeScriptTestSupport.kt:125)
  at com.xemantic.typescript.compiler.TypeScriptCompilerTests_S.setterWithReturn_ts has expected errors matching setterWithReturn_errors_txt(TypeScriptCompilerTests_S.kt:357)
  at java.base/jdk.internal.reflect.DirectMethodHandleAccessor.invoke(DirectMethodHandleAccessor.java:104)
  at java.base/java.lang.reflect.Method.invoke(Method.java:565)
  at org.junit.runners.model.FrameworkMethod$1.runReflectiveCall(FrameworkMethod.java:59)
  at org.junit.internal.runners.model.ReflectiveCallable.run(ReflectiveCallable.java:12)
  at org.junit.runners.model.FrameworkMethod.invokeExplosively(FrameworkMethod.java:56)
  at org.junit.internal.runners.statements.InvokeMethod.evaluate(InvokeMethod.java:17)
  at org.junit.runners.ParentRunner$3.evaluate(ParentRunner.java:306)
  at org.junit.runners.BlockJUnit4ClassRunner$1.evaluate(BlockJUnit4ClassRunner.java:100)
  at org.junit.runners.ParentRunner.runLeaf(ParentRunner.java:366)
  at org.junit.runners.BlockJUnit4ClassRunner.runChild(BlockJUnit4ClassRunner.java:103)
  at org.junit.runners.BlockJUnit4ClassRunner.runChild(BlockJUnit4ClassRunner.java:63)
  at org.junit.runners.ParentRunner$4.run(ParentRunner.java:331)
  at org.junit.runners.ParentRunner$1.schedule(ParentRunner.java:79)
  at org.junit.runners.ParentRunner.runChildren(ParentRunner.java:329)
  at org.junit.runners.ParentRunner.access$100(ParentRunner.java:66)
  at org.junit.runners.ParentRunner$2.evaluate(ParentRunner.java:293)
  at org.junit.runners.ParentRunner$3.evaluate(ParentRunner.java:306)
  at org.junit.runners.ParentRunner.run(ParentRunner.java:413)
  at org.junit.runner.JUnitCore.run(JUnitCore.java:137)
  at org.junit.runner.JUnitCore.run(JUnitCore.java:115)
  at org.gradle.api.internal.tasks.testing.junit.JUnitTestExecutor.runRequest(JUnitTestExecutor.java:175)
  at org.gradle.api.internal.tasks.testing.junit.JUnitTestExecutor.accept(JUnitTestExecutor.java:84)
  at org.gradle.api.internal.tasks.testing.junit.JUnitTestExecutor.accept(JUnitTestExecutor.java:47)
  at org.gradle.api.internal.tasks.testing.junit.AbstractJUnitTestDefinitionProcessor.processTestDefinition(AbstractJUnitTestDefinitionProcessor.java:65)
  at org.gradle.api.internal.tasks.testing.SuiteTestDefinitionProcessor.processTestDefinition(SuiteTestDefinitionProcessor.java:54)
  at java.base/jdk.internal.reflect.DirectMethodHandleAccessor.invoke(DirectMethodHandleAccessor.java:104)
  at java.base/java.lang.reflect.Method.invoke(Method.java:565)
  at org.gradle.internal.dispatch.MethodInvocation.invokeOn(MethodInvocation.java:77)
  at org.gradle.internal.dispatch.ReflectionDispatch.dispatch(ReflectionDispatch.java:28)
  at org.gradle.internal.dispatch.ReflectionDispatch.dispatch(ReflectionDispatch.java:19)
  at org.gradle.internal.dispatch.ContextClassLoaderDispatch.dispatch(ContextClassLoaderDispatch.java:33)
  at org.gradle.internal.dispatch.ProxyDispatchAdapter$DispatchingInvocationHandler.invoke(ProxyDispatchAdapter.java:88)
  at jdk.proxy1/jdk.proxy1.$Proxy4.processTestDefinition(Unknown Source)
  at org.gradle.api.internal.tasks.testing.worker.TestWorker$2.run(TestWorker.java:178)
  at org.gradle.api.internal.tasks.testing.worker.TestWorker.executeAndMaintainThreadName(TestWorker.java:126)
  at org.gradle.api.internal.tasks.testing.worker.TestWorker.execute(TestWorker.java:103)
  at org.gradle.api.internal.tasks.testing.worker.TestWorker.execute(TestWorker.java:63)
  at org.gradle.process.internal.worker.child.ActionExecutionWorker.execute(ActionExecutionWorker.java:56)
  at org.gradle.process.internal.worker.child.SystemApplicationClassLoaderWorker.call(SystemApplicationClassLoaderWorker.java:122)
  at org.gradle.process.internal.worker.child.SystemApplicationClassLoaderWorker.call(SystemApplicationClassLoaderWorker.java:72)
  at worker.org.gradle.process.internal.worker.GradleWorkerMain.run(GradleWorkerMain.java:69)
  at worker.org.gradle.process.internal.worker.GradleWorkerMain.main(GradleWorkerMain.java:74)
</stacktrace>
</test-failure>


TypeScriptCompilerTests_S[jvm] > setterWithReturn_ts has expected errors matching setterWithReturn_errors_txt[jvm] FAILED

<test-failure test="com.xemantic.typescript.compiler.TypeScriptCompilerTests_S.strictNullEmptyDestructuring_ts__target_es2015__has expected errors matching baseline" platform="jvm">
<message>
Expected diagnostics from baseline typescript-repo/tests/baselines/reference/strictNullEmptyDestructuring(target=es2015).errors.txt but none produced
</message>
<stacktrace>
  at com.xemantic.typescript.compiler.TypeScriptTestSupportKt.errorsMatchBaseline(TypeScriptTestSupport.kt:125)
  at com.xemantic.typescript.compiler.TypeScriptCompilerTests_S.strictNullEmptyDestructuring_ts__target_es2015__has expected errors matching baseline(TypeScriptCompilerTests_S.kt:2954)
  at java.base/jdk.internal.reflect.DirectMethodHandleAccessor.invoke(DirectMethodHandleAccessor.java:104)
  at java.base/java.lang.reflect.Method.invoke(Method.java:565)
  at org.junit.runners.model.FrameworkMethod$1.runReflectiveCall(FrameworkMethod.java:59)
  at org.junit.internal.runners.model.ReflectiveCallable.run(ReflectiveCallable.java:12)
  at org.junit.runners.model.FrameworkMethod.invokeExplosively(FrameworkMethod.java:56)
  at org.junit.internal.runners.statements.InvokeMethod.evaluate(InvokeMethod.java:17)
  at org.junit.runners.ParentRunner$3.evaluate(ParentRunner.java:306)
  at org.junit.runners.BlockJUnit4ClassRunner$1.evaluate(BlockJUnit4ClassRunner.java:100)
  at org.junit.runners.ParentRunner.runLeaf(ParentRunner.java:366)
  at org.junit.runners.BlockJUnit4ClassRunner.runChild(BlockJUnit4ClassRunner.java:103)
  at org.junit.runners.BlockJUnit4ClassRunner.runChild(BlockJUnit4ClassRunner.java:63)
  at org.junit.runners.ParentRunner$4.run(ParentRunner.java:331)
  at org.junit.runners.ParentRunner$1.schedule(ParentRunner.java:79)
  at org.junit.runners.ParentRunner.runChildren(ParentRunner.java:329)
  at org.junit.runners.ParentRunner.access$100(ParentRunner.java:66)
  at org.junit.runners.ParentRunner$2.evaluate(ParentRunner.java:293)
  at org.junit.runners.ParentRunner$3.evaluate(ParentRunner.java:306)
  at org.junit.runners.ParentRunner.run(ParentRunner.java:413)
  at org.junit.runner.JUnitCore.run(JUnitCore.java:137)
  at org.junit.runner.JUnitCore.run(JUnitCore.java:115)
  at org.gradle.api.internal.tasks.testing.junit.JUnitTestExecutor.runRequest(JUnitTestExecutor.java:175)
  at org.gradle.api.internal.tasks.testing.junit.JUnitTestExecutor.accept(JUnitTestExecutor.java:84)
  at org.gradle.api.internal.tasks.testing.junit.JUnitTestExecutor.accept(JUnitTestExecutor.java:47)
  at org.gradle.api.internal.tasks.testing.junit.AbstractJUnitTestDefinitionProcessor.processTestDefinition(AbstractJUnitTestDefinitionProcessor.java:65)
  at org.gradle.api.internal.tasks.testing.SuiteTestDefinitionProcessor.processTestDefinition(SuiteTestDefinitionProcessor.java:54)
  at java.base/jdk.internal.reflect.DirectMethodHandleAccessor.invoke(DirectMethodHandleAccessor.java:104)
  at java.base/java.lang.reflect.Method.invoke(Method.java:565)
  at org.gradle.internal.dispatch.MethodInvocation.invokeOn(MethodInvocation.java:77)
  at org.gradle.internal.dispatch.ReflectionDispatch.dispatch(ReflectionDispatch.java:28)
  at org.gradle.internal.dispatch.ReflectionDispatch.dispatch(ReflectionDispatch.java:19)
  at org.gradle.internal.dispatch.ContextClassLoaderDispatch.dispatch(ContextClassLoaderDispatch.java:33)
  at org.gradle.internal.dispatch.ProxyDispatchAdapter$DispatchingInvocationHandler.invoke(ProxyDispatchAdapter.java:88)
  at jdk.proxy1/jdk.proxy1.$Proxy4.processTestDefinition(Unknown Source)
  at org.gradle.api.internal.tasks.testing.worker.TestWorker$2.run(TestWorker.java:178)
  at org.gradle.api.internal.tasks.testing.worker.TestWorker.executeAndMaintainThreadName(TestWorker.java:126)
  at org.gradle.api.internal.tasks.testing.worker.TestWorker.execute(TestWorker.java:103)
  at org.gradle.api.internal.tasks.testing.worker.TestWorker.execute(TestWorker.java:63)
  at org.gradle.process.internal.worker.child.ActionExecutionWorker.execute(ActionExecutionWorker.java:56)
  at org.gradle.process.internal.worker.child.SystemApplicationClassLoaderWorker.call(SystemApplicationClassLoaderWorker.java:122)
  at org.gradle.process.internal.worker.child.SystemApplicationClassLoaderWorker.call(SystemApplicationClassLoaderWorker.java:72)
  at worker.org.gradle.process.internal.worker.GradleWorkerMain.run(GradleWorkerMain.java:69)
  at worker.org.gradle.process.internal.worker.GradleWorkerMain.main(GradleWorkerMain.java:74)
</stacktrace>
</test-failure>


TypeScriptCompilerTests_S[jvm] > strictNullEmptyDestructuring_ts__target_es2015__has expected errors matching baseline[jvm] FAILED

<test-failure test="com.xemantic.typescript.compiler.TypeScriptCompilerTests_S.staticOffOfInstance1_ts has expected errors matching staticOffOfInstance1_errors_txt" platform="jvm">
<message>
Expected diagnostics from baseline typescript-repo/tests/baselines/reference/staticOffOfInstance1.errors.txt but none produced
</message>
<stacktrace>
  at com.xemantic.typescript.compiler.TypeScriptTestSupportKt.errorsMatchBaseline(TypeScriptTestSupport.kt:125)
  at com.xemantic.typescript.compiler.TypeScriptCompilerTests_S.staticOffOfInstance1_ts has expected errors matching staticOffOfInstance1_errors_txt(TypeScriptCompilerTests_S.kt:2632)
  at java.base/jdk.internal.reflect.DirectMethodHandleAccessor.invoke(DirectMethodHandleAccessor.java:104)
  at java.base/java.lang.reflect.Method.invoke(Method.java:565)
  at org.junit.runners.model.FrameworkMethod$1.runReflectiveCall(FrameworkMethod.java:59)
  at org.junit.internal.runners.model.ReflectiveCallable.run(ReflectiveCallable.java:12)
  at org.junit.runners.model.FrameworkMethod.invokeExplosively(FrameworkMethod.java:56)
  at org.junit.internal.runners.statements.InvokeMethod.evaluate(InvokeMethod.java:17)
  at org.junit.runners.ParentRunner$3.evaluate(ParentRunner.java:306)
  at org.junit.runners.BlockJUnit4ClassRunner$1.evaluate(BlockJUnit4ClassRunner.java:100)
  at org.junit.runners.ParentRunner.runLeaf(ParentRunner.java:366)
  at org.junit.runners.BlockJUnit4ClassRunner.runChild(BlockJUnit4ClassRunner.java:103)
  at org.junit.runners.BlockJUnit4ClassRunner.runChild(BlockJUnit4ClassRunner.java:63)
  at org.junit.runners.ParentRunner$4.run(ParentRunner.java:331)
  at org.junit.runners.ParentRunner$1.schedule(ParentRunner.java:79)
  at org.junit.runners.ParentRunner.runChildren(ParentRunner.java:329)
  at org.junit.runners.ParentRunner.access$100(ParentRunner.java:66)
  at org.junit.runners.ParentRunner$2.evaluate(ParentRunner.java:293)
  at org.junit.runners.ParentRunner$3.evaluate(ParentRunner.java:306)
  at org.junit.runners.ParentRunner.run(ParentRunner.java:413)
  at org.junit.runner.JUnitCore.run(JUnitCore.java:137)
  at org.junit.runner.JUnitCore.run(JUnitCore.java:115)
  at org.gradle.api.internal.tasks.testing.junit.JUnitTestExecutor.runRequest(JUnitTestExecutor.java:175)
  at org.gradle.api.internal.tasks.testing.junit.JUnitTestExecutor.accept(JUnitTestExecutor.java:84)
  at org.gradle.api.internal.tasks.testing.junit.JUnitTestExecutor.accept(JUnitTestExecutor.java:47)
  at org.gradle.api.internal.tasks.testing.junit.AbstractJUnitTestDefinitionProcessor.processTestDefinition(AbstractJUnitTestDefinitionProcessor.java:65)
  at org.gradle.api.internal.tasks.testing.SuiteTestDefinitionProcessor.processTestDefinition(SuiteTestDefinitionProcessor.java:54)
  at java.base/jdk.internal.reflect.DirectMethodHandleAccessor.invoke(DirectMethodHandleAccessor.java:104)
  at java.base/java.lang.reflect.Method.invoke(Method.java:565)
  at org.gradle.internal.dispatch.MethodInvocation.invokeOn(MethodInvocation.java:77)
  at org.gradle.internal.dispatch.ReflectionDispatch.dispatch(ReflectionDispatch.java:28)
  at org.gradle.internal.dispatch.ReflectionDispatch.dispatch(ReflectionDispatch.java:19)
  at org.gradle.internal.dispatch.ContextClassLoaderDispatch.dispatch(ContextClassLoaderDispatch.java:33)
  at org.gradle.internal.dispatch.ProxyDispatchAdapter$DispatchingInvocationHandler.invoke(ProxyDispatchAdapter.java:88)
  at jdk.proxy1/jdk.proxy1.$Proxy4.processTestDefinition(Unknown Source)
  at org.gradle.api.internal.tasks.testing.worker.TestWorker$2.run(TestWorker.java:178)
  at org.gradle.api.internal.tasks.testing.worker.TestWorker.executeAndMaintainThreadName(TestWorker.java:126)
  at org.gradle.api.internal.tasks.testing.worker.TestWorker.execute(TestWorker.java:103)
  at org.gradle.api.internal.tasks.testing.worker.TestWorker.execute(TestWorker.java:63)
  at org.gradle.process.internal.worker.child.ActionExecutionWorker.execute(ActionExecutionWorker.java:56)
  at org.gradle.process.internal.worker.child.SystemApplicationClassLoaderWorker.call(SystemApplicationClassLoaderWorker.java:122)
  at org.gradle.process.internal.worker.child.SystemApplicationClassLoaderWorker.call(SystemApplicationClassLoaderWorker.java:72)
  at worker.org.gradle.process.internal.worker.GradleWorkerMain.run(GradleWorkerMain.java:69)
  at worker.org.gradle.process.internal.worker.GradleWorkerMain.main(GradleWorkerMain.java:74)
</stacktrace>
</test-failure>


TypeScriptCompilerTests_S[jvm] > staticOffOfInstance1_ts has expected errors matching staticOffOfInstance1_errors_txt[jvm] FAILED

<test-failure test="com.xemantic.typescript.compiler.TypeScriptCompilerTests_S.superPropertyAccess_ts__target_es2015__has expected errors matching baseline" platform="jvm">
<message>
Expected diagnostics from baseline typescript-repo/tests/baselines/reference/superPropertyAccess(target=es2015).errors.txt but none produced
</message>
<stacktrace>
  at com.xemantic.typescript.compiler.TypeScriptTestSupportKt.errorsMatchBaseline(TypeScriptTestSupport.kt:125)
  at com.xemantic.typescript.compiler.TypeScriptCompilerTests_S.superPropertyAccess_ts__target_es2015__has expected errors matching baseline(TypeScriptCompilerTests_S.kt:3766)
  at java.base/jdk.internal.reflect.DirectMethodHandleAccessor.invoke(DirectMethodHandleAccessor.java:104)
  at java.base/java.lang.reflect.Method.invoke(Method.java:565)
  at org.junit.runners.model.FrameworkMethod$1.runReflectiveCall(FrameworkMethod.java:59)
  at org.junit.internal.runners.model.ReflectiveCallable.run(ReflectiveCallable.java:12)
  at org.junit.runners.model.FrameworkMethod.invokeExplosively(FrameworkMethod.java:56)
  at org.junit.internal.runners.statements.InvokeMethod.evaluate(InvokeMethod.java:17)
  at org.junit.runners.ParentRunner$3.evaluate(ParentRunner.java:306)
  at org.junit.runners.BlockJUnit4ClassRunner$1.evaluate(BlockJUnit4ClassRunner.java:100)
  at org.junit.runners.ParentRunner.runLeaf(ParentRunner.java:366)
  at org.junit.runners.BlockJUnit4ClassRunner.runChild(BlockJUnit4ClassRunner.java:103)
  at org.junit.runners.BlockJUnit4ClassRunner.runChild(BlockJUnit4ClassRunner.java:63)
  at org.junit.runners.ParentRunner$4.run(ParentRunner.java:331)
  at org.junit.runners.ParentRunner$1.schedule(ParentRunner.java:79)
  at org.junit.runners.ParentRunner.runChildren(ParentRunner.java:329)
  at org.junit.runners.ParentRunner.access$100(ParentRunner.java:66)
  at org.junit.runners.ParentRunner$2.evaluate(ParentRunner.java:293)
  at org.junit.runners.ParentRunner$3.evaluate(ParentRunner.java:306)
  at org.junit.runners.ParentRunner.run(ParentRunner.java:413)
  at org.junit.runner.JUnitCore.run(JUnitCore.java:137)
  at org.junit.runner.JUnitCore.run(JUnitCore.java:115)
  at org.gradle.api.internal.tasks.testing.junit.JUnitTestExecutor.runRequest(JUnitTestExecutor.java:175)
  at org.gradle.api.internal.tasks.testing.junit.JUnitTestExecutor.accept(JUnitTestExecutor.java:84)
  at org.gradle.api.internal.tasks.testing.junit.JUnitTestExecutor.accept(JUnitTestExecutor.java:47)
  at org.gradle.api.internal.tasks.testing.junit.AbstractJUnitTestDefinitionProcessor.processTestDefinition(AbstractJUnitTestDefinitionProcessor.java:65)
  at org.gradle.api.internal.tasks.testing.SuiteTestDefinitionProcessor.processTestDefinition(SuiteTestDefinitionProcessor.java:54)
  at java.base/jdk.internal.reflect.DirectMethodHandleAccessor.invoke(DirectMethodHandleAccessor.java:104)
  at java.base/java.lang.reflect.Method.invoke(Method.java:565)
  at org.gradle.internal.dispatch.MethodInvocation.invokeOn(MethodInvocation.java:77)
  at org.gradle.internal.dispatch.ReflectionDispatch.dispatch(ReflectionDispatch.java:28)
  at org.gradle.internal.dispatch.ReflectionDispatch.dispatch(ReflectionDispatch.java:19)
  at org.gradle.internal.dispatch.ContextClassLoaderDispatch.dispatch(ContextClassLoaderDispatch.java:33)
  at org.gradle.internal.dispatch.ProxyDispatchAdapter$DispatchingInvocationHandler.invoke(ProxyDispatchAdapter.java:88)
  at jdk.proxy1/jdk.proxy1.$Proxy4.processTestDefinition(Unknown Source)
  at org.gradle.api.internal.tasks.testing.worker.TestWorker$2.run(TestWorker.java:178)
  at org.gradle.api.internal.tasks.testing.worker.TestWorker.executeAndMaintainThreadName(TestWorker.java:126)
  at org.gradle.api.internal.tasks.testing.worker.TestWorker.execute(TestWorker.java:103)
  at org.gradle.api.internal.tasks.testing.worker.TestWorker.execute(TestWorker.java:63)
  at org.gradle.process.internal.worker.child.ActionExecutionWorker.execute(ActionExecutionWorker.java:56)
  at org.gradle.process.internal.worker.child.SystemApplicationClassLoaderWorker.call(SystemApplicationClassLoaderWorker.java:122)
  at org.gradle.process.internal.worker.child.SystemApplicationClassLoaderWorker.call(SystemApplicationClassLoaderWorker.java:72)
  at worker.org.gradle.process.internal.worker.GradleWorkerMain.run(GradleWorkerMain.java:69)
  at worker.org.gradle.process.internal.worker.GradleWorkerMain.main(GradleWorkerMain.java:74)
</stacktrace>
</test-failure>


TypeScriptCompilerTests_S[jvm] > superPropertyAccess_ts__target_es2015__has expected errors matching baseline[jvm] FAILED

<test-failure test="com.xemantic.typescript.compiler.TypeScriptCompilerTests_S.superPropertyAccess_ES5_ts__target_es5__has expected errors matching baseline" platform="jvm">
<message>
--- expected
+++ actual
@@ -1,11 +1,9 @@
 error TS5107: Option 'target=ES5' is deprecated and will stop functioning in TypeScript 7.0. Specify compilerOption '"ignoreDeprecations": "6.0"' to silence this error.
-superPropertyAccess_ES5.ts(11,22): error TS2340: Only public and protected methods of the base class are accessible via the 'super' keyword.
 superPropertyAccess_ES5.ts(19,13): error TS2564: Property '_property' has no initializer and is not definitely assigned in the constructor.
-superPropertyAccess_ES5.ts(26,15): error TS2340: Only public and protected methods of the base class are accessible via the 'super' keyword.
 
 
 !!! error TS5107: Option 'target=ES5' is deprecated and will stop functioning in TypeScript 7.0. Specify compilerOption '"ignoreDeprecations": "6.0"' to silence this error.
-==== superPropertyAccess_ES5.ts (3 errors) ====
+==== superPropertyAccess_ES5.ts (1 errors) ====
     class MyBase {
       getValue(): number { return 1; }
       get value(): number { return 1; }
@@ -17,8 +15,6 @@
     
         const f1 = super.getValue();
         const f2 = super.value;
-                         ~~~~~
-!!! error TS2340: Only public and protected methods of the base class are accessible via the 'super' keyword.
       }
     }
     
@@ -36,7 +32,5 @@
     class B extends A {
         set property(value: string) {
             super.property = value + " addition";
-                  ~~~~~~~~
-!!! error TS2340: Only public and protected methods of the base class are accessible via the 'super' keyword.
         }
     }

</message>
<stacktrace>
  at org.junit.Assert.fail(Assert.java:89)
  at kotlin.test.junit.JUnitAsserter.fail(JUnitSupport.kt:56)
  at kotlin.test.AssertionsKt__AssertionsKt.fail(Assertions.kt:563)
  at kotlin.test.AssertionsKt.fail(Unknown Source)
  at com.xemantic.kotlin.test.SameAsKt.sameAs(SameAs.kt:52)
  at com.xemantic.typescript.compiler.TypeScriptTestSupportKt.errorsMatchBaseline(TypeScriptTestSupport.kt:135)
  at com.xemantic.typescript.compiler.TypeScriptCompilerTests_S.superPropertyAccess_ES5_ts__target_es5__has expected errors matching baseline(TypeScriptCompilerTests_S.kt:3850)
  at java.base/jdk.internal.reflect.DirectMethodHandleAccessor.invoke(DirectMethodHandleAccessor.java:104)
  at java.base/java.lang.reflect.Method.invoke(Method.java:565)
  at org.junit.runners.model.FrameworkMethod$1.runReflectiveCall(FrameworkMethod.java:59)
  at org.junit.internal.runners.model.ReflectiveCallable.run(ReflectiveCallable.java:12)
  at org.junit.runners.model.FrameworkMethod.invokeExplosively(FrameworkMethod.java:56)
  at org.junit.internal.runners.statements.InvokeMethod.evaluate(InvokeMethod.java:17)
  at org.junit.runners.ParentRunner$3.evaluate(ParentRunner.java:306)
  at org.junit.runners.BlockJUnit4ClassRunner$1.evaluate(BlockJUnit4ClassRunner.java:100)
  at org.junit.runners.ParentRunner.runLeaf(ParentRunner.java:366)
  at org.junit.runners.BlockJUnit4ClassRunner.runChild(BlockJUnit4ClassRunner.java:103)
  at org.junit.runners.BlockJUnit4ClassRunner.runChild(BlockJUnit4ClassRunner.java:63)
  at org.junit.runners.ParentRunner$4.run(ParentRunner.java:331)
  at org.junit.runners.ParentRunner$1.schedule(ParentRunner.java:79)
  at org.junit.runners.ParentRunner.runChildren(ParentRunner.java:329)
  at org.junit.runners.ParentRunner.access$100(ParentRunner.java:66)
  at org.junit.runners.ParentRunner$2.evaluate(ParentRunner.java:293)
  at org.junit.runners.ParentRunner$3.evaluate(ParentRunner.java:306)
  at org.junit.runners.ParentRunner.run(ParentRunner.java:413)
  at org.junit.runner.JUnitCore.run(JUnitCore.java:137)
  at org.junit.runner.JUnitCore.run(JUnitCore.java:115)
  at org.gradle.api.internal.tasks.testing.junit.JUnitTestExecutor.runRequest(JUnitTestExecutor.java:175)
  at org.gradle.api.internal.tasks.testing.junit.JUnitTestExecutor.accept(JUnitTestExecutor.java:84)
  at org.gradle.api.internal.tasks.testing.junit.JUnitTestExecutor.accept(JUnitTestExecutor.java:47)
  at org.gradle.api.internal.tasks.testing.junit.AbstractJUnitTestDefinitionProcessor.processTestDefinition(AbstractJUnitTestDefinitionProcessor.java:65)
  at org.gradle.api.internal.tasks.testing.SuiteTestDefinitionProcessor.processTestDefinition(SuiteTestDefinitionProcessor.java:54)
  at java.base/jdk.internal.reflect.DirectMethodHandleAccessor.invoke(DirectMethodHandleAccessor.java:104)
  at java.base/java.lang.reflect.Method.invoke(Method.java:565)
  at org.gradle.internal.dispatch.MethodInvocation.invokeOn(MethodInvocation.java:77)
  at org.gradle.internal.dispatch.ReflectionDispatch.dispatch(ReflectionDispatch.java:28)
  at org.gradle.internal.dispatch.ReflectionDispatch.dispatch(ReflectionDispatch.java:19)
  at org.gradle.internal.dispatch.ContextClassLoaderDispatch.dispatch(ContextClassLoaderDispatch.java:33)
  at org.gradle.internal.dispatch.ProxyDispatchAdapter$DispatchingInvocationHandler.invoke(ProxyDispatchAdapter.java:88)
  at jdk.proxy1/jdk.proxy1.$Proxy4.processTestDefinition(Unknown Source)
  at org.gradle.api.internal.tasks.testing.worker.TestWorker$2.run(TestWorker.java:178)
  at org.gradle.api.internal.tasks.testing.worker.TestWorker.executeAndMaintainThreadName(TestWorker.java:126)
  at org.gradle.api.internal.tasks.testing.worker.TestWorker.execute(TestWorker.java:103)
  at org.gradle.api.internal.tasks.testing.worker.TestWorker.execute(TestWorker.java:63)
  at org.gradle.process.internal.worker.child.ActionExecutionWorker.execute(ActionExecutionWorker.java:56)
  at org.gradle.process.internal.worker.child.SystemApplicationClassLoaderWorker.call(SystemApplicationClassLoaderWorker.java:122)
  at org.gradle.process.internal.worker.child.SystemApplicationClassLoaderWorker.call(SystemApplicationClassLoaderWorker.java:72)
  at worker.org.gradle.process.internal.worker.GradleWorkerMain.run(GradleWorkerMain.java:69)
  at worker.org.gradle.process.internal.worker.GradleWorkerMain.main(GradleWorkerMain.java:74)
</stacktrace>
</test-failure>


TypeScriptCompilerTests_S[jvm] > superPropertyAccess_ES5_ts__target_es5__has expected errors matching baseline[jvm] FAILED

<test-failure test="com.xemantic.typescript.compiler.TypeScriptCompilerTests_S.styledComponentsInstantiaionLimitNotReached_ts has expected errors matching styledComponentsInstantiaionLimitNotReached_errors_txt" platform="jvm">
<message>
--- expected
+++ actual
@@ -1,30 +1,11 @@
-styledComponentsInstantiaionLimitNotReached.ts(172,39): error TS2344: Type 'WithC' does not satisfy the constraint 'ComponentType<any>'.
-  Type 'AnyStyledComponent' is not assignable to type 'ComponentType<any>'.
-    Type 'StyledComponent<any, any, any, any>' is not assignable to type 'ComponentType<any>'.
-      Type 'StyledComponent<any, any, any, any>' is not assignable to type 'StatelessComponent<any>'.
-        Types of property 'propTypes' are incompatible.
-          Type 'WeakValidationMap<Omit<Omit<any, any> & Partial<Pick<any, any>>, "theme"> & ({ theme?: any; } | ({ theme?: any; } & { children?: ReactNode; }))> | undefined' is not assignable to type 'ValidationMap<any> | undefined'.
-            Type 'WeakValidationMap<Omit<Omit<any, any> & Partial<Pick<any, any>>, "theme"> & { theme?: any; }>' is not assignable to type 'ValidationMap<any>'.
-              'string' index signatures are incompatible.
-                Type 'Validator<any> | undefined' is not assignable to type 'Validator<any>'.
-                  Type 'undefined' is not assignable to type 'Validator<any>'.
-                    Type 'WithC' is not assignable to type 'StatelessComponent<any>'.
-                      Type 'AnyStyledComponent' is not assignable to type 'StatelessComponent<any>'.
-                        Type 'StyledComponent<any, any, any, any>' is not assignable to type 'StatelessComponent<any>'.
-                          Types of property 'propTypes' are incompatible.
-                            Type 'WeakValidationMap<Omit<Omit<any, any> & Partial<Pick<any, any>>, "theme"> & ({ theme?: any; } | ({ theme?: any; } & { children?: ReactNode; }))> | undefined' is not assignable to type 'ValidationMap<any> | undefined'.
-                              Type 'WeakValidationMap<Omit<Omit<any, any> & Partial<Pick<any, any>>, "theme"> & { theme?: any; }>' is not assignable to type 'ValidationMap<any>'.
-                                'string' index signatures are incompatible.
-                                  Type 'Validator<any> | undefined' is not assignable to type 'Validator<any>'.
-                                    Type 'undefined' is not assignable to type 'Validator<any>'.
-styledComponentsInstantiaionLimitNotReached.ts(195,65): error TS2344: Type 'AnyStyledComponent & C' does not satisfy the constraint 'ComponentType<any>'.
-  Type 'string & StyledComponentBase<any, any, any, any> & NonReactStatics<any, {}> & C' is not assignable to type 'ComponentType<any>'.
-    Type 'string & StyledComponentBase<any, any, any, any> & NonReactStatics<any, {}> & C' is not assignable to type 'StatelessComponent<any>'.
+styledComponentsInstantiaionLimitNotReached.ts(2,24): error TS2307: Cannot find module 'react' or its corresponding type declarations.
 
 
-==== styledComponentsInstantiaionLimitNotReached.ts (2 errors) ====
+==== styledComponentsInstantiaionLimitNotReached.ts (1 errors) ====
     /// <reference path="/.lib/react16.d.ts" />
     import * as React from "react";
+                           ~~~~~~~
+!!! error TS2307: Cannot find module 'react' or its corresponding type declarations.
     
     interface REACT_STATICS {
         childContextTypes: true;
@@ -195,26 +176,6 @@
             component: WithC,
         ): StyledComponent<
             StyledComponentInnerComponent<WithC>,
-                                          ~~~~~
-!!! error TS2344: Type 'WithC' does not satisfy the constraint 'ComponentType<any>'.
-!!! error TS2344:   Type 'AnyStyledComponent' is not assignable to type 'ComponentType<any>'.
-!!! error TS2344:     Type 'StyledComponent<any, any, any, any>' is not assignable to type 'ComponentType<any>'.
-!!! error TS2344:       Type 'StyledComponent<any, any, any, any>' is not assignable to type 'StatelessComponent<any>'.
-!!! error TS2344:         Types of property 'propTypes' are incompatible.
-!!! error TS2344:           Type 'WeakValidationMap<Omit<Omit<any, any> & Partial<Pick<any, any>>, "theme"> & ({ theme?: any; } | ({ theme?: any; } & { children?: ReactNode; }))> | undefined' is not assignable to type 'ValidationMap<any> | undefined'.
-!!! error TS2344:             Type 'WeakValidationMap<Omit<Omit<any, any> & Partial<Pick<any, any>>, "theme"> & { theme?: any; }>' is not assignable to type 'ValidationMap<any>'.
-!!! error TS2344:               'string' index signatures are incompatible.
-!!! error TS2344:                 Type 'Validator<any> | undefined' is not assignable to type 'Validator<any>'.
-!!! error TS2344:                   Type 'undefined' is not assignable to type 'Validator<any>'.
-!!! error TS2344:                     Type 'WithC' is not assignable to type 'StatelessComponent<any>'.
-!!! error TS2344:                       Type 'AnyStyledComponent' is not assignable to type 'StatelessComponent<any>'.
-!!! error TS2344:                         Type 'StyledComponent<any, any, any, any>' is not assignable to type 'StatelessComponent<any>'.
-!!! error TS2344:                           Types of property 'propTypes' are incompatible.
-!!! error TS2344:                             Type 'WeakValidationMap<Omit<Omit<any, any> & Partial<Pick<any, any>>, "theme"> & ({ theme?: any; } | ({ theme?: any; } & { children?: ReactNode; }))> | undefined' is not assignable to type 'ValidationMap<any> | undefined'.
-!!! error TS2344:                               Type 'WeakValidationMap<Omit<Omit<any, any> & Partial<Pick<any, any>>, "theme"> & { theme?: any; }>' is not assignable to type 'ValidationMap<any>'.
-!!! error TS2344:                                 'string' index signatures are incompatible.
-!!! error TS2344:                                   Type 'Validator<any> | undefined' is not assignable to type 'Validator<any>'.
-!!! error TS2344:                                     Type 'undefined' is not assignable to type 'Validator<any>'.
             T,
             O & StyledComponentInnerOtherProps<WithC>,
             A | StyledComponentInnerAttrs<WithC>
@@ -238,8 +199,4 @@
         C extends keyof JSX.IntrinsicElements | React.ComponentType<any>
         > = C extends AnyStyledComponent
         ? React.ComponentPropsWithRef<StyledComponentInnerComponent<C>> // shouldn't have an instantiation limit error
-                                                                    ~
-!!! error TS2344: Type 'AnyStyledComponent & C' does not satisfy the constraint 'ComponentType<any>'.
-!!! error TS2344:   Type 'string & StyledComponentBase<any, any, any, any> & NonReactStatics<any, {}> & C' is not assignable to type 'ComponentType<any>'.
-!!! error TS2344:     Type 'string & StyledComponentBase<any, any, any, any> & NonReactStatics<any, {}> & C' is not assignable to type 'StatelessComponent<any>'.
         : React.ComponentPropsWithRef<C>;

</message>
<stacktrace>
  at org.junit.Assert.fail(Assert.java:89)
  at kotlin.test.junit.JUnitAsserter.fail(JUnitSupport.kt:56)
  at kotlin.test.AssertionsKt__AssertionsKt.fail(Assertions.kt:563)
  at kotlin.test.AssertionsKt.fail(Unknown Source)
  at com.xemantic.kotlin.test.SameAsKt.sameAs(SameAs.kt:52)
  at com.xemantic.typescript.compiler.TypeScriptTestSupportKt.errorsMatchBaseline(TypeScriptTestSupport.kt:135)
  at com.xemantic.typescript.compiler.TypeScriptCompilerTests_S.styledComponentsInstantiaionLimitNotReached_ts has expected errors matching styledComponentsInstantiaionLimitNotReached_errors_txt(TypeScriptCompilerTests_S.kt:3213)
  at java.base/jdk.internal.reflect.DirectMethodHandleAccessor.invoke(DirectMethodHandleAccessor.java:104)
  at java.base/java.lang.reflect.Method.invoke(Method.java:565)
  at org.junit.runners.model.FrameworkMethod$1.runReflectiveCall(FrameworkMethod.java:59)
  at org.junit.internal.runners.model.ReflectiveCallable.run(ReflectiveCallable.java:12)
  at org.junit.runners.model.FrameworkMethod.invokeExplosively(FrameworkMethod.java:56)
  at org.junit.internal.runners.statements.InvokeMethod.evaluate(InvokeMethod.java:17)
  at org.junit.runners.ParentRunner$3.evaluate(ParentRunner.java:306)
  at org.junit.runners.BlockJUnit4ClassRunner$1.evaluate(BlockJUnit4ClassRunner.java:100)
  at org.junit.runners.ParentRunner.runLeaf(ParentRunner.java:366)
  at org.junit.runners.BlockJUnit4ClassRunner.runChild(BlockJUnit4ClassRunner.java:103)
  at org.junit.runners.BlockJUnit4ClassRunner.runChild(BlockJUnit4ClassRunner.java:63)
  at org.junit.runners.ParentRunner$4.run(ParentRunner.java:331)
  at org.junit.runners.ParentRunner$1.schedule(ParentRunner.java:79)
  at org.junit.runners.ParentRunner.runChildren(ParentRunner.java:329)
  at org.junit.runners.ParentRunner.access$100(ParentRunner.java:66)
  at org.junit.runners.ParentRunner$2.evaluate(ParentRunner.java:293)
  at org.junit.runners.ParentRunner$3.evaluate(ParentRunner.java:306)
  at org.junit.runners.ParentRunner.run(ParentRunner.java:413)
  at org.junit.runner.JUnitCore.run(JUnitCore.java:137)
  at org.junit.runner.JUnitCore.run(JUnitCore.java:115)
  at org.gradle.api.internal.tasks.testing.junit.JUnitTestExecutor.runRequest(JUnitTestExecutor.java:175)
  at org.gradle.api.internal.tasks.testing.junit.JUnitTestExecutor.accept(JUnitTestExecutor.java:84)
  at org.gradle.api.internal.tasks.testing.junit.JUnitTestExecutor.accept(JUnitTestExecutor.java:47)
  at org.gradle.api.internal.tasks.testing.junit.AbstractJUnitTestDefinitionProcessor.processTestDefinition(AbstractJUnitTestDefinitionProcessor.java:65)
  at org.gradle.api.internal.tasks.testing.SuiteTestDefinitionProcessor.processTestDefinition(SuiteTestDefinitionProcessor.java:54)
  at java.base/jdk.internal.reflect.DirectMethodHandleAccessor.invoke(DirectMethodHandleAccessor.java:104)
  at java.base/java.lang.reflect.Method.invoke(Method.java:565)
  at org.gradle.internal.dispatch.MethodInvocation.invokeOn(MethodInvocation.java:77)
  at org.gradle.internal.dispatch.ReflectionDispatch.dispatch(ReflectionDispatch.java:28)
  at org.gradle.internal.dispatch.ReflectionDispatch.dispatch(ReflectionDispatch.java:19)
  at org.gradle.internal.dispatch.ContextClassLoaderDispatch.dispatch(ContextClassLoaderDispatch.java:33)
  at org.gradle.internal.dispatch.ProxyDispatchAdapter$DispatchingInvocationHandler.invoke(ProxyDispatchAdapter.java:88)
  at jdk.proxy1/jdk.proxy1.$Proxy4.processTestDefinition(Unknown Source)
  at org.gradle.api.internal.tasks.testing.worker.TestWorker$2.run(TestWorker.java:178)
  at org.gradle.api.internal.tasks.testing.worker.TestWorker.executeAndMaintainThreadName(TestWorker.java:126)
  at org.gradle.api.internal.tasks.testing.worker.TestWorker.execute(TestWorker.java:103)
  at org.gradle.api.internal.tasks.testing.worker.TestWorker.execute(TestWorker.java:63)
  at org.gradle.process.internal.worker.child.ActionExecutionWorker.execute(ActionExecutionWorker.java:56)
  at org.gradle.process.internal.worker.child.SystemApplicationClassLoaderWorker.call(SystemApplicationClassLoaderWorker.java:122)
  at org.gradle.process.internal.worker.child.SystemApplicationClassLoaderWorker.call(SystemApplicationClassLoaderWorker.java:72)
  at worker.org.gradle.process.internal.worker.GradleWorkerMain.run(GradleWorkerMain.java:69)
  at worker.org.gradle.process.internal.worker.GradleWorkerMain.main(GradleWorkerMain.java:74)
</stacktrace>
</test-failure>


TypeScriptCompilerTests_S[jvm] > styledComponentsInstantiaionLimitNotReached_ts has expected errors matching styledComponentsInstantiaionLimitNotReached_errors_txt[jvm] FAILED

<test-failure test="com.xemantic.typescript.compiler.TypeScriptCompilerTests_S.slightlyIndirectedDeepObjectLiteralElaborations_ts has expected errors matching slightlyIndirectedDeepObjectLiteralElaborations_errors_txt" platform="jvm">
<message>
Expected diagnostics from baseline typescript-repo/tests/baselines/reference/slightlyIndirectedDeepObjectLiteralElaborations.errors.txt but none produced
</message>
<stacktrace>
  at com.xemantic.typescript.compiler.TypeScriptTestSupportKt.errorsMatchBaseline(TypeScriptTestSupport.kt:125)
  at com.xemantic.typescript.compiler.TypeScriptCompilerTests_S.slightlyIndirectedDeepObjectLiteralElaborations_ts has expected errors matching slightlyIndirectedDeepObjectLiteralElaborations_errors_txt(TypeScriptCompilerTests_S.kt:896)
  at java.base/jdk.internal.reflect.DirectMethodHandleAccessor.invoke(DirectMethodHandleAccessor.java:104)
  at java.base/java.lang.reflect.Method.invoke(Method.java:565)
  at org.junit.runners.model.FrameworkMethod$1.runReflectiveCall(FrameworkMethod.java:59)
  at org.junit.internal.runners.model.ReflectiveCallable.run(ReflectiveCallable.java:12)
  at org.junit.runners.model.FrameworkMethod.invokeExplosively(FrameworkMethod.java:56)
  at org.junit.internal.runners.statements.InvokeMethod.evaluate(InvokeMethod.java:17)
  at org.junit.runners.ParentRunner$3.evaluate(ParentRunner.java:306)
  at org.junit.runners.BlockJUnit4ClassRunner$1.evaluate(BlockJUnit4ClassRunner.java:100)
  at org.junit.runners.ParentRunner.runLeaf(ParentRunner.java:366)
  at org.junit.runners.BlockJUnit4ClassRunner.runChild(BlockJUnit4ClassRunner.java:103)
  at org.junit.runners.BlockJUnit4ClassRunner.runChild(BlockJUnit4ClassRunner.java:63)
  at org.junit.runners.ParentRunner$4.run(ParentRunner.java:331)
  at org.junit.runners.ParentRunner$1.schedule(ParentRunner.java:79)
  at org.junit.runners.ParentRunner.runChildren(ParentRunner.java:329)
  at org.junit.runners.ParentRunner.access$100(ParentRunner.java:66)
  at org.junit.runners.ParentRunner$2.evaluate(ParentRunner.java:293)
  at org.junit.runners.ParentRunner$3.evaluate(ParentRunner.java:306)
  at org.junit.runners.ParentRunner.run(ParentRunner.java:413)
  at org.junit.runner.JUnitCore.run(JUnitCore.java:137)
  at org.junit.runner.JUnitCore.run(JUnitCore.java:115)
  at org.gradle.api.internal.tasks.testing.junit.JUnitTestExecutor.runRequest(JUnitTestExecutor.java:175)
  at org.gradle.api.internal.tasks.testing.junit.JUnitTestExecutor.accept(JUnitTestExecutor.java:84)
  at org.gradle.api.internal.tasks.testing.junit.JUnitTestExecutor.accept(JUnitTestExecutor.java:47)
  at org.gradle.api.internal.tasks.testing.junit.AbstractJUnitTestDefinitionProcessor.processTestDefinition(AbstractJUnitTestDefinitionProcessor.java:65)
  at org.gradle.api.internal.tasks.testing.SuiteTestDefinitionProcessor.processTestDefinition(SuiteTestDefinitionProcessor.java:54)
  at java.base/jdk.internal.reflect.DirectMethodHandleAccessor.invoke(DirectMethodHandleAccessor.java:104)
  at java.base/java.lang.reflect.Method.invoke(Method.java:565)
  at org.gradle.internal.dispatch.MethodInvocation.invokeOn(MethodInvocation.java:77)
  at org.gradle.internal.dispatch.ReflectionDispatch.dispatch(ReflectionDispatch.java:28)
  at org.gradle.internal.dispatch.ReflectionDispatch.dispatch(ReflectionDispatch.java:19)
  at org.gradle.internal.dispatch.ContextClassLoaderDispatch.dispatch(ContextClassLoaderDispatch.java:33)
  at org.gradle.internal.dispatch.ProxyDispatchAdapter$DispatchingInvocationHandler.invoke(ProxyDispatchAdapter.java:88)
  at jdk.proxy1/jdk.proxy1.$Proxy4.processTestDefinition(Unknown Source)
  at org.gradle.api.internal.tasks.testing.worker.TestWorker$2.run(TestWorker.java:178)
  at org.gradle.api.internal.tasks.testing.worker.TestWorker.executeAndMaintainThreadName(TestWorker.java:126)
  at org.gradle.api.internal.tasks.testing.worker.TestWorker.execute(TestWorker.java:103)
  at org.gradle.api.internal.tasks.testing.worker.TestWorker.execute(TestWorker.java:63)
  at org.gradle.process.internal.worker.child.ActionExecutionWorker.execute(ActionExecutionWorker.java:56)
  at org.gradle.process.internal.worker.child.SystemApplicationClassLoaderWorker.call(SystemApplicationClassLoaderWorker.java:122)
  at org.gradle.process.internal.worker.child.SystemApplicationClassLoaderWorker.call(SystemApplicationClassLoaderWorker.java:72)
  at worker.org.gradle.process.internal.worker.GradleWorkerMain.run(GradleWorkerMain.java:69)
  at worker.org.gradle.process.internal.worker.GradleWorkerMain.main(GradleWorkerMain.java:74)
</stacktrace>
</test-failure>


TypeScriptCompilerTests_S[jvm] > slightlyIndirectedDeepObjectLiteralElaborations_ts has expected errors matching slightlyIndirectedDeepObjectLiteralElaborations_errors_txt[jvm] FAILED

<test-failure test="com.xemantic.typescript.compiler.TypeScriptCompilerTests_S.statics_ts has expected errors matching statics_errors_txt" platform="jvm">
<message>
Expected diagnostics from baseline typescript-repo/tests/baselines/reference/statics.errors.txt but none produced
</message>
<stacktrace>
  at com.xemantic.typescript.compiler.TypeScriptTestSupportKt.errorsMatchBaseline(TypeScriptTestSupport.kt:125)
  at com.xemantic.typescript.compiler.TypeScriptCompilerTests_S.statics_ts has expected errors matching statics_errors_txt(TypeScriptCompilerTests_S.kt:2723)
  at java.base/jdk.internal.reflect.DirectMethodHandleAccessor.invoke(DirectMethodHandleAccessor.java:104)
  at java.base/java.lang.reflect.Method.invoke(Method.java:565)
  at org.junit.runners.model.FrameworkMethod$1.runReflectiveCall(FrameworkMethod.java:59)
  at org.junit.internal.runners.model.ReflectiveCallable.run(ReflectiveCallable.java:12)
  at org.junit.runners.model.FrameworkMethod.invokeExplosively(FrameworkMethod.java:56)
  at org.junit.internal.runners.statements.InvokeMethod.evaluate(InvokeMethod.java:17)
  at org.junit.runners.ParentRunner$3.evaluate(ParentRunner.java:306)
  at org.junit.runners.BlockJUnit4ClassRunner$1.evaluate(BlockJUnit4ClassRunner.java:100)
  at org.junit.runners.ParentRunner.runLeaf(ParentRunner.java:366)
  at org.junit.runners.BlockJUnit4ClassRunner.runChild(BlockJUnit4ClassRunner.java:103)
  at org.junit.runners.BlockJUnit4ClassRunner.runChild(BlockJUnit4ClassRunner.java:63)
  at org.junit.runners.ParentRunner$4.run(ParentRunner.java:331)
  at org.junit.runners.ParentRunner$1.schedule(ParentRunner.java:79)
  at org.junit.runners.ParentRunner.runChildren(ParentRunner.java:329)
  at org.junit.runners.ParentRunner.access$100(ParentRunner.java:66)
  at org.junit.runners.ParentRunner$2.evaluate(ParentRunner.java:293)
  at org.junit.runners.ParentRunner$3.evaluate(ParentRunner.java:306)
  at org.junit.runners.ParentRunner.run(ParentRunner.java:413)
  at org.junit.runner.JUnitCore.run(JUnitCore.java:137)
  at org.junit.runner.JUnitCore.run(JUnitCore.java:115)
  at org.gradle.api.internal.tasks.testing.junit.JUnitTestExecutor.runRequest(JUnitTestExecutor.java:175)
  at org.gradle.api.internal.tasks.testing.junit.JUnitTestExecutor.accept(JUnitTestExecutor.java:84)
  at org.gradle.api.internal.tasks.testing.junit.JUnitTestExecutor.accept(JUnitTestExecutor.java:47)
  at org.gradle.api.internal.tasks.testing.junit.AbstractJUnitTestDefinitionProcessor.processTestDefinition(AbstractJUnitTestDefinitionProcessor.java:65)
  at org.gradle.api.internal.tasks.testing.SuiteTestDefinitionProcessor.processTestDefinition(SuiteTestDefinitionProcessor.java:54)
  at java.base/jdk.internal.reflect.DirectMethodHandleAccessor.invoke(DirectMethodHandleAccessor.java:104)
  at java.base/java.lang.reflect.Method.invoke(Method.java:565)
  at org.gradle.internal.dispatch.MethodInvocation.invokeOn(MethodInvocation.java:77)
  at org.gradle.internal.dispatch.ReflectionDispatch.dispatch(ReflectionDispatch.java:28)
  at org.gradle.internal.dispatch.ReflectionDispatch.dispatch(ReflectionDispatch.java:19)
  at org.gradle.internal.dispatch.ContextClassLoaderDispatch.dispatch(ContextClassLoaderDispatch.java:33)
  at org.gradle.internal.dispatch.ProxyDispatchAdapter$DispatchingInvocationHandler.invoke(ProxyDispatchAdapter.java:88)
  at jdk.proxy1/jdk.proxy1.$Proxy4.processTestDefinition(Unknown Source)
  at org.gradle.api.internal.tasks.testing.worker.TestWorker$2.run(TestWorker.java:178)
  at org.gradle.api.internal.tasks.testing.worker.TestWorker.executeAndMaintainThreadName(TestWorker.java:126)
  at org.gradle.api.internal.tasks.testing.worker.TestWorker.execute(TestWorker.java:103)
  at org.gradle.api.internal.tasks.testing.worker.TestWorker.execute(TestWorker.java:63)
  at org.gradle.process.internal.worker.child.ActionExecutionWorker.execute(ActionExecutionWorker.java:56)
  at org.gradle.process.internal.worker.child.SystemApplicationClassLoaderWorker.call(SystemApplicationClassLoaderWorker.java:122)
  at org.gradle.process.internal.worker.child.SystemApplicationClassLoaderWorker.call(SystemApplicationClassLoaderWorker.java:72)
  at worker.org.gradle.process.internal.worker.GradleWorkerMain.run(GradleWorkerMain.java:69)
  at worker.org.gradle.process.internal.worker.GradleWorkerMain.main(GradleWorkerMain.java:74)
</stacktrace>
</test-failure>


TypeScriptCompilerTests_S[jvm] > statics_ts has expected errors matching statics_errors_txt[jvm] FAILED

<test-failure test="com.xemantic.typescript.compiler.TypeScriptCompilerTests_S.staticInstanceResolution5_ts has expected errors matching staticInstanceResolution5_errors_txt" platform="jvm">
<message>
--- expected
+++ actual
@@ -1,22 +1,13 @@
 staticInstanceResolution5_0.ts(3,9): error TS2322: Type 'null' is not assignable to type 'Promise'.
-staticInstanceResolution5_1.ts(4,14): error TS2709: Cannot use namespace 'WinJS' as a type.
-staticInstanceResolution5_1.ts(5,23): error TS2709: Cannot use namespace 'WinJS' as a type.
-staticInstanceResolution5_1.ts(6,16): error TS2709: Cannot use namespace 'WinJS' as a type.
 
 
-==== staticInstanceResolution5_1.ts (3 errors) ====
+==== staticInstanceResolution5_1.ts (0 errors) ====
     import WinJS = require('./staticInstanceResolution5_0');
     
     // these 3 should be errors
     var x = (w1: WinJS) => { };
-                 ~~~~~
-!!! error TS2709: Cannot use namespace 'WinJS' as a type.
     var y = function (w2: WinJS) { }
-                          ~~~~~
-!!! error TS2709: Cannot use namespace 'WinJS' as a type.
     function z(w3: WinJS) { }
-                   ~~~~~
-!!! error TS2709: Cannot use namespace 'WinJS' as a type.
     
 ==== staticInstanceResolution5_0.ts (1 errors) ====
     export class Promise {

</message>
<stacktrace>
  at org.junit.Assert.fail(Assert.java:89)
  at kotlin.test.junit.JUnitAsserter.fail(JUnitSupport.kt:56)
  at kotlin.test.AssertionsKt__AssertionsKt.fail(Assertions.kt:563)
  at kotlin.test.AssertionsKt.fail(Unknown Source)
  at com.xemantic.kotlin.test.SameAsKt.sameAs(SameAs.kt:52)
  at com.xemantic.typescript.compiler.TypeScriptTestSupportKt.errorsMatchBaseline(TypeScriptTestSupport.kt:135)
  at com.xemantic.typescript.compiler.TypeScriptCompilerTests_S.staticInstanceResolution5_ts has expected errors matching staticInstanceResolution5_errors_txt(TypeScriptCompilerTests_S.kt:2492)
  at java.base/jdk.internal.reflect.DirectMethodHandleAccessor.invoke(DirectMethodHandleAccessor.java:104)
  at java.base/java.lang.reflect.Method.invoke(Method.java:565)
  at org.junit.runners.model.FrameworkMethod$1.runReflectiveCall(FrameworkMethod.java:59)
  at org.junit.internal.runners.model.ReflectiveCallable.run(ReflectiveCallable.java:12)
  at org.junit.runners.model.FrameworkMethod.invokeExplosively(FrameworkMethod.java:56)
  at org.junit.internal.runners.statements.InvokeMethod.evaluate(InvokeMethod.java:17)
  at org.junit.runners.ParentRunner$3.evaluate(ParentRunner.java:306)
  at org.junit.runners.BlockJUnit4ClassRunner$1.evaluate(BlockJUnit4ClassRunner.java:100)
  at org.junit.runners.ParentRunner.runLeaf(ParentRunner.java:366)
  at org.junit.runners.BlockJUnit4ClassRunner.runChild(BlockJUnit4ClassRunner.java:103)
  at org.junit.runners.BlockJUnit4ClassRunner.runChild(BlockJUnit4ClassRunner.java:63)
  at org.junit.runners.ParentRunner$4.run(ParentRunner.java:331)
  at org.junit.runners.ParentRunner$1.schedule(ParentRunner.java:79)
  at org.junit.runners.ParentRunner.runChildren(ParentRunner.java:329)
  at org.junit.runners.ParentRunner.access$100(ParentRunner.java:66)
  at org.junit.runners.ParentRunner$2.evaluate(ParentRunner.java:293)
  at org.junit.runners.ParentRunner$3.evaluate(ParentRunner.java:306)
  at org.junit.runners.ParentRunner.run(ParentRunner.java:413)
  at org.junit.runner.JUnitCore.run(JUnitCore.java:137)
  at org.junit.runner.JUnitCore.run(JUnitCore.java:115)
  at org.gradle.api.internal.tasks.testing.junit.JUnitTestExecutor.runRequest(JUnitTestExecutor.java:175)
  at org.gradle.api.internal.tasks.testing.junit.JUnitTestExecutor.accept(JUnitTestExecutor.java:84)
  at org.gradle.api.internal.tasks.testing.junit.JUnitTestExecutor.accept(JUnitTestExecutor.java:47)
  at org.gradle.api.internal.tasks.testing.junit.AbstractJUnitTestDefinitionProcessor.processTestDefinition(AbstractJUnitTestDefinitionProcessor.java:65)
  at org.gradle.api.internal.tasks.testing.SuiteTestDefinitionProcessor.processTestDefinition(SuiteTestDefinitionProcessor.java:54)
  at java.base/jdk.internal.reflect.DirectMethodHandleAccessor.invoke(DirectMethodHandleAccessor.java:104)
  at java.base/java.lang.reflect.Method.invoke(Method.java:565)
  at org.gradle.internal.dispatch.MethodInvocation.invokeOn(MethodInvocation.java:77)
  at org.gradle.internal.dispatch.ReflectionDispatch.dispatch(ReflectionDispatch.java:28)
  at org.gradle.internal.dispatch.ReflectionDispatch.dispatch(ReflectionDispatch.java:19)
  at org.gradle.internal.dispatch.ContextClassLoaderDispatch.dispatch(ContextClassLoaderDispatch.java:33)
  at org.gradle.internal.dispatch.ProxyDispatchAdapter$DispatchingInvocationHandler.invoke(ProxyDispatchAdapter.java:88)
  at jdk.proxy1/jdk.proxy1.$Proxy4.processTestDefinition(Unknown Source)
  at org.gradle.api.internal.tasks.testing.worker.TestWorker$2.run(TestWorker.java:178)
  at org.gradle.api.internal.tasks.testing.worker.TestWorker.executeAndMaintainThreadName(TestWorker.java:126)
  at org.gradle.api.internal.tasks.testing.worker.TestWorker.execute(TestWorker.java:103)
  at org.gradle.api.internal.tasks.testing.worker.TestWorker.execute(TestWorker.java:63)
  at org.gradle.process.internal.worker.child.ActionExecutionWorker.execute(ActionExecutionWorker.java:56)
  at org.gradle.process.internal.worker.child.SystemApplicationClassLoaderWorker.call(SystemApplicationClassLoaderWorker.java:122)
  at org.gradle.process.internal.worker.child.SystemApplicationClassLoaderWorker.call(SystemApplicationClassLoaderWorker.java:72)
  at worker.org.gradle.process.internal.worker.GradleWorkerMain.run(GradleWorkerMain.java:69)
  at worker.org.gradle.process.internal.worker.GradleWorkerMain.main(GradleWorkerMain.java:74)
</stacktrace>
</test-failure>


TypeScriptCompilerTests_S[jvm] > staticInstanceResolution5_ts has expected errors matching staticInstanceResolution5_errors_txt[jvm] FAILED

<test-failure test="com.xemantic.typescript.compiler.TypeScriptCompilerTests_S.strictModeReservedWordInImportEqualDeclaration_ts has expected errors matching strictModeReservedWordInImportEqualDeclaration_errors_txt" platform="jvm">
<message>
--- expected
+++ actual
@@ -1,11 +1,8 @@
-strictModeReservedWordInImportEqualDeclaration.ts(2,8): error TS1214: Identifier expected. 'public' is a reserved word in strict mode. Modules are automatically in strict mode.
 strictModeReservedWordInImportEqualDeclaration.ts(2,25): error TS2307: Cannot find module '1' or its corresponding type declarations.
 
 
-==== strictModeReservedWordInImportEqualDeclaration.ts (2 errors) ====
+==== strictModeReservedWordInImportEqualDeclaration.ts (1 errors) ====
     "use strict"
     import public = require("1");
-           ~~~~~~
-!!! error TS1214: Identifier expected. 'public' is a reserved word in strict mode. Modules are automatically in strict mode.
                             ~~~
 !!! error TS2307: Cannot find module '1' or its corresponding type declarations.

</message>
<stacktrace>
  at org.junit.Assert.fail(Assert.java:89)
  at kotlin.test.junit.JUnitAsserter.fail(JUnitSupport.kt:56)
  at kotlin.test.AssertionsKt__AssertionsKt.fail(Assertions.kt:563)
  at kotlin.test.AssertionsKt.fail(Unknown Source)
  at com.xemantic.kotlin.test.SameAsKt.sameAs(SameAs.kt:52)
  at com.xemantic.typescript.compiler.TypeScriptTestSupportKt.errorsMatchBaseline(TypeScriptTestSupport.kt:135)
  at com.xemantic.typescript.compiler.TypeScriptCompilerTests_S.strictModeReservedWordInImportEqualDeclaration_ts has expected errors matching strictModeReservedWordInImportEqualDeclaration_errors_txt(TypeScriptCompilerTests_S.kt:2891)
  at java.base/jdk.internal.reflect.DirectMethodHandleAccessor.invoke(DirectMethodHandleAccessor.java:104)
  at java.base/java.lang.reflect.Method.invoke(Method.java:565)
  at org.junit.runners.model.FrameworkMethod$1.runReflectiveCall(FrameworkMethod.java:59)
  at org.junit.internal.runners.model.ReflectiveCallable.run(ReflectiveCallable.java:12)
  at org.junit.runners.model.FrameworkMethod.invokeExplosively(FrameworkMethod.java:56)
  at org.junit.internal.runners.statements.InvokeMethod.evaluate(InvokeMethod.java:17)
  at org.junit.runners.ParentRunner$3.evaluate(ParentRunner.java:306)
  at org.junit.runners.BlockJUnit4ClassRunner$1.evaluate(BlockJUnit4ClassRunner.java:100)
  at org.junit.runners.ParentRunner.runLeaf(ParentRunner.java:366)
  at org.junit.runners.BlockJUnit4ClassRunner.runChild(BlockJUnit4ClassRunner.java:103)
  at org.junit.runners.BlockJUnit4ClassRunner.runChild(BlockJUnit4ClassRunner.java:63)
  at org.junit.runners.ParentRunner$4.run(ParentRunner.java:331)
  at org.junit.runners.ParentRunner$1.schedule(ParentRunner.java:79)
  at org.junit.runners.ParentRunner.runChildren(ParentRunner.java:329)
  at org.junit.runners.ParentRunner.access$100(ParentRunner.java:66)
  at org.junit.runners.ParentRunner$2.evaluate(ParentRunner.java:293)
  at org.junit.runners.ParentRunner$3.evaluate(ParentRunner.java:306)
  at org.junit.runners.ParentRunner.run(ParentRunner.java:413)
  at org.junit.runner.JUnitCore.run(JUnitCore.java:137)
  at org.junit.runner.JUnitCore.run(JUnitCore.java:115)
  at org.gradle.api.internal.tasks.testing.junit.JUnitTestExecutor.runRequest(JUnitTestExecutor.java:175)
  at org.gradle.api.internal.tasks.testing.junit.JUnitTestExecutor.accept(JUnitTestExecutor.java:84)
  at org.gradle.api.internal.tasks.testing.junit.JUnitTestExecutor.accept(JUnitTestExecutor.java:47)
  at org.gradle.api.internal.tasks.testing.junit.AbstractJUnitTestDefinitionProcessor.processTestDefinition(AbstractJUnitTestDefinitionProcessor.java:65)
  at org.gradle.api.internal.tasks.testing.SuiteTestDefinitionProcessor.processTestDefinition(SuiteTestDefinitionProcessor.java:54)
  at java.base/jdk.internal.reflect.DirectMethodHandleAccessor.invoke(DirectMethodHandleAccessor.java:104)
  at java.base/java.lang.reflect.Method.invoke(Method.java:565)
  at org.gradle.internal.dispatch.MethodInvocation.invokeOn(MethodInvocation.java:77)
  at org.gradle.internal.dispatch.ReflectionDispatch.dispatch(ReflectionDispatch.java:28)
  at org.gradle.internal.dispatch.ReflectionDispatch.dispatch(ReflectionDispatch.java:19)
  at org.gradle.internal.dispatch.ContextClassLoaderDispatch.dispatch(ContextClassLoaderDispatch.java:33)
  at org.gradle.internal.dispatch.ProxyDispatchAdapter$DispatchingInvocationHandler.invoke(ProxyDispatchAdapter.java:88)
  at jdk.proxy1/jdk.proxy1.$Proxy4.processTestDefinition(Unknown Source)
  at org.gradle.api.internal.tasks.testing.worker.TestWorker$2.run(TestWorker.java:178)
  at org.gradle.api.internal.tasks.testing.worker.TestWorker.executeAndMaintainThreadName(TestWorker.java:126)
  at org.gradle.api.internal.tasks.testing.worker.TestWorker.execute(TestWorker.java:103)
  at org.gradle.api.internal.tasks.testing.worker.TestWorker.execute(TestWorker.java:63)
  at org.gradle.process.internal.worker.child.ActionExecutionWorker.execute(ActionExecutionWorker.java:56)
  at org.gradle.process.internal.worker.child.SystemApplicationClassLoaderWorker.call(SystemApplicationClassLoaderWorker.java:122)
  at org.gradle.process.internal.worker.child.SystemApplicationClassLoaderWorker.call(SystemApplicationClassLoaderWorker.java:72)
  at worker.org.gradle.process.internal.worker.GradleWorkerMain.run(GradleWorkerMain.java:69)
  at worker.org.gradle.process.internal.worker.GradleWorkerMain.main(GradleWorkerMain.java:74)
</stacktrace>
</test-failure>


TypeScriptCompilerTests_S[jvm] > strictModeReservedWordInImportEqualDeclaration_ts has expected errors matching strictModeReservedWordInImportEqualDeclaration_errors_txt[jvm] FAILED

<test-failure test="com.xemantic.typescript.compiler.TypeScriptCompilerTests_S.slashBeforeVariableDeclaration1_ts has expected errors matching slashBeforeVariableDeclaration1_errors_txt" platform="jvm">
<message>
--- expected
+++ actual
@@ -1,10 +1,7 @@
 slashBeforeVariableDeclaration1.ts(1,1): error TS1127: Invalid character.
-slashBeforeVariableDeclaration1.ts(1,15): error TS7005: Variable 'v' implicitly has an 'any' type.
 
 
-==== slashBeforeVariableDeclaration1.ts (2 errors) ====
+==== slashBeforeVariableDeclaration1.ts (1 errors) ====
     \ declare var v;
     
 !!! error TS1127: Invalid character.
-                  ~
-!!! error TS7005: Variable 'v' implicitly has an 'any' type.

</message>
<stacktrace>
  at org.junit.Assert.fail(Assert.java:89)
  at kotlin.test.junit.JUnitAsserter.fail(JUnitSupport.kt:56)
  at kotlin.test.AssertionsKt__AssertionsKt.fail(Assertions.kt:563)
  at kotlin.test.AssertionsKt.fail(Unknown Source)
  at com.xemantic.kotlin.test.SameAsKt.sameAs(SameAs.kt:52)
  at com.xemantic.typescript.compiler.TypeScriptTestSupportKt.errorsMatchBaseline(TypeScriptTestSupport.kt:135)
  at com.xemantic.typescript.compiler.TypeScriptCompilerTests_S.slashBeforeVariableDeclaration1_ts has expected errors matching slashBeforeVariableDeclaration1_errors_txt(TypeScriptCompilerTests_S.kt:875)
  at java.base/jdk.internal.reflect.DirectMethodHandleAccessor.invoke(DirectMethodHandleAccessor.java:104)
  at java.base/java.lang.reflect.Method.invoke(Method.java:565)
  at org.junit.runners.model.FrameworkMethod$1.runReflectiveCall(FrameworkMethod.java:59)
  at org.junit.internal.runners.model.ReflectiveCallable.run(ReflectiveCallable.java:12)
  at org.junit.runners.model.FrameworkMethod.invokeExplosively(FrameworkMethod.java:56)
  at org.junit.internal.runners.statements.InvokeMethod.evaluate(InvokeMethod.java:17)
  at org.junit.runners.ParentRunner$3.evaluate(ParentRunner.java:306)
  at org.junit.runners.BlockJUnit4ClassRunner$1.evaluate(BlockJUnit4ClassRunner.java:100)
  at org.junit.runners.ParentRunner.runLeaf(ParentRunner.java:366)
  at org.junit.runners.BlockJUnit4ClassRunner.runChild(BlockJUnit4ClassRunner.java:103)
  at org.junit.runners.BlockJUnit4ClassRunner.runChild(BlockJUnit4ClassRunner.java:63)
  at org.junit.runners.ParentRunner$4.run(ParentRunner.java:331)
  at org.junit.runners.ParentRunner$1.schedule(ParentRunner.java:79)
  at org.junit.runners.ParentRunner.runChildren(ParentRunner.java:329)
  at org.junit.runners.ParentRunner.access$100(ParentRunner.java:66)
  at org.junit.runners.ParentRunner$2.evaluate(ParentRunner.java:293)
  at org.junit.runners.ParentRunner$3.evaluate(ParentRunner.java:306)
  at org.junit.runners.ParentRunner.run(ParentRunner.java:413)
  at org.junit.runner.JUnitCore.run(JUnitCore.java:137)
  at org.junit.runner.JUnitCore.run(JUnitCore.java:115)
  at org.gradle.api.internal.tasks.testing.junit.JUnitTestExecutor.runRequest(JUnitTestExecutor.java:175)
  at org.gradle.api.internal.tasks.testing.junit.JUnitTestExecutor.accept(JUnitTestExecutor.java:84)
  at org.gradle.api.internal.tasks.testing.junit.JUnitTestExecutor.accept(JUnitTestExecutor.java:47)
  at org.gradle.api.internal.tasks.testing.junit.AbstractJUnitTestDefinitionProcessor.processTestDefinition(AbstractJUnitTestDefinitionProcessor.java:65)
  at org.gradle.api.internal.tasks.testing.SuiteTestDefinitionProcessor.processTestDefinition(SuiteTestDefinitionProcessor.java:54)
  at java.base/jdk.internal.reflect.DirectMethodHandleAccessor.invoke(DirectMethodHandleAccessor.java:104)
  at java.base/java.lang.reflect.Method.invoke(Method.java:565)
  at org.gradle.internal.dispatch.MethodInvocation.invokeOn(MethodInvocation.java:77)
  at org.gradle.internal.dispatch.ReflectionDispatch.dispatch(ReflectionDispatch.java:28)
  at org.gradle.internal.dispatch.ReflectionDispatch.dispatch(ReflectionDispatch.java:19)
  at org.gradle.internal.dispatch.ContextClassLoaderDispatch.dispatch(ContextClassLoaderDispatch.java:33)
  at org.gradle.internal.dispatch.ProxyDispatchAdapter$DispatchingInvocationHandler.invoke(ProxyDispatchAdapter.java:88)
  at jdk.proxy1/jdk.proxy1.$Proxy4.processTestDefinition(Unknown Source)
  at org.gradle.api.internal.tasks.testing.worker.TestWorker$2.run(TestWorker.java:178)
  at org.gradle.api.internal.tasks.testing.worker.TestWorker.executeAndMaintainThreadName(TestWorker.java:126)
  at org.gradle.api.internal.tasks.testing.worker.TestWorker.execute(TestWorker.java:103)
  at org.gradle.api.internal.tasks.testing.worker.TestWorker.execute(TestWorker.java:63)
  at org.gradle.process.internal.worker.child.ActionExecutionWorker.execute(ActionExecutionWorker.java:56)
  at org.gradle.process.internal.worker.child.SystemApplicationClassLoaderWorker.call(SystemApplicationClassLoaderWorker.java:122)
  at org.gradle.process.internal.worker.child.SystemApplicationClassLoaderWorker.call(SystemApplicationClassLoaderWorker.java:72)
  at worker.org.gradle.process.internal.worker.GradleWorkerMain.run(GradleWorkerMain.java:69)
  at worker.org.gradle.process.internal.worker.GradleWorkerMain.main(GradleWorkerMain.java:74)
</stacktrace>
</test-failure>


TypeScriptCompilerTests_S[jvm] > slashBeforeVariableDeclaration1_ts has expected errors matching slashBeforeVariableDeclaration1_errors_txt[jvm] FAILED

<test-failure test="com.xemantic.typescript.compiler.TypeScriptCompilerTests_S.sourceMapValidationDestructuringForOfObjectBindingPattern2_ts__target_es2015__has expected errors matching baseline" platform="jvm">
<message>
Expected diagnostics from baseline typescript-repo/tests/baselines/reference/sourceMapValidationDestructuringForOfObjectBindingPattern2(target=es2015).errors.txt but none produced
</message>
<stacktrace>
  at com.xemantic.typescript.compiler.TypeScriptTestSupportKt.errorsMatchBaseline(TypeScriptTestSupport.kt:125)
  at com.xemantic.typescript.compiler.TypeScriptCompilerTests_S.sourceMapValidationDestructuringForOfObjectBindingPattern2_ts__target_es2015__has expected errors matching baseline(TypeScriptCompilerTests_S.kt:1344)
  at java.base/jdk.internal.reflect.DirectMethodHandleAccessor.invoke(DirectMethodHandleAccessor.java:104)
  at java.base/java.lang.reflect.Method.invoke(Method.java:565)
  at org.junit.runners.model.FrameworkMethod$1.runReflectiveCall(FrameworkMethod.java:59)
  at org.junit.internal.runners.model.ReflectiveCallable.run(ReflectiveCallable.java:12)
  at org.junit.runners.model.FrameworkMethod.invokeExplosively(FrameworkMethod.java:56)
  at org.junit.internal.runners.statements.InvokeMethod.evaluate(InvokeMethod.java:17)
  at org.junit.runners.ParentRunner$3.evaluate(ParentRunner.java:306)
  at org.junit.runners.BlockJUnit4ClassRunner$1.evaluate(BlockJUnit4ClassRunner.java:100)
  at org.junit.runners.ParentRunner.runLeaf(ParentRunner.java:366)
  at org.junit.runners.BlockJUnit4ClassRunner.runChild(BlockJUnit4ClassRunner.java:103)
  at org.junit.runners.BlockJUnit4ClassRunner.runChild(BlockJUnit4ClassRunner.java:63)
  at org.junit.runners.ParentRunner$4.run(ParentRunner.java:331)
  at org.junit.runners.ParentRunner$1.schedule(ParentRunner.java:79)
  at org.junit.runners.ParentRunner.runChildren(ParentRunner.java:329)
  at org.junit.runners.ParentRunner.access$100(ParentRunner.java:66)
  at org.junit.runners.ParentRunner$2.evaluate(ParentRunner.java:293)
  at org.junit.runners.ParentRunner$3.evaluate(ParentRunner.java:306)
  at org.junit.runners.ParentRunner.run(ParentRunner.java:413)
  at org.junit.runner.JUnitCore.run(JUnitCore.java:137)
  at org.junit.runner.JUnitCore.run(JUnitCore.java:115)
  at org.gradle.api.internal.tasks.testing.junit.JUnitTestExecutor.runRequest(JUnitTestExecutor.java:175)
  at org.gradle.api.internal.tasks.testing.junit.JUnitTestExecutor.accept(JUnitTestExecutor.java:84)
  at org.gradle.api.internal.tasks.testing.junit.JUnitTestExecutor.accept(JUnitTestExecutor.java:47)
  at org.gradle.api.internal.tasks.testing.junit.AbstractJUnitTestDefinitionProcessor.processTestDefinition(AbstractJUnitTestDefinitionProcessor.java:65)
  at org.gradle.api.internal.tasks.testing.SuiteTestDefinitionProcessor.processTestDefinition(SuiteTestDefinitionProcessor.java:54)
  at java.base/jdk.internal.reflect.DirectMethodHandleAccessor.invoke(DirectMethodHandleAccessor.java:104)
  at java.base/java.lang.reflect.Method.invoke(Method.java:565)
  at org.gradle.internal.dispatch.MethodInvocation.invokeOn(MethodInvocation.java:77)
  at org.gradle.internal.dispatch.ReflectionDispatch.dispatch(ReflectionDispatch.java:28)
  at org.gradle.internal.dispatch.ReflectionDispatch.dispatch(ReflectionDispatch.java:19)
  at org.gradle.internal.dispatch.ContextClassLoaderDispatch.dispatch(ContextClassLoaderDispatch.java:33)
  at org.gradle.internal.dispatch.ProxyDispatchAdapter$DispatchingInvocationHandler.invoke(ProxyDispatchAdapter.java:88)
  at jdk.proxy1/jdk.proxy1.$Proxy4.processTestDefinition(Unknown Source)
  at org.gradle.api.internal.tasks.testing.worker.TestWorker$2.run(TestWorker.java:178)
  at org.gradle.api.internal.tasks.testing.worker.TestWorker.executeAndMaintainThreadName(TestWorker.java:126)
  at org.gradle.api.internal.tasks.testing.worker.TestWorker.execute(TestWorker.java:103)
  at org.gradle.api.internal.tasks.testing.worker.TestWorker.execute(TestWorker.java:63)
  at org.gradle.process.internal.worker.child.ActionExecutionWorker.execute(ActionExecutionWorker.java:56)
  at org.gradle.process.internal.worker.child.SystemApplicationClassLoaderWorker.call(SystemApplicationClassLoaderWorker.java:122)
  at org.gradle.process.internal.worker.child.SystemApplicationClassLoaderWorker.call(SystemApplicationClassLoaderWorker.java:72)
  at worker.org.gradle.process.internal.worker.GradleWorkerMain.run(GradleWorkerMain.java:69)
  at worker.org.gradle.process.internal.worker.GradleWorkerMain.main(GradleWorkerMain.java:74)
</stacktrace>
</test-failure>


TypeScriptCompilerTests_S[jvm] > sourceMapValidationDestructuringForOfObjectBindingPattern2_ts__target_es2015__has expected errors matching baseline[jvm] FAILED

<test-failure test="com.xemantic.typescript.compiler.TypeScriptCompilerTests_S.superWithTypeArgument3_ts has expected errors matching superWithTypeArgument3_errors_txt" platform="jvm">
<message>
--- expected
+++ actual
@@ -1,10 +1,7 @@
 superWithTypeArgument3.ts(2,5): error TS2564: Property 'foo' has no initializer and is not definitely assigned in the constructor.
-superWithTypeArgument3.ts(8,14): error TS2754: 'super' may not use type arguments.
-superWithTypeArgument3.ts(11,22): error TS2345: Argument of type 'null' is not assignable to parameter of type 'T'.
-  'T' could be instantiated with an arbitrary type which could be unrelated to 'null'.
 
 
-==== superWithTypeArgument3.ts (3 errors) ====
+==== superWithTypeArgument3.ts (1 errors) ====
     class C<T> {
         foo: T;
         ~~~
@@ -15,13 +12,8 @@
     class D<T> extends C<T> {
         constructor() {
             super<T>();
-                 ~~~
-!!! error TS2754: 'super' may not use type arguments.
         }
         bar() {
             super.bar<T>(null);
-                         ~~~~
-!!! error TS2345: Argument of type 'null' is not assignable to parameter of type 'T'.
-!!! error TS2345:   'T' could be instantiated with an arbitrary type which could be unrelated to 'null'.
         }
     }

</message>
<stacktrace>
  at org.junit.Assert.fail(Assert.java:89)
  at kotlin.test.junit.JUnitAsserter.fail(JUnitSupport.kt:56)
  at kotlin.test.AssertionsKt__AssertionsKt.fail(Assertions.kt:563)
  at kotlin.test.AssertionsKt.fail(Unknown Source)
  at com.xemantic.kotlin.test.SameAsKt.sameAs(SameAs.kt:52)
  at com.xemantic.typescript.compiler.TypeScriptTestSupportKt.errorsMatchBaseline(TypeScriptTestSupport.kt:135)
  at com.xemantic.typescript.compiler.TypeScriptCompilerTests_S.superWithTypeArgument3_ts has expected errors matching superWithTypeArgument3_errors_txt(TypeScriptCompilerTests_S.kt:3941)
  at java.base/jdk.internal.reflect.DirectMethodHandleAccessor.invoke(DirectMethodHandleAccessor.java:104)
  at java.base/java.lang.reflect.Method.invoke(Method.java:565)
  at org.junit.runners.model.FrameworkMethod$1.runReflectiveCall(FrameworkMethod.java:59)
  at org.junit.internal.runners.model.ReflectiveCallable.run(ReflectiveCallable.java:12)
  at org.junit.runners.model.FrameworkMethod.invokeExplosively(FrameworkMethod.java:56)
  at org.junit.internal.runners.statements.InvokeMethod.evaluate(InvokeMethod.java:17)
  at org.junit.runners.ParentRunner$3.evaluate(ParentRunner.java:306)
  at org.junit.runners.BlockJUnit4ClassRunner$1.evaluate(BlockJUnit4ClassRunner.java:100)
  at org.junit.runners.ParentRunner.runLeaf(ParentRunner.java:366)
  at org.junit.runners.BlockJUnit4ClassRunner.runChild(BlockJUnit4ClassRunner.java:103)
  at org.junit.runners.BlockJUnit4ClassRunner.runChild(BlockJUnit4ClassRunner.java:63)
  at org.junit.runners.ParentRunner$4.run(ParentRunner.java:331)
  at org.junit.runners.ParentRunner$1.schedule(ParentRunner.java:79)
  at org.junit.runners.ParentRunner.runChildren(ParentRunner.java:329)
  at org.junit.runners.ParentRunner.access$100(ParentRunner.java:66)
  at org.junit.runners.ParentRunner$2.evaluate(ParentRunner.java:293)
  at org.junit.runners.ParentRunner$3.evaluate(ParentRunner.java:306)
  at org.junit.runners.ParentRunner.run(ParentRunner.java:413)
  at org.junit.runner.JUnitCore.run(JUnitCore.java:137)
  at org.junit.runner.JUnitCore.run(JUnitCore.java:115)
  at org.gradle.api.internal.tasks.testing.junit.JUnitTestExecutor.runRequest(JUnitTestExecutor.java:175)
  at org.gradle.api.internal.tasks.testing.junit.JUnitTestExecutor.accept(JUnitTestExecutor.java:84)
  at org.gradle.api.internal.tasks.testing.junit.JUnitTestExecutor.accept(JUnitTestExecutor.java:47)
  at org.gradle.api.internal.tasks.testing.junit.AbstractJUnitTestDefinitionProcessor.processTestDefinition(AbstractJUnitTestDefinitionProcessor.java:65)
  at org.gradle.api.internal.tasks.testing.SuiteTestDefinitionProcessor.processTestDefinition(SuiteTestDefinitionProcessor.java:54)
  at java.base/jdk.internal.reflect.DirectMethodHandleAccessor.invoke(DirectMethodHandleAccessor.java:104)
  at java.base/java.lang.reflect.Method.invoke(Method.java:565)
  at org.gradle.internal.dispatch.MethodInvocation.invokeOn(MethodInvocation.java:77)
  at org.gradle.internal.dispatch.ReflectionDispatch.dispatch(ReflectionDispatch.java:28)
  at org.gradle.internal.dispatch.ReflectionDispatch.dispatch(ReflectionDispatch.java:19)
  at org.gradle.internal.dispatch.ContextClassLoaderDispatch.dispatch(ContextClassLoaderDispatch.java:33)
  at org.gradle.internal.dispatch.ProxyDispatchAdapter$DispatchingInvocationHandler.invoke(ProxyDispatchAdapter.java:88)
  at jdk.proxy1/jdk.proxy1.$Proxy4.processTestDefinition(Unknown Source)
  at org.gradle.api.internal.tasks.testing.worker.TestWorker$2.run(TestWorker.java:178)
  at org.gradle.api.internal.tasks.testing.worker.TestWorker.executeAndMaintainThreadName(TestWorker.java:126)
  at org.gradle.api.internal.tasks.testing.worker.TestWorker.execute(TestWorker.java:103)
  at org.gradle.api.internal.tasks.testing.worker.TestWorker.execute(TestWorker.java:63)
  at org.gradle.process.internal.worker.child.ActionExecutionWorker.execute(ActionExecutionWorker.java:56)
  at org.gradle.process.internal.worker.child.SystemApplicationClassLoaderWorker.call(SystemApplicationClassLoaderWorker.java:122)
  at org.gradle.process.internal.worker.child.SystemApplicationClassLoaderWorker.call(SystemApplicationClassLoaderWorker.java:72)
  at worker.org.gradle.process.internal.worker.GradleWorkerMain.run(GradleWorkerMain.java:69)
  at worker.org.gradle.process.internal.worker.GradleWorkerMain.main(GradleWorkerMain.java:74)
</stacktrace>
</test-failure>


TypeScriptCompilerTests_S[jvm] > superWithTypeArgument3_ts has expected errors matching superWithTypeArgument3_errors_txt[jvm] FAILED

<test-failure test="com.xemantic.typescript.compiler.TypeScriptCompilerTests_S.superCallOutsideConstructor_ts has expected errors matching superCallOutsideConstructor_errors_txt" platform="jvm">
<message>
Expected diagnostics from baseline typescript-repo/tests/baselines/reference/superCallOutsideConstructor.errors.txt but none produced
</message>
<stacktrace>
  at com.xemantic.typescript.compiler.TypeScriptTestSupportKt.errorsMatchBaseline(TypeScriptTestSupport.kt:125)
  at com.xemantic.typescript.compiler.TypeScriptCompilerTests_S.superCallOutsideConstructor_ts has expected errors matching superCallOutsideConstructor_errors_txt(TypeScriptCompilerTests_S.kt:3584)
  at java.base/jdk.internal.reflect.DirectMethodHandleAccessor.invoke(DirectMethodHandleAccessor.java:104)
  at java.base/java.lang.reflect.Method.invoke(Method.java:565)
  at org.junit.runners.model.FrameworkMethod$1.runReflectiveCall(FrameworkMethod.java:59)
  at org.junit.internal.runners.model.ReflectiveCallable.run(ReflectiveCallable.java:12)
  at org.junit.runners.model.FrameworkMethod.invokeExplosively(FrameworkMethod.java:56)
  at org.junit.internal.runners.statements.InvokeMethod.evaluate(InvokeMethod.java:17)
  at org.junit.runners.ParentRunner$3.evaluate(ParentRunner.java:306)
  at org.junit.runners.BlockJUnit4ClassRunner$1.evaluate(BlockJUnit4ClassRunner.java:100)
  at org.junit.runners.ParentRunner.runLeaf(ParentRunner.java:366)
  at org.junit.runners.BlockJUnit4ClassRunner.runChild(BlockJUnit4ClassRunner.java:103)
  at org.junit.runners.BlockJUnit4ClassRunner.runChild(BlockJUnit4ClassRunner.java:63)
  at org.junit.runners.ParentRunner$4.run(ParentRunner.java:331)
  at org.junit.runners.ParentRunner$1.schedule(ParentRunner.java:79)
  at org.junit.runners.ParentRunner.runChildren(ParentRunner.java:329)
  at org.junit.runners.ParentRunner.access$100(ParentRunner.java:66)
  at org.junit.runners.ParentRunner$2.evaluate(ParentRunner.java:293)
  at org.junit.runners.ParentRunner$3.evaluate(ParentRunner.java:306)
  at org.junit.runners.ParentRunner.run(ParentRunner.java:413)
  at org.junit.runner.JUnitCore.run(JUnitCore.java:137)
  at org.junit.runner.JUnitCore.run(JUnitCore.java:115)
  at org.gradle.api.internal.tasks.testing.junit.JUnitTestExecutor.runRequest(JUnitTestExecutor.java:175)
  at org.gradle.api.internal.tasks.testing.junit.JUnitTestExecutor.accept(JUnitTestExecutor.java:84)
  at org.gradle.api.internal.tasks.testing.junit.JUnitTestExecutor.accept(JUnitTestExecutor.java:47)
  at org.gradle.api.internal.tasks.testing.junit.AbstractJUnitTestDefinitionProcessor.processTestDefinition(AbstractJUnitTestDefinitionProcessor.java:65)
  at org.gradle.api.internal.tasks.testing.SuiteTestDefinitionProcessor.processTestDefinition(SuiteTestDefinitionProcessor.java:54)
  at java.base/jdk.internal.reflect.DirectMethodHandleAccessor.invoke(DirectMethodHandleAccessor.java:104)
  at java.base/java.lang.reflect.Method.invoke(Method.java:565)
  at org.gradle.internal.dispatch.MethodInvocation.invokeOn(MethodInvocation.java:77)
  at org.gradle.internal.dispatch.ReflectionDispatch.dispatch(ReflectionDispatch.java:28)
  at org.gradle.internal.dispatch.ReflectionDispatch.dispatch(ReflectionDispatch.java:19)
  at org.gradle.internal.dispatch.ContextClassLoaderDispatch.dispatch(ContextClassLoaderDispatch.java:33)
  at org.gradle.internal.dispatch.ProxyDispatchAdapter$DispatchingInvocationHandler.invoke(ProxyDispatchAdapter.java:88)
  at jdk.proxy1/jdk.proxy1.$Proxy4.processTestDefinition(Unknown Source)
  at org.gradle.api.internal.tasks.testing.worker.TestWorker$2.run(TestWorker.java:178)
  at org.gradle.api.internal.tasks.testing.worker.TestWorker.executeAndMaintainThreadName(TestWorker.java:126)
  at org.gradle.api.internal.tasks.testing.worker.TestWorker.execute(TestWorker.java:103)
  at org.gradle.api.internal.tasks.testing.worker.TestWorker.execute(TestWorker.java:63)
  at org.gradle.process.internal.worker.child.ActionExecutionWorker.execute(ActionExecutionWorker.java:56)
  at org.gradle.process.internal.worker.child.SystemApplicationClassLoaderWorker.call(SystemApplicationClassLoaderWorker.java:122)
  at org.gradle.process.internal.worker.child.SystemApplicationClassLoaderWorker.call(SystemApplicationClassLoaderWorker.java:72)
  at worker.org.gradle.process.internal.worker.GradleWorkerMain.run(GradleWorkerMain.java:69)
  at worker.org.gradle.process.internal.worker.GradleWorkerMain.main(GradleWorkerMain.java:74)
</stacktrace>
</test-failure>


TypeScriptCompilerTests_S[jvm] > superCallOutsideConstructor_ts has expected errors matching superCallOutsideConstructor_errors_txt[jvm] FAILED

<test-failure test="com.xemantic.typescript.compiler.TypeScriptCompilerTests_T.trivialSubtypeReductionNoStructuralCheck_ts__target_es2015__has expected errors matching baseline" platform="jvm">
<message>
Expected diagnostics from baseline typescript-repo/tests/baselines/reference/trivialSubtypeReductionNoStructuralCheck(target=es2015).errors.txt but none produced
</message>
<stacktrace>
  at com.xemantic.typescript.compiler.TypeScriptTestSupportKt.errorsMatchBaseline(TypeScriptTestSupport.kt:125)
  at com.xemantic.typescript.compiler.TypeScriptCompilerTests_T.trivialSubtypeReductionNoStructuralCheck_ts__target_es2015__has expected errors matching baseline(TypeScriptCompilerTests_T.kt:1309)
  at java.base/jdk.internal.reflect.DirectMethodHandleAccessor.invoke(DirectMethodHandleAccessor.java:104)
  at java.base/java.lang.reflect.Method.invoke(Method.java:565)
  at org.junit.runners.model.FrameworkMethod$1.runReflectiveCall(FrameworkMethod.java:59)
  at org.junit.internal.runners.model.ReflectiveCallable.run(ReflectiveCallable.java:12)
  at org.junit.runners.model.FrameworkMethod.invokeExplosively(FrameworkMethod.java:56)
  at org.junit.internal.runners.statements.InvokeMethod.evaluate(InvokeMethod.java:17)
  at org.junit.runners.ParentRunner$3.evaluate(ParentRunner.java:306)
  at org.junit.runners.BlockJUnit4ClassRunner$1.evaluate(BlockJUnit4ClassRunner.java:100)
  at org.junit.runners.ParentRunner.runLeaf(ParentRunner.java:366)
  at org.junit.runners.BlockJUnit4ClassRunner.runChild(BlockJUnit4ClassRunner.java:103)
  at org.junit.runners.BlockJUnit4ClassRunner.runChild(BlockJUnit4ClassRunner.java:63)
  at org.junit.runners.ParentRunner$4.run(ParentRunner.java:331)
  at org.junit.runners.ParentRunner$1.schedule(ParentRunner.java:79)
  at org.junit.runners.ParentRunner.runChildren(ParentRunner.java:329)
  at org.junit.runners.ParentRunner.access$100(ParentRunner.java:66)
  at org.junit.runners.ParentRunner$2.evaluate(ParentRunner.java:293)
  at org.junit.runners.ParentRunner$3.evaluate(ParentRunner.java:306)
  at org.junit.runners.ParentRunner.run(ParentRunner.java:413)
  at org.junit.runner.JUnitCore.run(JUnitCore.java:137)
  at org.junit.runner.JUnitCore.run(JUnitCore.java:115)
  at org.gradle.api.internal.tasks.testing.junit.JUnitTestExecutor.runRequest(JUnitTestExecutor.java:175)
  at org.gradle.api.internal.tasks.testing.junit.JUnitTestExecutor.accept(JUnitTestExecutor.java:84)
  at org.gradle.api.internal.tasks.testing.junit.JUnitTestExecutor.accept(JUnitTestExecutor.java:47)
  at org.gradle.api.internal.tasks.testing.junit.AbstractJUnitTestDefinitionProcessor.processTestDefinition(AbstractJUnitTestDefinitionProcessor.java:65)
  at org.gradle.api.internal.tasks.testing.SuiteTestDefinitionProcessor.processTestDefinition(SuiteTestDefinitionProcessor.java:54)
  at java.base/jdk.internal.reflect.DirectMethodHandleAccessor.invoke(DirectMethodHandleAccessor.java:104)
  at java.base/java.lang.reflect.Method.invoke(Method.java:565)
  at org.gradle.internal.dispatch.MethodInvocation.invokeOn(MethodInvocation.java:77)
  at org.gradle.internal.dispatch.ReflectionDispatch.dispatch(ReflectionDispatch.java:28)
  at org.gradle.internal.dispatch.ReflectionDispatch.dispatch(ReflectionDispatch.java:19)
  at org.gradle.internal.dispatch.ContextClassLoaderDispatch.dispatch(ContextClassLoaderDispatch.java:33)
  at org.gradle.internal.dispatch.ProxyDispatchAdapter$DispatchingInvocationHandler.invoke(ProxyDispatchAdapter.java:88)
  at jdk.proxy1/jdk.proxy1.$Proxy4.processTestDefinition(Unknown Source)
  at org.gradle.api.internal.tasks.testing.worker.TestWorker$2.run(TestWorker.java:178)
  at org.gradle.api.internal.tasks.testing.worker.TestWorker.executeAndMaintainThreadName(TestWorker.java:126)
  at org.gradle.api.internal.tasks.testing.worker.TestWorker.execute(TestWorker.java:103)
  at org.gradle.api.internal.tasks.testing.worker.TestWorker.execute(TestWorker.java:63)
  at org.gradle.process.internal.worker.child.ActionExecutionWorker.execute(ActionExecutionWorker.java:56)
  at org.gradle.process.internal.worker.child.SystemApplicationClassLoaderWorker.call(SystemApplicationClassLoaderWorker.java:122)
  at org.gradle.process.internal.worker.child.SystemApplicationClassLoaderWorker.call(SystemApplicationClassLoaderWorker.java:72)
  at worker.org.gradle.process.internal.worker.GradleWorkerMain.run(GradleWorkerMain.java:69)
  at worker.org.gradle.process.internal.worker.GradleWorkerMain.main(GradleWorkerMain.java:74)
</stacktrace>
</test-failure>


TypeScriptCompilerTests_T[jvm] > trivialSubtypeReductionNoStructuralCheck_ts__target_es2015__has expected errors matching baseline[jvm] FAILED

<test-failure test="com.xemantic.typescript.compiler.TypeScriptCompilerTests_T.tsconfigExtendsPackageJsonExportsWildcard_ts has expected errors matching tsconfigExtendsPackageJsonExportsWildcard_errors_txt" platform="jvm">
<message>
--- expected
+++ actual
@@ -1,17 +1,6 @@
 /index.ts(2,1): error TS2454: Variable 'x' is used before being assigned.
 
 
-==== /tsconfig.json (0 errors) ====
-    {
-        "extends": "foo/strict.json"
-    }
-    
-==== /index.ts (1 errors) ====
-    let x: string;
-    x.toLowerCase();
-    ~
-!!! error TS2454: Variable 'x' is used before being assigned.
-    
 ==== /node_modules/foo/package.json (0 errors) ====
     {
         "name": "foo",
@@ -27,3 +16,14 @@
             "strict": true
         }
     }
+    
+==== /tsconfig.json (0 errors) ====
+    {
+        "extends": "foo/strict.json"
+    }
+    
+==== /index.ts (1 errors) ====
+    let x: string;
+    x.toLowerCase();
+    ~
+!!! error TS2454: Variable 'x' is used before being assigned.

</message>
<stacktrace>
  at org.junit.Assert.fail(Assert.java:89)
  at kotlin.test.junit.JUnitAsserter.fail(JUnitSupport.kt:56)
  at kotlin.test.AssertionsKt__AssertionsKt.fail(Assertions.kt:563)
  at kotlin.test.AssertionsKt.fail(Unknown Source)
  at com.xemantic.kotlin.test.SameAsKt.sameAs(SameAs.kt:52)
  at com.xemantic.typescript.compiler.TypeScriptTestSupportKt.errorsMatchBaseline(TypeScriptTestSupport.kt:135)
  at com.xemantic.typescript.compiler.TypeScriptCompilerTests_T.tsconfigExtendsPackageJsonExportsWildcard_ts has expected errors matching tsconfigExtendsPackageJsonExportsWildcard_errors_txt(TypeScriptCompilerTests_T.kt:1421)
  at java.base/jdk.internal.reflect.DirectMethodHandleAccessor.invoke(DirectMethodHandleAccessor.java:104)
  at java.base/java.lang.reflect.Method.invoke(Method.java:565)
  at org.junit.runners.model.FrameworkMethod$1.runReflectiveCall(FrameworkMethod.java:59)
  at org.junit.internal.runners.model.ReflectiveCallable.run(ReflectiveCallable.java:12)
  at org.junit.runners.model.FrameworkMethod.invokeExplosively(FrameworkMethod.java:56)
  at org.junit.internal.runners.statements.InvokeMethod.evaluate(InvokeMethod.java:17)
  at org.junit.runners.ParentRunner$3.evaluate(ParentRunner.java:306)
  at org.junit.runners.BlockJUnit4ClassRunner$1.evaluate(BlockJUnit4ClassRunner.java:100)
  at org.junit.runners.ParentRunner.runLeaf(ParentRunner.java:366)
  at org.junit.runners.BlockJUnit4ClassRunner.runChild(BlockJUnit4ClassRunner.java:103)
  at org.junit.runners.BlockJUnit4ClassRunner.runChild(BlockJUnit4ClassRunner.java:63)
  at org.junit.runners.ParentRunner$4.run(ParentRunner.java:331)
  at org.junit.runners.ParentRunner$1.schedule(ParentRunner.java:79)
  at org.junit.runners.ParentRunner.runChildren(ParentRunner.java:329)
  at org.junit.runners.ParentRunner.access$100(ParentRunner.java:66)
  at org.junit.runners.ParentRunner$2.evaluate(ParentRunner.java:293)
  at org.junit.runners.ParentRunner$3.evaluate(ParentRunner.java:306)
  at org.junit.runners.ParentRunner.run(ParentRunner.java:413)
  at org.junit.runner.JUnitCore.run(JUnitCore.java:137)
  at org.junit.runner.JUnitCore.run(JUnitCore.java:115)
  at org.gradle.api.internal.tasks.testing.junit.JUnitTestExecutor.runRequest(JUnitTestExecutor.java:175)
  at org.gradle.api.internal.tasks.testing.junit.JUnitTestExecutor.accept(JUnitTestExecutor.java:84)
  at org.gradle.api.internal.tasks.testing.junit.JUnitTestExecutor.accept(JUnitTestExecutor.java:47)
  at org.gradle.api.internal.tasks.testing.junit.AbstractJUnitTestDefinitionProcessor.processTestDefinition(AbstractJUnitTestDefinitionProcessor.java:65)
  at org.gradle.api.internal.tasks.testing.SuiteTestDefinitionProcessor.processTestDefinition(SuiteTestDefinitionProcessor.java:54)
  at java.base/jdk.internal.reflect.DirectMethodHandleAccessor.invoke(DirectMethodHandleAccessor.java:104)
  at java.base/java.lang.reflect.Method.invoke(Method.java:565)
  at org.gradle.internal.dispatch.MethodInvocation.invokeOn(MethodInvocation.java:77)
  at org.gradle.internal.dispatch.ReflectionDispatch.dispatch(ReflectionDispatch.java:28)
  at org.gradle.internal.dispatch.ReflectionDispatch.dispatch(ReflectionDispatch.java:19)
  at org.gradle.internal.dispatch.ContextClassLoaderDispatch.dispatch(ContextClassLoaderDispatch.java:33)
  at org.gradle.internal.dispatch.ProxyDispatchAdapter$DispatchingInvocationHandler.invoke(ProxyDispatchAdapter.java:88)
  at jdk.proxy1/jdk.proxy1.$Proxy4.processTestDefinition(Unknown Source)
  at org.gradle.api.internal.tasks.testing.worker.TestWorker$2.run(TestWorker.java:178)
  at org.gradle.api.internal.tasks.testing.worker.TestWorker.executeAndMaintainThreadName(TestWorker.java:126)
  at org.gradle.api.internal.tasks.testing.worker.TestWorker.execute(TestWorker.java:103)
  at org.gradle.api.internal.tasks.testing.worker.TestWorker.execute(TestWorker.java:63)
  at org.gradle.process.internal.worker.child.ActionExecutionWorker.execute(ActionExecutionWorker.java:56)
  at org.gradle.process.internal.worker.child.SystemApplicationClassLoaderWorker.call(SystemApplicationClassLoaderWorker.java:122)
  at org.gradle.process.internal.worker.child.SystemApplicationClassLoaderWorker.call(SystemApplicationClassLoaderWorker.java:72)
  at worker.org.gradle.process.internal.worker.GradleWorkerMain.run(GradleWorkerMain.java:69)
  at worker.org.gradle.process.internal.worker.GradleWorkerMain.main(GradleWorkerMain.java:74)
</stacktrace>
</test-failure>


TypeScriptCompilerTests_T[jvm] > tsconfigExtendsPackageJsonExportsWildcard_ts has expected errors matching tsconfigExtendsPackageJsonExportsWildcard_errors_txt[jvm] FAILED

<test-failure test="com.xemantic.typescript.compiler.TypeScriptCompilerTests_T.tooManyTypeParameters1_ts has expected errors matching tooManyTypeParameters1_errors_txt" platform="jvm">
<message>
--- expected
+++ actual
@@ -1,24 +1,15 @@
-tooManyTypeParameters1.ts(2,3): error TS2558: Expected 1 type arguments, but got 2.
-tooManyTypeParameters1.ts(5,3): error TS2558: Expected 1 type arguments, but got 2.
-tooManyTypeParameters1.ts(8,15): error TS2558: Expected 1 type arguments, but got 2.
 tooManyTypeParameters1.ts(11,8): error TS2314: Generic type 'I<T>' requires 1 type argument(s).
 
 
-==== tooManyTypeParameters1.ts (4 errors) ====
+==== tooManyTypeParameters1.ts (1 errors) ====
     function f<T>() { }
     f<string, string>();
-      ~~~~~~~~~~~~~~
-!!! error TS2558: Expected 1 type arguments, but got 2.
     
     var x = <T>() => {};
     x<number,number>();
-      ~~~~~~~~~~~~~
-!!! error TS2558: Expected 1 type arguments, but got 2.
     
     class C<T> {}
     var c = new C<Date,Date>();
-                  ~~~~~~~~~
-!!! error TS2558: Expected 1 type arguments, but got 2.
     
     interface I<T> {}
     var i: I<number,number>;

</message>
<stacktrace>
  at org.junit.Assert.fail(Assert.java:89)
  at kotlin.test.junit.JUnitAsserter.fail(JUnitSupport.kt:56)
  at kotlin.test.AssertionsKt__AssertionsKt.fail(Assertions.kt:563)
  at kotlin.test.AssertionsKt.fail(Unknown Source)
  at com.xemantic.kotlin.test.SameAsKt.sameAs(SameAs.kt:52)
  at com.xemantic.typescript.compiler.TypeScriptTestSupportKt.errorsMatchBaseline(TypeScriptTestSupport.kt:135)
  at com.xemantic.typescript.compiler.TypeScriptCompilerTests_T.tooManyTypeParameters1_ts has expected errors matching tooManyTypeParameters1_errors_txt(TypeScriptCompilerTests_T.kt:1029)
  at java.base/jdk.internal.reflect.DirectMethodHandleAccessor.invoke(DirectMethodHandleAccessor.java:104)
  at java.base/java.lang.reflect.Method.invoke(Method.java:565)
  at org.junit.runners.model.FrameworkMethod$1.runReflectiveCall(FrameworkMethod.java:59)
  at org.junit.internal.runners.model.ReflectiveCallable.run(ReflectiveCallable.java:12)
  at org.junit.runners.model.FrameworkMethod.invokeExplosively(FrameworkMethod.java:56)
  at org.junit.internal.runners.statements.InvokeMethod.evaluate(InvokeMethod.java:17)
  at org.junit.runners.ParentRunner$3.evaluate(ParentRunner.java:306)
  at org.junit.runners.BlockJUnit4ClassRunner$1.evaluate(BlockJUnit4ClassRunner.java:100)
  at org.junit.runners.ParentRunner.runLeaf(ParentRunner.java:366)
  at org.junit.runners.BlockJUnit4ClassRunner.runChild(BlockJUnit4ClassRunner.java:103)
  at org.junit.runners.BlockJUnit4ClassRunner.runChild(BlockJUnit4ClassRunner.java:63)
  at org.junit.runners.ParentRunner$4.run(ParentRunner.java:331)
  at org.junit.runners.ParentRunner$1.schedule(ParentRunner.java:79)
  at org.junit.runners.ParentRunner.runChildren(ParentRunner.java:329)
  at org.junit.runners.ParentRunner.access$100(ParentRunner.java:66)
  at org.junit.runners.ParentRunner$2.evaluate(ParentRunner.java:293)
  at org.junit.runners.ParentRunner$3.evaluate(ParentRunner.java:306)
  at org.junit.runners.ParentRunner.run(ParentRunner.java:413)
  at org.junit.runner.JUnitCore.run(JUnitCore.java:137)
  at org.junit.runner.JUnitCore.run(JUnitCore.java:115)
  at org.gradle.api.internal.tasks.testing.junit.JUnitTestExecutor.runRequest(JUnitTestExecutor.java:175)
  at org.gradle.api.internal.tasks.testing.junit.JUnitTestExecutor.accept(JUnitTestExecutor.java:84)
  at org.gradle.api.internal.tasks.testing.junit.JUnitTestExecutor.accept(JUnitTestExecutor.java:47)
  at org.gradle.api.internal.tasks.testing.junit.AbstractJUnitTestDefinitionProcessor.processTestDefinition(AbstractJUnitTestDefinitionProcessor.java:65)
  at org.gradle.api.internal.tasks.testing.SuiteTestDefinitionProcessor.processTestDefinition(SuiteTestDefinitionProcessor.java:54)
  at java.base/jdk.internal.reflect.DirectMethodHandleAccessor.invoke(DirectMethodHandleAccessor.java:104)
  at java.base/java.lang.reflect.Method.invoke(Method.java:565)
  at org.gradle.internal.dispatch.MethodInvocation.invokeOn(MethodInvocation.java:77)
  at org.gradle.internal.dispatch.ReflectionDispatch.dispatch(ReflectionDispatch.java:28)
  at org.gradle.internal.dispatch.ReflectionDispatch.dispatch(ReflectionDispatch.java:19)
  at org.gradle.internal.dispatch.ContextClassLoaderDispatch.dispatch(ContextClassLoaderDispatch.java:33)
  at org.gradle.internal.dispatch.ProxyDispatchAdapter$DispatchingInvocationHandler.invoke(ProxyDispatchAdapter.java:88)
  at jdk.proxy1/jdk.proxy1.$Proxy4.processTestDefinition(Unknown Source)
  at org.gradle.api.internal.tasks.testing.worker.TestWorker$2.run(TestWorker.java:178)
  at org.gradle.api.internal.tasks.testing.worker.TestWorker.executeAndMaintainThreadName(TestWorker.java:126)
  at org.gradle.api.internal.tasks.testing.worker.TestWorker.execute(TestWorker.java:103)
  at org.gradle.api.internal.tasks.testing.worker.TestWorker.execute(TestWorker.java:63)
  at org.gradle.process.internal.worker.child.ActionExecutionWorker.execute(ActionExecutionWorker.java:56)
  at org.gradle.process.internal.worker.child.SystemApplicationClassLoaderWorker.call(SystemApplicationClassLoaderWorker.java:122)
  at org.gradle.process.internal.worker.child.SystemApplicationClassLoaderWorker.call(SystemApplicationClassLoaderWorker.java:72)
  at worker.org.gradle.process.internal.worker.GradleWorkerMain.run(GradleWorkerMain.java:69)
  at worker.org.gradle.process.internal.worker.GradleWorkerMain.main(GradleWorkerMain.java:74)
</stacktrace>
</test-failure>


TypeScriptCompilerTests_T[jvm] > tooManyTypeParameters1_ts has expected errors matching tooManyTypeParameters1_errors_txt[jvm] FAILED

<test-failure test="com.xemantic.typescript.compiler.TypeScriptCompilerTests_T.truthinessCallExpressionCoercion1_ts has expected errors matching truthinessCallExpressionCoercion1_errors_txt" platform="jvm">
<message>
Expected diagnostics from baseline typescript-repo/tests/baselines/reference/truthinessCallExpressionCoercion1.errors.txt but none produced
</message>
<stacktrace>
  at com.xemantic.typescript.compiler.TypeScriptTestSupportKt.errorsMatchBaseline(TypeScriptTestSupport.kt:125)
  at com.xemantic.typescript.compiler.TypeScriptCompilerTests_T.truthinessCallExpressionCoercion1_ts has expected errors matching truthinessCallExpressionCoercion1_errors_txt(TypeScriptCompilerTests_T.kt:1351)
  at java.base/jdk.internal.reflect.DirectMethodHandleAccessor.invoke(DirectMethodHandleAccessor.java:104)
  at java.base/java.lang.reflect.Method.invoke(Method.java:565)
  at org.junit.runners.model.FrameworkMethod$1.runReflectiveCall(FrameworkMethod.java:59)
  at org.junit.internal.runners.model.ReflectiveCallable.run(ReflectiveCallable.java:12)
  at org.junit.runners.model.FrameworkMethod.invokeExplosively(FrameworkMethod.java:56)
  at org.junit.internal.runners.statements.InvokeMethod.evaluate(InvokeMethod.java:17)
  at org.junit.runners.ParentRunner$3.evaluate(ParentRunner.java:306)
  at org.junit.runners.BlockJUnit4ClassRunner$1.evaluate(BlockJUnit4ClassRunner.java:100)
  at org.junit.runners.ParentRunner.runLeaf(ParentRunner.java:366)
  at org.junit.runners.BlockJUnit4ClassRunner.runChild(BlockJUnit4ClassRunner.java:103)
  at org.junit.runners.BlockJUnit4ClassRunner.runChild(BlockJUnit4ClassRunner.java:63)
  at org.junit.runners.ParentRunner$4.run(ParentRunner.java:331)
  at org.junit.runners.ParentRunner$1.schedule(ParentRunner.java:79)
  at org.junit.runners.ParentRunner.runChildren(ParentRunner.java:329)
  at org.junit.runners.ParentRunner.access$100(ParentRunner.java:66)
  at org.junit.runners.ParentRunner$2.evaluate(ParentRunner.java:293)
  at org.junit.runners.ParentRunner$3.evaluate(ParentRunner.java:306)
  at org.junit.runners.ParentRunner.run(ParentRunner.java:413)
  at org.junit.runner.JUnitCore.run(JUnitCore.java:137)
  at org.junit.runner.JUnitCore.run(JUnitCore.java:115)
  at org.gradle.api.internal.tasks.testing.junit.JUnitTestExecutor.runRequest(JUnitTestExecutor.java:175)
  at org.gradle.api.internal.tasks.testing.junit.JUnitTestExecutor.accept(JUnitTestExecutor.java:84)
  at org.gradle.api.internal.tasks.testing.junit.JUnitTestExecutor.accept(JUnitTestExecutor.java:47)
  at org.gradle.api.internal.tasks.testing.junit.AbstractJUnitTestDefinitionProcessor.processTestDefinition(AbstractJUnitTestDefinitionProcessor.java:65)
  at org.gradle.api.internal.tasks.testing.SuiteTestDefinitionProcessor.processTestDefinition(SuiteTestDefinitionProcessor.java:54)
  at java.base/jdk.internal.reflect.DirectMethodHandleAccessor.invoke(DirectMethodHandleAccessor.java:104)
  at java.base/java.lang.reflect.Method.invoke(Method.java:565)
  at org.gradle.internal.dispatch.MethodInvocation.invokeOn(MethodInvocation.java:77)
  at org.gradle.internal.dispatch.ReflectionDispatch.dispatch(ReflectionDispatch.java:28)
  at org.gradle.internal.dispatch.ReflectionDispatch.dispatch(ReflectionDispatch.java:19)
  at org.gradle.internal.dispatch.ContextClassLoaderDispatch.dispatch(ContextClassLoaderDispatch.java:33)
  at org.gradle.internal.dispatch.ProxyDispatchAdapter$DispatchingInvocationHandler.invoke(ProxyDispatchAdapter.java:88)
  at jdk.proxy1/jdk.proxy1.$Proxy4.processTestDefinition(Unknown Source)
  at org.gradle.api.internal.tasks.testing.worker.TestWorker$2.run(TestWorker.java:178)
  at org.gradle.api.internal.tasks.testing.worker.TestWorker.executeAndMaintainThreadName(TestWorker.java:126)
  at org.gradle.api.internal.tasks.testing.worker.TestWorker.execute(TestWorker.java:103)
  at org.gradle.api.internal.tasks.testing.worker.TestWorker.execute(TestWorker.java:63)
  at org.gradle.process.internal.worker.child.ActionExecutionWorker.execute(ActionExecutionWorker.java:56)
  at org.gradle.process.internal.worker.child.SystemApplicationClassLoaderWorker.call(SystemApplicationClassLoaderWorker.java:122)
  at org.gradle.process.internal.worker.child.SystemApplicationClassLoaderWorker.call(SystemApplicationClassLoaderWorker.java:72)
  at worker.org.gradle.process.internal.worker.GradleWorkerMain.run(GradleWorkerMain.java:69)
  at worker.org.gradle.process.internal.worker.GradleWorkerMain.main(GradleWorkerMain.java:74)
</stacktrace>
</test-failure>


TypeScriptCompilerTests_T[jvm] > truthinessCallExpressionCoercion1_ts has expected errors matching truthinessCallExpressionCoercion1_errors_txt[jvm] FAILED

<test-failure test="com.xemantic.typescript.compiler.TypeScriptCompilerTests_T.typeParameterExplicitlyExtendsAny_ts has expected errors matching typeParameterExplicitlyExtendsAny_errors_txt" platform="jvm">
<message>
Expected diagnostics from baseline typescript-repo/tests/baselines/reference/typeParameterExplicitlyExtendsAny.errors.txt but none produced
</message>
<stacktrace>
  at com.xemantic.typescript.compiler.TypeScriptTestSupportKt.errorsMatchBaseline(TypeScriptTestSupport.kt:125)
  at com.xemantic.typescript.compiler.TypeScriptCompilerTests_T.typeParameterExplicitlyExtendsAny_ts has expected errors matching typeParameterExplicitlyExtendsAny_errors_txt(TypeScriptCompilerTests_T.kt:2758)
  at java.base/jdk.internal.reflect.DirectMethodHandleAccessor.invoke(DirectMethodHandleAccessor.java:104)
  at java.base/java.lang.reflect.Method.invoke(Method.java:565)
  at org.junit.runners.model.FrameworkMethod$1.runReflectiveCall(FrameworkMethod.java:59)
  at org.junit.internal.runners.model.ReflectiveCallable.run(ReflectiveCallable.java:12)
  at org.junit.runners.model.FrameworkMethod.invokeExplosively(FrameworkMethod.java:56)
  at org.junit.internal.runners.statements.InvokeMethod.evaluate(InvokeMethod.java:17)
  at org.junit.runners.ParentRunner$3.evaluate(ParentRunner.java:306)
  at org.junit.runners.BlockJUnit4ClassRunner$1.evaluate(BlockJUnit4ClassRunner.java:100)
  at org.junit.runners.ParentRunner.runLeaf(ParentRunner.java:366)
  at org.junit.runners.BlockJUnit4ClassRunner.runChild(BlockJUnit4ClassRunner.java:103)
  at org.junit.runners.BlockJUnit4ClassRunner.runChild(BlockJUnit4ClassRunner.java:63)
  at org.junit.runners.ParentRunner$4.run(ParentRunner.java:331)
  at org.junit.runners.ParentRunner$1.schedule(ParentRunner.java:79)
  at org.junit.runners.ParentRunner.runChildren(ParentRunner.java:329)
  at org.junit.runners.ParentRunner.access$100(ParentRunner.java:66)
  at org.junit.runners.ParentRunner$2.evaluate(ParentRunner.java:293)
  at org.junit.runners.ParentRunner$3.evaluate(ParentRunner.java:306)
  at org.junit.runners.ParentRunner.run(ParentRunner.java:413)
  at org.junit.runner.JUnitCore.run(JUnitCore.java:137)
  at org.junit.runner.JUnitCore.run(JUnitCore.java:115)
  at org.gradle.api.internal.tasks.testing.junit.JUnitTestExecutor.runRequest(JUnitTestExecutor.java:175)
  at org.gradle.api.internal.tasks.testing.junit.JUnitTestExecutor.accept(JUnitTestExecutor.java:84)
  at org.gradle.api.internal.tasks.testing.junit.JUnitTestExecutor.accept(JUnitTestExecutor.java:47)
  at org.gradle.api.internal.tasks.testing.junit.AbstractJUnitTestDefinitionProcessor.processTestDefinition(AbstractJUnitTestDefinitionProcessor.java:65)
  at org.gradle.api.internal.tasks.testing.SuiteTestDefinitionProcessor.processTestDefinition(SuiteTestDefinitionProcessor.java:54)
  at java.base/jdk.internal.reflect.DirectMethodHandleAccessor.invoke(DirectMethodHandleAccessor.java:104)
  at java.base/java.lang.reflect.Method.invoke(Method.java:565)
  at org.gradle.internal.dispatch.MethodInvocation.invokeOn(MethodInvocation.java:77)
  at org.gradle.internal.dispatch.ReflectionDispatch.dispatch(ReflectionDispatch.java:28)
  at org.gradle.internal.dispatch.ReflectionDispatch.dispatch(ReflectionDispatch.java:19)
  at org.gradle.internal.dispatch.ContextClassLoaderDispatch.dispatch(ContextClassLoaderDispatch.java:33)
  at org.gradle.internal.dispatch.ProxyDispatchAdapter$DispatchingInvocationHandler.invoke(ProxyDispatchAdapter.java:88)
  at jdk.proxy1/jdk.proxy1.$Proxy4.processTestDefinition(Unknown Source)
  at org.gradle.api.internal.tasks.testing.worker.TestWorker$2.run(TestWorker.java:178)
  at org.gradle.api.internal.tasks.testing.worker.TestWorker.executeAndMaintainThreadName(TestWorker.java:126)
  at org.gradle.api.internal.tasks.testing.worker.TestWorker.execute(TestWorker.java:103)
  at org.gradle.api.internal.tasks.testing.worker.TestWorker.execute(TestWorker.java:63)
  at org.gradle.process.internal.worker.child.ActionExecutionWorker.execute(ActionExecutionWorker.java:56)
  at org.gradle.process.internal.worker.child.SystemApplicationClassLoaderWorker.call(SystemApplicationClassLoaderWorker.java:122)
  at org.gradle.process.internal.worker.child.SystemApplicationClassLoaderWorker.call(SystemApplicationClassLoaderWorker.java:72)
  at worker.org.gradle.process.internal.worker.GradleWorkerMain.run(GradleWorkerMain.java:69)
  at worker.org.gradle.process.internal.worker.GradleWorkerMain.main(GradleWorkerMain.java:74)
</stacktrace>
</test-failure>


TypeScriptCompilerTests_T[jvm] > typeParameterExplicitlyExtendsAny_ts has expected errors matching typeParameterExplicitlyExtendsAny_errors_txt[jvm] FAILED

<test-failure test="com.xemantic.typescript.compiler.TypeScriptCompilerTests_T.typeofAmbientExternalModules_ts has expected errors matching typeofAmbientExternalModules_errors_txt" platform="jvm">
<message>
--- expected
+++ actual
@@ -1,10 +1,8 @@
 typeofAmbientExternalModules_0.ts(1,18): error TS2564: Property 'foo' has no initializer and is not definitely assigned in the constructor.
 typeofAmbientExternalModules_1.ts(1,11): error TS2564: Property 'bar' has no initializer and is not definitely assigned in the constructor.
-typeofAmbientExternalModules_2.ts(7,1): error TS2741: Property 'C' is missing in type 'typeof D' but required in type 'typeof import("typeofAmbientExternalModules_0")'.
-typeofAmbientExternalModules_2.ts(9,1): error TS2741: Property 'prototype' is missing in type 'typeof import("typeofAmbientExternalModules_0")' but required in type 'typeof D'.
 
 
-==== typeofAmbientExternalModules_2.ts (2 errors) ====
+==== typeofAmbientExternalModules_2.ts (0 errors) ====
     ///<reference path='typeofAmbientExternalModules_0.ts'/>
     ///<reference path='typeofAmbientExternalModules_1.ts'/>
     import ext = require('./typeofAmbientExternalModules_0');
@@ -12,13 +10,8 @@
     
     var y1: typeof ext = ext;
     y1 = exp;
-    ~~
-!!! error TS2741: Property 'C' is missing in type 'typeof D' but required in type 'typeof import("typeofAmbientExternalModules_0")'.
-!!! related TS2728 typeofAmbientExternalModules_0.ts:1:14: 'C' is declared here.
     var y2: typeof exp = exp;
     y2 = ext;
-    ~~
-!!! error TS2741: Property 'prototype' is missing in type 'typeof import("typeofAmbientExternalModules_0")' but required in type 'typeof D'.
 ==== typeofAmbientExternalModules_0.ts (1 errors) ====
     export class C { foo: string; }
                      ~~~

</message>
<stacktrace>
  at org.junit.Assert.fail(Assert.java:89)
  at kotlin.test.junit.JUnitAsserter.fail(JUnitSupport.kt:56)
  at kotlin.test.AssertionsKt__AssertionsKt.fail(Assertions.kt:563)
  at kotlin.test.AssertionsKt.fail(Unknown Source)
  at com.xemantic.kotlin.test.SameAsKt.sameAs(SameAs.kt:52)
  at com.xemantic.typescript.compiler.TypeScriptTestSupportKt.errorsMatchBaseline(TypeScriptTestSupport.kt:135)
  at com.xemantic.typescript.compiler.TypeScriptCompilerTests_T.typeofAmbientExternalModules_ts has expected errors matching typeofAmbientExternalModules_errors_txt(TypeScriptCompilerTests_T.kt:3479)
  at java.base/jdk.internal.reflect.DirectMethodHandleAccessor.invoke(DirectMethodHandleAccessor.java:104)
  at java.base/java.lang.reflect.Method.invoke(Method.java:565)
  at org.junit.runners.model.FrameworkMethod$1.runReflectiveCall(FrameworkMethod.java:59)
  at org.junit.internal.runners.model.ReflectiveCallable.run(ReflectiveCallable.java:12)
  at org.junit.runners.model.FrameworkMethod.invokeExplosively(FrameworkMethod.java:56)
  at org.junit.internal.runners.statements.InvokeMethod.evaluate(InvokeMethod.java:17)
  at org.junit.runners.ParentRunner$3.evaluate(ParentRunner.java:306)
  at org.junit.runners.BlockJUnit4ClassRunner$1.evaluate(BlockJUnit4ClassRunner.java:100)
  at org.junit.runners.ParentRunner.runLeaf(ParentRunner.java:366)
  at org.junit.runners.BlockJUnit4ClassRunner.runChild(BlockJUnit4ClassRunner.java:103)
  at org.junit.runners.BlockJUnit4ClassRunner.runChild(BlockJUnit4ClassRunner.java:63)
  at org.junit.runners.ParentRunner$4.run(ParentRunner.java:331)
  at org.junit.runners.ParentRunner$1.schedule(ParentRunner.java:79)
  at org.junit.runners.ParentRunner.runChildren(ParentRunner.java:329)
  at org.junit.runners.ParentRunner.access$100(ParentRunner.java:66)
  at org.junit.runners.ParentRunner$2.evaluate(ParentRunner.java:293)
  at org.junit.runners.ParentRunner$3.evaluate(ParentRunner.java:306)
  at org.junit.runners.ParentRunner.run(ParentRunner.java:413)
  at org.junit.runner.JUnitCore.run(JUnitCore.java:137)
  at org.junit.runner.JUnitCore.run(JUnitCore.java:115)
  at org.gradle.api.internal.tasks.testing.junit.JUnitTestExecutor.runRequest(JUnitTestExecutor.java:175)
  at org.gradle.api.internal.tasks.testing.junit.JUnitTestExecutor.accept(JUnitTestExecutor.java:84)
  at org.gradle.api.internal.tasks.testing.junit.JUnitTestExecutor.accept(JUnitTestExecutor.java:47)
  at org.gradle.api.internal.tasks.testing.junit.AbstractJUnitTestDefinitionProcessor.processTestDefinition(AbstractJUnitTestDefinitionProcessor.java:65)
  at org.gradle.api.internal.tasks.testing.SuiteTestDefinitionProcessor.processTestDefinition(SuiteTestDefinitionProcessor.java:54)
  at java.base/jdk.internal.reflect.DirectMethodHandleAccessor.invoke(DirectMethodHandleAccessor.java:104)
  at java.base/java.lang.reflect.Method.invoke(Method.java:565)
  at org.gradle.internal.dispatch.MethodInvocation.invokeOn(MethodInvocation.java:77)
  at org.gradle.internal.dispatch.ReflectionDispatch.dispatch(ReflectionDispatch.java:28)
  at org.gradle.internal.dispatch.ReflectionDispatch.dispatch(ReflectionDispatch.java:19)
  at org.gradle.internal.dispatch.ContextClassLoaderDispatch.dispatch(ContextClassLoaderDispatch.java:33)
  at org.gradle.internal.dispatch.ProxyDispatchAdapter$DispatchingInvocationHandler.invoke(ProxyDispatchAdapter.java:88)
  at jdk.proxy1/jdk.proxy1.$Proxy4.processTestDefinition(Unknown Source)
  at org.gradle.api.internal.tasks.testing.worker.TestWorker$2.run(TestWorker.java:178)
  at org.gradle.api.internal.tasks.testing.worker.TestWorker.executeAndMaintainThreadName(TestWorker.java:126)
  at org.gradle.api.internal.tasks.testing.worker.TestWorker.execute(TestWorker.java:103)
  at org.gradle.api.internal.tasks.testing.worker.TestWorker.execute(TestWorker.java:63)
  at org.gradle.process.internal.worker.child.ActionExecutionWorker.execute(ActionExecutionWorker.java:56)
  at org.gradle.process.internal.worker.child.SystemApplicationClassLoaderWorker.call(SystemApplicationClassLoaderWorker.java:122)
  at org.gradle.process.internal.worker.child.SystemApplicationClassLoaderWorker.call(SystemApplicationClassLoaderWorker.java:72)
  at worker.org.gradle.process.internal.worker.GradleWorkerMain.run(GradleWorkerMain.java:69)
  at worker.org.gradle.process.internal.worker.GradleWorkerMain.main(GradleWorkerMain.java:74)
</stacktrace>
</test-failure>


TypeScriptCompilerTests_T[jvm] > typeofAmbientExternalModules_ts has expected errors matching typeofAmbientExternalModules_errors_txt[jvm] FAILED

<test-failure test="com.xemantic.typescript.compiler.TypeScriptCompilerTests_T.thisKeyword_ts has expected errors matching thisKeyword_errors_txt" platform="jvm">
<message>
Expected diagnostics from baseline typescript-repo/tests/baselines/reference/thisKeyword.errors.txt but none produced
</message>
<stacktrace>
  at com.xemantic.typescript.compiler.TypeScriptTestSupportKt.errorsMatchBaseline(TypeScriptTestSupport.kt:125)
  at com.xemantic.typescript.compiler.TypeScriptCompilerTests_T.thisKeyword_ts has expected errors matching thisKeyword_errors_txt(TypeScriptCompilerTests_T.kt:868)
  at java.base/jdk.internal.reflect.DirectMethodHandleAccessor.invoke(DirectMethodHandleAccessor.java:104)
  at java.base/java.lang.reflect.Method.invoke(Method.java:565)
  at org.junit.runners.model.FrameworkMethod$1.runReflectiveCall(FrameworkMethod.java:59)
  at org.junit.internal.runners.model.ReflectiveCallable.run(ReflectiveCallable.java:12)
  at org.junit.runners.model.FrameworkMethod.invokeExplosively(FrameworkMethod.java:56)
  at org.junit.internal.runners.statements.InvokeMethod.evaluate(InvokeMethod.java:17)
  at org.junit.runners.ParentRunner$3.evaluate(ParentRunner.java:306)
  at org.junit.runners.BlockJUnit4ClassRunner$1.evaluate(BlockJUnit4ClassRunner.java:100)
  at org.junit.runners.ParentRunner.runLeaf(ParentRunner.java:366)
  at org.junit.runners.BlockJUnit4ClassRunner.runChild(BlockJUnit4ClassRunner.java:103)
  at org.junit.runners.BlockJUnit4ClassRunner.runChild(BlockJUnit4ClassRunner.java:63)
  at org.junit.runners.ParentRunner$4.run(ParentRunner.java:331)
  at org.junit.runners.ParentRunner$1.schedule(ParentRunner.java:79)
  at org.junit.runners.ParentRunner.runChildren(ParentRunner.java:329)
  at org.junit.runners.ParentRunner.access$100(ParentRunner.java:66)
  at org.junit.runners.ParentRunner$2.evaluate(ParentRunner.java:293)
  at org.junit.runners.ParentRunner$3.evaluate(ParentRunner.java:306)
  at org.junit.runners.ParentRunner.run(ParentRunner.java:413)
  at org.junit.runner.JUnitCore.run(JUnitCore.java:137)
  at org.junit.runner.JUnitCore.run(JUnitCore.java:115)
  at org.gradle.api.internal.tasks.testing.junit.JUnitTestExecutor.runRequest(JUnitTestExecutor.java:175)
  at org.gradle.api.internal.tasks.testing.junit.JUnitTestExecutor.accept(JUnitTestExecutor.java:84)
  at org.gradle.api.internal.tasks.testing.junit.JUnitTestExecutor.accept(JUnitTestExecutor.java:47)
  at org.gradle.api.internal.tasks.testing.junit.AbstractJUnitTestDefinitionProcessor.processTestDefinition(AbstractJUnitTestDefinitionProcessor.java:65)
  at org.gradle.api.internal.tasks.testing.SuiteTestDefinitionProcessor.processTestDefinition(SuiteTestDefinitionProcessor.java:54)
  at java.base/jdk.internal.reflect.DirectMethodHandleAccessor.invoke(DirectMethodHandleAccessor.java:104)
  at java.base/java.lang.reflect.Method.invoke(Method.java:565)
  at org.gradle.internal.dispatch.MethodInvocation.invokeOn(MethodInvocation.java:77)
  at org.gradle.internal.dispatch.ReflectionDispatch.dispatch(ReflectionDispatch.java:28)
  at org.gradle.internal.dispatch.ReflectionDispatch.dispatch(ReflectionDispatch.java:19)
  at org.gradle.internal.dispatch.ContextClassLoaderDispatch.dispatch(ContextClassLoaderDispatch.java:33)
  at org.gradle.internal.dispatch.ProxyDispatchAdapter$DispatchingInvocationHandler.invoke(ProxyDispatchAdapter.java:88)
  at jdk.proxy1/jdk.proxy1.$Proxy4.processTestDefinition(Unknown Source)
  at org.gradle.api.internal.tasks.testing.worker.TestWorker$2.run(TestWorker.java:178)
  at org.gradle.api.internal.tasks.testing.worker.TestWorker.executeAndMaintainThreadName(TestWorker.java:126)
  at org.gradle.api.internal.tasks.testing.worker.TestWorker.execute(TestWorker.java:103)
  at org.gradle.api.internal.tasks.testing.worker.TestWorker.execute(TestWorker.java:63)
  at org.gradle.process.internal.worker.child.ActionExecutionWorker.execute(ActionExecutionWorker.java:56)
  at org.gradle.process.internal.worker.child.SystemApplicationClassLoaderWorker.call(SystemApplicationClassLoaderWorker.java:122)
  at org.gradle.process.internal.worker.child.SystemApplicationClassLoaderWorker.call(SystemApplicationClassLoaderWorker.java:72)
  at worker.org.gradle.process.internal.worker.GradleWorkerMain.run(GradleWorkerMain.java:69)
  at worker.org.gradle.process.internal.worker.GradleWorkerMain.main(GradleWorkerMain.java:74)
</stacktrace>
</test-failure>


TypeScriptCompilerTests_T[jvm] > thisKeyword_ts has expected errors matching thisKeyword_errors_txt[jvm] FAILED

<test-failure test="com.xemantic.typescript.compiler.TypeScriptCompilerTests_T.typeParametersInStaticMethods_ts has expected errors matching typeParametersInStaticMethods_errors_txt" platform="jvm">
<message>
Expected diagnostics from baseline typescript-repo/tests/baselines/reference/typeParametersInStaticMethods.errors.txt but none produced
</message>
<stacktrace>
  at com.xemantic.typescript.compiler.TypeScriptTestSupportKt.errorsMatchBaseline(TypeScriptTestSupport.kt:125)
  at com.xemantic.typescript.compiler.TypeScriptCompilerTests_T.typeParametersInStaticMethods_ts has expected errors matching typeParametersInStaticMethods_errors_txt(TypeScriptCompilerTests_T.kt:2947)
  at java.base/jdk.internal.reflect.DirectMethodHandleAccessor.invoke(DirectMethodHandleAccessor.java:104)
  at java.base/java.lang.reflect.Method.invoke(Method.java:565)
  at org.junit.runners.model.FrameworkMethod$1.runReflectiveCall(FrameworkMethod.java:59)
  at org.junit.internal.runners.model.ReflectiveCallable.run(ReflectiveCallable.java:12)
  at org.junit.runners.model.FrameworkMethod.invokeExplosively(FrameworkMethod.java:56)
  at org.junit.internal.runners.statements.InvokeMethod.evaluate(InvokeMethod.java:17)
  at org.junit.runners.ParentRunner$3.evaluate(ParentRunner.java:306)
  at org.junit.runners.BlockJUnit4ClassRunner$1.evaluate(BlockJUnit4ClassRunner.java:100)
  at org.junit.runners.ParentRunner.runLeaf(ParentRunner.java:366)
  at org.junit.runners.BlockJUnit4ClassRunner.runChild(BlockJUnit4ClassRunner.java:103)
  at org.junit.runners.BlockJUnit4ClassRunner.runChild(BlockJUnit4ClassRunner.java:63)
  at org.junit.runners.ParentRunner$4.run(ParentRunner.java:331)
  at org.junit.runners.ParentRunner$1.schedule(ParentRunner.java:79)
  at org.junit.runners.ParentRunner.runChildren(ParentRunner.java:329)
  at org.junit.runners.ParentRunner.access$100(ParentRunner.java:66)
  at org.junit.runners.ParentRunner$2.evaluate(ParentRunner.java:293)
  at org.junit.runners.ParentRunner$3.evaluate(ParentRunner.java:306)
  at org.junit.runners.ParentRunner.run(ParentRunner.java:413)
  at org.junit.runner.JUnitCore.run(JUnitCore.java:137)
  at org.junit.runner.JUnitCore.run(JUnitCore.java:115)
  at org.gradle.api.internal.tasks.testing.junit.JUnitTestExecutor.runRequest(JUnitTestExecutor.java:175)
  at org.gradle.api.internal.tasks.testing.junit.JUnitTestExecutor.accept(JUnitTestExecutor.java:84)
  at org.gradle.api.internal.tasks.testing.junit.JUnitTestExecutor.accept(JUnitTestExecutor.java:47)
  at org.gradle.api.internal.tasks.testing.junit.AbstractJUnitTestDefinitionProcessor.processTestDefinition(AbstractJUnitTestDefinitionProcessor.java:65)
  at org.gradle.api.internal.tasks.testing.SuiteTestDefinitionProcessor.processTestDefinition(SuiteTestDefinitionProcessor.java:54)
  at java.base/jdk.internal.reflect.DirectMethodHandleAccessor.invoke(DirectMethodHandleAccessor.java:104)
  at java.base/java.lang.reflect.Method.invoke(Method.java:565)
  at org.gradle.internal.dispatch.MethodInvocation.invokeOn(MethodInvocation.java:77)
  at org.gradle.internal.dispatch.ReflectionDispatch.dispatch(ReflectionDispatch.java:28)
  at org.gradle.internal.dispatch.ReflectionDispatch.dispatch(ReflectionDispatch.java:19)
  at org.gradle.internal.dispatch.ContextClassLoaderDispatch.dispatch(ContextClassLoaderDispatch.java:33)
  at org.gradle.internal.dispatch.ProxyDispatchAdapter$DispatchingInvocationHandler.invoke(ProxyDispatchAdapter.java:88)
  at jdk.proxy1/jdk.proxy1.$Proxy4.processTestDefinition(Unknown Source)
  at org.gradle.api.internal.tasks.testing.worker.TestWorker$2.run(TestWorker.java:178)
  at org.gradle.api.internal.tasks.testing.worker.TestWorker.executeAndMaintainThreadName(TestWorker.java:126)
  at org.gradle.api.internal.tasks.testing.worker.TestWorker.execute(TestWorker.java:103)
  at org.gradle.api.internal.tasks.testing.worker.TestWorker.execute(TestWorker.java:63)
  at org.gradle.process.internal.worker.child.ActionExecutionWorker.execute(ActionExecutionWorker.java:56)
  at org.gradle.process.internal.worker.child.SystemApplicationClassLoaderWorker.call(SystemApplicationClassLoaderWorker.java:122)
  at org.gradle.process.internal.worker.child.SystemApplicationClassLoaderWorker.call(SystemApplicationClassLoaderWorker.java:72)
  at worker.org.gradle.process.internal.worker.GradleWorkerMain.run(GradleWorkerMain.java:69)
  at worker.org.gradle.process.internal.worker.GradleWorkerMain.main(GradleWorkerMain.java:74)
</stacktrace>
</test-failure>


TypeScriptCompilerTests_T[jvm] > typeParametersInStaticMethods_ts has expected errors matching typeParametersInStaticMethods_errors_txt[jvm] FAILED

<test-failure test="com.xemantic.typescript.compiler.TypeScriptCompilerTests_T.taggedTemplatesWithIncompleteTemplateExpressions6_ts has expected errors matching taggedTemplatesWithIncompleteTemplateExpressions6_errors_txt" platform="jvm">
<message>
Expected diagnostics from baseline typescript-repo/tests/baselines/reference/taggedTemplatesWithIncompleteTemplateExpressions6.errors.txt but none produced
</message>
<stacktrace>
  at com.xemantic.typescript.compiler.TypeScriptTestSupportKt.errorsMatchBaseline(TypeScriptTestSupport.kt:125)
  at com.xemantic.typescript.compiler.TypeScriptCompilerTests_T.taggedTemplatesWithIncompleteTemplateExpressions6_ts has expected errors matching taggedTemplatesWithIncompleteTemplateExpressions6_errors_txt(TypeScriptCompilerTests_T.kt:252)
  at java.base/jdk.internal.reflect.DirectMethodHandleAccessor.invoke(DirectMethodHandleAccessor.java:104)
  at java.base/java.lang.reflect.Method.invoke(Method.java:565)
  at org.junit.runners.model.FrameworkMethod$1.runReflectiveCall(FrameworkMethod.java:59)
  at org.junit.internal.runners.model.ReflectiveCallable.run(ReflectiveCallable.java:12)
  at org.junit.runners.model.FrameworkMethod.invokeExplosively(FrameworkMethod.java:56)
  at org.junit.internal.runners.statements.InvokeMethod.evaluate(InvokeMethod.java:17)
  at org.junit.runners.ParentRunner$3.evaluate(ParentRunner.java:306)
  at org.junit.runners.BlockJUnit4ClassRunner$1.evaluate(BlockJUnit4ClassRunner.java:100)
  at org.junit.runners.ParentRunner.runLeaf(ParentRunner.java:366)
  at org.junit.runners.BlockJUnit4ClassRunner.runChild(BlockJUnit4ClassRunner.java:103)
  at org.junit.runners.BlockJUnit4ClassRunner.runChild(BlockJUnit4ClassRunner.java:63)
  at org.junit.runners.ParentRunner$4.run(ParentRunner.java:331)
  at org.junit.runners.ParentRunner$1.schedule(ParentRunner.java:79)
  at org.junit.runners.ParentRunner.runChildren(ParentRunner.java:329)
  at org.junit.runners.ParentRunner.access$100(ParentRunner.java:66)
  at org.junit.runners.ParentRunner$2.evaluate(ParentRunner.java:293)
  at org.junit.runners.ParentRunner$3.evaluate(ParentRunner.java:306)
  at org.junit.runners.ParentRunner.run(ParentRunner.java:413)
  at org.junit.runner.JUnitCore.run(JUnitCore.java:137)
  at org.junit.runner.JUnitCore.run(JUnitCore.java:115)
  at org.gradle.api.internal.tasks.testing.junit.JUnitTestExecutor.runRequest(JUnitTestExecutor.java:175)
  at org.gradle.api.internal.tasks.testing.junit.JUnitTestExecutor.accept(JUnitTestExecutor.java:84)
  at org.gradle.api.internal.tasks.testing.junit.JUnitTestExecutor.accept(JUnitTestExecutor.java:47)
  at org.gradle.api.internal.tasks.testing.junit.AbstractJUnitTestDefinitionProcessor.processTestDefinition(AbstractJUnitTestDefinitionProcessor.java:65)
  at org.gradle.api.internal.tasks.testing.SuiteTestDefinitionProcessor.processTestDefinition(SuiteTestDefinitionProcessor.java:54)
  at java.base/jdk.internal.reflect.DirectMethodHandleAccessor.invoke(DirectMethodHandleAccessor.java:104)
  at java.base/java.lang.reflect.Method.invoke(Method.java:565)
  at org.gradle.internal.dispatch.MethodInvocation.invokeOn(MethodInvocation.java:77)
  at org.gradle.internal.dispatch.ReflectionDispatch.dispatch(ReflectionDispatch.java:28)
  at org.gradle.internal.dispatch.ReflectionDispatch.dispatch(ReflectionDispatch.java:19)
  at org.gradle.internal.dispatch.ContextClassLoaderDispatch.dispatch(ContextClassLoaderDispatch.java:33)
  at org.gradle.internal.dispatch.ProxyDispatchAdapter$DispatchingInvocationHandler.invoke(ProxyDispatchAdapter.java:88)
  at jdk.proxy1/jdk.proxy1.$Proxy4.processTestDefinition(Unknown Source)
  at org.gradle.api.internal.tasks.testing.worker.TestWorker$2.run(TestWorker.java:178)
  at org.gradle.api.internal.tasks.testing.worker.TestWorker.executeAndMaintainThreadName(TestWorker.java:126)
  at org.gradle.api.internal.tasks.testing.worker.TestWorker.execute(TestWorker.java:103)
  at org.gradle.api.internal.tasks.testing.worker.TestWorker.execute(TestWorker.java:63)
  at org.gradle.process.internal.worker.child.ActionExecutionWorker.execute(ActionExecutionWorker.java:56)
  at org.gradle.process.internal.worker.child.SystemApplicationClassLoaderWorker.call(SystemApplicationClassLoaderWorker.java:122)
  at org.gradle.process.internal.worker.child.SystemApplicationClassLoaderWorker.call(SystemApplicationClassLoaderWorker.java:72)
  at worker.org.gradle.process.internal.worker.GradleWorkerMain.run(GradleWorkerMain.java:69)
  at worker.org.gradle.process.internal.worker.GradleWorkerMain.main(GradleWorkerMain.java:74)
</stacktrace>
</test-failure>


TypeScriptCompilerTests_T[jvm] > taggedTemplatesWithIncompleteTemplateExpressions6_ts has expected errors matching taggedTemplatesWithIncompleteTemplateExpressions6_errors_txt[jvm] FAILED

<test-failure test="com.xemantic.typescript.compiler.TypeScriptCompilerTests_T.thisAssignmentInNamespaceDeclaration1_ts has expected errors matching thisAssignmentInNamespaceDeclaration1_errors_txt" platform="jvm">
<message>
--- expected
+++ actual
@@ -1,29 +1,17 @@
 a.js(1,11): error TS8006: 'namespace' declarations can only be used in TypeScript files.
-a.js(2,5): error TS2331: 'this' cannot be referenced in a module or namespace body.
-a.js(2,5): error TS2683: 'this' implicitly has type 'any' because it does not have a type annotation.
 b.js(1,11): error TS8006: 'namespace' declarations can only be used in TypeScript files.
-b.js(2,5): error TS2331: 'this' cannot be referenced in a module or namespace body.
-b.js(2,5): error TS2683: 'this' implicitly has type 'any' because it does not have a type annotation.
 
 
-==== a.js (3 errors) ====
+==== a.js (1 errors) ====
     namespace foo {
               ~~~
 !!! error TS8006: 'namespace' declarations can only be used in TypeScript files.
         this.bar = 4;
-        ~~~~
-!!! error TS2331: 'this' cannot be referenced in a module or namespace body.
-        ~~~~
-!!! error TS2683: 'this' implicitly has type 'any' because it does not have a type annotation.
     }
     
-==== b.js (3 errors) ====
+==== b.js (1 errors) ====
     namespace blah {
               ~~~~
 !!! error TS8006: 'namespace' declarations can only be used in TypeScript files.
         this.prop = 42;
-        ~~~~
-!!! error TS2331: 'this' cannot be referenced in a module or namespace body.
-        ~~~~
-!!! error TS2683: 'this' implicitly has type 'any' because it does not have a type annotation.
     }

</message>
<stacktrace>
  at org.junit.Assert.fail(Assert.java:89)
  at kotlin.test.junit.JUnitAsserter.fail(JUnitSupport.kt:56)
  at kotlin.test.AssertionsKt__AssertionsKt.fail(Assertions.kt:563)
  at kotlin.test.AssertionsKt.fail(Unknown Source)
  at com.xemantic.kotlin.test.SameAsKt.sameAs(SameAs.kt:52)
  at com.xemantic.typescript.compiler.TypeScriptTestSupportKt.errorsMatchBaseline(TypeScriptTestSupport.kt:135)
  at com.xemantic.typescript.compiler.TypeScriptCompilerTests_T.thisAssignmentInNamespaceDeclaration1_ts has expected errors matching thisAssignmentInNamespaceDeclaration1_errors_txt(TypeScriptCompilerTests_T.kt:532)
  at java.base/jdk.internal.reflect.DirectMethodHandleAccessor.invoke(DirectMethodHandleAccessor.java:104)
  at java.base/java.lang.reflect.Method.invoke(Method.java:565)
  at org.junit.runners.model.FrameworkMethod$1.runReflectiveCall(FrameworkMethod.java:59)
  at org.junit.internal.runners.model.ReflectiveCallable.run(ReflectiveCallable.java:12)
  at org.junit.runners.model.FrameworkMethod.invokeExplosively(FrameworkMethod.java:56)
  at org.junit.internal.runners.statements.InvokeMethod.evaluate(InvokeMethod.java:17)
  at org.junit.runners.ParentRunner$3.evaluate(ParentRunner.java:306)
  at org.junit.runners.BlockJUnit4ClassRunner$1.evaluate(BlockJUnit4ClassRunner.java:100)
  at org.junit.runners.ParentRunner.runLeaf(ParentRunner.java:366)
  at org.junit.runners.BlockJUnit4ClassRunner.runChild(BlockJUnit4ClassRunner.java:103)
  at org.junit.runners.BlockJUnit4ClassRunner.runChild(BlockJUnit4ClassRunner.java:63)
  at org.junit.runners.ParentRunner$4.run(ParentRunner.java:331)
  at org.junit.runners.ParentRunner$1.schedule(ParentRunner.java:79)
  at org.junit.runners.ParentRunner.runChildren(ParentRunner.java:329)
  at org.junit.runners.ParentRunner.access$100(ParentRunner.java:66)
  at org.junit.runners.ParentRunner$2.evaluate(ParentRunner.java:293)
  at org.junit.runners.ParentRunner$3.evaluate(ParentRunner.java:306)
  at org.junit.runners.ParentRunner.run(ParentRunner.java:413)
  at org.junit.runner.JUnitCore.run(JUnitCore.java:137)
  at org.junit.runner.JUnitCore.run(JUnitCore.java:115)
  at org.gradle.api.internal.tasks.testing.junit.JUnitTestExecutor.runRequest(JUnitTestExecutor.java:175)
  at org.gradle.api.internal.tasks.testing.junit.JUnitTestExecutor.accept(JUnitTestExecutor.java:84)
  at org.gradle.api.internal.tasks.testing.junit.JUnitTestExecutor.accept(JUnitTestExecutor.java:47)
  at org.gradle.api.internal.tasks.testing.junit.AbstractJUnitTestDefinitionProcessor.processTestDefinition(AbstractJUnitTestDefinitionProcessor.java:65)
  at org.gradle.api.internal.tasks.testing.SuiteTestDefinitionProcessor.processTestDefinition(SuiteTestDefinitionProcessor.java:54)
  at java.base/jdk.internal.reflect.DirectMethodHandleAccessor.invoke(DirectMethodHandleAccessor.java:104)
  at java.base/java.lang.reflect.Method.invoke(Method.java:565)
  at org.gradle.internal.dispatch.MethodInvocation.invokeOn(MethodInvocation.java:77)
  at org.gradle.internal.dispatch.ReflectionDispatch.dispatch(ReflectionDispatch.java:28)
  at org.gradle.internal.dispatch.ReflectionDispatch.dispatch(ReflectionDispatch.java:19)
  at org.gradle.internal.dispatch.ContextClassLoaderDispatch.dispatch(ContextClassLoaderDispatch.java:33)
  at org.gradle.internal.dispatch.ProxyDispatchAdapter$DispatchingInvocationHandler.invoke(ProxyDispatchAdapter.java:88)
  at jdk.proxy1/jdk.proxy1.$Proxy4.processTestDefinition(Unknown Source)
  at org.gradle.api.internal.tasks.testing.worker.TestWorker$2.run(TestWorker.java:178)
  at org.gradle.api.internal.tasks.testing.worker.TestWorker.executeAndMaintainThreadName(TestWorker.java:126)
  at org.gradle.api.internal.tasks.testing.worker.TestWorker.execute(TestWorker.java:103)
  at org.gradle.api.internal.tasks.testing.worker.TestWorker.execute(TestWorker.java:63)
  at org.gradle.process.internal.worker.child.ActionExecutionWorker.execute(ActionExecutionWorker.java:56)
  at org.gradle.process.internal.worker.child.SystemApplicationClassLoaderWorker.call(SystemApplicationClassLoaderWorker.java:122)
  at org.gradle.process.internal.worker.child.SystemApplicationClassLoaderWorker.call(SystemApplicationClassLoaderWorker.java:72)
  at worker.org.gradle.process.internal.worker.GradleWorkerMain.run(GradleWorkerMain.java:69)
  at worker.org.gradle.process.internal.worker.GradleWorkerMain.main(GradleWorkerMain.java:74)
</stacktrace>
</test-failure>


TypeScriptCompilerTests_T[jvm] > thisAssignmentInNamespaceDeclaration1_ts has expected errors matching thisAssignmentInNamespaceDeclaration1_errors_txt[jvm] FAILED

<test-failure test="com.xemantic.typescript.compiler.TypeScriptCompilerTests_T.typeArgInference2WithError_ts has expected errors matching typeArgInference2WithError_errors_txt" platform="jvm">
<message>
Expected diagnostics from baseline typescript-repo/tests/baselines/reference/typeArgInference2WithError.errors.txt but none produced
</message>
<stacktrace>
  at com.xemantic.typescript.compiler.TypeScriptTestSupportKt.errorsMatchBaseline(TypeScriptTestSupport.kt:125)
  at com.xemantic.typescript.compiler.TypeScriptCompilerTests_T.typeArgInference2WithError_ts has expected errors matching typeArgInference2WithError_errors_txt(TypeScriptCompilerTests_T.kt:1708)
  at java.base/jdk.internal.reflect.DirectMethodHandleAccessor.invoke(DirectMethodHandleAccessor.java:104)
  at java.base/java.lang.reflect.Method.invoke(Method.java:565)
  at org.junit.runners.model.FrameworkMethod$1.runReflectiveCall(FrameworkMethod.java:59)
  at org.junit.internal.runners.model.ReflectiveCallable.run(ReflectiveCallable.java:12)
  at org.junit.runners.model.FrameworkMethod.invokeExplosively(FrameworkMethod.java:56)
  at org.junit.internal.runners.statements.InvokeMethod.evaluate(InvokeMethod.java:17)
  at org.junit.runners.ParentRunner$3.evaluate(ParentRunner.java:306)
  at org.junit.runners.BlockJUnit4ClassRunner$1.evaluate(BlockJUnit4ClassRunner.java:100)
  at org.junit.runners.ParentRunner.runLeaf(ParentRunner.java:366)
  at org.junit.runners.BlockJUnit4ClassRunner.runChild(BlockJUnit4ClassRunner.java:103)
  at org.junit.runners.BlockJUnit4ClassRunner.runChild(BlockJUnit4ClassRunner.java:63)
  at org.junit.runners.ParentRunner$4.run(ParentRunner.java:331)
  at org.junit.runners.ParentRunner$1.schedule(ParentRunner.java:79)
  at org.junit.runners.ParentRunner.runChildren(ParentRunner.java:329)
  at org.junit.runners.ParentRunner.access$100(ParentRunner.java:66)
  at org.junit.runners.ParentRunner$2.evaluate(ParentRunner.java:293)
  at org.junit.runners.ParentRunner$3.evaluate(ParentRunner.java:306)
  at org.junit.runners.ParentRunner.run(ParentRunner.java:413)
  at org.junit.runner.JUnitCore.run(JUnitCore.java:137)
  at org.junit.runner.JUnitCore.run(JUnitCore.java:115)
  at org.gradle.api.internal.tasks.testing.junit.JUnitTestExecutor.runRequest(JUnitTestExecutor.java:175)
  at org.gradle.api.internal.tasks.testing.junit.JUnitTestExecutor.accept(JUnitTestExecutor.java:84)
  at org.gradle.api.internal.tasks.testing.junit.JUnitTestExecutor.accept(JUnitTestExecutor.java:47)
  at org.gradle.api.internal.tasks.testing.junit.AbstractJUnitTestDefinitionProcessor.processTestDefinition(AbstractJUnitTestDefinitionProcessor.java:65)
  at org.gradle.api.internal.tasks.testing.SuiteTestDefinitionProcessor.processTestDefinition(SuiteTestDefinitionProcessor.java:54)
  at java.base/jdk.internal.reflect.DirectMethodHandleAccessor.invoke(DirectMethodHandleAccessor.java:104)
  at java.base/java.lang.reflect.Method.invoke(Method.java:565)
  at org.gradle.internal.dispatch.MethodInvocation.invokeOn(MethodInvocation.java:77)
  at org.gradle.internal.dispatch.ReflectionDispatch.dispatch(ReflectionDispatch.java:28)
  at org.gradle.internal.dispatch.ReflectionDispatch.dispatch(ReflectionDispatch.java:19)
  at org.gradle.internal.dispatch.ContextClassLoaderDispatch.dispatch(ContextClassLoaderDispatch.java:33)
  at org.gradle.internal.dispatch.ProxyDispatchAdapter$DispatchingInvocationHandler.invoke(ProxyDispatchAdapter.java:88)
  at jdk.proxy1/jdk.proxy1.$Proxy4.processTestDefinition(Unknown Source)
  at org.gradle.api.internal.tasks.testing.worker.TestWorker$2.run(TestWorker.java:178)
  at org.gradle.api.internal.tasks.testing.worker.TestWorker.executeAndMaintainThreadName(TestWorker.java:126)
  at org.gradle.api.internal.tasks.testing.worker.TestWorker.execute(TestWorker.java:103)
  at org.gradle.api.internal.tasks.testing.worker.TestWorker.execute(TestWorker.java:63)
  at org.gradle.process.internal.worker.child.ActionExecutionWorker.execute(ActionExecutionWorker.java:56)
  at org.gradle.process.internal.worker.child.SystemApplicationClassLoaderWorker.call(SystemApplicationClassLoaderWorker.java:122)
  at org.gradle.process.internal.worker.child.SystemApplicationClassLoaderWorker.call(SystemApplicationClassLoaderWorker.java:72)
  at worker.org.gradle.process.internal.worker.GradleWorkerMain.run(GradleWorkerMain.java:69)
  at worker.org.gradle.process.internal.worker.GradleWorkerMain.main(GradleWorkerMain.java:74)
</stacktrace>
</test-failure>


TypeScriptCompilerTests_T[jvm] > typeArgInference2WithError_ts has expected errors matching typeArgInference2WithError_errors_txt[jvm] FAILED

<test-failure test="com.xemantic.typescript.compiler.TypeScriptCompilerTests_T.typeOfOnTypeArg_ts has expected errors matching typeOfOnTypeArg_errors_txt" platform="jvm">
<message>
Expected diagnostics from baseline typescript-repo/tests/baselines/reference/typeOfOnTypeArg.errors.txt but none produced
</message>
<stacktrace>
  at com.xemantic.typescript.compiler.TypeScriptTestSupportKt.errorsMatchBaseline(TypeScriptTestSupport.kt:125)
  at com.xemantic.typescript.compiler.TypeScriptCompilerTests_T.typeOfOnTypeArg_ts has expected errors matching typeOfOnTypeArg_errors_txt(TypeScriptCompilerTests_T.kt:2401)
  at java.base/jdk.internal.reflect.DirectMethodHandleAccessor.invoke(DirectMethodHandleAccessor.java:104)
  at java.base/java.lang.reflect.Method.invoke(Method.java:565)
  at org.junit.runners.model.FrameworkMethod$1.runReflectiveCall(FrameworkMethod.java:59)
  at org.junit.internal.runners.model.ReflectiveCallable.run(ReflectiveCallable.java:12)
  at org.junit.runners.model.FrameworkMethod.invokeExplosively(FrameworkMethod.java:56)
  at org.junit.internal.runners.statements.InvokeMethod.evaluate(InvokeMethod.java:17)
  at org.junit.runners.ParentRunner$3.evaluate(ParentRunner.java:306)
  at org.junit.runners.BlockJUnit4ClassRunner$1.evaluate(BlockJUnit4ClassRunner.java:100)
  at org.junit.runners.ParentRunner.runLeaf(ParentRunner.java:366)
  at org.junit.runners.BlockJUnit4ClassRunner.runChild(BlockJUnit4ClassRunner.java:103)
  at org.junit.runners.BlockJUnit4ClassRunner.runChild(BlockJUnit4ClassRunner.java:63)
  at org.junit.runners.ParentRunner$4.run(ParentRunner.java:331)
  at org.junit.runners.ParentRunner$1.schedule(ParentRunner.java:79)
  at org.junit.runners.ParentRunner.runChildren(ParentRunner.java:329)
  at org.junit.runners.ParentRunner.access$100(ParentRunner.java:66)
  at org.junit.runners.ParentRunner$2.evaluate(ParentRunner.java:293)
  at org.junit.runners.ParentRunner$3.evaluate(ParentRunner.java:306)
  at org.junit.runners.ParentRunner.run(ParentRunner.java:413)
  at org.junit.runner.JUnitCore.run(JUnitCore.java:137)
  at org.junit.runner.JUnitCore.run(JUnitCore.java:115)
  at org.gradle.api.internal.tasks.testing.junit.JUnitTestExecutor.runRequest(JUnitTestExecutor.java:175)
  at org.gradle.api.internal.tasks.testing.junit.JUnitTestExecutor.accept(JUnitTestExecutor.java:84)
  at org.gradle.api.internal.tasks.testing.junit.JUnitTestExecutor.accept(JUnitTestExecutor.java:47)
  at org.gradle.api.internal.tasks.testing.junit.AbstractJUnitTestDefinitionProcessor.processTestDefinition(AbstractJUnitTestDefinitionProcessor.java:65)
  at org.gradle.api.internal.tasks.testing.SuiteTestDefinitionProcessor.processTestDefinition(SuiteTestDefinitionProcessor.java:54)
  at java.base/jdk.internal.reflect.DirectMethodHandleAccessor.invoke(DirectMethodHandleAccessor.java:104)
  at java.base/java.lang.reflect.Method.invoke(Method.java:565)
  at org.gradle.internal.dispatch.MethodInvocation.invokeOn(MethodInvocation.java:77)
  at org.gradle.internal.dispatch.ReflectionDispatch.dispatch(ReflectionDispatch.java:28)
  at org.gradle.internal.dispatch.ReflectionDispatch.dispatch(ReflectionDispatch.java:19)
  at org.gradle.internal.dispatch.ContextClassLoaderDispatch.dispatch(ContextClassLoaderDispatch.java:33)
  at org.gradle.internal.dispatch.ProxyDispatchAdapter$DispatchingInvocationHandler.invoke(ProxyDispatchAdapter.java:88)
  at jdk.proxy1/jdk.proxy1.$Proxy4.processTestDefinition(Unknown Source)
  at org.gradle.api.internal.tasks.testing.worker.TestWorker$2.run(TestWorker.java:178)
  at org.gradle.api.internal.tasks.testing.worker.TestWorker.executeAndMaintainThreadName(TestWorker.java:126)
  at org.gradle.api.internal.tasks.testing.worker.TestWorker.execute(TestWorker.java:103)
  at org.gradle.api.internal.tasks.testing.worker.TestWorker.execute(TestWorker.java:63)
  at org.gradle.process.internal.worker.child.ActionExecutionWorker.execute(ActionExecutionWorker.java:56)
  at org.gradle.process.internal.worker.child.SystemApplicationClassLoaderWorker.call(SystemApplicationClassLoaderWorker.java:122)
  at org.gradle.process.internal.worker.child.SystemApplicationClassLoaderWorker.call(SystemApplicationClassLoaderWorker.java:72)
  at worker.org.gradle.process.internal.worker.GradleWorkerMain.run(GradleWorkerMain.java:69)
  at worker.org.gradle.process.internal.worker.GradleWorkerMain.main(GradleWorkerMain.java:74)
</stacktrace>
</test-failure>


TypeScriptCompilerTests_T[jvm] > typeOfOnTypeArg_ts has expected errors matching typeOfOnTypeArg_errors_txt[jvm] FAILED

<test-failure test="com.xemantic.typescript.compiler.TypeScriptCompilerTests_T.thislessFunctionsNotContextSensitive1_ts has expected errors matching thislessFunctionsNotContextSensitive1_errors_txt" platform="jvm">
<message>
--- expected
+++ actual
@@ -1,9 +1,18 @@
-thislessFunctionsNotContextSensitive1.ts(25,3): error TS2345: Argument of type 'false' is not assignable to parameter of type 'true'.
-thislessFunctionsNotContextSensitive1.ts(143,13): error TS2345: Argument of type '"value"' is not assignable to parameter of type 'never'.
-thislessFunctionsNotContextSensitive1.ts(176,3): error TS2820: Type '"$test6"' is not assignable to type 'ExtractFields<{ target: "$test6"; data1: { $test1: number; $test2: null; }; data2: { $test3: {}; $test4: () => void; $test5(): void; }; }> | undefined'. Did you mean '"$test4"'?
+thislessFunctionsNotContextSensitive1.ts(39,13): error TS7006: Parameter 'event' implicitly has an 'any' type.
+thislessFunctionsNotContextSensitive1.ts(46,13): error TS7006: Parameter 'event' implicitly has an 'any' type.
+thislessFunctionsNotContextSensitive1.ts(73,22): error TS7006: Parameter 'state123' implicitly has an 'any' type.
+thislessFunctionsNotContextSensitive1.ts(79,26): error TS7006: Parameter 'state' implicitly has an 'any' type.
+thislessFunctionsNotContextSensitive1.ts(94,12): error TS7006: Parameter 'methods' implicitly has an 'any' type.
+thislessFunctionsNotContextSensitive1.ts(103,12): error TS7006: Parameter 'methods' implicitly has an 'any' type.
+thislessFunctionsNotContextSensitive1.ts(126,11): error TS7006: Parameter 'state' implicitly has an 'any' type.
+thislessFunctionsNotContextSensitive1.ts(126,18): error TS7006: Parameter 'data' implicitly has an 'any' type.
+thislessFunctionsNotContextSensitive1.ts(192,7): error TS7006: Parameter 'c' implicitly has an 'any' type.
+thislessFunctionsNotContextSensitive1.ts(200,7): error TS7006: Parameter 'c' implicitly has an 'any' type.
+thislessFunctionsNotContextSensitive1.ts(209,5): error TS7006: Parameter 'c' implicitly has an 'any' type.
+thislessFunctionsNotContextSensitive1.ts(215,5): error TS7006: Parameter 'c' implicitly has an 'any' type.
 
 
-==== thislessFunctionsNotContextSensitive1.ts (3 errors) ====
+==== thislessFunctionsNotContextSensitive1.ts (12 errors) ====
     // https://github.com/microsoft/TypeScript/issues/62204
     
     declare function TestConfig<const TConfig extends { a?: any; b?: any; c?: any }>(
@@ -29,8 +38,6 @@
         },
       },
       false, // error
-      ~~~~~
-!!! error TS2345: Argument of type 'false' is not assignable to parameter of type 'true'.
     );
     
     // https://github.com/microsoft/TypeScript/issues/60986
@@ -45,6 +52,8 @@
     
     defineOptions({
       resolve: (event) => event, // number
+                ~~~~~
+!!! error TS7006: Parameter 'event' implicitly has an 'any' type.
       subscribe() {
         return 123;
       },
@@ -52,6 +61,8 @@
     
     defineOptions({
       resolve: (event) => event, // number
+                ~~~~~
+!!! error TS7006: Parameter 'event' implicitly has an 'any' type.
       subscribe: function () {
         return 123;
       },
@@ -79,12 +90,16 @@
         return { bar2: 1 };
       },
       mutations: { inc: (state123) => state123.bar2++ },
+                         ~~~~~~~~
+!!! error TS7006: Parameter 'state123' implicitly has an 'any' type.
       modules: {
         foo: {
           state() {
             return { bar2: 1 };
           },
           mutations: { inc: (state) => state.bar2++ },
+                             ~~~~~
+!!! error TS7006: Parameter 'state' implicitly has an 'any' type.
         },
       },
     });
@@ -100,6 +115,8 @@
     
     Component({
       attached(methods) {
+               ~~~~~~~
+!!! error TS7006: Parameter 'methods' implicitly has an 'any' type.
         methods.bbb(); // ok
       },
       methods: {
@@ -109,6 +126,8 @@
     
     Component({
       attached(methods) {
+               ~~~~~~~
+!!! error TS7006: Parameter 'methods' implicitly has an 'any' type.
         methods.bbb(); // ok
       },
       methods: {
@@ -132,6 +151,10 @@
         return { b: 2 };
       },
       actions(state, data) {
+              ~~~~~
+!!! error TS7006: Parameter 'state' implicitly has an 'any' type.
+                     ~~~~
+!!! error TS7006: Parameter 'data' implicitly has an 'any' type.
         state // { a: number }
         data; // { b: number }
         return {
@@ -149,8 +172,6 @@
     const o = { foo() {} };
     
     doSomething('value'); // error
-                ~~~~~~~
-!!! error TS2345: Argument of type '"value"' is not assignable to parameter of type 'never'.
     doSomething(['v']); // ok
     doSomething([o]); // ok
     doSomething([{ foo() {} }]); // ok
@@ -184,9 +205,6 @@
     
     test55124({
       target: "$test6", // error
-      ~~~~~~
-!!! error TS2820: Type '"$test6"' is not assignable to type 'ExtractFields<{ target: "$test6"; data1: { $test1: number; $test2: null; }; data2: { $test3: {}; $test4: () => void; $test5(): void; }; }> | undefined'. Did you mean '"$test4"'?
-!!! related TS6500 thislessFunctionsNotContextSensitive1.ts:155:3: The expected type comes from property 'target' which is declared here on type 'SetType<{ target: "$test6"; data1: { $test1: number; $test2: null; }; data2: { $test3: {}; $test4: () => void; $test5(): void; }; }>'
       data1: {
         $test1: 111,
         $test2: null,
@@ -203,6 +221,8 @@
     
     test53924({
       a: (c) => {
+          ~
+!!! error TS7006: Parameter 'c' implicitly has an 'any' type.
         c; // number;
       },
       b: () => 123,
@@ -211,6 +231,8 @@
     test53924({
       b: () => 123,
       a: (c) => {
+          ~
+!!! error TS7006: Parameter 'c' implicitly has an 'any' type.
         return c; // number
       },
     });
@@ -220,12 +242,16 @@
         return 123;
       },
       a(c) {
+        ~
+!!! error TS7006: Parameter 'c' implicitly has an 'any' type.
         return c; // number
       },
     });
     
     test53924({
       a(c) {
+        ~
+!!! error TS7006: Parameter 'c' implicitly has an 'any' type.
         return c; // number
       },
       b() {

</message>
<stacktrace>
  at org.junit.Assert.fail(Assert.java:89)
  at kotlin.test.junit.JUnitAsserter.fail(JUnitSupport.kt:56)
  at kotlin.test.AssertionsKt__AssertionsKt.fail(Assertions.kt:563)
  at kotlin.test.AssertionsKt.fail(Unknown Source)
  at com.xemantic.kotlin.test.SameAsKt.sameAs(SameAs.kt:52)
  at com.xemantic.typescript.compiler.TypeScriptTestSupportKt.errorsMatchBaseline(TypeScriptTestSupport.kt:135)
  at com.xemantic.typescript.compiler.TypeScriptCompilerTests_T.thislessFunctionsNotContextSensitive1_ts has expected errors matching thislessFunctionsNotContextSensitive1_errors_txt(TypeScriptCompilerTests_T.kt:952)
  at java.base/jdk.internal.reflect.DirectMethodHandleAccessor.invoke(DirectMethodHandleAccessor.java:104)
  at java.base/java.lang.reflect.Method.invoke(Method.java:565)
  at org.junit.runners.model.FrameworkMethod$1.runReflectiveCall(FrameworkMethod.java:59)
  at org.junit.internal.runners.model.ReflectiveCallable.run(ReflectiveCallable.java:12)
  at org.junit.runners.model.FrameworkMethod.invokeExplosively(FrameworkMethod.java:56)
  at org.junit.internal.runners.statements.InvokeMethod.evaluate(InvokeMethod.java:17)
  at org.junit.runners.ParentRunner$3.evaluate(ParentRunner.java:306)
  at org.junit.runners.BlockJUnit4ClassRunner$1.evaluate(BlockJUnit4ClassRunner.java:100)
  at org.junit.runners.ParentRunner.runLeaf(ParentRunner.java:366)
  at org.junit.runners.BlockJUnit4ClassRunner.runChild(BlockJUnit4ClassRunner.java:103)
  at org.junit.runners.BlockJUnit4ClassRunner.runChild(BlockJUnit4ClassRunner.java:63)
  at org.junit.runners.ParentRunner$4.run(ParentRunner.java:331)
  at org.junit.runners.ParentRunner$1.schedule(ParentRunner.java:79)
  at org.junit.runners.ParentRunner.runChildren(ParentRunner.java:329)
  at org.junit.runners.ParentRunner.access$100(ParentRunner.java:66)
  at org.junit.runners.ParentRunner$2.evaluate(ParentRunner.java:293)
  at org.junit.runners.ParentRunner$3.evaluate(ParentRunner.java:306)
  at org.junit.runners.ParentRunner.run(ParentRunner.java:413)
  at org.junit.runner.JUnitCore.run(JUnitCore.java:137)
  at org.junit.runner.JUnitCore.run(JUnitCore.java:115)
  at org.gradle.api.internal.tasks.testing.junit.JUnitTestExecutor.runRequest(JUnitTestExecutor.java:175)
  at org.gradle.api.internal.tasks.testing.junit.JUnitTestExecutor.accept(JUnitTestExecutor.java:84)
  at org.gradle.api.internal.tasks.testing.junit.JUnitTestExecutor.accept(JUnitTestExecutor.java:47)
  at org.gradle.api.internal.tasks.testing.junit.AbstractJUnitTestDefinitionProcessor.processTestDefinition(AbstractJUnitTestDefinitionProcessor.java:65)
  at org.gradle.api.internal.tasks.testing.SuiteTestDefinitionProcessor.processTestDefinition(SuiteTestDefinitionProcessor.java:54)
  at java.base/jdk.internal.reflect.DirectMethodHandleAccessor.invoke(DirectMethodHandleAccessor.java:104)
  at java.base/java.lang.reflect.Method.invoke(Method.java:565)
  at org.gradle.internal.dispatch.MethodInvocation.invokeOn(MethodInvocation.java:77)
  at org.gradle.internal.dispatch.ReflectionDispatch.dispatch(ReflectionDispatch.java:28)
  at org.gradle.internal.dispatch.ReflectionDispatch.dispatch(ReflectionDispatch.java:19)
  at org.gradle.internal.dispatch.ContextClassLoaderDispatch.dispatch(ContextClassLoaderDispatch.java:33)
  at org.gradle.internal.dispatch.ProxyDispatchAdapter$DispatchingInvocationHandler.invoke(ProxyDispatchAdapter.java:88)
  at jdk.proxy1/jdk.proxy1.$Proxy4.processTestDefinition(Unknown Source)
  at org.gradle.api.internal.tasks.testing.worker.TestWorker$2.run(TestWorker.java:178)
  at org.gradle.api.internal.tasks.testing.worker.TestWorker.executeAndMaintainThreadName(TestWorker.java:126)
  at org.gradle.api.internal.tasks.testing.worker.TestWorker.execute(TestWorker.java:103)
  at org.gradle.api.internal.tasks.testing.worker.TestWorker.execute(TestWorker.java:63)
  at org.gradle.process.internal.worker.child.ActionExecutionWorker.execute(ActionExecutionWorker.java:56)
  at org.gradle.process.internal.worker.child.SystemApplicationClassLoaderWorker.call(SystemApplicationClassLoaderWorker.java:122)
  at org.gradle.process.internal.worker.child.SystemApplicationClassLoaderWorker.call(SystemApplicationClassLoaderWorker.java:72)
  at worker.org.gradle.process.internal.worker.GradleWorkerMain.run(GradleWorkerMain.java:69)
  at worker.org.gradle.process.internal.worker.GradleWorkerMain.main(GradleWorkerMain.java:74)
</stacktrace>
</test-failure>


TypeScriptCompilerTests_T[jvm] > thislessFunctionsNotContextSensitive1_ts has expected errors matching thislessFunctionsNotContextSensitive1_errors_txt[jvm] FAILED

<test-failure test="com.xemantic.typescript.compiler.TypeScriptCompilerTests_T.typeArgumentsShouldDisallowNonGenericOverloads_ts has expected errors matching typeArgumentsShouldDisallowNonGenericOverloads_errors_txt" platform="jvm">
<message>
--- expected
+++ actual
@@ -1,4 +1,4 @@
-typeArgumentsShouldDisallowNonGenericOverloads.ts(10,5): error TS2322: Type 'number' is not assignable to type 'string'.
+typeArgumentsShouldDisallowNonGenericOverloads.ts(7,5): error TS2322: Type 'string' is not assignable to type 'number'.
 typeArgumentsShouldDisallowNonGenericOverloads.ts(11,5): error TS2322: Type 'string' is not assignable to type 'number'.
 
 
@@ -10,11 +10,11 @@
     }
     
     var x: number = foo<string>("hi"); // return type should be 'number'
+        ~
+!!! error TS2322: Type 'string' is not assignable to type 'number'.
     var y: string = foo("hi"); // return type should be 'string'
     
     var w: string = foo<string>("hi"); // should error
-        ~
-!!! error TS2322: Type 'number' is not assignable to type 'string'.
     var z: number = foo("hi"); // should error
         ~
 !!! error TS2322: Type 'string' is not assignable to type 'number'.

</message>
<stacktrace>
  at org.junit.Assert.fail(Assert.java:89)
  at kotlin.test.junit.JUnitAsserter.fail(JUnitSupport.kt:56)
  at kotlin.test.AssertionsKt__AssertionsKt.fail(Assertions.kt:563)
  at kotlin.test.AssertionsKt.fail(Unknown Source)
  at com.xemantic.kotlin.test.SameAsKt.sameAs(SameAs.kt:52)
  at com.xemantic.typescript.compiler.TypeScriptTestSupportKt.errorsMatchBaseline(TypeScriptTestSupport.kt:135)
  at com.xemantic.typescript.compiler.TypeScriptCompilerTests_T.typeArgumentsShouldDisallowNonGenericOverloads_ts has expected errors matching typeArgumentsShouldDisallowNonGenericOverloads_errors_txt(TypeScriptCompilerTests_T.kt:1869)
  at java.base/jdk.internal.reflect.DirectMethodHandleAccessor.invoke(DirectMethodHandleAccessor.java:104)
  at java.base/java.lang.reflect.Method.invoke(Method.java:565)
  at org.junit.runners.model.FrameworkMethod$1.runReflectiveCall(FrameworkMethod.java:59)
  at org.junit.internal.runners.model.ReflectiveCallable.run(ReflectiveCallable.java:12)
  at org.junit.runners.model.FrameworkMethod.invokeExplosively(FrameworkMethod.java:56)
  at org.junit.internal.runners.statements.InvokeMethod.evaluate(InvokeMethod.java:17)
  at org.junit.runners.ParentRunner$3.evaluate(ParentRunner.java:306)
  at org.junit.runners.BlockJUnit4ClassRunner$1.evaluate(BlockJUnit4ClassRunner.java:100)
  at org.junit.runners.ParentRunner.runLeaf(ParentRunner.java:366)
  at org.junit.runners.BlockJUnit4ClassRunner.runChild(BlockJUnit4ClassRunner.java:103)
  at org.junit.runners.BlockJUnit4ClassRunner.runChild(BlockJUnit4ClassRunner.java:63)
  at org.junit.runners.ParentRunner$4.run(ParentRunner.java:331)
  at org.junit.runners.ParentRunner$1.schedule(ParentRunner.java:79)
  at org.junit.runners.ParentRunner.runChildren(ParentRunner.java:329)
  at org.junit.runners.ParentRunner.access$100(ParentRunner.java:66)
  at org.junit.runners.ParentRunner$2.evaluate(ParentRunner.java:293)
  at org.junit.runners.ParentRunner$3.evaluate(ParentRunner.java:306)
  at org.junit.runners.ParentRunner.run(ParentRunner.java:413)
  at org.junit.runner.JUnitCore.run(JUnitCore.java:137)
  at org.junit.runner.JUnitCore.run(JUnitCore.java:115)
  at org.gradle.api.internal.tasks.testing.junit.JUnitTestExecutor.runRequest(JUnitTestExecutor.java:175)
  at org.gradle.api.internal.tasks.testing.junit.JUnitTestExecutor.accept(JUnitTestExecutor.java:84)
  at org.gradle.api.internal.tasks.testing.junit.JUnitTestExecutor.accept(JUnitTestExecutor.java:47)
  at org.gradle.api.internal.tasks.testing.junit.AbstractJUnitTestDefinitionProcessor.processTestDefinition(AbstractJUnitTestDefinitionProcessor.java:65)
  at org.gradle.api.internal.tasks.testing.SuiteTestDefinitionProcessor.processTestDefinition(SuiteTestDefinitionProcessor.java:54)
  at java.base/jdk.internal.reflect.DirectMethodHandleAccessor.invoke(DirectMethodHandleAccessor.java:104)
  at java.base/java.lang.reflect.Method.invoke(Method.java:565)
  at org.gradle.internal.dispatch.MethodInvocation.invokeOn(MethodInvocation.java:77)
  at org.gradle.internal.dispatch.ReflectionDispatch.dispatch(ReflectionDispatch.java:28)
  at org.gradle.internal.dispatch.ReflectionDispatch.dispatch(ReflectionDispatch.java:19)
  at org.gradle.internal.dispatch.ContextClassLoaderDispatch.dispatch(ContextClassLoaderDispatch.java:33)
  at org.gradle.internal.dispatch.ProxyDispatchAdapter$DispatchingInvocationHandler.invoke(ProxyDispatchAdapter.java:88)
  at jdk.proxy1/jdk.proxy1.$Proxy4.processTestDefinition(Unknown Source)
  at org.gradle.api.internal.tasks.testing.worker.TestWorker$2.run(TestWorker.java:178)
  at org.gradle.api.internal.tasks.testing.worker.TestWorker.executeAndMaintainThreadName(TestWorker.java:126)
  at org.gradle.api.internal.tasks.testing.worker.TestWorker.execute(TestWorker.java:103)
  at org.gradle.api.internal.tasks.testing.worker.TestWorker.execute(TestWorker.java:63)
  at org.gradle.process.internal.worker.child.ActionExecutionWorker.execute(ActionExecutionWorker.java:56)
  at org.gradle.process.internal.worker.child.SystemApplicationClassLoaderWorker.call(SystemApplicationClassLoaderWorker.java:122)
  at org.gradle.process.internal.worker.child.SystemApplicationClassLoaderWorker.call(SystemApplicationClassLoaderWorker.java:72)
  at worker.org.gradle.process.internal.worker.GradleWorkerMain.run(GradleWorkerMain.java:69)
  at worker.org.gradle.process.internal.worker.GradleWorkerMain.main(GradleWorkerMain.java:74)
</stacktrace>
</test-failure>


TypeScriptCompilerTests_T[jvm] > typeArgumentsShouldDisallowNonGenericOverloads_ts has expected errors matching typeArgumentsShouldDisallowNonGenericOverloads_errors_txt[jvm] FAILED

<test-failure test="com.xemantic.typescript.compiler.TypeScriptCompilerTests_T.typeGuardConstructorClassAndNumber_ts has expected errors matching typeGuardConstructorClassAndNumber_errors_txt" platform="jvm">
<message>
Expected diagnostics from baseline typescript-repo/tests/baselines/reference/typeGuardConstructorClassAndNumber.errors.txt but none produced
</message>
<stacktrace>
  at com.xemantic.typescript.compiler.TypeScriptTestSupportKt.errorsMatchBaseline(TypeScriptTestSupport.kt:125)
  at com.xemantic.typescript.compiler.TypeScriptCompilerTests_T.typeGuardConstructorClassAndNumber_ts has expected errors matching typeGuardConstructorClassAndNumber_errors_txt(TypeScriptCompilerTests_T.kt:1988)
  at java.base/jdk.internal.reflect.DirectMethodHandleAccessor.invoke(DirectMethodHandleAccessor.java:104)
  at java.base/java.lang.reflect.Method.invoke(Method.java:565)
  at org.junit.runners.model.FrameworkMethod$1.runReflectiveCall(FrameworkMethod.java:59)
  at org.junit.internal.runners.model.ReflectiveCallable.run(ReflectiveCallable.java:12)
  at org.junit.runners.model.FrameworkMethod.invokeExplosively(FrameworkMethod.java:56)
  at org.junit.internal.runners.statements.InvokeMethod.evaluate(InvokeMethod.java:17)
  at org.junit.runners.ParentRunner$3.evaluate(ParentRunner.java:306)
  at org.junit.runners.BlockJUnit4ClassRunner$1.evaluate(BlockJUnit4ClassRunner.java:100)
  at org.junit.runners.ParentRunner.runLeaf(ParentRunner.java:366)
  at org.junit.runners.BlockJUnit4ClassRunner.runChild(BlockJUnit4ClassRunner.java:103)
  at org.junit.runners.BlockJUnit4ClassRunner.runChild(BlockJUnit4ClassRunner.java:63)
  at org.junit.runners.ParentRunner$4.run(ParentRunner.java:331)
  at org.junit.runners.ParentRunner$1.schedule(ParentRunner.java:79)
  at org.junit.runners.ParentRunner.runChildren(ParentRunner.java:329)
  at org.junit.runners.ParentRunner.access$100(ParentRunner.java:66)
  at org.junit.runners.ParentRunner$2.evaluate(ParentRunner.java:293)
  at org.junit.runners.ParentRunner$3.evaluate(ParentRunner.java:306)
  at org.junit.runners.ParentRunner.run(ParentRunner.java:413)
  at org.junit.runner.JUnitCore.run(JUnitCore.java:137)
  at org.junit.runner.JUnitCore.run(JUnitCore.java:115)
  at org.gradle.api.internal.tasks.testing.junit.JUnitTestExecutor.runRequest(JUnitTestExecutor.java:175)
  at org.gradle.api.internal.tasks.testing.junit.JUnitTestExecutor.accept(JUnitTestExecutor.java:84)
  at org.gradle.api.internal.tasks.testing.junit.JUnitTestExecutor.accept(JUnitTestExecutor.java:47)
  at org.gradle.api.internal.tasks.testing.junit.AbstractJUnitTestDefinitionProcessor.processTestDefinition(AbstractJUnitTestDefinitionProcessor.java:65)
  at org.gradle.api.internal.tasks.testing.SuiteTestDefinitionProcessor.processTestDefinition(SuiteTestDefinitionProcessor.java:54)
  at java.base/jdk.internal.reflect.DirectMethodHandleAccessor.invoke(DirectMethodHandleAccessor.java:104)
  at java.base/java.lang.reflect.Method.invoke(Method.java:565)
  at org.gradle.internal.dispatch.MethodInvocation.invokeOn(MethodInvocation.java:77)
  at org.gradle.internal.dispatch.ReflectionDispatch.dispatch(ReflectionDispatch.java:28)
  at org.gradle.internal.dispatch.ReflectionDispatch.dispatch(ReflectionDispatch.java:19)
  at org.gradle.internal.dispatch.ContextClassLoaderDispatch.dispatch(ContextClassLoaderDispatch.java:33)
  at org.gradle.internal.dispatch.ProxyDispatchAdapter$DispatchingInvocationHandler.invoke(ProxyDispatchAdapter.java:88)
  at jdk.proxy1/jdk.proxy1.$Proxy4.processTestDefinition(Unknown Source)
  at org.gradle.api.internal.tasks.testing.worker.TestWorker$2.run(TestWorker.java:178)
  at org.gradle.api.internal.tasks.testing.worker.TestWorker.executeAndMaintainThreadName(TestWorker.java:126)
  at org.gradle.api.internal.tasks.testing.worker.TestWorker.execute(TestWorker.java:103)
  at org.gradle.api.internal.tasks.testing.worker.TestWorker.execute(TestWorker.java:63)
  at org.gradle.process.internal.worker.child.ActionExecutionWorker.execute(ActionExecutionWorker.java:56)
  at org.gradle.process.internal.worker.child.SystemApplicationClassLoaderWorker.call(SystemApplicationClassLoaderWorker.java:122)
  at org.gradle.process.internal.worker.child.SystemApplicationClassLoaderWorker.call(SystemApplicationClassLoaderWorker.java:72)
  at worker.org.gradle.process.internal.worker.GradleWorkerMain.run(GradleWorkerMain.java:69)
  at worker.org.gradle.process.internal.worker.GradleWorkerMain.main(GradleWorkerMain.java:74)
</stacktrace>
</test-failure>


TypeScriptCompilerTests_T[jvm] > typeGuardConstructorClassAndNumber_ts has expected errors matching typeGuardConstructorClassAndNumber_errors_txt[jvm] FAILED

<test-failure test="com.xemantic.typescript.compiler.TypeScriptCompilerTests_T.thisInFunctionCallJs_ts has expected errors matching thisInFunctionCallJs_errors_txt" platform="jvm">
<message>
--- expected
+++ actual
@@ -1,8 +1,10 @@
 /a.js(9,26): error TS2683: 'this' implicitly has type 'any' because it does not have a type annotation.
 /a.js(15,31): error TS2683: 'this' implicitly has type 'any' because it does not have a type annotation.
+/a.js(23,31): error TS2683: 'this' implicitly has type 'any' because it does not have a type annotation.
+/a.js(31,26): error TS2683: 'this' implicitly has type 'any' because it does not have a type annotation.
 
 
-==== /a.js (2 errors) ====
+==== /a.js (4 errors) ====
     class Test {
         constructor() {
             /** @type {number[]} */
@@ -32,6 +34,9 @@
             /** @this {Test} */
             function (d) {
                 console.log(d === this.data.length)
+                                  ~~~~
+!!! error TS2683: 'this' implicitly has type 'any' because it does not have a type annotation.
+!!! related TS2738 /a.js:22:9: An outer value of 'this' is shadowed by this container.
             }, this)
         }
     
@@ -40,6 +45,9 @@
             /** @this {Test} */
             function (d) {
                 return d === this.data.length
+                             ~~~~
+!!! error TS2683: 'this' implicitly has type 'any' because it does not have a type annotation.
+!!! related TS2738 /a.js:30:9: An outer value of 'this' is shadowed by this container.
             }, this)
         }
     }

</message>
<stacktrace>
  at org.junit.Assert.fail(Assert.java:89)
  at kotlin.test.junit.JUnitAsserter.fail(JUnitSupport.kt:56)
  at kotlin.test.AssertionsKt__AssertionsKt.fail(Assertions.kt:563)
  at kotlin.test.AssertionsKt.fail(Unknown Source)
  at com.xemantic.kotlin.test.SameAsKt.sameAs(SameAs.kt:52)
  at com.xemantic.typescript.compiler.TypeScriptTestSupportKt.errorsMatchBaseline(TypeScriptTestSupport.kt:135)
  at com.xemantic.typescript.compiler.TypeScriptCompilerTests_T.thisInFunctionCallJs_ts has expected errors matching thisInFunctionCallJs_errors_txt(TypeScriptCompilerTests_T.kt:672)
  at java.base/jdk.internal.reflect.DirectMethodHandleAccessor.invoke(DirectMethodHandleAccessor.java:104)
  at java.base/java.lang.reflect.Method.invoke(Method.java:565)
  at org.junit.runners.model.FrameworkMethod$1.runReflectiveCall(FrameworkMethod.java:59)
  at org.junit.internal.runners.model.ReflectiveCallable.run(ReflectiveCallable.java:12)
  at org.junit.runners.model.FrameworkMethod.invokeExplosively(FrameworkMethod.java:56)
  at org.junit.internal.runners.statements.InvokeMethod.evaluate(InvokeMethod.java:17)
  at org.junit.runners.ParentRunner$3.evaluate(ParentRunner.java:306)
  at org.junit.runners.BlockJUnit4ClassRunner$1.evaluate(BlockJUnit4ClassRunner.java:100)
  at org.junit.runners.ParentRunner.runLeaf(ParentRunner.java:366)
  at org.junit.runners.BlockJUnit4ClassRunner.runChild(BlockJUnit4ClassRunner.java:103)
  at org.junit.runners.BlockJUnit4ClassRunner.runChild(BlockJUnit4ClassRunner.java:63)
  at org.junit.runners.ParentRunner$4.run(ParentRunner.java:331)
  at org.junit.runners.ParentRunner$1.schedule(ParentRunner.java:79)
  at org.junit.runners.ParentRunner.runChildren(ParentRunner.java:329)
  at org.junit.runners.ParentRunner.access$100(ParentRunner.java:66)
  at org.junit.runners.ParentRunner$2.evaluate(ParentRunner.java:293)
  at org.junit.runners.ParentRunner$3.evaluate(ParentRunner.java:306)
  at org.junit.runners.ParentRunner.run(ParentRunner.java:413)
  at org.junit.runner.JUnitCore.run(JUnitCore.java:137)
  at org.junit.runner.JUnitCore.run(JUnitCore.java:115)
  at org.gradle.api.internal.tasks.testing.junit.JUnitTestExecutor.runRequest(JUnitTestExecutor.java:175)
  at org.gradle.api.internal.tasks.testing.junit.JUnitTestExecutor.accept(JUnitTestExecutor.java:84)
  at org.gradle.api.internal.tasks.testing.junit.JUnitTestExecutor.accept(JUnitTestExecutor.java:47)
  at org.gradle.api.internal.tasks.testing.junit.AbstractJUnitTestDefinitionProcessor.processTestDefinition(AbstractJUnitTestDefinitionProcessor.java:65)
  at org.gradle.api.internal.tasks.testing.SuiteTestDefinitionProcessor.processTestDefinition(SuiteTestDefinitionProcessor.java:54)
  at java.base/jdk.internal.reflect.DirectMethodHandleAccessor.invoke(DirectMethodHandleAccessor.java:104)
  at java.base/java.lang.reflect.Method.invoke(Method.java:565)
  at org.gradle.internal.dispatch.MethodInvocation.invokeOn(MethodInvocation.java:77)
  at org.gradle.internal.dispatch.ReflectionDispatch.dispatch(ReflectionDispatch.java:28)
  at org.gradle.internal.dispatch.ReflectionDispatch.dispatch(ReflectionDispatch.java:19)
  at org.gradle.internal.dispatch.ContextClassLoaderDispatch.dispatch(ContextClassLoaderDispatch.java:33)
  at org.gradle.internal.dispatch.ProxyDispatchAdapter$DispatchingInvocationHandler.invoke(ProxyDispatchAdapter.java:88)
  at jdk.proxy1/jdk.proxy1.$Proxy4.processTestDefinition(Unknown Source)
  at org.gradle.api.internal.tasks.testing.worker.TestWorker$2.run(TestWorker.java:178)
  at org.gradle.api.internal.tasks.testing.worker.TestWorker.executeAndMaintainThreadName(TestWorker.java:126)
  at org.gradle.api.internal.tasks.testing.worker.TestWorker.execute(TestWorker.java:103)
  at org.gradle.api.internal.tasks.testing.worker.TestWorker.execute(TestWorker.java:63)
  at org.gradle.process.internal.worker.child.ActionExecutionWorker.execute(ActionExecutionWorker.java:56)
  at org.gradle.process.internal.worker.child.SystemApplicationClassLoaderWorker.call(SystemApplicationClassLoaderWorker.java:122)
  at org.gradle.process.internal.worker.child.SystemApplicationClassLoaderWorker.call(SystemApplicationClassLoaderWorker.java:72)
  at worker.org.gradle.process.internal.worker.GradleWorkerMain.run(GradleWorkerMain.java:69)
  at worker.org.gradle.process.internal.worker.GradleWorkerMain.main(GradleWorkerMain.java:74)
</stacktrace>
</test-failure>


TypeScriptCompilerTests_T[jvm] > thisInFunctionCallJs_ts has expected errors matching thisInFunctionCallJs_errors_txt[jvm] FAILED

<test-failure test="com.xemantic.typescript.compiler.TypeScriptCompilerTests_T.typeMatch2_ts has expected errors matching typeMatch2_errors_txt" platform="jvm">
<message>
Expected diagnostics from baseline typescript-repo/tests/baselines/reference/typeMatch2.errors.txt but none produced
</message>
<stacktrace>
  at com.xemantic.typescript.compiler.TypeScriptTestSupportKt.errorsMatchBaseline(TypeScriptTestSupport.kt:125)
  at com.xemantic.typescript.compiler.TypeScriptCompilerTests_T.typeMatch2_ts has expected errors matching typeMatch2_errors_txt(TypeScriptCompilerTests_T.kt:2331)
  at java.base/jdk.internal.reflect.DirectMethodHandleAccessor.invoke(DirectMethodHandleAccessor.java:104)
  at java.base/java.lang.reflect.Method.invoke(Method.java:565)
  at org.junit.runners.model.FrameworkMethod$1.runReflectiveCall(FrameworkMethod.java:59)
  at org.junit.internal.runners.model.ReflectiveCallable.run(ReflectiveCallable.java:12)
  at org.junit.runners.model.FrameworkMethod.invokeExplosively(FrameworkMethod.java:56)
  at org.junit.internal.runners.statements.InvokeMethod.evaluate(InvokeMethod.java:17)
  at org.junit.runners.ParentRunner$3.evaluate(ParentRunner.java:306)
  at org.junit.runners.BlockJUnit4ClassRunner$1.evaluate(BlockJUnit4ClassRunner.java:100)
  at org.junit.runners.ParentRunner.runLeaf(ParentRunner.java:366)
  at org.junit.runners.BlockJUnit4ClassRunner.runChild(BlockJUnit4ClassRunner.java:103)
  at org.junit.runners.BlockJUnit4ClassRunner.runChild(BlockJUnit4ClassRunner.java:63)
  at org.junit.runners.ParentRunner$4.run(ParentRunner.java:331)
  at org.junit.runners.ParentRunner$1.schedule(ParentRunner.java:79)
  at org.junit.runners.ParentRunner.runChildren(ParentRunner.java:329)
  at org.junit.runners.ParentRunner.access$100(ParentRunner.java:66)
  at org.junit.runners.ParentRunner$2.evaluate(ParentRunner.java:293)
  at org.junit.runners.ParentRunner$3.evaluate(ParentRunner.java:306)
  at org.junit.runners.ParentRunner.run(ParentRunner.java:413)
  at org.junit.runner.JUnitCore.run(JUnitCore.java:137)
  at org.junit.runner.JUnitCore.run(JUnitCore.java:115)
  at org.gradle.api.internal.tasks.testing.junit.JUnitTestExecutor.runRequest(JUnitTestExecutor.java:175)
  at org.gradle.api.internal.tasks.testing.junit.JUnitTestExecutor.accept(JUnitTestExecutor.java:84)
  at org.gradle.api.internal.tasks.testing.junit.JUnitTestExecutor.accept(JUnitTestExecutor.java:47)
  at org.gradle.api.internal.tasks.testing.junit.AbstractJUnitTestDefinitionProcessor.processTestDefinition(AbstractJUnitTestDefinitionProcessor.java:65)
  at org.gradle.api.internal.tasks.testing.SuiteTestDefinitionProcessor.processTestDefinition(SuiteTestDefinitionProcessor.java:54)
  at java.base/jdk.internal.reflect.DirectMethodHandleAccessor.invoke(DirectMethodHandleAccessor.java:104)
  at java.base/java.lang.reflect.Method.invoke(Method.java:565)
  at org.gradle.internal.dispatch.MethodInvocation.invokeOn(MethodInvocation.java:77)
  at org.gradle.internal.dispatch.ReflectionDispatch.dispatch(ReflectionDispatch.java:28)
  at org.gradle.internal.dispatch.ReflectionDispatch.dispatch(ReflectionDispatch.java:19)
  at org.gradle.internal.dispatch.ContextClassLoaderDispatch.dispatch(ContextClassLoaderDispatch.java:33)
  at org.gradle.internal.dispatch.ProxyDispatchAdapter$DispatchingInvocationHandler.invoke(ProxyDispatchAdapter.java:88)
  at jdk.proxy1/jdk.proxy1.$Proxy4.processTestDefinition(Unknown Source)
  at org.gradle.api.internal.tasks.testing.worker.TestWorker$2.run(TestWorker.java:178)
  at org.gradle.api.internal.tasks.testing.worker.TestWorker.executeAndMaintainThreadName(TestWorker.java:126)
  at org.gradle.api.internal.tasks.testing.worker.TestWorker.execute(TestWorker.java:103)
  at org.gradle.api.internal.tasks.testing.worker.TestWorker.execute(TestWorker.java:63)
  at org.gradle.process.internal.worker.child.ActionExecutionWorker.execute(ActionExecutionWorker.java:56)
  at org.gradle.process.internal.worker.child.SystemApplicationClassLoaderWorker.call(SystemApplicationClassLoaderWorker.java:122)
  at org.gradle.process.internal.worker.child.SystemApplicationClassLoaderWorker.call(SystemApplicationClassLoaderWorker.java:72)
  at worker.org.gradle.process.internal.worker.GradleWorkerMain.run(GradleWorkerMain.java:69)
  at worker.org.gradle.process.internal.worker.GradleWorkerMain.main(GradleWorkerMain.java:74)
</stacktrace>
</test-failure>


TypeScriptCompilerTests_T[jvm] > typeMatch2_ts has expected errors matching typeMatch2_errors_txt[jvm] FAILED

<test-failure test="com.xemantic.typescript.compiler.TypeScriptCompilerTests_T.typeofUndefined_ts has expected errors matching typeofUndefined_errors_txt" platform="jvm">
<message>
Expected diagnostics from baseline typescript-repo/tests/baselines/reference/typeofUndefined.errors.txt but none produced
</message>
<stacktrace>
  at com.xemantic.typescript.compiler.TypeScriptTestSupportKt.errorsMatchBaseline(TypeScriptTestSupport.kt:125)
  at com.xemantic.typescript.compiler.TypeScriptCompilerTests_T.typeofUndefined_ts has expected errors matching typeofUndefined_errors_txt(TypeScriptCompilerTests_T.kt:3626)
  at java.base/jdk.internal.reflect.DirectMethodHandleAccessor.invoke(DirectMethodHandleAccessor.java:104)
  at java.base/java.lang.reflect.Method.invoke(Method.java:565)
  at org.junit.runners.model.FrameworkMethod$1.runReflectiveCall(FrameworkMethod.java:59)
  at org.junit.internal.runners.model.ReflectiveCallable.run(ReflectiveCallable.java:12)
  at org.junit.runners.model.FrameworkMethod.invokeExplosively(FrameworkMethod.java:56)
  at org.junit.internal.runners.statements.InvokeMethod.evaluate(InvokeMethod.java:17)
  at org.junit.runners.ParentRunner$3.evaluate(ParentRunner.java:306)
  at org.junit.runners.BlockJUnit4ClassRunner$1.evaluate(BlockJUnit4ClassRunner.java:100)
  at org.junit.runners.ParentRunner.runLeaf(ParentRunner.java:366)
  at org.junit.runners.BlockJUnit4ClassRunner.runChild(BlockJUnit4ClassRunner.java:103)
  at org.junit.runners.BlockJUnit4ClassRunner.runChild(BlockJUnit4ClassRunner.java:63)
  at org.junit.runners.ParentRunner$4.run(ParentRunner.java:331)
  at org.junit.runners.ParentRunner$1.schedule(ParentRunner.java:79)
  at org.junit.runners.ParentRunner.runChildren(ParentRunner.java:329)
  at org.junit.runners.ParentRunner.access$100(ParentRunner.java:66)
  at org.junit.runners.ParentRunner$2.evaluate(ParentRunner.java:293)
  at org.junit.runners.ParentRunner$3.evaluate(ParentRunner.java:306)
  at org.junit.runners.ParentRunner.run(ParentRunner.java:413)
  at org.junit.runner.JUnitCore.run(JUnitCore.java:137)
  at org.junit.runner.JUnitCore.run(JUnitCore.java:115)
  at org.gradle.api.internal.tasks.testing.junit.JUnitTestExecutor.runRequest(JUnitTestExecutor.java:175)
  at org.gradle.api.internal.tasks.testing.junit.JUnitTestExecutor.accept(JUnitTestExecutor.java:84)
  at org.gradle.api.internal.tasks.testing.junit.JUnitTestExecutor.accept(JUnitTestExecutor.java:47)
  at org.gradle.api.internal.tasks.testing.junit.AbstractJUnitTestDefinitionProcessor.processTestDefinition(AbstractJUnitTestDefinitionProcessor.java:65)
  at org.gradle.api.internal.tasks.testing.SuiteTestDefinitionProcessor.processTestDefinition(SuiteTestDefinitionProcessor.java:54)
  at java.base/jdk.internal.reflect.DirectMethodHandleAccessor.invoke(DirectMethodHandleAccessor.java:104)
  at java.base/java.lang.reflect.Method.invoke(Method.java:565)
  at org.gradle.internal.dispatch.MethodInvocation.invokeOn(MethodInvocation.java:77)
  at org.gradle.internal.dispatch.ReflectionDispatch.dispatch(ReflectionDispatch.java:28)
  at org.gradle.internal.dispatch.ReflectionDispatch.dispatch(ReflectionDispatch.java:19)
  at org.gradle.internal.dispatch.ContextClassLoaderDispatch.dispatch(ContextClassLoaderDispatch.java:33)
  at org.gradle.internal.dispatch.ProxyDispatchAdapter$DispatchingInvocationHandler.invoke(ProxyDispatchAdapter.java:88)
  at jdk.proxy1/jdk.proxy1.$Proxy4.processTestDefinition(Unknown Source)
  at org.gradle.api.internal.tasks.testing.worker.TestWorker$2.run(TestWorker.java:178)
  at org.gradle.api.internal.tasks.testing.worker.TestWorker.executeAndMaintainThreadName(TestWorker.java:126)
  at org.gradle.api.internal.tasks.testing.worker.TestWorker.execute(TestWorker.java:103)
  at org.gradle.api.internal.tasks.testing.worker.TestWorker.execute(TestWorker.java:63)
  at org.gradle.process.internal.worker.child.ActionExecutionWorker.execute(ActionExecutionWorker.java:56)
  at org.gradle.process.internal.worker.child.SystemApplicationClassLoaderWorker.call(SystemApplicationClassLoaderWorker.java:122)
  at org.gradle.process.internal.worker.child.SystemApplicationClassLoaderWorker.call(SystemApplicationClassLoaderWorker.java:72)
  at worker.org.gradle.process.internal.worker.GradleWorkerMain.run(GradleWorkerMain.java:69)
  at worker.org.gradle.process.internal.worker.GradleWorkerMain.main(GradleWorkerMain.java:74)
</stacktrace>
</test-failure>


TypeScriptCompilerTests_T[jvm] > typeofUndefined_ts has expected errors matching typeofUndefined_errors_txt[jvm] FAILED

<test-failure test="com.xemantic.typescript.compiler.TypeScriptCompilerTests_T.tripleSlashTypesReferenceWithMissingExports_ts__module_nodenext__has expected errors matching baseline" platform="jvm">
<message>
Expected diagnostics from baseline typescript-repo/tests/baselines/reference/tripleSlashTypesReferenceWithMissingExports(module=nodenext).errors.txt but none produced
</message>
<stacktrace>
  at com.xemantic.typescript.compiler.TypeScriptTestSupportKt.errorsMatchBaseline(TypeScriptTestSupport.kt:125)
  at com.xemantic.typescript.compiler.TypeScriptCompilerTests_T.tripleSlashTypesReferenceWithMissingExports_ts__module_nodenext__has expected errors matching baseline(TypeScriptCompilerTests_T.kt:1288)
  at java.base/jdk.internal.reflect.DirectMethodHandleAccessor.invoke(DirectMethodHandleAccessor.java:104)
  at java.base/java.lang.reflect.Method.invoke(Method.java:565)
  at org.junit.runners.model.FrameworkMethod$1.runReflectiveCall(FrameworkMethod.java:59)
  at org.junit.internal.runners.model.ReflectiveCallable.run(ReflectiveCallable.java:12)
  at org.junit.runners.model.FrameworkMethod.invokeExplosively(FrameworkMethod.java:56)
  at org.junit.internal.runners.statements.InvokeMethod.evaluate(InvokeMethod.java:17)
  at org.junit.runners.ParentRunner$3.evaluate(ParentRunner.java:306)
  at org.junit.runners.BlockJUnit4ClassRunner$1.evaluate(BlockJUnit4ClassRunner.java:100)
  at org.junit.runners.ParentRunner.runLeaf(ParentRunner.java:366)
  at org.junit.runners.BlockJUnit4ClassRunner.runChild(BlockJUnit4ClassRunner.java:103)
  at org.junit.runners.BlockJUnit4ClassRunner.runChild(BlockJUnit4ClassRunner.java:63)
  at org.junit.runners.ParentRunner$4.run(ParentRunner.java:331)
  at org.junit.runners.ParentRunner$1.schedule(ParentRunner.java:79)
  at org.junit.runners.ParentRunner.runChildren(ParentRunner.java:329)
  at org.junit.runners.ParentRunner.access$100(ParentRunner.java:66)
  at org.junit.runners.ParentRunner$2.evaluate(ParentRunner.java:293)
  at org.junit.runners.ParentRunner$3.evaluate(ParentRunner.java:306)
  at org.junit.runners.ParentRunner.run(ParentRunner.java:413)
  at org.junit.runner.JUnitCore.run(JUnitCore.java:137)
  at org.junit.runner.JUnitCore.run(JUnitCore.java:115)
  at org.gradle.api.internal.tasks.testing.junit.JUnitTestExecutor.runRequest(JUnitTestExecutor.java:175)
  at org.gradle.api.internal.tasks.testing.junit.JUnitTestExecutor.accept(JUnitTestExecutor.java:84)
  at org.gradle.api.internal.tasks.testing.junit.JUnitTestExecutor.accept(JUnitTestExecutor.java:47)
  at org.gradle.api.internal.tasks.testing.junit.AbstractJUnitTestDefinitionProcessor.processTestDefinition(AbstractJUnitTestDefinitionProcessor.java:65)
  at org.gradle.api.internal.tasks.testing.SuiteTestDefinitionProcessor.processTestDefinition(SuiteTestDefinitionProcessor.java:54)
  at java.base/jdk.internal.reflect.DirectMethodHandleAccessor.invoke(DirectMethodHandleAccessor.java:104)
  at java.base/java.lang.reflect.Method.invoke(Method.java:565)
  at org.gradle.internal.dispatch.MethodInvocation.invokeOn(MethodInvocation.java:77)
  at org.gradle.internal.dispatch.ReflectionDispatch.dispatch(ReflectionDispatch.java:28)
  at org.gradle.internal.dispatch.ReflectionDispatch.dispatch(ReflectionDispatch.java:19)
  at org.gradle.internal.dispatch.ContextClassLoaderDispatch.dispatch(ContextClassLoaderDispatch.java:33)
  at org.gradle.internal.dispatch.ProxyDispatchAdapter$DispatchingInvocationHandler.invoke(ProxyDispatchAdapter.java:88)
  at jdk.proxy1/jdk.proxy1.$Proxy4.processTestDefinition(Unknown Source)
  at org.gradle.api.internal.tasks.testing.worker.TestWorker$2.run(TestWorker.java:178)
  at org.gradle.api.internal.tasks.testing.worker.TestWorker.executeAndMaintainThreadName(TestWorker.java:126)
  at org.gradle.api.internal.tasks.testing.worker.TestWorker.execute(TestWorker.java:103)
  at org.gradle.api.internal.tasks.testing.worker.TestWorker.execute(TestWorker.java:63)
  at org.gradle.process.internal.worker.child.ActionExecutionWorker.execute(ActionExecutionWorker.java:56)
  at org.gradle.process.internal.worker.child.SystemApplicationClassLoaderWorker.call(SystemApplicationClassLoaderWorker.java:122)
  at org.gradle.process.internal.worker.child.SystemApplicationClassLoaderWorker.call(SystemApplicationClassLoaderWorker.java:72)
  at worker.org.gradle.process.internal.worker.GradleWorkerMain.run(GradleWorkerMain.java:69)
  at worker.org.gradle.process.internal.worker.GradleWorkerMain.main(GradleWorkerMain.java:74)
</stacktrace>
</test-failure>


TypeScriptCompilerTests_T[jvm] > tripleSlashTypesReferenceWithMissingExports_ts__module_nodenext__has expected errors matching baseline[jvm] FAILED

<test-failure test="com.xemantic.typescript.compiler.TypeScriptCompilerTests_T.truthinessCallExpressionCoercion2_ts has expected errors matching truthinessCallExpressionCoercion2_errors_txt" platform="jvm">
<message>
Expected diagnostics from baseline typescript-repo/tests/baselines/reference/truthinessCallExpressionCoercion2.errors.txt but none produced
</message>
<stacktrace>
  at com.xemantic.typescript.compiler.TypeScriptTestSupportKt.errorsMatchBaseline(TypeScriptTestSupport.kt:125)
  at com.xemantic.typescript.compiler.TypeScriptCompilerTests_T.truthinessCallExpressionCoercion2_ts has expected errors matching truthinessCallExpressionCoercion2_errors_txt(TypeScriptCompilerTests_T.kt:1365)
  at java.base/jdk.internal.reflect.DirectMethodHandleAccessor.invoke(DirectMethodHandleAccessor.java:104)
  at java.base/java.lang.reflect.Method.invoke(Method.java:565)
  at org.junit.runners.model.FrameworkMethod$1.runReflectiveCall(FrameworkMethod.java:59)
  at org.junit.internal.runners.model.ReflectiveCallable.run(ReflectiveCallable.java:12)
  at org.junit.runners.model.FrameworkMethod.invokeExplosively(FrameworkMethod.java:56)
  at org.junit.internal.runners.statements.InvokeMethod.evaluate(InvokeMethod.java:17)
  at org.junit.runners.ParentRunner$3.evaluate(ParentRunner.java:306)
  at org.junit.runners.BlockJUnit4ClassRunner$1.evaluate(BlockJUnit4ClassRunner.java:100)
  at org.junit.runners.ParentRunner.runLeaf(ParentRunner.java:366)
  at org.junit.runners.BlockJUnit4ClassRunner.runChild(BlockJUnit4ClassRunner.java:103)
  at org.junit.runners.BlockJUnit4ClassRunner.runChild(BlockJUnit4ClassRunner.java:63)
  at org.junit.runners.ParentRunner$4.run(ParentRunner.java:331)
  at org.junit.runners.ParentRunner$1.schedule(ParentRunner.java:79)
  at org.junit.runners.ParentRunner.runChildren(ParentRunner.java:329)
  at org.junit.runners.ParentRunner.access$100(ParentRunner.java:66)
  at org.junit.runners.ParentRunner$2.evaluate(ParentRunner.java:293)
  at org.junit.runners.ParentRunner$3.evaluate(ParentRunner.java:306)
  at org.junit.runners.ParentRunner.run(ParentRunner.java:413)
  at org.junit.runner.JUnitCore.run(JUnitCore.java:137)
  at org.junit.runner.JUnitCore.run(JUnitCore.java:115)
  at org.gradle.api.internal.tasks.testing.junit.JUnitTestExecutor.runRequest(JUnitTestExecutor.java:175)
  at org.gradle.api.internal.tasks.testing.junit.JUnitTestExecutor.accept(JUnitTestExecutor.java:84)
  at org.gradle.api.internal.tasks.testing.junit.JUnitTestExecutor.accept(JUnitTestExecutor.java:47)
  at org.gradle.api.internal.tasks.testing.junit.AbstractJUnitTestDefinitionProcessor.processTestDefinition(AbstractJUnitTestDefinitionProcessor.java:65)
  at org.gradle.api.internal.tasks.testing.SuiteTestDefinitionProcessor.processTestDefinition(SuiteTestDefinitionProcessor.java:54)
  at java.base/jdk.internal.reflect.DirectMethodHandleAccessor.invoke(DirectMethodHandleAccessor.java:104)
  at java.base/java.lang.reflect.Method.invoke(Method.java:565)
  at org.gradle.internal.dispatch.MethodInvocation.invokeOn(MethodInvocation.java:77)
  at org.gradle.internal.dispatch.ReflectionDispatch.dispatch(ReflectionDispatch.java:28)
  at org.gradle.internal.dispatch.ReflectionDispatch.dispatch(ReflectionDispatch.java:19)
  at org.gradle.internal.dispatch.ContextClassLoaderDispatch.dispatch(ContextClassLoaderDispatch.java:33)
  at org.gradle.internal.dispatch.ProxyDispatchAdapter$DispatchingInvocationHandler.invoke(ProxyDispatchAdapter.java:88)
  at jdk.proxy1/jdk.proxy1.$Proxy4.processTestDefinition(Unknown Source)
  at org.gradle.api.internal.tasks.testing.worker.TestWorker$2.run(TestWorker.java:178)
  at org.gradle.api.internal.tasks.testing.worker.TestWorker.executeAndMaintainThreadName(TestWorker.java:126)
  at org.gradle.api.internal.tasks.testing.worker.TestWorker.execute(TestWorker.java:103)
  at org.gradle.api.internal.tasks.testing.worker.TestWorker.execute(TestWorker.java:63)
  at org.gradle.process.internal.worker.child.ActionExecutionWorker.execute(ActionExecutionWorker.java:56)
  at org.gradle.process.internal.worker.child.SystemApplicationClassLoaderWorker.call(SystemApplicationClassLoaderWorker.java:122)
  at org.gradle.process.internal.worker.child.SystemApplicationClassLoaderWorker.call(SystemApplicationClassLoaderWorker.java:72)
  at worker.org.gradle.process.internal.worker.GradleWorkerMain.run(GradleWorkerMain.java:69)
  at worker.org.gradle.process.internal.worker.GradleWorkerMain.main(GradleWorkerMain.java:74)
</stacktrace>
</test-failure>


TypeScriptCompilerTests_T[jvm] > truthinessCallExpressionCoercion2_ts has expected errors matching truthinessCallExpressionCoercion2_errors_txt[jvm] FAILED

<test-failure test="com.xemantic.typescript.compiler.TypeScriptCompilerTests_T.typeAssignabilityErrorMessage_ts has expected errors matching typeAssignabilityErrorMessage_errors_txt" platform="jvm">
<message>
Expected diagnostics from baseline typescript-repo/tests/baselines/reference/typeAssignabilityErrorMessage.errors.txt but none produced
</message>
<stacktrace>
  at com.xemantic.typescript.compiler.TypeScriptTestSupportKt.errorsMatchBaseline(TypeScriptTestSupport.kt:125)
  at com.xemantic.typescript.compiler.TypeScriptCompilerTests_T.typeAssignabilityErrorMessage_ts has expected errors matching typeAssignabilityErrorMessage_errors_txt(TypeScriptCompilerTests_T.kt:1890)
  at java.base/jdk.internal.reflect.DirectMethodHandleAccessor.invoke(DirectMethodHandleAccessor.java:104)
  at java.base/java.lang.reflect.Method.invoke(Method.java:565)
  at org.junit.runners.model.FrameworkMethod$1.runReflectiveCall(FrameworkMethod.java:59)
  at org.junit.internal.runners.model.ReflectiveCallable.run(ReflectiveCallable.java:12)
  at org.junit.runners.model.FrameworkMethod.invokeExplosively(FrameworkMethod.java:56)
  at org.junit.internal.runners.statements.InvokeMethod.evaluate(InvokeMethod.java:17)
  at org.junit.runners.ParentRunner$3.evaluate(ParentRunner.java:306)
  at org.junit.runners.BlockJUnit4ClassRunner$1.evaluate(BlockJUnit4ClassRunner.java:100)
  at org.junit.runners.ParentRunner.runLeaf(ParentRunner.java:366)
  at org.junit.runners.BlockJUnit4ClassRunner.runChild(BlockJUnit4ClassRunner.java:103)
  at org.junit.runners.BlockJUnit4ClassRunner.runChild(BlockJUnit4ClassRunner.java:63)
  at org.junit.runners.ParentRunner$4.run(ParentRunner.java:331)
  at org.junit.runners.ParentRunner$1.schedule(ParentRunner.java:79)
  at org.junit.runners.ParentRunner.runChildren(ParentRunner.java:329)
  at org.junit.runners.ParentRunner.access$100(ParentRunner.java:66)
  at org.junit.runners.ParentRunner$2.evaluate(ParentRunner.java:293)
  at org.junit.runners.ParentRunner$3.evaluate(ParentRunner.java:306)
  at org.junit.runners.ParentRunner.run(ParentRunner.java:413)
  at org.junit.runner.JUnitCore.run(JUnitCore.java:137)
  at org.junit.runner.JUnitCore.run(JUnitCore.java:115)
  at org.gradle.api.internal.tasks.testing.junit.JUnitTestExecutor.runRequest(JUnitTestExecutor.java:175)
  at org.gradle.api.internal.tasks.testing.junit.JUnitTestExecutor.accept(JUnitTestExecutor.java:84)
  at org.gradle.api.internal.tasks.testing.junit.JUnitTestExecutor.accept(JUnitTestExecutor.java:47)
  at org.gradle.api.internal.tasks.testing.junit.AbstractJUnitTestDefinitionProcessor.processTestDefinition(AbstractJUnitTestDefinitionProcessor.java:65)
  at org.gradle.api.internal.tasks.testing.SuiteTestDefinitionProcessor.processTestDefinition(SuiteTestDefinitionProcessor.java:54)
  at java.base/jdk.internal.reflect.DirectMethodHandleAccessor.invoke(DirectMethodHandleAccessor.java:104)
  at java.base/java.lang.reflect.Method.invoke(Method.java:565)
  at org.gradle.internal.dispatch.MethodInvocation.invokeOn(MethodInvocation.java:77)
  at org.gradle.internal.dispatch.ReflectionDispatch.dispatch(ReflectionDispatch.java:28)
  at org.gradle.internal.dispatch.ReflectionDispatch.dispatch(ReflectionDispatch.java:19)
  at org.gradle.internal.dispatch.ContextClassLoaderDispatch.dispatch(ContextClassLoaderDispatch.java:33)
  at org.gradle.internal.dispatch.ProxyDispatchAdapter$DispatchingInvocationHandler.invoke(ProxyDispatchAdapter.java:88)
  at jdk.proxy1/jdk.proxy1.$Proxy4.processTestDefinition(Unknown Source)
  at org.gradle.api.internal.tasks.testing.worker.TestWorker$2.run(TestWorker.java:178)
  at org.gradle.api.internal.tasks.testing.worker.TestWorker.executeAndMaintainThreadName(TestWorker.java:126)
  at org.gradle.api.internal.tasks.testing.worker.TestWorker.execute(TestWorker.java:103)
  at org.gradle.api.internal.tasks.testing.worker.TestWorker.execute(TestWorker.java:63)
  at org.gradle.process.internal.worker.child.ActionExecutionWorker.execute(ActionExecutionWorker.java:56)
  at org.gradle.process.internal.worker.child.SystemApplicationClassLoaderWorker.call(SystemApplicationClassLoaderWorker.java:122)
  at org.gradle.process.internal.worker.child.SystemApplicationClassLoaderWorker.call(SystemApplicationClassLoaderWorker.java:72)
  at worker.org.gradle.process.internal.worker.GradleWorkerMain.run(GradleWorkerMain.java:69)
  at worker.org.gradle.process.internal.worker.GradleWorkerMain.main(GradleWorkerMain.java:74)
</stacktrace>
</test-failure>


TypeScriptCompilerTests_T[jvm] > typeAssignabilityErrorMessage_ts has expected errors matching typeAssignabilityErrorMessage_errors_txt[jvm] FAILED

<test-failure test="com.xemantic.typescript.compiler.TypeScriptCompilerTests_T.thisInOuterClassBody_ts has expected errors matching thisInOuterClassBody_errors_txt" platform="jvm">
<message>
Expected diagnostics from baseline typescript-repo/tests/baselines/reference/thisInOuterClassBody.errors.txt but none produced
</message>
<stacktrace>
  at com.xemantic.typescript.compiler.TypeScriptTestSupportKt.errorsMatchBaseline(TypeScriptTestSupport.kt:125)
  at com.xemantic.typescript.compiler.TypeScriptCompilerTests_T.thisInOuterClassBody_ts has expected errors matching thisInOuterClassBody_errors_txt(TypeScriptCompilerTests_T.kt:749)
  at java.base/jdk.internal.reflect.DirectMethodHandleAccessor.invoke(DirectMethodHandleAccessor.java:104)
  at java.base/java.lang.reflect.Method.invoke(Method.java:565)
  at org.junit.runners.model.FrameworkMethod$1.runReflectiveCall(FrameworkMethod.java:59)
  at org.junit.internal.runners.model.ReflectiveCallable.run(ReflectiveCallable.java:12)
  at org.junit.runners.model.FrameworkMethod.invokeExplosively(FrameworkMethod.java:56)
  at org.junit.internal.runners.statements.InvokeMethod.evaluate(InvokeMethod.java:17)
  at org.junit.runners.ParentRunner$3.evaluate(ParentRunner.java:306)
  at org.junit.runners.BlockJUnit4ClassRunner$1.evaluate(BlockJUnit4ClassRunner.java:100)
  at org.junit.runners.ParentRunner.runLeaf(ParentRunner.java:366)
  at org.junit.runners.BlockJUnit4ClassRunner.runChild(BlockJUnit4ClassRunner.java:103)
  at org.junit.runners.BlockJUnit4ClassRunner.runChild(BlockJUnit4ClassRunner.java:63)
  at org.junit.runners.ParentRunner$4.run(ParentRunner.java:331)
  at org.junit.runners.ParentRunner$1.schedule(ParentRunner.java:79)
  at org.junit.runners.ParentRunner.runChildren(ParentRunner.java:329)
  at org.junit.runners.ParentRunner.access$100(ParentRunner.java:66)
  at org.junit.runners.ParentRunner$2.evaluate(ParentRunner.java:293)
  at org.junit.runners.ParentRunner$3.evaluate(ParentRunner.java:306)
  at org.junit.runners.ParentRunner.run(ParentRunner.java:413)
  at org.junit.runner.JUnitCore.run(JUnitCore.java:137)
  at org.junit.runner.JUnitCore.run(JUnitCore.java:115)
  at org.gradle.api.internal.tasks.testing.junit.JUnitTestExecutor.runRequest(JUnitTestExecutor.java:175)
  at org.gradle.api.internal.tasks.testing.junit.JUnitTestExecutor.accept(JUnitTestExecutor.java:84)
  at org.gradle.api.internal.tasks.testing.junit.JUnitTestExecutor.accept(JUnitTestExecutor.java:47)
  at org.gradle.api.internal.tasks.testing.junit.AbstractJUnitTestDefinitionProcessor.processTestDefinition(AbstractJUnitTestDefinitionProcessor.java:65)
  at org.gradle.api.internal.tasks.testing.SuiteTestDefinitionProcessor.processTestDefinition(SuiteTestDefinitionProcessor.java:54)
  at java.base/jdk.internal.reflect.DirectMethodHandleAccessor.invoke(DirectMethodHandleAccessor.java:104)
  at java.base/java.lang.reflect.Method.invoke(Method.java:565)
  at org.gradle.internal.dispatch.MethodInvocation.invokeOn(MethodInvocation.java:77)
  at org.gradle.internal.dispatch.ReflectionDispatch.dispatch(ReflectionDispatch.java:28)
  at org.gradle.internal.dispatch.ReflectionDispatch.dispatch(ReflectionDispatch.java:19)
  at org.gradle.internal.dispatch.ContextClassLoaderDispatch.dispatch(ContextClassLoaderDispatch.java:33)
  at org.gradle.internal.dispatch.ProxyDispatchAdapter$DispatchingInvocationHandler.invoke(ProxyDispatchAdapter.java:88)
  at jdk.proxy1/jdk.proxy1.$Proxy4.processTestDefinition(Unknown Source)
  at org.gradle.api.internal.tasks.testing.worker.TestWorker$2.run(TestWorker.java:178)
  at org.gradle.api.internal.tasks.testing.worker.TestWorker.executeAndMaintainThreadName(TestWorker.java:126)
  at org.gradle.api.internal.tasks.testing.worker.TestWorker.execute(TestWorker.java:103)
  at org.gradle.api.internal.tasks.testing.worker.TestWorker.execute(TestWorker.java:63)
  at org.gradle.process.internal.worker.child.ActionExecutionWorker.execute(ActionExecutionWorker.java:56)
  at org.gradle.process.internal.worker.child.SystemApplicationClassLoaderWorker.call(SystemApplicationClassLoaderWorker.java:122)
  at org.gradle.process.internal.worker.child.SystemApplicationClassLoaderWorker.call(SystemApplicationClassLoaderWorker.java:72)
  at worker.org.gradle.process.internal.worker.GradleWorkerMain.run(GradleWorkerMain.java:69)
  at worker.org.gradle.process.internal.worker.GradleWorkerMain.main(GradleWorkerMain.java:74)
</stacktrace>
</test-failure>


TypeScriptCompilerTests_T[jvm] > thisInOuterClassBody_ts has expected errors matching thisInOuterClassBody_errors_txt[jvm] FAILED

<test-failure test="com.xemantic.typescript.compiler.TypeScriptCompilerTests_T.TransportStream_ts has expected errors matching TransportStream_errors_txt" platform="jvm">
<message>
--- expected
+++ actual
@@ -1,19 +1,81 @@
-TransportStream.ts(1,1): error TS1490: File appears to be binary.
-TransportStream.ts(1,1): error TS1434: Unexpected keyword or identifier.
-TransportStream.ts(1,1): error TS2304: Cannot find name 'G'.
-TransportStream.ts(1,3): error TS1127: Invalid character.
-TransportStream.ts(1,4): error TS1128: Declaration or statement expected.
-
-
-==== TransportStream.ts (5 errors) ====
-    G@�G@�G@�
-    
-!!! error TS1490: File appears to be binary.
-    ~
-!!! error TS1434: Unexpected keyword or identifier.
-    ~
-!!! error TS2304: Cannot find name 'G'.
-      ~
-!!! error TS1127: Invalid character.
-       ~~~~~~~~~~~~~~~~~~~~~~~~~~~~~~~~~~~~~~~~~~~~~~~~~~~~~~~~~~~~~~~~~~~~~~~~~~~~~~~~~~~~~~~~~~~~~~~~~~~~~~~~~~~~~~~~~~~~~~~~~~~~~~~~~~~~~~~~~~~~~~~~~~~~~~~~~~~~~~~~~~~~~~~~~~~~~~~~~~~~~~~~~~~~~~~~~~~~~~~~~~~~~~~~~~~~~~~~~~~~~~~~~~~~~~~~~~~~~~~~~~~~~~~~~~~~~~~~~~~~~~~~~~~~~~~~~~~~~~~~~~~~~~~~~~~~~~~~~~~~~~~~~~~~~~~~~~~~~~~~~~~~~~~~~~~~~~~~~~~~~~~~~~~~~~~~~~~~~~~~~~~~~~~~~~~~~~~~~~~~~~~~~~~~~~~~~~~~~~~~~~~~~~~~~~~~~~~~~~~~~~~~~~~~~~~~~~~~~~~~~~~~~~~~~~~~~~~~~~~~~~~~~~~~~~~~~~~~~~~~~~~~~~~~~~~~~~~~~~~~~~~~~~~~~~~~~~~~~~~~~~~~~~~~~~~~~~~~~~~~~~~~~~~~~~~~~~~~~~~~~
-!!! error TS1128: Declaration or statement expected.
+TransportStream.ts(1,1): error TS2304: Cannot find name 'G'.
+TransportStream.ts(1,3): error TS1127: Invalid character.
+TransportStream.ts(1,4): error TS1127: Invalid character.
+TransportStream.ts(1,5): error TS1127: Invalid character.
+TransportStream.ts(1,6): error TS1127: Invalid character.
+TransportStream.ts(1,7): error TS1127: Invalid character.
+TransportStream.ts(1,8): error TS1127: Invalid character.
+TransportStream.ts(1,9): error TS1127: Invalid character.
+TransportStream.ts(1,10): error TS1127: Invalid character.
+TransportStream.ts(1,11): error TS1127: Invalid character.
+TransportStream.ts(1,12): error TS1127: Invalid character.
+TransportStream.ts(1,13): error TS1127: Invalid character.
+TransportStream.ts(1,14): error TS1127: Invalid character.
+TransportStream.ts(1,15): error TS1127: Invalid character.
+TransportStream.ts(1,16): error TS1127: Invalid character.
+TransportStream.ts(1,17): error TS1127: Invalid character.
+TransportStream.ts(1,18): error TS1127: Invalid character.
+TransportStream.ts(1,19): error TS1127: Invalid character.
+TransportStream.ts(1,20): error TS1127: Invalid character.
+TransportStream.ts(1,21): error TS1127: Invalid character.
+TransportStream.ts(1,22): error TS1127: Invalid character.
+TransportStream.ts(1,23): error TS1127: Invalid character.
+TransportStream.ts(1,24): error TS1127: Invalid character.
+TransportStream.ts(1,25): error TS1127: Invalid character.
+TransportStream.ts(1,26): error TS1127: Invalid character.
+TransportStream.ts(1,27): error TS1127: Invalid character.
+TransportStream.ts(1,28): error TS1127: Invalid character.
+TransportStream.ts(1,29): error TS1127: Invalid character.
+TransportStream.ts(1,30): error TS1127: Invalid character.
+TransportStream.ts(1,31): error TS1127: Invalid character.
+TransportStream.ts(1,32): error TS1127: Invalid character.
+TransportStream.ts(1,33): error TS1127: Invalid character.
+TransportStream.ts(1,34): error TS1127: Invalid character.
+TransportStream.ts(1,35): error TS1127: Invalid character.
+TransportStream.ts(1,36): error TS1127: Invalid character.
+TransportStream.ts(1,37): error TS1127: Invalid character.
+TransportStream.ts(1,38): error TS1127: Invalid character.
+TransportStream.ts(1,39): error TS1127: Invalid character.
+TransportStream.ts(1,40): error TS1127: Invalid character.
+TransportStream.ts(1,41): error TS1127: Invalid character.
+TransportStream.ts(1,42): error TS1127: Invalid character.
+TransportStream.ts(1,43): error TS1127: Invalid character.
+TransportStream.ts(1,44): error TS1127: Invalid character.
+TransportStream.ts(1,45): error TS1127: Invalid character.
+TransportStream.ts(1,46): error TS1127: Invalid character.
+TransportStream.ts(1,47): error TS1127: Invalid character.
+TransportStream.ts(1,48): error TS1127: Invalid character.
+TransportStream.ts(1,49): error TS1127: Invalid character.
+TransportStream.ts(1,50): error TS1127: Invalid character.
+TransportStream.ts(1,51): error TS1127: Invalid character.
+TransportStream.ts(1,52): error TS1127: Invalid character.
+TransportStream.ts(1,53): error TS1127: Invalid character.
+TransportStream.ts(1,54): error TS1127: Invalid character.
+TransportStream.ts(1,55): error TS1127: Invalid character.
+TransportStream.ts(1,56): error TS1127: Invalid character.
+TransportStream.ts(1,57): error TS1127: Invalid character.
+TransportStream.ts(1,58): error TS1127: Invalid character.
+TransportStream.ts(1,59): error TS1127: Invalid character.
+TransportStream.ts(1,60): error TS1127: Invalid character.
+TransportStream.ts(1,61): error TS1127: Invalid character.
+TransportStream.ts(1,62): error TS1127: Invalid character.
+TransportStream.ts(1,63): error TS1127: Invalid character.
+TransportStream.ts(1,64): error TS1127: Invalid character.
+TransportStream.ts(1,65): error TS1127: Invalid character.
+TransportStream.ts(1,66): error TS1127: Invalid character.
+TransportStream.ts(1,67): error TS1127: Invalid character.
+TransportStream.ts(1,68): error TS1127: Invalid character.
+TransportStream.ts(1,69): error TS1127: Invalid character.
+TransportStream.ts(1,70): error TS1127: Invalid character.
+TransportStream.ts(1,71): error TS1127: Invalid character.
+TransportStream.ts(1,72): error TS1127: Invalid character.
+TransportStream.ts(1,73): error TS1127: Invalid character.
+TransportStream.ts(1,74): error TS1127: Invalid character.
+TransportStream.ts(1,75): error TS1127: Invalid character.
+TransportStream.ts(1,76): error TS1127: Invalid character.
+TransportStream.ts(1,77): error TS1127: Invalid character.
+TransportStream.ts(1,78): error TS1127: Invalid character.
+TransportStream.ts(1,79): error TS1127: Invalid character.
+TransportStream.ts(1,80): error TS1127: Invalid character.
+TransportStream.ts(1,81): error TS1127: Invalid character.
+TransportStream.ts(1,82): error TS1127: Invalid character.

Diff truncated: more than 100 lines changed

Expected: 19 lines
Actual: 1687 lines

The differences are too extensive to show in unified diff format.
Consider comparing smaller sections or reviewing the strings directly.

</message>
<stacktrace>
  at org.junit.Assert.fail(Assert.java:89)
  at kotlin.test.junit.JUnitAsserter.fail(JUnitSupport.kt:56)
  at kotlin.test.AssertionsKt__AssertionsKt.fail(Assertions.kt:563)
  at kotlin.test.AssertionsKt.fail(Unknown Source)
  at com.xemantic.kotlin.test.SameAsKt.sameAs(SameAs.kt:52)
  at com.xemantic.typescript.compiler.TypeScriptTestSupportKt.errorsMatchBaseline(TypeScriptTestSupport.kt:135)
  at com.xemantic.typescript.compiler.TypeScriptCompilerTests_T.TransportStream_ts has expected errors matching TransportStream_errors_txt(TypeScriptCompilerTests_T.kt:21)
  at java.base/jdk.internal.reflect.DirectMethodHandleAccessor.invoke(DirectMethodHandleAccessor.java:104)
  at java.base/java.lang.reflect.Method.invoke(Method.java:565)
  at org.junit.runners.model.FrameworkMethod$1.runReflectiveCall(FrameworkMethod.java:59)
  at org.junit.internal.runners.model.ReflectiveCallable.run(ReflectiveCallable.java:12)
  at org.junit.runners.model.FrameworkMethod.invokeExplosively(FrameworkMethod.java:56)
  at org.junit.internal.runners.statements.InvokeMethod.evaluate(InvokeMethod.java:17)
  at org.junit.runners.ParentRunner$3.evaluate(ParentRunner.java:306)
  at org.junit.runners.BlockJUnit4ClassRunner$1.evaluate(BlockJUnit4ClassRunner.java:100)
  at org.junit.runners.ParentRunner.runLeaf(ParentRunner.java:366)
  at org.junit.runners.BlockJUnit4ClassRunner.runChild(BlockJUnit4ClassRunner.java:103)
  at org.junit.runners.BlockJUnit4ClassRunner.runChild(BlockJUnit4ClassRunner.java:63)
  at org.junit.runners.ParentRunner$4.run(ParentRunner.java:331)
  at org.junit.runners.ParentRunner$1.schedule(ParentRunner.java:79)
  at org.junit.runners.ParentRunner.runChildren(ParentRunner.java:329)
  at org.junit.runners.ParentRunner.access$100(ParentRunner.java:66)
  at org.junit.runners.ParentRunner$2.evaluate(ParentRunner.java:293)
  at org.junit.runners.ParentRunner$3.evaluate(ParentRunner.java:306)
  at org.junit.runners.ParentRunner.run(ParentRunner.java:413)
  at org.junit.runner.JUnitCore.run(JUnitCore.java:137)
  at org.junit.runner.JUnitCore.run(JUnitCore.java:115)
  at org.gradle.api.internal.tasks.testing.junit.JUnitTestExecutor.runRequest(JUnitTestExecutor.java:175)
  at org.gradle.api.internal.tasks.testing.junit.JUnitTestExecutor.accept(JUnitTestExecutor.java:84)
  at org.gradle.api.internal.tasks.testing.junit.JUnitTestExecutor.accept(JUnitTestExecutor.java:47)
  at org.gradle.api.internal.tasks.testing.junit.AbstractJUnitTestDefinitionProcessor.processTestDefinition(AbstractJUnitTestDefinitionProcessor.java:65)
  at org.gradle.api.internal.tasks.testing.SuiteTestDefinitionProcessor.processTestDefinition(SuiteTestDefinitionProcessor.java:54)
  at java.base/jdk.internal.reflect.DirectMethodHandleAccessor.invoke(DirectMethodHandleAccessor.java:104)
  at java.base/java.lang.reflect.Method.invoke(Method.java:565)
  at org.gradle.internal.dispatch.MethodInvocation.invokeOn(MethodInvocation.java:77)
  at org.gradle.internal.dispatch.ReflectionDispatch.dispatch(ReflectionDispatch.java:28)
  at org.gradle.internal.dispatch.ReflectionDispatch.dispatch(ReflectionDispatch.java:19)
  at org.gradle.internal.dispatch.ContextClassLoaderDispatch.dispatch(ContextClassLoaderDispatch.java:33)
  at org.gradle.internal.dispatch.ProxyDispatchAdapter$DispatchingInvocationHandler.invoke(ProxyDispatchAdapter.java:88)
  at jdk.proxy1/jdk.proxy1.$Proxy4.processTestDefinition(Unknown Source)
  at org.gradle.api.internal.tasks.testing.worker.TestWorker$2.run(TestWorker.java:178)
  at org.gradle.api.internal.tasks.testing.worker.TestWorker.executeAndMaintainThreadName(TestWorker.java:126)
  at org.gradle.api.internal.tasks.testing.worker.TestWorker.execute(TestWorker.java:103)
  at org.gradle.api.internal.tasks.testing.worker.TestWorker.execute(TestWorker.java:63)
  at org.gradle.process.internal.worker.child.ActionExecutionWorker.execute(ActionExecutionWorker.java:56)
  at org.gradle.process.internal.worker.child.SystemApplicationClassLoaderWorker.call(SystemApplicationClassLoaderWorker.java:122)
  at org.gradle.process.internal.worker.child.SystemApplicationClassLoaderWorker.call(SystemApplicationClassLoaderWorker.java:72)
  at worker.org.gradle.process.internal.worker.GradleWorkerMain.run(GradleWorkerMain.java:69)
  at worker.org.gradle.process.internal.worker.GradleWorkerMain.main(GradleWorkerMain.java:74)
</stacktrace>
</test-failure>


TypeScriptCompilerTests_T[jvm] > TransportStream_ts has expected errors matching TransportStream_errors_txt[jvm] FAILED

<test-failure test="com.xemantic.typescript.compiler.TypeScriptCompilerTests_T.typeParameterCompatibilityAccrossDeclarations_ts has expected errors matching typeParameterCompatibilityAccrossDeclarations_errors_txt" platform="jvm">
<message>
--- expected
+++ actual
@@ -1,17 +1,12 @@
 error TS5107: Option 'module=AMD' is deprecated and will stop functioning in TypeScript 7.0. Specify compilerOption '"ignoreDeprecations": "6.0"' to silence this error.
-typeParameterCompatibilityAccrossDeclarations.ts(2,31): error TS2322: Type 'null' is not assignable to type 'T'.
-  'T' could be instantiated with an arbitrary type which could be unrelated to 'null'.
 typeParameterCompatibilityAccrossDeclarations.ts(17,5): error TS2454: Variable 'i' is used before being assigned.
 typeParameterCompatibilityAccrossDeclarations.ts(20,6): error TS2454: Variable 'i2' is used before being assigned.
 
 
 !!! error TS5107: Option 'module=AMD' is deprecated and will stop functioning in TypeScript 7.0. Specify compilerOption '"ignoreDeprecations": "6.0"' to silence this error.
-==== typeParameterCompatibilityAccrossDeclarations.ts (3 errors) ====
+==== typeParameterCompatibilityAccrossDeclarations.ts (2 errors) ====
     var a = {
        x: function <T>(y: T): T { return null; }
-                                  ~~~~~~
-!!! error TS2322: Type 'null' is not assignable to type 'T'.
-!!! error TS2322:   'T' could be instantiated with an arbitrary type which could be unrelated to 'null'.
     }
     var a2 = {
        x: function (y: any): any { return null; }

</message>
<stacktrace>
  at org.junit.Assert.fail(Assert.java:89)
  at kotlin.test.junit.JUnitAsserter.fail(JUnitSupport.kt:56)
  at kotlin.test.AssertionsKt__AssertionsKt.fail(Assertions.kt:563)
  at kotlin.test.AssertionsKt.fail(Unknown Source)
  at com.xemantic.kotlin.test.SameAsKt.sameAs(SameAs.kt:52)
  at com.xemantic.typescript.compiler.TypeScriptTestSupportKt.errorsMatchBaseline(TypeScriptTestSupport.kt:135)
  at com.xemantic.typescript.compiler.TypeScriptCompilerTests_T.typeParameterCompatibilityAccrossDeclarations_ts has expected errors matching typeParameterCompatibilityAccrossDeclarations_errors_txt(TypeScriptCompilerTests_T.kt:2618)
  at java.base/jdk.internal.reflect.DirectMethodHandleAccessor.invoke(DirectMethodHandleAccessor.java:104)
  at java.base/java.lang.reflect.Method.invoke(Method.java:565)
  at org.junit.runners.model.FrameworkMethod$1.runReflectiveCall(FrameworkMethod.java:59)
  at org.junit.internal.runners.model.ReflectiveCallable.run(ReflectiveCallable.java:12)
  at org.junit.runners.model.FrameworkMethod.invokeExplosively(FrameworkMethod.java:56)
  at org.junit.internal.runners.statements.InvokeMethod.evaluate(InvokeMethod.java:17)
  at org.junit.runners.ParentRunner$3.evaluate(ParentRunner.java:306)
  at org.junit.runners.BlockJUnit4ClassRunner$1.evaluate(BlockJUnit4ClassRunner.java:100)
  at org.junit.runners.ParentRunner.runLeaf(ParentRunner.java:366)
  at org.junit.runners.BlockJUnit4ClassRunner.runChild(BlockJUnit4ClassRunner.java:103)
  at org.junit.runners.BlockJUnit4ClassRunner.runChild(BlockJUnit4ClassRunner.java:63)
  at org.junit.runners.ParentRunner$4.run(ParentRunner.java:331)
  at org.junit.runners.ParentRunner$1.schedule(ParentRunner.java:79)
  at org.junit.runners.ParentRunner.runChildren(ParentRunner.java:329)
  at org.junit.runners.ParentRunner.access$100(ParentRunner.java:66)
  at org.junit.runners.ParentRunner$2.evaluate(ParentRunner.java:293)
  at org.junit.runners.ParentRunner$3.evaluate(ParentRunner.java:306)
  at org.junit.runners.ParentRunner.run(ParentRunner.java:413)
  at org.junit.runner.JUnitCore.run(JUnitCore.java:137)
  at org.junit.runner.JUnitCore.run(JUnitCore.java:115)
  at org.gradle.api.internal.tasks.testing.junit.JUnitTestExecutor.runRequest(JUnitTestExecutor.java:175)
  at org.gradle.api.internal.tasks.testing.junit.JUnitTestExecutor.accept(JUnitTestExecutor.java:84)
  at org.gradle.api.internal.tasks.testing.junit.JUnitTestExecutor.accept(JUnitTestExecutor.java:47)
  at org.gradle.api.internal.tasks.testing.junit.AbstractJUnitTestDefinitionProcessor.processTestDefinition(AbstractJUnitTestDefinitionProcessor.java:65)
  at org.gradle.api.internal.tasks.testing.SuiteTestDefinitionProcessor.processTestDefinition(SuiteTestDefinitionProcessor.java:54)
  at java.base/jdk.internal.reflect.DirectMethodHandleAccessor.invoke(DirectMethodHandleAccessor.java:104)
  at java.base/java.lang.reflect.Method.invoke(Method.java:565)
  at org.gradle.internal.dispatch.MethodInvocation.invokeOn(MethodInvocation.java:77)
  at org.gradle.internal.dispatch.ReflectionDispatch.dispatch(ReflectionDispatch.java:28)
  at org.gradle.internal.dispatch.ReflectionDispatch.dispatch(ReflectionDispatch.java:19)
  at org.gradle.internal.dispatch.ContextClassLoaderDispatch.dispatch(ContextClassLoaderDispatch.java:33)
  at org.gradle.internal.dispatch.ProxyDispatchAdapter$DispatchingInvocationHandler.invoke(ProxyDispatchAdapter.java:88)
  at jdk.proxy1/jdk.proxy1.$Proxy4.processTestDefinition(Unknown Source)
  at org.gradle.api.internal.tasks.testing.worker.TestWorker$2.run(TestWorker.java:178)
  at org.gradle.api.internal.tasks.testing.worker.TestWorker.executeAndMaintainThreadName(TestWorker.java:126)
  at org.gradle.api.internal.tasks.testing.worker.TestWorker.execute(TestWorker.java:103)
  at org.gradle.api.internal.tasks.testing.worker.TestWorker.execute(TestWorker.java:63)
  at org.gradle.process.internal.worker.child.ActionExecutionWorker.execute(ActionExecutionWorker.java:56)
  at org.gradle.process.internal.worker.child.SystemApplicationClassLoaderWorker.call(SystemApplicationClassLoaderWorker.java:122)
  at org.gradle.process.internal.worker.child.SystemApplicationClassLoaderWorker.call(SystemApplicationClassLoaderWorker.java:72)
  at worker.org.gradle.process.internal.worker.GradleWorkerMain.run(GradleWorkerMain.java:69)
  at worker.org.gradle.process.internal.worker.GradleWorkerMain.main(GradleWorkerMain.java:74)
</stacktrace>
</test-failure>


TypeScriptCompilerTests_T[jvm] > typeParameterCompatibilityAccrossDeclarations_ts has expected errors matching typeParameterCompatibilityAccrossDeclarations_errors_txt[jvm] FAILED

<test-failure test="com.xemantic.typescript.compiler.TypeScriptCompilerTests_T.truthinessPromiseCoercion_ts has expected errors matching truthinessPromiseCoercion_errors_txt" platform="jvm">
<message>
Expected diagnostics from baseline typescript-repo/tests/baselines/reference/truthinessPromiseCoercion.errors.txt but none produced
</message>
<stacktrace>
  at com.xemantic.typescript.compiler.TypeScriptTestSupportKt.errorsMatchBaseline(TypeScriptTestSupport.kt:125)
  at com.xemantic.typescript.compiler.TypeScriptCompilerTests_T.truthinessPromiseCoercion_ts has expected errors matching truthinessPromiseCoercion_errors_txt(TypeScriptCompilerTests_T.kt:1386)
  at java.base/jdk.internal.reflect.DirectMethodHandleAccessor.invoke(DirectMethodHandleAccessor.java:104)
  at java.base/java.lang.reflect.Method.invoke(Method.java:565)
  at org.junit.runners.model.FrameworkMethod$1.runReflectiveCall(FrameworkMethod.java:59)
  at org.junit.internal.runners.model.ReflectiveCallable.run(ReflectiveCallable.java:12)
  at org.junit.runners.model.FrameworkMethod.invokeExplosively(FrameworkMethod.java:56)
  at org.junit.internal.runners.statements.InvokeMethod.evaluate(InvokeMethod.java:17)
  at org.junit.runners.ParentRunner$3.evaluate(ParentRunner.java:306)
  at org.junit.runners.BlockJUnit4ClassRunner$1.evaluate(BlockJUnit4ClassRunner.java:100)
  at org.junit.runners.ParentRunner.runLeaf(ParentRunner.java:366)
  at org.junit.runners.BlockJUnit4ClassRunner.runChild(BlockJUnit4ClassRunner.java:103)
  at org.junit.runners.BlockJUnit4ClassRunner.runChild(BlockJUnit4ClassRunner.java:63)
  at org.junit.runners.ParentRunner$4.run(ParentRunner.java:331)
  at org.junit.runners.ParentRunner$1.schedule(ParentRunner.java:79)
  at org.junit.runners.ParentRunner.runChildren(ParentRunner.java:329)
  at org.junit.runners.ParentRunner.access$100(ParentRunner.java:66)
  at org.junit.runners.ParentRunner$2.evaluate(ParentRunner.java:293)
  at org.junit.runners.ParentRunner$3.evaluate(ParentRunner.java:306)
  at org.junit.runners.ParentRunner.run(ParentRunner.java:413)
  at org.junit.runner.JUnitCore.run(JUnitCore.java:137)
  at org.junit.runner.JUnitCore.run(JUnitCore.java:115)
  at org.gradle.api.internal.tasks.testing.junit.JUnitTestExecutor.runRequest(JUnitTestExecutor.java:175)
  at org.gradle.api.internal.tasks.testing.junit.JUnitTestExecutor.accept(JUnitTestExecutor.java:84)
  at org.gradle.api.internal.tasks.testing.junit.JUnitTestExecutor.accept(JUnitTestExecutor.java:47)
  at org.gradle.api.internal.tasks.testing.junit.AbstractJUnitTestDefinitionProcessor.processTestDefinition(AbstractJUnitTestDefinitionProcessor.java:65)
  at org.gradle.api.internal.tasks.testing.SuiteTestDefinitionProcessor.processTestDefinition(SuiteTestDefinitionProcessor.java:54)
  at java.base/jdk.internal.reflect.DirectMethodHandleAccessor.invoke(DirectMethodHandleAccessor.java:104)
  at java.base/java.lang.reflect.Method.invoke(Method.java:565)
  at org.gradle.internal.dispatch.MethodInvocation.invokeOn(MethodInvocation.java:77)
  at org.gradle.internal.dispatch.ReflectionDispatch.dispatch(ReflectionDispatch.java:28)
  at org.gradle.internal.dispatch.ReflectionDispatch.dispatch(ReflectionDispatch.java:19)
  at org.gradle.internal.dispatch.ContextClassLoaderDispatch.dispatch(ContextClassLoaderDispatch.java:33)
  at org.gradle.internal.dispatch.ProxyDispatchAdapter$DispatchingInvocationHandler.invoke(ProxyDispatchAdapter.java:88)
  at jdk.proxy1/jdk.proxy1.$Proxy4.processTestDefinition(Unknown Source)
  at org.gradle.api.internal.tasks.testing.worker.TestWorker$2.run(TestWorker.java:178)
  at org.gradle.api.internal.tasks.testing.worker.TestWorker.executeAndMaintainThreadName(TestWorker.java:126)
  at org.gradle.api.internal.tasks.testing.worker.TestWorker.execute(TestWorker.java:103)
  at org.gradle.api.internal.tasks.testing.worker.TestWorker.execute(TestWorker.java:63)
  at org.gradle.process.internal.worker.child.ActionExecutionWorker.execute(ActionExecutionWorker.java:56)
  at org.gradle.process.internal.worker.child.SystemApplicationClassLoaderWorker.call(SystemApplicationClassLoaderWorker.java:122)
  at org.gradle.process.internal.worker.child.SystemApplicationClassLoaderWorker.call(SystemApplicationClassLoaderWorker.java:72)
  at worker.org.gradle.process.internal.worker.GradleWorkerMain.run(GradleWorkerMain.java:69)
  at worker.org.gradle.process.internal.worker.GradleWorkerMain.main(GradleWorkerMain.java:74)
</stacktrace>
</test-failure>


TypeScriptCompilerTests_T[jvm] > truthinessPromiseCoercion_ts has expected errors matching truthinessPromiseCoercion_errors_txt[jvm] FAILED

<test-failure test="com.xemantic.typescript.compiler.TypeScriptCompilerTests_T.tripleSlashTypesReferenceWithMissingExports_ts__module_node20__has expected errors matching baseline" platform="jvm">
<message>
Expected diagnostics from baseline typescript-repo/tests/baselines/reference/tripleSlashTypesReferenceWithMissingExports(module=node20).errors.txt but none produced
</message>
<stacktrace>
  at com.xemantic.typescript.compiler.TypeScriptTestSupportKt.errorsMatchBaseline(TypeScriptTestSupport.kt:125)
  at com.xemantic.typescript.compiler.TypeScriptCompilerTests_T.tripleSlashTypesReferenceWithMissingExports_ts__module_node20__has expected errors matching baseline(TypeScriptCompilerTests_T.kt:1281)
  at java.base/jdk.internal.reflect.DirectMethodHandleAccessor.invoke(DirectMethodHandleAccessor.java:104)
  at java.base/java.lang.reflect.Method.invoke(Method.java:565)
  at org.junit.runners.model.FrameworkMethod$1.runReflectiveCall(FrameworkMethod.java:59)
  at org.junit.internal.runners.model.ReflectiveCallable.run(ReflectiveCallable.java:12)
  at org.junit.runners.model.FrameworkMethod.invokeExplosively(FrameworkMethod.java:56)
  at org.junit.internal.runners.statements.InvokeMethod.evaluate(InvokeMethod.java:17)
  at org.junit.runners.ParentRunner$3.evaluate(ParentRunner.java:306)
  at org.junit.runners.BlockJUnit4ClassRunner$1.evaluate(BlockJUnit4ClassRunner.java:100)
  at org.junit.runners.ParentRunner.runLeaf(ParentRunner.java:366)
  at org.junit.runners.BlockJUnit4ClassRunner.runChild(BlockJUnit4ClassRunner.java:103)
  at org.junit.runners.BlockJUnit4ClassRunner.runChild(BlockJUnit4ClassRunner.java:63)
  at org.junit.runners.ParentRunner$4.run(ParentRunner.java:331)
  at org.junit.runners.ParentRunner$1.schedule(ParentRunner.java:79)
  at org.junit.runners.ParentRunner.runChildren(ParentRunner.java:329)
  at org.junit.runners.ParentRunner.access$100(ParentRunner.java:66)
  at org.junit.runners.ParentRunner$2.evaluate(ParentRunner.java:293)
  at org.junit.runners.ParentRunner$3.evaluate(ParentRunner.java:306)
  at org.junit.runners.ParentRunner.run(ParentRunner.java:413)
  at org.junit.runner.JUnitCore.run(JUnitCore.java:137)
  at org.junit.runner.JUnitCore.run(JUnitCore.java:115)
  at org.gradle.api.internal.tasks.testing.junit.JUnitTestExecutor.runRequest(JUnitTestExecutor.java:175)
  at org.gradle.api.internal.tasks.testing.junit.JUnitTestExecutor.accept(JUnitTestExecutor.java:84)
  at org.gradle.api.internal.tasks.testing.junit.JUnitTestExecutor.accept(JUnitTestExecutor.java:47)
  at org.gradle.api.internal.tasks.testing.junit.AbstractJUnitTestDefinitionProcessor.processTestDefinition(AbstractJUnitTestDefinitionProcessor.java:65)
  at org.gradle.api.internal.tasks.testing.SuiteTestDefinitionProcessor.processTestDefinition(SuiteTestDefinitionProcessor.java:54)
  at java.base/jdk.internal.reflect.DirectMethodHandleAccessor.invoke(DirectMethodHandleAccessor.java:104)
  at java.base/java.lang.reflect.Method.invoke(Method.java:565)
  at org.gradle.internal.dispatch.MethodInvocation.invokeOn(MethodInvocation.java:77)
  at org.gradle.internal.dispatch.ReflectionDispatch.dispatch(ReflectionDispatch.java:28)
  at org.gradle.internal.dispatch.ReflectionDispatch.dispatch(ReflectionDispatch.java:19)
  at org.gradle.internal.dispatch.ContextClassLoaderDispatch.dispatch(ContextClassLoaderDispatch.java:33)
  at org.gradle.internal.dispatch.ProxyDispatchAdapter$DispatchingInvocationHandler.invoke(ProxyDispatchAdapter.java:88)
  at jdk.proxy1/jdk.proxy1.$Proxy4.processTestDefinition(Unknown Source)
  at org.gradle.api.internal.tasks.testing.worker.TestWorker$2.run(TestWorker.java:178)
  at org.gradle.api.internal.tasks.testing.worker.TestWorker.executeAndMaintainThreadName(TestWorker.java:126)
  at org.gradle.api.internal.tasks.testing.worker.TestWorker.execute(TestWorker.java:103)
  at org.gradle.api.internal.tasks.testing.worker.TestWorker.execute(TestWorker.java:63)
  at org.gradle.process.internal.worker.child.ActionExecutionWorker.execute(ActionExecutionWorker.java:56)
  at org.gradle.process.internal.worker.child.SystemApplicationClassLoaderWorker.call(SystemApplicationClassLoaderWorker.java:122)
  at org.gradle.process.internal.worker.child.SystemApplicationClassLoaderWorker.call(SystemApplicationClassLoaderWorker.java:72)
  at worker.org.gradle.process.internal.worker.GradleWorkerMain.run(GradleWorkerMain.java:69)
  at worker.org.gradle.process.internal.worker.GradleWorkerMain.main(GradleWorkerMain.java:74)
</stacktrace>
</test-failure>


TypeScriptCompilerTests_T[jvm] > tripleSlashTypesReferenceWithMissingExports_ts__module_node20__has expected errors matching baseline[jvm] FAILED

<test-failure test="com.xemantic.typescript.compiler.TypeScriptCompilerTests_T.typeParametersInStaticProperties_ts has expected errors matching typeParametersInStaticProperties_errors_txt" platform="jvm">
<message>
Expected diagnostics from baseline typescript-repo/tests/baselines/reference/typeParametersInStaticProperties.errors.txt but none produced
</message>
<stacktrace>
  at com.xemantic.typescript.compiler.TypeScriptTestSupportKt.errorsMatchBaseline(TypeScriptTestSupport.kt:125)
  at com.xemantic.typescript.compiler.TypeScriptCompilerTests_T.typeParametersInStaticProperties_ts has expected errors matching typeParametersInStaticProperties_errors_txt(TypeScriptCompilerTests_T.kt:2961)
  at java.base/jdk.internal.reflect.DirectMethodHandleAccessor.invoke(DirectMethodHandleAccessor.java:104)
  at java.base/java.lang.reflect.Method.invoke(Method.java:565)
  at org.junit.runners.model.FrameworkMethod$1.runReflectiveCall(FrameworkMethod.java:59)
  at org.junit.internal.runners.model.ReflectiveCallable.run(ReflectiveCallable.java:12)
  at org.junit.runners.model.FrameworkMethod.invokeExplosively(FrameworkMethod.java:56)
  at org.junit.internal.runners.statements.InvokeMethod.evaluate(InvokeMethod.java:17)
  at org.junit.runners.ParentRunner$3.evaluate(ParentRunner.java:306)
  at org.junit.runners.BlockJUnit4ClassRunner$1.evaluate(BlockJUnit4ClassRunner.java:100)
  at org.junit.runners.ParentRunner.runLeaf(ParentRunner.java:366)
  at org.junit.runners.BlockJUnit4ClassRunner.runChild(BlockJUnit4ClassRunner.java:103)
  at org.junit.runners.BlockJUnit4ClassRunner.runChild(BlockJUnit4ClassRunner.java:63)
  at org.junit.runners.ParentRunner$4.run(ParentRunner.java:331)
  at org.junit.runners.ParentRunner$1.schedule(ParentRunner.java:79)
  at org.junit.runners.ParentRunner.runChildren(ParentRunner.java:329)
  at org.junit.runners.ParentRunner.access$100(ParentRunner.java:66)
  at org.junit.runners.ParentRunner$2.evaluate(ParentRunner.java:293)
  at org.junit.runners.ParentRunner$3.evaluate(ParentRunner.java:306)
  at org.junit.runners.ParentRunner.run(ParentRunner.java:413)
  at org.junit.runner.JUnitCore.run(JUnitCore.java:137)
  at org.junit.runner.JUnitCore.run(JUnitCore.java:115)
  at org.gradle.api.internal.tasks.testing.junit.JUnitTestExecutor.runRequest(JUnitTestExecutor.java:175)
  at org.gradle.api.internal.tasks.testing.junit.JUnitTestExecutor.accept(JUnitTestExecutor.java:84)
  at org.gradle.api.internal.tasks.testing.junit.JUnitTestExecutor.accept(JUnitTestExecutor.java:47)
  at org.gradle.api.internal.tasks.testing.junit.AbstractJUnitTestDefinitionProcessor.processTestDefinition(AbstractJUnitTestDefinitionProcessor.java:65)
  at org.gradle.api.internal.tasks.testing.SuiteTestDefinitionProcessor.processTestDefinition(SuiteTestDefinitionProcessor.java:54)
  at java.base/jdk.internal.reflect.DirectMethodHandleAccessor.invoke(DirectMethodHandleAccessor.java:104)
  at java.base/java.lang.reflect.Method.invoke(Method.java:565)
  at org.gradle.internal.dispatch.MethodInvocation.invokeOn(MethodInvocation.java:77)
  at org.gradle.internal.dispatch.ReflectionDispatch.dispatch(ReflectionDispatch.java:28)
  at org.gradle.internal.dispatch.ReflectionDispatch.dispatch(ReflectionDispatch.java:19)
  at org.gradle.internal.dispatch.ContextClassLoaderDispatch.dispatch(ContextClassLoaderDispatch.java:33)
  at org.gradle.internal.dispatch.ProxyDispatchAdapter$DispatchingInvocationHandler.invoke(ProxyDispatchAdapter.java:88)
  at jdk.proxy1/jdk.proxy1.$Proxy4.processTestDefinition(Unknown Source)
  at org.gradle.api.internal.tasks.testing.worker.TestWorker$2.run(TestWorker.java:178)
  at org.gradle.api.internal.tasks.testing.worker.TestWorker.executeAndMaintainThreadName(TestWorker.java:126)
  at org.gradle.api.internal.tasks.testing.worker.TestWorker.execute(TestWorker.java:103)
  at org.gradle.api.internal.tasks.testing.worker.TestWorker.execute(TestWorker.java:63)
  at org.gradle.process.internal.worker.child.ActionExecutionWorker.execute(ActionExecutionWorker.java:56)
  at org.gradle.process.internal.worker.child.SystemApplicationClassLoaderWorker.call(SystemApplicationClassLoaderWorker.java:122)
  at org.gradle.process.internal.worker.child.SystemApplicationClassLoaderWorker.call(SystemApplicationClassLoaderWorker.java:72)
  at worker.org.gradle.process.internal.worker.GradleWorkerMain.run(GradleWorkerMain.java:69)
  at worker.org.gradle.process.internal.worker.GradleWorkerMain.main(GradleWorkerMain.java:74)
</stacktrace>
</test-failure>


TypeScriptCompilerTests_T[jvm] > typeParametersInStaticProperties_ts has expected errors matching typeParametersInStaticProperties_errors_txt[jvm] FAILED

<test-failure test="com.xemantic.typescript.compiler.TypeScriptCompilerTests_T.this_inside-enum-should-not-be-allowed_ts has expected errors matching this_inside-enum-should-not-be-allowed_errors_txt" platform="jvm">
<message>
Expected diagnostics from baseline typescript-repo/tests/baselines/reference/this_inside-enum-should-not-be-allowed.errors.txt but none produced
</message>
<stacktrace>
  at com.xemantic.typescript.compiler.TypeScriptTestSupportKt.errorsMatchBaseline(TypeScriptTestSupport.kt:125)
  at com.xemantic.typescript.compiler.TypeScriptCompilerTests_T.this_inside-enum-should-not-be-allowed_ts has expected errors matching this_inside-enum-should-not-be-allowed_errors_txt(TypeScriptCompilerTests_T.kt:938)
  at java.base/jdk.internal.reflect.DirectMethodHandleAccessor.invoke(DirectMethodHandleAccessor.java:104)
  at java.base/java.lang.reflect.Method.invoke(Method.java:565)
  at org.junit.runners.model.FrameworkMethod$1.runReflectiveCall(FrameworkMethod.java:59)
  at org.junit.internal.runners.model.ReflectiveCallable.run(ReflectiveCallable.java:12)
  at org.junit.runners.model.FrameworkMethod.invokeExplosively(FrameworkMethod.java:56)
  at org.junit.internal.runners.statements.InvokeMethod.evaluate(InvokeMethod.java:17)
  at org.junit.runners.ParentRunner$3.evaluate(ParentRunner.java:306)
  at org.junit.runners.BlockJUnit4ClassRunner$1.evaluate(BlockJUnit4ClassRunner.java:100)
  at org.junit.runners.ParentRunner.runLeaf(ParentRunner.java:366)
  at org.junit.runners.BlockJUnit4ClassRunner.runChild(BlockJUnit4ClassRunner.java:103)
  at org.junit.runners.BlockJUnit4ClassRunner.runChild(BlockJUnit4ClassRunner.java:63)
  at org.junit.runners.ParentRunner$4.run(ParentRunner.java:331)
  at org.junit.runners.ParentRunner$1.schedule(ParentRunner.java:79)
  at org.junit.runners.ParentRunner.runChildren(ParentRunner.java:329)
  at org.junit.runners.ParentRunner.access$100(ParentRunner.java:66)
  at org.junit.runners.ParentRunner$2.evaluate(ParentRunner.java:293)
  at org.junit.runners.ParentRunner$3.evaluate(ParentRunner.java:306)
  at org.junit.runners.ParentRunner.run(ParentRunner.java:413)
  at org.junit.runner.JUnitCore.run(JUnitCore.java:137)
  at org.junit.runner.JUnitCore.run(JUnitCore.java:115)
  at org.gradle.api.internal.tasks.testing.junit.JUnitTestExecutor.runRequest(JUnitTestExecutor.java:175)
  at org.gradle.api.internal.tasks.testing.junit.JUnitTestExecutor.accept(JUnitTestExecutor.java:84)
  at org.gradle.api.internal.tasks.testing.junit.JUnitTestExecutor.accept(JUnitTestExecutor.java:47)
  at org.gradle.api.internal.tasks.testing.junit.AbstractJUnitTestDefinitionProcessor.processTestDefinition(AbstractJUnitTestDefinitionProcessor.java:65)
  at org.gradle.api.internal.tasks.testing.SuiteTestDefinitionProcessor.processTestDefinition(SuiteTestDefinitionProcessor.java:54)
  at java.base/jdk.internal.reflect.DirectMethodHandleAccessor.invoke(DirectMethodHandleAccessor.java:104)
  at java.base/java.lang.reflect.Method.invoke(Method.java:565)
  at org.gradle.internal.dispatch.MethodInvocation.invokeOn(MethodInvocation.java:77)
  at org.gradle.internal.dispatch.ReflectionDispatch.dispatch(ReflectionDispatch.java:28)
  at org.gradle.internal.dispatch.ReflectionDispatch.dispatch(ReflectionDispatch.java:19)
  at org.gradle.internal.dispatch.ContextClassLoaderDispatch.dispatch(ContextClassLoaderDispatch.java:33)
  at org.gradle.internal.dispatch.ProxyDispatchAdapter$DispatchingInvocationHandler.invoke(ProxyDispatchAdapter.java:88)
  at jdk.proxy1/jdk.proxy1.$Proxy4.processTestDefinition(Unknown Source)
  at org.gradle.api.internal.tasks.testing.worker.TestWorker$2.run(TestWorker.java:178)
  at org.gradle.api.internal.tasks.testing.worker.TestWorker.executeAndMaintainThreadName(TestWorker.java:126)
  at org.gradle.api.internal.tasks.testing.worker.TestWorker.execute(TestWorker.java:103)
  at org.gradle.api.internal.tasks.testing.worker.TestWorker.execute(TestWorker.java:63)
  at org.gradle.process.internal.worker.child.ActionExecutionWorker.execute(ActionExecutionWorker.java:56)
  at org.gradle.process.internal.worker.child.SystemApplicationClassLoaderWorker.call(SystemApplicationClassLoaderWorker.java:122)
  at org.gradle.process.internal.worker.child.SystemApplicationClassLoaderWorker.call(SystemApplicationClassLoaderWorker.java:72)
  at worker.org.gradle.process.internal.worker.GradleWorkerMain.run(GradleWorkerMain.java:69)
  at worker.org.gradle.process.internal.worker.GradleWorkerMain.main(GradleWorkerMain.java:74)
</stacktrace>
</test-failure>


TypeScriptCompilerTests_T[jvm] > this_inside-enum-should-not-be-allowed_ts has expected errors matching this_inside-enum-should-not-be-allowed_errors_txt[jvm] FAILED

<test-failure test="com.xemantic.typescript.compiler.TypeScriptCompilerTests_T.typeVariableConstraintedToAliasNotAssignableToUnion_ts has expected errors matching typeVariableConstraintedToAliasNotAssignableToUnion_errors_txt" platform="jvm">
<message>
--- expected
+++ actual
@@ -1,26 +1,9 @@
-typeVariableConstraintedToAliasNotAssignableToUnion.ts(21,5): error TS2322: Type 'T' is not assignable to type 'boolean'.
-  Type 'TableClass<any>' is not assignable to type 'boolean'.
-typeVariableConstraintedToAliasNotAssignableToUnion.ts(22,5): error TS2322: Type 'T' is not assignable to type 'string | number'.
-  Type 'TableClass<any>' is not assignable to type 'string | number'.
-typeVariableConstraintedToAliasNotAssignableToUnion.ts(23,5): error TS2322: Type 'T' is not assignable to type 'string | Something'.
-  Type 'TableClass<any>' is not assignable to type 'string | Something'.
-typeVariableConstraintedToAliasNotAssignableToUnion.ts(24,5): error TS2322: Type 'T' is not assignable to type 'Something | SomethingElse'.
-  Type 'TableClass<any>' is not assignable to type 'Something | SomethingElse'.
-typeVariableConstraintedToAliasNotAssignableToUnion.ts(28,5): error TS2322: Type 'T' is not assignable to type 'boolean'.
-  Type 'TableClass<any>' is not assignable to type 'boolean'.
-typeVariableConstraintedToAliasNotAssignableToUnion.ts(29,5): error TS2322: Type 'T' is not assignable to type 'string | number'.
-  Type 'TableClass<any>' is not assignable to type 'string | number'.
-typeVariableConstraintedToAliasNotAssignableToUnion.ts(30,5): error TS2322: Type 'T' is not assignable to type 'string | Something'.
-  Type 'TableClass<any>' is not assignable to type 'string | Something'.
-typeVariableConstraintedToAliasNotAssignableToUnion.ts(31,5): error TS2322: Type 'T' is not assignable to type 'Something | SomethingElse'.
-  Type 'TableClass<any>' is not assignable to type 'Something | SomethingElse'.
-typeVariableConstraintedToAliasNotAssignableToUnion.ts(35,1): error TS2322: Type 'Table' is not assignable to type 'boolean'.
-typeVariableConstraintedToAliasNotAssignableToUnion.ts(36,1): error TS2322: Type 'Table' is not assignable to type 'string | number'.
-typeVariableConstraintedToAliasNotAssignableToUnion.ts(37,1): error TS2322: Type 'Table' is not assignable to type 'string | Something'.
-typeVariableConstraintedToAliasNotAssignableToUnion.ts(38,1): error TS2322: Type 'Table' is not assignable to type 'Something | SomethingElse'.
+typeVariableConstraintedToAliasNotAssignableToUnion.ts(21,5): error TS2322: Type 'TableClass<S>' is not assignable to type 'boolean'.
+typeVariableConstraintedToAliasNotAssignableToUnion.ts(28,5): error TS2322: Type 'TableClass<S>' is not assignable to type 'boolean'.
+typeVariableConstraintedToAliasNotAssignableToUnion.ts(35,1): error TS2322: Type 'TableClass<S>' is not assignable to type 'boolean'.
 
 
-==== typeVariableConstraintedToAliasNotAssignableToUnion.ts (12 errors) ====
+==== typeVariableConstraintedToAliasNotAssignableToUnion.ts (3 errors) ====
     declare class TableClass<S = any> {
         _field: S;
     }
@@ -43,51 +26,25 @@
     function fn<T extends Table>(o: T) {
         aBoolean = o;
         ~~~~~~~~
-!!! error TS2322: Type 'T' is not assignable to type 'boolean'.
-!!! error TS2322:   Type 'TableClass<any>' is not assignable to type 'boolean'.
+!!! error TS2322: Type 'TableClass<S>' is not assignable to type 'boolean'.
         aStringOrNumber = o;
-        ~~~~~~~~~~~~~~~
-!!! error TS2322: Type 'T' is not assignable to type 'string | number'.
-!!! error TS2322:   Type 'TableClass<any>' is not assignable to type 'string | number'.
         aStringOrSomething = o;
-        ~~~~~~~~~~~~~~~~~~
-!!! error TS2322: Type 'T' is not assignable to type 'string | Something'.
-!!! error TS2322:   Type 'TableClass<any>' is not assignable to type 'string | Something'.
         someUnion = o;
-        ~~~~~~~~~
-!!! error TS2322: Type 'T' is not assignable to type 'Something | SomethingElse'.
-!!! error TS2322:   Type 'TableClass<any>' is not assignable to type 'Something | SomethingElse'.
     }
     
     function fn2<T extends TableClass>(o: T) {
         aBoolean = o;
         ~~~~~~~~
-!!! error TS2322: Type 'T' is not assignable to type 'boolean'.
-!!! error TS2322:   Type 'TableClass<any>' is not assignable to type 'boolean'.
+!!! error TS2322: Type 'TableClass<S>' is not assignable to type 'boolean'.
         aStringOrNumber = o;
-        ~~~~~~~~~~~~~~~
-!!! error TS2322: Type 'T' is not assignable to type 'string | number'.
-!!! error TS2322:   Type 'TableClass<any>' is not assignable to type 'string | number'.
         aStringOrSomething = o;
-        ~~~~~~~~~~~~~~~~~~
-!!! error TS2322: Type 'T' is not assignable to type 'string | Something'.
-!!! error TS2322:   Type 'TableClass<any>' is not assignable to type 'string | Something'.
         someUnion = o;
-        ~~~~~~~~~
-!!! error TS2322: Type 'T' is not assignable to type 'Something | SomethingElse'.
-!!! error TS2322:   Type 'TableClass<any>' is not assignable to type 'Something | SomethingElse'.
     }
     
     declare const o: Table;
     aBoolean = o;
     ~~~~~~~~
-!!! error TS2322: Type 'Table' is not assignable to type 'boolean'.
+!!! error TS2322: Type 'TableClass<S>' is not assignable to type 'boolean'.
     aStringOrNumber = o;
-    ~~~~~~~~~~~~~~~
-!!! error TS2322: Type 'Table' is not assignable to type 'string | number'.
     aStringOrSomething = o;
-    ~~~~~~~~~~~~~~~~~~
-!!! error TS2322: Type 'Table' is not assignable to type 'string | Something'.
     someUnion = o;
-    ~~~~~~~~~
-!!! error TS2322: Type 'Table' is not assignable to type 'Something | SomethingElse'.

</message>
<stacktrace>
  at org.junit.Assert.fail(Assert.java:89)
  at kotlin.test.junit.JUnitAsserter.fail(JUnitSupport.kt:56)
  at kotlin.test.AssertionsKt__AssertionsKt.fail(Assertions.kt:563)
  at kotlin.test.AssertionsKt.fail(Unknown Source)
  at com.xemantic.kotlin.test.SameAsKt.sameAs(SameAs.kt:52)
  at com.xemantic.typescript.compiler.TypeScriptTestSupportKt.errorsMatchBaseline(TypeScriptTestSupport.kt:135)
  at com.xemantic.typescript.compiler.TypeScriptCompilerTests_T.typeVariableConstraintedToAliasNotAssignableToUnion_ts has expected errors matching typeVariableConstraintedToAliasNotAssignableToUnion_errors_txt(TypeScriptCompilerTests_T.kt:3374)
  at java.base/jdk.internal.reflect.DirectMethodHandleAccessor.invoke(DirectMethodHandleAccessor.java:104)
  at java.base/java.lang.reflect.Method.invoke(Method.java:565)
  at org.junit.runners.model.FrameworkMethod$1.runReflectiveCall(FrameworkMethod.java:59)
  at org.junit.internal.runners.model.ReflectiveCallable.run(ReflectiveCallable.java:12)
  at org.junit.runners.model.FrameworkMethod.invokeExplosively(FrameworkMethod.java:56)
  at org.junit.internal.runners.statements.InvokeMethod.evaluate(InvokeMethod.java:17)
  at org.junit.runners.ParentRunner$3.evaluate(ParentRunner.java:306)
  at org.junit.runners.BlockJUnit4ClassRunner$1.evaluate(BlockJUnit4ClassRunner.java:100)
  at org.junit.runners.ParentRunner.runLeaf(ParentRunner.java:366)
  at org.junit.runners.BlockJUnit4ClassRunner.runChild(BlockJUnit4ClassRunner.java:103)
  at org.junit.runners.BlockJUnit4ClassRunner.runChild(BlockJUnit4ClassRunner.java:63)
  at org.junit.runners.ParentRunner$4.run(ParentRunner.java:331)
  at org.junit.runners.ParentRunner$1.schedule(ParentRunner.java:79)
  at org.junit.runners.ParentRunner.runChildren(ParentRunner.java:329)
  at org.junit.runners.ParentRunner.access$100(ParentRunner.java:66)
  at org.junit.runners.ParentRunner$2.evaluate(ParentRunner.java:293)
  at org.junit.runners.ParentRunner$3.evaluate(ParentRunner.java:306)
  at org.junit.runners.ParentRunner.run(ParentRunner.java:413)
  at org.junit.runner.JUnitCore.run(JUnitCore.java:137)
  at org.junit.runner.JUnitCore.run(JUnitCore.java:115)
  at org.gradle.api.internal.tasks.testing.junit.JUnitTestExecutor.runRequest(JUnitTestExecutor.java:175)
  at org.gradle.api.internal.tasks.testing.junit.JUnitTestExecutor.accept(JUnitTestExecutor.java:84)
  at org.gradle.api.internal.tasks.testing.junit.JUnitTestExecutor.accept(JUnitTestExecutor.java:47)
  at org.gradle.api.internal.tasks.testing.junit.AbstractJUnitTestDefinitionProcessor.processTestDefinition(AbstractJUnitTestDefinitionProcessor.java:65)
  at org.gradle.api.internal.tasks.testing.SuiteTestDefinitionProcessor.processTestDefinition(SuiteTestDefinitionProcessor.java:54)
  at java.base/jdk.internal.reflect.DirectMethodHandleAccessor.invoke(DirectMethodHandleAccessor.java:104)
  at java.base/java.lang.reflect.Method.invoke(Method.java:565)
  at org.gradle.internal.dispatch.MethodInvocation.invokeOn(MethodInvocation.java:77)
  at org.gradle.internal.dispatch.ReflectionDispatch.dispatch(ReflectionDispatch.java:28)
  at org.gradle.internal.dispatch.ReflectionDispatch.dispatch(ReflectionDispatch.java:19)
  at org.gradle.internal.dispatch.ContextClassLoaderDispatch.dispatch(ContextClassLoaderDispatch.java:33)
  at org.gradle.internal.dispatch.ProxyDispatchAdapter$DispatchingInvocationHandler.invoke(ProxyDispatchAdapter.java:88)
  at jdk.proxy1/jdk.proxy1.$Proxy4.processTestDefinition(Unknown Source)
  at org.gradle.api.internal.tasks.testing.worker.TestWorker$2.run(TestWorker.java:178)
  at org.gradle.api.internal.tasks.testing.worker.TestWorker.executeAndMaintainThreadName(TestWorker.java:126)
  at org.gradle.api.internal.tasks.testing.worker.TestWorker.execute(TestWorker.java:103)
  at org.gradle.api.internal.tasks.testing.worker.TestWorker.execute(TestWorker.java:63)
  at org.gradle.process.internal.worker.child.ActionExecutionWorker.execute(ActionExecutionWorker.java:56)
  at org.gradle.process.internal.worker.child.SystemApplicationClassLoaderWorker.call(SystemApplicationClassLoaderWorker.java:122)
  at org.gradle.process.internal.worker.child.SystemApplicationClassLoaderWorker.call(SystemApplicationClassLoaderWorker.java:72)
  at worker.org.gradle.process.internal.worker.GradleWorkerMain.run(GradleWorkerMain.java:69)
  at worker.org.gradle.process.internal.worker.GradleWorkerMain.main(GradleWorkerMain.java:74)
</stacktrace>
</test-failure>


TypeScriptCompilerTests_T[jvm] > typeVariableConstraintedToAliasNotAssignableToUnion_ts has expected errors matching typeVariableConstraintedToAliasNotAssignableToUnion_errors_txt[jvm] FAILED

<test-failure test="com.xemantic.typescript.compiler.TypeScriptCompilerTests_T.taggedTemplatesWithIncompleteTemplateExpressions5_ts has expected errors matching taggedTemplatesWithIncompleteTemplateExpressions5_errors_txt" platform="jvm">
<message>
Expected diagnostics from baseline typescript-repo/tests/baselines/reference/taggedTemplatesWithIncompleteTemplateExpressions5.errors.txt but none produced
</message>
<stacktrace>
  at com.xemantic.typescript.compiler.TypeScriptTestSupportKt.errorsMatchBaseline(TypeScriptTestSupport.kt:125)
  at com.xemantic.typescript.compiler.TypeScriptCompilerTests_T.taggedTemplatesWithIncompleteTemplateExpressions5_ts has expected errors matching taggedTemplatesWithIncompleteTemplateExpressions5_errors_txt(TypeScriptCompilerTests_T.kt:238)
  at java.base/jdk.internal.reflect.DirectMethodHandleAccessor.invoke(DirectMethodHandleAccessor.java:104)
  at java.base/java.lang.reflect.Method.invoke(Method.java:565)
  at org.junit.runners.model.FrameworkMethod$1.runReflectiveCall(FrameworkMethod.java:59)
  at org.junit.internal.runners.model.ReflectiveCallable.run(ReflectiveCallable.java:12)
  at org.junit.runners.model.FrameworkMethod.invokeExplosively(FrameworkMethod.java:56)
  at org.junit.internal.runners.statements.InvokeMethod.evaluate(InvokeMethod.java:17)
  at org.junit.runners.ParentRunner$3.evaluate(ParentRunner.java:306)
  at org.junit.runners.BlockJUnit4ClassRunner$1.evaluate(BlockJUnit4ClassRunner.java:100)
  at org.junit.runners.ParentRunner.runLeaf(ParentRunner.java:366)
  at org.junit.runners.BlockJUnit4ClassRunner.runChild(BlockJUnit4ClassRunner.java:103)
  at org.junit.runners.BlockJUnit4ClassRunner.runChild(BlockJUnit4ClassRunner.java:63)
  at org.junit.runners.ParentRunner$4.run(ParentRunner.java:331)
  at org.junit.runners.ParentRunner$1.schedule(ParentRunner.java:79)
  at org.junit.runners.ParentRunner.runChildren(ParentRunner.java:329)
  at org.junit.runners.ParentRunner.access$100(ParentRunner.java:66)
  at org.junit.runners.ParentRunner$2.evaluate(ParentRunner.java:293)
  at org.junit.runners.ParentRunner$3.evaluate(ParentRunner.java:306)
  at org.junit.runners.ParentRunner.run(ParentRunner.java:413)
  at org.junit.runner.JUnitCore.run(JUnitCore.java:137)
  at org.junit.runner.JUnitCore.run(JUnitCore.java:115)
  at org.gradle.api.internal.tasks.testing.junit.JUnitTestExecutor.runRequest(JUnitTestExecutor.java:175)
  at org.gradle.api.internal.tasks.testing.junit.JUnitTestExecutor.accept(JUnitTestExecutor.java:84)
  at org.gradle.api.internal.tasks.testing.junit.JUnitTestExecutor.accept(JUnitTestExecutor.java:47)
  at org.gradle.api.internal.tasks.testing.junit.AbstractJUnitTestDefinitionProcessor.processTestDefinition(AbstractJUnitTestDefinitionProcessor.java:65)
  at org.gradle.api.internal.tasks.testing.SuiteTestDefinitionProcessor.processTestDefinition(SuiteTestDefinitionProcessor.java:54)
  at java.base/jdk.internal.reflect.DirectMethodHandleAccessor.invoke(DirectMethodHandleAccessor.java:104)
  at java.base/java.lang.reflect.Method.invoke(Method.java:565)
  at org.gradle.internal.dispatch.MethodInvocation.invokeOn(MethodInvocation.java:77)
  at org.gradle.internal.dispatch.ReflectionDispatch.dispatch(ReflectionDispatch.java:28)
  at org.gradle.internal.dispatch.ReflectionDispatch.dispatch(ReflectionDispatch.java:19)
  at org.gradle.internal.dispatch.ContextClassLoaderDispatch.dispatch(ContextClassLoaderDispatch.java:33)
  at org.gradle.internal.dispatch.ProxyDispatchAdapter$DispatchingInvocationHandler.invoke(ProxyDispatchAdapter.java:88)
  at jdk.proxy1/jdk.proxy1.$Proxy4.processTestDefinition(Unknown Source)
  at org.gradle.api.internal.tasks.testing.worker.TestWorker$2.run(TestWorker.java:178)
  at org.gradle.api.internal.tasks.testing.worker.TestWorker.executeAndMaintainThreadName(TestWorker.java:126)
  at org.gradle.api.internal.tasks.testing.worker.TestWorker.execute(TestWorker.java:103)
  at org.gradle.api.internal.tasks.testing.worker.TestWorker.execute(TestWorker.java:63)
  at org.gradle.process.internal.worker.child.ActionExecutionWorker.execute(ActionExecutionWorker.java:56)
  at org.gradle.process.internal.worker.child.SystemApplicationClassLoaderWorker.call(SystemApplicationClassLoaderWorker.java:122)
  at org.gradle.process.internal.worker.child.SystemApplicationClassLoaderWorker.call(SystemApplicationClassLoaderWorker.java:72)
  at worker.org.gradle.process.internal.worker.GradleWorkerMain.run(GradleWorkerMain.java:69)
  at worker.org.gradle.process.internal.worker.GradleWorkerMain.main(GradleWorkerMain.java:74)
</stacktrace>
</test-failure>


TypeScriptCompilerTests_T[jvm] > taggedTemplatesWithIncompleteTemplateExpressions5_ts has expected errors matching taggedTemplatesWithIncompleteTemplateExpressions5_errors_txt[jvm] FAILED

<test-failure test="com.xemantic.typescript.compiler.TypeScriptCompilerTests_T.typeParameterArgumentEquivalence_ts has expected errors matching typeParameterArgumentEquivalence_errors_txt" platform="jvm">
<message>
Expected diagnostics from baseline typescript-repo/tests/baselines/reference/typeParameterArgumentEquivalence.errors.txt but none produced
</message>
<stacktrace>
  at com.xemantic.typescript.compiler.TypeScriptTestSupportKt.errorsMatchBaseline(TypeScriptTestSupport.kt:125)
  at com.xemantic.typescript.compiler.TypeScriptCompilerTests_T.typeParameterArgumentEquivalence_ts has expected errors matching typeParameterArgumentEquivalence_errors_txt(TypeScriptCompilerTests_T.kt:2492)
  at java.base/jdk.internal.reflect.DirectMethodHandleAccessor.invoke(DirectMethodHandleAccessor.java:104)
  at java.base/java.lang.reflect.Method.invoke(Method.java:565)
  at org.junit.runners.model.FrameworkMethod$1.runReflectiveCall(FrameworkMethod.java:59)
  at org.junit.internal.runners.model.ReflectiveCallable.run(ReflectiveCallable.java:12)
  at org.junit.runners.model.FrameworkMethod.invokeExplosively(FrameworkMethod.java:56)
  at org.junit.internal.runners.statements.InvokeMethod.evaluate(InvokeMethod.java:17)
  at org.junit.runners.ParentRunner$3.evaluate(ParentRunner.java:306)
  at org.junit.runners.BlockJUnit4ClassRunner$1.evaluate(BlockJUnit4ClassRunner.java:100)
  at org.junit.runners.ParentRunner.runLeaf(ParentRunner.java:366)
  at org.junit.runners.BlockJUnit4ClassRunner.runChild(BlockJUnit4ClassRunner.java:103)
  at org.junit.runners.BlockJUnit4ClassRunner.runChild(BlockJUnit4ClassRunner.java:63)
  at org.junit.runners.ParentRunner$4.run(ParentRunner.java:331)
  at org.junit.runners.ParentRunner$1.schedule(ParentRunner.java:79)
  at org.junit.runners.ParentRunner.runChildren(ParentRunner.java:329)
  at org.junit.runners.ParentRunner.access$100(ParentRunner.java:66)
  at org.junit.runners.ParentRunner$2.evaluate(ParentRunner.java:293)
  at org.junit.runners.ParentRunner$3.evaluate(ParentRunner.java:306)
  at org.junit.runners.ParentRunner.run(ParentRunner.java:413)
  at org.junit.runner.JUnitCore.run(JUnitCore.java:137)
  at org.junit.runner.JUnitCore.run(JUnitCore.java:115)
  at org.gradle.api.internal.tasks.testing.junit.JUnitTestExecutor.runRequest(JUnitTestExecutor.java:175)
  at org.gradle.api.internal.tasks.testing.junit.JUnitTestExecutor.accept(JUnitTestExecutor.java:84)
  at org.gradle.api.internal.tasks.testing.junit.JUnitTestExecutor.accept(JUnitTestExecutor.java:47)
  at org.gradle.api.internal.tasks.testing.junit.AbstractJUnitTestDefinitionProcessor.processTestDefinition(AbstractJUnitTestDefinitionProcessor.java:65)
  at org.gradle.api.internal.tasks.testing.SuiteTestDefinitionProcessor.processTestDefinition(SuiteTestDefinitionProcessor.java:54)
  at java.base/jdk.internal.reflect.DirectMethodHandleAccessor.invoke(DirectMethodHandleAccessor.java:104)
  at java.base/java.lang.reflect.Method.invoke(Method.java:565)
  at org.gradle.internal.dispatch.MethodInvocation.invokeOn(MethodInvocation.java:77)
  at org.gradle.internal.dispatch.ReflectionDispatch.dispatch(ReflectionDispatch.java:28)
  at org.gradle.internal.dispatch.ReflectionDispatch.dispatch(ReflectionDispatch.java:19)
  at org.gradle.internal.dispatch.ContextClassLoaderDispatch.dispatch(ContextClassLoaderDispatch.java:33)
  at org.gradle.internal.dispatch.ProxyDispatchAdapter$DispatchingInvocationHandler.invoke(ProxyDispatchAdapter.java:88)
  at jdk.proxy1/jdk.proxy1.$Proxy4.processTestDefinition(Unknown Source)
  at org.gradle.api.internal.tasks.testing.worker.TestWorker$2.run(TestWorker.java:178)
  at org.gradle.api.internal.tasks.testing.worker.TestWorker.executeAndMaintainThreadName(TestWorker.java:126)
  at org.gradle.api.internal.tasks.testing.worker.TestWorker.execute(TestWorker.java:103)
  at org.gradle.api.internal.tasks.testing.worker.TestWorker.execute(TestWorker.java:63)
  at org.gradle.process.internal.worker.child.ActionExecutionWorker.execute(ActionExecutionWorker.java:56)
  at org.gradle.process.internal.worker.child.SystemApplicationClassLoaderWorker.call(SystemApplicationClassLoaderWorker.java:122)
  at org.gradle.process.internal.worker.child.SystemApplicationClassLoaderWorker.call(SystemApplicationClassLoaderWorker.java:72)
  at worker.org.gradle.process.internal.worker.GradleWorkerMain.run(GradleWorkerMain.java:69)
  at worker.org.gradle.process.internal.worker.GradleWorkerMain.main(GradleWorkerMain.java:74)
</stacktrace>
</test-failure>


TypeScriptCompilerTests_T[jvm] > typeParameterArgumentEquivalence_ts has expected errors matching typeParameterArgumentEquivalence_errors_txt[jvm] FAILED

<test-failure test="com.xemantic.typescript.compiler.TypeScriptCompilerTests_T.typeArgumentConstraintResolution1_ts has expected errors matching typeArgumentConstraintResolution1_errors_txt" platform="jvm">
<message>
Expected diagnostics from baseline typescript-repo/tests/baselines/reference/typeArgumentConstraintResolution1.errors.txt but none produced
</message>
<stacktrace>
  at com.xemantic.typescript.compiler.TypeScriptTestSupportKt.errorsMatchBaseline(TypeScriptTestSupport.kt:125)
  at com.xemantic.typescript.compiler.TypeScriptCompilerTests_T.typeArgumentConstraintResolution1_ts has expected errors matching typeArgumentConstraintResolution1_errors_txt(TypeScriptCompilerTests_T.kt:1736)
  at java.base/jdk.internal.reflect.DirectMethodHandleAccessor.invoke(DirectMethodHandleAccessor.java:104)
  at java.base/java.lang.reflect.Method.invoke(Method.java:565)
  at org.junit.runners.model.FrameworkMethod$1.runReflectiveCall(FrameworkMethod.java:59)
  at org.junit.internal.runners.model.ReflectiveCallable.run(ReflectiveCallable.java:12)
  at org.junit.runners.model.FrameworkMethod.invokeExplosively(FrameworkMethod.java:56)
  at org.junit.internal.runners.statements.InvokeMethod.evaluate(InvokeMethod.java:17)
  at org.junit.runners.ParentRunner$3.evaluate(ParentRunner.java:306)
  at org.junit.runners.BlockJUnit4ClassRunner$1.evaluate(BlockJUnit4ClassRunner.java:100)
  at org.junit.runners.ParentRunner.runLeaf(ParentRunner.java:366)
  at org.junit.runners.BlockJUnit4ClassRunner.runChild(BlockJUnit4ClassRunner.java:103)
  at org.junit.runners.BlockJUnit4ClassRunner.runChild(BlockJUnit4ClassRunner.java:63)
  at org.junit.runners.ParentRunner$4.run(ParentRunner.java:331)
  at org.junit.runners.ParentRunner$1.schedule(ParentRunner.java:79)
  at org.junit.runners.ParentRunner.runChildren(ParentRunner.java:329)
  at org.junit.runners.ParentRunner.access$100(ParentRunner.java:66)
  at org.junit.runners.ParentRunner$2.evaluate(ParentRunner.java:293)
  at org.junit.runners.ParentRunner$3.evaluate(ParentRunner.java:306)
  at org.junit.runners.ParentRunner.run(ParentRunner.java:413)
  at org.junit.runner.JUnitCore.run(JUnitCore.java:137)
  at org.junit.runner.JUnitCore.run(JUnitCore.java:115)
  at org.gradle.api.internal.tasks.testing.junit.JUnitTestExecutor.runRequest(JUnitTestExecutor.java:175)
  at org.gradle.api.internal.tasks.testing.junit.JUnitTestExecutor.accept(JUnitTestExecutor.java:84)
  at org.gradle.api.internal.tasks.testing.junit.JUnitTestExecutor.accept(JUnitTestExecutor.java:47)
  at org.gradle.api.internal.tasks.testing.junit.AbstractJUnitTestDefinitionProcessor.processTestDefinition(AbstractJUnitTestDefinitionProcessor.java:65)
  at org.gradle.api.internal.tasks.testing.SuiteTestDefinitionProcessor.processTestDefinition(SuiteTestDefinitionProcessor.java:54)
  at java.base/jdk.internal.reflect.DirectMethodHandleAccessor.invoke(DirectMethodHandleAccessor.java:104)
  at java.base/java.lang.reflect.Method.invoke(Method.java:565)
  at org.gradle.internal.dispatch.MethodInvocation.invokeOn(MethodInvocation.java:77)
  at org.gradle.internal.dispatch.ReflectionDispatch.dispatch(ReflectionDispatch.java:28)
  at org.gradle.internal.dispatch.ReflectionDispatch.dispatch(ReflectionDispatch.java:19)
  at org.gradle.internal.dispatch.ContextClassLoaderDispatch.dispatch(ContextClassLoaderDispatch.java:33)
  at org.gradle.internal.dispatch.ProxyDispatchAdapter$DispatchingInvocationHandler.invoke(ProxyDispatchAdapter.java:88)
  at jdk.proxy1/jdk.proxy1.$Proxy4.processTestDefinition(Unknown Source)
  at org.gradle.api.internal.tasks.testing.worker.TestWorker$2.run(TestWorker.java:178)
  at org.gradle.api.internal.tasks.testing.worker.TestWorker.executeAndMaintainThreadName(TestWorker.java:126)
  at org.gradle.api.internal.tasks.testing.worker.TestWorker.execute(TestWorker.java:103)
  at org.gradle.api.internal.tasks.testing.worker.TestWorker.execute(TestWorker.java:63)
  at org.gradle.process.internal.worker.child.ActionExecutionWorker.execute(ActionExecutionWorker.java:56)
  at org.gradle.process.internal.worker.child.SystemApplicationClassLoaderWorker.call(SystemApplicationClassLoaderWorker.java:122)
  at org.gradle.process.internal.worker.child.SystemApplicationClassLoaderWorker.call(SystemApplicationClassLoaderWorker.java:72)
  at worker.org.gradle.process.internal.worker.GradleWorkerMain.run(GradleWorkerMain.java:69)
  at worker.org.gradle.process.internal.worker.GradleWorkerMain.main(GradleWorkerMain.java:74)
</stacktrace>
</test-failure>


TypeScriptCompilerTests_T[jvm] > typeArgumentConstraintResolution1_ts has expected errors matching typeArgumentConstraintResolution1_errors_txt[jvm] FAILED

<test-failure test="com.xemantic.typescript.compiler.TypeScriptCompilerTests_T.typeArgumentInferenceWithConstraintAsCommonRoot_ts has expected errors matching typeArgumentInferenceWithConstraintAsCommonRoot_errors_txt" platform="jvm">
<message>
Expected diagnostics from baseline typescript-repo/tests/baselines/reference/typeArgumentInferenceWithConstraintAsCommonRoot.errors.txt but none produced
</message>
<stacktrace>
  at com.xemantic.typescript.compiler.TypeScriptTestSupportKt.errorsMatchBaseline(TypeScriptTestSupport.kt:125)
  at com.xemantic.typescript.compiler.TypeScriptCompilerTests_T.typeArgumentInferenceWithConstraintAsCommonRoot_ts has expected errors matching typeArgumentInferenceWithConstraintAsCommonRoot_errors_txt(TypeScriptCompilerTests_T.kt:1806)
  at java.base/jdk.internal.reflect.DirectMethodHandleAccessor.invoke(DirectMethodHandleAccessor.java:104)
  at java.base/java.lang.reflect.Method.invoke(Method.java:565)
  at org.junit.runners.model.FrameworkMethod$1.runReflectiveCall(FrameworkMethod.java:59)
  at org.junit.internal.runners.model.ReflectiveCallable.run(ReflectiveCallable.java:12)
  at org.junit.runners.model.FrameworkMethod.invokeExplosively(FrameworkMethod.java:56)
  at org.junit.internal.runners.statements.InvokeMethod.evaluate(InvokeMethod.java:17)
  at org.junit.runners.ParentRunner$3.evaluate(ParentRunner.java:306)
  at org.junit.runners.BlockJUnit4ClassRunner$1.evaluate(BlockJUnit4ClassRunner.java:100)
  at org.junit.runners.ParentRunner.runLeaf(ParentRunner.java:366)
  at org.junit.runners.BlockJUnit4ClassRunner.runChild(BlockJUnit4ClassRunner.java:103)
  at org.junit.runners.BlockJUnit4ClassRunner.runChild(BlockJUnit4ClassRunner.java:63)
  at org.junit.runners.ParentRunner$4.run(ParentRunner.java:331)
  at org.junit.runners.ParentRunner$1.schedule(ParentRunner.java:79)
  at org.junit.runners.ParentRunner.runChildren(ParentRunner.java:329)
  at org.junit.runners.ParentRunner.access$100(ParentRunner.java:66)
  at org.junit.runners.ParentRunner$2.evaluate(ParentRunner.java:293)
  at org.junit.runners.ParentRunner$3.evaluate(ParentRunner.java:306)
  at org.junit.runners.ParentRunner.run(ParentRunner.java:413)
  at org.junit.runner.JUnitCore.run(JUnitCore.java:137)
  at org.junit.runner.JUnitCore.run(JUnitCore.java:115)
  at org.gradle.api.internal.tasks.testing.junit.JUnitTestExecutor.runRequest(JUnitTestExecutor.java:175)
  at org.gradle.api.internal.tasks.testing.junit.JUnitTestExecutor.accept(JUnitTestExecutor.java:84)
  at org.gradle.api.internal.tasks.testing.junit.JUnitTestExecutor.accept(JUnitTestExecutor.java:47)
  at org.gradle.api.internal.tasks.testing.junit.AbstractJUnitTestDefinitionProcessor.processTestDefinition(AbstractJUnitTestDefinitionProcessor.java:65)
  at org.gradle.api.internal.tasks.testing.SuiteTestDefinitionProcessor.processTestDefinition(SuiteTestDefinitionProcessor.java:54)
  at java.base/jdk.internal.reflect.DirectMethodHandleAccessor.invoke(DirectMethodHandleAccessor.java:104)
  at java.base/java.lang.reflect.Method.invoke(Method.java:565)
  at org.gradle.internal.dispatch.MethodInvocation.invokeOn(MethodInvocation.java:77)
  at org.gradle.internal.dispatch.ReflectionDispatch.dispatch(ReflectionDispatch.java:28)
  at org.gradle.internal.dispatch.ReflectionDispatch.dispatch(ReflectionDispatch.java:19)
  at org.gradle.internal.dispatch.ContextClassLoaderDispatch.dispatch(ContextClassLoaderDispatch.java:33)
  at org.gradle.internal.dispatch.ProxyDispatchAdapter$DispatchingInvocationHandler.invoke(ProxyDispatchAdapter.java:88)
  at jdk.proxy1/jdk.proxy1.$Proxy4.processTestDefinition(Unknown Source)
  at org.gradle.api.internal.tasks.testing.worker.TestWorker$2.run(TestWorker.java:178)
  at org.gradle.api.internal.tasks.testing.worker.TestWorker.executeAndMaintainThreadName(TestWorker.java:126)
  at org.gradle.api.internal.tasks.testing.worker.TestWorker.execute(TestWorker.java:103)
  at org.gradle.api.internal.tasks.testing.worker.TestWorker.execute(TestWorker.java:63)
  at org.gradle.process.internal.worker.child.ActionExecutionWorker.execute(ActionExecutionWorker.java:56)
  at org.gradle.process.internal.worker.child.SystemApplicationClassLoaderWorker.call(SystemApplicationClassLoaderWorker.java:122)
  at org.gradle.process.internal.worker.child.SystemApplicationClassLoaderWorker.call(SystemApplicationClassLoaderWorker.java:72)
  at worker.org.gradle.process.internal.worker.GradleWorkerMain.run(GradleWorkerMain.java:69)
  at worker.org.gradle.process.internal.worker.GradleWorkerMain.main(GradleWorkerMain.java:74)
</stacktrace>
</test-failure>


TypeScriptCompilerTests_T[jvm] > typeArgumentInferenceWithConstraintAsCommonRoot_ts has expected errors matching typeArgumentInferenceWithConstraintAsCommonRoot_errors_txt[jvm] FAILED

<test-failure test="com.xemantic.typescript.compiler.TypeScriptCompilerTests_T.tslibMissingHelper_ts compiles to JavaScript matching tslibMissingHelper_js" platform="jvm">
<message>
--- expected
+++ actual
@@ -1,5 +1,14 @@
 //// [tests/cases/compiler/tslibMissingHelper.ts] ////
 
+//// [index.ts]
+export {};
+async function foo(): Promise<void> {}
+async function bar(): Promise<void> {}
+
+//// [index.ts]
+export {};
+async function foo(): Promise<void> {}
+
 //// [package.json]
 {
     "name": "tslib",
@@ -12,16 +21,7 @@
 
 //// [tslib.js]
 module.exports.notAHelper = 3;
-//// [index.ts]
-export {};
-async function foo(): Promise<void> {}
-async function bar(): Promise<void> {}
 
-//// [index.ts]
-export {};
-async function foo(): Promise<void> {}
-
-
 //// [index.js]
 "use strict";
 Object.defineProperty(exports, "__esModule", { value: true });

</message>
<stacktrace>
  at org.junit.Assert.fail(Assert.java:89)
  at kotlin.test.junit.JUnitAsserter.fail(JUnitSupport.kt:56)
  at kotlin.test.AssertionsKt__AssertionsKt.fail(Assertions.kt:563)
  at kotlin.test.AssertionsKt.fail(Unknown Source)
  at com.xemantic.kotlin.test.SameAsKt.sameAs(SameAs.kt:52)
  at com.xemantic.typescript.compiler.TypeScriptTestSupportKt.sameAs(TypeScriptTestSupport.kt:99)
  at com.xemantic.typescript.compiler.TypeScriptCompilerTests_T.tslibMissingHelper_ts compiles to JavaScript matching tslibMissingHelper_js(TypeScriptCompilerTests_T.kt:1449)
  at java.base/jdk.internal.reflect.DirectMethodHandleAccessor.invoke(DirectMethodHandleAccessor.java:104)
  at java.base/java.lang.reflect.Method.invoke(Method.java:565)
  at org.junit.runners.model.FrameworkMethod$1.runReflectiveCall(FrameworkMethod.java:59)
  at org.junit.internal.runners.model.ReflectiveCallable.run(ReflectiveCallable.java:12)
  at org.junit.runners.model.FrameworkMethod.invokeExplosively(FrameworkMethod.java:56)
  at org.junit.internal.runners.statements.InvokeMethod.evaluate(InvokeMethod.java:17)
  at org.junit.runners.ParentRunner$3.evaluate(ParentRunner.java:306)
  at org.junit.runners.BlockJUnit4ClassRunner$1.evaluate(BlockJUnit4ClassRunner.java:100)
  at org.junit.runners.ParentRunner.runLeaf(ParentRunner.java:366)
  at org.junit.runners.BlockJUnit4ClassRunner.runChild(BlockJUnit4ClassRunner.java:103)
  at org.junit.runners.BlockJUnit4ClassRunner.runChild(BlockJUnit4ClassRunner.java:63)
  at org.junit.runners.ParentRunner$4.run(ParentRunner.java:331)
  at org.junit.runners.ParentRunner$1.schedule(ParentRunner.java:79)
  at org.junit.runners.ParentRunner.runChildren(ParentRunner.java:329)
  at org.junit.runners.ParentRunner.access$100(ParentRunner.java:66)
  at org.junit.runners.ParentRunner$2.evaluate(ParentRunner.java:293)
  at org.junit.runners.ParentRunner$3.evaluate(ParentRunner.java:306)
  at org.junit.runners.ParentRunner.run(ParentRunner.java:413)
  at org.junit.runner.JUnitCore.run(JUnitCore.java:137)
  at org.junit.runner.JUnitCore.run(JUnitCore.java:115)
  at org.gradle.api.internal.tasks.testing.junit.JUnitTestExecutor.runRequest(JUnitTestExecutor.java:175)
  at org.gradle.api.internal.tasks.testing.junit.JUnitTestExecutor.accept(JUnitTestExecutor.java:84)
  at org.gradle.api.internal.tasks.testing.junit.JUnitTestExecutor.accept(JUnitTestExecutor.java:47)
  at org.gradle.api.internal.tasks.testing.junit.AbstractJUnitTestDefinitionProcessor.processTestDefinition(AbstractJUnitTestDefinitionProcessor.java:65)
  at org.gradle.api.internal.tasks.testing.SuiteTestDefinitionProcessor.processTestDefinition(SuiteTestDefinitionProcessor.java:54)
  at java.base/jdk.internal.reflect.DirectMethodHandleAccessor.invoke(DirectMethodHandleAccessor.java:104)
  at java.base/java.lang.reflect.Method.invoke(Method.java:565)
  at org.gradle.internal.dispatch.MethodInvocation.invokeOn(MethodInvocation.java:77)
  at org.gradle.internal.dispatch.ReflectionDispatch.dispatch(ReflectionDispatch.java:28)
  at org.gradle.internal.dispatch.ReflectionDispatch.dispatch(ReflectionDispatch.java:19)
  at org.gradle.internal.dispatch.ContextClassLoaderDispatch.dispatch(ContextClassLoaderDispatch.java:33)
  at org.gradle.internal.dispatch.ProxyDispatchAdapter$DispatchingInvocationHandler.invoke(ProxyDispatchAdapter.java:88)
  at jdk.proxy1/jdk.proxy1.$Proxy4.processTestDefinition(Unknown Source)
  at org.gradle.api.internal.tasks.testing.worker.TestWorker$2.run(TestWorker.java:178)
  at org.gradle.api.internal.tasks.testing.worker.TestWorker.executeAndMaintainThreadName(TestWorker.java:126)
  at org.gradle.api.internal.tasks.testing.worker.TestWorker.execute(TestWorker.java:103)
  at org.gradle.api.internal.tasks.testing.worker.TestWorker.execute(TestWorker.java:63)
  at org.gradle.process.internal.worker.child.ActionExecutionWorker.execute(ActionExecutionWorker.java:56)
  at org.gradle.process.internal.worker.child.SystemApplicationClassLoaderWorker.call(SystemApplicationClassLoaderWorker.java:122)
  at org.gradle.process.internal.worker.child.SystemApplicationClassLoaderWorker.call(SystemApplicationClassLoaderWorker.java:72)
  at worker.org.gradle.process.internal.worker.GradleWorkerMain.run(GradleWorkerMain.java:69)
  at worker.org.gradle.process.internal.worker.GradleWorkerMain.main(GradleWorkerMain.java:74)
</stacktrace>
</test-failure>


TypeScriptCompilerTests_T[jvm] > tslibMissingHelper_ts compiles to JavaScript matching tslibMissingHelper_js[jvm] FAILED

<test-failure test="com.xemantic.typescript.compiler.TypeScriptCompilerTests_T.typeReferenceDirectiveWithFailedFromTypeRoot_ts has expected errors matching typeReferenceDirectiveWithFailedFromTypeRoot_errors_txt" platform="jvm">
<message>
Expected diagnostics from baseline typescript-repo/tests/baselines/reference/typeReferenceDirectiveWithFailedFromTypeRoot.errors.txt but none produced
</message>
<stacktrace>
  at com.xemantic.typescript.compiler.TypeScriptTestSupportKt.errorsMatchBaseline(TypeScriptTestSupport.kt:125)
  at com.xemantic.typescript.compiler.TypeScriptCompilerTests_T.typeReferenceDirectiveWithFailedFromTypeRoot_ts has expected errors matching typeReferenceDirectiveWithFailedFromTypeRoot_errors_txt(TypeScriptCompilerTests_T.kt:3157)
  at java.base/jdk.internal.reflect.DirectMethodHandleAccessor.invoke(DirectMethodHandleAccessor.java:104)
  at java.base/java.lang.reflect.Method.invoke(Method.java:565)
  at org.junit.runners.model.FrameworkMethod$1.runReflectiveCall(FrameworkMethod.java:59)
  at org.junit.internal.runners.model.ReflectiveCallable.run(ReflectiveCallable.java:12)
  at org.junit.runners.model.FrameworkMethod.invokeExplosively(FrameworkMethod.java:56)
  at org.junit.internal.runners.statements.InvokeMethod.evaluate(InvokeMethod.java:17)
  at org.junit.runners.ParentRunner$3.evaluate(ParentRunner.java:306)
  at org.junit.runners.BlockJUnit4ClassRunner$1.evaluate(BlockJUnit4ClassRunner.java:100)
  at org.junit.runners.ParentRunner.runLeaf(ParentRunner.java:366)
  at org.junit.runners.BlockJUnit4ClassRunner.runChild(BlockJUnit4ClassRunner.java:103)
  at org.junit.runners.BlockJUnit4ClassRunner.runChild(BlockJUnit4ClassRunner.java:63)
  at org.junit.runners.ParentRunner$4.run(ParentRunner.java:331)
  at org.junit.runners.ParentRunner$1.schedule(ParentRunner.java:79)
  at org.junit.runners.ParentRunner.runChildren(ParentRunner.java:329)
  at org.junit.runners.ParentRunner.access$100(ParentRunner.java:66)
  at org.junit.runners.ParentRunner$2.evaluate(ParentRunner.java:293)
  at org.junit.runners.ParentRunner$3.evaluate(ParentRunner.java:306)
  at org.junit.runners.ParentRunner.run(ParentRunner.java:413)
  at org.junit.runner.JUnitCore.run(JUnitCore.java:137)
  at org.junit.runner.JUnitCore.run(JUnitCore.java:115)
  at org.gradle.api.internal.tasks.testing.junit.JUnitTestExecutor.runRequest(JUnitTestExecutor.java:175)
  at org.gradle.api.internal.tasks.testing.junit.JUnitTestExecutor.accept(JUnitTestExecutor.java:84)
  at org.gradle.api.internal.tasks.testing.junit.JUnitTestExecutor.accept(JUnitTestExecutor.java:47)
  at org.gradle.api.internal.tasks.testing.junit.AbstractJUnitTestDefinitionProcessor.processTestDefinition(AbstractJUnitTestDefinitionProcessor.java:65)
  at org.gradle.api.internal.tasks.testing.SuiteTestDefinitionProcessor.processTestDefinition(SuiteTestDefinitionProcessor.java:54)
  at java.base/jdk.internal.reflect.DirectMethodHandleAccessor.invoke(DirectMethodHandleAccessor.java:104)
  at java.base/java.lang.reflect.Method.invoke(Method.java:565)
  at org.gradle.internal.dispatch.MethodInvocation.invokeOn(MethodInvocation.java:77)
  at org.gradle.internal.dispatch.ReflectionDispatch.dispatch(ReflectionDispatch.java:28)
  at org.gradle.internal.dispatch.ReflectionDispatch.dispatch(ReflectionDispatch.java:19)
  at org.gradle.internal.dispatch.ContextClassLoaderDispatch.dispatch(ContextClassLoaderDispatch.java:33)
  at org.gradle.internal.dispatch.ProxyDispatchAdapter$DispatchingInvocationHandler.invoke(ProxyDispatchAdapter.java:88)
  at jdk.proxy1/jdk.proxy1.$Proxy4.processTestDefinition(Unknown Source)
  at org.gradle.api.internal.tasks.testing.worker.TestWorker$2.run(TestWorker.java:178)
  at org.gradle.api.internal.tasks.testing.worker.TestWorker.executeAndMaintainThreadName(TestWorker.java:126)
  at org.gradle.api.internal.tasks.testing.worker.TestWorker.execute(TestWorker.java:103)
  at org.gradle.api.internal.tasks.testing.worker.TestWorker.execute(TestWorker.java:63)
  at org.gradle.process.internal.worker.child.ActionExecutionWorker.execute(ActionExecutionWorker.java:56)
  at org.gradle.process.internal.worker.child.SystemApplicationClassLoaderWorker.call(SystemApplicationClassLoaderWorker.java:122)
  at org.gradle.process.internal.worker.child.SystemApplicationClassLoaderWorker.call(SystemApplicationClassLoaderWorker.java:72)
  at worker.org.gradle.process.internal.worker.GradleWorkerMain.run(GradleWorkerMain.java:69)
  at worker.org.gradle.process.internal.worker.GradleWorkerMain.main(GradleWorkerMain.java:74)
</stacktrace>
</test-failure>


TypeScriptCompilerTests_T[jvm] > typeReferenceDirectiveWithFailedFromTypeRoot_ts has expected errors matching typeReferenceDirectiveWithFailedFromTypeRoot_errors_txt[jvm] FAILED

<test-failure test="com.xemantic.typescript.compiler.TypeScriptCompilerTests_T.typeParameterDiamond4_ts has expected errors matching typeParameterDiamond4_errors_txt" platform="jvm">
<message>
Expected diagnostics from baseline typescript-repo/tests/baselines/reference/typeParameterDiamond4.errors.txt but none produced
</message>
<stacktrace>
  at com.xemantic.typescript.compiler.TypeScriptTestSupportKt.errorsMatchBaseline(TypeScriptTestSupport.kt:125)
  at com.xemantic.typescript.compiler.TypeScriptCompilerTests_T.typeParameterDiamond4_ts has expected errors matching typeParameterDiamond4_errors_txt(TypeScriptCompilerTests_T.kt:2723)
  at java.base/jdk.internal.reflect.DirectMethodHandleAccessor.invoke(DirectMethodHandleAccessor.java:104)
  at java.base/java.lang.reflect.Method.invoke(Method.java:565)
  at org.junit.runners.model.FrameworkMethod$1.runReflectiveCall(FrameworkMethod.java:59)
  at org.junit.internal.runners.model.ReflectiveCallable.run(ReflectiveCallable.java:12)
  at org.junit.runners.model.FrameworkMethod.invokeExplosively(FrameworkMethod.java:56)
  at org.junit.internal.runners.statements.InvokeMethod.evaluate(InvokeMethod.java:17)
  at org.junit.runners.ParentRunner$3.evaluate(ParentRunner.java:306)
  at org.junit.runners.BlockJUnit4ClassRunner$1.evaluate(BlockJUnit4ClassRunner.java:100)
  at org.junit.runners.ParentRunner.runLeaf(ParentRunner.java:366)
  at org.junit.runners.BlockJUnit4ClassRunner.runChild(BlockJUnit4ClassRunner.java:103)
  at org.junit.runners.BlockJUnit4ClassRunner.runChild(BlockJUnit4ClassRunner.java:63)
  at org.junit.runners.ParentRunner$4.run(ParentRunner.java:331)
  at org.junit.runners.ParentRunner$1.schedule(ParentRunner.java:79)
  at org.junit.runners.ParentRunner.runChildren(ParentRunner.java:329)
  at org.junit.runners.ParentRunner.access$100(ParentRunner.java:66)
  at org.junit.runners.ParentRunner$2.evaluate(ParentRunner.java:293)
  at org.junit.runners.ParentRunner$3.evaluate(ParentRunner.java:306)
  at org.junit.runners.ParentRunner.run(ParentRunner.java:413)
  at org.junit.runner.JUnitCore.run(JUnitCore.java:137)
  at org.junit.runner.JUnitCore.run(JUnitCore.java:115)
  at org.gradle.api.internal.tasks.testing.junit.JUnitTestExecutor.runRequest(JUnitTestExecutor.java:175)
  at org.gradle.api.internal.tasks.testing.junit.JUnitTestExecutor.accept(JUnitTestExecutor.java:84)
  at org.gradle.api.internal.tasks.testing.junit.JUnitTestExecutor.accept(JUnitTestExecutor.java:47)
  at org.gradle.api.internal.tasks.testing.junit.AbstractJUnitTestDefinitionProcessor.processTestDefinition(AbstractJUnitTestDefinitionProcessor.java:65)
  at org.gradle.api.internal.tasks.testing.SuiteTestDefinitionProcessor.processTestDefinition(SuiteTestDefinitionProcessor.java:54)
  at java.base/jdk.internal.reflect.DirectMethodHandleAccessor.invoke(DirectMethodHandleAccessor.java:104)
  at java.base/java.lang.reflect.Method.invoke(Method.java:565)
  at org.gradle.internal.dispatch.MethodInvocation.invokeOn(MethodInvocation.java:77)
  at org.gradle.internal.dispatch.ReflectionDispatch.dispatch(ReflectionDispatch.java:28)
  at org.gradle.internal.dispatch.ReflectionDispatch.dispatch(ReflectionDispatch.java:19)
  at org.gradle.internal.dispatch.ContextClassLoaderDispatch.dispatch(ContextClassLoaderDispatch.java:33)
  at org.gradle.internal.dispatch.ProxyDispatchAdapter$DispatchingInvocationHandler.invoke(ProxyDispatchAdapter.java:88)
  at jdk.proxy1/jdk.proxy1.$Proxy4.processTestDefinition(Unknown Source)
  at org.gradle.api.internal.tasks.testing.worker.TestWorker$2.run(TestWorker.java:178)
  at org.gradle.api.internal.tasks.testing.worker.TestWorker.executeAndMaintainThreadName(TestWorker.java:126)
  at org.gradle.api.internal.tasks.testing.worker.TestWorker.execute(TestWorker.java:103)
  at org.gradle.api.internal.tasks.testing.worker.TestWorker.execute(TestWorker.java:63)
  at org.gradle.process.internal.worker.child.ActionExecutionWorker.execute(ActionExecutionWorker.java:56)
  at org.gradle.process.internal.worker.child.SystemApplicationClassLoaderWorker.call(SystemApplicationClassLoaderWorker.java:122)
  at org.gradle.process.internal.worker.child.SystemApplicationClassLoaderWorker.call(SystemApplicationClassLoaderWorker.java:72)
  at worker.org.gradle.process.internal.worker.GradleWorkerMain.run(GradleWorkerMain.java:69)
  at worker.org.gradle.process.internal.worker.GradleWorkerMain.main(GradleWorkerMain.java:74)
</stacktrace>
</test-failure>


TypeScriptCompilerTests_T[jvm] > typeParameterDiamond4_ts has expected errors matching typeParameterDiamond4_errors_txt[jvm] FAILED

<test-failure test="com.xemantic.typescript.compiler.TypeScriptCompilerTests_T.tslibNotFoundDifferentModules_ts compiles to JavaScript matching tslibNotFoundDifferentModules_js" platform="jvm">
<message>
--- expected
+++ actual
@@ -1,5 +1,10 @@
 //// [tests/cases/compiler/tslibNotFoundDifferentModules.ts] ////
 
+//// [index.ts]
+export {};
+async function foo(): Promise<void> {}
+async function bar(): Promise<void> {}
+
 //// [package.json]
 {
     "name": "tslib",
@@ -32,12 +37,7 @@
 //// [index.ts]
 export {};
 async function foo(): Promise<void> {}
-async function bar(): Promise<void> {}
 
-//// [index.ts]
-export {};
-async function foo(): Promise<void> {}
-
 //// [index.js]
 "use strict";
 Object.defineProperty(exports, "__esModule", { value: true });

</message>
<stacktrace>
  at org.junit.Assert.fail(Assert.java:89)
  at kotlin.test.junit.JUnitAsserter.fail(JUnitSupport.kt:56)
  at kotlin.test.AssertionsKt__AssertionsKt.fail(Assertions.kt:563)
  at kotlin.test.AssertionsKt.fail(Unknown Source)
  at com.xemantic.kotlin.test.SameAsKt.sameAs(SameAs.kt:52)
  at com.xemantic.typescript.compiler.TypeScriptTestSupportKt.sameAs(TypeScriptTestSupport.kt:99)
  at com.xemantic.typescript.compiler.TypeScriptCompilerTests_T.tslibNotFoundDifferentModules_ts compiles to JavaScript matching tslibNotFoundDifferentModules_js(TypeScriptCompilerTests_T.kt:1477)
  at java.base/jdk.internal.reflect.DirectMethodHandleAccessor.invoke(DirectMethodHandleAccessor.java:104)
  at java.base/java.lang.reflect.Method.invoke(Method.java:565)
  at org.junit.runners.model.FrameworkMethod$1.runReflectiveCall(FrameworkMethod.java:59)
  at org.junit.internal.runners.model.ReflectiveCallable.run(ReflectiveCallable.java:12)
  at org.junit.runners.model.FrameworkMethod.invokeExplosively(FrameworkMethod.java:56)
  at org.junit.internal.runners.statements.InvokeMethod.evaluate(InvokeMethod.java:17)
  at org.junit.runners.ParentRunner$3.evaluate(ParentRunner.java:306)
  at org.junit.runners.BlockJUnit4ClassRunner$1.evaluate(BlockJUnit4ClassRunner.java:100)
  at org.junit.runners.ParentRunner.runLeaf(ParentRunner.java:366)
  at org.junit.runners.BlockJUnit4ClassRunner.runChild(BlockJUnit4ClassRunner.java:103)
  at org.junit.runners.BlockJUnit4ClassRunner.runChild(BlockJUnit4ClassRunner.java:63)
  at org.junit.runners.ParentRunner$4.run(ParentRunner.java:331)
  at org.junit.runners.ParentRunner$1.schedule(ParentRunner.java:79)
  at org.junit.runners.ParentRunner.runChildren(ParentRunner.java:329)
  at org.junit.runners.ParentRunner.access$100(ParentRunner.java:66)
  at org.junit.runners.ParentRunner$2.evaluate(ParentRunner.java:293)
  at org.junit.runners.ParentRunner$3.evaluate(ParentRunner.java:306)
  at org.junit.runners.ParentRunner.run(ParentRunner.java:413)
  at org.junit.runner.JUnitCore.run(JUnitCore.java:137)
  at org.junit.runner.JUnitCore.run(JUnitCore.java:115)
  at org.gradle.api.internal.tasks.testing.junit.JUnitTestExecutor.runRequest(JUnitTestExecutor.java:175)
  at org.gradle.api.internal.tasks.testing.junit.JUnitTestExecutor.accept(JUnitTestExecutor.java:84)
  at org.gradle.api.internal.tasks.testing.junit.JUnitTestExecutor.accept(JUnitTestExecutor.java:47)
  at org.gradle.api.internal.tasks.testing.junit.AbstractJUnitTestDefinitionProcessor.processTestDefinition(AbstractJUnitTestDefinitionProcessor.java:65)
  at org.gradle.api.internal.tasks.testing.SuiteTestDefinitionProcessor.processTestDefinition(SuiteTestDefinitionProcessor.java:54)
  at java.base/jdk.internal.reflect.DirectMethodHandleAccessor.invoke(DirectMethodHandleAccessor.java:104)
  at java.base/java.lang.reflect.Method.invoke(Method.java:565)
  at org.gradle.internal.dispatch.MethodInvocation.invokeOn(MethodInvocation.java:77)
  at org.gradle.internal.dispatch.ReflectionDispatch.dispatch(ReflectionDispatch.java:28)
  at org.gradle.internal.dispatch.ReflectionDispatch.dispatch(ReflectionDispatch.java:19)
  at org.gradle.internal.dispatch.ContextClassLoaderDispatch.dispatch(ContextClassLoaderDispatch.java:33)
  at org.gradle.internal.dispatch.ProxyDispatchAdapter$DispatchingInvocationHandler.invoke(ProxyDispatchAdapter.java:88)
  at jdk.proxy1/jdk.proxy1.$Proxy4.processTestDefinition(Unknown Source)
  at org.gradle.api.internal.tasks.testing.worker.TestWorker$2.run(TestWorker.java:178)
  at org.gradle.api.internal.tasks.testing.worker.TestWorker.executeAndMaintainThreadName(TestWorker.java:126)
  at org.gradle.api.internal.tasks.testing.worker.TestWorker.execute(TestWorker.java:103)
  at org.gradle.api.internal.tasks.testing.worker.TestWorker.execute(TestWorker.java:63)
  at org.gradle.process.internal.worker.child.ActionExecutionWorker.execute(ActionExecutionWorker.java:56)
  at org.gradle.process.internal.worker.child.SystemApplicationClassLoaderWorker.call(SystemApplicationClassLoaderWorker.java:122)
  at org.gradle.process.internal.worker.child.SystemApplicationClassLoaderWorker.call(SystemApplicationClassLoaderWorker.java:72)
  at worker.org.gradle.process.internal.worker.GradleWorkerMain.run(GradleWorkerMain.java:69)
  at worker.org.gradle.process.internal.worker.GradleWorkerMain.main(GradleWorkerMain.java:74)
</stacktrace>
</test-failure>


TypeScriptCompilerTests_T[jvm] > tslibNotFoundDifferentModules_ts compiles to JavaScript matching tslibNotFoundDifferentModules_js[jvm] FAILED

<test-failure test="com.xemantic.typescript.compiler.TypeScriptCompilerTests_T.topFunctionTypeNotCallable_ts has expected errors matching topFunctionTypeNotCallable_errors_txt" platform="jvm">
<message>
Expected diagnostics from baseline typescript-repo/tests/baselines/reference/topFunctionTypeNotCallable.errors.txt but none produced
</message>
<stacktrace>
  at com.xemantic.typescript.compiler.TypeScriptTestSupportKt.errorsMatchBaseline(TypeScriptTestSupport.kt:125)
  at com.xemantic.typescript.compiler.TypeScriptCompilerTests_T.topFunctionTypeNotCallable_ts has expected errors matching topFunctionTypeNotCallable_errors_txt(TypeScriptCompilerTests_T.kt:1036)
  at java.base/jdk.internal.reflect.DirectMethodHandleAccessor.invoke(DirectMethodHandleAccessor.java:104)
  at java.base/java.lang.reflect.Method.invoke(Method.java:565)
  at org.junit.runners.model.FrameworkMethod$1.runReflectiveCall(FrameworkMethod.java:59)
  at org.junit.internal.runners.model.ReflectiveCallable.run(ReflectiveCallable.java:12)
  at org.junit.runners.model.FrameworkMethod.invokeExplosively(FrameworkMethod.java:56)
  at org.junit.internal.runners.statements.InvokeMethod.evaluate(InvokeMethod.java:17)
  at org.junit.runners.ParentRunner$3.evaluate(ParentRunner.java:306)
  at org.junit.runners.BlockJUnit4ClassRunner$1.evaluate(BlockJUnit4ClassRunner.java:100)
  at org.junit.runners.ParentRunner.runLeaf(ParentRunner.java:366)
  at org.junit.runners.BlockJUnit4ClassRunner.runChild(BlockJUnit4ClassRunner.java:103)
  at org.junit.runners.BlockJUnit4ClassRunner.runChild(BlockJUnit4ClassRunner.java:63)
  at org.junit.runners.ParentRunner$4.run(ParentRunner.java:331)
  at org.junit.runners.ParentRunner$1.schedule(ParentRunner.java:79)
  at org.junit.runners.ParentRunner.runChildren(ParentRunner.java:329)
  at org.junit.runners.ParentRunner.access$100(ParentRunner.java:66)
  at org.junit.runners.ParentRunner$2.evaluate(ParentRunner.java:293)
  at org.junit.runners.ParentRunner$3.evaluate(ParentRunner.java:306)
  at org.junit.runners.ParentRunner.run(ParentRunner.java:413)
  at org.junit.runner.JUnitCore.run(JUnitCore.java:137)
  at org.junit.runner.JUnitCore.run(JUnitCore.java:115)
  at org.gradle.api.internal.tasks.testing.junit.JUnitTestExecutor.runRequest(JUnitTestExecutor.java:175)
  at org.gradle.api.internal.tasks.testing.junit.JUnitTestExecutor.accept(JUnitTestExecutor.java:84)
  at org.gradle.api.internal.tasks.testing.junit.JUnitTestExecutor.accept(JUnitTestExecutor.java:47)
  at org.gradle.api.internal.tasks.testing.junit.AbstractJUnitTestDefinitionProcessor.processTestDefinition(AbstractJUnitTestDefinitionProcessor.java:65)
  at org.gradle.api.internal.tasks.testing.SuiteTestDefinitionProcessor.processTestDefinition(SuiteTestDefinitionProcessor.java:54)
  at java.base/jdk.internal.reflect.DirectMethodHandleAccessor.invoke(DirectMethodHandleAccessor.java:104)
  at java.base/java.lang.reflect.Method.invoke(Method.java:565)
  at org.gradle.internal.dispatch.MethodInvocation.invokeOn(MethodInvocation.java:77)
  at org.gradle.internal.dispatch.ReflectionDispatch.dispatch(ReflectionDispatch.java:28)
  at org.gradle.internal.dispatch.ReflectionDispatch.dispatch(ReflectionDispatch.java:19)
  at org.gradle.internal.dispatch.ContextClassLoaderDispatch.dispatch(ContextClassLoaderDispatch.java:33)
  at org.gradle.internal.dispatch.ProxyDispatchAdapter$DispatchingInvocationHandler.invoke(ProxyDispatchAdapter.java:88)
  at jdk.proxy1/jdk.proxy1.$Proxy4.processTestDefinition(Unknown Source)
  at org.gradle.api.internal.tasks.testing.worker.TestWorker$2.run(TestWorker.java:178)
  at org.gradle.api.internal.tasks.testing.worker.TestWorker.executeAndMaintainThreadName(TestWorker.java:126)
  at org.gradle.api.internal.tasks.testing.worker.TestWorker.execute(TestWorker.java:103)
  at org.gradle.api.internal.tasks.testing.worker.TestWorker.execute(TestWorker.java:63)
  at org.gradle.process.internal.worker.child.ActionExecutionWorker.execute(ActionExecutionWorker.java:56)
  at org.gradle.process.internal.worker.child.SystemApplicationClassLoaderWorker.call(SystemApplicationClassLoaderWorker.java:122)
  at org.gradle.process.internal.worker.child.SystemApplicationClassLoaderWorker.call(SystemApplicationClassLoaderWorker.java:72)
  at worker.org.gradle.process.internal.worker.GradleWorkerMain.run(GradleWorkerMain.java:69)
  at worker.org.gradle.process.internal.worker.GradleWorkerMain.main(GradleWorkerMain.java:74)
</stacktrace>
</test-failure>


TypeScriptCompilerTests_T[jvm] > topFunctionTypeNotCallable_ts has expected errors matching topFunctionTypeNotCallable_errors_txt[jvm] FAILED

<test-failure test="com.xemantic.typescript.compiler.TypeScriptCompilerTests_T.typeParametersShouldNotBeEqual_ts has expected errors matching typeParametersShouldNotBeEqual_errors_txt" platform="jvm">
<message>
Expected diagnostics from baseline typescript-repo/tests/baselines/reference/typeParametersShouldNotBeEqual.errors.txt but none produced
</message>
<stacktrace>
  at com.xemantic.typescript.compiler.TypeScriptTestSupportKt.errorsMatchBaseline(TypeScriptTestSupport.kt:125)
  at com.xemantic.typescript.compiler.TypeScriptCompilerTests_T.typeParametersShouldNotBeEqual_ts has expected errors matching typeParametersShouldNotBeEqual_errors_txt(TypeScriptCompilerTests_T.kt:2975)
  at java.base/jdk.internal.reflect.DirectMethodHandleAccessor.invoke(DirectMethodHandleAccessor.java:104)
  at java.base/java.lang.reflect.Method.invoke(Method.java:565)
  at org.junit.runners.model.FrameworkMethod$1.runReflectiveCall(FrameworkMethod.java:59)
  at org.junit.internal.runners.model.ReflectiveCallable.run(ReflectiveCallable.java:12)
  at org.junit.runners.model.FrameworkMethod.invokeExplosively(FrameworkMethod.java:56)
  at org.junit.internal.runners.statements.InvokeMethod.evaluate(InvokeMethod.java:17)
  at org.junit.runners.ParentRunner$3.evaluate(ParentRunner.java:306)
  at org.junit.runners.BlockJUnit4ClassRunner$1.evaluate(BlockJUnit4ClassRunner.java:100)
  at org.junit.runners.ParentRunner.runLeaf(ParentRunner.java:366)
  at org.junit.runners.BlockJUnit4ClassRunner.runChild(BlockJUnit4ClassRunner.java:103)
  at org.junit.runners.BlockJUnit4ClassRunner.runChild(BlockJUnit4ClassRunner.java:63)
  at org.junit.runners.ParentRunner$4.run(ParentRunner.java:331)
  at org.junit.runners.ParentRunner$1.schedule(ParentRunner.java:79)
  at org.junit.runners.ParentRunner.runChildren(ParentRunner.java:329)
  at org.junit.runners.ParentRunner.access$100(ParentRunner.java:66)
  at org.junit.runners.ParentRunner$2.evaluate(ParentRunner.java:293)
  at org.junit.runners.ParentRunner$3.evaluate(ParentRunner.java:306)
  at org.junit.runners.ParentRunner.run(ParentRunner.java:413)
  at org.junit.runner.JUnitCore.run(JUnitCore.java:137)
  at org.junit.runner.JUnitCore.run(JUnitCore.java:115)
  at org.gradle.api.internal.tasks.testing.junit.JUnitTestExecutor.runRequest(JUnitTestExecutor.java:175)
  at org.gradle.api.internal.tasks.testing.junit.JUnitTestExecutor.accept(JUnitTestExecutor.java:84)
  at org.gradle.api.internal.tasks.testing.junit.JUnitTestExecutor.accept(JUnitTestExecutor.java:47)
  at org.gradle.api.internal.tasks.testing.junit.AbstractJUnitTestDefinitionProcessor.processTestDefinition(AbstractJUnitTestDefinitionProcessor.java:65)
  at org.gradle.api.internal.tasks.testing.SuiteTestDefinitionProcessor.processTestDefinition(SuiteTestDefinitionProcessor.java:54)
  at java.base/jdk.internal.reflect.DirectMethodHandleAccessor.invoke(DirectMethodHandleAccessor.java:104)
  at java.base/java.lang.reflect.Method.invoke(Method.java:565)
  at org.gradle.internal.dispatch.MethodInvocation.invokeOn(MethodInvocation.java:77)
  at org.gradle.internal.dispatch.ReflectionDispatch.dispatch(ReflectionDispatch.java:28)
  at org.gradle.internal.dispatch.ReflectionDispatch.dispatch(ReflectionDispatch.java:19)
  at org.gradle.internal.dispatch.ContextClassLoaderDispatch.dispatch(ContextClassLoaderDispatch.java:33)
  at org.gradle.internal.dispatch.ProxyDispatchAdapter$DispatchingInvocationHandler.invoke(ProxyDispatchAdapter.java:88)
  at jdk.proxy1/jdk.proxy1.$Proxy4.processTestDefinition(Unknown Source)
  at org.gradle.api.internal.tasks.testing.worker.TestWorker$2.run(TestWorker.java:178)
  at org.gradle.api.internal.tasks.testing.worker.TestWorker.executeAndMaintainThreadName(TestWorker.java:126)
  at org.gradle.api.internal.tasks.testing.worker.TestWorker.execute(TestWorker.java:103)
  at org.gradle.api.internal.tasks.testing.worker.TestWorker.execute(TestWorker.java:63)
  at org.gradle.process.internal.worker.child.ActionExecutionWorker.execute(ActionExecutionWorker.java:56)
  at org.gradle.process.internal.worker.child.SystemApplicationClassLoaderWorker.call(SystemApplicationClassLoaderWorker.java:122)
  at org.gradle.process.internal.worker.child.SystemApplicationClassLoaderWorker.call(SystemApplicationClassLoaderWorker.java:72)
  at worker.org.gradle.process.internal.worker.GradleWorkerMain.run(GradleWorkerMain.java:69)
  at worker.org.gradle.process.internal.worker.GradleWorkerMain.main(GradleWorkerMain.java:74)
</stacktrace>
</test-failure>


TypeScriptCompilerTests_T[jvm] > typeParametersShouldNotBeEqual_ts has expected errors matching typeParametersShouldNotBeEqual_errors_txt[jvm] FAILED

<test-failure test="com.xemantic.typescript.compiler.TypeScriptCompilerTests_T.thisWhenTypeCheckFails_ts has expected errors matching thisWhenTypeCheckFails_errors_txt" platform="jvm">
<message>
Expected diagnostics from baseline typescript-repo/tests/baselines/reference/thisWhenTypeCheckFails.errors.txt but none produced
</message>
<stacktrace>
  at com.xemantic.typescript.compiler.TypeScriptTestSupportKt.errorsMatchBaseline(TypeScriptTestSupport.kt:125)
  at com.xemantic.typescript.compiler.TypeScriptCompilerTests_T.thisWhenTypeCheckFails_ts has expected errors matching thisWhenTypeCheckFails_errors_txt(TypeScriptCompilerTests_T.kt:924)
  at java.base/jdk.internal.reflect.DirectMethodHandleAccessor.invoke(DirectMethodHandleAccessor.java:104)
  at java.base/java.lang.reflect.Method.invoke(Method.java:565)
  at org.junit.runners.model.FrameworkMethod$1.runReflectiveCall(FrameworkMethod.java:59)
  at org.junit.internal.runners.model.ReflectiveCallable.run(ReflectiveCallable.java:12)
  at org.junit.runners.model.FrameworkMethod.invokeExplosively(FrameworkMethod.java:56)
  at org.junit.internal.runners.statements.InvokeMethod.evaluate(InvokeMethod.java:17)
  at org.junit.runners.ParentRunner$3.evaluate(ParentRunner.java:306)
  at org.junit.runners.BlockJUnit4ClassRunner$1.evaluate(BlockJUnit4ClassRunner.java:100)
  at org.junit.runners.ParentRunner.runLeaf(ParentRunner.java:366)
  at org.junit.runners.BlockJUnit4ClassRunner.runChild(BlockJUnit4ClassRunner.java:103)
  at org.junit.runners.BlockJUnit4ClassRunner.runChild(BlockJUnit4ClassRunner.java:63)
  at org.junit.runners.ParentRunner$4.run(ParentRunner.java:331)
  at org.junit.runners.ParentRunner$1.schedule(ParentRunner.java:79)
  at org.junit.runners.ParentRunner.runChildren(ParentRunner.java:329)
  at org.junit.runners.ParentRunner.access$100(ParentRunner.java:66)
  at org.junit.runners.ParentRunner$2.evaluate(ParentRunner.java:293)
  at org.junit.runners.ParentRunner$3.evaluate(ParentRunner.java:306)
  at org.junit.runners.ParentRunner.run(ParentRunner.java:413)
  at org.junit.runner.JUnitCore.run(JUnitCore.java:137)
  at org.junit.runner.JUnitCore.run(JUnitCore.java:115)
  at org.gradle.api.internal.tasks.testing.junit.JUnitTestExecutor.runRequest(JUnitTestExecutor.java:175)
  at org.gradle.api.internal.tasks.testing.junit.JUnitTestExecutor.accept(JUnitTestExecutor.java:84)
  at org.gradle.api.internal.tasks.testing.junit.JUnitTestExecutor.accept(JUnitTestExecutor.java:47)
  at org.gradle.api.internal.tasks.testing.junit.AbstractJUnitTestDefinitionProcessor.processTestDefinition(AbstractJUnitTestDefinitionProcessor.java:65)
  at org.gradle.api.internal.tasks.testing.SuiteTestDefinitionProcessor.processTestDefinition(SuiteTestDefinitionProcessor.java:54)
  at java.base/jdk.internal.reflect.DirectMethodHandleAccessor.invoke(DirectMethodHandleAccessor.java:104)
  at java.base/java.lang.reflect.Method.invoke(Method.java:565)
  at org.gradle.internal.dispatch.MethodInvocation.invokeOn(MethodInvocation.java:77)
  at org.gradle.internal.dispatch.ReflectionDispatch.dispatch(ReflectionDispatch.java:28)
  at org.gradle.internal.dispatch.ReflectionDispatch.dispatch(ReflectionDispatch.java:19)
  at org.gradle.internal.dispatch.ContextClassLoaderDispatch.dispatch(ContextClassLoaderDispatch.java:33)
  at org.gradle.internal.dispatch.ProxyDispatchAdapter$DispatchingInvocationHandler.invoke(ProxyDispatchAdapter.java:88)
  at jdk.proxy1/jdk.proxy1.$Proxy4.processTestDefinition(Unknown Source)
  at org.gradle.api.internal.tasks.testing.worker.TestWorker$2.run(TestWorker.java:178)
  at org.gradle.api.internal.tasks.testing.worker.TestWorker.executeAndMaintainThreadName(TestWorker.java:126)
  at org.gradle.api.internal.tasks.testing.worker.TestWorker.execute(TestWorker.java:103)
  at org.gradle.api.internal.tasks.testing.worker.TestWorker.execute(TestWorker.java:63)
  at org.gradle.process.internal.worker.child.ActionExecutionWorker.execute(ActionExecutionWorker.java:56)
  at org.gradle.process.internal.worker.child.SystemApplicationClassLoaderWorker.call(SystemApplicationClassLoaderWorker.java:122)
  at org.gradle.process.internal.worker.child.SystemApplicationClassLoaderWorker.call(SystemApplicationClassLoaderWorker.java:72)
  at worker.org.gradle.process.internal.worker.GradleWorkerMain.run(GradleWorkerMain.java:69)
  at worker.org.gradle.process.internal.worker.GradleWorkerMain.main(GradleWorkerMain.java:74)
</stacktrace>
</test-failure>


TypeScriptCompilerTests_T[jvm] > thisWhenTypeCheckFails_ts has expected errors matching thisWhenTypeCheckFails_errors_txt[jvm] FAILED

<test-failure test="com.xemantic.typescript.compiler.TypeScriptCompilerTests_T.thislessFunctionsNotContextSensitive2_ts has expected errors matching thislessFunctionsNotContextSensitive2_errors_txt" platform="jvm">
<message>
--- expected
+++ actual
@@ -1,8 +1,18 @@
+thislessFunctionsNotContextSensitive2.ts(13,11): error TS7006: Parameter '_data' implicitly has an 'any' type.
+thislessFunctionsNotContextSensitive2.ts(21,11): error TS7006: Parameter '_data' implicitly has an 'any' type.
+thislessFunctionsNotContextSensitive2.ts(29,11): error TS7006: Parameter '_data' implicitly has an 'any' type.
+thislessFunctionsNotContextSensitive2.ts(35,11): error TS7006: Parameter '_data' implicitly has an 'any' type.
+thislessFunctionsNotContextSensitive2.ts(49,11): error TS7006: Parameter '_data' implicitly has an 'any' type.
 thislessFunctionsNotContextSensitive2.ts(52,14): error TS2683: 'this' implicitly has type 'any' because it does not have a type annotation.
-thislessFunctionsNotContextSensitive2.ts(83,12): error TS7041: The containing arrow function captures the global value of 'this'.
+thislessFunctionsNotContextSensitive2.ts(60,11): error TS7006: Parameter '_data' implicitly has an 'any' type.
+thislessFunctionsNotContextSensitive2.ts(69,11): error TS7006: Parameter '_data' implicitly has an 'any' type.
+thislessFunctionsNotContextSensitive2.ts(81,11): error TS7006: Parameter '_data' implicitly has an 'any' type.
+thislessFunctionsNotContextSensitive2.ts(89,11): error TS7006: Parameter '_data' implicitly has an 'any' type.
+thislessFunctionsNotContextSensitive2.ts(103,11): error TS7006: Parameter '_data' implicitly has an 'any' type.
+thislessFunctionsNotContextSensitive2.ts(114,11): error TS7006: Parameter '_data' implicitly has an 'any' type.
 
 
-==== thislessFunctionsNotContextSensitive2.ts (2 errors) ====
+==== thislessFunctionsNotContextSensitive2.ts (12 errors) ====
     interface Options<Context, Data> {
       context: Context;
       produce(this: Context): Data;
@@ -16,6 +26,8 @@
     const result1 = defineOptions({
       context: { tag: "A", value: 1 },
       consume(_data) {},
+              ~~~~~
+!!! error TS7006: Parameter '_data' implicitly has an 'any' type.
       produce() {
         return 42;
       },
@@ -24,6 +36,8 @@
     const result2 = defineOptions({
       context: { tag: "B", value: 2 },
       consume(_data) {},
+              ~~~~~
+!!! error TS7006: Parameter '_data' implicitly has an 'any' type.
       produce() {
         return this.value;
       },
@@ -32,12 +46,16 @@
     const result3 = defineOptions({
       context: { tag: "C", value: 3 },
       consume(_data) {},
+              ~~~~~
+!!! error TS7006: Parameter '_data' implicitly has an 'any' type.
       produce: () => 123,
     });
     
     const result4 = defineOptions({
       context: { tag: "D", value: 4 },
       consume(_data) {},
+              ~~~~~
+!!! error TS7006: Parameter '_data' implicitly has an 'any' type.
       produce() {
         class Local {
           value = 'foo';
@@ -52,6 +70,8 @@
     const result5 = defineOptions({
       context: { tag: "E", value: 5 },
       consume(_data) {},
+              ~~~~~
+!!! error TS7006: Parameter '_data' implicitly has an 'any' type.
       produce() {
         function inner() {
           return this;
@@ -66,6 +86,8 @@
     const result6 = defineOptions({
       context: { tag: "F", value: 6 },
       consume(_data) {},
+              ~~~~~
+!!! error TS7006: Parameter '_data' implicitly has an 'any' type.
       produce() {
         const arrow = () => this.value;
         return arrow();
@@ -75,6 +97,8 @@
     const result7 = defineOptions({
       context: { tag: "G", value: 7 },
       consume(_data) {},
+              ~~~~~
+!!! error TS7006: Parameter '_data' implicitly has an 'any' type.
       produce() {
         const self = this;
         function inner() {
@@ -87,16 +111,18 @@
     const result8 = defineOptions({
       context: { tag: "H", value: 8 },
       consume(_data) {},
+              ~~~~~
+!!! error TS7006: Parameter '_data' implicitly has an 'any' type.
       produce: () => {
         return this;
-               ~~~~
-!!! error TS7041: The containing arrow function captures the global value of 'this'.
       },
     });
     
     const result9 = defineOptions({
       context: { tag: "I", value: 9 },
       consume(_data) {},
+              ~~~~~
+!!! error TS7006: Parameter '_data' implicitly has an 'any' type.
       produce() {
         const obj = {
           value: 'foo',
@@ -111,6 +137,8 @@
     const result10 = defineOptions({
       context: { tag: "I", value: 9 },
       consume(_data) {},
+              ~~~~~
+!!! error TS7006: Parameter '_data' implicitly has an 'any' type.
       produce() {
         interface Foo {
             prop: this;
@@ -122,6 +150,8 @@
     const result11 = defineOptions({
       context: { tag: "I", value: 9 },
       consume(_data) {},
+              ~~~~~
+!!! error TS7006: Parameter '_data' implicitly has an 'any' type.
       produce() {
         function fn(this: { prop: string }) {
           return this.prop;

</message>
<stacktrace>
  at org.junit.Assert.fail(Assert.java:89)
  at kotlin.test.junit.JUnitAsserter.fail(JUnitSupport.kt:56)
  at kotlin.test.AssertionsKt__AssertionsKt.fail(Assertions.kt:563)
  at kotlin.test.AssertionsKt.fail(Unknown Source)
  at com.xemantic.kotlin.test.SameAsKt.sameAs(SameAs.kt:52)
  at com.xemantic.typescript.compiler.TypeScriptTestSupportKt.errorsMatchBaseline(TypeScriptTestSupport.kt:135)
  at com.xemantic.typescript.compiler.TypeScriptCompilerTests_T.thislessFunctionsNotContextSensitive2_ts has expected errors matching thislessFunctionsNotContextSensitive2_errors_txt(TypeScriptCompilerTests_T.kt:959)
  at java.base/jdk.internal.reflect.DirectMethodHandleAccessor.invoke(DirectMethodHandleAccessor.java:104)
  at java.base/java.lang.reflect.Method.invoke(Method.java:565)
  at org.junit.runners.model.FrameworkMethod$1.runReflectiveCall(FrameworkMethod.java:59)
  at org.junit.internal.runners.model.ReflectiveCallable.run(ReflectiveCallable.java:12)
  at org.junit.runners.model.FrameworkMethod.invokeExplosively(FrameworkMethod.java:56)
  at org.junit.internal.runners.statements.InvokeMethod.evaluate(InvokeMethod.java:17)
  at org.junit.runners.ParentRunner$3.evaluate(ParentRunner.java:306)
  at org.junit.runners.BlockJUnit4ClassRunner$1.evaluate(BlockJUnit4ClassRunner.java:100)
  at org.junit.runners.ParentRunner.runLeaf(ParentRunner.java:366)
  at org.junit.runners.BlockJUnit4ClassRunner.runChild(BlockJUnit4ClassRunner.java:103)
  at org.junit.runners.BlockJUnit4ClassRunner.runChild(BlockJUnit4ClassRunner.java:63)
  at org.junit.runners.ParentRunner$4.run(ParentRunner.java:331)
  at org.junit.runners.ParentRunner$1.schedule(ParentRunner.java:79)
  at org.junit.runners.ParentRunner.runChildren(ParentRunner.java:329)
  at org.junit.runners.ParentRunner.access$100(ParentRunner.java:66)
  at org.junit.runners.ParentRunner$2.evaluate(ParentRunner.java:293)
  at org.junit.runners.ParentRunner$3.evaluate(ParentRunner.java:306)
  at org.junit.runners.ParentRunner.run(ParentRunner.java:413)
  at org.junit.runner.JUnitCore.run(JUnitCore.java:137)
  at org.junit.runner.JUnitCore.run(JUnitCore.java:115)
  at org.gradle.api.internal.tasks.testing.junit.JUnitTestExecutor.runRequest(JUnitTestExecutor.java:175)
  at org.gradle.api.internal.tasks.testing.junit.JUnitTestExecutor.accept(JUnitTestExecutor.java:84)
  at org.gradle.api.internal.tasks.testing.junit.JUnitTestExecutor.accept(JUnitTestExecutor.java:47)
  at org.gradle.api.internal.tasks.testing.junit.AbstractJUnitTestDefinitionProcessor.processTestDefinition(AbstractJUnitTestDefinitionProcessor.java:65)
  at org.gradle.api.internal.tasks.testing.SuiteTestDefinitionProcessor.processTestDefinition(SuiteTestDefinitionProcessor.java:54)
  at java.base/jdk.internal.reflect.DirectMethodHandleAccessor.invoke(DirectMethodHandleAccessor.java:104)
  at java.base/java.lang.reflect.Method.invoke(Method.java:565)
  at org.gradle.internal.dispatch.MethodInvocation.invokeOn(MethodInvocation.java:77)
  at org.gradle.internal.dispatch.ReflectionDispatch.dispatch(ReflectionDispatch.java:28)
  at org.gradle.internal.dispatch.ReflectionDispatch.dispatch(ReflectionDispatch.java:19)
  at org.gradle.internal.dispatch.ContextClassLoaderDispatch.dispatch(ContextClassLoaderDispatch.java:33)
  at org.gradle.internal.dispatch.ProxyDispatchAdapter$DispatchingInvocationHandler.invoke(ProxyDispatchAdapter.java:88)
  at jdk.proxy1/jdk.proxy1.$Proxy4.processTestDefinition(Unknown Source)
  at org.gradle.api.internal.tasks.testing.worker.TestWorker$2.run(TestWorker.java:178)
  at org.gradle.api.internal.tasks.testing.worker.TestWorker.executeAndMaintainThreadName(TestWorker.java:126)
  at org.gradle.api.internal.tasks.testing.worker.TestWorker.execute(TestWorker.java:103)
  at org.gradle.api.internal.tasks.testing.worker.TestWorker.execute(TestWorker.java:63)
  at org.gradle.process.internal.worker.child.ActionExecutionWorker.execute(ActionExecutionWorker.java:56)
  at org.gradle.process.internal.worker.child.SystemApplicationClassLoaderWorker.call(SystemApplicationClassLoaderWorker.java:122)
  at org.gradle.process.internal.worker.child.SystemApplicationClassLoaderWorker.call(SystemApplicationClassLoaderWorker.java:72)
  at worker.org.gradle.process.internal.worker.GradleWorkerMain.run(GradleWorkerMain.java:69)
  at worker.org.gradle.process.internal.worker.GradleWorkerMain.main(GradleWorkerMain.java:74)
</stacktrace>
</test-failure>


TypeScriptCompilerTests_T[jvm] > thislessFunctionsNotContextSensitive2_ts has expected errors matching thislessFunctionsNotContextSensitive2_errors_txt[jvm] FAILED

<test-failure test="com.xemantic.typescript.compiler.TypeScriptCompilerTests_T.typeInferenceTypePredicate_ts has expected errors matching typeInferenceTypePredicate_errors_txt" platform="jvm">
<message>
Expected diagnostics from baseline typescript-repo/tests/baselines/reference/typeInferenceTypePredicate.errors.txt but none produced
</message>
<stacktrace>
  at com.xemantic.typescript.compiler.TypeScriptTestSupportKt.errorsMatchBaseline(TypeScriptTestSupport.kt:125)
  at com.xemantic.typescript.compiler.TypeScriptCompilerTests_T.typeInferenceTypePredicate_ts has expected errors matching typeInferenceTypePredicate_errors_txt(TypeScriptCompilerTests_T.kt:2254)
  at java.base/jdk.internal.reflect.DirectMethodHandleAccessor.invoke(DirectMethodHandleAccessor.java:104)
  at java.base/java.lang.reflect.Method.invoke(Method.java:565)
  at org.junit.runners.model.FrameworkMethod$1.runReflectiveCall(FrameworkMethod.java:59)
  at org.junit.internal.runners.model.ReflectiveCallable.run(ReflectiveCallable.java:12)
  at org.junit.runners.model.FrameworkMethod.invokeExplosively(FrameworkMethod.java:56)
  at org.junit.internal.runners.statements.InvokeMethod.evaluate(InvokeMethod.java:17)
  at org.junit.runners.ParentRunner$3.evaluate(ParentRunner.java:306)
  at org.junit.runners.BlockJUnit4ClassRunner$1.evaluate(BlockJUnit4ClassRunner.java:100)
  at org.junit.runners.ParentRunner.runLeaf(ParentRunner.java:366)
  at org.junit.runners.BlockJUnit4ClassRunner.runChild(BlockJUnit4ClassRunner.java:103)
  at org.junit.runners.BlockJUnit4ClassRunner.runChild(BlockJUnit4ClassRunner.java:63)
  at org.junit.runners.ParentRunner$4.run(ParentRunner.java:331)
  at org.junit.runners.ParentRunner$1.schedule(ParentRunner.java:79)
  at org.junit.runners.ParentRunner.runChildren(ParentRunner.java:329)
  at org.junit.runners.ParentRunner.access$100(ParentRunner.java:66)
  at org.junit.runners.ParentRunner$2.evaluate(ParentRunner.java:293)
  at org.junit.runners.ParentRunner$3.evaluate(ParentRunner.java:306)
  at org.junit.runners.ParentRunner.run(ParentRunner.java:413)
  at org.junit.runner.JUnitCore.run(JUnitCore.java:137)
  at org.junit.runner.JUnitCore.run(JUnitCore.java:115)
  at org.gradle.api.internal.tasks.testing.junit.JUnitTestExecutor.runRequest(JUnitTestExecutor.java:175)
  at org.gradle.api.internal.tasks.testing.junit.JUnitTestExecutor.accept(JUnitTestExecutor.java:84)
  at org.gradle.api.internal.tasks.testing.junit.JUnitTestExecutor.accept(JUnitTestExecutor.java:47)
  at org.gradle.api.internal.tasks.testing.junit.AbstractJUnitTestDefinitionProcessor.processTestDefinition(AbstractJUnitTestDefinitionProcessor.java:65)
  at org.gradle.api.internal.tasks.testing.SuiteTestDefinitionProcessor.processTestDefinition(SuiteTestDefinitionProcessor.java:54)
  at java.base/jdk.internal.reflect.DirectMethodHandleAccessor.invoke(DirectMethodHandleAccessor.java:104)
  at java.base/java.lang.reflect.Method.invoke(Method.java:565)
  at org.gradle.internal.dispatch.MethodInvocation.invokeOn(MethodInvocation.java:77)
  at org.gradle.internal.dispatch.ReflectionDispatch.dispatch(ReflectionDispatch.java:28)
  at org.gradle.internal.dispatch.ReflectionDispatch.dispatch(ReflectionDispatch.java:19)
  at org.gradle.internal.dispatch.ContextClassLoaderDispatch.dispatch(ContextClassLoaderDispatch.java:33)
  at org.gradle.internal.dispatch.ProxyDispatchAdapter$DispatchingInvocationHandler.invoke(ProxyDispatchAdapter.java:88)
  at jdk.proxy1/jdk.proxy1.$Proxy4.processTestDefinition(Unknown Source)
  at org.gradle.api.internal.tasks.testing.worker.TestWorker$2.run(TestWorker.java:178)
  at org.gradle.api.internal.tasks.testing.worker.TestWorker.executeAndMaintainThreadName(TestWorker.java:126)
  at org.gradle.api.internal.tasks.testing.worker.TestWorker.execute(TestWorker.java:103)
  at org.gradle.api.internal.tasks.testing.worker.TestWorker.execute(TestWorker.java:63)
  at org.gradle.process.internal.worker.child.ActionExecutionWorker.execute(ActionExecutionWorker.java:56)
  at org.gradle.process.internal.worker.child.SystemApplicationClassLoaderWorker.call(SystemApplicationClassLoaderWorker.java:122)
  at org.gradle.process.internal.worker.child.SystemApplicationClassLoaderWorker.call(SystemApplicationClassLoaderWorker.java:72)
  at worker.org.gradle.process.internal.worker.GradleWorkerMain.run(GradleWorkerMain.java:69)
  at worker.org.gradle.process.internal.worker.GradleWorkerMain.main(GradleWorkerMain.java:74)
</stacktrace>
</test-failure>


TypeScriptCompilerTests_T[jvm] > typeInferenceTypePredicate_ts has expected errors matching typeInferenceTypePredicate_errors_txt[jvm] FAILED

<test-failure test="com.xemantic.typescript.compiler.TypeScriptCompilerTests_T.targetTypeTest1_ts has expected errors matching targetTypeTest1_errors_txt" platform="jvm">
<message>
Expected diagnostics from baseline typescript-repo/tests/baselines/reference/targetTypeTest1.errors.txt but none produced
</message>
<stacktrace>
  at com.xemantic.typescript.compiler.TypeScriptTestSupportKt.errorsMatchBaseline(TypeScriptTestSupport.kt:125)
  at com.xemantic.typescript.compiler.TypeScriptCompilerTests_T.targetTypeTest1_ts has expected errors matching targetTypeTest1_errors_txt(TypeScriptCompilerTests_T.kt:357)
  at java.base/jdk.internal.reflect.DirectMethodHandleAccessor.invoke(DirectMethodHandleAccessor.java:104)
  at java.base/java.lang.reflect.Method.invoke(Method.java:565)
  at org.junit.runners.model.FrameworkMethod$1.runReflectiveCall(FrameworkMethod.java:59)
  at org.junit.internal.runners.model.ReflectiveCallable.run(ReflectiveCallable.java:12)
  at org.junit.runners.model.FrameworkMethod.invokeExplosively(FrameworkMethod.java:56)
  at org.junit.internal.runners.statements.InvokeMethod.evaluate(InvokeMethod.java:17)
  at org.junit.runners.ParentRunner$3.evaluate(ParentRunner.java:306)
  at org.junit.runners.BlockJUnit4ClassRunner$1.evaluate(BlockJUnit4ClassRunner.java:100)
  at org.junit.runners.ParentRunner.runLeaf(ParentRunner.java:366)
  at org.junit.runners.BlockJUnit4ClassRunner.runChild(BlockJUnit4ClassRunner.java:103)
  at org.junit.runners.BlockJUnit4ClassRunner.runChild(BlockJUnit4ClassRunner.java:63)
  at org.junit.runners.ParentRunner$4.run(ParentRunner.java:331)
  at org.junit.runners.ParentRunner$1.schedule(ParentRunner.java:79)
  at org.junit.runners.ParentRunner.runChildren(ParentRunner.java:329)
  at org.junit.runners.ParentRunner.access$100(ParentRunner.java:66)
  at org.junit.runners.ParentRunner$2.evaluate(ParentRunner.java:293)
  at org.junit.runners.ParentRunner$3.evaluate(ParentRunner.java:306)
  at org.junit.runners.ParentRunner.run(ParentRunner.java:413)
  at org.junit.runner.JUnitCore.run(JUnitCore.java:137)
  at org.junit.runner.JUnitCore.run(JUnitCore.java:115)
  at org.gradle.api.internal.tasks.testing.junit.JUnitTestExecutor.runRequest(JUnitTestExecutor.java:175)
  at org.gradle.api.internal.tasks.testing.junit.JUnitTestExecutor.accept(JUnitTestExecutor.java:84)
  at org.gradle.api.internal.tasks.testing.junit.JUnitTestExecutor.accept(JUnitTestExecutor.java:47)
  at org.gradle.api.internal.tasks.testing.junit.AbstractJUnitTestDefinitionProcessor.processTestDefinition(AbstractJUnitTestDefinitionProcessor.java:65)
  at org.gradle.api.internal.tasks.testing.SuiteTestDefinitionProcessor.processTestDefinition(SuiteTestDefinitionProcessor.java:54)
  at java.base/jdk.internal.reflect.DirectMethodHandleAccessor.invoke(DirectMethodHandleAccessor.java:104)
  at java.base/java.lang.reflect.Method.invoke(Method.java:565)
  at org.gradle.internal.dispatch.MethodInvocation.invokeOn(MethodInvocation.java:77)
  at org.gradle.internal.dispatch.ReflectionDispatch.dispatch(ReflectionDispatch.java:28)
  at org.gradle.internal.dispatch.ReflectionDispatch.dispatch(ReflectionDispatch.java:19)
  at org.gradle.internal.dispatch.ContextClassLoaderDispatch.dispatch(ContextClassLoaderDispatch.java:33)
  at org.gradle.internal.dispatch.ProxyDispatchAdapter$DispatchingInvocationHandler.invoke(ProxyDispatchAdapter.java:88)
  at jdk.proxy1/jdk.proxy1.$Proxy4.processTestDefinition(Unknown Source)
  at org.gradle.api.internal.tasks.testing.worker.TestWorker$2.run(TestWorker.java:178)
  at org.gradle.api.internal.tasks.testing.worker.TestWorker.executeAndMaintainThreadName(TestWorker.java:126)
  at org.gradle.api.internal.tasks.testing.worker.TestWorker.execute(TestWorker.java:103)
  at org.gradle.api.internal.tasks.testing.worker.TestWorker.execute(TestWorker.java:63)
  at org.gradle.process.internal.worker.child.ActionExecutionWorker.execute(ActionExecutionWorker.java:56)
  at org.gradle.process.internal.worker.child.SystemApplicationClassLoaderWorker.call(SystemApplicationClassLoaderWorker.java:122)
  at org.gradle.process.internal.worker.child.SystemApplicationClassLoaderWorker.call(SystemApplicationClassLoaderWorker.java:72)
  at worker.org.gradle.process.internal.worker.GradleWorkerMain.run(GradleWorkerMain.java:69)
  at worker.org.gradle.process.internal.worker.GradleWorkerMain.main(GradleWorkerMain.java:74)
</stacktrace>
</test-failure>


TypeScriptCompilerTests_T[jvm] > targetTypeTest1_ts has expected errors matching targetTypeTest1_errors_txt[jvm] FAILED

<test-failure test="com.xemantic.typescript.compiler.TypeScriptCompilerTests_T.typeArgumentDefaultUsesConstraintOnCircularDefault_ts has expected errors matching typeArgumentDefaultUsesConstraintOnCircularDefault_errors_txt" platform="jvm">
<message>
Expected diagnostics from baseline typescript-repo/tests/baselines/reference/typeArgumentDefaultUsesConstraintOnCircularDefault.errors.txt but none produced
</message>
<stacktrace>
  at com.xemantic.typescript.compiler.TypeScriptTestSupportKt.errorsMatchBaseline(TypeScriptTestSupport.kt:125)
  at com.xemantic.typescript.compiler.TypeScriptCompilerTests_T.typeArgumentDefaultUsesConstraintOnCircularDefault_ts has expected errors matching typeArgumentDefaultUsesConstraintOnCircularDefault_errors_txt(TypeScriptCompilerTests_T.kt:1750)
  at java.base/jdk.internal.reflect.DirectMethodHandleAccessor.invoke(DirectMethodHandleAccessor.java:104)
  at java.base/java.lang.reflect.Method.invoke(Method.java:565)
  at org.junit.runners.model.FrameworkMethod$1.runReflectiveCall(FrameworkMethod.java:59)
  at org.junit.internal.runners.model.ReflectiveCallable.run(ReflectiveCallable.java:12)
  at org.junit.runners.model.FrameworkMethod.invokeExplosively(FrameworkMethod.java:56)
  at org.junit.internal.runners.statements.InvokeMethod.evaluate(InvokeMethod.java:17)
  at org.junit.runners.ParentRunner$3.evaluate(ParentRunner.java:306)
  at org.junit.runners.BlockJUnit4ClassRunner$1.evaluate(BlockJUnit4ClassRunner.java:100)
  at org.junit.runners.ParentRunner.runLeaf(ParentRunner.java:366)
  at org.junit.runners.BlockJUnit4ClassRunner.runChild(BlockJUnit4ClassRunner.java:103)
  at org.junit.runners.BlockJUnit4ClassRunner.runChild(BlockJUnit4ClassRunner.java:63)
  at org.junit.runners.ParentRunner$4.run(ParentRunner.java:331)
  at org.junit.runners.ParentRunner$1.schedule(ParentRunner.java:79)
  at org.junit.runners.ParentRunner.runChildren(ParentRunner.java:329)
  at org.junit.runners.ParentRunner.access$100(ParentRunner.java:66)
  at org.junit.runners.ParentRunner$2.evaluate(ParentRunner.java:293)
  at org.junit.runners.ParentRunner$3.evaluate(ParentRunner.java:306)
  at org.junit.runners.ParentRunner.run(ParentRunner.java:413)
  at org.junit.runner.JUnitCore.run(JUnitCore.java:137)
  at org.junit.runner.JUnitCore.run(JUnitCore.java:115)
  at org.gradle.api.internal.tasks.testing.junit.JUnitTestExecutor.runRequest(JUnitTestExecutor.java:175)
  at org.gradle.api.internal.tasks.testing.junit.JUnitTestExecutor.accept(JUnitTestExecutor.java:84)
  at org.gradle.api.internal.tasks.testing.junit.JUnitTestExecutor.accept(JUnitTestExecutor.java:47)
  at org.gradle.api.internal.tasks.testing.junit.AbstractJUnitTestDefinitionProcessor.processTestDefinition(AbstractJUnitTestDefinitionProcessor.java:65)
  at org.gradle.api.internal.tasks.testing.SuiteTestDefinitionProcessor.processTestDefinition(SuiteTestDefinitionProcessor.java:54)
  at java.base/jdk.internal.reflect.DirectMethodHandleAccessor.invoke(DirectMethodHandleAccessor.java:104)
  at java.base/java.lang.reflect.Method.invoke(Method.java:565)
  at org.gradle.internal.dispatch.MethodInvocation.invokeOn(MethodInvocation.java:77)
  at org.gradle.internal.dispatch.ReflectionDispatch.dispatch(ReflectionDispatch.java:28)
  at org.gradle.internal.dispatch.ReflectionDispatch.dispatch(ReflectionDispatch.java:19)
  at org.gradle.internal.dispatch.ContextClassLoaderDispatch.dispatch(ContextClassLoaderDispatch.java:33)
  at org.gradle.internal.dispatch.ProxyDispatchAdapter$DispatchingInvocationHandler.invoke(ProxyDispatchAdapter.java:88)
  at jdk.proxy1/jdk.proxy1.$Proxy4.processTestDefinition(Unknown Source)
  at org.gradle.api.internal.tasks.testing.worker.TestWorker$2.run(TestWorker.java:178)
  at org.gradle.api.internal.tasks.testing.worker.TestWorker.executeAndMaintainThreadName(TestWorker.java:126)
  at org.gradle.api.internal.tasks.testing.worker.TestWorker.execute(TestWorker.java:103)
  at org.gradle.api.internal.tasks.testing.worker.TestWorker.execute(TestWorker.java:63)
  at org.gradle.process.internal.worker.child.ActionExecutionWorker.execute(ActionExecutionWorker.java:56)
  at org.gradle.process.internal.worker.child.SystemApplicationClassLoaderWorker.call(SystemApplicationClassLoaderWorker.java:122)
  at org.gradle.process.internal.worker.child.SystemApplicationClassLoaderWorker.call(SystemApplicationClassLoaderWorker.java:72)
  at worker.org.gradle.process.internal.worker.GradleWorkerMain.run(GradleWorkerMain.java:69)
  at worker.org.gradle.process.internal.worker.GradleWorkerMain.main(GradleWorkerMain.java:74)
</stacktrace>
</test-failure>


TypeScriptCompilerTests_T[jvm] > typeArgumentDefaultUsesConstraintOnCircularDefault_ts has expected errors matching typeArgumentDefaultUsesConstraintOnCircularDefault_errors_txt[jvm] FAILED

<test-failure test="com.xemantic.typescript.compiler.TypeScriptCompilerTests_T.typedArrays-es5_ts__target_es5__has expected errors matching baseline" platform="jvm">
<message>
--- expected
+++ actual
@@ -1,64 +1,34 @@
 error TS5107: Option 'target=ES5' is deprecated and will stop functioning in TypeScript 7.0. Specify compilerOption '"ignoreDeprecations": "6.0"' to silence this error.
-typedArrays-es5.ts(2,5): error TS2802: Type 'Float32Array<ArrayBuffer>' can only be iterated through when using the '--downlevelIteration' flag or with a '--target' of 'es2015' or higher.
-typedArrays-es5.ts(5,5): error TS2802: Type 'Float64Array<ArrayBuffer>' can only be iterated through when using the '--downlevelIteration' flag or with a '--target' of 'es2015' or higher.
-typedArrays-es5.ts(8,5): error TS2802: Type 'Int16Array<ArrayBuffer>' can only be iterated through when using the '--downlevelIteration' flag or with a '--target' of 'es2015' or higher.
-typedArrays-es5.ts(11,5): error TS2802: Type 'Int32Array<ArrayBuffer>' can only be iterated through when using the '--downlevelIteration' flag or with a '--target' of 'es2015' or higher.
-typedArrays-es5.ts(14,5): error TS2802: Type 'Int8Array<ArrayBuffer>' can only be iterated through when using the '--downlevelIteration' flag or with a '--target' of 'es2015' or higher.
-typedArrays-es5.ts(17,5): error TS2802: Type 'NodeList' can only be iterated through when using the '--downlevelIteration' flag or with a '--target' of 'es2015' or higher.
-typedArrays-es5.ts(20,5): error TS2802: Type 'Uint16Array<ArrayBuffer>' can only be iterated through when using the '--downlevelIteration' flag or with a '--target' of 'es2015' or higher.
-typedArrays-es5.ts(23,5): error TS2802: Type 'Uint32Array<ArrayBuffer>' can only be iterated through when using the '--downlevelIteration' flag or with a '--target' of 'es2015' or higher.
-typedArrays-es5.ts(26,5): error TS2802: Type 'Uint8Array<ArrayBuffer>' can only be iterated through when using the '--downlevelIteration' flag or with a '--target' of 'es2015' or higher.
-typedArrays-es5.ts(29,5): error TS2802: Type 'Uint8ClampedArray<ArrayBuffer>' can only be iterated through when using the '--downlevelIteration' flag or with a '--target' of 'es2015' or higher.
 
 
 !!! error TS5107: Option 'target=ES5' is deprecated and will stop functioning in TypeScript 7.0. Specify compilerOption '"ignoreDeprecations": "6.0"' to silence this error.
-==== typedArrays-es5.ts (10 errors) ====
+==== typedArrays-es5.ts (0 errors) ====
     const float32Array = new Float32Array(1);
     [...float32Array];
-        ~~~~~~~~~~~~
-!!! error TS2802: Type 'Float32Array<ArrayBuffer>' can only be iterated through when using the '--downlevelIteration' flag or with a '--target' of 'es2015' or higher.
     
     const float64Array = new Float64Array(1);
     [...float64Array];
-        ~~~~~~~~~~~~
-!!! error TS2802: Type 'Float64Array<ArrayBuffer>' can only be iterated through when using the '--downlevelIteration' flag or with a '--target' of 'es2015' or higher.
     
     const int16Array = new Int16Array(1);
     [...int16Array];
-        ~~~~~~~~~~
-!!! error TS2802: Type 'Int16Array<ArrayBuffer>' can only be iterated through when using the '--downlevelIteration' flag or with a '--target' of 'es2015' or higher.
     
     const int32Array = new Int32Array(1);
     [...int32Array];
-        ~~~~~~~~~~
-!!! error TS2802: Type 'Int32Array<ArrayBuffer>' can only be iterated through when using the '--downlevelIteration' flag or with a '--target' of 'es2015' or higher.
     
     const int8Array = new Int8Array(1);
     [...int8Array];
-        ~~~~~~~~~
-!!! error TS2802: Type 'Int8Array<ArrayBuffer>' can only be iterated through when using the '--downlevelIteration' flag or with a '--target' of 'es2015' or higher.
     
     const nodeList = new NodeList();
     [...nodeList];
-        ~~~~~~~~
-!!! error TS2802: Type 'NodeList' can only be iterated through when using the '--downlevelIteration' flag or with a '--target' of 'es2015' or higher.
     
     const uint16Array = new Uint16Array(1);
     [...uint16Array];
-        ~~~~~~~~~~~
-!!! error TS2802: Type 'Uint16Array<ArrayBuffer>' can only be iterated through when using the '--downlevelIteration' flag or with a '--target' of 'es2015' or higher.
     
     const uint32Array = new Uint32Array(1);
     [...uint32Array];
-        ~~~~~~~~~~~
-!!! error TS2802: Type 'Uint32Array<ArrayBuffer>' can only be iterated through when using the '--downlevelIteration' flag or with a '--target' of 'es2015' or higher.
     
     const uint8Array = new Uint8Array(1);
     [...uint8Array];
-        ~~~~~~~~~~
-!!! error TS2802: Type 'Uint8Array<ArrayBuffer>' can only be iterated through when using the '--downlevelIteration' flag or with a '--target' of 'es2015' or higher.
     
     const uint8ClampedArray = new Uint8ClampedArray(1);
     [...uint8ClampedArray];
-        ~~~~~~~~~~~~~~~~~
-!!! error TS2802: Type 'Uint8ClampedArray<ArrayBuffer>' can only be iterated through when using the '--downlevelIteration' flag or with a '--target' of 'es2015' or higher.

</message>
<stacktrace>
  at org.junit.Assert.fail(Assert.java:89)
  at kotlin.test.junit.JUnitAsserter.fail(JUnitSupport.kt:56)
  at kotlin.test.AssertionsKt__AssertionsKt.fail(Assertions.kt:563)
  at kotlin.test.AssertionsKt.fail(Unknown Source)
  at com.xemantic.kotlin.test.SameAsKt.sameAs(SameAs.kt:52)
  at com.xemantic.typescript.compiler.TypeScriptTestSupportKt.errorsMatchBaseline(TypeScriptTestSupport.kt:135)
  at com.xemantic.typescript.compiler.TypeScriptCompilerTests_T.typedArrays-es5_ts__target_es5__has expected errors matching baseline(TypeScriptCompilerTests_T.kt:3423)
  at java.base/jdk.internal.reflect.DirectMethodHandleAccessor.invoke(DirectMethodHandleAccessor.java:104)
  at java.base/java.lang.reflect.Method.invoke(Method.java:565)
  at org.junit.runners.model.FrameworkMethod$1.runReflectiveCall(FrameworkMethod.java:59)
  at org.junit.internal.runners.model.ReflectiveCallable.run(ReflectiveCallable.java:12)
  at org.junit.runners.model.FrameworkMethod.invokeExplosively(FrameworkMethod.java:56)
  at org.junit.internal.runners.statements.InvokeMethod.evaluate(InvokeMethod.java:17)
  at org.junit.runners.ParentRunner$3.evaluate(ParentRunner.java:306)
  at org.junit.runners.BlockJUnit4ClassRunner$1.evaluate(BlockJUnit4ClassRunner.java:100)
  at org.junit.runners.ParentRunner.runLeaf(ParentRunner.java:366)
  at org.junit.runners.BlockJUnit4ClassRunner.runChild(BlockJUnit4ClassRunner.java:103)
  at org.junit.runners.BlockJUnit4ClassRunner.runChild(BlockJUnit4ClassRunner.java:63)
  at org.junit.runners.ParentRunner$4.run(ParentRunner.java:331)
  at org.junit.runners.ParentRunner$1.schedule(ParentRunner.java:79)
  at org.junit.runners.ParentRunner.runChildren(ParentRunner.java:329)
  at org.junit.runners.ParentRunner.access$100(ParentRunner.java:66)
  at org.junit.runners.ParentRunner$2.evaluate(ParentRunner.java:293)
  at org.junit.runners.ParentRunner$3.evaluate(ParentRunner.java:306)
  at org.junit.runners.ParentRunner.run(ParentRunner.java:413)
  at org.junit.runner.JUnitCore.run(JUnitCore.java:137)
  at org.junit.runner.JUnitCore.run(JUnitCore.java:115)
  at org.gradle.api.internal.tasks.testing.junit.JUnitTestExecutor.runRequest(JUnitTestExecutor.java:175)
  at org.gradle.api.internal.tasks.testing.junit.JUnitTestExecutor.accept(JUnitTestExecutor.java:84)
  at org.gradle.api.internal.tasks.testing.junit.JUnitTestExecutor.accept(JUnitTestExecutor.java:47)
  at org.gradle.api.internal.tasks.testing.junit.AbstractJUnitTestDefinitionProcessor.processTestDefinition(AbstractJUnitTestDefinitionProcessor.java:65)
  at org.gradle.api.internal.tasks.testing.SuiteTestDefinitionProcessor.processTestDefinition(SuiteTestDefinitionProcessor.java:54)
  at java.base/jdk.internal.reflect.DirectMethodHandleAccessor.invoke(DirectMethodHandleAccessor.java:104)
  at java.base/java.lang.reflect.Method.invoke(Method.java:565)
  at org.gradle.internal.dispatch.MethodInvocation.invokeOn(MethodInvocation.java:77)
  at org.gradle.internal.dispatch.ReflectionDispatch.dispatch(ReflectionDispatch.java:28)
  at org.gradle.internal.dispatch.ReflectionDispatch.dispatch(ReflectionDispatch.java:19)
  at org.gradle.internal.dispatch.ContextClassLoaderDispatch.dispatch(ContextClassLoaderDispatch.java:33)
  at org.gradle.internal.dispatch.ProxyDispatchAdapter$DispatchingInvocationHandler.invoke(ProxyDispatchAdapter.java:88)
  at jdk.proxy1/jdk.proxy1.$Proxy4.processTestDefinition(Unknown Source)
  at org.gradle.api.internal.tasks.testing.worker.TestWorker$2.run(TestWorker.java:178)
  at org.gradle.api.internal.tasks.testing.worker.TestWorker.executeAndMaintainThreadName(TestWorker.java:126)
  at org.gradle.api.internal.tasks.testing.worker.TestWorker.execute(TestWorker.java:103)
  at org.gradle.api.internal.tasks.testing.worker.TestWorker.execute(TestWorker.java:63)
  at org.gradle.process.internal.worker.child.ActionExecutionWorker.execute(ActionExecutionWorker.java:56)
  at org.gradle.process.internal.worker.child.SystemApplicationClassLoaderWorker.call(SystemApplicationClassLoaderWorker.java:122)
  at org.gradle.process.internal.worker.child.SystemApplicationClassLoaderWorker.call(SystemApplicationClassLoaderWorker.java:72)
  at worker.org.gradle.process.internal.worker.GradleWorkerMain.run(GradleWorkerMain.java:69)
  at worker.org.gradle.process.internal.worker.GradleWorkerMain.main(GradleWorkerMain.java:74)
</stacktrace>
</test-failure>


TypeScriptCompilerTests_T[jvm] > typedArrays-es5_ts__target_es5__has expected errors matching baseline[jvm] FAILED

<test-failure test="com.xemantic.typescript.compiler.TypeScriptCompilerTests_T.targetTypeVoidFunc_ts has expected errors matching targetTypeVoidFunc_errors_txt" platform="jvm">
<message>
Expected diagnostics from baseline typescript-repo/tests/baselines/reference/targetTypeVoidFunc.errors.txt but none produced
</message>
<stacktrace>
  at com.xemantic.typescript.compiler.TypeScriptTestSupportKt.errorsMatchBaseline(TypeScriptTestSupport.kt:125)
  at com.xemantic.typescript.compiler.TypeScriptCompilerTests_T.targetTypeVoidFunc_ts has expected errors matching targetTypeVoidFunc_errors_txt(TypeScriptCompilerTests_T.kt:392)
  at java.base/jdk.internal.reflect.DirectMethodHandleAccessor.invoke(DirectMethodHandleAccessor.java:104)
  at java.base/java.lang.reflect.Method.invoke(Method.java:565)
  at org.junit.runners.model.FrameworkMethod$1.runReflectiveCall(FrameworkMethod.java:59)
  at org.junit.internal.runners.model.ReflectiveCallable.run(ReflectiveCallable.java:12)
  at org.junit.runners.model.FrameworkMethod.invokeExplosively(FrameworkMethod.java:56)
  at org.junit.internal.runners.statements.InvokeMethod.evaluate(InvokeMethod.java:17)
  at org.junit.runners.ParentRunner$3.evaluate(ParentRunner.java:306)
  at org.junit.runners.BlockJUnit4ClassRunner$1.evaluate(BlockJUnit4ClassRunner.java:100)
  at org.junit.runners.ParentRunner.runLeaf(ParentRunner.java:366)
  at org.junit.runners.BlockJUnit4ClassRunner.runChild(BlockJUnit4ClassRunner.java:103)
  at org.junit.runners.BlockJUnit4ClassRunner.runChild(BlockJUnit4ClassRunner.java:63)
  at org.junit.runners.ParentRunner$4.run(ParentRunner.java:331)
  at org.junit.runners.ParentRunner$1.schedule(ParentRunner.java:79)
  at org.junit.runners.ParentRunner.runChildren(ParentRunner.java:329)
  at org.junit.runners.ParentRunner.access$100(ParentRunner.java:66)
  at org.junit.runners.ParentRunner$2.evaluate(ParentRunner.java:293)
  at org.junit.runners.ParentRunner$3.evaluate(ParentRunner.java:306)
  at org.junit.runners.ParentRunner.run(ParentRunner.java:413)
  at org.junit.runner.JUnitCore.run(JUnitCore.java:137)
  at org.junit.runner.JUnitCore.run(JUnitCore.java:115)
  at org.gradle.api.internal.tasks.testing.junit.JUnitTestExecutor.runRequest(JUnitTestExecutor.java:175)
  at org.gradle.api.internal.tasks.testing.junit.JUnitTestExecutor.accept(JUnitTestExecutor.java:84)
  at org.gradle.api.internal.tasks.testing.junit.JUnitTestExecutor.accept(JUnitTestExecutor.java:47)
  at org.gradle.api.internal.tasks.testing.junit.AbstractJUnitTestDefinitionProcessor.processTestDefinition(AbstractJUnitTestDefinitionProcessor.java:65)
  at org.gradle.api.internal.tasks.testing.SuiteTestDefinitionProcessor.processTestDefinition(SuiteTestDefinitionProcessor.java:54)
  at java.base/jdk.internal.reflect.DirectMethodHandleAccessor.invoke(DirectMethodHandleAccessor.java:104)
  at java.base/java.lang.reflect.Method.invoke(Method.java:565)
  at org.gradle.internal.dispatch.MethodInvocation.invokeOn(MethodInvocation.java:77)
  at org.gradle.internal.dispatch.ReflectionDispatch.dispatch(ReflectionDispatch.java:28)
  at org.gradle.internal.dispatch.ReflectionDispatch.dispatch(ReflectionDispatch.java:19)
  at org.gradle.internal.dispatch.ContextClassLoaderDispatch.dispatch(ContextClassLoaderDispatch.java:33)
  at org.gradle.internal.dispatch.ProxyDispatchAdapter$DispatchingInvocationHandler.invoke(ProxyDispatchAdapter.java:88)
  at jdk.proxy1/jdk.proxy1.$Proxy4.processTestDefinition(Unknown Source)
  at org.gradle.api.internal.tasks.testing.worker.TestWorker$2.run(TestWorker.java:178)
  at org.gradle.api.internal.tasks.testing.worker.TestWorker.executeAndMaintainThreadName(TestWorker.java:126)
  at org.gradle.api.internal.tasks.testing.worker.TestWorker.execute(TestWorker.java:103)
  at org.gradle.api.internal.tasks.testing.worker.TestWorker.execute(TestWorker.java:63)
  at org.gradle.process.internal.worker.child.ActionExecutionWorker.execute(ActionExecutionWorker.java:56)
  at org.gradle.process.internal.worker.child.SystemApplicationClassLoaderWorker.call(SystemApplicationClassLoaderWorker.java:122)
  at org.gradle.process.internal.worker.child.SystemApplicationClassLoaderWorker.call(SystemApplicationClassLoaderWorker.java:72)
  at worker.org.gradle.process.internal.worker.GradleWorkerMain.run(GradleWorkerMain.java:69)
  at worker.org.gradle.process.internal.worker.GradleWorkerMain.main(GradleWorkerMain.java:74)
</stacktrace>
</test-failure>


TypeScriptCompilerTests_T[jvm] > targetTypeVoidFunc_ts has expected errors matching targetTypeVoidFunc_errors_txt[jvm] FAILED

<test-failure test="com.xemantic.typescript.compiler.TypeScriptCompilerTests_T.typeIdentityConsidersBrands_ts has expected errors matching typeIdentityConsidersBrands_errors_txt" platform="jvm">
<message>
--- expected
+++ actual
@@ -2,13 +2,9 @@
 typeIdentityConsidersBrands.ts(6,7): error TS2564: Property 'name' has no initializer and is not definitely assigned in the constructor.
 typeIdentityConsidersBrands.ts(10,13): error TS2564: Property 'name' has no initializer and is not definitely assigned in the constructor.
 typeIdentityConsidersBrands.ts(14,13): error TS2564: Property 'name' has no initializer and is not definitely assigned in the constructor.
-typeIdentityConsidersBrands.ts(30,1): error TS2322: Type 'X_1' is not assignable to type 'Y_1'.
-  Types have separate declarations of a private property 'name'.
-typeIdentityConsidersBrands.ts(31,6): error TS2345: Argument of type 'Y_1' is not assignable to parameter of type 'X_1'.
-  Types have separate declarations of a private property 'name'.
 
 
-==== typeIdentityConsidersBrands.ts (6 errors) ====
+==== typeIdentityConsidersBrands.ts (4 errors) ====
     class X{
           name: string;
           ~~~~
@@ -47,10 +43,4 @@
     function foo2(arg: X_1) { }
     
     a2 = b2; // should error
-    ~~
-!!! error TS2322: Type 'X_1' is not assignable to type 'Y_1'.
-!!! error TS2322:   Types have separate declarations of a private property 'name'.
     foo2(a2); // should error
-         ~~
-!!! error TS2345: Argument of type 'Y_1' is not assignable to parameter of type 'X_1'.
-!!! error TS2345:   Types have separate declarations of a private property 'name'.

</message>
<stacktrace>
  at org.junit.Assert.fail(Assert.java:89)
  at kotlin.test.junit.JUnitAsserter.fail(JUnitSupport.kt:56)
  at kotlin.test.AssertionsKt__AssertionsKt.fail(Assertions.kt:563)
  at kotlin.test.AssertionsKt.fail(Unknown Source)
  at com.xemantic.kotlin.test.SameAsKt.sameAs(SameAs.kt:52)
  at com.xemantic.typescript.compiler.TypeScriptTestSupportKt.errorsMatchBaseline(TypeScriptTestSupport.kt:135)
  at com.xemantic.typescript.compiler.TypeScriptCompilerTests_T.typeIdentityConsidersBrands_ts has expected errors matching typeIdentityConsidersBrands_errors_txt(TypeScriptCompilerTests_T.kt:2170)
  at java.base/jdk.internal.reflect.DirectMethodHandleAccessor.invoke(DirectMethodHandleAccessor.java:104)
  at java.base/java.lang.reflect.Method.invoke(Method.java:565)
  at org.junit.runners.model.FrameworkMethod$1.runReflectiveCall(FrameworkMethod.java:59)
  at org.junit.internal.runners.model.ReflectiveCallable.run(ReflectiveCallable.java:12)
  at org.junit.runners.model.FrameworkMethod.invokeExplosively(FrameworkMethod.java:56)
  at org.junit.internal.runners.statements.InvokeMethod.evaluate(InvokeMethod.java:17)
  at org.junit.runners.ParentRunner$3.evaluate(ParentRunner.java:306)
  at org.junit.runners.BlockJUnit4ClassRunner$1.evaluate(BlockJUnit4ClassRunner.java:100)
  at org.junit.runners.ParentRunner.runLeaf(ParentRunner.java:366)
  at org.junit.runners.BlockJUnit4ClassRunner.runChild(BlockJUnit4ClassRunner.java:103)
  at org.junit.runners.BlockJUnit4ClassRunner.runChild(BlockJUnit4ClassRunner.java:63)
  at org.junit.runners.ParentRunner$4.run(ParentRunner.java:331)
  at org.junit.runners.ParentRunner$1.schedule(ParentRunner.java:79)
  at org.junit.runners.ParentRunner.runChildren(ParentRunner.java:329)
  at org.junit.runners.ParentRunner.access$100(ParentRunner.java:66)
  at org.junit.runners.ParentRunner$2.evaluate(ParentRunner.java:293)
  at org.junit.runners.ParentRunner$3.evaluate(ParentRunner.java:306)
  at org.junit.runners.ParentRunner.run(ParentRunner.java:413)
  at org.junit.runner.JUnitCore.run(JUnitCore.java:137)
  at org.junit.runner.JUnitCore.run(JUnitCore.java:115)
  at org.gradle.api.internal.tasks.testing.junit.JUnitTestExecutor.runRequest(JUnitTestExecutor.java:175)
  at org.gradle.api.internal.tasks.testing.junit.JUnitTestExecutor.accept(JUnitTestExecutor.java:84)
  at org.gradle.api.internal.tasks.testing.junit.JUnitTestExecutor.accept(JUnitTestExecutor.java:47)
  at org.gradle.api.internal.tasks.testing.junit.AbstractJUnitTestDefinitionProcessor.processTestDefinition(AbstractJUnitTestDefinitionProcessor.java:65)
  at org.gradle.api.internal.tasks.testing.SuiteTestDefinitionProcessor.processTestDefinition(SuiteTestDefinitionProcessor.java:54)
  at java.base/jdk.internal.reflect.DirectMethodHandleAccessor.invoke(DirectMethodHandleAccessor.java:104)
  at java.base/java.lang.reflect.Method.invoke(Method.java:565)
  at org.gradle.internal.dispatch.MethodInvocation.invokeOn(MethodInvocation.java:77)
  at org.gradle.internal.dispatch.ReflectionDispatch.dispatch(ReflectionDispatch.java:28)
  at org.gradle.internal.dispatch.ReflectionDispatch.dispatch(ReflectionDispatch.java:19)
  at org.gradle.internal.dispatch.ContextClassLoaderDispatch.dispatch(ContextClassLoaderDispatch.java:33)
  at org.gradle.internal.dispatch.ProxyDispatchAdapter$DispatchingInvocationHandler.invoke(ProxyDispatchAdapter.java:88)
  at jdk.proxy1/jdk.proxy1.$Proxy4.processTestDefinition(Unknown Source)
  at org.gradle.api.internal.tasks.testing.worker.TestWorker$2.run(TestWorker.java:178)
  at org.gradle.api.internal.tasks.testing.worker.TestWorker.executeAndMaintainThreadName(TestWorker.java:126)
  at org.gradle.api.internal.tasks.testing.worker.TestWorker.execute(TestWorker.java:103)
  at org.gradle.api.internal.tasks.testing.worker.TestWorker.execute(TestWorker.java:63)
  at org.gradle.process.internal.worker.child.ActionExecutionWorker.execute(ActionExecutionWorker.java:56)
  at org.gradle.process.internal.worker.child.SystemApplicationClassLoaderWorker.call(SystemApplicationClassLoaderWorker.java:122)
  at org.gradle.process.internal.worker.child.SystemApplicationClassLoaderWorker.call(SystemApplicationClassLoaderWorker.java:72)
  at worker.org.gradle.process.internal.worker.GradleWorkerMain.run(GradleWorkerMain.java:69)
  at worker.org.gradle.process.internal.worker.GradleWorkerMain.main(GradleWorkerMain.java:74)
</stacktrace>
</test-failure>


TypeScriptCompilerTests_T[jvm] > typeIdentityConsidersBrands_ts has expected errors matching typeIdentityConsidersBrands_errors_txt[jvm] FAILED

<test-failure test="com.xemantic.typescript.compiler.TypeScriptCompilerTests_T.typeAliasDeclareKeywordNewlines_ts has expected errors matching typeAliasDeclareKeywordNewlines_errors_txt" platform="jvm">
<message>
--- expected
+++ actual
@@ -1,16 +1,17 @@
-typeAliasDeclareKeywordNewlines.ts(6,1): error TS1142: Line break not permitted here.
+typeAliasDeclareKeywordNewlines.ts(7,7): error TS2322: Type 'null' is not assignable to type 'T1'.
+typeAliasDeclareKeywordNewlines.ts(20,7): error TS2322: Type 'null' is not assignable to type 'T2'.
 
 
-==== typeAliasDeclareKeywordNewlines.ts (1 errors) ====
+==== typeAliasDeclareKeywordNewlines.ts (2 errors) ====
     declare var declare: string;
     declare var type: number;
     
     // The following is invalid but should declare a type alias named 'T1':
     declare type /*unexpected newline*/
     T1 = null;
-    ~~
-!!! error TS1142: Line break not permitted here.
     const t1: T1 = null; // Assert that T1 is the null type.
+          ~~
+!!! error TS2322: Type 'null' is not assignable to type 'T1'.
     
     let T: null = null;
     // The following should use a variable named 'declare', use a variable named
@@ -24,3 +25,5 @@
     declare /*ASI*/
     type T2 = null;
     const t2: T2 = null; // Assert that T2 is the null type.
+          ~~
+!!! error TS2322: Type 'null' is not assignable to type 'T2'.

</message>
<stacktrace>
  at org.junit.Assert.fail(Assert.java:89)
  at kotlin.test.junit.JUnitAsserter.fail(JUnitSupport.kt:56)
  at kotlin.test.AssertionsKt__AssertionsKt.fail(Assertions.kt:563)
  at kotlin.test.AssertionsKt.fail(Unknown Source)
  at com.xemantic.kotlin.test.SameAsKt.sameAs(SameAs.kt:52)
  at com.xemantic.typescript.compiler.TypeScriptTestSupportKt.errorsMatchBaseline(TypeScriptTestSupport.kt:135)
  at com.xemantic.typescript.compiler.TypeScriptCompilerTests_T.typeAliasDeclareKeywordNewlines_ts has expected errors matching typeAliasDeclareKeywordNewlines_errors_txt(TypeScriptCompilerTests_T.kt:1638)
  at java.base/jdk.internal.reflect.DirectMethodHandleAccessor.invoke(DirectMethodHandleAccessor.java:104)
  at java.base/java.lang.reflect.Method.invoke(Method.java:565)
  at org.junit.runners.model.FrameworkMethod$1.runReflectiveCall(FrameworkMethod.java:59)
  at org.junit.internal.runners.model.ReflectiveCallable.run(ReflectiveCallable.java:12)
  at org.junit.runners.model.FrameworkMethod.invokeExplosively(FrameworkMethod.java:56)
  at org.junit.internal.runners.statements.InvokeMethod.evaluate(InvokeMethod.java:17)
  at org.junit.runners.ParentRunner$3.evaluate(ParentRunner.java:306)
  at org.junit.runners.BlockJUnit4ClassRunner$1.evaluate(BlockJUnit4ClassRunner.java:100)
  at org.junit.runners.ParentRunner.runLeaf(ParentRunner.java:366)
  at org.junit.runners.BlockJUnit4ClassRunner.runChild(BlockJUnit4ClassRunner.java:103)
  at org.junit.runners.BlockJUnit4ClassRunner.runChild(BlockJUnit4ClassRunner.java:63)
  at org.junit.runners.ParentRunner$4.run(ParentRunner.java:331)
  at org.junit.runners.ParentRunner$1.schedule(ParentRunner.java:79)
  at org.junit.runners.ParentRunner.runChildren(ParentRunner.java:329)
  at org.junit.runners.ParentRunner.access$100(ParentRunner.java:66)
  at org.junit.runners.ParentRunner$2.evaluate(ParentRunner.java:293)
  at org.junit.runners.ParentRunner$3.evaluate(ParentRunner.java:306)
  at org.junit.runners.ParentRunner.run(ParentRunner.java:413)
  at org.junit.runner.JUnitCore.run(JUnitCore.java:137)
  at org.junit.runner.JUnitCore.run(JUnitCore.java:115)
  at org.gradle.api.internal.tasks.testing.junit.JUnitTestExecutor.runRequest(JUnitTestExecutor.java:175)
  at org.gradle.api.internal.tasks.testing.junit.JUnitTestExecutor.accept(JUnitTestExecutor.java:84)
  at org.gradle.api.internal.tasks.testing.junit.JUnitTestExecutor.accept(JUnitTestExecutor.java:47)
  at org.gradle.api.internal.tasks.testing.junit.AbstractJUnitTestDefinitionProcessor.processTestDefinition(AbstractJUnitTestDefinitionProcessor.java:65)
  at org.gradle.api.internal.tasks.testing.SuiteTestDefinitionProcessor.processTestDefinition(SuiteTestDefinitionProcessor.java:54)
  at java.base/jdk.internal.reflect.DirectMethodHandleAccessor.invoke(DirectMethodHandleAccessor.java:104)
  at java.base/java.lang.reflect.Method.invoke(Method.java:565)
  at org.gradle.internal.dispatch.MethodInvocation.invokeOn(MethodInvocation.java:77)
  at org.gradle.internal.dispatch.ReflectionDispatch.dispatch(ReflectionDispatch.java:28)
  at org.gradle.internal.dispatch.ReflectionDispatch.dispatch(ReflectionDispatch.java:19)
  at org.gradle.internal.dispatch.ContextClassLoaderDispatch.dispatch(ContextClassLoaderDispatch.java:33)
  at org.gradle.internal.dispatch.ProxyDispatchAdapter$DispatchingInvocationHandler.invoke(ProxyDispatchAdapter.java:88)
  at jdk.proxy1/jdk.proxy1.$Proxy4.processTestDefinition(Unknown Source)
  at org.gradle.api.internal.tasks.testing.worker.TestWorker$2.run(TestWorker.java:178)
  at org.gradle.api.internal.tasks.testing.worker.TestWorker.executeAndMaintainThreadName(TestWorker.java:126)
  at org.gradle.api.internal.tasks.testing.worker.TestWorker.execute(TestWorker.java:103)
  at org.gradle.api.internal.tasks.testing.worker.TestWorker.execute(TestWorker.java:63)
  at org.gradle.process.internal.worker.child.ActionExecutionWorker.execute(ActionExecutionWorker.java:56)
  at org.gradle.process.internal.worker.child.SystemApplicationClassLoaderWorker.call(SystemApplicationClassLoaderWorker.java:122)
  at org.gradle.process.internal.worker.child.SystemApplicationClassLoaderWorker.call(SystemApplicationClassLoaderWorker.java:72)
  at worker.org.gradle.process.internal.worker.GradleWorkerMain.run(GradleWorkerMain.java:69)
  at worker.org.gradle.process.internal.worker.GradleWorkerMain.main(GradleWorkerMain.java:74)
</stacktrace>
</test-failure>


TypeScriptCompilerTests_T[jvm] > typeAliasDeclareKeywordNewlines_ts has expected errors matching typeAliasDeclareKeywordNewlines_errors_txt[jvm] FAILED

<test-failure test="com.xemantic.typescript.compiler.TypeScriptCompilerTests_T.tripleSlashTypesReferenceWithMissingExports_ts__module_node18__has expected errors matching baseline" platform="jvm">
<message>
Expected diagnostics from baseline typescript-repo/tests/baselines/reference/tripleSlashTypesReferenceWithMissingExports(module=node18).errors.txt but none produced
</message>
<stacktrace>
  at com.xemantic.typescript.compiler.TypeScriptTestSupportKt.errorsMatchBaseline(TypeScriptTestSupport.kt:125)
  at com.xemantic.typescript.compiler.TypeScriptCompilerTests_T.tripleSlashTypesReferenceWithMissingExports_ts__module_node18__has expected errors matching baseline(TypeScriptCompilerTests_T.kt:1274)
  at java.base/jdk.internal.reflect.DirectMethodHandleAccessor.invoke(DirectMethodHandleAccessor.java:104)
  at java.base/java.lang.reflect.Method.invoke(Method.java:565)
  at org.junit.runners.model.FrameworkMethod$1.runReflectiveCall(FrameworkMethod.java:59)
  at org.junit.internal.runners.model.ReflectiveCallable.run(ReflectiveCallable.java:12)
  at org.junit.runners.model.FrameworkMethod.invokeExplosively(FrameworkMethod.java:56)
  at org.junit.internal.runners.statements.InvokeMethod.evaluate(InvokeMethod.java:17)
  at org.junit.runners.ParentRunner$3.evaluate(ParentRunner.java:306)
  at org.junit.runners.BlockJUnit4ClassRunner$1.evaluate(BlockJUnit4ClassRunner.java:100)
  at org.junit.runners.ParentRunner.runLeaf(ParentRunner.java:366)
  at org.junit.runners.BlockJUnit4ClassRunner.runChild(BlockJUnit4ClassRunner.java:103)
  at org.junit.runners.BlockJUnit4ClassRunner.runChild(BlockJUnit4ClassRunner.java:63)
  at org.junit.runners.ParentRunner$4.run(ParentRunner.java:331)
  at org.junit.runners.ParentRunner$1.schedule(ParentRunner.java:79)
  at org.junit.runners.ParentRunner.runChildren(ParentRunner.java:329)
  at org.junit.runners.ParentRunner.access$100(ParentRunner.java:66)
  at org.junit.runners.ParentRunner$2.evaluate(ParentRunner.java:293)
  at org.junit.runners.ParentRunner$3.evaluate(ParentRunner.java:306)
  at org.junit.runners.ParentRunner.run(ParentRunner.java:413)
  at org.junit.runner.JUnitCore.run(JUnitCore.java:137)
  at org.junit.runner.JUnitCore.run(JUnitCore.java:115)
  at org.gradle.api.internal.tasks.testing.junit.JUnitTestExecutor.runRequest(JUnitTestExecutor.java:175)
  at org.gradle.api.internal.tasks.testing.junit.JUnitTestExecutor.accept(JUnitTestExecutor.java:84)
  at org.gradle.api.internal.tasks.testing.junit.JUnitTestExecutor.accept(JUnitTestExecutor.java:47)
  at org.gradle.api.internal.tasks.testing.junit.AbstractJUnitTestDefinitionProcessor.processTestDefinition(AbstractJUnitTestDefinitionProcessor.java:65)
  at org.gradle.api.internal.tasks.testing.SuiteTestDefinitionProcessor.processTestDefinition(SuiteTestDefinitionProcessor.java:54)
  at java.base/jdk.internal.reflect.DirectMethodHandleAccessor.invoke(DirectMethodHandleAccessor.java:104)
  at java.base/java.lang.reflect.Method.invoke(Method.java:565)
  at org.gradle.internal.dispatch.MethodInvocation.invokeOn(MethodInvocation.java:77)
  at org.gradle.internal.dispatch.ReflectionDispatch.dispatch(ReflectionDispatch.java:28)
  at org.gradle.internal.dispatch.ReflectionDispatch.dispatch(ReflectionDispatch.java:19)
  at org.gradle.internal.dispatch.ContextClassLoaderDispatch.dispatch(ContextClassLoaderDispatch.java:33)
  at org.gradle.internal.dispatch.ProxyDispatchAdapter$DispatchingInvocationHandler.invoke(ProxyDispatchAdapter.java:88)
  at jdk.proxy1/jdk.proxy1.$Proxy4.processTestDefinition(Unknown Source)
  at org.gradle.api.internal.tasks.testing.worker.TestWorker$2.run(TestWorker.java:178)
  at org.gradle.api.internal.tasks.testing.worker.TestWorker.executeAndMaintainThreadName(TestWorker.java:126)
  at org.gradle.api.internal.tasks.testing.worker.TestWorker.execute(TestWorker.java:103)
  at org.gradle.api.internal.tasks.testing.worker.TestWorker.execute(TestWorker.java:63)
  at org.gradle.process.internal.worker.child.ActionExecutionWorker.execute(ActionExecutionWorker.java:56)
  at org.gradle.process.internal.worker.child.SystemApplicationClassLoaderWorker.call(SystemApplicationClassLoaderWorker.java:122)
  at org.gradle.process.internal.worker.child.SystemApplicationClassLoaderWorker.call(SystemApplicationClassLoaderWorker.java:72)
  at worker.org.gradle.process.internal.worker.GradleWorkerMain.run(GradleWorkerMain.java:69)
  at worker.org.gradle.process.internal.worker.GradleWorkerMain.main(GradleWorkerMain.java:74)
</stacktrace>
</test-failure>


TypeScriptCompilerTests_T[jvm] > tripleSlashTypesReferenceWithMissingExports_ts__module_node18__has expected errors matching baseline[jvm] FAILED

<test-failure test="com.xemantic.typescript.compiler.TypeScriptCompilerTests_T.thisInClassBodyStaticESNext_ts has expected errors matching thisInClassBodyStaticESNext_errors_txt" platform="jvm">
<message>
Expected diagnostics from baseline typescript-repo/tests/baselines/reference/thisInClassBodyStaticESNext.errors.txt but none produced
</message>
<stacktrace>
  at com.xemantic.typescript.compiler.TypeScriptTestSupportKt.errorsMatchBaseline(TypeScriptTestSupport.kt:125)
  at com.xemantic.typescript.compiler.TypeScriptCompilerTests_T.thisInClassBodyStaticESNext_ts has expected errors matching thisInClassBodyStaticESNext_errors_txt(TypeScriptCompilerTests_T.kt:637)
  at java.base/jdk.internal.reflect.DirectMethodHandleAccessor.invoke(DirectMethodHandleAccessor.java:104)
  at java.base/java.lang.reflect.Method.invoke(Method.java:565)
  at org.junit.runners.model.FrameworkMethod$1.runReflectiveCall(FrameworkMethod.java:59)
  at org.junit.internal.runners.model.ReflectiveCallable.run(ReflectiveCallable.java:12)
  at org.junit.runners.model.FrameworkMethod.invokeExplosively(FrameworkMethod.java:56)
  at org.junit.internal.runners.statements.InvokeMethod.evaluate(InvokeMethod.java:17)
  at org.junit.runners.ParentRunner$3.evaluate(ParentRunner.java:306)
  at org.junit.runners.BlockJUnit4ClassRunner$1.evaluate(BlockJUnit4ClassRunner.java:100)
  at org.junit.runners.ParentRunner.runLeaf(ParentRunner.java:366)
  at org.junit.runners.BlockJUnit4ClassRunner.runChild(BlockJUnit4ClassRunner.java:103)
  at org.junit.runners.BlockJUnit4ClassRunner.runChild(BlockJUnit4ClassRunner.java:63)
  at org.junit.runners.ParentRunner$4.run(ParentRunner.java:331)
  at org.junit.runners.ParentRunner$1.schedule(ParentRunner.java:79)
  at org.junit.runners.ParentRunner.runChildren(ParentRunner.java:329)
  at org.junit.runners.ParentRunner.access$100(ParentRunner.java:66)
  at org.junit.runners.ParentRunner$2.evaluate(ParentRunner.java:293)
  at org.junit.runners.ParentRunner$3.evaluate(ParentRunner.java:306)
  at org.junit.runners.ParentRunner.run(ParentRunner.java:413)
  at org.junit.runner.JUnitCore.run(JUnitCore.java:137)
  at org.junit.runner.JUnitCore.run(JUnitCore.java:115)
  at org.gradle.api.internal.tasks.testing.junit.JUnitTestExecutor.runRequest(JUnitTestExecutor.java:175)
  at org.gradle.api.internal.tasks.testing.junit.JUnitTestExecutor.accept(JUnitTestExecutor.java:84)
  at org.gradle.api.internal.tasks.testing.junit.JUnitTestExecutor.accept(JUnitTestExecutor.java:47)
  at org.gradle.api.internal.tasks.testing.junit.AbstractJUnitTestDefinitionProcessor.processTestDefinition(AbstractJUnitTestDefinitionProcessor.java:65)
  at org.gradle.api.internal.tasks.testing.SuiteTestDefinitionProcessor.processTestDefinition(SuiteTestDefinitionProcessor.java:54)
  at java.base/jdk.internal.reflect.DirectMethodHandleAccessor.invoke(DirectMethodHandleAccessor.java:104)
  at java.base/java.lang.reflect.Method.invoke(Method.java:565)
  at org.gradle.internal.dispatch.MethodInvocation.invokeOn(MethodInvocation.java:77)
  at org.gradle.internal.dispatch.ReflectionDispatch.dispatch(ReflectionDispatch.java:28)
  at org.gradle.internal.dispatch.ReflectionDispatch.dispatch(ReflectionDispatch.java:19)
  at org.gradle.internal.dispatch.ContextClassLoaderDispatch.dispatch(ContextClassLoaderDispatch.java:33)
  at org.gradle.internal.dispatch.ProxyDispatchAdapter$DispatchingInvocationHandler.invoke(ProxyDispatchAdapter.java:88)
  at jdk.proxy1/jdk.proxy1.$Proxy4.processTestDefinition(Unknown Source)
  at org.gradle.api.internal.tasks.testing.worker.TestWorker$2.run(TestWorker.java:178)
  at org.gradle.api.internal.tasks.testing.worker.TestWorker.executeAndMaintainThreadName(TestWorker.java:126)
  at org.gradle.api.internal.tasks.testing.worker.TestWorker.execute(TestWorker.java:103)
  at org.gradle.api.internal.tasks.testing.worker.TestWorker.execute(TestWorker.java:63)
  at org.gradle.process.internal.worker.child.ActionExecutionWorker.execute(ActionExecutionWorker.java:56)
  at org.gradle.process.internal.worker.child.SystemApplicationClassLoaderWorker.call(SystemApplicationClassLoaderWorker.java:122)
  at org.gradle.process.internal.worker.child.SystemApplicationClassLoaderWorker.call(SystemApplicationClassLoaderWorker.java:72)
  at worker.org.gradle.process.internal.worker.GradleWorkerMain.run(GradleWorkerMain.java:69)
  at worker.org.gradle.process.internal.worker.GradleWorkerMain.main(GradleWorkerMain.java:74)
</stacktrace>
</test-failure>


TypeScriptCompilerTests_T[jvm] > thisInClassBodyStaticESNext_ts has expected errors matching thisInClassBodyStaticESNext_errors_txt[jvm] FAILED

<test-failure test="com.xemantic.typescript.compiler.TypeScriptCompilerTests_T.typeParameterDiamond2_ts has expected errors matching typeParameterDiamond2_errors_txt" platform="jvm">
<message>
Expected diagnostics from baseline typescript-repo/tests/baselines/reference/typeParameterDiamond2.errors.txt but none produced
</message>
<stacktrace>
  at com.xemantic.typescript.compiler.TypeScriptTestSupportKt.errorsMatchBaseline(TypeScriptTestSupport.kt:125)
  at com.xemantic.typescript.compiler.TypeScriptCompilerTests_T.typeParameterDiamond2_ts has expected errors matching typeParameterDiamond2_errors_txt(TypeScriptCompilerTests_T.kt:2695)
  at java.base/jdk.internal.reflect.DirectMethodHandleAccessor.invoke(DirectMethodHandleAccessor.java:104)
  at java.base/java.lang.reflect.Method.invoke(Method.java:565)
  at org.junit.runners.model.FrameworkMethod$1.runReflectiveCall(FrameworkMethod.java:59)
  at org.junit.internal.runners.model.ReflectiveCallable.run(ReflectiveCallable.java:12)
  at org.junit.runners.model.FrameworkMethod.invokeExplosively(FrameworkMethod.java:56)
  at org.junit.internal.runners.statements.InvokeMethod.evaluate(InvokeMethod.java:17)
  at org.junit.runners.ParentRunner$3.evaluate(ParentRunner.java:306)
  at org.junit.runners.BlockJUnit4ClassRunner$1.evaluate(BlockJUnit4ClassRunner.java:100)
  at org.junit.runners.ParentRunner.runLeaf(ParentRunner.java:366)
  at org.junit.runners.BlockJUnit4ClassRunner.runChild(BlockJUnit4ClassRunner.java:103)
  at org.junit.runners.BlockJUnit4ClassRunner.runChild(BlockJUnit4ClassRunner.java:63)
  at org.junit.runners.ParentRunner$4.run(ParentRunner.java:331)
  at org.junit.runners.ParentRunner$1.schedule(ParentRunner.java:79)
  at org.junit.runners.ParentRunner.runChildren(ParentRunner.java:329)
  at org.junit.runners.ParentRunner.access$100(ParentRunner.java:66)
  at org.junit.runners.ParentRunner$2.evaluate(ParentRunner.java:293)
  at org.junit.runners.ParentRunner$3.evaluate(ParentRunner.java:306)
  at org.junit.runners.ParentRunner.run(ParentRunner.java:413)
  at org.junit.runner.JUnitCore.run(JUnitCore.java:137)
  at org.junit.runner.JUnitCore.run(JUnitCore.java:115)
  at org.gradle.api.internal.tasks.testing.junit.JUnitTestExecutor.runRequest(JUnitTestExecutor.java:175)
  at org.gradle.api.internal.tasks.testing.junit.JUnitTestExecutor.accept(JUnitTestExecutor.java:84)
  at org.gradle.api.internal.tasks.testing.junit.JUnitTestExecutor.accept(JUnitTestExecutor.java:47)
  at org.gradle.api.internal.tasks.testing.junit.AbstractJUnitTestDefinitionProcessor.processTestDefinition(AbstractJUnitTestDefinitionProcessor.java:65)
  at org.gradle.api.internal.tasks.testing.SuiteTestDefinitionProcessor.processTestDefinition(SuiteTestDefinitionProcessor.java:54)
  at java.base/jdk.internal.reflect.DirectMethodHandleAccessor.invoke(DirectMethodHandleAccessor.java:104)
  at java.base/java.lang.reflect.Method.invoke(Method.java:565)
  at org.gradle.internal.dispatch.MethodInvocation.invokeOn(MethodInvocation.java:77)
  at org.gradle.internal.dispatch.ReflectionDispatch.dispatch(ReflectionDispatch.java:28)
  at org.gradle.internal.dispatch.ReflectionDispatch.dispatch(ReflectionDispatch.java:19)
  at org.gradle.internal.dispatch.ContextClassLoaderDispatch.dispatch(ContextClassLoaderDispatch.java:33)
  at org.gradle.internal.dispatch.ProxyDispatchAdapter$DispatchingInvocationHandler.invoke(ProxyDispatchAdapter.java:88)
  at jdk.proxy1/jdk.proxy1.$Proxy4.processTestDefinition(Unknown Source)
  at org.gradle.api.internal.tasks.testing.worker.TestWorker$2.run(TestWorker.java:178)
  at org.gradle.api.internal.tasks.testing.worker.TestWorker.executeAndMaintainThreadName(TestWorker.java:126)
  at org.gradle.api.internal.tasks.testing.worker.TestWorker.execute(TestWorker.java:103)
  at org.gradle.api.internal.tasks.testing.worker.TestWorker.execute(TestWorker.java:63)
  at org.gradle.process.internal.worker.child.ActionExecutionWorker.execute(ActionExecutionWorker.java:56)
  at org.gradle.process.internal.worker.child.SystemApplicationClassLoaderWorker.call(SystemApplicationClassLoaderWorker.java:122)
  at org.gradle.process.internal.worker.child.SystemApplicationClassLoaderWorker.call(SystemApplicationClassLoaderWorker.java:72)
  at worker.org.gradle.process.internal.worker.GradleWorkerMain.run(GradleWorkerMain.java:69)
  at worker.org.gradle.process.internal.worker.GradleWorkerMain.main(GradleWorkerMain.java:74)
</stacktrace>
</test-failure>


TypeScriptCompilerTests_T[jvm] > typeParameterDiamond2_ts has expected errors matching typeParameterDiamond2_errors_txt[jvm] FAILED

<test-failure test="com.xemantic.typescript.compiler.TypeScriptCompilerTests_T.typeParametersAndParametersInComputedNames_ts has expected errors matching typeParametersAndParametersInComputedNames_errors_txt" platform="jvm">
<message>
Expected diagnostics from baseline typescript-repo/tests/baselines/reference/typeParametersAndParametersInComputedNames.errors.txt but none produced
</message>
<stacktrace>
  at com.xemantic.typescript.compiler.TypeScriptTestSupportKt.errorsMatchBaseline(TypeScriptTestSupport.kt:125)
  at com.xemantic.typescript.compiler.TypeScriptCompilerTests_T.typeParametersAndParametersInComputedNames_ts has expected errors matching typeParametersAndParametersInComputedNames_errors_txt(TypeScriptCompilerTests_T.kt:2919)
  at java.base/jdk.internal.reflect.DirectMethodHandleAccessor.invoke(DirectMethodHandleAccessor.java:104)
  at java.base/java.lang.reflect.Method.invoke(Method.java:565)
  at org.junit.runners.model.FrameworkMethod$1.runReflectiveCall(FrameworkMethod.java:59)
  at org.junit.internal.runners.model.ReflectiveCallable.run(ReflectiveCallable.java:12)
  at org.junit.runners.model.FrameworkMethod.invokeExplosively(FrameworkMethod.java:56)
  at org.junit.internal.runners.statements.InvokeMethod.evaluate(InvokeMethod.java:17)
  at org.junit.runners.ParentRunner$3.evaluate(ParentRunner.java:306)
  at org.junit.runners.BlockJUnit4ClassRunner$1.evaluate(BlockJUnit4ClassRunner.java:100)
  at org.junit.runners.ParentRunner.runLeaf(ParentRunner.java:366)
  at org.junit.runners.BlockJUnit4ClassRunner.runChild(BlockJUnit4ClassRunner.java:103)
  at org.junit.runners.BlockJUnit4ClassRunner.runChild(BlockJUnit4ClassRunner.java:63)
  at org.junit.runners.ParentRunner$4.run(ParentRunner.java:331)
  at org.junit.runners.ParentRunner$1.schedule(ParentRunner.java:79)
  at org.junit.runners.ParentRunner.runChildren(ParentRunner.java:329)
  at org.junit.runners.ParentRunner.access$100(ParentRunner.java:66)
  at org.junit.runners.ParentRunner$2.evaluate(ParentRunner.java:293)
  at org.junit.runners.ParentRunner$3.evaluate(ParentRunner.java:306)
  at org.junit.runners.ParentRunner.run(ParentRunner.java:413)
  at org.junit.runner.JUnitCore.run(JUnitCore.java:137)
  at org.junit.runner.JUnitCore.run(JUnitCore.java:115)
  at org.gradle.api.internal.tasks.testing.junit.JUnitTestExecutor.runRequest(JUnitTestExecutor.java:175)
  at org.gradle.api.internal.tasks.testing.junit.JUnitTestExecutor.accept(JUnitTestExecutor.java:84)
  at org.gradle.api.internal.tasks.testing.junit.JUnitTestExecutor.accept(JUnitTestExecutor.java:47)
  at org.gradle.api.internal.tasks.testing.junit.AbstractJUnitTestDefinitionProcessor.processTestDefinition(AbstractJUnitTestDefinitionProcessor.java:65)
  at org.gradle.api.internal.tasks.testing.SuiteTestDefinitionProcessor.processTestDefinition(SuiteTestDefinitionProcessor.java:54)
  at java.base/jdk.internal.reflect.DirectMethodHandleAccessor.invoke(DirectMethodHandleAccessor.java:104)
  at java.base/java.lang.reflect.Method.invoke(Method.java:565)
  at org.gradle.internal.dispatch.MethodInvocation.invokeOn(MethodInvocation.java:77)
  at org.gradle.internal.dispatch.ReflectionDispatch.dispatch(ReflectionDispatch.java:28)
  at org.gradle.internal.dispatch.ReflectionDispatch.dispatch(ReflectionDispatch.java:19)
  at org.gradle.internal.dispatch.ContextClassLoaderDispatch.dispatch(ContextClassLoaderDispatch.java:33)
  at org.gradle.internal.dispatch.ProxyDispatchAdapter$DispatchingInvocationHandler.invoke(ProxyDispatchAdapter.java:88)
  at jdk.proxy1/jdk.proxy1.$Proxy4.processTestDefinition(Unknown Source)
  at org.gradle.api.internal.tasks.testing.worker.TestWorker$2.run(TestWorker.java:178)
  at org.gradle.api.internal.tasks.testing.worker.TestWorker.executeAndMaintainThreadName(TestWorker.java:126)
  at org.gradle.api.internal.tasks.testing.worker.TestWorker.execute(TestWorker.java:103)
  at org.gradle.api.internal.tasks.testing.worker.TestWorker.execute(TestWorker.java:63)
  at org.gradle.process.internal.worker.child.ActionExecutionWorker.execute(ActionExecutionWorker.java:56)
  at org.gradle.process.internal.worker.child.SystemApplicationClassLoaderWorker.call(SystemApplicationClassLoaderWorker.java:122)
  at org.gradle.process.internal.worker.child.SystemApplicationClassLoaderWorker.call(SystemApplicationClassLoaderWorker.java:72)
  at worker.org.gradle.process.internal.worker.GradleWorkerMain.run(GradleWorkerMain.java:69)
  at worker.org.gradle.process.internal.worker.GradleWorkerMain.main(GradleWorkerMain.java:74)
</stacktrace>
</test-failure>


TypeScriptCompilerTests_T[jvm] > typeParametersAndParametersInComputedNames_ts has expected errors matching typeParametersAndParametersInComputedNames_errors_txt[jvm] FAILED

<test-failure test="com.xemantic.typescript.compiler.TypeScriptCompilerTests_T.typeNamedUndefined1_ts has expected errors matching typeNamedUndefined1_errors_txt" platform="jvm">
<message>
Expected diagnostics from baseline typescript-repo/tests/baselines/reference/typeNamedUndefined1.errors.txt but none produced
</message>
<stacktrace>
  at com.xemantic.typescript.compiler.TypeScriptTestSupportKt.errorsMatchBaseline(TypeScriptTestSupport.kt:125)
  at com.xemantic.typescript.compiler.TypeScriptCompilerTests_T.typeNamedUndefined1_ts has expected errors matching typeNamedUndefined1_errors_txt(TypeScriptCompilerTests_T.kt:2359)
  at java.base/jdk.internal.reflect.DirectMethodHandleAccessor.invoke(DirectMethodHandleAccessor.java:104)
  at java.base/java.lang.reflect.Method.invoke(Method.java:565)
  at org.junit.runners.model.FrameworkMethod$1.runReflectiveCall(FrameworkMethod.java:59)
  at org.junit.internal.runners.model.ReflectiveCallable.run(ReflectiveCallable.java:12)
  at org.junit.runners.model.FrameworkMethod.invokeExplosively(FrameworkMethod.java:56)
  at org.junit.internal.runners.statements.InvokeMethod.evaluate(InvokeMethod.java:17)
  at org.junit.runners.ParentRunner$3.evaluate(ParentRunner.java:306)
  at org.junit.runners.BlockJUnit4ClassRunner$1.evaluate(BlockJUnit4ClassRunner.java:100)
  at org.junit.runners.ParentRunner.runLeaf(ParentRunner.java:366)
  at org.junit.runners.BlockJUnit4ClassRunner.runChild(BlockJUnit4ClassRunner.java:103)
  at org.junit.runners.BlockJUnit4ClassRunner.runChild(BlockJUnit4ClassRunner.java:63)
  at org.junit.runners.ParentRunner$4.run(ParentRunner.java:331)
  at org.junit.runners.ParentRunner$1.schedule(ParentRunner.java:79)
  at org.junit.runners.ParentRunner.runChildren(ParentRunner.java:329)
  at org.junit.runners.ParentRunner.access$100(ParentRunner.java:66)
  at org.junit.runners.ParentRunner$2.evaluate(ParentRunner.java:293)
  at org.junit.runners.ParentRunner$3.evaluate(ParentRunner.java:306)
  at org.junit.runners.ParentRunner.run(ParentRunner.java:413)
  at org.junit.runner.JUnitCore.run(JUnitCore.java:137)
  at org.junit.runner.JUnitCore.run(JUnitCore.java:115)
  at org.gradle.api.internal.tasks.testing.junit.JUnitTestExecutor.runRequest(JUnitTestExecutor.java:175)
  at org.gradle.api.internal.tasks.testing.junit.JUnitTestExecutor.accept(JUnitTestExecutor.java:84)
  at org.gradle.api.internal.tasks.testing.junit.JUnitTestExecutor.accept(JUnitTestExecutor.java:47)
  at org.gradle.api.internal.tasks.testing.junit.AbstractJUnitTestDefinitionProcessor.processTestDefinition(AbstractJUnitTestDefinitionProcessor.java:65)
  at org.gradle.api.internal.tasks.testing.SuiteTestDefinitionProcessor.processTestDefinition(SuiteTestDefinitionProcessor.java:54)
  at java.base/jdk.internal.reflect.DirectMethodHandleAccessor.invoke(DirectMethodHandleAccessor.java:104)
  at java.base/java.lang.reflect.Method.invoke(Method.java:565)
  at org.gradle.internal.dispatch.MethodInvocation.invokeOn(MethodInvocation.java:77)
  at org.gradle.internal.dispatch.ReflectionDispatch.dispatch(ReflectionDispatch.java:28)
  at org.gradle.internal.dispatch.ReflectionDispatch.dispatch(ReflectionDispatch.java:19)
  at org.gradle.internal.dispatch.ContextClassLoaderDispatch.dispatch(ContextClassLoaderDispatch.java:33)
  at org.gradle.internal.dispatch.ProxyDispatchAdapter$DispatchingInvocationHandler.invoke(ProxyDispatchAdapter.java:88)
  at jdk.proxy1/jdk.proxy1.$Proxy4.processTestDefinition(Unknown Source)
  at org.gradle.api.internal.tasks.testing.worker.TestWorker$2.run(TestWorker.java:178)
  at org.gradle.api.internal.tasks.testing.worker.TestWorker.executeAndMaintainThreadName(TestWorker.java:126)
  at org.gradle.api.internal.tasks.testing.worker.TestWorker.execute(TestWorker.java:103)
  at org.gradle.api.internal.tasks.testing.worker.TestWorker.execute(TestWorker.java:63)
  at org.gradle.process.internal.worker.child.ActionExecutionWorker.execute(ActionExecutionWorker.java:56)
  at org.gradle.process.internal.worker.child.SystemApplicationClassLoaderWorker.call(SystemApplicationClassLoaderWorker.java:122)
  at org.gradle.process.internal.worker.child.SystemApplicationClassLoaderWorker.call(SystemApplicationClassLoaderWorker.java:72)
  at worker.org.gradle.process.internal.worker.GradleWorkerMain.run(GradleWorkerMain.java:69)
  at worker.org.gradle.process.internal.worker.GradleWorkerMain.main(GradleWorkerMain.java:74)
</stacktrace>
</test-failure>


TypeScriptCompilerTests_T[jvm] > typeNamedUndefined1_ts has expected errors matching typeNamedUndefined1_errors_txt[jvm] FAILED

<test-failure test="com.xemantic.typescript.compiler.TypeScriptCompilerTests_T.taggedTemplatesWithIncompleteTemplateExpressions4_ts has expected errors matching taggedTemplatesWithIncompleteTemplateExpressions4_errors_txt" platform="jvm">
<message>
--- expected
+++ actual
@@ -1,10 +1,7 @@
 taggedTemplatesWithIncompleteTemplateExpressions4.ts(5,24): error TS1109: Expression expected.
-taggedTemplatesWithIncompleteTemplateExpressions4.ts(5,27): error TS1109: Expression expected.
-taggedTemplatesWithIncompleteTemplateExpressions4.ts(5,28): error TS1005: '}' expected.
-taggedTemplatesWithIncompleteTemplateExpressions4.ts(5,28): error TS2554: Expected 3 arguments, but got 4.
 
 
-==== taggedTemplatesWithIncompleteTemplateExpressions4.ts (4 errors) ====
+==== taggedTemplatesWithIncompleteTemplateExpressions4.ts (1 errors) ====
     function f(x: TemplateStringsArray, y: string, z: string) {
     }
     
@@ -12,9 +9,3 @@
     f `123qdawdrqw${ 1 }${ }${ 
                            ~
 !!! error TS1109: Expression expected.
-                              
-!!! error TS1109: Expression expected.
-                               
-!!! error TS1005: '}' expected.
-                               
-!!! error TS2554: Expected 3 arguments, but got 4.

</message>
<stacktrace>
  at org.junit.Assert.fail(Assert.java:89)
  at kotlin.test.junit.JUnitAsserter.fail(JUnitSupport.kt:56)
  at kotlin.test.AssertionsKt__AssertionsKt.fail(Assertions.kt:563)
  at kotlin.test.AssertionsKt.fail(Unknown Source)
  at com.xemantic.kotlin.test.SameAsKt.sameAs(SameAs.kt:52)
  at com.xemantic.typescript.compiler.TypeScriptTestSupportKt.errorsMatchBaseline(TypeScriptTestSupport.kt:135)
  at com.xemantic.typescript.compiler.TypeScriptCompilerTests_T.taggedTemplatesWithIncompleteTemplateExpressions4_ts has expected errors matching taggedTemplatesWithIncompleteTemplateExpressions4_errors_txt(TypeScriptCompilerTests_T.kt:224)
  at java.base/jdk.internal.reflect.DirectMethodHandleAccessor.invoke(DirectMethodHandleAccessor.java:104)
  at java.base/java.lang.reflect.Method.invoke(Method.java:565)
  at org.junit.runners.model.FrameworkMethod$1.runReflectiveCall(FrameworkMethod.java:59)
  at org.junit.internal.runners.model.ReflectiveCallable.run(ReflectiveCallable.java:12)
  at org.junit.runners.model.FrameworkMethod.invokeExplosively(FrameworkMethod.java:56)
  at org.junit.internal.runners.statements.InvokeMethod.evaluate(InvokeMethod.java:17)
  at org.junit.runners.ParentRunner$3.evaluate(ParentRunner.java:306)
  at org.junit.runners.BlockJUnit4ClassRunner$1.evaluate(BlockJUnit4ClassRunner.java:100)
  at org.junit.runners.ParentRunner.runLeaf(ParentRunner.java:366)
  at org.junit.runners.BlockJUnit4ClassRunner.runChild(BlockJUnit4ClassRunner.java:103)
  at org.junit.runners.BlockJUnit4ClassRunner.runChild(BlockJUnit4ClassRunner.java:63)
  at org.junit.runners.ParentRunner$4.run(ParentRunner.java:331)
  at org.junit.runners.ParentRunner$1.schedule(ParentRunner.java:79)
  at org.junit.runners.ParentRunner.runChildren(ParentRunner.java:329)
  at org.junit.runners.ParentRunner.access$100(ParentRunner.java:66)
  at org.junit.runners.ParentRunner$2.evaluate(ParentRunner.java:293)
  at org.junit.runners.ParentRunner$3.evaluate(ParentRunner.java:306)
  at org.junit.runners.ParentRunner.run(ParentRunner.java:413)
  at org.junit.runner.JUnitCore.run(JUnitCore.java:137)
  at org.junit.runner.JUnitCore.run(JUnitCore.java:115)
  at org.gradle.api.internal.tasks.testing.junit.JUnitTestExecutor.runRequest(JUnitTestExecutor.java:175)
  at org.gradle.api.internal.tasks.testing.junit.JUnitTestExecutor.accept(JUnitTestExecutor.java:84)
  at org.gradle.api.internal.tasks.testing.junit.JUnitTestExecutor.accept(JUnitTestExecutor.java:47)
  at org.gradle.api.internal.tasks.testing.junit.AbstractJUnitTestDefinitionProcessor.processTestDefinition(AbstractJUnitTestDefinitionProcessor.java:65)
  at org.gradle.api.internal.tasks.testing.SuiteTestDefinitionProcessor.processTestDefinition(SuiteTestDefinitionProcessor.java:54)
  at java.base/jdk.internal.reflect.DirectMethodHandleAccessor.invoke(DirectMethodHandleAccessor.java:104)
  at java.base/java.lang.reflect.Method.invoke(Method.java:565)
  at org.gradle.internal.dispatch.MethodInvocation.invokeOn(MethodInvocation.java:77)
  at org.gradle.internal.dispatch.ReflectionDispatch.dispatch(ReflectionDispatch.java:28)
  at org.gradle.internal.dispatch.ReflectionDispatch.dispatch(ReflectionDispatch.java:19)
  at org.gradle.internal.dispatch.ContextClassLoaderDispatch.dispatch(ContextClassLoaderDispatch.java:33)
  at org.gradle.internal.dispatch.ProxyDispatchAdapter$DispatchingInvocationHandler.invoke(ProxyDispatchAdapter.java:88)
  at jdk.proxy1/jdk.proxy1.$Proxy4.processTestDefinition(Unknown Source)
  at org.gradle.api.internal.tasks.testing.worker.TestWorker$2.run(TestWorker.java:178)
  at org.gradle.api.internal.tasks.testing.worker.TestWorker.executeAndMaintainThreadName(TestWorker.java:126)
  at org.gradle.api.internal.tasks.testing.worker.TestWorker.execute(TestWorker.java:103)
  at org.gradle.api.internal.tasks.testing.worker.TestWorker.execute(TestWorker.java:63)
  at org.gradle.process.internal.worker.child.ActionExecutionWorker.execute(ActionExecutionWorker.java:56)
  at org.gradle.process.internal.worker.child.SystemApplicationClassLoaderWorker.call(SystemApplicationClassLoaderWorker.java:122)
  at org.gradle.process.internal.worker.child.SystemApplicationClassLoaderWorker.call(SystemApplicationClassLoaderWorker.java:72)
  at worker.org.gradle.process.internal.worker.GradleWorkerMain.run(GradleWorkerMain.java:69)
  at worker.org.gradle.process.internal.worker.GradleWorkerMain.main(GradleWorkerMain.java:74)
</stacktrace>
</test-failure>


TypeScriptCompilerTests_T[jvm] > taggedTemplatesWithIncompleteTemplateExpressions4_ts has expected errors matching taggedTemplatesWithIncompleteTemplateExpressions4_errors_txt[jvm] FAILED

<test-failure test="com.xemantic.typescript.compiler.TypeScriptCompilerTests_T.thisInModuleFunction1_ts has expected errors matching thisInModuleFunction1_errors_txt" platform="jvm">
<message>
Expected diagnostics from baseline typescript-repo/tests/baselines/reference/thisInModuleFunction1.errors.txt but none produced
</message>
<stacktrace>
  at com.xemantic.typescript.compiler.TypeScriptTestSupportKt.errorsMatchBaseline(TypeScriptTestSupport.kt:125)
  at com.xemantic.typescript.compiler.TypeScriptCompilerTests_T.thisInModuleFunction1_ts has expected errors matching thisInModuleFunction1_errors_txt(TypeScriptCompilerTests_T.kt:728)
  at java.base/jdk.internal.reflect.DirectMethodHandleAccessor.invoke(DirectMethodHandleAccessor.java:104)
  at java.base/java.lang.reflect.Method.invoke(Method.java:565)
  at org.junit.runners.model.FrameworkMethod$1.runReflectiveCall(FrameworkMethod.java:59)
  at org.junit.internal.runners.model.ReflectiveCallable.run(ReflectiveCallable.java:12)
  at org.junit.runners.model.FrameworkMethod.invokeExplosively(FrameworkMethod.java:56)
  at org.junit.internal.runners.statements.InvokeMethod.evaluate(InvokeMethod.java:17)
  at org.junit.runners.ParentRunner$3.evaluate(ParentRunner.java:306)
  at org.junit.runners.BlockJUnit4ClassRunner$1.evaluate(BlockJUnit4ClassRunner.java:100)
  at org.junit.runners.ParentRunner.runLeaf(ParentRunner.java:366)
  at org.junit.runners.BlockJUnit4ClassRunner.runChild(BlockJUnit4ClassRunner.java:103)
  at org.junit.runners.BlockJUnit4ClassRunner.runChild(BlockJUnit4ClassRunner.java:63)
  at org.junit.runners.ParentRunner$4.run(ParentRunner.java:331)
  at org.junit.runners.ParentRunner$1.schedule(ParentRunner.java:79)
  at org.junit.runners.ParentRunner.runChildren(ParentRunner.java:329)
  at org.junit.runners.ParentRunner.access$100(ParentRunner.java:66)
  at org.junit.runners.ParentRunner$2.evaluate(ParentRunner.java:293)
  at org.junit.runners.ParentRunner$3.evaluate(ParentRunner.java:306)
  at org.junit.runners.ParentRunner.run(ParentRunner.java:413)
  at org.junit.runner.JUnitCore.run(JUnitCore.java:137)
  at org.junit.runner.JUnitCore.run(JUnitCore.java:115)
  at org.gradle.api.internal.tasks.testing.junit.JUnitTestExecutor.runRequest(JUnitTestExecutor.java:175)
  at org.gradle.api.internal.tasks.testing.junit.JUnitTestExecutor.accept(JUnitTestExecutor.java:84)
  at org.gradle.api.internal.tasks.testing.junit.JUnitTestExecutor.accept(JUnitTestExecutor.java:47)
  at org.gradle.api.internal.tasks.testing.junit.AbstractJUnitTestDefinitionProcessor.processTestDefinition(AbstractJUnitTestDefinitionProcessor.java:65)
  at org.gradle.api.internal.tasks.testing.SuiteTestDefinitionProcessor.processTestDefinition(SuiteTestDefinitionProcessor.java:54)
  at java.base/jdk.internal.reflect.DirectMethodHandleAccessor.invoke(DirectMethodHandleAccessor.java:104)
  at java.base/java.lang.reflect.Method.invoke(Method.java:565)
  at org.gradle.internal.dispatch.MethodInvocation.invokeOn(MethodInvocation.java:77)
  at org.gradle.internal.dispatch.ReflectionDispatch.dispatch(ReflectionDispatch.java:28)
  at org.gradle.internal.dispatch.ReflectionDispatch.dispatch(ReflectionDispatch.java:19)
  at org.gradle.internal.dispatch.ContextClassLoaderDispatch.dispatch(ContextClassLoaderDispatch.java:33)
  at org.gradle.internal.dispatch.ProxyDispatchAdapter$DispatchingInvocationHandler.invoke(ProxyDispatchAdapter.java:88)
  at jdk.proxy1/jdk.proxy1.$Proxy4.processTestDefinition(Unknown Source)
  at org.gradle.api.internal.tasks.testing.worker.TestWorker$2.run(TestWorker.java:178)
  at org.gradle.api.internal.tasks.testing.worker.TestWorker.executeAndMaintainThreadName(TestWorker.java:126)
  at org.gradle.api.internal.tasks.testing.worker.TestWorker.execute(TestWorker.java:103)
  at org.gradle.api.internal.tasks.testing.worker.TestWorker.execute(TestWorker.java:63)
  at org.gradle.process.internal.worker.child.ActionExecutionWorker.execute(ActionExecutionWorker.java:56)
  at org.gradle.process.internal.worker.child.SystemApplicationClassLoaderWorker.call(SystemApplicationClassLoaderWorker.java:122)
  at org.gradle.process.internal.worker.child.SystemApplicationClassLoaderWorker.call(SystemApplicationClassLoaderWorker.java:72)
  at worker.org.gradle.process.internal.worker.GradleWorkerMain.run(GradleWorkerMain.java:69)
  at worker.org.gradle.process.internal.worker.GradleWorkerMain.main(GradleWorkerMain.java:74)
</stacktrace>
</test-failure>


TypeScriptCompilerTests_T[jvm] > thisInModuleFunction1_ts has expected errors matching thisInModuleFunction1_errors_txt[jvm] FAILED

<test-failure test="com.xemantic.typescript.compiler.TypeScriptCompilerTests_T.targetTypeTest3_ts has expected errors matching targetTypeTest3_errors_txt" platform="jvm">
<message>
Expected diagnostics from baseline typescript-repo/tests/baselines/reference/targetTypeTest3.errors.txt but none produced
</message>
<stacktrace>
  at com.xemantic.typescript.compiler.TypeScriptTestSupportKt.errorsMatchBaseline(TypeScriptTestSupport.kt:125)
  at com.xemantic.typescript.compiler.TypeScriptCompilerTests_T.targetTypeTest3_ts has expected errors matching targetTypeTest3_errors_txt(TypeScriptCompilerTests_T.kt:378)
  at java.base/jdk.internal.reflect.DirectMethodHandleAccessor.invoke(DirectMethodHandleAccessor.java:104)
  at java.base/java.lang.reflect.Method.invoke(Method.java:565)
  at org.junit.runners.model.FrameworkMethod$1.runReflectiveCall(FrameworkMethod.java:59)
  at org.junit.internal.runners.model.ReflectiveCallable.run(ReflectiveCallable.java:12)
  at org.junit.runners.model.FrameworkMethod.invokeExplosively(FrameworkMethod.java:56)
  at org.junit.internal.runners.statements.InvokeMethod.evaluate(InvokeMethod.java:17)
  at org.junit.runners.ParentRunner$3.evaluate(ParentRunner.java:306)
  at org.junit.runners.BlockJUnit4ClassRunner$1.evaluate(BlockJUnit4ClassRunner.java:100)
  at org.junit.runners.ParentRunner.runLeaf(ParentRunner.java:366)
  at org.junit.runners.BlockJUnit4ClassRunner.runChild(BlockJUnit4ClassRunner.java:103)
  at org.junit.runners.BlockJUnit4ClassRunner.runChild(BlockJUnit4ClassRunner.java:63)
  at org.junit.runners.ParentRunner$4.run(ParentRunner.java:331)
  at org.junit.runners.ParentRunner$1.schedule(ParentRunner.java:79)
  at org.junit.runners.ParentRunner.runChildren(ParentRunner.java:329)
  at org.junit.runners.ParentRunner.access$100(ParentRunner.java:66)
  at org.junit.runners.ParentRunner$2.evaluate(ParentRunner.java:293)
  at org.junit.runners.ParentRunner$3.evaluate(ParentRunner.java:306)
  at org.junit.runners.ParentRunner.run(ParentRunner.java:413)
  at org.junit.runner.JUnitCore.run(JUnitCore.java:137)
  at org.junit.runner.JUnitCore.run(JUnitCore.java:115)
  at org.gradle.api.internal.tasks.testing.junit.JUnitTestExecutor.runRequest(JUnitTestExecutor.java:175)
  at org.gradle.api.internal.tasks.testing.junit.JUnitTestExecutor.accept(JUnitTestExecutor.java:84)
  at org.gradle.api.internal.tasks.testing.junit.JUnitTestExecutor.accept(JUnitTestExecutor.java:47)
  at org.gradle.api.internal.tasks.testing.junit.AbstractJUnitTestDefinitionProcessor.processTestDefinition(AbstractJUnitTestDefinitionProcessor.java:65)
  at org.gradle.api.internal.tasks.testing.SuiteTestDefinitionProcessor.processTestDefinition(SuiteTestDefinitionProcessor.java:54)
  at java.base/jdk.internal.reflect.DirectMethodHandleAccessor.invoke(DirectMethodHandleAccessor.java:104)
  at java.base/java.lang.reflect.Method.invoke(Method.java:565)
  at org.gradle.internal.dispatch.MethodInvocation.invokeOn(MethodInvocation.java:77)
  at org.gradle.internal.dispatch.ReflectionDispatch.dispatch(ReflectionDispatch.java:28)
  at org.gradle.internal.dispatch.ReflectionDispatch.dispatch(ReflectionDispatch.java:19)
  at org.gradle.internal.dispatch.ContextClassLoaderDispatch.dispatch(ContextClassLoaderDispatch.java:33)
  at org.gradle.internal.dispatch.ProxyDispatchAdapter$DispatchingInvocationHandler.invoke(ProxyDispatchAdapter.java:88)
  at jdk.proxy1/jdk.proxy1.$Proxy4.processTestDefinition(Unknown Source)
  at org.gradle.api.internal.tasks.testing.worker.TestWorker$2.run(TestWorker.java:178)
  at org.gradle.api.internal.tasks.testing.worker.TestWorker.executeAndMaintainThreadName(TestWorker.java:126)
  at org.gradle.api.internal.tasks.testing.worker.TestWorker.execute(TestWorker.java:103)
  at org.gradle.api.internal.tasks.testing.worker.TestWorker.execute(TestWorker.java:63)
  at org.gradle.process.internal.worker.child.ActionExecutionWorker.execute(ActionExecutionWorker.java:56)
  at org.gradle.process.internal.worker.child.SystemApplicationClassLoaderWorker.call(SystemApplicationClassLoaderWorker.java:122)
  at org.gradle.process.internal.worker.child.SystemApplicationClassLoaderWorker.call(SystemApplicationClassLoaderWorker.java:72)
  at worker.org.gradle.process.internal.worker.GradleWorkerMain.run(GradleWorkerMain.java:69)
  at worker.org.gradle.process.internal.worker.GradleWorkerMain.main(GradleWorkerMain.java:74)
</stacktrace>
</test-failure>


TypeScriptCompilerTests_T[jvm] > targetTypeTest3_ts has expected errors matching targetTypeTest3_errors_txt[jvm] FAILED

<test-failure test="com.xemantic.typescript.compiler.TypeScriptCompilerTests_T.typePredicateInherit_ts has expected errors matching typePredicateInherit_errors_txt" platform="jvm">
<message>
--- expected
+++ actual
@@ -1,21 +1,15 @@
 typePredicateInherit.ts(11,3): error TS2416: Property 'method1' in type 'B' is not assignable to the same property in base type 'A'.
-  Type '() => void' is not assignable to type '() => this is { a: 1; }'.
-    Signature '(): void' must be a type predicate.
+  Type '() => void' is not assignable to type '() => boolean'.
+    Type 'void' is not assignable to type 'boolean'.
 typePredicateInherit.ts(13,3): error TS2416: Property 'method2' in type 'B' is not assignable to the same property in base type 'A'.
   Type '() => void' is not assignable to type '() => boolean'.
     Type 'void' is not assignable to type 'boolean'.
-typePredicateInherit.ts(15,3): error TS2416: Property 'method3' in type 'B' is not assignable to the same property in base type 'A'.
-  Type '() => boolean' is not assignable to type '() => this is { a: 1; }'.
-    Signature '(): boolean' must be a type predicate.
 typePredicateInherit.ts(41,3): error TS2416: Property 'method1' in type 'D' is not assignable to the same property in base type 'C'.
-  Type '() => void' is not assignable to type '() => this is { a: 1; }'.
-    Signature '(): void' must be a type predicate.
-typePredicateInherit.ts(50,3): error TS2416: Property 'method3' in type 'D' is not assignable to the same property in base type 'C'.
-  Type '() => boolean' is not assignable to type '() => this is { a: 1; }'.
-    Signature '(): boolean' must be a type predicate.
+  Type '() => void' is not assignable to type '() => boolean'.
+    Type 'void' is not assignable to type 'boolean'.
 
 
-==== typePredicateInherit.ts (5 errors) ====
+==== typePredicateInherit.ts (3 errors) ====
     interface A {
       method1(): this is {
         a: 1
@@ -29,8 +23,8 @@
       method1() { }      // should error
       ~~~~~~~
 !!! error TS2416: Property 'method1' in type 'B' is not assignable to the same property in base type 'A'.
-!!! error TS2416:   Type '() => void' is not assignable to type '() => this is { a: 1; }'.
-!!! error TS2416:     Signature '(): void' must be a type predicate.
+!!! error TS2416:   Type '() => void' is not assignable to type '() => boolean'.
+!!! error TS2416:     Type 'void' is not assignable to type 'boolean'.
     
       method2() { }   // should error
       ~~~~~~~
@@ -39,10 +33,6 @@
 !!! error TS2416:     Type 'void' is not assignable to type 'boolean'.
     
       method3() {   // should error
-      ~~~~~~~
-!!! error TS2416: Property 'method3' in type 'B' is not assignable to the same property in base type 'A'.
-!!! error TS2416:   Type '() => boolean' is not assignable to type '() => this is { a: 1; }'.
-!!! error TS2416:     Signature '(): boolean' must be a type predicate.
         return true
       }
     }
@@ -71,8 +61,8 @@
       method1(): void {   // should error
       ~~~~~~~
 !!! error TS2416: Property 'method1' in type 'D' is not assignable to the same property in base type 'C'.
-!!! error TS2416:   Type '() => void' is not assignable to type '() => this is { a: 1; }'.
-!!! error TS2416:     Signature '(): void' must be a type predicate.
+!!! error TS2416:   Type '() => void' is not assignable to type '() => boolean'.
+!!! error TS2416:     Type 'void' is not assignable to type 'boolean'.
       }
     
       method2(): this is {  // should ok
@@ -82,10 +72,6 @@
       }
     
       method3(): boolean {  // should error
-      ~~~~~~~
-!!! error TS2416: Property 'method3' in type 'D' is not assignable to the same property in base type 'C'.
-!!! error TS2416:   Type '() => boolean' is not assignable to type '() => this is { a: 1; }'.
-!!! error TS2416:     Signature '(): boolean' must be a type predicate.
         return true;
       }
     }

</message>
<stacktrace>
  at org.junit.Assert.fail(Assert.java:89)
  at kotlin.test.junit.JUnitAsserter.fail(JUnitSupport.kt:56)
  at kotlin.test.AssertionsKt__AssertionsKt.fail(Assertions.kt:563)
  at kotlin.test.AssertionsKt.fail(Unknown Source)
  at com.xemantic.kotlin.test.SameAsKt.sameAs(SameAs.kt:52)
  at com.xemantic.typescript.compiler.TypeScriptTestSupportKt.errorsMatchBaseline(TypeScriptTestSupport.kt:135)
  at com.xemantic.typescript.compiler.TypeScriptCompilerTests_T.typePredicateInherit_ts has expected errors matching typePredicateInherit_errors_txt(TypeScriptCompilerTests_T.kt:3045)
  at java.base/jdk.internal.reflect.DirectMethodHandleAccessor.invoke(DirectMethodHandleAccessor.java:104)
  at java.base/java.lang.reflect.Method.invoke(Method.java:565)
  at org.junit.runners.model.FrameworkMethod$1.runReflectiveCall(FrameworkMethod.java:59)
  at org.junit.internal.runners.model.ReflectiveCallable.run(ReflectiveCallable.java:12)
  at org.junit.runners.model.FrameworkMethod.invokeExplosively(FrameworkMethod.java:56)
  at org.junit.internal.runners.statements.InvokeMethod.evaluate(InvokeMethod.java:17)
  at org.junit.runners.ParentRunner$3.evaluate(ParentRunner.java:306)
  at org.junit.runners.BlockJUnit4ClassRunner$1.evaluate(BlockJUnit4ClassRunner.java:100)
  at org.junit.runners.ParentRunner.runLeaf(ParentRunner.java:366)
  at org.junit.runners.BlockJUnit4ClassRunner.runChild(BlockJUnit4ClassRunner.java:103)
  at org.junit.runners.BlockJUnit4ClassRunner.runChild(BlockJUnit4ClassRunner.java:63)
  at org.junit.runners.ParentRunner$4.run(ParentRunner.java:331)
  at org.junit.runners.ParentRunner$1.schedule(ParentRunner.java:79)
  at org.junit.runners.ParentRunner.runChildren(ParentRunner.java:329)
  at org.junit.runners.ParentRunner.access$100(ParentRunner.java:66)
  at org.junit.runners.ParentRunner$2.evaluate(ParentRunner.java:293)
  at org.junit.runners.ParentRunner$3.evaluate(ParentRunner.java:306)
  at org.junit.runners.ParentRunner.run(ParentRunner.java:413)
  at org.junit.runner.JUnitCore.run(JUnitCore.java:137)
  at org.junit.runner.JUnitCore.run(JUnitCore.java:115)
  at org.gradle.api.internal.tasks.testing.junit.JUnitTestExecutor.runRequest(JUnitTestExecutor.java:175)
  at org.gradle.api.internal.tasks.testing.junit.JUnitTestExecutor.accept(JUnitTestExecutor.java:84)
  at org.gradle.api.internal.tasks.testing.junit.JUnitTestExecutor.accept(JUnitTestExecutor.java:47)
  at org.gradle.api.internal.tasks.testing.junit.AbstractJUnitTestDefinitionProcessor.processTestDefinition(AbstractJUnitTestDefinitionProcessor.java:65)
  at org.gradle.api.internal.tasks.testing.SuiteTestDefinitionProcessor.processTestDefinition(SuiteTestDefinitionProcessor.java:54)
  at java.base/jdk.internal.reflect.DirectMethodHandleAccessor.invoke(DirectMethodHandleAccessor.java:104)
  at java.base/java.lang.reflect.Method.invoke(Method.java:565)
  at org.gradle.internal.dispatch.MethodInvocation.invokeOn(MethodInvocation.java:77)
  at org.gradle.internal.dispatch.ReflectionDispatch.dispatch(ReflectionDispatch.java:28)
  at org.gradle.internal.dispatch.ReflectionDispatch.dispatch(ReflectionDispatch.java:19)
  at org.gradle.internal.dispatch.ContextClassLoaderDispatch.dispatch(ContextClassLoaderDispatch.java:33)
  at org.gradle.internal.dispatch.ProxyDispatchAdapter$DispatchingInvocationHandler.invoke(ProxyDispatchAdapter.java:88)
  at jdk.proxy1/jdk.proxy1.$Proxy4.processTestDefinition(Unknown Source)
  at org.gradle.api.internal.tasks.testing.worker.TestWorker$2.run(TestWorker.java:178)
  at org.gradle.api.internal.tasks.testing.worker.TestWorker.executeAndMaintainThreadName(TestWorker.java:126)
  at org.gradle.api.internal.tasks.testing.worker.TestWorker.execute(TestWorker.java:103)
  at org.gradle.api.internal.tasks.testing.worker.TestWorker.execute(TestWorker.java:63)
  at org.gradle.process.internal.worker.child.ActionExecutionWorker.execute(ActionExecutionWorker.java:56)
  at org.gradle.process.internal.worker.child.SystemApplicationClassLoaderWorker.call(SystemApplicationClassLoaderWorker.java:122)
  at org.gradle.process.internal.worker.child.SystemApplicationClassLoaderWorker.call(SystemApplicationClassLoaderWorker.java:72)
  at worker.org.gradle.process.internal.worker.GradleWorkerMain.run(GradleWorkerMain.java:69)
  at worker.org.gradle.process.internal.worker.GradleWorkerMain.main(GradleWorkerMain.java:74)
</stacktrace>
</test-failure>


TypeScriptCompilerTests_T[jvm] > typePredicateInherit_ts has expected errors matching typePredicateInherit_errors_txt[jvm] FAILED

<test-failure test="com.xemantic.typescript.compiler.TypeScriptCompilerTests_T.thisPredicateInObjectLiteral_ts has expected errors matching thisPredicateInObjectLiteral_errors_txt" platform="jvm">
<message>
Expected diagnostics from baseline typescript-repo/tests/baselines/reference/thisPredicateInObjectLiteral.errors.txt but none produced
</message>
<stacktrace>
  at com.xemantic.typescript.compiler.TypeScriptTestSupportKt.errorsMatchBaseline(TypeScriptTestSupport.kt:125)
  at com.xemantic.typescript.compiler.TypeScriptCompilerTests_T.thisPredicateInObjectLiteral_ts has expected errors matching thisPredicateInObjectLiteral_errors_txt(TypeScriptCompilerTests_T.kt:882)
  at java.base/jdk.internal.reflect.DirectMethodHandleAccessor.invoke(DirectMethodHandleAccessor.java:104)
  at java.base/java.lang.reflect.Method.invoke(Method.java:565)
  at org.junit.runners.model.FrameworkMethod$1.runReflectiveCall(FrameworkMethod.java:59)
  at org.junit.internal.runners.model.ReflectiveCallable.run(ReflectiveCallable.java:12)
  at org.junit.runners.model.FrameworkMethod.invokeExplosively(FrameworkMethod.java:56)
  at org.junit.internal.runners.statements.InvokeMethod.evaluate(InvokeMethod.java:17)
  at org.junit.runners.ParentRunner$3.evaluate(ParentRunner.java:306)
  at org.junit.runners.BlockJUnit4ClassRunner$1.evaluate(BlockJUnit4ClassRunner.java:100)
  at org.junit.runners.ParentRunner.runLeaf(ParentRunner.java:366)
  at org.junit.runners.BlockJUnit4ClassRunner.runChild(BlockJUnit4ClassRunner.java:103)
  at org.junit.runners.BlockJUnit4ClassRunner.runChild(BlockJUnit4ClassRunner.java:63)
  at org.junit.runners.ParentRunner$4.run(ParentRunner.java:331)
  at org.junit.runners.ParentRunner$1.schedule(ParentRunner.java:79)
  at org.junit.runners.ParentRunner.runChildren(ParentRunner.java:329)
  at org.junit.runners.ParentRunner.access$100(ParentRunner.java:66)
  at org.junit.runners.ParentRunner$2.evaluate(ParentRunner.java:293)
  at org.junit.runners.ParentRunner$3.evaluate(ParentRunner.java:306)
  at org.junit.runners.ParentRunner.run(ParentRunner.java:413)
  at org.junit.runner.JUnitCore.run(JUnitCore.java:137)
  at org.junit.runner.JUnitCore.run(JUnitCore.java:115)
  at org.gradle.api.internal.tasks.testing.junit.JUnitTestExecutor.runRequest(JUnitTestExecutor.java:175)
  at org.gradle.api.internal.tasks.testing.junit.JUnitTestExecutor.accept(JUnitTestExecutor.java:84)
  at org.gradle.api.internal.tasks.testing.junit.JUnitTestExecutor.accept(JUnitTestExecutor.java:47)
  at org.gradle.api.internal.tasks.testing.junit.AbstractJUnitTestDefinitionProcessor.processTestDefinition(AbstractJUnitTestDefinitionProcessor.java:65)
  at org.gradle.api.internal.tasks.testing.SuiteTestDefinitionProcessor.processTestDefinition(SuiteTestDefinitionProcessor.java:54)
  at java.base/jdk.internal.reflect.DirectMethodHandleAccessor.invoke(DirectMethodHandleAccessor.java:104)
  at java.base/java.lang.reflect.Method.invoke(Method.java:565)
  at org.gradle.internal.dispatch.MethodInvocation.invokeOn(MethodInvocation.java:77)
  at org.gradle.internal.dispatch.ReflectionDispatch.dispatch(ReflectionDispatch.java:28)
  at org.gradle.internal.dispatch.ReflectionDispatch.dispatch(ReflectionDispatch.java:19)
  at org.gradle.internal.dispatch.ContextClassLoaderDispatch.dispatch(ContextClassLoaderDispatch.java:33)
  at org.gradle.internal.dispatch.ProxyDispatchAdapter$DispatchingInvocationHandler.invoke(ProxyDispatchAdapter.java:88)
  at jdk.proxy1/jdk.proxy1.$Proxy4.processTestDefinition(Unknown Source)
  at org.gradle.api.internal.tasks.testing.worker.TestWorker$2.run(TestWorker.java:178)
  at org.gradle.api.internal.tasks.testing.worker.TestWorker.executeAndMaintainThreadName(TestWorker.java:126)
  at org.gradle.api.internal.tasks.testing.worker.TestWorker.execute(TestWorker.java:103)
  at org.gradle.api.internal.tasks.testing.worker.TestWorker.execute(TestWorker.java:63)
  at org.gradle.process.internal.worker.child.ActionExecutionWorker.execute(ActionExecutionWorker.java:56)
  at org.gradle.process.internal.worker.child.SystemApplicationClassLoaderWorker.call(SystemApplicationClassLoaderWorker.java:122)
  at org.gradle.process.internal.worker.child.SystemApplicationClassLoaderWorker.call(SystemApplicationClassLoaderWorker.java:72)
  at worker.org.gradle.process.internal.worker.GradleWorkerMain.run(GradleWorkerMain.java:69)
  at worker.org.gradle.process.internal.worker.GradleWorkerMain.main(GradleWorkerMain.java:74)
</stacktrace>
</test-failure>


TypeScriptCompilerTests_T[jvm] > thisPredicateInObjectLiteral_ts has expected errors matching thisPredicateInObjectLiteral_errors_txt[jvm] FAILED

<test-failure test="com.xemantic.typescript.compiler.TypeScriptCompilerTests_T.thisBinding_ts has expected errors matching thisBinding_errors_txt" platform="jvm">
<message>
Expected diagnostics from baseline typescript-repo/tests/baselines/reference/thisBinding.errors.txt but none produced
</message>
<stacktrace>
  at com.xemantic.typescript.compiler.TypeScriptTestSupportKt.errorsMatchBaseline(TypeScriptTestSupport.kt:125)
  at com.xemantic.typescript.compiler.TypeScriptCompilerTests_T.thisBinding_ts has expected errors matching thisBinding_errors_txt(TypeScriptCompilerTests_T.kt:546)
  at java.base/jdk.internal.reflect.DirectMethodHandleAccessor.invoke(DirectMethodHandleAccessor.java:104)
  at java.base/java.lang.reflect.Method.invoke(Method.java:565)
  at org.junit.runners.model.FrameworkMethod$1.runReflectiveCall(FrameworkMethod.java:59)
  at org.junit.internal.runners.model.ReflectiveCallable.run(ReflectiveCallable.java:12)
  at org.junit.runners.model.FrameworkMethod.invokeExplosively(FrameworkMethod.java:56)
  at org.junit.internal.runners.statements.InvokeMethod.evaluate(InvokeMethod.java:17)
  at org.junit.runners.ParentRunner$3.evaluate(ParentRunner.java:306)
  at org.junit.runners.BlockJUnit4ClassRunner$1.evaluate(BlockJUnit4ClassRunner.java:100)
  at org.junit.runners.ParentRunner.runLeaf(ParentRunner.java:366)
  at org.junit.runners.BlockJUnit4ClassRunner.runChild(BlockJUnit4ClassRunner.java:103)
  at org.junit.runners.BlockJUnit4ClassRunner.runChild(BlockJUnit4ClassRunner.java:63)
  at org.junit.runners.ParentRunner$4.run(ParentRunner.java:331)
  at org.junit.runners.ParentRunner$1.schedule(ParentRunner.java:79)
  at org.junit.runners.ParentRunner.runChildren(ParentRunner.java:329)
  at org.junit.runners.ParentRunner.access$100(ParentRunner.java:66)
  at org.junit.runners.ParentRunner$2.evaluate(ParentRunner.java:293)
  at org.junit.runners.ParentRunner$3.evaluate(ParentRunner.java:306)
  at org.junit.runners.ParentRunner.run(ParentRunner.java:413)
  at org.junit.runner.JUnitCore.run(JUnitCore.java:137)
  at org.junit.runner.JUnitCore.run(JUnitCore.java:115)
  at org.gradle.api.internal.tasks.testing.junit.JUnitTestExecutor.runRequest(JUnitTestExecutor.java:175)
  at org.gradle.api.internal.tasks.testing.junit.JUnitTestExecutor.accept(JUnitTestExecutor.java:84)
  at org.gradle.api.internal.tasks.testing.junit.JUnitTestExecutor.accept(JUnitTestExecutor.java:47)
  at org.gradle.api.internal.tasks.testing.junit.AbstractJUnitTestDefinitionProcessor.processTestDefinition(AbstractJUnitTestDefinitionProcessor.java:65)
  at org.gradle.api.internal.tasks.testing.SuiteTestDefinitionProcessor.processTestDefinition(SuiteTestDefinitionProcessor.java:54)
  at java.base/jdk.internal.reflect.DirectMethodHandleAccessor.invoke(DirectMethodHandleAccessor.java:104)
  at java.base/java.lang.reflect.Method.invoke(Method.java:565)
  at org.gradle.internal.dispatch.MethodInvocation.invokeOn(MethodInvocation.java:77)
  at org.gradle.internal.dispatch.ReflectionDispatch.dispatch(ReflectionDispatch.java:28)
  at org.gradle.internal.dispatch.ReflectionDispatch.dispatch(ReflectionDispatch.java:19)
  at org.gradle.internal.dispatch.ContextClassLoaderDispatch.dispatch(ContextClassLoaderDispatch.java:33)
  at org.gradle.internal.dispatch.ProxyDispatchAdapter$DispatchingInvocationHandler.invoke(ProxyDispatchAdapter.java:88)
  at jdk.proxy1/jdk.proxy1.$Proxy4.processTestDefinition(Unknown Source)
  at org.gradle.api.internal.tasks.testing.worker.TestWorker$2.run(TestWorker.java:178)
  at org.gradle.api.internal.tasks.testing.worker.TestWorker.executeAndMaintainThreadName(TestWorker.java:126)
  at org.gradle.api.internal.tasks.testing.worker.TestWorker.execute(TestWorker.java:103)
  at org.gradle.api.internal.tasks.testing.worker.TestWorker.execute(TestWorker.java:63)
  at org.gradle.process.internal.worker.child.ActionExecutionWorker.execute(ActionExecutionWorker.java:56)
  at org.gradle.process.internal.worker.child.SystemApplicationClassLoaderWorker.call(SystemApplicationClassLoaderWorker.java:122)
  at org.gradle.process.internal.worker.child.SystemApplicationClassLoaderWorker.call(SystemApplicationClassLoaderWorker.java:72)
  at worker.org.gradle.process.internal.worker.GradleWorkerMain.run(GradleWorkerMain.java:69)
  at worker.org.gradle.process.internal.worker.GradleWorkerMain.main(GradleWorkerMain.java:74)
</stacktrace>
</test-failure>


TypeScriptCompilerTests_T[jvm] > thisBinding_ts has expected errors matching thisBinding_errors_txt[jvm] FAILED

<test-failure test="com.xemantic.typescript.compiler.TypeScriptCompilerTests_T.taggedTemplatesWithIncompleteNoSubstitutionTemplate1_ts has expected errors matching taggedTemplatesWithIncompleteNoSubstitutionTemplate1_errors_txt" platform="jvm">
<message>
Expected diagnostics from baseline typescript-repo/tests/baselines/reference/taggedTemplatesWithIncompleteNoSubstitutionTemplate1.errors.txt but none produced
</message>
<stacktrace>
  at com.xemantic.typescript.compiler.TypeScriptTestSupportKt.errorsMatchBaseline(TypeScriptTestSupport.kt:125)
  at com.xemantic.typescript.compiler.TypeScriptCompilerTests_T.taggedTemplatesWithIncompleteNoSubstitutionTemplate1_ts has expected errors matching taggedTemplatesWithIncompleteNoSubstitutionTemplate1_errors_txt(TypeScriptCompilerTests_T.kt:154)
  at java.base/jdk.internal.reflect.DirectMethodHandleAccessor.invoke(DirectMethodHandleAccessor.java:104)
  at java.base/java.lang.reflect.Method.invoke(Method.java:565)
  at org.junit.runners.model.FrameworkMethod$1.runReflectiveCall(FrameworkMethod.java:59)
  at org.junit.internal.runners.model.ReflectiveCallable.run(ReflectiveCallable.java:12)
  at org.junit.runners.model.FrameworkMethod.invokeExplosively(FrameworkMethod.java:56)
  at org.junit.internal.runners.statements.InvokeMethod.evaluate(InvokeMethod.java:17)
  at org.junit.runners.ParentRunner$3.evaluate(ParentRunner.java:306)
  at org.junit.runners.BlockJUnit4ClassRunner$1.evaluate(BlockJUnit4ClassRunner.java:100)
  at org.junit.runners.ParentRunner.runLeaf(ParentRunner.java:366)
  at org.junit.runners.BlockJUnit4ClassRunner.runChild(BlockJUnit4ClassRunner.java:103)
  at org.junit.runners.BlockJUnit4ClassRunner.runChild(BlockJUnit4ClassRunner.java:63)
  at org.junit.runners.ParentRunner$4.run(ParentRunner.java:331)
  at org.junit.runners.ParentRunner$1.schedule(ParentRunner.java:79)
  at org.junit.runners.ParentRunner.runChildren(ParentRunner.java:329)
  at org.junit.runners.ParentRunner.access$100(ParentRunner.java:66)
  at org.junit.runners.ParentRunner$2.evaluate(ParentRunner.java:293)
  at org.junit.runners.ParentRunner$3.evaluate(ParentRunner.java:306)
  at org.junit.runners.ParentRunner.run(ParentRunner.java:413)
  at org.junit.runner.JUnitCore.run(JUnitCore.java:137)
  at org.junit.runner.JUnitCore.run(JUnitCore.java:115)
  at org.gradle.api.internal.tasks.testing.junit.JUnitTestExecutor.runRequest(JUnitTestExecutor.java:175)
  at org.gradle.api.internal.tasks.testing.junit.JUnitTestExecutor.accept(JUnitTestExecutor.java:84)
  at org.gradle.api.internal.tasks.testing.junit.JUnitTestExecutor.accept(JUnitTestExecutor.java:47)
  at org.gradle.api.internal.tasks.testing.junit.AbstractJUnitTestDefinitionProcessor.processTestDefinition(AbstractJUnitTestDefinitionProcessor.java:65)
  at org.gradle.api.internal.tasks.testing.SuiteTestDefinitionProcessor.processTestDefinition(SuiteTestDefinitionProcessor.java:54)
  at java.base/jdk.internal.reflect.DirectMethodHandleAccessor.invoke(DirectMethodHandleAccessor.java:104)
  at java.base/java.lang.reflect.Method.invoke(Method.java:565)
  at org.gradle.internal.dispatch.MethodInvocation.invokeOn(MethodInvocation.java:77)
  at org.gradle.internal.dispatch.ReflectionDispatch.dispatch(ReflectionDispatch.java:28)
  at org.gradle.internal.dispatch.ReflectionDispatch.dispatch(ReflectionDispatch.java:19)
  at org.gradle.internal.dispatch.ContextClassLoaderDispatch.dispatch(ContextClassLoaderDispatch.java:33)
  at org.gradle.internal.dispatch.ProxyDispatchAdapter$DispatchingInvocationHandler.invoke(ProxyDispatchAdapter.java:88)
  at jdk.proxy1/jdk.proxy1.$Proxy4.processTestDefinition(Unknown Source)
  at org.gradle.api.internal.tasks.testing.worker.TestWorker$2.run(TestWorker.java:178)
  at org.gradle.api.internal.tasks.testing.worker.TestWorker.executeAndMaintainThreadName(TestWorker.java:126)
  at org.gradle.api.internal.tasks.testing.worker.TestWorker.execute(TestWorker.java:103)
  at org.gradle.api.internal.tasks.testing.worker.TestWorker.execute(TestWorker.java:63)
  at org.gradle.process.internal.worker.child.ActionExecutionWorker.execute(ActionExecutionWorker.java:56)
  at org.gradle.process.internal.worker.child.SystemApplicationClassLoaderWorker.call(SystemApplicationClassLoaderWorker.java:122)
  at org.gradle.process.internal.worker.child.SystemApplicationClassLoaderWorker.call(SystemApplicationClassLoaderWorker.java:72)
  at worker.org.gradle.process.internal.worker.GradleWorkerMain.run(GradleWorkerMain.java:69)
  at worker.org.gradle.process.internal.worker.GradleWorkerMain.main(GradleWorkerMain.java:74)
</stacktrace>
</test-failure>


TypeScriptCompilerTests_T[jvm] > taggedTemplatesWithIncompleteNoSubstitutionTemplate1_ts has expected errors matching taggedTemplatesWithIncompleteNoSubstitutionTemplate1_errors_txt[jvm] FAILED

<test-failure test="com.xemantic.typescript.compiler.TypeScriptCompilerTests_T.tslibInJs_ts has expected errors matching tslibInJs_errors_txt" platform="jvm">
<message>
Expected diagnostics from baseline typescript-repo/tests/baselines/reference/tslibInJs.errors.txt but none produced
</message>
<stacktrace>
  at com.xemantic.typescript.compiler.TypeScriptTestSupportKt.errorsMatchBaseline(TypeScriptTestSupport.kt:125)
  at com.xemantic.typescript.compiler.TypeScriptCompilerTests_T.tslibInJs_ts has expected errors matching tslibInJs_errors_txt(TypeScriptCompilerTests_T.kt:1442)
  at java.base/jdk.internal.reflect.DirectMethodHandleAccessor.invoke(DirectMethodHandleAccessor.java:104)
  at java.base/java.lang.reflect.Method.invoke(Method.java:565)
  at org.junit.runners.model.FrameworkMethod$1.runReflectiveCall(FrameworkMethod.java:59)
  at org.junit.internal.runners.model.ReflectiveCallable.run(ReflectiveCallable.java:12)
  at org.junit.runners.model.FrameworkMethod.invokeExplosively(FrameworkMethod.java:56)
  at org.junit.internal.runners.statements.InvokeMethod.evaluate(InvokeMethod.java:17)
  at org.junit.runners.ParentRunner$3.evaluate(ParentRunner.java:306)
  at org.junit.runners.BlockJUnit4ClassRunner$1.evaluate(BlockJUnit4ClassRunner.java:100)
  at org.junit.runners.ParentRunner.runLeaf(ParentRunner.java:366)
  at org.junit.runners.BlockJUnit4ClassRunner.runChild(BlockJUnit4ClassRunner.java:103)
  at org.junit.runners.BlockJUnit4ClassRunner.runChild(BlockJUnit4ClassRunner.java:63)
  at org.junit.runners.ParentRunner$4.run(ParentRunner.java:331)
  at org.junit.runners.ParentRunner$1.schedule(ParentRunner.java:79)
  at org.junit.runners.ParentRunner.runChildren(ParentRunner.java:329)
  at org.junit.runners.ParentRunner.access$100(ParentRunner.java:66)
  at org.junit.runners.ParentRunner$2.evaluate(ParentRunner.java:293)
  at org.junit.runners.ParentRunner$3.evaluate(ParentRunner.java:306)
  at org.junit.runners.ParentRunner.run(ParentRunner.java:413)
  at org.junit.runner.JUnitCore.run(JUnitCore.java:137)
  at org.junit.runner.JUnitCore.run(JUnitCore.java:115)
  at org.gradle.api.internal.tasks.testing.junit.JUnitTestExecutor.runRequest(JUnitTestExecutor.java:175)
  at org.gradle.api.internal.tasks.testing.junit.JUnitTestExecutor.accept(JUnitTestExecutor.java:84)
  at org.gradle.api.internal.tasks.testing.junit.JUnitTestExecutor.accept(JUnitTestExecutor.java:47)
  at org.gradle.api.internal.tasks.testing.junit.AbstractJUnitTestDefinitionProcessor.processTestDefinition(AbstractJUnitTestDefinitionProcessor.java:65)
  at org.gradle.api.internal.tasks.testing.SuiteTestDefinitionProcessor.processTestDefinition(SuiteTestDefinitionProcessor.java:54)
  at java.base/jdk.internal.reflect.DirectMethodHandleAccessor.invoke(DirectMethodHandleAccessor.java:104)
  at java.base/java.lang.reflect.Method.invoke(Method.java:565)
  at org.gradle.internal.dispatch.MethodInvocation.invokeOn(MethodInvocation.java:77)
  at org.gradle.internal.dispatch.ReflectionDispatch.dispatch(ReflectionDispatch.java:28)
  at org.gradle.internal.dispatch.ReflectionDispatch.dispatch(ReflectionDispatch.java:19)
  at org.gradle.internal.dispatch.ContextClassLoaderDispatch.dispatch(ContextClassLoaderDispatch.java:33)
  at org.gradle.internal.dispatch.ProxyDispatchAdapter$DispatchingInvocationHandler.invoke(ProxyDispatchAdapter.java:88)
  at jdk.proxy1/jdk.proxy1.$Proxy4.processTestDefinition(Unknown Source)
  at org.gradle.api.internal.tasks.testing.worker.TestWorker$2.run(TestWorker.java:178)
  at org.gradle.api.internal.tasks.testing.worker.TestWorker.executeAndMaintainThreadName(TestWorker.java:126)
  at org.gradle.api.internal.tasks.testing.worker.TestWorker.execute(TestWorker.java:103)
  at org.gradle.api.internal.tasks.testing.worker.TestWorker.execute(TestWorker.java:63)
  at org.gradle.process.internal.worker.child.ActionExecutionWorker.execute(ActionExecutionWorker.java:56)
  at org.gradle.process.internal.worker.child.SystemApplicationClassLoaderWorker.call(SystemApplicationClassLoaderWorker.java:122)
  at org.gradle.process.internal.worker.child.SystemApplicationClassLoaderWorker.call(SystemApplicationClassLoaderWorker.java:72)
  at worker.org.gradle.process.internal.worker.GradleWorkerMain.run(GradleWorkerMain.java:69)
  at worker.org.gradle.process.internal.worker.GradleWorkerMain.main(GradleWorkerMain.java:74)
</stacktrace>
</test-failure>


TypeScriptCompilerTests_T[jvm] > tslibInJs_ts has expected errors matching tslibInJs_errors_txt[jvm] FAILED

<test-failure test="com.xemantic.typescript.compiler.TypeScriptCompilerTests_T.typeComparisonCaching_ts has expected errors matching typeComparisonCaching_errors_txt" platform="jvm">
<message>
Expected diagnostics from baseline typescript-repo/tests/baselines/reference/typeComparisonCaching.errors.txt but none produced
</message>
<stacktrace>
  at com.xemantic.typescript.compiler.TypeScriptTestSupportKt.errorsMatchBaseline(TypeScriptTestSupport.kt:125)
  at com.xemantic.typescript.compiler.TypeScriptCompilerTests_T.typeComparisonCaching_ts has expected errors matching typeComparisonCaching_errors_txt(TypeScriptCompilerTests_T.kt:1967)
  at java.base/jdk.internal.reflect.DirectMethodHandleAccessor.invoke(DirectMethodHandleAccessor.java:104)
  at java.base/java.lang.reflect.Method.invoke(Method.java:565)
  at org.junit.runners.model.FrameworkMethod$1.runReflectiveCall(FrameworkMethod.java:59)
  at org.junit.internal.runners.model.ReflectiveCallable.run(ReflectiveCallable.java:12)
  at org.junit.runners.model.FrameworkMethod.invokeExplosively(FrameworkMethod.java:56)
  at org.junit.internal.runners.statements.InvokeMethod.evaluate(InvokeMethod.java:17)
  at org.junit.runners.ParentRunner$3.evaluate(ParentRunner.java:306)
  at org.junit.runners.BlockJUnit4ClassRunner$1.evaluate(BlockJUnit4ClassRunner.java:100)
  at org.junit.runners.ParentRunner.runLeaf(ParentRunner.java:366)
  at org.junit.runners.BlockJUnit4ClassRunner.runChild(BlockJUnit4ClassRunner.java:103)
  at org.junit.runners.BlockJUnit4ClassRunner.runChild(BlockJUnit4ClassRunner.java:63)
  at org.junit.runners.ParentRunner$4.run(ParentRunner.java:331)
  at org.junit.runners.ParentRunner$1.schedule(ParentRunner.java:79)
  at org.junit.runners.ParentRunner.runChildren(ParentRunner.java:329)
  at org.junit.runners.ParentRunner.access$100(ParentRunner.java:66)
  at org.junit.runners.ParentRunner$2.evaluate(ParentRunner.java:293)
  at org.junit.runners.ParentRunner$3.evaluate(ParentRunner.java:306)
  at org.junit.runners.ParentRunner.run(ParentRunner.java:413)
  at org.junit.runner.JUnitCore.run(JUnitCore.java:137)
  at org.junit.runner.JUnitCore.run(JUnitCore.java:115)
  at org.gradle.api.internal.tasks.testing.junit.JUnitTestExecutor.runRequest(JUnitTestExecutor.java:175)
  at org.gradle.api.internal.tasks.testing.junit.JUnitTestExecutor.accept(JUnitTestExecutor.java:84)
  at org.gradle.api.internal.tasks.testing.junit.JUnitTestExecutor.accept(JUnitTestExecutor.java:47)
  at org.gradle.api.internal.tasks.testing.junit.AbstractJUnitTestDefinitionProcessor.processTestDefinition(AbstractJUnitTestDefinitionProcessor.java:65)
  at org.gradle.api.internal.tasks.testing.SuiteTestDefinitionProcessor.processTestDefinition(SuiteTestDefinitionProcessor.java:54)
  at java.base/jdk.internal.reflect.DirectMethodHandleAccessor.invoke(DirectMethodHandleAccessor.java:104)
  at java.base/java.lang.reflect.Method.invoke(Method.java:565)
  at org.gradle.internal.dispatch.MethodInvocation.invokeOn(MethodInvocation.java:77)
  at org.gradle.internal.dispatch.ReflectionDispatch.dispatch(ReflectionDispatch.java:28)
  at org.gradle.internal.dispatch.ReflectionDispatch.dispatch(ReflectionDispatch.java:19)
  at org.gradle.internal.dispatch.ContextClassLoaderDispatch.dispatch(ContextClassLoaderDispatch.java:33)
  at org.gradle.internal.dispatch.ProxyDispatchAdapter$DispatchingInvocationHandler.invoke(ProxyDispatchAdapter.java:88)
  at jdk.proxy1/jdk.proxy1.$Proxy4.processTestDefinition(Unknown Source)
  at org.gradle.api.internal.tasks.testing.worker.TestWorker$2.run(TestWorker.java:178)
  at org.gradle.api.internal.tasks.testing.worker.TestWorker.executeAndMaintainThreadName(TestWorker.java:126)
  at org.gradle.api.internal.tasks.testing.worker.TestWorker.execute(TestWorker.java:103)
  at org.gradle.api.internal.tasks.testing.worker.TestWorker.execute(TestWorker.java:63)
  at org.gradle.process.internal.worker.child.ActionExecutionWorker.execute(ActionExecutionWorker.java:56)
  at org.gradle.process.internal.worker.child.SystemApplicationClassLoaderWorker.call(SystemApplicationClassLoaderWorker.java:122)
  at org.gradle.process.internal.worker.child.SystemApplicationClassLoaderWorker.call(SystemApplicationClassLoaderWorker.java:72)
  at worker.org.gradle.process.internal.worker.GradleWorkerMain.run(GradleWorkerMain.java:69)
  at worker.org.gradle.process.internal.worker.GradleWorkerMain.main(GradleWorkerMain.java:74)
</stacktrace>
</test-failure>


TypeScriptCompilerTests_T[jvm] > typeComparisonCaching_ts has expected errors matching typeComparisonCaching_errors_txt[jvm] FAILED

<test-failure test="com.xemantic.typescript.compiler.TypeScriptCompilerTests_T.tryCatchFinallyControlFlow_ts has expected errors matching tryCatchFinallyControlFlow_errors_txt" platform="jvm">
<message>
--- expected
+++ actual
@@ -1,12 +1,7 @@
 tryCatchFinallyControlFlow.ts(105,5): error TS7027: Unreachable code detected.
-tryCatchFinallyControlFlow.ts(118,9): error TS7027: Unreachable code detected.
-tryCatchFinallyControlFlow.ts(218,13): error TS7027: Unreachable code detected.
-tryCatchFinallyControlFlow.ts(220,9): error TS7027: Unreachable code detected.
-tryCatchFinallyControlFlow.ts(255,9): error TS2448: Block-scoped variable 'x' used before its declaration.
-tryCatchFinallyControlFlow.ts(255,9): error TS7027: Unreachable code detected.
 
 
-==== tryCatchFinallyControlFlow.ts (6 errors) ====
+==== tryCatchFinallyControlFlow.ts (1 errors) ====
     // Repro from #34797
     
     function f1() {
@@ -127,8 +122,6 @@
                 x;  // 0 | 1
             }
             x;  // Unreachable
-            ~~
-!!! error TS7027: Unreachable code detected.
         })();
         x;  // 1
     }
@@ -229,14 +222,9 @@
                 x = 6;
                 return;
                 x; // unreachable
-                ~~
-!!! error TS7027: Unreachable code detected.
             }
             x; // unreachable
-            ~~~~~~~~~~~~~~~~~
             x = 7; // no effect
-    ~~~~~~~~~~~~~~
-!!! error TS7027: Unreachable code detected.
         })();
         x;  // 4 | 5 | 6
     }
@@ -271,11 +259,6 @@
                 return null;
             }
             x;  // Unreachable
-            ~
-!!! error TS2448: Block-scoped variable 'x' used before its declaration.
-!!! related TS2728 tryCatchFinallyControlFlow.ts:248:11: 'x' is declared here.
-            ~~
-!!! error TS7027: Unreachable code detected.
         })();
         x;  // Reachable
     }

</message>
<stacktrace>
  at org.junit.Assert.fail(Assert.java:89)
  at kotlin.test.junit.JUnitAsserter.fail(JUnitSupport.kt:56)
  at kotlin.test.AssertionsKt__AssertionsKt.fail(Assertions.kt:563)
  at kotlin.test.AssertionsKt.fail(Unknown Source)
  at com.xemantic.kotlin.test.SameAsKt.sameAs(SameAs.kt:52)
  at com.xemantic.typescript.compiler.TypeScriptTestSupportKt.errorsMatchBaseline(TypeScriptTestSupport.kt:135)
  at com.xemantic.typescript.compiler.TypeScriptCompilerTests_T.tryCatchFinallyControlFlow_ts has expected errors matching tryCatchFinallyControlFlow_errors_txt(TypeScriptCompilerTests_T.kt:1407)
  at java.base/jdk.internal.reflect.DirectMethodHandleAccessor.invoke(DirectMethodHandleAccessor.java:104)
  at java.base/java.lang.reflect.Method.invoke(Method.java:565)
  at org.junit.runners.model.FrameworkMethod$1.runReflectiveCall(FrameworkMethod.java:59)
  at org.junit.internal.runners.model.ReflectiveCallable.run(ReflectiveCallable.java:12)
  at org.junit.runners.model.FrameworkMethod.invokeExplosively(FrameworkMethod.java:56)
  at org.junit.internal.runners.statements.InvokeMethod.evaluate(InvokeMethod.java:17)
  at org.junit.runners.ParentRunner$3.evaluate(ParentRunner.java:306)
  at org.junit.runners.BlockJUnit4ClassRunner$1.evaluate(BlockJUnit4ClassRunner.java:100)
  at org.junit.runners.ParentRunner.runLeaf(ParentRunner.java:366)
  at org.junit.runners.BlockJUnit4ClassRunner.runChild(BlockJUnit4ClassRunner.java:103)
  at org.junit.runners.BlockJUnit4ClassRunner.runChild(BlockJUnit4ClassRunner.java:63)
  at org.junit.runners.ParentRunner$4.run(ParentRunner.java:331)
  at org.junit.runners.ParentRunner$1.schedule(ParentRunner.java:79)
  at org.junit.runners.ParentRunner.runChildren(ParentRunner.java:329)
  at org.junit.runners.ParentRunner.access$100(ParentRunner.java:66)
  at org.junit.runners.ParentRunner$2.evaluate(ParentRunner.java:293)
  at org.junit.runners.ParentRunner$3.evaluate(ParentRunner.java:306)
  at org.junit.runners.ParentRunner.run(ParentRunner.java:413)
  at org.junit.runner.JUnitCore.run(JUnitCore.java:137)
  at org.junit.runner.JUnitCore.run(JUnitCore.java:115)
  at org.gradle.api.internal.tasks.testing.junit.JUnitTestExecutor.runRequest(JUnitTestExecutor.java:175)
  at org.gradle.api.internal.tasks.testing.junit.JUnitTestExecutor.accept(JUnitTestExecutor.java:84)
  at org.gradle.api.internal.tasks.testing.junit.JUnitTestExecutor.accept(JUnitTestExecutor.java:47)
  at org.gradle.api.internal.tasks.testing.junit.AbstractJUnitTestDefinitionProcessor.processTestDefinition(AbstractJUnitTestDefinitionProcessor.java:65)
  at org.gradle.api.internal.tasks.testing.SuiteTestDefinitionProcessor.processTestDefinition(SuiteTestDefinitionProcessor.java:54)
  at java.base/jdk.internal.reflect.DirectMethodHandleAccessor.invoke(DirectMethodHandleAccessor.java:104)
  at java.base/java.lang.reflect.Method.invoke(Method.java:565)
  at org.gradle.internal.dispatch.MethodInvocation.invokeOn(MethodInvocation.java:77)
  at org.gradle.internal.dispatch.ReflectionDispatch.dispatch(ReflectionDispatch.java:28)
  at org.gradle.internal.dispatch.ReflectionDispatch.dispatch(ReflectionDispatch.java:19)
  at org.gradle.internal.dispatch.ContextClassLoaderDispatch.dispatch(ContextClassLoaderDispatch.java:33)
  at org.gradle.internal.dispatch.ProxyDispatchAdapter$DispatchingInvocationHandler.invoke(ProxyDispatchAdapter.java:88)
  at jdk.proxy1/jdk.proxy1.$Proxy4.processTestDefinition(Unknown Source)
  at org.gradle.api.internal.tasks.testing.worker.TestWorker$2.run(TestWorker.java:178)
  at org.gradle.api.internal.tasks.testing.worker.TestWorker.executeAndMaintainThreadName(TestWorker.java:126)
  at org.gradle.api.internal.tasks.testing.worker.TestWorker.execute(TestWorker.java:103)
  at org.gradle.api.internal.tasks.testing.worker.TestWorker.execute(TestWorker.java:63)
  at org.gradle.process.internal.worker.child.ActionExecutionWorker.execute(ActionExecutionWorker.java:56)
  at org.gradle.process.internal.worker.child.SystemApplicationClassLoaderWorker.call(SystemApplicationClassLoaderWorker.java:122)
  at org.gradle.process.internal.worker.child.SystemApplicationClassLoaderWorker.call(SystemApplicationClassLoaderWorker.java:72)
  at worker.org.gradle.process.internal.worker.GradleWorkerMain.run(GradleWorkerMain.java:69)
  at worker.org.gradle.process.internal.worker.GradleWorkerMain.main(GradleWorkerMain.java:74)
</stacktrace>
</test-failure>


TypeScriptCompilerTests_T[jvm] > tryCatchFinallyControlFlow_ts has expected errors matching tryCatchFinallyControlFlow_errors_txt[jvm] FAILED

<test-failure test="com.xemantic.typescript.compiler.TypeScriptCompilerTests_T.truthinessCallExpressionCoercion_ts has expected errors matching truthinessCallExpressionCoercion_errors_txt" platform="jvm">
<message>
Expected diagnostics from baseline typescript-repo/tests/baselines/reference/truthinessCallExpressionCoercion.errors.txt but none produced
</message>
<stacktrace>
  at com.xemantic.typescript.compiler.TypeScriptTestSupportKt.errorsMatchBaseline(TypeScriptTestSupport.kt:125)
  at com.xemantic.typescript.compiler.TypeScriptCompilerTests_T.truthinessCallExpressionCoercion_ts has expected errors matching truthinessCallExpressionCoercion_errors_txt(TypeScriptCompilerTests_T.kt:1337)
  at java.base/jdk.internal.reflect.DirectMethodHandleAccessor.invoke(DirectMethodHandleAccessor.java:104)
  at java.base/java.lang.reflect.Method.invoke(Method.java:565)
  at org.junit.runners.model.FrameworkMethod$1.runReflectiveCall(FrameworkMethod.java:59)
  at org.junit.internal.runners.model.ReflectiveCallable.run(ReflectiveCallable.java:12)
  at org.junit.runners.model.FrameworkMethod.invokeExplosively(FrameworkMethod.java:56)
  at org.junit.internal.runners.statements.InvokeMethod.evaluate(InvokeMethod.java:17)
  at org.junit.runners.ParentRunner$3.evaluate(ParentRunner.java:306)
  at org.junit.runners.BlockJUnit4ClassRunner$1.evaluate(BlockJUnit4ClassRunner.java:100)
  at org.junit.runners.ParentRunner.runLeaf(ParentRunner.java:366)
  at org.junit.runners.BlockJUnit4ClassRunner.runChild(BlockJUnit4ClassRunner.java:103)
  at org.junit.runners.BlockJUnit4ClassRunner.runChild(BlockJUnit4ClassRunner.java:63)
  at org.junit.runners.ParentRunner$4.run(ParentRunner.java:331)
  at org.junit.runners.ParentRunner$1.schedule(ParentRunner.java:79)
  at org.junit.runners.ParentRunner.runChildren(ParentRunner.java:329)
  at org.junit.runners.ParentRunner.access$100(ParentRunner.java:66)
  at org.junit.runners.ParentRunner$2.evaluate(ParentRunner.java:293)
  at org.junit.runners.ParentRunner$3.evaluate(ParentRunner.java:306)
  at org.junit.runners.ParentRunner.run(ParentRunner.java:413)
  at org.junit.runner.JUnitCore.run(JUnitCore.java:137)
  at org.junit.runner.JUnitCore.run(JUnitCore.java:115)
  at org.gradle.api.internal.tasks.testing.junit.JUnitTestExecutor.runRequest(JUnitTestExecutor.java:175)
  at org.gradle.api.internal.tasks.testing.junit.JUnitTestExecutor.accept(JUnitTestExecutor.java:84)
  at org.gradle.api.internal.tasks.testing.junit.JUnitTestExecutor.accept(JUnitTestExecutor.java:47)
  at org.gradle.api.internal.tasks.testing.junit.AbstractJUnitTestDefinitionProcessor.processTestDefinition(AbstractJUnitTestDefinitionProcessor.java:65)
  at org.gradle.api.internal.tasks.testing.SuiteTestDefinitionProcessor.processTestDefinition(SuiteTestDefinitionProcessor.java:54)
  at java.base/jdk.internal.reflect.DirectMethodHandleAccessor.invoke(DirectMethodHandleAccessor.java:104)
  at java.base/java.lang.reflect.Method.invoke(Method.java:565)
  at org.gradle.internal.dispatch.MethodInvocation.invokeOn(MethodInvocation.java:77)
  at org.gradle.internal.dispatch.ReflectionDispatch.dispatch(ReflectionDispatch.java:28)
  at org.gradle.internal.dispatch.ReflectionDispatch.dispatch(ReflectionDispatch.java:19)
  at org.gradle.internal.dispatch.ContextClassLoaderDispatch.dispatch(ContextClassLoaderDispatch.java:33)
  at org.gradle.internal.dispatch.ProxyDispatchAdapter$DispatchingInvocationHandler.invoke(ProxyDispatchAdapter.java:88)
  at jdk.proxy1/jdk.proxy1.$Proxy4.processTestDefinition(Unknown Source)
  at org.gradle.api.internal.tasks.testing.worker.TestWorker$2.run(TestWorker.java:178)
  at org.gradle.api.internal.tasks.testing.worker.TestWorker.executeAndMaintainThreadName(TestWorker.java:126)
  at org.gradle.api.internal.tasks.testing.worker.TestWorker.execute(TestWorker.java:103)
  at org.gradle.api.internal.tasks.testing.worker.TestWorker.execute(TestWorker.java:63)
  at org.gradle.process.internal.worker.child.ActionExecutionWorker.execute(ActionExecutionWorker.java:56)
  at org.gradle.process.internal.worker.child.SystemApplicationClassLoaderWorker.call(SystemApplicationClassLoaderWorker.java:122)
  at org.gradle.process.internal.worker.child.SystemApplicationClassLoaderWorker.call(SystemApplicationClassLoaderWorker.java:72)
  at worker.org.gradle.process.internal.worker.GradleWorkerMain.run(GradleWorkerMain.java:69)
  at worker.org.gradle.process.internal.worker.GradleWorkerMain.main(GradleWorkerMain.java:74)
</stacktrace>
</test-failure>


TypeScriptCompilerTests_T[jvm] > truthinessCallExpressionCoercion_ts has expected errors matching truthinessCallExpressionCoercion_errors_txt[jvm] FAILED

<test-failure test="com.xemantic.typescript.compiler.TypeScriptCompilerTests_T.typeParameterArgumentEquivalence2_ts has expected errors matching typeParameterArgumentEquivalence2_errors_txt" platform="jvm">
<message>
Expected diagnostics from baseline typescript-repo/tests/baselines/reference/typeParameterArgumentEquivalence2.errors.txt but none produced
</message>
<stacktrace>
  at com.xemantic.typescript.compiler.TypeScriptTestSupportKt.errorsMatchBaseline(TypeScriptTestSupport.kt:125)
  at com.xemantic.typescript.compiler.TypeScriptCompilerTests_T.typeParameterArgumentEquivalence2_ts has expected errors matching typeParameterArgumentEquivalence2_errors_txt(TypeScriptCompilerTests_T.kt:2506)
  at java.base/jdk.internal.reflect.DirectMethodHandleAccessor.invoke(DirectMethodHandleAccessor.java:104)
  at java.base/java.lang.reflect.Method.invoke(Method.java:565)
  at org.junit.runners.model.FrameworkMethod$1.runReflectiveCall(FrameworkMethod.java:59)
  at org.junit.internal.runners.model.ReflectiveCallable.run(ReflectiveCallable.java:12)
  at org.junit.runners.model.FrameworkMethod.invokeExplosively(FrameworkMethod.java:56)
  at org.junit.internal.runners.statements.InvokeMethod.evaluate(InvokeMethod.java:17)
  at org.junit.runners.ParentRunner$3.evaluate(ParentRunner.java:306)
  at org.junit.runners.BlockJUnit4ClassRunner$1.evaluate(BlockJUnit4ClassRunner.java:100)
  at org.junit.runners.ParentRunner.runLeaf(ParentRunner.java:366)
  at org.junit.runners.BlockJUnit4ClassRunner.runChild(BlockJUnit4ClassRunner.java:103)
  at org.junit.runners.BlockJUnit4ClassRunner.runChild(BlockJUnit4ClassRunner.java:63)
  at org.junit.runners.ParentRunner$4.run(ParentRunner.java:331)
  at org.junit.runners.ParentRunner$1.schedule(ParentRunner.java:79)
  at org.junit.runners.ParentRunner.runChildren(ParentRunner.java:329)
  at org.junit.runners.ParentRunner.access$100(ParentRunner.java:66)
  at org.junit.runners.ParentRunner$2.evaluate(ParentRunner.java:293)
  at org.junit.runners.ParentRunner$3.evaluate(ParentRunner.java:306)
  at org.junit.runners.ParentRunner.run(ParentRunner.java:413)
  at org.junit.runner.JUnitCore.run(JUnitCore.java:137)
  at org.junit.runner.JUnitCore.run(JUnitCore.java:115)
  at org.gradle.api.internal.tasks.testing.junit.JUnitTestExecutor.runRequest(JUnitTestExecutor.java:175)
  at org.gradle.api.internal.tasks.testing.junit.JUnitTestExecutor.accept(JUnitTestExecutor.java:84)
  at org.gradle.api.internal.tasks.testing.junit.JUnitTestExecutor.accept(JUnitTestExecutor.java:47)
  at org.gradle.api.internal.tasks.testing.junit.AbstractJUnitTestDefinitionProcessor.processTestDefinition(AbstractJUnitTestDefinitionProcessor.java:65)
  at org.gradle.api.internal.tasks.testing.SuiteTestDefinitionProcessor.processTestDefinition(SuiteTestDefinitionProcessor.java:54)
  at java.base/jdk.internal.reflect.DirectMethodHandleAccessor.invoke(DirectMethodHandleAccessor.java:104)
  at java.base/java.lang.reflect.Method.invoke(Method.java:565)
  at org.gradle.internal.dispatch.MethodInvocation.invokeOn(MethodInvocation.java:77)
  at org.gradle.internal.dispatch.ReflectionDispatch.dispatch(ReflectionDispatch.java:28)
  at org.gradle.internal.dispatch.ReflectionDispatch.dispatch(ReflectionDispatch.java:19)
  at org.gradle.internal.dispatch.ContextClassLoaderDispatch.dispatch(ContextClassLoaderDispatch.java:33)
  at org.gradle.internal.dispatch.ProxyDispatchAdapter$DispatchingInvocationHandler.invoke(ProxyDispatchAdapter.java:88)
  at jdk.proxy1/jdk.proxy1.$Proxy4.processTestDefinition(Unknown Source)
  at org.gradle.api.internal.tasks.testing.worker.TestWorker$2.run(TestWorker.java:178)
  at org.gradle.api.internal.tasks.testing.worker.TestWorker.executeAndMaintainThreadName(TestWorker.java:126)
  at org.gradle.api.internal.tasks.testing.worker.TestWorker.execute(TestWorker.java:103)
  at org.gradle.api.internal.tasks.testing.worker.TestWorker.execute(TestWorker.java:63)
  at org.gradle.process.internal.worker.child.ActionExecutionWorker.execute(ActionExecutionWorker.java:56)
  at org.gradle.process.internal.worker.child.SystemApplicationClassLoaderWorker.call(SystemApplicationClassLoaderWorker.java:122)
  at org.gradle.process.internal.worker.child.SystemApplicationClassLoaderWorker.call(SystemApplicationClassLoaderWorker.java:72)
  at worker.org.gradle.process.internal.worker.GradleWorkerMain.run(GradleWorkerMain.java:69)
  at worker.org.gradle.process.internal.worker.GradleWorkerMain.main(GradleWorkerMain.java:74)
</stacktrace>
</test-failure>


TypeScriptCompilerTests_T[jvm] > typeParameterArgumentEquivalence2_ts has expected errors matching typeParameterArgumentEquivalence2_errors_txt[jvm] FAILED

<test-failure test="com.xemantic.typescript.compiler.TypeScriptCompilerTests_T.typePredicateStructuralMatch_ts has expected errors matching typePredicateStructuralMatch_errors_txt" platform="jvm">
<message>
Expected diagnostics from baseline typescript-repo/tests/baselines/reference/typePredicateStructuralMatch.errors.txt but none produced
</message>
<stacktrace>
  at com.xemantic.typescript.compiler.TypeScriptTestSupportKt.errorsMatchBaseline(TypeScriptTestSupport.kt:125)
  at com.xemantic.typescript.compiler.TypeScriptCompilerTests_T.typePredicateStructuralMatch_ts has expected errors matching typePredicateStructuralMatch_errors_txt(TypeScriptCompilerTests_T.kt:3059)
  at java.base/jdk.internal.reflect.DirectMethodHandleAccessor.invoke(DirectMethodHandleAccessor.java:104)
  at java.base/java.lang.reflect.Method.invoke(Method.java:565)
  at org.junit.runners.model.FrameworkMethod$1.runReflectiveCall(FrameworkMethod.java:59)
  at org.junit.internal.runners.model.ReflectiveCallable.run(ReflectiveCallable.java:12)
  at org.junit.runners.model.FrameworkMethod.invokeExplosively(FrameworkMethod.java:56)
  at org.junit.internal.runners.statements.InvokeMethod.evaluate(InvokeMethod.java:17)
  at org.junit.runners.ParentRunner$3.evaluate(ParentRunner.java:306)
  at org.junit.runners.BlockJUnit4ClassRunner$1.evaluate(BlockJUnit4ClassRunner.java:100)
  at org.junit.runners.ParentRunner.runLeaf(ParentRunner.java:366)
  at org.junit.runners.BlockJUnit4ClassRunner.runChild(BlockJUnit4ClassRunner.java:103)
  at org.junit.runners.BlockJUnit4ClassRunner.runChild(BlockJUnit4ClassRunner.java:63)
  at org.junit.runners.ParentRunner$4.run(ParentRunner.java:331)
  at org.junit.runners.ParentRunner$1.schedule(ParentRunner.java:79)
  at org.junit.runners.ParentRunner.runChildren(ParentRunner.java:329)
  at org.junit.runners.ParentRunner.access$100(ParentRunner.java:66)
  at org.junit.runners.ParentRunner$2.evaluate(ParentRunner.java:293)
  at org.junit.runners.ParentRunner$3.evaluate(ParentRunner.java:306)
  at org.junit.runners.ParentRunner.run(ParentRunner.java:413)
  at org.junit.runner.JUnitCore.run(JUnitCore.java:137)
  at org.junit.runner.JUnitCore.run(JUnitCore.java:115)
  at org.gradle.api.internal.tasks.testing.junit.JUnitTestExecutor.runRequest(JUnitTestExecutor.java:175)
  at org.gradle.api.internal.tasks.testing.junit.JUnitTestExecutor.accept(JUnitTestExecutor.java:84)
  at org.gradle.api.internal.tasks.testing.junit.JUnitTestExecutor.accept(JUnitTestExecutor.java:47)
  at org.gradle.api.internal.tasks.testing.junit.AbstractJUnitTestDefinitionProcessor.processTestDefinition(AbstractJUnitTestDefinitionProcessor.java:65)
  at org.gradle.api.internal.tasks.testing.SuiteTestDefinitionProcessor.processTestDefinition(SuiteTestDefinitionProcessor.java:54)
  at java.base/jdk.internal.reflect.DirectMethodHandleAccessor.invoke(DirectMethodHandleAccessor.java:104)
  at java.base/java.lang.reflect.Method.invoke(Method.java:565)
  at org.gradle.internal.dispatch.MethodInvocation.invokeOn(MethodInvocation.java:77)
  at org.gradle.internal.dispatch.ReflectionDispatch.dispatch(ReflectionDispatch.java:28)
  at org.gradle.internal.dispatch.ReflectionDispatch.dispatch(ReflectionDispatch.java:19)
  at org.gradle.internal.dispatch.ContextClassLoaderDispatch.dispatch(ContextClassLoaderDispatch.java:33)
  at org.gradle.internal.dispatch.ProxyDispatchAdapter$DispatchingInvocationHandler.invoke(ProxyDispatchAdapter.java:88)
  at jdk.proxy1/jdk.proxy1.$Proxy4.processTestDefinition(Unknown Source)
  at org.gradle.api.internal.tasks.testing.worker.TestWorker$2.run(TestWorker.java:178)
  at org.gradle.api.internal.tasks.testing.worker.TestWorker.executeAndMaintainThreadName(TestWorker.java:126)
  at org.gradle.api.internal.tasks.testing.worker.TestWorker.execute(TestWorker.java:103)
  at org.gradle.api.internal.tasks.testing.worker.TestWorker.execute(TestWorker.java:63)
  at org.gradle.process.internal.worker.child.ActionExecutionWorker.execute(ActionExecutionWorker.java:56)
  at org.gradle.process.internal.worker.child.SystemApplicationClassLoaderWorker.call(SystemApplicationClassLoaderWorker.java:122)
  at org.gradle.process.internal.worker.child.SystemApplicationClassLoaderWorker.call(SystemApplicationClassLoaderWorker.java:72)
  at worker.org.gradle.process.internal.worker.GradleWorkerMain.run(GradleWorkerMain.java:69)
  at worker.org.gradle.process.internal.worker.GradleWorkerMain.main(GradleWorkerMain.java:74)
</stacktrace>
</test-failure>


TypeScriptCompilerTests_T[jvm] > typePredicateStructuralMatch_ts has expected errors matching typePredicateStructuralMatch_errors_txt[jvm] FAILED

<test-failure test="com.xemantic.typescript.compiler.TypeScriptCompilerTests_T.thislessFunctionsNotContextSensitive3_ts has expected errors matching thislessFunctionsNotContextSensitive3_errors_txt" platform="jvm">
<message>
Expected diagnostics from baseline typescript-repo/tests/baselines/reference/thislessFunctionsNotContextSensitive3.errors.txt but none produced
</message>
<stacktrace>
  at com.xemantic.typescript.compiler.TypeScriptTestSupportKt.errorsMatchBaseline(TypeScriptTestSupport.kt:125)
  at com.xemantic.typescript.compiler.TypeScriptCompilerTests_T.thislessFunctionsNotContextSensitive3_ts has expected errors matching thislessFunctionsNotContextSensitive3_errors_txt(TypeScriptCompilerTests_T.kt:966)
  at java.base/jdk.internal.reflect.DirectMethodHandleAccessor.invoke(DirectMethodHandleAccessor.java:104)
  at java.base/java.lang.reflect.Method.invoke(Method.java:565)
  at org.junit.runners.model.FrameworkMethod$1.runReflectiveCall(FrameworkMethod.java:59)
  at org.junit.internal.runners.model.ReflectiveCallable.run(ReflectiveCallable.java:12)
  at org.junit.runners.model.FrameworkMethod.invokeExplosively(FrameworkMethod.java:56)
  at org.junit.internal.runners.statements.InvokeMethod.evaluate(InvokeMethod.java:17)
  at org.junit.runners.ParentRunner$3.evaluate(ParentRunner.java:306)
  at org.junit.runners.BlockJUnit4ClassRunner$1.evaluate(BlockJUnit4ClassRunner.java:100)
  at org.junit.runners.ParentRunner.runLeaf(ParentRunner.java:366)
  at org.junit.runners.BlockJUnit4ClassRunner.runChild(BlockJUnit4ClassRunner.java:103)
  at org.junit.runners.BlockJUnit4ClassRunner.runChild(BlockJUnit4ClassRunner.java:63)
  at org.junit.runners.ParentRunner$4.run(ParentRunner.java:331)
  at org.junit.runners.ParentRunner$1.schedule(ParentRunner.java:79)
  at org.junit.runners.ParentRunner.runChildren(ParentRunner.java:329)
  at org.junit.runners.ParentRunner.access$100(ParentRunner.java:66)
  at org.junit.runners.ParentRunner$2.evaluate(ParentRunner.java:293)
  at org.junit.runners.ParentRunner$3.evaluate(ParentRunner.java:306)
  at org.junit.runners.ParentRunner.run(ParentRunner.java:413)
  at org.junit.runner.JUnitCore.run(JUnitCore.java:137)
  at org.junit.runner.JUnitCore.run(JUnitCore.java:115)
  at org.gradle.api.internal.tasks.testing.junit.JUnitTestExecutor.runRequest(JUnitTestExecutor.java:175)
  at org.gradle.api.internal.tasks.testing.junit.JUnitTestExecutor.accept(JUnitTestExecutor.java:84)
  at org.gradle.api.internal.tasks.testing.junit.JUnitTestExecutor.accept(JUnitTestExecutor.java:47)
  at org.gradle.api.internal.tasks.testing.junit.AbstractJUnitTestDefinitionProcessor.processTestDefinition(AbstractJUnitTestDefinitionProcessor.java:65)
  at org.gradle.api.internal.tasks.testing.SuiteTestDefinitionProcessor.processTestDefinition(SuiteTestDefinitionProcessor.java:54)
  at java.base/jdk.internal.reflect.DirectMethodHandleAccessor.invoke(DirectMethodHandleAccessor.java:104)
  at java.base/java.lang.reflect.Method.invoke(Method.java:565)
  at org.gradle.internal.dispatch.MethodInvocation.invokeOn(MethodInvocation.java:77)
  at org.gradle.internal.dispatch.ReflectionDispatch.dispatch(ReflectionDispatch.java:28)
  at org.gradle.internal.dispatch.ReflectionDispatch.dispatch(ReflectionDispatch.java:19)
  at org.gradle.internal.dispatch.ContextClassLoaderDispatch.dispatch(ContextClassLoaderDispatch.java:33)
  at org.gradle.internal.dispatch.ProxyDispatchAdapter$DispatchingInvocationHandler.invoke(ProxyDispatchAdapter.java:88)
  at jdk.proxy1/jdk.proxy1.$Proxy4.processTestDefinition(Unknown Source)
  at org.gradle.api.internal.tasks.testing.worker.TestWorker$2.run(TestWorker.java:178)
  at org.gradle.api.internal.tasks.testing.worker.TestWorker.executeAndMaintainThreadName(TestWorker.java:126)
  at org.gradle.api.internal.tasks.testing.worker.TestWorker.execute(TestWorker.java:103)
  at org.gradle.api.internal.tasks.testing.worker.TestWorker.execute(TestWorker.java:63)
  at org.gradle.process.internal.worker.child.ActionExecutionWorker.execute(ActionExecutionWorker.java:56)
  at org.gradle.process.internal.worker.child.SystemApplicationClassLoaderWorker.call(SystemApplicationClassLoaderWorker.java:122)
  at org.gradle.process.internal.worker.child.SystemApplicationClassLoaderWorker.call(SystemApplicationClassLoaderWorker.java:72)
  at worker.org.gradle.process.internal.worker.GradleWorkerMain.run(GradleWorkerMain.java:69)
  at worker.org.gradle.process.internal.worker.GradleWorkerMain.main(GradleWorkerMain.java:74)
</stacktrace>
</test-failure>


TypeScriptCompilerTests_T[jvm] > thislessFunctionsNotContextSensitive3_ts has expected errors matching thislessFunctionsNotContextSensitive3_errors_txt[jvm] FAILED

<test-failure test="com.xemantic.typescript.compiler.TypeScriptCompilerTests_T.TransportStream_ts compiles to JavaScript matching TransportStream_js" platform="jvm">
<message>
--- expected
+++ actual
@@ -6,3 +6,8 @@
 //// [TransportStream.js]
 "use strict";
 G;
+;
+G;
+;
+G;
+;

</message>
<stacktrace>
  at org.junit.Assert.fail(Assert.java:89)
  at kotlin.test.junit.JUnitAsserter.fail(JUnitSupport.kt:56)
  at kotlin.test.AssertionsKt__AssertionsKt.fail(Assertions.kt:563)
  at kotlin.test.AssertionsKt.fail(Unknown Source)
  at com.xemantic.kotlin.test.SameAsKt.sameAs(SameAs.kt:52)
  at com.xemantic.typescript.compiler.TypeScriptTestSupportKt.sameAs(TypeScriptTestSupport.kt:99)
  at com.xemantic.typescript.compiler.TypeScriptCompilerTests_T.TransportStream_ts compiles to JavaScript matching TransportStream_js(TypeScriptCompilerTests_T.kt:14)
  at java.base/jdk.internal.reflect.DirectMethodHandleAccessor.invoke(DirectMethodHandleAccessor.java:104)
  at java.base/java.lang.reflect.Method.invoke(Method.java:565)
  at org.junit.runners.model.FrameworkMethod$1.runReflectiveCall(FrameworkMethod.java:59)
  at org.junit.internal.runners.model.ReflectiveCallable.run(ReflectiveCallable.java:12)
  at org.junit.runners.model.FrameworkMethod.invokeExplosively(FrameworkMethod.java:56)
  at org.junit.internal.runners.statements.InvokeMethod.evaluate(InvokeMethod.java:17)
  at org.junit.runners.ParentRunner$3.evaluate(ParentRunner.java:306)
  at org.junit.runners.BlockJUnit4ClassRunner$1.evaluate(BlockJUnit4ClassRunner.java:100)
  at org.junit.runners.ParentRunner.runLeaf(ParentRunner.java:366)
  at org.junit.runners.BlockJUnit4ClassRunner.runChild(BlockJUnit4ClassRunner.java:103)
  at org.junit.runners.BlockJUnit4ClassRunner.runChild(BlockJUnit4ClassRunner.java:63)
  at org.junit.runners.ParentRunner$4.run(ParentRunner.java:331)
  at org.junit.runners.ParentRunner$1.schedule(ParentRunner.java:79)
  at org.junit.runners.ParentRunner.runChildren(ParentRunner.java:329)
  at org.junit.runners.ParentRunner.access$100(ParentRunner.java:66)
  at org.junit.runners.ParentRunner$2.evaluate(ParentRunner.java:293)
  at org.junit.runners.ParentRunner$3.evaluate(ParentRunner.java:306)
  at org.junit.runners.ParentRunner.run(ParentRunner.java:413)
  at org.junit.runner.JUnitCore.run(JUnitCore.java:137)
  at org.junit.runner.JUnitCore.run(JUnitCore.java:115)
  at org.gradle.api.internal.tasks.testing.junit.JUnitTestExecutor.runRequest(JUnitTestExecutor.java:175)
  at org.gradle.api.internal.tasks.testing.junit.JUnitTestExecutor.accept(JUnitTestExecutor.java:84)
  at org.gradle.api.internal.tasks.testing.junit.JUnitTestExecutor.accept(JUnitTestExecutor.java:47)
  at org.gradle.api.internal.tasks.testing.junit.AbstractJUnitTestDefinitionProcessor.processTestDefinition(AbstractJUnitTestDefinitionProcessor.java:65)
  at org.gradle.api.internal.tasks.testing.SuiteTestDefinitionProcessor.processTestDefinition(SuiteTestDefinitionProcessor.java:54)
  at java.base/jdk.internal.reflect.DirectMethodHandleAccessor.invoke(DirectMethodHandleAccessor.java:104)
  at java.base/java.lang.reflect.Method.invoke(Method.java:565)
  at org.gradle.internal.dispatch.MethodInvocation.invokeOn(MethodInvocation.java:77)
  at org.gradle.internal.dispatch.ReflectionDispatch.dispatch(ReflectionDispatch.java:28)
  at org.gradle.internal.dispatch.ReflectionDispatch.dispatch(ReflectionDispatch.java:19)
  at org.gradle.internal.dispatch.ContextClassLoaderDispatch.dispatch(ContextClassLoaderDispatch.java:33)
  at org.gradle.internal.dispatch.ProxyDispatchAdapter$DispatchingInvocationHandler.invoke(ProxyDispatchAdapter.java:88)
  at jdk.proxy1/jdk.proxy1.$Proxy4.processTestDefinition(Unknown Source)
  at org.gradle.api.internal.tasks.testing.worker.TestWorker$2.run(TestWorker.java:178)
  at org.gradle.api.internal.tasks.testing.worker.TestWorker.executeAndMaintainThreadName(TestWorker.java:126)
  at org.gradle.api.internal.tasks.testing.worker.TestWorker.execute(TestWorker.java:103)
  at org.gradle.api.internal.tasks.testing.worker.TestWorker.execute(TestWorker.java:63)
  at org.gradle.process.internal.worker.child.ActionExecutionWorker.execute(ActionExecutionWorker.java:56)
  at org.gradle.process.internal.worker.child.SystemApplicationClassLoaderWorker.call(SystemApplicationClassLoaderWorker.java:122)
  at org.gradle.process.internal.worker.child.SystemApplicationClassLoaderWorker.call(SystemApplicationClassLoaderWorker.java:72)
  at worker.org.gradle.process.internal.worker.GradleWorkerMain.run(GradleWorkerMain.java:69)
  at worker.org.gradle.process.internal.worker.GradleWorkerMain.main(GradleWorkerMain.java:74)
</stacktrace>
</test-failure>


TypeScriptCompilerTests_T[jvm] > TransportStream_ts compiles to JavaScript matching TransportStream_js[jvm] FAILED

<test-failure test="com.xemantic.typescript.compiler.TypeScriptCompilerTests_T.tupleTypes_ts has expected errors matching tupleTypes_errors_txt" platform="jvm">
<message>
--- expected
+++ actual
@@ -1,51 +1,20 @@
 tupleTypes.ts(7,10): error TS2454: Variable 't' is used before being assigned.
+tupleTypes.ts(8,5): error TS2403: Subsequent variable declarations must have the same type.  Variable 't0' must be of type 'any', but here has type 'number'.
 tupleTypes.ts(9,10): error TS2454: Variable 't' is used before being assigned.
+tupleTypes.ts(10,5): error TS2403: Subsequent variable declarations must have the same type.  Variable 't1' must be of type 'any', but here has type 'string'.
 tupleTypes.ts(11,10): error TS2454: Variable 't' is used before being assigned.
-tupleTypes.ts(11,12): error TS2493: Tuple type '[number, string]' of length '2' has no element at index '2'.
-tupleTypes.ts(12,5): error TS2403: Subsequent variable declarations must have the same type.  Variable 't2' must be of type 'undefined', but here has type 'string | number'.
-tupleTypes.ts(14,1): error TS2322: Type '[]' is not assignable to type '[number, string]'.
-  Source has 0 element(s) but target requires 2.
-tupleTypes.ts(15,1): error TS2322: Type '[number]' is not assignable to type '[number, string]'.
-  Source has 1 element(s) but target requires 2.
-tupleTypes.ts(17,6): error TS2322: Type 'string' is not assignable to type 'number'.
-tupleTypes.ts(17,15): error TS2322: Type 'number' is not assignable to type 'string'.
-tupleTypes.ts(18,1): error TS2322: Type '[number, string, number]' is not assignable to type '[number, string]'.
-  Source has 3 element(s) but target allows only 2.
-tupleTypes.ts(35,14): error TS2493: Tuple type '[number, string]' of length '2' has no element at index '2'.
-tupleTypes.ts(36,5): error TS2403: Subsequent variable declarations must have the same type.  Variable 'tt2' must be of type 'undefined', but here has type 'string | number'.
-tupleTypes.ts(38,1): error TS2322: Type '[number, undefined]' is not assignable to type '[number, string]'.
-  Type at position 1 in source is not compatible with type at position 1 in target.
-    Type 'undefined' is not assignable to type 'string'.
-tupleTypes.ts(39,10): error TS2322: Type 'undefined' is not assignable to type 'string'.
-tupleTypes.ts(40,7): error TS2322: Type 'undefined' is not assignable to type 'number'.
-tupleTypes.ts(40,18): error TS2322: Type 'undefined' is not assignable to type 'string'.
-tupleTypes.ts(41,1): error TS2322: Type '[]' is not assignable to type '[number, string]'.
-  Source has 0 element(s) but target requires 2.
-tupleTypes.ts(47,1): error TS2322: Type '[number, string]' is not assignable to type 'number[]'.
-  Type 'string | number' is not assignable to type 'number'.
-    Type 'string' is not assignable to type 'number'.
+tupleTypes.ts(24,5): error TS2403: Subsequent variable declarations must have the same type.  Variable 'ff1' must be of type 'error', but here has type 'number'.
+tupleTypes.ts(32,5): error TS2403: Subsequent variable declarations must have the same type.  Variable 'tt0' must be of type 'any', but here has type 'number'.
+tupleTypes.ts(34,5): error TS2403: Subsequent variable declarations must have the same type.  Variable 'tt1' must be of type 'any', but here has type 'string'.
 tupleTypes.ts(47,5): error TS2454: Variable 'a1' is used before being assigned.
 tupleTypes.ts(48,5): error TS2454: Variable 'a2' is used before being assigned.
-tupleTypes.ts(49,1): error TS2322: Type '[number, {}]' is not assignable to type 'number[]'.
-  Type 'number | {}' is not assignable to type 'number'.
-    Type '{}' is not assignable to type 'number'.
 tupleTypes.ts(49,5): error TS2454: Variable 'a3' is used before being assigned.
-tupleTypes.ts(50,1): error TS2322: Type '[number, number]' is not assignable to type '[number, string]'.
-  Type at position 1 in source is not compatible with type at position 1 in target.
-    Type 'number' is not assignable to type 'string'.
 tupleTypes.ts(50,6): error TS2454: Variable 'a2' is used before being assigned.
-tupleTypes.ts(51,1): error TS2322: Type '[number, {}]' is not assignable to type '[number, string]'.
-  Type at position 1 in source is not compatible with type at position 1 in target.
-    Type '{}' is not assignable to type 'string'.
 tupleTypes.ts(51,6): error TS2454: Variable 'a3' is used before being assigned.
 tupleTypes.ts(53,6): error TS2454: Variable 'a2' is used before being assigned.
-tupleTypes.ts(57,1): error TS2322: Type '0' is not assignable to type '1'.
-tupleTypes.ts(59,4): error TS2540: Cannot assign to 'length' because it is a read-only property.
-tupleTypes.ts(61,4): error TS2540: Cannot assign to 'length' because it is a read-only property.
-tupleTypes.ts(63,4): error TS2540: Cannot assign to 'length' because it is a read-only property.
 
 
-==== tupleTypes.ts (31 errors) ====
+==== tupleTypes.ts (14 errors) ====
     var v1: [];  // Error
     var v2: [number];
     var v3: [number, string];
@@ -56,44 +25,35 @@
              ~
 !!! error TS2454: Variable 't' is used before being assigned.
     var t0: number;
+        ~~
+!!! error TS2403: Subsequent variable declarations must have the same type.  Variable 't0' must be of type 'any', but here has type 'number'.
+!!! related TS6203 tupleTypes.ts:7:5: 't0' was also declared here.
     var t1 = t[1];   // string
              ~
 !!! error TS2454: Variable 't' is used before being assigned.
     var t1: string;
+        ~~
+!!! error TS2403: Subsequent variable declarations must have the same type.  Variable 't1' must be of type 'any', but here has type 'string'.
+!!! related TS6203 tupleTypes.ts:9:5: 't1' was also declared here.
     var t2 = t[2];   // number|string
              ~
 !!! error TS2454: Variable 't' is used before being assigned.
-               ~
-!!! error TS2493: Tuple type '[number, string]' of length '2' has no element at index '2'.
     var t2: number|string;
-        ~~
-!!! error TS2403: Subsequent variable declarations must have the same type.  Variable 't2' must be of type 'undefined', but here has type 'string | number'.
-!!! related TS6203 tupleTypes.ts:11:5: 't2' was also declared here.
     
     t = [];               // Error
-    ~
-!!! error TS2322: Type '[]' is not assignable to type '[number, string]'.
-!!! error TS2322:   Source has 0 element(s) but target requires 2.
     t = [1];              // Error
-    ~
-!!! error TS2322: Type '[number]' is not assignable to type '[number, string]'.
-!!! error TS2322:   Source has 1 element(s) but target requires 2.
     t = [1, "hello"];     // Ok
     t = ["hello", 1];     // Error
-         ~~~~~~~
-!!! error TS2322: Type 'string' is not assignable to type 'number'.
-                  ~
-!!! error TS2322: Type 'number' is not assignable to type 'string'.
     t = [1, "hello", 2];  // Error
-    ~
-!!! error TS2322: Type '[number, string, number]' is not assignable to type '[number, string]'.
-!!! error TS2322:   Source has 3 element(s) but target allows only 2.
     
     var tf: [string, (x: string) => number] = ["hello", x => x.length];
     
     declare function ff<T, U>(a: T, b: [T, (x: T) => U]): U;
     var ff1 = ff("hello", ["foo", x => x.length]);
     var ff1: number;
+        ~~~
+!!! error TS2403: Subsequent variable declarations must have the same type.  Variable 'ff1' must be of type 'error', but here has type 'number'.
+!!! related TS6203 tupleTypes.ts:23:5: 'ff1' was also declared here.
     
     function tuple2<T0, T1>(item0: T0, item1: T1): [T0, T1]{
         return [item0, item1];
@@ -102,48 +62,30 @@
     var tt = tuple2(1, "string");
     var tt0 = tt[0];
     var tt0: number;
+        ~~~
+!!! error TS2403: Subsequent variable declarations must have the same type.  Variable 'tt0' must be of type 'any', but here has type 'number'.
+!!! related TS6203 tupleTypes.ts:31:5: 'tt0' was also declared here.
     var tt1 = tt[1];
     var tt1: string;
+        ~~~
+!!! error TS2403: Subsequent variable declarations must have the same type.  Variable 'tt1' must be of type 'any', but here has type 'string'.
+!!! related TS6203 tupleTypes.ts:33:5: 'tt1' was also declared here.
     var tt2 = tt[2]; 
-                 ~
-!!! error TS2493: Tuple type '[number, string]' of length '2' has no element at index '2'.
     var tt2: number | string;
-        ~~~
-!!! error TS2403: Subsequent variable declarations must have the same type.  Variable 'tt2' must be of type 'undefined', but here has type 'string | number'.
-!!! related TS6203 tupleTypes.ts:35:5: 'tt2' was also declared here.
     
     tt = tuple2(1, undefined);
-    ~~
-!!! error TS2322: Type '[number, undefined]' is not assignable to type '[number, string]'.
-!!! error TS2322:   Type at position 1 in source is not compatible with type at position 1 in target.
-!!! error TS2322:     Type 'undefined' is not assignable to type 'string'.
     tt = [1, undefined];
-             ~~~~~~~~~
-!!! error TS2322: Type 'undefined' is not assignable to type 'string'.
     tt = [undefined, undefined];
-          ~~~~~~~~~
-!!! error TS2322: Type 'undefined' is not assignable to type 'number'.
-                     ~~~~~~~~~
-!!! error TS2322: Type 'undefined' is not assignable to type 'string'.
     tt = [];  // Error
-    ~~
-!!! error TS2322: Type '[]' is not assignable to type '[number, string]'.
-!!! error TS2322:   Source has 0 element(s) but target requires 2.
     
     var a: number[];
     var a1: [number, string];
     var a2: [number, number];
     var a3: [number, {}];
     a = a1;   // Error
-    ~
-!!! error TS2322: Type '[number, string]' is not assignable to type 'number[]'.
-!!! error TS2322:   Type 'string | number' is not assignable to type 'number'.
-!!! error TS2322:     Type 'string' is not assignable to type 'number'.
         ~~
 !!! error TS2454: Variable 'a1' is used before being assigned.
     a = a2;
         ~~
 !!! error TS2454: Variable 'a2' is used before being assigned.
     a = a3;   // Error
-    ~
-!!! error TS2322: Type '[number, {}]' is not assignable to type 'number[]'.

Diff truncated: more than 100 lines changed

Expected: 191 lines
Actual: 115 lines

The differences are too extensive to show in unified diff format.
Consider comparing smaller sections or reviewing the strings directly.

</message>
<stacktrace>
  at org.junit.Assert.fail(Assert.java:89)
  at kotlin.test.junit.JUnitAsserter.fail(JUnitSupport.kt:56)
  at kotlin.test.AssertionsKt__AssertionsKt.fail(Assertions.kt:563)
  at kotlin.test.AssertionsKt.fail(Unknown Source)
  at com.xemantic.kotlin.test.SameAsKt.sameAs(SameAs.kt:52)
  at com.xemantic.typescript.compiler.TypeScriptTestSupportKt.errorsMatchBaseline(TypeScriptTestSupport.kt:135)
  at com.xemantic.typescript.compiler.TypeScriptCompilerTests_T.tupleTypes_ts has expected errors matching tupleTypes_errors_txt(TypeScriptCompilerTests_T.kt:1568)
  at java.base/jdk.internal.reflect.DirectMethodHandleAccessor.invoke(DirectMethodHandleAccessor.java:104)
  at java.base/java.lang.reflect.Method.invoke(Method.java:565)
  at org.junit.runners.model.FrameworkMethod$1.runReflectiveCall(FrameworkMethod.java:59)
  at org.junit.internal.runners.model.ReflectiveCallable.run(ReflectiveCallable.java:12)
  at org.junit.runners.model.FrameworkMethod.invokeExplosively(FrameworkMethod.java:56)
  at org.junit.internal.runners.statements.InvokeMethod.evaluate(InvokeMethod.java:17)
  at org.junit.runners.ParentRunner$3.evaluate(ParentRunner.java:306)
  at org.junit.runners.BlockJUnit4ClassRunner$1.evaluate(BlockJUnit4ClassRunner.java:100)
  at org.junit.runners.ParentRunner.runLeaf(ParentRunner.java:366)
  at org.junit.runners.BlockJUnit4ClassRunner.runChild(BlockJUnit4ClassRunner.java:103)
  at org.junit.runners.BlockJUnit4ClassRunner.runChild(BlockJUnit4ClassRunner.java:63)
  at org.junit.runners.ParentRunner$4.run(ParentRunner.java:331)
  at org.junit.runners.ParentRunner$1.schedule(ParentRunner.java:79)
  at org.junit.runners.ParentRunner.runChildren(ParentRunner.java:329)
  at org.junit.runners.ParentRunner.access$100(ParentRunner.java:66)
  at org.junit.runners.ParentRunner$2.evaluate(ParentRunner.java:293)
  at org.junit.runners.ParentRunner$3.evaluate(ParentRunner.java:306)
  at org.junit.runners.ParentRunner.run(ParentRunner.java:413)
  at org.junit.runner.JUnitCore.run(JUnitCore.java:137)
  at org.junit.runner.JUnitCore.run(JUnitCore.java:115)
  at org.gradle.api.internal.tasks.testing.junit.JUnitTestExecutor.runRequest(JUnitTestExecutor.java:175)
  at org.gradle.api.internal.tasks.testing.junit.JUnitTestExecutor.accept(JUnitTestExecutor.java:84)
  at org.gradle.api.internal.tasks.testing.junit.JUnitTestExecutor.accept(JUnitTestExecutor.java:47)
  at org.gradle.api.internal.tasks.testing.junit.AbstractJUnitTestDefinitionProcessor.processTestDefinition(AbstractJUnitTestDefinitionProcessor.java:65)
  at org.gradle.api.internal.tasks.testing.SuiteTestDefinitionProcessor.processTestDefinition(SuiteTestDefinitionProcessor.java:54)
  at java.base/jdk.internal.reflect.DirectMethodHandleAccessor.invoke(DirectMethodHandleAccessor.java:104)
  at java.base/java.lang.reflect.Method.invoke(Method.java:565)
  at org.gradle.internal.dispatch.MethodInvocation.invokeOn(MethodInvocation.java:77)
  at org.gradle.internal.dispatch.ReflectionDispatch.dispatch(ReflectionDispatch.java:28)
  at org.gradle.internal.dispatch.ReflectionDispatch.dispatch(ReflectionDispatch.java:19)
  at org.gradle.internal.dispatch.ContextClassLoaderDispatch.dispatch(ContextClassLoaderDispatch.java:33)
  at org.gradle.internal.dispatch.ProxyDispatchAdapter$DispatchingInvocationHandler.invoke(ProxyDispatchAdapter.java:88)
  at jdk.proxy1/jdk.proxy1.$Proxy4.processTestDefinition(Unknown Source)
  at org.gradle.api.internal.tasks.testing.worker.TestWorker$2.run(TestWorker.java:178)
  at org.gradle.api.internal.tasks.testing.worker.TestWorker.executeAndMaintainThreadName(TestWorker.java:126)
  at org.gradle.api.internal.tasks.testing.worker.TestWorker.execute(TestWorker.java:103)
  at org.gradle.api.internal.tasks.testing.worker.TestWorker.execute(TestWorker.java:63)
  at org.gradle.process.internal.worker.child.ActionExecutionWorker.execute(ActionExecutionWorker.java:56)
  at org.gradle.process.internal.worker.child.SystemApplicationClassLoaderWorker.call(SystemApplicationClassLoaderWorker.java:122)
  at org.gradle.process.internal.worker.child.SystemApplicationClassLoaderWorker.call(SystemApplicationClassLoaderWorker.java:72)
  at worker.org.gradle.process.internal.worker.GradleWorkerMain.run(GradleWorkerMain.java:69)
  at worker.org.gradle.process.internal.worker.GradleWorkerMain.main(GradleWorkerMain.java:74)
</stacktrace>
</test-failure>


TypeScriptCompilerTests_T[jvm] > tupleTypes_ts has expected errors matching tupleTypes_errors_txt[jvm] FAILED

<test-failure test="com.xemantic.typescript.compiler.TypeScriptCompilerTests_T.typeName1_ts has expected errors matching typeName1_errors_txt" platform="jvm">
<message>
--- expected
+++ actual
@@ -1,23 +1,7 @@
-typeName1.ts(9,5): error TS2322: Type 'number' is not assignable to type '{ f(s: string): number; f(n: number): string; }'.
-typeName1.ts(10,5): error TS2322: Type 'number' is not assignable to type '{ f(s: string): number; }'.
-typeName1.ts(11,5): error TS2322: Type 'number' is not assignable to type '{ (s: string): number; (n: number): string; }'.
-typeName1.ts(12,5): error TS2322: Type 'number' is not assignable to type '{ x: any; y: any; z: number; f(n: number): string; f(s: string): number; }'.
-typeName1.ts(13,5): error TS2322: Type 'number' is not assignable to type '{ (s: string): number; (n: number): string; x: any; y: any; z: number; f(n: number): string; f(s: string): number; }'.
-typeName1.ts(14,5): error TS2322: Type 'number' is not assignable to type '{ z: number; f: { (n: number): string; (s: string): number; }; }'.
-typeName1.ts(15,5): error TS2322: Type 'number' is not assignable to type '(s: string) => boolean'.
-typeName1.ts(16,5): error TS2322: Type 'number' is not assignable to type '{ (): boolean; [s: string]: { x: any; y: any; }; [n: number]: { x: any; y: any; }; z: I; }'.
-typeName1.ts(16,10): error TS2411: Property 'z' of type 'I' is not assignable to 'string' index type '{ x: any; y: any; }'.
-typeName1.ts(17,5): error TS2322: Type 'number' is not assignable to type 'I'.
-typeName1.ts(18,5): error TS2322: Type 'number' is not assignable to type 'I[][][][]'.
-typeName1.ts(19,5): error TS2322: Type 'number' is not assignable to type '{ z: I; x: boolean; }[][]'.
-typeName1.ts(20,5): error TS2322: Type 'number' is not assignable to type '{ z: I; x: boolean; y: (s: string) => boolean; w: { (): boolean; [s: string]: { x: any; y: any; }; [n: number]: { x: any; y: any; }; z: I; }; }[][]'.
-typeName1.ts(20,50): error TS2411: Property 'z' of type 'I' is not assignable to 'string' index type '{ x: any; y: any; }'.
-typeName1.ts(21,5): error TS2322: Type 'number' is not assignable to type '{ (): {}; new (): number; new (n: number): number; x: string; w: { y: number; }; }'.
-typeName1.ts(22,5): error TS2322: Type 'number' is not assignable to type '{ (): string; f(x: number): boolean; p: any; q: any; }'.
-typeName1.ts(23,5): error TS2322: Type 'typeof C' is not assignable to type 'number'.
+typeName1.ts(23,5): error TS2322: Type 'C' is not assignable to type 'number'.
 
 
-==== typeName1.ts (17 errors) ====
+==== typeName1.ts (1 errors) ====
     interface I {
         k;
     }
@@ -27,51 +11,19 @@
     }
     
     var x1:{ f(s:string):number;f(n:number):string; }=3;
-        ~~
-!!! error TS2322: Type 'number' is not assignable to type '{ f(s: string): number; f(n: number): string; }'.
     var x2:{ f(s:string):number; } =3;
-        ~~
-!!! error TS2322: Type 'number' is not assignable to type '{ f(s: string): number; }'.
     var x3:{ (s:string):number;(n:number):string; }=3;
-        ~~
-!!! error TS2322: Type 'number' is not assignable to type '{ (s: string): number; (n: number): string; }'.
     var x4:{ x;y;z:number;f(n:number):string;f(s:string):number; }=3;
-        ~~
-!!! error TS2322: Type 'number' is not assignable to type '{ x: any; y: any; z: number; f(n: number): string; f(s: string): number; }'.
     var x5:{ (s:string):number;(n:number):string;x;y;z:number;f(n:number):string;f(s:string):number; }=3;
-        ~~
-!!! error TS2322: Type 'number' is not assignable to type '{ (s: string): number; (n: number): string; x: any; y: any; z: number; f(n: number): string; f(s: string): number; }'.
     var x6:{ z:number;f:{(n:number):string;(s:string):number;}; }=3;
-        ~~
-!!! error TS2322: Type 'number' is not assignable to type '{ z: number; f: { (n: number): string; (s: string): number; }; }'.
     var x7:(s:string)=>boolean=3;
-        ~~
-!!! error TS2322: Type 'number' is not assignable to type '(s: string) => boolean'.
     var x8:{ z:I;[s:string]:{ x; y; };[n:number]:{x; y;};():boolean; }=3;
-        ~~
-!!! error TS2322: Type 'number' is not assignable to type '{ (): boolean; [s: string]: { x: any; y: any; }; [n: number]: { x: any; y: any; }; z: I; }'.
-             ~
-!!! error TS2411: Property 'z' of type 'I' is not assignable to 'string' index type '{ x: any; y: any; }'.
     var x9:I=3;
-        ~~
-!!! error TS2322: Type 'number' is not assignable to type 'I'.
     var x10:I[][][][]=3;
-        ~~~
-!!! error TS2322: Type 'number' is not assignable to type 'I[][][][]'.
     var x11:{z:I;x:boolean;}[][]=3;
-        ~~~
-!!! error TS2322: Type 'number' is not assignable to type '{ z: I; x: boolean; }[][]'.
     var x12:{z:I;x:boolean;y:(s:string)=>boolean;w:{ z:I;[s:string]:{ x; y; };[n:number]:{x; y;};():boolean; };}[][]=3;
-        ~~~
-!!! error TS2322: Type 'number' is not assignable to type '{ z: I; x: boolean; y: (s: string) => boolean; w: { (): boolean; [s: string]: { x: any; y: any; }; [n: number]: { x: any; y: any; }; z: I; }; }[][]'.
-                                                     ~
-!!! error TS2411: Property 'z' of type 'I' is not assignable to 'string' index type '{ x: any; y: any; }'.
     var x13:{ new(): number; new(n:number):number; x: string; w: {y: number;}; (): {}; } = 3;
-        ~~~
-!!! error TS2322: Type 'number' is not assignable to type '{ (): {}; new (): number; new (n: number): number; x: string; w: { y: number; }; }'.
     var x14:{ f(x:number):boolean; p; q; ():string; }=3;
-        ~~~
-!!! error TS2322: Type 'number' is not assignable to type '{ (): string; f(x: number): boolean; p: any; q: any; }'.
     var x15:number=C;
         ~~~
-!!! error TS2322: Type 'typeof C' is not assignable to type 'number'.
+!!! error TS2322: Type 'C' is not assignable to type 'number'.

</message>
<stacktrace>
  at org.junit.Assert.fail(Assert.java:89)
  at kotlin.test.junit.JUnitAsserter.fail(JUnitSupport.kt:56)
  at kotlin.test.AssertionsKt__AssertionsKt.fail(Assertions.kt:563)
  at kotlin.test.AssertionsKt.fail(Unknown Source)
  at com.xemantic.kotlin.test.SameAsKt.sameAs(SameAs.kt:52)
  at com.xemantic.typescript.compiler.TypeScriptTestSupportKt.errorsMatchBaseline(TypeScriptTestSupport.kt:135)
  at com.xemantic.typescript.compiler.TypeScriptCompilerTests_T.typeName1_ts has expected errors matching typeName1_errors_txt(TypeScriptCompilerTests_T.kt:2345)
  at java.base/jdk.internal.reflect.DirectMethodHandleAccessor.invoke(DirectMethodHandleAccessor.java:104)
  at java.base/java.lang.reflect.Method.invoke(Method.java:565)
  at org.junit.runners.model.FrameworkMethod$1.runReflectiveCall(FrameworkMethod.java:59)
  at org.junit.internal.runners.model.ReflectiveCallable.run(ReflectiveCallable.java:12)
  at org.junit.runners.model.FrameworkMethod.invokeExplosively(FrameworkMethod.java:56)
  at org.junit.internal.runners.statements.InvokeMethod.evaluate(InvokeMethod.java:17)
  at org.junit.runners.ParentRunner$3.evaluate(ParentRunner.java:306)
  at org.junit.runners.BlockJUnit4ClassRunner$1.evaluate(BlockJUnit4ClassRunner.java:100)
  at org.junit.runners.ParentRunner.runLeaf(ParentRunner.java:366)
  at org.junit.runners.BlockJUnit4ClassRunner.runChild(BlockJUnit4ClassRunner.java:103)
  at org.junit.runners.BlockJUnit4ClassRunner.runChild(BlockJUnit4ClassRunner.java:63)
  at org.junit.runners.ParentRunner$4.run(ParentRunner.java:331)
  at org.junit.runners.ParentRunner$1.schedule(ParentRunner.java:79)
  at org.junit.runners.ParentRunner.runChildren(ParentRunner.java:329)
  at org.junit.runners.ParentRunner.access$100(ParentRunner.java:66)
  at org.junit.runners.ParentRunner$2.evaluate(ParentRunner.java:293)
  at org.junit.runners.ParentRunner$3.evaluate(ParentRunner.java:306)
  at org.junit.runners.ParentRunner.run(ParentRunner.java:413)
  at org.junit.runner.JUnitCore.run(JUnitCore.java:137)
  at org.junit.runner.JUnitCore.run(JUnitCore.java:115)
  at org.gradle.api.internal.tasks.testing.junit.JUnitTestExecutor.runRequest(JUnitTestExecutor.java:175)
  at org.gradle.api.internal.tasks.testing.junit.JUnitTestExecutor.accept(JUnitTestExecutor.java:84)
  at org.gradle.api.internal.tasks.testing.junit.JUnitTestExecutor.accept(JUnitTestExecutor.java:47)
  at org.gradle.api.internal.tasks.testing.junit.AbstractJUnitTestDefinitionProcessor.processTestDefinition(AbstractJUnitTestDefinitionProcessor.java:65)
  at org.gradle.api.internal.tasks.testing.SuiteTestDefinitionProcessor.processTestDefinition(SuiteTestDefinitionProcessor.java:54)
  at java.base/jdk.internal.reflect.DirectMethodHandleAccessor.invoke(DirectMethodHandleAccessor.java:104)
  at java.base/java.lang.reflect.Method.invoke(Method.java:565)
  at org.gradle.internal.dispatch.MethodInvocation.invokeOn(MethodInvocation.java:77)
  at org.gradle.internal.dispatch.ReflectionDispatch.dispatch(ReflectionDispatch.java:28)
  at org.gradle.internal.dispatch.ReflectionDispatch.dispatch(ReflectionDispatch.java:19)
  at org.gradle.internal.dispatch.ContextClassLoaderDispatch.dispatch(ContextClassLoaderDispatch.java:33)
  at org.gradle.internal.dispatch.ProxyDispatchAdapter$DispatchingInvocationHandler.invoke(ProxyDispatchAdapter.java:88)
  at jdk.proxy1/jdk.proxy1.$Proxy4.processTestDefinition(Unknown Source)
  at org.gradle.api.internal.tasks.testing.worker.TestWorker$2.run(TestWorker.java:178)
  at org.gradle.api.internal.tasks.testing.worker.TestWorker.executeAndMaintainThreadName(TestWorker.java:126)
  at org.gradle.api.internal.tasks.testing.worker.TestWorker.execute(TestWorker.java:103)
  at org.gradle.api.internal.tasks.testing.worker.TestWorker.execute(TestWorker.java:63)
  at org.gradle.process.internal.worker.child.ActionExecutionWorker.execute(ActionExecutionWorker.java:56)
  at org.gradle.process.internal.worker.child.SystemApplicationClassLoaderWorker.call(SystemApplicationClassLoaderWorker.java:122)
  at org.gradle.process.internal.worker.child.SystemApplicationClassLoaderWorker.call(SystemApplicationClassLoaderWorker.java:72)
  at worker.org.gradle.process.internal.worker.GradleWorkerMain.run(GradleWorkerMain.java:69)
  at worker.org.gradle.process.internal.worker.GradleWorkerMain.main(GradleWorkerMain.java:74)
</stacktrace>
</test-failure>


TypeScriptCompilerTests_T[jvm] > typeName1_ts has expected errors matching typeName1_errors_txt[jvm] FAILED

<test-failure test="com.xemantic.typescript.compiler.TypeScriptCompilerTests_T.typeParameterAssignmentCompat1_ts has expected errors matching typeParameterAssignmentCompat1_errors_txt" platform="jvm">
<message>
Expected diagnostics from baseline typescript-repo/tests/baselines/reference/typeParameterAssignmentCompat1.errors.txt but none produced
</message>
<stacktrace>
  at com.xemantic.typescript.compiler.TypeScriptTestSupportKt.errorsMatchBaseline(TypeScriptTestSupport.kt:125)
  at com.xemantic.typescript.compiler.TypeScriptCompilerTests_T.typeParameterAssignmentCompat1_ts has expected errors matching typeParameterAssignmentCompat1_errors_txt(TypeScriptCompilerTests_T.kt:2590)
  at java.base/jdk.internal.reflect.DirectMethodHandleAccessor.invoke(DirectMethodHandleAccessor.java:104)
  at java.base/java.lang.reflect.Method.invoke(Method.java:565)
  at org.junit.runners.model.FrameworkMethod$1.runReflectiveCall(FrameworkMethod.java:59)
  at org.junit.internal.runners.model.ReflectiveCallable.run(ReflectiveCallable.java:12)
  at org.junit.runners.model.FrameworkMethod.invokeExplosively(FrameworkMethod.java:56)
  at org.junit.internal.runners.statements.InvokeMethod.evaluate(InvokeMethod.java:17)
  at org.junit.runners.ParentRunner$3.evaluate(ParentRunner.java:306)
  at org.junit.runners.BlockJUnit4ClassRunner$1.evaluate(BlockJUnit4ClassRunner.java:100)
  at org.junit.runners.ParentRunner.runLeaf(ParentRunner.java:366)
  at org.junit.runners.BlockJUnit4ClassRunner.runChild(BlockJUnit4ClassRunner.java:103)
  at org.junit.runners.BlockJUnit4ClassRunner.runChild(BlockJUnit4ClassRunner.java:63)
  at org.junit.runners.ParentRunner$4.run(ParentRunner.java:331)
  at org.junit.runners.ParentRunner$1.schedule(ParentRunner.java:79)
  at org.junit.runners.ParentRunner.runChildren(ParentRunner.java:329)
  at org.junit.runners.ParentRunner.access$100(ParentRunner.java:66)
  at org.junit.runners.ParentRunner$2.evaluate(ParentRunner.java:293)
  at org.junit.runners.ParentRunner$3.evaluate(ParentRunner.java:306)
  at org.junit.runners.ParentRunner.run(ParentRunner.java:413)
  at org.junit.runner.JUnitCore.run(JUnitCore.java:137)
  at org.junit.runner.JUnitCore.run(JUnitCore.java:115)
  at org.gradle.api.internal.tasks.testing.junit.JUnitTestExecutor.runRequest(JUnitTestExecutor.java:175)
  at org.gradle.api.internal.tasks.testing.junit.JUnitTestExecutor.accept(JUnitTestExecutor.java:84)
  at org.gradle.api.internal.tasks.testing.junit.JUnitTestExecutor.accept(JUnitTestExecutor.java:47)
  at org.gradle.api.internal.tasks.testing.junit.AbstractJUnitTestDefinitionProcessor.processTestDefinition(AbstractJUnitTestDefinitionProcessor.java:65)
  at org.gradle.api.internal.tasks.testing.SuiteTestDefinitionProcessor.processTestDefinition(SuiteTestDefinitionProcessor.java:54)
  at java.base/jdk.internal.reflect.DirectMethodHandleAccessor.invoke(DirectMethodHandleAccessor.java:104)
  at java.base/java.lang.reflect.Method.invoke(Method.java:565)
  at org.gradle.internal.dispatch.MethodInvocation.invokeOn(MethodInvocation.java:77)
  at org.gradle.internal.dispatch.ReflectionDispatch.dispatch(ReflectionDispatch.java:28)
  at org.gradle.internal.dispatch.ReflectionDispatch.dispatch(ReflectionDispatch.java:19)
  at org.gradle.internal.dispatch.ContextClassLoaderDispatch.dispatch(ContextClassLoaderDispatch.java:33)
  at org.gradle.internal.dispatch.ProxyDispatchAdapter$DispatchingInvocationHandler.invoke(ProxyDispatchAdapter.java:88)
  at jdk.proxy1/jdk.proxy1.$Proxy4.processTestDefinition(Unknown Source)
  at org.gradle.api.internal.tasks.testing.worker.TestWorker$2.run(TestWorker.java:178)
  at org.gradle.api.internal.tasks.testing.worker.TestWorker.executeAndMaintainThreadName(TestWorker.java:126)
  at org.gradle.api.internal.tasks.testing.worker.TestWorker.execute(TestWorker.java:103)
  at org.gradle.api.internal.tasks.testing.worker.TestWorker.execute(TestWorker.java:63)
  at org.gradle.process.internal.worker.child.ActionExecutionWorker.execute(ActionExecutionWorker.java:56)
  at org.gradle.process.internal.worker.child.SystemApplicationClassLoaderWorker.call(SystemApplicationClassLoaderWorker.java:122)
  at org.gradle.process.internal.worker.child.SystemApplicationClassLoaderWorker.call(SystemApplicationClassLoaderWorker.java:72)
  at worker.org.gradle.process.internal.worker.GradleWorkerMain.run(GradleWorkerMain.java:69)
  at worker.org.gradle.process.internal.worker.GradleWorkerMain.main(GradleWorkerMain.java:74)
</stacktrace>
</test-failure>


TypeScriptCompilerTests_T[jvm] > typeParameterAssignmentCompat1_ts has expected errors matching typeParameterAssignmentCompat1_errors_txt[jvm] FAILED

<test-failure test="com.xemantic.typescript.compiler.TypeScriptCompilerTests_T.targetEs6DecoratorMetadataImportNotElided_ts__target_es2015__compiles to JavaScript matching baseline" platform="jvm">
<message>
--- expected
+++ actual
@@ -30,13 +30,14 @@
 var __metadata = (this && this.__metadata) || function (k, v) {
     if (typeof Reflect === "object" && typeof Reflect.metadata === "function") return Reflect.metadata(k, v);
 };
-import { Input, TemplateRef } from './deps';
+import { Input } from './deps';
 export class MyComponent {
     get ref() { return this._ref; }
     set ref(value) { this._ref = value; }
 }
 __decorate([
     Input(),
-    __metadata("design:type", TemplateRef),
-    __metadata("design:paramtypes", [TemplateRef])
+    __metadata("design:type", Function),
+    __metadata("design:paramtypes", []),
+    __metadata("design:returntype", void 0)
 ], MyComponent.prototype, "ref", null);

</message>
<stacktrace>
  at org.junit.Assert.fail(Assert.java:89)
  at kotlin.test.junit.JUnitAsserter.fail(JUnitSupport.kt:56)
  at kotlin.test.AssertionsKt__AssertionsKt.fail(Assertions.kt:563)
  at kotlin.test.AssertionsKt.fail(Unknown Source)
  at com.xemantic.kotlin.test.SameAsKt.sameAs(SameAs.kt:52)
  at com.xemantic.typescript.compiler.TypeScriptTestSupportKt.sameAs(TypeScriptTestSupport.kt:99)
  at com.xemantic.typescript.compiler.TypeScriptCompilerTests_T.targetEs6DecoratorMetadataImportNotElided_ts__target_es2015__compiles to JavaScript matching baseline(TypeScriptCompilerTests_T.kt:266)
  at java.base/jdk.internal.reflect.DirectMethodHandleAccessor.invoke(DirectMethodHandleAccessor.java:104)
  at java.base/java.lang.reflect.Method.invoke(Method.java:565)
  at org.junit.runners.model.FrameworkMethod$1.runReflectiveCall(FrameworkMethod.java:59)
  at org.junit.internal.runners.model.ReflectiveCallable.run(ReflectiveCallable.java:12)
  at org.junit.runners.model.FrameworkMethod.invokeExplosively(FrameworkMethod.java:56)
  at org.junit.internal.runners.statements.InvokeMethod.evaluate(InvokeMethod.java:17)
  at org.junit.runners.ParentRunner$3.evaluate(ParentRunner.java:306)
  at org.junit.runners.BlockJUnit4ClassRunner$1.evaluate(BlockJUnit4ClassRunner.java:100)
  at org.junit.runners.ParentRunner.runLeaf(ParentRunner.java:366)
  at org.junit.runners.BlockJUnit4ClassRunner.runChild(BlockJUnit4ClassRunner.java:103)
  at org.junit.runners.BlockJUnit4ClassRunner.runChild(BlockJUnit4ClassRunner.java:63)
  at org.junit.runners.ParentRunner$4.run(ParentRunner.java:331)
  at org.junit.runners.ParentRunner$1.schedule(ParentRunner.java:79)
  at org.junit.runners.ParentRunner.runChildren(ParentRunner.java:329)
  at org.junit.runners.ParentRunner.access$100(ParentRunner.java:66)
  at org.junit.runners.ParentRunner$2.evaluate(ParentRunner.java:293)
  at org.junit.runners.ParentRunner$3.evaluate(ParentRunner.java:306)
  at org.junit.runners.ParentRunner.run(ParentRunner.java:413)
  at org.junit.runner.JUnitCore.run(JUnitCore.java:137)
  at org.junit.runner.JUnitCore.run(JUnitCore.java:115)
  at org.gradle.api.internal.tasks.testing.junit.JUnitTestExecutor.runRequest(JUnitTestExecutor.java:175)
  at org.gradle.api.internal.tasks.testing.junit.JUnitTestExecutor.accept(JUnitTestExecutor.java:84)
  at org.gradle.api.internal.tasks.testing.junit.JUnitTestExecutor.accept(JUnitTestExecutor.java:47)
  at org.gradle.api.internal.tasks.testing.junit.AbstractJUnitTestDefinitionProcessor.processTestDefinition(AbstractJUnitTestDefinitionProcessor.java:65)
  at org.gradle.api.internal.tasks.testing.SuiteTestDefinitionProcessor.processTestDefinition(SuiteTestDefinitionProcessor.java:54)
  at java.base/jdk.internal.reflect.DirectMethodHandleAccessor.invoke(DirectMethodHandleAccessor.java:104)
  at java.base/java.lang.reflect.Method.invoke(Method.java:565)
  at org.gradle.internal.dispatch.MethodInvocation.invokeOn(MethodInvocation.java:77)
  at org.gradle.internal.dispatch.ReflectionDispatch.dispatch(ReflectionDispatch.java:28)
  at org.gradle.internal.dispatch.ReflectionDispatch.dispatch(ReflectionDispatch.java:19)
  at org.gradle.internal.dispatch.ContextClassLoaderDispatch.dispatch(ContextClassLoaderDispatch.java:33)
  at org.gradle.internal.dispatch.ProxyDispatchAdapter$DispatchingInvocationHandler.invoke(ProxyDispatchAdapter.java:88)
  at jdk.proxy1/jdk.proxy1.$Proxy4.processTestDefinition(Unknown Source)
  at org.gradle.api.internal.tasks.testing.worker.TestWorker$2.run(TestWorker.java:178)
  at org.gradle.api.internal.tasks.testing.worker.TestWorker.executeAndMaintainThreadName(TestWorker.java:126)
  at org.gradle.api.internal.tasks.testing.worker.TestWorker.execute(TestWorker.java:103)
  at org.gradle.api.internal.tasks.testing.worker.TestWorker.execute(TestWorker.java:63)
  at org.gradle.process.internal.worker.child.ActionExecutionWorker.execute(ActionExecutionWorker.java:56)
  at org.gradle.process.internal.worker.child.SystemApplicationClassLoaderWorker.call(SystemApplicationClassLoaderWorker.java:122)
  at org.gradle.process.internal.worker.child.SystemApplicationClassLoaderWorker.call(SystemApplicationClassLoaderWorker.java:72)
  at worker.org.gradle.process.internal.worker.GradleWorkerMain.run(GradleWorkerMain.java:69)
  at worker.org.gradle.process.internal.worker.GradleWorkerMain.main(GradleWorkerMain.java:74)
</stacktrace>
</test-failure>


TypeScriptCompilerTests_T[jvm] > targetEs6DecoratorMetadataImportNotElided_ts__target_es2015__compiles to JavaScript matching baseline[jvm] FAILED

<test-failure test="com.xemantic.typescript.compiler.TypeScriptCompilerTests_T.typeParameterWithInvalidConstraintType_ts has expected errors matching typeParameterWithInvalidConstraintType_errors_txt" platform="jvm">
<message>
Expected diagnostics from baseline typescript-repo/tests/baselines/reference/typeParameterWithInvalidConstraintType.errors.txt but none produced
</message>
<stacktrace>
  at com.xemantic.typescript.compiler.TypeScriptTestSupportKt.errorsMatchBaseline(TypeScriptTestSupport.kt:125)
  at com.xemantic.typescript.compiler.TypeScriptCompilerTests_T.typeParameterWithInvalidConstraintType_ts has expected errors matching typeParameterWithInvalidConstraintType_errors_txt(TypeScriptCompilerTests_T.kt:2905)
  at java.base/jdk.internal.reflect.DirectMethodHandleAccessor.invoke(DirectMethodHandleAccessor.java:104)
  at java.base/java.lang.reflect.Method.invoke(Method.java:565)
  at org.junit.runners.model.FrameworkMethod$1.runReflectiveCall(FrameworkMethod.java:59)
  at org.junit.internal.runners.model.ReflectiveCallable.run(ReflectiveCallable.java:12)
  at org.junit.runners.model.FrameworkMethod.invokeExplosively(FrameworkMethod.java:56)
  at org.junit.internal.runners.statements.InvokeMethod.evaluate(InvokeMethod.java:17)
  at org.junit.runners.ParentRunner$3.evaluate(ParentRunner.java:306)
  at org.junit.runners.BlockJUnit4ClassRunner$1.evaluate(BlockJUnit4ClassRunner.java:100)
  at org.junit.runners.ParentRunner.runLeaf(ParentRunner.java:366)
  at org.junit.runners.BlockJUnit4ClassRunner.runChild(BlockJUnit4ClassRunner.java:103)
  at org.junit.runners.BlockJUnit4ClassRunner.runChild(BlockJUnit4ClassRunner.java:63)
  at org.junit.runners.ParentRunner$4.run(ParentRunner.java:331)
  at org.junit.runners.ParentRunner$1.schedule(ParentRunner.java:79)
  at org.junit.runners.ParentRunner.runChildren(ParentRunner.java:329)
  at org.junit.runners.ParentRunner.access$100(ParentRunner.java:66)
  at org.junit.runners.ParentRunner$2.evaluate(ParentRunner.java:293)
  at org.junit.runners.ParentRunner$3.evaluate(ParentRunner.java:306)
  at org.junit.runners.ParentRunner.run(ParentRunner.java:413)
  at org.junit.runner.JUnitCore.run(JUnitCore.java:137)
  at org.junit.runner.JUnitCore.run(JUnitCore.java:115)
  at org.gradle.api.internal.tasks.testing.junit.JUnitTestExecutor.runRequest(JUnitTestExecutor.java:175)
  at org.gradle.api.internal.tasks.testing.junit.JUnitTestExecutor.accept(JUnitTestExecutor.java:84)
  at org.gradle.api.internal.tasks.testing.junit.JUnitTestExecutor.accept(JUnitTestExecutor.java:47)
  at org.gradle.api.internal.tasks.testing.junit.AbstractJUnitTestDefinitionProcessor.processTestDefinition(AbstractJUnitTestDefinitionProcessor.java:65)
  at org.gradle.api.internal.tasks.testing.SuiteTestDefinitionProcessor.processTestDefinition(SuiteTestDefinitionProcessor.java:54)
  at java.base/jdk.internal.reflect.DirectMethodHandleAccessor.invoke(DirectMethodHandleAccessor.java:104)
  at java.base/java.lang.reflect.Method.invoke(Method.java:565)
  at org.gradle.internal.dispatch.MethodInvocation.invokeOn(MethodInvocation.java:77)
  at org.gradle.internal.dispatch.ReflectionDispatch.dispatch(ReflectionDispatch.java:28)
  at org.gradle.internal.dispatch.ReflectionDispatch.dispatch(ReflectionDispatch.java:19)
  at org.gradle.internal.dispatch.ContextClassLoaderDispatch.dispatch(ContextClassLoaderDispatch.java:33)
  at org.gradle.internal.dispatch.ProxyDispatchAdapter$DispatchingInvocationHandler.invoke(ProxyDispatchAdapter.java:88)
  at jdk.proxy1/jdk.proxy1.$Proxy4.processTestDefinition(Unknown Source)
  at org.gradle.api.internal.tasks.testing.worker.TestWorker$2.run(TestWorker.java:178)
  at org.gradle.api.internal.tasks.testing.worker.TestWorker.executeAndMaintainThreadName(TestWorker.java:126)
  at org.gradle.api.internal.tasks.testing.worker.TestWorker.execute(TestWorker.java:103)
  at org.gradle.api.internal.tasks.testing.worker.TestWorker.execute(TestWorker.java:63)
  at org.gradle.process.internal.worker.child.ActionExecutionWorker.execute(ActionExecutionWorker.java:56)
  at org.gradle.process.internal.worker.child.SystemApplicationClassLoaderWorker.call(SystemApplicationClassLoaderWorker.java:122)
  at org.gradle.process.internal.worker.child.SystemApplicationClassLoaderWorker.call(SystemApplicationClassLoaderWorker.java:72)
  at worker.org.gradle.process.internal.worker.GradleWorkerMain.run(GradleWorkerMain.java:69)
  at worker.org.gradle.process.internal.worker.GradleWorkerMain.main(GradleWorkerMain.java:74)
</stacktrace>
</test-failure>


TypeScriptCompilerTests_T[jvm] > typeParameterWithInvalidConstraintType_ts has expected errors matching typeParameterWithInvalidConstraintType_errors_txt[jvm] FAILED

<test-failure test="com.xemantic.typescript.compiler.TypeScriptCompilerTests_T.typeParametersShouldNotBeEqual2_ts has expected errors matching typeParametersShouldNotBeEqual2_errors_txt" platform="jvm">
<message>
Expected diagnostics from baseline typescript-repo/tests/baselines/reference/typeParametersShouldNotBeEqual2.errors.txt but none produced
</message>
<stacktrace>
  at com.xemantic.typescript.compiler.TypeScriptTestSupportKt.errorsMatchBaseline(TypeScriptTestSupport.kt:125)
  at com.xemantic.typescript.compiler.TypeScriptCompilerTests_T.typeParametersShouldNotBeEqual2_ts has expected errors matching typeParametersShouldNotBeEqual2_errors_txt(TypeScriptCompilerTests_T.kt:2989)
  at java.base/jdk.internal.reflect.DirectMethodHandleAccessor.invoke(DirectMethodHandleAccessor.java:104)
  at java.base/java.lang.reflect.Method.invoke(Method.java:565)
  at org.junit.runners.model.FrameworkMethod$1.runReflectiveCall(FrameworkMethod.java:59)
  at org.junit.internal.runners.model.ReflectiveCallable.run(ReflectiveCallable.java:12)
  at org.junit.runners.model.FrameworkMethod.invokeExplosively(FrameworkMethod.java:56)
  at org.junit.internal.runners.statements.InvokeMethod.evaluate(InvokeMethod.java:17)
  at org.junit.runners.ParentRunner$3.evaluate(ParentRunner.java:306)
  at org.junit.runners.BlockJUnit4ClassRunner$1.evaluate(BlockJUnit4ClassRunner.java:100)
  at org.junit.runners.ParentRunner.runLeaf(ParentRunner.java:366)
  at org.junit.runners.BlockJUnit4ClassRunner.runChild(BlockJUnit4ClassRunner.java:103)
  at org.junit.runners.BlockJUnit4ClassRunner.runChild(BlockJUnit4ClassRunner.java:63)
  at org.junit.runners.ParentRunner$4.run(ParentRunner.java:331)
  at org.junit.runners.ParentRunner$1.schedule(ParentRunner.java:79)
  at org.junit.runners.ParentRunner.runChildren(ParentRunner.java:329)
  at org.junit.runners.ParentRunner.access$100(ParentRunner.java:66)
  at org.junit.runners.ParentRunner$2.evaluate(ParentRunner.java:293)
  at org.junit.runners.ParentRunner$3.evaluate(ParentRunner.java:306)
  at org.junit.runners.ParentRunner.run(ParentRunner.java:413)
  at org.junit.runner.JUnitCore.run(JUnitCore.java:137)
  at org.junit.runner.JUnitCore.run(JUnitCore.java:115)
  at org.gradle.api.internal.tasks.testing.junit.JUnitTestExecutor.runRequest(JUnitTestExecutor.java:175)
  at org.gradle.api.internal.tasks.testing.junit.JUnitTestExecutor.accept(JUnitTestExecutor.java:84)
  at org.gradle.api.internal.tasks.testing.junit.JUnitTestExecutor.accept(JUnitTestExecutor.java:47)
  at org.gradle.api.internal.tasks.testing.junit.AbstractJUnitTestDefinitionProcessor.processTestDefinition(AbstractJUnitTestDefinitionProcessor.java:65)
  at org.gradle.api.internal.tasks.testing.SuiteTestDefinitionProcessor.processTestDefinition(SuiteTestDefinitionProcessor.java:54)
  at java.base/jdk.internal.reflect.DirectMethodHandleAccessor.invoke(DirectMethodHandleAccessor.java:104)
  at java.base/java.lang.reflect.Method.invoke(Method.java:565)
  at org.gradle.internal.dispatch.MethodInvocation.invokeOn(MethodInvocation.java:77)
  at org.gradle.internal.dispatch.ReflectionDispatch.dispatch(ReflectionDispatch.java:28)
  at org.gradle.internal.dispatch.ReflectionDispatch.dispatch(ReflectionDispatch.java:19)
  at org.gradle.internal.dispatch.ContextClassLoaderDispatch.dispatch(ContextClassLoaderDispatch.java:33)
  at org.gradle.internal.dispatch.ProxyDispatchAdapter$DispatchingInvocationHandler.invoke(ProxyDispatchAdapter.java:88)
  at jdk.proxy1/jdk.proxy1.$Proxy4.processTestDefinition(Unknown Source)
  at org.gradle.api.internal.tasks.testing.worker.TestWorker$2.run(TestWorker.java:178)
  at org.gradle.api.internal.tasks.testing.worker.TestWorker.executeAndMaintainThreadName(TestWorker.java:126)
  at org.gradle.api.internal.tasks.testing.worker.TestWorker.execute(TestWorker.java:103)
  at org.gradle.api.internal.tasks.testing.worker.TestWorker.execute(TestWorker.java:63)
  at org.gradle.process.internal.worker.child.ActionExecutionWorker.execute(ActionExecutionWorker.java:56)
  at org.gradle.process.internal.worker.child.SystemApplicationClassLoaderWorker.call(SystemApplicationClassLoaderWorker.java:122)
  at org.gradle.process.internal.worker.child.SystemApplicationClassLoaderWorker.call(SystemApplicationClassLoaderWorker.java:72)
  at worker.org.gradle.process.internal.worker.GradleWorkerMain.run(GradleWorkerMain.java:69)
  at worker.org.gradle.process.internal.worker.GradleWorkerMain.main(GradleWorkerMain.java:74)
</stacktrace>
</test-failure>


TypeScriptCompilerTests_T[jvm] > typeParametersShouldNotBeEqual2_ts has expected errors matching typeParametersShouldNotBeEqual2_errors_txt[jvm] FAILED

<test-failure test="com.xemantic.typescript.compiler.TypeScriptCompilerTests_T.taggedTemplatesWithIncompleteTemplateExpressions3_ts has expected errors matching taggedTemplatesWithIncompleteTemplateExpressions3_errors_txt" platform="jvm">
<message>
Expected diagnostics from baseline typescript-repo/tests/baselines/reference/taggedTemplatesWithIncompleteTemplateExpressions3.errors.txt but none produced
</message>
<stacktrace>
  at com.xemantic.typescript.compiler.TypeScriptTestSupportKt.errorsMatchBaseline(TypeScriptTestSupport.kt:125)
  at com.xemantic.typescript.compiler.TypeScriptCompilerTests_T.taggedTemplatesWithIncompleteTemplateExpressions3_ts has expected errors matching taggedTemplatesWithIncompleteTemplateExpressions3_errors_txt(TypeScriptCompilerTests_T.kt:210)
  at java.base/jdk.internal.reflect.DirectMethodHandleAccessor.invoke(DirectMethodHandleAccessor.java:104)
  at java.base/java.lang.reflect.Method.invoke(Method.java:565)
  at org.junit.runners.model.FrameworkMethod$1.runReflectiveCall(FrameworkMethod.java:59)
  at org.junit.internal.runners.model.ReflectiveCallable.run(ReflectiveCallable.java:12)
  at org.junit.runners.model.FrameworkMethod.invokeExplosively(FrameworkMethod.java:56)
  at org.junit.internal.runners.statements.InvokeMethod.evaluate(InvokeMethod.java:17)
  at org.junit.runners.ParentRunner$3.evaluate(ParentRunner.java:306)
  at org.junit.runners.BlockJUnit4ClassRunner$1.evaluate(BlockJUnit4ClassRunner.java:100)
  at org.junit.runners.ParentRunner.runLeaf(ParentRunner.java:366)
  at org.junit.runners.BlockJUnit4ClassRunner.runChild(BlockJUnit4ClassRunner.java:103)
  at org.junit.runners.BlockJUnit4ClassRunner.runChild(BlockJUnit4ClassRunner.java:63)
  at org.junit.runners.ParentRunner$4.run(ParentRunner.java:331)
  at org.junit.runners.ParentRunner$1.schedule(ParentRunner.java:79)
  at org.junit.runners.ParentRunner.runChildren(ParentRunner.java:329)
  at org.junit.runners.ParentRunner.access$100(ParentRunner.java:66)
  at org.junit.runners.ParentRunner$2.evaluate(ParentRunner.java:293)
  at org.junit.runners.ParentRunner$3.evaluate(ParentRunner.java:306)
  at org.junit.runners.ParentRunner.run(ParentRunner.java:413)
  at org.junit.runner.JUnitCore.run(JUnitCore.java:137)
  at org.junit.runner.JUnitCore.run(JUnitCore.java:115)
  at org.gradle.api.internal.tasks.testing.junit.JUnitTestExecutor.runRequest(JUnitTestExecutor.java:175)
  at org.gradle.api.internal.tasks.testing.junit.JUnitTestExecutor.accept(JUnitTestExecutor.java:84)
  at org.gradle.api.internal.tasks.testing.junit.JUnitTestExecutor.accept(JUnitTestExecutor.java:47)
  at org.gradle.api.internal.tasks.testing.junit.AbstractJUnitTestDefinitionProcessor.processTestDefinition(AbstractJUnitTestDefinitionProcessor.java:65)
  at org.gradle.api.internal.tasks.testing.SuiteTestDefinitionProcessor.processTestDefinition(SuiteTestDefinitionProcessor.java:54)
  at java.base/jdk.internal.reflect.DirectMethodHandleAccessor.invoke(DirectMethodHandleAccessor.java:104)
  at java.base/java.lang.reflect.Method.invoke(Method.java:565)
  at org.gradle.internal.dispatch.MethodInvocation.invokeOn(MethodInvocation.java:77)
  at org.gradle.internal.dispatch.ReflectionDispatch.dispatch(ReflectionDispatch.java:28)
  at org.gradle.internal.dispatch.ReflectionDispatch.dispatch(ReflectionDispatch.java:19)
  at org.gradle.internal.dispatch.ContextClassLoaderDispatch.dispatch(ContextClassLoaderDispatch.java:33)
  at org.gradle.internal.dispatch.ProxyDispatchAdapter$DispatchingInvocationHandler.invoke(ProxyDispatchAdapter.java:88)
  at jdk.proxy1/jdk.proxy1.$Proxy4.processTestDefinition(Unknown Source)
  at org.gradle.api.internal.tasks.testing.worker.TestWorker$2.run(TestWorker.java:178)
  at org.gradle.api.internal.tasks.testing.worker.TestWorker.executeAndMaintainThreadName(TestWorker.java:126)
  at org.gradle.api.internal.tasks.testing.worker.TestWorker.execute(TestWorker.java:103)
  at org.gradle.api.internal.tasks.testing.worker.TestWorker.execute(TestWorker.java:63)
  at org.gradle.process.internal.worker.child.ActionExecutionWorker.execute(ActionExecutionWorker.java:56)
  at org.gradle.process.internal.worker.child.SystemApplicationClassLoaderWorker.call(SystemApplicationClassLoaderWorker.java:122)
  at org.gradle.process.internal.worker.child.SystemApplicationClassLoaderWorker.call(SystemApplicationClassLoaderWorker.java:72)
  at worker.org.gradle.process.internal.worker.GradleWorkerMain.run(GradleWorkerMain.java:69)
  at worker.org.gradle.process.internal.worker.GradleWorkerMain.main(GradleWorkerMain.java:74)
</stacktrace>
</test-failure>


TypeScriptCompilerTests_T[jvm] > taggedTemplatesWithIncompleteTemplateExpressions3_ts has expected errors matching taggedTemplatesWithIncompleteTemplateExpressions3_errors_txt[jvm] FAILED

<test-failure test="com.xemantic.typescript.compiler.TypeScriptCompilerTests_T.typeCheckingInsideFunctionExpressionInArray_ts has expected errors matching typeCheckingInsideFunctionExpressionInArray_errors_txt" platform="jvm">
<message>
--- expected
+++ actual
@@ -1,20 +1,11 @@
-typeCheckingInsideFunctionExpressionInArray.ts(2,7): error TS2322: Type 'number' is not assignable to type 'string'.
-typeCheckingInsideFunctionExpressionInArray.ts(3,5): error TS2322: Type 'Object' is not assignable to type 'string'.
-typeCheckingInsideFunctionExpressionInArray.ts(4,15): error TS2339: Property 'NonexistantMethod' does not exist on type 'number[]'.
 typeCheckingInsideFunctionExpressionInArray.ts(5,5): error TS2304: Cannot find name 'derp'.
 
 
-==== typeCheckingInsideFunctionExpressionInArray.ts (4 errors) ====
+==== typeCheckingInsideFunctionExpressionInArray.ts (1 errors) ====
     var functions = [function () {
       var k: string = 10;
-          ~
-!!! error TS2322: Type 'number' is not assignable to type 'string'.
         k = new Object();
-        ~
-!!! error TS2322: Type 'Object' is not assignable to type 'string'.
         [1, 2, 3].NonexistantMethod();
-                  ~~~~~~~~~~~~~~~~~
-!!! error TS2339: Property 'NonexistantMethod' does not exist on type 'number[]'.
         derp();
         ~~~~
 !!! error TS2304: Cannot find name 'derp'.

</message>
<stacktrace>
  at org.junit.Assert.fail(Assert.java:89)
  at kotlin.test.junit.JUnitAsserter.fail(JUnitSupport.kt:56)
  at kotlin.test.AssertionsKt__AssertionsKt.fail(Assertions.kt:563)
  at kotlin.test.AssertionsKt.fail(Unknown Source)
  at com.xemantic.kotlin.test.SameAsKt.sameAs(SameAs.kt:52)
  at com.xemantic.typescript.compiler.TypeScriptTestSupportKt.errorsMatchBaseline(TypeScriptTestSupport.kt:135)
  at com.xemantic.typescript.compiler.TypeScriptCompilerTests_T.typeCheckingInsideFunctionExpressionInArray_ts has expected errors matching typeCheckingInsideFunctionExpressionInArray_errors_txt(TypeScriptCompilerTests_T.kt:1953)
  at java.base/jdk.internal.reflect.DirectMethodHandleAccessor.invoke(DirectMethodHandleAccessor.java:104)
  at java.base/java.lang.reflect.Method.invoke(Method.java:565)
  at org.junit.runners.model.FrameworkMethod$1.runReflectiveCall(FrameworkMethod.java:59)
  at org.junit.internal.runners.model.ReflectiveCallable.run(ReflectiveCallable.java:12)
  at org.junit.runners.model.FrameworkMethod.invokeExplosively(FrameworkMethod.java:56)
  at org.junit.internal.runners.statements.InvokeMethod.evaluate(InvokeMethod.java:17)
  at org.junit.runners.ParentRunner$3.evaluate(ParentRunner.java:306)
  at org.junit.runners.BlockJUnit4ClassRunner$1.evaluate(BlockJUnit4ClassRunner.java:100)
  at org.junit.runners.ParentRunner.runLeaf(ParentRunner.java:366)
  at org.junit.runners.BlockJUnit4ClassRunner.runChild(BlockJUnit4ClassRunner.java:103)
  at org.junit.runners.BlockJUnit4ClassRunner.runChild(BlockJUnit4ClassRunner.java:63)
  at org.junit.runners.ParentRunner$4.run(ParentRunner.java:331)
  at org.junit.runners.ParentRunner$1.schedule(ParentRunner.java:79)
  at org.junit.runners.ParentRunner.runChildren(ParentRunner.java:329)
  at org.junit.runners.ParentRunner.access$100(ParentRunner.java:66)
  at org.junit.runners.ParentRunner$2.evaluate(ParentRunner.java:293)
  at org.junit.runners.ParentRunner$3.evaluate(ParentRunner.java:306)
  at org.junit.runners.ParentRunner.run(ParentRunner.java:413)
  at org.junit.runner.JUnitCore.run(JUnitCore.java:137)
  at org.junit.runner.JUnitCore.run(JUnitCore.java:115)
  at org.gradle.api.internal.tasks.testing.junit.JUnitTestExecutor.runRequest(JUnitTestExecutor.java:175)
  at org.gradle.api.internal.tasks.testing.junit.JUnitTestExecutor.accept(JUnitTestExecutor.java:84)
  at org.gradle.api.internal.tasks.testing.junit.JUnitTestExecutor.accept(JUnitTestExecutor.java:47)
  at org.gradle.api.internal.tasks.testing.junit.AbstractJUnitTestDefinitionProcessor.processTestDefinition(AbstractJUnitTestDefinitionProcessor.java:65)
  at org.gradle.api.internal.tasks.testing.SuiteTestDefinitionProcessor.processTestDefinition(SuiteTestDefinitionProcessor.java:54)
  at java.base/jdk.internal.reflect.DirectMethodHandleAccessor.invoke(DirectMethodHandleAccessor.java:104)
  at java.base/java.lang.reflect.Method.invoke(Method.java:565)
  at org.gradle.internal.dispatch.MethodInvocation.invokeOn(MethodInvocation.java:77)
  at org.gradle.internal.dispatch.ReflectionDispatch.dispatch(ReflectionDispatch.java:28)
  at org.gradle.internal.dispatch.ReflectionDispatch.dispatch(ReflectionDispatch.java:19)
  at org.gradle.internal.dispatch.ContextClassLoaderDispatch.dispatch(ContextClassLoaderDispatch.java:33)
  at org.gradle.internal.dispatch.ProxyDispatchAdapter$DispatchingInvocationHandler.invoke(ProxyDispatchAdapter.java:88)
  at jdk.proxy1/jdk.proxy1.$Proxy4.processTestDefinition(Unknown Source)
  at org.gradle.api.internal.tasks.testing.worker.TestWorker$2.run(TestWorker.java:178)
  at org.gradle.api.internal.tasks.testing.worker.TestWorker.executeAndMaintainThreadName(TestWorker.java:126)
  at org.gradle.api.internal.tasks.testing.worker.TestWorker.execute(TestWorker.java:103)
  at org.gradle.api.internal.tasks.testing.worker.TestWorker.execute(TestWorker.java:63)
  at org.gradle.process.internal.worker.child.ActionExecutionWorker.execute(ActionExecutionWorker.java:56)
  at org.gradle.process.internal.worker.child.SystemApplicationClassLoaderWorker.call(SystemApplicationClassLoaderWorker.java:122)
  at org.gradle.process.internal.worker.child.SystemApplicationClassLoaderWorker.call(SystemApplicationClassLoaderWorker.java:72)
  at worker.org.gradle.process.internal.worker.GradleWorkerMain.run(GradleWorkerMain.java:69)
  at worker.org.gradle.process.internal.worker.GradleWorkerMain.main(GradleWorkerMain.java:74)
</stacktrace>
</test-failure>


TypeScriptCompilerTests_T[jvm] > typeCheckingInsideFunctionExpressionInArray_ts has expected errors matching typeCheckingInsideFunctionExpressionInArray_errors_txt[jvm] FAILED

<test-failure test="com.xemantic.typescript.compiler.TypeScriptCompilerTests_T.typeUsedAsTypeLiteralIndex_ts has expected errors matching typeUsedAsTypeLiteralIndex_errors_txt" platform="jvm">
<message>
Expected diagnostics from baseline typescript-repo/tests/baselines/reference/typeUsedAsTypeLiteralIndex.errors.txt but none produced
</message>
<stacktrace>
  at com.xemantic.typescript.compiler.TypeScriptTestSupportKt.errorsMatchBaseline(TypeScriptTestSupport.kt:125)
  at com.xemantic.typescript.compiler.TypeScriptCompilerTests_T.typeUsedAsTypeLiteralIndex_ts has expected errors matching typeUsedAsTypeLiteralIndex_errors_txt(TypeScriptCompilerTests_T.kt:3297)
  at java.base/jdk.internal.reflect.DirectMethodHandleAccessor.invoke(DirectMethodHandleAccessor.java:104)
  at java.base/java.lang.reflect.Method.invoke(Method.java:565)
  at org.junit.runners.model.FrameworkMethod$1.runReflectiveCall(FrameworkMethod.java:59)
  at org.junit.internal.runners.model.ReflectiveCallable.run(ReflectiveCallable.java:12)
  at org.junit.runners.model.FrameworkMethod.invokeExplosively(FrameworkMethod.java:56)
  at org.junit.internal.runners.statements.InvokeMethod.evaluate(InvokeMethod.java:17)
  at org.junit.runners.ParentRunner$3.evaluate(ParentRunner.java:306)
  at org.junit.runners.BlockJUnit4ClassRunner$1.evaluate(BlockJUnit4ClassRunner.java:100)
  at org.junit.runners.ParentRunner.runLeaf(ParentRunner.java:366)
  at org.junit.runners.BlockJUnit4ClassRunner.runChild(BlockJUnit4ClassRunner.java:103)
  at org.junit.runners.BlockJUnit4ClassRunner.runChild(BlockJUnit4ClassRunner.java:63)
  at org.junit.runners.ParentRunner$4.run(ParentRunner.java:331)
  at org.junit.runners.ParentRunner$1.schedule(ParentRunner.java:79)
  at org.junit.runners.ParentRunner.runChildren(ParentRunner.java:329)
  at org.junit.runners.ParentRunner.access$100(ParentRunner.java:66)
  at org.junit.runners.ParentRunner$2.evaluate(ParentRunner.java:293)
  at org.junit.runners.ParentRunner$3.evaluate(ParentRunner.java:306)
  at org.junit.runners.ParentRunner.run(ParentRunner.java:413)
  at org.junit.runner.JUnitCore.run(JUnitCore.java:137)
  at org.junit.runner.JUnitCore.run(JUnitCore.java:115)
  at org.gradle.api.internal.tasks.testing.junit.JUnitTestExecutor.runRequest(JUnitTestExecutor.java:175)
  at org.gradle.api.internal.tasks.testing.junit.JUnitTestExecutor.accept(JUnitTestExecutor.java:84)
  at org.gradle.api.internal.tasks.testing.junit.JUnitTestExecutor.accept(JUnitTestExecutor.java:47)
  at org.gradle.api.internal.tasks.testing.junit.AbstractJUnitTestDefinitionProcessor.processTestDefinition(AbstractJUnitTestDefinitionProcessor.java:65)
  at org.gradle.api.internal.tasks.testing.SuiteTestDefinitionProcessor.processTestDefinition(SuiteTestDefinitionProcessor.java:54)
  at java.base/jdk.internal.reflect.DirectMethodHandleAccessor.invoke(DirectMethodHandleAccessor.java:104)
  at java.base/java.lang.reflect.Method.invoke(Method.java:565)
  at org.gradle.internal.dispatch.MethodInvocation.invokeOn(MethodInvocation.java:77)
  at org.gradle.internal.dispatch.ReflectionDispatch.dispatch(ReflectionDispatch.java:28)
  at org.gradle.internal.dispatch.ReflectionDispatch.dispatch(ReflectionDispatch.java:19)
  at org.gradle.internal.dispatch.ContextClassLoaderDispatch.dispatch(ContextClassLoaderDispatch.java:33)
  at org.gradle.internal.dispatch.ProxyDispatchAdapter$DispatchingInvocationHandler.invoke(ProxyDispatchAdapter.java:88)
  at jdk.proxy1/jdk.proxy1.$Proxy4.processTestDefinition(Unknown Source)
  at org.gradle.api.internal.tasks.testing.worker.TestWorker$2.run(TestWorker.java:178)
  at org.gradle.api.internal.tasks.testing.worker.TestWorker.executeAndMaintainThreadName(TestWorker.java:126)
  at org.gradle.api.internal.tasks.testing.worker.TestWorker.execute(TestWorker.java:103)
  at org.gradle.api.internal.tasks.testing.worker.TestWorker.execute(TestWorker.java:63)
  at org.gradle.process.internal.worker.child.ActionExecutionWorker.execute(ActionExecutionWorker.java:56)
  at org.gradle.process.internal.worker.child.SystemApplicationClassLoaderWorker.call(SystemApplicationClassLoaderWorker.java:122)
  at org.gradle.process.internal.worker.child.SystemApplicationClassLoaderWorker.call(SystemApplicationClassLoaderWorker.java:72)
  at worker.org.gradle.process.internal.worker.GradleWorkerMain.run(GradleWorkerMain.java:69)
  at worker.org.gradle.process.internal.worker.GradleWorkerMain.main(GradleWorkerMain.java:74)
</stacktrace>
</test-failure>


TypeScriptCompilerTests_T[jvm] > typeUsedAsTypeLiteralIndex_ts has expected errors matching typeUsedAsTypeLiteralIndex_errors_txt[jvm] FAILED

<test-failure test="com.xemantic.typescript.compiler.TypeScriptCompilerTests_T.typePredicatesInUnion3_ts has expected errors matching typePredicatesInUnion3_errors_txt" platform="jvm">
<message>
Expected diagnostics from baseline typescript-repo/tests/baselines/reference/typePredicatesInUnion3.errors.txt but none produced
</message>
<stacktrace>
  at com.xemantic.typescript.compiler.TypeScriptTestSupportKt.errorsMatchBaseline(TypeScriptTestSupport.kt:125)
  at com.xemantic.typescript.compiler.TypeScriptCompilerTests_T.typePredicatesInUnion3_ts has expected errors matching typePredicatesInUnion3_errors_txt(TypeScriptCompilerTests_T.kt:3101)
  at java.base/jdk.internal.reflect.DirectMethodHandleAccessor.invoke(DirectMethodHandleAccessor.java:104)
  at java.base/java.lang.reflect.Method.invoke(Method.java:565)
  at org.junit.runners.model.FrameworkMethod$1.runReflectiveCall(FrameworkMethod.java:59)
  at org.junit.internal.runners.model.ReflectiveCallable.run(ReflectiveCallable.java:12)
  at org.junit.runners.model.FrameworkMethod.invokeExplosively(FrameworkMethod.java:56)
  at org.junit.internal.runners.statements.InvokeMethod.evaluate(InvokeMethod.java:17)
  at org.junit.runners.ParentRunner$3.evaluate(ParentRunner.java:306)
  at org.junit.runners.BlockJUnit4ClassRunner$1.evaluate(BlockJUnit4ClassRunner.java:100)
  at org.junit.runners.ParentRunner.runLeaf(ParentRunner.java:366)
  at org.junit.runners.BlockJUnit4ClassRunner.runChild(BlockJUnit4ClassRunner.java:103)
  at org.junit.runners.BlockJUnit4ClassRunner.runChild(BlockJUnit4ClassRunner.java:63)
  at org.junit.runners.ParentRunner$4.run(ParentRunner.java:331)
  at org.junit.runners.ParentRunner$1.schedule(ParentRunner.java:79)
  at org.junit.runners.ParentRunner.runChildren(ParentRunner.java:329)
  at org.junit.runners.ParentRunner.access$100(ParentRunner.java:66)
  at org.junit.runners.ParentRunner$2.evaluate(ParentRunner.java:293)
  at org.junit.runners.ParentRunner$3.evaluate(ParentRunner.java:306)
  at org.junit.runners.ParentRunner.run(ParentRunner.java:413)
  at org.junit.runner.JUnitCore.run(JUnitCore.java:137)
  at org.junit.runner.JUnitCore.run(JUnitCore.java:115)
  at org.gradle.api.internal.tasks.testing.junit.JUnitTestExecutor.runRequest(JUnitTestExecutor.java:175)
  at org.gradle.api.internal.tasks.testing.junit.JUnitTestExecutor.accept(JUnitTestExecutor.java:84)
  at org.gradle.api.internal.tasks.testing.junit.JUnitTestExecutor.accept(JUnitTestExecutor.java:47)
  at org.gradle.api.internal.tasks.testing.junit.AbstractJUnitTestDefinitionProcessor.processTestDefinition(AbstractJUnitTestDefinitionProcessor.java:65)
  at org.gradle.api.internal.tasks.testing.SuiteTestDefinitionProcessor.processTestDefinition(SuiteTestDefinitionProcessor.java:54)
  at java.base/jdk.internal.reflect.DirectMethodHandleAccessor.invoke(DirectMethodHandleAccessor.java:104)
  at java.base/java.lang.reflect.Method.invoke(Method.java:565)
  at org.gradle.internal.dispatch.MethodInvocation.invokeOn(MethodInvocation.java:77)
  at org.gradle.internal.dispatch.ReflectionDispatch.dispatch(ReflectionDispatch.java:28)
  at org.gradle.internal.dispatch.ReflectionDispatch.dispatch(ReflectionDispatch.java:19)
  at org.gradle.internal.dispatch.ContextClassLoaderDispatch.dispatch(ContextClassLoaderDispatch.java:33)
  at org.gradle.internal.dispatch.ProxyDispatchAdapter$DispatchingInvocationHandler.invoke(ProxyDispatchAdapter.java:88)
  at jdk.proxy1/jdk.proxy1.$Proxy4.processTestDefinition(Unknown Source)
  at org.gradle.api.internal.tasks.testing.worker.TestWorker$2.run(TestWorker.java:178)
  at org.gradle.api.internal.tasks.testing.worker.TestWorker.executeAndMaintainThreadName(TestWorker.java:126)
  at org.gradle.api.internal.tasks.testing.worker.TestWorker.execute(TestWorker.java:103)
  at org.gradle.api.internal.tasks.testing.worker.TestWorker.execute(TestWorker.java:63)
  at org.gradle.process.internal.worker.child.ActionExecutionWorker.execute(ActionExecutionWorker.java:56)
  at org.gradle.process.internal.worker.child.SystemApplicationClassLoaderWorker.call(SystemApplicationClassLoaderWorker.java:122)
  at org.gradle.process.internal.worker.child.SystemApplicationClassLoaderWorker.call(SystemApplicationClassLoaderWorker.java:72)
  at worker.org.gradle.process.internal.worker.GradleWorkerMain.run(GradleWorkerMain.java:69)
  at worker.org.gradle.process.internal.worker.GradleWorkerMain.main(GradleWorkerMain.java:74)
</stacktrace>
</test-failure>


TypeScriptCompilerTests_T[jvm] > typePredicatesInUnion3_ts has expected errors matching typePredicatesInUnion3_errors_txt[jvm] FAILED

<test-failure test="com.xemantic.typescript.compiler.TypeScriptCompilerTests_T.transformNestedGeneratorsWithTry_ts__target_es5__has expected errors matching baseline" platform="jvm">
<message>
--- expected
+++ actual
@@ -1,8 +1,6 @@
 error TS5107: Option 'target=ES5' is deprecated and will stop functioning in TypeScript 7.0. Specify compilerOption '"ignoreDeprecations": "6.0"' to silence this error.
-main.ts(3,21): error TS1055: Type '{ default: PromiseConstructor; all<T>(values: Iterable<T | PromiseLike<T>>): Promise<Awaited<T>[]>; all<T extends readonly unknown[] | []>(values: T): Promise<{ -readonly [P in keyof T]: Awaited<T[P]>; }>; race<T>(values: Iterable<T | PromiseLike<T>>): Promise<Awaited<T>>; race<T extends readonly unknown[] | []>(values: T): Promise<Awaited<T[number]>>; prototype: Promise<any>; reject<T = never>(reason?: any): Promise<T>; resolve(): Promise<void>; resolve<T>(value: T): Promise<Awaited<T>>; resolve<T>(value: T | PromiseLike<T>): Promise<Awaited<T>>; [Symbol.species]: PromiseConstructor; }' is not a valid async function return type in ES5 because it does not refer to a Promise-compatible constructor value.
-  Type '{ default: PromiseConstructor; all<T>(values: Iterable<T | PromiseLike<T>>): Promise<Awaited<T>[]>; all<T extends readonly unknown[] | []>(values: T): Promise<{ -readonly [P in keyof T]: Awaited<T[P]>; }>; race<T>(values: Iterable<T | PromiseLike<T>>): Promise<Awaited<T>>; race<T extends readonly unknown[] | []>(values: T): Promise<Awaited<T[number]>>; prototype: Promise<any>; reject<T = never>(reason?: any): Promise<T>; resolve(): Promise<void>; resolve<T>(value: T): Promise<Awaited<T>>; resolve<T>(value: T | PromiseLike<T>): Promise<Awaited<T>>; [Symbol.species]: PromiseConstructor; }' provides no match for the signature 'new <T>(executor: (resolve: (value: T | PromiseLike<T>) => void, reject: (reason?: any) => void) => void): PromiseLike<T>'.
-main.ts(5,35): error TS1055: Type '{ default: PromiseConstructor; all<T>(values: Iterable<T | PromiseLike<T>>): Promise<Awaited<T>[]>; all<T extends readonly unknown[] | []>(values: T): Promise<{ -readonly [P in keyof T]: Awaited<T[P]>; }>; race<T>(values: Iterable<T | PromiseLike<T>>): Promise<Awaited<T>>; race<T extends readonly unknown[] | []>(values: T): Promise<Awaited<T[number]>>; prototype: Promise<any>; reject<T = never>(reason?: any): Promise<T>; resolve(): Promise<void>; resolve<T>(value: T): Promise<Awaited<T>>; resolve<T>(value: T | PromiseLike<T>): Promise<Awaited<T>>; [Symbol.species]: PromiseConstructor; }' is not a valid async function return type in ES5 because it does not refer to a Promise-compatible constructor value.
-  Type '{ default: PromiseConstructor; all<T>(values: Iterable<T | PromiseLike<T>>): Promise<Awaited<T>[]>; all<T extends readonly unknown[] | []>(values: T): Promise<{ -readonly [P in keyof T]: Awaited<T[P]>; }>; race<T>(values: Iterable<T | PromiseLike<T>>): Promise<Awaited<T>>; race<T extends readonly unknown[] | []>(values: T): Promise<Awaited<T[number]>>; prototype: Promise<any>; reject<T = never>(reason?: any): Promise<T>; resolve(): Promise<void>; resolve<T>(value: T): Promise<Awaited<T>>; resolve<T>(value: T | PromiseLike<T>): Promise<Awaited<T>>; [Symbol.species]: PromiseConstructor; }' provides no match for the signature 'new <T>(executor: (resolve: (value: T | PromiseLike<T>) => void, reject: (reason?: any) => void) => void): PromiseLike<T>'.
+main.ts(3,21): error TS2355: A function whose declared type is neither 'undefined', 'void', nor 'any' must return a value.
+main.ts(5,35): error TS2355: A function whose declared type is neither 'undefined', 'void', nor 'any' must return a value.
 
 
 !!! error TS5107: Option 'target=ES5' is deprecated and will stop functioning in TypeScript 7.0. Specify compilerOption '"ignoreDeprecations": "6.0"' to silence this error.
@@ -11,15 +9,11 @@
     import * as Bluebird from 'bluebird';
     async function a(): Bluebird<void> {
                         ~~~~~~~~~~~~~~
-!!! error TS1055: Type '{ default: PromiseConstructor; all<T>(values: Iterable<T | PromiseLike<T>>): Promise<Awaited<T>[]>; all<T extends readonly unknown[] | []>(values: T): Promise<{ -readonly [P in keyof T]: Awaited<T[P]>; }>; race<T>(values: Iterable<T | PromiseLike<T>>): Promise<Awaited<T>>; race<T extends readonly unknown[] | []>(values: T): Promise<Awaited<T[number]>>; prototype: Promise<any>; reject<T = never>(reason?: any): Promise<T>; resolve(): Promise<void>; resolve<T>(value: T): Promise<Awaited<T>>; resolve<T>(value: T | PromiseLike<T>): Promise<Awaited<T>>; [Symbol.species]: PromiseConstructor; }' is not a valid async function return type in ES5 because it does not refer to a Promise-compatible constructor value.
-!!! error TS1055:   Type '{ default: PromiseConstructor; all<T>(values: Iterable<T | PromiseLike<T>>): Promise<Awaited<T>[]>; all<T extends readonly unknown[] | []>(values: T): Promise<{ -readonly [P in keyof T]: Awaited<T[P]>; }>; race<T>(values: Iterable<T | PromiseLike<T>>): Promise<Awaited<T>>; race<T extends readonly unknown[] | []>(values: T): Promise<Awaited<T[number]>>; prototype: Promise<any>; reject<T = never>(reason?: any): Promise<T>; resolve(): Promise<void>; resolve<T>(value: T): Promise<Awaited<T>>; resolve<T>(value: T | PromiseLike<T>): Promise<Awaited<T>>; [Symbol.species]: PromiseConstructor; }' provides no match for the signature 'new <T>(executor: (resolve: (value: T | PromiseLike<T>) => void, reject: (reason?: any) => void) => void): PromiseLike<T>'.
-!!! related TS7038 main.ts:2:1: Type originates at this import. A namespace-style import cannot be called or constructed, and will cause a failure at runtime. Consider using a default import or import require here instead.
+!!! error TS2355: A function whose declared type is neither 'undefined', 'void', nor 'any' must return a value.
       try {
         const b = async function b(): Bluebird<void> {
                                       ~~~~~~~~~~~~~~
-!!! error TS1055: Type '{ default: PromiseConstructor; all<T>(values: Iterable<T | PromiseLike<T>>): Promise<Awaited<T>[]>; all<T extends readonly unknown[] | []>(values: T): Promise<{ -readonly [P in keyof T]: Awaited<T[P]>; }>; race<T>(values: Iterable<T | PromiseLike<T>>): Promise<Awaited<T>>; race<T extends readonly unknown[] | []>(values: T): Promise<Awaited<T[number]>>; prototype: Promise<any>; reject<T = never>(reason?: any): Promise<T>; resolve(): Promise<void>; resolve<T>(value: T): Promise<Awaited<T>>; resolve<T>(value: T | PromiseLike<T>): Promise<Awaited<T>>; [Symbol.species]: PromiseConstructor; }' is not a valid async function return type in ES5 because it does not refer to a Promise-compatible constructor value.
-!!! error TS1055:   Type '{ default: PromiseConstructor; all<T>(values: Iterable<T | PromiseLike<T>>): Promise<Awaited<T>[]>; all<T extends readonly unknown[] | []>(values: T): Promise<{ -readonly [P in keyof T]: Awaited<T[P]>; }>; race<T>(values: Iterable<T | PromiseLike<T>>): Promise<Awaited<T>>; race<T extends readonly unknown[] | []>(values: T): Promise<Awaited<T[number]>>; prototype: Promise<any>; reject<T = never>(reason?: any): Promise<T>; resolve(): Promise<void>; resolve<T>(value: T): Promise<Awaited<T>>; resolve<T>(value: T | PromiseLike<T>): Promise<Awaited<T>>; [Symbol.species]: PromiseConstructor; }' provides no match for the signature 'new <T>(executor: (resolve: (value: T | PromiseLike<T>) => void, reject: (reason?: any) => void) => void): PromiseLike<T>'.
-!!! related TS7038 main.ts:2:1: Type originates at this import. A namespace-style import cannot be called or constructed, and will cause a failure at runtime. Consider using a default import or import require here instead.
+!!! error TS2355: A function whose declared type is neither 'undefined', 'void', nor 'any' must return a value.
           try {
             await Bluebird.resolve(); // -- remove this and it compiles
           } catch (error) { }

</message>
<stacktrace>
  at org.junit.Assert.fail(Assert.java:89)
  at kotlin.test.junit.JUnitAsserter.fail(JUnitSupport.kt:56)
  at kotlin.test.AssertionsKt__AssertionsKt.fail(Assertions.kt:563)
  at kotlin.test.AssertionsKt.fail(Unknown Source)
  at com.xemantic.kotlin.test.SameAsKt.sameAs(SameAs.kt:52)
  at com.xemantic.typescript.compiler.TypeScriptTestSupportKt.errorsMatchBaseline(TypeScriptTestSupport.kt:135)
  at com.xemantic.typescript.compiler.TypeScriptCompilerTests_T.transformNestedGeneratorsWithTry_ts__target_es5__has expected errors matching baseline(TypeScriptCompilerTests_T.kt:1169)
  at java.base/jdk.internal.reflect.DirectMethodHandleAccessor.invoke(DirectMethodHandleAccessor.java:104)
  at java.base/java.lang.reflect.Method.invoke(Method.java:565)
  at org.junit.runners.model.FrameworkMethod$1.runReflectiveCall(FrameworkMethod.java:59)
  at org.junit.internal.runners.model.ReflectiveCallable.run(ReflectiveCallable.java:12)
  at org.junit.runners.model.FrameworkMethod.invokeExplosively(FrameworkMethod.java:56)
  at org.junit.internal.runners.statements.InvokeMethod.evaluate(InvokeMethod.java:17)
  at org.junit.runners.ParentRunner$3.evaluate(ParentRunner.java:306)
  at org.junit.runners.BlockJUnit4ClassRunner$1.evaluate(BlockJUnit4ClassRunner.java:100)
  at org.junit.runners.ParentRunner.runLeaf(ParentRunner.java:366)
  at org.junit.runners.BlockJUnit4ClassRunner.runChild(BlockJUnit4ClassRunner.java:103)
  at org.junit.runners.BlockJUnit4ClassRunner.runChild(BlockJUnit4ClassRunner.java:63)
  at org.junit.runners.ParentRunner$4.run(ParentRunner.java:331)
  at org.junit.runners.ParentRunner$1.schedule(ParentRunner.java:79)
  at org.junit.runners.ParentRunner.runChildren(ParentRunner.java:329)
  at org.junit.runners.ParentRunner.access$100(ParentRunner.java:66)
  at org.junit.runners.ParentRunner$2.evaluate(ParentRunner.java:293)
  at org.junit.runners.ParentRunner$3.evaluate(ParentRunner.java:306)
  at org.junit.runners.ParentRunner.run(ParentRunner.java:413)
  at org.junit.runner.JUnitCore.run(JUnitCore.java:137)
  at org.junit.runner.JUnitCore.run(JUnitCore.java:115)
  at org.gradle.api.internal.tasks.testing.junit.JUnitTestExecutor.runRequest(JUnitTestExecutor.java:175)
  at org.gradle.api.internal.tasks.testing.junit.JUnitTestExecutor.accept(JUnitTestExecutor.java:84)
  at org.gradle.api.internal.tasks.testing.junit.JUnitTestExecutor.accept(JUnitTestExecutor.java:47)
  at org.gradle.api.internal.tasks.testing.junit.AbstractJUnitTestDefinitionProcessor.processTestDefinition(AbstractJUnitTestDefinitionProcessor.java:65)
  at org.gradle.api.internal.tasks.testing.SuiteTestDefinitionProcessor.processTestDefinition(SuiteTestDefinitionProcessor.java:54)
  at java.base/jdk.internal.reflect.DirectMethodHandleAccessor.invoke(DirectMethodHandleAccessor.java:104)
  at java.base/java.lang.reflect.Method.invoke(Method.java:565)
  at org.gradle.internal.dispatch.MethodInvocation.invokeOn(MethodInvocation.java:77)
  at org.gradle.internal.dispatch.ReflectionDispatch.dispatch(ReflectionDispatch.java:28)
  at org.gradle.internal.dispatch.ReflectionDispatch.dispatch(ReflectionDispatch.java:19)
  at org.gradle.internal.dispatch.ContextClassLoaderDispatch.dispatch(ContextClassLoaderDispatch.java:33)
  at org.gradle.internal.dispatch.ProxyDispatchAdapter$DispatchingInvocationHandler.invoke(ProxyDispatchAdapter.java:88)
  at jdk.proxy1/jdk.proxy1.$Proxy4.processTestDefinition(Unknown Source)
  at org.gradle.api.internal.tasks.testing.worker.TestWorker$2.run(TestWorker.java:178)
  at org.gradle.api.internal.tasks.testing.worker.TestWorker.executeAndMaintainThreadName(TestWorker.java:126)
  at org.gradle.api.internal.tasks.testing.worker.TestWorker.execute(TestWorker.java:103)
  at org.gradle.api.internal.tasks.testing.worker.TestWorker.execute(TestWorker.java:63)
  at org.gradle.process.internal.worker.child.ActionExecutionWorker.execute(ActionExecutionWorker.java:56)
  at org.gradle.process.internal.worker.child.SystemApplicationClassLoaderWorker.call(SystemApplicationClassLoaderWorker.java:122)
  at org.gradle.process.internal.worker.child.SystemApplicationClassLoaderWorker.call(SystemApplicationClassLoaderWorker.java:72)
  at worker.org.gradle.process.internal.worker.GradleWorkerMain.run(GradleWorkerMain.java:69)
  at worker.org.gradle.process.internal.worker.GradleWorkerMain.main(GradleWorkerMain.java:74)
</stacktrace>
</test-failure>


TypeScriptCompilerTests_T[jvm] > transformNestedGeneratorsWithTry_ts__target_es5__has expected errors matching baseline[jvm] FAILED

<test-failure test="com.xemantic.typescript.compiler.TypeScriptCompilerTests_T.tslibMultipleMissingHelper_ts compiles to JavaScript matching tslibMultipleMissingHelper_js" platform="jvm">
<message>
--- expected
+++ actual
@@ -1,5 +1,17 @@
 //// [tests/cases/compiler/tslibMultipleMissingHelper.ts] ////
 
+//// [index.ts]
+export {};
+async function foo(): Promise<void> {}
+async function bar(): Promise<void> {}
+
+//// [other.ts]
+export {};
+export async function noop(): Promise<void> {}
+export function spread({ a, ...rest }: { a: number, b: number}) {
+    return { c: "c", ...rest };
+}
+
 //// [package.json]
 {
     "name": "tslib",
@@ -13,6 +25,10 @@
 //// [tslib.js]
 module.exports.notAHelper = 3;
 
+//// [index.ts]
+export {};
+async function foo(): Promise<void> {}
+
 //// [package.json]
 {
     "name": "tslib",
@@ -20,25 +36,12 @@
     "typings": "tslib.d.ts"
 }
 
+//// [tslib.d.ts]
+export const notAHelper: any;
+
 //// [tslib.js]
 module.exports.notAHelper = 3;
-//// [index.ts]
-export {};
-async function foo(): Promise<void> {}
-async function bar(): Promise<void> {}
 
-//// [other.ts]
-export {};
-export async function noop(): Promise<void> {}
-export function spread({ a, ...rest }: { a: number, b: number}) {
-    return { c: "c", ...rest };
-}
-
-//// [index.ts]
-export {};
-async function foo(): Promise<void> {}
-
-
 //// [index.js]
 "use strict";
 Object.defineProperty(exports, "__esModule", { value: true });

</message>
<stacktrace>
  at org.junit.Assert.fail(Assert.java:89)
  at kotlin.test.junit.JUnitAsserter.fail(JUnitSupport.kt:56)
  at kotlin.test.AssertionsKt__AssertionsKt.fail(Assertions.kt:563)
  at kotlin.test.AssertionsKt.fail(Unknown Source)
  at com.xemantic.kotlin.test.SameAsKt.sameAs(SameAs.kt:52)
  at com.xemantic.typescript.compiler.TypeScriptTestSupportKt.sameAs(TypeScriptTestSupport.kt:99)
  at com.xemantic.typescript.compiler.TypeScriptCompilerTests_T.tslibMultipleMissingHelper_ts compiles to JavaScript matching tslibMultipleMissingHelper_js(TypeScriptCompilerTests_T.kt:1463)
  at java.base/jdk.internal.reflect.DirectMethodHandleAccessor.invoke(DirectMethodHandleAccessor.java:104)
  at java.base/java.lang.reflect.Method.invoke(Method.java:565)
  at org.junit.runners.model.FrameworkMethod$1.runReflectiveCall(FrameworkMethod.java:59)
  at org.junit.internal.runners.model.ReflectiveCallable.run(ReflectiveCallable.java:12)
  at org.junit.runners.model.FrameworkMethod.invokeExplosively(FrameworkMethod.java:56)
  at org.junit.internal.runners.statements.InvokeMethod.evaluate(InvokeMethod.java:17)
  at org.junit.runners.ParentRunner$3.evaluate(ParentRunner.java:306)
  at org.junit.runners.BlockJUnit4ClassRunner$1.evaluate(BlockJUnit4ClassRunner.java:100)
  at org.junit.runners.ParentRunner.runLeaf(ParentRunner.java:366)
  at org.junit.runners.BlockJUnit4ClassRunner.runChild(BlockJUnit4ClassRunner.java:103)
  at org.junit.runners.BlockJUnit4ClassRunner.runChild(BlockJUnit4ClassRunner.java:63)
  at org.junit.runners.ParentRunner$4.run(ParentRunner.java:331)
  at org.junit.runners.ParentRunner$1.schedule(ParentRunner.java:79)
  at org.junit.runners.ParentRunner.runChildren(ParentRunner.java:329)
  at org.junit.runners.ParentRunner.access$100(ParentRunner.java:66)
  at org.junit.runners.ParentRunner$2.evaluate(ParentRunner.java:293)
  at org.junit.runners.ParentRunner$3.evaluate(ParentRunner.java:306)
  at org.junit.runners.ParentRunner.run(ParentRunner.java:413)
  at org.junit.runner.JUnitCore.run(JUnitCore.java:137)
  at org.junit.runner.JUnitCore.run(JUnitCore.java:115)
  at org.gradle.api.internal.tasks.testing.junit.JUnitTestExecutor.runRequest(JUnitTestExecutor.java:175)
  at org.gradle.api.internal.tasks.testing.junit.JUnitTestExecutor.accept(JUnitTestExecutor.java:84)
  at org.gradle.api.internal.tasks.testing.junit.JUnitTestExecutor.accept(JUnitTestExecutor.java:47)
  at org.gradle.api.internal.tasks.testing.junit.AbstractJUnitTestDefinitionProcessor.processTestDefinition(AbstractJUnitTestDefinitionProcessor.java:65)
  at org.gradle.api.internal.tasks.testing.SuiteTestDefinitionProcessor.processTestDefinition(SuiteTestDefinitionProcessor.java:54)
  at java.base/jdk.internal.reflect.DirectMethodHandleAccessor.invoke(DirectMethodHandleAccessor.java:104)
  at java.base/java.lang.reflect.Method.invoke(Method.java:565)
  at org.gradle.internal.dispatch.MethodInvocation.invokeOn(MethodInvocation.java:77)
  at org.gradle.internal.dispatch.ReflectionDispatch.dispatch(ReflectionDispatch.java:28)
  at org.gradle.internal.dispatch.ReflectionDispatch.dispatch(ReflectionDispatch.java:19)
  at org.gradle.internal.dispatch.ContextClassLoaderDispatch.dispatch(ContextClassLoaderDispatch.java:33)
  at org.gradle.internal.dispatch.ProxyDispatchAdapter$DispatchingInvocationHandler.invoke(ProxyDispatchAdapter.java:88)
  at jdk.proxy1/jdk.proxy1.$Proxy4.processTestDefinition(Unknown Source)
  at org.gradle.api.internal.tasks.testing.worker.TestWorker$2.run(TestWorker.java:178)
  at org.gradle.api.internal.tasks.testing.worker.TestWorker.executeAndMaintainThreadName(TestWorker.java:126)
  at org.gradle.api.internal.tasks.testing.worker.TestWorker.execute(TestWorker.java:103)
  at org.gradle.api.internal.tasks.testing.worker.TestWorker.execute(TestWorker.java:63)
  at org.gradle.process.internal.worker.child.ActionExecutionWorker.execute(ActionExecutionWorker.java:56)
  at org.gradle.process.internal.worker.child.SystemApplicationClassLoaderWorker.call(SystemApplicationClassLoaderWorker.java:122)
  at org.gradle.process.internal.worker.child.SystemApplicationClassLoaderWorker.call(SystemApplicationClassLoaderWorker.java:72)
  at worker.org.gradle.process.internal.worker.GradleWorkerMain.run(GradleWorkerMain.java:69)
  at worker.org.gradle.process.internal.worker.GradleWorkerMain.main(GradleWorkerMain.java:74)
</stacktrace>
</test-failure>


TypeScriptCompilerTests_T[jvm] > tslibMultipleMissingHelper_ts compiles to JavaScript matching tslibMultipleMissingHelper_js[jvm] FAILED

<test-failure test="com.xemantic.typescript.compiler.TypeScriptCompilerTests_T.typeArgumentsOnFunctionsWithNoTypeParameters_ts has expected errors matching typeArgumentsOnFunctionsWithNoTypeParameters_errors_txt" platform="jvm">
<message>
Expected diagnostics from baseline typescript-repo/tests/baselines/reference/typeArgumentsOnFunctionsWithNoTypeParameters.errors.txt but none produced
</message>
<stacktrace>
  at com.xemantic.typescript.compiler.TypeScriptTestSupportKt.errorsMatchBaseline(TypeScriptTestSupport.kt:125)
  at com.xemantic.typescript.compiler.TypeScriptCompilerTests_T.typeArgumentsOnFunctionsWithNoTypeParameters_ts has expected errors matching typeArgumentsOnFunctionsWithNoTypeParameters_errors_txt(TypeScriptCompilerTests_T.kt:1855)
  at java.base/jdk.internal.reflect.DirectMethodHandleAccessor.invoke(DirectMethodHandleAccessor.java:104)
  at java.base/java.lang.reflect.Method.invoke(Method.java:565)
  at org.junit.runners.model.FrameworkMethod$1.runReflectiveCall(FrameworkMethod.java:59)
  at org.junit.internal.runners.model.ReflectiveCallable.run(ReflectiveCallable.java:12)
  at org.junit.runners.model.FrameworkMethod.invokeExplosively(FrameworkMethod.java:56)
  at org.junit.internal.runners.statements.InvokeMethod.evaluate(InvokeMethod.java:17)
  at org.junit.runners.ParentRunner$3.evaluate(ParentRunner.java:306)
  at org.junit.runners.BlockJUnit4ClassRunner$1.evaluate(BlockJUnit4ClassRunner.java:100)
  at org.junit.runners.ParentRunner.runLeaf(ParentRunner.java:366)
  at org.junit.runners.BlockJUnit4ClassRunner.runChild(BlockJUnit4ClassRunner.java:103)
  at org.junit.runners.BlockJUnit4ClassRunner.runChild(BlockJUnit4ClassRunner.java:63)
  at org.junit.runners.ParentRunner$4.run(ParentRunner.java:331)
  at org.junit.runners.ParentRunner$1.schedule(ParentRunner.java:79)
  at org.junit.runners.ParentRunner.runChildren(ParentRunner.java:329)
  at org.junit.runners.ParentRunner.access$100(ParentRunner.java:66)
  at org.junit.runners.ParentRunner$2.evaluate(ParentRunner.java:293)
  at org.junit.runners.ParentRunner$3.evaluate(ParentRunner.java:306)
  at org.junit.runners.ParentRunner.run(ParentRunner.java:413)
  at org.junit.runner.JUnitCore.run(JUnitCore.java:137)
  at org.junit.runner.JUnitCore.run(JUnitCore.java:115)
  at org.gradle.api.internal.tasks.testing.junit.JUnitTestExecutor.runRequest(JUnitTestExecutor.java:175)
  at org.gradle.api.internal.tasks.testing.junit.JUnitTestExecutor.accept(JUnitTestExecutor.java:84)
  at org.gradle.api.internal.tasks.testing.junit.JUnitTestExecutor.accept(JUnitTestExecutor.java:47)
  at org.gradle.api.internal.tasks.testing.junit.AbstractJUnitTestDefinitionProcessor.processTestDefinition(AbstractJUnitTestDefinitionProcessor.java:65)
  at org.gradle.api.internal.tasks.testing.SuiteTestDefinitionProcessor.processTestDefinition(SuiteTestDefinitionProcessor.java:54)
  at java.base/jdk.internal.reflect.DirectMethodHandleAccessor.invoke(DirectMethodHandleAccessor.java:104)
  at java.base/java.lang.reflect.Method.invoke(Method.java:565)
  at org.gradle.internal.dispatch.MethodInvocation.invokeOn(MethodInvocation.java:77)
  at org.gradle.internal.dispatch.ReflectionDispatch.dispatch(ReflectionDispatch.java:28)
  at org.gradle.internal.dispatch.ReflectionDispatch.dispatch(ReflectionDispatch.java:19)
  at org.gradle.internal.dispatch.ContextClassLoaderDispatch.dispatch(ContextClassLoaderDispatch.java:33)
  at org.gradle.internal.dispatch.ProxyDispatchAdapter$DispatchingInvocationHandler.invoke(ProxyDispatchAdapter.java:88)
  at jdk.proxy1/jdk.proxy1.$Proxy4.processTestDefinition(Unknown Source)
  at org.gradle.api.internal.tasks.testing.worker.TestWorker$2.run(TestWorker.java:178)
  at org.gradle.api.internal.tasks.testing.worker.TestWorker.executeAndMaintainThreadName(TestWorker.java:126)
  at org.gradle.api.internal.tasks.testing.worker.TestWorker.execute(TestWorker.java:103)
  at org.gradle.api.internal.tasks.testing.worker.TestWorker.execute(TestWorker.java:63)
  at org.gradle.process.internal.worker.child.ActionExecutionWorker.execute(ActionExecutionWorker.java:56)
  at org.gradle.process.internal.worker.child.SystemApplicationClassLoaderWorker.call(SystemApplicationClassLoaderWorker.java:122)
  at org.gradle.process.internal.worker.child.SystemApplicationClassLoaderWorker.call(SystemApplicationClassLoaderWorker.java:72)
  at worker.org.gradle.process.internal.worker.GradleWorkerMain.run(GradleWorkerMain.java:69)
  at worker.org.gradle.process.internal.worker.GradleWorkerMain.main(GradleWorkerMain.java:74)
</stacktrace>
</test-failure>


TypeScriptCompilerTests_T[jvm] > typeArgumentsOnFunctionsWithNoTypeParameters_ts has expected errors matching typeArgumentsOnFunctionsWithNoTypeParameters_errors_txt[jvm] FAILED

<test-failure test="com.xemantic.typescript.compiler.TypeScriptCompilerTests_T.taggedTemplateWithoutDeclaredHelper_ts__target_es5__has expected errors matching baseline" platform="jvm">
<message>
--- expected
+++ actual
@@ -1,16 +1,13 @@
 error TS5107: Option 'target=ES5' is deprecated and will stop functioning in TypeScript 7.0. Specify compilerOption '"ignoreDeprecations": "6.0"' to silence this error.
-foo.ts(5,23): error TS2343: This syntax requires an imported helper named '__makeTemplateObject' which does not exist in 'tslib'. Consider upgrading your version of 'tslib'.
 
 
 !!! error TS5107: Option 'target=ES5' is deprecated and will stop functioning in TypeScript 7.0. Specify compilerOption '"ignoreDeprecations": "6.0"' to silence this error.
-==== foo.ts (1 errors) ====
+==== foo.ts (0 errors) ====
     function id<T>(x: T) {
       return x;
     }
     
     export const result = id `hello world`;
-                          ~~~~~~~~~~~~~~~~
-!!! error TS2343: This syntax requires an imported helper named '__makeTemplateObject' which does not exist in 'tslib'. Consider upgrading your version of 'tslib'.
     
 ==== ./node_modules/tslib/index.d.ts (0 errors) ====
     export { };

</message>
<stacktrace>
  at org.junit.Assert.fail(Assert.java:89)
  at kotlin.test.junit.JUnitAsserter.fail(JUnitSupport.kt:56)
  at kotlin.test.AssertionsKt__AssertionsKt.fail(Assertions.kt:563)
  at kotlin.test.AssertionsKt.fail(Unknown Source)
  at com.xemantic.kotlin.test.SameAsKt.sameAs(SameAs.kt:52)
  at com.xemantic.typescript.compiler.TypeScriptTestSupportKt.errorsMatchBaseline(TypeScriptTestSupport.kt:135)
  at com.xemantic.typescript.compiler.TypeScriptCompilerTests_T.taggedTemplateWithoutDeclaredHelper_ts__target_es5__has expected errors matching baseline(TypeScriptCompilerTests_T.kt:119)
  at java.base/jdk.internal.reflect.DirectMethodHandleAccessor.invoke(DirectMethodHandleAccessor.java:104)
  at java.base/java.lang.reflect.Method.invoke(Method.java:565)
  at org.junit.runners.model.FrameworkMethod$1.runReflectiveCall(FrameworkMethod.java:59)
  at org.junit.internal.runners.model.ReflectiveCallable.run(ReflectiveCallable.java:12)
  at org.junit.runners.model.FrameworkMethod.invokeExplosively(FrameworkMethod.java:56)
  at org.junit.internal.runners.statements.InvokeMethod.evaluate(InvokeMethod.java:17)
  at org.junit.runners.ParentRunner$3.evaluate(ParentRunner.java:306)
  at org.junit.runners.BlockJUnit4ClassRunner$1.evaluate(BlockJUnit4ClassRunner.java:100)
  at org.junit.runners.ParentRunner.runLeaf(ParentRunner.java:366)
  at org.junit.runners.BlockJUnit4ClassRunner.runChild(BlockJUnit4ClassRunner.java:103)
  at org.junit.runners.BlockJUnit4ClassRunner.runChild(BlockJUnit4ClassRunner.java:63)
  at org.junit.runners.ParentRunner$4.run(ParentRunner.java:331)
  at org.junit.runners.ParentRunner$1.schedule(ParentRunner.java:79)
  at org.junit.runners.ParentRunner.runChildren(ParentRunner.java:329)
  at org.junit.runners.ParentRunner.access$100(ParentRunner.java:66)
  at org.junit.runners.ParentRunner$2.evaluate(ParentRunner.java:293)
  at org.junit.runners.ParentRunner$3.evaluate(ParentRunner.java:306)
  at org.junit.runners.ParentRunner.run(ParentRunner.java:413)
  at org.junit.runner.JUnitCore.run(JUnitCore.java:137)
  at org.junit.runner.JUnitCore.run(JUnitCore.java:115)
  at org.gradle.api.internal.tasks.testing.junit.JUnitTestExecutor.runRequest(JUnitTestExecutor.java:175)
  at org.gradle.api.internal.tasks.testing.junit.JUnitTestExecutor.accept(JUnitTestExecutor.java:84)
  at org.gradle.api.internal.tasks.testing.junit.JUnitTestExecutor.accept(JUnitTestExecutor.java:47)
  at org.gradle.api.internal.tasks.testing.junit.AbstractJUnitTestDefinitionProcessor.processTestDefinition(AbstractJUnitTestDefinitionProcessor.java:65)
  at org.gradle.api.internal.tasks.testing.SuiteTestDefinitionProcessor.processTestDefinition(SuiteTestDefinitionProcessor.java:54)
  at java.base/jdk.internal.reflect.DirectMethodHandleAccessor.invoke(DirectMethodHandleAccessor.java:104)
  at java.base/java.lang.reflect.Method.invoke(Method.java:565)
  at org.gradle.internal.dispatch.MethodInvocation.invokeOn(MethodInvocation.java:77)
  at org.gradle.internal.dispatch.ReflectionDispatch.dispatch(ReflectionDispatch.java:28)
  at org.gradle.internal.dispatch.ReflectionDispatch.dispatch(ReflectionDispatch.java:19)
  at org.gradle.internal.dispatch.ContextClassLoaderDispatch.dispatch(ContextClassLoaderDispatch.java:33)
  at org.gradle.internal.dispatch.ProxyDispatchAdapter$DispatchingInvocationHandler.invoke(ProxyDispatchAdapter.java:88)
  at jdk.proxy1/jdk.proxy1.$Proxy4.processTestDefinition(Unknown Source)
  at org.gradle.api.internal.tasks.testing.worker.TestWorker$2.run(TestWorker.java:178)
  at org.gradle.api.internal.tasks.testing.worker.TestWorker.executeAndMaintainThreadName(TestWorker.java:126)
  at org.gradle.api.internal.tasks.testing.worker.TestWorker.execute(TestWorker.java:103)
  at org.gradle.api.internal.tasks.testing.worker.TestWorker.execute(TestWorker.java:63)
  at org.gradle.process.internal.worker.child.ActionExecutionWorker.execute(ActionExecutionWorker.java:56)
  at org.gradle.process.internal.worker.child.SystemApplicationClassLoaderWorker.call(SystemApplicationClassLoaderWorker.java:122)
  at org.gradle.process.internal.worker.child.SystemApplicationClassLoaderWorker.call(SystemApplicationClassLoaderWorker.java:72)
  at worker.org.gradle.process.internal.worker.GradleWorkerMain.run(GradleWorkerMain.java:69)
  at worker.org.gradle.process.internal.worker.GradleWorkerMain.main(GradleWorkerMain.java:74)
</stacktrace>
</test-failure>


TypeScriptCompilerTests_T[jvm] > taggedTemplateWithoutDeclaredHelper_ts__target_es5__has expected errors matching baseline[jvm] FAILED

<test-failure test="com.xemantic.typescript.compiler.TypeScriptCompilerTests_T.tslibMultipleMissingHelper_ts has expected errors matching tslibMultipleMissingHelper_errors_txt" platform="jvm">
<message>
Expected diagnostics from baseline typescript-repo/tests/baselines/reference/tslibMultipleMissingHelper.errors.txt but none produced
</message>
<stacktrace>
  at com.xemantic.typescript.compiler.TypeScriptTestSupportKt.errorsMatchBaseline(TypeScriptTestSupport.kt:125)
  at com.xemantic.typescript.compiler.TypeScriptCompilerTests_T.tslibMultipleMissingHelper_ts has expected errors matching tslibMultipleMissingHelper_errors_txt(TypeScriptCompilerTests_T.kt:1470)
  at java.base/jdk.internal.reflect.DirectMethodHandleAccessor.invoke(DirectMethodHandleAccessor.java:104)
  at java.base/java.lang.reflect.Method.invoke(Method.java:565)
  at org.junit.runners.model.FrameworkMethod$1.runReflectiveCall(FrameworkMethod.java:59)
  at org.junit.internal.runners.model.ReflectiveCallable.run(ReflectiveCallable.java:12)
  at org.junit.runners.model.FrameworkMethod.invokeExplosively(FrameworkMethod.java:56)
  at org.junit.internal.runners.statements.InvokeMethod.evaluate(InvokeMethod.java:17)
  at org.junit.runners.ParentRunner$3.evaluate(ParentRunner.java:306)
  at org.junit.runners.BlockJUnit4ClassRunner$1.evaluate(BlockJUnit4ClassRunner.java:100)
  at org.junit.runners.ParentRunner.runLeaf(ParentRunner.java:366)
  at org.junit.runners.BlockJUnit4ClassRunner.runChild(BlockJUnit4ClassRunner.java:103)
  at org.junit.runners.BlockJUnit4ClassRunner.runChild(BlockJUnit4ClassRunner.java:63)
  at org.junit.runners.ParentRunner$4.run(ParentRunner.java:331)
  at org.junit.runners.ParentRunner$1.schedule(ParentRunner.java:79)
  at org.junit.runners.ParentRunner.runChildren(ParentRunner.java:329)
  at org.junit.runners.ParentRunner.access$100(ParentRunner.java:66)
  at org.junit.runners.ParentRunner$2.evaluate(ParentRunner.java:293)
  at org.junit.runners.ParentRunner$3.evaluate(ParentRunner.java:306)
  at org.junit.runners.ParentRunner.run(ParentRunner.java:413)
  at org.junit.runner.JUnitCore.run(JUnitCore.java:137)
  at org.junit.runner.JUnitCore.run(JUnitCore.java:115)
  at org.gradle.api.internal.tasks.testing.junit.JUnitTestExecutor.runRequest(JUnitTestExecutor.java:175)
  at org.gradle.api.internal.tasks.testing.junit.JUnitTestExecutor.accept(JUnitTestExecutor.java:84)
  at org.gradle.api.internal.tasks.testing.junit.JUnitTestExecutor.accept(JUnitTestExecutor.java:47)
  at org.gradle.api.internal.tasks.testing.junit.AbstractJUnitTestDefinitionProcessor.processTestDefinition(AbstractJUnitTestDefinitionProcessor.java:65)
  at org.gradle.api.internal.tasks.testing.SuiteTestDefinitionProcessor.processTestDefinition(SuiteTestDefinitionProcessor.java:54)
  at java.base/jdk.internal.reflect.DirectMethodHandleAccessor.invoke(DirectMethodHandleAccessor.java:104)
  at java.base/java.lang.reflect.Method.invoke(Method.java:565)
  at org.gradle.internal.dispatch.MethodInvocation.invokeOn(MethodInvocation.java:77)
  at org.gradle.internal.dispatch.ReflectionDispatch.dispatch(ReflectionDispatch.java:28)
  at org.gradle.internal.dispatch.ReflectionDispatch.dispatch(ReflectionDispatch.java:19)
  at org.gradle.internal.dispatch.ContextClassLoaderDispatch.dispatch(ContextClassLoaderDispatch.java:33)
  at org.gradle.internal.dispatch.ProxyDispatchAdapter$DispatchingInvocationHandler.invoke(ProxyDispatchAdapter.java:88)
  at jdk.proxy1/jdk.proxy1.$Proxy4.processTestDefinition(Unknown Source)
  at org.gradle.api.internal.tasks.testing.worker.TestWorker$2.run(TestWorker.java:178)
  at org.gradle.api.internal.tasks.testing.worker.TestWorker.executeAndMaintainThreadName(TestWorker.java:126)
  at org.gradle.api.internal.tasks.testing.worker.TestWorker.execute(TestWorker.java:103)
  at org.gradle.api.internal.tasks.testing.worker.TestWorker.execute(TestWorker.java:63)
  at org.gradle.process.internal.worker.child.ActionExecutionWorker.execute(ActionExecutionWorker.java:56)
  at org.gradle.process.internal.worker.child.SystemApplicationClassLoaderWorker.call(SystemApplicationClassLoaderWorker.java:122)
  at org.gradle.process.internal.worker.child.SystemApplicationClassLoaderWorker.call(SystemApplicationClassLoaderWorker.java:72)
  at worker.org.gradle.process.internal.worker.GradleWorkerMain.run(GradleWorkerMain.java:69)
  at worker.org.gradle.process.internal.worker.GradleWorkerMain.main(GradleWorkerMain.java:74)
</stacktrace>
</test-failure>


TypeScriptCompilerTests_T[jvm] > tslibMultipleMissingHelper_ts has expected errors matching tslibMultipleMissingHelper_errors_txt[jvm] FAILED

<test-failure test="com.xemantic.typescript.compiler.TypeScriptCompilerTests_T.thisExpressionInCallExpressionWithTypeArguments_ts has expected errors matching thisExpressionInCallExpressionWithTypeArguments_errors_txt" platform="jvm">
<message>
Expected diagnostics from baseline typescript-repo/tests/baselines/reference/thisExpressionInCallExpressionWithTypeArguments.errors.txt but none produced
</message>
<stacktrace>
  at com.xemantic.typescript.compiler.TypeScriptTestSupportKt.errorsMatchBaseline(TypeScriptTestSupport.kt:125)
  at com.xemantic.typescript.compiler.TypeScriptCompilerTests_T.thisExpressionInCallExpressionWithTypeArguments_ts has expected errors matching thisExpressionInCallExpressionWithTypeArguments_errors_txt(TypeScriptCompilerTests_T.kt:588)
  at java.base/jdk.internal.reflect.DirectMethodHandleAccessor.invoke(DirectMethodHandleAccessor.java:104)
  at java.base/java.lang.reflect.Method.invoke(Method.java:565)
  at org.junit.runners.model.FrameworkMethod$1.runReflectiveCall(FrameworkMethod.java:59)
  at org.junit.internal.runners.model.ReflectiveCallable.run(ReflectiveCallable.java:12)
  at org.junit.runners.model.FrameworkMethod.invokeExplosively(FrameworkMethod.java:56)
  at org.junit.internal.runners.statements.InvokeMethod.evaluate(InvokeMethod.java:17)
  at org.junit.runners.ParentRunner$3.evaluate(ParentRunner.java:306)
  at org.junit.runners.BlockJUnit4ClassRunner$1.evaluate(BlockJUnit4ClassRunner.java:100)
  at org.junit.runners.ParentRunner.runLeaf(ParentRunner.java:366)
  at org.junit.runners.BlockJUnit4ClassRunner.runChild(BlockJUnit4ClassRunner.java:103)
  at org.junit.runners.BlockJUnit4ClassRunner.runChild(BlockJUnit4ClassRunner.java:63)
  at org.junit.runners.ParentRunner$4.run(ParentRunner.java:331)
  at org.junit.runners.ParentRunner$1.schedule(ParentRunner.java:79)
  at org.junit.runners.ParentRunner.runChildren(ParentRunner.java:329)
  at org.junit.runners.ParentRunner.access$100(ParentRunner.java:66)
  at org.junit.runners.ParentRunner$2.evaluate(ParentRunner.java:293)
  at org.junit.runners.ParentRunner$3.evaluate(ParentRunner.java:306)
  at org.junit.runners.ParentRunner.run(ParentRunner.java:413)
  at org.junit.runner.JUnitCore.run(JUnitCore.java:137)
  at org.junit.runner.JUnitCore.run(JUnitCore.java:115)
  at org.gradle.api.internal.tasks.testing.junit.JUnitTestExecutor.runRequest(JUnitTestExecutor.java:175)
  at org.gradle.api.internal.tasks.testing.junit.JUnitTestExecutor.accept(JUnitTestExecutor.java:84)
  at org.gradle.api.internal.tasks.testing.junit.JUnitTestExecutor.accept(JUnitTestExecutor.java:47)
  at org.gradle.api.internal.tasks.testing.junit.AbstractJUnitTestDefinitionProcessor.processTestDefinition(AbstractJUnitTestDefinitionProcessor.java:65)
  at org.gradle.api.internal.tasks.testing.SuiteTestDefinitionProcessor.processTestDefinition(SuiteTestDefinitionProcessor.java:54)
  at java.base/jdk.internal.reflect.DirectMethodHandleAccessor.invoke(DirectMethodHandleAccessor.java:104)
  at java.base/java.lang.reflect.Method.invoke(Method.java:565)
  at org.gradle.internal.dispatch.MethodInvocation.invokeOn(MethodInvocation.java:77)
  at org.gradle.internal.dispatch.ReflectionDispatch.dispatch(ReflectionDispatch.java:28)
  at org.gradle.internal.dispatch.ReflectionDispatch.dispatch(ReflectionDispatch.java:19)
  at org.gradle.internal.dispatch.ContextClassLoaderDispatch.dispatch(ContextClassLoaderDispatch.java:33)
  at org.gradle.internal.dispatch.ProxyDispatchAdapter$DispatchingInvocationHandler.invoke(ProxyDispatchAdapter.java:88)
  at jdk.proxy1/jdk.proxy1.$Proxy4.processTestDefinition(Unknown Source)
  at org.gradle.api.internal.tasks.testing.worker.TestWorker$2.run(TestWorker.java:178)
  at org.gradle.api.internal.tasks.testing.worker.TestWorker.executeAndMaintainThreadName(TestWorker.java:126)
  at org.gradle.api.internal.tasks.testing.worker.TestWorker.execute(TestWorker.java:103)
  at org.gradle.api.internal.tasks.testing.worker.TestWorker.execute(TestWorker.java:63)
  at org.gradle.process.internal.worker.child.ActionExecutionWorker.execute(ActionExecutionWorker.java:56)
  at org.gradle.process.internal.worker.child.SystemApplicationClassLoaderWorker.call(SystemApplicationClassLoaderWorker.java:122)
  at org.gradle.process.internal.worker.child.SystemApplicationClassLoaderWorker.call(SystemApplicationClassLoaderWorker.java:72)
  at worker.org.gradle.process.internal.worker.GradleWorkerMain.run(GradleWorkerMain.java:69)
  at worker.org.gradle.process.internal.worker.GradleWorkerMain.main(GradleWorkerMain.java:74)
</stacktrace>
</test-failure>


TypeScriptCompilerTests_T[jvm] > thisExpressionInCallExpressionWithTypeArguments_ts has expected errors matching thisExpressionInCallExpressionWithTypeArguments_errors_txt[jvm] FAILED

<test-failure test="com.xemantic.typescript.compiler.TypeScriptCompilerTests_T.typeParameterArgumentEquivalence3_ts has expected errors matching typeParameterArgumentEquivalence3_errors_txt" platform="jvm">
<message>
Expected diagnostics from baseline typescript-repo/tests/baselines/reference/typeParameterArgumentEquivalence3.errors.txt but none produced
</message>
<stacktrace>
  at com.xemantic.typescript.compiler.TypeScriptTestSupportKt.errorsMatchBaseline(TypeScriptTestSupport.kt:125)
  at com.xemantic.typescript.compiler.TypeScriptCompilerTests_T.typeParameterArgumentEquivalence3_ts has expected errors matching typeParameterArgumentEquivalence3_errors_txt(TypeScriptCompilerTests_T.kt:2520)
  at java.base/jdk.internal.reflect.DirectMethodHandleAccessor.invoke(DirectMethodHandleAccessor.java:104)
  at java.base/java.lang.reflect.Method.invoke(Method.java:565)
  at org.junit.runners.model.FrameworkMethod$1.runReflectiveCall(FrameworkMethod.java:59)
  at org.junit.internal.runners.model.ReflectiveCallable.run(ReflectiveCallable.java:12)
  at org.junit.runners.model.FrameworkMethod.invokeExplosively(FrameworkMethod.java:56)
  at org.junit.internal.runners.statements.InvokeMethod.evaluate(InvokeMethod.java:17)
  at org.junit.runners.ParentRunner$3.evaluate(ParentRunner.java:306)
  at org.junit.runners.BlockJUnit4ClassRunner$1.evaluate(BlockJUnit4ClassRunner.java:100)
  at org.junit.runners.ParentRunner.runLeaf(ParentRunner.java:366)
  at org.junit.runners.BlockJUnit4ClassRunner.runChild(BlockJUnit4ClassRunner.java:103)
  at org.junit.runners.BlockJUnit4ClassRunner.runChild(BlockJUnit4ClassRunner.java:63)
  at org.junit.runners.ParentRunner$4.run(ParentRunner.java:331)
  at org.junit.runners.ParentRunner$1.schedule(ParentRunner.java:79)
  at org.junit.runners.ParentRunner.runChildren(ParentRunner.java:329)
  at org.junit.runners.ParentRunner.access$100(ParentRunner.java:66)
  at org.junit.runners.ParentRunner$2.evaluate(ParentRunner.java:293)
  at org.junit.runners.ParentRunner$3.evaluate(ParentRunner.java:306)
  at org.junit.runners.ParentRunner.run(ParentRunner.java:413)
  at org.junit.runner.JUnitCore.run(JUnitCore.java:137)
  at org.junit.runner.JUnitCore.run(JUnitCore.java:115)
  at org.gradle.api.internal.tasks.testing.junit.JUnitTestExecutor.runRequest(JUnitTestExecutor.java:175)
  at org.gradle.api.internal.tasks.testing.junit.JUnitTestExecutor.accept(JUnitTestExecutor.java:84)
  at org.gradle.api.internal.tasks.testing.junit.JUnitTestExecutor.accept(JUnitTestExecutor.java:47)
  at org.gradle.api.internal.tasks.testing.junit.AbstractJUnitTestDefinitionProcessor.processTestDefinition(AbstractJUnitTestDefinitionProcessor.java:65)
  at org.gradle.api.internal.tasks.testing.SuiteTestDefinitionProcessor.processTestDefinition(SuiteTestDefinitionProcessor.java:54)
  at java.base/jdk.internal.reflect.DirectMethodHandleAccessor.invoke(DirectMethodHandleAccessor.java:104)
  at java.base/java.lang.reflect.Method.invoke(Method.java:565)
  at org.gradle.internal.dispatch.MethodInvocation.invokeOn(MethodInvocation.java:77)
  at org.gradle.internal.dispatch.ReflectionDispatch.dispatch(ReflectionDispatch.java:28)
  at org.gradle.internal.dispatch.ReflectionDispatch.dispatch(ReflectionDispatch.java:19)
  at org.gradle.internal.dispatch.ContextClassLoaderDispatch.dispatch(ContextClassLoaderDispatch.java:33)
  at org.gradle.internal.dispatch.ProxyDispatchAdapter$DispatchingInvocationHandler.invoke(ProxyDispatchAdapter.java:88)
  at jdk.proxy1/jdk.proxy1.$Proxy4.processTestDefinition(Unknown Source)
  at org.gradle.api.internal.tasks.testing.worker.TestWorker$2.run(TestWorker.java:178)
  at org.gradle.api.internal.tasks.testing.worker.TestWorker.executeAndMaintainThreadName(TestWorker.java:126)
  at org.gradle.api.internal.tasks.testing.worker.TestWorker.execute(TestWorker.java:103)
  at org.gradle.api.internal.tasks.testing.worker.TestWorker.execute(TestWorker.java:63)
  at org.gradle.process.internal.worker.child.ActionExecutionWorker.execute(ActionExecutionWorker.java:56)
  at org.gradle.process.internal.worker.child.SystemApplicationClassLoaderWorker.call(SystemApplicationClassLoaderWorker.java:122)
  at org.gradle.process.internal.worker.child.SystemApplicationClassLoaderWorker.call(SystemApplicationClassLoaderWorker.java:72)
  at worker.org.gradle.process.internal.worker.GradleWorkerMain.run(GradleWorkerMain.java:69)
  at worker.org.gradle.process.internal.worker.GradleWorkerMain.main(GradleWorkerMain.java:74)
</stacktrace>
</test-failure>


TypeScriptCompilerTests_T[jvm] > typeParameterArgumentEquivalence3_ts has expected errors matching typeParameterArgumentEquivalence3_errors_txt[jvm] FAILED

<test-failure test="com.xemantic.typescript.compiler.TypeScriptCompilerTests_T.typeofSimple_ts has expected errors matching typeofSimple_errors_txt" platform="jvm">
<message>
Expected diagnostics from baseline typescript-repo/tests/baselines/reference/typeofSimple.errors.txt but none produced
</message>
<stacktrace>
  at com.xemantic.typescript.compiler.TypeScriptTestSupportKt.errorsMatchBaseline(TypeScriptTestSupport.kt:125)
  at com.xemantic.typescript.compiler.TypeScriptCompilerTests_T.typeofSimple_ts has expected errors matching typeofSimple_errors_txt(TypeScriptCompilerTests_T.kt:3598)
  at java.base/jdk.internal.reflect.DirectMethodHandleAccessor.invoke(DirectMethodHandleAccessor.java:104)
  at java.base/java.lang.reflect.Method.invoke(Method.java:565)
  at org.junit.runners.model.FrameworkMethod$1.runReflectiveCall(FrameworkMethod.java:59)
  at org.junit.internal.runners.model.ReflectiveCallable.run(ReflectiveCallable.java:12)
  at org.junit.runners.model.FrameworkMethod.invokeExplosively(FrameworkMethod.java:56)
  at org.junit.internal.runners.statements.InvokeMethod.evaluate(InvokeMethod.java:17)
  at org.junit.runners.ParentRunner$3.evaluate(ParentRunner.java:306)
  at org.junit.runners.BlockJUnit4ClassRunner$1.evaluate(BlockJUnit4ClassRunner.java:100)
  at org.junit.runners.ParentRunner.runLeaf(ParentRunner.java:366)
  at org.junit.runners.BlockJUnit4ClassRunner.runChild(BlockJUnit4ClassRunner.java:103)
  at org.junit.runners.BlockJUnit4ClassRunner.runChild(BlockJUnit4ClassRunner.java:63)
  at org.junit.runners.ParentRunner$4.run(ParentRunner.java:331)
  at org.junit.runners.ParentRunner$1.schedule(ParentRunner.java:79)
  at org.junit.runners.ParentRunner.runChildren(ParentRunner.java:329)
  at org.junit.runners.ParentRunner.access$100(ParentRunner.java:66)
  at org.junit.runners.ParentRunner$2.evaluate(ParentRunner.java:293)
  at org.junit.runners.ParentRunner$3.evaluate(ParentRunner.java:306)
  at org.junit.runners.ParentRunner.run(ParentRunner.java:413)
  at org.junit.runner.JUnitCore.run(JUnitCore.java:137)
  at org.junit.runner.JUnitCore.run(JUnitCore.java:115)
  at org.gradle.api.internal.tasks.testing.junit.JUnitTestExecutor.runRequest(JUnitTestExecutor.java:175)
  at org.gradle.api.internal.tasks.testing.junit.JUnitTestExecutor.accept(JUnitTestExecutor.java:84)
  at org.gradle.api.internal.tasks.testing.junit.JUnitTestExecutor.accept(JUnitTestExecutor.java:47)
  at org.gradle.api.internal.tasks.testing.junit.AbstractJUnitTestDefinitionProcessor.processTestDefinition(AbstractJUnitTestDefinitionProcessor.java:65)
  at org.gradle.api.internal.tasks.testing.SuiteTestDefinitionProcessor.processTestDefinition(SuiteTestDefinitionProcessor.java:54)
  at java.base/jdk.internal.reflect.DirectMethodHandleAccessor.invoke(DirectMethodHandleAccessor.java:104)
  at java.base/java.lang.reflect.Method.invoke(Method.java:565)
  at org.gradle.internal.dispatch.MethodInvocation.invokeOn(MethodInvocation.java:77)
  at org.gradle.internal.dispatch.ReflectionDispatch.dispatch(ReflectionDispatch.java:28)
  at org.gradle.internal.dispatch.ReflectionDispatch.dispatch(ReflectionDispatch.java:19)
  at org.gradle.internal.dispatch.ContextClassLoaderDispatch.dispatch(ContextClassLoaderDispatch.java:33)
  at org.gradle.internal.dispatch.ProxyDispatchAdapter$DispatchingInvocationHandler.invoke(ProxyDispatchAdapter.java:88)
  at jdk.proxy1/jdk.proxy1.$Proxy4.processTestDefinition(Unknown Source)
  at org.gradle.api.internal.tasks.testing.worker.TestWorker$2.run(TestWorker.java:178)
  at org.gradle.api.internal.tasks.testing.worker.TestWorker.executeAndMaintainThreadName(TestWorker.java:126)
  at org.gradle.api.internal.tasks.testing.worker.TestWorker.execute(TestWorker.java:103)
  at org.gradle.api.internal.tasks.testing.worker.TestWorker.execute(TestWorker.java:63)
  at org.gradle.process.internal.worker.child.ActionExecutionWorker.execute(ActionExecutionWorker.java:56)
  at org.gradle.process.internal.worker.child.SystemApplicationClassLoaderWorker.call(SystemApplicationClassLoaderWorker.java:122)
  at org.gradle.process.internal.worker.child.SystemApplicationClassLoaderWorker.call(SystemApplicationClassLoaderWorker.java:72)
  at worker.org.gradle.process.internal.worker.GradleWorkerMain.run(GradleWorkerMain.java:69)
  at worker.org.gradle.process.internal.worker.GradleWorkerMain.main(GradleWorkerMain.java:74)
</stacktrace>
</test-failure>


TypeScriptCompilerTests_T[jvm] > typeofSimple_ts has expected errors matching typeofSimple_errors_txt[jvm] FAILED

<test-failure test="com.xemantic.typescript.compiler.TypeScriptCompilerTests_T.typeUsedAsValueError2_ts has expected errors matching typeUsedAsValueError2_errors_txt" platform="jvm">
<message>
Expected diagnostics from baseline typescript-repo/tests/baselines/reference/typeUsedAsValueError2.errors.txt but none produced
</message>
<stacktrace>
  at com.xemantic.typescript.compiler.TypeScriptTestSupportKt.errorsMatchBaseline(TypeScriptTestSupport.kt:125)
  at com.xemantic.typescript.compiler.TypeScriptCompilerTests_T.typeUsedAsValueError2_ts has expected errors matching typeUsedAsValueError2_errors_txt(TypeScriptCompilerTests_T.kt:3325)
  at java.base/jdk.internal.reflect.DirectMethodHandleAccessor.invoke(DirectMethodHandleAccessor.java:104)
  at java.base/java.lang.reflect.Method.invoke(Method.java:565)
  at org.junit.runners.model.FrameworkMethod$1.runReflectiveCall(FrameworkMethod.java:59)
  at org.junit.internal.runners.model.ReflectiveCallable.run(ReflectiveCallable.java:12)
  at org.junit.runners.model.FrameworkMethod.invokeExplosively(FrameworkMethod.java:56)
  at org.junit.internal.runners.statements.InvokeMethod.evaluate(InvokeMethod.java:17)
  at org.junit.runners.ParentRunner$3.evaluate(ParentRunner.java:306)
  at org.junit.runners.BlockJUnit4ClassRunner$1.evaluate(BlockJUnit4ClassRunner.java:100)
  at org.junit.runners.ParentRunner.runLeaf(ParentRunner.java:366)
  at org.junit.runners.BlockJUnit4ClassRunner.runChild(BlockJUnit4ClassRunner.java:103)
  at org.junit.runners.BlockJUnit4ClassRunner.runChild(BlockJUnit4ClassRunner.java:63)
  at org.junit.runners.ParentRunner$4.run(ParentRunner.java:331)
  at org.junit.runners.ParentRunner$1.schedule(ParentRunner.java:79)
  at org.junit.runners.ParentRunner.runChildren(ParentRunner.java:329)
  at org.junit.runners.ParentRunner.access$100(ParentRunner.java:66)
  at org.junit.runners.ParentRunner$2.evaluate(ParentRunner.java:293)
  at org.junit.runners.ParentRunner$3.evaluate(ParentRunner.java:306)
  at org.junit.runners.ParentRunner.run(ParentRunner.java:413)
  at org.junit.runner.JUnitCore.run(JUnitCore.java:137)
  at org.junit.runner.JUnitCore.run(JUnitCore.java:115)
  at org.gradle.api.internal.tasks.testing.junit.JUnitTestExecutor.runRequest(JUnitTestExecutor.java:175)
  at org.gradle.api.internal.tasks.testing.junit.JUnitTestExecutor.accept(JUnitTestExecutor.java:84)
  at org.gradle.api.internal.tasks.testing.junit.JUnitTestExecutor.accept(JUnitTestExecutor.java:47)
  at org.gradle.api.internal.tasks.testing.junit.AbstractJUnitTestDefinitionProcessor.processTestDefinition(AbstractJUnitTestDefinitionProcessor.java:65)
  at org.gradle.api.internal.tasks.testing.SuiteTestDefinitionProcessor.processTestDefinition(SuiteTestDefinitionProcessor.java:54)
  at java.base/jdk.internal.reflect.DirectMethodHandleAccessor.invoke(DirectMethodHandleAccessor.java:104)
  at java.base/java.lang.reflect.Method.invoke(Method.java:565)
  at org.gradle.internal.dispatch.MethodInvocation.invokeOn(MethodInvocation.java:77)
  at org.gradle.internal.dispatch.ReflectionDispatch.dispatch(ReflectionDispatch.java:28)
  at org.gradle.internal.dispatch.ReflectionDispatch.dispatch(ReflectionDispatch.java:19)
  at org.gradle.internal.dispatch.ContextClassLoaderDispatch.dispatch(ContextClassLoaderDispatch.java:33)
  at org.gradle.internal.dispatch.ProxyDispatchAdapter$DispatchingInvocationHandler.invoke(ProxyDispatchAdapter.java:88)
  at jdk.proxy1/jdk.proxy1.$Proxy4.processTestDefinition(Unknown Source)
  at org.gradle.api.internal.tasks.testing.worker.TestWorker$2.run(TestWorker.java:178)
  at org.gradle.api.internal.tasks.testing.worker.TestWorker.executeAndMaintainThreadName(TestWorker.java:126)
  at org.gradle.api.internal.tasks.testing.worker.TestWorker.execute(TestWorker.java:103)
  at org.gradle.api.internal.tasks.testing.worker.TestWorker.execute(TestWorker.java:63)
  at org.gradle.process.internal.worker.child.ActionExecutionWorker.execute(ActionExecutionWorker.java:56)
  at org.gradle.process.internal.worker.child.SystemApplicationClassLoaderWorker.call(SystemApplicationClassLoaderWorker.java:122)
  at org.gradle.process.internal.worker.child.SystemApplicationClassLoaderWorker.call(SystemApplicationClassLoaderWorker.java:72)
  at worker.org.gradle.process.internal.worker.GradleWorkerMain.run(GradleWorkerMain.java:69)
  at worker.org.gradle.process.internal.worker.GradleWorkerMain.main(GradleWorkerMain.java:74)
</stacktrace>
</test-failure>


TypeScriptCompilerTests_T[jvm] > typeUsedAsValueError2_ts has expected errors matching typeUsedAsValueError2_errors_txt[jvm] FAILED

<test-failure test="com.xemantic.typescript.compiler.TypeScriptCompilerTests_T.typeReferenceDirectiveScopedPackageCustomTypeRoot_ts has expected errors matching typeReferenceDirectiveScopedPackageCustomTypeRoot_errors_txt" platform="jvm">
<message>
Expected diagnostics from baseline typescript-repo/tests/baselines/reference/typeReferenceDirectiveScopedPackageCustomTypeRoot.errors.txt but none produced
</message>
<stacktrace>
  at com.xemantic.typescript.compiler.TypeScriptTestSupportKt.errorsMatchBaseline(TypeScriptTestSupport.kt:125)
  at com.xemantic.typescript.compiler.TypeScriptCompilerTests_T.typeReferenceDirectiveScopedPackageCustomTypeRoot_ts has expected errors matching typeReferenceDirectiveScopedPackageCustomTypeRoot_errors_txt(TypeScriptCompilerTests_T.kt:3143)
  at java.base/jdk.internal.reflect.DirectMethodHandleAccessor.invoke(DirectMethodHandleAccessor.java:104)
  at java.base/java.lang.reflect.Method.invoke(Method.java:565)
  at org.junit.runners.model.FrameworkMethod$1.runReflectiveCall(FrameworkMethod.java:59)
  at org.junit.internal.runners.model.ReflectiveCallable.run(ReflectiveCallable.java:12)
  at org.junit.runners.model.FrameworkMethod.invokeExplosively(FrameworkMethod.java:56)
  at org.junit.internal.runners.statements.InvokeMethod.evaluate(InvokeMethod.java:17)
  at org.junit.runners.ParentRunner$3.evaluate(ParentRunner.java:306)
  at org.junit.runners.BlockJUnit4ClassRunner$1.evaluate(BlockJUnit4ClassRunner.java:100)
  at org.junit.runners.ParentRunner.runLeaf(ParentRunner.java:366)
  at org.junit.runners.BlockJUnit4ClassRunner.runChild(BlockJUnit4ClassRunner.java:103)
  at org.junit.runners.BlockJUnit4ClassRunner.runChild(BlockJUnit4ClassRunner.java:63)
  at org.junit.runners.ParentRunner$4.run(ParentRunner.java:331)
  at org.junit.runners.ParentRunner$1.schedule(ParentRunner.java:79)
  at org.junit.runners.ParentRunner.runChildren(ParentRunner.java:329)
  at org.junit.runners.ParentRunner.access$100(ParentRunner.java:66)
  at org.junit.runners.ParentRunner$2.evaluate(ParentRunner.java:293)
  at org.junit.runners.ParentRunner$3.evaluate(ParentRunner.java:306)
  at org.junit.runners.ParentRunner.run(ParentRunner.java:413)
  at org.junit.runner.JUnitCore.run(JUnitCore.java:137)
  at org.junit.runner.JUnitCore.run(JUnitCore.java:115)
  at org.gradle.api.internal.tasks.testing.junit.JUnitTestExecutor.runRequest(JUnitTestExecutor.java:175)
  at org.gradle.api.internal.tasks.testing.junit.JUnitTestExecutor.accept(JUnitTestExecutor.java:84)
  at org.gradle.api.internal.tasks.testing.junit.JUnitTestExecutor.accept(JUnitTestExecutor.java:47)
  at org.gradle.api.internal.tasks.testing.junit.AbstractJUnitTestDefinitionProcessor.processTestDefinition(AbstractJUnitTestDefinitionProcessor.java:65)
  at org.gradle.api.internal.tasks.testing.SuiteTestDefinitionProcessor.processTestDefinition(SuiteTestDefinitionProcessor.java:54)
  at java.base/jdk.internal.reflect.DirectMethodHandleAccessor.invoke(DirectMethodHandleAccessor.java:104)
  at java.base/java.lang.reflect.Method.invoke(Method.java:565)
  at org.gradle.internal.dispatch.MethodInvocation.invokeOn(MethodInvocation.java:77)
  at org.gradle.internal.dispatch.ReflectionDispatch.dispatch(ReflectionDispatch.java:28)
  at org.gradle.internal.dispatch.ReflectionDispatch.dispatch(ReflectionDispatch.java:19)
  at org.gradle.internal.dispatch.ContextClassLoaderDispatch.dispatch(ContextClassLoaderDispatch.java:33)
  at org.gradle.internal.dispatch.ProxyDispatchAdapter$DispatchingInvocationHandler.invoke(ProxyDispatchAdapter.java:88)
  at jdk.proxy1/jdk.proxy1.$Proxy4.processTestDefinition(Unknown Source)
  at org.gradle.api.internal.tasks.testing.worker.TestWorker$2.run(TestWorker.java:178)
  at org.gradle.api.internal.tasks.testing.worker.TestWorker.executeAndMaintainThreadName(TestWorker.java:126)
  at org.gradle.api.internal.tasks.testing.worker.TestWorker.execute(TestWorker.java:103)
  at org.gradle.api.internal.tasks.testing.worker.TestWorker.execute(TestWorker.java:63)
  at org.gradle.process.internal.worker.child.ActionExecutionWorker.execute(ActionExecutionWorker.java:56)
  at org.gradle.process.internal.worker.child.SystemApplicationClassLoaderWorker.call(SystemApplicationClassLoaderWorker.java:122)
  at org.gradle.process.internal.worker.child.SystemApplicationClassLoaderWorker.call(SystemApplicationClassLoaderWorker.java:72)
  at worker.org.gradle.process.internal.worker.GradleWorkerMain.run(GradleWorkerMain.java:69)
  at worker.org.gradle.process.internal.worker.GradleWorkerMain.main(GradleWorkerMain.java:74)
</stacktrace>
</test-failure>


TypeScriptCompilerTests_T[jvm] > typeReferenceDirectiveScopedPackageCustomTypeRoot_ts has expected errors matching typeReferenceDirectiveScopedPackageCustomTypeRoot_errors_txt[jvm] FAILED

<test-failure test="com.xemantic.typescript.compiler.TypeScriptCompilerTests_T.typeOfPrototype_ts has expected errors matching typeOfPrototype_errors_txt" platform="jvm">
<message>
Expected diagnostics from baseline typescript-repo/tests/baselines/reference/typeOfPrototype.errors.txt but none produced
</message>
<stacktrace>
  at com.xemantic.typescript.compiler.TypeScriptTestSupportKt.errorsMatchBaseline(TypeScriptTestSupport.kt:125)
  at com.xemantic.typescript.compiler.TypeScriptCompilerTests_T.typeOfPrototype_ts has expected errors matching typeOfPrototype_errors_txt(TypeScriptCompilerTests_T.kt:2429)
  at java.base/jdk.internal.reflect.DirectMethodHandleAccessor.invoke(DirectMethodHandleAccessor.java:104)
  at java.base/java.lang.reflect.Method.invoke(Method.java:565)
  at org.junit.runners.model.FrameworkMethod$1.runReflectiveCall(FrameworkMethod.java:59)
  at org.junit.internal.runners.model.ReflectiveCallable.run(ReflectiveCallable.java:12)
  at org.junit.runners.model.FrameworkMethod.invokeExplosively(FrameworkMethod.java:56)
  at org.junit.internal.runners.statements.InvokeMethod.evaluate(InvokeMethod.java:17)
  at org.junit.runners.ParentRunner$3.evaluate(ParentRunner.java:306)
  at org.junit.runners.BlockJUnit4ClassRunner$1.evaluate(BlockJUnit4ClassRunner.java:100)
  at org.junit.runners.ParentRunner.runLeaf(ParentRunner.java:366)
  at org.junit.runners.BlockJUnit4ClassRunner.runChild(BlockJUnit4ClassRunner.java:103)
  at org.junit.runners.BlockJUnit4ClassRunner.runChild(BlockJUnit4ClassRunner.java:63)
  at org.junit.runners.ParentRunner$4.run(ParentRunner.java:331)
  at org.junit.runners.ParentRunner$1.schedule(ParentRunner.java:79)
  at org.junit.runners.ParentRunner.runChildren(ParentRunner.java:329)
  at org.junit.runners.ParentRunner.access$100(ParentRunner.java:66)
  at org.junit.runners.ParentRunner$2.evaluate(ParentRunner.java:293)
  at org.junit.runners.ParentRunner$3.evaluate(ParentRunner.java:306)
  at org.junit.runners.ParentRunner.run(ParentRunner.java:413)
  at org.junit.runner.JUnitCore.run(JUnitCore.java:137)
  at org.junit.runner.JUnitCore.run(JUnitCore.java:115)
  at org.gradle.api.internal.tasks.testing.junit.JUnitTestExecutor.runRequest(JUnitTestExecutor.java:175)
  at org.gradle.api.internal.tasks.testing.junit.JUnitTestExecutor.accept(JUnitTestExecutor.java:84)
  at org.gradle.api.internal.tasks.testing.junit.JUnitTestExecutor.accept(JUnitTestExecutor.java:47)
  at org.gradle.api.internal.tasks.testing.junit.AbstractJUnitTestDefinitionProcessor.processTestDefinition(AbstractJUnitTestDefinitionProcessor.java:65)
  at org.gradle.api.internal.tasks.testing.SuiteTestDefinitionProcessor.processTestDefinition(SuiteTestDefinitionProcessor.java:54)
  at java.base/jdk.internal.reflect.DirectMethodHandleAccessor.invoke(DirectMethodHandleAccessor.java:104)
  at java.base/java.lang.reflect.Method.invoke(Method.java:565)
  at org.gradle.internal.dispatch.MethodInvocation.invokeOn(MethodInvocation.java:77)
  at org.gradle.internal.dispatch.ReflectionDispatch.dispatch(ReflectionDispatch.java:28)
  at org.gradle.internal.dispatch.ReflectionDispatch.dispatch(ReflectionDispatch.java:19)
  at org.gradle.internal.dispatch.ContextClassLoaderDispatch.dispatch(ContextClassLoaderDispatch.java:33)
  at org.gradle.internal.dispatch.ProxyDispatchAdapter$DispatchingInvocationHandler.invoke(ProxyDispatchAdapter.java:88)
  at jdk.proxy1/jdk.proxy1.$Proxy4.processTestDefinition(Unknown Source)
  at org.gradle.api.internal.tasks.testing.worker.TestWorker$2.run(TestWorker.java:178)
  at org.gradle.api.internal.tasks.testing.worker.TestWorker.executeAndMaintainThreadName(TestWorker.java:126)
  at org.gradle.api.internal.tasks.testing.worker.TestWorker.execute(TestWorker.java:103)
  at org.gradle.api.internal.tasks.testing.worker.TestWorker.execute(TestWorker.java:63)
  at org.gradle.process.internal.worker.child.ActionExecutionWorker.execute(ActionExecutionWorker.java:56)
  at org.gradle.process.internal.worker.child.SystemApplicationClassLoaderWorker.call(SystemApplicationClassLoaderWorker.java:122)
  at org.gradle.process.internal.worker.child.SystemApplicationClassLoaderWorker.call(SystemApplicationClassLoaderWorker.java:72)
  at worker.org.gradle.process.internal.worker.GradleWorkerMain.run(GradleWorkerMain.java:69)
  at worker.org.gradle.process.internal.worker.GradleWorkerMain.main(GradleWorkerMain.java:74)
</stacktrace>
</test-failure>


TypeScriptCompilerTests_T[jvm] > typeOfPrototype_ts has expected errors matching typeOfPrototype_errors_txt[jvm] FAILED

<test-failure test="com.xemantic.typescript.compiler.TypeScriptCompilerTests_T.taggedTemplatesWithIncompleteNoSubstitutionTemplate2_ts has expected errors matching taggedTemplatesWithIncompleteNoSubstitutionTemplate2_errors_txt" platform="jvm">
<message>
Expected diagnostics from baseline typescript-repo/tests/baselines/reference/taggedTemplatesWithIncompleteNoSubstitutionTemplate2.errors.txt but none produced
</message>
<stacktrace>
  at com.xemantic.typescript.compiler.TypeScriptTestSupportKt.errorsMatchBaseline(TypeScriptTestSupport.kt:125)
  at com.xemantic.typescript.compiler.TypeScriptCompilerTests_T.taggedTemplatesWithIncompleteNoSubstitutionTemplate2_ts has expected errors matching taggedTemplatesWithIncompleteNoSubstitutionTemplate2_errors_txt(TypeScriptCompilerTests_T.kt:168)
  at java.base/jdk.internal.reflect.DirectMethodHandleAccessor.invoke(DirectMethodHandleAccessor.java:104)
  at java.base/java.lang.reflect.Method.invoke(Method.java:565)
  at org.junit.runners.model.FrameworkMethod$1.runReflectiveCall(FrameworkMethod.java:59)
  at org.junit.internal.runners.model.ReflectiveCallable.run(ReflectiveCallable.java:12)
  at org.junit.runners.model.FrameworkMethod.invokeExplosively(FrameworkMethod.java:56)
  at org.junit.internal.runners.statements.InvokeMethod.evaluate(InvokeMethod.java:17)
  at org.junit.runners.ParentRunner$3.evaluate(ParentRunner.java:306)
  at org.junit.runners.BlockJUnit4ClassRunner$1.evaluate(BlockJUnit4ClassRunner.java:100)
  at org.junit.runners.ParentRunner.runLeaf(ParentRunner.java:366)
  at org.junit.runners.BlockJUnit4ClassRunner.runChild(BlockJUnit4ClassRunner.java:103)
  at org.junit.runners.BlockJUnit4ClassRunner.runChild(BlockJUnit4ClassRunner.java:63)
  at org.junit.runners.ParentRunner$4.run(ParentRunner.java:331)
  at org.junit.runners.ParentRunner$1.schedule(ParentRunner.java:79)
  at org.junit.runners.ParentRunner.runChildren(ParentRunner.java:329)
  at org.junit.runners.ParentRunner.access$100(ParentRunner.java:66)
  at org.junit.runners.ParentRunner$2.evaluate(ParentRunner.java:293)
  at org.junit.runners.ParentRunner$3.evaluate(ParentRunner.java:306)
  at org.junit.runners.ParentRunner.run(ParentRunner.java:413)
  at org.junit.runner.JUnitCore.run(JUnitCore.java:137)
  at org.junit.runner.JUnitCore.run(JUnitCore.java:115)
  at org.gradle.api.internal.tasks.testing.junit.JUnitTestExecutor.runRequest(JUnitTestExecutor.java:175)
  at org.gradle.api.internal.tasks.testing.junit.JUnitTestExecutor.accept(JUnitTestExecutor.java:84)
  at org.gradle.api.internal.tasks.testing.junit.JUnitTestExecutor.accept(JUnitTestExecutor.java:47)
  at org.gradle.api.internal.tasks.testing.junit.AbstractJUnitTestDefinitionProcessor.processTestDefinition(AbstractJUnitTestDefinitionProcessor.java:65)
  at org.gradle.api.internal.tasks.testing.SuiteTestDefinitionProcessor.processTestDefinition(SuiteTestDefinitionProcessor.java:54)
  at java.base/jdk.internal.reflect.DirectMethodHandleAccessor.invoke(DirectMethodHandleAccessor.java:104)
  at java.base/java.lang.reflect.Method.invoke(Method.java:565)
  at org.gradle.internal.dispatch.MethodInvocation.invokeOn(MethodInvocation.java:77)
  at org.gradle.internal.dispatch.ReflectionDispatch.dispatch(ReflectionDispatch.java:28)
  at org.gradle.internal.dispatch.ReflectionDispatch.dispatch(ReflectionDispatch.java:19)
  at org.gradle.internal.dispatch.ContextClassLoaderDispatch.dispatch(ContextClassLoaderDispatch.java:33)
  at org.gradle.internal.dispatch.ProxyDispatchAdapter$DispatchingInvocationHandler.invoke(ProxyDispatchAdapter.java:88)
  at jdk.proxy1/jdk.proxy1.$Proxy4.processTestDefinition(Unknown Source)
  at org.gradle.api.internal.tasks.testing.worker.TestWorker$2.run(TestWorker.java:178)
  at org.gradle.api.internal.tasks.testing.worker.TestWorker.executeAndMaintainThreadName(TestWorker.java:126)
  at org.gradle.api.internal.tasks.testing.worker.TestWorker.execute(TestWorker.java:103)
  at org.gradle.api.internal.tasks.testing.worker.TestWorker.execute(TestWorker.java:63)
  at org.gradle.process.internal.worker.child.ActionExecutionWorker.execute(ActionExecutionWorker.java:56)
  at org.gradle.process.internal.worker.child.SystemApplicationClassLoaderWorker.call(SystemApplicationClassLoaderWorker.java:122)
  at org.gradle.process.internal.worker.child.SystemApplicationClassLoaderWorker.call(SystemApplicationClassLoaderWorker.java:72)
  at worker.org.gradle.process.internal.worker.GradleWorkerMain.run(GradleWorkerMain.java:69)
  at worker.org.gradle.process.internal.worker.GradleWorkerMain.main(GradleWorkerMain.java:74)
</stacktrace>
</test-failure>


TypeScriptCompilerTests_T[jvm] > taggedTemplatesWithIncompleteNoSubstitutionTemplate2_ts has expected errors matching taggedTemplatesWithIncompleteNoSubstitutionTemplate2_errors_txt[jvm] FAILED

<test-failure test="com.xemantic.typescript.compiler.TypeScriptCompilerTests_T.tsxResolveExternalModuleExportsTypes_ts has expected errors matching tsxResolveExternalModuleExportsTypes_errors_txt" platform="jvm">
<message>
Expected diagnostics from baseline typescript-repo/tests/baselines/reference/tsxResolveExternalModuleExportsTypes.errors.txt but none produced
</message>
<stacktrace>
  at com.xemantic.typescript.compiler.TypeScriptTestSupportKt.errorsMatchBaseline(TypeScriptTestSupport.kt:125)
  at com.xemantic.typescript.compiler.TypeScriptCompilerTests_T.tsxResolveExternalModuleExportsTypes_ts has expected errors matching tsxResolveExternalModuleExportsTypes_errors_txt(TypeScriptCompilerTests_T.kt:1526)
  at java.base/jdk.internal.reflect.DirectMethodHandleAccessor.invoke(DirectMethodHandleAccessor.java:104)
  at java.base/java.lang.reflect.Method.invoke(Method.java:565)
  at org.junit.runners.model.FrameworkMethod$1.runReflectiveCall(FrameworkMethod.java:59)
  at org.junit.internal.runners.model.ReflectiveCallable.run(ReflectiveCallable.java:12)
  at org.junit.runners.model.FrameworkMethod.invokeExplosively(FrameworkMethod.java:56)
  at org.junit.internal.runners.statements.InvokeMethod.evaluate(InvokeMethod.java:17)
  at org.junit.runners.ParentRunner$3.evaluate(ParentRunner.java:306)
  at org.junit.runners.BlockJUnit4ClassRunner$1.evaluate(BlockJUnit4ClassRunner.java:100)
  at org.junit.runners.ParentRunner.runLeaf(ParentRunner.java:366)
  at org.junit.runners.BlockJUnit4ClassRunner.runChild(BlockJUnit4ClassRunner.java:103)
  at org.junit.runners.BlockJUnit4ClassRunner.runChild(BlockJUnit4ClassRunner.java:63)
  at org.junit.runners.ParentRunner$4.run(ParentRunner.java:331)
  at org.junit.runners.ParentRunner$1.schedule(ParentRunner.java:79)
  at org.junit.runners.ParentRunner.runChildren(ParentRunner.java:329)
  at org.junit.runners.ParentRunner.access$100(ParentRunner.java:66)
  at org.junit.runners.ParentRunner$2.evaluate(ParentRunner.java:293)
  at org.junit.runners.ParentRunner$3.evaluate(ParentRunner.java:306)
  at org.junit.runners.ParentRunner.run(ParentRunner.java:413)
  at org.junit.runner.JUnitCore.run(JUnitCore.java:137)
  at org.junit.runner.JUnitCore.run(JUnitCore.java:115)
  at org.gradle.api.internal.tasks.testing.junit.JUnitTestExecutor.runRequest(JUnitTestExecutor.java:175)
  at org.gradle.api.internal.tasks.testing.junit.JUnitTestExecutor.accept(JUnitTestExecutor.java:84)
  at org.gradle.api.internal.tasks.testing.junit.JUnitTestExecutor.accept(JUnitTestExecutor.java:47)
  at org.gradle.api.internal.tasks.testing.junit.AbstractJUnitTestDefinitionProcessor.processTestDefinition(AbstractJUnitTestDefinitionProcessor.java:65)
  at org.gradle.api.internal.tasks.testing.SuiteTestDefinitionProcessor.processTestDefinition(SuiteTestDefinitionProcessor.java:54)
  at java.base/jdk.internal.reflect.DirectMethodHandleAccessor.invoke(DirectMethodHandleAccessor.java:104)
  at java.base/java.lang.reflect.Method.invoke(Method.java:565)
  at org.gradle.internal.dispatch.MethodInvocation.invokeOn(MethodInvocation.java:77)
  at org.gradle.internal.dispatch.ReflectionDispatch.dispatch(ReflectionDispatch.java:28)
  at org.gradle.internal.dispatch.ReflectionDispatch.dispatch(ReflectionDispatch.java:19)
  at org.gradle.internal.dispatch.ContextClassLoaderDispatch.dispatch(ContextClassLoaderDispatch.java:33)
  at org.gradle.internal.dispatch.ProxyDispatchAdapter$DispatchingInvocationHandler.invoke(ProxyDispatchAdapter.java:88)
  at jdk.proxy1/jdk.proxy1.$Proxy4.processTestDefinition(Unknown Source)
  at org.gradle.api.internal.tasks.testing.worker.TestWorker$2.run(TestWorker.java:178)
  at org.gradle.api.internal.tasks.testing.worker.TestWorker.executeAndMaintainThreadName(TestWorker.java:126)
  at org.gradle.api.internal.tasks.testing.worker.TestWorker.execute(TestWorker.java:103)
  at org.gradle.api.internal.tasks.testing.worker.TestWorker.execute(TestWorker.java:63)
  at org.gradle.process.internal.worker.child.ActionExecutionWorker.execute(ActionExecutionWorker.java:56)
  at org.gradle.process.internal.worker.child.SystemApplicationClassLoaderWorker.call(SystemApplicationClassLoaderWorker.java:122)
  at org.gradle.process.internal.worker.child.SystemApplicationClassLoaderWorker.call(SystemApplicationClassLoaderWorker.java:72)
  at worker.org.gradle.process.internal.worker.GradleWorkerMain.run(GradleWorkerMain.java:69)
  at worker.org.gradle.process.internal.worker.GradleWorkerMain.main(GradleWorkerMain.java:74)
</stacktrace>
</test-failure>


TypeScriptCompilerTests_T[jvm] > tsxResolveExternalModuleExportsTypes_ts has expected errors matching tsxResolveExternalModuleExportsTypes_errors_txt[jvm] FAILED

<test-failure test="com.xemantic.typescript.compiler.TypeScriptCompilerTests_T.tripleSlashTypesReferenceWithMissingExports_ts__module_node16__has expected errors matching baseline" platform="jvm">
<message>
Expected diagnostics from baseline typescript-repo/tests/baselines/reference/tripleSlashTypesReferenceWithMissingExports(module=node16).errors.txt but none produced
</message>
<stacktrace>
  at com.xemantic.typescript.compiler.TypeScriptTestSupportKt.errorsMatchBaseline(TypeScriptTestSupport.kt:125)
  at com.xemantic.typescript.compiler.TypeScriptCompilerTests_T.tripleSlashTypesReferenceWithMissingExports_ts__module_node16__has expected errors matching baseline(TypeScriptCompilerTests_T.kt:1267)
  at java.base/jdk.internal.reflect.DirectMethodHandleAccessor.invoke(DirectMethodHandleAccessor.java:104)
  at java.base/java.lang.reflect.Method.invoke(Method.java:565)
  at org.junit.runners.model.FrameworkMethod$1.runReflectiveCall(FrameworkMethod.java:59)
  at org.junit.internal.runners.model.ReflectiveCallable.run(ReflectiveCallable.java:12)
  at org.junit.runners.model.FrameworkMethod.invokeExplosively(FrameworkMethod.java:56)
  at org.junit.internal.runners.statements.InvokeMethod.evaluate(InvokeMethod.java:17)
  at org.junit.runners.ParentRunner$3.evaluate(ParentRunner.java:306)
  at org.junit.runners.BlockJUnit4ClassRunner$1.evaluate(BlockJUnit4ClassRunner.java:100)
  at org.junit.runners.ParentRunner.runLeaf(ParentRunner.java:366)
  at org.junit.runners.BlockJUnit4ClassRunner.runChild(BlockJUnit4ClassRunner.java:103)
  at org.junit.runners.BlockJUnit4ClassRunner.runChild(BlockJUnit4ClassRunner.java:63)
  at org.junit.runners.ParentRunner$4.run(ParentRunner.java:331)
  at org.junit.runners.ParentRunner$1.schedule(ParentRunner.java:79)
  at org.junit.runners.ParentRunner.runChildren(ParentRunner.java:329)
  at org.junit.runners.ParentRunner.access$100(ParentRunner.java:66)
  at org.junit.runners.ParentRunner$2.evaluate(ParentRunner.java:293)
  at org.junit.runners.ParentRunner$3.evaluate(ParentRunner.java:306)
  at org.junit.runners.ParentRunner.run(ParentRunner.java:413)
  at org.junit.runner.JUnitCore.run(JUnitCore.java:137)
  at org.junit.runner.JUnitCore.run(JUnitCore.java:115)
  at org.gradle.api.internal.tasks.testing.junit.JUnitTestExecutor.runRequest(JUnitTestExecutor.java:175)
  at org.gradle.api.internal.tasks.testing.junit.JUnitTestExecutor.accept(JUnitTestExecutor.java:84)
  at org.gradle.api.internal.tasks.testing.junit.JUnitTestExecutor.accept(JUnitTestExecutor.java:47)
  at org.gradle.api.internal.tasks.testing.junit.AbstractJUnitTestDefinitionProcessor.processTestDefinition(AbstractJUnitTestDefinitionProcessor.java:65)
  at org.gradle.api.internal.tasks.testing.SuiteTestDefinitionProcessor.processTestDefinition(SuiteTestDefinitionProcessor.java:54)
  at java.base/jdk.internal.reflect.DirectMethodHandleAccessor.invoke(DirectMethodHandleAccessor.java:104)
  at java.base/java.lang.reflect.Method.invoke(Method.java:565)
  at org.gradle.internal.dispatch.MethodInvocation.invokeOn(MethodInvocation.java:77)
  at org.gradle.internal.dispatch.ReflectionDispatch.dispatch(ReflectionDispatch.java:28)
  at org.gradle.internal.dispatch.ReflectionDispatch.dispatch(ReflectionDispatch.java:19)
  at org.gradle.internal.dispatch.ContextClassLoaderDispatch.dispatch(ContextClassLoaderDispatch.java:33)
  at org.gradle.internal.dispatch.ProxyDispatchAdapter$DispatchingInvocationHandler.invoke(ProxyDispatchAdapter.java:88)
  at jdk.proxy1/jdk.proxy1.$Proxy4.processTestDefinition(Unknown Source)
  at org.gradle.api.internal.tasks.testing.worker.TestWorker$2.run(TestWorker.java:178)
  at org.gradle.api.internal.tasks.testing.worker.TestWorker.executeAndMaintainThreadName(TestWorker.java:126)
  at org.gradle.api.internal.tasks.testing.worker.TestWorker.execute(TestWorker.java:103)
  at org.gradle.api.internal.tasks.testing.worker.TestWorker.execute(TestWorker.java:63)
  at org.gradle.process.internal.worker.child.ActionExecutionWorker.execute(ActionExecutionWorker.java:56)
  at org.gradle.process.internal.worker.child.SystemApplicationClassLoaderWorker.call(SystemApplicationClassLoaderWorker.java:122)
  at org.gradle.process.internal.worker.child.SystemApplicationClassLoaderWorker.call(SystemApplicationClassLoaderWorker.java:72)
  at worker.org.gradle.process.internal.worker.GradleWorkerMain.run(GradleWorkerMain.java:69)
  at worker.org.gradle.process.internal.worker.GradleWorkerMain.main(GradleWorkerMain.java:74)
</stacktrace>
</test-failure>


TypeScriptCompilerTests_T[jvm] > tripleSlashTypesReferenceWithMissingExports_ts__module_node16__has expected errors matching baseline[jvm] FAILED

<test-failure test="com.xemantic.typescript.compiler.TypeScriptCompilerTests_T.typeInfer1_ts has expected errors matching typeInfer1_errors_txt" platform="jvm">
<message>
Expected diagnostics from baseline typescript-repo/tests/baselines/reference/typeInfer1.errors.txt but none produced
</message>
<stacktrace>
  at com.xemantic.typescript.compiler.TypeScriptTestSupportKt.errorsMatchBaseline(TypeScriptTestSupport.kt:125)
  at com.xemantic.typescript.compiler.TypeScriptCompilerTests_T.typeInfer1_ts has expected errors matching typeInfer1_errors_txt(TypeScriptCompilerTests_T.kt:2184)
  at java.base/jdk.internal.reflect.DirectMethodHandleAccessor.invoke(DirectMethodHandleAccessor.java:104)
  at java.base/java.lang.reflect.Method.invoke(Method.java:565)
  at org.junit.runners.model.FrameworkMethod$1.runReflectiveCall(FrameworkMethod.java:59)
  at org.junit.internal.runners.model.ReflectiveCallable.run(ReflectiveCallable.java:12)
  at org.junit.runners.model.FrameworkMethod.invokeExplosively(FrameworkMethod.java:56)
  at org.junit.internal.runners.statements.InvokeMethod.evaluate(InvokeMethod.java:17)
  at org.junit.runners.ParentRunner$3.evaluate(ParentRunner.java:306)
  at org.junit.runners.BlockJUnit4ClassRunner$1.evaluate(BlockJUnit4ClassRunner.java:100)
  at org.junit.runners.ParentRunner.runLeaf(ParentRunner.java:366)
  at org.junit.runners.BlockJUnit4ClassRunner.runChild(BlockJUnit4ClassRunner.java:103)
  at org.junit.runners.BlockJUnit4ClassRunner.runChild(BlockJUnit4ClassRunner.java:63)
  at org.junit.runners.ParentRunner$4.run(ParentRunner.java:331)
  at org.junit.runners.ParentRunner$1.schedule(ParentRunner.java:79)
  at org.junit.runners.ParentRunner.runChildren(ParentRunner.java:329)
  at org.junit.runners.ParentRunner.access$100(ParentRunner.java:66)
  at org.junit.runners.ParentRunner$2.evaluate(ParentRunner.java:293)
  at org.junit.runners.ParentRunner$3.evaluate(ParentRunner.java:306)
  at org.junit.runners.ParentRunner.run(ParentRunner.java:413)
  at org.junit.runner.JUnitCore.run(JUnitCore.java:137)
  at org.junit.runner.JUnitCore.run(JUnitCore.java:115)
  at org.gradle.api.internal.tasks.testing.junit.JUnitTestExecutor.runRequest(JUnitTestExecutor.java:175)
  at org.gradle.api.internal.tasks.testing.junit.JUnitTestExecutor.accept(JUnitTestExecutor.java:84)
  at org.gradle.api.internal.tasks.testing.junit.JUnitTestExecutor.accept(JUnitTestExecutor.java:47)
  at org.gradle.api.internal.tasks.testing.junit.AbstractJUnitTestDefinitionProcessor.processTestDefinition(AbstractJUnitTestDefinitionProcessor.java:65)
  at org.gradle.api.internal.tasks.testing.SuiteTestDefinitionProcessor.processTestDefinition(SuiteTestDefinitionProcessor.java:54)
  at java.base/jdk.internal.reflect.DirectMethodHandleAccessor.invoke(DirectMethodHandleAccessor.java:104)
  at java.base/java.lang.reflect.Method.invoke(Method.java:565)
  at org.gradle.internal.dispatch.MethodInvocation.invokeOn(MethodInvocation.java:77)
  at org.gradle.internal.dispatch.ReflectionDispatch.dispatch(ReflectionDispatch.java:28)
  at org.gradle.internal.dispatch.ReflectionDispatch.dispatch(ReflectionDispatch.java:19)
  at org.gradle.internal.dispatch.ContextClassLoaderDispatch.dispatch(ContextClassLoaderDispatch.java:33)
  at org.gradle.internal.dispatch.ProxyDispatchAdapter$DispatchingInvocationHandler.invoke(ProxyDispatchAdapter.java:88)
  at jdk.proxy1/jdk.proxy1.$Proxy4.processTestDefinition(Unknown Source)
  at org.gradle.api.internal.tasks.testing.worker.TestWorker$2.run(TestWorker.java:178)
  at org.gradle.api.internal.tasks.testing.worker.TestWorker.executeAndMaintainThreadName(TestWorker.java:126)
  at org.gradle.api.internal.tasks.testing.worker.TestWorker.execute(TestWorker.java:103)
  at org.gradle.api.internal.tasks.testing.worker.TestWorker.execute(TestWorker.java:63)
  at org.gradle.process.internal.worker.child.ActionExecutionWorker.execute(ActionExecutionWorker.java:56)
  at org.gradle.process.internal.worker.child.SystemApplicationClassLoaderWorker.call(SystemApplicationClassLoaderWorker.java:122)
  at org.gradle.process.internal.worker.child.SystemApplicationClassLoaderWorker.call(SystemApplicationClassLoaderWorker.java:72)
  at worker.org.gradle.process.internal.worker.GradleWorkerMain.run(GradleWorkerMain.java:69)
  at worker.org.gradle.process.internal.worker.GradleWorkerMain.main(GradleWorkerMain.java:74)
</stacktrace>
</test-failure>


TypeScriptCompilerTests_T[jvm] > typeInfer1_ts has expected errors matching typeInfer1_errors_txt[jvm] FAILED

<test-failure test="com.xemantic.typescript.compiler.TypeScriptCompilerTests_T.typeAssertionToGenericFunctionType_ts has expected errors matching typeAssertionToGenericFunctionType_errors_txt" platform="jvm">
<message>
Expected diagnostics from baseline typescript-repo/tests/baselines/reference/typeAssertionToGenericFunctionType.errors.txt but none produced
</message>
<stacktrace>
  at com.xemantic.typescript.compiler.TypeScriptTestSupportKt.errorsMatchBaseline(TypeScriptTestSupport.kt:125)
  at com.xemantic.typescript.compiler.TypeScriptCompilerTests_T.typeAssertionToGenericFunctionType_ts has expected errors matching typeAssertionToGenericFunctionType_errors_txt(TypeScriptCompilerTests_T.kt:1883)
  at java.base/jdk.internal.reflect.DirectMethodHandleAccessor.invoke(DirectMethodHandleAccessor.java:104)
  at java.base/java.lang.reflect.Method.invoke(Method.java:565)
  at org.junit.runners.model.FrameworkMethod$1.runReflectiveCall(FrameworkMethod.java:59)
  at org.junit.internal.runners.model.ReflectiveCallable.run(ReflectiveCallable.java:12)
  at org.junit.runners.model.FrameworkMethod.invokeExplosively(FrameworkMethod.java:56)
  at org.junit.internal.runners.statements.InvokeMethod.evaluate(InvokeMethod.java:17)
  at org.junit.runners.ParentRunner$3.evaluate(ParentRunner.java:306)
  at org.junit.runners.BlockJUnit4ClassRunner$1.evaluate(BlockJUnit4ClassRunner.java:100)
  at org.junit.runners.ParentRunner.runLeaf(ParentRunner.java:366)
  at org.junit.runners.BlockJUnit4ClassRunner.runChild(BlockJUnit4ClassRunner.java:103)
  at org.junit.runners.BlockJUnit4ClassRunner.runChild(BlockJUnit4ClassRunner.java:63)
  at org.junit.runners.ParentRunner$4.run(ParentRunner.java:331)
  at org.junit.runners.ParentRunner$1.schedule(ParentRunner.java:79)
  at org.junit.runners.ParentRunner.runChildren(ParentRunner.java:329)
  at org.junit.runners.ParentRunner.access$100(ParentRunner.java:66)
  at org.junit.runners.ParentRunner$2.evaluate(ParentRunner.java:293)
  at org.junit.runners.ParentRunner$3.evaluate(ParentRunner.java:306)
  at org.junit.runners.ParentRunner.run(ParentRunner.java:413)
  at org.junit.runner.JUnitCore.run(JUnitCore.java:137)
  at org.junit.runner.JUnitCore.run(JUnitCore.java:115)
  at org.gradle.api.internal.tasks.testing.junit.JUnitTestExecutor.runRequest(JUnitTestExecutor.java:175)
  at org.gradle.api.internal.tasks.testing.junit.JUnitTestExecutor.accept(JUnitTestExecutor.java:84)
  at org.gradle.api.internal.tasks.testing.junit.JUnitTestExecutor.accept(JUnitTestExecutor.java:47)
  at org.gradle.api.internal.tasks.testing.junit.AbstractJUnitTestDefinitionProcessor.processTestDefinition(AbstractJUnitTestDefinitionProcessor.java:65)
  at org.gradle.api.internal.tasks.testing.SuiteTestDefinitionProcessor.processTestDefinition(SuiteTestDefinitionProcessor.java:54)
  at java.base/jdk.internal.reflect.DirectMethodHandleAccessor.invoke(DirectMethodHandleAccessor.java:104)
  at java.base/java.lang.reflect.Method.invoke(Method.java:565)
  at org.gradle.internal.dispatch.MethodInvocation.invokeOn(MethodInvocation.java:77)
  at org.gradle.internal.dispatch.ReflectionDispatch.dispatch(ReflectionDispatch.java:28)
  at org.gradle.internal.dispatch.ReflectionDispatch.dispatch(ReflectionDispatch.java:19)
  at org.gradle.internal.dispatch.ContextClassLoaderDispatch.dispatch(ContextClassLoaderDispatch.java:33)
  at org.gradle.internal.dispatch.ProxyDispatchAdapter$DispatchingInvocationHandler.invoke(ProxyDispatchAdapter.java:88)
  at jdk.proxy1/jdk.proxy1.$Proxy4.processTestDefinition(Unknown Source)
  at org.gradle.api.internal.tasks.testing.worker.TestWorker$2.run(TestWorker.java:178)
  at org.gradle.api.internal.tasks.testing.worker.TestWorker.executeAndMaintainThreadName(TestWorker.java:126)
  at org.gradle.api.internal.tasks.testing.worker.TestWorker.execute(TestWorker.java:103)
  at org.gradle.api.internal.tasks.testing.worker.TestWorker.execute(TestWorker.java:63)
  at org.gradle.process.internal.worker.child.ActionExecutionWorker.execute(ActionExecutionWorker.java:56)
  at org.gradle.process.internal.worker.child.SystemApplicationClassLoaderWorker.call(SystemApplicationClassLoaderWorker.java:122)
  at org.gradle.process.internal.worker.child.SystemApplicationClassLoaderWorker.call(SystemApplicationClassLoaderWorker.java:72)
  at worker.org.gradle.process.internal.worker.GradleWorkerMain.run(GradleWorkerMain.java:69)
  at worker.org.gradle.process.internal.worker.GradleWorkerMain.main(GradleWorkerMain.java:74)
</stacktrace>
</test-failure>


TypeScriptCompilerTests_T[jvm] > typeAssertionToGenericFunctionType_ts has expected errors matching typeAssertionToGenericFunctionType_errors_txt[jvm] FAILED

<test-failure test="com.xemantic.typescript.compiler.TypeScriptCompilerTests_T.typeParameterFixingWithContextSensitiveArguments3_ts has expected errors matching typeParameterFixingWithContextSensitiveArguments3_errors_txt" platform="jvm">
<message>
Expected diagnostics from baseline typescript-repo/tests/baselines/reference/typeParameterFixingWithContextSensitiveArguments3.errors.txt but none produced
</message>
<stacktrace>
  at com.xemantic.typescript.compiler.TypeScriptTestSupportKt.errorsMatchBaseline(TypeScriptTestSupport.kt:125)
  at com.xemantic.typescript.compiler.TypeScriptCompilerTests_T.typeParameterFixingWithContextSensitiveArguments3_ts has expected errors matching typeParameterFixingWithContextSensitiveArguments3_errors_txt(TypeScriptCompilerTests_T.kt:2828)
  at java.base/jdk.internal.reflect.DirectMethodHandleAccessor.invoke(DirectMethodHandleAccessor.java:104)
  at java.base/java.lang.reflect.Method.invoke(Method.java:565)
  at org.junit.runners.model.FrameworkMethod$1.runReflectiveCall(FrameworkMethod.java:59)
  at org.junit.internal.runners.model.ReflectiveCallable.run(ReflectiveCallable.java:12)
  at org.junit.runners.model.FrameworkMethod.invokeExplosively(FrameworkMethod.java:56)
  at org.junit.internal.runners.statements.InvokeMethod.evaluate(InvokeMethod.java:17)
  at org.junit.runners.ParentRunner$3.evaluate(ParentRunner.java:306)
  at org.junit.runners.BlockJUnit4ClassRunner$1.evaluate(BlockJUnit4ClassRunner.java:100)
  at org.junit.runners.ParentRunner.runLeaf(ParentRunner.java:366)
  at org.junit.runners.BlockJUnit4ClassRunner.runChild(BlockJUnit4ClassRunner.java:103)
  at org.junit.runners.BlockJUnit4ClassRunner.runChild(BlockJUnit4ClassRunner.java:63)
  at org.junit.runners.ParentRunner$4.run(ParentRunner.java:331)
  at org.junit.runners.ParentRunner$1.schedule(ParentRunner.java:79)
  at org.junit.runners.ParentRunner.runChildren(ParentRunner.java:329)
  at org.junit.runners.ParentRunner.access$100(ParentRunner.java:66)
  at org.junit.runners.ParentRunner$2.evaluate(ParentRunner.java:293)
  at org.junit.runners.ParentRunner$3.evaluate(ParentRunner.java:306)
  at org.junit.runners.ParentRunner.run(ParentRunner.java:413)
  at org.junit.runner.JUnitCore.run(JUnitCore.java:137)
  at org.junit.runner.JUnitCore.run(JUnitCore.java:115)
  at org.gradle.api.internal.tasks.testing.junit.JUnitTestExecutor.runRequest(JUnitTestExecutor.java:175)
  at org.gradle.api.internal.tasks.testing.junit.JUnitTestExecutor.accept(JUnitTestExecutor.java:84)
  at org.gradle.api.internal.tasks.testing.junit.JUnitTestExecutor.accept(JUnitTestExecutor.java:47)
  at org.gradle.api.internal.tasks.testing.junit.AbstractJUnitTestDefinitionProcessor.processTestDefinition(AbstractJUnitTestDefinitionProcessor.java:65)
  at org.gradle.api.internal.tasks.testing.SuiteTestDefinitionProcessor.processTestDefinition(SuiteTestDefinitionProcessor.java:54)
  at java.base/jdk.internal.reflect.DirectMethodHandleAccessor.invoke(DirectMethodHandleAccessor.java:104)
  at java.base/java.lang.reflect.Method.invoke(Method.java:565)
  at org.gradle.internal.dispatch.MethodInvocation.invokeOn(MethodInvocation.java:77)
  at org.gradle.internal.dispatch.ReflectionDispatch.dispatch(ReflectionDispatch.java:28)
  at org.gradle.internal.dispatch.ReflectionDispatch.dispatch(ReflectionDispatch.java:19)
  at org.gradle.internal.dispatch.ContextClassLoaderDispatch.dispatch(ContextClassLoaderDispatch.java:33)
  at org.gradle.internal.dispatch.ProxyDispatchAdapter$DispatchingInvocationHandler.invoke(ProxyDispatchAdapter.java:88)
  at jdk.proxy1/jdk.proxy1.$Proxy4.processTestDefinition(Unknown Source)
  at org.gradle.api.internal.tasks.testing.worker.TestWorker$2.run(TestWorker.java:178)
  at org.gradle.api.internal.tasks.testing.worker.TestWorker.executeAndMaintainThreadName(TestWorker.java:126)
  at org.gradle.api.internal.tasks.testing.worker.TestWorker.execute(TestWorker.java:103)
  at org.gradle.api.internal.tasks.testing.worker.TestWorker.execute(TestWorker.java:63)
  at org.gradle.process.internal.worker.child.ActionExecutionWorker.execute(ActionExecutionWorker.java:56)
  at org.gradle.process.internal.worker.child.SystemApplicationClassLoaderWorker.call(SystemApplicationClassLoaderWorker.java:122)
  at org.gradle.process.internal.worker.child.SystemApplicationClassLoaderWorker.call(SystemApplicationClassLoaderWorker.java:72)
  at worker.org.gradle.process.internal.worker.GradleWorkerMain.run(GradleWorkerMain.java:69)
  at worker.org.gradle.process.internal.worker.GradleWorkerMain.main(GradleWorkerMain.java:74)
</stacktrace>
</test-failure>


TypeScriptCompilerTests_T[jvm] > typeParameterFixingWithContextSensitiveArguments3_ts has expected errors matching typeParameterFixingWithContextSensitiveArguments3_errors_txt[jvm] FAILED

<test-failure test="com.xemantic.typescript.compiler.TypeScriptCompilerTests_T.typeParameterConstrainedToOuterTypeParameter_ts has expected errors matching typeParameterConstrainedToOuterTypeParameter_errors_txt" platform="jvm">
<message>
Expected diagnostics from baseline typescript-repo/tests/baselines/reference/typeParameterConstrainedToOuterTypeParameter.errors.txt but none produced
</message>
<stacktrace>
  at com.xemantic.typescript.compiler.TypeScriptTestSupportKt.errorsMatchBaseline(TypeScriptTestSupport.kt:125)
  at com.xemantic.typescript.compiler.TypeScriptCompilerTests_T.typeParameterConstrainedToOuterTypeParameter_ts has expected errors matching typeParameterConstrainedToOuterTypeParameter_errors_txt(TypeScriptCompilerTests_T.kt:2632)
  at java.base/jdk.internal.reflect.DirectMethodHandleAccessor.invoke(DirectMethodHandleAccessor.java:104)
  at java.base/java.lang.reflect.Method.invoke(Method.java:565)
  at org.junit.runners.model.FrameworkMethod$1.runReflectiveCall(FrameworkMethod.java:59)
  at org.junit.internal.runners.model.ReflectiveCallable.run(ReflectiveCallable.java:12)
  at org.junit.runners.model.FrameworkMethod.invokeExplosively(FrameworkMethod.java:56)
  at org.junit.internal.runners.statements.InvokeMethod.evaluate(InvokeMethod.java:17)
  at org.junit.runners.ParentRunner$3.evaluate(ParentRunner.java:306)
  at org.junit.runners.BlockJUnit4ClassRunner$1.evaluate(BlockJUnit4ClassRunner.java:100)
  at org.junit.runners.ParentRunner.runLeaf(ParentRunner.java:366)
  at org.junit.runners.BlockJUnit4ClassRunner.runChild(BlockJUnit4ClassRunner.java:103)
  at org.junit.runners.BlockJUnit4ClassRunner.runChild(BlockJUnit4ClassRunner.java:63)
  at org.junit.runners.ParentRunner$4.run(ParentRunner.java:331)
  at org.junit.runners.ParentRunner$1.schedule(ParentRunner.java:79)
  at org.junit.runners.ParentRunner.runChildren(ParentRunner.java:329)
  at org.junit.runners.ParentRunner.access$100(ParentRunner.java:66)
  at org.junit.runners.ParentRunner$2.evaluate(ParentRunner.java:293)
  at org.junit.runners.ParentRunner$3.evaluate(ParentRunner.java:306)
  at org.junit.runners.ParentRunner.run(ParentRunner.java:413)
  at org.junit.runner.JUnitCore.run(JUnitCore.java:137)
  at org.junit.runner.JUnitCore.run(JUnitCore.java:115)
  at org.gradle.api.internal.tasks.testing.junit.JUnitTestExecutor.runRequest(JUnitTestExecutor.java:175)
  at org.gradle.api.internal.tasks.testing.junit.JUnitTestExecutor.accept(JUnitTestExecutor.java:84)
  at org.gradle.api.internal.tasks.testing.junit.JUnitTestExecutor.accept(JUnitTestExecutor.java:47)
  at org.gradle.api.internal.tasks.testing.junit.AbstractJUnitTestDefinitionProcessor.processTestDefinition(AbstractJUnitTestDefinitionProcessor.java:65)
  at org.gradle.api.internal.tasks.testing.SuiteTestDefinitionProcessor.processTestDefinition(SuiteTestDefinitionProcessor.java:54)
  at java.base/jdk.internal.reflect.DirectMethodHandleAccessor.invoke(DirectMethodHandleAccessor.java:104)
  at java.base/java.lang.reflect.Method.invoke(Method.java:565)
  at org.gradle.internal.dispatch.MethodInvocation.invokeOn(MethodInvocation.java:77)
  at org.gradle.internal.dispatch.ReflectionDispatch.dispatch(ReflectionDispatch.java:28)
  at org.gradle.internal.dispatch.ReflectionDispatch.dispatch(ReflectionDispatch.java:19)
  at org.gradle.internal.dispatch.ContextClassLoaderDispatch.dispatch(ContextClassLoaderDispatch.java:33)
  at org.gradle.internal.dispatch.ProxyDispatchAdapter$DispatchingInvocationHandler.invoke(ProxyDispatchAdapter.java:88)
  at jdk.proxy1/jdk.proxy1.$Proxy4.processTestDefinition(Unknown Source)
  at org.gradle.api.internal.tasks.testing.worker.TestWorker$2.run(TestWorker.java:178)
  at org.gradle.api.internal.tasks.testing.worker.TestWorker.executeAndMaintainThreadName(TestWorker.java:126)
  at org.gradle.api.internal.tasks.testing.worker.TestWorker.execute(TestWorker.java:103)
  at org.gradle.api.internal.tasks.testing.worker.TestWorker.execute(TestWorker.java:63)
  at org.gradle.process.internal.worker.child.ActionExecutionWorker.execute(ActionExecutionWorker.java:56)
  at org.gradle.process.internal.worker.child.SystemApplicationClassLoaderWorker.call(SystemApplicationClassLoaderWorker.java:122)
  at org.gradle.process.internal.worker.child.SystemApplicationClassLoaderWorker.call(SystemApplicationClassLoaderWorker.java:72)
  at worker.org.gradle.process.internal.worker.GradleWorkerMain.run(GradleWorkerMain.java:69)
  at worker.org.gradle.process.internal.worker.GradleWorkerMain.main(GradleWorkerMain.java:74)
</stacktrace>
</test-failure>


TypeScriptCompilerTests_T[jvm] > typeParameterConstrainedToOuterTypeParameter_ts has expected errors matching typeParameterConstrainedToOuterTypeParameter_errors_txt[jvm] FAILED

<test-failure test="com.xemantic.typescript.compiler.TypeScriptCompilerTests_T.taggedTemplatesWithIncompleteTemplateExpressions2_ts has expected errors matching taggedTemplatesWithIncompleteTemplateExpressions2_errors_txt" platform="jvm">
<message>
--- expected
+++ actual
@@ -1,8 +1,7 @@
 taggedTemplatesWithIncompleteTemplateExpressions2.ts(5,18): error TS1109: Expression expected.
-taggedTemplatesWithIncompleteTemplateExpressions2.ts(5,21): error TS1109: Expression expected.
 
 
-==== taggedTemplatesWithIncompleteTemplateExpressions2.ts (2 errors) ====
+==== taggedTemplatesWithIncompleteTemplateExpressions2.ts (1 errors) ====
     function f(x: TemplateStringsArray, y: string, z: string) {
     }
     
@@ -10,5 +9,3 @@
     f `123qdawdrqw${ }${
                      ~
 !!! error TS1109: Expression expected.
-                        
-!!! error TS1109: Expression expected.

</message>
<stacktrace>
  at org.junit.Assert.fail(Assert.java:89)
  at kotlin.test.junit.JUnitAsserter.fail(JUnitSupport.kt:56)
  at kotlin.test.AssertionsKt__AssertionsKt.fail(Assertions.kt:563)
  at kotlin.test.AssertionsKt.fail(Unknown Source)
  at com.xemantic.kotlin.test.SameAsKt.sameAs(SameAs.kt:52)
  at com.xemantic.typescript.compiler.TypeScriptTestSupportKt.errorsMatchBaseline(TypeScriptTestSupport.kt:135)
  at com.xemantic.typescript.compiler.TypeScriptCompilerTests_T.taggedTemplatesWithIncompleteTemplateExpressions2_ts has expected errors matching taggedTemplatesWithIncompleteTemplateExpressions2_errors_txt(TypeScriptCompilerTests_T.kt:196)
  at java.base/jdk.internal.reflect.DirectMethodHandleAccessor.invoke(DirectMethodHandleAccessor.java:104)
  at java.base/java.lang.reflect.Method.invoke(Method.java:565)
  at org.junit.runners.model.FrameworkMethod$1.runReflectiveCall(FrameworkMethod.java:59)
  at org.junit.internal.runners.model.ReflectiveCallable.run(ReflectiveCallable.java:12)
  at org.junit.runners.model.FrameworkMethod.invokeExplosively(FrameworkMethod.java:56)
  at org.junit.internal.runners.statements.InvokeMethod.evaluate(InvokeMethod.java:17)
  at org.junit.runners.ParentRunner$3.evaluate(ParentRunner.java:306)
  at org.junit.runners.BlockJUnit4ClassRunner$1.evaluate(BlockJUnit4ClassRunner.java:100)
  at org.junit.runners.ParentRunner.runLeaf(ParentRunner.java:366)
  at org.junit.runners.BlockJUnit4ClassRunner.runChild(BlockJUnit4ClassRunner.java:103)
  at org.junit.runners.BlockJUnit4ClassRunner.runChild(BlockJUnit4ClassRunner.java:63)
  at org.junit.runners.ParentRunner$4.run(ParentRunner.java:331)
  at org.junit.runners.ParentRunner$1.schedule(ParentRunner.java:79)
  at org.junit.runners.ParentRunner.runChildren(ParentRunner.java:329)
  at org.junit.runners.ParentRunner.access$100(ParentRunner.java:66)
  at org.junit.runners.ParentRunner$2.evaluate(ParentRunner.java:293)
  at org.junit.runners.ParentRunner$3.evaluate(ParentRunner.java:306)
  at org.junit.runners.ParentRunner.run(ParentRunner.java:413)
  at org.junit.runner.JUnitCore.run(JUnitCore.java:137)
  at org.junit.runner.JUnitCore.run(JUnitCore.java:115)
  at org.gradle.api.internal.tasks.testing.junit.JUnitTestExecutor.runRequest(JUnitTestExecutor.java:175)
  at org.gradle.api.internal.tasks.testing.junit.JUnitTestExecutor.accept(JUnitTestExecutor.java:84)
  at org.gradle.api.internal.tasks.testing.junit.JUnitTestExecutor.accept(JUnitTestExecutor.java:47)
  at org.gradle.api.internal.tasks.testing.junit.AbstractJUnitTestDefinitionProcessor.processTestDefinition(AbstractJUnitTestDefinitionProcessor.java:65)
  at org.gradle.api.internal.tasks.testing.SuiteTestDefinitionProcessor.processTestDefinition(SuiteTestDefinitionProcessor.java:54)
  at java.base/jdk.internal.reflect.DirectMethodHandleAccessor.invoke(DirectMethodHandleAccessor.java:104)
  at java.base/java.lang.reflect.Method.invoke(Method.java:565)
  at org.gradle.internal.dispatch.MethodInvocation.invokeOn(MethodInvocation.java:77)
  at org.gradle.internal.dispatch.ReflectionDispatch.dispatch(ReflectionDispatch.java:28)
  at org.gradle.internal.dispatch.ReflectionDispatch.dispatch(ReflectionDispatch.java:19)
  at org.gradle.internal.dispatch.ContextClassLoaderDispatch.dispatch(ContextClassLoaderDispatch.java:33)
  at org.gradle.internal.dispatch.ProxyDispatchAdapter$DispatchingInvocationHandler.invoke(ProxyDispatchAdapter.java:88)
  at jdk.proxy1/jdk.proxy1.$Proxy4.processTestDefinition(Unknown Source)
  at org.gradle.api.internal.tasks.testing.worker.TestWorker$2.run(TestWorker.java:178)
  at org.gradle.api.internal.tasks.testing.worker.TestWorker.executeAndMaintainThreadName(TestWorker.java:126)
  at org.gradle.api.internal.tasks.testing.worker.TestWorker.execute(TestWorker.java:103)
  at org.gradle.api.internal.tasks.testing.worker.TestWorker.execute(TestWorker.java:63)
  at org.gradle.process.internal.worker.child.ActionExecutionWorker.execute(ActionExecutionWorker.java:56)
  at org.gradle.process.internal.worker.child.SystemApplicationClassLoaderWorker.call(SystemApplicationClassLoaderWorker.java:122)
  at org.gradle.process.internal.worker.child.SystemApplicationClassLoaderWorker.call(SystemApplicationClassLoaderWorker.java:72)
  at worker.org.gradle.process.internal.worker.GradleWorkerMain.run(GradleWorkerMain.java:69)
  at worker.org.gradle.process.internal.worker.GradleWorkerMain.main(GradleWorkerMain.java:74)
</stacktrace>
</test-failure>


TypeScriptCompilerTests_T[jvm] > taggedTemplatesWithIncompleteTemplateExpressions2_ts has expected errors matching taggedTemplatesWithIncompleteTemplateExpressions2_errors_txt[jvm] FAILED

<test-failure test="com.xemantic.typescript.compiler.TypeScriptCompilerTests_T.typeGuardNarrowsIndexedAccessOfKnownProperty9_ts has expected errors matching typeGuardNarrowsIndexedAccessOfKnownProperty9_errors_txt" platform="jvm">
<message>
--- expected
+++ actual
@@ -1,11 +1,17 @@
+typeGuardNarrowsIndexedAccessOfKnownProperty9.ts(2,13): error TS6133: 'a' is declared but its value is never read.
+typeGuardNarrowsIndexedAccessOfKnownProperty9.ts(3,13): error TS6133: 'b' is declared but its value is never read.
 typeGuardNarrowsIndexedAccessOfKnownProperty9.ts(5,13): error TS6133: 'c' is declared but its value is never read.
 typeGuardNarrowsIndexedAccessOfKnownProperty9.ts(6,13): error TS6133: 'd' is declared but its value is never read.
 
 
-==== typeGuardNarrowsIndexedAccessOfKnownProperty9.ts (2 errors) ====
+==== typeGuardNarrowsIndexedAccessOfKnownProperty9.ts (4 errors) ====
     class C1 {
         private a = "a"; // ok
+                ~
+!!! error TS6133: 'a' is declared but its value is never read.
         private b = "b"; // ok
+                ~
+!!! error TS6133: 'b' is declared but its value is never read.
     
         private c = "c"; // error unused prop
                 ~

</message>
<stacktrace>
  at org.junit.Assert.fail(Assert.java:89)
  at kotlin.test.junit.JUnitAsserter.fail(JUnitSupport.kt:56)
  at kotlin.test.AssertionsKt__AssertionsKt.fail(Assertions.kt:563)
  at kotlin.test.AssertionsKt.fail(Unknown Source)
  at com.xemantic.kotlin.test.SameAsKt.sameAs(SameAs.kt:52)
  at com.xemantic.typescript.compiler.TypeScriptTestSupportKt.errorsMatchBaseline(TypeScriptTestSupport.kt:135)
  at com.xemantic.typescript.compiler.TypeScriptCompilerTests_T.typeGuardNarrowsIndexedAccessOfKnownProperty9_ts has expected errors matching typeGuardNarrowsIndexedAccessOfKnownProperty9_errors_txt(TypeScriptCompilerTests_T.kt:2149)
  at java.base/jdk.internal.reflect.DirectMethodHandleAccessor.invoke(DirectMethodHandleAccessor.java:104)
  at java.base/java.lang.reflect.Method.invoke(Method.java:565)
  at org.junit.runners.model.FrameworkMethod$1.runReflectiveCall(FrameworkMethod.java:59)
  at org.junit.internal.runners.model.ReflectiveCallable.run(ReflectiveCallable.java:12)
  at org.junit.runners.model.FrameworkMethod.invokeExplosively(FrameworkMethod.java:56)
  at org.junit.internal.runners.statements.InvokeMethod.evaluate(InvokeMethod.java:17)
  at org.junit.runners.ParentRunner$3.evaluate(ParentRunner.java:306)
  at org.junit.runners.BlockJUnit4ClassRunner$1.evaluate(BlockJUnit4ClassRunner.java:100)
  at org.junit.runners.ParentRunner.runLeaf(ParentRunner.java:366)
  at org.junit.runners.BlockJUnit4ClassRunner.runChild(BlockJUnit4ClassRunner.java:103)
  at org.junit.runners.BlockJUnit4ClassRunner.runChild(BlockJUnit4ClassRunner.java:63)
  at org.junit.runners.ParentRunner$4.run(ParentRunner.java:331)
  at org.junit.runners.ParentRunner$1.schedule(ParentRunner.java:79)
  at org.junit.runners.ParentRunner.runChildren(ParentRunner.java:329)
  at org.junit.runners.ParentRunner.access$100(ParentRunner.java:66)
  at org.junit.runners.ParentRunner$2.evaluate(ParentRunner.java:293)
  at org.junit.runners.ParentRunner$3.evaluate(ParentRunner.java:306)
  at org.junit.runners.ParentRunner.run(ParentRunner.java:413)
  at org.junit.runner.JUnitCore.run(JUnitCore.java:137)
  at org.junit.runner.JUnitCore.run(JUnitCore.java:115)
  at org.gradle.api.internal.tasks.testing.junit.JUnitTestExecutor.runRequest(JUnitTestExecutor.java:175)
  at org.gradle.api.internal.tasks.testing.junit.JUnitTestExecutor.accept(JUnitTestExecutor.java:84)
  at org.gradle.api.internal.tasks.testing.junit.JUnitTestExecutor.accept(JUnitTestExecutor.java:47)
  at org.gradle.api.internal.tasks.testing.junit.AbstractJUnitTestDefinitionProcessor.processTestDefinition(AbstractJUnitTestDefinitionProcessor.java:65)
  at org.gradle.api.internal.tasks.testing.SuiteTestDefinitionProcessor.processTestDefinition(SuiteTestDefinitionProcessor.java:54)
  at java.base/jdk.internal.reflect.DirectMethodHandleAccessor.invoke(DirectMethodHandleAccessor.java:104)
  at java.base/java.lang.reflect.Method.invoke(Method.java:565)
  at org.gradle.internal.dispatch.MethodInvocation.invokeOn(MethodInvocation.java:77)
  at org.gradle.internal.dispatch.ReflectionDispatch.dispatch(ReflectionDispatch.java:28)
  at org.gradle.internal.dispatch.ReflectionDispatch.dispatch(ReflectionDispatch.java:19)
  at org.gradle.internal.dispatch.ContextClassLoaderDispatch.dispatch(ContextClassLoaderDispatch.java:33)
  at org.gradle.internal.dispatch.ProxyDispatchAdapter$DispatchingInvocationHandler.invoke(ProxyDispatchAdapter.java:88)
  at jdk.proxy1/jdk.proxy1.$Proxy4.processTestDefinition(Unknown Source)
  at org.gradle.api.internal.tasks.testing.worker.TestWorker$2.run(TestWorker.java:178)
  at org.gradle.api.internal.tasks.testing.worker.TestWorker.executeAndMaintainThreadName(TestWorker.java:126)
  at org.gradle.api.internal.tasks.testing.worker.TestWorker.execute(TestWorker.java:103)
  at org.gradle.api.internal.tasks.testing.worker.TestWorker.execute(TestWorker.java:63)
  at org.gradle.process.internal.worker.child.ActionExecutionWorker.execute(ActionExecutionWorker.java:56)
  at org.gradle.process.internal.worker.child.SystemApplicationClassLoaderWorker.call(SystemApplicationClassLoaderWorker.java:122)
  at org.gradle.process.internal.worker.child.SystemApplicationClassLoaderWorker.call(SystemApplicationClassLoaderWorker.java:72)
  at worker.org.gradle.process.internal.worker.GradleWorkerMain.run(GradleWorkerMain.java:69)
  at worker.org.gradle.process.internal.worker.GradleWorkerMain.main(GradleWorkerMain.java:74)
</stacktrace>
</test-failure>


TypeScriptCompilerTests_T[jvm] > typeGuardNarrowsIndexedAccessOfKnownProperty9_ts has expected errors matching typeGuardNarrowsIndexedAccessOfKnownProperty9_errors_txt[jvm] FAILED

<test-failure test="com.xemantic.typescript.compiler.TypeScriptCompilerTests_T.tslibMissingHelper_ts has expected errors matching tslibMissingHelper_errors_txt" platform="jvm">
<message>
Expected diagnostics from baseline typescript-repo/tests/baselines/reference/tslibMissingHelper.errors.txt but none produced
</message>
<stacktrace>
  at com.xemantic.typescript.compiler.TypeScriptTestSupportKt.errorsMatchBaseline(TypeScriptTestSupport.kt:125)
  at com.xemantic.typescript.compiler.TypeScriptCompilerTests_T.tslibMissingHelper_ts has expected errors matching tslibMissingHelper_errors_txt(TypeScriptCompilerTests_T.kt:1456)
  at java.base/jdk.internal.reflect.DirectMethodHandleAccessor.invoke(DirectMethodHandleAccessor.java:104)
  at java.base/java.lang.reflect.Method.invoke(Method.java:565)
  at org.junit.runners.model.FrameworkMethod$1.runReflectiveCall(FrameworkMethod.java:59)
  at org.junit.internal.runners.model.ReflectiveCallable.run(ReflectiveCallable.java:12)
  at org.junit.runners.model.FrameworkMethod.invokeExplosively(FrameworkMethod.java:56)
  at org.junit.internal.runners.statements.InvokeMethod.evaluate(InvokeMethod.java:17)
  at org.junit.runners.ParentRunner$3.evaluate(ParentRunner.java:306)
  at org.junit.runners.BlockJUnit4ClassRunner$1.evaluate(BlockJUnit4ClassRunner.java:100)
  at org.junit.runners.ParentRunner.runLeaf(ParentRunner.java:366)
  at org.junit.runners.BlockJUnit4ClassRunner.runChild(BlockJUnit4ClassRunner.java:103)
  at org.junit.runners.BlockJUnit4ClassRunner.runChild(BlockJUnit4ClassRunner.java:63)
  at org.junit.runners.ParentRunner$4.run(ParentRunner.java:331)
  at org.junit.runners.ParentRunner$1.schedule(ParentRunner.java:79)
  at org.junit.runners.ParentRunner.runChildren(ParentRunner.java:329)
  at org.junit.runners.ParentRunner.access$100(ParentRunner.java:66)
  at org.junit.runners.ParentRunner$2.evaluate(ParentRunner.java:293)
  at org.junit.runners.ParentRunner$3.evaluate(ParentRunner.java:306)
  at org.junit.runners.ParentRunner.run(ParentRunner.java:413)
  at org.junit.runner.JUnitCore.run(JUnitCore.java:137)
  at org.junit.runner.JUnitCore.run(JUnitCore.java:115)
  at org.gradle.api.internal.tasks.testing.junit.JUnitTestExecutor.runRequest(JUnitTestExecutor.java:175)
  at org.gradle.api.internal.tasks.testing.junit.JUnitTestExecutor.accept(JUnitTestExecutor.java:84)
  at org.gradle.api.internal.tasks.testing.junit.JUnitTestExecutor.accept(JUnitTestExecutor.java:47)
  at org.gradle.api.internal.tasks.testing.junit.AbstractJUnitTestDefinitionProcessor.processTestDefinition(AbstractJUnitTestDefinitionProcessor.java:65)
  at org.gradle.api.internal.tasks.testing.SuiteTestDefinitionProcessor.processTestDefinition(SuiteTestDefinitionProcessor.java:54)
  at java.base/jdk.internal.reflect.DirectMethodHandleAccessor.invoke(DirectMethodHandleAccessor.java:104)
  at java.base/java.lang.reflect.Method.invoke(Method.java:565)
  at org.gradle.internal.dispatch.MethodInvocation.invokeOn(MethodInvocation.java:77)
  at org.gradle.internal.dispatch.ReflectionDispatch.dispatch(ReflectionDispatch.java:28)
  at org.gradle.internal.dispatch.ReflectionDispatch.dispatch(ReflectionDispatch.java:19)
  at org.gradle.internal.dispatch.ContextClassLoaderDispatch.dispatch(ContextClassLoaderDispatch.java:33)
  at org.gradle.internal.dispatch.ProxyDispatchAdapter$DispatchingInvocationHandler.invoke(ProxyDispatchAdapter.java:88)
  at jdk.proxy1/jdk.proxy1.$Proxy4.processTestDefinition(Unknown Source)
  at org.gradle.api.internal.tasks.testing.worker.TestWorker$2.run(TestWorker.java:178)
  at org.gradle.api.internal.tasks.testing.worker.TestWorker.executeAndMaintainThreadName(TestWorker.java:126)
  at org.gradle.api.internal.tasks.testing.worker.TestWorker.execute(TestWorker.java:103)
  at org.gradle.api.internal.tasks.testing.worker.TestWorker.execute(TestWorker.java:63)
  at org.gradle.process.internal.worker.child.ActionExecutionWorker.execute(ActionExecutionWorker.java:56)
  at org.gradle.process.internal.worker.child.SystemApplicationClassLoaderWorker.call(SystemApplicationClassLoaderWorker.java:122)
  at org.gradle.process.internal.worker.child.SystemApplicationClassLoaderWorker.call(SystemApplicationClassLoaderWorker.java:72)
  at worker.org.gradle.process.internal.worker.GradleWorkerMain.run(GradleWorkerMain.java:69)
  at worker.org.gradle.process.internal.worker.GradleWorkerMain.main(GradleWorkerMain.java:74)
</stacktrace>
</test-failure>


TypeScriptCompilerTests_T[jvm] > tslibMissingHelper_ts has expected errors matching tslibMissingHelper_errors_txt[jvm] FAILED

<test-failure test="com.xemantic.typescript.compiler.TypeScriptCompilerTests_T.templateLiteralEscapeSequence_ts has expected errors matching templateLiteralEscapeSequence_errors_txt" platform="jvm">
<message>
Expected diagnostics from baseline typescript-repo/tests/baselines/reference/templateLiteralEscapeSequence.errors.txt but none produced
</message>
<stacktrace>
  at com.xemantic.typescript.compiler.TypeScriptTestSupportKt.errorsMatchBaseline(TypeScriptTestSupport.kt:125)
  at com.xemantic.typescript.compiler.TypeScriptCompilerTests_T.templateLiteralEscapeSequence_ts has expected errors matching templateLiteralEscapeSequence_errors_txt(TypeScriptCompilerTests_T.kt:420)
  at java.base/jdk.internal.reflect.DirectMethodHandleAccessor.invoke(DirectMethodHandleAccessor.java:104)
  at java.base/java.lang.reflect.Method.invoke(Method.java:565)
  at org.junit.runners.model.FrameworkMethod$1.runReflectiveCall(FrameworkMethod.java:59)
  at org.junit.internal.runners.model.ReflectiveCallable.run(ReflectiveCallable.java:12)
  at org.junit.runners.model.FrameworkMethod.invokeExplosively(FrameworkMethod.java:56)
  at org.junit.internal.runners.statements.InvokeMethod.evaluate(InvokeMethod.java:17)
  at org.junit.runners.ParentRunner$3.evaluate(ParentRunner.java:306)
  at org.junit.runners.BlockJUnit4ClassRunner$1.evaluate(BlockJUnit4ClassRunner.java:100)
  at org.junit.runners.ParentRunner.runLeaf(ParentRunner.java:366)
  at org.junit.runners.BlockJUnit4ClassRunner.runChild(BlockJUnit4ClassRunner.java:103)
  at org.junit.runners.BlockJUnit4ClassRunner.runChild(BlockJUnit4ClassRunner.java:63)
  at org.junit.runners.ParentRunner$4.run(ParentRunner.java:331)
  at org.junit.runners.ParentRunner$1.schedule(ParentRunner.java:79)
  at org.junit.runners.ParentRunner.runChildren(ParentRunner.java:329)
  at org.junit.runners.ParentRunner.access$100(ParentRunner.java:66)
  at org.junit.runners.ParentRunner$2.evaluate(ParentRunner.java:293)
  at org.junit.runners.ParentRunner$3.evaluate(ParentRunner.java:306)
  at org.junit.runners.ParentRunner.run(ParentRunner.java:413)
  at org.junit.runner.JUnitCore.run(JUnitCore.java:137)
  at org.junit.runner.JUnitCore.run(JUnitCore.java:115)
  at org.gradle.api.internal.tasks.testing.junit.JUnitTestExecutor.runRequest(JUnitTestExecutor.java:175)
  at org.gradle.api.internal.tasks.testing.junit.JUnitTestExecutor.accept(JUnitTestExecutor.java:84)
  at org.gradle.api.internal.tasks.testing.junit.JUnitTestExecutor.accept(JUnitTestExecutor.java:47)
  at org.gradle.api.internal.tasks.testing.junit.AbstractJUnitTestDefinitionProcessor.processTestDefinition(AbstractJUnitTestDefinitionProcessor.java:65)
  at org.gradle.api.internal.tasks.testing.SuiteTestDefinitionProcessor.processTestDefinition(SuiteTestDefinitionProcessor.java:54)
  at java.base/jdk.internal.reflect.DirectMethodHandleAccessor.invoke(DirectMethodHandleAccessor.java:104)
  at java.base/java.lang.reflect.Method.invoke(Method.java:565)
  at org.gradle.internal.dispatch.MethodInvocation.invokeOn(MethodInvocation.java:77)
  at org.gradle.internal.dispatch.ReflectionDispatch.dispatch(ReflectionDispatch.java:28)
  at org.gradle.internal.dispatch.ReflectionDispatch.dispatch(ReflectionDispatch.java:19)
  at org.gradle.internal.dispatch.ContextClassLoaderDispatch.dispatch(ContextClassLoaderDispatch.java:33)
  at org.gradle.internal.dispatch.ProxyDispatchAdapter$DispatchingInvocationHandler.invoke(ProxyDispatchAdapter.java:88)
  at jdk.proxy1/jdk.proxy1.$Proxy4.processTestDefinition(Unknown Source)
  at org.gradle.api.internal.tasks.testing.worker.TestWorker$2.run(TestWorker.java:178)
  at org.gradle.api.internal.tasks.testing.worker.TestWorker.executeAndMaintainThreadName(TestWorker.java:126)
  at org.gradle.api.internal.tasks.testing.worker.TestWorker.execute(TestWorker.java:103)
  at org.gradle.api.internal.tasks.testing.worker.TestWorker.execute(TestWorker.java:63)
  at org.gradle.process.internal.worker.child.ActionExecutionWorker.execute(ActionExecutionWorker.java:56)
  at org.gradle.process.internal.worker.child.SystemApplicationClassLoaderWorker.call(SystemApplicationClassLoaderWorker.java:122)
  at org.gradle.process.internal.worker.child.SystemApplicationClassLoaderWorker.call(SystemApplicationClassLoaderWorker.java:72)
  at worker.org.gradle.process.internal.worker.GradleWorkerMain.run(GradleWorkerMain.java:69)
  at worker.org.gradle.process.internal.worker.GradleWorkerMain.main(GradleWorkerMain.java:74)
</stacktrace>
</test-failure>


TypeScriptCompilerTests_T[jvm] > templateLiteralEscapeSequence_ts has expected errors matching templateLiteralEscapeSequence_errors_txt[jvm] FAILED

<test-failure test="com.xemantic.typescript.compiler.TypeScriptCompilerTests_T.tripleSlashTypesReferenceWithMissingExports_ts__module_commonjs__has expected errors matching baseline" platform="jvm">
<message>
Expected diagnostics from baseline typescript-repo/tests/baselines/reference/tripleSlashTypesReferenceWithMissingExports(module=commonjs).errors.txt but none produced
</message>
<stacktrace>
  at com.xemantic.typescript.compiler.TypeScriptTestSupportKt.errorsMatchBaseline(TypeScriptTestSupport.kt:125)
  at com.xemantic.typescript.compiler.TypeScriptCompilerTests_T.tripleSlashTypesReferenceWithMissingExports_ts__module_commonjs__has expected errors matching baseline(TypeScriptCompilerTests_T.kt:1260)
  at java.base/jdk.internal.reflect.DirectMethodHandleAccessor.invoke(DirectMethodHandleAccessor.java:104)
  at java.base/java.lang.reflect.Method.invoke(Method.java:565)
  at org.junit.runners.model.FrameworkMethod$1.runReflectiveCall(FrameworkMethod.java:59)
  at org.junit.internal.runners.model.ReflectiveCallable.run(ReflectiveCallable.java:12)
  at org.junit.runners.model.FrameworkMethod.invokeExplosively(FrameworkMethod.java:56)
  at org.junit.internal.runners.statements.InvokeMethod.evaluate(InvokeMethod.java:17)
  at org.junit.runners.ParentRunner$3.evaluate(ParentRunner.java:306)
  at org.junit.runners.BlockJUnit4ClassRunner$1.evaluate(BlockJUnit4ClassRunner.java:100)
  at org.junit.runners.ParentRunner.runLeaf(ParentRunner.java:366)
  at org.junit.runners.BlockJUnit4ClassRunner.runChild(BlockJUnit4ClassRunner.java:103)
  at org.junit.runners.BlockJUnit4ClassRunner.runChild(BlockJUnit4ClassRunner.java:63)
  at org.junit.runners.ParentRunner$4.run(ParentRunner.java:331)
  at org.junit.runners.ParentRunner$1.schedule(ParentRunner.java:79)
  at org.junit.runners.ParentRunner.runChildren(ParentRunner.java:329)
  at org.junit.runners.ParentRunner.access$100(ParentRunner.java:66)
  at org.junit.runners.ParentRunner$2.evaluate(ParentRunner.java:293)
  at org.junit.runners.ParentRunner$3.evaluate(ParentRunner.java:306)
  at org.junit.runners.ParentRunner.run(ParentRunner.java:413)
  at org.junit.runner.JUnitCore.run(JUnitCore.java:137)
  at org.junit.runner.JUnitCore.run(JUnitCore.java:115)
  at org.gradle.api.internal.tasks.testing.junit.JUnitTestExecutor.runRequest(JUnitTestExecutor.java:175)
  at org.gradle.api.internal.tasks.testing.junit.JUnitTestExecutor.accept(JUnitTestExecutor.java:84)
  at org.gradle.api.internal.tasks.testing.junit.JUnitTestExecutor.accept(JUnitTestExecutor.java:47)
  at org.gradle.api.internal.tasks.testing.junit.AbstractJUnitTestDefinitionProcessor.processTestDefinition(AbstractJUnitTestDefinitionProcessor.java:65)
  at org.gradle.api.internal.tasks.testing.SuiteTestDefinitionProcessor.processTestDefinition(SuiteTestDefinitionProcessor.java:54)
  at java.base/jdk.internal.reflect.DirectMethodHandleAccessor.invoke(DirectMethodHandleAccessor.java:104)
  at java.base/java.lang.reflect.Method.invoke(Method.java:565)
  at org.gradle.internal.dispatch.MethodInvocation.invokeOn(MethodInvocation.java:77)
  at org.gradle.internal.dispatch.ReflectionDispatch.dispatch(ReflectionDispatch.java:28)
  at org.gradle.internal.dispatch.ReflectionDispatch.dispatch(ReflectionDispatch.java:19)
  at org.gradle.internal.dispatch.ContextClassLoaderDispatch.dispatch(ContextClassLoaderDispatch.java:33)
  at org.gradle.internal.dispatch.ProxyDispatchAdapter$DispatchingInvocationHandler.invoke(ProxyDispatchAdapter.java:88)
  at jdk.proxy1/jdk.proxy1.$Proxy4.processTestDefinition(Unknown Source)
  at org.gradle.api.internal.tasks.testing.worker.TestWorker$2.run(TestWorker.java:178)
  at org.gradle.api.internal.tasks.testing.worker.TestWorker.executeAndMaintainThreadName(TestWorker.java:126)
  at org.gradle.api.internal.tasks.testing.worker.TestWorker.execute(TestWorker.java:103)
  at org.gradle.api.internal.tasks.testing.worker.TestWorker.execute(TestWorker.java:63)
  at org.gradle.process.internal.worker.child.ActionExecutionWorker.execute(ActionExecutionWorker.java:56)
  at org.gradle.process.internal.worker.child.SystemApplicationClassLoaderWorker.call(SystemApplicationClassLoaderWorker.java:122)
  at org.gradle.process.internal.worker.child.SystemApplicationClassLoaderWorker.call(SystemApplicationClassLoaderWorker.java:72)
  at worker.org.gradle.process.internal.worker.GradleWorkerMain.run(GradleWorkerMain.java:69)
  at worker.org.gradle.process.internal.worker.GradleWorkerMain.main(GradleWorkerMain.java:74)
</stacktrace>
</test-failure>


TypeScriptCompilerTests_T[jvm] > tripleSlashTypesReferenceWithMissingExports_ts__module_commonjs__has expected errors matching baseline[jvm] FAILED

<test-failure test="com.xemantic.typescript.compiler.TypeScriptCompilerTests_T.templateLiteralsInTypes_ts has expected errors matching templateLiteralsInTypes_errors_txt" platform="jvm">
<message>
Expected diagnostics from baseline typescript-repo/tests/baselines/reference/templateLiteralsInTypes.errors.txt but none produced
</message>
<stacktrace>
  at com.xemantic.typescript.compiler.TypeScriptTestSupportKt.errorsMatchBaseline(TypeScriptTestSupport.kt:125)
  at com.xemantic.typescript.compiler.TypeScriptCompilerTests_T.templateLiteralsInTypes_ts has expected errors matching templateLiteralsInTypes_errors_txt(TypeScriptCompilerTests_T.kt:462)
  at java.base/jdk.internal.reflect.DirectMethodHandleAccessor.invoke(DirectMethodHandleAccessor.java:104)
  at java.base/java.lang.reflect.Method.invoke(Method.java:565)
  at org.junit.runners.model.FrameworkMethod$1.runReflectiveCall(FrameworkMethod.java:59)
  at org.junit.internal.runners.model.ReflectiveCallable.run(ReflectiveCallable.java:12)
  at org.junit.runners.model.FrameworkMethod.invokeExplosively(FrameworkMethod.java:56)
  at org.junit.internal.runners.statements.InvokeMethod.evaluate(InvokeMethod.java:17)
  at org.junit.runners.ParentRunner$3.evaluate(ParentRunner.java:306)
  at org.junit.runners.BlockJUnit4ClassRunner$1.evaluate(BlockJUnit4ClassRunner.java:100)
  at org.junit.runners.ParentRunner.runLeaf(ParentRunner.java:366)
  at org.junit.runners.BlockJUnit4ClassRunner.runChild(BlockJUnit4ClassRunner.java:103)
  at org.junit.runners.BlockJUnit4ClassRunner.runChild(BlockJUnit4ClassRunner.java:63)
  at org.junit.runners.ParentRunner$4.run(ParentRunner.java:331)
  at org.junit.runners.ParentRunner$1.schedule(ParentRunner.java:79)
  at org.junit.runners.ParentRunner.runChildren(ParentRunner.java:329)
  at org.junit.runners.ParentRunner.access$100(ParentRunner.java:66)
  at org.junit.runners.ParentRunner$2.evaluate(ParentRunner.java:293)
  at org.junit.runners.ParentRunner$3.evaluate(ParentRunner.java:306)
  at org.junit.runners.ParentRunner.run(ParentRunner.java:413)
  at org.junit.runner.JUnitCore.run(JUnitCore.java:137)
  at org.junit.runner.JUnitCore.run(JUnitCore.java:115)
  at org.gradle.api.internal.tasks.testing.junit.JUnitTestExecutor.runRequest(JUnitTestExecutor.java:175)
  at org.gradle.api.internal.tasks.testing.junit.JUnitTestExecutor.accept(JUnitTestExecutor.java:84)
  at org.gradle.api.internal.tasks.testing.junit.JUnitTestExecutor.accept(JUnitTestExecutor.java:47)
  at org.gradle.api.internal.tasks.testing.junit.AbstractJUnitTestDefinitionProcessor.processTestDefinition(AbstractJUnitTestDefinitionProcessor.java:65)
  at org.gradle.api.internal.tasks.testing.SuiteTestDefinitionProcessor.processTestDefinition(SuiteTestDefinitionProcessor.java:54)
  at java.base/jdk.internal.reflect.DirectMethodHandleAccessor.invoke(DirectMethodHandleAccessor.java:104)
  at java.base/java.lang.reflect.Method.invoke(Method.java:565)
  at org.gradle.internal.dispatch.MethodInvocation.invokeOn(MethodInvocation.java:77)
  at org.gradle.internal.dispatch.ReflectionDispatch.dispatch(ReflectionDispatch.java:28)
  at org.gradle.internal.dispatch.ReflectionDispatch.dispatch(ReflectionDispatch.java:19)
  at org.gradle.internal.dispatch.ContextClassLoaderDispatch.dispatch(ContextClassLoaderDispatch.java:33)
  at org.gradle.internal.dispatch.ProxyDispatchAdapter$DispatchingInvocationHandler.invoke(ProxyDispatchAdapter.java:88)
  at jdk.proxy1/jdk.proxy1.$Proxy4.processTestDefinition(Unknown Source)
  at org.gradle.api.internal.tasks.testing.worker.TestWorker$2.run(TestWorker.java:178)
  at org.gradle.api.internal.tasks.testing.worker.TestWorker.executeAndMaintainThreadName(TestWorker.java:126)
  at org.gradle.api.internal.tasks.testing.worker.TestWorker.execute(TestWorker.java:103)
  at org.gradle.api.internal.tasks.testing.worker.TestWorker.execute(TestWorker.java:63)
  at org.gradle.process.internal.worker.child.ActionExecutionWorker.execute(ActionExecutionWorker.java:56)
  at org.gradle.process.internal.worker.child.SystemApplicationClassLoaderWorker.call(SystemApplicationClassLoaderWorker.java:122)
  at org.gradle.process.internal.worker.child.SystemApplicationClassLoaderWorker.call(SystemApplicationClassLoaderWorker.java:72)
  at worker.org.gradle.process.internal.worker.GradleWorkerMain.run(GradleWorkerMain.java:69)
  at worker.org.gradle.process.internal.worker.GradleWorkerMain.main(GradleWorkerMain.java:74)
</stacktrace>
</test-failure>


TypeScriptCompilerTests_T[jvm] > templateLiteralsInTypes_ts has expected errors matching templateLiteralsInTypes_errors_txt[jvm] FAILED

<test-failure test="com.xemantic.typescript.compiler.TypeScriptCompilerTests_T.typeParameterArgumentEquivalence4_ts has expected errors matching typeParameterArgumentEquivalence4_errors_txt" platform="jvm">
<message>
Expected diagnostics from baseline typescript-repo/tests/baselines/reference/typeParameterArgumentEquivalence4.errors.txt but none produced
</message>
<stacktrace>
  at com.xemantic.typescript.compiler.TypeScriptTestSupportKt.errorsMatchBaseline(TypeScriptTestSupport.kt:125)
  at com.xemantic.typescript.compiler.TypeScriptCompilerTests_T.typeParameterArgumentEquivalence4_ts has expected errors matching typeParameterArgumentEquivalence4_errors_txt(TypeScriptCompilerTests_T.kt:2534)
  at java.base/jdk.internal.reflect.DirectMethodHandleAccessor.invoke(DirectMethodHandleAccessor.java:104)
  at java.base/java.lang.reflect.Method.invoke(Method.java:565)
  at org.junit.runners.model.FrameworkMethod$1.runReflectiveCall(FrameworkMethod.java:59)
  at org.junit.internal.runners.model.ReflectiveCallable.run(ReflectiveCallable.java:12)
  at org.junit.runners.model.FrameworkMethod.invokeExplosively(FrameworkMethod.java:56)
  at org.junit.internal.runners.statements.InvokeMethod.evaluate(InvokeMethod.java:17)
  at org.junit.runners.ParentRunner$3.evaluate(ParentRunner.java:306)
  at org.junit.runners.BlockJUnit4ClassRunner$1.evaluate(BlockJUnit4ClassRunner.java:100)
  at org.junit.runners.ParentRunner.runLeaf(ParentRunner.java:366)
  at org.junit.runners.BlockJUnit4ClassRunner.runChild(BlockJUnit4ClassRunner.java:103)
  at org.junit.runners.BlockJUnit4ClassRunner.runChild(BlockJUnit4ClassRunner.java:63)
  at org.junit.runners.ParentRunner$4.run(ParentRunner.java:331)
  at org.junit.runners.ParentRunner$1.schedule(ParentRunner.java:79)
  at org.junit.runners.ParentRunner.runChildren(ParentRunner.java:329)
  at org.junit.runners.ParentRunner.access$100(ParentRunner.java:66)
  at org.junit.runners.ParentRunner$2.evaluate(ParentRunner.java:293)
  at org.junit.runners.ParentRunner$3.evaluate(ParentRunner.java:306)
  at org.junit.runners.ParentRunner.run(ParentRunner.java:413)
  at org.junit.runner.JUnitCore.run(JUnitCore.java:137)
  at org.junit.runner.JUnitCore.run(JUnitCore.java:115)
  at org.gradle.api.internal.tasks.testing.junit.JUnitTestExecutor.runRequest(JUnitTestExecutor.java:175)
  at org.gradle.api.internal.tasks.testing.junit.JUnitTestExecutor.accept(JUnitTestExecutor.java:84)
  at org.gradle.api.internal.tasks.testing.junit.JUnitTestExecutor.accept(JUnitTestExecutor.java:47)
  at org.gradle.api.internal.tasks.testing.junit.AbstractJUnitTestDefinitionProcessor.processTestDefinition(AbstractJUnitTestDefinitionProcessor.java:65)
  at org.gradle.api.internal.tasks.testing.SuiteTestDefinitionProcessor.processTestDefinition(SuiteTestDefinitionProcessor.java:54)
  at java.base/jdk.internal.reflect.DirectMethodHandleAccessor.invoke(DirectMethodHandleAccessor.java:104)
  at java.base/java.lang.reflect.Method.invoke(Method.java:565)
  at org.gradle.internal.dispatch.MethodInvocation.invokeOn(MethodInvocation.java:77)
  at org.gradle.internal.dispatch.ReflectionDispatch.dispatch(ReflectionDispatch.java:28)
  at org.gradle.internal.dispatch.ReflectionDispatch.dispatch(ReflectionDispatch.java:19)
  at org.gradle.internal.dispatch.ContextClassLoaderDispatch.dispatch(ContextClassLoaderDispatch.java:33)
  at org.gradle.internal.dispatch.ProxyDispatchAdapter$DispatchingInvocationHandler.invoke(ProxyDispatchAdapter.java:88)
  at jdk.proxy1/jdk.proxy1.$Proxy4.processTestDefinition(Unknown Source)
  at org.gradle.api.internal.tasks.testing.worker.TestWorker$2.run(TestWorker.java:178)
  at org.gradle.api.internal.tasks.testing.worker.TestWorker.executeAndMaintainThreadName(TestWorker.java:126)
  at org.gradle.api.internal.tasks.testing.worker.TestWorker.execute(TestWorker.java:103)
  at org.gradle.api.internal.tasks.testing.worker.TestWorker.execute(TestWorker.java:63)
  at org.gradle.process.internal.worker.child.ActionExecutionWorker.execute(ActionExecutionWorker.java:56)
  at org.gradle.process.internal.worker.child.SystemApplicationClassLoaderWorker.call(SystemApplicationClassLoaderWorker.java:122)
  at org.gradle.process.internal.worker.child.SystemApplicationClassLoaderWorker.call(SystemApplicationClassLoaderWorker.java:72)
  at worker.org.gradle.process.internal.worker.GradleWorkerMain.run(GradleWorkerMain.java:69)
  at worker.org.gradle.process.internal.worker.GradleWorkerMain.main(GradleWorkerMain.java:74)
</stacktrace>
</test-failure>


TypeScriptCompilerTests_T[jvm] > typeParameterArgumentEquivalence4_ts has expected errors matching typeParameterArgumentEquivalence4_errors_txt[jvm] FAILED

<test-failure test="com.xemantic.typescript.compiler.TypeScriptCompilerTests_T.templateStringsArrayTypeRedefinedInES6Mode_ts has expected errors matching templateStringsArrayTypeRedefinedInES6Mode_errors_txt" platform="jvm">
<message>
Expected diagnostics from baseline typescript-repo/tests/baselines/reference/templateStringsArrayTypeRedefinedInES6Mode.errors.txt but none produced
</message>
<stacktrace>
  at com.xemantic.typescript.compiler.TypeScriptTestSupportKt.errorsMatchBaseline(TypeScriptTestSupport.kt:125)
  at com.xemantic.typescript.compiler.TypeScriptCompilerTests_T.templateStringsArrayTypeRedefinedInES6Mode_ts has expected errors matching templateStringsArrayTypeRedefinedInES6Mode_errors_txt(TypeScriptCompilerTests_T.kt:483)
  at java.base/jdk.internal.reflect.DirectMethodHandleAccessor.invoke(DirectMethodHandleAccessor.java:104)
  at java.base/java.lang.reflect.Method.invoke(Method.java:565)
  at org.junit.runners.model.FrameworkMethod$1.runReflectiveCall(FrameworkMethod.java:59)
  at org.junit.internal.runners.model.ReflectiveCallable.run(ReflectiveCallable.java:12)
  at org.junit.runners.model.FrameworkMethod.invokeExplosively(FrameworkMethod.java:56)
  at org.junit.internal.runners.statements.InvokeMethod.evaluate(InvokeMethod.java:17)
  at org.junit.runners.ParentRunner$3.evaluate(ParentRunner.java:306)
  at org.junit.runners.BlockJUnit4ClassRunner$1.evaluate(BlockJUnit4ClassRunner.java:100)
  at org.junit.runners.ParentRunner.runLeaf(ParentRunner.java:366)
  at org.junit.runners.BlockJUnit4ClassRunner.runChild(BlockJUnit4ClassRunner.java:103)
  at org.junit.runners.BlockJUnit4ClassRunner.runChild(BlockJUnit4ClassRunner.java:63)
  at org.junit.runners.ParentRunner$4.run(ParentRunner.java:331)
  at org.junit.runners.ParentRunner$1.schedule(ParentRunner.java:79)
  at org.junit.runners.ParentRunner.runChildren(ParentRunner.java:329)
  at org.junit.runners.ParentRunner.access$100(ParentRunner.java:66)
  at org.junit.runners.ParentRunner$2.evaluate(ParentRunner.java:293)
  at org.junit.runners.ParentRunner$3.evaluate(ParentRunner.java:306)
  at org.junit.runners.ParentRunner.run(ParentRunner.java:413)
  at org.junit.runner.JUnitCore.run(JUnitCore.java:137)
  at org.junit.runner.JUnitCore.run(JUnitCore.java:115)
  at org.gradle.api.internal.tasks.testing.junit.JUnitTestExecutor.runRequest(JUnitTestExecutor.java:175)
  at org.gradle.api.internal.tasks.testing.junit.JUnitTestExecutor.accept(JUnitTestExecutor.java:84)
  at org.gradle.api.internal.tasks.testing.junit.JUnitTestExecutor.accept(JUnitTestExecutor.java:47)
  at org.gradle.api.internal.tasks.testing.junit.AbstractJUnitTestDefinitionProcessor.processTestDefinition(AbstractJUnitTestDefinitionProcessor.java:65)
  at org.gradle.api.internal.tasks.testing.SuiteTestDefinitionProcessor.processTestDefinition(SuiteTestDefinitionProcessor.java:54)
  at java.base/jdk.internal.reflect.DirectMethodHandleAccessor.invoke(DirectMethodHandleAccessor.java:104)
  at java.base/java.lang.reflect.Method.invoke(Method.java:565)
  at org.gradle.internal.dispatch.MethodInvocation.invokeOn(MethodInvocation.java:77)
  at org.gradle.internal.dispatch.ReflectionDispatch.dispatch(ReflectionDispatch.java:28)
  at org.gradle.internal.dispatch.ReflectionDispatch.dispatch(ReflectionDispatch.java:19)
  at org.gradle.internal.dispatch.ContextClassLoaderDispatch.dispatch(ContextClassLoaderDispatch.java:33)
  at org.gradle.internal.dispatch.ProxyDispatchAdapter$DispatchingInvocationHandler.invoke(ProxyDispatchAdapter.java:88)
  at jdk.proxy1/jdk.proxy1.$Proxy4.processTestDefinition(Unknown Source)
  at org.gradle.api.internal.tasks.testing.worker.TestWorker$2.run(TestWorker.java:178)
  at org.gradle.api.internal.tasks.testing.worker.TestWorker.executeAndMaintainThreadName(TestWorker.java:126)
  at org.gradle.api.internal.tasks.testing.worker.TestWorker.execute(TestWorker.java:103)
  at org.gradle.api.internal.tasks.testing.worker.TestWorker.execute(TestWorker.java:63)
  at org.gradle.process.internal.worker.child.ActionExecutionWorker.execute(ActionExecutionWorker.java:56)
  at org.gradle.process.internal.worker.child.SystemApplicationClassLoaderWorker.call(SystemApplicationClassLoaderWorker.java:122)
  at org.gradle.process.internal.worker.child.SystemApplicationClassLoaderWorker.call(SystemApplicationClassLoaderWorker.java:72)
  at worker.org.gradle.process.internal.worker.GradleWorkerMain.run(GradleWorkerMain.java:69)
  at worker.org.gradle.process.internal.worker.GradleWorkerMain.main(GradleWorkerMain.java:74)
</stacktrace>
</test-failure>


TypeScriptCompilerTests_T[jvm] > templateStringsArrayTypeRedefinedInES6Mode_ts has expected errors matching templateStringsArrayTypeRedefinedInES6Mode_errors_txt[jvm] FAILED

<test-failure test="com.xemantic.typescript.compiler.TypeScriptCompilerTests_T.typeGuardConstructorDerivedClass_ts has expected errors matching typeGuardConstructorDerivedClass_errors_txt" platform="jvm">
<message>
--- expected
+++ actual
@@ -1,9 +1,8 @@
-typeGuardConstructorDerivedClass.ts(13,10): error TS2339: Property 'property1' does not exist on type 'never'.
 typeGuardConstructorDerivedClass.ts(52,5): error TS2564: Property 'property1' has no initializer and is not definitely assigned in the constructor.
 typeGuardConstructorDerivedClass.ts(56,5): error TS2564: Property 'property1' has no initializer and is not definitely assigned in the constructor.
 
 
-==== typeGuardConstructorDerivedClass.ts (3 errors) ====
+==== typeGuardConstructorDerivedClass.ts (2 errors) ====
     // Derived class with different structures
     class C1 {
         property1!: number;
@@ -17,8 +16,6 @@
     if (var1.constructor === C1) {
         var1; // never
         var1.property1; // error
-             ~~~~~~~~~
-!!! error TS2339: Property 'property1' does not exist on type 'never'.
     }
     if (var1.constructor === C2) {
         var1; // C2

</message>
<stacktrace>
  at org.junit.Assert.fail(Assert.java:89)
  at kotlin.test.junit.JUnitAsserter.fail(JUnitSupport.kt:56)
  at kotlin.test.AssertionsKt__AssertionsKt.fail(Assertions.kt:563)
  at kotlin.test.AssertionsKt.fail(Unknown Source)
  at com.xemantic.kotlin.test.SameAsKt.sameAs(SameAs.kt:52)
  at com.xemantic.typescript.compiler.TypeScriptTestSupportKt.errorsMatchBaseline(TypeScriptTestSupport.kt:135)
  at com.xemantic.typescript.compiler.TypeScriptCompilerTests_T.typeGuardConstructorDerivedClass_ts has expected errors matching typeGuardConstructorDerivedClass_errors_txt(TypeScriptCompilerTests_T.kt:2002)
  at java.base/jdk.internal.reflect.DirectMethodHandleAccessor.invoke(DirectMethodHandleAccessor.java:104)
  at java.base/java.lang.reflect.Method.invoke(Method.java:565)
  at org.junit.runners.model.FrameworkMethod$1.runReflectiveCall(FrameworkMethod.java:59)
  at org.junit.internal.runners.model.ReflectiveCallable.run(ReflectiveCallable.java:12)
  at org.junit.runners.model.FrameworkMethod.invokeExplosively(FrameworkMethod.java:56)
  at org.junit.internal.runners.statements.InvokeMethod.evaluate(InvokeMethod.java:17)
  at org.junit.runners.ParentRunner$3.evaluate(ParentRunner.java:306)
  at org.junit.runners.BlockJUnit4ClassRunner$1.evaluate(BlockJUnit4ClassRunner.java:100)
  at org.junit.runners.ParentRunner.runLeaf(ParentRunner.java:366)
  at org.junit.runners.BlockJUnit4ClassRunner.runChild(BlockJUnit4ClassRunner.java:103)
  at org.junit.runners.BlockJUnit4ClassRunner.runChild(BlockJUnit4ClassRunner.java:63)
  at org.junit.runners.ParentRunner$4.run(ParentRunner.java:331)
  at org.junit.runners.ParentRunner$1.schedule(ParentRunner.java:79)
  at org.junit.runners.ParentRunner.runChildren(ParentRunner.java:329)
  at org.junit.runners.ParentRunner.access$100(ParentRunner.java:66)
  at org.junit.runners.ParentRunner$2.evaluate(ParentRunner.java:293)
  at org.junit.runners.ParentRunner$3.evaluate(ParentRunner.java:306)
  at org.junit.runners.ParentRunner.run(ParentRunner.java:413)
  at org.junit.runner.JUnitCore.run(JUnitCore.java:137)
  at org.junit.runner.JUnitCore.run(JUnitCore.java:115)
  at org.gradle.api.internal.tasks.testing.junit.JUnitTestExecutor.runRequest(JUnitTestExecutor.java:175)
  at org.gradle.api.internal.tasks.testing.junit.JUnitTestExecutor.accept(JUnitTestExecutor.java:84)
  at org.gradle.api.internal.tasks.testing.junit.JUnitTestExecutor.accept(JUnitTestExecutor.java:47)
  at org.gradle.api.internal.tasks.testing.junit.AbstractJUnitTestDefinitionProcessor.processTestDefinition(AbstractJUnitTestDefinitionProcessor.java:65)
  at org.gradle.api.internal.tasks.testing.SuiteTestDefinitionProcessor.processTestDefinition(SuiteTestDefinitionProcessor.java:54)
  at java.base/jdk.internal.reflect.DirectMethodHandleAccessor.invoke(DirectMethodHandleAccessor.java:104)
  at java.base/java.lang.reflect.Method.invoke(Method.java:565)
  at org.gradle.internal.dispatch.MethodInvocation.invokeOn(MethodInvocation.java:77)
  at org.gradle.internal.dispatch.ReflectionDispatch.dispatch(ReflectionDispatch.java:28)
  at org.gradle.internal.dispatch.ReflectionDispatch.dispatch(ReflectionDispatch.java:19)
  at org.gradle.internal.dispatch.ContextClassLoaderDispatch.dispatch(ContextClassLoaderDispatch.java:33)
  at org.gradle.internal.dispatch.ProxyDispatchAdapter$DispatchingInvocationHandler.invoke(ProxyDispatchAdapter.java:88)
  at jdk.proxy1/jdk.proxy1.$Proxy4.processTestDefinition(Unknown Source)
  at org.gradle.api.internal.tasks.testing.worker.TestWorker$2.run(TestWorker.java:178)
  at org.gradle.api.internal.tasks.testing.worker.TestWorker.executeAndMaintainThreadName(TestWorker.java:126)
  at org.gradle.api.internal.tasks.testing.worker.TestWorker.execute(TestWorker.java:103)
  at org.gradle.api.internal.tasks.testing.worker.TestWorker.execute(TestWorker.java:63)
  at org.gradle.process.internal.worker.child.ActionExecutionWorker.execute(ActionExecutionWorker.java:56)
  at org.gradle.process.internal.worker.child.SystemApplicationClassLoaderWorker.call(SystemApplicationClassLoaderWorker.java:122)
  at org.gradle.process.internal.worker.child.SystemApplicationClassLoaderWorker.call(SystemApplicationClassLoaderWorker.java:72)
  at worker.org.gradle.process.internal.worker.GradleWorkerMain.run(GradleWorkerMain.java:69)
  at worker.org.gradle.process.internal.worker.GradleWorkerMain.main(GradleWorkerMain.java:74)
</stacktrace>
</test-failure>


TypeScriptCompilerTests_T[jvm] > typeGuardConstructorDerivedClass_ts has expected errors matching typeGuardConstructorDerivedClass_errors_txt[jvm] FAILED

<test-failure test="com.xemantic.typescript.compiler.TypeScriptCompilerTests_T.typeParameterAsBaseClass_ts has expected errors matching typeParameterAsBaseClass_errors_txt" platform="jvm">
<message>
Expected diagnostics from baseline typescript-repo/tests/baselines/reference/typeParameterAsBaseClass.errors.txt but none produced
</message>
<stacktrace>
  at com.xemantic.typescript.compiler.TypeScriptTestSupportKt.errorsMatchBaseline(TypeScriptTestSupport.kt:125)
  at com.xemantic.typescript.compiler.TypeScriptCompilerTests_T.typeParameterAsBaseClass_ts has expected errors matching typeParameterAsBaseClass_errors_txt(TypeScriptCompilerTests_T.kt:2562)
  at java.base/jdk.internal.reflect.DirectMethodHandleAccessor.invoke(DirectMethodHandleAccessor.java:104)
  at java.base/java.lang.reflect.Method.invoke(Method.java:565)
  at org.junit.runners.model.FrameworkMethod$1.runReflectiveCall(FrameworkMethod.java:59)
  at org.junit.internal.runners.model.ReflectiveCallable.run(ReflectiveCallable.java:12)
  at org.junit.runners.model.FrameworkMethod.invokeExplosively(FrameworkMethod.java:56)
  at org.junit.internal.runners.statements.InvokeMethod.evaluate(InvokeMethod.java:17)
  at org.junit.runners.ParentRunner$3.evaluate(ParentRunner.java:306)
  at org.junit.runners.BlockJUnit4ClassRunner$1.evaluate(BlockJUnit4ClassRunner.java:100)
  at org.junit.runners.ParentRunner.runLeaf(ParentRunner.java:366)
  at org.junit.runners.BlockJUnit4ClassRunner.runChild(BlockJUnit4ClassRunner.java:103)
  at org.junit.runners.BlockJUnit4ClassRunner.runChild(BlockJUnit4ClassRunner.java:63)
  at org.junit.runners.ParentRunner$4.run(ParentRunner.java:331)
  at org.junit.runners.ParentRunner$1.schedule(ParentRunner.java:79)
  at org.junit.runners.ParentRunner.runChildren(ParentRunner.java:329)
  at org.junit.runners.ParentRunner.access$100(ParentRunner.java:66)
  at org.junit.runners.ParentRunner$2.evaluate(ParentRunner.java:293)
  at org.junit.runners.ParentRunner$3.evaluate(ParentRunner.java:306)
  at org.junit.runners.ParentRunner.run(ParentRunner.java:413)
  at org.junit.runner.JUnitCore.run(JUnitCore.java:137)
  at org.junit.runner.JUnitCore.run(JUnitCore.java:115)
  at org.gradle.api.internal.tasks.testing.junit.JUnitTestExecutor.runRequest(JUnitTestExecutor.java:175)
  at org.gradle.api.internal.tasks.testing.junit.JUnitTestExecutor.accept(JUnitTestExecutor.java:84)
  at org.gradle.api.internal.tasks.testing.junit.JUnitTestExecutor.accept(JUnitTestExecutor.java:47)
  at org.gradle.api.internal.tasks.testing.junit.AbstractJUnitTestDefinitionProcessor.processTestDefinition(AbstractJUnitTestDefinitionProcessor.java:65)
  at org.gradle.api.internal.tasks.testing.SuiteTestDefinitionProcessor.processTestDefinition(SuiteTestDefinitionProcessor.java:54)
  at java.base/jdk.internal.reflect.DirectMethodHandleAccessor.invoke(DirectMethodHandleAccessor.java:104)
  at java.base/java.lang.reflect.Method.invoke(Method.java:565)
  at org.gradle.internal.dispatch.MethodInvocation.invokeOn(MethodInvocation.java:77)
  at org.gradle.internal.dispatch.ReflectionDispatch.dispatch(ReflectionDispatch.java:28)
  at org.gradle.internal.dispatch.ReflectionDispatch.dispatch(ReflectionDispatch.java:19)
  at org.gradle.internal.dispatch.ContextClassLoaderDispatch.dispatch(ContextClassLoaderDispatch.java:33)
  at org.gradle.internal.dispatch.ProxyDispatchAdapter$DispatchingInvocationHandler.invoke(ProxyDispatchAdapter.java:88)
  at jdk.proxy1/jdk.proxy1.$Proxy4.processTestDefinition(Unknown Source)
  at org.gradle.api.internal.tasks.testing.worker.TestWorker$2.run(TestWorker.java:178)
  at org.gradle.api.internal.tasks.testing.worker.TestWorker.executeAndMaintainThreadName(TestWorker.java:126)
  at org.gradle.api.internal.tasks.testing.worker.TestWorker.execute(TestWorker.java:103)
  at org.gradle.api.internal.tasks.testing.worker.TestWorker.execute(TestWorker.java:63)
  at org.gradle.process.internal.worker.child.ActionExecutionWorker.execute(ActionExecutionWorker.java:56)
  at org.gradle.process.internal.worker.child.SystemApplicationClassLoaderWorker.call(SystemApplicationClassLoaderWorker.java:122)
  at org.gradle.process.internal.worker.child.SystemApplicationClassLoaderWorker.call(SystemApplicationClassLoaderWorker.java:72)
  at worker.org.gradle.process.internal.worker.GradleWorkerMain.run(GradleWorkerMain.java:69)
  at worker.org.gradle.process.internal.worker.GradleWorkerMain.main(GradleWorkerMain.java:74)
</stacktrace>
</test-failure>


TypeScriptCompilerTests_T[jvm] > typeParameterAsBaseClass_ts has expected errors matching typeParameterAsBaseClass_errors_txt[jvm] FAILED

<test-failure test="com.xemantic.typescript.compiler.TypeScriptCompilerTests_T.typePredicateInLoop_ts has expected errors matching typePredicateInLoop_errors_txt" platform="jvm">
<message>
Expected diagnostics from baseline typescript-repo/tests/baselines/reference/typePredicateInLoop.errors.txt but none produced
</message>
<stacktrace>
  at com.xemantic.typescript.compiler.TypeScriptTestSupportKt.errorsMatchBaseline(TypeScriptTestSupport.kt:125)
  at com.xemantic.typescript.compiler.TypeScriptCompilerTests_T.typePredicateInLoop_ts has expected errors matching typePredicateInLoop_errors_txt(TypeScriptCompilerTests_T.kt:3031)
  at java.base/jdk.internal.reflect.DirectMethodHandleAccessor.invoke(DirectMethodHandleAccessor.java:104)
  at java.base/java.lang.reflect.Method.invoke(Method.java:565)
  at org.junit.runners.model.FrameworkMethod$1.runReflectiveCall(FrameworkMethod.java:59)
  at org.junit.internal.runners.model.ReflectiveCallable.run(ReflectiveCallable.java:12)
  at org.junit.runners.model.FrameworkMethod.invokeExplosively(FrameworkMethod.java:56)
  at org.junit.internal.runners.statements.InvokeMethod.evaluate(InvokeMethod.java:17)
  at org.junit.runners.ParentRunner$3.evaluate(ParentRunner.java:306)
  at org.junit.runners.BlockJUnit4ClassRunner$1.evaluate(BlockJUnit4ClassRunner.java:100)
  at org.junit.runners.ParentRunner.runLeaf(ParentRunner.java:366)
  at org.junit.runners.BlockJUnit4ClassRunner.runChild(BlockJUnit4ClassRunner.java:103)
  at org.junit.runners.BlockJUnit4ClassRunner.runChild(BlockJUnit4ClassRunner.java:63)
  at org.junit.runners.ParentRunner$4.run(ParentRunner.java:331)
  at org.junit.runners.ParentRunner$1.schedule(ParentRunner.java:79)
  at org.junit.runners.ParentRunner.runChildren(ParentRunner.java:329)
  at org.junit.runners.ParentRunner.access$100(ParentRunner.java:66)
  at org.junit.runners.ParentRunner$2.evaluate(ParentRunner.java:293)
  at org.junit.runners.ParentRunner$3.evaluate(ParentRunner.java:306)
  at org.junit.runners.ParentRunner.run(ParentRunner.java:413)
  at org.junit.runner.JUnitCore.run(JUnitCore.java:137)
  at org.junit.runner.JUnitCore.run(JUnitCore.java:115)
  at org.gradle.api.internal.tasks.testing.junit.JUnitTestExecutor.runRequest(JUnitTestExecutor.java:175)
  at org.gradle.api.internal.tasks.testing.junit.JUnitTestExecutor.accept(JUnitTestExecutor.java:84)
  at org.gradle.api.internal.tasks.testing.junit.JUnitTestExecutor.accept(JUnitTestExecutor.java:47)
  at org.gradle.api.internal.tasks.testing.junit.AbstractJUnitTestDefinitionProcessor.processTestDefinition(AbstractJUnitTestDefinitionProcessor.java:65)
  at org.gradle.api.internal.tasks.testing.SuiteTestDefinitionProcessor.processTestDefinition(SuiteTestDefinitionProcessor.java:54)
  at java.base/jdk.internal.reflect.DirectMethodHandleAccessor.invoke(DirectMethodHandleAccessor.java:104)
  at java.base/java.lang.reflect.Method.invoke(Method.java:565)
  at org.gradle.internal.dispatch.MethodInvocation.invokeOn(MethodInvocation.java:77)
  at org.gradle.internal.dispatch.ReflectionDispatch.dispatch(ReflectionDispatch.java:28)
  at org.gradle.internal.dispatch.ReflectionDispatch.dispatch(ReflectionDispatch.java:19)
  at org.gradle.internal.dispatch.ContextClassLoaderDispatch.dispatch(ContextClassLoaderDispatch.java:33)
  at org.gradle.internal.dispatch.ProxyDispatchAdapter$DispatchingInvocationHandler.invoke(ProxyDispatchAdapter.java:88)
  at jdk.proxy1/jdk.proxy1.$Proxy4.processTestDefinition(Unknown Source)
  at org.gradle.api.internal.tasks.testing.worker.TestWorker$2.run(TestWorker.java:178)
  at org.gradle.api.internal.tasks.testing.worker.TestWorker.executeAndMaintainThreadName(TestWorker.java:126)
  at org.gradle.api.internal.tasks.testing.worker.TestWorker.execute(TestWorker.java:103)
  at org.gradle.api.internal.tasks.testing.worker.TestWorker.execute(TestWorker.java:63)
  at org.gradle.process.internal.worker.child.ActionExecutionWorker.execute(ActionExecutionWorker.java:56)
  at org.gradle.process.internal.worker.child.SystemApplicationClassLoaderWorker.call(SystemApplicationClassLoaderWorker.java:122)
  at org.gradle.process.internal.worker.child.SystemApplicationClassLoaderWorker.call(SystemApplicationClassLoaderWorker.java:72)
  at worker.org.gradle.process.internal.worker.GradleWorkerMain.run(GradleWorkerMain.java:69)
  at worker.org.gradle.process.internal.worker.GradleWorkerMain.main(GradleWorkerMain.java:74)
</stacktrace>
</test-failure>


TypeScriptCompilerTests_T[jvm] > typePredicateInLoop_ts has expected errors matching typePredicateInLoop_errors_txt[jvm] FAILED

<test-failure test="com.xemantic.typescript.compiler.TypeScriptCompilerTests_T.typeParameterDiamond3_ts has expected errors matching typeParameterDiamond3_errors_txt" platform="jvm">
<message>
Expected diagnostics from baseline typescript-repo/tests/baselines/reference/typeParameterDiamond3.errors.txt but none produced
</message>
<stacktrace>
  at com.xemantic.typescript.compiler.TypeScriptTestSupportKt.errorsMatchBaseline(TypeScriptTestSupport.kt:125)
  at com.xemantic.typescript.compiler.TypeScriptCompilerTests_T.typeParameterDiamond3_ts has expected errors matching typeParameterDiamond3_errors_txt(TypeScriptCompilerTests_T.kt:2709)
  at java.base/jdk.internal.reflect.DirectMethodHandleAccessor.invoke(DirectMethodHandleAccessor.java:104)
  at java.base/java.lang.reflect.Method.invoke(Method.java:565)
  at org.junit.runners.model.FrameworkMethod$1.runReflectiveCall(FrameworkMethod.java:59)
  at org.junit.internal.runners.model.ReflectiveCallable.run(ReflectiveCallable.java:12)
  at org.junit.runners.model.FrameworkMethod.invokeExplosively(FrameworkMethod.java:56)
  at org.junit.internal.runners.statements.InvokeMethod.evaluate(InvokeMethod.java:17)
  at org.junit.runners.ParentRunner$3.evaluate(ParentRunner.java:306)
  at org.junit.runners.BlockJUnit4ClassRunner$1.evaluate(BlockJUnit4ClassRunner.java:100)
  at org.junit.runners.ParentRunner.runLeaf(ParentRunner.java:366)
  at org.junit.runners.BlockJUnit4ClassRunner.runChild(BlockJUnit4ClassRunner.java:103)
  at org.junit.runners.BlockJUnit4ClassRunner.runChild(BlockJUnit4ClassRunner.java:63)
  at org.junit.runners.ParentRunner$4.run(ParentRunner.java:331)
  at org.junit.runners.ParentRunner$1.schedule(ParentRunner.java:79)
  at org.junit.runners.ParentRunner.runChildren(ParentRunner.java:329)
  at org.junit.runners.ParentRunner.access$100(ParentRunner.java:66)
  at org.junit.runners.ParentRunner$2.evaluate(ParentRunner.java:293)
  at org.junit.runners.ParentRunner$3.evaluate(ParentRunner.java:306)
  at org.junit.runners.ParentRunner.run(ParentRunner.java:413)
  at org.junit.runner.JUnitCore.run(JUnitCore.java:137)
  at org.junit.runner.JUnitCore.run(JUnitCore.java:115)
  at org.gradle.api.internal.tasks.testing.junit.JUnitTestExecutor.runRequest(JUnitTestExecutor.java:175)
  at org.gradle.api.internal.tasks.testing.junit.JUnitTestExecutor.accept(JUnitTestExecutor.java:84)
  at org.gradle.api.internal.tasks.testing.junit.JUnitTestExecutor.accept(JUnitTestExecutor.java:47)
  at org.gradle.api.internal.tasks.testing.junit.AbstractJUnitTestDefinitionProcessor.processTestDefinition(AbstractJUnitTestDefinitionProcessor.java:65)
  at org.gradle.api.internal.tasks.testing.SuiteTestDefinitionProcessor.processTestDefinition(SuiteTestDefinitionProcessor.java:54)
  at java.base/jdk.internal.reflect.DirectMethodHandleAccessor.invoke(DirectMethodHandleAccessor.java:104)
  at java.base/java.lang.reflect.Method.invoke(Method.java:565)
  at org.gradle.internal.dispatch.MethodInvocation.invokeOn(MethodInvocation.java:77)
  at org.gradle.internal.dispatch.ReflectionDispatch.dispatch(ReflectionDispatch.java:28)
  at org.gradle.internal.dispatch.ReflectionDispatch.dispatch(ReflectionDispatch.java:19)
  at org.gradle.internal.dispatch.ContextClassLoaderDispatch.dispatch(ContextClassLoaderDispatch.java:33)
  at org.gradle.internal.dispatch.ProxyDispatchAdapter$DispatchingInvocationHandler.invoke(ProxyDispatchAdapter.java:88)
  at jdk.proxy1/jdk.proxy1.$Proxy4.processTestDefinition(Unknown Source)
  at org.gradle.api.internal.tasks.testing.worker.TestWorker$2.run(TestWorker.java:178)
  at org.gradle.api.internal.tasks.testing.worker.TestWorker.executeAndMaintainThreadName(TestWorker.java:126)
  at org.gradle.api.internal.tasks.testing.worker.TestWorker.execute(TestWorker.java:103)
  at org.gradle.api.internal.tasks.testing.worker.TestWorker.execute(TestWorker.java:63)
  at org.gradle.process.internal.worker.child.ActionExecutionWorker.execute(ActionExecutionWorker.java:56)
  at org.gradle.process.internal.worker.child.SystemApplicationClassLoaderWorker.call(SystemApplicationClassLoaderWorker.java:122)
  at org.gradle.process.internal.worker.child.SystemApplicationClassLoaderWorker.call(SystemApplicationClassLoaderWorker.java:72)
  at worker.org.gradle.process.internal.worker.GradleWorkerMain.run(GradleWorkerMain.java:69)
  at worker.org.gradle.process.internal.worker.GradleWorkerMain.main(GradleWorkerMain.java:74)
</stacktrace>
</test-failure>


TypeScriptCompilerTests_T[jvm] > typeParameterDiamond3_ts has expected errors matching typeParameterDiamond3_errors_txt[jvm] FAILED

<test-failure test="com.xemantic.typescript.compiler.TypeScriptCompilerTests_T.typeParameterHasSelfAsConstraint_ts has expected errors matching typeParameterHasSelfAsConstraint_errors_txt" platform="jvm">
<message>
Expected diagnostics from baseline typescript-repo/tests/baselines/reference/typeParameterHasSelfAsConstraint.errors.txt but none produced
</message>
<stacktrace>
  at com.xemantic.typescript.compiler.TypeScriptTestSupportKt.errorsMatchBaseline(TypeScriptTestSupport.kt:125)
  at com.xemantic.typescript.compiler.TypeScriptCompilerTests_T.typeParameterHasSelfAsConstraint_ts has expected errors matching typeParameterHasSelfAsConstraint_errors_txt(TypeScriptCompilerTests_T.kt:2856)
  at java.base/jdk.internal.reflect.DirectMethodHandleAccessor.invoke(DirectMethodHandleAccessor.java:104)
  at java.base/java.lang.reflect.Method.invoke(Method.java:565)
  at org.junit.runners.model.FrameworkMethod$1.runReflectiveCall(FrameworkMethod.java:59)
  at org.junit.internal.runners.model.ReflectiveCallable.run(ReflectiveCallable.java:12)
  at org.junit.runners.model.FrameworkMethod.invokeExplosively(FrameworkMethod.java:56)
  at org.junit.internal.runners.statements.InvokeMethod.evaluate(InvokeMethod.java:17)
  at org.junit.runners.ParentRunner$3.evaluate(ParentRunner.java:306)
  at org.junit.runners.BlockJUnit4ClassRunner$1.evaluate(BlockJUnit4ClassRunner.java:100)
  at org.junit.runners.ParentRunner.runLeaf(ParentRunner.java:366)
  at org.junit.runners.BlockJUnit4ClassRunner.runChild(BlockJUnit4ClassRunner.java:103)
  at org.junit.runners.BlockJUnit4ClassRunner.runChild(BlockJUnit4ClassRunner.java:63)
  at org.junit.runners.ParentRunner$4.run(ParentRunner.java:331)
  at org.junit.runners.ParentRunner$1.schedule(ParentRunner.java:79)
  at org.junit.runners.ParentRunner.runChildren(ParentRunner.java:329)
  at org.junit.runners.ParentRunner.access$100(ParentRunner.java:66)
  at org.junit.runners.ParentRunner$2.evaluate(ParentRunner.java:293)
  at org.junit.runners.ParentRunner$3.evaluate(ParentRunner.java:306)
  at org.junit.runners.ParentRunner.run(ParentRunner.java:413)
  at org.junit.runner.JUnitCore.run(JUnitCore.java:137)
  at org.junit.runner.JUnitCore.run(JUnitCore.java:115)
  at org.gradle.api.internal.tasks.testing.junit.JUnitTestExecutor.runRequest(JUnitTestExecutor.java:175)
  at org.gradle.api.internal.tasks.testing.junit.JUnitTestExecutor.accept(JUnitTestExecutor.java:84)
  at org.gradle.api.internal.tasks.testing.junit.JUnitTestExecutor.accept(JUnitTestExecutor.java:47)
  at org.gradle.api.internal.tasks.testing.junit.AbstractJUnitTestDefinitionProcessor.processTestDefinition(AbstractJUnitTestDefinitionProcessor.java:65)
  at org.gradle.api.internal.tasks.testing.SuiteTestDefinitionProcessor.processTestDefinition(SuiteTestDefinitionProcessor.java:54)
  at java.base/jdk.internal.reflect.DirectMethodHandleAccessor.invoke(DirectMethodHandleAccessor.java:104)
  at java.base/java.lang.reflect.Method.invoke(Method.java:565)
  at org.gradle.internal.dispatch.MethodInvocation.invokeOn(MethodInvocation.java:77)
  at org.gradle.internal.dispatch.ReflectionDispatch.dispatch(ReflectionDispatch.java:28)
  at org.gradle.internal.dispatch.ReflectionDispatch.dispatch(ReflectionDispatch.java:19)
  at org.gradle.internal.dispatch.ContextClassLoaderDispatch.dispatch(ContextClassLoaderDispatch.java:33)
  at org.gradle.internal.dispatch.ProxyDispatchAdapter$DispatchingInvocationHandler.invoke(ProxyDispatchAdapter.java:88)
  at jdk.proxy1/jdk.proxy1.$Proxy4.processTestDefinition(Unknown Source)
  at org.gradle.api.internal.tasks.testing.worker.TestWorker$2.run(TestWorker.java:178)
  at org.gradle.api.internal.tasks.testing.worker.TestWorker.executeAndMaintainThreadName(TestWorker.java:126)
  at org.gradle.api.internal.tasks.testing.worker.TestWorker.execute(TestWorker.java:103)
  at org.gradle.api.internal.tasks.testing.worker.TestWorker.execute(TestWorker.java:63)
  at org.gradle.process.internal.worker.child.ActionExecutionWorker.execute(ActionExecutionWorker.java:56)
  at org.gradle.process.internal.worker.child.SystemApplicationClassLoaderWorker.call(SystemApplicationClassLoaderWorker.java:122)
  at org.gradle.process.internal.worker.child.SystemApplicationClassLoaderWorker.call(SystemApplicationClassLoaderWorker.java:72)
  at worker.org.gradle.process.internal.worker.GradleWorkerMain.run(GradleWorkerMain.java:69)
  at worker.org.gradle.process.internal.worker.GradleWorkerMain.main(GradleWorkerMain.java:74)
</stacktrace>
</test-failure>


TypeScriptCompilerTests_T[jvm] > typeParameterHasSelfAsConstraint_ts has expected errors matching typeParameterHasSelfAsConstraint_errors_txt[jvm] FAILED

<test-failure test="com.xemantic.typescript.compiler.TypeScriptCompilerTests_T.tsxTypeArgumentPartialDefinitionStillErrors_ts has expected errors matching tsxTypeArgumentPartialDefinitionStillErrors_errors_txt" platform="jvm">
<message>
Expected diagnostics from baseline typescript-repo/tests/baselines/reference/tsxTypeArgumentPartialDefinitionStillErrors.errors.txt but none produced
</message>
<stacktrace>
  at com.xemantic.typescript.compiler.TypeScriptTestSupportKt.errorsMatchBaseline(TypeScriptTestSupport.kt:125)
  at com.xemantic.typescript.compiler.TypeScriptCompilerTests_T.tsxTypeArgumentPartialDefinitionStillErrors_ts has expected errors matching tsxTypeArgumentPartialDefinitionStillErrors_errors_txt(TypeScriptCompilerTests_T.kt:1540)
  at java.base/jdk.internal.reflect.DirectMethodHandleAccessor.invoke(DirectMethodHandleAccessor.java:104)
  at java.base/java.lang.reflect.Method.invoke(Method.java:565)
  at org.junit.runners.model.FrameworkMethod$1.runReflectiveCall(FrameworkMethod.java:59)
  at org.junit.internal.runners.model.ReflectiveCallable.run(ReflectiveCallable.java:12)
  at org.junit.runners.model.FrameworkMethod.invokeExplosively(FrameworkMethod.java:56)
  at org.junit.internal.runners.statements.InvokeMethod.evaluate(InvokeMethod.java:17)
  at org.junit.runners.ParentRunner$3.evaluate(ParentRunner.java:306)
  at org.junit.runners.BlockJUnit4ClassRunner$1.evaluate(BlockJUnit4ClassRunner.java:100)
  at org.junit.runners.ParentRunner.runLeaf(ParentRunner.java:366)
  at org.junit.runners.BlockJUnit4ClassRunner.runChild(BlockJUnit4ClassRunner.java:103)
  at org.junit.runners.BlockJUnit4ClassRunner.runChild(BlockJUnit4ClassRunner.java:63)
  at org.junit.runners.ParentRunner$4.run(ParentRunner.java:331)
  at org.junit.runners.ParentRunner$1.schedule(ParentRunner.java:79)
  at org.junit.runners.ParentRunner.runChildren(ParentRunner.java:329)
  at org.junit.runners.ParentRunner.access$100(ParentRunner.java:66)
  at org.junit.runners.ParentRunner$2.evaluate(ParentRunner.java:293)
  at org.junit.runners.ParentRunner$3.evaluate(ParentRunner.java:306)
  at org.junit.runners.ParentRunner.run(ParentRunner.java:413)
  at org.junit.runner.JUnitCore.run(JUnitCore.java:137)
  at org.junit.runner.JUnitCore.run(JUnitCore.java:115)
  at org.gradle.api.internal.tasks.testing.junit.JUnitTestExecutor.runRequest(JUnitTestExecutor.java:175)
  at org.gradle.api.internal.tasks.testing.junit.JUnitTestExecutor.accept(JUnitTestExecutor.java:84)
  at org.gradle.api.internal.tasks.testing.junit.JUnitTestExecutor.accept(JUnitTestExecutor.java:47)
  at org.gradle.api.internal.tasks.testing.junit.AbstractJUnitTestDefinitionProcessor.processTestDefinition(AbstractJUnitTestDefinitionProcessor.java:65)
  at org.gradle.api.internal.tasks.testing.SuiteTestDefinitionProcessor.processTestDefinition(SuiteTestDefinitionProcessor.java:54)
  at java.base/jdk.internal.reflect.DirectMethodHandleAccessor.invoke(DirectMethodHandleAccessor.java:104)
  at java.base/java.lang.reflect.Method.invoke(Method.java:565)
  at org.gradle.internal.dispatch.MethodInvocation.invokeOn(MethodInvocation.java:77)
  at org.gradle.internal.dispatch.ReflectionDispatch.dispatch(ReflectionDispatch.java:28)
  at org.gradle.internal.dispatch.ReflectionDispatch.dispatch(ReflectionDispatch.java:19)
  at org.gradle.internal.dispatch.ContextClassLoaderDispatch.dispatch(ContextClassLoaderDispatch.java:33)
  at org.gradle.internal.dispatch.ProxyDispatchAdapter$DispatchingInvocationHandler.invoke(ProxyDispatchAdapter.java:88)
  at jdk.proxy1/jdk.proxy1.$Proxy4.processTestDefinition(Unknown Source)
  at org.gradle.api.internal.tasks.testing.worker.TestWorker$2.run(TestWorker.java:178)
  at org.gradle.api.internal.tasks.testing.worker.TestWorker.executeAndMaintainThreadName(TestWorker.java:126)
  at org.gradle.api.internal.tasks.testing.worker.TestWorker.execute(TestWorker.java:103)
  at org.gradle.api.internal.tasks.testing.worker.TestWorker.execute(TestWorker.java:63)
  at org.gradle.process.internal.worker.child.ActionExecutionWorker.execute(ActionExecutionWorker.java:56)
  at org.gradle.process.internal.worker.child.SystemApplicationClassLoaderWorker.call(SystemApplicationClassLoaderWorker.java:122)
  at org.gradle.process.internal.worker.child.SystemApplicationClassLoaderWorker.call(SystemApplicationClassLoaderWorker.java:72)
  at worker.org.gradle.process.internal.worker.GradleWorkerMain.run(GradleWorkerMain.java:69)
  at worker.org.gradle.process.internal.worker.GradleWorkerMain.main(GradleWorkerMain.java:74)
</stacktrace>
</test-failure>


TypeScriptCompilerTests_T[jvm] > tsxTypeArgumentPartialDefinitionStillErrors_ts has expected errors matching tsxTypeArgumentPartialDefinitionStillErrors_errors_txt[jvm] FAILED

<test-failure test="com.xemantic.typescript.compiler.TypeScriptCompilerTests_T.typeParametersShouldNotBeEqual3_ts has expected errors matching typeParametersShouldNotBeEqual3_errors_txt" platform="jvm">
<message>
Expected diagnostics from baseline typescript-repo/tests/baselines/reference/typeParametersShouldNotBeEqual3.errors.txt but none produced
</message>
<stacktrace>
  at com.xemantic.typescript.compiler.TypeScriptTestSupportKt.errorsMatchBaseline(TypeScriptTestSupport.kt:125)
  at com.xemantic.typescript.compiler.TypeScriptCompilerTests_T.typeParametersShouldNotBeEqual3_ts has expected errors matching typeParametersShouldNotBeEqual3_errors_txt(TypeScriptCompilerTests_T.kt:3003)
  at java.base/jdk.internal.reflect.DirectMethodHandleAccessor.invoke(DirectMethodHandleAccessor.java:104)
  at java.base/java.lang.reflect.Method.invoke(Method.java:565)
  at org.junit.runners.model.FrameworkMethod$1.runReflectiveCall(FrameworkMethod.java:59)
  at org.junit.internal.runners.model.ReflectiveCallable.run(ReflectiveCallable.java:12)
  at org.junit.runners.model.FrameworkMethod.invokeExplosively(FrameworkMethod.java:56)
  at org.junit.internal.runners.statements.InvokeMethod.evaluate(InvokeMethod.java:17)
  at org.junit.runners.ParentRunner$3.evaluate(ParentRunner.java:306)
  at org.junit.runners.BlockJUnit4ClassRunner$1.evaluate(BlockJUnit4ClassRunner.java:100)
  at org.junit.runners.ParentRunner.runLeaf(ParentRunner.java:366)
  at org.junit.runners.BlockJUnit4ClassRunner.runChild(BlockJUnit4ClassRunner.java:103)
  at org.junit.runners.BlockJUnit4ClassRunner.runChild(BlockJUnit4ClassRunner.java:63)
  at org.junit.runners.ParentRunner$4.run(ParentRunner.java:331)
  at org.junit.runners.ParentRunner$1.schedule(ParentRunner.java:79)
  at org.junit.runners.ParentRunner.runChildren(ParentRunner.java:329)
  at org.junit.runners.ParentRunner.access$100(ParentRunner.java:66)
  at org.junit.runners.ParentRunner$2.evaluate(ParentRunner.java:293)
  at org.junit.runners.ParentRunner$3.evaluate(ParentRunner.java:306)
  at org.junit.runners.ParentRunner.run(ParentRunner.java:413)
  at org.junit.runner.JUnitCore.run(JUnitCore.java:137)
  at org.junit.runner.JUnitCore.run(JUnitCore.java:115)
  at org.gradle.api.internal.tasks.testing.junit.JUnitTestExecutor.runRequest(JUnitTestExecutor.java:175)
  at org.gradle.api.internal.tasks.testing.junit.JUnitTestExecutor.accept(JUnitTestExecutor.java:84)
  at org.gradle.api.internal.tasks.testing.junit.JUnitTestExecutor.accept(JUnitTestExecutor.java:47)
  at org.gradle.api.internal.tasks.testing.junit.AbstractJUnitTestDefinitionProcessor.processTestDefinition(AbstractJUnitTestDefinitionProcessor.java:65)
  at org.gradle.api.internal.tasks.testing.SuiteTestDefinitionProcessor.processTestDefinition(SuiteTestDefinitionProcessor.java:54)
  at java.base/jdk.internal.reflect.DirectMethodHandleAccessor.invoke(DirectMethodHandleAccessor.java:104)
  at java.base/java.lang.reflect.Method.invoke(Method.java:565)
  at org.gradle.internal.dispatch.MethodInvocation.invokeOn(MethodInvocation.java:77)
  at org.gradle.internal.dispatch.ReflectionDispatch.dispatch(ReflectionDispatch.java:28)
  at org.gradle.internal.dispatch.ReflectionDispatch.dispatch(ReflectionDispatch.java:19)
  at org.gradle.internal.dispatch.ContextClassLoaderDispatch.dispatch(ContextClassLoaderDispatch.java:33)
  at org.gradle.internal.dispatch.ProxyDispatchAdapter$DispatchingInvocationHandler.invoke(ProxyDispatchAdapter.java:88)
  at jdk.proxy1/jdk.proxy1.$Proxy4.processTestDefinition(Unknown Source)
  at org.gradle.api.internal.tasks.testing.worker.TestWorker$2.run(TestWorker.java:178)
  at org.gradle.api.internal.tasks.testing.worker.TestWorker.executeAndMaintainThreadName(TestWorker.java:126)
  at org.gradle.api.internal.tasks.testing.worker.TestWorker.execute(TestWorker.java:103)
  at org.gradle.api.internal.tasks.testing.worker.TestWorker.execute(TestWorker.java:63)
  at org.gradle.process.internal.worker.child.ActionExecutionWorker.execute(ActionExecutionWorker.java:56)
  at org.gradle.process.internal.worker.child.SystemApplicationClassLoaderWorker.call(SystemApplicationClassLoaderWorker.java:122)
  at org.gradle.process.internal.worker.child.SystemApplicationClassLoaderWorker.call(SystemApplicationClassLoaderWorker.java:72)
  at worker.org.gradle.process.internal.worker.GradleWorkerMain.run(GradleWorkerMain.java:69)
  at worker.org.gradle.process.internal.worker.GradleWorkerMain.main(GradleWorkerMain.java:74)
</stacktrace>
</test-failure>


TypeScriptCompilerTests_T[jvm] > typeParametersShouldNotBeEqual3_ts has expected errors matching typeParametersShouldNotBeEqual3_errors_txt[jvm] FAILED

<test-failure test="com.xemantic.typescript.compiler.TypeScriptCompilerTests_T.thisInPropertyBoundDeclarations_ts has expected errors matching thisInPropertyBoundDeclarations_errors_txt" platform="jvm">
<message>
--- expected
+++ actual
@@ -1,11 +1,7 @@
 thisInPropertyBoundDeclarations.ts(2,13): error TS2564: Property 'name' has no initializer and is not definitely assigned in the constructor.
-thisInPropertyBoundDeclarations.ts(18,9): error TS2683: 'this' implicitly has type 'any' because it does not have a type annotation.
-thisInPropertyBoundDeclarations.ts(23,13): error TS2683: 'this' implicitly has type 'any' because it does not have a type annotation.
-thisInPropertyBoundDeclarations.ts(25,15): error TS2683: 'this' implicitly has type 'any' because it does not have a type annotation.
-thisInPropertyBoundDeclarations.ts(30,13): error TS2683: 'this' implicitly has type 'any' because it does not have a type annotation.
 
 
-==== thisInPropertyBoundDeclarations.ts (5 errors) ====
+==== thisInPropertyBoundDeclarations.ts (1 errors) ====
     class Bug {
         private name: string;
                 ~~~~
@@ -26,29 +22,18 @@
     class A {
         prop1 = function() {
             this;
-            ~~~~
-!!! error TS2683: 'this' implicitly has type 'any' because it does not have a type annotation.
-!!! related TS2738 thisInPropertyBoundDeclarations.ts:17:13: An outer value of 'this' is shadowed by this container.
         };
     
         prop2 = function() {
             function inner() {
                 this;
-                ~~~~
-!!! error TS2683: 'this' implicitly has type 'any' because it does not have a type annotation.
             }
             () => this;
-                  ~~~~
-!!! error TS2683: 'this' implicitly has type 'any' because it does not have a type annotation.
-!!! related TS2738 thisInPropertyBoundDeclarations.ts:21:13: An outer value of 'this' is shadowed by this container.
         };
     
         prop3 = () => {
             function inner() {
                 this;
-                ~~~~
-!!! error TS2683: 'this' implicitly has type 'any' because it does not have a type annotation.
-!!! related TS2738 thisInPropertyBoundDeclarations.ts:29:18: An outer value of 'this' is shadowed by this container.
             }
         };
     

</message>
<stacktrace>
  at org.junit.Assert.fail(Assert.java:89)
  at kotlin.test.junit.JUnitAsserter.fail(JUnitSupport.kt:56)
  at kotlin.test.AssertionsKt__AssertionsKt.fail(Assertions.kt:563)
  at kotlin.test.AssertionsKt.fail(Unknown Source)
  at com.xemantic.kotlin.test.SameAsKt.sameAs(SameAs.kt:52)
  at com.xemantic.typescript.compiler.TypeScriptTestSupportKt.errorsMatchBaseline(TypeScriptTestSupport.kt:135)
  at com.xemantic.typescript.compiler.TypeScriptCompilerTests_T.thisInPropertyBoundDeclarations_ts has expected errors matching thisInPropertyBoundDeclarations_errors_txt(TypeScriptCompilerTests_T.kt:763)
  at java.base/jdk.internal.reflect.DirectMethodHandleAccessor.invoke(DirectMethodHandleAccessor.java:104)
  at java.base/java.lang.reflect.Method.invoke(Method.java:565)
  at org.junit.runners.model.FrameworkMethod$1.runReflectiveCall(FrameworkMethod.java:59)
  at org.junit.internal.runners.model.ReflectiveCallable.run(ReflectiveCallable.java:12)
  at org.junit.runners.model.FrameworkMethod.invokeExplosively(FrameworkMethod.java:56)
  at org.junit.internal.runners.statements.InvokeMethod.evaluate(InvokeMethod.java:17)
  at org.junit.runners.ParentRunner$3.evaluate(ParentRunner.java:306)
  at org.junit.runners.BlockJUnit4ClassRunner$1.evaluate(BlockJUnit4ClassRunner.java:100)
  at org.junit.runners.ParentRunner.runLeaf(ParentRunner.java:366)
  at org.junit.runners.BlockJUnit4ClassRunner.runChild(BlockJUnit4ClassRunner.java:103)
  at org.junit.runners.BlockJUnit4ClassRunner.runChild(BlockJUnit4ClassRunner.java:63)
  at org.junit.runners.ParentRunner$4.run(ParentRunner.java:331)
  at org.junit.runners.ParentRunner$1.schedule(ParentRunner.java:79)
  at org.junit.runners.ParentRunner.runChildren(ParentRunner.java:329)
  at org.junit.runners.ParentRunner.access$100(ParentRunner.java:66)
  at org.junit.runners.ParentRunner$2.evaluate(ParentRunner.java:293)
  at org.junit.runners.ParentRunner$3.evaluate(ParentRunner.java:306)
  at org.junit.runners.ParentRunner.run(ParentRunner.java:413)
  at org.junit.runner.JUnitCore.run(JUnitCore.java:137)
  at org.junit.runner.JUnitCore.run(JUnitCore.java:115)
  at org.gradle.api.internal.tasks.testing.junit.JUnitTestExecutor.runRequest(JUnitTestExecutor.java:175)
  at org.gradle.api.internal.tasks.testing.junit.JUnitTestExecutor.accept(JUnitTestExecutor.java:84)
  at org.gradle.api.internal.tasks.testing.junit.JUnitTestExecutor.accept(JUnitTestExecutor.java:47)
  at org.gradle.api.internal.tasks.testing.junit.AbstractJUnitTestDefinitionProcessor.processTestDefinition(AbstractJUnitTestDefinitionProcessor.java:65)
  at org.gradle.api.internal.tasks.testing.SuiteTestDefinitionProcessor.processTestDefinition(SuiteTestDefinitionProcessor.java:54)
  at java.base/jdk.internal.reflect.DirectMethodHandleAccessor.invoke(DirectMethodHandleAccessor.java:104)
  at java.base/java.lang.reflect.Method.invoke(Method.java:565)
  at org.gradle.internal.dispatch.MethodInvocation.invokeOn(MethodInvocation.java:77)
  at org.gradle.internal.dispatch.ReflectionDispatch.dispatch(ReflectionDispatch.java:28)
  at org.gradle.internal.dispatch.ReflectionDispatch.dispatch(ReflectionDispatch.java:19)
  at org.gradle.internal.dispatch.ContextClassLoaderDispatch.dispatch(ContextClassLoaderDispatch.java:33)
  at org.gradle.internal.dispatch.ProxyDispatchAdapter$DispatchingInvocationHandler.invoke(ProxyDispatchAdapter.java:88)
  at jdk.proxy1/jdk.proxy1.$Proxy4.processTestDefinition(Unknown Source)
  at org.gradle.api.internal.tasks.testing.worker.TestWorker$2.run(TestWorker.java:178)
  at org.gradle.api.internal.tasks.testing.worker.TestWorker.executeAndMaintainThreadName(TestWorker.java:126)
  at org.gradle.api.internal.tasks.testing.worker.TestWorker.execute(TestWorker.java:103)
  at org.gradle.api.internal.tasks.testing.worker.TestWorker.execute(TestWorker.java:63)
  at org.gradle.process.internal.worker.child.ActionExecutionWorker.execute(ActionExecutionWorker.java:56)
  at org.gradle.process.internal.worker.child.SystemApplicationClassLoaderWorker.call(SystemApplicationClassLoaderWorker.java:122)
  at org.gradle.process.internal.worker.child.SystemApplicationClassLoaderWorker.call(SystemApplicationClassLoaderWorker.java:72)
  at worker.org.gradle.process.internal.worker.GradleWorkerMain.run(GradleWorkerMain.java:69)
  at worker.org.gradle.process.internal.worker.GradleWorkerMain.main(GradleWorkerMain.java:74)
</stacktrace>
</test-failure>


TypeScriptCompilerTests_T[jvm] > thisInPropertyBoundDeclarations_ts has expected errors matching thisInPropertyBoundDeclarations_errors_txt[jvm] FAILED

<test-failure test="com.xemantic.typescript.compiler.TypeScriptCompilerTests_T.typeArgInferenceWithNull_ts has expected errors matching typeArgInferenceWithNull_errors_txt" platform="jvm">
<message>
Expected diagnostics from baseline typescript-repo/tests/baselines/reference/typeArgInferenceWithNull.errors.txt but none produced
</message>
<stacktrace>
  at com.xemantic.typescript.compiler.TypeScriptTestSupportKt.errorsMatchBaseline(TypeScriptTestSupport.kt:125)
  at com.xemantic.typescript.compiler.TypeScriptCompilerTests_T.typeArgInferenceWithNull_ts has expected errors matching typeArgInferenceWithNull_errors_txt(TypeScriptCompilerTests_T.kt:1722)
  at java.base/jdk.internal.reflect.DirectMethodHandleAccessor.invoke(DirectMethodHandleAccessor.java:104)
  at java.base/java.lang.reflect.Method.invoke(Method.java:565)
  at org.junit.runners.model.FrameworkMethod$1.runReflectiveCall(FrameworkMethod.java:59)
  at org.junit.internal.runners.model.ReflectiveCallable.run(ReflectiveCallable.java:12)
  at org.junit.runners.model.FrameworkMethod.invokeExplosively(FrameworkMethod.java:56)
  at org.junit.internal.runners.statements.InvokeMethod.evaluate(InvokeMethod.java:17)
  at org.junit.runners.ParentRunner$3.evaluate(ParentRunner.java:306)
  at org.junit.runners.BlockJUnit4ClassRunner$1.evaluate(BlockJUnit4ClassRunner.java:100)
  at org.junit.runners.ParentRunner.runLeaf(ParentRunner.java:366)
  at org.junit.runners.BlockJUnit4ClassRunner.runChild(BlockJUnit4ClassRunner.java:103)
  at org.junit.runners.BlockJUnit4ClassRunner.runChild(BlockJUnit4ClassRunner.java:63)
  at org.junit.runners.ParentRunner$4.run(ParentRunner.java:331)
  at org.junit.runners.ParentRunner$1.schedule(ParentRunner.java:79)
  at org.junit.runners.ParentRunner.runChildren(ParentRunner.java:329)
  at org.junit.runners.ParentRunner.access$100(ParentRunner.java:66)
  at org.junit.runners.ParentRunner$2.evaluate(ParentRunner.java:293)
  at org.junit.runners.ParentRunner$3.evaluate(ParentRunner.java:306)
  at org.junit.runners.ParentRunner.run(ParentRunner.java:413)
  at org.junit.runner.JUnitCore.run(JUnitCore.java:137)
  at org.junit.runner.JUnitCore.run(JUnitCore.java:115)
  at org.gradle.api.internal.tasks.testing.junit.JUnitTestExecutor.runRequest(JUnitTestExecutor.java:175)
  at org.gradle.api.internal.tasks.testing.junit.JUnitTestExecutor.accept(JUnitTestExecutor.java:84)
  at org.gradle.api.internal.tasks.testing.junit.JUnitTestExecutor.accept(JUnitTestExecutor.java:47)
  at org.gradle.api.internal.tasks.testing.junit.AbstractJUnitTestDefinitionProcessor.processTestDefinition(AbstractJUnitTestDefinitionProcessor.java:65)
  at org.gradle.api.internal.tasks.testing.SuiteTestDefinitionProcessor.processTestDefinition(SuiteTestDefinitionProcessor.java:54)
  at java.base/jdk.internal.reflect.DirectMethodHandleAccessor.invoke(DirectMethodHandleAccessor.java:104)
  at java.base/java.lang.reflect.Method.invoke(Method.java:565)
  at org.gradle.internal.dispatch.MethodInvocation.invokeOn(MethodInvocation.java:77)
  at org.gradle.internal.dispatch.ReflectionDispatch.dispatch(ReflectionDispatch.java:28)
  at org.gradle.internal.dispatch.ReflectionDispatch.dispatch(ReflectionDispatch.java:19)
  at org.gradle.internal.dispatch.ContextClassLoaderDispatch.dispatch(ContextClassLoaderDispatch.java:33)
  at org.gradle.internal.dispatch.ProxyDispatchAdapter$DispatchingInvocationHandler.invoke(ProxyDispatchAdapter.java:88)
  at jdk.proxy1/jdk.proxy1.$Proxy4.processTestDefinition(Unknown Source)
  at org.gradle.api.internal.tasks.testing.worker.TestWorker$2.run(TestWorker.java:178)
  at org.gradle.api.internal.tasks.testing.worker.TestWorker.executeAndMaintainThreadName(TestWorker.java:126)
  at org.gradle.api.internal.tasks.testing.worker.TestWorker.execute(TestWorker.java:103)
  at org.gradle.api.internal.tasks.testing.worker.TestWorker.execute(TestWorker.java:63)
  at org.gradle.process.internal.worker.child.ActionExecutionWorker.execute(ActionExecutionWorker.java:56)
  at org.gradle.process.internal.worker.child.SystemApplicationClassLoaderWorker.call(SystemApplicationClassLoaderWorker.java:122)
  at org.gradle.process.internal.worker.child.SystemApplicationClassLoaderWorker.call(SystemApplicationClassLoaderWorker.java:72)
  at worker.org.gradle.process.internal.worker.GradleWorkerMain.run(GradleWorkerMain.java:69)
  at worker.org.gradle.process.internal.worker.GradleWorkerMain.main(GradleWorkerMain.java:74)
</stacktrace>
</test-failure>


TypeScriptCompilerTests_T[jvm] > typeArgInferenceWithNull_ts has expected errors matching typeArgInferenceWithNull_errors_txt[jvm] FAILED

<test-failure test="com.xemantic.typescript.compiler.TypeScriptCompilerTests_T.typeParamExtendsOtherTypeParam_ts has expected errors matching typeParamExtendsOtherTypeParam_errors_txt" platform="jvm">
<message>
--- expected
+++ actual
@@ -1,25 +1,7 @@
 typeParamExtendsOtherTypeParam.ts(3,5): error TS2564: Property 'data' has no initializer and is not definitely assigned in the constructor.
-typeParamExtendsOtherTypeParam.ts(12,26): error TS2344: Type '{ b: string; }' does not satisfy the constraint '{ a: string; }'.
-  Property 'a' is missing in type '{ b: string; }' but required in type '{ a: string; }'.
-typeParamExtendsOtherTypeParam.ts(13,26): error TS2344: Type '{ a: number; }' does not satisfy the constraint '{ a: string; }'.
-  Types of property 'a' are incompatible.
-    Type 'number' is not assignable to type 'string'.
-typeParamExtendsOtherTypeParam.ts(14,26): error TS2344: Type '{ b: string; }' does not satisfy the constraint '{ a: string; }'.
-  Property 'a' is missing in type '{ b: string; }' but required in type '{ a: string; }'.
-typeParamExtendsOtherTypeParam.ts(15,26): error TS2344: Type '{ a: number; }' does not satisfy the constraint '{ a: string; }'.
-  Types of property 'a' are incompatible.
-    Type 'number' is not assignable to type 'string'.
-typeParamExtendsOtherTypeParam.ts(16,37): error TS2344: Type '{ a: string; }' does not satisfy the constraint '{ a: string; b: number; }'.
-  Property 'b' is missing in type '{ a: string; }' but required in type '{ a: string; b: number; }'.
-typeParamExtendsOtherTypeParam.ts(17,37): error TS2344: Type '{ a: string; }' does not satisfy the constraint '{ a: string; b: number; }'.
-  Property 'b' is missing in type '{ a: string; }' but required in type '{ a: string; b: number; }'.
-typeParamExtendsOtherTypeParam.ts(28,15): error TS2344: Type 'I1' does not satisfy the constraint 'I2'.
-  Property 'b' is missing in type 'I1' but required in type 'I2'.
-typeParamExtendsOtherTypeParam.ts(29,15): error TS2344: Type 'I1' does not satisfy the constraint 'I2'.
-  Property 'b' is missing in type 'I1' but required in type 'I2'.
 
 
-==== typeParamExtendsOtherTypeParam.ts (9 errors) ====
+==== typeParamExtendsOtherTypeParam.ts (1 errors) ====
     class A<T, U extends T> { }
     class B<T extends Object, U extends T> {
         data: A<Object, Object>;
@@ -34,35 +16,11 @@
     
     // Below should be in error
     var x1: A<{ a: string;}, { b: string }>;
-                             ~~~~~~~~~~~~~
-!!! error TS2344: Type '{ b: string; }' does not satisfy the constraint '{ a: string; }'.
-!!! error TS2344:   Property 'a' is missing in type '{ b: string; }' but required in type '{ a: string; }'.
-!!! related TS2728 typeParamExtendsOtherTypeParam.ts:12:13: 'a' is declared here.
     var x2: A<{ a: string;}, { a: number }>;
-                             ~~~~~~~~~~~~~
-!!! error TS2344: Type '{ a: number; }' does not satisfy the constraint '{ a: string; }'.
-!!! error TS2344:   Types of property 'a' are incompatible.
-!!! error TS2344:     Type 'number' is not assignable to type 'string'.
     var x3: B<{ a: string;}, { b: string }>;
-                             ~~~~~~~~~~~~~
-!!! error TS2344: Type '{ b: string; }' does not satisfy the constraint '{ a: string; }'.
-!!! error TS2344:   Property 'a' is missing in type '{ b: string; }' but required in type '{ a: string; }'.
-!!! related TS2728 typeParamExtendsOtherTypeParam.ts:14:13: 'a' is declared here.
     var x4: B<{ a: string;}, { a: number }>;
-                             ~~~~~~~~~~~~~
-!!! error TS2344: Type '{ a: number; }' does not satisfy the constraint '{ a: string; }'.
-!!! error TS2344:   Types of property 'a' are incompatible.
-!!! error TS2344:     Type 'number' is not assignable to type 'string'.
     var x5: A<{ a: string; b: number }, { a: string }>;
-                                        ~~~~~~~~~~~~~
-!!! error TS2344: Type '{ a: string; }' does not satisfy the constraint '{ a: string; b: number; }'.
-!!! error TS2344:   Property 'b' is missing in type '{ a: string; }' but required in type '{ a: string; b: number; }'.
-!!! related TS2728 typeParamExtendsOtherTypeParam.ts:16:24: 'b' is declared here.
     var x6: B<{ a: string; b: number }, { a: string }>;
-                                        ~~~~~~~~~~~~~
-!!! error TS2344: Type '{ a: string; }' does not satisfy the constraint '{ a: string; b: number; }'.
-!!! error TS2344:   Property 'b' is missing in type '{ a: string; }' but required in type '{ a: string; b: number; }'.
-!!! related TS2728 typeParamExtendsOtherTypeParam.ts:17:24: 'b' is declared here.
     
     interface I1 {
         a: string;
@@ -74,12 +32,4 @@
     }
     
     var x7: A<I2, I1>;
-                  ~~
-!!! error TS2344: Type 'I1' does not satisfy the constraint 'I2'.
-!!! error TS2344:   Property 'b' is missing in type 'I1' but required in type 'I2'.
-!!! related TS2728 typeParamExtendsOtherTypeParam.ts:25:5: 'b' is declared here.
     var x8: B<I2, I1>;
-                  ~~
-!!! error TS2344: Type 'I1' does not satisfy the constraint 'I2'.
-!!! error TS2344:   Property 'b' is missing in type 'I1' but required in type 'I2'.
-!!! related TS2728 typeParamExtendsOtherTypeParam.ts:25:5: 'b' is declared here.

</message>
<stacktrace>
  at org.junit.Assert.fail(Assert.java:89)
  at kotlin.test.junit.JUnitAsserter.fail(JUnitSupport.kt:56)
  at kotlin.test.AssertionsKt__AssertionsKt.fail(Assertions.kt:563)
  at kotlin.test.AssertionsKt.fail(Unknown Source)
  at com.xemantic.kotlin.test.SameAsKt.sameAs(SameAs.kt:52)
  at com.xemantic.typescript.compiler.TypeScriptTestSupportKt.errorsMatchBaseline(TypeScriptTestSupport.kt:135)
  at com.xemantic.typescript.compiler.TypeScriptCompilerTests_T.typeParamExtendsOtherTypeParam_ts has expected errors matching typeParamExtendsOtherTypeParam_errors_txt(TypeScriptCompilerTests_T.kt:2464)
  at java.base/jdk.internal.reflect.DirectMethodHandleAccessor.invoke(DirectMethodHandleAccessor.java:104)
  at java.base/java.lang.reflect.Method.invoke(Method.java:565)
  at org.junit.runners.model.FrameworkMethod$1.runReflectiveCall(FrameworkMethod.java:59)
  at org.junit.internal.runners.model.ReflectiveCallable.run(ReflectiveCallable.java:12)
  at org.junit.runners.model.FrameworkMethod.invokeExplosively(FrameworkMethod.java:56)
  at org.junit.internal.runners.statements.InvokeMethod.evaluate(InvokeMethod.java:17)
  at org.junit.runners.ParentRunner$3.evaluate(ParentRunner.java:306)
  at org.junit.runners.BlockJUnit4ClassRunner$1.evaluate(BlockJUnit4ClassRunner.java:100)
  at org.junit.runners.ParentRunner.runLeaf(ParentRunner.java:366)
  at org.junit.runners.BlockJUnit4ClassRunner.runChild(BlockJUnit4ClassRunner.java:103)
  at org.junit.runners.BlockJUnit4ClassRunner.runChild(BlockJUnit4ClassRunner.java:63)
  at org.junit.runners.ParentRunner$4.run(ParentRunner.java:331)
  at org.junit.runners.ParentRunner$1.schedule(ParentRunner.java:79)
  at org.junit.runners.ParentRunner.runChildren(ParentRunner.java:329)
  at org.junit.runners.ParentRunner.access$100(ParentRunner.java:66)
  at org.junit.runners.ParentRunner$2.evaluate(ParentRunner.java:293)
  at org.junit.runners.ParentRunner$3.evaluate(ParentRunner.java:306)
  at org.junit.runners.ParentRunner.run(ParentRunner.java:413)
  at org.junit.runner.JUnitCore.run(JUnitCore.java:137)
  at org.junit.runner.JUnitCore.run(JUnitCore.java:115)
  at org.gradle.api.internal.tasks.testing.junit.JUnitTestExecutor.runRequest(JUnitTestExecutor.java:175)
  at org.gradle.api.internal.tasks.testing.junit.JUnitTestExecutor.accept(JUnitTestExecutor.java:84)
  at org.gradle.api.internal.tasks.testing.junit.JUnitTestExecutor.accept(JUnitTestExecutor.java:47)
  at org.gradle.api.internal.tasks.testing.junit.AbstractJUnitTestDefinitionProcessor.processTestDefinition(AbstractJUnitTestDefinitionProcessor.java:65)
  at org.gradle.api.internal.tasks.testing.SuiteTestDefinitionProcessor.processTestDefinition(SuiteTestDefinitionProcessor.java:54)
  at java.base/jdk.internal.reflect.DirectMethodHandleAccessor.invoke(DirectMethodHandleAccessor.java:104)
  at java.base/java.lang.reflect.Method.invoke(Method.java:565)
  at org.gradle.internal.dispatch.MethodInvocation.invokeOn(MethodInvocation.java:77)
  at org.gradle.internal.dispatch.ReflectionDispatch.dispatch(ReflectionDispatch.java:28)
  at org.gradle.internal.dispatch.ReflectionDispatch.dispatch(ReflectionDispatch.java:19)
  at org.gradle.internal.dispatch.ContextClassLoaderDispatch.dispatch(ContextClassLoaderDispatch.java:33)
  at org.gradle.internal.dispatch.ProxyDispatchAdapter$DispatchingInvocationHandler.invoke(ProxyDispatchAdapter.java:88)
  at jdk.proxy1/jdk.proxy1.$Proxy4.processTestDefinition(Unknown Source)
  at org.gradle.api.internal.tasks.testing.worker.TestWorker$2.run(TestWorker.java:178)
  at org.gradle.api.internal.tasks.testing.worker.TestWorker.executeAndMaintainThreadName(TestWorker.java:126)
  at org.gradle.api.internal.tasks.testing.worker.TestWorker.execute(TestWorker.java:103)
  at org.gradle.api.internal.tasks.testing.worker.TestWorker.execute(TestWorker.java:63)
  at org.gradle.process.internal.worker.child.ActionExecutionWorker.execute(ActionExecutionWorker.java:56)
  at org.gradle.process.internal.worker.child.SystemApplicationClassLoaderWorker.call(SystemApplicationClassLoaderWorker.java:122)
  at org.gradle.process.internal.worker.child.SystemApplicationClassLoaderWorker.call(SystemApplicationClassLoaderWorker.java:72)
  at worker.org.gradle.process.internal.worker.GradleWorkerMain.run(GradleWorkerMain.java:69)
  at worker.org.gradle.process.internal.worker.GradleWorkerMain.main(GradleWorkerMain.java:74)
</stacktrace>
</test-failure>


TypeScriptCompilerTests_T[jvm] > typeParamExtendsOtherTypeParam_ts has expected errors matching typeParamExtendsOtherTypeParam_errors_txt[jvm] FAILED

<test-failure test="com.xemantic.typescript.compiler.TypeScriptCompilerTests_T.trailingCommaInHeterogenousArrayLiteral1_ts has expected errors matching trailingCommaInHeterogenousArrayLiteral1_errors_txt" platform="jvm">
<message>
Expected diagnostics from baseline typescript-repo/tests/baselines/reference/trailingCommaInHeterogenousArrayLiteral1.errors.txt but none produced
</message>
<stacktrace>
  at com.xemantic.typescript.compiler.TypeScriptTestSupportKt.errorsMatchBaseline(TypeScriptTestSupport.kt:125)
  at com.xemantic.typescript.compiler.TypeScriptCompilerTests_T.trailingCommaInHeterogenousArrayLiteral1_ts has expected errors matching trailingCommaInHeterogenousArrayLiteral1_errors_txt(TypeScriptCompilerTests_T.kt:1127)
  at java.base/jdk.internal.reflect.DirectMethodHandleAccessor.invoke(DirectMethodHandleAccessor.java:104)
  at java.base/java.lang.reflect.Method.invoke(Method.java:565)
  at org.junit.runners.model.FrameworkMethod$1.runReflectiveCall(FrameworkMethod.java:59)
  at org.junit.internal.runners.model.ReflectiveCallable.run(ReflectiveCallable.java:12)
  at org.junit.runners.model.FrameworkMethod.invokeExplosively(FrameworkMethod.java:56)
  at org.junit.internal.runners.statements.InvokeMethod.evaluate(InvokeMethod.java:17)
  at org.junit.runners.ParentRunner$3.evaluate(ParentRunner.java:306)
  at org.junit.runners.BlockJUnit4ClassRunner$1.evaluate(BlockJUnit4ClassRunner.java:100)
  at org.junit.runners.ParentRunner.runLeaf(ParentRunner.java:366)
  at org.junit.runners.BlockJUnit4ClassRunner.runChild(BlockJUnit4ClassRunner.java:103)
  at org.junit.runners.BlockJUnit4ClassRunner.runChild(BlockJUnit4ClassRunner.java:63)
  at org.junit.runners.ParentRunner$4.run(ParentRunner.java:331)
  at org.junit.runners.ParentRunner$1.schedule(ParentRunner.java:79)
  at org.junit.runners.ParentRunner.runChildren(ParentRunner.java:329)
  at org.junit.runners.ParentRunner.access$100(ParentRunner.java:66)
  at org.junit.runners.ParentRunner$2.evaluate(ParentRunner.java:293)
  at org.junit.runners.ParentRunner$3.evaluate(ParentRunner.java:306)
  at org.junit.runners.ParentRunner.run(ParentRunner.java:413)
  at org.junit.runner.JUnitCore.run(JUnitCore.java:137)
  at org.junit.runner.JUnitCore.run(JUnitCore.java:115)
  at org.gradle.api.internal.tasks.testing.junit.JUnitTestExecutor.runRequest(JUnitTestExecutor.java:175)
  at org.gradle.api.internal.tasks.testing.junit.JUnitTestExecutor.accept(JUnitTestExecutor.java:84)
  at org.gradle.api.internal.tasks.testing.junit.JUnitTestExecutor.accept(JUnitTestExecutor.java:47)
  at org.gradle.api.internal.tasks.testing.junit.AbstractJUnitTestDefinitionProcessor.processTestDefinition(AbstractJUnitTestDefinitionProcessor.java:65)
  at org.gradle.api.internal.tasks.testing.SuiteTestDefinitionProcessor.processTestDefinition(SuiteTestDefinitionProcessor.java:54)
  at java.base/jdk.internal.reflect.DirectMethodHandleAccessor.invoke(DirectMethodHandleAccessor.java:104)
  at java.base/java.lang.reflect.Method.invoke(Method.java:565)
  at org.gradle.internal.dispatch.MethodInvocation.invokeOn(MethodInvocation.java:77)
  at org.gradle.internal.dispatch.ReflectionDispatch.dispatch(ReflectionDispatch.java:28)
  at org.gradle.internal.dispatch.ReflectionDispatch.dispatch(ReflectionDispatch.java:19)
  at org.gradle.internal.dispatch.ContextClassLoaderDispatch.dispatch(ContextClassLoaderDispatch.java:33)
  at org.gradle.internal.dispatch.ProxyDispatchAdapter$DispatchingInvocationHandler.invoke(ProxyDispatchAdapter.java:88)
  at jdk.proxy1/jdk.proxy1.$Proxy4.processTestDefinition(Unknown Source)
  at org.gradle.api.internal.tasks.testing.worker.TestWorker$2.run(TestWorker.java:178)
  at org.gradle.api.internal.tasks.testing.worker.TestWorker.executeAndMaintainThreadName(TestWorker.java:126)
  at org.gradle.api.internal.tasks.testing.worker.TestWorker.execute(TestWorker.java:103)
  at org.gradle.api.internal.tasks.testing.worker.TestWorker.execute(TestWorker.java:63)
  at org.gradle.process.internal.worker.child.ActionExecutionWorker.execute(ActionExecutionWorker.java:56)
  at org.gradle.process.internal.worker.child.SystemApplicationClassLoaderWorker.call(SystemApplicationClassLoaderWorker.java:122)
  at org.gradle.process.internal.worker.child.SystemApplicationClassLoaderWorker.call(SystemApplicationClassLoaderWorker.java:72)
  at worker.org.gradle.process.internal.worker.GradleWorkerMain.run(GradleWorkerMain.java:69)
  at worker.org.gradle.process.internal.worker.GradleWorkerMain.main(GradleWorkerMain.java:74)
</stacktrace>
</test-failure>


TypeScriptCompilerTests_T[jvm] > trailingCommaInHeterogenousArrayLiteral1_ts has expected errors matching trailingCommaInHeterogenousArrayLiteral1_errors_txt[jvm] FAILED

<test-failure test="com.xemantic.typescript.compiler.TypeScriptCompilerTests_T.tslibNotFoundDifferentModules_ts has expected errors matching tslibNotFoundDifferentModules_errors_txt" platform="jvm">
<message>
Expected diagnostics from baseline typescript-repo/tests/baselines/reference/tslibNotFoundDifferentModules.errors.txt but none produced
</message>
<stacktrace>
  at com.xemantic.typescript.compiler.TypeScriptTestSupportKt.errorsMatchBaseline(TypeScriptTestSupport.kt:125)
  at com.xemantic.typescript.compiler.TypeScriptCompilerTests_T.tslibNotFoundDifferentModules_ts has expected errors matching tslibNotFoundDifferentModules_errors_txt(TypeScriptCompilerTests_T.kt:1484)
  at java.base/jdk.internal.reflect.DirectMethodHandleAccessor.invoke(DirectMethodHandleAccessor.java:104)
  at java.base/java.lang.reflect.Method.invoke(Method.java:565)
  at org.junit.runners.model.FrameworkMethod$1.runReflectiveCall(FrameworkMethod.java:59)
  at org.junit.internal.runners.model.ReflectiveCallable.run(ReflectiveCallable.java:12)
  at org.junit.runners.model.FrameworkMethod.invokeExplosively(FrameworkMethod.java:56)
  at org.junit.internal.runners.statements.InvokeMethod.evaluate(InvokeMethod.java:17)
  at org.junit.runners.ParentRunner$3.evaluate(ParentRunner.java:306)
  at org.junit.runners.BlockJUnit4ClassRunner$1.evaluate(BlockJUnit4ClassRunner.java:100)
  at org.junit.runners.ParentRunner.runLeaf(ParentRunner.java:366)
  at org.junit.runners.BlockJUnit4ClassRunner.runChild(BlockJUnit4ClassRunner.java:103)
  at org.junit.runners.BlockJUnit4ClassRunner.runChild(BlockJUnit4ClassRunner.java:63)
  at org.junit.runners.ParentRunner$4.run(ParentRunner.java:331)
  at org.junit.runners.ParentRunner$1.schedule(ParentRunner.java:79)
  at org.junit.runners.ParentRunner.runChildren(ParentRunner.java:329)
  at org.junit.runners.ParentRunner.access$100(ParentRunner.java:66)
  at org.junit.runners.ParentRunner$2.evaluate(ParentRunner.java:293)
  at org.junit.runners.ParentRunner$3.evaluate(ParentRunner.java:306)
  at org.junit.runners.ParentRunner.run(ParentRunner.java:413)
  at org.junit.runner.JUnitCore.run(JUnitCore.java:137)
  at org.junit.runner.JUnitCore.run(JUnitCore.java:115)
  at org.gradle.api.internal.tasks.testing.junit.JUnitTestExecutor.runRequest(JUnitTestExecutor.java:175)
  at org.gradle.api.internal.tasks.testing.junit.JUnitTestExecutor.accept(JUnitTestExecutor.java:84)
  at org.gradle.api.internal.tasks.testing.junit.JUnitTestExecutor.accept(JUnitTestExecutor.java:47)
  at org.gradle.api.internal.tasks.testing.junit.AbstractJUnitTestDefinitionProcessor.processTestDefinition(AbstractJUnitTestDefinitionProcessor.java:65)
  at org.gradle.api.internal.tasks.testing.SuiteTestDefinitionProcessor.processTestDefinition(SuiteTestDefinitionProcessor.java:54)
  at java.base/jdk.internal.reflect.DirectMethodHandleAccessor.invoke(DirectMethodHandleAccessor.java:104)
  at java.base/java.lang.reflect.Method.invoke(Method.java:565)
  at org.gradle.internal.dispatch.MethodInvocation.invokeOn(MethodInvocation.java:77)
  at org.gradle.internal.dispatch.ReflectionDispatch.dispatch(ReflectionDispatch.java:28)
  at org.gradle.internal.dispatch.ReflectionDispatch.dispatch(ReflectionDispatch.java:19)
  at org.gradle.internal.dispatch.ContextClassLoaderDispatch.dispatch(ContextClassLoaderDispatch.java:33)
  at org.gradle.internal.dispatch.ProxyDispatchAdapter$DispatchingInvocationHandler.invoke(ProxyDispatchAdapter.java:88)
  at jdk.proxy1/jdk.proxy1.$Proxy4.processTestDefinition(Unknown Source)
  at org.gradle.api.internal.tasks.testing.worker.TestWorker$2.run(TestWorker.java:178)
  at org.gradle.api.internal.tasks.testing.worker.TestWorker.executeAndMaintainThreadName(TestWorker.java:126)
  at org.gradle.api.internal.tasks.testing.worker.TestWorker.execute(TestWorker.java:103)
  at org.gradle.api.internal.tasks.testing.worker.TestWorker.execute(TestWorker.java:63)
  at org.gradle.process.internal.worker.child.ActionExecutionWorker.execute(ActionExecutionWorker.java:56)
  at org.gradle.process.internal.worker.child.SystemApplicationClassLoaderWorker.call(SystemApplicationClassLoaderWorker.java:122)
  at org.gradle.process.internal.worker.child.SystemApplicationClassLoaderWorker.call(SystemApplicationClassLoaderWorker.java:72)
  at worker.org.gradle.process.internal.worker.GradleWorkerMain.run(GradleWorkerMain.java:69)
  at worker.org.gradle.process.internal.worker.GradleWorkerMain.main(GradleWorkerMain.java:74)
</stacktrace>
</test-failure>


TypeScriptCompilerTests_T[jvm] > tslibNotFoundDifferentModules_ts has expected errors matching tslibNotFoundDifferentModules_errors_txt[jvm] FAILED

<test-failure test="com.xemantic.typescript.compiler.TypeScriptCompilerTests_T.targetTypeBaseCalls_ts has expected errors matching targetTypeBaseCalls_errors_txt" platform="jvm">
<message>
Expected diagnostics from baseline typescript-repo/tests/baselines/reference/targetTypeBaseCalls.errors.txt but none produced
</message>
<stacktrace>
  at com.xemantic.typescript.compiler.TypeScriptTestSupportKt.errorsMatchBaseline(TypeScriptTestSupport.kt:125)
  at com.xemantic.typescript.compiler.TypeScriptCompilerTests_T.targetTypeBaseCalls_ts has expected errors matching targetTypeBaseCalls_errors_txt(TypeScriptCompilerTests_T.kt:301)
  at java.base/jdk.internal.reflect.DirectMethodHandleAccessor.invoke(DirectMethodHandleAccessor.java:104)
  at java.base/java.lang.reflect.Method.invoke(Method.java:565)
  at org.junit.runners.model.FrameworkMethod$1.runReflectiveCall(FrameworkMethod.java:59)
  at org.junit.internal.runners.model.ReflectiveCallable.run(ReflectiveCallable.java:12)
  at org.junit.runners.model.FrameworkMethod.invokeExplosively(FrameworkMethod.java:56)
  at org.junit.internal.runners.statements.InvokeMethod.evaluate(InvokeMethod.java:17)
  at org.junit.runners.ParentRunner$3.evaluate(ParentRunner.java:306)
  at org.junit.runners.BlockJUnit4ClassRunner$1.evaluate(BlockJUnit4ClassRunner.java:100)
  at org.junit.runners.ParentRunner.runLeaf(ParentRunner.java:366)
  at org.junit.runners.BlockJUnit4ClassRunner.runChild(BlockJUnit4ClassRunner.java:103)
  at org.junit.runners.BlockJUnit4ClassRunner.runChild(BlockJUnit4ClassRunner.java:63)
  at org.junit.runners.ParentRunner$4.run(ParentRunner.java:331)
  at org.junit.runners.ParentRunner$1.schedule(ParentRunner.java:79)
  at org.junit.runners.ParentRunner.runChildren(ParentRunner.java:329)
  at org.junit.runners.ParentRunner.access$100(ParentRunner.java:66)
  at org.junit.runners.ParentRunner$2.evaluate(ParentRunner.java:293)
  at org.junit.runners.ParentRunner$3.evaluate(ParentRunner.java:306)
  at org.junit.runners.ParentRunner.run(ParentRunner.java:413)
  at org.junit.runner.JUnitCore.run(JUnitCore.java:137)
  at org.junit.runner.JUnitCore.run(JUnitCore.java:115)
  at org.gradle.api.internal.tasks.testing.junit.JUnitTestExecutor.runRequest(JUnitTestExecutor.java:175)
  at org.gradle.api.internal.tasks.testing.junit.JUnitTestExecutor.accept(JUnitTestExecutor.java:84)
  at org.gradle.api.internal.tasks.testing.junit.JUnitTestExecutor.accept(JUnitTestExecutor.java:47)
  at org.gradle.api.internal.tasks.testing.junit.AbstractJUnitTestDefinitionProcessor.processTestDefinition(AbstractJUnitTestDefinitionProcessor.java:65)
  at org.gradle.api.internal.tasks.testing.SuiteTestDefinitionProcessor.processTestDefinition(SuiteTestDefinitionProcessor.java:54)
  at java.base/jdk.internal.reflect.DirectMethodHandleAccessor.invoke(DirectMethodHandleAccessor.java:104)
  at java.base/java.lang.reflect.Method.invoke(Method.java:565)
  at org.gradle.internal.dispatch.MethodInvocation.invokeOn(MethodInvocation.java:77)
  at org.gradle.internal.dispatch.ReflectionDispatch.dispatch(ReflectionDispatch.java:28)
  at org.gradle.internal.dispatch.ReflectionDispatch.dispatch(ReflectionDispatch.java:19)
  at org.gradle.internal.dispatch.ContextClassLoaderDispatch.dispatch(ContextClassLoaderDispatch.java:33)
  at org.gradle.internal.dispatch.ProxyDispatchAdapter$DispatchingInvocationHandler.invoke(ProxyDispatchAdapter.java:88)
  at jdk.proxy1/jdk.proxy1.$Proxy4.processTestDefinition(Unknown Source)
  at org.gradle.api.internal.tasks.testing.worker.TestWorker$2.run(TestWorker.java:178)
  at org.gradle.api.internal.tasks.testing.worker.TestWorker.executeAndMaintainThreadName(TestWorker.java:126)
  at org.gradle.api.internal.tasks.testing.worker.TestWorker.execute(TestWorker.java:103)
  at org.gradle.api.internal.tasks.testing.worker.TestWorker.execute(TestWorker.java:63)
  at org.gradle.process.internal.worker.child.ActionExecutionWorker.execute(ActionExecutionWorker.java:56)
  at org.gradle.process.internal.worker.child.SystemApplicationClassLoaderWorker.call(SystemApplicationClassLoaderWorker.java:122)
  at org.gradle.process.internal.worker.child.SystemApplicationClassLoaderWorker.call(SystemApplicationClassLoaderWorker.java:72)
  at worker.org.gradle.process.internal.worker.GradleWorkerMain.run(GradleWorkerMain.java:69)
  at worker.org.gradle.process.internal.worker.GradleWorkerMain.main(GradleWorkerMain.java:74)
</stacktrace>
</test-failure>


TypeScriptCompilerTests_T[jvm] > targetTypeBaseCalls_ts has expected errors matching targetTypeBaseCalls_errors_txt[jvm] FAILED

<test-failure test="com.xemantic.typescript.compiler.TypeScriptCompilerTests_T.thisInInnerFunctions_ts has expected errors matching thisInInnerFunctions_errors_txt" platform="jvm">
<message>
Expected diagnostics from baseline typescript-repo/tests/baselines/reference/thisInInnerFunctions.errors.txt but none produced
</message>
<stacktrace>
  at com.xemantic.typescript.compiler.TypeScriptTestSupportKt.errorsMatchBaseline(TypeScriptTestSupport.kt:125)
  at com.xemantic.typescript.compiler.TypeScriptCompilerTests_T.thisInInnerFunctions_ts has expected errors matching thisInInnerFunctions_errors_txt(TypeScriptCompilerTests_T.kt:693)
  at java.base/jdk.internal.reflect.DirectMethodHandleAccessor.invoke(DirectMethodHandleAccessor.java:104)
  at java.base/java.lang.reflect.Method.invoke(Method.java:565)
  at org.junit.runners.model.FrameworkMethod$1.runReflectiveCall(FrameworkMethod.java:59)
  at org.junit.internal.runners.model.ReflectiveCallable.run(ReflectiveCallable.java:12)
  at org.junit.runners.model.FrameworkMethod.invokeExplosively(FrameworkMethod.java:56)
  at org.junit.internal.runners.statements.InvokeMethod.evaluate(InvokeMethod.java:17)
  at org.junit.runners.ParentRunner$3.evaluate(ParentRunner.java:306)
  at org.junit.runners.BlockJUnit4ClassRunner$1.evaluate(BlockJUnit4ClassRunner.java:100)
  at org.junit.runners.ParentRunner.runLeaf(ParentRunner.java:366)
  at org.junit.runners.BlockJUnit4ClassRunner.runChild(BlockJUnit4ClassRunner.java:103)
  at org.junit.runners.BlockJUnit4ClassRunner.runChild(BlockJUnit4ClassRunner.java:63)
  at org.junit.runners.ParentRunner$4.run(ParentRunner.java:331)
  at org.junit.runners.ParentRunner$1.schedule(ParentRunner.java:79)
  at org.junit.runners.ParentRunner.runChildren(ParentRunner.java:329)
  at org.junit.runners.ParentRunner.access$100(ParentRunner.java:66)
  at org.junit.runners.ParentRunner$2.evaluate(ParentRunner.java:293)
  at org.junit.runners.ParentRunner$3.evaluate(ParentRunner.java:306)
  at org.junit.runners.ParentRunner.run(ParentRunner.java:413)
  at org.junit.runner.JUnitCore.run(JUnitCore.java:137)
  at org.junit.runner.JUnitCore.run(JUnitCore.java:115)
  at org.gradle.api.internal.tasks.testing.junit.JUnitTestExecutor.runRequest(JUnitTestExecutor.java:175)
  at org.gradle.api.internal.tasks.testing.junit.JUnitTestExecutor.accept(JUnitTestExecutor.java:84)
  at org.gradle.api.internal.tasks.testing.junit.JUnitTestExecutor.accept(JUnitTestExecutor.java:47)
  at org.gradle.api.internal.tasks.testing.junit.AbstractJUnitTestDefinitionProcessor.processTestDefinition(AbstractJUnitTestDefinitionProcessor.java:65)
  at org.gradle.api.internal.tasks.testing.SuiteTestDefinitionProcessor.processTestDefinition(SuiteTestDefinitionProcessor.java:54)
  at java.base/jdk.internal.reflect.DirectMethodHandleAccessor.invoke(DirectMethodHandleAccessor.java:104)
  at java.base/java.lang.reflect.Method.invoke(Method.java:565)
  at org.gradle.internal.dispatch.MethodInvocation.invokeOn(MethodInvocation.java:77)
  at org.gradle.internal.dispatch.ReflectionDispatch.dispatch(ReflectionDispatch.java:28)
  at org.gradle.internal.dispatch.ReflectionDispatch.dispatch(ReflectionDispatch.java:19)
  at org.gradle.internal.dispatch.ContextClassLoaderDispatch.dispatch(ContextClassLoaderDispatch.java:33)
  at org.gradle.internal.dispatch.ProxyDispatchAdapter$DispatchingInvocationHandler.invoke(ProxyDispatchAdapter.java:88)
  at jdk.proxy1/jdk.proxy1.$Proxy4.processTestDefinition(Unknown Source)
  at org.gradle.api.internal.tasks.testing.worker.TestWorker$2.run(TestWorker.java:178)
  at org.gradle.api.internal.tasks.testing.worker.TestWorker.executeAndMaintainThreadName(TestWorker.java:126)
  at org.gradle.api.internal.tasks.testing.worker.TestWorker.execute(TestWorker.java:103)
  at org.gradle.api.internal.tasks.testing.worker.TestWorker.execute(TestWorker.java:63)
  at org.gradle.process.internal.worker.child.ActionExecutionWorker.execute(ActionExecutionWorker.java:56)
  at org.gradle.process.internal.worker.child.SystemApplicationClassLoaderWorker.call(SystemApplicationClassLoaderWorker.java:122)
  at org.gradle.process.internal.worker.child.SystemApplicationClassLoaderWorker.call(SystemApplicationClassLoaderWorker.java:72)
  at worker.org.gradle.process.internal.worker.GradleWorkerMain.run(GradleWorkerMain.java:69)
  at worker.org.gradle.process.internal.worker.GradleWorkerMain.main(GradleWorkerMain.java:74)
</stacktrace>
</test-failure>


TypeScriptCompilerTests_T[jvm] > thisInInnerFunctions_ts has expected errors matching thisInInnerFunctions_errors_txt[jvm] FAILED

<test-failure test="com.xemantic.typescript.compiler.TypeScriptCompilerTests_T.typeParameterFixingWithContextSensitiveArguments2_ts has expected errors matching typeParameterFixingWithContextSensitiveArguments2_errors_txt" platform="jvm">
<message>
Expected diagnostics from baseline typescript-repo/tests/baselines/reference/typeParameterFixingWithContextSensitiveArguments2.errors.txt but none produced
</message>
<stacktrace>
  at com.xemantic.typescript.compiler.TypeScriptTestSupportKt.errorsMatchBaseline(TypeScriptTestSupport.kt:125)
  at com.xemantic.typescript.compiler.TypeScriptCompilerTests_T.typeParameterFixingWithContextSensitiveArguments2_ts has expected errors matching typeParameterFixingWithContextSensitiveArguments2_errors_txt(TypeScriptCompilerTests_T.kt:2814)
  at java.base/jdk.internal.reflect.DirectMethodHandleAccessor.invoke(DirectMethodHandleAccessor.java:104)
  at java.base/java.lang.reflect.Method.invoke(Method.java:565)
  at org.junit.runners.model.FrameworkMethod$1.runReflectiveCall(FrameworkMethod.java:59)
  at org.junit.internal.runners.model.ReflectiveCallable.run(ReflectiveCallable.java:12)
  at org.junit.runners.model.FrameworkMethod.invokeExplosively(FrameworkMethod.java:56)
  at org.junit.internal.runners.statements.InvokeMethod.evaluate(InvokeMethod.java:17)
  at org.junit.runners.ParentRunner$3.evaluate(ParentRunner.java:306)
  at org.junit.runners.BlockJUnit4ClassRunner$1.evaluate(BlockJUnit4ClassRunner.java:100)
  at org.junit.runners.ParentRunner.runLeaf(ParentRunner.java:366)
  at org.junit.runners.BlockJUnit4ClassRunner.runChild(BlockJUnit4ClassRunner.java:103)
  at org.junit.runners.BlockJUnit4ClassRunner.runChild(BlockJUnit4ClassRunner.java:63)
  at org.junit.runners.ParentRunner$4.run(ParentRunner.java:331)
  at org.junit.runners.ParentRunner$1.schedule(ParentRunner.java:79)
  at org.junit.runners.ParentRunner.runChildren(ParentRunner.java:329)
  at org.junit.runners.ParentRunner.access$100(ParentRunner.java:66)
  at org.junit.runners.ParentRunner$2.evaluate(ParentRunner.java:293)
  at org.junit.runners.ParentRunner$3.evaluate(ParentRunner.java:306)
  at org.junit.runners.ParentRunner.run(ParentRunner.java:413)
  at org.junit.runner.JUnitCore.run(JUnitCore.java:137)
  at org.junit.runner.JUnitCore.run(JUnitCore.java:115)
  at org.gradle.api.internal.tasks.testing.junit.JUnitTestExecutor.runRequest(JUnitTestExecutor.java:175)
  at org.gradle.api.internal.tasks.testing.junit.JUnitTestExecutor.accept(JUnitTestExecutor.java:84)
  at org.gradle.api.internal.tasks.testing.junit.JUnitTestExecutor.accept(JUnitTestExecutor.java:47)
  at org.gradle.api.internal.tasks.testing.junit.AbstractJUnitTestDefinitionProcessor.processTestDefinition(AbstractJUnitTestDefinitionProcessor.java:65)
  at org.gradle.api.internal.tasks.testing.SuiteTestDefinitionProcessor.processTestDefinition(SuiteTestDefinitionProcessor.java:54)
  at java.base/jdk.internal.reflect.DirectMethodHandleAccessor.invoke(DirectMethodHandleAccessor.java:104)
  at java.base/java.lang.reflect.Method.invoke(Method.java:565)
  at org.gradle.internal.dispatch.MethodInvocation.invokeOn(MethodInvocation.java:77)
  at org.gradle.internal.dispatch.ReflectionDispatch.dispatch(ReflectionDispatch.java:28)
  at org.gradle.internal.dispatch.ReflectionDispatch.dispatch(ReflectionDispatch.java:19)
  at org.gradle.internal.dispatch.ContextClassLoaderDispatch.dispatch(ContextClassLoaderDispatch.java:33)
  at org.gradle.internal.dispatch.ProxyDispatchAdapter$DispatchingInvocationHandler.invoke(ProxyDispatchAdapter.java:88)
  at jdk.proxy1/jdk.proxy1.$Proxy4.processTestDefinition(Unknown Source)
  at org.gradle.api.internal.tasks.testing.worker.TestWorker$2.run(TestWorker.java:178)
  at org.gradle.api.internal.tasks.testing.worker.TestWorker.executeAndMaintainThreadName(TestWorker.java:126)
  at org.gradle.api.internal.tasks.testing.worker.TestWorker.execute(TestWorker.java:103)
  at org.gradle.api.internal.tasks.testing.worker.TestWorker.execute(TestWorker.java:63)
  at org.gradle.process.internal.worker.child.ActionExecutionWorker.execute(ActionExecutionWorker.java:56)
  at org.gradle.process.internal.worker.child.SystemApplicationClassLoaderWorker.call(SystemApplicationClassLoaderWorker.java:122)
  at org.gradle.process.internal.worker.child.SystemApplicationClassLoaderWorker.call(SystemApplicationClassLoaderWorker.java:72)
  at worker.org.gradle.process.internal.worker.GradleWorkerMain.run(GradleWorkerMain.java:69)
  at worker.org.gradle.process.internal.worker.GradleWorkerMain.main(GradleWorkerMain.java:74)
</stacktrace>
</test-failure>


TypeScriptCompilerTests_T[jvm] > typeParameterFixingWithContextSensitiveArguments2_ts has expected errors matching typeParameterFixingWithContextSensitiveArguments2_errors_txt[jvm] FAILED

<test-failure test="com.xemantic.typescript.compiler.TypeScriptCompilerTests_T.topLevelLambda3_ts has expected errors matching topLevelLambda3_errors_txt" platform="jvm">
<message>
Expected diagnostics from baseline typescript-repo/tests/baselines/reference/topLevelLambda3.errors.txt but none produced
</message>
<stacktrace>
  at com.xemantic.typescript.compiler.TypeScriptTestSupportKt.errorsMatchBaseline(TypeScriptTestSupport.kt:125)
  at com.xemantic.typescript.compiler.TypeScriptCompilerTests_T.topLevelLambda3_ts has expected errors matching topLevelLambda3_errors_txt(TypeScriptCompilerTests_T.kt:1092)
  at java.base/jdk.internal.reflect.DirectMethodHandleAccessor.invoke(DirectMethodHandleAccessor.java:104)
  at java.base/java.lang.reflect.Method.invoke(Method.java:565)
  at org.junit.runners.model.FrameworkMethod$1.runReflectiveCall(FrameworkMethod.java:59)
  at org.junit.internal.runners.model.ReflectiveCallable.run(ReflectiveCallable.java:12)
  at org.junit.runners.model.FrameworkMethod.invokeExplosively(FrameworkMethod.java:56)
  at org.junit.internal.runners.statements.InvokeMethod.evaluate(InvokeMethod.java:17)
  at org.junit.runners.ParentRunner$3.evaluate(ParentRunner.java:306)
  at org.junit.runners.BlockJUnit4ClassRunner$1.evaluate(BlockJUnit4ClassRunner.java:100)
  at org.junit.runners.ParentRunner.runLeaf(ParentRunner.java:366)
  at org.junit.runners.BlockJUnit4ClassRunner.runChild(BlockJUnit4ClassRunner.java:103)
  at org.junit.runners.BlockJUnit4ClassRunner.runChild(BlockJUnit4ClassRunner.java:63)
  at org.junit.runners.ParentRunner$4.run(ParentRunner.java:331)
  at org.junit.runners.ParentRunner$1.schedule(ParentRunner.java:79)
  at org.junit.runners.ParentRunner.runChildren(ParentRunner.java:329)
  at org.junit.runners.ParentRunner.access$100(ParentRunner.java:66)
  at org.junit.runners.ParentRunner$2.evaluate(ParentRunner.java:293)
  at org.junit.runners.ParentRunner$3.evaluate(ParentRunner.java:306)
  at org.junit.runners.ParentRunner.run(ParentRunner.java:413)
  at org.junit.runner.JUnitCore.run(JUnitCore.java:137)
  at org.junit.runner.JUnitCore.run(JUnitCore.java:115)
  at org.gradle.api.internal.tasks.testing.junit.JUnitTestExecutor.runRequest(JUnitTestExecutor.java:175)
  at org.gradle.api.internal.tasks.testing.junit.JUnitTestExecutor.accept(JUnitTestExecutor.java:84)
  at org.gradle.api.internal.tasks.testing.junit.JUnitTestExecutor.accept(JUnitTestExecutor.java:47)
  at org.gradle.api.internal.tasks.testing.junit.AbstractJUnitTestDefinitionProcessor.processTestDefinition(AbstractJUnitTestDefinitionProcessor.java:65)
  at org.gradle.api.internal.tasks.testing.SuiteTestDefinitionProcessor.processTestDefinition(SuiteTestDefinitionProcessor.java:54)
  at java.base/jdk.internal.reflect.DirectMethodHandleAccessor.invoke(DirectMethodHandleAccessor.java:104)
  at java.base/java.lang.reflect.Method.invoke(Method.java:565)
  at org.gradle.internal.dispatch.MethodInvocation.invokeOn(MethodInvocation.java:77)
  at org.gradle.internal.dispatch.ReflectionDispatch.dispatch(ReflectionDispatch.java:28)
  at org.gradle.internal.dispatch.ReflectionDispatch.dispatch(ReflectionDispatch.java:19)
  at org.gradle.internal.dispatch.ContextClassLoaderDispatch.dispatch(ContextClassLoaderDispatch.java:33)
  at org.gradle.internal.dispatch.ProxyDispatchAdapter$DispatchingInvocationHandler.invoke(ProxyDispatchAdapter.java:88)
  at jdk.proxy1/jdk.proxy1.$Proxy4.processTestDefinition(Unknown Source)
  at org.gradle.api.internal.tasks.testing.worker.TestWorker$2.run(TestWorker.java:178)
  at org.gradle.api.internal.tasks.testing.worker.TestWorker.executeAndMaintainThreadName(TestWorker.java:126)
  at org.gradle.api.internal.tasks.testing.worker.TestWorker.execute(TestWorker.java:103)
  at org.gradle.api.internal.tasks.testing.worker.TestWorker.execute(TestWorker.java:63)
  at org.gradle.process.internal.worker.child.ActionExecutionWorker.execute(ActionExecutionWorker.java:56)
  at org.gradle.process.internal.worker.child.SystemApplicationClassLoaderWorker.call(SystemApplicationClassLoaderWorker.java:122)
  at org.gradle.process.internal.worker.child.SystemApplicationClassLoaderWorker.call(SystemApplicationClassLoaderWorker.java:72)
  at worker.org.gradle.process.internal.worker.GradleWorkerMain.run(GradleWorkerMain.java:69)
  at worker.org.gradle.process.internal.worker.GradleWorkerMain.main(GradleWorkerMain.java:74)
</stacktrace>
</test-failure>


TypeScriptCompilerTests_T[jvm] > topLevelLambda3_ts has expected errors matching topLevelLambda3_errors_txt[jvm] FAILED

<test-failure test="com.xemantic.typescript.compiler.TypeScriptCompilerTests_T.tslibReExportHelpers2_ts compiles to JavaScript matching tslibReExportHelpers2_js" platform="jvm">
<message>
--- expected
+++ actual
@@ -44,13 +44,11 @@
 
 
 //// [index.mjs]
-var _a, _Foo_test;
-import { __classPrivateFieldGet } from "tslib";
 export class Foo {
     constructor() {
-        console.log(__classPrivateFieldGet(_a, _a, "m", _Foo_test).call(_a));
+        console.log(Foo.#test());
     }
+    static #test() {
+        return 'success';
+    }
 }
-_a = Foo, _Foo_test = function _Foo_test() {
-    return 'success';
-};

</message>
<stacktrace>
  at org.junit.Assert.fail(Assert.java:89)
  at kotlin.test.junit.JUnitAsserter.fail(JUnitSupport.kt:56)
  at kotlin.test.AssertionsKt__AssertionsKt.fail(Assertions.kt:563)
  at kotlin.test.AssertionsKt.fail(Unknown Source)
  at com.xemantic.kotlin.test.SameAsKt.sameAs(SameAs.kt:52)
  at com.xemantic.typescript.compiler.TypeScriptTestSupportKt.sameAs(TypeScriptTestSupport.kt:99)
  at com.xemantic.typescript.compiler.TypeScriptCompilerTests_T.tslibReExportHelpers2_ts compiles to JavaScript matching tslibReExportHelpers2_js(TypeScriptCompilerTests_T.kt:1498)
  at java.base/jdk.internal.reflect.DirectMethodHandleAccessor.invoke(DirectMethodHandleAccessor.java:104)
  at java.base/java.lang.reflect.Method.invoke(Method.java:565)
  at org.junit.runners.model.FrameworkMethod$1.runReflectiveCall(FrameworkMethod.java:59)
  at org.junit.internal.runners.model.ReflectiveCallable.run(ReflectiveCallable.java:12)
  at org.junit.runners.model.FrameworkMethod.invokeExplosively(FrameworkMethod.java:56)
  at org.junit.internal.runners.statements.InvokeMethod.evaluate(InvokeMethod.java:17)
  at org.junit.runners.ParentRunner$3.evaluate(ParentRunner.java:306)
  at org.junit.runners.BlockJUnit4ClassRunner$1.evaluate(BlockJUnit4ClassRunner.java:100)
  at org.junit.runners.ParentRunner.runLeaf(ParentRunner.java:366)
  at org.junit.runners.BlockJUnit4ClassRunner.runChild(BlockJUnit4ClassRunner.java:103)
  at org.junit.runners.BlockJUnit4ClassRunner.runChild(BlockJUnit4ClassRunner.java:63)
  at org.junit.runners.ParentRunner$4.run(ParentRunner.java:331)
  at org.junit.runners.ParentRunner$1.schedule(ParentRunner.java:79)
  at org.junit.runners.ParentRunner.runChildren(ParentRunner.java:329)
  at org.junit.runners.ParentRunner.access$100(ParentRunner.java:66)
  at org.junit.runners.ParentRunner$2.evaluate(ParentRunner.java:293)
  at org.junit.runners.ParentRunner$3.evaluate(ParentRunner.java:306)
  at org.junit.runners.ParentRunner.run(ParentRunner.java:413)
  at org.junit.runner.JUnitCore.run(JUnitCore.java:137)
  at org.junit.runner.JUnitCore.run(JUnitCore.java:115)
  at org.gradle.api.internal.tasks.testing.junit.JUnitTestExecutor.runRequest(JUnitTestExecutor.java:175)
  at org.gradle.api.internal.tasks.testing.junit.JUnitTestExecutor.accept(JUnitTestExecutor.java:84)
  at org.gradle.api.internal.tasks.testing.junit.JUnitTestExecutor.accept(JUnitTestExecutor.java:47)
  at org.gradle.api.internal.tasks.testing.junit.AbstractJUnitTestDefinitionProcessor.processTestDefinition(AbstractJUnitTestDefinitionProcessor.java:65)
  at org.gradle.api.internal.tasks.testing.SuiteTestDefinitionProcessor.processTestDefinition(SuiteTestDefinitionProcessor.java:54)
  at java.base/jdk.internal.reflect.DirectMethodHandleAccessor.invoke(DirectMethodHandleAccessor.java:104)
  at java.base/java.lang.reflect.Method.invoke(Method.java:565)
  at org.gradle.internal.dispatch.MethodInvocation.invokeOn(MethodInvocation.java:77)
  at org.gradle.internal.dispatch.ReflectionDispatch.dispatch(ReflectionDispatch.java:28)
  at org.gradle.internal.dispatch.ReflectionDispatch.dispatch(ReflectionDispatch.java:19)
  at org.gradle.internal.dispatch.ContextClassLoaderDispatch.dispatch(ContextClassLoaderDispatch.java:33)
  at org.gradle.internal.dispatch.ProxyDispatchAdapter$DispatchingInvocationHandler.invoke(ProxyDispatchAdapter.java:88)
  at jdk.proxy1/jdk.proxy1.$Proxy4.processTestDefinition(Unknown Source)
  at org.gradle.api.internal.tasks.testing.worker.TestWorker$2.run(TestWorker.java:178)
  at org.gradle.api.internal.tasks.testing.worker.TestWorker.executeAndMaintainThreadName(TestWorker.java:126)
  at org.gradle.api.internal.tasks.testing.worker.TestWorker.execute(TestWorker.java:103)
  at org.gradle.api.internal.tasks.testing.worker.TestWorker.execute(TestWorker.java:63)
  at org.gradle.process.internal.worker.child.ActionExecutionWorker.execute(ActionExecutionWorker.java:56)
  at org.gradle.process.internal.worker.child.SystemApplicationClassLoaderWorker.call(SystemApplicationClassLoaderWorker.java:122)
  at org.gradle.process.internal.worker.child.SystemApplicationClassLoaderWorker.call(SystemApplicationClassLoaderWorker.java:72)
  at worker.org.gradle.process.internal.worker.GradleWorkerMain.run(GradleWorkerMain.java:69)
  at worker.org.gradle.process.internal.worker.GradleWorkerMain.main(GradleWorkerMain.java:74)
</stacktrace>
</test-failure>


TypeScriptCompilerTests_T[jvm] > tslibReExportHelpers2_ts compiles to JavaScript matching tslibReExportHelpers2_js[jvm] FAILED

<test-failure test="com.xemantic.typescript.compiler.TypeScriptCompilerTests_T.taggedTemplatesWithIncompleteTemplateExpressions1_ts has expected errors matching taggedTemplatesWithIncompleteTemplateExpressions1_errors_txt" platform="jvm">
<message>
Expected diagnostics from baseline typescript-repo/tests/baselines/reference/taggedTemplatesWithIncompleteTemplateExpressions1.errors.txt but none produced
</message>
<stacktrace>
  at com.xemantic.typescript.compiler.TypeScriptTestSupportKt.errorsMatchBaseline(TypeScriptTestSupport.kt:125)
  at com.xemantic.typescript.compiler.TypeScriptCompilerTests_T.taggedTemplatesWithIncompleteTemplateExpressions1_ts has expected errors matching taggedTemplatesWithIncompleteTemplateExpressions1_errors_txt(TypeScriptCompilerTests_T.kt:182)
  at java.base/jdk.internal.reflect.DirectMethodHandleAccessor.invoke(DirectMethodHandleAccessor.java:104)
  at java.base/java.lang.reflect.Method.invoke(Method.java:565)
  at org.junit.runners.model.FrameworkMethod$1.runReflectiveCall(FrameworkMethod.java:59)
  at org.junit.internal.runners.model.ReflectiveCallable.run(ReflectiveCallable.java:12)
  at org.junit.runners.model.FrameworkMethod.invokeExplosively(FrameworkMethod.java:56)
  at org.junit.internal.runners.statements.InvokeMethod.evaluate(InvokeMethod.java:17)
  at org.junit.runners.ParentRunner$3.evaluate(ParentRunner.java:306)
  at org.junit.runners.BlockJUnit4ClassRunner$1.evaluate(BlockJUnit4ClassRunner.java:100)
  at org.junit.runners.ParentRunner.runLeaf(ParentRunner.java:366)
  at org.junit.runners.BlockJUnit4ClassRunner.runChild(BlockJUnit4ClassRunner.java:103)
  at org.junit.runners.BlockJUnit4ClassRunner.runChild(BlockJUnit4ClassRunner.java:63)
  at org.junit.runners.ParentRunner$4.run(ParentRunner.java:331)
  at org.junit.runners.ParentRunner$1.schedule(ParentRunner.java:79)
  at org.junit.runners.ParentRunner.runChildren(ParentRunner.java:329)
  at org.junit.runners.ParentRunner.access$100(ParentRunner.java:66)
  at org.junit.runners.ParentRunner$2.evaluate(ParentRunner.java:293)
  at org.junit.runners.ParentRunner$3.evaluate(ParentRunner.java:306)
  at org.junit.runners.ParentRunner.run(ParentRunner.java:413)
  at org.junit.runner.JUnitCore.run(JUnitCore.java:137)
  at org.junit.runner.JUnitCore.run(JUnitCore.java:115)
  at org.gradle.api.internal.tasks.testing.junit.JUnitTestExecutor.runRequest(JUnitTestExecutor.java:175)
  at org.gradle.api.internal.tasks.testing.junit.JUnitTestExecutor.accept(JUnitTestExecutor.java:84)
  at org.gradle.api.internal.tasks.testing.junit.JUnitTestExecutor.accept(JUnitTestExecutor.java:47)
  at org.gradle.api.internal.tasks.testing.junit.AbstractJUnitTestDefinitionProcessor.processTestDefinition(AbstractJUnitTestDefinitionProcessor.java:65)
  at org.gradle.api.internal.tasks.testing.SuiteTestDefinitionProcessor.processTestDefinition(SuiteTestDefinitionProcessor.java:54)
  at java.base/jdk.internal.reflect.DirectMethodHandleAccessor.invoke(DirectMethodHandleAccessor.java:104)
  at java.base/java.lang.reflect.Method.invoke(Method.java:565)
  at org.gradle.internal.dispatch.MethodInvocation.invokeOn(MethodInvocation.java:77)
  at org.gradle.internal.dispatch.ReflectionDispatch.dispatch(ReflectionDispatch.java:28)
  at org.gradle.internal.dispatch.ReflectionDispatch.dispatch(ReflectionDispatch.java:19)
  at org.gradle.internal.dispatch.ContextClassLoaderDispatch.dispatch(ContextClassLoaderDispatch.java:33)
  at org.gradle.internal.dispatch.ProxyDispatchAdapter$DispatchingInvocationHandler.invoke(ProxyDispatchAdapter.java:88)
  at jdk.proxy1/jdk.proxy1.$Proxy4.processTestDefinition(Unknown Source)
  at org.gradle.api.internal.tasks.testing.worker.TestWorker$2.run(TestWorker.java:178)
  at org.gradle.api.internal.tasks.testing.worker.TestWorker.executeAndMaintainThreadName(TestWorker.java:126)
  at org.gradle.api.internal.tasks.testing.worker.TestWorker.execute(TestWorker.java:103)
  at org.gradle.api.internal.tasks.testing.worker.TestWorker.execute(TestWorker.java:63)
  at org.gradle.process.internal.worker.child.ActionExecutionWorker.execute(ActionExecutionWorker.java:56)
  at org.gradle.process.internal.worker.child.SystemApplicationClassLoaderWorker.call(SystemApplicationClassLoaderWorker.java:122)
  at org.gradle.process.internal.worker.child.SystemApplicationClassLoaderWorker.call(SystemApplicationClassLoaderWorker.java:72)
  at worker.org.gradle.process.internal.worker.GradleWorkerMain.run(GradleWorkerMain.java:69)
  at worker.org.gradle.process.internal.worker.GradleWorkerMain.main(GradleWorkerMain.java:74)
</stacktrace>
</test-failure>


TypeScriptCompilerTests_T[jvm] > taggedTemplatesWithIncompleteTemplateExpressions1_ts has expected errors matching taggedTemplatesWithIncompleteTemplateExpressions1_errors_txt[jvm] FAILED

<test-failure test="com.xemantic.typescript.compiler.TypeScriptCompilerTests_T.typeofExternalModules_ts has expected errors matching typeofExternalModules_errors_txt" platform="jvm">
<message>
Expected diagnostics from baseline typescript-repo/tests/baselines/reference/typeofExternalModules.errors.txt but none produced
</message>
<stacktrace>
  at com.xemantic.typescript.compiler.TypeScriptTestSupportKt.errorsMatchBaseline(TypeScriptTestSupport.kt:125)
  at com.xemantic.typescript.compiler.TypeScriptCompilerTests_T.typeofExternalModules_ts has expected errors matching typeofExternalModules_errors_txt(TypeScriptCompilerTests_T.kt:3521)
  at java.base/jdk.internal.reflect.DirectMethodHandleAccessor.invoke(DirectMethodHandleAccessor.java:104)
  at java.base/java.lang.reflect.Method.invoke(Method.java:565)
  at org.junit.runners.model.FrameworkMethod$1.runReflectiveCall(FrameworkMethod.java:59)
  at org.junit.internal.runners.model.ReflectiveCallable.run(ReflectiveCallable.java:12)
  at org.junit.runners.model.FrameworkMethod.invokeExplosively(FrameworkMethod.java:56)
  at org.junit.internal.runners.statements.InvokeMethod.evaluate(InvokeMethod.java:17)
  at org.junit.runners.ParentRunner$3.evaluate(ParentRunner.java:306)
  at org.junit.runners.BlockJUnit4ClassRunner$1.evaluate(BlockJUnit4ClassRunner.java:100)
  at org.junit.runners.ParentRunner.runLeaf(ParentRunner.java:366)
  at org.junit.runners.BlockJUnit4ClassRunner.runChild(BlockJUnit4ClassRunner.java:103)
  at org.junit.runners.BlockJUnit4ClassRunner.runChild(BlockJUnit4ClassRunner.java:63)
  at org.junit.runners.ParentRunner$4.run(ParentRunner.java:331)
  at org.junit.runners.ParentRunner$1.schedule(ParentRunner.java:79)
  at org.junit.runners.ParentRunner.runChildren(ParentRunner.java:329)
  at org.junit.runners.ParentRunner.access$100(ParentRunner.java:66)
  at org.junit.runners.ParentRunner$2.evaluate(ParentRunner.java:293)
  at org.junit.runners.ParentRunner$3.evaluate(ParentRunner.java:306)
  at org.junit.runners.ParentRunner.run(ParentRunner.java:413)
  at org.junit.runner.JUnitCore.run(JUnitCore.java:137)
  at org.junit.runner.JUnitCore.run(JUnitCore.java:115)
  at org.gradle.api.internal.tasks.testing.junit.JUnitTestExecutor.runRequest(JUnitTestExecutor.java:175)
  at org.gradle.api.internal.tasks.testing.junit.JUnitTestExecutor.accept(JUnitTestExecutor.java:84)
  at org.gradle.api.internal.tasks.testing.junit.JUnitTestExecutor.accept(JUnitTestExecutor.java:47)
  at org.gradle.api.internal.tasks.testing.junit.AbstractJUnitTestDefinitionProcessor.processTestDefinition(AbstractJUnitTestDefinitionProcessor.java:65)
  at org.gradle.api.internal.tasks.testing.SuiteTestDefinitionProcessor.processTestDefinition(SuiteTestDefinitionProcessor.java:54)
  at java.base/jdk.internal.reflect.DirectMethodHandleAccessor.invoke(DirectMethodHandleAccessor.java:104)
  at java.base/java.lang.reflect.Method.invoke(Method.java:565)
  at org.gradle.internal.dispatch.MethodInvocation.invokeOn(MethodInvocation.java:77)
  at org.gradle.internal.dispatch.ReflectionDispatch.dispatch(ReflectionDispatch.java:28)
  at org.gradle.internal.dispatch.ReflectionDispatch.dispatch(ReflectionDispatch.java:19)
  at org.gradle.internal.dispatch.ContextClassLoaderDispatch.dispatch(ContextClassLoaderDispatch.java:33)
  at org.gradle.internal.dispatch.ProxyDispatchAdapter$DispatchingInvocationHandler.invoke(ProxyDispatchAdapter.java:88)
  at jdk.proxy1/jdk.proxy1.$Proxy4.processTestDefinition(Unknown Source)
  at org.gradle.api.internal.tasks.testing.worker.TestWorker$2.run(TestWorker.java:178)
  at org.gradle.api.internal.tasks.testing.worker.TestWorker.executeAndMaintainThreadName(TestWorker.java:126)
  at org.gradle.api.internal.tasks.testing.worker.TestWorker.execute(TestWorker.java:103)
  at org.gradle.api.internal.tasks.testing.worker.TestWorker.execute(TestWorker.java:63)
  at org.gradle.process.internal.worker.child.ActionExecutionWorker.execute(ActionExecutionWorker.java:56)
  at org.gradle.process.internal.worker.child.SystemApplicationClassLoaderWorker.call(SystemApplicationClassLoaderWorker.java:122)
  at org.gradle.process.internal.worker.child.SystemApplicationClassLoaderWorker.call(SystemApplicationClassLoaderWorker.java:72)
  at worker.org.gradle.process.internal.worker.GradleWorkerMain.run(GradleWorkerMain.java:69)
  at worker.org.gradle.process.internal.worker.GradleWorkerMain.main(GradleWorkerMain.java:74)
</stacktrace>
</test-failure>


TypeScriptCompilerTests_T[jvm] > typeofExternalModules_ts has expected errors matching typeofExternalModules_errors_txt[jvm] FAILED

<test-failure test="com.xemantic.typescript.compiler.TypeScriptCompilerTests_T.typeParametersInStaticAccessors_ts has expected errors matching typeParametersInStaticAccessors_errors_txt" platform="jvm">
<message>
--- expected
+++ actual
@@ -1,16 +1,10 @@
-typeParametersInStaticAccessors.ts(2,29): error TS2302: Static members cannot reference class type parameters.
 typeParametersInStaticAccessors.ts(2,33): error TS2322: Type 'null' is not assignable to type '() => T'.
-typeParametersInStaticAccessors.ts(3,28): error TS2302: Static members cannot reference class type parameters.
 
 
-==== typeParametersInStaticAccessors.ts (3 errors) ====
+==== typeParametersInStaticAccessors.ts (1 errors) ====
     class foo<T> {
         static get Foo(): () => T { return null; }
-                                ~
-!!! error TS2302: Static members cannot reference class type parameters.
                                     ~~~~~~
 !!! error TS2322: Type 'null' is not assignable to type '() => T'.
         static set Bar(v: { v: T }) { }
-                               ~
-!!! error TS2302: Static members cannot reference class type parameters.
     }

</message>
<stacktrace>
  at org.junit.Assert.fail(Assert.java:89)
  at kotlin.test.junit.JUnitAsserter.fail(JUnitSupport.kt:56)
  at kotlin.test.AssertionsKt__AssertionsKt.fail(Assertions.kt:563)
  at kotlin.test.AssertionsKt.fail(Unknown Source)
  at com.xemantic.kotlin.test.SameAsKt.sameAs(SameAs.kt:52)
  at com.xemantic.typescript.compiler.TypeScriptTestSupportKt.errorsMatchBaseline(TypeScriptTestSupport.kt:135)
  at com.xemantic.typescript.compiler.TypeScriptCompilerTests_T.typeParametersInStaticAccessors_ts has expected errors matching typeParametersInStaticAccessors_errors_txt(TypeScriptCompilerTests_T.kt:2933)
  at java.base/jdk.internal.reflect.DirectMethodHandleAccessor.invoke(DirectMethodHandleAccessor.java:104)
  at java.base/java.lang.reflect.Method.invoke(Method.java:565)
  at org.junit.runners.model.FrameworkMethod$1.runReflectiveCall(FrameworkMethod.java:59)
  at org.junit.internal.runners.model.ReflectiveCallable.run(ReflectiveCallable.java:12)
  at org.junit.runners.model.FrameworkMethod.invokeExplosively(FrameworkMethod.java:56)
  at org.junit.internal.runners.statements.InvokeMethod.evaluate(InvokeMethod.java:17)
  at org.junit.runners.ParentRunner$3.evaluate(ParentRunner.java:306)
  at org.junit.runners.BlockJUnit4ClassRunner$1.evaluate(BlockJUnit4ClassRunner.java:100)
  at org.junit.runners.ParentRunner.runLeaf(ParentRunner.java:366)
  at org.junit.runners.BlockJUnit4ClassRunner.runChild(BlockJUnit4ClassRunner.java:103)
  at org.junit.runners.BlockJUnit4ClassRunner.runChild(BlockJUnit4ClassRunner.java:63)
  at org.junit.runners.ParentRunner$4.run(ParentRunner.java:331)
  at org.junit.runners.ParentRunner$1.schedule(ParentRunner.java:79)
  at org.junit.runners.ParentRunner.runChildren(ParentRunner.java:329)
  at org.junit.runners.ParentRunner.access$100(ParentRunner.java:66)
  at org.junit.runners.ParentRunner$2.evaluate(ParentRunner.java:293)
  at org.junit.runners.ParentRunner$3.evaluate(ParentRunner.java:306)
  at org.junit.runners.ParentRunner.run(ParentRunner.java:413)
  at org.junit.runner.JUnitCore.run(JUnitCore.java:137)
  at org.junit.runner.JUnitCore.run(JUnitCore.java:115)
  at org.gradle.api.internal.tasks.testing.junit.JUnitTestExecutor.runRequest(JUnitTestExecutor.java:175)
  at org.gradle.api.internal.tasks.testing.junit.JUnitTestExecutor.accept(JUnitTestExecutor.java:84)
  at org.gradle.api.internal.tasks.testing.junit.JUnitTestExecutor.accept(JUnitTestExecutor.java:47)
  at org.gradle.api.internal.tasks.testing.junit.AbstractJUnitTestDefinitionProcessor.processTestDefinition(AbstractJUnitTestDefinitionProcessor.java:65)
  at org.gradle.api.internal.tasks.testing.SuiteTestDefinitionProcessor.processTestDefinition(SuiteTestDefinitionProcessor.java:54)
  at java.base/jdk.internal.reflect.DirectMethodHandleAccessor.invoke(DirectMethodHandleAccessor.java:104)
  at java.base/java.lang.reflect.Method.invoke(Method.java:565)
  at org.gradle.internal.dispatch.MethodInvocation.invokeOn(MethodInvocation.java:77)
  at org.gradle.internal.dispatch.ReflectionDispatch.dispatch(ReflectionDispatch.java:28)
  at org.gradle.internal.dispatch.ReflectionDispatch.dispatch(ReflectionDispatch.java:19)
  at org.gradle.internal.dispatch.ContextClassLoaderDispatch.dispatch(ContextClassLoaderDispatch.java:33)
  at org.gradle.internal.dispatch.ProxyDispatchAdapter$DispatchingInvocationHandler.invoke(ProxyDispatchAdapter.java:88)
  at jdk.proxy1/jdk.proxy1.$Proxy4.processTestDefinition(Unknown Source)
  at org.gradle.api.internal.tasks.testing.worker.TestWorker$2.run(TestWorker.java:178)
  at org.gradle.api.internal.tasks.testing.worker.TestWorker.executeAndMaintainThreadName(TestWorker.java:126)
  at org.gradle.api.internal.tasks.testing.worker.TestWorker.execute(TestWorker.java:103)
  at org.gradle.api.internal.tasks.testing.worker.TestWorker.execute(TestWorker.java:63)
  at org.gradle.process.internal.worker.child.ActionExecutionWorker.execute(ActionExecutionWorker.java:56)
  at org.gradle.process.internal.worker.child.SystemApplicationClassLoaderWorker.call(SystemApplicationClassLoaderWorker.java:122)
  at org.gradle.process.internal.worker.child.SystemApplicationClassLoaderWorker.call(SystemApplicationClassLoaderWorker.java:72)
  at worker.org.gradle.process.internal.worker.GradleWorkerMain.run(GradleWorkerMain.java:69)
  at worker.org.gradle.process.internal.worker.GradleWorkerMain.main(GradleWorkerMain.java:74)
</stacktrace>
</test-failure>


TypeScriptCompilerTests_T[jvm] > typeParametersInStaticAccessors_ts has expected errors matching typeParametersInStaticAccessors_errors_txt[jvm] FAILED

<test-failure test="com.xemantic.typescript.compiler.TypeScriptCompilerTests_T.typeParameterArgumentEquivalence5_ts has expected errors matching typeParameterArgumentEquivalence5_errors_txt" platform="jvm">
<message>
Expected diagnostics from baseline typescript-repo/tests/baselines/reference/typeParameterArgumentEquivalence5.errors.txt but none produced
</message>
<stacktrace>
  at com.xemantic.typescript.compiler.TypeScriptTestSupportKt.errorsMatchBaseline(TypeScriptTestSupport.kt:125)
  at com.xemantic.typescript.compiler.TypeScriptCompilerTests_T.typeParameterArgumentEquivalence5_ts has expected errors matching typeParameterArgumentEquivalence5_errors_txt(TypeScriptCompilerTests_T.kt:2548)
  at java.base/jdk.internal.reflect.DirectMethodHandleAccessor.invoke(DirectMethodHandleAccessor.java:104)
  at java.base/java.lang.reflect.Method.invoke(Method.java:565)
  at org.junit.runners.model.FrameworkMethod$1.runReflectiveCall(FrameworkMethod.java:59)
  at org.junit.internal.runners.model.ReflectiveCallable.run(ReflectiveCallable.java:12)
  at org.junit.runners.model.FrameworkMethod.invokeExplosively(FrameworkMethod.java:56)
  at org.junit.internal.runners.statements.InvokeMethod.evaluate(InvokeMethod.java:17)
  at org.junit.runners.ParentRunner$3.evaluate(ParentRunner.java:306)
  at org.junit.runners.BlockJUnit4ClassRunner$1.evaluate(BlockJUnit4ClassRunner.java:100)
  at org.junit.runners.ParentRunner.runLeaf(ParentRunner.java:366)
  at org.junit.runners.BlockJUnit4ClassRunner.runChild(BlockJUnit4ClassRunner.java:103)
  at org.junit.runners.BlockJUnit4ClassRunner.runChild(BlockJUnit4ClassRunner.java:63)
  at org.junit.runners.ParentRunner$4.run(ParentRunner.java:331)
  at org.junit.runners.ParentRunner$1.schedule(ParentRunner.java:79)
  at org.junit.runners.ParentRunner.runChildren(ParentRunner.java:329)
  at org.junit.runners.ParentRunner.access$100(ParentRunner.java:66)
  at org.junit.runners.ParentRunner$2.evaluate(ParentRunner.java:293)
  at org.junit.runners.ParentRunner$3.evaluate(ParentRunner.java:306)
  at org.junit.runners.ParentRunner.run(ParentRunner.java:413)
  at org.junit.runner.JUnitCore.run(JUnitCore.java:137)
  at org.junit.runner.JUnitCore.run(JUnitCore.java:115)
  at org.gradle.api.internal.tasks.testing.junit.JUnitTestExecutor.runRequest(JUnitTestExecutor.java:175)
  at org.gradle.api.internal.tasks.testing.junit.JUnitTestExecutor.accept(JUnitTestExecutor.java:84)
  at org.gradle.api.internal.tasks.testing.junit.JUnitTestExecutor.accept(JUnitTestExecutor.java:47)
  at org.gradle.api.internal.tasks.testing.junit.AbstractJUnitTestDefinitionProcessor.processTestDefinition(AbstractJUnitTestDefinitionProcessor.java:65)
  at org.gradle.api.internal.tasks.testing.SuiteTestDefinitionProcessor.processTestDefinition(SuiteTestDefinitionProcessor.java:54)
  at java.base/jdk.internal.reflect.DirectMethodHandleAccessor.invoke(DirectMethodHandleAccessor.java:104)
  at java.base/java.lang.reflect.Method.invoke(Method.java:565)
  at org.gradle.internal.dispatch.MethodInvocation.invokeOn(MethodInvocation.java:77)
  at org.gradle.internal.dispatch.ReflectionDispatch.dispatch(ReflectionDispatch.java:28)
  at org.gradle.internal.dispatch.ReflectionDispatch.dispatch(ReflectionDispatch.java:19)
  at org.gradle.internal.dispatch.ContextClassLoaderDispatch.dispatch(ContextClassLoaderDispatch.java:33)
  at org.gradle.internal.dispatch.ProxyDispatchAdapter$DispatchingInvocationHandler.invoke(ProxyDispatchAdapter.java:88)
  at jdk.proxy1/jdk.proxy1.$Proxy4.processTestDefinition(Unknown Source)
  at org.gradle.api.internal.tasks.testing.worker.TestWorker$2.run(TestWorker.java:178)
  at org.gradle.api.internal.tasks.testing.worker.TestWorker.executeAndMaintainThreadName(TestWorker.java:126)
  at org.gradle.api.internal.tasks.testing.worker.TestWorker.execute(TestWorker.java:103)
  at org.gradle.api.internal.tasks.testing.worker.TestWorker.execute(TestWorker.java:63)
  at org.gradle.process.internal.worker.child.ActionExecutionWorker.execute(ActionExecutionWorker.java:56)
  at org.gradle.process.internal.worker.child.SystemApplicationClassLoaderWorker.call(SystemApplicationClassLoaderWorker.java:122)
  at org.gradle.process.internal.worker.child.SystemApplicationClassLoaderWorker.call(SystemApplicationClassLoaderWorker.java:72)
  at worker.org.gradle.process.internal.worker.GradleWorkerMain.run(GradleWorkerMain.java:69)
  at worker.org.gradle.process.internal.worker.GradleWorkerMain.main(GradleWorkerMain.java:74)
</stacktrace>
</test-failure>


TypeScriptCompilerTests_T[jvm] > typeParameterArgumentEquivalence5_ts has expected errors matching typeParameterArgumentEquivalence5_errors_txt[jvm] FAILED

<test-failure test="com.xemantic.typescript.compiler.TypeScriptCompilerTests_T.typeOfEnumAndVarRedeclarations_ts has expected errors matching typeOfEnumAndVarRedeclarations_errors_txt" platform="jvm">
<message>
Expected diagnostics from baseline typescript-repo/tests/baselines/reference/typeOfEnumAndVarRedeclarations.errors.txt but none produced
</message>
<stacktrace>
  at com.xemantic.typescript.compiler.TypeScriptTestSupportKt.errorsMatchBaseline(TypeScriptTestSupport.kt:125)
  at com.xemantic.typescript.compiler.TypeScriptCompilerTests_T.typeOfEnumAndVarRedeclarations_ts has expected errors matching typeOfEnumAndVarRedeclarations_errors_txt(TypeScriptCompilerTests_T.kt:2387)
  at java.base/jdk.internal.reflect.DirectMethodHandleAccessor.invoke(DirectMethodHandleAccessor.java:104)
  at java.base/java.lang.reflect.Method.invoke(Method.java:565)
  at org.junit.runners.model.FrameworkMethod$1.runReflectiveCall(FrameworkMethod.java:59)
  at org.junit.internal.runners.model.ReflectiveCallable.run(ReflectiveCallable.java:12)
  at org.junit.runners.model.FrameworkMethod.invokeExplosively(FrameworkMethod.java:56)
  at org.junit.internal.runners.statements.InvokeMethod.evaluate(InvokeMethod.java:17)
  at org.junit.runners.ParentRunner$3.evaluate(ParentRunner.java:306)
  at org.junit.runners.BlockJUnit4ClassRunner$1.evaluate(BlockJUnit4ClassRunner.java:100)
  at org.junit.runners.ParentRunner.runLeaf(ParentRunner.java:366)
  at org.junit.runners.BlockJUnit4ClassRunner.runChild(BlockJUnit4ClassRunner.java:103)
  at org.junit.runners.BlockJUnit4ClassRunner.runChild(BlockJUnit4ClassRunner.java:63)
  at org.junit.runners.ParentRunner$4.run(ParentRunner.java:331)
  at org.junit.runners.ParentRunner$1.schedule(ParentRunner.java:79)
  at org.junit.runners.ParentRunner.runChildren(ParentRunner.java:329)
  at org.junit.runners.ParentRunner.access$100(ParentRunner.java:66)
  at org.junit.runners.ParentRunner$2.evaluate(ParentRunner.java:293)
  at org.junit.runners.ParentRunner$3.evaluate(ParentRunner.java:306)
  at org.junit.runners.ParentRunner.run(ParentRunner.java:413)
  at org.junit.runner.JUnitCore.run(JUnitCore.java:137)
  at org.junit.runner.JUnitCore.run(JUnitCore.java:115)
  at org.gradle.api.internal.tasks.testing.junit.JUnitTestExecutor.runRequest(JUnitTestExecutor.java:175)
  at org.gradle.api.internal.tasks.testing.junit.JUnitTestExecutor.accept(JUnitTestExecutor.java:84)
  at org.gradle.api.internal.tasks.testing.junit.JUnitTestExecutor.accept(JUnitTestExecutor.java:47)
  at org.gradle.api.internal.tasks.testing.junit.AbstractJUnitTestDefinitionProcessor.processTestDefinition(AbstractJUnitTestDefinitionProcessor.java:65)
  at org.gradle.api.internal.tasks.testing.SuiteTestDefinitionProcessor.processTestDefinition(SuiteTestDefinitionProcessor.java:54)
  at java.base/jdk.internal.reflect.DirectMethodHandleAccessor.invoke(DirectMethodHandleAccessor.java:104)
  at java.base/java.lang.reflect.Method.invoke(Method.java:565)
  at org.gradle.internal.dispatch.MethodInvocation.invokeOn(MethodInvocation.java:77)
  at org.gradle.internal.dispatch.ReflectionDispatch.dispatch(ReflectionDispatch.java:28)
  at org.gradle.internal.dispatch.ReflectionDispatch.dispatch(ReflectionDispatch.java:19)
  at org.gradle.internal.dispatch.ContextClassLoaderDispatch.dispatch(ContextClassLoaderDispatch.java:33)
  at org.gradle.internal.dispatch.ProxyDispatchAdapter$DispatchingInvocationHandler.invoke(ProxyDispatchAdapter.java:88)
  at jdk.proxy1/jdk.proxy1.$Proxy4.processTestDefinition(Unknown Source)
  at org.gradle.api.internal.tasks.testing.worker.TestWorker$2.run(TestWorker.java:178)
  at org.gradle.api.internal.tasks.testing.worker.TestWorker.executeAndMaintainThreadName(TestWorker.java:126)
  at org.gradle.api.internal.tasks.testing.worker.TestWorker.execute(TestWorker.java:103)
  at org.gradle.api.internal.tasks.testing.worker.TestWorker.execute(TestWorker.java:63)
  at org.gradle.process.internal.worker.child.ActionExecutionWorker.execute(ActionExecutionWorker.java:56)
  at org.gradle.process.internal.worker.child.SystemApplicationClassLoaderWorker.call(SystemApplicationClassLoaderWorker.java:122)
  at org.gradle.process.internal.worker.child.SystemApplicationClassLoaderWorker.call(SystemApplicationClassLoaderWorker.java:72)
  at worker.org.gradle.process.internal.worker.GradleWorkerMain.run(GradleWorkerMain.java:69)
  at worker.org.gradle.process.internal.worker.GradleWorkerMain.main(GradleWorkerMain.java:74)
</stacktrace>
</test-failure>


TypeScriptCompilerTests_T[jvm] > typeOfEnumAndVarRedeclarations_ts has expected errors matching typeOfEnumAndVarRedeclarations_errors_txt[jvm] FAILED

<test-failure test="com.xemantic.typescript.compiler.TypeScriptCompilerTests_T.typeValueConflict2_ts has expected errors matching typeValueConflict2_errors_txt" platform="jvm">
<message>
Expected diagnostics from baseline typescript-repo/tests/baselines/reference/typeValueConflict2.errors.txt but none produced
</message>
<stacktrace>
  at com.xemantic.typescript.compiler.TypeScriptTestSupportKt.errorsMatchBaseline(TypeScriptTestSupport.kt:125)
  at com.xemantic.typescript.compiler.TypeScriptCompilerTests_T.typeValueConflict2_ts has expected errors matching typeValueConflict2_errors_txt(TypeScriptCompilerTests_T.kt:3360)
  at java.base/jdk.internal.reflect.DirectMethodHandleAccessor.invoke(DirectMethodHandleAccessor.java:104)
  at java.base/java.lang.reflect.Method.invoke(Method.java:565)
  at org.junit.runners.model.FrameworkMethod$1.runReflectiveCall(FrameworkMethod.java:59)
  at org.junit.internal.runners.model.ReflectiveCallable.run(ReflectiveCallable.java:12)
  at org.junit.runners.model.FrameworkMethod.invokeExplosively(FrameworkMethod.java:56)
  at org.junit.internal.runners.statements.InvokeMethod.evaluate(InvokeMethod.java:17)
  at org.junit.runners.ParentRunner$3.evaluate(ParentRunner.java:306)
  at org.junit.runners.BlockJUnit4ClassRunner$1.evaluate(BlockJUnit4ClassRunner.java:100)
  at org.junit.runners.ParentRunner.runLeaf(ParentRunner.java:366)
  at org.junit.runners.BlockJUnit4ClassRunner.runChild(BlockJUnit4ClassRunner.java:103)
  at org.junit.runners.BlockJUnit4ClassRunner.runChild(BlockJUnit4ClassRunner.java:63)
  at org.junit.runners.ParentRunner$4.run(ParentRunner.java:331)
  at org.junit.runners.ParentRunner$1.schedule(ParentRunner.java:79)
  at org.junit.runners.ParentRunner.runChildren(ParentRunner.java:329)
  at org.junit.runners.ParentRunner.access$100(ParentRunner.java:66)
  at org.junit.runners.ParentRunner$2.evaluate(ParentRunner.java:293)
  at org.junit.runners.ParentRunner$3.evaluate(ParentRunner.java:306)
  at org.junit.runners.ParentRunner.run(ParentRunner.java:413)
  at org.junit.runner.JUnitCore.run(JUnitCore.java:137)
  at org.junit.runner.JUnitCore.run(JUnitCore.java:115)
  at org.gradle.api.internal.tasks.testing.junit.JUnitTestExecutor.runRequest(JUnitTestExecutor.java:175)
  at org.gradle.api.internal.tasks.testing.junit.JUnitTestExecutor.accept(JUnitTestExecutor.java:84)
  at org.gradle.api.internal.tasks.testing.junit.JUnitTestExecutor.accept(JUnitTestExecutor.java:47)
  at org.gradle.api.internal.tasks.testing.junit.AbstractJUnitTestDefinitionProcessor.processTestDefinition(AbstractJUnitTestDefinitionProcessor.java:65)
  at org.gradle.api.internal.tasks.testing.SuiteTestDefinitionProcessor.processTestDefinition(SuiteTestDefinitionProcessor.java:54)
  at java.base/jdk.internal.reflect.DirectMethodHandleAccessor.invoke(DirectMethodHandleAccessor.java:104)
  at java.base/java.lang.reflect.Method.invoke(Method.java:565)
  at org.gradle.internal.dispatch.MethodInvocation.invokeOn(MethodInvocation.java:77)
  at org.gradle.internal.dispatch.ReflectionDispatch.dispatch(ReflectionDispatch.java:28)
  at org.gradle.internal.dispatch.ReflectionDispatch.dispatch(ReflectionDispatch.java:19)
  at org.gradle.internal.dispatch.ContextClassLoaderDispatch.dispatch(ContextClassLoaderDispatch.java:33)
  at org.gradle.internal.dispatch.ProxyDispatchAdapter$DispatchingInvocationHandler.invoke(ProxyDispatchAdapter.java:88)
  at jdk.proxy1/jdk.proxy1.$Proxy4.processTestDefinition(Unknown Source)
  at org.gradle.api.internal.tasks.testing.worker.TestWorker$2.run(TestWorker.java:178)
  at org.gradle.api.internal.tasks.testing.worker.TestWorker.executeAndMaintainThreadName(TestWorker.java:126)
  at org.gradle.api.internal.tasks.testing.worker.TestWorker.execute(TestWorker.java:103)
  at org.gradle.api.internal.tasks.testing.worker.TestWorker.execute(TestWorker.java:63)
  at org.gradle.process.internal.worker.child.ActionExecutionWorker.execute(ActionExecutionWorker.java:56)
  at org.gradle.process.internal.worker.child.SystemApplicationClassLoaderWorker.call(SystemApplicationClassLoaderWorker.java:122)
  at org.gradle.process.internal.worker.child.SystemApplicationClassLoaderWorker.call(SystemApplicationClassLoaderWorker.java:72)
  at worker.org.gradle.process.internal.worker.GradleWorkerMain.run(GradleWorkerMain.java:69)
  at worker.org.gradle.process.internal.worker.GradleWorkerMain.main(GradleWorkerMain.java:74)
</stacktrace>
</test-failure>


TypeScriptCompilerTests_T[jvm] > typeValueConflict2_ts has expected errors matching typeValueConflict2_errors_txt[jvm] FAILED

<test-failure test="com.xemantic.typescript.compiler.TypeScriptCompilerTests_T.templateLiteralIntersection2_ts has expected errors matching templateLiteralIntersection2_errors_txt" platform="jvm">
<message>
Expected diagnostics from baseline typescript-repo/tests/baselines/reference/templateLiteralIntersection2.errors.txt but none produced
</message>
<stacktrace>
  at com.xemantic.typescript.compiler.TypeScriptTestSupportKt.errorsMatchBaseline(TypeScriptTestSupport.kt:125)
  at com.xemantic.typescript.compiler.TypeScriptCompilerTests_T.templateLiteralIntersection2_ts has expected errors matching templateLiteralIntersection2_errors_txt(TypeScriptCompilerTests_T.kt:434)
  at java.base/jdk.internal.reflect.DirectMethodHandleAccessor.invoke(DirectMethodHandleAccessor.java:104)
  at java.base/java.lang.reflect.Method.invoke(Method.java:565)
  at org.junit.runners.model.FrameworkMethod$1.runReflectiveCall(FrameworkMethod.java:59)
  at org.junit.internal.runners.model.ReflectiveCallable.run(ReflectiveCallable.java:12)
  at org.junit.runners.model.FrameworkMethod.invokeExplosively(FrameworkMethod.java:56)
  at org.junit.internal.runners.statements.InvokeMethod.evaluate(InvokeMethod.java:17)
  at org.junit.runners.ParentRunner$3.evaluate(ParentRunner.java:306)
  at org.junit.runners.BlockJUnit4ClassRunner$1.evaluate(BlockJUnit4ClassRunner.java:100)
  at org.junit.runners.ParentRunner.runLeaf(ParentRunner.java:366)
  at org.junit.runners.BlockJUnit4ClassRunner.runChild(BlockJUnit4ClassRunner.java:103)
  at org.junit.runners.BlockJUnit4ClassRunner.runChild(BlockJUnit4ClassRunner.java:63)
  at org.junit.runners.ParentRunner$4.run(ParentRunner.java:331)
  at org.junit.runners.ParentRunner$1.schedule(ParentRunner.java:79)
  at org.junit.runners.ParentRunner.runChildren(ParentRunner.java:329)
  at org.junit.runners.ParentRunner.access$100(ParentRunner.java:66)
  at org.junit.runners.ParentRunner$2.evaluate(ParentRunner.java:293)
  at org.junit.runners.ParentRunner$3.evaluate(ParentRunner.java:306)
  at org.junit.runners.ParentRunner.run(ParentRunner.java:413)
  at org.junit.runner.JUnitCore.run(JUnitCore.java:137)
  at org.junit.runner.JUnitCore.run(JUnitCore.java:115)
  at org.gradle.api.internal.tasks.testing.junit.JUnitTestExecutor.runRequest(JUnitTestExecutor.java:175)
  at org.gradle.api.internal.tasks.testing.junit.JUnitTestExecutor.accept(JUnitTestExecutor.java:84)
  at org.gradle.api.internal.tasks.testing.junit.JUnitTestExecutor.accept(JUnitTestExecutor.java:47)
  at org.gradle.api.internal.tasks.testing.junit.AbstractJUnitTestDefinitionProcessor.processTestDefinition(AbstractJUnitTestDefinitionProcessor.java:65)
  at org.gradle.api.internal.tasks.testing.SuiteTestDefinitionProcessor.processTestDefinition(SuiteTestDefinitionProcessor.java:54)
  at java.base/jdk.internal.reflect.DirectMethodHandleAccessor.invoke(DirectMethodHandleAccessor.java:104)
  at java.base/java.lang.reflect.Method.invoke(Method.java:565)
  at org.gradle.internal.dispatch.MethodInvocation.invokeOn(MethodInvocation.java:77)
  at org.gradle.internal.dispatch.ReflectionDispatch.dispatch(ReflectionDispatch.java:28)
  at org.gradle.internal.dispatch.ReflectionDispatch.dispatch(ReflectionDispatch.java:19)
  at org.gradle.internal.dispatch.ContextClassLoaderDispatch.dispatch(ContextClassLoaderDispatch.java:33)
  at org.gradle.internal.dispatch.ProxyDispatchAdapter$DispatchingInvocationHandler.invoke(ProxyDispatchAdapter.java:88)
  at jdk.proxy1/jdk.proxy1.$Proxy4.processTestDefinition(Unknown Source)
  at org.gradle.api.internal.tasks.testing.worker.TestWorker$2.run(TestWorker.java:178)
  at org.gradle.api.internal.tasks.testing.worker.TestWorker.executeAndMaintainThreadName(TestWorker.java:126)
  at org.gradle.api.internal.tasks.testing.worker.TestWorker.execute(TestWorker.java:103)
  at org.gradle.api.internal.tasks.testing.worker.TestWorker.execute(TestWorker.java:63)
  at org.gradle.process.internal.worker.child.ActionExecutionWorker.execute(ActionExecutionWorker.java:56)
  at org.gradle.process.internal.worker.child.SystemApplicationClassLoaderWorker.call(SystemApplicationClassLoaderWorker.java:122)
  at org.gradle.process.internal.worker.child.SystemApplicationClassLoaderWorker.call(SystemApplicationClassLoaderWorker.java:72)
  at worker.org.gradle.process.internal.worker.GradleWorkerMain.run(GradleWorkerMain.java:69)
  at worker.org.gradle.process.internal.worker.GradleWorkerMain.main(GradleWorkerMain.java:74)
</stacktrace>
</test-failure>


TypeScriptCompilerTests_T[jvm] > templateLiteralIntersection2_ts has expected errors matching templateLiteralIntersection2_errors_txt[jvm] FAILED

<test-failure test="com.xemantic.typescript.compiler.TypeScriptCompilerTests_T.topLevelLambda_ts has expected errors matching topLevelLambda_errors_txt" platform="jvm">
<message>
Expected diagnostics from baseline typescript-repo/tests/baselines/reference/topLevelLambda.errors.txt but none produced
</message>
<stacktrace>
  at com.xemantic.typescript.compiler.TypeScriptTestSupportKt.errorsMatchBaseline(TypeScriptTestSupport.kt:125)
  at com.xemantic.typescript.compiler.TypeScriptCompilerTests_T.topLevelLambda_ts has expected errors matching topLevelLambda_errors_txt(TypeScriptCompilerTests_T.kt:1071)
  at java.base/jdk.internal.reflect.DirectMethodHandleAccessor.invoke(DirectMethodHandleAccessor.java:104)
  at java.base/java.lang.reflect.Method.invoke(Method.java:565)
  at org.junit.runners.model.FrameworkMethod$1.runReflectiveCall(FrameworkMethod.java:59)
  at org.junit.internal.runners.model.ReflectiveCallable.run(ReflectiveCallable.java:12)
  at org.junit.runners.model.FrameworkMethod.invokeExplosively(FrameworkMethod.java:56)
  at org.junit.internal.runners.statements.InvokeMethod.evaluate(InvokeMethod.java:17)
  at org.junit.runners.ParentRunner$3.evaluate(ParentRunner.java:306)
  at org.junit.runners.BlockJUnit4ClassRunner$1.evaluate(BlockJUnit4ClassRunner.java:100)
  at org.junit.runners.ParentRunner.runLeaf(ParentRunner.java:366)
  at org.junit.runners.BlockJUnit4ClassRunner.runChild(BlockJUnit4ClassRunner.java:103)
  at org.junit.runners.BlockJUnit4ClassRunner.runChild(BlockJUnit4ClassRunner.java:63)
  at org.junit.runners.ParentRunner$4.run(ParentRunner.java:331)
  at org.junit.runners.ParentRunner$1.schedule(ParentRunner.java:79)
  at org.junit.runners.ParentRunner.runChildren(ParentRunner.java:329)
  at org.junit.runners.ParentRunner.access$100(ParentRunner.java:66)
  at org.junit.runners.ParentRunner$2.evaluate(ParentRunner.java:293)
  at org.junit.runners.ParentRunner$3.evaluate(ParentRunner.java:306)
  at org.junit.runners.ParentRunner.run(ParentRunner.java:413)
  at org.junit.runner.JUnitCore.run(JUnitCore.java:137)
  at org.junit.runner.JUnitCore.run(JUnitCore.java:115)
  at org.gradle.api.internal.tasks.testing.junit.JUnitTestExecutor.runRequest(JUnitTestExecutor.java:175)
  at org.gradle.api.internal.tasks.testing.junit.JUnitTestExecutor.accept(JUnitTestExecutor.java:84)
  at org.gradle.api.internal.tasks.testing.junit.JUnitTestExecutor.accept(JUnitTestExecutor.java:47)
  at org.gradle.api.internal.tasks.testing.junit.AbstractJUnitTestDefinitionProcessor.processTestDefinition(AbstractJUnitTestDefinitionProcessor.java:65)
  at org.gradle.api.internal.tasks.testing.SuiteTestDefinitionProcessor.processTestDefinition(SuiteTestDefinitionProcessor.java:54)
  at java.base/jdk.internal.reflect.DirectMethodHandleAccessor.invoke(DirectMethodHandleAccessor.java:104)
  at java.base/java.lang.reflect.Method.invoke(Method.java:565)
  at org.gradle.internal.dispatch.MethodInvocation.invokeOn(MethodInvocation.java:77)
  at org.gradle.internal.dispatch.ReflectionDispatch.dispatch(ReflectionDispatch.java:28)
  at org.gradle.internal.dispatch.ReflectionDispatch.dispatch(ReflectionDispatch.java:19)
  at org.gradle.internal.dispatch.ContextClassLoaderDispatch.dispatch(ContextClassLoaderDispatch.java:33)
  at org.gradle.internal.dispatch.ProxyDispatchAdapter$DispatchingInvocationHandler.invoke(ProxyDispatchAdapter.java:88)
  at jdk.proxy1/jdk.proxy1.$Proxy4.processTestDefinition(Unknown Source)
  at org.gradle.api.internal.tasks.testing.worker.TestWorker$2.run(TestWorker.java:178)
  at org.gradle.api.internal.tasks.testing.worker.TestWorker.executeAndMaintainThreadName(TestWorker.java:126)
  at org.gradle.api.internal.tasks.testing.worker.TestWorker.execute(TestWorker.java:103)
  at org.gradle.api.internal.tasks.testing.worker.TestWorker.execute(TestWorker.java:63)
  at org.gradle.process.internal.worker.child.ActionExecutionWorker.execute(ActionExecutionWorker.java:56)
  at org.gradle.process.internal.worker.child.SystemApplicationClassLoaderWorker.call(SystemApplicationClassLoaderWorker.java:122)
  at org.gradle.process.internal.worker.child.SystemApplicationClassLoaderWorker.call(SystemApplicationClassLoaderWorker.java:72)
  at worker.org.gradle.process.internal.worker.GradleWorkerMain.run(GradleWorkerMain.java:69)
  at worker.org.gradle.process.internal.worker.GradleWorkerMain.main(GradleWorkerMain.java:74)
</stacktrace>
</test-failure>


TypeScriptCompilerTests_T[jvm] > topLevelLambda_ts has expected errors matching topLevelLambda_errors_txt[jvm] FAILED

<test-failure test="com.xemantic.typescript.compiler.TypeScriptCompilerTests_T.thisInModule_ts has expected errors matching thisInModule_errors_txt" platform="jvm">
<message>
Expected diagnostics from baseline typescript-repo/tests/baselines/reference/thisInModule.errors.txt but none produced
</message>
<stacktrace>
  at com.xemantic.typescript.compiler.TypeScriptTestSupportKt.errorsMatchBaseline(TypeScriptTestSupport.kt:125)
  at com.xemantic.typescript.compiler.TypeScriptCompilerTests_T.thisInModule_ts has expected errors matching thisInModule_errors_txt(TypeScriptCompilerTests_T.kt:714)
  at java.base/jdk.internal.reflect.DirectMethodHandleAccessor.invoke(DirectMethodHandleAccessor.java:104)
  at java.base/java.lang.reflect.Method.invoke(Method.java:565)
  at org.junit.runners.model.FrameworkMethod$1.runReflectiveCall(FrameworkMethod.java:59)
  at org.junit.internal.runners.model.ReflectiveCallable.run(ReflectiveCallable.java:12)
  at org.junit.runners.model.FrameworkMethod.invokeExplosively(FrameworkMethod.java:56)
  at org.junit.internal.runners.statements.InvokeMethod.evaluate(InvokeMethod.java:17)
  at org.junit.runners.ParentRunner$3.evaluate(ParentRunner.java:306)
  at org.junit.runners.BlockJUnit4ClassRunner$1.evaluate(BlockJUnit4ClassRunner.java:100)
  at org.junit.runners.ParentRunner.runLeaf(ParentRunner.java:366)
  at org.junit.runners.BlockJUnit4ClassRunner.runChild(BlockJUnit4ClassRunner.java:103)
  at org.junit.runners.BlockJUnit4ClassRunner.runChild(BlockJUnit4ClassRunner.java:63)
  at org.junit.runners.ParentRunner$4.run(ParentRunner.java:331)
  at org.junit.runners.ParentRunner$1.schedule(ParentRunner.java:79)
  at org.junit.runners.ParentRunner.runChildren(ParentRunner.java:329)
  at org.junit.runners.ParentRunner.access$100(ParentRunner.java:66)
  at org.junit.runners.ParentRunner$2.evaluate(ParentRunner.java:293)
  at org.junit.runners.ParentRunner$3.evaluate(ParentRunner.java:306)
  at org.junit.runners.ParentRunner.run(ParentRunner.java:413)
  at org.junit.runner.JUnitCore.run(JUnitCore.java:137)
  at org.junit.runner.JUnitCore.run(JUnitCore.java:115)
  at org.gradle.api.internal.tasks.testing.junit.JUnitTestExecutor.runRequest(JUnitTestExecutor.java:175)
  at org.gradle.api.internal.tasks.testing.junit.JUnitTestExecutor.accept(JUnitTestExecutor.java:84)
  at org.gradle.api.internal.tasks.testing.junit.JUnitTestExecutor.accept(JUnitTestExecutor.java:47)
  at org.gradle.api.internal.tasks.testing.junit.AbstractJUnitTestDefinitionProcessor.processTestDefinition(AbstractJUnitTestDefinitionProcessor.java:65)
  at org.gradle.api.internal.tasks.testing.SuiteTestDefinitionProcessor.processTestDefinition(SuiteTestDefinitionProcessor.java:54)
  at java.base/jdk.internal.reflect.DirectMethodHandleAccessor.invoke(DirectMethodHandleAccessor.java:104)
  at java.base/java.lang.reflect.Method.invoke(Method.java:565)
  at org.gradle.internal.dispatch.MethodInvocation.invokeOn(MethodInvocation.java:77)
  at org.gradle.internal.dispatch.ReflectionDispatch.dispatch(ReflectionDispatch.java:28)
  at org.gradle.internal.dispatch.ReflectionDispatch.dispatch(ReflectionDispatch.java:19)
  at org.gradle.internal.dispatch.ContextClassLoaderDispatch.dispatch(ContextClassLoaderDispatch.java:33)
  at org.gradle.internal.dispatch.ProxyDispatchAdapter$DispatchingInvocationHandler.invoke(ProxyDispatchAdapter.java:88)
  at jdk.proxy1/jdk.proxy1.$Proxy4.processTestDefinition(Unknown Source)
  at org.gradle.api.internal.tasks.testing.worker.TestWorker$2.run(TestWorker.java:178)
  at org.gradle.api.internal.tasks.testing.worker.TestWorker.executeAndMaintainThreadName(TestWorker.java:126)
  at org.gradle.api.internal.tasks.testing.worker.TestWorker.execute(TestWorker.java:103)
  at org.gradle.api.internal.tasks.testing.worker.TestWorker.execute(TestWorker.java:63)
  at org.gradle.process.internal.worker.child.ActionExecutionWorker.execute(ActionExecutionWorker.java:56)
  at org.gradle.process.internal.worker.child.SystemApplicationClassLoaderWorker.call(SystemApplicationClassLoaderWorker.java:122)
  at org.gradle.process.internal.worker.child.SystemApplicationClassLoaderWorker.call(SystemApplicationClassLoaderWorker.java:72)
  at worker.org.gradle.process.internal.worker.GradleWorkerMain.run(GradleWorkerMain.java:69)
  at worker.org.gradle.process.internal.worker.GradleWorkerMain.main(GradleWorkerMain.java:74)
</stacktrace>
</test-failure>


TypeScriptCompilerTests_T[jvm] > thisInModule_ts has expected errors matching thisInModule_errors_txt[jvm] FAILED

<test-failure test="com.xemantic.typescript.compiler.TypeScriptCompilerTests_T.typeArgInference2_ts has expected errors matching typeArgInference2_errors_txt" platform="jvm">
<message>
Expected diagnostics from baseline typescript-repo/tests/baselines/reference/typeArgInference2.errors.txt but none produced
</message>
<stacktrace>
  at com.xemantic.typescript.compiler.TypeScriptTestSupportKt.errorsMatchBaseline(TypeScriptTestSupport.kt:125)
  at com.xemantic.typescript.compiler.TypeScriptCompilerTests_T.typeArgInference2_ts has expected errors matching typeArgInference2_errors_txt(TypeScriptCompilerTests_T.kt:1694)
  at java.base/jdk.internal.reflect.DirectMethodHandleAccessor.invoke(DirectMethodHandleAccessor.java:104)
  at java.base/java.lang.reflect.Method.invoke(Method.java:565)
  at org.junit.runners.model.FrameworkMethod$1.runReflectiveCall(FrameworkMethod.java:59)
  at org.junit.internal.runners.model.ReflectiveCallable.run(ReflectiveCallable.java:12)
  at org.junit.runners.model.FrameworkMethod.invokeExplosively(FrameworkMethod.java:56)
  at org.junit.internal.runners.statements.InvokeMethod.evaluate(InvokeMethod.java:17)
  at org.junit.runners.ParentRunner$3.evaluate(ParentRunner.java:306)
  at org.junit.runners.BlockJUnit4ClassRunner$1.evaluate(BlockJUnit4ClassRunner.java:100)
  at org.junit.runners.ParentRunner.runLeaf(ParentRunner.java:366)
  at org.junit.runners.BlockJUnit4ClassRunner.runChild(BlockJUnit4ClassRunner.java:103)
  at org.junit.runners.BlockJUnit4ClassRunner.runChild(BlockJUnit4ClassRunner.java:63)
  at org.junit.runners.ParentRunner$4.run(ParentRunner.java:331)
  at org.junit.runners.ParentRunner$1.schedule(ParentRunner.java:79)
  at org.junit.runners.ParentRunner.runChildren(ParentRunner.java:329)
  at org.junit.runners.ParentRunner.access$100(ParentRunner.java:66)
  at org.junit.runners.ParentRunner$2.evaluate(ParentRunner.java:293)
  at org.junit.runners.ParentRunner$3.evaluate(ParentRunner.java:306)
  at org.junit.runners.ParentRunner.run(ParentRunner.java:413)
  at org.junit.runner.JUnitCore.run(JUnitCore.java:137)
  at org.junit.runner.JUnitCore.run(JUnitCore.java:115)
  at org.gradle.api.internal.tasks.testing.junit.JUnitTestExecutor.runRequest(JUnitTestExecutor.java:175)
  at org.gradle.api.internal.tasks.testing.junit.JUnitTestExecutor.accept(JUnitTestExecutor.java:84)
  at org.gradle.api.internal.tasks.testing.junit.JUnitTestExecutor.accept(JUnitTestExecutor.java:47)
  at org.gradle.api.internal.tasks.testing.junit.AbstractJUnitTestDefinitionProcessor.processTestDefinition(AbstractJUnitTestDefinitionProcessor.java:65)
  at org.gradle.api.internal.tasks.testing.SuiteTestDefinitionProcessor.processTestDefinition(SuiteTestDefinitionProcessor.java:54)
  at java.base/jdk.internal.reflect.DirectMethodHandleAccessor.invoke(DirectMethodHandleAccessor.java:104)
  at java.base/java.lang.reflect.Method.invoke(Method.java:565)
  at org.gradle.internal.dispatch.MethodInvocation.invokeOn(MethodInvocation.java:77)
  at org.gradle.internal.dispatch.ReflectionDispatch.dispatch(ReflectionDispatch.java:28)
  at org.gradle.internal.dispatch.ReflectionDispatch.dispatch(ReflectionDispatch.java:19)
  at org.gradle.internal.dispatch.ContextClassLoaderDispatch.dispatch(ContextClassLoaderDispatch.java:33)
  at org.gradle.internal.dispatch.ProxyDispatchAdapter$DispatchingInvocationHandler.invoke(ProxyDispatchAdapter.java:88)
  at jdk.proxy1/jdk.proxy1.$Proxy4.processTestDefinition(Unknown Source)
  at org.gradle.api.internal.tasks.testing.worker.TestWorker$2.run(TestWorker.java:178)
  at org.gradle.api.internal.tasks.testing.worker.TestWorker.executeAndMaintainThreadName(TestWorker.java:126)
  at org.gradle.api.internal.tasks.testing.worker.TestWorker.execute(TestWorker.java:103)
  at org.gradle.api.internal.tasks.testing.worker.TestWorker.execute(TestWorker.java:63)
  at org.gradle.process.internal.worker.child.ActionExecutionWorker.execute(ActionExecutionWorker.java:56)
  at org.gradle.process.internal.worker.child.SystemApplicationClassLoaderWorker.call(SystemApplicationClassLoaderWorker.java:122)
  at org.gradle.process.internal.worker.child.SystemApplicationClassLoaderWorker.call(SystemApplicationClassLoaderWorker.java:72)
  at worker.org.gradle.process.internal.worker.GradleWorkerMain.run(GradleWorkerMain.java:69)
  at worker.org.gradle.process.internal.worker.GradleWorkerMain.main(GradleWorkerMain.java:74)
</stacktrace>
</test-failure>


TypeScriptCompilerTests_T[jvm] > typeArgInference2_ts has expected errors matching typeArgInference2_errors_txt[jvm] FAILED

<test-failure test="com.xemantic.typescript.compiler.TypeScriptCompilerTests_T.topLevelLambda4_ts has expected errors matching topLevelLambda4_errors_txt" platform="jvm">
<message>
Expected diagnostics from baseline typescript-repo/tests/baselines/reference/topLevelLambda4.errors.txt but none produced
</message>
<stacktrace>
  at com.xemantic.typescript.compiler.TypeScriptTestSupportKt.errorsMatchBaseline(TypeScriptTestSupport.kt:125)
  at com.xemantic.typescript.compiler.TypeScriptCompilerTests_T.topLevelLambda4_ts has expected errors matching topLevelLambda4_errors_txt(TypeScriptCompilerTests_T.kt:1106)
  at java.base/jdk.internal.reflect.DirectMethodHandleAccessor.invoke(DirectMethodHandleAccessor.java:104)
  at java.base/java.lang.reflect.Method.invoke(Method.java:565)
  at org.junit.runners.model.FrameworkMethod$1.runReflectiveCall(FrameworkMethod.java:59)
  at org.junit.internal.runners.model.ReflectiveCallable.run(ReflectiveCallable.java:12)
  at org.junit.runners.model.FrameworkMethod.invokeExplosively(FrameworkMethod.java:56)
  at org.junit.internal.runners.statements.InvokeMethod.evaluate(InvokeMethod.java:17)
  at org.junit.runners.ParentRunner$3.evaluate(ParentRunner.java:306)
  at org.junit.runners.BlockJUnit4ClassRunner$1.evaluate(BlockJUnit4ClassRunner.java:100)
  at org.junit.runners.ParentRunner.runLeaf(ParentRunner.java:366)
  at org.junit.runners.BlockJUnit4ClassRunner.runChild(BlockJUnit4ClassRunner.java:103)
  at org.junit.runners.BlockJUnit4ClassRunner.runChild(BlockJUnit4ClassRunner.java:63)
  at org.junit.runners.ParentRunner$4.run(ParentRunner.java:331)
  at org.junit.runners.ParentRunner$1.schedule(ParentRunner.java:79)
  at org.junit.runners.ParentRunner.runChildren(ParentRunner.java:329)
  at org.junit.runners.ParentRunner.access$100(ParentRunner.java:66)
  at org.junit.runners.ParentRunner$2.evaluate(ParentRunner.java:293)
  at org.junit.runners.ParentRunner$3.evaluate(ParentRunner.java:306)
  at org.junit.runners.ParentRunner.run(ParentRunner.java:413)
  at org.junit.runner.JUnitCore.run(JUnitCore.java:137)
  at org.junit.runner.JUnitCore.run(JUnitCore.java:115)
  at org.gradle.api.internal.tasks.testing.junit.JUnitTestExecutor.runRequest(JUnitTestExecutor.java:175)
  at org.gradle.api.internal.tasks.testing.junit.JUnitTestExecutor.accept(JUnitTestExecutor.java:84)
  at org.gradle.api.internal.tasks.testing.junit.JUnitTestExecutor.accept(JUnitTestExecutor.java:47)
  at org.gradle.api.internal.tasks.testing.junit.AbstractJUnitTestDefinitionProcessor.processTestDefinition(AbstractJUnitTestDefinitionProcessor.java:65)
  at org.gradle.api.internal.tasks.testing.SuiteTestDefinitionProcessor.processTestDefinition(SuiteTestDefinitionProcessor.java:54)
  at java.base/jdk.internal.reflect.DirectMethodHandleAccessor.invoke(DirectMethodHandleAccessor.java:104)
  at java.base/java.lang.reflect.Method.invoke(Method.java:565)
  at org.gradle.internal.dispatch.MethodInvocation.invokeOn(MethodInvocation.java:77)
  at org.gradle.internal.dispatch.ReflectionDispatch.dispatch(ReflectionDispatch.java:28)
  at org.gradle.internal.dispatch.ReflectionDispatch.dispatch(ReflectionDispatch.java:19)
  at org.gradle.internal.dispatch.ContextClassLoaderDispatch.dispatch(ContextClassLoaderDispatch.java:33)
  at org.gradle.internal.dispatch.ProxyDispatchAdapter$DispatchingInvocationHandler.invoke(ProxyDispatchAdapter.java:88)
  at jdk.proxy1/jdk.proxy1.$Proxy4.processTestDefinition(Unknown Source)
  at org.gradle.api.internal.tasks.testing.worker.TestWorker$2.run(TestWorker.java:178)
  at org.gradle.api.internal.tasks.testing.worker.TestWorker.executeAndMaintainThreadName(TestWorker.java:126)
  at org.gradle.api.internal.tasks.testing.worker.TestWorker.execute(TestWorker.java:103)
  at org.gradle.api.internal.tasks.testing.worker.TestWorker.execute(TestWorker.java:63)
  at org.gradle.process.internal.worker.child.ActionExecutionWorker.execute(ActionExecutionWorker.java:56)
  at org.gradle.process.internal.worker.child.SystemApplicationClassLoaderWorker.call(SystemApplicationClassLoaderWorker.java:122)
  at org.gradle.process.internal.worker.child.SystemApplicationClassLoaderWorker.call(SystemApplicationClassLoaderWorker.java:72)
  at worker.org.gradle.process.internal.worker.GradleWorkerMain.run(GradleWorkerMain.java:69)
  at worker.org.gradle.process.internal.worker.GradleWorkerMain.main(GradleWorkerMain.java:74)
</stacktrace>
</test-failure>


TypeScriptCompilerTests_T[jvm] > topLevelLambda4_ts has expected errors matching topLevelLambda4_errors_txt[jvm] FAILED

<test-failure test="com.xemantic.typescript.compiler.TypeScriptCompilerTests_T.typeNamedUndefined2_ts has expected errors matching typeNamedUndefined2_errors_txt" platform="jvm">
<message>
Expected diagnostics from baseline typescript-repo/tests/baselines/reference/typeNamedUndefined2.errors.txt but none produced
</message>
<stacktrace>
  at com.xemantic.typescript.compiler.TypeScriptTestSupportKt.errorsMatchBaseline(TypeScriptTestSupport.kt:125)
  at com.xemantic.typescript.compiler.TypeScriptCompilerTests_T.typeNamedUndefined2_ts has expected errors matching typeNamedUndefined2_errors_txt(TypeScriptCompilerTests_T.kt:2373)
  at java.base/jdk.internal.reflect.DirectMethodHandleAccessor.invoke(DirectMethodHandleAccessor.java:104)
  at java.base/java.lang.reflect.Method.invoke(Method.java:565)
  at org.junit.runners.model.FrameworkMethod$1.runReflectiveCall(FrameworkMethod.java:59)
  at org.junit.internal.runners.model.ReflectiveCallable.run(ReflectiveCallable.java:12)
  at org.junit.runners.model.FrameworkMethod.invokeExplosively(FrameworkMethod.java:56)
  at org.junit.internal.runners.statements.InvokeMethod.evaluate(InvokeMethod.java:17)
  at org.junit.runners.ParentRunner$3.evaluate(ParentRunner.java:306)
  at org.junit.runners.BlockJUnit4ClassRunner$1.evaluate(BlockJUnit4ClassRunner.java:100)
  at org.junit.runners.ParentRunner.runLeaf(ParentRunner.java:366)
  at org.junit.runners.BlockJUnit4ClassRunner.runChild(BlockJUnit4ClassRunner.java:103)
  at org.junit.runners.BlockJUnit4ClassRunner.runChild(BlockJUnit4ClassRunner.java:63)
  at org.junit.runners.ParentRunner$4.run(ParentRunner.java:331)
  at org.junit.runners.ParentRunner$1.schedule(ParentRunner.java:79)
  at org.junit.runners.ParentRunner.runChildren(ParentRunner.java:329)
  at org.junit.runners.ParentRunner.access$100(ParentRunner.java:66)
  at org.junit.runners.ParentRunner$2.evaluate(ParentRunner.java:293)
  at org.junit.runners.ParentRunner$3.evaluate(ParentRunner.java:306)
  at org.junit.runners.ParentRunner.run(ParentRunner.java:413)
  at org.junit.runner.JUnitCore.run(JUnitCore.java:137)
  at org.junit.runner.JUnitCore.run(JUnitCore.java:115)
  at org.gradle.api.internal.tasks.testing.junit.JUnitTestExecutor.runRequest(JUnitTestExecutor.java:175)
  at org.gradle.api.internal.tasks.testing.junit.JUnitTestExecutor.accept(JUnitTestExecutor.java:84)
  at org.gradle.api.internal.tasks.testing.junit.JUnitTestExecutor.accept(JUnitTestExecutor.java:47)
  at org.gradle.api.internal.tasks.testing.junit.AbstractJUnitTestDefinitionProcessor.processTestDefinition(AbstractJUnitTestDefinitionProcessor.java:65)
  at org.gradle.api.internal.tasks.testing.SuiteTestDefinitionProcessor.processTestDefinition(SuiteTestDefinitionProcessor.java:54)
  at java.base/jdk.internal.reflect.DirectMethodHandleAccessor.invoke(DirectMethodHandleAccessor.java:104)
  at java.base/java.lang.reflect.Method.invoke(Method.java:565)
  at org.gradle.internal.dispatch.MethodInvocation.invokeOn(MethodInvocation.java:77)
  at org.gradle.internal.dispatch.ReflectionDispatch.dispatch(ReflectionDispatch.java:28)
  at org.gradle.internal.dispatch.ReflectionDispatch.dispatch(ReflectionDispatch.java:19)
  at org.gradle.internal.dispatch.ContextClassLoaderDispatch.dispatch(ContextClassLoaderDispatch.java:33)
  at org.gradle.internal.dispatch.ProxyDispatchAdapter$DispatchingInvocationHandler.invoke(ProxyDispatchAdapter.java:88)
  at jdk.proxy1/jdk.proxy1.$Proxy4.processTestDefinition(Unknown Source)
  at org.gradle.api.internal.tasks.testing.worker.TestWorker$2.run(TestWorker.java:178)
  at org.gradle.api.internal.tasks.testing.worker.TestWorker.executeAndMaintainThreadName(TestWorker.java:126)
  at org.gradle.api.internal.tasks.testing.worker.TestWorker.execute(TestWorker.java:103)
  at org.gradle.api.internal.tasks.testing.worker.TestWorker.execute(TestWorker.java:63)
  at org.gradle.process.internal.worker.child.ActionExecutionWorker.execute(ActionExecutionWorker.java:56)
  at org.gradle.process.internal.worker.child.SystemApplicationClassLoaderWorker.call(SystemApplicationClassLoaderWorker.java:122)
  at org.gradle.process.internal.worker.child.SystemApplicationClassLoaderWorker.call(SystemApplicationClassLoaderWorker.java:72)
  at worker.org.gradle.process.internal.worker.GradleWorkerMain.run(GradleWorkerMain.java:69)
  at worker.org.gradle.process.internal.worker.GradleWorkerMain.main(GradleWorkerMain.java:74)
</stacktrace>
</test-failure>


TypeScriptCompilerTests_T[jvm] > typeNamedUndefined2_ts has expected errors matching typeNamedUndefined2_errors_txt[jvm] FAILED

<test-failure test="com.xemantic.typescript.compiler.TypeScriptCompilerTests_T.typeValueConflict1_ts has expected errors matching typeValueConflict1_errors_txt" platform="jvm">
<message>
Expected diagnostics from baseline typescript-repo/tests/baselines/reference/typeValueConflict1.errors.txt but none produced
</message>
<stacktrace>
  at com.xemantic.typescript.compiler.TypeScriptTestSupportKt.errorsMatchBaseline(TypeScriptTestSupport.kt:125)
  at com.xemantic.typescript.compiler.TypeScriptCompilerTests_T.typeValueConflict1_ts has expected errors matching typeValueConflict1_errors_txt(TypeScriptCompilerTests_T.kt:3346)
  at java.base/jdk.internal.reflect.DirectMethodHandleAccessor.invoke(DirectMethodHandleAccessor.java:104)
  at java.base/java.lang.reflect.Method.invoke(Method.java:565)
  at org.junit.runners.model.FrameworkMethod$1.runReflectiveCall(FrameworkMethod.java:59)
  at org.junit.internal.runners.model.ReflectiveCallable.run(ReflectiveCallable.java:12)
  at org.junit.runners.model.FrameworkMethod.invokeExplosively(FrameworkMethod.java:56)
  at org.junit.internal.runners.statements.InvokeMethod.evaluate(InvokeMethod.java:17)
  at org.junit.runners.ParentRunner$3.evaluate(ParentRunner.java:306)
  at org.junit.runners.BlockJUnit4ClassRunner$1.evaluate(BlockJUnit4ClassRunner.java:100)
  at org.junit.runners.ParentRunner.runLeaf(ParentRunner.java:366)
  at org.junit.runners.BlockJUnit4ClassRunner.runChild(BlockJUnit4ClassRunner.java:103)
  at org.junit.runners.BlockJUnit4ClassRunner.runChild(BlockJUnit4ClassRunner.java:63)
  at org.junit.runners.ParentRunner$4.run(ParentRunner.java:331)
  at org.junit.runners.ParentRunner$1.schedule(ParentRunner.java:79)
  at org.junit.runners.ParentRunner.runChildren(ParentRunner.java:329)
  at org.junit.runners.ParentRunner.access$100(ParentRunner.java:66)
  at org.junit.runners.ParentRunner$2.evaluate(ParentRunner.java:293)
  at org.junit.runners.ParentRunner$3.evaluate(ParentRunner.java:306)
  at org.junit.runners.ParentRunner.run(ParentRunner.java:413)
  at org.junit.runner.JUnitCore.run(JUnitCore.java:137)
  at org.junit.runner.JUnitCore.run(JUnitCore.java:115)
  at org.gradle.api.internal.tasks.testing.junit.JUnitTestExecutor.runRequest(JUnitTestExecutor.java:175)
  at org.gradle.api.internal.tasks.testing.junit.JUnitTestExecutor.accept(JUnitTestExecutor.java:84)
  at org.gradle.api.internal.tasks.testing.junit.JUnitTestExecutor.accept(JUnitTestExecutor.java:47)
  at org.gradle.api.internal.tasks.testing.junit.AbstractJUnitTestDefinitionProcessor.processTestDefinition(AbstractJUnitTestDefinitionProcessor.java:65)
  at org.gradle.api.internal.tasks.testing.SuiteTestDefinitionProcessor.processTestDefinition(SuiteTestDefinitionProcessor.java:54)
  at java.base/jdk.internal.reflect.DirectMethodHandleAccessor.invoke(DirectMethodHandleAccessor.java:104)
  at java.base/java.lang.reflect.Method.invoke(Method.java:565)
  at org.gradle.internal.dispatch.MethodInvocation.invokeOn(MethodInvocation.java:77)
  at org.gradle.internal.dispatch.ReflectionDispatch.dispatch(ReflectionDispatch.java:28)
  at org.gradle.internal.dispatch.ReflectionDispatch.dispatch(ReflectionDispatch.java:19)
  at org.gradle.internal.dispatch.ContextClassLoaderDispatch.dispatch(ContextClassLoaderDispatch.java:33)
  at org.gradle.internal.dispatch.ProxyDispatchAdapter$DispatchingInvocationHandler.invoke(ProxyDispatchAdapter.java:88)
  at jdk.proxy1/jdk.proxy1.$Proxy4.processTestDefinition(Unknown Source)
  at org.gradle.api.internal.tasks.testing.worker.TestWorker$2.run(TestWorker.java:178)
  at org.gradle.api.internal.tasks.testing.worker.TestWorker.executeAndMaintainThreadName(TestWorker.java:126)
  at org.gradle.api.internal.tasks.testing.worker.TestWorker.execute(TestWorker.java:103)
  at org.gradle.api.internal.tasks.testing.worker.TestWorker.execute(TestWorker.java:63)
  at org.gradle.process.internal.worker.child.ActionExecutionWorker.execute(ActionExecutionWorker.java:56)
  at org.gradle.process.internal.worker.child.SystemApplicationClassLoaderWorker.call(SystemApplicationClassLoaderWorker.java:122)
  at org.gradle.process.internal.worker.child.SystemApplicationClassLoaderWorker.call(SystemApplicationClassLoaderWorker.java:72)
  at worker.org.gradle.process.internal.worker.GradleWorkerMain.run(GradleWorkerMain.java:69)
  at worker.org.gradle.process.internal.worker.GradleWorkerMain.main(GradleWorkerMain.java:74)
</stacktrace>
</test-failure>


TypeScriptCompilerTests_T[jvm] > typeValueConflict1_ts has expected errors matching typeValueConflict1_errors_txt[jvm] FAILED

<test-failure test="com.xemantic.typescript.compiler.TypeScriptCompilerTests_T.typeInferenceConflictingCandidates_ts has expected errors matching typeInferenceConflictingCandidates_errors_txt" platform="jvm">
<message>
Expected diagnostics from baseline typescript-repo/tests/baselines/reference/typeInferenceConflictingCandidates.errors.txt but none produced
</message>
<stacktrace>
  at com.xemantic.typescript.compiler.TypeScriptTestSupportKt.errorsMatchBaseline(TypeScriptTestSupport.kt:125)
  at com.xemantic.typescript.compiler.TypeScriptCompilerTests_T.typeInferenceConflictingCandidates_ts has expected errors matching typeInferenceConflictingCandidates_errors_txt(TypeScriptCompilerTests_T.kt:2205)
  at java.base/jdk.internal.reflect.DirectMethodHandleAccessor.invoke(DirectMethodHandleAccessor.java:104)
  at java.base/java.lang.reflect.Method.invoke(Method.java:565)
  at org.junit.runners.model.FrameworkMethod$1.runReflectiveCall(FrameworkMethod.java:59)
  at org.junit.internal.runners.model.ReflectiveCallable.run(ReflectiveCallable.java:12)
  at org.junit.runners.model.FrameworkMethod.invokeExplosively(FrameworkMethod.java:56)
  at org.junit.internal.runners.statements.InvokeMethod.evaluate(InvokeMethod.java:17)
  at org.junit.runners.ParentRunner$3.evaluate(ParentRunner.java:306)
  at org.junit.runners.BlockJUnit4ClassRunner$1.evaluate(BlockJUnit4ClassRunner.java:100)
  at org.junit.runners.ParentRunner.runLeaf(ParentRunner.java:366)
  at org.junit.runners.BlockJUnit4ClassRunner.runChild(BlockJUnit4ClassRunner.java:103)
  at org.junit.runners.BlockJUnit4ClassRunner.runChild(BlockJUnit4ClassRunner.java:63)
  at org.junit.runners.ParentRunner$4.run(ParentRunner.java:331)
  at org.junit.runners.ParentRunner$1.schedule(ParentRunner.java:79)
  at org.junit.runners.ParentRunner.runChildren(ParentRunner.java:329)
  at org.junit.runners.ParentRunner.access$100(ParentRunner.java:66)
  at org.junit.runners.ParentRunner$2.evaluate(ParentRunner.java:293)
  at org.junit.runners.ParentRunner$3.evaluate(ParentRunner.java:306)
  at org.junit.runners.ParentRunner.run(ParentRunner.java:413)
  at org.junit.runner.JUnitCore.run(JUnitCore.java:137)
  at org.junit.runner.JUnitCore.run(JUnitCore.java:115)
  at org.gradle.api.internal.tasks.testing.junit.JUnitTestExecutor.runRequest(JUnitTestExecutor.java:175)
  at org.gradle.api.internal.tasks.testing.junit.JUnitTestExecutor.accept(JUnitTestExecutor.java:84)
  at org.gradle.api.internal.tasks.testing.junit.JUnitTestExecutor.accept(JUnitTestExecutor.java:47)
  at org.gradle.api.internal.tasks.testing.junit.AbstractJUnitTestDefinitionProcessor.processTestDefinition(AbstractJUnitTestDefinitionProcessor.java:65)
  at org.gradle.api.internal.tasks.testing.SuiteTestDefinitionProcessor.processTestDefinition(SuiteTestDefinitionProcessor.java:54)
  at java.base/jdk.internal.reflect.DirectMethodHandleAccessor.invoke(DirectMethodHandleAccessor.java:104)
  at java.base/java.lang.reflect.Method.invoke(Method.java:565)
  at org.gradle.internal.dispatch.MethodInvocation.invokeOn(MethodInvocation.java:77)
  at org.gradle.internal.dispatch.ReflectionDispatch.dispatch(ReflectionDispatch.java:28)
  at org.gradle.internal.dispatch.ReflectionDispatch.dispatch(ReflectionDispatch.java:19)
  at org.gradle.internal.dispatch.ContextClassLoaderDispatch.dispatch(ContextClassLoaderDispatch.java:33)
  at org.gradle.internal.dispatch.ProxyDispatchAdapter$DispatchingInvocationHandler.invoke(ProxyDispatchAdapter.java:88)
  at jdk.proxy1/jdk.proxy1.$Proxy4.processTestDefinition(Unknown Source)
  at org.gradle.api.internal.tasks.testing.worker.TestWorker$2.run(TestWorker.java:178)
  at org.gradle.api.internal.tasks.testing.worker.TestWorker.executeAndMaintainThreadName(TestWorker.java:126)
  at org.gradle.api.internal.tasks.testing.worker.TestWorker.execute(TestWorker.java:103)
  at org.gradle.api.internal.tasks.testing.worker.TestWorker.execute(TestWorker.java:63)
  at org.gradle.process.internal.worker.child.ActionExecutionWorker.execute(ActionExecutionWorker.java:56)
  at org.gradle.process.internal.worker.child.SystemApplicationClassLoaderWorker.call(SystemApplicationClassLoaderWorker.java:122)
  at org.gradle.process.internal.worker.child.SystemApplicationClassLoaderWorker.call(SystemApplicationClassLoaderWorker.java:72)
  at worker.org.gradle.process.internal.worker.GradleWorkerMain.run(GradleWorkerMain.java:69)
  at worker.org.gradle.process.internal.worker.GradleWorkerMain.main(GradleWorkerMain.java:74)
</stacktrace>
</test-failure>


TypeScriptCompilerTests_T[jvm] > typeInferenceConflictingCandidates_ts has expected errors matching typeInferenceConflictingCandidates_errors_txt[jvm] FAILED

<test-failure test="com.xemantic.typescript.compiler.TypeScriptCompilerTests_T.typeofInternalModules_ts has expected errors matching typeofInternalModules_errors_txt" platform="jvm">
<message>
Expected diagnostics from baseline typescript-repo/tests/baselines/reference/typeofInternalModules.errors.txt but none produced
</message>
<stacktrace>
  at com.xemantic.typescript.compiler.TypeScriptTestSupportKt.errorsMatchBaseline(TypeScriptTestSupport.kt:125)
  at com.xemantic.typescript.compiler.TypeScriptCompilerTests_T.typeofInternalModules_ts has expected errors matching typeofInternalModules_errors_txt(TypeScriptCompilerTests_T.kt:3563)
  at java.base/jdk.internal.reflect.DirectMethodHandleAccessor.invoke(DirectMethodHandleAccessor.java:104)
  at java.base/java.lang.reflect.Method.invoke(Method.java:565)
  at org.junit.runners.model.FrameworkMethod$1.runReflectiveCall(FrameworkMethod.java:59)
  at org.junit.internal.runners.model.ReflectiveCallable.run(ReflectiveCallable.java:12)
  at org.junit.runners.model.FrameworkMethod.invokeExplosively(FrameworkMethod.java:56)
  at org.junit.internal.runners.statements.InvokeMethod.evaluate(InvokeMethod.java:17)
  at org.junit.runners.ParentRunner$3.evaluate(ParentRunner.java:306)
  at org.junit.runners.BlockJUnit4ClassRunner$1.evaluate(BlockJUnit4ClassRunner.java:100)
  at org.junit.runners.ParentRunner.runLeaf(ParentRunner.java:366)
  at org.junit.runners.BlockJUnit4ClassRunner.runChild(BlockJUnit4ClassRunner.java:103)
  at org.junit.runners.BlockJUnit4ClassRunner.runChild(BlockJUnit4ClassRunner.java:63)
  at org.junit.runners.ParentRunner$4.run(ParentRunner.java:331)
  at org.junit.runners.ParentRunner$1.schedule(ParentRunner.java:79)
  at org.junit.runners.ParentRunner.runChildren(ParentRunner.java:329)
  at org.junit.runners.ParentRunner.access$100(ParentRunner.java:66)
  at org.junit.runners.ParentRunner$2.evaluate(ParentRunner.java:293)
  at org.junit.runners.ParentRunner$3.evaluate(ParentRunner.java:306)
  at org.junit.runners.ParentRunner.run(ParentRunner.java:413)
  at org.junit.runner.JUnitCore.run(JUnitCore.java:137)
  at org.junit.runner.JUnitCore.run(JUnitCore.java:115)
  at org.gradle.api.internal.tasks.testing.junit.JUnitTestExecutor.runRequest(JUnitTestExecutor.java:175)
  at org.gradle.api.internal.tasks.testing.junit.JUnitTestExecutor.accept(JUnitTestExecutor.java:84)
  at org.gradle.api.internal.tasks.testing.junit.JUnitTestExecutor.accept(JUnitTestExecutor.java:47)
  at org.gradle.api.internal.tasks.testing.junit.AbstractJUnitTestDefinitionProcessor.processTestDefinition(AbstractJUnitTestDefinitionProcessor.java:65)
  at org.gradle.api.internal.tasks.testing.SuiteTestDefinitionProcessor.processTestDefinition(SuiteTestDefinitionProcessor.java:54)
  at java.base/jdk.internal.reflect.DirectMethodHandleAccessor.invoke(DirectMethodHandleAccessor.java:104)
  at java.base/java.lang.reflect.Method.invoke(Method.java:565)
  at org.gradle.internal.dispatch.MethodInvocation.invokeOn(MethodInvocation.java:77)
  at org.gradle.internal.dispatch.ReflectionDispatch.dispatch(ReflectionDispatch.java:28)
  at org.gradle.internal.dispatch.ReflectionDispatch.dispatch(ReflectionDispatch.java:19)
  at org.gradle.internal.dispatch.ContextClassLoaderDispatch.dispatch(ContextClassLoaderDispatch.java:33)
  at org.gradle.internal.dispatch.ProxyDispatchAdapter$DispatchingInvocationHandler.invoke(ProxyDispatchAdapter.java:88)
  at jdk.proxy1/jdk.proxy1.$Proxy4.processTestDefinition(Unknown Source)
  at org.gradle.api.internal.tasks.testing.worker.TestWorker$2.run(TestWorker.java:178)
  at org.gradle.api.internal.tasks.testing.worker.TestWorker.executeAndMaintainThreadName(TestWorker.java:126)
  at org.gradle.api.internal.tasks.testing.worker.TestWorker.execute(TestWorker.java:103)
  at org.gradle.api.internal.tasks.testing.worker.TestWorker.execute(TestWorker.java:63)
  at org.gradle.process.internal.worker.child.ActionExecutionWorker.execute(ActionExecutionWorker.java:56)
  at org.gradle.process.internal.worker.child.SystemApplicationClassLoaderWorker.call(SystemApplicationClassLoaderWorker.java:122)
  at org.gradle.process.internal.worker.child.SystemApplicationClassLoaderWorker.call(SystemApplicationClassLoaderWorker.java:72)
  at worker.org.gradle.process.internal.worker.GradleWorkerMain.run(GradleWorkerMain.java:69)
  at worker.org.gradle.process.internal.worker.GradleWorkerMain.main(GradleWorkerMain.java:74)
</stacktrace>
</test-failure>


TypeScriptCompilerTests_T[jvm] > typeofInternalModules_ts has expected errors matching typeofInternalModules_errors_txt[jvm] FAILED

<test-failure test="com.xemantic.typescript.compiler.TypeScriptCompilerTests_T.typeofClass_ts has expected errors matching typeofClass_errors_txt" platform="jvm">
<message>
--- expected
+++ actual
@@ -1,9 +1,7 @@
 typeofClass.ts(2,5): error TS2564: Property 'foo' has no initializer and is not definitely assigned in the constructor.
-typeofClass.ts(8,4): error TS2576: Property 'bar' does not exist on type 'K'. Did you mean to access the static member 'K.bar' instead?
-typeofClass.ts(10,4): error TS2339: Property 'foo' does not exist on type 'typeof K'.
 
 
-==== typeofClass.ts (3 errors) ====
+==== typeofClass.ts (1 errors) ====
     class K {
         foo: number;
         ~~~
@@ -14,10 +12,6 @@
     declare var k1: K;
     k1.foo;
     k1.bar;
-       ~~~
-!!! error TS2576: Property 'bar' does not exist on type 'K'. Did you mean to access the static member 'K.bar' instead?
     declare var k2: typeof K;
     k2.foo;
-       ~~~
-!!! error TS2339: Property 'foo' does not exist on type 'typeof K'.
     k2.bar;

</message>
<stacktrace>
  at org.junit.Assert.fail(Assert.java:89)
  at kotlin.test.junit.JUnitAsserter.fail(JUnitSupport.kt:56)
  at kotlin.test.AssertionsKt__AssertionsKt.fail(Assertions.kt:563)
  at kotlin.test.AssertionsKt.fail(Unknown Source)
  at com.xemantic.kotlin.test.SameAsKt.sameAs(SameAs.kt:52)
  at com.xemantic.typescript.compiler.TypeScriptTestSupportKt.errorsMatchBaseline(TypeScriptTestSupport.kt:135)
  at com.xemantic.typescript.compiler.TypeScriptCompilerTests_T.typeofClass_ts has expected errors matching typeofClass_errors_txt(TypeScriptCompilerTests_T.kt:3493)
  at java.base/jdk.internal.reflect.DirectMethodHandleAccessor.invoke(DirectMethodHandleAccessor.java:104)
  at java.base/java.lang.reflect.Method.invoke(Method.java:565)
  at org.junit.runners.model.FrameworkMethod$1.runReflectiveCall(FrameworkMethod.java:59)
  at org.junit.internal.runners.model.ReflectiveCallable.run(ReflectiveCallable.java:12)
  at org.junit.runners.model.FrameworkMethod.invokeExplosively(FrameworkMethod.java:56)
  at org.junit.internal.runners.statements.InvokeMethod.evaluate(InvokeMethod.java:17)
  at org.junit.runners.ParentRunner$3.evaluate(ParentRunner.java:306)
  at org.junit.runners.BlockJUnit4ClassRunner$1.evaluate(BlockJUnit4ClassRunner.java:100)
  at org.junit.runners.ParentRunner.runLeaf(ParentRunner.java:366)
  at org.junit.runners.BlockJUnit4ClassRunner.runChild(BlockJUnit4ClassRunner.java:103)
  at org.junit.runners.BlockJUnit4ClassRunner.runChild(BlockJUnit4ClassRunner.java:63)
  at org.junit.runners.ParentRunner$4.run(ParentRunner.java:331)
  at org.junit.runners.ParentRunner$1.schedule(ParentRunner.java:79)
  at org.junit.runners.ParentRunner.runChildren(ParentRunner.java:329)
  at org.junit.runners.ParentRunner.access$100(ParentRunner.java:66)
  at org.junit.runners.ParentRunner$2.evaluate(ParentRunner.java:293)
  at org.junit.runners.ParentRunner$3.evaluate(ParentRunner.java:306)
  at org.junit.runners.ParentRunner.run(ParentRunner.java:413)
  at org.junit.runner.JUnitCore.run(JUnitCore.java:137)
  at org.junit.runner.JUnitCore.run(JUnitCore.java:115)
  at org.gradle.api.internal.tasks.testing.junit.JUnitTestExecutor.runRequest(JUnitTestExecutor.java:175)
  at org.gradle.api.internal.tasks.testing.junit.JUnitTestExecutor.accept(JUnitTestExecutor.java:84)
  at org.gradle.api.internal.tasks.testing.junit.JUnitTestExecutor.accept(JUnitTestExecutor.java:47)
  at org.gradle.api.internal.tasks.testing.junit.AbstractJUnitTestDefinitionProcessor.processTestDefinition(AbstractJUnitTestDefinitionProcessor.java:65)
  at org.gradle.api.internal.tasks.testing.SuiteTestDefinitionProcessor.processTestDefinition(SuiteTestDefinitionProcessor.java:54)
  at java.base/jdk.internal.reflect.DirectMethodHandleAccessor.invoke(DirectMethodHandleAccessor.java:104)
  at java.base/java.lang.reflect.Method.invoke(Method.java:565)
  at org.gradle.internal.dispatch.MethodInvocation.invokeOn(MethodInvocation.java:77)
  at org.gradle.internal.dispatch.ReflectionDispatch.dispatch(ReflectionDispatch.java:28)
  at org.gradle.internal.dispatch.ReflectionDispatch.dispatch(ReflectionDispatch.java:19)
  at org.gradle.internal.dispatch.ContextClassLoaderDispatch.dispatch(ContextClassLoaderDispatch.java:33)
  at org.gradle.internal.dispatch.ProxyDispatchAdapter$DispatchingInvocationHandler.invoke(ProxyDispatchAdapter.java:88)
  at jdk.proxy1/jdk.proxy1.$Proxy4.processTestDefinition(Unknown Source)
  at org.gradle.api.internal.tasks.testing.worker.TestWorker$2.run(TestWorker.java:178)
  at org.gradle.api.internal.tasks.testing.worker.TestWorker.executeAndMaintainThreadName(TestWorker.java:126)
  at org.gradle.api.internal.tasks.testing.worker.TestWorker.execute(TestWorker.java:103)
  at org.gradle.api.internal.tasks.testing.worker.TestWorker.execute(TestWorker.java:63)
  at org.gradle.process.internal.worker.child.ActionExecutionWorker.execute(ActionExecutionWorker.java:56)
  at org.gradle.process.internal.worker.child.SystemApplicationClassLoaderWorker.call(SystemApplicationClassLoaderWorker.java:122)
  at org.gradle.process.internal.worker.child.SystemApplicationClassLoaderWorker.call(SystemApplicationClassLoaderWorker.java:72)
  at worker.org.gradle.process.internal.worker.GradleWorkerMain.run(GradleWorkerMain.java:69)
  at worker.org.gradle.process.internal.worker.GradleWorkerMain.main(GradleWorkerMain.java:74)
</stacktrace>
</test-failure>


TypeScriptCompilerTests_T[jvm] > typeofClass_ts has expected errors matching typeofClass_errors_txt[jvm] FAILED

<test-failure test="com.xemantic.typescript.compiler.TypeScriptCompilerTests_T.typedArraysCrossAssignability01_ts has expected errors matching typedArraysCrossAssignability01_errors_txt" platform="jvm">
<message>
Expected diagnostics from baseline typescript-repo/tests/baselines/reference/typedArraysCrossAssignability01.errors.txt but none produced
</message>
<stacktrace>
  at com.xemantic.typescript.compiler.TypeScriptTestSupportKt.errorsMatchBaseline(TypeScriptTestSupport.kt:125)
  at com.xemantic.typescript.compiler.TypeScriptCompilerTests_T.typedArraysCrossAssignability01_ts has expected errors matching typedArraysCrossAssignability01_errors_txt(TypeScriptCompilerTests_T.kt:3451)
  at java.base/jdk.internal.reflect.DirectMethodHandleAccessor.invoke(DirectMethodHandleAccessor.java:104)
  at java.base/java.lang.reflect.Method.invoke(Method.java:565)
  at org.junit.runners.model.FrameworkMethod$1.runReflectiveCall(FrameworkMethod.java:59)
  at org.junit.internal.runners.model.ReflectiveCallable.run(ReflectiveCallable.java:12)
  at org.junit.runners.model.FrameworkMethod.invokeExplosively(FrameworkMethod.java:56)
  at org.junit.internal.runners.statements.InvokeMethod.evaluate(InvokeMethod.java:17)
  at org.junit.runners.ParentRunner$3.evaluate(ParentRunner.java:306)
  at org.junit.runners.BlockJUnit4ClassRunner$1.evaluate(BlockJUnit4ClassRunner.java:100)
  at org.junit.runners.ParentRunner.runLeaf(ParentRunner.java:366)
  at org.junit.runners.BlockJUnit4ClassRunner.runChild(BlockJUnit4ClassRunner.java:103)
  at org.junit.runners.BlockJUnit4ClassRunner.runChild(BlockJUnit4ClassRunner.java:63)
  at org.junit.runners.ParentRunner$4.run(ParentRunner.java:331)
  at org.junit.runners.ParentRunner$1.schedule(ParentRunner.java:79)
  at org.junit.runners.ParentRunner.runChildren(ParentRunner.java:329)
  at org.junit.runners.ParentRunner.access$100(ParentRunner.java:66)
  at org.junit.runners.ParentRunner$2.evaluate(ParentRunner.java:293)
  at org.junit.runners.ParentRunner$3.evaluate(ParentRunner.java:306)
  at org.junit.runners.ParentRunner.run(ParentRunner.java:413)
  at org.junit.runner.JUnitCore.run(JUnitCore.java:137)
  at org.junit.runner.JUnitCore.run(JUnitCore.java:115)
  at org.gradle.api.internal.tasks.testing.junit.JUnitTestExecutor.runRequest(JUnitTestExecutor.java:175)
  at org.gradle.api.internal.tasks.testing.junit.JUnitTestExecutor.accept(JUnitTestExecutor.java:84)
  at org.gradle.api.internal.tasks.testing.junit.JUnitTestExecutor.accept(JUnitTestExecutor.java:47)
  at org.gradle.api.internal.tasks.testing.junit.AbstractJUnitTestDefinitionProcessor.processTestDefinition(AbstractJUnitTestDefinitionProcessor.java:65)
  at org.gradle.api.internal.tasks.testing.SuiteTestDefinitionProcessor.processTestDefinition(SuiteTestDefinitionProcessor.java:54)
  at java.base/jdk.internal.reflect.DirectMethodHandleAccessor.invoke(DirectMethodHandleAccessor.java:104)
  at java.base/java.lang.reflect.Method.invoke(Method.java:565)
  at org.gradle.internal.dispatch.MethodInvocation.invokeOn(MethodInvocation.java:77)
  at org.gradle.internal.dispatch.ReflectionDispatch.dispatch(ReflectionDispatch.java:28)
  at org.gradle.internal.dispatch.ReflectionDispatch.dispatch(ReflectionDispatch.java:19)
  at org.gradle.internal.dispatch.ContextClassLoaderDispatch.dispatch(ContextClassLoaderDispatch.java:33)
  at org.gradle.internal.dispatch.ProxyDispatchAdapter$DispatchingInvocationHandler.invoke(ProxyDispatchAdapter.java:88)
  at jdk.proxy1/jdk.proxy1.$Proxy4.processTestDefinition(Unknown Source)
  at org.gradle.api.internal.tasks.testing.worker.TestWorker$2.run(TestWorker.java:178)
  at org.gradle.api.internal.tasks.testing.worker.TestWorker.executeAndMaintainThreadName(TestWorker.java:126)
  at org.gradle.api.internal.tasks.testing.worker.TestWorker.execute(TestWorker.java:103)
  at org.gradle.api.internal.tasks.testing.worker.TestWorker.execute(TestWorker.java:63)
  at org.gradle.process.internal.worker.child.ActionExecutionWorker.execute(ActionExecutionWorker.java:56)
  at org.gradle.process.internal.worker.child.SystemApplicationClassLoaderWorker.call(SystemApplicationClassLoaderWorker.java:122)
  at org.gradle.process.internal.worker.child.SystemApplicationClassLoaderWorker.call(SystemApplicationClassLoaderWorker.java:72)
  at worker.org.gradle.process.internal.worker.GradleWorkerMain.run(GradleWorkerMain.java:69)
  at worker.org.gradle.process.internal.worker.GradleWorkerMain.main(GradleWorkerMain.java:74)
</stacktrace>
</test-failure>


TypeScriptCompilerTests_T[jvm] > typedArraysCrossAssignability01_ts has expected errors matching typedArraysCrossAssignability01_errors_txt[jvm] FAILED

<test-failure test="com.xemantic.typescript.compiler.TypeScriptCompilerTests_T.typeMatch1_ts has expected errors matching typeMatch1_errors_txt" platform="jvm">
<message>
Expected diagnostics from baseline typescript-repo/tests/baselines/reference/typeMatch1.errors.txt but none produced
</message>
<stacktrace>
  at com.xemantic.typescript.compiler.TypeScriptTestSupportKt.errorsMatchBaseline(TypeScriptTestSupport.kt:125)
  at com.xemantic.typescript.compiler.TypeScriptCompilerTests_T.typeMatch1_ts has expected errors matching typeMatch1_errors_txt(TypeScriptCompilerTests_T.kt:2317)
  at java.base/jdk.internal.reflect.DirectMethodHandleAccessor.invoke(DirectMethodHandleAccessor.java:104)
  at java.base/java.lang.reflect.Method.invoke(Method.java:565)
  at org.junit.runners.model.FrameworkMethod$1.runReflectiveCall(FrameworkMethod.java:59)
  at org.junit.internal.runners.model.ReflectiveCallable.run(ReflectiveCallable.java:12)
  at org.junit.runners.model.FrameworkMethod.invokeExplosively(FrameworkMethod.java:56)
  at org.junit.internal.runners.statements.InvokeMethod.evaluate(InvokeMethod.java:17)
  at org.junit.runners.ParentRunner$3.evaluate(ParentRunner.java:306)
  at org.junit.runners.BlockJUnit4ClassRunner$1.evaluate(BlockJUnit4ClassRunner.java:100)
  at org.junit.runners.ParentRunner.runLeaf(ParentRunner.java:366)
  at org.junit.runners.BlockJUnit4ClassRunner.runChild(BlockJUnit4ClassRunner.java:103)
  at org.junit.runners.BlockJUnit4ClassRunner.runChild(BlockJUnit4ClassRunner.java:63)
  at org.junit.runners.ParentRunner$4.run(ParentRunner.java:331)
  at org.junit.runners.ParentRunner$1.schedule(ParentRunner.java:79)
  at org.junit.runners.ParentRunner.runChildren(ParentRunner.java:329)
  at org.junit.runners.ParentRunner.access$100(ParentRunner.java:66)
  at org.junit.runners.ParentRunner$2.evaluate(ParentRunner.java:293)
  at org.junit.runners.ParentRunner$3.evaluate(ParentRunner.java:306)
  at org.junit.runners.ParentRunner.run(ParentRunner.java:413)
  at org.junit.runner.JUnitCore.run(JUnitCore.java:137)
  at org.junit.runner.JUnitCore.run(JUnitCore.java:115)
  at org.gradle.api.internal.tasks.testing.junit.JUnitTestExecutor.runRequest(JUnitTestExecutor.java:175)
  at org.gradle.api.internal.tasks.testing.junit.JUnitTestExecutor.accept(JUnitTestExecutor.java:84)
  at org.gradle.api.internal.tasks.testing.junit.JUnitTestExecutor.accept(JUnitTestExecutor.java:47)
  at org.gradle.api.internal.tasks.testing.junit.AbstractJUnitTestDefinitionProcessor.processTestDefinition(AbstractJUnitTestDefinitionProcessor.java:65)
  at org.gradle.api.internal.tasks.testing.SuiteTestDefinitionProcessor.processTestDefinition(SuiteTestDefinitionProcessor.java:54)
  at java.base/jdk.internal.reflect.DirectMethodHandleAccessor.invoke(DirectMethodHandleAccessor.java:104)
  at java.base/java.lang.reflect.Method.invoke(Method.java:565)
  at org.gradle.internal.dispatch.MethodInvocation.invokeOn(MethodInvocation.java:77)
  at org.gradle.internal.dispatch.ReflectionDispatch.dispatch(ReflectionDispatch.java:28)
  at org.gradle.internal.dispatch.ReflectionDispatch.dispatch(ReflectionDispatch.java:19)
  at org.gradle.internal.dispatch.ContextClassLoaderDispatch.dispatch(ContextClassLoaderDispatch.java:33)
  at org.gradle.internal.dispatch.ProxyDispatchAdapter$DispatchingInvocationHandler.invoke(ProxyDispatchAdapter.java:88)
  at jdk.proxy1/jdk.proxy1.$Proxy4.processTestDefinition(Unknown Source)
  at org.gradle.api.internal.tasks.testing.worker.TestWorker$2.run(TestWorker.java:178)
  at org.gradle.api.internal.tasks.testing.worker.TestWorker.executeAndMaintainThreadName(TestWorker.java:126)
  at org.gradle.api.internal.tasks.testing.worker.TestWorker.execute(TestWorker.java:103)
  at org.gradle.api.internal.tasks.testing.worker.TestWorker.execute(TestWorker.java:63)
  at org.gradle.process.internal.worker.child.ActionExecutionWorker.execute(ActionExecutionWorker.java:56)
  at org.gradle.process.internal.worker.child.SystemApplicationClassLoaderWorker.call(SystemApplicationClassLoaderWorker.java:122)
  at org.gradle.process.internal.worker.child.SystemApplicationClassLoaderWorker.call(SystemApplicationClassLoaderWorker.java:72)
  at worker.org.gradle.process.internal.worker.GradleWorkerMain.run(GradleWorkerMain.java:69)
  at worker.org.gradle.process.internal.worker.GradleWorkerMain.main(GradleWorkerMain.java:74)
</stacktrace>
</test-failure>


TypeScriptCompilerTests_T[jvm] > typeMatch1_ts has expected errors matching typeMatch1_errors_txt[jvm] FAILED

<test-failure test="com.xemantic.typescript.compiler.TypeScriptCompilerTests_T.trivialSubtypeReductionNoStructuralCheck_ts__target_es5__has expected errors matching baseline" platform="jvm">
<message>
--- expected
+++ actual
@@ -1,14 +1,11 @@
 error TS5107: Option 'target=ES5' is deprecated and will stop functioning in TypeScript 7.0. Specify compilerOption '"ignoreDeprecations": "6.0"' to silence this error.
-trivialSubtypeReductionNoStructuralCheck.ts(3,7): error TS7023: 'steps' implicitly has return type 'any' because it does not have a return type annotation and is referenced directly or indirectly in one of its return expressions.
 
 
 !!! error TS5107: Option 'target=ES5' is deprecated and will stop functioning in TypeScript 7.0. Specify compilerOption '"ignoreDeprecations": "6.0"' to silence this error.
-==== trivialSubtypeReductionNoStructuralCheck.ts (1 errors) ====
+==== trivialSubtypeReductionNoStructuralCheck.ts (0 errors) ====
     declare const props: WizardStepProps;
     export class Wizard {
       get steps() {
-          ~~~~~
-!!! error TS7023: 'steps' implicitly has return type 'any' because it does not have a return type annotation and is referenced directly or indirectly in one of its return expressions.
         return {
           wizard: this,
           ...props,

</message>
<stacktrace>
  at org.junit.Assert.fail(Assert.java:89)
  at kotlin.test.junit.JUnitAsserter.fail(JUnitSupport.kt:56)
  at kotlin.test.AssertionsKt__AssertionsKt.fail(Assertions.kt:563)
  at kotlin.test.AssertionsKt.fail(Unknown Source)
  at com.xemantic.kotlin.test.SameAsKt.sameAs(SameAs.kt:52)
  at com.xemantic.typescript.compiler.TypeScriptTestSupportKt.errorsMatchBaseline(TypeScriptTestSupport.kt:135)
  at com.xemantic.typescript.compiler.TypeScriptCompilerTests_T.trivialSubtypeReductionNoStructuralCheck_ts__target_es5__has expected errors matching baseline(TypeScriptCompilerTests_T.kt:1302)
  at java.base/jdk.internal.reflect.DirectMethodHandleAccessor.invoke(DirectMethodHandleAccessor.java:104)
  at java.base/java.lang.reflect.Method.invoke(Method.java:565)
  at org.junit.runners.model.FrameworkMethod$1.runReflectiveCall(FrameworkMethod.java:59)
  at org.junit.internal.runners.model.ReflectiveCallable.run(ReflectiveCallable.java:12)
  at org.junit.runners.model.FrameworkMethod.invokeExplosively(FrameworkMethod.java:56)
  at org.junit.internal.runners.statements.InvokeMethod.evaluate(InvokeMethod.java:17)
  at org.junit.runners.ParentRunner$3.evaluate(ParentRunner.java:306)
  at org.junit.runners.BlockJUnit4ClassRunner$1.evaluate(BlockJUnit4ClassRunner.java:100)
  at org.junit.runners.ParentRunner.runLeaf(ParentRunner.java:366)
  at org.junit.runners.BlockJUnit4ClassRunner.runChild(BlockJUnit4ClassRunner.java:103)
  at org.junit.runners.BlockJUnit4ClassRunner.runChild(BlockJUnit4ClassRunner.java:63)
  at org.junit.runners.ParentRunner$4.run(ParentRunner.java:331)
  at org.junit.runners.ParentRunner$1.schedule(ParentRunner.java:79)
  at org.junit.runners.ParentRunner.runChildren(ParentRunner.java:329)
  at org.junit.runners.ParentRunner.access$100(ParentRunner.java:66)
  at org.junit.runners.ParentRunner$2.evaluate(ParentRunner.java:293)
  at org.junit.runners.ParentRunner$3.evaluate(ParentRunner.java:306)
  at org.junit.runners.ParentRunner.run(ParentRunner.java:413)
  at org.junit.runner.JUnitCore.run(JUnitCore.java:137)
  at org.junit.runner.JUnitCore.run(JUnitCore.java:115)
  at org.gradle.api.internal.tasks.testing.junit.JUnitTestExecutor.runRequest(JUnitTestExecutor.java:175)
  at org.gradle.api.internal.tasks.testing.junit.JUnitTestExecutor.accept(JUnitTestExecutor.java:84)
  at org.gradle.api.internal.tasks.testing.junit.JUnitTestExecutor.accept(JUnitTestExecutor.java:47)
  at org.gradle.api.internal.tasks.testing.junit.AbstractJUnitTestDefinitionProcessor.processTestDefinition(AbstractJUnitTestDefinitionProcessor.java:65)
  at org.gradle.api.internal.tasks.testing.SuiteTestDefinitionProcessor.processTestDefinition(SuiteTestDefinitionProcessor.java:54)
  at java.base/jdk.internal.reflect.DirectMethodHandleAccessor.invoke(DirectMethodHandleAccessor.java:104)
  at java.base/java.lang.reflect.Method.invoke(Method.java:565)
  at org.gradle.internal.dispatch.MethodInvocation.invokeOn(MethodInvocation.java:77)
  at org.gradle.internal.dispatch.ReflectionDispatch.dispatch(ReflectionDispatch.java:28)
  at org.gradle.internal.dispatch.ReflectionDispatch.dispatch(ReflectionDispatch.java:19)
  at org.gradle.internal.dispatch.ContextClassLoaderDispatch.dispatch(ContextClassLoaderDispatch.java:33)
  at org.gradle.internal.dispatch.ProxyDispatchAdapter$DispatchingInvocationHandler.invoke(ProxyDispatchAdapter.java:88)
  at jdk.proxy1/jdk.proxy1.$Proxy4.processTestDefinition(Unknown Source)
  at org.gradle.api.internal.tasks.testing.worker.TestWorker$2.run(TestWorker.java:178)
  at org.gradle.api.internal.tasks.testing.worker.TestWorker.executeAndMaintainThreadName(TestWorker.java:126)
  at org.gradle.api.internal.tasks.testing.worker.TestWorker.execute(TestWorker.java:103)
  at org.gradle.api.internal.tasks.testing.worker.TestWorker.execute(TestWorker.java:63)
  at org.gradle.process.internal.worker.child.ActionExecutionWorker.execute(ActionExecutionWorker.java:56)
  at org.gradle.process.internal.worker.child.SystemApplicationClassLoaderWorker.call(SystemApplicationClassLoaderWorker.java:122)
  at org.gradle.process.internal.worker.child.SystemApplicationClassLoaderWorker.call(SystemApplicationClassLoaderWorker.java:72)
  at worker.org.gradle.process.internal.worker.GradleWorkerMain.run(GradleWorkerMain.java:69)
  at worker.org.gradle.process.internal.worker.GradleWorkerMain.main(GradleWorkerMain.java:74)
</stacktrace>
</test-failure>


TypeScriptCompilerTests_T[jvm] > trivialSubtypeReductionNoStructuralCheck_ts__target_es5__has expected errors matching baseline[jvm] FAILED

<test-failure test="com.xemantic.typescript.compiler.TypeScriptCompilerTests_T.temporal_ts has expected errors matching temporal_errors_txt" platform="jvm">
<message>
--- expected
+++ actual
@@ -1,100 +0,0 @@
-temporal.ts(25,13): error TS2339: Property 'year' does not exist on type 'Instant'.
-temporal.ts(1504,8): error TS2339: Property 'month' does not exist on type 'PlainMonthDay'.
-temporal.ts(1514,8): error TS2339: Property 'month' does not exist on type 'PlainMonthDay'.
-temporal.ts(1520,8): error TS2339: Property 'month' does not exist on type 'PlainMonthDay'.
-
-
-==== temporal.ts (4 errors) ====
-    /**
-     * Test cases derived from documentation at tc39/proposal-temporal,
-     * under the following license:
-     *
-     * Copyright 2017, 2018, 2019, 2020 ECMA International
-     *
-     * Permission to use, copy, modify, and/or distribute this software for any
-     * purpose with or without fee is hereby granted, provided that the above
-     * copyright notice and this permission notice appear in all copies.
-     *
-     * THE SOFTWARE IS PROVIDED "AS IS" AND THE AUTHOR DISCLAIMS ALL WARRANTIES WITH
-     * REGARD TO THIS SOFTWARE INCLUDING ALL IMPLIED WARRANTIES OF MERCHANTABILITY
-     * AND FITNESS. IN NO EVENT SHALL THE AUTHOR BE LIABLE FOR ANY SPECIAL, DIRECT,
-     * INDIRECT, OR CONSEQUENTIAL DAMAGES OR ANY DAMAGES WHATSOEVER RESULTING FROM
-     * LOSS OF USE, DATA OR PROFITS, WHETHER IN AN ACTION OF CONTRACT, NEGLIGENCE OR
-     * OTHER TORTIOUS ACTION, ARISING OUT OF OR IN CONNECTION WITH THE USE OR
-     * PERFORMANCE OF THIS SOFTWARE.
-     */
-    
-    {
-        const instant = Temporal.Instant.from("2020-01-01T00:00+05:30"); // => 2019-12-31T18:30:00Z
-        instant.epochNanoseconds; // => 1577817000000000000n
-    
-        // `Temporal.Instant` lacks properties that depend on time zone or calendar
-        instant.year; // => undefined
-                ~~~~
-!!! error TS2339: Property 'year' does not exist on type 'Instant'.
-    
-        const zdtTokyo = instant.toZonedDateTimeISO("Asia/Tokyo"); // => 2020-01-01T03:30:00+09:00[Asia/Tokyo]
-        zdtTokyo.year; // => 2020
-        zdtTokyo.toPlainDate(); // => 2020-01-01
-    }
-    
-    {
-        // Convert from `Temporal.Instant` to `Date` (which uses millisecond precision)
-        const instant = Temporal.Instant.from("2020-01-01T00:00:00.123456789+05:30");
-        // => 2019-12-31T18:30:00.123456789Z
-        const date = new Date(instant.epochMilliseconds);
-        date.toISOString(); // => 2019-12-31T18:30:00.123Z
-    
-        // Convert from `Date` to `Temporal.Instant`
-        const sameInstant = date.toTemporalInstant(); // => 2019-12-31T18:30:00.123Z
-    }
-    
-    {
-        const date = new Date(2019, 11, 31, 18, 30); // => Tue Dec 31 2019 18:30:00 GMT-0800 (Pacific Standard Time)
-        const instant = date.toTemporalInstant(); // => 2020-01-01T02:30:00Z
-        const zonedDateTime = instant.toZonedDateTimeISO(Temporal.Now.timeZoneId());
-        // => 2019-12-31T18:30:00-08:00[America/Los_Angeles]
-        zonedDateTime.day; // => 31
-        const dateOnly = zonedDateTime.toPlainDate(); // => 2019-12-31
-    }
-    
-    {
-        const instant = new Temporal.Instant(1553906700000000000n);
-        // When was the Unix epoch?
-        const epoch = new Temporal.Instant(0n); // => 1970-01-01T00:00:00Z
-        // Dates before the Unix epoch are negative
-        const turnOfTheCentury = new Temporal.Instant(-2208988800000000000n); // => 1900-01-01T00:00:00Z
-    }
-    
-    {
-        let instant: Temporal.Instant;
-        instant = Temporal.Instant.from("2019-03-30T01:45:00+01:00[Europe/Berlin]");
-        instant = Temporal.Instant.from("2019-03-30T01:45+01:00");
-        instant = Temporal.Instant.from("2019-03-30T00:45Z");
-        instant === Temporal.Instant.from(instant); // => false
-    }
-    
-    {
-        const legacyDate = new Date("1995-12-17T03:24Z");
-        let instant: Temporal.Instant;
-        instant = Temporal.Instant.fromEpochMilliseconds(legacyDate.getTime()); // => 1995-12-17T03:24:00Z
-        instant = legacyDate.toTemporalInstant(); // recommended
-    }
-    
-    {
-        const one = Temporal.Instant.fromEpochMilliseconds(1.0e12);
-        const two = Temporal.Instant.fromEpochMilliseconds(1.1e12);
-        const three = Temporal.Instant.fromEpochMilliseconds(1.2e12);
-        const sorted = [three, one, two].sort(Temporal.Instant.compare);
-        sorted.join(" ");
-        // => '2001-09-09T01:46:40Z 2004-11-09T11:33:20Z 2008-01-10T21:20:00Z'
-    }
-    
-    {
-        const instant = Temporal.Instant.from("2019-03-30T00:45Z");
-        new Date(instant.epochMilliseconds); // => 2019-03-30T00:45:00.000Z
-    
-        // If you need epoch seconds data:
-        const epochSecs = Math.floor(instant.epochMilliseconds / 1000); // => 1553906700
-    
-        const ns = instant.epochNanoseconds;

Diff truncated: more than 100 lines changed

Expected: 1835 lines
Actual: 2966 lines

The differences are too extensive to show in unified diff format.
Consider comparing smaller sections or reviewing the strings directly.

</message>
<stacktrace>
  at org.junit.Assert.fail(Assert.java:89)
  at kotlin.test.junit.JUnitAsserter.fail(JUnitSupport.kt:56)
  at kotlin.test.AssertionsKt__AssertionsKt.fail(Assertions.kt:563)
  at kotlin.test.AssertionsKt.fail(Unknown Source)
  at com.xemantic.kotlin.test.SameAsKt.sameAs(SameAs.kt:52)
  at com.xemantic.typescript.compiler.TypeScriptTestSupportKt.errorsMatchBaseline(TypeScriptTestSupport.kt:135)
  at com.xemantic.typescript.compiler.TypeScriptCompilerTests_T.temporal_ts has expected errors matching temporal_errors_txt(TypeScriptCompilerTests_T.kt:497)
  at java.base/jdk.internal.reflect.DirectMethodHandleAccessor.invoke(DirectMethodHandleAccessor.java:104)
  at java.base/java.lang.reflect.Method.invoke(Method.java:565)
  at org.junit.runners.model.FrameworkMethod$1.runReflectiveCall(FrameworkMethod.java:59)
  at org.junit.internal.runners.model.ReflectiveCallable.run(ReflectiveCallable.java:12)
  at org.junit.runners.model.FrameworkMethod.invokeExplosively(FrameworkMethod.java:56)
  at org.junit.internal.runners.statements.InvokeMethod.evaluate(InvokeMethod.java:17)
  at org.junit.runners.ParentRunner$3.evaluate(ParentRunner.java:306)
  at org.junit.runners.BlockJUnit4ClassRunner$1.evaluate(BlockJUnit4ClassRunner.java:100)
  at org.junit.runners.ParentRunner.runLeaf(ParentRunner.java:366)
  at org.junit.runners.BlockJUnit4ClassRunner.runChild(BlockJUnit4ClassRunner.java:103)
  at org.junit.runners.BlockJUnit4ClassRunner.runChild(BlockJUnit4ClassRunner.java:63)
  at org.junit.runners.ParentRunner$4.run(ParentRunner.java:331)
  at org.junit.runners.ParentRunner$1.schedule(ParentRunner.java:79)
  at org.junit.runners.ParentRunner.runChildren(ParentRunner.java:329)
  at org.junit.runners.ParentRunner.access$100(ParentRunner.java:66)
  at org.junit.runners.ParentRunner$2.evaluate(ParentRunner.java:293)
  at org.junit.runners.ParentRunner$3.evaluate(ParentRunner.java:306)
  at org.junit.runners.ParentRunner.run(ParentRunner.java:413)
  at org.junit.runner.JUnitCore.run(JUnitCore.java:137)
  at org.junit.runner.JUnitCore.run(JUnitCore.java:115)
  at org.gradle.api.internal.tasks.testing.junit.JUnitTestExecutor.runRequest(JUnitTestExecutor.java:175)
  at org.gradle.api.internal.tasks.testing.junit.JUnitTestExecutor.accept(JUnitTestExecutor.java:84)
  at org.gradle.api.internal.tasks.testing.junit.JUnitTestExecutor.accept(JUnitTestExecutor.java:47)
  at org.gradle.api.internal.tasks.testing.junit.AbstractJUnitTestDefinitionProcessor.processTestDefinition(AbstractJUnitTestDefinitionProcessor.java:65)
  at org.gradle.api.internal.tasks.testing.SuiteTestDefinitionProcessor.processTestDefinition(SuiteTestDefinitionProcessor.java:54)
  at java.base/jdk.internal.reflect.DirectMethodHandleAccessor.invoke(DirectMethodHandleAccessor.java:104)
  at java.base/java.lang.reflect.Method.invoke(Method.java:565)
  at org.gradle.internal.dispatch.MethodInvocation.invokeOn(MethodInvocation.java:77)
  at org.gradle.internal.dispatch.ReflectionDispatch.dispatch(ReflectionDispatch.java:28)
  at org.gradle.internal.dispatch.ReflectionDispatch.dispatch(ReflectionDispatch.java:19)
  at org.gradle.internal.dispatch.ContextClassLoaderDispatch.dispatch(ContextClassLoaderDispatch.java:33)
  at org.gradle.internal.dispatch.ProxyDispatchAdapter$DispatchingInvocationHandler.invoke(ProxyDispatchAdapter.java:88)
  at jdk.proxy1/jdk.proxy1.$Proxy4.processTestDefinition(Unknown Source)
  at org.gradle.api.internal.tasks.testing.worker.TestWorker$2.run(TestWorker.java:178)
  at org.gradle.api.internal.tasks.testing.worker.TestWorker.executeAndMaintainThreadName(TestWorker.java:126)
  at org.gradle.api.internal.tasks.testing.worker.TestWorker.execute(TestWorker.java:103)
  at org.gradle.api.internal.tasks.testing.worker.TestWorker.execute(TestWorker.java:63)
  at org.gradle.process.internal.worker.child.ActionExecutionWorker.execute(ActionExecutionWorker.java:56)
  at org.gradle.process.internal.worker.child.SystemApplicationClassLoaderWorker.call(SystemApplicationClassLoaderWorker.java:122)
  at org.gradle.process.internal.worker.child.SystemApplicationClassLoaderWorker.call(SystemApplicationClassLoaderWorker.java:72)
  at worker.org.gradle.process.internal.worker.GradleWorkerMain.run(GradleWorkerMain.java:69)
  at worker.org.gradle.process.internal.worker.GradleWorkerMain.main(GradleWorkerMain.java:74)
</stacktrace>
</test-failure>


TypeScriptCompilerTests_T[jvm] > temporal_ts has expected errors matching temporal_errors_txt[jvm] FAILED

<test-failure test="com.xemantic.typescript.compiler.TypeScriptCompilerTests_T.typecheckIfCondition_ts has expected errors matching typecheckIfCondition_errors_txt" platform="jvm">
<message>
Expected diagnostics from baseline typescript-repo/tests/baselines/reference/typecheckIfCondition.errors.txt but none produced
</message>
<stacktrace>
  at com.xemantic.typescript.compiler.TypeScriptTestSupportKt.errorsMatchBaseline(TypeScriptTestSupport.kt:125)
  at com.xemantic.typescript.compiler.TypeScriptCompilerTests_T.typecheckIfCondition_ts has expected errors matching typecheckIfCondition_errors_txt(TypeScriptCompilerTests_T.kt:3409)
  at java.base/jdk.internal.reflect.DirectMethodHandleAccessor.invoke(DirectMethodHandleAccessor.java:104)
  at java.base/java.lang.reflect.Method.invoke(Method.java:565)
  at org.junit.runners.model.FrameworkMethod$1.runReflectiveCall(FrameworkMethod.java:59)
  at org.junit.internal.runners.model.ReflectiveCallable.run(ReflectiveCallable.java:12)
  at org.junit.runners.model.FrameworkMethod.invokeExplosively(FrameworkMethod.java:56)
  at org.junit.internal.runners.statements.InvokeMethod.evaluate(InvokeMethod.java:17)
  at org.junit.runners.ParentRunner$3.evaluate(ParentRunner.java:306)
  at org.junit.runners.BlockJUnit4ClassRunner$1.evaluate(BlockJUnit4ClassRunner.java:100)
  at org.junit.runners.ParentRunner.runLeaf(ParentRunner.java:366)
  at org.junit.runners.BlockJUnit4ClassRunner.runChild(BlockJUnit4ClassRunner.java:103)
  at org.junit.runners.BlockJUnit4ClassRunner.runChild(BlockJUnit4ClassRunner.java:63)
  at org.junit.runners.ParentRunner$4.run(ParentRunner.java:331)
  at org.junit.runners.ParentRunner$1.schedule(ParentRunner.java:79)
  at org.junit.runners.ParentRunner.runChildren(ParentRunner.java:329)
  at org.junit.runners.ParentRunner.access$100(ParentRunner.java:66)
  at org.junit.runners.ParentRunner$2.evaluate(ParentRunner.java:293)
  at org.junit.runners.ParentRunner$3.evaluate(ParentRunner.java:306)
  at org.junit.runners.ParentRunner.run(ParentRunner.java:413)
  at org.junit.runner.JUnitCore.run(JUnitCore.java:137)
  at org.junit.runner.JUnitCore.run(JUnitCore.java:115)
  at org.gradle.api.internal.tasks.testing.junit.JUnitTestExecutor.runRequest(JUnitTestExecutor.java:175)
  at org.gradle.api.internal.tasks.testing.junit.JUnitTestExecutor.accept(JUnitTestExecutor.java:84)
  at org.gradle.api.internal.tasks.testing.junit.JUnitTestExecutor.accept(JUnitTestExecutor.java:47)
  at org.gradle.api.internal.tasks.testing.junit.AbstractJUnitTestDefinitionProcessor.processTestDefinition(AbstractJUnitTestDefinitionProcessor.java:65)
  at org.gradle.api.internal.tasks.testing.SuiteTestDefinitionProcessor.processTestDefinition(SuiteTestDefinitionProcessor.java:54)
  at java.base/jdk.internal.reflect.DirectMethodHandleAccessor.invoke(DirectMethodHandleAccessor.java:104)
  at java.base/java.lang.reflect.Method.invoke(Method.java:565)
  at org.gradle.internal.dispatch.MethodInvocation.invokeOn(MethodInvocation.java:77)
  at org.gradle.internal.dispatch.ReflectionDispatch.dispatch(ReflectionDispatch.java:28)
  at org.gradle.internal.dispatch.ReflectionDispatch.dispatch(ReflectionDispatch.java:19)
  at org.gradle.internal.dispatch.ContextClassLoaderDispatch.dispatch(ContextClassLoaderDispatch.java:33)
  at org.gradle.internal.dispatch.ProxyDispatchAdapter$DispatchingInvocationHandler.invoke(ProxyDispatchAdapter.java:88)
  at jdk.proxy1/jdk.proxy1.$Proxy4.processTestDefinition(Unknown Source)
  at org.gradle.api.internal.tasks.testing.worker.TestWorker$2.run(TestWorker.java:178)
  at org.gradle.api.internal.tasks.testing.worker.TestWorker.executeAndMaintainThreadName(TestWorker.java:126)
  at org.gradle.api.internal.tasks.testing.worker.TestWorker.execute(TestWorker.java:103)
  at org.gradle.api.internal.tasks.testing.worker.TestWorker.execute(TestWorker.java:63)
  at org.gradle.process.internal.worker.child.ActionExecutionWorker.execute(ActionExecutionWorker.java:56)
  at org.gradle.process.internal.worker.child.SystemApplicationClassLoaderWorker.call(SystemApplicationClassLoaderWorker.java:122)
  at org.gradle.process.internal.worker.child.SystemApplicationClassLoaderWorker.call(SystemApplicationClassLoaderWorker.java:72)
  at worker.org.gradle.process.internal.worker.GradleWorkerMain.run(GradleWorkerMain.java:69)
  at worker.org.gradle.process.internal.worker.GradleWorkerMain.main(GradleWorkerMain.java:74)
</stacktrace>
</test-failure>


TypeScriptCompilerTests_T[jvm] > typecheckIfCondition_ts has expected errors matching typecheckIfCondition_errors_txt[jvm] FAILED

<test-failure test="com.xemantic.typescript.compiler.TypeScriptCompilerTests_U.unusedTypeParameters_infer_ts has expected errors matching unusedTypeParameters_infer_errors_txt" platform="jvm">
<message>
Expected diagnostics from baseline typescript-repo/tests/baselines/reference/unusedTypeParameters_infer.errors.txt but none produced
</message>
<stacktrace>
  at com.xemantic.typescript.compiler.TypeScriptTestSupportKt.errorsMatchBaseline(TypeScriptTestSupport.kt:125)
  at com.xemantic.typescript.compiler.TypeScriptCompilerTests_U.unusedTypeParameters_infer_ts has expected errors matching unusedTypeParameters_infer_errors_txt(TypeScriptCompilerTests_U.kt:2947)
  at java.base/jdk.internal.reflect.DirectMethodHandleAccessor.invoke(DirectMethodHandleAccessor.java:104)
  at java.base/java.lang.reflect.Method.invoke(Method.java:565)
  at org.junit.runners.model.FrameworkMethod$1.runReflectiveCall(FrameworkMethod.java:59)
  at org.junit.internal.runners.model.ReflectiveCallable.run(ReflectiveCallable.java:12)
  at org.junit.runners.model.FrameworkMethod.invokeExplosively(FrameworkMethod.java:56)
  at org.junit.internal.runners.statements.InvokeMethod.evaluate(InvokeMethod.java:17)
  at org.junit.runners.ParentRunner$3.evaluate(ParentRunner.java:306)
  at org.junit.runners.BlockJUnit4ClassRunner$1.evaluate(BlockJUnit4ClassRunner.java:100)
  at org.junit.runners.ParentRunner.runLeaf(ParentRunner.java:366)
  at org.junit.runners.BlockJUnit4ClassRunner.runChild(BlockJUnit4ClassRunner.java:103)
  at org.junit.runners.BlockJUnit4ClassRunner.runChild(BlockJUnit4ClassRunner.java:63)
  at org.junit.runners.ParentRunner$4.run(ParentRunner.java:331)
  at org.junit.runners.ParentRunner$1.schedule(ParentRunner.java:79)
  at org.junit.runners.ParentRunner.runChildren(ParentRunner.java:329)
  at org.junit.runners.ParentRunner.access$100(ParentRunner.java:66)
  at org.junit.runners.ParentRunner$2.evaluate(ParentRunner.java:293)
  at org.junit.runners.ParentRunner$3.evaluate(ParentRunner.java:306)
  at org.junit.runners.ParentRunner.run(ParentRunner.java:413)
  at org.junit.runner.JUnitCore.run(JUnitCore.java:137)
  at org.junit.runner.JUnitCore.run(JUnitCore.java:115)
  at org.gradle.api.internal.tasks.testing.junit.JUnitTestExecutor.runRequest(JUnitTestExecutor.java:175)
  at org.gradle.api.internal.tasks.testing.junit.JUnitTestExecutor.accept(JUnitTestExecutor.java:84)
  at org.gradle.api.internal.tasks.testing.junit.JUnitTestExecutor.accept(JUnitTestExecutor.java:47)
  at org.gradle.api.internal.tasks.testing.junit.AbstractJUnitTestDefinitionProcessor.processTestDefinition(AbstractJUnitTestDefinitionProcessor.java:65)
  at org.gradle.api.internal.tasks.testing.SuiteTestDefinitionProcessor.processTestDefinition(SuiteTestDefinitionProcessor.java:54)
  at java.base/jdk.internal.reflect.DirectMethodHandleAccessor.invoke(DirectMethodHandleAccessor.java:104)
  at java.base/java.lang.reflect.Method.invoke(Method.java:565)
  at org.gradle.internal.dispatch.MethodInvocation.invokeOn(MethodInvocation.java:77)
  at org.gradle.internal.dispatch.ReflectionDispatch.dispatch(ReflectionDispatch.java:28)
  at org.gradle.internal.dispatch.ReflectionDispatch.dispatch(ReflectionDispatch.java:19)
  at org.gradle.internal.dispatch.ContextClassLoaderDispatch.dispatch(ContextClassLoaderDispatch.java:33)
  at org.gradle.internal.dispatch.ProxyDispatchAdapter$DispatchingInvocationHandler.invoke(ProxyDispatchAdapter.java:88)
  at jdk.proxy1/jdk.proxy1.$Proxy4.processTestDefinition(Unknown Source)
  at org.gradle.api.internal.tasks.testing.worker.TestWorker$2.run(TestWorker.java:178)
  at org.gradle.api.internal.tasks.testing.worker.TestWorker.executeAndMaintainThreadName(TestWorker.java:126)
  at org.gradle.api.internal.tasks.testing.worker.TestWorker.execute(TestWorker.java:103)
  at org.gradle.api.internal.tasks.testing.worker.TestWorker.execute(TestWorker.java:63)
  at org.gradle.process.internal.worker.child.ActionExecutionWorker.execute(ActionExecutionWorker.java:56)
  at org.gradle.process.internal.worker.child.SystemApplicationClassLoaderWorker.call(SystemApplicationClassLoaderWorker.java:122)
  at org.gradle.process.internal.worker.child.SystemApplicationClassLoaderWorker.call(SystemApplicationClassLoaderWorker.java:72)
  at worker.org.gradle.process.internal.worker.GradleWorkerMain.run(GradleWorkerMain.java:69)
  at worker.org.gradle.process.internal.worker.GradleWorkerMain.main(GradleWorkerMain.java:74)
</stacktrace>
</test-failure>


TypeScriptCompilerTests_U[jvm] > unusedTypeParameters_infer_ts has expected errors matching unusedTypeParameters_infer_errors_txt[jvm] FAILED

<test-failure test="com.xemantic.typescript.compiler.TypeScriptCompilerTests_U.unusedTypeParameters8_ts has expected errors matching unusedTypeParameters8_errors_txt" platform="jvm">
<message>
--- expected
+++ actual
@@ -1,10 +1,10 @@
-b.ts(1,12): error TS6133: 'T' is declared but its value is never read.
+a.ts(1,8): error TS6133: 'T' is declared but its value is never read.
 
 
-==== a.ts (0 errors) ====
+==== a.ts (1 errors) ====
     class C<T> { }
+           ~~~
+!!! error TS6133: 'T' is declared but its value is never read.
     
-==== b.ts (1 errors) ====
+==== b.ts (0 errors) ====
     interface C<T> { }
-               ~~~
-!!! error TS6133: 'T' is declared but its value is never read.

</message>
<stacktrace>
  at org.junit.Assert.fail(Assert.java:89)
  at kotlin.test.junit.JUnitAsserter.fail(JUnitSupport.kt:56)
  at kotlin.test.AssertionsKt__AssertionsKt.fail(Assertions.kt:563)
  at kotlin.test.AssertionsKt.fail(Unknown Source)
  at com.xemantic.kotlin.test.SameAsKt.sameAs(SameAs.kt:52)
  at com.xemantic.typescript.compiler.TypeScriptTestSupportKt.errorsMatchBaseline(TypeScriptTestSupport.kt:135)
  at com.xemantic.typescript.compiler.TypeScriptCompilerTests_U.unusedTypeParameters8_ts has expected errors matching unusedTypeParameters8_errors_txt(TypeScriptCompilerTests_U.kt:2884)
  at java.base/jdk.internal.reflect.DirectMethodHandleAccessor.invoke(DirectMethodHandleAccessor.java:104)
  at java.base/java.lang.reflect.Method.invoke(Method.java:565)
  at org.junit.runners.model.FrameworkMethod$1.runReflectiveCall(FrameworkMethod.java:59)
  at org.junit.internal.runners.model.ReflectiveCallable.run(ReflectiveCallable.java:12)
  at org.junit.runners.model.FrameworkMethod.invokeExplosively(FrameworkMethod.java:56)
  at org.junit.internal.runners.statements.InvokeMethod.evaluate(InvokeMethod.java:17)
  at org.junit.runners.ParentRunner$3.evaluate(ParentRunner.java:306)
  at org.junit.runners.BlockJUnit4ClassRunner$1.evaluate(BlockJUnit4ClassRunner.java:100)
  at org.junit.runners.ParentRunner.runLeaf(ParentRunner.java:366)
  at org.junit.runners.BlockJUnit4ClassRunner.runChild(BlockJUnit4ClassRunner.java:103)
  at org.junit.runners.BlockJUnit4ClassRunner.runChild(BlockJUnit4ClassRunner.java:63)
  at org.junit.runners.ParentRunner$4.run(ParentRunner.java:331)
  at org.junit.runners.ParentRunner$1.schedule(ParentRunner.java:79)
  at org.junit.runners.ParentRunner.runChildren(ParentRunner.java:329)
  at org.junit.runners.ParentRunner.access$100(ParentRunner.java:66)
  at org.junit.runners.ParentRunner$2.evaluate(ParentRunner.java:293)
  at org.junit.runners.ParentRunner$3.evaluate(ParentRunner.java:306)
  at org.junit.runners.ParentRunner.run(ParentRunner.java:413)
  at org.junit.runner.JUnitCore.run(JUnitCore.java:137)
  at org.junit.runner.JUnitCore.run(JUnitCore.java:115)
  at org.gradle.api.internal.tasks.testing.junit.JUnitTestExecutor.runRequest(JUnitTestExecutor.java:175)
  at org.gradle.api.internal.tasks.testing.junit.JUnitTestExecutor.accept(JUnitTestExecutor.java:84)
  at org.gradle.api.internal.tasks.testing.junit.JUnitTestExecutor.accept(JUnitTestExecutor.java:47)
  at org.gradle.api.internal.tasks.testing.junit.AbstractJUnitTestDefinitionProcessor.processTestDefinition(AbstractJUnitTestDefinitionProcessor.java:65)
  at org.gradle.api.internal.tasks.testing.SuiteTestDefinitionProcessor.processTestDefinition(SuiteTestDefinitionProcessor.java:54)
  at java.base/jdk.internal.reflect.DirectMethodHandleAccessor.invoke(DirectMethodHandleAccessor.java:104)
  at java.base/java.lang.reflect.Method.invoke(Method.java:565)
  at org.gradle.internal.dispatch.MethodInvocation.invokeOn(MethodInvocation.java:77)
  at org.gradle.internal.dispatch.ReflectionDispatch.dispatch(ReflectionDispatch.java:28)
  at org.gradle.internal.dispatch.ReflectionDispatch.dispatch(ReflectionDispatch.java:19)
  at org.gradle.internal.dispatch.ContextClassLoaderDispatch.dispatch(ContextClassLoaderDispatch.java:33)
  at org.gradle.internal.dispatch.ProxyDispatchAdapter$DispatchingInvocationHandler.invoke(ProxyDispatchAdapter.java:88)
  at jdk.proxy1/jdk.proxy1.$Proxy4.processTestDefinition(Unknown Source)
  at org.gradle.api.internal.tasks.testing.worker.TestWorker$2.run(TestWorker.java:178)
  at org.gradle.api.internal.tasks.testing.worker.TestWorker.executeAndMaintainThreadName(TestWorker.java:126)
  at org.gradle.api.internal.tasks.testing.worker.TestWorker.execute(TestWorker.java:103)
  at org.gradle.api.internal.tasks.testing.worker.TestWorker.execute(TestWorker.java:63)
  at org.gradle.process.internal.worker.child.ActionExecutionWorker.execute(ActionExecutionWorker.java:56)
  at org.gradle.process.internal.worker.child.SystemApplicationClassLoaderWorker.call(SystemApplicationClassLoaderWorker.java:122)
  at org.gradle.process.internal.worker.child.SystemApplicationClassLoaderWorker.call(SystemApplicationClassLoaderWorker.java:72)
  at worker.org.gradle.process.internal.worker.GradleWorkerMain.run(GradleWorkerMain.java:69)
  at worker.org.gradle.process.internal.worker.GradleWorkerMain.main(GradleWorkerMain.java:74)
</stacktrace>
</test-failure>


TypeScriptCompilerTests_U[jvm] > unusedTypeParameters8_ts has expected errors matching unusedTypeParameters8_errors_txt[jvm] FAILED

<test-failure test="com.xemantic.typescript.compiler.TypeScriptCompilerTests_U.undefinedTypeAssignment1_ts has expected errors matching undefinedTypeAssignment1_errors_txt" platform="jvm">
<message>
Expected diagnostics from baseline typescript-repo/tests/baselines/reference/undefinedTypeAssignment1.errors.txt but none produced
</message>
<stacktrace>
  at com.xemantic.typescript.compiler.TypeScriptTestSupportKt.errorsMatchBaseline(TypeScriptTestSupport.kt:125)
  at com.xemantic.typescript.compiler.TypeScriptCompilerTests_U.undefinedTypeAssignment1_ts has expected errors matching undefinedTypeAssignment1_errors_txt(TypeScriptCompilerTests_U.kt:385)
  at java.base/jdk.internal.reflect.DirectMethodHandleAccessor.invoke(DirectMethodHandleAccessor.java:104)
  at java.base/java.lang.reflect.Method.invoke(Method.java:565)
  at org.junit.runners.model.FrameworkMethod$1.runReflectiveCall(FrameworkMethod.java:59)
  at org.junit.internal.runners.model.ReflectiveCallable.run(ReflectiveCallable.java:12)
  at org.junit.runners.model.FrameworkMethod.invokeExplosively(FrameworkMethod.java:56)
  at org.junit.internal.runners.statements.InvokeMethod.evaluate(InvokeMethod.java:17)
  at org.junit.runners.ParentRunner$3.evaluate(ParentRunner.java:306)
  at org.junit.runners.BlockJUnit4ClassRunner$1.evaluate(BlockJUnit4ClassRunner.java:100)
  at org.junit.runners.ParentRunner.runLeaf(ParentRunner.java:366)
  at org.junit.runners.BlockJUnit4ClassRunner.runChild(BlockJUnit4ClassRunner.java:103)
  at org.junit.runners.BlockJUnit4ClassRunner.runChild(BlockJUnit4ClassRunner.java:63)
  at org.junit.runners.ParentRunner$4.run(ParentRunner.java:331)
  at org.junit.runners.ParentRunner$1.schedule(ParentRunner.java:79)
  at org.junit.runners.ParentRunner.runChildren(ParentRunner.java:329)
  at org.junit.runners.ParentRunner.access$100(ParentRunner.java:66)
  at org.junit.runners.ParentRunner$2.evaluate(ParentRunner.java:293)
  at org.junit.runners.ParentRunner$3.evaluate(ParentRunner.java:306)
  at org.junit.runners.ParentRunner.run(ParentRunner.java:413)
  at org.junit.runner.JUnitCore.run(JUnitCore.java:137)
  at org.junit.runner.JUnitCore.run(JUnitCore.java:115)
  at org.gradle.api.internal.tasks.testing.junit.JUnitTestExecutor.runRequest(JUnitTestExecutor.java:175)
  at org.gradle.api.internal.tasks.testing.junit.JUnitTestExecutor.accept(JUnitTestExecutor.java:84)
  at org.gradle.api.internal.tasks.testing.junit.JUnitTestExecutor.accept(JUnitTestExecutor.java:47)
  at org.gradle.api.internal.tasks.testing.junit.AbstractJUnitTestDefinitionProcessor.processTestDefinition(AbstractJUnitTestDefinitionProcessor.java:65)
  at org.gradle.api.internal.tasks.testing.SuiteTestDefinitionProcessor.processTestDefinition(SuiteTestDefinitionProcessor.java:54)
  at java.base/jdk.internal.reflect.DirectMethodHandleAccessor.invoke(DirectMethodHandleAccessor.java:104)
  at java.base/java.lang.reflect.Method.invoke(Method.java:565)
  at org.gradle.internal.dispatch.MethodInvocation.invokeOn(MethodInvocation.java:77)
  at org.gradle.internal.dispatch.ReflectionDispatch.dispatch(ReflectionDispatch.java:28)
  at org.gradle.internal.dispatch.ReflectionDispatch.dispatch(ReflectionDispatch.java:19)
  at org.gradle.internal.dispatch.ContextClassLoaderDispatch.dispatch(ContextClassLoaderDispatch.java:33)
  at org.gradle.internal.dispatch.ProxyDispatchAdapter$DispatchingInvocationHandler.invoke(ProxyDispatchAdapter.java:88)
  at jdk.proxy1/jdk.proxy1.$Proxy4.processTestDefinition(Unknown Source)
  at org.gradle.api.internal.tasks.testing.worker.TestWorker$2.run(TestWorker.java:178)
  at org.gradle.api.internal.tasks.testing.worker.TestWorker.executeAndMaintainThreadName(TestWorker.java:126)
  at org.gradle.api.internal.tasks.testing.worker.TestWorker.execute(TestWorker.java:103)
  at org.gradle.api.internal.tasks.testing.worker.TestWorker.execute(TestWorker.java:63)
  at org.gradle.process.internal.worker.child.ActionExecutionWorker.execute(ActionExecutionWorker.java:56)
  at org.gradle.process.internal.worker.child.SystemApplicationClassLoaderWorker.call(SystemApplicationClassLoaderWorker.java:122)
  at org.gradle.process.internal.worker.child.SystemApplicationClassLoaderWorker.call(SystemApplicationClassLoaderWorker.java:72)
  at worker.org.gradle.process.internal.worker.GradleWorkerMain.run(GradleWorkerMain.java:69)
  at worker.org.gradle.process.internal.worker.GradleWorkerMain.main(GradleWorkerMain.java:74)
</stacktrace>
</test-failure>


TypeScriptCompilerTests_U[jvm] > undefinedTypeAssignment1_ts has expected errors matching undefinedTypeAssignment1_errors_txt[jvm] FAILED

<test-failure test="com.xemantic.typescript.compiler.TypeScriptCompilerTests_U.unparenthesizedConstructorTypeInUnionOrIntersection_ts has expected errors matching unparenthesizedConstructorTypeInUnionOrIntersection_errors_txt" platform="jvm">
<message>
Expected diagnostics from baseline typescript-repo/tests/baselines/reference/unparenthesizedConstructorTypeInUnionOrIntersection.errors.txt but none produced
</message>
<stacktrace>
  at com.xemantic.typescript.compiler.TypeScriptTestSupportKt.errorsMatchBaseline(TypeScriptTestSupport.kt:125)
  at com.xemantic.typescript.compiler.TypeScriptCompilerTests_U.unparenthesizedConstructorTypeInUnionOrIntersection_ts has expected errors matching unparenthesizedConstructorTypeInUnionOrIntersection_errors_txt(TypeScriptCompilerTests_U.kt:966)
  at java.base/jdk.internal.reflect.DirectMethodHandleAccessor.invoke(DirectMethodHandleAccessor.java:104)
  at java.base/java.lang.reflect.Method.invoke(Method.java:565)
  at org.junit.runners.model.FrameworkMethod$1.runReflectiveCall(FrameworkMethod.java:59)
  at org.junit.internal.runners.model.ReflectiveCallable.run(ReflectiveCallable.java:12)
  at org.junit.runners.model.FrameworkMethod.invokeExplosively(FrameworkMethod.java:56)
  at org.junit.internal.runners.statements.InvokeMethod.evaluate(InvokeMethod.java:17)
  at org.junit.runners.ParentRunner$3.evaluate(ParentRunner.java:306)
  at org.junit.runners.BlockJUnit4ClassRunner$1.evaluate(BlockJUnit4ClassRunner.java:100)
  at org.junit.runners.ParentRunner.runLeaf(ParentRunner.java:366)
  at org.junit.runners.BlockJUnit4ClassRunner.runChild(BlockJUnit4ClassRunner.java:103)
  at org.junit.runners.BlockJUnit4ClassRunner.runChild(BlockJUnit4ClassRunner.java:63)
  at org.junit.runners.ParentRunner$4.run(ParentRunner.java:331)
  at org.junit.runners.ParentRunner$1.schedule(ParentRunner.java:79)
  at org.junit.runners.ParentRunner.runChildren(ParentRunner.java:329)
  at org.junit.runners.ParentRunner.access$100(ParentRunner.java:66)
  at org.junit.runners.ParentRunner$2.evaluate(ParentRunner.java:293)
  at org.junit.runners.ParentRunner$3.evaluate(ParentRunner.java:306)
  at org.junit.runners.ParentRunner.run(ParentRunner.java:413)
  at org.junit.runner.JUnitCore.run(JUnitCore.java:137)
  at org.junit.runner.JUnitCore.run(JUnitCore.java:115)
  at org.gradle.api.internal.tasks.testing.junit.JUnitTestExecutor.runRequest(JUnitTestExecutor.java:175)
  at org.gradle.api.internal.tasks.testing.junit.JUnitTestExecutor.accept(JUnitTestExecutor.java:84)
  at org.gradle.api.internal.tasks.testing.junit.JUnitTestExecutor.accept(JUnitTestExecutor.java:47)
  at org.gradle.api.internal.tasks.testing.junit.AbstractJUnitTestDefinitionProcessor.processTestDefinition(AbstractJUnitTestDefinitionProcessor.java:65)
  at org.gradle.api.internal.tasks.testing.SuiteTestDefinitionProcessor.processTestDefinition(SuiteTestDefinitionProcessor.java:54)
  at java.base/jdk.internal.reflect.DirectMethodHandleAccessor.invoke(DirectMethodHandleAccessor.java:104)
  at java.base/java.lang.reflect.Method.invoke(Method.java:565)
  at org.gradle.internal.dispatch.MethodInvocation.invokeOn(MethodInvocation.java:77)
  at org.gradle.internal.dispatch.ReflectionDispatch.dispatch(ReflectionDispatch.java:28)
  at org.gradle.internal.dispatch.ReflectionDispatch.dispatch(ReflectionDispatch.java:19)
  at org.gradle.internal.dispatch.ContextClassLoaderDispatch.dispatch(ContextClassLoaderDispatch.java:33)
  at org.gradle.internal.dispatch.ProxyDispatchAdapter$DispatchingInvocationHandler.invoke(ProxyDispatchAdapter.java:88)
  at jdk.proxy1/jdk.proxy1.$Proxy4.processTestDefinition(Unknown Source)
  at org.gradle.api.internal.tasks.testing.worker.TestWorker$2.run(TestWorker.java:178)
  at org.gradle.api.internal.tasks.testing.worker.TestWorker.executeAndMaintainThreadName(TestWorker.java:126)
  at org.gradle.api.internal.tasks.testing.worker.TestWorker.execute(TestWorker.java:103)
  at org.gradle.api.internal.tasks.testing.worker.TestWorker.execute(TestWorker.java:63)
  at org.gradle.process.internal.worker.child.ActionExecutionWorker.execute(ActionExecutionWorker.java:56)
  at org.gradle.process.internal.worker.child.SystemApplicationClassLoaderWorker.call(SystemApplicationClassLoaderWorker.java:122)
  at org.gradle.process.internal.worker.child.SystemApplicationClassLoaderWorker.call(SystemApplicationClassLoaderWorker.java:72)
  at worker.org.gradle.process.internal.worker.GradleWorkerMain.run(GradleWorkerMain.java:69)
  at worker.org.gradle.process.internal.worker.GradleWorkerMain.main(GradleWorkerMain.java:74)
</stacktrace>
</test-failure>


TypeScriptCompilerTests_U[jvm] > unparenthesizedConstructorTypeInUnionOrIntersection_ts has expected errors matching unparenthesizedConstructorTypeInUnionOrIntersection_errors_txt[jvm] FAILED

<test-failure test="com.xemantic.typescript.compiler.TypeScriptCompilerTests_U.unionErrorMessageOnMatchingDiscriminant_ts has expected errors matching unionErrorMessageOnMatchingDiscriminant_errors_txt" platform="jvm">
<message>
Expected diagnostics from baseline typescript-repo/tests/baselines/reference/unionErrorMessageOnMatchingDiscriminant.errors.txt but none produced
</message>
<stacktrace>
  at com.xemantic.typescript.compiler.TypeScriptTestSupportKt.errorsMatchBaseline(TypeScriptTestSupport.kt:125)
  at com.xemantic.typescript.compiler.TypeScriptCompilerTests_U.unionErrorMessageOnMatchingDiscriminant_ts has expected errors matching unionErrorMessageOnMatchingDiscriminant_errors_txt(TypeScriptCompilerTests_U.kt:581)
  at java.base/jdk.internal.reflect.DirectMethodHandleAccessor.invoke(DirectMethodHandleAccessor.java:104)
  at java.base/java.lang.reflect.Method.invoke(Method.java:565)
  at org.junit.runners.model.FrameworkMethod$1.runReflectiveCall(FrameworkMethod.java:59)
  at org.junit.internal.runners.model.ReflectiveCallable.run(ReflectiveCallable.java:12)
  at org.junit.runners.model.FrameworkMethod.invokeExplosively(FrameworkMethod.java:56)
  at org.junit.internal.runners.statements.InvokeMethod.evaluate(InvokeMethod.java:17)
  at org.junit.runners.ParentRunner$3.evaluate(ParentRunner.java:306)
  at org.junit.runners.BlockJUnit4ClassRunner$1.evaluate(BlockJUnit4ClassRunner.java:100)
  at org.junit.runners.ParentRunner.runLeaf(ParentRunner.java:366)
  at org.junit.runners.BlockJUnit4ClassRunner.runChild(BlockJUnit4ClassRunner.java:103)
  at org.junit.runners.BlockJUnit4ClassRunner.runChild(BlockJUnit4ClassRunner.java:63)
  at org.junit.runners.ParentRunner$4.run(ParentRunner.java:331)
  at org.junit.runners.ParentRunner$1.schedule(ParentRunner.java:79)
  at org.junit.runners.ParentRunner.runChildren(ParentRunner.java:329)
  at org.junit.runners.ParentRunner.access$100(ParentRunner.java:66)
  at org.junit.runners.ParentRunner$2.evaluate(ParentRunner.java:293)
  at org.junit.runners.ParentRunner$3.evaluate(ParentRunner.java:306)
  at org.junit.runners.ParentRunner.run(ParentRunner.java:413)
  at org.junit.runner.JUnitCore.run(JUnitCore.java:137)
  at org.junit.runner.JUnitCore.run(JUnitCore.java:115)
  at org.gradle.api.internal.tasks.testing.junit.JUnitTestExecutor.runRequest(JUnitTestExecutor.java:175)
  at org.gradle.api.internal.tasks.testing.junit.JUnitTestExecutor.accept(JUnitTestExecutor.java:84)
  at org.gradle.api.internal.tasks.testing.junit.JUnitTestExecutor.accept(JUnitTestExecutor.java:47)
  at org.gradle.api.internal.tasks.testing.junit.AbstractJUnitTestDefinitionProcessor.processTestDefinition(AbstractJUnitTestDefinitionProcessor.java:65)
  at org.gradle.api.internal.tasks.testing.SuiteTestDefinitionProcessor.processTestDefinition(SuiteTestDefinitionProcessor.java:54)
  at java.base/jdk.internal.reflect.DirectMethodHandleAccessor.invoke(DirectMethodHandleAccessor.java:104)
  at java.base/java.lang.reflect.Method.invoke(Method.java:565)
  at org.gradle.internal.dispatch.MethodInvocation.invokeOn(MethodInvocation.java:77)
  at org.gradle.internal.dispatch.ReflectionDispatch.dispatch(ReflectionDispatch.java:28)
  at org.gradle.internal.dispatch.ReflectionDispatch.dispatch(ReflectionDispatch.java:19)
  at org.gradle.internal.dispatch.ContextClassLoaderDispatch.dispatch(ContextClassLoaderDispatch.java:33)
  at org.gradle.internal.dispatch.ProxyDispatchAdapter$DispatchingInvocationHandler.invoke(ProxyDispatchAdapter.java:88)
  at jdk.proxy1/jdk.proxy1.$Proxy4.processTestDefinition(Unknown Source)
  at org.gradle.api.internal.tasks.testing.worker.TestWorker$2.run(TestWorker.java:178)
  at org.gradle.api.internal.tasks.testing.worker.TestWorker.executeAndMaintainThreadName(TestWorker.java:126)
  at org.gradle.api.internal.tasks.testing.worker.TestWorker.execute(TestWorker.java:103)
  at org.gradle.api.internal.tasks.testing.worker.TestWorker.execute(TestWorker.java:63)
  at org.gradle.process.internal.worker.child.ActionExecutionWorker.execute(ActionExecutionWorker.java:56)
  at org.gradle.process.internal.worker.child.SystemApplicationClassLoaderWorker.call(SystemApplicationClassLoaderWorker.java:122)
  at org.gradle.process.internal.worker.child.SystemApplicationClassLoaderWorker.call(SystemApplicationClassLoaderWorker.java:72)
  at worker.org.gradle.process.internal.worker.GradleWorkerMain.run(GradleWorkerMain.java:69)
  at worker.org.gradle.process.internal.worker.GradleWorkerMain.main(GradleWorkerMain.java:74)
</stacktrace>
</test-failure>


TypeScriptCompilerTests_U[jvm] > unionErrorMessageOnMatchingDiscriminant_ts has expected errors matching unionErrorMessageOnMatchingDiscriminant_errors_txt[jvm] FAILED

<test-failure test="com.xemantic.typescript.compiler.TypeScriptCompilerTests_U.undeclaredBase_ts has expected errors matching undeclaredBase_errors_txt" platform="jvm">
<message>
Expected diagnostics from baseline typescript-repo/tests/baselines/reference/undeclaredBase.errors.txt but none produced
</message>
<stacktrace>
  at com.xemantic.typescript.compiler.TypeScriptTestSupportKt.errorsMatchBaseline(TypeScriptTestSupport.kt:125)
  at com.xemantic.typescript.compiler.TypeScriptCompilerTests_U.undeclaredBase_ts has expected errors matching undeclaredBase_errors_txt(TypeScriptCompilerTests_U.kt:231)
  at java.base/jdk.internal.reflect.DirectMethodHandleAccessor.invoke(DirectMethodHandleAccessor.java:104)
  at java.base/java.lang.reflect.Method.invoke(Method.java:565)
  at org.junit.runners.model.FrameworkMethod$1.runReflectiveCall(FrameworkMethod.java:59)
  at org.junit.internal.runners.model.ReflectiveCallable.run(ReflectiveCallable.java:12)
  at org.junit.runners.model.FrameworkMethod.invokeExplosively(FrameworkMethod.java:56)
  at org.junit.internal.runners.statements.InvokeMethod.evaluate(InvokeMethod.java:17)
  at org.junit.runners.ParentRunner$3.evaluate(ParentRunner.java:306)
  at org.junit.runners.BlockJUnit4ClassRunner$1.evaluate(BlockJUnit4ClassRunner.java:100)
  at org.junit.runners.ParentRunner.runLeaf(ParentRunner.java:366)
  at org.junit.runners.BlockJUnit4ClassRunner.runChild(BlockJUnit4ClassRunner.java:103)
  at org.junit.runners.BlockJUnit4ClassRunner.runChild(BlockJUnit4ClassRunner.java:63)
  at org.junit.runners.ParentRunner$4.run(ParentRunner.java:331)
  at org.junit.runners.ParentRunner$1.schedule(ParentRunner.java:79)
  at org.junit.runners.ParentRunner.runChildren(ParentRunner.java:329)
  at org.junit.runners.ParentRunner.access$100(ParentRunner.java:66)
  at org.junit.runners.ParentRunner$2.evaluate(ParentRunner.java:293)
  at org.junit.runners.ParentRunner$3.evaluate(ParentRunner.java:306)
  at org.junit.runners.ParentRunner.run(ParentRunner.java:413)
  at org.junit.runner.JUnitCore.run(JUnitCore.java:137)
  at org.junit.runner.JUnitCore.run(JUnitCore.java:115)
  at org.gradle.api.internal.tasks.testing.junit.JUnitTestExecutor.runRequest(JUnitTestExecutor.java:175)
  at org.gradle.api.internal.tasks.testing.junit.JUnitTestExecutor.accept(JUnitTestExecutor.java:84)
  at org.gradle.api.internal.tasks.testing.junit.JUnitTestExecutor.accept(JUnitTestExecutor.java:47)
  at org.gradle.api.internal.tasks.testing.junit.AbstractJUnitTestDefinitionProcessor.processTestDefinition(AbstractJUnitTestDefinitionProcessor.java:65)
  at org.gradle.api.internal.tasks.testing.SuiteTestDefinitionProcessor.processTestDefinition(SuiteTestDefinitionProcessor.java:54)
  at java.base/jdk.internal.reflect.DirectMethodHandleAccessor.invoke(DirectMethodHandleAccessor.java:104)
  at java.base/java.lang.reflect.Method.invoke(Method.java:565)
  at org.gradle.internal.dispatch.MethodInvocation.invokeOn(MethodInvocation.java:77)
  at org.gradle.internal.dispatch.ReflectionDispatch.dispatch(ReflectionDispatch.java:28)
  at org.gradle.internal.dispatch.ReflectionDispatch.dispatch(ReflectionDispatch.java:19)
  at org.gradle.internal.dispatch.ContextClassLoaderDispatch.dispatch(ContextClassLoaderDispatch.java:33)
  at org.gradle.internal.dispatch.ProxyDispatchAdapter$DispatchingInvocationHandler.invoke(ProxyDispatchAdapter.java:88)
  at jdk.proxy1/jdk.proxy1.$Proxy4.processTestDefinition(Unknown Source)
  at org.gradle.api.internal.tasks.testing.worker.TestWorker$2.run(TestWorker.java:178)
  at org.gradle.api.internal.tasks.testing.worker.TestWorker.executeAndMaintainThreadName(TestWorker.java:126)
  at org.gradle.api.internal.tasks.testing.worker.TestWorker.execute(TestWorker.java:103)
  at org.gradle.api.internal.tasks.testing.worker.TestWorker.execute(TestWorker.java:63)
  at org.gradle.process.internal.worker.child.ActionExecutionWorker.execute(ActionExecutionWorker.java:56)
  at org.gradle.process.internal.worker.child.SystemApplicationClassLoaderWorker.call(SystemApplicationClassLoaderWorker.java:122)
  at org.gradle.process.internal.worker.child.SystemApplicationClassLoaderWorker.call(SystemApplicationClassLoaderWorker.java:72)
  at worker.org.gradle.process.internal.worker.GradleWorkerMain.run(GradleWorkerMain.java:69)
  at worker.org.gradle.process.internal.worker.GradleWorkerMain.main(GradleWorkerMain.java:74)
</stacktrace>
</test-failure>


TypeScriptCompilerTests_U[jvm] > undeclaredBase_ts has expected errors matching undeclaredBase_errors_txt[jvm] FAILED

<test-failure test="com.xemantic.typescript.compiler.TypeScriptCompilerTests_U.unmetTypeConstraintInJSDocImportCall_ts has expected errors matching unmetTypeConstraintInJSDocImportCall_errors_txt" platform="jvm">
<message>
Expected diagnostics from baseline typescript-repo/tests/baselines/reference/unmetTypeConstraintInJSDocImportCall.errors.txt but none produced
</message>
<stacktrace>
  at com.xemantic.typescript.compiler.TypeScriptTestSupportKt.errorsMatchBaseline(TypeScriptTestSupport.kt:125)
  at com.xemantic.typescript.compiler.TypeScriptCompilerTests_U.unmetTypeConstraintInJSDocImportCall_ts has expected errors matching unmetTypeConstraintInJSDocImportCall_errors_txt(TypeScriptCompilerTests_U.kt:952)
  at java.base/jdk.internal.reflect.DirectMethodHandleAccessor.invoke(DirectMethodHandleAccessor.java:104)
  at java.base/java.lang.reflect.Method.invoke(Method.java:565)
  at org.junit.runners.model.FrameworkMethod$1.runReflectiveCall(FrameworkMethod.java:59)
  at org.junit.internal.runners.model.ReflectiveCallable.run(ReflectiveCallable.java:12)
  at org.junit.runners.model.FrameworkMethod.invokeExplosively(FrameworkMethod.java:56)
  at org.junit.internal.runners.statements.InvokeMethod.evaluate(InvokeMethod.java:17)
  at org.junit.runners.ParentRunner$3.evaluate(ParentRunner.java:306)
  at org.junit.runners.BlockJUnit4ClassRunner$1.evaluate(BlockJUnit4ClassRunner.java:100)
  at org.junit.runners.ParentRunner.runLeaf(ParentRunner.java:366)
  at org.junit.runners.BlockJUnit4ClassRunner.runChild(BlockJUnit4ClassRunner.java:103)
  at org.junit.runners.BlockJUnit4ClassRunner.runChild(BlockJUnit4ClassRunner.java:63)
  at org.junit.runners.ParentRunner$4.run(ParentRunner.java:331)
  at org.junit.runners.ParentRunner$1.schedule(ParentRunner.java:79)
  at org.junit.runners.ParentRunner.runChildren(ParentRunner.java:329)
  at org.junit.runners.ParentRunner.access$100(ParentRunner.java:66)
  at org.junit.runners.ParentRunner$2.evaluate(ParentRunner.java:293)
  at org.junit.runners.ParentRunner$3.evaluate(ParentRunner.java:306)
  at org.junit.runners.ParentRunner.run(ParentRunner.java:413)
  at org.junit.runner.JUnitCore.run(JUnitCore.java:137)
  at org.junit.runner.JUnitCore.run(JUnitCore.java:115)
  at org.gradle.api.internal.tasks.testing.junit.JUnitTestExecutor.runRequest(JUnitTestExecutor.java:175)
  at org.gradle.api.internal.tasks.testing.junit.JUnitTestExecutor.accept(JUnitTestExecutor.java:84)
  at org.gradle.api.internal.tasks.testing.junit.JUnitTestExecutor.accept(JUnitTestExecutor.java:47)
  at org.gradle.api.internal.tasks.testing.junit.AbstractJUnitTestDefinitionProcessor.processTestDefinition(AbstractJUnitTestDefinitionProcessor.java:65)
  at org.gradle.api.internal.tasks.testing.SuiteTestDefinitionProcessor.processTestDefinition(SuiteTestDefinitionProcessor.java:54)
  at java.base/jdk.internal.reflect.DirectMethodHandleAccessor.invoke(DirectMethodHandleAccessor.java:104)
  at java.base/java.lang.reflect.Method.invoke(Method.java:565)
  at org.gradle.internal.dispatch.MethodInvocation.invokeOn(MethodInvocation.java:77)
  at org.gradle.internal.dispatch.ReflectionDispatch.dispatch(ReflectionDispatch.java:28)
  at org.gradle.internal.dispatch.ReflectionDispatch.dispatch(ReflectionDispatch.java:19)
  at org.gradle.internal.dispatch.ContextClassLoaderDispatch.dispatch(ContextClassLoaderDispatch.java:33)
  at org.gradle.internal.dispatch.ProxyDispatchAdapter$DispatchingInvocationHandler.invoke(ProxyDispatchAdapter.java:88)
  at jdk.proxy1/jdk.proxy1.$Proxy4.processTestDefinition(Unknown Source)
  at org.gradle.api.internal.tasks.testing.worker.TestWorker$2.run(TestWorker.java:178)
  at org.gradle.api.internal.tasks.testing.worker.TestWorker.executeAndMaintainThreadName(TestWorker.java:126)
  at org.gradle.api.internal.tasks.testing.worker.TestWorker.execute(TestWorker.java:103)
  at org.gradle.api.internal.tasks.testing.worker.TestWorker.execute(TestWorker.java:63)
  at org.gradle.process.internal.worker.child.ActionExecutionWorker.execute(ActionExecutionWorker.java:56)
  at org.gradle.process.internal.worker.child.SystemApplicationClassLoaderWorker.call(SystemApplicationClassLoaderWorker.java:122)
  at org.gradle.process.internal.worker.child.SystemApplicationClassLoaderWorker.call(SystemApplicationClassLoaderWorker.java:72)
  at worker.org.gradle.process.internal.worker.GradleWorkerMain.run(GradleWorkerMain.java:69)
  at worker.org.gradle.process.internal.worker.GradleWorkerMain.main(GradleWorkerMain.java:74)
</stacktrace>
</test-failure>


TypeScriptCompilerTests_U[jvm] > unmetTypeConstraintInJSDocImportCall_ts has expected errors matching unmetTypeConstraintInJSDocImportCall_errors_txt[jvm] FAILED

<test-failure test="com.xemantic.typescript.compiler.TypeScriptCompilerTests_U.unionTypeWithRecursiveSubtypeReduction3_ts has expected errors matching unionTypeWithRecursiveSubtypeReduction3_errors_txt" platform="jvm">
<message>
Expected diagnostics from baseline typescript-repo/tests/baselines/reference/unionTypeWithRecursiveSubtypeReduction3.errors.txt but none produced
</message>
<stacktrace>
  at com.xemantic.typescript.compiler.TypeScriptTestSupportKt.errorsMatchBaseline(TypeScriptTestSupport.kt:125)
  at com.xemantic.typescript.compiler.TypeScriptCompilerTests_U.unionTypeWithRecursiveSubtypeReduction3_ts has expected errors matching unionTypeWithRecursiveSubtypeReduction3_errors_txt(TypeScriptCompilerTests_U.kt:784)
  at java.base/jdk.internal.reflect.DirectMethodHandleAccessor.invoke(DirectMethodHandleAccessor.java:104)
  at java.base/java.lang.reflect.Method.invoke(Method.java:565)
  at org.junit.runners.model.FrameworkMethod$1.runReflectiveCall(FrameworkMethod.java:59)
  at org.junit.internal.runners.model.ReflectiveCallable.run(ReflectiveCallable.java:12)
  at org.junit.runners.model.FrameworkMethod.invokeExplosively(FrameworkMethod.java:56)
  at org.junit.internal.runners.statements.InvokeMethod.evaluate(InvokeMethod.java:17)
  at org.junit.runners.ParentRunner$3.evaluate(ParentRunner.java:306)
  at org.junit.runners.BlockJUnit4ClassRunner$1.evaluate(BlockJUnit4ClassRunner.java:100)
  at org.junit.runners.ParentRunner.runLeaf(ParentRunner.java:366)
  at org.junit.runners.BlockJUnit4ClassRunner.runChild(BlockJUnit4ClassRunner.java:103)
  at org.junit.runners.BlockJUnit4ClassRunner.runChild(BlockJUnit4ClassRunner.java:63)
  at org.junit.runners.ParentRunner$4.run(ParentRunner.java:331)
  at org.junit.runners.ParentRunner$1.schedule(ParentRunner.java:79)
  at org.junit.runners.ParentRunner.runChildren(ParentRunner.java:329)
  at org.junit.runners.ParentRunner.access$100(ParentRunner.java:66)
  at org.junit.runners.ParentRunner$2.evaluate(ParentRunner.java:293)
  at org.junit.runners.ParentRunner$3.evaluate(ParentRunner.java:306)
  at org.junit.runners.ParentRunner.run(ParentRunner.java:413)
  at org.junit.runner.JUnitCore.run(JUnitCore.java:137)
  at org.junit.runner.JUnitCore.run(JUnitCore.java:115)
  at org.gradle.api.internal.tasks.testing.junit.JUnitTestExecutor.runRequest(JUnitTestExecutor.java:175)
  at org.gradle.api.internal.tasks.testing.junit.JUnitTestExecutor.accept(JUnitTestExecutor.java:84)
  at org.gradle.api.internal.tasks.testing.junit.JUnitTestExecutor.accept(JUnitTestExecutor.java:47)
  at org.gradle.api.internal.tasks.testing.junit.AbstractJUnitTestDefinitionProcessor.processTestDefinition(AbstractJUnitTestDefinitionProcessor.java:65)
  at org.gradle.api.internal.tasks.testing.SuiteTestDefinitionProcessor.processTestDefinition(SuiteTestDefinitionProcessor.java:54)
  at java.base/jdk.internal.reflect.DirectMethodHandleAccessor.invoke(DirectMethodHandleAccessor.java:104)
  at java.base/java.lang.reflect.Method.invoke(Method.java:565)
  at org.gradle.internal.dispatch.MethodInvocation.invokeOn(MethodInvocation.java:77)
  at org.gradle.internal.dispatch.ReflectionDispatch.dispatch(ReflectionDispatch.java:28)
  at org.gradle.internal.dispatch.ReflectionDispatch.dispatch(ReflectionDispatch.java:19)
  at org.gradle.internal.dispatch.ContextClassLoaderDispatch.dispatch(ContextClassLoaderDispatch.java:33)
  at org.gradle.internal.dispatch.ProxyDispatchAdapter$DispatchingInvocationHandler.invoke(ProxyDispatchAdapter.java:88)
  at jdk.proxy1/jdk.proxy1.$Proxy4.processTestDefinition(Unknown Source)
  at org.gradle.api.internal.tasks.testing.worker.TestWorker$2.run(TestWorker.java:178)
  at org.gradle.api.internal.tasks.testing.worker.TestWorker.executeAndMaintainThreadName(TestWorker.java:126)
  at org.gradle.api.internal.tasks.testing.worker.TestWorker.execute(TestWorker.java:103)
  at org.gradle.api.internal.tasks.testing.worker.TestWorker.execute(TestWorker.java:63)
  at org.gradle.process.internal.worker.child.ActionExecutionWorker.execute(ActionExecutionWorker.java:56)
  at org.gradle.process.internal.worker.child.SystemApplicationClassLoaderWorker.call(SystemApplicationClassLoaderWorker.java:122)
  at org.gradle.process.internal.worker.child.SystemApplicationClassLoaderWorker.call(SystemApplicationClassLoaderWorker.java:72)
  at worker.org.gradle.process.internal.worker.GradleWorkerMain.run(GradleWorkerMain.java:69)
  at worker.org.gradle.process.internal.worker.GradleWorkerMain.main(GradleWorkerMain.java:74)
</stacktrace>
</test-failure>


TypeScriptCompilerTests_U[jvm] > unionTypeWithRecursiveSubtypeReduction3_ts has expected errors matching unionTypeWithRecursiveSubtypeReduction3_errors_txt[jvm] FAILED

<test-failure test="com.xemantic.typescript.compiler.TypeScriptCompilerTests_U.umdGlobalAugmentationNoCrash_ts has expected errors matching umdGlobalAugmentationNoCrash_errors_txt" platform="jvm">
<message>
Expected diagnostics from baseline typescript-repo/tests/baselines/reference/umdGlobalAugmentationNoCrash.errors.txt but none produced
</message>
<stacktrace>
  at com.xemantic.typescript.compiler.TypeScriptTestSupportKt.errorsMatchBaseline(TypeScriptTestSupport.kt:125)
  at com.xemantic.typescript.compiler.TypeScriptCompilerTests_U.umdGlobalAugmentationNoCrash_ts has expected errors matching umdGlobalAugmentationNoCrash_errors_txt(TypeScriptCompilerTests_U.kt:63)
  at java.base/jdk.internal.reflect.DirectMethodHandleAccessor.invoke(DirectMethodHandleAccessor.java:104)
  at java.base/java.lang.reflect.Method.invoke(Method.java:565)
  at org.junit.runners.model.FrameworkMethod$1.runReflectiveCall(FrameworkMethod.java:59)
  at org.junit.internal.runners.model.ReflectiveCallable.run(ReflectiveCallable.java:12)
  at org.junit.runners.model.FrameworkMethod.invokeExplosively(FrameworkMethod.java:56)
  at org.junit.internal.runners.statements.InvokeMethod.evaluate(InvokeMethod.java:17)
  at org.junit.runners.ParentRunner$3.evaluate(ParentRunner.java:306)
  at org.junit.runners.BlockJUnit4ClassRunner$1.evaluate(BlockJUnit4ClassRunner.java:100)
  at org.junit.runners.ParentRunner.runLeaf(ParentRunner.java:366)
  at org.junit.runners.BlockJUnit4ClassRunner.runChild(BlockJUnit4ClassRunner.java:103)
  at org.junit.runners.BlockJUnit4ClassRunner.runChild(BlockJUnit4ClassRunner.java:63)
  at org.junit.runners.ParentRunner$4.run(ParentRunner.java:331)
  at org.junit.runners.ParentRunner$1.schedule(ParentRunner.java:79)
  at org.junit.runners.ParentRunner.runChildren(ParentRunner.java:329)
  at org.junit.runners.ParentRunner.access$100(ParentRunner.java:66)
  at org.junit.runners.ParentRunner$2.evaluate(ParentRunner.java:293)
  at org.junit.runners.ParentRunner$3.evaluate(ParentRunner.java:306)
  at org.junit.runners.ParentRunner.run(ParentRunner.java:413)
  at org.junit.runner.JUnitCore.run(JUnitCore.java:137)
  at org.junit.runner.JUnitCore.run(JUnitCore.java:115)
  at org.gradle.api.internal.tasks.testing.junit.JUnitTestExecutor.runRequest(JUnitTestExecutor.java:175)
  at org.gradle.api.internal.tasks.testing.junit.JUnitTestExecutor.accept(JUnitTestExecutor.java:84)
  at org.gradle.api.internal.tasks.testing.junit.JUnitTestExecutor.accept(JUnitTestExecutor.java:47)
  at org.gradle.api.internal.tasks.testing.junit.AbstractJUnitTestDefinitionProcessor.processTestDefinition(AbstractJUnitTestDefinitionProcessor.java:65)
  at org.gradle.api.internal.tasks.testing.SuiteTestDefinitionProcessor.processTestDefinition(SuiteTestDefinitionProcessor.java:54)
  at java.base/jdk.internal.reflect.DirectMethodHandleAccessor.invoke(DirectMethodHandleAccessor.java:104)
  at java.base/java.lang.reflect.Method.invoke(Method.java:565)
  at org.gradle.internal.dispatch.MethodInvocation.invokeOn(MethodInvocation.java:77)
  at org.gradle.internal.dispatch.ReflectionDispatch.dispatch(ReflectionDispatch.java:28)
  at org.gradle.internal.dispatch.ReflectionDispatch.dispatch(ReflectionDispatch.java:19)
  at org.gradle.internal.dispatch.ContextClassLoaderDispatch.dispatch(ContextClassLoaderDispatch.java:33)
  at org.gradle.internal.dispatch.ProxyDispatchAdapter$DispatchingInvocationHandler.invoke(ProxyDispatchAdapter.java:88)
  at jdk.proxy1/jdk.proxy1.$Proxy4.processTestDefinition(Unknown Source)
  at org.gradle.api.internal.tasks.testing.worker.TestWorker$2.run(TestWorker.java:178)
  at org.gradle.api.internal.tasks.testing.worker.TestWorker.executeAndMaintainThreadName(TestWorker.java:126)
  at org.gradle.api.internal.tasks.testing.worker.TestWorker.execute(TestWorker.java:103)
  at org.gradle.api.internal.tasks.testing.worker.TestWorker.execute(TestWorker.java:63)
  at org.gradle.process.internal.worker.child.ActionExecutionWorker.execute(ActionExecutionWorker.java:56)
  at org.gradle.process.internal.worker.child.SystemApplicationClassLoaderWorker.call(SystemApplicationClassLoaderWorker.java:122)
  at org.gradle.process.internal.worker.child.SystemApplicationClassLoaderWorker.call(SystemApplicationClassLoaderWorker.java:72)
  at worker.org.gradle.process.internal.worker.GradleWorkerMain.run(GradleWorkerMain.java:69)
  at worker.org.gradle.process.internal.worker.GradleWorkerMain.main(GradleWorkerMain.java:74)
</stacktrace>
</test-failure>


TypeScriptCompilerTests_U[jvm] > umdGlobalAugmentationNoCrash_ts has expected errors matching umdGlobalAugmentationNoCrash_errors_txt[jvm] FAILED

<test-failure test="com.xemantic.typescript.compiler.TypeScriptCompilerTests_U.useBeforeDeclaration_destructuring_ts has expected errors matching useBeforeDeclaration_destructuring_errors_txt" platform="jvm">
<message>
--- expected
+++ actual
@@ -1,14 +1,11 @@
 useBeforeDeclaration_destructuring.ts(1,1): error TS2448: Block-scoped variable 'a' used before its declaration.
-useBeforeDeclaration_destructuring.ts(1,1): error TS2454: Variable 'a' is used before being assigned.
 
 
-==== useBeforeDeclaration_destructuring.ts (2 errors) ====
+==== useBeforeDeclaration_destructuring.ts (1 errors) ====
     a;
     ~
 !!! error TS2448: Block-scoped variable 'a' used before its declaration.
 !!! related TS2728 useBeforeDeclaration_destructuring.ts:2:6: 'a' is declared here.
-    ~
-!!! error TS2454: Variable 'a' is used before being assigned.
     let {a, b = a} = {a: '', b: 1};
     b;
     

</message>
<stacktrace>
  at org.junit.Assert.fail(Assert.java:89)
  at kotlin.test.junit.JUnitAsserter.fail(JUnitSupport.kt:56)
  at kotlin.test.AssertionsKt__AssertionsKt.fail(Assertions.kt:563)
  at kotlin.test.AssertionsKt.fail(Unknown Source)
  at com.xemantic.kotlin.test.SameAsKt.sameAs(SameAs.kt:52)
  at com.xemantic.typescript.compiler.TypeScriptTestSupportKt.errorsMatchBaseline(TypeScriptTestSupport.kt:135)
  at com.xemantic.typescript.compiler.TypeScriptCompilerTests_U.useBeforeDeclaration_destructuring_ts has expected errors matching useBeforeDeclaration_destructuring_errors_txt(TypeScriptCompilerTests_U.kt:3171)
  at java.base/jdk.internal.reflect.DirectMethodHandleAccessor.invoke(DirectMethodHandleAccessor.java:104)
  at java.base/java.lang.reflect.Method.invoke(Method.java:565)
  at org.junit.runners.model.FrameworkMethod$1.runReflectiveCall(FrameworkMethod.java:59)
  at org.junit.internal.runners.model.ReflectiveCallable.run(ReflectiveCallable.java:12)
  at org.junit.runners.model.FrameworkMethod.invokeExplosively(FrameworkMethod.java:56)
  at org.junit.internal.runners.statements.InvokeMethod.evaluate(InvokeMethod.java:17)
  at org.junit.runners.ParentRunner$3.evaluate(ParentRunner.java:306)
  at org.junit.runners.BlockJUnit4ClassRunner$1.evaluate(BlockJUnit4ClassRunner.java:100)
  at org.junit.runners.ParentRunner.runLeaf(ParentRunner.java:366)
  at org.junit.runners.BlockJUnit4ClassRunner.runChild(BlockJUnit4ClassRunner.java:103)
  at org.junit.runners.BlockJUnit4ClassRunner.runChild(BlockJUnit4ClassRunner.java:63)
  at org.junit.runners.ParentRunner$4.run(ParentRunner.java:331)
  at org.junit.runners.ParentRunner$1.schedule(ParentRunner.java:79)
  at org.junit.runners.ParentRunner.runChildren(ParentRunner.java:329)
  at org.junit.runners.ParentRunner.access$100(ParentRunner.java:66)
  at org.junit.runners.ParentRunner$2.evaluate(ParentRunner.java:293)
  at org.junit.runners.ParentRunner$3.evaluate(ParentRunner.java:306)
  at org.junit.runners.ParentRunner.run(ParentRunner.java:413)
  at org.junit.runner.JUnitCore.run(JUnitCore.java:137)
  at org.junit.runner.JUnitCore.run(JUnitCore.java:115)
  at org.gradle.api.internal.tasks.testing.junit.JUnitTestExecutor.runRequest(JUnitTestExecutor.java:175)
  at org.gradle.api.internal.tasks.testing.junit.JUnitTestExecutor.accept(JUnitTestExecutor.java:84)
  at org.gradle.api.internal.tasks.testing.junit.JUnitTestExecutor.accept(JUnitTestExecutor.java:47)
  at org.gradle.api.internal.tasks.testing.junit.AbstractJUnitTestDefinitionProcessor.processTestDefinition(AbstractJUnitTestDefinitionProcessor.java:65)
  at org.gradle.api.internal.tasks.testing.SuiteTestDefinitionProcessor.processTestDefinition(SuiteTestDefinitionProcessor.java:54)
  at java.base/jdk.internal.reflect.DirectMethodHandleAccessor.invoke(DirectMethodHandleAccessor.java:104)
  at java.base/java.lang.reflect.Method.invoke(Method.java:565)
  at org.gradle.internal.dispatch.MethodInvocation.invokeOn(MethodInvocation.java:77)
  at org.gradle.internal.dispatch.ReflectionDispatch.dispatch(ReflectionDispatch.java:28)
  at org.gradle.internal.dispatch.ReflectionDispatch.dispatch(ReflectionDispatch.java:19)
  at org.gradle.internal.dispatch.ContextClassLoaderDispatch.dispatch(ContextClassLoaderDispatch.java:33)
  at org.gradle.internal.dispatch.ProxyDispatchAdapter$DispatchingInvocationHandler.invoke(ProxyDispatchAdapter.java:88)
  at jdk.proxy1/jdk.proxy1.$Proxy4.processTestDefinition(Unknown Source)
  at org.gradle.api.internal.tasks.testing.worker.TestWorker$2.run(TestWorker.java:178)
  at org.gradle.api.internal.tasks.testing.worker.TestWorker.executeAndMaintainThreadName(TestWorker.java:126)
  at org.gradle.api.internal.tasks.testing.worker.TestWorker.execute(TestWorker.java:103)
  at org.gradle.api.internal.tasks.testing.worker.TestWorker.execute(TestWorker.java:63)
  at org.gradle.process.internal.worker.child.ActionExecutionWorker.execute(ActionExecutionWorker.java:56)
  at org.gradle.process.internal.worker.child.SystemApplicationClassLoaderWorker.call(SystemApplicationClassLoaderWorker.java:122)
  at org.gradle.process.internal.worker.child.SystemApplicationClassLoaderWorker.call(SystemApplicationClassLoaderWorker.java:72)
  at worker.org.gradle.process.internal.worker.GradleWorkerMain.run(GradleWorkerMain.java:69)
  at worker.org.gradle.process.internal.worker.GradleWorkerMain.main(GradleWorkerMain.java:74)
</stacktrace>
</test-failure>


TypeScriptCompilerTests_U[jvm] > useBeforeDeclaration_destructuring_ts has expected errors matching useBeforeDeclaration_destructuring_errors_txt[jvm] FAILED

<test-failure test="com.xemantic.typescript.compiler.TypeScriptCompilerTests_U.unreachableDeclarations_ts__preserveconstenums_false__has expected errors matching baseline" platform="jvm">
<message>
--- expected
+++ actual
@@ -6,13 +6,11 @@
 unreachableDeclarations.ts(57,5): error TS7027: Unreachable code detected.
 unreachableDeclarations.ts(63,14): error TS2450: Enum 'Bar' used before its declaration.
 unreachableDeclarations.ts(64,14): error TS2448: Block-scoped variable 'blah' used before its declaration.
-unreachableDeclarations.ts(64,14): error TS2454: Variable 'blah' is used before being assigned.
 unreachableDeclarations.ts(65,18): error TS2449: Class 'Foo' used before its declaration.
 unreachableDeclarations.ts(78,2): error TS7027: Unreachable code detected.
-unreachableDeclarations.ts(84,2): error TS1235: A namespace declaration is only allowed at the top level of a namespace or module.
 
 
-==== unreachableDeclarations.ts (12 errors) ====
+==== unreachableDeclarations.ts (10 errors) ====
     function func1() {
         aFunc();
     
@@ -98,8 +96,6 @@
     	            ~~~~
 !!! error TS2448: Block-scoped variable 'blah' used before its declaration.
 !!! related TS2728 unreachableDeclarations.ts:78:8: 'blah' is declared here.
-    	            ~~~~
-!!! error TS2454: Variable 'blah' is used before being assigned.
     	console.log(new Foo())
     	                ~~~
 !!! error TS2449: Class 'Foo' used before its declaration.
@@ -131,6 +127,4 @@
     	namespace Baz { export const value = 1234 }
     ~~~~~~~~~~~~~~~~~~~~~~~~~~~~~~~~~~~~~~~~~~~~
 !!! error TS7027: Unreachable code detected.
-    	~~~~~~~~~
-!!! error TS1235: A namespace declaration is only allowed at the top level of a namespace or module.
     }

</message>
<stacktrace>
  at org.junit.Assert.fail(Assert.java:89)
  at kotlin.test.junit.JUnitAsserter.fail(JUnitSupport.kt:56)
  at kotlin.test.AssertionsKt__AssertionsKt.fail(Assertions.kt:563)
  at kotlin.test.AssertionsKt.fail(Unknown Source)
  at com.xemantic.kotlin.test.SameAsKt.sameAs(SameAs.kt:52)
  at com.xemantic.typescript.compiler.TypeScriptTestSupportKt.errorsMatchBaseline(TypeScriptTestSupport.kt:135)
  at com.xemantic.typescript.compiler.TypeScriptCompilerTests_U.unreachableDeclarations_ts__preserveconstenums_false__has expected errors matching baseline(TypeScriptCompilerTests_U.kt:1022)
  at java.base/jdk.internal.reflect.DirectMethodHandleAccessor.invoke(DirectMethodHandleAccessor.java:104)
  at java.base/java.lang.reflect.Method.invoke(Method.java:565)
  at org.junit.runners.model.FrameworkMethod$1.runReflectiveCall(FrameworkMethod.java:59)
  at org.junit.internal.runners.model.ReflectiveCallable.run(ReflectiveCallable.java:12)
  at org.junit.runners.model.FrameworkMethod.invokeExplosively(FrameworkMethod.java:56)
  at org.junit.internal.runners.statements.InvokeMethod.evaluate(InvokeMethod.java:17)
  at org.junit.runners.ParentRunner$3.evaluate(ParentRunner.java:306)
  at org.junit.runners.BlockJUnit4ClassRunner$1.evaluate(BlockJUnit4ClassRunner.java:100)
  at org.junit.runners.ParentRunner.runLeaf(ParentRunner.java:366)
  at org.junit.runners.BlockJUnit4ClassRunner.runChild(BlockJUnit4ClassRunner.java:103)
  at org.junit.runners.BlockJUnit4ClassRunner.runChild(BlockJUnit4ClassRunner.java:63)
  at org.junit.runners.ParentRunner$4.run(ParentRunner.java:331)
  at org.junit.runners.ParentRunner$1.schedule(ParentRunner.java:79)
  at org.junit.runners.ParentRunner.runChildren(ParentRunner.java:329)
  at org.junit.runners.ParentRunner.access$100(ParentRunner.java:66)
  at org.junit.runners.ParentRunner$2.evaluate(ParentRunner.java:293)
  at org.junit.runners.ParentRunner$3.evaluate(ParentRunner.java:306)
  at org.junit.runners.ParentRunner.run(ParentRunner.java:413)
  at org.junit.runner.JUnitCore.run(JUnitCore.java:137)
  at org.junit.runner.JUnitCore.run(JUnitCore.java:115)
  at org.gradle.api.internal.tasks.testing.junit.JUnitTestExecutor.runRequest(JUnitTestExecutor.java:175)
  at org.gradle.api.internal.tasks.testing.junit.JUnitTestExecutor.accept(JUnitTestExecutor.java:84)
  at org.gradle.api.internal.tasks.testing.junit.JUnitTestExecutor.accept(JUnitTestExecutor.java:47)
  at org.gradle.api.internal.tasks.testing.junit.AbstractJUnitTestDefinitionProcessor.processTestDefinition(AbstractJUnitTestDefinitionProcessor.java:65)
  at org.gradle.api.internal.tasks.testing.SuiteTestDefinitionProcessor.processTestDefinition(SuiteTestDefinitionProcessor.java:54)
  at java.base/jdk.internal.reflect.DirectMethodHandleAccessor.invoke(DirectMethodHandleAccessor.java:104)
  at java.base/java.lang.reflect.Method.invoke(Method.java:565)
  at org.gradle.internal.dispatch.MethodInvocation.invokeOn(MethodInvocation.java:77)
  at org.gradle.internal.dispatch.ReflectionDispatch.dispatch(ReflectionDispatch.java:28)
  at org.gradle.internal.dispatch.ReflectionDispatch.dispatch(ReflectionDispatch.java:19)
  at org.gradle.internal.dispatch.ContextClassLoaderDispatch.dispatch(ContextClassLoaderDispatch.java:33)
  at org.gradle.internal.dispatch.ProxyDispatchAdapter$DispatchingInvocationHandler.invoke(ProxyDispatchAdapter.java:88)
  at jdk.proxy1/jdk.proxy1.$Proxy4.processTestDefinition(Unknown Source)
  at org.gradle.api.internal.tasks.testing.worker.TestWorker$2.run(TestWorker.java:178)
  at org.gradle.api.internal.tasks.testing.worker.TestWorker.executeAndMaintainThreadName(TestWorker.java:126)
  at org.gradle.api.internal.tasks.testing.worker.TestWorker.execute(TestWorker.java:103)
  at org.gradle.api.internal.tasks.testing.worker.TestWorker.execute(TestWorker.java:63)
  at org.gradle.process.internal.worker.child.ActionExecutionWorker.execute(ActionExecutionWorker.java:56)
  at org.gradle.process.internal.worker.child.SystemApplicationClassLoaderWorker.call(SystemApplicationClassLoaderWorker.java:122)
  at org.gradle.process.internal.worker.child.SystemApplicationClassLoaderWorker.call(SystemApplicationClassLoaderWorker.java:72)
  at worker.org.gradle.process.internal.worker.GradleWorkerMain.run(GradleWorkerMain.java:69)
  at worker.org.gradle.process.internal.worker.GradleWorkerMain.main(GradleWorkerMain.java:74)
</stacktrace>
</test-failure>


TypeScriptCompilerTests_U[jvm] > unreachableDeclarations_ts__preserveconstenums_false__has expected errors matching baseline[jvm] FAILED

<test-failure test="com.xemantic.typescript.compiler.TypeScriptCompilerTests_U.undefinedAssignableToGenericMappedIntersection_ts has expected errors matching undefinedAssignableToGenericMappedIntersection_errors_txt" platform="jvm">
<message>
Expected diagnostics from baseline typescript-repo/tests/baselines/reference/undefinedAssignableToGenericMappedIntersection.errors.txt but none produced
</message>
<stacktrace>
  at com.xemantic.typescript.compiler.TypeScriptTestSupportKt.errorsMatchBaseline(TypeScriptTestSupport.kt:125)
  at com.xemantic.typescript.compiler.TypeScriptCompilerTests_U.undefinedAssignableToGenericMappedIntersection_ts has expected errors matching undefinedAssignableToGenericMappedIntersection_errors_txt(TypeScriptCompilerTests_U.kt:315)
  at java.base/jdk.internal.reflect.DirectMethodHandleAccessor.invoke(DirectMethodHandleAccessor.java:104)
  at java.base/java.lang.reflect.Method.invoke(Method.java:565)
  at org.junit.runners.model.FrameworkMethod$1.runReflectiveCall(FrameworkMethod.java:59)
  at org.junit.internal.runners.model.ReflectiveCallable.run(ReflectiveCallable.java:12)
  at org.junit.runners.model.FrameworkMethod.invokeExplosively(FrameworkMethod.java:56)
  at org.junit.internal.runners.statements.InvokeMethod.evaluate(InvokeMethod.java:17)
  at org.junit.runners.ParentRunner$3.evaluate(ParentRunner.java:306)
  at org.junit.runners.BlockJUnit4ClassRunner$1.evaluate(BlockJUnit4ClassRunner.java:100)
  at org.junit.runners.ParentRunner.runLeaf(ParentRunner.java:366)
  at org.junit.runners.BlockJUnit4ClassRunner.runChild(BlockJUnit4ClassRunner.java:103)
  at org.junit.runners.BlockJUnit4ClassRunner.runChild(BlockJUnit4ClassRunner.java:63)
  at org.junit.runners.ParentRunner$4.run(ParentRunner.java:331)
  at org.junit.runners.ParentRunner$1.schedule(ParentRunner.java:79)
  at org.junit.runners.ParentRunner.runChildren(ParentRunner.java:329)
  at org.junit.runners.ParentRunner.access$100(ParentRunner.java:66)
  at org.junit.runners.ParentRunner$2.evaluate(ParentRunner.java:293)
  at org.junit.runners.ParentRunner$3.evaluate(ParentRunner.java:306)
  at org.junit.runners.ParentRunner.run(ParentRunner.java:413)
  at org.junit.runner.JUnitCore.run(JUnitCore.java:137)
  at org.junit.runner.JUnitCore.run(JUnitCore.java:115)
  at org.gradle.api.internal.tasks.testing.junit.JUnitTestExecutor.runRequest(JUnitTestExecutor.java:175)
  at org.gradle.api.internal.tasks.testing.junit.JUnitTestExecutor.accept(JUnitTestExecutor.java:84)
  at org.gradle.api.internal.tasks.testing.junit.JUnitTestExecutor.accept(JUnitTestExecutor.java:47)
  at org.gradle.api.internal.tasks.testing.junit.AbstractJUnitTestDefinitionProcessor.processTestDefinition(AbstractJUnitTestDefinitionProcessor.java:65)
  at org.gradle.api.internal.tasks.testing.SuiteTestDefinitionProcessor.processTestDefinition(SuiteTestDefinitionProcessor.java:54)
  at java.base/jdk.internal.reflect.DirectMethodHandleAccessor.invoke(DirectMethodHandleAccessor.java:104)
  at java.base/java.lang.reflect.Method.invoke(Method.java:565)
  at org.gradle.internal.dispatch.MethodInvocation.invokeOn(MethodInvocation.java:77)
  at org.gradle.internal.dispatch.ReflectionDispatch.dispatch(ReflectionDispatch.java:28)
  at org.gradle.internal.dispatch.ReflectionDispatch.dispatch(ReflectionDispatch.java:19)
  at org.gradle.internal.dispatch.ContextClassLoaderDispatch.dispatch(ContextClassLoaderDispatch.java:33)
  at org.gradle.internal.dispatch.ProxyDispatchAdapter$DispatchingInvocationHandler.invoke(ProxyDispatchAdapter.java:88)
  at jdk.proxy1/jdk.proxy1.$Proxy4.processTestDefinition(Unknown Source)
  at org.gradle.api.internal.tasks.testing.worker.TestWorker$2.run(TestWorker.java:178)
  at org.gradle.api.internal.tasks.testing.worker.TestWorker.executeAndMaintainThreadName(TestWorker.java:126)
  at org.gradle.api.internal.tasks.testing.worker.TestWorker.execute(TestWorker.java:103)
  at org.gradle.api.internal.tasks.testing.worker.TestWorker.execute(TestWorker.java:63)
  at org.gradle.process.internal.worker.child.ActionExecutionWorker.execute(ActionExecutionWorker.java:56)
  at org.gradle.process.internal.worker.child.SystemApplicationClassLoaderWorker.call(SystemApplicationClassLoaderWorker.java:122)
  at org.gradle.process.internal.worker.child.SystemApplicationClassLoaderWorker.call(SystemApplicationClassLoaderWorker.java:72)
  at worker.org.gradle.process.internal.worker.GradleWorkerMain.run(GradleWorkerMain.java:69)
  at worker.org.gradle.process.internal.worker.GradleWorkerMain.main(GradleWorkerMain.java:74)
</stacktrace>
</test-failure>


TypeScriptCompilerTests_U[jvm] > undefinedAssignableToGenericMappedIntersection_ts has expected errors matching undefinedAssignableToGenericMappedIntersection_errors_txt[jvm] FAILED

<test-failure test="com.xemantic.typescript.compiler.TypeScriptCompilerTests_U.unusedSwitchStatement_ts has expected errors matching unusedSwitchStatement_errors_txt" platform="jvm">
<message>
--- expected
+++ actual
@@ -1,17 +1,13 @@
-unusedSwitchStatement.ts(2,10): error TS2678: Type '0' is not comparable to type '1'.
 unusedSwitchStatement.ts(3,13): error TS6133: 'x' is declared but its value is never read.
 unusedSwitchStatement.ts(6,15): error TS6133: 'c' is declared but its value is never read.
 unusedSwitchStatement.ts(9,13): error TS6133: 'z' is declared but its value is never read.
-unusedSwitchStatement.ts(14,10): error TS2678: Type '0' is not comparable to type '2'.
 unusedSwitchStatement.ts(15,13): error TS6133: 'x' is declared but its value is never read.
-unusedSwitchStatement.ts(16,10): error TS2678: Type '1' is not comparable to type '2'.
+unusedSwitchStatement.ts(17,9): error TS2304: Cannot find name 'x'.
 
 
-==== unusedSwitchStatement.ts (7 errors) ====
+==== unusedSwitchStatement.ts (5 errors) ====
     switch (1) {
         case 0:
-             ~
-!!! error TS2678: Type '0' is not comparable to type '1'.
             let x;
                 ~
 !!! error TS6133: 'x' is declared but its value is never read.
@@ -30,13 +26,11 @@
     
     switch (2) {
         case 0:
-             ~
-!!! error TS2678: Type '0' is not comparable to type '2'.
             let x;
                 ~
 !!! error TS6133: 'x' is declared but its value is never read.
         case 1:
-             ~
-!!! error TS2678: Type '1' is not comparable to type '2'.
             x=1;
+            ~
+!!! error TS2304: Cannot find name 'x'.
     }

</message>
<stacktrace>
  at org.junit.Assert.fail(Assert.java:89)
  at kotlin.test.junit.JUnitAsserter.fail(JUnitSupport.kt:56)
  at kotlin.test.AssertionsKt__AssertionsKt.fail(Assertions.kt:563)
  at kotlin.test.AssertionsKt.fail(Unknown Source)
  at com.xemantic.kotlin.test.SameAsKt.sameAs(SameAs.kt:52)
  at com.xemantic.typescript.compiler.TypeScriptTestSupportKt.errorsMatchBaseline(TypeScriptTestSupport.kt:135)
  at com.xemantic.typescript.compiler.TypeScriptCompilerTests_U.unusedSwitchStatement_ts has expected errors matching unusedSwitchStatement_errors_txt(TypeScriptCompilerTests_U.kt:2569)
  at java.base/jdk.internal.reflect.DirectMethodHandleAccessor.invoke(DirectMethodHandleAccessor.java:104)
  at java.base/java.lang.reflect.Method.invoke(Method.java:565)
  at org.junit.runners.model.FrameworkMethod$1.runReflectiveCall(FrameworkMethod.java:59)
  at org.junit.internal.runners.model.ReflectiveCallable.run(ReflectiveCallable.java:12)
  at org.junit.runners.model.FrameworkMethod.invokeExplosively(FrameworkMethod.java:56)
  at org.junit.internal.runners.statements.InvokeMethod.evaluate(InvokeMethod.java:17)
  at org.junit.runners.ParentRunner$3.evaluate(ParentRunner.java:306)
  at org.junit.runners.BlockJUnit4ClassRunner$1.evaluate(BlockJUnit4ClassRunner.java:100)
  at org.junit.runners.ParentRunner.runLeaf(ParentRunner.java:366)
  at org.junit.runners.BlockJUnit4ClassRunner.runChild(BlockJUnit4ClassRunner.java:103)
  at org.junit.runners.BlockJUnit4ClassRunner.runChild(BlockJUnit4ClassRunner.java:63)
  at org.junit.runners.ParentRunner$4.run(ParentRunner.java:331)
  at org.junit.runners.ParentRunner$1.schedule(ParentRunner.java:79)
  at org.junit.runners.ParentRunner.runChildren(ParentRunner.java:329)
  at org.junit.runners.ParentRunner.access$100(ParentRunner.java:66)
  at org.junit.runners.ParentRunner$2.evaluate(ParentRunner.java:293)
  at org.junit.runners.ParentRunner$3.evaluate(ParentRunner.java:306)
  at org.junit.runners.ParentRunner.run(ParentRunner.java:413)
  at org.junit.runner.JUnitCore.run(JUnitCore.java:137)
  at org.junit.runner.JUnitCore.run(JUnitCore.java:115)
  at org.gradle.api.internal.tasks.testing.junit.JUnitTestExecutor.runRequest(JUnitTestExecutor.java:175)
  at org.gradle.api.internal.tasks.testing.junit.JUnitTestExecutor.accept(JUnitTestExecutor.java:84)
  at org.gradle.api.internal.tasks.testing.junit.JUnitTestExecutor.accept(JUnitTestExecutor.java:47)
  at org.gradle.api.internal.tasks.testing.junit.AbstractJUnitTestDefinitionProcessor.processTestDefinition(AbstractJUnitTestDefinitionProcessor.java:65)
  at org.gradle.api.internal.tasks.testing.SuiteTestDefinitionProcessor.processTestDefinition(SuiteTestDefinitionProcessor.java:54)
  at java.base/jdk.internal.reflect.DirectMethodHandleAccessor.invoke(DirectMethodHandleAccessor.java:104)
  at java.base/java.lang.reflect.Method.invoke(Method.java:565)
  at org.gradle.internal.dispatch.MethodInvocation.invokeOn(MethodInvocation.java:77)
  at org.gradle.internal.dispatch.ReflectionDispatch.dispatch(ReflectionDispatch.java:28)
  at org.gradle.internal.dispatch.ReflectionDispatch.dispatch(ReflectionDispatch.java:19)
  at org.gradle.internal.dispatch.ContextClassLoaderDispatch.dispatch(ContextClassLoaderDispatch.java:33)
  at org.gradle.internal.dispatch.ProxyDispatchAdapter$DispatchingInvocationHandler.invoke(ProxyDispatchAdapter.java:88)
  at jdk.proxy1/jdk.proxy1.$Proxy4.processTestDefinition(Unknown Source)
  at org.gradle.api.internal.tasks.testing.worker.TestWorker$2.run(TestWorker.java:178)
  at org.gradle.api.internal.tasks.testing.worker.TestWorker.executeAndMaintainThreadName(TestWorker.java:126)
  at org.gradle.api.internal.tasks.testing.worker.TestWorker.execute(TestWorker.java:103)
  at org.gradle.api.internal.tasks.testing.worker.TestWorker.execute(TestWorker.java:63)
  at org.gradle.process.internal.worker.child.ActionExecutionWorker.execute(ActionExecutionWorker.java:56)
  at org.gradle.process.internal.worker.child.SystemApplicationClassLoaderWorker.call(SystemApplicationClassLoaderWorker.java:122)
  at org.gradle.process.internal.worker.child.SystemApplicationClassLoaderWorker.call(SystemApplicationClassLoaderWorker.java:72)
  at worker.org.gradle.process.internal.worker.GradleWorkerMain.run(GradleWorkerMain.java:69)
  at worker.org.gradle.process.internal.worker.GradleWorkerMain.main(GradleWorkerMain.java:74)
</stacktrace>
</test-failure>


TypeScriptCompilerTests_U[jvm] > unusedSwitchStatement_ts has expected errors matching unusedSwitchStatement_errors_txt[jvm] FAILED

<test-failure test="com.xemantic.typescript.compiler.TypeScriptCompilerTests_U.unterminatedRegexAtEndOfSource1_ts has expected errors matching unterminatedRegexAtEndOfSource1_errors_txt" platform="jvm">
<message>
Expected diagnostics from baseline typescript-repo/tests/baselines/reference/unterminatedRegexAtEndOfSource1.errors.txt but none produced
</message>
<stacktrace>
  at com.xemantic.typescript.compiler.TypeScriptTestSupportKt.errorsMatchBaseline(TypeScriptTestSupport.kt:125)
  at com.xemantic.typescript.compiler.TypeScriptCompilerTests_U.unterminatedRegexAtEndOfSource1_ts has expected errors matching unterminatedRegexAtEndOfSource1_errors_txt(TypeScriptCompilerTests_U.kt:1127)
  at java.base/jdk.internal.reflect.DirectMethodHandleAccessor.invoke(DirectMethodHandleAccessor.java:104)
  at java.base/java.lang.reflect.Method.invoke(Method.java:565)
  at org.junit.runners.model.FrameworkMethod$1.runReflectiveCall(FrameworkMethod.java:59)
  at org.junit.internal.runners.model.ReflectiveCallable.run(ReflectiveCallable.java:12)
  at org.junit.runners.model.FrameworkMethod.invokeExplosively(FrameworkMethod.java:56)
  at org.junit.internal.runners.statements.InvokeMethod.evaluate(InvokeMethod.java:17)
  at org.junit.runners.ParentRunner$3.evaluate(ParentRunner.java:306)
  at org.junit.runners.BlockJUnit4ClassRunner$1.evaluate(BlockJUnit4ClassRunner.java:100)
  at org.junit.runners.ParentRunner.runLeaf(ParentRunner.java:366)
  at org.junit.runners.BlockJUnit4ClassRunner.runChild(BlockJUnit4ClassRunner.java:103)
  at org.junit.runners.BlockJUnit4ClassRunner.runChild(BlockJUnit4ClassRunner.java:63)
  at org.junit.runners.ParentRunner$4.run(ParentRunner.java:331)
  at org.junit.runners.ParentRunner$1.schedule(ParentRunner.java:79)
  at org.junit.runners.ParentRunner.runChildren(ParentRunner.java:329)
  at org.junit.runners.ParentRunner.access$100(ParentRunner.java:66)
  at org.junit.runners.ParentRunner$2.evaluate(ParentRunner.java:293)
  at org.junit.runners.ParentRunner$3.evaluate(ParentRunner.java:306)
  at org.junit.runners.ParentRunner.run(ParentRunner.java:413)
  at org.junit.runner.JUnitCore.run(JUnitCore.java:137)
  at org.junit.runner.JUnitCore.run(JUnitCore.java:115)
  at org.gradle.api.internal.tasks.testing.junit.JUnitTestExecutor.runRequest(JUnitTestExecutor.java:175)
  at org.gradle.api.internal.tasks.testing.junit.JUnitTestExecutor.accept(JUnitTestExecutor.java:84)
  at org.gradle.api.internal.tasks.testing.junit.JUnitTestExecutor.accept(JUnitTestExecutor.java:47)
  at org.gradle.api.internal.tasks.testing.junit.AbstractJUnitTestDefinitionProcessor.processTestDefinition(AbstractJUnitTestDefinitionProcessor.java:65)
  at org.gradle.api.internal.tasks.testing.SuiteTestDefinitionProcessor.processTestDefinition(SuiteTestDefinitionProcessor.java:54)
  at java.base/jdk.internal.reflect.DirectMethodHandleAccessor.invoke(DirectMethodHandleAccessor.java:104)
  at java.base/java.lang.reflect.Method.invoke(Method.java:565)
  at org.gradle.internal.dispatch.MethodInvocation.invokeOn(MethodInvocation.java:77)
  at org.gradle.internal.dispatch.ReflectionDispatch.dispatch(ReflectionDispatch.java:28)
  at org.gradle.internal.dispatch.ReflectionDispatch.dispatch(ReflectionDispatch.java:19)
  at org.gradle.internal.dispatch.ContextClassLoaderDispatch.dispatch(ContextClassLoaderDispatch.java:33)
  at org.gradle.internal.dispatch.ProxyDispatchAdapter$DispatchingInvocationHandler.invoke(ProxyDispatchAdapter.java:88)
  at jdk.proxy1/jdk.proxy1.$Proxy4.processTestDefinition(Unknown Source)
  at org.gradle.api.internal.tasks.testing.worker.TestWorker$2.run(TestWorker.java:178)
  at org.gradle.api.internal.tasks.testing.worker.TestWorker.executeAndMaintainThreadName(TestWorker.java:126)
  at org.gradle.api.internal.tasks.testing.worker.TestWorker.execute(TestWorker.java:103)
  at org.gradle.api.internal.tasks.testing.worker.TestWorker.execute(TestWorker.java:63)
  at org.gradle.process.internal.worker.child.ActionExecutionWorker.execute(ActionExecutionWorker.java:56)
  at org.gradle.process.internal.worker.child.SystemApplicationClassLoaderWorker.call(SystemApplicationClassLoaderWorker.java:122)
  at org.gradle.process.internal.worker.child.SystemApplicationClassLoaderWorker.call(SystemApplicationClassLoaderWorker.java:72)
  at worker.org.gradle.process.internal.worker.GradleWorkerMain.run(GradleWorkerMain.java:69)
  at worker.org.gradle.process.internal.worker.GradleWorkerMain.main(GradleWorkerMain.java:74)
</stacktrace>
</test-failure>


TypeScriptCompilerTests_U[jvm] > unterminatedRegexAtEndOfSource1_ts has expected errors matching unterminatedRegexAtEndOfSource1_errors_txt[jvm] FAILED

<test-failure test="com.xemantic.typescript.compiler.TypeScriptCompilerTests_U.unicodeEscapesInNames02_ts__target_es2015__has expected errors matching baseline" platform="jvm">
<message>
--- expected
+++ actual
@@ -1,13 +1,16 @@
 astralAsSurrogatePair.ts(1,17): error TS1127: Invalid character.
-astralAsSurrogatePair.ts(1,18): error TS2305: Module '"./extendedEscapesForAstralsInVarsAndClasses.js"' has no exported member 'uD800'.
-astralAsSurrogatePair.ts(1,23): error TS1127: Invalid character.
-astralAsSurrogatePair.ts(1,24): error TS2305: Module '"./extendedEscapesForAstralsInVarsAndClasses.js"' has no exported member 'uDEA7'.
+extendedEscapesForAstralsInVarsAndClasses.ts(3,13): error TS1127: Invalid character.
+extendedEscapesForAstralsInVarsAndClasses.ts(13,5): error TS1127: Invalid character.
+extendedEscapesForAstralsInVarsAndClasses.ts(15,14): error TS1127: Invalid character.
+extendedEscapesForAstralsInVarsAndClasses.ts(22,28): error TS1127: Invalid character.
 
 
-==== extendedEscapesForAstralsInVarsAndClasses.ts (0 errors) ====
+==== extendedEscapesForAstralsInVarsAndClasses.ts (4 errors) ====
     // U+102A7 CARIAN LETTER A2
     declare var 𐊧: string;
     declare var \u{102A7}: string;
+                
+!!! error TS1127: Invalid character.
     
     if (Math.random()) {
         𐊧 = "hello";
@@ -18,8 +21,12 @@
     
     class Foo {
         \u{102A7}: string;
+        
+!!! error TS1127: Invalid character.
         constructor() {
             this.\u{102A7} = " world";
+                 
+!!! error TS1127: Invalid character.
         }
         methodA() {
             return this.𐊧;
@@ -27,16 +34,12 @@
     }
     
     export var _𐊧 = new Foo().\u{102A7} + new Foo().methodA();
+                               
+!!! error TS1127: Invalid character.
     
     _\u{102A7} += "!";
     
-==== astralAsSurrogatePair.ts (4 errors) ====
+==== astralAsSurrogatePair.ts (1 errors) ====
     import { _𐊧 as \uD800\uDEA7 } from "./extendedEscapesForAstralsInVarsAndClasses.js";
                     
 !!! error TS1127: Invalid character.
-                     ~~~~~
-!!! error TS2305: Module '"./extendedEscapesForAstralsInVarsAndClasses.js"' has no exported member 'uD800'.
-                          
-!!! error TS1127: Invalid character.
-                           ~~~~~
-!!! error TS2305: Module '"./extendedEscapesForAstralsInVarsAndClasses.js"' has no exported member 'uDEA7'.

</message>
<stacktrace>
  at org.junit.Assert.fail(Assert.java:89)
  at kotlin.test.junit.JUnitAsserter.fail(JUnitSupport.kt:56)
  at kotlin.test.AssertionsKt__AssertionsKt.fail(Assertions.kt:563)
  at kotlin.test.AssertionsKt.fail(Unknown Source)
  at com.xemantic.kotlin.test.SameAsKt.sameAs(SameAs.kt:52)
  at com.xemantic.typescript.compiler.TypeScriptTestSupportKt.errorsMatchBaseline(TypeScriptTestSupport.kt:135)
  at com.xemantic.typescript.compiler.TypeScriptCompilerTests_U.unicodeEscapesInNames02_ts__target_es2015__has expected errors matching baseline(TypeScriptCompilerTests_U.kt:539)
  at java.base/jdk.internal.reflect.DirectMethodHandleAccessor.invoke(DirectMethodHandleAccessor.java:104)
  at java.base/java.lang.reflect.Method.invoke(Method.java:565)
  at org.junit.runners.model.FrameworkMethod$1.runReflectiveCall(FrameworkMethod.java:59)
  at org.junit.internal.runners.model.ReflectiveCallable.run(ReflectiveCallable.java:12)
  at org.junit.runners.model.FrameworkMethod.invokeExplosively(FrameworkMethod.java:56)
  at org.junit.internal.runners.statements.InvokeMethod.evaluate(InvokeMethod.java:17)
  at org.junit.runners.ParentRunner$3.evaluate(ParentRunner.java:306)
  at org.junit.runners.BlockJUnit4ClassRunner$1.evaluate(BlockJUnit4ClassRunner.java:100)
  at org.junit.runners.ParentRunner.runLeaf(ParentRunner.java:366)
  at org.junit.runners.BlockJUnit4ClassRunner.runChild(BlockJUnit4ClassRunner.java:103)
  at org.junit.runners.BlockJUnit4ClassRunner.runChild(BlockJUnit4ClassRunner.java:63)
  at org.junit.runners.ParentRunner$4.run(ParentRunner.java:331)
  at org.junit.runners.ParentRunner$1.schedule(ParentRunner.java:79)
  at org.junit.runners.ParentRunner.runChildren(ParentRunner.java:329)
  at org.junit.runners.ParentRunner.access$100(ParentRunner.java:66)
  at org.junit.runners.ParentRunner$2.evaluate(ParentRunner.java:293)
  at org.junit.runners.ParentRunner$3.evaluate(ParentRunner.java:306)
  at org.junit.runners.ParentRunner.run(ParentRunner.java:413)
  at org.junit.runner.JUnitCore.run(JUnitCore.java:137)
  at org.junit.runner.JUnitCore.run(JUnitCore.java:115)
  at org.gradle.api.internal.tasks.testing.junit.JUnitTestExecutor.runRequest(JUnitTestExecutor.java:175)
  at org.gradle.api.internal.tasks.testing.junit.JUnitTestExecutor.accept(JUnitTestExecutor.java:84)
  at org.gradle.api.internal.tasks.testing.junit.JUnitTestExecutor.accept(JUnitTestExecutor.java:47)
  at org.gradle.api.internal.tasks.testing.junit.AbstractJUnitTestDefinitionProcessor.processTestDefinition(AbstractJUnitTestDefinitionProcessor.java:65)
  at org.gradle.api.internal.tasks.testing.SuiteTestDefinitionProcessor.processTestDefinition(SuiteTestDefinitionProcessor.java:54)
  at java.base/jdk.internal.reflect.DirectMethodHandleAccessor.invoke(DirectMethodHandleAccessor.java:104)
  at java.base/java.lang.reflect.Method.invoke(Method.java:565)
  at org.gradle.internal.dispatch.MethodInvocation.invokeOn(MethodInvocation.java:77)
  at org.gradle.internal.dispatch.ReflectionDispatch.dispatch(ReflectionDispatch.java:28)
  at org.gradle.internal.dispatch.ReflectionDispatch.dispatch(ReflectionDispatch.java:19)
  at org.gradle.internal.dispatch.ContextClassLoaderDispatch.dispatch(ContextClassLoaderDispatch.java:33)
  at org.gradle.internal.dispatch.ProxyDispatchAdapter$DispatchingInvocationHandler.invoke(ProxyDispatchAdapter.java:88)
  at jdk.proxy1/jdk.proxy1.$Proxy4.processTestDefinition(Unknown Source)
  at org.gradle.api.internal.tasks.testing.worker.TestWorker$2.run(TestWorker.java:178)
  at org.gradle.api.internal.tasks.testing.worker.TestWorker.executeAndMaintainThreadName(TestWorker.java:126)
  at org.gradle.api.internal.tasks.testing.worker.TestWorker.execute(TestWorker.java:103)
  at org.gradle.api.internal.tasks.testing.worker.TestWorker.execute(TestWorker.java:63)
  at org.gradle.process.internal.worker.child.ActionExecutionWorker.execute(ActionExecutionWorker.java:56)
  at org.gradle.process.internal.worker.child.SystemApplicationClassLoaderWorker.call(SystemApplicationClassLoaderWorker.java:122)
  at org.gradle.process.internal.worker.child.SystemApplicationClassLoaderWorker.call(SystemApplicationClassLoaderWorker.java:72)
  at worker.org.gradle.process.internal.worker.GradleWorkerMain.run(GradleWorkerMain.java:69)
  at worker.org.gradle.process.internal.worker.GradleWorkerMain.main(GradleWorkerMain.java:74)
</stacktrace>
</test-failure>


TypeScriptCompilerTests_U[jvm] > unicodeEscapesInNames02_ts__target_es2015__has expected errors matching baseline[jvm] FAILED

<test-failure test="com.xemantic.typescript.compiler.TypeScriptCompilerTests_U.underscoreTest1_ts has expected errors matching underscoreTest1_errors_txt" platform="jvm">
<message>
Expected diagnostics from baseline typescript-repo/tests/baselines/reference/underscoreTest1.errors.txt but none produced
</message>
<stacktrace>
  at com.xemantic.typescript.compiler.TypeScriptTestSupportKt.errorsMatchBaseline(TypeScriptTestSupport.kt:125)
  at com.xemantic.typescript.compiler.TypeScriptCompilerTests_U.underscoreTest1_ts has expected errors matching underscoreTest1_errors_txt(TypeScriptCompilerTests_U.kt:455)
  at java.base/jdk.internal.reflect.DirectMethodHandleAccessor.invoke(DirectMethodHandleAccessor.java:104)
  at java.base/java.lang.reflect.Method.invoke(Method.java:565)
  at org.junit.runners.model.FrameworkMethod$1.runReflectiveCall(FrameworkMethod.java:59)
  at org.junit.internal.runners.model.ReflectiveCallable.run(ReflectiveCallable.java:12)
  at org.junit.runners.model.FrameworkMethod.invokeExplosively(FrameworkMethod.java:56)
  at org.junit.internal.runners.statements.InvokeMethod.evaluate(InvokeMethod.java:17)
  at org.junit.runners.ParentRunner$3.evaluate(ParentRunner.java:306)
  at org.junit.runners.BlockJUnit4ClassRunner$1.evaluate(BlockJUnit4ClassRunner.java:100)
  at org.junit.runners.ParentRunner.runLeaf(ParentRunner.java:366)
  at org.junit.runners.BlockJUnit4ClassRunner.runChild(BlockJUnit4ClassRunner.java:103)
  at org.junit.runners.BlockJUnit4ClassRunner.runChild(BlockJUnit4ClassRunner.java:63)
  at org.junit.runners.ParentRunner$4.run(ParentRunner.java:331)
  at org.junit.runners.ParentRunner$1.schedule(ParentRunner.java:79)
  at org.junit.runners.ParentRunner.runChildren(ParentRunner.java:329)
  at org.junit.runners.ParentRunner.access$100(ParentRunner.java:66)
  at org.junit.runners.ParentRunner$2.evaluate(ParentRunner.java:293)
  at org.junit.runners.ParentRunner$3.evaluate(ParentRunner.java:306)
  at org.junit.runners.ParentRunner.run(ParentRunner.java:413)
  at org.junit.runner.JUnitCore.run(JUnitCore.java:137)
  at org.junit.runner.JUnitCore.run(JUnitCore.java:115)
  at org.gradle.api.internal.tasks.testing.junit.JUnitTestExecutor.runRequest(JUnitTestExecutor.java:175)
  at org.gradle.api.internal.tasks.testing.junit.JUnitTestExecutor.accept(JUnitTestExecutor.java:84)
  at org.gradle.api.internal.tasks.testing.junit.JUnitTestExecutor.accept(JUnitTestExecutor.java:47)
  at org.gradle.api.internal.tasks.testing.junit.AbstractJUnitTestDefinitionProcessor.processTestDefinition(AbstractJUnitTestDefinitionProcessor.java:65)
  at org.gradle.api.internal.tasks.testing.SuiteTestDefinitionProcessor.processTestDefinition(SuiteTestDefinitionProcessor.java:54)
  at java.base/jdk.internal.reflect.DirectMethodHandleAccessor.invoke(DirectMethodHandleAccessor.java:104)
  at java.base/java.lang.reflect.Method.invoke(Method.java:565)
  at org.gradle.internal.dispatch.MethodInvocation.invokeOn(MethodInvocation.java:77)
  at org.gradle.internal.dispatch.ReflectionDispatch.dispatch(ReflectionDispatch.java:28)
  at org.gradle.internal.dispatch.ReflectionDispatch.dispatch(ReflectionDispatch.java:19)
  at org.gradle.internal.dispatch.ContextClassLoaderDispatch.dispatch(ContextClassLoaderDispatch.java:33)
  at org.gradle.internal.dispatch.ProxyDispatchAdapter$DispatchingInvocationHandler.invoke(ProxyDispatchAdapter.java:88)
  at jdk.proxy1/jdk.proxy1.$Proxy4.processTestDefinition(Unknown Source)
  at org.gradle.api.internal.tasks.testing.worker.TestWorker$2.run(TestWorker.java:178)
  at org.gradle.api.internal.tasks.testing.worker.TestWorker.executeAndMaintainThreadName(TestWorker.java:126)
  at org.gradle.api.internal.tasks.testing.worker.TestWorker.execute(TestWorker.java:103)
  at org.gradle.api.internal.tasks.testing.worker.TestWorker.execute(TestWorker.java:63)
  at org.gradle.process.internal.worker.child.ActionExecutionWorker.execute(ActionExecutionWorker.java:56)
  at org.gradle.process.internal.worker.child.SystemApplicationClassLoaderWorker.call(SystemApplicationClassLoaderWorker.java:122)
  at org.gradle.process.internal.worker.child.SystemApplicationClassLoaderWorker.call(SystemApplicationClassLoaderWorker.java:72)
  at worker.org.gradle.process.internal.worker.GradleWorkerMain.run(GradleWorkerMain.java:69)
  at worker.org.gradle.process.internal.worker.GradleWorkerMain.main(GradleWorkerMain.java:74)
</stacktrace>
</test-failure>


TypeScriptCompilerTests_U[jvm] > underscoreTest1_ts has expected errors matching underscoreTest1_errors_txt[jvm] FAILED

<test-failure test="com.xemantic.typescript.compiler.TypeScriptCompilerTests_U.untypedFunctionCallsWithTypeParameters1_ts has expected errors matching untypedFunctionCallsWithTypeParameters1_errors_txt" platform="jvm">
<message>
Expected diagnostics from baseline typescript-repo/tests/baselines/reference/untypedFunctionCallsWithTypeParameters1.errors.txt but none produced
</message>
<stacktrace>
  at com.xemantic.typescript.compiler.TypeScriptTestSupportKt.errorsMatchBaseline(TypeScriptTestSupport.kt:125)
  at com.xemantic.typescript.compiler.TypeScriptCompilerTests_U.untypedFunctionCallsWithTypeParameters1_ts has expected errors matching untypedFunctionCallsWithTypeParameters1_errors_txt(TypeScriptCompilerTests_U.kt:1162)
  at java.base/jdk.internal.reflect.DirectMethodHandleAccessor.invoke(DirectMethodHandleAccessor.java:104)
  at java.base/java.lang.reflect.Method.invoke(Method.java:565)
  at org.junit.runners.model.FrameworkMethod$1.runReflectiveCall(FrameworkMethod.java:59)
  at org.junit.internal.runners.model.ReflectiveCallable.run(ReflectiveCallable.java:12)
  at org.junit.runners.model.FrameworkMethod.invokeExplosively(FrameworkMethod.java:56)
  at org.junit.internal.runners.statements.InvokeMethod.evaluate(InvokeMethod.java:17)
  at org.junit.runners.ParentRunner$3.evaluate(ParentRunner.java:306)
  at org.junit.runners.BlockJUnit4ClassRunner$1.evaluate(BlockJUnit4ClassRunner.java:100)
  at org.junit.runners.ParentRunner.runLeaf(ParentRunner.java:366)
  at org.junit.runners.BlockJUnit4ClassRunner.runChild(BlockJUnit4ClassRunner.java:103)
  at org.junit.runners.BlockJUnit4ClassRunner.runChild(BlockJUnit4ClassRunner.java:63)
  at org.junit.runners.ParentRunner$4.run(ParentRunner.java:331)
  at org.junit.runners.ParentRunner$1.schedule(ParentRunner.java:79)
  at org.junit.runners.ParentRunner.runChildren(ParentRunner.java:329)
  at org.junit.runners.ParentRunner.access$100(ParentRunner.java:66)
  at org.junit.runners.ParentRunner$2.evaluate(ParentRunner.java:293)
  at org.junit.runners.ParentRunner$3.evaluate(ParentRunner.java:306)
  at org.junit.runners.ParentRunner.run(ParentRunner.java:413)
  at org.junit.runner.JUnitCore.run(JUnitCore.java:137)
  at org.junit.runner.JUnitCore.run(JUnitCore.java:115)
  at org.gradle.api.internal.tasks.testing.junit.JUnitTestExecutor.runRequest(JUnitTestExecutor.java:175)
  at org.gradle.api.internal.tasks.testing.junit.JUnitTestExecutor.accept(JUnitTestExecutor.java:84)
  at org.gradle.api.internal.tasks.testing.junit.JUnitTestExecutor.accept(JUnitTestExecutor.java:47)
  at org.gradle.api.internal.tasks.testing.junit.AbstractJUnitTestDefinitionProcessor.processTestDefinition(AbstractJUnitTestDefinitionProcessor.java:65)
  at org.gradle.api.internal.tasks.testing.SuiteTestDefinitionProcessor.processTestDefinition(SuiteTestDefinitionProcessor.java:54)
  at java.base/jdk.internal.reflect.DirectMethodHandleAccessor.invoke(DirectMethodHandleAccessor.java:104)
  at java.base/java.lang.reflect.Method.invoke(Method.java:565)
  at org.gradle.internal.dispatch.MethodInvocation.invokeOn(MethodInvocation.java:77)
  at org.gradle.internal.dispatch.ReflectionDispatch.dispatch(ReflectionDispatch.java:28)
  at org.gradle.internal.dispatch.ReflectionDispatch.dispatch(ReflectionDispatch.java:19)
  at org.gradle.internal.dispatch.ContextClassLoaderDispatch.dispatch(ContextClassLoaderDispatch.java:33)
  at org.gradle.internal.dispatch.ProxyDispatchAdapter$DispatchingInvocationHandler.invoke(ProxyDispatchAdapter.java:88)
  at jdk.proxy1/jdk.proxy1.$Proxy4.processTestDefinition(Unknown Source)
  at org.gradle.api.internal.tasks.testing.worker.TestWorker$2.run(TestWorker.java:178)
  at org.gradle.api.internal.tasks.testing.worker.TestWorker.executeAndMaintainThreadName(TestWorker.java:126)
  at org.gradle.api.internal.tasks.testing.worker.TestWorker.execute(TestWorker.java:103)
  at org.gradle.api.internal.tasks.testing.worker.TestWorker.execute(TestWorker.java:63)
  at org.gradle.process.internal.worker.child.ActionExecutionWorker.execute(ActionExecutionWorker.java:56)
  at org.gradle.process.internal.worker.child.SystemApplicationClassLoaderWorker.call(SystemApplicationClassLoaderWorker.java:122)
  at org.gradle.process.internal.worker.child.SystemApplicationClassLoaderWorker.call(SystemApplicationClassLoaderWorker.java:72)
  at worker.org.gradle.process.internal.worker.GradleWorkerMain.run(GradleWorkerMain.java:69)
  at worker.org.gradle.process.internal.worker.GradleWorkerMain.main(GradleWorkerMain.java:74)
</stacktrace>
</test-failure>


TypeScriptCompilerTests_U[jvm] > untypedFunctionCallsWithTypeParameters1_ts has expected errors matching untypedFunctionCallsWithTypeParameters1_errors_txt[jvm] FAILED

<test-failure test="com.xemantic.typescript.compiler.TypeScriptCompilerTests_U.unionSubtypeReductionErrors_ts has expected errors matching unionSubtypeReductionErrors_errors_txt" platform="jvm">
<message>
Expected diagnostics from baseline typescript-repo/tests/baselines/reference/unionSubtypeReductionErrors.errors.txt but none produced
</message>
<stacktrace>
  at com.xemantic.typescript.compiler.TypeScriptTestSupportKt.errorsMatchBaseline(TypeScriptTestSupport.kt:125)
  at com.xemantic.typescript.compiler.TypeScriptCompilerTests_U.unionSubtypeReductionErrors_ts has expected errors matching unionSubtypeReductionErrors_errors_txt(TypeScriptCompilerTests_U.kt:693)
  at java.base/jdk.internal.reflect.DirectMethodHandleAccessor.invoke(DirectMethodHandleAccessor.java:104)
  at java.base/java.lang.reflect.Method.invoke(Method.java:565)
  at org.junit.runners.model.FrameworkMethod$1.runReflectiveCall(FrameworkMethod.java:59)
  at org.junit.internal.runners.model.ReflectiveCallable.run(ReflectiveCallable.java:12)
  at org.junit.runners.model.FrameworkMethod.invokeExplosively(FrameworkMethod.java:56)
  at org.junit.internal.runners.statements.InvokeMethod.evaluate(InvokeMethod.java:17)
  at org.junit.runners.ParentRunner$3.evaluate(ParentRunner.java:306)
  at org.junit.runners.BlockJUnit4ClassRunner$1.evaluate(BlockJUnit4ClassRunner.java:100)
  at org.junit.runners.ParentRunner.runLeaf(ParentRunner.java:366)
  at org.junit.runners.BlockJUnit4ClassRunner.runChild(BlockJUnit4ClassRunner.java:103)
  at org.junit.runners.BlockJUnit4ClassRunner.runChild(BlockJUnit4ClassRunner.java:63)
  at org.junit.runners.ParentRunner$4.run(ParentRunner.java:331)
  at org.junit.runners.ParentRunner$1.schedule(ParentRunner.java:79)
  at org.junit.runners.ParentRunner.runChildren(ParentRunner.java:329)
  at org.junit.runners.ParentRunner.access$100(ParentRunner.java:66)
  at org.junit.runners.ParentRunner$2.evaluate(ParentRunner.java:293)
  at org.junit.runners.ParentRunner$3.evaluate(ParentRunner.java:306)
  at org.junit.runners.ParentRunner.run(ParentRunner.java:413)
  at org.junit.runner.JUnitCore.run(JUnitCore.java:137)
  at org.junit.runner.JUnitCore.run(JUnitCore.java:115)
  at org.gradle.api.internal.tasks.testing.junit.JUnitTestExecutor.runRequest(JUnitTestExecutor.java:175)
  at org.gradle.api.internal.tasks.testing.junit.JUnitTestExecutor.accept(JUnitTestExecutor.java:84)
  at org.gradle.api.internal.tasks.testing.junit.JUnitTestExecutor.accept(JUnitTestExecutor.java:47)
  at org.gradle.api.internal.tasks.testing.junit.AbstractJUnitTestDefinitionProcessor.processTestDefinition(AbstractJUnitTestDefinitionProcessor.java:65)
  at org.gradle.api.internal.tasks.testing.SuiteTestDefinitionProcessor.processTestDefinition(SuiteTestDefinitionProcessor.java:54)
  at java.base/jdk.internal.reflect.DirectMethodHandleAccessor.invoke(DirectMethodHandleAccessor.java:104)
  at java.base/java.lang.reflect.Method.invoke(Method.java:565)
  at org.gradle.internal.dispatch.MethodInvocation.invokeOn(MethodInvocation.java:77)
  at org.gradle.internal.dispatch.ReflectionDispatch.dispatch(ReflectionDispatch.java:28)
  at org.gradle.internal.dispatch.ReflectionDispatch.dispatch(ReflectionDispatch.java:19)
  at org.gradle.internal.dispatch.ContextClassLoaderDispatch.dispatch(ContextClassLoaderDispatch.java:33)
  at org.gradle.internal.dispatch.ProxyDispatchAdapter$DispatchingInvocationHandler.invoke(ProxyDispatchAdapter.java:88)
  at jdk.proxy1/jdk.proxy1.$Proxy4.processTestDefinition(Unknown Source)
  at org.gradle.api.internal.tasks.testing.worker.TestWorker$2.run(TestWorker.java:178)
  at org.gradle.api.internal.tasks.testing.worker.TestWorker.executeAndMaintainThreadName(TestWorker.java:126)
  at org.gradle.api.internal.tasks.testing.worker.TestWorker.execute(TestWorker.java:103)
  at org.gradle.api.internal.tasks.testing.worker.TestWorker.execute(TestWorker.java:63)
  at org.gradle.process.internal.worker.child.ActionExecutionWorker.execute(ActionExecutionWorker.java:56)
  at org.gradle.process.internal.worker.child.SystemApplicationClassLoaderWorker.call(SystemApplicationClassLoaderWorker.java:122)
  at org.gradle.process.internal.worker.child.SystemApplicationClassLoaderWorker.call(SystemApplicationClassLoaderWorker.java:72)
  at worker.org.gradle.process.internal.worker.GradleWorkerMain.run(GradleWorkerMain.java:69)
  at worker.org.gradle.process.internal.worker.GradleWorkerMain.main(GradleWorkerMain.java:74)
</stacktrace>
</test-failure>


TypeScriptCompilerTests_U[jvm] > unionSubtypeReductionErrors_ts has expected errors matching unionSubtypeReductionErrors_errors_txt[jvm] FAILED

<test-failure test="com.xemantic.typescript.compiler.TypeScriptCompilerTests_U.uniqueSymbolAllowsIndexInObjectWithIndexSignature_ts has expected errors matching uniqueSymbolAllowsIndexInObjectWithIndexSignature_errors_txt" platform="jvm">
<message>
Expected diagnostics from baseline typescript-repo/tests/baselines/reference/uniqueSymbolAllowsIndexInObjectWithIndexSignature.errors.txt but none produced
</message>
<stacktrace>
  at com.xemantic.typescript.compiler.TypeScriptTestSupportKt.errorsMatchBaseline(TypeScriptTestSupport.kt:125)
  at com.xemantic.typescript.compiler.TypeScriptCompilerTests_U.uniqueSymbolAllowsIndexInObjectWithIndexSignature_ts has expected errors matching uniqueSymbolAllowsIndexInObjectWithIndexSignature_errors_txt(TypeScriptCompilerTests_U.kt:805)
  at java.base/jdk.internal.reflect.DirectMethodHandleAccessor.invoke(DirectMethodHandleAccessor.java:104)
  at java.base/java.lang.reflect.Method.invoke(Method.java:565)
  at org.junit.runners.model.FrameworkMethod$1.runReflectiveCall(FrameworkMethod.java:59)
  at org.junit.internal.runners.model.ReflectiveCallable.run(ReflectiveCallable.java:12)
  at org.junit.runners.model.FrameworkMethod.invokeExplosively(FrameworkMethod.java:56)
  at org.junit.internal.runners.statements.InvokeMethod.evaluate(InvokeMethod.java:17)
  at org.junit.runners.ParentRunner$3.evaluate(ParentRunner.java:306)
  at org.junit.runners.BlockJUnit4ClassRunner$1.evaluate(BlockJUnit4ClassRunner.java:100)
  at org.junit.runners.ParentRunner.runLeaf(ParentRunner.java:366)
  at org.junit.runners.BlockJUnit4ClassRunner.runChild(BlockJUnit4ClassRunner.java:103)
  at org.junit.runners.BlockJUnit4ClassRunner.runChild(BlockJUnit4ClassRunner.java:63)
  at org.junit.runners.ParentRunner$4.run(ParentRunner.java:331)
  at org.junit.runners.ParentRunner$1.schedule(ParentRunner.java:79)
  at org.junit.runners.ParentRunner.runChildren(ParentRunner.java:329)
  at org.junit.runners.ParentRunner.access$100(ParentRunner.java:66)
  at org.junit.runners.ParentRunner$2.evaluate(ParentRunner.java:293)
  at org.junit.runners.ParentRunner$3.evaluate(ParentRunner.java:306)
  at org.junit.runners.ParentRunner.run(ParentRunner.java:413)
  at org.junit.runner.JUnitCore.run(JUnitCore.java:137)
  at org.junit.runner.JUnitCore.run(JUnitCore.java:115)
  at org.gradle.api.internal.tasks.testing.junit.JUnitTestExecutor.runRequest(JUnitTestExecutor.java:175)
  at org.gradle.api.internal.tasks.testing.junit.JUnitTestExecutor.accept(JUnitTestExecutor.java:84)
  at org.gradle.api.internal.tasks.testing.junit.JUnitTestExecutor.accept(JUnitTestExecutor.java:47)
  at org.gradle.api.internal.tasks.testing.junit.AbstractJUnitTestDefinitionProcessor.processTestDefinition(AbstractJUnitTestDefinitionProcessor.java:65)
  at org.gradle.api.internal.tasks.testing.SuiteTestDefinitionProcessor.processTestDefinition(SuiteTestDefinitionProcessor.java:54)
  at java.base/jdk.internal.reflect.DirectMethodHandleAccessor.invoke(DirectMethodHandleAccessor.java:104)
  at java.base/java.lang.reflect.Method.invoke(Method.java:565)
  at org.gradle.internal.dispatch.MethodInvocation.invokeOn(MethodInvocation.java:77)
  at org.gradle.internal.dispatch.ReflectionDispatch.dispatch(ReflectionDispatch.java:28)
  at org.gradle.internal.dispatch.ReflectionDispatch.dispatch(ReflectionDispatch.java:19)
  at org.gradle.internal.dispatch.ContextClassLoaderDispatch.dispatch(ContextClassLoaderDispatch.java:33)
  at org.gradle.internal.dispatch.ProxyDispatchAdapter$DispatchingInvocationHandler.invoke(ProxyDispatchAdapter.java:88)
  at jdk.proxy1/jdk.proxy1.$Proxy4.processTestDefinition(Unknown Source)
  at org.gradle.api.internal.tasks.testing.worker.TestWorker$2.run(TestWorker.java:178)
  at org.gradle.api.internal.tasks.testing.worker.TestWorker.executeAndMaintainThreadName(TestWorker.java:126)
  at org.gradle.api.internal.tasks.testing.worker.TestWorker.execute(TestWorker.java:103)
  at org.gradle.api.internal.tasks.testing.worker.TestWorker.execute(TestWorker.java:63)
  at org.gradle.process.internal.worker.child.ActionExecutionWorker.execute(ActionExecutionWorker.java:56)
  at org.gradle.process.internal.worker.child.SystemApplicationClassLoaderWorker.call(SystemApplicationClassLoaderWorker.java:122)
  at org.gradle.process.internal.worker.child.SystemApplicationClassLoaderWorker.call(SystemApplicationClassLoaderWorker.java:72)
  at worker.org.gradle.process.internal.worker.GradleWorkerMain.run(GradleWorkerMain.java:69)
  at worker.org.gradle.process.internal.worker.GradleWorkerMain.main(GradleWorkerMain.java:74)
</stacktrace>
</test-failure>


TypeScriptCompilerTests_U[jvm] > uniqueSymbolAllowsIndexInObjectWithIndexSignature_ts has expected errors matching uniqueSymbolAllowsIndexInObjectWithIndexSignature_errors_txt[jvm] FAILED

<test-failure test="com.xemantic.typescript.compiler.TypeScriptCompilerTests_U.unspecializedConstraints_ts has expected errors matching unspecializedConstraints_errors_txt" platform="jvm">
<message>
--- expected
+++ actual
@@ -1,12 +1,14 @@
 unspecializedConstraints.ts(37,13): error TS2322: Type 'undefined' is not assignable to type 'Property'.
 unspecializedConstraints.ts(40,13): error TS2322: Type 'undefined' is not assignable to type 'Property'.
 unspecializedConstraints.ts(46,13): error TS2322: Type 'undefined' is not assignable to type 'Signature'.
-unspecializedConstraints.ts(84,44): error TS2552: Cannot find name 'TypeParameter'. Did you mean 'Parameter'?
+unspecializedConstraints.ts(84,44): error TS2304: Cannot find name 'TypeParameter'.
+unspecializedConstraints.ts(118,34): error TS2314: Generic type 'Map<K, V>' requires 2 type argument(s).
 unspecializedConstraints.ts(119,45): error TS2322: Type 'undefined' is not assignable to type 'T'.
   'T' could be instantiated with an arbitrary type which could be unrelated to 'undefined'.
+unspecializedConstraints.ts(123,34): error TS2314: Generic type 'Map<K, V>' requires 2 type argument(s).
 
 
-==== unspecializedConstraints.ts (5 errors) ====
+==== unspecializedConstraints.ts (7 errors) ====
     namespace ts {
         interface Map<T> {
             [index: string]: T;
@@ -98,8 +100,7 @@
         class Signature extends Symbol {
             constructor(public typeParameters: TypeParameter[], public parameters: Parameter[], public returnType: Type) {
                                                ~~~~~~~~~~~~~
-!!! error TS2552: Cannot find name 'TypeParameter'. Did you mean 'Parameter'?
-!!! related TS2728 unspecializedConstraints.ts:99:11: 'Parameter' is declared here.
+!!! error TS2304: Cannot find name 'TypeParameter'.
                 super();
             }
             equalsNoReturn(other: Signature): boolean {
@@ -134,6 +135,8 @@
         var hasOwnProperty = Object.prototype.hasOwnProperty;
     
         function getProperty<T>(map: Map<T>, key: string): T {
+                                     ~~~~~~
+!!! error TS2314: Generic type 'Map<K, V>' requires 2 type argument(s).
             if (!hasOwnProperty.call(map, key)) return undefined;
                                                 ~~~~~~
 !!! error TS2322: Type 'undefined' is not assignable to type 'T'.
@@ -142,6 +145,8 @@
         }
     
         function hasProperty<T>(map: Map<T>, key: string): boolean {
+                                     ~~~~~~
+!!! error TS2314: Generic type 'Map<K, V>' requires 2 type argument(s).
             return hasOwnProperty.call(map, key);
         }
     

</message>
<stacktrace>
  at org.junit.Assert.fail(Assert.java:89)
  at kotlin.test.junit.JUnitAsserter.fail(JUnitSupport.kt:56)
  at kotlin.test.AssertionsKt__AssertionsKt.fail(Assertions.kt:563)
  at kotlin.test.AssertionsKt.fail(Unknown Source)
  at com.xemantic.kotlin.test.SameAsKt.sameAs(SameAs.kt:52)
  at com.xemantic.typescript.compiler.TypeScriptTestSupportKt.errorsMatchBaseline(TypeScriptTestSupport.kt:135)
  at com.xemantic.typescript.compiler.TypeScriptCompilerTests_U.unspecializedConstraints_ts has expected errors matching unspecializedConstraints_errors_txt(TypeScriptCompilerTests_U.kt:1113)
  at java.base/jdk.internal.reflect.DirectMethodHandleAccessor.invoke(DirectMethodHandleAccessor.java:104)
  at java.base/java.lang.reflect.Method.invoke(Method.java:565)
  at org.junit.runners.model.FrameworkMethod$1.runReflectiveCall(FrameworkMethod.java:59)
  at org.junit.internal.runners.model.ReflectiveCallable.run(ReflectiveCallable.java:12)
  at org.junit.runners.model.FrameworkMethod.invokeExplosively(FrameworkMethod.java:56)
  at org.junit.internal.runners.statements.InvokeMethod.evaluate(InvokeMethod.java:17)
  at org.junit.runners.ParentRunner$3.evaluate(ParentRunner.java:306)
  at org.junit.runners.BlockJUnit4ClassRunner$1.evaluate(BlockJUnit4ClassRunner.java:100)
  at org.junit.runners.ParentRunner.runLeaf(ParentRunner.java:366)
  at org.junit.runners.BlockJUnit4ClassRunner.runChild(BlockJUnit4ClassRunner.java:103)
  at org.junit.runners.BlockJUnit4ClassRunner.runChild(BlockJUnit4ClassRunner.java:63)
  at org.junit.runners.ParentRunner$4.run(ParentRunner.java:331)
  at org.junit.runners.ParentRunner$1.schedule(ParentRunner.java:79)
  at org.junit.runners.ParentRunner.runChildren(ParentRunner.java:329)
  at org.junit.runners.ParentRunner.access$100(ParentRunner.java:66)
  at org.junit.runners.ParentRunner$2.evaluate(ParentRunner.java:293)
  at org.junit.runners.ParentRunner$3.evaluate(ParentRunner.java:306)
  at org.junit.runners.ParentRunner.run(ParentRunner.java:413)
  at org.junit.runner.JUnitCore.run(JUnitCore.java:137)
  at org.junit.runner.JUnitCore.run(JUnitCore.java:115)
  at org.gradle.api.internal.tasks.testing.junit.JUnitTestExecutor.runRequest(JUnitTestExecutor.java:175)
  at org.gradle.api.internal.tasks.testing.junit.JUnitTestExecutor.accept(JUnitTestExecutor.java:84)
  at org.gradle.api.internal.tasks.testing.junit.JUnitTestExecutor.accept(JUnitTestExecutor.java:47)
  at org.gradle.api.internal.tasks.testing.junit.AbstractJUnitTestDefinitionProcessor.processTestDefinition(AbstractJUnitTestDefinitionProcessor.java:65)
  at org.gradle.api.internal.tasks.testing.SuiteTestDefinitionProcessor.processTestDefinition(SuiteTestDefinitionProcessor.java:54)
  at java.base/jdk.internal.reflect.DirectMethodHandleAccessor.invoke(DirectMethodHandleAccessor.java:104)
  at java.base/java.lang.reflect.Method.invoke(Method.java:565)
  at org.gradle.internal.dispatch.MethodInvocation.invokeOn(MethodInvocation.java:77)
  at org.gradle.internal.dispatch.ReflectionDispatch.dispatch(ReflectionDispatch.java:28)
  at org.gradle.internal.dispatch.ReflectionDispatch.dispatch(ReflectionDispatch.java:19)
  at org.gradle.internal.dispatch.ContextClassLoaderDispatch.dispatch(ContextClassLoaderDispatch.java:33)
  at org.gradle.internal.dispatch.ProxyDispatchAdapter$DispatchingInvocationHandler.invoke(ProxyDispatchAdapter.java:88)
  at jdk.proxy1/jdk.proxy1.$Proxy4.processTestDefinition(Unknown Source)
  at org.gradle.api.internal.tasks.testing.worker.TestWorker$2.run(TestWorker.java:178)
  at org.gradle.api.internal.tasks.testing.worker.TestWorker.executeAndMaintainThreadName(TestWorker.java:126)
  at org.gradle.api.internal.tasks.testing.worker.TestWorker.execute(TestWorker.java:103)
  at org.gradle.api.internal.tasks.testing.worker.TestWorker.execute(TestWorker.java:63)
  at org.gradle.process.internal.worker.child.ActionExecutionWorker.execute(ActionExecutionWorker.java:56)
  at org.gradle.process.internal.worker.child.SystemApplicationClassLoaderWorker.call(SystemApplicationClassLoaderWorker.java:122)
  at org.gradle.process.internal.worker.child.SystemApplicationClassLoaderWorker.call(SystemApplicationClassLoaderWorker.java:72)
  at worker.org.gradle.process.internal.worker.GradleWorkerMain.run(GradleWorkerMain.java:69)
  at worker.org.gradle.process.internal.worker.GradleWorkerMain.main(GradleWorkerMain.java:74)
</stacktrace>
</test-failure>


TypeScriptCompilerTests_U[jvm] > unspecializedConstraints_ts has expected errors matching unspecializedConstraints_errors_txt[jvm] FAILED

<test-failure test="com.xemantic.typescript.compiler.TypeScriptCompilerTests_U.unusedTypeParameters_templateTag2_ts has expected errors matching unusedTypeParameters_templateTag2_errors_txt" platform="jvm">
<message>
Expected diagnostics from baseline typescript-repo/tests/baselines/reference/unusedTypeParameters_templateTag2.errors.txt but none produced
</message>
<stacktrace>
  at com.xemantic.typescript.compiler.TypeScriptTestSupportKt.errorsMatchBaseline(TypeScriptTestSupport.kt:125)
  at com.xemantic.typescript.compiler.TypeScriptCompilerTests_U.unusedTypeParameters_templateTag2_ts has expected errors matching unusedTypeParameters_templateTag2_errors_txt(TypeScriptCompilerTests_U.kt:2961)
  at java.base/jdk.internal.reflect.DirectMethodHandleAccessor.invoke(DirectMethodHandleAccessor.java:104)
  at java.base/java.lang.reflect.Method.invoke(Method.java:565)
  at org.junit.runners.model.FrameworkMethod$1.runReflectiveCall(FrameworkMethod.java:59)
  at org.junit.internal.runners.model.ReflectiveCallable.run(ReflectiveCallable.java:12)
  at org.junit.runners.model.FrameworkMethod.invokeExplosively(FrameworkMethod.java:56)
  at org.junit.internal.runners.statements.InvokeMethod.evaluate(InvokeMethod.java:17)
  at org.junit.runners.ParentRunner$3.evaluate(ParentRunner.java:306)
  at org.junit.runners.BlockJUnit4ClassRunner$1.evaluate(BlockJUnit4ClassRunner.java:100)
  at org.junit.runners.ParentRunner.runLeaf(ParentRunner.java:366)
  at org.junit.runners.BlockJUnit4ClassRunner.runChild(BlockJUnit4ClassRunner.java:103)
  at org.junit.runners.BlockJUnit4ClassRunner.runChild(BlockJUnit4ClassRunner.java:63)
  at org.junit.runners.ParentRunner$4.run(ParentRunner.java:331)
  at org.junit.runners.ParentRunner$1.schedule(ParentRunner.java:79)
  at org.junit.runners.ParentRunner.runChildren(ParentRunner.java:329)
  at org.junit.runners.ParentRunner.access$100(ParentRunner.java:66)
  at org.junit.runners.ParentRunner$2.evaluate(ParentRunner.java:293)
  at org.junit.runners.ParentRunner$3.evaluate(ParentRunner.java:306)
  at org.junit.runners.ParentRunner.run(ParentRunner.java:413)
  at org.junit.runner.JUnitCore.run(JUnitCore.java:137)
  at org.junit.runner.JUnitCore.run(JUnitCore.java:115)
  at org.gradle.api.internal.tasks.testing.junit.JUnitTestExecutor.runRequest(JUnitTestExecutor.java:175)
  at org.gradle.api.internal.tasks.testing.junit.JUnitTestExecutor.accept(JUnitTestExecutor.java:84)
  at org.gradle.api.internal.tasks.testing.junit.JUnitTestExecutor.accept(JUnitTestExecutor.java:47)
  at org.gradle.api.internal.tasks.testing.junit.AbstractJUnitTestDefinitionProcessor.processTestDefinition(AbstractJUnitTestDefinitionProcessor.java:65)
  at org.gradle.api.internal.tasks.testing.SuiteTestDefinitionProcessor.processTestDefinition(SuiteTestDefinitionProcessor.java:54)
  at java.base/jdk.internal.reflect.DirectMethodHandleAccessor.invoke(DirectMethodHandleAccessor.java:104)
  at java.base/java.lang.reflect.Method.invoke(Method.java:565)
  at org.gradle.internal.dispatch.MethodInvocation.invokeOn(MethodInvocation.java:77)
  at org.gradle.internal.dispatch.ReflectionDispatch.dispatch(ReflectionDispatch.java:28)
  at org.gradle.internal.dispatch.ReflectionDispatch.dispatch(ReflectionDispatch.java:19)
  at org.gradle.internal.dispatch.ContextClassLoaderDispatch.dispatch(ContextClassLoaderDispatch.java:33)
  at org.gradle.internal.dispatch.ProxyDispatchAdapter$DispatchingInvocationHandler.invoke(ProxyDispatchAdapter.java:88)
  at jdk.proxy1/jdk.proxy1.$Proxy4.processTestDefinition(Unknown Source)
  at org.gradle.api.internal.tasks.testing.worker.TestWorker$2.run(TestWorker.java:178)
  at org.gradle.api.internal.tasks.testing.worker.TestWorker.executeAndMaintainThreadName(TestWorker.java:126)
  at org.gradle.api.internal.tasks.testing.worker.TestWorker.execute(TestWorker.java:103)
  at org.gradle.api.internal.tasks.testing.worker.TestWorker.execute(TestWorker.java:63)
  at org.gradle.process.internal.worker.child.ActionExecutionWorker.execute(ActionExecutionWorker.java:56)
  at org.gradle.process.internal.worker.child.SystemApplicationClassLoaderWorker.call(SystemApplicationClassLoaderWorker.java:122)
  at org.gradle.process.internal.worker.child.SystemApplicationClassLoaderWorker.call(SystemApplicationClassLoaderWorker.java:72)
  at worker.org.gradle.process.internal.worker.GradleWorkerMain.run(GradleWorkerMain.java:69)
  at worker.org.gradle.process.internal.worker.GradleWorkerMain.main(GradleWorkerMain.java:74)
</stacktrace>
</test-failure>


TypeScriptCompilerTests_U[jvm] > unusedTypeParameters_templateTag2_ts has expected errors matching unusedTypeParameters_templateTag2_errors_txt[jvm] FAILED

<test-failure test="com.xemantic.typescript.compiler.TypeScriptCompilerTests_U.unknownSymbolOffContextualType1_ts has expected errors matching unknownSymbolOffContextualType1_errors_txt" platform="jvm">
<message>
Expected diagnostics from baseline typescript-repo/tests/baselines/reference/unknownSymbolOffContextualType1.errors.txt but none produced
</message>
<stacktrace>
  at com.xemantic.typescript.compiler.TypeScriptTestSupportKt.errorsMatchBaseline(TypeScriptTestSupport.kt:125)
  at com.xemantic.typescript.compiler.TypeScriptCompilerTests_U.unknownSymbolOffContextualType1_ts has expected errors matching unknownSymbolOffContextualType1_errors_txt(TypeScriptCompilerTests_U.kt:875)
  at java.base/jdk.internal.reflect.DirectMethodHandleAccessor.invoke(DirectMethodHandleAccessor.java:104)
  at java.base/java.lang.reflect.Method.invoke(Method.java:565)
  at org.junit.runners.model.FrameworkMethod$1.runReflectiveCall(FrameworkMethod.java:59)
  at org.junit.internal.runners.model.ReflectiveCallable.run(ReflectiveCallable.java:12)
  at org.junit.runners.model.FrameworkMethod.invokeExplosively(FrameworkMethod.java:56)
  at org.junit.internal.runners.statements.InvokeMethod.evaluate(InvokeMethod.java:17)
  at org.junit.runners.ParentRunner$3.evaluate(ParentRunner.java:306)
  at org.junit.runners.BlockJUnit4ClassRunner$1.evaluate(BlockJUnit4ClassRunner.java:100)
  at org.junit.runners.ParentRunner.runLeaf(ParentRunner.java:366)
  at org.junit.runners.BlockJUnit4ClassRunner.runChild(BlockJUnit4ClassRunner.java:103)
  at org.junit.runners.BlockJUnit4ClassRunner.runChild(BlockJUnit4ClassRunner.java:63)
  at org.junit.runners.ParentRunner$4.run(ParentRunner.java:331)
  at org.junit.runners.ParentRunner$1.schedule(ParentRunner.java:79)
  at org.junit.runners.ParentRunner.runChildren(ParentRunner.java:329)
  at org.junit.runners.ParentRunner.access$100(ParentRunner.java:66)
  at org.junit.runners.ParentRunner$2.evaluate(ParentRunner.java:293)
  at org.junit.runners.ParentRunner$3.evaluate(ParentRunner.java:306)
  at org.junit.runners.ParentRunner.run(ParentRunner.java:413)
  at org.junit.runner.JUnitCore.run(JUnitCore.java:137)
  at org.junit.runner.JUnitCore.run(JUnitCore.java:115)
  at org.gradle.api.internal.tasks.testing.junit.JUnitTestExecutor.runRequest(JUnitTestExecutor.java:175)
  at org.gradle.api.internal.tasks.testing.junit.JUnitTestExecutor.accept(JUnitTestExecutor.java:84)
  at org.gradle.api.internal.tasks.testing.junit.JUnitTestExecutor.accept(JUnitTestExecutor.java:47)
  at org.gradle.api.internal.tasks.testing.junit.AbstractJUnitTestDefinitionProcessor.processTestDefinition(AbstractJUnitTestDefinitionProcessor.java:65)
  at org.gradle.api.internal.tasks.testing.SuiteTestDefinitionProcessor.processTestDefinition(SuiteTestDefinitionProcessor.java:54)
  at java.base/jdk.internal.reflect.DirectMethodHandleAccessor.invoke(DirectMethodHandleAccessor.java:104)
  at java.base/java.lang.reflect.Method.invoke(Method.java:565)
  at org.gradle.internal.dispatch.MethodInvocation.invokeOn(MethodInvocation.java:77)
  at org.gradle.internal.dispatch.ReflectionDispatch.dispatch(ReflectionDispatch.java:28)
  at org.gradle.internal.dispatch.ReflectionDispatch.dispatch(ReflectionDispatch.java:19)
  at org.gradle.internal.dispatch.ContextClassLoaderDispatch.dispatch(ContextClassLoaderDispatch.java:33)
  at org.gradle.internal.dispatch.ProxyDispatchAdapter$DispatchingInvocationHandler.invoke(ProxyDispatchAdapter.java:88)
  at jdk.proxy1/jdk.proxy1.$Proxy4.processTestDefinition(Unknown Source)
  at org.gradle.api.internal.tasks.testing.worker.TestWorker$2.run(TestWorker.java:178)
  at org.gradle.api.internal.tasks.testing.worker.TestWorker.executeAndMaintainThreadName(TestWorker.java:126)
  at org.gradle.api.internal.tasks.testing.worker.TestWorker.execute(TestWorker.java:103)
  at org.gradle.api.internal.tasks.testing.worker.TestWorker.execute(TestWorker.java:63)
  at org.gradle.process.internal.worker.child.ActionExecutionWorker.execute(ActionExecutionWorker.java:56)
  at org.gradle.process.internal.worker.child.SystemApplicationClassLoaderWorker.call(SystemApplicationClassLoaderWorker.java:122)
  at org.gradle.process.internal.worker.child.SystemApplicationClassLoaderWorker.call(SystemApplicationClassLoaderWorker.java:72)
  at worker.org.gradle.process.internal.worker.GradleWorkerMain.run(GradleWorkerMain.java:69)
  at worker.org.gradle.process.internal.worker.GradleWorkerMain.main(GradleWorkerMain.java:74)
</stacktrace>
</test-failure>


TypeScriptCompilerTests_U[jvm] > unknownSymbolOffContextualType1_ts has expected errors matching unknownSymbolOffContextualType1_errors_txt[jvm] FAILED

<test-failure test="com.xemantic.typescript.compiler.TypeScriptCompilerTests_U.undeclaredMethod_ts has expected errors matching undeclaredMethod_errors_txt" platform="jvm">
<message>
Expected diagnostics from baseline typescript-repo/tests/baselines/reference/undeclaredMethod.errors.txt but none produced
</message>
<stacktrace>
  at com.xemantic.typescript.compiler.TypeScriptTestSupportKt.errorsMatchBaseline(TypeScriptTestSupport.kt:125)
  at com.xemantic.typescript.compiler.TypeScriptCompilerTests_U.undeclaredMethod_ts has expected errors matching undeclaredMethod_errors_txt(TypeScriptCompilerTests_U.kt:245)
  at java.base/jdk.internal.reflect.DirectMethodHandleAccessor.invoke(DirectMethodHandleAccessor.java:104)
  at java.base/java.lang.reflect.Method.invoke(Method.java:565)
  at org.junit.runners.model.FrameworkMethod$1.runReflectiveCall(FrameworkMethod.java:59)
  at org.junit.internal.runners.model.ReflectiveCallable.run(ReflectiveCallable.java:12)
  at org.junit.runners.model.FrameworkMethod.invokeExplosively(FrameworkMethod.java:56)
  at org.junit.internal.runners.statements.InvokeMethod.evaluate(InvokeMethod.java:17)
  at org.junit.runners.ParentRunner$3.evaluate(ParentRunner.java:306)
  at org.junit.runners.BlockJUnit4ClassRunner$1.evaluate(BlockJUnit4ClassRunner.java:100)
  at org.junit.runners.ParentRunner.runLeaf(ParentRunner.java:366)
  at org.junit.runners.BlockJUnit4ClassRunner.runChild(BlockJUnit4ClassRunner.java:103)
  at org.junit.runners.BlockJUnit4ClassRunner.runChild(BlockJUnit4ClassRunner.java:63)
  at org.junit.runners.ParentRunner$4.run(ParentRunner.java:331)
  at org.junit.runners.ParentRunner$1.schedule(ParentRunner.java:79)
  at org.junit.runners.ParentRunner.runChildren(ParentRunner.java:329)
  at org.junit.runners.ParentRunner.access$100(ParentRunner.java:66)
  at org.junit.runners.ParentRunner$2.evaluate(ParentRunner.java:293)
  at org.junit.runners.ParentRunner$3.evaluate(ParentRunner.java:306)
  at org.junit.runners.ParentRunner.run(ParentRunner.java:413)
  at org.junit.runner.JUnitCore.run(JUnitCore.java:137)
  at org.junit.runner.JUnitCore.run(JUnitCore.java:115)
  at org.gradle.api.internal.tasks.testing.junit.JUnitTestExecutor.runRequest(JUnitTestExecutor.java:175)
  at org.gradle.api.internal.tasks.testing.junit.JUnitTestExecutor.accept(JUnitTestExecutor.java:84)
  at org.gradle.api.internal.tasks.testing.junit.JUnitTestExecutor.accept(JUnitTestExecutor.java:47)
  at org.gradle.api.internal.tasks.testing.junit.AbstractJUnitTestDefinitionProcessor.processTestDefinition(AbstractJUnitTestDefinitionProcessor.java:65)
  at org.gradle.api.internal.tasks.testing.SuiteTestDefinitionProcessor.processTestDefinition(SuiteTestDefinitionProcessor.java:54)
  at java.base/jdk.internal.reflect.DirectMethodHandleAccessor.invoke(DirectMethodHandleAccessor.java:104)
  at java.base/java.lang.reflect.Method.invoke(Method.java:565)
  at org.gradle.internal.dispatch.MethodInvocation.invokeOn(MethodInvocation.java:77)
  at org.gradle.internal.dispatch.ReflectionDispatch.dispatch(ReflectionDispatch.java:28)
  at org.gradle.internal.dispatch.ReflectionDispatch.dispatch(ReflectionDispatch.java:19)
  at org.gradle.internal.dispatch.ContextClassLoaderDispatch.dispatch(ContextClassLoaderDispatch.java:33)
  at org.gradle.internal.dispatch.ProxyDispatchAdapter$DispatchingInvocationHandler.invoke(ProxyDispatchAdapter.java:88)
  at jdk.proxy1/jdk.proxy1.$Proxy4.processTestDefinition(Unknown Source)
  at org.gradle.api.internal.tasks.testing.worker.TestWorker$2.run(TestWorker.java:178)
  at org.gradle.api.internal.tasks.testing.worker.TestWorker.executeAndMaintainThreadName(TestWorker.java:126)
  at org.gradle.api.internal.tasks.testing.worker.TestWorker.execute(TestWorker.java:103)
  at org.gradle.api.internal.tasks.testing.worker.TestWorker.execute(TestWorker.java:63)
  at org.gradle.process.internal.worker.child.ActionExecutionWorker.execute(ActionExecutionWorker.java:56)
  at org.gradle.process.internal.worker.child.SystemApplicationClassLoaderWorker.call(SystemApplicationClassLoaderWorker.java:122)
  at org.gradle.process.internal.worker.child.SystemApplicationClassLoaderWorker.call(SystemApplicationClassLoaderWorker.java:72)
  at worker.org.gradle.process.internal.worker.GradleWorkerMain.run(GradleWorkerMain.java:69)
  at worker.org.gradle.process.internal.worker.GradleWorkerMain.main(GradleWorkerMain.java:74)
</stacktrace>
</test-failure>


TypeScriptCompilerTests_U[jvm] > undeclaredMethod_ts has expected errors matching undeclaredMethod_errors_txt[jvm] FAILED

<test-failure test="com.xemantic.typescript.compiler.TypeScriptCompilerTests_U.unresolvableSelfReferencingAwaitedUnion_ts has expected errors matching unresolvableSelfReferencingAwaitedUnion_errors_txt" platform="jvm">
<message>
Expected diagnostics from baseline typescript-repo/tests/baselines/reference/unresolvableSelfReferencingAwaitedUnion.errors.txt but none produced
</message>
<stacktrace>
  at com.xemantic.typescript.compiler.TypeScriptTestSupportKt.errorsMatchBaseline(TypeScriptTestSupport.kt:125)
  at com.xemantic.typescript.compiler.TypeScriptCompilerTests_U.unresolvableSelfReferencingAwaitedUnion_ts has expected errors matching unresolvableSelfReferencingAwaitedUnion_errors_txt(TypeScriptCompilerTests_U.kt:1085)
  at java.base/jdk.internal.reflect.DirectMethodHandleAccessor.invoke(DirectMethodHandleAccessor.java:104)
  at java.base/java.lang.reflect.Method.invoke(Method.java:565)
  at org.junit.runners.model.FrameworkMethod$1.runReflectiveCall(FrameworkMethod.java:59)
  at org.junit.internal.runners.model.ReflectiveCallable.run(ReflectiveCallable.java:12)
  at org.junit.runners.model.FrameworkMethod.invokeExplosively(FrameworkMethod.java:56)
  at org.junit.internal.runners.statements.InvokeMethod.evaluate(InvokeMethod.java:17)
  at org.junit.runners.ParentRunner$3.evaluate(ParentRunner.java:306)
  at org.junit.runners.BlockJUnit4ClassRunner$1.evaluate(BlockJUnit4ClassRunner.java:100)
  at org.junit.runners.ParentRunner.runLeaf(ParentRunner.java:366)
  at org.junit.runners.BlockJUnit4ClassRunner.runChild(BlockJUnit4ClassRunner.java:103)
  at org.junit.runners.BlockJUnit4ClassRunner.runChild(BlockJUnit4ClassRunner.java:63)
  at org.junit.runners.ParentRunner$4.run(ParentRunner.java:331)
  at org.junit.runners.ParentRunner$1.schedule(ParentRunner.java:79)
  at org.junit.runners.ParentRunner.runChildren(ParentRunner.java:329)
  at org.junit.runners.ParentRunner.access$100(ParentRunner.java:66)
  at org.junit.runners.ParentRunner$2.evaluate(ParentRunner.java:293)
  at org.junit.runners.ParentRunner$3.evaluate(ParentRunner.java:306)
  at org.junit.runners.ParentRunner.run(ParentRunner.java:413)
  at org.junit.runner.JUnitCore.run(JUnitCore.java:137)
  at org.junit.runner.JUnitCore.run(JUnitCore.java:115)
  at org.gradle.api.internal.tasks.testing.junit.JUnitTestExecutor.runRequest(JUnitTestExecutor.java:175)
  at org.gradle.api.internal.tasks.testing.junit.JUnitTestExecutor.accept(JUnitTestExecutor.java:84)
  at org.gradle.api.internal.tasks.testing.junit.JUnitTestExecutor.accept(JUnitTestExecutor.java:47)
  at org.gradle.api.internal.tasks.testing.junit.AbstractJUnitTestDefinitionProcessor.processTestDefinition(AbstractJUnitTestDefinitionProcessor.java:65)
  at org.gradle.api.internal.tasks.testing.SuiteTestDefinitionProcessor.processTestDefinition(SuiteTestDefinitionProcessor.java:54)
  at java.base/jdk.internal.reflect.DirectMethodHandleAccessor.invoke(DirectMethodHandleAccessor.java:104)
  at java.base/java.lang.reflect.Method.invoke(Method.java:565)
  at org.gradle.internal.dispatch.MethodInvocation.invokeOn(MethodInvocation.java:77)
  at org.gradle.internal.dispatch.ReflectionDispatch.dispatch(ReflectionDispatch.java:28)
  at org.gradle.internal.dispatch.ReflectionDispatch.dispatch(ReflectionDispatch.java:19)
  at org.gradle.internal.dispatch.ContextClassLoaderDispatch.dispatch(ContextClassLoaderDispatch.java:33)
  at org.gradle.internal.dispatch.ProxyDispatchAdapter$DispatchingInvocationHandler.invoke(ProxyDispatchAdapter.java:88)
  at jdk.proxy1/jdk.proxy1.$Proxy4.processTestDefinition(Unknown Source)
  at org.gradle.api.internal.tasks.testing.worker.TestWorker$2.run(TestWorker.java:178)
  at org.gradle.api.internal.tasks.testing.worker.TestWorker.executeAndMaintainThreadName(TestWorker.java:126)
  at org.gradle.api.internal.tasks.testing.worker.TestWorker.execute(TestWorker.java:103)
  at org.gradle.api.internal.tasks.testing.worker.TestWorker.execute(TestWorker.java:63)
  at org.gradle.process.internal.worker.child.ActionExecutionWorker.execute(ActionExecutionWorker.java:56)
  at org.gradle.process.internal.worker.child.SystemApplicationClassLoaderWorker.call(SystemApplicationClassLoaderWorker.java:122)
  at org.gradle.process.internal.worker.child.SystemApplicationClassLoaderWorker.call(SystemApplicationClassLoaderWorker.java:72)
  at worker.org.gradle.process.internal.worker.GradleWorkerMain.run(GradleWorkerMain.java:69)
  at worker.org.gradle.process.internal.worker.GradleWorkerMain.main(GradleWorkerMain.java:74)
</stacktrace>
</test-failure>


TypeScriptCompilerTests_U[jvm] > unresolvableSelfReferencingAwaitedUnion_ts has expected errors matching unresolvableSelfReferencingAwaitedUnion_errors_txt[jvm] FAILED

<test-failure test="com.xemantic.typescript.compiler.TypeScriptCompilerTests_U.unionTypeErrorMessageTypeRefs01_ts has expected errors matching unionTypeErrorMessageTypeRefs01_errors_txt" platform="jvm">
<message>
Expected diagnostics from baseline typescript-repo/tests/baselines/reference/unionTypeErrorMessageTypeRefs01.errors.txt but none produced
</message>
<stacktrace>
  at com.xemantic.typescript.compiler.TypeScriptTestSupportKt.errorsMatchBaseline(TypeScriptTestSupport.kt:125)
  at com.xemantic.typescript.compiler.TypeScriptCompilerTests_U.unionTypeErrorMessageTypeRefs01_ts has expected errors matching unionTypeErrorMessageTypeRefs01_errors_txt(TypeScriptCompilerTests_U.kt:707)
  at java.base/jdk.internal.reflect.DirectMethodHandleAccessor.invoke(DirectMethodHandleAccessor.java:104)
  at java.base/java.lang.reflect.Method.invoke(Method.java:565)
  at org.junit.runners.model.FrameworkMethod$1.runReflectiveCall(FrameworkMethod.java:59)
  at org.junit.internal.runners.model.ReflectiveCallable.run(ReflectiveCallable.java:12)
  at org.junit.runners.model.FrameworkMethod.invokeExplosively(FrameworkMethod.java:56)
  at org.junit.internal.runners.statements.InvokeMethod.evaluate(InvokeMethod.java:17)
  at org.junit.runners.ParentRunner$3.evaluate(ParentRunner.java:306)
  at org.junit.runners.BlockJUnit4ClassRunner$1.evaluate(BlockJUnit4ClassRunner.java:100)
  at org.junit.runners.ParentRunner.runLeaf(ParentRunner.java:366)
  at org.junit.runners.BlockJUnit4ClassRunner.runChild(BlockJUnit4ClassRunner.java:103)
  at org.junit.runners.BlockJUnit4ClassRunner.runChild(BlockJUnit4ClassRunner.java:63)
  at org.junit.runners.ParentRunner$4.run(ParentRunner.java:331)
  at org.junit.runners.ParentRunner$1.schedule(ParentRunner.java:79)
  at org.junit.runners.ParentRunner.runChildren(ParentRunner.java:329)
  at org.junit.runners.ParentRunner.access$100(ParentRunner.java:66)
  at org.junit.runners.ParentRunner$2.evaluate(ParentRunner.java:293)
  at org.junit.runners.ParentRunner$3.evaluate(ParentRunner.java:306)
  at org.junit.runners.ParentRunner.run(ParentRunner.java:413)
  at org.junit.runner.JUnitCore.run(JUnitCore.java:137)
  at org.junit.runner.JUnitCore.run(JUnitCore.java:115)
  at org.gradle.api.internal.tasks.testing.junit.JUnitTestExecutor.runRequest(JUnitTestExecutor.java:175)
  at org.gradle.api.internal.tasks.testing.junit.JUnitTestExecutor.accept(JUnitTestExecutor.java:84)
  at org.gradle.api.internal.tasks.testing.junit.JUnitTestExecutor.accept(JUnitTestExecutor.java:47)
  at org.gradle.api.internal.tasks.testing.junit.AbstractJUnitTestDefinitionProcessor.processTestDefinition(AbstractJUnitTestDefinitionProcessor.java:65)
  at org.gradle.api.internal.tasks.testing.SuiteTestDefinitionProcessor.processTestDefinition(SuiteTestDefinitionProcessor.java:54)
  at java.base/jdk.internal.reflect.DirectMethodHandleAccessor.invoke(DirectMethodHandleAccessor.java:104)
  at java.base/java.lang.reflect.Method.invoke(Method.java:565)
  at org.gradle.internal.dispatch.MethodInvocation.invokeOn(MethodInvocation.java:77)
  at org.gradle.internal.dispatch.ReflectionDispatch.dispatch(ReflectionDispatch.java:28)
  at org.gradle.internal.dispatch.ReflectionDispatch.dispatch(ReflectionDispatch.java:19)
  at org.gradle.internal.dispatch.ContextClassLoaderDispatch.dispatch(ContextClassLoaderDispatch.java:33)
  at org.gradle.internal.dispatch.ProxyDispatchAdapter$DispatchingInvocationHandler.invoke(ProxyDispatchAdapter.java:88)
  at jdk.proxy1/jdk.proxy1.$Proxy4.processTestDefinition(Unknown Source)
  at org.gradle.api.internal.tasks.testing.worker.TestWorker$2.run(TestWorker.java:178)
  at org.gradle.api.internal.tasks.testing.worker.TestWorker.executeAndMaintainThreadName(TestWorker.java:126)
  at org.gradle.api.internal.tasks.testing.worker.TestWorker.execute(TestWorker.java:103)
  at org.gradle.api.internal.tasks.testing.worker.TestWorker.execute(TestWorker.java:63)
  at org.gradle.process.internal.worker.child.ActionExecutionWorker.execute(ActionExecutionWorker.java:56)
  at org.gradle.process.internal.worker.child.SystemApplicationClassLoaderWorker.call(SystemApplicationClassLoaderWorker.java:122)
  at org.gradle.process.internal.worker.child.SystemApplicationClassLoaderWorker.call(SystemApplicationClassLoaderWorker.java:72)
  at worker.org.gradle.process.internal.worker.GradleWorkerMain.run(GradleWorkerMain.java:69)
  at worker.org.gradle.process.internal.worker.GradleWorkerMain.main(GradleWorkerMain.java:74)
</stacktrace>
</test-failure>


TypeScriptCompilerTests_U[jvm] > unionTypeErrorMessageTypeRefs01_ts has expected errors matching unionTypeErrorMessageTypeRefs01_errors_txt[jvm] FAILED

<test-failure test="com.xemantic.typescript.compiler.TypeScriptCompilerTests_U.unusedLocalsStartingWithUnderscore_ts has expected errors matching unusedLocalsStartingWithUnderscore_errors_txt" platform="jvm">
<message>
Expected diagnostics from baseline typescript-repo/tests/baselines/reference/unusedLocalsStartingWithUnderscore.errors.txt but none produced
</message>
<stacktrace>
  at com.xemantic.typescript.compiler.TypeScriptTestSupportKt.errorsMatchBaseline(TypeScriptTestSupport.kt:125)
  at com.xemantic.typescript.compiler.TypeScriptCompilerTests_U.unusedLocalsStartingWithUnderscore_ts has expected errors matching unusedLocalsStartingWithUnderscore_errors_txt(TypeScriptCompilerTests_U.kt:1967)
  at java.base/jdk.internal.reflect.DirectMethodHandleAccessor.invoke(DirectMethodHandleAccessor.java:104)
  at java.base/java.lang.reflect.Method.invoke(Method.java:565)
  at org.junit.runners.model.FrameworkMethod$1.runReflectiveCall(FrameworkMethod.java:59)
  at org.junit.internal.runners.model.ReflectiveCallable.run(ReflectiveCallable.java:12)
  at org.junit.runners.model.FrameworkMethod.invokeExplosively(FrameworkMethod.java:56)
  at org.junit.internal.runners.statements.InvokeMethod.evaluate(InvokeMethod.java:17)
  at org.junit.runners.ParentRunner$3.evaluate(ParentRunner.java:306)
  at org.junit.runners.BlockJUnit4ClassRunner$1.evaluate(BlockJUnit4ClassRunner.java:100)
  at org.junit.runners.ParentRunner.runLeaf(ParentRunner.java:366)
  at org.junit.runners.BlockJUnit4ClassRunner.runChild(BlockJUnit4ClassRunner.java:103)
  at org.junit.runners.BlockJUnit4ClassRunner.runChild(BlockJUnit4ClassRunner.java:63)
  at org.junit.runners.ParentRunner$4.run(ParentRunner.java:331)
  at org.junit.runners.ParentRunner$1.schedule(ParentRunner.java:79)
  at org.junit.runners.ParentRunner.runChildren(ParentRunner.java:329)
  at org.junit.runners.ParentRunner.access$100(ParentRunner.java:66)
  at org.junit.runners.ParentRunner$2.evaluate(ParentRunner.java:293)
  at org.junit.runners.ParentRunner$3.evaluate(ParentRunner.java:306)
  at org.junit.runners.ParentRunner.run(ParentRunner.java:413)
  at org.junit.runner.JUnitCore.run(JUnitCore.java:137)
  at org.junit.runner.JUnitCore.run(JUnitCore.java:115)
  at org.gradle.api.internal.tasks.testing.junit.JUnitTestExecutor.runRequest(JUnitTestExecutor.java:175)
  at org.gradle.api.internal.tasks.testing.junit.JUnitTestExecutor.accept(JUnitTestExecutor.java:84)
  at org.gradle.api.internal.tasks.testing.junit.JUnitTestExecutor.accept(JUnitTestExecutor.java:47)
  at org.gradle.api.internal.tasks.testing.junit.AbstractJUnitTestDefinitionProcessor.processTestDefinition(AbstractJUnitTestDefinitionProcessor.java:65)
  at org.gradle.api.internal.tasks.testing.SuiteTestDefinitionProcessor.processTestDefinition(SuiteTestDefinitionProcessor.java:54)
  at java.base/jdk.internal.reflect.DirectMethodHandleAccessor.invoke(DirectMethodHandleAccessor.java:104)
  at java.base/java.lang.reflect.Method.invoke(Method.java:565)
  at org.gradle.internal.dispatch.MethodInvocation.invokeOn(MethodInvocation.java:77)
  at org.gradle.internal.dispatch.ReflectionDispatch.dispatch(ReflectionDispatch.java:28)
  at org.gradle.internal.dispatch.ReflectionDispatch.dispatch(ReflectionDispatch.java:19)
  at org.gradle.internal.dispatch.ContextClassLoaderDispatch.dispatch(ContextClassLoaderDispatch.java:33)
  at org.gradle.internal.dispatch.ProxyDispatchAdapter$DispatchingInvocationHandler.invoke(ProxyDispatchAdapter.java:88)
  at jdk.proxy1/jdk.proxy1.$Proxy4.processTestDefinition(Unknown Source)
  at org.gradle.api.internal.tasks.testing.worker.TestWorker$2.run(TestWorker.java:178)
  at org.gradle.api.internal.tasks.testing.worker.TestWorker.executeAndMaintainThreadName(TestWorker.java:126)
  at org.gradle.api.internal.tasks.testing.worker.TestWorker.execute(TestWorker.java:103)
  at org.gradle.api.internal.tasks.testing.worker.TestWorker.execute(TestWorker.java:63)
  at org.gradle.process.internal.worker.child.ActionExecutionWorker.execute(ActionExecutionWorker.java:56)
  at org.gradle.process.internal.worker.child.SystemApplicationClassLoaderWorker.call(SystemApplicationClassLoaderWorker.java:122)
  at org.gradle.process.internal.worker.child.SystemApplicationClassLoaderWorker.call(SystemApplicationClassLoaderWorker.java:72)
  at worker.org.gradle.process.internal.worker.GradleWorkerMain.run(GradleWorkerMain.java:69)
  at worker.org.gradle.process.internal.worker.GradleWorkerMain.main(GradleWorkerMain.java:74)
</stacktrace>
</test-failure>


TypeScriptCompilerTests_U[jvm] > unusedLocalsStartingWithUnderscore_ts has expected errors matching unusedLocalsStartingWithUnderscore_errors_txt[jvm] FAILED

<test-failure test="com.xemantic.typescript.compiler.TypeScriptCompilerTests_U.untypedModuleImport_withAugmentation2_ts has expected errors matching untypedModuleImport_withAugmentation2_errors_txt" platform="jvm">
<message>
Expected diagnostics from baseline typescript-repo/tests/baselines/reference/untypedModuleImport_withAugmentation2.errors.txt but none produced
</message>
<stacktrace>
  at com.xemantic.typescript.compiler.TypeScriptTestSupportKt.errorsMatchBaseline(TypeScriptTestSupport.kt:125)
  at com.xemantic.typescript.compiler.TypeScriptCompilerTests_U.untypedModuleImport_withAugmentation2_ts has expected errors matching untypedModuleImport_withAugmentation2_errors_txt(TypeScriptCompilerTests_U.kt:1176)
  at java.base/jdk.internal.reflect.DirectMethodHandleAccessor.invoke(DirectMethodHandleAccessor.java:104)
  at java.base/java.lang.reflect.Method.invoke(Method.java:565)
  at org.junit.runners.model.FrameworkMethod$1.runReflectiveCall(FrameworkMethod.java:59)
  at org.junit.internal.runners.model.ReflectiveCallable.run(ReflectiveCallable.java:12)
  at org.junit.runners.model.FrameworkMethod.invokeExplosively(FrameworkMethod.java:56)
  at org.junit.internal.runners.statements.InvokeMethod.evaluate(InvokeMethod.java:17)
  at org.junit.runners.ParentRunner$3.evaluate(ParentRunner.java:306)
  at org.junit.runners.BlockJUnit4ClassRunner$1.evaluate(BlockJUnit4ClassRunner.java:100)
  at org.junit.runners.ParentRunner.runLeaf(ParentRunner.java:366)
  at org.junit.runners.BlockJUnit4ClassRunner.runChild(BlockJUnit4ClassRunner.java:103)
  at org.junit.runners.BlockJUnit4ClassRunner.runChild(BlockJUnit4ClassRunner.java:63)
  at org.junit.runners.ParentRunner$4.run(ParentRunner.java:331)
  at org.junit.runners.ParentRunner$1.schedule(ParentRunner.java:79)
  at org.junit.runners.ParentRunner.runChildren(ParentRunner.java:329)
  at org.junit.runners.ParentRunner.access$100(ParentRunner.java:66)
  at org.junit.runners.ParentRunner$2.evaluate(ParentRunner.java:293)
  at org.junit.runners.ParentRunner$3.evaluate(ParentRunner.java:306)
  at org.junit.runners.ParentRunner.run(ParentRunner.java:413)
  at org.junit.runner.JUnitCore.run(JUnitCore.java:137)
  at org.junit.runner.JUnitCore.run(JUnitCore.java:115)
  at org.gradle.api.internal.tasks.testing.junit.JUnitTestExecutor.runRequest(JUnitTestExecutor.java:175)
  at org.gradle.api.internal.tasks.testing.junit.JUnitTestExecutor.accept(JUnitTestExecutor.java:84)
  at org.gradle.api.internal.tasks.testing.junit.JUnitTestExecutor.accept(JUnitTestExecutor.java:47)
  at org.gradle.api.internal.tasks.testing.junit.AbstractJUnitTestDefinitionProcessor.processTestDefinition(AbstractJUnitTestDefinitionProcessor.java:65)
  at org.gradle.api.internal.tasks.testing.SuiteTestDefinitionProcessor.processTestDefinition(SuiteTestDefinitionProcessor.java:54)
  at java.base/jdk.internal.reflect.DirectMethodHandleAccessor.invoke(DirectMethodHandleAccessor.java:104)
  at java.base/java.lang.reflect.Method.invoke(Method.java:565)
  at org.gradle.internal.dispatch.MethodInvocation.invokeOn(MethodInvocation.java:77)
  at org.gradle.internal.dispatch.ReflectionDispatch.dispatch(ReflectionDispatch.java:28)
  at org.gradle.internal.dispatch.ReflectionDispatch.dispatch(ReflectionDispatch.java:19)
  at org.gradle.internal.dispatch.ContextClassLoaderDispatch.dispatch(ContextClassLoaderDispatch.java:33)
  at org.gradle.internal.dispatch.ProxyDispatchAdapter$DispatchingInvocationHandler.invoke(ProxyDispatchAdapter.java:88)
  at jdk.proxy1/jdk.proxy1.$Proxy4.processTestDefinition(Unknown Source)
  at org.gradle.api.internal.tasks.testing.worker.TestWorker$2.run(TestWorker.java:178)
  at org.gradle.api.internal.tasks.testing.worker.TestWorker.executeAndMaintainThreadName(TestWorker.java:126)
  at org.gradle.api.internal.tasks.testing.worker.TestWorker.execute(TestWorker.java:103)
  at org.gradle.api.internal.tasks.testing.worker.TestWorker.execute(TestWorker.java:63)
  at org.gradle.process.internal.worker.child.ActionExecutionWorker.execute(ActionExecutionWorker.java:56)
  at org.gradle.process.internal.worker.child.SystemApplicationClassLoaderWorker.call(SystemApplicationClassLoaderWorker.java:122)
  at org.gradle.process.internal.worker.child.SystemApplicationClassLoaderWorker.call(SystemApplicationClassLoaderWorker.java:72)
  at worker.org.gradle.process.internal.worker.GradleWorkerMain.run(GradleWorkerMain.java:69)
  at worker.org.gradle.process.internal.worker.GradleWorkerMain.main(GradleWorkerMain.java:74)
</stacktrace>
</test-failure>


TypeScriptCompilerTests_U[jvm] > untypedModuleImport_withAugmentation2_ts has expected errors matching untypedModuleImport_withAugmentation2_errors_txt[jvm] FAILED

<test-failure test="com.xemantic.typescript.compiler.TypeScriptCompilerTests_U.uniqueSymbolJs2_ts has expected errors matching uniqueSymbolJs2_errors_txt" platform="jvm">
<message>
Expected diagnostics from baseline typescript-repo/tests/baselines/reference/uniqueSymbolJs2.errors.txt but none produced
</message>
<stacktrace>
  at com.xemantic.typescript.compiler.TypeScriptTestSupportKt.errorsMatchBaseline(TypeScriptTestSupport.kt:125)
  at com.xemantic.typescript.compiler.TypeScriptCompilerTests_U.uniqueSymbolJs2_ts has expected errors matching uniqueSymbolJs2_errors_txt(TypeScriptCompilerTests_U.kt:833)
  at java.base/jdk.internal.reflect.DirectMethodHandleAccessor.invoke(DirectMethodHandleAccessor.java:104)
  at java.base/java.lang.reflect.Method.invoke(Method.java:565)
  at org.junit.runners.model.FrameworkMethod$1.runReflectiveCall(FrameworkMethod.java:59)
  at org.junit.internal.runners.model.ReflectiveCallable.run(ReflectiveCallable.java:12)
  at org.junit.runners.model.FrameworkMethod.invokeExplosively(FrameworkMethod.java:56)
  at org.junit.internal.runners.statements.InvokeMethod.evaluate(InvokeMethod.java:17)
  at org.junit.runners.ParentRunner$3.evaluate(ParentRunner.java:306)
  at org.junit.runners.BlockJUnit4ClassRunner$1.evaluate(BlockJUnit4ClassRunner.java:100)
  at org.junit.runners.ParentRunner.runLeaf(ParentRunner.java:366)
  at org.junit.runners.BlockJUnit4ClassRunner.runChild(BlockJUnit4ClassRunner.java:103)
  at org.junit.runners.BlockJUnit4ClassRunner.runChild(BlockJUnit4ClassRunner.java:63)
  at org.junit.runners.ParentRunner$4.run(ParentRunner.java:331)
  at org.junit.runners.ParentRunner$1.schedule(ParentRunner.java:79)
  at org.junit.runners.ParentRunner.runChildren(ParentRunner.java:329)
  at org.junit.runners.ParentRunner.access$100(ParentRunner.java:66)
  at org.junit.runners.ParentRunner$2.evaluate(ParentRunner.java:293)
  at org.junit.runners.ParentRunner$3.evaluate(ParentRunner.java:306)
  at org.junit.runners.ParentRunner.run(ParentRunner.java:413)
  at org.junit.runner.JUnitCore.run(JUnitCore.java:137)
  at org.junit.runner.JUnitCore.run(JUnitCore.java:115)
  at org.gradle.api.internal.tasks.testing.junit.JUnitTestExecutor.runRequest(JUnitTestExecutor.java:175)
  at org.gradle.api.internal.tasks.testing.junit.JUnitTestExecutor.accept(JUnitTestExecutor.java:84)
  at org.gradle.api.internal.tasks.testing.junit.JUnitTestExecutor.accept(JUnitTestExecutor.java:47)
  at org.gradle.api.internal.tasks.testing.junit.AbstractJUnitTestDefinitionProcessor.processTestDefinition(AbstractJUnitTestDefinitionProcessor.java:65)
  at org.gradle.api.internal.tasks.testing.SuiteTestDefinitionProcessor.processTestDefinition(SuiteTestDefinitionProcessor.java:54)
  at java.base/jdk.internal.reflect.DirectMethodHandleAccessor.invoke(DirectMethodHandleAccessor.java:104)
  at java.base/java.lang.reflect.Method.invoke(Method.java:565)
  at org.gradle.internal.dispatch.MethodInvocation.invokeOn(MethodInvocation.java:77)
  at org.gradle.internal.dispatch.ReflectionDispatch.dispatch(ReflectionDispatch.java:28)
  at org.gradle.internal.dispatch.ReflectionDispatch.dispatch(ReflectionDispatch.java:19)
  at org.gradle.internal.dispatch.ContextClassLoaderDispatch.dispatch(ContextClassLoaderDispatch.java:33)
  at org.gradle.internal.dispatch.ProxyDispatchAdapter$DispatchingInvocationHandler.invoke(ProxyDispatchAdapter.java:88)
  at jdk.proxy1/jdk.proxy1.$Proxy4.processTestDefinition(Unknown Source)
  at org.gradle.api.internal.tasks.testing.worker.TestWorker$2.run(TestWorker.java:178)
  at org.gradle.api.internal.tasks.testing.worker.TestWorker.executeAndMaintainThreadName(TestWorker.java:126)
  at org.gradle.api.internal.tasks.testing.worker.TestWorker.execute(TestWorker.java:103)
  at org.gradle.api.internal.tasks.testing.worker.TestWorker.execute(TestWorker.java:63)
  at org.gradle.process.internal.worker.child.ActionExecutionWorker.execute(ActionExecutionWorker.java:56)
  at org.gradle.process.internal.worker.child.SystemApplicationClassLoaderWorker.call(SystemApplicationClassLoaderWorker.java:122)
  at org.gradle.process.internal.worker.child.SystemApplicationClassLoaderWorker.call(SystemApplicationClassLoaderWorker.java:72)
  at worker.org.gradle.process.internal.worker.GradleWorkerMain.run(GradleWorkerMain.java:69)
  at worker.org.gradle.process.internal.worker.GradleWorkerMain.main(GradleWorkerMain.java:74)
</stacktrace>
</test-failure>


TypeScriptCompilerTests_U[jvm] > uniqueSymbolJs2_ts has expected errors matching uniqueSymbolJs2_errors_txt[jvm] FAILED

<test-failure test="com.xemantic.typescript.compiler.TypeScriptCompilerTests_U.unusedLocalsAndParameters_ts has expected errors matching unusedLocalsAndParameters_errors_txt" platform="jvm">
<message>
--- expected
+++ actual
@@ -14,18 +14,14 @@
 unusedLocalsAndParameters.ts(52,10): error TS6133: 'i' is declared but its value is never read.
 unusedLocalsAndParameters.ts(56,17): error TS6133: 'n' is declared but its value is never read.
 unusedLocalsAndParameters.ts(63,11): error TS6133: 'c' is declared but its value is never read.
-unusedLocalsAndParameters.ts(68,11): error TS6133: 'a' is declared but its value is never read.
-unusedLocalsAndParameters.ts(71,11): error TS6133: 'c' is declared but its value is never read.
-unusedLocalsAndParameters.ts(74,11): error TS6133: 'c' is declared but its value is never read.
 unusedLocalsAndParameters.ts(79,11): error TS6133: 'N' is declared but its value is never read.
 unusedLocalsAndParameters.ts(80,9): error TS6133: 'x' is declared but its value is never read.
 unusedLocalsAndParameters.ts(83,13): error TS2304: Cannot find name 'y'.
-unusedLocalsAndParameters.ts(83,14): error TS1005: ',' expected.
-unusedLocalsAndParameters.ts(84,6): error TS1005: ',' expected.
-unusedLocalsAndParameters.ts(85,1): error TS1109: Expression expected.
+unusedLocalsAndParameters.ts(83,14): error TS1005: ';' expected.
+unusedLocalsAndParameters.ts(84,5): error TS2304: Cannot find name 'z'.
 
 
-==== unusedLocalsAndParameters.ts (25 errors) ====
+==== unusedLocalsAndParameters.ts (21 errors) ====
     export { };
     
     // function declaration paramter
@@ -126,18 +122,12 @@
     // in try/catch/finally
     try {
         const a = 0;
-              ~
-!!! error TS6133: 'a' is declared but its value is never read.
     }
     catch (e) {
         const c = 1;
-              ~
-!!! error TS6133: 'c' is declared but its value is never read.
     }
     finally {
         const c = 0;
-              ~
-!!! error TS6133: 'c' is declared but its value is never read.
     }
     
     
@@ -154,10 +144,8 @@
                 ~
 !!! error TS2304: Cannot find name 'y'.
                  ~
-!!! error TS1005: ',' expected.
+!!! error TS1005: ';' expected.
         z(x);
-         ~
-!!! error TS1005: ',' expected.
+        ~
+!!! error TS2304: Cannot find name 'z'.
     }
-    ~
-!!! error TS1109: Expression expected.

</message>
<stacktrace>
  at org.junit.Assert.fail(Assert.java:89)
  at kotlin.test.junit.JUnitAsserter.fail(JUnitSupport.kt:56)
  at kotlin.test.AssertionsKt__AssertionsKt.fail(Assertions.kt:563)
  at kotlin.test.AssertionsKt.fail(Unknown Source)
  at com.xemantic.kotlin.test.SameAsKt.sameAs(SameAs.kt:52)
  at com.xemantic.typescript.compiler.TypeScriptTestSupportKt.errorsMatchBaseline(TypeScriptTestSupport.kt:135)
  at com.xemantic.typescript.compiler.TypeScriptCompilerTests_U.unusedLocalsAndParameters_ts has expected errors matching unusedLocalsAndParameters_errors_txt(TypeScriptCompilerTests_U.kt:1743)
  at java.base/jdk.internal.reflect.DirectMethodHandleAccessor.invoke(DirectMethodHandleAccessor.java:104)
  at java.base/java.lang.reflect.Method.invoke(Method.java:565)
  at org.junit.runners.model.FrameworkMethod$1.runReflectiveCall(FrameworkMethod.java:59)
  at org.junit.internal.runners.model.ReflectiveCallable.run(ReflectiveCallable.java:12)
  at org.junit.runners.model.FrameworkMethod.invokeExplosively(FrameworkMethod.java:56)
  at org.junit.internal.runners.statements.InvokeMethod.evaluate(InvokeMethod.java:17)
  at org.junit.runners.ParentRunner$3.evaluate(ParentRunner.java:306)
  at org.junit.runners.BlockJUnit4ClassRunner$1.evaluate(BlockJUnit4ClassRunner.java:100)
  at org.junit.runners.ParentRunner.runLeaf(ParentRunner.java:366)
  at org.junit.runners.BlockJUnit4ClassRunner.runChild(BlockJUnit4ClassRunner.java:103)
  at org.junit.runners.BlockJUnit4ClassRunner.runChild(BlockJUnit4ClassRunner.java:63)
  at org.junit.runners.ParentRunner$4.run(ParentRunner.java:331)
  at org.junit.runners.ParentRunner$1.schedule(ParentRunner.java:79)
  at org.junit.runners.ParentRunner.runChildren(ParentRunner.java:329)
  at org.junit.runners.ParentRunner.access$100(ParentRunner.java:66)
  at org.junit.runners.ParentRunner$2.evaluate(ParentRunner.java:293)
  at org.junit.runners.ParentRunner$3.evaluate(ParentRunner.java:306)
  at org.junit.runners.ParentRunner.run(ParentRunner.java:413)
  at org.junit.runner.JUnitCore.run(JUnitCore.java:137)
  at org.junit.runner.JUnitCore.run(JUnitCore.java:115)
  at org.gradle.api.internal.tasks.testing.junit.JUnitTestExecutor.runRequest(JUnitTestExecutor.java:175)
  at org.gradle.api.internal.tasks.testing.junit.JUnitTestExecutor.accept(JUnitTestExecutor.java:84)
  at org.gradle.api.internal.tasks.testing.junit.JUnitTestExecutor.accept(JUnitTestExecutor.java:47)
  at org.gradle.api.internal.tasks.testing.junit.AbstractJUnitTestDefinitionProcessor.processTestDefinition(AbstractJUnitTestDefinitionProcessor.java:65)
  at org.gradle.api.internal.tasks.testing.SuiteTestDefinitionProcessor.processTestDefinition(SuiteTestDefinitionProcessor.java:54)
  at java.base/jdk.internal.reflect.DirectMethodHandleAccessor.invoke(DirectMethodHandleAccessor.java:104)
  at java.base/java.lang.reflect.Method.invoke(Method.java:565)
  at org.gradle.internal.dispatch.MethodInvocation.invokeOn(MethodInvocation.java:77)
  at org.gradle.internal.dispatch.ReflectionDispatch.dispatch(ReflectionDispatch.java:28)
  at org.gradle.internal.dispatch.ReflectionDispatch.dispatch(ReflectionDispatch.java:19)
  at org.gradle.internal.dispatch.ContextClassLoaderDispatch.dispatch(ContextClassLoaderDispatch.java:33)
  at org.gradle.internal.dispatch.ProxyDispatchAdapter$DispatchingInvocationHandler.invoke(ProxyDispatchAdapter.java:88)
  at jdk.proxy1/jdk.proxy1.$Proxy4.processTestDefinition(Unknown Source)
  at org.gradle.api.internal.tasks.testing.worker.TestWorker$2.run(TestWorker.java:178)
  at org.gradle.api.internal.tasks.testing.worker.TestWorker.executeAndMaintainThreadName(TestWorker.java:126)
  at org.gradle.api.internal.tasks.testing.worker.TestWorker.execute(TestWorker.java:103)
  at org.gradle.api.internal.tasks.testing.worker.TestWorker.execute(TestWorker.java:63)
  at org.gradle.process.internal.worker.child.ActionExecutionWorker.execute(ActionExecutionWorker.java:56)
  at org.gradle.process.internal.worker.child.SystemApplicationClassLoaderWorker.call(SystemApplicationClassLoaderWorker.java:122)
  at org.gradle.process.internal.worker.child.SystemApplicationClassLoaderWorker.call(SystemApplicationClassLoaderWorker.java:72)
  at worker.org.gradle.process.internal.worker.GradleWorkerMain.run(GradleWorkerMain.java:69)
  at worker.org.gradle.process.internal.worker.GradleWorkerMain.main(GradleWorkerMain.java:74)
</stacktrace>
</test-failure>


TypeScriptCompilerTests_U[jvm] > unusedLocalsAndParameters_ts has expected errors matching unusedLocalsAndParameters_errors_txt[jvm] FAILED

<test-failure test="com.xemantic.typescript.compiler.TypeScriptCompilerTests_U.unicodeEscapesInNames02_ts__target_es2015__compiles to JavaScript matching baseline" platform="jvm">
<message>
--- expected
+++ actual
@@ -39,13 +39,13 @@
 }
 class Foo {
     constructor() {
-        this.\u{102A7} = " world";
+        this.u{102A7} = " world";
     }
     methodA() {
         return this.𐊧;
     }
 }
-export var _𐊧 = new Foo().\u{102A7} + new Foo().methodA();
+export var _𐊧 = new Foo().u{102A7} + new Foo().methodA();
 _\u{102A7} += "!";
 //# sourceMappingURL=extendedEscapesForAstralsInVarsAndClasses.js.map
 //// [astralAsSurrogatePair.js]

</message>
<stacktrace>
  at org.junit.Assert.fail(Assert.java:89)
  at kotlin.test.junit.JUnitAsserter.fail(JUnitSupport.kt:56)
  at kotlin.test.AssertionsKt__AssertionsKt.fail(Assertions.kt:563)
  at kotlin.test.AssertionsKt.fail(Unknown Source)
  at com.xemantic.kotlin.test.SameAsKt.sameAs(SameAs.kt:52)
  at com.xemantic.typescript.compiler.TypeScriptTestSupportKt.sameAs(TypeScriptTestSupport.kt:99)
  at com.xemantic.typescript.compiler.TypeScriptCompilerTests_U.unicodeEscapesInNames02_ts__target_es2015__compiles to JavaScript matching baseline(TypeScriptCompilerTests_U.kt:525)
  at java.base/jdk.internal.reflect.DirectMethodHandleAccessor.invoke(DirectMethodHandleAccessor.java:104)
  at java.base/java.lang.reflect.Method.invoke(Method.java:565)
  at org.junit.runners.model.FrameworkMethod$1.runReflectiveCall(FrameworkMethod.java:59)
  at org.junit.internal.runners.model.ReflectiveCallable.run(ReflectiveCallable.java:12)
  at org.junit.runners.model.FrameworkMethod.invokeExplosively(FrameworkMethod.java:56)
  at org.junit.internal.runners.statements.InvokeMethod.evaluate(InvokeMethod.java:17)
  at org.junit.runners.ParentRunner$3.evaluate(ParentRunner.java:306)
  at org.junit.runners.BlockJUnit4ClassRunner$1.evaluate(BlockJUnit4ClassRunner.java:100)
  at org.junit.runners.ParentRunner.runLeaf(ParentRunner.java:366)
  at org.junit.runners.BlockJUnit4ClassRunner.runChild(BlockJUnit4ClassRunner.java:103)
  at org.junit.runners.BlockJUnit4ClassRunner.runChild(BlockJUnit4ClassRunner.java:63)
  at org.junit.runners.ParentRunner$4.run(ParentRunner.java:331)
  at org.junit.runners.ParentRunner$1.schedule(ParentRunner.java:79)
  at org.junit.runners.ParentRunner.runChildren(ParentRunner.java:329)
  at org.junit.runners.ParentRunner.access$100(ParentRunner.java:66)
  at org.junit.runners.ParentRunner$2.evaluate(ParentRunner.java:293)
  at org.junit.runners.ParentRunner$3.evaluate(ParentRunner.java:306)
  at org.junit.runners.ParentRunner.run(ParentRunner.java:413)
  at org.junit.runner.JUnitCore.run(JUnitCore.java:137)
  at org.junit.runner.JUnitCore.run(JUnitCore.java:115)
  at org.gradle.api.internal.tasks.testing.junit.JUnitTestExecutor.runRequest(JUnitTestExecutor.java:175)
  at org.gradle.api.internal.tasks.testing.junit.JUnitTestExecutor.accept(JUnitTestExecutor.java:84)
  at org.gradle.api.internal.tasks.testing.junit.JUnitTestExecutor.accept(JUnitTestExecutor.java:47)
  at org.gradle.api.internal.tasks.testing.junit.AbstractJUnitTestDefinitionProcessor.processTestDefinition(AbstractJUnitTestDefinitionProcessor.java:65)
  at org.gradle.api.internal.tasks.testing.SuiteTestDefinitionProcessor.processTestDefinition(SuiteTestDefinitionProcessor.java:54)
  at java.base/jdk.internal.reflect.DirectMethodHandleAccessor.invoke(DirectMethodHandleAccessor.java:104)
  at java.base/java.lang.reflect.Method.invoke(Method.java:565)
  at org.gradle.internal.dispatch.MethodInvocation.invokeOn(MethodInvocation.java:77)
  at org.gradle.internal.dispatch.ReflectionDispatch.dispatch(ReflectionDispatch.java:28)
  at org.gradle.internal.dispatch.ReflectionDispatch.dispatch(ReflectionDispatch.java:19)
  at org.gradle.internal.dispatch.ContextClassLoaderDispatch.dispatch(ContextClassLoaderDispatch.java:33)
  at org.gradle.internal.dispatch.ProxyDispatchAdapter$DispatchingInvocationHandler.invoke(ProxyDispatchAdapter.java:88)
  at jdk.proxy1/jdk.proxy1.$Proxy4.processTestDefinition(Unknown Source)
  at org.gradle.api.internal.tasks.testing.worker.TestWorker$2.run(TestWorker.java:178)
  at org.gradle.api.internal.tasks.testing.worker.TestWorker.executeAndMaintainThreadName(TestWorker.java:126)
  at org.gradle.api.internal.tasks.testing.worker.TestWorker.execute(TestWorker.java:103)
  at org.gradle.api.internal.tasks.testing.worker.TestWorker.execute(TestWorker.java:63)
  at org.gradle.process.internal.worker.child.ActionExecutionWorker.execute(ActionExecutionWorker.java:56)
  at org.gradle.process.internal.worker.child.SystemApplicationClassLoaderWorker.call(SystemApplicationClassLoaderWorker.java:122)
  at org.gradle.process.internal.worker.child.SystemApplicationClassLoaderWorker.call(SystemApplicationClassLoaderWorker.java:72)
  at worker.org.gradle.process.internal.worker.GradleWorkerMain.run(GradleWorkerMain.java:69)
  at worker.org.gradle.process.internal.worker.GradleWorkerMain.main(GradleWorkerMain.java:74)
</stacktrace>
</test-failure>


TypeScriptCompilerTests_U[jvm] > unicodeEscapesInNames02_ts__target_es2015__compiles to JavaScript matching baseline[jvm] FAILED

<test-failure test="com.xemantic.typescript.compiler.TypeScriptCompilerTests_U.unreachableSwitchTypeofAny_ts has expected errors matching unreachableSwitchTypeofAny_errors_txt" platform="jvm">
<message>
--- expected
+++ actual
@@ -1,8 +1,10 @@
-unreachable.ts(12,5): error TS7027: Unreachable code detected.
+unreachable.ts(1,31): error TS2366: Function lacks ending return statement and return type does not include 'undefined'.
 
 
 ==== unreachable.ts (1 errors) ====
     const unreachable = (x: any): number => {
+                                  ~~~~~~~~~
+!!! error TS2366: Function lacks ending return statement and return type does not include 'undefined'.
         switch (typeof x) {
             case 'string': return 0
             case 'number': return 0
@@ -14,6 +16,4 @@
             case 'function': return 0
         }
         x;
-        ~~
-!!! error TS7027: Unreachable code detected.
     }

</message>
<stacktrace>
  at org.junit.Assert.fail(Assert.java:89)
  at kotlin.test.junit.JUnitAsserter.fail(JUnitSupport.kt:56)
  at kotlin.test.AssertionsKt__AssertionsKt.fail(Assertions.kt:563)
  at kotlin.test.AssertionsKt.fail(Unknown Source)
  at com.xemantic.kotlin.test.SameAsKt.sameAs(SameAs.kt:52)
  at com.xemantic.typescript.compiler.TypeScriptTestSupportKt.errorsMatchBaseline(TypeScriptTestSupport.kt:135)
  at com.xemantic.typescript.compiler.TypeScriptCompilerTests_U.unreachableSwitchTypeofAny_ts has expected errors matching unreachableSwitchTypeofAny_errors_txt(TypeScriptCompilerTests_U.kt:1064)
  at java.base/jdk.internal.reflect.DirectMethodHandleAccessor.invoke(DirectMethodHandleAccessor.java:104)
  at java.base/java.lang.reflect.Method.invoke(Method.java:565)
  at org.junit.runners.model.FrameworkMethod$1.runReflectiveCall(FrameworkMethod.java:59)
  at org.junit.internal.runners.model.ReflectiveCallable.run(ReflectiveCallable.java:12)
  at org.junit.runners.model.FrameworkMethod.invokeExplosively(FrameworkMethod.java:56)
  at org.junit.internal.runners.statements.InvokeMethod.evaluate(InvokeMethod.java:17)
  at org.junit.runners.ParentRunner$3.evaluate(ParentRunner.java:306)
  at org.junit.runners.BlockJUnit4ClassRunner$1.evaluate(BlockJUnit4ClassRunner.java:100)
  at org.junit.runners.ParentRunner.runLeaf(ParentRunner.java:366)
  at org.junit.runners.BlockJUnit4ClassRunner.runChild(BlockJUnit4ClassRunner.java:103)
  at org.junit.runners.BlockJUnit4ClassRunner.runChild(BlockJUnit4ClassRunner.java:63)
  at org.junit.runners.ParentRunner$4.run(ParentRunner.java:331)
  at org.junit.runners.ParentRunner$1.schedule(ParentRunner.java:79)
  at org.junit.runners.ParentRunner.runChildren(ParentRunner.java:329)
  at org.junit.runners.ParentRunner.access$100(ParentRunner.java:66)
  at org.junit.runners.ParentRunner$2.evaluate(ParentRunner.java:293)
  at org.junit.runners.ParentRunner$3.evaluate(ParentRunner.java:306)
  at org.junit.runners.ParentRunner.run(ParentRunner.java:413)
  at org.junit.runner.JUnitCore.run(JUnitCore.java:137)
  at org.junit.runner.JUnitCore.run(JUnitCore.java:115)
  at org.gradle.api.internal.tasks.testing.junit.JUnitTestExecutor.runRequest(JUnitTestExecutor.java:175)
  at org.gradle.api.internal.tasks.testing.junit.JUnitTestExecutor.accept(JUnitTestExecutor.java:84)
  at org.gradle.api.internal.tasks.testing.junit.JUnitTestExecutor.accept(JUnitTestExecutor.java:47)
  at org.gradle.api.internal.tasks.testing.junit.AbstractJUnitTestDefinitionProcessor.processTestDefinition(AbstractJUnitTestDefinitionProcessor.java:65)
  at org.gradle.api.internal.tasks.testing.SuiteTestDefinitionProcessor.processTestDefinition(SuiteTestDefinitionProcessor.java:54)
  at java.base/jdk.internal.reflect.DirectMethodHandleAccessor.invoke(DirectMethodHandleAccessor.java:104)
  at java.base/java.lang.reflect.Method.invoke(Method.java:565)
  at org.gradle.internal.dispatch.MethodInvocation.invokeOn(MethodInvocation.java:77)
  at org.gradle.internal.dispatch.ReflectionDispatch.dispatch(ReflectionDispatch.java:28)
  at org.gradle.internal.dispatch.ReflectionDispatch.dispatch(ReflectionDispatch.java:19)
  at org.gradle.internal.dispatch.ContextClassLoaderDispatch.dispatch(ContextClassLoaderDispatch.java:33)
  at org.gradle.internal.dispatch.ProxyDispatchAdapter$DispatchingInvocationHandler.invoke(ProxyDispatchAdapter.java:88)
  at jdk.proxy1/jdk.proxy1.$Proxy4.processTestDefinition(Unknown Source)
  at org.gradle.api.internal.tasks.testing.worker.TestWorker$2.run(TestWorker.java:178)
  at org.gradle.api.internal.tasks.testing.worker.TestWorker.executeAndMaintainThreadName(TestWorker.java:126)
  at org.gradle.api.internal.tasks.testing.worker.TestWorker.execute(TestWorker.java:103)
  at org.gradle.api.internal.tasks.testing.worker.TestWorker.execute(TestWorker.java:63)
  at org.gradle.process.internal.worker.child.ActionExecutionWorker.execute(ActionExecutionWorker.java:56)
  at org.gradle.process.internal.worker.child.SystemApplicationClassLoaderWorker.call(SystemApplicationClassLoaderWorker.java:122)
  at org.gradle.process.internal.worker.child.SystemApplicationClassLoaderWorker.call(SystemApplicationClassLoaderWorker.java:72)
  at worker.org.gradle.process.internal.worker.GradleWorkerMain.run(GradleWorkerMain.java:69)
  at worker.org.gradle.process.internal.worker.GradleWorkerMain.main(GradleWorkerMain.java:74)
</stacktrace>
</test-failure>


TypeScriptCompilerTests_U[jvm] > unreachableSwitchTypeofAny_ts has expected errors matching unreachableSwitchTypeofAny_errors_txt[jvm] FAILED

<test-failure test="com.xemantic.typescript.compiler.TypeScriptCompilerTests_U.useBeforeDeclaration_superClass_ts has expected errors matching useBeforeDeclaration_superClass_errors_txt" platform="jvm">
<message>
Expected diagnostics from baseline typescript-repo/tests/baselines/reference/useBeforeDeclaration_superClass.errors.txt but none produced
</message>
<stacktrace>
  at com.xemantic.typescript.compiler.TypeScriptTestSupportKt.errorsMatchBaseline(TypeScriptTestSupport.kt:125)
  at com.xemantic.typescript.compiler.TypeScriptCompilerTests_U.useBeforeDeclaration_superClass_ts has expected errors matching useBeforeDeclaration_superClass_errors_txt(TypeScriptCompilerTests_U.kt:3199)
  at java.base/jdk.internal.reflect.DirectMethodHandleAccessor.invoke(DirectMethodHandleAccessor.java:104)
  at java.base/java.lang.reflect.Method.invoke(Method.java:565)
  at org.junit.runners.model.FrameworkMethod$1.runReflectiveCall(FrameworkMethod.java:59)
  at org.junit.internal.runners.model.ReflectiveCallable.run(ReflectiveCallable.java:12)
  at org.junit.runners.model.FrameworkMethod.invokeExplosively(FrameworkMethod.java:56)
  at org.junit.internal.runners.statements.InvokeMethod.evaluate(InvokeMethod.java:17)
  at org.junit.runners.ParentRunner$3.evaluate(ParentRunner.java:306)
  at org.junit.runners.BlockJUnit4ClassRunner$1.evaluate(BlockJUnit4ClassRunner.java:100)
  at org.junit.runners.ParentRunner.runLeaf(ParentRunner.java:366)
  at org.junit.runners.BlockJUnit4ClassRunner.runChild(BlockJUnit4ClassRunner.java:103)
  at org.junit.runners.BlockJUnit4ClassRunner.runChild(BlockJUnit4ClassRunner.java:63)
  at org.junit.runners.ParentRunner$4.run(ParentRunner.java:331)
  at org.junit.runners.ParentRunner$1.schedule(ParentRunner.java:79)
  at org.junit.runners.ParentRunner.runChildren(ParentRunner.java:329)
  at org.junit.runners.ParentRunner.access$100(ParentRunner.java:66)
  at org.junit.runners.ParentRunner$2.evaluate(ParentRunner.java:293)
  at org.junit.runners.ParentRunner$3.evaluate(ParentRunner.java:306)
  at org.junit.runners.ParentRunner.run(ParentRunner.java:413)
  at org.junit.runner.JUnitCore.run(JUnitCore.java:137)
  at org.junit.runner.JUnitCore.run(JUnitCore.java:115)
  at org.gradle.api.internal.tasks.testing.junit.JUnitTestExecutor.runRequest(JUnitTestExecutor.java:175)
  at org.gradle.api.internal.tasks.testing.junit.JUnitTestExecutor.accept(JUnitTestExecutor.java:84)
  at org.gradle.api.internal.tasks.testing.junit.JUnitTestExecutor.accept(JUnitTestExecutor.java:47)
  at org.gradle.api.internal.tasks.testing.junit.AbstractJUnitTestDefinitionProcessor.processTestDefinition(AbstractJUnitTestDefinitionProcessor.java:65)
  at org.gradle.api.internal.tasks.testing.SuiteTestDefinitionProcessor.processTestDefinition(SuiteTestDefinitionProcessor.java:54)
  at java.base/jdk.internal.reflect.DirectMethodHandleAccessor.invoke(DirectMethodHandleAccessor.java:104)
  at java.base/java.lang.reflect.Method.invoke(Method.java:565)
  at org.gradle.internal.dispatch.MethodInvocation.invokeOn(MethodInvocation.java:77)
  at org.gradle.internal.dispatch.ReflectionDispatch.dispatch(ReflectionDispatch.java:28)
  at org.gradle.internal.dispatch.ReflectionDispatch.dispatch(ReflectionDispatch.java:19)
  at org.gradle.internal.dispatch.ContextClassLoaderDispatch.dispatch(ContextClassLoaderDispatch.java:33)
  at org.gradle.internal.dispatch.ProxyDispatchAdapter$DispatchingInvocationHandler.invoke(ProxyDispatchAdapter.java:88)
  at jdk.proxy1/jdk.proxy1.$Proxy4.processTestDefinition(Unknown Source)
  at org.gradle.api.internal.tasks.testing.worker.TestWorker$2.run(TestWorker.java:178)
  at org.gradle.api.internal.tasks.testing.worker.TestWorker.executeAndMaintainThreadName(TestWorker.java:126)
  at org.gradle.api.internal.tasks.testing.worker.TestWorker.execute(TestWorker.java:103)
  at org.gradle.api.internal.tasks.testing.worker.TestWorker.execute(TestWorker.java:63)
  at org.gradle.process.internal.worker.child.ActionExecutionWorker.execute(ActionExecutionWorker.java:56)
  at org.gradle.process.internal.worker.child.SystemApplicationClassLoaderWorker.call(SystemApplicationClassLoaderWorker.java:122)
  at org.gradle.process.internal.worker.child.SystemApplicationClassLoaderWorker.call(SystemApplicationClassLoaderWorker.java:72)
  at worker.org.gradle.process.internal.worker.GradleWorkerMain.run(GradleWorkerMain.java:69)
  at worker.org.gradle.process.internal.worker.GradleWorkerMain.main(GradleWorkerMain.java:74)
</stacktrace>
</test-failure>


TypeScriptCompilerTests_U[jvm] > useBeforeDeclaration_superClass_ts has expected errors matching useBeforeDeclaration_superClass_errors_txt[jvm] FAILED

<test-failure test="com.xemantic.typescript.compiler.TypeScriptCompilerTests_U.unusedParameterProperty2_ts has expected errors matching unusedParameterProperty2_errors_txt" platform="jvm">
<message>
--- expected
+++ actual
@@ -1,12 +1,9 @@
-unusedParameterProperty2.ts(2,25): error TS6138: Property 'used' is declared but its value is never read.
 unusedParameterProperty2.ts(3,13): error TS6133: 'foge' is declared but its value is never read.
 
 
-==== unusedParameterProperty2.ts (2 errors) ====
+==== unusedParameterProperty2.ts (1 errors) ====
     class A {
         constructor(private used) {
-                            ~~~~
-!!! error TS6138: Property 'used' is declared but its value is never read.
             let foge = used;
                 ~~~~
 !!! error TS6133: 'foge' is declared but its value is never read.

</message>
<stacktrace>
  at org.junit.Assert.fail(Assert.java:89)
  at kotlin.test.junit.JUnitAsserter.fail(JUnitSupport.kt:56)
  at kotlin.test.AssertionsKt__AssertionsKt.fail(Assertions.kt:563)
  at kotlin.test.AssertionsKt.fail(Unknown Source)
  at com.xemantic.kotlin.test.SameAsKt.sameAs(SameAs.kt:52)
  at com.xemantic.typescript.compiler.TypeScriptTestSupportKt.errorsMatchBaseline(TypeScriptTestSupport.kt:135)
  at com.xemantic.typescript.compiler.TypeScriptCompilerTests_U.unusedParameterProperty2_ts has expected errors matching unusedParameterProperty2_errors_txt(TypeScriptCompilerTests_U.kt:2191)
  at java.base/jdk.internal.reflect.DirectMethodHandleAccessor.invoke(DirectMethodHandleAccessor.java:104)
  at java.base/java.lang.reflect.Method.invoke(Method.java:565)
  at org.junit.runners.model.FrameworkMethod$1.runReflectiveCall(FrameworkMethod.java:59)
  at org.junit.internal.runners.model.ReflectiveCallable.run(ReflectiveCallable.java:12)
  at org.junit.runners.model.FrameworkMethod.invokeExplosively(FrameworkMethod.java:56)
  at org.junit.internal.runners.statements.InvokeMethod.evaluate(InvokeMethod.java:17)
  at org.junit.runners.ParentRunner$3.evaluate(ParentRunner.java:306)
  at org.junit.runners.BlockJUnit4ClassRunner$1.evaluate(BlockJUnit4ClassRunner.java:100)
  at org.junit.runners.ParentRunner.runLeaf(ParentRunner.java:366)
  at org.junit.runners.BlockJUnit4ClassRunner.runChild(BlockJUnit4ClassRunner.java:103)
  at org.junit.runners.BlockJUnit4ClassRunner.runChild(BlockJUnit4ClassRunner.java:63)
  at org.junit.runners.ParentRunner$4.run(ParentRunner.java:331)
  at org.junit.runners.ParentRunner$1.schedule(ParentRunner.java:79)
  at org.junit.runners.ParentRunner.runChildren(ParentRunner.java:329)
  at org.junit.runners.ParentRunner.access$100(ParentRunner.java:66)
  at org.junit.runners.ParentRunner$2.evaluate(ParentRunner.java:293)
  at org.junit.runners.ParentRunner$3.evaluate(ParentRunner.java:306)
  at org.junit.runners.ParentRunner.run(ParentRunner.java:413)
  at org.junit.runner.JUnitCore.run(JUnitCore.java:137)
  at org.junit.runner.JUnitCore.run(JUnitCore.java:115)
  at org.gradle.api.internal.tasks.testing.junit.JUnitTestExecutor.runRequest(JUnitTestExecutor.java:175)
  at org.gradle.api.internal.tasks.testing.junit.JUnitTestExecutor.accept(JUnitTestExecutor.java:84)
  at org.gradle.api.internal.tasks.testing.junit.JUnitTestExecutor.accept(JUnitTestExecutor.java:47)
  at org.gradle.api.internal.tasks.testing.junit.AbstractJUnitTestDefinitionProcessor.processTestDefinition(AbstractJUnitTestDefinitionProcessor.java:65)
  at org.gradle.api.internal.tasks.testing.SuiteTestDefinitionProcessor.processTestDefinition(SuiteTestDefinitionProcessor.java:54)
  at java.base/jdk.internal.reflect.DirectMethodHandleAccessor.invoke(DirectMethodHandleAccessor.java:104)
  at java.base/java.lang.reflect.Method.invoke(Method.java:565)
  at org.gradle.internal.dispatch.MethodInvocation.invokeOn(MethodInvocation.java:77)
  at org.gradle.internal.dispatch.ReflectionDispatch.dispatch(ReflectionDispatch.java:28)
  at org.gradle.internal.dispatch.ReflectionDispatch.dispatch(ReflectionDispatch.java:19)
  at org.gradle.internal.dispatch.ContextClassLoaderDispatch.dispatch(ContextClassLoaderDispatch.java:33)
  at org.gradle.internal.dispatch.ProxyDispatchAdapter$DispatchingInvocationHandler.invoke(ProxyDispatchAdapter.java:88)
  at jdk.proxy1/jdk.proxy1.$Proxy4.processTestDefinition(Unknown Source)
  at org.gradle.api.internal.tasks.testing.worker.TestWorker$2.run(TestWorker.java:178)
  at org.gradle.api.internal.tasks.testing.worker.TestWorker.executeAndMaintainThreadName(TestWorker.java:126)
  at org.gradle.api.internal.tasks.testing.worker.TestWorker.execute(TestWorker.java:103)
  at org.gradle.api.internal.tasks.testing.worker.TestWorker.execute(TestWorker.java:63)
  at org.gradle.process.internal.worker.child.ActionExecutionWorker.execute(ActionExecutionWorker.java:56)
  at org.gradle.process.internal.worker.child.SystemApplicationClassLoaderWorker.call(SystemApplicationClassLoaderWorker.java:122)
  at org.gradle.process.internal.worker.child.SystemApplicationClassLoaderWorker.call(SystemApplicationClassLoaderWorker.java:72)
  at worker.org.gradle.process.internal.worker.GradleWorkerMain.run(GradleWorkerMain.java:69)
  at worker.org.gradle.process.internal.worker.GradleWorkerMain.main(GradleWorkerMain.java:74)
</stacktrace>
</test-failure>


TypeScriptCompilerTests_U[jvm] > unusedParameterProperty2_ts has expected errors matching unusedParameterProperty2_errors_txt[jvm] FAILED

<test-failure test="com.xemantic.typescript.compiler.TypeScriptCompilerTests_U.unusedParameterProperty1_ts has expected errors matching unusedParameterProperty1_errors_txt" platform="jvm">
<message>
--- expected
+++ actual
@@ -1,12 +1,9 @@
-unusedParameterProperty1.ts(2,25): error TS6138: Property 'used' is declared but its value is never read.
 unusedParameterProperty1.ts(3,13): error TS6133: 'foge' is declared but its value is never read.
 
 
-==== unusedParameterProperty1.ts (2 errors) ====
+==== unusedParameterProperty1.ts (1 errors) ====
     class A {
         constructor(private used: string) {
-                            ~~~~
-!!! error TS6138: Property 'used' is declared but its value is never read.
             let foge = used;
                 ~~~~
 !!! error TS6133: 'foge' is declared but its value is never read.

</message>
<stacktrace>
  at org.junit.Assert.fail(Assert.java:89)
  at kotlin.test.junit.JUnitAsserter.fail(JUnitSupport.kt:56)
  at kotlin.test.AssertionsKt__AssertionsKt.fail(Assertions.kt:563)
  at kotlin.test.AssertionsKt.fail(Unknown Source)
  at com.xemantic.kotlin.test.SameAsKt.sameAs(SameAs.kt:52)
  at com.xemantic.typescript.compiler.TypeScriptTestSupportKt.errorsMatchBaseline(TypeScriptTestSupport.kt:135)
  at com.xemantic.typescript.compiler.TypeScriptCompilerTests_U.unusedParameterProperty1_ts has expected errors matching unusedParameterProperty1_errors_txt(TypeScriptCompilerTests_U.kt:2177)
  at java.base/jdk.internal.reflect.DirectMethodHandleAccessor.invoke(DirectMethodHandleAccessor.java:104)
  at java.base/java.lang.reflect.Method.invoke(Method.java:565)
  at org.junit.runners.model.FrameworkMethod$1.runReflectiveCall(FrameworkMethod.java:59)
  at org.junit.internal.runners.model.ReflectiveCallable.run(ReflectiveCallable.java:12)
  at org.junit.runners.model.FrameworkMethod.invokeExplosively(FrameworkMethod.java:56)
  at org.junit.internal.runners.statements.InvokeMethod.evaluate(InvokeMethod.java:17)
  at org.junit.runners.ParentRunner$3.evaluate(ParentRunner.java:306)
  at org.junit.runners.BlockJUnit4ClassRunner$1.evaluate(BlockJUnit4ClassRunner.java:100)
  at org.junit.runners.ParentRunner.runLeaf(ParentRunner.java:366)
  at org.junit.runners.BlockJUnit4ClassRunner.runChild(BlockJUnit4ClassRunner.java:103)
  at org.junit.runners.BlockJUnit4ClassRunner.runChild(BlockJUnit4ClassRunner.java:63)
  at org.junit.runners.ParentRunner$4.run(ParentRunner.java:331)
  at org.junit.runners.ParentRunner$1.schedule(ParentRunner.java:79)
  at org.junit.runners.ParentRunner.runChildren(ParentRunner.java:329)
  at org.junit.runners.ParentRunner.access$100(ParentRunner.java:66)
  at org.junit.runners.ParentRunner$2.evaluate(ParentRunner.java:293)
  at org.junit.runners.ParentRunner$3.evaluate(ParentRunner.java:306)
  at org.junit.runners.ParentRunner.run(ParentRunner.java:413)
  at org.junit.runner.JUnitCore.run(JUnitCore.java:137)
  at org.junit.runner.JUnitCore.run(JUnitCore.java:115)
  at org.gradle.api.internal.tasks.testing.junit.JUnitTestExecutor.runRequest(JUnitTestExecutor.java:175)
  at org.gradle.api.internal.tasks.testing.junit.JUnitTestExecutor.accept(JUnitTestExecutor.java:84)
  at org.gradle.api.internal.tasks.testing.junit.JUnitTestExecutor.accept(JUnitTestExecutor.java:47)
  at org.gradle.api.internal.tasks.testing.junit.AbstractJUnitTestDefinitionProcessor.processTestDefinition(AbstractJUnitTestDefinitionProcessor.java:65)
  at org.gradle.api.internal.tasks.testing.SuiteTestDefinitionProcessor.processTestDefinition(SuiteTestDefinitionProcessor.java:54)
  at java.base/jdk.internal.reflect.DirectMethodHandleAccessor.invoke(DirectMethodHandleAccessor.java:104)
  at java.base/java.lang.reflect.Method.invoke(Method.java:565)
  at org.gradle.internal.dispatch.MethodInvocation.invokeOn(MethodInvocation.java:77)
  at org.gradle.internal.dispatch.ReflectionDispatch.dispatch(ReflectionDispatch.java:28)
  at org.gradle.internal.dispatch.ReflectionDispatch.dispatch(ReflectionDispatch.java:19)
  at org.gradle.internal.dispatch.ContextClassLoaderDispatch.dispatch(ContextClassLoaderDispatch.java:33)
  at org.gradle.internal.dispatch.ProxyDispatchAdapter$DispatchingInvocationHandler.invoke(ProxyDispatchAdapter.java:88)
  at jdk.proxy1/jdk.proxy1.$Proxy4.processTestDefinition(Unknown Source)
  at org.gradle.api.internal.tasks.testing.worker.TestWorker$2.run(TestWorker.java:178)
  at org.gradle.api.internal.tasks.testing.worker.TestWorker.executeAndMaintainThreadName(TestWorker.java:126)
  at org.gradle.api.internal.tasks.testing.worker.TestWorker.execute(TestWorker.java:103)
  at org.gradle.api.internal.tasks.testing.worker.TestWorker.execute(TestWorker.java:63)
  at org.gradle.process.internal.worker.child.ActionExecutionWorker.execute(ActionExecutionWorker.java:56)
  at org.gradle.process.internal.worker.child.SystemApplicationClassLoaderWorker.call(SystemApplicationClassLoaderWorker.java:122)
  at org.gradle.process.internal.worker.child.SystemApplicationClassLoaderWorker.call(SystemApplicationClassLoaderWorker.java:72)
  at worker.org.gradle.process.internal.worker.GradleWorkerMain.run(GradleWorkerMain.java:69)
  at worker.org.gradle.process.internal.worker.GradleWorkerMain.main(GradleWorkerMain.java:74)
</stacktrace>
</test-failure>


TypeScriptCompilerTests_U[jvm] > unusedParameterProperty1_ts has expected errors matching unusedParameterProperty1_errors_txt[jvm] FAILED

<test-failure test="com.xemantic.typescript.compiler.TypeScriptCompilerTests_U.useUnknownInCatchVariables01_ts has expected errors matching useUnknownInCatchVariables01_errors_txt" platform="jvm">
<message>
Expected diagnostics from baseline typescript-repo/tests/baselines/reference/useUnknownInCatchVariables01.errors.txt but none produced
</message>
<stacktrace>
  at com.xemantic.typescript.compiler.TypeScriptTestSupportKt.errorsMatchBaseline(TypeScriptTestSupport.kt:125)
  at com.xemantic.typescript.compiler.TypeScriptCompilerTests_U.useUnknownInCatchVariables01_ts has expected errors matching useUnknownInCatchVariables01_errors_txt(TypeScriptCompilerTests_U.kt:3241)
  at java.base/jdk.internal.reflect.DirectMethodHandleAccessor.invoke(DirectMethodHandleAccessor.java:104)
  at java.base/java.lang.reflect.Method.invoke(Method.java:565)
  at org.junit.runners.model.FrameworkMethod$1.runReflectiveCall(FrameworkMethod.java:59)
  at org.junit.internal.runners.model.ReflectiveCallable.run(ReflectiveCallable.java:12)
  at org.junit.runners.model.FrameworkMethod.invokeExplosively(FrameworkMethod.java:56)
  at org.junit.internal.runners.statements.InvokeMethod.evaluate(InvokeMethod.java:17)
  at org.junit.runners.ParentRunner$3.evaluate(ParentRunner.java:306)
  at org.junit.runners.BlockJUnit4ClassRunner$1.evaluate(BlockJUnit4ClassRunner.java:100)
  at org.junit.runners.ParentRunner.runLeaf(ParentRunner.java:366)
  at org.junit.runners.BlockJUnit4ClassRunner.runChild(BlockJUnit4ClassRunner.java:103)
  at org.junit.runners.BlockJUnit4ClassRunner.runChild(BlockJUnit4ClassRunner.java:63)
  at org.junit.runners.ParentRunner$4.run(ParentRunner.java:331)
  at org.junit.runners.ParentRunner$1.schedule(ParentRunner.java:79)
  at org.junit.runners.ParentRunner.runChildren(ParentRunner.java:329)
  at org.junit.runners.ParentRunner.access$100(ParentRunner.java:66)
  at org.junit.runners.ParentRunner$2.evaluate(ParentRunner.java:293)
  at org.junit.runners.ParentRunner$3.evaluate(ParentRunner.java:306)
  at org.junit.runners.ParentRunner.run(ParentRunner.java:413)
  at org.junit.runner.JUnitCore.run(JUnitCore.java:137)
  at org.junit.runner.JUnitCore.run(JUnitCore.java:115)
  at org.gradle.api.internal.tasks.testing.junit.JUnitTestExecutor.runRequest(JUnitTestExecutor.java:175)
  at org.gradle.api.internal.tasks.testing.junit.JUnitTestExecutor.accept(JUnitTestExecutor.java:84)
  at org.gradle.api.internal.tasks.testing.junit.JUnitTestExecutor.accept(JUnitTestExecutor.java:47)
  at org.gradle.api.internal.tasks.testing.junit.AbstractJUnitTestDefinitionProcessor.processTestDefinition(AbstractJUnitTestDefinitionProcessor.java:65)
  at org.gradle.api.internal.tasks.testing.SuiteTestDefinitionProcessor.processTestDefinition(SuiteTestDefinitionProcessor.java:54)
  at java.base/jdk.internal.reflect.DirectMethodHandleAccessor.invoke(DirectMethodHandleAccessor.java:104)
  at java.base/java.lang.reflect.Method.invoke(Method.java:565)
  at org.gradle.internal.dispatch.MethodInvocation.invokeOn(MethodInvocation.java:77)
  at org.gradle.internal.dispatch.ReflectionDispatch.dispatch(ReflectionDispatch.java:28)
  at org.gradle.internal.dispatch.ReflectionDispatch.dispatch(ReflectionDispatch.java:19)
  at org.gradle.internal.dispatch.ContextClassLoaderDispatch.dispatch(ContextClassLoaderDispatch.java:33)
  at org.gradle.internal.dispatch.ProxyDispatchAdapter$DispatchingInvocationHandler.invoke(ProxyDispatchAdapter.java:88)
  at jdk.proxy1/jdk.proxy1.$Proxy4.processTestDefinition(Unknown Source)
  at org.gradle.api.internal.tasks.testing.worker.TestWorker$2.run(TestWorker.java:178)
  at org.gradle.api.internal.tasks.testing.worker.TestWorker.executeAndMaintainThreadName(TestWorker.java:126)
  at org.gradle.api.internal.tasks.testing.worker.TestWorker.execute(TestWorker.java:103)
  at org.gradle.api.internal.tasks.testing.worker.TestWorker.execute(TestWorker.java:63)
  at org.gradle.process.internal.worker.child.ActionExecutionWorker.execute(ActionExecutionWorker.java:56)
  at org.gradle.process.internal.worker.child.SystemApplicationClassLoaderWorker.call(SystemApplicationClassLoaderWorker.java:122)
  at org.gradle.process.internal.worker.child.SystemApplicationClassLoaderWorker.call(SystemApplicationClassLoaderWorker.java:72)
  at worker.org.gradle.process.internal.worker.GradleWorkerMain.run(GradleWorkerMain.java:69)
  at worker.org.gradle.process.internal.worker.GradleWorkerMain.main(GradleWorkerMain.java:74)
</stacktrace>
</test-failure>


TypeScriptCompilerTests_U[jvm] > useUnknownInCatchVariables01_ts has expected errors matching useUnknownInCatchVariables01_errors_txt[jvm] FAILED

<test-failure test="com.xemantic.typescript.compiler.TypeScriptCompilerTests_U.unaryOperatorsInStrictMode_ts has expected errors matching unaryOperatorsInStrictMode_errors_txt" platform="jvm">
<message>
--- expected
+++ actual
@@ -1,61 +1,25 @@
-unaryOperatorsInStrictMode.ts(3,3): error TS1100: Invalid use of 'eval' in strict mode.
-unaryOperatorsInStrictMode.ts(3,3): error TS2630: Cannot assign to 'eval' because it is a function.
-unaryOperatorsInStrictMode.ts(4,3): error TS1100: Invalid use of 'eval' in strict mode.
-unaryOperatorsInStrictMode.ts(4,3): error TS2630: Cannot assign to 'eval' because it is a function.
-unaryOperatorsInStrictMode.ts(5,3): error TS1100: Invalid use of 'arguments' in strict mode.
 unaryOperatorsInStrictMode.ts(5,3): error TS2304: Cannot find name 'arguments'.
-unaryOperatorsInStrictMode.ts(6,3): error TS1100: Invalid use of 'arguments' in strict mode.
 unaryOperatorsInStrictMode.ts(6,3): error TS2304: Cannot find name 'arguments'.
-unaryOperatorsInStrictMode.ts(7,1): error TS1100: Invalid use of 'eval' in strict mode.
-unaryOperatorsInStrictMode.ts(7,1): error TS2630: Cannot assign to 'eval' because it is a function.
-unaryOperatorsInStrictMode.ts(8,1): error TS1100: Invalid use of 'eval' in strict mode.
-unaryOperatorsInStrictMode.ts(8,1): error TS2630: Cannot assign to 'eval' because it is a function.
-unaryOperatorsInStrictMode.ts(9,1): error TS1100: Invalid use of 'arguments' in strict mode.
 unaryOperatorsInStrictMode.ts(9,1): error TS2304: Cannot find name 'arguments'.
-unaryOperatorsInStrictMode.ts(10,1): error TS1100: Invalid use of 'arguments' in strict mode.
 unaryOperatorsInStrictMode.ts(10,1): error TS2304: Cannot find name 'arguments'.
 
 
-==== unaryOperatorsInStrictMode.ts (16 errors) ====
+==== unaryOperatorsInStrictMode.ts (4 errors) ====
     "use strict"
     
     ++eval;
-      ~~~~
-!!! error TS1100: Invalid use of 'eval' in strict mode.
-      ~~~~
-!!! error TS2630: Cannot assign to 'eval' because it is a function.
     --eval;
-      ~~~~
-!!! error TS1100: Invalid use of 'eval' in strict mode.
-      ~~~~
-!!! error TS2630: Cannot assign to 'eval' because it is a function.
     ++arguments;
       ~~~~~~~~~
-!!! error TS1100: Invalid use of 'arguments' in strict mode.
-      ~~~~~~~~~
 !!! error TS2304: Cannot find name 'arguments'.
     --arguments;
       ~~~~~~~~~
-!!! error TS1100: Invalid use of 'arguments' in strict mode.
-      ~~~~~~~~~
 !!! error TS2304: Cannot find name 'arguments'.
     eval++;
-    ~~~~
-!!! error TS1100: Invalid use of 'eval' in strict mode.
-    ~~~~
-!!! error TS2630: Cannot assign to 'eval' because it is a function.
     eval--;
-    ~~~~
-!!! error TS1100: Invalid use of 'eval' in strict mode.
-    ~~~~
-!!! error TS2630: Cannot assign to 'eval' because it is a function.
     arguments++;
     ~~~~~~~~~
-!!! error TS1100: Invalid use of 'arguments' in strict mode.
-    ~~~~~~~~~
 !!! error TS2304: Cannot find name 'arguments'.
     arguments--;
     ~~~~~~~~~
-!!! error TS1100: Invalid use of 'arguments' in strict mode.
-    ~~~~~~~~~
 !!! error TS2304: Cannot find name 'arguments'.

</message>
<stacktrace>
  at org.junit.Assert.fail(Assert.java:89)
  at kotlin.test.junit.JUnitAsserter.fail(JUnitSupport.kt:56)
  at kotlin.test.AssertionsKt__AssertionsKt.fail(Assertions.kt:563)
  at kotlin.test.AssertionsKt.fail(Unknown Source)
  at com.xemantic.kotlin.test.SameAsKt.sameAs(SameAs.kt:52)
  at com.xemantic.typescript.compiler.TypeScriptTestSupportKt.errorsMatchBaseline(TypeScriptTestSupport.kt:135)
  at com.xemantic.typescript.compiler.TypeScriptCompilerTests_U.unaryOperatorsInStrictMode_ts has expected errors matching unaryOperatorsInStrictMode_errors_txt(TypeScriptCompilerTests_U.kt:126)
  at java.base/jdk.internal.reflect.DirectMethodHandleAccessor.invoke(DirectMethodHandleAccessor.java:104)
  at java.base/java.lang.reflect.Method.invoke(Method.java:565)
  at org.junit.runners.model.FrameworkMethod$1.runReflectiveCall(FrameworkMethod.java:59)
  at org.junit.internal.runners.model.ReflectiveCallable.run(ReflectiveCallable.java:12)
  at org.junit.runners.model.FrameworkMethod.invokeExplosively(FrameworkMethod.java:56)
  at org.junit.internal.runners.statements.InvokeMethod.evaluate(InvokeMethod.java:17)
  at org.junit.runners.ParentRunner$3.evaluate(ParentRunner.java:306)
  at org.junit.runners.BlockJUnit4ClassRunner$1.evaluate(BlockJUnit4ClassRunner.java:100)
  at org.junit.runners.ParentRunner.runLeaf(ParentRunner.java:366)
  at org.junit.runners.BlockJUnit4ClassRunner.runChild(BlockJUnit4ClassRunner.java:103)
  at org.junit.runners.BlockJUnit4ClassRunner.runChild(BlockJUnit4ClassRunner.java:63)
  at org.junit.runners.ParentRunner$4.run(ParentRunner.java:331)
  at org.junit.runners.ParentRunner$1.schedule(ParentRunner.java:79)
  at org.junit.runners.ParentRunner.runChildren(ParentRunner.java:329)
  at org.junit.runners.ParentRunner.access$100(ParentRunner.java:66)
  at org.junit.runners.ParentRunner$2.evaluate(ParentRunner.java:293)
  at org.junit.runners.ParentRunner$3.evaluate(ParentRunner.java:306)
  at org.junit.runners.ParentRunner.run(ParentRunner.java:413)
  at org.junit.runner.JUnitCore.run(JUnitCore.java:137)
  at org.junit.runner.JUnitCore.run(JUnitCore.java:115)
  at org.gradle.api.internal.tasks.testing.junit.JUnitTestExecutor.runRequest(JUnitTestExecutor.java:175)
  at org.gradle.api.internal.tasks.testing.junit.JUnitTestExecutor.accept(JUnitTestExecutor.java:84)
  at org.gradle.api.internal.tasks.testing.junit.JUnitTestExecutor.accept(JUnitTestExecutor.java:47)
  at org.gradle.api.internal.tasks.testing.junit.AbstractJUnitTestDefinitionProcessor.processTestDefinition(AbstractJUnitTestDefinitionProcessor.java:65)
  at org.gradle.api.internal.tasks.testing.SuiteTestDefinitionProcessor.processTestDefinition(SuiteTestDefinitionProcessor.java:54)
  at java.base/jdk.internal.reflect.DirectMethodHandleAccessor.invoke(DirectMethodHandleAccessor.java:104)
  at java.base/java.lang.reflect.Method.invoke(Method.java:565)
  at org.gradle.internal.dispatch.MethodInvocation.invokeOn(MethodInvocation.java:77)
  at org.gradle.internal.dispatch.ReflectionDispatch.dispatch(ReflectionDispatch.java:28)
  at org.gradle.internal.dispatch.ReflectionDispatch.dispatch(ReflectionDispatch.java:19)
  at org.gradle.internal.dispatch.ContextClassLoaderDispatch.dispatch(ContextClassLoaderDispatch.java:33)
  at org.gradle.internal.dispatch.ProxyDispatchAdapter$DispatchingInvocationHandler.invoke(ProxyDispatchAdapter.java:88)
  at jdk.proxy1/jdk.proxy1.$Proxy4.processTestDefinition(Unknown Source)
  at org.gradle.api.internal.tasks.testing.worker.TestWorker$2.run(TestWorker.java:178)
  at org.gradle.api.internal.tasks.testing.worker.TestWorker.executeAndMaintainThreadName(TestWorker.java:126)
  at org.gradle.api.internal.tasks.testing.worker.TestWorker.execute(TestWorker.java:103)
  at org.gradle.api.internal.tasks.testing.worker.TestWorker.execute(TestWorker.java:63)
  at org.gradle.process.internal.worker.child.ActionExecutionWorker.execute(ActionExecutionWorker.java:56)
  at org.gradle.process.internal.worker.child.SystemApplicationClassLoaderWorker.call(SystemApplicationClassLoaderWorker.java:122)
  at org.gradle.process.internal.worker.child.SystemApplicationClassLoaderWorker.call(SystemApplicationClassLoaderWorker.java:72)
  at worker.org.gradle.process.internal.worker.GradleWorkerMain.run(GradleWorkerMain.java:69)
  at worker.org.gradle.process.internal.worker.GradleWorkerMain.main(GradleWorkerMain.java:74)
</stacktrace>
</test-failure>


TypeScriptCompilerTests_U[jvm] > unaryOperatorsInStrictMode_ts has expected errors matching unaryOperatorsInStrictMode_errors_txt[jvm] FAILED

<test-failure test="com.xemantic.typescript.compiler.TypeScriptCompilerTests_U.unusedTypeParameters_templateTag_ts has expected errors matching unusedTypeParameters_templateTag_errors_txt" platform="jvm">
<message>
Expected diagnostics from baseline typescript-repo/tests/baselines/reference/unusedTypeParameters_templateTag.errors.txt but none produced
</message>
<stacktrace>
  at com.xemantic.typescript.compiler.TypeScriptTestSupportKt.errorsMatchBaseline(TypeScriptTestSupport.kt:125)
  at com.xemantic.typescript.compiler.TypeScriptCompilerTests_U.unusedTypeParameters_templateTag_ts has expected errors matching unusedTypeParameters_templateTag_errors_txt(TypeScriptCompilerTests_U.kt:2954)
  at java.base/jdk.internal.reflect.DirectMethodHandleAccessor.invoke(DirectMethodHandleAccessor.java:104)
  at java.base/java.lang.reflect.Method.invoke(Method.java:565)
  at org.junit.runners.model.FrameworkMethod$1.runReflectiveCall(FrameworkMethod.java:59)
  at org.junit.internal.runners.model.ReflectiveCallable.run(ReflectiveCallable.java:12)
  at org.junit.runners.model.FrameworkMethod.invokeExplosively(FrameworkMethod.java:56)
  at org.junit.internal.runners.statements.InvokeMethod.evaluate(InvokeMethod.java:17)
  at org.junit.runners.ParentRunner$3.evaluate(ParentRunner.java:306)
  at org.junit.runners.BlockJUnit4ClassRunner$1.evaluate(BlockJUnit4ClassRunner.java:100)
  at org.junit.runners.ParentRunner.runLeaf(ParentRunner.java:366)
  at org.junit.runners.BlockJUnit4ClassRunner.runChild(BlockJUnit4ClassRunner.java:103)
  at org.junit.runners.BlockJUnit4ClassRunner.runChild(BlockJUnit4ClassRunner.java:63)
  at org.junit.runners.ParentRunner$4.run(ParentRunner.java:331)
  at org.junit.runners.ParentRunner$1.schedule(ParentRunner.java:79)
  at org.junit.runners.ParentRunner.runChildren(ParentRunner.java:329)
  at org.junit.runners.ParentRunner.access$100(ParentRunner.java:66)
  at org.junit.runners.ParentRunner$2.evaluate(ParentRunner.java:293)
  at org.junit.runners.ParentRunner$3.evaluate(ParentRunner.java:306)
  at org.junit.runners.ParentRunner.run(ParentRunner.java:413)
  at org.junit.runner.JUnitCore.run(JUnitCore.java:137)
  at org.junit.runner.JUnitCore.run(JUnitCore.java:115)
  at org.gradle.api.internal.tasks.testing.junit.JUnitTestExecutor.runRequest(JUnitTestExecutor.java:175)
  at org.gradle.api.internal.tasks.testing.junit.JUnitTestExecutor.accept(JUnitTestExecutor.java:84)
  at org.gradle.api.internal.tasks.testing.junit.JUnitTestExecutor.accept(JUnitTestExecutor.java:47)
  at org.gradle.api.internal.tasks.testing.junit.AbstractJUnitTestDefinitionProcessor.processTestDefinition(AbstractJUnitTestDefinitionProcessor.java:65)
  at org.gradle.api.internal.tasks.testing.SuiteTestDefinitionProcessor.processTestDefinition(SuiteTestDefinitionProcessor.java:54)
  at java.base/jdk.internal.reflect.DirectMethodHandleAccessor.invoke(DirectMethodHandleAccessor.java:104)
  at java.base/java.lang.reflect.Method.invoke(Method.java:565)
  at org.gradle.internal.dispatch.MethodInvocation.invokeOn(MethodInvocation.java:77)
  at org.gradle.internal.dispatch.ReflectionDispatch.dispatch(ReflectionDispatch.java:28)
  at org.gradle.internal.dispatch.ReflectionDispatch.dispatch(ReflectionDispatch.java:19)
  at org.gradle.internal.dispatch.ContextClassLoaderDispatch.dispatch(ContextClassLoaderDispatch.java:33)
  at org.gradle.internal.dispatch.ProxyDispatchAdapter$DispatchingInvocationHandler.invoke(ProxyDispatchAdapter.java:88)
  at jdk.proxy1/jdk.proxy1.$Proxy4.processTestDefinition(Unknown Source)
  at org.gradle.api.internal.tasks.testing.worker.TestWorker$2.run(TestWorker.java:178)
  at org.gradle.api.internal.tasks.testing.worker.TestWorker.executeAndMaintainThreadName(TestWorker.java:126)
  at org.gradle.api.internal.tasks.testing.worker.TestWorker.execute(TestWorker.java:103)
  at org.gradle.api.internal.tasks.testing.worker.TestWorker.execute(TestWorker.java:63)
  at org.gradle.process.internal.worker.child.ActionExecutionWorker.execute(ActionExecutionWorker.java:56)
  at org.gradle.process.internal.worker.child.SystemApplicationClassLoaderWorker.call(SystemApplicationClassLoaderWorker.java:122)
  at org.gradle.process.internal.worker.child.SystemApplicationClassLoaderWorker.call(SystemApplicationClassLoaderWorker.java:72)
  at worker.org.gradle.process.internal.worker.GradleWorkerMain.run(GradleWorkerMain.java:69)
  at worker.org.gradle.process.internal.worker.GradleWorkerMain.main(GradleWorkerMain.java:74)
</stacktrace>
</test-failure>


TypeScriptCompilerTests_U[jvm] > unusedTypeParameters_templateTag_ts has expected errors matching unusedTypeParameters_templateTag_errors_txt[jvm] FAILED

<test-failure test="com.xemantic.typescript.compiler.TypeScriptCompilerTests_U.umdNamespaceMergedWithGlobalAugmentationIsNotCircular_ts has expected errors matching umdNamespaceMergedWithGlobalAugmentationIsNotCircular_errors_txt" platform="jvm">
<message>
Expected diagnostics from baseline typescript-repo/tests/baselines/reference/umdNamespaceMergedWithGlobalAugmentationIsNotCircular.errors.txt but none produced
</message>
<stacktrace>
  at com.xemantic.typescript.compiler.TypeScriptTestSupportKt.errorsMatchBaseline(TypeScriptTestSupport.kt:125)
  at com.xemantic.typescript.compiler.TypeScriptCompilerTests_U.umdNamespaceMergedWithGlobalAugmentationIsNotCircular_ts has expected errors matching umdNamespaceMergedWithGlobalAugmentationIsNotCircular_errors_txt(TypeScriptCompilerTests_U.kt:98)
  at java.base/jdk.internal.reflect.DirectMethodHandleAccessor.invoke(DirectMethodHandleAccessor.java:104)
  at java.base/java.lang.reflect.Method.invoke(Method.java:565)
  at org.junit.runners.model.FrameworkMethod$1.runReflectiveCall(FrameworkMethod.java:59)
  at org.junit.internal.runners.model.ReflectiveCallable.run(ReflectiveCallable.java:12)
  at org.junit.runners.model.FrameworkMethod.invokeExplosively(FrameworkMethod.java:56)
  at org.junit.internal.runners.statements.InvokeMethod.evaluate(InvokeMethod.java:17)
  at org.junit.runners.ParentRunner$3.evaluate(ParentRunner.java:306)
  at org.junit.runners.BlockJUnit4ClassRunner$1.evaluate(BlockJUnit4ClassRunner.java:100)
  at org.junit.runners.ParentRunner.runLeaf(ParentRunner.java:366)
  at org.junit.runners.BlockJUnit4ClassRunner.runChild(BlockJUnit4ClassRunner.java:103)
  at org.junit.runners.BlockJUnit4ClassRunner.runChild(BlockJUnit4ClassRunner.java:63)
  at org.junit.runners.ParentRunner$4.run(ParentRunner.java:331)
  at org.junit.runners.ParentRunner$1.schedule(ParentRunner.java:79)
  at org.junit.runners.ParentRunner.runChildren(ParentRunner.java:329)
  at org.junit.runners.ParentRunner.access$100(ParentRunner.java:66)
  at org.junit.runners.ParentRunner$2.evaluate(ParentRunner.java:293)
  at org.junit.runners.ParentRunner$3.evaluate(ParentRunner.java:306)
  at org.junit.runners.ParentRunner.run(ParentRunner.java:413)
  at org.junit.runner.JUnitCore.run(JUnitCore.java:137)
  at org.junit.runner.JUnitCore.run(JUnitCore.java:115)
  at org.gradle.api.internal.tasks.testing.junit.JUnitTestExecutor.runRequest(JUnitTestExecutor.java:175)
  at org.gradle.api.internal.tasks.testing.junit.JUnitTestExecutor.accept(JUnitTestExecutor.java:84)
  at org.gradle.api.internal.tasks.testing.junit.JUnitTestExecutor.accept(JUnitTestExecutor.java:47)
  at org.gradle.api.internal.tasks.testing.junit.AbstractJUnitTestDefinitionProcessor.processTestDefinition(AbstractJUnitTestDefinitionProcessor.java:65)
  at org.gradle.api.internal.tasks.testing.SuiteTestDefinitionProcessor.processTestDefinition(SuiteTestDefinitionProcessor.java:54)
  at java.base/jdk.internal.reflect.DirectMethodHandleAccessor.invoke(DirectMethodHandleAccessor.java:104)
  at java.base/java.lang.reflect.Method.invoke(Method.java:565)
  at org.gradle.internal.dispatch.MethodInvocation.invokeOn(MethodInvocation.java:77)
  at org.gradle.internal.dispatch.ReflectionDispatch.dispatch(ReflectionDispatch.java:28)
  at org.gradle.internal.dispatch.ReflectionDispatch.dispatch(ReflectionDispatch.java:19)
  at org.gradle.internal.dispatch.ContextClassLoaderDispatch.dispatch(ContextClassLoaderDispatch.java:33)
  at org.gradle.internal.dispatch.ProxyDispatchAdapter$DispatchingInvocationHandler.invoke(ProxyDispatchAdapter.java:88)
  at jdk.proxy1/jdk.proxy1.$Proxy4.processTestDefinition(Unknown Source)
  at org.gradle.api.internal.tasks.testing.worker.TestWorker$2.run(TestWorker.java:178)
  at org.gradle.api.internal.tasks.testing.worker.TestWorker.executeAndMaintainThreadName(TestWorker.java:126)
  at org.gradle.api.internal.tasks.testing.worker.TestWorker.execute(TestWorker.java:103)
  at org.gradle.api.internal.tasks.testing.worker.TestWorker.execute(TestWorker.java:63)
  at org.gradle.process.internal.worker.child.ActionExecutionWorker.execute(ActionExecutionWorker.java:56)
  at org.gradle.process.internal.worker.child.SystemApplicationClassLoaderWorker.call(SystemApplicationClassLoaderWorker.java:122)
  at org.gradle.process.internal.worker.child.SystemApplicationClassLoaderWorker.call(SystemApplicationClassLoaderWorker.java:72)
  at worker.org.gradle.process.internal.worker.GradleWorkerMain.run(GradleWorkerMain.java:69)
  at worker.org.gradle.process.internal.worker.GradleWorkerMain.main(GradleWorkerMain.java:74)
</stacktrace>
</test-failure>


TypeScriptCompilerTests_U[jvm] > umdNamespaceMergedWithGlobalAugmentationIsNotCircular_ts has expected errors matching umdNamespaceMergedWithGlobalAugmentationIsNotCircular_errors_txt[jvm] FAILED

<test-failure test="com.xemantic.typescript.compiler.TypeScriptCompilerTests_U.unreachableSwitchTypeofUnknown_ts has expected errors matching unreachableSwitchTypeofUnknown_errors_txt" platform="jvm">
<message>
--- expected
+++ actual
@@ -1,8 +1,10 @@
-unreachable.ts(12,5): error TS7027: Unreachable code detected.
+unreachable.ts(1,35): error TS2366: Function lacks ending return statement and return type does not include 'undefined'.
 
 
 ==== unreachable.ts (1 errors) ====
     const unreachable = (x: unknown): number => {
+                                      ~~~~~~~~~
+!!! error TS2366: Function lacks ending return statement and return type does not include 'undefined'.
         switch (typeof x) {
             case 'string': return 0
             case 'number': return 0
@@ -14,6 +16,4 @@
             case 'function': return 0
         }
         x;
-        ~~
-!!! error TS7027: Unreachable code detected.
     }

</message>
<stacktrace>
  at org.junit.Assert.fail(Assert.java:89)
  at kotlin.test.junit.JUnitAsserter.fail(JUnitSupport.kt:56)
  at kotlin.test.AssertionsKt__AssertionsKt.fail(Assertions.kt:563)
  at kotlin.test.AssertionsKt.fail(Unknown Source)
  at com.xemantic.kotlin.test.SameAsKt.sameAs(SameAs.kt:52)
  at com.xemantic.typescript.compiler.TypeScriptTestSupportKt.errorsMatchBaseline(TypeScriptTestSupport.kt:135)
  at com.xemantic.typescript.compiler.TypeScriptCompilerTests_U.unreachableSwitchTypeofUnknown_ts has expected errors matching unreachableSwitchTypeofUnknown_errors_txt(TypeScriptCompilerTests_U.kt:1078)
  at java.base/jdk.internal.reflect.DirectMethodHandleAccessor.invoke(DirectMethodHandleAccessor.java:104)
  at java.base/java.lang.reflect.Method.invoke(Method.java:565)
  at org.junit.runners.model.FrameworkMethod$1.runReflectiveCall(FrameworkMethod.java:59)
  at org.junit.internal.runners.model.ReflectiveCallable.run(ReflectiveCallable.java:12)
  at org.junit.runners.model.FrameworkMethod.invokeExplosively(FrameworkMethod.java:56)
  at org.junit.internal.runners.statements.InvokeMethod.evaluate(InvokeMethod.java:17)
  at org.junit.runners.ParentRunner$3.evaluate(ParentRunner.java:306)
  at org.junit.runners.BlockJUnit4ClassRunner$1.evaluate(BlockJUnit4ClassRunner.java:100)
  at org.junit.runners.ParentRunner.runLeaf(ParentRunner.java:366)
  at org.junit.runners.BlockJUnit4ClassRunner.runChild(BlockJUnit4ClassRunner.java:103)
  at org.junit.runners.BlockJUnit4ClassRunner.runChild(BlockJUnit4ClassRunner.java:63)
  at org.junit.runners.ParentRunner$4.run(ParentRunner.java:331)
  at org.junit.runners.ParentRunner$1.schedule(ParentRunner.java:79)
  at org.junit.runners.ParentRunner.runChildren(ParentRunner.java:329)
  at org.junit.runners.ParentRunner.access$100(ParentRunner.java:66)
  at org.junit.runners.ParentRunner$2.evaluate(ParentRunner.java:293)
  at org.junit.runners.ParentRunner$3.evaluate(ParentRunner.java:306)
  at org.junit.runners.ParentRunner.run(ParentRunner.java:413)
  at org.junit.runner.JUnitCore.run(JUnitCore.java:137)
  at org.junit.runner.JUnitCore.run(JUnitCore.java:115)
  at org.gradle.api.internal.tasks.testing.junit.JUnitTestExecutor.runRequest(JUnitTestExecutor.java:175)
  at org.gradle.api.internal.tasks.testing.junit.JUnitTestExecutor.accept(JUnitTestExecutor.java:84)
  at org.gradle.api.internal.tasks.testing.junit.JUnitTestExecutor.accept(JUnitTestExecutor.java:47)
  at org.gradle.api.internal.tasks.testing.junit.AbstractJUnitTestDefinitionProcessor.processTestDefinition(AbstractJUnitTestDefinitionProcessor.java:65)
  at org.gradle.api.internal.tasks.testing.SuiteTestDefinitionProcessor.processTestDefinition(SuiteTestDefinitionProcessor.java:54)
  at java.base/jdk.internal.reflect.DirectMethodHandleAccessor.invoke(DirectMethodHandleAccessor.java:104)
  at java.base/java.lang.reflect.Method.invoke(Method.java:565)
  at org.gradle.internal.dispatch.MethodInvocation.invokeOn(MethodInvocation.java:77)
  at org.gradle.internal.dispatch.ReflectionDispatch.dispatch(ReflectionDispatch.java:28)
  at org.gradle.internal.dispatch.ReflectionDispatch.dispatch(ReflectionDispatch.java:19)
  at org.gradle.internal.dispatch.ContextClassLoaderDispatch.dispatch(ContextClassLoaderDispatch.java:33)
  at org.gradle.internal.dispatch.ProxyDispatchAdapter$DispatchingInvocationHandler.invoke(ProxyDispatchAdapter.java:88)
  at jdk.proxy1/jdk.proxy1.$Proxy4.processTestDefinition(Unknown Source)
  at org.gradle.api.internal.tasks.testing.worker.TestWorker$2.run(TestWorker.java:178)
  at org.gradle.api.internal.tasks.testing.worker.TestWorker.executeAndMaintainThreadName(TestWorker.java:126)
  at org.gradle.api.internal.tasks.testing.worker.TestWorker.execute(TestWorker.java:103)
  at org.gradle.api.internal.tasks.testing.worker.TestWorker.execute(TestWorker.java:63)
  at org.gradle.process.internal.worker.child.ActionExecutionWorker.execute(ActionExecutionWorker.java:56)
  at org.gradle.process.internal.worker.child.SystemApplicationClassLoaderWorker.call(SystemApplicationClassLoaderWorker.java:122)
  at org.gradle.process.internal.worker.child.SystemApplicationClassLoaderWorker.call(SystemApplicationClassLoaderWorker.java:72)
  at worker.org.gradle.process.internal.worker.GradleWorkerMain.run(GradleWorkerMain.java:69)
  at worker.org.gradle.process.internal.worker.GradleWorkerMain.main(GradleWorkerMain.java:74)
</stacktrace>
</test-failure>


TypeScriptCompilerTests_U[jvm] > unreachableSwitchTypeofUnknown_ts has expected errors matching unreachableSwitchTypeofUnknown_errors_txt[jvm] FAILED

<test-failure test="com.xemantic.typescript.compiler.TypeScriptCompilerTests_U.undeclaredModuleError_ts has expected errors matching undeclaredModuleError_errors_txt" platform="jvm">
<message>
--- expected
+++ actual
@@ -1,13 +1,11 @@
-undeclaredModuleError.ts(1,21): error TS2591: Cannot find name 'fs'. Do you need to install type definitions for node? Try `npm i --save-dev @types/node` and then add 'node' to the types field in your tsconfig.
-undeclaredModuleError.ts(8,29): error TS2345: Argument of type '() => void' is not assignable to parameter of type '(stat: fs.Stats, name: string) => boolean'.
-  Type 'void' is not assignable to type 'boolean'.
+undeclaredModuleError.ts(1,21): error TS2307: Cannot find module 'fs' or its corresponding type declarations.
 undeclaredModuleError.ts(11,41): error TS2304: Cannot find name 'IDoNotExist'.
 
 
-==== undeclaredModuleError.ts (3 errors) ====
+==== undeclaredModuleError.ts (2 errors) ====
     import fs = require('fs');
                         ~~~~
-!!! error TS2591: Cannot find name 'fs'. Do you need to install type definitions for node? Try `npm i --save-dev @types/node` and then add 'node' to the types field in your tsconfig.
+!!! error TS2307: Cannot find module 'fs' or its corresponding type declarations.
     function readdir(path: string, accept: (stat: fs.Stats, name: string) => boolean, callback: (error: Error, results: { name: string; stat: fs.Stats; }[]) => void ) {}
     
     function join(...paths: string[]) {}
@@ -15,9 +13,6 @@
     function instrumentFile(covFileDir: string, covFileName: string, originalFilePath: string) {
         fs.readFile(originalFilePath, () => {       
             readdir(covFileDir, () => {
-                                ~~~~~~~
-!!! error TS2345: Argument of type '() => void' is not assignable to parameter of type '(stat: fs.Stats, name: string) => boolean'.
-!!! error TS2345:   Type 'void' is not assignable to type 'boolean'.
             } , (error: Error, files: {}[]) => {
                     files.forEach((file) => {
                         var fullPath = join(IDoNotExist);

</message>
<stacktrace>
  at org.junit.Assert.fail(Assert.java:89)
  at kotlin.test.junit.JUnitAsserter.fail(JUnitSupport.kt:56)
  at kotlin.test.AssertionsKt__AssertionsKt.fail(Assertions.kt:563)
  at kotlin.test.AssertionsKt.fail(Unknown Source)
  at com.xemantic.kotlin.test.SameAsKt.sameAs(SameAs.kt:52)
  at com.xemantic.typescript.compiler.TypeScriptTestSupportKt.errorsMatchBaseline(TypeScriptTestSupport.kt:135)
  at com.xemantic.typescript.compiler.TypeScriptCompilerTests_U.undeclaredModuleError_ts has expected errors matching undeclaredModuleError_errors_txt(TypeScriptCompilerTests_U.kt:259)
  at java.base/jdk.internal.reflect.DirectMethodHandleAccessor.invoke(DirectMethodHandleAccessor.java:104)
  at java.base/java.lang.reflect.Method.invoke(Method.java:565)
  at org.junit.runners.model.FrameworkMethod$1.runReflectiveCall(FrameworkMethod.java:59)
  at org.junit.internal.runners.model.ReflectiveCallable.run(ReflectiveCallable.java:12)
  at org.junit.runners.model.FrameworkMethod.invokeExplosively(FrameworkMethod.java:56)
  at org.junit.internal.runners.statements.InvokeMethod.evaluate(InvokeMethod.java:17)
  at org.junit.runners.ParentRunner$3.evaluate(ParentRunner.java:306)
  at org.junit.runners.BlockJUnit4ClassRunner$1.evaluate(BlockJUnit4ClassRunner.java:100)
  at org.junit.runners.ParentRunner.runLeaf(ParentRunner.java:366)
  at org.junit.runners.BlockJUnit4ClassRunner.runChild(BlockJUnit4ClassRunner.java:103)
  at org.junit.runners.BlockJUnit4ClassRunner.runChild(BlockJUnit4ClassRunner.java:63)
  at org.junit.runners.ParentRunner$4.run(ParentRunner.java:331)
  at org.junit.runners.ParentRunner$1.schedule(ParentRunner.java:79)
  at org.junit.runners.ParentRunner.runChildren(ParentRunner.java:329)
  at org.junit.runners.ParentRunner.access$100(ParentRunner.java:66)
  at org.junit.runners.ParentRunner$2.evaluate(ParentRunner.java:293)
  at org.junit.runners.ParentRunner$3.evaluate(ParentRunner.java:306)
  at org.junit.runners.ParentRunner.run(ParentRunner.java:413)
  at org.junit.runner.JUnitCore.run(JUnitCore.java:137)
  at org.junit.runner.JUnitCore.run(JUnitCore.java:115)
  at org.gradle.api.internal.tasks.testing.junit.JUnitTestExecutor.runRequest(JUnitTestExecutor.java:175)
  at org.gradle.api.internal.tasks.testing.junit.JUnitTestExecutor.accept(JUnitTestExecutor.java:84)
  at org.gradle.api.internal.tasks.testing.junit.JUnitTestExecutor.accept(JUnitTestExecutor.java:47)
  at org.gradle.api.internal.tasks.testing.junit.AbstractJUnitTestDefinitionProcessor.processTestDefinition(AbstractJUnitTestDefinitionProcessor.java:65)
  at org.gradle.api.internal.tasks.testing.SuiteTestDefinitionProcessor.processTestDefinition(SuiteTestDefinitionProcessor.java:54)
  at java.base/jdk.internal.reflect.DirectMethodHandleAccessor.invoke(DirectMethodHandleAccessor.java:104)
  at java.base/java.lang.reflect.Method.invoke(Method.java:565)
  at org.gradle.internal.dispatch.MethodInvocation.invokeOn(MethodInvocation.java:77)
  at org.gradle.internal.dispatch.ReflectionDispatch.dispatch(ReflectionDispatch.java:28)
  at org.gradle.internal.dispatch.ReflectionDispatch.dispatch(ReflectionDispatch.java:19)
  at org.gradle.internal.dispatch.ContextClassLoaderDispatch.dispatch(ContextClassLoaderDispatch.java:33)
  at org.gradle.internal.dispatch.ProxyDispatchAdapter$DispatchingInvocationHandler.invoke(ProxyDispatchAdapter.java:88)
  at jdk.proxy1/jdk.proxy1.$Proxy4.processTestDefinition(Unknown Source)
  at org.gradle.api.internal.tasks.testing.worker.TestWorker$2.run(TestWorker.java:178)
  at org.gradle.api.internal.tasks.testing.worker.TestWorker.executeAndMaintainThreadName(TestWorker.java:126)
  at org.gradle.api.internal.tasks.testing.worker.TestWorker.execute(TestWorker.java:103)
  at org.gradle.api.internal.tasks.testing.worker.TestWorker.execute(TestWorker.java:63)
  at org.gradle.process.internal.worker.child.ActionExecutionWorker.execute(ActionExecutionWorker.java:56)
  at org.gradle.process.internal.worker.child.SystemApplicationClassLoaderWorker.call(SystemApplicationClassLoaderWorker.java:122)
  at org.gradle.process.internal.worker.child.SystemApplicationClassLoaderWorker.call(SystemApplicationClassLoaderWorker.java:72)
  at worker.org.gradle.process.internal.worker.GradleWorkerMain.run(GradleWorkerMain.java:69)
  at worker.org.gradle.process.internal.worker.GradleWorkerMain.main(GradleWorkerMain.java:74)
</stacktrace>
</test-failure>


TypeScriptCompilerTests_U[jvm] > undeclaredModuleError_ts has expected errors matching undeclaredModuleError_errors_txt[jvm] FAILED

<test-failure test="com.xemantic.typescript.compiler.TypeScriptCompilerTests_U.uncalledFunctionChecksInConditional2_ts has expected errors matching uncalledFunctionChecksInConditional2_errors_txt" platform="jvm">
<message>
Expected diagnostics from baseline typescript-repo/tests/baselines/reference/uncalledFunctionChecksInConditional2.errors.txt but none produced
</message>
<stacktrace>
  at com.xemantic.typescript.compiler.TypeScriptTestSupportKt.errorsMatchBaseline(TypeScriptTestSupport.kt:125)
  at com.xemantic.typescript.compiler.TypeScriptCompilerTests_U.uncalledFunctionChecksInConditional2_ts has expected errors matching uncalledFunctionChecksInConditional2_errors_txt(TypeScriptCompilerTests_U.kt:161)
  at java.base/jdk.internal.reflect.DirectMethodHandleAccessor.invoke(DirectMethodHandleAccessor.java:104)
  at java.base/java.lang.reflect.Method.invoke(Method.java:565)
  at org.junit.runners.model.FrameworkMethod$1.runReflectiveCall(FrameworkMethod.java:59)
  at org.junit.internal.runners.model.ReflectiveCallable.run(ReflectiveCallable.java:12)
  at org.junit.runners.model.FrameworkMethod.invokeExplosively(FrameworkMethod.java:56)
  at org.junit.internal.runners.statements.InvokeMethod.evaluate(InvokeMethod.java:17)
  at org.junit.runners.ParentRunner$3.evaluate(ParentRunner.java:306)
  at org.junit.runners.BlockJUnit4ClassRunner$1.evaluate(BlockJUnit4ClassRunner.java:100)
  at org.junit.runners.ParentRunner.runLeaf(ParentRunner.java:366)
  at org.junit.runners.BlockJUnit4ClassRunner.runChild(BlockJUnit4ClassRunner.java:103)
  at org.junit.runners.BlockJUnit4ClassRunner.runChild(BlockJUnit4ClassRunner.java:63)
  at org.junit.runners.ParentRunner$4.run(ParentRunner.java:331)
  at org.junit.runners.ParentRunner$1.schedule(ParentRunner.java:79)
  at org.junit.runners.ParentRunner.runChildren(ParentRunner.java:329)
  at org.junit.runners.ParentRunner.access$100(ParentRunner.java:66)
  at org.junit.runners.ParentRunner$2.evaluate(ParentRunner.java:293)
  at org.junit.runners.ParentRunner$3.evaluate(ParentRunner.java:306)
  at org.junit.runners.ParentRunner.run(ParentRunner.java:413)
  at org.junit.runner.JUnitCore.run(JUnitCore.java:137)
  at org.junit.runner.JUnitCore.run(JUnitCore.java:115)
  at org.gradle.api.internal.tasks.testing.junit.JUnitTestExecutor.runRequest(JUnitTestExecutor.java:175)
  at org.gradle.api.internal.tasks.testing.junit.JUnitTestExecutor.accept(JUnitTestExecutor.java:84)
  at org.gradle.api.internal.tasks.testing.junit.JUnitTestExecutor.accept(JUnitTestExecutor.java:47)
  at org.gradle.api.internal.tasks.testing.junit.AbstractJUnitTestDefinitionProcessor.processTestDefinition(AbstractJUnitTestDefinitionProcessor.java:65)
  at org.gradle.api.internal.tasks.testing.SuiteTestDefinitionProcessor.processTestDefinition(SuiteTestDefinitionProcessor.java:54)
  at java.base/jdk.internal.reflect.DirectMethodHandleAccessor.invoke(DirectMethodHandleAccessor.java:104)
  at java.base/java.lang.reflect.Method.invoke(Method.java:565)
  at org.gradle.internal.dispatch.MethodInvocation.invokeOn(MethodInvocation.java:77)
  at org.gradle.internal.dispatch.ReflectionDispatch.dispatch(ReflectionDispatch.java:28)
  at org.gradle.internal.dispatch.ReflectionDispatch.dispatch(ReflectionDispatch.java:19)
  at org.gradle.internal.dispatch.ContextClassLoaderDispatch.dispatch(ContextClassLoaderDispatch.java:33)
  at org.gradle.internal.dispatch.ProxyDispatchAdapter$DispatchingInvocationHandler.invoke(ProxyDispatchAdapter.java:88)
  at jdk.proxy1/jdk.proxy1.$Proxy4.processTestDefinition(Unknown Source)
  at org.gradle.api.internal.tasks.testing.worker.TestWorker$2.run(TestWorker.java:178)
  at org.gradle.api.internal.tasks.testing.worker.TestWorker.executeAndMaintainThreadName(TestWorker.java:126)
  at org.gradle.api.internal.tasks.testing.worker.TestWorker.execute(TestWorker.java:103)
  at org.gradle.api.internal.tasks.testing.worker.TestWorker.execute(TestWorker.java:63)
  at org.gradle.process.internal.worker.child.ActionExecutionWorker.execute(ActionExecutionWorker.java:56)
  at org.gradle.process.internal.worker.child.SystemApplicationClassLoaderWorker.call(SystemApplicationClassLoaderWorker.java:122)
  at org.gradle.process.internal.worker.child.SystemApplicationClassLoaderWorker.call(SystemApplicationClassLoaderWorker.java:72)
  at worker.org.gradle.process.internal.worker.GradleWorkerMain.run(GradleWorkerMain.java:69)
  at worker.org.gradle.process.internal.worker.GradleWorkerMain.main(GradleWorkerMain.java:74)
</stacktrace>
</test-failure>


TypeScriptCompilerTests_U[jvm] > uncalledFunctionChecksInConditional2_ts has expected errors matching uncalledFunctionChecksInConditional2_errors_txt[jvm] FAILED

<test-failure test="com.xemantic.typescript.compiler.TypeScriptCompilerTests_U.unusedLocalsAndParameters_ts compiles to JavaScript matching unusedLocalsAndParameters_js" platform="jvm">
<message>
--- expected
+++ actual
@@ -154,6 +154,7 @@
 (function (N) {
     var x;
 })(N || (N = {}));
-for (let x, { z }; (x); )
-    ;
+for (let x;;) {
+    z(x);
+}
 export {};

</message>
<stacktrace>
  at org.junit.Assert.fail(Assert.java:89)
  at kotlin.test.junit.JUnitAsserter.fail(JUnitSupport.kt:56)
  at kotlin.test.AssertionsKt__AssertionsKt.fail(Assertions.kt:563)
  at kotlin.test.AssertionsKt.fail(Unknown Source)
  at com.xemantic.kotlin.test.SameAsKt.sameAs(SameAs.kt:52)
  at com.xemantic.typescript.compiler.TypeScriptTestSupportKt.sameAs(TypeScriptTestSupport.kt:99)
  at com.xemantic.typescript.compiler.TypeScriptCompilerTests_U.unusedLocalsAndParameters_ts compiles to JavaScript matching unusedLocalsAndParameters_js(TypeScriptCompilerTests_U.kt:1736)
  at java.base/jdk.internal.reflect.DirectMethodHandleAccessor.invoke(DirectMethodHandleAccessor.java:104)
  at java.base/java.lang.reflect.Method.invoke(Method.java:565)
  at org.junit.runners.model.FrameworkMethod$1.runReflectiveCall(FrameworkMethod.java:59)
  at org.junit.internal.runners.model.ReflectiveCallable.run(ReflectiveCallable.java:12)
  at org.junit.runners.model.FrameworkMethod.invokeExplosively(FrameworkMethod.java:56)
  at org.junit.internal.runners.statements.InvokeMethod.evaluate(InvokeMethod.java:17)
  at org.junit.runners.ParentRunner$3.evaluate(ParentRunner.java:306)
  at org.junit.runners.BlockJUnit4ClassRunner$1.evaluate(BlockJUnit4ClassRunner.java:100)
  at org.junit.runners.ParentRunner.runLeaf(ParentRunner.java:366)
  at org.junit.runners.BlockJUnit4ClassRunner.runChild(BlockJUnit4ClassRunner.java:103)
  at org.junit.runners.BlockJUnit4ClassRunner.runChild(BlockJUnit4ClassRunner.java:63)
  at org.junit.runners.ParentRunner$4.run(ParentRunner.java:331)
  at org.junit.runners.ParentRunner$1.schedule(ParentRunner.java:79)
  at org.junit.runners.ParentRunner.runChildren(ParentRunner.java:329)
  at org.junit.runners.ParentRunner.access$100(ParentRunner.java:66)
  at org.junit.runners.ParentRunner$2.evaluate(ParentRunner.java:293)
  at org.junit.runners.ParentRunner$3.evaluate(ParentRunner.java:306)
  at org.junit.runners.ParentRunner.run(ParentRunner.java:413)
  at org.junit.runner.JUnitCore.run(JUnitCore.java:137)
  at org.junit.runner.JUnitCore.run(JUnitCore.java:115)
  at org.gradle.api.internal.tasks.testing.junit.JUnitTestExecutor.runRequest(JUnitTestExecutor.java:175)
  at org.gradle.api.internal.tasks.testing.junit.JUnitTestExecutor.accept(JUnitTestExecutor.java:84)
  at org.gradle.api.internal.tasks.testing.junit.JUnitTestExecutor.accept(JUnitTestExecutor.java:47)
  at org.gradle.api.internal.tasks.testing.junit.AbstractJUnitTestDefinitionProcessor.processTestDefinition(AbstractJUnitTestDefinitionProcessor.java:65)
  at org.gradle.api.internal.tasks.testing.SuiteTestDefinitionProcessor.processTestDefinition(SuiteTestDefinitionProcessor.java:54)
  at java.base/jdk.internal.reflect.DirectMethodHandleAccessor.invoke(DirectMethodHandleAccessor.java:104)
  at java.base/java.lang.reflect.Method.invoke(Method.java:565)
  at org.gradle.internal.dispatch.MethodInvocation.invokeOn(MethodInvocation.java:77)
  at org.gradle.internal.dispatch.ReflectionDispatch.dispatch(ReflectionDispatch.java:28)
  at org.gradle.internal.dispatch.ReflectionDispatch.dispatch(ReflectionDispatch.java:19)
  at org.gradle.internal.dispatch.ContextClassLoaderDispatch.dispatch(ContextClassLoaderDispatch.java:33)
  at org.gradle.internal.dispatch.ProxyDispatchAdapter$DispatchingInvocationHandler.invoke(ProxyDispatchAdapter.java:88)
  at jdk.proxy1/jdk.proxy1.$Proxy4.processTestDefinition(Unknown Source)
  at org.gradle.api.internal.tasks.testing.worker.TestWorker$2.run(TestWorker.java:178)
  at org.gradle.api.internal.tasks.testing.worker.TestWorker.executeAndMaintainThreadName(TestWorker.java:126)
  at org.gradle.api.internal.tasks.testing.worker.TestWorker.execute(TestWorker.java:103)
  at org.gradle.api.internal.tasks.testing.worker.TestWorker.execute(TestWorker.java:63)
  at org.gradle.process.internal.worker.child.ActionExecutionWorker.execute(ActionExecutionWorker.java:56)
  at org.gradle.process.internal.worker.child.SystemApplicationClassLoaderWorker.call(SystemApplicationClassLoaderWorker.java:122)
  at org.gradle.process.internal.worker.child.SystemApplicationClassLoaderWorker.call(SystemApplicationClassLoaderWorker.java:72)
  at worker.org.gradle.process.internal.worker.GradleWorkerMain.run(GradleWorkerMain.java:69)
  at worker.org.gradle.process.internal.worker.GradleWorkerMain.main(GradleWorkerMain.java:74)
</stacktrace>
</test-failure>


TypeScriptCompilerTests_U[jvm] > unusedLocalsAndParameters_ts compiles to JavaScript matching unusedLocalsAndParameters_js[jvm] FAILED

<test-failure test="com.xemantic.typescript.compiler.TypeScriptCompilerTests_U.unknownSymbols1_ts has expected errors matching unknownSymbols1_errors_txt" platform="jvm">
<message>
--- expected
+++ actual
@@ -2,6 +2,7 @@
 unknownSymbols1.ts(2,8): error TS2304: Cannot find name 'asdf'.
 unknownSymbols1.ts(4,17): error TS2304: Cannot find name 'asdf'.
 unknownSymbols1.ts(4,35): error TS2304: Cannot find name 'asdf'.
+unknownSymbols1.ts(4,35): error TS2355: A function whose declared type is neither 'undefined', 'void', nor 'any' must return a value.
 unknownSymbols1.ts(6,12): error TS2304: Cannot find name 'asdf'.
 unknownSymbols1.ts(9,10): error TS2304: Cannot find name 'asdf'.
 unknownSymbols1.ts(12,10): error TS2304: Cannot find name 'asdf'.
@@ -9,7 +10,6 @@
 unknownSymbols1.ts(16,21): error TS2304: Cannot find name 'asdf'.
 unknownSymbols1.ts(17,21): error TS2304: Cannot find name 'adsf'.
 unknownSymbols1.ts(22,15): error TS2304: Cannot find name 'asdf'.
-unknownSymbols1.ts(30,14): error TS2339: Property 'asdf' does not exist on type 'C5'.
 unknownSymbols1.ts(30,21): error TS2304: Cannot find name 'asdf'.
 
 
@@ -26,6 +26,8 @@
 !!! error TS2304: Cannot find name 'asdf'.
                                       ~~~~
 !!! error TS2304: Cannot find name 'asdf'.
+                                      ~~~~
+!!! error TS2355: A function whose declared type is neither 'undefined', 'void', nor 'any' must return a value.
     function foo2() {
         return asdf;
                ~~~~
@@ -66,8 +68,6 @@
     class C5 {
         constructor() {
             this.asdf = asdf;
-                 ~~~~
-!!! error TS2339: Property 'asdf' does not exist on type 'C5'.
                         ~~~~
 !!! error TS2304: Cannot find name 'asdf'.
         }

</message>
<stacktrace>
  at org.junit.Assert.fail(Assert.java:89)
  at kotlin.test.junit.JUnitAsserter.fail(JUnitSupport.kt:56)
  at kotlin.test.AssertionsKt__AssertionsKt.fail(Assertions.kt:563)
  at kotlin.test.AssertionsKt.fail(Unknown Source)
  at com.xemantic.kotlin.test.SameAsKt.sameAs(SameAs.kt:52)
  at com.xemantic.typescript.compiler.TypeScriptTestSupportKt.errorsMatchBaseline(TypeScriptTestSupport.kt:135)
  at com.xemantic.typescript.compiler.TypeScriptCompilerTests_U.unknownSymbols1_ts has expected errors matching unknownSymbols1_errors_txt(TypeScriptCompilerTests_U.kt:889)
  at java.base/jdk.internal.reflect.DirectMethodHandleAccessor.invoke(DirectMethodHandleAccessor.java:104)
  at java.base/java.lang.reflect.Method.invoke(Method.java:565)
  at org.junit.runners.model.FrameworkMethod$1.runReflectiveCall(FrameworkMethod.java:59)
  at org.junit.internal.runners.model.ReflectiveCallable.run(ReflectiveCallable.java:12)
  at org.junit.runners.model.FrameworkMethod.invokeExplosively(FrameworkMethod.java:56)
  at org.junit.internal.runners.statements.InvokeMethod.evaluate(InvokeMethod.java:17)
  at org.junit.runners.ParentRunner$3.evaluate(ParentRunner.java:306)
  at org.junit.runners.BlockJUnit4ClassRunner$1.evaluate(BlockJUnit4ClassRunner.java:100)
  at org.junit.runners.ParentRunner.runLeaf(ParentRunner.java:366)
  at org.junit.runners.BlockJUnit4ClassRunner.runChild(BlockJUnit4ClassRunner.java:103)
  at org.junit.runners.BlockJUnit4ClassRunner.runChild(BlockJUnit4ClassRunner.java:63)
  at org.junit.runners.ParentRunner$4.run(ParentRunner.java:331)
  at org.junit.runners.ParentRunner$1.schedule(ParentRunner.java:79)
  at org.junit.runners.ParentRunner.runChildren(ParentRunner.java:329)
  at org.junit.runners.ParentRunner.access$100(ParentRunner.java:66)
  at org.junit.runners.ParentRunner$2.evaluate(ParentRunner.java:293)
  at org.junit.runners.ParentRunner$3.evaluate(ParentRunner.java:306)
  at org.junit.runners.ParentRunner.run(ParentRunner.java:413)
  at org.junit.runner.JUnitCore.run(JUnitCore.java:137)
  at org.junit.runner.JUnitCore.run(JUnitCore.java:115)
  at org.gradle.api.internal.tasks.testing.junit.JUnitTestExecutor.runRequest(JUnitTestExecutor.java:175)
  at org.gradle.api.internal.tasks.testing.junit.JUnitTestExecutor.accept(JUnitTestExecutor.java:84)
  at org.gradle.api.internal.tasks.testing.junit.JUnitTestExecutor.accept(JUnitTestExecutor.java:47)
  at org.gradle.api.internal.tasks.testing.junit.AbstractJUnitTestDefinitionProcessor.processTestDefinition(AbstractJUnitTestDefinitionProcessor.java:65)
  at org.gradle.api.internal.tasks.testing.SuiteTestDefinitionProcessor.processTestDefinition(SuiteTestDefinitionProcessor.java:54)
  at java.base/jdk.internal.reflect.DirectMethodHandleAccessor.invoke(DirectMethodHandleAccessor.java:104)
  at java.base/java.lang.reflect.Method.invoke(Method.java:565)
  at org.gradle.internal.dispatch.MethodInvocation.invokeOn(MethodInvocation.java:77)
  at org.gradle.internal.dispatch.ReflectionDispatch.dispatch(ReflectionDispatch.java:28)
  at org.gradle.internal.dispatch.ReflectionDispatch.dispatch(ReflectionDispatch.java:19)
  at org.gradle.internal.dispatch.ContextClassLoaderDispatch.dispatch(ContextClassLoaderDispatch.java:33)
  at org.gradle.internal.dispatch.ProxyDispatchAdapter$DispatchingInvocationHandler.invoke(ProxyDispatchAdapter.java:88)
  at jdk.proxy1/jdk.proxy1.$Proxy4.processTestDefinition(Unknown Source)
  at org.gradle.api.internal.tasks.testing.worker.TestWorker$2.run(TestWorker.java:178)
  at org.gradle.api.internal.tasks.testing.worker.TestWorker.executeAndMaintainThreadName(TestWorker.java:126)
  at org.gradle.api.internal.tasks.testing.worker.TestWorker.execute(TestWorker.java:103)
  at org.gradle.api.internal.tasks.testing.worker.TestWorker.execute(TestWorker.java:63)
  at org.gradle.process.internal.worker.child.ActionExecutionWorker.execute(ActionExecutionWorker.java:56)
  at org.gradle.process.internal.worker.child.SystemApplicationClassLoaderWorker.call(SystemApplicationClassLoaderWorker.java:122)
  at org.gradle.process.internal.worker.child.SystemApplicationClassLoaderWorker.call(SystemApplicationClassLoaderWorker.java:72)
  at worker.org.gradle.process.internal.worker.GradleWorkerMain.run(GradleWorkerMain.java:69)
  at worker.org.gradle.process.internal.worker.GradleWorkerMain.main(GradleWorkerMain.java:74)
</stacktrace>
</test-failure>


TypeScriptCompilerTests_U[jvm] > unknownSymbols1_ts has expected errors matching unknownSymbols1_errors_txt[jvm] FAILED

<test-failure test="com.xemantic.typescript.compiler.TypeScriptCompilerTests_U.unionPropertyExistence_ts has expected errors matching unionPropertyExistence_errors_txt" platform="jvm">
<message>
Expected diagnostics from baseline typescript-repo/tests/baselines/reference/unionPropertyExistence.errors.txt but none produced
</message>
<stacktrace>
  at com.xemantic.typescript.compiler.TypeScriptTestSupportKt.errorsMatchBaseline(TypeScriptTestSupport.kt:125)
  at com.xemantic.typescript.compiler.TypeScriptCompilerTests_U.unionPropertyExistence_ts has expected errors matching unionPropertyExistence_errors_txt(TypeScriptCompilerTests_U.kt:644)
  at java.base/jdk.internal.reflect.DirectMethodHandleAccessor.invoke(DirectMethodHandleAccessor.java:104)
  at java.base/java.lang.reflect.Method.invoke(Method.java:565)
  at org.junit.runners.model.FrameworkMethod$1.runReflectiveCall(FrameworkMethod.java:59)
  at org.junit.internal.runners.model.ReflectiveCallable.run(ReflectiveCallable.java:12)
  at org.junit.runners.model.FrameworkMethod.invokeExplosively(FrameworkMethod.java:56)
  at org.junit.internal.runners.statements.InvokeMethod.evaluate(InvokeMethod.java:17)
  at org.junit.runners.ParentRunner$3.evaluate(ParentRunner.java:306)
  at org.junit.runners.BlockJUnit4ClassRunner$1.evaluate(BlockJUnit4ClassRunner.java:100)
  at org.junit.runners.ParentRunner.runLeaf(ParentRunner.java:366)
  at org.junit.runners.BlockJUnit4ClassRunner.runChild(BlockJUnit4ClassRunner.java:103)
  at org.junit.runners.BlockJUnit4ClassRunner.runChild(BlockJUnit4ClassRunner.java:63)
  at org.junit.runners.ParentRunner$4.run(ParentRunner.java:331)
  at org.junit.runners.ParentRunner$1.schedule(ParentRunner.java:79)
  at org.junit.runners.ParentRunner.runChildren(ParentRunner.java:329)
  at org.junit.runners.ParentRunner.access$100(ParentRunner.java:66)
  at org.junit.runners.ParentRunner$2.evaluate(ParentRunner.java:293)
  at org.junit.runners.ParentRunner$3.evaluate(ParentRunner.java:306)
  at org.junit.runners.ParentRunner.run(ParentRunner.java:413)
  at org.junit.runner.JUnitCore.run(JUnitCore.java:137)
  at org.junit.runner.JUnitCore.run(JUnitCore.java:115)
  at org.gradle.api.internal.tasks.testing.junit.JUnitTestExecutor.runRequest(JUnitTestExecutor.java:175)
  at org.gradle.api.internal.tasks.testing.junit.JUnitTestExecutor.accept(JUnitTestExecutor.java:84)
  at org.gradle.api.internal.tasks.testing.junit.JUnitTestExecutor.accept(JUnitTestExecutor.java:47)
  at org.gradle.api.internal.tasks.testing.junit.AbstractJUnitTestDefinitionProcessor.processTestDefinition(AbstractJUnitTestDefinitionProcessor.java:65)
  at org.gradle.api.internal.tasks.testing.SuiteTestDefinitionProcessor.processTestDefinition(SuiteTestDefinitionProcessor.java:54)
  at java.base/jdk.internal.reflect.DirectMethodHandleAccessor.invoke(DirectMethodHandleAccessor.java:104)
  at java.base/java.lang.reflect.Method.invoke(Method.java:565)
  at org.gradle.internal.dispatch.MethodInvocation.invokeOn(MethodInvocation.java:77)
  at org.gradle.internal.dispatch.ReflectionDispatch.dispatch(ReflectionDispatch.java:28)
  at org.gradle.internal.dispatch.ReflectionDispatch.dispatch(ReflectionDispatch.java:19)
  at org.gradle.internal.dispatch.ContextClassLoaderDispatch.dispatch(ContextClassLoaderDispatch.java:33)
  at org.gradle.internal.dispatch.ProxyDispatchAdapter$DispatchingInvocationHandler.invoke(ProxyDispatchAdapter.java:88)
  at jdk.proxy1/jdk.proxy1.$Proxy4.processTestDefinition(Unknown Source)
  at org.gradle.api.internal.tasks.testing.worker.TestWorker$2.run(TestWorker.java:178)
  at org.gradle.api.internal.tasks.testing.worker.TestWorker.executeAndMaintainThreadName(TestWorker.java:126)
  at org.gradle.api.internal.tasks.testing.worker.TestWorker.execute(TestWorker.java:103)
  at org.gradle.api.internal.tasks.testing.worker.TestWorker.execute(TestWorker.java:63)
  at org.gradle.process.internal.worker.child.ActionExecutionWorker.execute(ActionExecutionWorker.java:56)
  at org.gradle.process.internal.worker.child.SystemApplicationClassLoaderWorker.call(SystemApplicationClassLoaderWorker.java:122)
  at org.gradle.process.internal.worker.child.SystemApplicationClassLoaderWorker.call(SystemApplicationClassLoaderWorker.java:72)
  at worker.org.gradle.process.internal.worker.GradleWorkerMain.run(GradleWorkerMain.java:69)
  at worker.org.gradle.process.internal.worker.GradleWorkerMain.main(GradleWorkerMain.java:74)
</stacktrace>
</test-failure>


TypeScriptCompilerTests_U[jvm] > unionPropertyExistence_ts has expected errors matching unionPropertyExistence_errors_txt[jvm] FAILED

<test-failure test="com.xemantic.typescript.compiler.TypeScriptCompilerTests_U.unionTypeWithRecursiveSubtypeReduction2_ts has expected errors matching unionTypeWithRecursiveSubtypeReduction2_errors_txt" platform="jvm">
<message>
--- expected
+++ actual
@@ -2,24 +2,9 @@
 unionTypeWithRecursiveSubtypeReduction2.ts(6,12): error TS2564: Property 'members' has no initializer and is not definitely assigned in the constructor.
 unionTypeWithRecursiveSubtypeReduction2.ts(10,12): error TS2564: Property 'parent' has no initializer and is not definitely assigned in the constructor.
 unionTypeWithRecursiveSubtypeReduction2.ts(14,12): error TS2564: Property 'parent' has no initializer and is not definitely assigned in the constructor.
-unionTypeWithRecursiveSubtypeReduction2.ts(19,1): error TS2322: Type 'Property' is not assignable to type 'Class'.
-  Types of property 'parent' are incompatible.
-    Type 'Module | Class' is not assignable to type 'Namespace'.
-      Property 'members' is missing in type 'Class' but required in type 'Namespace'.
-unionTypeWithRecursiveSubtypeReduction2.ts(20,1): error TS2322: Type 'Class' is not assignable to type 'Property'.
-  Types of property 'parent' are incompatible.
-    Type 'Namespace' is not assignable to type 'Module | Class'.
-      Type 'Namespace' is not assignable to type 'Module'.
-        Types of property 'members' are incompatible.
-          Type '(Class | Property)[]' is not assignable to type 'Class[]'.
-            Type 'Class | Property' is not assignable to type 'Class'.
-              Type 'Property' is not assignable to type 'Class'.
-                Types of property 'parent' are incompatible.
-                  Type 'Module | Class' is not assignable to type 'Namespace'.
-                    Property 'members' is missing in type 'Class' but required in type 'Namespace'.
 
 
-==== unionTypeWithRecursiveSubtypeReduction2.ts (6 errors) ====
+==== unionTypeWithRecursiveSubtypeReduction2.ts (4 errors) ====
     class Module {
         public members: Class[];
                ~~~~~~~
@@ -47,23 +32,4 @@
     declare var c: Class;
     declare var p: Property;
     c = p;
-    ~
-!!! error TS2322: Type 'Property' is not assignable to type 'Class'.
-!!! error TS2322:   Types of property 'parent' are incompatible.
-!!! error TS2322:     Type 'Module | Class' is not assignable to type 'Namespace'.
-!!! error TS2322:       Property 'members' is missing in type 'Class' but required in type 'Namespace'.
-!!! related TS2728 unionTypeWithRecursiveSubtypeReduction2.ts:6:12: 'members' is declared here.
     p = c;
-    ~
-!!! error TS2322: Type 'Class' is not assignable to type 'Property'.
-!!! error TS2322:   Types of property 'parent' are incompatible.
-!!! error TS2322:     Type 'Namespace' is not assignable to type 'Module | Class'.
-!!! error TS2322:       Type 'Namespace' is not assignable to type 'Module'.
-!!! error TS2322:         Types of property 'members' are incompatible.
-!!! error TS2322:           Type '(Class | Property)[]' is not assignable to type 'Class[]'.
-!!! error TS2322:             Type 'Class | Property' is not assignable to type 'Class'.
-!!! error TS2322:               Type 'Property' is not assignable to type 'Class'.
-!!! error TS2322:                 Types of property 'parent' are incompatible.
-!!! error TS2322:                   Type 'Module | Class' is not assignable to type 'Namespace'.
-!!! error TS2322:                     Property 'members' is missing in type 'Class' but required in type 'Namespace'.
-!!! related TS2728 unionTypeWithRecursiveSubtypeReduction2.ts:6:12: 'members' is declared here.

</message>
<stacktrace>
  at org.junit.Assert.fail(Assert.java:89)
  at kotlin.test.junit.JUnitAsserter.fail(JUnitSupport.kt:56)
  at kotlin.test.AssertionsKt__AssertionsKt.fail(Assertions.kt:563)
  at kotlin.test.AssertionsKt.fail(Unknown Source)
  at com.xemantic.kotlin.test.SameAsKt.sameAs(SameAs.kt:52)
  at com.xemantic.typescript.compiler.TypeScriptTestSupportKt.errorsMatchBaseline(TypeScriptTestSupport.kt:135)
  at com.xemantic.typescript.compiler.TypeScriptCompilerTests_U.unionTypeWithRecursiveSubtypeReduction2_ts has expected errors matching unionTypeWithRecursiveSubtypeReduction2_errors_txt(TypeScriptCompilerTests_U.kt:770)
  at java.base/jdk.internal.reflect.DirectMethodHandleAccessor.invoke(DirectMethodHandleAccessor.java:104)
  at java.base/java.lang.reflect.Method.invoke(Method.java:565)
  at org.junit.runners.model.FrameworkMethod$1.runReflectiveCall(FrameworkMethod.java:59)
  at org.junit.internal.runners.model.ReflectiveCallable.run(ReflectiveCallable.java:12)
  at org.junit.runners.model.FrameworkMethod.invokeExplosively(FrameworkMethod.java:56)
  at org.junit.internal.runners.statements.InvokeMethod.evaluate(InvokeMethod.java:17)
  at org.junit.runners.ParentRunner$3.evaluate(ParentRunner.java:306)
  at org.junit.runners.BlockJUnit4ClassRunner$1.evaluate(BlockJUnit4ClassRunner.java:100)
  at org.junit.runners.ParentRunner.runLeaf(ParentRunner.java:366)
  at org.junit.runners.BlockJUnit4ClassRunner.runChild(BlockJUnit4ClassRunner.java:103)
  at org.junit.runners.BlockJUnit4ClassRunner.runChild(BlockJUnit4ClassRunner.java:63)
  at org.junit.runners.ParentRunner$4.run(ParentRunner.java:331)
  at org.junit.runners.ParentRunner$1.schedule(ParentRunner.java:79)
  at org.junit.runners.ParentRunner.runChildren(ParentRunner.java:329)
  at org.junit.runners.ParentRunner.access$100(ParentRunner.java:66)
  at org.junit.runners.ParentRunner$2.evaluate(ParentRunner.java:293)
  at org.junit.runners.ParentRunner$3.evaluate(ParentRunner.java:306)
  at org.junit.runners.ParentRunner.run(ParentRunner.java:413)
  at org.junit.runner.JUnitCore.run(JUnitCore.java:137)
  at org.junit.runner.JUnitCore.run(JUnitCore.java:115)
  at org.gradle.api.internal.tasks.testing.junit.JUnitTestExecutor.runRequest(JUnitTestExecutor.java:175)
  at org.gradle.api.internal.tasks.testing.junit.JUnitTestExecutor.accept(JUnitTestExecutor.java:84)
  at org.gradle.api.internal.tasks.testing.junit.JUnitTestExecutor.accept(JUnitTestExecutor.java:47)
  at org.gradle.api.internal.tasks.testing.junit.AbstractJUnitTestDefinitionProcessor.processTestDefinition(AbstractJUnitTestDefinitionProcessor.java:65)
  at org.gradle.api.internal.tasks.testing.SuiteTestDefinitionProcessor.processTestDefinition(SuiteTestDefinitionProcessor.java:54)
  at java.base/jdk.internal.reflect.DirectMethodHandleAccessor.invoke(DirectMethodHandleAccessor.java:104)
  at java.base/java.lang.reflect.Method.invoke(Method.java:565)
  at org.gradle.internal.dispatch.MethodInvocation.invokeOn(MethodInvocation.java:77)
  at org.gradle.internal.dispatch.ReflectionDispatch.dispatch(ReflectionDispatch.java:28)
  at org.gradle.internal.dispatch.ReflectionDispatch.dispatch(ReflectionDispatch.java:19)
  at org.gradle.internal.dispatch.ContextClassLoaderDispatch.dispatch(ContextClassLoaderDispatch.java:33)
  at org.gradle.internal.dispatch.ProxyDispatchAdapter$DispatchingInvocationHandler.invoke(ProxyDispatchAdapter.java:88)
  at jdk.proxy1/jdk.proxy1.$Proxy4.processTestDefinition(Unknown Source)
  at org.gradle.api.internal.tasks.testing.worker.TestWorker$2.run(TestWorker.java:178)
  at org.gradle.api.internal.tasks.testing.worker.TestWorker.executeAndMaintainThreadName(TestWorker.java:126)
  at org.gradle.api.internal.tasks.testing.worker.TestWorker.execute(TestWorker.java:103)
  at org.gradle.api.internal.tasks.testing.worker.TestWorker.execute(TestWorker.java:63)
  at org.gradle.process.internal.worker.child.ActionExecutionWorker.execute(ActionExecutionWorker.java:56)
  at org.gradle.process.internal.worker.child.SystemApplicationClassLoaderWorker.call(SystemApplicationClassLoaderWorker.java:122)
  at org.gradle.process.internal.worker.child.SystemApplicationClassLoaderWorker.call(SystemApplicationClassLoaderWorker.java:72)
  at worker.org.gradle.process.internal.worker.GradleWorkerMain.run(GradleWorkerMain.java:69)
  at worker.org.gradle.process.internal.worker.GradleWorkerMain.main(GradleWorkerMain.java:74)
</stacktrace>
</test-failure>


TypeScriptCompilerTests_U[jvm] > unionTypeWithRecursiveSubtypeReduction2_ts has expected errors matching unionTypeWithRecursiveSubtypeReduction2_errors_txt[jvm] FAILED

<test-failure test="com.xemantic.typescript.compiler.TypeScriptCompilerTests_U.unicodeEscapesInNames01_ts__target_esnext__compiles to JavaScript matching baseline" platform="jvm">
<message>
--- expected
+++ actual
@@ -183,9 +183,10 @@
 //# sourceMappingURL=IdentifierNameWithExtendedEscape2.js.map
 //// [PrivateIdentifierNameWithEscape1.js]
 export class PrivateIdentifierWithEscape1 {
-    #\u0078;
+    \u0078;
     constructor() {
-        this.#\u0078 = 0;
+        this.;
+        \u0078 = 0;
     }
     doThing() {
         this.#x = 42;
@@ -194,9 +195,11 @@
 //# sourceMappingURL=PrivateIdentifierNameWithEscape1.js.map
 //// [PrivateIdentifierNameWithEscape2.js]
 export class PrivateIdentifierWithEscape2 {
-    #x\u0078;
+    #x;
+    \u0078;
     constructor() {
-        this.#x\u0078 = 0;
+        this.#x;
+        \u0078 = 0;
     }
     doThing() {
         this.#xx = 42;
@@ -205,9 +208,10 @@
 //# sourceMappingURL=PrivateIdentifierNameWithEscape2.js.map
 //// [PrivateIdentifierNameWithExtendedEscape1.js]
 export class PrivateIdentifierWithExtendedEscape1 {
-    #\u{78};
+    \u{78};
     constructor() {
-        this.#\u{78} = 0;
+        this.;
+        \u{78} = 0;
     }
     doThing() {
         this.#x = 42;
@@ -216,9 +220,11 @@
 //# sourceMappingURL=PrivateIdentifierNameWithExtendedEscape1.js.map
 //// [PrivateIdentifierNameWithExtendedEscape2.js]
 export class PrivateIdentifierWithExtendedEscape2 {
-    #x\u{78};
+    #x;
+    \u{78};
     constructor() {
-        this.#x\u{78} = 0;
+        this.#x;
+        \u{78} = 0;
     }
     doThing() {
         this.#xx = 42;

</message>
<stacktrace>
  at org.junit.Assert.fail(Assert.java:89)
  at kotlin.test.junit.JUnitAsserter.fail(JUnitSupport.kt:56)
  at kotlin.test.AssertionsKt__AssertionsKt.fail(Assertions.kt:563)
  at kotlin.test.AssertionsKt.fail(Unknown Source)
  at com.xemantic.kotlin.test.SameAsKt.sameAs(SameAs.kt:52)
  at com.xemantic.typescript.compiler.TypeScriptTestSupportKt.sameAs(TypeScriptTestSupport.kt:99)
  at com.xemantic.typescript.compiler.TypeScriptCompilerTests_U.unicodeEscapesInNames01_ts__target_esnext__compiles to JavaScript matching baseline(TypeScriptCompilerTests_U.kt:511)
  at java.base/jdk.internal.reflect.DirectMethodHandleAccessor.invoke(DirectMethodHandleAccessor.java:104)
  at java.base/java.lang.reflect.Method.invoke(Method.java:565)
  at org.junit.runners.model.FrameworkMethod$1.runReflectiveCall(FrameworkMethod.java:59)
  at org.junit.internal.runners.model.ReflectiveCallable.run(ReflectiveCallable.java:12)
  at org.junit.runners.model.FrameworkMethod.invokeExplosively(FrameworkMethod.java:56)
  at org.junit.internal.runners.statements.InvokeMethod.evaluate(InvokeMethod.java:17)
  at org.junit.runners.ParentRunner$3.evaluate(ParentRunner.java:306)
  at org.junit.runners.BlockJUnit4ClassRunner$1.evaluate(BlockJUnit4ClassRunner.java:100)
  at org.junit.runners.ParentRunner.runLeaf(ParentRunner.java:366)
  at org.junit.runners.BlockJUnit4ClassRunner.runChild(BlockJUnit4ClassRunner.java:103)
  at org.junit.runners.BlockJUnit4ClassRunner.runChild(BlockJUnit4ClassRunner.java:63)
  at org.junit.runners.ParentRunner$4.run(ParentRunner.java:331)
  at org.junit.runners.ParentRunner$1.schedule(ParentRunner.java:79)
  at org.junit.runners.ParentRunner.runChildren(ParentRunner.java:329)
  at org.junit.runners.ParentRunner.access$100(ParentRunner.java:66)
  at org.junit.runners.ParentRunner$2.evaluate(ParentRunner.java:293)
  at org.junit.runners.ParentRunner$3.evaluate(ParentRunner.java:306)
  at org.junit.runners.ParentRunner.run(ParentRunner.java:413)
  at org.junit.runner.JUnitCore.run(JUnitCore.java:137)
  at org.junit.runner.JUnitCore.run(JUnitCore.java:115)
  at org.gradle.api.internal.tasks.testing.junit.JUnitTestExecutor.runRequest(JUnitTestExecutor.java:175)
  at org.gradle.api.internal.tasks.testing.junit.JUnitTestExecutor.accept(JUnitTestExecutor.java:84)
  at org.gradle.api.internal.tasks.testing.junit.JUnitTestExecutor.accept(JUnitTestExecutor.java:47)
  at org.gradle.api.internal.tasks.testing.junit.AbstractJUnitTestDefinitionProcessor.processTestDefinition(AbstractJUnitTestDefinitionProcessor.java:65)
  at org.gradle.api.internal.tasks.testing.SuiteTestDefinitionProcessor.processTestDefinition(SuiteTestDefinitionProcessor.java:54)
  at java.base/jdk.internal.reflect.DirectMethodHandleAccessor.invoke(DirectMethodHandleAccessor.java:104)
  at java.base/java.lang.reflect.Method.invoke(Method.java:565)
  at org.gradle.internal.dispatch.MethodInvocation.invokeOn(MethodInvocation.java:77)
  at org.gradle.internal.dispatch.ReflectionDispatch.dispatch(ReflectionDispatch.java:28)
  at org.gradle.internal.dispatch.ReflectionDispatch.dispatch(ReflectionDispatch.java:19)
  at org.gradle.internal.dispatch.ContextClassLoaderDispatch.dispatch(ContextClassLoaderDispatch.java:33)
  at org.gradle.internal.dispatch.ProxyDispatchAdapter$DispatchingInvocationHandler.invoke(ProxyDispatchAdapter.java:88)
  at jdk.proxy1/jdk.proxy1.$Proxy4.processTestDefinition(Unknown Source)
  at org.gradle.api.internal.tasks.testing.worker.TestWorker$2.run(TestWorker.java:178)
  at org.gradle.api.internal.tasks.testing.worker.TestWorker.executeAndMaintainThreadName(TestWorker.java:126)
  at org.gradle.api.internal.tasks.testing.worker.TestWorker.execute(TestWorker.java:103)
  at org.gradle.api.internal.tasks.testing.worker.TestWorker.execute(TestWorker.java:63)
  at org.gradle.process.internal.worker.child.ActionExecutionWorker.execute(ActionExecutionWorker.java:56)
  at org.gradle.process.internal.worker.child.SystemApplicationClassLoaderWorker.call(SystemApplicationClassLoaderWorker.java:122)
  at org.gradle.process.internal.worker.child.SystemApplicationClassLoaderWorker.call(SystemApplicationClassLoaderWorker.java:72)
  at worker.org.gradle.process.internal.worker.GradleWorkerMain.run(GradleWorkerMain.java:69)
  at worker.org.gradle.process.internal.worker.GradleWorkerMain.main(GradleWorkerMain.java:74)
</stacktrace>
</test-failure>


TypeScriptCompilerTests_U[jvm] > unicodeEscapesInNames01_ts__target_esnext__compiles to JavaScript matching baseline[jvm] FAILED

<test-failure test="com.xemantic.typescript.compiler.TypeScriptCompilerTests_U.uniqueSymbolJs_ts has expected errors matching uniqueSymbolJs_errors_txt" platform="jvm">
<message>
Expected diagnostics from baseline typescript-repo/tests/baselines/reference/uniqueSymbolJs.errors.txt but none produced
</message>
<stacktrace>
  at com.xemantic.typescript.compiler.TypeScriptTestSupportKt.errorsMatchBaseline(TypeScriptTestSupport.kt:125)
  at com.xemantic.typescript.compiler.TypeScriptCompilerTests_U.uniqueSymbolJs_ts has expected errors matching uniqueSymbolJs_errors_txt(TypeScriptCompilerTests_U.kt:819)
  at java.base/jdk.internal.reflect.DirectMethodHandleAccessor.invoke(DirectMethodHandleAccessor.java:104)
  at java.base/java.lang.reflect.Method.invoke(Method.java:565)
  at org.junit.runners.model.FrameworkMethod$1.runReflectiveCall(FrameworkMethod.java:59)
  at org.junit.internal.runners.model.ReflectiveCallable.run(ReflectiveCallable.java:12)
  at org.junit.runners.model.FrameworkMethod.invokeExplosively(FrameworkMethod.java:56)
  at org.junit.internal.runners.statements.InvokeMethod.evaluate(InvokeMethod.java:17)
  at org.junit.runners.ParentRunner$3.evaluate(ParentRunner.java:306)
  at org.junit.runners.BlockJUnit4ClassRunner$1.evaluate(BlockJUnit4ClassRunner.java:100)
  at org.junit.runners.ParentRunner.runLeaf(ParentRunner.java:366)
  at org.junit.runners.BlockJUnit4ClassRunner.runChild(BlockJUnit4ClassRunner.java:103)
  at org.junit.runners.BlockJUnit4ClassRunner.runChild(BlockJUnit4ClassRunner.java:63)
  at org.junit.runners.ParentRunner$4.run(ParentRunner.java:331)
  at org.junit.runners.ParentRunner$1.schedule(ParentRunner.java:79)
  at org.junit.runners.ParentRunner.runChildren(ParentRunner.java:329)
  at org.junit.runners.ParentRunner.access$100(ParentRunner.java:66)
  at org.junit.runners.ParentRunner$2.evaluate(ParentRunner.java:293)
  at org.junit.runners.ParentRunner$3.evaluate(ParentRunner.java:306)
  at org.junit.runners.ParentRunner.run(ParentRunner.java:413)
  at org.junit.runner.JUnitCore.run(JUnitCore.java:137)
  at org.junit.runner.JUnitCore.run(JUnitCore.java:115)
  at org.gradle.api.internal.tasks.testing.junit.JUnitTestExecutor.runRequest(JUnitTestExecutor.java:175)
  at org.gradle.api.internal.tasks.testing.junit.JUnitTestExecutor.accept(JUnitTestExecutor.java:84)
  at org.gradle.api.internal.tasks.testing.junit.JUnitTestExecutor.accept(JUnitTestExecutor.java:47)
  at org.gradle.api.internal.tasks.testing.junit.AbstractJUnitTestDefinitionProcessor.processTestDefinition(AbstractJUnitTestDefinitionProcessor.java:65)
  at org.gradle.api.internal.tasks.testing.SuiteTestDefinitionProcessor.processTestDefinition(SuiteTestDefinitionProcessor.java:54)
  at java.base/jdk.internal.reflect.DirectMethodHandleAccessor.invoke(DirectMethodHandleAccessor.java:104)
  at java.base/java.lang.reflect.Method.invoke(Method.java:565)
  at org.gradle.internal.dispatch.MethodInvocation.invokeOn(MethodInvocation.java:77)
  at org.gradle.internal.dispatch.ReflectionDispatch.dispatch(ReflectionDispatch.java:28)
  at org.gradle.internal.dispatch.ReflectionDispatch.dispatch(ReflectionDispatch.java:19)
  at org.gradle.internal.dispatch.ContextClassLoaderDispatch.dispatch(ContextClassLoaderDispatch.java:33)
  at org.gradle.internal.dispatch.ProxyDispatchAdapter$DispatchingInvocationHandler.invoke(ProxyDispatchAdapter.java:88)
  at jdk.proxy1/jdk.proxy1.$Proxy4.processTestDefinition(Unknown Source)
  at org.gradle.api.internal.tasks.testing.worker.TestWorker$2.run(TestWorker.java:178)
  at org.gradle.api.internal.tasks.testing.worker.TestWorker.executeAndMaintainThreadName(TestWorker.java:126)
  at org.gradle.api.internal.tasks.testing.worker.TestWorker.execute(TestWorker.java:103)
  at org.gradle.api.internal.tasks.testing.worker.TestWorker.execute(TestWorker.java:63)
  at org.gradle.process.internal.worker.child.ActionExecutionWorker.execute(ActionExecutionWorker.java:56)
  at org.gradle.process.internal.worker.child.SystemApplicationClassLoaderWorker.call(SystemApplicationClassLoaderWorker.java:122)
  at org.gradle.process.internal.worker.child.SystemApplicationClassLoaderWorker.call(SystemApplicationClassLoaderWorker.java:72)
  at worker.org.gradle.process.internal.worker.GradleWorkerMain.run(GradleWorkerMain.java:69)
  at worker.org.gradle.process.internal.worker.GradleWorkerMain.main(GradleWorkerMain.java:74)
</stacktrace>
</test-failure>


TypeScriptCompilerTests_U[jvm] > uniqueSymbolJs_ts has expected errors matching uniqueSymbolJs_errors_txt[jvm] FAILED

<test-failure test="com.xemantic.typescript.compiler.TypeScriptCompilerTests_U.unicodeEscapesInNames01_ts__target_es5__has expected errors matching baseline" platform="jvm">
<message>
--- expected
+++ actual
@@ -1,8 +1,16 @@
 error TS5107: Option 'target=ES5' is deprecated and will stop functioning in TypeScript 7.0. Specify compilerOption '"ignoreDeprecations": "6.0"' to silence this error.
-PrivateIdentifierNameWithEscape1.ts(2,5): error TS18028: Private identifiers are only available when targeting ECMAScript 2015 and higher.
-PrivateIdentifierNameWithEscape2.ts(2,5): error TS18028: Private identifiers are only available when targeting ECMAScript 2015 and higher.
-PrivateIdentifierNameWithExtendedEscape1.ts(2,5): error TS18028: Private identifiers are only available when targeting ECMAScript 2015 and higher.
-PrivateIdentifierNameWithExtendedEscape2.ts(2,5): error TS18028: Private identifiers are only available when targeting ECMAScript 2015 and higher.
+PrivateIdentifierNameWithEscape1.ts(2,6): error TS2564: Property 'x' has no initializer and is not definitely assigned in the constructor.
+PrivateIdentifierNameWithEscape1.ts(5,14): error TS1003: Identifier expected.
+PrivateIdentifierNameWithEscape1.ts(5,14): error TS2339: Property '' does not exist on type 'PrivateIdentifierWithEscape1'.
+PrivateIdentifierNameWithEscape1.ts(9,14): error TS2339: Property '#x' does not exist on type 'PrivateIdentifierWithEscape1'.
+PrivateIdentifierNameWithEscape2.ts(2,7): error TS2564: Property 'x' has no initializer and is not definitely assigned in the constructor.
+PrivateIdentifierNameWithEscape2.ts(9,14): error TS2551: Property '#xx' does not exist on type 'PrivateIdentifierWithEscape2'. Did you mean '#x'?
+PrivateIdentifierNameWithExtendedEscape1.ts(2,6): error TS2564: Property 'x' has no initializer and is not definitely assigned in the constructor.
+PrivateIdentifierNameWithExtendedEscape1.ts(5,14): error TS1003: Identifier expected.
+PrivateIdentifierNameWithExtendedEscape1.ts(5,14): error TS2339: Property '' does not exist on type 'PrivateIdentifierWithExtendedEscape1'.
+PrivateIdentifierNameWithExtendedEscape1.ts(9,14): error TS2339: Property '#x' does not exist on type 'PrivateIdentifierWithExtendedEscape1'.
+PrivateIdentifierNameWithExtendedEscape2.ts(2,7): error TS2564: Property 'x' has no initializer and is not definitely assigned in the constructor.
+PrivateIdentifierNameWithExtendedEscape2.ts(9,14): error TS2551: Property '#xx' does not exist on type 'PrivateIdentifierWithExtendedEscape2'. Did you mean '#x'?
 
 
 !!! error TS5107: Option 'target=ES5' is deprecated and will stop functioning in TypeScript 7.0. Specify compilerOption '"ignoreDeprecations": "6.0"' to silence this error.
@@ -74,26 +82,32 @@
         }
     }
     
-==== PrivateIdentifierNameWithEscape1.ts (1 errors) ====
+==== PrivateIdentifierNameWithEscape1.ts (4 errors) ====
     export class PrivateIdentifierWithEscape1 {
         #\u0078: number;
-        ~~~~~~~
-!!! error TS18028: Private identifiers are only available when targeting ECMAScript 2015 and higher.
+         ~
+!!! error TS2564: Property 'x' has no initializer and is not definitely assigned in the constructor.
     
         constructor() {
             this.#\u0078 = 0;
+                 
+!!! error TS1003: Identifier expected.
+                 
+!!! error TS2339: Property '' does not exist on type 'PrivateIdentifierWithEscape1'.
         }
     
         doThing() {
             this.#x = 42;
+                 ~~
+!!! error TS2339: Property '#x' does not exist on type 'PrivateIdentifierWithEscape1'.
         }
     }
     
-==== PrivateIdentifierNameWithEscape2.ts (1 errors) ====
+==== PrivateIdentifierNameWithEscape2.ts (2 errors) ====
     export class PrivateIdentifierWithEscape2 {
         #x\u0078: number;
-        ~~~~~~~~
-!!! error TS18028: Private identifiers are only available when targeting ECMAScript 2015 and higher.
+          ~
+!!! error TS2564: Property 'x' has no initializer and is not definitely assigned in the constructor.
     
         constructor() {
             this.#x\u0078 = 0;
@@ -101,29 +115,38 @@
     
         doThing() {
             this.#xx = 42;
+                 ~~~
+!!! error TS2551: Property '#xx' does not exist on type 'PrivateIdentifierWithEscape2'. Did you mean '#x'?
+!!! related TS2728 PrivateIdentifierNameWithEscape2.ts:2:5: '#x' is declared here.
         }
     }
     
-==== PrivateIdentifierNameWithExtendedEscape1.ts (1 errors) ====
+==== PrivateIdentifierNameWithExtendedEscape1.ts (4 errors) ====
     export class PrivateIdentifierWithExtendedEscape1 {
         #\u{78}: number;
-        ~~~~~~~
-!!! error TS18028: Private identifiers are only available when targeting ECMAScript 2015 and higher.
+         ~
+!!! error TS2564: Property 'x' has no initializer and is not definitely assigned in the constructor.
     
         constructor() {
             this.#\u{78} = 0;
+                 
+!!! error TS1003: Identifier expected.
+                 
+!!! error TS2339: Property '' does not exist on type 'PrivateIdentifierWithExtendedEscape1'.
         }
     
         doThing() {
             this.#x = 42;
+                 ~~
+!!! error TS2339: Property '#x' does not exist on type 'PrivateIdentifierWithExtendedEscape1'.
         }
     }
     
-==== PrivateIdentifierNameWithExtendedEscape2.ts (1 errors) ====
+==== PrivateIdentifierNameWithExtendedEscape2.ts (2 errors) ====
     export class PrivateIdentifierWithExtendedEscape2 {
         #x\u{78}: number;
-        ~~~~~~~~
-!!! error TS18028: Private identifiers are only available when targeting ECMAScript 2015 and higher.
+          ~
+!!! error TS2564: Property 'x' has no initializer and is not definitely assigned in the constructor.
     
         constructor() {
             this.#x\u{78} = 0;
@@ -131,5 +154,8 @@
     
         doThing() {
             this.#xx = 42;
+                 ~~~
+!!! error TS2551: Property '#xx' does not exist on type 'PrivateIdentifierWithExtendedEscape2'. Did you mean '#x'?
+!!! related TS2728 PrivateIdentifierNameWithExtendedEscape2.ts:2:5: '#x' is declared here.
         }
     }

</message>
<stacktrace>
  at org.junit.Assert.fail(Assert.java:89)
  at kotlin.test.junit.JUnitAsserter.fail(JUnitSupport.kt:56)
  at kotlin.test.AssertionsKt__AssertionsKt.fail(Assertions.kt:563)
  at kotlin.test.AssertionsKt.fail(Unknown Source)
  at com.xemantic.kotlin.test.SameAsKt.sameAs(SameAs.kt:52)
  at com.xemantic.typescript.compiler.TypeScriptTestSupportKt.errorsMatchBaseline(TypeScriptTestSupport.kt:135)
  at com.xemantic.typescript.compiler.TypeScriptCompilerTests_U.unicodeEscapesInNames01_ts__target_es5__has expected errors matching baseline(TypeScriptCompilerTests_U.kt:518)
  at java.base/jdk.internal.reflect.DirectMethodHandleAccessor.invoke(DirectMethodHandleAccessor.java:104)
  at java.base/java.lang.reflect.Method.invoke(Method.java:565)
  at org.junit.runners.model.FrameworkMethod$1.runReflectiveCall(FrameworkMethod.java:59)
  at org.junit.internal.runners.model.ReflectiveCallable.run(ReflectiveCallable.java:12)
  at org.junit.runners.model.FrameworkMethod.invokeExplosively(FrameworkMethod.java:56)
  at org.junit.internal.runners.statements.InvokeMethod.evaluate(InvokeMethod.java:17)
  at org.junit.runners.ParentRunner$3.evaluate(ParentRunner.java:306)
  at org.junit.runners.BlockJUnit4ClassRunner$1.evaluate(BlockJUnit4ClassRunner.java:100)
  at org.junit.runners.ParentRunner.runLeaf(ParentRunner.java:366)
  at org.junit.runners.BlockJUnit4ClassRunner.runChild(BlockJUnit4ClassRunner.java:103)
  at org.junit.runners.BlockJUnit4ClassRunner.runChild(BlockJUnit4ClassRunner.java:63)
  at org.junit.runners.ParentRunner$4.run(ParentRunner.java:331)
  at org.junit.runners.ParentRunner$1.schedule(ParentRunner.java:79)
  at org.junit.runners.ParentRunner.runChildren(ParentRunner.java:329)
  at org.junit.runners.ParentRunner.access$100(ParentRunner.java:66)
  at org.junit.runners.ParentRunner$2.evaluate(ParentRunner.java:293)
  at org.junit.runners.ParentRunner$3.evaluate(ParentRunner.java:306)
  at org.junit.runners.ParentRunner.run(ParentRunner.java:413)
  at org.junit.runner.JUnitCore.run(JUnitCore.java:137)
  at org.junit.runner.JUnitCore.run(JUnitCore.java:115)
  at org.gradle.api.internal.tasks.testing.junit.JUnitTestExecutor.runRequest(JUnitTestExecutor.java:175)
  at org.gradle.api.internal.tasks.testing.junit.JUnitTestExecutor.accept(JUnitTestExecutor.java:84)
  at org.gradle.api.internal.tasks.testing.junit.JUnitTestExecutor.accept(JUnitTestExecutor.java:47)
  at org.gradle.api.internal.tasks.testing.junit.AbstractJUnitTestDefinitionProcessor.processTestDefinition(AbstractJUnitTestDefinitionProcessor.java:65)
  at org.gradle.api.internal.tasks.testing.SuiteTestDefinitionProcessor.processTestDefinition(SuiteTestDefinitionProcessor.java:54)
  at java.base/jdk.internal.reflect.DirectMethodHandleAccessor.invoke(DirectMethodHandleAccessor.java:104)
  at java.base/java.lang.reflect.Method.invoke(Method.java:565)
  at org.gradle.internal.dispatch.MethodInvocation.invokeOn(MethodInvocation.java:77)
  at org.gradle.internal.dispatch.ReflectionDispatch.dispatch(ReflectionDispatch.java:28)
  at org.gradle.internal.dispatch.ReflectionDispatch.dispatch(ReflectionDispatch.java:19)
  at org.gradle.internal.dispatch.ContextClassLoaderDispatch.dispatch(ContextClassLoaderDispatch.java:33)
  at org.gradle.internal.dispatch.ProxyDispatchAdapter$DispatchingInvocationHandler.invoke(ProxyDispatchAdapter.java:88)
  at jdk.proxy1/jdk.proxy1.$Proxy4.processTestDefinition(Unknown Source)
  at org.gradle.api.internal.tasks.testing.worker.TestWorker$2.run(TestWorker.java:178)
  at org.gradle.api.internal.tasks.testing.worker.TestWorker.executeAndMaintainThreadName(TestWorker.java:126)
  at org.gradle.api.internal.tasks.testing.worker.TestWorker.execute(TestWorker.java:103)
  at org.gradle.api.internal.tasks.testing.worker.TestWorker.execute(TestWorker.java:63)
  at org.gradle.process.internal.worker.child.ActionExecutionWorker.execute(ActionExecutionWorker.java:56)
  at org.gradle.process.internal.worker.child.SystemApplicationClassLoaderWorker.call(SystemApplicationClassLoaderWorker.java:122)
  at org.gradle.process.internal.worker.child.SystemApplicationClassLoaderWorker.call(SystemApplicationClassLoaderWorker.java:72)
  at worker.org.gradle.process.internal.worker.GradleWorkerMain.run(GradleWorkerMain.java:69)
  at worker.org.gradle.process.internal.worker.GradleWorkerMain.main(GradleWorkerMain.java:74)
</stacktrace>
</test-failure>


TypeScriptCompilerTests_U[jvm] > unicodeEscapesInNames01_ts__target_es5__has expected errors matching baseline[jvm] FAILED

<test-failure test="com.xemantic.typescript.compiler.TypeScriptCompilerTests_U.unionOfArraysFilterCall_ts has expected errors matching unionOfArraysFilterCall_errors_txt" platform="jvm">
<message>
Expected diagnostics from baseline typescript-repo/tests/baselines/reference/unionOfArraysFilterCall.errors.txt but none produced
</message>
<stacktrace>
  at com.xemantic.typescript.compiler.TypeScriptTestSupportKt.errorsMatchBaseline(TypeScriptTestSupport.kt:125)
  at com.xemantic.typescript.compiler.TypeScriptCompilerTests_U.unionOfArraysFilterCall_ts has expected errors matching unionOfArraysFilterCall_errors_txt(TypeScriptCompilerTests_U.kt:609)
  at java.base/jdk.internal.reflect.DirectMethodHandleAccessor.invoke(DirectMethodHandleAccessor.java:104)
  at java.base/java.lang.reflect.Method.invoke(Method.java:565)
  at org.junit.runners.model.FrameworkMethod$1.runReflectiveCall(FrameworkMethod.java:59)
  at org.junit.internal.runners.model.ReflectiveCallable.run(ReflectiveCallable.java:12)
  at org.junit.runners.model.FrameworkMethod.invokeExplosively(FrameworkMethod.java:56)
  at org.junit.internal.runners.statements.InvokeMethod.evaluate(InvokeMethod.java:17)
  at org.junit.runners.ParentRunner$3.evaluate(ParentRunner.java:306)
  at org.junit.runners.BlockJUnit4ClassRunner$1.evaluate(BlockJUnit4ClassRunner.java:100)
  at org.junit.runners.ParentRunner.runLeaf(ParentRunner.java:366)
  at org.junit.runners.BlockJUnit4ClassRunner.runChild(BlockJUnit4ClassRunner.java:103)
  at org.junit.runners.BlockJUnit4ClassRunner.runChild(BlockJUnit4ClassRunner.java:63)
  at org.junit.runners.ParentRunner$4.run(ParentRunner.java:331)
  at org.junit.runners.ParentRunner$1.schedule(ParentRunner.java:79)
  at org.junit.runners.ParentRunner.runChildren(ParentRunner.java:329)
  at org.junit.runners.ParentRunner.access$100(ParentRunner.java:66)
  at org.junit.runners.ParentRunner$2.evaluate(ParentRunner.java:293)
  at org.junit.runners.ParentRunner$3.evaluate(ParentRunner.java:306)
  at org.junit.runners.ParentRunner.run(ParentRunner.java:413)
  at org.junit.runner.JUnitCore.run(JUnitCore.java:137)
  at org.junit.runner.JUnitCore.run(JUnitCore.java:115)
  at org.gradle.api.internal.tasks.testing.junit.JUnitTestExecutor.runRequest(JUnitTestExecutor.java:175)
  at org.gradle.api.internal.tasks.testing.junit.JUnitTestExecutor.accept(JUnitTestExecutor.java:84)
  at org.gradle.api.internal.tasks.testing.junit.JUnitTestExecutor.accept(JUnitTestExecutor.java:47)
  at org.gradle.api.internal.tasks.testing.junit.AbstractJUnitTestDefinitionProcessor.processTestDefinition(AbstractJUnitTestDefinitionProcessor.java:65)
  at org.gradle.api.internal.tasks.testing.SuiteTestDefinitionProcessor.processTestDefinition(SuiteTestDefinitionProcessor.java:54)
  at java.base/jdk.internal.reflect.DirectMethodHandleAccessor.invoke(DirectMethodHandleAccessor.java:104)
  at java.base/java.lang.reflect.Method.invoke(Method.java:565)
  at org.gradle.internal.dispatch.MethodInvocation.invokeOn(MethodInvocation.java:77)
  at org.gradle.internal.dispatch.ReflectionDispatch.dispatch(ReflectionDispatch.java:28)
  at org.gradle.internal.dispatch.ReflectionDispatch.dispatch(ReflectionDispatch.java:19)
  at org.gradle.internal.dispatch.ContextClassLoaderDispatch.dispatch(ContextClassLoaderDispatch.java:33)
  at org.gradle.internal.dispatch.ProxyDispatchAdapter$DispatchingInvocationHandler.invoke(ProxyDispatchAdapter.java:88)
  at jdk.proxy1/jdk.proxy1.$Proxy4.processTestDefinition(Unknown Source)
  at org.gradle.api.internal.tasks.testing.worker.TestWorker$2.run(TestWorker.java:178)
  at org.gradle.api.internal.tasks.testing.worker.TestWorker.executeAndMaintainThreadName(TestWorker.java:126)
  at org.gradle.api.internal.tasks.testing.worker.TestWorker.execute(TestWorker.java:103)
  at org.gradle.api.internal.tasks.testing.worker.TestWorker.execute(TestWorker.java:63)
  at org.gradle.process.internal.worker.child.ActionExecutionWorker.execute(ActionExecutionWorker.java:56)
  at org.gradle.process.internal.worker.child.SystemApplicationClassLoaderWorker.call(SystemApplicationClassLoaderWorker.java:122)
  at org.gradle.process.internal.worker.child.SystemApplicationClassLoaderWorker.call(SystemApplicationClassLoaderWorker.java:72)
  at worker.org.gradle.process.internal.worker.GradleWorkerMain.run(GradleWorkerMain.java:69)
  at worker.org.gradle.process.internal.worker.GradleWorkerMain.main(GradleWorkerMain.java:74)
</stacktrace>
</test-failure>


TypeScriptCompilerTests_U[jvm] > unionOfArraysFilterCall_ts has expected errors matching unionOfArraysFilterCall_errors_txt[jvm] FAILED

<test-failure test="com.xemantic.typescript.compiler.TypeScriptCompilerTests_U.unknownSymbols2_ts has expected errors matching unknownSymbols2_errors_txt" platform="jvm">
<message>
--- expected
+++ actual
@@ -7,10 +7,9 @@
 unknownSymbols2.ts(16,14): error TS2304: Cannot find name 'qwerty'.
 unknownSymbols2.ts(22,19): error TS2304: Cannot find name 'asdf'.
 unknownSymbols2.ts(23,32): error TS2304: Cannot find name 'qwerty'.
-unknownSymbols2.ts(29,16): error TS2503: Cannot find namespace 'asdf'.
 
 
-==== unknownSymbols2.ts (10 errors) ====
+==== unknownSymbols2.ts (9 errors) ====
     namespace M {
         var x: asdf;
                ~~~~
@@ -58,6 +57,4 @@
         }
         import c = N;
         import d = asdf;
-                   ~~~~
-!!! error TS2503: Cannot find namespace 'asdf'.
     }

</message>
<stacktrace>
  at org.junit.Assert.fail(Assert.java:89)
  at kotlin.test.junit.JUnitAsserter.fail(JUnitSupport.kt:56)
  at kotlin.test.AssertionsKt__AssertionsKt.fail(Assertions.kt:563)
  at kotlin.test.AssertionsKt.fail(Unknown Source)
  at com.xemantic.kotlin.test.SameAsKt.sameAs(SameAs.kt:52)
  at com.xemantic.typescript.compiler.TypeScriptTestSupportKt.errorsMatchBaseline(TypeScriptTestSupport.kt:135)
  at com.xemantic.typescript.compiler.TypeScriptCompilerTests_U.unknownSymbols2_ts has expected errors matching unknownSymbols2_errors_txt(TypeScriptCompilerTests_U.kt:903)
  at java.base/jdk.internal.reflect.DirectMethodHandleAccessor.invoke(DirectMethodHandleAccessor.java:104)
  at java.base/java.lang.reflect.Method.invoke(Method.java:565)
  at org.junit.runners.model.FrameworkMethod$1.runReflectiveCall(FrameworkMethod.java:59)
  at org.junit.internal.runners.model.ReflectiveCallable.run(ReflectiveCallable.java:12)
  at org.junit.runners.model.FrameworkMethod.invokeExplosively(FrameworkMethod.java:56)
  at org.junit.internal.runners.statements.InvokeMethod.evaluate(InvokeMethod.java:17)
  at org.junit.runners.ParentRunner$3.evaluate(ParentRunner.java:306)
  at org.junit.runners.BlockJUnit4ClassRunner$1.evaluate(BlockJUnit4ClassRunner.java:100)
  at org.junit.runners.ParentRunner.runLeaf(ParentRunner.java:366)
  at org.junit.runners.BlockJUnit4ClassRunner.runChild(BlockJUnit4ClassRunner.java:103)
  at org.junit.runners.BlockJUnit4ClassRunner.runChild(BlockJUnit4ClassRunner.java:63)
  at org.junit.runners.ParentRunner$4.run(ParentRunner.java:331)
  at org.junit.runners.ParentRunner$1.schedule(ParentRunner.java:79)
  at org.junit.runners.ParentRunner.runChildren(ParentRunner.java:329)
  at org.junit.runners.ParentRunner.access$100(ParentRunner.java:66)
  at org.junit.runners.ParentRunner$2.evaluate(ParentRunner.java:293)
  at org.junit.runners.ParentRunner$3.evaluate(ParentRunner.java:306)
  at org.junit.runners.ParentRunner.run(ParentRunner.java:413)
  at org.junit.runner.JUnitCore.run(JUnitCore.java:137)
  at org.junit.runner.JUnitCore.run(JUnitCore.java:115)
  at org.gradle.api.internal.tasks.testing.junit.JUnitTestExecutor.runRequest(JUnitTestExecutor.java:175)
  at org.gradle.api.internal.tasks.testing.junit.JUnitTestExecutor.accept(JUnitTestExecutor.java:84)
  at org.gradle.api.internal.tasks.testing.junit.JUnitTestExecutor.accept(JUnitTestExecutor.java:47)
  at org.gradle.api.internal.tasks.testing.junit.AbstractJUnitTestDefinitionProcessor.processTestDefinition(AbstractJUnitTestDefinitionProcessor.java:65)
  at org.gradle.api.internal.tasks.testing.SuiteTestDefinitionProcessor.processTestDefinition(SuiteTestDefinitionProcessor.java:54)
  at java.base/jdk.internal.reflect.DirectMethodHandleAccessor.invoke(DirectMethodHandleAccessor.java:104)
  at java.base/java.lang.reflect.Method.invoke(Method.java:565)
  at org.gradle.internal.dispatch.MethodInvocation.invokeOn(MethodInvocation.java:77)
  at org.gradle.internal.dispatch.ReflectionDispatch.dispatch(ReflectionDispatch.java:28)
  at org.gradle.internal.dispatch.ReflectionDispatch.dispatch(ReflectionDispatch.java:19)
  at org.gradle.internal.dispatch.ContextClassLoaderDispatch.dispatch(ContextClassLoaderDispatch.java:33)
  at org.gradle.internal.dispatch.ProxyDispatchAdapter$DispatchingInvocationHandler.invoke(ProxyDispatchAdapter.java:88)
  at jdk.proxy1/jdk.proxy1.$Proxy4.processTestDefinition(Unknown Source)
  at org.gradle.api.internal.tasks.testing.worker.TestWorker$2.run(TestWorker.java:178)
  at org.gradle.api.internal.tasks.testing.worker.TestWorker.executeAndMaintainThreadName(TestWorker.java:126)
  at org.gradle.api.internal.tasks.testing.worker.TestWorker.execute(TestWorker.java:103)
  at org.gradle.api.internal.tasks.testing.worker.TestWorker.execute(TestWorker.java:63)
  at org.gradle.process.internal.worker.child.ActionExecutionWorker.execute(ActionExecutionWorker.java:56)
  at org.gradle.process.internal.worker.child.SystemApplicationClassLoaderWorker.call(SystemApplicationClassLoaderWorker.java:122)
  at org.gradle.process.internal.worker.child.SystemApplicationClassLoaderWorker.call(SystemApplicationClassLoaderWorker.java:72)
  at worker.org.gradle.process.internal.worker.GradleWorkerMain.run(GradleWorkerMain.java:69)
  at worker.org.gradle.process.internal.worker.GradleWorkerMain.main(GradleWorkerMain.java:74)
</stacktrace>
</test-failure>


TypeScriptCompilerTests_U[jvm] > unknownSymbols2_ts has expected errors matching unknownSymbols2_errors_txt[jvm] FAILED

<test-failure test="com.xemantic.typescript.compiler.TypeScriptCompilerTests_U.unicodeEscapesInNames01_ts__target_es2015__compiles to JavaScript matching baseline" platform="jvm">
<message>
--- expected
+++ actual
@@ -178,78 +178,48 @@
 }
 //# sourceMappingURL=IdentifierNameWithExtendedEscape2.js.map
 //// [PrivateIdentifierNameWithEscape1.js]
-var __classPrivateFieldSet = (this && this.__classPrivateFieldSet) || function (receiver, state, value, kind, f) {
-    if (kind === "m") throw new TypeError("Private method is not writable");
-    if (kind === "a" && !f) throw new TypeError("Private accessor was defined without a setter");
-    if (typeof state === "function" ? receiver !== state || !f : !state.has(receiver)) throw new TypeError("Cannot write private member to an object whose class did not declare it");
-    return (kind === "a" ? f.call(receiver, value) : f ? f.value = value : state.set(receiver, value)), value;
-};
-var _PrivateIdentifierWithEscape1_x;
 export class PrivateIdentifierWithEscape1 {
     constructor() {
-        _PrivateIdentifierWithEscape1_x.set(this, void 0);
-        __classPrivateFieldSet(this, _PrivateIdentifierWithEscape1_x, 0, "f");
+        this.;
+        \u0078 = 0;
     }
     doThing() {
-        __classPrivateFieldSet(this, _PrivateIdentifierWithEscape1_x, 42, "f");
+        this.#x = 42;
     }
 }
-_PrivateIdentifierWithEscape1_x = new WeakMap();
 //# sourceMappingURL=PrivateIdentifierNameWithEscape1.js.map
 //// [PrivateIdentifierNameWithEscape2.js]
-var __classPrivateFieldSet = (this && this.__classPrivateFieldSet) || function (receiver, state, value, kind, f) {
-    if (kind === "m") throw new TypeError("Private method is not writable");
-    if (kind === "a" && !f) throw new TypeError("Private accessor was defined without a setter");
-    if (typeof state === "function" ? receiver !== state || !f : !state.has(receiver)) throw new TypeError("Cannot write private member to an object whose class did not declare it");
-    return (kind === "a" ? f.call(receiver, value) : f ? f.value = value : state.set(receiver, value)), value;
-};
-var _PrivateIdentifierWithEscape2_xx;
 export class PrivateIdentifierWithEscape2 {
+    #x;
     constructor() {
-        _PrivateIdentifierWithEscape2_xx.set(this, void 0);
-        __classPrivateFieldSet(this, _PrivateIdentifierWithEscape2_xx, 0, "f");
+        this.#x;
+        \u0078 = 0;
     }
     doThing() {
-        __classPrivateFieldSet(this, _PrivateIdentifierWithEscape2_xx, 42, "f");
+        this.#xx = 42;
     }
 }
-_PrivateIdentifierWithEscape2_xx = new WeakMap();
 //# sourceMappingURL=PrivateIdentifierNameWithEscape2.js.map
 //// [PrivateIdentifierNameWithExtendedEscape1.js]
-var __classPrivateFieldSet = (this && this.__classPrivateFieldSet) || function (receiver, state, value, kind, f) {
-    if (kind === "m") throw new TypeError("Private method is not writable");
-    if (kind === "a" && !f) throw new TypeError("Private accessor was defined without a setter");
-    if (typeof state === "function" ? receiver !== state || !f : !state.has(receiver)) throw new TypeError("Cannot write private member to an object whose class did not declare it");
-    return (kind === "a" ? f.call(receiver, value) : f ? f.value = value : state.set(receiver, value)), value;
-};
-var _PrivateIdentifierWithExtendedEscape1_x;
 export class PrivateIdentifierWithExtendedEscape1 {
     constructor() {
-        _PrivateIdentifierWithExtendedEscape1_x.set(this, void 0);
-        __classPrivateFieldSet(this, _PrivateIdentifierWithExtendedEscape1_x, 0, "f");
+        this.;
+        \u{78} = 0;
     }
     doThing() {
-        __classPrivateFieldSet(this, _PrivateIdentifierWithExtendedEscape1_x, 42, "f");
+        this.#x = 42;
     }
 }
-_PrivateIdentifierWithExtendedEscape1_x = new WeakMap();
 //# sourceMappingURL=PrivateIdentifierNameWithExtendedEscape1.js.map
 //// [PrivateIdentifierNameWithExtendedEscape2.js]
-var __classPrivateFieldSet = (this && this.__classPrivateFieldSet) || function (receiver, state, value, kind, f) {
-    if (kind === "m") throw new TypeError("Private method is not writable");
-    if (kind === "a" && !f) throw new TypeError("Private accessor was defined without a setter");
-    if (typeof state === "function" ? receiver !== state || !f : !state.has(receiver)) throw new TypeError("Cannot write private member to an object whose class did not declare it");
-    return (kind === "a" ? f.call(receiver, value) : f ? f.value = value : state.set(receiver, value)), value;
-};
-var _PrivateIdentifierWithExtendedEscape2_xx;
 export class PrivateIdentifierWithExtendedEscape2 {
+    #x;
     constructor() {
-        _PrivateIdentifierWithExtendedEscape2_xx.set(this, void 0);
-        __classPrivateFieldSet(this, _PrivateIdentifierWithExtendedEscape2_xx, 0, "f");
+        this.#x;
+        \u{78} = 0;
     }
     doThing() {
-        __classPrivateFieldSet(this, _PrivateIdentifierWithExtendedEscape2_xx, 42, "f");
+        this.#xx = 42;
     }
 }
-_PrivateIdentifierWithExtendedEscape2_xx = new WeakMap();
 //# sourceMappingURL=PrivateIdentifierNameWithExtendedEscape2.js.map

</message>
<stacktrace>
  at org.junit.Assert.fail(Assert.java:89)
  at kotlin.test.junit.JUnitAsserter.fail(JUnitSupport.kt:56)
  at kotlin.test.AssertionsKt__AssertionsKt.fail(Assertions.kt:563)
  at kotlin.test.AssertionsKt.fail(Unknown Source)
  at com.xemantic.kotlin.test.SameAsKt.sameAs(SameAs.kt:52)
  at com.xemantic.typescript.compiler.TypeScriptTestSupportKt.sameAs(TypeScriptTestSupport.kt:99)
  at com.xemantic.typescript.compiler.TypeScriptCompilerTests_U.unicodeEscapesInNames01_ts__target_es2015__compiles to JavaScript matching baseline(TypeScriptCompilerTests_U.kt:504)
  at java.base/jdk.internal.reflect.DirectMethodHandleAccessor.invoke(DirectMethodHandleAccessor.java:104)
  at java.base/java.lang.reflect.Method.invoke(Method.java:565)
  at org.junit.runners.model.FrameworkMethod$1.runReflectiveCall(FrameworkMethod.java:59)
  at org.junit.internal.runners.model.ReflectiveCallable.run(ReflectiveCallable.java:12)
  at org.junit.runners.model.FrameworkMethod.invokeExplosively(FrameworkMethod.java:56)
  at org.junit.internal.runners.statements.InvokeMethod.evaluate(InvokeMethod.java:17)
  at org.junit.runners.ParentRunner$3.evaluate(ParentRunner.java:306)
  at org.junit.runners.BlockJUnit4ClassRunner$1.evaluate(BlockJUnit4ClassRunner.java:100)
  at org.junit.runners.ParentRunner.runLeaf(ParentRunner.java:366)
  at org.junit.runners.BlockJUnit4ClassRunner.runChild(BlockJUnit4ClassRunner.java:103)
  at org.junit.runners.BlockJUnit4ClassRunner.runChild(BlockJUnit4ClassRunner.java:63)
  at org.junit.runners.ParentRunner$4.run(ParentRunner.java:331)
  at org.junit.runners.ParentRunner$1.schedule(ParentRunner.java:79)
  at org.junit.runners.ParentRunner.runChildren(ParentRunner.java:329)
  at org.junit.runners.ParentRunner.access$100(ParentRunner.java:66)
  at org.junit.runners.ParentRunner$2.evaluate(ParentRunner.java:293)
  at org.junit.runners.ParentRunner$3.evaluate(ParentRunner.java:306)
  at org.junit.runners.ParentRunner.run(ParentRunner.java:413)
  at org.junit.runner.JUnitCore.run(JUnitCore.java:137)
  at org.junit.runner.JUnitCore.run(JUnitCore.java:115)
  at org.gradle.api.internal.tasks.testing.junit.JUnitTestExecutor.runRequest(JUnitTestExecutor.java:175)
  at org.gradle.api.internal.tasks.testing.junit.JUnitTestExecutor.accept(JUnitTestExecutor.java:84)
  at org.gradle.api.internal.tasks.testing.junit.JUnitTestExecutor.accept(JUnitTestExecutor.java:47)
  at org.gradle.api.internal.tasks.testing.junit.AbstractJUnitTestDefinitionProcessor.processTestDefinition(AbstractJUnitTestDefinitionProcessor.java:65)
  at org.gradle.api.internal.tasks.testing.SuiteTestDefinitionProcessor.processTestDefinition(SuiteTestDefinitionProcessor.java:54)
  at java.base/jdk.internal.reflect.DirectMethodHandleAccessor.invoke(DirectMethodHandleAccessor.java:104)
  at java.base/java.lang.reflect.Method.invoke(Method.java:565)
  at org.gradle.internal.dispatch.MethodInvocation.invokeOn(MethodInvocation.java:77)
  at org.gradle.internal.dispatch.ReflectionDispatch.dispatch(ReflectionDispatch.java:28)
  at org.gradle.internal.dispatch.ReflectionDispatch.dispatch(ReflectionDispatch.java:19)
  at org.gradle.internal.dispatch.ContextClassLoaderDispatch.dispatch(ContextClassLoaderDispatch.java:33)
  at org.gradle.internal.dispatch.ProxyDispatchAdapter$DispatchingInvocationHandler.invoke(ProxyDispatchAdapter.java:88)
  at jdk.proxy1/jdk.proxy1.$Proxy4.processTestDefinition(Unknown Source)
  at org.gradle.api.internal.tasks.testing.worker.TestWorker$2.run(TestWorker.java:178)
  at org.gradle.api.internal.tasks.testing.worker.TestWorker.executeAndMaintainThreadName(TestWorker.java:126)
  at org.gradle.api.internal.tasks.testing.worker.TestWorker.execute(TestWorker.java:103)
  at org.gradle.api.internal.tasks.testing.worker.TestWorker.execute(TestWorker.java:63)
  at org.gradle.process.internal.worker.child.ActionExecutionWorker.execute(ActionExecutionWorker.java:56)
  at org.gradle.process.internal.worker.child.SystemApplicationClassLoaderWorker.call(SystemApplicationClassLoaderWorker.java:122)
  at org.gradle.process.internal.worker.child.SystemApplicationClassLoaderWorker.call(SystemApplicationClassLoaderWorker.java:72)
  at worker.org.gradle.process.internal.worker.GradleWorkerMain.run(GradleWorkerMain.java:69)
  at worker.org.gradle.process.internal.worker.GradleWorkerMain.main(GradleWorkerMain.java:74)
</stacktrace>
</test-failure>


TypeScriptCompilerTests_U[jvm] > unicodeEscapesInNames01_ts__target_es2015__compiles to JavaScript matching baseline[jvm] FAILED

<test-failure test="com.xemantic.typescript.compiler.TypeScriptCompilerTests_U.unexpectedStatementBlockTerminator_ts has expected errors matching unexpectedStatementBlockTerminator_errors_txt" platform="jvm">
<message>
Expected diagnostics from baseline typescript-repo/tests/baselines/reference/unexpectedStatementBlockTerminator.errors.txt but none produced
</message>
<stacktrace>
  at com.xemantic.typescript.compiler.TypeScriptTestSupportKt.errorsMatchBaseline(TypeScriptTestSupport.kt:125)
  at com.xemantic.typescript.compiler.TypeScriptCompilerTests_U.unexpectedStatementBlockTerminator_ts has expected errors matching unexpectedStatementBlockTerminator_errors_txt(TypeScriptCompilerTests_U.kt:483)
  at java.base/jdk.internal.reflect.DirectMethodHandleAccessor.invoke(DirectMethodHandleAccessor.java:104)
  at java.base/java.lang.reflect.Method.invoke(Method.java:565)
  at org.junit.runners.model.FrameworkMethod$1.runReflectiveCall(FrameworkMethod.java:59)
  at org.junit.internal.runners.model.ReflectiveCallable.run(ReflectiveCallable.java:12)
  at org.junit.runners.model.FrameworkMethod.invokeExplosively(FrameworkMethod.java:56)
  at org.junit.internal.runners.statements.InvokeMethod.evaluate(InvokeMethod.java:17)
  at org.junit.runners.ParentRunner$3.evaluate(ParentRunner.java:306)
  at org.junit.runners.BlockJUnit4ClassRunner$1.evaluate(BlockJUnit4ClassRunner.java:100)
  at org.junit.runners.ParentRunner.runLeaf(ParentRunner.java:366)
  at org.junit.runners.BlockJUnit4ClassRunner.runChild(BlockJUnit4ClassRunner.java:103)
  at org.junit.runners.BlockJUnit4ClassRunner.runChild(BlockJUnit4ClassRunner.java:63)
  at org.junit.runners.ParentRunner$4.run(ParentRunner.java:331)
  at org.junit.runners.ParentRunner$1.schedule(ParentRunner.java:79)
  at org.junit.runners.ParentRunner.runChildren(ParentRunner.java:329)
  at org.junit.runners.ParentRunner.access$100(ParentRunner.java:66)
  at org.junit.runners.ParentRunner$2.evaluate(ParentRunner.java:293)
  at org.junit.runners.ParentRunner$3.evaluate(ParentRunner.java:306)
  at org.junit.runners.ParentRunner.run(ParentRunner.java:413)
  at org.junit.runner.JUnitCore.run(JUnitCore.java:137)
  at org.junit.runner.JUnitCore.run(JUnitCore.java:115)
  at org.gradle.api.internal.tasks.testing.junit.JUnitTestExecutor.runRequest(JUnitTestExecutor.java:175)
  at org.gradle.api.internal.tasks.testing.junit.JUnitTestExecutor.accept(JUnitTestExecutor.java:84)
  at org.gradle.api.internal.tasks.testing.junit.JUnitTestExecutor.accept(JUnitTestExecutor.java:47)
  at org.gradle.api.internal.tasks.testing.junit.AbstractJUnitTestDefinitionProcessor.processTestDefinition(AbstractJUnitTestDefinitionProcessor.java:65)
  at org.gradle.api.internal.tasks.testing.SuiteTestDefinitionProcessor.processTestDefinition(SuiteTestDefinitionProcessor.java:54)
  at java.base/jdk.internal.reflect.DirectMethodHandleAccessor.invoke(DirectMethodHandleAccessor.java:104)
  at java.base/java.lang.reflect.Method.invoke(Method.java:565)
  at org.gradle.internal.dispatch.MethodInvocation.invokeOn(MethodInvocation.java:77)
  at org.gradle.internal.dispatch.ReflectionDispatch.dispatch(ReflectionDispatch.java:28)
  at org.gradle.internal.dispatch.ReflectionDispatch.dispatch(ReflectionDispatch.java:19)
  at org.gradle.internal.dispatch.ContextClassLoaderDispatch.dispatch(ContextClassLoaderDispatch.java:33)
  at org.gradle.internal.dispatch.ProxyDispatchAdapter$DispatchingInvocationHandler.invoke(ProxyDispatchAdapter.java:88)
  at jdk.proxy1/jdk.proxy1.$Proxy4.processTestDefinition(Unknown Source)
  at org.gradle.api.internal.tasks.testing.worker.TestWorker$2.run(TestWorker.java:178)
  at org.gradle.api.internal.tasks.testing.worker.TestWorker.executeAndMaintainThreadName(TestWorker.java:126)
  at org.gradle.api.internal.tasks.testing.worker.TestWorker.execute(TestWorker.java:103)
  at org.gradle.api.internal.tasks.testing.worker.TestWorker.execute(TestWorker.java:63)
  at org.gradle.process.internal.worker.child.ActionExecutionWorker.execute(ActionExecutionWorker.java:56)
  at org.gradle.process.internal.worker.child.SystemApplicationClassLoaderWorker.call(SystemApplicationClassLoaderWorker.java:122)
  at org.gradle.process.internal.worker.child.SystemApplicationClassLoaderWorker.call(SystemApplicationClassLoaderWorker.java:72)
  at worker.org.gradle.process.internal.worker.GradleWorkerMain.run(GradleWorkerMain.java:69)
  at worker.org.gradle.process.internal.worker.GradleWorkerMain.main(GradleWorkerMain.java:74)
</stacktrace>
</test-failure>


TypeScriptCompilerTests_U[jvm] > unexpectedStatementBlockTerminator_ts has expected errors matching unexpectedStatementBlockTerminator_errors_txt[jvm] FAILED

<test-failure test="com.xemantic.typescript.compiler.TypeScriptCompilerTests_U.unusedInvalidTypeArguments_ts has expected errors matching unusedInvalidTypeArguments_errors_txt" platform="jvm">
<message>
--- expected
+++ actual
@@ -1,66 +1,42 @@
-/call.ts(1,21): error TS2307: Cannot find module 'unknown' or its corresponding type declarations.
-/callAny.ts(3,1): error TS2347: Untyped function calls may not accept type arguments.
-/callAny.ts(4,1): error TS2347: Untyped function calls may not accept type arguments.
 /callAny.ts(4,3): error TS2304: Cannot find name 'InvalidReference'.
-/classReference.ts(4,24): error TS2315: Type 'C' is not generic.
-/interface.ts(1,21): error TS2307: Cannot find module 'unknown' or its corresponding type declarations.
-/new.ts(1,21): error TS2307: Cannot find module 'unkown' or its corresponding type declarations.
-/super.ts(1,22): error TS2307: Cannot find module 'unknown' or its corresponding type declarations.
 /super.ts(8,17): error TS2304: Cannot find name 'InvalidReference'.
-/typeReference.ts(3,17): error TS2315: Type 'U' is not generic.
 
 
-==== /typeReference.ts (1 errors) ====
+==== /typeReference.ts (0 errors) ====
     type N = number;
     type U = number;
     export type Z = U<N>;
-                    ~~~~
-!!! error TS2315: Type 'U' is not generic.
     
-==== /classReference.ts (1 errors) ====
+==== /classReference.ts (0 errors) ====
     type N = number;
     class C { }
     // This uses getTypeFromClassOrInterfaceReference instead of getTypeFromTypeAliasReference.
     export class D extends C<N> {}
-                           ~~~~
-!!! error TS2315: Type 'C' is not generic.
     
-==== /interface.ts (1 errors) ====
+==== /interface.ts (0 errors) ====
     import { Foo } from "unknown";
-                        ~~~~~~~~~
-!!! error TS2307: Cannot find module 'unknown' or its corresponding type declarations.
     export interface I<T> { x: Foo<T>; }
     
-==== /call.ts (1 errors) ====
+==== /call.ts (0 errors) ====
     import { foo } from "unknown";
-                        ~~~~~~~~~
-!!! error TS2307: Cannot find module 'unknown' or its corresponding type declarations.
     type T = number;
     foo<T>();
     
-==== /new.ts (1 errors) ====
+==== /new.ts (0 errors) ====
     import { Foo } from "unkown";
-                        ~~~~~~~~
-!!! error TS2307: Cannot find module 'unkown' or its corresponding type declarations.
     type T = number;
     new Foo<T>();
     
-==== /callAny.ts (3 errors) ====
+==== /callAny.ts (1 errors) ====
     declare var g: any;
     type U = number;
     g<U>();
-    ~~~~~~
-!!! error TS2347: Untyped function calls may not accept type arguments.
     g<InvalidReference>(); // Should get error for type argument
-    ~~~~~~~~~~~~~~~~~~~~~
-!!! error TS2347: Untyped function calls may not accept type arguments.
       ~~~~~~~~~~~~~~~~
 !!! error TS2304: Cannot find name 'InvalidReference'.
     
-==== /super.ts (2 errors) ====
+==== /super.ts (1 errors) ====
     import { A, B } from "unknown";
-                         ~~~~~~~~~
-!!! error TS2307: Cannot find module 'unknown' or its corresponding type declarations.
     
     type T = number;
     

</message>
<stacktrace>
  at org.junit.Assert.fail(Assert.java:89)
  at kotlin.test.junit.JUnitAsserter.fail(JUnitSupport.kt:56)
  at kotlin.test.AssertionsKt__AssertionsKt.fail(Assertions.kt:563)
  at kotlin.test.AssertionsKt.fail(Unknown Source)
  at com.xemantic.kotlin.test.SameAsKt.sameAs(SameAs.kt:52)
  at com.xemantic.typescript.compiler.TypeScriptTestSupportKt.errorsMatchBaseline(TypeScriptTestSupport.kt:135)
  at com.xemantic.typescript.compiler.TypeScriptCompilerTests_U.unusedInvalidTypeArguments_ts has expected errors matching unusedInvalidTypeArguments_errors_txt(TypeScriptCompilerTests_U.kt:1694)
  at java.base/jdk.internal.reflect.DirectMethodHandleAccessor.invoke(DirectMethodHandleAccessor.java:104)
  at java.base/java.lang.reflect.Method.invoke(Method.java:565)
  at org.junit.runners.model.FrameworkMethod$1.runReflectiveCall(FrameworkMethod.java:59)
  at org.junit.internal.runners.model.ReflectiveCallable.run(ReflectiveCallable.java:12)
  at org.junit.runners.model.FrameworkMethod.invokeExplosively(FrameworkMethod.java:56)
  at org.junit.internal.runners.statements.InvokeMethod.evaluate(InvokeMethod.java:17)
  at org.junit.runners.ParentRunner$3.evaluate(ParentRunner.java:306)
  at org.junit.runners.BlockJUnit4ClassRunner$1.evaluate(BlockJUnit4ClassRunner.java:100)
  at org.junit.runners.ParentRunner.runLeaf(ParentRunner.java:366)
  at org.junit.runners.BlockJUnit4ClassRunner.runChild(BlockJUnit4ClassRunner.java:103)
  at org.junit.runners.BlockJUnit4ClassRunner.runChild(BlockJUnit4ClassRunner.java:63)
  at org.junit.runners.ParentRunner$4.run(ParentRunner.java:331)
  at org.junit.runners.ParentRunner$1.schedule(ParentRunner.java:79)
  at org.junit.runners.ParentRunner.runChildren(ParentRunner.java:329)
  at org.junit.runners.ParentRunner.access$100(ParentRunner.java:66)
  at org.junit.runners.ParentRunner$2.evaluate(ParentRunner.java:293)
  at org.junit.runners.ParentRunner$3.evaluate(ParentRunner.java:306)
  at org.junit.runners.ParentRunner.run(ParentRunner.java:413)
  at org.junit.runner.JUnitCore.run(JUnitCore.java:137)
  at org.junit.runner.JUnitCore.run(JUnitCore.java:115)
  at org.gradle.api.internal.tasks.testing.junit.JUnitTestExecutor.runRequest(JUnitTestExecutor.java:175)
  at org.gradle.api.internal.tasks.testing.junit.JUnitTestExecutor.accept(JUnitTestExecutor.java:84)
  at org.gradle.api.internal.tasks.testing.junit.JUnitTestExecutor.accept(JUnitTestExecutor.java:47)
  at org.gradle.api.internal.tasks.testing.junit.AbstractJUnitTestDefinitionProcessor.processTestDefinition(AbstractJUnitTestDefinitionProcessor.java:65)
  at org.gradle.api.internal.tasks.testing.SuiteTestDefinitionProcessor.processTestDefinition(SuiteTestDefinitionProcessor.java:54)
  at java.base/jdk.internal.reflect.DirectMethodHandleAccessor.invoke(DirectMethodHandleAccessor.java:104)
  at java.base/java.lang.reflect.Method.invoke(Method.java:565)
  at org.gradle.internal.dispatch.MethodInvocation.invokeOn(MethodInvocation.java:77)
  at org.gradle.internal.dispatch.ReflectionDispatch.dispatch(ReflectionDispatch.java:28)
  at org.gradle.internal.dispatch.ReflectionDispatch.dispatch(ReflectionDispatch.java:19)
  at org.gradle.internal.dispatch.ContextClassLoaderDispatch.dispatch(ContextClassLoaderDispatch.java:33)
  at org.gradle.internal.dispatch.ProxyDispatchAdapter$DispatchingInvocationHandler.invoke(ProxyDispatchAdapter.java:88)
  at jdk.proxy1/jdk.proxy1.$Proxy4.processTestDefinition(Unknown Source)
  at org.gradle.api.internal.tasks.testing.worker.TestWorker$2.run(TestWorker.java:178)
  at org.gradle.api.internal.tasks.testing.worker.TestWorker.executeAndMaintainThreadName(TestWorker.java:126)
  at org.gradle.api.internal.tasks.testing.worker.TestWorker.execute(TestWorker.java:103)
  at org.gradle.api.internal.tasks.testing.worker.TestWorker.execute(TestWorker.java:63)
  at org.gradle.process.internal.worker.child.ActionExecutionWorker.execute(ActionExecutionWorker.java:56)
  at org.gradle.process.internal.worker.child.SystemApplicationClassLoaderWorker.call(SystemApplicationClassLoaderWorker.java:122)
  at org.gradle.process.internal.worker.child.SystemApplicationClassLoaderWorker.call(SystemApplicationClassLoaderWorker.java:72)
  at worker.org.gradle.process.internal.worker.GradleWorkerMain.run(GradleWorkerMain.java:69)
  at worker.org.gradle.process.internal.worker.GradleWorkerMain.main(GradleWorkerMain.java:74)
</stacktrace>
</test-failure>


TypeScriptCompilerTests_U[jvm] > unusedInvalidTypeArguments_ts has expected errors matching unusedInvalidTypeArguments_errors_txt[jvm] FAILED

<test-failure test="com.xemantic.typescript.compiler.TypeScriptCompilerTests_U.unicodeIdentifierName2_ts has expected errors matching unicodeIdentifierName2_errors_txt" platform="jvm">
<message>
--- expected
+++ actual
@@ -1,16 +1,16 @@
 unicodeIdentifierName2.ts(1,6): error TS1127: Invalid character.
-unicodeIdentifierName2.ts(1,8): error TS1134: Variable declaration expected.
-unicodeIdentifierName2.ts(1,10): error TS1134: Variable declaration expected.
+unicodeIdentifierName2.ts(1,8): error TS1109: Expression expected.
 unicodeIdentifierName2.ts(1,26): error TS1127: Invalid character.
+unicodeIdentifierName2.ts(1,27): error TS1109: Expression expected.
 
 
 ==== unicodeIdentifierName2.ts (4 errors) ====
     var a₁ = "hello"; alert(a₁)
-         ~
+         
 !!! error TS1127: Invalid character.
            ~
-!!! error TS1134: Variable declaration expected.
-             ~~~~~~~
-!!! error TS1134: Variable declaration expected.
+!!! error TS1109: Expression expected.
                              ~
 !!! error TS1127: Invalid character.
+                              ~
+!!! error TS1109: Expression expected.

</message>
<stacktrace>
  at org.junit.Assert.fail(Assert.java:89)
  at kotlin.test.junit.JUnitAsserter.fail(JUnitSupport.kt:56)
  at kotlin.test.AssertionsKt__AssertionsKt.fail(Assertions.kt:563)
  at kotlin.test.AssertionsKt.fail(Unknown Source)
  at com.xemantic.kotlin.test.SameAsKt.sameAs(SameAs.kt:52)
  at com.xemantic.typescript.compiler.TypeScriptTestSupportKt.errorsMatchBaseline(TypeScriptTestSupport.kt:135)
  at com.xemantic.typescript.compiler.TypeScriptCompilerTests_U.unicodeIdentifierName2_ts has expected errors matching unicodeIdentifierName2_errors_txt(TypeScriptCompilerTests_U.kt:553)
  at java.base/jdk.internal.reflect.DirectMethodHandleAccessor.invoke(DirectMethodHandleAccessor.java:104)
  at java.base/java.lang.reflect.Method.invoke(Method.java:565)
  at org.junit.runners.model.FrameworkMethod$1.runReflectiveCall(FrameworkMethod.java:59)
  at org.junit.internal.runners.model.ReflectiveCallable.run(ReflectiveCallable.java:12)
  at org.junit.runners.model.FrameworkMethod.invokeExplosively(FrameworkMethod.java:56)
  at org.junit.internal.runners.statements.InvokeMethod.evaluate(InvokeMethod.java:17)
  at org.junit.runners.ParentRunner$3.evaluate(ParentRunner.java:306)
  at org.junit.runners.BlockJUnit4ClassRunner$1.evaluate(BlockJUnit4ClassRunner.java:100)
  at org.junit.runners.ParentRunner.runLeaf(ParentRunner.java:366)
  at org.junit.runners.BlockJUnit4ClassRunner.runChild(BlockJUnit4ClassRunner.java:103)
  at org.junit.runners.BlockJUnit4ClassRunner.runChild(BlockJUnit4ClassRunner.java:63)
  at org.junit.runners.ParentRunner$4.run(ParentRunner.java:331)
  at org.junit.runners.ParentRunner$1.schedule(ParentRunner.java:79)
  at org.junit.runners.ParentRunner.runChildren(ParentRunner.java:329)
  at org.junit.runners.ParentRunner.access$100(ParentRunner.java:66)
  at org.junit.runners.ParentRunner$2.evaluate(ParentRunner.java:293)
  at org.junit.runners.ParentRunner$3.evaluate(ParentRunner.java:306)
  at org.junit.runners.ParentRunner.run(ParentRunner.java:413)
  at org.junit.runner.JUnitCore.run(JUnitCore.java:137)
  at org.junit.runner.JUnitCore.run(JUnitCore.java:115)
  at org.gradle.api.internal.tasks.testing.junit.JUnitTestExecutor.runRequest(JUnitTestExecutor.java:175)
  at org.gradle.api.internal.tasks.testing.junit.JUnitTestExecutor.accept(JUnitTestExecutor.java:84)
  at org.gradle.api.internal.tasks.testing.junit.JUnitTestExecutor.accept(JUnitTestExecutor.java:47)
  at org.gradle.api.internal.tasks.testing.junit.AbstractJUnitTestDefinitionProcessor.processTestDefinition(AbstractJUnitTestDefinitionProcessor.java:65)
  at org.gradle.api.internal.tasks.testing.SuiteTestDefinitionProcessor.processTestDefinition(SuiteTestDefinitionProcessor.java:54)
  at java.base/jdk.internal.reflect.DirectMethodHandleAccessor.invoke(DirectMethodHandleAccessor.java:104)
  at java.base/java.lang.reflect.Method.invoke(Method.java:565)
  at org.gradle.internal.dispatch.MethodInvocation.invokeOn(MethodInvocation.java:77)
  at org.gradle.internal.dispatch.ReflectionDispatch.dispatch(ReflectionDispatch.java:28)
  at org.gradle.internal.dispatch.ReflectionDispatch.dispatch(ReflectionDispatch.java:19)
  at org.gradle.internal.dispatch.ContextClassLoaderDispatch.dispatch(ContextClassLoaderDispatch.java:33)
  at org.gradle.internal.dispatch.ProxyDispatchAdapter$DispatchingInvocationHandler.invoke(ProxyDispatchAdapter.java:88)
  at jdk.proxy1/jdk.proxy1.$Proxy4.processTestDefinition(Unknown Source)
  at org.gradle.api.internal.tasks.testing.worker.TestWorker$2.run(TestWorker.java:178)
  at org.gradle.api.internal.tasks.testing.worker.TestWorker.executeAndMaintainThreadName(TestWorker.java:126)
  at org.gradle.api.internal.tasks.testing.worker.TestWorker.execute(TestWorker.java:103)
  at org.gradle.api.internal.tasks.testing.worker.TestWorker.execute(TestWorker.java:63)
  at org.gradle.process.internal.worker.child.ActionExecutionWorker.execute(ActionExecutionWorker.java:56)
  at org.gradle.process.internal.worker.child.SystemApplicationClassLoaderWorker.call(SystemApplicationClassLoaderWorker.java:122)
  at org.gradle.process.internal.worker.child.SystemApplicationClassLoaderWorker.call(SystemApplicationClassLoaderWorker.java:72)
  at worker.org.gradle.process.internal.worker.GradleWorkerMain.run(GradleWorkerMain.java:69)
  at worker.org.gradle.process.internal.worker.GradleWorkerMain.main(GradleWorkerMain.java:74)
</stacktrace>
</test-failure>


TypeScriptCompilerTests_U[jvm] > unicodeIdentifierName2_ts has expected errors matching unicodeIdentifierName2_errors_txt[jvm] FAILED

<test-failure test="com.xemantic.typescript.compiler.TypeScriptCompilerTests_U.uncalledFunctionChecksInConditional_ts has expected errors matching uncalledFunctionChecksInConditional_errors_txt" platform="jvm">
<message>
Expected diagnostics from baseline typescript-repo/tests/baselines/reference/uncalledFunctionChecksInConditional.errors.txt but none produced
</message>
<stacktrace>
  at com.xemantic.typescript.compiler.TypeScriptTestSupportKt.errorsMatchBaseline(TypeScriptTestSupport.kt:125)
  at com.xemantic.typescript.compiler.TypeScriptCompilerTests_U.uncalledFunctionChecksInConditional_ts has expected errors matching uncalledFunctionChecksInConditional_errors_txt(TypeScriptCompilerTests_U.kt:147)
  at java.base/jdk.internal.reflect.DirectMethodHandleAccessor.invoke(DirectMethodHandleAccessor.java:104)
  at java.base/java.lang.reflect.Method.invoke(Method.java:565)
  at org.junit.runners.model.FrameworkMethod$1.runReflectiveCall(FrameworkMethod.java:59)
  at org.junit.internal.runners.model.ReflectiveCallable.run(ReflectiveCallable.java:12)
  at org.junit.runners.model.FrameworkMethod.invokeExplosively(FrameworkMethod.java:56)
  at org.junit.internal.runners.statements.InvokeMethod.evaluate(InvokeMethod.java:17)
  at org.junit.runners.ParentRunner$3.evaluate(ParentRunner.java:306)
  at org.junit.runners.BlockJUnit4ClassRunner$1.evaluate(BlockJUnit4ClassRunner.java:100)
  at org.junit.runners.ParentRunner.runLeaf(ParentRunner.java:366)
  at org.junit.runners.BlockJUnit4ClassRunner.runChild(BlockJUnit4ClassRunner.java:103)
  at org.junit.runners.BlockJUnit4ClassRunner.runChild(BlockJUnit4ClassRunner.java:63)
  at org.junit.runners.ParentRunner$4.run(ParentRunner.java:331)
  at org.junit.runners.ParentRunner$1.schedule(ParentRunner.java:79)
  at org.junit.runners.ParentRunner.runChildren(ParentRunner.java:329)
  at org.junit.runners.ParentRunner.access$100(ParentRunner.java:66)
  at org.junit.runners.ParentRunner$2.evaluate(ParentRunner.java:293)
  at org.junit.runners.ParentRunner$3.evaluate(ParentRunner.java:306)
  at org.junit.runners.ParentRunner.run(ParentRunner.java:413)
  at org.junit.runner.JUnitCore.run(JUnitCore.java:137)
  at org.junit.runner.JUnitCore.run(JUnitCore.java:115)
  at org.gradle.api.internal.tasks.testing.junit.JUnitTestExecutor.runRequest(JUnitTestExecutor.java:175)
  at org.gradle.api.internal.tasks.testing.junit.JUnitTestExecutor.accept(JUnitTestExecutor.java:84)
  at org.gradle.api.internal.tasks.testing.junit.JUnitTestExecutor.accept(JUnitTestExecutor.java:47)
  at org.gradle.api.internal.tasks.testing.junit.AbstractJUnitTestDefinitionProcessor.processTestDefinition(AbstractJUnitTestDefinitionProcessor.java:65)
  at org.gradle.api.internal.tasks.testing.SuiteTestDefinitionProcessor.processTestDefinition(SuiteTestDefinitionProcessor.java:54)
  at java.base/jdk.internal.reflect.DirectMethodHandleAccessor.invoke(DirectMethodHandleAccessor.java:104)
  at java.base/java.lang.reflect.Method.invoke(Method.java:565)
  at org.gradle.internal.dispatch.MethodInvocation.invokeOn(MethodInvocation.java:77)
  at org.gradle.internal.dispatch.ReflectionDispatch.dispatch(ReflectionDispatch.java:28)
  at org.gradle.internal.dispatch.ReflectionDispatch.dispatch(ReflectionDispatch.java:19)
  at org.gradle.internal.dispatch.ContextClassLoaderDispatch.dispatch(ContextClassLoaderDispatch.java:33)
  at org.gradle.internal.dispatch.ProxyDispatchAdapter$DispatchingInvocationHandler.invoke(ProxyDispatchAdapter.java:88)
  at jdk.proxy1/jdk.proxy1.$Proxy4.processTestDefinition(Unknown Source)
  at org.gradle.api.internal.tasks.testing.worker.TestWorker$2.run(TestWorker.java:178)
  at org.gradle.api.internal.tasks.testing.worker.TestWorker.executeAndMaintainThreadName(TestWorker.java:126)
  at org.gradle.api.internal.tasks.testing.worker.TestWorker.execute(TestWorker.java:103)
  at org.gradle.api.internal.tasks.testing.worker.TestWorker.execute(TestWorker.java:63)
  at org.gradle.process.internal.worker.child.ActionExecutionWorker.execute(ActionExecutionWorker.java:56)
  at org.gradle.process.internal.worker.child.SystemApplicationClassLoaderWorker.call(SystemApplicationClassLoaderWorker.java:122)
  at org.gradle.process.internal.worker.child.SystemApplicationClassLoaderWorker.call(SystemApplicationClassLoaderWorker.java:72)
  at worker.org.gradle.process.internal.worker.GradleWorkerMain.run(GradleWorkerMain.java:69)
  at worker.org.gradle.process.internal.worker.GradleWorkerMain.main(GradleWorkerMain.java:74)
</stacktrace>
</test-failure>


TypeScriptCompilerTests_U[jvm] > uncalledFunctionChecksInConditional_ts has expected errors matching uncalledFunctionChecksInConditional_errors_txt[jvm] FAILED

<test-failure test="com.xemantic.typescript.compiler.TypeScriptCompilerTests_U.unreachableDeclarations_ts__preserveconstenums_true__has expected errors matching baseline" platform="jvm">
<message>
--- expected
+++ actual
@@ -7,13 +7,11 @@
 unreachableDeclarations.ts(57,5): error TS7027: Unreachable code detected.
 unreachableDeclarations.ts(63,14): error TS2450: Enum 'Bar' used before its declaration.
 unreachableDeclarations.ts(64,14): error TS2448: Block-scoped variable 'blah' used before its declaration.
-unreachableDeclarations.ts(64,14): error TS2454: Variable 'blah' is used before being assigned.
 unreachableDeclarations.ts(65,18): error TS2449: Class 'Foo' used before its declaration.
 unreachableDeclarations.ts(78,2): error TS7027: Unreachable code detected.
-unreachableDeclarations.ts(84,2): error TS1235: A namespace declaration is only allowed at the top level of a namespace or module.
 
 
-==== unreachableDeclarations.ts (13 errors) ====
+==== unreachableDeclarations.ts (11 errors) ====
     function func1() {
         aFunc();
     
@@ -102,8 +100,6 @@
     	            ~~~~
 !!! error TS2448: Block-scoped variable 'blah' used before its declaration.
 !!! related TS2728 unreachableDeclarations.ts:78:8: 'blah' is declared here.
-    	            ~~~~
-!!! error TS2454: Variable 'blah' is used before being assigned.
     	console.log(new Foo())
     	                ~~~
 !!! error TS2449: Class 'Foo' used before its declaration.
@@ -135,6 +131,4 @@
     	namespace Baz { export const value = 1234 }
     ~~~~~~~~~~~~~~~~~~~~~~~~~~~~~~~~~~~~~~~~~~~~
 !!! error TS7027: Unreachable code detected.
-    	~~~~~~~~~
-!!! error TS1235: A namespace declaration is only allowed at the top level of a namespace or module.
     }

</message>
<stacktrace>
  at org.junit.Assert.fail(Assert.java:89)
  at kotlin.test.junit.JUnitAsserter.fail(JUnitSupport.kt:56)
  at kotlin.test.AssertionsKt__AssertionsKt.fail(Assertions.kt:563)
  at kotlin.test.AssertionsKt.fail(Unknown Source)
  at com.xemantic.kotlin.test.SameAsKt.sameAs(SameAs.kt:52)
  at com.xemantic.typescript.compiler.TypeScriptTestSupportKt.errorsMatchBaseline(TypeScriptTestSupport.kt:135)
  at com.xemantic.typescript.compiler.TypeScriptCompilerTests_U.unreachableDeclarations_ts__preserveconstenums_true__has expected errors matching baseline(TypeScriptCompilerTests_U.kt:1015)
  at java.base/jdk.internal.reflect.DirectMethodHandleAccessor.invoke(DirectMethodHandleAccessor.java:104)
  at java.base/java.lang.reflect.Method.invoke(Method.java:565)
  at org.junit.runners.model.FrameworkMethod$1.runReflectiveCall(FrameworkMethod.java:59)
  at org.junit.internal.runners.model.ReflectiveCallable.run(ReflectiveCallable.java:12)
  at org.junit.runners.model.FrameworkMethod.invokeExplosively(FrameworkMethod.java:56)
  at org.junit.internal.runners.statements.InvokeMethod.evaluate(InvokeMethod.java:17)
  at org.junit.runners.ParentRunner$3.evaluate(ParentRunner.java:306)
  at org.junit.runners.BlockJUnit4ClassRunner$1.evaluate(BlockJUnit4ClassRunner.java:100)
  at org.junit.runners.ParentRunner.runLeaf(ParentRunner.java:366)
  at org.junit.runners.BlockJUnit4ClassRunner.runChild(BlockJUnit4ClassRunner.java:103)
  at org.junit.runners.BlockJUnit4ClassRunner.runChild(BlockJUnit4ClassRunner.java:63)
  at org.junit.runners.ParentRunner$4.run(ParentRunner.java:331)
  at org.junit.runners.ParentRunner$1.schedule(ParentRunner.java:79)
  at org.junit.runners.ParentRunner.runChildren(ParentRunner.java:329)
  at org.junit.runners.ParentRunner.access$100(ParentRunner.java:66)
  at org.junit.runners.ParentRunner$2.evaluate(ParentRunner.java:293)
  at org.junit.runners.ParentRunner$3.evaluate(ParentRunner.java:306)
  at org.junit.runners.ParentRunner.run(ParentRunner.java:413)
  at org.junit.runner.JUnitCore.run(JUnitCore.java:137)
  at org.junit.runner.JUnitCore.run(JUnitCore.java:115)
  at org.gradle.api.internal.tasks.testing.junit.JUnitTestExecutor.runRequest(JUnitTestExecutor.java:175)
  at org.gradle.api.internal.tasks.testing.junit.JUnitTestExecutor.accept(JUnitTestExecutor.java:84)
  at org.gradle.api.internal.tasks.testing.junit.JUnitTestExecutor.accept(JUnitTestExecutor.java:47)
  at org.gradle.api.internal.tasks.testing.junit.AbstractJUnitTestDefinitionProcessor.processTestDefinition(AbstractJUnitTestDefinitionProcessor.java:65)
  at org.gradle.api.internal.tasks.testing.SuiteTestDefinitionProcessor.processTestDefinition(SuiteTestDefinitionProcessor.java:54)
  at java.base/jdk.internal.reflect.DirectMethodHandleAccessor.invoke(DirectMethodHandleAccessor.java:104)
  at java.base/java.lang.reflect.Method.invoke(Method.java:565)
  at org.gradle.internal.dispatch.MethodInvocation.invokeOn(MethodInvocation.java:77)
  at org.gradle.internal.dispatch.ReflectionDispatch.dispatch(ReflectionDispatch.java:28)
  at org.gradle.internal.dispatch.ReflectionDispatch.dispatch(ReflectionDispatch.java:19)
  at org.gradle.internal.dispatch.ContextClassLoaderDispatch.dispatch(ContextClassLoaderDispatch.java:33)
  at org.gradle.internal.dispatch.ProxyDispatchAdapter$DispatchingInvocationHandler.invoke(ProxyDispatchAdapter.java:88)
  at jdk.proxy1/jdk.proxy1.$Proxy4.processTestDefinition(Unknown Source)
  at org.gradle.api.internal.tasks.testing.worker.TestWorker$2.run(TestWorker.java:178)
  at org.gradle.api.internal.tasks.testing.worker.TestWorker.executeAndMaintainThreadName(TestWorker.java:126)
  at org.gradle.api.internal.tasks.testing.worker.TestWorker.execute(TestWorker.java:103)
  at org.gradle.api.internal.tasks.testing.worker.TestWorker.execute(TestWorker.java:63)
  at org.gradle.process.internal.worker.child.ActionExecutionWorker.execute(ActionExecutionWorker.java:56)
  at org.gradle.process.internal.worker.child.SystemApplicationClassLoaderWorker.call(SystemApplicationClassLoaderWorker.java:122)
  at org.gradle.process.internal.worker.child.SystemApplicationClassLoaderWorker.call(SystemApplicationClassLoaderWorker.java:72)
  at worker.org.gradle.process.internal.worker.GradleWorkerMain.run(GradleWorkerMain.java:69)
  at worker.org.gradle.process.internal.worker.GradleWorkerMain.main(GradleWorkerMain.java:74)
</stacktrace>
</test-failure>


TypeScriptCompilerTests_U[jvm] > unreachableDeclarations_ts__preserveconstenums_true__has expected errors matching baseline[jvm] FAILED

<test-failure test="com.xemantic.typescript.compiler.TypeScriptCompilerTests_U.unparenthesizedFunctionTypeInUnionOrIntersection_ts has expected errors matching unparenthesizedFunctionTypeInUnionOrIntersection_errors_txt" platform="jvm">
<message>
Expected diagnostics from baseline typescript-repo/tests/baselines/reference/unparenthesizedFunctionTypeInUnionOrIntersection.errors.txt but none produced
</message>
<stacktrace>
  at com.xemantic.typescript.compiler.TypeScriptTestSupportKt.errorsMatchBaseline(TypeScriptTestSupport.kt:125)
  at com.xemantic.typescript.compiler.TypeScriptCompilerTests_U.unparenthesizedFunctionTypeInUnionOrIntersection_ts has expected errors matching unparenthesizedFunctionTypeInUnionOrIntersection_errors_txt(TypeScriptCompilerTests_U.kt:980)
  at java.base/jdk.internal.reflect.DirectMethodHandleAccessor.invoke(DirectMethodHandleAccessor.java:104)
  at java.base/java.lang.reflect.Method.invoke(Method.java:565)
  at org.junit.runners.model.FrameworkMethod$1.runReflectiveCall(FrameworkMethod.java:59)
  at org.junit.internal.runners.model.ReflectiveCallable.run(ReflectiveCallable.java:12)
  at org.junit.runners.model.FrameworkMethod.invokeExplosively(FrameworkMethod.java:56)
  at org.junit.internal.runners.statements.InvokeMethod.evaluate(InvokeMethod.java:17)
  at org.junit.runners.ParentRunner$3.evaluate(ParentRunner.java:306)
  at org.junit.runners.BlockJUnit4ClassRunner$1.evaluate(BlockJUnit4ClassRunner.java:100)
  at org.junit.runners.ParentRunner.runLeaf(ParentRunner.java:366)
  at org.junit.runners.BlockJUnit4ClassRunner.runChild(BlockJUnit4ClassRunner.java:103)
  at org.junit.runners.BlockJUnit4ClassRunner.runChild(BlockJUnit4ClassRunner.java:63)
  at org.junit.runners.ParentRunner$4.run(ParentRunner.java:331)
  at org.junit.runners.ParentRunner$1.schedule(ParentRunner.java:79)
  at org.junit.runners.ParentRunner.runChildren(ParentRunner.java:329)
  at org.junit.runners.ParentRunner.access$100(ParentRunner.java:66)
  at org.junit.runners.ParentRunner$2.evaluate(ParentRunner.java:293)
  at org.junit.runners.ParentRunner$3.evaluate(ParentRunner.java:306)
  at org.junit.runners.ParentRunner.run(ParentRunner.java:413)
  at org.junit.runner.JUnitCore.run(JUnitCore.java:137)
  at org.junit.runner.JUnitCore.run(JUnitCore.java:115)
  at org.gradle.api.internal.tasks.testing.junit.JUnitTestExecutor.runRequest(JUnitTestExecutor.java:175)
  at org.gradle.api.internal.tasks.testing.junit.JUnitTestExecutor.accept(JUnitTestExecutor.java:84)
  at org.gradle.api.internal.tasks.testing.junit.JUnitTestExecutor.accept(JUnitTestExecutor.java:47)
  at org.gradle.api.internal.tasks.testing.junit.AbstractJUnitTestDefinitionProcessor.processTestDefinition(AbstractJUnitTestDefinitionProcessor.java:65)
  at org.gradle.api.internal.tasks.testing.SuiteTestDefinitionProcessor.processTestDefinition(SuiteTestDefinitionProcessor.java:54)
  at java.base/jdk.internal.reflect.DirectMethodHandleAccessor.invoke(DirectMethodHandleAccessor.java:104)
  at java.base/java.lang.reflect.Method.invoke(Method.java:565)
  at org.gradle.internal.dispatch.MethodInvocation.invokeOn(MethodInvocation.java:77)
  at org.gradle.internal.dispatch.ReflectionDispatch.dispatch(ReflectionDispatch.java:28)
  at org.gradle.internal.dispatch.ReflectionDispatch.dispatch(ReflectionDispatch.java:19)
  at org.gradle.internal.dispatch.ContextClassLoaderDispatch.dispatch(ContextClassLoaderDispatch.java:33)
  at org.gradle.internal.dispatch.ProxyDispatchAdapter$DispatchingInvocationHandler.invoke(ProxyDispatchAdapter.java:88)
  at jdk.proxy1/jdk.proxy1.$Proxy4.processTestDefinition(Unknown Source)
  at org.gradle.api.internal.tasks.testing.worker.TestWorker$2.run(TestWorker.java:178)
  at org.gradle.api.internal.tasks.testing.worker.TestWorker.executeAndMaintainThreadName(TestWorker.java:126)
  at org.gradle.api.internal.tasks.testing.worker.TestWorker.execute(TestWorker.java:103)
  at org.gradle.api.internal.tasks.testing.worker.TestWorker.execute(TestWorker.java:63)
  at org.gradle.process.internal.worker.child.ActionExecutionWorker.execute(ActionExecutionWorker.java:56)
  at org.gradle.process.internal.worker.child.SystemApplicationClassLoaderWorker.call(SystemApplicationClassLoaderWorker.java:122)
  at org.gradle.process.internal.worker.child.SystemApplicationClassLoaderWorker.call(SystemApplicationClassLoaderWorker.java:72)
  at worker.org.gradle.process.internal.worker.GradleWorkerMain.run(GradleWorkerMain.java:69)
  at worker.org.gradle.process.internal.worker.GradleWorkerMain.main(GradleWorkerMain.java:74)
</stacktrace>
</test-failure>


TypeScriptCompilerTests_U[jvm] > unparenthesizedFunctionTypeInUnionOrIntersection_ts has expected errors matching unparenthesizedFunctionTypeInUnionOrIntersection_errors_txt[jvm] FAILED

<test-failure test="com.xemantic.typescript.compiler.TypeScriptCompilerTests_U.unionPropertyOfProtectedAndIntersectionProperty_ts has expected errors matching unionPropertyOfProtectedAndIntersectionProperty_errors_txt" platform="jvm">
<message>
Expected diagnostics from baseline typescript-repo/tests/baselines/reference/unionPropertyOfProtectedAndIntersectionProperty.errors.txt but none produced
</message>
<stacktrace>
  at com.xemantic.typescript.compiler.TypeScriptTestSupportKt.errorsMatchBaseline(TypeScriptTestSupport.kt:125)
  at com.xemantic.typescript.compiler.TypeScriptCompilerTests_U.unionPropertyOfProtectedAndIntersectionProperty_ts has expected errors matching unionPropertyOfProtectedAndIntersectionProperty_errors_txt(TypeScriptCompilerTests_U.kt:658)
  at java.base/jdk.internal.reflect.DirectMethodHandleAccessor.invoke(DirectMethodHandleAccessor.java:104)
  at java.base/java.lang.reflect.Method.invoke(Method.java:565)
  at org.junit.runners.model.FrameworkMethod$1.runReflectiveCall(FrameworkMethod.java:59)
  at org.junit.internal.runners.model.ReflectiveCallable.run(ReflectiveCallable.java:12)
  at org.junit.runners.model.FrameworkMethod.invokeExplosively(FrameworkMethod.java:56)
  at org.junit.internal.runners.statements.InvokeMethod.evaluate(InvokeMethod.java:17)
  at org.junit.runners.ParentRunner$3.evaluate(ParentRunner.java:306)
  at org.junit.runners.BlockJUnit4ClassRunner$1.evaluate(BlockJUnit4ClassRunner.java:100)
  at org.junit.runners.ParentRunner.runLeaf(ParentRunner.java:366)
  at org.junit.runners.BlockJUnit4ClassRunner.runChild(BlockJUnit4ClassRunner.java:103)
  at org.junit.runners.BlockJUnit4ClassRunner.runChild(BlockJUnit4ClassRunner.java:63)
  at org.junit.runners.ParentRunner$4.run(ParentRunner.java:331)
  at org.junit.runners.ParentRunner$1.schedule(ParentRunner.java:79)
  at org.junit.runners.ParentRunner.runChildren(ParentRunner.java:329)
  at org.junit.runners.ParentRunner.access$100(ParentRunner.java:66)
  at org.junit.runners.ParentRunner$2.evaluate(ParentRunner.java:293)
  at org.junit.runners.ParentRunner$3.evaluate(ParentRunner.java:306)
  at org.junit.runners.ParentRunner.run(ParentRunner.java:413)
  at org.junit.runner.JUnitCore.run(JUnitCore.java:137)
  at org.junit.runner.JUnitCore.run(JUnitCore.java:115)
  at org.gradle.api.internal.tasks.testing.junit.JUnitTestExecutor.runRequest(JUnitTestExecutor.java:175)
  at org.gradle.api.internal.tasks.testing.junit.JUnitTestExecutor.accept(JUnitTestExecutor.java:84)
  at org.gradle.api.internal.tasks.testing.junit.JUnitTestExecutor.accept(JUnitTestExecutor.java:47)
  at org.gradle.api.internal.tasks.testing.junit.AbstractJUnitTestDefinitionProcessor.processTestDefinition(AbstractJUnitTestDefinitionProcessor.java:65)
  at org.gradle.api.internal.tasks.testing.SuiteTestDefinitionProcessor.processTestDefinition(SuiteTestDefinitionProcessor.java:54)
  at java.base/jdk.internal.reflect.DirectMethodHandleAccessor.invoke(DirectMethodHandleAccessor.java:104)
  at java.base/java.lang.reflect.Method.invoke(Method.java:565)
  at org.gradle.internal.dispatch.MethodInvocation.invokeOn(MethodInvocation.java:77)
  at org.gradle.internal.dispatch.ReflectionDispatch.dispatch(ReflectionDispatch.java:28)
  at org.gradle.internal.dispatch.ReflectionDispatch.dispatch(ReflectionDispatch.java:19)
  at org.gradle.internal.dispatch.ContextClassLoaderDispatch.dispatch(ContextClassLoaderDispatch.java:33)
  at org.gradle.internal.dispatch.ProxyDispatchAdapter$DispatchingInvocationHandler.invoke(ProxyDispatchAdapter.java:88)
  at jdk.proxy1/jdk.proxy1.$Proxy4.processTestDefinition(Unknown Source)
  at org.gradle.api.internal.tasks.testing.worker.TestWorker$2.run(TestWorker.java:178)
  at org.gradle.api.internal.tasks.testing.worker.TestWorker.executeAndMaintainThreadName(TestWorker.java:126)
  at org.gradle.api.internal.tasks.testing.worker.TestWorker.execute(TestWorker.java:103)
  at org.gradle.api.internal.tasks.testing.worker.TestWorker.execute(TestWorker.java:63)
  at org.gradle.process.internal.worker.child.ActionExecutionWorker.execute(ActionExecutionWorker.java:56)
  at org.gradle.process.internal.worker.child.SystemApplicationClassLoaderWorker.call(SystemApplicationClassLoaderWorker.java:122)
  at org.gradle.process.internal.worker.child.SystemApplicationClassLoaderWorker.call(SystemApplicationClassLoaderWorker.java:72)
  at worker.org.gradle.process.internal.worker.GradleWorkerMain.run(GradleWorkerMain.java:69)
  at worker.org.gradle.process.internal.worker.GradleWorkerMain.main(GradleWorkerMain.java:74)
</stacktrace>
</test-failure>


TypeScriptCompilerTests_U[jvm] > unionPropertyOfProtectedAndIntersectionProperty_ts has expected errors matching unionPropertyOfProtectedAndIntersectionProperty_errors_txt[jvm] FAILED

<test-failure test="com.xemantic.typescript.compiler.TypeScriptCompilerTests_U.useBeforeDeclaration_propertyAssignment_ts has expected errors matching useBeforeDeclaration_propertyAssignment_errors_txt" platform="jvm">
<message>
Expected diagnostics from baseline typescript-repo/tests/baselines/reference/useBeforeDeclaration_propertyAssignment.errors.txt but none produced
</message>
<stacktrace>
  at com.xemantic.typescript.compiler.TypeScriptTestSupportKt.errorsMatchBaseline(TypeScriptTestSupport.kt:125)
  at com.xemantic.typescript.compiler.TypeScriptCompilerTests_U.useBeforeDeclaration_propertyAssignment_ts has expected errors matching useBeforeDeclaration_propertyAssignment_errors_txt(TypeScriptCompilerTests_U.kt:3185)
  at java.base/jdk.internal.reflect.DirectMethodHandleAccessor.invoke(DirectMethodHandleAccessor.java:104)
  at java.base/java.lang.reflect.Method.invoke(Method.java:565)
  at org.junit.runners.model.FrameworkMethod$1.runReflectiveCall(FrameworkMethod.java:59)
  at org.junit.internal.runners.model.ReflectiveCallable.run(ReflectiveCallable.java:12)
  at org.junit.runners.model.FrameworkMethod.invokeExplosively(FrameworkMethod.java:56)
  at org.junit.internal.runners.statements.InvokeMethod.evaluate(InvokeMethod.java:17)
  at org.junit.runners.ParentRunner$3.evaluate(ParentRunner.java:306)
  at org.junit.runners.BlockJUnit4ClassRunner$1.evaluate(BlockJUnit4ClassRunner.java:100)
  at org.junit.runners.ParentRunner.runLeaf(ParentRunner.java:366)
  at org.junit.runners.BlockJUnit4ClassRunner.runChild(BlockJUnit4ClassRunner.java:103)
  at org.junit.runners.BlockJUnit4ClassRunner.runChild(BlockJUnit4ClassRunner.java:63)
  at org.junit.runners.ParentRunner$4.run(ParentRunner.java:331)
  at org.junit.runners.ParentRunner$1.schedule(ParentRunner.java:79)
  at org.junit.runners.ParentRunner.runChildren(ParentRunner.java:329)
  at org.junit.runners.ParentRunner.access$100(ParentRunner.java:66)
  at org.junit.runners.ParentRunner$2.evaluate(ParentRunner.java:293)
  at org.junit.runners.ParentRunner$3.evaluate(ParentRunner.java:306)
  at org.junit.runners.ParentRunner.run(ParentRunner.java:413)
  at org.junit.runner.JUnitCore.run(JUnitCore.java:137)
  at org.junit.runner.JUnitCore.run(JUnitCore.java:115)
  at org.gradle.api.internal.tasks.testing.junit.JUnitTestExecutor.runRequest(JUnitTestExecutor.java:175)
  at org.gradle.api.internal.tasks.testing.junit.JUnitTestExecutor.accept(JUnitTestExecutor.java:84)
  at org.gradle.api.internal.tasks.testing.junit.JUnitTestExecutor.accept(JUnitTestExecutor.java:47)
  at org.gradle.api.internal.tasks.testing.junit.AbstractJUnitTestDefinitionProcessor.processTestDefinition(AbstractJUnitTestDefinitionProcessor.java:65)
  at org.gradle.api.internal.tasks.testing.SuiteTestDefinitionProcessor.processTestDefinition(SuiteTestDefinitionProcessor.java:54)
  at java.base/jdk.internal.reflect.DirectMethodHandleAccessor.invoke(DirectMethodHandleAccessor.java:104)
  at java.base/java.lang.reflect.Method.invoke(Method.java:565)
  at org.gradle.internal.dispatch.MethodInvocation.invokeOn(MethodInvocation.java:77)
  at org.gradle.internal.dispatch.ReflectionDispatch.dispatch(ReflectionDispatch.java:28)
  at org.gradle.internal.dispatch.ReflectionDispatch.dispatch(ReflectionDispatch.java:19)
  at org.gradle.internal.dispatch.ContextClassLoaderDispatch.dispatch(ContextClassLoaderDispatch.java:33)
  at org.gradle.internal.dispatch.ProxyDispatchAdapter$DispatchingInvocationHandler.invoke(ProxyDispatchAdapter.java:88)
  at jdk.proxy1/jdk.proxy1.$Proxy4.processTestDefinition(Unknown Source)
  at org.gradle.api.internal.tasks.testing.worker.TestWorker$2.run(TestWorker.java:178)
  at org.gradle.api.internal.tasks.testing.worker.TestWorker.executeAndMaintainThreadName(TestWorker.java:126)
  at org.gradle.api.internal.tasks.testing.worker.TestWorker.execute(TestWorker.java:103)
  at org.gradle.api.internal.tasks.testing.worker.TestWorker.execute(TestWorker.java:63)
  at org.gradle.process.internal.worker.child.ActionExecutionWorker.execute(ActionExecutionWorker.java:56)
  at org.gradle.process.internal.worker.child.SystemApplicationClassLoaderWorker.call(SystemApplicationClassLoaderWorker.java:122)
  at org.gradle.process.internal.worker.child.SystemApplicationClassLoaderWorker.call(SystemApplicationClassLoaderWorker.java:72)
  at worker.org.gradle.process.internal.worker.GradleWorkerMain.run(GradleWorkerMain.java:69)
  at worker.org.gradle.process.internal.worker.GradleWorkerMain.main(GradleWorkerMain.java:74)
</stacktrace>
</test-failure>


TypeScriptCompilerTests_U[jvm] > useBeforeDeclaration_propertyAssignment_ts has expected errors matching useBeforeDeclaration_propertyAssignment_errors_txt[jvm] FAILED

<test-failure test="com.xemantic.typescript.compiler.TypeScriptCompilerTests_U.unicodeEscapesInNames02_ts__target_es5__has expected errors matching baseline" platform="jvm">
<message>
--- expected
+++ actual
@@ -1,132 +1,34 @@
-error TS-1: Pre-emit (49) and post-emit (50) diagnostic counts do not match! This can indicate that a semantic _error_ was added by the emit resolver - such an error may not be reflected on the command line or in the editor, but may be captured in a baseline here!
 error TS5107: Option 'target=ES5' is deprecated and will stop functioning in TypeScript 7.0. Specify compilerOption '"ignoreDeprecations": "6.0"' to silence this error.
-astralAsSurrogatePair.ts(1,11): error TS1127: Invalid character.
-astralAsSurrogatePair.ts(1,14): error TS2305: Module '"./extendedEscapesForAstralsInVarsAndClasses.js"' has no exported member 'as'.
 astralAsSurrogatePair.ts(1,17): error TS1127: Invalid character.
-astralAsSurrogatePair.ts(1,18): error TS2305: Module '"./extendedEscapesForAstralsInVarsAndClasses.js"' has no exported member 'uD800'.
-astralAsSurrogatePair.ts(1,23): error TS1127: Invalid character.
-astralAsSurrogatePair.ts(1,24): error TS2305: Module '"./extendedEscapesForAstralsInVarsAndClasses.js"' has no exported member 'uDEA7'.
-extendedEscapesForAstralsInVarsAndClasses.ts(2,13): error TS1127: Invalid character.
-extendedEscapesForAstralsInVarsAndClasses.ts(2,15): error TS1134: Variable declaration expected.
-extendedEscapesForAstralsInVarsAndClasses.ts(2,17): error TS7005: Variable 'string' implicitly has an 'any' type.
 extendedEscapesForAstralsInVarsAndClasses.ts(3,13): error TS1127: Invalid character.
-extendedEscapesForAstralsInVarsAndClasses.ts(3,14): error TS7005: Variable 'u' implicitly has an 'any' type.
-extendedEscapesForAstralsInVarsAndClasses.ts(3,15): error TS1005: ',' expected.
-extendedEscapesForAstralsInVarsAndClasses.ts(3,19): error TS1351: An identifier or keyword cannot immediately follow a numeric literal.
-extendedEscapesForAstralsInVarsAndClasses.ts(6,5): error TS1127: Invalid character.
-extendedEscapesForAstralsInVarsAndClasses.ts(6,8): error TS1128: Declaration or statement expected.
-extendedEscapesForAstralsInVarsAndClasses.ts(9,5): error TS1127: Invalid character.
-extendedEscapesForAstralsInVarsAndClasses.ts(9,6): error TS1434: Unexpected keyword or identifier.
-extendedEscapesForAstralsInVarsAndClasses.ts(9,11): error TS1351: An identifier or keyword cannot immediately follow a numeric literal.
-extendedEscapesForAstralsInVarsAndClasses.ts(9,15): error TS2809: Declaration or statement expected. This '=' follows a block of statements, so if you intended to write a destructuring assignment, you might need to wrap the whole assignment in parentheses.
 extendedEscapesForAstralsInVarsAndClasses.ts(13,5): error TS1127: Invalid character.
-extendedEscapesForAstralsInVarsAndClasses.ts(13,6): error TS1434: Unexpected keyword or identifier.
-extendedEscapesForAstralsInVarsAndClasses.ts(13,6): error TS7008: Member 'u' implicitly has an 'any' type.
-extendedEscapesForAstralsInVarsAndClasses.ts(13,7): error TS1068: Unexpected token. A constructor, method, accessor, or property was expected.
-extendedEscapesForAstralsInVarsAndClasses.ts(13,11): error TS1351: An identifier or keyword cannot immediately follow a numeric literal.
-extendedEscapesForAstralsInVarsAndClasses.ts(13,14): error TS1128: Declaration or statement expected.
-extendedEscapesForAstralsInVarsAndClasses.ts(14,5): error TS2304: Cannot find name 'constructor'.
-extendedEscapesForAstralsInVarsAndClasses.ts(14,19): error TS1005: ';' expected.
-extendedEscapesForAstralsInVarsAndClasses.ts(15,9): error TS2532: Object is possibly 'undefined'.
 extendedEscapesForAstralsInVarsAndClasses.ts(15,14): error TS1127: Invalid character.
-extendedEscapesForAstralsInVarsAndClasses.ts(15,15): error TS1434: Unexpected keyword or identifier.
-extendedEscapesForAstralsInVarsAndClasses.ts(15,20): error TS1351: An identifier or keyword cannot immediately follow a numeric literal.
-extendedEscapesForAstralsInVarsAndClasses.ts(15,24): error TS2809: Declaration or statement expected. This '=' follows a block of statements, so if you intended to write a destructuring assignment, you might need to wrap the whole assignment in parentheses.
-extendedEscapesForAstralsInVarsAndClasses.ts(17,5): error TS2304: Cannot find name 'methodA'.
-extendedEscapesForAstralsInVarsAndClasses.ts(17,15): error TS1005: ';' expected.
-extendedEscapesForAstralsInVarsAndClasses.ts(18,21): error TS1127: Invalid character.
-extendedEscapesForAstralsInVarsAndClasses.ts(20,1): error TS1128: Declaration or statement expected.
-extendedEscapesForAstralsInVarsAndClasses.ts(22,12): error TS7005: Variable '_' implicitly has an 'any' type.
-extendedEscapesForAstralsInVarsAndClasses.ts(22,13): error TS1127: Invalid character.
-extendedEscapesForAstralsInVarsAndClasses.ts(22,16): error TS1134: Variable declaration expected.
-extendedEscapesForAstralsInVarsAndClasses.ts(22,18): error TS1389: 'new' is not allowed as a variable declaration name.
 extendedEscapesForAstralsInVarsAndClasses.ts(22,28): error TS1127: Invalid character.
-extendedEscapesForAstralsInVarsAndClasses.ts(22,29): error TS1434: Unexpected keyword or identifier.
-extendedEscapesForAstralsInVarsAndClasses.ts(22,34): error TS1351: An identifier or keyword cannot immediately follow a numeric literal.
-extendedEscapesForAstralsInVarsAndClasses.ts(22,50): error TS2339: Property 'methodA' does not exist on type 'Foo'.
-extendedEscapesForAstralsInVarsAndClasses.ts(24,2): error TS1127: Invalid character.
-extendedEscapesForAstralsInVarsAndClasses.ts(24,3): error TS1434: Unexpected keyword or identifier.
-extendedEscapesForAstralsInVarsAndClasses.ts(24,8): error TS1351: An identifier or keyword cannot immediately follow a numeric literal.
-extendedEscapesForAstralsInVarsAndClasses.ts(24,12): error TS1128: Declaration or statement expected.
 
 
-!!! error TS-1: Pre-emit (49) and post-emit (50) diagnostic counts do not match! This can indicate that a semantic _error_ was added by the emit resolver - such an error may not be reflected on the command line or in the editor, but may be captured in a baseline here!
-!!! related TS-1: The excess diagnostics are:
-!!! related TS2532 extendedEscapesForAstralsInVarsAndClasses.ts:18:16: Object is possibly 'undefined'.
 !!! error TS5107: Option 'target=ES5' is deprecated and will stop functioning in TypeScript 7.0. Specify compilerOption '"ignoreDeprecations": "6.0"' to silence this error.
-==== extendedEscapesForAstralsInVarsAndClasses.ts (42 errors) ====
+==== extendedEscapesForAstralsInVarsAndClasses.ts (4 errors) ====
     // U+102A7 CARIAN LETTER A2
     declare var 𐊧: string;
-                ~~
-!!! error TS1127: Invalid character.
-                  ~
-!!! error TS1134: Variable declaration expected.
-                    ~~~~~~
-!!! error TS7005: Variable 'string' implicitly has an 'any' type.
     declare var \u{102A7}: string;
                 
 !!! error TS1127: Invalid character.
-                 ~
-!!! error TS7005: Variable 'u' implicitly has an 'any' type.
-                  ~
-!!! error TS1005: ',' expected.
-                      ~~
-!!! error TS1351: An identifier or keyword cannot immediately follow a numeric literal.
     
     if (Math.random()) {
         𐊧 = "hello";
-        ~~
-!!! error TS1127: Invalid character.
-           ~
-!!! error TS1128: Declaration or statement expected.
     }
     else {
         \u{102A7} = "hallo";
-        
-!!! error TS1127: Invalid character.
-         ~
-!!! error TS1434: Unexpected keyword or identifier.
-              ~~
-!!! error TS1351: An identifier or keyword cannot immediately follow a numeric literal.
-                  ~
-!!! error TS2809: Declaration or statement expected. This '=' follows a block of statements, so if you intended to write a destructuring assignment, you might need to wrap the whole assignment in parentheses.
     }
     
     class Foo {
         \u{102A7}: string;
         
 !!! error TS1127: Invalid character.
-         ~
-!!! error TS1434: Unexpected keyword or identifier.
-         ~
-!!! error TS7008: Member 'u' implicitly has an 'any' type.
-          ~
-!!! error TS1068: Unexpected token. A constructor, method, accessor, or property was expected.
-              ~~
-!!! error TS1351: An identifier or keyword cannot immediately follow a numeric literal.
-                 ~
-!!! error TS1128: Declaration or statement expected.
         constructor() {
-        ~~~~~~~~~~~
-!!! error TS2304: Cannot find name 'constructor'.
-                      ~
-!!! error TS1005: ';' expected.
             this.\u{102A7} = " world";
-            ~~~~
-!!! error TS2532: Object is possibly 'undefined'.
                  
 !!! error TS1127: Invalid character.
-                  ~
-!!! error TS1434: Unexpected keyword or identifier.
-                       ~~
-!!! error TS1351: An identifier or keyword cannot immediately follow a numeric literal.
-                           ~
-!!! error TS2809: Declaration or statement expected. This '=' follows a block of statements, so if you intended to write a destructuring assignment, you might need to wrap the whole assignment in parentheses.
         }
         methodA() {
-        ~~~~~~~
-!!! error TS2304: Cannot find name 'methodA'.
-                  ~
-!!! error TS1005: ';' expected.
             return this.𐊧;
-                        ~~

Diff truncated: more than 100 lines changed

Expected: 180 lines
Actual: 47 lines

The differences are too extensive to show in unified diff format.
Consider comparing smaller sections or reviewing the strings directly.

</message>
<stacktrace>
  at org.junit.Assert.fail(Assert.java:89)
  at kotlin.test.junit.JUnitAsserter.fail(JUnitSupport.kt:56)
  at kotlin.test.AssertionsKt__AssertionsKt.fail(Assertions.kt:563)
  at kotlin.test.AssertionsKt.fail(Unknown Source)
  at com.xemantic.kotlin.test.SameAsKt.sameAs(SameAs.kt:52)
  at com.xemantic.typescript.compiler.TypeScriptTestSupportKt.errorsMatchBaseline(TypeScriptTestSupport.kt:135)
  at com.xemantic.typescript.compiler.TypeScriptCompilerTests_U.unicodeEscapesInNames02_ts__target_es5__has expected errors matching baseline(TypeScriptCompilerTests_U.kt:532)
  at java.base/jdk.internal.reflect.DirectMethodHandleAccessor.invoke(DirectMethodHandleAccessor.java:104)
  at java.base/java.lang.reflect.Method.invoke(Method.java:565)
  at org.junit.runners.model.FrameworkMethod$1.runReflectiveCall(FrameworkMethod.java:59)
  at org.junit.internal.runners.model.ReflectiveCallable.run(ReflectiveCallable.java:12)
  at org.junit.runners.model.FrameworkMethod.invokeExplosively(FrameworkMethod.java:56)
  at org.junit.internal.runners.statements.InvokeMethod.evaluate(InvokeMethod.java:17)
  at org.junit.runners.ParentRunner$3.evaluate(ParentRunner.java:306)
  at org.junit.runners.BlockJUnit4ClassRunner$1.evaluate(BlockJUnit4ClassRunner.java:100)
  at org.junit.runners.ParentRunner.runLeaf(ParentRunner.java:366)
  at org.junit.runners.BlockJUnit4ClassRunner.runChild(BlockJUnit4ClassRunner.java:103)
  at org.junit.runners.BlockJUnit4ClassRunner.runChild(BlockJUnit4ClassRunner.java:63)
  at org.junit.runners.ParentRunner$4.run(ParentRunner.java:331)
  at org.junit.runners.ParentRunner$1.schedule(ParentRunner.java:79)
  at org.junit.runners.ParentRunner.runChildren(ParentRunner.java:329)
  at org.junit.runners.ParentRunner.access$100(ParentRunner.java:66)
  at org.junit.runners.ParentRunner$2.evaluate(ParentRunner.java:293)
  at org.junit.runners.ParentRunner$3.evaluate(ParentRunner.java:306)
  at org.junit.runners.ParentRunner.run(ParentRunner.java:413)
  at org.junit.runner.JUnitCore.run(JUnitCore.java:137)
  at org.junit.runner.JUnitCore.run(JUnitCore.java:115)
  at org.gradle.api.internal.tasks.testing.junit.JUnitTestExecutor.runRequest(JUnitTestExecutor.java:175)
  at org.gradle.api.internal.tasks.testing.junit.JUnitTestExecutor.accept(JUnitTestExecutor.java:84)
  at org.gradle.api.internal.tasks.testing.junit.JUnitTestExecutor.accept(JUnitTestExecutor.java:47)
  at org.gradle.api.internal.tasks.testing.junit.AbstractJUnitTestDefinitionProcessor.processTestDefinition(AbstractJUnitTestDefinitionProcessor.java:65)
  at org.gradle.api.internal.tasks.testing.SuiteTestDefinitionProcessor.processTestDefinition(SuiteTestDefinitionProcessor.java:54)
  at java.base/jdk.internal.reflect.DirectMethodHandleAccessor.invoke(DirectMethodHandleAccessor.java:104)
  at java.base/java.lang.reflect.Method.invoke(Method.java:565)
  at org.gradle.internal.dispatch.MethodInvocation.invokeOn(MethodInvocation.java:77)
  at org.gradle.internal.dispatch.ReflectionDispatch.dispatch(ReflectionDispatch.java:28)
  at org.gradle.internal.dispatch.ReflectionDispatch.dispatch(ReflectionDispatch.java:19)
  at org.gradle.internal.dispatch.ContextClassLoaderDispatch.dispatch(ContextClassLoaderDispatch.java:33)
  at org.gradle.internal.dispatch.ProxyDispatchAdapter$DispatchingInvocationHandler.invoke(ProxyDispatchAdapter.java:88)
  at jdk.proxy1/jdk.proxy1.$Proxy4.processTestDefinition(Unknown Source)
  at org.gradle.api.internal.tasks.testing.worker.TestWorker$2.run(TestWorker.java:178)
  at org.gradle.api.internal.tasks.testing.worker.TestWorker.executeAndMaintainThreadName(TestWorker.java:126)
  at org.gradle.api.internal.tasks.testing.worker.TestWorker.execute(TestWorker.java:103)
  at org.gradle.api.internal.tasks.testing.worker.TestWorker.execute(TestWorker.java:63)
  at org.gradle.process.internal.worker.child.ActionExecutionWorker.execute(ActionExecutionWorker.java:56)
  at org.gradle.process.internal.worker.child.SystemApplicationClassLoaderWorker.call(SystemApplicationClassLoaderWorker.java:122)
  at org.gradle.process.internal.worker.child.SystemApplicationClassLoaderWorker.call(SystemApplicationClassLoaderWorker.java:72)
  at worker.org.gradle.process.internal.worker.GradleWorkerMain.run(GradleWorkerMain.java:69)
  at worker.org.gradle.process.internal.worker.GradleWorkerMain.main(GradleWorkerMain.java:74)
</stacktrace>
</test-failure>


TypeScriptCompilerTests_U[jvm] > unicodeEscapesInNames02_ts__target_es5__has expected errors matching baseline[jvm] FAILED

<test-failure test="com.xemantic.typescript.compiler.TypeScriptCompilerTests_U.unusedLocalsInMethod4_ts has expected errors matching unusedLocalsInMethod4_errors_txt" platform="jvm">
<message>
--- expected
+++ actual
@@ -1,21 +1,11 @@
-unusedLocalsInMethod4.ts(15,21): error TS2454: Variable 'x1' is used before being assigned.
-unusedLocalsInMethod4.ts(16,21): error TS2454: Variable 'x2' is used before being assigned.
-unusedLocalsInMethod4.ts(22,21): error TS2454: Variable 'x8' is used before being assigned.
-unusedLocalsInMethod4.ts(23,21): error TS2454: Variable 'x9' is used before being assigned.
 unusedLocalsInMethod4.ts(44,17): error TS2454: Variable 'x1' is used before being assigned.
 unusedLocalsInMethod4.ts(45,17): error TS2454: Variable 'x2' is used before being assigned.
 unusedLocalsInMethod4.ts(51,17): error TS2454: Variable 'x8' is used before being assigned.
 unusedLocalsInMethod4.ts(52,17): error TS2454: Variable 'x9' is used before being assigned.
-unusedLocalsInMethod4.ts(58,9): error TS2454: Variable 'x' is used before being assigned.
-unusedLocalsInMethod4.ts(67,20): error TS2454: Variable 'x' is used before being assigned.
 unusedLocalsInMethod4.ts(103,11): error TS1155: 'const' declarations must be initialized.
-unusedLocalsInMethod4.ts(113,9): error TS2454: Variable 'i' is used before being assigned.
-unusedLocalsInMethod4.ts(114,21): error TS2454: Variable 'i' is used before being assigned.
-unusedLocalsInMethod4.ts(139,9): error TS2454: Variable 'enabledSubstitutions' is used before being assigned.
-unusedLocalsInMethod4.ts(141,9): error TS2454: Variable 'enabledSubstitutions' is used before being assigned.
 
 
-==== unusedLocalsInMethod4.ts (15 errors) ====
+==== unusedLocalsInMethod4.ts (5 errors) ====
     function f<T, NonNull extends {}>() {
         let x1: number[]; // should error
         let x2: number[] | null; // should error
@@ -31,22 +21,14 @@
     
         function foo() {
             console.log(x1);
-                        ~~
-!!! error TS2454: Variable 'x1' is used before being assigned.
             console.log(x2);
-                        ~~
-!!! error TS2454: Variable 'x2' is used before being assigned.
             console.log(x3);
             console.log(x4);
             console.log(x5);
             console.log(x6);
             console.log(x7);
             console.log(x8);
-                        ~~
-!!! error TS2454: Variable 'x8' is used before being assigned.
             console.log(x9);
-                        ~~
-!!! error TS2454: Variable 'x9' is used before being assigned.
             console.log(x10);
             console.log(x11);
         }
@@ -90,8 +72,6 @@
         let x: number[];    // should error
         function foo() {
             x.toString();
-            ~
-!!! error TS2454: Variable 'x' is used before being assigned.
         }
         foo();
     }
@@ -101,8 +81,6 @@
         return {
             foo() {
                 return x.toString();
-                       ~
-!!! error TS2454: Variable 'x' is used before being assigned.
             }
         };
     }
@@ -151,11 +129,7 @@
         let i: number;  // should error
         function inside() {
             i++;
-            ~
-!!! error TS2454: Variable 'i' is used before being assigned.
             console.log(i); // NaN
-                        ~
-!!! error TS2454: Variable 'i' is used before being assigned.
         }
         inside();
     }
@@ -181,11 +155,7 @@
     
         function enableSubstitutionForClassAliases() {
             enabledSubstitutions |= ClassPropertySubstitutionFlags.ClassAliases;
-            ~~~~~~~~~~~~~~~~~~~~
-!!! error TS2454: Variable 'enabledSubstitutions' is used before being assigned.
     
             enabledSubstitutions.toString();
-            ~~~~~~~~~~~~~~~~~~~~
-!!! error TS2454: Variable 'enabledSubstitutions' is used before being assigned.
         }
     }

</message>
<stacktrace>
  at org.junit.Assert.fail(Assert.java:89)
  at kotlin.test.junit.JUnitAsserter.fail(JUnitSupport.kt:56)
  at kotlin.test.AssertionsKt__AssertionsKt.fail(Assertions.kt:563)
  at kotlin.test.AssertionsKt.fail(Unknown Source)
  at com.xemantic.kotlin.test.SameAsKt.sameAs(SameAs.kt:52)
  at com.xemantic.typescript.compiler.TypeScriptTestSupportKt.errorsMatchBaseline(TypeScriptTestSupport.kt:135)
  at com.xemantic.typescript.compiler.TypeScriptCompilerTests_U.unusedLocalsInMethod4_ts has expected errors matching unusedLocalsInMethod4_errors_txt(TypeScriptCompilerTests_U.kt:1841)
  at java.base/jdk.internal.reflect.DirectMethodHandleAccessor.invoke(DirectMethodHandleAccessor.java:104)
  at java.base/java.lang.reflect.Method.invoke(Method.java:565)
  at org.junit.runners.model.FrameworkMethod$1.runReflectiveCall(FrameworkMethod.java:59)
  at org.junit.internal.runners.model.ReflectiveCallable.run(ReflectiveCallable.java:12)
  at org.junit.runners.model.FrameworkMethod.invokeExplosively(FrameworkMethod.java:56)
  at org.junit.internal.runners.statements.InvokeMethod.evaluate(InvokeMethod.java:17)
  at org.junit.runners.ParentRunner$3.evaluate(ParentRunner.java:306)
  at org.junit.runners.BlockJUnit4ClassRunner$1.evaluate(BlockJUnit4ClassRunner.java:100)
  at org.junit.runners.ParentRunner.runLeaf(ParentRunner.java:366)
  at org.junit.runners.BlockJUnit4ClassRunner.runChild(BlockJUnit4ClassRunner.java:103)
  at org.junit.runners.BlockJUnit4ClassRunner.runChild(BlockJUnit4ClassRunner.java:63)
  at org.junit.runners.ParentRunner$4.run(ParentRunner.java:331)
  at org.junit.runners.ParentRunner$1.schedule(ParentRunner.java:79)
  at org.junit.runners.ParentRunner.runChildren(ParentRunner.java:329)
  at org.junit.runners.ParentRunner.access$100(ParentRunner.java:66)
  at org.junit.runners.ParentRunner$2.evaluate(ParentRunner.java:293)
  at org.junit.runners.ParentRunner$3.evaluate(ParentRunner.java:306)
  at org.junit.runners.ParentRunner.run(ParentRunner.java:413)
  at org.junit.runner.JUnitCore.run(JUnitCore.java:137)
  at org.junit.runner.JUnitCore.run(JUnitCore.java:115)
  at org.gradle.api.internal.tasks.testing.junit.JUnitTestExecutor.runRequest(JUnitTestExecutor.java:175)
  at org.gradle.api.internal.tasks.testing.junit.JUnitTestExecutor.accept(JUnitTestExecutor.java:84)
  at org.gradle.api.internal.tasks.testing.junit.JUnitTestExecutor.accept(JUnitTestExecutor.java:47)
  at org.gradle.api.internal.tasks.testing.junit.AbstractJUnitTestDefinitionProcessor.processTestDefinition(AbstractJUnitTestDefinitionProcessor.java:65)
  at org.gradle.api.internal.tasks.testing.SuiteTestDefinitionProcessor.processTestDefinition(SuiteTestDefinitionProcessor.java:54)
  at java.base/jdk.internal.reflect.DirectMethodHandleAccessor.invoke(DirectMethodHandleAccessor.java:104)
  at java.base/java.lang.reflect.Method.invoke(Method.java:565)
  at org.gradle.internal.dispatch.MethodInvocation.invokeOn(MethodInvocation.java:77)
  at org.gradle.internal.dispatch.ReflectionDispatch.dispatch(ReflectionDispatch.java:28)
  at org.gradle.internal.dispatch.ReflectionDispatch.dispatch(ReflectionDispatch.java:19)
  at org.gradle.internal.dispatch.ContextClassLoaderDispatch.dispatch(ContextClassLoaderDispatch.java:33)
  at org.gradle.internal.dispatch.ProxyDispatchAdapter$DispatchingInvocationHandler.invoke(ProxyDispatchAdapter.java:88)
  at jdk.proxy1/jdk.proxy1.$Proxy4.processTestDefinition(Unknown Source)
  at org.gradle.api.internal.tasks.testing.worker.TestWorker$2.run(TestWorker.java:178)
  at org.gradle.api.internal.tasks.testing.worker.TestWorker.executeAndMaintainThreadName(TestWorker.java:126)
  at org.gradle.api.internal.tasks.testing.worker.TestWorker.execute(TestWorker.java:103)
  at org.gradle.api.internal.tasks.testing.worker.TestWorker.execute(TestWorker.java:63)
  at org.gradle.process.internal.worker.child.ActionExecutionWorker.execute(ActionExecutionWorker.java:56)
  at org.gradle.process.internal.worker.child.SystemApplicationClassLoaderWorker.call(SystemApplicationClassLoaderWorker.java:122)
  at org.gradle.process.internal.worker.child.SystemApplicationClassLoaderWorker.call(SystemApplicationClassLoaderWorker.java:72)
  at worker.org.gradle.process.internal.worker.GradleWorkerMain.run(GradleWorkerMain.java:69)
  at worker.org.gradle.process.internal.worker.GradleWorkerMain.main(GradleWorkerMain.java:74)
</stacktrace>
</test-failure>


TypeScriptCompilerTests_U[jvm] > unusedLocalsInMethod4_ts has expected errors matching unusedLocalsInMethod4_errors_txt[jvm] FAILED

<test-failure test="com.xemantic.typescript.compiler.TypeScriptCompilerTests_U.unmetTypeConstraintInImportCall_ts has expected errors matching unmetTypeConstraintInImportCall_errors_txt" platform="jvm">
<message>
Expected diagnostics from baseline typescript-repo/tests/baselines/reference/unmetTypeConstraintInImportCall.errors.txt but none produced
</message>
<stacktrace>
  at com.xemantic.typescript.compiler.TypeScriptTestSupportKt.errorsMatchBaseline(TypeScriptTestSupport.kt:125)
  at com.xemantic.typescript.compiler.TypeScriptCompilerTests_U.unmetTypeConstraintInImportCall_ts has expected errors matching unmetTypeConstraintInImportCall_errors_txt(TypeScriptCompilerTests_U.kt:945)
  at java.base/jdk.internal.reflect.DirectMethodHandleAccessor.invoke(DirectMethodHandleAccessor.java:104)
  at java.base/java.lang.reflect.Method.invoke(Method.java:565)
  at org.junit.runners.model.FrameworkMethod$1.runReflectiveCall(FrameworkMethod.java:59)
  at org.junit.internal.runners.model.ReflectiveCallable.run(ReflectiveCallable.java:12)
  at org.junit.runners.model.FrameworkMethod.invokeExplosively(FrameworkMethod.java:56)
  at org.junit.internal.runners.statements.InvokeMethod.evaluate(InvokeMethod.java:17)
  at org.junit.runners.ParentRunner$3.evaluate(ParentRunner.java:306)
  at org.junit.runners.BlockJUnit4ClassRunner$1.evaluate(BlockJUnit4ClassRunner.java:100)
  at org.junit.runners.ParentRunner.runLeaf(ParentRunner.java:366)
  at org.junit.runners.BlockJUnit4ClassRunner.runChild(BlockJUnit4ClassRunner.java:103)
  at org.junit.runners.BlockJUnit4ClassRunner.runChild(BlockJUnit4ClassRunner.java:63)
  at org.junit.runners.ParentRunner$4.run(ParentRunner.java:331)
  at org.junit.runners.ParentRunner$1.schedule(ParentRunner.java:79)
  at org.junit.runners.ParentRunner.runChildren(ParentRunner.java:329)
  at org.junit.runners.ParentRunner.access$100(ParentRunner.java:66)
  at org.junit.runners.ParentRunner$2.evaluate(ParentRunner.java:293)
  at org.junit.runners.ParentRunner$3.evaluate(ParentRunner.java:306)
  at org.junit.runners.ParentRunner.run(ParentRunner.java:413)
  at org.junit.runner.JUnitCore.run(JUnitCore.java:137)
  at org.junit.runner.JUnitCore.run(JUnitCore.java:115)
  at org.gradle.api.internal.tasks.testing.junit.JUnitTestExecutor.runRequest(JUnitTestExecutor.java:175)
  at org.gradle.api.internal.tasks.testing.junit.JUnitTestExecutor.accept(JUnitTestExecutor.java:84)
  at org.gradle.api.internal.tasks.testing.junit.JUnitTestExecutor.accept(JUnitTestExecutor.java:47)
  at org.gradle.api.internal.tasks.testing.junit.AbstractJUnitTestDefinitionProcessor.processTestDefinition(AbstractJUnitTestDefinitionProcessor.java:65)
  at org.gradle.api.internal.tasks.testing.SuiteTestDefinitionProcessor.processTestDefinition(SuiteTestDefinitionProcessor.java:54)
  at java.base/jdk.internal.reflect.DirectMethodHandleAccessor.invoke(DirectMethodHandleAccessor.java:104)
  at java.base/java.lang.reflect.Method.invoke(Method.java:565)
  at org.gradle.internal.dispatch.MethodInvocation.invokeOn(MethodInvocation.java:77)
  at org.gradle.internal.dispatch.ReflectionDispatch.dispatch(ReflectionDispatch.java:28)
  at org.gradle.internal.dispatch.ReflectionDispatch.dispatch(ReflectionDispatch.java:19)
  at org.gradle.internal.dispatch.ContextClassLoaderDispatch.dispatch(ContextClassLoaderDispatch.java:33)
  at org.gradle.internal.dispatch.ProxyDispatchAdapter$DispatchingInvocationHandler.invoke(ProxyDispatchAdapter.java:88)
  at jdk.proxy1/jdk.proxy1.$Proxy4.processTestDefinition(Unknown Source)
  at org.gradle.api.internal.tasks.testing.worker.TestWorker$2.run(TestWorker.java:178)
  at org.gradle.api.internal.tasks.testing.worker.TestWorker.executeAndMaintainThreadName(TestWorker.java:126)
  at org.gradle.api.internal.tasks.testing.worker.TestWorker.execute(TestWorker.java:103)
  at org.gradle.api.internal.tasks.testing.worker.TestWorker.execute(TestWorker.java:63)
  at org.gradle.process.internal.worker.child.ActionExecutionWorker.execute(ActionExecutionWorker.java:56)
  at org.gradle.process.internal.worker.child.SystemApplicationClassLoaderWorker.call(SystemApplicationClassLoaderWorker.java:122)
  at org.gradle.process.internal.worker.child.SystemApplicationClassLoaderWorker.call(SystemApplicationClassLoaderWorker.java:72)
  at worker.org.gradle.process.internal.worker.GradleWorkerMain.run(GradleWorkerMain.java:69)
  at worker.org.gradle.process.internal.worker.GradleWorkerMain.main(GradleWorkerMain.java:74)
</stacktrace>
</test-failure>


TypeScriptCompilerTests_U[jvm] > unmetTypeConstraintInImportCall_ts has expected errors matching unmetTypeConstraintInImportCall_errors_txt[jvm] FAILED

<test-failure test="com.xemantic.typescript.compiler.TypeScriptCompilerTests_U.undefinedSymbolReferencedInArrayLiteral1_ts has expected errors matching undefinedSymbolReferencedInArrayLiteral1_errors_txt" platform="jvm">
<message>
--- expected
+++ actual
@@ -1,17 +1,14 @@
 undefinedSymbolReferencedInArrayLiteral1.ts(1,29): error TS2304: Cannot find name 'deltaOffset'.
-undefinedSymbolReferencedInArrayLiteral1.ts(4,15): error TS2339: Property 'NonexistantMethod' does not exist on type 'number[]'.
 undefinedSymbolReferencedInArrayLiteral1.ts(5,5): error TS2304: Cannot find name 'anotherNonExistingMethod'.
 
 
-==== undefinedSymbolReferencedInArrayLiteral1.ts (3 errors) ====
+==== undefinedSymbolReferencedInArrayLiteral1.ts (2 errors) ====
     var tokens = [{ startIndex: deltaOffset }];
                                 ~~~~~~~~~~~
 !!! error TS2304: Cannot find name 'deltaOffset'.
     
     var functions = [function() {
         [1, 2, 3].NonexistantMethod();
-                  ~~~~~~~~~~~~~~~~~
-!!! error TS2339: Property 'NonexistantMethod' does not exist on type 'number[]'.
         anotherNonExistingMethod();
         ~~~~~~~~~~~~~~~~~~~~~~~~
 !!! error TS2304: Cannot find name 'anotherNonExistingMethod'.

</message>
<stacktrace>
  at org.junit.Assert.fail(Assert.java:89)
  at kotlin.test.junit.JUnitAsserter.fail(JUnitSupport.kt:56)
  at kotlin.test.AssertionsKt__AssertionsKt.fail(Assertions.kt:563)
  at kotlin.test.AssertionsKt.fail(Unknown Source)
  at com.xemantic.kotlin.test.SameAsKt.sameAs(SameAs.kt:52)
  at com.xemantic.typescript.compiler.TypeScriptTestSupportKt.errorsMatchBaseline(TypeScriptTestSupport.kt:135)
  at com.xemantic.typescript.compiler.TypeScriptCompilerTests_U.undefinedSymbolReferencedInArrayLiteral1_ts has expected errors matching undefinedSymbolReferencedInArrayLiteral1_errors_txt(TypeScriptCompilerTests_U.kt:343)
  at java.base/jdk.internal.reflect.DirectMethodHandleAccessor.invoke(DirectMethodHandleAccessor.java:104)
  at java.base/java.lang.reflect.Method.invoke(Method.java:565)
  at org.junit.runners.model.FrameworkMethod$1.runReflectiveCall(FrameworkMethod.java:59)
  at org.junit.internal.runners.model.ReflectiveCallable.run(ReflectiveCallable.java:12)
  at org.junit.runners.model.FrameworkMethod.invokeExplosively(FrameworkMethod.java:56)
  at org.junit.internal.runners.statements.InvokeMethod.evaluate(InvokeMethod.java:17)
  at org.junit.runners.ParentRunner$3.evaluate(ParentRunner.java:306)
  at org.junit.runners.BlockJUnit4ClassRunner$1.evaluate(BlockJUnit4ClassRunner.java:100)
  at org.junit.runners.ParentRunner.runLeaf(ParentRunner.java:366)
  at org.junit.runners.BlockJUnit4ClassRunner.runChild(BlockJUnit4ClassRunner.java:103)
  at org.junit.runners.BlockJUnit4ClassRunner.runChild(BlockJUnit4ClassRunner.java:63)
  at org.junit.runners.ParentRunner$4.run(ParentRunner.java:331)
  at org.junit.runners.ParentRunner$1.schedule(ParentRunner.java:79)
  at org.junit.runners.ParentRunner.runChildren(ParentRunner.java:329)
  at org.junit.runners.ParentRunner.access$100(ParentRunner.java:66)
  at org.junit.runners.ParentRunner$2.evaluate(ParentRunner.java:293)
  at org.junit.runners.ParentRunner$3.evaluate(ParentRunner.java:306)
  at org.junit.runners.ParentRunner.run(ParentRunner.java:413)
  at org.junit.runner.JUnitCore.run(JUnitCore.java:137)
  at org.junit.runner.JUnitCore.run(JUnitCore.java:115)
  at org.gradle.api.internal.tasks.testing.junit.JUnitTestExecutor.runRequest(JUnitTestExecutor.java:175)
  at org.gradle.api.internal.tasks.testing.junit.JUnitTestExecutor.accept(JUnitTestExecutor.java:84)
  at org.gradle.api.internal.tasks.testing.junit.JUnitTestExecutor.accept(JUnitTestExecutor.java:47)
  at org.gradle.api.internal.tasks.testing.junit.AbstractJUnitTestDefinitionProcessor.processTestDefinition(AbstractJUnitTestDefinitionProcessor.java:65)
  at org.gradle.api.internal.tasks.testing.SuiteTestDefinitionProcessor.processTestDefinition(SuiteTestDefinitionProcessor.java:54)
  at java.base/jdk.internal.reflect.DirectMethodHandleAccessor.invoke(DirectMethodHandleAccessor.java:104)
  at java.base/java.lang.reflect.Method.invoke(Method.java:565)
  at org.gradle.internal.dispatch.MethodInvocation.invokeOn(MethodInvocation.java:77)
  at org.gradle.internal.dispatch.ReflectionDispatch.dispatch(ReflectionDispatch.java:28)
  at org.gradle.internal.dispatch.ReflectionDispatch.dispatch(ReflectionDispatch.java:19)
  at org.gradle.internal.dispatch.ContextClassLoaderDispatch.dispatch(ContextClassLoaderDispatch.java:33)
  at org.gradle.internal.dispatch.ProxyDispatchAdapter$DispatchingInvocationHandler.invoke(ProxyDispatchAdapter.java:88)
  at jdk.proxy1/jdk.proxy1.$Proxy4.processTestDefinition(Unknown Source)
  at org.gradle.api.internal.tasks.testing.worker.TestWorker$2.run(TestWorker.java:178)
  at org.gradle.api.internal.tasks.testing.worker.TestWorker.executeAndMaintainThreadName(TestWorker.java:126)
  at org.gradle.api.internal.tasks.testing.worker.TestWorker.execute(TestWorker.java:103)
  at org.gradle.api.internal.tasks.testing.worker.TestWorker.execute(TestWorker.java:63)
  at org.gradle.process.internal.worker.child.ActionExecutionWorker.execute(ActionExecutionWorker.java:56)
  at org.gradle.process.internal.worker.child.SystemApplicationClassLoaderWorker.call(SystemApplicationClassLoaderWorker.java:122)
  at org.gradle.process.internal.worker.child.SystemApplicationClassLoaderWorker.call(SystemApplicationClassLoaderWorker.java:72)
  at worker.org.gradle.process.internal.worker.GradleWorkerMain.run(GradleWorkerMain.java:69)
  at worker.org.gradle.process.internal.worker.GradleWorkerMain.main(GradleWorkerMain.java:74)
</stacktrace>
</test-failure>


TypeScriptCompilerTests_U[jvm] > undefinedSymbolReferencedInArrayLiteral1_ts has expected errors matching undefinedSymbolReferencedInArrayLiteral1_errors_txt[jvm] FAILED

<test-failure test="com.xemantic.typescript.compiler.TypeScriptCompilerTests_U.useBeforeDeclaration_classDecorators_1_ts has expected errors matching useBeforeDeclaration_classDecorators_1_errors_txt" platform="jvm">
<message>
Expected diagnostics from baseline typescript-repo/tests/baselines/reference/useBeforeDeclaration_classDecorators.1.errors.txt but none produced
</message>
<stacktrace>
  at com.xemantic.typescript.compiler.TypeScriptTestSupportKt.errorsMatchBaseline(TypeScriptTestSupport.kt:125)
  at com.xemantic.typescript.compiler.TypeScriptCompilerTests_U.useBeforeDeclaration_classDecorators_1_ts has expected errors matching useBeforeDeclaration_classDecorators_1_errors_txt(TypeScriptCompilerTests_U.kt:3157)
  at java.base/jdk.internal.reflect.DirectMethodHandleAccessor.invoke(DirectMethodHandleAccessor.java:104)
  at java.base/java.lang.reflect.Method.invoke(Method.java:565)
  at org.junit.runners.model.FrameworkMethod$1.runReflectiveCall(FrameworkMethod.java:59)
  at org.junit.internal.runners.model.ReflectiveCallable.run(ReflectiveCallable.java:12)
  at org.junit.runners.model.FrameworkMethod.invokeExplosively(FrameworkMethod.java:56)
  at org.junit.internal.runners.statements.InvokeMethod.evaluate(InvokeMethod.java:17)
  at org.junit.runners.ParentRunner$3.evaluate(ParentRunner.java:306)
  at org.junit.runners.BlockJUnit4ClassRunner$1.evaluate(BlockJUnit4ClassRunner.java:100)
  at org.junit.runners.ParentRunner.runLeaf(ParentRunner.java:366)
  at org.junit.runners.BlockJUnit4ClassRunner.runChild(BlockJUnit4ClassRunner.java:103)
  at org.junit.runners.BlockJUnit4ClassRunner.runChild(BlockJUnit4ClassRunner.java:63)
  at org.junit.runners.ParentRunner$4.run(ParentRunner.java:331)
  at org.junit.runners.ParentRunner$1.schedule(ParentRunner.java:79)
  at org.junit.runners.ParentRunner.runChildren(ParentRunner.java:329)
  at org.junit.runners.ParentRunner.access$100(ParentRunner.java:66)
  at org.junit.runners.ParentRunner$2.evaluate(ParentRunner.java:293)
  at org.junit.runners.ParentRunner$3.evaluate(ParentRunner.java:306)
  at org.junit.runners.ParentRunner.run(ParentRunner.java:413)
  at org.junit.runner.JUnitCore.run(JUnitCore.java:137)
  at org.junit.runner.JUnitCore.run(JUnitCore.java:115)
  at org.gradle.api.internal.tasks.testing.junit.JUnitTestExecutor.runRequest(JUnitTestExecutor.java:175)
  at org.gradle.api.internal.tasks.testing.junit.JUnitTestExecutor.accept(JUnitTestExecutor.java:84)
  at org.gradle.api.internal.tasks.testing.junit.JUnitTestExecutor.accept(JUnitTestExecutor.java:47)
  at org.gradle.api.internal.tasks.testing.junit.AbstractJUnitTestDefinitionProcessor.processTestDefinition(AbstractJUnitTestDefinitionProcessor.java:65)
  at org.gradle.api.internal.tasks.testing.SuiteTestDefinitionProcessor.processTestDefinition(SuiteTestDefinitionProcessor.java:54)
  at java.base/jdk.internal.reflect.DirectMethodHandleAccessor.invoke(DirectMethodHandleAccessor.java:104)
  at java.base/java.lang.reflect.Method.invoke(Method.java:565)
  at org.gradle.internal.dispatch.MethodInvocation.invokeOn(MethodInvocation.java:77)
  at org.gradle.internal.dispatch.ReflectionDispatch.dispatch(ReflectionDispatch.java:28)
  at org.gradle.internal.dispatch.ReflectionDispatch.dispatch(ReflectionDispatch.java:19)
  at org.gradle.internal.dispatch.ContextClassLoaderDispatch.dispatch(ContextClassLoaderDispatch.java:33)
  at org.gradle.internal.dispatch.ProxyDispatchAdapter$DispatchingInvocationHandler.invoke(ProxyDispatchAdapter.java:88)
  at jdk.proxy1/jdk.proxy1.$Proxy4.processTestDefinition(Unknown Source)
  at org.gradle.api.internal.tasks.testing.worker.TestWorker$2.run(TestWorker.java:178)
  at org.gradle.api.internal.tasks.testing.worker.TestWorker.executeAndMaintainThreadName(TestWorker.java:126)
  at org.gradle.api.internal.tasks.testing.worker.TestWorker.execute(TestWorker.java:103)
  at org.gradle.api.internal.tasks.testing.worker.TestWorker.execute(TestWorker.java:63)
  at org.gradle.process.internal.worker.child.ActionExecutionWorker.execute(ActionExecutionWorker.java:56)
  at org.gradle.process.internal.worker.child.SystemApplicationClassLoaderWorker.call(SystemApplicationClassLoaderWorker.java:122)
  at org.gradle.process.internal.worker.child.SystemApplicationClassLoaderWorker.call(SystemApplicationClassLoaderWorker.java:72)
  at worker.org.gradle.process.internal.worker.GradleWorkerMain.run(GradleWorkerMain.java:69)
  at worker.org.gradle.process.internal.worker.GradleWorkerMain.main(GradleWorkerMain.java:74)
</stacktrace>
</test-failure>


TypeScriptCompilerTests_U[jvm] > useBeforeDeclaration_classDecorators_1_ts has expected errors matching useBeforeDeclaration_classDecorators_1_errors_txt[jvm] FAILED

<test-failure test="com.xemantic.typescript.compiler.TypeScriptCompilerTests_U.unusedLocalsAndObjectSpread2_ts has expected errors matching unusedLocalsAndObjectSpread2_errors_txt" platform="jvm">
<message>
--- expected
+++ actual
@@ -1,21 +1,15 @@
-unusedLocalsAndObjectSpread2.ts(5,6): error TS6133: 'rest' is declared but its value is never read.
-unusedLocalsAndObjectSpread2.ts(8,10): error TS6133: 'foo' is declared but its value is never read.
 unusedLocalsAndObjectSpread2.ts(12,12): error TS6133: 'rest' is declared but its value is never read.
 
 
-==== unusedLocalsAndObjectSpread2.ts (3 errors) ====
+==== unusedLocalsAndObjectSpread2.ts (1 errors) ====
     declare let props: any;
     const {
         children, // here!
         active: _a, // here!
       ...rest
-         ~~~~
-!!! error TS6133: 'rest' is declared but its value is never read.
     } = props;
     
     function foo() {
-             ~~~
-!!! error TS6133: 'foo' is declared but its value is never read.
         const {
             children,
             active: _a,

</message>
<stacktrace>
  at org.junit.Assert.fail(Assert.java:89)
  at kotlin.test.junit.JUnitAsserter.fail(JUnitSupport.kt:56)
  at kotlin.test.AssertionsKt__AssertionsKt.fail(Assertions.kt:563)
  at kotlin.test.AssertionsKt.fail(Unknown Source)
  at com.xemantic.kotlin.test.SameAsKt.sameAs(SameAs.kt:52)
  at com.xemantic.typescript.compiler.TypeScriptTestSupportKt.errorsMatchBaseline(TypeScriptTestSupport.kt:135)
  at com.xemantic.typescript.compiler.TypeScriptCompilerTests_U.unusedLocalsAndObjectSpread2_ts has expected errors matching unusedLocalsAndObjectSpread2_errors_txt(TypeScriptCompilerTests_U.kt:1729)
  at java.base/jdk.internal.reflect.DirectMethodHandleAccessor.invoke(DirectMethodHandleAccessor.java:104)
  at java.base/java.lang.reflect.Method.invoke(Method.java:565)
  at org.junit.runners.model.FrameworkMethod$1.runReflectiveCall(FrameworkMethod.java:59)
  at org.junit.internal.runners.model.ReflectiveCallable.run(ReflectiveCallable.java:12)
  at org.junit.runners.model.FrameworkMethod.invokeExplosively(FrameworkMethod.java:56)
  at org.junit.internal.runners.statements.InvokeMethod.evaluate(InvokeMethod.java:17)
  at org.junit.runners.ParentRunner$3.evaluate(ParentRunner.java:306)
  at org.junit.runners.BlockJUnit4ClassRunner$1.evaluate(BlockJUnit4ClassRunner.java:100)
  at org.junit.runners.ParentRunner.runLeaf(ParentRunner.java:366)
  at org.junit.runners.BlockJUnit4ClassRunner.runChild(BlockJUnit4ClassRunner.java:103)
  at org.junit.runners.BlockJUnit4ClassRunner.runChild(BlockJUnit4ClassRunner.java:63)
  at org.junit.runners.ParentRunner$4.run(ParentRunner.java:331)
  at org.junit.runners.ParentRunner$1.schedule(ParentRunner.java:79)
  at org.junit.runners.ParentRunner.runChildren(ParentRunner.java:329)
  at org.junit.runners.ParentRunner.access$100(ParentRunner.java:66)
  at org.junit.runners.ParentRunner$2.evaluate(ParentRunner.java:293)
  at org.junit.runners.ParentRunner$3.evaluate(ParentRunner.java:306)
  at org.junit.runners.ParentRunner.run(ParentRunner.java:413)
  at org.junit.runner.JUnitCore.run(JUnitCore.java:137)
  at org.junit.runner.JUnitCore.run(JUnitCore.java:115)
  at org.gradle.api.internal.tasks.testing.junit.JUnitTestExecutor.runRequest(JUnitTestExecutor.java:175)
  at org.gradle.api.internal.tasks.testing.junit.JUnitTestExecutor.accept(JUnitTestExecutor.java:84)
  at org.gradle.api.internal.tasks.testing.junit.JUnitTestExecutor.accept(JUnitTestExecutor.java:47)
  at org.gradle.api.internal.tasks.testing.junit.AbstractJUnitTestDefinitionProcessor.processTestDefinition(AbstractJUnitTestDefinitionProcessor.java:65)
  at org.gradle.api.internal.tasks.testing.SuiteTestDefinitionProcessor.processTestDefinition(SuiteTestDefinitionProcessor.java:54)
  at java.base/jdk.internal.reflect.DirectMethodHandleAccessor.invoke(DirectMethodHandleAccessor.java:104)
  at java.base/java.lang.reflect.Method.invoke(Method.java:565)
  at org.gradle.internal.dispatch.MethodInvocation.invokeOn(MethodInvocation.java:77)
  at org.gradle.internal.dispatch.ReflectionDispatch.dispatch(ReflectionDispatch.java:28)
  at org.gradle.internal.dispatch.ReflectionDispatch.dispatch(ReflectionDispatch.java:19)
  at org.gradle.internal.dispatch.ContextClassLoaderDispatch.dispatch(ContextClassLoaderDispatch.java:33)
  at org.gradle.internal.dispatch.ProxyDispatchAdapter$DispatchingInvocationHandler.invoke(ProxyDispatchAdapter.java:88)
  at jdk.proxy1/jdk.proxy1.$Proxy4.processTestDefinition(Unknown Source)
  at org.gradle.api.internal.tasks.testing.worker.TestWorker$2.run(TestWorker.java:178)
  at org.gradle.api.internal.tasks.testing.worker.TestWorker.executeAndMaintainThreadName(TestWorker.java:126)
  at org.gradle.api.internal.tasks.testing.worker.TestWorker.execute(TestWorker.java:103)
  at org.gradle.api.internal.tasks.testing.worker.TestWorker.execute(TestWorker.java:63)
  at org.gradle.process.internal.worker.child.ActionExecutionWorker.execute(ActionExecutionWorker.java:56)
  at org.gradle.process.internal.worker.child.SystemApplicationClassLoaderWorker.call(SystemApplicationClassLoaderWorker.java:122)
  at org.gradle.process.internal.worker.child.SystemApplicationClassLoaderWorker.call(SystemApplicationClassLoaderWorker.java:72)
  at worker.org.gradle.process.internal.worker.GradleWorkerMain.run(GradleWorkerMain.java:69)
  at worker.org.gradle.process.internal.worker.GradleWorkerMain.main(GradleWorkerMain.java:74)
</stacktrace>
</test-failure>


TypeScriptCompilerTests_U[jvm] > unusedLocalsAndObjectSpread2_ts has expected errors matching unusedLocalsAndObjectSpread2_errors_txt[jvm] FAILED

<test-failure test="com.xemantic.typescript.compiler.TypeScriptCompilerTests_U.unterminatedStringLiteralWithBackslash1_ts has expected errors matching unterminatedStringLiteralWithBackslash1_errors_txt" platform="jvm">
<message>
Expected diagnostics from baseline typescript-repo/tests/baselines/reference/unterminatedStringLiteralWithBackslash1.errors.txt but none produced
</message>
<stacktrace>
  at com.xemantic.typescript.compiler.TypeScriptTestSupportKt.errorsMatchBaseline(TypeScriptTestSupport.kt:125)
  at com.xemantic.typescript.compiler.TypeScriptCompilerTests_U.unterminatedStringLiteralWithBackslash1_ts has expected errors matching unterminatedStringLiteralWithBackslash1_errors_txt(TypeScriptCompilerTests_U.kt:1141)
  at java.base/jdk.internal.reflect.DirectMethodHandleAccessor.invoke(DirectMethodHandleAccessor.java:104)
  at java.base/java.lang.reflect.Method.invoke(Method.java:565)
  at org.junit.runners.model.FrameworkMethod$1.runReflectiveCall(FrameworkMethod.java:59)
  at org.junit.internal.runners.model.ReflectiveCallable.run(ReflectiveCallable.java:12)
  at org.junit.runners.model.FrameworkMethod.invokeExplosively(FrameworkMethod.java:56)
  at org.junit.internal.runners.statements.InvokeMethod.evaluate(InvokeMethod.java:17)
  at org.junit.runners.ParentRunner$3.evaluate(ParentRunner.java:306)
  at org.junit.runners.BlockJUnit4ClassRunner$1.evaluate(BlockJUnit4ClassRunner.java:100)
  at org.junit.runners.ParentRunner.runLeaf(ParentRunner.java:366)
  at org.junit.runners.BlockJUnit4ClassRunner.runChild(BlockJUnit4ClassRunner.java:103)
  at org.junit.runners.BlockJUnit4ClassRunner.runChild(BlockJUnit4ClassRunner.java:63)
  at org.junit.runners.ParentRunner$4.run(ParentRunner.java:331)
  at org.junit.runners.ParentRunner$1.schedule(ParentRunner.java:79)
  at org.junit.runners.ParentRunner.runChildren(ParentRunner.java:329)
  at org.junit.runners.ParentRunner.access$100(ParentRunner.java:66)
  at org.junit.runners.ParentRunner$2.evaluate(ParentRunner.java:293)
  at org.junit.runners.ParentRunner$3.evaluate(ParentRunner.java:306)
  at org.junit.runners.ParentRunner.run(ParentRunner.java:413)
  at org.junit.runner.JUnitCore.run(JUnitCore.java:137)
  at org.junit.runner.JUnitCore.run(JUnitCore.java:115)
  at org.gradle.api.internal.tasks.testing.junit.JUnitTestExecutor.runRequest(JUnitTestExecutor.java:175)
  at org.gradle.api.internal.tasks.testing.junit.JUnitTestExecutor.accept(JUnitTestExecutor.java:84)
  at org.gradle.api.internal.tasks.testing.junit.JUnitTestExecutor.accept(JUnitTestExecutor.java:47)
  at org.gradle.api.internal.tasks.testing.junit.AbstractJUnitTestDefinitionProcessor.processTestDefinition(AbstractJUnitTestDefinitionProcessor.java:65)
  at org.gradle.api.internal.tasks.testing.SuiteTestDefinitionProcessor.processTestDefinition(SuiteTestDefinitionProcessor.java:54)
  at java.base/jdk.internal.reflect.DirectMethodHandleAccessor.invoke(DirectMethodHandleAccessor.java:104)
  at java.base/java.lang.reflect.Method.invoke(Method.java:565)
  at org.gradle.internal.dispatch.MethodInvocation.invokeOn(MethodInvocation.java:77)
  at org.gradle.internal.dispatch.ReflectionDispatch.dispatch(ReflectionDispatch.java:28)
  at org.gradle.internal.dispatch.ReflectionDispatch.dispatch(ReflectionDispatch.java:19)
  at org.gradle.internal.dispatch.ContextClassLoaderDispatch.dispatch(ContextClassLoaderDispatch.java:33)
  at org.gradle.internal.dispatch.ProxyDispatchAdapter$DispatchingInvocationHandler.invoke(ProxyDispatchAdapter.java:88)
  at jdk.proxy1/jdk.proxy1.$Proxy4.processTestDefinition(Unknown Source)
  at org.gradle.api.internal.tasks.testing.worker.TestWorker$2.run(TestWorker.java:178)
  at org.gradle.api.internal.tasks.testing.worker.TestWorker.executeAndMaintainThreadName(TestWorker.java:126)
  at org.gradle.api.internal.tasks.testing.worker.TestWorker.execute(TestWorker.java:103)
  at org.gradle.api.internal.tasks.testing.worker.TestWorker.execute(TestWorker.java:63)
  at org.gradle.process.internal.worker.child.ActionExecutionWorker.execute(ActionExecutionWorker.java:56)
  at org.gradle.process.internal.worker.child.SystemApplicationClassLoaderWorker.call(SystemApplicationClassLoaderWorker.java:122)
  at org.gradle.process.internal.worker.child.SystemApplicationClassLoaderWorker.call(SystemApplicationClassLoaderWorker.java:72)
  at worker.org.gradle.process.internal.worker.GradleWorkerMain.run(GradleWorkerMain.java:69)
  at worker.org.gradle.process.internal.worker.GradleWorkerMain.main(GradleWorkerMain.java:74)
</stacktrace>
</test-failure>


TypeScriptCompilerTests_U[jvm] > unterminatedStringLiteralWithBackslash1_ts has expected errors matching unterminatedStringLiteralWithBackslash1_errors_txt[jvm] FAILED

<test-failure test="com.xemantic.typescript.compiler.TypeScriptCompilerTests_U.unusedImports_entireImportDeclaration_ts compiles to JavaScript matching unusedImports_entireImportDeclaration_js" platform="jvm">
<message>
--- expected
+++ actual
@@ -59,13 +59,9 @@
         return result;
     };
 })();
-var __importDefault = (this && this.__importDefault) || function (mod) {
-    return (mod && mod.__esModule) ? mod : { "default": mod };
-};
 Object.defineProperty(exports, "__esModule", { value: true });
-const a_1 = __importDefault(require("./a"));
-a_1.default;
-const a_2 = __importDefault(require("./a"));
+const a_2 = __importStar(require("./a"));
 a_2.default;
+d4;
 const ns3 = __importStar(require("./a"));
 ns3;

</message>
<stacktrace>
  at org.junit.Assert.fail(Assert.java:89)
  at kotlin.test.junit.JUnitAsserter.fail(JUnitSupport.kt:56)
  at kotlin.test.AssertionsKt__AssertionsKt.fail(Assertions.kt:563)
  at kotlin.test.AssertionsKt.fail(Unknown Source)
  at com.xemantic.kotlin.test.SameAsKt.sameAs(SameAs.kt:52)
  at com.xemantic.typescript.compiler.TypeScriptTestSupportKt.sameAs(TypeScriptTestSupport.kt:99)
  at com.xemantic.typescript.compiler.TypeScriptCompilerTests_U.unusedImports_entireImportDeclaration_ts compiles to JavaScript matching unusedImports_entireImportDeclaration_js(TypeScriptCompilerTests_U.kt:1617)
  at java.base/jdk.internal.reflect.DirectMethodHandleAccessor.invoke(DirectMethodHandleAccessor.java:104)
  at java.base/java.lang.reflect.Method.invoke(Method.java:565)
  at org.junit.runners.model.FrameworkMethod$1.runReflectiveCall(FrameworkMethod.java:59)
  at org.junit.internal.runners.model.ReflectiveCallable.run(ReflectiveCallable.java:12)
  at org.junit.runners.model.FrameworkMethod.invokeExplosively(FrameworkMethod.java:56)
  at org.junit.internal.runners.statements.InvokeMethod.evaluate(InvokeMethod.java:17)
  at org.junit.runners.ParentRunner$3.evaluate(ParentRunner.java:306)
  at org.junit.runners.BlockJUnit4ClassRunner$1.evaluate(BlockJUnit4ClassRunner.java:100)
  at org.junit.runners.ParentRunner.runLeaf(ParentRunner.java:366)
  at org.junit.runners.BlockJUnit4ClassRunner.runChild(BlockJUnit4ClassRunner.java:103)
  at org.junit.runners.BlockJUnit4ClassRunner.runChild(BlockJUnit4ClassRunner.java:63)
  at org.junit.runners.ParentRunner$4.run(ParentRunner.java:331)
  at org.junit.runners.ParentRunner$1.schedule(ParentRunner.java:79)
  at org.junit.runners.ParentRunner.runChildren(ParentRunner.java:329)
  at org.junit.runners.ParentRunner.access$100(ParentRunner.java:66)
  at org.junit.runners.ParentRunner$2.evaluate(ParentRunner.java:293)
  at org.junit.runners.ParentRunner$3.evaluate(ParentRunner.java:306)
  at org.junit.runners.ParentRunner.run(ParentRunner.java:413)
  at org.junit.runner.JUnitCore.run(JUnitCore.java:137)
  at org.junit.runner.JUnitCore.run(JUnitCore.java:115)
  at org.gradle.api.internal.tasks.testing.junit.JUnitTestExecutor.runRequest(JUnitTestExecutor.java:175)
  at org.gradle.api.internal.tasks.testing.junit.JUnitTestExecutor.accept(JUnitTestExecutor.java:84)
  at org.gradle.api.internal.tasks.testing.junit.JUnitTestExecutor.accept(JUnitTestExecutor.java:47)
  at org.gradle.api.internal.tasks.testing.junit.AbstractJUnitTestDefinitionProcessor.processTestDefinition(AbstractJUnitTestDefinitionProcessor.java:65)
  at org.gradle.api.internal.tasks.testing.SuiteTestDefinitionProcessor.processTestDefinition(SuiteTestDefinitionProcessor.java:54)
  at java.base/jdk.internal.reflect.DirectMethodHandleAccessor.invoke(DirectMethodHandleAccessor.java:104)
  at java.base/java.lang.reflect.Method.invoke(Method.java:565)
  at org.gradle.internal.dispatch.MethodInvocation.invokeOn(MethodInvocation.java:77)
  at org.gradle.internal.dispatch.ReflectionDispatch.dispatch(ReflectionDispatch.java:28)
  at org.gradle.internal.dispatch.ReflectionDispatch.dispatch(ReflectionDispatch.java:19)
  at org.gradle.internal.dispatch.ContextClassLoaderDispatch.dispatch(ContextClassLoaderDispatch.java:33)
  at org.gradle.internal.dispatch.ProxyDispatchAdapter$DispatchingInvocationHandler.invoke(ProxyDispatchAdapter.java:88)
  at jdk.proxy1/jdk.proxy1.$Proxy4.processTestDefinition(Unknown Source)
  at org.gradle.api.internal.tasks.testing.worker.TestWorker$2.run(TestWorker.java:178)
  at org.gradle.api.internal.tasks.testing.worker.TestWorker.executeAndMaintainThreadName(TestWorker.java:126)
  at org.gradle.api.internal.tasks.testing.worker.TestWorker.execute(TestWorker.java:103)
  at org.gradle.api.internal.tasks.testing.worker.TestWorker.execute(TestWorker.java:63)
  at org.gradle.process.internal.worker.child.ActionExecutionWorker.execute(ActionExecutionWorker.java:56)
  at org.gradle.process.internal.worker.child.SystemApplicationClassLoaderWorker.call(SystemApplicationClassLoaderWorker.java:122)
  at org.gradle.process.internal.worker.child.SystemApplicationClassLoaderWorker.call(SystemApplicationClassLoaderWorker.java:72)
  at worker.org.gradle.process.internal.worker.GradleWorkerMain.run(GradleWorkerMain.java:69)
  at worker.org.gradle.process.internal.worker.GradleWorkerMain.main(GradleWorkerMain.java:74)
</stacktrace>
</test-failure>


TypeScriptCompilerTests_U[jvm] > unusedImports_entireImportDeclaration_ts compiles to JavaScript matching unusedImports_entireImportDeclaration_js[jvm] FAILED

<test-failure test="com.xemantic.typescript.compiler.TypeScriptCompilerTests_V.visibilityOfCrossModuleTypeUsage_ts compiles to JavaScript matching visibilityOfCrossModuleTypeUsage_js" platform="jvm">
<message>
--- expected
+++ actual
@@ -23,15 +23,15 @@
     var absoluteWorkspacePath = configuration.workspace.toAbsolutePath(configuration.server);
 }
 
-//// [visibilityOfCrossModuleTypeUsage_server.js]
-"use strict";
-Object.defineProperty(exports, "__esModule", { value: true });
-//// [visibilityOfCrossModuleTypeUsage_commands.js]
-"use strict";
-Object.defineProperty(exports, "__esModule", { value: true });
 //// [visibilityOfCrossModuleTypeUsage_fs.js]
 "use strict";
 Object.defineProperty(exports, "__esModule", { value: true });
 function run(configuration) {
     var absoluteWorkspacePath = configuration.workspace.toAbsolutePath(configuration.server);
 }
+//// [visibilityOfCrossModuleTypeUsage_server.js]
+"use strict";
+Object.defineProperty(exports, "__esModule", { value: true });
+//// [visibilityOfCrossModuleTypeUsage_commands.js]
+"use strict";
+Object.defineProperty(exports, "__esModule", { value: true });

</message>
<stacktrace>
  at org.junit.Assert.fail(Assert.java:89)
  at kotlin.test.junit.JUnitAsserter.fail(JUnitSupport.kt:56)
  at kotlin.test.AssertionsKt__AssertionsKt.fail(Assertions.kt:563)
  at kotlin.test.AssertionsKt.fail(Unknown Source)
  at com.xemantic.kotlin.test.SameAsKt.sameAs(SameAs.kt:52)
  at com.xemantic.typescript.compiler.TypeScriptTestSupportKt.sameAs(TypeScriptTestSupport.kt:99)
  at com.xemantic.typescript.compiler.TypeScriptCompilerTests_V.visibilityOfCrossModuleTypeUsage_ts compiles to JavaScript matching visibilityOfCrossModuleTypeUsage_js(TypeScriptCompilerTests_V.kt:329)
  at java.base/jdk.internal.reflect.DirectMethodHandleAccessor.invoke(DirectMethodHandleAccessor.java:104)
  at java.base/java.lang.reflect.Method.invoke(Method.java:565)
  at org.junit.runners.model.FrameworkMethod$1.runReflectiveCall(FrameworkMethod.java:59)
  at org.junit.internal.runners.model.ReflectiveCallable.run(ReflectiveCallable.java:12)
  at org.junit.runners.model.FrameworkMethod.invokeExplosively(FrameworkMethod.java:56)
  at org.junit.internal.runners.statements.InvokeMethod.evaluate(InvokeMethod.java:17)
  at org.junit.runners.ParentRunner$3.evaluate(ParentRunner.java:306)
  at org.junit.runners.BlockJUnit4ClassRunner$1.evaluate(BlockJUnit4ClassRunner.java:100)
  at org.junit.runners.ParentRunner.runLeaf(ParentRunner.java:366)
  at org.junit.runners.BlockJUnit4ClassRunner.runChild(BlockJUnit4ClassRunner.java:103)
  at org.junit.runners.BlockJUnit4ClassRunner.runChild(BlockJUnit4ClassRunner.java:63)
  at org.junit.runners.ParentRunner$4.run(ParentRunner.java:331)
  at org.junit.runners.ParentRunner$1.schedule(ParentRunner.java:79)
  at org.junit.runners.ParentRunner.runChildren(ParentRunner.java:329)
  at org.junit.runners.ParentRunner.access$100(ParentRunner.java:66)
  at org.junit.runners.ParentRunner$2.evaluate(ParentRunner.java:293)
  at org.junit.runners.ParentRunner$3.evaluate(ParentRunner.java:306)
  at org.junit.runners.ParentRunner.run(ParentRunner.java:413)
  at org.junit.runner.JUnitCore.run(JUnitCore.java:137)
  at org.junit.runner.JUnitCore.run(JUnitCore.java:115)
  at org.gradle.api.internal.tasks.testing.junit.JUnitTestExecutor.runRequest(JUnitTestExecutor.java:175)
  at org.gradle.api.internal.tasks.testing.junit.JUnitTestExecutor.accept(JUnitTestExecutor.java:84)
  at org.gradle.api.internal.tasks.testing.junit.JUnitTestExecutor.accept(JUnitTestExecutor.java:47)
  at org.gradle.api.internal.tasks.testing.junit.AbstractJUnitTestDefinitionProcessor.processTestDefinition(AbstractJUnitTestDefinitionProcessor.java:65)
  at org.gradle.api.internal.tasks.testing.SuiteTestDefinitionProcessor.processTestDefinition(SuiteTestDefinitionProcessor.java:54)
  at java.base/jdk.internal.reflect.DirectMethodHandleAccessor.invoke(DirectMethodHandleAccessor.java:104)
  at java.base/java.lang.reflect.Method.invoke(Method.java:565)
  at org.gradle.internal.dispatch.MethodInvocation.invokeOn(MethodInvocation.java:77)
  at org.gradle.internal.dispatch.ReflectionDispatch.dispatch(ReflectionDispatch.java:28)
  at org.gradle.internal.dispatch.ReflectionDispatch.dispatch(ReflectionDispatch.java:19)
  at org.gradle.internal.dispatch.ContextClassLoaderDispatch.dispatch(ContextClassLoaderDispatch.java:33)
  at org.gradle.internal.dispatch.ProxyDispatchAdapter$DispatchingInvocationHandler.invoke(ProxyDispatchAdapter.java:88)
  at jdk.proxy1/jdk.proxy1.$Proxy4.processTestDefinition(Unknown Source)
  at org.gradle.api.internal.tasks.testing.worker.TestWorker$2.run(TestWorker.java:178)
  at org.gradle.api.internal.tasks.testing.worker.TestWorker.executeAndMaintainThreadName(TestWorker.java:126)
  at org.gradle.api.internal.tasks.testing.worker.TestWorker.execute(TestWorker.java:103)
  at org.gradle.api.internal.tasks.testing.worker.TestWorker.execute(TestWorker.java:63)
  at org.gradle.process.internal.worker.child.ActionExecutionWorker.execute(ActionExecutionWorker.java:56)
  at org.gradle.process.internal.worker.child.SystemApplicationClassLoaderWorker.call(SystemApplicationClassLoaderWorker.java:122)
  at org.gradle.process.internal.worker.child.SystemApplicationClassLoaderWorker.call(SystemApplicationClassLoaderWorker.java:72)
  at worker.org.gradle.process.internal.worker.GradleWorkerMain.run(GradleWorkerMain.java:69)
  at worker.org.gradle.process.internal.worker.GradleWorkerMain.main(GradleWorkerMain.java:74)
</stacktrace>
</test-failure>


TypeScriptCompilerTests_V[jvm] > visibilityOfCrossModuleTypeUsage_ts compiles to JavaScript matching visibilityOfCrossModuleTypeUsage_js[jvm] FAILED

<test-failure test="com.xemantic.typescript.compiler.TypeScriptCompilerTests_V.voidAsOperator_ts has expected errors matching voidAsOperator_errors_txt" platform="jvm">
<message>
Expected diagnostics from baseline typescript-repo/tests/baselines/reference/voidAsOperator.errors.txt but none produced
</message>
<stacktrace>
  at com.xemantic.typescript.compiler.TypeScriptTestSupportKt.errorsMatchBaseline(TypeScriptTestSupport.kt:125)
  at com.xemantic.typescript.compiler.TypeScriptCompilerTests_V.voidAsOperator_ts has expected errors matching voidAsOperator_errors_txt(TypeScriptCompilerTests_V.kt:385)
  at java.base/jdk.internal.reflect.DirectMethodHandleAccessor.invoke(DirectMethodHandleAccessor.java:104)
  at java.base/java.lang.reflect.Method.invoke(Method.java:565)
  at org.junit.runners.model.FrameworkMethod$1.runReflectiveCall(FrameworkMethod.java:59)
  at org.junit.internal.runners.model.ReflectiveCallable.run(ReflectiveCallable.java:12)
  at org.junit.runners.model.FrameworkMethod.invokeExplosively(FrameworkMethod.java:56)
  at org.junit.internal.runners.statements.InvokeMethod.evaluate(InvokeMethod.java:17)
  at org.junit.runners.ParentRunner$3.evaluate(ParentRunner.java:306)
  at org.junit.runners.BlockJUnit4ClassRunner$1.evaluate(BlockJUnit4ClassRunner.java:100)
  at org.junit.runners.ParentRunner.runLeaf(ParentRunner.java:366)
  at org.junit.runners.BlockJUnit4ClassRunner.runChild(BlockJUnit4ClassRunner.java:103)
  at org.junit.runners.BlockJUnit4ClassRunner.runChild(BlockJUnit4ClassRunner.java:63)
  at org.junit.runners.ParentRunner$4.run(ParentRunner.java:331)
  at org.junit.runners.ParentRunner$1.schedule(ParentRunner.java:79)
  at org.junit.runners.ParentRunner.runChildren(ParentRunner.java:329)
  at org.junit.runners.ParentRunner.access$100(ParentRunner.java:66)
  at org.junit.runners.ParentRunner$2.evaluate(ParentRunner.java:293)
  at org.junit.runners.ParentRunner$3.evaluate(ParentRunner.java:306)
  at org.junit.runners.ParentRunner.run(ParentRunner.java:413)
  at org.junit.runner.JUnitCore.run(JUnitCore.java:137)
  at org.junit.runner.JUnitCore.run(JUnitCore.java:115)
  at org.gradle.api.internal.tasks.testing.junit.JUnitTestExecutor.runRequest(JUnitTestExecutor.java:175)
  at org.gradle.api.internal.tasks.testing.junit.JUnitTestExecutor.accept(JUnitTestExecutor.java:84)
  at org.gradle.api.internal.tasks.testing.junit.JUnitTestExecutor.accept(JUnitTestExecutor.java:47)
  at org.gradle.api.internal.tasks.testing.junit.AbstractJUnitTestDefinitionProcessor.processTestDefinition(AbstractJUnitTestDefinitionProcessor.java:65)
  at org.gradle.api.internal.tasks.testing.SuiteTestDefinitionProcessor.processTestDefinition(SuiteTestDefinitionProcessor.java:54)
  at java.base/jdk.internal.reflect.DirectMethodHandleAccessor.invoke(DirectMethodHandleAccessor.java:104)
  at java.base/java.lang.reflect.Method.invoke(Method.java:565)
  at org.gradle.internal.dispatch.MethodInvocation.invokeOn(MethodInvocation.java:77)
  at org.gradle.internal.dispatch.ReflectionDispatch.dispatch(ReflectionDispatch.java:28)
  at org.gradle.internal.dispatch.ReflectionDispatch.dispatch(ReflectionDispatch.java:19)
  at org.gradle.internal.dispatch.ContextClassLoaderDispatch.dispatch(ContextClassLoaderDispatch.java:33)
  at org.gradle.internal.dispatch.ProxyDispatchAdapter$DispatchingInvocationHandler.invoke(ProxyDispatchAdapter.java:88)
  at jdk.proxy1/jdk.proxy1.$Proxy4.processTestDefinition(Unknown Source)
  at org.gradle.api.internal.tasks.testing.worker.TestWorker$2.run(TestWorker.java:178)
  at org.gradle.api.internal.tasks.testing.worker.TestWorker.executeAndMaintainThreadName(TestWorker.java:126)
  at org.gradle.api.internal.tasks.testing.worker.TestWorker.execute(TestWorker.java:103)
  at org.gradle.api.internal.tasks.testing.worker.TestWorker.execute(TestWorker.java:63)
  at org.gradle.process.internal.worker.child.ActionExecutionWorker.execute(ActionExecutionWorker.java:56)
  at org.gradle.process.internal.worker.child.SystemApplicationClassLoaderWorker.call(SystemApplicationClassLoaderWorker.java:122)
  at org.gradle.process.internal.worker.child.SystemApplicationClassLoaderWorker.call(SystemApplicationClassLoaderWorker.java:72)
  at worker.org.gradle.process.internal.worker.GradleWorkerMain.run(GradleWorkerMain.java:69)
  at worker.org.gradle.process.internal.worker.GradleWorkerMain.main(GradleWorkerMain.java:74)
</stacktrace>
</test-failure>


TypeScriptCompilerTests_V[jvm] > voidAsOperator_ts has expected errors matching voidAsOperator_errors_txt[jvm] FAILED

<test-failure test="com.xemantic.typescript.compiler.TypeScriptCompilerTests_V.varianceAnnotationValidation_ts has expected errors matching varianceAnnotationValidation_errors_txt" platform="jvm">
<message>
Expected diagnostics from baseline typescript-repo/tests/baselines/reference/varianceAnnotationValidation.errors.txt but none produced
</message>
<stacktrace>
  at com.xemantic.typescript.compiler.TypeScriptTestSupportKt.errorsMatchBaseline(TypeScriptTestSupport.kt:125)
  at com.xemantic.typescript.compiler.TypeScriptCompilerTests_V.varianceAnnotationValidation_ts has expected errors matching varianceAnnotationValidation_errors_txt(TypeScriptCompilerTests_V.kt:231)
  at java.base/jdk.internal.reflect.DirectMethodHandleAccessor.invoke(DirectMethodHandleAccessor.java:104)
  at java.base/java.lang.reflect.Method.invoke(Method.java:565)
  at org.junit.runners.model.FrameworkMethod$1.runReflectiveCall(FrameworkMethod.java:59)
  at org.junit.internal.runners.model.ReflectiveCallable.run(ReflectiveCallable.java:12)
  at org.junit.runners.model.FrameworkMethod.invokeExplosively(FrameworkMethod.java:56)
  at org.junit.internal.runners.statements.InvokeMethod.evaluate(InvokeMethod.java:17)
  at org.junit.runners.ParentRunner$3.evaluate(ParentRunner.java:306)
  at org.junit.runners.BlockJUnit4ClassRunner$1.evaluate(BlockJUnit4ClassRunner.java:100)
  at org.junit.runners.ParentRunner.runLeaf(ParentRunner.java:366)
  at org.junit.runners.BlockJUnit4ClassRunner.runChild(BlockJUnit4ClassRunner.java:103)
  at org.junit.runners.BlockJUnit4ClassRunner.runChild(BlockJUnit4ClassRunner.java:63)
  at org.junit.runners.ParentRunner$4.run(ParentRunner.java:331)
  at org.junit.runners.ParentRunner$1.schedule(ParentRunner.java:79)
  at org.junit.runners.ParentRunner.runChildren(ParentRunner.java:329)
  at org.junit.runners.ParentRunner.access$100(ParentRunner.java:66)
  at org.junit.runners.ParentRunner$2.evaluate(ParentRunner.java:293)
  at org.junit.runners.ParentRunner$3.evaluate(ParentRunner.java:306)
  at org.junit.runners.ParentRunner.run(ParentRunner.java:413)
  at org.junit.runner.JUnitCore.run(JUnitCore.java:137)
  at org.junit.runner.JUnitCore.run(JUnitCore.java:115)
  at org.gradle.api.internal.tasks.testing.junit.JUnitTestExecutor.runRequest(JUnitTestExecutor.java:175)
  at org.gradle.api.internal.tasks.testing.junit.JUnitTestExecutor.accept(JUnitTestExecutor.java:84)
  at org.gradle.api.internal.tasks.testing.junit.JUnitTestExecutor.accept(JUnitTestExecutor.java:47)
  at org.gradle.api.internal.tasks.testing.junit.AbstractJUnitTestDefinitionProcessor.processTestDefinition(AbstractJUnitTestDefinitionProcessor.java:65)
  at org.gradle.api.internal.tasks.testing.SuiteTestDefinitionProcessor.processTestDefinition(SuiteTestDefinitionProcessor.java:54)
  at java.base/jdk.internal.reflect.DirectMethodHandleAccessor.invoke(DirectMethodHandleAccessor.java:104)
  at java.base/java.lang.reflect.Method.invoke(Method.java:565)
  at org.gradle.internal.dispatch.MethodInvocation.invokeOn(MethodInvocation.java:77)
  at org.gradle.internal.dispatch.ReflectionDispatch.dispatch(ReflectionDispatch.java:28)
  at org.gradle.internal.dispatch.ReflectionDispatch.dispatch(ReflectionDispatch.java:19)
  at org.gradle.internal.dispatch.ContextClassLoaderDispatch.dispatch(ContextClassLoaderDispatch.java:33)
  at org.gradle.internal.dispatch.ProxyDispatchAdapter$DispatchingInvocationHandler.invoke(ProxyDispatchAdapter.java:88)
  at jdk.proxy1/jdk.proxy1.$Proxy4.processTestDefinition(Unknown Source)
  at org.gradle.api.internal.tasks.testing.worker.TestWorker$2.run(TestWorker.java:178)
  at org.gradle.api.internal.tasks.testing.worker.TestWorker.executeAndMaintainThreadName(TestWorker.java:126)
  at org.gradle.api.internal.tasks.testing.worker.TestWorker.execute(TestWorker.java:103)
  at org.gradle.api.internal.tasks.testing.worker.TestWorker.execute(TestWorker.java:63)
  at org.gradle.process.internal.worker.child.ActionExecutionWorker.execute(ActionExecutionWorker.java:56)
  at org.gradle.process.internal.worker.child.SystemApplicationClassLoaderWorker.call(SystemApplicationClassLoaderWorker.java:122)
  at org.gradle.process.internal.worker.child.SystemApplicationClassLoaderWorker.call(SystemApplicationClassLoaderWorker.java:72)
  at worker.org.gradle.process.internal.worker.GradleWorkerMain.run(GradleWorkerMain.java:69)
  at worker.org.gradle.process.internal.worker.GradleWorkerMain.main(GradleWorkerMain.java:74)
</stacktrace>
</test-failure>


TypeScriptCompilerTests_V[jvm] > varianceAnnotationValidation_ts has expected errors matching varianceAnnotationValidation_errors_txt[jvm] FAILED

<test-failure test="com.xemantic.typescript.compiler.TypeScriptCompilerTests_V.vararg_ts has expected errors matching vararg_errors_txt" platform="jvm">
<message>
--- expected
+++ actual
@@ -1,14 +1,9 @@
-vararg.ts(12,31): error TS2370: A rest parameter must be of an array type.
 vararg.ts(17,13): error TS2304: Cannot find name 'builder'.
 vararg.ts(19,17): error TS2304: Cannot find name 'builder'.
 vararg.ts(21,20): error TS2304: Cannot find name 'builder'.
-vararg.ts(28,13): error TS2345: Argument of type 'C' is not assignable to parameter of type 'string'.
-vararg.ts(29,13): error TS2345: Argument of type 'number' is not assignable to parameter of type 'string'.
-vararg.ts(32,17): error TS2345: Argument of type 'number' is not assignable to parameter of type 'string'.
-vararg.ts(33,17): error TS2345: Argument of type 'C' is not assignable to parameter of type 'string'.
 
 
-==== vararg.ts (8 errors) ====
+==== vararg.ts (3 errors) ====
     namespace M {
         export class C {
             public f(x:string,...rest:number[]) {
@@ -21,8 +16,6 @@
             }
     
             public fnope(x:string,...rest:number) {
-                                  ~~~~~~~~~~~~~~
-!!! error TS2370: A rest parameter must be of an array type.
         
             }
     
@@ -45,18 +38,10 @@
     var x=new M.C();
     var result="";
     result+=x.f(x,3,3); // bad first param
-                ~
-!!! error TS2345: Argument of type 'C' is not assignable to parameter of type 'string'.
     result+=x.f(3,"hello",3); // bad second param
-                ~
-!!! error TS2345: Argument of type 'number' is not assignable to parameter of type 'string'.
     result+=x.f("hello",3,3,3,3,3); // ok
     result+=x.f("hello"); // ok varargs length 0
     result+=x.fonly(3); // ok conversion
-                    ~
-!!! error TS2345: Argument of type 'number' is not assignable to parameter of type 'string'.
     result+=x.fonly(x); // bad param
-                    ~
-!!! error TS2345: Argument of type 'C' is not assignable to parameter of type 'string'.
     result+=x.fonly("a"); // ok 
     result+=x.fonly("a","b","c","d"); //ok

</message>
<stacktrace>
  at org.junit.Assert.fail(Assert.java:89)
  at kotlin.test.junit.JUnitAsserter.fail(JUnitSupport.kt:56)
  at kotlin.test.AssertionsKt__AssertionsKt.fail(Assertions.kt:563)
  at kotlin.test.AssertionsKt.fail(Unknown Source)
  at com.xemantic.kotlin.test.SameAsKt.sameAs(SameAs.kt:52)
  at com.xemantic.typescript.compiler.TypeScriptTestSupportKt.errorsMatchBaseline(TypeScriptTestSupport.kt:135)
  at com.xemantic.typescript.compiler.TypeScriptCompilerTests_V.vararg_ts has expected errors matching vararg_errors_txt(TypeScriptCompilerTests_V.kt:161)
  at java.base/jdk.internal.reflect.DirectMethodHandleAccessor.invoke(DirectMethodHandleAccessor.java:104)
  at java.base/java.lang.reflect.Method.invoke(Method.java:565)
  at org.junit.runners.model.FrameworkMethod$1.runReflectiveCall(FrameworkMethod.java:59)
  at org.junit.internal.runners.model.ReflectiveCallable.run(ReflectiveCallable.java:12)
  at org.junit.runners.model.FrameworkMethod.invokeExplosively(FrameworkMethod.java:56)
  at org.junit.internal.runners.statements.InvokeMethod.evaluate(InvokeMethod.java:17)
  at org.junit.runners.ParentRunner$3.evaluate(ParentRunner.java:306)
  at org.junit.runners.BlockJUnit4ClassRunner$1.evaluate(BlockJUnit4ClassRunner.java:100)
  at org.junit.runners.ParentRunner.runLeaf(ParentRunner.java:366)
  at org.junit.runners.BlockJUnit4ClassRunner.runChild(BlockJUnit4ClassRunner.java:103)
  at org.junit.runners.BlockJUnit4ClassRunner.runChild(BlockJUnit4ClassRunner.java:63)
  at org.junit.runners.ParentRunner$4.run(ParentRunner.java:331)
  at org.junit.runners.ParentRunner$1.schedule(ParentRunner.java:79)
  at org.junit.runners.ParentRunner.runChildren(ParentRunner.java:329)
  at org.junit.runners.ParentRunner.access$100(ParentRunner.java:66)
  at org.junit.runners.ParentRunner$2.evaluate(ParentRunner.java:293)
  at org.junit.runners.ParentRunner$3.evaluate(ParentRunner.java:306)
  at org.junit.runners.ParentRunner.run(ParentRunner.java:413)
  at org.junit.runner.JUnitCore.run(JUnitCore.java:137)
  at org.junit.runner.JUnitCore.run(JUnitCore.java:115)
  at org.gradle.api.internal.tasks.testing.junit.JUnitTestExecutor.runRequest(JUnitTestExecutor.java:175)
  at org.gradle.api.internal.tasks.testing.junit.JUnitTestExecutor.accept(JUnitTestExecutor.java:84)
  at org.gradle.api.internal.tasks.testing.junit.JUnitTestExecutor.accept(JUnitTestExecutor.java:47)
  at org.gradle.api.internal.tasks.testing.junit.AbstractJUnitTestDefinitionProcessor.processTestDefinition(AbstractJUnitTestDefinitionProcessor.java:65)
  at org.gradle.api.internal.tasks.testing.SuiteTestDefinitionProcessor.processTestDefinition(SuiteTestDefinitionProcessor.java:54)
  at java.base/jdk.internal.reflect.DirectMethodHandleAccessor.invoke(DirectMethodHandleAccessor.java:104)
  at java.base/java.lang.reflect.Method.invoke(Method.java:565)
  at org.gradle.internal.dispatch.MethodInvocation.invokeOn(MethodInvocation.java:77)
  at org.gradle.internal.dispatch.ReflectionDispatch.dispatch(ReflectionDispatch.java:28)
  at org.gradle.internal.dispatch.ReflectionDispatch.dispatch(ReflectionDispatch.java:19)
  at org.gradle.internal.dispatch.ContextClassLoaderDispatch.dispatch(ContextClassLoaderDispatch.java:33)
  at org.gradle.internal.dispatch.ProxyDispatchAdapter$DispatchingInvocationHandler.invoke(ProxyDispatchAdapter.java:88)
  at jdk.proxy1/jdk.proxy1.$Proxy4.processTestDefinition(Unknown Source)
  at org.gradle.api.internal.tasks.testing.worker.TestWorker$2.run(TestWorker.java:178)
  at org.gradle.api.internal.tasks.testing.worker.TestWorker.executeAndMaintainThreadName(TestWorker.java:126)
  at org.gradle.api.internal.tasks.testing.worker.TestWorker.execute(TestWorker.java:103)
  at org.gradle.api.internal.tasks.testing.worker.TestWorker.execute(TestWorker.java:63)
  at org.gradle.process.internal.worker.child.ActionExecutionWorker.execute(ActionExecutionWorker.java:56)
  at org.gradle.process.internal.worker.child.SystemApplicationClassLoaderWorker.call(SystemApplicationClassLoaderWorker.java:122)
  at org.gradle.process.internal.worker.child.SystemApplicationClassLoaderWorker.call(SystemApplicationClassLoaderWorker.java:72)
  at worker.org.gradle.process.internal.worker.GradleWorkerMain.run(GradleWorkerMain.java:69)
  at worker.org.gradle.process.internal.worker.GradleWorkerMain.main(GradleWorkerMain.java:74)
</stacktrace>
</test-failure>


TypeScriptCompilerTests_V[jvm] > vararg_ts has expected errors matching vararg_errors_txt[jvm] FAILED

<test-failure test="com.xemantic.typescript.compiler.TypeScriptCompilerTests_V.varArgWithNoParamName_ts has expected errors matching varArgWithNoParamName_errors_txt" platform="jvm">
<message>
--- expected
+++ actual
@@ -1,10 +1,7 @@
-varArgWithNoParamName.ts(1,13): error TS7019: Rest parameter '(Missing)' implicitly has an 'any[]' type.
 varArgWithNoParamName.ts(1,16): error TS1003: Identifier expected.
 
 
-==== varArgWithNoParamName.ts (2 errors) ====
+==== varArgWithNoParamName.ts (1 errors) ====
     function t1(...) {}
-                ~~~
-!!! error TS7019: Rest parameter '(Missing)' implicitly has an 'any[]' type.
                    ~
 !!! error TS1003: Identifier expected.

</message>
<stacktrace>
  at org.junit.Assert.fail(Assert.java:89)
  at kotlin.test.junit.JUnitAsserter.fail(JUnitSupport.kt:56)
  at kotlin.test.AssertionsKt__AssertionsKt.fail(Assertions.kt:563)
  at kotlin.test.AssertionsKt.fail(Unknown Source)
  at com.xemantic.kotlin.test.SameAsKt.sameAs(SameAs.kt:52)
  at com.xemantic.typescript.compiler.TypeScriptTestSupportKt.errorsMatchBaseline(TypeScriptTestSupport.kt:135)
  at com.xemantic.typescript.compiler.TypeScriptCompilerTests_V.varArgWithNoParamName_ts has expected errors matching varArgWithNoParamName_errors_txt(TypeScriptCompilerTests_V.kt:91)
  at java.base/jdk.internal.reflect.DirectMethodHandleAccessor.invoke(DirectMethodHandleAccessor.java:104)
  at java.base/java.lang.reflect.Method.invoke(Method.java:565)
  at org.junit.runners.model.FrameworkMethod$1.runReflectiveCall(FrameworkMethod.java:59)
  at org.junit.internal.runners.model.ReflectiveCallable.run(ReflectiveCallable.java:12)
  at org.junit.runners.model.FrameworkMethod.invokeExplosively(FrameworkMethod.java:56)
  at org.junit.internal.runners.statements.InvokeMethod.evaluate(InvokeMethod.java:17)
  at org.junit.runners.ParentRunner$3.evaluate(ParentRunner.java:306)
  at org.junit.runners.BlockJUnit4ClassRunner$1.evaluate(BlockJUnit4ClassRunner.java:100)
  at org.junit.runners.ParentRunner.runLeaf(ParentRunner.java:366)
  at org.junit.runners.BlockJUnit4ClassRunner.runChild(BlockJUnit4ClassRunner.java:103)
  at org.junit.runners.BlockJUnit4ClassRunner.runChild(BlockJUnit4ClassRunner.java:63)
  at org.junit.runners.ParentRunner$4.run(ParentRunner.java:331)
  at org.junit.runners.ParentRunner$1.schedule(ParentRunner.java:79)
  at org.junit.runners.ParentRunner.runChildren(ParentRunner.java:329)
  at org.junit.runners.ParentRunner.access$100(ParentRunner.java:66)
  at org.junit.runners.ParentRunner$2.evaluate(ParentRunner.java:293)
  at org.junit.runners.ParentRunner$3.evaluate(ParentRunner.java:306)
  at org.junit.runners.ParentRunner.run(ParentRunner.java:413)
  at org.junit.runner.JUnitCore.run(JUnitCore.java:137)
  at org.junit.runner.JUnitCore.run(JUnitCore.java:115)
  at org.gradle.api.internal.tasks.testing.junit.JUnitTestExecutor.runRequest(JUnitTestExecutor.java:175)
  at org.gradle.api.internal.tasks.testing.junit.JUnitTestExecutor.accept(JUnitTestExecutor.java:84)
  at org.gradle.api.internal.tasks.testing.junit.JUnitTestExecutor.accept(JUnitTestExecutor.java:47)
  at org.gradle.api.internal.tasks.testing.junit.AbstractJUnitTestDefinitionProcessor.processTestDefinition(AbstractJUnitTestDefinitionProcessor.java:65)
  at org.gradle.api.internal.tasks.testing.SuiteTestDefinitionProcessor.processTestDefinition(SuiteTestDefinitionProcessor.java:54)
  at java.base/jdk.internal.reflect.DirectMethodHandleAccessor.invoke(DirectMethodHandleAccessor.java:104)
  at java.base/java.lang.reflect.Method.invoke(Method.java:565)
  at org.gradle.internal.dispatch.MethodInvocation.invokeOn(MethodInvocation.java:77)
  at org.gradle.internal.dispatch.ReflectionDispatch.dispatch(ReflectionDispatch.java:28)
  at org.gradle.internal.dispatch.ReflectionDispatch.dispatch(ReflectionDispatch.java:19)
  at org.gradle.internal.dispatch.ContextClassLoaderDispatch.dispatch(ContextClassLoaderDispatch.java:33)
  at org.gradle.internal.dispatch.ProxyDispatchAdapter$DispatchingInvocationHandler.invoke(ProxyDispatchAdapter.java:88)
  at jdk.proxy1/jdk.proxy1.$Proxy4.processTestDefinition(Unknown Source)
  at org.gradle.api.internal.tasks.testing.worker.TestWorker$2.run(TestWorker.java:178)
  at org.gradle.api.internal.tasks.testing.worker.TestWorker.executeAndMaintainThreadName(TestWorker.java:126)
  at org.gradle.api.internal.tasks.testing.worker.TestWorker.execute(TestWorker.java:103)
  at org.gradle.api.internal.tasks.testing.worker.TestWorker.execute(TestWorker.java:63)
  at org.gradle.process.internal.worker.child.ActionExecutionWorker.execute(ActionExecutionWorker.java:56)
  at org.gradle.process.internal.worker.child.SystemApplicationClassLoaderWorker.call(SystemApplicationClassLoaderWorker.java:122)
  at org.gradle.process.internal.worker.child.SystemApplicationClassLoaderWorker.call(SystemApplicationClassLoaderWorker.java:72)
  at worker.org.gradle.process.internal.worker.GradleWorkerMain.run(GradleWorkerMain.java:69)
  at worker.org.gradle.process.internal.worker.GradleWorkerMain.main(GradleWorkerMain.java:74)
</stacktrace>
</test-failure>


TypeScriptCompilerTests_V[jvm] > varArgWithNoParamName_ts has expected errors matching varArgWithNoParamName_errors_txt[jvm] FAILED

<test-failure test="com.xemantic.typescript.compiler.TypeScriptCompilerTests_V.voidArrayLit_ts has expected errors matching voidArrayLit_errors_txt" platform="jvm">
<message>
Expected diagnostics from baseline typescript-repo/tests/baselines/reference/voidArrayLit.errors.txt but none produced
</message>
<stacktrace>
  at com.xemantic.typescript.compiler.TypeScriptTestSupportKt.errorsMatchBaseline(TypeScriptTestSupport.kt:125)
  at com.xemantic.typescript.compiler.TypeScriptCompilerTests_V.voidArrayLit_ts has expected errors matching voidArrayLit_errors_txt(TypeScriptCompilerTests_V.kt:357)
  at java.base/jdk.internal.reflect.DirectMethodHandleAccessor.invoke(DirectMethodHandleAccessor.java:104)
  at java.base/java.lang.reflect.Method.invoke(Method.java:565)
  at org.junit.runners.model.FrameworkMethod$1.runReflectiveCall(FrameworkMethod.java:59)
  at org.junit.internal.runners.model.ReflectiveCallable.run(ReflectiveCallable.java:12)
  at org.junit.runners.model.FrameworkMethod.invokeExplosively(FrameworkMethod.java:56)
  at org.junit.internal.runners.statements.InvokeMethod.evaluate(InvokeMethod.java:17)
  at org.junit.runners.ParentRunner$3.evaluate(ParentRunner.java:306)
  at org.junit.runners.BlockJUnit4ClassRunner$1.evaluate(BlockJUnit4ClassRunner.java:100)
  at org.junit.runners.ParentRunner.runLeaf(ParentRunner.java:366)
  at org.junit.runners.BlockJUnit4ClassRunner.runChild(BlockJUnit4ClassRunner.java:103)
  at org.junit.runners.BlockJUnit4ClassRunner.runChild(BlockJUnit4ClassRunner.java:63)
  at org.junit.runners.ParentRunner$4.run(ParentRunner.java:331)
  at org.junit.runners.ParentRunner$1.schedule(ParentRunner.java:79)
  at org.junit.runners.ParentRunner.runChildren(ParentRunner.java:329)
  at org.junit.runners.ParentRunner.access$100(ParentRunner.java:66)
  at org.junit.runners.ParentRunner$2.evaluate(ParentRunner.java:293)
  at org.junit.runners.ParentRunner$3.evaluate(ParentRunner.java:306)
  at org.junit.runners.ParentRunner.run(ParentRunner.java:413)
  at org.junit.runner.JUnitCore.run(JUnitCore.java:137)
  at org.junit.runner.JUnitCore.run(JUnitCore.java:115)
  at org.gradle.api.internal.tasks.testing.junit.JUnitTestExecutor.runRequest(JUnitTestExecutor.java:175)
  at org.gradle.api.internal.tasks.testing.junit.JUnitTestExecutor.accept(JUnitTestExecutor.java:84)
  at org.gradle.api.internal.tasks.testing.junit.JUnitTestExecutor.accept(JUnitTestExecutor.java:47)
  at org.gradle.api.internal.tasks.testing.junit.AbstractJUnitTestDefinitionProcessor.processTestDefinition(AbstractJUnitTestDefinitionProcessor.java:65)
  at org.gradle.api.internal.tasks.testing.SuiteTestDefinitionProcessor.processTestDefinition(SuiteTestDefinitionProcessor.java:54)
  at java.base/jdk.internal.reflect.DirectMethodHandleAccessor.invoke(DirectMethodHandleAccessor.java:104)
  at java.base/java.lang.reflect.Method.invoke(Method.java:565)
  at org.gradle.internal.dispatch.MethodInvocation.invokeOn(MethodInvocation.java:77)
  at org.gradle.internal.dispatch.ReflectionDispatch.dispatch(ReflectionDispatch.java:28)
  at org.gradle.internal.dispatch.ReflectionDispatch.dispatch(ReflectionDispatch.java:19)
  at org.gradle.internal.dispatch.ContextClassLoaderDispatch.dispatch(ContextClassLoaderDispatch.java:33)
  at org.gradle.internal.dispatch.ProxyDispatchAdapter$DispatchingInvocationHandler.invoke(ProxyDispatchAdapter.java:88)
  at jdk.proxy1/jdk.proxy1.$Proxy4.processTestDefinition(Unknown Source)
  at org.gradle.api.internal.tasks.testing.worker.TestWorker$2.run(TestWorker.java:178)
  at org.gradle.api.internal.tasks.testing.worker.TestWorker.executeAndMaintainThreadName(TestWorker.java:126)
  at org.gradle.api.internal.tasks.testing.worker.TestWorker.execute(TestWorker.java:103)
  at org.gradle.api.internal.tasks.testing.worker.TestWorker.execute(TestWorker.java:63)
  at org.gradle.process.internal.worker.child.ActionExecutionWorker.execute(ActionExecutionWorker.java:56)
  at org.gradle.process.internal.worker.child.SystemApplicationClassLoaderWorker.call(SystemApplicationClassLoaderWorker.java:122)
  at org.gradle.process.internal.worker.child.SystemApplicationClassLoaderWorker.call(SystemApplicationClassLoaderWorker.java:72)
  at worker.org.gradle.process.internal.worker.GradleWorkerMain.run(GradleWorkerMain.java:69)
  at worker.org.gradle.process.internal.worker.GradleWorkerMain.main(GradleWorkerMain.java:74)
</stacktrace>
</test-failure>


TypeScriptCompilerTests_V[jvm] > voidArrayLit_ts has expected errors matching voidArrayLit_errors_txt[jvm] FAILED

<test-failure test="com.xemantic.typescript.compiler.TypeScriptCompilerTests_V.varNameConflictsWithImportInDifferentPartOfModule_ts has expected errors matching varNameConflictsWithImportInDifferentPartOfModule_errors_txt" platform="jvm">
<message>
Expected diagnostics from baseline typescript-repo/tests/baselines/reference/varNameConflictsWithImportInDifferentPartOfModule.errors.txt but none produced
</message>
<stacktrace>
  at com.xemantic.typescript.compiler.TypeScriptTestSupportKt.errorsMatchBaseline(TypeScriptTestSupport.kt:125)
  at com.xemantic.typescript.compiler.TypeScriptCompilerTests_V.varNameConflictsWithImportInDifferentPartOfModule_ts has expected errors matching varNameConflictsWithImportInDifferentPartOfModule_errors_txt(TypeScriptCompilerTests_V.kt:147)
  at java.base/jdk.internal.reflect.DirectMethodHandleAccessor.invoke(DirectMethodHandleAccessor.java:104)
  at java.base/java.lang.reflect.Method.invoke(Method.java:565)
  at org.junit.runners.model.FrameworkMethod$1.runReflectiveCall(FrameworkMethod.java:59)
  at org.junit.internal.runners.model.ReflectiveCallable.run(ReflectiveCallable.java:12)
  at org.junit.runners.model.FrameworkMethod.invokeExplosively(FrameworkMethod.java:56)
  at org.junit.internal.runners.statements.InvokeMethod.evaluate(InvokeMethod.java:17)
  at org.junit.runners.ParentRunner$3.evaluate(ParentRunner.java:306)
  at org.junit.runners.BlockJUnit4ClassRunner$1.evaluate(BlockJUnit4ClassRunner.java:100)
  at org.junit.runners.ParentRunner.runLeaf(ParentRunner.java:366)
  at org.junit.runners.BlockJUnit4ClassRunner.runChild(BlockJUnit4ClassRunner.java:103)
  at org.junit.runners.BlockJUnit4ClassRunner.runChild(BlockJUnit4ClassRunner.java:63)
  at org.junit.runners.ParentRunner$4.run(ParentRunner.java:331)
  at org.junit.runners.ParentRunner$1.schedule(ParentRunner.java:79)
  at org.junit.runners.ParentRunner.runChildren(ParentRunner.java:329)
  at org.junit.runners.ParentRunner.access$100(ParentRunner.java:66)
  at org.junit.runners.ParentRunner$2.evaluate(ParentRunner.java:293)
  at org.junit.runners.ParentRunner$3.evaluate(ParentRunner.java:306)
  at org.junit.runners.ParentRunner.run(ParentRunner.java:413)
  at org.junit.runner.JUnitCore.run(JUnitCore.java:137)
  at org.junit.runner.JUnitCore.run(JUnitCore.java:115)
  at org.gradle.api.internal.tasks.testing.junit.JUnitTestExecutor.runRequest(JUnitTestExecutor.java:175)
  at org.gradle.api.internal.tasks.testing.junit.JUnitTestExecutor.accept(JUnitTestExecutor.java:84)
  at org.gradle.api.internal.tasks.testing.junit.JUnitTestExecutor.accept(JUnitTestExecutor.java:47)
  at org.gradle.api.internal.tasks.testing.junit.AbstractJUnitTestDefinitionProcessor.processTestDefinition(AbstractJUnitTestDefinitionProcessor.java:65)
  at org.gradle.api.internal.tasks.testing.SuiteTestDefinitionProcessor.processTestDefinition(SuiteTestDefinitionProcessor.java:54)
  at java.base/jdk.internal.reflect.DirectMethodHandleAccessor.invoke(DirectMethodHandleAccessor.java:104)
  at java.base/java.lang.reflect.Method.invoke(Method.java:565)
  at org.gradle.internal.dispatch.MethodInvocation.invokeOn(MethodInvocation.java:77)
  at org.gradle.internal.dispatch.ReflectionDispatch.dispatch(ReflectionDispatch.java:28)
  at org.gradle.internal.dispatch.ReflectionDispatch.dispatch(ReflectionDispatch.java:19)
  at org.gradle.internal.dispatch.ContextClassLoaderDispatch.dispatch(ContextClassLoaderDispatch.java:33)
  at org.gradle.internal.dispatch.ProxyDispatchAdapter$DispatchingInvocationHandler.invoke(ProxyDispatchAdapter.java:88)
  at jdk.proxy1/jdk.proxy1.$Proxy4.processTestDefinition(Unknown Source)
  at org.gradle.api.internal.tasks.testing.worker.TestWorker$2.run(TestWorker.java:178)
  at org.gradle.api.internal.tasks.testing.worker.TestWorker.executeAndMaintainThreadName(TestWorker.java:126)
  at org.gradle.api.internal.tasks.testing.worker.TestWorker.execute(TestWorker.java:103)
  at org.gradle.api.internal.tasks.testing.worker.TestWorker.execute(TestWorker.java:63)
  at org.gradle.process.internal.worker.child.ActionExecutionWorker.execute(ActionExecutionWorker.java:56)
  at org.gradle.process.internal.worker.child.SystemApplicationClassLoaderWorker.call(SystemApplicationClassLoaderWorker.java:122)
  at org.gradle.process.internal.worker.child.SystemApplicationClassLoaderWorker.call(SystemApplicationClassLoaderWorker.java:72)
  at worker.org.gradle.process.internal.worker.GradleWorkerMain.run(GradleWorkerMain.java:69)
  at worker.org.gradle.process.internal.worker.GradleWorkerMain.main(GradleWorkerMain.java:74)
</stacktrace>
</test-failure>


TypeScriptCompilerTests_V[jvm] > varNameConflictsWithImportInDifferentPartOfModule_ts has expected errors matching varNameConflictsWithImportInDifferentPartOfModule_errors_txt[jvm] FAILED

<test-failure test="com.xemantic.typescript.compiler.TypeScriptCompilerTests_V.variableDeclarationInStrictMode1_ts has expected errors matching variableDeclarationInStrictMode1_errors_txt" platform="jvm">
<message>
--- expected
+++ actual
@@ -1,13 +1,8 @@
 variableDeclarationInStrictMode1.ts(2,5): error TS1100: Invalid use of 'eval' in strict mode.
-variableDeclarationInStrictMode1.ts(2,5): error TS2300: Duplicate identifier 'eval'.
-lib.es5.d.ts(--,--): error TS2300: Duplicate identifier 'eval'.
 
 
-==== variableDeclarationInStrictMode1.ts (2 errors) ====
+==== variableDeclarationInStrictMode1.ts (1 errors) ====
     "use strict";
     var eval;
         ~~~~
 !!! error TS1100: Invalid use of 'eval' in strict mode.
-        ~~~~
-!!! error TS2300: Duplicate identifier 'eval'.
-!!! related TS6203 lib.es5.d.ts:--:--: 'eval' was also declared here.

</message>
<stacktrace>
  at org.junit.Assert.fail(Assert.java:89)
  at kotlin.test.junit.JUnitAsserter.fail(JUnitSupport.kt:56)
  at kotlin.test.AssertionsKt__AssertionsKt.fail(Assertions.kt:563)
  at kotlin.test.AssertionsKt.fail(Unknown Source)
  at com.xemantic.kotlin.test.SameAsKt.sameAs(SameAs.kt:52)
  at com.xemantic.typescript.compiler.TypeScriptTestSupportKt.errorsMatchBaseline(TypeScriptTestSupport.kt:135)
  at com.xemantic.typescript.compiler.TypeScriptCompilerTests_V.variableDeclarationInStrictMode1_ts has expected errors matching variableDeclarationInStrictMode1_errors_txt(TypeScriptCompilerTests_V.kt:189)
  at java.base/jdk.internal.reflect.DirectMethodHandleAccessor.invoke(DirectMethodHandleAccessor.java:104)
  at java.base/java.lang.reflect.Method.invoke(Method.java:565)
  at org.junit.runners.model.FrameworkMethod$1.runReflectiveCall(FrameworkMethod.java:59)
  at org.junit.internal.runners.model.ReflectiveCallable.run(ReflectiveCallable.java:12)
  at org.junit.runners.model.FrameworkMethod.invokeExplosively(FrameworkMethod.java:56)
  at org.junit.internal.runners.statements.InvokeMethod.evaluate(InvokeMethod.java:17)
  at org.junit.runners.ParentRunner$3.evaluate(ParentRunner.java:306)
  at org.junit.runners.BlockJUnit4ClassRunner$1.evaluate(BlockJUnit4ClassRunner.java:100)
  at org.junit.runners.ParentRunner.runLeaf(ParentRunner.java:366)
  at org.junit.runners.BlockJUnit4ClassRunner.runChild(BlockJUnit4ClassRunner.java:103)
  at org.junit.runners.BlockJUnit4ClassRunner.runChild(BlockJUnit4ClassRunner.java:63)
  at org.junit.runners.ParentRunner$4.run(ParentRunner.java:331)
  at org.junit.runners.ParentRunner$1.schedule(ParentRunner.java:79)
  at org.junit.runners.ParentRunner.runChildren(ParentRunner.java:329)
  at org.junit.runners.ParentRunner.access$100(ParentRunner.java:66)
  at org.junit.runners.ParentRunner$2.evaluate(ParentRunner.java:293)
  at org.junit.runners.ParentRunner$3.evaluate(ParentRunner.java:306)
  at org.junit.runners.ParentRunner.run(ParentRunner.java:413)
  at org.junit.runner.JUnitCore.run(JUnitCore.java:137)
  at org.junit.runner.JUnitCore.run(JUnitCore.java:115)
  at org.gradle.api.internal.tasks.testing.junit.JUnitTestExecutor.runRequest(JUnitTestExecutor.java:175)
  at org.gradle.api.internal.tasks.testing.junit.JUnitTestExecutor.accept(JUnitTestExecutor.java:84)
  at org.gradle.api.internal.tasks.testing.junit.JUnitTestExecutor.accept(JUnitTestExecutor.java:47)
  at org.gradle.api.internal.tasks.testing.junit.AbstractJUnitTestDefinitionProcessor.processTestDefinition(AbstractJUnitTestDefinitionProcessor.java:65)
  at org.gradle.api.internal.tasks.testing.SuiteTestDefinitionProcessor.processTestDefinition(SuiteTestDefinitionProcessor.java:54)
  at java.base/jdk.internal.reflect.DirectMethodHandleAccessor.invoke(DirectMethodHandleAccessor.java:104)
  at java.base/java.lang.reflect.Method.invoke(Method.java:565)
  at org.gradle.internal.dispatch.MethodInvocation.invokeOn(MethodInvocation.java:77)
  at org.gradle.internal.dispatch.ReflectionDispatch.dispatch(ReflectionDispatch.java:28)
  at org.gradle.internal.dispatch.ReflectionDispatch.dispatch(ReflectionDispatch.java:19)
  at org.gradle.internal.dispatch.ContextClassLoaderDispatch.dispatch(ContextClassLoaderDispatch.java:33)
  at org.gradle.internal.dispatch.ProxyDispatchAdapter$DispatchingInvocationHandler.invoke(ProxyDispatchAdapter.java:88)
  at jdk.proxy1/jdk.proxy1.$Proxy4.processTestDefinition(Unknown Source)
  at org.gradle.api.internal.tasks.testing.worker.TestWorker$2.run(TestWorker.java:178)
  at org.gradle.api.internal.tasks.testing.worker.TestWorker.executeAndMaintainThreadName(TestWorker.java:126)
  at org.gradle.api.internal.tasks.testing.worker.TestWorker.execute(TestWorker.java:103)
  at org.gradle.api.internal.tasks.testing.worker.TestWorker.execute(TestWorker.java:63)
  at org.gradle.process.internal.worker.child.ActionExecutionWorker.execute(ActionExecutionWorker.java:56)
  at org.gradle.process.internal.worker.child.SystemApplicationClassLoaderWorker.call(SystemApplicationClassLoaderWorker.java:122)
  at org.gradle.process.internal.worker.child.SystemApplicationClassLoaderWorker.call(SystemApplicationClassLoaderWorker.java:72)
  at worker.org.gradle.process.internal.worker.GradleWorkerMain.run(GradleWorkerMain.java:69)
  at worker.org.gradle.process.internal.worker.GradleWorkerMain.main(GradleWorkerMain.java:74)
</stacktrace>
</test-failure>


TypeScriptCompilerTests_V[jvm] > variableDeclarationInStrictMode1_ts has expected errors matching variableDeclarationInStrictMode1_errors_txt[jvm] FAILED

<test-failure test="com.xemantic.typescript.compiler.TypeScriptCompilerTests_V.varBlock_ts has expected errors matching varBlock_errors_txt" platform="jvm">
<message>
--- expected
+++ actual
@@ -1,6 +1,6 @@
 varBlock.ts(8,18): error TS1039: Initializers are not allowed in ambient contexts.
 varBlock.ts(11,22): error TS2369: A parameter property is only allowed in a constructor implementation.
-varBlock.ts(11,22): error TS2371: A parameter initializer is only allowed in a function or constructor implementation.
+varBlock.ts(11,29): error TS2371: A parameter initializer is only allowed in a function or constructor implementation.
 varBlock.ts(15,17): error TS1039: Initializers are not allowed in ambient contexts.
 varBlock.ts(21,18): error TS1039: Initializers are not allowed in ambient contexts.
 varBlock.ts(22,22): error TS1039: Initializers are not allowed in ambient contexts.
@@ -34,9 +34,9 @@
     
         class C {
             constructor (public c = 10);
-                         ~~~~~~~~~~~~~
+                         ~~~~~~~~~~
 !!! error TS2369: A parameter property is only allowed in a constructor implementation.
-                         ~~~~~~~~~~~~~
+                                ~~~~~~
 !!! error TS2371: A parameter initializer is only allowed in a function or constructor implementation.
         }
     }

</message>
<stacktrace>
  at org.junit.Assert.fail(Assert.java:89)
  at kotlin.test.junit.JUnitAsserter.fail(JUnitSupport.kt:56)
  at kotlin.test.AssertionsKt__AssertionsKt.fail(Assertions.kt:563)
  at kotlin.test.AssertionsKt.fail(Unknown Source)
  at com.xemantic.kotlin.test.SameAsKt.sameAs(SameAs.kt:52)
  at com.xemantic.typescript.compiler.TypeScriptTestSupportKt.errorsMatchBaseline(TypeScriptTestSupport.kt:135)
  at com.xemantic.typescript.compiler.TypeScriptCompilerTests_V.varBlock_ts has expected errors matching varBlock_errors_txt(TypeScriptCompilerTests_V.kt:126)
  at java.base/jdk.internal.reflect.DirectMethodHandleAccessor.invoke(DirectMethodHandleAccessor.java:104)
  at java.base/java.lang.reflect.Method.invoke(Method.java:565)
  at org.junit.runners.model.FrameworkMethod$1.runReflectiveCall(FrameworkMethod.java:59)
  at org.junit.internal.runners.model.ReflectiveCallable.run(ReflectiveCallable.java:12)
  at org.junit.runners.model.FrameworkMethod.invokeExplosively(FrameworkMethod.java:56)
  at org.junit.internal.runners.statements.InvokeMethod.evaluate(InvokeMethod.java:17)
  at org.junit.runners.ParentRunner$3.evaluate(ParentRunner.java:306)
  at org.junit.runners.BlockJUnit4ClassRunner$1.evaluate(BlockJUnit4ClassRunner.java:100)
  at org.junit.runners.ParentRunner.runLeaf(ParentRunner.java:366)
  at org.junit.runners.BlockJUnit4ClassRunner.runChild(BlockJUnit4ClassRunner.java:103)
  at org.junit.runners.BlockJUnit4ClassRunner.runChild(BlockJUnit4ClassRunner.java:63)
  at org.junit.runners.ParentRunner$4.run(ParentRunner.java:331)
  at org.junit.runners.ParentRunner$1.schedule(ParentRunner.java:79)
  at org.junit.runners.ParentRunner.runChildren(ParentRunner.java:329)
  at org.junit.runners.ParentRunner.access$100(ParentRunner.java:66)
  at org.junit.runners.ParentRunner$2.evaluate(ParentRunner.java:293)
  at org.junit.runners.ParentRunner$3.evaluate(ParentRunner.java:306)
  at org.junit.runners.ParentRunner.run(ParentRunner.java:413)
  at org.junit.runner.JUnitCore.run(JUnitCore.java:137)
  at org.junit.runner.JUnitCore.run(JUnitCore.java:115)
  at org.gradle.api.internal.tasks.testing.junit.JUnitTestExecutor.runRequest(JUnitTestExecutor.java:175)
  at org.gradle.api.internal.tasks.testing.junit.JUnitTestExecutor.accept(JUnitTestExecutor.java:84)
  at org.gradle.api.internal.tasks.testing.junit.JUnitTestExecutor.accept(JUnitTestExecutor.java:47)
  at org.gradle.api.internal.tasks.testing.junit.AbstractJUnitTestDefinitionProcessor.processTestDefinition(AbstractJUnitTestDefinitionProcessor.java:65)
  at org.gradle.api.internal.tasks.testing.SuiteTestDefinitionProcessor.processTestDefinition(SuiteTestDefinitionProcessor.java:54)
  at java.base/jdk.internal.reflect.DirectMethodHandleAccessor.invoke(DirectMethodHandleAccessor.java:104)
  at java.base/java.lang.reflect.Method.invoke(Method.java:565)
  at org.gradle.internal.dispatch.MethodInvocation.invokeOn(MethodInvocation.java:77)
  at org.gradle.internal.dispatch.ReflectionDispatch.dispatch(ReflectionDispatch.java:28)
  at org.gradle.internal.dispatch.ReflectionDispatch.dispatch(ReflectionDispatch.java:19)
  at org.gradle.internal.dispatch.ContextClassLoaderDispatch.dispatch(ContextClassLoaderDispatch.java:33)
  at org.gradle.internal.dispatch.ProxyDispatchAdapter$DispatchingInvocationHandler.invoke(ProxyDispatchAdapter.java:88)
  at jdk.proxy1/jdk.proxy1.$Proxy4.processTestDefinition(Unknown Source)
  at org.gradle.api.internal.tasks.testing.worker.TestWorker$2.run(TestWorker.java:178)
  at org.gradle.api.internal.tasks.testing.worker.TestWorker.executeAndMaintainThreadName(TestWorker.java:126)
  at org.gradle.api.internal.tasks.testing.worker.TestWorker.execute(TestWorker.java:103)
  at org.gradle.api.internal.tasks.testing.worker.TestWorker.execute(TestWorker.java:63)
  at org.gradle.process.internal.worker.child.ActionExecutionWorker.execute(ActionExecutionWorker.java:56)
  at org.gradle.process.internal.worker.child.SystemApplicationClassLoaderWorker.call(SystemApplicationClassLoaderWorker.java:122)
  at org.gradle.process.internal.worker.child.SystemApplicationClassLoaderWorker.call(SystemApplicationClassLoaderWorker.java:72)
  at worker.org.gradle.process.internal.worker.GradleWorkerMain.run(GradleWorkerMain.java:69)
  at worker.org.gradle.process.internal.worker.GradleWorkerMain.main(GradleWorkerMain.java:74)
</stacktrace>
</test-failure>


TypeScriptCompilerTests_V[jvm] > varBlock_ts has expected errors matching varBlock_errors_txt[jvm] FAILED

<test-failure test="com.xemantic.typescript.compiler.TypeScriptCompilerTests_V.varArgParamTypeCheck_ts has expected errors matching varArgParamTypeCheck_errors_txt" platform="jvm">
<message>
Expected diagnostics from baseline typescript-repo/tests/baselines/reference/varArgParamTypeCheck.errors.txt but none produced
</message>
<stacktrace>
  at com.xemantic.typescript.compiler.TypeScriptTestSupportKt.errorsMatchBaseline(TypeScriptTestSupport.kt:125)
  at com.xemantic.typescript.compiler.TypeScriptCompilerTests_V.varArgParamTypeCheck_ts has expected errors matching varArgParamTypeCheck_errors_txt(TypeScriptCompilerTests_V.kt:77)
  at java.base/jdk.internal.reflect.DirectMethodHandleAccessor.invoke(DirectMethodHandleAccessor.java:104)
  at java.base/java.lang.reflect.Method.invoke(Method.java:565)
  at org.junit.runners.model.FrameworkMethod$1.runReflectiveCall(FrameworkMethod.java:59)
  at org.junit.internal.runners.model.ReflectiveCallable.run(ReflectiveCallable.java:12)
  at org.junit.runners.model.FrameworkMethod.invokeExplosively(FrameworkMethod.java:56)
  at org.junit.internal.runners.statements.InvokeMethod.evaluate(InvokeMethod.java:17)
  at org.junit.runners.ParentRunner$3.evaluate(ParentRunner.java:306)
  at org.junit.runners.BlockJUnit4ClassRunner$1.evaluate(BlockJUnit4ClassRunner.java:100)
  at org.junit.runners.ParentRunner.runLeaf(ParentRunner.java:366)
  at org.junit.runners.BlockJUnit4ClassRunner.runChild(BlockJUnit4ClassRunner.java:103)
  at org.junit.runners.BlockJUnit4ClassRunner.runChild(BlockJUnit4ClassRunner.java:63)
  at org.junit.runners.ParentRunner$4.run(ParentRunner.java:331)
  at org.junit.runners.ParentRunner$1.schedule(ParentRunner.java:79)
  at org.junit.runners.ParentRunner.runChildren(ParentRunner.java:329)
  at org.junit.runners.ParentRunner.access$100(ParentRunner.java:66)
  at org.junit.runners.ParentRunner$2.evaluate(ParentRunner.java:293)
  at org.junit.runners.ParentRunner$3.evaluate(ParentRunner.java:306)
  at org.junit.runners.ParentRunner.run(ParentRunner.java:413)
  at org.junit.runner.JUnitCore.run(JUnitCore.java:137)
  at org.junit.runner.JUnitCore.run(JUnitCore.java:115)
  at org.gradle.api.internal.tasks.testing.junit.JUnitTestExecutor.runRequest(JUnitTestExecutor.java:175)
  at org.gradle.api.internal.tasks.testing.junit.JUnitTestExecutor.accept(JUnitTestExecutor.java:84)
  at org.gradle.api.internal.tasks.testing.junit.JUnitTestExecutor.accept(JUnitTestExecutor.java:47)
  at org.gradle.api.internal.tasks.testing.junit.AbstractJUnitTestDefinitionProcessor.processTestDefinition(AbstractJUnitTestDefinitionProcessor.java:65)
  at org.gradle.api.internal.tasks.testing.SuiteTestDefinitionProcessor.processTestDefinition(SuiteTestDefinitionProcessor.java:54)
  at java.base/jdk.internal.reflect.DirectMethodHandleAccessor.invoke(DirectMethodHandleAccessor.java:104)
  at java.base/java.lang.reflect.Method.invoke(Method.java:565)
  at org.gradle.internal.dispatch.MethodInvocation.invokeOn(MethodInvocation.java:77)
  at org.gradle.internal.dispatch.ReflectionDispatch.dispatch(ReflectionDispatch.java:28)
  at org.gradle.internal.dispatch.ReflectionDispatch.dispatch(ReflectionDispatch.java:19)
  at org.gradle.internal.dispatch.ContextClassLoaderDispatch.dispatch(ContextClassLoaderDispatch.java:33)
  at org.gradle.internal.dispatch.ProxyDispatchAdapter$DispatchingInvocationHandler.invoke(ProxyDispatchAdapter.java:88)
  at jdk.proxy1/jdk.proxy1.$Proxy4.processTestDefinition(Unknown Source)
  at org.gradle.api.internal.tasks.testing.worker.TestWorker$2.run(TestWorker.java:178)
  at org.gradle.api.internal.tasks.testing.worker.TestWorker.executeAndMaintainThreadName(TestWorker.java:126)
  at org.gradle.api.internal.tasks.testing.worker.TestWorker.execute(TestWorker.java:103)
  at org.gradle.api.internal.tasks.testing.worker.TestWorker.execute(TestWorker.java:63)
  at org.gradle.process.internal.worker.child.ActionExecutionWorker.execute(ActionExecutionWorker.java:56)
  at org.gradle.process.internal.worker.child.SystemApplicationClassLoaderWorker.call(SystemApplicationClassLoaderWorker.java:122)
  at org.gradle.process.internal.worker.child.SystemApplicationClassLoaderWorker.call(SystemApplicationClassLoaderWorker.java:72)
  at worker.org.gradle.process.internal.worker.GradleWorkerMain.run(GradleWorkerMain.java:69)
  at worker.org.gradle.process.internal.worker.GradleWorkerMain.main(GradleWorkerMain.java:74)
</stacktrace>
</test-failure>


TypeScriptCompilerTests_V[jvm] > varArgParamTypeCheck_ts has expected errors matching varArgParamTypeCheck_errors_txt[jvm] FAILED

<test-failure test="com.xemantic.typescript.compiler.TypeScriptCompilerTests_V.verbatimModuleSyntaxDefaultValue_ts compiles to JavaScript matching verbatimModuleSyntaxDefaultValue_js" platform="jvm">
<message>
--- expected
+++ actual
@@ -13,8 +13,11 @@
 
 
 //// [index.js]
+"use strict";
+Object.defineProperty(exports, "__esModule", { value: true });
+exports.build = void 0;
 class Task {
 }
 function task() { return new Task(); }
-export const build = task();
-export default build;
+exports.build = task();
+exports.default = exports.build;

</message>
<stacktrace>
  at org.junit.Assert.fail(Assert.java:89)
  at kotlin.test.junit.JUnitAsserter.fail(JUnitSupport.kt:56)
  at kotlin.test.AssertionsKt__AssertionsKt.fail(Assertions.kt:563)
  at kotlin.test.AssertionsKt.fail(Unknown Source)
  at com.xemantic.kotlin.test.SameAsKt.sameAs(SameAs.kt:52)
  at com.xemantic.typescript.compiler.TypeScriptTestSupportKt.sameAs(TypeScriptTestSupport.kt:99)
  at com.xemantic.typescript.compiler.TypeScriptCompilerTests_V.verbatimModuleSyntaxDefaultValue_ts compiles to JavaScript matching verbatimModuleSyntaxDefaultValue_js(TypeScriptCompilerTests_V.kt:301)
  at java.base/jdk.internal.reflect.DirectMethodHandleAccessor.invoke(DirectMethodHandleAccessor.java:104)
  at java.base/java.lang.reflect.Method.invoke(Method.java:565)
  at org.junit.runners.model.FrameworkMethod$1.runReflectiveCall(FrameworkMethod.java:59)
  at org.junit.internal.runners.model.ReflectiveCallable.run(ReflectiveCallable.java:12)
  at org.junit.runners.model.FrameworkMethod.invokeExplosively(FrameworkMethod.java:56)
  at org.junit.internal.runners.statements.InvokeMethod.evaluate(InvokeMethod.java:17)
  at org.junit.runners.ParentRunner$3.evaluate(ParentRunner.java:306)
  at org.junit.runners.BlockJUnit4ClassRunner$1.evaluate(BlockJUnit4ClassRunner.java:100)
  at org.junit.runners.ParentRunner.runLeaf(ParentRunner.java:366)
  at org.junit.runners.BlockJUnit4ClassRunner.runChild(BlockJUnit4ClassRunner.java:103)
  at org.junit.runners.BlockJUnit4ClassRunner.runChild(BlockJUnit4ClassRunner.java:63)
  at org.junit.runners.ParentRunner$4.run(ParentRunner.java:331)
  at org.junit.runners.ParentRunner$1.schedule(ParentRunner.java:79)
  at org.junit.runners.ParentRunner.runChildren(ParentRunner.java:329)
  at org.junit.runners.ParentRunner.access$100(ParentRunner.java:66)
  at org.junit.runners.ParentRunner$2.evaluate(ParentRunner.java:293)
  at org.junit.runners.ParentRunner$3.evaluate(ParentRunner.java:306)
  at org.junit.runners.ParentRunner.run(ParentRunner.java:413)
  at org.junit.runner.JUnitCore.run(JUnitCore.java:137)
  at org.junit.runner.JUnitCore.run(JUnitCore.java:115)
  at org.gradle.api.internal.tasks.testing.junit.JUnitTestExecutor.runRequest(JUnitTestExecutor.java:175)
  at org.gradle.api.internal.tasks.testing.junit.JUnitTestExecutor.accept(JUnitTestExecutor.java:84)
  at org.gradle.api.internal.tasks.testing.junit.JUnitTestExecutor.accept(JUnitTestExecutor.java:47)
  at org.gradle.api.internal.tasks.testing.junit.AbstractJUnitTestDefinitionProcessor.processTestDefinition(AbstractJUnitTestDefinitionProcessor.java:65)
  at org.gradle.api.internal.tasks.testing.SuiteTestDefinitionProcessor.processTestDefinition(SuiteTestDefinitionProcessor.java:54)
  at java.base/jdk.internal.reflect.DirectMethodHandleAccessor.invoke(DirectMethodHandleAccessor.java:104)
  at java.base/java.lang.reflect.Method.invoke(Method.java:565)
  at org.gradle.internal.dispatch.MethodInvocation.invokeOn(MethodInvocation.java:77)
  at org.gradle.internal.dispatch.ReflectionDispatch.dispatch(ReflectionDispatch.java:28)
  at org.gradle.internal.dispatch.ReflectionDispatch.dispatch(ReflectionDispatch.java:19)
  at org.gradle.internal.dispatch.ContextClassLoaderDispatch.dispatch(ContextClassLoaderDispatch.java:33)
  at org.gradle.internal.dispatch.ProxyDispatchAdapter$DispatchingInvocationHandler.invoke(ProxyDispatchAdapter.java:88)
  at jdk.proxy1/jdk.proxy1.$Proxy4.processTestDefinition(Unknown Source)
  at org.gradle.api.internal.tasks.testing.worker.TestWorker$2.run(TestWorker.java:178)
  at org.gradle.api.internal.tasks.testing.worker.TestWorker.executeAndMaintainThreadName(TestWorker.java:126)
  at org.gradle.api.internal.tasks.testing.worker.TestWorker.execute(TestWorker.java:103)
  at org.gradle.api.internal.tasks.testing.worker.TestWorker.execute(TestWorker.java:63)
  at org.gradle.process.internal.worker.child.ActionExecutionWorker.execute(ActionExecutionWorker.java:56)
  at org.gradle.process.internal.worker.child.SystemApplicationClassLoaderWorker.call(SystemApplicationClassLoaderWorker.java:122)
  at org.gradle.process.internal.worker.child.SystemApplicationClassLoaderWorker.call(SystemApplicationClassLoaderWorker.java:72)
  at worker.org.gradle.process.internal.worker.GradleWorkerMain.run(GradleWorkerMain.java:69)
  at worker.org.gradle.process.internal.worker.GradleWorkerMain.main(GradleWorkerMain.java:74)
</stacktrace>
</test-failure>


TypeScriptCompilerTests_V[jvm] > verbatimModuleSyntaxDefaultValue_ts compiles to JavaScript matching verbatimModuleSyntaxDefaultValue_js[jvm] FAILED

<test-failure test="com.xemantic.typescript.compiler.TypeScriptCompilerTests_V.varianceMeasurement_ts has expected errors matching varianceMeasurement_errors_txt" platform="jvm">
<message>
Expected diagnostics from baseline typescript-repo/tests/baselines/reference/varianceMeasurement.errors.txt but none produced
</message>
<stacktrace>
  at com.xemantic.typescript.compiler.TypeScriptTestSupportKt.errorsMatchBaseline(TypeScriptTestSupport.kt:125)
  at com.xemantic.typescript.compiler.TypeScriptCompilerTests_V.varianceMeasurement_ts has expected errors matching varianceMeasurement_errors_txt(TypeScriptCompilerTests_V.kt:259)
  at java.base/jdk.internal.reflect.DirectMethodHandleAccessor.invoke(DirectMethodHandleAccessor.java:104)
  at java.base/java.lang.reflect.Method.invoke(Method.java:565)
  at org.junit.runners.model.FrameworkMethod$1.runReflectiveCall(FrameworkMethod.java:59)
  at org.junit.internal.runners.model.ReflectiveCallable.run(ReflectiveCallable.java:12)
  at org.junit.runners.model.FrameworkMethod.invokeExplosively(FrameworkMethod.java:56)
  at org.junit.internal.runners.statements.InvokeMethod.evaluate(InvokeMethod.java:17)
  at org.junit.runners.ParentRunner$3.evaluate(ParentRunner.java:306)
  at org.junit.runners.BlockJUnit4ClassRunner$1.evaluate(BlockJUnit4ClassRunner.java:100)
  at org.junit.runners.ParentRunner.runLeaf(ParentRunner.java:366)
  at org.junit.runners.BlockJUnit4ClassRunner.runChild(BlockJUnit4ClassRunner.java:103)
  at org.junit.runners.BlockJUnit4ClassRunner.runChild(BlockJUnit4ClassRunner.java:63)
  at org.junit.runners.ParentRunner$4.run(ParentRunner.java:331)
  at org.junit.runners.ParentRunner$1.schedule(ParentRunner.java:79)
  at org.junit.runners.ParentRunner.runChildren(ParentRunner.java:329)
  at org.junit.runners.ParentRunner.access$100(ParentRunner.java:66)
  at org.junit.runners.ParentRunner$2.evaluate(ParentRunner.java:293)
  at org.junit.runners.ParentRunner$3.evaluate(ParentRunner.java:306)
  at org.junit.runners.ParentRunner.run(ParentRunner.java:413)
  at org.junit.runner.JUnitCore.run(JUnitCore.java:137)
  at org.junit.runner.JUnitCore.run(JUnitCore.java:115)
  at org.gradle.api.internal.tasks.testing.junit.JUnitTestExecutor.runRequest(JUnitTestExecutor.java:175)
  at org.gradle.api.internal.tasks.testing.junit.JUnitTestExecutor.accept(JUnitTestExecutor.java:84)
  at org.gradle.api.internal.tasks.testing.junit.JUnitTestExecutor.accept(JUnitTestExecutor.java:47)
  at org.gradle.api.internal.tasks.testing.junit.AbstractJUnitTestDefinitionProcessor.processTestDefinition(AbstractJUnitTestDefinitionProcessor.java:65)
  at org.gradle.api.internal.tasks.testing.SuiteTestDefinitionProcessor.processTestDefinition(SuiteTestDefinitionProcessor.java:54)
  at java.base/jdk.internal.reflect.DirectMethodHandleAccessor.invoke(DirectMethodHandleAccessor.java:104)
  at java.base/java.lang.reflect.Method.invoke(Method.java:565)
  at org.gradle.internal.dispatch.MethodInvocation.invokeOn(MethodInvocation.java:77)
  at org.gradle.internal.dispatch.ReflectionDispatch.dispatch(ReflectionDispatch.java:28)
  at org.gradle.internal.dispatch.ReflectionDispatch.dispatch(ReflectionDispatch.java:19)
  at org.gradle.internal.dispatch.ContextClassLoaderDispatch.dispatch(ContextClassLoaderDispatch.java:33)
  at org.gradle.internal.dispatch.ProxyDispatchAdapter$DispatchingInvocationHandler.invoke(ProxyDispatchAdapter.java:88)
  at jdk.proxy1/jdk.proxy1.$Proxy4.processTestDefinition(Unknown Source)
  at org.gradle.api.internal.tasks.testing.worker.TestWorker$2.run(TestWorker.java:178)
  at org.gradle.api.internal.tasks.testing.worker.TestWorker.executeAndMaintainThreadName(TestWorker.java:126)
  at org.gradle.api.internal.tasks.testing.worker.TestWorker.execute(TestWorker.java:103)
  at org.gradle.api.internal.tasks.testing.worker.TestWorker.execute(TestWorker.java:63)
  at org.gradle.process.internal.worker.child.ActionExecutionWorker.execute(ActionExecutionWorker.java:56)
  at org.gradle.process.internal.worker.child.SystemApplicationClassLoaderWorker.call(SystemApplicationClassLoaderWorker.java:122)
  at org.gradle.process.internal.worker.child.SystemApplicationClassLoaderWorker.call(SystemApplicationClassLoaderWorker.java:72)
  at worker.org.gradle.process.internal.worker.GradleWorkerMain.run(GradleWorkerMain.java:69)
  at worker.org.gradle.process.internal.worker.GradleWorkerMain.main(GradleWorkerMain.java:74)
</stacktrace>
</test-failure>


TypeScriptCompilerTests_V[jvm] > varianceMeasurement_ts has expected errors matching varianceMeasurement_errors_txt[jvm] FAILED

<test-failure test="com.xemantic.typescript.compiler.TypeScriptCompilerTests_V.variableDeclarationDeclarationEmitUniqueSymbolPartialStatement_ts compiles to JavaScript matching variableDeclarationDeclarationEmitUniqueSymbolPartialStatement_js" platform="jvm">
<message>
--- expected
+++ actual
@@ -9,14 +9,12 @@
 
 //// [variableDeclarationDeclarationEmitUniqueSymbolPartialStatement.js]
 "use strict";
-var _a;
 Object.defineProperty(exports, "__esModule", { value: true });
 exports.Foo = void 0;
 const key = Symbol(), value = 12;
 class Foo {
     constructor() {
-        this[_a] = value;
+        this[key] = value;
     }
 }
 exports.Foo = Foo;
-_a = key;

</message>
<stacktrace>
  at org.junit.Assert.fail(Assert.java:89)
  at kotlin.test.junit.JUnitAsserter.fail(JUnitSupport.kt:56)
  at kotlin.test.AssertionsKt__AssertionsKt.fail(Assertions.kt:563)
  at kotlin.test.AssertionsKt.fail(Unknown Source)
  at com.xemantic.kotlin.test.SameAsKt.sameAs(SameAs.kt:52)
  at com.xemantic.typescript.compiler.TypeScriptTestSupportKt.sameAs(TypeScriptTestSupport.kt:99)
  at com.xemantic.typescript.compiler.TypeScriptCompilerTests_V.variableDeclarationDeclarationEmitUniqueSymbolPartialStatement_ts compiles to JavaScript matching variableDeclarationDeclarationEmitUniqueSymbolPartialStatement_js(TypeScriptCompilerTests_V.kt:175)
  at java.base/jdk.internal.reflect.DirectMethodHandleAccessor.invoke(DirectMethodHandleAccessor.java:104)
  at java.base/java.lang.reflect.Method.invoke(Method.java:565)
  at org.junit.runners.model.FrameworkMethod$1.runReflectiveCall(FrameworkMethod.java:59)
  at org.junit.internal.runners.model.ReflectiveCallable.run(ReflectiveCallable.java:12)
  at org.junit.runners.model.FrameworkMethod.invokeExplosively(FrameworkMethod.java:56)
  at org.junit.internal.runners.statements.InvokeMethod.evaluate(InvokeMethod.java:17)
  at org.junit.runners.ParentRunner$3.evaluate(ParentRunner.java:306)
  at org.junit.runners.BlockJUnit4ClassRunner$1.evaluate(BlockJUnit4ClassRunner.java:100)
  at org.junit.runners.ParentRunner.runLeaf(ParentRunner.java:366)
  at org.junit.runners.BlockJUnit4ClassRunner.runChild(BlockJUnit4ClassRunner.java:103)
  at org.junit.runners.BlockJUnit4ClassRunner.runChild(BlockJUnit4ClassRunner.java:63)
  at org.junit.runners.ParentRunner$4.run(ParentRunner.java:331)
  at org.junit.runners.ParentRunner$1.schedule(ParentRunner.java:79)
  at org.junit.runners.ParentRunner.runChildren(ParentRunner.java:329)
  at org.junit.runners.ParentRunner.access$100(ParentRunner.java:66)
  at org.junit.runners.ParentRunner$2.evaluate(ParentRunner.java:293)
  at org.junit.runners.ParentRunner$3.evaluate(ParentRunner.java:306)
  at org.junit.runners.ParentRunner.run(ParentRunner.java:413)
  at org.junit.runner.JUnitCore.run(JUnitCore.java:137)
  at org.junit.runner.JUnitCore.run(JUnitCore.java:115)
  at org.gradle.api.internal.tasks.testing.junit.JUnitTestExecutor.runRequest(JUnitTestExecutor.java:175)
  at org.gradle.api.internal.tasks.testing.junit.JUnitTestExecutor.accept(JUnitTestExecutor.java:84)
  at org.gradle.api.internal.tasks.testing.junit.JUnitTestExecutor.accept(JUnitTestExecutor.java:47)
  at org.gradle.api.internal.tasks.testing.junit.AbstractJUnitTestDefinitionProcessor.processTestDefinition(AbstractJUnitTestDefinitionProcessor.java:65)
  at org.gradle.api.internal.tasks.testing.SuiteTestDefinitionProcessor.processTestDefinition(SuiteTestDefinitionProcessor.java:54)
  at java.base/jdk.internal.reflect.DirectMethodHandleAccessor.invoke(DirectMethodHandleAccessor.java:104)
  at java.base/java.lang.reflect.Method.invoke(Method.java:565)
  at org.gradle.internal.dispatch.MethodInvocation.invokeOn(MethodInvocation.java:77)
  at org.gradle.internal.dispatch.ReflectionDispatch.dispatch(ReflectionDispatch.java:28)
  at org.gradle.internal.dispatch.ReflectionDispatch.dispatch(ReflectionDispatch.java:19)
  at org.gradle.internal.dispatch.ContextClassLoaderDispatch.dispatch(ContextClassLoaderDispatch.java:33)
  at org.gradle.internal.dispatch.ProxyDispatchAdapter$DispatchingInvocationHandler.invoke(ProxyDispatchAdapter.java:88)
  at jdk.proxy1/jdk.proxy1.$Proxy4.processTestDefinition(Unknown Source)
  at org.gradle.api.internal.tasks.testing.worker.TestWorker$2.run(TestWorker.java:178)
  at org.gradle.api.internal.tasks.testing.worker.TestWorker.executeAndMaintainThreadName(TestWorker.java:126)
  at org.gradle.api.internal.tasks.testing.worker.TestWorker.execute(TestWorker.java:103)
  at org.gradle.api.internal.tasks.testing.worker.TestWorker.execute(TestWorker.java:63)
  at org.gradle.process.internal.worker.child.ActionExecutionWorker.execute(ActionExecutionWorker.java:56)
  at org.gradle.process.internal.worker.child.SystemApplicationClassLoaderWorker.call(SystemApplicationClassLoaderWorker.java:122)
  at org.gradle.process.internal.worker.child.SystemApplicationClassLoaderWorker.call(SystemApplicationClassLoaderWorker.java:72)
  at worker.org.gradle.process.internal.worker.GradleWorkerMain.run(GradleWorkerMain.java:69)
  at worker.org.gradle.process.internal.worker.GradleWorkerMain.main(GradleWorkerMain.java:74)
</stacktrace>
</test-failure>


TypeScriptCompilerTests_V[jvm] > variableDeclarationDeclarationEmitUniqueSymbolPartialStatement_ts compiles to JavaScript matching variableDeclarationDeclarationEmitUniqueSymbolPartialStatement_js[jvm] FAILED

<test-failure test="com.xemantic.typescript.compiler.TypeScriptCompilerTests_V.verbatim-declarations-parameters_ts compiles to JavaScript matching verbatim-declarations-parameters_js" platform="jvm">
<message>
--- expected
+++ actual
@@ -28,7 +28,8 @@
 export class Foo {
     constructor(
     // Type node is accurate, preserve
-    reuseTypeNode, reuseTypeNode2, 
+    reuseTypeNode, 
+    reuseTypeNode2, 
     // Resolve type node, requires adding | undefined
     resolveType) {
         this.reuseTypeNode = reuseTypeNode;
@@ -38,7 +39,9 @@
 }
 export function foo1(
 // Type node is accurate, preserve
-reuseTypeNode = {}, reuseTypeNode2 = {}, 
+reuseTypeNode = {}, 
+reuseTypeNode2 = {}, 
 // Resolve type node, requires adding | undefined
-resolveType = {}, requiredParam) {
+resolveType = {}, 
+requiredParam) {
 }

</message>
<stacktrace>
  at org.junit.Assert.fail(Assert.java:89)
  at kotlin.test.junit.JUnitAsserter.fail(JUnitSupport.kt:56)
  at kotlin.test.AssertionsKt__AssertionsKt.fail(Assertions.kt:563)
  at kotlin.test.AssertionsKt.fail(Unknown Source)
  at com.xemantic.kotlin.test.SameAsKt.sameAs(SameAs.kt:52)
  at com.xemantic.typescript.compiler.TypeScriptTestSupportKt.sameAs(TypeScriptTestSupport.kt:99)
  at com.xemantic.typescript.compiler.TypeScriptCompilerTests_V.verbatim-declarations-parameters_ts compiles to JavaScript matching verbatim-declarations-parameters_js(TypeScriptCompilerTests_V.kt:294)
  at java.base/jdk.internal.reflect.DirectMethodHandleAccessor.invoke(DirectMethodHandleAccessor.java:104)
  at java.base/java.lang.reflect.Method.invoke(Method.java:565)
  at org.junit.runners.model.FrameworkMethod$1.runReflectiveCall(FrameworkMethod.java:59)
  at org.junit.internal.runners.model.ReflectiveCallable.run(ReflectiveCallable.java:12)
  at org.junit.runners.model.FrameworkMethod.invokeExplosively(FrameworkMethod.java:56)
  at org.junit.internal.runners.statements.InvokeMethod.evaluate(InvokeMethod.java:17)
  at org.junit.runners.ParentRunner$3.evaluate(ParentRunner.java:306)
  at org.junit.runners.BlockJUnit4ClassRunner$1.evaluate(BlockJUnit4ClassRunner.java:100)
  at org.junit.runners.ParentRunner.runLeaf(ParentRunner.java:366)
  at org.junit.runners.BlockJUnit4ClassRunner.runChild(BlockJUnit4ClassRunner.java:103)
  at org.junit.runners.BlockJUnit4ClassRunner.runChild(BlockJUnit4ClassRunner.java:63)
  at org.junit.runners.ParentRunner$4.run(ParentRunner.java:331)
  at org.junit.runners.ParentRunner$1.schedule(ParentRunner.java:79)
  at org.junit.runners.ParentRunner.runChildren(ParentRunner.java:329)
  at org.junit.runners.ParentRunner.access$100(ParentRunner.java:66)
  at org.junit.runners.ParentRunner$2.evaluate(ParentRunner.java:293)
  at org.junit.runners.ParentRunner$3.evaluate(ParentRunner.java:306)
  at org.junit.runners.ParentRunner.run(ParentRunner.java:413)
  at org.junit.runner.JUnitCore.run(JUnitCore.java:137)
  at org.junit.runner.JUnitCore.run(JUnitCore.java:115)
  at org.gradle.api.internal.tasks.testing.junit.JUnitTestExecutor.runRequest(JUnitTestExecutor.java:175)
  at org.gradle.api.internal.tasks.testing.junit.JUnitTestExecutor.accept(JUnitTestExecutor.java:84)
  at org.gradle.api.internal.tasks.testing.junit.JUnitTestExecutor.accept(JUnitTestExecutor.java:47)
  at org.gradle.api.internal.tasks.testing.junit.AbstractJUnitTestDefinitionProcessor.processTestDefinition(AbstractJUnitTestDefinitionProcessor.java:65)
  at org.gradle.api.internal.tasks.testing.SuiteTestDefinitionProcessor.processTestDefinition(SuiteTestDefinitionProcessor.java:54)
  at java.base/jdk.internal.reflect.DirectMethodHandleAccessor.invoke(DirectMethodHandleAccessor.java:104)
  at java.base/java.lang.reflect.Method.invoke(Method.java:565)
  at org.gradle.internal.dispatch.MethodInvocation.invokeOn(MethodInvocation.java:77)
  at org.gradle.internal.dispatch.ReflectionDispatch.dispatch(ReflectionDispatch.java:28)
  at org.gradle.internal.dispatch.ReflectionDispatch.dispatch(ReflectionDispatch.java:19)
  at org.gradle.internal.dispatch.ContextClassLoaderDispatch.dispatch(ContextClassLoaderDispatch.java:33)
  at org.gradle.internal.dispatch.ProxyDispatchAdapter$DispatchingInvocationHandler.invoke(ProxyDispatchAdapter.java:88)
  at jdk.proxy1/jdk.proxy1.$Proxy4.processTestDefinition(Unknown Source)
  at org.gradle.api.internal.tasks.testing.worker.TestWorker$2.run(TestWorker.java:178)
  at org.gradle.api.internal.tasks.testing.worker.TestWorker.executeAndMaintainThreadName(TestWorker.java:126)
  at org.gradle.api.internal.tasks.testing.worker.TestWorker.execute(TestWorker.java:103)
  at org.gradle.api.internal.tasks.testing.worker.TestWorker.execute(TestWorker.java:63)
  at org.gradle.process.internal.worker.child.ActionExecutionWorker.execute(ActionExecutionWorker.java:56)
  at org.gradle.process.internal.worker.child.SystemApplicationClassLoaderWorker.call(SystemApplicationClassLoaderWorker.java:122)
  at org.gradle.process.internal.worker.child.SystemApplicationClassLoaderWorker.call(SystemApplicationClassLoaderWorker.java:72)
  at worker.org.gradle.process.internal.worker.GradleWorkerMain.run(GradleWorkerMain.java:69)
  at worker.org.gradle.process.internal.worker.GradleWorkerMain.main(GradleWorkerMain.java:74)
</stacktrace>
</test-failure>


TypeScriptCompilerTests_V[jvm] > verbatim-declarations-parameters_ts compiles to JavaScript matching verbatim-declarations-parameters_js[jvm] FAILED

<test-failure test="com.xemantic.typescript.compiler.TypeScriptCompilerTests_V.varianceReferences_ts has expected errors matching varianceReferences_errors_txt" platform="jvm">
<message>
Expected diagnostics from baseline typescript-repo/tests/baselines/reference/varianceReferences.errors.txt but none produced
</message>
<stacktrace>
  at com.xemantic.typescript.compiler.TypeScriptTestSupportKt.errorsMatchBaseline(TypeScriptTestSupport.kt:125)
  at com.xemantic.typescript.compiler.TypeScriptCompilerTests_V.varianceReferences_ts has expected errors matching varianceReferences_errors_txt(TypeScriptCompilerTests_V.kt:280)
  at java.base/jdk.internal.reflect.DirectMethodHandleAccessor.invoke(DirectMethodHandleAccessor.java:104)
  at java.base/java.lang.reflect.Method.invoke(Method.java:565)
  at org.junit.runners.model.FrameworkMethod$1.runReflectiveCall(FrameworkMethod.java:59)
  at org.junit.internal.runners.model.ReflectiveCallable.run(ReflectiveCallable.java:12)
  at org.junit.runners.model.FrameworkMethod.invokeExplosively(FrameworkMethod.java:56)
  at org.junit.internal.runners.statements.InvokeMethod.evaluate(InvokeMethod.java:17)
  at org.junit.runners.ParentRunner$3.evaluate(ParentRunner.java:306)
  at org.junit.runners.BlockJUnit4ClassRunner$1.evaluate(BlockJUnit4ClassRunner.java:100)
  at org.junit.runners.ParentRunner.runLeaf(ParentRunner.java:366)
  at org.junit.runners.BlockJUnit4ClassRunner.runChild(BlockJUnit4ClassRunner.java:103)
  at org.junit.runners.BlockJUnit4ClassRunner.runChild(BlockJUnit4ClassRunner.java:63)
  at org.junit.runners.ParentRunner$4.run(ParentRunner.java:331)
  at org.junit.runners.ParentRunner$1.schedule(ParentRunner.java:79)
  at org.junit.runners.ParentRunner.runChildren(ParentRunner.java:329)
  at org.junit.runners.ParentRunner.access$100(ParentRunner.java:66)
  at org.junit.runners.ParentRunner$2.evaluate(ParentRunner.java:293)
  at org.junit.runners.ParentRunner$3.evaluate(ParentRunner.java:306)
  at org.junit.runners.ParentRunner.run(ParentRunner.java:413)
  at org.junit.runner.JUnitCore.run(JUnitCore.java:137)
  at org.junit.runner.JUnitCore.run(JUnitCore.java:115)
  at org.gradle.api.internal.tasks.testing.junit.JUnitTestExecutor.runRequest(JUnitTestExecutor.java:175)
  at org.gradle.api.internal.tasks.testing.junit.JUnitTestExecutor.accept(JUnitTestExecutor.java:84)
  at org.gradle.api.internal.tasks.testing.junit.JUnitTestExecutor.accept(JUnitTestExecutor.java:47)
  at org.gradle.api.internal.tasks.testing.junit.AbstractJUnitTestDefinitionProcessor.processTestDefinition(AbstractJUnitTestDefinitionProcessor.java:65)
  at org.gradle.api.internal.tasks.testing.SuiteTestDefinitionProcessor.processTestDefinition(SuiteTestDefinitionProcessor.java:54)
  at java.base/jdk.internal.reflect.DirectMethodHandleAccessor.invoke(DirectMethodHandleAccessor.java:104)
  at java.base/java.lang.reflect.Method.invoke(Method.java:565)
  at org.gradle.internal.dispatch.MethodInvocation.invokeOn(MethodInvocation.java:77)
  at org.gradle.internal.dispatch.ReflectionDispatch.dispatch(ReflectionDispatch.java:28)
  at org.gradle.internal.dispatch.ReflectionDispatch.dispatch(ReflectionDispatch.java:19)
  at org.gradle.internal.dispatch.ContextClassLoaderDispatch.dispatch(ContextClassLoaderDispatch.java:33)
  at org.gradle.internal.dispatch.ProxyDispatchAdapter$DispatchingInvocationHandler.invoke(ProxyDispatchAdapter.java:88)
  at jdk.proxy1/jdk.proxy1.$Proxy4.processTestDefinition(Unknown Source)
  at org.gradle.api.internal.tasks.testing.worker.TestWorker$2.run(TestWorker.java:178)
  at org.gradle.api.internal.tasks.testing.worker.TestWorker.executeAndMaintainThreadName(TestWorker.java:126)
  at org.gradle.api.internal.tasks.testing.worker.TestWorker.execute(TestWorker.java:103)
  at org.gradle.api.internal.tasks.testing.worker.TestWorker.execute(TestWorker.java:63)
  at org.gradle.process.internal.worker.child.ActionExecutionWorker.execute(ActionExecutionWorker.java:56)
  at org.gradle.process.internal.worker.child.SystemApplicationClassLoaderWorker.call(SystemApplicationClassLoaderWorker.java:122)
  at org.gradle.process.internal.worker.child.SystemApplicationClassLoaderWorker.call(SystemApplicationClassLoaderWorker.java:72)
  at worker.org.gradle.process.internal.worker.GradleWorkerMain.run(GradleWorkerMain.java:69)
  at worker.org.gradle.process.internal.worker.GradleWorkerMain.main(GradleWorkerMain.java:74)
</stacktrace>
</test-failure>


TypeScriptCompilerTests_V[jvm] > varianceReferences_ts has expected errors matching varianceReferences_errors_txt[jvm] FAILED

<test-failure test="com.xemantic.typescript.compiler.TypeScriptCompilerTests_V.visibilityOfCrossModuleTypeUsage_ts has expected errors matching visibilityOfCrossModuleTypeUsage_errors_txt" platform="jvm">
<message>
Expected diagnostics from baseline typescript-repo/tests/baselines/reference/visibilityOfCrossModuleTypeUsage.errors.txt but none produced
</message>
<stacktrace>
  at com.xemantic.typescript.compiler.TypeScriptTestSupportKt.errorsMatchBaseline(TypeScriptTestSupport.kt:125)
  at com.xemantic.typescript.compiler.TypeScriptCompilerTests_V.visibilityOfCrossModuleTypeUsage_ts has expected errors matching visibilityOfCrossModuleTypeUsage_errors_txt(TypeScriptCompilerTests_V.kt:336)
  at java.base/jdk.internal.reflect.DirectMethodHandleAccessor.invoke(DirectMethodHandleAccessor.java:104)
  at java.base/java.lang.reflect.Method.invoke(Method.java:565)
  at org.junit.runners.model.FrameworkMethod$1.runReflectiveCall(FrameworkMethod.java:59)
  at org.junit.internal.runners.model.ReflectiveCallable.run(ReflectiveCallable.java:12)
  at org.junit.runners.model.FrameworkMethod.invokeExplosively(FrameworkMethod.java:56)
  at org.junit.internal.runners.statements.InvokeMethod.evaluate(InvokeMethod.java:17)
  at org.junit.runners.ParentRunner$3.evaluate(ParentRunner.java:306)
  at org.junit.runners.BlockJUnit4ClassRunner$1.evaluate(BlockJUnit4ClassRunner.java:100)
  at org.junit.runners.ParentRunner.runLeaf(ParentRunner.java:366)
  at org.junit.runners.BlockJUnit4ClassRunner.runChild(BlockJUnit4ClassRunner.java:103)
  at org.junit.runners.BlockJUnit4ClassRunner.runChild(BlockJUnit4ClassRunner.java:63)
  at org.junit.runners.ParentRunner$4.run(ParentRunner.java:331)
  at org.junit.runners.ParentRunner$1.schedule(ParentRunner.java:79)
  at org.junit.runners.ParentRunner.runChildren(ParentRunner.java:329)
  at org.junit.runners.ParentRunner.access$100(ParentRunner.java:66)
  at org.junit.runners.ParentRunner$2.evaluate(ParentRunner.java:293)
  at org.junit.runners.ParentRunner$3.evaluate(ParentRunner.java:306)
  at org.junit.runners.ParentRunner.run(ParentRunner.java:413)
  at org.junit.runner.JUnitCore.run(JUnitCore.java:137)
  at org.junit.runner.JUnitCore.run(JUnitCore.java:115)
  at org.gradle.api.internal.tasks.testing.junit.JUnitTestExecutor.runRequest(JUnitTestExecutor.java:175)
  at org.gradle.api.internal.tasks.testing.junit.JUnitTestExecutor.accept(JUnitTestExecutor.java:84)
  at org.gradle.api.internal.tasks.testing.junit.JUnitTestExecutor.accept(JUnitTestExecutor.java:47)
  at org.gradle.api.internal.tasks.testing.junit.AbstractJUnitTestDefinitionProcessor.processTestDefinition(AbstractJUnitTestDefinitionProcessor.java:65)
  at org.gradle.api.internal.tasks.testing.SuiteTestDefinitionProcessor.processTestDefinition(SuiteTestDefinitionProcessor.java:54)
  at java.base/jdk.internal.reflect.DirectMethodHandleAccessor.invoke(DirectMethodHandleAccessor.java:104)
  at java.base/java.lang.reflect.Method.invoke(Method.java:565)
  at org.gradle.internal.dispatch.MethodInvocation.invokeOn(MethodInvocation.java:77)
  at org.gradle.internal.dispatch.ReflectionDispatch.dispatch(ReflectionDispatch.java:28)
  at org.gradle.internal.dispatch.ReflectionDispatch.dispatch(ReflectionDispatch.java:19)
  at org.gradle.internal.dispatch.ContextClassLoaderDispatch.dispatch(ContextClassLoaderDispatch.java:33)
  at org.gradle.internal.dispatch.ProxyDispatchAdapter$DispatchingInvocationHandler.invoke(ProxyDispatchAdapter.java:88)
  at jdk.proxy1/jdk.proxy1.$Proxy4.processTestDefinition(Unknown Source)
  at org.gradle.api.internal.tasks.testing.worker.TestWorker$2.run(TestWorker.java:178)
  at org.gradle.api.internal.tasks.testing.worker.TestWorker.executeAndMaintainThreadName(TestWorker.java:126)
  at org.gradle.api.internal.tasks.testing.worker.TestWorker.execute(TestWorker.java:103)
  at org.gradle.api.internal.tasks.testing.worker.TestWorker.execute(TestWorker.java:63)
  at org.gradle.process.internal.worker.child.ActionExecutionWorker.execute(ActionExecutionWorker.java:56)
  at org.gradle.process.internal.worker.child.SystemApplicationClassLoaderWorker.call(SystemApplicationClassLoaderWorker.java:122)
  at org.gradle.process.internal.worker.child.SystemApplicationClassLoaderWorker.call(SystemApplicationClassLoaderWorker.java:72)
  at worker.org.gradle.process.internal.worker.GradleWorkerMain.run(GradleWorkerMain.java:69)
  at worker.org.gradle.process.internal.worker.GradleWorkerMain.main(GradleWorkerMain.java:74)
</stacktrace>
</test-failure>


TypeScriptCompilerTests_V[jvm] > visibilityOfCrossModuleTypeUsage_ts has expected errors matching visibilityOfCrossModuleTypeUsage_errors_txt[jvm] FAILED

<test-failure test="com.xemantic.typescript.compiler.TypeScriptCompilerTests_V.varArgConstructorMemberParameter_ts has expected errors matching varArgConstructorMemberParameter_errors_txt" platform="jvm">
<message>
Expected diagnostics from baseline typescript-repo/tests/baselines/reference/varArgConstructorMemberParameter.errors.txt but none produced
</message>
<stacktrace>
  at com.xemantic.typescript.compiler.TypeScriptTestSupportKt.errorsMatchBaseline(TypeScriptTestSupport.kt:125)
  at com.xemantic.typescript.compiler.TypeScriptCompilerTests_V.varArgConstructorMemberParameter_ts has expected errors matching varArgConstructorMemberParameter_errors_txt(TypeScriptCompilerTests_V.kt:63)
  at java.base/jdk.internal.reflect.DirectMethodHandleAccessor.invoke(DirectMethodHandleAccessor.java:104)
  at java.base/java.lang.reflect.Method.invoke(Method.java:565)
  at org.junit.runners.model.FrameworkMethod$1.runReflectiveCall(FrameworkMethod.java:59)
  at org.junit.internal.runners.model.ReflectiveCallable.run(ReflectiveCallable.java:12)
  at org.junit.runners.model.FrameworkMethod.invokeExplosively(FrameworkMethod.java:56)
  at org.junit.internal.runners.statements.InvokeMethod.evaluate(InvokeMethod.java:17)
  at org.junit.runners.ParentRunner$3.evaluate(ParentRunner.java:306)
  at org.junit.runners.BlockJUnit4ClassRunner$1.evaluate(BlockJUnit4ClassRunner.java:100)
  at org.junit.runners.ParentRunner.runLeaf(ParentRunner.java:366)
  at org.junit.runners.BlockJUnit4ClassRunner.runChild(BlockJUnit4ClassRunner.java:103)
  at org.junit.runners.BlockJUnit4ClassRunner.runChild(BlockJUnit4ClassRunner.java:63)
  at org.junit.runners.ParentRunner$4.run(ParentRunner.java:331)
  at org.junit.runners.ParentRunner$1.schedule(ParentRunner.java:79)
  at org.junit.runners.ParentRunner.runChildren(ParentRunner.java:329)
  at org.junit.runners.ParentRunner.access$100(ParentRunner.java:66)
  at org.junit.runners.ParentRunner$2.evaluate(ParentRunner.java:293)
  at org.junit.runners.ParentRunner$3.evaluate(ParentRunner.java:306)
  at org.junit.runners.ParentRunner.run(ParentRunner.java:413)
  at org.junit.runner.JUnitCore.run(JUnitCore.java:137)
  at org.junit.runner.JUnitCore.run(JUnitCore.java:115)
  at org.gradle.api.internal.tasks.testing.junit.JUnitTestExecutor.runRequest(JUnitTestExecutor.java:175)
  at org.gradle.api.internal.tasks.testing.junit.JUnitTestExecutor.accept(JUnitTestExecutor.java:84)
  at org.gradle.api.internal.tasks.testing.junit.JUnitTestExecutor.accept(JUnitTestExecutor.java:47)
  at org.gradle.api.internal.tasks.testing.junit.AbstractJUnitTestDefinitionProcessor.processTestDefinition(AbstractJUnitTestDefinitionProcessor.java:65)
  at org.gradle.api.internal.tasks.testing.SuiteTestDefinitionProcessor.processTestDefinition(SuiteTestDefinitionProcessor.java:54)
  at java.base/jdk.internal.reflect.DirectMethodHandleAccessor.invoke(DirectMethodHandleAccessor.java:104)
  at java.base/java.lang.reflect.Method.invoke(Method.java:565)
  at org.gradle.internal.dispatch.MethodInvocation.invokeOn(MethodInvocation.java:77)
  at org.gradle.internal.dispatch.ReflectionDispatch.dispatch(ReflectionDispatch.java:28)
  at org.gradle.internal.dispatch.ReflectionDispatch.dispatch(ReflectionDispatch.java:19)
  at org.gradle.internal.dispatch.ContextClassLoaderDispatch.dispatch(ContextClassLoaderDispatch.java:33)
  at org.gradle.internal.dispatch.ProxyDispatchAdapter$DispatchingInvocationHandler.invoke(ProxyDispatchAdapter.java:88)
  at jdk.proxy1/jdk.proxy1.$Proxy4.processTestDefinition(Unknown Source)
  at org.gradle.api.internal.tasks.testing.worker.TestWorker$2.run(TestWorker.java:178)
  at org.gradle.api.internal.tasks.testing.worker.TestWorker.executeAndMaintainThreadName(TestWorker.java:126)
  at org.gradle.api.internal.tasks.testing.worker.TestWorker.execute(TestWorker.java:103)
  at org.gradle.api.internal.tasks.testing.worker.TestWorker.execute(TestWorker.java:63)
  at org.gradle.process.internal.worker.child.ActionExecutionWorker.execute(ActionExecutionWorker.java:56)
  at org.gradle.process.internal.worker.child.SystemApplicationClassLoaderWorker.call(SystemApplicationClassLoaderWorker.java:122)
  at org.gradle.process.internal.worker.child.SystemApplicationClassLoaderWorker.call(SystemApplicationClassLoaderWorker.java:72)
  at worker.org.gradle.process.internal.worker.GradleWorkerMain.run(GradleWorkerMain.java:69)
  at worker.org.gradle.process.internal.worker.GradleWorkerMain.main(GradleWorkerMain.java:74)
</stacktrace>
</test-failure>


TypeScriptCompilerTests_V[jvm] > varArgConstructorMemberParameter_ts has expected errors matching varArgConstructorMemberParameter_errors_txt[jvm] FAILED

<test-failure test="com.xemantic.typescript.compiler.TypeScriptCompilerTests_W.weakType_ts has expected errors matching weakType_errors_txt" platform="jvm">
<message>
Expected diagnostics from baseline typescript-repo/tests/baselines/reference/weakType.errors.txt but none produced
</message>
<stacktrace>
  at com.xemantic.typescript.compiler.TypeScriptTestSupportKt.errorsMatchBaseline(TypeScriptTestSupport.kt:125)
  at com.xemantic.typescript.compiler.TypeScriptCompilerTests_W.weakType_ts has expected errors matching weakType_errors_txt(TypeScriptCompilerTests_W.kt:21)
  at java.base/jdk.internal.reflect.DirectMethodHandleAccessor.invoke(DirectMethodHandleAccessor.java:104)
  at java.base/java.lang.reflect.Method.invoke(Method.java:565)
  at org.junit.runners.model.FrameworkMethod$1.runReflectiveCall(FrameworkMethod.java:59)
  at org.junit.internal.runners.model.ReflectiveCallable.run(ReflectiveCallable.java:12)
  at org.junit.runners.model.FrameworkMethod.invokeExplosively(FrameworkMethod.java:56)
  at org.junit.internal.runners.statements.InvokeMethod.evaluate(InvokeMethod.java:17)
  at org.junit.runners.ParentRunner$3.evaluate(ParentRunner.java:306)
  at org.junit.runners.BlockJUnit4ClassRunner$1.evaluate(BlockJUnit4ClassRunner.java:100)
  at org.junit.runners.ParentRunner.runLeaf(ParentRunner.java:366)
  at org.junit.runners.BlockJUnit4ClassRunner.runChild(BlockJUnit4ClassRunner.java:103)
  at org.junit.runners.BlockJUnit4ClassRunner.runChild(BlockJUnit4ClassRunner.java:63)
  at org.junit.runners.ParentRunner$4.run(ParentRunner.java:331)
  at org.junit.runners.ParentRunner$1.schedule(ParentRunner.java:79)
  at org.junit.runners.ParentRunner.runChildren(ParentRunner.java:329)
  at org.junit.runners.ParentRunner.access$100(ParentRunner.java:66)
  at org.junit.runners.ParentRunner$2.evaluate(ParentRunner.java:293)
  at org.junit.runners.ParentRunner$3.evaluate(ParentRunner.java:306)
  at org.junit.runners.ParentRunner.run(ParentRunner.java:413)
  at org.junit.runner.JUnitCore.run(JUnitCore.java:137)
  at org.junit.runner.JUnitCore.run(JUnitCore.java:115)
  at org.gradle.api.internal.tasks.testing.junit.JUnitTestExecutor.runRequest(JUnitTestExecutor.java:175)
  at org.gradle.api.internal.tasks.testing.junit.JUnitTestExecutor.accept(JUnitTestExecutor.java:84)
  at org.gradle.api.internal.tasks.testing.junit.JUnitTestExecutor.accept(JUnitTestExecutor.java:47)
  at org.gradle.api.internal.tasks.testing.junit.AbstractJUnitTestDefinitionProcessor.processTestDefinition(AbstractJUnitTestDefinitionProcessor.java:65)
  at org.gradle.api.internal.tasks.testing.SuiteTestDefinitionProcessor.processTestDefinition(SuiteTestDefinitionProcessor.java:54)
  at java.base/jdk.internal.reflect.DirectMethodHandleAccessor.invoke(DirectMethodHandleAccessor.java:104)
  at java.base/java.lang.reflect.Method.invoke(Method.java:565)
  at org.gradle.internal.dispatch.MethodInvocation.invokeOn(MethodInvocation.java:77)
  at org.gradle.internal.dispatch.ReflectionDispatch.dispatch(ReflectionDispatch.java:28)
  at org.gradle.internal.dispatch.ReflectionDispatch.dispatch(ReflectionDispatch.java:19)
  at org.gradle.internal.dispatch.ContextClassLoaderDispatch.dispatch(ContextClassLoaderDispatch.java:33)
  at org.gradle.internal.dispatch.ProxyDispatchAdapter$DispatchingInvocationHandler.invoke(ProxyDispatchAdapter.java:88)
  at jdk.proxy1/jdk.proxy1.$Proxy4.processTestDefinition(Unknown Source)
  at org.gradle.api.internal.tasks.testing.worker.TestWorker$2.run(TestWorker.java:178)
  at org.gradle.api.internal.tasks.testing.worker.TestWorker.executeAndMaintainThreadName(TestWorker.java:126)
  at org.gradle.api.internal.tasks.testing.worker.TestWorker.execute(TestWorker.java:103)
  at org.gradle.api.internal.tasks.testing.worker.TestWorker.execute(TestWorker.java:63)
  at org.gradle.process.internal.worker.child.ActionExecutionWorker.execute(ActionExecutionWorker.java:56)
  at org.gradle.process.internal.worker.child.SystemApplicationClassLoaderWorker.call(SystemApplicationClassLoaderWorker.java:122)
  at org.gradle.process.internal.worker.child.SystemApplicationClassLoaderWorker.call(SystemApplicationClassLoaderWorker.java:72)
  at worker.org.gradle.process.internal.worker.GradleWorkerMain.run(GradleWorkerMain.java:69)
  at worker.org.gradle.process.internal.worker.GradleWorkerMain.main(GradleWorkerMain.java:74)
</stacktrace>
</test-failure>


TypeScriptCompilerTests_W[jvm] > weakType_ts has expected errors matching weakType_errors_txt[jvm] FAILED

<test-failure test="com.xemantic.typescript.compiler.TypeScriptCompilerTests_W.widenedTypes_ts has expected errors matching widenedTypes_errors_txt" platform="jvm">
<message>
--- expected
+++ actual
@@ -1,25 +1,12 @@
-widenedTypes.ts(1,1): error TS2358: The left-hand side of an 'instanceof' expression must be of type 'any', an object type or a type parameter.
-widenedTypes.ts(4,1): error TS18050: The value 'null' cannot be used here.
-widenedTypes.ts(5,7): error TS18050: The value 'null' cannot be used here.
 widenedTypes.ts(9,14): error TS2695: Left side of comma operator is unused and has no side effects.
-widenedTypes.ts(10,1): error TS2322: Type 'string' is not assignable to type 'number'.
-widenedTypes.ts(17,1): error TS2322: Type 'string' is not assignable to type 'number'.
-widenedTypes.ts(22,22): error TS2322: Type 'number' is not assignable to type 'string'.
-widenedTypes.ts(23,39): error TS2322: Type 'number' is not assignable to type 'string'.
 
 
-==== widenedTypes.ts (8 errors) ====
+==== widenedTypes.ts (1 errors) ====
     null instanceof (() => { });
-    ~~~~
-!!! error TS2358: The left-hand side of an 'instanceof' expression must be of type 'any', an object type or a type parameter.
     ({}) instanceof null; // Ok because null is a subtype of function
     
     null in {};
-    ~~~~
-!!! error TS18050: The value 'null' cannot be used here.
     "" in null;
-          ~~~~
-!!! error TS18050: The value 'null' cannot be used here.
     
     for (var a in null) { }
     
@@ -27,8 +14,6 @@
                  ~
 !!! error TS2695: Left side of comma operator is unused and has no side effects.
     t[3] = "";
-    ~~~~
-!!! error TS2322: Type 'string' is not assignable to type 'number'.
     
     var x: typeof undefined = 3;
     x = 3;
@@ -36,16 +21,9 @@
     var y;
     var u = [3, (y = null)];
     u[3] = "";
-    ~~~~
-!!! error TS2322: Type 'string' is not assignable to type 'number'.
     
     var ob: { x: typeof undefined } = { x: "" };
     
     // Highlights the difference between array literals and object literals
     var arr: string[] = [3, null]; // not assignable because null is not widened. BCT is {}
-                         ~
-!!! error TS2322: Type 'number' is not assignable to type 'string'.
     var obj: { [x: string]: string; } = { x: 3, y: null }; // assignable because null is widened, and therefore BCT is any
-                                          ~
-!!! error TS2322: Type 'number' is not assignable to type 'string'.
-!!! related TS6501 widenedTypes.ts:23:12: The expected type comes from this index signature.

</message>
<stacktrace>
  at org.junit.Assert.fail(Assert.java:89)
  at kotlin.test.junit.JUnitAsserter.fail(JUnitSupport.kt:56)
  at kotlin.test.AssertionsKt__AssertionsKt.fail(Assertions.kt:563)
  at kotlin.test.AssertionsKt.fail(Unknown Source)
  at com.xemantic.kotlin.test.SameAsKt.sameAs(SameAs.kt:52)
  at com.xemantic.typescript.compiler.TypeScriptTestSupportKt.errorsMatchBaseline(TypeScriptTestSupport.kt:135)
  at com.xemantic.typescript.compiler.TypeScriptCompilerTests_W.widenedTypes_ts has expected errors matching widenedTypes_errors_txt(TypeScriptCompilerTests_W.kt:84)
  at java.base/jdk.internal.reflect.DirectMethodHandleAccessor.invoke(DirectMethodHandleAccessor.java:104)
  at java.base/java.lang.reflect.Method.invoke(Method.java:565)
  at org.junit.runners.model.FrameworkMethod$1.runReflectiveCall(FrameworkMethod.java:59)
  at org.junit.internal.runners.model.ReflectiveCallable.run(ReflectiveCallable.java:12)
  at org.junit.runners.model.FrameworkMethod.invokeExplosively(FrameworkMethod.java:56)
  at org.junit.internal.runners.statements.InvokeMethod.evaluate(InvokeMethod.java:17)
  at org.junit.runners.ParentRunner$3.evaluate(ParentRunner.java:306)
  at org.junit.runners.BlockJUnit4ClassRunner$1.evaluate(BlockJUnit4ClassRunner.java:100)
  at org.junit.runners.ParentRunner.runLeaf(ParentRunner.java:366)
  at org.junit.runners.BlockJUnit4ClassRunner.runChild(BlockJUnit4ClassRunner.java:103)
  at org.junit.runners.BlockJUnit4ClassRunner.runChild(BlockJUnit4ClassRunner.java:63)
  at org.junit.runners.ParentRunner$4.run(ParentRunner.java:331)
  at org.junit.runners.ParentRunner$1.schedule(ParentRunner.java:79)
  at org.junit.runners.ParentRunner.runChildren(ParentRunner.java:329)
  at org.junit.runners.ParentRunner.access$100(ParentRunner.java:66)
  at org.junit.runners.ParentRunner$2.evaluate(ParentRunner.java:293)
  at org.junit.runners.ParentRunner$3.evaluate(ParentRunner.java:306)
  at org.junit.runners.ParentRunner.run(ParentRunner.java:413)
  at org.junit.runner.JUnitCore.run(JUnitCore.java:137)
  at org.junit.runner.JUnitCore.run(JUnitCore.java:115)
  at org.gradle.api.internal.tasks.testing.junit.JUnitTestExecutor.runRequest(JUnitTestExecutor.java:175)
  at org.gradle.api.internal.tasks.testing.junit.JUnitTestExecutor.accept(JUnitTestExecutor.java:84)
  at org.gradle.api.internal.tasks.testing.junit.JUnitTestExecutor.accept(JUnitTestExecutor.java:47)
  at org.gradle.api.internal.tasks.testing.junit.AbstractJUnitTestDefinitionProcessor.processTestDefinition(AbstractJUnitTestDefinitionProcessor.java:65)
  at org.gradle.api.internal.tasks.testing.SuiteTestDefinitionProcessor.processTestDefinition(SuiteTestDefinitionProcessor.java:54)
  at java.base/jdk.internal.reflect.DirectMethodHandleAccessor.invoke(DirectMethodHandleAccessor.java:104)
  at java.base/java.lang.reflect.Method.invoke(Method.java:565)
  at org.gradle.internal.dispatch.MethodInvocation.invokeOn(MethodInvocation.java:77)
  at org.gradle.internal.dispatch.ReflectionDispatch.dispatch(ReflectionDispatch.java:28)
  at org.gradle.internal.dispatch.ReflectionDispatch.dispatch(ReflectionDispatch.java:19)
  at org.gradle.internal.dispatch.ContextClassLoaderDispatch.dispatch(ContextClassLoaderDispatch.java:33)
  at org.gradle.internal.dispatch.ProxyDispatchAdapter$DispatchingInvocationHandler.invoke(ProxyDispatchAdapter.java:88)
  at jdk.proxy1/jdk.proxy1.$Proxy4.processTestDefinition(Unknown Source)
  at org.gradle.api.internal.tasks.testing.worker.TestWorker$2.run(TestWorker.java:178)
  at org.gradle.api.internal.tasks.testing.worker.TestWorker.executeAndMaintainThreadName(TestWorker.java:126)
  at org.gradle.api.internal.tasks.testing.worker.TestWorker.execute(TestWorker.java:103)
  at org.gradle.api.internal.tasks.testing.worker.TestWorker.execute(TestWorker.java:63)
  at org.gradle.process.internal.worker.child.ActionExecutionWorker.execute(ActionExecutionWorker.java:56)
  at org.gradle.process.internal.worker.child.SystemApplicationClassLoaderWorker.call(SystemApplicationClassLoaderWorker.java:122)
  at org.gradle.process.internal.worker.child.SystemApplicationClassLoaderWorker.call(SystemApplicationClassLoaderWorker.java:72)
  at worker.org.gradle.process.internal.worker.GradleWorkerMain.run(GradleWorkerMain.java:69)
  at worker.org.gradle.process.internal.worker.GradleWorkerMain.main(GradleWorkerMain.java:74)
</stacktrace>
</test-failure>


TypeScriptCompilerTests_W[jvm] > widenedTypes_ts has expected errors matching widenedTypes_errors_txt[jvm] FAILED

<test-failure test="com.xemantic.typescript.compiler.TypeScriptCompilerTests_W.widenToAny1_ts has expected errors matching widenToAny1_errors_txt" platform="jvm">
<message>
--- expected
+++ actual
@@ -1,10 +1,8 @@
 widenToAny1.ts(2,5): error TS2322: Type 'undefined' is not assignable to type 'T'.
   'T' could be instantiated with an arbitrary type which could be unrelated to 'undefined'.
-widenToAny1.ts(4,5): error TS2322: Type 'string | undefined' is not assignable to type 'number'.
-  Type 'undefined' is not assignable to type 'number'.
 
 
-==== widenToAny1.ts (2 errors) ====
+==== widenToAny1.ts (1 errors) ====
     function foo1<T>(f1: { x: T; y: T }): T {
         return undefined;
         ~~~~~~
@@ -12,6 +10,3 @@
 !!! error TS2322:   'T' could be instantiated with an arbitrary type which could be unrelated to 'undefined'.
     }
     var z1: number = foo1({ x: undefined, y: "def" });  // Best common type is any
-        ~~
-!!! error TS2322: Type 'string | undefined' is not assignable to type 'number'.
-!!! error TS2322:   Type 'undefined' is not assignable to type 'number'.

</message>
<stacktrace>
  at org.junit.Assert.fail(Assert.java:89)
  at kotlin.test.junit.JUnitAsserter.fail(JUnitSupport.kt:56)
  at kotlin.test.AssertionsKt__AssertionsKt.fail(Assertions.kt:563)
  at kotlin.test.AssertionsKt.fail(Unknown Source)
  at com.xemantic.kotlin.test.SameAsKt.sameAs(SameAs.kt:52)
  at com.xemantic.typescript.compiler.TypeScriptTestSupportKt.errorsMatchBaseline(TypeScriptTestSupport.kt:135)
  at com.xemantic.typescript.compiler.TypeScriptCompilerTests_W.widenToAny1_ts has expected errors matching widenToAny1_errors_txt(TypeScriptCompilerTests_W.kt:56)
  at java.base/jdk.internal.reflect.DirectMethodHandleAccessor.invoke(DirectMethodHandleAccessor.java:104)
  at java.base/java.lang.reflect.Method.invoke(Method.java:565)
  at org.junit.runners.model.FrameworkMethod$1.runReflectiveCall(FrameworkMethod.java:59)
  at org.junit.internal.runners.model.ReflectiveCallable.run(ReflectiveCallable.java:12)
  at org.junit.runners.model.FrameworkMethod.invokeExplosively(FrameworkMethod.java:56)
  at org.junit.internal.runners.statements.InvokeMethod.evaluate(InvokeMethod.java:17)
  at org.junit.runners.ParentRunner$3.evaluate(ParentRunner.java:306)
  at org.junit.runners.BlockJUnit4ClassRunner$1.evaluate(BlockJUnit4ClassRunner.java:100)
  at org.junit.runners.ParentRunner.runLeaf(ParentRunner.java:366)
  at org.junit.runners.BlockJUnit4ClassRunner.runChild(BlockJUnit4ClassRunner.java:103)
  at org.junit.runners.BlockJUnit4ClassRunner.runChild(BlockJUnit4ClassRunner.java:63)
  at org.junit.runners.ParentRunner$4.run(ParentRunner.java:331)
  at org.junit.runners.ParentRunner$1.schedule(ParentRunner.java:79)
  at org.junit.runners.ParentRunner.runChildren(ParentRunner.java:329)
  at org.junit.runners.ParentRunner.access$100(ParentRunner.java:66)
  at org.junit.runners.ParentRunner$2.evaluate(ParentRunner.java:293)
  at org.junit.runners.ParentRunner$3.evaluate(ParentRunner.java:306)
  at org.junit.runners.ParentRunner.run(ParentRunner.java:413)
  at org.junit.runner.JUnitCore.run(JUnitCore.java:137)
  at org.junit.runner.JUnitCore.run(JUnitCore.java:115)
  at org.gradle.api.internal.tasks.testing.junit.JUnitTestExecutor.runRequest(JUnitTestExecutor.java:175)
  at org.gradle.api.internal.tasks.testing.junit.JUnitTestExecutor.accept(JUnitTestExecutor.java:84)
  at org.gradle.api.internal.tasks.testing.junit.JUnitTestExecutor.accept(JUnitTestExecutor.java:47)
  at org.gradle.api.internal.tasks.testing.junit.AbstractJUnitTestDefinitionProcessor.processTestDefinition(AbstractJUnitTestDefinitionProcessor.java:65)
  at org.gradle.api.internal.tasks.testing.SuiteTestDefinitionProcessor.processTestDefinition(SuiteTestDefinitionProcessor.java:54)
  at java.base/jdk.internal.reflect.DirectMethodHandleAccessor.invoke(DirectMethodHandleAccessor.java:104)
  at java.base/java.lang.reflect.Method.invoke(Method.java:565)
  at org.gradle.internal.dispatch.MethodInvocation.invokeOn(MethodInvocation.java:77)
  at org.gradle.internal.dispatch.ReflectionDispatch.dispatch(ReflectionDispatch.java:28)
  at org.gradle.internal.dispatch.ReflectionDispatch.dispatch(ReflectionDispatch.java:19)
  at org.gradle.internal.dispatch.ContextClassLoaderDispatch.dispatch(ContextClassLoaderDispatch.java:33)
  at org.gradle.internal.dispatch.ProxyDispatchAdapter$DispatchingInvocationHandler.invoke(ProxyDispatchAdapter.java:88)
  at jdk.proxy1/jdk.proxy1.$Proxy4.processTestDefinition(Unknown Source)
  at org.gradle.api.internal.tasks.testing.worker.TestWorker$2.run(TestWorker.java:178)
  at org.gradle.api.internal.tasks.testing.worker.TestWorker.executeAndMaintainThreadName(TestWorker.java:126)
  at org.gradle.api.internal.tasks.testing.worker.TestWorker.execute(TestWorker.java:103)
  at org.gradle.api.internal.tasks.testing.worker.TestWorker.execute(TestWorker.java:63)
  at org.gradle.process.internal.worker.child.ActionExecutionWorker.execute(ActionExecutionWorker.java:56)
  at org.gradle.process.internal.worker.child.SystemApplicationClassLoaderWorker.call(SystemApplicationClassLoaderWorker.java:122)
  at org.gradle.process.internal.worker.child.SystemApplicationClassLoaderWorker.call(SystemApplicationClassLoaderWorker.java:72)
  at worker.org.gradle.process.internal.worker.GradleWorkerMain.run(GradleWorkerMain.java:69)
  at worker.org.gradle.process.internal.worker.GradleWorkerMain.main(GradleWorkerMain.java:74)
</stacktrace>
</test-failure>


TypeScriptCompilerTests_W[jvm] > widenToAny1_ts has expected errors matching widenToAny1_errors_txt[jvm] FAILED

<test-failure test="com.xemantic.typescript.compiler.TypeScriptCompilerTests_W.widenToAny2_ts has expected errors matching widenToAny2_errors_txt" platform="jvm">
<message>
--- expected
+++ actual
@@ -1,10 +1,8 @@
 widenToAny2.ts(2,5): error TS2322: Type 'undefined' is not assignable to type 'T'.
   'T' could be instantiated with an arbitrary type which could be unrelated to 'undefined'.
-widenToAny2.ts(4,5): error TS2322: Type 'string | undefined' is not assignable to type 'number'.
-  Type 'undefined' is not assignable to type 'number'.
 
 
-==== widenToAny2.ts (2 errors) ====
+==== widenToAny2.ts (1 errors) ====
     function foo3<T>(x: T[]): T {
         return undefined;
         ~~~~~~
@@ -12,6 +10,3 @@
 !!! error TS2322:   'T' could be instantiated with an arbitrary type which could be unrelated to 'undefined'.
     }
     var z3:number = foo3([undefined, "def"]);  // Type is any, but should be string
-        ~~
-!!! error TS2322: Type 'string | undefined' is not assignable to type 'number'.
-!!! error TS2322:   Type 'undefined' is not assignable to type 'number'.

</message>
<stacktrace>
  at org.junit.Assert.fail(Assert.java:89)
  at kotlin.test.junit.JUnitAsserter.fail(JUnitSupport.kt:56)
  at kotlin.test.AssertionsKt__AssertionsKt.fail(Assertions.kt:563)
  at kotlin.test.AssertionsKt.fail(Unknown Source)
  at com.xemantic.kotlin.test.SameAsKt.sameAs(SameAs.kt:52)
  at com.xemantic.typescript.compiler.TypeScriptTestSupportKt.errorsMatchBaseline(TypeScriptTestSupport.kt:135)
  at com.xemantic.typescript.compiler.TypeScriptCompilerTests_W.widenToAny2_ts has expected errors matching widenToAny2_errors_txt(TypeScriptCompilerTests_W.kt:70)
  at java.base/jdk.internal.reflect.DirectMethodHandleAccessor.invoke(DirectMethodHandleAccessor.java:104)
  at java.base/java.lang.reflect.Method.invoke(Method.java:565)
  at org.junit.runners.model.FrameworkMethod$1.runReflectiveCall(FrameworkMethod.java:59)
  at org.junit.internal.runners.model.ReflectiveCallable.run(ReflectiveCallable.java:12)
  at org.junit.runners.model.FrameworkMethod.invokeExplosively(FrameworkMethod.java:56)
  at org.junit.internal.runners.statements.InvokeMethod.evaluate(InvokeMethod.java:17)
  at org.junit.runners.ParentRunner$3.evaluate(ParentRunner.java:306)
  at org.junit.runners.BlockJUnit4ClassRunner$1.evaluate(BlockJUnit4ClassRunner.java:100)
  at org.junit.runners.ParentRunner.runLeaf(ParentRunner.java:366)
  at org.junit.runners.BlockJUnit4ClassRunner.runChild(BlockJUnit4ClassRunner.java:103)
  at org.junit.runners.BlockJUnit4ClassRunner.runChild(BlockJUnit4ClassRunner.java:63)
  at org.junit.runners.ParentRunner$4.run(ParentRunner.java:331)
  at org.junit.runners.ParentRunner$1.schedule(ParentRunner.java:79)
  at org.junit.runners.ParentRunner.runChildren(ParentRunner.java:329)
  at org.junit.runners.ParentRunner.access$100(ParentRunner.java:66)
  at org.junit.runners.ParentRunner$2.evaluate(ParentRunner.java:293)
  at org.junit.runners.ParentRunner$3.evaluate(ParentRunner.java:306)
  at org.junit.runners.ParentRunner.run(ParentRunner.java:413)
  at org.junit.runner.JUnitCore.run(JUnitCore.java:137)
  at org.junit.runner.JUnitCore.run(JUnitCore.java:115)
  at org.gradle.api.internal.tasks.testing.junit.JUnitTestExecutor.runRequest(JUnitTestExecutor.java:175)
  at org.gradle.api.internal.tasks.testing.junit.JUnitTestExecutor.accept(JUnitTestExecutor.java:84)
  at org.gradle.api.internal.tasks.testing.junit.JUnitTestExecutor.accept(JUnitTestExecutor.java:47)
  at org.gradle.api.internal.tasks.testing.junit.AbstractJUnitTestDefinitionProcessor.processTestDefinition(AbstractJUnitTestDefinitionProcessor.java:65)
  at org.gradle.api.internal.tasks.testing.SuiteTestDefinitionProcessor.processTestDefinition(SuiteTestDefinitionProcessor.java:54)
  at java.base/jdk.internal.reflect.DirectMethodHandleAccessor.invoke(DirectMethodHandleAccessor.java:104)
  at java.base/java.lang.reflect.Method.invoke(Method.java:565)
  at org.gradle.internal.dispatch.MethodInvocation.invokeOn(MethodInvocation.java:77)
  at org.gradle.internal.dispatch.ReflectionDispatch.dispatch(ReflectionDispatch.java:28)
  at org.gradle.internal.dispatch.ReflectionDispatch.dispatch(ReflectionDispatch.java:19)
  at org.gradle.internal.dispatch.ContextClassLoaderDispatch.dispatch(ContextClassLoaderDispatch.java:33)
  at org.gradle.internal.dispatch.ProxyDispatchAdapter$DispatchingInvocationHandler.invoke(ProxyDispatchAdapter.java:88)
  at jdk.proxy1/jdk.proxy1.$Proxy4.processTestDefinition(Unknown Source)
  at org.gradle.api.internal.tasks.testing.worker.TestWorker$2.run(TestWorker.java:178)
  at org.gradle.api.internal.tasks.testing.worker.TestWorker.executeAndMaintainThreadName(TestWorker.java:126)
  at org.gradle.api.internal.tasks.testing.worker.TestWorker.execute(TestWorker.java:103)
  at org.gradle.api.internal.tasks.testing.worker.TestWorker.execute(TestWorker.java:63)
  at org.gradle.process.internal.worker.child.ActionExecutionWorker.execute(ActionExecutionWorker.java:56)
  at org.gradle.process.internal.worker.child.SystemApplicationClassLoaderWorker.call(SystemApplicationClassLoaderWorker.java:122)
  at org.gradle.process.internal.worker.child.SystemApplicationClassLoaderWorker.call(SystemApplicationClassLoaderWorker.java:72)
  at worker.org.gradle.process.internal.worker.GradleWorkerMain.run(GradleWorkerMain.java:69)
  at worker.org.gradle.process.internal.worker.GradleWorkerMain.main(GradleWorkerMain.java:74)
</stacktrace>
</test-failure>


TypeScriptCompilerTests_W[jvm] > widenToAny2_ts has expected errors matching widenToAny2_errors_txt[jvm] FAILED

<test-failure test="com.xemantic.typescript.compiler.TypeScriptCompilerTests_W.wrappedRecursiveGenericType_ts has expected errors matching wrappedRecursiveGenericType_errors_txt" platform="jvm">
<message>
Expected diagnostics from baseline typescript-repo/tests/baselines/reference/wrappedRecursiveGenericType.errors.txt but none produced
</message>
<stacktrace>
  at com.xemantic.typescript.compiler.TypeScriptTestSupportKt.errorsMatchBaseline(TypeScriptTestSupport.kt:125)
  at com.xemantic.typescript.compiler.TypeScriptCompilerTests_W.wrappedRecursiveGenericType_ts has expected errors matching wrappedRecursiveGenericType_errors_txt(TypeScriptCompilerTests_W.kt:196)
  at java.base/jdk.internal.reflect.DirectMethodHandleAccessor.invoke(DirectMethodHandleAccessor.java:104)
  at java.base/java.lang.reflect.Method.invoke(Method.java:565)
  at org.junit.runners.model.FrameworkMethod$1.runReflectiveCall(FrameworkMethod.java:59)
  at org.junit.internal.runners.model.ReflectiveCallable.run(ReflectiveCallable.java:12)
  at org.junit.runners.model.FrameworkMethod.invokeExplosively(FrameworkMethod.java:56)
  at org.junit.internal.runners.statements.InvokeMethod.evaluate(InvokeMethod.java:17)
  at org.junit.runners.ParentRunner$3.evaluate(ParentRunner.java:306)
  at org.junit.runners.BlockJUnit4ClassRunner$1.evaluate(BlockJUnit4ClassRunner.java:100)
  at org.junit.runners.ParentRunner.runLeaf(ParentRunner.java:366)
  at org.junit.runners.BlockJUnit4ClassRunner.runChild(BlockJUnit4ClassRunner.java:103)
  at org.junit.runners.BlockJUnit4ClassRunner.runChild(BlockJUnit4ClassRunner.java:63)
  at org.junit.runners.ParentRunner$4.run(ParentRunner.java:331)
  at org.junit.runners.ParentRunner$1.schedule(ParentRunner.java:79)
  at org.junit.runners.ParentRunner.runChildren(ParentRunner.java:329)
  at org.junit.runners.ParentRunner.access$100(ParentRunner.java:66)
  at org.junit.runners.ParentRunner$2.evaluate(ParentRunner.java:293)
  at org.junit.runners.ParentRunner$3.evaluate(ParentRunner.java:306)
  at org.junit.runners.ParentRunner.run(ParentRunner.java:413)
  at org.junit.runner.JUnitCore.run(JUnitCore.java:137)
  at org.junit.runner.JUnitCore.run(JUnitCore.java:115)
  at org.gradle.api.internal.tasks.testing.junit.JUnitTestExecutor.runRequest(JUnitTestExecutor.java:175)
  at org.gradle.api.internal.tasks.testing.junit.JUnitTestExecutor.accept(JUnitTestExecutor.java:84)
  at org.gradle.api.internal.tasks.testing.junit.JUnitTestExecutor.accept(JUnitTestExecutor.java:47)
  at org.gradle.api.internal.tasks.testing.junit.AbstractJUnitTestDefinitionProcessor.processTestDefinition(AbstractJUnitTestDefinitionProcessor.java:65)
  at org.gradle.api.internal.tasks.testing.SuiteTestDefinitionProcessor.processTestDefinition(SuiteTestDefinitionProcessor.java:54)
  at java.base/jdk.internal.reflect.DirectMethodHandleAccessor.invoke(DirectMethodHandleAccessor.java:104)
  at java.base/java.lang.reflect.Method.invoke(Method.java:565)
  at org.gradle.internal.dispatch.MethodInvocation.invokeOn(MethodInvocation.java:77)
  at org.gradle.internal.dispatch.ReflectionDispatch.dispatch(ReflectionDispatch.java:28)
  at org.gradle.internal.dispatch.ReflectionDispatch.dispatch(ReflectionDispatch.java:19)
  at org.gradle.internal.dispatch.ContextClassLoaderDispatch.dispatch(ContextClassLoaderDispatch.java:33)
  at org.gradle.internal.dispatch.ProxyDispatchAdapter$DispatchingInvocationHandler.invoke(ProxyDispatchAdapter.java:88)
  at jdk.proxy1/jdk.proxy1.$Proxy4.processTestDefinition(Unknown Source)
  at org.gradle.api.internal.tasks.testing.worker.TestWorker$2.run(TestWorker.java:178)
  at org.gradle.api.internal.tasks.testing.worker.TestWorker.executeAndMaintainThreadName(TestWorker.java:126)
  at org.gradle.api.internal.tasks.testing.worker.TestWorker.execute(TestWorker.java:103)
  at org.gradle.api.internal.tasks.testing.worker.TestWorker.execute(TestWorker.java:63)
  at org.gradle.process.internal.worker.child.ActionExecutionWorker.execute(ActionExecutionWorker.java:56)
  at org.gradle.process.internal.worker.child.SystemApplicationClassLoaderWorker.call(SystemApplicationClassLoaderWorker.java:122)
  at org.gradle.process.internal.worker.child.SystemApplicationClassLoaderWorker.call(SystemApplicationClassLoaderWorker.java:72)
  at worker.org.gradle.process.internal.worker.GradleWorkerMain.run(GradleWorkerMain.java:69)
  at worker.org.gradle.process.internal.worker.GradleWorkerMain.main(GradleWorkerMain.java:74)
</stacktrace>
</test-failure>


TypeScriptCompilerTests_W[jvm] > wrappedRecursiveGenericType_ts has expected errors matching wrappedRecursiveGenericType_errors_txt[jvm] FAILED

<test-failure test="com.xemantic.typescript.compiler.TypeScriptCompilerTests_Y.yieldExpression1_ts has expected errors matching yieldExpression1_errors_txt" platform="jvm">
<message>
Expected diagnostics from baseline typescript-repo/tests/baselines/reference/yieldExpression1.errors.txt but none produced
</message>
<stacktrace>
  at com.xemantic.typescript.compiler.TypeScriptTestSupportKt.errorsMatchBaseline(TypeScriptTestSupport.kt:125)
  at com.xemantic.typescript.compiler.TypeScriptCompilerTests_Y.yieldExpression1_ts has expected errors matching yieldExpression1_errors_txt(TypeScriptCompilerTests_Y.kt:21)
  at java.base/jdk.internal.reflect.DirectMethodHandleAccessor.invoke(DirectMethodHandleAccessor.java:104)
  at java.base/java.lang.reflect.Method.invoke(Method.java:565)
  at org.junit.runners.model.FrameworkMethod$1.runReflectiveCall(FrameworkMethod.java:59)
  at org.junit.internal.runners.model.ReflectiveCallable.run(ReflectiveCallable.java:12)
  at org.junit.runners.model.FrameworkMethod.invokeExplosively(FrameworkMethod.java:56)
  at org.junit.internal.runners.statements.InvokeMethod.evaluate(InvokeMethod.java:17)
  at org.junit.runners.ParentRunner$3.evaluate(ParentRunner.java:306)
  at org.junit.runners.BlockJUnit4ClassRunner$1.evaluate(BlockJUnit4ClassRunner.java:100)
  at org.junit.runners.ParentRunner.runLeaf(ParentRunner.java:366)
  at org.junit.runners.BlockJUnit4ClassRunner.runChild(BlockJUnit4ClassRunner.java:103)
  at org.junit.runners.BlockJUnit4ClassRunner.runChild(BlockJUnit4ClassRunner.java:63)
  at org.junit.runners.ParentRunner$4.run(ParentRunner.java:331)
  at org.junit.runners.ParentRunner$1.schedule(ParentRunner.java:79)
  at org.junit.runners.ParentRunner.runChildren(ParentRunner.java:329)
  at org.junit.runners.ParentRunner.access$100(ParentRunner.java:66)
  at org.junit.runners.ParentRunner$2.evaluate(ParentRunner.java:293)
  at org.junit.runners.ParentRunner$3.evaluate(ParentRunner.java:306)
  at org.junit.runners.ParentRunner.run(ParentRunner.java:413)
  at org.junit.runner.JUnitCore.run(JUnitCore.java:137)
  at org.junit.runner.JUnitCore.run(JUnitCore.java:115)
  at org.gradle.api.internal.tasks.testing.junit.JUnitTestExecutor.runRequest(JUnitTestExecutor.java:175)
  at org.gradle.api.internal.tasks.testing.junit.JUnitTestExecutor.accept(JUnitTestExecutor.java:84)
  at org.gradle.api.internal.tasks.testing.junit.JUnitTestExecutor.accept(JUnitTestExecutor.java:47)
  at org.gradle.api.internal.tasks.testing.junit.AbstractJUnitTestDefinitionProcessor.processTestDefinition(AbstractJUnitTestDefinitionProcessor.java:65)
  at org.gradle.api.internal.tasks.testing.SuiteTestDefinitionProcessor.processTestDefinition(SuiteTestDefinitionProcessor.java:54)
  at java.base/jdk.internal.reflect.DirectMethodHandleAccessor.invoke(DirectMethodHandleAccessor.java:104)
  at java.base/java.lang.reflect.Method.invoke(Method.java:565)
  at org.gradle.internal.dispatch.MethodInvocation.invokeOn(MethodInvocation.java:77)
  at org.gradle.internal.dispatch.ReflectionDispatch.dispatch(ReflectionDispatch.java:28)
  at org.gradle.internal.dispatch.ReflectionDispatch.dispatch(ReflectionDispatch.java:19)
  at org.gradle.internal.dispatch.ContextClassLoaderDispatch.dispatch(ContextClassLoaderDispatch.java:33)
  at org.gradle.internal.dispatch.ProxyDispatchAdapter$DispatchingInvocationHandler.invoke(ProxyDispatchAdapter.java:88)
  at jdk.proxy1/jdk.proxy1.$Proxy4.processTestDefinition(Unknown Source)
  at org.gradle.api.internal.tasks.testing.worker.TestWorker$2.run(TestWorker.java:178)
  at org.gradle.api.internal.tasks.testing.worker.TestWorker.executeAndMaintainThreadName(TestWorker.java:126)
  at org.gradle.api.internal.tasks.testing.worker.TestWorker.execute(TestWorker.java:103)
  at org.gradle.api.internal.tasks.testing.worker.TestWorker.execute(TestWorker.java:63)
  at org.gradle.process.internal.worker.child.ActionExecutionWorker.execute(ActionExecutionWorker.java:56)
  at org.gradle.process.internal.worker.child.SystemApplicationClassLoaderWorker.call(SystemApplicationClassLoaderWorker.java:122)
  at org.gradle.process.internal.worker.child.SystemApplicationClassLoaderWorker.call(SystemApplicationClassLoaderWorker.java:72)
  at worker.org.gradle.process.internal.worker.GradleWorkerMain.run(GradleWorkerMain.java:69)
  at worker.org.gradle.process.internal.worker.GradleWorkerMain.main(GradleWorkerMain.java:74)
</stacktrace>
</test-failure>


TypeScriptCompilerTests_Y[jvm] > yieldExpression1_ts has expected errors matching yieldExpression1_errors_txt[jvm] FAILED

<test-failure test="com.xemantic.typescript.compiler.TypeScriptCompilerTests_Y.yieldStringLiteral_ts has expected errors matching yieldStringLiteral_errors_txt" platform="jvm">
<message>
Expected diagnostics from baseline typescript-repo/tests/baselines/reference/yieldStringLiteral.errors.txt but none produced
</message>
<stacktrace>
  at com.xemantic.typescript.compiler.TypeScriptTestSupportKt.errorsMatchBaseline(TypeScriptTestSupport.kt:125)
  at com.xemantic.typescript.compiler.TypeScriptCompilerTests_Y.yieldStringLiteral_ts has expected errors matching yieldStringLiteral_errors_txt(TypeScriptCompilerTests_Y.kt:70)
  at java.base/jdk.internal.reflect.DirectMethodHandleAccessor.invoke(DirectMethodHandleAccessor.java:104)
  at java.base/java.lang.reflect.Method.invoke(Method.java:565)
  at org.junit.runners.model.FrameworkMethod$1.runReflectiveCall(FrameworkMethod.java:59)
  at org.junit.internal.runners.model.ReflectiveCallable.run(ReflectiveCallable.java:12)
  at org.junit.runners.model.FrameworkMethod.invokeExplosively(FrameworkMethod.java:56)
  at org.junit.internal.runners.statements.InvokeMethod.evaluate(InvokeMethod.java:17)
  at org.junit.runners.ParentRunner$3.evaluate(ParentRunner.java:306)
  at org.junit.runners.BlockJUnit4ClassRunner$1.evaluate(BlockJUnit4ClassRunner.java:100)
  at org.junit.runners.ParentRunner.runLeaf(ParentRunner.java:366)
  at org.junit.runners.BlockJUnit4ClassRunner.runChild(BlockJUnit4ClassRunner.java:103)
  at org.junit.runners.BlockJUnit4ClassRunner.runChild(BlockJUnit4ClassRunner.java:63)
  at org.junit.runners.ParentRunner$4.run(ParentRunner.java:331)
  at org.junit.runners.ParentRunner$1.schedule(ParentRunner.java:79)
  at org.junit.runners.ParentRunner.runChildren(ParentRunner.java:329)
  at org.junit.runners.ParentRunner.access$100(ParentRunner.java:66)
  at org.junit.runners.ParentRunner$2.evaluate(ParentRunner.java:293)
  at org.junit.runners.ParentRunner$3.evaluate(ParentRunner.java:306)
  at org.junit.runners.ParentRunner.run(ParentRunner.java:413)
  at org.junit.runner.JUnitCore.run(JUnitCore.java:137)
  at org.junit.runner.JUnitCore.run(JUnitCore.java:115)
  at org.gradle.api.internal.tasks.testing.junit.JUnitTestExecutor.runRequest(JUnitTestExecutor.java:175)
  at org.gradle.api.internal.tasks.testing.junit.JUnitTestExecutor.accept(JUnitTestExecutor.java:84)
  at org.gradle.api.internal.tasks.testing.junit.JUnitTestExecutor.accept(JUnitTestExecutor.java:47)
  at org.gradle.api.internal.tasks.testing.junit.AbstractJUnitTestDefinitionProcessor.processTestDefinition(AbstractJUnitTestDefinitionProcessor.java:65)
  at org.gradle.api.internal.tasks.testing.SuiteTestDefinitionProcessor.processTestDefinition(SuiteTestDefinitionProcessor.java:54)
  at java.base/jdk.internal.reflect.DirectMethodHandleAccessor.invoke(DirectMethodHandleAccessor.java:104)
  at java.base/java.lang.reflect.Method.invoke(Method.java:565)
  at org.gradle.internal.dispatch.MethodInvocation.invokeOn(MethodInvocation.java:77)
  at org.gradle.internal.dispatch.ReflectionDispatch.dispatch(ReflectionDispatch.java:28)
  at org.gradle.internal.dispatch.ReflectionDispatch.dispatch(ReflectionDispatch.java:19)
  at org.gradle.internal.dispatch.ContextClassLoaderDispatch.dispatch(ContextClassLoaderDispatch.java:33)
  at org.gradle.internal.dispatch.ProxyDispatchAdapter$DispatchingInvocationHandler.invoke(ProxyDispatchAdapter.java:88)
  at jdk.proxy1/jdk.proxy1.$Proxy4.processTestDefinition(Unknown Source)
  at org.gradle.api.internal.tasks.testing.worker.TestWorker$2.run(TestWorker.java:178)
  at org.gradle.api.internal.tasks.testing.worker.TestWorker.executeAndMaintainThreadName(TestWorker.java:126)
  at org.gradle.api.internal.tasks.testing.worker.TestWorker.execute(TestWorker.java:103)
  at org.gradle.api.internal.tasks.testing.worker.TestWorker.execute(TestWorker.java:63)
  at org.gradle.process.internal.worker.child.ActionExecutionWorker.execute(ActionExecutionWorker.java:56)
  at org.gradle.process.internal.worker.child.SystemApplicationClassLoaderWorker.call(SystemApplicationClassLoaderWorker.java:122)
  at org.gradle.process.internal.worker.child.SystemApplicationClassLoaderWorker.call(SystemApplicationClassLoaderWorker.java:72)
  at worker.org.gradle.process.internal.worker.GradleWorkerMain.run(GradleWorkerMain.java:69)
  at worker.org.gradle.process.internal.worker.GradleWorkerMain.main(GradleWorkerMain.java:74)
</stacktrace>
</test-failure>


TypeScriptCompilerTests_Y[jvm] > yieldStringLiteral_ts has expected errors matching yieldStringLiteral_errors_txt[jvm] FAILED

<test-failure test="com.xemantic.typescript.compiler.TypeScriptCompilerTests_Y.yieldExpressionInFlowLoop_ts has expected errors matching yieldExpressionInFlowLoop_errors_txt" platform="jvm">
<message>
Expected diagnostics from baseline typescript-repo/tests/baselines/reference/yieldExpressionInFlowLoop.errors.txt but none produced
</message>
<stacktrace>
  at com.xemantic.typescript.compiler.TypeScriptTestSupportKt.errorsMatchBaseline(TypeScriptTestSupport.kt:125)
  at com.xemantic.typescript.compiler.TypeScriptCompilerTests_Y.yieldExpressionInFlowLoop_ts has expected errors matching yieldExpressionInFlowLoop_errors_txt(TypeScriptCompilerTests_Y.kt:35)
  at java.base/jdk.internal.reflect.DirectMethodHandleAccessor.invoke(DirectMethodHandleAccessor.java:104)
  at java.base/java.lang.reflect.Method.invoke(Method.java:565)
  at org.junit.runners.model.FrameworkMethod$1.runReflectiveCall(FrameworkMethod.java:59)
  at org.junit.internal.runners.model.ReflectiveCallable.run(ReflectiveCallable.java:12)
  at org.junit.runners.model.FrameworkMethod.invokeExplosively(FrameworkMethod.java:56)
  at org.junit.internal.runners.statements.InvokeMethod.evaluate(InvokeMethod.java:17)
  at org.junit.runners.ParentRunner$3.evaluate(ParentRunner.java:306)
  at org.junit.runners.BlockJUnit4ClassRunner$1.evaluate(BlockJUnit4ClassRunner.java:100)
  at org.junit.runners.ParentRunner.runLeaf(ParentRunner.java:366)
  at org.junit.runners.BlockJUnit4ClassRunner.runChild(BlockJUnit4ClassRunner.java:103)
  at org.junit.runners.BlockJUnit4ClassRunner.runChild(BlockJUnit4ClassRunner.java:63)
  at org.junit.runners.ParentRunner$4.run(ParentRunner.java:331)
  at org.junit.runners.ParentRunner$1.schedule(ParentRunner.java:79)
  at org.junit.runners.ParentRunner.runChildren(ParentRunner.java:329)
  at org.junit.runners.ParentRunner.access$100(ParentRunner.java:66)
  at org.junit.runners.ParentRunner$2.evaluate(ParentRunner.java:293)
  at org.junit.runners.ParentRunner$3.evaluate(ParentRunner.java:306)
  at org.junit.runners.ParentRunner.run(ParentRunner.java:413)
  at org.junit.runner.JUnitCore.run(JUnitCore.java:137)
  at org.junit.runner.JUnitCore.run(JUnitCore.java:115)
  at org.gradle.api.internal.tasks.testing.junit.JUnitTestExecutor.runRequest(JUnitTestExecutor.java:175)
  at org.gradle.api.internal.tasks.testing.junit.JUnitTestExecutor.accept(JUnitTestExecutor.java:84)
  at org.gradle.api.internal.tasks.testing.junit.JUnitTestExecutor.accept(JUnitTestExecutor.java:47)
  at org.gradle.api.internal.tasks.testing.junit.AbstractJUnitTestDefinitionProcessor.processTestDefinition(AbstractJUnitTestDefinitionProcessor.java:65)
  at org.gradle.api.internal.tasks.testing.SuiteTestDefinitionProcessor.processTestDefinition(SuiteTestDefinitionProcessor.java:54)
  at java.base/jdk.internal.reflect.DirectMethodHandleAccessor.invoke(DirectMethodHandleAccessor.java:104)
  at java.base/java.lang.reflect.Method.invoke(Method.java:565)
  at org.gradle.internal.dispatch.MethodInvocation.invokeOn(MethodInvocation.java:77)
  at org.gradle.internal.dispatch.ReflectionDispatch.dispatch(ReflectionDispatch.java:28)
  at org.gradle.internal.dispatch.ReflectionDispatch.dispatch(ReflectionDispatch.java:19)
  at org.gradle.internal.dispatch.ContextClassLoaderDispatch.dispatch(ContextClassLoaderDispatch.java:33)
  at org.gradle.internal.dispatch.ProxyDispatchAdapter$DispatchingInvocationHandler.invoke(ProxyDispatchAdapter.java:88)
  at jdk.proxy1/jdk.proxy1.$Proxy4.processTestDefinition(Unknown Source)
  at org.gradle.api.internal.tasks.testing.worker.TestWorker$2.run(TestWorker.java:178)
  at org.gradle.api.internal.tasks.testing.worker.TestWorker.executeAndMaintainThreadName(TestWorker.java:126)
  at org.gradle.api.internal.tasks.testing.worker.TestWorker.execute(TestWorker.java:103)
  at org.gradle.api.internal.tasks.testing.worker.TestWorker.execute(TestWorker.java:63)
  at org.gradle.process.internal.worker.child.ActionExecutionWorker.execute(ActionExecutionWorker.java:56)
  at org.gradle.process.internal.worker.child.SystemApplicationClassLoaderWorker.call(SystemApplicationClassLoaderWorker.java:122)
  at org.gradle.process.internal.worker.child.SystemApplicationClassLoaderWorker.call(SystemApplicationClassLoaderWorker.java:72)
  at worker.org.gradle.process.internal.worker.GradleWorkerMain.run(GradleWorkerMain.java:69)
  at worker.org.gradle.process.internal.worker.GradleWorkerMain.main(GradleWorkerMain.java:74)
</stacktrace>
</test-failure>


TypeScriptCompilerTests_Y[jvm] > yieldExpressionInFlowLoop_ts has expected errors matching yieldExpressionInFlowLoop_errors_txt[jvm] FAILED

10077 tests completed, 2374 failed, 3 skipped

> Task :jvmTest FAILED

[Incubating] Problems report is available at: file:///home/claude/git/xemantic-typescript-compiler/build/reports/problems/problems-report.html

FAILURE: Build failed with an exception.

* What went wrong:
Execution failed for task ':jvmTest'.
> java.nio.file.NoSuchFileException: /home/claude/git/xemantic-typescript-compiler/build/test-results/jvmTest/binary/in-progress-results-generic17986501229263486564.bin

* Try:
> Run with --stacktrace option to get the stack trace.
> Run with --info or --debug option to get more log output.
> Run with --scan to get full insights from a Build Scan (powered by Develocity).
> Get more help at https://help.gradle.org.

Deprecated Gradle features were used in this build, making it incompatible with Gradle 10.

You can use '--warning-mode all' to show the individual deprecation warnings and determine if they come from your own scripts or plugins.

For more on this, please refer to https://docs.gradle.org/9.3.1/userguide/command_line_interface.html#sec:command_line_warnings in the Gradle documentation.

BUILD FAILED in 23s
7 actionable tasks: 2 executed, 5 up-to-date
